<?xml version="1.0" encoding="UTF-8"?>
<!DOCTYPE html PUBLIC "-//W3C//DTD XHTML 1.0 Strict//EN"
     "http://www.w3.org/TR/xhtml1/DTD/xhtml1-strict.dtd">
<html xmlns="http://www.w3.org/1999/xhtml">
<head>
    <title>Unit Test Report</title>
    <meta name="generator" content="subunit2html 0.1"/>
    <meta http-equiv="Content-Type" content="text/html; charset=UTF-8"/>
    
<style type="text/css" media="screen">
body        { font-family: verdana, arial, helvetica, sans-serif;
    font-size: 80%; }
table       { font-size: 100%; width: 100%;}
pre         { font-size: 80%; }

/* -- heading -------------------------------------------------------------- */
h1 {
        font-size: 16pt;
        color: gray;
}
.heading {
    margin-top: 0ex;
    margin-bottom: 1ex;
}

.heading .attribute {
    margin-top: 1ex;
    margin-bottom: 0;
}

.heading .description {
    margin-top: 4ex;
    margin-bottom: 6ex;
}

/* -- css div popup -------------------------------------------------------- */
a.popup_link {
}

a.popup_link:hover {
    color: red;
}

.popup_window {
    display: none;
    overflow-x: scroll;
    /*border: solid #627173 1px; */
    padding: 10px;
    background-color: #E6E6D6;
    font-family: "Ubuntu Mono", "Lucida Console", "Courier New", monospace;
    text-align: left;
    font-size: 8pt;
}

}
/* -- report --------------------------------------------------------------- */
#show_detail_line {
    margin-top: 3ex;
    margin-bottom: 1ex;
}
#result_table {
    width: 100%;
    border-collapse: collapse;
    border: 1px solid #777;
}
#header_row {
    font-weight: bold;
    color: white;
    background-color: #777;
}
#result_table td {
    border: 1px solid #777;
    padding: 2px;
}
#total_row  { font-weight: bold; }
.passClass  { background-color: #6c6; }
.failClass  { background-color: #c60; }
.errorClass { background-color: #c00; }
.passCase   { color: #6c6; }
.failCase   { color: #c60; font-weight: bold; }
.errorCase  { color: #c00; font-weight: bold; }
.hiddenRow  { display: none; }
.testcase   { margin-left: 2em; }
td.testname {width: 40%}
td.small {width: 40px}

/* -- ending --------------------------------------------------------------- */
#ending {
}

</style>

</head>
<body>
<script language="javascript" type="text/javascript"><!--
output_list = Array();

/* level - 0:Summary; 1:Failed; 2:All */
function showCase(level) {
    trs = document.getElementsByTagName("tr");
    for (var i = 0; i < trs.length; i++) {
        tr = trs[i];
        id = tr.id;
        if (id.substr(0,2) == 'ft') {
            if (level < 1) {
                tr.className = 'hiddenRow';
            }
            else {
                tr.className = '';
            }
        }
        if (id.substr(0,2) == 'pt') {
            if (level > 1) {
                tr.className = '';
            }
            else {
                tr.className = 'hiddenRow';
            }
        }
    }
}


function showClassDetail(cid, count) {
    var id_list = Array(count);
    var toHide = 1;
    for (var i = 0; i < count; i++) {
        tid0 = 't' + cid.substr(1) + '.' + (i+1);
        tid = 'f' + tid0;
        tr = document.getElementById(tid);
        if (!tr) {
            tid = 'p' + tid0;
            tr = document.getElementById(tid);
        }
        id_list[i] = tid;
        if (tr.className) {
            toHide = 0;
        }
    }
    for (var i = 0; i < count; i++) {
        tid = id_list[i];
        if (toHide) {
            document.getElementById('div_'+tid).style.display = 'none'
            document.getElementById(tid).className = 'hiddenRow';
        }
        else {
            document.getElementById(tid).className = '';
        }
    }
}


function showTestDetail(div_id){
    var details_div = document.getElementById(div_id)
    var displayState = details_div.style.display
    // alert(displayState)
    if (displayState != 'block' ) {
        displayState = 'block'
        details_div.style.display = 'block'
    }
    else {
        details_div.style.display = 'none'
    }
}


function html_escape(s) {
    s = s.replace(/&/g,'&amp;');
    s = s.replace(/</g,'&lt;');
    s = s.replace(/>/g,'&gt;');
    return s;
}

/* obsoleted by detail in <div>
function showOutput(id, name) {
    var w = window.open("", //url
                    name,
                    "resizable,scrollbars,status,width=800,height=450");
    d = w.document;
    d.write("<pre>");
    d.write(html_escape(output_list[id]));
    d.write("\n");
    d.write("<a href='javascript:window.close()'>close</a>\n");
    d.write("</pre>\n");
    d.close();
}
*/
--></script>

<div class='heading'>
<h1>Unit Test Report</h1>

<p class='attribute'><strong>Status:</strong> Pass 1 Failure 7 Skip 1</p>

<p class='description'></p>
</div>



<p id='show_detail_line'>Show
<a href='javascript:showCase(0)'>Summary</a>
<a href='javascript:showCase(1)'>Failed</a>
<a href='javascript:showCase(2)'>All</a>
</p>
<table id='result_table'>
<colgroup>
<col align='left' />
<col align='right' />
<col align='right' />
<col align='right' />
<col align='right' />
<col align='right' />
<col align='right' />
<col align='right' />
</colgroup>
<tr id='header_row'>
    <td>Test Group/Test case</td>
    <td>Count</td>
    <td>Pass</td>
    <td>Fail</td>
    <td>Error</td>
    <td>Skip</td>
    <td>View</td>
    <td> </td>
</tr>

<tr class='failClass'>
    <td class="testname">tempest.scenario.test_network_basic_ops.TestNetworkBasicOps</td>
    <td class="small">9</td>
    <td class="small">1</td>
    <td class="small">7</td>
    <td class="small">0</td>
    <td class="small">1</td>
    <td class="small"><a href="javascript:showClassDetail('c1',9)"
>Detail</a></td>
    <td> </td>
</tr>

<tr id='ft1.1' class='none'>
    <td class='failCase'><div class='testcase'>test_connectivity_between_vms_on_different_networks[compute,id-1546850e-fbaa-42f5-8b5f-03d8a6a95f15,network]</div></td>
    <td colspan='7' align='left'>

    <!--css div popup start-->
    <a class="popup_link" onfocus='this.blur();'
    href="javascript:showTestDetail('div_ft1.1')" >
        fail</a>

    <div id='div_ft1.1' class="popup_window">
        <div style='text-align: right; color:red;cursor:pointer'>
        <a onfocus='this.blur();'
onclick="document.getElementById('div_ft1.1').style.display = 'none' " >
           [x]</a>
        </div>
        <pre>
        
ft1.1: tempest.scenario.test_network_basic_ops.TestNetworkBasicOps.test_connectivity_between_vms_on_different_networks[compute,id-1546850e-fbaa-42f5-8b5f-03d8a6a95f15,network]_StringException: Empty attachments:
  stderr
  stdout

pythonlogging:'': {{{
2015-12-06 06:52:59,742 20694 INFO     [tempest_lib.common.rest_client] Request (TestNetworkBasicOps:test_connectivity_between_vms_on_different_networks): 201 POST http://10.0.2.15:9696/v2.0/security-groups 0.350s
2015-12-06 06:52:59,742 20694 DEBUG    [tempest_lib.common.rest_client] Request - Headers: {'Content-Type': 'application/json', 'Accept': 'application/json', 'X-Auth-Token': '&lt;omitted&gt;'}
        Body: {"security_group": {"tenant_id": "726fa80b61c34cca857042604d9d4e82", "description": "tempest-secgroup-smoke-270652684 description", "name": "tempest-secgroup-smoke-270652684"}}
    Response - Headers: {'status': '201', 'content-length': '886', 'connection': 'close', 'date': 'Sun, 06 Dec 2015 06:52:59 GMT', 'content-type': 'application/json; charset=UTF-8', 'x-openstack-request-id': 'req-4123cfeb-b10c-4309-a6b3-10bb66ce8ad3'}
        Body: {"security_group": {"tenant_id": "726fa80b61c34cca857042604d9d4e82", "description": "tempest-secgroup-smoke-270652684 description", "id": "33c9d37e-da4e-4c69-b4dc-d121699f287f", "security_group_rules": [{"remote_group_id": null, "direction": "egress", "remote_ip_prefix": null, "protocol": null, "ethertype": "IPv4", "tenant_id": "726fa80b61c34cca857042604d9d4e82", "port_range_max": null, "port_range_min": null, "id": "62d98612-705f-4bb0-8b47-41504a58af3e", "security_group_id": "33c9d37e-da4e-4c69-b4dc-d121699f287f"}, {"remote_group_id": null, "direction": "egress", "remote_ip_prefix": null, "protocol": null, "ethertype": "IPv6", "tenant_id": "726fa80b61c34cca857042604d9d4e82", "port_range_max": null, "port_range_min": null, "id": "fd882171-19a7-46d2-8b2f-dd376570d89e", "security_group_id": "33c9d37e-da4e-4c69-b4dc-d121699f287f"}], "name": "tempest-secgroup-smoke-270652684"}}
2015-12-06 06:52:59,874 20694 INFO     [tempest_lib.common.rest_client] Request (TestNetworkBasicOps:test_connectivity_between_vms_on_different_networks): 201 POST http://10.0.2.15:9696/v2.0/security-group-rules 0.130s
2015-12-06 06:52:59,874 20694 DEBUG    [tempest_lib.common.rest_client] Request - Headers: {'Content-Type': 'application/json', 'Accept': 'application/json', 'X-Auth-Token': '&lt;omitted&gt;'}
        Body: {"security_group_rule": {"direction": "ingress", "protocol": "tcp", "tenant_id": "726fa80b61c34cca857042604d9d4e82", "port_range_max": 22, "security_group_id": "33c9d37e-da4e-4c69-b4dc-d121699f287f", "port_range_min": 22}}
    Response - Headers: {'status': '201', 'content-length': '340', 'connection': 'close', 'date': 'Sun, 06 Dec 2015 06:52:59 GMT', 'content-type': 'application/json; charset=UTF-8', 'x-openstack-request-id': 'req-0c0d6daa-765a-45c3-aeae-14e9d06cec28'}
        Body: {"security_group_rule": {"remote_group_id": null, "direction": "ingress", "remote_ip_prefix": null, "protocol": "tcp", "ethertype": "IPv4", "tenant_id": "726fa80b61c34cca857042604d9d4e82", "port_range_max": 22, "port_range_min": 22, "id": "52c29d41-bc8c-44a8-b429-93618181fe19", "security_group_id": "33c9d37e-da4e-4c69-b4dc-d121699f287f"}}
2015-12-06 06:52:59,991 20694 INFO     [tempest_lib.common.rest_client] Request (TestNetworkBasicOps:test_connectivity_between_vms_on_different_networks): 201 POST http://10.0.2.15:9696/v2.0/security-group-rules 0.115s
2015-12-06 06:52:59,991 20694 DEBUG    [tempest_lib.common.rest_client] Request - Headers: {'Content-Type': 'application/json', 'Accept': 'application/json', 'X-Auth-Token': '&lt;omitted&gt;'}
        Body: {"security_group_rule": {"direction": "egress", "protocol": "tcp", "tenant_id": "726fa80b61c34cca857042604d9d4e82", "port_range_max": 22, "security_group_id": "33c9d37e-da4e-4c69-b4dc-d121699f287f", "port_range_min": 22}}
    Response - Headers: {'status': '201', 'content-length': '339', 'connection': 'close', 'date': 'Sun, 06 Dec 2015 06:52:59 GMT', 'content-type': 'application/json; charset=UTF-8', 'x-openstack-request-id': 'req-922784d2-4bec-4e6a-9d75-ac9ca806a0d0'}
        Body: {"security_group_rule": {"remote_group_id": null, "direction": "egress", "remote_ip_prefix": null, "protocol": "tcp", "ethertype": "IPv4", "tenant_id": "726fa80b61c34cca857042604d9d4e82", "port_range_max": 22, "port_range_min": 22, "id": "ef7c37ff-28d1-439e-8357-53bc371959ae", "security_group_id": "33c9d37e-da4e-4c69-b4dc-d121699f287f"}}
2015-12-06 06:53:00,120 20694 INFO     [tempest_lib.common.rest_client] Request (TestNetworkBasicOps:test_connectivity_between_vms_on_different_networks): 201 POST http://10.0.2.15:9696/v2.0/security-group-rules 0.127s
2015-12-06 06:53:00,121 20694 DEBUG    [tempest_lib.common.rest_client] Request - Headers: {'Content-Type': 'application/json', 'Accept': 'application/json', 'X-Auth-Token': '&lt;omitted&gt;'}
        Body: {"security_group_rule": {"tenant_id": "726fa80b61c34cca857042604d9d4e82", "direction": "ingress", "protocol": "icmp", "security_group_id": "33c9d37e-da4e-4c69-b4dc-d121699f287f"}}
    Response - Headers: {'status': '201', 'content-length': '345', 'connection': 'close', 'date': 'Sun, 06 Dec 2015 06:53:00 GMT', 'content-type': 'application/json; charset=UTF-8', 'x-openstack-request-id': 'req-7db6690f-b396-40cf-a349-c535617c093c'}
        Body: {"security_group_rule": {"remote_group_id": null, "direction": "ingress", "remote_ip_prefix": null, "protocol": "icmp", "ethertype": "IPv4", "tenant_id": "726fa80b61c34cca857042604d9d4e82", "port_range_max": null, "port_range_min": null, "id": "efd285dd-e38f-47c4-8fff-735551966758", "security_group_id": "33c9d37e-da4e-4c69-b4dc-d121699f287f"}}
2015-12-06 06:53:00,260 20694 INFO     [tempest_lib.common.rest_client] Request (TestNetworkBasicOps:test_connectivity_between_vms_on_different_networks): 201 POST http://10.0.2.15:9696/v2.0/security-group-rules 0.138s
2015-12-06 06:53:00,261 20694 DEBUG    [tempest_lib.common.rest_client] Request - Headers: {'Content-Type': 'application/json', 'Accept': 'application/json', 'X-Auth-Token': '&lt;omitted&gt;'}
        Body: {"security_group_rule": {"tenant_id": "726fa80b61c34cca857042604d9d4e82", "direction": "egress", "protocol": "icmp", "security_group_id": "33c9d37e-da4e-4c69-b4dc-d121699f287f"}}
    Response - Headers: {'status': '201', 'content-length': '344', 'connection': 'close', 'date': 'Sun, 06 Dec 2015 06:53:00 GMT', 'content-type': 'application/json; charset=UTF-8', 'x-openstack-request-id': 'req-d4e0d845-0f04-438f-8a2c-f4343502bc41'}
        Body: {"security_group_rule": {"remote_group_id": null, "direction": "egress", "remote_ip_prefix": null, "protocol": "icmp", "ethertype": "IPv4", "tenant_id": "726fa80b61c34cca857042604d9d4e82", "port_range_max": null, "port_range_min": null, "id": "e85680cd-2930-4b7a-adb3-81f54a2c2fe1", "security_group_id": "33c9d37e-da4e-4c69-b4dc-d121699f287f"}}
2015-12-06 06:53:00,518 20694 INFO     [tempest_lib.common.rest_client] Request (TestNetworkBasicOps:test_connectivity_between_vms_on_different_networks): 201 POST http://10.0.2.15:9696/v2.0/security-group-rules 0.256s
2015-12-06 06:53:00,519 20694 DEBUG    [tempest_lib.common.rest_client] Request - Headers: {'Content-Type': 'application/json', 'Accept': 'application/json', 'X-Auth-Token': '&lt;omitted&gt;'}
        Body: {"security_group_rule": {"tenant_id": "726fa80b61c34cca857042604d9d4e82", "direction": "ingress", "security_group_id": "33c9d37e-da4e-4c69-b4dc-d121699f287f", "protocol": "icmp", "ethertype": "IPv6"}}
    Response - Headers: {'status': '201', 'content-length': '345', 'connection': 'close', 'date': 'Sun, 06 Dec 2015 06:53:00 GMT', 'content-type': 'application/json; charset=UTF-8', 'x-openstack-request-id': 'req-29257d21-204d-4a73-9606-a9033bffe7da'}
        Body: {"security_group_rule": {"remote_group_id": null, "direction": "ingress", "remote_ip_prefix": null, "protocol": "icmp", "ethertype": "IPv6", "tenant_id": "726fa80b61c34cca857042604d9d4e82", "port_range_max": null, "port_range_min": null, "id": "57b7ea46-ff5f-472c-a603-75b67ae53a7e", "security_group_id": "33c9d37e-da4e-4c69-b4dc-d121699f287f"}}
2015-12-06 06:53:00,649 20694 INFO     [tempest_lib.common.rest_client] Request (TestNetworkBasicOps:test_connectivity_between_vms_on_different_networks): 201 POST http://10.0.2.15:9696/v2.0/security-group-rules 0.128s
2015-12-06 06:53:00,650 20694 DEBUG    [tempest_lib.common.rest_client] Request - Headers: {'Content-Type': 'application/json', 'Accept': 'application/json', 'X-Auth-Token': '&lt;omitted&gt;'}
        Body: {"security_group_rule": {"tenant_id": "726fa80b61c34cca857042604d9d4e82", "direction": "egress", "security_group_id": "33c9d37e-da4e-4c69-b4dc-d121699f287f", "protocol": "icmp", "ethertype": "IPv6"}}
    Response - Headers: {'status': '201', 'content-length': '344', 'connection': 'close', 'date': 'Sun, 06 Dec 2015 06:53:00 GMT', 'content-type': 'application/json; charset=UTF-8', 'x-openstack-request-id': 'req-83a3a665-67eb-4460-9308-7cc7798dc310'}
        Body: {"security_group_rule": {"remote_group_id": null, "direction": "egress", "remote_ip_prefix": null, "protocol": "icmp", "ethertype": "IPv6", "tenant_id": "726fa80b61c34cca857042604d9d4e82", "port_range_max": null, "port_range_min": null, "id": "59916663-9296-4bb0-8e73-e508fb16ba0b", "security_group_id": "33c9d37e-da4e-4c69-b4dc-d121699f287f"}}
2015-12-06 06:53:00,846 20694 INFO     [tempest_lib.common.rest_client] Request (TestNetworkBasicOps:test_connectivity_between_vms_on_different_networks): 201 POST http://10.0.2.15:9696/v2.0/networks 0.194s
2015-12-06 06:53:00,847 20694 DEBUG    [tempest_lib.common.rest_client] Request - Headers: {'Content-Type': 'application/json', 'Accept': 'application/json', 'X-Auth-Token': '&lt;omitted&gt;'}
        Body: {"network": {"tenant_id": "726fa80b61c34cca857042604d9d4e82", "name": "tempest-network-smoke--1471510546"}}
    Response - Headers: {'status': '201', 'content-length': '329', 'connection': 'close', 'date': 'Sun, 06 Dec 2015 06:53:00 GMT', 'content-type': 'application/json; charset=UTF-8', 'x-openstack-request-id': 'req-0b7f53bb-8b7c-4f35-a7c0-b3e60408da2d'}
        Body: {"network": {"status": "ACTIVE", "subnets": [], "availability_zone_hints": "[]", "name": "tempest-network-smoke--1471510546", "admin_state_up": true, "tenant_id": "726fa80b61c34cca857042604d9d4e82", "mtu": 0, "router:external": false, "shared": false, "port_security_enabled": true, "id": "b09e0c6f-ee2f-46f2-8596-1e9e2965d046"}}
2015-12-06 06:53:00,926 20694 INFO     [tempest_lib.common.rest_client] Request (TestNetworkBasicOps:test_connectivity_between_vms_on_different_networks): 201 POST http://10.0.2.15:9696/v2.0/routers 0.078s
2015-12-06 06:53:00,927 20694 DEBUG    [tempest_lib.common.rest_client] Request - Headers: {'Content-Type': 'application/json', 'Accept': 'application/json', 'X-Auth-Token': '&lt;omitted&gt;'}
        Body: {"router": {"tenant_id": "726fa80b61c34cca857042604d9d4e82", "name": "tempest-router-smoke-733466035", "admin_state_up": true}}
    Response - Headers: {'status': '201', 'content-length': '295', 'connection': 'close', 'date': 'Sun, 06 Dec 2015 06:53:00 GMT', 'content-type': 'application/json; charset=UTF-8', 'x-openstack-request-id': 'req-be83c19e-0195-4a42-9299-5bb3a2028005'}
        Body: {"router": {"status": "ACTIVE", "external_gateway_info": null, "availability_zone_hints": [], "availability_zones": [], "name": "tempest-router-smoke-733466035", "admin_state_up": true, "tenant_id": "726fa80b61c34cca857042604d9d4e82", "routes": [], "id": "06009c5e-9463-4bc7-9bed-68053f2ba22e"}}
2015-12-06 06:53:01,064 20694 INFO     [tempest_lib.common.rest_client] Request (TestNetworkBasicOps:test_connectivity_between_vms_on_different_networks): 200 GET http://10.0.2.15:9696/v2.0/routers/06009c5e-9463-4bc7-9bed-68053f2ba22e 0.137s
2015-12-06 06:53:01,065 20694 DEBUG    [tempest_lib.common.rest_client] Request - Headers: {'Content-Type': 'application/json', 'Accept': 'application/json', 'X-Auth-Token': '&lt;omitted&gt;'}
        Body: None
    Response - Headers: {'status': '200', 'content-length': '295', 'content-location': 'http://10.0.2.15:9696/v2.0/routers/06009c5e-9463-4bc7-9bed-68053f2ba22e', 'connection': 'close', 'date': 'Sun, 06 Dec 2015 06:53:01 GMT', 'content-type': 'application/json; charset=UTF-8', 'x-openstack-request-id': 'req-1b6d7e91-f2a9-42fd-ae22-4bdfd36bc9bf'}
        Body: {"router": {"status": "ACTIVE", "external_gateway_info": null, "availability_zone_hints": [], "availability_zones": [], "name": "tempest-router-smoke-733466035", "admin_state_up": true, "tenant_id": "726fa80b61c34cca857042604d9d4e82", "routes": [], "id": "06009c5e-9463-4bc7-9bed-68053f2ba22e"}}
2015-12-06 06:53:01,836 20694 INFO     [tempest_lib.common.rest_client] Request (TestNetworkBasicOps:test_connectivity_between_vms_on_different_networks): 200 PUT http://10.0.2.15:9696/v2.0/routers/06009c5e-9463-4bc7-9bed-68053f2ba22e 0.770s
2015-12-06 06:53:01,837 20694 DEBUG    [tempest_lib.common.rest_client] Request - Headers: {'Content-Type': 'application/json', 'Accept': 'application/json', 'X-Auth-Token': '&lt;omitted&gt;'}
        Body: {"router": {"external_gateway_info": {"network_id": "78ce0e17-c338-4536-bb8c-f6692bce644a"}, "name": "tempest-router-smoke-733466035", "admin_state_up": true}}
    Response - Headers: {'status': '200', 'content-length': '557', 'connection': 'close', 'date': 'Sun, 06 Dec 2015 06:53:01 GMT', 'content-type': 'application/json; charset=UTF-8', 'x-openstack-request-id': 'req-ba96bc37-0252-43e8-89bb-89557bc9e909'}
        Body: {"router": {"status": "ACTIVE", "external_gateway_info": {"network_id": "78ce0e17-c338-4536-bb8c-f6692bce644a", "enable_snat": true, "external_fixed_ips": [{"subnet_id": "27ce9f68-572a-43e4-822e-fbd1ec01b498", "ip_address": "172.24.4.3"}, {"subnet_id": "becadcbd-a631-4612-96b9-5f4f8cf05ac4", "ip_address": "2001:db8::4"}]}, "availability_zone_hints": [], "availability_zones": [], "name": "tempest-router-smoke-733466035", "admin_state_up": true, "tenant_id": "726fa80b61c34cca857042604d9d4e82", "routes": [], "id": "06009c5e-9463-4bc7-9bed-68053f2ba22e"}}
2015-12-06 06:53:01,985 20694 INFO     [tempest_lib.common.rest_client] Request (TestNetworkBasicOps:test_connectivity_between_vms_on_different_networks): 200 GET http://10.0.2.15:9696/v2.0/subnets?tenant_id=726fa80b61c34cca857042604d9d4e82&amp;cidr=10.100.0.0%2F28 0.147s
2015-12-06 06:53:01,985 20694 DEBUG    [tempest_lib.common.rest_client] Request - Headers: {'Content-Type': 'application/json', 'Accept': 'application/json', 'X-Auth-Token': '&lt;omitted&gt;'}
        Body: None
    Response - Headers: {'status': '200', 'content-length': '15', 'content-location': 'http://10.0.2.15:9696/v2.0/subnets?tenant_id=726fa80b61c34cca857042604d9d4e82&amp;cidr=10.100.0.0%2F28', 'connection': 'close', 'date': 'Sun, 06 Dec 2015 06:53:01 GMT', 'content-type': 'application/json; charset=UTF-8', 'x-openstack-request-id': 'req-2462581a-fd4a-49d8-b171-d4281c688057'}
        Body: {"subnets": []}
2015-12-06 06:53:02,305 20694 INFO     [tempest_lib.common.rest_client] Request (TestNetworkBasicOps:test_connectivity_between_vms_on_different_networks): 201 POST http://10.0.2.15:9696/v2.0/subnets 0.319s
2015-12-06 06:53:02,306 20694 DEBUG    [tempest_lib.common.rest_client] Request - Headers: {'Content-Type': 'application/json', 'Accept': 'application/json', 'X-Auth-Token': '&lt;omitted&gt;'}
        Body: {"subnet": {"ip_version": 4, "tenant_id": "726fa80b61c34cca857042604d9d4e82", "cidr": "10.100.0.0/28", "network_id": "b09e0c6f-ee2f-46f2-8596-1e9e2965d046", "name": "tempest-subnet-smoke-330987708"}}
    Response - Headers: {'status': '201', 'content-length': '477', 'connection': 'close', 'date': 'Sun, 06 Dec 2015 06:53:02 GMT', 'content-type': 'application/json; charset=UTF-8', 'x-openstack-request-id': 'req-3ee90d5e-30b1-41eb-a0f0-62ce82abf3a3'}
        Body: {"subnet": {"name": "tempest-subnet-smoke-330987708", "enable_dhcp": true, "network_id": "b09e0c6f-ee2f-46f2-8596-1e9e2965d046", "tenant_id": "726fa80b61c34cca857042604d9d4e82", "dns_nameservers": [], "gateway_ip": "10.100.0.1", "ipv6_ra_mode": null, "allocation_pools": [{"start": "10.100.0.2", "end": "10.100.0.14"}], "host_routes": [], "ip_version": 4, "ipv6_address_mode": null, "cidr": "10.100.0.0/28", "id": "5ee48104-fb51-41bb-88a2-6a30a8c871be", "subnetpool_id": null}}
2015-12-06 06:53:02,933 20694 INFO     [tempest_lib.common.rest_client] Request (TestNetworkBasicOps:test_connectivity_between_vms_on_different_networks): 200 PUT http://10.0.2.15:9696/v2.0/routers/06009c5e-9463-4bc7-9bed-68053f2ba22e/add_router_interface 0.626s
2015-12-06 06:53:02,934 20694 DEBUG    [tempest_lib.common.rest_client] Request - Headers: {'Content-Type': 'application/json', 'Accept': 'application/json', 'X-Auth-Token': '&lt;omitted&gt;'}
        Body: {"subnet_id": "5ee48104-fb51-41bb-88a2-6a30a8c871be"}
    Response - Headers: {'status': '200', 'content-length': '255', 'connection': 'close', 'date': 'Sun, 06 Dec 2015 06:53:02 GMT', 'content-type': 'application/json; charset=UTF-8', 'x-openstack-request-id': 'req-377cf053-2ea3-4153-a788-a97114680a3b'}
        Body: {"subnet_id": "5ee48104-fb51-41bb-88a2-6a30a8c871be", "tenant_id": "726fa80b61c34cca857042604d9d4e82", "subnet_ids": ["5ee48104-fb51-41bb-88a2-6a30a8c871be"], "port_id": "22d52fb0-3d91-459a-adcd-18103986832b", "id": "06009c5e-9463-4bc7-9bed-68053f2ba22e"}
2015-12-06 06:53:03,007 20694 INFO     [tempest_lib.common.rest_client] Request (TestNetworkBasicOps:test_connectivity_between_vms_on_different_networks): 200 GET http://10.0.2.15:9696/v2.0/networks 0.072s
2015-12-06 06:53:03,007 20694 DEBUG    [tempest_lib.common.rest_client] Request - Headers: {'Content-Type': 'application/json', 'Accept': 'application/json', 'X-Auth-Token': '&lt;omitted&gt;'}
        Body: None
    Response - Headers: {'status': '200', 'content-length': '1507', 'content-location': 'http://10.0.2.15:9696/v2.0/networks', 'connection': 'close', 'date': 'Sun, 06 Dec 2015 06:53:03 GMT', 'content-type': 'application/json; charset=UTF-8', 'x-openstack-request-id': 'req-c24e160d-a818-453a-92c6-306de49707b5'}
        Body: {"networks": [{"status": "ACTIVE", "subnets": ["becadcbd-a631-4612-96b9-5f4f8cf05ac4", "27ce9f68-572a-43e4-822e-fbd1ec01b498"], "availability_zone_hints": [], "availability_zones": ["nova"], "name": "public", "provider:physical_network": null, "admin_state_up": true, "tenant_id": "5103e567ed9e4e338cf2d77a348bc4c5", "mtu": 0, "router:external": true, "shared": false, "port_security_enabled": true, "provider:network_type": "vxlan", "id": "78ce0e17-c338-4536-bb8c-f6692bce644a", "provider:segmentation_id": 1069}, {"status": "ACTIVE", "subnets": ["01d5f6b3-8f84-492e-ada4-8700d877a88f", "dc944c0b-0b40-4953-b319-414bda0684bf"], "availability_zone_hints": [], "availability_zones": ["nova"], "name": "private", "provider:physical_network": null, "admin_state_up": true, "tenant_id": "be6d890e87394006a4f681d3943d4685", "mtu": 0, "router:external": false, "shared": false, "port_security_enabled": true, "provider:network_type": "vxlan", "id": "3a0bcf5b-35b6-444d-abda-a8c0ecbe3227", "provider:segmentation_id": 1080}, {"status": "ACTIVE", "subnets": ["5ee48104-fb51-41bb-88a2-6a30a8c871be"], "availability_zone_hints": [], "availability_zones": ["nova"], "name": "tempest-network-smoke--1471510546", "provider:physical_network": null, "admin_state_up": true, "tenant_id": "726fa80b61c34cca857042604d9d4e82", "mtu": 0, "router:external": false, "shared": false, "port_security_enabled": true, "provider:network_type": "vxlan", "id": "b09e0c6f-ee2f-46f2-8596-1e9e2965d046", "provider:segmentation_id": 1097}]}
2015-12-06 06:53:03,147 20694 INFO     [tempest_lib.common.rest_client] Request (TestNetworkBasicOps:test_connectivity_between_vms_on_different_networks): 200 GET http://10.0.2.15:9696/v2.0/subnets 0.138s
2015-12-06 06:53:03,147 20694 DEBUG    [tempest_lib.common.rest_client] Request - Headers: {'Content-Type': 'application/json', 'Accept': 'application/json', 'X-Auth-Token': '&lt;omitted&gt;'}
        Body: None
    Response - Headers: {'status': '200', 'content-length': '2407', 'content-location': 'http://10.0.2.15:9696/v2.0/subnets', 'connection': 'close', 'date': 'Sun, 06 Dec 2015 06:53:03 GMT', 'content-type': 'application/json; charset=UTF-8', 'x-openstack-request-id': 'req-0e923351-fd07-4948-80e3-bd7e2fd80ba3'}
        Body: {"subnets": [{"name": "public-subnet", "enable_dhcp": false, "network_id": "78ce0e17-c338-4536-bb8c-f6692bce644a", "tenant_id": "5103e567ed9e4e338cf2d77a348bc4c5", "dns_nameservers": [], "gateway_ip": "172.24.4.1", "ipv6_ra_mode": null, "allocation_pools": [{"start": "172.24.4.2", "end": "172.24.4.254"}], "host_routes": [], "ip_version": 4, "ipv6_address_mode": null, "cidr": "172.24.4.0/24", "id": "27ce9f68-572a-43e4-822e-fbd1ec01b498", "subnetpool_id": null}, {"name": "tempest-subnet-smoke-330987708", "enable_dhcp": true, "network_id": "b09e0c6f-ee2f-46f2-8596-1e9e2965d046", "tenant_id": "726fa80b61c34cca857042604d9d4e82", "dns_nameservers": [], "gateway_ip": "10.100.0.1", "ipv6_ra_mode": null, "allocation_pools": [{"start": "10.100.0.2", "end": "10.100.0.14"}], "host_routes": [], "ip_version": 4, "ipv6_address_mode": null, "cidr": "10.100.0.0/28", "id": "5ee48104-fb51-41bb-88a2-6a30a8c871be", "subnetpool_id": null}, {"name": "ipv6-public-subnet", "enable_dhcp": false, "network_id": "78ce0e17-c338-4536-bb8c-f6692bce644a", "tenant_id": "5103e567ed9e4e338cf2d77a348bc4c5", "dns_nameservers": [], "gateway_ip": "2001:db8::2", "ipv6_ra_mode": null, "allocation_pools": [{"start": "2001:db8::3", "end": "2001:db8::ffff:ffff:ffff:ffff"}, {"start": "2001:db8::1", "end": "2001:db8::1"}], "host_routes": [], "ip_version": 6, "ipv6_address_mode": null, "cidr": "2001:db8::/64", "id": "becadcbd-a631-4612-96b9-5f4f8cf05ac4", "subnetpool_id": null}, {"name": "ipv6-private-subnet", "enable_dhcp": true, "network_id": "3a0bcf5b-35b6-444d-abda-a8c0ecbe3227", "tenant_id": "be6d890e87394006a4f681d3943d4685", "dns_nameservers": [], "gateway_ip": "fd7d:b2d1:2049::1", "ipv6_ra_mode": "slaac", "allocation_pools": [{"start": "fd7d:b2d1:2049::2", "end": "fd7d:b2d1:2049:0:ffff:ffff:ffff:ffff"}], "host_routes": [], "ip_version": 6, "ipv6_address_mode": "slaac", "cidr": "fd7d:b2d1:2049::/64", "id": "01d5f6b3-8f84-492e-ada4-8700d877a88f", "subnetpool_id": null}, {"name": "private-subnet", "enable_dhcp": true, "network_id": "3a0bcf5b-35b6-444d-abda-a8c0ecbe3227", "tenant_id": "be6d890e87394006a4f681d3943d4685", "dns_nameservers": [], "gateway_ip": "10.0.0.1", "ipv6_ra_mode": null, "allocation_pools": [{"start": "10.0.0.2", "end": "10.0.0.254"}], "host_routes": [], "ip_version": 4, "ipv6_address_mode": null, "cidr": "10.0.0.0/24", "id": "dc944c0b-0b40-4953-b319-414bda0684bf", "subnetpool_id": null}]}
2015-12-06 06:53:03,334 20694 INFO     [tempest_lib.common.rest_client] Request (TestNetworkBasicOps:test_connectivity_between_vms_on_different_networks): 200 GET http://10.0.2.15:9696/v2.0/routers 0.186s
2015-12-06 06:53:03,335 20694 DEBUG    [tempest_lib.common.rest_client] Request - Headers: {'Content-Type': 'application/json', 'Accept': 'application/json', 'X-Auth-Token': '&lt;omitted&gt;'}
        Body: None
    Response - Headers: {'status': '200', 'content-length': '1166', 'content-location': 'http://10.0.2.15:9696/v2.0/routers', 'connection': 'close', 'date': 'Sun, 06 Dec 2015 06:53:03 GMT', 'content-type': 'application/json; charset=UTF-8', 'x-openstack-request-id': 'req-761c6090-b6ca-40d1-b04f-8e67bd69f0ca'}
        Body: {"routers": [{"status": "ACTIVE", "external_gateway_info": {"network_id": "78ce0e17-c338-4536-bb8c-f6692bce644a", "enable_snat": true, "external_fixed_ips": [{"subnet_id": "27ce9f68-572a-43e4-822e-fbd1ec01b498", "ip_address": "172.24.4.3"}, {"subnet_id": "becadcbd-a631-4612-96b9-5f4f8cf05ac4", "ip_address": "2001:db8::4"}]}, "availability_zone_hints": [], "availability_zones": ["nova"], "name": "tempest-router-smoke-733466035", "admin_state_up": true, "tenant_id": "726fa80b61c34cca857042604d9d4e82", "distributed": false, "routes": [], "ha": false, "id": "06009c5e-9463-4bc7-9bed-68053f2ba22e"}, {"status": "ACTIVE", "external_gateway_info": {"network_id": "78ce0e17-c338-4536-bb8c-f6692bce644a", "enable_snat": true, "external_fixed_ips": [{"subnet_id": "27ce9f68-572a-43e4-822e-fbd1ec01b498", "ip_address": "172.24.4.2"}, {"subnet_id": "becadcbd-a631-4612-96b9-5f4f8cf05ac4", "ip_address": "2001:db8::3"}]}, "availability_zone_hints": [], "availability_zones": ["nova"], "name": "router1", "admin_state_up": true, "tenant_id": "be6d890e87394006a4f681d3943d4685", "distributed": false, "routes": [], "ha": false, "id": "c73d83ac-67c8-4bb7-92fb-607490d0dd36"}]}
2015-12-06 06:53:04,042 20694 INFO     [tempest_lib.common.rest_client] Request (TestNetworkBasicOps:test_connectivity_between_vms_on_different_networks): 200 POST http://10.0.2.15:8774/v2.1/726fa80b61c34cca857042604d9d4e82/os-keypairs 0.705s
2015-12-06 06:53:04,043 20694 DEBUG    [tempest_lib.common.rest_client] Request - Headers: {'Content-Type': 'application/json', 'Accept': 'application/json', 'X-Auth-Token': '&lt;omitted&gt;'}
        Body: {"keypair": {"name": "tempest-TestNetworkBasicOps-357734300"}}
    Response - Headers: {'status': '200', 'content-length': '2320', 'x-compute-request-id': 'req-fb452476-f204-4ccc-9df3-809f413ef2a3', 'vary': 'X-OpenStack-Nova-API-Version', 'connection': 'close', 'x-openstack-nova-api-version': '2.1', 'date': 'Sun, 06 Dec 2015 06:53:04 GMT', 'content-type': 'application/json'}
        Body: {"keypair": {"public_key": "ssh-rsa AAAAB3NzaC1yc2EAAAADAQABAAABAQC0W1hejeUIGX9KHms3uQtQjz6GEhn5BksQ27LaEK23GDosYYMdSMjuT/UkebnkXopx/xzXKRqONvIUPP8AiK4QjtgdVwTFq3TKIhKoUSMKtt0w+3qMKcBaBu0rCRonpkVxb5/FeJQeQD6DrqWf/MMAdNt5MklES5aqV5bnoHLmXr/YgA1sGL5nUDZAzBvkJ9J5bBzbvxDSJzJiZZlIWHBdr9SNqLtZrQr/NyEKHEnFsLNfpFpgmoY00/5Epjh2hb1qTcdwgRsh3xkHdCyOz/1ZuIfca5qgP6cOX5NGmqYxbrOWroSOHPJeev2wAlHIEenYfm2XAyeFJdpiVHDmK8fZ Generated-by-Nova", "private_key": "-----BEGIN RSA PRIVATE KEY-----\nMIIEqAIBAAKCAQEAtFtYXo3lCBl/Sh5rN7kLUI8+hhIZ+QZLENuy2hCttxg6LGGD\nHUjI7k/1JHm55F6Kcf8c1ykajjbyFDz/AIiuEI7YHVcExat0yiISqFEjCrbdMPt6\njCnAWgbtKwkaJ6ZFcW+fxXiUHkA+g66ln/zDAHTbeTJJREuWqleW56By5l6/2IAN\nbBi+Z1A2QMwb5CfSeWwc278Q0icyYmWZSFhwXa/Ujai7Wa0K/zchChxJxbCzX6Ra\nYJqGNNP+RKY4doW9ak3HcIEbId8ZB3Qsjs/9WbiH3GuaoD+nDl+TRpqmMW6zlq6E\njhzyXnr9sAJRyBHp2H5tlwMnhSXaYlRw5ivH2QIDAQABAoIBAQCro3aw3XbGQ4WY\n4uQEbqyu6POGoflnvS55B6vozRCU+5B5Jf+iQd8+tIdGRDW9eJ9mp3Mp7CsihnXQ\n/s9rEagdh+Nx4JthBq+poc2Bs12W17oe4GSauS0eQBM67nmenCTgNGungP3s4BTe\nOrnSTLjDWXJ4n3uMbCchSyQIoPBX/NyVs1vEQ0v04iFDdRPLPoVWRYRi0Z77W/cA\n8ow/IU8D1jiqjt6VngT4lb7EOOleRiT3D9etit8TWoBs+lLF6fYEVExnzpAreUs7\noTJZb5tFn7Jf2EwhihcSJKLoBRbOuIb+DcjHTUQQHDyQPT7eEHzb1JeVH6gh2lvR\nf7WoDo61AoIAgQC6aPIw1/l2aWk+fTLViFtg6QjcRN3ytT1d7MENkKincUHaTYXD\n84S5NNtMDpwxUhS/+zmND1AMl+f+mRTiujzlN0lJDNBVXwBFHEM6pgGC6EER9OJN\nC24H48z40vS6E9KUeC4Bkok1XcrG1ZprpppADc7lyiM45KWeb/OhoNYZFwKCAIEA\n96/oBomTw81kxwT83i60QtFKUGtg9d4NNtbK10bBImlZHrd741Av6zbFSkNtOWcQ\nO7GpmoA/2pmHcvuiFSxXYAcSh0eQ3yK+bFTGt8keg+D21ragkng0abYKQrFQ0oIA\nwmf1eiQcIO+YdUpY7dRm7MxPKj261WwvjBb6C9Gc3I8CggCAWIEzXFVur/XkbjLr\nS87t89kwx8Q6zN2YQVwDXPlt2fJAHfHorNyWC4k5Bad6KUCbcXtKG9tFWnVVROBR\ntkROXVYeiXx3/dCZRDbjBJmE5i53lpr6RzJCD6Ts0Mb4QtDejndxAHYehyP8/uKz\n6qCzY+4qaZfLmVuV9t+YgQjoHgkCggCARYo9upglxHOGN9pOpJK4SYo5MxryvhT5\n4MutZ4OV9fNd8iHRxqBc080s1wzXPaaSCDB5Tcd0Jgu027OKbidk4LEbop+VLRC0\nJfYnVLJCvwQKSX481uKo1IUnnFHsPy4AyJQnd4Nr4lNimoulLCDWROWX1GRAcGtP\nbiWFTowrXkECggCAO5MK/wrKOmue/Guh6lw4FIM5xTzx9WMTVRWw6/ZPjlFFhQsf\nB0vj4O6F6WsNsKXMXAVMV6kDBGIv/A4SoMnp14j5Dmml/3Ywth1EH7WrY+1FCOEr\n+2vTw8UvCnM83vT5O4E2lxYG0cUg3mtPPmfGti+Dnh7lXhtiO/f/6obiKPE=\n-----END RSA PRIVATE KEY-----\n", "user_id": "cebdd8d50e4a4cba991c3b835bca7a31", "name": "tempest-TestNetworkBasicOps-357734300", "fingerprint": "04:d8:ea:bc:14:2d:61:59:2a:8e:85:66:e1:35:45:3c"}}
2015-12-06 06:53:04,151 20694 INFO     [tempest_lib.common.rest_client] Request (TestNetworkBasicOps:test_connectivity_between_vms_on_different_networks): 200 POST http://10.0.2.15:5000/v2.0/tokens
2015-12-06 06:53:04,152 20694 DEBUG    [tempest_lib.common.rest_client] Request - Headers: {'Content-Type': 'application/json', 'Accept': 'application/json'}
        Body: &lt;omitted&gt;
    Response - Headers: {'status': '200', 'content-length': '2528', 'vary': 'X-Auth-Token', 'server': 'Apache/2.4.7 (Ubuntu)', 'connection': 'close', 'date': 'Sun, 06 Dec 2015 06:53:04 GMT', 'content-type': 'application/json', 'x-openstack-request-id': 'req-75621c99-b281-4a3c-9037-6259fb9de115'}
        Body: {"access": {"token": {"issued_at": "2015-12-06T06:53:04.142732", "expires": "2015-12-06T07:53:04Z", "id": "db8d85f252af4275a1e78ea7fcff5ea2", "tenant": {"description": "tempest-TestNetworkBasicOps-1195030562-desc", "enabled": true, "id": "726fa80b61c34cca857042604d9d4e82", "name": "tempest-TestNetworkBasicOps-1195030562"}, "audit_ids": ["RncOu8haR4Seqh2LxoDkcQ"]}, "serviceCatalog": [{"endpoints": [{"adminURL": "http://10.0.2.15:8774/v2.1/726fa80b61c34cca857042604d9d4e82", "region": "RegionOne", "internalURL": "http://10.0.2.15:8774/v2.1/726fa80b61c34cca857042604d9d4e82", "id": "01ffd8d044184810aa32233e1ac39c37", "publicURL": "http://10.0.2.15:8774/v2.1/726fa80b61c34cca857042604d9d4e82"}], "endpoints_links": [], "type": "compute", "name": "nova"}, {"endpoints": [{"adminURL": "http://10.0.2.15:9696/", "region": "RegionOne", "internalURL": "http://10.0.2.15:9696/", "id": "82ebfb0877414343bfd5341a12b5028f", "publicURL": "http://10.0.2.15:9696/"}], "endpoints_links": [], "type": "network", "name": "neutron"}, {"endpoints": [{"adminURL": "http://10.0.2.15:9292", "region": "RegionOne", "internalURL": "http://10.0.2.15:9292", "id": "15958324641d49aba48538b072cedd5c", "publicURL": "http://10.0.2.15:9292"}], "endpoints_links": [], "type": "image", "name": "glance"}, {"endpoints": [{"adminURL": "http://10.0.2.15:8774/v2/726fa80b61c34cca857042604d9d4e82", "region": "RegionOne", "internalURL": "http://10.0.2.15:8774/v2/726fa80b61c34cca857042604d9d4e82", "id": "53a09f20292b47229d2a2396ed9a207e", "publicURL": "http://10.0.2.15:8774/v2/726fa80b61c34cca857042604d9d4e82"}], "endpoints_links": [], "type": "compute_legacy", "name": "nova_legacy"}, {"endpoints": [{"adminURL": "http://10.0.2.15:8773/", "region": "RegionOne", "internalURL": "http://10.0.2.15:8773/", "id": "0bba150911f8486595f31446b4ac43ae", "publicURL": "http://10.0.2.15:8773/"}], "endpoints_links": [], "type": "ec2", "name": "ec2"}, {"endpoints": [{"adminURL": "http://10.0.2.15:35357/v2.0", "region": "RegionOne", "internalURL": "http://10.0.2.15:5000/v2.0", "id": "040e79be13904cbe8b7cd5fedb477b36", "publicURL": "http://10.0.2.15:5000/v2.0"}], "endpoints_links": [], "type": "identity", "name": "keystone"}], "user": {"username": "tempest-TestNetworkBasicOps-200981702", "roles_links": [], "id": "cebdd8d50e4a4cba991c3b835bca7a31", "roles": [{"name": "_member_"}, {"name": "Member"}], "name": "tempest-TestNetworkBasicOps-200981702"}, "metadata": {"is_admin": 0, "roles": ["9fe2ff9ee4384b1894a90878d3e92bab", "62a834cecd684ff6ba8ee4b6ba93c36f"]}}}
2015-12-06 06:53:04,156 20694 DEBUG    [tempest.common.fixed_network] (TestNetworkBasicOps:test_connectivity_between_vms_on_different_networks) No valid network provided or created, defaulting to fixed_network_name
2015-12-06 06:53:04,473 20694 INFO     [tempest_lib.common.rest_client] Request (TestNetworkBasicOps:test_connectivity_between_vms_on_different_networks): 200 GET http://10.0.2.15:8774/v2.1/726fa80b61c34cca857042604d9d4e82/os-networks 0.316s
2015-12-06 06:53:04,473 20694 DEBUG    [tempest_lib.common.rest_client] Request - Headers: {'Content-Type': 'application/json', 'Accept': 'application/json', 'X-Auth-Token': '&lt;omitted&gt;'}
        Body: None
    Response - Headers: {'status': '200', 'content-length': '479', 'content-location': 'http://10.0.2.15:8774/v2.1/726fa80b61c34cca857042604d9d4e82/os-networks', 'x-compute-request-id': 'req-ab62dfc2-ed7d-495d-a225-30025b6d0f0d', 'vary': 'X-OpenStack-Nova-API-Version', 'connection': 'close', 'x-openstack-nova-api-version': '2.1', 'date': 'Sun, 06 Dec 2015 06:53:04 GMT', 'content-type': 'application/json'}
        Body: {"networks": [{"cidr_v6": null, "dns2": null, "dns1": null, "gateway": null, "broadcast": null, "netmask": null, "gateway_v6": null, "cidr": null, "label": "public", "id": "78ce0e17-c338-4536-bb8c-f6692bce644a", "netmask_v6": null}, {"cidr_v6": null, "dns2": null, "dns1": null, "gateway": null, "broadcast": null, "netmask": null, "gateway_v6": null, "cidr": null, "label": "tempest-network-smoke--1471510546", "id": "b09e0c6f-ee2f-46f2-8596-1e9e2965d046", "netmask_v6": null}]}
2015-12-06 06:53:04,474 20694 WARNING  [tempest.common.fixed_network] (TestNetworkBasicOps:test_connectivity_between_vms_on_different_networks) Network with name: private not found
2015-12-06 06:53:04,474 20694 INFO     [tempest.common.fixed_network] (TestNetworkBasicOps:test_connectivity_between_vms_on_different_networks) Found network {} available for tenant
2015-12-06 06:53:05,379 20694 INFO     [tempest_lib.common.rest_client] Request (TestNetworkBasicOps:test_connectivity_between_vms_on_different_networks): 202 POST http://10.0.2.15:8774/v2.1/726fa80b61c34cca857042604d9d4e82/servers 0.904s
2015-12-06 06:53:05,380 20694 DEBUG    [tempest_lib.common.rest_client] Request - Headers: {'Content-Type': 'application/json', 'Accept': 'application/json', 'X-Auth-Token': '&lt;omitted&gt;'}
        Body: {"server": {"name": "tempest.common.compute-instance-1631782872", "imageRef": "5e6ed751-d8e2-4605-9471-ed1cdad7e301", "key_name": "tempest-TestNetworkBasicOps-357734300", "flavorRef": "42", "networks": [{"uuid": "b09e0c6f-ee2f-46f2-8596-1e9e2965d046"}], "security_groups": [{"name": "tempest-secgroup-smoke-270652684"}]}}
    Response - Headers: {'status': '202', 'content-length': '461', 'x-compute-request-id': 'req-dec74baa-82af-47fb-b10d-d27c2ca6a92a', 'vary': 'X-OpenStack-Nova-API-Version', 'connection': 'close', 'location': 'http://10.0.2.15:8774/v2.1/726fa80b61c34cca857042604d9d4e82/servers/926a5f54-9b18-4c55-ae0d-9ac3d1cd000e', 'x-openstack-nova-api-version': '2.1', 'date': 'Sun, 06 Dec 2015 06:53:05 GMT', 'content-type': 'application/json'}
        Body: {"server": {"security_groups": [{"name": "tempest-secgroup-smoke-270652684"}], "OS-DCF:diskConfig": "MANUAL", "id": "926a5f54-9b18-4c55-ae0d-9ac3d1cd000e", "links": [{"href": "http://10.0.2.15:8774/v2.1/726fa80b61c34cca857042604d9d4e82/servers/926a5f54-9b18-4c55-ae0d-9ac3d1cd000e", "rel": "self"}, {"href": "http://10.0.2.15:8774/726fa80b61c34cca857042604d9d4e82/servers/926a5f54-9b18-4c55-ae0d-9ac3d1cd000e", "rel": "bookmark"}], "adminPass": "5VGqtJ255pXb"}}
2015-12-06 06:53:05,632 20694 INFO     [tempest_lib.common.rest_client] Request (TestNetworkBasicOps:test_connectivity_between_vms_on_different_networks): 200 GET http://10.0.2.15:8774/v2.1/726fa80b61c34cca857042604d9d4e82/servers/926a5f54-9b18-4c55-ae0d-9ac3d1cd000e 0.249s
2015-12-06 06:53:05,633 20694 DEBUG    [tempest_lib.common.rest_client] Request - Headers: {'Content-Type': 'application/json', 'Accept': 'application/json', 'X-Auth-Token': '&lt;omitted&gt;'}
        Body: None
    Response - Headers: {'status': '200', 'content-length': '1355', 'content-location': 'http://10.0.2.15:8774/v2.1/726fa80b61c34cca857042604d9d4e82/servers/926a5f54-9b18-4c55-ae0d-9ac3d1cd000e', 'x-compute-request-id': 'req-f1a1a249-37de-4c62-9d7e-4015700b8f31', 'vary': 'X-OpenStack-Nova-API-Version', 'connection': 'close', 'x-openstack-nova-api-version': '2.1', 'date': 'Sun, 06 Dec 2015 06:53:05 GMT', 'content-type': 'application/json'}
        Body: {"server": {"status": "BUILD", "updated": "2015-12-06T06:53:05Z", "hostId": "", "addresses": {}, "links": [{"href": "http://10.0.2.15:8774/v2.1/726fa80b61c34cca857042604d9d4e82/servers/926a5f54-9b18-4c55-ae0d-9ac3d1cd000e", "rel": "self"}, {"href": "http://10.0.2.15:8774/726fa80b61c34cca857042604d9d4e82/servers/926a5f54-9b18-4c55-ae0d-9ac3d1cd000e", "rel": "bookmark"}], "key_name": "tempest-TestNetworkBasicOps-357734300", "image": {"id": "5e6ed751-d8e2-4605-9471-ed1cdad7e301", "links": [{"href": "http://10.0.2.15:8774/726fa80b61c34cca857042604d9d4e82/images/5e6ed751-d8e2-4605-9471-ed1cdad7e301", "rel": "bookmark"}]}, "OS-EXT-STS:task_state": "scheduling", "OS-EXT-STS:vm_state": "building", "OS-SRV-USG:launched_at": null, "flavor": {"id": "42", "links": [{"href": "http://10.0.2.15:8774/726fa80b61c34cca857042604d9d4e82/flavors/42", "rel": "bookmark"}]}, "id": "926a5f54-9b18-4c55-ae0d-9ac3d1cd000e", "OS-SRV-USG:terminated_at": null, "OS-EXT-AZ:availability_zone": "", "user_id": "cebdd8d50e4a4cba991c3b835bca7a31", "name": "tempest.common.compute-instance-1631782872", "created": "2015-12-06T06:53:05Z", "tenant_id": "726fa80b61c34cca857042604d9d4e82", "OS-DCF:diskConfig": "MANUAL", "os-extended-volumes:volumes_attached": [], "accessIPv4": "", "accessIPv6": "", "progress": 0, "OS-EXT-STS:power_state": 0, "config_drive": "", "metadata": {}}}
2015-12-06 06:53:06,904 20694 INFO     [tempest_lib.common.rest_client] Request (TestNetworkBasicOps:test_connectivity_between_vms_on_different_networks): 200 GET http://10.0.2.15:8774/v2.1/726fa80b61c34cca857042604d9d4e82/servers/926a5f54-9b18-4c55-ae0d-9ac3d1cd000e 0.259s
2015-12-06 06:53:06,905 20694 DEBUG    [tempest_lib.common.rest_client] Request - Headers: {'Content-Type': 'application/json', 'Accept': 'application/json', 'X-Auth-Token': '&lt;omitted&gt;'}
        Body: None
    Response - Headers: {'status': '200', 'content-length': '1480', 'content-location': 'http://10.0.2.15:8774/v2.1/726fa80b61c34cca857042604d9d4e82/servers/926a5f54-9b18-4c55-ae0d-9ac3d1cd000e', 'x-compute-request-id': 'req-7b4fba2c-e388-49ac-a7a1-0cb50954ddeb', 'vary': 'X-OpenStack-Nova-API-Version', 'connection': 'close', 'x-openstack-nova-api-version': '2.1', 'date': 'Sun, 06 Dec 2015 06:53:06 GMT', 'content-type': 'application/json'}
        Body: {"server": {"status": "BUILD", "updated": "2015-12-06T06:53:06Z", "hostId": "31cec342ee1702d79c57a44a556e4c452b19077e60b42867c19aeef6", "addresses": {}, "links": [{"href": "http://10.0.2.15:8774/v2.1/726fa80b61c34cca857042604d9d4e82/servers/926a5f54-9b18-4c55-ae0d-9ac3d1cd000e", "rel": "self"}, {"href": "http://10.0.2.15:8774/726fa80b61c34cca857042604d9d4e82/servers/926a5f54-9b18-4c55-ae0d-9ac3d1cd000e", "rel": "bookmark"}], "key_name": "tempest-TestNetworkBasicOps-357734300", "image": {"id": "5e6ed751-d8e2-4605-9471-ed1cdad7e301", "links": [{"href": "http://10.0.2.15:8774/726fa80b61c34cca857042604d9d4e82/images/5e6ed751-d8e2-4605-9471-ed1cdad7e301", "rel": "bookmark"}]}, "OS-EXT-STS:task_state": "spawning", "OS-EXT-STS:vm_state": "building", "OS-SRV-USG:launched_at": null, "flavor": {"id": "42", "links": [{"href": "http://10.0.2.15:8774/726fa80b61c34cca857042604d9d4e82/flavors/42", "rel": "bookmark"}]}, "id": "926a5f54-9b18-4c55-ae0d-9ac3d1cd000e", "security_groups": [{"name": "tempest-secgroup-smoke-270652684"}], "OS-SRV-USG:terminated_at": null, "OS-EXT-AZ:availability_zone": "nova", "user_id": "cebdd8d50e4a4cba991c3b835bca7a31", "name": "tempest.common.compute-instance-1631782872", "created": "2015-12-06T06:53:05Z", "tenant_id": "726fa80b61c34cca857042604d9d4e82", "OS-DCF:diskConfig": "MANUAL", "os-extended-volumes:volumes_attached": [], "accessIPv4": "", "accessIPv6": "", "progress": 0, "OS-EXT-STS:power_state": 0, "config_drive": "", "metadata": {}}}
2015-12-06 06:53:06,919 20694 INFO     [tempest.common.waiters] State transition "BUILD/scheduling" ==&gt; "BUILD/spawning" after 1 second wait
2015-12-06 06:53:08,308 20694 INFO     [tempest_lib.common.rest_client] Request (TestNetworkBasicOps:test_connectivity_between_vms_on_different_networks): 200 GET http://10.0.2.15:8774/v2.1/726fa80b61c34cca857042604d9d4e82/servers/926a5f54-9b18-4c55-ae0d-9ac3d1cd000e 0.386s
2015-12-06 06:53:08,308 20694 DEBUG    [tempest_lib.common.rest_client] Request - Headers: {'Content-Type': 'application/json', 'Accept': 'application/json', 'X-Auth-Token': '&lt;omitted&gt;'}
        Body: None
    Response - Headers: {'status': '200', 'content-length': '1480', 'content-location': 'http://10.0.2.15:8774/v2.1/726fa80b61c34cca857042604d9d4e82/servers/926a5f54-9b18-4c55-ae0d-9ac3d1cd000e', 'x-compute-request-id': 'req-a0025ddd-0b08-4625-bb0f-8663e656fe6b', 'vary': 'X-OpenStack-Nova-API-Version', 'connection': 'close', 'x-openstack-nova-api-version': '2.1', 'date': 'Sun, 06 Dec 2015 06:53:08 GMT', 'content-type': 'application/json'}
        Body: {"server": {"status": "BUILD", "updated": "2015-12-06T06:53:06Z", "hostId": "31cec342ee1702d79c57a44a556e4c452b19077e60b42867c19aeef6", "addresses": {}, "links": [{"href": "http://10.0.2.15:8774/v2.1/726fa80b61c34cca857042604d9d4e82/servers/926a5f54-9b18-4c55-ae0d-9ac3d1cd000e", "rel": "self"}, {"href": "http://10.0.2.15:8774/726fa80b61c34cca857042604d9d4e82/servers/926a5f54-9b18-4c55-ae0d-9ac3d1cd000e", "rel": "bookmark"}], "key_name": "tempest-TestNetworkBasicOps-357734300", "image": {"id": "5e6ed751-d8e2-4605-9471-ed1cdad7e301", "links": [{"href": "http://10.0.2.15:8774/726fa80b61c34cca857042604d9d4e82/images/5e6ed751-d8e2-4605-9471-ed1cdad7e301", "rel": "bookmark"}]}, "OS-EXT-STS:task_state": "spawning", "OS-EXT-STS:vm_state": "building", "OS-SRV-USG:launched_at": null, "flavor": {"id": "42", "links": [{"href": "http://10.0.2.15:8774/726fa80b61c34cca857042604d9d4e82/flavors/42", "rel": "bookmark"}]}, "id": "926a5f54-9b18-4c55-ae0d-9ac3d1cd000e", "security_groups": [{"name": "tempest-secgroup-smoke-270652684"}], "OS-SRV-USG:terminated_at": null, "OS-EXT-AZ:availability_zone": "nova", "user_id": "cebdd8d50e4a4cba991c3b835bca7a31", "name": "tempest.common.compute-instance-1631782872", "created": "2015-12-06T06:53:05Z", "tenant_id": "726fa80b61c34cca857042604d9d4e82", "OS-DCF:diskConfig": "MANUAL", "os-extended-volumes:volumes_attached": [], "accessIPv4": "", "accessIPv6": "", "progress": 0, "OS-EXT-STS:power_state": 0, "config_drive": "", "metadata": {}}}
2015-12-06 06:53:09,600 20694 INFO     [tempest_lib.common.rest_client] Request (TestNetworkBasicOps:test_connectivity_between_vms_on_different_networks): 200 GET http://10.0.2.15:8774/v2.1/726fa80b61c34cca857042604d9d4e82/servers/926a5f54-9b18-4c55-ae0d-9ac3d1cd000e 0.282s
2015-12-06 06:53:09,601 20694 DEBUG    [tempest_lib.common.rest_client] Request - Headers: {'Content-Type': 'application/json', 'Accept': 'application/json', 'X-Auth-Token': '&lt;omitted&gt;'}
        Body: None
    Response - Headers: {'status': '200', 'content-length': '1652', 'content-location': 'http://10.0.2.15:8774/v2.1/726fa80b61c34cca857042604d9d4e82/servers/926a5f54-9b18-4c55-ae0d-9ac3d1cd000e', 'x-compute-request-id': 'req-e63ac2d7-694b-4de3-bde3-b77fb3c74aa2', 'vary': 'X-OpenStack-Nova-API-Version', 'connection': 'close', 'x-openstack-nova-api-version': '2.1', 'date': 'Sun, 06 Dec 2015 06:53:09 GMT', 'content-type': 'application/json'}
        Body: {"server": {"status": "ACTIVE", "updated": "2015-12-06T06:53:09Z", "hostId": "31cec342ee1702d79c57a44a556e4c452b19077e60b42867c19aeef6", "addresses": {"tempest-network-smoke--1471510546": [{"OS-EXT-IPS-MAC:mac_addr": "fa:16:3e:18:fa:a5", "version": 4, "addr": "10.100.0.3", "OS-EXT-IPS:type": "fixed"}]}, "links": [{"href": "http://10.0.2.15:8774/v2.1/726fa80b61c34cca857042604d9d4e82/servers/926a5f54-9b18-4c55-ae0d-9ac3d1cd000e", "rel": "self"}, {"href": "http://10.0.2.15:8774/726fa80b61c34cca857042604d9d4e82/servers/926a5f54-9b18-4c55-ae0d-9ac3d1cd000e", "rel": "bookmark"}], "key_name": "tempest-TestNetworkBasicOps-357734300", "image": {"id": "5e6ed751-d8e2-4605-9471-ed1cdad7e301", "links": [{"href": "http://10.0.2.15:8774/726fa80b61c34cca857042604d9d4e82/images/5e6ed751-d8e2-4605-9471-ed1cdad7e301", "rel": "bookmark"}]}, "OS-EXT-STS:task_state": null, "OS-EXT-STS:vm_state": "active", "OS-SRV-USG:launched_at": "2015-12-06T06:53:09.000000", "flavor": {"id": "42", "links": [{"href": "http://10.0.2.15:8774/726fa80b61c34cca857042604d9d4e82/flavors/42", "rel": "bookmark"}]}, "id": "926a5f54-9b18-4c55-ae0d-9ac3d1cd000e", "security_groups": [{"name": "tempest-secgroup-smoke-270652684"}], "OS-SRV-USG:terminated_at": null, "OS-EXT-AZ:availability_zone": "nova", "user_id": "cebdd8d50e4a4cba991c3b835bca7a31", "name": "tempest.common.compute-instance-1631782872", "created": "2015-12-06T06:53:05Z", "tenant_id": "726fa80b61c34cca857042604d9d4e82", "OS-DCF:diskConfig": "MANUAL", "os-extended-volumes:volumes_attached": [], "accessIPv4": "", "accessIPv6": "", "progress": 0, "OS-EXT-STS:power_state": 1, "config_drive": "True", "metadata": {}}}
2015-12-06 06:53:09,611 20694 INFO     [tempest.common.waiters] State transition "BUILD/spawning" ==&gt; "ACTIVE/None" after 4 second wait
2015-12-06 06:53:09,935 20694 INFO     [tempest_lib.common.rest_client] Request (TestNetworkBasicOps:test_connectivity_between_vms_on_different_networks): 200 GET http://10.0.2.15:8774/v2.1/726fa80b61c34cca857042604d9d4e82/servers/926a5f54-9b18-4c55-ae0d-9ac3d1cd000e 0.324s
2015-12-06 06:53:09,936 20694 DEBUG    [tempest_lib.common.rest_client] Request - Headers: {'Content-Type': 'application/json', 'Accept': 'application/json', 'X-Auth-Token': '&lt;omitted&gt;'}
        Body: None
    Response - Headers: {'status': '200', 'content-length': '1652', 'content-location': 'http://10.0.2.15:8774/v2.1/726fa80b61c34cca857042604d9d4e82/servers/926a5f54-9b18-4c55-ae0d-9ac3d1cd000e', 'x-compute-request-id': 'req-d60b26e7-dc2e-4177-97b9-83f26babff6b', 'vary': 'X-OpenStack-Nova-API-Version', 'connection': 'close', 'x-openstack-nova-api-version': '2.1', 'date': 'Sun, 06 Dec 2015 06:53:09 GMT', 'content-type': 'application/json'}
        Body: {"server": {"status": "ACTIVE", "updated": "2015-12-06T06:53:09Z", "hostId": "31cec342ee1702d79c57a44a556e4c452b19077e60b42867c19aeef6", "addresses": {"tempest-network-smoke--1471510546": [{"OS-EXT-IPS-MAC:mac_addr": "fa:16:3e:18:fa:a5", "version": 4, "addr": "10.100.0.3", "OS-EXT-IPS:type": "fixed"}]}, "links": [{"href": "http://10.0.2.15:8774/v2.1/726fa80b61c34cca857042604d9d4e82/servers/926a5f54-9b18-4c55-ae0d-9ac3d1cd000e", "rel": "self"}, {"href": "http://10.0.2.15:8774/726fa80b61c34cca857042604d9d4e82/servers/926a5f54-9b18-4c55-ae0d-9ac3d1cd000e", "rel": "bookmark"}], "key_name": "tempest-TestNetworkBasicOps-357734300", "image": {"id": "5e6ed751-d8e2-4605-9471-ed1cdad7e301", "links": [{"href": "http://10.0.2.15:8774/726fa80b61c34cca857042604d9d4e82/images/5e6ed751-d8e2-4605-9471-ed1cdad7e301", "rel": "bookmark"}]}, "OS-EXT-STS:task_state": null, "OS-EXT-STS:vm_state": "active", "OS-SRV-USG:launched_at": "2015-12-06T06:53:09.000000", "flavor": {"id": "42", "links": [{"href": "http://10.0.2.15:8774/726fa80b61c34cca857042604d9d4e82/flavors/42", "rel": "bookmark"}]}, "id": "926a5f54-9b18-4c55-ae0d-9ac3d1cd000e", "security_groups": [{"name": "tempest-secgroup-smoke-270652684"}], "OS-SRV-USG:terminated_at": null, "OS-EXT-AZ:availability_zone": "nova", "user_id": "cebdd8d50e4a4cba991c3b835bca7a31", "name": "tempest.common.compute-instance-1631782872", "created": "2015-12-06T06:53:05Z", "tenant_id": "726fa80b61c34cca857042604d9d4e82", "OS-DCF:diskConfig": "MANUAL", "os-extended-volumes:volumes_attached": [], "accessIPv4": "", "accessIPv6": "", "progress": 0, "OS-EXT-STS:power_state": 1, "config_drive": "True", "metadata": {}}}
2015-12-06 06:53:09,945 20694 INFO     [tempest.scenario.manager] Tenant networks not configured to be reachable.
2015-12-06 06:53:09,975 20694 INFO     [tempest_lib.common.rest_client] Request (TestNetworkBasicOps:test_connectivity_between_vms_on_different_networks): 200 GET http://10.0.2.15:9696/v2.0/ports?status=ACTIVE&amp;fixed_ip=None&amp;device_id=926a5f54-9b18-4c55-ae0d-9ac3d1cd000e 0.029s
2015-12-06 06:53:09,975 20694 DEBUG    [tempest_lib.common.rest_client] Request - Headers: {'Content-Type': 'application/json', 'Accept': 'application/json', 'X-Auth-Token': '&lt;omitted&gt;'}
        Body: None
    Response - Headers: {'status': '200', 'content-length': '895', 'content-location': 'http://10.0.2.15:9696/v2.0/ports?status=ACTIVE&amp;fixed_ip=None&amp;device_id=926a5f54-9b18-4c55-ae0d-9ac3d1cd000e', 'connection': 'close', 'date': 'Sun, 06 Dec 2015 06:53:09 GMT', 'content-type': 'application/json; charset=UTF-8', 'x-openstack-request-id': 'req-943fefff-5855-434c-a097-b1b9a507ad17'}
        Body: {"ports": [{"status": "ACTIVE", "binding:host_id": "vagrant-ubuntu-trusty-64", "allowed_address_pairs": [], "extra_dhcp_opts": [], "dns_assignment": [{"hostname": "host-10-100-0-3", "ip_address": "10.100.0.3", "fqdn": "host-10-100-0-3.openstacklocal."}], "device_owner": "compute:None", "port_security_enabled": true, "binding:profile": {}, "fixed_ips": [{"subnet_id": "5ee48104-fb51-41bb-88a2-6a30a8c871be", "ip_address": "10.100.0.3"}], "id": "f3258b40-3917-4ec2-8465-eb6ae0ab73f3", "security_groups": ["33c9d37e-da4e-4c69-b4dc-d121699f287f"], "device_id": "926a5f54-9b18-4c55-ae0d-9ac3d1cd000e", "name": "", "admin_state_up": true, "network_id": "b09e0c6f-ee2f-46f2-8596-1e9e2965d046", "dns_name": "", "binding:vif_details": {"port_filter": true}, "binding:vnic_type": "normal", "binding:vif_type": "ovs", "tenant_id": "726fa80b61c34cca857042604d9d4e82", "mac_address": "fa:16:3e:18:fa:a5"}]}
2015-12-06 06:53:10,571 20694 INFO     [tempest_lib.common.rest_client] Request (TestNetworkBasicOps:test_connectivity_between_vms_on_different_networks): 201 POST http://10.0.2.15:9696/v2.0/floatingips 0.596s
2015-12-06 06:53:10,572 20694 DEBUG    [tempest_lib.common.rest_client] Request - Headers: {'Content-Type': 'application/json', 'Accept': 'application/json', 'X-Auth-Token': '&lt;omitted&gt;'}
        Body: {"floatingip": {"floating_network_id": "78ce0e17-c338-4536-bb8c-f6692bce644a", "tenant_id": "726fa80b61c34cca857042604d9d4e82", "fixed_ip_address": "10.100.0.3", "port_id": "f3258b40-3917-4ec2-8465-eb6ae0ab73f3"}}
    Response - Headers: {'status': '201', 'content-length': '367', 'connection': 'close', 'date': 'Sun, 06 Dec 2015 06:53:10 GMT', 'content-type': 'application/json; charset=UTF-8', 'x-openstack-request-id': 'req-2aa7a132-c88f-412e-9e39-f972247140d9'}
        Body: {"floatingip": {"floating_network_id": "78ce0e17-c338-4536-bb8c-f6692bce644a", "router_id": "06009c5e-9463-4bc7-9bed-68053f2ba22e", "fixed_ip_address": "10.100.0.3", "floating_ip_address": "172.24.4.4", "tenant_id": "726fa80b61c34cca857042604d9d4e82", "status": "DOWN", "port_id": "f3258b40-3917-4ec2-8465-eb6ae0ab73f3", "id": "ade36391-ddf3-4a15-b4b2-14610591b004"}}
2015-12-06 06:53:10,588 20694 INFO     [tempest_lib.common.rest_client] Request (TestNetworkBasicOps:test_connectivity_between_vms_on_different_networks): 200 GET http://10.0.2.15:9696/v2.0/floatingips/ade36391-ddf3-4a15-b4b2-14610591b004 0.015s
2015-12-06 06:53:10,588 20694 DEBUG    [tempest_lib.common.rest_client] Request - Headers: {'Content-Type': 'application/json', 'Accept': 'application/json', 'X-Auth-Token': '&lt;omitted&gt;'}
        Body: None
    Response - Headers: {'status': '200', 'content-length': '367', 'content-location': 'http://10.0.2.15:9696/v2.0/floatingips/ade36391-ddf3-4a15-b4b2-14610591b004', 'connection': 'close', 'date': 'Sun, 06 Dec 2015 06:53:10 GMT', 'content-type': 'application/json; charset=UTF-8', 'x-openstack-request-id': 'req-c296accb-0915-40e9-9785-f611a15cf52c'}
        Body: {"floatingip": {"floating_network_id": "78ce0e17-c338-4536-bb8c-f6692bce644a", "router_id": "06009c5e-9463-4bc7-9bed-68053f2ba22e", "fixed_ip_address": "10.100.0.3", "floating_ip_address": "172.24.4.4", "tenant_id": "726fa80b61c34cca857042604d9d4e82", "status": "DOWN", "port_id": "f3258b40-3917-4ec2-8465-eb6ae0ab73f3", "id": "ade36391-ddf3-4a15-b4b2-14610591b004"}}
2015-12-06 06:53:11,603 20694 INFO     [tempest_lib.common.rest_client] Request (TestNetworkBasicOps:test_connectivity_between_vms_on_different_networks): 200 GET http://10.0.2.15:9696/v2.0/floatingips/ade36391-ddf3-4a15-b4b2-14610591b004 0.013s
2015-12-06 06:53:11,604 20694 DEBUG    [tempest_lib.common.rest_client] Request - Headers: {'Content-Type': 'application/json', 'Accept': 'application/json', 'X-Auth-Token': '&lt;omitted&gt;'}
        Body: None
    Response - Headers: {'status': '200', 'content-length': '369', 'content-location': 'http://10.0.2.15:9696/v2.0/floatingips/ade36391-ddf3-4a15-b4b2-14610591b004', 'connection': 'close', 'date': 'Sun, 06 Dec 2015 06:53:11 GMT', 'content-type': 'application/json; charset=UTF-8', 'x-openstack-request-id': 'req-228cb567-6615-4abf-b37e-31c333eec861'}
        Body: {"floatingip": {"floating_network_id": "78ce0e17-c338-4536-bb8c-f6692bce644a", "router_id": "06009c5e-9463-4bc7-9bed-68053f2ba22e", "fixed_ip_address": "10.100.0.3", "floating_ip_address": "172.24.4.4", "tenant_id": "726fa80b61c34cca857042604d9d4e82", "status": "ACTIVE", "port_id": "f3258b40-3917-4ec2-8465-eb6ae0ab73f3", "id": "ade36391-ddf3-4a15-b4b2-14610591b004"}}
2015-12-06 06:53:11,604 20694 INFO     [tempest.scenario.manager] FloatingIP: &lt;"FloatingIP" addr="172.24.4.4" id="ade36391-ddf3-4a15-b4b2-14610591b004"&gt; is at status: ACTIVE
2015-12-06 06:53:11,605 20694 DEBUG    [tempest.scenario.manager] checking network connections to IP 172.24.4.4 with user: cirros
2015-12-06 06:53:11,605 20694 DEBUG    [tempest.scenario.manager] TestNetworkBasicOps:test_connectivity_between_vms_on_different_networks begins to ping 172.24.4.4 in 120 sec and the expected result is reachable
2015-12-06 06:55:11,917 20694 DEBUG    [tempest.scenario.manager] TestNetworkBasicOps:test_connectivity_between_vms_on_different_networks finishes ping 172.24.4.4 in 120 sec and the ping result is unexpected
2015-12-06 06:55:11,917 20694 ERROR    [tempest.scenario.manager] Public network connectivity check failed
2015-12-06 06:55:11.917 20694 ERROR tempest.scenario.manager Traceback (most recent call last):
2015-12-06 06:55:11.917 20694 ERROR tempest.scenario.manager   File "tempest/scenario/manager.py", line 606, in check_public_network_connectivity
2015-12-06 06:55:11.917 20694 ERROR tempest.scenario.manager     should_connect=should_connect)
2015-12-06 06:55:11.917 20694 ERROR tempest.scenario.manager   File "tempest/scenario/manager.py", line 590, in check_vm_connectivity
2015-12-06 06:55:11.917 20694 ERROR tempest.scenario.manager     msg=msg)
2015-12-06 06:55:11.917 20694 ERROR tempest.scenario.manager   File "/usr/local/lib/python2.7/dist-packages/unittest2/case.py", line 702, in assertTrue
2015-12-06 06:55:11.917 20694 ERROR tempest.scenario.manager     raise self.failureException(msg)
2015-12-06 06:55:11.917 20694 ERROR tempest.scenario.manager AssertionError: False is not true : Timed out waiting for 172.24.4.4 to become reachable
2015-12-06 06:55:11.917 20694 ERROR tempest.scenario.manager 
2015-12-06 06:55:12,133 20694 INFO     [tempest_lib.common.rest_client] Request (TestNetworkBasicOps:test_connectivity_between_vms_on_different_networks): 200 POST http://10.0.2.15:8774/v2.1/726fa80b61c34cca857042604d9d4e82/servers/926a5f54-9b18-4c55-ae0d-9ac3d1cd000e/action 0.213s
2015-12-06 06:55:12,134 20694 DEBUG    [tempest_lib.common.rest_client] Request - Headers: {'Content-Type': 'application/json', 'Accept': 'application/json', 'X-Auth-Token': '&lt;omitted&gt;'}
        Body: {"os-getConsoleOutput": {}}
    Response - Headers: {'status': '200', 'content-length': '17429', 'x-compute-request-id': 'req-97984cd8-ff14-4a11-be80-09135e91cfa6', 'vary': 'X-OpenStack-Nova-API-Version', 'connection': 'close', 'x-openstack-nova-api-version': '2.1', 'date': 'Sun, 06 Dec 2015 06:55:12 GMT', 'content-type': 'application/json'}
        Body: {"output": "[    0.000000] Initializing cgroup subsys cpuset\n[    0.000000] Initializing cgroup subsys cpu\n[    0.000000] Linux version 3.2.0-80-virtual (buildd@batsu) (gcc version 4.6.3 (Ubuntu/Linaro 4.6.3-1ubuntu5) ) #116-Ubuntu SMP Mon Mar 23 17:28:52 UTC 2015 (Ubuntu 3.2.0-80.116-virtual 3.2.68)\n[    0.000000] Command line: root=/dev/vda console=tty0 console=ttyS0 no_timer_check\n[    0.000000] KERNEL supported cpus:\n[    0.000000]   Intel GenuineIntel\n[    0.000000]   AMD AuthenticAMD\n[    0.000000]   Centaur CentaurHauls\n[    0.000000] BIOS-provided physical RAM map:\n[    0.000000]  BIOS-e820: 0000000000000000 - 000000000009fc00 (usable)\n[    0.000000]  BIOS-e820: 000000000009fc00 - 00000000000a0000 (reserved)\n[    0.000000]  BIOS-e820: 00000000000f0000 - 0000000000100000 (reserved)\n[    0.000000]  BIOS-e820: 0000000000100000 - 0000000003ffe000 (usable)\n[    0.000000]  BIOS-e820: 0000000003ffe000 - 0000000004000000 (reserved)\n[    0.000000]  BIOS-e820: 00000000fffc0000 - 0000000100000000 (reserved)\n[    0.000000] NX (Execute Disable) protection: active\n[    0.000000] SMBIOS 2.4 present.\n[    0.000000] No AGP bridge found\n[    0.000000] last_pfn = 0x3ffe max_arch_pfn = 0x400000000\n[    0.000000] x86 PAT enabled: cpu 0, old 0x7040600070406, new 0x7010600070106\n[    0.000000] found SMP MP-table at [ffff8800000f0b00] f0b00\n[    0.000000] init_memory_mapping: 0000000000000000-0000000003ffe000\n[    0.000000] RAMDISK: 03c5e000 - 03ff0000\n[    0.000000] ACPI: RSDP 00000000000f0950 00014 (v00 BOCHS )\n[    0.000000] ACPI: RSDT 0000000003fffbc1 00034 (v01 BOCHS  BXPCRSDT 00000001 BXPC 00000001)\n[    0.000000] ACPI: FACP 0000000003fff1c0 00074 (v01 BOCHS  BXPCFACP 00000001 BXPC 00000001)\n[    0.000000] ACPI: DSDT 0000000003ffe040 01180 (v01 BOCHS  BXPCDSDT 00000001 BXPC 00000001)\n[    0.000000] ACPI: FACS 0000000003ffe000 00040\n[    0.000000] ACPI: SSDT 0000000003fff234 008DD (v01 BOCHS  BXPCSSDT 00000001 BXPC 00000001)\n[    0.000000] ACPI: APIC 0000000003fffb11 00078 (v01 BOCHS  BXPCAPIC 00000001 BXPC 00000001)\n[    0.000000] ACPI: HPET 0000000003fffb89 00038 (v01 BOCHS  BXPCHPET 00000001 BXPC 00000001)\n[    0.000000] No NUMA configuration found\n[    0.000000] Faking a node at 0000000000000000-0000000003ffe000\n[    0.000000] Initmem setup node 0 0000000000000000-0000000003ffe000\n[    0.000000]   NODE_DATA [0000000003ff6000 - 0000000003ffafff]\n[    0.000000] Zone PFN ranges:\n[    0.000000]   DMA      0x00000010 -&gt; 0x00001000\n[    0.000000]   DMA32    0x00001000 -&gt; 0x00100000\n[    0.000000]   Normal   empty\n[    0.000000] Movable zone start PFN for each node\n[    0.000000] early_node_map[2] active PFN ranges\n[    0.000000]     0: 0x00000010 -&gt; 0x0000009f\n[    0.000000]     0: 0x00000100 -&gt; 0x00003ffe\n[    0.000000] ACPI: PM-Timer IO Port: 0xb008\n[    0.000000] ACPI: LAPIC (acpi_id[0x00] lapic_id[0x00] enabled)\n[    0.000000] ACPI: LAPIC_NMI (acpi_id[0xff] dfl dfl lint[0x1])\n[    0.000000] ACPI: IOAPIC (id[0x00] address[0xfec00000] gsi_base[0])\n[    0.000000] IOAPIC[0]: apic_id 0, version 17, address 0xfec00000, GSI 0-23\n[    0.000000] ACPI: INT_SRC_OVR (bus 0 bus_irq 0 global_irq 2 dfl dfl)\n[    0.000000] ACPI: INT_SRC_OVR (bus 0 bus_irq 5 global_irq 5 high level)\n[    0.000000] ACPI: INT_SRC_OVR (bus 0 bus_irq 9 global_irq 9 high level)\n[    0.000000] ACPI: INT_SRC_OVR (bus 0 bus_irq 10 global_irq 10 high level)\n[    0.000000] ACPI: INT_SRC_OVR (bus 0 bus_irq 11 global_irq 11 high level)\n[    0.000000] Using ACPI (MADT) for SMP configuration information\n[    0.000000] ACPI: HPET id: 0x8086a201 base: 0xfed00000\n[    0.000000] SMP: Allowing 1 CPUs, 0 hotplug CPUs\n[    0.000000] PM: Registered nosave memory: 000000000009f000 - 00000000000a0000\n[    0.000000] PM: Registered nosave memory: 00000000000a0000 - 00000000000f0000\n[    0.000000] PM: Registered nosave memory: 00000000000f0000 - 0000000000100000\n[    0.000000] Allocating PCI resources starting at 4000000 (gap: 4000000:fbfc0000)\n[    0.000000] Booting paravirtualized kernel on bare hardware\n[    0.000000] setup_pe
2015-12-06 06:55:12,138 20694 DEBUG    [tempest.scenario.manager] Console output for 926a5f54-9b18-4c55-ae0d-9ac3d1cd000e
body=
[    0.000000] Initializing cgroup subsys cpuset
[    0.000000] Initializing cgroup subsys cpu
[    0.000000] Linux version 3.2.0-80-virtual (buildd@batsu) (gcc version 4.6.3 (Ubuntu/Linaro 4.6.3-1ubuntu5) ) #116-Ubuntu SMP Mon Mar 23 17:28:52 UTC 2015 (Ubuntu 3.2.0-80.116-virtual 3.2.68)
[    0.000000] Command line: root=/dev/vda console=tty0 console=ttyS0 no_timer_check
[    0.000000] KERNEL supported cpus:
[    0.000000]   Intel GenuineIntel
[    0.000000]   AMD AuthenticAMD
[    0.000000]   Centaur CentaurHauls
[    0.000000] BIOS-provided physical RAM map:
[    0.000000]  BIOS-e820: 0000000000000000 - 000000000009fc00 (usable)
[    0.000000]  BIOS-e820: 000000000009fc00 - 00000000000a0000 (reserved)
[    0.000000]  BIOS-e820: 00000000000f0000 - 0000000000100000 (reserved)
[    0.000000]  BIOS-e820: 0000000000100000 - 0000000003ffe000 (usable)
[    0.000000]  BIOS-e820: 0000000003ffe000 - 0000000004000000 (reserved)
[    0.000000]  BIOS-e820: 00000000fffc0000 - 0000000100000000 (reserved)
[    0.000000] NX (Execute Disable) protection: active
[    0.000000] SMBIOS 2.4 present.
[    0.000000] No AGP bridge found
[    0.000000] last_pfn = 0x3ffe max_arch_pfn = 0x400000000
[    0.000000] x86 PAT enabled: cpu 0, old 0x7040600070406, new 0x7010600070106
[    0.000000] found SMP MP-table at [ffff8800000f0b00] f0b00
[    0.000000] init_memory_mapping: 0000000000000000-0000000003ffe000
[    0.000000] RAMDISK: 03c5e000 - 03ff0000
[    0.000000] ACPI: RSDP 00000000000f0950 00014 (v00 BOCHS )
[    0.000000] ACPI: RSDT 0000000003fffbc1 00034 (v01 BOCHS  BXPCRSDT 00000001 BXPC 00000001)
[    0.000000] ACPI: FACP 0000000003fff1c0 00074 (v01 BOCHS  BXPCFACP 00000001 BXPC 00000001)
[    0.000000] ACPI: DSDT 0000000003ffe040 01180 (v01 BOCHS  BXPCDSDT 00000001 BXPC 00000001)
[    0.000000] ACPI: FACS 0000000003ffe000 00040
[    0.000000] ACPI: SSDT 0000000003fff234 008DD (v01 BOCHS  BXPCSSDT 00000001 BXPC 00000001)
[    0.000000] ACPI: APIC 0000000003fffb11 00078 (v01 BOCHS  BXPCAPIC 00000001 BXPC 00000001)
[    0.000000] ACPI: HPET 0000000003fffb89 00038 (v01 BOCHS  BXPCHPET 00000001 BXPC 00000001)
[    0.000000] No NUMA configuration found
[    0.000000] Faking a node at 0000000000000000-0000000003ffe000
[    0.000000] Initmem setup node 0 0000000000000000-0000000003ffe000
[    0.000000]   NODE_DATA [0000000003ff6000 - 0000000003ffafff]
[    0.000000] Zone PFN ranges:
[    0.000000]   DMA      0x00000010 -&gt; 0x00001000
[    0.000000]   DMA32    0x00001000 -&gt; 0x00100000
[    0.000000]   Normal   empty
[    0.000000] Movable zone start PFN for each node
[    0.000000] early_node_map[2] active PFN ranges
[    0.000000]     0: 0x00000010 -&gt; 0x0000009f
[    0.000000]     0: 0x00000100 -&gt; 0x00003ffe
[    0.000000] ACPI: PM-Timer IO Port: 0xb008
[    0.000000] ACPI: LAPIC (acpi_id[0x00] lapic_id[0x00] enabled)
[    0.000000] ACPI: LAPIC_NMI (acpi_id[0xff] dfl dfl lint[0x1])
[    0.000000] ACPI: IOAPIC (id[0x00] address[0xfec00000] gsi_base[0])
[    0.000000] IOAPIC[0]: apic_id 0, version 17, address 0xfec00000, GSI 0-23
[    0.000000] ACPI: INT_SRC_OVR (bus 0 bus_irq 0 global_irq 2 dfl dfl)
[    0.000000] ACPI: INT_SRC_OVR (bus 0 bus_irq 5 global_irq 5 high level)
[    0.000000] ACPI: INT_SRC_OVR (bus 0 bus_irq 9 global_irq 9 high level)
[    0.000000] ACPI: INT_SRC_OVR (bus 0 bus_irq 10 global_irq 10 high level)
[    0.000000] ACPI: INT_SRC_OVR (bus 0 bus_irq 11 global_irq 11 high level)
[    0.000000] Using ACPI (MADT) for SMP configuration information
[    0.000000] ACPI: HPET id: 0x8086a201 base: 0xfed00000
[    0.000000] SMP: Allowing 1 CPUs, 0 hotplug CPUs
[    0.000000] PM: Registered nosave memory: 000000000009f000 - 00000000000a0000
[    0.000000] PM: Registered nosave memory: 00000000000a0000 - 00000000000f0000
[    0.000000] PM: Registered nosave memory: 00000000000f0000 - 0000000000100000
[    0.000000] Allocating PCI resources starting at 4000000 (gap: 4000000:fbfc0000)
[    0.000000] Booting paravirtualized kernel on bare hardware
[    0.000000] setup_percpu: NR_CPUS:64 nr_cpumask_bits:64 nr_cpu_ids:1 nr_node_ids:1
[    0.000000] PERCPU: Embedded 27 pages/cpu @ffff880003a00000 s78848 r8192 d23552 u2097152
[    0.000000] Built 1 zonelists in Node order, mobility grouping on.  Total pages: 16008
[    0.000000] Policy zone: DMA32
[    0.000000] Kernel command line: root=/dev/vda console=tty0 console=ttyS0 no_timer_check
[    0.000000] PID hash table entries: 256 (order: -1, 2048 bytes)
[    0.000000] Checking aperture...
[    0.000000] No AGP bridge found
[    0.000000] Memory: 43492k/65528k available (6576k kernel code, 452k absent, 21584k reserved, 6620k data, 928k init)
[    0.000000] SLUB: Genslabs=15, HWalign=64, Order=0-3, MinObjects=0, CPUs=1, Nodes=1
[    0.000000] Hierarchical RCU implementation.
[    0.000000] 	RCU dyntick-idle grace-period acceleration is enabled.
[    0.000000] NR_IRQS:4352 nr_irqs:256 16
[    0.000000] Console: colour VGA+ 80x25
[    0.000000] console [tty0] enabled
[    0.000000] console [ttyS0] enabled
[    0.000000] allocated 1048576 bytes of page_cgroup
[    0.000000] please try 'cgroup_disable=memory' option if you don't want memory cgroups
[    0.000000] Fast TSC calibration failed
[    0.000000] TSC: Unable to calibrate against PIT
[    0.000000] TSC: using HPET reference calibration
[    0.000000] Detected 2294.811 MHz processor.
[    0.037352] Calibrating delay loop (skipped), value calculated using timer frequency.. 4589.62 BogoMIPS (lpj=9179244)
[    0.039404] pid_max: default: 32768 minimum: 301
[    0.046613] Security Framework initialized
[    0.051439] AppArmor: AppArmor initialized
[    0.052116] Yama: becoming mindful.
[    0.058907] Dentry cache hash table entries: 8192 (order: 4, 65536 bytes)
[    0.060820] Inode-cache hash table entries: 4096 (order: 3, 32768 bytes)
[    0.062399] Mount-cache hash table entries: 256
[    0.078013] Initializing cgroup subsys cpuacct
[    0.078995] Initializing cgroup subsys memory
[    0.080707] Initializing cgroup subsys devices
[    0.081643] Initializing cgroup subsys freezer
[    0.082322] Initializing cgroup subsys blkio
[    0.083052] Initializing cgroup subsys perf_event
[    0.086854] mce: CPU supports 10 MCE banks
[    0.090624] SMP alternatives: switching to UP code
[    0.478780] Freeing SMP alternatives: 24k freed
[    0.480610] ACPI: Core revision 20110623
[    0.525641] ftrace: allocating 26610 entries in 105 pages
[    0.560034] ..TIMER: vector=0x30 apic1=0 pin1=2 apic2=-1 pin2=-1
[    0.560157] CPU0: AMD QEMU Virtual CPU version 2.0.0 stepping 03
[    0.564034] Performance Events: Broken PMU hardware detected, using software events only.
[    0.572548] NMI watchdog disabled (cpu0): hardware events not enabled
[    0.574073] Brought up 1 CPUs
[    0.574600] Total of 1 processors activated (4589.62 BogoMIPS).
[    0.597485] devtmpfs: initialized
[    0.626166] EVM: security.selinux
[    0.626746] EVM: security.SMACK64
[    0.627232] EVM: security.capability
[    0.654733] print_constraints: dummy: 
[    0.657467] RTC time:  6:53:12, date: 12/06/15
[    0.659324] NET: Registered protocol family 16
[    0.669649] ACPI: bus type pci registered
[    0.674600] PCI: Using configuration type 1 for base access
[    0.710802] bio: create slab &lt;bio-0&gt; at 0
[    0.715232] ACPI: Added _OSI(Module Device)
[    0.716148] ACPI: Added _OSI(Processor Device)
[    0.716720] ACPI: Added _OSI(3.0 _SCP Extensions)
[    0.717333] ACPI: Added _OSI(Processor Aggregator Device)
[    0.788510] ACPI: Interpreter enabled
[    0.789108] ACPI: (supports S0 S3 S4 S5)
[    0.791202] ACPI: Using IOAPIC for interrupt routing
[    0.869903] ACPI: No dock devices found.
[    0.870488] HEST: Table not found.
[    0.871056] PCI: Using host bridge windows from ACPI; if necessary, use "pci=nocrs" and report a bug
[    0.876593] ACPI: PCI Root Bridge [PCI0] (domain 0000 [bus 00-ff])
[    0.881788] pci_root PNP0A03:00: host bridge window [io  0x0000-0x0cf7]
[    0.882644] pci_root PNP0A03:00: host bridge window [io  0x0d00-0xadff]
[    0.884166] pci_root PNP0A03:00: host bridge window [io  0xae0f-0xaeff]
[    0.885755] pci_root PNP0A03:00: host bridge window [io  0xaf20-0xafdf]
[    0.888161] pci_root PNP0A03:00: host bridge window [io  0xafe4-0xffff]
[    0.889847] pci_root PNP0A03:00: host bridge window [mem 0x000a0000-0x000bffff]
[    0.892163] pci_root PNP0A03:00: host bridge window [mem 0x04000000-0xfebfffff]
[    0.918640] pci 0000:00:01.3: quirk: [io  0xb000-0xb03f] claimed by PIIX4 ACPI
[    0.920173] pci 0000:00:01.3: quirk: [io  0xb100-0xb10f] claimed by PIIX4 SMB
[    0.985224]  pci0000:00: Unable to request _OSC control (_OSC support mask: 0x1e)
[    1.052112] ACPI: PCI Interrupt Link [LNKA] (IRQs 5 *10 11)
[    1.054194] ACPI: PCI Interrupt Link [LNKB] (IRQs 5 *10 11)
[    1.056637] ACPI: PCI Interrupt Link [LNKC] (IRQs 5 10 *11)
[    1.058088] ACPI: PCI Interrupt Link [LNKD] (IRQs 5 10 *11)
[    1.060593] ACPI: PCI Interrupt Link [LNKS] (IRQs *9)
[    1.068379] vgaarb: device added: PCI:0000:00:02.0,decodes=io+mem,owns=io+mem,locks=none
[    1.069383] vgaarb: loaded
[    1.069958] vgaarb: bridge control possible 0000:00:02.0
[    1.074149] i2c-core: driver [aat2870] using legacy suspend method
[    1.075158] i2c-core: driver [aat2870] using legacy resume method
[    1.078097] SCSI subsystem initialized
[    1.085478] usbcore: registered new interface driver usbfs
[    1.088130] usbcore: registered new interface driver hub
[    1.089867] usbcore: registered new device driver usb
[    1.094596] PCI: Using ACPI for IRQ routing
[    1.118758] NetLabel: Initializing
[    1.119219] NetLabel:  domain hash size = 128
[    1.120155] NetLabel:  protocols = UNLABELED CIPSOv4
[    1.122337] NetLabel:  unlabeled traffic allowed by default
[    1.125510] HPET: 3 timers in total, 0 timers will be used for per-cpu timer
[    1.128325] hpet0: at MMIO 0xfed00000, IRQs 2, 8, 0
[    1.130078] hpet0: 3 comparators, 64-bit 100.000000 MHz counter
[    1.145806] Switching to clocksource hpet
[    1.400097] AppArmor: AppArmor Filesystem Enabled
[    1.401966] pnp: PnP ACPI init
[    1.403801] ACPI: bus type pnp registered
[    1.426371] pnp: PnP ACPI: found 9 devices
[    1.427088] ACPI: ACPI bus type pnp unregistered
[    1.488851] NET: Registered protocol family 2
[    1.521749] IP route cache hash table entries: 512 (order: 0, 4096 bytes)
[    1.531432] TCP established hash table entries: 2048 (order: 3, 32768 bytes)
[    1.533477] TCP bind hash table entries: 2048 (order: 3, 32768 bytes)
[    1.534388] TCP: Hash tables configured (established 2048 bind 2048)
[    1.535003] TCP reno registered
[    1.535539] UDP hash table entries: 128 (order: 0, 4096 bytes)
[    1.537230] UDP-Lite hash table entries: 128 (order: 0, 4096 bytes)
[    1.540079] NET: Registered protocol family 1
[    1.542079] pci 0000:00:00.0: Limiting direct PCI/PCI transfers
[    1.543022] pci 0000:00:01.0: PIIX3: Enabling Passive Release
[    1.544101] pci 0000:00:01.0: Activating ISA DMA hang workarounds
[    1.549449] ACPI: PCI Interrupt Link [LNKD] enabled at IRQ 11
[    1.550479] pci 0000:00:01.2: PCI INT D -&gt; Link[LNKD] -&gt; GSI 11 (level, high) -&gt; IRQ 11
[    1.553235] pci 0000:00:01.2: PCI INT D disabled
[    1.571129] Trying to unpack rootfs image as initramfs...
[    1.590123] audit: initializing netlink socket (disabled)
[    1.591530] type=2000 audit(1449384792.588:1): initialized
[    1.879355] HugeTLB registered 2 MB page size, pre-allocated 0 pages
[    1.983167] VFS: Disk quotas dquot_6.5.2
[    1.986227] Dquot-cache hash table entries: 512 (order 0, 4096 bytes)
[    2.007070] fuse init (API version 7.17)
[    2.010465] msgmni has been set to 84
[    2.046997] Block layer SCSI generic (bsg) driver version 0.4 loaded (major 253)
[    2.049778] io scheduler noop registered
[    2.050435] io scheduler deadline registered (default)
[    2.051408] io scheduler cfq registered
[    2.054804] pci_hotplug: PCI Hot Plug PCI Core version: 0.5
[    2.057429] pciehp: PCI Express Hot Plug Controller Driver version: 0.4
[    2.062211] input: Power Button as /devices/LNXSYSTM:00/LNXPWRBN:00/input/input0
[    2.063752] ACPI: Power Button [PWRF]
[    2.143306] ERST: Table is not found!
[    2.144314] GHES: HEST is not enabled!
[    2.160273] ACPI: PCI Interrupt Link [LNKC] enabled at IRQ 10
[    2.163069] virtio-pci 0000:00:03.0: PCI INT A -&gt; Link[LNKC] -&gt; GSI 10 (level, high) -&gt; IRQ 10
[    2.167687] virtio-pci 0000:00:04.0: PCI INT A -&gt; Link[LNKD] -&gt; GSI 11 (level, high) -&gt; IRQ 11
[    2.185953] ACPI: PCI Interrupt Link [LNKA] enabled at IRQ 10
[    2.186645] virtio-pci 0000:00:05.0: PCI INT A -&gt; Link[LNKA] -&gt; GSI 10 (level, high) -&gt; IRQ 10
[    2.197659] Serial: 8250/16550 driver, 32 ports, IRQ sharing enabled
[    2.238067] serial8250: ttyS0 at I/O 0x3f8 (irq = 4) is a 16550A
[    2.320754] serial8250: ttyS1 at I/O 0x2f8 (irq = 3) is a 16550A
[    2.446847] 00:05: ttyS0 at I/O 0x3f8 (irq = 4) is a 16550A
[    2.526838] 00:06: ttyS1 at I/O 0x2f8 (irq = 3) is a 16550A
[    2.558756] Refined TSC clocksource calibration: 2294.897 MHz.
[    2.560012] Switching to clocksource tsc
[    2.589097] Linux agpgart interface v0.103
[    2.672539] brd: module loaded
[    2.706842] loop: module loaded
[    2.773749]  vda: unknown partition table
[    2.825788] scsi0 : ata_piix
[    2.833866] scsi1 : ata_piix
[    2.835204] ata1: PATA max MWDMA2 cmd 0x1f0 ctl 0x3f6 bmdma 0xc0a0 irq 14
[    2.836076] ata2: PATA max MWDMA2 cmd 0x170 ctl 0x376 bmdma 0xc0a8 irq 15
[    2.848041] Fixed MDIO Bus: probed
[    2.850764] tun: Universal TUN/TAP device driver, 1.6
[    2.852114] tun: (C) 1999-2004 Max Krasnyansky &lt;maxk@qualcomm.com&gt;
[    2.870370] PPP generic driver version 2.4.2
[    2.899951] ehci_hcd: USB 2.0 'Enhanced' Host Controller (EHCI) Driver
[    2.902099] ohci_hcd: USB 1.1 'Open' Host Controller (OHCI) Driver
[    2.903075] uhci_hcd: USB Universal Host Controller Interface driver
[    2.904083] uhci_hcd 0000:00:01.2: PCI INT D -&gt; Link[LNKD] -&gt; GSI 11 (level, high) -&gt; IRQ 11
[    2.907249] uhci_hcd 0000:00:01.2: UHCI Host Controller
[    2.918164] uhci_hcd 0000:00:01.2: new USB bus registered, assigned bus number 1
[    2.919974] uhci_hcd 0000:00:01.2: irq 11, io base 0x0000c040
[    2.944591] hub 1-0:1.0: USB hub found
[    2.950036] hub 1-0:1.0: 2 ports detected
[    2.960035] usbcore: registered new interface driver libusual
[    2.963491] i8042: PNP: PS/2 Controller [PNP0303:KBD,PNP0f13:MOU] at 0x60,0x64 irq 1,12
[    2.979623] serio: i8042 KBD port at 0x60,0x64 irq 1
[    2.983819] serio: i8042 AUX port at 0x60,0x64 irq 12
[    3.041237] mousedev: PS/2 mouse device common for all mice
[    3.054272] input: AT Translated Set 2 keyboard as /devices/platform/i8042/serio0/input/input1
[    3.077794] rtc_cmos 00:01: RTC can wake from S4
[    3.093352] rtc_cmos 00:01: rtc core: registered rtc_cmos as rtc0
[    3.097353] rtc0: alarms up to one day, 114 bytes nvram, hpet irqs
[    3.100780] device-mapper: uevent: version 1.0.3
[    3.117269] ata2.01: ATAPI: QEMU DVD-ROM, 2.0.0, max UDMA/100
[    3.129961] ata2.01: configured for MWDMA2
[    3.148592] device-mapper: ioctl: 4.22.0-ioctl (2011-10-19) initialised: dm-devel@redhat.com
[    3.151992] cpuidle: using governor ladder
[    3.153878] cpuidle: using governor menu
[    3.155238] EFI Variables Facility v0.08 2004-May-17
[    3.170561] TCP cubic registered
[    3.175539] NET: Registered protocol family 10
[    3.203849] NET: Registered protocol family 17
[    3.204999] Registering the dns_resolver key type
[    3.220031] scsi 1:0:1:0: CD-ROM            QEMU     QEMU DVD-ROM     2.0. PQ: 0 ANSI: 5
[    3.241198] sr0: scsi3-mmc drive: 4x/4x cd/rw xa/form2 tray
[    3.242465] cdrom: Uniform CD-ROM driver Revision: 3.20
[    3.267212] sr 1:0:1:0: Attached scsi generic sg0 type 5
[    3.310612] registered taskstats version 1
[    3.431610] Freeing initrd memory: 3656k freed
[    3.950869]   Magic number: 11:460:872
[    3.961867] rtc_cmos 00:01: setting system clock to 2015-12-06 06:53:15 UTC (1449384795)
[    3.964591] powernow-k8: Processor cpuid 663 not supported
[    3.971932] BIOS EDD facility v0.16 2004-Jun-25, 0 devices found
[    3.973563] EDD information not available.
[    4.028048] Freeing unused kernel memory: 928k freed
[    4.033733] Write protecting the kernel read-only data: 12288k
[    4.139751] Freeing unused kernel memory: 1596k freed
[    4.204137] Freeing unused kernel memory: 1184k freed

info: initramfs: up at 4.38
modprobe: module virtio_blk not found in modules.dep
modprobe: module virtio_net not found in modules.dep
info: copying initramfs to /dev/vda
info: initramfs loading root from /dev/vda
info: /etc/init.d/rc.sysinit: up at 8.91
info: container: none
Starting logging: OK
modprobe: module virtio_blk not found in modules.dep
modprobe: module virtio_net not found in modules.dep
WARN: /etc/rc3.d/S10-load-modules failed
Initializing random number generator... done.
Starting acpid: OK
cirros-ds 'local' up at 11.60
found datasource (configdrive, local)
Starting network...
udhcpc (v1.20.1) started
Sending discover...
Sending discover...

2015-12-06 06:55:12,428 20694 INFO     [tempest_lib.common.rest_client] Request (TestNetworkBasicOps:_run_cleanups): 204 DELETE http://10.0.2.15:9696/v2.0/floatingips/ade36391-ddf3-4a15-b4b2-14610591b004 0.283s
2015-12-06 06:55:12,428 20694 DEBUG    [tempest_lib.common.rest_client] Request - Headers: {'Content-Type': 'application/json', 'Accept': 'application/json', 'X-Auth-Token': '&lt;omitted&gt;'}
        Body: None
    Response - Headers: {'date': 'Sun, 06 Dec 2015 06:55:12 GMT', 'status': '204', 'connection': 'close', 'content-length': '0', 'x-openstack-request-id': 'req-10e059b0-a0a1-433b-a237-b405190c4e22'}
        Body: 
2015-12-06 06:55:12,639 20694 INFO     [tempest_lib.common.rest_client] Request (TestNetworkBasicOps:_run_cleanups): 204 DELETE http://10.0.2.15:8774/v2.1/726fa80b61c34cca857042604d9d4e82/servers/926a5f54-9b18-4c55-ae0d-9ac3d1cd000e 0.211s
2015-12-06 06:55:12,640 20694 DEBUG    [tempest_lib.common.rest_client] Request - Headers: {'Content-Type': 'application/json', 'Accept': 'application/json', 'X-Auth-Token': '&lt;omitted&gt;'}
        Body: None
    Response - Headers: {'status': '204', 'content-length': '0', 'x-compute-request-id': 'req-056fe79c-f5a0-4268-a7f3-9c7716af469f', 'vary': 'X-OpenStack-Nova-API-Version', 'connection': 'close', 'x-openstack-nova-api-version': '2.1', 'date': 'Sun, 06 Dec 2015 06:55:12 GMT', 'content-type': 'application/json'}
        Body: 
2015-12-06 06:55:12,865 20694 INFO     [tempest_lib.common.rest_client] Request (TestNetworkBasicOps:_run_cleanups): 200 GET http://10.0.2.15:8774/v2.1/726fa80b61c34cca857042604d9d4e82/servers/926a5f54-9b18-4c55-ae0d-9ac3d1cd000e 0.224s
2015-12-06 06:55:12,866 20694 DEBUG    [tempest_lib.common.rest_client] Request - Headers: {'Content-Type': 'application/json', 'Accept': 'application/json', 'X-Auth-Token': '&lt;omitted&gt;'}
        Body: None
    Response - Headers: {'status': '200', 'content-length': '1775', 'content-location': 'http://10.0.2.15:8774/v2.1/726fa80b61c34cca857042604d9d4e82/servers/926a5f54-9b18-4c55-ae0d-9ac3d1cd000e', 'x-compute-request-id': 'req-a2e5769a-62ff-4825-bd41-3e2ce03daa4f', 'vary': 'X-OpenStack-Nova-API-Version', 'connection': 'close', 'x-openstack-nova-api-version': '2.1', 'date': 'Sun, 06 Dec 2015 06:55:12 GMT', 'content-type': 'application/json'}
        Body: {"server": {"status": "ACTIVE", "updated": "2015-12-06T06:55:12Z", "hostId": "31cec342ee1702d79c57a44a556e4c452b19077e60b42867c19aeef6", "addresses": {"tempest-network-smoke--1471510546": [{"OS-EXT-IPS-MAC:mac_addr": "fa:16:3e:18:fa:a5", "version": 4, "addr": "10.100.0.3", "OS-EXT-IPS:type": "fixed"}, {"OS-EXT-IPS-MAC:mac_addr": "fa:16:3e:18:fa:a5", "version": 4, "addr": "172.24.4.4", "OS-EXT-IPS:type": "floating"}]}, "links": [{"href": "http://10.0.2.15:8774/v2.1/726fa80b61c34cca857042604d9d4e82/servers/926a5f54-9b18-4c55-ae0d-9ac3d1cd000e", "rel": "self"}, {"href": "http://10.0.2.15:8774/726fa80b61c34cca857042604d9d4e82/servers/926a5f54-9b18-4c55-ae0d-9ac3d1cd000e", "rel": "bookmark"}], "key_name": "tempest-TestNetworkBasicOps-357734300", "image": {"id": "5e6ed751-d8e2-4605-9471-ed1cdad7e301", "links": [{"href": "http://10.0.2.15:8774/726fa80b61c34cca857042604d9d4e82/images/5e6ed751-d8e2-4605-9471-ed1cdad7e301", "rel": "bookmark"}]}, "OS-EXT-STS:task_state": "deleting", "OS-EXT-STS:vm_state": "active", "OS-SRV-USG:launched_at": "2015-12-06T06:53:09.000000", "flavor": {"id": "42", "links": [{"href": "http://10.0.2.15:8774/726fa80b61c34cca857042604d9d4e82/flavors/42", "rel": "bookmark"}]}, "id": "926a5f54-9b18-4c55-ae0d-9ac3d1cd000e", "security_groups": [{"name": "tempest-secgroup-smoke-270652684"}], "OS-SRV-USG:terminated_at": null, "OS-EXT-AZ:availability_zone": "nova", "user_id": "cebdd8d50e4a4cba991c3b835bca7a31", "name": "tempest.common.compute-instance-1631782872", "created": "2015-12-06T06:53:05Z", "tenant_id": "726fa80b61c34cca857042604d9d4e82", "OS-DCF:diskConfig": "MANUAL", "os-extended-volumes:volumes_attached": [], "accessIPv4": "", "accessIPv6": "", "progress": 0, "OS-EXT-STS:power_state": 1, "config_drive": "True", "metadata": {}}}
2015-12-06 06:55:14,022 20694 INFO     [tempest_lib.common.rest_client] Request (TestNetworkBasicOps:_run_cleanups): 200 GET http://10.0.2.15:8774/v2.1/726fa80b61c34cca857042604d9d4e82/servers/926a5f54-9b18-4c55-ae0d-9ac3d1cd000e 0.143s
2015-12-06 06:55:14,023 20694 DEBUG    [tempest_lib.common.rest_client] Request - Headers: {'Content-Type': 'application/json', 'Accept': 'application/json', 'X-Auth-Token': '&lt;omitted&gt;'}
        Body: None
    Response - Headers: {'status': '200', 'content-length': '1440', 'content-location': 'http://10.0.2.15:8774/v2.1/726fa80b61c34cca857042604d9d4e82/servers/926a5f54-9b18-4c55-ae0d-9ac3d1cd000e', 'x-compute-request-id': 'req-fc289a5e-228c-4d3f-9664-5a1635b9b9e5', 'vary': 'X-OpenStack-Nova-API-Version', 'connection': 'close', 'x-openstack-nova-api-version': '2.1', 'date': 'Sun, 06 Dec 2015 06:55:14 GMT', 'content-type': 'application/json'}
        Body: {"server": {"status": "ACTIVE", "updated": "2015-12-06T06:55:13Z", "hostId": "31cec342ee1702d79c57a44a556e4c452b19077e60b42867c19aeef6", "addresses": {}, "links": [{"href": "http://10.0.2.15:8774/v2.1/726fa80b61c34cca857042604d9d4e82/servers/926a5f54-9b18-4c55-ae0d-9ac3d1cd000e", "rel": "self"}, {"href": "http://10.0.2.15:8774/726fa80b61c34cca857042604d9d4e82/servers/926a5f54-9b18-4c55-ae0d-9ac3d1cd000e", "rel": "bookmark"}], "key_name": "tempest-TestNetworkBasicOps-357734300", "image": {"id": "5e6ed751-d8e2-4605-9471-ed1cdad7e301", "links": [{"href": "http://10.0.2.15:8774/726fa80b61c34cca857042604d9d4e82/images/5e6ed751-d8e2-4605-9471-ed1cdad7e301", "rel": "bookmark"}]}, "OS-EXT-STS:task_state": "deleting", "OS-EXT-STS:vm_state": "active", "OS-SRV-USG:launched_at": "2015-12-06T06:53:09.000000", "flavor": {"id": "42", "links": [{"href": "http://10.0.2.15:8774/726fa80b61c34cca857042604d9d4e82/flavors/42", "rel": "bookmark"}]}, "id": "926a5f54-9b18-4c55-ae0d-9ac3d1cd000e", "OS-SRV-USG:terminated_at": null, "OS-EXT-AZ:availability_zone": "nova", "user_id": "cebdd8d50e4a4cba991c3b835bca7a31", "name": "tempest.common.compute-instance-1631782872", "created": "2015-12-06T06:53:05Z", "tenant_id": "726fa80b61c34cca857042604d9d4e82", "OS-DCF:diskConfig": "MANUAL", "os-extended-volumes:volumes_attached": [], "accessIPv4": "", "accessIPv6": "", "progress": 0, "OS-EXT-STS:power_state": 1, "config_drive": "True", "metadata": {}}}
2015-12-06 06:55:15,119 20694 INFO     [tempest_lib.common.rest_client] Request (TestNetworkBasicOps:_run_cleanups): 404 GET http://10.0.2.15:8774/v2.1/726fa80b61c34cca857042604d9d4e82/servers/926a5f54-9b18-4c55-ae0d-9ac3d1cd000e 0.083s
2015-12-06 06:55:15,120 20694 DEBUG    [tempest_lib.common.rest_client] Request - Headers: {'Content-Type': 'application/json', 'Accept': 'application/json', 'X-Auth-Token': '&lt;omitted&gt;'}
        Body: None
    Response - Headers: {'status': '404', 'content-length': '111', 'x-compute-request-id': 'req-353f7a18-1cb2-4c59-969b-67feeceed082', 'vary': 'X-OpenStack-Nova-API-Version', 'connection': 'close', 'x-openstack-nova-api-version': '2.1', 'date': 'Sun, 06 Dec 2015 06:55:15 GMT', 'content-type': 'application/json; charset=UTF-8'}
        Body: {"itemNotFound": {"message": "Instance 926a5f54-9b18-4c55-ae0d-9ac3d1cd000e could not be found.", "code": 404}}
2015-12-06 06:55:15,142 20694 INFO     [tempest_lib.common.rest_client] Request (TestNetworkBasicOps:_run_cleanups): 202 DELETE http://10.0.2.15:8774/v2.1/726fa80b61c34cca857042604d9d4e82/os-keypairs/tempest-TestNetworkBasicOps-357734300 0.021s
2015-12-06 06:55:15,143 20694 DEBUG    [tempest_lib.common.rest_client] Request - Headers: {'Content-Type': 'application/json', 'Accept': 'application/json', 'X-Auth-Token': '&lt;omitted&gt;'}
        Body: None
    Response - Headers: {'status': '202', 'content-length': '0', 'x-compute-request-id': 'req-0a1e8ea3-563b-4f9b-978e-3a03a1ab2b6d', 'vary': 'X-OpenStack-Nova-API-Version', 'connection': 'close', 'x-openstack-nova-api-version': '2.1', 'date': 'Sun, 06 Dec 2015 06:55:15 GMT', 'content-type': 'application/json'}
        Body: 
2015-12-06 06:55:15,608 20694 INFO     [tempest_lib.common.rest_client] Request (TestNetworkBasicOps:_run_cleanups): 200 PUT http://10.0.2.15:9696/v2.0/routers/06009c5e-9463-4bc7-9bed-68053f2ba22e/remove_router_interface 0.464s
2015-12-06 06:55:15,608 20694 DEBUG    [tempest_lib.common.rest_client] Request - Headers: {'Content-Type': 'application/json', 'Accept': 'application/json', 'X-Auth-Token': '&lt;omitted&gt;'}
        Body: {"subnet_id": "5ee48104-fb51-41bb-88a2-6a30a8c871be"}
    Response - Headers: {'status': '200', 'content-length': '255', 'connection': 'close', 'date': 'Sun, 06 Dec 2015 06:55:15 GMT', 'content-type': 'application/json; charset=UTF-8', 'x-openstack-request-id': 'req-49adc668-8018-4690-9ab8-d876e6388b82'}
        Body: {"subnet_id": "5ee48104-fb51-41bb-88a2-6a30a8c871be", "tenant_id": "726fa80b61c34cca857042604d9d4e82", "subnet_ids": ["5ee48104-fb51-41bb-88a2-6a30a8c871be"], "port_id": "22d52fb0-3d91-459a-adcd-18103986832b", "id": "06009c5e-9463-4bc7-9bed-68053f2ba22e"}
2015-12-06 06:55:16,043 20694 INFO     [tempest_lib.common.rest_client] Request (TestNetworkBasicOps:_run_cleanups): 204 DELETE http://10.0.2.15:9696/v2.0/subnets/5ee48104-fb51-41bb-88a2-6a30a8c871be 0.434s
2015-12-06 06:55:16,043 20694 DEBUG    [tempest_lib.common.rest_client] Request - Headers: {'Content-Type': 'application/json', 'Accept': 'application/json', 'X-Auth-Token': '&lt;omitted&gt;'}
        Body: None
    Response - Headers: {'date': 'Sun, 06 Dec 2015 06:55:16 GMT', 'status': '204', 'connection': 'close', 'content-length': '0', 'x-openstack-request-id': 'req-806b4842-b29b-4a9b-9753-9185026665ec'}
        Body: 
2015-12-06 06:55:16,125 20694 INFO     [tempest_lib.common.rest_client] Request (TestNetworkBasicOps:_run_cleanups): 200 GET http://10.0.2.15:9696/v2.0/routers/06009c5e-9463-4bc7-9bed-68053f2ba22e 0.081s
2015-12-06 06:55:16,126 20694 DEBUG    [tempest_lib.common.rest_client] Request - Headers: {'Content-Type': 'application/json', 'Accept': 'application/json', 'X-Auth-Token': '&lt;omitted&gt;'}
        Body: None
    Response - Headers: {'status': '200', 'content-length': '563', 'content-location': 'http://10.0.2.15:9696/v2.0/routers/06009c5e-9463-4bc7-9bed-68053f2ba22e', 'connection': 'close', 'date': 'Sun, 06 Dec 2015 06:55:16 GMT', 'content-type': 'application/json; charset=UTF-8', 'x-openstack-request-id': 'req-e255ebab-a2c2-4b47-a185-820dbccf6540'}
        Body: {"router": {"status": "ACTIVE", "external_gateway_info": {"network_id": "78ce0e17-c338-4536-bb8c-f6692bce644a", "enable_snat": true, "external_fixed_ips": [{"subnet_id": "27ce9f68-572a-43e4-822e-fbd1ec01b498", "ip_address": "172.24.4.3"}, {"subnet_id": "becadcbd-a631-4612-96b9-5f4f8cf05ac4", "ip_address": "2001:db8::4"}]}, "availability_zone_hints": [], "availability_zones": ["nova"], "name": "tempest-router-smoke-733466035", "admin_state_up": true, "tenant_id": "726fa80b61c34cca857042604d9d4e82", "routes": [], "id": "06009c5e-9463-4bc7-9bed-68053f2ba22e"}}
2015-12-06 06:55:16,626 20694 INFO     [tempest_lib.common.rest_client] Request (TestNetworkBasicOps:_run_cleanups): 200 PUT http://10.0.2.15:9696/v2.0/routers/06009c5e-9463-4bc7-9bed-68053f2ba22e 0.499s
2015-12-06 06:55:16,626 20694 DEBUG    [tempest_lib.common.rest_client] Request - Headers: {'Content-Type': 'application/json', 'Accept': 'application/json', 'X-Auth-Token': '&lt;omitted&gt;'}
        Body: {"router": {"external_gateway_info": {}, "name": "tempest-router-smoke-733466035", "admin_state_up": true}}
    Response - Headers: {'status': '200', 'content-length': '301', 'connection': 'close', 'date': 'Sun, 06 Dec 2015 06:55:16 GMT', 'content-type': 'application/json; charset=UTF-8', 'x-openstack-request-id': 'req-dbfdc291-4d48-4a36-a8e0-1f8b6ec57260'}
        Body: {"router": {"status": "ACTIVE", "external_gateway_info": null, "availability_zone_hints": [], "availability_zones": ["nova"], "name": "tempest-router-smoke-733466035", "admin_state_up": true, "tenant_id": "726fa80b61c34cca857042604d9d4e82", "routes": [], "id": "06009c5e-9463-4bc7-9bed-68053f2ba22e"}}
2015-12-06 06:55:16,985 20694 INFO     [tempest_lib.common.rest_client] Request (TestNetworkBasicOps:_run_cleanups): 204 DELETE http://10.0.2.15:9696/v2.0/routers/06009c5e-9463-4bc7-9bed-68053f2ba22e 0.357s
2015-12-06 06:55:16,986 20694 DEBUG    [tempest_lib.common.rest_client] Request - Headers: {'Content-Type': 'application/json', 'Accept': 'application/json', 'X-Auth-Token': '&lt;omitted&gt;'}
        Body: None
    Response - Headers: {'date': 'Sun, 06 Dec 2015 06:55:16 GMT', 'status': '204', 'connection': 'close', 'content-length': '0', 'x-openstack-request-id': 'req-98cd22bd-f204-485b-a646-d8b1792bd865'}
        Body: 
2015-12-06 06:55:17,197 20694 INFO     [tempest_lib.common.rest_client] Request (TestNetworkBasicOps:_run_cleanups): 204 DELETE http://10.0.2.15:9696/v2.0/networks/b09e0c6f-ee2f-46f2-8596-1e9e2965d046 0.209s
2015-12-06 06:55:17,198 20694 DEBUG    [tempest_lib.common.rest_client] Request - Headers: {'Content-Type': 'application/json', 'Accept': 'application/json', 'X-Auth-Token': '&lt;omitted&gt;'}
        Body: None
    Response - Headers: {'date': 'Sun, 06 Dec 2015 06:55:17 GMT', 'status': '204', 'connection': 'close', 'content-length': '0', 'x-openstack-request-id': 'req-4f80fe96-7e03-4112-bf85-ea7d1d37b9a6'}
        Body: 
2015-12-06 06:55:17,260 20694 INFO     [tempest_lib.common.rest_client] Request (TestNetworkBasicOps:_run_cleanups): 204 DELETE http://10.0.2.15:9696/v2.0/security-group-rules/59916663-9296-4bb0-8e73-e508fb16ba0b 0.061s
2015-12-06 06:55:17,261 20694 DEBUG    [tempest_lib.common.rest_client] Request - Headers: {'Content-Type': 'application/json', 'Accept': 'application/json', 'X-Auth-Token': '&lt;omitted&gt;'}
        Body: None
    Response - Headers: {'date': 'Sun, 06 Dec 2015 06:55:17 GMT', 'status': '204', 'connection': 'close', 'content-length': '0', 'x-openstack-request-id': 'req-c03385bc-7de8-4e77-ab19-beab569e6459'}
        Body: 
2015-12-06 06:55:17,320 20694 INFO     [tempest_lib.common.rest_client] Request (TestNetworkBasicOps:_run_cleanups): 204 DELETE http://10.0.2.15:9696/v2.0/security-group-rules/57b7ea46-ff5f-472c-a603-75b67ae53a7e 0.058s
2015-12-06 06:55:17,321 20694 DEBUG    [tempest_lib.common.rest_client] Request - Headers: {'Content-Type': 'application/json', 'Accept': 'application/json', 'X-Auth-Token': '&lt;omitted&gt;'}
        Body: None
    Response - Headers: {'date': 'Sun, 06 Dec 2015 06:55:17 GMT', 'status': '204', 'connection': 'close', 'content-length': '0', 'x-openstack-request-id': 'req-158622ff-931e-45b9-8d87-05abcd68f6c4'}
        Body: 
2015-12-06 06:55:17,385 20694 INFO     [tempest_lib.common.rest_client] Request (TestNetworkBasicOps:_run_cleanups): 204 DELETE http://10.0.2.15:9696/v2.0/security-group-rules/e85680cd-2930-4b7a-adb3-81f54a2c2fe1 0.063s
2015-12-06 06:55:17,386 20694 DEBUG    [tempest_lib.common.rest_client] Request - Headers: {'Content-Type': 'application/json', 'Accept': 'application/json', 'X-Auth-Token': '&lt;omitted&gt;'}
        Body: None
    Response - Headers: {'date': 'Sun, 06 Dec 2015 06:55:17 GMT', 'status': '204', 'connection': 'close', 'content-length': '0', 'x-openstack-request-id': 'req-67e5f1a4-e7f7-4a65-b6fd-2d0abec839d5'}
        Body: 
2015-12-06 06:55:17,452 20694 INFO     [tempest_lib.common.rest_client] Request (TestNetworkBasicOps:_run_cleanups): 204 DELETE http://10.0.2.15:9696/v2.0/security-group-rules/efd285dd-e38f-47c4-8fff-735551966758 0.065s
2015-12-06 06:55:17,453 20694 DEBUG    [tempest_lib.common.rest_client] Request - Headers: {'Content-Type': 'application/json', 'Accept': 'application/json', 'X-Auth-Token': '&lt;omitted&gt;'}
        Body: None
    Response - Headers: {'date': 'Sun, 06 Dec 2015 06:55:17 GMT', 'status': '204', 'connection': 'close', 'content-length': '0', 'x-openstack-request-id': 'req-f943bcea-3dc8-478b-93f7-2a8ca606fecf'}
        Body: 
2015-12-06 06:55:17,512 20694 INFO     [tempest_lib.common.rest_client] Request (TestNetworkBasicOps:_run_cleanups): 204 DELETE http://10.0.2.15:9696/v2.0/security-group-rules/ef7c37ff-28d1-439e-8357-53bc371959ae 0.058s
2015-12-06 06:55:17,513 20694 DEBUG    [tempest_lib.common.rest_client] Request - Headers: {'Content-Type': 'application/json', 'Accept': 'application/json', 'X-Auth-Token': '&lt;omitted&gt;'}
        Body: None
