<?xml version="1.0" encoding="UTF-8"?>
<!DOCTYPE html PUBLIC "-//W3C//DTD XHTML 1.0 Strict//EN"
     "http://www.w3.org/TR/xhtml1/DTD/xhtml1-strict.dtd">
<html xmlns="http://www.w3.org/1999/xhtml">
<head>
    <title>Unit Test Report</title>
    <meta name="generator" content="subunit2html 0.1"/>
    <meta http-equiv="Content-Type" content="text/html; charset=UTF-8"/>
    
<style type="text/css" media="screen">
body        { font-family: verdana, arial, helvetica, sans-serif;
    font-size: 80%; }
table       { font-size: 100%; width: 100%;}
pre         { font-size: 80%; }

/* -- heading -------------------------------------------------------------- */
h1 {
        font-size: 16pt;
        color: gray;
}
.heading {
    margin-top: 0ex;
    margin-bottom: 1ex;
}

.heading .attribute {
    margin-top: 1ex;
    margin-bottom: 0;
}

.heading .description {
    margin-top: 4ex;
    margin-bottom: 6ex;
}

/* -- css div popup -------------------------------------------------------- */
a.popup_link {
}

a.popup_link:hover {
    color: red;
}

.popup_window {
    display: none;
    overflow-x: scroll;
    /*border: solid #627173 1px; */
    padding: 10px;
    background-color: #E6E6D6;
    font-family: "Ubuntu Mono", "Lucida Console", "Courier New", monospace;
    text-align: left;
    font-size: 8pt;
}

}
/* -- report --------------------------------------------------------------- */
#show_detail_line {
    margin-top: 3ex;
    margin-bottom: 1ex;
}
#result_table {
    width: 100%;
    border-collapse: collapse;
    border: 1px solid #777;
}
#header_row {
    font-weight: bold;
    color: white;
    background-color: #777;
}
#result_table td {
    border: 1px solid #777;
    padding: 2px;
}
#total_row  { font-weight: bold; }
.passClass  { background-color: #6c6; }
.failClass  { background-color: #c60; }
.errorClass { background-color: #c00; }
.passCase   { color: #6c6; }
.failCase   { color: #c60; font-weight: bold; }
.errorCase  { color: #c00; font-weight: bold; }
.hiddenRow  { display: none; }
.testcase   { margin-left: 2em; }
td.testname {width: 40%}
td.small {width: 40px}

/* -- ending --------------------------------------------------------------- */
#ending {
}

</style>

</head>
<body>
<script language="javascript" type="text/javascript"><!--
output_list = Array();

/* level - 0:Summary; 1:Failed; 2:All */
function showCase(level) {
    trs = document.getElementsByTagName("tr");
    for (var i = 0; i < trs.length; i++) {
        tr = trs[i];
        id = tr.id;
        if (id.substr(0,2) == 'ft') {
            if (level < 1) {
                tr.className = 'hiddenRow';
            }
            else {
                tr.className = '';
            }
        }
        if (id.substr(0,2) == 'pt') {
            if (level > 1) {
                tr.className = '';
            }
            else {
                tr.className = 'hiddenRow';
            }
        }
    }
}


function showClassDetail(cid, count) {
    var id_list = Array(count);
    var toHide = 1;
    for (var i = 0; i < count; i++) {
        tid0 = 't' + cid.substr(1) + '.' + (i+1);
        tid = 'f' + tid0;
        tr = document.getElementById(tid);
        if (!tr) {
            tid = 'p' + tid0;
            tr = document.getElementById(tid);
        }
        id_list[i] = tid;
        if (tr.className) {
            toHide = 0;
        }
    }
    for (var i = 0; i < count; i++) {
        tid = id_list[i];
        if (toHide) {
            document.getElementById('div_'+tid).style.display = 'none'
            document.getElementById(tid).className = 'hiddenRow';
        }
        else {
            document.getElementById(tid).className = '';
        }
    }
}


function showTestDetail(div_id){
    var details_div = document.getElementById(div_id)
    var displayState = details_div.style.display
    // alert(displayState)
    if (displayState != 'block' ) {
        displayState = 'block'
        details_div.style.display = 'block'
    }
    else {
        details_div.style.display = 'none'
    }
}


function html_escape(s) {
    s = s.replace(/&/g,'&amp;');
    s = s.replace(/</g,'&lt;');
    s = s.replace(/>/g,'&gt;');
    return s;
}

/* obsoleted by detail in <div>
function showOutput(id, name) {
    var w = window.open("", //url
                    name,
                    "resizable,scrollbars,status,width=800,height=450");
    d = w.document;
    d.write("<pre>");
    d.write(html_escape(output_list[id]));
    d.write("\n");
    d.write("<a href='javascript:window.close()'>close</a>\n");
    d.write("</pre>\n");
    d.close();
}
*/
--></script>

<div class='heading'>
<h1>Unit Test Report</h1>

<p class='attribute'><strong>Status:</strong> Pass 1 Failure 7 Skip 1</p>

<p class='description'></p>
</div>



<p id='show_detail_line'>Show
<a href='javascript:showCase(0)'>Summary</a>
<a href='javascript:showCase(1)'>Failed</a>
<a href='javascript:showCase(2)'>All</a>
</p>
<table id='result_table'>
<colgroup>
<col align='left' />
<col align='right' />
<col align='right' />
<col align='right' />
<col align='right' />
<col align='right' />
<col align='right' />
<col align='right' />
</colgroup>
<tr id='header_row'>
    <td>Test Group/Test case</td>
    <td>Count</td>
    <td>Pass</td>
    <td>Fail</td>
    <td>Error</td>
    <td>Skip</td>
    <td>View</td>
    <td> </td>
</tr>

<tr class='failClass'>
    <td class="testname">tempest.scenario.test_network_basic_ops.TestNetworkBasicOps</td>
    <td class="small">9</td>
    <td class="small">1</td>
    <td class="small">7</td>
    <td class="small">0</td>
    <td class="small">1</td>
    <td class="small"><a href="javascript:showClassDetail('c1',9)"
>Detail</a></td>
    <td> </td>
</tr>

<tr id='ft1.1' class='none'>
    <td class='failCase'><div class='testcase'>test_connectivity_between_vms_on_different_networks[compute,id-1546850e-fbaa-42f5-8b5f-03d8a6a95f15,network]</div></td>
    <td colspan='7' align='left'>

    <!--css div popup start-->
    <a class="popup_link" onfocus='this.blur();'
    href="javascript:showTestDetail('div_ft1.1')" >
        fail</a>

    <div id='div_ft1.1' class="popup_window">
        <div style='text-align: right; color:red;cursor:pointer'>
        <a onfocus='this.blur();'
onclick="document.getElementById('div_ft1.1').style.display = 'none' " >
           [x]</a>
        </div>
        <pre>
        
ft1.1: tempest.scenario.test_network_basic_ops.TestNetworkBasicOps.test_connectivity_between_vms_on_different_networks[compute,id-1546850e-fbaa-42f5-8b5f-03d8a6a95f15,network]_StringException: Empty attachments:
  stderr
  stdout

pythonlogging:'': {{{
2016-01-04 23:25:49,551 24695 INFO     [tempest_lib.common.rest_client] Request (TestNetworkBasicOps:test_connectivity_between_vms_on_different_networks): 201 POST http://10.0.2.15:9696/v2.0/security-groups 0.330s
2016-01-04 23:25:49,551 24695 DEBUG    [tempest_lib.common.rest_client] Request - Headers: {'Content-Type': 'application/json', 'Accept': 'application/json', 'X-Auth-Token': '&lt;omitted&gt;'}
        Body: {"security_group": {"tenant_id": "7e41f7c4e81b407783c6d612e9279387", "description": "tempest-secgroup-smoke-882992572 description", "name": "tempest-secgroup-smoke-882992572"}}
    Response - Headers: {'status': '201', 'content-length': '886', 'connection': 'close', 'date': 'Mon, 04 Jan 2016 23:25:49 GMT', 'content-type': 'application/json; charset=UTF-8', 'x-openstack-request-id': 'req-3491cc4f-2ab2-4ae7-a581-22e426e37221'}
        Body: {"security_group": {"tenant_id": "7e41f7c4e81b407783c6d612e9279387", "description": "tempest-secgroup-smoke-882992572 description", "id": "ca335fc9-f33d-4c9e-a521-e41f3be30a96", "security_group_rules": [{"remote_group_id": null, "direction": "egress", "remote_ip_prefix": null, "protocol": null, "ethertype": "IPv4", "tenant_id": "7e41f7c4e81b407783c6d612e9279387", "port_range_max": null, "port_range_min": null, "id": "243338c7-8866-4505-be93-11a497f1d924", "security_group_id": "ca335fc9-f33d-4c9e-a521-e41f3be30a96"}, {"remote_group_id": null, "direction": "egress", "remote_ip_prefix": null, "protocol": null, "ethertype": "IPv6", "tenant_id": "7e41f7c4e81b407783c6d612e9279387", "port_range_max": null, "port_range_min": null, "id": "8fb6bbee-66a7-40f7-80c2-8d0e1c912b6a", "security_group_id": "ca335fc9-f33d-4c9e-a521-e41f3be30a96"}], "name": "tempest-secgroup-smoke-882992572"}}
2016-01-04 23:25:49,668 24695 INFO     [tempest_lib.common.rest_client] Request (TestNetworkBasicOps:test_connectivity_between_vms_on_different_networks): 201 POST http://10.0.2.15:9696/v2.0/security-group-rules 0.115s
2016-01-04 23:25:49,669 24695 DEBUG    [tempest_lib.common.rest_client] Request - Headers: {'Content-Type': 'application/json', 'Accept': 'application/json', 'X-Auth-Token': '&lt;omitted&gt;'}
        Body: {"security_group_rule": {"direction": "ingress", "protocol": "tcp", "tenant_id": "7e41f7c4e81b407783c6d612e9279387", "port_range_max": 22, "security_group_id": "ca335fc9-f33d-4c9e-a521-e41f3be30a96", "port_range_min": 22}}
    Response - Headers: {'status': '201', 'content-length': '340', 'connection': 'close', 'date': 'Mon, 04 Jan 2016 23:25:49 GMT', 'content-type': 'application/json; charset=UTF-8', 'x-openstack-request-id': 'req-5abb8a80-6aa5-47bc-bd43-e02815f21b5e'}
        Body: {"security_group_rule": {"remote_group_id": null, "direction": "ingress", "remote_ip_prefix": null, "protocol": "tcp", "ethertype": "IPv4", "tenant_id": "7e41f7c4e81b407783c6d612e9279387", "port_range_max": 22, "port_range_min": 22, "id": "e2036e33-1194-4680-8af6-a69a0f8313c8", "security_group_id": "ca335fc9-f33d-4c9e-a521-e41f3be30a96"}}
2016-01-04 23:25:49,794 24695 INFO     [tempest_lib.common.rest_client] Request (TestNetworkBasicOps:test_connectivity_between_vms_on_different_networks): 201 POST http://10.0.2.15:9696/v2.0/security-group-rules 0.124s
2016-01-04 23:25:49,795 24695 DEBUG    [tempest_lib.common.rest_client] Request - Headers: {'Content-Type': 'application/json', 'Accept': 'application/json', 'X-Auth-Token': '&lt;omitted&gt;'}
        Body: {"security_group_rule": {"direction": "egress", "protocol": "tcp", "tenant_id": "7e41f7c4e81b407783c6d612e9279387", "port_range_max": 22, "security_group_id": "ca335fc9-f33d-4c9e-a521-e41f3be30a96", "port_range_min": 22}}
    Response - Headers: {'status': '201', 'content-length': '339', 'connection': 'close', 'date': 'Mon, 04 Jan 2016 23:25:49 GMT', 'content-type': 'application/json; charset=UTF-8', 'x-openstack-request-id': 'req-b10d805d-d230-4bfd-a997-fd1604494328'}
        Body: {"security_group_rule": {"remote_group_id": null, "direction": "egress", "remote_ip_prefix": null, "protocol": "tcp", "ethertype": "IPv4", "tenant_id": "7e41f7c4e81b407783c6d612e9279387", "port_range_max": 22, "port_range_min": 22, "id": "1bbb5206-d871-4f8a-88fe-d39556def779", "security_group_id": "ca335fc9-f33d-4c9e-a521-e41f3be30a96"}}
2016-01-04 23:25:49,919 24695 INFO     [tempest_lib.common.rest_client] Request (TestNetworkBasicOps:test_connectivity_between_vms_on_different_networks): 201 POST http://10.0.2.15:9696/v2.0/security-group-rules 0.123s
2016-01-04 23:25:49,920 24695 DEBUG    [tempest_lib.common.rest_client] Request - Headers: {'Content-Type': 'application/json', 'Accept': 'application/json', 'X-Auth-Token': '&lt;omitted&gt;'}
        Body: {"security_group_rule": {"tenant_id": "7e41f7c4e81b407783c6d612e9279387", "direction": "ingress", "protocol": "icmp", "security_group_id": "ca335fc9-f33d-4c9e-a521-e41f3be30a96"}}
    Response - Headers: {'status': '201', 'content-length': '345', 'connection': 'close', 'date': 'Mon, 04 Jan 2016 23:25:49 GMT', 'content-type': 'application/json; charset=UTF-8', 'x-openstack-request-id': 'req-33f4b233-682e-46af-bd23-27a2b4d2d604'}
        Body: {"security_group_rule": {"remote_group_id": null, "direction": "ingress", "remote_ip_prefix": null, "protocol": "icmp", "ethertype": "IPv4", "tenant_id": "7e41f7c4e81b407783c6d612e9279387", "port_range_max": null, "port_range_min": null, "id": "f11c4134-680d-4315-bab1-41bf27e0c8ed", "security_group_id": "ca335fc9-f33d-4c9e-a521-e41f3be30a96"}}
2016-01-04 23:25:50,045 24695 INFO     [tempest_lib.common.rest_client] Request (TestNetworkBasicOps:test_connectivity_between_vms_on_different_networks): 201 POST http://10.0.2.15:9696/v2.0/security-group-rules 0.123s
2016-01-04 23:25:50,045 24695 DEBUG    [tempest_lib.common.rest_client] Request - Headers: {'Content-Type': 'application/json', 'Accept': 'application/json', 'X-Auth-Token': '&lt;omitted&gt;'}
        Body: {"security_group_rule": {"tenant_id": "7e41f7c4e81b407783c6d612e9279387", "direction": "egress", "protocol": "icmp", "security_group_id": "ca335fc9-f33d-4c9e-a521-e41f3be30a96"}}
    Response - Headers: {'status': '201', 'content-length': '344', 'connection': 'close', 'date': 'Mon, 04 Jan 2016 23:25:50 GMT', 'content-type': 'application/json; charset=UTF-8', 'x-openstack-request-id': 'req-7db5479d-b408-48b6-ab3d-8c8daafdcdfb'}
        Body: {"security_group_rule": {"remote_group_id": null, "direction": "egress", "remote_ip_prefix": null, "protocol": "icmp", "ethertype": "IPv4", "tenant_id": "7e41f7c4e81b407783c6d612e9279387", "port_range_max": null, "port_range_min": null, "id": "b9f66655-a2a4-4d7b-9379-4e4b42124a2e", "security_group_id": "ca335fc9-f33d-4c9e-a521-e41f3be30a96"}}
2016-01-04 23:25:50,158 24695 INFO     [tempest_lib.common.rest_client] Request (TestNetworkBasicOps:test_connectivity_between_vms_on_different_networks): 201 POST http://10.0.2.15:9696/v2.0/security-group-rules 0.111s
2016-01-04 23:25:50,159 24695 DEBUG    [tempest_lib.common.rest_client] Request - Headers: {'Content-Type': 'application/json', 'Accept': 'application/json', 'X-Auth-Token': '&lt;omitted&gt;'}
        Body: {"security_group_rule": {"tenant_id": "7e41f7c4e81b407783c6d612e9279387", "direction": "ingress", "security_group_id": "ca335fc9-f33d-4c9e-a521-e41f3be30a96", "protocol": "icmp", "ethertype": "IPv6"}}
    Response - Headers: {'status': '201', 'content-length': '345', 'connection': 'close', 'date': 'Mon, 04 Jan 2016 23:25:50 GMT', 'content-type': 'application/json; charset=UTF-8', 'x-openstack-request-id': 'req-87375783-357b-41b2-a40a-d0f01b9eaf39'}
        Body: {"security_group_rule": {"remote_group_id": null, "direction": "ingress", "remote_ip_prefix": null, "protocol": "icmp", "ethertype": "IPv6", "tenant_id": "7e41f7c4e81b407783c6d612e9279387", "port_range_max": null, "port_range_min": null, "id": "aa5eb653-ffa6-443c-81c6-1bdabda5114e", "security_group_id": "ca335fc9-f33d-4c9e-a521-e41f3be30a96"}}
2016-01-04 23:25:50,450 24695 INFO     [tempest_lib.common.rest_client] Request (TestNetworkBasicOps:test_connectivity_between_vms_on_different_networks): 201 POST http://10.0.2.15:9696/v2.0/security-group-rules 0.290s
2016-01-04 23:25:50,450 24695 DEBUG    [tempest_lib.common.rest_client] Request - Headers: {'Content-Type': 'application/json', 'Accept': 'application/json', 'X-Auth-Token': '&lt;omitted&gt;'}
        Body: {"security_group_rule": {"tenant_id": "7e41f7c4e81b407783c6d612e9279387", "direction": "egress", "security_group_id": "ca335fc9-f33d-4c9e-a521-e41f3be30a96", "protocol": "icmp", "ethertype": "IPv6"}}
    Response - Headers: {'status': '201', 'content-length': '344', 'connection': 'close', 'date': 'Mon, 04 Jan 2016 23:25:50 GMT', 'content-type': 'application/json; charset=UTF-8', 'x-openstack-request-id': 'req-0c3c6062-293e-468f-a858-1d112ed6e44a'}
        Body: {"security_group_rule": {"remote_group_id": null, "direction": "egress", "remote_ip_prefix": null, "protocol": "icmp", "ethertype": "IPv6", "tenant_id": "7e41f7c4e81b407783c6d612e9279387", "port_range_max": null, "port_range_min": null, "id": "2e9f1023-1ef3-4836-8f19-1ff902386010", "security_group_id": "ca335fc9-f33d-4c9e-a521-e41f3be30a96"}}
2016-01-04 23:25:50,637 24695 INFO     [tempest_lib.common.rest_client] Request (TestNetworkBasicOps:test_connectivity_between_vms_on_different_networks): 201 POST http://10.0.2.15:9696/v2.0/networks 0.185s
2016-01-04 23:25:50,638 24695 DEBUG    [tempest_lib.common.rest_client] Request - Headers: {'Content-Type': 'application/json', 'Accept': 'application/json', 'X-Auth-Token': '&lt;omitted&gt;'}
        Body: {"network": {"tenant_id": "7e41f7c4e81b407783c6d612e9279387", "name": "tempest-network-smoke--1661168744"}}
    Response - Headers: {'status': '201', 'content-length': '327', 'connection': 'close', 'date': 'Mon, 04 Jan 2016 23:25:50 GMT', 'content-type': 'application/json; charset=UTF-8', 'x-openstack-request-id': 'req-0f3c13cb-3c71-405f-acb4-427ac4e2a8ac'}
        Body: {"network": {"status": "ACTIVE", "subnets": [], "availability_zone_hints": [], "name": "tempest-network-smoke--1661168744", "admin_state_up": true, "tenant_id": "7e41f7c4e81b407783c6d612e9279387", "mtu": 0, "router:external": false, "shared": false, "port_security_enabled": true, "id": "276990d2-321f-4e1e-be53-896da40a67ec"}}
2016-01-04 23:25:50,725 24695 INFO     [tempest_lib.common.rest_client] Request (TestNetworkBasicOps:test_connectivity_between_vms_on_different_networks): 201 POST http://10.0.2.15:9696/v2.0/routers 0.086s
2016-01-04 23:25:50,726 24695 DEBUG    [tempest_lib.common.rest_client] Request - Headers: {'Content-Type': 'application/json', 'Accept': 'application/json', 'X-Auth-Token': '&lt;omitted&gt;'}
        Body: {"router": {"tenant_id": "7e41f7c4e81b407783c6d612e9279387", "name": "tempest-router-smoke-463067735", "admin_state_up": true}}
    Response - Headers: {'status': '201', 'content-length': '295', 'connection': 'close', 'date': 'Mon, 04 Jan 2016 23:25:50 GMT', 'content-type': 'application/json; charset=UTF-8', 'x-openstack-request-id': 'req-d3fb5e6b-23da-4de3-8bca-57a21a7f19cd'}
        Body: {"router": {"status": "ACTIVE", "external_gateway_info": null, "availability_zone_hints": [], "availability_zones": [], "name": "tempest-router-smoke-463067735", "admin_state_up": true, "tenant_id": "7e41f7c4e81b407783c6d612e9279387", "routes": [], "id": "5d8d0413-924a-4d72-9f29-6f2fab293cb8"}}
2016-01-04 23:25:50,778 24695 INFO     [tempest_lib.common.rest_client] Request (TestNetworkBasicOps:test_connectivity_between_vms_on_different_networks): 200 GET http://10.0.2.15:9696/v2.0/routers/5d8d0413-924a-4d72-9f29-6f2fab293cb8 0.051s
2016-01-04 23:25:50,779 24695 DEBUG    [tempest_lib.common.rest_client] Request - Headers: {'Content-Type': 'application/json', 'Accept': 'application/json', 'X-Auth-Token': '&lt;omitted&gt;'}
        Body: None
    Response - Headers: {'status': '200', 'content-length': '295', 'content-location': 'http://10.0.2.15:9696/v2.0/routers/5d8d0413-924a-4d72-9f29-6f2fab293cb8', 'connection': 'close', 'date': 'Mon, 04 Jan 2016 23:25:50 GMT', 'content-type': 'application/json; charset=UTF-8', 'x-openstack-request-id': 'req-ca84fef3-4dcd-4d78-9c23-16852fb2c256'}
        Body: {"router": {"status": "ACTIVE", "external_gateway_info": null, "availability_zone_hints": [], "availability_zones": [], "name": "tempest-router-smoke-463067735", "admin_state_up": true, "tenant_id": "7e41f7c4e81b407783c6d612e9279387", "routes": [], "id": "5d8d0413-924a-4d72-9f29-6f2fab293cb8"}}
2016-01-04 23:25:51,453 24695 INFO     [tempest_lib.common.rest_client] Request (TestNetworkBasicOps:test_connectivity_between_vms_on_different_networks): 200 PUT http://10.0.2.15:9696/v2.0/routers/5d8d0413-924a-4d72-9f29-6f2fab293cb8 0.672s
2016-01-04 23:25:51,454 24695 DEBUG    [tempest_lib.common.rest_client] Request - Headers: {'Content-Type': 'application/json', 'Accept': 'application/json', 'X-Auth-Token': '&lt;omitted&gt;'}
        Body: {"router": {"external_gateway_info": {"network_id": "c013420c-b1d5-4914-aef2-296c5907f00e"}, "name": "tempest-router-smoke-463067735", "admin_state_up": true}}
    Response - Headers: {'status': '200', 'content-length': '557', 'connection': 'close', 'date': 'Mon, 04 Jan 2016 23:25:51 GMT', 'content-type': 'application/json; charset=UTF-8', 'x-openstack-request-id': 'req-6fa45958-7f6f-4d1e-911a-e3dec9311d4d'}
        Body: {"router": {"status": "ACTIVE", "external_gateway_info": {"network_id": "c013420c-b1d5-4914-aef2-296c5907f00e", "enable_snat": true, "external_fixed_ips": [{"subnet_id": "f3b0b594-b14d-418e-90d1-39711938aa64", "ip_address": "172.24.4.3"}, {"subnet_id": "e30e7765-82e0-40e7-9cd3-d8e1b520b4d9", "ip_address": "2001:db8::3"}]}, "availability_zone_hints": [], "availability_zones": [], "name": "tempest-router-smoke-463067735", "admin_state_up": true, "tenant_id": "7e41f7c4e81b407783c6d612e9279387", "routes": [], "id": "5d8d0413-924a-4d72-9f29-6f2fab293cb8"}}
2016-01-04 23:25:51,698 24695 INFO     [tempest_lib.common.rest_client] Request (TestNetworkBasicOps:test_connectivity_between_vms_on_different_networks): 200 GET http://10.0.2.15:9696/v2.0/subnets?tenant_id=7e41f7c4e81b407783c6d612e9279387&amp;cidr=10.100.0.0%2F28 0.244s
2016-01-04 23:25:51,699 24695 DEBUG    [tempest_lib.common.rest_client] Request - Headers: {'Content-Type': 'application/json', 'Accept': 'application/json', 'X-Auth-Token': '&lt;omitted&gt;'}
        Body: None
    Response - Headers: {'status': '200', 'content-length': '15', 'content-location': 'http://10.0.2.15:9696/v2.0/subnets?tenant_id=7e41f7c4e81b407783c6d612e9279387&amp;cidr=10.100.0.0%2F28', 'connection': 'close', 'date': 'Mon, 04 Jan 2016 23:25:51 GMT', 'content-type': 'application/json; charset=UTF-8', 'x-openstack-request-id': 'req-66d09309-d025-42ed-8948-45b7f50b0ec2'}
        Body: {"subnets": []}
2016-01-04 23:25:52,038 24695 INFO     [tempest_lib.common.rest_client] Request (TestNetworkBasicOps:test_connectivity_between_vms_on_different_networks): 201 POST http://10.0.2.15:9696/v2.0/subnets 0.339s
2016-01-04 23:25:52,039 24695 DEBUG    [tempest_lib.common.rest_client] Request - Headers: {'Content-Type': 'application/json', 'Accept': 'application/json', 'X-Auth-Token': '&lt;omitted&gt;'}
        Body: {"subnet": {"ip_version": 4, "tenant_id": "7e41f7c4e81b407783c6d612e9279387", "cidr": "10.100.0.0/28", "network_id": "276990d2-321f-4e1e-be53-896da40a67ec", "name": "tempest-subnet-smoke-546777987"}}
    Response - Headers: {'status': '201', 'content-length': '477', 'connection': 'close', 'date': 'Mon, 04 Jan 2016 23:25:52 GMT', 'content-type': 'application/json; charset=UTF-8', 'x-openstack-request-id': 'req-41ba6be5-61cf-4ecb-84be-0cb786247616'}
        Body: {"subnet": {"name": "tempest-subnet-smoke-546777987", "enable_dhcp": true, "network_id": "276990d2-321f-4e1e-be53-896da40a67ec", "tenant_id": "7e41f7c4e81b407783c6d612e9279387", "dns_nameservers": [], "gateway_ip": "10.100.0.1", "ipv6_ra_mode": null, "allocation_pools": [{"start": "10.100.0.2", "end": "10.100.0.14"}], "host_routes": [], "ip_version": 4, "ipv6_address_mode": null, "cidr": "10.100.0.0/28", "id": "90b6a87d-41e0-43a1-8bc0-3cd30c42d46f", "subnetpool_id": null}}
2016-01-04 23:25:52,672 24695 INFO     [tempest_lib.common.rest_client] Request (TestNetworkBasicOps:test_connectivity_between_vms_on_different_networks): 200 PUT http://10.0.2.15:9696/v2.0/routers/5d8d0413-924a-4d72-9f29-6f2fab293cb8/add_router_interface 0.631s
2016-01-04 23:25:52,672 24695 DEBUG    [tempest_lib.common.rest_client] Request - Headers: {'Content-Type': 'application/json', 'Accept': 'application/json', 'X-Auth-Token': '&lt;omitted&gt;'}
        Body: {"subnet_id": "90b6a87d-41e0-43a1-8bc0-3cd30c42d46f"}
    Response - Headers: {'status': '200', 'content-length': '255', 'connection': 'close', 'date': 'Mon, 04 Jan 2016 23:25:52 GMT', 'content-type': 'application/json; charset=UTF-8', 'x-openstack-request-id': 'req-41f74ef8-c126-4d38-a7bd-ed3be469f6cf'}
        Body: {"subnet_id": "90b6a87d-41e0-43a1-8bc0-3cd30c42d46f", "tenant_id": "7e41f7c4e81b407783c6d612e9279387", "subnet_ids": ["90b6a87d-41e0-43a1-8bc0-3cd30c42d46f"], "port_id": "b70bb6fc-d319-4831-96f0-a7177fdcdcdc", "id": "5d8d0413-924a-4d72-9f29-6f2fab293cb8"}
2016-01-04 23:25:52,725 24695 INFO     [tempest_lib.common.rest_client] Request (TestNetworkBasicOps:test_connectivity_between_vms_on_different_networks): 200 GET http://10.0.2.15:9696/v2.0/networks 0.052s
2016-01-04 23:25:52,726 24695 DEBUG    [tempest_lib.common.rest_client] Request - Headers: {'Content-Type': 'application/json', 'Accept': 'application/json', 'X-Auth-Token': '&lt;omitted&gt;'}
        Body: None
    Response - Headers: {'status': '200', 'content-length': '1507', 'content-location': 'http://10.0.2.15:9696/v2.0/networks', 'connection': 'close', 'date': 'Mon, 04 Jan 2016 23:25:52 GMT', 'content-type': 'application/json; charset=UTF-8', 'x-openstack-request-id': 'req-e73fa9e1-2140-4edf-ba2d-0a2fdb91bcf2'}
        Body: {"networks": [{"status": "ACTIVE", "subnets": ["e30e7765-82e0-40e7-9cd3-d8e1b520b4d9", "f3b0b594-b14d-418e-90d1-39711938aa64"], "availability_zone_hints": [], "availability_zones": ["nova"], "name": "public", "provider:physical_network": null, "admin_state_up": true, "tenant_id": "81b0d9ac3b574053a049d7ab7e3b9ae7", "mtu": 0, "router:external": true, "shared": false, "port_security_enabled": true, "provider:network_type": "vxlan", "id": "c013420c-b1d5-4914-aef2-296c5907f00e", "provider:segmentation_id": 1052}, {"status": "ACTIVE", "subnets": ["90b6a87d-41e0-43a1-8bc0-3cd30c42d46f"], "availability_zone_hints": [], "availability_zones": ["nova"], "name": "tempest-network-smoke--1661168744", "provider:physical_network": null, "admin_state_up": true, "tenant_id": "7e41f7c4e81b407783c6d612e9279387", "mtu": 0, "router:external": false, "shared": false, "port_security_enabled": true, "provider:network_type": "vxlan", "id": "276990d2-321f-4e1e-be53-896da40a67ec", "provider:segmentation_id": 1004}, {"status": "ACTIVE", "subnets": ["7f8b6332-559a-4558-9a6e-3f036f2afaea", "70f4774d-0e74-42a4-a4d5-96b116d3a071"], "availability_zone_hints": [], "availability_zones": ["nova"], "name": "private", "provider:physical_network": null, "admin_state_up": true, "tenant_id": "7bbc1d8898a34a1d8b59481f04f6485b", "mtu": 0, "router:external": false, "shared": false, "port_security_enabled": true, "provider:network_type": "vxlan", "id": "a1914e3d-8780-4693-9243-495e28371015", "provider:segmentation_id": 1012}]}
2016-01-04 23:25:52,782 24695 INFO     [tempest_lib.common.rest_client] Request (TestNetworkBasicOps:test_connectivity_between_vms_on_different_networks): 200 GET http://10.0.2.15:9696/v2.0/subnets 0.055s
2016-01-04 23:25:52,782 24695 DEBUG    [tempest_lib.common.rest_client] Request - Headers: {'Content-Type': 'application/json', 'Accept': 'application/json', 'X-Auth-Token': '&lt;omitted&gt;'}
        Body: None
    Response - Headers: {'status': '200', 'content-length': '2407', 'content-location': 'http://10.0.2.15:9696/v2.0/subnets', 'connection': 'close', 'date': 'Mon, 04 Jan 2016 23:25:52 GMT', 'content-type': 'application/json; charset=UTF-8', 'x-openstack-request-id': 'req-2b736130-cc64-424a-a4c2-6de54d45ed0f'}
        Body: {"subnets": [{"name": "ipv6-public-subnet", "enable_dhcp": false, "network_id": "c013420c-b1d5-4914-aef2-296c5907f00e", "tenant_id": "81b0d9ac3b574053a049d7ab7e3b9ae7", "dns_nameservers": [], "gateway_ip": "2001:db8::2", "ipv6_ra_mode": null, "allocation_pools": [{"start": "2001:db8::3", "end": "2001:db8::ffff:ffff:ffff:ffff"}, {"start": "2001:db8::1", "end": "2001:db8::1"}], "host_routes": [], "ip_version": 6, "ipv6_address_mode": null, "cidr": "2001:db8::/64", "id": "e30e7765-82e0-40e7-9cd3-d8e1b520b4d9", "subnetpool_id": null}, {"name": "ipv6-private-subnet", "enable_dhcp": true, "network_id": "a1914e3d-8780-4693-9243-495e28371015", "tenant_id": "7bbc1d8898a34a1d8b59481f04f6485b", "dns_nameservers": [], "gateway_ip": "fd03:73ec:4a27::1", "ipv6_ra_mode": "slaac", "allocation_pools": [{"start": "fd03:73ec:4a27::2", "end": "fd03:73ec:4a27:0:ffff:ffff:ffff:ffff"}], "host_routes": [], "ip_version": 6, "ipv6_address_mode": "slaac", "cidr": "fd03:73ec:4a27::/64", "id": "70f4774d-0e74-42a4-a4d5-96b116d3a071", "subnetpool_id": null}, {"name": "tempest-subnet-smoke-546777987", "enable_dhcp": true, "network_id": "276990d2-321f-4e1e-be53-896da40a67ec", "tenant_id": "7e41f7c4e81b407783c6d612e9279387", "dns_nameservers": [], "gateway_ip": "10.100.0.1", "ipv6_ra_mode": null, "allocation_pools": [{"start": "10.100.0.2", "end": "10.100.0.14"}], "host_routes": [], "ip_version": 4, "ipv6_address_mode": null, "cidr": "10.100.0.0/28", "id": "90b6a87d-41e0-43a1-8bc0-3cd30c42d46f", "subnetpool_id": null}, {"name": "private-subnet", "enable_dhcp": true, "network_id": "a1914e3d-8780-4693-9243-495e28371015", "tenant_id": "7bbc1d8898a34a1d8b59481f04f6485b", "dns_nameservers": [], "gateway_ip": "10.0.0.1", "ipv6_ra_mode": null, "allocation_pools": [{"start": "10.0.0.2", "end": "10.0.0.254"}], "host_routes": [], "ip_version": 4, "ipv6_address_mode": null, "cidr": "10.0.0.0/24", "id": "7f8b6332-559a-4558-9a6e-3f036f2afaea", "subnetpool_id": null}, {"name": "public-subnet", "enable_dhcp": false, "network_id": "c013420c-b1d5-4914-aef2-296c5907f00e", "tenant_id": "81b0d9ac3b574053a049d7ab7e3b9ae7", "dns_nameservers": [], "gateway_ip": "172.24.4.1", "ipv6_ra_mode": null, "allocation_pools": [{"start": "172.24.4.2", "end": "172.24.4.254"}], "host_routes": [], "ip_version": 4, "ipv6_address_mode": null, "cidr": "172.24.4.0/24", "id": "f3b0b594-b14d-418e-90d1-39711938aa64", "subnetpool_id": null}]}
2016-01-04 23:25:52,846 24695 INFO     [tempest_lib.common.rest_client] Request (TestNetworkBasicOps:test_connectivity_between_vms_on_different_networks): 200 GET http://10.0.2.15:9696/v2.0/routers 0.062s
2016-01-04 23:25:52,846 24695 DEBUG    [tempest_lib.common.rest_client] Request - Headers: {'Content-Type': 'application/json', 'Accept': 'application/json', 'X-Auth-Token': '&lt;omitted&gt;'}
        Body: None
    Response - Headers: {'status': '200', 'content-length': '1166', 'content-location': 'http://10.0.2.15:9696/v2.0/routers', 'connection': 'close', 'date': 'Mon, 04 Jan 2016 23:25:52 GMT', 'content-type': 'application/json; charset=UTF-8', 'x-openstack-request-id': 'req-c3fd19b6-1644-4651-98b6-c70562a65c8f'}
        Body: {"routers": [{"status": "ACTIVE", "external_gateway_info": {"network_id": "c013420c-b1d5-4914-aef2-296c5907f00e", "enable_snat": true, "external_fixed_ips": [{"subnet_id": "f3b0b594-b14d-418e-90d1-39711938aa64", "ip_address": "172.24.4.3"}, {"subnet_id": "e30e7765-82e0-40e7-9cd3-d8e1b520b4d9", "ip_address": "2001:db8::3"}]}, "availability_zone_hints": [], "availability_zones": ["nova"], "name": "tempest-router-smoke-463067735", "admin_state_up": true, "tenant_id": "7e41f7c4e81b407783c6d612e9279387", "distributed": false, "routes": [], "ha": false, "id": "5d8d0413-924a-4d72-9f29-6f2fab293cb8"}, {"status": "ACTIVE", "external_gateway_info": {"network_id": "c013420c-b1d5-4914-aef2-296c5907f00e", "enable_snat": true, "external_fixed_ips": [{"subnet_id": "f3b0b594-b14d-418e-90d1-39711938aa64", "ip_address": "172.24.4.2"}, {"subnet_id": "e30e7765-82e0-40e7-9cd3-d8e1b520b4d9", "ip_address": "2001:db8::1"}]}, "availability_zone_hints": [], "availability_zones": ["nova"], "name": "router1", "admin_state_up": true, "tenant_id": "7bbc1d8898a34a1d8b59481f04f6485b", "distributed": false, "routes": [], "ha": false, "id": "955765de-7423-4a77-88af-1bb600ad2d7f"}]}
2016-01-04 23:25:53,448 24695 INFO     [tempest_lib.common.rest_client] Request (TestNetworkBasicOps:test_connectivity_between_vms_on_different_networks): 200 POST http://10.0.2.15:8774/v2.1/7e41f7c4e81b407783c6d612e9279387/os-keypairs 0.601s
2016-01-04 23:25:53,450 24695 DEBUG    [tempest_lib.common.rest_client] Request - Headers: {'Content-Type': 'application/json', 'Accept': 'application/json', 'X-Auth-Token': '&lt;omitted&gt;'}
        Body: {"keypair": {"name": "tempest-TestNetworkBasicOps-1804313959"}}
    Response - Headers: {'status': '200', 'content-length': '2321', 'x-compute-request-id': 'req-65b49abb-ea17-4aae-ae61-1340e8b26a73', 'vary': 'X-OpenStack-Nova-API-Version', 'connection': 'close', 'x-openstack-nova-api-version': '2.1', 'date': 'Mon, 04 Jan 2016 23:25:53 GMT', 'content-type': 'application/json'}
        Body: {"keypair": {"public_key": "ssh-rsa AAAAB3NzaC1yc2EAAAADAQABAAABAQDfZD3AAxaB8AyDWS5OX/gERHJ8jcTg7dS/ElDI7pPjWOLI0fpYPuVeDLSN74MY0R3MT5nIlswQ7UfM2IClbB9lbsZVVhqzTnYXDf1bwkMWWsR515G6AMuzTtGDQq2hdqlgz1L96TcdZuyoBv3ICZAYbTYMaJGuU/KT9Buvdfmwy8GbPEPxCZXni/0bR+wKihaOE2p9xFOxxZ2WTjmoB+08l72ShFumohQH4aIVWM0vyqhauGlO6zb6Idx1O8ZElqVz6xSpJnsxooLtloWJyEkU0+NDyvw6iHbpiBGiQW/zCxYz3LgRigkA6dT03xyx5Ns2rqDydu7X0BtNTP8FOUc3 Generated-by-Nova", "private_key": "-----BEGIN RSA PRIVATE KEY-----\nMIIEqAIBAAKCAQEA32Q9wAMWgfAMg1kuTl/4BERyfI3E4O3UvxJQyO6T41jiyNH6\nWD7lXgy0je+DGNEdzE+ZyJbMEO1HzNiApWwfZW7GVVYas052Fw39W8JDFlrEedeR\nugDLs07Rg0KtoXapYM9S/ek3HWbsqAb9yAmQGG02DGiRrlPyk/Qbr3X5sMvBmzxD\n8QmV54v9G0fsCooWjhNqfcRTscWdlk45qAftPJe9koRbpqIUB+GiFVjNL8qoWrhp\nTus2+iHcdTvGRJalc+sUqSZ7MaKC7ZaFichJFNPjQ8r8Ooh26YgRokFv8wsWM9y4\nEYoJAOnU9N8cseTbNq6g8nbu19AbTUz/BTlHNwIDAQABAoIBAQC6MJNjGW/GByx2\nwXrd6hEOhXoipArHKpMaWgqpHmh2odwLYy/UI0ALHm3SqyFKKuk6I9JaJI2bQhmI\n+55lwfN9GFIISEbi0e+NEaTsuMIvvKFrqCeWrxkYrwXi8E1FeWB9Bu/2H05HnER9\nW65j7syB/2x/9RwO/3r8pAX7PUpKdknHpkS/qiaDHqOAb+ptic3NNQQxYpxUajNI\nDFpnALTZvcFgxO1ILaYfop26dew4ZgvaytMqOb/wINbxT62p/0sIt8kTKNxaaCoZ\ngNXb3GzMAMU42ZehC+nKXz1i4m1AfyQWPEM+PxPlUdC+txROid+4XsxdbRMOXL7W\nUVhMP9+5AoIAgQDgS2S7GP6BwYjc4Y2l6AEt2l3t8NDpc/4mGdCSnQYpfirz00t/\nIk7dgvL6ZZf2AqWo3+2nC6hLKvsSSJJ0TbuUmC0KjA6N3lbjYa6LHO3GGeo52nnd\nDJXQyApEkPXLkuqmRLQ653R8GIJEZKvOzAzI4lDZYxy6WAZ7//qINRG7ewKCAIEA\n/vgsP7o8jOUESjoiJ5b5WsyGlJiUUuRoFJKsr5IxgigPRj3AXLcwl1NnnJHD0Wye\nmhDH8nEEjNbNHCcqbIs9l/TOuGgPzq2QHKKjBrcPm8jgDGB88dGi+yLls3MbbzI6\ncg413Mi9k4YHK0D0TlN7r84jPVSL8URPWwC9tzbsSHUCggCARjGSHrOdwsHssSOt\njsRiyhTS3IpG9yij2wytJ5UYvpeLna78q5bzE4PNwutUeVsuuQELgQG2839J/9jS\nbK9/Cuvs/KYEUAXLL3H8i/DLwPmPQffLt5Aeuq4/+GFdaw5ZfRt3RA/3dna9HeZb\nlmZpgdzB7KaF8RNnRBtCLqpdGE0CggCADcaw9VyFqwMwwSX09Himzm4gk2TPFs96\nhCoMpIvcmvC5Ko1pmFjZikOaZI5Hq0gYJbDkbMgIe+ebO3suQqEfWdeDV9lfiUY9\ndB6helpnwH4RBPotpg8ypCkViiWdBNwM5l64ME60V4U1W/Ptf1Hpa+1SYBzyVr3f\nH8aheYXBLIUCggCATSLHfCkGglaPdxpZOSofmGBaS2xJiE/jQUXrXwkYFBgDgydp\nlleZGDTtfRtvfdf1ziJ507z2PrHzwwqAXO9W82fQneb8KZYfUdswWrUYzFia0YAg\nTPNUPNdfsfDH11wg1k3ifrItZnsNXZDn2nvD0RZ9CJXSRE5KL+tbGQIneq8=\n-----END RSA PRIVATE KEY-----\n", "user_id": "9a576a0620274449a474be56e8f84601", "name": "tempest-TestNetworkBasicOps-1804313959", "fingerprint": "2f:7f:01:46:3d:54:dd:17:65:b8:1e:bc:93:77:73:39"}}
2016-01-04 23:25:53,567 24695 INFO     [tempest_lib.common.rest_client] Request (TestNetworkBasicOps:test_connectivity_between_vms_on_different_networks): 200 POST http://10.0.2.15:5000/v2.0/tokens
2016-01-04 23:25:53,567 24695 DEBUG    [tempest_lib.common.rest_client] Request - Headers: {'Content-Type': 'application/json', 'Accept': 'application/json'}
        Body: &lt;omitted&gt;
    Response - Headers: {'status': '200', 'content-length': '2528', 'vary': 'X-Auth-Token', 'server': 'Apache/2.4.7 (Ubuntu)', 'connection': 'close', 'date': 'Mon, 04 Jan 2016 23:25:53 GMT', 'content-type': 'application/json', 'x-openstack-request-id': 'req-61cc7314-d479-4a5f-a51e-89ffb0427891'}
        Body: {"access": {"token": {"issued_at": "2016-01-04T23:25:53.558553", "expires": "2016-01-05T00:25:53Z", "id": "2c18556d905249eea13dc1a2b00126f5", "tenant": {"description": "tempest-TestNetworkBasicOps-233628889-desc", "enabled": true, "id": "7e41f7c4e81b407783c6d612e9279387", "name": "tempest-TestNetworkBasicOps-233628889"}, "audit_ids": ["GUFEiH0oRLaoo68TJiiA_w"]}, "serviceCatalog": [{"endpoints": [{"adminURL": "http://10.0.2.15:8774/v2.1/7e41f7c4e81b407783c6d612e9279387", "region": "RegionOne", "internalURL": "http://10.0.2.15:8774/v2.1/7e41f7c4e81b407783c6d612e9279387", "id": "66751455804d45ad8aaa66498f327a2a", "publicURL": "http://10.0.2.15:8774/v2.1/7e41f7c4e81b407783c6d612e9279387"}], "endpoints_links": [], "type": "compute", "name": "nova"}, {"endpoints": [{"adminURL": "http://10.0.2.15:9696/", "region": "RegionOne", "internalURL": "http://10.0.2.15:9696/", "id": "3c7fb792308e42b4815d3b22c237ae06", "publicURL": "http://10.0.2.15:9696/"}], "endpoints_links": [], "type": "network", "name": "neutron"}, {"endpoints": [{"adminURL": "http://10.0.2.15:9292", "region": "RegionOne", "internalURL": "http://10.0.2.15:9292", "id": "2269758a93c74caa9fbad720d42dff7c", "publicURL": "http://10.0.2.15:9292"}], "endpoints_links": [], "type": "image", "name": "glance"}, {"endpoints": [{"adminURL": "http://10.0.2.15:8774/v2/7e41f7c4e81b407783c6d612e9279387", "region": "RegionOne", "internalURL": "http://10.0.2.15:8774/v2/7e41f7c4e81b407783c6d612e9279387", "id": "6ba87b38da8e4422a4081507f6318237", "publicURL": "http://10.0.2.15:8774/v2/7e41f7c4e81b407783c6d612e9279387"}], "endpoints_links": [], "type": "compute_legacy", "name": "nova_legacy"}, {"endpoints": [{"adminURL": "http://10.0.2.15:8773/", "region": "RegionOne", "internalURL": "http://10.0.2.15:8773/", "id": "1c5e8d2423424906ab262fe43f63b333", "publicURL": "http://10.0.2.15:8773/"}], "endpoints_links": [], "type": "ec2", "name": "ec2"}, {"endpoints": [{"adminURL": "http://10.0.2.15:35357/v2.0", "region": "RegionOne", "internalURL": "http://10.0.2.15:5000/v2.0", "id": "0c07c32fe9464d0893f9ba63c5d402d0", "publicURL": "http://10.0.2.15:5000/v2.0"}], "endpoints_links": [], "type": "identity", "name": "keystone"}], "user": {"username": "tempest-TestNetworkBasicOps-2137546551", "roles_links": [], "id": "9a576a0620274449a474be56e8f84601", "roles": [{"name": "_member_"}, {"name": "Member"}], "name": "tempest-TestNetworkBasicOps-2137546551"}, "metadata": {"is_admin": 0, "roles": ["9fe2ff9ee4384b1894a90878d3e92bab", "b72e6392219642328453be34dfcd88c1"]}}}
2016-01-04 23:25:53,572 24695 DEBUG    [tempest.common.fixed_network] (TestNetworkBasicOps:test_connectivity_between_vms_on_different_networks) No valid network provided or created, defaulting to fixed_network_name
2016-01-04 23:25:53,884 24695 INFO     [tempest_lib.common.rest_client] Request (TestNetworkBasicOps:test_connectivity_between_vms_on_different_networks): 200 GET http://10.0.2.15:8774/v2.1/7e41f7c4e81b407783c6d612e9279387/os-networks 0.311s
2016-01-04 23:25:53,884 24695 DEBUG    [tempest_lib.common.rest_client] Request - Headers: {'Content-Type': 'application/json', 'Accept': 'application/json', 'X-Auth-Token': '&lt;omitted&gt;'}
        Body: None
    Response - Headers: {'status': '200', 'content-length': '479', 'content-location': 'http://10.0.2.15:8774/v2.1/7e41f7c4e81b407783c6d612e9279387/os-networks', 'x-compute-request-id': 'req-1db6f5cd-c547-4e4d-a006-39b8eee32fa1', 'vary': 'X-OpenStack-Nova-API-Version', 'connection': 'close', 'x-openstack-nova-api-version': '2.1', 'date': 'Mon, 04 Jan 2016 23:25:53 GMT', 'content-type': 'application/json'}
        Body: {"networks": [{"cidr_v6": null, "dns2": null, "dns1": null, "gateway": null, "broadcast": null, "netmask": null, "gateway_v6": null, "cidr": null, "label": "public", "id": "c013420c-b1d5-4914-aef2-296c5907f00e", "netmask_v6": null}, {"cidr_v6": null, "dns2": null, "dns1": null, "gateway": null, "broadcast": null, "netmask": null, "gateway_v6": null, "cidr": null, "label": "tempest-network-smoke--1661168744", "id": "276990d2-321f-4e1e-be53-896da40a67ec", "netmask_v6": null}]}
2016-01-04 23:25:53,885 24695 WARNING  [tempest.common.fixed_network] (TestNetworkBasicOps:test_connectivity_between_vms_on_different_networks) Network with name: private not found
2016-01-04 23:25:53,885 24695 INFO     [tempest.common.fixed_network] (TestNetworkBasicOps:test_connectivity_between_vms_on_different_networks) Found network {} available for tenant
2016-01-04 23:25:55,419 24695 INFO     [tempest_lib.common.rest_client] Request (TestNetworkBasicOps:test_connectivity_between_vms_on_different_networks): 202 POST http://10.0.2.15:8774/v2.1/7e41f7c4e81b407783c6d612e9279387/servers 1.533s
2016-01-04 23:25:55,419 24695 DEBUG    [tempest_lib.common.rest_client] Request - Headers: {'Content-Type': 'application/json', 'Accept': 'application/json', 'X-Auth-Token': '&lt;omitted&gt;'}
        Body: {"server": {"name": "tempest.common.compute-instance-446653511", "imageRef": "19de9289-63f5-4893-b2e7-2baca833eaf6", "key_name": "tempest-TestNetworkBasicOps-1804313959", "flavorRef": "42", "networks": [{"uuid": "276990d2-321f-4e1e-be53-896da40a67ec"}], "security_groups": [{"name": "tempest-secgroup-smoke-882992572"}]}}
    Response - Headers: {'status': '202', 'content-length': '461', 'x-compute-request-id': 'req-3286723e-5c44-4510-9f5b-889b2ba6284e', 'vary': 'X-OpenStack-Nova-API-Version', 'connection': 'close', 'location': 'http://10.0.2.15:8774/v2.1/7e41f7c4e81b407783c6d612e9279387/servers/39e1af8f-fe53-4bf4-86e0-94df253523f9', 'x-openstack-nova-api-version': '2.1', 'date': 'Mon, 04 Jan 2016 23:25:55 GMT', 'content-type': 'application/json'}
        Body: {"server": {"security_groups": [{"name": "tempest-secgroup-smoke-882992572"}], "OS-DCF:diskConfig": "MANUAL", "id": "39e1af8f-fe53-4bf4-86e0-94df253523f9", "links": [{"href": "http://10.0.2.15:8774/v2.1/7e41f7c4e81b407783c6d612e9279387/servers/39e1af8f-fe53-4bf4-86e0-94df253523f9", "rel": "self"}, {"href": "http://10.0.2.15:8774/7e41f7c4e81b407783c6d612e9279387/servers/39e1af8f-fe53-4bf4-86e0-94df253523f9", "rel": "bookmark"}], "adminPass": "GHWqYjgya9YD"}}
2016-01-04 23:25:55,695 24695 INFO     [tempest_lib.common.rest_client] Request (TestNetworkBasicOps:test_connectivity_between_vms_on_different_networks): 200 GET http://10.0.2.15:8774/v2.1/7e41f7c4e81b407783c6d612e9279387/servers/39e1af8f-fe53-4bf4-86e0-94df253523f9 0.272s
2016-01-04 23:25:55,695 24695 DEBUG    [tempest_lib.common.rest_client] Request - Headers: {'Content-Type': 'application/json', 'Accept': 'application/json', 'X-Auth-Token': '&lt;omitted&gt;'}
        Body: None
    Response - Headers: {'status': '200', 'content-length': '1355', 'content-location': 'http://10.0.2.15:8774/v2.1/7e41f7c4e81b407783c6d612e9279387/servers/39e1af8f-fe53-4bf4-86e0-94df253523f9', 'x-compute-request-id': 'req-b2138ae4-b0cd-4bc2-83ee-fbe756a469e0', 'vary': 'X-OpenStack-Nova-API-Version', 'connection': 'close', 'x-openstack-nova-api-version': '2.1', 'date': 'Mon, 04 Jan 2016 23:25:55 GMT', 'content-type': 'application/json'}
        Body: {"server": {"status": "BUILD", "updated": "2016-01-04T23:25:55Z", "hostId": "", "addresses": {}, "links": [{"href": "http://10.0.2.15:8774/v2.1/7e41f7c4e81b407783c6d612e9279387/servers/39e1af8f-fe53-4bf4-86e0-94df253523f9", "rel": "self"}, {"href": "http://10.0.2.15:8774/7e41f7c4e81b407783c6d612e9279387/servers/39e1af8f-fe53-4bf4-86e0-94df253523f9", "rel": "bookmark"}], "key_name": "tempest-TestNetworkBasicOps-1804313959", "image": {"id": "19de9289-63f5-4893-b2e7-2baca833eaf6", "links": [{"href": "http://10.0.2.15:8774/7e41f7c4e81b407783c6d612e9279387/images/19de9289-63f5-4893-b2e7-2baca833eaf6", "rel": "bookmark"}]}, "OS-EXT-STS:task_state": "scheduling", "OS-EXT-STS:vm_state": "building", "OS-SRV-USG:launched_at": null, "flavor": {"id": "42", "links": [{"href": "http://10.0.2.15:8774/7e41f7c4e81b407783c6d612e9279387/flavors/42", "rel": "bookmark"}]}, "id": "39e1af8f-fe53-4bf4-86e0-94df253523f9", "OS-SRV-USG:terminated_at": null, "OS-EXT-AZ:availability_zone": "", "user_id": "9a576a0620274449a474be56e8f84601", "name": "tempest.common.compute-instance-446653511", "created": "2016-01-04T23:25:55Z", "tenant_id": "7e41f7c4e81b407783c6d612e9279387", "OS-DCF:diskConfig": "MANUAL", "os-extended-volumes:volumes_attached": [], "accessIPv4": "", "accessIPv6": "", "progress": 0, "OS-EXT-STS:power_state": 0, "config_drive": "", "metadata": {}}}
2016-01-04 23:25:57,155 24695 INFO     [tempest_lib.common.rest_client] Request (TestNetworkBasicOps:test_connectivity_between_vms_on_different_networks): 200 GET http://10.0.2.15:8774/v2.1/7e41f7c4e81b407783c6d612e9279387/servers/39e1af8f-fe53-4bf4-86e0-94df253523f9 0.447s
2016-01-04 23:25:57,156 24695 DEBUG    [tempest_lib.common.rest_client] Request - Headers: {'Content-Type': 'application/json', 'Accept': 'application/json', 'X-Auth-Token': '&lt;omitted&gt;'}
        Body: None
    Response - Headers: {'status': '200', 'content-length': '1480', 'content-location': 'http://10.0.2.15:8774/v2.1/7e41f7c4e81b407783c6d612e9279387/servers/39e1af8f-fe53-4bf4-86e0-94df253523f9', 'x-compute-request-id': 'req-73e8c173-b06e-4cb4-b0fa-2ad7406e241c', 'vary': 'X-OpenStack-Nova-API-Version', 'connection': 'close', 'x-openstack-nova-api-version': '2.1', 'date': 'Mon, 04 Jan 2016 23:25:57 GMT', 'content-type': 'application/json'}
        Body: {"server": {"status": "BUILD", "updated": "2016-01-04T23:25:56Z", "hostId": "9b11a07c488af1636a61b31347dd1f4805821a2e0e85a21f65208f8d", "addresses": {}, "links": [{"href": "http://10.0.2.15:8774/v2.1/7e41f7c4e81b407783c6d612e9279387/servers/39e1af8f-fe53-4bf4-86e0-94df253523f9", "rel": "self"}, {"href": "http://10.0.2.15:8774/7e41f7c4e81b407783c6d612e9279387/servers/39e1af8f-fe53-4bf4-86e0-94df253523f9", "rel": "bookmark"}], "key_name": "tempest-TestNetworkBasicOps-1804313959", "image": {"id": "19de9289-63f5-4893-b2e7-2baca833eaf6", "links": [{"href": "http://10.0.2.15:8774/7e41f7c4e81b407783c6d612e9279387/images/19de9289-63f5-4893-b2e7-2baca833eaf6", "rel": "bookmark"}]}, "OS-EXT-STS:task_state": "spawning", "OS-EXT-STS:vm_state": "building", "OS-SRV-USG:launched_at": null, "flavor": {"id": "42", "links": [{"href": "http://10.0.2.15:8774/7e41f7c4e81b407783c6d612e9279387/flavors/42", "rel": "bookmark"}]}, "id": "39e1af8f-fe53-4bf4-86e0-94df253523f9", "security_groups": [{"name": "tempest-secgroup-smoke-882992572"}], "OS-SRV-USG:terminated_at": null, "OS-EXT-AZ:availability_zone": "nova", "user_id": "9a576a0620274449a474be56e8f84601", "name": "tempest.common.compute-instance-446653511", "created": "2016-01-04T23:25:55Z", "tenant_id": "7e41f7c4e81b407783c6d612e9279387", "OS-DCF:diskConfig": "MANUAL", "os-extended-volumes:volumes_attached": [], "accessIPv4": "", "accessIPv6": "", "progress": 0, "OS-EXT-STS:power_state": 0, "config_drive": "", "metadata": {}}}
2016-01-04 23:25:57,165 24695 INFO     [tempest.common.waiters] State transition "BUILD/scheduling" ==&gt; "BUILD/spawning" after 2 second wait
2016-01-04 23:25:58,398 24695 INFO     [tempest_lib.common.rest_client] Request (TestNetworkBasicOps:test_connectivity_between_vms_on_different_networks): 200 GET http://10.0.2.15:8774/v2.1/7e41f7c4e81b407783c6d612e9279387/servers/39e1af8f-fe53-4bf4-86e0-94df253523f9 0.231s
2016-01-04 23:25:58,398 24695 DEBUG    [tempest_lib.common.rest_client] Request - Headers: {'Content-Type': 'application/json', 'Accept': 'application/json', 'X-Auth-Token': '&lt;omitted&gt;'}
        Body: None
    Response - Headers: {'status': '200', 'content-length': '1480', 'content-location': 'http://10.0.2.15:8774/v2.1/7e41f7c4e81b407783c6d612e9279387/servers/39e1af8f-fe53-4bf4-86e0-94df253523f9', 'x-compute-request-id': 'req-0114666c-08fa-4eb5-9207-24f8d81b34bc', 'vary': 'X-OpenStack-Nova-API-Version', 'connection': 'close', 'x-openstack-nova-api-version': '2.1', 'date': 'Mon, 04 Jan 2016 23:25:58 GMT', 'content-type': 'application/json'}
        Body: {"server": {"status": "BUILD", "updated": "2016-01-04T23:25:56Z", "hostId": "9b11a07c488af1636a61b31347dd1f4805821a2e0e85a21f65208f8d", "addresses": {}, "links": [{"href": "http://10.0.2.15:8774/v2.1/7e41f7c4e81b407783c6d612e9279387/servers/39e1af8f-fe53-4bf4-86e0-94df253523f9", "rel": "self"}, {"href": "http://10.0.2.15:8774/7e41f7c4e81b407783c6d612e9279387/servers/39e1af8f-fe53-4bf4-86e0-94df253523f9", "rel": "bookmark"}], "key_name": "tempest-TestNetworkBasicOps-1804313959", "image": {"id": "19de9289-63f5-4893-b2e7-2baca833eaf6", "links": [{"href": "http://10.0.2.15:8774/7e41f7c4e81b407783c6d612e9279387/images/19de9289-63f5-4893-b2e7-2baca833eaf6", "rel": "bookmark"}]}, "OS-EXT-STS:task_state": "spawning", "OS-EXT-STS:vm_state": "building", "OS-SRV-USG:launched_at": null, "flavor": {"id": "42", "links": [{"href": "http://10.0.2.15:8774/7e41f7c4e81b407783c6d612e9279387/flavors/42", "rel": "bookmark"}]}, "id": "39e1af8f-fe53-4bf4-86e0-94df253523f9", "security_groups": [{"name": "tempest-secgroup-smoke-882992572"}], "OS-SRV-USG:terminated_at": null, "OS-EXT-AZ:availability_zone": "nova", "user_id": "9a576a0620274449a474be56e8f84601", "name": "tempest.common.compute-instance-446653511", "created": "2016-01-04T23:25:55Z", "tenant_id": "7e41f7c4e81b407783c6d612e9279387", "OS-DCF:diskConfig": "MANUAL", "os-extended-volumes:volumes_attached": [], "accessIPv4": "", "accessIPv6": "", "progress": 0, "OS-EXT-STS:power_state": 0, "config_drive": "", "metadata": {}}}
2016-01-04 23:25:59,631 24695 INFO     [tempest_lib.common.rest_client] Request (TestNetworkBasicOps:test_connectivity_between_vms_on_different_networks): 200 GET http://10.0.2.15:8774/v2.1/7e41f7c4e81b407783c6d612e9279387/servers/39e1af8f-fe53-4bf4-86e0-94df253523f9 0.215s
2016-01-04 23:25:59,631 24695 DEBUG    [tempest_lib.common.rest_client] Request - Headers: {'Content-Type': 'application/json', 'Accept': 'application/json', 'X-Auth-Token': '&lt;omitted&gt;'}
        Body: None
    Response - Headers: {'status': '200', 'content-length': '1652', 'content-location': 'http://10.0.2.15:8774/v2.1/7e41f7c4e81b407783c6d612e9279387/servers/39e1af8f-fe53-4bf4-86e0-94df253523f9', 'x-compute-request-id': 'req-744b4687-9a09-4da6-a653-5ed89b426de5', 'vary': 'X-OpenStack-Nova-API-Version', 'connection': 'close', 'x-openstack-nova-api-version': '2.1', 'date': 'Mon, 04 Jan 2016 23:25:59 GMT', 'content-type': 'application/json'}
        Body: {"server": {"status": "ACTIVE", "updated": "2016-01-04T23:25:59Z", "hostId": "9b11a07c488af1636a61b31347dd1f4805821a2e0e85a21f65208f8d", "addresses": {"tempest-network-smoke--1661168744": [{"OS-EXT-IPS-MAC:mac_addr": "fa:16:3e:77:6e:29", "version": 4, "addr": "10.100.0.3", "OS-EXT-IPS:type": "fixed"}]}, "links": [{"href": "http://10.0.2.15:8774/v2.1/7e41f7c4e81b407783c6d612e9279387/servers/39e1af8f-fe53-4bf4-86e0-94df253523f9", "rel": "self"}, {"href": "http://10.0.2.15:8774/7e41f7c4e81b407783c6d612e9279387/servers/39e1af8f-fe53-4bf4-86e0-94df253523f9", "rel": "bookmark"}], "key_name": "tempest-TestNetworkBasicOps-1804313959", "image": {"id": "19de9289-63f5-4893-b2e7-2baca833eaf6", "links": [{"href": "http://10.0.2.15:8774/7e41f7c4e81b407783c6d612e9279387/images/19de9289-63f5-4893-b2e7-2baca833eaf6", "rel": "bookmark"}]}, "OS-EXT-STS:task_state": null, "OS-EXT-STS:vm_state": "active", "OS-SRV-USG:launched_at": "2016-01-04T23:25:58.000000", "flavor": {"id": "42", "links": [{"href": "http://10.0.2.15:8774/7e41f7c4e81b407783c6d612e9279387/flavors/42", "rel": "bookmark"}]}, "id": "39e1af8f-fe53-4bf4-86e0-94df253523f9", "security_groups": [{"name": "tempest-secgroup-smoke-882992572"}], "OS-SRV-USG:terminated_at": null, "OS-EXT-AZ:availability_zone": "nova", "user_id": "9a576a0620274449a474be56e8f84601", "name": "tempest.common.compute-instance-446653511", "created": "2016-01-04T23:25:55Z", "tenant_id": "7e41f7c4e81b407783c6d612e9279387", "OS-DCF:diskConfig": "MANUAL", "os-extended-volumes:volumes_attached": [], "accessIPv4": "", "accessIPv6": "", "progress": 0, "OS-EXT-STS:power_state": 1, "config_drive": "True", "metadata": {}}}
2016-01-04 23:25:59,640 24695 INFO     [tempest.common.waiters] State transition "BUILD/spawning" ==&gt; "ACTIVE/None" after 4 second wait
2016-01-04 23:25:59,837 24695 INFO     [tempest_lib.common.rest_client] Request (TestNetworkBasicOps:test_connectivity_between_vms_on_different_networks): 200 GET http://10.0.2.15:8774/v2.1/7e41f7c4e81b407783c6d612e9279387/servers/39e1af8f-fe53-4bf4-86e0-94df253523f9 0.197s
2016-01-04 23:25:59,838 24695 DEBUG    [tempest_lib.common.rest_client] Request - Headers: {'Content-Type': 'application/json', 'Accept': 'application/json', 'X-Auth-Token': '&lt;omitted&gt;'}
        Body: None
    Response - Headers: {'status': '200', 'content-length': '1652', 'content-location': 'http://10.0.2.15:8774/v2.1/7e41f7c4e81b407783c6d612e9279387/servers/39e1af8f-fe53-4bf4-86e0-94df253523f9', 'x-compute-request-id': 'req-f4f8fe96-fa32-4fcb-a966-195207db3785', 'vary': 'X-OpenStack-Nova-API-Version', 'connection': 'close', 'x-openstack-nova-api-version': '2.1', 'date': 'Mon, 04 Jan 2016 23:25:59 GMT', 'content-type': 'application/json'}
        Body: {"server": {"status": "ACTIVE", "updated": "2016-01-04T23:25:59Z", "hostId": "9b11a07c488af1636a61b31347dd1f4805821a2e0e85a21f65208f8d", "addresses": {"tempest-network-smoke--1661168744": [{"OS-EXT-IPS-MAC:mac_addr": "fa:16:3e:77:6e:29", "version": 4, "addr": "10.100.0.3", "OS-EXT-IPS:type": "fixed"}]}, "links": [{"href": "http://10.0.2.15:8774/v2.1/7e41f7c4e81b407783c6d612e9279387/servers/39e1af8f-fe53-4bf4-86e0-94df253523f9", "rel": "self"}, {"href": "http://10.0.2.15:8774/7e41f7c4e81b407783c6d612e9279387/servers/39e1af8f-fe53-4bf4-86e0-94df253523f9", "rel": "bookmark"}], "key_name": "tempest-TestNetworkBasicOps-1804313959", "image": {"id": "19de9289-63f5-4893-b2e7-2baca833eaf6", "links": [{"href": "http://10.0.2.15:8774/7e41f7c4e81b407783c6d612e9279387/images/19de9289-63f5-4893-b2e7-2baca833eaf6", "rel": "bookmark"}]}, "OS-EXT-STS:task_state": null, "OS-EXT-STS:vm_state": "active", "OS-SRV-USG:launched_at": "2016-01-04T23:25:58.000000", "flavor": {"id": "42", "links": [{"href": "http://10.0.2.15:8774/7e41f7c4e81b407783c6d612e9279387/flavors/42", "rel": "bookmark"}]}, "id": "39e1af8f-fe53-4bf4-86e0-94df253523f9", "security_groups": [{"name": "tempest-secgroup-smoke-882992572"}], "OS-SRV-USG:terminated_at": null, "OS-EXT-AZ:availability_zone": "nova", "user_id": "9a576a0620274449a474be56e8f84601", "name": "tempest.common.compute-instance-446653511", "created": "2016-01-04T23:25:55Z", "tenant_id": "7e41f7c4e81b407783c6d612e9279387", "OS-DCF:diskConfig": "MANUAL", "os-extended-volumes:volumes_attached": [], "accessIPv4": "", "accessIPv6": "", "progress": 0, "OS-EXT-STS:power_state": 1, "config_drive": "True", "metadata": {}}}
2016-01-04 23:25:59,846 24695 INFO     [tempest.scenario.manager] Tenant networks not configured to be reachable.
2016-01-04 23:25:59,998 24695 INFO     [tempest_lib.common.rest_client] Request (TestNetworkBasicOps:test_connectivity_between_vms_on_different_networks): 200 GET http://10.0.2.15:9696/v2.0/ports?status=ACTIVE&amp;fixed_ip=None&amp;device_id=39e1af8f-fe53-4bf4-86e0-94df253523f9 0.151s
2016-01-04 23:25:59,998 24695 DEBUG    [tempest_lib.common.rest_client] Request - Headers: {'Content-Type': 'application/json', 'Accept': 'application/json', 'X-Auth-Token': '&lt;omitted&gt;'}
        Body: None
    Response - Headers: {'status': '200', 'content-length': '895', 'content-location': 'http://10.0.2.15:9696/v2.0/ports?status=ACTIVE&amp;fixed_ip=None&amp;device_id=39e1af8f-fe53-4bf4-86e0-94df253523f9', 'connection': 'close', 'date': 'Mon, 04 Jan 2016 23:25:59 GMT', 'content-type': 'application/json; charset=UTF-8', 'x-openstack-request-id': 'req-ea9477e4-d6d8-4984-bf96-837823c1e8e4'}
        Body: {"ports": [{"status": "ACTIVE", "binding:host_id": "vagrant-ubuntu-trusty-64", "allowed_address_pairs": [], "extra_dhcp_opts": [], "dns_assignment": [{"hostname": "host-10-100-0-3", "ip_address": "10.100.0.3", "fqdn": "host-10-100-0-3.openstacklocal."}], "device_owner": "compute:None", "port_security_enabled": true, "binding:profile": {}, "fixed_ips": [{"subnet_id": "90b6a87d-41e0-43a1-8bc0-3cd30c42d46f", "ip_address": "10.100.0.3"}], "id": "1719e432-8a2d-4250-b4fd-3df19d454b53", "security_groups": ["ca335fc9-f33d-4c9e-a521-e41f3be30a96"], "device_id": "39e1af8f-fe53-4bf4-86e0-94df253523f9", "name": "", "admin_state_up": true, "network_id": "276990d2-321f-4e1e-be53-896da40a67ec", "dns_name": "", "binding:vif_details": {"port_filter": true}, "binding:vnic_type": "normal", "binding:vif_type": "ovs", "tenant_id": "7e41f7c4e81b407783c6d612e9279387", "mac_address": "fa:16:3e:77:6e:29"}]}
2016-01-04 23:26:00,743 24695 INFO     [tempest_lib.common.rest_client] Request (TestNetworkBasicOps:test_connectivity_between_vms_on_different_networks): 201 POST http://10.0.2.15:9696/v2.0/floatingips 0.744s
2016-01-04 23:26:00,744 24695 DEBUG    [tempest_lib.common.rest_client] Request - Headers: {'Content-Type': 'application/json', 'Accept': 'application/json', 'X-Auth-Token': '&lt;omitted&gt;'}
        Body: {"floatingip": {"floating_network_id": "c013420c-b1d5-4914-aef2-296c5907f00e", "tenant_id": "7e41f7c4e81b407783c6d612e9279387", "fixed_ip_address": "10.100.0.3", "port_id": "1719e432-8a2d-4250-b4fd-3df19d454b53"}}
    Response - Headers: {'status': '201', 'content-length': '367', 'connection': 'close', 'date': 'Mon, 04 Jan 2016 23:26:00 GMT', 'content-type': 'application/json; charset=UTF-8', 'x-openstack-request-id': 'req-865770ba-309c-4862-b3f0-136feb93d28a'}
        Body: {"floatingip": {"floating_network_id": "c013420c-b1d5-4914-aef2-296c5907f00e", "router_id": "5d8d0413-924a-4d72-9f29-6f2fab293cb8", "fixed_ip_address": "10.100.0.3", "floating_ip_address": "172.24.4.4", "tenant_id": "7e41f7c4e81b407783c6d612e9279387", "status": "DOWN", "port_id": "1719e432-8a2d-4250-b4fd-3df19d454b53", "id": "f63d50c4-0067-4502-a57d-60402376e151"}}
2016-01-04 23:26:00,763 24695 INFO     [tempest_lib.common.rest_client] Request (TestNetworkBasicOps:test_connectivity_between_vms_on_different_networks): 200 GET http://10.0.2.15:9696/v2.0/floatingips/f63d50c4-0067-4502-a57d-60402376e151 0.019s
2016-01-04 23:26:00,764 24695 DEBUG    [tempest_lib.common.rest_client] Request - Headers: {'Content-Type': 'application/json', 'Accept': 'application/json', 'X-Auth-Token': '&lt;omitted&gt;'}
        Body: None
    Response - Headers: {'status': '200', 'content-length': '367', 'content-location': 'http://10.0.2.15:9696/v2.0/floatingips/f63d50c4-0067-4502-a57d-60402376e151', 'connection': 'close', 'date': 'Mon, 04 Jan 2016 23:26:00 GMT', 'content-type': 'application/json; charset=UTF-8', 'x-openstack-request-id': 'req-95ad839d-3c71-492b-a34a-1358f546d0d0'}
        Body: {"floatingip": {"floating_network_id": "c013420c-b1d5-4914-aef2-296c5907f00e", "router_id": "5d8d0413-924a-4d72-9f29-6f2fab293cb8", "fixed_ip_address": "10.100.0.3", "floating_ip_address": "172.24.4.4", "tenant_id": "7e41f7c4e81b407783c6d612e9279387", "status": "DOWN", "port_id": "1719e432-8a2d-4250-b4fd-3df19d454b53", "id": "f63d50c4-0067-4502-a57d-60402376e151"}}
2016-01-04 23:26:01,778 24695 INFO     [tempest_lib.common.rest_client] Request (TestNetworkBasicOps:test_connectivity_between_vms_on_different_networks): 200 GET http://10.0.2.15:9696/v2.0/floatingips/f63d50c4-0067-4502-a57d-60402376e151 0.013s
2016-01-04 23:26:01,779 24695 DEBUG    [tempest_lib.common.rest_client] Request - Headers: {'Content-Type': 'application/json', 'Accept': 'application/json', 'X-Auth-Token': '&lt;omitted&gt;'}
        Body: None
    Response - Headers: {'status': '200', 'content-length': '369', 'content-location': 'http://10.0.2.15:9696/v2.0/floatingips/f63d50c4-0067-4502-a57d-60402376e151', 'connection': 'close', 'date': 'Mon, 04 Jan 2016 23:26:01 GMT', 'content-type': 'application/json; charset=UTF-8', 'x-openstack-request-id': 'req-ad3c8024-e47c-4e1c-bac2-8a248cb3cc05'}
        Body: {"floatingip": {"floating_network_id": "c013420c-b1d5-4914-aef2-296c5907f00e", "router_id": "5d8d0413-924a-4d72-9f29-6f2fab293cb8", "fixed_ip_address": "10.100.0.3", "floating_ip_address": "172.24.4.4", "tenant_id": "7e41f7c4e81b407783c6d612e9279387", "status": "ACTIVE", "port_id": "1719e432-8a2d-4250-b4fd-3df19d454b53", "id": "f63d50c4-0067-4502-a57d-60402376e151"}}
2016-01-04 23:26:01,779 24695 INFO     [tempest.scenario.manager] FloatingIP: &lt;"FloatingIP" addr="172.24.4.4" id="f63d50c4-0067-4502-a57d-60402376e151"&gt; is at status: ACTIVE
2016-01-04 23:26:01,780 24695 DEBUG    [tempest.scenario.manager] checking network connections to IP 172.24.4.4 with user: cirros
2016-01-04 23:26:01,780 24695 DEBUG    [tempest.scenario.manager] TestNetworkBasicOps:test_connectivity_between_vms_on_different_networks begins to ping 172.24.4.4 in 120 sec and the expected result is reachable
2016-01-04 23:28:02,067 24695 DEBUG    [tempest.scenario.manager] TestNetworkBasicOps:test_connectivity_between_vms_on_different_networks finishes ping 172.24.4.4 in 120 sec and the ping result is unexpected
2016-01-04 23:28:02,067 24695 ERROR    [tempest.scenario.manager] Public network connectivity check failed
2016-01-04 23:28:02.067 24695 ERROR tempest.scenario.manager Traceback (most recent call last):
2016-01-04 23:28:02.067 24695 ERROR tempest.scenario.manager   File "tempest/scenario/manager.py", line 609, in check_public_network_connectivity
2016-01-04 23:28:02.067 24695 ERROR tempest.scenario.manager     should_connect=should_connect)
2016-01-04 23:28:02.067 24695 ERROR tempest.scenario.manager   File "tempest/scenario/manager.py", line 593, in check_vm_connectivity
2016-01-04 23:28:02.067 24695 ERROR tempest.scenario.manager     msg=msg)
2016-01-04 23:28:02.067 24695 ERROR tempest.scenario.manager   File "/usr/local/lib/python2.7/dist-packages/unittest2/case.py", line 702, in assertTrue
2016-01-04 23:28:02.067 24695 ERROR tempest.scenario.manager     raise self.failureException(msg)
2016-01-04 23:28:02.067 24695 ERROR tempest.scenario.manager AssertionError: False is not true : Timed out waiting for 172.24.4.4 to become reachable
2016-01-04 23:28:02.067 24695 ERROR tempest.scenario.manager 
2016-01-04 23:28:02,254 24695 INFO     [tempest_lib.common.rest_client] Request (TestNetworkBasicOps:test_connectivity_between_vms_on_different_networks): 200 POST http://10.0.2.15:8774/v2.1/7e41f7c4e81b407783c6d612e9279387/servers/39e1af8f-fe53-4bf4-86e0-94df253523f9/action 0.185s
2016-01-04 23:28:02,255 24695 DEBUG    [tempest_lib.common.rest_client] Request - Headers: {'Content-Type': 'application/json', 'Accept': 'application/json', 'X-Auth-Token': '&lt;omitted&gt;'}
        Body: {"os-getConsoleOutput": {}}
    Response - Headers: {'status': '200', 'content-length': '17427', 'x-compute-request-id': 'req-7090c274-7b95-45d3-bafb-786f650fb9bf', 'vary': 'X-OpenStack-Nova-API-Version', 'connection': 'close', 'x-openstack-nova-api-version': '2.1', 'date': 'Mon, 04 Jan 2016 23:28:02 GMT', 'content-type': 'application/json'}
        Body: {"output": "[    0.000000] Initializing cgroup subsys cpuset\n[    0.000000] Initializing cgroup subsys cpu\n[    0.000000] Linux version 3.2.0-80-virtual (buildd@batsu) (gcc version 4.6.3 (Ubuntu/Linaro 4.6.3-1ubuntu5) ) #116-Ubuntu SMP Mon Mar 23 17:28:52 UTC 2015 (Ubuntu 3.2.0-80.116-virtual 3.2.68)\n[    0.000000] Command line: root=/dev/vda console=tty0 console=ttyS0 no_timer_check\n[    0.000000] KERNEL supported cpus:\n[    0.000000]   Intel GenuineIntel\n[    0.000000]   AMD AuthenticAMD\n[    0.000000]   Centaur CentaurHauls\n[    0.000000] BIOS-provided physical RAM map:\n[    0.000000]  BIOS-e820: 0000000000000000 - 000000000009fc00 (usable)\n[    0.000000]  BIOS-e820: 000000000009fc00 - 00000000000a0000 (reserved)\n[    0.000000]  BIOS-e820: 00000000000f0000 - 0000000000100000 (reserved)\n[    0.000000]  BIOS-e820: 0000000000100000 - 0000000003ffe000 (usable)\n[    0.000000]  BIOS-e820: 0000000003ffe000 - 0000000004000000 (reserved)\n[    0.000000]  BIOS-e820: 00000000fffc0000 - 0000000100000000 (reserved)\n[    0.000000] NX (Execute Disable) protection: active\n[    0.000000] SMBIOS 2.4 present.\n[    0.000000] No AGP bridge found\n[    0.000000] last_pfn = 0x3ffe max_arch_pfn = 0x400000000\n[    0.000000] x86 PAT enabled: cpu 0, old 0x7040600070406, new 0x7010600070106\n[    0.000000] found SMP MP-table at [ffff8800000f0b00] f0b00\n[    0.000000] init_memory_mapping: 0000000000000000-0000000003ffe000\n[    0.000000] RAMDISK: 03c5e000 - 03ff0000\n[    0.000000] ACPI: RSDP 00000000000f0950 00014 (v00 BOCHS )\n[    0.000000] ACPI: RSDT 0000000003fffbc1 00034 (v01 BOCHS  BXPCRSDT 00000001 BXPC 00000001)\n[    0.000000] ACPI: FACP 0000000003fff1c0 00074 (v01 BOCHS  BXPCFACP 00000001 BXPC 00000001)\n[    0.000000] ACPI: DSDT 0000000003ffe040 01180 (v01 BOCHS  BXPCDSDT 00000001 BXPC 00000001)\n[    0.000000] ACPI: FACS 0000000003ffe000 00040\n[    0.000000] ACPI: SSDT 0000000003fff234 008DD (v01 BOCHS  BXPCSSDT 00000001 BXPC 00000001)\n[    0.000000] ACPI: APIC 0000000003fffb11 00078 (v01 BOCHS  BXPCAPIC 00000001 BXPC 00000001)\n[    0.000000] ACPI: HPET 0000000003fffb89 00038 (v01 BOCHS  BXPCHPET 00000001 BXPC 00000001)\n[    0.000000] No NUMA configuration found\n[    0.000000] Faking a node at 0000000000000000-0000000003ffe000\n[    0.000000] Initmem setup node 0 0000000000000000-0000000003ffe000\n[    0.000000]   NODE_DATA [0000000003ff6000 - 0000000003ffafff]\n[    0.000000] Zone PFN ranges:\n[    0.000000]   DMA      0x00000010 -&gt; 0x00001000\n[    0.000000]   DMA32    0x00001000 -&gt; 0x00100000\n[    0.000000]   Normal   empty\n[    0.000000] Movable zone start PFN for each node\n[    0.000000] early_node_map[2] active PFN ranges\n[    0.000000]     0: 0x00000010 -&gt; 0x0000009f\n[    0.000000]     0: 0x00000100 -&gt; 0x00003ffe\n[    0.000000] ACPI: PM-Timer IO Port: 0xb008\n[    0.000000] ACPI: LAPIC (acpi_id[0x00] lapic_id[0x00] enabled)\n[    0.000000] ACPI: LAPIC_NMI (acpi_id[0xff] dfl dfl lint[0x1])\n[    0.000000] ACPI: IOAPIC (id[0x00] address[0xfec00000] gsi_base[0])\n[    0.000000] IOAPIC[0]: apic_id 0, version 17, address 0xfec00000, GSI 0-23\n[    0.000000] ACPI: INT_SRC_OVR (bus 0 bus_irq 0 global_irq 2 dfl dfl)\n[    0.000000] ACPI: INT_SRC_OVR (bus 0 bus_irq 5 global_irq 5 high level)\n[    0.000000] ACPI: INT_SRC_OVR (bus 0 bus_irq 9 global_irq 9 high level)\n[    0.000000] ACPI: INT_SRC_OVR (bus 0 bus_irq 10 global_irq 10 high level)\n[    0.000000] ACPI: INT_SRC_OVR (bus 0 bus_irq 11 global_irq 11 high level)\n[    0.000000] Using ACPI (MADT) for SMP configuration information\n[    0.000000] ACPI: HPET id: 0x8086a201 base: 0xfed00000\n[    0.000000] SMP: Allowing 1 CPUs, 0 hotplug CPUs\n[    0.000000] PM: Registered nosave memory: 000000000009f000 - 00000000000a0000\n[    0.000000] PM: Registered nosave memory: 00000000000a0000 - 00000000000f0000\n[    0.000000] PM: Registered nosave memory: 00000000000f0000 - 0000000000100000\n[    0.000000] Allocating PCI resources starting at 4000000 (gap: 4000000:fbfc0000)\n[    0.000000] Booting paravirtualized kernel on bare hardware\n[    0.000000] setup_pe
2016-01-04 23:28:02,258 24695 DEBUG    [tempest.scenario.manager] Console output for 39e1af8f-fe53-4bf4-86e0-94df253523f9
body=
[    0.000000] Initializing cgroup subsys cpuset
[    0.000000] Initializing cgroup subsys cpu
[    0.000000] Linux version 3.2.0-80-virtual (buildd@batsu) (gcc version 4.6.3 (Ubuntu/Linaro 4.6.3-1ubuntu5) ) #116-Ubuntu SMP Mon Mar 23 17:28:52 UTC 2015 (Ubuntu 3.2.0-80.116-virtual 3.2.68)
[    0.000000] Command line: root=/dev/vda console=tty0 console=ttyS0 no_timer_check
[    0.000000] KERNEL supported cpus:
[    0.000000]   Intel GenuineIntel
[    0.000000]   AMD AuthenticAMD
[    0.000000]   Centaur CentaurHauls
[    0.000000] BIOS-provided physical RAM map:
[    0.000000]  BIOS-e820: 0000000000000000 - 000000000009fc00 (usable)
[    0.000000]  BIOS-e820: 000000000009fc00 - 00000000000a0000 (reserved)
[    0.000000]  BIOS-e820: 00000000000f0000 - 0000000000100000 (reserved)
[    0.000000]  BIOS-e820: 0000000000100000 - 0000000003ffe000 (usable)
[    0.000000]  BIOS-e820: 0000000003ffe000 - 0000000004000000 (reserved)
[    0.000000]  BIOS-e820: 00000000fffc0000 - 0000000100000000 (reserved)
[    0.000000] NX (Execute Disable) protection: active
[    0.000000] SMBIOS 2.4 present.
[    0.000000] No AGP bridge found
[    0.000000] last_pfn = 0x3ffe max_arch_pfn = 0x400000000
[    0.000000] x86 PAT enabled: cpu 0, old 0x7040600070406, new 0x7010600070106
[    0.000000] found SMP MP-table at [ffff8800000f0b00] f0b00
[    0.000000] init_memory_mapping: 0000000000000000-0000000003ffe000
[    0.000000] RAMDISK: 03c5e000 - 03ff0000
[    0.000000] ACPI: RSDP 00000000000f0950 00014 (v00 BOCHS )
[    0.000000] ACPI: RSDT 0000000003fffbc1 00034 (v01 BOCHS  BXPCRSDT 00000001 BXPC 00000001)
[    0.000000] ACPI: FACP 0000000003fff1c0 00074 (v01 BOCHS  BXPCFACP 00000001 BXPC 00000001)
[    0.000000] ACPI: DSDT 0000000003ffe040 01180 (v01 BOCHS  BXPCDSDT 00000001 BXPC 00000001)
[    0.000000] ACPI: FACS 0000000003ffe000 00040
[    0.000000] ACPI: SSDT 0000000003fff234 008DD (v01 BOCHS  BXPCSSDT 00000001 BXPC 00000001)
[    0.000000] ACPI: APIC 0000000003fffb11 00078 (v01 BOCHS  BXPCAPIC 00000001 BXPC 00000001)
[    0.000000] ACPI: HPET 0000000003fffb89 00038 (v01 BOCHS  BXPCHPET 00000001 BXPC 00000001)
[    0.000000] No NUMA configuration found
[    0.000000] Faking a node at 0000000000000000-0000000003ffe000
[    0.000000] Initmem setup node 0 0000000000000000-0000000003ffe000
[    0.000000]   NODE_DATA [0000000003ff6000 - 0000000003ffafff]
[    0.000000] Zone PFN ranges:
[    0.000000]   DMA      0x00000010 -&gt; 0x00001000
[    0.000000]   DMA32    0x00001000 -&gt; 0x00100000
[    0.000000]   Normal   empty
[    0.000000] Movable zone start PFN for each node
[    0.000000] early_node_map[2] active PFN ranges
[    0.000000]     0: 0x00000010 -&gt; 0x0000009f
[    0.000000]     0: 0x00000100 -&gt; 0x00003ffe
[    0.000000] ACPI: PM-Timer IO Port: 0xb008
[    0.000000] ACPI: LAPIC (acpi_id[0x00] lapic_id[0x00] enabled)
[    0.000000] ACPI: LAPIC_NMI (acpi_id[0xff] dfl dfl lint[0x1])
[    0.000000] ACPI: IOAPIC (id[0x00] address[0xfec00000] gsi_base[0])
[    0.000000] IOAPIC[0]: apic_id 0, version 17, address 0xfec00000, GSI 0-23
[    0.000000] ACPI: INT_SRC_OVR (bus 0 bus_irq 0 global_irq 2 dfl dfl)
[    0.000000] ACPI: INT_SRC_OVR (bus 0 bus_irq 5 global_irq 5 high level)
[    0.000000] ACPI: INT_SRC_OVR (bus 0 bus_irq 9 global_irq 9 high level)
[    0.000000] ACPI: INT_SRC_OVR (bus 0 bus_irq 10 global_irq 10 high level)
[    0.000000] ACPI: INT_SRC_OVR (bus 0 bus_irq 11 global_irq 11 high level)
[    0.000000] Using ACPI (MADT) for SMP configuration information
[    0.000000] ACPI: HPET id: 0x8086a201 base: 0xfed00000
[    0.000000] SMP: Allowing 1 CPUs, 0 hotplug CPUs
[    0.000000] PM: Registered nosave memory: 000000000009f000 - 00000000000a0000
[    0.000000] PM: Registered nosave memory: 00000000000a0000 - 00000000000f0000
[    0.000000] PM: Registered nosave memory: 00000000000f0000 - 0000000000100000
[    0.000000] Allocating PCI resources starting at 4000000 (gap: 4000000:fbfc0000)
[    0.000000] Booting paravirtualized kernel on bare hardware
[    0.000000] setup_percpu: NR_CPUS:64 nr_cpumask_bits:64 nr_cpu_ids:1 nr_node_ids:1
[    0.000000] PERCPU: Embedded 27 pages/cpu @ffff880003a00000 s78848 r8192 d23552 u2097152
[    0.000000] Built 1 zonelists in Node order, mobility grouping on.  Total pages: 16008
[    0.000000] Policy zone: DMA32
[    0.000000] Kernel command line: root=/dev/vda console=tty0 console=ttyS0 no_timer_check
[    0.000000] PID hash table entries: 256 (order: -1, 2048 bytes)
[    0.000000] Checking aperture...
[    0.000000] No AGP bridge found
[    0.000000] Memory: 43492k/65528k available (6576k kernel code, 452k absent, 21584k reserved, 6620k data, 928k init)
[    0.000000] SLUB: Genslabs=15, HWalign=64, Order=0-3, MinObjects=0, CPUs=1, Nodes=1
[    0.000000] Hierarchical RCU implementation.
[    0.000000] 	RCU dyntick-idle grace-period acceleration is enabled.
[    0.000000] NR_IRQS:4352 nr_irqs:256 16
[    0.000000] Console: colour VGA+ 80x25
[    0.000000] console [tty0] enabled
[    0.000000] console [ttyS0] enabled
[    0.000000] allocated 1048576 bytes of page_cgroup
[    0.000000] please try 'cgroup_disable=memory' option if you don't want memory cgroups
[    0.000000] Fast TSC calibration failed
[    0.000000] TSC: Unable to calibrate against PIT
[    0.000000] TSC: using HPET reference calibration
[    0.000000] Detected 2294.512 MHz processor.
[    0.033221] Calibrating delay loop (skipped), value calculated using timer frequency.. 4589.02 BogoMIPS (lpj=9178048)
[    0.036883] pid_max: default: 32768 minimum: 301
[    0.046498] Security Framework initialized
[    0.050467] AppArmor: AppArmor initialized
[    0.051103] Yama: becoming mindful.
[    0.058490] Dentry cache hash table entries: 8192 (order: 4, 65536 bytes)
[    0.060593] Inode-cache hash table entries: 4096 (order: 3, 32768 bytes)
[    0.062225] Mount-cache hash table entries: 256
[    0.084136] Initializing cgroup subsys cpuacct
[    0.085516] Initializing cgroup subsys memory
[    0.086951] Initializing cgroup subsys devices
[    0.088308] Initializing cgroup subsys freezer
[    0.089763] Initializing cgroup subsys blkio
[    0.092286] Initializing cgroup subsys perf_event
[    0.098237] mce: CPU supports 10 MCE banks
[    0.101971] SMP alternatives: switching to UP code
[    0.526074] Freeing SMP alternatives: 24k freed
[    0.529406] ACPI: Core revision 20110623
[    0.598033] ftrace: allocating 26610 entries in 105 pages
[    0.630517] ..TIMER: vector=0x30 apic1=0 pin1=2 apic2=-1 pin2=-1
[    0.632167] CPU0: AMD QEMU Virtual CPU version 2.0.0 stepping 03
[    0.636039] Performance Events: Broken PMU hardware detected, using software events only.
[    0.649061] NMI watchdog disabled (cpu0): hardware events not enabled
[    0.650653] Brought up 1 CPUs
[    0.651231] Total of 1 processors activated (4589.02 BogoMIPS).
[    0.673167] devtmpfs: initialized
[    0.701385] EVM: security.selinux
[    0.701873] EVM: security.SMACK64
[    0.702293] EVM: security.capability
[    0.721374] print_constraints: dummy: 
[    0.723324] RTC time: 23:26:02, date: 01/04/16
[    0.728264] NET: Registered protocol family 16
[    0.736786] ACPI: bus type pci registered
[    0.740408] PCI: Using configuration type 1 for base access
[    0.767223] bio: create slab &lt;bio-0&gt; at 0
[    0.772632] ACPI: Added _OSI(Module Device)
[    0.773241] ACPI: Added _OSI(Processor Device)
[    0.773874] ACPI: Added _OSI(3.0 _SCP Extensions)
[    0.774481] ACPI: Added _OSI(Processor Aggregator Device)
[    0.856636] ACPI: Interpreter enabled
[    0.857453] ACPI: (supports S0 S3 S4 S5)
[    0.860549] ACPI: Using IOAPIC for interrupt routing
[    0.942189] ACPI: No dock devices found.
[    0.943053] HEST: Table not found.
[    0.944223] PCI: Using host bridge windows from ACPI; if necessary, use "pci=nocrs" and report a bug
[    0.950426] ACPI: PCI Root Bridge [PCI0] (domain 0000 [bus 00-ff])
[    0.960474] pci_root PNP0A03:00: host bridge window [io  0x0000-0x0cf7]
[    0.961396] pci_root PNP0A03:00: host bridge window [io  0x0d00-0xadff]
[    0.962370] pci_root PNP0A03:00: host bridge window [io  0xae0f-0xaeff]
[    0.964118] pci_root PNP0A03:00: host bridge window [io  0xaf20-0xafdf]
[    0.965002] pci_root PNP0A03:00: host bridge window [io  0xafe4-0xffff]
[    0.965937] pci_root PNP0A03:00: host bridge window [mem 0x000a0000-0x000bffff]
[    0.966870] pci_root PNP0A03:00: host bridge window [mem 0x04000000-0xfebfffff]
[    0.988763] pci 0000:00:01.3: quirk: [io  0xb000-0xb03f] claimed by PIIX4 ACPI
[    0.989797] pci 0000:00:01.3: quirk: [io  0xb100-0xb10f] claimed by PIIX4 SMB
[    1.076319]  pci0000:00: Unable to request _OSC control (_OSC support mask: 0x1e)
[    1.132727] ACPI: PCI Interrupt Link [LNKA] (IRQs 5 *10 11)
[    1.134992] ACPI: PCI Interrupt Link [LNKB] (IRQs 5 *10 11)
[    1.137436] ACPI: PCI Interrupt Link [LNKC] (IRQs 5 10 *11)
[    1.138805] ACPI: PCI Interrupt Link [LNKD] (IRQs 5 10 *11)
[    1.140891] ACPI: PCI Interrupt Link [LNKS] (IRQs *9)
[    1.148822] vgaarb: device added: PCI:0000:00:02.0,decodes=io+mem,owns=io+mem,locks=none
[    1.149854] vgaarb: loaded
[    1.150340] vgaarb: bridge control possible 0000:00:02.0
[    1.154793] i2c-core: driver [aat2870] using legacy suspend method
[    1.156234] i2c-core: driver [aat2870] using legacy resume method
[    1.161794] SCSI subsystem initialized
[    1.167000] usbcore: registered new interface driver usbfs
[    1.168799] usbcore: registered new interface driver hub
[    1.170178] usbcore: registered new device driver usb
[    1.176576] PCI: Using ACPI for IRQ routing
[    1.188697] NetLabel: Initializing
[    1.189426] NetLabel:  domain hash size = 128
[    1.190239] NetLabel:  protocols = UNLABELED CIPSOv4
[    1.193927] NetLabel:  unlabeled traffic allowed by default
[    1.196190] HPET: 3 timers in total, 0 timers will be used for per-cpu timer
[    1.197456] hpet0: at MMIO 0xfed00000, IRQs 2, 8, 0
[    1.198333] hpet0: 3 comparators, 64-bit 100.000000 MHz counter
[    1.210046] Switching to clocksource hpet
[    1.474425] AppArmor: AppArmor Filesystem Enabled
[    1.476141] pnp: PnP ACPI init
[    1.477638] ACPI: bus type pnp registered
[    1.497210] pnp: PnP ACPI: found 9 devices
[    1.497874] ACPI: ACPI bus type pnp unregistered
[    1.569674] NET: Registered protocol family 2
[    1.614603] IP route cache hash table entries: 512 (order: 0, 4096 bytes)
[    1.622524] TCP established hash table entries: 2048 (order: 3, 32768 bytes)
[    1.624715] TCP bind hash table entries: 2048 (order: 3, 32768 bytes)
[    1.626244] TCP: Hash tables configured (established 2048 bind 2048)
[    1.627083] TCP reno registered
[    1.627843] UDP hash table entries: 128 (order: 0, 4096 bytes)
[    1.629753] UDP-Lite hash table entries: 128 (order: 0, 4096 bytes)
[    1.633498] NET: Registered protocol family 1
[    1.634355] pci 0000:00:00.0: Limiting direct PCI/PCI transfers
[    1.635452] pci 0000:00:01.0: PIIX3: Enabling Passive Release
[    1.637357] pci 0000:00:01.0: Activating ISA DMA hang workarounds
[    1.642247] ACPI: PCI Interrupt Link [LNKD] enabled at IRQ 11
[    1.643443] pci 0000:00:01.2: PCI INT D -&gt; Link[LNKD] -&gt; GSI 11 (level, high) -&gt; IRQ 11
[    1.646188] pci 0000:00:01.2: PCI INT D disabled
[    1.665371] Trying to unpack rootfs image as initramfs...
[    1.679893] audit: initializing netlink socket (disabled)
[    1.681963] type=2000 audit(1451949962.680:1): initialized
[    1.990306] HugeTLB registered 2 MB page size, pre-allocated 0 pages
[    2.070387] VFS: Disk quotas dquot_6.5.2
[    2.071942] Dquot-cache hash table entries: 512 (order 0, 4096 bytes)
[    2.094630] fuse init (API version 7.17)
[    2.097926] msgmni has been set to 84
[    2.137465] Block layer SCSI generic (bsg) driver version 0.4 loaded (major 253)
[    2.139142] io scheduler noop registered
[    2.139818] io scheduler deadline registered (default)
[    2.141711] io scheduler cfq registered
[    2.145890] pci_hotplug: PCI Hot Plug PCI Core version: 0.5
[    2.148219] pciehp: PCI Express Hot Plug Controller Driver version: 0.4
[    2.157709] input: Power Button as /devices/LNXSYSTM:00/LNXPWRBN:00/input/input0
[    2.159932] ACPI: Power Button [PWRF]
[    2.229468] ERST: Table is not found!
[    2.230058] GHES: HEST is not enabled!
[    2.242436] ACPI: PCI Interrupt Link [LNKC] enabled at IRQ 10
[    2.243357] virtio-pci 0000:00:03.0: PCI INT A -&gt; Link[LNKC] -&gt; GSI 10 (level, high) -&gt; IRQ 10
[    2.247781] virtio-pci 0000:00:04.0: PCI INT A -&gt; Link[LNKD] -&gt; GSI 11 (level, high) -&gt; IRQ 11
[    2.270643] ACPI: PCI Interrupt Link [LNKA] enabled at IRQ 10
[    2.271469] virtio-pci 0000:00:05.0: PCI INT A -&gt; Link[LNKA] -&gt; GSI 10 (level, high) -&gt; IRQ 10
[    2.289470] Serial: 8250/16550 driver, 32 ports, IRQ sharing enabled
[    2.333696] serial8250: ttyS0 at I/O 0x3f8 (irq = 4) is a 16550A
[    2.423924] serial8250: ttyS1 at I/O 0x2f8 (irq = 3) is a 16550A
[    2.578664] 00:05: ttyS0 at I/O 0x3f8 (irq = 4) is a 16550A
[    2.665401] 00:06: ttyS1 at I/O 0x2f8 (irq = 3) is a 16550A
[    2.666433] Refined TSC clocksource calibration: 2294.619 MHz.
[    2.667036] Switching to clocksource tsc
[    2.710852] Linux agpgart interface v0.103
[    2.782963] brd: module loaded
[    2.819785] loop: module loaded
[    2.879474]  vda: unknown partition table
[    2.937682] scsi0 : ata_piix
[    2.939891] scsi1 : ata_piix
[    2.942172] ata1: PATA max MWDMA2 cmd 0x1f0 ctl 0x3f6 bmdma 0xc0a0 irq 14
[    2.943157] ata2: PATA max MWDMA2 cmd 0x170 ctl 0x376 bmdma 0xc0a8 irq 15
[    2.955082] Fixed MDIO Bus: probed
[    2.957223] tun: Universal TUN/TAP device driver, 1.6
[    2.957878] tun: (C) 1999-2004 Max Krasnyansky &lt;maxk@qualcomm.com&gt;
[    2.976046] PPP generic driver version 2.4.2
[    2.998061] ehci_hcd: USB 2.0 'Enhanced' Host Controller (EHCI) Driver
[    2.999183] ohci_hcd: USB 1.1 'Open' Host Controller (OHCI) Driver
[    3.001082] uhci_hcd: USB Universal Host Controller Interface driver
[    3.002165] uhci_hcd 0000:00:01.2: PCI INT D -&gt; Link[LNKD] -&gt; GSI 11 (level, high) -&gt; IRQ 11
[    3.005655] uhci_hcd 0000:00:01.2: UHCI Host Controller
[    3.018122] uhci_hcd 0000:00:01.2: new USB bus registered, assigned bus number 1
[    3.020231] uhci_hcd 0000:00:01.2: irq 11, io base 0x0000c040
[    3.060882] hub 1-0:1.0: USB hub found
[    3.064887] hub 1-0:1.0: 2 ports detected
[    3.078615] usbcore: registered new interface driver libusual
[    3.085198] i8042: PNP: PS/2 Controller [PNP0303:KBD,PNP0f13:MOU] at 0x60,0x64 irq 1,12
[    3.093261] serio: i8042 KBD port at 0x60,0x64 irq 1
[    3.095051] serio: i8042 AUX port at 0x60,0x64 irq 12
[    3.139645] mousedev: PS/2 mouse device common for all mice
[    3.159768] input: AT Translated Set 2 keyboard as /devices/platform/i8042/serio0/input/input1
[    3.179463] rtc_cmos 00:01: RTC can wake from S4
[    3.185776] ata2.01: ATAPI: QEMU DVD-ROM, 2.0.0, max UDMA/100
[    3.198521] ata2.01: configured for MWDMA2
[    3.203566] rtc_cmos 00:01: rtc core: registered rtc_cmos as rtc0
[    3.208840] rtc0: alarms up to one day, 114 bytes nvram, hpet irqs
[    3.213143] device-mapper: uevent: version 1.0.3
[    3.252992] scsi 1:0:1:0: CD-ROM            QEMU     QEMU DVD-ROM     2.0. PQ: 0 ANSI: 5
[    3.261482] device-mapper: ioctl: 4.22.0-ioctl (2011-10-19) initialised: dm-devel@redhat.com
[    3.271265] cpuidle: using governor ladder
[    3.274555] cpuidle: using governor menu
[    3.276141] EFI Variables Facility v0.08 2004-May-17
[    3.289055] TCP cubic registered
[    3.293448] NET: Registered protocol family 10
[    3.317560] NET: Registered protocol family 17
[    3.319249] Registering the dns_resolver key type
[    3.337447] sr0: scsi3-mmc drive: 4x/4x cd/rw xa/form2 tray
[    3.338875] cdrom: Uniform CD-ROM driver Revision: 3.20
[    3.358092] sr 1:0:1:0: Attached scsi generic sg0 type 5
[    3.419664] Freeing initrd memory: 3656k freed
[    3.447553] registered taskstats version 1
[    3.927993]   Magic number: 0:85:453
[    3.938788] rtc_cmos 00:01: setting system clock to 2016-01-04 23:26:05 UTC (1451949965)
[    3.947526] powernow-k8: Processor cpuid 663 not supported
[    3.953377] BIOS EDD facility v0.16 2004-Jun-25, 0 devices found
[    3.954878] EDD information not available.
[    4.028079] Freeing unused kernel memory: 928k freed
[    4.033481] Write protecting the kernel read-only data: 12288k
[    4.135603] Freeing unused kernel memory: 1596k freed
[    4.194483] Freeing unused kernel memory: 1184k freed

info: initramfs: up at 4.35
modprobe: module virtio_blk not found in modules.dep
modprobe: module virtio_net not found in modules.dep
info: copying initramfs to /dev/vda
info: initramfs loading root from /dev/vda
info: /etc/init.d/rc.sysinit: up at 9.16
info: container: none
Starting logging: OK
modprobe: module virtio_blk not found in modules.dep
modprobe: module virtio_net not found in modules.dep
WARN: /etc/rc3.d/S10-load-modules failed
Initializing random number generator... done.
Starting acpid: OK
cirros-ds 'local' up at 11.81
found datasource (configdrive, local)
Starting network...
udhcpc (v1.20.1) started
Sending discover...
Sending discover...

2016-01-04 23:28:02,539 24695 INFO     [tempest_lib.common.rest_client] Request (TestNetworkBasicOps:_run_cleanups): 204 DELETE http://10.0.2.15:9696/v2.0/floatingips/f63d50c4-0067-4502-a57d-60402376e151 0.275s
2016-01-04 23:28:02,539 24695 DEBUG    [tempest_lib.common.rest_client] Request - Headers: {'Content-Type': 'application/json', 'Accept': 'application/json', 'X-Auth-Token': '&lt;omitted&gt;'}
        Body: None
    Response - Headers: {'date': 'Mon, 04 Jan 2016 23:28:02 GMT', 'status': '204', 'connection': 'close', 'content-length': '0', 'x-openstack-request-id': 'req-3b9750d8-ba20-4c9b-b05f-a5de4f2cf11e'}
        Body: 
2016-01-04 23:28:02,748 24695 INFO     [tempest_lib.common.rest_client] Request (TestNetworkBasicOps:_run_cleanups): 204 DELETE http://10.0.2.15:8774/v2.1/7e41f7c4e81b407783c6d612e9279387/servers/39e1af8f-fe53-4bf4-86e0-94df253523f9 0.208s
2016-01-04 23:28:02,748 24695 DEBUG    [tempest_lib.common.rest_client] Request - Headers: {'Content-Type': 'application/json', 'Accept': 'application/json', 'X-Auth-Token': '&lt;omitted&gt;'}
        Body: None
    Response - Headers: {'status': '204', 'content-length': '0', 'x-compute-request-id': 'req-a4018826-6b55-4ac5-afd1-93b66626c00b', 'vary': 'X-OpenStack-Nova-API-Version', 'connection': 'close', 'x-openstack-nova-api-version': '2.1', 'date': 'Mon, 04 Jan 2016 23:28:02 GMT', 'content-type': 'application/json'}
        Body: 
2016-01-04 23:28:02,998 24695 INFO     [tempest_lib.common.rest_client] Request (TestNetworkBasicOps:_run_cleanups): 200 GET http://10.0.2.15:8774/v2.1/7e41f7c4e81b407783c6d612e9279387/servers/39e1af8f-fe53-4bf4-86e0-94df253523f9 0.249s
2016-01-04 23:28:03,000 24695 DEBUG    [tempest_lib.common.rest_client] Request - Headers: {'Content-Type': 'application/json', 'Accept': 'application/json', 'X-Auth-Token': '&lt;omitted&gt;'}
        Body: None
    Response - Headers: {'status': '200', 'content-length': '1775', 'content-location': 'http://10.0.2.15:8774/v2.1/7e41f7c4e81b407783c6d612e9279387/servers/39e1af8f-fe53-4bf4-86e0-94df253523f9', 'x-compute-request-id': 'req-7513680b-72b5-449e-b969-b7146583b9fe', 'vary': 'X-OpenStack-Nova-API-Version', 'connection': 'close', 'x-openstack-nova-api-version': '2.1', 'date': 'Mon, 04 Jan 2016 23:28:02 GMT', 'content-type': 'application/json'}
        Body: {"server": {"status": "ACTIVE", "updated": "2016-01-04T23:28:02Z", "hostId": "9b11a07c488af1636a61b31347dd1f4805821a2e0e85a21f65208f8d", "addresses": {"tempest-network-smoke--1661168744": [{"OS-EXT-IPS-MAC:mac_addr": "fa:16:3e:77:6e:29", "version": 4, "addr": "10.100.0.3", "OS-EXT-IPS:type": "fixed"}, {"OS-EXT-IPS-MAC:mac_addr": "fa:16:3e:77:6e:29", "version": 4, "addr": "172.24.4.4", "OS-EXT-IPS:type": "floating"}]}, "links": [{"href": "http://10.0.2.15:8774/v2.1/7e41f7c4e81b407783c6d612e9279387/servers/39e1af8f-fe53-4bf4-86e0-94df253523f9", "rel": "self"}, {"href": "http://10.0.2.15:8774/7e41f7c4e81b407783c6d612e9279387/servers/39e1af8f-fe53-4bf4-86e0-94df253523f9", "rel": "bookmark"}], "key_name": "tempest-TestNetworkBasicOps-1804313959", "image": {"id": "19de9289-63f5-4893-b2e7-2baca833eaf6", "links": [{"href": "http://10.0.2.15:8774/7e41f7c4e81b407783c6d612e9279387/images/19de9289-63f5-4893-b2e7-2baca833eaf6", "rel": "bookmark"}]}, "OS-EXT-STS:task_state": "deleting", "OS-EXT-STS:vm_state": "active", "OS-SRV-USG:launched_at": "2016-01-04T23:25:58.000000", "flavor": {"id": "42", "links": [{"href": "http://10.0.2.15:8774/7e41f7c4e81b407783c6d612e9279387/flavors/42", "rel": "bookmark"}]}, "id": "39e1af8f-fe53-4bf4-86e0-94df253523f9", "security_groups": [{"name": "tempest-secgroup-smoke-882992572"}], "OS-SRV-USG:terminated_at": null, "OS-EXT-AZ:availability_zone": "nova", "user_id": "9a576a0620274449a474be56e8f84601", "name": "tempest.common.compute-instance-446653511", "created": "2016-01-04T23:25:55Z", "tenant_id": "7e41f7c4e81b407783c6d612e9279387", "OS-DCF:diskConfig": "MANUAL", "os-extended-volumes:volumes_attached": [], "accessIPv4": "", "accessIPv6": "", "progress": 0, "OS-EXT-STS:power_state": 1, "config_drive": "True", "metadata": {}}}
2016-01-04 23:28:04,235 24695 INFO     [tempest_lib.common.rest_client] Request (TestNetworkBasicOps:_run_cleanups): 200 GET http://10.0.2.15:8774/v2.1/7e41f7c4e81b407783c6d612e9279387/servers/39e1af8f-fe53-4bf4-86e0-94df253523f9 0.223s
2016-01-04 23:28:04,235 24695 DEBUG    [tempest_lib.common.rest_client] Request - Headers: {'Content-Type': 'application/json', 'Accept': 'application/json', 'X-Auth-Token': '&lt;omitted&gt;'}
        Body: None
    Response - Headers: {'status': '200', 'content-length': '1440', 'content-location': 'http://10.0.2.15:8774/v2.1/7e41f7c4e81b407783c6d612e9279387/servers/39e1af8f-fe53-4bf4-86e0-94df253523f9', 'x-compute-request-id': 'req-cb56fbbf-a650-4b2f-938b-7a8bf12e2c70', 'vary': 'X-OpenStack-Nova-API-Version', 'connection': 'close', 'x-openstack-nova-api-version': '2.1', 'date': 'Mon, 04 Jan 2016 23:28:04 GMT', 'content-type': 'application/json'}
        Body: {"server": {"status": "ACTIVE", "updated": "2016-01-04T23:28:03Z", "hostId": "9b11a07c488af1636a61b31347dd1f4805821a2e0e85a21f65208f8d", "addresses": {}, "links": [{"href": "http://10.0.2.15:8774/v2.1/7e41f7c4e81b407783c6d612e9279387/servers/39e1af8f-fe53-4bf4-86e0-94df253523f9", "rel": "self"}, {"href": "http://10.0.2.15:8774/7e41f7c4e81b407783c6d612e9279387/servers/39e1af8f-fe53-4bf4-86e0-94df253523f9", "rel": "bookmark"}], "key_name": "tempest-TestNetworkBasicOps-1804313959", "image": {"id": "19de9289-63f5-4893-b2e7-2baca833eaf6", "links": [{"href": "http://10.0.2.15:8774/7e41f7c4e81b407783c6d612e9279387/images/19de9289-63f5-4893-b2e7-2baca833eaf6", "rel": "bookmark"}]}, "OS-EXT-STS:task_state": "deleting", "OS-EXT-STS:vm_state": "active", "OS-SRV-USG:launched_at": "2016-01-04T23:25:58.000000", "flavor": {"id": "42", "links": [{"href": "http://10.0.2.15:8774/7e41f7c4e81b407783c6d612e9279387/flavors/42", "rel": "bookmark"}]}, "id": "39e1af8f-fe53-4bf4-86e0-94df253523f9", "OS-SRV-USG:terminated_at": null, "OS-EXT-AZ:availability_zone": "nova", "user_id": "9a576a0620274449a474be56e8f84601", "name": "tempest.common.compute-instance-446653511", "created": "2016-01-04T23:25:55Z", "tenant_id": "7e41f7c4e81b407783c6d612e9279387", "OS-DCF:diskConfig": "MANUAL", "os-extended-volumes:volumes_attached": [], "accessIPv4": "", "accessIPv6": "", "progress": 0, "OS-EXT-STS:power_state": 1, "config_drive": "True", "metadata": {}}}
2016-01-04 23:28:05,333 24695 INFO     [tempest_lib.common.rest_client] Request (TestNetworkBasicOps:_run_cleanups): 404 GET http://10.0.2.15:8774/v2.1/7e41f7c4e81b407783c6d612e9279387/servers/39e1af8f-fe53-4bf4-86e0-94df253523f9 0.081s
2016-01-04 23:28:05,334 24695 DEBUG    [tempest_lib.common.rest_client] Request - Headers: {'Content-Type': 'application/json', 'Accept': 'application/json', 'X-Auth-Token': '&lt;omitted&gt;'}
        Body: None
    Response - Headers: {'status': '404', 'content-length': '111', 'x-compute-request-id': 'req-f691c664-b2ee-4b78-9eca-f333415d38dd', 'vary': 'X-OpenStack-Nova-API-Version', 'connection': 'close', 'x-openstack-nova-api-version': '2.1', 'date': 'Mon, 04 Jan 2016 23:28:05 GMT', 'content-type': 'application/json; charset=UTF-8'}
        Body: {"itemNotFound": {"message": "Instance 39e1af8f-fe53-4bf4-86e0-94df253523f9 could not be found.", "code": 404}}
2016-01-04 23:28:05,351 24695 INFO     [tempest_lib.common.rest_client] Request (TestNetworkBasicOps:_run_cleanups): 202 DELETE http://10.0.2.15:8774/v2.1/7e41f7c4e81b407783c6d612e9279387/os-keypairs/tempest-TestNetworkBasicOps-1804313959 0.015s
2016-01-04 23:28:05,351 24695 DEBUG    [tempest_lib.common.rest_client] Request - Headers: {'Content-Type': 'application/json', 'Accept': 'application/json', 'X-Auth-Token': '&lt;omitted&gt;'}
        Body: None
    Response - Headers: {'status': '202', 'content-length': '0', 'x-compute-request-id': 'req-1bc67f39-bc95-44c1-9893-2a196c2d099f', 'vary': 'X-OpenStack-Nova-API-Version', 'connection': 'close', 'x-openstack-nova-api-version': '2.1', 'date': 'Mon, 04 Jan 2016 23:28:05 GMT', 'content-type': 'application/json'}
        Body: 
2016-01-04 23:28:05,846 24695 INFO     [tempest_lib.common.rest_client] Request (TestNetworkBasicOps:_run_cleanups): 200 PUT http://10.0.2.15:9696/v2.0/routers/5d8d0413-924a-4d72-9f29-6f2fab293cb8/remove_router_interface 0.494s
2016-01-04 23:28:05,847 24695 DEBUG    [tempest_lib.common.rest_client] Request - Headers: {'Content-Type': 'application/json', 'Accept': 'application/json', 'X-Auth-Token': '&lt;omitted&gt;'}
        Body: {"subnet_id": "90b6a87d-41e0-43a1-8bc0-3cd30c42d46f"}
    Response - Headers: {'status': '200', 'content-length': '255', 'connection': 'close', 'date': 'Mon, 04 Jan 2016 23:28:05 GMT', 'content-type': 'application/json; charset=UTF-8', 'x-openstack-request-id': 'req-5208e0b3-f352-4ff5-8caf-ecc2808255e2'}
        Body: {"subnet_id": "90b6a87d-41e0-43a1-8bc0-3cd30c42d46f", "tenant_id": "7e41f7c4e81b407783c6d612e9279387", "subnet_ids": ["90b6a87d-41e0-43a1-8bc0-3cd30c42d46f"], "port_id": "b70bb6fc-d319-4831-96f0-a7177fdcdcdc", "id": "5d8d0413-924a-4d72-9f29-6f2fab293cb8"}
2016-01-04 23:28:06,293 24695 INFO     [tempest_lib.common.rest_client] Request (TestNetworkBasicOps:_run_cleanups): 204 DELETE http://10.0.2.15:9696/v2.0/subnets/90b6a87d-41e0-43a1-8bc0-3cd30c42d46f 0.445s
2016-01-04 23:28:06,293 24695 DEBUG    [tempest_lib.common.rest_client] Request - Headers: {'Content-Type': 'application/json', 'Accept': 'application/json', 'X-Auth-Token': '&lt;omitted&gt;'}
        Body: None
    Response - Headers: {'date': 'Mon, 04 Jan 2016 23:28:06 GMT', 'status': '204', 'connection': 'close', 'content-length': '0', 'x-openstack-request-id': 'req-b364cf67-879d-4b89-a3a9-75a893d9cb36'}
        Body: 
2016-01-04 23:28:06,459 24695 INFO     [tempest_lib.common.rest_client] Request (TestNetworkBasicOps:_run_cleanups): 200 GET http://10.0.2.15:9696/v2.0/routers/5d8d0413-924a-4d72-9f29-6f2fab293cb8 0.165s
2016-01-04 23:28:06,459 24695 DEBUG    [tempest_lib.common.rest_client] Request - Headers: {'Content-Type': 'application/json', 'Accept': 'application/json', 'X-Auth-Token': '&lt;omitted&gt;'}
        Body: None
    Response - Headers: {'status': '200', 'content-length': '563', 'content-location': 'http://10.0.2.15:9696/v2.0/routers/5d8d0413-924a-4d72-9f29-6f2fab293cb8', 'connection': 'close', 'date': 'Mon, 04 Jan 2016 23:28:06 GMT', 'content-type': 'application/json; charset=UTF-8', 'x-openstack-request-id': 'req-ab569ec6-0bad-4369-8dc8-f6cb32b5cac0'}
        Body: {"router": {"status": "ACTIVE", "external_gateway_info": {"network_id": "c013420c-b1d5-4914-aef2-296c5907f00e", "enable_snat": true, "external_fixed_ips": [{"subnet_id": "f3b0b594-b14d-418e-90d1-39711938aa64", "ip_address": "172.24.4.3"}, {"subnet_id": "e30e7765-82e0-40e7-9cd3-d8e1b520b4d9", "ip_address": "2001:db8::3"}]}, "availability_zone_hints": [], "availability_zones": ["nova"], "name": "tempest-router-smoke-463067735", "admin_state_up": true, "tenant_id": "7e41f7c4e81b407783c6d612e9279387", "routes": [], "id": "5d8d0413-924a-4d72-9f29-6f2fab293cb8"}}
2016-01-04 23:28:06,950 24695 INFO     [tempest_lib.common.rest_client] Request (TestNetworkBasicOps:_run_cleanups): 200 PUT http://10.0.2.15:9696/v2.0/routers/5d8d0413-924a-4d72-9f29-6f2fab293cb8 0.489s
2016-01-04 23:28:06,951 24695 DEBUG    [tempest_lib.common.rest_client] Request - Headers: {'Content-Type': 'application/json', 'Accept': 'application/json', 'X-Auth-Token': '&lt;omitted&gt;'}
        Body: {"router": {"external_gateway_info": {}, "name": "tempest-router-smoke-463067735", "admin_state_up": true}}
    Response - Headers: {'status': '200', 'content-length': '301', 'connection': 'close', 'date': 'Mon, 04 Jan 2016 23:28:06 GMT', 'content-type': 'application/json; charset=UTF-8', 'x-openstack-request-id': 'req-32ca22d5-24f6-4c7b-a145-1b8f2f25131b'}
        Body: {"router": {"status": "ACTIVE", "external_gateway_info": null, "availability_zone_hints": [], "availability_zones": ["nova"], "name": "tempest-router-smoke-463067735", "admin_state_up": true, "tenant_id": "7e41f7c4e81b407783c6d612e9279387", "routes": [], "id": "5d8d0413-924a-4d72-9f29-6f2fab293cb8"}}
2016-01-04 23:28:07,194 24695 INFO     [tempest_lib.common.rest_client] Request (TestNetworkBasicOps:_run_cleanups): 204 DELETE http://10.0.2.15:9696/v2.0/routers/5d8d0413-924a-4d72-9f29-6f2fab293cb8 0.242s
2016-01-04 23:28:07,195 24695 DEBUG    [tempest_lib.common.rest_client] Request - Headers: {'Content-Type': 'application/json', 'Accept': 'application/json', 'X-Auth-Token': '&lt;omitted&gt;'}
        Body: None
    Response - Headers: {'date': 'Mon, 04 Jan 2016 23:28:07 GMT', 'status': '204', 'connection': 'close', 'content-length': '0', 'x-openstack-request-id': 'req-91f2a2f4-6976-467d-970f-5e5e99200a4b'}
        Body: 
2016-01-04 23:28:07,408 24695 INFO     [tempest_lib.common.rest_client] Request (TestNetworkBasicOps:_run_cleanups): 204 DELETE http://10.0.2.15:9696/v2.0/networks/276990d2-321f-4e1e-be53-896da40a67ec 0.212s
2016-01-04 23:28:07,408 24695 DEBUG    [tempest_lib.common.rest_client] Request - Headers: {'Content-Type': 'application/json', 'Accept': 'application/json', 'X-Auth-Token': '&lt;omitted&gt;'}
        Body: None
    Response - Headers: {'date': 'Mon, 04 Jan 2016 23:28:07 GMT', 'status': '204', 'connection': 'close', 'content-length': '0', 'x-openstack-request-id': 'req-7f0a60b1-ce98-4788-a6dc-07b369444152'}
        Body: 
2016-01-04 23:28:07,473 24695 INFO     [tempest_lib.common.rest_client] Request (TestNetworkBasicOps:_run_cleanups): 204 DELETE http://10.0.2.15:9696/v2.0/security-group-rules/2e9f1023-1ef3-4836-8f19-1ff902386010 0.064s
2016-01-04 23:28:07,474 24695 DEBUG    [tempest_lib.common.rest_client] Request - Headers: {'Content-Type': 'application/json', 'Accept': 'application/json', 'X-Auth-Token': '&lt;omitted&gt;'}
        Body: None
    Response - Headers: {'date': 'Mon, 04 Jan 2016 23:28:07 GMT', 'status': '204', 'connection': 'close', 'content-length': '0', 'x-openstack-request-id': 'req-e4bba4f2-77a1-4d81-bb34-8f5029b12ef0'}
        Body: 
2016-01-04 23:28:07,541 24695 INFO     [tempest_lib.common.rest_client] Request (TestNetworkBasicOps:_run_cleanups): 204 DELETE http://10.0.2.15:9696/v2.0/security-group-rules/aa5eb653-ffa6-443c-81c6-1bdabda5114e 0.065s
2016-01-04 23:28:07,541 24695 DEBUG    [tempest_lib.common.rest_client] Request - Headers: {'Content-Type': 'application/json', 'Accept': 'application/json', 'X-Auth-Token': '&lt;omitted&gt;'}
        Body: None
    Response - Headers: {'date': 'Mon, 04 Jan 2016 23:28:07 GMT', 'status': '204', 'connection': 'close', 'content-length': '0', 'x-openstack-request-id': 'req-4b0969bf-620b-4d5b-afba-d33e3e483994'}
        Body: 
2016-01-04 23:28:07,600 24695 INFO     [tempest_lib.common.rest_client] Request (TestNetworkBasicOps:_run_cleanups): 204 DELETE http://10.0.2.15:9696/v2.0/security-group-rules/b9f66655-a2a4-4d7b-9379-4e4b42124a2e 0.058s
2016-01-04 23:28:07,601 24695 DEBUG    [tempest_lib.common.rest_client] Request - Headers: {'Content-Type': 'application/json', 'Accept': 'application/json', 'X-Auth-Token': '&lt;omitted&gt;'}
        Body: None
    Response - Headers: {'date': 'Mon, 04 Jan 2016 23:28:07 GMT', 'status': '204', 'connection': 'close', 'content-length': '0', 'x-openstack-request-id': 'req-de0191ed-c5ba-4aef-baad-80a777e706de'}
        Body: 
2016-01-04 23:28:07,659 24695 INFO     [tempest_lib.common.rest_client] Request (TestNetworkBasicOps:_run_cleanups): 204 DELETE http://10.0.2.15:9696/v2.0/security-group-rules/f11c4134-680d-4315-bab1-41bf27e0c8ed 0.057s
2016-01-04 23:28:07,659 24695 DEBUG    [tempest_lib.common.rest_client] Request - Headers: {'Content-Type': 'application/json', 'Accept': 'application/json', 'X-Auth-Token': '&lt;omitted&gt;'}
        Body: None
    Response - Headers: {'date': 'Mon, 04 Jan 2016 23:28:07 GMT', 'status': '204', 'connection': 'close', 'content-length': '0', 'x-openstack-request-id': 'req-8d07edfc-a3c1-4a92-ab9f-2b7bd5323a66'}
        Body: 
2016-01-04 23:28:07,713 24695 INFO     [tempest_lib.common.rest_client] Request (TestNetworkBasicOps:_run_cleanups): 204 DELETE http://10.0.2.15:9696/v2.0/security-group-rules/1bbb5206-d871-4f8a-88fe-d39556def779 0.053s
2016-01-04 23:28:07,714 24695 DEBUG    [tempest_lib.common.rest_client] Request - Headers: {'Content-Type': 'application/json', 'Accept': 'application/json', 'X-Auth-Token': '&lt;omitted&gt;'}
        Body: None
