<?xml version="1.0" encoding="UTF-8"?>
<!DOCTYPE html PUBLIC "-//W3C//DTD XHTML 1.0 Strict//EN"
     "http://www.w3.org/TR/xhtml1/DTD/xhtml1-strict.dtd">
<html xmlns="http://www.w3.org/1999/xhtml">
<head>
    <title>Unit Test Report</title>
    <meta name="generator" content="subunit2html 0.1"/>
    <meta http-equiv="Content-Type" content="text/html; charset=UTF-8"/>
    
<style type="text/css" media="screen">
body        { font-family: verdana, arial, helvetica, sans-serif;
    font-size: 80%; }
table       { font-size: 100%; width: 100%;}
pre         { font-size: 80%; }

/* -- heading -------------------------------------------------------------- */
h1 {
        font-size: 16pt;
        color: gray;
}
.heading {
    margin-top: 0ex;
    margin-bottom: 1ex;
}

.heading .attribute {
    margin-top: 1ex;
    margin-bottom: 0;
}

.heading .description {
    margin-top: 4ex;
    margin-bottom: 6ex;
}

/* -- css div popup -------------------------------------------------------- */
a.popup_link {
}

a.popup_link:hover {
    color: red;
}

.popup_window {
    display: none;
    overflow-x: scroll;
    /*border: solid #627173 1px; */
    padding: 10px;
    background-color: #E6E6D6;
    font-family: "Ubuntu Mono", "Lucida Console", "Courier New", monospace;
    text-align: left;
    font-size: 8pt;
}

}
/* -- report --------------------------------------------------------------- */
#show_detail_line {
    margin-top: 3ex;
    margin-bottom: 1ex;
}
#result_table {
    width: 100%;
    border-collapse: collapse;
    border: 1px solid #777;
}
#header_row {
    font-weight: bold;
    color: white;
    background-color: #777;
}
#result_table td {
    border: 1px solid #777;
    padding: 2px;
}
#total_row  { font-weight: bold; }
.passClass  { background-color: #6c6; }
.failClass  { background-color: #c60; }
.errorClass { background-color: #c00; }
.passCase   { color: #6c6; }
.failCase   { color: #c60; font-weight: bold; }
.errorCase  { color: #c00; font-weight: bold; }
.hiddenRow  { display: none; }
.testcase   { margin-left: 2em; }
td.testname {width: 40%}
td.small {width: 40px}

/* -- ending --------------------------------------------------------------- */
#ending {
}

</style>

</head>
<body>
<script language="javascript" type="text/javascript"><!--
output_list = Array();

/* level - 0:Summary; 1:Failed; 2:All */
function showCase(level) {
    trs = document.getElementsByTagName("tr");
    for (var i = 0; i < trs.length; i++) {
        tr = trs[i];
        id = tr.id;
        if (id.substr(0,2) == 'ft') {
            if (level < 1) {
                tr.className = 'hiddenRow';
            }
            else {
                tr.className = '';
            }
        }
        if (id.substr(0,2) == 'pt') {
            if (level > 1) {
                tr.className = '';
            }
            else {
                tr.className = 'hiddenRow';
            }
        }
    }
}


function showClassDetail(cid, count) {
    var id_list = Array(count);
    var toHide = 1;
    for (var i = 0; i < count; i++) {
        tid0 = 't' + cid.substr(1) + '.' + (i+1);
        tid = 'f' + tid0;
        tr = document.getElementById(tid);
        if (!tr) {
            tid = 'p' + tid0;
            tr = document.getElementById(tid);
        }
        id_list[i] = tid;
        if (tr.className) {
            toHide = 0;
        }
    }
    for (var i = 0; i < count; i++) {
        tid = id_list[i];
        if (toHide) {
            document.getElementById('div_'+tid).style.display = 'none'
            document.getElementById(tid).className = 'hiddenRow';
        }
        else {
            document.getElementById(tid).className = '';
        }
    }
}


function showTestDetail(div_id){
    var details_div = document.getElementById(div_id)
    var displayState = details_div.style.display
    // alert(displayState)
    if (displayState != 'block' ) {
        displayState = 'block'
        details_div.style.display = 'block'
    }
    else {
        details_div.style.display = 'none'
    }
}


function html_escape(s) {
    s = s.replace(/&/g,'&amp;');
    s = s.replace(/</g,'&lt;');
    s = s.replace(/>/g,'&gt;');
    return s;
}

/* obsoleted by detail in <div>
function showOutput(id, name) {
    var w = window.open("", //url
                    name,
                    "resizable,scrollbars,status,width=800,height=450");
    d = w.document;
    d.write("<pre>");
    d.write(html_escape(output_list[id]));
    d.write("\n");
    d.write("<a href='javascript:window.close()'>close</a>\n");
    d.write("</pre>\n");
    d.close();
}
*/
--></script>

<div class='heading'>
<h1>Unit Test Report</h1>

<p class='attribute'><strong>Status:</strong> Pass 1 Failure 7 Skip 1</p>

<p class='description'></p>
</div>



<p id='show_detail_line'>Show
<a href='javascript:showCase(0)'>Summary</a>
<a href='javascript:showCase(1)'>Failed</a>
<a href='javascript:showCase(2)'>All</a>
</p>
<table id='result_table'>
<colgroup>
<col align='left' />
<col align='right' />
<col align='right' />
<col align='right' />
<col align='right' />
<col align='right' />
<col align='right' />
<col align='right' />
</colgroup>
<tr id='header_row'>
    <td>Test Group/Test case</td>
    <td>Count</td>
    <td>Pass</td>
    <td>Fail</td>
    <td>Error</td>
    <td>Skip</td>
    <td>View</td>
    <td> </td>
</tr>

<tr class='failClass'>
    <td class="testname">tempest.scenario.test_network_basic_ops.TestNetworkBasicOps</td>
    <td class="small">9</td>
    <td class="small">1</td>
    <td class="small">7</td>
    <td class="small">0</td>
    <td class="small">1</td>
    <td class="small"><a href="javascript:showClassDetail('c1',9)"
>Detail</a></td>
    <td> </td>
</tr>

<tr id='ft1.1' class='none'>
    <td class='failCase'><div class='testcase'>test_connectivity_between_vms_on_different_networks[compute,id-1546850e-fbaa-42f5-8b5f-03d8a6a95f15,network]</div></td>
    <td colspan='7' align='left'>

    <!--css div popup start-->
    <a class="popup_link" onfocus='this.blur();'
    href="javascript:showTestDetail('div_ft1.1')" >
        fail</a>

    <div id='div_ft1.1' class="popup_window">
        <div style='text-align: right; color:red;cursor:pointer'>
        <a onfocus='this.blur();'
onclick="document.getElementById('div_ft1.1').style.display = 'none' " >
           [x]</a>
        </div>
        <pre>
        
ft1.1: tempest.scenario.test_network_basic_ops.TestNetworkBasicOps.test_connectivity_between_vms_on_different_networks[compute,id-1546850e-fbaa-42f5-8b5f-03d8a6a95f15,network]_StringException: Empty attachments:
  stderr
  stdout

pythonlogging:'': {{{
2015-12-20 17:57:19,290 21681 INFO     [tempest_lib.common.rest_client] Request (TestNetworkBasicOps:test_connectivity_between_vms_on_different_networks): 201 POST http://10.0.2.15:9696/v2.0/security-groups 0.325s
2015-12-20 17:57:19,290 21681 DEBUG    [tempest_lib.common.rest_client] Request - Headers: {'Content-Type': 'application/json', 'Accept': 'application/json', 'X-Auth-Token': '&lt;omitted&gt;'}
        Body: {"security_group": {"tenant_id": "be4321023bc24523aaf47070f7d660a0", "description": "tempest-secgroup-smoke-1946079440 description", "name": "tempest-secgroup-smoke-1946079440"}}
    Response - Headers: {'status': '201', 'content-length': '888', 'connection': 'close', 'date': 'Sun, 20 Dec 2015 17:57:19 GMT', 'content-type': 'application/json; charset=UTF-8', 'x-openstack-request-id': 'req-6446b5fe-08e3-44bb-9d04-9749787c1d1c'}
        Body: {"security_group": {"tenant_id": "be4321023bc24523aaf47070f7d660a0", "description": "tempest-secgroup-smoke-1946079440 description", "id": "bdb430d7-7ed0-442e-ab93-6322c1bd3238", "security_group_rules": [{"remote_group_id": null, "direction": "egress", "remote_ip_prefix": null, "protocol": null, "ethertype": "IPv4", "tenant_id": "be4321023bc24523aaf47070f7d660a0", "port_range_max": null, "port_range_min": null, "id": "00283abf-66a1-45f4-858c-9c9986bb9a50", "security_group_id": "bdb430d7-7ed0-442e-ab93-6322c1bd3238"}, {"remote_group_id": null, "direction": "egress", "remote_ip_prefix": null, "protocol": null, "ethertype": "IPv6", "tenant_id": "be4321023bc24523aaf47070f7d660a0", "port_range_max": null, "port_range_min": null, "id": "888d4016-3929-4743-95d0-484d5ccc4084", "security_group_id": "bdb430d7-7ed0-442e-ab93-6322c1bd3238"}], "name": "tempest-secgroup-smoke-1946079440"}}
2015-12-20 17:57:19,406 21681 INFO     [tempest_lib.common.rest_client] Request (TestNetworkBasicOps:test_connectivity_between_vms_on_different_networks): 201 POST http://10.0.2.15:9696/v2.0/security-group-rules 0.114s
2015-12-20 17:57:19,406 21681 DEBUG    [tempest_lib.common.rest_client] Request - Headers: {'Content-Type': 'application/json', 'Accept': 'application/json', 'X-Auth-Token': '&lt;omitted&gt;'}
        Body: {"security_group_rule": {"direction": "ingress", "protocol": "tcp", "tenant_id": "be4321023bc24523aaf47070f7d660a0", "port_range_max": 22, "security_group_id": "bdb430d7-7ed0-442e-ab93-6322c1bd3238", "port_range_min": 22}}
    Response - Headers: {'status': '201', 'content-length': '340', 'connection': 'close', 'date': 'Sun, 20 Dec 2015 17:57:19 GMT', 'content-type': 'application/json; charset=UTF-8', 'x-openstack-request-id': 'req-8069ffee-c231-4f88-993c-113c0ef10348'}
        Body: {"security_group_rule": {"remote_group_id": null, "direction": "ingress", "remote_ip_prefix": null, "protocol": "tcp", "ethertype": "IPv4", "tenant_id": "be4321023bc24523aaf47070f7d660a0", "port_range_max": 22, "port_range_min": 22, "id": "e03ef77e-a16e-4f71-ac66-1e6a37215e53", "security_group_id": "bdb430d7-7ed0-442e-ab93-6322c1bd3238"}}
2015-12-20 17:57:19,517 21681 INFO     [tempest_lib.common.rest_client] Request (TestNetworkBasicOps:test_connectivity_between_vms_on_different_networks): 201 POST http://10.0.2.15:9696/v2.0/security-group-rules 0.110s
2015-12-20 17:57:19,518 21681 DEBUG    [tempest_lib.common.rest_client] Request - Headers: {'Content-Type': 'application/json', 'Accept': 'application/json', 'X-Auth-Token': '&lt;omitted&gt;'}
        Body: {"security_group_rule": {"direction": "egress", "protocol": "tcp", "tenant_id": "be4321023bc24523aaf47070f7d660a0", "port_range_max": 22, "security_group_id": "bdb430d7-7ed0-442e-ab93-6322c1bd3238", "port_range_min": 22}}
    Response - Headers: {'status': '201', 'content-length': '339', 'connection': 'close', 'date': 'Sun, 20 Dec 2015 17:57:19 GMT', 'content-type': 'application/json; charset=UTF-8', 'x-openstack-request-id': 'req-83e659dd-db0a-4fd3-a988-fdb805f6b7cd'}
        Body: {"security_group_rule": {"remote_group_id": null, "direction": "egress", "remote_ip_prefix": null, "protocol": "tcp", "ethertype": "IPv4", "tenant_id": "be4321023bc24523aaf47070f7d660a0", "port_range_max": 22, "port_range_min": 22, "id": "023939cd-c81b-4956-b2b8-5e459c31cb25", "security_group_id": "bdb430d7-7ed0-442e-ab93-6322c1bd3238"}}
2015-12-20 17:57:19,637 21681 INFO     [tempest_lib.common.rest_client] Request (TestNetworkBasicOps:test_connectivity_between_vms_on_different_networks): 201 POST http://10.0.2.15:9696/v2.0/security-group-rules 0.118s
2015-12-20 17:57:19,637 21681 DEBUG    [tempest_lib.common.rest_client] Request - Headers: {'Content-Type': 'application/json', 'Accept': 'application/json', 'X-Auth-Token': '&lt;omitted&gt;'}
        Body: {"security_group_rule": {"tenant_id": "be4321023bc24523aaf47070f7d660a0", "direction": "ingress", "protocol": "icmp", "security_group_id": "bdb430d7-7ed0-442e-ab93-6322c1bd3238"}}
    Response - Headers: {'status': '201', 'content-length': '345', 'connection': 'close', 'date': 'Sun, 20 Dec 2015 17:57:19 GMT', 'content-type': 'application/json; charset=UTF-8', 'x-openstack-request-id': 'req-181610b9-df32-4ac8-a0a2-d4dd156c082d'}
        Body: {"security_group_rule": {"remote_group_id": null, "direction": "ingress", "remote_ip_prefix": null, "protocol": "icmp", "ethertype": "IPv4", "tenant_id": "be4321023bc24523aaf47070f7d660a0", "port_range_max": null, "port_range_min": null, "id": "48d43686-62fb-402f-a1b3-c280bc463824", "security_group_id": "bdb430d7-7ed0-442e-ab93-6322c1bd3238"}}
2015-12-20 17:57:19,755 21681 INFO     [tempest_lib.common.rest_client] Request (TestNetworkBasicOps:test_connectivity_between_vms_on_different_networks): 201 POST http://10.0.2.15:9696/v2.0/security-group-rules 0.117s
2015-12-20 17:57:19,756 21681 DEBUG    [tempest_lib.common.rest_client] Request - Headers: {'Content-Type': 'application/json', 'Accept': 'application/json', 'X-Auth-Token': '&lt;omitted&gt;'}
        Body: {"security_group_rule": {"tenant_id": "be4321023bc24523aaf47070f7d660a0", "direction": "egress", "protocol": "icmp", "security_group_id": "bdb430d7-7ed0-442e-ab93-6322c1bd3238"}}
    Response - Headers: {'status': '201', 'content-length': '344', 'connection': 'close', 'date': 'Sun, 20 Dec 2015 17:57:19 GMT', 'content-type': 'application/json; charset=UTF-8', 'x-openstack-request-id': 'req-7630f2a7-80b8-45e1-9c23-9d4a8c09e87d'}
        Body: {"security_group_rule": {"remote_group_id": null, "direction": "egress", "remote_ip_prefix": null, "protocol": "icmp", "ethertype": "IPv4", "tenant_id": "be4321023bc24523aaf47070f7d660a0", "port_range_max": null, "port_range_min": null, "id": "2b685b4e-e00e-4355-9375-4d745c3962b3", "security_group_id": "bdb430d7-7ed0-442e-ab93-6322c1bd3238"}}
2015-12-20 17:57:19,871 21681 INFO     [tempest_lib.common.rest_client] Request (TestNetworkBasicOps:test_connectivity_between_vms_on_different_networks): 201 POST http://10.0.2.15:9696/v2.0/security-group-rules 0.112s
2015-12-20 17:57:19,872 21681 DEBUG    [tempest_lib.common.rest_client] Request - Headers: {'Content-Type': 'application/json', 'Accept': 'application/json', 'X-Auth-Token': '&lt;omitted&gt;'}
        Body: {"security_group_rule": {"tenant_id": "be4321023bc24523aaf47070f7d660a0", "direction": "ingress", "security_group_id": "bdb430d7-7ed0-442e-ab93-6322c1bd3238", "protocol": "icmp", "ethertype": "IPv6"}}
    Response - Headers: {'status': '201', 'content-length': '345', 'connection': 'close', 'date': 'Sun, 20 Dec 2015 17:57:19 GMT', 'content-type': 'application/json; charset=UTF-8', 'x-openstack-request-id': 'req-cbcaca6c-39f6-4ac8-9af6-749068cee880'}
        Body: {"security_group_rule": {"remote_group_id": null, "direction": "ingress", "remote_ip_prefix": null, "protocol": "icmp", "ethertype": "IPv6", "tenant_id": "be4321023bc24523aaf47070f7d660a0", "port_range_max": null, "port_range_min": null, "id": "0e25fdc6-95af-4009-83ec-453386d564c5", "security_group_id": "bdb430d7-7ed0-442e-ab93-6322c1bd3238"}}
2015-12-20 17:57:19,974 21681 INFO     [tempest_lib.common.rest_client] Request (TestNetworkBasicOps:test_connectivity_between_vms_on_different_networks): 201 POST http://10.0.2.15:9696/v2.0/security-group-rules 0.101s
2015-12-20 17:57:19,974 21681 DEBUG    [tempest_lib.common.rest_client] Request - Headers: {'Content-Type': 'application/json', 'Accept': 'application/json', 'X-Auth-Token': '&lt;omitted&gt;'}
        Body: {"security_group_rule": {"tenant_id": "be4321023bc24523aaf47070f7d660a0", "direction": "egress", "security_group_id": "bdb430d7-7ed0-442e-ab93-6322c1bd3238", "protocol": "icmp", "ethertype": "IPv6"}}
    Response - Headers: {'status': '201', 'content-length': '344', 'connection': 'close', 'date': 'Sun, 20 Dec 2015 17:57:19 GMT', 'content-type': 'application/json; charset=UTF-8', 'x-openstack-request-id': 'req-fb9e1da3-5a1c-42fd-805d-bfe991131b39'}
        Body: {"security_group_rule": {"remote_group_id": null, "direction": "egress", "remote_ip_prefix": null, "protocol": "icmp", "ethertype": "IPv6", "tenant_id": "be4321023bc24523aaf47070f7d660a0", "port_range_max": null, "port_range_min": null, "id": "2ed7080c-beb3-4916-87a5-33c89e7ab997", "security_group_id": "bdb430d7-7ed0-442e-ab93-6322c1bd3238"}}
2015-12-20 17:57:20,143 21681 INFO     [tempest_lib.common.rest_client] Request (TestNetworkBasicOps:test_connectivity_between_vms_on_different_networks): 201 POST http://10.0.2.15:9696/v2.0/networks 0.168s
2015-12-20 17:57:20,144 21681 DEBUG    [tempest_lib.common.rest_client] Request - Headers: {'Content-Type': 'application/json', 'Accept': 'application/json', 'X-Auth-Token': '&lt;omitted&gt;'}
        Body: {"network": {"tenant_id": "be4321023bc24523aaf47070f7d660a0", "name": "tempest-network-smoke--592885004"}}
    Response - Headers: {'status': '201', 'content-length': '328', 'connection': 'close', 'date': 'Sun, 20 Dec 2015 17:57:20 GMT', 'content-type': 'application/json; charset=UTF-8', 'x-openstack-request-id': 'req-400951e6-4b24-4493-8d1e-7c5ab97043f0'}
        Body: {"network": {"status": "ACTIVE", "subnets": [], "availability_zone_hints": "[]", "name": "tempest-network-smoke--592885004", "admin_state_up": true, "tenant_id": "be4321023bc24523aaf47070f7d660a0", "mtu": 0, "router:external": false, "shared": false, "port_security_enabled": true, "id": "c37c5d95-784e-4ade-ac65-723b712c2bf1"}}
2015-12-20 17:57:20,234 21681 INFO     [tempest_lib.common.rest_client] Request (TestNetworkBasicOps:test_connectivity_between_vms_on_different_networks): 201 POST http://10.0.2.15:9696/v2.0/routers 0.089s
2015-12-20 17:57:20,235 21681 DEBUG    [tempest_lib.common.rest_client] Request - Headers: {'Content-Type': 'application/json', 'Accept': 'application/json', 'X-Auth-Token': '&lt;omitted&gt;'}
        Body: {"router": {"tenant_id": "be4321023bc24523aaf47070f7d660a0", "name": "tempest-router-smoke-1978376716", "admin_state_up": true}}
    Response - Headers: {'status': '201', 'content-length': '296', 'connection': 'close', 'date': 'Sun, 20 Dec 2015 17:57:20 GMT', 'content-type': 'application/json; charset=UTF-8', 'x-openstack-request-id': 'req-29a149c3-b50d-4d15-b369-1e0a0046431d'}
        Body: {"router": {"status": "ACTIVE", "external_gateway_info": null, "availability_zone_hints": [], "availability_zones": [], "name": "tempest-router-smoke-1978376716", "admin_state_up": true, "tenant_id": "be4321023bc24523aaf47070f7d660a0", "routes": [], "id": "28f3dad9-0fd2-4abe-a9e9-6d281e39fbf7"}}
2015-12-20 17:57:20,291 21681 INFO     [tempest_lib.common.rest_client] Request (TestNetworkBasicOps:test_connectivity_between_vms_on_different_networks): 200 GET http://10.0.2.15:9696/v2.0/routers/28f3dad9-0fd2-4abe-a9e9-6d281e39fbf7 0.055s
2015-12-20 17:57:20,292 21681 DEBUG    [tempest_lib.common.rest_client] Request - Headers: {'Content-Type': 'application/json', 'Accept': 'application/json', 'X-Auth-Token': '&lt;omitted&gt;'}
        Body: None
    Response - Headers: {'status': '200', 'content-length': '296', 'content-location': 'http://10.0.2.15:9696/v2.0/routers/28f3dad9-0fd2-4abe-a9e9-6d281e39fbf7', 'connection': 'close', 'date': 'Sun, 20 Dec 2015 17:57:20 GMT', 'content-type': 'application/json; charset=UTF-8', 'x-openstack-request-id': 'req-cb8fb104-03b7-4a50-bbac-76e85210bc51'}
        Body: {"router": {"status": "ACTIVE", "external_gateway_info": null, "availability_zone_hints": [], "availability_zones": [], "name": "tempest-router-smoke-1978376716", "admin_state_up": true, "tenant_id": "be4321023bc24523aaf47070f7d660a0", "routes": [], "id": "28f3dad9-0fd2-4abe-a9e9-6d281e39fbf7"}}
2015-12-20 17:57:21,087 21681 INFO     [tempest_lib.common.rest_client] Request (TestNetworkBasicOps:test_connectivity_between_vms_on_different_networks): 200 PUT http://10.0.2.15:9696/v2.0/routers/28f3dad9-0fd2-4abe-a9e9-6d281e39fbf7 0.794s
2015-12-20 17:57:21,087 21681 DEBUG    [tempest_lib.common.rest_client] Request - Headers: {'Content-Type': 'application/json', 'Accept': 'application/json', 'X-Auth-Token': '&lt;omitted&gt;'}
        Body: {"router": {"external_gateway_info": {"network_id": "e8e8e1dc-cb7c-4da8-8cb8-ee47a2662e28"}, "name": "tempest-router-smoke-1978376716", "admin_state_up": true}}
    Response - Headers: {'status': '200', 'content-length': '558', 'connection': 'close', 'date': 'Sun, 20 Dec 2015 17:57:21 GMT', 'content-type': 'application/json; charset=UTF-8', 'x-openstack-request-id': 'req-b51dc14e-a843-4267-bdbc-a74a78bfeaf1'}
        Body: {"router": {"status": "ACTIVE", "external_gateway_info": {"network_id": "e8e8e1dc-cb7c-4da8-8cb8-ee47a2662e28", "enable_snat": true, "external_fixed_ips": [{"subnet_id": "2f858f26-e9d3-48eb-a70c-de938e83b848", "ip_address": "172.24.4.3"}, {"subnet_id": "f0b5d5eb-4699-4e6d-acdf-f3ffb956c6d1", "ip_address": "2001:db8::3"}]}, "availability_zone_hints": [], "availability_zones": [], "name": "tempest-router-smoke-1978376716", "admin_state_up": true, "tenant_id": "be4321023bc24523aaf47070f7d660a0", "routes": [], "id": "28f3dad9-0fd2-4abe-a9e9-6d281e39fbf7"}}
2015-12-20 17:57:21,238 21681 INFO     [tempest_lib.common.rest_client] Request (TestNetworkBasicOps:test_connectivity_between_vms_on_different_networks): 200 GET http://10.0.2.15:9696/v2.0/subnets?tenant_id=be4321023bc24523aaf47070f7d660a0&amp;cidr=10.100.0.0%2F28 0.150s
2015-12-20 17:57:21,238 21681 DEBUG    [tempest_lib.common.rest_client] Request - Headers: {'Content-Type': 'application/json', 'Accept': 'application/json', 'X-Auth-Token': '&lt;omitted&gt;'}
        Body: None
    Response - Headers: {'status': '200', 'content-length': '15', 'content-location': 'http://10.0.2.15:9696/v2.0/subnets?tenant_id=be4321023bc24523aaf47070f7d660a0&amp;cidr=10.100.0.0%2F28', 'connection': 'close', 'date': 'Sun, 20 Dec 2015 17:57:21 GMT', 'content-type': 'application/json; charset=UTF-8', 'x-openstack-request-id': 'req-c3be122e-8414-4dc0-b096-b7ce932f28a2'}
        Body: {"subnets": []}
2015-12-20 17:57:21,714 21681 INFO     [tempest_lib.common.rest_client] Request (TestNetworkBasicOps:test_connectivity_between_vms_on_different_networks): 201 POST http://10.0.2.15:9696/v2.0/subnets 0.475s
2015-12-20 17:57:21,714 21681 DEBUG    [tempest_lib.common.rest_client] Request - Headers: {'Content-Type': 'application/json', 'Accept': 'application/json', 'X-Auth-Token': '&lt;omitted&gt;'}
        Body: {"subnet": {"ip_version": 4, "tenant_id": "be4321023bc24523aaf47070f7d660a0", "cidr": "10.100.0.0/28", "network_id": "c37c5d95-784e-4ade-ac65-723b712c2bf1", "name": "tempest-subnet-smoke-1314958454"}}
    Response - Headers: {'status': '201', 'content-length': '478', 'connection': 'close', 'date': 'Sun, 20 Dec 2015 17:57:21 GMT', 'content-type': 'application/json; charset=UTF-8', 'x-openstack-request-id': 'req-cf85fc0d-8747-448a-bcfd-a92345b38734'}
        Body: {"subnet": {"name": "tempest-subnet-smoke-1314958454", "enable_dhcp": true, "network_id": "c37c5d95-784e-4ade-ac65-723b712c2bf1", "tenant_id": "be4321023bc24523aaf47070f7d660a0", "dns_nameservers": [], "gateway_ip": "10.100.0.1", "ipv6_ra_mode": null, "allocation_pools": [{"start": "10.100.0.2", "end": "10.100.0.14"}], "host_routes": [], "ip_version": 4, "ipv6_address_mode": null, "cidr": "10.100.0.0/28", "id": "8140e056-228a-41ff-8bdb-33e235746d30", "subnetpool_id": null}}
2015-12-20 17:57:22,280 21681 INFO     [tempest_lib.common.rest_client] Request (TestNetworkBasicOps:test_connectivity_between_vms_on_different_networks): 200 PUT http://10.0.2.15:9696/v2.0/routers/28f3dad9-0fd2-4abe-a9e9-6d281e39fbf7/add_router_interface 0.564s
2015-12-20 17:57:22,280 21681 DEBUG    [tempest_lib.common.rest_client] Request - Headers: {'Content-Type': 'application/json', 'Accept': 'application/json', 'X-Auth-Token': '&lt;omitted&gt;'}
        Body: {"subnet_id": "8140e056-228a-41ff-8bdb-33e235746d30"}
    Response - Headers: {'status': '200', 'content-length': '255', 'connection': 'close', 'date': 'Sun, 20 Dec 2015 17:57:22 GMT', 'content-type': 'application/json; charset=UTF-8', 'x-openstack-request-id': 'req-8f4c18b6-b4ee-488e-87ff-c2978f25e77c'}
        Body: {"subnet_id": "8140e056-228a-41ff-8bdb-33e235746d30", "tenant_id": "be4321023bc24523aaf47070f7d660a0", "subnet_ids": ["8140e056-228a-41ff-8bdb-33e235746d30"], "port_id": "58dc387f-4d6e-41a4-a733-be7bafa02623", "id": "28f3dad9-0fd2-4abe-a9e9-6d281e39fbf7"}
2015-12-20 17:57:22,445 21681 INFO     [tempest_lib.common.rest_client] Request (TestNetworkBasicOps:test_connectivity_between_vms_on_different_networks): 200 GET http://10.0.2.15:9696/v2.0/networks 0.164s
2015-12-20 17:57:22,445 21681 DEBUG    [tempest_lib.common.rest_client] Request - Headers: {'Content-Type': 'application/json', 'Accept': 'application/json', 'X-Auth-Token': '&lt;omitted&gt;'}
        Body: None
    Response - Headers: {'status': '200', 'content-length': '1506', 'content-location': 'http://10.0.2.15:9696/v2.0/networks', 'connection': 'close', 'date': 'Sun, 20 Dec 2015 17:57:22 GMT', 'content-type': 'application/json; charset=UTF-8', 'x-openstack-request-id': 'req-05320d14-6135-49e1-b3fd-88f579b34cd8'}
        Body: {"networks": [{"status": "ACTIVE", "subnets": ["f0b5d5eb-4699-4e6d-acdf-f3ffb956c6d1", "2f858f26-e9d3-48eb-a70c-de938e83b848"], "availability_zone_hints": [], "availability_zones": ["nova"], "name": "public", "provider:physical_network": null, "admin_state_up": true, "tenant_id": "4f7c07f74fc248d9864deb2188d74a26", "mtu": 0, "router:external": true, "shared": false, "port_security_enabled": true, "provider:network_type": "vxlan", "id": "e8e8e1dc-cb7c-4da8-8cb8-ee47a2662e28", "provider:segmentation_id": 1009}, {"status": "ACTIVE", "subnets": ["e75f7862-5dc8-4552-8d68-e5e22a4072a8", "dfdf82dd-1ebf-4c8a-b547-20fd8b80ab94"], "availability_zone_hints": [], "availability_zones": ["nova"], "name": "private", "provider:physical_network": null, "admin_state_up": true, "tenant_id": "268724c391454f3c9b4d9df517bfed01", "mtu": 0, "router:external": false, "shared": false, "port_security_enabled": true, "provider:network_type": "vxlan", "id": "ed39d575-399d-49b3-88db-f0d446563d73", "provider:segmentation_id": 1043}, {"status": "ACTIVE", "subnets": ["8140e056-228a-41ff-8bdb-33e235746d30"], "availability_zone_hints": [], "availability_zones": ["nova"], "name": "tempest-network-smoke--592885004", "provider:physical_network": null, "admin_state_up": true, "tenant_id": "be4321023bc24523aaf47070f7d660a0", "mtu": 0, "router:external": false, "shared": false, "port_security_enabled": true, "provider:network_type": "vxlan", "id": "c37c5d95-784e-4ade-ac65-723b712c2bf1", "provider:segmentation_id": 1025}]}
2015-12-20 17:57:22,499 21681 INFO     [tempest_lib.common.rest_client] Request (TestNetworkBasicOps:test_connectivity_between_vms_on_different_networks): 200 GET http://10.0.2.15:9696/v2.0/subnets 0.052s
2015-12-20 17:57:22,499 21681 DEBUG    [tempest_lib.common.rest_client] Request - Headers: {'Content-Type': 'application/json', 'Accept': 'application/json', 'X-Auth-Token': '&lt;omitted&gt;'}
        Body: None
    Response - Headers: {'status': '200', 'content-length': '2408', 'content-location': 'http://10.0.2.15:9696/v2.0/subnets', 'connection': 'close', 'date': 'Sun, 20 Dec 2015 17:57:22 GMT', 'content-type': 'application/json; charset=UTF-8', 'x-openstack-request-id': 'req-3de28fef-8012-4747-a1d0-d4281477dc30'}
        Body: {"subnets": [{"name": "private-subnet", "enable_dhcp": true, "network_id": "ed39d575-399d-49b3-88db-f0d446563d73", "tenant_id": "268724c391454f3c9b4d9df517bfed01", "dns_nameservers": [], "gateway_ip": "10.0.0.1", "ipv6_ra_mode": null, "allocation_pools": [{"start": "10.0.0.2", "end": "10.0.0.254"}], "host_routes": [], "ip_version": 4, "ipv6_address_mode": null, "cidr": "10.0.0.0/24", "id": "e75f7862-5dc8-4552-8d68-e5e22a4072a8", "subnetpool_id": null}, {"name": "ipv6-private-subnet", "enable_dhcp": true, "network_id": "ed39d575-399d-49b3-88db-f0d446563d73", "tenant_id": "268724c391454f3c9b4d9df517bfed01", "dns_nameservers": [], "gateway_ip": "fde5:961e:4543::1", "ipv6_ra_mode": "slaac", "allocation_pools": [{"start": "fde5:961e:4543::2", "end": "fde5:961e:4543:0:ffff:ffff:ffff:ffff"}], "host_routes": [], "ip_version": 6, "ipv6_address_mode": "slaac", "cidr": "fde5:961e:4543::/64", "id": "dfdf82dd-1ebf-4c8a-b547-20fd8b80ab94", "subnetpool_id": null}, {"name": "tempest-subnet-smoke-1314958454", "enable_dhcp": true, "network_id": "c37c5d95-784e-4ade-ac65-723b712c2bf1", "tenant_id": "be4321023bc24523aaf47070f7d660a0", "dns_nameservers": [], "gateway_ip": "10.100.0.1", "ipv6_ra_mode": null, "allocation_pools": [{"start": "10.100.0.2", "end": "10.100.0.14"}], "host_routes": [], "ip_version": 4, "ipv6_address_mode": null, "cidr": "10.100.0.0/28", "id": "8140e056-228a-41ff-8bdb-33e235746d30", "subnetpool_id": null}, {"name": "ipv6-public-subnet", "enable_dhcp": false, "network_id": "e8e8e1dc-cb7c-4da8-8cb8-ee47a2662e28", "tenant_id": "4f7c07f74fc248d9864deb2188d74a26", "dns_nameservers": [], "gateway_ip": "2001:db8::2", "ipv6_ra_mode": null, "allocation_pools": [{"start": "2001:db8::3", "end": "2001:db8::ffff:ffff:ffff:ffff"}, {"start": "2001:db8::1", "end": "2001:db8::1"}], "host_routes": [], "ip_version": 6, "ipv6_address_mode": null, "cidr": "2001:db8::/64", "id": "f0b5d5eb-4699-4e6d-acdf-f3ffb956c6d1", "subnetpool_id": null}, {"name": "public-subnet", "enable_dhcp": false, "network_id": "e8e8e1dc-cb7c-4da8-8cb8-ee47a2662e28", "tenant_id": "4f7c07f74fc248d9864deb2188d74a26", "dns_nameservers": [], "gateway_ip": "172.24.4.1", "ipv6_ra_mode": null, "allocation_pools": [{"start": "172.24.4.2", "end": "172.24.4.254"}], "host_routes": [], "ip_version": 4, "ipv6_address_mode": null, "cidr": "172.24.4.0/24", "id": "2f858f26-e9d3-48eb-a70c-de938e83b848", "subnetpool_id": null}]}
2015-12-20 17:57:22,553 21681 INFO     [tempest_lib.common.rest_client] Request (TestNetworkBasicOps:test_connectivity_between_vms_on_different_networks): 200 GET http://10.0.2.15:9696/v2.0/routers 0.053s
2015-12-20 17:57:22,554 21681 DEBUG    [tempest_lib.common.rest_client] Request - Headers: {'Content-Type': 'application/json', 'Accept': 'application/json', 'X-Auth-Token': '&lt;omitted&gt;'}
        Body: None
    Response - Headers: {'status': '200', 'content-length': '1167', 'content-location': 'http://10.0.2.15:9696/v2.0/routers', 'connection': 'close', 'date': 'Sun, 20 Dec 2015 17:57:22 GMT', 'content-type': 'application/json; charset=UTF-8', 'x-openstack-request-id': 'req-c2cef4b6-03c6-4f1e-b3d0-efb49e77b5f2'}
        Body: {"routers": [{"status": "ACTIVE", "external_gateway_info": {"network_id": "e8e8e1dc-cb7c-4da8-8cb8-ee47a2662e28", "enable_snat": true, "external_fixed_ips": [{"subnet_id": "2f858f26-e9d3-48eb-a70c-de938e83b848", "ip_address": "172.24.4.3"}, {"subnet_id": "f0b5d5eb-4699-4e6d-acdf-f3ffb956c6d1", "ip_address": "2001:db8::3"}]}, "availability_zone_hints": [], "availability_zones": ["nova"], "name": "tempest-router-smoke-1978376716", "admin_state_up": true, "tenant_id": "be4321023bc24523aaf47070f7d660a0", "distributed": false, "routes": [], "ha": false, "id": "28f3dad9-0fd2-4abe-a9e9-6d281e39fbf7"}, {"status": "ACTIVE", "external_gateway_info": {"network_id": "e8e8e1dc-cb7c-4da8-8cb8-ee47a2662e28", "enable_snat": true, "external_fixed_ips": [{"subnet_id": "2f858f26-e9d3-48eb-a70c-de938e83b848", "ip_address": "172.24.4.2"}, {"subnet_id": "f0b5d5eb-4699-4e6d-acdf-f3ffb956c6d1", "ip_address": "2001:db8::1"}]}, "availability_zone_hints": [], "availability_zones": ["nova"], "name": "router1", "admin_state_up": true, "tenant_id": "268724c391454f3c9b4d9df517bfed01", "distributed": false, "routes": [], "ha": false, "id": "f6a90a33-9d8a-4f09-972a-5134b5ec58d3"}]}
2015-12-20 17:57:23,327 21681 INFO     [tempest_lib.common.rest_client] Request (TestNetworkBasicOps:test_connectivity_between_vms_on_different_networks): 200 POST http://10.0.2.15:8774/v2.1/be4321023bc24523aaf47070f7d660a0/os-keypairs 0.772s
2015-12-20 17:57:23,327 21681 DEBUG    [tempest_lib.common.rest_client] Request - Headers: {'Content-Type': 'application/json', 'Accept': 'application/json', 'X-Auth-Token': '&lt;omitted&gt;'}
        Body: {"keypair": {"name": "tempest-TestNetworkBasicOps-1105958123"}}
    Response - Headers: {'status': '200', 'content-length': '2321', 'x-compute-request-id': 'req-cd842865-a2a3-40c1-9d1d-6a2d6b35121e', 'vary': 'X-OpenStack-Nova-API-Version', 'connection': 'close', 'x-openstack-nova-api-version': '2.1', 'date': 'Sun, 20 Dec 2015 17:57:23 GMT', 'content-type': 'application/json'}
        Body: {"keypair": {"public_key": "ssh-rsa AAAAB3NzaC1yc2EAAAADAQABAAABAQCr3W43WvdzbH57tmgBP88ubeIbe8liUZMR+4yPoe0bnbUJoLduE2p54igOWOgbv9OuhFAHRX7oS2MPyHaURJRxbhI2i2F0uVg70AN0EIHxbfK0AJ3M4BEYB6TvL7KlAdFRiGp3/+Aei7cdPXxbiyWZhJqHzdJFXfzCjOagW6ezhQenPaWT2BX5I7QO36FvbETYf94xMXj03Szf6pT9naEv+ZY5/liZAzuL1/jy9y1UPHMl3N2RFI/Qtn3wXQnHltJk6CHc6/Jb0llIWe14LecpevIRrH0pNVEFI6hv19XzsGtzF4fqIn5kwFXF3jSdDMTi0dF8mlFBCXCq7Ft0J94v Generated-by-Nova", "private_key": "-----BEGIN RSA PRIVATE KEY-----\nMIIEqAIBAAKCAQEAq91uN1r3c2x+e7ZoAT/PLm3iG3vJYlGTEfuMj6HtG521CaC3\nbhNqeeIoDljoG7/TroRQB0V+6EtjD8h2lESUcW4SNothdLlYO9ADdBCB8W3ytACd\nzOARGAek7y+ypQHRUYhqd//gHou3HT18W4slmYSah83SRV38wozmoFuns4UHpz2l\nk9gV+SO0Dt+hb2xE2H/eMTF49N0s3+qU/Z2hL/mWOf5YmQM7i9f48vctVDxzJdzd\nkRSP0LZ98F0Jx5bSZOgh3OvyW9JZSFnteC3nKXryEax9KTVRBSOob9fV87BrcxeH\n6iJ+ZMBVxd40nQzE4tHRfJpRQQlwquxbdCfeLwIDAQABAoIBAFIUL2YKcLFUOFfW\n9nbaRZUT729WwAfPk6B79VZHbBjLScGuWswcQ7av9pdbiIZwJ6VqFVpTq1c/YbEQ\n+Oi4k/hULCiWilWXivcN0ghlNdnau5WR0csdm6xRQkjlC7lYU+JPdyGWNy//Y9V4\nHuMNYkieFrsS5gAw8dzsM9yTyVSnQyzPBjJd17/h12PL9LUmii0wE5KoX//Nnv9B\nbsaLjznRPCjBYnQZRLlFhPTQjvYzTv4itnm4eCqj5OFrmVMufNqyYJRLnl25VgEx\nUK8W8mBnEKkfenz3euY3ufFMDPCSOatbYYyWEnXuNm9+OYvECtdY5AQJ+nS14Jw1\niSYAa3kCggCBALtSigNJxQb5LHgKYBF9xi4F1loKx5C2NH1TsMoAQOz3FIFAeTDM\nXbkorQuGfx9FgtzELlSanBZ8CzYuWC29Sxl0eydIhRQTkmDP9jZsarRhwHI8zZxZ\n98TUnWl1c9NovcC599Jxr1u+sHOj8iSnlLkdIKcqAouSf9kSiDQCIQMTAoIAgQDq\n4Bsd5/1NENF19jkJjRFEMexGzvRG8RlSoiJeFYuSke35Dyp8036o4eCiVg3Gy1nS\n9gm+gh9ONZArlhOXoaL4KaUzQYEX7za9D4N1m/bg9gb3R1ZH67ZfGaiSnCZ3xyli\nM6nyJNZOtbpTf49iP+cdPWFPHw5RLh8naLSX5YD/9QKCAIEAgor681+tlzZ+7wkL\n+iSUv+4Be66XdRoFanGwepXCqWFnQMwVqRRDHI5kSevpG3ntwLxXLU6yCFlZ1uBl\nQzrv40Vxrea0F1GsaRuEkljr49lbrEEDaTqpmNoy+ROJLIOJ+Y2gT2A6vM0fWvee\nAD1pP7g00UpNi8cEodpwYQ46w1ECggCAQskEjOVpTh+JH7yqjT+yeCyl3aB9Lyrh\nI3D8yrnfnQannxkj4KiWrFjF8gL8Gdm6qdTSAnyngCqU2v/qhEQuvdfBpKhsl6yq\naOnfXHLDqUXrxyZer0aj7bizCTUjbw2Pg9/i4/p7gZgE6jcsQyieg97vK3tOK+Es\ndJ0+NK7Kln0CggCAGqTf7JpI94xfc1sIequaxTtlAc/3Rd3I2TqX+fLeNvIQfD7H\nslNI2HnBsrXJvwV3D7Q5pgmtzu/CtrjWOD9/XD9je+rbGxObimf582RTAdpV0GXn\nEEN/nwV+wPi89L8GDUFL7yYtXQJ1z1QZsCvyH0khmksJx8g82ugqOqi3gYI=\n-----END RSA PRIVATE KEY-----\n", "user_id": "6137a0a89e8949dc8ae58096be9e5df1", "name": "tempest-TestNetworkBasicOps-1105958123", "fingerprint": "df:d9:ae:89:bc:e2:7c:fc:58:e3:03:ab:3f:45:9a:29"}}
2015-12-20 17:57:23,443 21681 INFO     [tempest_lib.common.rest_client] Request (TestNetworkBasicOps:test_connectivity_between_vms_on_different_networks): 200 POST http://10.0.2.15:5000/v2.0/tokens
2015-12-20 17:57:23,444 21681 DEBUG    [tempest_lib.common.rest_client] Request - Headers: {'Content-Type': 'application/json', 'Accept': 'application/json'}
        Body: &lt;omitted&gt;
    Response - Headers: {'status': '200', 'content-length': '2528', 'vary': 'X-Auth-Token', 'server': 'Apache/2.4.7 (Ubuntu)', 'connection': 'close', 'date': 'Sun, 20 Dec 2015 17:57:23 GMT', 'content-type': 'application/json', 'x-openstack-request-id': 'req-3d7e9007-016d-4aab-aad3-ad9056cef231'}
        Body: {"access": {"token": {"issued_at": "2015-12-20T17:57:23.433653", "expires": "2015-12-20T18:57:23Z", "id": "c73d85d8f68e45fa9ceac11397fdeb7b", "tenant": {"description": "tempest-TestNetworkBasicOps-624887452-desc", "enabled": true, "id": "be4321023bc24523aaf47070f7d660a0", "name": "tempest-TestNetworkBasicOps-624887452"}, "audit_ids": ["UhGvNmBWRZSqnKkPbtYY1Q"]}, "serviceCatalog": [{"endpoints": [{"adminURL": "http://10.0.2.15:8774/v2.1/be4321023bc24523aaf47070f7d660a0", "region": "RegionOne", "internalURL": "http://10.0.2.15:8774/v2.1/be4321023bc24523aaf47070f7d660a0", "id": "8cef045ad8e64cbaa8f19b61ead71313", "publicURL": "http://10.0.2.15:8774/v2.1/be4321023bc24523aaf47070f7d660a0"}], "endpoints_links": [], "type": "compute", "name": "nova"}, {"endpoints": [{"adminURL": "http://10.0.2.15:9696/", "region": "RegionOne", "internalURL": "http://10.0.2.15:9696/", "id": "06ad2944ef6541d7bfcb722ef61e1e90", "publicURL": "http://10.0.2.15:9696/"}], "endpoints_links": [], "type": "network", "name": "neutron"}, {"endpoints": [{"adminURL": "http://10.0.2.15:9292", "region": "RegionOne", "internalURL": "http://10.0.2.15:9292", "id": "0c767318317f4e74b48d72da116e418b", "publicURL": "http://10.0.2.15:9292"}], "endpoints_links": [], "type": "image", "name": "glance"}, {"endpoints": [{"adminURL": "http://10.0.2.15:8774/v2/be4321023bc24523aaf47070f7d660a0", "region": "RegionOne", "internalURL": "http://10.0.2.15:8774/v2/be4321023bc24523aaf47070f7d660a0", "id": "0422c93234c84cf6982fe32274179af9", "publicURL": "http://10.0.2.15:8774/v2/be4321023bc24523aaf47070f7d660a0"}], "endpoints_links": [], "type": "compute_legacy", "name": "nova_legacy"}, {"endpoints": [{"adminURL": "http://10.0.2.15:8773/", "region": "RegionOne", "internalURL": "http://10.0.2.15:8773/", "id": "155d097bb1ba475aa8396dfb83b3ea53", "publicURL": "http://10.0.2.15:8773/"}], "endpoints_links": [], "type": "ec2", "name": "ec2"}, {"endpoints": [{"adminURL": "http://10.0.2.15:35357/v2.0", "region": "RegionOne", "internalURL": "http://10.0.2.15:5000/v2.0", "id": "1ab0ba1bd5314d3798c7497031ff051e", "publicURL": "http://10.0.2.15:5000/v2.0"}], "endpoints_links": [], "type": "identity", "name": "keystone"}], "user": {"username": "tempest-TestNetworkBasicOps-1167490255", "roles_links": [], "id": "6137a0a89e8949dc8ae58096be9e5df1", "roles": [{"name": "_member_"}, {"name": "Member"}], "name": "tempest-TestNetworkBasicOps-1167490255"}, "metadata": {"is_admin": 0, "roles": ["9fe2ff9ee4384b1894a90878d3e92bab", "ad63dae8cb504922aa71ee4da7ff5a2a"]}}}
2015-12-20 17:57:23,451 21681 DEBUG    [tempest.common.fixed_network] (TestNetworkBasicOps:test_connectivity_between_vms_on_different_networks) No valid network provided or created, defaulting to fixed_network_name
2015-12-20 17:57:23,802 21681 INFO     [tempest_lib.common.rest_client] Request (TestNetworkBasicOps:test_connectivity_between_vms_on_different_networks): 200 GET http://10.0.2.15:8774/v2.1/be4321023bc24523aaf47070f7d660a0/os-networks 0.350s
2015-12-20 17:57:23,803 21681 DEBUG    [tempest_lib.common.rest_client] Request - Headers: {'Content-Type': 'application/json', 'Accept': 'application/json', 'X-Auth-Token': '&lt;omitted&gt;'}
        Body: None
    Response - Headers: {'status': '200', 'content-length': '478', 'content-location': 'http://10.0.2.15:8774/v2.1/be4321023bc24523aaf47070f7d660a0/os-networks', 'x-compute-request-id': 'req-6795d21a-0782-4981-98fe-ecc411b2239c', 'vary': 'X-OpenStack-Nova-API-Version', 'connection': 'close', 'x-openstack-nova-api-version': '2.1', 'date': 'Sun, 20 Dec 2015 17:57:23 GMT', 'content-type': 'application/json'}
        Body: {"networks": [{"cidr_v6": null, "dns2": null, "dns1": null, "gateway": null, "broadcast": null, "netmask": null, "gateway_v6": null, "cidr": null, "label": "tempest-network-smoke--592885004", "id": "c37c5d95-784e-4ade-ac65-723b712c2bf1", "netmask_v6": null}, {"cidr_v6": null, "dns2": null, "dns1": null, "gateway": null, "broadcast": null, "netmask": null, "gateway_v6": null, "cidr": null, "label": "public", "id": "e8e8e1dc-cb7c-4da8-8cb8-ee47a2662e28", "netmask_v6": null}]}
2015-12-20 17:57:23,803 21681 WARNING  [tempest.common.fixed_network] (TestNetworkBasicOps:test_connectivity_between_vms_on_different_networks) Network with name: private not found
2015-12-20 17:57:23,803 21681 INFO     [tempest.common.fixed_network] (TestNetworkBasicOps:test_connectivity_between_vms_on_different_networks) Found network {} available for tenant
2015-12-20 17:57:25,586 21681 INFO     [tempest_lib.common.rest_client] Request (TestNetworkBasicOps:test_connectivity_between_vms_on_different_networks): 202 POST http://10.0.2.15:8774/v2.1/be4321023bc24523aaf47070f7d660a0/servers 1.782s
2015-12-20 17:57:25,587 21681 DEBUG    [tempest_lib.common.rest_client] Request - Headers: {'Content-Type': 'application/json', 'Accept': 'application/json', 'X-Auth-Token': '&lt;omitted&gt;'}
        Body: {"server": {"name": "tempest.common.compute-instance-291068762", "imageRef": "85d02fa6-e144-48bf-acd3-3582b72f8272", "key_name": "tempest-TestNetworkBasicOps-1105958123", "flavorRef": "42", "networks": [{"uuid": "c37c5d95-784e-4ade-ac65-723b712c2bf1"}], "security_groups": [{"name": "tempest-secgroup-smoke-1946079440"}]}}
    Response - Headers: {'status': '202', 'content-length': '462', 'x-compute-request-id': 'req-0f00daa8-b92d-45bf-9d05-a70b0f84b602', 'vary': 'X-OpenStack-Nova-API-Version', 'connection': 'close', 'location': 'http://10.0.2.15:8774/v2.1/be4321023bc24523aaf47070f7d660a0/servers/cf5ab596-be8d-4531-b6ec-847c48d58303', 'x-openstack-nova-api-version': '2.1', 'date': 'Sun, 20 Dec 2015 17:57:25 GMT', 'content-type': 'application/json'}
        Body: {"server": {"security_groups": [{"name": "tempest-secgroup-smoke-1946079440"}], "OS-DCF:diskConfig": "MANUAL", "id": "cf5ab596-be8d-4531-b6ec-847c48d58303", "links": [{"href": "http://10.0.2.15:8774/v2.1/be4321023bc24523aaf47070f7d660a0/servers/cf5ab596-be8d-4531-b6ec-847c48d58303", "rel": "self"}, {"href": "http://10.0.2.15:8774/be4321023bc24523aaf47070f7d660a0/servers/cf5ab596-be8d-4531-b6ec-847c48d58303", "rel": "bookmark"}], "adminPass": "cqDC7k9MywBD"}}
2015-12-20 17:57:25,757 21681 INFO     [tempest_lib.common.rest_client] Request (TestNetworkBasicOps:test_connectivity_between_vms_on_different_networks): 200 GET http://10.0.2.15:8774/v2.1/be4321023bc24523aaf47070f7d660a0/servers/cf5ab596-be8d-4531-b6ec-847c48d58303 0.165s
2015-12-20 17:57:25,757 21681 DEBUG    [tempest_lib.common.rest_client] Request - Headers: {'Content-Type': 'application/json', 'Accept': 'application/json', 'X-Auth-Token': '&lt;omitted&gt;'}
        Body: None
    Response - Headers: {'status': '200', 'content-length': '1355', 'content-location': 'http://10.0.2.15:8774/v2.1/be4321023bc24523aaf47070f7d660a0/servers/cf5ab596-be8d-4531-b6ec-847c48d58303', 'x-compute-request-id': 'req-0b1fe49a-4b41-47a9-b3c6-6dba8e22d745', 'vary': 'X-OpenStack-Nova-API-Version', 'connection': 'close', 'x-openstack-nova-api-version': '2.1', 'date': 'Sun, 20 Dec 2015 17:57:25 GMT', 'content-type': 'application/json'}
        Body: {"server": {"status": "BUILD", "updated": "2015-12-20T17:57:25Z", "hostId": "", "addresses": {}, "links": [{"href": "http://10.0.2.15:8774/v2.1/be4321023bc24523aaf47070f7d660a0/servers/cf5ab596-be8d-4531-b6ec-847c48d58303", "rel": "self"}, {"href": "http://10.0.2.15:8774/be4321023bc24523aaf47070f7d660a0/servers/cf5ab596-be8d-4531-b6ec-847c48d58303", "rel": "bookmark"}], "key_name": "tempest-TestNetworkBasicOps-1105958123", "image": {"id": "85d02fa6-e144-48bf-acd3-3582b72f8272", "links": [{"href": "http://10.0.2.15:8774/be4321023bc24523aaf47070f7d660a0/images/85d02fa6-e144-48bf-acd3-3582b72f8272", "rel": "bookmark"}]}, "OS-EXT-STS:task_state": "scheduling", "OS-EXT-STS:vm_state": "building", "OS-SRV-USG:launched_at": null, "flavor": {"id": "42", "links": [{"href": "http://10.0.2.15:8774/be4321023bc24523aaf47070f7d660a0/flavors/42", "rel": "bookmark"}]}, "id": "cf5ab596-be8d-4531-b6ec-847c48d58303", "OS-SRV-USG:terminated_at": null, "OS-EXT-AZ:availability_zone": "", "user_id": "6137a0a89e8949dc8ae58096be9e5df1", "name": "tempest.common.compute-instance-291068762", "created": "2015-12-20T17:57:25Z", "tenant_id": "be4321023bc24523aaf47070f7d660a0", "OS-DCF:diskConfig": "MANUAL", "os-extended-volumes:volumes_attached": [], "accessIPv4": "", "accessIPv6": "", "progress": 0, "OS-EXT-STS:power_state": 0, "config_drive": "", "metadata": {}}}
2015-12-20 17:57:27,166 21681 INFO     [tempest_lib.common.rest_client] Request (TestNetworkBasicOps:test_connectivity_between_vms_on_different_networks): 200 GET http://10.0.2.15:8774/v2.1/be4321023bc24523aaf47070f7d660a0/servers/cf5ab596-be8d-4531-b6ec-847c48d58303 0.400s
2015-12-20 17:57:27,166 21681 DEBUG    [tempest_lib.common.rest_client] Request - Headers: {'Content-Type': 'application/json', 'Accept': 'application/json', 'X-Auth-Token': '&lt;omitted&gt;'}
        Body: None
    Response - Headers: {'status': '200', 'content-length': '1481', 'content-location': 'http://10.0.2.15:8774/v2.1/be4321023bc24523aaf47070f7d660a0/servers/cf5ab596-be8d-4531-b6ec-847c48d58303', 'x-compute-request-id': 'req-391a204d-e66f-48bd-b98f-abc2b9705904', 'vary': 'X-OpenStack-Nova-API-Version', 'connection': 'close', 'x-openstack-nova-api-version': '2.1', 'date': 'Sun, 20 Dec 2015 17:57:27 GMT', 'content-type': 'application/json'}
        Body: {"server": {"status": "BUILD", "updated": "2015-12-20T17:57:26Z", "hostId": "5ada2275aadc7b694dec4f4a929dca9da5fc06caa33678145c13aefa", "addresses": {}, "links": [{"href": "http://10.0.2.15:8774/v2.1/be4321023bc24523aaf47070f7d660a0/servers/cf5ab596-be8d-4531-b6ec-847c48d58303", "rel": "self"}, {"href": "http://10.0.2.15:8774/be4321023bc24523aaf47070f7d660a0/servers/cf5ab596-be8d-4531-b6ec-847c48d58303", "rel": "bookmark"}], "key_name": "tempest-TestNetworkBasicOps-1105958123", "image": {"id": "85d02fa6-e144-48bf-acd3-3582b72f8272", "links": [{"href": "http://10.0.2.15:8774/be4321023bc24523aaf47070f7d660a0/images/85d02fa6-e144-48bf-acd3-3582b72f8272", "rel": "bookmark"}]}, "OS-EXT-STS:task_state": "spawning", "OS-EXT-STS:vm_state": "building", "OS-SRV-USG:launched_at": null, "flavor": {"id": "42", "links": [{"href": "http://10.0.2.15:8774/be4321023bc24523aaf47070f7d660a0/flavors/42", "rel": "bookmark"}]}, "id": "cf5ab596-be8d-4531-b6ec-847c48d58303", "security_groups": [{"name": "tempest-secgroup-smoke-1946079440"}], "OS-SRV-USG:terminated_at": null, "OS-EXT-AZ:availability_zone": "nova", "user_id": "6137a0a89e8949dc8ae58096be9e5df1", "name": "tempest.common.compute-instance-291068762", "created": "2015-12-20T17:57:25Z", "tenant_id": "be4321023bc24523aaf47070f7d660a0", "OS-DCF:diskConfig": "MANUAL", "os-extended-volumes:volumes_attached": [], "accessIPv4": "", "accessIPv6": "", "progress": 0, "OS-EXT-STS:power_state": 0, "config_drive": "", "metadata": {}}}
2015-12-20 17:57:27,174 21681 INFO     [tempest.common.waiters] State transition "BUILD/scheduling" ==&gt; "BUILD/spawning" after 2 second wait
2015-12-20 17:57:28,385 21681 INFO     [tempest_lib.common.rest_client] Request (TestNetworkBasicOps:test_connectivity_between_vms_on_different_networks): 200 GET http://10.0.2.15:8774/v2.1/be4321023bc24523aaf47070f7d660a0/servers/cf5ab596-be8d-4531-b6ec-847c48d58303 0.208s
2015-12-20 17:57:28,385 21681 DEBUG    [tempest_lib.common.rest_client] Request - Headers: {'Content-Type': 'application/json', 'Accept': 'application/json', 'X-Auth-Token': '&lt;omitted&gt;'}
        Body: None
    Response - Headers: {'status': '200', 'content-length': '1481', 'content-location': 'http://10.0.2.15:8774/v2.1/be4321023bc24523aaf47070f7d660a0/servers/cf5ab596-be8d-4531-b6ec-847c48d58303', 'x-compute-request-id': 'req-6def8499-f05d-44e8-83ec-5f59491b1ec6', 'vary': 'X-OpenStack-Nova-API-Version', 'connection': 'close', 'x-openstack-nova-api-version': '2.1', 'date': 'Sun, 20 Dec 2015 17:57:28 GMT', 'content-type': 'application/json'}
        Body: {"server": {"status": "BUILD", "updated": "2015-12-20T17:57:26Z", "hostId": "5ada2275aadc7b694dec4f4a929dca9da5fc06caa33678145c13aefa", "addresses": {}, "links": [{"href": "http://10.0.2.15:8774/v2.1/be4321023bc24523aaf47070f7d660a0/servers/cf5ab596-be8d-4531-b6ec-847c48d58303", "rel": "self"}, {"href": "http://10.0.2.15:8774/be4321023bc24523aaf47070f7d660a0/servers/cf5ab596-be8d-4531-b6ec-847c48d58303", "rel": "bookmark"}], "key_name": "tempest-TestNetworkBasicOps-1105958123", "image": {"id": "85d02fa6-e144-48bf-acd3-3582b72f8272", "links": [{"href": "http://10.0.2.15:8774/be4321023bc24523aaf47070f7d660a0/images/85d02fa6-e144-48bf-acd3-3582b72f8272", "rel": "bookmark"}]}, "OS-EXT-STS:task_state": "spawning", "OS-EXT-STS:vm_state": "building", "OS-SRV-USG:launched_at": null, "flavor": {"id": "42", "links": [{"href": "http://10.0.2.15:8774/be4321023bc24523aaf47070f7d660a0/flavors/42", "rel": "bookmark"}]}, "id": "cf5ab596-be8d-4531-b6ec-847c48d58303", "security_groups": [{"name": "tempest-secgroup-smoke-1946079440"}], "OS-SRV-USG:terminated_at": null, "OS-EXT-AZ:availability_zone": "nova", "user_id": "6137a0a89e8949dc8ae58096be9e5df1", "name": "tempest.common.compute-instance-291068762", "created": "2015-12-20T17:57:25Z", "tenant_id": "be4321023bc24523aaf47070f7d660a0", "OS-DCF:diskConfig": "MANUAL", "os-extended-volumes:volumes_attached": [], "accessIPv4": "", "accessIPv6": "", "progress": 0, "OS-EXT-STS:power_state": 0, "config_drive": "", "metadata": {}}}
2015-12-20 17:57:29,732 21681 INFO     [tempest_lib.common.rest_client] Request (TestNetworkBasicOps:test_connectivity_between_vms_on_different_networks): 200 GET http://10.0.2.15:8774/v2.1/be4321023bc24523aaf47070f7d660a0/servers/cf5ab596-be8d-4531-b6ec-847c48d58303 0.337s
2015-12-20 17:57:29,732 21681 DEBUG    [tempest_lib.common.rest_client] Request - Headers: {'Content-Type': 'application/json', 'Accept': 'application/json', 'X-Auth-Token': '&lt;omitted&gt;'}
        Body: None
    Response - Headers: {'status': '200', 'content-length': '1652', 'content-location': 'http://10.0.2.15:8774/v2.1/be4321023bc24523aaf47070f7d660a0/servers/cf5ab596-be8d-4531-b6ec-847c48d58303', 'x-compute-request-id': 'req-17454928-52d3-405a-a4b7-324e8d172e2d', 'vary': 'X-OpenStack-Nova-API-Version', 'connection': 'close', 'x-openstack-nova-api-version': '2.1', 'date': 'Sun, 20 Dec 2015 17:57:29 GMT', 'content-type': 'application/json'}
        Body: {"server": {"status": "ACTIVE", "updated": "2015-12-20T17:57:29Z", "hostId": "5ada2275aadc7b694dec4f4a929dca9da5fc06caa33678145c13aefa", "addresses": {"tempest-network-smoke--592885004": [{"OS-EXT-IPS-MAC:mac_addr": "fa:16:3e:63:60:d9", "version": 4, "addr": "10.100.0.3", "OS-EXT-IPS:type": "fixed"}]}, "links": [{"href": "http://10.0.2.15:8774/v2.1/be4321023bc24523aaf47070f7d660a0/servers/cf5ab596-be8d-4531-b6ec-847c48d58303", "rel": "self"}, {"href": "http://10.0.2.15:8774/be4321023bc24523aaf47070f7d660a0/servers/cf5ab596-be8d-4531-b6ec-847c48d58303", "rel": "bookmark"}], "key_name": "tempest-TestNetworkBasicOps-1105958123", "image": {"id": "85d02fa6-e144-48bf-acd3-3582b72f8272", "links": [{"href": "http://10.0.2.15:8774/be4321023bc24523aaf47070f7d660a0/images/85d02fa6-e144-48bf-acd3-3582b72f8272", "rel": "bookmark"}]}, "OS-EXT-STS:task_state": null, "OS-EXT-STS:vm_state": "active", "OS-SRV-USG:launched_at": "2015-12-20T17:57:29.000000", "flavor": {"id": "42", "links": [{"href": "http://10.0.2.15:8774/be4321023bc24523aaf47070f7d660a0/flavors/42", "rel": "bookmark"}]}, "id": "cf5ab596-be8d-4531-b6ec-847c48d58303", "security_groups": [{"name": "tempest-secgroup-smoke-1946079440"}], "OS-SRV-USG:terminated_at": null, "OS-EXT-AZ:availability_zone": "nova", "user_id": "6137a0a89e8949dc8ae58096be9e5df1", "name": "tempest.common.compute-instance-291068762", "created": "2015-12-20T17:57:25Z", "tenant_id": "be4321023bc24523aaf47070f7d660a0", "OS-DCF:diskConfig": "MANUAL", "os-extended-volumes:volumes_attached": [], "accessIPv4": "", "accessIPv6": "", "progress": 0, "OS-EXT-STS:power_state": 1, "config_drive": "True", "metadata": {}}}
2015-12-20 17:57:29,741 21681 INFO     [tempest.common.waiters] State transition "BUILD/spawning" ==&gt; "ACTIVE/None" after 4 second wait
2015-12-20 17:57:30,003 21681 INFO     [tempest_lib.common.rest_client] Request (TestNetworkBasicOps:test_connectivity_between_vms_on_different_networks): 200 GET http://10.0.2.15:8774/v2.1/be4321023bc24523aaf47070f7d660a0/servers/cf5ab596-be8d-4531-b6ec-847c48d58303 0.261s
2015-12-20 17:57:30,003 21681 DEBUG    [tempest_lib.common.rest_client] Request - Headers: {'Content-Type': 'application/json', 'Accept': 'application/json', 'X-Auth-Token': '&lt;omitted&gt;'}
        Body: None
    Response - Headers: {'status': '200', 'content-length': '1652', 'content-location': 'http://10.0.2.15:8774/v2.1/be4321023bc24523aaf47070f7d660a0/servers/cf5ab596-be8d-4531-b6ec-847c48d58303', 'x-compute-request-id': 'req-7e52369a-1123-4442-aca7-ef3182732a8b', 'vary': 'X-OpenStack-Nova-API-Version', 'connection': 'close', 'x-openstack-nova-api-version': '2.1', 'date': 'Sun, 20 Dec 2015 17:57:30 GMT', 'content-type': 'application/json'}
        Body: {"server": {"status": "ACTIVE", "updated": "2015-12-20T17:57:29Z", "hostId": "5ada2275aadc7b694dec4f4a929dca9da5fc06caa33678145c13aefa", "addresses": {"tempest-network-smoke--592885004": [{"OS-EXT-IPS-MAC:mac_addr": "fa:16:3e:63:60:d9", "version": 4, "addr": "10.100.0.3", "OS-EXT-IPS:type": "fixed"}]}, "links": [{"href": "http://10.0.2.15:8774/v2.1/be4321023bc24523aaf47070f7d660a0/servers/cf5ab596-be8d-4531-b6ec-847c48d58303", "rel": "self"}, {"href": "http://10.0.2.15:8774/be4321023bc24523aaf47070f7d660a0/servers/cf5ab596-be8d-4531-b6ec-847c48d58303", "rel": "bookmark"}], "key_name": "tempest-TestNetworkBasicOps-1105958123", "image": {"id": "85d02fa6-e144-48bf-acd3-3582b72f8272", "links": [{"href": "http://10.0.2.15:8774/be4321023bc24523aaf47070f7d660a0/images/85d02fa6-e144-48bf-acd3-3582b72f8272", "rel": "bookmark"}]}, "OS-EXT-STS:task_state": null, "OS-EXT-STS:vm_state": "active", "OS-SRV-USG:launched_at": "2015-12-20T17:57:29.000000", "flavor": {"id": "42", "links": [{"href": "http://10.0.2.15:8774/be4321023bc24523aaf47070f7d660a0/flavors/42", "rel": "bookmark"}]}, "id": "cf5ab596-be8d-4531-b6ec-847c48d58303", "security_groups": [{"name": "tempest-secgroup-smoke-1946079440"}], "OS-SRV-USG:terminated_at": null, "OS-EXT-AZ:availability_zone": "nova", "user_id": "6137a0a89e8949dc8ae58096be9e5df1", "name": "tempest.common.compute-instance-291068762", "created": "2015-12-20T17:57:25Z", "tenant_id": "be4321023bc24523aaf47070f7d660a0", "OS-DCF:diskConfig": "MANUAL", "os-extended-volumes:volumes_attached": [], "accessIPv4": "", "accessIPv6": "", "progress": 0, "OS-EXT-STS:power_state": 1, "config_drive": "True", "metadata": {}}}
2015-12-20 17:57:30,011 21681 INFO     [tempest.scenario.manager] Tenant networks not configured to be reachable.
2015-12-20 17:57:30,055 21681 INFO     [tempest_lib.common.rest_client] Request (TestNetworkBasicOps:test_connectivity_between_vms_on_different_networks): 200 GET http://10.0.2.15:9696/v2.0/ports?status=ACTIVE&amp;fixed_ip=None&amp;device_id=cf5ab596-be8d-4531-b6ec-847c48d58303 0.043s
2015-12-20 17:57:30,055 21681 DEBUG    [tempest_lib.common.rest_client] Request - Headers: {'Content-Type': 'application/json', 'Accept': 'application/json', 'X-Auth-Token': '&lt;omitted&gt;'}
        Body: None
    Response - Headers: {'status': '200', 'content-length': '895', 'content-location': 'http://10.0.2.15:9696/v2.0/ports?status=ACTIVE&amp;fixed_ip=None&amp;device_id=cf5ab596-be8d-4531-b6ec-847c48d58303', 'connection': 'close', 'date': 'Sun, 20 Dec 2015 17:57:30 GMT', 'content-type': 'application/json; charset=UTF-8', 'x-openstack-request-id': 'req-fcf6a00f-f0a6-4ab8-b907-10d7a2793893'}
        Body: {"ports": [{"status": "ACTIVE", "binding:host_id": "vagrant-ubuntu-trusty-64", "allowed_address_pairs": [], "extra_dhcp_opts": [], "dns_assignment": [{"hostname": "host-10-100-0-3", "ip_address": "10.100.0.3", "fqdn": "host-10-100-0-3.openstacklocal."}], "device_owner": "compute:None", "port_security_enabled": true, "binding:profile": {}, "fixed_ips": [{"subnet_id": "8140e056-228a-41ff-8bdb-33e235746d30", "ip_address": "10.100.0.3"}], "id": "35ba9af9-dd90-41ac-b169-ed257e93e642", "security_groups": ["bdb430d7-7ed0-442e-ab93-6322c1bd3238"], "device_id": "cf5ab596-be8d-4531-b6ec-847c48d58303", "name": "", "admin_state_up": true, "network_id": "c37c5d95-784e-4ade-ac65-723b712c2bf1", "dns_name": "", "binding:vif_details": {"port_filter": true}, "binding:vnic_type": "normal", "binding:vif_type": "ovs", "tenant_id": "be4321023bc24523aaf47070f7d660a0", "mac_address": "fa:16:3e:63:60:d9"}]}
2015-12-20 17:57:30,596 21681 INFO     [tempest_lib.common.rest_client] Request (TestNetworkBasicOps:test_connectivity_between_vms_on_different_networks): 201 POST http://10.0.2.15:9696/v2.0/floatingips 0.540s
2015-12-20 17:57:30,596 21681 DEBUG    [tempest_lib.common.rest_client] Request - Headers: {'Content-Type': 'application/json', 'Accept': 'application/json', 'X-Auth-Token': '&lt;omitted&gt;'}
        Body: {"floatingip": {"floating_network_id": "e8e8e1dc-cb7c-4da8-8cb8-ee47a2662e28", "tenant_id": "be4321023bc24523aaf47070f7d660a0", "fixed_ip_address": "10.100.0.3", "port_id": "35ba9af9-dd90-41ac-b169-ed257e93e642"}}
    Response - Headers: {'status': '201', 'content-length': '367', 'connection': 'close', 'date': 'Sun, 20 Dec 2015 17:57:30 GMT', 'content-type': 'application/json; charset=UTF-8', 'x-openstack-request-id': 'req-a927eafd-ef43-46c9-ae68-95c38797df0a'}
        Body: {"floatingip": {"floating_network_id": "e8e8e1dc-cb7c-4da8-8cb8-ee47a2662e28", "router_id": "28f3dad9-0fd2-4abe-a9e9-6d281e39fbf7", "fixed_ip_address": "10.100.0.3", "floating_ip_address": "172.24.4.4", "tenant_id": "be4321023bc24523aaf47070f7d660a0", "status": "DOWN", "port_id": "35ba9af9-dd90-41ac-b169-ed257e93e642", "id": "16675e82-9d30-462f-98a7-f746433d86bd"}}
2015-12-20 17:57:30,610 21681 INFO     [tempest_lib.common.rest_client] Request (TestNetworkBasicOps:test_connectivity_between_vms_on_different_networks): 200 GET http://10.0.2.15:9696/v2.0/floatingips/16675e82-9d30-462f-98a7-f746433d86bd 0.013s
2015-12-20 17:57:30,610 21681 DEBUG    [tempest_lib.common.rest_client] Request - Headers: {'Content-Type': 'application/json', 'Accept': 'application/json', 'X-Auth-Token': '&lt;omitted&gt;'}
        Body: None
    Response - Headers: {'status': '200', 'content-length': '367', 'content-location': 'http://10.0.2.15:9696/v2.0/floatingips/16675e82-9d30-462f-98a7-f746433d86bd', 'connection': 'close', 'date': 'Sun, 20 Dec 2015 17:57:30 GMT', 'content-type': 'application/json; charset=UTF-8', 'x-openstack-request-id': 'req-dce4858b-392f-42e1-b493-cff42fb99e4b'}
        Body: {"floatingip": {"floating_network_id": "e8e8e1dc-cb7c-4da8-8cb8-ee47a2662e28", "router_id": "28f3dad9-0fd2-4abe-a9e9-6d281e39fbf7", "fixed_ip_address": "10.100.0.3", "floating_ip_address": "172.24.4.4", "tenant_id": "be4321023bc24523aaf47070f7d660a0", "status": "DOWN", "port_id": "35ba9af9-dd90-41ac-b169-ed257e93e642", "id": "16675e82-9d30-462f-98a7-f746433d86bd"}}
2015-12-20 17:57:31,626 21681 INFO     [tempest_lib.common.rest_client] Request (TestNetworkBasicOps:test_connectivity_between_vms_on_different_networks): 200 GET http://10.0.2.15:9696/v2.0/floatingips/16675e82-9d30-462f-98a7-f746433d86bd 0.014s
2015-12-20 17:57:31,627 21681 DEBUG    [tempest_lib.common.rest_client] Request - Headers: {'Content-Type': 'application/json', 'Accept': 'application/json', 'X-Auth-Token': '&lt;omitted&gt;'}
        Body: None
    Response - Headers: {'status': '200', 'content-length': '369', 'content-location': 'http://10.0.2.15:9696/v2.0/floatingips/16675e82-9d30-462f-98a7-f746433d86bd', 'connection': 'close', 'date': 'Sun, 20 Dec 2015 17:57:31 GMT', 'content-type': 'application/json; charset=UTF-8', 'x-openstack-request-id': 'req-0afdce37-18e9-418d-89a2-d71363da0c50'}
        Body: {"floatingip": {"floating_network_id": "e8e8e1dc-cb7c-4da8-8cb8-ee47a2662e28", "router_id": "28f3dad9-0fd2-4abe-a9e9-6d281e39fbf7", "fixed_ip_address": "10.100.0.3", "floating_ip_address": "172.24.4.4", "tenant_id": "be4321023bc24523aaf47070f7d660a0", "status": "ACTIVE", "port_id": "35ba9af9-dd90-41ac-b169-ed257e93e642", "id": "16675e82-9d30-462f-98a7-f746433d86bd"}}
2015-12-20 17:57:31,627 21681 INFO     [tempest.scenario.manager] FloatingIP: &lt;"FloatingIP" addr="172.24.4.4" id="16675e82-9d30-462f-98a7-f746433d86bd"&gt; is at status: ACTIVE
2015-12-20 17:57:31,628 21681 DEBUG    [tempest.scenario.manager] checking network connections to IP 172.24.4.4 with user: cirros
2015-12-20 17:57:31,628 21681 DEBUG    [tempest.scenario.manager] TestNetworkBasicOps:test_connectivity_between_vms_on_different_networks begins to ping 172.24.4.4 in 120 sec and the expected result is reachable
2015-12-20 17:59:32,936 21681 DEBUG    [tempest.scenario.manager] TestNetworkBasicOps:test_connectivity_between_vms_on_different_networks finishes ping 172.24.4.4 in 120 sec and the ping result is unexpected
2015-12-20 17:59:32,938 21681 ERROR    [tempest.scenario.manager] Public network connectivity check failed
2015-12-20 17:59:32.938 21681 ERROR tempest.scenario.manager Traceback (most recent call last):
2015-12-20 17:59:32.938 21681 ERROR tempest.scenario.manager   File "tempest/scenario/manager.py", line 608, in check_public_network_connectivity
2015-12-20 17:59:32.938 21681 ERROR tempest.scenario.manager     should_connect=should_connect)
2015-12-20 17:59:32.938 21681 ERROR tempest.scenario.manager   File "tempest/scenario/manager.py", line 592, in check_vm_connectivity
2015-12-20 17:59:32.938 21681 ERROR tempest.scenario.manager     msg=msg)
2015-12-20 17:59:32.938 21681 ERROR tempest.scenario.manager   File "/usr/local/lib/python2.7/dist-packages/unittest2/case.py", line 702, in assertTrue
2015-12-20 17:59:32.938 21681 ERROR tempest.scenario.manager     raise self.failureException(msg)
2015-12-20 17:59:32.938 21681 ERROR tempest.scenario.manager AssertionError: False is not true : Timed out waiting for 172.24.4.4 to become reachable
2015-12-20 17:59:32.938 21681 ERROR tempest.scenario.manager 
2015-12-20 17:59:33,165 21681 INFO     [tempest_lib.common.rest_client] Request (TestNetworkBasicOps:test_connectivity_between_vms_on_different_networks): 200 POST http://10.0.2.15:8774/v2.1/be4321023bc24523aaf47070f7d660a0/servers/cf5ab596-be8d-4531-b6ec-847c48d58303/action 0.223s
2015-12-20 17:59:33,166 21681 DEBUG    [tempest_lib.common.rest_client] Request - Headers: {'Content-Type': 'application/json', 'Accept': 'application/json', 'X-Auth-Token': '&lt;omitted&gt;'}
        Body: {"os-getConsoleOutput": {}}
    Response - Headers: {'status': '200', 'content-length': '17429', 'x-compute-request-id': 'req-c5c5ba59-b773-4dba-8aa6-8743662bde56', 'vary': 'X-OpenStack-Nova-API-Version', 'connection': 'close', 'x-openstack-nova-api-version': '2.1', 'date': 'Sun, 20 Dec 2015 17:59:33 GMT', 'content-type': 'application/json'}
        Body: {"output": "[    0.000000] Initializing cgroup subsys cpuset\n[    0.000000] Initializing cgroup subsys cpu\n[    0.000000] Linux version 3.2.0-80-virtual (buildd@batsu) (gcc version 4.6.3 (Ubuntu/Linaro 4.6.3-1ubuntu5) ) #116-Ubuntu SMP Mon Mar 23 17:28:52 UTC 2015 (Ubuntu 3.2.0-80.116-virtual 3.2.68)\n[    0.000000] Command line: root=/dev/vda console=tty0 console=ttyS0 no_timer_check\n[    0.000000] KERNEL supported cpus:\n[    0.000000]   Intel GenuineIntel\n[    0.000000]   AMD AuthenticAMD\n[    0.000000]   Centaur CentaurHauls\n[    0.000000] BIOS-provided physical RAM map:\n[    0.000000]  BIOS-e820: 0000000000000000 - 000000000009fc00 (usable)\n[    0.000000]  BIOS-e820: 000000000009fc00 - 00000000000a0000 (reserved)\n[    0.000000]  BIOS-e820: 00000000000f0000 - 0000000000100000 (reserved)\n[    0.000000]  BIOS-e820: 0000000000100000 - 0000000003ffe000 (usable)\n[    0.000000]  BIOS-e820: 0000000003ffe000 - 0000000004000000 (reserved)\n[    0.000000]  BIOS-e820: 00000000fffc0000 - 0000000100000000 (reserved)\n[    0.000000] NX (Execute Disable) protection: active\n[    0.000000] SMBIOS 2.4 present.\n[    0.000000] No AGP bridge found\n[    0.000000] last_pfn = 0x3ffe max_arch_pfn = 0x400000000\n[    0.000000] x86 PAT enabled: cpu 0, old 0x7040600070406, new 0x7010600070106\n[    0.000000] found SMP MP-table at [ffff8800000f0b00] f0b00\n[    0.000000] init_memory_mapping: 0000000000000000-0000000003ffe000\n[    0.000000] RAMDISK: 03c5e000 - 03ff0000\n[    0.000000] ACPI: RSDP 00000000000f0950 00014 (v00 BOCHS )\n[    0.000000] ACPI: RSDT 0000000003fffbc1 00034 (v01 BOCHS  BXPCRSDT 00000001 BXPC 00000001)\n[    0.000000] ACPI: FACP 0000000003fff1c0 00074 (v01 BOCHS  BXPCFACP 00000001 BXPC 00000001)\n[    0.000000] ACPI: DSDT 0000000003ffe040 01180 (v01 BOCHS  BXPCDSDT 00000001 BXPC 00000001)\n[    0.000000] ACPI: FACS 0000000003ffe000 00040\n[    0.000000] ACPI: SSDT 0000000003fff234 008DD (v01 BOCHS  BXPCSSDT 00000001 BXPC 00000001)\n[    0.000000] ACPI: APIC 0000000003fffb11 00078 (v01 BOCHS  BXPCAPIC 00000001 BXPC 00000001)\n[    0.000000] ACPI: HPET 0000000003fffb89 00038 (v01 BOCHS  BXPCHPET 00000001 BXPC 00000001)\n[    0.000000] No NUMA configuration found\n[    0.000000] Faking a node at 0000000000000000-0000000003ffe000\n[    0.000000] Initmem setup node 0 0000000000000000-0000000003ffe000\n[    0.000000]   NODE_DATA [0000000003ff6000 - 0000000003ffafff]\n[    0.000000] Zone PFN ranges:\n[    0.000000]   DMA      0x00000010 -&gt; 0x00001000\n[    0.000000]   DMA32    0x00001000 -&gt; 0x00100000\n[    0.000000]   Normal   empty\n[    0.000000] Movable zone start PFN for each node\n[    0.000000] early_node_map[2] active PFN ranges\n[    0.000000]     0: 0x00000010 -&gt; 0x0000009f\n[    0.000000]     0: 0x00000100 -&gt; 0x00003ffe\n[    0.000000] ACPI: PM-Timer IO Port: 0xb008\n[    0.000000] ACPI: LAPIC (acpi_id[0x00] lapic_id[0x00] enabled)\n[    0.000000] ACPI: LAPIC_NMI (acpi_id[0xff] dfl dfl lint[0x1])\n[    0.000000] ACPI: IOAPIC (id[0x00] address[0xfec00000] gsi_base[0])\n[    0.000000] IOAPIC[0]: apic_id 0, version 17, address 0xfec00000, GSI 0-23\n[    0.000000] ACPI: INT_SRC_OVR (bus 0 bus_irq 0 global_irq 2 dfl dfl)\n[    0.000000] ACPI: INT_SRC_OVR (bus 0 bus_irq 5 global_irq 5 high level)\n[    0.000000] ACPI: INT_SRC_OVR (bus 0 bus_irq 9 global_irq 9 high level)\n[    0.000000] ACPI: INT_SRC_OVR (bus 0 bus_irq 10 global_irq 10 high level)\n[    0.000000] ACPI: INT_SRC_OVR (bus 0 bus_irq 11 global_irq 11 high level)\n[    0.000000] Using ACPI (MADT) for SMP configuration information\n[    0.000000] ACPI: HPET id: 0x8086a201 base: 0xfed00000\n[    0.000000] SMP: Allowing 1 CPUs, 0 hotplug CPUs\n[    0.000000] PM: Registered nosave memory: 000000000009f000 - 00000000000a0000\n[    0.000000] PM: Registered nosave memory: 00000000000a0000 - 00000000000f0000\n[    0.000000] PM: Registered nosave memory: 00000000000f0000 - 0000000000100000\n[    0.000000] Allocating PCI resources starting at 4000000 (gap: 4000000:fbfc0000)\n[    0.000000] Booting paravirtualized kernel on bare hardware\n[    0.000000] setup_pe
2015-12-20 17:59:33,170 21681 DEBUG    [tempest.scenario.manager] Console output for cf5ab596-be8d-4531-b6ec-847c48d58303
body=
[    0.000000] Initializing cgroup subsys cpuset
[    0.000000] Initializing cgroup subsys cpu
[    0.000000] Linux version 3.2.0-80-virtual (buildd@batsu) (gcc version 4.6.3 (Ubuntu/Linaro 4.6.3-1ubuntu5) ) #116-Ubuntu SMP Mon Mar 23 17:28:52 UTC 2015 (Ubuntu 3.2.0-80.116-virtual 3.2.68)
[    0.000000] Command line: root=/dev/vda console=tty0 console=ttyS0 no_timer_check
[    0.000000] KERNEL supported cpus:
[    0.000000]   Intel GenuineIntel
[    0.000000]   AMD AuthenticAMD
[    0.000000]   Centaur CentaurHauls
[    0.000000] BIOS-provided physical RAM map:
[    0.000000]  BIOS-e820: 0000000000000000 - 000000000009fc00 (usable)
[    0.000000]  BIOS-e820: 000000000009fc00 - 00000000000a0000 (reserved)
[    0.000000]  BIOS-e820: 00000000000f0000 - 0000000000100000 (reserved)
[    0.000000]  BIOS-e820: 0000000000100000 - 0000000003ffe000 (usable)
[    0.000000]  BIOS-e820: 0000000003ffe000 - 0000000004000000 (reserved)
[    0.000000]  BIOS-e820: 00000000fffc0000 - 0000000100000000 (reserved)
[    0.000000] NX (Execute Disable) protection: active
[    0.000000] SMBIOS 2.4 present.
[    0.000000] No AGP bridge found
[    0.000000] last_pfn = 0x3ffe max_arch_pfn = 0x400000000
[    0.000000] x86 PAT enabled: cpu 0, old 0x7040600070406, new 0x7010600070106
[    0.000000] found SMP MP-table at [ffff8800000f0b00] f0b00
[    0.000000] init_memory_mapping: 0000000000000000-0000000003ffe000
[    0.000000] RAMDISK: 03c5e000 - 03ff0000
[    0.000000] ACPI: RSDP 00000000000f0950 00014 (v00 BOCHS )
[    0.000000] ACPI: RSDT 0000000003fffbc1 00034 (v01 BOCHS  BXPCRSDT 00000001 BXPC 00000001)
[    0.000000] ACPI: FACP 0000000003fff1c0 00074 (v01 BOCHS  BXPCFACP 00000001 BXPC 00000001)
[    0.000000] ACPI: DSDT 0000000003ffe040 01180 (v01 BOCHS  BXPCDSDT 00000001 BXPC 00000001)
[    0.000000] ACPI: FACS 0000000003ffe000 00040
[    0.000000] ACPI: SSDT 0000000003fff234 008DD (v01 BOCHS  BXPCSSDT 00000001 BXPC 00000001)
[    0.000000] ACPI: APIC 0000000003fffb11 00078 (v01 BOCHS  BXPCAPIC 00000001 BXPC 00000001)
[    0.000000] ACPI: HPET 0000000003fffb89 00038 (v01 BOCHS  BXPCHPET 00000001 BXPC 00000001)
[    0.000000] No NUMA configuration found
[    0.000000] Faking a node at 0000000000000000-0000000003ffe000
[    0.000000] Initmem setup node 0 0000000000000000-0000000003ffe000
[    0.000000]   NODE_DATA [0000000003ff6000 - 0000000003ffafff]
[    0.000000] Zone PFN ranges:
[    0.000000]   DMA      0x00000010 -&gt; 0x00001000
[    0.000000]   DMA32    0x00001000 -&gt; 0x00100000
[    0.000000]   Normal   empty
[    0.000000] Movable zone start PFN for each node
[    0.000000] early_node_map[2] active PFN ranges
[    0.000000]     0: 0x00000010 -&gt; 0x0000009f
[    0.000000]     0: 0x00000100 -&gt; 0x00003ffe
[    0.000000] ACPI: PM-Timer IO Port: 0xb008
[    0.000000] ACPI: LAPIC (acpi_id[0x00] lapic_id[0x00] enabled)
[    0.000000] ACPI: LAPIC_NMI (acpi_id[0xff] dfl dfl lint[0x1])
[    0.000000] ACPI: IOAPIC (id[0x00] address[0xfec00000] gsi_base[0])
[    0.000000] IOAPIC[0]: apic_id 0, version 17, address 0xfec00000, GSI 0-23
[    0.000000] ACPI: INT_SRC_OVR (bus 0 bus_irq 0 global_irq 2 dfl dfl)
[    0.000000] ACPI: INT_SRC_OVR (bus 0 bus_irq 5 global_irq 5 high level)
[    0.000000] ACPI: INT_SRC_OVR (bus 0 bus_irq 9 global_irq 9 high level)
[    0.000000] ACPI: INT_SRC_OVR (bus 0 bus_irq 10 global_irq 10 high level)
[    0.000000] ACPI: INT_SRC_OVR (bus 0 bus_irq 11 global_irq 11 high level)
[    0.000000] Using ACPI (MADT) for SMP configuration information
[    0.000000] ACPI: HPET id: 0x8086a201 base: 0xfed00000
[    0.000000] SMP: Allowing 1 CPUs, 0 hotplug CPUs
[    0.000000] PM: Registered nosave memory: 000000000009f000 - 00000000000a0000
[    0.000000] PM: Registered nosave memory: 00000000000a0000 - 00000000000f0000
[    0.000000] PM: Registered nosave memory: 00000000000f0000 - 0000000000100000
[    0.000000] Allocating PCI resources starting at 4000000 (gap: 4000000:fbfc0000)
[    0.000000] Booting paravirtualized kernel on bare hardware
[    0.000000] setup_percpu: NR_CPUS:64 nr_cpumask_bits:64 nr_cpu_ids:1 nr_node_ids:1
[    0.000000] PERCPU: Embedded 27 pages/cpu @ffff880003a00000 s78848 r8192 d23552 u2097152
[    0.000000] Built 1 zonelists in Node order, mobility grouping on.  Total pages: 16008
[    0.000000] Policy zone: DMA32
[    0.000000] Kernel command line: root=/dev/vda console=tty0 console=ttyS0 no_timer_check
[    0.000000] PID hash table entries: 256 (order: -1, 2048 bytes)
[    0.000000] Checking aperture...
[    0.000000] No AGP bridge found
[    0.000000] Memory: 43492k/65528k available (6576k kernel code, 452k absent, 21584k reserved, 6620k data, 928k init)
[    0.000000] SLUB: Genslabs=15, HWalign=64, Order=0-3, MinObjects=0, CPUs=1, Nodes=1
[    0.000000] Hierarchical RCU implementation.
[    0.000000] 	RCU dyntick-idle grace-period acceleration is enabled.
[    0.000000] NR_IRQS:4352 nr_irqs:256 16
[    0.000000] Console: colour VGA+ 80x25
[    0.000000] console [tty0] enabled
[    0.000000] console [ttyS0] enabled
[    0.000000] allocated 1048576 bytes of page_cgroup
[    0.000000] please try 'cgroup_disable=memory' option if you don't want memory cgroups
[    0.000000] Fast TSC calibration failed
[    0.000000] TSC: Unable to calibrate against PIT
[    0.000000] TSC: using HPET reference calibration
[    0.000000] Detected 2294.063 MHz processor.
[    0.036955] Calibrating delay loop (skipped), value calculated using timer frequency.. 4588.12 BogoMIPS (lpj=9176252)
[    0.042029] pid_max: default: 32768 minimum: 301
[    0.057220] Security Framework initialized
[    0.065271] AppArmor: AppArmor initialized
[    0.066269] Yama: becoming mindful.
[    0.077501] Dentry cache hash table entries: 8192 (order: 4, 65536 bytes)
[    0.078930] Inode-cache hash table entries: 4096 (order: 3, 32768 bytes)
[    0.080699] Mount-cache hash table entries: 256
[    0.096804] Initializing cgroup subsys cpuacct
[    0.097649] Initializing cgroup subsys memory
[    0.098951] Initializing cgroup subsys devices
[    0.099457] Initializing cgroup subsys freezer
[    0.100140] Initializing cgroup subsys blkio
[    0.101468] Initializing cgroup subsys perf_event
[    0.105590] mce: CPU supports 10 MCE banks
[    0.108996] SMP alternatives: switching to UP code
[    0.476805] Freeing SMP alternatives: 24k freed
[    0.478416] ACPI: Core revision 20110623
[    0.541958] ftrace: allocating 26610 entries in 105 pages
[    0.576762] ..TIMER: vector=0x30 apic1=0 pin1=2 apic2=-1 pin2=-1
[    0.577843] CPU0: AMD QEMU Virtual CPU version 2.0.0 stepping 03
[    0.584035] Performance Events: Broken PMU hardware detected, using software events only.
[    0.590525] NMI watchdog disabled (cpu0): hardware events not enabled
[    0.592702] Brought up 1 CPUs
[    0.593934] Total of 1 processors activated (4588.12 BogoMIPS).
[    0.617565] devtmpfs: initialized
[    0.646512] EVM: security.selinux
[    0.648081] EVM: security.SMACK64
[    0.648659] EVM: security.capability
[    0.673529] print_constraints: dummy: 
[    0.676434] RTC time: 17:57:32, date: 12/20/15
[    0.678900] NET: Registered protocol family 16
[    0.688591] ACPI: bus type pci registered
[    0.692421] PCI: Using configuration type 1 for base access
[    0.722990] bio: create slab &lt;bio-0&gt; at 0
[    0.728688] ACPI: Added _OSI(Module Device)
[    0.729247] ACPI: Added _OSI(Processor Device)
[    0.729911] ACPI: Added _OSI(3.0 _SCP Extensions)
[    0.730939] ACPI: Added _OSI(Processor Aggregator Device)
[    0.805221] ACPI: Interpreter enabled
[    0.806436] ACPI: (supports S0 S3 S4 S5)
[    0.812503] ACPI: Using IOAPIC for interrupt routing
[    0.894780] ACPI: No dock devices found.
[    0.896209] HEST: Table not found.
[    0.896737] PCI: Using host bridge windows from ACPI; if necessary, use "pci=nocrs" and report a bug
[    0.903247] ACPI: PCI Root Bridge [PCI0] (domain 0000 [bus 00-ff])
[    0.910322] pci_root PNP0A03:00: host bridge window [io  0x0000-0x0cf7]
[    0.911199] pci_root PNP0A03:00: host bridge window [io  0x0d00-0xadff]
[    0.912104] pci_root PNP0A03:00: host bridge window [io  0xae0f-0xaeff]
[    0.913138] pci_root PNP0A03:00: host bridge window [io  0xaf20-0xafdf]
[    0.914038] pci_root PNP0A03:00: host bridge window [io  0xafe4-0xffff]
[    0.916168] pci_root PNP0A03:00: host bridge window [mem 0x000a0000-0x000bffff]
[    0.917151] pci_root PNP0A03:00: host bridge window [mem 0x04000000-0xfebfffff]
[    0.939007] pci 0000:00:01.3: quirk: [io  0xb000-0xb03f] claimed by PIIX4 ACPI
[    0.940170] pci 0000:00:01.3: quirk: [io  0xb100-0xb10f] claimed by PIIX4 SMB
[    1.024980]  pci0000:00: Unable to request _OSC control (_OSC support mask: 0x1e)
[    1.094176] ACPI: PCI Interrupt Link [LNKA] (IRQs 5 *10 11)
[    1.101301] ACPI: PCI Interrupt Link [LNKB] (IRQs 5 *10 11)
[    1.104314] ACPI: PCI Interrupt Link [LNKC] (IRQs 5 10 *11)
[    1.108707] ACPI: PCI Interrupt Link [LNKD] (IRQs 5 10 *11)
[    1.110426] ACPI: PCI Interrupt Link [LNKS] (IRQs *9)
[    1.118116] vgaarb: device added: PCI:0000:00:02.0,decodes=io+mem,owns=io+mem,locks=none
[    1.120194] vgaarb: loaded
[    1.120850] vgaarb: bridge control possible 0000:00:02.0
[    1.124585] i2c-core: driver [aat2870] using legacy suspend method
[    1.126130] i2c-core: driver [aat2870] using legacy resume method
[    1.128718] SCSI subsystem initialized
[    1.132205] usbcore: registered new interface driver usbfs
[    1.133280] usbcore: registered new interface driver hub
[    1.134421] usbcore: registered new device driver usb
[    1.138506] PCI: Using ACPI for IRQ routing
[    1.150899] NetLabel: Initializing
[    1.152160] NetLabel:  domain hash size = 128
[    1.152692] NetLabel:  protocols = UNLABELED CIPSOv4
[    1.154781] NetLabel:  unlabeled traffic allowed by default
[    1.157310] HPET: 3 timers in total, 0 timers will be used for per-cpu timer
[    1.158362] hpet0: at MMIO 0xfed00000, IRQs 2, 8, 0
[    1.160693] hpet0: 3 comparators, 64-bit 100.000000 MHz counter
[    1.174912] Switching to clocksource hpet
[    1.409275] AppArmor: AppArmor Filesystem Enabled
[    1.410474] pnp: PnP ACPI init
[    1.411311] ACPI: bus type pnp registered
[    1.433237] pnp: PnP ACPI: found 9 devices
[    1.434207] ACPI: ACPI bus type pnp unregistered
[    1.498218] NET: Registered protocol family 2
[    1.542859] IP route cache hash table entries: 512 (order: 0, 4096 bytes)
[    1.552213] TCP established hash table entries: 2048 (order: 3, 32768 bytes)
[    1.554487] TCP bind hash table entries: 2048 (order: 3, 32768 bytes)
[    1.555356] TCP: Hash tables configured (established 2048 bind 2048)
[    1.557256] TCP reno registered
[    1.558363] UDP hash table entries: 128 (order: 0, 4096 bytes)
[    1.559328] UDP-Lite hash table entries: 128 (order: 0, 4096 bytes)
[    1.563018] NET: Registered protocol family 1
[    1.563851] pci 0000:00:00.0: Limiting direct PCI/PCI transfers
[    1.565856] pci 0000:00:01.0: PIIX3: Enabling Passive Release
[    1.566733] pci 0000:00:01.0: Activating ISA DMA hang workarounds
[    1.571954] ACPI: PCI Interrupt Link [LNKD] enabled at IRQ 11
[    1.573997] pci 0000:00:01.2: PCI INT D -&gt; Link[LNKD] -&gt; GSI 11 (level, high) -&gt; IRQ 11
[    1.577555] pci 0000:00:01.2: PCI INT D disabled
[    1.598106] Trying to unpack rootfs image as initramfs...
[    1.615848] audit: initializing netlink socket (disabled)
[    1.618716] type=2000 audit(1450634252.616:1): initialized
[    1.927429] HugeTLB registered 2 MB page size, pre-allocated 0 pages
[    2.027854] VFS: Disk quotas dquot_6.5.2
[    2.030571] Dquot-cache hash table entries: 512 (order 0, 4096 bytes)
[    2.053642] fuse init (API version 7.17)
[    2.063287] msgmni has been set to 84
[    2.097985] Block layer SCSI generic (bsg) driver version 0.4 loaded (major 253)
[    2.105372] io scheduler noop registered
[    2.105879] io scheduler deadline registered (default)
[    2.107255] io scheduler cfq registered
[    2.117799] pci_hotplug: PCI Hot Plug PCI Core version: 0.5
[    2.121659] pciehp: PCI Express Hot Plug Controller Driver version: 0.4
[    2.130578] input: Power Button as /devices/LNXSYSTM:00/LNXPWRBN:00/input/input0
[    2.134733] ACPI: Power Button [PWRF]
[    2.205496] ERST: Table is not found!
[    2.206052] GHES: HEST is not enabled!
[    2.214644] ACPI: PCI Interrupt Link [LNKC] enabled at IRQ 10
[    2.215377] virtio-pci 0000:00:03.0: PCI INT A -&gt; Link[LNKC] -&gt; GSI 10 (level, high) -&gt; IRQ 10
[    2.222191] virtio-pci 0000:00:04.0: PCI INT A -&gt; Link[LNKD] -&gt; GSI 11 (level, high) -&gt; IRQ 11
[    2.239432] ACPI: PCI Interrupt Link [LNKA] enabled at IRQ 10
[    2.240711] virtio-pci 0000:00:05.0: PCI INT A -&gt; Link[LNKA] -&gt; GSI 10 (level, high) -&gt; IRQ 10
[    2.253856] Serial: 8250/16550 driver, 32 ports, IRQ sharing enabled
[    2.323941] serial8250: ttyS0 at I/O 0x3f8 (irq = 4) is a 16550A
[    2.442585] serial8250: ttyS1 at I/O 0x2f8 (irq = 3) is a 16550A
[    2.574091] 00:05: ttyS0 at I/O 0x3f8 (irq = 4) is a 16550A
[    2.581571] Refined TSC clocksource calibration: 2294.091 MHz.
[    2.582344] Switching to clocksource tsc
[    2.659963] 00:06: ttyS1 at I/O 0x2f8 (irq = 3) is a 16550A
[    2.706648] Linux agpgart interface v0.103
[    2.790574] brd: module loaded
[    2.823091] loop: module loaded
[    2.877574]  vda: unknown partition table
[    2.945368] scsi0 : ata_piix
[    2.947637] scsi1 : ata_piix
[    2.949752] ata1: PATA max MWDMA2 cmd 0x1f0 ctl 0x3f6 bmdma 0xc0a0 irq 14
[    2.950688] ata2: PATA max MWDMA2 cmd 0x170 ctl 0x376 bmdma 0xc0a8 irq 15
[    2.961287] Fixed MDIO Bus: probed
[    2.962162] tun: Universal TUN/TAP device driver, 1.6
[    2.962714] tun: (C) 1999-2004 Max Krasnyansky &lt;maxk@qualcomm.com&gt;
[    2.979891] PPP generic driver version 2.4.2
[    3.008001] ehci_hcd: USB 2.0 'Enhanced' Host Controller (EHCI) Driver
[    3.011553] ohci_hcd: USB 1.1 'Open' Host Controller (OHCI) Driver
[    3.013861] uhci_hcd: USB Universal Host Controller Interface driver
[    3.014978] uhci_hcd 0000:00:01.2: PCI INT D -&gt; Link[LNKD] -&gt; GSI 11 (level, high) -&gt; IRQ 11
[    3.019065] uhci_hcd 0000:00:01.2: UHCI Host Controller
[    3.042981] uhci_hcd 0000:00:01.2: new USB bus registered, assigned bus number 1
[    3.045755] uhci_hcd 0000:00:01.2: irq 11, io base 0x0000c040
[    3.071703] hub 1-0:1.0: USB hub found
[    3.073099] hub 1-0:1.0: 2 ports detected
[    3.079886] usbcore: registered new interface driver libusual
[    3.083462] i8042: PNP: PS/2 Controller [PNP0303:KBD,PNP0f13:MOU] at 0x60,0x64 irq 1,12
[    3.093399] serio: i8042 KBD port at 0x60,0x64 irq 1
[    3.094774] serio: i8042 AUX port at 0x60,0x64 irq 12
[    3.133368] mousedev: PS/2 mouse device common for all mice
[    3.143547] input: AT Translated Set 2 keyboard as /devices/platform/i8042/serio0/input/input1
[    3.149383] rtc_cmos 00:01: RTC can wake from S4
[    3.169045] rtc_cmos 00:01: rtc core: registered rtc_cmos as rtc0
[    3.174965] rtc0: alarms up to one day, 114 bytes nvram, hpet irqs
[    3.181076] device-mapper: uevent: version 1.0.3
[    3.217240] Freeing initrd memory: 3656k freed
[    3.235629] ata2.01: ATAPI: QEMU DVD-ROM, 2.0.0, max UDMA/100
[    3.245024] ata2.01: configured for MWDMA2
[    3.249879] device-mapper: ioctl: 4.22.0-ioctl (2011-10-19) initialised: dm-devel@redhat.com
[    3.256025] cpuidle: using governor ladder
[    3.258416] cpuidle: using governor menu
[    3.259772] EFI Variables Facility v0.08 2004-May-17
[    3.276912] TCP cubic registered
[    3.281595] NET: Registered protocol family 10
[    3.316944] NET: Registered protocol family 17
[    3.318734] Registering the dns_resolver key type
[    3.342354] scsi 1:0:1:0: CD-ROM            QEMU     QEMU DVD-ROM     2.0. PQ: 0 ANSI: 5
[    3.359676] sr0: scsi3-mmc drive: 4x/4x cd/rw xa/form2 tray
[    3.363013] cdrom: Uniform CD-ROM driver Revision: 3.20
[    3.378513] sr 1:0:1:0: Attached scsi generic sg0 type 5
[    3.389414] registered taskstats version 1
[    3.893861]   Magic number: 11:785:997
[    3.908906] rtc_cmos 00:01: setting system clock to 2015-12-20 17:57:35 UTC (1450634255)
[    3.914697] powernow-k8: Processor cpuid 663 not supported
[    3.924450] BIOS EDD facility v0.16 2004-Jun-25, 0 devices found
[    3.925913] EDD information not available.
[    3.995353] Freeing unused kernel memory: 928k freed
[    4.010105] Write protecting the kernel read-only data: 12288k
[    4.131712] Freeing unused kernel memory: 1596k freed
[    4.194925] Freeing unused kernel memory: 1184k freed

info: initramfs: up at 4.38
modprobe: module virtio_blk not found in modules.dep
modprobe: module virtio_net not found in modules.dep
info: copying initramfs to /dev/vda
info: initramfs loading root from /dev/vda
info: /etc/init.d/rc.sysinit: up at 9.29
info: container: none
Starting logging: OK
modprobe: module virtio_blk not found in modules.dep
modprobe: module virtio_net not found in modules.dep
WARN: /etc/rc3.d/S10-load-modules failed
Initializing random number generator... done.
Starting acpid: OK
cirros-ds 'local' up at 11.88
found datasource (configdrive, local)
Starting network...
udhcpc (v1.20.1) started
Sending discover...
Sending discover...

2015-12-20 17:59:33,536 21681 INFO     [tempest_lib.common.rest_client] Request (TestNetworkBasicOps:_run_cleanups): 204 DELETE http://10.0.2.15:9696/v2.0/floatingips/16675e82-9d30-462f-98a7-f746433d86bd 0.361s
2015-12-20 17:59:33,536 21681 DEBUG    [tempest_lib.common.rest_client] Request - Headers: {'Content-Type': 'application/json', 'Accept': 'application/json', 'X-Auth-Token': '&lt;omitted&gt;'}
        Body: None
    Response - Headers: {'date': 'Sun, 20 Dec 2015 17:59:33 GMT', 'status': '204', 'connection': 'close', 'content-length': '0', 'x-openstack-request-id': 'req-996ff325-80d0-4218-a814-919b8d77a861'}
        Body: 
2015-12-20 17:59:33,762 21681 INFO     [tempest_lib.common.rest_client] Request (TestNetworkBasicOps:_run_cleanups): 204 DELETE http://10.0.2.15:8774/v2.1/be4321023bc24523aaf47070f7d660a0/servers/cf5ab596-be8d-4531-b6ec-847c48d58303 0.225s
2015-12-20 17:59:33,762 21681 DEBUG    [tempest_lib.common.rest_client] Request - Headers: {'Content-Type': 'application/json', 'Accept': 'application/json', 'X-Auth-Token': '&lt;omitted&gt;'}
        Body: None
    Response - Headers: {'status': '204', 'content-length': '0', 'x-compute-request-id': 'req-58885b5b-4759-4796-845d-db187734c466', 'vary': 'X-OpenStack-Nova-API-Version', 'connection': 'close', 'x-openstack-nova-api-version': '2.1', 'date': 'Sun, 20 Dec 2015 17:59:33 GMT', 'content-type': 'application/json'}
        Body: 
2015-12-20 17:59:34,008 21681 INFO     [tempest_lib.common.rest_client] Request (TestNetworkBasicOps:_run_cleanups): 200 GET http://10.0.2.15:8774/v2.1/be4321023bc24523aaf47070f7d660a0/servers/cf5ab596-be8d-4531-b6ec-847c48d58303 0.244s
2015-12-20 17:59:34,008 21681 DEBUG    [tempest_lib.common.rest_client] Request - Headers: {'Content-Type': 'application/json', 'Accept': 'application/json', 'X-Auth-Token': '&lt;omitted&gt;'}
        Body: None
    Response - Headers: {'status': '200', 'content-length': '1775', 'content-location': 'http://10.0.2.15:8774/v2.1/be4321023bc24523aaf47070f7d660a0/servers/cf5ab596-be8d-4531-b6ec-847c48d58303', 'x-compute-request-id': 'req-8e36d56c-b246-4cbb-80eb-3db989e938a1', 'vary': 'X-OpenStack-Nova-API-Version', 'connection': 'close', 'x-openstack-nova-api-version': '2.1', 'date': 'Sun, 20 Dec 2015 17:59:34 GMT', 'content-type': 'application/json'}
        Body: {"server": {"status": "ACTIVE", "updated": "2015-12-20T17:59:33Z", "hostId": "5ada2275aadc7b694dec4f4a929dca9da5fc06caa33678145c13aefa", "addresses": {"tempest-network-smoke--592885004": [{"OS-EXT-IPS-MAC:mac_addr": "fa:16:3e:63:60:d9", "version": 4, "addr": "10.100.0.3", "OS-EXT-IPS:type": "fixed"}, {"OS-EXT-IPS-MAC:mac_addr": "fa:16:3e:63:60:d9", "version": 4, "addr": "172.24.4.4", "OS-EXT-IPS:type": "floating"}]}, "links": [{"href": "http://10.0.2.15:8774/v2.1/be4321023bc24523aaf47070f7d660a0/servers/cf5ab596-be8d-4531-b6ec-847c48d58303", "rel": "self"}, {"href": "http://10.0.2.15:8774/be4321023bc24523aaf47070f7d660a0/servers/cf5ab596-be8d-4531-b6ec-847c48d58303", "rel": "bookmark"}], "key_name": "tempest-TestNetworkBasicOps-1105958123", "image": {"id": "85d02fa6-e144-48bf-acd3-3582b72f8272", "links": [{"href": "http://10.0.2.15:8774/be4321023bc24523aaf47070f7d660a0/images/85d02fa6-e144-48bf-acd3-3582b72f8272", "rel": "bookmark"}]}, "OS-EXT-STS:task_state": "deleting", "OS-EXT-STS:vm_state": "active", "OS-SRV-USG:launched_at": "2015-12-20T17:57:29.000000", "flavor": {"id": "42", "links": [{"href": "http://10.0.2.15:8774/be4321023bc24523aaf47070f7d660a0/flavors/42", "rel": "bookmark"}]}, "id": "cf5ab596-be8d-4531-b6ec-847c48d58303", "security_groups": [{"name": "tempest-secgroup-smoke-1946079440"}], "OS-SRV-USG:terminated_at": null, "OS-EXT-AZ:availability_zone": "nova", "user_id": "6137a0a89e8949dc8ae58096be9e5df1", "name": "tempest.common.compute-instance-291068762", "created": "2015-12-20T17:57:25Z", "tenant_id": "be4321023bc24523aaf47070f7d660a0", "OS-DCF:diskConfig": "MANUAL", "os-extended-volumes:volumes_attached": [], "accessIPv4": "", "accessIPv6": "", "progress": 0, "OS-EXT-STS:power_state": 1, "config_drive": "True", "metadata": {}}}
2015-12-20 17:59:35,166 21681 INFO     [tempest_lib.common.rest_client] Request (TestNetworkBasicOps:_run_cleanups): 200 GET http://10.0.2.15:8774/v2.1/be4321023bc24523aaf47070f7d660a0/servers/cf5ab596-be8d-4531-b6ec-847c48d58303 0.145s
2015-12-20 17:59:35,166 21681 DEBUG    [tempest_lib.common.rest_client] Request - Headers: {'Content-Type': 'application/json', 'Accept': 'application/json', 'X-Auth-Token': '&lt;omitted&gt;'}
        Body: None
    Response - Headers: {'status': '200', 'content-length': '1707', 'content-location': 'http://10.0.2.15:8774/v2.1/be4321023bc24523aaf47070f7d660a0/servers/cf5ab596-be8d-4531-b6ec-847c48d58303', 'x-compute-request-id': 'req-a08ea3c9-6e5a-4605-b17e-1db240a97503', 'vary': 'X-OpenStack-Nova-API-Version', 'connection': 'close', 'x-openstack-nova-api-version': '2.1', 'date': 'Sun, 20 Dec 2015 17:59:35 GMT', 'content-type': 'application/json'}
        Body: {"server": {"status": "ACTIVE", "updated": "2015-12-20T17:59:34Z", "hostId": "5ada2275aadc7b694dec4f4a929dca9da5fc06caa33678145c13aefa", "addresses": {"tempest-network-smoke--592885004": [{"OS-EXT-IPS-MAC:mac_addr": "fa:16:3e:63:60:d9", "version": 4, "addr": "10.100.0.3", "OS-EXT-IPS:type": "fixed"}, {"OS-EXT-IPS-MAC:mac_addr": "fa:16:3e:63:60:d9", "version": 4, "addr": "172.24.4.4", "OS-EXT-IPS:type": "floating"}]}, "links": [{"href": "http://10.0.2.15:8774/v2.1/be4321023bc24523aaf47070f7d660a0/servers/cf5ab596-be8d-4531-b6ec-847c48d58303", "rel": "self"}, {"href": "http://10.0.2.15:8774/be4321023bc24523aaf47070f7d660a0/servers/cf5ab596-be8d-4531-b6ec-847c48d58303", "rel": "bookmark"}], "key_name": "tempest-TestNetworkBasicOps-1105958123", "image": {"id": "85d02fa6-e144-48bf-acd3-3582b72f8272", "links": [{"href": "http://10.0.2.15:8774/be4321023bc24523aaf47070f7d660a0/images/85d02fa6-e144-48bf-acd3-3582b72f8272", "rel": "bookmark"}]}, "OS-EXT-STS:task_state": "deleting", "OS-EXT-STS:vm_state": "active", "OS-SRV-USG:launched_at": "2015-12-20T17:57:29.000000", "flavor": {"id": "42", "links": [{"href": "http://10.0.2.15:8774/be4321023bc24523aaf47070f7d660a0/flavors/42", "rel": "bookmark"}]}, "id": "cf5ab596-be8d-4531-b6ec-847c48d58303", "OS-SRV-USG:terminated_at": null, "OS-EXT-AZ:availability_zone": "nova", "user_id": "6137a0a89e8949dc8ae58096be9e5df1", "name": "tempest.common.compute-instance-291068762", "created": "2015-12-20T17:57:25Z", "tenant_id": "be4321023bc24523aaf47070f7d660a0", "OS-DCF:diskConfig": "MANUAL", "os-extended-volumes:volumes_attached": [], "accessIPv4": "", "accessIPv6": "", "progress": 0, "OS-EXT-STS:power_state": 1, "config_drive": "True", "metadata": {}}}
2015-12-20 17:59:36,262 21681 INFO     [tempest_lib.common.rest_client] Request (TestNetworkBasicOps:_run_cleanups): 404 GET http://10.0.2.15:8774/v2.1/be4321023bc24523aaf47070f7d660a0/servers/cf5ab596-be8d-4531-b6ec-847c48d58303 0.085s
2015-12-20 17:59:36,263 21681 DEBUG    [tempest_lib.common.rest_client] Request - Headers: {'Content-Type': 'application/json', 'Accept': 'application/json', 'X-Auth-Token': '&lt;omitted&gt;'}
        Body: None
    Response - Headers: {'status': '404', 'content-length': '111', 'x-compute-request-id': 'req-fd46aa8c-3dd0-42fa-88b3-7dbb56636c41', 'vary': 'X-OpenStack-Nova-API-Version', 'connection': 'close', 'x-openstack-nova-api-version': '2.1', 'date': 'Sun, 20 Dec 2015 17:59:36 GMT', 'content-type': 'application/json; charset=UTF-8'}
        Body: {"itemNotFound": {"message": "Instance cf5ab596-be8d-4531-b6ec-847c48d58303 could not be found.", "code": 404}}
2015-12-20 17:59:36,285 21681 INFO     [tempest_lib.common.rest_client] Request (TestNetworkBasicOps:_run_cleanups): 202 DELETE http://10.0.2.15:8774/v2.1/be4321023bc24523aaf47070f7d660a0/os-keypairs/tempest-TestNetworkBasicOps-1105958123 0.020s
2015-12-20 17:59:36,285 21681 DEBUG    [tempest_lib.common.rest_client] Request - Headers: {'Content-Type': 'application/json', 'Accept': 'application/json', 'X-Auth-Token': '&lt;omitted&gt;'}
        Body: None
    Response - Headers: {'status': '202', 'content-length': '0', 'x-compute-request-id': 'req-0c2e430e-de78-45bb-8a80-1805754f2a82', 'vary': 'X-OpenStack-Nova-API-Version', 'connection': 'close', 'x-openstack-nova-api-version': '2.1', 'date': 'Sun, 20 Dec 2015 17:59:36 GMT', 'content-type': 'application/json'}
        Body: 
2015-12-20 17:59:36,722 21681 INFO     [tempest_lib.common.rest_client] Request (TestNetworkBasicOps:_run_cleanups): 200 PUT http://10.0.2.15:9696/v2.0/routers/28f3dad9-0fd2-4abe-a9e9-6d281e39fbf7/remove_router_interface 0.434s
2015-12-20 17:59:36,722 21681 DEBUG    [tempest_lib.common.rest_client] Request - Headers: {'Content-Type': 'application/json', 'Accept': 'application/json', 'X-Auth-Token': '&lt;omitted&gt;'}
        Body: {"subnet_id": "8140e056-228a-41ff-8bdb-33e235746d30"}
    Response - Headers: {'status': '200', 'content-length': '255', 'connection': 'close', 'date': 'Sun, 20 Dec 2015 17:59:36 GMT', 'content-type': 'application/json; charset=UTF-8', 'x-openstack-request-id': 'req-ba008cb3-d9bd-4d93-9201-94a4e55813a5'}
        Body: {"subnet_id": "8140e056-228a-41ff-8bdb-33e235746d30", "tenant_id": "be4321023bc24523aaf47070f7d660a0", "subnet_ids": ["8140e056-228a-41ff-8bdb-33e235746d30"], "port_id": "58dc387f-4d6e-41a4-a733-be7bafa02623", "id": "28f3dad9-0fd2-4abe-a9e9-6d281e39fbf7"}
2015-12-20 17:59:37,226 21681 INFO     [tempest_lib.common.rest_client] Request (TestNetworkBasicOps:_run_cleanups): 204 DELETE http://10.0.2.15:9696/v2.0/subnets/8140e056-228a-41ff-8bdb-33e235746d30 0.503s
2015-12-20 17:59:37,227 21681 DEBUG    [tempest_lib.common.rest_client] Request - Headers: {'Content-Type': 'application/json', 'Accept': 'application/json', 'X-Auth-Token': '&lt;omitted&gt;'}
        Body: None
    Response - Headers: {'date': 'Sun, 20 Dec 2015 17:59:37 GMT', 'status': '204', 'connection': 'close', 'content-length': '0', 'x-openstack-request-id': 'req-96997bb0-b8b3-4da2-a0d0-943bafabfbdb'}
        Body: 
2015-12-20 17:59:37,285 21681 INFO     [tempest_lib.common.rest_client] Request (TestNetworkBasicOps:_run_cleanups): 200 GET http://10.0.2.15:9696/v2.0/routers/28f3dad9-0fd2-4abe-a9e9-6d281e39fbf7 0.056s
2015-12-20 17:59:37,285 21681 DEBUG    [tempest_lib.common.rest_client] Request - Headers: {'Content-Type': 'application/json', 'Accept': 'application/json', 'X-Auth-Token': '&lt;omitted&gt;'}
        Body: None
    Response - Headers: {'status': '200', 'content-length': '564', 'content-location': 'http://10.0.2.15:9696/v2.0/routers/28f3dad9-0fd2-4abe-a9e9-6d281e39fbf7', 'connection': 'close', 'date': 'Sun, 20 Dec 2015 17:59:37 GMT', 'content-type': 'application/json; charset=UTF-8', 'x-openstack-request-id': 'req-cceb2548-ef87-469a-975b-8690898083a4'}
        Body: {"router": {"status": "ACTIVE", "external_gateway_info": {"network_id": "e8e8e1dc-cb7c-4da8-8cb8-ee47a2662e28", "enable_snat": true, "external_fixed_ips": [{"subnet_id": "2f858f26-e9d3-48eb-a70c-de938e83b848", "ip_address": "172.24.4.3"}, {"subnet_id": "f0b5d5eb-4699-4e6d-acdf-f3ffb956c6d1", "ip_address": "2001:db8::3"}]}, "availability_zone_hints": [], "availability_zones": ["nova"], "name": "tempest-router-smoke-1978376716", "admin_state_up": true, "tenant_id": "be4321023bc24523aaf47070f7d660a0", "routes": [], "id": "28f3dad9-0fd2-4abe-a9e9-6d281e39fbf7"}}
2015-12-20 17:59:37,693 21681 INFO     [tempest_lib.common.rest_client] Request (TestNetworkBasicOps:_run_cleanups): 200 PUT http://10.0.2.15:9696/v2.0/routers/28f3dad9-0fd2-4abe-a9e9-6d281e39fbf7 0.407s
2015-12-20 17:59:37,694 21681 DEBUG    [tempest_lib.common.rest_client] Request - Headers: {'Content-Type': 'application/json', 'Accept': 'application/json', 'X-Auth-Token': '&lt;omitted&gt;'}
        Body: {"router": {"external_gateway_info": {}, "name": "tempest-router-smoke-1978376716", "admin_state_up": true}}
    Response - Headers: {'status': '200', 'content-length': '302', 'connection': 'close', 'date': 'Sun, 20 Dec 2015 17:59:37 GMT', 'content-type': 'application/json; charset=UTF-8', 'x-openstack-request-id': 'req-59ecf2b8-4334-495a-9aee-0bbded1d9ba3'}
        Body: {"router": {"status": "ACTIVE", "external_gateway_info": null, "availability_zone_hints": [], "availability_zones": ["nova"], "name": "tempest-router-smoke-1978376716", "admin_state_up": true, "tenant_id": "be4321023bc24523aaf47070f7d660a0", "routes": [], "id": "28f3dad9-0fd2-4abe-a9e9-6d281e39fbf7"}}
2015-12-20 17:59:37,934 21681 INFO     [tempest_lib.common.rest_client] Request (TestNetworkBasicOps:_run_cleanups): 204 DELETE http://10.0.2.15:9696/v2.0/routers/28f3dad9-0fd2-4abe-a9e9-6d281e39fbf7 0.239s
2015-12-20 17:59:37,934 21681 DEBUG    [tempest_lib.common.rest_client] Request - Headers: {'Content-Type': 'application/json', 'Accept': 'application/json', 'X-Auth-Token': '&lt;omitted&gt;'}
        Body: None
    Response - Headers: {'date': 'Sun, 20 Dec 2015 17:59:37 GMT', 'status': '204', 'connection': 'close', 'content-length': '0', 'x-openstack-request-id': 'req-2cee80f4-7c0d-4d23-b161-d6c6e25a038b'}
        Body: 
2015-12-20 17:59:38,169 21681 INFO     [tempest_lib.common.rest_client] Request (TestNetworkBasicOps:_run_cleanups): 204 DELETE http://10.0.2.15:9696/v2.0/networks/c37c5d95-784e-4ade-ac65-723b712c2bf1 0.233s
2015-12-20 17:59:38,169 21681 DEBUG    [tempest_lib.common.rest_client] Request - Headers: {'Content-Type': 'application/json', 'Accept': 'application/json', 'X-Auth-Token': '&lt;omitted&gt;'}
        Body: None
    Response - Headers: {'date': 'Sun, 20 Dec 2015 17:59:38 GMT', 'status': '204', 'connection': 'close', 'content-length': '0', 'x-openstack-request-id': 'req-a39cc370-33c0-47b6-96b0-0dc19e62c827'}
        Body: 
2015-12-20 17:59:38,236 21681 INFO     [tempest_lib.common.rest_client] Request (TestNetworkBasicOps:_run_cleanups): 204 DELETE http://10.0.2.15:9696/v2.0/security-group-rules/2ed7080c-beb3-4916-87a5-33c89e7ab997 0.066s
2015-12-20 17:59:38,237 21681 DEBUG    [tempest_lib.common.rest_client] Request - Headers: {'Content-Type': 'application/json', 'Accept': 'application/json', 'X-Auth-Token': '&lt;omitted&gt;'}
        Body: None
    Response - Headers: {'date': 'Sun, 20 Dec 2015 17:59:38 GMT', 'status': '204', 'connection': 'close', 'content-length': '0', 'x-openstack-request-id': 'req-c3c26011-6d06-4a85-be5e-bfc45ef000d1'}
        Body: 
2015-12-20 17:59:38,296 21681 INFO     [tempest_lib.common.rest_client] Request (TestNetworkBasicOps:_run_cleanups): 204 DELETE http://10.0.2.15:9696/v2.0/security-group-rules/0e25fdc6-95af-4009-83ec-453386d564c5 0.057s
2015-12-20 17:59:38,297 21681 DEBUG    [tempest_lib.common.rest_client] Request - Headers: {'Content-Type': 'application/json', 'Accept': 'application/json', 'X-Auth-Token': '&lt;omitted&gt;'}
        Body: None
    Response - Headers: {'date': 'Sun, 20 Dec 2015 17:59:38 GMT', 'status': '204', 'connection': 'close', 'content-length': '0', 'x-openstack-request-id': 'req-25846e73-da4e-460e-9b08-f2bc2bf0cff7'}
        Body: 
2015-12-20 17:59:38,355 21681 INFO     [tempest_lib.common.rest_client] Request (TestNetworkBasicOps:_run_cleanups): 204 DELETE http://10.0.2.15:9696/v2.0/security-group-rules/2b685b4e-e00e-4355-9375-4d745c3962b3 0.057s
2015-12-20 17:59:38,355 21681 DEBUG    [tempest_lib.common.rest_client] Request - Headers: {'Content-Type': 'application/json', 'Accept': 'application/json', 'X-Auth-Token': '&lt;omitted&gt;'}
        Body: None
    Response - Headers: {'date': 'Sun, 20 Dec 2015 17:59:38 GMT', 'status': '204', 'connection': 'close', 'content-length': '0', 'x-openstack-request-id': 'req-6a455f70-3932-4550-9cd2-17de97ab528d'}
        Body: 
2015-12-20 17:59:38,421 21681 INFO     [tempest_lib.common.rest_client] Request (TestNetworkBasicOps:_run_cleanups): 204 DELETE http://10.0.2.15:9696/v2.0/security-group-rules/48d43686-62fb-402f-a1b3-c280bc463824 0.065s
2015-12-20 17:59:38,422 21681 DEBUG    [tempest_lib.common.rest_client] Request - Headers: {'Content-Type': 'application/json', 'Accept': 'application/json', 'X-Auth-Token': '&lt;omitted&gt;'}
        Body: None
    Response - Headers: {'date': 'Sun, 20 Dec 2015 17:59:38 GMT', 'status': '204', 'connection': 'close', 'content-length': '0', 'x-openstack-request-id': 'req-74b1c4cf-a723-43d2-9ef8-28c921b4e548'}
        Body: 
