<?xml version="1.0" encoding="UTF-8"?>
<!DOCTYPE html PUBLIC "-//W3C//DTD XHTML 1.0 Strict//EN"
     "http://www.w3.org/TR/xhtml1/DTD/xhtml1-strict.dtd">
<html xmlns="http://www.w3.org/1999/xhtml">
<head>
    <title>Unit Test Report</title>
    <meta name="generator" content="subunit2html 0.1"/>
    <meta http-equiv="Content-Type" content="text/html; charset=UTF-8"/>
    
<style type="text/css" media="screen">
body        { font-family: verdana, arial, helvetica, sans-serif;
    font-size: 80%; }
table       { font-size: 100%; width: 100%;}
pre         { font-size: 80%; }

/* -- heading -------------------------------------------------------------- */
h1 {
        font-size: 16pt;
        color: gray;
}
.heading {
    margin-top: 0ex;
    margin-bottom: 1ex;
}

.heading .attribute {
    margin-top: 1ex;
    margin-bottom: 0;
}

.heading .description {
    margin-top: 4ex;
    margin-bottom: 6ex;
}

/* -- css div popup -------------------------------------------------------- */
a.popup_link {
}

a.popup_link:hover {
    color: red;
}

.popup_window {
    display: none;
    overflow-x: scroll;
    /*border: solid #627173 1px; */
    padding: 10px;
    background-color: #E6E6D6;
    font-family: "Ubuntu Mono", "Lucida Console", "Courier New", monospace;
    text-align: left;
    font-size: 8pt;
}

}
/* -- report --------------------------------------------------------------- */
#show_detail_line {
    margin-top: 3ex;
    margin-bottom: 1ex;
}
#result_table {
    width: 100%;
    border-collapse: collapse;
    border: 1px solid #777;
}
#header_row {
    font-weight: bold;
    color: white;
    background-color: #777;
}
#result_table td {
    border: 1px solid #777;
    padding: 2px;
}
#total_row  { font-weight: bold; }
.passClass  { background-color: #6c6; }
.failClass  { background-color: #c60; }
.errorClass { background-color: #c00; }
.passCase   { color: #6c6; }
.failCase   { color: #c60; font-weight: bold; }
.errorCase  { color: #c00; font-weight: bold; }
.hiddenRow  { display: none; }
.testcase   { margin-left: 2em; }
td.testname {width: 40%}
td.small {width: 40px}

/* -- ending --------------------------------------------------------------- */
#ending {
}

</style>

</head>
<body>
<script language="javascript" type="text/javascript"><!--
output_list = Array();

/* level - 0:Summary; 1:Failed; 2:All */
function showCase(level) {
    trs = document.getElementsByTagName("tr");
    for (var i = 0; i < trs.length; i++) {
        tr = trs[i];
        id = tr.id;
        if (id.substr(0,2) == 'ft') {
            if (level < 1) {
                tr.className = 'hiddenRow';
            }
            else {
                tr.className = '';
            }
        }
        if (id.substr(0,2) == 'pt') {
            if (level > 1) {
                tr.className = '';
            }
            else {
                tr.className = 'hiddenRow';
            }
        }
    }
}


function showClassDetail(cid, count) {
    var id_list = Array(count);
    var toHide = 1;
    for (var i = 0; i < count; i++) {
        tid0 = 't' + cid.substr(1) + '.' + (i+1);
        tid = 'f' + tid0;
        tr = document.getElementById(tid);
        if (!tr) {
            tid = 'p' + tid0;
            tr = document.getElementById(tid);
        }
        id_list[i] = tid;
        if (tr.className) {
            toHide = 0;
        }
    }
    for (var i = 0; i < count; i++) {
        tid = id_list[i];
        if (toHide) {
            document.getElementById('div_'+tid).style.display = 'none'
            document.getElementById(tid).className = 'hiddenRow';
        }
        else {
            document.getElementById(tid).className = '';
        }
    }
}


function showTestDetail(div_id){
    var details_div = document.getElementById(div_id)
    var displayState = details_div.style.display
    // alert(displayState)
    if (displayState != 'block' ) {
        displayState = 'block'
        details_div.style.display = 'block'
    }
    else {
        details_div.style.display = 'none'
    }
}


function html_escape(s) {
    s = s.replace(/&/g,'&amp;');
    s = s.replace(/</g,'&lt;');
    s = s.replace(/>/g,'&gt;');
    return s;
}

/* obsoleted by detail in <div>
function showOutput(id, name) {
    var w = window.open("", //url
                    name,
                    "resizable,scrollbars,status,width=800,height=450");
    d = w.document;
    d.write("<pre>");
    d.write(html_escape(output_list[id]));
    d.write("\n");
    d.write("<a href='javascript:window.close()'>close</a>\n");
    d.write("</pre>\n");
    d.close();
}
*/
--></script>

<div class='heading'>
<h1>Unit Test Report</h1>

<p class='attribute'><strong>Status:</strong> Pass 1 Failure 7 Skip 1</p>

<p class='description'></p>
</div>



<p id='show_detail_line'>Show
<a href='javascript:showCase(0)'>Summary</a>
<a href='javascript:showCase(1)'>Failed</a>
<a href='javascript:showCase(2)'>All</a>
</p>
<table id='result_table'>
<colgroup>
<col align='left' />
<col align='right' />
<col align='right' />
<col align='right' />
<col align='right' />
<col align='right' />
<col align='right' />
<col align='right' />
</colgroup>
<tr id='header_row'>
    <td>Test Group/Test case</td>
    <td>Count</td>
    <td>Pass</td>
    <td>Fail</td>
    <td>Error</td>
    <td>Skip</td>
    <td>View</td>
    <td> </td>
</tr>

<tr class='failClass'>
    <td class="testname">tempest.scenario.test_network_basic_ops.TestNetworkBasicOps</td>
    <td class="small">9</td>
    <td class="small">1</td>
    <td class="small">7</td>
    <td class="small">0</td>
    <td class="small">1</td>
    <td class="small"><a href="javascript:showClassDetail('c1',9)"
>Detail</a></td>
    <td> </td>
</tr>

<tr id='ft1.1' class='none'>
    <td class='failCase'><div class='testcase'>test_connectivity_between_vms_on_different_networks[compute,id-1546850e-fbaa-42f5-8b5f-03d8a6a95f15,network]</div></td>
    <td colspan='7' align='left'>

    <!--css div popup start-->
    <a class="popup_link" onfocus='this.blur();'
    href="javascript:showTestDetail('div_ft1.1')" >
        fail</a>

    <div id='div_ft1.1' class="popup_window">
        <div style='text-align: right; color:red;cursor:pointer'>
        <a onfocus='this.blur();'
onclick="document.getElementById('div_ft1.1').style.display = 'none' " >
           [x]</a>
        </div>
        <pre>
        
ft1.1: tempest.scenario.test_network_basic_ops.TestNetworkBasicOps.test_connectivity_between_vms_on_different_networks[compute,id-1546850e-fbaa-42f5-8b5f-03d8a6a95f15,network]_StringException: Empty attachments:
  stderr
  stdout

pythonlogging:'': {{{
2015-12-15 08:06:50,269 25722 INFO     [tempest_lib.common.rest_client] Request (TestNetworkBasicOps:test_connectivity_between_vms_on_different_networks): 201 POST http://10.0.2.15:9696/v2.0/security-groups 0.344s
2015-12-15 08:06:50,270 25722 DEBUG    [tempest_lib.common.rest_client] Request - Headers: {'Content-Type': 'application/json', 'Accept': 'application/json', 'X-Auth-Token': '&lt;omitted&gt;'}
        Body: {"security_group": {"tenant_id": "358da2727f194c8cbc07764547446a78", "description": "tempest-secgroup-smoke-2063440551 description", "name": "tempest-secgroup-smoke-2063440551"}}
    Response - Headers: {'status': '201', 'content-length': '888', 'connection': 'close', 'date': 'Tue, 15 Dec 2015 08:06:50 GMT', 'content-type': 'application/json; charset=UTF-8', 'x-openstack-request-id': 'req-784d6d7e-d92a-46aa-967d-4e18ecc3a98a'}
        Body: {"security_group": {"tenant_id": "358da2727f194c8cbc07764547446a78", "description": "tempest-secgroup-smoke-2063440551 description", "id": "394621a4-82af-468f-81b0-3b0d11ae1088", "security_group_rules": [{"remote_group_id": null, "direction": "egress", "remote_ip_prefix": null, "protocol": null, "ethertype": "IPv4", "tenant_id": "358da2727f194c8cbc07764547446a78", "port_range_max": null, "port_range_min": null, "id": "d9092ca2-c462-4b8c-bbba-d48254962064", "security_group_id": "394621a4-82af-468f-81b0-3b0d11ae1088"}, {"remote_group_id": null, "direction": "egress", "remote_ip_prefix": null, "protocol": null, "ethertype": "IPv6", "tenant_id": "358da2727f194c8cbc07764547446a78", "port_range_max": null, "port_range_min": null, "id": "db99cf8e-178c-4530-829c-e582ebe8b0c1", "security_group_id": "394621a4-82af-468f-81b0-3b0d11ae1088"}], "name": "tempest-secgroup-smoke-2063440551"}}
2015-12-15 08:06:50,398 25722 INFO     [tempest_lib.common.rest_client] Request (TestNetworkBasicOps:test_connectivity_between_vms_on_different_networks): 201 POST http://10.0.2.15:9696/v2.0/security-group-rules 0.127s
2015-12-15 08:06:50,399 25722 DEBUG    [tempest_lib.common.rest_client] Request - Headers: {'Content-Type': 'application/json', 'Accept': 'application/json', 'X-Auth-Token': '&lt;omitted&gt;'}
        Body: {"security_group_rule": {"direction": "ingress", "protocol": "tcp", "tenant_id": "358da2727f194c8cbc07764547446a78", "port_range_max": 22, "security_group_id": "394621a4-82af-468f-81b0-3b0d11ae1088", "port_range_min": 22}}
    Response - Headers: {'status': '201', 'content-length': '340', 'connection': 'close', 'date': 'Tue, 15 Dec 2015 08:06:50 GMT', 'content-type': 'application/json; charset=UTF-8', 'x-openstack-request-id': 'req-a9f3cdcd-0e6d-4785-8b85-7530238a329b'}
        Body: {"security_group_rule": {"remote_group_id": null, "direction": "ingress", "remote_ip_prefix": null, "protocol": "tcp", "ethertype": "IPv4", "tenant_id": "358da2727f194c8cbc07764547446a78", "port_range_max": 22, "port_range_min": 22, "id": "88bf7e37-72d5-49e5-a2c4-9b9f577fc0ee", "security_group_id": "394621a4-82af-468f-81b0-3b0d11ae1088"}}
2015-12-15 08:06:50,525 25722 INFO     [tempest_lib.common.rest_client] Request (TestNetworkBasicOps:test_connectivity_between_vms_on_different_networks): 201 POST http://10.0.2.15:9696/v2.0/security-group-rules 0.125s
2015-12-15 08:06:50,525 25722 DEBUG    [tempest_lib.common.rest_client] Request - Headers: {'Content-Type': 'application/json', 'Accept': 'application/json', 'X-Auth-Token': '&lt;omitted&gt;'}
        Body: {"security_group_rule": {"direction": "egress", "protocol": "tcp", "tenant_id": "358da2727f194c8cbc07764547446a78", "port_range_max": 22, "security_group_id": "394621a4-82af-468f-81b0-3b0d11ae1088", "port_range_min": 22}}
    Response - Headers: {'status': '201', 'content-length': '339', 'connection': 'close', 'date': 'Tue, 15 Dec 2015 08:06:50 GMT', 'content-type': 'application/json; charset=UTF-8', 'x-openstack-request-id': 'req-2154703d-b34b-4a73-b167-cf1cdcdcc88a'}
        Body: {"security_group_rule": {"remote_group_id": null, "direction": "egress", "remote_ip_prefix": null, "protocol": "tcp", "ethertype": "IPv4", "tenant_id": "358da2727f194c8cbc07764547446a78", "port_range_max": 22, "port_range_min": 22, "id": "4da5702a-4623-47ba-b913-acf63b29e02e", "security_group_id": "394621a4-82af-468f-81b0-3b0d11ae1088"}}
2015-12-15 08:06:50,782 25722 INFO     [tempest_lib.common.rest_client] Request (TestNetworkBasicOps:test_connectivity_between_vms_on_different_networks): 201 POST http://10.0.2.15:9696/v2.0/security-group-rules 0.256s
2015-12-15 08:06:50,782 25722 DEBUG    [tempest_lib.common.rest_client] Request - Headers: {'Content-Type': 'application/json', 'Accept': 'application/json', 'X-Auth-Token': '&lt;omitted&gt;'}
        Body: {"security_group_rule": {"tenant_id": "358da2727f194c8cbc07764547446a78", "direction": "ingress", "protocol": "icmp", "security_group_id": "394621a4-82af-468f-81b0-3b0d11ae1088"}}
    Response - Headers: {'status': '201', 'content-length': '345', 'connection': 'close', 'date': 'Tue, 15 Dec 2015 08:06:50 GMT', 'content-type': 'application/json; charset=UTF-8', 'x-openstack-request-id': 'req-7b6357cb-7a8d-4063-be4c-e6dcf68bc3f6'}
        Body: {"security_group_rule": {"remote_group_id": null, "direction": "ingress", "remote_ip_prefix": null, "protocol": "icmp", "ethertype": "IPv4", "tenant_id": "358da2727f194c8cbc07764547446a78", "port_range_max": null, "port_range_min": null, "id": "5753c8ec-7317-4bd2-aeb9-c1b2899165e9", "security_group_id": "394621a4-82af-468f-81b0-3b0d11ae1088"}}
2015-12-15 08:06:50,900 25722 INFO     [tempest_lib.common.rest_client] Request (TestNetworkBasicOps:test_connectivity_between_vms_on_different_networks): 201 POST http://10.0.2.15:9696/v2.0/security-group-rules 0.117s
2015-12-15 08:06:50,901 25722 DEBUG    [tempest_lib.common.rest_client] Request - Headers: {'Content-Type': 'application/json', 'Accept': 'application/json', 'X-Auth-Token': '&lt;omitted&gt;'}
        Body: {"security_group_rule": {"tenant_id": "358da2727f194c8cbc07764547446a78", "direction": "egress", "protocol": "icmp", "security_group_id": "394621a4-82af-468f-81b0-3b0d11ae1088"}}
    Response - Headers: {'status': '201', 'content-length': '344', 'connection': 'close', 'date': 'Tue, 15 Dec 2015 08:06:50 GMT', 'content-type': 'application/json; charset=UTF-8', 'x-openstack-request-id': 'req-c266604a-2ad0-4275-b190-28d0cf2fb6a1'}
        Body: {"security_group_rule": {"remote_group_id": null, "direction": "egress", "remote_ip_prefix": null, "protocol": "icmp", "ethertype": "IPv4", "tenant_id": "358da2727f194c8cbc07764547446a78", "port_range_max": null, "port_range_min": null, "id": "c5c287b8-2d13-455b-96f0-0421dfbbe174", "security_group_id": "394621a4-82af-468f-81b0-3b0d11ae1088"}}
2015-12-15 08:06:51,029 25722 INFO     [tempest_lib.common.rest_client] Request (TestNetworkBasicOps:test_connectivity_between_vms_on_different_networks): 201 POST http://10.0.2.15:9696/v2.0/security-group-rules 0.127s
2015-12-15 08:06:51,030 25722 DEBUG    [tempest_lib.common.rest_client] Request - Headers: {'Content-Type': 'application/json', 'Accept': 'application/json', 'X-Auth-Token': '&lt;omitted&gt;'}
        Body: {"security_group_rule": {"tenant_id": "358da2727f194c8cbc07764547446a78", "direction": "ingress", "security_group_id": "394621a4-82af-468f-81b0-3b0d11ae1088", "protocol": "icmp", "ethertype": "IPv6"}}
    Response - Headers: {'status': '201', 'content-length': '345', 'connection': 'close', 'date': 'Tue, 15 Dec 2015 08:06:51 GMT', 'content-type': 'application/json; charset=UTF-8', 'x-openstack-request-id': 'req-de67afd6-4bb3-433c-94c5-1d27b5152bcf'}
        Body: {"security_group_rule": {"remote_group_id": null, "direction": "ingress", "remote_ip_prefix": null, "protocol": "icmp", "ethertype": "IPv6", "tenant_id": "358da2727f194c8cbc07764547446a78", "port_range_max": null, "port_range_min": null, "id": "72ba70c8-223c-451b-bba7-f56c20e5ae7c", "security_group_id": "394621a4-82af-468f-81b0-3b0d11ae1088"}}
2015-12-15 08:06:51,151 25722 INFO     [tempest_lib.common.rest_client] Request (TestNetworkBasicOps:test_connectivity_between_vms_on_different_networks): 201 POST http://10.0.2.15:9696/v2.0/security-group-rules 0.120s
2015-12-15 08:06:51,152 25722 DEBUG    [tempest_lib.common.rest_client] Request - Headers: {'Content-Type': 'application/json', 'Accept': 'application/json', 'X-Auth-Token': '&lt;omitted&gt;'}
        Body: {"security_group_rule": {"tenant_id": "358da2727f194c8cbc07764547446a78", "direction": "egress", "security_group_id": "394621a4-82af-468f-81b0-3b0d11ae1088", "protocol": "icmp", "ethertype": "IPv6"}}
    Response - Headers: {'status': '201', 'content-length': '344', 'connection': 'close', 'date': 'Tue, 15 Dec 2015 08:06:51 GMT', 'content-type': 'application/json; charset=UTF-8', 'x-openstack-request-id': 'req-f538d8bb-9f26-456a-a4e4-d7f6de020352'}
        Body: {"security_group_rule": {"remote_group_id": null, "direction": "egress", "remote_ip_prefix": null, "protocol": "icmp", "ethertype": "IPv6", "tenant_id": "358da2727f194c8cbc07764547446a78", "port_range_max": null, "port_range_min": null, "id": "069d5d7a-5f12-4a91-84a2-b14a4b08ae5d", "security_group_id": "394621a4-82af-468f-81b0-3b0d11ae1088"}}
2015-12-15 08:06:51,336 25722 INFO     [tempest_lib.common.rest_client] Request (TestNetworkBasicOps:test_connectivity_between_vms_on_different_networks): 201 POST http://10.0.2.15:9696/v2.0/networks 0.181s
2015-12-15 08:06:51,336 25722 DEBUG    [tempest_lib.common.rest_client] Request - Headers: {'Content-Type': 'application/json', 'Accept': 'application/json', 'X-Auth-Token': '&lt;omitted&gt;'}
        Body: {"network": {"tenant_id": "358da2727f194c8cbc07764547446a78", "name": "tempest-network-smoke--24811868"}}
    Response - Headers: {'status': '201', 'content-length': '327', 'connection': 'close', 'date': 'Tue, 15 Dec 2015 08:06:51 GMT', 'content-type': 'application/json; charset=UTF-8', 'x-openstack-request-id': 'req-2bb3d8e4-82e1-4ba6-9471-d9efff53dcc1'}
        Body: {"network": {"status": "ACTIVE", "subnets": [], "availability_zone_hints": "[]", "name": "tempest-network-smoke--24811868", "admin_state_up": true, "tenant_id": "358da2727f194c8cbc07764547446a78", "mtu": 0, "router:external": false, "shared": false, "port_security_enabled": true, "id": "2f2c420f-189d-447a-8b97-1edaeb6dc80f"}}
2015-12-15 08:06:51,432 25722 INFO     [tempest_lib.common.rest_client] Request (TestNetworkBasicOps:test_connectivity_between_vms_on_different_networks): 201 POST http://10.0.2.15:9696/v2.0/routers 0.095s
2015-12-15 08:06:51,433 25722 DEBUG    [tempest_lib.common.rest_client] Request - Headers: {'Content-Type': 'application/json', 'Accept': 'application/json', 'X-Auth-Token': '&lt;omitted&gt;'}
        Body: {"router": {"tenant_id": "358da2727f194c8cbc07764547446a78", "name": "tempest-router-smoke-121954590", "admin_state_up": true}}
    Response - Headers: {'status': '201', 'content-length': '295', 'connection': 'close', 'date': 'Tue, 15 Dec 2015 08:06:51 GMT', 'content-type': 'application/json; charset=UTF-8', 'x-openstack-request-id': 'req-f81917be-1edf-49d4-879a-083449dfed5c'}
        Body: {"router": {"status": "ACTIVE", "external_gateway_info": null, "availability_zone_hints": [], "availability_zones": [], "name": "tempest-router-smoke-121954590", "admin_state_up": true, "tenant_id": "358da2727f194c8cbc07764547446a78", "routes": [], "id": "3269f864-c252-4f50-a2bd-ebe71e015d4a"}}
2015-12-15 08:06:51,487 25722 INFO     [tempest_lib.common.rest_client] Request (TestNetworkBasicOps:test_connectivity_between_vms_on_different_networks): 200 GET http://10.0.2.15:9696/v2.0/routers/3269f864-c252-4f50-a2bd-ebe71e015d4a 0.053s
2015-12-15 08:06:51,487 25722 DEBUG    [tempest_lib.common.rest_client] Request - Headers: {'Content-Type': 'application/json', 'Accept': 'application/json', 'X-Auth-Token': '&lt;omitted&gt;'}
        Body: None
    Response - Headers: {'status': '200', 'content-length': '295', 'content-location': 'http://10.0.2.15:9696/v2.0/routers/3269f864-c252-4f50-a2bd-ebe71e015d4a', 'connection': 'close', 'date': 'Tue, 15 Dec 2015 08:06:51 GMT', 'content-type': 'application/json; charset=UTF-8', 'x-openstack-request-id': 'req-7f4134b9-b496-4ae0-a4a1-d85f695666be'}
        Body: {"router": {"status": "ACTIVE", "external_gateway_info": null, "availability_zone_hints": [], "availability_zones": [], "name": "tempest-router-smoke-121954590", "admin_state_up": true, "tenant_id": "358da2727f194c8cbc07764547446a78", "routes": [], "id": "3269f864-c252-4f50-a2bd-ebe71e015d4a"}}
2015-12-15 08:06:52,208 25722 INFO     [tempest_lib.common.rest_client] Request (TestNetworkBasicOps:test_connectivity_between_vms_on_different_networks): 200 PUT http://10.0.2.15:9696/v2.0/routers/3269f864-c252-4f50-a2bd-ebe71e015d4a 0.720s
2015-12-15 08:06:52,209 25722 DEBUG    [tempest_lib.common.rest_client] Request - Headers: {'Content-Type': 'application/json', 'Accept': 'application/json', 'X-Auth-Token': '&lt;omitted&gt;'}
        Body: {"router": {"external_gateway_info": {"network_id": "6e67d870-4c4f-4686-880e-9371858271c8"}, "name": "tempest-router-smoke-121954590", "admin_state_up": true}}
    Response - Headers: {'status': '200', 'content-length': '557', 'connection': 'close', 'date': 'Tue, 15 Dec 2015 08:06:52 GMT', 'content-type': 'application/json; charset=UTF-8', 'x-openstack-request-id': 'req-88f6becd-e70f-4b69-aad0-6971c1dbabf6'}
        Body: {"router": {"status": "ACTIVE", "external_gateway_info": {"network_id": "6e67d870-4c4f-4686-880e-9371858271c8", "enable_snat": true, "external_fixed_ips": [{"subnet_id": "a98960c1-1c1d-4b2e-bd68-365eab58444e", "ip_address": "172.24.4.3"}, {"subnet_id": "9b1ca583-73c5-42fa-8b5e-9cb3e2c6be4d", "ip_address": "2001:db8::4"}]}, "availability_zone_hints": [], "availability_zones": [], "name": "tempest-router-smoke-121954590", "admin_state_up": true, "tenant_id": "358da2727f194c8cbc07764547446a78", "routes": [], "id": "3269f864-c252-4f50-a2bd-ebe71e015d4a"}}
2015-12-15 08:06:52,352 25722 INFO     [tempest_lib.common.rest_client] Request (TestNetworkBasicOps:test_connectivity_between_vms_on_different_networks): 200 GET http://10.0.2.15:9696/v2.0/subnets?tenant_id=358da2727f194c8cbc07764547446a78&amp;cidr=10.100.0.0%2F28 0.142s
2015-12-15 08:06:52,352 25722 DEBUG    [tempest_lib.common.rest_client] Request - Headers: {'Content-Type': 'application/json', 'Accept': 'application/json', 'X-Auth-Token': '&lt;omitted&gt;'}
        Body: None
    Response - Headers: {'status': '200', 'content-length': '15', 'content-location': 'http://10.0.2.15:9696/v2.0/subnets?tenant_id=358da2727f194c8cbc07764547446a78&amp;cidr=10.100.0.0%2F28', 'connection': 'close', 'date': 'Tue, 15 Dec 2015 08:06:52 GMT', 'content-type': 'application/json; charset=UTF-8', 'x-openstack-request-id': 'req-c2c0fa22-b19d-4963-9442-7ec4007009fe'}
        Body: {"subnets": []}
2015-12-15 08:06:52,717 25722 INFO     [tempest_lib.common.rest_client] Request (TestNetworkBasicOps:test_connectivity_between_vms_on_different_networks): 201 POST http://10.0.2.15:9696/v2.0/subnets 0.364s
2015-12-15 08:06:52,718 25722 DEBUG    [tempest_lib.common.rest_client] Request - Headers: {'Content-Type': 'application/json', 'Accept': 'application/json', 'X-Auth-Token': '&lt;omitted&gt;'}
        Body: {"subnet": {"ip_version": 4, "tenant_id": "358da2727f194c8cbc07764547446a78", "cidr": "10.100.0.0/28", "network_id": "2f2c420f-189d-447a-8b97-1edaeb6dc80f", "name": "tempest-subnet-smoke-675089709"}}
    Response - Headers: {'status': '201', 'content-length': '477', 'connection': 'close', 'date': 'Tue, 15 Dec 2015 08:06:52 GMT', 'content-type': 'application/json; charset=UTF-8', 'x-openstack-request-id': 'req-27c94f47-c312-476e-9d95-0b41208189ea'}
        Body: {"subnet": {"name": "tempest-subnet-smoke-675089709", "enable_dhcp": true, "network_id": "2f2c420f-189d-447a-8b97-1edaeb6dc80f", "tenant_id": "358da2727f194c8cbc07764547446a78", "dns_nameservers": [], "gateway_ip": "10.100.0.1", "ipv6_ra_mode": null, "allocation_pools": [{"start": "10.100.0.2", "end": "10.100.0.14"}], "host_routes": [], "ip_version": 4, "ipv6_address_mode": null, "cidr": "10.100.0.0/28", "id": "e62f27cc-1566-4033-89b3-f10bcf56960c", "subnetpool_id": null}}
2015-12-15 08:06:53,455 25722 INFO     [tempest_lib.common.rest_client] Request (TestNetworkBasicOps:test_connectivity_between_vms_on_different_networks): 200 PUT http://10.0.2.15:9696/v2.0/routers/3269f864-c252-4f50-a2bd-ebe71e015d4a/add_router_interface 0.737s
2015-12-15 08:06:53,456 25722 DEBUG    [tempest_lib.common.rest_client] Request - Headers: {'Content-Type': 'application/json', 'Accept': 'application/json', 'X-Auth-Token': '&lt;omitted&gt;'}
        Body: {"subnet_id": "e62f27cc-1566-4033-89b3-f10bcf56960c"}
    Response - Headers: {'status': '200', 'content-length': '255', 'connection': 'close', 'date': 'Tue, 15 Dec 2015 08:06:53 GMT', 'content-type': 'application/json; charset=UTF-8', 'x-openstack-request-id': 'req-baef1371-9f0d-4aac-bc99-b97f5e7093b7'}
        Body: {"subnet_id": "e62f27cc-1566-4033-89b3-f10bcf56960c", "tenant_id": "358da2727f194c8cbc07764547446a78", "subnet_ids": ["e62f27cc-1566-4033-89b3-f10bcf56960c"], "port_id": "6d9a9df8-0ab7-4678-ac67-7845f09b5ecc", "id": "3269f864-c252-4f50-a2bd-ebe71e015d4a"}
2015-12-15 08:06:53,653 25722 INFO     [tempest_lib.common.rest_client] Request (TestNetworkBasicOps:test_connectivity_between_vms_on_different_networks): 200 GET http://10.0.2.15:9696/v2.0/networks 0.195s
2015-12-15 08:06:53,653 25722 DEBUG    [tempest_lib.common.rest_client] Request - Headers: {'Content-Type': 'application/json', 'Accept': 'application/json', 'X-Auth-Token': '&lt;omitted&gt;'}
        Body: None
    Response - Headers: {'status': '200', 'content-length': '1505', 'content-location': 'http://10.0.2.15:9696/v2.0/networks', 'connection': 'close', 'date': 'Tue, 15 Dec 2015 08:06:53 GMT', 'content-type': 'application/json; charset=UTF-8', 'x-openstack-request-id': 'req-1bc412b0-426f-4126-95d5-dde87fa4c60e'}
        Body: {"networks": [{"status": "ACTIVE", "subnets": ["9b1ca583-73c5-42fa-8b5e-9cb3e2c6be4d", "a98960c1-1c1d-4b2e-bd68-365eab58444e"], "availability_zone_hints": [], "availability_zones": ["nova"], "name": "public", "provider:physical_network": null, "admin_state_up": true, "tenant_id": "79a4885786f849d59a6a72757cea7be9", "mtu": 0, "router:external": true, "shared": false, "port_security_enabled": true, "provider:network_type": "vxlan", "id": "6e67d870-4c4f-4686-880e-9371858271c8", "provider:segmentation_id": 1033}, {"status": "ACTIVE", "subnets": ["8f30daf4-d5f7-4cb8-b945-e9ade83f92d1", "d4b3e0d2-1fec-40b5-a00b-08beb72f2bdc"], "availability_zone_hints": [], "availability_zones": ["nova"], "name": "private", "provider:physical_network": null, "admin_state_up": true, "tenant_id": "a2bb11b8592940e1b59c8240e9921e7a", "mtu": 0, "router:external": false, "shared": false, "port_security_enabled": true, "provider:network_type": "vxlan", "id": "c1ff7a4f-008b-4a7b-86e4-cd790ca8b575", "provider:segmentation_id": 1003}, {"status": "ACTIVE", "subnets": ["e62f27cc-1566-4033-89b3-f10bcf56960c"], "availability_zone_hints": [], "availability_zones": ["nova"], "name": "tempest-network-smoke--24811868", "provider:physical_network": null, "admin_state_up": true, "tenant_id": "358da2727f194c8cbc07764547446a78", "mtu": 0, "router:external": false, "shared": false, "port_security_enabled": true, "provider:network_type": "vxlan", "id": "2f2c420f-189d-447a-8b97-1edaeb6dc80f", "provider:segmentation_id": 1055}]}
2015-12-15 08:06:53,907 25722 INFO     [tempest_lib.common.rest_client] Request (TestNetworkBasicOps:test_connectivity_between_vms_on_different_networks): 200 GET http://10.0.2.15:9696/v2.0/subnets 0.253s
2015-12-15 08:06:53,908 25722 DEBUG    [tempest_lib.common.rest_client] Request - Headers: {'Content-Type': 'application/json', 'Accept': 'application/json', 'X-Auth-Token': '&lt;omitted&gt;'}
        Body: None
    Response - Headers: {'status': '200', 'content-length': '2403', 'content-location': 'http://10.0.2.15:9696/v2.0/subnets', 'connection': 'close', 'date': 'Tue, 15 Dec 2015 08:06:53 GMT', 'content-type': 'application/json; charset=UTF-8', 'x-openstack-request-id': 'req-39e91e93-21c0-47e4-82c5-94588a97bad9'}
        Body: {"subnets": [{"name": "public-subnet", "enable_dhcp": false, "network_id": "6e67d870-4c4f-4686-880e-9371858271c8", "tenant_id": "79a4885786f849d59a6a72757cea7be9", "dns_nameservers": [], "gateway_ip": "172.24.4.1", "ipv6_ra_mode": null, "allocation_pools": [{"start": "172.24.4.2", "end": "172.24.4.254"}], "host_routes": [], "ip_version": 4, "ipv6_address_mode": null, "cidr": "172.24.4.0/24", "id": "a98960c1-1c1d-4b2e-bd68-365eab58444e", "subnetpool_id": null}, {"name": "private-subnet", "enable_dhcp": true, "network_id": "c1ff7a4f-008b-4a7b-86e4-cd790ca8b575", "tenant_id": "a2bb11b8592940e1b59c8240e9921e7a", "dns_nameservers": [], "gateway_ip": "10.0.0.1", "ipv6_ra_mode": null, "allocation_pools": [{"start": "10.0.0.2", "end": "10.0.0.254"}], "host_routes": [], "ip_version": 4, "ipv6_address_mode": null, "cidr": "10.0.0.0/24", "id": "d4b3e0d2-1fec-40b5-a00b-08beb72f2bdc", "subnetpool_id": null}, {"name": "ipv6-private-subnet", "enable_dhcp": true, "network_id": "c1ff7a4f-008b-4a7b-86e4-cd790ca8b575", "tenant_id": "a2bb11b8592940e1b59c8240e9921e7a", "dns_nameservers": [], "gateway_ip": "fdd2:eb63:dc0::1", "ipv6_ra_mode": "slaac", "allocation_pools": [{"start": "fdd2:eb63:dc0::2", "end": "fdd2:eb63:dc0:0:ffff:ffff:ffff:ffff"}], "host_routes": [], "ip_version": 6, "ipv6_address_mode": "slaac", "cidr": "fdd2:eb63:dc0::/64", "id": "8f30daf4-d5f7-4cb8-b945-e9ade83f92d1", "subnetpool_id": null}, {"name": "tempest-subnet-smoke-675089709", "enable_dhcp": true, "network_id": "2f2c420f-189d-447a-8b97-1edaeb6dc80f", "tenant_id": "358da2727f194c8cbc07764547446a78", "dns_nameservers": [], "gateway_ip": "10.100.0.1", "ipv6_ra_mode": null, "allocation_pools": [{"start": "10.100.0.2", "end": "10.100.0.14"}], "host_routes": [], "ip_version": 4, "ipv6_address_mode": null, "cidr": "10.100.0.0/28", "id": "e62f27cc-1566-4033-89b3-f10bcf56960c", "subnetpool_id": null}, {"name": "ipv6-public-subnet", "enable_dhcp": false, "network_id": "6e67d870-4c4f-4686-880e-9371858271c8", "tenant_id": "79a4885786f849d59a6a72757cea7be9", "dns_nameservers": [], "gateway_ip": "2001:db8::2", "ipv6_ra_mode": null, "allocation_pools": [{"start": "2001:db8::3", "end": "2001:db8::ffff:ffff:ffff:ffff"}, {"start": "2001:db8::1", "end": "2001:db8::1"}], "host_routes": [], "ip_version": 6, "ipv6_address_mode": null, "cidr": "2001:db8::/64", "id": "9b1ca583-73c5-42fa-8b5e-9cb3e2c6be4d", "subnetpool_id": null}]}
2015-12-15 08:06:53,971 25722 INFO     [tempest_lib.common.rest_client] Request (TestNetworkBasicOps:test_connectivity_between_vms_on_different_networks): 200 GET http://10.0.2.15:9696/v2.0/routers 0.062s
2015-12-15 08:06:53,971 25722 DEBUG    [tempest_lib.common.rest_client] Request - Headers: {'Content-Type': 'application/json', 'Accept': 'application/json', 'X-Auth-Token': '&lt;omitted&gt;'}
        Body: None
    Response - Headers: {'status': '200', 'content-length': '1166', 'content-location': 'http://10.0.2.15:9696/v2.0/routers', 'connection': 'close', 'date': 'Tue, 15 Dec 2015 08:06:53 GMT', 'content-type': 'application/json; charset=UTF-8', 'x-openstack-request-id': 'req-334f23d9-224d-48db-a7cf-9f621565fe6f'}
        Body: {"routers": [{"status": "ACTIVE", "external_gateway_info": {"network_id": "6e67d870-4c4f-4686-880e-9371858271c8", "enable_snat": true, "external_fixed_ips": [{"subnet_id": "a98960c1-1c1d-4b2e-bd68-365eab58444e", "ip_address": "172.24.4.2"}, {"subnet_id": "9b1ca583-73c5-42fa-8b5e-9cb3e2c6be4d", "ip_address": "2001:db8::3"}]}, "availability_zone_hints": [], "availability_zones": ["nova"], "name": "router1", "admin_state_up": true, "tenant_id": "a2bb11b8592940e1b59c8240e9921e7a", "distributed": false, "routes": [], "ha": false, "id": "16359f2f-5ff3-40a0-9c09-d78b1b9654a0"}, {"status": "ACTIVE", "external_gateway_info": {"network_id": "6e67d870-4c4f-4686-880e-9371858271c8", "enable_snat": true, "external_fixed_ips": [{"subnet_id": "a98960c1-1c1d-4b2e-bd68-365eab58444e", "ip_address": "172.24.4.3"}, {"subnet_id": "9b1ca583-73c5-42fa-8b5e-9cb3e2c6be4d", "ip_address": "2001:db8::4"}]}, "availability_zone_hints": [], "availability_zones": ["nova"], "name": "tempest-router-smoke-121954590", "admin_state_up": true, "tenant_id": "358da2727f194c8cbc07764547446a78", "distributed": false, "routes": [], "ha": false, "id": "3269f864-c252-4f50-a2bd-ebe71e015d4a"}]}
2015-12-15 08:06:54,401 25722 INFO     [tempest_lib.common.rest_client] Request (TestNetworkBasicOps:test_connectivity_between_vms_on_different_networks): 200 POST http://10.0.2.15:8774/v2.1/358da2727f194c8cbc07764547446a78/os-keypairs 0.428s
2015-12-15 08:06:54,402 25722 DEBUG    [tempest_lib.common.rest_client] Request - Headers: {'Content-Type': 'application/json', 'Accept': 'application/json', 'X-Auth-Token': '&lt;omitted&gt;'}
        Body: {"keypair": {"name": "tempest-TestNetworkBasicOps-1161959940"}}
    Response - Headers: {'status': '200', 'content-length': '2325', 'x-compute-request-id': 'req-578af34e-de61-440c-98d6-83c47176864d', 'vary': 'X-OpenStack-Nova-API-Version', 'connection': 'close', 'x-openstack-nova-api-version': '2.1', 'date': 'Tue, 15 Dec 2015 08:06:54 GMT', 'content-type': 'application/json'}
        Body: {"keypair": {"public_key": "ssh-rsa AAAAB3NzaC1yc2EAAAADAQABAAABAQC0GCykJD0bOWO4vfixaHIQQR+4RAe95k72q/ntSSaYo18N9X3/8qkP7yidaHF7alOYSB6N4wyRJUmJjTKQRSOnAA8ANyN48rDNFvETwBDX5xF1ODG6nR9wGujrkNs0cVg9NR5nOH2rw2z/8NrCGqzkYqQFJIBZNino4uy9eEgpaX6n8BtUMWr4959tpqRthwxOCf/49QKhmDy1gBRTOjHh12BOGlwAnWSDr/ii8S/O/QbB0QBLhfzyVeteYFB2FhxW3qAMTaOh3xjBWqjHf/v0I7v+BL/lQP4q9m41p0Iq4ZK4xikBWHSM7z4NnkFgxkU7EJ+gBXlORMbwbfvH6khZ Generated-by-Nova", "private_key": "-----BEGIN RSA PRIVATE KEY-----\nMIIEqgIBAAKCAQEAtBgspCQ9GzljuL34sWhyEEEfuEQHveZO9qv57UkmmKNfDfV9\n//KpD+8onWhxe2pTmEgejeMMkSVJiY0ykEUjpwAPADcjePKwzRbxE8AQ1+cRdTgx\nup0fcBro65DbNHFYPTUeZzh9q8Ns//Dawhqs5GKkBSSAWTYp6OLsvXhIKWl+p/Ab\nVDFq+PefbaakbYcMTgn/+PUCoZg8tYAUUzox4ddgThpcAJ1kg6/4ovEvzv0GwdEA\nS4X88lXrXmBQdhYcVt6gDE2jod8YwVqox3/79CO7/gS/5UD+KvZuNadCKuGSuMYp\nAVh0jO8+DZ5BYMZFOxCfoAV5TkTG8G37x+pIWQIDAQABAoIBADWh4WF8fUonPCBf\nSrmijh1zF3wrnlaaSLfDHWnh2AGq3XrtuflIDbr2ERVXbjw/vOdjyt2cWTi8bvrs\ntrsqK+Tm6pC42vKA69AX3fFwyFNTt+o9sumNMziSevz0JaOngYywzf4VX6+QQlyy\nIKOfiA93pLr3VNW8gJyfP7tpH6xdAmk3zuMCJLgO4VJJUu8YePsIJ1rT67Gj0z8U\nmV/+zDYHgCdrCTozWIqAAE1PRTozYHM7tn3xyLC6tRQ1o0t6ZydowYtcf0vLLUTw\nWZQ/YWo4K4B25bWOzphVhP5ysZJhcMDOV09ahIO8Mspw4Lj+megCMFNH6yeRHdHd\nmVKH4xUCggCBALyfxpWlPH3qLGhz9mX+6XLTrk0DKaNDNQ16mf/mfUlb6O+hHqpx\nTqkpQ0cj54SdTBjV4Tai5R+MVvYuy2EWd9QEMtCKaiLMIi8HS5zTsvtiNfqesSWX\niRcdjScygw/CYdpNwLGpovITX7N+hEwMO3B8h4dm6olRJeXZ0p32fZPrAoIAgQD0\nbGyFcyF5YNuKRxu4RK0M0fn5W6s0EBmJCrWy/E/Tl1Cd4+npcn7fsE5bWrW9lzu1\nmnQCJN3m5r6zguPdexACfeEDRxlJWN+KWm3tNkA5b70fPaMxanoHW22kFtwoyunz\ni5NwycmvW2wRDMpnKMR0TUICrd4VQp9x27u8d4u3ywKCAIEArBeWJhgAjdzmMVKD\nnuEo+pO49hiJl6QMtkSCVqBi9Fg/uMmmYdlI7DtyX2iZpTuiHxKcDK4oH1V6Tde5\nxNWr9Cr0daGjXiYilgew69+V75bWKtc4RlTwRb+3dei2/NzbTEIeKbncqcIVUX1/\nlKagYGutd1Llbu0zh3bpmyc1wYsCggCBAKGALqhyrTCNPiJ836T+w7UP3PLVjibl\naGnziKFOM9SkS6E34evdOlXFIdEc+67dCZfyCSsNfw29c04bc0J5uNdco1vOE7gy\nH+pD3BR73y3UVgsZaAYTy7OmxqhAbpIJmVHR7Mb+nePfLWWKpQZKmpwaHD628WHs\n1nud68sY1lnHAoIAgQCR1ZEgsKYQLFLC+1iMUobZP6KUMByP+tOKIw4pr0L8AA96\nvwoLxTxtkRGLplTOv3HrYBJnLtrj6RX6KrS+RiAKLv0MnzQf0z4FIWHexX+1hnx1\naDm55FTcjcNc7AWNCKNg73LvtCQDD0/izK7OLizodCoRZpvCS9hjAwzkPtFzAA==\n-----END RSA PRIVATE KEY-----\n", "user_id": "f6cd0d1bc10942d88a515f9afb659b4b", "name": "tempest-TestNetworkBasicOps-1161959940", "fingerprint": "01:d0:61:90:46:01:93:31:e2:f4:29:b1:fe:3b:68:f5"}}
2015-12-15 08:06:54,510 25722 INFO     [tempest_lib.common.rest_client] Request (TestNetworkBasicOps:test_connectivity_between_vms_on_different_networks): 200 POST http://10.0.2.15:5000/v2.0/tokens
2015-12-15 08:06:54,511 25722 DEBUG    [tempest_lib.common.rest_client] Request - Headers: {'Content-Type': 'application/json', 'Accept': 'application/json'}
        Body: &lt;omitted&gt;
    Response - Headers: {'status': '200', 'content-length': '2526', 'vary': 'X-Auth-Token', 'server': 'Apache/2.4.7 (Ubuntu)', 'connection': 'close', 'date': 'Tue, 15 Dec 2015 08:06:54 GMT', 'content-type': 'application/json', 'x-openstack-request-id': 'req-9a560281-dcff-44af-a4f9-ecaba4da6c30'}
        Body: {"access": {"token": {"issued_at": "2015-12-15T08:06:54.499568", "expires": "2015-12-15T09:06:54Z", "id": "d00febf2743f4bbb82e9b82d86c845e6", "tenant": {"description": "tempest-TestNetworkBasicOps-60929071-desc", "enabled": true, "id": "358da2727f194c8cbc07764547446a78", "name": "tempest-TestNetworkBasicOps-60929071"}, "audit_ids": ["DdCpw-r7Q0ygRHQXoVi6Lw"]}, "serviceCatalog": [{"endpoints": [{"adminURL": "http://10.0.2.15:8774/v2.1/358da2727f194c8cbc07764547446a78", "region": "RegionOne", "internalURL": "http://10.0.2.15:8774/v2.1/358da2727f194c8cbc07764547446a78", "id": "2e771e9d90614d43bd65c13deda4c38e", "publicURL": "http://10.0.2.15:8774/v2.1/358da2727f194c8cbc07764547446a78"}], "endpoints_links": [], "type": "compute", "name": "nova"}, {"endpoints": [{"adminURL": "http://10.0.2.15:9696/", "region": "RegionOne", "internalURL": "http://10.0.2.15:9696/", "id": "1ff660a5c0eb486c9474db41eb5c3f63", "publicURL": "http://10.0.2.15:9696/"}], "endpoints_links": [], "type": "network", "name": "neutron"}, {"endpoints": [{"adminURL": "http://10.0.2.15:9292", "region": "RegionOne", "internalURL": "http://10.0.2.15:9292", "id": "0ed99546f82e4d5a837c1ed112abd971", "publicURL": "http://10.0.2.15:9292"}], "endpoints_links": [], "type": "image", "name": "glance"}, {"endpoints": [{"adminURL": "http://10.0.2.15:8774/v2/358da2727f194c8cbc07764547446a78", "region": "RegionOne", "internalURL": "http://10.0.2.15:8774/v2/358da2727f194c8cbc07764547446a78", "id": "08efaf6968774b03aa8e34e6add1e960", "publicURL": "http://10.0.2.15:8774/v2/358da2727f194c8cbc07764547446a78"}], "endpoints_links": [], "type": "compute_legacy", "name": "nova_legacy"}, {"endpoints": [{"adminURL": "http://10.0.2.15:8773/", "region": "RegionOne", "internalURL": "http://10.0.2.15:8773/", "id": "5518875f4448421b93694c3aaf12548e", "publicURL": "http://10.0.2.15:8773/"}], "endpoints_links": [], "type": "ec2", "name": "ec2"}, {"endpoints": [{"adminURL": "http://10.0.2.15:35357/v2.0", "region": "RegionOne", "internalURL": "http://10.0.2.15:5000/v2.0", "id": "3cf72ba70e594f39829e49434a0ffc7a", "publicURL": "http://10.0.2.15:5000/v2.0"}], "endpoints_links": [], "type": "identity", "name": "keystone"}], "user": {"username": "tempest-TestNetworkBasicOps-1863294004", "roles_links": [], "id": "f6cd0d1bc10942d88a515f9afb659b4b", "roles": [{"name": "_member_"}, {"name": "Member"}], "name": "tempest-TestNetworkBasicOps-1863294004"}, "metadata": {"is_admin": 0, "roles": ["9fe2ff9ee4384b1894a90878d3e92bab", "c7e0f06fddb84c7fae0c383e27524461"]}}}
2015-12-15 08:06:54,517 25722 DEBUG    [tempest.common.fixed_network] (TestNetworkBasicOps:test_connectivity_between_vms_on_different_networks) No valid network provided or created, defaulting to fixed_network_name
2015-12-15 08:06:54,794 25722 INFO     [tempest_lib.common.rest_client] Request (TestNetworkBasicOps:test_connectivity_between_vms_on_different_networks): 200 GET http://10.0.2.15:8774/v2.1/358da2727f194c8cbc07764547446a78/os-networks 0.276s
2015-12-15 08:06:54,795 25722 DEBUG    [tempest_lib.common.rest_client] Request - Headers: {'Content-Type': 'application/json', 'Accept': 'application/json', 'X-Auth-Token': '&lt;omitted&gt;'}
        Body: None
    Response - Headers: {'status': '200', 'content-length': '477', 'content-location': 'http://10.0.2.15:8774/v2.1/358da2727f194c8cbc07764547446a78/os-networks', 'x-compute-request-id': 'req-06df4958-61cf-46e6-9ba5-9a327300847c', 'vary': 'X-OpenStack-Nova-API-Version', 'connection': 'close', 'x-openstack-nova-api-version': '2.1', 'date': 'Tue, 15 Dec 2015 08:06:54 GMT', 'content-type': 'application/json'}
        Body: {"networks": [{"cidr_v6": null, "dns2": null, "dns1": null, "gateway": null, "broadcast": null, "netmask": null, "gateway_v6": null, "cidr": null, "label": "public", "id": "6e67d870-4c4f-4686-880e-9371858271c8", "netmask_v6": null}, {"cidr_v6": null, "dns2": null, "dns1": null, "gateway": null, "broadcast": null, "netmask": null, "gateway_v6": null, "cidr": null, "label": "tempest-network-smoke--24811868", "id": "2f2c420f-189d-447a-8b97-1edaeb6dc80f", "netmask_v6": null}]}
2015-12-15 08:06:54,795 25722 WARNING  [tempest.common.fixed_network] (TestNetworkBasicOps:test_connectivity_between_vms_on_different_networks) Network with name: private not found
2015-12-15 08:06:54,795 25722 INFO     [tempest.common.fixed_network] (TestNetworkBasicOps:test_connectivity_between_vms_on_different_networks) Found network {} available for tenant
2015-12-15 08:06:56,535 25722 INFO     [tempest_lib.common.rest_client] Request (TestNetworkBasicOps:test_connectivity_between_vms_on_different_networks): 202 POST http://10.0.2.15:8774/v2.1/358da2727f194c8cbc07764547446a78/servers 1.739s
2015-12-15 08:06:56,535 25722 DEBUG    [tempest_lib.common.rest_client] Request - Headers: {'Content-Type': 'application/json', 'Accept': 'application/json', 'X-Auth-Token': '&lt;omitted&gt;'}
        Body: {"server": {"name": "tempest.common.compute-instance-1434884355", "imageRef": "fb8ce27b-00f9-4663-b18c-3c0664fc67b5", "key_name": "tempest-TestNetworkBasicOps-1161959940", "flavorRef": "42", "networks": [{"uuid": "2f2c420f-189d-447a-8b97-1edaeb6dc80f"}], "security_groups": [{"name": "tempest-secgroup-smoke-2063440551"}]}}
    Response - Headers: {'status': '202', 'content-length': '462', 'x-compute-request-id': 'req-c8984fea-c031-4876-9ed9-c7d01a0b81f6', 'vary': 'X-OpenStack-Nova-API-Version', 'connection': 'close', 'location': 'http://10.0.2.15:8774/v2.1/358da2727f194c8cbc07764547446a78/servers/c7981dec-3604-45f5-9ec8-56a20d0b9d16', 'x-openstack-nova-api-version': '2.1', 'date': 'Tue, 15 Dec 2015 08:06:56 GMT', 'content-type': 'application/json'}
        Body: {"server": {"security_groups": [{"name": "tempest-secgroup-smoke-2063440551"}], "OS-DCF:diskConfig": "MANUAL", "id": "c7981dec-3604-45f5-9ec8-56a20d0b9d16", "links": [{"href": "http://10.0.2.15:8774/v2.1/358da2727f194c8cbc07764547446a78/servers/c7981dec-3604-45f5-9ec8-56a20d0b9d16", "rel": "self"}, {"href": "http://10.0.2.15:8774/358da2727f194c8cbc07764547446a78/servers/c7981dec-3604-45f5-9ec8-56a20d0b9d16", "rel": "bookmark"}], "adminPass": "jdrCztBPiq24"}}
2015-12-15 08:06:56,822 25722 INFO     [tempest_lib.common.rest_client] Request (TestNetworkBasicOps:test_connectivity_between_vms_on_different_networks): 200 GET http://10.0.2.15:8774/v2.1/358da2727f194c8cbc07764547446a78/servers/c7981dec-3604-45f5-9ec8-56a20d0b9d16 0.284s
2015-12-15 08:06:56,823 25722 DEBUG    [tempest_lib.common.rest_client] Request - Headers: {'Content-Type': 'application/json', 'Accept': 'application/json', 'X-Auth-Token': '&lt;omitted&gt;'}
        Body: None
    Response - Headers: {'status': '200', 'content-length': '1356', 'content-location': 'http://10.0.2.15:8774/v2.1/358da2727f194c8cbc07764547446a78/servers/c7981dec-3604-45f5-9ec8-56a20d0b9d16', 'x-compute-request-id': 'req-7b067eb3-75c8-4aa0-a802-6cf0e831c83f', 'vary': 'X-OpenStack-Nova-API-Version', 'connection': 'close', 'x-openstack-nova-api-version': '2.1', 'date': 'Tue, 15 Dec 2015 08:06:56 GMT', 'content-type': 'application/json'}
        Body: {"server": {"status": "BUILD", "updated": "2015-12-15T08:06:56Z", "hostId": "", "addresses": {}, "links": [{"href": "http://10.0.2.15:8774/v2.1/358da2727f194c8cbc07764547446a78/servers/c7981dec-3604-45f5-9ec8-56a20d0b9d16", "rel": "self"}, {"href": "http://10.0.2.15:8774/358da2727f194c8cbc07764547446a78/servers/c7981dec-3604-45f5-9ec8-56a20d0b9d16", "rel": "bookmark"}], "key_name": "tempest-TestNetworkBasicOps-1161959940", "image": {"id": "fb8ce27b-00f9-4663-b18c-3c0664fc67b5", "links": [{"href": "http://10.0.2.15:8774/358da2727f194c8cbc07764547446a78/images/fb8ce27b-00f9-4663-b18c-3c0664fc67b5", "rel": "bookmark"}]}, "OS-EXT-STS:task_state": "scheduling", "OS-EXT-STS:vm_state": "building", "OS-SRV-USG:launched_at": null, "flavor": {"id": "42", "links": [{"href": "http://10.0.2.15:8774/358da2727f194c8cbc07764547446a78/flavors/42", "rel": "bookmark"}]}, "id": "c7981dec-3604-45f5-9ec8-56a20d0b9d16", "OS-SRV-USG:terminated_at": null, "OS-EXT-AZ:availability_zone": "", "user_id": "f6cd0d1bc10942d88a515f9afb659b4b", "name": "tempest.common.compute-instance-1434884355", "created": "2015-12-15T08:06:56Z", "tenant_id": "358da2727f194c8cbc07764547446a78", "OS-DCF:diskConfig": "MANUAL", "os-extended-volumes:volumes_attached": [], "accessIPv4": "", "accessIPv6": "", "progress": 0, "OS-EXT-STS:power_state": 0, "config_drive": "", "metadata": {}}}
2015-12-15 08:06:58,103 25722 INFO     [tempest_lib.common.rest_client] Request (TestNetworkBasicOps:test_connectivity_between_vms_on_different_networks): 200 GET http://10.0.2.15:8774/v2.1/358da2727f194c8cbc07764547446a78/servers/c7981dec-3604-45f5-9ec8-56a20d0b9d16 0.267s
2015-12-15 08:06:58,104 25722 DEBUG    [tempest_lib.common.rest_client] Request - Headers: {'Content-Type': 'application/json', 'Accept': 'application/json', 'X-Auth-Token': '&lt;omitted&gt;'}
        Body: None
    Response - Headers: {'status': '200', 'content-length': '1482', 'content-location': 'http://10.0.2.15:8774/v2.1/358da2727f194c8cbc07764547446a78/servers/c7981dec-3604-45f5-9ec8-56a20d0b9d16', 'x-compute-request-id': 'req-6efc9e78-d9a9-4ac9-8a06-1fa1d12e0bd5', 'vary': 'X-OpenStack-Nova-API-Version', 'connection': 'close', 'x-openstack-nova-api-version': '2.1', 'date': 'Tue, 15 Dec 2015 08:06:58 GMT', 'content-type': 'application/json'}
        Body: {"server": {"status": "BUILD", "updated": "2015-12-15T08:06:57Z", "hostId": "afae55da9ee5db3c6334f46582322149f8c9ba2f972ea373636c66a7", "addresses": {}, "links": [{"href": "http://10.0.2.15:8774/v2.1/358da2727f194c8cbc07764547446a78/servers/c7981dec-3604-45f5-9ec8-56a20d0b9d16", "rel": "self"}, {"href": "http://10.0.2.15:8774/358da2727f194c8cbc07764547446a78/servers/c7981dec-3604-45f5-9ec8-56a20d0b9d16", "rel": "bookmark"}], "key_name": "tempest-TestNetworkBasicOps-1161959940", "image": {"id": "fb8ce27b-00f9-4663-b18c-3c0664fc67b5", "links": [{"href": "http://10.0.2.15:8774/358da2727f194c8cbc07764547446a78/images/fb8ce27b-00f9-4663-b18c-3c0664fc67b5", "rel": "bookmark"}]}, "OS-EXT-STS:task_state": "spawning", "OS-EXT-STS:vm_state": "building", "OS-SRV-USG:launched_at": null, "flavor": {"id": "42", "links": [{"href": "http://10.0.2.15:8774/358da2727f194c8cbc07764547446a78/flavors/42", "rel": "bookmark"}]}, "id": "c7981dec-3604-45f5-9ec8-56a20d0b9d16", "security_groups": [{"name": "tempest-secgroup-smoke-2063440551"}], "OS-SRV-USG:terminated_at": null, "OS-EXT-AZ:availability_zone": "nova", "user_id": "f6cd0d1bc10942d88a515f9afb659b4b", "name": "tempest.common.compute-instance-1434884355", "created": "2015-12-15T08:06:56Z", "tenant_id": "358da2727f194c8cbc07764547446a78", "OS-DCF:diskConfig": "MANUAL", "os-extended-volumes:volumes_attached": [], "accessIPv4": "", "accessIPv6": "", "progress": 0, "OS-EXT-STS:power_state": 0, "config_drive": "", "metadata": {}}}
2015-12-15 08:06:58,112 25722 INFO     [tempest.common.waiters] State transition "BUILD/scheduling" ==&gt; "BUILD/spawning" after 2 second wait
2015-12-15 08:06:59,333 25722 INFO     [tempest_lib.common.rest_client] Request (TestNetworkBasicOps:test_connectivity_between_vms_on_different_networks): 200 GET http://10.0.2.15:8774/v2.1/358da2727f194c8cbc07764547446a78/servers/c7981dec-3604-45f5-9ec8-56a20d0b9d16 0.219s
2015-12-15 08:06:59,333 25722 DEBUG    [tempest_lib.common.rest_client] Request - Headers: {'Content-Type': 'application/json', 'Accept': 'application/json', 'X-Auth-Token': '&lt;omitted&gt;'}
        Body: None
    Response - Headers: {'status': '200', 'content-length': '1482', 'content-location': 'http://10.0.2.15:8774/v2.1/358da2727f194c8cbc07764547446a78/servers/c7981dec-3604-45f5-9ec8-56a20d0b9d16', 'x-compute-request-id': 'req-84ea0155-19ea-4eb0-bcc5-0bf2b86b1bac', 'vary': 'X-OpenStack-Nova-API-Version', 'connection': 'close', 'x-openstack-nova-api-version': '2.1', 'date': 'Tue, 15 Dec 2015 08:06:59 GMT', 'content-type': 'application/json'}
        Body: {"server": {"status": "BUILD", "updated": "2015-12-15T08:06:57Z", "hostId": "afae55da9ee5db3c6334f46582322149f8c9ba2f972ea373636c66a7", "addresses": {}, "links": [{"href": "http://10.0.2.15:8774/v2.1/358da2727f194c8cbc07764547446a78/servers/c7981dec-3604-45f5-9ec8-56a20d0b9d16", "rel": "self"}, {"href": "http://10.0.2.15:8774/358da2727f194c8cbc07764547446a78/servers/c7981dec-3604-45f5-9ec8-56a20d0b9d16", "rel": "bookmark"}], "key_name": "tempest-TestNetworkBasicOps-1161959940", "image": {"id": "fb8ce27b-00f9-4663-b18c-3c0664fc67b5", "links": [{"href": "http://10.0.2.15:8774/358da2727f194c8cbc07764547446a78/images/fb8ce27b-00f9-4663-b18c-3c0664fc67b5", "rel": "bookmark"}]}, "OS-EXT-STS:task_state": "spawning", "OS-EXT-STS:vm_state": "building", "OS-SRV-USG:launched_at": null, "flavor": {"id": "42", "links": [{"href": "http://10.0.2.15:8774/358da2727f194c8cbc07764547446a78/flavors/42", "rel": "bookmark"}]}, "id": "c7981dec-3604-45f5-9ec8-56a20d0b9d16", "security_groups": [{"name": "tempest-secgroup-smoke-2063440551"}], "OS-SRV-USG:terminated_at": null, "OS-EXT-AZ:availability_zone": "nova", "user_id": "f6cd0d1bc10942d88a515f9afb659b4b", "name": "tempest.common.compute-instance-1434884355", "created": "2015-12-15T08:06:56Z", "tenant_id": "358da2727f194c8cbc07764547446a78", "OS-DCF:diskConfig": "MANUAL", "os-extended-volumes:volumes_attached": [], "accessIPv4": "", "accessIPv6": "", "progress": 0, "OS-EXT-STS:power_state": 0, "config_drive": "", "metadata": {}}}
2015-12-15 08:07:00,779 25722 INFO     [tempest_lib.common.rest_client] Request (TestNetworkBasicOps:test_connectivity_between_vms_on_different_networks): 200 GET http://10.0.2.15:8774/v2.1/358da2727f194c8cbc07764547446a78/servers/c7981dec-3604-45f5-9ec8-56a20d0b9d16 0.436s
2015-12-15 08:07:00,779 25722 DEBUG    [tempest_lib.common.rest_client] Request - Headers: {'Content-Type': 'application/json', 'Accept': 'application/json', 'X-Auth-Token': '&lt;omitted&gt;'}
        Body: None
    Response - Headers: {'status': '200', 'content-length': '1652', 'content-location': 'http://10.0.2.15:8774/v2.1/358da2727f194c8cbc07764547446a78/servers/c7981dec-3604-45f5-9ec8-56a20d0b9d16', 'x-compute-request-id': 'req-412e5047-bba6-4870-b14b-4137aadc4b79', 'vary': 'X-OpenStack-Nova-API-Version', 'connection': 'close', 'x-openstack-nova-api-version': '2.1', 'date': 'Tue, 15 Dec 2015 08:07:00 GMT', 'content-type': 'application/json'}
        Body: {"server": {"status": "ACTIVE", "updated": "2015-12-15T08:07:00Z", "hostId": "afae55da9ee5db3c6334f46582322149f8c9ba2f972ea373636c66a7", "addresses": {"tempest-network-smoke--24811868": [{"OS-EXT-IPS-MAC:mac_addr": "fa:16:3e:57:c4:78", "version": 4, "addr": "10.100.0.3", "OS-EXT-IPS:type": "fixed"}]}, "links": [{"href": "http://10.0.2.15:8774/v2.1/358da2727f194c8cbc07764547446a78/servers/c7981dec-3604-45f5-9ec8-56a20d0b9d16", "rel": "self"}, {"href": "http://10.0.2.15:8774/358da2727f194c8cbc07764547446a78/servers/c7981dec-3604-45f5-9ec8-56a20d0b9d16", "rel": "bookmark"}], "key_name": "tempest-TestNetworkBasicOps-1161959940", "image": {"id": "fb8ce27b-00f9-4663-b18c-3c0664fc67b5", "links": [{"href": "http://10.0.2.15:8774/358da2727f194c8cbc07764547446a78/images/fb8ce27b-00f9-4663-b18c-3c0664fc67b5", "rel": "bookmark"}]}, "OS-EXT-STS:task_state": null, "OS-EXT-STS:vm_state": "active", "OS-SRV-USG:launched_at": "2015-12-15T08:07:00.000000", "flavor": {"id": "42", "links": [{"href": "http://10.0.2.15:8774/358da2727f194c8cbc07764547446a78/flavors/42", "rel": "bookmark"}]}, "id": "c7981dec-3604-45f5-9ec8-56a20d0b9d16", "security_groups": [{"name": "tempest-secgroup-smoke-2063440551"}], "OS-SRV-USG:terminated_at": null, "OS-EXT-AZ:availability_zone": "nova", "user_id": "f6cd0d1bc10942d88a515f9afb659b4b", "name": "tempest.common.compute-instance-1434884355", "created": "2015-12-15T08:06:56Z", "tenant_id": "358da2727f194c8cbc07764547446a78", "OS-DCF:diskConfig": "MANUAL", "os-extended-volumes:volumes_attached": [], "accessIPv4": "", "accessIPv6": "", "progress": 0, "OS-EXT-STS:power_state": 1, "config_drive": "True", "metadata": {}}}
2015-12-15 08:07:00,788 25722 INFO     [tempest.common.waiters] State transition "BUILD/spawning" ==&gt; "ACTIVE/None" after 4 second wait
2015-12-15 08:07:01,075 25722 INFO     [tempest_lib.common.rest_client] Request (TestNetworkBasicOps:test_connectivity_between_vms_on_different_networks): 200 GET http://10.0.2.15:8774/v2.1/358da2727f194c8cbc07764547446a78/servers/c7981dec-3604-45f5-9ec8-56a20d0b9d16 0.287s
2015-12-15 08:07:01,076 25722 DEBUG    [tempest_lib.common.rest_client] Request - Headers: {'Content-Type': 'application/json', 'Accept': 'application/json', 'X-Auth-Token': '&lt;omitted&gt;'}
        Body: None
    Response - Headers: {'status': '200', 'content-length': '1652', 'content-location': 'http://10.0.2.15:8774/v2.1/358da2727f194c8cbc07764547446a78/servers/c7981dec-3604-45f5-9ec8-56a20d0b9d16', 'x-compute-request-id': 'req-fd5aec89-f60a-4733-b25e-71eb976f6763', 'vary': 'X-OpenStack-Nova-API-Version', 'connection': 'close', 'x-openstack-nova-api-version': '2.1', 'date': 'Tue, 15 Dec 2015 08:07:01 GMT', 'content-type': 'application/json'}
        Body: {"server": {"status": "ACTIVE", "updated": "2015-12-15T08:07:00Z", "hostId": "afae55da9ee5db3c6334f46582322149f8c9ba2f972ea373636c66a7", "addresses": {"tempest-network-smoke--24811868": [{"OS-EXT-IPS-MAC:mac_addr": "fa:16:3e:57:c4:78", "version": 4, "addr": "10.100.0.3", "OS-EXT-IPS:type": "fixed"}]}, "links": [{"href": "http://10.0.2.15:8774/v2.1/358da2727f194c8cbc07764547446a78/servers/c7981dec-3604-45f5-9ec8-56a20d0b9d16", "rel": "self"}, {"href": "http://10.0.2.15:8774/358da2727f194c8cbc07764547446a78/servers/c7981dec-3604-45f5-9ec8-56a20d0b9d16", "rel": "bookmark"}], "key_name": "tempest-TestNetworkBasicOps-1161959940", "image": {"id": "fb8ce27b-00f9-4663-b18c-3c0664fc67b5", "links": [{"href": "http://10.0.2.15:8774/358da2727f194c8cbc07764547446a78/images/fb8ce27b-00f9-4663-b18c-3c0664fc67b5", "rel": "bookmark"}]}, "OS-EXT-STS:task_state": null, "OS-EXT-STS:vm_state": "active", "OS-SRV-USG:launched_at": "2015-12-15T08:07:00.000000", "flavor": {"id": "42", "links": [{"href": "http://10.0.2.15:8774/358da2727f194c8cbc07764547446a78/flavors/42", "rel": "bookmark"}]}, "id": "c7981dec-3604-45f5-9ec8-56a20d0b9d16", "security_groups": [{"name": "tempest-secgroup-smoke-2063440551"}], "OS-SRV-USG:terminated_at": null, "OS-EXT-AZ:availability_zone": "nova", "user_id": "f6cd0d1bc10942d88a515f9afb659b4b", "name": "tempest.common.compute-instance-1434884355", "created": "2015-12-15T08:06:56Z", "tenant_id": "358da2727f194c8cbc07764547446a78", "OS-DCF:diskConfig": "MANUAL", "os-extended-volumes:volumes_attached": [], "accessIPv4": "", "accessIPv6": "", "progress": 0, "OS-EXT-STS:power_state": 1, "config_drive": "True", "metadata": {}}}
2015-12-15 08:07:01,085 25722 INFO     [tempest.scenario.manager] Tenant networks not configured to be reachable.
2015-12-15 08:07:01,119 25722 INFO     [tempest_lib.common.rest_client] Request (TestNetworkBasicOps:test_connectivity_between_vms_on_different_networks): 200 GET http://10.0.2.15:9696/v2.0/ports?status=ACTIVE&amp;fixed_ip=None&amp;device_id=c7981dec-3604-45f5-9ec8-56a20d0b9d16 0.034s
2015-12-15 08:07:01,120 25722 DEBUG    [tempest_lib.common.rest_client] Request - Headers: {'Content-Type': 'application/json', 'Accept': 'application/json', 'X-Auth-Token': '&lt;omitted&gt;'}
        Body: None
    Response - Headers: {'status': '200', 'content-length': '895', 'content-location': 'http://10.0.2.15:9696/v2.0/ports?status=ACTIVE&amp;fixed_ip=None&amp;device_id=c7981dec-3604-45f5-9ec8-56a20d0b9d16', 'connection': 'close', 'date': 'Tue, 15 Dec 2015 08:07:01 GMT', 'content-type': 'application/json; charset=UTF-8', 'x-openstack-request-id': 'req-18b06d33-0f29-4b45-9ffa-012963e5ec75'}
        Body: {"ports": [{"status": "ACTIVE", "binding:host_id": "vagrant-ubuntu-trusty-64", "allowed_address_pairs": [], "extra_dhcp_opts": [], "dns_assignment": [{"hostname": "host-10-100-0-3", "ip_address": "10.100.0.3", "fqdn": "host-10-100-0-3.openstacklocal."}], "device_owner": "compute:None", "port_security_enabled": true, "binding:profile": {}, "fixed_ips": [{"subnet_id": "e62f27cc-1566-4033-89b3-f10bcf56960c", "ip_address": "10.100.0.3"}], "id": "8e53edb4-8d0a-4ca6-8337-f0f5edcc317e", "security_groups": ["394621a4-82af-468f-81b0-3b0d11ae1088"], "device_id": "c7981dec-3604-45f5-9ec8-56a20d0b9d16", "name": "", "admin_state_up": true, "network_id": "2f2c420f-189d-447a-8b97-1edaeb6dc80f", "dns_name": "", "binding:vif_details": {"port_filter": true}, "binding:vnic_type": "normal", "binding:vif_type": "ovs", "tenant_id": "358da2727f194c8cbc07764547446a78", "mac_address": "fa:16:3e:57:c4:78"}]}
2015-12-15 08:07:01,630 25722 INFO     [tempest_lib.common.rest_client] Request (TestNetworkBasicOps:test_connectivity_between_vms_on_different_networks): 201 POST http://10.0.2.15:9696/v2.0/floatingips 0.510s
2015-12-15 08:07:01,631 25722 DEBUG    [tempest_lib.common.rest_client] Request - Headers: {'Content-Type': 'application/json', 'Accept': 'application/json', 'X-Auth-Token': '&lt;omitted&gt;'}
        Body: {"floatingip": {"floating_network_id": "6e67d870-4c4f-4686-880e-9371858271c8", "tenant_id": "358da2727f194c8cbc07764547446a78", "fixed_ip_address": "10.100.0.3", "port_id": "8e53edb4-8d0a-4ca6-8337-f0f5edcc317e"}}
    Response - Headers: {'status': '201', 'content-length': '367', 'connection': 'close', 'date': 'Tue, 15 Dec 2015 08:07:01 GMT', 'content-type': 'application/json; charset=UTF-8', 'x-openstack-request-id': 'req-12f0bb97-c5ee-4a20-9fba-46e05efd1c0e'}
        Body: {"floatingip": {"floating_network_id": "6e67d870-4c4f-4686-880e-9371858271c8", "router_id": "3269f864-c252-4f50-a2bd-ebe71e015d4a", "fixed_ip_address": "10.100.0.3", "floating_ip_address": "172.24.4.4", "tenant_id": "358da2727f194c8cbc07764547446a78", "status": "DOWN", "port_id": "8e53edb4-8d0a-4ca6-8337-f0f5edcc317e", "id": "ce8804fb-4e7d-4684-b536-6bde59e6bfd4"}}
2015-12-15 08:07:01,644 25722 INFO     [tempest_lib.common.rest_client] Request (TestNetworkBasicOps:test_connectivity_between_vms_on_different_networks): 200 GET http://10.0.2.15:9696/v2.0/floatingips/ce8804fb-4e7d-4684-b536-6bde59e6bfd4 0.012s
2015-12-15 08:07:01,644 25722 DEBUG    [tempest_lib.common.rest_client] Request - Headers: {'Content-Type': 'application/json', 'Accept': 'application/json', 'X-Auth-Token': '&lt;omitted&gt;'}
        Body: None
    Response - Headers: {'status': '200', 'content-length': '367', 'content-location': 'http://10.0.2.15:9696/v2.0/floatingips/ce8804fb-4e7d-4684-b536-6bde59e6bfd4', 'connection': 'close', 'date': 'Tue, 15 Dec 2015 08:07:01 GMT', 'content-type': 'application/json; charset=UTF-8', 'x-openstack-request-id': 'req-fb9d59a3-beae-4b66-9ed4-c40ea8d32789'}
        Body: {"floatingip": {"floating_network_id": "6e67d870-4c4f-4686-880e-9371858271c8", "router_id": "3269f864-c252-4f50-a2bd-ebe71e015d4a", "fixed_ip_address": "10.100.0.3", "floating_ip_address": "172.24.4.4", "tenant_id": "358da2727f194c8cbc07764547446a78", "status": "DOWN", "port_id": "8e53edb4-8d0a-4ca6-8337-f0f5edcc317e", "id": "ce8804fb-4e7d-4684-b536-6bde59e6bfd4"}}
2015-12-15 08:07:02,662 25722 INFO     [tempest_lib.common.rest_client] Request (TestNetworkBasicOps:test_connectivity_between_vms_on_different_networks): 200 GET http://10.0.2.15:9696/v2.0/floatingips/ce8804fb-4e7d-4684-b536-6bde59e6bfd4 0.015s
2015-12-15 08:07:02,662 25722 DEBUG    [tempest_lib.common.rest_client] Request - Headers: {'Content-Type': 'application/json', 'Accept': 'application/json', 'X-Auth-Token': '&lt;omitted&gt;'}
        Body: None
    Response - Headers: {'status': '200', 'content-length': '369', 'content-location': 'http://10.0.2.15:9696/v2.0/floatingips/ce8804fb-4e7d-4684-b536-6bde59e6bfd4', 'connection': 'close', 'date': 'Tue, 15 Dec 2015 08:07:02 GMT', 'content-type': 'application/json; charset=UTF-8', 'x-openstack-request-id': 'req-9afa547b-0799-4398-92b8-1a46aabfa17d'}
        Body: {"floatingip": {"floating_network_id": "6e67d870-4c4f-4686-880e-9371858271c8", "router_id": "3269f864-c252-4f50-a2bd-ebe71e015d4a", "fixed_ip_address": "10.100.0.3", "floating_ip_address": "172.24.4.4", "tenant_id": "358da2727f194c8cbc07764547446a78", "status": "ACTIVE", "port_id": "8e53edb4-8d0a-4ca6-8337-f0f5edcc317e", "id": "ce8804fb-4e7d-4684-b536-6bde59e6bfd4"}}
2015-12-15 08:07:02,663 25722 INFO     [tempest.scenario.manager] FloatingIP: &lt;"FloatingIP" addr="172.24.4.4" id="ce8804fb-4e7d-4684-b536-6bde59e6bfd4"&gt; is at status: ACTIVE
2015-12-15 08:07:02,663 25722 DEBUG    [tempest.scenario.manager] checking network connections to IP 172.24.4.4 with user: cirros
2015-12-15 08:07:02,663 25722 DEBUG    [tempest.scenario.manager] TestNetworkBasicOps:test_connectivity_between_vms_on_different_networks begins to ping 172.24.4.4 in 120 sec and the expected result is reachable
2015-12-15 08:09:02,988 25722 DEBUG    [tempest.scenario.manager] TestNetworkBasicOps:test_connectivity_between_vms_on_different_networks finishes ping 172.24.4.4 in 120 sec and the ping result is unexpected
2015-12-15 08:09:02,990 25722 ERROR    [tempest.scenario.manager] Public network connectivity check failed
2015-12-15 08:09:02.990 25722 ERROR tempest.scenario.manager Traceback (most recent call last):
2015-12-15 08:09:02.990 25722 ERROR tempest.scenario.manager   File "tempest/scenario/manager.py", line 606, in check_public_network_connectivity
2015-12-15 08:09:02.990 25722 ERROR tempest.scenario.manager     should_connect=should_connect)
2015-12-15 08:09:02.990 25722 ERROR tempest.scenario.manager   File "tempest/scenario/manager.py", line 590, in check_vm_connectivity
2015-12-15 08:09:02.990 25722 ERROR tempest.scenario.manager     msg=msg)
2015-12-15 08:09:02.990 25722 ERROR tempest.scenario.manager   File "/usr/local/lib/python2.7/dist-packages/unittest2/case.py", line 702, in assertTrue
2015-12-15 08:09:02.990 25722 ERROR tempest.scenario.manager     raise self.failureException(msg)
2015-12-15 08:09:02.990 25722 ERROR tempest.scenario.manager AssertionError: False is not true : Timed out waiting for 172.24.4.4 to become reachable
2015-12-15 08:09:02.990 25722 ERROR tempest.scenario.manager 
2015-12-15 08:09:03,216 25722 INFO     [tempest_lib.common.rest_client] Request (TestNetworkBasicOps:test_connectivity_between_vms_on_different_networks): 200 POST http://10.0.2.15:8774/v2.1/358da2727f194c8cbc07764547446a78/servers/c7981dec-3604-45f5-9ec8-56a20d0b9d16/action 0.223s
2015-12-15 08:09:03,217 25722 DEBUG    [tempest_lib.common.rest_client] Request - Headers: {'Content-Type': 'application/json', 'Accept': 'application/json', 'X-Auth-Token': '&lt;omitted&gt;'}
        Body: {"os-getConsoleOutput": {}}
    Response - Headers: {'status': '200', 'content-length': '17428', 'x-compute-request-id': 'req-cc39a928-713a-4722-b490-0a1e94d1ea10', 'vary': 'X-OpenStack-Nova-API-Version', 'connection': 'close', 'x-openstack-nova-api-version': '2.1', 'date': 'Tue, 15 Dec 2015 08:09:03 GMT', 'content-type': 'application/json'}
        Body: {"output": "[    0.000000] Initializing cgroup subsys cpuset\n[    0.000000] Initializing cgroup subsys cpu\n[    0.000000] Linux version 3.2.0-80-virtual (buildd@batsu) (gcc version 4.6.3 (Ubuntu/Linaro 4.6.3-1ubuntu5) ) #116-Ubuntu SMP Mon Mar 23 17:28:52 UTC 2015 (Ubuntu 3.2.0-80.116-virtual 3.2.68)\n[    0.000000] Command line: root=/dev/vda console=tty0 console=ttyS0 no_timer_check\n[    0.000000] KERNEL supported cpus:\n[    0.000000]   Intel GenuineIntel\n[    0.000000]   AMD AuthenticAMD\n[    0.000000]   Centaur CentaurHauls\n[    0.000000] BIOS-provided physical RAM map:\n[    0.000000]  BIOS-e820: 0000000000000000 - 000000000009fc00 (usable)\n[    0.000000]  BIOS-e820: 000000000009fc00 - 00000000000a0000 (reserved)\n[    0.000000]  BIOS-e820: 00000000000f0000 - 0000000000100000 (reserved)\n[    0.000000]  BIOS-e820: 0000000000100000 - 0000000003ffe000 (usable)\n[    0.000000]  BIOS-e820: 0000000003ffe000 - 0000000004000000 (reserved)\n[    0.000000]  BIOS-e820: 00000000fffc0000 - 0000000100000000 (reserved)\n[    0.000000] NX (Execute Disable) protection: active\n[    0.000000] SMBIOS 2.4 present.\n[    0.000000] No AGP bridge found\n[    0.000000] last_pfn = 0x3ffe max_arch_pfn = 0x400000000\n[    0.000000] x86 PAT enabled: cpu 0, old 0x7040600070406, new 0x7010600070106\n[    0.000000] found SMP MP-table at [ffff8800000f0b00] f0b00\n[    0.000000] init_memory_mapping: 0000000000000000-0000000003ffe000\n[    0.000000] RAMDISK: 03c5e000 - 03ff0000\n[    0.000000] ACPI: RSDP 00000000000f0950 00014 (v00 BOCHS )\n[    0.000000] ACPI: RSDT 0000000003fffbc1 00034 (v01 BOCHS  BXPCRSDT 00000001 BXPC 00000001)\n[    0.000000] ACPI: FACP 0000000003fff1c0 00074 (v01 BOCHS  BXPCFACP 00000001 BXPC 00000001)\n[    0.000000] ACPI: DSDT 0000000003ffe040 01180 (v01 BOCHS  BXPCDSDT 00000001 BXPC 00000001)\n[    0.000000] ACPI: FACS 0000000003ffe000 00040\n[    0.000000] ACPI: SSDT 0000000003fff234 008DD (v01 BOCHS  BXPCSSDT 00000001 BXPC 00000001)\n[    0.000000] ACPI: APIC 0000000003fffb11 00078 (v01 BOCHS  BXPCAPIC 00000001 BXPC 00000001)\n[    0.000000] ACPI: HPET 0000000003fffb89 00038 (v01 BOCHS  BXPCHPET 00000001 BXPC 00000001)\n[    0.000000] No NUMA configuration found\n[    0.000000] Faking a node at 0000000000000000-0000000003ffe000\n[    0.000000] Initmem setup node 0 0000000000000000-0000000003ffe000\n[    0.000000]   NODE_DATA [0000000003ff6000 - 0000000003ffafff]\n[    0.000000] Zone PFN ranges:\n[    0.000000]   DMA      0x00000010 -&gt; 0x00001000\n[    0.000000]   DMA32    0x00001000 -&gt; 0x00100000\n[    0.000000]   Normal   empty\n[    0.000000] Movable zone start PFN for each node\n[    0.000000] early_node_map[2] active PFN ranges\n[    0.000000]     0: 0x00000010 -&gt; 0x0000009f\n[    0.000000]     0: 0x00000100 -&gt; 0x00003ffe\n[    0.000000] ACPI: PM-Timer IO Port: 0xb008\n[    0.000000] ACPI: LAPIC (acpi_id[0x00] lapic_id[0x00] enabled)\n[    0.000000] ACPI: LAPIC_NMI (acpi_id[0xff] dfl dfl lint[0x1])\n[    0.000000] ACPI: IOAPIC (id[0x00] address[0xfec00000] gsi_base[0])\n[    0.000000] IOAPIC[0]: apic_id 0, version 17, address 0xfec00000, GSI 0-23\n[    0.000000] ACPI: INT_SRC_OVR (bus 0 bus_irq 0 global_irq 2 dfl dfl)\n[    0.000000] ACPI: INT_SRC_OVR (bus 0 bus_irq 5 global_irq 5 high level)\n[    0.000000] ACPI: INT_SRC_OVR (bus 0 bus_irq 9 global_irq 9 high level)\n[    0.000000] ACPI: INT_SRC_OVR (bus 0 bus_irq 10 global_irq 10 high level)\n[    0.000000] ACPI: INT_SRC_OVR (bus 0 bus_irq 11 global_irq 11 high level)\n[    0.000000] Using ACPI (MADT) for SMP configuration information\n[    0.000000] ACPI: HPET id: 0x8086a201 base: 0xfed00000\n[    0.000000] SMP: Allowing 1 CPUs, 0 hotplug CPUs\n[    0.000000] PM: Registered nosave memory: 000000000009f000 - 00000000000a0000\n[    0.000000] PM: Registered nosave memory: 00000000000a0000 - 00000000000f0000\n[    0.000000] PM: Registered nosave memory: 00000000000f0000 - 0000000000100000\n[    0.000000] Allocating PCI resources starting at 4000000 (gap: 4000000:fbfc0000)\n[    0.000000] Booting paravirtualized kernel on bare hardware\n[    0.000000] setup_pe
2015-12-15 08:09:03,221 25722 DEBUG    [tempest.scenario.manager] Console output for c7981dec-3604-45f5-9ec8-56a20d0b9d16
body=
[    0.000000] Initializing cgroup subsys cpuset
[    0.000000] Initializing cgroup subsys cpu
[    0.000000] Linux version 3.2.0-80-virtual (buildd@batsu) (gcc version 4.6.3 (Ubuntu/Linaro 4.6.3-1ubuntu5) ) #116-Ubuntu SMP Mon Mar 23 17:28:52 UTC 2015 (Ubuntu 3.2.0-80.116-virtual 3.2.68)
[    0.000000] Command line: root=/dev/vda console=tty0 console=ttyS0 no_timer_check
[    0.000000] KERNEL supported cpus:
[    0.000000]   Intel GenuineIntel
[    0.000000]   AMD AuthenticAMD
[    0.000000]   Centaur CentaurHauls
[    0.000000] BIOS-provided physical RAM map:
[    0.000000]  BIOS-e820: 0000000000000000 - 000000000009fc00 (usable)
[    0.000000]  BIOS-e820: 000000000009fc00 - 00000000000a0000 (reserved)
[    0.000000]  BIOS-e820: 00000000000f0000 - 0000000000100000 (reserved)
[    0.000000]  BIOS-e820: 0000000000100000 - 0000000003ffe000 (usable)
[    0.000000]  BIOS-e820: 0000000003ffe000 - 0000000004000000 (reserved)
[    0.000000]  BIOS-e820: 00000000fffc0000 - 0000000100000000 (reserved)
[    0.000000] NX (Execute Disable) protection: active
[    0.000000] SMBIOS 2.4 present.
[    0.000000] No AGP bridge found
[    0.000000] last_pfn = 0x3ffe max_arch_pfn = 0x400000000
[    0.000000] x86 PAT enabled: cpu 0, old 0x7040600070406, new 0x7010600070106
[    0.000000] found SMP MP-table at [ffff8800000f0b00] f0b00
[    0.000000] init_memory_mapping: 0000000000000000-0000000003ffe000
[    0.000000] RAMDISK: 03c5e000 - 03ff0000
[    0.000000] ACPI: RSDP 00000000000f0950 00014 (v00 BOCHS )
[    0.000000] ACPI: RSDT 0000000003fffbc1 00034 (v01 BOCHS  BXPCRSDT 00000001 BXPC 00000001)
[    0.000000] ACPI: FACP 0000000003fff1c0 00074 (v01 BOCHS  BXPCFACP 00000001 BXPC 00000001)
[    0.000000] ACPI: DSDT 0000000003ffe040 01180 (v01 BOCHS  BXPCDSDT 00000001 BXPC 00000001)
[    0.000000] ACPI: FACS 0000000003ffe000 00040
[    0.000000] ACPI: SSDT 0000000003fff234 008DD (v01 BOCHS  BXPCSSDT 00000001 BXPC 00000001)
[    0.000000] ACPI: APIC 0000000003fffb11 00078 (v01 BOCHS  BXPCAPIC 00000001 BXPC 00000001)
[    0.000000] ACPI: HPET 0000000003fffb89 00038 (v01 BOCHS  BXPCHPET 00000001 BXPC 00000001)
[    0.000000] No NUMA configuration found
[    0.000000] Faking a node at 0000000000000000-0000000003ffe000
[    0.000000] Initmem setup node 0 0000000000000000-0000000003ffe000
[    0.000000]   NODE_DATA [0000000003ff6000 - 0000000003ffafff]
[    0.000000] Zone PFN ranges:
[    0.000000]   DMA      0x00000010 -&gt; 0x00001000
[    0.000000]   DMA32    0x00001000 -&gt; 0x00100000
[    0.000000]   Normal   empty
[    0.000000] Movable zone start PFN for each node
[    0.000000] early_node_map[2] active PFN ranges
[    0.000000]     0: 0x00000010 -&gt; 0x0000009f
[    0.000000]     0: 0x00000100 -&gt; 0x00003ffe
[    0.000000] ACPI: PM-Timer IO Port: 0xb008
[    0.000000] ACPI: LAPIC (acpi_id[0x00] lapic_id[0x00] enabled)
[    0.000000] ACPI: LAPIC_NMI (acpi_id[0xff] dfl dfl lint[0x1])
[    0.000000] ACPI: IOAPIC (id[0x00] address[0xfec00000] gsi_base[0])
[    0.000000] IOAPIC[0]: apic_id 0, version 17, address 0xfec00000, GSI 0-23
[    0.000000] ACPI: INT_SRC_OVR (bus 0 bus_irq 0 global_irq 2 dfl dfl)
[    0.000000] ACPI: INT_SRC_OVR (bus 0 bus_irq 5 global_irq 5 high level)
[    0.000000] ACPI: INT_SRC_OVR (bus 0 bus_irq 9 global_irq 9 high level)
[    0.000000] ACPI: INT_SRC_OVR (bus 0 bus_irq 10 global_irq 10 high level)
[    0.000000] ACPI: INT_SRC_OVR (bus 0 bus_irq 11 global_irq 11 high level)
[    0.000000] Using ACPI (MADT) for SMP configuration information
[    0.000000] ACPI: HPET id: 0x8086a201 base: 0xfed00000
[    0.000000] SMP: Allowing 1 CPUs, 0 hotplug CPUs
[    0.000000] PM: Registered nosave memory: 000000000009f000 - 00000000000a0000
[    0.000000] PM: Registered nosave memory: 00000000000a0000 - 00000000000f0000
[    0.000000] PM: Registered nosave memory: 00000000000f0000 - 0000000000100000
[    0.000000] Allocating PCI resources starting at 4000000 (gap: 4000000:fbfc0000)
[    0.000000] Booting paravirtualized kernel on bare hardware
[    0.000000] setup_percpu: NR_CPUS:64 nr_cpumask_bits:64 nr_cpu_ids:1 nr_node_ids:1
[    0.000000] PERCPU: Embedded 27 pages/cpu @ffff880003a00000 s78848 r8192 d23552 u2097152
[    0.000000] Built 1 zonelists in Node order, mobility grouping on.  Total pages: 16008
[    0.000000] Policy zone: DMA32
[    0.000000] Kernel command line: root=/dev/vda console=tty0 console=ttyS0 no_timer_check
[    0.000000] PID hash table entries: 256 (order: -1, 2048 bytes)
[    0.000000] Checking aperture...
[    0.000000] No AGP bridge found
[    0.000000] Memory: 43492k/65528k available (6576k kernel code, 452k absent, 21584k reserved, 6620k data, 928k init)
[    0.000000] SLUB: Genslabs=15, HWalign=64, Order=0-3, MinObjects=0, CPUs=1, Nodes=1
[    0.000000] Hierarchical RCU implementation.
[    0.000000] 	RCU dyntick-idle grace-period acceleration is enabled.
[    0.000000] NR_IRQS:4352 nr_irqs:256 16
[    0.000000] Console: colour VGA+ 80x25
[    0.000000] console [tty0] enabled
[    0.000000] console [ttyS0] enabled
[    0.000000] allocated 1048576 bytes of page_cgroup
[    0.000000] please try 'cgroup_disable=memory' option if you don't want memory cgroups
[    0.000000] Fast TSC calibration failed
[    0.000000] TSC: Unable to calibrate against PIT
[    0.000000] TSC: using HPET reference calibration
[    0.000000] Detected 2294.430 MHz processor.
[    0.025458] Calibrating delay loop (skipped), value calculated using timer frequency.. 4588.86 BogoMIPS (lpj=9177720)
[    0.028801] pid_max: default: 32768 minimum: 301
[    0.037405] Security Framework initialized
[    0.041613] AppArmor: AppArmor initialized
[    0.042243] Yama: becoming mindful.
[    0.049076] Dentry cache hash table entries: 8192 (order: 4, 65536 bytes)
[    0.050349] Inode-cache hash table entries: 4096 (order: 3, 32768 bytes)
[    0.052660] Mount-cache hash table entries: 256
[    0.066958] Initializing cgroup subsys cpuacct
[    0.068319] Initializing cgroup subsys memory
[    0.069617] Initializing cgroup subsys devices
[    0.070402] Initializing cgroup subsys freezer
[    0.072061] Initializing cgroup subsys blkio
[    0.072742] Initializing cgroup subsys perf_event
[    0.076965] mce: CPU supports 10 MCE banks
[    0.080609] SMP alternatives: switching to UP code
[    0.475165] Freeing SMP alternatives: 24k freed
[    0.476910] ACPI: Core revision 20110623
[    0.524526] ftrace: allocating 26610 entries in 105 pages
[    0.557206] ..TIMER: vector=0x30 apic1=0 pin1=2 apic2=-1 pin2=-1
[    0.558632] CPU0: AMD QEMU Virtual CPU version 2.0.0 stepping 03
[    0.564034] Performance Events: Broken PMU hardware detected, using software events only.
[    0.572503] NMI watchdog disabled (cpu0): hardware events not enabled
[    0.574061] Brought up 1 CPUs
[    0.574592] Total of 1 processors activated (4588.86 BogoMIPS).
[    0.603344] devtmpfs: initialized
[    0.632929] EVM: security.selinux
[    0.633620] EVM: security.SMACK64
[    0.634040] EVM: security.capability
[    0.655291] print_constraints: dummy: 
[    0.657226] RTC time:  8:07:03, date: 12/15/15
[    0.660364] NET: Registered protocol family 16
[    0.668652] ACPI: bus type pci registered
[    0.672641] PCI: Using configuration type 1 for base access
[    0.704964] bio: create slab &lt;bio-0&gt; at 0
[    0.713598] ACPI: Added _OSI(Module Device)
[    0.714245] ACPI: Added _OSI(Processor Device)
[    0.714933] ACPI: Added _OSI(3.0 _SCP Extensions)
[    0.716107] ACPI: Added _OSI(Processor Aggregator Device)
[    0.784799] ACPI: Interpreter enabled
[    0.785455] ACPI: (supports S0 S3 S4 S5)
[    0.787069] ACPI: Using IOAPIC for interrupt routing
[    0.856494] ACPI: No dock devices found.
[    0.857133] HEST: Table not found.
[    0.857670] PCI: Using host bridge windows from ACPI; if necessary, use "pci=nocrs" and report a bug
[    0.862986] ACPI: PCI Root Bridge [PCI0] (domain 0000 [bus 00-ff])
[    0.868926] pci_root PNP0A03:00: host bridge window [io  0x0000-0x0cf7]
[    0.869831] pci_root PNP0A03:00: host bridge window [io  0x0d00-0xadff]
[    0.870574] pci_root PNP0A03:00: host bridge window [io  0xae0f-0xaeff]
[    0.871282] pci_root PNP0A03:00: host bridge window [io  0xaf20-0xafdf]
[    0.872178] pci_root PNP0A03:00: host bridge window [io  0xafe4-0xffff]
[    0.873029] pci_root PNP0A03:00: host bridge window [mem 0x000a0000-0x000bffff]
[    0.874026] pci_root PNP0A03:00: host bridge window [mem 0x04000000-0xfebfffff]
[    0.898083] pci 0000:00:01.3: quirk: [io  0xb000-0xb03f] claimed by PIIX4 ACPI
[    0.899031] pci 0000:00:01.3: quirk: [io  0xb100-0xb10f] claimed by PIIX4 SMB
[    0.959630]  pci0000:00: Unable to request _OSC control (_OSC support mask: 0x1e)
[    1.016551] ACPI: PCI Interrupt Link [LNKA] (IRQs 5 *10 11)
[    1.021842] ACPI: PCI Interrupt Link [LNKB] (IRQs 5 *10 11)
[    1.026270] ACPI: PCI Interrupt Link [LNKC] (IRQs 5 10 *11)
[    1.029244] ACPI: PCI Interrupt Link [LNKD] (IRQs 5 10 *11)
[    1.030417] ACPI: PCI Interrupt Link [LNKS] (IRQs *9)
[    1.037547] vgaarb: device added: PCI:0000:00:02.0,decodes=io+mem,owns=io+mem,locks=none
[    1.038512] vgaarb: loaded
[    1.038903] vgaarb: bridge control possible 0000:00:02.0
[    1.042460] i2c-core: driver [aat2870] using legacy suspend method
[    1.043127] i2c-core: driver [aat2870] using legacy resume method
[    1.045735] SCSI subsystem initialized
[    1.049470] usbcore: registered new interface driver usbfs
[    1.050779] usbcore: registered new interface driver hub
[    1.052793] usbcore: registered new device driver usb
[    1.057140] PCI: Using ACPI for IRQ routing
[    1.068882] NetLabel: Initializing
[    1.069421] NetLabel:  domain hash size = 128
[    1.069924] NetLabel:  protocols = UNLABELED CIPSOv4
[    1.072182] NetLabel:  unlabeled traffic allowed by default
[    1.074316] HPET: 3 timers in total, 0 timers will be used for per-cpu timer
[    1.076441] hpet0: at MMIO 0xfed00000, IRQs 2, 8, 0
[    1.077171] hpet0: 3 comparators, 64-bit 100.000000 MHz counter
[    1.092905] Switching to clocksource hpet
[    1.346608] AppArmor: AppArmor Filesystem Enabled
[    1.348043] pnp: PnP ACPI init
[    1.349480] ACPI: bus type pnp registered
[    1.367323] pnp: PnP ACPI: found 9 devices
[    1.367832] ACPI: ACPI bus type pnp unregistered
[    1.425933] NET: Registered protocol family 2
[    1.468056] IP route cache hash table entries: 512 (order: 0, 4096 bytes)
[    1.476771] TCP established hash table entries: 2048 (order: 3, 32768 bytes)
[    1.478596] TCP bind hash table entries: 2048 (order: 3, 32768 bytes)
[    1.479482] TCP: Hash tables configured (established 2048 bind 2048)
[    1.480244] TCP reno registered
[    1.481608] UDP hash table entries: 128 (order: 0, 4096 bytes)
[    1.482486] UDP-Lite hash table entries: 128 (order: 0, 4096 bytes)
[    1.485541] NET: Registered protocol family 1
[    1.486103] pci 0000:00:00.0: Limiting direct PCI/PCI transfers
[    1.486825] pci 0000:00:01.0: PIIX3: Enabling Passive Release
[    1.487680] pci 0000:00:01.0: Activating ISA DMA hang workarounds
[    1.493854] ACPI: PCI Interrupt Link [LNKD] enabled at IRQ 11
[    1.494786] pci 0000:00:01.2: PCI INT D -&gt; Link[LNKD] -&gt; GSI 11 (level, high) -&gt; IRQ 11
[    1.497496] pci 0000:00:01.2: PCI INT D disabled
[    1.513973] Trying to unpack rootfs image as initramfs...
[    1.529502] audit: initializing netlink socket (disabled)
[    1.530841] type=2000 audit(1450166823.528:1): initialized
[    1.827533] HugeTLB registered 2 MB page size, pre-allocated 0 pages
[    1.917601] VFS: Disk quotas dquot_6.5.2
[    1.920044] Dquot-cache hash table entries: 512 (order 0, 4096 bytes)
[    1.937965] fuse init (API version 7.17)
[    1.941794] msgmni has been set to 84
[    1.979520] Block layer SCSI generic (bsg) driver version 0.4 loaded (major 253)
[    1.990530] io scheduler noop registered
[    1.991095] io scheduler deadline registered (default)
[    1.993280] io scheduler cfq registered
[    1.996049] pci_hotplug: PCI Hot Plug PCI Core version: 0.5
[    1.999220] pciehp: PCI Express Hot Plug Controller Driver version: 0.4
[    2.005713] input: Power Button as /devices/LNXSYSTM:00/LNXPWRBN:00/input/input0
[    2.007204] ACPI: Power Button [PWRF]
[    2.082287] ERST: Table is not found!
[    2.082888] GHES: HEST is not enabled!
[    2.095036] ACPI: PCI Interrupt Link [LNKC] enabled at IRQ 10
[    2.095737] virtio-pci 0000:00:03.0: PCI INT A -&gt; Link[LNKC] -&gt; GSI 10 (level, high) -&gt; IRQ 10
[    2.100999] virtio-pci 0000:00:04.0: PCI INT A -&gt; Link[LNKD] -&gt; GSI 11 (level, high) -&gt; IRQ 11
[    2.114768] ACPI: PCI Interrupt Link [LNKA] enabled at IRQ 10
[    2.115451] virtio-pci 0000:00:05.0: PCI INT A -&gt; Link[LNKA] -&gt; GSI 10 (level, high) -&gt; IRQ 10
[    2.126019] Serial: 8250/16550 driver, 32 ports, IRQ sharing enabled
[    2.166561] serial8250: ttyS0 at I/O 0x3f8 (irq = 4) is a 16550A
[    2.243391] serial8250: ttyS1 at I/O 0x2f8 (irq = 3) is a 16550A
[    2.362463] 00:05: ttyS0 at I/O 0x3f8 (irq = 4) is a 16550A
[    2.438345] 00:06: ttyS1 at I/O 0x2f8 (irq = 3) is a 16550A
[    2.486785] Linux agpgart interface v0.103
[    2.501300] Refined TSC clocksource calibration: 2294.469 MHz.
[    2.502083] Switching to clocksource tsc
[    2.546732] brd: module loaded
[    2.577345] loop: module loaded
[    2.629705]  vda: unknown partition table
[    2.678050] scsi0 : ata_piix
[    2.680056] scsi1 : ata_piix
[    2.682034] ata1: PATA max MWDMA2 cmd 0x1f0 ctl 0x3f6 bmdma 0xc0a0 irq 14
[    2.682829] ata2: PATA max MWDMA2 cmd 0x170 ctl 0x376 bmdma 0xc0a8 irq 15
[    2.691654] Fixed MDIO Bus: probed
[    2.693231] tun: Universal TUN/TAP device driver, 1.6
[    2.693825] tun: (C) 1999-2004 Max Krasnyansky &lt;maxk@qualcomm.com&gt;
[    2.711790] PPP generic driver version 2.4.2
[    2.737618] ehci_hcd: USB 2.0 'Enhanced' Host Controller (EHCI) Driver
[    2.738688] ohci_hcd: USB 1.1 'Open' Host Controller (OHCI) Driver
[    2.739618] uhci_hcd: USB Universal Host Controller Interface driver
[    2.741380] uhci_hcd 0000:00:01.2: PCI INT D -&gt; Link[LNKD] -&gt; GSI 11 (level, high) -&gt; IRQ 11
[    2.743489] uhci_hcd 0000:00:01.2: UHCI Host Controller
[    2.754067] uhci_hcd 0000:00:01.2: new USB bus registered, assigned bus number 1
[    2.755841] uhci_hcd 0000:00:01.2: irq 11, io base 0x0000c040
[    2.778215] hub 1-0:1.0: USB hub found
[    2.780620] hub 1-0:1.0: 2 ports detected
[    2.787524] usbcore: registered new interface driver libusual
[    2.790707] i8042: PNP: PS/2 Controller [PNP0303:KBD,PNP0f13:MOU] at 0x60,0x64 irq 1,12
[    2.798341] serio: i8042 KBD port at 0x60,0x64 irq 1
[    2.799624] serio: i8042 AUX port at 0x60,0x64 irq 12
[    2.841069] mousedev: PS/2 mouse device common for all mice
[    2.851988] input: AT Translated Set 2 keyboard as /devices/platform/i8042/serio0/input/input1
[    2.857665] rtc_cmos 00:01: RTC can wake from S4
[    2.880882] rtc_cmos 00:01: rtc core: registered rtc_cmos as rtc0
[    2.885517] rtc0: alarms up to one day, 114 bytes nvram, hpet irqs
[    2.889182] device-mapper: uevent: version 1.0.3
[    2.907814] device-mapper: ioctl: 4.22.0-ioctl (2011-10-19) initialised: dm-devel@redhat.com
[    2.910717] cpuidle: using governor ladder
[    2.911712] cpuidle: using governor menu
[    2.912875] EFI Variables Facility v0.08 2004-May-17
[    2.922073] TCP cubic registered
[    2.925094] NET: Registered protocol family 10
[    2.955359] NET: Registered protocol family 17
[    2.957500] Registering the dns_resolver key type
[    2.983980] ata2.01: ATAPI: QEMU DVD-ROM, 2.0.0, max UDMA/100
[    2.998763] ata2.01: configured for MWDMA2
[    3.034564] scsi 1:0:1:0: CD-ROM            QEMU     QEMU DVD-ROM     2.0. PQ: 0 ANSI: 5
[    3.058678] sr0: scsi3-mmc drive: 4x/4x cd/rw xa/form2 tray
[    3.060740] cdrom: Uniform CD-ROM driver Revision: 3.20
[    3.079574] sr 1:0:1:0: Attached scsi generic sg0 type 5
[    3.115103] registered taskstats version 1
[    3.263647] Freeing initrd memory: 3656k freed
[    3.776977]   Magic number: 11:76:119
[    3.789966] rtc_cmos 00:01: setting system clock to 2015-12-15 08:07:06 UTC (1450166826)
[    3.793954] powernow-k8: Processor cpuid 663 not supported
[    3.804052] BIOS EDD facility v0.16 2004-Jun-25, 0 devices found
[    3.806421] EDD information not available.
[    3.886988] Freeing unused kernel memory: 928k freed
[    3.890541] Write protecting the kernel read-only data: 12288k
[    3.983688] Freeing unused kernel memory: 1596k freed
[    4.045780] Freeing unused kernel memory: 1184k freed

info: initramfs: up at 4.24
modprobe: module virtio_blk not found in modules.dep
modprobe: module virtio_net not found in modules.dep
info: copying initramfs to /dev/vda
info: initramfs loading root from /dev/vda
info: /etc/init.d/rc.sysinit: up at 9.20
info: container: none
Starting logging: OK
modprobe: module virtio_blk not found in modules.dep
modprobe: module virtio_net not found in modules.dep
WARN: /etc/rc3.d/S10-load-modules failed
Initializing random number generator... done.
Starting acpid: OK
cirros-ds 'local' up at 11.91
found datasource (configdrive, local)
Starting network...
udhcpc (v1.20.1) started
Sending discover...
Sending discover...

2015-12-15 08:09:03,641 25722 INFO     [tempest_lib.common.rest_client] Request (TestNetworkBasicOps:_run_cleanups): 204 DELETE http://10.0.2.15:9696/v2.0/floatingips/ce8804fb-4e7d-4684-b536-6bde59e6bfd4 0.412s
2015-12-15 08:09:03,642 25722 DEBUG    [tempest_lib.common.rest_client] Request - Headers: {'Content-Type': 'application/json', 'Accept': 'application/json', 'X-Auth-Token': '&lt;omitted&gt;'}
        Body: None
    Response - Headers: {'date': 'Tue, 15 Dec 2015 08:09:03 GMT', 'status': '204', 'connection': 'close', 'content-length': '0', 'x-openstack-request-id': 'req-9ad554b1-bf1b-4ce7-b822-091bbee3957d'}
        Body: 
2015-12-15 08:09:03,895 25722 INFO     [tempest_lib.common.rest_client] Request (TestNetworkBasicOps:_run_cleanups): 204 DELETE http://10.0.2.15:8774/v2.1/358da2727f194c8cbc07764547446a78/servers/c7981dec-3604-45f5-9ec8-56a20d0b9d16 0.253s
2015-12-15 08:09:03,896 25722 DEBUG    [tempest_lib.common.rest_client] Request - Headers: {'Content-Type': 'application/json', 'Accept': 'application/json', 'X-Auth-Token': '&lt;omitted&gt;'}
        Body: None
    Response - Headers: {'status': '204', 'content-length': '0', 'x-compute-request-id': 'req-a7c2d9b4-2f42-4b0e-8a31-730b355e2a86', 'vary': 'X-OpenStack-Nova-API-Version', 'connection': 'close', 'x-openstack-nova-api-version': '2.1', 'date': 'Tue, 15 Dec 2015 08:09:03 GMT', 'content-type': 'application/json'}
        Body: 
2015-12-15 08:09:04,182 25722 INFO     [tempest_lib.common.rest_client] Request (TestNetworkBasicOps:_run_cleanups): 200 GET http://10.0.2.15:8774/v2.1/358da2727f194c8cbc07764547446a78/servers/c7981dec-3604-45f5-9ec8-56a20d0b9d16 0.286s
2015-12-15 08:09:04,182 25722 DEBUG    [tempest_lib.common.rest_client] Request - Headers: {'Content-Type': 'application/json', 'Accept': 'application/json', 'X-Auth-Token': '&lt;omitted&gt;'}
        Body: None
    Response - Headers: {'status': '200', 'content-length': '1775', 'content-location': 'http://10.0.2.15:8774/v2.1/358da2727f194c8cbc07764547446a78/servers/c7981dec-3604-45f5-9ec8-56a20d0b9d16', 'x-compute-request-id': 'req-e15b5f8e-5838-499b-9821-964e21f89b3c', 'vary': 'X-OpenStack-Nova-API-Version', 'connection': 'close', 'x-openstack-nova-api-version': '2.1', 'date': 'Tue, 15 Dec 2015 08:09:04 GMT', 'content-type': 'application/json'}
        Body: {"server": {"status": "ACTIVE", "updated": "2015-12-15T08:09:03Z", "hostId": "afae55da9ee5db3c6334f46582322149f8c9ba2f972ea373636c66a7", "addresses": {"tempest-network-smoke--24811868": [{"OS-EXT-IPS-MAC:mac_addr": "fa:16:3e:57:c4:78", "version": 4, "addr": "10.100.0.3", "OS-EXT-IPS:type": "fixed"}, {"OS-EXT-IPS-MAC:mac_addr": "fa:16:3e:57:c4:78", "version": 4, "addr": "172.24.4.4", "OS-EXT-IPS:type": "floating"}]}, "links": [{"href": "http://10.0.2.15:8774/v2.1/358da2727f194c8cbc07764547446a78/servers/c7981dec-3604-45f5-9ec8-56a20d0b9d16", "rel": "self"}, {"href": "http://10.0.2.15:8774/358da2727f194c8cbc07764547446a78/servers/c7981dec-3604-45f5-9ec8-56a20d0b9d16", "rel": "bookmark"}], "key_name": "tempest-TestNetworkBasicOps-1161959940", "image": {"id": "fb8ce27b-00f9-4663-b18c-3c0664fc67b5", "links": [{"href": "http://10.0.2.15:8774/358da2727f194c8cbc07764547446a78/images/fb8ce27b-00f9-4663-b18c-3c0664fc67b5", "rel": "bookmark"}]}, "OS-EXT-STS:task_state": "deleting", "OS-EXT-STS:vm_state": "active", "OS-SRV-USG:launched_at": "2015-12-15T08:07:00.000000", "flavor": {"id": "42", "links": [{"href": "http://10.0.2.15:8774/358da2727f194c8cbc07764547446a78/flavors/42", "rel": "bookmark"}]}, "id": "c7981dec-3604-45f5-9ec8-56a20d0b9d16", "security_groups": [{"name": "tempest-secgroup-smoke-2063440551"}], "OS-SRV-USG:terminated_at": null, "OS-EXT-AZ:availability_zone": "nova", "user_id": "f6cd0d1bc10942d88a515f9afb659b4b", "name": "tempest.common.compute-instance-1434884355", "created": "2015-12-15T08:06:56Z", "tenant_id": "358da2727f194c8cbc07764547446a78", "OS-DCF:diskConfig": "MANUAL", "os-extended-volumes:volumes_attached": [], "accessIPv4": "", "accessIPv6": "", "progress": 0, "OS-EXT-STS:power_state": 1, "config_drive": "True", "metadata": {}}}
2015-12-15 08:09:05,339 25722 INFO     [tempest_lib.common.rest_client] Request (TestNetworkBasicOps:_run_cleanups): 200 GET http://10.0.2.15:8774/v2.1/358da2727f194c8cbc07764547446a78/servers/c7981dec-3604-45f5-9ec8-56a20d0b9d16 0.145s
2015-12-15 08:09:05,340 25722 DEBUG    [tempest_lib.common.rest_client] Request - Headers: {'Content-Type': 'application/json', 'Accept': 'application/json', 'X-Auth-Token': '&lt;omitted&gt;'}
        Body: None
    Response - Headers: {'status': '200', 'content-length': '1441', 'content-location': 'http://10.0.2.15:8774/v2.1/358da2727f194c8cbc07764547446a78/servers/c7981dec-3604-45f5-9ec8-56a20d0b9d16', 'x-compute-request-id': 'req-98b4cbc3-3148-4f2f-8f62-ca68e866a4b0', 'vary': 'X-OpenStack-Nova-API-Version', 'connection': 'close', 'x-openstack-nova-api-version': '2.1', 'date': 'Tue, 15 Dec 2015 08:09:05 GMT', 'content-type': 'application/json'}
        Body: {"server": {"status": "ACTIVE", "updated": "2015-12-15T08:09:04Z", "hostId": "afae55da9ee5db3c6334f46582322149f8c9ba2f972ea373636c66a7", "addresses": {}, "links": [{"href": "http://10.0.2.15:8774/v2.1/358da2727f194c8cbc07764547446a78/servers/c7981dec-3604-45f5-9ec8-56a20d0b9d16", "rel": "self"}, {"href": "http://10.0.2.15:8774/358da2727f194c8cbc07764547446a78/servers/c7981dec-3604-45f5-9ec8-56a20d0b9d16", "rel": "bookmark"}], "key_name": "tempest-TestNetworkBasicOps-1161959940", "image": {"id": "fb8ce27b-00f9-4663-b18c-3c0664fc67b5", "links": [{"href": "http://10.0.2.15:8774/358da2727f194c8cbc07764547446a78/images/fb8ce27b-00f9-4663-b18c-3c0664fc67b5", "rel": "bookmark"}]}, "OS-EXT-STS:task_state": "deleting", "OS-EXT-STS:vm_state": "active", "OS-SRV-USG:launched_at": "2015-12-15T08:07:00.000000", "flavor": {"id": "42", "links": [{"href": "http://10.0.2.15:8774/358da2727f194c8cbc07764547446a78/flavors/42", "rel": "bookmark"}]}, "id": "c7981dec-3604-45f5-9ec8-56a20d0b9d16", "OS-SRV-USG:terminated_at": null, "OS-EXT-AZ:availability_zone": "nova", "user_id": "f6cd0d1bc10942d88a515f9afb659b4b", "name": "tempest.common.compute-instance-1434884355", "created": "2015-12-15T08:06:56Z", "tenant_id": "358da2727f194c8cbc07764547446a78", "OS-DCF:diskConfig": "MANUAL", "os-extended-volumes:volumes_attached": [], "accessIPv4": "", "accessIPv6": "", "progress": 0, "OS-EXT-STS:power_state": 1, "config_drive": "True", "metadata": {}}}
2015-12-15 08:09:06,432 25722 INFO     [tempest_lib.common.rest_client] Request (TestNetworkBasicOps:_run_cleanups): 404 GET http://10.0.2.15:8774/v2.1/358da2727f194c8cbc07764547446a78/servers/c7981dec-3604-45f5-9ec8-56a20d0b9d16 0.081s
2015-12-15 08:09:06,432 25722 DEBUG    [tempest_lib.common.rest_client] Request - Headers: {'Content-Type': 'application/json', 'Accept': 'application/json', 'X-Auth-Token': '&lt;omitted&gt;'}
        Body: None
    Response - Headers: {'status': '404', 'content-length': '111', 'x-compute-request-id': 'req-93b3ba62-f294-4ddb-bb0f-aeb9c351d52a', 'vary': 'X-OpenStack-Nova-API-Version', 'connection': 'close', 'x-openstack-nova-api-version': '2.1', 'date': 'Tue, 15 Dec 2015 08:09:06 GMT', 'content-type': 'application/json; charset=UTF-8'}
        Body: {"itemNotFound": {"message": "Instance c7981dec-3604-45f5-9ec8-56a20d0b9d16 could not be found.", "code": 404}}
2015-12-15 08:09:06,452 25722 INFO     [tempest_lib.common.rest_client] Request (TestNetworkBasicOps:_run_cleanups): 202 DELETE http://10.0.2.15:8774/v2.1/358da2727f194c8cbc07764547446a78/os-keypairs/tempest-TestNetworkBasicOps-1161959940 0.018s
2015-12-15 08:09:06,452 25722 DEBUG    [tempest_lib.common.rest_client] Request - Headers: {'Content-Type': 'application/json', 'Accept': 'application/json', 'X-Auth-Token': '&lt;omitted&gt;'}
        Body: None
    Response - Headers: {'status': '202', 'content-length': '0', 'x-compute-request-id': 'req-82a4a57d-51b4-4b11-a2d9-13f626c8bd96', 'vary': 'X-OpenStack-Nova-API-Version', 'connection': 'close', 'x-openstack-nova-api-version': '2.1', 'date': 'Tue, 15 Dec 2015 08:09:06 GMT', 'content-type': 'application/json'}
        Body: 
2015-12-15 08:09:06,891 25722 INFO     [tempest_lib.common.rest_client] Request (TestNetworkBasicOps:_run_cleanups): 200 PUT http://10.0.2.15:9696/v2.0/routers/3269f864-c252-4f50-a2bd-ebe71e015d4a/remove_router_interface 0.438s
2015-12-15 08:09:06,892 25722 DEBUG    [tempest_lib.common.rest_client] Request - Headers: {'Content-Type': 'application/json', 'Accept': 'application/json', 'X-Auth-Token': '&lt;omitted&gt;'}
        Body: {"subnet_id": "e62f27cc-1566-4033-89b3-f10bcf56960c"}
    Response - Headers: {'status': '200', 'content-length': '255', 'connection': 'close', 'date': 'Tue, 15 Dec 2015 08:09:06 GMT', 'content-type': 'application/json; charset=UTF-8', 'x-openstack-request-id': 'req-07c5818d-80d2-4020-8861-82ce9a95886d'}
        Body: {"subnet_id": "e62f27cc-1566-4033-89b3-f10bcf56960c", "tenant_id": "358da2727f194c8cbc07764547446a78", "subnet_ids": ["e62f27cc-1566-4033-89b3-f10bcf56960c"], "port_id": "6d9a9df8-0ab7-4678-ac67-7845f09b5ecc", "id": "3269f864-c252-4f50-a2bd-ebe71e015d4a"}
2015-12-15 08:09:07,451 25722 INFO     [tempest_lib.common.rest_client] Request (TestNetworkBasicOps:_run_cleanups): 204 DELETE http://10.0.2.15:9696/v2.0/subnets/e62f27cc-1566-4033-89b3-f10bcf56960c 0.558s
2015-12-15 08:09:07,451 25722 DEBUG    [tempest_lib.common.rest_client] Request - Headers: {'Content-Type': 'application/json', 'Accept': 'application/json', 'X-Auth-Token': '&lt;omitted&gt;'}
        Body: None
    Response - Headers: {'date': 'Tue, 15 Dec 2015 08:09:07 GMT', 'status': '204', 'connection': 'close', 'content-length': '0', 'x-openstack-request-id': 'req-c286d6e7-3632-4c31-9ccd-b8497a329f2a'}
        Body: 
2015-12-15 08:09:07,505 25722 INFO     [tempest_lib.common.rest_client] Request (TestNetworkBasicOps:_run_cleanups): 200 GET http://10.0.2.15:9696/v2.0/routers/3269f864-c252-4f50-a2bd-ebe71e015d4a 0.053s
2015-12-15 08:09:07,506 25722 DEBUG    [tempest_lib.common.rest_client] Request - Headers: {'Content-Type': 'application/json', 'Accept': 'application/json', 'X-Auth-Token': '&lt;omitted&gt;'}
        Body: None
    Response - Headers: {'status': '200', 'content-length': '563', 'content-location': 'http://10.0.2.15:9696/v2.0/routers/3269f864-c252-4f50-a2bd-ebe71e015d4a', 'connection': 'close', 'date': 'Tue, 15 Dec 2015 08:09:07 GMT', 'content-type': 'application/json; charset=UTF-8', 'x-openstack-request-id': 'req-1f165f60-079b-4ec0-8dc5-ec7ab05ff4a7'}
        Body: {"router": {"status": "ACTIVE", "external_gateway_info": {"network_id": "6e67d870-4c4f-4686-880e-9371858271c8", "enable_snat": true, "external_fixed_ips": [{"subnet_id": "a98960c1-1c1d-4b2e-bd68-365eab58444e", "ip_address": "172.24.4.3"}, {"subnet_id": "9b1ca583-73c5-42fa-8b5e-9cb3e2c6be4d", "ip_address": "2001:db8::4"}]}, "availability_zone_hints": [], "availability_zones": ["nova"], "name": "tempest-router-smoke-121954590", "admin_state_up": true, "tenant_id": "358da2727f194c8cbc07764547446a78", "routes": [], "id": "3269f864-c252-4f50-a2bd-ebe71e015d4a"}}
2015-12-15 08:09:07,948 25722 INFO     [tempest_lib.common.rest_client] Request (TestNetworkBasicOps:_run_cleanups): 200 PUT http://10.0.2.15:9696/v2.0/routers/3269f864-c252-4f50-a2bd-ebe71e015d4a 0.442s
2015-12-15 08:09:07,949 25722 DEBUG    [tempest_lib.common.rest_client] Request - Headers: {'Content-Type': 'application/json', 'Accept': 'application/json', 'X-Auth-Token': '&lt;omitted&gt;'}
        Body: {"router": {"external_gateway_info": {}, "name": "tempest-router-smoke-121954590", "admin_state_up": true}}
    Response - Headers: {'status': '200', 'content-length': '301', 'connection': 'close', 'date': 'Tue, 15 Dec 2015 08:09:07 GMT', 'content-type': 'application/json; charset=UTF-8', 'x-openstack-request-id': 'req-233bad0a-2d2a-4f95-b424-9e37c942f5d0'}
        Body: {"router": {"status": "ACTIVE", "external_gateway_info": null, "availability_zone_hints": [], "availability_zones": ["nova"], "name": "tempest-router-smoke-121954590", "admin_state_up": true, "tenant_id": "358da2727f194c8cbc07764547446a78", "routes": [], "id": "3269f864-c252-4f50-a2bd-ebe71e015d4a"}}
2015-12-15 08:09:08,188 25722 INFO     [tempest_lib.common.rest_client] Request (TestNetworkBasicOps:_run_cleanups): 204 DELETE http://10.0.2.15:9696/v2.0/routers/3269f864-c252-4f50-a2bd-ebe71e015d4a 0.237s
2015-12-15 08:09:08,188 25722 DEBUG    [tempest_lib.common.rest_client] Request - Headers: {'Content-Type': 'application/json', 'Accept': 'application/json', 'X-Auth-Token': '&lt;omitted&gt;'}
        Body: None
    Response - Headers: {'date': 'Tue, 15 Dec 2015 08:09:08 GMT', 'status': '204', 'connection': 'close', 'content-length': '0', 'x-openstack-request-id': 'req-710f6960-11c6-48ad-b617-e802bd321595'}
        Body: 
2015-12-15 08:09:08,404 25722 INFO     [tempest_lib.common.rest_client] Request (TestNetworkBasicOps:_run_cleanups): 204 DELETE http://10.0.2.15:9696/v2.0/networks/2f2c420f-189d-447a-8b97-1edaeb6dc80f 0.215s
2015-12-15 08:09:08,405 25722 DEBUG    [tempest_lib.common.rest_client] Request - Headers: {'Content-Type': 'application/json', 'Accept': 'application/json', 'X-Auth-Token': '&lt;omitted&gt;'}
        Body: None
    Response - Headers: {'date': 'Tue, 15 Dec 2015 08:09:08 GMT', 'status': '204', 'connection': 'close', 'content-length': '0', 'x-openstack-request-id': 'req-55a3ea0b-240b-40af-980b-383a6dc63e0d'}
        Body: 
2015-12-15 08:09:08,470 25722 INFO     [tempest_lib.common.rest_client] Request (TestNetworkBasicOps:_run_cleanups): 204 DELETE http://10.0.2.15:9696/v2.0/security-group-rules/069d5d7a-5f12-4a91-84a2-b14a4b08ae5d 0.064s
2015-12-15 08:09:08,470 25722 DEBUG    [tempest_lib.common.rest_client] Request - Headers: {'Content-Type': 'application/json', 'Accept': 'application/json', 'X-Auth-Token': '&lt;omitted&gt;'}
        Body: None
    Response - Headers: {'date': 'Tue, 15 Dec 2015 08:09:08 GMT', 'status': '204', 'connection': 'close', 'content-length': '0', 'x-openstack-request-id': 'req-12a96da3-41f8-4c05-96fc-567e18125bb1'}
        Body: 
2015-12-15 08:09:08,536 25722 INFO     [tempest_lib.common.rest_client] Request (TestNetworkBasicOps:_run_cleanups): 204 DELETE http://10.0.2.15:9696/v2.0/security-group-rules/72ba70c8-223c-451b-bba7-f56c20e5ae7c 0.065s
2015-12-15 08:09:08,536 25722 DEBUG    [tempest_lib.common.rest_client] Request - Headers: {'Content-Type': 'application/json', 'Accept': 'application/json', 'X-Auth-Token': '&lt;omitted&gt;'}
        Body: None
    Response - Headers: {'date': 'Tue, 15 Dec 2015 08:09:08 GMT', 'status': '204', 'connection': 'close', 'content-length': '0', 'x-openstack-request-id': 'req-e0b216b5-f004-4b16-a613-230046d780ef'}
        Body: 
2015-12-15 08:09:08,592 25722 INFO     [tempest_lib.common.rest_client] Request (TestNetworkBasicOps:_run_cleanups): 204 DELETE http://10.0.2.15:9696/v2.0/security-group-rules/c5c287b8-2d13-455b-96f0-0421dfbbe174 0.055s
2015-12-15 08:09:08,592 25722 DEBUG    [tempest_lib.common.rest_client] Request - Headers: {'Content-Type': 'application/json', 'Accept': 'application/json', 'X-Auth-Token': '&lt;omitted&gt;'}
        Body: None
    Response - Headers: {'date': 'Tue, 15 Dec 2015 08:09:08 GMT', 'status': '204', 'connection': 'close', 'content-length': '0', 'x-openstack-request-id': 'req-dc37402d-84bb-4e11-b738-6cb0f873e90d'}
        Body: 
2015-12-15 08:09:08,644 25722 INFO     [tempest_lib.common.rest_client] Request (TestNetworkBasicOps:_run_cleanups): 204 DELETE http://10.0.2.15:9696/v2.0/security-group-rules/5753c8ec-7317-4bd2-aeb9-c1b2899165e9 0.051s
2015-12-15 08:09:08,644 25722 DEBUG    [tempest_lib.common.rest_client] Request - Headers: {'Content-Type': 'application/json', 'Accept': 'application/json', 'X-Auth-Token': '&lt;omitted&gt;'}
        Body: None
    Response - Headers: {'date': 'Tue, 15 Dec 2015 08:09:08 GMT', 'status': '204', 'connection': 'close', 'content-length': '0', 'x-openstack-request-id': 'req-3e3737ba-c81a-48b1-9597-d5cdaba24caa'}
        Body: 
2015-12-15 08:09:08,698 25722 INFO     [tempest_lib.common.rest_client] Request (TestNetworkBasicOps:_run_cleanups): 204 DELETE http://10.0.2.15:9696/v2.0/security-group-rules/4da5702a-4623-47ba-b913-acf63b29e02e 0.052s
2015-12-15 08:09:08,698 25722 DEBUG    [tempest_lib.common.rest_client] Request - Headers: {'Content-Type': 'application/json', 'Accept': 'application/json', 'X-Auth-Token': '&lt;omitted&gt;'}
        Body: None
