<?xml version="1.0" encoding="UTF-8"?>
<!DOCTYPE html PUBLIC "-//W3C//DTD XHTML 1.0 Strict//EN"
     "http://www.w3.org/TR/xhtml1/DTD/xhtml1-strict.dtd">
<html xmlns="http://www.w3.org/1999/xhtml">
<head>
    <title>Unit Test Report</title>
    <meta name="generator" content="subunit2html 0.1"/>
    <meta http-equiv="Content-Type" content="text/html; charset=UTF-8"/>
    
<style type="text/css" media="screen">
body        { font-family: verdana, arial, helvetica, sans-serif;
    font-size: 80%; }
table       { font-size: 100%; width: 100%;}
pre         { font-size: 80%; }

/* -- heading -------------------------------------------------------------- */
h1 {
        font-size: 16pt;
        color: gray;
}
.heading {
    margin-top: 0ex;
    margin-bottom: 1ex;
}

.heading .attribute {
    margin-top: 1ex;
    margin-bottom: 0;
}

.heading .description {
    margin-top: 4ex;
    margin-bottom: 6ex;
}

/* -- css div popup -------------------------------------------------------- */
a.popup_link {
}

a.popup_link:hover {
    color: red;
}

.popup_window {
    display: none;
    overflow-x: scroll;
    /*border: solid #627173 1px; */
    padding: 10px;
    background-color: #E6E6D6;
    font-family: "Ubuntu Mono", "Lucida Console", "Courier New", monospace;
    text-align: left;
    font-size: 8pt;
}

}
/* -- report --------------------------------------------------------------- */
#show_detail_line {
    margin-top: 3ex;
    margin-bottom: 1ex;
}
#result_table {
    width: 100%;
    border-collapse: collapse;
    border: 1px solid #777;
}
#header_row {
    font-weight: bold;
    color: white;
    background-color: #777;
}
#result_table td {
    border: 1px solid #777;
    padding: 2px;
}
#total_row  { font-weight: bold; }
.passClass  { background-color: #6c6; }
.failClass  { background-color: #c60; }
.errorClass { background-color: #c00; }
.passCase   { color: #6c6; }
.failCase   { color: #c60; font-weight: bold; }
.errorCase  { color: #c00; font-weight: bold; }
.hiddenRow  { display: none; }
.testcase   { margin-left: 2em; }
td.testname {width: 40%}
td.small {width: 40px}

/* -- ending --------------------------------------------------------------- */
#ending {
}

</style>

</head>
<body>
<script language="javascript" type="text/javascript"><!--
output_list = Array();

/* level - 0:Summary; 1:Failed; 2:All */
function showCase(level) {
    trs = document.getElementsByTagName("tr");
    for (var i = 0; i < trs.length; i++) {
        tr = trs[i];
        id = tr.id;
        if (id.substr(0,2) == 'ft') {
            if (level < 1) {
                tr.className = 'hiddenRow';
            }
            else {
                tr.className = '';
            }
        }
        if (id.substr(0,2) == 'pt') {
            if (level > 1) {
                tr.className = '';
            }
            else {
                tr.className = 'hiddenRow';
            }
        }
    }
}


function showClassDetail(cid, count) {
    var id_list = Array(count);
    var toHide = 1;
    for (var i = 0; i < count; i++) {
        tid0 = 't' + cid.substr(1) + '.' + (i+1);
        tid = 'f' + tid0;
        tr = document.getElementById(tid);
        if (!tr) {
            tid = 'p' + tid0;
            tr = document.getElementById(tid);
        }
        id_list[i] = tid;
        if (tr.className) {
            toHide = 0;
        }
    }
    for (var i = 0; i < count; i++) {
        tid = id_list[i];
        if (toHide) {
            document.getElementById('div_'+tid).style.display = 'none'
            document.getElementById(tid).className = 'hiddenRow';
        }
        else {
            document.getElementById(tid).className = '';
        }
    }
}


function showTestDetail(div_id){
    var details_div = document.getElementById(div_id)
    var displayState = details_div.style.display
    // alert(displayState)
    if (displayState != 'block' ) {
        displayState = 'block'
        details_div.style.display = 'block'
    }
    else {
        details_div.style.display = 'none'
    }
}


function html_escape(s) {
    s = s.replace(/&/g,'&amp;');
    s = s.replace(/</g,'&lt;');
    s = s.replace(/>/g,'&gt;');
    return s;
}

/* obsoleted by detail in <div>
function showOutput(id, name) {
    var w = window.open("", //url
                    name,
                    "resizable,scrollbars,status,width=800,height=450");
    d = w.document;
    d.write("<pre>");
    d.write(html_escape(output_list[id]));
    d.write("\n");
    d.write("<a href='javascript:window.close()'>close</a>\n");
    d.write("</pre>\n");
    d.close();
}
*/
--></script>

<div class='heading'>
<h1>Unit Test Report</h1>

<p class='attribute'><strong>Status:</strong> Pass 1 Failure 7 Skip 1</p>

<p class='description'></p>
</div>



<p id='show_detail_line'>Show
<a href='javascript:showCase(0)'>Summary</a>
<a href='javascript:showCase(1)'>Failed</a>
<a href='javascript:showCase(2)'>All</a>
</p>
<table id='result_table'>
<colgroup>
<col align='left' />
<col align='right' />
<col align='right' />
<col align='right' />
<col align='right' />
<col align='right' />
<col align='right' />
<col align='right' />
</colgroup>
<tr id='header_row'>
    <td>Test Group/Test case</td>
    <td>Count</td>
    <td>Pass</td>
    <td>Fail</td>
    <td>Error</td>
    <td>Skip</td>
    <td>View</td>
    <td> </td>
</tr>

<tr class='failClass'>
    <td class="testname">tempest.scenario.test_network_basic_ops.TestNetworkBasicOps</td>
    <td class="small">9</td>
    <td class="small">1</td>
    <td class="small">7</td>
    <td class="small">0</td>
    <td class="small">1</td>
    <td class="small"><a href="javascript:showClassDetail('c1',9)"
>Detail</a></td>
    <td> </td>
</tr>

<tr id='ft1.1' class='none'>
    <td class='failCase'><div class='testcase'>test_connectivity_between_vms_on_different_networks[compute,id-1546850e-fbaa-42f5-8b5f-03d8a6a95f15,network]</div></td>
    <td colspan='7' align='left'>

    <!--css div popup start-->
    <a class="popup_link" onfocus='this.blur();'
    href="javascript:showTestDetail('div_ft1.1')" >
        fail</a>

    <div id='div_ft1.1' class="popup_window">
        <div style='text-align: right; color:red;cursor:pointer'>
        <a onfocus='this.blur();'
onclick="document.getElementById('div_ft1.1').style.display = 'none' " >
           [x]</a>
        </div>
        <pre>
        
ft1.1: tempest.scenario.test_network_basic_ops.TestNetworkBasicOps.test_connectivity_between_vms_on_different_networks[compute,id-1546850e-fbaa-42f5-8b5f-03d8a6a95f15,network]_StringException: Empty attachments:
  stderr
  stdout

pythonlogging:'': {{{
2015-12-14 17:34:05,280 25714 INFO     [tempest_lib.common.rest_client] Request (TestNetworkBasicOps:test_connectivity_between_vms_on_different_networks): 201 POST http://10.0.2.15:9696/v2.0/security-groups 0.343s
2015-12-14 17:34:05,280 25714 DEBUG    [tempest_lib.common.rest_client] Request - Headers: {'Content-Type': 'application/json', 'Accept': 'application/json', 'X-Auth-Token': '&lt;omitted&gt;'}
        Body: {"security_group": {"tenant_id": "f66cd19d58894f38996b5a9412054f58", "description": "tempest-secgroup-smoke-283859858 description", "name": "tempest-secgroup-smoke-283859858"}}
    Response - Headers: {'status': '201', 'content-length': '886', 'connection': 'close', 'date': 'Mon, 14 Dec 2015 17:34:05 GMT', 'content-type': 'application/json; charset=UTF-8', 'x-openstack-request-id': 'req-41229396-1d4f-4d5c-b771-f4253dfe5816'}
        Body: {"security_group": {"tenant_id": "f66cd19d58894f38996b5a9412054f58", "description": "tempest-secgroup-smoke-283859858 description", "id": "c855dbeb-dbf4-4fc1-a248-8415651452f2", "security_group_rules": [{"remote_group_id": null, "direction": "egress", "remote_ip_prefix": null, "protocol": null, "ethertype": "IPv4", "tenant_id": "f66cd19d58894f38996b5a9412054f58", "port_range_max": null, "port_range_min": null, "id": "4ddbe598-eb88-42db-bb7f-a4283564c17d", "security_group_id": "c855dbeb-dbf4-4fc1-a248-8415651452f2"}, {"remote_group_id": null, "direction": "egress", "remote_ip_prefix": null, "protocol": null, "ethertype": "IPv6", "tenant_id": "f66cd19d58894f38996b5a9412054f58", "port_range_max": null, "port_range_min": null, "id": "9d96a3f3-c07f-4cd2-b0fd-ec580131f22c", "security_group_id": "c855dbeb-dbf4-4fc1-a248-8415651452f2"}], "name": "tempest-secgroup-smoke-283859858"}}
2015-12-14 17:34:05,551 25714 INFO     [tempest_lib.common.rest_client] Request (TestNetworkBasicOps:test_connectivity_between_vms_on_different_networks): 201 POST http://10.0.2.15:9696/v2.0/security-group-rules 0.270s
2015-12-14 17:34:05,552 25714 DEBUG    [tempest_lib.common.rest_client] Request - Headers: {'Content-Type': 'application/json', 'Accept': 'application/json', 'X-Auth-Token': '&lt;omitted&gt;'}
        Body: {"security_group_rule": {"direction": "ingress", "protocol": "tcp", "tenant_id": "f66cd19d58894f38996b5a9412054f58", "port_range_max": 22, "security_group_id": "c855dbeb-dbf4-4fc1-a248-8415651452f2", "port_range_min": 22}}
    Response - Headers: {'status': '201', 'content-length': '340', 'connection': 'close', 'date': 'Mon, 14 Dec 2015 17:34:05 GMT', 'content-type': 'application/json; charset=UTF-8', 'x-openstack-request-id': 'req-8f4c4ffe-a0a7-48d9-949a-b6502667791f'}
        Body: {"security_group_rule": {"remote_group_id": null, "direction": "ingress", "remote_ip_prefix": null, "protocol": "tcp", "ethertype": "IPv4", "tenant_id": "f66cd19d58894f38996b5a9412054f58", "port_range_max": 22, "port_range_min": 22, "id": "6ece5089-189f-4e91-97e6-7428d06e090e", "security_group_id": "c855dbeb-dbf4-4fc1-a248-8415651452f2"}}
2015-12-14 17:34:05,677 25714 INFO     [tempest_lib.common.rest_client] Request (TestNetworkBasicOps:test_connectivity_between_vms_on_different_networks): 201 POST http://10.0.2.15:9696/v2.0/security-group-rules 0.123s
2015-12-14 17:34:05,677 25714 DEBUG    [tempest_lib.common.rest_client] Request - Headers: {'Content-Type': 'application/json', 'Accept': 'application/json', 'X-Auth-Token': '&lt;omitted&gt;'}
        Body: {"security_group_rule": {"direction": "egress", "protocol": "tcp", "tenant_id": "f66cd19d58894f38996b5a9412054f58", "port_range_max": 22, "security_group_id": "c855dbeb-dbf4-4fc1-a248-8415651452f2", "port_range_min": 22}}
    Response - Headers: {'status': '201', 'content-length': '339', 'connection': 'close', 'date': 'Mon, 14 Dec 2015 17:34:05 GMT', 'content-type': 'application/json; charset=UTF-8', 'x-openstack-request-id': 'req-7add3bfe-d554-41fa-884e-beb54715aa1f'}
        Body: {"security_group_rule": {"remote_group_id": null, "direction": "egress", "remote_ip_prefix": null, "protocol": "tcp", "ethertype": "IPv4", "tenant_id": "f66cd19d58894f38996b5a9412054f58", "port_range_max": 22, "port_range_min": 22, "id": "eaa40503-53e8-4028-811b-930f749d51e8", "security_group_id": "c855dbeb-dbf4-4fc1-a248-8415651452f2"}}
2015-12-14 17:34:05,805 25714 INFO     [tempest_lib.common.rest_client] Request (TestNetworkBasicOps:test_connectivity_between_vms_on_different_networks): 201 POST http://10.0.2.15:9696/v2.0/security-group-rules 0.126s
2015-12-14 17:34:05,806 25714 DEBUG    [tempest_lib.common.rest_client] Request - Headers: {'Content-Type': 'application/json', 'Accept': 'application/json', 'X-Auth-Token': '&lt;omitted&gt;'}
        Body: {"security_group_rule": {"tenant_id": "f66cd19d58894f38996b5a9412054f58", "direction": "ingress", "protocol": "icmp", "security_group_id": "c855dbeb-dbf4-4fc1-a248-8415651452f2"}}
    Response - Headers: {'status': '201', 'content-length': '345', 'connection': 'close', 'date': 'Mon, 14 Dec 2015 17:34:05 GMT', 'content-type': 'application/json; charset=UTF-8', 'x-openstack-request-id': 'req-af6cd9f0-4f69-426d-93e2-85280a43a447'}
        Body: {"security_group_rule": {"remote_group_id": null, "direction": "ingress", "remote_ip_prefix": null, "protocol": "icmp", "ethertype": "IPv4", "tenant_id": "f66cd19d58894f38996b5a9412054f58", "port_range_max": null, "port_range_min": null, "id": "a7b30fb7-dc8a-41b6-a1e2-1aea70ce42fa", "security_group_id": "c855dbeb-dbf4-4fc1-a248-8415651452f2"}}
2015-12-14 17:34:05,928 25714 INFO     [tempest_lib.common.rest_client] Request (TestNetworkBasicOps:test_connectivity_between_vms_on_different_networks): 201 POST http://10.0.2.15:9696/v2.0/security-group-rules 0.120s
2015-12-14 17:34:05,929 25714 DEBUG    [tempest_lib.common.rest_client] Request - Headers: {'Content-Type': 'application/json', 'Accept': 'application/json', 'X-Auth-Token': '&lt;omitted&gt;'}
        Body: {"security_group_rule": {"tenant_id": "f66cd19d58894f38996b5a9412054f58", "direction": "egress", "protocol": "icmp", "security_group_id": "c855dbeb-dbf4-4fc1-a248-8415651452f2"}}
    Response - Headers: {'status': '201', 'content-length': '344', 'connection': 'close', 'date': 'Mon, 14 Dec 2015 17:34:05 GMT', 'content-type': 'application/json; charset=UTF-8', 'x-openstack-request-id': 'req-bc864882-fda7-46c1-9f13-7fa36f43c261'}
        Body: {"security_group_rule": {"remote_group_id": null, "direction": "egress", "remote_ip_prefix": null, "protocol": "icmp", "ethertype": "IPv4", "tenant_id": "f66cd19d58894f38996b5a9412054f58", "port_range_max": null, "port_range_min": null, "id": "dfacd5b1-3f1a-4f45-8377-5a7cd14ab4f9", "security_group_id": "c855dbeb-dbf4-4fc1-a248-8415651452f2"}}
2015-12-14 17:34:06,053 25714 INFO     [tempest_lib.common.rest_client] Request (TestNetworkBasicOps:test_connectivity_between_vms_on_different_networks): 201 POST http://10.0.2.15:9696/v2.0/security-group-rules 0.123s
2015-12-14 17:34:06,054 25714 DEBUG    [tempest_lib.common.rest_client] Request - Headers: {'Content-Type': 'application/json', 'Accept': 'application/json', 'X-Auth-Token': '&lt;omitted&gt;'}
        Body: {"security_group_rule": {"tenant_id": "f66cd19d58894f38996b5a9412054f58", "direction": "ingress", "security_group_id": "c855dbeb-dbf4-4fc1-a248-8415651452f2", "protocol": "icmp", "ethertype": "IPv6"}}
    Response - Headers: {'status': '201', 'content-length': '345', 'connection': 'close', 'date': 'Mon, 14 Dec 2015 17:34:06 GMT', 'content-type': 'application/json; charset=UTF-8', 'x-openstack-request-id': 'req-24109d69-9852-4748-aeae-bf5ebde7b81e'}
        Body: {"security_group_rule": {"remote_group_id": null, "direction": "ingress", "remote_ip_prefix": null, "protocol": "icmp", "ethertype": "IPv6", "tenant_id": "f66cd19d58894f38996b5a9412054f58", "port_range_max": null, "port_range_min": null, "id": "9d5e2577-3386-4aa4-9b1b-bdc4389c74dd", "security_group_id": "c855dbeb-dbf4-4fc1-a248-8415651452f2"}}
2015-12-14 17:34:06,296 25714 INFO     [tempest_lib.common.rest_client] Request (TestNetworkBasicOps:test_connectivity_between_vms_on_different_networks): 201 POST http://10.0.2.15:9696/v2.0/security-group-rules 0.241s
2015-12-14 17:34:06,296 25714 DEBUG    [tempest_lib.common.rest_client] Request - Headers: {'Content-Type': 'application/json', 'Accept': 'application/json', 'X-Auth-Token': '&lt;omitted&gt;'}
        Body: {"security_group_rule": {"tenant_id": "f66cd19d58894f38996b5a9412054f58", "direction": "egress", "security_group_id": "c855dbeb-dbf4-4fc1-a248-8415651452f2", "protocol": "icmp", "ethertype": "IPv6"}}
    Response - Headers: {'status': '201', 'content-length': '344', 'connection': 'close', 'date': 'Mon, 14 Dec 2015 17:34:06 GMT', 'content-type': 'application/json; charset=UTF-8', 'x-openstack-request-id': 'req-c9b6a062-fb83-49ad-9660-06f89ca86ac3'}
        Body: {"security_group_rule": {"remote_group_id": null, "direction": "egress", "remote_ip_prefix": null, "protocol": "icmp", "ethertype": "IPv6", "tenant_id": "f66cd19d58894f38996b5a9412054f58", "port_range_max": null, "port_range_min": null, "id": "c5de339e-6f13-4aa7-ba24-e736bb228758", "security_group_id": "c855dbeb-dbf4-4fc1-a248-8415651452f2"}}
2015-12-14 17:34:06,498 25714 INFO     [tempest_lib.common.rest_client] Request (TestNetworkBasicOps:test_connectivity_between_vms_on_different_networks): 201 POST http://10.0.2.15:9696/v2.0/networks 0.201s
2015-12-14 17:34:06,499 25714 DEBUG    [tempest_lib.common.rest_client] Request - Headers: {'Content-Type': 'application/json', 'Accept': 'application/json', 'X-Auth-Token': '&lt;omitted&gt;'}
        Body: {"network": {"tenant_id": "f66cd19d58894f38996b5a9412054f58", "name": "tempest-network-smoke--806941395"}}
    Response - Headers: {'status': '201', 'content-length': '328', 'connection': 'close', 'date': 'Mon, 14 Dec 2015 17:34:06 GMT', 'content-type': 'application/json; charset=UTF-8', 'x-openstack-request-id': 'req-46e6bc87-a17a-4859-96ab-f269e36b7d5c'}
        Body: {"network": {"status": "ACTIVE", "subnets": [], "availability_zone_hints": "[]", "name": "tempest-network-smoke--806941395", "admin_state_up": true, "tenant_id": "f66cd19d58894f38996b5a9412054f58", "mtu": 0, "router:external": false, "shared": false, "port_security_enabled": true, "id": "eacbe0bb-405d-43d8-8d09-7e49015bace1"}}
2015-12-14 17:34:06,594 25714 INFO     [tempest_lib.common.rest_client] Request (TestNetworkBasicOps:test_connectivity_between_vms_on_different_networks): 201 POST http://10.0.2.15:9696/v2.0/routers 0.094s
2015-12-14 17:34:06,595 25714 DEBUG    [tempest_lib.common.rest_client] Request - Headers: {'Content-Type': 'application/json', 'Accept': 'application/json', 'X-Auth-Token': '&lt;omitted&gt;'}
        Body: {"router": {"tenant_id": "f66cd19d58894f38996b5a9412054f58", "name": "tempest-router-smoke-1044025639", "admin_state_up": true}}
    Response - Headers: {'status': '201', 'content-length': '296', 'connection': 'close', 'date': 'Mon, 14 Dec 2015 17:34:06 GMT', 'content-type': 'application/json; charset=UTF-8', 'x-openstack-request-id': 'req-70808d63-0727-4feb-a9b1-7ad64dab695f'}
        Body: {"router": {"status": "ACTIVE", "external_gateway_info": null, "availability_zone_hints": [], "availability_zones": [], "name": "tempest-router-smoke-1044025639", "admin_state_up": true, "tenant_id": "f66cd19d58894f38996b5a9412054f58", "routes": [], "id": "78bb0ddb-5e8e-4149-8514-76a4796292e6"}}
2015-12-14 17:34:06,653 25714 INFO     [tempest_lib.common.rest_client] Request (TestNetworkBasicOps:test_connectivity_between_vms_on_different_networks): 200 GET http://10.0.2.15:9696/v2.0/routers/78bb0ddb-5e8e-4149-8514-76a4796292e6 0.057s
2015-12-14 17:34:06,655 25714 DEBUG    [tempest_lib.common.rest_client] Request - Headers: {'Content-Type': 'application/json', 'Accept': 'application/json', 'X-Auth-Token': '&lt;omitted&gt;'}
        Body: None
    Response - Headers: {'status': '200', 'content-length': '296', 'content-location': 'http://10.0.2.15:9696/v2.0/routers/78bb0ddb-5e8e-4149-8514-76a4796292e6', 'connection': 'close', 'date': 'Mon, 14 Dec 2015 17:34:06 GMT', 'content-type': 'application/json; charset=UTF-8', 'x-openstack-request-id': 'req-b9797e90-b310-43bf-9672-cb767b8013c3'}
        Body: {"router": {"status": "ACTIVE", "external_gateway_info": null, "availability_zone_hints": [], "availability_zones": [], "name": "tempest-router-smoke-1044025639", "admin_state_up": true, "tenant_id": "f66cd19d58894f38996b5a9412054f58", "routes": [], "id": "78bb0ddb-5e8e-4149-8514-76a4796292e6"}}
2015-12-14 17:34:07,323 25714 INFO     [tempest_lib.common.rest_client] Request (TestNetworkBasicOps:test_connectivity_between_vms_on_different_networks): 200 PUT http://10.0.2.15:9696/v2.0/routers/78bb0ddb-5e8e-4149-8514-76a4796292e6 0.667s
2015-12-14 17:34:07,324 25714 DEBUG    [tempest_lib.common.rest_client] Request - Headers: {'Content-Type': 'application/json', 'Accept': 'application/json', 'X-Auth-Token': '&lt;omitted&gt;'}
        Body: {"router": {"external_gateway_info": {"network_id": "26d27b27-399e-4ee2-a476-a3194777cb85"}, "name": "tempest-router-smoke-1044025639", "admin_state_up": true}}
    Response - Headers: {'status': '200', 'content-length': '558', 'connection': 'close', 'date': 'Mon, 14 Dec 2015 17:34:07 GMT', 'content-type': 'application/json; charset=UTF-8', 'x-openstack-request-id': 'req-79495312-0896-4bd3-a1d7-101a54c2fe5d'}
        Body: {"router": {"status": "ACTIVE", "external_gateway_info": {"network_id": "26d27b27-399e-4ee2-a476-a3194777cb85", "enable_snat": true, "external_fixed_ips": [{"subnet_id": "dc84026a-8394-4aa6-bf84-98b55a789415", "ip_address": "172.24.4.3"}, {"subnet_id": "be2172b9-5d51-4776-b663-d8f336b072ba", "ip_address": "2001:db8::3"}]}, "availability_zone_hints": [], "availability_zones": [], "name": "tempest-router-smoke-1044025639", "admin_state_up": true, "tenant_id": "f66cd19d58894f38996b5a9412054f58", "routes": [], "id": "78bb0ddb-5e8e-4149-8514-76a4796292e6"}}
2015-12-14 17:34:07,474 25714 INFO     [tempest_lib.common.rest_client] Request (TestNetworkBasicOps:test_connectivity_between_vms_on_different_networks): 200 GET http://10.0.2.15:9696/v2.0/subnets?tenant_id=f66cd19d58894f38996b5a9412054f58&amp;cidr=10.100.0.0%2F28 0.148s
2015-12-14 17:34:07,474 25714 DEBUG    [tempest_lib.common.rest_client] Request - Headers: {'Content-Type': 'application/json', 'Accept': 'application/json', 'X-Auth-Token': '&lt;omitted&gt;'}
        Body: None
    Response - Headers: {'status': '200', 'content-length': '15', 'content-location': 'http://10.0.2.15:9696/v2.0/subnets?tenant_id=f66cd19d58894f38996b5a9412054f58&amp;cidr=10.100.0.0%2F28', 'connection': 'close', 'date': 'Mon, 14 Dec 2015 17:34:07 GMT', 'content-type': 'application/json; charset=UTF-8', 'x-openstack-request-id': 'req-89dc989b-d7e6-4813-983e-9e80ab21789f'}
        Body: {"subnets": []}
2015-12-14 17:34:07,841 25714 INFO     [tempest_lib.common.rest_client] Request (TestNetworkBasicOps:test_connectivity_between_vms_on_different_networks): 201 POST http://10.0.2.15:9696/v2.0/subnets 0.366s
2015-12-14 17:34:07,842 25714 DEBUG    [tempest_lib.common.rest_client] Request - Headers: {'Content-Type': 'application/json', 'Accept': 'application/json', 'X-Auth-Token': '&lt;omitted&gt;'}
        Body: {"subnet": {"ip_version": 4, "tenant_id": "f66cd19d58894f38996b5a9412054f58", "cidr": "10.100.0.0/28", "network_id": "eacbe0bb-405d-43d8-8d09-7e49015bace1", "name": "tempest-subnet-smoke-442051283"}}
    Response - Headers: {'status': '201', 'content-length': '477', 'connection': 'close', 'date': 'Mon, 14 Dec 2015 17:34:07 GMT', 'content-type': 'application/json; charset=UTF-8', 'x-openstack-request-id': 'req-3a3755df-a871-47e8-bb78-76cef35550b5'}
        Body: {"subnet": {"name": "tempest-subnet-smoke-442051283", "enable_dhcp": true, "network_id": "eacbe0bb-405d-43d8-8d09-7e49015bace1", "tenant_id": "f66cd19d58894f38996b5a9412054f58", "dns_nameservers": [], "gateway_ip": "10.100.0.1", "ipv6_ra_mode": null, "allocation_pools": [{"start": "10.100.0.2", "end": "10.100.0.14"}], "host_routes": [], "ip_version": 4, "ipv6_address_mode": null, "cidr": "10.100.0.0/28", "id": "d3c96809-e65d-4ca8-b4be-faeb5f16f552", "subnetpool_id": null}}
2015-12-14 17:34:08,513 25714 INFO     [tempest_lib.common.rest_client] Request (TestNetworkBasicOps:test_connectivity_between_vms_on_different_networks): 200 PUT http://10.0.2.15:9696/v2.0/routers/78bb0ddb-5e8e-4149-8514-76a4796292e6/add_router_interface 0.670s
2015-12-14 17:34:08,513 25714 DEBUG    [tempest_lib.common.rest_client] Request - Headers: {'Content-Type': 'application/json', 'Accept': 'application/json', 'X-Auth-Token': '&lt;omitted&gt;'}
        Body: {"subnet_id": "d3c96809-e65d-4ca8-b4be-faeb5f16f552"}
    Response - Headers: {'status': '200', 'content-length': '255', 'connection': 'close', 'date': 'Mon, 14 Dec 2015 17:34:08 GMT', 'content-type': 'application/json; charset=UTF-8', 'x-openstack-request-id': 'req-8fc93b76-1dfa-4217-88e6-9575bba7372a'}
        Body: {"subnet_id": "d3c96809-e65d-4ca8-b4be-faeb5f16f552", "tenant_id": "f66cd19d58894f38996b5a9412054f58", "subnet_ids": ["d3c96809-e65d-4ca8-b4be-faeb5f16f552"], "port_id": "9b40ca73-70c6-4e1c-a0ce-97243eef5616", "id": "78bb0ddb-5e8e-4149-8514-76a4796292e6"}
2015-12-14 17:34:08,738 25714 INFO     [tempest_lib.common.rest_client] Request (TestNetworkBasicOps:test_connectivity_between_vms_on_different_networks): 200 GET http://10.0.2.15:9696/v2.0/networks 0.224s
2015-12-14 17:34:08,739 25714 DEBUG    [tempest_lib.common.rest_client] Request - Headers: {'Content-Type': 'application/json', 'Accept': 'application/json', 'X-Auth-Token': '&lt;omitted&gt;'}
        Body: None
    Response - Headers: {'status': '200', 'content-length': '1506', 'content-location': 'http://10.0.2.15:9696/v2.0/networks', 'connection': 'close', 'date': 'Mon, 14 Dec 2015 17:34:08 GMT', 'content-type': 'application/json; charset=UTF-8', 'x-openstack-request-id': 'req-3a2e5b1c-c308-413c-a6be-5c7586309f70'}
        Body: {"networks": [{"status": "ACTIVE", "subnets": ["be2172b9-5d51-4776-b663-d8f336b072ba", "dc84026a-8394-4aa6-bf84-98b55a789415"], "availability_zone_hints": [], "availability_zones": ["nova"], "name": "public", "provider:physical_network": null, "admin_state_up": true, "tenant_id": "9b02510e86e14833a2ed981627bb2f9c", "mtu": 0, "router:external": true, "shared": false, "port_security_enabled": true, "provider:network_type": "vxlan", "id": "26d27b27-399e-4ee2-a476-a3194777cb85", "provider:segmentation_id": 1023}, {"status": "ACTIVE", "subnets": ["62c8de2d-6b7f-4dd6-9047-8d466a2312ed", "7b1d45f4-c75c-47fa-954f-b89df71c4420"], "availability_zone_hints": [], "availability_zones": ["nova"], "name": "private", "provider:physical_network": null, "admin_state_up": true, "tenant_id": "e7045ff9dbaf4f13a77c0c7042c79b11", "mtu": 0, "router:external": false, "shared": false, "port_security_enabled": true, "provider:network_type": "vxlan", "id": "7a2703b7-8784-46fe-a260-52659a756a02", "provider:segmentation_id": 1073}, {"status": "ACTIVE", "subnets": ["d3c96809-e65d-4ca8-b4be-faeb5f16f552"], "availability_zone_hints": [], "availability_zones": ["nova"], "name": "tempest-network-smoke--806941395", "provider:physical_network": null, "admin_state_up": true, "tenant_id": "f66cd19d58894f38996b5a9412054f58", "mtu": 0, "router:external": false, "shared": false, "port_security_enabled": true, "provider:network_type": "vxlan", "id": "eacbe0bb-405d-43d8-8d09-7e49015bace1", "provider:segmentation_id": 1056}]}
2015-12-14 17:34:08,859 25714 INFO     [tempest_lib.common.rest_client] Request (TestNetworkBasicOps:test_connectivity_between_vms_on_different_networks): 200 GET http://10.0.2.15:9696/v2.0/subnets 0.120s
2015-12-14 17:34:08,860 25714 DEBUG    [tempest_lib.common.rest_client] Request - Headers: {'Content-Type': 'application/json', 'Accept': 'application/json', 'X-Auth-Token': '&lt;omitted&gt;'}
        Body: None
    Response - Headers: {'status': '200', 'content-length': '2407', 'content-location': 'http://10.0.2.15:9696/v2.0/subnets', 'connection': 'close', 'date': 'Mon, 14 Dec 2015 17:34:08 GMT', 'content-type': 'application/json; charset=UTF-8', 'x-openstack-request-id': 'req-33834541-83d1-4499-88b0-1e179a8e2e0f'}
        Body: {"subnets": [{"name": "ipv6-private-subnet", "enable_dhcp": true, "network_id": "7a2703b7-8784-46fe-a260-52659a756a02", "tenant_id": "e7045ff9dbaf4f13a77c0c7042c79b11", "dns_nameservers": [], "gateway_ip": "fd4b:3c78:9881::1", "ipv6_ra_mode": "slaac", "allocation_pools": [{"start": "fd4b:3c78:9881::2", "end": "fd4b:3c78:9881:0:ffff:ffff:ffff:ffff"}], "host_routes": [], "ip_version": 6, "ipv6_address_mode": "slaac", "cidr": "fd4b:3c78:9881::/64", "id": "62c8de2d-6b7f-4dd6-9047-8d466a2312ed", "subnetpool_id": null}, {"name": "public-subnet", "enable_dhcp": false, "network_id": "26d27b27-399e-4ee2-a476-a3194777cb85", "tenant_id": "9b02510e86e14833a2ed981627bb2f9c", "dns_nameservers": [], "gateway_ip": "172.24.4.1", "ipv6_ra_mode": null, "allocation_pools": [{"start": "172.24.4.2", "end": "172.24.4.254"}], "host_routes": [], "ip_version": 4, "ipv6_address_mode": null, "cidr": "172.24.4.0/24", "id": "dc84026a-8394-4aa6-bf84-98b55a789415", "subnetpool_id": null}, {"name": "private-subnet", "enable_dhcp": true, "network_id": "7a2703b7-8784-46fe-a260-52659a756a02", "tenant_id": "e7045ff9dbaf4f13a77c0c7042c79b11", "dns_nameservers": [], "gateway_ip": "10.0.0.1", "ipv6_ra_mode": null, "allocation_pools": [{"start": "10.0.0.2", "end": "10.0.0.254"}], "host_routes": [], "ip_version": 4, "ipv6_address_mode": null, "cidr": "10.0.0.0/24", "id": "7b1d45f4-c75c-47fa-954f-b89df71c4420", "subnetpool_id": null}, {"name": "ipv6-public-subnet", "enable_dhcp": false, "network_id": "26d27b27-399e-4ee2-a476-a3194777cb85", "tenant_id": "9b02510e86e14833a2ed981627bb2f9c", "dns_nameservers": [], "gateway_ip": "2001:db8::2", "ipv6_ra_mode": null, "allocation_pools": [{"start": "2001:db8::1", "end": "2001:db8::1"}, {"start": "2001:db8::3", "end": "2001:db8::ffff:ffff:ffff:ffff"}], "host_routes": [], "ip_version": 6, "ipv6_address_mode": null, "cidr": "2001:db8::/64", "id": "be2172b9-5d51-4776-b663-d8f336b072ba", "subnetpool_id": null}, {"name": "tempest-subnet-smoke-442051283", "enable_dhcp": true, "network_id": "eacbe0bb-405d-43d8-8d09-7e49015bace1", "tenant_id": "f66cd19d58894f38996b5a9412054f58", "dns_nameservers": [], "gateway_ip": "10.100.0.1", "ipv6_ra_mode": null, "allocation_pools": [{"start": "10.100.0.2", "end": "10.100.0.14"}], "host_routes": [], "ip_version": 4, "ipv6_address_mode": null, "cidr": "10.100.0.0/28", "id": "d3c96809-e65d-4ca8-b4be-faeb5f16f552", "subnetpool_id": null}]}
2015-12-14 17:34:08,930 25714 INFO     [tempest_lib.common.rest_client] Request (TestNetworkBasicOps:test_connectivity_between_vms_on_different_networks): 200 GET http://10.0.2.15:9696/v2.0/routers 0.068s
2015-12-14 17:34:08,930 25714 DEBUG    [tempest_lib.common.rest_client] Request - Headers: {'Content-Type': 'application/json', 'Accept': 'application/json', 'X-Auth-Token': '&lt;omitted&gt;'}
        Body: None
    Response - Headers: {'status': '200', 'content-length': '1167', 'content-location': 'http://10.0.2.15:9696/v2.0/routers', 'connection': 'close', 'date': 'Mon, 14 Dec 2015 17:34:08 GMT', 'content-type': 'application/json; charset=UTF-8', 'x-openstack-request-id': 'req-8c639636-ba04-462f-aaeb-001e22c8a323'}
        Body: {"routers": [{"status": "ACTIVE", "external_gateway_info": {"network_id": "26d27b27-399e-4ee2-a476-a3194777cb85", "enable_snat": true, "external_fixed_ips": [{"subnet_id": "dc84026a-8394-4aa6-bf84-98b55a789415", "ip_address": "172.24.4.3"}, {"subnet_id": "be2172b9-5d51-4776-b663-d8f336b072ba", "ip_address": "2001:db8::3"}]}, "availability_zone_hints": [], "availability_zones": ["nova"], "name": "tempest-router-smoke-1044025639", "admin_state_up": true, "tenant_id": "f66cd19d58894f38996b5a9412054f58", "distributed": false, "routes": [], "ha": false, "id": "78bb0ddb-5e8e-4149-8514-76a4796292e6"}, {"status": "ACTIVE", "external_gateway_info": {"network_id": "26d27b27-399e-4ee2-a476-a3194777cb85", "enable_snat": true, "external_fixed_ips": [{"subnet_id": "dc84026a-8394-4aa6-bf84-98b55a789415", "ip_address": "172.24.4.2"}, {"subnet_id": "be2172b9-5d51-4776-b663-d8f336b072ba", "ip_address": "2001:db8::1"}]}, "availability_zone_hints": [], "availability_zones": ["nova"], "name": "router1", "admin_state_up": true, "tenant_id": "e7045ff9dbaf4f13a77c0c7042c79b11", "distributed": false, "routes": [], "ha": false, "id": "d210c227-f127-4546-a902-e034692142c0"}]}
2015-12-14 17:34:09,437 25714 INFO     [tempest_lib.common.rest_client] Request (TestNetworkBasicOps:test_connectivity_between_vms_on_different_networks): 200 POST http://10.0.2.15:8774/v2.1/f66cd19d58894f38996b5a9412054f58/os-keypairs 0.506s
2015-12-14 17:34:09,438 25714 DEBUG    [tempest_lib.common.rest_client] Request - Headers: {'Content-Type': 'application/json', 'Accept': 'application/json', 'X-Auth-Token': '&lt;omitted&gt;'}
        Body: {"keypair": {"name": "tempest-TestNetworkBasicOps-622476863"}}
    Response - Headers: {'status': '200', 'content-length': '2320', 'x-compute-request-id': 'req-05a15dbb-7582-4c53-9d15-ffe864f933e0', 'vary': 'X-OpenStack-Nova-API-Version', 'connection': 'close', 'x-openstack-nova-api-version': '2.1', 'date': 'Mon, 14 Dec 2015 17:34:09 GMT', 'content-type': 'application/json'}
        Body: {"keypair": {"public_key": "ssh-rsa AAAAB3NzaC1yc2EAAAADAQABAAABAQCit/3Dy/9TgglfR5DymN7S6mcgkAo2IgjcPAH/s8w/YnRTlvcf1LYOmMUNQwMqufkC0Vx84XG7z0UMMD84bOLJl8JyrXDIUL4ZbX2Nr4ygUcngEvrp33/Yq0mdRjTcvDjSpcEnhRVEZjZGOseivv/0RKXbqbq2M9nIlqZaPXeYEfB8NbvyPkZJREV/u0RZJJD1fPkYXEKcgLvE49H7dJv1Ll//YzOjj7QAzwQJjMSHif9Tr4Q3/cDgN6CsSkwpraK5BETKUVqbJ2iVuB3bsueYF5L1DUDYNesT9IZaQFAQ89YBgbCh8JqXOf1aFpeepMa3YgvtPiy3wNFXoTsLmdUB Generated-by-Nova", "private_key": "-----BEGIN RSA PRIVATE KEY-----\nMIIEqAIBAAKCAQEAorf9w8v/U4IJX0eQ8pje0upnIJAKNiII3DwB/7PMP2J0U5b3\nH9S2DpjFDUMDKrn5AtFcfOFxu89FDDA/OGziyZfCcq1wyFC+GW19ja+MoFHJ4BL6\n6d9/2KtJnUY03Lw40qXBJ4UVRGY2RjrHor7/9ESl26m6tjPZyJamWj13mBHwfDW7\n8j5GSURFf7tEWSSQ9Xz5GFxCnIC7xOPR+3Sb9S5f/2Mzo4+0AM8ECYzEh4n/U6+E\nN/3A4DegrEpMKa2iuQREylFamydolbgd27LnmBeS9Q1A2DXrE/SGWkBQEPPWAYGw\nofCalzn9WhaXnqTGt2IL7T4st8DRV6E7C5nVAQIDAQABAoIBAAWYqmOninqGyGe8\ngGG3nEJIyY83JQLDnOZmMfNnbajoa/PMB2fS2wgZfP19xogbqVLNfI7W+iBpeoh2\nyFXaeNpSG9/x0yUwkbkyKNVMqluBNJ4+SN7uTulWystb9Ml6t8GW7dO8IgUeNtOn\nheI1C3yNN98cMU2+7siVVddYsdpLBYlNscZWPC4Kq2jFZ92NfIn2FyTcwnxHx3xh\n6tRANcHjW4vCZk3IRqFJiLd391dB/IrcTMhUimYFJIgM8aSbPND//hrY8VB76LWd\n1jJivDFK5/l2AwT/GN4rMtWrFLSVWEn2xsZw4B2gZ958ymTTDw2oG+29lPXIMYgC\nUkptVaECggCBALct151YwM6EPdY7zwYE54Aq3Qv1WE7Ouvo4RPtAcMmgB3jAZllw\nPwBqF6hvehMWrxN9qT1j7Xlf0Q8pYEqjTPVA6uvuhH1z6you1dDo1QWdVmwOPEJY\n+Q4JA7pL96sfBIOn+LZVtMB2Ir5Y4cigsd8UKEPDKUQkzZjqtzuBne8VAoIAgQDj\nZ+VhJscBnoo+t+egzdacGSXR/10R5Zfl4A2NHUDsq8wbXTR/UbAO9A6VaWKPAH3P\nzNfASHEwuQN3tSyYocNTt5wPns37M9Eep49pUUGJYx6YNWmV5Ii/XoZgSZR4diGm\neXFFHp2w9TD4tqAmt13oPOAaozWJ7ItDTkPqjlepPQKCAIB9HV+nBkbzB5og6Mr3\nZoQko6JFl7dQZJ2LaMGdBx/CZ36S+H8v2Z3+j3hHQJUV0qmUW4EsAEPkYhCuFWnC\nsRVQcp3CtjBia7mVH1ZFkbJmWlf8CCEahCDgeEHGjjrE87OmpSUYjSOfTVFfx9+3\npCK5ps/1sKhP9f9D0hWDHH4eHQKCAIB+rNJ28t3qhgEmfNVXmzIQVGXf++tBW+7o\ni42g7QnMjMqu95WV0tBLFCLHkiPn2vM6fTY2E2SSKo3G8jJ8d6fSC7awcNr3Mt8r\nv1VA6pWiTYeubBp7+AlA6QvbuUEudUe7b2zsfuiCuaLk+P5vcrep9bc0v3PEd/L/\ntCpbD52/VQKCAIEAmpaNAcoCXoENk/zk2WuNOtF5uNi03eQXs2VnMnz/vNCujNM8\nCrWHkg0RYm8d72ZD8nt1LUXnfi6aWLXvheeeemJwy8YPKzZ/p2HWm6USKO/ZA152\nJL6dIMJRlGAbTCA7Is+VwYqFxEBK+60IY5R9NsM+/VJ9SccdQ3fvVOqiAkc=\n-----END RSA PRIVATE KEY-----\n", "user_id": "4f435ccd1cd24912b1b23550905328f0", "name": "tempest-TestNetworkBasicOps-622476863", "fingerprint": "11:eb:8d:ba:8b:3a:e3:ee:0a:ee:2a:17:78:be:1d:66"}}
2015-12-14 17:34:09,548 25714 INFO     [tempest_lib.common.rest_client] Request (TestNetworkBasicOps:test_connectivity_between_vms_on_different_networks): 200 POST http://10.0.2.15:5000/v2.0/tokens
2015-12-14 17:34:09,548 25714 DEBUG    [tempest_lib.common.rest_client] Request - Headers: {'Content-Type': 'application/json', 'Accept': 'application/json'}
        Body: &lt;omitted&gt;
    Response - Headers: {'status': '200', 'content-length': '2526', 'vary': 'X-Auth-Token', 'server': 'Apache/2.4.7 (Ubuntu)', 'connection': 'close', 'date': 'Mon, 14 Dec 2015 17:34:09 GMT', 'content-type': 'application/json', 'x-openstack-request-id': 'req-7a581107-71c4-4c9e-9e45-27bb6430c694'}
        Body: {"access": {"token": {"issued_at": "2015-12-14T17:34:09.537418", "expires": "2015-12-14T18:34:09Z", "id": "6a28179a594a49dd9143e2d426c887fd", "tenant": {"description": "tempest-TestNetworkBasicOps-943102517-desc", "enabled": true, "id": "f66cd19d58894f38996b5a9412054f58", "name": "tempest-TestNetworkBasicOps-943102517"}, "audit_ids": ["DwqsS8b5Qf6DIeBPN_D-Wg"]}, "serviceCatalog": [{"endpoints": [{"adminURL": "http://10.0.2.15:8774/v2.1/f66cd19d58894f38996b5a9412054f58", "region": "RegionOne", "internalURL": "http://10.0.2.15:8774/v2.1/f66cd19d58894f38996b5a9412054f58", "id": "357a25ba19c7425a8406855dd0abf6cc", "publicURL": "http://10.0.2.15:8774/v2.1/f66cd19d58894f38996b5a9412054f58"}], "endpoints_links": [], "type": "compute", "name": "nova"}, {"endpoints": [{"adminURL": "http://10.0.2.15:9696/", "region": "RegionOne", "internalURL": "http://10.0.2.15:9696/", "id": "7a6275507374469289fc9780027d18ce", "publicURL": "http://10.0.2.15:9696/"}], "endpoints_links": [], "type": "network", "name": "neutron"}, {"endpoints": [{"adminURL": "http://10.0.2.15:9292", "region": "RegionOne", "internalURL": "http://10.0.2.15:9292", "id": "37cc13cb466349a99c2fd20f7ecf3c82", "publicURL": "http://10.0.2.15:9292"}], "endpoints_links": [], "type": "image", "name": "glance"}, {"endpoints": [{"adminURL": "http://10.0.2.15:8774/v2/f66cd19d58894f38996b5a9412054f58", "region": "RegionOne", "internalURL": "http://10.0.2.15:8774/v2/f66cd19d58894f38996b5a9412054f58", "id": "1fdfc69ba3ea4689a9817f61b7ca38db", "publicURL": "http://10.0.2.15:8774/v2/f66cd19d58894f38996b5a9412054f58"}], "endpoints_links": [], "type": "compute_legacy", "name": "nova_legacy"}, {"endpoints": [{"adminURL": "http://10.0.2.15:8773/", "region": "RegionOne", "internalURL": "http://10.0.2.15:8773/", "id": "30d07c2c3d584c3eb2b5559199835af8", "publicURL": "http://10.0.2.15:8773/"}], "endpoints_links": [], "type": "ec2", "name": "ec2"}, {"endpoints": [{"adminURL": "http://10.0.2.15:35357/v2.0", "region": "RegionOne", "internalURL": "http://10.0.2.15:5000/v2.0", "id": "4a4359efe9fe469f8016b73166b10c47", "publicURL": "http://10.0.2.15:5000/v2.0"}], "endpoints_links": [], "type": "identity", "name": "keystone"}], "user": {"username": "tempest-TestNetworkBasicOps-155736323", "roles_links": [], "id": "4f435ccd1cd24912b1b23550905328f0", "roles": [{"name": "Member"}, {"name": "_member_"}], "name": "tempest-TestNetworkBasicOps-155736323"}, "metadata": {"is_admin": 0, "roles": ["07b626b5518c4e6786e50c6a8fb7c5db", "9fe2ff9ee4384b1894a90878d3e92bab"]}}}
2015-12-14 17:34:09,553 25714 DEBUG    [tempest.common.fixed_network] (TestNetworkBasicOps:test_connectivity_between_vms_on_different_networks) No valid network provided or created, defaulting to fixed_network_name
2015-12-14 17:34:09,841 25714 INFO     [tempest_lib.common.rest_client] Request (TestNetworkBasicOps:test_connectivity_between_vms_on_different_networks): 200 GET http://10.0.2.15:8774/v2.1/f66cd19d58894f38996b5a9412054f58/os-networks 0.287s
2015-12-14 17:34:09,841 25714 DEBUG    [tempest_lib.common.rest_client] Request - Headers: {'Content-Type': 'application/json', 'Accept': 'application/json', 'X-Auth-Token': '&lt;omitted&gt;'}
        Body: None
    Response - Headers: {'status': '200', 'content-length': '478', 'content-location': 'http://10.0.2.15:8774/v2.1/f66cd19d58894f38996b5a9412054f58/os-networks', 'x-compute-request-id': 'req-b70ae440-daf8-444d-94ab-67b22f2c6a49', 'vary': 'X-OpenStack-Nova-API-Version', 'connection': 'close', 'x-openstack-nova-api-version': '2.1', 'date': 'Mon, 14 Dec 2015 17:34:09 GMT', 'content-type': 'application/json'}
        Body: {"networks": [{"cidr_v6": null, "dns2": null, "dns1": null, "gateway": null, "broadcast": null, "netmask": null, "gateway_v6": null, "cidr": null, "label": "tempest-network-smoke--806941395", "id": "eacbe0bb-405d-43d8-8d09-7e49015bace1", "netmask_v6": null}, {"cidr_v6": null, "dns2": null, "dns1": null, "gateway": null, "broadcast": null, "netmask": null, "gateway_v6": null, "cidr": null, "label": "public", "id": "26d27b27-399e-4ee2-a476-a3194777cb85", "netmask_v6": null}]}
2015-12-14 17:34:09,842 25714 WARNING  [tempest.common.fixed_network] (TestNetworkBasicOps:test_connectivity_between_vms_on_different_networks) Network with name: private not found
2015-12-14 17:34:09,842 25714 INFO     [tempest.common.fixed_network] (TestNetworkBasicOps:test_connectivity_between_vms_on_different_networks) Found network {} available for tenant
2015-12-14 17:34:11,056 25714 INFO     [tempest_lib.common.rest_client] Request (TestNetworkBasicOps:test_connectivity_between_vms_on_different_networks): 202 POST http://10.0.2.15:8774/v2.1/f66cd19d58894f38996b5a9412054f58/servers 1.213s
2015-12-14 17:34:11,056 25714 DEBUG    [tempest_lib.common.rest_client] Request - Headers: {'Content-Type': 'application/json', 'Accept': 'application/json', 'X-Auth-Token': '&lt;omitted&gt;'}
        Body: {"server": {"name": "tempest.common.compute-instance-2111301578", "imageRef": "92bb4bc9-7752-4ca1-8c47-26c0b09f8bfe", "key_name": "tempest-TestNetworkBasicOps-622476863", "flavorRef": "42", "networks": [{"uuid": "eacbe0bb-405d-43d8-8d09-7e49015bace1"}], "security_groups": [{"name": "tempest-secgroup-smoke-283859858"}]}}
    Response - Headers: {'status': '202', 'content-length': '461', 'x-compute-request-id': 'req-4f1e864b-c727-4f74-b79f-2d4e2ef4646c', 'vary': 'X-OpenStack-Nova-API-Version', 'connection': 'close', 'location': 'http://10.0.2.15:8774/v2.1/f66cd19d58894f38996b5a9412054f58/servers/a676ba74-245f-422b-9aa5-09d4d0bfd11e', 'x-openstack-nova-api-version': '2.1', 'date': 'Mon, 14 Dec 2015 17:34:11 GMT', 'content-type': 'application/json'}
        Body: {"server": {"security_groups": [{"name": "tempest-secgroup-smoke-283859858"}], "OS-DCF:diskConfig": "MANUAL", "id": "a676ba74-245f-422b-9aa5-09d4d0bfd11e", "links": [{"href": "http://10.0.2.15:8774/v2.1/f66cd19d58894f38996b5a9412054f58/servers/a676ba74-245f-422b-9aa5-09d4d0bfd11e", "rel": "self"}, {"href": "http://10.0.2.15:8774/f66cd19d58894f38996b5a9412054f58/servers/a676ba74-245f-422b-9aa5-09d4d0bfd11e", "rel": "bookmark"}], "adminPass": "2Jd2RuDeTxa7"}}
2015-12-14 17:34:11,303 25714 INFO     [tempest_lib.common.rest_client] Request (TestNetworkBasicOps:test_connectivity_between_vms_on_different_networks): 200 GET http://10.0.2.15:8774/v2.1/f66cd19d58894f38996b5a9412054f58/servers/a676ba74-245f-422b-9aa5-09d4d0bfd11e 0.244s
2015-12-14 17:34:11,303 25714 DEBUG    [tempest_lib.common.rest_client] Request - Headers: {'Content-Type': 'application/json', 'Accept': 'application/json', 'X-Auth-Token': '&lt;omitted&gt;'}
        Body: None
    Response - Headers: {'status': '200', 'content-length': '1355', 'content-location': 'http://10.0.2.15:8774/v2.1/f66cd19d58894f38996b5a9412054f58/servers/a676ba74-245f-422b-9aa5-09d4d0bfd11e', 'x-compute-request-id': 'req-9e89bf9c-8713-42c4-8d30-146a635b9342', 'vary': 'X-OpenStack-Nova-API-Version', 'connection': 'close', 'x-openstack-nova-api-version': '2.1', 'date': 'Mon, 14 Dec 2015 17:34:11 GMT', 'content-type': 'application/json'}
        Body: {"server": {"status": "BUILD", "updated": "2015-12-14T17:34:11Z", "hostId": "", "addresses": {}, "links": [{"href": "http://10.0.2.15:8774/v2.1/f66cd19d58894f38996b5a9412054f58/servers/a676ba74-245f-422b-9aa5-09d4d0bfd11e", "rel": "self"}, {"href": "http://10.0.2.15:8774/f66cd19d58894f38996b5a9412054f58/servers/a676ba74-245f-422b-9aa5-09d4d0bfd11e", "rel": "bookmark"}], "key_name": "tempest-TestNetworkBasicOps-622476863", "image": {"id": "92bb4bc9-7752-4ca1-8c47-26c0b09f8bfe", "links": [{"href": "http://10.0.2.15:8774/f66cd19d58894f38996b5a9412054f58/images/92bb4bc9-7752-4ca1-8c47-26c0b09f8bfe", "rel": "bookmark"}]}, "OS-EXT-STS:task_state": "scheduling", "OS-EXT-STS:vm_state": "building", "OS-SRV-USG:launched_at": null, "flavor": {"id": "42", "links": [{"href": "http://10.0.2.15:8774/f66cd19d58894f38996b5a9412054f58/flavors/42", "rel": "bookmark"}]}, "id": "a676ba74-245f-422b-9aa5-09d4d0bfd11e", "OS-SRV-USG:terminated_at": null, "OS-EXT-AZ:availability_zone": "", "user_id": "4f435ccd1cd24912b1b23550905328f0", "name": "tempest.common.compute-instance-2111301578", "created": "2015-12-14T17:34:10Z", "tenant_id": "f66cd19d58894f38996b5a9412054f58", "OS-DCF:diskConfig": "MANUAL", "os-extended-volumes:volumes_attached": [], "accessIPv4": "", "accessIPv6": "", "progress": 0, "OS-EXT-STS:power_state": 0, "config_drive": "", "metadata": {}}}
2015-12-14 17:34:12,537 25714 INFO     [tempest_lib.common.rest_client] Request (TestNetworkBasicOps:test_connectivity_between_vms_on_different_networks): 200 GET http://10.0.2.15:8774/v2.1/f66cd19d58894f38996b5a9412054f58/servers/a676ba74-245f-422b-9aa5-09d4d0bfd11e 0.224s
2015-12-14 17:34:12,537 25714 DEBUG    [tempest_lib.common.rest_client] Request - Headers: {'Content-Type': 'application/json', 'Accept': 'application/json', 'X-Auth-Token': '&lt;omitted&gt;'}
        Body: None
    Response - Headers: {'status': '200', 'content-length': '1480', 'content-location': 'http://10.0.2.15:8774/v2.1/f66cd19d58894f38996b5a9412054f58/servers/a676ba74-245f-422b-9aa5-09d4d0bfd11e', 'x-compute-request-id': 'req-edc09884-174b-419a-bb62-225d45628416', 'vary': 'X-OpenStack-Nova-API-Version', 'connection': 'close', 'x-openstack-nova-api-version': '2.1', 'date': 'Mon, 14 Dec 2015 17:34:12 GMT', 'content-type': 'application/json'}
        Body: {"server": {"status": "BUILD", "updated": "2015-12-14T17:34:11Z", "hostId": "9df0b7eaa960328959a637971e981d6f6991d0defcc46e074c2af471", "addresses": {}, "links": [{"href": "http://10.0.2.15:8774/v2.1/f66cd19d58894f38996b5a9412054f58/servers/a676ba74-245f-422b-9aa5-09d4d0bfd11e", "rel": "self"}, {"href": "http://10.0.2.15:8774/f66cd19d58894f38996b5a9412054f58/servers/a676ba74-245f-422b-9aa5-09d4d0bfd11e", "rel": "bookmark"}], "key_name": "tempest-TestNetworkBasicOps-622476863", "image": {"id": "92bb4bc9-7752-4ca1-8c47-26c0b09f8bfe", "links": [{"href": "http://10.0.2.15:8774/f66cd19d58894f38996b5a9412054f58/images/92bb4bc9-7752-4ca1-8c47-26c0b09f8bfe", "rel": "bookmark"}]}, "OS-EXT-STS:task_state": "spawning", "OS-EXT-STS:vm_state": "building", "OS-SRV-USG:launched_at": null, "flavor": {"id": "42", "links": [{"href": "http://10.0.2.15:8774/f66cd19d58894f38996b5a9412054f58/flavors/42", "rel": "bookmark"}]}, "id": "a676ba74-245f-422b-9aa5-09d4d0bfd11e", "security_groups": [{"name": "tempest-secgroup-smoke-283859858"}], "OS-SRV-USG:terminated_at": null, "OS-EXT-AZ:availability_zone": "nova", "user_id": "4f435ccd1cd24912b1b23550905328f0", "name": "tempest.common.compute-instance-2111301578", "created": "2015-12-14T17:34:10Z", "tenant_id": "f66cd19d58894f38996b5a9412054f58", "OS-DCF:diskConfig": "MANUAL", "os-extended-volumes:volumes_attached": [], "accessIPv4": "", "accessIPv6": "", "progress": 0, "OS-EXT-STS:power_state": 0, "config_drive": "", "metadata": {}}}
2015-12-14 17:34:12,546 25714 INFO     [tempest.common.waiters] State transition "BUILD/scheduling" ==&gt; "BUILD/spawning" after 1 second wait
2015-12-14 17:34:13,755 25714 INFO     [tempest_lib.common.rest_client] Request (TestNetworkBasicOps:test_connectivity_between_vms_on_different_networks): 200 GET http://10.0.2.15:8774/v2.1/f66cd19d58894f38996b5a9412054f58/servers/a676ba74-245f-422b-9aa5-09d4d0bfd11e 0.207s
2015-12-14 17:34:13,755 25714 DEBUG    [tempest_lib.common.rest_client] Request - Headers: {'Content-Type': 'application/json', 'Accept': 'application/json', 'X-Auth-Token': '&lt;omitted&gt;'}
        Body: None
    Response - Headers: {'status': '200', 'content-length': '1480', 'content-location': 'http://10.0.2.15:8774/v2.1/f66cd19d58894f38996b5a9412054f58/servers/a676ba74-245f-422b-9aa5-09d4d0bfd11e', 'x-compute-request-id': 'req-0d305a10-aafe-4f51-9c87-58453b3a4cf3', 'vary': 'X-OpenStack-Nova-API-Version', 'connection': 'close', 'x-openstack-nova-api-version': '2.1', 'date': 'Mon, 14 Dec 2015 17:34:13 GMT', 'content-type': 'application/json'}
        Body: {"server": {"status": "BUILD", "updated": "2015-12-14T17:34:11Z", "hostId": "9df0b7eaa960328959a637971e981d6f6991d0defcc46e074c2af471", "addresses": {}, "links": [{"href": "http://10.0.2.15:8774/v2.1/f66cd19d58894f38996b5a9412054f58/servers/a676ba74-245f-422b-9aa5-09d4d0bfd11e", "rel": "self"}, {"href": "http://10.0.2.15:8774/f66cd19d58894f38996b5a9412054f58/servers/a676ba74-245f-422b-9aa5-09d4d0bfd11e", "rel": "bookmark"}], "key_name": "tempest-TestNetworkBasicOps-622476863", "image": {"id": "92bb4bc9-7752-4ca1-8c47-26c0b09f8bfe", "links": [{"href": "http://10.0.2.15:8774/f66cd19d58894f38996b5a9412054f58/images/92bb4bc9-7752-4ca1-8c47-26c0b09f8bfe", "rel": "bookmark"}]}, "OS-EXT-STS:task_state": "spawning", "OS-EXT-STS:vm_state": "building", "OS-SRV-USG:launched_at": null, "flavor": {"id": "42", "links": [{"href": "http://10.0.2.15:8774/f66cd19d58894f38996b5a9412054f58/flavors/42", "rel": "bookmark"}]}, "id": "a676ba74-245f-422b-9aa5-09d4d0bfd11e", "security_groups": [{"name": "tempest-secgroup-smoke-283859858"}], "OS-SRV-USG:terminated_at": null, "OS-EXT-AZ:availability_zone": "nova", "user_id": "4f435ccd1cd24912b1b23550905328f0", "name": "tempest.common.compute-instance-2111301578", "created": "2015-12-14T17:34:10Z", "tenant_id": "f66cd19d58894f38996b5a9412054f58", "OS-DCF:diskConfig": "MANUAL", "os-extended-volumes:volumes_attached": [], "accessIPv4": "", "accessIPv6": "", "progress": 0, "OS-EXT-STS:power_state": 0, "config_drive": "", "metadata": {}}}
2015-12-14 17:34:15,000 25714 INFO     [tempest_lib.common.rest_client] Request (TestNetworkBasicOps:test_connectivity_between_vms_on_different_networks): 200 GET http://10.0.2.15:8774/v2.1/f66cd19d58894f38996b5a9412054f58/servers/a676ba74-245f-422b-9aa5-09d4d0bfd11e 0.234s
2015-12-14 17:34:15,001 25714 DEBUG    [tempest_lib.common.rest_client] Request - Headers: {'Content-Type': 'application/json', 'Accept': 'application/json', 'X-Auth-Token': '&lt;omitted&gt;'}
        Body: None
    Response - Headers: {'status': '200', 'content-length': '1651', 'content-location': 'http://10.0.2.15:8774/v2.1/f66cd19d58894f38996b5a9412054f58/servers/a676ba74-245f-422b-9aa5-09d4d0bfd11e', 'x-compute-request-id': 'req-3f2bf0bb-34a1-402e-b31d-e614faaa804b', 'vary': 'X-OpenStack-Nova-API-Version', 'connection': 'close', 'x-openstack-nova-api-version': '2.1', 'date': 'Mon, 14 Dec 2015 17:34:14 GMT', 'content-type': 'application/json'}
        Body: {"server": {"status": "ACTIVE", "updated": "2015-12-14T17:34:14Z", "hostId": "9df0b7eaa960328959a637971e981d6f6991d0defcc46e074c2af471", "addresses": {"tempest-network-smoke--806941395": [{"OS-EXT-IPS-MAC:mac_addr": "fa:16:3e:ff:8c:73", "version": 4, "addr": "10.100.0.3", "OS-EXT-IPS:type": "fixed"}]}, "links": [{"href": "http://10.0.2.15:8774/v2.1/f66cd19d58894f38996b5a9412054f58/servers/a676ba74-245f-422b-9aa5-09d4d0bfd11e", "rel": "self"}, {"href": "http://10.0.2.15:8774/f66cd19d58894f38996b5a9412054f58/servers/a676ba74-245f-422b-9aa5-09d4d0bfd11e", "rel": "bookmark"}], "key_name": "tempest-TestNetworkBasicOps-622476863", "image": {"id": "92bb4bc9-7752-4ca1-8c47-26c0b09f8bfe", "links": [{"href": "http://10.0.2.15:8774/f66cd19d58894f38996b5a9412054f58/images/92bb4bc9-7752-4ca1-8c47-26c0b09f8bfe", "rel": "bookmark"}]}, "OS-EXT-STS:task_state": null, "OS-EXT-STS:vm_state": "active", "OS-SRV-USG:launched_at": "2015-12-14T17:34:14.000000", "flavor": {"id": "42", "links": [{"href": "http://10.0.2.15:8774/f66cd19d58894f38996b5a9412054f58/flavors/42", "rel": "bookmark"}]}, "id": "a676ba74-245f-422b-9aa5-09d4d0bfd11e", "security_groups": [{"name": "tempest-secgroup-smoke-283859858"}], "OS-SRV-USG:terminated_at": null, "OS-EXT-AZ:availability_zone": "nova", "user_id": "4f435ccd1cd24912b1b23550905328f0", "name": "tempest.common.compute-instance-2111301578", "created": "2015-12-14T17:34:10Z", "tenant_id": "f66cd19d58894f38996b5a9412054f58", "OS-DCF:diskConfig": "MANUAL", "os-extended-volumes:volumes_attached": [], "accessIPv4": "", "accessIPv6": "", "progress": 0, "OS-EXT-STS:power_state": 1, "config_drive": "True", "metadata": {}}}
2015-12-14 17:34:15,009 25714 INFO     [tempest.common.waiters] State transition "BUILD/spawning" ==&gt; "ACTIVE/None" after 4 second wait
2015-12-14 17:34:15,242 25714 INFO     [tempest_lib.common.rest_client] Request (TestNetworkBasicOps:test_connectivity_between_vms_on_different_networks): 200 GET http://10.0.2.15:8774/v2.1/f66cd19d58894f38996b5a9412054f58/servers/a676ba74-245f-422b-9aa5-09d4d0bfd11e 0.232s
2015-12-14 17:34:15,243 25714 DEBUG    [tempest_lib.common.rest_client] Request - Headers: {'Content-Type': 'application/json', 'Accept': 'application/json', 'X-Auth-Token': '&lt;omitted&gt;'}
        Body: None
    Response - Headers: {'status': '200', 'content-length': '1651', 'content-location': 'http://10.0.2.15:8774/v2.1/f66cd19d58894f38996b5a9412054f58/servers/a676ba74-245f-422b-9aa5-09d4d0bfd11e', 'x-compute-request-id': 'req-06c0f514-c262-46c3-9599-c732d1e5ed53', 'vary': 'X-OpenStack-Nova-API-Version', 'connection': 'close', 'x-openstack-nova-api-version': '2.1', 'date': 'Mon, 14 Dec 2015 17:34:15 GMT', 'content-type': 'application/json'}
        Body: {"server": {"status": "ACTIVE", "updated": "2015-12-14T17:34:14Z", "hostId": "9df0b7eaa960328959a637971e981d6f6991d0defcc46e074c2af471", "addresses": {"tempest-network-smoke--806941395": [{"OS-EXT-IPS-MAC:mac_addr": "fa:16:3e:ff:8c:73", "version": 4, "addr": "10.100.0.3", "OS-EXT-IPS:type": "fixed"}]}, "links": [{"href": "http://10.0.2.15:8774/v2.1/f66cd19d58894f38996b5a9412054f58/servers/a676ba74-245f-422b-9aa5-09d4d0bfd11e", "rel": "self"}, {"href": "http://10.0.2.15:8774/f66cd19d58894f38996b5a9412054f58/servers/a676ba74-245f-422b-9aa5-09d4d0bfd11e", "rel": "bookmark"}], "key_name": "tempest-TestNetworkBasicOps-622476863", "image": {"id": "92bb4bc9-7752-4ca1-8c47-26c0b09f8bfe", "links": [{"href": "http://10.0.2.15:8774/f66cd19d58894f38996b5a9412054f58/images/92bb4bc9-7752-4ca1-8c47-26c0b09f8bfe", "rel": "bookmark"}]}, "OS-EXT-STS:task_state": null, "OS-EXT-STS:vm_state": "active", "OS-SRV-USG:launched_at": "2015-12-14T17:34:14.000000", "flavor": {"id": "42", "links": [{"href": "http://10.0.2.15:8774/f66cd19d58894f38996b5a9412054f58/flavors/42", "rel": "bookmark"}]}, "id": "a676ba74-245f-422b-9aa5-09d4d0bfd11e", "security_groups": [{"name": "tempest-secgroup-smoke-283859858"}], "OS-SRV-USG:terminated_at": null, "OS-EXT-AZ:availability_zone": "nova", "user_id": "4f435ccd1cd24912b1b23550905328f0", "name": "tempest.common.compute-instance-2111301578", "created": "2015-12-14T17:34:10Z", "tenant_id": "f66cd19d58894f38996b5a9412054f58", "OS-DCF:diskConfig": "MANUAL", "os-extended-volumes:volumes_attached": [], "accessIPv4": "", "accessIPv6": "", "progress": 0, "OS-EXT-STS:power_state": 1, "config_drive": "True", "metadata": {}}}
2015-12-14 17:34:15,252 25714 INFO     [tempest.scenario.manager] Tenant networks not configured to be reachable.
2015-12-14 17:34:15,294 25714 INFO     [tempest_lib.common.rest_client] Request (TestNetworkBasicOps:test_connectivity_between_vms_on_different_networks): 200 GET http://10.0.2.15:9696/v2.0/ports?status=ACTIVE&amp;fixed_ip=None&amp;device_id=a676ba74-245f-422b-9aa5-09d4d0bfd11e 0.041s
2015-12-14 17:34:15,296 25714 DEBUG    [tempest_lib.common.rest_client] Request - Headers: {'Content-Type': 'application/json', 'Accept': 'application/json', 'X-Auth-Token': '&lt;omitted&gt;'}
        Body: None
    Response - Headers: {'status': '200', 'content-length': '895', 'content-location': 'http://10.0.2.15:9696/v2.0/ports?status=ACTIVE&amp;fixed_ip=None&amp;device_id=a676ba74-245f-422b-9aa5-09d4d0bfd11e', 'connection': 'close', 'date': 'Mon, 14 Dec 2015 17:34:15 GMT', 'content-type': 'application/json; charset=UTF-8', 'x-openstack-request-id': 'req-26a98ca7-e6e5-4676-b650-f31bf0bc9994'}
        Body: {"ports": [{"status": "ACTIVE", "binding:host_id": "vagrant-ubuntu-trusty-64", "allowed_address_pairs": [], "extra_dhcp_opts": [], "dns_assignment": [{"hostname": "host-10-100-0-3", "ip_address": "10.100.0.3", "fqdn": "host-10-100-0-3.openstacklocal."}], "device_owner": "compute:None", "port_security_enabled": true, "binding:profile": {}, "fixed_ips": [{"subnet_id": "d3c96809-e65d-4ca8-b4be-faeb5f16f552", "ip_address": "10.100.0.3"}], "id": "323436dc-47f9-49ee-a815-a86f01df0ae9", "security_groups": ["c855dbeb-dbf4-4fc1-a248-8415651452f2"], "device_id": "a676ba74-245f-422b-9aa5-09d4d0bfd11e", "name": "", "admin_state_up": true, "network_id": "eacbe0bb-405d-43d8-8d09-7e49015bace1", "dns_name": "", "binding:vif_details": {"port_filter": true}, "binding:vnic_type": "normal", "binding:vif_type": "ovs", "tenant_id": "f66cd19d58894f38996b5a9412054f58", "mac_address": "fa:16:3e:ff:8c:73"}]}
2015-12-14 17:34:15,860 25714 INFO     [tempest_lib.common.rest_client] Request (TestNetworkBasicOps:test_connectivity_between_vms_on_different_networks): 201 POST http://10.0.2.15:9696/v2.0/floatingips 0.563s
2015-12-14 17:34:15,860 25714 DEBUG    [tempest_lib.common.rest_client] Request - Headers: {'Content-Type': 'application/json', 'Accept': 'application/json', 'X-Auth-Token': '&lt;omitted&gt;'}
        Body: {"floatingip": {"floating_network_id": "26d27b27-399e-4ee2-a476-a3194777cb85", "tenant_id": "f66cd19d58894f38996b5a9412054f58", "fixed_ip_address": "10.100.0.3", "port_id": "323436dc-47f9-49ee-a815-a86f01df0ae9"}}
    Response - Headers: {'status': '201', 'content-length': '367', 'connection': 'close', 'date': 'Mon, 14 Dec 2015 17:34:15 GMT', 'content-type': 'application/json; charset=UTF-8', 'x-openstack-request-id': 'req-747941a0-0d55-4253-b38f-f56e0abf7ec0'}
        Body: {"floatingip": {"floating_network_id": "26d27b27-399e-4ee2-a476-a3194777cb85", "router_id": "78bb0ddb-5e8e-4149-8514-76a4796292e6", "fixed_ip_address": "10.100.0.3", "floating_ip_address": "172.24.4.4", "tenant_id": "f66cd19d58894f38996b5a9412054f58", "status": "DOWN", "port_id": "323436dc-47f9-49ee-a815-a86f01df0ae9", "id": "21d0e661-ea9f-4b16-af9e-7b0916f9075d"}}
2015-12-14 17:34:15,875 25714 INFO     [tempest_lib.common.rest_client] Request (TestNetworkBasicOps:test_connectivity_between_vms_on_different_networks): 200 GET http://10.0.2.15:9696/v2.0/floatingips/21d0e661-ea9f-4b16-af9e-7b0916f9075d 0.014s
2015-12-14 17:34:15,875 25714 DEBUG    [tempest_lib.common.rest_client] Request - Headers: {'Content-Type': 'application/json', 'Accept': 'application/json', 'X-Auth-Token': '&lt;omitted&gt;'}
        Body: None
    Response - Headers: {'status': '200', 'content-length': '367', 'content-location': 'http://10.0.2.15:9696/v2.0/floatingips/21d0e661-ea9f-4b16-af9e-7b0916f9075d', 'connection': 'close', 'date': 'Mon, 14 Dec 2015 17:34:15 GMT', 'content-type': 'application/json; charset=UTF-8', 'x-openstack-request-id': 'req-f79d404f-09ab-4d24-9280-48ef22c107fc'}
        Body: {"floatingip": {"floating_network_id": "26d27b27-399e-4ee2-a476-a3194777cb85", "router_id": "78bb0ddb-5e8e-4149-8514-76a4796292e6", "fixed_ip_address": "10.100.0.3", "floating_ip_address": "172.24.4.4", "tenant_id": "f66cd19d58894f38996b5a9412054f58", "status": "DOWN", "port_id": "323436dc-47f9-49ee-a815-a86f01df0ae9", "id": "21d0e661-ea9f-4b16-af9e-7b0916f9075d"}}
2015-12-14 17:34:16,896 25714 INFO     [tempest_lib.common.rest_client] Request (TestNetworkBasicOps:test_connectivity_between_vms_on_different_networks): 200 GET http://10.0.2.15:9696/v2.0/floatingips/21d0e661-ea9f-4b16-af9e-7b0916f9075d 0.019s
2015-12-14 17:34:16,897 25714 DEBUG    [tempest_lib.common.rest_client] Request - Headers: {'Content-Type': 'application/json', 'Accept': 'application/json', 'X-Auth-Token': '&lt;omitted&gt;'}
        Body: None
    Response - Headers: {'status': '200', 'content-length': '367', 'content-location': 'http://10.0.2.15:9696/v2.0/floatingips/21d0e661-ea9f-4b16-af9e-7b0916f9075d', 'connection': 'close', 'date': 'Mon, 14 Dec 2015 17:34:16 GMT', 'content-type': 'application/json; charset=UTF-8', 'x-openstack-request-id': 'req-600f3111-cd5a-48d9-8d23-29e2f08174a9'}
        Body: {"floatingip": {"floating_network_id": "26d27b27-399e-4ee2-a476-a3194777cb85", "router_id": "78bb0ddb-5e8e-4149-8514-76a4796292e6", "fixed_ip_address": "10.100.0.3", "floating_ip_address": "172.24.4.4", "tenant_id": "f66cd19d58894f38996b5a9412054f58", "status": "DOWN", "port_id": "323436dc-47f9-49ee-a815-a86f01df0ae9", "id": "21d0e661-ea9f-4b16-af9e-7b0916f9075d"}}
2015-12-14 17:34:17,913 25714 INFO     [tempest_lib.common.rest_client] Request (TestNetworkBasicOps:test_connectivity_between_vms_on_different_networks): 200 GET http://10.0.2.15:9696/v2.0/floatingips/21d0e661-ea9f-4b16-af9e-7b0916f9075d 0.015s
2015-12-14 17:34:17,913 25714 DEBUG    [tempest_lib.common.rest_client] Request - Headers: {'Content-Type': 'application/json', 'Accept': 'application/json', 'X-Auth-Token': '&lt;omitted&gt;'}
        Body: None
    Response - Headers: {'status': '200', 'content-length': '369', 'content-location': 'http://10.0.2.15:9696/v2.0/floatingips/21d0e661-ea9f-4b16-af9e-7b0916f9075d', 'connection': 'close', 'date': 'Mon, 14 Dec 2015 17:34:17 GMT', 'content-type': 'application/json; charset=UTF-8', 'x-openstack-request-id': 'req-5ed72154-e198-46f3-a429-60d83cac0dfd'}
        Body: {"floatingip": {"floating_network_id": "26d27b27-399e-4ee2-a476-a3194777cb85", "router_id": "78bb0ddb-5e8e-4149-8514-76a4796292e6", "fixed_ip_address": "10.100.0.3", "floating_ip_address": "172.24.4.4", "tenant_id": "f66cd19d58894f38996b5a9412054f58", "status": "ACTIVE", "port_id": "323436dc-47f9-49ee-a815-a86f01df0ae9", "id": "21d0e661-ea9f-4b16-af9e-7b0916f9075d"}}
2015-12-14 17:34:17,914 25714 INFO     [tempest.scenario.manager] FloatingIP: &lt;"FloatingIP" addr="172.24.4.4" id="21d0e661-ea9f-4b16-af9e-7b0916f9075d"&gt; is at status: ACTIVE
2015-12-14 17:34:17,914 25714 DEBUG    [tempest.scenario.manager] checking network connections to IP 172.24.4.4 with user: cirros
2015-12-14 17:34:17,914 25714 DEBUG    [tempest.scenario.manager] TestNetworkBasicOps:test_connectivity_between_vms_on_different_networks begins to ping 172.24.4.4 in 120 sec and the expected result is reachable
2015-12-14 17:36:18,224 25714 DEBUG    [tempest.scenario.manager] TestNetworkBasicOps:test_connectivity_between_vms_on_different_networks finishes ping 172.24.4.4 in 120 sec and the ping result is unexpected
2015-12-14 17:36:18,225 25714 ERROR    [tempest.scenario.manager] Public network connectivity check failed
2015-12-14 17:36:18.225 25714 ERROR tempest.scenario.manager Traceback (most recent call last):
2015-12-14 17:36:18.225 25714 ERROR tempest.scenario.manager   File "tempest/scenario/manager.py", line 606, in check_public_network_connectivity
2015-12-14 17:36:18.225 25714 ERROR tempest.scenario.manager     should_connect=should_connect)
2015-12-14 17:36:18.225 25714 ERROR tempest.scenario.manager   File "tempest/scenario/manager.py", line 590, in check_vm_connectivity
2015-12-14 17:36:18.225 25714 ERROR tempest.scenario.manager     msg=msg)
2015-12-14 17:36:18.225 25714 ERROR tempest.scenario.manager   File "/usr/local/lib/python2.7/dist-packages/unittest2/case.py", line 702, in assertTrue
2015-12-14 17:36:18.225 25714 ERROR tempest.scenario.manager     raise self.failureException(msg)
2015-12-14 17:36:18.225 25714 ERROR tempest.scenario.manager AssertionError: False is not true : Timed out waiting for 172.24.4.4 to become reachable
2015-12-14 17:36:18.225 25714 ERROR tempest.scenario.manager 
2015-12-14 17:36:18,438 25714 INFO     [tempest_lib.common.rest_client] Request (TestNetworkBasicOps:test_connectivity_between_vms_on_different_networks): 200 POST http://10.0.2.15:8774/v2.1/f66cd19d58894f38996b5a9412054f58/servers/a676ba74-245f-422b-9aa5-09d4d0bfd11e/action 0.210s
2015-12-14 17:36:18,438 25714 DEBUG    [tempest_lib.common.rest_client] Request - Headers: {'Content-Type': 'application/json', 'Accept': 'application/json', 'X-Auth-Token': '&lt;omitted&gt;'}
        Body: {"os-getConsoleOutput": {}}
    Response - Headers: {'status': '200', 'content-length': '17429', 'x-compute-request-id': 'req-47b94d44-df3d-40c0-8ed1-dcff7090ba4a', 'vary': 'X-OpenStack-Nova-API-Version', 'connection': 'close', 'x-openstack-nova-api-version': '2.1', 'date': 'Mon, 14 Dec 2015 17:36:18 GMT', 'content-type': 'application/json'}
        Body: {"output": "[    0.000000] Initializing cgroup subsys cpuset\n[    0.000000] Initializing cgroup subsys cpu\n[    0.000000] Linux version 3.2.0-80-virtual (buildd@batsu) (gcc version 4.6.3 (Ubuntu/Linaro 4.6.3-1ubuntu5) ) #116-Ubuntu SMP Mon Mar 23 17:28:52 UTC 2015 (Ubuntu 3.2.0-80.116-virtual 3.2.68)\n[    0.000000] Command line: root=/dev/vda console=tty0 console=ttyS0 no_timer_check\n[    0.000000] KERNEL supported cpus:\n[    0.000000]   Intel GenuineIntel\n[    0.000000]   AMD AuthenticAMD\n[    0.000000]   Centaur CentaurHauls\n[    0.000000] BIOS-provided physical RAM map:\n[    0.000000]  BIOS-e820: 0000000000000000 - 000000000009fc00 (usable)\n[    0.000000]  BIOS-e820: 000000000009fc00 - 00000000000a0000 (reserved)\n[    0.000000]  BIOS-e820: 00000000000f0000 - 0000000000100000 (reserved)\n[    0.000000]  BIOS-e820: 0000000000100000 - 0000000003ffe000 (usable)\n[    0.000000]  BIOS-e820: 0000000003ffe000 - 0000000004000000 (reserved)\n[    0.000000]  BIOS-e820: 00000000fffc0000 - 0000000100000000 (reserved)\n[    0.000000] NX (Execute Disable) protection: active\n[    0.000000] SMBIOS 2.4 present.\n[    0.000000] No AGP bridge found\n[    0.000000] last_pfn = 0x3ffe max_arch_pfn = 0x400000000\n[    0.000000] x86 PAT enabled: cpu 0, old 0x7040600070406, new 0x7010600070106\n[    0.000000] found SMP MP-table at [ffff8800000f0b00] f0b00\n[    0.000000] init_memory_mapping: 0000000000000000-0000000003ffe000\n[    0.000000] RAMDISK: 03c5e000 - 03ff0000\n[    0.000000] ACPI: RSDP 00000000000f0950 00014 (v00 BOCHS )\n[    0.000000] ACPI: RSDT 0000000003fffbc1 00034 (v01 BOCHS  BXPCRSDT 00000001 BXPC 00000001)\n[    0.000000] ACPI: FACP 0000000003fff1c0 00074 (v01 BOCHS  BXPCFACP 00000001 BXPC 00000001)\n[    0.000000] ACPI: DSDT 0000000003ffe040 01180 (v01 BOCHS  BXPCDSDT 00000001 BXPC 00000001)\n[    0.000000] ACPI: FACS 0000000003ffe000 00040\n[    0.000000] ACPI: SSDT 0000000003fff234 008DD (v01 BOCHS  BXPCSSDT 00000001 BXPC 00000001)\n[    0.000000] ACPI: APIC 0000000003fffb11 00078 (v01 BOCHS  BXPCAPIC 00000001 BXPC 00000001)\n[    0.000000] ACPI: HPET 0000000003fffb89 00038 (v01 BOCHS  BXPCHPET 00000001 BXPC 00000001)\n[    0.000000] No NUMA configuration found\n[    0.000000] Faking a node at 0000000000000000-0000000003ffe000\n[    0.000000] Initmem setup node 0 0000000000000000-0000000003ffe000\n[    0.000000]   NODE_DATA [0000000003ff6000 - 0000000003ffafff]\n[    0.000000] Zone PFN ranges:\n[    0.000000]   DMA      0x00000010 -&gt; 0x00001000\n[    0.000000]   DMA32    0x00001000 -&gt; 0x00100000\n[    0.000000]   Normal   empty\n[    0.000000] Movable zone start PFN for each node\n[    0.000000] early_node_map[2] active PFN ranges\n[    0.000000]     0: 0x00000010 -&gt; 0x0000009f\n[    0.000000]     0: 0x00000100 -&gt; 0x00003ffe\n[    0.000000] ACPI: PM-Timer IO Port: 0xb008\n[    0.000000] ACPI: LAPIC (acpi_id[0x00] lapic_id[0x00] enabled)\n[    0.000000] ACPI: LAPIC_NMI (acpi_id[0xff] dfl dfl lint[0x1])\n[    0.000000] ACPI: IOAPIC (id[0x00] address[0xfec00000] gsi_base[0])\n[    0.000000] IOAPIC[0]: apic_id 0, version 17, address 0xfec00000, GSI 0-23\n[    0.000000] ACPI: INT_SRC_OVR (bus 0 bus_irq 0 global_irq 2 dfl dfl)\n[    0.000000] ACPI: INT_SRC_OVR (bus 0 bus_irq 5 global_irq 5 high level)\n[    0.000000] ACPI: INT_SRC_OVR (bus 0 bus_irq 9 global_irq 9 high level)\n[    0.000000] ACPI: INT_SRC_OVR (bus 0 bus_irq 10 global_irq 10 high level)\n[    0.000000] ACPI: INT_SRC_OVR (bus 0 bus_irq 11 global_irq 11 high level)\n[    0.000000] Using ACPI (MADT) for SMP configuration information\n[    0.000000] ACPI: HPET id: 0x8086a201 base: 0xfed00000\n[    0.000000] SMP: Allowing 1 CPUs, 0 hotplug CPUs\n[    0.000000] PM: Registered nosave memory: 000000000009f000 - 00000000000a0000\n[    0.000000] PM: Registered nosave memory: 00000000000a0000 - 00000000000f0000\n[    0.000000] PM: Registered nosave memory: 00000000000f0000 - 0000000000100000\n[    0.000000] Allocating PCI resources starting at 4000000 (gap: 4000000:fbfc0000)\n[    0.000000] Booting paravirtualized kernel on bare hardware\n[    0.000000] setup_pe
2015-12-14 17:36:18,442 25714 DEBUG    [tempest.scenario.manager] Console output for a676ba74-245f-422b-9aa5-09d4d0bfd11e
body=
[    0.000000] Initializing cgroup subsys cpuset
[    0.000000] Initializing cgroup subsys cpu
[    0.000000] Linux version 3.2.0-80-virtual (buildd@batsu) (gcc version 4.6.3 (Ubuntu/Linaro 4.6.3-1ubuntu5) ) #116-Ubuntu SMP Mon Mar 23 17:28:52 UTC 2015 (Ubuntu 3.2.0-80.116-virtual 3.2.68)
[    0.000000] Command line: root=/dev/vda console=tty0 console=ttyS0 no_timer_check
[    0.000000] KERNEL supported cpus:
[    0.000000]   Intel GenuineIntel
[    0.000000]   AMD AuthenticAMD
[    0.000000]   Centaur CentaurHauls
[    0.000000] BIOS-provided physical RAM map:
[    0.000000]  BIOS-e820: 0000000000000000 - 000000000009fc00 (usable)
[    0.000000]  BIOS-e820: 000000000009fc00 - 00000000000a0000 (reserved)
[    0.000000]  BIOS-e820: 00000000000f0000 - 0000000000100000 (reserved)
[    0.000000]  BIOS-e820: 0000000000100000 - 0000000003ffe000 (usable)
[    0.000000]  BIOS-e820: 0000000003ffe000 - 0000000004000000 (reserved)
[    0.000000]  BIOS-e820: 00000000fffc0000 - 0000000100000000 (reserved)
[    0.000000] NX (Execute Disable) protection: active
[    0.000000] SMBIOS 2.4 present.
[    0.000000] No AGP bridge found
[    0.000000] last_pfn = 0x3ffe max_arch_pfn = 0x400000000
[    0.000000] x86 PAT enabled: cpu 0, old 0x7040600070406, new 0x7010600070106
[    0.000000] found SMP MP-table at [ffff8800000f0b00] f0b00
[    0.000000] init_memory_mapping: 0000000000000000-0000000003ffe000
[    0.000000] RAMDISK: 03c5e000 - 03ff0000
[    0.000000] ACPI: RSDP 00000000000f0950 00014 (v00 BOCHS )
[    0.000000] ACPI: RSDT 0000000003fffbc1 00034 (v01 BOCHS  BXPCRSDT 00000001 BXPC 00000001)
[    0.000000] ACPI: FACP 0000000003fff1c0 00074 (v01 BOCHS  BXPCFACP 00000001 BXPC 00000001)
[    0.000000] ACPI: DSDT 0000000003ffe040 01180 (v01 BOCHS  BXPCDSDT 00000001 BXPC 00000001)
[    0.000000] ACPI: FACS 0000000003ffe000 00040
[    0.000000] ACPI: SSDT 0000000003fff234 008DD (v01 BOCHS  BXPCSSDT 00000001 BXPC 00000001)
[    0.000000] ACPI: APIC 0000000003fffb11 00078 (v01 BOCHS  BXPCAPIC 00000001 BXPC 00000001)
[    0.000000] ACPI: HPET 0000000003fffb89 00038 (v01 BOCHS  BXPCHPET 00000001 BXPC 00000001)
[    0.000000] No NUMA configuration found
[    0.000000] Faking a node at 0000000000000000-0000000003ffe000
[    0.000000] Initmem setup node 0 0000000000000000-0000000003ffe000
[    0.000000]   NODE_DATA [0000000003ff6000 - 0000000003ffafff]
[    0.000000] Zone PFN ranges:
[    0.000000]   DMA      0x00000010 -&gt; 0x00001000
[    0.000000]   DMA32    0x00001000 -&gt; 0x00100000
[    0.000000]   Normal   empty
[    0.000000] Movable zone start PFN for each node
[    0.000000] early_node_map[2] active PFN ranges
[    0.000000]     0: 0x00000010 -&gt; 0x0000009f
[    0.000000]     0: 0x00000100 -&gt; 0x00003ffe
[    0.000000] ACPI: PM-Timer IO Port: 0xb008
[    0.000000] ACPI: LAPIC (acpi_id[0x00] lapic_id[0x00] enabled)
[    0.000000] ACPI: LAPIC_NMI (acpi_id[0xff] dfl dfl lint[0x1])
[    0.000000] ACPI: IOAPIC (id[0x00] address[0xfec00000] gsi_base[0])
[    0.000000] IOAPIC[0]: apic_id 0, version 17, address 0xfec00000, GSI 0-23
[    0.000000] ACPI: INT_SRC_OVR (bus 0 bus_irq 0 global_irq 2 dfl dfl)
[    0.000000] ACPI: INT_SRC_OVR (bus 0 bus_irq 5 global_irq 5 high level)
[    0.000000] ACPI: INT_SRC_OVR (bus 0 bus_irq 9 global_irq 9 high level)
[    0.000000] ACPI: INT_SRC_OVR (bus 0 bus_irq 10 global_irq 10 high level)
[    0.000000] ACPI: INT_SRC_OVR (bus 0 bus_irq 11 global_irq 11 high level)
[    0.000000] Using ACPI (MADT) for SMP configuration information
[    0.000000] ACPI: HPET id: 0x8086a201 base: 0xfed00000
[    0.000000] SMP: Allowing 1 CPUs, 0 hotplug CPUs
[    0.000000] PM: Registered nosave memory: 000000000009f000 - 00000000000a0000
[    0.000000] PM: Registered nosave memory: 00000000000a0000 - 00000000000f0000
[    0.000000] PM: Registered nosave memory: 00000000000f0000 - 0000000000100000
[    0.000000] Allocating PCI resources starting at 4000000 (gap: 4000000:fbfc0000)
[    0.000000] Booting paravirtualized kernel on bare hardware
[    0.000000] setup_percpu: NR_CPUS:64 nr_cpumask_bits:64 nr_cpu_ids:1 nr_node_ids:1
[    0.000000] PERCPU: Embedded 27 pages/cpu @ffff880003a00000 s78848 r8192 d23552 u2097152
[    0.000000] Built 1 zonelists in Node order, mobility grouping on.  Total pages: 16008
[    0.000000] Policy zone: DMA32
[    0.000000] Kernel command line: root=/dev/vda console=tty0 console=ttyS0 no_timer_check
[    0.000000] PID hash table entries: 256 (order: -1, 2048 bytes)
[    0.000000] Checking aperture...
[    0.000000] No AGP bridge found
[    0.000000] Memory: 43492k/65528k available (6576k kernel code, 452k absent, 21584k reserved, 6620k data, 928k init)
[    0.000000] SLUB: Genslabs=15, HWalign=64, Order=0-3, MinObjects=0, CPUs=1, Nodes=1
[    0.000000] Hierarchical RCU implementation.
[    0.000000] 	RCU dyntick-idle grace-period acceleration is enabled.
[    0.000000] NR_IRQS:4352 nr_irqs:256 16
[    0.000000] Console: colour VGA+ 80x25
[    0.000000] console [tty0] enabled
[    0.000000] console [ttyS0] enabled
[    0.000000] allocated 1048576 bytes of page_cgroup
[    0.000000] please try 'cgroup_disable=memory' option if you don't want memory cgroups
[    0.000000] Fast TSC calibration failed
[    0.000000] TSC: Unable to calibrate against PIT
[    0.000000] TSC: using HPET reference calibration
[    0.000000] Detected 2291.867 MHz processor.
[    0.032943] Calibrating delay loop (skipped), value calculated using timer frequency.. 4583.73 BogoMIPS (lpj=9167468)
[    0.036234] pid_max: default: 32768 minimum: 301
[    0.044127] Security Framework initialized
[    0.048859] AppArmor: AppArmor initialized
[    0.049484] Yama: becoming mindful.
[    0.057271] Dentry cache hash table entries: 8192 (order: 4, 65536 bytes)
[    0.058654] Inode-cache hash table entries: 4096 (order: 3, 32768 bytes)
[    0.060817] Mount-cache hash table entries: 256
[    0.077267] Initializing cgroup subsys cpuacct
[    0.078149] Initializing cgroup subsys memory
[    0.080101] Initializing cgroup subsys devices
[    0.081113] Initializing cgroup subsys freezer
[    0.081793] Initializing cgroup subsys blkio
[    0.082465] Initializing cgroup subsys perf_event
[    0.086358] mce: CPU supports 10 MCE banks
[    0.089799] SMP alternatives: switching to UP code
[    0.469659] Freeing SMP alternatives: 24k freed
[    0.472143] ACPI: Core revision 20110623
[    0.544463] ftrace: allocating 26610 entries in 105 pages
[    0.593752] ..TIMER: vector=0x30 apic1=0 pin1=2 apic2=-1 pin2=-1
[    0.596136] CPU0: AMD QEMU Virtual CPU version 2.0.0 stepping 03
[    0.600036] Performance Events: Broken PMU hardware detected, using software events only.
[    0.609005] NMI watchdog disabled (cpu0): hardware events not enabled
[    0.611020] Brought up 1 CPUs
[    0.611418] Total of 1 processors activated (4583.73 BogoMIPS).
[    0.632038] devtmpfs: initialized
[    0.669862] EVM: security.selinux
[    0.670371] EVM: security.SMACK64
[    0.670903] EVM: security.capability
[    0.692428] print_constraints: dummy: 
[    0.694389] RTC time: 17:34:18, date: 12/14/15
[    0.697515] NET: Registered protocol family 16
[    0.705787] ACPI: bus type pci registered
[    0.709553] PCI: Using configuration type 1 for base access
[    0.738557] bio: create slab &lt;bio-0&gt; at 0
[    0.744213] ACPI: Added _OSI(Module Device)
[    0.745208] ACPI: Added _OSI(Processor Device)
[    0.745833] ACPI: Added _OSI(3.0 _SCP Extensions)
[    0.746488] ACPI: Added _OSI(Processor Aggregator Device)
[    0.819579] ACPI: Interpreter enabled
[    0.820183] ACPI: (supports S0 S3 S4 S5)
[    0.821772] ACPI: Using IOAPIC for interrupt routing
[    0.897432] ACPI: No dock devices found.
[    0.898145] HEST: Table not found.
[    0.899177] PCI: Using host bridge windows from ACPI; if necessary, use "pci=nocrs" and report a bug
[    0.904055] ACPI: PCI Root Bridge [PCI0] (domain 0000 [bus 00-ff])
[    0.914296] pci_root PNP0A03:00: host bridge window [io  0x0000-0x0cf7]
[    0.915204] pci_root PNP0A03:00: host bridge window [io  0x0d00-0xadff]
[    0.916160] pci_root PNP0A03:00: host bridge window [io  0xae0f-0xaeff]
[    0.917215] pci_root PNP0A03:00: host bridge window [io  0xaf20-0xafdf]
[    0.920124] pci_root PNP0A03:00: host bridge window [io  0xafe4-0xffff]
[    0.921017] pci_root PNP0A03:00: host bridge window [mem 0x000a0000-0x000bffff]
[    0.923332] pci_root PNP0A03:00: host bridge window [mem 0x04000000-0xfebfffff]
[    0.946926] pci 0000:00:01.3: quirk: [io  0xb000-0xb03f] claimed by PIIX4 ACPI
[    0.948169] pci 0000:00:01.3: quirk: [io  0xb100-0xb10f] claimed by PIIX4 SMB
[    1.014238]  pci0000:00: Unable to request _OSC control (_OSC support mask: 0x1e)
[    1.074220] ACPI: PCI Interrupt Link [LNKA] (IRQs 5 *10 11)
[    1.077865] ACPI: PCI Interrupt Link [LNKB] (IRQs 5 *10 11)
[    1.081174] ACPI: PCI Interrupt Link [LNKC] (IRQs 5 10 *11)
[    1.083328] ACPI: PCI Interrupt Link [LNKD] (IRQs 5 10 *11)
[    1.085304] ACPI: PCI Interrupt Link [LNKS] (IRQs *9)
[    1.092966] vgaarb: device added: PCI:0000:00:02.0,decodes=io+mem,owns=io+mem,locks=none
[    1.094272] vgaarb: loaded
[    1.094664] vgaarb: bridge control possible 0000:00:02.0
[    1.099060] i2c-core: driver [aat2870] using legacy suspend method
[    1.100156] i2c-core: driver [aat2870] using legacy resume method
[    1.104504] SCSI subsystem initialized
[    1.109156] usbcore: registered new interface driver usbfs
[    1.111272] usbcore: registered new interface driver hub
[    1.113418] usbcore: registered new device driver usb
[    1.120362] PCI: Using ACPI for IRQ routing
[    1.130512] NetLabel: Initializing
[    1.132155] NetLabel:  domain hash size = 128
[    1.132676] NetLabel:  protocols = UNLABELED CIPSOv4
[    1.134702] NetLabel:  unlabeled traffic allowed by default
[    1.137535] HPET: 3 timers in total, 0 timers will be used for per-cpu timer
[    1.138881] hpet0: at MMIO 0xfed00000, IRQs 2, 8, 0
[    1.140323] hpet0: 3 comparators, 64-bit 100.000000 MHz counter
[    1.152951] Switching to clocksource hpet
[    1.398577] AppArmor: AppArmor Filesystem Enabled
[    1.400101] pnp: PnP ACPI init
[    1.401532] ACPI: bus type pnp registered
[    1.419997] pnp: PnP ACPI: found 9 devices
[    1.422333] ACPI: ACPI bus type pnp unregistered
[    1.502936] NET: Registered protocol family 2
[    1.539777] IP route cache hash table entries: 512 (order: 0, 4096 bytes)
[    1.550466] TCP established hash table entries: 2048 (order: 3, 32768 bytes)
[    1.552059] TCP bind hash table entries: 2048 (order: 3, 32768 bytes)
[    1.554123] TCP: Hash tables configured (established 2048 bind 2048)
[    1.555195] TCP reno registered
[    1.555764] UDP hash table entries: 128 (order: 0, 4096 bytes)
[    1.557643] UDP-Lite hash table entries: 128 (order: 0, 4096 bytes)
[    1.560079] NET: Registered protocol family 1
[    1.561689] pci 0000:00:00.0: Limiting direct PCI/PCI transfers
[    1.562595] pci 0000:00:01.0: PIIX3: Enabling Passive Release
[    1.563769] pci 0000:00:01.0: Activating ISA DMA hang workarounds
[    1.571516] ACPI: PCI Interrupt Link [LNKD] enabled at IRQ 11
[    1.574266] pci 0000:00:01.2: PCI INT D -&gt; Link[LNKD] -&gt; GSI 11 (level, high) -&gt; IRQ 11
[    1.577439] pci 0000:00:01.2: PCI INT D disabled
[    1.595096] Trying to unpack rootfs image as initramfs...
[    1.610538] audit: initializing netlink socket (disabled)
[    1.612115] type=2000 audit(1450114458.608:1): initialized
[    1.929269] HugeTLB registered 2 MB page size, pre-allocated 0 pages
[    1.994696] VFS: Disk quotas dquot_6.5.2
[    1.997554] Dquot-cache hash table entries: 512 (order 0, 4096 bytes)
[    2.035013] fuse init (API version 7.17)
[    2.041639] msgmni has been set to 84
[    2.082505] Block layer SCSI generic (bsg) driver version 0.4 loaded (major 253)
[    2.086271] io scheduler noop registered
[    2.087012] io scheduler deadline registered (default)
[    2.090323] io scheduler cfq registered
[    2.094226] pci_hotplug: PCI Hot Plug PCI Core version: 0.5
[    2.096659] pciehp: PCI Express Hot Plug Controller Driver version: 0.4
[    2.102692] input: Power Button as /devices/LNXSYSTM:00/LNXPWRBN:00/input/input0
[    2.105166] ACPI: Power Button [PWRF]
[    2.162555] ERST: Table is not found!
[    2.163235] GHES: HEST is not enabled!
[    2.166191] ACPI: PCI Interrupt Link [LNKC] enabled at IRQ 10
[    2.167660] virtio-pci 0000:00:03.0: PCI INT A -&gt; Link[LNKC] -&gt; GSI 10 (level, high) -&gt; IRQ 10
[    2.171757] virtio-pci 0000:00:04.0: PCI INT A -&gt; Link[LNKD] -&gt; GSI 11 (level, high) -&gt; IRQ 11
[    2.187416] ACPI: PCI Interrupt Link [LNKA] enabled at IRQ 10
[    2.188178] virtio-pci 0000:00:05.0: PCI INT A -&gt; Link[LNKA] -&gt; GSI 10 (level, high) -&gt; IRQ 10
[    2.205991] Serial: 8250/16550 driver, 32 ports, IRQ sharing enabled
[    2.249385] serial8250: ttyS0 at I/O 0x3f8 (irq = 4) is a 16550A
[    2.333588] serial8250: ttyS1 at I/O 0x2f8 (irq = 3) is a 16550A
[    2.452569] 00:05: ttyS0 at I/O 0x3f8 (irq = 4) is a 16550A
[    2.527983] 00:06: ttyS1 at I/O 0x2f8 (irq = 3) is a 16550A
[    2.579748] Linux agpgart interface v0.103
[    2.588008] Refined TSC clocksource calibration: 2294.348 MHz.
[    2.589560] Switching to clocksource tsc
[    2.627096] brd: module loaded
[    2.659235] loop: module loaded
[    2.710396]  vda: unknown partition table
[    2.781148] scsi0 : ata_piix
[    2.783303] scsi1 : ata_piix
[    2.785259] ata1: PATA max MWDMA2 cmd 0x1f0 ctl 0x3f6 bmdma 0xc0a0 irq 14
[    2.786097] ata2: PATA max MWDMA2 cmd 0x170 ctl 0x376 bmdma 0xc0a8 irq 15
[    2.795812] Fixed MDIO Bus: probed
[    2.797541] tun: Universal TUN/TAP device driver, 1.6
[    2.798345] tun: (C) 1999-2004 Max Krasnyansky &lt;maxk@qualcomm.com&gt;
[    2.811117] PPP generic driver version 2.4.2
[    2.842026] ehci_hcd: USB 2.0 'Enhanced' Host Controller (EHCI) Driver
[    2.843339] ohci_hcd: USB 1.1 'Open' Host Controller (OHCI) Driver
[    2.844436] uhci_hcd: USB Universal Host Controller Interface driver
[    2.846236] uhci_hcd 0000:00:01.2: PCI INT D -&gt; Link[LNKD] -&gt; GSI 11 (level, high) -&gt; IRQ 11
[    2.849867] uhci_hcd 0000:00:01.2: UHCI Host Controller
[    2.857487] uhci_hcd 0000:00:01.2: new USB bus registered, assigned bus number 1
[    2.859400] uhci_hcd 0000:00:01.2: irq 11, io base 0x0000c040
[    2.888133] hub 1-0:1.0: USB hub found
[    2.890935] hub 1-0:1.0: 2 ports detected
[    2.900816] usbcore: registered new interface driver libusual
[    2.904422] i8042: PNP: PS/2 Controller [PNP0303:KBD,PNP0f13:MOU] at 0x60,0x64 irq 1,12
[    2.915987] serio: i8042 KBD port at 0x60,0x64 irq 1
[    2.918328] serio: i8042 AUX port at 0x60,0x64 irq 12
[    2.959715] mousedev: PS/2 mouse device common for all mice
[    2.975253] input: AT Translated Set 2 keyboard as /devices/platform/i8042/serio0/input/input1
[    2.978996] rtc_cmos 00:01: RTC can wake from S4
[    2.984292] rtc_cmos 00:01: rtc core: registered rtc_cmos as rtc0
[    2.987288] rtc0: alarms up to one day, 114 bytes nvram, hpet irqs
[    2.990492] device-mapper: uevent: version 1.0.3
[    3.010668] device-mapper: ioctl: 4.22.0-ioctl (2011-10-19) initialised: dm-devel@redhat.com
[    3.013920] cpuidle: using governor ladder
[    3.015576] cpuidle: using governor menu
[    3.016793] EFI Variables Facility v0.08 2004-May-17
[    3.027690] TCP cubic registered
[    3.032582] NET: Registered protocol family 10
[    3.066344] NET: Registered protocol family 17
[    3.068134] Registering the dns_resolver key type
[    3.083357] ata2.01: ATAPI: QEMU DVD-ROM, 2.0.0, max UDMA/100
[    3.097811] ata2.01: configured for MWDMA2
[    3.140839] scsi 1:0:1:0: CD-ROM            QEMU     QEMU DVD-ROM     2.0. PQ: 0 ANSI: 5
[    3.154210] sr0: scsi3-mmc drive: 4x/4x cd/rw xa/form2 tray
[    3.157237] cdrom: Uniform CD-ROM driver Revision: 3.20
[    3.185227] sr 1:0:1:0: Attached scsi generic sg0 type 5
[    3.223637] registered taskstats version 1
[    3.336045] Freeing initrd memory: 3656k freed
[    3.830600]   Magic number: 11:920:592
[    3.841646] rtc_cmos 00:01: setting system clock to 2015-12-14 17:34:22 UTC (1450114462)
[    3.844039] powernow-k8: Processor cpuid 663 not supported
[    3.851250] BIOS EDD facility v0.16 2004-Jun-25, 0 devices found
[    3.852353] EDD information not available.
[    3.907530] Freeing unused kernel memory: 928k freed
[    3.911982] Write protecting the kernel read-only data: 12288k
[    4.017474] Freeing unused kernel memory: 1596k freed
[    4.107782] Freeing unused kernel memory: 1184k freed

info: initramfs: up at 4.31
modprobe: module virtio_blk not found in modules.dep
modprobe: module virtio_net not found in modules.dep
info: copying initramfs to /dev/vda
info: initramfs loading root from /dev/vda
info: /etc/init.d/rc.sysinit: up at 8.81
info: container: none
Starting logging: OK
modprobe: module virtio_blk not found in modules.dep
modprobe: module virtio_net not found in modules.dep
WARN: /etc/rc3.d/S10-load-modules failed
Initializing random number generator... done.
Starting acpid: OK
cirros-ds 'local' up at 11.21
found datasource (configdrive, local)
Starting network...
udhcpc (v1.20.1) started
Sending discover...
Sending discover...

2015-12-14 17:36:18,865 25714 INFO     [tempest_lib.common.rest_client] Request (TestNetworkBasicOps:_run_cleanups): 204 DELETE http://10.0.2.15:9696/v2.0/floatingips/21d0e661-ea9f-4b16-af9e-7b0916f9075d 0.417s
2015-12-14 17:36:18,865 25714 DEBUG    [tempest_lib.common.rest_client] Request - Headers: {'Content-Type': 'application/json', 'Accept': 'application/json', 'X-Auth-Token': '&lt;omitted&gt;'}
        Body: None
    Response - Headers: {'date': 'Mon, 14 Dec 2015 17:36:18 GMT', 'status': '204', 'connection': 'close', 'content-length': '0', 'x-openstack-request-id': 'req-f84d01df-a00f-486a-a95b-742bd9b32a80'}
        Body: 
2015-12-14 17:36:19,205 25714 INFO     [tempest_lib.common.rest_client] Request (TestNetworkBasicOps:_run_cleanups): 204 DELETE http://10.0.2.15:8774/v2.1/f66cd19d58894f38996b5a9412054f58/servers/a676ba74-245f-422b-9aa5-09d4d0bfd11e 0.339s
2015-12-14 17:36:19,206 25714 DEBUG    [tempest_lib.common.rest_client] Request - Headers: {'Content-Type': 'application/json', 'Accept': 'application/json', 'X-Auth-Token': '&lt;omitted&gt;'}
        Body: None
    Response - Headers: {'status': '204', 'content-length': '0', 'x-compute-request-id': 'req-2846a9c5-5444-4ef2-8041-e6d022402885', 'vary': 'X-OpenStack-Nova-API-Version', 'connection': 'close', 'x-openstack-nova-api-version': '2.1', 'date': 'Mon, 14 Dec 2015 17:36:19 GMT', 'content-type': 'application/json'}
        Body: 
2015-12-14 17:36:19,450 25714 INFO     [tempest_lib.common.rest_client] Request (TestNetworkBasicOps:_run_cleanups): 200 GET http://10.0.2.15:8774/v2.1/f66cd19d58894f38996b5a9412054f58/servers/a676ba74-245f-422b-9aa5-09d4d0bfd11e 0.243s
2015-12-14 17:36:19,451 25714 DEBUG    [tempest_lib.common.rest_client] Request - Headers: {'Content-Type': 'application/json', 'Accept': 'application/json', 'X-Auth-Token': '&lt;omitted&gt;'}
        Body: None
    Response - Headers: {'status': '200', 'content-length': '1774', 'content-location': 'http://10.0.2.15:8774/v2.1/f66cd19d58894f38996b5a9412054f58/servers/a676ba74-245f-422b-9aa5-09d4d0bfd11e', 'x-compute-request-id': 'req-6f0f133c-ae1f-434b-8960-f453fb0e26e6', 'vary': 'X-OpenStack-Nova-API-Version', 'connection': 'close', 'x-openstack-nova-api-version': '2.1', 'date': 'Mon, 14 Dec 2015 17:36:19 GMT', 'content-type': 'application/json'}
        Body: {"server": {"status": "ACTIVE", "updated": "2015-12-14T17:36:19Z", "hostId": "9df0b7eaa960328959a637971e981d6f6991d0defcc46e074c2af471", "addresses": {"tempest-network-smoke--806941395": [{"OS-EXT-IPS-MAC:mac_addr": "fa:16:3e:ff:8c:73", "version": 4, "addr": "10.100.0.3", "OS-EXT-IPS:type": "fixed"}, {"OS-EXT-IPS-MAC:mac_addr": "fa:16:3e:ff:8c:73", "version": 4, "addr": "172.24.4.4", "OS-EXT-IPS:type": "floating"}]}, "links": [{"href": "http://10.0.2.15:8774/v2.1/f66cd19d58894f38996b5a9412054f58/servers/a676ba74-245f-422b-9aa5-09d4d0bfd11e", "rel": "self"}, {"href": "http://10.0.2.15:8774/f66cd19d58894f38996b5a9412054f58/servers/a676ba74-245f-422b-9aa5-09d4d0bfd11e", "rel": "bookmark"}], "key_name": "tempest-TestNetworkBasicOps-622476863", "image": {"id": "92bb4bc9-7752-4ca1-8c47-26c0b09f8bfe", "links": [{"href": "http://10.0.2.15:8774/f66cd19d58894f38996b5a9412054f58/images/92bb4bc9-7752-4ca1-8c47-26c0b09f8bfe", "rel": "bookmark"}]}, "OS-EXT-STS:task_state": "deleting", "OS-EXT-STS:vm_state": "active", "OS-SRV-USG:launched_at": "2015-12-14T17:34:14.000000", "flavor": {"id": "42", "links": [{"href": "http://10.0.2.15:8774/f66cd19d58894f38996b5a9412054f58/flavors/42", "rel": "bookmark"}]}, "id": "a676ba74-245f-422b-9aa5-09d4d0bfd11e", "security_groups": [{"name": "tempest-secgroup-smoke-283859858"}], "OS-SRV-USG:terminated_at": null, "OS-EXT-AZ:availability_zone": "nova", "user_id": "4f435ccd1cd24912b1b23550905328f0", "name": "tempest.common.compute-instance-2111301578", "created": "2015-12-14T17:34:10Z", "tenant_id": "f66cd19d58894f38996b5a9412054f58", "OS-DCF:diskConfig": "MANUAL", "os-extended-volumes:volumes_attached": [], "accessIPv4": "", "accessIPv6": "", "progress": 0, "OS-EXT-STS:power_state": 1, "config_drive": "True", "metadata": {}}}
2015-12-14 17:36:20,590 25714 INFO     [tempest_lib.common.rest_client] Request (TestNetworkBasicOps:_run_cleanups): 200 GET http://10.0.2.15:8774/v2.1/f66cd19d58894f38996b5a9412054f58/servers/a676ba74-245f-422b-9aa5-09d4d0bfd11e 0.125s
2015-12-14 17:36:20,591 25714 DEBUG    [tempest_lib.common.rest_client] Request - Headers: {'Content-Type': 'application/json', 'Accept': 'application/json', 'X-Auth-Token': '&lt;omitted&gt;'}
        Body: None
    Response - Headers: {'status': '200', 'content-length': '1440', 'content-location': 'http://10.0.2.15:8774/v2.1/f66cd19d58894f38996b5a9412054f58/servers/a676ba74-245f-422b-9aa5-09d4d0bfd11e', 'x-compute-request-id': 'req-125a7677-0ce5-46c3-a0a4-43b54a9d36a8', 'vary': 'X-OpenStack-Nova-API-Version', 'connection': 'close', 'x-openstack-nova-api-version': '2.1', 'date': 'Mon, 14 Dec 2015 17:36:20 GMT', 'content-type': 'application/json'}
        Body: {"server": {"status": "ACTIVE", "updated": "2015-12-14T17:36:19Z", "hostId": "9df0b7eaa960328959a637971e981d6f6991d0defcc46e074c2af471", "addresses": {}, "links": [{"href": "http://10.0.2.15:8774/v2.1/f66cd19d58894f38996b5a9412054f58/servers/a676ba74-245f-422b-9aa5-09d4d0bfd11e", "rel": "self"}, {"href": "http://10.0.2.15:8774/f66cd19d58894f38996b5a9412054f58/servers/a676ba74-245f-422b-9aa5-09d4d0bfd11e", "rel": "bookmark"}], "key_name": "tempest-TestNetworkBasicOps-622476863", "image": {"id": "92bb4bc9-7752-4ca1-8c47-26c0b09f8bfe", "links": [{"href": "http://10.0.2.15:8774/f66cd19d58894f38996b5a9412054f58/images/92bb4bc9-7752-4ca1-8c47-26c0b09f8bfe", "rel": "bookmark"}]}, "OS-EXT-STS:task_state": "deleting", "OS-EXT-STS:vm_state": "active", "OS-SRV-USG:launched_at": "2015-12-14T17:34:14.000000", "flavor": {"id": "42", "links": [{"href": "http://10.0.2.15:8774/f66cd19d58894f38996b5a9412054f58/flavors/42", "rel": "bookmark"}]}, "id": "a676ba74-245f-422b-9aa5-09d4d0bfd11e", "OS-SRV-USG:terminated_at": null, "OS-EXT-AZ:availability_zone": "nova", "user_id": "4f435ccd1cd24912b1b23550905328f0", "name": "tempest.common.compute-instance-2111301578", "created": "2015-12-14T17:34:10Z", "tenant_id": "f66cd19d58894f38996b5a9412054f58", "OS-DCF:diskConfig": "MANUAL", "os-extended-volumes:volumes_attached": [], "accessIPv4": "", "accessIPv6": "", "progress": 0, "OS-EXT-STS:power_state": 1, "config_drive": "True", "metadata": {}}}
2015-12-14 17:36:21,693 25714 INFO     [tempest_lib.common.rest_client] Request (TestNetworkBasicOps:_run_cleanups): 404 GET http://10.0.2.15:8774/v2.1/f66cd19d58894f38996b5a9412054f58/servers/a676ba74-245f-422b-9aa5-09d4d0bfd11e 0.089s
2015-12-14 17:36:21,694 25714 DEBUG    [tempest_lib.common.rest_client] Request - Headers: {'Content-Type': 'application/json', 'Accept': 'application/json', 'X-Auth-Token': '&lt;omitted&gt;'}
        Body: None
    Response - Headers: {'status': '404', 'content-length': '111', 'x-compute-request-id': 'req-2537605a-445c-4b77-a56c-124f6ecef0f8', 'vary': 'X-OpenStack-Nova-API-Version', 'connection': 'close', 'x-openstack-nova-api-version': '2.1', 'date': 'Mon, 14 Dec 2015 17:36:21 GMT', 'content-type': 'application/json; charset=UTF-8'}
        Body: {"itemNotFound": {"message": "Instance a676ba74-245f-422b-9aa5-09d4d0bfd11e could not be found.", "code": 404}}
2015-12-14 17:36:21,718 25714 INFO     [tempest_lib.common.rest_client] Request (TestNetworkBasicOps:_run_cleanups): 202 DELETE http://10.0.2.15:8774/v2.1/f66cd19d58894f38996b5a9412054f58/os-keypairs/tempest-TestNetworkBasicOps-622476863 0.023s
2015-12-14 17:36:21,718 25714 DEBUG    [tempest_lib.common.rest_client] Request - Headers: {'Content-Type': 'application/json', 'Accept': 'application/json', 'X-Auth-Token': '&lt;omitted&gt;'}
        Body: None
    Response - Headers: {'status': '202', 'content-length': '0', 'x-compute-request-id': 'req-be20cb32-f547-4b93-ab88-ed39fdd2b54c', 'vary': 'X-OpenStack-Nova-API-Version', 'connection': 'close', 'x-openstack-nova-api-version': '2.1', 'date': 'Mon, 14 Dec 2015 17:36:21 GMT', 'content-type': 'application/json'}
        Body: 
2015-12-14 17:36:22,160 25714 INFO     [tempest_lib.common.rest_client] Request (TestNetworkBasicOps:_run_cleanups): 200 PUT http://10.0.2.15:9696/v2.0/routers/78bb0ddb-5e8e-4149-8514-76a4796292e6/remove_router_interface 0.441s
2015-12-14 17:36:22,161 25714 DEBUG    [tempest_lib.common.rest_client] Request - Headers: {'Content-Type': 'application/json', 'Accept': 'application/json', 'X-Auth-Token': '&lt;omitted&gt;'}
        Body: {"subnet_id": "d3c96809-e65d-4ca8-b4be-faeb5f16f552"}
    Response - Headers: {'status': '200', 'content-length': '255', 'connection': 'close', 'date': 'Mon, 14 Dec 2015 17:36:22 GMT', 'content-type': 'application/json; charset=UTF-8', 'x-openstack-request-id': 'req-14fa20ee-b50e-4549-bd4e-d21ce9a7dbc7'}
        Body: {"subnet_id": "d3c96809-e65d-4ca8-b4be-faeb5f16f552", "tenant_id": "f66cd19d58894f38996b5a9412054f58", "subnet_ids": ["d3c96809-e65d-4ca8-b4be-faeb5f16f552"], "port_id": "9b40ca73-70c6-4e1c-a0ce-97243eef5616", "id": "78bb0ddb-5e8e-4149-8514-76a4796292e6"}
2015-12-14 17:36:22,673 25714 INFO     [tempest_lib.common.rest_client] Request (TestNetworkBasicOps:_run_cleanups): 204 DELETE http://10.0.2.15:9696/v2.0/subnets/d3c96809-e65d-4ca8-b4be-faeb5f16f552 0.510s
2015-12-14 17:36:22,673 25714 DEBUG    [tempest_lib.common.rest_client] Request - Headers: {'Content-Type': 'application/json', 'Accept': 'application/json', 'X-Auth-Token': '&lt;omitted&gt;'}
        Body: None
    Response - Headers: {'date': 'Mon, 14 Dec 2015 17:36:22 GMT', 'status': '204', 'connection': 'close', 'content-length': '0', 'x-openstack-request-id': 'req-dee9fcc9-0cf4-4295-a94e-300047717ef3'}
        Body: 
2015-12-14 17:36:22,728 25714 INFO     [tempest_lib.common.rest_client] Request (TestNetworkBasicOps:_run_cleanups): 200 GET http://10.0.2.15:9696/v2.0/routers/78bb0ddb-5e8e-4149-8514-76a4796292e6 0.052s
2015-12-14 17:36:22,728 25714 DEBUG    [tempest_lib.common.rest_client] Request - Headers: {'Content-Type': 'application/json', 'Accept': 'application/json', 'X-Auth-Token': '&lt;omitted&gt;'}
        Body: None
    Response - Headers: {'status': '200', 'content-length': '564', 'content-location': 'http://10.0.2.15:9696/v2.0/routers/78bb0ddb-5e8e-4149-8514-76a4796292e6', 'connection': 'close', 'date': 'Mon, 14 Dec 2015 17:36:22 GMT', 'content-type': 'application/json; charset=UTF-8', 'x-openstack-request-id': 'req-20d08fa0-126e-4af9-addf-4881ebf751f4'}
        Body: {"router": {"status": "ACTIVE", "external_gateway_info": {"network_id": "26d27b27-399e-4ee2-a476-a3194777cb85", "enable_snat": true, "external_fixed_ips": [{"subnet_id": "dc84026a-8394-4aa6-bf84-98b55a789415", "ip_address": "172.24.4.3"}, {"subnet_id": "be2172b9-5d51-4776-b663-d8f336b072ba", "ip_address": "2001:db8::3"}]}, "availability_zone_hints": [], "availability_zones": ["nova"], "name": "tempest-router-smoke-1044025639", "admin_state_up": true, "tenant_id": "f66cd19d58894f38996b5a9412054f58", "routes": [], "id": "78bb0ddb-5e8e-4149-8514-76a4796292e6"}}
2015-12-14 17:36:23,246 25714 INFO     [tempest_lib.common.rest_client] Request (TestNetworkBasicOps:_run_cleanups): 200 PUT http://10.0.2.15:9696/v2.0/routers/78bb0ddb-5e8e-4149-8514-76a4796292e6 0.517s
2015-12-14 17:36:23,246 25714 DEBUG    [tempest_lib.common.rest_client] Request - Headers: {'Content-Type': 'application/json', 'Accept': 'application/json', 'X-Auth-Token': '&lt;omitted&gt;'}
        Body: {"router": {"external_gateway_info": {}, "name": "tempest-router-smoke-1044025639", "admin_state_up": true}}
    Response - Headers: {'status': '200', 'content-length': '302', 'connection': 'close', 'date': 'Mon, 14 Dec 2015 17:36:23 GMT', 'content-type': 'application/json; charset=UTF-8', 'x-openstack-request-id': 'req-734528c1-f7bb-4d91-a601-c6bcfa7fd04e'}
        Body: {"router": {"status": "ACTIVE", "external_gateway_info": null, "availability_zone_hints": [], "availability_zones": ["nova"], "name": "tempest-router-smoke-1044025639", "admin_state_up": true, "tenant_id": "f66cd19d58894f38996b5a9412054f58", "routes": [], "id": "78bb0ddb-5e8e-4149-8514-76a4796292e6"}}
2015-12-14 17:36:23,468 25714 INFO     [tempest_lib.common.rest_client] Request (TestNetworkBasicOps:_run_cleanups): 204 DELETE http://10.0.2.15:9696/v2.0/routers/78bb0ddb-5e8e-4149-8514-76a4796292e6 0.220s
2015-12-14 17:36:23,468 25714 DEBUG    [tempest_lib.common.rest_client] Request - Headers: {'Content-Type': 'application/json', 'Accept': 'application/json', 'X-Auth-Token': '&lt;omitted&gt;'}
        Body: None
    Response - Headers: {'date': 'Mon, 14 Dec 2015 17:36:23 GMT', 'status': '204', 'connection': 'close', 'content-length': '0', 'x-openstack-request-id': 'req-807165df-d18a-4f92-aa97-b17a60a8be67'}
        Body: 
2015-12-14 17:36:23,682 25714 INFO     [tempest_lib.common.rest_client] Request (TestNetworkBasicOps:_run_cleanups): 204 DELETE http://10.0.2.15:9696/v2.0/networks/eacbe0bb-405d-43d8-8d09-7e49015bace1 0.212s
2015-12-14 17:36:23,682 25714 DEBUG    [tempest_lib.common.rest_client] Request - Headers: {'Content-Type': 'application/json', 'Accept': 'application/json', 'X-Auth-Token': '&lt;omitted&gt;'}
        Body: None
    Response - Headers: {'date': 'Mon, 14 Dec 2015 17:36:23 GMT', 'status': '204', 'connection': 'close', 'content-length': '0', 'x-openstack-request-id': 'req-4349a555-ce69-4664-9b89-1efa9fd7914e'}
        Body: 
2015-12-14 17:36:23,746 25714 INFO     [tempest_lib.common.rest_client] Request (TestNetworkBasicOps:_run_cleanups): 204 DELETE http://10.0.2.15:9696/v2.0/security-group-rules/c5de339e-6f13-4aa7-ba24-e736bb228758 0.062s
2015-12-14 17:36:23,746 25714 DEBUG    [tempest_lib.common.rest_client] Request - Headers: {'Content-Type': 'application/json', 'Accept': 'application/json', 'X-Auth-Token': '&lt;omitted&gt;'}
        Body: None
    Response - Headers: {'date': 'Mon, 14 Dec 2015 17:36:23 GMT', 'status': '204', 'connection': 'close', 'content-length': '0', 'x-openstack-request-id': 'req-f4340bcf-e7e2-4d3e-b0db-9fe6e5e88ca6'}
        Body: 
2015-12-14 17:36:23,813 25714 INFO     [tempest_lib.common.rest_client] Request (TestNetworkBasicOps:_run_cleanups): 204 DELETE http://10.0.2.15:9696/v2.0/security-group-rules/9d5e2577-3386-4aa4-9b1b-bdc4389c74dd 0.065s
2015-12-14 17:36:23,813 25714 DEBUG    [tempest_lib.common.rest_client] Request - Headers: {'Content-Type': 'application/json', 'Accept': 'application/json', 'X-Auth-Token': '&lt;omitted&gt;'}
        Body: None
    Response - Headers: {'date': 'Mon, 14 Dec 2015 17:36:23 GMT', 'status': '204', 'connection': 'close', 'content-length': '0', 'x-openstack-request-id': 'req-1a960083-f9b8-4856-812a-0042f558ea92'}
        Body: 
2015-12-14 17:36:23,875 25714 INFO     [tempest_lib.common.rest_client] Request (TestNetworkBasicOps:_run_cleanups): 204 DELETE http://10.0.2.15:9696/v2.0/security-group-rules/dfacd5b1-3f1a-4f45-8377-5a7cd14ab4f9 0.061s
2015-12-14 17:36:23,877 25714 DEBUG    [tempest_lib.common.rest_client] Request - Headers: {'Content-Type': 'application/json', 'Accept': 'application/json', 'X-Auth-Token': '&lt;omitted&gt;'}
        Body: None
