<?xml version="1.0" encoding="UTF-8"?>
<!DOCTYPE html PUBLIC "-//W3C//DTD XHTML 1.0 Strict//EN"
     "http://www.w3.org/TR/xhtml1/DTD/xhtml1-strict.dtd">
<html xmlns="http://www.w3.org/1999/xhtml">
<head>
    <title>Unit Test Report</title>
    <meta name="generator" content="subunit2html 0.1"/>
    <meta http-equiv="Content-Type" content="text/html; charset=UTF-8"/>
    
<style type="text/css" media="screen">
body        { font-family: verdana, arial, helvetica, sans-serif;
    font-size: 80%; }
table       { font-size: 100%; width: 100%;}
pre         { font-size: 80%; }

/* -- heading -------------------------------------------------------------- */
h1 {
        font-size: 16pt;
        color: gray;
}
.heading {
    margin-top: 0ex;
    margin-bottom: 1ex;
}

.heading .attribute {
    margin-top: 1ex;
    margin-bottom: 0;
}

.heading .description {
    margin-top: 4ex;
    margin-bottom: 6ex;
}

/* -- css div popup -------------------------------------------------------- */
a.popup_link {
}

a.popup_link:hover {
    color: red;
}

.popup_window {
    display: none;
    overflow-x: scroll;
    /*border: solid #627173 1px; */
    padding: 10px;
    background-color: #E6E6D6;
    font-family: "Ubuntu Mono", "Lucida Console", "Courier New", monospace;
    text-align: left;
    font-size: 8pt;
}

}
/* -- report --------------------------------------------------------------- */
#show_detail_line {
    margin-top: 3ex;
    margin-bottom: 1ex;
}
#result_table {
    width: 100%;
    border-collapse: collapse;
    border: 1px solid #777;
}
#header_row {
    font-weight: bold;
    color: white;
    background-color: #777;
}
#result_table td {
    border: 1px solid #777;
    padding: 2px;
}
#total_row  { font-weight: bold; }
.passClass  { background-color: #6c6; }
.failClass  { background-color: #c60; }
.errorClass { background-color: #c00; }
.passCase   { color: #6c6; }
.failCase   { color: #c60; font-weight: bold; }
.errorCase  { color: #c00; font-weight: bold; }
.hiddenRow  { display: none; }
.testcase   { margin-left: 2em; }
td.testname {width: 40%}
td.small {width: 40px}

/* -- ending --------------------------------------------------------------- */
#ending {
}

</style>

</head>
<body>
<script language="javascript" type="text/javascript"><!--
output_list = Array();

/* level - 0:Summary; 1:Failed; 2:All */
function showCase(level) {
    trs = document.getElementsByTagName("tr");
    for (var i = 0; i < trs.length; i++) {
        tr = trs[i];
        id = tr.id;
        if (id.substr(0,2) == 'ft') {
            if (level < 1) {
                tr.className = 'hiddenRow';
            }
            else {
                tr.className = '';
            }
        }
        if (id.substr(0,2) == 'pt') {
            if (level > 1) {
                tr.className = '';
            }
            else {
                tr.className = 'hiddenRow';
            }
        }
    }
}


function showClassDetail(cid, count) {
    var id_list = Array(count);
    var toHide = 1;
    for (var i = 0; i < count; i++) {
        tid0 = 't' + cid.substr(1) + '.' + (i+1);
        tid = 'f' + tid0;
        tr = document.getElementById(tid);
        if (!tr) {
            tid = 'p' + tid0;
            tr = document.getElementById(tid);
        }
        id_list[i] = tid;
        if (tr.className) {
            toHide = 0;
        }
    }
    for (var i = 0; i < count; i++) {
        tid = id_list[i];
        if (toHide) {
            document.getElementById('div_'+tid).style.display = 'none'
            document.getElementById(tid).className = 'hiddenRow';
        }
        else {
            document.getElementById(tid).className = '';
        }
    }
}


function showTestDetail(div_id){
    var details_div = document.getElementById(div_id)
    var displayState = details_div.style.display
    // alert(displayState)
    if (displayState != 'block' ) {
        displayState = 'block'
        details_div.style.display = 'block'
    }
    else {
        details_div.style.display = 'none'
    }
}


function html_escape(s) {
    s = s.replace(/&/g,'&amp;');
    s = s.replace(/</g,'&lt;');
    s = s.replace(/>/g,'&gt;');
    return s;
}

/* obsoleted by detail in <div>
function showOutput(id, name) {
    var w = window.open("", //url
                    name,
                    "resizable,scrollbars,status,width=800,height=450");
    d = w.document;
    d.write("<pre>");
    d.write(html_escape(output_list[id]));
    d.write("\n");
    d.write("<a href='javascript:window.close()'>close</a>\n");
    d.write("</pre>\n");
    d.close();
}
*/
--></script>

<div class='heading'>
<h1>Unit Test Report</h1>

<p class='attribute'><strong>Status:</strong> Pass 7 Failure 1 Skip 1</p>

<p class='description'></p>
</div>



<p id='show_detail_line'>Show
<a href='javascript:showCase(0)'>Summary</a>
<a href='javascript:showCase(1)'>Failed</a>
<a href='javascript:showCase(2)'>All</a>
</p>
<table id='result_table'>
<colgroup>
<col align='left' />
<col align='right' />
<col align='right' />
<col align='right' />
<col align='right' />
<col align='right' />
<col align='right' />
<col align='right' />
</colgroup>
<tr id='header_row'>
    <td>Test Group/Test case</td>
    <td>Count</td>
    <td>Pass</td>
    <td>Fail</td>
    <td>Error</td>
    <td>Skip</td>
    <td>View</td>
    <td> </td>
</tr>

<tr class='failClass'>
    <td class="testname">tempest.scenario.test_network_basic_ops.TestNetworkBasicOps</td>
    <td class="small">9</td>
    <td class="small">7</td>
    <td class="small">1</td>
    <td class="small">0</td>
    <td class="small">1</td>
    <td class="small"><a href="javascript:showClassDetail('c1',9)"
>Detail</a></td>
    <td> </td>
</tr>

<tr id='pt1.1' class='hiddenRow'>
    <td class='none'><div class='testcase'>test_connectivity_between_vms_on_different_networks[compute,id-1546850e-fbaa-42f5-8b5f-03d8a6a95f15,network]</div></td>
    <td colspan='7' align='left'>

    <!--css div popup start-->
    <a class="popup_link" onfocus='this.blur();'
    href="javascript:showTestDetail('div_pt1.1')" >
        pass</a>

    <div id='div_pt1.1' class="popup_window">
        <div style='text-align: right; color:red;cursor:pointer'>
        <a onfocus='this.blur();'
onclick="document.getElementById('div_pt1.1').style.display = 'none' " >
           [x]</a>
        </div>
        <pre>
        
pt1.1: tempest.scenario.test_network_basic_ops.TestNetworkBasicOps.test_connectivity_between_vms_on_different_networks[compute,id-1546850e-fbaa-42f5-8b5f-03d8a6a95f15,network]

        </pre>
    </div>
    <!--css div popup end-->

    </td>
</tr>

<tr id='pt1.2' class='hiddenRow'>
    <td class='none'><div class='testcase'>test_hotplug_nic[compute,id-c5adff73-e961-41f1-b4a9-343614f18cfa,network]</div></td>
    <td colspan='7' align='left'>

    <!--css div popup start-->
    <a class="popup_link" onfocus='this.blur();'
    href="javascript:showTestDetail('div_pt1.2')" >
        pass</a>

    <div id='div_pt1.2' class="popup_window">
        <div style='text-align: right; color:red;cursor:pointer'>
        <a onfocus='this.blur();'
onclick="document.getElementById('div_pt1.2').style.display = 'none' " >
           [x]</a>
        </div>
        <pre>
        
pt1.2: tempest.scenario.test_network_basic_ops.TestNetworkBasicOps.test_hotplug_nic[compute,id-c5adff73-e961-41f1-b4a9-343614f18cfa,network]

        </pre>
    </div>
    <!--css div popup end-->

    </td>
</tr>

<tr id='pt1.3' class='hiddenRow'>
    <td class='none'><div class='testcase'>test_network_basic_ops[compute,id-f323b3ba-82f8-4db7-8ea6-6a895869ec49,network,smoke]</div></td>
    <td colspan='7' align='left'>

    <!--css div popup start-->
    <a class="popup_link" onfocus='this.blur();'
    href="javascript:showTestDetail('div_pt1.3')" >
        pass</a>

    <div id='div_pt1.3' class="popup_window">
        <div style='text-align: right; color:red;cursor:pointer'>
        <a onfocus='this.blur();'
onclick="document.getElementById('div_pt1.3').style.display = 'none' " >
           [x]</a>
        </div>
        <pre>
        
pt1.3: tempest.scenario.test_network_basic_ops.TestNetworkBasicOps.test_network_basic_ops[compute,id-f323b3ba-82f8-4db7-8ea6-6a895869ec49,network,smoke]

        </pre>
    </div>
    <!--css div popup end-->

    </td>
</tr>

<tr id='pt1.4' class='hiddenRow'>
    <td class='none'><div class='testcase'>test_port_security_macspoofing_port[compute,id-7c0bb1a2-d053-49a4-98f9-ca1a1d849f63,network]</div></td>
    <td colspan='7' align='left'>

    <!--css div popup start-->
    <a class="popup_link" onfocus='this.blur();'
    href="javascript:showTestDetail('div_pt1.4')" >
        pass</a>

    <div id='div_pt1.4' class="popup_window">
        <div style='text-align: right; color:red;cursor:pointer'>
        <a onfocus='this.blur();'
onclick="document.getElementById('div_pt1.4').style.display = 'none' " >
           [x]</a>
        </div>
        <pre>
        
pt1.4: tempest.scenario.test_network_basic_ops.TestNetworkBasicOps.test_port_security_macspoofing_port[compute,id-7c0bb1a2-d053-49a4-98f9-ca1a1d849f63,network]

        </pre>
    </div>
    <!--css div popup end-->

    </td>
</tr>

<tr id='pt1.5' class='hiddenRow'>
    <td class='none'><div class='testcase'>test_preserve_preexisting_port[compute,id-759462e1-8535-46b0-ab3a-33aa45c55aaa,network]</div></td>
    <td colspan='7' align='left'>

    <!--css div popup start-->
    <a class="popup_link" onfocus='this.blur();'
    href="javascript:showTestDetail('div_pt1.5')" >
        pass</a>

    <div id='div_pt1.5' class="popup_window">
        <div style='text-align: right; color:red;cursor:pointer'>
        <a onfocus='this.blur();'
onclick="document.getElementById('div_pt1.5').style.display = 'none' " >
           [x]</a>
        </div>
        <pre>
        
pt1.5: tempest.scenario.test_network_basic_ops.TestNetworkBasicOps.test_preserve_preexisting_port[compute,id-759462e1-8535-46b0-ab3a-33aa45c55aaa,network]

        </pre>
    </div>
    <!--css div popup end-->

    </td>
</tr>

<tr id='pt1.6' class='hiddenRow'>
    <td class='none'><div class='testcase'>test_router_rescheduling[compute,id-2e788c46-fb3f-4ac9-8f82-0561555bea73,network]</div></td>
    <td colspan='7' align='left'>

    <!--css div popup start-->
    <a class="popup_link" onfocus='this.blur();'
    href="javascript:showTestDetail('div_pt1.6')" >
        skip</a>

    <div id='div_pt1.6' class="popup_window">
        <div style='text-align: right; color:red;cursor:pointer'>
        <a onfocus='this.blur();'
onclick="document.getElementById('div_pt1.6').style.display = 'none' " >
           [x]</a>
        </div>
        <pre>
        
pt1.6: tempest.scenario.test_network_basic_ops.TestNetworkBasicOps.test_router_rescheduling[compute,id-2e788c46-fb3f-4ac9-8f82-0561555bea73,network]

        </pre>
    </div>
    <!--css div popup end-->

    </td>
</tr>

<tr id='pt1.7' class='hiddenRow'>
    <td class='none'><div class='testcase'>test_subnet_details[compute,id-d8bb918e-e2df-48b2-97cd-b73c95450980,network]</div></td>
    <td colspan='7' align='left'>

    <!--css div popup start-->
    <a class="popup_link" onfocus='this.blur();'
    href="javascript:showTestDetail('div_pt1.7')" >
        pass</a>

    <div id='div_pt1.7' class="popup_window">
        <div style='text-align: right; color:red;cursor:pointer'>
        <a onfocus='this.blur();'
onclick="document.getElementById('div_pt1.7').style.display = 'none' " >
           [x]</a>
        </div>
        <pre>
        
pt1.7: tempest.scenario.test_network_basic_ops.TestNetworkBasicOps.test_subnet_details[compute,id-d8bb918e-e2df-48b2-97cd-b73c95450980,network]

        </pre>
    </div>
    <!--css div popup end-->

    </td>
</tr>

<tr id='ft1.8' class='none'>
    <td class='failCase'><div class='testcase'>test_update_instance_port_admin_state[compute,id-f5dfcc22-45fd-409f-954c-5bd500d7890b,network]</div></td>
    <td colspan='7' align='left'>

    <!--css div popup start-->
    <a class="popup_link" onfocus='this.blur();'
    href="javascript:showTestDetail('div_ft1.8')" >
        fail</a>

    <div id='div_ft1.8' class="popup_window">
        <div style='text-align: right; color:red;cursor:pointer'>
        <a onfocus='this.blur();'
onclick="document.getElementById('div_ft1.8').style.display = 'none' " >
           [x]</a>
        </div>
        <pre>
        
ft1.8: tempest.scenario.test_network_basic_ops.TestNetworkBasicOps.test_update_instance_port_admin_state[compute,id-f5dfcc22-45fd-409f-954c-5bd500d7890b,network]_StringException: Empty attachments:
  stderr
  stdout

pythonlogging:'': {{{
2016-02-20 19:41:41,998 26778 INFO     [tempest_lib.common.rest_client] Request (TestNetworkBasicOps:test_update_instance_port_admin_state): 201 POST http://10.4.1.3:9696/v2.0/security-groups 0.306s
2016-02-20 19:41:41,999 26778 DEBUG    [tempest_lib.common.rest_client] Request - Headers: {'Content-Type': 'application/json', 'Accept': 'application/json', 'X-Auth-Token': '&lt;omitted&gt;'}
        Body: {"security_group": {"tenant_id": "f382615a1bbb48d0852b0e589943fe0a", "description": "tempest-secgroup-smoke-666122052 description", "name": "tempest-secgroup-smoke-666122052"}}
    Response - Headers: {'status': '201', 'content-length': '886', 'connection': 'close', 'date': 'Sat, 20 Feb 2016 19:41:41 GMT', 'content-type': 'application/json; charset=UTF-8', 'x-openstack-request-id': 'req-90c84dc2-ba63-43e2-a5a6-2df31a019c37'}
        Body: {"security_group": {"tenant_id": "f382615a1bbb48d0852b0e589943fe0a", "description": "tempest-secgroup-smoke-666122052 description", "id": "b9f1290b-07b6-4a72-8747-7f0aaa1336d4", "security_group_rules": [{"remote_group_id": null, "direction": "egress", "remote_ip_prefix": null, "protocol": null, "ethertype": "IPv4", "tenant_id": "f382615a1bbb48d0852b0e589943fe0a", "port_range_max": null, "port_range_min": null, "id": "12be5938-695f-47f3-95d8-e4f65d0aab26", "security_group_id": "b9f1290b-07b6-4a72-8747-7f0aaa1336d4"}, {"remote_group_id": null, "direction": "egress", "remote_ip_prefix": null, "protocol": null, "ethertype": "IPv6", "tenant_id": "f382615a1bbb48d0852b0e589943fe0a", "port_range_max": null, "port_range_min": null, "id": "916e8cca-d666-44d8-a5e3-faad32d8a9bb", "security_group_id": "b9f1290b-07b6-4a72-8747-7f0aaa1336d4"}], "name": "tempest-secgroup-smoke-666122052"}}
2016-02-20 19:41:42,312 26778 INFO     [tempest_lib.common.rest_client] Request (TestNetworkBasicOps:test_update_instance_port_admin_state): 201 POST http://10.4.1.3:9696/v2.0/security-group-rules 0.312s
2016-02-20 19:41:42,313 26778 DEBUG    [tempest_lib.common.rest_client] Request - Headers: {'Content-Type': 'application/json', 'Accept': 'application/json', 'X-Auth-Token': '&lt;omitted&gt;'}
        Body: {"security_group_rule": {"direction": "ingress", "protocol": "tcp", "tenant_id": "f382615a1bbb48d0852b0e589943fe0a", "port_range_max": 22, "security_group_id": "b9f1290b-07b6-4a72-8747-7f0aaa1336d4", "port_range_min": 22}}
    Response - Headers: {'status': '201', 'content-length': '340', 'connection': 'close', 'date': 'Sat, 20 Feb 2016 19:41:42 GMT', 'content-type': 'application/json; charset=UTF-8', 'x-openstack-request-id': 'req-d5dfa44e-b0a9-4054-ae09-0ed0c27fdd14'}
        Body: {"security_group_rule": {"remote_group_id": null, "direction": "ingress", "remote_ip_prefix": null, "protocol": "tcp", "ethertype": "IPv4", "tenant_id": "f382615a1bbb48d0852b0e589943fe0a", "port_range_max": 22, "port_range_min": 22, "id": "7e733d46-41ee-489e-ab01-477ca8600111", "security_group_id": "b9f1290b-07b6-4a72-8747-7f0aaa1336d4"}}
2016-02-20 19:41:42,656 26778 INFO     [tempest_lib.common.rest_client] Request (TestNetworkBasicOps:test_update_instance_port_admin_state): 201 POST http://10.4.1.3:9696/v2.0/security-group-rules 0.342s
2016-02-20 19:41:42,657 26778 DEBUG    [tempest_lib.common.rest_client] Request - Headers: {'Content-Type': 'application/json', 'Accept': 'application/json', 'X-Auth-Token': '&lt;omitted&gt;'}
        Body: {"security_group_rule": {"direction": "egress", "protocol": "tcp", "tenant_id": "f382615a1bbb48d0852b0e589943fe0a", "port_range_max": 22, "security_group_id": "b9f1290b-07b6-4a72-8747-7f0aaa1336d4", "port_range_min": 22}}
    Response - Headers: {'status': '201', 'content-length': '339', 'connection': 'close', 'date': 'Sat, 20 Feb 2016 19:41:42 GMT', 'content-type': 'application/json; charset=UTF-8', 'x-openstack-request-id': 'req-3d64b6e8-2491-400d-98f8-850c4115daae'}
        Body: {"security_group_rule": {"remote_group_id": null, "direction": "egress", "remote_ip_prefix": null, "protocol": "tcp", "ethertype": "IPv4", "tenant_id": "f382615a1bbb48d0852b0e589943fe0a", "port_range_max": 22, "port_range_min": 22, "id": "aee49213-3736-46f2-9c5e-b5431a06324f", "security_group_id": "b9f1290b-07b6-4a72-8747-7f0aaa1336d4"}}
2016-02-20 19:41:42,926 26778 INFO     [tempest_lib.common.rest_client] Request (TestNetworkBasicOps:test_update_instance_port_admin_state): 201 POST http://10.4.1.3:9696/v2.0/security-group-rules 0.269s
2016-02-20 19:41:42,926 26778 DEBUG    [tempest_lib.common.rest_client] Request - Headers: {'Content-Type': 'application/json', 'Accept': 'application/json', 'X-Auth-Token': '&lt;omitted&gt;'}
        Body: {"security_group_rule": {"tenant_id": "f382615a1bbb48d0852b0e589943fe0a", "direction": "ingress", "protocol": "icmp", "security_group_id": "b9f1290b-07b6-4a72-8747-7f0aaa1336d4"}}
    Response - Headers: {'status': '201', 'content-length': '345', 'connection': 'close', 'date': 'Sat, 20 Feb 2016 19:41:42 GMT', 'content-type': 'application/json; charset=UTF-8', 'x-openstack-request-id': 'req-e9cab529-371e-451f-b5ec-31c11368bc47'}
        Body: {"security_group_rule": {"remote_group_id": null, "direction": "ingress", "remote_ip_prefix": null, "protocol": "icmp", "ethertype": "IPv4", "tenant_id": "f382615a1bbb48d0852b0e589943fe0a", "port_range_max": null, "port_range_min": null, "id": "36c96a0b-4c9a-47ad-a798-97bfc145379f", "security_group_id": "b9f1290b-07b6-4a72-8747-7f0aaa1336d4"}}
2016-02-20 19:41:43,253 26778 INFO     [tempest_lib.common.rest_client] Request (TestNetworkBasicOps:test_update_instance_port_admin_state): 201 POST http://10.4.1.3:9696/v2.0/security-group-rules 0.326s
2016-02-20 19:41:43,254 26778 DEBUG    [tempest_lib.common.rest_client] Request - Headers: {'Content-Type': 'application/json', 'Accept': 'application/json', 'X-Auth-Token': '&lt;omitted&gt;'}
        Body: {"security_group_rule": {"tenant_id": "f382615a1bbb48d0852b0e589943fe0a", "direction": "egress", "protocol": "icmp", "security_group_id": "b9f1290b-07b6-4a72-8747-7f0aaa1336d4"}}
    Response - Headers: {'status': '201', 'content-length': '344', 'connection': 'close', 'date': 'Sat, 20 Feb 2016 19:41:43 GMT', 'content-type': 'application/json; charset=UTF-8', 'x-openstack-request-id': 'req-ed48927f-e3cc-49ba-99ac-6c1a4f69801e'}
        Body: {"security_group_rule": {"remote_group_id": null, "direction": "egress", "remote_ip_prefix": null, "protocol": "icmp", "ethertype": "IPv4", "tenant_id": "f382615a1bbb48d0852b0e589943fe0a", "port_range_max": null, "port_range_min": null, "id": "3c72cf1c-4354-44de-8f9e-11bb74b370cb", "security_group_id": "b9f1290b-07b6-4a72-8747-7f0aaa1336d4"}}
2016-02-20 19:41:43,585 26778 INFO     [tempest_lib.common.rest_client] Request (TestNetworkBasicOps:test_update_instance_port_admin_state): 201 POST http://10.4.1.3:9696/v2.0/security-group-rules 0.331s
2016-02-20 19:41:43,586 26778 DEBUG    [tempest_lib.common.rest_client] Request - Headers: {'Content-Type': 'application/json', 'Accept': 'application/json', 'X-Auth-Token': '&lt;omitted&gt;'}
        Body: {"security_group_rule": {"tenant_id": "f382615a1bbb48d0852b0e589943fe0a", "direction": "ingress", "security_group_id": "b9f1290b-07b6-4a72-8747-7f0aaa1336d4", "protocol": "icmp", "ethertype": "IPv6"}}
    Response - Headers: {'status': '201', 'content-length': '345', 'connection': 'close', 'date': 'Sat, 20 Feb 2016 19:41:43 GMT', 'content-type': 'application/json; charset=UTF-8', 'x-openstack-request-id': 'req-8b4a02df-16cd-452a-b5aa-5f06ad1b5ac5'}
        Body: {"security_group_rule": {"remote_group_id": null, "direction": "ingress", "remote_ip_prefix": null, "protocol": "icmp", "ethertype": "IPv6", "tenant_id": "f382615a1bbb48d0852b0e589943fe0a", "port_range_max": null, "port_range_min": null, "id": "129791f7-9e04-4b26-b7be-23cc71a3eea5", "security_group_id": "b9f1290b-07b6-4a72-8747-7f0aaa1336d4"}}
2016-02-20 19:41:43,915 26778 INFO     [tempest_lib.common.rest_client] Request (TestNetworkBasicOps:test_update_instance_port_admin_state): 201 POST http://10.4.1.3:9696/v2.0/security-group-rules 0.328s
2016-02-20 19:41:43,915 26778 DEBUG    [tempest_lib.common.rest_client] Request - Headers: {'Content-Type': 'application/json', 'Accept': 'application/json', 'X-Auth-Token': '&lt;omitted&gt;'}
        Body: {"security_group_rule": {"tenant_id": "f382615a1bbb48d0852b0e589943fe0a", "direction": "egress", "security_group_id": "b9f1290b-07b6-4a72-8747-7f0aaa1336d4", "protocol": "icmp", "ethertype": "IPv6"}}
    Response - Headers: {'status': '201', 'content-length': '344', 'connection': 'close', 'date': 'Sat, 20 Feb 2016 19:41:43 GMT', 'content-type': 'application/json; charset=UTF-8', 'x-openstack-request-id': 'req-db4d1f0c-f9a9-4df0-b33e-ef1f6402b698'}
        Body: {"security_group_rule": {"remote_group_id": null, "direction": "egress", "remote_ip_prefix": null, "protocol": "icmp", "ethertype": "IPv6", "tenant_id": "f382615a1bbb48d0852b0e589943fe0a", "port_range_max": null, "port_range_min": null, "id": "af8bcb54-627e-4024-9126-a3e90fbcfb41", "security_group_id": "b9f1290b-07b6-4a72-8747-7f0aaa1336d4"}}
2016-02-20 19:41:44,383 26778 INFO     [tempest_lib.common.rest_client] Request (TestNetworkBasicOps:test_update_instance_port_admin_state): 201 POST http://10.4.1.3:9696/v2.0/networks 0.467s
2016-02-20 19:41:44,384 26778 DEBUG    [tempest_lib.common.rest_client] Request - Headers: {'Content-Type': 'application/json', 'Accept': 'application/json', 'X-Auth-Token': '&lt;omitted&gt;'}
        Body: {"network": {"tenant_id": "f382615a1bbb48d0852b0e589943fe0a", "name": "tempest-network-smoke--2046520364"}}
    Response - Headers: {'status': '201', 'content-length': '356', 'connection': 'close', 'date': 'Sat, 20 Feb 2016 19:41:44 GMT', 'content-type': 'application/json; charset=UTF-8', 'x-openstack-request-id': 'req-1b46da18-302d-40fe-a928-27e72b002675'}
        Body: {"network": {"status": "ACTIVE", "subnets": [], "availability_zone_hints": [], "availability_zones": [], "name": "tempest-network-smoke--2046520364", "admin_state_up": true, "tenant_id": "f382615a1bbb48d0852b0e589943fe0a", "mtu": 1450, "router:external": false, "shared": false, "port_security_enabled": true, "id": "278cc853-f5bb-4610-976c-eb5260a70f21"}}
2016-02-20 19:41:44,667 26778 INFO     [tempest_lib.common.rest_client] Request (TestNetworkBasicOps:test_update_instance_port_admin_state): 201 POST http://10.4.1.3:9696/v2.0/routers 0.282s
2016-02-20 19:41:44,668 26778 DEBUG    [tempest_lib.common.rest_client] Request - Headers: {'Content-Type': 'application/json', 'Accept': 'application/json', 'X-Auth-Token': '&lt;omitted&gt;'}
        Body: {"router": {"tenant_id": "f382615a1bbb48d0852b0e589943fe0a", "name": "tempest-router-smoke-1718730069", "admin_state_up": true}}
    Response - Headers: {'status': '201', 'content-length': '296', 'connection': 'close', 'date': 'Sat, 20 Feb 2016 19:41:44 GMT', 'content-type': 'application/json; charset=UTF-8', 'x-openstack-request-id': 'req-56618639-6d8e-49b3-8d75-cd995ffe56e7'}
        Body: {"router": {"status": "ACTIVE", "external_gateway_info": null, "availability_zone_hints": [], "availability_zones": [], "name": "tempest-router-smoke-1718730069", "admin_state_up": true, "tenant_id": "f382615a1bbb48d0852b0e589943fe0a", "routes": [], "id": "e5bfb41a-6481-47a4-9d8f-cd4a88bc3967"}}
2016-02-20 19:41:44,923 26778 INFO     [tempest_lib.common.rest_client] Request (TestNetworkBasicOps:test_update_instance_port_admin_state): 200 GET http://10.4.1.3:9696/v2.0/routers/e5bfb41a-6481-47a4-9d8f-cd4a88bc3967 0.254s
2016-02-20 19:41:44,924 26778 DEBUG    [tempest_lib.common.rest_client] Request - Headers: {'Content-Type': 'application/json', 'Accept': 'application/json', 'X-Auth-Token': '&lt;omitted&gt;'}
        Body: None
    Response - Headers: {'status': '200', 'content-length': '296', 'content-location': 'http://10.4.1.3:9696/v2.0/routers/e5bfb41a-6481-47a4-9d8f-cd4a88bc3967', 'connection': 'close', 'date': 'Sat, 20 Feb 2016 19:41:44 GMT', 'content-type': 'application/json; charset=UTF-8', 'x-openstack-request-id': 'req-fea53ecb-6f9f-49d5-9a2b-5fe95531e2b2'}
        Body: {"router": {"status": "ACTIVE", "external_gateway_info": null, "availability_zone_hints": [], "availability_zones": [], "name": "tempest-router-smoke-1718730069", "admin_state_up": true, "tenant_id": "f382615a1bbb48d0852b0e589943fe0a", "routes": [], "id": "e5bfb41a-6481-47a4-9d8f-cd4a88bc3967"}}
2016-02-20 19:41:46,034 26778 INFO     [tempest_lib.common.rest_client] Request (TestNetworkBasicOps:test_update_instance_port_admin_state): 200 PUT http://10.4.1.3:9696/v2.0/routers/e5bfb41a-6481-47a4-9d8f-cd4a88bc3967 1.110s
2016-02-20 19:41:46,036 26778 DEBUG    [tempest_lib.common.rest_client] Request - Headers: {'Content-Type': 'application/json', 'Accept': 'application/json', 'X-Auth-Token': '&lt;omitted&gt;'}
        Body: {"router": {"external_gateway_info": {"network_id": "30303975-69d7-4b3e-b680-09dacdb26361"}, "name": "tempest-router-smoke-1718730069", "admin_state_up": true}}
    Response - Headers: {'status': '200', 'content-length': '559', 'connection': 'close', 'date': 'Sat, 20 Feb 2016 19:41:46 GMT', 'content-type': 'application/json; charset=UTF-8', 'x-openstack-request-id': 'req-ad67f936-cd75-40c1-9f55-c6ea42bed377'}
        Body: {"router": {"status": "ACTIVE", "external_gateway_info": {"network_id": "30303975-69d7-4b3e-b680-09dacdb26361", "enable_snat": true, "external_fixed_ips": [{"subnet_id": "fcc37b4a-2834-4566-b7c3-e895c0bde39b", "ip_address": "172.24.4.15"}, {"subnet_id": "dd0b7f9e-c380-42d9-b8ac-eb020abf234c", "ip_address": "2001:db8::f"}]}, "availability_zone_hints": [], "availability_zones": [], "name": "tempest-router-smoke-1718730069", "admin_state_up": true, "tenant_id": "f382615a1bbb48d0852b0e589943fe0a", "routes": [], "id": "e5bfb41a-6481-47a4-9d8f-cd4a88bc3967"}}
2016-02-20 19:41:46,268 26778 INFO     [tempest_lib.common.rest_client] Request (TestNetworkBasicOps:test_update_instance_port_admin_state): 200 GET http://10.4.1.3:9696/v2.0/subnets?tenant_id=f382615a1bbb48d0852b0e589943fe0a&amp;cidr=10.100.0.0%2F28 0.230s
2016-02-20 19:41:46,269 26778 DEBUG    [tempest_lib.common.rest_client] Request - Headers: {'Content-Type': 'application/json', 'Accept': 'application/json', 'X-Auth-Token': '&lt;omitted&gt;'}
        Body: None
    Response - Headers: {'status': '200', 'content-length': '15', 'content-location': 'http://10.4.1.3:9696/v2.0/subnets?tenant_id=f382615a1bbb48d0852b0e589943fe0a&amp;cidr=10.100.0.0%2F28', 'connection': 'close', 'date': 'Sat, 20 Feb 2016 19:41:46 GMT', 'content-type': 'application/json; charset=UTF-8', 'x-openstack-request-id': 'req-3fb68809-f8b2-4579-8522-a3d1e994f096'}
        Body: {"subnets": []}
2016-02-20 19:41:46,873 26778 INFO     [tempest_lib.common.rest_client] Request (TestNetworkBasicOps:test_update_instance_port_admin_state): 201 POST http://10.4.1.3:9696/v2.0/subnets 0.603s
2016-02-20 19:41:46,873 26778 DEBUG    [tempest_lib.common.rest_client] Request - Headers: {'Content-Type': 'application/json', 'Accept': 'application/json', 'X-Auth-Token': '&lt;omitted&gt;'}
        Body: {"subnet": {"ip_version": 4, "tenant_id": "f382615a1bbb48d0852b0e589943fe0a", "cidr": "10.100.0.0/28", "network_id": "278cc853-f5bb-4610-976c-eb5260a70f21", "name": "tempest-subnet-smoke-1963883103"}}
    Response - Headers: {'status': '201', 'content-length': '478', 'connection': 'close', 'date': 'Sat, 20 Feb 2016 19:41:46 GMT', 'content-type': 'application/json; charset=UTF-8', 'x-openstack-request-id': 'req-34ebe794-8458-4237-8540-6f5db188a365'}
        Body: {"subnet": {"name": "tempest-subnet-smoke-1963883103", "enable_dhcp": true, "network_id": "278cc853-f5bb-4610-976c-eb5260a70f21", "tenant_id": "f382615a1bbb48d0852b0e589943fe0a", "dns_nameservers": [], "gateway_ip": "10.100.0.1", "ipv6_ra_mode": null, "allocation_pools": [{"start": "10.100.0.2", "end": "10.100.0.14"}], "host_routes": [], "ip_version": 4, "ipv6_address_mode": null, "cidr": "10.100.0.0/28", "id": "52c9a1d5-0bbc-4673-9ee4-b913bb7c4517", "subnetpool_id": null}}
2016-02-20 19:41:47,897 26778 INFO     [tempest_lib.common.rest_client] Request (TestNetworkBasicOps:test_update_instance_port_admin_state): 200 PUT http://10.4.1.3:9696/v2.0/routers/e5bfb41a-6481-47a4-9d8f-cd4a88bc3967/add_router_interface 1.022s
2016-02-20 19:41:47,898 26778 DEBUG    [tempest_lib.common.rest_client] Request - Headers: {'Content-Type': 'application/json', 'Accept': 'application/json', 'X-Auth-Token': '&lt;omitted&gt;'}
        Body: {"subnet_id": "52c9a1d5-0bbc-4673-9ee4-b913bb7c4517"}
    Response - Headers: {'status': '200', 'content-length': '309', 'connection': 'close', 'date': 'Sat, 20 Feb 2016 19:41:47 GMT', 'content-type': 'application/json; charset=UTF-8', 'x-openstack-request-id': 'req-284a449f-597f-488c-a361-6296b03231b9'}
        Body: {"network_id": "278cc853-f5bb-4610-976c-eb5260a70f21", "tenant_id": "f382615a1bbb48d0852b0e589943fe0a", "subnet_id": "52c9a1d5-0bbc-4673-9ee4-b913bb7c4517", "subnet_ids": ["52c9a1d5-0bbc-4673-9ee4-b913bb7c4517"], "port_id": "e075d6a3-c4d5-4c28-91b4-500f7d6a4ef2", "id": "e5bfb41a-6481-47a4-9d8f-cd4a88bc3967"}
2016-02-20 19:41:48,185 26778 INFO     [tempest_lib.common.rest_client] Request (TestNetworkBasicOps:test_update_instance_port_admin_state): 200 GET http://10.4.1.3:9696/v2.0/networks 0.286s
2016-02-20 19:41:48,186 26778 DEBUG    [tempest_lib.common.rest_client] Request - Headers: {'Content-Type': 'application/json', 'Accept': 'application/json', 'X-Auth-Token': '&lt;omitted&gt;'}
        Body: None
    Response - Headers: {'status': '200', 'content-length': '1537', 'content-location': 'http://10.4.1.3:9696/v2.0/networks', 'connection': 'close', 'date': 'Sat, 20 Feb 2016 19:41:48 GMT', 'content-type': 'application/json; charset=UTF-8', 'x-openstack-request-id': 'req-b3f2454e-10fd-4c8e-86ae-abdcb18c3dcd'}
        Body: {"networks": [{"status": "ACTIVE", "subnets": ["dd0b7f9e-c380-42d9-b8ac-eb020abf234c", "fcc37b4a-2834-4566-b7c3-e895c0bde39b"], "availability_zone_hints": [], "availability_zones": ["nova"], "name": "public", "provider:physical_network": null, "admin_state_up": true, "tenant_id": "18bc56ca49c14b6bb6fb731fef35691d", "mtu": 1450, "is_default": false, "router:external": true, "shared": false, "port_security_enabled": true, "provider:network_type": "vxlan", "id": "30303975-69d7-4b3e-b680-09dacdb26361", "provider:segmentation_id": 1023}, {"status": "ACTIVE", "subnets": ["66dc07a0-8b8f-4960-8b94-0bad6ee676f6", "b56da6b0-a1d3-4356-ad11-89f5ded13d3e"], "availability_zone_hints": [], "availability_zones": ["nova"], "name": "private", "provider:physical_network": null, "admin_state_up": true, "tenant_id": "40ec5e6695dc414cb576b7ae57b62280", "mtu": 1450, "router:external": false, "shared": false, "port_security_enabled": true, "provider:network_type": "vxlan", "id": "d9319c77-5f1b-4be8-b990-c8046b45b2c0", "provider:segmentation_id": 1063}, {"status": "ACTIVE", "subnets": ["52c9a1d5-0bbc-4673-9ee4-b913bb7c4517"], "availability_zone_hints": [], "availability_zones": ["nova"], "name": "tempest-network-smoke--2046520364", "provider:physical_network": null, "admin_state_up": true, "tenant_id": "f382615a1bbb48d0852b0e589943fe0a", "mtu": 1450, "router:external": false, "shared": false, "port_security_enabled": true, "provider:network_type": "vxlan", "id": "278cc853-f5bb-4610-976c-eb5260a70f21", "provider:segmentation_id": 1056}]}
2016-02-20 19:41:48,467 26778 INFO     [tempest_lib.common.rest_client] Request (TestNetworkBasicOps:test_update_instance_port_admin_state): 200 GET http://10.4.1.3:9696/v2.0/subnets 0.279s
2016-02-20 19:41:48,467 26778 DEBUG    [tempest_lib.common.rest_client] Request - Headers: {'Content-Type': 'application/json', 'Accept': 'application/json', 'X-Auth-Token': '&lt;omitted&gt;'}
        Body: None
    Response - Headers: {'status': '200', 'content-length': '2408', 'content-location': 'http://10.4.1.3:9696/v2.0/subnets', 'connection': 'close', 'date': 'Sat, 20 Feb 2016 19:41:48 GMT', 'content-type': 'application/json; charset=UTF-8', 'x-openstack-request-id': 'req-11b0697a-1f94-4ec2-a0a2-0e017363d619'}
        Body: {"subnets": [{"name": "private-subnet", "enable_dhcp": true, "network_id": "d9319c77-5f1b-4be8-b990-c8046b45b2c0", "tenant_id": "40ec5e6695dc414cb576b7ae57b62280", "dns_nameservers": [], "gateway_ip": "10.0.0.1", "ipv6_ra_mode": null, "allocation_pools": [{"start": "10.0.0.2", "end": "10.0.0.254"}], "host_routes": [], "ip_version": 4, "ipv6_address_mode": null, "cidr": "10.0.0.0/24", "id": "66dc07a0-8b8f-4960-8b94-0bad6ee676f6", "subnetpool_id": null}, {"name": "ipv6-private-subnet", "enable_dhcp": true, "network_id": "d9319c77-5f1b-4be8-b990-c8046b45b2c0", "tenant_id": "40ec5e6695dc414cb576b7ae57b62280", "dns_nameservers": [], "gateway_ip": "fd3e:faa5:4d04::1", "ipv6_ra_mode": "slaac", "allocation_pools": [{"start": "fd3e:faa5:4d04::2", "end": "fd3e:faa5:4d04:0:ffff:ffff:ffff:ffff"}], "host_routes": [], "ip_version": 6, "ipv6_address_mode": "slaac", "cidr": "fd3e:faa5:4d04::/64", "id": "b56da6b0-a1d3-4356-ad11-89f5ded13d3e", "subnetpool_id": null}, {"name": "ipv6-public-subnet", "enable_dhcp": false, "network_id": "30303975-69d7-4b3e-b680-09dacdb26361", "tenant_id": "18bc56ca49c14b6bb6fb731fef35691d", "dns_nameservers": [], "gateway_ip": "2001:db8::2", "ipv6_ra_mode": null, "allocation_pools": [{"start": "2001:db8::1", "end": "2001:db8::1"}, {"start": "2001:db8::3", "end": "2001:db8::ffff:ffff:ffff:ffff"}], "host_routes": [], "ip_version": 6, "ipv6_address_mode": null, "cidr": "2001:db8::/64", "id": "dd0b7f9e-c380-42d9-b8ac-eb020abf234c", "subnetpool_id": null}, {"name": "public-subnet", "enable_dhcp": false, "network_id": "30303975-69d7-4b3e-b680-09dacdb26361", "tenant_id": "18bc56ca49c14b6bb6fb731fef35691d", "dns_nameservers": [], "gateway_ip": "172.24.4.1", "ipv6_ra_mode": null, "allocation_pools": [{"start": "172.24.4.2", "end": "172.24.4.254"}], "host_routes": [], "ip_version": 4, "ipv6_address_mode": null, "cidr": "172.24.4.0/24", "id": "fcc37b4a-2834-4566-b7c3-e895c0bde39b", "subnetpool_id": null}, {"name": "tempest-subnet-smoke-1963883103", "enable_dhcp": true, "network_id": "278cc853-f5bb-4610-976c-eb5260a70f21", "tenant_id": "f382615a1bbb48d0852b0e589943fe0a", "dns_nameservers": [], "gateway_ip": "10.100.0.1", "ipv6_ra_mode": null, "allocation_pools": [{"start": "10.100.0.2", "end": "10.100.0.14"}], "host_routes": [], "ip_version": 4, "ipv6_address_mode": null, "cidr": "10.100.0.0/28", "id": "52c9a1d5-0bbc-4673-9ee4-b913bb7c4517", "subnetpool_id": null}]}
2016-02-20 19:41:48,730 26778 INFO     [tempest_lib.common.rest_client] Request (TestNetworkBasicOps:test_update_instance_port_admin_state): 200 GET http://10.4.1.3:9696/v2.0/routers 0.261s
2016-02-20 19:41:48,730 26778 DEBUG    [tempest_lib.common.rest_client] Request - Headers: {'Content-Type': 'application/json', 'Accept': 'application/json', 'X-Auth-Token': '&lt;omitted&gt;'}
        Body: None
    Response - Headers: {'status': '200', 'content-length': '1168', 'content-location': 'http://10.4.1.3:9696/v2.0/routers', 'connection': 'close', 'date': 'Sat, 20 Feb 2016 19:41:48 GMT', 'content-type': 'application/json; charset=UTF-8', 'x-openstack-request-id': 'req-5730dacb-f880-49c0-95cb-d51d1af80ed2'}
        Body: {"routers": [{"status": "ACTIVE", "external_gateway_info": {"network_id": "30303975-69d7-4b3e-b680-09dacdb26361", "enable_snat": true, "external_fixed_ips": [{"subnet_id": "fcc37b4a-2834-4566-b7c3-e895c0bde39b", "ip_address": "172.24.4.2"}, {"subnet_id": "dd0b7f9e-c380-42d9-b8ac-eb020abf234c", "ip_address": "2001:db8::1"}]}, "availability_zone_hints": [], "availability_zones": ["nova"], "name": "router1", "admin_state_up": true, "tenant_id": "40ec5e6695dc414cb576b7ae57b62280", "distributed": false, "routes": [], "ha": false, "id": "a3057449-85d1-4c92-af27-76f4643ab90e"}, {"status": "ACTIVE", "external_gateway_info": {"network_id": "30303975-69d7-4b3e-b680-09dacdb26361", "enable_snat": true, "external_fixed_ips": [{"subnet_id": "fcc37b4a-2834-4566-b7c3-e895c0bde39b", "ip_address": "172.24.4.15"}, {"subnet_id": "dd0b7f9e-c380-42d9-b8ac-eb020abf234c", "ip_address": "2001:db8::f"}]}, "availability_zone_hints": [], "availability_zones": ["nova"], "name": "tempest-router-smoke-1718730069", "admin_state_up": true, "tenant_id": "f382615a1bbb48d0852b0e589943fe0a", "distributed": false, "routes": [], "ha": false, "id": "e5bfb41a-6481-47a4-9d8f-cd4a88bc3967"}]}
2016-02-20 19:41:49,600 26778 INFO     [tempest_lib.common.rest_client] Request (TestNetworkBasicOps:test_update_instance_port_admin_state): 200 POST http://10.4.1.3:8774/v2.1/f382615a1bbb48d0852b0e589943fe0a/os-keypairs 0.868s
2016-02-20 19:41:49,600 26778 DEBUG    [tempest_lib.common.rest_client] Request - Headers: {'Content-Type': 'application/json', 'Accept': 'application/json', 'X-Auth-Token': '&lt;omitted&gt;'}
        Body: {"keypair": {"name": "tempest-TestNetworkBasicOps-959392829"}}
    Response - Headers: {'status': '200', 'content-length': '2320', 'x-compute-request-id': 'req-34acf3d8-729d-494d-a3a8-1fab70a63405', 'vary': 'X-OpenStack-Nova-API-Version', 'connection': 'close', 'x-openstack-nova-api-version': '2.1', 'date': 'Sat, 20 Feb 2016 19:41:49 GMT', 'content-type': 'application/json'}
        Body: {"keypair": {"public_key": "ssh-rsa AAAAB3NzaC1yc2EAAAADAQABAAABAQCQ+BQQ4jkA53J5lH1eMoNoyUq89mMN4lvbxjUJH8oolJzIsOwi9ukJL+07xzoH0Ls2WNE9g/EqakWNk+BUuv1o7JqGxF6HTTwZuDIsez/nX4l+Emn51VbnNtq4loyHh+JrWAkkgJbGw6Zeu7xOERg7MXv49kkjs1gzNXWIefzI9auoxzmzPCAgqhFwD+jtc4K1WtZb6Kk1PJwZY/hcM77UR3zBDYw/16f1vIX5V9Y+fdZR8Qp7ILcDxVSdasJuNjAPQXc4NQb5qJ9d8XYn3oV0auUYvfeKK9DjN+FKlS6qn130A1GOe6O7LoDtFECCH8TazUcnRukS1rHrkZhG4Oj3 Generated-by-Nova", "private_key": "-----BEGIN RSA PRIVATE KEY-----\nMIIEqAIBAAKCAQEAkPgUEOI5AOdyeZR9XjKDaMlKvPZjDeJb28Y1CR/KKJScyLDs\nIvbpCS/tO8c6B9C7NljRPYPxKmpFjZPgVLr9aOyahsReh008GbgyLHs/51+JfhJp\n+dVW5zbauJaMh4fia1gJJICWxsOmXru8ThEYOzF7+PZJI7NYMzV1iHn8yPWrqMc5\nszwgIKoRcA/o7XOCtVrWW+ipNTycGWP4XDO+1Ed8wQ2MP9en9byF+VfWPn3WUfEK\neyC3A8VUnWrCbjYwD0F3ODUG+aifXfF2J96FdGrlGL33iivQ4zfhSpUuqp9d9ANR\njnujuy6A7RRAgh/E2s1HJ0bpEtax65GYRuDo9wIDAQABAoIBAHpNcNBVqnXCzWcZ\nCTOBNjAfMjh9PVAnWgvuCixqb2kRB7yg1nchC7U+g8xc5e5WALt27wAQ4lNAWPF6\nglW5c7Ujd7Ke1IkddcjVBy9Tw7P1e8+qxVGK1Mg4FQqJqIFm+HRLT1tGSO3jfeaK\nR/Espt65frepQEcoNQ7u2PuMvuDibR2DCkezzBycOMu/endmACwfNeZOQJFHKmFE\nS49hTk9AZJpLYT082M+zHp+BLFOusTLdXY2Ehar3RuEsMW01F0lEmzKzhk//ywTS\ntjuWXwstaBzPMD2ypx6vveG+ScAT8gU0Bm8ecS/93zx4w70jVpB59e6Kg3oC7zWp\n2p5BQkECggCBAL4wH4MLcoFV1wpHK89ZUXWA58N8Euc7MaO0sd7pB4FtBrV1smBg\nBdfvX2/l2ZCylVls22x50aL6as7HztICYYVIqa0vCOzdAuoXq7E8JIlM4K3llQdn\nn9n67CA7qjF6t/MsWk8FM1mYRUE52tcW9FuxfAwi/5RaqQzcn+LHb2hnAoIAgQDD\nIjgXW18cDdIfisoMv8ZEDYgOsOJ+7OKf+W5R2K4IfNOCD7q4kAhiE0EU6mzHoXh4\nvTKnzGLaSroIq6x3R/25jbBo+3H5qohWzsUjpuRk4YCgEkLtPdxBpmoWj4hvMqMc\n6g/WakGmCIFVbq4Ge3/r3JM3oAjCXihJY2SSbb9g8QKCAIBuPDJnoGD0Oi70FCB+\nhITEmLy8/9NtF1BEVN2sGGFzUSBMWTXUypNYf7RPhWg/iGMse/4Kt+kckA0MYZ+s\n9hhUSrOeX97Ke6fOy32GsxdyRY8M/D8PFa7/h4MJg8u39itc1V5a4ubKjYnGrqP7\ne6CS7SK7XiXJdWr6u34o0fPvDQKCAIEArHmniIWbyIkyy+x58NDlZytqskmIuVWa\nbnojF7blBN2IefJ7QT0WG9IW+WzHn6BKgrYAey59xaK9UoKjW39HdeYWIoT11g70\nmX4D5CJUyBJGBbZ+b4H5GBIGvVA68MaaRClivEuJIT9tSd0ddt9cT1bUzRroAx0E\nkPGIaKEWwpECggCAGsYpe+ZDvDUf1c2U4dffEgzhE64G1JlHGY8oZZco1AkN27NL\n3K0TsnV9DUrP53PA9MLgm/CvgUQACJNjTzVhkPngmZCUSXmAeB79P7IVKdy+oFPk\n4NNJeL9s2UGRqi9m0PLyRxHj05ZJ87tPmlFCuUyVVtfLOjWNNwejUUVJULA=\n-----END RSA PRIVATE KEY-----\n", "user_id": "23976490b9cd4d8fa47c4a10a7e263e4", "name": "tempest-TestNetworkBasicOps-959392829", "fingerprint": "33:55:27:a3:79:50:11:34:d9:a7:b2:94:7d:7e:e6:0f"}}
2016-02-20 19:41:49,793 26778 INFO     [tempest_lib.common.rest_client] Request (TestNetworkBasicOps:test_update_instance_port_admin_state): 200 POST http://10.4.1.3:5000/v2.0/tokens
2016-02-20 19:41:49,794 26778 DEBUG    [tempest_lib.common.rest_client] Request - Headers: {'Content-Type': 'application/json', 'Accept': 'application/json'}
        Body: &lt;omitted&gt;
    Response - Headers: {'status': '200', 'content-length': '2256', 'vary': 'X-Auth-Token', 'server': 'Apache/2.4.7 (Ubuntu)', 'connection': 'close', 'date': 'Sat, 20 Feb 2016 19:41:49 GMT', 'content-type': 'application/json', 'x-openstack-request-id': 'req-375f120a-35e1-4587-a664-e170455400d0'}
        Body: {"access": {"token": {"issued_at": "2016-02-20T19:41:49.781784", "expires": "2016-02-20T20:41:49Z", "id": "d917bbd847424e29b13930f8ad478a78", "tenant": {"description": "tempest-TestNetworkBasicOps-948981498-desc", "enabled": true, "id": "f382615a1bbb48d0852b0e589943fe0a", "name": "tempest-TestNetworkBasicOps-948981498"}, "audit_ids": ["nqbj2S3TRyGtR-CSqfAFZQ"]}, "serviceCatalog": [{"endpoints": [{"adminURL": "http://10.4.1.3:9292", "region": "RegionOne", "internalURL": "http://10.4.1.3:9292", "id": "13875b0b9ad54f5e937288b18673d7f3", "publicURL": "http://10.4.1.3:9292"}], "endpoints_links": [], "type": "image", "name": "glance"}, {"endpoints": [{"adminURL": "http://10.4.1.3:8774/v2.1/f382615a1bbb48d0852b0e589943fe0a", "region": "RegionOne", "internalURL": "http://10.4.1.3:8774/v2.1/f382615a1bbb48d0852b0e589943fe0a", "id": "21d9c55d1858420595ee794d5959e2d0", "publicURL": "http://10.4.1.3:8774/v2.1/f382615a1bbb48d0852b0e589943fe0a"}], "endpoints_links": [], "type": "compute", "name": "nova"}, {"endpoints": [{"adminURL": "http://10.4.1.3:9696/", "region": "RegionOne", "internalURL": "http://10.4.1.3:9696/", "id": "07336b1cd6a5495cb3abfdc2231d0223", "publicURL": "http://10.4.1.3:9696/"}], "endpoints_links": [], "type": "network", "name": "neutron"}, {"endpoints": [{"adminURL": "http://10.4.1.3:35357/v2.0", "region": "RegionOne", "internalURL": "http://10.4.1.3:5000/v2.0", "id": "66a9b397fef640a1b2452442cde9ecf2", "publicURL": "http://10.4.1.3:5000/v2.0"}], "endpoints_links": [], "type": "identity", "name": "keystone"}, {"endpoints": [{"adminURL": "http://10.4.1.3:8774/v2/f382615a1bbb48d0852b0e589943fe0a", "region": "RegionOne", "internalURL": "http://10.4.1.3:8774/v2/f382615a1bbb48d0852b0e589943fe0a", "id": "72718ea14bcb4291a5be83bbc32f2627", "publicURL": "http://10.4.1.3:8774/v2/f382615a1bbb48d0852b0e589943fe0a"}], "endpoints_links": [], "type": "compute_legacy", "name": "nova_legacy"}], "user": {"username": "tempest-TestNetworkBasicOps-244079875", "roles_links": [], "id": "23976490b9cd4d8fa47c4a10a7e263e4", "roles": [{"name": "Member"}, {"name": "_member_"}], "name": "tempest-TestNetworkBasicOps-244079875"}, "metadata": {"is_admin": 0, "roles": ["dbb43943cefe4e218d3638ce02c9ee00", "9fe2ff9ee4384b1894a90878d3e92bab"]}}}
2016-02-20 19:41:49,802 26778 DEBUG    [tempest.common.fixed_network] (TestNetworkBasicOps:test_update_instance_port_admin_state) No valid network provided or created, defaulting to fixed_network_name
2016-02-20 19:41:50,338 26778 INFO     [tempest_lib.common.rest_client] Request (TestNetworkBasicOps:test_update_instance_port_admin_state): 200 GET http://10.4.1.3:8774/v2.1/f382615a1bbb48d0852b0e589943fe0a/os-networks 0.535s
2016-02-20 19:41:50,340 26778 DEBUG    [tempest_lib.common.rest_client] Request - Headers: {'Content-Type': 'application/json', 'Accept': 'application/json', 'X-Auth-Token': '&lt;omitted&gt;'}
        Body: None
    Response - Headers: {'status': '200', 'content-length': '479', 'content-location': 'http://10.4.1.3:8774/v2.1/f382615a1bbb48d0852b0e589943fe0a/os-networks', 'x-compute-request-id': 'req-63f9bdd1-3bdf-4c84-a65a-d6215a1d1461', 'vary': 'X-OpenStack-Nova-API-Version', 'connection': 'close', 'x-openstack-nova-api-version': '2.1', 'date': 'Sat, 20 Feb 2016 19:41:50 GMT', 'content-type': 'application/json'}
        Body: {"networks": [{"cidr_v6": null, "dns2": null, "dns1": null, "gateway": null, "broadcast": null, "netmask": null, "gateway_v6": null, "cidr": null, "label": "tempest-network-smoke--2046520364", "id": "278cc853-f5bb-4610-976c-eb5260a70f21", "netmask_v6": null}, {"cidr_v6": null, "dns2": null, "dns1": null, "gateway": null, "broadcast": null, "netmask": null, "gateway_v6": null, "cidr": null, "label": "public", "id": "30303975-69d7-4b3e-b680-09dacdb26361", "netmask_v6": null}]}
2016-02-20 19:41:50,341 26778 WARNING  [tempest.common.fixed_network] (TestNetworkBasicOps:test_update_instance_port_admin_state) Network with name: private not found
2016-02-20 19:41:50,341 26778 INFO     [tempest.common.fixed_network] (TestNetworkBasicOps:test_update_instance_port_admin_state) Found network {} available for tenant
2016-02-20 19:41:53,689 26778 INFO     [tempest_lib.common.rest_client] Request (TestNetworkBasicOps:test_update_instance_port_admin_state): 202 POST http://10.4.1.3:8774/v2.1/f382615a1bbb48d0852b0e589943fe0a/servers 3.347s
2016-02-20 19:41:53,689 26778 DEBUG    [tempest_lib.common.rest_client] Request - Headers: {'Content-Type': 'application/json', 'Accept': 'application/json', 'X-Auth-Token': '&lt;omitted&gt;'}
        Body: {"server": {"name": "tempest-server-smoke-2068266607", "imageRef": "7c667789-e316-4de6-b6d5-37e0d45703aa", "key_name": "tempest-TestNetworkBasicOps-959392829", "flavorRef": "42", "networks": [{"uuid": "278cc853-f5bb-4610-976c-eb5260a70f21"}], "security_groups": [{"name": "tempest-secgroup-smoke-666122052"}]}}
    Response - Headers: {'status': '202', 'content-length': '459', 'x-compute-request-id': 'req-9462c010-e2a4-4cc9-bba1-952b8b727e99', 'vary': 'X-OpenStack-Nova-API-Version', 'connection': 'close', 'location': 'http://10.4.1.3:8774/v2.1/f382615a1bbb48d0852b0e589943fe0a/servers/54a6735e-8549-4103-9b03-644aec77d517', 'x-openstack-nova-api-version': '2.1', 'date': 'Sat, 20 Feb 2016 19:41:53 GMT', 'content-type': 'application/json'}
        Body: {"server": {"security_groups": [{"name": "tempest-secgroup-smoke-666122052"}], "OS-DCF:diskConfig": "MANUAL", "id": "54a6735e-8549-4103-9b03-644aec77d517", "links": [{"href": "http://10.4.1.3:8774/v2.1/f382615a1bbb48d0852b0e589943fe0a/servers/54a6735e-8549-4103-9b03-644aec77d517", "rel": "self"}, {"href": "http://10.4.1.3:8774/f382615a1bbb48d0852b0e589943fe0a/servers/54a6735e-8549-4103-9b03-644aec77d517", "rel": "bookmark"}], "adminPass": "nSR9P86fuquA"}}
2016-02-20 19:41:54,200 26778 INFO     [tempest_lib.common.rest_client] Request (TestNetworkBasicOps:test_update_instance_port_admin_state): 200 GET http://10.4.1.3:8774/v2.1/f382615a1bbb48d0852b0e589943fe0a/servers/54a6735e-8549-4103-9b03-644aec77d517 0.507s
2016-02-20 19:41:54,200 26778 DEBUG    [tempest_lib.common.rest_client] Request - Headers: {'Content-Type': 'application/json', 'Accept': 'application/json', 'X-Auth-Token': '&lt;omitted&gt;'}
        Body: None
    Response - Headers: {'status': '200', 'content-length': '1340', 'content-location': 'http://10.4.1.3:8774/v2.1/f382615a1bbb48d0852b0e589943fe0a/servers/54a6735e-8549-4103-9b03-644aec77d517', 'x-compute-request-id': 'req-91310fd0-685d-45dd-9563-34d178012855', 'vary': 'X-OpenStack-Nova-API-Version', 'connection': 'close', 'x-openstack-nova-api-version': '2.1', 'date': 'Sat, 20 Feb 2016 19:41:54 GMT', 'content-type': 'application/json'}
        Body: {"server": {"status": "BUILD", "updated": "2016-02-20T19:41:53Z", "hostId": "", "addresses": {}, "links": [{"href": "http://10.4.1.3:8774/v2.1/f382615a1bbb48d0852b0e589943fe0a/servers/54a6735e-8549-4103-9b03-644aec77d517", "rel": "self"}, {"href": "http://10.4.1.3:8774/f382615a1bbb48d0852b0e589943fe0a/servers/54a6735e-8549-4103-9b03-644aec77d517", "rel": "bookmark"}], "key_name": "tempest-TestNetworkBasicOps-959392829", "image": {"id": "7c667789-e316-4de6-b6d5-37e0d45703aa", "links": [{"href": "http://10.4.1.3:8774/f382615a1bbb48d0852b0e589943fe0a/images/7c667789-e316-4de6-b6d5-37e0d45703aa", "rel": "bookmark"}]}, "OS-EXT-STS:task_state": "scheduling", "OS-EXT-STS:vm_state": "building", "OS-SRV-USG:launched_at": null, "flavor": {"id": "42", "links": [{"href": "http://10.4.1.3:8774/f382615a1bbb48d0852b0e589943fe0a/flavors/42", "rel": "bookmark"}]}, "id": "54a6735e-8549-4103-9b03-644aec77d517", "OS-SRV-USG:terminated_at": null, "OS-EXT-AZ:availability_zone": "", "user_id": "23976490b9cd4d8fa47c4a10a7e263e4", "name": "tempest-server-smoke-2068266607", "created": "2016-02-20T19:41:53Z", "tenant_id": "f382615a1bbb48d0852b0e589943fe0a", "OS-DCF:diskConfig": "MANUAL", "os-extended-volumes:volumes_attached": [], "accessIPv4": "", "accessIPv6": "", "progress": 0, "OS-EXT-STS:power_state": 0, "config_drive": "", "metadata": {}}}
2016-02-20 19:41:56,042 26778 INFO     [tempest_lib.common.rest_client] Request (TestNetworkBasicOps:test_update_instance_port_admin_state): 200 GET http://10.4.1.3:8774/v2.1/f382615a1bbb48d0852b0e589943fe0a/servers/54a6735e-8549-4103-9b03-644aec77d517 0.826s
2016-02-20 19:41:56,042 26778 DEBUG    [tempest_lib.common.rest_client] Request - Headers: {'Content-Type': 'application/json', 'Accept': 'application/json', 'X-Auth-Token': '&lt;omitted&gt;'}
        Body: None
    Response - Headers: {'status': '200', 'content-length': '1465', 'content-location': 'http://10.4.1.3:8774/v2.1/f382615a1bbb48d0852b0e589943fe0a/servers/54a6735e-8549-4103-9b03-644aec77d517', 'x-compute-request-id': 'req-0c052bc3-29ef-4a6b-b377-a9f2e13b42ac', 'vary': 'X-OpenStack-Nova-API-Version', 'connection': 'close', 'x-openstack-nova-api-version': '2.1', 'date': 'Sat, 20 Feb 2016 19:41:56 GMT', 'content-type': 'application/json'}
        Body: {"server": {"status": "BUILD", "updated": "2016-02-20T19:41:54Z", "hostId": "5790d35e6315da312bb9627919441b8b96398e8ae6bb60d0795ecaff", "addresses": {}, "links": [{"href": "http://10.4.1.3:8774/v2.1/f382615a1bbb48d0852b0e589943fe0a/servers/54a6735e-8549-4103-9b03-644aec77d517", "rel": "self"}, {"href": "http://10.4.1.3:8774/f382615a1bbb48d0852b0e589943fe0a/servers/54a6735e-8549-4103-9b03-644aec77d517", "rel": "bookmark"}], "key_name": "tempest-TestNetworkBasicOps-959392829", "image": {"id": "7c667789-e316-4de6-b6d5-37e0d45703aa", "links": [{"href": "http://10.4.1.3:8774/f382615a1bbb48d0852b0e589943fe0a/images/7c667789-e316-4de6-b6d5-37e0d45703aa", "rel": "bookmark"}]}, "OS-EXT-STS:task_state": "spawning", "OS-EXT-STS:vm_state": "building", "OS-SRV-USG:launched_at": null, "flavor": {"id": "42", "links": [{"href": "http://10.4.1.3:8774/f382615a1bbb48d0852b0e589943fe0a/flavors/42", "rel": "bookmark"}]}, "id": "54a6735e-8549-4103-9b03-644aec77d517", "security_groups": [{"name": "tempest-secgroup-smoke-666122052"}], "OS-SRV-USG:terminated_at": null, "OS-EXT-AZ:availability_zone": "nova", "user_id": "23976490b9cd4d8fa47c4a10a7e263e4", "name": "tempest-server-smoke-2068266607", "created": "2016-02-20T19:41:53Z", "tenant_id": "f382615a1bbb48d0852b0e589943fe0a", "OS-DCF:diskConfig": "MANUAL", "os-extended-volumes:volumes_attached": [], "accessIPv4": "", "accessIPv6": "", "progress": 0, "OS-EXT-STS:power_state": 0, "config_drive": "", "metadata": {}}}
2016-02-20 19:41:56,054 26778 INFO     [tempest.common.waiters] State transition "BUILD/scheduling" ==&gt; "BUILD/spawning" after 2 second wait
2016-02-20 19:41:57,822 26778 INFO     [tempest_lib.common.rest_client] Request (TestNetworkBasicOps:test_update_instance_port_admin_state): 200 GET http://10.4.1.3:8774/v2.1/f382615a1bbb48d0852b0e589943fe0a/servers/54a6735e-8549-4103-9b03-644aec77d517 0.765s
2016-02-20 19:41:57,823 26778 DEBUG    [tempest_lib.common.rest_client] Request - Headers: {'Content-Type': 'application/json', 'Accept': 'application/json', 'X-Auth-Token': '&lt;omitted&gt;'}
        Body: None
    Response - Headers: {'status': '200', 'content-length': '1465', 'content-location': 'http://10.4.1.3:8774/v2.1/f382615a1bbb48d0852b0e589943fe0a/servers/54a6735e-8549-4103-9b03-644aec77d517', 'x-compute-request-id': 'req-d66d7822-77dc-45a9-8636-07cf405b393a', 'vary': 'X-OpenStack-Nova-API-Version', 'connection': 'close', 'x-openstack-nova-api-version': '2.1', 'date': 'Sat, 20 Feb 2016 19:41:57 GMT', 'content-type': 'application/json'}
        Body: {"server": {"status": "BUILD", "updated": "2016-02-20T19:41:54Z", "hostId": "5790d35e6315da312bb9627919441b8b96398e8ae6bb60d0795ecaff", "addresses": {}, "links": [{"href": "http://10.4.1.3:8774/v2.1/f382615a1bbb48d0852b0e589943fe0a/servers/54a6735e-8549-4103-9b03-644aec77d517", "rel": "self"}, {"href": "http://10.4.1.3:8774/f382615a1bbb48d0852b0e589943fe0a/servers/54a6735e-8549-4103-9b03-644aec77d517", "rel": "bookmark"}], "key_name": "tempest-TestNetworkBasicOps-959392829", "image": {"id": "7c667789-e316-4de6-b6d5-37e0d45703aa", "links": [{"href": "http://10.4.1.3:8774/f382615a1bbb48d0852b0e589943fe0a/images/7c667789-e316-4de6-b6d5-37e0d45703aa", "rel": "bookmark"}]}, "OS-EXT-STS:task_state": "spawning", "OS-EXT-STS:vm_state": "building", "OS-SRV-USG:launched_at": null, "flavor": {"id": "42", "links": [{"href": "http://10.4.1.3:8774/f382615a1bbb48d0852b0e589943fe0a/flavors/42", "rel": "bookmark"}]}, "id": "54a6735e-8549-4103-9b03-644aec77d517", "security_groups": [{"name": "tempest-secgroup-smoke-666122052"}], "OS-SRV-USG:terminated_at": null, "OS-EXT-AZ:availability_zone": "nova", "user_id": "23976490b9cd4d8fa47c4a10a7e263e4", "name": "tempest-server-smoke-2068266607", "created": "2016-02-20T19:41:53Z", "tenant_id": "f382615a1bbb48d0852b0e589943fe0a", "OS-DCF:diskConfig": "MANUAL", "os-extended-volumes:volumes_attached": [], "accessIPv4": "", "accessIPv6": "", "progress": 0, "OS-EXT-STS:power_state": 0, "config_drive": "", "metadata": {}}}
2016-02-20 19:41:59,676 26778 INFO     [tempest_lib.common.rest_client] Request (TestNetworkBasicOps:test_update_instance_port_admin_state): 200 GET http://10.4.1.3:8774/v2.1/f382615a1bbb48d0852b0e589943fe0a/servers/54a6735e-8549-4103-9b03-644aec77d517 0.837s
2016-02-20 19:41:59,676 26778 DEBUG    [tempest_lib.common.rest_client] Request - Headers: {'Content-Type': 'application/json', 'Accept': 'application/json', 'X-Auth-Token': '&lt;omitted&gt;'}
        Body: None
    Response - Headers: {'status': '200', 'content-length': '1637', 'content-location': 'http://10.4.1.3:8774/v2.1/f382615a1bbb48d0852b0e589943fe0a/servers/54a6735e-8549-4103-9b03-644aec77d517', 'x-compute-request-id': 'req-eb1e3c68-3c41-4151-b667-7053aebe3ce9', 'vary': 'X-OpenStack-Nova-API-Version', 'connection': 'close', 'x-openstack-nova-api-version': '2.1', 'date': 'Sat, 20 Feb 2016 19:41:59 GMT', 'content-type': 'application/json'}
        Body: {"server": {"status": "ACTIVE", "updated": "2016-02-20T19:41:58Z", "hostId": "5790d35e6315da312bb9627919441b8b96398e8ae6bb60d0795ecaff", "addresses": {"tempest-network-smoke--2046520364": [{"OS-EXT-IPS-MAC:mac_addr": "fa:16:3e:74:f4:02", "version": 4, "addr": "10.100.0.3", "OS-EXT-IPS:type": "fixed"}]}, "links": [{"href": "http://10.4.1.3:8774/v2.1/f382615a1bbb48d0852b0e589943fe0a/servers/54a6735e-8549-4103-9b03-644aec77d517", "rel": "self"}, {"href": "http://10.4.1.3:8774/f382615a1bbb48d0852b0e589943fe0a/servers/54a6735e-8549-4103-9b03-644aec77d517", "rel": "bookmark"}], "key_name": "tempest-TestNetworkBasicOps-959392829", "image": {"id": "7c667789-e316-4de6-b6d5-37e0d45703aa", "links": [{"href": "http://10.4.1.3:8774/f382615a1bbb48d0852b0e589943fe0a/images/7c667789-e316-4de6-b6d5-37e0d45703aa", "rel": "bookmark"}]}, "OS-EXT-STS:task_state": null, "OS-EXT-STS:vm_state": "active", "OS-SRV-USG:launched_at": "2016-02-20T19:41:57.000000", "flavor": {"id": "42", "links": [{"href": "http://10.4.1.3:8774/f382615a1bbb48d0852b0e589943fe0a/flavors/42", "rel": "bookmark"}]}, "id": "54a6735e-8549-4103-9b03-644aec77d517", "security_groups": [{"name": "tempest-secgroup-smoke-666122052"}], "OS-SRV-USG:terminated_at": null, "OS-EXT-AZ:availability_zone": "nova", "user_id": "23976490b9cd4d8fa47c4a10a7e263e4", "name": "tempest-server-smoke-2068266607", "created": "2016-02-20T19:41:53Z", "tenant_id": "f382615a1bbb48d0852b0e589943fe0a", "OS-DCF:diskConfig": "MANUAL", "os-extended-volumes:volumes_attached": [], "accessIPv4": "", "accessIPv6": "", "progress": 0, "OS-EXT-STS:power_state": 1, "config_drive": "True", "metadata": {}}}
2016-02-20 19:41:59,685 26778 INFO     [tempest.common.waiters] State transition "BUILD/spawning" ==&gt; "ACTIVE/None" after 5 second wait
2016-02-20 19:42:00,377 26778 INFO     [tempest_lib.common.rest_client] Request (TestNetworkBasicOps:test_update_instance_port_admin_state): 200 GET http://10.4.1.3:8774/v2.1/f382615a1bbb48d0852b0e589943fe0a/servers/54a6735e-8549-4103-9b03-644aec77d517 0.691s
2016-02-20 19:42:00,377 26778 DEBUG    [tempest_lib.common.rest_client] Request - Headers: {'Content-Type': 'application/json', 'Accept': 'application/json', 'X-Auth-Token': '&lt;omitted&gt;'}
        Body: None
    Response - Headers: {'status': '200', 'content-length': '1637', 'content-location': 'http://10.4.1.3:8774/v2.1/f382615a1bbb48d0852b0e589943fe0a/servers/54a6735e-8549-4103-9b03-644aec77d517', 'x-compute-request-id': 'req-c7f376c4-73f4-40d6-9829-7b8d1af3014d', 'vary': 'X-OpenStack-Nova-API-Version', 'connection': 'close', 'x-openstack-nova-api-version': '2.1', 'date': 'Sat, 20 Feb 2016 19:42:00 GMT', 'content-type': 'application/json'}
        Body: {"server": {"status": "ACTIVE", "updated": "2016-02-20T19:41:58Z", "hostId": "5790d35e6315da312bb9627919441b8b96398e8ae6bb60d0795ecaff", "addresses": {"tempest-network-smoke--2046520364": [{"OS-EXT-IPS-MAC:mac_addr": "fa:16:3e:74:f4:02", "version": 4, "addr": "10.100.0.3", "OS-EXT-IPS:type": "fixed"}]}, "links": [{"href": "http://10.4.1.3:8774/v2.1/f382615a1bbb48d0852b0e589943fe0a/servers/54a6735e-8549-4103-9b03-644aec77d517", "rel": "self"}, {"href": "http://10.4.1.3:8774/f382615a1bbb48d0852b0e589943fe0a/servers/54a6735e-8549-4103-9b03-644aec77d517", "rel": "bookmark"}], "key_name": "tempest-TestNetworkBasicOps-959392829", "image": {"id": "7c667789-e316-4de6-b6d5-37e0d45703aa", "links": [{"href": "http://10.4.1.3:8774/f382615a1bbb48d0852b0e589943fe0a/images/7c667789-e316-4de6-b6d5-37e0d45703aa", "rel": "bookmark"}]}, "OS-EXT-STS:task_state": null, "OS-EXT-STS:vm_state": "active", "OS-SRV-USG:launched_at": "2016-02-20T19:41:57.000000", "flavor": {"id": "42", "links": [{"href": "http://10.4.1.3:8774/f382615a1bbb48d0852b0e589943fe0a/flavors/42", "rel": "bookmark"}]}, "id": "54a6735e-8549-4103-9b03-644aec77d517", "security_groups": [{"name": "tempest-secgroup-smoke-666122052"}], "OS-SRV-USG:terminated_at": null, "OS-EXT-AZ:availability_zone": "nova", "user_id": "23976490b9cd4d8fa47c4a10a7e263e4", "name": "tempest-server-smoke-2068266607", "created": "2016-02-20T19:41:53Z", "tenant_id": "f382615a1bbb48d0852b0e589943fe0a", "OS-DCF:diskConfig": "MANUAL", "os-extended-volumes:volumes_attached": [], "accessIPv4": "", "accessIPv6": "", "progress": 0, "OS-EXT-STS:power_state": 1, "config_drive": "True", "metadata": {}}}
2016-02-20 19:42:00,387 26778 INFO     [tempest.scenario.manager] Tenant networks not configured to be reachable.
2016-02-20 19:42:00,599 26778 INFO     [tempest_lib.common.rest_client] Request (TestNetworkBasicOps:test_update_instance_port_admin_state): 200 GET http://10.4.1.3:9696/v2.0/ports?fixed_ip=None&amp;device_id=54a6735e-8549-4103-9b03-644aec77d517 0.211s
2016-02-20 19:42:00,599 26778 DEBUG    [tempest_lib.common.rest_client] Request - Headers: {'Content-Type': 'application/json', 'Accept': 'application/json', 'X-Auth-Token': '&lt;omitted&gt;'}
        Body: None
    Response - Headers: {'status': '200', 'content-length': '773', 'content-location': 'http://10.4.1.3:9696/v2.0/ports?fixed_ip=None&amp;device_id=54a6735e-8549-4103-9b03-644aec77d517', 'connection': 'close', 'date': 'Sat, 20 Feb 2016 19:42:00 GMT', 'content-type': 'application/json; charset=UTF-8', 'x-openstack-request-id': 'req-60b4a23a-1e43-4948-ae87-7e44f1d20cc0'}
        Body: {"ports": [{"status": "ACTIVE", "binding:host_id": "vagrant-ubuntu-trusty-64", "allowed_address_pairs": [], "extra_dhcp_opts": [], "device_owner": "compute:None", "port_security_enabled": true, "binding:profile": {}, "fixed_ips": [{"subnet_id": "52c9a1d5-0bbc-4673-9ee4-b913bb7c4517", "ip_address": "10.100.0.3"}], "id": "4b741cb6-4358-4130-b15b-fdb3c999bebc", "security_groups": ["b9f1290b-07b6-4a72-8747-7f0aaa1336d4"], "device_id": "54a6735e-8549-4103-9b03-644aec77d517", "name": "", "admin_state_up": true, "network_id": "278cc853-f5bb-4610-976c-eb5260a70f21", "dns_name": null, "binding:vif_details": {"port_filter": true}, "binding:vnic_type": "normal", "binding:vif_type": "ovs", "tenant_id": "f382615a1bbb48d0852b0e589943fe0a", "mac_address": "fa:16:3e:74:f4:02"}]}
2016-02-20 19:42:01,354 26778 INFO     [tempest_lib.common.rest_client] Request (TestNetworkBasicOps:test_update_instance_port_admin_state): 201 POST http://10.4.1.3:9696/v2.0/floatingips 0.754s
2016-02-20 19:42:01,354 26778 DEBUG    [tempest_lib.common.rest_client] Request - Headers: {'Content-Type': 'application/json', 'Accept': 'application/json', 'X-Auth-Token': '&lt;omitted&gt;'}
        Body: {"floatingip": {"floating_network_id": "30303975-69d7-4b3e-b680-09dacdb26361", "tenant_id": "f382615a1bbb48d0852b0e589943fe0a", "fixed_ip_address": "10.100.0.3", "port_id": "4b741cb6-4358-4130-b15b-fdb3c999bebc"}}
    Response - Headers: {'status': '201', 'content-length': '368', 'connection': 'close', 'date': 'Sat, 20 Feb 2016 19:42:01 GMT', 'content-type': 'application/json; charset=UTF-8', 'x-openstack-request-id': 'req-90b3c684-8064-42b3-b7f1-20daf4649a3d'}
        Body: {"floatingip": {"floating_network_id": "30303975-69d7-4b3e-b680-09dacdb26361", "router_id": "e5bfb41a-6481-47a4-9d8f-cd4a88bc3967", "fixed_ip_address": "10.100.0.3", "floating_ip_address": "172.24.4.16", "tenant_id": "f382615a1bbb48d0852b0e589943fe0a", "status": "DOWN", "port_id": "4b741cb6-4358-4130-b15b-fdb3c999bebc", "id": "90a3f83a-939d-422c-812c-baa5a3bab83b"}}
2016-02-20 19:42:01,562 26778 INFO     [tempest_lib.common.rest_client] Request (TestNetworkBasicOps:test_update_instance_port_admin_state): 200 GET http://10.4.1.3:9696/v2.0/ports?device_id=54a6735e-8549-4103-9b03-644aec77d517 0.207s
2016-02-20 19:42:01,562 26778 DEBUG    [tempest_lib.common.rest_client] Request - Headers: {'Content-Type': 'application/json', 'Accept': 'application/json', 'X-Auth-Token': '&lt;omitted&gt;'}
        Body: None
    Response - Headers: {'status': '200', 'content-length': '773', 'content-location': 'http://10.4.1.3:9696/v2.0/ports?device_id=54a6735e-8549-4103-9b03-644aec77d517', 'connection': 'close', 'date': 'Sat, 20 Feb 2016 19:42:01 GMT', 'content-type': 'application/json; charset=UTF-8', 'x-openstack-request-id': 'req-eca811cd-0419-4be3-a5f9-035550d2fb78'}
        Body: {"ports": [{"status": "ACTIVE", "binding:host_id": "vagrant-ubuntu-trusty-64", "allowed_address_pairs": [], "extra_dhcp_opts": [], "device_owner": "compute:None", "port_security_enabled": true, "binding:profile": {}, "fixed_ips": [{"subnet_id": "52c9a1d5-0bbc-4673-9ee4-b913bb7c4517", "ip_address": "10.100.0.3"}], "id": "4b741cb6-4358-4130-b15b-fdb3c999bebc", "security_groups": ["b9f1290b-07b6-4a72-8747-7f0aaa1336d4"], "device_id": "54a6735e-8549-4103-9b03-644aec77d517", "name": "", "admin_state_up": true, "network_id": "278cc853-f5bb-4610-976c-eb5260a70f21", "dns_name": null, "binding:vif_details": {"port_filter": true}, "binding:vnic_type": "normal", "binding:vif_type": "ovs", "tenant_id": "f382615a1bbb48d0852b0e589943fe0a", "mac_address": "fa:16:3e:74:f4:02"}]}
2016-02-20 19:42:01,741 26778 INFO     [tempest_lib.common.rest_client] Request (TestNetworkBasicOps:test_update_instance_port_admin_state): 200 GET http://10.4.1.3:9696/v2.0/floatingips/90a3f83a-939d-422c-812c-baa5a3bab83b 0.178s
2016-02-20 19:42:01,742 26778 DEBUG    [tempest_lib.common.rest_client] Request - Headers: {'Content-Type': 'application/json', 'Accept': 'application/json', 'X-Auth-Token': '&lt;omitted&gt;'}
        Body: None
    Response - Headers: {'status': '200', 'content-length': '402', 'content-location': 'http://10.4.1.3:9696/v2.0/floatingips/90a3f83a-939d-422c-812c-baa5a3bab83b', 'connection': 'close', 'date': 'Sat, 20 Feb 2016 19:42:01 GMT', 'content-type': 'application/json; charset=UTF-8', 'x-openstack-request-id': 'req-24e1f097-c71b-4462-a7d1-76bdd9a64ae4'}
        Body: {"floatingip": {"floating_network_id": "30303975-69d7-4b3e-b680-09dacdb26361", "router_id": "e5bfb41a-6481-47a4-9d8f-cd4a88bc3967", "fixed_ip_address": "10.100.0.3", "floating_ip_address": "172.24.4.16", "dns_name": "", "tenant_id": "f382615a1bbb48d0852b0e589943fe0a", "status": "DOWN", "port_id": "4b741cb6-4358-4130-b15b-fdb3c999bebc", "id": "90a3f83a-939d-422c-812c-baa5a3bab83b", "dns_domain": ""}}
2016-02-20 19:42:02,978 26778 INFO     [tempest_lib.common.rest_client] Request (TestNetworkBasicOps:test_update_instance_port_admin_state): 200 GET http://10.4.1.3:9696/v2.0/floatingips/90a3f83a-939d-422c-812c-baa5a3bab83b 0.235s
2016-02-20 19:42:02,979 26778 DEBUG    [tempest_lib.common.rest_client] Request - Headers: {'Content-Type': 'application/json', 'Accept': 'application/json', 'X-Auth-Token': '&lt;omitted&gt;'}
        Body: None
    Response - Headers: {'status': '200', 'content-length': '404', 'content-location': 'http://10.4.1.3:9696/v2.0/floatingips/90a3f83a-939d-422c-812c-baa5a3bab83b', 'connection': 'close', 'date': 'Sat, 20 Feb 2016 19:42:02 GMT', 'content-type': 'application/json; charset=UTF-8', 'x-openstack-request-id': 'req-92d2d05b-1c3e-4fd6-abfd-5ff08659fc19'}
        Body: {"floatingip": {"floating_network_id": "30303975-69d7-4b3e-b680-09dacdb26361", "router_id": "e5bfb41a-6481-47a4-9d8f-cd4a88bc3967", "fixed_ip_address": "10.100.0.3", "floating_ip_address": "172.24.4.16", "dns_name": "", "tenant_id": "f382615a1bbb48d0852b0e589943fe0a", "status": "ACTIVE", "port_id": "4b741cb6-4358-4130-b15b-fdb3c999bebc", "id": "90a3f83a-939d-422c-812c-baa5a3bab83b", "dns_domain": ""}}
2016-02-20 19:42:02,980 26778 INFO     [tempest.scenario.manager] FloatingIP: &lt;"FloatingIP" addr="172.24.4.16" id="90a3f83a-939d-422c-812c-baa5a3bab83b"&gt; is at status: ACTIVE
2016-02-20 19:42:02,980 26778 DEBUG    [tempest.scenario.manager] checking network connections to IP 172.24.4.16 with user: cirros
2016-02-20 19:42:02,981 26778 DEBUG    [tempest.scenario.manager] TestNetworkBasicOps:test_update_instance_port_admin_state begins to ping 172.24.4.16 in 120 sec and the expected result is reachable
2016-02-20 19:42:19,067 26778 DEBUG    [tempest.scenario.manager] TestNetworkBasicOps:test_update_instance_port_admin_state finishes ping 172.24.4.16 in 120 sec and the ping result is expected
2016-02-20 19:42:19,069 26778 INFO     [tempest_lib.common.ssh] Creating ssh connection to '172.24.4.16' as 'cirros' with public key authentication
2016-02-20 19:42:19,077 26778 WARNING  [tempest_lib.common.ssh] Failed to establish authenticated ssh connection to cirros@172.24.4.16 ([Errno None] Unable to connect to port 22 on  or 172.24.4.16). Number attempts: 1. Retry after 2 seconds.
2016-02-20 19:42:21,585 26778 WARNING  [tempest_lib.common.ssh] Failed to establish authenticated ssh connection to cirros@172.24.4.16 ([Errno None] Unable to connect to port 22 on  or 172.24.4.16). Number attempts: 2. Retry after 3 seconds.
2016-02-20 19:42:25,175 26778 INFO     [paramiko.transport] Connected (version 2.0, client dropbear_2012.55)
2016-02-20 19:42:25,812 26778 INFO     [paramiko.transport] Authentication (publickey) failed.
2016-02-20 19:42:25,814 26778 WARNING  [tempest_lib.common.ssh] Failed to establish authenticated ssh connection to cirros@172.24.4.16 (Authentication failed.). Number attempts: 3. Retry after 4 seconds.
2016-02-20 19:42:30,406 26778 INFO     [paramiko.transport] Connected (version 2.0, client dropbear_2012.55)
2016-02-20 19:42:30,589 26778 INFO     [paramiko.transport] Authentication (publickey) successful!
2016-02-20 19:42:30,620 26778 INFO     [tempest_lib.common.ssh] ssh connection to cirros@172.24.4.16 successfully created
2016-02-20 19:42:31,235 26778 INFO     [tempest_lib.common.rest_client] Request (TestNetworkBasicOps:test_update_instance_port_admin_state): 200 PUT http://10.4.1.3:9696/v2.0/ports/4b741cb6-4358-4130-b15b-fdb3c999bebc 0.490s
2016-02-20 19:42:31,235 26778 DEBUG    [tempest_lib.common.rest_client] Request - Headers: {'Content-Type': 'application/json', 'Accept': 'application/json', 'X-Auth-Token': '&lt;omitted&gt;'}
        Body: {"port": {"admin_state_up": false}}
    Response - Headers: {'status': '200', 'content-length': '628', 'connection': 'close', 'date': 'Sat, 20 Feb 2016 19:42:31 GMT', 'content-type': 'application/json; charset=UTF-8', 'x-openstack-request-id': 'req-c592fe29-8569-4f54-8e7b-51363e516101'}
        Body: {"port": {"status": "ACTIVE", "name": "", "allowed_address_pairs": [], "admin_state_up": false, "network_id": "278cc853-f5bb-4610-976c-eb5260a70f21", "dns_name": null, "extra_dhcp_opts": [], "mac_address": "fa:16:3e:74:f4:02", "binding:vnic_type": "normal", "device_owner": "compute:None", "tenant_id": "f382615a1bbb48d0852b0e589943fe0a", "port_security_enabled": true, "fixed_ips": [{"subnet_id": "52c9a1d5-0bbc-4673-9ee4-b913bb7c4517", "ip_address": "10.100.0.3"}], "id": "4b741cb6-4358-4130-b15b-fdb3c999bebc", "security_groups": ["b9f1290b-07b6-4a72-8747-7f0aaa1336d4"], "device_id": "54a6735e-8549-4103-9b03-644aec77d517"}}
2016-02-20 19:42:31,236 26778 DEBUG    [tempest.scenario.manager] checking network connections to IP 172.24.4.16 with user: cirros
2016-02-20 19:42:31,237 26778 DEBUG    [tempest.scenario.manager] TestNetworkBasicOps:test_update_instance_port_admin_state begins to ping 172.24.4.16 in 120 sec and the expected result is unreachable
2016-02-20 19:44:31,795 26778 DEBUG    [tempest.scenario.manager] TestNetworkBasicOps:test_update_instance_port_admin_state finishes ping 172.24.4.16 in 120 sec and the ping result is unexpected
2016-02-20 19:44:31,797 26778 ERROR    [tempest.scenario.manager] Public network connectivity check failed: after updating admin_state_up of instance port to False
2016-02-20 19:44:31.797 26778 ERROR tempest.scenario.manager Traceback (most recent call last):
2016-02-20 19:44:31.797 26778 ERROR tempest.scenario.manager   File "tempest/scenario/manager.py", line 598, in check_public_network_connectivity
2016-02-20 19:44:31.797 26778 ERROR tempest.scenario.manager     should_connect=should_connect)
2016-02-20 19:44:31.797 26778 ERROR tempest.scenario.manager   File "tempest/scenario/manager.py", line 582, in check_vm_connectivity
2016-02-20 19:44:31.797 26778 ERROR tempest.scenario.manager     msg=msg)
2016-02-20 19:44:31.797 26778 ERROR tempest.scenario.manager   File "/usr/local/lib/python2.7/dist-packages/unittest2/case.py", line 702, in assertTrue
2016-02-20 19:44:31.797 26778 ERROR tempest.scenario.manager     raise self.failureException(msg)
2016-02-20 19:44:31.797 26778 ERROR tempest.scenario.manager AssertionError: False is not true : ip address 172.24.4.16 is reachable
2016-02-20 19:44:31.797 26778 ERROR tempest.scenario.manager 
2016-02-20 19:44:32,229 26778 INFO     [tempest_lib.common.rest_client] Request (TestNetworkBasicOps:test_update_instance_port_admin_state): 200 POST http://10.4.1.3:8774/v2.1/f382615a1bbb48d0852b0e589943fe0a/servers/54a6735e-8549-4103-9b03-644aec77d517/action 0.427s
2016-02-20 19:44:32,230 26778 DEBUG    [tempest_lib.common.rest_client] Request - Headers: {'Content-Type': 'application/json', 'Accept': 'application/json', 'X-Auth-Token': '&lt;omitted&gt;'}
        Body: {"os-getConsoleOutput": {}}
    Response - Headers: {'status': '200', 'content-length': '19834', 'x-compute-request-id': 'req-c6c5a0c4-c1e0-4340-9203-7129c97fc917', 'vary': 'X-OpenStack-Nova-API-Version', 'connection': 'close', 'x-openstack-nova-api-version': '2.1', 'date': 'Sat, 20 Feb 2016 19:44:32 GMT', 'content-type': 'application/json'}
        Body: {"output": "[    0.000000] Initializing cgroup subsys cpuset\n[    0.000000] Initializing cgroup subsys cpu\n[    0.000000] Linux version 3.2.0-80-virtual (buildd@batsu) (gcc version 4.6.3 (Ubuntu/Linaro 4.6.3-1ubuntu5) ) #116-Ubuntu SMP Mon Mar 23 17:28:52 UTC 2015 (Ubuntu 3.2.0-80.116-virtual 3.2.68)\n[    0.000000] Command line: root=/dev/vda console=tty0 console=ttyS0 no_timer_check\n[    0.000000] KERNEL supported cpus:\n[    0.000000]   Intel GenuineIntel\n[    0.000000]   AMD AuthenticAMD\n[    0.000000]   Centaur CentaurHauls\n[    0.000000] BIOS-provided physical RAM map:\n[    0.000000]  BIOS-e820: 0000000000000000 - 000000000009fc00 (usable)\n[    0.000000]  BIOS-e820: 000000000009fc00 - 00000000000a0000 (reserved)\n[    0.000000]  BIOS-e820: 00000000000f0000 - 0000000000100000 (reserved)\n[    0.000000]  BIOS-e820: 0000000000100000 - 0000000003ffe000 (usable)\n[    0.000000]  BIOS-e820: 0000000003ffe000 - 0000000004000000 (reserved)\n[    0.000000]  BIOS-e820: 00000000fffc0000 - 0000000100000000 (reserved)\n[    0.000000] NX (Execute Disable) protection: active\n[    0.000000] SMBIOS 2.4 present.\n[    0.000000] No AGP bridge found\n[    0.000000] last_pfn = 0x3ffe max_arch_pfn = 0x400000000\n[    0.000000] x86 PAT enabled: cpu 0, old 0x7040600070406, new 0x7010600070106\n[    0.000000] found SMP MP-table at [ffff8800000f0b00] f0b00\n[    0.000000] init_memory_mapping: 0000000000000000-0000000003ffe000\n[    0.000000] RAMDISK: 03c5e000 - 03ff0000\n[    0.000000] ACPI: RSDP 00000000000f0950 00014 (v00 BOCHS )\n[    0.000000] ACPI: RSDT 0000000003fffbc1 00034 (v01 BOCHS  BXPCRSDT 00000001 BXPC 00000001)\n[    0.000000] ACPI: FACP 0000000003fff1c0 00074 (v01 BOCHS  BXPCFACP 00000001 BXPC 00000001)\n[    0.000000] ACPI: DSDT 0000000003ffe040 01180 (v01 BOCHS  BXPCDSDT 00000001 BXPC 00000001)\n[    0.000000] ACPI: FACS 0000000003ffe000 00040\n[    0.000000] ACPI: SSDT 0000000003fff234 008DD (v01 BOCHS  BXPCSSDT 00000001 BXPC 00000001)\n[    0.000000] ACPI: APIC 0000000003fffb11 00078 (v01 BOCHS  BXPCAPIC 00000001 BXPC 00000001)\n[    0.000000] ACPI: HPET 0000000003fffb89 00038 (v01 BOCHS  BXPCHPET 00000001 BXPC 00000001)\n[    0.000000] No NUMA configuration found\n[    0.000000] Faking a node at 0000000000000000-0000000003ffe000\n[    0.000000] Initmem setup node 0 0000000000000000-0000000003ffe000\n[    0.000000]   NODE_DATA [0000000003ff6000 - 0000000003ffafff]\n[    0.000000] Zone PFN ranges:\n[    0.000000]   DMA      0x00000010 -&gt; 0x00001000\n[    0.000000]   DMA32    0x00001000 -&gt; 0x00100000\n[    0.000000]   Normal   empty\n[    0.000000] Movable zone start PFN for each node\n[    0.000000] early_node_map[2] active PFN ranges\n[    0.000000]     0: 0x00000010 -&gt; 0x0000009f\n[    0.000000]     0: 0x00000100 -&gt; 0x00003ffe\n[    0.000000] ACPI: PM-Timer IO Port: 0xb008\n[    0.000000] ACPI: LAPIC (acpi_id[0x00] lapic_id[0x00] enabled)\n[    0.000000] ACPI: LAPIC_NMI (acpi_id[0xff] dfl dfl lint[0x1])\n[    0.000000] ACPI: IOAPIC (id[0x00] address[0xfec00000] gsi_base[0])\n[    0.000000] IOAPIC[0]: apic_id 0, version 17, address 0xfec00000, GSI 0-23\n[    0.000000] ACPI: INT_SRC_OVR (bus 0 bus_irq 0 global_irq 2 dfl dfl)\n[    0.000000] ACPI: INT_SRC_OVR (bus 0 bus_irq 5 global_irq 5 high level)\n[    0.000000] ACPI: INT_SRC_OVR (bus 0 bus_irq 9 global_irq 9 high level)\n[    0.000000] ACPI: INT_SRC_OVR (bus 0 bus_irq 10 global_irq 10 high level)\n[    0.000000] ACPI: INT_SRC_OVR (bus 0 bus_irq 11 global_irq 11 high level)\n[    0.000000] Using ACPI (MADT) for SMP configuration information\n[    0.000000] ACPI: HPET id: 0x8086a201 base: 0xfed00000\n[    0.000000] SMP: Allowing 1 CPUs, 0 hotplug CPUs\n[    0.000000] PM: Registered nosave memory: 000000000009f000 - 00000000000a0000\n[    0.000000] PM: Registered nosave memory: 00000000000a0000 - 00000000000f0000\n[    0.000000] PM: Registered nosave memory: 00000000000f0000 - 0000000000100000\n[    0.000000] Allocating PCI resources starting at 4000000 (gap: 4000000:fbfc0000)\n[    0.000000] Booting paravirtualized kernel on bare hardware\n[    0.000000] setup_pe
2016-02-20 19:44:32,235 26778 DEBUG    [tempest.scenario.manager] Console output for 54a6735e-8549-4103-9b03-644aec77d517
body=
[    0.000000] Initializing cgroup subsys cpuset
[    0.000000] Initializing cgroup subsys cpu
[    0.000000] Linux version 3.2.0-80-virtual (buildd@batsu) (gcc version 4.6.3 (Ubuntu/Linaro 4.6.3-1ubuntu5) ) #116-Ubuntu SMP Mon Mar 23 17:28:52 UTC 2015 (Ubuntu 3.2.0-80.116-virtual 3.2.68)
[    0.000000] Command line: root=/dev/vda console=tty0 console=ttyS0 no_timer_check
[    0.000000] KERNEL supported cpus:
[    0.000000]   Intel GenuineIntel
[    0.000000]   AMD AuthenticAMD
[    0.000000]   Centaur CentaurHauls
[    0.000000] BIOS-provided physical RAM map:
[    0.000000]  BIOS-e820: 0000000000000000 - 000000000009fc00 (usable)
[    0.000000]  BIOS-e820: 000000000009fc00 - 00000000000a0000 (reserved)
[    0.000000]  BIOS-e820: 00000000000f0000 - 0000000000100000 (reserved)
[    0.000000]  BIOS-e820: 0000000000100000 - 0000000003ffe000 (usable)
[    0.000000]  BIOS-e820: 0000000003ffe000 - 0000000004000000 (reserved)
[    0.000000]  BIOS-e820: 00000000fffc0000 - 0000000100000000 (reserved)
[    0.000000] NX (Execute Disable) protection: active
[    0.000000] SMBIOS 2.4 present.
[    0.000000] No AGP bridge found
[    0.000000] last_pfn = 0x3ffe max_arch_pfn = 0x400000000
[    0.000000] x86 PAT enabled: cpu 0, old 0x7040600070406, new 0x7010600070106
[    0.000000] found SMP MP-table at [ffff8800000f0b00] f0b00
[    0.000000] init_memory_mapping: 0000000000000000-0000000003ffe000
[    0.000000] RAMDISK: 03c5e000 - 03ff0000
[    0.000000] ACPI: RSDP 00000000000f0950 00014 (v00 BOCHS )
[    0.000000] ACPI: RSDT 0000000003fffbc1 00034 (v01 BOCHS  BXPCRSDT 00000001 BXPC 00000001)
[    0.000000] ACPI: FACP 0000000003fff1c0 00074 (v01 BOCHS  BXPCFACP 00000001 BXPC 00000001)
[    0.000000] ACPI: DSDT 0000000003ffe040 01180 (v01 BOCHS  BXPCDSDT 00000001 BXPC 00000001)
[    0.000000] ACPI: FACS 0000000003ffe000 00040
[    0.000000] ACPI: SSDT 0000000003fff234 008DD (v01 BOCHS  BXPCSSDT 00000001 BXPC 00000001)
[    0.000000] ACPI: APIC 0000000003fffb11 00078 (v01 BOCHS  BXPCAPIC 00000001 BXPC 00000001)
[    0.000000] ACPI: HPET 0000000003fffb89 00038 (v01 BOCHS  BXPCHPET 00000001 BXPC 00000001)
[    0.000000] No NUMA configuration found
[    0.000000] Faking a node at 0000000000000000-0000000003ffe000
[    0.000000] Initmem setup node 0 0000000000000000-0000000003ffe000
[    0.000000]   NODE_DATA [0000000003ff6000 - 0000000003ffafff]
[    0.000000] Zone PFN ranges:
[    0.000000]   DMA      0x00000010 -&gt; 0x00001000
[    0.000000]   DMA32    0x00001000 -&gt; 0x00100000
[    0.000000]   Normal   empty
[    0.000000] Movable zone start PFN for each node
[    0.000000] early_node_map[2] active PFN ranges
[    0.000000]     0: 0x00000010 -&gt; 0x0000009f
[    0.000000]     0: 0x00000100 -&gt; 0x00003ffe
[    0.000000] ACPI: PM-Timer IO Port: 0xb008
[    0.000000] ACPI: LAPIC (acpi_id[0x00] lapic_id[0x00] enabled)
[    0.000000] ACPI: LAPIC_NMI (acpi_id[0xff] dfl dfl lint[0x1])
[    0.000000] ACPI: IOAPIC (id[0x00] address[0xfec00000] gsi_base[0])
[    0.000000] IOAPIC[0]: apic_id 0, version 17, address 0xfec00000, GSI 0-23
[    0.000000] ACPI: INT_SRC_OVR (bus 0 bus_irq 0 global_irq 2 dfl dfl)
[    0.000000] ACPI: INT_SRC_OVR (bus 0 bus_irq 5 global_irq 5 high level)
[    0.000000] ACPI: INT_SRC_OVR (bus 0 bus_irq 9 global_irq 9 high level)
[    0.000000] ACPI: INT_SRC_OVR (bus 0 bus_irq 10 global_irq 10 high level)
[    0.000000] ACPI: INT_SRC_OVR (bus 0 bus_irq 11 global_irq 11 high level)
[    0.000000] Using ACPI (MADT) for SMP configuration information
[    0.000000] ACPI: HPET id: 0x8086a201 base: 0xfed00000
[    0.000000] SMP: Allowing 1 CPUs, 0 hotplug CPUs
[    0.000000] PM: Registered nosave memory: 000000000009f000 - 00000000000a0000
[    0.000000] PM: Registered nosave memory: 00000000000a0000 - 00000000000f0000
[    0.000000] PM: Registered nosave memory: 00000000000f0000 - 0000000000100000
[    0.000000] Allocating PCI resources starting at 4000000 (gap: 4000000:fbfc0000)
[    0.000000] Booting paravirtualized kernel on bare hardware
[    0.000000] setup_percpu: NR_CPUS:64 nr_cpumask_bits:64 nr_cpu_ids:1 nr_node_ids:1
[    0.000000] PERCPU: Embedded 27 pages/cpu @ffff880003a00000 s78848 r8192 d23552 u2097152
[    0.000000] Built 1 zonelists in Node order, mobility grouping on.  Total pages: 16008
[    0.000000] Policy zone: DMA32
[    0.000000] Kernel command line: root=/dev/vda console=tty0 console=ttyS0 no_timer_check
[    0.000000] PID hash table entries: 256 (order: -1, 2048 bytes)
[    0.000000] Checking aperture...
[    0.000000] No AGP bridge found
[    0.000000] Memory: 43492k/65528k available (6576k kernel code, 452k absent, 21584k reserved, 6620k data, 928k init)
[    0.000000] SLUB: Genslabs=15, HWalign=64, Order=0-3, MinObjects=0, CPUs=1, Nodes=1
[    0.000000] Hierarchical RCU implementation.
[    0.000000] 	RCU dyntick-idle grace-period acceleration is enabled.
[    0.000000] NR_IRQS:4352 nr_irqs:256 16
[    0.000000] Console: colour VGA+ 80x25
[    0.000000] console [tty0] enabled
[    0.000000] console [ttyS0] enabled
[    0.000000] allocated 1048576 bytes of page_cgroup
[    0.000000] please try 'cgroup_disable=memory' option if you don't want memory cgroups
[    0.000000] Fast TSC calibration failed
[    0.000000] TSC: Unable to calibrate against PIT
[    0.000000] TSC: using HPET reference calibration
[    0.000000] Detected 2292.906 MHz processor.
[    0.036804] Calibrating delay loop (skipped), value calculated using timer frequency.. 4585.81 BogoMIPS (lpj=9171624)
[    0.040766] pid_max: default: 32768 minimum: 301
[    0.049711] Security Framework initialized
[    0.054028] AppArmor: AppArmor initialized
[    0.054636] Yama: becoming mindful.
[    0.061175] Dentry cache hash table entries: 8192 (order: 4, 65536 bytes)
[    0.062529] Inode-cache hash table entries: 4096 (order: 3, 32768 bytes)
[    0.064599] Mount-cache hash table entries: 256
[    0.079157] Initializing cgroup subsys cpuacct
[    0.080423] Initializing cgroup subsys memory
[    0.081661] Initializing cgroup subsys devices
[    0.082336] Initializing cgroup subsys freezer
[    0.084154] Initializing cgroup subsys blkio
[    0.084938] Initializing cgroup subsys perf_event
[    0.088813] mce: CPU supports 10 MCE banks
[    0.092794] SMP alternatives: switching to UP code
[    0.450379] Freeing SMP alternatives: 24k freed
[    0.452439] ACPI: Core revision 20110623
[    0.497160] ftrace: allocating 26610 entries in 105 pages
[    0.528032] ..TIMER: vector=0x30 apic1=0 pin1=2 apic2=-1 pin2=-1
[    0.528129] CPU0: AMD QEMU Virtual CPU version 2.0.0 stepping 03
[    0.532032] Performance Events: Broken PMU hardware detected, using software events only.
[    0.549055] NMI watchdog disabled (cpu0): hardware events not enabled
[    0.553136] Brought up 1 CPUs
[    0.553885] Total of 1 processors activated (4585.81 BogoMIPS).
[    0.579058] devtmpfs: initialized
[    0.617993] EVM: security.selinux
[    0.618565] EVM: security.SMACK64
[    0.619135] EVM: security.capability
[    0.644913] print_constraints: dummy: 
[    0.648173] RTC time: 19:42:01, date: 02/20/16
[    0.653067] NET: Registered protocol family 16
[    0.663283] ACPI: bus type pci registered
[    0.666582] PCI: Using configuration type 1 for base access
[    0.696283] bio: create slab &lt;bio-0&gt; at 0
[    0.700581] ACPI: Added _OSI(Module Device)
[    0.702069] ACPI: Added _OSI(Processor Device)
[    0.702739] ACPI: Added _OSI(3.0 _SCP Extensions)
[    0.704097] ACPI: Added _OSI(Processor Aggregator Device)
[    0.768768] ACPI: Interpreter enabled
[    0.769375] ACPI: (supports S0 S3 S4 S5)
[    0.771215] ACPI: Using IOAPIC for interrupt routing
[    0.847576] ACPI: No dock devices found.
[    0.848188] HEST: Table not found.
[    0.848752] PCI: Using host bridge windows from ACPI; if necessary, use "pci=nocrs" and report a bug
[    0.855316] ACPI: PCI Root Bridge [PCI0] (domain 0000 [bus 00-ff])
[    0.862090] pci_root PNP0A03:00: host bridge window [io  0x0000-0x0cf7]
[    0.863138] pci_root PNP0A03:00: host bridge window [io  0x0d00-0xadff]
[    0.864134] pci_root PNP0A03:00: host bridge window [io  0xae0f-0xaeff]
[    0.865961] pci_root PNP0A03:00: host bridge window [io  0xaf20-0xafdf]
[    0.868139] pci_root PNP0A03:00: host bridge window [io  0xafe4-0xffff]
[    0.869041] pci_root PNP0A03:00: host bridge window [mem 0x000a0000-0x000bffff]
[    0.872131] pci_root PNP0A03:00: host bridge window [mem 0x04000000-0xfebfffff]
[    0.897449] pci 0000:00:01.3: quirk: [io  0xb000-0xb03f] claimed by PIIX4 ACPI
[    0.898690] pci 0000:00:01.3: quirk: [io  0xb100-0xb10f] claimed by PIIX4 SMB
[    0.977742]  pci0000:00: Unable to request _OSC control (_OSC support mask: 0x1e)
[    1.057482] ACPI: PCI Interrupt Link [LNKA] (IRQs 5 *10 11)
[    1.061320] ACPI: PCI Interrupt Link [LNKB] (IRQs 5 *10 11)
[    1.064799] ACPI: PCI Interrupt Link [LNKC] (IRQs 5 10 *11)
[    1.067356] ACPI: PCI Interrupt Link [LNKD] (IRQs 5 10 *11)
[    1.068948] ACPI: PCI Interrupt Link [LNKS] (IRQs *9)
[    1.077827] vgaarb: device added: PCI:0000:00:02.0,decodes=io+mem,owns=io+mem,locks=none
[    1.079059] vgaarb: loaded
[    1.080213] vgaarb: bridge control possible 0000:00:02.0
[    1.084802] i2c-core: driver [aat2870] using legacy suspend method
[    1.086116] i2c-core: driver [aat2870] using legacy resume method
[    1.089839] SCSI subsystem initialized
[    1.093835] usbcore: registered new interface driver usbfs
[    1.096978] usbcore: registered new interface driver hub
[    1.100223] usbcore: registered new device driver usb
[    1.104978] PCI: Using ACPI for IRQ routing
[    1.117349] NetLabel: Initializing
[    1.117807] NetLabel:  domain hash size = 128
[    1.118333] NetLabel:  protocols = UNLABELED CIPSOv4
[    1.121606] NetLabel:  unlabeled traffic allowed by default
[    1.124851] HPET: 3 timers in total, 0 timers will be used for per-cpu timer
[    1.125974] hpet0: at MMIO 0xfed00000, IRQs 2, 8, 0
[    1.127206] hpet0: 3 comparators, 64-bit 100.000000 MHz counter
[    1.144236] Switching to clocksource hpet
[    1.450983] AppArmor: AppArmor Filesystem Enabled
[    1.453580] pnp: PnP ACPI init
[    1.454238] ACPI: bus type pnp registered
[    1.478007] pnp: PnP ACPI: found 9 devices
[    1.478725] ACPI: ACPI bus type pnp unregistered
[    1.562221] NET: Registered protocol family 2
[    1.602034] IP route cache hash table entries: 512 (order: 0, 4096 bytes)
[    1.610013] TCP established hash table entries: 2048 (order: 3, 32768 bytes)
[    1.611831] TCP bind hash table entries: 2048 (order: 3, 32768 bytes)
[    1.613787] TCP: Hash tables configured (established 2048 bind 2048)
[    1.614634] TCP reno registered
[    1.615171] UDP hash table entries: 128 (order: 0, 4096 bytes)
[    1.617516] UDP-Lite hash table entries: 128 (order: 0, 4096 bytes)
[    1.620112] NET: Registered protocol family 1
[    1.621630] pci 0000:00:00.0: Limiting direct PCI/PCI transfers
[    1.622345] pci 0000:00:01.0: PIIX3: Enabling Passive Release
[    1.623264] pci 0000:00:01.0: Activating ISA DMA hang workarounds
[    1.629744] ACPI: PCI Interrupt Link [LNKD] enabled at IRQ 11
[    1.630692] pci 0000:00:01.2: PCI INT D -&gt; Link[LNKD] -&gt; GSI 11 (level, high) -&gt; IRQ 11
[    1.633432] pci 0000:00:01.2: PCI INT D disabled
[    1.654946] Trying to unpack rootfs image as initramfs...
[    1.671639] audit: initializing netlink socket (disabled)
[    1.674170] type=2000 audit(1455997321.672:1): initialized
[    1.987078] HugeTLB registered 2 MB page size, pre-allocated 0 pages
[    2.080098] VFS: Disk quotas dquot_6.5.2
[    2.082566] Dquot-cache hash table entries: 512 (order 0, 4096 bytes)
[    2.102687] fuse init (API version 7.17)
[    2.107400] msgmni has been set to 84
[    2.146373] Block layer SCSI generic (bsg) driver version 0.4 loaded (major 253)
[    2.153580] io scheduler noop registered
[    2.154133] io scheduler deadline registered (default)
[    2.155297] io scheduler cfq registered
[    2.159335] pci_hotplug: PCI Hot Plug PCI Core version: 0.5
[    2.163392] pciehp: PCI Express Hot Plug Controller Driver version: 0.4
[    2.174055] input: Power Button as /devices/LNXSYSTM:00/LNXPWRBN:00/input/input0
[    2.176120] ACPI: Power Button [PWRF]
[    2.238098] ERST: Table is not found!
[    2.238746] GHES: HEST is not enabled!
[    2.254000] ACPI: PCI Interrupt Link [LNKC] enabled at IRQ 10
[    2.254746] virtio-pci 0000:00:03.0: PCI INT A -&gt; Link[LNKC] -&gt; GSI 10 (level, high) -&gt; IRQ 10
[    2.258844] virtio-pci 0000:00:04.0: PCI INT A -&gt; Link[LNKD] -&gt; GSI 11 (level, high) -&gt; IRQ 11
[    2.274058] ACPI: PCI Interrupt Link [LNKA] enabled at IRQ 10
[    2.274755] virtio-pci 0000:00:05.0: PCI INT A -&gt; Link[LNKA] -&gt; GSI 10 (level, high) -&gt; IRQ 10
[    2.285527] Serial: 8250/16550 driver, 32 ports, IRQ sharing enabled
[    2.329991] serial8250: ttyS0 at I/O 0x3f8 (irq = 4) is a 16550A
[    2.406788] serial8250: ttyS1 at I/O 0x2f8 (irq = 3) is a 16550A
[    2.543076] 00:05: ttyS0 at I/O 0x3f8 (irq = 4) is a 16550A
[    2.643715] 00:06: ttyS1 at I/O 0x2f8 (irq = 3) is a 16550A
[    2.645884] Refined TSC clocksource calibration: 2292.992 MHz.
[    2.646628] Switching to clocksource tsc
[    2.696032] Linux agpgart interface v0.103
[    2.771913] brd: module loaded
[    2.799796] loop: module loaded
[    2.845717]  vda: unknown partition table
[    2.897954] scsi0 : ata_piix
[    2.902336] scsi1 : ata_piix
[    2.903838] ata1: PATA max MWDMA2 cmd 0x1f0 ctl 0x3f6 bmdma 0xc0a0 irq 14
[    2.905874] ata2: PATA max MWDMA2 cmd 0x170 ctl 0x376 bmdma 0xc0a8 irq 15
[    2.918001] Fixed MDIO Bus: probed
[    2.918796] tun: Universal TUN/TAP device driver, 1.6
[    2.919330] tun: (C) 1999-2004 Max Krasnyansky &lt;maxk@qualcomm.com&gt;
[    2.931443] PPP generic driver version 2.4.2
[    2.957599] ehci_hcd: USB 2.0 'Enhanced' Host Controller (EHCI) Driver
[    2.959640] ohci_hcd: USB 1.1 'Open' Host Controller (OHCI) Driver
[    2.962484] uhci_hcd: USB Universal Host Controller Interface driver
[    2.963531] uhci_hcd 0000:00:01.2: PCI INT D -&gt; Link[LNKD] -&gt; GSI 11 (level, high) -&gt; IRQ 11
[    2.968617] uhci_hcd 0000:00:01.2: UHCI Host Controller
[    2.990527] uhci_hcd 0000:00:01.2: new USB bus registered, assigned bus number 1
[    2.995608] uhci_hcd 0000:00:01.2: irq 11, io base 0x0000c040
[    3.041233] hub 1-0:1.0: USB hub found
[    3.047114] hub 1-0:1.0: 2 ports detected
[    3.059977] usbcore: registered new interface driver libusual
[    3.064146] i8042: PNP: PS/2 Controller [PNP0303:KBD,PNP0f13:MOU] at 0x60,0x64 irq 1,12
[    3.075581] serio: i8042 KBD port at 0x60,0x64 irq 1
[    3.078351] serio: i8042 AUX port at 0x60,0x64 irq 12
[    3.125146] ata2.01: ATAPI: QEMU DVD-ROM, 2.0.0, max UDMA/100
[    3.147335] ata2.01: configured for MWDMA2
[    3.184782] mousedev: PS/2 mouse device common for all mice
[    3.194095] rtc_cmos 00:01: RTC can wake from S4
[    3.200697] scsi 1:0:1:0: CD-ROM            QEMU     QEMU DVD-ROM     2.0. PQ: 0 ANSI: 5
[    3.231794] input: AT Translated Set 2 keyboard as /devices/platform/i8042/serio0/input/input1
[    3.239402] rtc_cmos 00:01: rtc core: registered rtc_cmos as rtc0
[    3.243818] rtc0: alarms up to one day, 114 bytes nvram, hpet irqs
[    3.251291] device-mapper: uevent: version 1.0.3
[    3.282501] sr0: scsi3-mmc drive: 4x/4x cd/rw xa/form2 tray
[    3.286425] cdrom: Uniform CD-ROM driver Revision: 3.20
[    3.299284] device-mapper: ioctl: 4.22.0-ioctl (2011-10-19) initialised: dm-devel@redhat.com
[    3.303748] cpuidle: using governor ladder
[    3.305971] cpuidle: using governor menu
[    3.307605] EFI Variables Facility v0.08 2004-May-17
[    3.317290] TCP cubic registered
[    3.325660] NET: Registered protocol family 10
[    3.361555] NET: Registered protocol family 17
[    3.363341] Registering the dns_resolver key type
[    3.383978] sr 1:0:1:0: Attached scsi generic sg0 type 5
[    3.466649] registered taskstats version 1
[    3.497241] Freeing initrd memory: 3656k freed
[    3.994329]   Magic number: 4:179:749
[    4.003039] tty ttyS0: hash matches
[    4.010318] rtc_cmos 00:01: setting system clock to 2016-02-20 19:42:04 UTC (1455997324)
[    4.012130] powernow-k8: Processor cpuid 663 not supported
[    4.024065] BIOS EDD facility v0.16 2004-Jun-25, 0 devices found
[    4.026487] EDD information not available.
[    4.094995] Freeing unused kernel memory: 928k freed
[    4.100598] Write protecting the kernel read-only data: 12288k
[    4.199000] Freeing unused kernel memory: 1596k freed
[    4.258187] Freeing unused kernel memory: 1184k freed

info: initramfs: up at 4.42
modprobe: module virtio_blk not found in modules.dep
modprobe: module virtio_net not found in modules.dep
info: copying initramfs to /dev/vda
info: initramfs loading root from /dev/vda
info: /etc/init.d/rc.sysinit: up at 9.27
info: container: none
Starting logging: OK
modprobe: module virtio_blk not found in modules.dep
modprobe: module virtio_net not found in modules.dep
WARN: /etc/rc3.d/S10-load-modules failed
Initializing random number generator... done.
Starting acpid: OK
cirros-ds 'local' up at 11.71
found datasource (configdrive, local)
Starting network...
udhcpc (v1.20.1) started
Sending discover...
Sending select for 10.100.0.3...
Lease of 10.100.0.3 obtained, lease time 86400
route: SIOCADDRT: File exists
WARN: failed: route add -net "0.0.0.0/0" gw "10.100.0.1"
Starting dropbear sshd: generating rsa key... generating dsa key... OK
no userdata for datasource
=== system information ===
Platform: OpenStack Foundation OpenStack Nova
Container: none
Arch: x86_64
CPU(s): 1 @ 2292.906 MHz
Cores/Sockets/Threads: 1/1/1
Virt-type: AMD-V
RAM Size: 49MB
Disks:
NAME MAJ:MIN     SIZE LABEL         MOUNTPOINT
vda  253:0   25165824 cirros-rootfs /
sr0   11:0     432128 config-2      
=== sshd host keys ===
-----BEGIN SSH HOST KEY KEYS-----
ssh-rsa AAAAB3NzaC1yc2EAAAADAQABAAAAgwDdDr2lfDWGXhPphOfaduu10rwrsnqc9SEt68PXiPbrWZBS4f1ziOo1lGJTHbBuVeELlsSxiI5QWn2KFbUaa1KDsDRwxM39fW/9XZun6ZN8tB2JSOrS/tAfM+ML4A8eLcIT2OJNPseeqeS6hhfVqZHLhXcqtrqJ9TiBYtojIVNHz3rV root@tempest-server-smoke-2068266607
ssh-dss AAAAB3NzaC1kc3MAAACBAL9kOFk4Q7B/qcvNif70d4/Gl9GKxK7C7GVuXUgcwkX64M4S+USYJDM0ZRJXE4Yu/8w7j+nx75/jjZppQ8AvAM/KboAVJ18ZlBXh1j0UrSMviGUBpxe4PI0qB5hgVM211yUmrsdrh4ea5Wgur0BRbNPyCcjHHrS4ERnLl8g8yDkzAAAAFQDSrgeMDVA2+OiO57MQxxC7URsFVQAAAIEAqUxAD8UFNMXz9l/0buKZbmx2CltrS+19+/0CpJSJBTqB217U+tsMtpBJ1jgf6wZHXtXAdiCKMfQLm7HnBgmvAH6dPk9g2WOTckN0jg9gphnGloXP2uEuhnIWkltLtd0Hr3OtW2Z7E8QJUBYFAZcNS/hU6CHxKG6V+Ovs223B7aQAAAB/If9Anr8KMZnKtHPrMgoaXeAU2SYX6p+wpJq1ZBwMfZ8q0z+k9E18pGgJMjXkC6T3DiQR2U/mvKjT1I8fVt9TX3NVx86I67ITGVs4vsHi3jCbbjp7OwJY+zr6nfxDRBhQogTgSTqxV2vDBOL1GnYINnZ3LCXYZHo9sVdkPWZQxw== root@tempest-server-smoke-2068266607
-----END SSH HOST KEY KEYS-----
=== network info ===
if-info: lo,up,127.0.0.1,8,::1
if-info: eth0,up,10.100.0.3,28,fe80::f816:3eff:fe74:f402
ip-route:default via 10.100.0.1 dev eth0 
ip-route:10.100.0.0/28 dev eth0  src 10.100.0.3 
ip-route:169.254.169.254 via 10.100.0.1 dev eth0 
=== datasource: configdrive local ===
instance-id: 54a6735e-8549-4103-9b03-644aec77d517
name: tempest-server-smoke-2068266607
availability-zone: nova
local-hostname: tempest-server-smoke-2068266607.novalocal
launch-index: 0
=== cirros: current=0.3.4 uptime=23.48 ===
  ____               ____  ____
 / __/ __ ____ ____ / __ \/ __/
/ /__ / // __// __// /_/ /\ \ 
\___//_//_/  /_/   \____/___/ 
   http://cirros-cloud.net


login as 'cirros' user. default password: 'cubswin:)'. use 'sudo' for root.
tempest-server-smoke-2068266607 login: 
2016-02-20 19:44:32,954 26778 INFO     [tempest_lib.common.rest_client] Request (TestNetworkBasicOps:_run_cleanups): 204 DELETE http://10.4.1.3:9696/v2.0/floatingips/90a3f83a-939d-422c-812c-baa5a3bab83b 0.713s
2016-02-20 19:44:32,954 26778 DEBUG    [tempest_lib.common.rest_client] Request - Headers: {'Content-Type': 'application/json', 'Accept': 'application/json', 'X-Auth-Token': '&lt;omitted&gt;'}
        Body: None
    Response - Headers: {'date': 'Sat, 20 Feb 2016 19:44:32 GMT', 'status': '204', 'connection': 'close', 'content-length': '0', 'x-openstack-request-id': 'req-31c1b141-f96d-4557-967c-ba42653694c4'}
        Body: 
2016-02-20 19:44:33,397 26778 INFO     [tempest_lib.common.rest_client] Request (TestNetworkBasicOps:_run_cleanups): 204 DELETE http://10.4.1.3:8774/v2.1/f382615a1bbb48d0852b0e589943fe0a/servers/54a6735e-8549-4103-9b03-644aec77d517 0.442s
2016-02-20 19:44:33,398 26778 DEBUG    [tempest_lib.common.rest_client] Request - Headers: {'Content-Type': 'application/json', 'Accept': 'application/json', 'X-Auth-Token': '&lt;omitted&gt;'}
        Body: None
    Response - Headers: {'status': '204', 'content-length': '0', 'x-compute-request-id': 'req-c925ef9f-5286-4a90-b2c9-33537ecbf4e0', 'vary': 'X-OpenStack-Nova-API-Version', 'connection': 'close', 'x-openstack-nova-api-version': '2.1', 'date': 'Sat, 20 Feb 2016 19:44:33 GMT', 'content-type': 'application/json'}
        Body: 
2016-02-20 19:44:34,173 26778 INFO     [tempest_lib.common.rest_client] Request (TestNetworkBasicOps:_run_cleanups): 200 GET http://10.4.1.3:8774/v2.1/f382615a1bbb48d0852b0e589943fe0a/servers/54a6735e-8549-4103-9b03-644aec77d517 0.773s
2016-02-20 19:44:34,173 26778 DEBUG    [tempest_lib.common.rest_client] Request - Headers: {'Content-Type': 'application/json', 'Accept': 'application/json', 'X-Auth-Token': '&lt;omitted&gt;'}
        Body: None
    Response - Headers: {'status': '200', 'content-length': '1761', 'content-location': 'http://10.4.1.3:8774/v2.1/f382615a1bbb48d0852b0e589943fe0a/servers/54a6735e-8549-4103-9b03-644aec77d517', 'x-compute-request-id': 'req-4f0dce51-ee55-4ab6-928f-fb9764454887', 'vary': 'X-OpenStack-Nova-API-Version', 'connection': 'close', 'x-openstack-nova-api-version': '2.1', 'date': 'Sat, 20 Feb 2016 19:44:34 GMT', 'content-type': 'application/json'}
        Body: {"server": {"status": "ACTIVE", "updated": "2016-02-20T19:44:33Z", "hostId": "5790d35e6315da312bb9627919441b8b96398e8ae6bb60d0795ecaff", "addresses": {"tempest-network-smoke--2046520364": [{"OS-EXT-IPS-MAC:mac_addr": "fa:16:3e:74:f4:02", "version": 4, "addr": "10.100.0.3", "OS-EXT-IPS:type": "fixed"}, {"OS-EXT-IPS-MAC:mac_addr": "fa:16:3e:74:f4:02", "version": 4, "addr": "172.24.4.16", "OS-EXT-IPS:type": "floating"}]}, "links": [{"href": "http://10.4.1.3:8774/v2.1/f382615a1bbb48d0852b0e589943fe0a/servers/54a6735e-8549-4103-9b03-644aec77d517", "rel": "self"}, {"href": "http://10.4.1.3:8774/f382615a1bbb48d0852b0e589943fe0a/servers/54a6735e-8549-4103-9b03-644aec77d517", "rel": "bookmark"}], "key_name": "tempest-TestNetworkBasicOps-959392829", "image": {"id": "7c667789-e316-4de6-b6d5-37e0d45703aa", "links": [{"href": "http://10.4.1.3:8774/f382615a1bbb48d0852b0e589943fe0a/images/7c667789-e316-4de6-b6d5-37e0d45703aa", "rel": "bookmark"}]}, "OS-EXT-STS:task_state": "deleting", "OS-EXT-STS:vm_state": "active", "OS-SRV-USG:launched_at": "2016-02-20T19:41:57.000000", "flavor": {"id": "42", "links": [{"href": "http://10.4.1.3:8774/f382615a1bbb48d0852b0e589943fe0a/flavors/42", "rel": "bookmark"}]}, "id": "54a6735e-8549-4103-9b03-644aec77d517", "security_groups": [{"name": "tempest-secgroup-smoke-666122052"}], "OS-SRV-USG:terminated_at": null, "OS-EXT-AZ:availability_zone": "nova", "user_id": "23976490b9cd4d8fa47c4a10a7e263e4", "name": "tempest-server-smoke-2068266607", "created": "2016-02-20T19:41:53Z", "tenant_id": "f382615a1bbb48d0852b0e589943fe0a", "OS-DCF:diskConfig": "MANUAL", "os-extended-volumes:volumes_attached": [], "accessIPv4": "", "accessIPv6": "", "progress": 0, "OS-EXT-STS:power_state": 1, "config_drive": "True", "metadata": {}}}
