<?xml version="1.0" encoding="UTF-8"?>
<!DOCTYPE html PUBLIC "-//W3C//DTD XHTML 1.0 Strict//EN"
     "http://www.w3.org/TR/xhtml1/DTD/xhtml1-strict.dtd">
<html xmlns="http://www.w3.org/1999/xhtml">
<head>
    <title>Unit Test Report</title>
    <meta name="generator" content="subunit2html 0.1"/>
    <meta http-equiv="Content-Type" content="text/html; charset=UTF-8"/>
    
<style type="text/css" media="screen">
body        { font-family: verdana, arial, helvetica, sans-serif;
    font-size: 80%; }
table       { font-size: 100%; width: 100%;}
pre         { font-size: 80%; }

/* -- heading -------------------------------------------------------------- */
h1 {
        font-size: 16pt;
        color: gray;
}
.heading {
    margin-top: 0ex;
    margin-bottom: 1ex;
}

.heading .attribute {
    margin-top: 1ex;
    margin-bottom: 0;
}

.heading .description {
    margin-top: 4ex;
    margin-bottom: 6ex;
}

/* -- css div popup -------------------------------------------------------- */
a.popup_link {
}

a.popup_link:hover {
    color: red;
}

.popup_window {
    display: none;
    overflow-x: scroll;
    /*border: solid #627173 1px; */
    padding: 10px;
    background-color: #E6E6D6;
    font-family: "Ubuntu Mono", "Lucida Console", "Courier New", monospace;
    text-align: left;
    font-size: 8pt;
}

}
/* -- report --------------------------------------------------------------- */
#show_detail_line {
    margin-top: 3ex;
    margin-bottom: 1ex;
}
#result_table {
    width: 100%;
    border-collapse: collapse;
    border: 1px solid #777;
}
#header_row {
    font-weight: bold;
    color: white;
    background-color: #777;
}
#result_table td {
    border: 1px solid #777;
    padding: 2px;
}
#total_row  { font-weight: bold; }
.passClass  { background-color: #6c6; }
.failClass  { background-color: #c60; }
.errorClass { background-color: #c00; }
.passCase   { color: #6c6; }
.failCase   { color: #c60; font-weight: bold; }
.errorCase  { color: #c00; font-weight: bold; }
.hiddenRow  { display: none; }
.testcase   { margin-left: 2em; }
td.testname {width: 40%}
td.small {width: 40px}

/* -- ending --------------------------------------------------------------- */
#ending {
}

</style>

</head>
<body>
<script language="javascript" type="text/javascript"><!--
output_list = Array();

/* level - 0:Summary; 1:Failed; 2:All */
function showCase(level) {
    trs = document.getElementsByTagName("tr");
    for (var i = 0; i < trs.length; i++) {
        tr = trs[i];
        id = tr.id;
        if (id.substr(0,2) == 'ft') {
            if (level < 1) {
                tr.className = 'hiddenRow';
            }
            else {
                tr.className = '';
            }
        }
        if (id.substr(0,2) == 'pt') {
            if (level > 1) {
                tr.className = '';
            }
            else {
                tr.className = 'hiddenRow';
            }
        }
    }
}


function showClassDetail(cid, count) {
    var id_list = Array(count);
    var toHide = 1;
    for (var i = 0; i < count; i++) {
        tid0 = 't' + cid.substr(1) + '.' + (i+1);
        tid = 'f' + tid0;
        tr = document.getElementById(tid);
        if (!tr) {
            tid = 'p' + tid0;
            tr = document.getElementById(tid);
        }
        id_list[i] = tid;
        if (tr.className) {
            toHide = 0;
        }
    }
    for (var i = 0; i < count; i++) {
        tid = id_list[i];
        if (toHide) {
            document.getElementById('div_'+tid).style.display = 'none'
            document.getElementById(tid).className = 'hiddenRow';
        }
        else {
            document.getElementById(tid).className = '';
        }
    }
}


function showTestDetail(div_id){
    var details_div = document.getElementById(div_id)
    var displayState = details_div.style.display
    // alert(displayState)
    if (displayState != 'block' ) {
        displayState = 'block'
        details_div.style.display = 'block'
    }
    else {
        details_div.style.display = 'none'
    }
}


function html_escape(s) {
    s = s.replace(/&/g,'&amp;');
    s = s.replace(/</g,'&lt;');
    s = s.replace(/>/g,'&gt;');
    return s;
}

/* obsoleted by detail in <div>
function showOutput(id, name) {
    var w = window.open("", //url
                    name,
                    "resizable,scrollbars,status,width=800,height=450");
    d = w.document;
    d.write("<pre>");
    d.write(html_escape(output_list[id]));
    d.write("\n");
    d.write("<a href='javascript:window.close()'>close</a>\n");
    d.write("</pre>\n");
    d.close();
}
*/
--></script>

<div class='heading'>
<h1>Unit Test Report</h1>

<p class='attribute'><strong>Status:</strong> Pass 1 Failure 7 Skip 1</p>

<p class='description'></p>
</div>



<p id='show_detail_line'>Show
<a href='javascript:showCase(0)'>Summary</a>
<a href='javascript:showCase(1)'>Failed</a>
<a href='javascript:showCase(2)'>All</a>
</p>
<table id='result_table'>
<colgroup>
<col align='left' />
<col align='right' />
<col align='right' />
<col align='right' />
<col align='right' />
<col align='right' />
<col align='right' />
<col align='right' />
</colgroup>
<tr id='header_row'>
    <td>Test Group/Test case</td>
    <td>Count</td>
    <td>Pass</td>
    <td>Fail</td>
    <td>Error</td>
    <td>Skip</td>
    <td>View</td>
    <td> </td>
</tr>

<tr class='failClass'>
    <td class="testname">tempest.scenario.test_network_basic_ops.TestNetworkBasicOps</td>
    <td class="small">9</td>
    <td class="small">1</td>
    <td class="small">7</td>
    <td class="small">0</td>
    <td class="small">1</td>
    <td class="small"><a href="javascript:showClassDetail('c1',9)"
>Detail</a></td>
    <td> </td>
</tr>

<tr id='ft1.1' class='none'>
    <td class='failCase'><div class='testcase'>test_connectivity_between_vms_on_different_networks[compute,id-1546850e-fbaa-42f5-8b5f-03d8a6a95f15,network]</div></td>
    <td colspan='7' align='left'>

    <!--css div popup start-->
    <a class="popup_link" onfocus='this.blur();'
    href="javascript:showTestDetail('div_ft1.1')" >
        fail</a>

    <div id='div_ft1.1' class="popup_window">
        <div style='text-align: right; color:red;cursor:pointer'>
        <a onfocus='this.blur();'
onclick="document.getElementById('div_ft1.1').style.display = 'none' " >
           [x]</a>
        </div>
        <pre>
        
ft1.1: tempest.scenario.test_network_basic_ops.TestNetworkBasicOps.test_connectivity_between_vms_on_different_networks[compute,id-1546850e-fbaa-42f5-8b5f-03d8a6a95f15,network]_StringException: Empty attachments:
  stderr
  stdout

pythonlogging:'': {{{
2015-12-20 11:41:28,568 21031 INFO     [tempest_lib.common.rest_client] Request (TestNetworkBasicOps:test_connectivity_between_vms_on_different_networks): 201 POST http://10.0.2.15:9696/v2.0/security-groups 0.362s
2015-12-20 11:41:28,569 21031 DEBUG    [tempest_lib.common.rest_client] Request - Headers: {'Content-Type': 'application/json', 'Accept': 'application/json', 'X-Auth-Token': '&lt;omitted&gt;'}
        Body: {"security_group": {"tenant_id": "554bf1a8dcea4e228a64e46e967ba690", "description": "tempest-secgroup-smoke-761342599 description", "name": "tempest-secgroup-smoke-761342599"}}
    Response - Headers: {'status': '201', 'content-length': '886', 'connection': 'close', 'date': 'Sun, 20 Dec 2015 11:41:28 GMT', 'content-type': 'application/json; charset=UTF-8', 'x-openstack-request-id': 'req-c41c3a57-6ad5-43f6-9e14-66524d637466'}
        Body: {"security_group": {"tenant_id": "554bf1a8dcea4e228a64e46e967ba690", "description": "tempest-secgroup-smoke-761342599 description", "id": "83222507-834e-41d0-9192-43fa9670bfd6", "security_group_rules": [{"remote_group_id": null, "direction": "egress", "remote_ip_prefix": null, "protocol": null, "ethertype": "IPv4", "tenant_id": "554bf1a8dcea4e228a64e46e967ba690", "port_range_max": null, "port_range_min": null, "id": "0fc9c38a-278c-4c51-adbf-3b219c579b9d", "security_group_id": "83222507-834e-41d0-9192-43fa9670bfd6"}, {"remote_group_id": null, "direction": "egress", "remote_ip_prefix": null, "protocol": null, "ethertype": "IPv6", "tenant_id": "554bf1a8dcea4e228a64e46e967ba690", "port_range_max": null, "port_range_min": null, "id": "8e2c2639-0122-468e-9a9d-e2c1d4334343", "security_group_id": "83222507-834e-41d0-9192-43fa9670bfd6"}], "name": "tempest-secgroup-smoke-761342599"}}
2015-12-20 11:41:28,697 21031 INFO     [tempest_lib.common.rest_client] Request (TestNetworkBasicOps:test_connectivity_between_vms_on_different_networks): 201 POST http://10.0.2.15:9696/v2.0/security-group-rules 0.127s
2015-12-20 11:41:28,699 21031 DEBUG    [tempest_lib.common.rest_client] Request - Headers: {'Content-Type': 'application/json', 'Accept': 'application/json', 'X-Auth-Token': '&lt;omitted&gt;'}
        Body: {"security_group_rule": {"direction": "ingress", "protocol": "tcp", "tenant_id": "554bf1a8dcea4e228a64e46e967ba690", "port_range_max": 22, "security_group_id": "83222507-834e-41d0-9192-43fa9670bfd6", "port_range_min": 22}}
    Response - Headers: {'status': '201', 'content-length': '340', 'connection': 'close', 'date': 'Sun, 20 Dec 2015 11:41:28 GMT', 'content-type': 'application/json; charset=UTF-8', 'x-openstack-request-id': 'req-427eb172-2e23-45f8-8c5d-9779fac6acbf'}
        Body: {"security_group_rule": {"remote_group_id": null, "direction": "ingress", "remote_ip_prefix": null, "protocol": "tcp", "ethertype": "IPv4", "tenant_id": "554bf1a8dcea4e228a64e46e967ba690", "port_range_max": 22, "port_range_min": 22, "id": "18ab9009-90a4-4fad-82f4-aa96807598e9", "security_group_id": "83222507-834e-41d0-9192-43fa9670bfd6"}}
2015-12-20 11:41:28,817 21031 INFO     [tempest_lib.common.rest_client] Request (TestNetworkBasicOps:test_connectivity_between_vms_on_different_networks): 201 POST http://10.0.2.15:9696/v2.0/security-group-rules 0.116s
2015-12-20 11:41:28,817 21031 DEBUG    [tempest_lib.common.rest_client] Request - Headers: {'Content-Type': 'application/json', 'Accept': 'application/json', 'X-Auth-Token': '&lt;omitted&gt;'}
        Body: {"security_group_rule": {"direction": "egress", "protocol": "tcp", "tenant_id": "554bf1a8dcea4e228a64e46e967ba690", "port_range_max": 22, "security_group_id": "83222507-834e-41d0-9192-43fa9670bfd6", "port_range_min": 22}}
    Response - Headers: {'status': '201', 'content-length': '339', 'connection': 'close', 'date': 'Sun, 20 Dec 2015 11:41:28 GMT', 'content-type': 'application/json; charset=UTF-8', 'x-openstack-request-id': 'req-7f63ab4a-e6b6-4d01-bc39-b9ad5c917197'}
        Body: {"security_group_rule": {"remote_group_id": null, "direction": "egress", "remote_ip_prefix": null, "protocol": "tcp", "ethertype": "IPv4", "tenant_id": "554bf1a8dcea4e228a64e46e967ba690", "port_range_max": 22, "port_range_min": 22, "id": "0daede66-b6ea-4a54-ac7f-dd74c67f83c9", "security_group_id": "83222507-834e-41d0-9192-43fa9670bfd6"}}
2015-12-20 11:41:28,939 21031 INFO     [tempest_lib.common.rest_client] Request (TestNetworkBasicOps:test_connectivity_between_vms_on_different_networks): 201 POST http://10.0.2.15:9696/v2.0/security-group-rules 0.121s
2015-12-20 11:41:28,940 21031 DEBUG    [tempest_lib.common.rest_client] Request - Headers: {'Content-Type': 'application/json', 'Accept': 'application/json', 'X-Auth-Token': '&lt;omitted&gt;'}
        Body: {"security_group_rule": {"tenant_id": "554bf1a8dcea4e228a64e46e967ba690", "direction": "ingress", "protocol": "icmp", "security_group_id": "83222507-834e-41d0-9192-43fa9670bfd6"}}
    Response - Headers: {'status': '201', 'content-length': '345', 'connection': 'close', 'date': 'Sun, 20 Dec 2015 11:41:28 GMT', 'content-type': 'application/json; charset=UTF-8', 'x-openstack-request-id': 'req-7b543bcf-4a09-4f45-895c-562be8528d28'}
        Body: {"security_group_rule": {"remote_group_id": null, "direction": "ingress", "remote_ip_prefix": null, "protocol": "icmp", "ethertype": "IPv4", "tenant_id": "554bf1a8dcea4e228a64e46e967ba690", "port_range_max": null, "port_range_min": null, "id": "444b3763-fe7d-4f98-a3b9-ff71ca50e35f", "security_group_id": "83222507-834e-41d0-9192-43fa9670bfd6"}}
2015-12-20 11:41:29,064 21031 INFO     [tempest_lib.common.rest_client] Request (TestNetworkBasicOps:test_connectivity_between_vms_on_different_networks): 201 POST http://10.0.2.15:9696/v2.0/security-group-rules 0.123s
2015-12-20 11:41:29,064 21031 DEBUG    [tempest_lib.common.rest_client] Request - Headers: {'Content-Type': 'application/json', 'Accept': 'application/json', 'X-Auth-Token': '&lt;omitted&gt;'}
        Body: {"security_group_rule": {"tenant_id": "554bf1a8dcea4e228a64e46e967ba690", "direction": "egress", "protocol": "icmp", "security_group_id": "83222507-834e-41d0-9192-43fa9670bfd6"}}
    Response - Headers: {'status': '201', 'content-length': '344', 'connection': 'close', 'date': 'Sun, 20 Dec 2015 11:41:29 GMT', 'content-type': 'application/json; charset=UTF-8', 'x-openstack-request-id': 'req-cfd6da22-ccac-4766-a04b-f8f75ae92472'}
        Body: {"security_group_rule": {"remote_group_id": null, "direction": "egress", "remote_ip_prefix": null, "protocol": "icmp", "ethertype": "IPv4", "tenant_id": "554bf1a8dcea4e228a64e46e967ba690", "port_range_max": null, "port_range_min": null, "id": "e3b16d72-dcc2-4e33-8d06-64d059384b19", "security_group_id": "83222507-834e-41d0-9192-43fa9670bfd6"}}
2015-12-20 11:41:29,185 21031 INFO     [tempest_lib.common.rest_client] Request (TestNetworkBasicOps:test_connectivity_between_vms_on_different_networks): 201 POST http://10.0.2.15:9696/v2.0/security-group-rules 0.119s
2015-12-20 11:41:29,186 21031 DEBUG    [tempest_lib.common.rest_client] Request - Headers: {'Content-Type': 'application/json', 'Accept': 'application/json', 'X-Auth-Token': '&lt;omitted&gt;'}
        Body: {"security_group_rule": {"tenant_id": "554bf1a8dcea4e228a64e46e967ba690", "direction": "ingress", "security_group_id": "83222507-834e-41d0-9192-43fa9670bfd6", "protocol": "icmp", "ethertype": "IPv6"}}
    Response - Headers: {'status': '201', 'content-length': '345', 'connection': 'close', 'date': 'Sun, 20 Dec 2015 11:41:29 GMT', 'content-type': 'application/json; charset=UTF-8', 'x-openstack-request-id': 'req-d26adaba-edb0-460d-bbad-165a6b64fffc'}
        Body: {"security_group_rule": {"remote_group_id": null, "direction": "ingress", "remote_ip_prefix": null, "protocol": "icmp", "ethertype": "IPv6", "tenant_id": "554bf1a8dcea4e228a64e46e967ba690", "port_range_max": null, "port_range_min": null, "id": "975f6e31-2b6f-4cba-b3a1-b9e4a4c76f56", "security_group_id": "83222507-834e-41d0-9192-43fa9670bfd6"}}
2015-12-20 11:41:29,317 21031 INFO     [tempest_lib.common.rest_client] Request (TestNetworkBasicOps:test_connectivity_between_vms_on_different_networks): 201 POST http://10.0.2.15:9696/v2.0/security-group-rules 0.129s
2015-12-20 11:41:29,317 21031 DEBUG    [tempest_lib.common.rest_client] Request - Headers: {'Content-Type': 'application/json', 'Accept': 'application/json', 'X-Auth-Token': '&lt;omitted&gt;'}
        Body: {"security_group_rule": {"tenant_id": "554bf1a8dcea4e228a64e46e967ba690", "direction": "egress", "security_group_id": "83222507-834e-41d0-9192-43fa9670bfd6", "protocol": "icmp", "ethertype": "IPv6"}}
    Response - Headers: {'status': '201', 'content-length': '344', 'connection': 'close', 'date': 'Sun, 20 Dec 2015 11:41:29 GMT', 'content-type': 'application/json; charset=UTF-8', 'x-openstack-request-id': 'req-21d6975f-064b-4a50-a676-f6fa148ad5eb'}
        Body: {"security_group_rule": {"remote_group_id": null, "direction": "egress", "remote_ip_prefix": null, "protocol": "icmp", "ethertype": "IPv6", "tenant_id": "554bf1a8dcea4e228a64e46e967ba690", "port_range_max": null, "port_range_min": null, "id": "3d5a6445-69b8-4bd2-bbb1-2248cd269808", "security_group_id": "83222507-834e-41d0-9192-43fa9670bfd6"}}
2015-12-20 11:41:29,514 21031 INFO     [tempest_lib.common.rest_client] Request (TestNetworkBasicOps:test_connectivity_between_vms_on_different_networks): 201 POST http://10.0.2.15:9696/v2.0/networks 0.195s
2015-12-20 11:41:29,515 21031 DEBUG    [tempest_lib.common.rest_client] Request - Headers: {'Content-Type': 'application/json', 'Accept': 'application/json', 'X-Auth-Token': '&lt;omitted&gt;'}
        Body: {"network": {"tenant_id": "554bf1a8dcea4e228a64e46e967ba690", "name": "tempest-network-smoke--413044965"}}
    Response - Headers: {'status': '201', 'content-length': '328', 'connection': 'close', 'date': 'Sun, 20 Dec 2015 11:41:29 GMT', 'content-type': 'application/json; charset=UTF-8', 'x-openstack-request-id': 'req-e35a98d6-9be2-491b-820a-db7ee76ee8c1'}
        Body: {"network": {"status": "ACTIVE", "subnets": [], "availability_zone_hints": "[]", "name": "tempest-network-smoke--413044965", "admin_state_up": true, "tenant_id": "554bf1a8dcea4e228a64e46e967ba690", "mtu": 0, "router:external": false, "shared": false, "port_security_enabled": true, "id": "fa07b7be-16b3-4a7f-9041-71cd1bbfe725"}}
2015-12-20 11:41:29,613 21031 INFO     [tempest_lib.common.rest_client] Request (TestNetworkBasicOps:test_connectivity_between_vms_on_different_networks): 201 POST http://10.0.2.15:9696/v2.0/routers 0.096s
2015-12-20 11:41:29,614 21031 DEBUG    [tempest_lib.common.rest_client] Request - Headers: {'Content-Type': 'application/json', 'Accept': 'application/json', 'X-Auth-Token': '&lt;omitted&gt;'}
        Body: {"router": {"tenant_id": "554bf1a8dcea4e228a64e46e967ba690", "name": "tempest-router-smoke-234478021", "admin_state_up": true}}
    Response - Headers: {'status': '201', 'content-length': '295', 'connection': 'close', 'date': 'Sun, 20 Dec 2015 11:41:29 GMT', 'content-type': 'application/json; charset=UTF-8', 'x-openstack-request-id': 'req-af0bd6b4-b10a-449c-a8f6-2d2def194f6d'}
        Body: {"router": {"status": "ACTIVE", "external_gateway_info": null, "availability_zone_hints": [], "availability_zones": [], "name": "tempest-router-smoke-234478021", "admin_state_up": true, "tenant_id": "554bf1a8dcea4e228a64e46e967ba690", "routes": [], "id": "8eca16e7-64cc-4f30-8558-161555e14f67"}}
2015-12-20 11:41:29,799 21031 INFO     [tempest_lib.common.rest_client] Request (TestNetworkBasicOps:test_connectivity_between_vms_on_different_networks): 200 GET http://10.0.2.15:9696/v2.0/routers/8eca16e7-64cc-4f30-8558-161555e14f67 0.184s
2015-12-20 11:41:29,800 21031 DEBUG    [tempest_lib.common.rest_client] Request - Headers: {'Content-Type': 'application/json', 'Accept': 'application/json', 'X-Auth-Token': '&lt;omitted&gt;'}
        Body: None
    Response - Headers: {'status': '200', 'content-length': '295', 'content-location': 'http://10.0.2.15:9696/v2.0/routers/8eca16e7-64cc-4f30-8558-161555e14f67', 'connection': 'close', 'date': 'Sun, 20 Dec 2015 11:41:29 GMT', 'content-type': 'application/json; charset=UTF-8', 'x-openstack-request-id': 'req-d1cbab54-e47a-4e49-bd96-cde36d918c04'}
        Body: {"router": {"status": "ACTIVE", "external_gateway_info": null, "availability_zone_hints": [], "availability_zones": [], "name": "tempest-router-smoke-234478021", "admin_state_up": true, "tenant_id": "554bf1a8dcea4e228a64e46e967ba690", "routes": [], "id": "8eca16e7-64cc-4f30-8558-161555e14f67"}}
2015-12-20 11:41:30,487 21031 INFO     [tempest_lib.common.rest_client] Request (TestNetworkBasicOps:test_connectivity_between_vms_on_different_networks): 200 PUT http://10.0.2.15:9696/v2.0/routers/8eca16e7-64cc-4f30-8558-161555e14f67 0.686s
2015-12-20 11:41:30,488 21031 DEBUG    [tempest_lib.common.rest_client] Request - Headers: {'Content-Type': 'application/json', 'Accept': 'application/json', 'X-Auth-Token': '&lt;omitted&gt;'}
        Body: {"router": {"external_gateway_info": {"network_id": "411f81af-2918-4bcd-9066-b4035e87a271"}, "name": "tempest-router-smoke-234478021", "admin_state_up": true}}
    Response - Headers: {'status': '200', 'content-length': '557', 'connection': 'close', 'date': 'Sun, 20 Dec 2015 11:41:30 GMT', 'content-type': 'application/json; charset=UTF-8', 'x-openstack-request-id': 'req-3071f169-6f4b-459d-841d-800a5ae97741'}
        Body: {"router": {"status": "ACTIVE", "external_gateway_info": {"network_id": "411f81af-2918-4bcd-9066-b4035e87a271", "enable_snat": true, "external_fixed_ips": [{"subnet_id": "27584072-6f11-409b-9d1b-f67672cbefba", "ip_address": "172.24.4.3"}, {"subnet_id": "570298f0-6c4a-40e8-b296-c27e9ce09ed9", "ip_address": "2001:db8::4"}]}, "availability_zone_hints": [], "availability_zones": [], "name": "tempest-router-smoke-234478021", "admin_state_up": true, "tenant_id": "554bf1a8dcea4e228a64e46e967ba690", "routes": [], "id": "8eca16e7-64cc-4f30-8558-161555e14f67"}}
2015-12-20 11:41:30,633 21031 INFO     [tempest_lib.common.rest_client] Request (TestNetworkBasicOps:test_connectivity_between_vms_on_different_networks): 200 GET http://10.0.2.15:9696/v2.0/subnets?tenant_id=554bf1a8dcea4e228a64e46e967ba690&amp;cidr=10.100.0.0%2F28 0.144s
2015-12-20 11:41:30,633 21031 DEBUG    [tempest_lib.common.rest_client] Request - Headers: {'Content-Type': 'application/json', 'Accept': 'application/json', 'X-Auth-Token': '&lt;omitted&gt;'}
        Body: None
    Response - Headers: {'status': '200', 'content-length': '15', 'content-location': 'http://10.0.2.15:9696/v2.0/subnets?tenant_id=554bf1a8dcea4e228a64e46e967ba690&amp;cidr=10.100.0.0%2F28', 'connection': 'close', 'date': 'Sun, 20 Dec 2015 11:41:30 GMT', 'content-type': 'application/json; charset=UTF-8', 'x-openstack-request-id': 'req-39a031ed-8ff9-43a2-bfa3-2f839e05d59c'}
        Body: {"subnets": []}
2015-12-20 11:41:30,951 21031 INFO     [tempest_lib.common.rest_client] Request (TestNetworkBasicOps:test_connectivity_between_vms_on_different_networks): 201 POST http://10.0.2.15:9696/v2.0/subnets 0.317s
2015-12-20 11:41:30,951 21031 DEBUG    [tempest_lib.common.rest_client] Request - Headers: {'Content-Type': 'application/json', 'Accept': 'application/json', 'X-Auth-Token': '&lt;omitted&gt;'}
        Body: {"subnet": {"ip_version": 4, "tenant_id": "554bf1a8dcea4e228a64e46e967ba690", "cidr": "10.100.0.0/28", "network_id": "fa07b7be-16b3-4a7f-9041-71cd1bbfe725", "name": "tempest-subnet-smoke-47497359"}}
    Response - Headers: {'status': '201', 'content-length': '476', 'connection': 'close', 'date': 'Sun, 20 Dec 2015 11:41:30 GMT', 'content-type': 'application/json; charset=UTF-8', 'x-openstack-request-id': 'req-a868f331-c926-4992-93f9-48d525ba9191'}
        Body: {"subnet": {"name": "tempest-subnet-smoke-47497359", "enable_dhcp": true, "network_id": "fa07b7be-16b3-4a7f-9041-71cd1bbfe725", "tenant_id": "554bf1a8dcea4e228a64e46e967ba690", "dns_nameservers": [], "gateway_ip": "10.100.0.1", "ipv6_ra_mode": null, "allocation_pools": [{"start": "10.100.0.2", "end": "10.100.0.14"}], "host_routes": [], "ip_version": 4, "ipv6_address_mode": null, "cidr": "10.100.0.0/28", "id": "38172c43-d7f2-4346-9f3f-275e6975680f", "subnetpool_id": null}}
2015-12-20 11:41:31,579 21031 INFO     [tempest_lib.common.rest_client] Request (TestNetworkBasicOps:test_connectivity_between_vms_on_different_networks): 200 PUT http://10.0.2.15:9696/v2.0/routers/8eca16e7-64cc-4f30-8558-161555e14f67/add_router_interface 0.627s
2015-12-20 11:41:31,579 21031 DEBUG    [tempest_lib.common.rest_client] Request - Headers: {'Content-Type': 'application/json', 'Accept': 'application/json', 'X-Auth-Token': '&lt;omitted&gt;'}
        Body: {"subnet_id": "38172c43-d7f2-4346-9f3f-275e6975680f"}
    Response - Headers: {'status': '200', 'content-length': '255', 'connection': 'close', 'date': 'Sun, 20 Dec 2015 11:41:31 GMT', 'content-type': 'application/json; charset=UTF-8', 'x-openstack-request-id': 'req-e02afccd-a87b-4132-9eab-17298558bc37'}
        Body: {"subnet_id": "38172c43-d7f2-4346-9f3f-275e6975680f", "tenant_id": "554bf1a8dcea4e228a64e46e967ba690", "subnet_ids": ["38172c43-d7f2-4346-9f3f-275e6975680f"], "port_id": "17448ae0-dcf8-42cc-9d3c-5aa84b8c36c5", "id": "8eca16e7-64cc-4f30-8558-161555e14f67"}
2015-12-20 11:41:31,628 21031 INFO     [tempest_lib.common.rest_client] Request (TestNetworkBasicOps:test_connectivity_between_vms_on_different_networks): 200 GET http://10.0.2.15:9696/v2.0/networks 0.048s
2015-12-20 11:41:31,628 21031 DEBUG    [tempest_lib.common.rest_client] Request - Headers: {'Content-Type': 'application/json', 'Accept': 'application/json', 'X-Auth-Token': '&lt;omitted&gt;'}
        Body: None
    Response - Headers: {'status': '200', 'content-length': '1506', 'content-location': 'http://10.0.2.15:9696/v2.0/networks', 'connection': 'close', 'date': 'Sun, 20 Dec 2015 11:41:31 GMT', 'content-type': 'application/json; charset=UTF-8', 'x-openstack-request-id': 'req-de81e404-f36f-44bf-8d94-0b215f4a9a02'}
        Body: {"networks": [{"status": "ACTIVE", "subnets": ["38172c43-d7f2-4346-9f3f-275e6975680f"], "availability_zone_hints": [], "availability_zones": ["nova"], "name": "tempest-network-smoke--413044965", "provider:physical_network": null, "admin_state_up": true, "tenant_id": "554bf1a8dcea4e228a64e46e967ba690", "mtu": 0, "router:external": false, "shared": false, "port_security_enabled": true, "provider:network_type": "vxlan", "id": "fa07b7be-16b3-4a7f-9041-71cd1bbfe725", "provider:segmentation_id": 1067}, {"status": "ACTIVE", "subnets": ["564dfcb6-7a28-4e39-8530-8d6da0ee4522", "042f6f6b-90a5-4d52-84fa-6d9458614081"], "availability_zone_hints": [], "availability_zones": ["nova"], "name": "private", "provider:physical_network": null, "admin_state_up": true, "tenant_id": "ed649c0f89d0469eb1561ba9fc43b1de", "mtu": 0, "router:external": false, "shared": false, "port_security_enabled": true, "provider:network_type": "vxlan", "id": "9ca65f21-e7d6-4e9e-876a-2da7e7ba0f53", "provider:segmentation_id": 1025}, {"status": "ACTIVE", "subnets": ["27584072-6f11-409b-9d1b-f67672cbefba", "570298f0-6c4a-40e8-b296-c27e9ce09ed9"], "availability_zone_hints": [], "availability_zones": ["nova"], "name": "public", "provider:physical_network": null, "admin_state_up": true, "tenant_id": "0d0c7009a8ce47f69081433ac9a4b798", "mtu": 0, "router:external": true, "shared": false, "port_security_enabled": true, "provider:network_type": "vxlan", "id": "411f81af-2918-4bcd-9066-b4035e87a271", "provider:segmentation_id": 1005}]}
2015-12-20 11:41:31,676 21031 INFO     [tempest_lib.common.rest_client] Request (TestNetworkBasicOps:test_connectivity_between_vms_on_different_networks): 200 GET http://10.0.2.15:9696/v2.0/subnets 0.046s
2015-12-20 11:41:31,677 21031 DEBUG    [tempest_lib.common.rest_client] Request - Headers: {'Content-Type': 'application/json', 'Accept': 'application/json', 'X-Auth-Token': '&lt;omitted&gt;'}
        Body: None
    Response - Headers: {'status': '200', 'content-length': '2406', 'content-location': 'http://10.0.2.15:9696/v2.0/subnets', 'connection': 'close', 'date': 'Sun, 20 Dec 2015 11:41:31 GMT', 'content-type': 'application/json; charset=UTF-8', 'x-openstack-request-id': 'req-0775ff8f-dae8-4233-aa4f-3d879bcfd207'}
        Body: {"subnets": [{"name": "ipv6-public-subnet", "enable_dhcp": false, "network_id": "411f81af-2918-4bcd-9066-b4035e87a271", "tenant_id": "0d0c7009a8ce47f69081433ac9a4b798", "dns_nameservers": [], "gateway_ip": "2001:db8::2", "ipv6_ra_mode": null, "allocation_pools": [{"start": "2001:db8::1", "end": "2001:db8::1"}, {"start": "2001:db8::3", "end": "2001:db8::ffff:ffff:ffff:ffff"}], "host_routes": [], "ip_version": 6, "ipv6_address_mode": null, "cidr": "2001:db8::/64", "id": "570298f0-6c4a-40e8-b296-c27e9ce09ed9", "subnetpool_id": null}, {"name": "ipv6-private-subnet", "enable_dhcp": true, "network_id": "9ca65f21-e7d6-4e9e-876a-2da7e7ba0f53", "tenant_id": "ed649c0f89d0469eb1561ba9fc43b1de", "dns_nameservers": [], "gateway_ip": "fd6b:7761:4137::1", "ipv6_ra_mode": "slaac", "allocation_pools": [{"start": "fd6b:7761:4137::2", "end": "fd6b:7761:4137:0:ffff:ffff:ffff:ffff"}], "host_routes": [], "ip_version": 6, "ipv6_address_mode": "slaac", "cidr": "fd6b:7761:4137::/64", "id": "042f6f6b-90a5-4d52-84fa-6d9458614081", "subnetpool_id": null}, {"name": "private-subnet", "enable_dhcp": true, "network_id": "9ca65f21-e7d6-4e9e-876a-2da7e7ba0f53", "tenant_id": "ed649c0f89d0469eb1561ba9fc43b1de", "dns_nameservers": [], "gateway_ip": "10.0.0.1", "ipv6_ra_mode": null, "allocation_pools": [{"start": "10.0.0.2", "end": "10.0.0.254"}], "host_routes": [], "ip_version": 4, "ipv6_address_mode": null, "cidr": "10.0.0.0/24", "id": "564dfcb6-7a28-4e39-8530-8d6da0ee4522", "subnetpool_id": null}, {"name": "tempest-subnet-smoke-47497359", "enable_dhcp": true, "network_id": "fa07b7be-16b3-4a7f-9041-71cd1bbfe725", "tenant_id": "554bf1a8dcea4e228a64e46e967ba690", "dns_nameservers": [], "gateway_ip": "10.100.0.1", "ipv6_ra_mode": null, "allocation_pools": [{"start": "10.100.0.2", "end": "10.100.0.14"}], "host_routes": [], "ip_version": 4, "ipv6_address_mode": null, "cidr": "10.100.0.0/28", "id": "38172c43-d7f2-4346-9f3f-275e6975680f", "subnetpool_id": null}, {"name": "public-subnet", "enable_dhcp": false, "network_id": "411f81af-2918-4bcd-9066-b4035e87a271", "tenant_id": "0d0c7009a8ce47f69081433ac9a4b798", "dns_nameservers": [], "gateway_ip": "172.24.4.1", "ipv6_ra_mode": null, "allocation_pools": [{"start": "172.24.4.2", "end": "172.24.4.254"}], "host_routes": [], "ip_version": 4, "ipv6_address_mode": null, "cidr": "172.24.4.0/24", "id": "27584072-6f11-409b-9d1b-f67672cbefba", "subnetpool_id": null}]}
2015-12-20 11:41:31,725 21031 INFO     [tempest_lib.common.rest_client] Request (TestNetworkBasicOps:test_connectivity_between_vms_on_different_networks): 200 GET http://10.0.2.15:9696/v2.0/routers 0.047s
2015-12-20 11:41:31,726 21031 DEBUG    [tempest_lib.common.rest_client] Request - Headers: {'Content-Type': 'application/json', 'Accept': 'application/json', 'X-Auth-Token': '&lt;omitted&gt;'}
        Body: None
    Response - Headers: {'status': '200', 'content-length': '1166', 'content-location': 'http://10.0.2.15:9696/v2.0/routers', 'connection': 'close', 'date': 'Sun, 20 Dec 2015 11:41:31 GMT', 'content-type': 'application/json; charset=UTF-8', 'x-openstack-request-id': 'req-e5b63e61-fb8b-49d4-b76a-8aece1859300'}
        Body: {"routers": [{"status": "ACTIVE", "external_gateway_info": {"network_id": "411f81af-2918-4bcd-9066-b4035e87a271", "enable_snat": true, "external_fixed_ips": [{"subnet_id": "27584072-6f11-409b-9d1b-f67672cbefba", "ip_address": "172.24.4.2"}, {"subnet_id": "570298f0-6c4a-40e8-b296-c27e9ce09ed9", "ip_address": "2001:db8::3"}]}, "availability_zone_hints": [], "availability_zones": ["nova"], "name": "router1", "admin_state_up": true, "tenant_id": "ed649c0f89d0469eb1561ba9fc43b1de", "distributed": false, "routes": [], "ha": false, "id": "36420088-8818-4902-bad3-61433d1f9c0d"}, {"status": "ACTIVE", "external_gateway_info": {"network_id": "411f81af-2918-4bcd-9066-b4035e87a271", "enable_snat": true, "external_fixed_ips": [{"subnet_id": "27584072-6f11-409b-9d1b-f67672cbefba", "ip_address": "172.24.4.3"}, {"subnet_id": "570298f0-6c4a-40e8-b296-c27e9ce09ed9", "ip_address": "2001:db8::4"}]}, "availability_zone_hints": [], "availability_zones": ["nova"], "name": "tempest-router-smoke-234478021", "admin_state_up": true, "tenant_id": "554bf1a8dcea4e228a64e46e967ba690", "distributed": false, "routes": [], "ha": false, "id": "8eca16e7-64cc-4f30-8558-161555e14f67"}]}
2015-12-20 11:41:32,268 21031 INFO     [tempest_lib.common.rest_client] Request (TestNetworkBasicOps:test_connectivity_between_vms_on_different_networks): 200 POST http://10.0.2.15:8774/v2.1/554bf1a8dcea4e228a64e46e967ba690/os-keypairs 0.541s
2015-12-20 11:41:32,268 21031 DEBUG    [tempest_lib.common.rest_client] Request - Headers: {'Content-Type': 'application/json', 'Accept': 'application/json', 'X-Auth-Token': '&lt;omitted&gt;'}
        Body: {"keypair": {"name": "tempest-TestNetworkBasicOps-1684148107"}}
    Response - Headers: {'status': '200', 'content-length': '2321', 'x-compute-request-id': 'req-9c9c8c2a-ffc9-46d7-ab4f-9532a9c2e6ec', 'vary': 'X-OpenStack-Nova-API-Version', 'connection': 'close', 'x-openstack-nova-api-version': '2.1', 'date': 'Sun, 20 Dec 2015 11:41:32 GMT', 'content-type': 'application/json'}
        Body: {"keypair": {"public_key": "ssh-rsa AAAAB3NzaC1yc2EAAAADAQABAAABAQDjomnEy3Nx8eVMWDRDmxri3pBxrL8SpqCcXCzByaB5x/Vopnagamih1pM3vszymqcrUKXabnZz4ycQRbSkTV7WQ0pgmGbTBrGIsmcpyZmvgDEe2Zf+5RIGqwIEz2J63EIQ+Iu8wbUnvyUli/4bbFoypDu/rXz2jxYfjKPwbuo/eZoBt/HaL4woZFJIqbeE0sRLOaK/I1ukxXRr4fAxEu808Y3VB5ywf86575XWjADfPZ4B0G5Kz16HFmZcDUnO5MkJH04DJUrxzj0qbXXQm5YoNt35x4GL/ttjMBCAezRvBIaTBI/QvUrwvYe+jg2zG9pfUlmEbCHMWvuyO+i+VDaj Generated-by-Nova", "private_key": "-----BEGIN RSA PRIVATE KEY-----\nMIIEpwIBAAKCAQEA46JpxMtzcfHlTFg0Q5sa4t6Qcay/EqagnFwswcmgecf1aKZ2\noGpoodaTN77M8pqnK1Cl2m52c+MnEEW0pE1e1kNKYJhm0waxiLJnKcmZr4AxHtmX\n/uUSBqsCBM9ietxCEPiLvMG1J78lJYv+G2xaMqQ7v6189o8WH4yj8G7qP3maAbfx\n2i+MKGRSSKm3hNLESzmivyNbpMV0a+HwMRLvNPGN1QecsH/Oue+V1owA3z2eAdBu\nSs9ehxZmXA1JzuTJCR9OAyVK8c49Km110JuWKDbd+ceBi/7bYzAQgHs0bwSGkwSP\n0L1K8L2Hvo4NsxvaX1JZhGwhzFr7sjvovlQ2owIDAQABAoIBACUYepQPc6jF+tAO\nL7Y0uJTwICnmNN0dOl9AxipuaTBvXZbISdyqepKlHSigd1WxzjxI0D5gcf1Ar0T/\nlwiPcz0Hij9jlp4dISFdsWIl8F2hTl/wpcxsGBvuEk4mXa4X5sxNNLh1+MeZZrxP\nrAFcDvbhvLrn0s17U+egS7cK3DGrmJyatxfMJs8cdgBMvijcofGDzrAXajn5o4UJ\nG6KE+ibi62mQuOuuuR79F4q5RK244hraFuiqhdvVrbs5Frr0MaYTxQ8RFXiqu15M\nxkTf6EFXQNfHBJgUfGlZ0h+m7CzneHBHKWyxkBkAP7vFWC/Y56lo6WQ652bBjA98\nkFrNCkECggCBAOU/joVd2tgg5SUjJsh1j/TZVpEzugs/7Q+rz9o0iZu3dlgtVOtO\naZU9KdUEXltOat+SYI8/lgVL+AAliN6Mx4NfNVwca01ppVEQ3onaba1Xl9jM66h0\nMBUasPGtelo3bhYYqiTYtDuSNTdW4oSApkjQkNUaVWIOZDRpzt8rQ9C1AoIAgQD+\nMqU2WVpMNXDdEYCrbPb/ben3kEA4xiq4AYqv4g8QFvWwd0Z7Amguzbz3qztGqycf\nYGEQQpvBx5ghKFrzsdcrVo9b4HFlbIqfkBAPA6Vx5MSNij/XlJ4mylxUGSmbCUk5\nQcsh0Ng88l8RaUYxDf+l1CjPE+Kx5UCJ5RRBlW149wKCAIBOaFmHld021LFq7UXj\nhAoTlY49JXL5TAj5tirmF9gE8U/Bwudrf6svBvdayx62nfCBvR/XfskB0MTmz++r\nJn1KmnK2qWWt2XdYbauffJzMj8v4s8XaHLshTLq+PjY9yv2VAySWa6PhSBV5cvcQ\nmKvG9cbDjDkty3xMTPAbdkHAjQKCAIB+un8VXmyfK9Ft1UkBrdxiMckALEFoTJuF\nivc6gogh7GBmrsBLmUKZeuanzw1JSRDDGsipU5vVew2EElttvQ7Zw1jLZFUETJ27\nuRXYdmfoJTY8nlz/vE8wZZisMLNGYNXJntyHqlfz4p20z3g4ApOed+w0eOR+7h1D\n4ho8LCQctwKCAIAebxnXekcxyvtTuEIHzts42RlKCJ1rI3FeKCn3Tuq1sIhyDQBF\nDC1BbRFv7/xpU6sag6cuveUvVg+zP7GG3+QeGYpcGCurhYdmfWi/6/ZuSicdHx5S\nONsJa/uCtOdevvZkqeh6V+EoH076IUbIgFQWRiit60VngL3AfZKTkgBULg==\n-----END RSA PRIVATE KEY-----\n", "user_id": "9c933bd31d53404e88445e3a63f75b18", "name": "tempest-TestNetworkBasicOps-1684148107", "fingerprint": "69:c6:54:d9:19:49:aa:df:d9:9f:73:d4:9c:64:86:ab"}}
2015-12-20 11:41:32,369 21031 INFO     [tempest_lib.common.rest_client] Request (TestNetworkBasicOps:test_connectivity_between_vms_on_different_networks): 200 POST http://10.0.2.15:5000/v2.0/tokens
2015-12-20 11:41:32,370 21031 DEBUG    [tempest_lib.common.rest_client] Request - Headers: {'Content-Type': 'application/json', 'Accept': 'application/json'}
        Body: &lt;omitted&gt;
    Response - Headers: {'status': '200', 'content-length': '2528', 'vary': 'X-Auth-Token', 'server': 'Apache/2.4.7 (Ubuntu)', 'connection': 'close', 'date': 'Sun, 20 Dec 2015 11:41:32 GMT', 'content-type': 'application/json', 'x-openstack-request-id': 'req-ca99a834-665d-420a-8d89-60171b4e6d64'}
        Body: {"access": {"token": {"issued_at": "2015-12-20T11:41:32.355100", "expires": "2015-12-20T12:41:32Z", "id": "f162d212557245d78a643d89a2a06b7a", "tenant": {"description": "tempest-TestNetworkBasicOps-1413723911-desc", "enabled": true, "id": "554bf1a8dcea4e228a64e46e967ba690", "name": "tempest-TestNetworkBasicOps-1413723911"}, "audit_ids": ["Yqu9hYmyQsq0tUiTat4OkA"]}, "serviceCatalog": [{"endpoints": [{"adminURL": "http://10.0.2.15:8774/v2.1/554bf1a8dcea4e228a64e46e967ba690", "region": "RegionOne", "internalURL": "http://10.0.2.15:8774/v2.1/554bf1a8dcea4e228a64e46e967ba690", "id": "726dd94292334cc083cf0008dfc2d165", "publicURL": "http://10.0.2.15:8774/v2.1/554bf1a8dcea4e228a64e46e967ba690"}], "endpoints_links": [], "type": "compute", "name": "nova"}, {"endpoints": [{"adminURL": "http://10.0.2.15:9696/", "region": "RegionOne", "internalURL": "http://10.0.2.15:9696/", "id": "80b4ce988e9840f48e9d10a5bb3637c2", "publicURL": "http://10.0.2.15:9696/"}], "endpoints_links": [], "type": "network", "name": "neutron"}, {"endpoints": [{"adminURL": "http://10.0.2.15:9292", "region": "RegionOne", "internalURL": "http://10.0.2.15:9292", "id": "472b954516d04ecfbbe7b2e00e95bcc7", "publicURL": "http://10.0.2.15:9292"}], "endpoints_links": [], "type": "image", "name": "glance"}, {"endpoints": [{"adminURL": "http://10.0.2.15:8774/v2/554bf1a8dcea4e228a64e46e967ba690", "region": "RegionOne", "internalURL": "http://10.0.2.15:8774/v2/554bf1a8dcea4e228a64e46e967ba690", "id": "5945b378fed04f63903c9d37cc96eece", "publicURL": "http://10.0.2.15:8774/v2/554bf1a8dcea4e228a64e46e967ba690"}], "endpoints_links": [], "type": "compute_legacy", "name": "nova_legacy"}, {"endpoints": [{"adminURL": "http://10.0.2.15:8773/", "region": "RegionOne", "internalURL": "http://10.0.2.15:8773/", "id": "5d1315d504844dbea4640f520dae80a5", "publicURL": "http://10.0.2.15:8773/"}], "endpoints_links": [], "type": "ec2", "name": "ec2"}, {"endpoints": [{"adminURL": "http://10.0.2.15:35357/v2.0", "region": "RegionOne", "internalURL": "http://10.0.2.15:5000/v2.0", "id": "0daa0bed5d25400eb90c8db7127cfabf", "publicURL": "http://10.0.2.15:5000/v2.0"}], "endpoints_links": [], "type": "identity", "name": "keystone"}], "user": {"username": "tempest-TestNetworkBasicOps-583592227", "roles_links": [], "id": "9c933bd31d53404e88445e3a63f75b18", "roles": [{"name": "_member_"}, {"name": "Member"}], "name": "tempest-TestNetworkBasicOps-583592227"}, "metadata": {"is_admin": 0, "roles": ["9fe2ff9ee4384b1894a90878d3e92bab", "a41ea52e427547f7946f54747a4b00f4"]}}}
2015-12-20 11:41:32,377 21031 DEBUG    [tempest.common.fixed_network] (TestNetworkBasicOps:test_connectivity_between_vms_on_different_networks) No valid network provided or created, defaulting to fixed_network_name
2015-12-20 11:41:32,708 21031 INFO     [tempest_lib.common.rest_client] Request (TestNetworkBasicOps:test_connectivity_between_vms_on_different_networks): 200 GET http://10.0.2.15:8774/v2.1/554bf1a8dcea4e228a64e46e967ba690/os-networks 0.330s
2015-12-20 11:41:32,708 21031 DEBUG    [tempest_lib.common.rest_client] Request - Headers: {'Content-Type': 'application/json', 'Accept': 'application/json', 'X-Auth-Token': '&lt;omitted&gt;'}
        Body: None
    Response - Headers: {'status': '200', 'content-length': '478', 'content-location': 'http://10.0.2.15:8774/v2.1/554bf1a8dcea4e228a64e46e967ba690/os-networks', 'x-compute-request-id': 'req-c7a56ecc-5e32-4c50-bb3d-3cc581f1f25e', 'vary': 'X-OpenStack-Nova-API-Version', 'connection': 'close', 'x-openstack-nova-api-version': '2.1', 'date': 'Sun, 20 Dec 2015 11:41:32 GMT', 'content-type': 'application/json'}
        Body: {"networks": [{"cidr_v6": null, "dns2": null, "dns1": null, "gateway": null, "broadcast": null, "netmask": null, "gateway_v6": null, "cidr": null, "label": "public", "id": "411f81af-2918-4bcd-9066-b4035e87a271", "netmask_v6": null}, {"cidr_v6": null, "dns2": null, "dns1": null, "gateway": null, "broadcast": null, "netmask": null, "gateway_v6": null, "cidr": null, "label": "tempest-network-smoke--413044965", "id": "fa07b7be-16b3-4a7f-9041-71cd1bbfe725", "netmask_v6": null}]}
2015-12-20 11:41:32,709 21031 WARNING  [tempest.common.fixed_network] (TestNetworkBasicOps:test_connectivity_between_vms_on_different_networks) Network with name: private not found
2015-12-20 11:41:32,709 21031 INFO     [tempest.common.fixed_network] (TestNetworkBasicOps:test_connectivity_between_vms_on_different_networks) Found network {} available for tenant
2015-12-20 11:41:33,938 21031 INFO     [tempest_lib.common.rest_client] Request (TestNetworkBasicOps:test_connectivity_between_vms_on_different_networks): 202 POST http://10.0.2.15:8774/v2.1/554bf1a8dcea4e228a64e46e967ba690/servers 1.229s
2015-12-20 11:41:33,939 21031 DEBUG    [tempest_lib.common.rest_client] Request - Headers: {'Content-Type': 'application/json', 'Accept': 'application/json', 'X-Auth-Token': '&lt;omitted&gt;'}
        Body: {"server": {"name": "tempest.common.compute-instance-437591359", "imageRef": "d9b6781b-0d86-49cd-898e-7b459f56ee32", "key_name": "tempest-TestNetworkBasicOps-1684148107", "flavorRef": "42", "networks": [{"uuid": "fa07b7be-16b3-4a7f-9041-71cd1bbfe725"}], "security_groups": [{"name": "tempest-secgroup-smoke-761342599"}]}}
    Response - Headers: {'status': '202', 'content-length': '461', 'x-compute-request-id': 'req-367f9cdb-b8db-49cc-aa2a-9a4c089fa24b', 'vary': 'X-OpenStack-Nova-API-Version', 'connection': 'close', 'location': 'http://10.0.2.15:8774/v2.1/554bf1a8dcea4e228a64e46e967ba690/servers/0c8d2593-3743-4f4a-af3f-801097bb14a6', 'x-openstack-nova-api-version': '2.1', 'date': 'Sun, 20 Dec 2015 11:41:33 GMT', 'content-type': 'application/json'}
        Body: {"server": {"security_groups": [{"name": "tempest-secgroup-smoke-761342599"}], "OS-DCF:diskConfig": "MANUAL", "id": "0c8d2593-3743-4f4a-af3f-801097bb14a6", "links": [{"href": "http://10.0.2.15:8774/v2.1/554bf1a8dcea4e228a64e46e967ba690/servers/0c8d2593-3743-4f4a-af3f-801097bb14a6", "rel": "self"}, {"href": "http://10.0.2.15:8774/554bf1a8dcea4e228a64e46e967ba690/servers/0c8d2593-3743-4f4a-af3f-801097bb14a6", "rel": "bookmark"}], "adminPass": "PHuxEWtqxF4J"}}
2015-12-20 11:41:34,125 21031 INFO     [tempest_lib.common.rest_client] Request (TestNetworkBasicOps:test_connectivity_between_vms_on_different_networks): 200 GET http://10.0.2.15:8774/v2.1/554bf1a8dcea4e228a64e46e967ba690/servers/0c8d2593-3743-4f4a-af3f-801097bb14a6 0.183s
2015-12-20 11:41:34,125 21031 DEBUG    [tempest_lib.common.rest_client] Request - Headers: {'Content-Type': 'application/json', 'Accept': 'application/json', 'X-Auth-Token': '&lt;omitted&gt;'}
        Body: None
    Response - Headers: {'status': '200', 'content-length': '1355', 'content-location': 'http://10.0.2.15:8774/v2.1/554bf1a8dcea4e228a64e46e967ba690/servers/0c8d2593-3743-4f4a-af3f-801097bb14a6', 'x-compute-request-id': 'req-eb063797-7346-4761-85dc-12d8aae13214', 'vary': 'X-OpenStack-Nova-API-Version', 'connection': 'close', 'x-openstack-nova-api-version': '2.1', 'date': 'Sun, 20 Dec 2015 11:41:34 GMT', 'content-type': 'application/json'}
        Body: {"server": {"status": "BUILD", "updated": "2015-12-20T11:41:34Z", "hostId": "", "addresses": {}, "links": [{"href": "http://10.0.2.15:8774/v2.1/554bf1a8dcea4e228a64e46e967ba690/servers/0c8d2593-3743-4f4a-af3f-801097bb14a6", "rel": "self"}, {"href": "http://10.0.2.15:8774/554bf1a8dcea4e228a64e46e967ba690/servers/0c8d2593-3743-4f4a-af3f-801097bb14a6", "rel": "bookmark"}], "key_name": "tempest-TestNetworkBasicOps-1684148107", "image": {"id": "d9b6781b-0d86-49cd-898e-7b459f56ee32", "links": [{"href": "http://10.0.2.15:8774/554bf1a8dcea4e228a64e46e967ba690/images/d9b6781b-0d86-49cd-898e-7b459f56ee32", "rel": "bookmark"}]}, "OS-EXT-STS:task_state": "scheduling", "OS-EXT-STS:vm_state": "building", "OS-SRV-USG:launched_at": null, "flavor": {"id": "42", "links": [{"href": "http://10.0.2.15:8774/554bf1a8dcea4e228a64e46e967ba690/flavors/42", "rel": "bookmark"}]}, "id": "0c8d2593-3743-4f4a-af3f-801097bb14a6", "OS-SRV-USG:terminated_at": null, "OS-EXT-AZ:availability_zone": "", "user_id": "9c933bd31d53404e88445e3a63f75b18", "name": "tempest.common.compute-instance-437591359", "created": "2015-12-20T11:41:33Z", "tenant_id": "554bf1a8dcea4e228a64e46e967ba690", "OS-DCF:diskConfig": "MANUAL", "os-extended-volumes:volumes_attached": [], "accessIPv4": "", "accessIPv6": "", "progress": 0, "OS-EXT-STS:power_state": 0, "config_drive": "", "metadata": {}}}
2015-12-20 11:41:35,581 21031 INFO     [tempest_lib.common.rest_client] Request (TestNetworkBasicOps:test_connectivity_between_vms_on_different_networks): 200 GET http://10.0.2.15:8774/v2.1/554bf1a8dcea4e228a64e46e967ba690/servers/0c8d2593-3743-4f4a-af3f-801097bb14a6 0.444s
2015-12-20 11:41:35,581 21031 DEBUG    [tempest_lib.common.rest_client] Request - Headers: {'Content-Type': 'application/json', 'Accept': 'application/json', 'X-Auth-Token': '&lt;omitted&gt;'}
        Body: None
    Response - Headers: {'status': '200', 'content-length': '1480', 'content-location': 'http://10.0.2.15:8774/v2.1/554bf1a8dcea4e228a64e46e967ba690/servers/0c8d2593-3743-4f4a-af3f-801097bb14a6', 'x-compute-request-id': 'req-5d6b169a-a8e3-42e2-8666-0ebc2aaaa411', 'vary': 'X-OpenStack-Nova-API-Version', 'connection': 'close', 'x-openstack-nova-api-version': '2.1', 'date': 'Sun, 20 Dec 2015 11:41:35 GMT', 'content-type': 'application/json'}
        Body: {"server": {"status": "BUILD", "updated": "2015-12-20T11:41:35Z", "hostId": "0fb66f133aa0f62891d95e226779c7ad2d16752d9444cc2d90da6e49", "addresses": {}, "links": [{"href": "http://10.0.2.15:8774/v2.1/554bf1a8dcea4e228a64e46e967ba690/servers/0c8d2593-3743-4f4a-af3f-801097bb14a6", "rel": "self"}, {"href": "http://10.0.2.15:8774/554bf1a8dcea4e228a64e46e967ba690/servers/0c8d2593-3743-4f4a-af3f-801097bb14a6", "rel": "bookmark"}], "key_name": "tempest-TestNetworkBasicOps-1684148107", "image": {"id": "d9b6781b-0d86-49cd-898e-7b459f56ee32", "links": [{"href": "http://10.0.2.15:8774/554bf1a8dcea4e228a64e46e967ba690/images/d9b6781b-0d86-49cd-898e-7b459f56ee32", "rel": "bookmark"}]}, "OS-EXT-STS:task_state": "spawning", "OS-EXT-STS:vm_state": "building", "OS-SRV-USG:launched_at": null, "flavor": {"id": "42", "links": [{"href": "http://10.0.2.15:8774/554bf1a8dcea4e228a64e46e967ba690/flavors/42", "rel": "bookmark"}]}, "id": "0c8d2593-3743-4f4a-af3f-801097bb14a6", "security_groups": [{"name": "tempest-secgroup-smoke-761342599"}], "OS-SRV-USG:terminated_at": null, "OS-EXT-AZ:availability_zone": "nova", "user_id": "9c933bd31d53404e88445e3a63f75b18", "name": "tempest.common.compute-instance-437591359", "created": "2015-12-20T11:41:33Z", "tenant_id": "554bf1a8dcea4e228a64e46e967ba690", "OS-DCF:diskConfig": "MANUAL", "os-extended-volumes:volumes_attached": [], "accessIPv4": "", "accessIPv6": "", "progress": 0, "OS-EXT-STS:power_state": 0, "config_drive": "", "metadata": {}}}
2015-12-20 11:41:35,592 21031 INFO     [tempest.common.waiters] State transition "BUILD/scheduling" ==&gt; "BUILD/spawning" after 1 second wait
2015-12-20 11:41:36,791 21031 INFO     [tempest_lib.common.rest_client] Request (TestNetworkBasicOps:test_connectivity_between_vms_on_different_networks): 200 GET http://10.0.2.15:8774/v2.1/554bf1a8dcea4e228a64e46e967ba690/servers/0c8d2593-3743-4f4a-af3f-801097bb14a6 0.197s
2015-12-20 11:41:36,792 21031 DEBUG    [tempest_lib.common.rest_client] Request - Headers: {'Content-Type': 'application/json', 'Accept': 'application/json', 'X-Auth-Token': '&lt;omitted&gt;'}
        Body: None
    Response - Headers: {'status': '200', 'content-length': '1480', 'content-location': 'http://10.0.2.15:8774/v2.1/554bf1a8dcea4e228a64e46e967ba690/servers/0c8d2593-3743-4f4a-af3f-801097bb14a6', 'x-compute-request-id': 'req-1343a296-e0d2-4dee-b82a-91ef6fdd09df', 'vary': 'X-OpenStack-Nova-API-Version', 'connection': 'close', 'x-openstack-nova-api-version': '2.1', 'date': 'Sun, 20 Dec 2015 11:41:36 GMT', 'content-type': 'application/json'}
        Body: {"server": {"status": "BUILD", "updated": "2015-12-20T11:41:35Z", "hostId": "0fb66f133aa0f62891d95e226779c7ad2d16752d9444cc2d90da6e49", "addresses": {}, "links": [{"href": "http://10.0.2.15:8774/v2.1/554bf1a8dcea4e228a64e46e967ba690/servers/0c8d2593-3743-4f4a-af3f-801097bb14a6", "rel": "self"}, {"href": "http://10.0.2.15:8774/554bf1a8dcea4e228a64e46e967ba690/servers/0c8d2593-3743-4f4a-af3f-801097bb14a6", "rel": "bookmark"}], "key_name": "tempest-TestNetworkBasicOps-1684148107", "image": {"id": "d9b6781b-0d86-49cd-898e-7b459f56ee32", "links": [{"href": "http://10.0.2.15:8774/554bf1a8dcea4e228a64e46e967ba690/images/d9b6781b-0d86-49cd-898e-7b459f56ee32", "rel": "bookmark"}]}, "OS-EXT-STS:task_state": "spawning", "OS-EXT-STS:vm_state": "building", "OS-SRV-USG:launched_at": null, "flavor": {"id": "42", "links": [{"href": "http://10.0.2.15:8774/554bf1a8dcea4e228a64e46e967ba690/flavors/42", "rel": "bookmark"}]}, "id": "0c8d2593-3743-4f4a-af3f-801097bb14a6", "security_groups": [{"name": "tempest-secgroup-smoke-761342599"}], "OS-SRV-USG:terminated_at": null, "OS-EXT-AZ:availability_zone": "nova", "user_id": "9c933bd31d53404e88445e3a63f75b18", "name": "tempest.common.compute-instance-437591359", "created": "2015-12-20T11:41:33Z", "tenant_id": "554bf1a8dcea4e228a64e46e967ba690", "OS-DCF:diskConfig": "MANUAL", "os-extended-volumes:volumes_attached": [], "accessIPv4": "", "accessIPv6": "", "progress": 0, "OS-EXT-STS:power_state": 0, "config_drive": "", "metadata": {}}}
2015-12-20 11:41:38,134 21031 INFO     [tempest_lib.common.rest_client] Request (TestNetworkBasicOps:test_connectivity_between_vms_on_different_networks): 200 GET http://10.0.2.15:8774/v2.1/554bf1a8dcea4e228a64e46e967ba690/servers/0c8d2593-3743-4f4a-af3f-801097bb14a6 0.333s
2015-12-20 11:41:38,134 21031 DEBUG    [tempest_lib.common.rest_client] Request - Headers: {'Content-Type': 'application/json', 'Accept': 'application/json', 'X-Auth-Token': '&lt;omitted&gt;'}
        Body: None
    Response - Headers: {'status': '200', 'content-length': '1651', 'content-location': 'http://10.0.2.15:8774/v2.1/554bf1a8dcea4e228a64e46e967ba690/servers/0c8d2593-3743-4f4a-af3f-801097bb14a6', 'x-compute-request-id': 'req-6d5a3505-1a28-405d-8f5f-e718eb076b49', 'vary': 'X-OpenStack-Nova-API-Version', 'connection': 'close', 'x-openstack-nova-api-version': '2.1', 'date': 'Sun, 20 Dec 2015 11:41:38 GMT', 'content-type': 'application/json'}
        Body: {"server": {"status": "ACTIVE", "updated": "2015-12-20T11:41:37Z", "hostId": "0fb66f133aa0f62891d95e226779c7ad2d16752d9444cc2d90da6e49", "addresses": {"tempest-network-smoke--413044965": [{"OS-EXT-IPS-MAC:mac_addr": "fa:16:3e:ed:ba:e8", "version": 4, "addr": "10.100.0.3", "OS-EXT-IPS:type": "fixed"}]}, "links": [{"href": "http://10.0.2.15:8774/v2.1/554bf1a8dcea4e228a64e46e967ba690/servers/0c8d2593-3743-4f4a-af3f-801097bb14a6", "rel": "self"}, {"href": "http://10.0.2.15:8774/554bf1a8dcea4e228a64e46e967ba690/servers/0c8d2593-3743-4f4a-af3f-801097bb14a6", "rel": "bookmark"}], "key_name": "tempest-TestNetworkBasicOps-1684148107", "image": {"id": "d9b6781b-0d86-49cd-898e-7b459f56ee32", "links": [{"href": "http://10.0.2.15:8774/554bf1a8dcea4e228a64e46e967ba690/images/d9b6781b-0d86-49cd-898e-7b459f56ee32", "rel": "bookmark"}]}, "OS-EXT-STS:task_state": null, "OS-EXT-STS:vm_state": "active", "OS-SRV-USG:launched_at": "2015-12-20T11:41:37.000000", "flavor": {"id": "42", "links": [{"href": "http://10.0.2.15:8774/554bf1a8dcea4e228a64e46e967ba690/flavors/42", "rel": "bookmark"}]}, "id": "0c8d2593-3743-4f4a-af3f-801097bb14a6", "security_groups": [{"name": "tempest-secgroup-smoke-761342599"}], "OS-SRV-USG:terminated_at": null, "OS-EXT-AZ:availability_zone": "nova", "user_id": "9c933bd31d53404e88445e3a63f75b18", "name": "tempest.common.compute-instance-437591359", "created": "2015-12-20T11:41:33Z", "tenant_id": "554bf1a8dcea4e228a64e46e967ba690", "OS-DCF:diskConfig": "MANUAL", "os-extended-volumes:volumes_attached": [], "accessIPv4": "", "accessIPv6": "", "progress": 0, "OS-EXT-STS:power_state": 1, "config_drive": "True", "metadata": {}}}
2015-12-20 11:41:38,143 21031 INFO     [tempest.common.waiters] State transition "BUILD/spawning" ==&gt; "ACTIVE/None" after 4 second wait
2015-12-20 11:41:38,348 21031 INFO     [tempest_lib.common.rest_client] Request (TestNetworkBasicOps:test_connectivity_between_vms_on_different_networks): 200 GET http://10.0.2.15:8774/v2.1/554bf1a8dcea4e228a64e46e967ba690/servers/0c8d2593-3743-4f4a-af3f-801097bb14a6 0.203s
2015-12-20 11:41:38,348 21031 DEBUG    [tempest_lib.common.rest_client] Request - Headers: {'Content-Type': 'application/json', 'Accept': 'application/json', 'X-Auth-Token': '&lt;omitted&gt;'}
        Body: None
    Response - Headers: {'status': '200', 'content-length': '1651', 'content-location': 'http://10.0.2.15:8774/v2.1/554bf1a8dcea4e228a64e46e967ba690/servers/0c8d2593-3743-4f4a-af3f-801097bb14a6', 'x-compute-request-id': 'req-bf635494-ebb4-4e86-90b8-e09021d040cb', 'vary': 'X-OpenStack-Nova-API-Version', 'connection': 'close', 'x-openstack-nova-api-version': '2.1', 'date': 'Sun, 20 Dec 2015 11:41:38 GMT', 'content-type': 'application/json'}
        Body: {"server": {"status": "ACTIVE", "updated": "2015-12-20T11:41:37Z", "hostId": "0fb66f133aa0f62891d95e226779c7ad2d16752d9444cc2d90da6e49", "addresses": {"tempest-network-smoke--413044965": [{"OS-EXT-IPS-MAC:mac_addr": "fa:16:3e:ed:ba:e8", "version": 4, "addr": "10.100.0.3", "OS-EXT-IPS:type": "fixed"}]}, "links": [{"href": "http://10.0.2.15:8774/v2.1/554bf1a8dcea4e228a64e46e967ba690/servers/0c8d2593-3743-4f4a-af3f-801097bb14a6", "rel": "self"}, {"href": "http://10.0.2.15:8774/554bf1a8dcea4e228a64e46e967ba690/servers/0c8d2593-3743-4f4a-af3f-801097bb14a6", "rel": "bookmark"}], "key_name": "tempest-TestNetworkBasicOps-1684148107", "image": {"id": "d9b6781b-0d86-49cd-898e-7b459f56ee32", "links": [{"href": "http://10.0.2.15:8774/554bf1a8dcea4e228a64e46e967ba690/images/d9b6781b-0d86-49cd-898e-7b459f56ee32", "rel": "bookmark"}]}, "OS-EXT-STS:task_state": null, "OS-EXT-STS:vm_state": "active", "OS-SRV-USG:launched_at": "2015-12-20T11:41:37.000000", "flavor": {"id": "42", "links": [{"href": "http://10.0.2.15:8774/554bf1a8dcea4e228a64e46e967ba690/flavors/42", "rel": "bookmark"}]}, "id": "0c8d2593-3743-4f4a-af3f-801097bb14a6", "security_groups": [{"name": "tempest-secgroup-smoke-761342599"}], "OS-SRV-USG:terminated_at": null, "OS-EXT-AZ:availability_zone": "nova", "user_id": "9c933bd31d53404e88445e3a63f75b18", "name": "tempest.common.compute-instance-437591359", "created": "2015-12-20T11:41:33Z", "tenant_id": "554bf1a8dcea4e228a64e46e967ba690", "OS-DCF:diskConfig": "MANUAL", "os-extended-volumes:volumes_attached": [], "accessIPv4": "", "accessIPv6": "", "progress": 0, "OS-EXT-STS:power_state": 1, "config_drive": "True", "metadata": {}}}
2015-12-20 11:41:38,356 21031 INFO     [tempest.scenario.manager] Tenant networks not configured to be reachable.
2015-12-20 11:41:38,496 21031 INFO     [tempest_lib.common.rest_client] Request (TestNetworkBasicOps:test_connectivity_between_vms_on_different_networks): 200 GET http://10.0.2.15:9696/v2.0/ports?status=ACTIVE&amp;fixed_ip=None&amp;device_id=0c8d2593-3743-4f4a-af3f-801097bb14a6 0.139s
2015-12-20 11:41:38,496 21031 DEBUG    [tempest_lib.common.rest_client] Request - Headers: {'Content-Type': 'application/json', 'Accept': 'application/json', 'X-Auth-Token': '&lt;omitted&gt;'}
        Body: None
    Response - Headers: {'status': '200', 'content-length': '895', 'content-location': 'http://10.0.2.15:9696/v2.0/ports?status=ACTIVE&amp;fixed_ip=None&amp;device_id=0c8d2593-3743-4f4a-af3f-801097bb14a6', 'connection': 'close', 'date': 'Sun, 20 Dec 2015 11:41:38 GMT', 'content-type': 'application/json; charset=UTF-8', 'x-openstack-request-id': 'req-487bae81-2775-4cf4-9ec9-803322a50493'}
        Body: {"ports": [{"status": "ACTIVE", "binding:host_id": "vagrant-ubuntu-trusty-64", "allowed_address_pairs": [], "extra_dhcp_opts": [], "dns_assignment": [{"hostname": "host-10-100-0-3", "ip_address": "10.100.0.3", "fqdn": "host-10-100-0-3.openstacklocal."}], "device_owner": "compute:None", "port_security_enabled": true, "binding:profile": {}, "fixed_ips": [{"subnet_id": "38172c43-d7f2-4346-9f3f-275e6975680f", "ip_address": "10.100.0.3"}], "id": "d37d769f-fcb2-4bf3-b24d-81f0eb2b6290", "security_groups": ["83222507-834e-41d0-9192-43fa9670bfd6"], "device_id": "0c8d2593-3743-4f4a-af3f-801097bb14a6", "name": "", "admin_state_up": true, "network_id": "fa07b7be-16b3-4a7f-9041-71cd1bbfe725", "dns_name": "", "binding:vif_details": {"port_filter": true}, "binding:vnic_type": "normal", "binding:vif_type": "ovs", "tenant_id": "554bf1a8dcea4e228a64e46e967ba690", "mac_address": "fa:16:3e:ed:ba:e8"}]}
2015-12-20 11:41:39,114 21031 INFO     [tempest_lib.common.rest_client] Request (TestNetworkBasicOps:test_connectivity_between_vms_on_different_networks): 201 POST http://10.0.2.15:9696/v2.0/floatingips 0.617s
2015-12-20 11:41:39,115 21031 DEBUG    [tempest_lib.common.rest_client] Request - Headers: {'Content-Type': 'application/json', 'Accept': 'application/json', 'X-Auth-Token': '&lt;omitted&gt;'}
        Body: {"floatingip": {"floating_network_id": "411f81af-2918-4bcd-9066-b4035e87a271", "tenant_id": "554bf1a8dcea4e228a64e46e967ba690", "fixed_ip_address": "10.100.0.3", "port_id": "d37d769f-fcb2-4bf3-b24d-81f0eb2b6290"}}
    Response - Headers: {'status': '201', 'content-length': '367', 'connection': 'close', 'date': 'Sun, 20 Dec 2015 11:41:39 GMT', 'content-type': 'application/json; charset=UTF-8', 'x-openstack-request-id': 'req-907075e3-700d-4e23-a775-c17b4c277739'}
        Body: {"floatingip": {"floating_network_id": "411f81af-2918-4bcd-9066-b4035e87a271", "router_id": "8eca16e7-64cc-4f30-8558-161555e14f67", "fixed_ip_address": "10.100.0.3", "floating_ip_address": "172.24.4.4", "tenant_id": "554bf1a8dcea4e228a64e46e967ba690", "status": "DOWN", "port_id": "d37d769f-fcb2-4bf3-b24d-81f0eb2b6290", "id": "ab193c22-a83a-42e9-b75c-c9f4adb355ac"}}
2015-12-20 11:41:39,134 21031 INFO     [tempest_lib.common.rest_client] Request (TestNetworkBasicOps:test_connectivity_between_vms_on_different_networks): 200 GET http://10.0.2.15:9696/v2.0/floatingips/ab193c22-a83a-42e9-b75c-c9f4adb355ac 0.018s
2015-12-20 11:41:39,134 21031 DEBUG    [tempest_lib.common.rest_client] Request - Headers: {'Content-Type': 'application/json', 'Accept': 'application/json', 'X-Auth-Token': '&lt;omitted&gt;'}
        Body: None
    Response - Headers: {'status': '200', 'content-length': '367', 'content-location': 'http://10.0.2.15:9696/v2.0/floatingips/ab193c22-a83a-42e9-b75c-c9f4adb355ac', 'connection': 'close', 'date': 'Sun, 20 Dec 2015 11:41:39 GMT', 'content-type': 'application/json; charset=UTF-8', 'x-openstack-request-id': 'req-705518ab-a41d-46e7-b3ec-c01c0eb6e407'}
        Body: {"floatingip": {"floating_network_id": "411f81af-2918-4bcd-9066-b4035e87a271", "router_id": "8eca16e7-64cc-4f30-8558-161555e14f67", "fixed_ip_address": "10.100.0.3", "floating_ip_address": "172.24.4.4", "tenant_id": "554bf1a8dcea4e228a64e46e967ba690", "status": "DOWN", "port_id": "d37d769f-fcb2-4bf3-b24d-81f0eb2b6290", "id": "ab193c22-a83a-42e9-b75c-c9f4adb355ac"}}
2015-12-20 11:41:40,149 21031 INFO     [tempest_lib.common.rest_client] Request (TestNetworkBasicOps:test_connectivity_between_vms_on_different_networks): 200 GET http://10.0.2.15:9696/v2.0/floatingips/ab193c22-a83a-42e9-b75c-c9f4adb355ac 0.013s
2015-12-20 11:41:40,150 21031 DEBUG    [tempest_lib.common.rest_client] Request - Headers: {'Content-Type': 'application/json', 'Accept': 'application/json', 'X-Auth-Token': '&lt;omitted&gt;'}
        Body: None
    Response - Headers: {'status': '200', 'content-length': '369', 'content-location': 'http://10.0.2.15:9696/v2.0/floatingips/ab193c22-a83a-42e9-b75c-c9f4adb355ac', 'connection': 'close', 'date': 'Sun, 20 Dec 2015 11:41:40 GMT', 'content-type': 'application/json; charset=UTF-8', 'x-openstack-request-id': 'req-d0fc5d3a-65e5-41c5-9615-6d5050ef3d42'}
        Body: {"floatingip": {"floating_network_id": "411f81af-2918-4bcd-9066-b4035e87a271", "router_id": "8eca16e7-64cc-4f30-8558-161555e14f67", "fixed_ip_address": "10.100.0.3", "floating_ip_address": "172.24.4.4", "tenant_id": "554bf1a8dcea4e228a64e46e967ba690", "status": "ACTIVE", "port_id": "d37d769f-fcb2-4bf3-b24d-81f0eb2b6290", "id": "ab193c22-a83a-42e9-b75c-c9f4adb355ac"}}
2015-12-20 11:41:40,150 21031 INFO     [tempest.scenario.manager] FloatingIP: &lt;"FloatingIP" addr="172.24.4.4" id="ab193c22-a83a-42e9-b75c-c9f4adb355ac"&gt; is at status: ACTIVE
2015-12-20 11:41:40,150 21031 DEBUG    [tempest.scenario.manager] checking network connections to IP 172.24.4.4 with user: cirros
2015-12-20 11:41:40,150 21031 DEBUG    [tempest.scenario.manager] TestNetworkBasicOps:test_connectivity_between_vms_on_different_networks begins to ping 172.24.4.4 in 120 sec and the expected result is reachable
2015-12-20 11:43:40,447 21031 DEBUG    [tempest.scenario.manager] TestNetworkBasicOps:test_connectivity_between_vms_on_different_networks finishes ping 172.24.4.4 in 120 sec and the ping result is unexpected
2015-12-20 11:43:40,448 21031 ERROR    [tempest.scenario.manager] Public network connectivity check failed
2015-12-20 11:43:40.448 21031 ERROR tempest.scenario.manager Traceback (most recent call last):
2015-12-20 11:43:40.448 21031 ERROR tempest.scenario.manager   File "tempest/scenario/manager.py", line 608, in check_public_network_connectivity
2015-12-20 11:43:40.448 21031 ERROR tempest.scenario.manager     should_connect=should_connect)
2015-12-20 11:43:40.448 21031 ERROR tempest.scenario.manager   File "tempest/scenario/manager.py", line 592, in check_vm_connectivity
2015-12-20 11:43:40.448 21031 ERROR tempest.scenario.manager     msg=msg)
2015-12-20 11:43:40.448 21031 ERROR tempest.scenario.manager   File "/usr/local/lib/python2.7/dist-packages/unittest2/case.py", line 702, in assertTrue
2015-12-20 11:43:40.448 21031 ERROR tempest.scenario.manager     raise self.failureException(msg)
2015-12-20 11:43:40.448 21031 ERROR tempest.scenario.manager AssertionError: False is not true : Timed out waiting for 172.24.4.4 to become reachable
2015-12-20 11:43:40.448 21031 ERROR tempest.scenario.manager 
2015-12-20 11:43:40,663 21031 INFO     [tempest_lib.common.rest_client] Request (TestNetworkBasicOps:test_connectivity_between_vms_on_different_networks): 200 POST http://10.0.2.15:8774/v2.1/554bf1a8dcea4e228a64e46e967ba690/servers/0c8d2593-3743-4f4a-af3f-801097bb14a6/action 0.211s
2015-12-20 11:43:40,664 21031 DEBUG    [tempest_lib.common.rest_client] Request - Headers: {'Content-Type': 'application/json', 'Accept': 'application/json', 'X-Auth-Token': '&lt;omitted&gt;'}
        Body: {"os-getConsoleOutput": {}}
    Response - Headers: {'status': '200', 'content-length': '17430', 'x-compute-request-id': 'req-f4ecff53-b74d-405d-8d31-824e553164b7', 'vary': 'X-OpenStack-Nova-API-Version', 'connection': 'close', 'x-openstack-nova-api-version': '2.1', 'date': 'Sun, 20 Dec 2015 11:43:40 GMT', 'content-type': 'application/json'}
        Body: {"output": "[    0.000000] Initializing cgroup subsys cpuset\n[    0.000000] Initializing cgroup subsys cpu\n[    0.000000] Linux version 3.2.0-80-virtual (buildd@batsu) (gcc version 4.6.3 (Ubuntu/Linaro 4.6.3-1ubuntu5) ) #116-Ubuntu SMP Mon Mar 23 17:28:52 UTC 2015 (Ubuntu 3.2.0-80.116-virtual 3.2.68)\n[    0.000000] Command line: root=/dev/vda console=tty0 console=ttyS0 no_timer_check\n[    0.000000] KERNEL supported cpus:\n[    0.000000]   Intel GenuineIntel\n[    0.000000]   AMD AuthenticAMD\n[    0.000000]   Centaur CentaurHauls\n[    0.000000] BIOS-provided physical RAM map:\n[    0.000000]  BIOS-e820: 0000000000000000 - 000000000009fc00 (usable)\n[    0.000000]  BIOS-e820: 000000000009fc00 - 00000000000a0000 (reserved)\n[    0.000000]  BIOS-e820: 00000000000f0000 - 0000000000100000 (reserved)\n[    0.000000]  BIOS-e820: 0000000000100000 - 0000000003ffe000 (usable)\n[    0.000000]  BIOS-e820: 0000000003ffe000 - 0000000004000000 (reserved)\n[    0.000000]  BIOS-e820: 00000000fffc0000 - 0000000100000000 (reserved)\n[    0.000000] NX (Execute Disable) protection: active\n[    0.000000] SMBIOS 2.4 present.\n[    0.000000] No AGP bridge found\n[    0.000000] last_pfn = 0x3ffe max_arch_pfn = 0x400000000\n[    0.000000] x86 PAT enabled: cpu 0, old 0x7040600070406, new 0x7010600070106\n[    0.000000] found SMP MP-table at [ffff8800000f0b00] f0b00\n[    0.000000] init_memory_mapping: 0000000000000000-0000000003ffe000\n[    0.000000] RAMDISK: 03c5e000 - 03ff0000\n[    0.000000] ACPI: RSDP 00000000000f0950 00014 (v00 BOCHS )\n[    0.000000] ACPI: RSDT 0000000003fffbc1 00034 (v01 BOCHS  BXPCRSDT 00000001 BXPC 00000001)\n[    0.000000] ACPI: FACP 0000000003fff1c0 00074 (v01 BOCHS  BXPCFACP 00000001 BXPC 00000001)\n[    0.000000] ACPI: DSDT 0000000003ffe040 01180 (v01 BOCHS  BXPCDSDT 00000001 BXPC 00000001)\n[    0.000000] ACPI: FACS 0000000003ffe000 00040\n[    0.000000] ACPI: SSDT 0000000003fff234 008DD (v01 BOCHS  BXPCSSDT 00000001 BXPC 00000001)\n[    0.000000] ACPI: APIC 0000000003fffb11 00078 (v01 BOCHS  BXPCAPIC 00000001 BXPC 00000001)\n[    0.000000] ACPI: HPET 0000000003fffb89 00038 (v01 BOCHS  BXPCHPET 00000001 BXPC 00000001)\n[    0.000000] No NUMA configuration found\n[    0.000000] Faking a node at 0000000000000000-0000000003ffe000\n[    0.000000] Initmem setup node 0 0000000000000000-0000000003ffe000\n[    0.000000]   NODE_DATA [0000000003ff6000 - 0000000003ffafff]\n[    0.000000] Zone PFN ranges:\n[    0.000000]   DMA      0x00000010 -&gt; 0x00001000\n[    0.000000]   DMA32    0x00001000 -&gt; 0x00100000\n[    0.000000]   Normal   empty\n[    0.000000] Movable zone start PFN for each node\n[    0.000000] early_node_map[2] active PFN ranges\n[    0.000000]     0: 0x00000010 -&gt; 0x0000009f\n[    0.000000]     0: 0x00000100 -&gt; 0x00003ffe\n[    0.000000] ACPI: PM-Timer IO Port: 0xb008\n[    0.000000] ACPI: LAPIC (acpi_id[0x00] lapic_id[0x00] enabled)\n[    0.000000] ACPI: LAPIC_NMI (acpi_id[0xff] dfl dfl lint[0x1])\n[    0.000000] ACPI: IOAPIC (id[0x00] address[0xfec00000] gsi_base[0])\n[    0.000000] IOAPIC[0]: apic_id 0, version 17, address 0xfec00000, GSI 0-23\n[    0.000000] ACPI: INT_SRC_OVR (bus 0 bus_irq 0 global_irq 2 dfl dfl)\n[    0.000000] ACPI: INT_SRC_OVR (bus 0 bus_irq 5 global_irq 5 high level)\n[    0.000000] ACPI: INT_SRC_OVR (bus 0 bus_irq 9 global_irq 9 high level)\n[    0.000000] ACPI: INT_SRC_OVR (bus 0 bus_irq 10 global_irq 10 high level)\n[    0.000000] ACPI: INT_SRC_OVR (bus 0 bus_irq 11 global_irq 11 high level)\n[    0.000000] Using ACPI (MADT) for SMP configuration information\n[    0.000000] ACPI: HPET id: 0x8086a201 base: 0xfed00000\n[    0.000000] SMP: Allowing 1 CPUs, 0 hotplug CPUs\n[    0.000000] PM: Registered nosave memory: 000000000009f000 - 00000000000a0000\n[    0.000000] PM: Registered nosave memory: 00000000000a0000 - 00000000000f0000\n[    0.000000] PM: Registered nosave memory: 00000000000f0000 - 0000000000100000\n[    0.000000] Allocating PCI resources starting at 4000000 (gap: 4000000:fbfc0000)\n[    0.000000] Booting paravirtualized kernel on bare hardware\n[    0.000000] setup_pe
2015-12-20 11:43:40,667 21031 DEBUG    [tempest.scenario.manager] Console output for 0c8d2593-3743-4f4a-af3f-801097bb14a6
body=
[    0.000000] Initializing cgroup subsys cpuset
[    0.000000] Initializing cgroup subsys cpu
[    0.000000] Linux version 3.2.0-80-virtual (buildd@batsu) (gcc version 4.6.3 (Ubuntu/Linaro 4.6.3-1ubuntu5) ) #116-Ubuntu SMP Mon Mar 23 17:28:52 UTC 2015 (Ubuntu 3.2.0-80.116-virtual 3.2.68)
[    0.000000] Command line: root=/dev/vda console=tty0 console=ttyS0 no_timer_check
[    0.000000] KERNEL supported cpus:
[    0.000000]   Intel GenuineIntel
[    0.000000]   AMD AuthenticAMD
[    0.000000]   Centaur CentaurHauls
[    0.000000] BIOS-provided physical RAM map:
[    0.000000]  BIOS-e820: 0000000000000000 - 000000000009fc00 (usable)
[    0.000000]  BIOS-e820: 000000000009fc00 - 00000000000a0000 (reserved)
[    0.000000]  BIOS-e820: 00000000000f0000 - 0000000000100000 (reserved)
[    0.000000]  BIOS-e820: 0000000000100000 - 0000000003ffe000 (usable)
[    0.000000]  BIOS-e820: 0000000003ffe000 - 0000000004000000 (reserved)
[    0.000000]  BIOS-e820: 00000000fffc0000 - 0000000100000000 (reserved)
[    0.000000] NX (Execute Disable) protection: active
[    0.000000] SMBIOS 2.4 present.
[    0.000000] No AGP bridge found
[    0.000000] last_pfn = 0x3ffe max_arch_pfn = 0x400000000
[    0.000000] x86 PAT enabled: cpu 0, old 0x7040600070406, new 0x7010600070106
[    0.000000] found SMP MP-table at [ffff8800000f0b00] f0b00
[    0.000000] init_memory_mapping: 0000000000000000-0000000003ffe000
[    0.000000] RAMDISK: 03c5e000 - 03ff0000
[    0.000000] ACPI: RSDP 00000000000f0950 00014 (v00 BOCHS )
[    0.000000] ACPI: RSDT 0000000003fffbc1 00034 (v01 BOCHS  BXPCRSDT 00000001 BXPC 00000001)
[    0.000000] ACPI: FACP 0000000003fff1c0 00074 (v01 BOCHS  BXPCFACP 00000001 BXPC 00000001)
[    0.000000] ACPI: DSDT 0000000003ffe040 01180 (v01 BOCHS  BXPCDSDT 00000001 BXPC 00000001)
[    0.000000] ACPI: FACS 0000000003ffe000 00040
[    0.000000] ACPI: SSDT 0000000003fff234 008DD (v01 BOCHS  BXPCSSDT 00000001 BXPC 00000001)
[    0.000000] ACPI: APIC 0000000003fffb11 00078 (v01 BOCHS  BXPCAPIC 00000001 BXPC 00000001)
[    0.000000] ACPI: HPET 0000000003fffb89 00038 (v01 BOCHS  BXPCHPET 00000001 BXPC 00000001)
[    0.000000] No NUMA configuration found
[    0.000000] Faking a node at 0000000000000000-0000000003ffe000
[    0.000000] Initmem setup node 0 0000000000000000-0000000003ffe000
[    0.000000]   NODE_DATA [0000000003ff6000 - 0000000003ffafff]
[    0.000000] Zone PFN ranges:
[    0.000000]   DMA      0x00000010 -&gt; 0x00001000
[    0.000000]   DMA32    0x00001000 -&gt; 0x00100000
[    0.000000]   Normal   empty
[    0.000000] Movable zone start PFN for each node
[    0.000000] early_node_map[2] active PFN ranges
[    0.000000]     0: 0x00000010 -&gt; 0x0000009f
[    0.000000]     0: 0x00000100 -&gt; 0x00003ffe
[    0.000000] ACPI: PM-Timer IO Port: 0xb008
[    0.000000] ACPI: LAPIC (acpi_id[0x00] lapic_id[0x00] enabled)
[    0.000000] ACPI: LAPIC_NMI (acpi_id[0xff] dfl dfl lint[0x1])
[    0.000000] ACPI: IOAPIC (id[0x00] address[0xfec00000] gsi_base[0])
[    0.000000] IOAPIC[0]: apic_id 0, version 17, address 0xfec00000, GSI 0-23
[    0.000000] ACPI: INT_SRC_OVR (bus 0 bus_irq 0 global_irq 2 dfl dfl)
[    0.000000] ACPI: INT_SRC_OVR (bus 0 bus_irq 5 global_irq 5 high level)
[    0.000000] ACPI: INT_SRC_OVR (bus 0 bus_irq 9 global_irq 9 high level)
[    0.000000] ACPI: INT_SRC_OVR (bus 0 bus_irq 10 global_irq 10 high level)
[    0.000000] ACPI: INT_SRC_OVR (bus 0 bus_irq 11 global_irq 11 high level)
[    0.000000] Using ACPI (MADT) for SMP configuration information
[    0.000000] ACPI: HPET id: 0x8086a201 base: 0xfed00000
[    0.000000] SMP: Allowing 1 CPUs, 0 hotplug CPUs
[    0.000000] PM: Registered nosave memory: 000000000009f000 - 00000000000a0000
[    0.000000] PM: Registered nosave memory: 00000000000a0000 - 00000000000f0000
[    0.000000] PM: Registered nosave memory: 00000000000f0000 - 0000000000100000
[    0.000000] Allocating PCI resources starting at 4000000 (gap: 4000000:fbfc0000)
[    0.000000] Booting paravirtualized kernel on bare hardware
[    0.000000] setup_percpu: NR_CPUS:64 nr_cpumask_bits:64 nr_cpu_ids:1 nr_node_ids:1
[    0.000000] PERCPU: Embedded 27 pages/cpu @ffff880003a00000 s78848 r8192 d23552 u2097152
[    0.000000] Built 1 zonelists in Node order, mobility grouping on.  Total pages: 16008
[    0.000000] Policy zone: DMA32
[    0.000000] Kernel command line: root=/dev/vda console=tty0 console=ttyS0 no_timer_check
[    0.000000] PID hash table entries: 256 (order: -1, 2048 bytes)
[    0.000000] Checking aperture...
[    0.000000] No AGP bridge found
[    0.000000] Memory: 43492k/65528k available (6576k kernel code, 452k absent, 21584k reserved, 6620k data, 928k init)
[    0.000000] SLUB: Genslabs=15, HWalign=64, Order=0-3, MinObjects=0, CPUs=1, Nodes=1
[    0.000000] Hierarchical RCU implementation.
[    0.000000] 	RCU dyntick-idle grace-period acceleration is enabled.
[    0.000000] NR_IRQS:4352 nr_irqs:256 16
[    0.000000] Console: colour VGA+ 80x25
[    0.000000] console [tty0] enabled
[    0.000000] console [ttyS0] enabled
[    0.000000] allocated 1048576 bytes of page_cgroup
[    0.000000] please try 'cgroup_disable=memory' option if you don't want memory cgroups
[    0.000000] Fast TSC calibration failed
[    0.000000] TSC: Unable to calibrate against PIT
[    0.000000] TSC: using HPET reference calibration
[    0.000000] Detected 2294.221 MHz processor.
[    0.033459] Calibrating delay loop (skipped), value calculated using timer frequency.. 4588.44 BogoMIPS (lpj=9176884)
[    0.035707] pid_max: default: 32768 minimum: 301
[    0.046349] Security Framework initialized
[    0.052530] AppArmor: AppArmor initialized
[    0.053456] Yama: becoming mindful.
[    0.061827] Dentry cache hash table entries: 8192 (order: 4, 65536 bytes)
[    0.064663] Inode-cache hash table entries: 4096 (order: 3, 32768 bytes)
[    0.065947] Mount-cache hash table entries: 256
[    0.084708] Initializing cgroup subsys cpuacct
[    0.085630] Initializing cgroup subsys memory
[    0.087070] Initializing cgroup subsys devices
[    0.088178] Initializing cgroup subsys freezer
[    0.088770] Initializing cgroup subsys blkio
[    0.089498] Initializing cgroup subsys perf_event
[    0.094151] mce: CPU supports 10 MCE banks
[    0.098429] SMP alternatives: switching to UP code
[    0.500920] Freeing SMP alternatives: 24k freed
[    0.502597] ACPI: Core revision 20110623
[    0.548477] ftrace: allocating 26610 entries in 105 pages
[    0.577386] ..TIMER: vector=0x30 apic1=0 pin1=2 apic2=-1 pin2=-1
[    0.578534] CPU0: AMD QEMU Virtual CPU version 2.0.0 stepping 03
[    0.584035] Performance Events: Broken PMU hardware detected, using software events only.
[    0.592654] NMI watchdog disabled (cpu0): hardware events not enabled
[    0.594201] Brought up 1 CPUs
[    0.594728] Total of 1 processors activated (4588.44 BogoMIPS).
[    0.619134] devtmpfs: initialized
[    0.647162] EVM: security.selinux
[    0.647612] EVM: security.SMACK64
[    0.648076] EVM: security.capability
[    0.669320] print_constraints: dummy: 
[    0.671272] RTC time: 11:41:41, date: 12/20/15
[    0.673852] NET: Registered protocol family 16
[    0.682870] ACPI: bus type pci registered
[    0.686473] PCI: Using configuration type 1 for base access
[    0.715308] bio: create slab &lt;bio-0&gt; at 0
[    0.724425] ACPI: Added _OSI(Module Device)
[    0.725158] ACPI: Added _OSI(Processor Device)
[    0.725865] ACPI: Added _OSI(3.0 _SCP Extensions)
[    0.728106] ACPI: Added _OSI(Processor Aggregator Device)
[    0.809125] ACPI: Interpreter enabled
[    0.809720] ACPI: (supports S0 S3 S4 S5)
[    0.812199] ACPI: Using IOAPIC for interrupt routing
[    0.883077] ACPI: No dock devices found.
[    0.884184] HEST: Table not found.
[    0.884748] PCI: Using host bridge windows from ACPI; if necessary, use "pci=nocrs" and report a bug
[    0.892055] ACPI: PCI Root Bridge [PCI0] (domain 0000 [bus 00-ff])
[    0.900484] pci_root PNP0A03:00: host bridge window [io  0x0000-0x0cf7]
[    0.901951] pci_root PNP0A03:00: host bridge window [io  0x0d00-0xadff]
[    0.902772] pci_root PNP0A03:00: host bridge window [io  0xae0f-0xaeff]
[    0.904105] pci_root PNP0A03:00: host bridge window [io  0xaf20-0xafdf]
[    0.905075] pci_root PNP0A03:00: host bridge window [io  0xafe4-0xffff]
[    0.906188] pci_root PNP0A03:00: host bridge window [mem 0x000a0000-0x000bffff]
[    0.908112] pci_root PNP0A03:00: host bridge window [mem 0x04000000-0xfebfffff]
[    0.937222] pci 0000:00:01.3: quirk: [io  0xb000-0xb03f] claimed by PIIX4 ACPI
[    0.940291] pci 0000:00:01.3: quirk: [io  0xb100-0xb10f] claimed by PIIX4 SMB
[    1.022451]  pci0000:00: Unable to request _OSC control (_OSC support mask: 0x1e)
[    1.077077] ACPI: PCI Interrupt Link [LNKA] (IRQs 5 *10 11)
[    1.079283] ACPI: PCI Interrupt Link [LNKB] (IRQs 5 *10 11)
[    1.081258] ACPI: PCI Interrupt Link [LNKC] (IRQs 5 10 *11)
[    1.082894] ACPI: PCI Interrupt Link [LNKD] (IRQs 5 10 *11)
[    1.084880] ACPI: PCI Interrupt Link [LNKS] (IRQs *9)
[    1.091358] vgaarb: device added: PCI:0000:00:02.0,decodes=io+mem,owns=io+mem,locks=none
[    1.092188] vgaarb: loaded
[    1.092546] vgaarb: bridge control possible 0000:00:02.0
[    1.097127] i2c-core: driver [aat2870] using legacy suspend method
[    1.097865] i2c-core: driver [aat2870] using legacy resume method
[    1.100600] SCSI subsystem initialized
[    1.104596] usbcore: registered new interface driver usbfs
[    1.105654] usbcore: registered new interface driver hub
[    1.106937] usbcore: registered new device driver usb
[    1.110548] PCI: Using ACPI for IRQ routing
[    1.120821] NetLabel: Initializing
[    1.121215] NetLabel:  domain hash size = 128
[    1.121681] NetLabel:  protocols = UNLABELED CIPSOv4
[    1.123470] NetLabel:  unlabeled traffic allowed by default
[    1.125543] HPET: 3 timers in total, 0 timers will be used for per-cpu timer
[    1.126581] hpet0: at MMIO 0xfed00000, IRQs 2, 8, 0
[    1.128516] hpet0: 3 comparators, 64-bit 100.000000 MHz counter
[    1.141413] Switching to clocksource hpet
[    1.413669] AppArmor: AppArmor Filesystem Enabled
[    1.417517] pnp: PnP ACPI init
[    1.418130] ACPI: bus type pnp registered
[    1.438950] pnp: PnP ACPI: found 9 devices
[    1.439500] ACPI: ACPI bus type pnp unregistered
[    1.497892] NET: Registered protocol family 2
[    1.530440] IP route cache hash table entries: 512 (order: 0, 4096 bytes)
[    1.538400] TCP established hash table entries: 2048 (order: 3, 32768 bytes)
[    1.542802] TCP bind hash table entries: 2048 (order: 3, 32768 bytes)
[    1.546336] TCP: Hash tables configured (established 2048 bind 2048)
[    1.547604] TCP reno registered
[    1.549439] UDP hash table entries: 128 (order: 0, 4096 bytes)
[    1.550266] UDP-Lite hash table entries: 128 (order: 0, 4096 bytes)
[    1.553757] NET: Registered protocol family 1
[    1.554813] pci 0000:00:00.0: Limiting direct PCI/PCI transfers
[    1.555546] pci 0000:00:01.0: PIIX3: Enabling Passive Release
[    1.557663] pci 0000:00:01.0: Activating ISA DMA hang workarounds
[    1.562842] ACPI: PCI Interrupt Link [LNKD] enabled at IRQ 11
[    1.563744] pci 0000:00:01.2: PCI INT D -&gt; Link[LNKD] -&gt; GSI 11 (level, high) -&gt; IRQ 11
[    1.566881] pci 0000:00:01.2: PCI INT D disabled
[    1.586783] Trying to unpack rootfs image as initramfs...
[    1.605894] audit: initializing netlink socket (disabled)
[    1.607550] type=2000 audit(1450611701.604:1): initialized
[    1.883795] HugeTLB registered 2 MB page size, pre-allocated 0 pages
[    1.945942] VFS: Disk quotas dquot_6.5.2
[    1.947001] Dquot-cache hash table entries: 512 (order 0, 4096 bytes)
[    1.983193] fuse init (API version 7.17)
[    1.986686] msgmni has been set to 84
[    2.051674] Block layer SCSI generic (bsg) driver version 0.4 loaded (major 253)
[    2.062274] io scheduler noop registered
[    2.062900] io scheduler deadline registered (default)
[    2.064031] io scheduler cfq registered
[    2.068155] pci_hotplug: PCI Hot Plug PCI Core version: 0.5
[    2.070946] pciehp: PCI Express Hot Plug Controller Driver version: 0.4
[    2.077262] input: Power Button as /devices/LNXSYSTM:00/LNXPWRBN:00/input/input0
[    2.078828] ACPI: Power Button [PWRF]
[    2.141866] ERST: Table is not found!
[    2.142386] GHES: HEST is not enabled!
[    2.156019] ACPI: PCI Interrupt Link [LNKC] enabled at IRQ 10
[    2.159324] virtio-pci 0000:00:03.0: PCI INT A -&gt; Link[LNKC] -&gt; GSI 10 (level, high) -&gt; IRQ 10
[    2.163489] virtio-pci 0000:00:04.0: PCI INT A -&gt; Link[LNKD] -&gt; GSI 11 (level, high) -&gt; IRQ 11
[    2.183095] ACPI: PCI Interrupt Link [LNKA] enabled at IRQ 10
[    2.184611] virtio-pci 0000:00:05.0: PCI INT A -&gt; Link[LNKA] -&gt; GSI 10 (level, high) -&gt; IRQ 10
[    2.199120] Serial: 8250/16550 driver, 32 ports, IRQ sharing enabled
[    2.238187] serial8250: ttyS0 at I/O 0x3f8 (irq = 4) is a 16550A
[    2.310616] serial8250: ttyS1 at I/O 0x2f8 (irq = 3) is a 16550A
[    2.434055] 00:05: ttyS0 at I/O 0x3f8 (irq = 4) is a 16550A
[    2.509504] 00:06: ttyS1 at I/O 0x2f8 (irq = 3) is a 16550A
[    2.557697] Linux agpgart interface v0.103
[    2.573860] Refined TSC clocksource calibration: 2294.296 MHz.
[    2.575561] Switching to clocksource tsc
[    2.636142] brd: module loaded
[    2.666666] loop: module loaded
[    2.737819]  vda: unknown partition table
[    2.805222] scsi0 : ata_piix
[    2.813962] scsi1 : ata_piix
[    2.815345] ata1: PATA max MWDMA2 cmd 0x1f0 ctl 0x3f6 bmdma 0xc0a0 irq 14
[    2.817463] ata2: PATA max MWDMA2 cmd 0x170 ctl 0x376 bmdma 0xc0a8 irq 15
[    2.828594] Fixed MDIO Bus: probed
[    2.830042] tun: Universal TUN/TAP device driver, 1.6
[    2.830707] tun: (C) 1999-2004 Max Krasnyansky &lt;maxk@qualcomm.com&gt;
[    2.844016] PPP generic driver version 2.4.2
[    2.879562] ehci_hcd: USB 2.0 'Enhanced' Host Controller (EHCI) Driver
[    2.882680] ohci_hcd: USB 1.1 'Open' Host Controller (OHCI) Driver
[    2.885383] uhci_hcd: USB Universal Host Controller Interface driver
[    2.887411] uhci_hcd 0000:00:01.2: PCI INT D -&gt; Link[LNKD] -&gt; GSI 11 (level, high) -&gt; IRQ 11
[    2.893150] uhci_hcd 0000:00:01.2: UHCI Host Controller
[    2.918037] uhci_hcd 0000:00:01.2: new USB bus registered, assigned bus number 1
[    2.922515] uhci_hcd 0000:00:01.2: irq 11, io base 0x0000c040
[    2.954919] hub 1-0:1.0: USB hub found
[    2.959233] hub 1-0:1.0: 2 ports detected
[    2.968714] usbcore: registered new interface driver libusual
[    2.971669] i8042: PNP: PS/2 Controller [PNP0303:KBD,PNP0f13:MOU] at 0x60,0x64 irq 1,12
[    2.981547] serio: i8042 KBD port at 0x60,0x64 irq 1
[    2.984023] serio: i8042 AUX port at 0x60,0x64 irq 12
[    3.051113] mousedev: PS/2 mouse device common for all mice
[    3.063756] input: AT Translated Set 2 keyboard as /devices/platform/i8042/serio0/input/input1
[    3.068938] rtc_cmos 00:01: RTC can wake from S4
[    3.080598] ata2.01: ATAPI: QEMU DVD-ROM, 2.0.0, max UDMA/100
[    3.091430] rtc_cmos 00:01: rtc core: registered rtc_cmos as rtc0
[    3.096685] rtc0: alarms up to one day, 114 bytes nvram, hpet irqs
[    3.103761] device-mapper: uevent: version 1.0.3
[    3.134401] ata2.01: configured for MWDMA2
[    3.160020] scsi 1:0:1:0: CD-ROM            QEMU     QEMU DVD-ROM     2.0. PQ: 0 ANSI: 5
[    3.170333] device-mapper: ioctl: 4.22.0-ioctl (2011-10-19) initialised: dm-devel@redhat.com
[    3.174336] cpuidle: using governor ladder
[    3.176169] cpuidle: using governor menu
[    3.178526] EFI Variables Facility v0.08 2004-May-17
[    3.194363] TCP cubic registered
[    3.199768] NET: Registered protocol family 10
[    3.238637] NET: Registered protocol family 17
[    3.239997] Registering the dns_resolver key type
[    3.265263] sr0: scsi3-mmc drive: 4x/4x cd/rw xa/form2 tray
[    3.267335] cdrom: Uniform CD-ROM driver Revision: 3.20
[    3.294069] sr 1:0:1:0: Attached scsi generic sg0 type 5
[    3.363713] registered taskstats version 1
[    3.438969] Freeing initrd memory: 3656k freed
[    3.943600]   Magic number: 11:837:681
[    3.954300] rtc_cmos 00:01: setting system clock to 2015-12-20 11:41:44 UTC (1450611704)
[    3.957072] powernow-k8: Processor cpuid 663 not supported
[    3.967681] BIOS EDD facility v0.16 2004-Jun-25, 0 devices found
[    3.972632] EDD information not available.
[    4.030772] Freeing unused kernel memory: 928k freed
[    4.035762] Write protecting the kernel read-only data: 12288k
[    4.146135] Freeing unused kernel memory: 1596k freed
[    4.208493] Freeing unused kernel memory: 1184k freed

info: initramfs: up at 4.40
modprobe: module virtio_blk not found in modules.dep
modprobe: module virtio_net not found in modules.dep
info: copying initramfs to /dev/vda
info: initramfs loading root from /dev/vda
info: /etc/init.d/rc.sysinit: up at 10.91
info: container: none
Starting logging: OK
modprobe: module virtio_blk not found in modules.dep
modprobe: module virtio_net not found in modules.dep
WARN: /etc/rc3.d/S10-load-modules failed
Initializing random number generator... done.
Starting acpid: OK
cirros-ds 'local' up at 13.37
found datasource (configdrive, local)
Starting network...
udhcpc (v1.20.1) started
Sending discover...
Sending discover...

2015-12-20 11:43:41,028 21031 INFO     [tempest_lib.common.rest_client] Request (TestNetworkBasicOps:_run_cleanups): 204 DELETE http://10.0.2.15:9696/v2.0/floatingips/ab193c22-a83a-42e9-b75c-c9f4adb355ac 0.355s
2015-12-20 11:43:41,029 21031 DEBUG    [tempest_lib.common.rest_client] Request - Headers: {'Content-Type': 'application/json', 'Accept': 'application/json', 'X-Auth-Token': '&lt;omitted&gt;'}
        Body: None
    Response - Headers: {'date': 'Sun, 20 Dec 2015 11:43:41 GMT', 'status': '204', 'connection': 'close', 'content-length': '0', 'x-openstack-request-id': 'req-9232ef9e-d9b4-46d3-bb60-9b8b285f75de'}
        Body: 
2015-12-20 11:43:41,364 21031 INFO     [tempest_lib.common.rest_client] Request (TestNetworkBasicOps:_run_cleanups): 204 DELETE http://10.0.2.15:8774/v2.1/554bf1a8dcea4e228a64e46e967ba690/servers/0c8d2593-3743-4f4a-af3f-801097bb14a6 0.335s
2015-12-20 11:43:41,365 21031 DEBUG    [tempest_lib.common.rest_client] Request - Headers: {'Content-Type': 'application/json', 'Accept': 'application/json', 'X-Auth-Token': '&lt;omitted&gt;'}
        Body: None
    Response - Headers: {'status': '204', 'content-length': '0', 'x-compute-request-id': 'req-c67688d1-38ce-4e84-a121-b1797b8bb4af', 'vary': 'X-OpenStack-Nova-API-Version', 'connection': 'close', 'x-openstack-nova-api-version': '2.1', 'date': 'Sun, 20 Dec 2015 11:43:41 GMT', 'content-type': 'application/json'}
        Body: 
2015-12-20 11:43:41,578 21031 INFO     [tempest_lib.common.rest_client] Request (TestNetworkBasicOps:_run_cleanups): 200 GET http://10.0.2.15:8774/v2.1/554bf1a8dcea4e228a64e46e967ba690/servers/0c8d2593-3743-4f4a-af3f-801097bb14a6 0.212s
2015-12-20 11:43:41,579 21031 DEBUG    [tempest_lib.common.rest_client] Request - Headers: {'Content-Type': 'application/json', 'Accept': 'application/json', 'X-Auth-Token': '&lt;omitted&gt;'}
        Body: None
    Response - Headers: {'status': '200', 'content-length': '1774', 'content-location': 'http://10.0.2.15:8774/v2.1/554bf1a8dcea4e228a64e46e967ba690/servers/0c8d2593-3743-4f4a-af3f-801097bb14a6', 'x-compute-request-id': 'req-850e5f34-c883-4437-a829-ab49a65bcab4', 'vary': 'X-OpenStack-Nova-API-Version', 'connection': 'close', 'x-openstack-nova-api-version': '2.1', 'date': 'Sun, 20 Dec 2015 11:43:41 GMT', 'content-type': 'application/json'}
        Body: {"server": {"status": "ACTIVE", "updated": "2015-12-20T11:43:41Z", "hostId": "0fb66f133aa0f62891d95e226779c7ad2d16752d9444cc2d90da6e49", "addresses": {"tempest-network-smoke--413044965": [{"OS-EXT-IPS-MAC:mac_addr": "fa:16:3e:ed:ba:e8", "version": 4, "addr": "10.100.0.3", "OS-EXT-IPS:type": "fixed"}, {"OS-EXT-IPS-MAC:mac_addr": "fa:16:3e:ed:ba:e8", "version": 4, "addr": "172.24.4.4", "OS-EXT-IPS:type": "floating"}]}, "links": [{"href": "http://10.0.2.15:8774/v2.1/554bf1a8dcea4e228a64e46e967ba690/servers/0c8d2593-3743-4f4a-af3f-801097bb14a6", "rel": "self"}, {"href": "http://10.0.2.15:8774/554bf1a8dcea4e228a64e46e967ba690/servers/0c8d2593-3743-4f4a-af3f-801097bb14a6", "rel": "bookmark"}], "key_name": "tempest-TestNetworkBasicOps-1684148107", "image": {"id": "d9b6781b-0d86-49cd-898e-7b459f56ee32", "links": [{"href": "http://10.0.2.15:8774/554bf1a8dcea4e228a64e46e967ba690/images/d9b6781b-0d86-49cd-898e-7b459f56ee32", "rel": "bookmark"}]}, "OS-EXT-STS:task_state": "deleting", "OS-EXT-STS:vm_state": "active", "OS-SRV-USG:launched_at": "2015-12-20T11:41:37.000000", "flavor": {"id": "42", "links": [{"href": "http://10.0.2.15:8774/554bf1a8dcea4e228a64e46e967ba690/flavors/42", "rel": "bookmark"}]}, "id": "0c8d2593-3743-4f4a-af3f-801097bb14a6", "security_groups": [{"name": "tempest-secgroup-smoke-761342599"}], "OS-SRV-USG:terminated_at": null, "OS-EXT-AZ:availability_zone": "nova", "user_id": "9c933bd31d53404e88445e3a63f75b18", "name": "tempest.common.compute-instance-437591359", "created": "2015-12-20T11:41:33Z", "tenant_id": "554bf1a8dcea4e228a64e46e967ba690", "OS-DCF:diskConfig": "MANUAL", "os-extended-volumes:volumes_attached": [], "accessIPv4": "", "accessIPv6": "", "progress": 0, "OS-EXT-STS:power_state": 1, "config_drive": "True", "metadata": {}}}
2015-12-20 11:43:42,740 21031 INFO     [tempest_lib.common.rest_client] Request (TestNetworkBasicOps:_run_cleanups): 200 GET http://10.0.2.15:8774/v2.1/554bf1a8dcea4e228a64e46e967ba690/servers/0c8d2593-3743-4f4a-af3f-801097bb14a6 0.149s
2015-12-20 11:43:42,741 21031 DEBUG    [tempest_lib.common.rest_client] Request - Headers: {'Content-Type': 'application/json', 'Accept': 'application/json', 'X-Auth-Token': '&lt;omitted&gt;'}
        Body: None
    Response - Headers: {'status': '200', 'content-length': '1440', 'content-location': 'http://10.0.2.15:8774/v2.1/554bf1a8dcea4e228a64e46e967ba690/servers/0c8d2593-3743-4f4a-af3f-801097bb14a6', 'x-compute-request-id': 'req-4c25a7ab-6283-48a1-b330-283d996716bb', 'vary': 'X-OpenStack-Nova-API-Version', 'connection': 'close', 'x-openstack-nova-api-version': '2.1', 'date': 'Sun, 20 Dec 2015 11:43:42 GMT', 'content-type': 'application/json'}
        Body: {"server": {"status": "ACTIVE", "updated": "2015-12-20T11:43:42Z", "hostId": "0fb66f133aa0f62891d95e226779c7ad2d16752d9444cc2d90da6e49", "addresses": {}, "links": [{"href": "http://10.0.2.15:8774/v2.1/554bf1a8dcea4e228a64e46e967ba690/servers/0c8d2593-3743-4f4a-af3f-801097bb14a6", "rel": "self"}, {"href": "http://10.0.2.15:8774/554bf1a8dcea4e228a64e46e967ba690/servers/0c8d2593-3743-4f4a-af3f-801097bb14a6", "rel": "bookmark"}], "key_name": "tempest-TestNetworkBasicOps-1684148107", "image": {"id": "d9b6781b-0d86-49cd-898e-7b459f56ee32", "links": [{"href": "http://10.0.2.15:8774/554bf1a8dcea4e228a64e46e967ba690/images/d9b6781b-0d86-49cd-898e-7b459f56ee32", "rel": "bookmark"}]}, "OS-EXT-STS:task_state": "deleting", "OS-EXT-STS:vm_state": "active", "OS-SRV-USG:launched_at": "2015-12-20T11:41:37.000000", "flavor": {"id": "42", "links": [{"href": "http://10.0.2.15:8774/554bf1a8dcea4e228a64e46e967ba690/flavors/42", "rel": "bookmark"}]}, "id": "0c8d2593-3743-4f4a-af3f-801097bb14a6", "OS-SRV-USG:terminated_at": null, "OS-EXT-AZ:availability_zone": "nova", "user_id": "9c933bd31d53404e88445e3a63f75b18", "name": "tempest.common.compute-instance-437591359", "created": "2015-12-20T11:41:33Z", "tenant_id": "554bf1a8dcea4e228a64e46e967ba690", "OS-DCF:diskConfig": "MANUAL", "os-extended-volumes:volumes_attached": [], "accessIPv4": "", "accessIPv6": "", "progress": 0, "OS-EXT-STS:power_state": 1, "config_drive": "True", "metadata": {}}}
2015-12-20 11:43:43,837 21031 INFO     [tempest_lib.common.rest_client] Request (TestNetworkBasicOps:_run_cleanups): 404 GET http://10.0.2.15:8774/v2.1/554bf1a8dcea4e228a64e46e967ba690/servers/0c8d2593-3743-4f4a-af3f-801097bb14a6 0.085s
2015-12-20 11:43:43,837 21031 DEBUG    [tempest_lib.common.rest_client] Request - Headers: {'Content-Type': 'application/json', 'Accept': 'application/json', 'X-Auth-Token': '&lt;omitted&gt;'}
        Body: None
    Response - Headers: {'status': '404', 'content-length': '111', 'x-compute-request-id': 'req-ed339fe9-24a1-43a7-b03a-9be2889fe53b', 'vary': 'X-OpenStack-Nova-API-Version', 'connection': 'close', 'x-openstack-nova-api-version': '2.1', 'date': 'Sun, 20 Dec 2015 11:43:43 GMT', 'content-type': 'application/json; charset=UTF-8'}
        Body: {"itemNotFound": {"message": "Instance 0c8d2593-3743-4f4a-af3f-801097bb14a6 could not be found.", "code": 404}}
2015-12-20 11:43:43,856 21031 INFO     [tempest_lib.common.rest_client] Request (TestNetworkBasicOps:_run_cleanups): 202 DELETE http://10.0.2.15:8774/v2.1/554bf1a8dcea4e228a64e46e967ba690/os-keypairs/tempest-TestNetworkBasicOps-1684148107 0.017s
2015-12-20 11:43:43,856 21031 DEBUG    [tempest_lib.common.rest_client] Request - Headers: {'Content-Type': 'application/json', 'Accept': 'application/json', 'X-Auth-Token': '&lt;omitted&gt;'}
        Body: None
    Response - Headers: {'status': '202', 'content-length': '0', 'x-compute-request-id': 'req-603453f2-5e1a-48b5-8139-dd6f0302a8d6', 'vary': 'X-OpenStack-Nova-API-Version', 'connection': 'close', 'x-openstack-nova-api-version': '2.1', 'date': 'Sun, 20 Dec 2015 11:43:43 GMT', 'content-type': 'application/json'}
        Body: 
2015-12-20 11:43:44,299 21031 INFO     [tempest_lib.common.rest_client] Request (TestNetworkBasicOps:_run_cleanups): 200 PUT http://10.0.2.15:9696/v2.0/routers/8eca16e7-64cc-4f30-8558-161555e14f67/remove_router_interface 0.442s
2015-12-20 11:43:44,299 21031 DEBUG    [tempest_lib.common.rest_client] Request - Headers: {'Content-Type': 'application/json', 'Accept': 'application/json', 'X-Auth-Token': '&lt;omitted&gt;'}
        Body: {"subnet_id": "38172c43-d7f2-4346-9f3f-275e6975680f"}
    Response - Headers: {'status': '200', 'content-length': '255', 'connection': 'close', 'date': 'Sun, 20 Dec 2015 11:43:44 GMT', 'content-type': 'application/json; charset=UTF-8', 'x-openstack-request-id': 'req-6783ff7b-7f3b-4e5a-ac5f-c47f74693331'}
        Body: {"subnet_id": "38172c43-d7f2-4346-9f3f-275e6975680f", "tenant_id": "554bf1a8dcea4e228a64e46e967ba690", "subnet_ids": ["38172c43-d7f2-4346-9f3f-275e6975680f"], "port_id": "17448ae0-dcf8-42cc-9d3c-5aa84b8c36c5", "id": "8eca16e7-64cc-4f30-8558-161555e14f67"}
2015-12-20 11:43:44,755 21031 INFO     [tempest_lib.common.rest_client] Request (TestNetworkBasicOps:_run_cleanups): 204 DELETE http://10.0.2.15:9696/v2.0/subnets/38172c43-d7f2-4346-9f3f-275e6975680f 0.455s
2015-12-20 11:43:44,756 21031 DEBUG    [tempest_lib.common.rest_client] Request - Headers: {'Content-Type': 'application/json', 'Accept': 'application/json', 'X-Auth-Token': '&lt;omitted&gt;'}
        Body: None
    Response - Headers: {'date': 'Sun, 20 Dec 2015 11:43:44 GMT', 'status': '204', 'connection': 'close', 'content-length': '0', 'x-openstack-request-id': 'req-01d02f1e-d2c6-401b-9c04-0b3e7e530a1c'}
        Body: 
2015-12-20 11:43:44,807 21031 INFO     [tempest_lib.common.rest_client] Request (TestNetworkBasicOps:_run_cleanups): 200 GET http://10.0.2.15:9696/v2.0/routers/8eca16e7-64cc-4f30-8558-161555e14f67 0.049s
2015-12-20 11:43:44,808 21031 DEBUG    [tempest_lib.common.rest_client] Request - Headers: {'Content-Type': 'application/json', 'Accept': 'application/json', 'X-Auth-Token': '&lt;omitted&gt;'}
        Body: None
    Response - Headers: {'status': '200', 'content-length': '563', 'content-location': 'http://10.0.2.15:9696/v2.0/routers/8eca16e7-64cc-4f30-8558-161555e14f67', 'connection': 'close', 'date': 'Sun, 20 Dec 2015 11:43:44 GMT', 'content-type': 'application/json; charset=UTF-8', 'x-openstack-request-id': 'req-dba688bb-5964-445b-9641-a5eb66d5e7bd'}
        Body: {"router": {"status": "ACTIVE", "external_gateway_info": {"network_id": "411f81af-2918-4bcd-9066-b4035e87a271", "enable_snat": true, "external_fixed_ips": [{"subnet_id": "27584072-6f11-409b-9d1b-f67672cbefba", "ip_address": "172.24.4.3"}, {"subnet_id": "570298f0-6c4a-40e8-b296-c27e9ce09ed9", "ip_address": "2001:db8::4"}]}, "availability_zone_hints": [], "availability_zones": ["nova"], "name": "tempest-router-smoke-234478021", "admin_state_up": true, "tenant_id": "554bf1a8dcea4e228a64e46e967ba690", "routes": [], "id": "8eca16e7-64cc-4f30-8558-161555e14f67"}}
2015-12-20 11:43:45,283 21031 INFO     [tempest_lib.common.rest_client] Request (TestNetworkBasicOps:_run_cleanups): 200 PUT http://10.0.2.15:9696/v2.0/routers/8eca16e7-64cc-4f30-8558-161555e14f67 0.474s
2015-12-20 11:43:45,284 21031 DEBUG    [tempest_lib.common.rest_client] Request - Headers: {'Content-Type': 'application/json', 'Accept': 'application/json', 'X-Auth-Token': '&lt;omitted&gt;'}
        Body: {"router": {"external_gateway_info": {}, "name": "tempest-router-smoke-234478021", "admin_state_up": true}}
    Response - Headers: {'status': '200', 'content-length': '301', 'connection': 'close', 'date': 'Sun, 20 Dec 2015 11:43:45 GMT', 'content-type': 'application/json; charset=UTF-8', 'x-openstack-request-id': 'req-93f4fff4-c055-4eae-8231-26389eacb1a4'}
        Body: {"router": {"status": "ACTIVE", "external_gateway_info": null, "availability_zone_hints": [], "availability_zones": ["nova"], "name": "tempest-router-smoke-234478021", "admin_state_up": true, "tenant_id": "554bf1a8dcea4e228a64e46e967ba690", "routes": [], "id": "8eca16e7-64cc-4f30-8558-161555e14f67"}}
2015-12-20 11:43:45,511 21031 INFO     [tempest_lib.common.rest_client] Request (TestNetworkBasicOps:_run_cleanups): 204 DELETE http://10.0.2.15:9696/v2.0/routers/8eca16e7-64cc-4f30-8558-161555e14f67 0.226s
2015-12-20 11:43:45,512 21031 DEBUG    [tempest_lib.common.rest_client] Request - Headers: {'Content-Type': 'application/json', 'Accept': 'application/json', 'X-Auth-Token': '&lt;omitted&gt;'}
        Body: None
    Response - Headers: {'date': 'Sun, 20 Dec 2015 11:43:45 GMT', 'status': '204', 'connection': 'close', 'content-length': '0', 'x-openstack-request-id': 'req-f7e49cd7-03ec-4f5e-84e7-187c48dc057f'}
        Body: 
2015-12-20 11:43:45,731 21031 INFO     [tempest_lib.common.rest_client] Request (TestNetworkBasicOps:_run_cleanups): 204 DELETE http://10.0.2.15:9696/v2.0/networks/fa07b7be-16b3-4a7f-9041-71cd1bbfe725 0.218s
2015-12-20 11:43:45,732 21031 DEBUG    [tempest_lib.common.rest_client] Request - Headers: {'Content-Type': 'application/json', 'Accept': 'application/json', 'X-Auth-Token': '&lt;omitted&gt;'}
        Body: None
    Response - Headers: {'date': 'Sun, 20 Dec 2015 11:43:45 GMT', 'status': '204', 'connection': 'close', 'content-length': '0', 'x-openstack-request-id': 'req-a08dc74f-bf41-446e-a05f-e7f60a150b3f'}
        Body: 
2015-12-20 11:43:45,793 21031 INFO     [tempest_lib.common.rest_client] Request (TestNetworkBasicOps:_run_cleanups): 204 DELETE http://10.0.2.15:9696/v2.0/security-group-rules/3d5a6445-69b8-4bd2-bbb1-2248cd269808 0.059s
2015-12-20 11:43:45,793 21031 DEBUG    [tempest_lib.common.rest_client] Request - Headers: {'Content-Type': 'application/json', 'Accept': 'application/json', 'X-Auth-Token': '&lt;omitted&gt;'}
        Body: None
    Response - Headers: {'date': 'Sun, 20 Dec 2015 11:43:45 GMT', 'status': '204', 'connection': 'close', 'content-length': '0', 'x-openstack-request-id': 'req-15c0638b-8bc2-4154-a4ab-657c8e801a1e'}
        Body: 
2015-12-20 11:43:45,852 21031 INFO     [tempest_lib.common.rest_client] Request (TestNetworkBasicOps:_run_cleanups): 204 DELETE http://10.0.2.15:9696/v2.0/security-group-rules/975f6e31-2b6f-4cba-b3a1-b9e4a4c76f56 0.057s
2015-12-20 11:43:45,852 21031 DEBUG    [tempest_lib.common.rest_client] Request - Headers: {'Content-Type': 'application/json', 'Accept': 'application/json', 'X-Auth-Token': '&lt;omitted&gt;'}
        Body: None
    Response - Headers: {'date': 'Sun, 20 Dec 2015 11:43:45 GMT', 'status': '204', 'connection': 'close', 'content-length': '0', 'x-openstack-request-id': 'req-f1cafbc3-73cd-4477-9bc4-62987d8fd538'}
        Body: 
2015-12-20 11:43:45,911 21031 INFO     [tempest_lib.common.rest_client] Request (TestNetworkBasicOps:_run_cleanups): 204 DELETE http://10.0.2.15:9696/v2.0/security-group-rules/e3b16d72-dcc2-4e33-8d06-64d059384b19 0.058s
2015-12-20 11:43:45,912 21031 DEBUG    [tempest_lib.common.rest_client] Request - Headers: {'Content-Type': 'application/json', 'Accept': 'application/json', 'X-Auth-Token': '&lt;omitted&gt;'}
        Body: None
    Response - Headers: {'date': 'Sun, 20 Dec 2015 11:43:45 GMT', 'status': '204', 'connection': 'close', 'content-length': '0', 'x-openstack-request-id': 'req-5abc98d7-76f4-45e9-a716-f84fbff3f58b'}
        Body: 
2015-12-20 11:43:45,974 21031 INFO     [tempest_lib.common.rest_client] Request (TestNetworkBasicOps:_run_cleanups): 204 DELETE http://10.0.2.15:9696/v2.0/security-group-rules/444b3763-fe7d-4f98-a3b9-ff71ca50e35f 0.061s
2015-12-20 11:43:45,975 21031 DEBUG    [tempest_lib.common.rest_client] Request - Headers: {'Content-Type': 'application/json', 'Accept': 'application/json', 'X-Auth-Token': '&lt;omitted&gt;'}
        Body: None
    Response - Headers: {'date': 'Sun, 20 Dec 2015 11:43:45 GMT', 'status': '204', 'connection': 'close', 'content-length': '0', 'x-openstack-request-id': 'req-8ea3d2c6-13dc-4aad-b70e-a491b04e5352'}
        Body: 
2015-12-20 11:43:46,034 21031 INFO     [tempest_lib.common.rest_client] Request (TestNetworkBasicOps:_run_cleanups): 204 DELETE http://10.0.2.15:9696/v2.0/security-group-rules/0daede66-b6ea-4a54-ac7f-dd74c67f83c9 0.058s
2015-12-20 11:43:46,034 21031 DEBUG    [tempest_lib.common.rest_client] Request - Headers: {'Content-Type': 'application/json', 'Accept': 'application/json', 'X-Auth-Token': '&lt;omitted&gt;'}
        Body: None
