<?xml version="1.0" encoding="UTF-8"?>
<!DOCTYPE html PUBLIC "-//W3C//DTD XHTML 1.0 Strict//EN"
     "http://www.w3.org/TR/xhtml1/DTD/xhtml1-strict.dtd">
<html xmlns="http://www.w3.org/1999/xhtml">
<head>
    <title>Unit Test Report</title>
    <meta name="generator" content="subunit2html 0.1"/>
    <meta http-equiv="Content-Type" content="text/html; charset=UTF-8"/>
    
<style type="text/css" media="screen">
body        { font-family: verdana, arial, helvetica, sans-serif;
    font-size: 80%; }
table       { font-size: 100%; width: 100%;}
pre         { font-size: 80%; }

/* -- heading -------------------------------------------------------------- */
h1 {
        font-size: 16pt;
        color: gray;
}
.heading {
    margin-top: 0ex;
    margin-bottom: 1ex;
}

.heading .attribute {
    margin-top: 1ex;
    margin-bottom: 0;
}

.heading .description {
    margin-top: 4ex;
    margin-bottom: 6ex;
}

/* -- css div popup -------------------------------------------------------- */
a.popup_link {
}

a.popup_link:hover {
    color: red;
}

.popup_window {
    display: none;
    overflow-x: scroll;
    /*border: solid #627173 1px; */
    padding: 10px;
    background-color: #E6E6D6;
    font-family: "Ubuntu Mono", "Lucida Console", "Courier New", monospace;
    text-align: left;
    font-size: 8pt;
}

}
/* -- report --------------------------------------------------------------- */
#show_detail_line {
    margin-top: 3ex;
    margin-bottom: 1ex;
}
#result_table {
    width: 100%;
    border-collapse: collapse;
    border: 1px solid #777;
}
#header_row {
    font-weight: bold;
    color: white;
    background-color: #777;
}
#result_table td {
    border: 1px solid #777;
    padding: 2px;
}
#total_row  { font-weight: bold; }
.passClass  { background-color: #6c6; }
.failClass  { background-color: #c60; }
.errorClass { background-color: #c00; }
.passCase   { color: #6c6; }
.failCase   { color: #c60; font-weight: bold; }
.errorCase  { color: #c00; font-weight: bold; }
.hiddenRow  { display: none; }
.testcase   { margin-left: 2em; }
td.testname {width: 40%}
td.small {width: 40px}

/* -- ending --------------------------------------------------------------- */
#ending {
}

</style>

</head>
<body>
<script language="javascript" type="text/javascript"><!--
output_list = Array();

/* level - 0:Summary; 1:Failed; 2:All */
function showCase(level) {
    trs = document.getElementsByTagName("tr");
    for (var i = 0; i < trs.length; i++) {
        tr = trs[i];
        id = tr.id;
        if (id.substr(0,2) == 'ft') {
            if (level < 1) {
                tr.className = 'hiddenRow';
            }
            else {
                tr.className = '';
            }
        }
        if (id.substr(0,2) == 'pt') {
            if (level > 1) {
                tr.className = '';
            }
            else {
                tr.className = 'hiddenRow';
            }
        }
    }
}


function showClassDetail(cid, count) {
    var id_list = Array(count);
    var toHide = 1;
    for (var i = 0; i < count; i++) {
        tid0 = 't' + cid.substr(1) + '.' + (i+1);
        tid = 'f' + tid0;
        tr = document.getElementById(tid);
        if (!tr) {
            tid = 'p' + tid0;
            tr = document.getElementById(tid);
        }
        id_list[i] = tid;
        if (tr.className) {
            toHide = 0;
        }
    }
    for (var i = 0; i < count; i++) {
        tid = id_list[i];
        if (toHide) {
            document.getElementById('div_'+tid).style.display = 'none'
            document.getElementById(tid).className = 'hiddenRow';
        }
        else {
            document.getElementById(tid).className = '';
        }
    }
}


function showTestDetail(div_id){
    var details_div = document.getElementById(div_id)
    var displayState = details_div.style.display
    // alert(displayState)
    if (displayState != 'block' ) {
        displayState = 'block'
        details_div.style.display = 'block'
    }
    else {
        details_div.style.display = 'none'
    }
}


function html_escape(s) {
    s = s.replace(/&/g,'&amp;');
    s = s.replace(/</g,'&lt;');
    s = s.replace(/>/g,'&gt;');
    return s;
}

/* obsoleted by detail in <div>
function showOutput(id, name) {
    var w = window.open("", //url
                    name,
                    "resizable,scrollbars,status,width=800,height=450");
    d = w.document;
    d.write("<pre>");
    d.write(html_escape(output_list[id]));
    d.write("\n");
    d.write("<a href='javascript:window.close()'>close</a>\n");
    d.write("</pre>\n");
    d.close();
}
*/
--></script>

<div class='heading'>
<h1>Unit Test Report</h1>

<p class='attribute'><strong>Status:</strong> Pass 1 Failure 7 Skip 1</p>

<p class='description'></p>
</div>



<p id='show_detail_line'>Show
<a href='javascript:showCase(0)'>Summary</a>
<a href='javascript:showCase(1)'>Failed</a>
<a href='javascript:showCase(2)'>All</a>
</p>
<table id='result_table'>
<colgroup>
<col align='left' />
<col align='right' />
<col align='right' />
<col align='right' />
<col align='right' />
<col align='right' />
<col align='right' />
<col align='right' />
</colgroup>
<tr id='header_row'>
    <td>Test Group/Test case</td>
    <td>Count</td>
    <td>Pass</td>
    <td>Fail</td>
    <td>Error</td>
    <td>Skip</td>
    <td>View</td>
    <td> </td>
</tr>

<tr class='failClass'>
    <td class="testname">tempest.scenario.test_network_basic_ops.TestNetworkBasicOps</td>
    <td class="small">9</td>
    <td class="small">1</td>
    <td class="small">7</td>
    <td class="small">0</td>
    <td class="small">1</td>
    <td class="small"><a href="javascript:showClassDetail('c1',9)"
>Detail</a></td>
    <td> </td>
</tr>

<tr id='ft1.1' class='none'>
    <td class='failCase'><div class='testcase'>test_connectivity_between_vms_on_different_networks[compute,id-1546850e-fbaa-42f5-8b5f-03d8a6a95f15,network]</div></td>
    <td colspan='7' align='left'>

    <!--css div popup start-->
    <a class="popup_link" onfocus='this.blur();'
    href="javascript:showTestDetail('div_ft1.1')" >
        fail</a>

    <div id='div_ft1.1' class="popup_window">
        <div style='text-align: right; color:red;cursor:pointer'>
        <a onfocus='this.blur();'
onclick="document.getElementById('div_ft1.1').style.display = 'none' " >
           [x]</a>
        </div>
        <pre>
        
ft1.1: tempest.scenario.test_network_basic_ops.TestNetworkBasicOps.test_connectivity_between_vms_on_different_networks[compute,id-1546850e-fbaa-42f5-8b5f-03d8a6a95f15,network]_StringException: Empty attachments:
  stderr
  stdout

pythonlogging:'': {{{
2015-12-23 02:52:56,456 21176 INFO     [tempest_lib.common.rest_client] Request (TestNetworkBasicOps:test_connectivity_between_vms_on_different_networks): 201 POST http://10.0.2.15:9696/v2.0/security-groups 0.370s
2015-12-23 02:52:56,457 21176 DEBUG    [tempest_lib.common.rest_client] Request - Headers: {'Content-Type': 'application/json', 'Accept': 'application/json', 'X-Auth-Token': '&lt;omitted&gt;'}
        Body: {"security_group": {"tenant_id": "ae589d3cff9f412687f46d081ea1e3be", "description": "tempest-secgroup-smoke-566671847 description", "name": "tempest-secgroup-smoke-566671847"}}
    Response - Headers: {'status': '201', 'content-length': '886', 'connection': 'close', 'date': 'Wed, 23 Dec 2015 02:52:56 GMT', 'content-type': 'application/json; charset=UTF-8', 'x-openstack-request-id': 'req-896526eb-4413-4914-8a8a-75a70c56d1d7'}
        Body: {"security_group": {"tenant_id": "ae589d3cff9f412687f46d081ea1e3be", "description": "tempest-secgroup-smoke-566671847 description", "id": "2ce41108-2389-4e6f-bd0e-2eab2695b6f6", "security_group_rules": [{"remote_group_id": null, "direction": "egress", "remote_ip_prefix": null, "protocol": null, "ethertype": "IPv4", "tenant_id": "ae589d3cff9f412687f46d081ea1e3be", "port_range_max": null, "port_range_min": null, "id": "b5767815-83f7-4ce4-b1e5-89674b29f890", "security_group_id": "2ce41108-2389-4e6f-bd0e-2eab2695b6f6"}, {"remote_group_id": null, "direction": "egress", "remote_ip_prefix": null, "protocol": null, "ethertype": "IPv6", "tenant_id": "ae589d3cff9f412687f46d081ea1e3be", "port_range_max": null, "port_range_min": null, "id": "9d2ff805-cdd5-41b9-b3f8-570e75fcc1a3", "security_group_id": "2ce41108-2389-4e6f-bd0e-2eab2695b6f6"}], "name": "tempest-secgroup-smoke-566671847"}}
2015-12-23 02:52:56,584 21176 INFO     [tempest_lib.common.rest_client] Request (TestNetworkBasicOps:test_connectivity_between_vms_on_different_networks): 201 POST http://10.0.2.15:9696/v2.0/security-group-rules 0.126s
2015-12-23 02:52:56,584 21176 DEBUG    [tempest_lib.common.rest_client] Request - Headers: {'Content-Type': 'application/json', 'Accept': 'application/json', 'X-Auth-Token': '&lt;omitted&gt;'}
        Body: {"security_group_rule": {"direction": "ingress", "protocol": "tcp", "tenant_id": "ae589d3cff9f412687f46d081ea1e3be", "port_range_max": 22, "security_group_id": "2ce41108-2389-4e6f-bd0e-2eab2695b6f6", "port_range_min": 22}}
    Response - Headers: {'status': '201', 'content-length': '340', 'connection': 'close', 'date': 'Wed, 23 Dec 2015 02:52:56 GMT', 'content-type': 'application/json; charset=UTF-8', 'x-openstack-request-id': 'req-15c885bd-ea2e-40e2-9032-2f2837f98562'}
        Body: {"security_group_rule": {"remote_group_id": null, "direction": "ingress", "remote_ip_prefix": null, "protocol": "tcp", "ethertype": "IPv4", "tenant_id": "ae589d3cff9f412687f46d081ea1e3be", "port_range_max": 22, "port_range_min": 22, "id": "809953d8-b86b-4ff5-b2bd-66190147e781", "security_group_id": "2ce41108-2389-4e6f-bd0e-2eab2695b6f6"}}
2015-12-23 02:52:56,707 21176 INFO     [tempest_lib.common.rest_client] Request (TestNetworkBasicOps:test_connectivity_between_vms_on_different_networks): 201 POST http://10.0.2.15:9696/v2.0/security-group-rules 0.122s
2015-12-23 02:52:56,708 21176 DEBUG    [tempest_lib.common.rest_client] Request - Headers: {'Content-Type': 'application/json', 'Accept': 'application/json', 'X-Auth-Token': '&lt;omitted&gt;'}
        Body: {"security_group_rule": {"direction": "egress", "protocol": "tcp", "tenant_id": "ae589d3cff9f412687f46d081ea1e3be", "port_range_max": 22, "security_group_id": "2ce41108-2389-4e6f-bd0e-2eab2695b6f6", "port_range_min": 22}}
    Response - Headers: {'status': '201', 'content-length': '339', 'connection': 'close', 'date': 'Wed, 23 Dec 2015 02:52:56 GMT', 'content-type': 'application/json; charset=UTF-8', 'x-openstack-request-id': 'req-0d47ae17-28ba-4ff7-9491-e8758f2363e7'}
        Body: {"security_group_rule": {"remote_group_id": null, "direction": "egress", "remote_ip_prefix": null, "protocol": "tcp", "ethertype": "IPv4", "tenant_id": "ae589d3cff9f412687f46d081ea1e3be", "port_range_max": 22, "port_range_min": 22, "id": "3fce9ff5-8365-4f3e-a1c0-acdea911b93e", "security_group_id": "2ce41108-2389-4e6f-bd0e-2eab2695b6f6"}}
2015-12-23 02:52:56,835 21176 INFO     [tempest_lib.common.rest_client] Request (TestNetworkBasicOps:test_connectivity_between_vms_on_different_networks): 201 POST http://10.0.2.15:9696/v2.0/security-group-rules 0.126s
2015-12-23 02:52:56,836 21176 DEBUG    [tempest_lib.common.rest_client] Request - Headers: {'Content-Type': 'application/json', 'Accept': 'application/json', 'X-Auth-Token': '&lt;omitted&gt;'}
        Body: {"security_group_rule": {"tenant_id": "ae589d3cff9f412687f46d081ea1e3be", "direction": "ingress", "protocol": "icmp", "security_group_id": "2ce41108-2389-4e6f-bd0e-2eab2695b6f6"}}
    Response - Headers: {'status': '201', 'content-length': '345', 'connection': 'close', 'date': 'Wed, 23 Dec 2015 02:52:56 GMT', 'content-type': 'application/json; charset=UTF-8', 'x-openstack-request-id': 'req-bf7d0ae3-62cd-435f-a4f7-abc96091fc46'}
        Body: {"security_group_rule": {"remote_group_id": null, "direction": "ingress", "remote_ip_prefix": null, "protocol": "icmp", "ethertype": "IPv4", "tenant_id": "ae589d3cff9f412687f46d081ea1e3be", "port_range_max": null, "port_range_min": null, "id": "ab7afc8e-d14a-4411-91cb-fb350f3fa8dc", "security_group_id": "2ce41108-2389-4e6f-bd0e-2eab2695b6f6"}}
2015-12-23 02:52:56,949 21176 INFO     [tempest_lib.common.rest_client] Request (TestNetworkBasicOps:test_connectivity_between_vms_on_different_networks): 201 POST http://10.0.2.15:9696/v2.0/security-group-rules 0.112s
2015-12-23 02:52:56,950 21176 DEBUG    [tempest_lib.common.rest_client] Request - Headers: {'Content-Type': 'application/json', 'Accept': 'application/json', 'X-Auth-Token': '&lt;omitted&gt;'}
        Body: {"security_group_rule": {"tenant_id": "ae589d3cff9f412687f46d081ea1e3be", "direction": "egress", "protocol": "icmp", "security_group_id": "2ce41108-2389-4e6f-bd0e-2eab2695b6f6"}}
    Response - Headers: {'status': '201', 'content-length': '344', 'connection': 'close', 'date': 'Wed, 23 Dec 2015 02:52:56 GMT', 'content-type': 'application/json; charset=UTF-8', 'x-openstack-request-id': 'req-6c1e4ae9-d67e-4815-9916-7b19b86ca2da'}
        Body: {"security_group_rule": {"remote_group_id": null, "direction": "egress", "remote_ip_prefix": null, "protocol": "icmp", "ethertype": "IPv4", "tenant_id": "ae589d3cff9f412687f46d081ea1e3be", "port_range_max": null, "port_range_min": null, "id": "2efa6c51-c3e5-4367-91a6-59e03d1b1190", "security_group_id": "2ce41108-2389-4e6f-bd0e-2eab2695b6f6"}}
2015-12-23 02:52:57,078 21176 INFO     [tempest_lib.common.rest_client] Request (TestNetworkBasicOps:test_connectivity_between_vms_on_different_networks): 201 POST http://10.0.2.15:9696/v2.0/security-group-rules 0.127s
2015-12-23 02:52:57,078 21176 DEBUG    [tempest_lib.common.rest_client] Request - Headers: {'Content-Type': 'application/json', 'Accept': 'application/json', 'X-Auth-Token': '&lt;omitted&gt;'}
        Body: {"security_group_rule": {"tenant_id": "ae589d3cff9f412687f46d081ea1e3be", "direction": "ingress", "security_group_id": "2ce41108-2389-4e6f-bd0e-2eab2695b6f6", "protocol": "icmp", "ethertype": "IPv6"}}
    Response - Headers: {'status': '201', 'content-length': '345', 'connection': 'close', 'date': 'Wed, 23 Dec 2015 02:52:57 GMT', 'content-type': 'application/json; charset=UTF-8', 'x-openstack-request-id': 'req-a1396b57-aeda-42f1-a00c-030bcd25490f'}
        Body: {"security_group_rule": {"remote_group_id": null, "direction": "ingress", "remote_ip_prefix": null, "protocol": "icmp", "ethertype": "IPv6", "tenant_id": "ae589d3cff9f412687f46d081ea1e3be", "port_range_max": null, "port_range_min": null, "id": "a32e4a70-1717-49c8-9b68-99f6758f3039", "security_group_id": "2ce41108-2389-4e6f-bd0e-2eab2695b6f6"}}
2015-12-23 02:52:57,205 21176 INFO     [tempest_lib.common.rest_client] Request (TestNetworkBasicOps:test_connectivity_between_vms_on_different_networks): 201 POST http://10.0.2.15:9696/v2.0/security-group-rules 0.125s
2015-12-23 02:52:57,206 21176 DEBUG    [tempest_lib.common.rest_client] Request - Headers: {'Content-Type': 'application/json', 'Accept': 'application/json', 'X-Auth-Token': '&lt;omitted&gt;'}
        Body: {"security_group_rule": {"tenant_id": "ae589d3cff9f412687f46d081ea1e3be", "direction": "egress", "security_group_id": "2ce41108-2389-4e6f-bd0e-2eab2695b6f6", "protocol": "icmp", "ethertype": "IPv6"}}
    Response - Headers: {'status': '201', 'content-length': '344', 'connection': 'close', 'date': 'Wed, 23 Dec 2015 02:52:57 GMT', 'content-type': 'application/json; charset=UTF-8', 'x-openstack-request-id': 'req-1b3f5eb4-6b73-4ac2-8e05-924e375636f3'}
        Body: {"security_group_rule": {"remote_group_id": null, "direction": "egress", "remote_ip_prefix": null, "protocol": "icmp", "ethertype": "IPv6", "tenant_id": "ae589d3cff9f412687f46d081ea1e3be", "port_range_max": null, "port_range_min": null, "id": "4ff419ef-6e21-4bd5-9587-e1f5b9225737", "security_group_id": "2ce41108-2389-4e6f-bd0e-2eab2695b6f6"}}
2015-12-23 02:52:57,391 21176 INFO     [tempest_lib.common.rest_client] Request (TestNetworkBasicOps:test_connectivity_between_vms_on_different_networks): 201 POST http://10.0.2.15:9696/v2.0/networks 0.184s
2015-12-23 02:52:57,391 21176 DEBUG    [tempest_lib.common.rest_client] Request - Headers: {'Content-Type': 'application/json', 'Accept': 'application/json', 'X-Auth-Token': '&lt;omitted&gt;'}
        Body: {"network": {"tenant_id": "ae589d3cff9f412687f46d081ea1e3be", "name": "tempest-network-smoke--734174912"}}
    Response - Headers: {'status': '201', 'content-length': '328', 'connection': 'close', 'date': 'Wed, 23 Dec 2015 02:52:57 GMT', 'content-type': 'application/json; charset=UTF-8', 'x-openstack-request-id': 'req-d61f0c78-705d-4d1b-816c-68a4803b7a85'}
        Body: {"network": {"status": "ACTIVE", "subnets": [], "availability_zone_hints": "[]", "name": "tempest-network-smoke--734174912", "admin_state_up": true, "tenant_id": "ae589d3cff9f412687f46d081ea1e3be", "mtu": 0, "router:external": false, "shared": false, "port_security_enabled": true, "id": "e7b68602-9e8c-4621-960a-221ddb9394d3"}}
2015-12-23 02:52:57,471 21176 INFO     [tempest_lib.common.rest_client] Request (TestNetworkBasicOps:test_connectivity_between_vms_on_different_networks): 201 POST http://10.0.2.15:9696/v2.0/routers 0.079s
2015-12-23 02:52:57,472 21176 DEBUG    [tempest_lib.common.rest_client] Request - Headers: {'Content-Type': 'application/json', 'Accept': 'application/json', 'X-Auth-Token': '&lt;omitted&gt;'}
        Body: {"router": {"tenant_id": "ae589d3cff9f412687f46d081ea1e3be", "name": "tempest-router-smoke-1661957575", "admin_state_up": true}}
    Response - Headers: {'status': '201', 'content-length': '296', 'connection': 'close', 'date': 'Wed, 23 Dec 2015 02:52:57 GMT', 'content-type': 'application/json; charset=UTF-8', 'x-openstack-request-id': 'req-f71a36f8-95e9-49f0-a2ba-6d3581445ac2'}
        Body: {"router": {"status": "ACTIVE", "external_gateway_info": null, "availability_zone_hints": [], "availability_zones": [], "name": "tempest-router-smoke-1661957575", "admin_state_up": true, "tenant_id": "ae589d3cff9f412687f46d081ea1e3be", "routes": [], "id": "67bbaa81-a93a-45e6-9f0e-f3533325b58f"}}
2015-12-23 02:52:57,522 21176 INFO     [tempest_lib.common.rest_client] Request (TestNetworkBasicOps:test_connectivity_between_vms_on_different_networks): 200 GET http://10.0.2.15:9696/v2.0/routers/67bbaa81-a93a-45e6-9f0e-f3533325b58f 0.049s
2015-12-23 02:52:57,522 21176 DEBUG    [tempest_lib.common.rest_client] Request - Headers: {'Content-Type': 'application/json', 'Accept': 'application/json', 'X-Auth-Token': '&lt;omitted&gt;'}
        Body: None
    Response - Headers: {'status': '200', 'content-length': '296', 'content-location': 'http://10.0.2.15:9696/v2.0/routers/67bbaa81-a93a-45e6-9f0e-f3533325b58f', 'connection': 'close', 'date': 'Wed, 23 Dec 2015 02:52:57 GMT', 'content-type': 'application/json; charset=UTF-8', 'x-openstack-request-id': 'req-1a70051b-a4ba-4851-9b80-8c2614cc02d8'}
        Body: {"router": {"status": "ACTIVE", "external_gateway_info": null, "availability_zone_hints": [], "availability_zones": [], "name": "tempest-router-smoke-1661957575", "admin_state_up": true, "tenant_id": "ae589d3cff9f412687f46d081ea1e3be", "routes": [], "id": "67bbaa81-a93a-45e6-9f0e-f3533325b58f"}}
2015-12-23 02:52:58,285 21176 INFO     [tempest_lib.common.rest_client] Request (TestNetworkBasicOps:test_connectivity_between_vms_on_different_networks): 200 PUT http://10.0.2.15:9696/v2.0/routers/67bbaa81-a93a-45e6-9f0e-f3533325b58f 0.762s
2015-12-23 02:52:58,286 21176 DEBUG    [tempest_lib.common.rest_client] Request - Headers: {'Content-Type': 'application/json', 'Accept': 'application/json', 'X-Auth-Token': '&lt;omitted&gt;'}
        Body: {"router": {"external_gateway_info": {"network_id": "e1260c12-d6d0-438c-9930-87d21f5ff2f6"}, "name": "tempest-router-smoke-1661957575", "admin_state_up": true}}
    Response - Headers: {'status': '200', 'content-length': '558', 'connection': 'close', 'date': 'Wed, 23 Dec 2015 02:52:58 GMT', 'content-type': 'application/json; charset=UTF-8', 'x-openstack-request-id': 'req-78a24222-cb00-44ed-83ee-f3cf2268b60a'}
        Body: {"router": {"status": "ACTIVE", "external_gateway_info": {"network_id": "e1260c12-d6d0-438c-9930-87d21f5ff2f6", "enable_snat": true, "external_fixed_ips": [{"subnet_id": "a5fe2d8f-d305-49b2-894e-e0b2ab30977f", "ip_address": "172.24.4.3"}, {"subnet_id": "e4b03792-45eb-4510-8c14-53046af2886a", "ip_address": "2001:db8::3"}]}, "availability_zone_hints": [], "availability_zones": [], "name": "tempest-router-smoke-1661957575", "admin_state_up": true, "tenant_id": "ae589d3cff9f412687f46d081ea1e3be", "routes": [], "id": "67bbaa81-a93a-45e6-9f0e-f3533325b58f"}}
2015-12-23 02:52:58,450 21176 INFO     [tempest_lib.common.rest_client] Request (TestNetworkBasicOps:test_connectivity_between_vms_on_different_networks): 200 GET http://10.0.2.15:9696/v2.0/subnets?tenant_id=ae589d3cff9f412687f46d081ea1e3be&amp;cidr=10.100.0.0%2F28 0.162s
2015-12-23 02:52:58,450 21176 DEBUG    [tempest_lib.common.rest_client] Request - Headers: {'Content-Type': 'application/json', 'Accept': 'application/json', 'X-Auth-Token': '&lt;omitted&gt;'}
        Body: None
    Response - Headers: {'status': '200', 'content-length': '15', 'content-location': 'http://10.0.2.15:9696/v2.0/subnets?tenant_id=ae589d3cff9f412687f46d081ea1e3be&amp;cidr=10.100.0.0%2F28', 'connection': 'close', 'date': 'Wed, 23 Dec 2015 02:52:58 GMT', 'content-type': 'application/json; charset=UTF-8', 'x-openstack-request-id': 'req-ed640b50-bf16-4306-9960-a9e8f17e3a09'}
        Body: {"subnets": []}
2015-12-23 02:52:58,948 21176 INFO     [tempest_lib.common.rest_client] Request (TestNetworkBasicOps:test_connectivity_between_vms_on_different_networks): 201 POST http://10.0.2.15:9696/v2.0/subnets 0.497s
2015-12-23 02:52:58,949 21176 DEBUG    [tempest_lib.common.rest_client] Request - Headers: {'Content-Type': 'application/json', 'Accept': 'application/json', 'X-Auth-Token': '&lt;omitted&gt;'}
        Body: {"subnet": {"ip_version": 4, "tenant_id": "ae589d3cff9f412687f46d081ea1e3be", "cidr": "10.100.0.0/28", "network_id": "e7b68602-9e8c-4621-960a-221ddb9394d3", "name": "tempest-subnet-smoke-609457881"}}
    Response - Headers: {'status': '201', 'content-length': '477', 'connection': 'close', 'date': 'Wed, 23 Dec 2015 02:52:58 GMT', 'content-type': 'application/json; charset=UTF-8', 'x-openstack-request-id': 'req-9362594c-5e9d-4f7f-bf20-51ec7d7aac80'}
        Body: {"subnet": {"name": "tempest-subnet-smoke-609457881", "enable_dhcp": true, "network_id": "e7b68602-9e8c-4621-960a-221ddb9394d3", "tenant_id": "ae589d3cff9f412687f46d081ea1e3be", "dns_nameservers": [], "gateway_ip": "10.100.0.1", "ipv6_ra_mode": null, "allocation_pools": [{"start": "10.100.0.2", "end": "10.100.0.14"}], "host_routes": [], "ip_version": 4, "ipv6_address_mode": null, "cidr": "10.100.0.0/28", "id": "9fae1816-1b14-4ab1-b54c-df5b616f5c83", "subnetpool_id": null}}
2015-12-23 02:52:59,829 21176 INFO     [tempest_lib.common.rest_client] Request (TestNetworkBasicOps:test_connectivity_between_vms_on_different_networks): 200 PUT http://10.0.2.15:9696/v2.0/routers/67bbaa81-a93a-45e6-9f0e-f3533325b58f/add_router_interface 0.880s
2015-12-23 02:52:59,830 21176 DEBUG    [tempest_lib.common.rest_client] Request - Headers: {'Content-Type': 'application/json', 'Accept': 'application/json', 'X-Auth-Token': '&lt;omitted&gt;'}
        Body: {"subnet_id": "9fae1816-1b14-4ab1-b54c-df5b616f5c83"}
    Response - Headers: {'status': '200', 'content-length': '255', 'connection': 'close', 'date': 'Wed, 23 Dec 2015 02:52:59 GMT', 'content-type': 'application/json; charset=UTF-8', 'x-openstack-request-id': 'req-aa230de0-6b79-4520-9687-43ef9bd2d618'}
        Body: {"subnet_id": "9fae1816-1b14-4ab1-b54c-df5b616f5c83", "tenant_id": "ae589d3cff9f412687f46d081ea1e3be", "subnet_ids": ["9fae1816-1b14-4ab1-b54c-df5b616f5c83"], "port_id": "443534a5-90f8-4a93-8445-732237970fd6", "id": "67bbaa81-a93a-45e6-9f0e-f3533325b58f"}
2015-12-23 02:53:00,025 21176 INFO     [tempest_lib.common.rest_client] Request (TestNetworkBasicOps:test_connectivity_between_vms_on_different_networks): 200 GET http://10.0.2.15:9696/v2.0/networks 0.194s
2015-12-23 02:53:00,026 21176 DEBUG    [tempest_lib.common.rest_client] Request - Headers: {'Content-Type': 'application/json', 'Accept': 'application/json', 'X-Auth-Token': '&lt;omitted&gt;'}
        Body: None
    Response - Headers: {'status': '200', 'content-length': '1506', 'content-location': 'http://10.0.2.15:9696/v2.0/networks', 'connection': 'close', 'date': 'Wed, 23 Dec 2015 02:53:00 GMT', 'content-type': 'application/json; charset=UTF-8', 'x-openstack-request-id': 'req-440daf24-77d6-4fe2-a3e1-6586deb4d5fb'}
        Body: {"networks": [{"status": "ACTIVE", "subnets": ["e4b03792-45eb-4510-8c14-53046af2886a", "a5fe2d8f-d305-49b2-894e-e0b2ab30977f"], "availability_zone_hints": [], "availability_zones": ["nova"], "name": "public", "provider:physical_network": null, "admin_state_up": true, "tenant_id": "d3a20a195dcd4a68a498be57e7886679", "mtu": 0, "router:external": true, "shared": false, "port_security_enabled": true, "provider:network_type": "vxlan", "id": "e1260c12-d6d0-438c-9930-87d21f5ff2f6", "provider:segmentation_id": 1016}, {"status": "ACTIVE", "subnets": ["a08362e1-0e21-4bf3-82c1-c0907e1db117", "85e29279-fefb-4907-ae1b-a33b75a4466d"], "availability_zone_hints": [], "availability_zones": ["nova"], "name": "private", "provider:physical_network": null, "admin_state_up": true, "tenant_id": "806bcdf643f340dea184cb8b6e943042", "mtu": 0, "router:external": false, "shared": false, "port_security_enabled": true, "provider:network_type": "vxlan", "id": "bcd562ca-aee9-43b3-ad2c-11fc824e51a9", "provider:segmentation_id": 1090}, {"status": "ACTIVE", "subnets": ["9fae1816-1b14-4ab1-b54c-df5b616f5c83"], "availability_zone_hints": [], "availability_zones": ["nova"], "name": "tempest-network-smoke--734174912", "provider:physical_network": null, "admin_state_up": true, "tenant_id": "ae589d3cff9f412687f46d081ea1e3be", "mtu": 0, "router:external": false, "shared": false, "port_security_enabled": true, "provider:network_type": "vxlan", "id": "e7b68602-9e8c-4621-960a-221ddb9394d3", "provider:segmentation_id": 1020}]}
2015-12-23 02:53:00,081 21176 INFO     [tempest_lib.common.rest_client] Request (TestNetworkBasicOps:test_connectivity_between_vms_on_different_networks): 200 GET http://10.0.2.15:9696/v2.0/subnets 0.054s
2015-12-23 02:53:00,082 21176 DEBUG    [tempest_lib.common.rest_client] Request - Headers: {'Content-Type': 'application/json', 'Accept': 'application/json', 'X-Auth-Token': '&lt;omitted&gt;'}
        Body: None
    Response - Headers: {'status': '200', 'content-length': '2403', 'content-location': 'http://10.0.2.15:9696/v2.0/subnets', 'connection': 'close', 'date': 'Wed, 23 Dec 2015 02:53:00 GMT', 'content-type': 'application/json; charset=UTF-8', 'x-openstack-request-id': 'req-6dce809c-b3aa-40f7-9af8-bd9098b6b79d'}
        Body: {"subnets": [{"name": "tempest-subnet-smoke-609457881", "enable_dhcp": true, "network_id": "e7b68602-9e8c-4621-960a-221ddb9394d3", "tenant_id": "ae589d3cff9f412687f46d081ea1e3be", "dns_nameservers": [], "gateway_ip": "10.100.0.1", "ipv6_ra_mode": null, "allocation_pools": [{"start": "10.100.0.2", "end": "10.100.0.14"}], "host_routes": [], "ip_version": 4, "ipv6_address_mode": null, "cidr": "10.100.0.0/28", "id": "9fae1816-1b14-4ab1-b54c-df5b616f5c83", "subnetpool_id": null}, {"name": "ipv6-public-subnet", "enable_dhcp": false, "network_id": "e1260c12-d6d0-438c-9930-87d21f5ff2f6", "tenant_id": "d3a20a195dcd4a68a498be57e7886679", "dns_nameservers": [], "gateway_ip": "2001:db8::2", "ipv6_ra_mode": null, "allocation_pools": [{"start": "2001:db8::3", "end": "2001:db8::ffff:ffff:ffff:ffff"}, {"start": "2001:db8::1", "end": "2001:db8::1"}], "host_routes": [], "ip_version": 6, "ipv6_address_mode": null, "cidr": "2001:db8::/64", "id": "e4b03792-45eb-4510-8c14-53046af2886a", "subnetpool_id": null}, {"name": "private-subnet", "enable_dhcp": true, "network_id": "bcd562ca-aee9-43b3-ad2c-11fc824e51a9", "tenant_id": "806bcdf643f340dea184cb8b6e943042", "dns_nameservers": [], "gateway_ip": "10.0.0.1", "ipv6_ra_mode": null, "allocation_pools": [{"start": "10.0.0.2", "end": "10.0.0.254"}], "host_routes": [], "ip_version": 4, "ipv6_address_mode": null, "cidr": "10.0.0.0/24", "id": "85e29279-fefb-4907-ae1b-a33b75a4466d", "subnetpool_id": null}, {"name": "public-subnet", "enable_dhcp": false, "network_id": "e1260c12-d6d0-438c-9930-87d21f5ff2f6", "tenant_id": "d3a20a195dcd4a68a498be57e7886679", "dns_nameservers": [], "gateway_ip": "172.24.4.1", "ipv6_ra_mode": null, "allocation_pools": [{"start": "172.24.4.2", "end": "172.24.4.254"}], "host_routes": [], "ip_version": 4, "ipv6_address_mode": null, "cidr": "172.24.4.0/24", "id": "a5fe2d8f-d305-49b2-894e-e0b2ab30977f", "subnetpool_id": null}, {"name": "ipv6-private-subnet", "enable_dhcp": true, "network_id": "bcd562ca-aee9-43b3-ad2c-11fc824e51a9", "tenant_id": "806bcdf643f340dea184cb8b6e943042", "dns_nameservers": [], "gateway_ip": "fdd3:30c:ba33::1", "ipv6_ra_mode": "slaac", "allocation_pools": [{"start": "fdd3:30c:ba33::2", "end": "fdd3:30c:ba33:0:ffff:ffff:ffff:ffff"}], "host_routes": [], "ip_version": 6, "ipv6_address_mode": "slaac", "cidr": "fdd3:30c:ba33::/64", "id": "a08362e1-0e21-4bf3-82c1-c0907e1db117", "subnetpool_id": null}]}
2015-12-23 02:53:00,134 21176 INFO     [tempest_lib.common.rest_client] Request (TestNetworkBasicOps:test_connectivity_between_vms_on_different_networks): 200 GET http://10.0.2.15:9696/v2.0/routers 0.051s
2015-12-23 02:53:00,134 21176 DEBUG    [tempest_lib.common.rest_client] Request - Headers: {'Content-Type': 'application/json', 'Accept': 'application/json', 'X-Auth-Token': '&lt;omitted&gt;'}
        Body: None
    Response - Headers: {'status': '200', 'content-length': '1167', 'content-location': 'http://10.0.2.15:9696/v2.0/routers', 'connection': 'close', 'date': 'Wed, 23 Dec 2015 02:53:00 GMT', 'content-type': 'application/json; charset=UTF-8', 'x-openstack-request-id': 'req-66aee5fc-1489-4137-b0fd-0355603cb4ce'}
        Body: {"routers": [{"status": "ACTIVE", "external_gateway_info": {"network_id": "e1260c12-d6d0-438c-9930-87d21f5ff2f6", "enable_snat": true, "external_fixed_ips": [{"subnet_id": "a5fe2d8f-d305-49b2-894e-e0b2ab30977f", "ip_address": "172.24.4.2"}, {"subnet_id": "e4b03792-45eb-4510-8c14-53046af2886a", "ip_address": "2001:db8::1"}]}, "availability_zone_hints": [], "availability_zones": ["nova"], "name": "router1", "admin_state_up": true, "tenant_id": "806bcdf643f340dea184cb8b6e943042", "distributed": false, "routes": [], "ha": false, "id": "2becccdb-3848-42c7-a54f-01d51e32a08b"}, {"status": "ACTIVE", "external_gateway_info": {"network_id": "e1260c12-d6d0-438c-9930-87d21f5ff2f6", "enable_snat": true, "external_fixed_ips": [{"subnet_id": "a5fe2d8f-d305-49b2-894e-e0b2ab30977f", "ip_address": "172.24.4.3"}, {"subnet_id": "e4b03792-45eb-4510-8c14-53046af2886a", "ip_address": "2001:db8::3"}]}, "availability_zone_hints": [], "availability_zones": ["nova"], "name": "tempest-router-smoke-1661957575", "admin_state_up": true, "tenant_id": "ae589d3cff9f412687f46d081ea1e3be", "distributed": false, "routes": [], "ha": false, "id": "67bbaa81-a93a-45e6-9f0e-f3533325b58f"}]}
2015-12-23 02:53:00,613 21176 INFO     [tempest_lib.common.rest_client] Request (TestNetworkBasicOps:test_connectivity_between_vms_on_different_networks): 200 POST http://10.0.2.15:8774/v2.1/ae589d3cff9f412687f46d081ea1e3be/os-keypairs 0.477s
2015-12-23 02:53:00,613 21176 DEBUG    [tempest_lib.common.rest_client] Request - Headers: {'Content-Type': 'application/json', 'Accept': 'application/json', 'X-Auth-Token': '&lt;omitted&gt;'}
        Body: {"keypair": {"name": "tempest-TestNetworkBasicOps-743103334"}}
    Response - Headers: {'status': '200', 'content-length': '2320', 'x-compute-request-id': 'req-15faa289-922c-4d1b-8f10-b39306489cad', 'vary': 'X-OpenStack-Nova-API-Version', 'connection': 'close', 'x-openstack-nova-api-version': '2.1', 'date': 'Wed, 23 Dec 2015 02:53:00 GMT', 'content-type': 'application/json'}
        Body: {"keypair": {"public_key": "ssh-rsa AAAAB3NzaC1yc2EAAAADAQABAAABAQC0qdWqD8I4p0nU1xodv1Q1w1KtNXL5ivcb4O7kKn8dvi7hiFw7fXsWwfaOxjov8lRDvkdNnKteciPfn7OxYRXJja9r6aoTCaC76c0VDzfPL0r0LfSlRWQXqVctO1NPnJ6BpVQo5Sx45pcKRq8rN3LxMulYFL3Pegvx4jbmymUWkXwEUhMaugx4bbOyDcGrrU3GCezFem0OaZBqwGvzYKE0jNEE9gdnIV4Ym3GdUVQwpc2gNomIZI2e1vlP+173cZdwBh36VBAtSY403GI1LQVn2wRmsSDAt8/Pv7SLr2FKWkV1FcM13fSZ6G8ZIWGkB7yAV+ciLS3wMH7/9MyST6e5 Generated-by-Nova", "private_key": "-----BEGIN RSA PRIVATE KEY-----\nMIIEqAIBAAKCAQEAtKnVqg/COKdJ1NcaHb9UNcNSrTVy+Yr3G+Du5Cp/Hb4u4Yhc\nO317FsH2jsY6L/JUQ75HTZyrXnIj35+zsWEVyY2va+mqEwmgu+nNFQ83zy9K9C30\npUVkF6lXLTtTT5yegaVUKOUseOaXCkavKzdy8TLpWBS9z3oL8eI25splFpF8BFIT\nGroMeG2zsg3Bq61NxgnsxXptDmmQasBr82ChNIzRBPYHZyFeGJtxnVFUMKXNoDaJ\niGSNntb5T/te93GXcAYd+lQQLUmONNxiNS0FZ9sEZrEgwLfPz7+0i69hSlpFdRXD\nNd30mehvGSFhpAe8gFfnIi0t8DB+//TMkk+nuQIDAQABAoIBACUIc03q8Qsf75h7\nh1T1tVNX+Iic3jac7859KzsGIwx7waxlgVKIhETD+cCGjcLqT6+bP45/QPmZOBVM\n7U688fRg4MakHULNxG8AnBNnDS+hKCIpkW6XbM8U3VPeR1OYbT1yIHBJmfYmfmuS\n1bFsKlma8A4oIkh3Yh9xGYPxlQss6p0XQAfnPbfW9LBlAeSf/vPug0KjdmnLg3r5\nT3yRupH5FQXtZLcwBi+z6pq3aXcpQwPFgw+C/pPyHO2h9nkyzftp6x/dHdAxTAJs\n7hF5tWN6okql93YbSIUOqzIz6or72+KORoRdL2YaEkukBgITjjf8T4NMF0C7oVqJ\nnDvEVykCggCBAMAGKOlSlBwwYsOepcKL2h6Zhz2HOMW8MwUhdUlCgD42URwdOAMo\nzs1Ylwlt9yutMUiQuKI/+MGf61j41d49N67KKt9Z2DxDgm4aFH0Kjv1wxmoqXY61\n1cLZDpMLS5aySch3sAB2DikFDbqtLf4zmNomdUnKTDHr+XDRxgYttxijAoIAgQDw\n2rgQEnsgb0kWu+gCmXs6r2Xs2UiIKNMVvSPBvFM8PRZC7izfdDy9MbRARPYl8vUu\n8fuespnL8JO5CsCn4nyLa9A4Te2Pl1HjZadMv3MtLZ5h9SC6BVew9ESol8UAZC+c\nAVutvLrzzbCVShnZsxmLlAjQCkBx9Uvc76kGPir38wKCAIB814RhrT591Tdg1xQN\nl78HhelXJ0LRy7mf7FDEgGfACrBRBu4Tn8RT3PTVPJkl3EPeWbiwQ8cGm2H3RlBF\nXKeHDAkzjMX46Cs0SeBoKyUrwNY+z6xjy/Rd6aCAGSfboa42lxnmMtqh8Jcsdssg\nKYuGyNoYT12aV0ClCL0l5zLS4QKCAIEAjSYwrkKWY8i0FZ2jdzqJLDg0TFx+FEWQ\nhvHkLZp3URsfm7PHGmEdY2bokq2Xb1/17kAjzLowRYNEnzG8++ZQRMi3KvgIW5k7\nhT9Cj0i3b+eHJTMprbqJzIsqXX8sFXGhMRTerG+pRE3ryWG2yo0aUGE91OXdJKuz\nfNP6w0zVk58CggCAAg0G7EEHhelhqLk04xwbso7uPPB0UJUSBWVYCOZXvF+FPJ9K\nCJJcrb6SPVujc7IF86W8Wo12R5nJ0DwP1T1BDRPnVMFZwAl1hRmUfW92U6+0l870\nQshHDRFOHkaIlfuFyDDDwLH2PmEnyYDx5PeHgUaDZ/mQK88hNHkKbIu+coU=\n-----END RSA PRIVATE KEY-----\n", "user_id": "209dbe880bc94add95f1a0622a2bc037", "name": "tempest-TestNetworkBasicOps-743103334", "fingerprint": "4c:6f:0a:60:34:cf:e4:25:79:8d:17:dd:6c:45:bc:7e"}}
2015-12-23 02:53:00,721 21176 INFO     [tempest_lib.common.rest_client] Request (TestNetworkBasicOps:test_connectivity_between_vms_on_different_networks): 200 POST http://10.0.2.15:5000/v2.0/tokens
2015-12-23 02:53:00,721 21176 DEBUG    [tempest_lib.common.rest_client] Request - Headers: {'Content-Type': 'application/json', 'Accept': 'application/json'}
        Body: &lt;omitted&gt;
    Response - Headers: {'status': '200', 'content-length': '2530', 'vary': 'X-Auth-Token', 'server': 'Apache/2.4.7 (Ubuntu)', 'connection': 'close', 'date': 'Wed, 23 Dec 2015 02:53:00 GMT', 'content-type': 'application/json', 'x-openstack-request-id': 'req-a1d19c55-b437-463e-84af-ccf9f5c2734c'}
        Body: {"access": {"token": {"issued_at": "2015-12-23T02:53:00.711652", "expires": "2015-12-23T03:53:00Z", "id": "59a8576e36ed4fb68857bdee753b22b8", "tenant": {"description": "tempest-TestNetworkBasicOps-1111306046-desc", "enabled": true, "id": "ae589d3cff9f412687f46d081ea1e3be", "name": "tempest-TestNetworkBasicOps-1111306046"}, "audit_ids": ["6iNPrD0NRxqXWY1-_QVe5w"]}, "serviceCatalog": [{"endpoints": [{"adminURL": "http://10.0.2.15:8774/v2.1/ae589d3cff9f412687f46d081ea1e3be", "region": "RegionOne", "internalURL": "http://10.0.2.15:8774/v2.1/ae589d3cff9f412687f46d081ea1e3be", "id": "22b39a4581b64ec2930ddf17a9493ee1", "publicURL": "http://10.0.2.15:8774/v2.1/ae589d3cff9f412687f46d081ea1e3be"}], "endpoints_links": [], "type": "compute", "name": "nova"}, {"endpoints": [{"adminURL": "http://10.0.2.15:9696/", "region": "RegionOne", "internalURL": "http://10.0.2.15:9696/", "id": "2f542e5e79d949bb8f1cbfa363a4eb16", "publicURL": "http://10.0.2.15:9696/"}], "endpoints_links": [], "type": "network", "name": "neutron"}, {"endpoints": [{"adminURL": "http://10.0.2.15:9292", "region": "RegionOne", "internalURL": "http://10.0.2.15:9292", "id": "9174fa5d35864e32bf6d4764ef046593", "publicURL": "http://10.0.2.15:9292"}], "endpoints_links": [], "type": "image", "name": "glance"}, {"endpoints": [{"adminURL": "http://10.0.2.15:8774/v2/ae589d3cff9f412687f46d081ea1e3be", "region": "RegionOne", "internalURL": "http://10.0.2.15:8774/v2/ae589d3cff9f412687f46d081ea1e3be", "id": "577e8d0fee6e4ef4969351a2989102aa", "publicURL": "http://10.0.2.15:8774/v2/ae589d3cff9f412687f46d081ea1e3be"}], "endpoints_links": [], "type": "compute_legacy", "name": "nova_legacy"}, {"endpoints": [{"adminURL": "http://10.0.2.15:8773/", "region": "RegionOne", "internalURL": "http://10.0.2.15:8773/", "id": "01264782bf844c0ca5809467e6904668", "publicURL": "http://10.0.2.15:8773/"}], "endpoints_links": [], "type": "ec2", "name": "ec2"}, {"endpoints": [{"adminURL": "http://10.0.2.15:35357/v2.0", "region": "RegionOne", "internalURL": "http://10.0.2.15:5000/v2.0", "id": "01f87aae78774c1ca582dab6a9718beb", "publicURL": "http://10.0.2.15:5000/v2.0"}], "endpoints_links": [], "type": "identity", "name": "keystone"}], "user": {"username": "tempest-TestNetworkBasicOps-1519916710", "roles_links": [], "id": "209dbe880bc94add95f1a0622a2bc037", "roles": [{"name": "_member_"}, {"name": "Member"}], "name": "tempest-TestNetworkBasicOps-1519916710"}, "metadata": {"is_admin": 0, "roles": ["9fe2ff9ee4384b1894a90878d3e92bab", "c487244240fe4292bf5c013c87429eab"]}}}
2015-12-23 02:53:00,728 21176 DEBUG    [tempest.common.fixed_network] (TestNetworkBasicOps:test_connectivity_between_vms_on_different_networks) No valid network provided or created, defaulting to fixed_network_name
2015-12-23 02:53:01,041 21176 INFO     [tempest_lib.common.rest_client] Request (TestNetworkBasicOps:test_connectivity_between_vms_on_different_networks): 200 GET http://10.0.2.15:8774/v2.1/ae589d3cff9f412687f46d081ea1e3be/os-networks 0.312s
2015-12-23 02:53:01,041 21176 DEBUG    [tempest_lib.common.rest_client] Request - Headers: {'Content-Type': 'application/json', 'Accept': 'application/json', 'X-Auth-Token': '&lt;omitted&gt;'}
        Body: None
    Response - Headers: {'status': '200', 'content-length': '478', 'content-location': 'http://10.0.2.15:8774/v2.1/ae589d3cff9f412687f46d081ea1e3be/os-networks', 'x-compute-request-id': 'req-2e772b86-044c-49a2-9215-b253a1a54ce1', 'vary': 'X-OpenStack-Nova-API-Version', 'connection': 'close', 'x-openstack-nova-api-version': '2.1', 'date': 'Wed, 23 Dec 2015 02:53:01 GMT', 'content-type': 'application/json'}
        Body: {"networks": [{"cidr_v6": null, "dns2": null, "dns1": null, "gateway": null, "broadcast": null, "netmask": null, "gateway_v6": null, "cidr": null, "label": "tempest-network-smoke--734174912", "id": "e7b68602-9e8c-4621-960a-221ddb9394d3", "netmask_v6": null}, {"cidr_v6": null, "dns2": null, "dns1": null, "gateway": null, "broadcast": null, "netmask": null, "gateway_v6": null, "cidr": null, "label": "public", "id": "e1260c12-d6d0-438c-9930-87d21f5ff2f6", "netmask_v6": null}]}
2015-12-23 02:53:01,042 21176 WARNING  [tempest.common.fixed_network] (TestNetworkBasicOps:test_connectivity_between_vms_on_different_networks) Network with name: private not found
2015-12-23 02:53:01,043 21176 INFO     [tempest.common.fixed_network] (TestNetworkBasicOps:test_connectivity_between_vms_on_different_networks) Found network {} available for tenant
2015-12-23 02:53:02,766 21176 INFO     [tempest_lib.common.rest_client] Request (TestNetworkBasicOps:test_connectivity_between_vms_on_different_networks): 202 POST http://10.0.2.15:8774/v2.1/ae589d3cff9f412687f46d081ea1e3be/servers 1.722s
2015-12-23 02:53:02,767 21176 DEBUG    [tempest_lib.common.rest_client] Request - Headers: {'Content-Type': 'application/json', 'Accept': 'application/json', 'X-Auth-Token': '&lt;omitted&gt;'}
        Body: {"server": {"name": "tempest.common.compute-instance-1349600481", "imageRef": "119cb01a-e894-442c-828c-3877ba320134", "key_name": "tempest-TestNetworkBasicOps-743103334", "flavorRef": "42", "networks": [{"uuid": "e7b68602-9e8c-4621-960a-221ddb9394d3"}], "security_groups": [{"name": "tempest-secgroup-smoke-566671847"}]}}
    Response - Headers: {'status': '202', 'content-length': '461', 'x-compute-request-id': 'req-21bdf369-035d-468c-8e62-8191b3570353', 'vary': 'X-OpenStack-Nova-API-Version', 'connection': 'close', 'location': 'http://10.0.2.15:8774/v2.1/ae589d3cff9f412687f46d081ea1e3be/servers/679f9dcc-a63c-4af8-ab0f-07353310bf68', 'x-openstack-nova-api-version': '2.1', 'date': 'Wed, 23 Dec 2015 02:53:02 GMT', 'content-type': 'application/json'}
        Body: {"server": {"security_groups": [{"name": "tempest-secgroup-smoke-566671847"}], "OS-DCF:diskConfig": "MANUAL", "id": "679f9dcc-a63c-4af8-ab0f-07353310bf68", "links": [{"href": "http://10.0.2.15:8774/v2.1/ae589d3cff9f412687f46d081ea1e3be/servers/679f9dcc-a63c-4af8-ab0f-07353310bf68", "rel": "self"}, {"href": "http://10.0.2.15:8774/ae589d3cff9f412687f46d081ea1e3be/servers/679f9dcc-a63c-4af8-ab0f-07353310bf68", "rel": "bookmark"}], "adminPass": "suAQ2YdXhdXS"}}
2015-12-23 02:53:02,909 21176 INFO     [tempest_lib.common.rest_client] Request (TestNetworkBasicOps:test_connectivity_between_vms_on_different_networks): 200 GET http://10.0.2.15:8774/v2.1/ae589d3cff9f412687f46d081ea1e3be/servers/679f9dcc-a63c-4af8-ab0f-07353310bf68 0.140s
2015-12-23 02:53:02,910 21176 DEBUG    [tempest_lib.common.rest_client] Request - Headers: {'Content-Type': 'application/json', 'Accept': 'application/json', 'X-Auth-Token': '&lt;omitted&gt;'}
        Body: None
    Response - Headers: {'status': '200', 'content-length': '1355', 'content-location': 'http://10.0.2.15:8774/v2.1/ae589d3cff9f412687f46d081ea1e3be/servers/679f9dcc-a63c-4af8-ab0f-07353310bf68', 'x-compute-request-id': 'req-85ac8f76-0245-47d9-937f-1871ef5f7f73', 'vary': 'X-OpenStack-Nova-API-Version', 'connection': 'close', 'x-openstack-nova-api-version': '2.1', 'date': 'Wed, 23 Dec 2015 02:53:02 GMT', 'content-type': 'application/json'}
        Body: {"server": {"status": "BUILD", "updated": "2015-12-23T02:53:02Z", "hostId": "", "addresses": {}, "links": [{"href": "http://10.0.2.15:8774/v2.1/ae589d3cff9f412687f46d081ea1e3be/servers/679f9dcc-a63c-4af8-ab0f-07353310bf68", "rel": "self"}, {"href": "http://10.0.2.15:8774/ae589d3cff9f412687f46d081ea1e3be/servers/679f9dcc-a63c-4af8-ab0f-07353310bf68", "rel": "bookmark"}], "key_name": "tempest-TestNetworkBasicOps-743103334", "image": {"id": "119cb01a-e894-442c-828c-3877ba320134", "links": [{"href": "http://10.0.2.15:8774/ae589d3cff9f412687f46d081ea1e3be/images/119cb01a-e894-442c-828c-3877ba320134", "rel": "bookmark"}]}, "OS-EXT-STS:task_state": "scheduling", "OS-EXT-STS:vm_state": "building", "OS-SRV-USG:launched_at": null, "flavor": {"id": "42", "links": [{"href": "http://10.0.2.15:8774/ae589d3cff9f412687f46d081ea1e3be/flavors/42", "rel": "bookmark"}]}, "id": "679f9dcc-a63c-4af8-ab0f-07353310bf68", "OS-SRV-USG:terminated_at": null, "OS-EXT-AZ:availability_zone": "", "user_id": "209dbe880bc94add95f1a0622a2bc037", "name": "tempest.common.compute-instance-1349600481", "created": "2015-12-23T02:53:02Z", "tenant_id": "ae589d3cff9f412687f46d081ea1e3be", "OS-DCF:diskConfig": "MANUAL", "os-extended-volumes:volumes_attached": [], "accessIPv4": "", "accessIPv6": "", "progress": 0, "OS-EXT-STS:power_state": 0, "config_drive": "", "metadata": {}}}
2015-12-23 02:53:04,079 21176 INFO     [tempest_lib.common.rest_client] Request (TestNetworkBasicOps:test_connectivity_between_vms_on_different_networks): 200 GET http://10.0.2.15:8774/v2.1/ae589d3cff9f412687f46d081ea1e3be/servers/679f9dcc-a63c-4af8-ab0f-07353310bf68 0.157s
2015-12-23 02:53:04,080 21176 DEBUG    [tempest_lib.common.rest_client] Request - Headers: {'Content-Type': 'application/json', 'Accept': 'application/json', 'X-Auth-Token': '&lt;omitted&gt;'}
        Body: None
    Response - Headers: {'status': '200', 'content-length': '1413', 'content-location': 'http://10.0.2.15:8774/v2.1/ae589d3cff9f412687f46d081ea1e3be/servers/679f9dcc-a63c-4af8-ab0f-07353310bf68', 'x-compute-request-id': 'req-bfafb5ed-a5bc-45c9-ae2d-c7405c99f326', 'vary': 'X-OpenStack-Nova-API-Version', 'connection': 'close', 'x-openstack-nova-api-version': '2.1', 'date': 'Wed, 23 Dec 2015 02:53:04 GMT', 'content-type': 'application/json'}
        Body: {"server": {"status": "BUILD", "updated": "2015-12-23T02:53:03Z", "hostId": "77f5d37bf87b7bed7bdc17fc1fd0bc85399d68779bcba36e4b1d68f2", "addresses": {}, "links": [{"href": "http://10.0.2.15:8774/v2.1/ae589d3cff9f412687f46d081ea1e3be/servers/679f9dcc-a63c-4af8-ab0f-07353310bf68", "rel": "self"}, {"href": "http://10.0.2.15:8774/ae589d3cff9f412687f46d081ea1e3be/servers/679f9dcc-a63c-4af8-ab0f-07353310bf68", "rel": "bookmark"}], "key_name": "tempest-TestNetworkBasicOps-743103334", "image": {"id": "119cb01a-e894-442c-828c-3877ba320134", "links": [{"href": "http://10.0.2.15:8774/ae589d3cff9f412687f46d081ea1e3be/images/119cb01a-e894-442c-828c-3877ba320134", "rel": "bookmark"}]}, "OS-EXT-STS:task_state": "spawning", "OS-EXT-STS:vm_state": "building", "OS-SRV-USG:launched_at": null, "flavor": {"id": "42", "links": [{"href": "http://10.0.2.15:8774/ae589d3cff9f412687f46d081ea1e3be/flavors/42", "rel": "bookmark"}]}, "id": "679f9dcc-a63c-4af8-ab0f-07353310bf68", "OS-SRV-USG:terminated_at": null, "OS-EXT-AZ:availability_zone": "nova", "user_id": "209dbe880bc94add95f1a0622a2bc037", "name": "tempest.common.compute-instance-1349600481", "created": "2015-12-23T02:53:02Z", "tenant_id": "ae589d3cff9f412687f46d081ea1e3be", "OS-DCF:diskConfig": "MANUAL", "os-extended-volumes:volumes_attached": [], "accessIPv4": "", "accessIPv6": "", "progress": 0, "OS-EXT-STS:power_state": 0, "config_drive": "", "metadata": {}}}
2015-12-23 02:53:04,088 21176 INFO     [tempest.common.waiters] State transition "BUILD/scheduling" ==&gt; "BUILD/spawning" after 2 second wait
2015-12-23 02:53:05,352 21176 INFO     [tempest_lib.common.rest_client] Request (TestNetworkBasicOps:test_connectivity_between_vms_on_different_networks): 200 GET http://10.0.2.15:8774/v2.1/ae589d3cff9f412687f46d081ea1e3be/servers/679f9dcc-a63c-4af8-ab0f-07353310bf68 0.262s
2015-12-23 02:53:05,352 21176 DEBUG    [tempest_lib.common.rest_client] Request - Headers: {'Content-Type': 'application/json', 'Accept': 'application/json', 'X-Auth-Token': '&lt;omitted&gt;'}
        Body: None
    Response - Headers: {'status': '200', 'content-length': '1480', 'content-location': 'http://10.0.2.15:8774/v2.1/ae589d3cff9f412687f46d081ea1e3be/servers/679f9dcc-a63c-4af8-ab0f-07353310bf68', 'x-compute-request-id': 'req-ea918a3e-7225-4f9c-8078-10f6812691de', 'vary': 'X-OpenStack-Nova-API-Version', 'connection': 'close', 'x-openstack-nova-api-version': '2.1', 'date': 'Wed, 23 Dec 2015 02:53:05 GMT', 'content-type': 'application/json'}
        Body: {"server": {"status": "BUILD", "updated": "2015-12-23T02:53:03Z", "hostId": "77f5d37bf87b7bed7bdc17fc1fd0bc85399d68779bcba36e4b1d68f2", "addresses": {}, "links": [{"href": "http://10.0.2.15:8774/v2.1/ae589d3cff9f412687f46d081ea1e3be/servers/679f9dcc-a63c-4af8-ab0f-07353310bf68", "rel": "self"}, {"href": "http://10.0.2.15:8774/ae589d3cff9f412687f46d081ea1e3be/servers/679f9dcc-a63c-4af8-ab0f-07353310bf68", "rel": "bookmark"}], "key_name": "tempest-TestNetworkBasicOps-743103334", "image": {"id": "119cb01a-e894-442c-828c-3877ba320134", "links": [{"href": "http://10.0.2.15:8774/ae589d3cff9f412687f46d081ea1e3be/images/119cb01a-e894-442c-828c-3877ba320134", "rel": "bookmark"}]}, "OS-EXT-STS:task_state": "spawning", "OS-EXT-STS:vm_state": "building", "OS-SRV-USG:launched_at": null, "flavor": {"id": "42", "links": [{"href": "http://10.0.2.15:8774/ae589d3cff9f412687f46d081ea1e3be/flavors/42", "rel": "bookmark"}]}, "id": "679f9dcc-a63c-4af8-ab0f-07353310bf68", "security_groups": [{"name": "tempest-secgroup-smoke-566671847"}], "OS-SRV-USG:terminated_at": null, "OS-EXT-AZ:availability_zone": "nova", "user_id": "209dbe880bc94add95f1a0622a2bc037", "name": "tempest.common.compute-instance-1349600481", "created": "2015-12-23T02:53:02Z", "tenant_id": "ae589d3cff9f412687f46d081ea1e3be", "OS-DCF:diskConfig": "MANUAL", "os-extended-volumes:volumes_attached": [], "accessIPv4": "", "accessIPv6": "", "progress": 0, "OS-EXT-STS:power_state": 0, "config_drive": "", "metadata": {}}}
2015-12-23 02:53:06,781 21176 INFO     [tempest_lib.common.rest_client] Request (TestNetworkBasicOps:test_connectivity_between_vms_on_different_networks): 200 GET http://10.0.2.15:8774/v2.1/ae589d3cff9f412687f46d081ea1e3be/servers/679f9dcc-a63c-4af8-ab0f-07353310bf68 0.417s
2015-12-23 02:53:06,782 21176 DEBUG    [tempest_lib.common.rest_client] Request - Headers: {'Content-Type': 'application/json', 'Accept': 'application/json', 'X-Auth-Token': '&lt;omitted&gt;'}
        Body: None
    Response - Headers: {'status': '200', 'content-length': '1651', 'content-location': 'http://10.0.2.15:8774/v2.1/ae589d3cff9f412687f46d081ea1e3be/servers/679f9dcc-a63c-4af8-ab0f-07353310bf68', 'x-compute-request-id': 'req-613530b3-54e8-4945-8b60-4658922df522', 'vary': 'X-OpenStack-Nova-API-Version', 'connection': 'close', 'x-openstack-nova-api-version': '2.1', 'date': 'Wed, 23 Dec 2015 02:53:06 GMT', 'content-type': 'application/json'}
        Body: {"server": {"status": "ACTIVE", "updated": "2015-12-23T02:53:06Z", "hostId": "77f5d37bf87b7bed7bdc17fc1fd0bc85399d68779bcba36e4b1d68f2", "addresses": {"tempest-network-smoke--734174912": [{"OS-EXT-IPS-MAC:mac_addr": "fa:16:3e:98:f6:b9", "version": 4, "addr": "10.100.0.3", "OS-EXT-IPS:type": "fixed"}]}, "links": [{"href": "http://10.0.2.15:8774/v2.1/ae589d3cff9f412687f46d081ea1e3be/servers/679f9dcc-a63c-4af8-ab0f-07353310bf68", "rel": "self"}, {"href": "http://10.0.2.15:8774/ae589d3cff9f412687f46d081ea1e3be/servers/679f9dcc-a63c-4af8-ab0f-07353310bf68", "rel": "bookmark"}], "key_name": "tempest-TestNetworkBasicOps-743103334", "image": {"id": "119cb01a-e894-442c-828c-3877ba320134", "links": [{"href": "http://10.0.2.15:8774/ae589d3cff9f412687f46d081ea1e3be/images/119cb01a-e894-442c-828c-3877ba320134", "rel": "bookmark"}]}, "OS-EXT-STS:task_state": null, "OS-EXT-STS:vm_state": "active", "OS-SRV-USG:launched_at": "2015-12-23T02:53:06.000000", "flavor": {"id": "42", "links": [{"href": "http://10.0.2.15:8774/ae589d3cff9f412687f46d081ea1e3be/flavors/42", "rel": "bookmark"}]}, "id": "679f9dcc-a63c-4af8-ab0f-07353310bf68", "security_groups": [{"name": "tempest-secgroup-smoke-566671847"}], "OS-SRV-USG:terminated_at": null, "OS-EXT-AZ:availability_zone": "nova", "user_id": "209dbe880bc94add95f1a0622a2bc037", "name": "tempest.common.compute-instance-1349600481", "created": "2015-12-23T02:53:02Z", "tenant_id": "ae589d3cff9f412687f46d081ea1e3be", "OS-DCF:diskConfig": "MANUAL", "os-extended-volumes:volumes_attached": [], "accessIPv4": "", "accessIPv6": "", "progress": 0, "OS-EXT-STS:power_state": 1, "config_drive": "True", "metadata": {}}}
2015-12-23 02:53:06,791 21176 INFO     [tempest.common.waiters] State transition "BUILD/spawning" ==&gt; "ACTIVE/None" after 4 second wait
2015-12-23 02:53:07,051 21176 INFO     [tempest_lib.common.rest_client] Request (TestNetworkBasicOps:test_connectivity_between_vms_on_different_networks): 200 GET http://10.0.2.15:8774/v2.1/ae589d3cff9f412687f46d081ea1e3be/servers/679f9dcc-a63c-4af8-ab0f-07353310bf68 0.259s
2015-12-23 02:53:07,051 21176 DEBUG    [tempest_lib.common.rest_client] Request - Headers: {'Content-Type': 'application/json', 'Accept': 'application/json', 'X-Auth-Token': '&lt;omitted&gt;'}
        Body: None
    Response - Headers: {'status': '200', 'content-length': '1651', 'content-location': 'http://10.0.2.15:8774/v2.1/ae589d3cff9f412687f46d081ea1e3be/servers/679f9dcc-a63c-4af8-ab0f-07353310bf68', 'x-compute-request-id': 'req-b5942505-1435-44fc-a794-4db365cb82a5', 'vary': 'X-OpenStack-Nova-API-Version', 'connection': 'close', 'x-openstack-nova-api-version': '2.1', 'date': 'Wed, 23 Dec 2015 02:53:07 GMT', 'content-type': 'application/json'}
        Body: {"server": {"status": "ACTIVE", "updated": "2015-12-23T02:53:06Z", "hostId": "77f5d37bf87b7bed7bdc17fc1fd0bc85399d68779bcba36e4b1d68f2", "addresses": {"tempest-network-smoke--734174912": [{"OS-EXT-IPS-MAC:mac_addr": "fa:16:3e:98:f6:b9", "version": 4, "addr": "10.100.0.3", "OS-EXT-IPS:type": "fixed"}]}, "links": [{"href": "http://10.0.2.15:8774/v2.1/ae589d3cff9f412687f46d081ea1e3be/servers/679f9dcc-a63c-4af8-ab0f-07353310bf68", "rel": "self"}, {"href": "http://10.0.2.15:8774/ae589d3cff9f412687f46d081ea1e3be/servers/679f9dcc-a63c-4af8-ab0f-07353310bf68", "rel": "bookmark"}], "key_name": "tempest-TestNetworkBasicOps-743103334", "image": {"id": "119cb01a-e894-442c-828c-3877ba320134", "links": [{"href": "http://10.0.2.15:8774/ae589d3cff9f412687f46d081ea1e3be/images/119cb01a-e894-442c-828c-3877ba320134", "rel": "bookmark"}]}, "OS-EXT-STS:task_state": null, "OS-EXT-STS:vm_state": "active", "OS-SRV-USG:launched_at": "2015-12-23T02:53:06.000000", "flavor": {"id": "42", "links": [{"href": "http://10.0.2.15:8774/ae589d3cff9f412687f46d081ea1e3be/flavors/42", "rel": "bookmark"}]}, "id": "679f9dcc-a63c-4af8-ab0f-07353310bf68", "security_groups": [{"name": "tempest-secgroup-smoke-566671847"}], "OS-SRV-USG:terminated_at": null, "OS-EXT-AZ:availability_zone": "nova", "user_id": "209dbe880bc94add95f1a0622a2bc037", "name": "tempest.common.compute-instance-1349600481", "created": "2015-12-23T02:53:02Z", "tenant_id": "ae589d3cff9f412687f46d081ea1e3be", "OS-DCF:diskConfig": "MANUAL", "os-extended-volumes:volumes_attached": [], "accessIPv4": "", "accessIPv6": "", "progress": 0, "OS-EXT-STS:power_state": 1, "config_drive": "True", "metadata": {}}}
2015-12-23 02:53:07,061 21176 INFO     [tempest.scenario.manager] Tenant networks not configured to be reachable.
2015-12-23 02:53:07,096 21176 INFO     [tempest_lib.common.rest_client] Request (TestNetworkBasicOps:test_connectivity_between_vms_on_different_networks): 200 GET http://10.0.2.15:9696/v2.0/ports?status=ACTIVE&amp;fixed_ip=None&amp;device_id=679f9dcc-a63c-4af8-ab0f-07353310bf68 0.034s
2015-12-23 02:53:07,096 21176 DEBUG    [tempest_lib.common.rest_client] Request - Headers: {'Content-Type': 'application/json', 'Accept': 'application/json', 'X-Auth-Token': '&lt;omitted&gt;'}
        Body: None
    Response - Headers: {'status': '200', 'content-length': '895', 'content-location': 'http://10.0.2.15:9696/v2.0/ports?status=ACTIVE&amp;fixed_ip=None&amp;device_id=679f9dcc-a63c-4af8-ab0f-07353310bf68', 'connection': 'close', 'date': 'Wed, 23 Dec 2015 02:53:07 GMT', 'content-type': 'application/json; charset=UTF-8', 'x-openstack-request-id': 'req-f13af1fe-7fac-473a-a15a-c7fb5415e51f'}
        Body: {"ports": [{"status": "ACTIVE", "binding:host_id": "vagrant-ubuntu-trusty-64", "allowed_address_pairs": [], "extra_dhcp_opts": [], "dns_assignment": [{"hostname": "host-10-100-0-3", "ip_address": "10.100.0.3", "fqdn": "host-10-100-0-3.openstacklocal."}], "device_owner": "compute:None", "port_security_enabled": true, "binding:profile": {}, "fixed_ips": [{"subnet_id": "9fae1816-1b14-4ab1-b54c-df5b616f5c83", "ip_address": "10.100.0.3"}], "id": "a29b84ed-a5a8-4798-9ef0-cfce0def3689", "security_groups": ["2ce41108-2389-4e6f-bd0e-2eab2695b6f6"], "device_id": "679f9dcc-a63c-4af8-ab0f-07353310bf68", "name": "", "admin_state_up": true, "network_id": "e7b68602-9e8c-4621-960a-221ddb9394d3", "dns_name": "", "binding:vif_details": {"port_filter": true}, "binding:vnic_type": "normal", "binding:vif_type": "ovs", "tenant_id": "ae589d3cff9f412687f46d081ea1e3be", "mac_address": "fa:16:3e:98:f6:b9"}]}
2015-12-23 02:53:07,768 21176 INFO     [tempest_lib.common.rest_client] Request (TestNetworkBasicOps:test_connectivity_between_vms_on_different_networks): 201 POST http://10.0.2.15:9696/v2.0/floatingips 0.671s
2015-12-23 02:53:07,769 21176 DEBUG    [tempest_lib.common.rest_client] Request - Headers: {'Content-Type': 'application/json', 'Accept': 'application/json', 'X-Auth-Token': '&lt;omitted&gt;'}
        Body: {"floatingip": {"floating_network_id": "e1260c12-d6d0-438c-9930-87d21f5ff2f6", "tenant_id": "ae589d3cff9f412687f46d081ea1e3be", "fixed_ip_address": "10.100.0.3", "port_id": "a29b84ed-a5a8-4798-9ef0-cfce0def3689"}}
    Response - Headers: {'status': '201', 'content-length': '367', 'connection': 'close', 'date': 'Wed, 23 Dec 2015 02:53:07 GMT', 'content-type': 'application/json; charset=UTF-8', 'x-openstack-request-id': 'req-a8d174a4-6f19-41ec-822c-1c919be9b164'}
        Body: {"floatingip": {"floating_network_id": "e1260c12-d6d0-438c-9930-87d21f5ff2f6", "router_id": "67bbaa81-a93a-45e6-9f0e-f3533325b58f", "fixed_ip_address": "10.100.0.3", "floating_ip_address": "172.24.4.4", "tenant_id": "ae589d3cff9f412687f46d081ea1e3be", "status": "DOWN", "port_id": "a29b84ed-a5a8-4798-9ef0-cfce0def3689", "id": "5fc68689-1328-41ca-b805-0912f7d360c5"}}
2015-12-23 02:53:07,781 21176 INFO     [tempest_lib.common.rest_client] Request (TestNetworkBasicOps:test_connectivity_between_vms_on_different_networks): 200 GET http://10.0.2.15:9696/v2.0/floatingips/5fc68689-1328-41ca-b805-0912f7d360c5 0.011s
2015-12-23 02:53:07,781 21176 DEBUG    [tempest_lib.common.rest_client] Request - Headers: {'Content-Type': 'application/json', 'Accept': 'application/json', 'X-Auth-Token': '&lt;omitted&gt;'}
        Body: None
    Response - Headers: {'status': '200', 'content-length': '367', 'content-location': 'http://10.0.2.15:9696/v2.0/floatingips/5fc68689-1328-41ca-b805-0912f7d360c5', 'connection': 'close', 'date': 'Wed, 23 Dec 2015 02:53:07 GMT', 'content-type': 'application/json; charset=UTF-8', 'x-openstack-request-id': 'req-e100fcc7-b755-426d-a997-f652af1152b4'}
        Body: {"floatingip": {"floating_network_id": "e1260c12-d6d0-438c-9930-87d21f5ff2f6", "router_id": "67bbaa81-a93a-45e6-9f0e-f3533325b58f", "fixed_ip_address": "10.100.0.3", "floating_ip_address": "172.24.4.4", "tenant_id": "ae589d3cff9f412687f46d081ea1e3be", "status": "DOWN", "port_id": "a29b84ed-a5a8-4798-9ef0-cfce0def3689", "id": "5fc68689-1328-41ca-b805-0912f7d360c5"}}
2015-12-23 02:53:08,799 21176 INFO     [tempest_lib.common.rest_client] Request (TestNetworkBasicOps:test_connectivity_between_vms_on_different_networks): 200 GET http://10.0.2.15:9696/v2.0/floatingips/5fc68689-1328-41ca-b805-0912f7d360c5 0.016s
2015-12-23 02:53:08,799 21176 DEBUG    [tempest_lib.common.rest_client] Request - Headers: {'Content-Type': 'application/json', 'Accept': 'application/json', 'X-Auth-Token': '&lt;omitted&gt;'}
        Body: None
    Response - Headers: {'status': '200', 'content-length': '367', 'content-location': 'http://10.0.2.15:9696/v2.0/floatingips/5fc68689-1328-41ca-b805-0912f7d360c5', 'connection': 'close', 'date': 'Wed, 23 Dec 2015 02:53:08 GMT', 'content-type': 'application/json; charset=UTF-8', 'x-openstack-request-id': 'req-8e08ff67-893d-4414-93bc-0e24aceb5c1f'}
        Body: {"floatingip": {"floating_network_id": "e1260c12-d6d0-438c-9930-87d21f5ff2f6", "router_id": "67bbaa81-a93a-45e6-9f0e-f3533325b58f", "fixed_ip_address": "10.100.0.3", "floating_ip_address": "172.24.4.4", "tenant_id": "ae589d3cff9f412687f46d081ea1e3be", "status": "DOWN", "port_id": "a29b84ed-a5a8-4798-9ef0-cfce0def3689", "id": "5fc68689-1328-41ca-b805-0912f7d360c5"}}
2015-12-23 02:53:09,815 21176 INFO     [tempest_lib.common.rest_client] Request (TestNetworkBasicOps:test_connectivity_between_vms_on_different_networks): 200 GET http://10.0.2.15:9696/v2.0/floatingips/5fc68689-1328-41ca-b805-0912f7d360c5 0.014s
2015-12-23 02:53:09,815 21176 DEBUG    [tempest_lib.common.rest_client] Request - Headers: {'Content-Type': 'application/json', 'Accept': 'application/json', 'X-Auth-Token': '&lt;omitted&gt;'}
        Body: None
    Response - Headers: {'status': '200', 'content-length': '369', 'content-location': 'http://10.0.2.15:9696/v2.0/floatingips/5fc68689-1328-41ca-b805-0912f7d360c5', 'connection': 'close', 'date': 'Wed, 23 Dec 2015 02:53:09 GMT', 'content-type': 'application/json; charset=UTF-8', 'x-openstack-request-id': 'req-502c2d73-310b-4879-a20d-6c162e5d52b8'}
        Body: {"floatingip": {"floating_network_id": "e1260c12-d6d0-438c-9930-87d21f5ff2f6", "router_id": "67bbaa81-a93a-45e6-9f0e-f3533325b58f", "fixed_ip_address": "10.100.0.3", "floating_ip_address": "172.24.4.4", "tenant_id": "ae589d3cff9f412687f46d081ea1e3be", "status": "ACTIVE", "port_id": "a29b84ed-a5a8-4798-9ef0-cfce0def3689", "id": "5fc68689-1328-41ca-b805-0912f7d360c5"}}
2015-12-23 02:53:09,816 21176 INFO     [tempest.scenario.manager] FloatingIP: &lt;"FloatingIP" addr="172.24.4.4" id="5fc68689-1328-41ca-b805-0912f7d360c5"&gt; is at status: ACTIVE
2015-12-23 02:53:09,816 21176 DEBUG    [tempest.scenario.manager] checking network connections to IP 172.24.4.4 with user: cirros
2015-12-23 02:53:09,816 21176 DEBUG    [tempest.scenario.manager] TestNetworkBasicOps:test_connectivity_between_vms_on_different_networks begins to ping 172.24.4.4 in 120 sec and the expected result is reachable
2015-12-23 02:55:10,134 21176 DEBUG    [tempest.scenario.manager] TestNetworkBasicOps:test_connectivity_between_vms_on_different_networks finishes ping 172.24.4.4 in 120 sec and the ping result is unexpected
2015-12-23 02:55:10,136 21176 ERROR    [tempest.scenario.manager] Public network connectivity check failed
2015-12-23 02:55:10.136 21176 ERROR tempest.scenario.manager Traceback (most recent call last):
2015-12-23 02:55:10.136 21176 ERROR tempest.scenario.manager   File "tempest/scenario/manager.py", line 609, in check_public_network_connectivity
2015-12-23 02:55:10.136 21176 ERROR tempest.scenario.manager     should_connect=should_connect)
2015-12-23 02:55:10.136 21176 ERROR tempest.scenario.manager   File "tempest/scenario/manager.py", line 593, in check_vm_connectivity
2015-12-23 02:55:10.136 21176 ERROR tempest.scenario.manager     msg=msg)
2015-12-23 02:55:10.136 21176 ERROR tempest.scenario.manager   File "/usr/local/lib/python2.7/dist-packages/unittest2/case.py", line 702, in assertTrue
2015-12-23 02:55:10.136 21176 ERROR tempest.scenario.manager     raise self.failureException(msg)
2015-12-23 02:55:10.136 21176 ERROR tempest.scenario.manager AssertionError: False is not true : Timed out waiting for 172.24.4.4 to become reachable
2015-12-23 02:55:10.136 21176 ERROR tempest.scenario.manager 
2015-12-23 02:55:10,355 21176 INFO     [tempest_lib.common.rest_client] Request (TestNetworkBasicOps:test_connectivity_between_vms_on_different_networks): 200 POST http://10.0.2.15:8774/v2.1/ae589d3cff9f412687f46d081ea1e3be/servers/679f9dcc-a63c-4af8-ab0f-07353310bf68/action 0.215s
2015-12-23 02:55:10,356 21176 DEBUG    [tempest_lib.common.rest_client] Request - Headers: {'Content-Type': 'application/json', 'Accept': 'application/json', 'X-Auth-Token': '&lt;omitted&gt;'}
        Body: {"os-getConsoleOutput": {}}
    Response - Headers: {'status': '200', 'content-length': '17429', 'x-compute-request-id': 'req-feb254e2-312f-4894-aa6a-3ca8dcaf4c7a', 'vary': 'X-OpenStack-Nova-API-Version', 'connection': 'close', 'x-openstack-nova-api-version': '2.1', 'date': 'Wed, 23 Dec 2015 02:55:10 GMT', 'content-type': 'application/json'}
        Body: {"output": "[    0.000000] Initializing cgroup subsys cpuset\n[    0.000000] Initializing cgroup subsys cpu\n[    0.000000] Linux version 3.2.0-80-virtual (buildd@batsu) (gcc version 4.6.3 (Ubuntu/Linaro 4.6.3-1ubuntu5) ) #116-Ubuntu SMP Mon Mar 23 17:28:52 UTC 2015 (Ubuntu 3.2.0-80.116-virtual 3.2.68)\n[    0.000000] Command line: root=/dev/vda console=tty0 console=ttyS0 no_timer_check\n[    0.000000] KERNEL supported cpus:\n[    0.000000]   Intel GenuineIntel\n[    0.000000]   AMD AuthenticAMD\n[    0.000000]   Centaur CentaurHauls\n[    0.000000] BIOS-provided physical RAM map:\n[    0.000000]  BIOS-e820: 0000000000000000 - 000000000009fc00 (usable)\n[    0.000000]  BIOS-e820: 000000000009fc00 - 00000000000a0000 (reserved)\n[    0.000000]  BIOS-e820: 00000000000f0000 - 0000000000100000 (reserved)\n[    0.000000]  BIOS-e820: 0000000000100000 - 0000000003ffe000 (usable)\n[    0.000000]  BIOS-e820: 0000000003ffe000 - 0000000004000000 (reserved)\n[    0.000000]  BIOS-e820: 00000000fffc0000 - 0000000100000000 (reserved)\n[    0.000000] NX (Execute Disable) protection: active\n[    0.000000] SMBIOS 2.4 present.\n[    0.000000] No AGP bridge found\n[    0.000000] last_pfn = 0x3ffe max_arch_pfn = 0x400000000\n[    0.000000] x86 PAT enabled: cpu 0, old 0x7040600070406, new 0x7010600070106\n[    0.000000] found SMP MP-table at [ffff8800000f0b00] f0b00\n[    0.000000] init_memory_mapping: 0000000000000000-0000000003ffe000\n[    0.000000] RAMDISK: 03c5e000 - 03ff0000\n[    0.000000] ACPI: RSDP 00000000000f0950 00014 (v00 BOCHS )\n[    0.000000] ACPI: RSDT 0000000003fffbc1 00034 (v01 BOCHS  BXPCRSDT 00000001 BXPC 00000001)\n[    0.000000] ACPI: FACP 0000000003fff1c0 00074 (v01 BOCHS  BXPCFACP 00000001 BXPC 00000001)\n[    0.000000] ACPI: DSDT 0000000003ffe040 01180 (v01 BOCHS  BXPCDSDT 00000001 BXPC 00000001)\n[    0.000000] ACPI: FACS 0000000003ffe000 00040\n[    0.000000] ACPI: SSDT 0000000003fff234 008DD (v01 BOCHS  BXPCSSDT 00000001 BXPC 00000001)\n[    0.000000] ACPI: APIC 0000000003fffb11 00078 (v01 BOCHS  BXPCAPIC 00000001 BXPC 00000001)\n[    0.000000] ACPI: HPET 0000000003fffb89 00038 (v01 BOCHS  BXPCHPET 00000001 BXPC 00000001)\n[    0.000000] No NUMA configuration found\n[    0.000000] Faking a node at 0000000000000000-0000000003ffe000\n[    0.000000] Initmem setup node 0 0000000000000000-0000000003ffe000\n[    0.000000]   NODE_DATA [0000000003ff6000 - 0000000003ffafff]\n[    0.000000] Zone PFN ranges:\n[    0.000000]   DMA      0x00000010 -&gt; 0x00001000\n[    0.000000]   DMA32    0x00001000 -&gt; 0x00100000\n[    0.000000]   Normal   empty\n[    0.000000] Movable zone start PFN for each node\n[    0.000000] early_node_map[2] active PFN ranges\n[    0.000000]     0: 0x00000010 -&gt; 0x0000009f\n[    0.000000]     0: 0x00000100 -&gt; 0x00003ffe\n[    0.000000] ACPI: PM-Timer IO Port: 0xb008\n[    0.000000] ACPI: LAPIC (acpi_id[0x00] lapic_id[0x00] enabled)\n[    0.000000] ACPI: LAPIC_NMI (acpi_id[0xff] dfl dfl lint[0x1])\n[    0.000000] ACPI: IOAPIC (id[0x00] address[0xfec00000] gsi_base[0])\n[    0.000000] IOAPIC[0]: apic_id 0, version 17, address 0xfec00000, GSI 0-23\n[    0.000000] ACPI: INT_SRC_OVR (bus 0 bus_irq 0 global_irq 2 dfl dfl)\n[    0.000000] ACPI: INT_SRC_OVR (bus 0 bus_irq 5 global_irq 5 high level)\n[    0.000000] ACPI: INT_SRC_OVR (bus 0 bus_irq 9 global_irq 9 high level)\n[    0.000000] ACPI: INT_SRC_OVR (bus 0 bus_irq 10 global_irq 10 high level)\n[    0.000000] ACPI: INT_SRC_OVR (bus 0 bus_irq 11 global_irq 11 high level)\n[    0.000000] Using ACPI (MADT) for SMP configuration information\n[    0.000000] ACPI: HPET id: 0x8086a201 base: 0xfed00000\n[    0.000000] SMP: Allowing 1 CPUs, 0 hotplug CPUs\n[    0.000000] PM: Registered nosave memory: 000000000009f000 - 00000000000a0000\n[    0.000000] PM: Registered nosave memory: 00000000000a0000 - 00000000000f0000\n[    0.000000] PM: Registered nosave memory: 00000000000f0000 - 0000000000100000\n[    0.000000] Allocating PCI resources starting at 4000000 (gap: 4000000:fbfc0000)\n[    0.000000] Booting paravirtualized kernel on bare hardware\n[    0.000000] setup_pe
2015-12-23 02:55:10,359 21176 DEBUG    [tempest.scenario.manager] Console output for 679f9dcc-a63c-4af8-ab0f-07353310bf68
body=
[    0.000000] Initializing cgroup subsys cpuset
[    0.000000] Initializing cgroup subsys cpu
[    0.000000] Linux version 3.2.0-80-virtual (buildd@batsu) (gcc version 4.6.3 (Ubuntu/Linaro 4.6.3-1ubuntu5) ) #116-Ubuntu SMP Mon Mar 23 17:28:52 UTC 2015 (Ubuntu 3.2.0-80.116-virtual 3.2.68)
[    0.000000] Command line: root=/dev/vda console=tty0 console=ttyS0 no_timer_check
[    0.000000] KERNEL supported cpus:
[    0.000000]   Intel GenuineIntel
[    0.000000]   AMD AuthenticAMD
[    0.000000]   Centaur CentaurHauls
[    0.000000] BIOS-provided physical RAM map:
[    0.000000]  BIOS-e820: 0000000000000000 - 000000000009fc00 (usable)
[    0.000000]  BIOS-e820: 000000000009fc00 - 00000000000a0000 (reserved)
[    0.000000]  BIOS-e820: 00000000000f0000 - 0000000000100000 (reserved)
[    0.000000]  BIOS-e820: 0000000000100000 - 0000000003ffe000 (usable)
[    0.000000]  BIOS-e820: 0000000003ffe000 - 0000000004000000 (reserved)
[    0.000000]  BIOS-e820: 00000000fffc0000 - 0000000100000000 (reserved)
[    0.000000] NX (Execute Disable) protection: active
[    0.000000] SMBIOS 2.4 present.
[    0.000000] No AGP bridge found
[    0.000000] last_pfn = 0x3ffe max_arch_pfn = 0x400000000
[    0.000000] x86 PAT enabled: cpu 0, old 0x7040600070406, new 0x7010600070106
[    0.000000] found SMP MP-table at [ffff8800000f0b00] f0b00
[    0.000000] init_memory_mapping: 0000000000000000-0000000003ffe000
[    0.000000] RAMDISK: 03c5e000 - 03ff0000
[    0.000000] ACPI: RSDP 00000000000f0950 00014 (v00 BOCHS )
[    0.000000] ACPI: RSDT 0000000003fffbc1 00034 (v01 BOCHS  BXPCRSDT 00000001 BXPC 00000001)
[    0.000000] ACPI: FACP 0000000003fff1c0 00074 (v01 BOCHS  BXPCFACP 00000001 BXPC 00000001)
[    0.000000] ACPI: DSDT 0000000003ffe040 01180 (v01 BOCHS  BXPCDSDT 00000001 BXPC 00000001)
[    0.000000] ACPI: FACS 0000000003ffe000 00040
[    0.000000] ACPI: SSDT 0000000003fff234 008DD (v01 BOCHS  BXPCSSDT 00000001 BXPC 00000001)
[    0.000000] ACPI: APIC 0000000003fffb11 00078 (v01 BOCHS  BXPCAPIC 00000001 BXPC 00000001)
[    0.000000] ACPI: HPET 0000000003fffb89 00038 (v01 BOCHS  BXPCHPET 00000001 BXPC 00000001)
[    0.000000] No NUMA configuration found
[    0.000000] Faking a node at 0000000000000000-0000000003ffe000
[    0.000000] Initmem setup node 0 0000000000000000-0000000003ffe000
[    0.000000]   NODE_DATA [0000000003ff6000 - 0000000003ffafff]
[    0.000000] Zone PFN ranges:
[    0.000000]   DMA      0x00000010 -&gt; 0x00001000
[    0.000000]   DMA32    0x00001000 -&gt; 0x00100000
[    0.000000]   Normal   empty
[    0.000000] Movable zone start PFN for each node
[    0.000000] early_node_map[2] active PFN ranges
[    0.000000]     0: 0x00000010 -&gt; 0x0000009f
[    0.000000]     0: 0x00000100 -&gt; 0x00003ffe
[    0.000000] ACPI: PM-Timer IO Port: 0xb008
[    0.000000] ACPI: LAPIC (acpi_id[0x00] lapic_id[0x00] enabled)
[    0.000000] ACPI: LAPIC_NMI (acpi_id[0xff] dfl dfl lint[0x1])
[    0.000000] ACPI: IOAPIC (id[0x00] address[0xfec00000] gsi_base[0])
[    0.000000] IOAPIC[0]: apic_id 0, version 17, address 0xfec00000, GSI 0-23
[    0.000000] ACPI: INT_SRC_OVR (bus 0 bus_irq 0 global_irq 2 dfl dfl)
[    0.000000] ACPI: INT_SRC_OVR (bus 0 bus_irq 5 global_irq 5 high level)
[    0.000000] ACPI: INT_SRC_OVR (bus 0 bus_irq 9 global_irq 9 high level)
[    0.000000] ACPI: INT_SRC_OVR (bus 0 bus_irq 10 global_irq 10 high level)
[    0.000000] ACPI: INT_SRC_OVR (bus 0 bus_irq 11 global_irq 11 high level)
[    0.000000] Using ACPI (MADT) for SMP configuration information
[    0.000000] ACPI: HPET id: 0x8086a201 base: 0xfed00000
[    0.000000] SMP: Allowing 1 CPUs, 0 hotplug CPUs
[    0.000000] PM: Registered nosave memory: 000000000009f000 - 00000000000a0000
[    0.000000] PM: Registered nosave memory: 00000000000a0000 - 00000000000f0000
[    0.000000] PM: Registered nosave memory: 00000000000f0000 - 0000000000100000
[    0.000000] Allocating PCI resources starting at 4000000 (gap: 4000000:fbfc0000)
[    0.000000] Booting paravirtualized kernel on bare hardware
[    0.000000] setup_percpu: NR_CPUS:64 nr_cpumask_bits:64 nr_cpu_ids:1 nr_node_ids:1
[    0.000000] PERCPU: Embedded 27 pages/cpu @ffff880003a00000 s78848 r8192 d23552 u2097152
[    0.000000] Built 1 zonelists in Node order, mobility grouping on.  Total pages: 16008
[    0.000000] Policy zone: DMA32
[    0.000000] Kernel command line: root=/dev/vda console=tty0 console=ttyS0 no_timer_check
[    0.000000] PID hash table entries: 256 (order: -1, 2048 bytes)
[    0.000000] Checking aperture...
[    0.000000] No AGP bridge found
[    0.000000] Memory: 43492k/65528k available (6576k kernel code, 452k absent, 21584k reserved, 6620k data, 928k init)
[    0.000000] SLUB: Genslabs=15, HWalign=64, Order=0-3, MinObjects=0, CPUs=1, Nodes=1
[    0.000000] Hierarchical RCU implementation.
[    0.000000] 	RCU dyntick-idle grace-period acceleration is enabled.
[    0.000000] NR_IRQS:4352 nr_irqs:256 16
[    0.000000] Console: colour VGA+ 80x25
[    0.000000] console [tty0] enabled
[    0.000000] console [ttyS0] enabled
[    0.000000] allocated 1048576 bytes of page_cgroup
[    0.000000] please try 'cgroup_disable=memory' option if you don't want memory cgroups
[    0.000000] Fast TSC calibration failed
[    0.000000] TSC: Unable to calibrate against PIT
[    0.000000] TSC: using HPET reference calibration
[    0.000000] Detected 2293.361 MHz processor.
[    0.036909] Calibrating delay loop (skipped), value calculated using timer frequency.. 4586.72 BogoMIPS (lpj=9173444)
[    0.039281] pid_max: default: 32768 minimum: 301
[    0.047574] Security Framework initialized
[    0.052772] AppArmor: AppArmor initialized
[    0.053452] Yama: becoming mindful.
[    0.060249] Dentry cache hash table entries: 8192 (order: 4, 65536 bytes)
[    0.061679] Inode-cache hash table entries: 4096 (order: 3, 32768 bytes)
[    0.063102] Mount-cache hash table entries: 256
[    0.077131] Initializing cgroup subsys cpuacct
[    0.078032] Initializing cgroup subsys memory
[    0.079266] Initializing cgroup subsys devices
[    0.080237] Initializing cgroup subsys freezer
[    0.081058] Initializing cgroup subsys blkio
[    0.081733] Initializing cgroup subsys perf_event
[    0.088555] mce: CPU supports 10 MCE banks
[    0.091487] SMP alternatives: switching to UP code
[    0.492563] Freeing SMP alternatives: 24k freed
[    0.494586] ACPI: Core revision 20110623
[    0.544452] ftrace: allocating 26610 entries in 105 pages
[    0.583455] ..TIMER: vector=0x30 apic1=0 pin1=2 apic2=-1 pin2=-1
[    0.584182] CPU0: AMD QEMU Virtual CPU version 2.0.0 stepping 03
[    0.588036] Performance Events: Broken PMU hardware detected, using software events only.
[    0.596930] NMI watchdog disabled (cpu0): hardware events not enabled
[    0.598544] Brought up 1 CPUs
[    0.599070] Total of 1 processors activated (4586.72 BogoMIPS).
[    0.636795] devtmpfs: initialized
[    0.665597] EVM: security.selinux
[    0.666054] EVM: security.SMACK64
[    0.666486] EVM: security.capability
[    0.688643] print_constraints: dummy: 
[    0.689919] RTC time:  2:53:09, date: 12/23/15
[    0.694331] NET: Registered protocol family 16
[    0.710269] ACPI: bus type pci registered
[    0.718631] PCI: Using configuration type 1 for base access
[    0.753079] bio: create slab &lt;bio-0&gt; at 0
[    0.758355] ACPI: Added _OSI(Module Device)
[    0.758947] ACPI: Added _OSI(Processor Device)
[    0.760111] ACPI: Added _OSI(3.0 _SCP Extensions)
[    0.760944] ACPI: Added _OSI(Processor Aggregator Device)
[    0.839024] ACPI: Interpreter enabled
[    0.840176] ACPI: (supports S0 S3 S4 S5)
[    0.842752] ACPI: Using IOAPIC for interrupt routing
[    0.922899] ACPI: No dock devices found.
[    0.924197] HEST: Table not found.
[    0.924833] PCI: Using host bridge windows from ACPI; if necessary, use "pci=nocrs" and report a bug
[    0.932057] ACPI: PCI Root Bridge [PCI0] (domain 0000 [bus 00-ff])
[    0.937691] pci_root PNP0A03:00: host bridge window [io  0x0000-0x0cf7]
[    0.939480] pci_root PNP0A03:00: host bridge window [io  0x0d00-0xadff]
[    0.940127] pci_root PNP0A03:00: host bridge window [io  0xae0f-0xaeff]
[    0.941008] pci_root PNP0A03:00: host bridge window [io  0xaf20-0xafdf]
[    0.942166] pci_root PNP0A03:00: host bridge window [io  0xafe4-0xffff]
[    0.944212] pci_root PNP0A03:00: host bridge window [mem 0x000a0000-0x000bffff]
[    0.945166] pci_root PNP0A03:00: host bridge window [mem 0x04000000-0xfebfffff]
[    0.973061] pci 0000:00:01.3: quirk: [io  0xb000-0xb03f] claimed by PIIX4 ACPI
[    0.974317] pci 0000:00:01.3: quirk: [io  0xb100-0xb10f] claimed by PIIX4 SMB
[    1.044855]  pci0000:00: Unable to request _OSC control (_OSC support mask: 0x1e)
[    1.100705] ACPI: PCI Interrupt Link [LNKA] (IRQs 5 *10 11)
[    1.102864] ACPI: PCI Interrupt Link [LNKB] (IRQs 5 *10 11)
[    1.105406] ACPI: PCI Interrupt Link [LNKC] (IRQs 5 10 *11)
[    1.107096] ACPI: PCI Interrupt Link [LNKD] (IRQs 5 10 *11)
[    1.109084] ACPI: PCI Interrupt Link [LNKS] (IRQs *9)
[    1.115428] vgaarb: device added: PCI:0000:00:02.0,decodes=io+mem,owns=io+mem,locks=none
[    1.116187] vgaarb: loaded
[    1.116667] vgaarb: bridge control possible 0000:00:02.0
[    1.120855] i2c-core: driver [aat2870] using legacy suspend method
[    1.121725] i2c-core: driver [aat2870] using legacy resume method
[    1.124695] SCSI subsystem initialized
[    1.127505] usbcore: registered new interface driver usbfs
[    1.128581] usbcore: registered new interface driver hub
[    1.129767] usbcore: registered new device driver usb
[    1.136617] PCI: Using ACPI for IRQ routing
[    1.154946] NetLabel: Initializing
[    1.156167] NetLabel:  domain hash size = 128
[    1.156754] NetLabel:  protocols = UNLABELED CIPSOv4
[    1.160634] NetLabel:  unlabeled traffic allowed by default
[    1.163340] HPET: 3 timers in total, 0 timers will be used for per-cpu timer
[    1.164624] hpet0: at MMIO 0xfed00000, IRQs 2, 8, 0
[    1.165585] hpet0: 3 comparators, 64-bit 100.000000 MHz counter
[    1.180357] Switching to clocksource hpet
[    1.471158] AppArmor: AppArmor Filesystem Enabled
[    1.473333] pnp: PnP ACPI init
[    1.474004] ACPI: bus type pnp registered
[    1.493828] pnp: PnP ACPI: found 9 devices
[    1.494405] ACPI: ACPI bus type pnp unregistered
[    1.554784] NET: Registered protocol family 2
[    1.588070] IP route cache hash table entries: 512 (order: 0, 4096 bytes)
[    1.598390] TCP established hash table entries: 2048 (order: 3, 32768 bytes)
[    1.599915] TCP bind hash table entries: 2048 (order: 3, 32768 bytes)
[    1.601901] TCP: Hash tables configured (established 2048 bind 2048)
[    1.602689] TCP reno registered
[    1.603279] UDP hash table entries: 128 (order: 0, 4096 bytes)
[    1.604995] UDP-Lite hash table entries: 128 (order: 0, 4096 bytes)
[    1.607782] NET: Registered protocol family 1
[    1.609462] pci 0000:00:00.0: Limiting direct PCI/PCI transfers
[    1.610287] pci 0000:00:01.0: PIIX3: Enabling Passive Release
[    1.611465] pci 0000:00:01.0: Activating ISA DMA hang workarounds
[    1.617924] ACPI: PCI Interrupt Link [LNKD] enabled at IRQ 11
[    1.618912] pci 0000:00:01.2: PCI INT D -&gt; Link[LNKD] -&gt; GSI 11 (level, high) -&gt; IRQ 11
[    1.621952] pci 0000:00:01.2: PCI INT D disabled
[    1.638929] Trying to unpack rootfs image as initramfs...
[    1.654818] audit: initializing netlink socket (disabled)
[    1.657035] type=2000 audit(1450839189.652:1): initialized
[    1.947202] HugeTLB registered 2 MB page size, pre-allocated 0 pages
[    2.023535] VFS: Disk quotas dquot_6.5.2
[    2.025665] Dquot-cache hash table entries: 512 (order 0, 4096 bytes)
[    2.046389] fuse init (API version 7.17)
[    2.050089] msgmni has been set to 84
[    2.090494] Block layer SCSI generic (bsg) driver version 0.4 loaded (major 253)
[    2.092113] io scheduler noop registered
[    2.094051] io scheduler deadline registered (default)
[    2.095187] io scheduler cfq registered
[    2.103264] pci_hotplug: PCI Hot Plug PCI Core version: 0.5
[    2.108131] pciehp: PCI Express Hot Plug Controller Driver version: 0.4
[    2.115157] input: Power Button as /devices/LNXSYSTM:00/LNXPWRBN:00/input/input0
[    2.118294] ACPI: Power Button [PWRF]
[    2.183100] ERST: Table is not found!
[    2.183696] GHES: HEST is not enabled!
[    2.194431] ACPI: PCI Interrupt Link [LNKC] enabled at IRQ 10
[    2.195168] virtio-pci 0000:00:03.0: PCI INT A -&gt; Link[LNKC] -&gt; GSI 10 (level, high) -&gt; IRQ 10
[    2.199189] virtio-pci 0000:00:04.0: PCI INT A -&gt; Link[LNKD] -&gt; GSI 11 (level, high) -&gt; IRQ 11
[    2.212151] ACPI: PCI Interrupt Link [LNKA] enabled at IRQ 10
[    2.213237] virtio-pci 0000:00:05.0: PCI INT A -&gt; Link[LNKA] -&gt; GSI 10 (level, high) -&gt; IRQ 10
[    2.227221] Serial: 8250/16550 driver, 32 ports, IRQ sharing enabled
[    2.269203] serial8250: ttyS0 at I/O 0x3f8 (irq = 4) is a 16550A
[    2.354361] serial8250: ttyS1 at I/O 0x2f8 (irq = 3) is a 16550A
[    2.474084] 00:05: ttyS0 at I/O 0x3f8 (irq = 4) is a 16550A
[    2.549768] 00:06: ttyS1 at I/O 0x2f8 (irq = 3) is a 16550A
[    2.595810] Linux agpgart interface v0.103
[    2.626483] Refined TSC clocksource calibration: 2293.586 MHz.
[    2.628149] Switching to clocksource tsc
[    2.687379] brd: module loaded
[    2.722271] loop: module loaded
[    2.769980]  vda: unknown partition table
[    2.825362] scsi0 : ata_piix
[    2.827860] scsi1 : ata_piix
[    2.830236] ata1: PATA max MWDMA2 cmd 0x1f0 ctl 0x3f6 bmdma 0xc0a0 irq 14
[    2.831065] ata2: PATA max MWDMA2 cmd 0x170 ctl 0x376 bmdma 0xc0a8 irq 15
[    2.841970] Fixed MDIO Bus: probed
[    2.842794] tun: Universal TUN/TAP device driver, 1.6
[    2.843377] tun: (C) 1999-2004 Max Krasnyansky &lt;maxk@qualcomm.com&gt;
[    2.861717] PPP generic driver version 2.4.2
[    2.884068] ehci_hcd: USB 2.0 'Enhanced' Host Controller (EHCI) Driver
[    2.885949] ohci_hcd: USB 1.1 'Open' Host Controller (OHCI) Driver
[    2.886733] uhci_hcd: USB Universal Host Controller Interface driver
[    2.889305] uhci_hcd 0000:00:01.2: PCI INT D -&gt; Link[LNKD] -&gt; GSI 11 (level, high) -&gt; IRQ 11
[    2.891710] uhci_hcd 0000:00:01.2: UHCI Host Controller
[    2.909637] uhci_hcd 0000:00:01.2: new USB bus registered, assigned bus number 1
[    2.911338] uhci_hcd 0000:00:01.2: irq 11, io base 0x0000c040
[    2.947001] hub 1-0:1.0: USB hub found
[    2.949163] hub 1-0:1.0: 2 ports detected
[    2.957352] usbcore: registered new interface driver libusual
[    2.961567] i8042: PNP: PS/2 Controller [PNP0303:KBD,PNP0f13:MOU] at 0x60,0x64 irq 1,12
[    2.972095] serio: i8042 KBD port at 0x60,0x64 irq 1
[    2.979290] serio: i8042 AUX port at 0x60,0x64 irq 12
[    3.046227] mousedev: PS/2 mouse device common for all mice
[    3.053146] ata2.01: ATAPI: QEMU DVD-ROM, 2.0.0, max UDMA/100
[    3.070204] input: AT Translated Set 2 keyboard as /devices/platform/i8042/serio0/input/input1
[    3.074516] rtc_cmos 00:01: RTC can wake from S4
[    3.086014] rtc_cmos 00:01: rtc core: registered rtc_cmos as rtc0
[    3.091003] rtc0: alarms up to one day, 114 bytes nvram, hpet irqs
[    3.095691] device-mapper: uevent: version 1.0.3
[    3.111273] ata2.01: configured for MWDMA2
[    3.153833] device-mapper: ioctl: 4.22.0-ioctl (2011-10-19) initialised: dm-devel@redhat.com
[    3.157954] cpuidle: using governor ladder
[    3.159427] cpuidle: using governor menu
[    3.161185] EFI Variables Facility v0.08 2004-May-17
[    3.168024] TCP cubic registered
[    3.177123] NET: Registered protocol family 10
[    3.212086] NET: Registered protocol family 17
[    3.214436] Registering the dns_resolver key type
[    3.221308] scsi 1:0:1:0: CD-ROM            QEMU     QEMU DVD-ROM     2.0. PQ: 0 ANSI: 5
[    3.259942] sr0: scsi3-mmc drive: 4x/4x cd/rw xa/form2 tray
[    3.262015] cdrom: Uniform CD-ROM driver Revision: 3.20
[    3.277485] sr 1:0:1:0: Attached scsi generic sg0 type 5
[    3.336282] registered taskstats version 1
[    3.433459] Freeing initrd memory: 3656k freed
[    3.946965]   Magic number: 11:314:865
[    3.960170] rtc_cmos 00:01: setting system clock to 2015-12-23 02:53:13 UTC (1450839193)
[    3.962625] powernow-k8: Processor cpuid 663 not supported
[    3.969573] BIOS EDD facility v0.16 2004-Jun-25, 0 devices found
[    3.972069] EDD information not available.
[    4.031654] Freeing unused kernel memory: 928k freed
[    4.036700] Write protecting the kernel read-only data: 12288k
[    4.135050] Freeing unused kernel memory: 1596k freed
[    4.207006] Freeing unused kernel memory: 1184k freed

info: initramfs: up at 4.43
modprobe: module virtio_blk not found in modules.dep
modprobe: module virtio_net not found in modules.dep
info: copying initramfs to /dev/vda
info: initramfs loading root from /dev/vda
info: /etc/init.d/rc.sysinit: up at 9.14
info: container: none
Starting logging: OK
modprobe: module virtio_blk not found in modules.dep
modprobe: module virtio_net not found in modules.dep
WARN: /etc/rc3.d/S10-load-modules failed
Initializing random number generator... done.
Starting acpid: OK
cirros-ds 'local' up at 11.66
found datasource (configdrive, local)
Starting network...
udhcpc (v1.20.1) started
Sending discover...
Sending discover...

2015-12-23 02:55:10,633 21176 INFO     [tempest_lib.common.rest_client] Request (TestNetworkBasicOps:_run_cleanups): 204 DELETE http://10.0.2.15:9696/v2.0/floatingips/5fc68689-1328-41ca-b805-0912f7d360c5 0.267s
2015-12-23 02:55:10,634 21176 DEBUG    [tempest_lib.common.rest_client] Request - Headers: {'Content-Type': 'application/json', 'Accept': 'application/json', 'X-Auth-Token': '&lt;omitted&gt;'}
        Body: None
    Response - Headers: {'date': 'Wed, 23 Dec 2015 02:55:10 GMT', 'status': '204', 'connection': 'close', 'content-length': '0', 'x-openstack-request-id': 'req-2653376d-2e5a-4589-933b-7d5a89419fef'}
        Body: 
2015-12-23 02:55:10,954 21176 INFO     [tempest_lib.common.rest_client] Request (TestNetworkBasicOps:_run_cleanups): 204 DELETE http://10.0.2.15:8774/v2.1/ae589d3cff9f412687f46d081ea1e3be/servers/679f9dcc-a63c-4af8-ab0f-07353310bf68 0.320s
2015-12-23 02:55:10,954 21176 DEBUG    [tempest_lib.common.rest_client] Request - Headers: {'Content-Type': 'application/json', 'Accept': 'application/json', 'X-Auth-Token': '&lt;omitted&gt;'}
        Body: None
    Response - Headers: {'status': '204', 'content-length': '0', 'x-compute-request-id': 'req-3f186ae2-5e1c-4764-a3c2-0f2d0dd8357f', 'vary': 'X-OpenStack-Nova-API-Version', 'connection': 'close', 'x-openstack-nova-api-version': '2.1', 'date': 'Wed, 23 Dec 2015 02:55:10 GMT', 'content-type': 'application/json'}
        Body: 
2015-12-23 02:55:11,178 21176 INFO     [tempest_lib.common.rest_client] Request (TestNetworkBasicOps:_run_cleanups): 200 GET http://10.0.2.15:8774/v2.1/ae589d3cff9f412687f46d081ea1e3be/servers/679f9dcc-a63c-4af8-ab0f-07353310bf68 0.223s
2015-12-23 02:55:11,178 21176 DEBUG    [tempest_lib.common.rest_client] Request - Headers: {'Content-Type': 'application/json', 'Accept': 'application/json', 'X-Auth-Token': '&lt;omitted&gt;'}
        Body: None
    Response - Headers: {'status': '200', 'content-length': '1774', 'content-location': 'http://10.0.2.15:8774/v2.1/ae589d3cff9f412687f46d081ea1e3be/servers/679f9dcc-a63c-4af8-ab0f-07353310bf68', 'x-compute-request-id': 'req-26a7c364-b59e-4777-8f45-04b0bb9830d5', 'vary': 'X-OpenStack-Nova-API-Version', 'connection': 'close', 'x-openstack-nova-api-version': '2.1', 'date': 'Wed, 23 Dec 2015 02:55:11 GMT', 'content-type': 'application/json'}
        Body: {"server": {"status": "ACTIVE", "updated": "2015-12-23T02:55:10Z", "hostId": "77f5d37bf87b7bed7bdc17fc1fd0bc85399d68779bcba36e4b1d68f2", "addresses": {"tempest-network-smoke--734174912": [{"OS-EXT-IPS-MAC:mac_addr": "fa:16:3e:98:f6:b9", "version": 4, "addr": "10.100.0.3", "OS-EXT-IPS:type": "fixed"}, {"OS-EXT-IPS-MAC:mac_addr": "fa:16:3e:98:f6:b9", "version": 4, "addr": "172.24.4.4", "OS-EXT-IPS:type": "floating"}]}, "links": [{"href": "http://10.0.2.15:8774/v2.1/ae589d3cff9f412687f46d081ea1e3be/servers/679f9dcc-a63c-4af8-ab0f-07353310bf68", "rel": "self"}, {"href": "http://10.0.2.15:8774/ae589d3cff9f412687f46d081ea1e3be/servers/679f9dcc-a63c-4af8-ab0f-07353310bf68", "rel": "bookmark"}], "key_name": "tempest-TestNetworkBasicOps-743103334", "image": {"id": "119cb01a-e894-442c-828c-3877ba320134", "links": [{"href": "http://10.0.2.15:8774/ae589d3cff9f412687f46d081ea1e3be/images/119cb01a-e894-442c-828c-3877ba320134", "rel": "bookmark"}]}, "OS-EXT-STS:task_state": "deleting", "OS-EXT-STS:vm_state": "active", "OS-SRV-USG:launched_at": "2015-12-23T02:53:06.000000", "flavor": {"id": "42", "links": [{"href": "http://10.0.2.15:8774/ae589d3cff9f412687f46d081ea1e3be/flavors/42", "rel": "bookmark"}]}, "id": "679f9dcc-a63c-4af8-ab0f-07353310bf68", "security_groups": [{"name": "tempest-secgroup-smoke-566671847"}], "OS-SRV-USG:terminated_at": null, "OS-EXT-AZ:availability_zone": "nova", "user_id": "209dbe880bc94add95f1a0622a2bc037", "name": "tempest.common.compute-instance-1349600481", "created": "2015-12-23T02:53:02Z", "tenant_id": "ae589d3cff9f412687f46d081ea1e3be", "OS-DCF:diskConfig": "MANUAL", "os-extended-volumes:volumes_attached": [], "accessIPv4": "", "accessIPv6": "", "progress": 0, "OS-EXT-STS:power_state": 1, "config_drive": "True", "metadata": {}}}
2015-12-23 02:55:12,322 21176 INFO     [tempest_lib.common.rest_client] Request (TestNetworkBasicOps:_run_cleanups): 200 GET http://10.0.2.15:8774/v2.1/ae589d3cff9f412687f46d081ea1e3be/servers/679f9dcc-a63c-4af8-ab0f-07353310bf68 0.132s
2015-12-23 02:55:12,323 21176 DEBUG    [tempest_lib.common.rest_client] Request - Headers: {'Content-Type': 'application/json', 'Accept': 'application/json', 'X-Auth-Token': '&lt;omitted&gt;'}
        Body: None
    Response - Headers: {'status': '200', 'content-length': '1440', 'content-location': 'http://10.0.2.15:8774/v2.1/ae589d3cff9f412687f46d081ea1e3be/servers/679f9dcc-a63c-4af8-ab0f-07353310bf68', 'x-compute-request-id': 'req-bb57d789-76a7-4605-981a-c661ca03ce5a', 'vary': 'X-OpenStack-Nova-API-Version', 'connection': 'close', 'x-openstack-nova-api-version': '2.1', 'date': 'Wed, 23 Dec 2015 02:55:12 GMT', 'content-type': 'application/json'}
        Body: {"server": {"status": "ACTIVE", "updated": "2015-12-23T02:55:11Z", "hostId": "77f5d37bf87b7bed7bdc17fc1fd0bc85399d68779bcba36e4b1d68f2", "addresses": {}, "links": [{"href": "http://10.0.2.15:8774/v2.1/ae589d3cff9f412687f46d081ea1e3be/servers/679f9dcc-a63c-4af8-ab0f-07353310bf68", "rel": "self"}, {"href": "http://10.0.2.15:8774/ae589d3cff9f412687f46d081ea1e3be/servers/679f9dcc-a63c-4af8-ab0f-07353310bf68", "rel": "bookmark"}], "key_name": "tempest-TestNetworkBasicOps-743103334", "image": {"id": "119cb01a-e894-442c-828c-3877ba320134", "links": [{"href": "http://10.0.2.15:8774/ae589d3cff9f412687f46d081ea1e3be/images/119cb01a-e894-442c-828c-3877ba320134", "rel": "bookmark"}]}, "OS-EXT-STS:task_state": "deleting", "OS-EXT-STS:vm_state": "active", "OS-SRV-USG:launched_at": "2015-12-23T02:53:06.000000", "flavor": {"id": "42", "links": [{"href": "http://10.0.2.15:8774/ae589d3cff9f412687f46d081ea1e3be/flavors/42", "rel": "bookmark"}]}, "id": "679f9dcc-a63c-4af8-ab0f-07353310bf68", "OS-SRV-USG:terminated_at": null, "OS-EXT-AZ:availability_zone": "nova", "user_id": "209dbe880bc94add95f1a0622a2bc037", "name": "tempest.common.compute-instance-1349600481", "created": "2015-12-23T02:53:02Z", "tenant_id": "ae589d3cff9f412687f46d081ea1e3be", "OS-DCF:diskConfig": "MANUAL", "os-extended-volumes:volumes_attached": [], "accessIPv4": "", "accessIPv6": "", "progress": 0, "OS-EXT-STS:power_state": 1, "config_drive": "True", "metadata": {}}}
2015-12-23 02:55:13,420 21176 INFO     [tempest_lib.common.rest_client] Request (TestNetworkBasicOps:_run_cleanups): 404 GET http://10.0.2.15:8774/v2.1/ae589d3cff9f412687f46d081ea1e3be/servers/679f9dcc-a63c-4af8-ab0f-07353310bf68 0.083s
2015-12-23 02:55:13,420 21176 DEBUG    [tempest_lib.common.rest_client] Request - Headers: {'Content-Type': 'application/json', 'Accept': 'application/json', 'X-Auth-Token': '&lt;omitted&gt;'}
        Body: None
    Response - Headers: {'status': '404', 'content-length': '111', 'x-compute-request-id': 'req-b3d64f57-1a94-4b0d-9446-514ddc2064b6', 'vary': 'X-OpenStack-Nova-API-Version', 'connection': 'close', 'x-openstack-nova-api-version': '2.1', 'date': 'Wed, 23 Dec 2015 02:55:13 GMT', 'content-type': 'application/json; charset=UTF-8'}
        Body: {"itemNotFound": {"message": "Instance 679f9dcc-a63c-4af8-ab0f-07353310bf68 could not be found.", "code": 404}}
2015-12-23 02:55:13,440 21176 INFO     [tempest_lib.common.rest_client] Request (TestNetworkBasicOps:_run_cleanups): 202 DELETE http://10.0.2.15:8774/v2.1/ae589d3cff9f412687f46d081ea1e3be/os-keypairs/tempest-TestNetworkBasicOps-743103334 0.018s
2015-12-23 02:55:13,440 21176 DEBUG    [tempest_lib.common.rest_client] Request - Headers: {'Content-Type': 'application/json', 'Accept': 'application/json', 'X-Auth-Token': '&lt;omitted&gt;'}
        Body: None
    Response - Headers: {'status': '202', 'content-length': '0', 'x-compute-request-id': 'req-38fe2a1f-44a7-45ca-926a-69d7e4904299', 'vary': 'X-OpenStack-Nova-API-Version', 'connection': 'close', 'x-openstack-nova-api-version': '2.1', 'date': 'Wed, 23 Dec 2015 02:55:13 GMT', 'content-type': 'application/json'}
        Body: 
2015-12-23 02:55:13,952 21176 INFO     [tempest_lib.common.rest_client] Request (TestNetworkBasicOps:_run_cleanups): 200 PUT http://10.0.2.15:9696/v2.0/routers/67bbaa81-a93a-45e6-9f0e-f3533325b58f/remove_router_interface 0.511s
2015-12-23 02:55:13,953 21176 DEBUG    [tempest_lib.common.rest_client] Request - Headers: {'Content-Type': 'application/json', 'Accept': 'application/json', 'X-Auth-Token': '&lt;omitted&gt;'}
        Body: {"subnet_id": "9fae1816-1b14-4ab1-b54c-df5b616f5c83"}
    Response - Headers: {'status': '200', 'content-length': '255', 'connection': 'close', 'date': 'Wed, 23 Dec 2015 02:55:13 GMT', 'content-type': 'application/json; charset=UTF-8', 'x-openstack-request-id': 'req-f9cc03e2-ee2d-4943-b978-40daff9af188'}
        Body: {"subnet_id": "9fae1816-1b14-4ab1-b54c-df5b616f5c83", "tenant_id": "ae589d3cff9f412687f46d081ea1e3be", "subnet_ids": ["9fae1816-1b14-4ab1-b54c-df5b616f5c83"], "port_id": "443534a5-90f8-4a93-8445-732237970fd6", "id": "67bbaa81-a93a-45e6-9f0e-f3533325b58f"}
2015-12-23 02:55:14,432 21176 INFO     [tempest_lib.common.rest_client] Request (TestNetworkBasicOps:_run_cleanups): 204 DELETE http://10.0.2.15:9696/v2.0/subnets/9fae1816-1b14-4ab1-b54c-df5b616f5c83 0.477s
2015-12-23 02:55:14,432 21176 DEBUG    [tempest_lib.common.rest_client] Request - Headers: {'Content-Type': 'application/json', 'Accept': 'application/json', 'X-Auth-Token': '&lt;omitted&gt;'}
        Body: None
    Response - Headers: {'date': 'Wed, 23 Dec 2015 02:55:14 GMT', 'status': '204', 'connection': 'close', 'content-length': '0', 'x-openstack-request-id': 'req-8477f355-1552-47d8-8cb4-8fb8b33e65e1'}
        Body: 
2015-12-23 02:55:14,487 21176 INFO     [tempest_lib.common.rest_client] Request (TestNetworkBasicOps:_run_cleanups): 200 GET http://10.0.2.15:9696/v2.0/routers/67bbaa81-a93a-45e6-9f0e-f3533325b58f 0.053s
2015-12-23 02:55:14,487 21176 DEBUG    [tempest_lib.common.rest_client] Request - Headers: {'Content-Type': 'application/json', 'Accept': 'application/json', 'X-Auth-Token': '&lt;omitted&gt;'}
        Body: None
    Response - Headers: {'status': '200', 'content-length': '564', 'content-location': 'http://10.0.2.15:9696/v2.0/routers/67bbaa81-a93a-45e6-9f0e-f3533325b58f', 'connection': 'close', 'date': 'Wed, 23 Dec 2015 02:55:14 GMT', 'content-type': 'application/json; charset=UTF-8', 'x-openstack-request-id': 'req-dec2e520-2314-493b-8bb2-36eb267aec46'}
        Body: {"router": {"status": "ACTIVE", "external_gateway_info": {"network_id": "e1260c12-d6d0-438c-9930-87d21f5ff2f6", "enable_snat": true, "external_fixed_ips": [{"subnet_id": "a5fe2d8f-d305-49b2-894e-e0b2ab30977f", "ip_address": "172.24.4.3"}, {"subnet_id": "e4b03792-45eb-4510-8c14-53046af2886a", "ip_address": "2001:db8::3"}]}, "availability_zone_hints": [], "availability_zones": ["nova"], "name": "tempest-router-smoke-1661957575", "admin_state_up": true, "tenant_id": "ae589d3cff9f412687f46d081ea1e3be", "routes": [], "id": "67bbaa81-a93a-45e6-9f0e-f3533325b58f"}}
2015-12-23 02:55:15,011 21176 INFO     [tempest_lib.common.rest_client] Request (TestNetworkBasicOps:_run_cleanups): 200 PUT http://10.0.2.15:9696/v2.0/routers/67bbaa81-a93a-45e6-9f0e-f3533325b58f 0.522s
2015-12-23 02:55:15,011 21176 DEBUG    [tempest_lib.common.rest_client] Request - Headers: {'Content-Type': 'application/json', 'Accept': 'application/json', 'X-Auth-Token': '&lt;omitted&gt;'}
        Body: {"router": {"external_gateway_info": {}, "name": "tempest-router-smoke-1661957575", "admin_state_up": true}}
    Response - Headers: {'status': '200', 'content-length': '302', 'connection': 'close', 'date': 'Wed, 23 Dec 2015 02:55:15 GMT', 'content-type': 'application/json; charset=UTF-8', 'x-openstack-request-id': 'req-0ace02f9-b591-4465-bdce-00c430e78e5c'}
        Body: {"router": {"status": "ACTIVE", "external_gateway_info": null, "availability_zone_hints": [], "availability_zones": ["nova"], "name": "tempest-router-smoke-1661957575", "admin_state_up": true, "tenant_id": "ae589d3cff9f412687f46d081ea1e3be", "routes": [], "id": "67bbaa81-a93a-45e6-9f0e-f3533325b58f"}}
2015-12-23 02:55:15,511 21176 INFO     [tempest_lib.common.rest_client] Request (TestNetworkBasicOps:_run_cleanups): 204 DELETE http://10.0.2.15:9696/v2.0/routers/67bbaa81-a93a-45e6-9f0e-f3533325b58f 0.499s
2015-12-23 02:55:15,511 21176 DEBUG    [tempest_lib.common.rest_client] Request - Headers: {'Content-Type': 'application/json', 'Accept': 'application/json', 'X-Auth-Token': '&lt;omitted&gt;'}
        Body: None
    Response - Headers: {'date': 'Wed, 23 Dec 2015 02:55:15 GMT', 'status': '204', 'connection': 'close', 'content-length': '0', 'x-openstack-request-id': 'req-0eab9773-82be-486c-93a1-0598d3ef0379'}
        Body: 
2015-12-23 02:55:15,739 21176 INFO     [tempest_lib.common.rest_client] Request (TestNetworkBasicOps:_run_cleanups): 204 DELETE http://10.0.2.15:9696/v2.0/networks/e7b68602-9e8c-4621-960a-221ddb9394d3 0.226s
2015-12-23 02:55:15,739 21176 DEBUG    [tempest_lib.common.rest_client] Request - Headers: {'Content-Type': 'application/json', 'Accept': 'application/json', 'X-Auth-Token': '&lt;omitted&gt;'}
        Body: None
    Response - Headers: {'date': 'Wed, 23 Dec 2015 02:55:15 GMT', 'status': '204', 'connection': 'close', 'content-length': '0', 'x-openstack-request-id': 'req-70ba923c-14c4-435e-9c48-cc5809180aa9'}
        Body: 
2015-12-23 02:55:15,813 21176 INFO     [tempest_lib.common.rest_client] Request (TestNetworkBasicOps:_run_cleanups): 204 DELETE http://10.0.2.15:9696/v2.0/security-group-rules/4ff419ef-6e21-4bd5-9587-e1f5b9225737 0.072s
2015-12-23 02:55:15,813 21176 DEBUG    [tempest_lib.common.rest_client] Request - Headers: {'Content-Type': 'application/json', 'Accept': 'application/json', 'X-Auth-Token': '&lt;omitted&gt;'}
        Body: None
    Response - Headers: {'date': 'Wed, 23 Dec 2015 02:55:15 GMT', 'status': '204', 'connection': 'close', 'content-length': '0', 'x-openstack-request-id': 'req-ea5d282d-1a94-40be-96e8-106f46c959ef'}
        Body: 
2015-12-23 02:55:15,880 21176 INFO     [tempest_lib.common.rest_client] Request (TestNetworkBasicOps:_run_cleanups): 204 DELETE http://10.0.2.15:9696/v2.0/security-group-rules/a32e4a70-1717-49c8-9b68-99f6758f3039 0.066s
2015-12-23 02:55:15,881 21176 DEBUG    [tempest_lib.common.rest_client] Request - Headers: {'Content-Type': 'application/json', 'Accept': 'application/json', 'X-Auth-Token': '&lt;omitted&gt;'}
        Body: None
    Response - Headers: {'date': 'Wed, 23 Dec 2015 02:55:15 GMT', 'status': '204', 'connection': 'close', 'content-length': '0', 'x-openstack-request-id': 'req-cde57721-7c95-459d-8fe9-7630b62ebd88'}
        Body: 
2015-12-23 02:55:15,937 21176 INFO     [tempest_lib.common.rest_client] Request (TestNetworkBasicOps:_run_cleanups): 204 DELETE http://10.0.2.15:9696/v2.0/security-group-rules/2efa6c51-c3e5-4367-91a6-59e03d1b1190 0.055s
2015-12-23 02:55:15,937 21176 DEBUG    [tempest_lib.common.rest_client] Request - Headers: {'Content-Type': 'application/json', 'Accept': 'application/json', 'X-Auth-Token': '&lt;omitted&gt;'}
        Body: None
    Response - Headers: {'date': 'Wed, 23 Dec 2015 02:55:15 GMT', 'status': '204', 'connection': 'close', 'content-length': '0', 'x-openstack-request-id': 'req-ff3bda32-97b8-42d2-a1db-b5625572b1bb'}
