<?xml version="1.0" encoding="UTF-8"?>
<!DOCTYPE html PUBLIC "-//W3C//DTD XHTML 1.0 Strict//EN"
     "http://www.w3.org/TR/xhtml1/DTD/xhtml1-strict.dtd">
<html xmlns="http://www.w3.org/1999/xhtml">
<head>
    <title>Unit Test Report</title>
    <meta name="generator" content="subunit2html 0.1"/>
    <meta http-equiv="Content-Type" content="text/html; charset=UTF-8"/>
    
<style type="text/css" media="screen">
body        { font-family: verdana, arial, helvetica, sans-serif;
    font-size: 80%; }
table       { font-size: 100%; width: 100%;}
pre         { font-size: 80%; }

/* -- heading -------------------------------------------------------------- */
h1 {
        font-size: 16pt;
        color: gray;
}
.heading {
    margin-top: 0ex;
    margin-bottom: 1ex;
}

.heading .attribute {
    margin-top: 1ex;
    margin-bottom: 0;
}

.heading .description {
    margin-top: 4ex;
    margin-bottom: 6ex;
}

/* -- css div popup -------------------------------------------------------- */
a.popup_link {
}

a.popup_link:hover {
    color: red;
}

.popup_window {
    display: none;
    overflow-x: scroll;
    /*border: solid #627173 1px; */
    padding: 10px;
    background-color: #E6E6D6;
    font-family: "Ubuntu Mono", "Lucida Console", "Courier New", monospace;
    text-align: left;
    font-size: 8pt;
}

}
/* -- report --------------------------------------------------------------- */
#show_detail_line {
    margin-top: 3ex;
    margin-bottom: 1ex;
}
#result_table {
    width: 100%;
    border-collapse: collapse;
    border: 1px solid #777;
}
#header_row {
    font-weight: bold;
    color: white;
    background-color: #777;
}
#result_table td {
    border: 1px solid #777;
    padding: 2px;
}
#total_row  { font-weight: bold; }
.passClass  { background-color: #6c6; }
.failClass  { background-color: #c60; }
.errorClass { background-color: #c00; }
.passCase   { color: #6c6; }
.failCase   { color: #c60; font-weight: bold; }
.errorCase  { color: #c00; font-weight: bold; }
.hiddenRow  { display: none; }
.testcase   { margin-left: 2em; }
td.testname {width: 40%}
td.small {width: 40px}

/* -- ending --------------------------------------------------------------- */
#ending {
}

</style>

</head>
<body>
<script language="javascript" type="text/javascript"><!--
output_list = Array();

/* level - 0:Summary; 1:Failed; 2:All */
function showCase(level) {
    trs = document.getElementsByTagName("tr");
    for (var i = 0; i < trs.length; i++) {
        tr = trs[i];
        id = tr.id;
        if (id.substr(0,2) == 'ft') {
            if (level < 1) {
                tr.className = 'hiddenRow';
            }
            else {
                tr.className = '';
            }
        }
        if (id.substr(0,2) == 'pt') {
            if (level > 1) {
                tr.className = '';
            }
            else {
                tr.className = 'hiddenRow';
            }
        }
    }
}


function showClassDetail(cid, count) {
    var id_list = Array(count);
    var toHide = 1;
    for (var i = 0; i < count; i++) {
        tid0 = 't' + cid.substr(1) + '.' + (i+1);
        tid = 'f' + tid0;
        tr = document.getElementById(tid);
        if (!tr) {
            tid = 'p' + tid0;
            tr = document.getElementById(tid);
        }
        id_list[i] = tid;
        if (tr.className) {
            toHide = 0;
        }
    }
    for (var i = 0; i < count; i++) {
        tid = id_list[i];
        if (toHide) {
            document.getElementById('div_'+tid).style.display = 'none'
            document.getElementById(tid).className = 'hiddenRow';
        }
        else {
            document.getElementById(tid).className = '';
        }
    }
}


function showTestDetail(div_id){
    var details_div = document.getElementById(div_id)
    var displayState = details_div.style.display
    // alert(displayState)
    if (displayState != 'block' ) {
        displayState = 'block'
        details_div.style.display = 'block'
    }
    else {
        details_div.style.display = 'none'
    }
}


function html_escape(s) {
    s = s.replace(/&/g,'&amp;');
    s = s.replace(/</g,'&lt;');
    s = s.replace(/>/g,'&gt;');
    return s;
}

/* obsoleted by detail in <div>
function showOutput(id, name) {
    var w = window.open("", //url
                    name,
                    "resizable,scrollbars,status,width=800,height=450");
    d = w.document;
    d.write("<pre>");
    d.write(html_escape(output_list[id]));
    d.write("\n");
    d.write("<a href='javascript:window.close()'>close</a>\n");
    d.write("</pre>\n");
    d.close();
}
*/
--></script>

<div class='heading'>
<h1>Unit Test Report</h1>

<p class='attribute'><strong>Status:</strong> Pass 1 Failure 7 Skip 1</p>

<p class='description'></p>
</div>



<p id='show_detail_line'>Show
<a href='javascript:showCase(0)'>Summary</a>
<a href='javascript:showCase(1)'>Failed</a>
<a href='javascript:showCase(2)'>All</a>
</p>
<table id='result_table'>
<colgroup>
<col align='left' />
<col align='right' />
<col align='right' />
<col align='right' />
<col align='right' />
<col align='right' />
<col align='right' />
<col align='right' />
</colgroup>
<tr id='header_row'>
    <td>Test Group/Test case</td>
    <td>Count</td>
    <td>Pass</td>
    <td>Fail</td>
    <td>Error</td>
    <td>Skip</td>
    <td>View</td>
    <td> </td>
</tr>

<tr class='failClass'>
    <td class="testname">tempest.scenario.test_network_basic_ops.TestNetworkBasicOps</td>
    <td class="small">9</td>
    <td class="small">1</td>
    <td class="small">7</td>
    <td class="small">0</td>
    <td class="small">1</td>
    <td class="small"><a href="javascript:showClassDetail('c1',9)"
>Detail</a></td>
    <td> </td>
</tr>

<tr id='ft1.1' class='none'>
    <td class='failCase'><div class='testcase'>test_connectivity_between_vms_on_different_networks[compute,id-1546850e-fbaa-42f5-8b5f-03d8a6a95f15,network]</div></td>
    <td colspan='7' align='left'>

    <!--css div popup start-->
    <a class="popup_link" onfocus='this.blur();'
    href="javascript:showTestDetail('div_ft1.1')" >
        fail</a>

    <div id='div_ft1.1' class="popup_window">
        <div style='text-align: right; color:red;cursor:pointer'>
        <a onfocus='this.blur();'
onclick="document.getElementById('div_ft1.1').style.display = 'none' " >
           [x]</a>
        </div>
        <pre>
        
ft1.1: tempest.scenario.test_network_basic_ops.TestNetworkBasicOps.test_connectivity_between_vms_on_different_networks[compute,id-1546850e-fbaa-42f5-8b5f-03d8a6a95f15,network]_StringException: Empty attachments:
  stderr
  stdout

pythonlogging:'': {{{
2015-12-21 15:05:11,275 21192 INFO     [tempest_lib.common.rest_client] Request (TestNetworkBasicOps:test_connectivity_between_vms_on_different_networks): 201 POST http://10.0.2.15:9696/v2.0/security-groups 0.350s
2015-12-21 15:05:11,276 21192 DEBUG    [tempest_lib.common.rest_client] Request - Headers: {'Content-Type': 'application/json', 'Accept': 'application/json', 'X-Auth-Token': '&lt;omitted&gt;'}
        Body: {"security_group": {"tenant_id": "34e63b7df1a6407b9b56e538c7d7dd3e", "description": "tempest-secgroup-smoke-1405307698 description", "name": "tempest-secgroup-smoke-1405307698"}}
    Response - Headers: {'status': '201', 'content-length': '888', 'connection': 'close', 'date': 'Mon, 21 Dec 2015 15:05:11 GMT', 'content-type': 'application/json; charset=UTF-8', 'x-openstack-request-id': 'req-07fe3682-4e4e-491d-b962-5314660b593b'}
        Body: {"security_group": {"tenant_id": "34e63b7df1a6407b9b56e538c7d7dd3e", "description": "tempest-secgroup-smoke-1405307698 description", "id": "afe60b8a-6202-4ebd-92d3-62e4a384769f", "security_group_rules": [{"remote_group_id": null, "direction": "egress", "remote_ip_prefix": null, "protocol": null, "ethertype": "IPv4", "tenant_id": "34e63b7df1a6407b9b56e538c7d7dd3e", "port_range_max": null, "port_range_min": null, "id": "1d952737-f28b-48e8-8ce3-cef4d7809885", "security_group_id": "afe60b8a-6202-4ebd-92d3-62e4a384769f"}, {"remote_group_id": null, "direction": "egress", "remote_ip_prefix": null, "protocol": null, "ethertype": "IPv6", "tenant_id": "34e63b7df1a6407b9b56e538c7d7dd3e", "port_range_max": null, "port_range_min": null, "id": "c10035a0-f1ec-47ba-90f1-b0a394b3733e", "security_group_id": "afe60b8a-6202-4ebd-92d3-62e4a384769f"}], "name": "tempest-secgroup-smoke-1405307698"}}
2015-12-21 15:05:11,406 21192 INFO     [tempest_lib.common.rest_client] Request (TestNetworkBasicOps:test_connectivity_between_vms_on_different_networks): 201 POST http://10.0.2.15:9696/v2.0/security-group-rules 0.129s
2015-12-21 15:05:11,406 21192 DEBUG    [tempest_lib.common.rest_client] Request - Headers: {'Content-Type': 'application/json', 'Accept': 'application/json', 'X-Auth-Token': '&lt;omitted&gt;'}
        Body: {"security_group_rule": {"direction": "ingress", "protocol": "tcp", "tenant_id": "34e63b7df1a6407b9b56e538c7d7dd3e", "port_range_max": 22, "security_group_id": "afe60b8a-6202-4ebd-92d3-62e4a384769f", "port_range_min": 22}}
    Response - Headers: {'status': '201', 'content-length': '340', 'connection': 'close', 'date': 'Mon, 21 Dec 2015 15:05:11 GMT', 'content-type': 'application/json; charset=UTF-8', 'x-openstack-request-id': 'req-3b3dd28c-b187-4167-9daf-16bdeac8b228'}
        Body: {"security_group_rule": {"remote_group_id": null, "direction": "ingress", "remote_ip_prefix": null, "protocol": "tcp", "ethertype": "IPv4", "tenant_id": "34e63b7df1a6407b9b56e538c7d7dd3e", "port_range_max": 22, "port_range_min": 22, "id": "9960804a-36b1-4c28-883c-6851421884f6", "security_group_id": "afe60b8a-6202-4ebd-92d3-62e4a384769f"}}
2015-12-21 15:05:11,531 21192 INFO     [tempest_lib.common.rest_client] Request (TestNetworkBasicOps:test_connectivity_between_vms_on_different_networks): 201 POST http://10.0.2.15:9696/v2.0/security-group-rules 0.123s
2015-12-21 15:05:11,531 21192 DEBUG    [tempest_lib.common.rest_client] Request - Headers: {'Content-Type': 'application/json', 'Accept': 'application/json', 'X-Auth-Token': '&lt;omitted&gt;'}
        Body: {"security_group_rule": {"direction": "egress", "protocol": "tcp", "tenant_id": "34e63b7df1a6407b9b56e538c7d7dd3e", "port_range_max": 22, "security_group_id": "afe60b8a-6202-4ebd-92d3-62e4a384769f", "port_range_min": 22}}
    Response - Headers: {'status': '201', 'content-length': '339', 'connection': 'close', 'date': 'Mon, 21 Dec 2015 15:05:11 GMT', 'content-type': 'application/json; charset=UTF-8', 'x-openstack-request-id': 'req-8c554948-238a-41fe-ab15-b9563205c257'}
        Body: {"security_group_rule": {"remote_group_id": null, "direction": "egress", "remote_ip_prefix": null, "protocol": "tcp", "ethertype": "IPv4", "tenant_id": "34e63b7df1a6407b9b56e538c7d7dd3e", "port_range_max": 22, "port_range_min": 22, "id": "5130bce0-fc00-4039-ac55-ea9d91ba7fcb", "security_group_id": "afe60b8a-6202-4ebd-92d3-62e4a384769f"}}
2015-12-21 15:05:11,785 21192 INFO     [tempest_lib.common.rest_client] Request (TestNetworkBasicOps:test_connectivity_between_vms_on_different_networks): 201 POST http://10.0.2.15:9696/v2.0/security-group-rules 0.253s
2015-12-21 15:05:11,786 21192 DEBUG    [tempest_lib.common.rest_client] Request - Headers: {'Content-Type': 'application/json', 'Accept': 'application/json', 'X-Auth-Token': '&lt;omitted&gt;'}
        Body: {"security_group_rule": {"tenant_id": "34e63b7df1a6407b9b56e538c7d7dd3e", "direction": "ingress", "protocol": "icmp", "security_group_id": "afe60b8a-6202-4ebd-92d3-62e4a384769f"}}
    Response - Headers: {'status': '201', 'content-length': '345', 'connection': 'close', 'date': 'Mon, 21 Dec 2015 15:05:11 GMT', 'content-type': 'application/json; charset=UTF-8', 'x-openstack-request-id': 'req-4e5e4f33-e5db-46c8-9c22-55904f2bc23f'}
        Body: {"security_group_rule": {"remote_group_id": null, "direction": "ingress", "remote_ip_prefix": null, "protocol": "icmp", "ethertype": "IPv4", "tenant_id": "34e63b7df1a6407b9b56e538c7d7dd3e", "port_range_max": null, "port_range_min": null, "id": "7fde399b-df09-4779-bbf7-39037ef2c77c", "security_group_id": "afe60b8a-6202-4ebd-92d3-62e4a384769f"}}
2015-12-21 15:05:11,904 21192 INFO     [tempest_lib.common.rest_client] Request (TestNetworkBasicOps:test_connectivity_between_vms_on_different_networks): 201 POST http://10.0.2.15:9696/v2.0/security-group-rules 0.117s
2015-12-21 15:05:11,905 21192 DEBUG    [tempest_lib.common.rest_client] Request - Headers: {'Content-Type': 'application/json', 'Accept': 'application/json', 'X-Auth-Token': '&lt;omitted&gt;'}
        Body: {"security_group_rule": {"tenant_id": "34e63b7df1a6407b9b56e538c7d7dd3e", "direction": "egress", "protocol": "icmp", "security_group_id": "afe60b8a-6202-4ebd-92d3-62e4a384769f"}}
    Response - Headers: {'status': '201', 'content-length': '344', 'connection': 'close', 'date': 'Mon, 21 Dec 2015 15:05:11 GMT', 'content-type': 'application/json; charset=UTF-8', 'x-openstack-request-id': 'req-c868eebe-fb29-4b05-a25f-b38d6c09ee16'}
        Body: {"security_group_rule": {"remote_group_id": null, "direction": "egress", "remote_ip_prefix": null, "protocol": "icmp", "ethertype": "IPv4", "tenant_id": "34e63b7df1a6407b9b56e538c7d7dd3e", "port_range_max": null, "port_range_min": null, "id": "b773c18a-4625-4820-8563-68757c7f3c52", "security_group_id": "afe60b8a-6202-4ebd-92d3-62e4a384769f"}}
2015-12-21 15:05:12,027 21192 INFO     [tempest_lib.common.rest_client] Request (TestNetworkBasicOps:test_connectivity_between_vms_on_different_networks): 201 POST http://10.0.2.15:9696/v2.0/security-group-rules 0.121s
2015-12-21 15:05:12,027 21192 DEBUG    [tempest_lib.common.rest_client] Request - Headers: {'Content-Type': 'application/json', 'Accept': 'application/json', 'X-Auth-Token': '&lt;omitted&gt;'}
        Body: {"security_group_rule": {"tenant_id": "34e63b7df1a6407b9b56e538c7d7dd3e", "direction": "ingress", "security_group_id": "afe60b8a-6202-4ebd-92d3-62e4a384769f", "protocol": "icmp", "ethertype": "IPv6"}}
    Response - Headers: {'status': '201', 'content-length': '345', 'connection': 'close', 'date': 'Mon, 21 Dec 2015 15:05:12 GMT', 'content-type': 'application/json; charset=UTF-8', 'x-openstack-request-id': 'req-42131126-8f8f-46d9-81b6-3e919c8fa8dc'}
        Body: {"security_group_rule": {"remote_group_id": null, "direction": "ingress", "remote_ip_prefix": null, "protocol": "icmp", "ethertype": "IPv6", "tenant_id": "34e63b7df1a6407b9b56e538c7d7dd3e", "port_range_max": null, "port_range_min": null, "id": "61b8cdf3-946b-4160-91fa-a45aaf5fd5c6", "security_group_id": "afe60b8a-6202-4ebd-92d3-62e4a384769f"}}
2015-12-21 15:05:12,151 21192 INFO     [tempest_lib.common.rest_client] Request (TestNetworkBasicOps:test_connectivity_between_vms_on_different_networks): 201 POST http://10.0.2.15:9696/v2.0/security-group-rules 0.121s
2015-12-21 15:05:12,151 21192 DEBUG    [tempest_lib.common.rest_client] Request - Headers: {'Content-Type': 'application/json', 'Accept': 'application/json', 'X-Auth-Token': '&lt;omitted&gt;'}
        Body: {"security_group_rule": {"tenant_id": "34e63b7df1a6407b9b56e538c7d7dd3e", "direction": "egress", "security_group_id": "afe60b8a-6202-4ebd-92d3-62e4a384769f", "protocol": "icmp", "ethertype": "IPv6"}}
    Response - Headers: {'status': '201', 'content-length': '344', 'connection': 'close', 'date': 'Mon, 21 Dec 2015 15:05:12 GMT', 'content-type': 'application/json; charset=UTF-8', 'x-openstack-request-id': 'req-c03a1d71-2486-4be5-8e72-cc80383d1092'}
        Body: {"security_group_rule": {"remote_group_id": null, "direction": "egress", "remote_ip_prefix": null, "protocol": "icmp", "ethertype": "IPv6", "tenant_id": "34e63b7df1a6407b9b56e538c7d7dd3e", "port_range_max": null, "port_range_min": null, "id": "29b0e150-bbb3-445b-9fb0-c6893899858a", "security_group_id": "afe60b8a-6202-4ebd-92d3-62e4a384769f"}}
2015-12-21 15:05:12,340 21192 INFO     [tempest_lib.common.rest_client] Request (TestNetworkBasicOps:test_connectivity_between_vms_on_different_networks): 201 POST http://10.0.2.15:9696/v2.0/networks 0.187s
2015-12-21 15:05:12,340 21192 DEBUG    [tempest_lib.common.rest_client] Request - Headers: {'Content-Type': 'application/json', 'Accept': 'application/json', 'X-Auth-Token': '&lt;omitted&gt;'}
        Body: {"network": {"tenant_id": "34e63b7df1a6407b9b56e538c7d7dd3e", "name": "tempest-network-smoke--523421955"}}
    Response - Headers: {'status': '201', 'content-length': '328', 'connection': 'close', 'date': 'Mon, 21 Dec 2015 15:05:12 GMT', 'content-type': 'application/json; charset=UTF-8', 'x-openstack-request-id': 'req-6f3528ac-1e99-4f5b-b76f-a33bef36631c'}
        Body: {"network": {"status": "ACTIVE", "subnets": [], "availability_zone_hints": "[]", "name": "tempest-network-smoke--523421955", "admin_state_up": true, "tenant_id": "34e63b7df1a6407b9b56e538c7d7dd3e", "mtu": 0, "router:external": false, "shared": false, "port_security_enabled": true, "id": "3b6a23f5-41db-4bca-bd0f-91a4de40c30a"}}
2015-12-21 15:05:12,427 21192 INFO     [tempest_lib.common.rest_client] Request (TestNetworkBasicOps:test_connectivity_between_vms_on_different_networks): 201 POST http://10.0.2.15:9696/v2.0/routers 0.086s
2015-12-21 15:05:12,428 21192 DEBUG    [tempest_lib.common.rest_client] Request - Headers: {'Content-Type': 'application/json', 'Accept': 'application/json', 'X-Auth-Token': '&lt;omitted&gt;'}
        Body: {"router": {"tenant_id": "34e63b7df1a6407b9b56e538c7d7dd3e", "name": "tempest-router-smoke-589331073", "admin_state_up": true}}
    Response - Headers: {'status': '201', 'content-length': '295', 'connection': 'close', 'date': 'Mon, 21 Dec 2015 15:05:12 GMT', 'content-type': 'application/json; charset=UTF-8', 'x-openstack-request-id': 'req-1cdf4aaf-4aa7-4dc5-aee7-0272f540c9a9'}
        Body: {"router": {"status": "ACTIVE", "external_gateway_info": null, "availability_zone_hints": [], "availability_zones": [], "name": "tempest-router-smoke-589331073", "admin_state_up": true, "tenant_id": "34e63b7df1a6407b9b56e538c7d7dd3e", "routes": [], "id": "89c2acb2-6dc4-40ea-a65a-f28327edd77e"}}
2015-12-21 15:05:12,579 21192 INFO     [tempest_lib.common.rest_client] Request (TestNetworkBasicOps:test_connectivity_between_vms_on_different_networks): 200 GET http://10.0.2.15:9696/v2.0/routers/89c2acb2-6dc4-40ea-a65a-f28327edd77e 0.149s
2015-12-21 15:05:12,579 21192 DEBUG    [tempest_lib.common.rest_client] Request - Headers: {'Content-Type': 'application/json', 'Accept': 'application/json', 'X-Auth-Token': '&lt;omitted&gt;'}
        Body: None
    Response - Headers: {'status': '200', 'content-length': '295', 'content-location': 'http://10.0.2.15:9696/v2.0/routers/89c2acb2-6dc4-40ea-a65a-f28327edd77e', 'connection': 'close', 'date': 'Mon, 21 Dec 2015 15:05:12 GMT', 'content-type': 'application/json; charset=UTF-8', 'x-openstack-request-id': 'req-b9757f5d-0449-44ea-9b92-b552527e4620'}
        Body: {"router": {"status": "ACTIVE", "external_gateway_info": null, "availability_zone_hints": [], "availability_zones": [], "name": "tempest-router-smoke-589331073", "admin_state_up": true, "tenant_id": "34e63b7df1a6407b9b56e538c7d7dd3e", "routes": [], "id": "89c2acb2-6dc4-40ea-a65a-f28327edd77e"}}
2015-12-21 15:05:13,327 21192 INFO     [tempest_lib.common.rest_client] Request (TestNetworkBasicOps:test_connectivity_between_vms_on_different_networks): 200 PUT http://10.0.2.15:9696/v2.0/routers/89c2acb2-6dc4-40ea-a65a-f28327edd77e 0.748s
2015-12-21 15:05:13,328 21192 DEBUG    [tempest_lib.common.rest_client] Request - Headers: {'Content-Type': 'application/json', 'Accept': 'application/json', 'X-Auth-Token': '&lt;omitted&gt;'}
        Body: {"router": {"external_gateway_info": {"network_id": "f1390c72-ee05-4476-b8db-ee6d6cbb5435"}, "name": "tempest-router-smoke-589331073", "admin_state_up": true}}
    Response - Headers: {'status': '200', 'content-length': '557', 'connection': 'close', 'date': 'Mon, 21 Dec 2015 15:05:13 GMT', 'content-type': 'application/json; charset=UTF-8', 'x-openstack-request-id': 'req-c673b670-1cb9-408b-b4ba-0ef209d7e3b7'}
        Body: {"router": {"status": "ACTIVE", "external_gateway_info": {"network_id": "f1390c72-ee05-4476-b8db-ee6d6cbb5435", "enable_snat": true, "external_fixed_ips": [{"subnet_id": "6243909e-07d0-4e14-afe3-b3c54566a996", "ip_address": "172.24.4.3"}, {"subnet_id": "a938df95-9dc8-418f-b900-3dbf5afa0267", "ip_address": "2001:db8::4"}]}, "availability_zone_hints": [], "availability_zones": [], "name": "tempest-router-smoke-589331073", "admin_state_up": true, "tenant_id": "34e63b7df1a6407b9b56e538c7d7dd3e", "routes": [], "id": "89c2acb2-6dc4-40ea-a65a-f28327edd77e"}}
2015-12-21 15:05:13,535 21192 INFO     [tempest_lib.common.rest_client] Request (TestNetworkBasicOps:test_connectivity_between_vms_on_different_networks): 200 GET http://10.0.2.15:9696/v2.0/subnets?tenant_id=34e63b7df1a6407b9b56e538c7d7dd3e&amp;cidr=10.100.0.0%2F28 0.206s
2015-12-21 15:05:13,536 21192 DEBUG    [tempest_lib.common.rest_client] Request - Headers: {'Content-Type': 'application/json', 'Accept': 'application/json', 'X-Auth-Token': '&lt;omitted&gt;'}
        Body: None
    Response - Headers: {'status': '200', 'content-length': '15', 'content-location': 'http://10.0.2.15:9696/v2.0/subnets?tenant_id=34e63b7df1a6407b9b56e538c7d7dd3e&amp;cidr=10.100.0.0%2F28', 'connection': 'close', 'date': 'Mon, 21 Dec 2015 15:05:13 GMT', 'content-type': 'application/json; charset=UTF-8', 'x-openstack-request-id': 'req-c1b6155d-c2a6-47fe-8354-4ed0681af8b1'}
        Body: {"subnets": []}
2015-12-21 15:05:13,893 21192 INFO     [tempest_lib.common.rest_client] Request (TestNetworkBasicOps:test_connectivity_between_vms_on_different_networks): 201 POST http://10.0.2.15:9696/v2.0/subnets 0.356s
2015-12-21 15:05:13,894 21192 DEBUG    [tempest_lib.common.rest_client] Request - Headers: {'Content-Type': 'application/json', 'Accept': 'application/json', 'X-Auth-Token': '&lt;omitted&gt;'}
        Body: {"subnet": {"ip_version": 4, "tenant_id": "34e63b7df1a6407b9b56e538c7d7dd3e", "cidr": "10.100.0.0/28", "network_id": "3b6a23f5-41db-4bca-bd0f-91a4de40c30a", "name": "tempest-subnet-smoke-601944676"}}
    Response - Headers: {'status': '201', 'content-length': '477', 'connection': 'close', 'date': 'Mon, 21 Dec 2015 15:05:13 GMT', 'content-type': 'application/json; charset=UTF-8', 'x-openstack-request-id': 'req-3014efcd-ed56-4737-9c45-698102cce6d1'}
        Body: {"subnet": {"name": "tempest-subnet-smoke-601944676", "enable_dhcp": true, "network_id": "3b6a23f5-41db-4bca-bd0f-91a4de40c30a", "tenant_id": "34e63b7df1a6407b9b56e538c7d7dd3e", "dns_nameservers": [], "gateway_ip": "10.100.0.1", "ipv6_ra_mode": null, "allocation_pools": [{"start": "10.100.0.2", "end": "10.100.0.14"}], "host_routes": [], "ip_version": 4, "ipv6_address_mode": null, "cidr": "10.100.0.0/28", "id": "e27b7c78-5193-416b-a3fd-d2edbd6daf30", "subnetpool_id": null}}
2015-12-21 15:05:14,573 21192 INFO     [tempest_lib.common.rest_client] Request (TestNetworkBasicOps:test_connectivity_between_vms_on_different_networks): 200 PUT http://10.0.2.15:9696/v2.0/routers/89c2acb2-6dc4-40ea-a65a-f28327edd77e/add_router_interface 0.678s
2015-12-21 15:05:14,574 21192 DEBUG    [tempest_lib.common.rest_client] Request - Headers: {'Content-Type': 'application/json', 'Accept': 'application/json', 'X-Auth-Token': '&lt;omitted&gt;'}
        Body: {"subnet_id": "e27b7c78-5193-416b-a3fd-d2edbd6daf30"}
    Response - Headers: {'status': '200', 'content-length': '255', 'connection': 'close', 'date': 'Mon, 21 Dec 2015 15:05:14 GMT', 'content-type': 'application/json; charset=UTF-8', 'x-openstack-request-id': 'req-083c8449-a3aa-4e0e-901d-4d8a81afc77e'}
        Body: {"subnet_id": "e27b7c78-5193-416b-a3fd-d2edbd6daf30", "tenant_id": "34e63b7df1a6407b9b56e538c7d7dd3e", "subnet_ids": ["e27b7c78-5193-416b-a3fd-d2edbd6daf30"], "port_id": "d2102960-7e36-43a1-8cb7-72f4d051ef7c", "id": "89c2acb2-6dc4-40ea-a65a-f28327edd77e"}
2015-12-21 15:05:14,638 21192 INFO     [tempest_lib.common.rest_client] Request (TestNetworkBasicOps:test_connectivity_between_vms_on_different_networks): 200 GET http://10.0.2.15:9696/v2.0/networks 0.064s
2015-12-21 15:05:14,638 21192 DEBUG    [tempest_lib.common.rest_client] Request - Headers: {'Content-Type': 'application/json', 'Accept': 'application/json', 'X-Auth-Token': '&lt;omitted&gt;'}
        Body: None
    Response - Headers: {'status': '200', 'content-length': '1506', 'content-location': 'http://10.0.2.15:9696/v2.0/networks', 'connection': 'close', 'date': 'Mon, 21 Dec 2015 15:05:14 GMT', 'content-type': 'application/json; charset=UTF-8', 'x-openstack-request-id': 'req-7d6e74dc-217e-415c-bfa5-7f751d53313a'}
        Body: {"networks": [{"status": "ACTIVE", "subnets": ["a938df95-9dc8-418f-b900-3dbf5afa0267", "6243909e-07d0-4e14-afe3-b3c54566a996"], "availability_zone_hints": [], "availability_zones": ["nova"], "name": "public", "provider:physical_network": null, "admin_state_up": true, "tenant_id": "a07ada6f3f4a4046b17e7c61b99c0743", "mtu": 0, "router:external": true, "shared": false, "port_security_enabled": true, "provider:network_type": "vxlan", "id": "f1390c72-ee05-4476-b8db-ee6d6cbb5435", "provider:segmentation_id": 1087}, {"status": "ACTIVE", "subnets": ["e27b7c78-5193-416b-a3fd-d2edbd6daf30"], "availability_zone_hints": [], "availability_zones": ["nova"], "name": "tempest-network-smoke--523421955", "provider:physical_network": null, "admin_state_up": true, "tenant_id": "34e63b7df1a6407b9b56e538c7d7dd3e", "mtu": 0, "router:external": false, "shared": false, "port_security_enabled": true, "provider:network_type": "vxlan", "id": "3b6a23f5-41db-4bca-bd0f-91a4de40c30a", "provider:segmentation_id": 1032}, {"status": "ACTIVE", "subnets": ["e7904053-5fec-4afe-9d13-4e123e7c1dae", "41b0800e-e8ba-4b32-b859-38040332c692"], "availability_zone_hints": [], "availability_zones": ["nova"], "name": "private", "provider:physical_network": null, "admin_state_up": true, "tenant_id": "b2a14d136c554cb8b0e2da069616debb", "mtu": 0, "router:external": false, "shared": false, "port_security_enabled": true, "provider:network_type": "vxlan", "id": "5d2a5693-91df-4636-91f5-12edadd5b3ed", "provider:segmentation_id": 1055}]}
2015-12-21 15:05:14,710 21192 INFO     [tempest_lib.common.rest_client] Request (TestNetworkBasicOps:test_connectivity_between_vms_on_different_networks): 200 GET http://10.0.2.15:9696/v2.0/subnets 0.070s
2015-12-21 15:05:14,710 21192 DEBUG    [tempest_lib.common.rest_client] Request - Headers: {'Content-Type': 'application/json', 'Accept': 'application/json', 'X-Auth-Token': '&lt;omitted&gt;'}
        Body: None
    Response - Headers: {'status': '200', 'content-length': '2407', 'content-location': 'http://10.0.2.15:9696/v2.0/subnets', 'connection': 'close', 'date': 'Mon, 21 Dec 2015 15:05:14 GMT', 'content-type': 'application/json; charset=UTF-8', 'x-openstack-request-id': 'req-1f1320a5-10b3-45ce-a703-23d309567de8'}
        Body: {"subnets": [{"name": "private-subnet", "enable_dhcp": true, "network_id": "5d2a5693-91df-4636-91f5-12edadd5b3ed", "tenant_id": "b2a14d136c554cb8b0e2da069616debb", "dns_nameservers": [], "gateway_ip": "10.0.0.1", "ipv6_ra_mode": null, "allocation_pools": [{"start": "10.0.0.2", "end": "10.0.0.254"}], "host_routes": [], "ip_version": 4, "ipv6_address_mode": null, "cidr": "10.0.0.0/24", "id": "e7904053-5fec-4afe-9d13-4e123e7c1dae", "subnetpool_id": null}, {"name": "ipv6-private-subnet", "enable_dhcp": true, "network_id": "5d2a5693-91df-4636-91f5-12edadd5b3ed", "tenant_id": "b2a14d136c554cb8b0e2da069616debb", "dns_nameservers": [], "gateway_ip": "fd6b:d571:dcb0::1", "ipv6_ra_mode": "slaac", "allocation_pools": [{"start": "fd6b:d571:dcb0::2", "end": "fd6b:d571:dcb0:0:ffff:ffff:ffff:ffff"}], "host_routes": [], "ip_version": 6, "ipv6_address_mode": "slaac", "cidr": "fd6b:d571:dcb0::/64", "id": "41b0800e-e8ba-4b32-b859-38040332c692", "subnetpool_id": null}, {"name": "tempest-subnet-smoke-601944676", "enable_dhcp": true, "network_id": "3b6a23f5-41db-4bca-bd0f-91a4de40c30a", "tenant_id": "34e63b7df1a6407b9b56e538c7d7dd3e", "dns_nameservers": [], "gateway_ip": "10.100.0.1", "ipv6_ra_mode": null, "allocation_pools": [{"start": "10.100.0.2", "end": "10.100.0.14"}], "host_routes": [], "ip_version": 4, "ipv6_address_mode": null, "cidr": "10.100.0.0/28", "id": "e27b7c78-5193-416b-a3fd-d2edbd6daf30", "subnetpool_id": null}, {"name": "ipv6-public-subnet", "enable_dhcp": false, "network_id": "f1390c72-ee05-4476-b8db-ee6d6cbb5435", "tenant_id": "a07ada6f3f4a4046b17e7c61b99c0743", "dns_nameservers": [], "gateway_ip": "2001:db8::2", "ipv6_ra_mode": null, "allocation_pools": [{"start": "2001:db8::1", "end": "2001:db8::1"}, {"start": "2001:db8::3", "end": "2001:db8::ffff:ffff:ffff:ffff"}], "host_routes": [], "ip_version": 6, "ipv6_address_mode": null, "cidr": "2001:db8::/64", "id": "a938df95-9dc8-418f-b900-3dbf5afa0267", "subnetpool_id": null}, {"name": "public-subnet", "enable_dhcp": false, "network_id": "f1390c72-ee05-4476-b8db-ee6d6cbb5435", "tenant_id": "a07ada6f3f4a4046b17e7c61b99c0743", "dns_nameservers": [], "gateway_ip": "172.24.4.1", "ipv6_ra_mode": null, "allocation_pools": [{"start": "172.24.4.2", "end": "172.24.4.254"}], "host_routes": [], "ip_version": 4, "ipv6_address_mode": null, "cidr": "172.24.4.0/24", "id": "6243909e-07d0-4e14-afe3-b3c54566a996", "subnetpool_id": null}]}
2015-12-21 15:05:14,799 21192 INFO     [tempest_lib.common.rest_client] Request (TestNetworkBasicOps:test_connectivity_between_vms_on_different_networks): 200 GET http://10.0.2.15:9696/v2.0/routers 0.088s
2015-12-21 15:05:14,799 21192 DEBUG    [tempest_lib.common.rest_client] Request - Headers: {'Content-Type': 'application/json', 'Accept': 'application/json', 'X-Auth-Token': '&lt;omitted&gt;'}
        Body: None
    Response - Headers: {'status': '200', 'content-length': '1166', 'content-location': 'http://10.0.2.15:9696/v2.0/routers', 'connection': 'close', 'date': 'Mon, 21 Dec 2015 15:05:14 GMT', 'content-type': 'application/json; charset=UTF-8', 'x-openstack-request-id': 'req-52d07a8e-c297-4660-abd6-dc50bfe93545'}
        Body: {"routers": [{"status": "ACTIVE", "external_gateway_info": {"network_id": "f1390c72-ee05-4476-b8db-ee6d6cbb5435", "enable_snat": true, "external_fixed_ips": [{"subnet_id": "6243909e-07d0-4e14-afe3-b3c54566a996", "ip_address": "172.24.4.2"}, {"subnet_id": "a938df95-9dc8-418f-b900-3dbf5afa0267", "ip_address": "2001:db8::3"}]}, "availability_zone_hints": [], "availability_zones": ["nova"], "name": "router1", "admin_state_up": true, "tenant_id": "b2a14d136c554cb8b0e2da069616debb", "distributed": false, "routes": [], "ha": false, "id": "661d7a4d-dfcd-4469-951a-e0d348d09365"}, {"status": "ACTIVE", "external_gateway_info": {"network_id": "f1390c72-ee05-4476-b8db-ee6d6cbb5435", "enable_snat": true, "external_fixed_ips": [{"subnet_id": "6243909e-07d0-4e14-afe3-b3c54566a996", "ip_address": "172.24.4.3"}, {"subnet_id": "a938df95-9dc8-418f-b900-3dbf5afa0267", "ip_address": "2001:db8::4"}]}, "availability_zone_hints": [], "availability_zones": ["nova"], "name": "tempest-router-smoke-589331073", "admin_state_up": true, "tenant_id": "34e63b7df1a6407b9b56e538c7d7dd3e", "distributed": false, "routes": [], "ha": false, "id": "89c2acb2-6dc4-40ea-a65a-f28327edd77e"}]}
2015-12-21 15:05:15,347 21192 INFO     [tempest_lib.common.rest_client] Request (TestNetworkBasicOps:test_connectivity_between_vms_on_different_networks): 200 POST http://10.0.2.15:8774/v2.1/34e63b7df1a6407b9b56e538c7d7dd3e/os-keypairs 0.547s
2015-12-21 15:05:15,347 21192 DEBUG    [tempest_lib.common.rest_client] Request - Headers: {'Content-Type': 'application/json', 'Accept': 'application/json', 'X-Auth-Token': '&lt;omitted&gt;'}
        Body: {"keypair": {"name": "tempest-TestNetworkBasicOps-551583821"}}
    Response - Headers: {'status': '200', 'content-length': '2324', 'x-compute-request-id': 'req-b1c83216-9056-40db-a2e2-0e29bb39d73f', 'vary': 'X-OpenStack-Nova-API-Version', 'connection': 'close', 'x-openstack-nova-api-version': '2.1', 'date': 'Mon, 21 Dec 2015 15:05:15 GMT', 'content-type': 'application/json'}
        Body: {"keypair": {"public_key": "ssh-rsa AAAAB3NzaC1yc2EAAAADAQABAAABAQDD9lyjG68eXjgvvdM0AvTxNNDfhz0Tt6Nw2srLOPsKVsB4UdIV5c+yJFr9W4AvpZgwc/OQXAdHz8/0P7e9gsfe0a+uLAip3zfpVJktqPLtc8gY6EOiyt7ZSJyMS1pXmbY8qPTkYZfCVotoLGU4HGx8t6+mcqInVgVU+wqirTh0qlBfKGZpevnS889ei1bBw7O2vHvKBHf2GWE3BpUMbeaAtCnMaj8qdmSszsdxNg+gwxbxNCrGt9u7vh0duvN6mQYT1AYffPbtjn35ywdSzU1wveBfF95upg/F/3jlfpgWkoEP6TdP2VXLw5oRb2vppw1x6nuFUrwiMzyrmg/GswnH Generated-by-Nova", "private_key": "-----BEGIN RSA PRIVATE KEY-----\nMIIEqgIBAAKCAQEAw/ZcoxuvHl44L73TNAL08TTQ34c9E7ejcNrKyzj7ClbAeFHS\nFeXPsiRa/VuAL6WYMHPzkFwHR8/P9D+3vYLH3tGvriwIqd836VSZLajy7XPIGOhD\nosre2UicjEtaV5m2PKj05GGXwlaLaCxlOBxsfLevpnKiJ1YFVPsKoq04dKpQXyhm\naXr50vPPXotWwcOztrx7ygR39hlhNwaVDG3mgLQpzGo/KnZkrM7HcTYPoMMW8TQq\nxrfbu74dHbrzepkGE9QGH3z27Y59+csHUs1NcL3gXxfebqYPxf945X6YFpKBD+k3\nT9lVy8OaEW9r6acNcep7hVK8IjM8q5oPxrMJxwIDAQABAoIBAEb531mweD/+jkk0\nbt/ixkbrA1BC0mtm0wrYJCVxMPPwseuibv5Ba3WxV0d2sboQN0wtYyWBP53R9hcY\nUPuR98SLnB7wkf68+6pGWui/zaUVj379+SloY0i91P23eTRLV0cnRvPFKUtZP0ru\n8YZePSj6+uLFmFe4/1tlRdff95fBScnHucYg0bDQkZ1PLdIXLWI2QoCbYa46MIpF\nZ+w2otaRcOXBskY/Wp773SWh8oGHzNASo+197EtjAx9oYZqw/W72uf+l7T0hXJnU\nFm28iTzVTHC1MiumQ2u1XsxuzD6gQYSE8JKYWxS4LsheaWNVdERIu8Gwd54V2Hu5\nPfQx4VECggCBANX3HPirj5xvs2GpIpDcuD+NEJJ78BwP7ovFukbuE+bdI5k1Ol33\nQt0lu9t9mPBfyAu7wmTb5m1IveJ6Z1X5B6VQFpbmTgtgltbyJDsuae3356igC27B\nckgbjpJFc5CL5nojOzL4hXwkWdVe1e4wQWAr99oEXdA5ORBcZt2NHAdfAoIAgQDq\nddU6lIKMfTVANWq5Q0LfOwc4DrK+AJdzU+u0AdSUIiH40DB49wwiPlMqZr2znamP\nf0MIFLVDguqAvCigcFaLl3zuQQvWlZP4knS4ePPbnMmmhHVaQnA3rXPGZDEHKN6b\nQEHl2LmWUsVTiXxSGivdExNcyfT7oOAh39Enk1qemQKCAIEAgKjHUwBWqsrAIsmB\nb3pJkG1SucKs7zLlTkbnbB9c+EWhUk8fecFlA3XdMG6luGTf9a5BhkR0muJSzAyu\ndpP4dP9jlfmGlHDQQw/3mV6fc+jN9CfIuCC6h4GKiYoZo6F8RZVJ06x9F9kD67nL\nCh8aMKo/r2lQwBSoq53kfPSNFiECggCBAM4k6GPnK5mGhQl9beaSIvvPFJvPII06\nS+8UvEq6yUOtdx0jP1s8K6j4D3tadjS0zN7kT/WM74r6UmD6DuZxn0aA3VFGU7hK\nL54Adyuy/QX8prgIAn5np+7sTL0EXq8i2ga6yrXihdqLz/+RBIPTivmHyiBtWT7c\nxfRCq80WHDkRAoIAgQCtD7+QlwM87IimoFESsXiL7x2BpLsRCrssWBu9Rl6fMz4p\nOg5cGTWesBkMCEvUDpDzlifDlh/8VTkCFJNmwB0xNFw4cxpQTCxQZz3WqBQNjXOn\nreB8yZGHscNijszziODMm+qyXnPgFS/ea+ZZ+2sJqS7hzgErrBf9Giq07KJQIA==\n-----END RSA PRIVATE KEY-----\n", "user_id": "299bf9dee2f5422083c34346841619dd", "name": "tempest-TestNetworkBasicOps-551583821", "fingerprint": "43:e8:01:ac:84:e4:fd:c0:ff:f7:b7:e9:e1:48:6d:5c"}}
2015-12-21 15:05:15,459 21192 INFO     [tempest_lib.common.rest_client] Request (TestNetworkBasicOps:test_connectivity_between_vms_on_different_networks): 200 POST http://10.0.2.15:5000/v2.0/tokens
2015-12-21 15:05:15,461 21192 DEBUG    [tempest_lib.common.rest_client] Request - Headers: {'Content-Type': 'application/json', 'Accept': 'application/json'}
        Body: &lt;omitted&gt;
    Response - Headers: {'status': '200', 'content-length': '2526', 'vary': 'X-Auth-Token', 'server': 'Apache/2.4.7 (Ubuntu)', 'connection': 'close', 'date': 'Mon, 21 Dec 2015 15:05:15 GMT', 'content-type': 'application/json', 'x-openstack-request-id': 'req-05616576-714d-41ac-83e1-12b3fe6648e6'}
        Body: {"access": {"token": {"issued_at": "2015-12-21T15:05:15.447097", "expires": "2015-12-21T16:05:15Z", "id": "ce5f3dc7d2cd4ad3bfde6eb2610f10ef", "tenant": {"description": "tempest-TestNetworkBasicOps-420107581-desc", "enabled": true, "id": "34e63b7df1a6407b9b56e538c7d7dd3e", "name": "tempest-TestNetworkBasicOps-420107581"}, "audit_ids": ["z0ZsjYOpQNGhBmX5__31dg"]}, "serviceCatalog": [{"endpoints": [{"adminURL": "http://10.0.2.15:8774/v2.1/34e63b7df1a6407b9b56e538c7d7dd3e", "region": "RegionOne", "internalURL": "http://10.0.2.15:8774/v2.1/34e63b7df1a6407b9b56e538c7d7dd3e", "id": "0b80c7761ca043669dc2a7aa4adbd115", "publicURL": "http://10.0.2.15:8774/v2.1/34e63b7df1a6407b9b56e538c7d7dd3e"}], "endpoints_links": [], "type": "compute", "name": "nova"}, {"endpoints": [{"adminURL": "http://10.0.2.15:9696/", "region": "RegionOne", "internalURL": "http://10.0.2.15:9696/", "id": "231e8b9d95c34ab8879d0df7a3ea649f", "publicURL": "http://10.0.2.15:9696/"}], "endpoints_links": [], "type": "network", "name": "neutron"}, {"endpoints": [{"adminURL": "http://10.0.2.15:9292", "region": "RegionOne", "internalURL": "http://10.0.2.15:9292", "id": "318979b645744800997940802122a610", "publicURL": "http://10.0.2.15:9292"}], "endpoints_links": [], "type": "image", "name": "glance"}, {"endpoints": [{"adminURL": "http://10.0.2.15:8774/v2/34e63b7df1a6407b9b56e538c7d7dd3e", "region": "RegionOne", "internalURL": "http://10.0.2.15:8774/v2/34e63b7df1a6407b9b56e538c7d7dd3e", "id": "3be18c0c091344568e9a08411e465b7a", "publicURL": "http://10.0.2.15:8774/v2/34e63b7df1a6407b9b56e538c7d7dd3e"}], "endpoints_links": [], "type": "compute_legacy", "name": "nova_legacy"}, {"endpoints": [{"adminURL": "http://10.0.2.15:8773/", "region": "RegionOne", "internalURL": "http://10.0.2.15:8773/", "id": "213a2f8ce1634c888a6637a0cf30f5f7", "publicURL": "http://10.0.2.15:8773/"}], "endpoints_links": [], "type": "ec2", "name": "ec2"}, {"endpoints": [{"adminURL": "http://10.0.2.15:35357/v2.0", "region": "RegionOne", "internalURL": "http://10.0.2.15:5000/v2.0", "id": "2670924733fc4dd7a0bb14197ead29e4", "publicURL": "http://10.0.2.15:5000/v2.0"}], "endpoints_links": [], "type": "identity", "name": "keystone"}], "user": {"username": "tempest-TestNetworkBasicOps-330721807", "roles_links": [], "id": "299bf9dee2f5422083c34346841619dd", "roles": [{"name": "Member"}, {"name": "_member_"}], "name": "tempest-TestNetworkBasicOps-330721807"}, "metadata": {"is_admin": 0, "roles": ["e3c3aa95ba294fffb8203e6c1a6e84d4", "9fe2ff9ee4384b1894a90878d3e92bab"]}}}
2015-12-21 15:05:15,469 21192 DEBUG    [tempest.common.fixed_network] (TestNetworkBasicOps:test_connectivity_between_vms_on_different_networks) No valid network provided or created, defaulting to fixed_network_name
2015-12-21 15:05:15,763 21192 INFO     [tempest_lib.common.rest_client] Request (TestNetworkBasicOps:test_connectivity_between_vms_on_different_networks): 200 GET http://10.0.2.15:8774/v2.1/34e63b7df1a6407b9b56e538c7d7dd3e/os-networks 0.293s
2015-12-21 15:05:15,763 21192 DEBUG    [tempest_lib.common.rest_client] Request - Headers: {'Content-Type': 'application/json', 'Accept': 'application/json', 'X-Auth-Token': '&lt;omitted&gt;'}
        Body: None
    Response - Headers: {'status': '200', 'content-length': '478', 'content-location': 'http://10.0.2.15:8774/v2.1/34e63b7df1a6407b9b56e538c7d7dd3e/os-networks', 'x-compute-request-id': 'req-8a857620-5100-46e6-99f7-443fd7ef9b96', 'vary': 'X-OpenStack-Nova-API-Version', 'connection': 'close', 'x-openstack-nova-api-version': '2.1', 'date': 'Mon, 21 Dec 2015 15:05:15 GMT', 'content-type': 'application/json'}
        Body: {"networks": [{"cidr_v6": null, "dns2": null, "dns1": null, "gateway": null, "broadcast": null, "netmask": null, "gateway_v6": null, "cidr": null, "label": "public", "id": "f1390c72-ee05-4476-b8db-ee6d6cbb5435", "netmask_v6": null}, {"cidr_v6": null, "dns2": null, "dns1": null, "gateway": null, "broadcast": null, "netmask": null, "gateway_v6": null, "cidr": null, "label": "tempest-network-smoke--523421955", "id": "3b6a23f5-41db-4bca-bd0f-91a4de40c30a", "netmask_v6": null}]}
2015-12-21 15:05:15,764 21192 WARNING  [tempest.common.fixed_network] (TestNetworkBasicOps:test_connectivity_between_vms_on_different_networks) Network with name: private not found
2015-12-21 15:05:15,764 21192 INFO     [tempest.common.fixed_network] (TestNetworkBasicOps:test_connectivity_between_vms_on_different_networks) Found network {} available for tenant
2015-12-21 15:05:17,124 21192 INFO     [tempest_lib.common.rest_client] Request (TestNetworkBasicOps:test_connectivity_between_vms_on_different_networks): 202 POST http://10.0.2.15:8774/v2.1/34e63b7df1a6407b9b56e538c7d7dd3e/servers 1.359s
2015-12-21 15:05:17,125 21192 DEBUG    [tempest_lib.common.rest_client] Request - Headers: {'Content-Type': 'application/json', 'Accept': 'application/json', 'X-Auth-Token': '&lt;omitted&gt;'}
        Body: {"server": {"name": "tempest.common.compute-instance-1487653024", "imageRef": "897a28ad-001b-4be7-accf-48ed38d07bb1", "key_name": "tempest-TestNetworkBasicOps-551583821", "flavorRef": "42", "networks": [{"uuid": "3b6a23f5-41db-4bca-bd0f-91a4de40c30a"}], "security_groups": [{"name": "tempest-secgroup-smoke-1405307698"}]}}
    Response - Headers: {'status': '202', 'content-length': '462', 'x-compute-request-id': 'req-02db8763-fee9-4345-9112-0330583178e3', 'vary': 'X-OpenStack-Nova-API-Version', 'connection': 'close', 'location': 'http://10.0.2.15:8774/v2.1/34e63b7df1a6407b9b56e538c7d7dd3e/servers/4c5df3c9-cde7-445e-927d-0ef0b17c5501', 'x-openstack-nova-api-version': '2.1', 'date': 'Mon, 21 Dec 2015 15:05:17 GMT', 'content-type': 'application/json'}
        Body: {"server": {"security_groups": [{"name": "tempest-secgroup-smoke-1405307698"}], "OS-DCF:diskConfig": "MANUAL", "id": "4c5df3c9-cde7-445e-927d-0ef0b17c5501", "links": [{"href": "http://10.0.2.15:8774/v2.1/34e63b7df1a6407b9b56e538c7d7dd3e/servers/4c5df3c9-cde7-445e-927d-0ef0b17c5501", "rel": "self"}, {"href": "http://10.0.2.15:8774/34e63b7df1a6407b9b56e538c7d7dd3e/servers/4c5df3c9-cde7-445e-927d-0ef0b17c5501", "rel": "bookmark"}], "adminPass": "hkdDG974U34M"}}
2015-12-21 15:05:17,308 21192 INFO     [tempest_lib.common.rest_client] Request (TestNetworkBasicOps:test_connectivity_between_vms_on_different_networks): 200 GET http://10.0.2.15:8774/v2.1/34e63b7df1a6407b9b56e538c7d7dd3e/servers/4c5df3c9-cde7-445e-927d-0ef0b17c5501 0.180s
2015-12-21 15:05:17,309 21192 DEBUG    [tempest_lib.common.rest_client] Request - Headers: {'Content-Type': 'application/json', 'Accept': 'application/json', 'X-Auth-Token': '&lt;omitted&gt;'}
        Body: None
    Response - Headers: {'status': '200', 'content-length': '1355', 'content-location': 'http://10.0.2.15:8774/v2.1/34e63b7df1a6407b9b56e538c7d7dd3e/servers/4c5df3c9-cde7-445e-927d-0ef0b17c5501', 'x-compute-request-id': 'req-c567d617-256c-4a3b-9489-7c5863e2b994', 'vary': 'X-OpenStack-Nova-API-Version', 'connection': 'close', 'x-openstack-nova-api-version': '2.1', 'date': 'Mon, 21 Dec 2015 15:05:17 GMT', 'content-type': 'application/json'}
        Body: {"server": {"status": "BUILD", "updated": "2015-12-21T15:05:17Z", "hostId": "", "addresses": {}, "links": [{"href": "http://10.0.2.15:8774/v2.1/34e63b7df1a6407b9b56e538c7d7dd3e/servers/4c5df3c9-cde7-445e-927d-0ef0b17c5501", "rel": "self"}, {"href": "http://10.0.2.15:8774/34e63b7df1a6407b9b56e538c7d7dd3e/servers/4c5df3c9-cde7-445e-927d-0ef0b17c5501", "rel": "bookmark"}], "key_name": "tempest-TestNetworkBasicOps-551583821", "image": {"id": "897a28ad-001b-4be7-accf-48ed38d07bb1", "links": [{"href": "http://10.0.2.15:8774/34e63b7df1a6407b9b56e538c7d7dd3e/images/897a28ad-001b-4be7-accf-48ed38d07bb1", "rel": "bookmark"}]}, "OS-EXT-STS:task_state": "scheduling", "OS-EXT-STS:vm_state": "building", "OS-SRV-USG:launched_at": null, "flavor": {"id": "42", "links": [{"href": "http://10.0.2.15:8774/34e63b7df1a6407b9b56e538c7d7dd3e/flavors/42", "rel": "bookmark"}]}, "id": "4c5df3c9-cde7-445e-927d-0ef0b17c5501", "OS-SRV-USG:terminated_at": null, "OS-EXT-AZ:availability_zone": "", "user_id": "299bf9dee2f5422083c34346841619dd", "name": "tempest.common.compute-instance-1487653024", "created": "2015-12-21T15:05:17Z", "tenant_id": "34e63b7df1a6407b9b56e538c7d7dd3e", "OS-DCF:diskConfig": "MANUAL", "os-extended-volumes:volumes_attached": [], "accessIPv4": "", "accessIPv6": "", "progress": 0, "OS-EXT-STS:power_state": 0, "config_drive": "", "metadata": {}}}
2015-12-21 15:05:18,697 21192 INFO     [tempest_lib.common.rest_client] Request (TestNetworkBasicOps:test_connectivity_between_vms_on_different_networks): 200 GET http://10.0.2.15:8774/v2.1/34e63b7df1a6407b9b56e538c7d7dd3e/servers/4c5df3c9-cde7-445e-927d-0ef0b17c5501 0.377s
2015-12-21 15:05:18,698 21192 DEBUG    [tempest_lib.common.rest_client] Request - Headers: {'Content-Type': 'application/json', 'Accept': 'application/json', 'X-Auth-Token': '&lt;omitted&gt;'}
        Body: None
    Response - Headers: {'status': '200', 'content-length': '1481', 'content-location': 'http://10.0.2.15:8774/v2.1/34e63b7df1a6407b9b56e538c7d7dd3e/servers/4c5df3c9-cde7-445e-927d-0ef0b17c5501', 'x-compute-request-id': 'req-32ea0afd-dac0-46b7-90eb-d24c6090fafd', 'vary': 'X-OpenStack-Nova-API-Version', 'connection': 'close', 'x-openstack-nova-api-version': '2.1', 'date': 'Mon, 21 Dec 2015 15:05:18 GMT', 'content-type': 'application/json'}
        Body: {"server": {"status": "BUILD", "updated": "2015-12-21T15:05:18Z", "hostId": "827852a2f013aec4330449bf8c2220fde44d6c5b2ec0b2ed460ca297", "addresses": {}, "links": [{"href": "http://10.0.2.15:8774/v2.1/34e63b7df1a6407b9b56e538c7d7dd3e/servers/4c5df3c9-cde7-445e-927d-0ef0b17c5501", "rel": "self"}, {"href": "http://10.0.2.15:8774/34e63b7df1a6407b9b56e538c7d7dd3e/servers/4c5df3c9-cde7-445e-927d-0ef0b17c5501", "rel": "bookmark"}], "key_name": "tempest-TestNetworkBasicOps-551583821", "image": {"id": "897a28ad-001b-4be7-accf-48ed38d07bb1", "links": [{"href": "http://10.0.2.15:8774/34e63b7df1a6407b9b56e538c7d7dd3e/images/897a28ad-001b-4be7-accf-48ed38d07bb1", "rel": "bookmark"}]}, "OS-EXT-STS:task_state": "spawning", "OS-EXT-STS:vm_state": "building", "OS-SRV-USG:launched_at": null, "flavor": {"id": "42", "links": [{"href": "http://10.0.2.15:8774/34e63b7df1a6407b9b56e538c7d7dd3e/flavors/42", "rel": "bookmark"}]}, "id": "4c5df3c9-cde7-445e-927d-0ef0b17c5501", "security_groups": [{"name": "tempest-secgroup-smoke-1405307698"}], "OS-SRV-USG:terminated_at": null, "OS-EXT-AZ:availability_zone": "nova", "user_id": "299bf9dee2f5422083c34346841619dd", "name": "tempest.common.compute-instance-1487653024", "created": "2015-12-21T15:05:17Z", "tenant_id": "34e63b7df1a6407b9b56e538c7d7dd3e", "OS-DCF:diskConfig": "MANUAL", "os-extended-volumes:volumes_attached": [], "accessIPv4": "", "accessIPv6": "", "progress": 0, "OS-EXT-STS:power_state": 0, "config_drive": "", "metadata": {}}}
2015-12-21 15:05:18,706 21192 INFO     [tempest.common.waiters] State transition "BUILD/scheduling" ==&gt; "BUILD/spawning" after 1 second wait
2015-12-21 15:05:19,935 21192 INFO     [tempest_lib.common.rest_client] Request (TestNetworkBasicOps:test_connectivity_between_vms_on_different_networks): 200 GET http://10.0.2.15:8774/v2.1/34e63b7df1a6407b9b56e538c7d7dd3e/servers/4c5df3c9-cde7-445e-927d-0ef0b17c5501 0.227s
2015-12-21 15:05:19,936 21192 DEBUG    [tempest_lib.common.rest_client] Request - Headers: {'Content-Type': 'application/json', 'Accept': 'application/json', 'X-Auth-Token': '&lt;omitted&gt;'}
        Body: None
    Response - Headers: {'status': '200', 'content-length': '1481', 'content-location': 'http://10.0.2.15:8774/v2.1/34e63b7df1a6407b9b56e538c7d7dd3e/servers/4c5df3c9-cde7-445e-927d-0ef0b17c5501', 'x-compute-request-id': 'req-10ebb10c-5df5-424d-b540-0f405364029a', 'vary': 'X-OpenStack-Nova-API-Version', 'connection': 'close', 'x-openstack-nova-api-version': '2.1', 'date': 'Mon, 21 Dec 2015 15:05:19 GMT', 'content-type': 'application/json'}
        Body: {"server": {"status": "BUILD", "updated": "2015-12-21T15:05:18Z", "hostId": "827852a2f013aec4330449bf8c2220fde44d6c5b2ec0b2ed460ca297", "addresses": {}, "links": [{"href": "http://10.0.2.15:8774/v2.1/34e63b7df1a6407b9b56e538c7d7dd3e/servers/4c5df3c9-cde7-445e-927d-0ef0b17c5501", "rel": "self"}, {"href": "http://10.0.2.15:8774/34e63b7df1a6407b9b56e538c7d7dd3e/servers/4c5df3c9-cde7-445e-927d-0ef0b17c5501", "rel": "bookmark"}], "key_name": "tempest-TestNetworkBasicOps-551583821", "image": {"id": "897a28ad-001b-4be7-accf-48ed38d07bb1", "links": [{"href": "http://10.0.2.15:8774/34e63b7df1a6407b9b56e538c7d7dd3e/images/897a28ad-001b-4be7-accf-48ed38d07bb1", "rel": "bookmark"}]}, "OS-EXT-STS:task_state": "spawning", "OS-EXT-STS:vm_state": "building", "OS-SRV-USG:launched_at": null, "flavor": {"id": "42", "links": [{"href": "http://10.0.2.15:8774/34e63b7df1a6407b9b56e538c7d7dd3e/flavors/42", "rel": "bookmark"}]}, "id": "4c5df3c9-cde7-445e-927d-0ef0b17c5501", "security_groups": [{"name": "tempest-secgroup-smoke-1405307698"}], "OS-SRV-USG:terminated_at": null, "OS-EXT-AZ:availability_zone": "nova", "user_id": "299bf9dee2f5422083c34346841619dd", "name": "tempest.common.compute-instance-1487653024", "created": "2015-12-21T15:05:17Z", "tenant_id": "34e63b7df1a6407b9b56e538c7d7dd3e", "OS-DCF:diskConfig": "MANUAL", "os-extended-volumes:volumes_attached": [], "accessIPv4": "", "accessIPv6": "", "progress": 0, "OS-EXT-STS:power_state": 0, "config_drive": "", "metadata": {}}}
2015-12-21 15:05:21,148 21192 INFO     [tempest_lib.common.rest_client] Request (TestNetworkBasicOps:test_connectivity_between_vms_on_different_networks): 200 GET http://10.0.2.15:8774/v2.1/34e63b7df1a6407b9b56e538c7d7dd3e/servers/4c5df3c9-cde7-445e-927d-0ef0b17c5501 0.196s
2015-12-21 15:05:21,148 21192 DEBUG    [tempest_lib.common.rest_client] Request - Headers: {'Content-Type': 'application/json', 'Accept': 'application/json', 'X-Auth-Token': '&lt;omitted&gt;'}
        Body: None
    Response - Headers: {'status': '200', 'content-length': '1652', 'content-location': 'http://10.0.2.15:8774/v2.1/34e63b7df1a6407b9b56e538c7d7dd3e/servers/4c5df3c9-cde7-445e-927d-0ef0b17c5501', 'x-compute-request-id': 'req-5bc3be25-eac9-477c-a003-5df7517badf3', 'vary': 'X-OpenStack-Nova-API-Version', 'connection': 'close', 'x-openstack-nova-api-version': '2.1', 'date': 'Mon, 21 Dec 2015 15:05:21 GMT', 'content-type': 'application/json'}
        Body: {"server": {"status": "ACTIVE", "updated": "2015-12-21T15:05:20Z", "hostId": "827852a2f013aec4330449bf8c2220fde44d6c5b2ec0b2ed460ca297", "addresses": {"tempest-network-smoke--523421955": [{"OS-EXT-IPS-MAC:mac_addr": "fa:16:3e:b9:b2:45", "version": 4, "addr": "10.100.0.3", "OS-EXT-IPS:type": "fixed"}]}, "links": [{"href": "http://10.0.2.15:8774/v2.1/34e63b7df1a6407b9b56e538c7d7dd3e/servers/4c5df3c9-cde7-445e-927d-0ef0b17c5501", "rel": "self"}, {"href": "http://10.0.2.15:8774/34e63b7df1a6407b9b56e538c7d7dd3e/servers/4c5df3c9-cde7-445e-927d-0ef0b17c5501", "rel": "bookmark"}], "key_name": "tempest-TestNetworkBasicOps-551583821", "image": {"id": "897a28ad-001b-4be7-accf-48ed38d07bb1", "links": [{"href": "http://10.0.2.15:8774/34e63b7df1a6407b9b56e538c7d7dd3e/images/897a28ad-001b-4be7-accf-48ed38d07bb1", "rel": "bookmark"}]}, "OS-EXT-STS:task_state": null, "OS-EXT-STS:vm_state": "active", "OS-SRV-USG:launched_at": "2015-12-21T15:05:20.000000", "flavor": {"id": "42", "links": [{"href": "http://10.0.2.15:8774/34e63b7df1a6407b9b56e538c7d7dd3e/flavors/42", "rel": "bookmark"}]}, "id": "4c5df3c9-cde7-445e-927d-0ef0b17c5501", "security_groups": [{"name": "tempest-secgroup-smoke-1405307698"}], "OS-SRV-USG:terminated_at": null, "OS-EXT-AZ:availability_zone": "nova", "user_id": "299bf9dee2f5422083c34346841619dd", "name": "tempest.common.compute-instance-1487653024", "created": "2015-12-21T15:05:17Z", "tenant_id": "34e63b7df1a6407b9b56e538c7d7dd3e", "OS-DCF:diskConfig": "MANUAL", "os-extended-volumes:volumes_attached": [], "accessIPv4": "", "accessIPv6": "", "progress": 0, "OS-EXT-STS:power_state": 1, "config_drive": "True", "metadata": {}}}
2015-12-21 15:05:21,157 21192 INFO     [tempest.common.waiters] State transition "BUILD/spawning" ==&gt; "ACTIVE/None" after 4 second wait
2015-12-21 15:05:21,354 21192 INFO     [tempest_lib.common.rest_client] Request (TestNetworkBasicOps:test_connectivity_between_vms_on_different_networks): 200 GET http://10.0.2.15:8774/v2.1/34e63b7df1a6407b9b56e538c7d7dd3e/servers/4c5df3c9-cde7-445e-927d-0ef0b17c5501 0.196s
2015-12-21 15:05:21,354 21192 DEBUG    [tempest_lib.common.rest_client] Request - Headers: {'Content-Type': 'application/json', 'Accept': 'application/json', 'X-Auth-Token': '&lt;omitted&gt;'}
        Body: None
    Response - Headers: {'status': '200', 'content-length': '1652', 'content-location': 'http://10.0.2.15:8774/v2.1/34e63b7df1a6407b9b56e538c7d7dd3e/servers/4c5df3c9-cde7-445e-927d-0ef0b17c5501', 'x-compute-request-id': 'req-c7b45851-df45-4dfc-83e7-e9e8d66c21bf', 'vary': 'X-OpenStack-Nova-API-Version', 'connection': 'close', 'x-openstack-nova-api-version': '2.1', 'date': 'Mon, 21 Dec 2015 15:05:21 GMT', 'content-type': 'application/json'}
        Body: {"server": {"status": "ACTIVE", "updated": "2015-12-21T15:05:20Z", "hostId": "827852a2f013aec4330449bf8c2220fde44d6c5b2ec0b2ed460ca297", "addresses": {"tempest-network-smoke--523421955": [{"OS-EXT-IPS-MAC:mac_addr": "fa:16:3e:b9:b2:45", "version": 4, "addr": "10.100.0.3", "OS-EXT-IPS:type": "fixed"}]}, "links": [{"href": "http://10.0.2.15:8774/v2.1/34e63b7df1a6407b9b56e538c7d7dd3e/servers/4c5df3c9-cde7-445e-927d-0ef0b17c5501", "rel": "self"}, {"href": "http://10.0.2.15:8774/34e63b7df1a6407b9b56e538c7d7dd3e/servers/4c5df3c9-cde7-445e-927d-0ef0b17c5501", "rel": "bookmark"}], "key_name": "tempest-TestNetworkBasicOps-551583821", "image": {"id": "897a28ad-001b-4be7-accf-48ed38d07bb1", "links": [{"href": "http://10.0.2.15:8774/34e63b7df1a6407b9b56e538c7d7dd3e/images/897a28ad-001b-4be7-accf-48ed38d07bb1", "rel": "bookmark"}]}, "OS-EXT-STS:task_state": null, "OS-EXT-STS:vm_state": "active", "OS-SRV-USG:launched_at": "2015-12-21T15:05:20.000000", "flavor": {"id": "42", "links": [{"href": "http://10.0.2.15:8774/34e63b7df1a6407b9b56e538c7d7dd3e/flavors/42", "rel": "bookmark"}]}, "id": "4c5df3c9-cde7-445e-927d-0ef0b17c5501", "security_groups": [{"name": "tempest-secgroup-smoke-1405307698"}], "OS-SRV-USG:terminated_at": null, "OS-EXT-AZ:availability_zone": "nova", "user_id": "299bf9dee2f5422083c34346841619dd", "name": "tempest.common.compute-instance-1487653024", "created": "2015-12-21T15:05:17Z", "tenant_id": "34e63b7df1a6407b9b56e538c7d7dd3e", "OS-DCF:diskConfig": "MANUAL", "os-extended-volumes:volumes_attached": [], "accessIPv4": "", "accessIPv6": "", "progress": 0, "OS-EXT-STS:power_state": 1, "config_drive": "True", "metadata": {}}}
2015-12-21 15:05:21,362 21192 INFO     [tempest.scenario.manager] Tenant networks not configured to be reachable.
2015-12-21 15:05:21,493 21192 INFO     [tempest_lib.common.rest_client] Request (TestNetworkBasicOps:test_connectivity_between_vms_on_different_networks): 200 GET http://10.0.2.15:9696/v2.0/ports?status=ACTIVE&amp;fixed_ip=None&amp;device_id=4c5df3c9-cde7-445e-927d-0ef0b17c5501 0.130s
2015-12-21 15:05:21,493 21192 DEBUG    [tempest_lib.common.rest_client] Request - Headers: {'Content-Type': 'application/json', 'Accept': 'application/json', 'X-Auth-Token': '&lt;omitted&gt;'}
        Body: None
    Response - Headers: {'status': '200', 'content-length': '895', 'content-location': 'http://10.0.2.15:9696/v2.0/ports?status=ACTIVE&amp;fixed_ip=None&amp;device_id=4c5df3c9-cde7-445e-927d-0ef0b17c5501', 'connection': 'close', 'date': 'Mon, 21 Dec 2015 15:05:21 GMT', 'content-type': 'application/json; charset=UTF-8', 'x-openstack-request-id': 'req-55ae50b9-fed5-401c-82d5-c35e7b42e517'}
        Body: {"ports": [{"status": "ACTIVE", "binding:host_id": "vagrant-ubuntu-trusty-64", "allowed_address_pairs": [], "extra_dhcp_opts": [], "dns_assignment": [{"hostname": "host-10-100-0-3", "ip_address": "10.100.0.3", "fqdn": "host-10-100-0-3.openstacklocal."}], "device_owner": "compute:None", "port_security_enabled": true, "binding:profile": {}, "fixed_ips": [{"subnet_id": "e27b7c78-5193-416b-a3fd-d2edbd6daf30", "ip_address": "10.100.0.3"}], "id": "7846ee11-82a3-434e-9cb4-8c3b068d403a", "security_groups": ["afe60b8a-6202-4ebd-92d3-62e4a384769f"], "device_id": "4c5df3c9-cde7-445e-927d-0ef0b17c5501", "name": "", "admin_state_up": true, "network_id": "3b6a23f5-41db-4bca-bd0f-91a4de40c30a", "dns_name": "", "binding:vif_details": {"port_filter": true}, "binding:vnic_type": "normal", "binding:vif_type": "ovs", "tenant_id": "34e63b7df1a6407b9b56e538c7d7dd3e", "mac_address": "fa:16:3e:b9:b2:45"}]}
2015-12-21 15:05:22,105 21192 INFO     [tempest_lib.common.rest_client] Request (TestNetworkBasicOps:test_connectivity_between_vms_on_different_networks): 201 POST http://10.0.2.15:9696/v2.0/floatingips 0.611s
2015-12-21 15:05:22,105 21192 DEBUG    [tempest_lib.common.rest_client] Request - Headers: {'Content-Type': 'application/json', 'Accept': 'application/json', 'X-Auth-Token': '&lt;omitted&gt;'}
        Body: {"floatingip": {"floating_network_id": "f1390c72-ee05-4476-b8db-ee6d6cbb5435", "tenant_id": "34e63b7df1a6407b9b56e538c7d7dd3e", "fixed_ip_address": "10.100.0.3", "port_id": "7846ee11-82a3-434e-9cb4-8c3b068d403a"}}
    Response - Headers: {'status': '201', 'content-length': '367', 'connection': 'close', 'date': 'Mon, 21 Dec 2015 15:05:22 GMT', 'content-type': 'application/json; charset=UTF-8', 'x-openstack-request-id': 'req-3aa73b38-9ec2-437d-9507-a1e2fd31b06d'}
        Body: {"floatingip": {"floating_network_id": "f1390c72-ee05-4476-b8db-ee6d6cbb5435", "router_id": "89c2acb2-6dc4-40ea-a65a-f28327edd77e", "fixed_ip_address": "10.100.0.3", "floating_ip_address": "172.24.4.4", "tenant_id": "34e63b7df1a6407b9b56e538c7d7dd3e", "status": "DOWN", "port_id": "7846ee11-82a3-434e-9cb4-8c3b068d403a", "id": "669e8601-1b92-4273-a047-bcdc7e500efa"}}
2015-12-21 15:05:22,120 21192 INFO     [tempest_lib.common.rest_client] Request (TestNetworkBasicOps:test_connectivity_between_vms_on_different_networks): 200 GET http://10.0.2.15:9696/v2.0/floatingips/669e8601-1b92-4273-a047-bcdc7e500efa 0.013s
2015-12-21 15:05:22,120 21192 DEBUG    [tempest_lib.common.rest_client] Request - Headers: {'Content-Type': 'application/json', 'Accept': 'application/json', 'X-Auth-Token': '&lt;omitted&gt;'}
        Body: None
    Response - Headers: {'status': '200', 'content-length': '367', 'content-location': 'http://10.0.2.15:9696/v2.0/floatingips/669e8601-1b92-4273-a047-bcdc7e500efa', 'connection': 'close', 'date': 'Mon, 21 Dec 2015 15:05:22 GMT', 'content-type': 'application/json; charset=UTF-8', 'x-openstack-request-id': 'req-1d0cae6a-4d5e-41c5-846a-c1719879b33f'}
        Body: {"floatingip": {"floating_network_id": "f1390c72-ee05-4476-b8db-ee6d6cbb5435", "router_id": "89c2acb2-6dc4-40ea-a65a-f28327edd77e", "fixed_ip_address": "10.100.0.3", "floating_ip_address": "172.24.4.4", "tenant_id": "34e63b7df1a6407b9b56e538c7d7dd3e", "status": "DOWN", "port_id": "7846ee11-82a3-434e-9cb4-8c3b068d403a", "id": "669e8601-1b92-4273-a047-bcdc7e500efa"}}
2015-12-21 15:05:23,136 21192 INFO     [tempest_lib.common.rest_client] Request (TestNetworkBasicOps:test_connectivity_between_vms_on_different_networks): 200 GET http://10.0.2.15:9696/v2.0/floatingips/669e8601-1b92-4273-a047-bcdc7e500efa 0.013s
2015-12-21 15:05:23,136 21192 DEBUG    [tempest_lib.common.rest_client] Request - Headers: {'Content-Type': 'application/json', 'Accept': 'application/json', 'X-Auth-Token': '&lt;omitted&gt;'}
        Body: None
    Response - Headers: {'status': '200', 'content-length': '369', 'content-location': 'http://10.0.2.15:9696/v2.0/floatingips/669e8601-1b92-4273-a047-bcdc7e500efa', 'connection': 'close', 'date': 'Mon, 21 Dec 2015 15:05:23 GMT', 'content-type': 'application/json; charset=UTF-8', 'x-openstack-request-id': 'req-a8dc2120-2488-4227-b5e9-05d0d7c54af3'}
        Body: {"floatingip": {"floating_network_id": "f1390c72-ee05-4476-b8db-ee6d6cbb5435", "router_id": "89c2acb2-6dc4-40ea-a65a-f28327edd77e", "fixed_ip_address": "10.100.0.3", "floating_ip_address": "172.24.4.4", "tenant_id": "34e63b7df1a6407b9b56e538c7d7dd3e", "status": "ACTIVE", "port_id": "7846ee11-82a3-434e-9cb4-8c3b068d403a", "id": "669e8601-1b92-4273-a047-bcdc7e500efa"}}
2015-12-21 15:05:23,137 21192 INFO     [tempest.scenario.manager] FloatingIP: &lt;"FloatingIP" addr="172.24.4.4" id="669e8601-1b92-4273-a047-bcdc7e500efa"&gt; is at status: ACTIVE
2015-12-21 15:05:23,137 21192 DEBUG    [tempest.scenario.manager] checking network connections to IP 172.24.4.4 with user: cirros
2015-12-21 15:05:23,137 21192 DEBUG    [tempest.scenario.manager] TestNetworkBasicOps:test_connectivity_between_vms_on_different_networks begins to ping 172.24.4.4 in 120 sec and the expected result is reachable
2015-12-21 15:07:24,461 21192 DEBUG    [tempest.scenario.manager] TestNetworkBasicOps:test_connectivity_between_vms_on_different_networks finishes ping 172.24.4.4 in 120 sec and the ping result is unexpected
2015-12-21 15:07:24,462 21192 ERROR    [tempest.scenario.manager] Public network connectivity check failed
2015-12-21 15:07:24.462 21192 ERROR tempest.scenario.manager Traceback (most recent call last):
2015-12-21 15:07:24.462 21192 ERROR tempest.scenario.manager   File "tempest/scenario/manager.py", line 608, in check_public_network_connectivity
2015-12-21 15:07:24.462 21192 ERROR tempest.scenario.manager     should_connect=should_connect)
2015-12-21 15:07:24.462 21192 ERROR tempest.scenario.manager   File "tempest/scenario/manager.py", line 592, in check_vm_connectivity
2015-12-21 15:07:24.462 21192 ERROR tempest.scenario.manager     msg=msg)
2015-12-21 15:07:24.462 21192 ERROR tempest.scenario.manager   File "/usr/local/lib/python2.7/dist-packages/unittest2/case.py", line 702, in assertTrue
2015-12-21 15:07:24.462 21192 ERROR tempest.scenario.manager     raise self.failureException(msg)
2015-12-21 15:07:24.462 21192 ERROR tempest.scenario.manager AssertionError: False is not true : Timed out waiting for 172.24.4.4 to become reachable
2015-12-21 15:07:24.462 21192 ERROR tempest.scenario.manager 
2015-12-21 15:07:24,679 21192 INFO     [tempest_lib.common.rest_client] Request (TestNetworkBasicOps:test_connectivity_between_vms_on_different_networks): 200 POST http://10.0.2.15:8774/v2.1/34e63b7df1a6407b9b56e538c7d7dd3e/servers/4c5df3c9-cde7-445e-927d-0ef0b17c5501/action 0.213s
2015-12-21 15:07:24,679 21192 DEBUG    [tempest_lib.common.rest_client] Request - Headers: {'Content-Type': 'application/json', 'Accept': 'application/json', 'X-Auth-Token': '&lt;omitted&gt;'}
        Body: {"os-getConsoleOutput": {}}
    Response - Headers: {'status': '200', 'content-length': '17580', 'x-compute-request-id': 'req-19997045-0a69-44df-961a-d3ba17bc7e5a', 'vary': 'X-OpenStack-Nova-API-Version', 'connection': 'close', 'x-openstack-nova-api-version': '2.1', 'date': 'Mon, 21 Dec 2015 15:07:24 GMT', 'content-type': 'application/json'}
        Body: {"output": "[    0.000000] Initializing cgroup subsys cpuset\n[    0.000000] Initializing cgroup subsys cpu\n[    0.000000] Linux version 3.2.0-80-virtual (buildd@batsu) (gcc version 4.6.3 (Ubuntu/Linaro 4.6.3-1ubuntu5) ) #116-Ubuntu SMP Mon Mar 23 17:28:52 UTC 2015 (Ubuntu 3.2.0-80.116-virtual 3.2.68)\n[    0.000000] Command line: root=/dev/vda console=tty0 console=ttyS0 no_timer_check\n[    0.000000] KERNEL supported cpus:\n[    0.000000]   Intel GenuineIntel\n[    0.000000]   AMD AuthenticAMD\n[    0.000000]   Centaur CentaurHauls\n[    0.000000] BIOS-provided physical RAM map:\n[    0.000000]  BIOS-e820: 0000000000000000 - 000000000009fc00 (usable)\n[    0.000000]  BIOS-e820: 000000000009fc00 - 00000000000a0000 (reserved)\n[    0.000000]  BIOS-e820: 00000000000f0000 - 0000000000100000 (reserved)\n[    0.000000]  BIOS-e820: 0000000000100000 - 0000000003ffe000 (usable)\n[    0.000000]  BIOS-e820: 0000000003ffe000 - 0000000004000000 (reserved)\n[    0.000000]  BIOS-e820: 00000000fffc0000 - 0000000100000000 (reserved)\n[    0.000000] NX (Execute Disable) protection: active\n[    0.000000] SMBIOS 2.4 present.\n[    0.000000] No AGP bridge found\n[    0.000000] last_pfn = 0x3ffe max_arch_pfn = 0x400000000\n[    0.000000] x86 PAT enabled: cpu 0, old 0x7040600070406, new 0x7010600070106\n[    0.000000] found SMP MP-table at [ffff8800000f0b00] f0b00\n[    0.000000] init_memory_mapping: 0000000000000000-0000000003ffe000\n[    0.000000] RAMDISK: 03c5e000 - 03ff0000\n[    0.000000] ACPI: RSDP 00000000000f0950 00014 (v00 BOCHS )\n[    0.000000] ACPI: RSDT 0000000003fffbc1 00034 (v01 BOCHS  BXPCRSDT 00000001 BXPC 00000001)\n[    0.000000] ACPI: FACP 0000000003fff1c0 00074 (v01 BOCHS  BXPCFACP 00000001 BXPC 00000001)\n[    0.000000] ACPI: DSDT 0000000003ffe040 01180 (v01 BOCHS  BXPCDSDT 00000001 BXPC 00000001)\n[    0.000000] ACPI: FACS 0000000003ffe000 00040\n[    0.000000] ACPI: SSDT 0000000003fff234 008DD (v01 BOCHS  BXPCSSDT 00000001 BXPC 00000001)\n[    0.000000] ACPI: APIC 0000000003fffb11 00078 (v01 BOCHS  BXPCAPIC 00000001 BXPC 00000001)\n[    0.000000] ACPI: HPET 0000000003fffb89 00038 (v01 BOCHS  BXPCHPET 00000001 BXPC 00000001)\n[    0.000000] No NUMA configuration found\n[    0.000000] Faking a node at 0000000000000000-0000000003ffe000\n[    0.000000] Initmem setup node 0 0000000000000000-0000000003ffe000\n[    0.000000]   NODE_DATA [0000000003ff6000 - 0000000003ffafff]\n[    0.000000] Zone PFN ranges:\n[    0.000000]   DMA      0x00000010 -&gt; 0x00001000\n[    0.000000]   DMA32    0x00001000 -&gt; 0x00100000\n[    0.000000]   Normal   empty\n[    0.000000] Movable zone start PFN for each node\n[    0.000000] early_node_map[2] active PFN ranges\n[    0.000000]     0: 0x00000010 -&gt; 0x0000009f\n[    0.000000]     0: 0x00000100 -&gt; 0x00003ffe\n[    0.000000] ACPI: PM-Timer IO Port: 0xb008\n[    0.000000] ACPI: LAPIC (acpi_id[0x00] lapic_id[0x00] enabled)\n[    0.000000] ACPI: LAPIC_NMI (acpi_id[0xff] dfl dfl lint[0x1])\n[    0.000000] ACPI: IOAPIC (id[0x00] address[0xfec00000] gsi_base[0])\n[    0.000000] IOAPIC[0]: apic_id 0, version 17, address 0xfec00000, GSI 0-23\n[    0.000000] ACPI: INT_SRC_OVR (bus 0 bus_irq 0 global_irq 2 dfl dfl)\n[    0.000000] ACPI: INT_SRC_OVR (bus 0 bus_irq 5 global_irq 5 high level)\n[    0.000000] ACPI: INT_SRC_OVR (bus 0 bus_irq 9 global_irq 9 high level)\n[    0.000000] ACPI: INT_SRC_OVR (bus 0 bus_irq 10 global_irq 10 high level)\n[    0.000000] ACPI: INT_SRC_OVR (bus 0 bus_irq 11 global_irq 11 high level)\n[    0.000000] Using ACPI (MADT) for SMP configuration information\n[    0.000000] ACPI: HPET id: 0x8086a201 base: 0xfed00000\n[    0.000000] SMP: Allowing 1 CPUs, 0 hotplug CPUs\n[    0.000000] PM: Registered nosave memory: 000000000009f000 - 00000000000a0000\n[    0.000000] PM: Registered nosave memory: 00000000000a0000 - 00000000000f0000\n[    0.000000] PM: Registered nosave memory: 00000000000f0000 - 0000000000100000\n[    0.000000] Allocating PCI resources starting at 4000000 (gap: 4000000:fbfc0000)\n[    0.000000] Booting paravirtualized kernel on bare hardware\n[    0.000000] setup_pe
2015-12-21 15:07:24,682 21192 DEBUG    [tempest.scenario.manager] Console output for 4c5df3c9-cde7-445e-927d-0ef0b17c5501
body=
[    0.000000] Initializing cgroup subsys cpuset
[    0.000000] Initializing cgroup subsys cpu
[    0.000000] Linux version 3.2.0-80-virtual (buildd@batsu) (gcc version 4.6.3 (Ubuntu/Linaro 4.6.3-1ubuntu5) ) #116-Ubuntu SMP Mon Mar 23 17:28:52 UTC 2015 (Ubuntu 3.2.0-80.116-virtual 3.2.68)
[    0.000000] Command line: root=/dev/vda console=tty0 console=ttyS0 no_timer_check
[    0.000000] KERNEL supported cpus:
[    0.000000]   Intel GenuineIntel
[    0.000000]   AMD AuthenticAMD
[    0.000000]   Centaur CentaurHauls
[    0.000000] BIOS-provided physical RAM map:
[    0.000000]  BIOS-e820: 0000000000000000 - 000000000009fc00 (usable)
[    0.000000]  BIOS-e820: 000000000009fc00 - 00000000000a0000 (reserved)
[    0.000000]  BIOS-e820: 00000000000f0000 - 0000000000100000 (reserved)
[    0.000000]  BIOS-e820: 0000000000100000 - 0000000003ffe000 (usable)
[    0.000000]  BIOS-e820: 0000000003ffe000 - 0000000004000000 (reserved)
[    0.000000]  BIOS-e820: 00000000fffc0000 - 0000000100000000 (reserved)
[    0.000000] NX (Execute Disable) protection: active
[    0.000000] SMBIOS 2.4 present.
[    0.000000] No AGP bridge found
[    0.000000] last_pfn = 0x3ffe max_arch_pfn = 0x400000000
[    0.000000] x86 PAT enabled: cpu 0, old 0x7040600070406, new 0x7010600070106
[    0.000000] found SMP MP-table at [ffff8800000f0b00] f0b00
[    0.000000] init_memory_mapping: 0000000000000000-0000000003ffe000
[    0.000000] RAMDISK: 03c5e000 - 03ff0000
[    0.000000] ACPI: RSDP 00000000000f0950 00014 (v00 BOCHS )
[    0.000000] ACPI: RSDT 0000000003fffbc1 00034 (v01 BOCHS  BXPCRSDT 00000001 BXPC 00000001)
[    0.000000] ACPI: FACP 0000000003fff1c0 00074 (v01 BOCHS  BXPCFACP 00000001 BXPC 00000001)
[    0.000000] ACPI: DSDT 0000000003ffe040 01180 (v01 BOCHS  BXPCDSDT 00000001 BXPC 00000001)
[    0.000000] ACPI: FACS 0000000003ffe000 00040
[    0.000000] ACPI: SSDT 0000000003fff234 008DD (v01 BOCHS  BXPCSSDT 00000001 BXPC 00000001)
[    0.000000] ACPI: APIC 0000000003fffb11 00078 (v01 BOCHS  BXPCAPIC 00000001 BXPC 00000001)
[    0.000000] ACPI: HPET 0000000003fffb89 00038 (v01 BOCHS  BXPCHPET 00000001 BXPC 00000001)
[    0.000000] No NUMA configuration found
[    0.000000] Faking a node at 0000000000000000-0000000003ffe000
[    0.000000] Initmem setup node 0 0000000000000000-0000000003ffe000
[    0.000000]   NODE_DATA [0000000003ff6000 - 0000000003ffafff]
[    0.000000] Zone PFN ranges:
[    0.000000]   DMA      0x00000010 -&gt; 0x00001000
[    0.000000]   DMA32    0x00001000 -&gt; 0x00100000
[    0.000000]   Normal   empty
[    0.000000] Movable zone start PFN for each node
[    0.000000] early_node_map[2] active PFN ranges
[    0.000000]     0: 0x00000010 -&gt; 0x0000009f
[    0.000000]     0: 0x00000100 -&gt; 0x00003ffe
[    0.000000] ACPI: PM-Timer IO Port: 0xb008
[    0.000000] ACPI: LAPIC (acpi_id[0x00] lapic_id[0x00] enabled)
[    0.000000] ACPI: LAPIC_NMI (acpi_id[0xff] dfl dfl lint[0x1])
[    0.000000] ACPI: IOAPIC (id[0x00] address[0xfec00000] gsi_base[0])
[    0.000000] IOAPIC[0]: apic_id 0, version 17, address 0xfec00000, GSI 0-23
[    0.000000] ACPI: INT_SRC_OVR (bus 0 bus_irq 0 global_irq 2 dfl dfl)
[    0.000000] ACPI: INT_SRC_OVR (bus 0 bus_irq 5 global_irq 5 high level)
[    0.000000] ACPI: INT_SRC_OVR (bus 0 bus_irq 9 global_irq 9 high level)
[    0.000000] ACPI: INT_SRC_OVR (bus 0 bus_irq 10 global_irq 10 high level)
[    0.000000] ACPI: INT_SRC_OVR (bus 0 bus_irq 11 global_irq 11 high level)
[    0.000000] Using ACPI (MADT) for SMP configuration information
[    0.000000] ACPI: HPET id: 0x8086a201 base: 0xfed00000
[    0.000000] SMP: Allowing 1 CPUs, 0 hotplug CPUs
[    0.000000] PM: Registered nosave memory: 000000000009f000 - 00000000000a0000
[    0.000000] PM: Registered nosave memory: 00000000000a0000 - 00000000000f0000
[    0.000000] PM: Registered nosave memory: 00000000000f0000 - 0000000000100000
[    0.000000] Allocating PCI resources starting at 4000000 (gap: 4000000:fbfc0000)
[    0.000000] Booting paravirtualized kernel on bare hardware
[    0.000000] setup_percpu: NR_CPUS:64 nr_cpumask_bits:64 nr_cpu_ids:1 nr_node_ids:1
[    0.000000] PERCPU: Embedded 27 pages/cpu @ffff880003a00000 s78848 r8192 d23552 u2097152
[    0.000000] Built 1 zonelists in Node order, mobility grouping on.  Total pages: 16008
[    0.000000] Policy zone: DMA32
[    0.000000] Kernel command line: root=/dev/vda console=tty0 console=ttyS0 no_timer_check
[    0.000000] PID hash table entries: 256 (order: -1, 2048 bytes)
[    0.000000] Checking aperture...
[    0.000000] No AGP bridge found
[    0.000000] Memory: 43492k/65528k available (6576k kernel code, 452k absent, 21584k reserved, 6620k data, 928k init)
[    0.000000] SLUB: Genslabs=15, HWalign=64, Order=0-3, MinObjects=0, CPUs=1, Nodes=1
[    0.000000] Hierarchical RCU implementation.
[    0.000000] 	RCU dyntick-idle grace-period acceleration is enabled.
[    0.000000] NR_IRQS:4352 nr_irqs:256 16
[    0.000000] Console: colour VGA+ 80x25
[    0.000000] console [tty0] enabled
[    0.000000] console [ttyS0] enabled
[    0.000000] allocated 1048576 bytes of page_cgroup
[    0.000000] please try 'cgroup_disable=memory' option if you don't want memory cgroups
[    0.000000] Fast TSC calibration failed
[    0.000000] TSC: Unable to calibrate against PIT
[    0.000000] TSC: using HPET reference calibration
[    0.000000] Detected 2292.772 MHz processor.
[    0.032787] Calibrating delay loop (skipped), value calculated using timer frequency.. 4585.54 BogoMIPS (lpj=9171088)
[    0.036073] pid_max: default: 32768 minimum: 301
[    0.042566] Security Framework initialized
[    0.048882] AppArmor: AppArmor initialized
[    0.049504] Yama: becoming mindful.
[    0.055356] Dentry cache hash table entries: 8192 (order: 4, 65536 bytes)
[    0.056565] Inode-cache hash table entries: 4096 (order: 3, 32768 bytes)
[    0.058137] Mount-cache hash table entries: 256
[    0.077989] Initializing cgroup subsys cpuacct
[    0.079071] Initializing cgroup subsys memory
[    0.080886] Initializing cgroup subsys devices
[    0.081710] Initializing cgroup subsys freezer
[    0.082991] Initializing cgroup subsys blkio
[    0.084212] Initializing cgroup subsys perf_event
[    0.089484] mce: CPU supports 10 MCE banks
[    0.093181] SMP alternatives: switching to UP code
[    0.482541] Freeing SMP alternatives: 24k freed
[    0.486458] ACPI: Core revision 20110623
[    0.546139] ftrace: allocating 26610 entries in 105 pages
[    0.578668] ..TIMER: vector=0x30 apic1=0 pin1=2 apic2=-1 pin2=-1
[    0.580156] CPU0: AMD QEMU Virtual CPU version 2.0.0 stepping 03
[    0.584035] APIC calibration not consistent with PM-Timer: 98ms instead of 100ms
[    0.584035] APIC delta adjusted to PM-Timer: 6250188 (6170043)
[    0.584035] Performance Events: Broken PMU hardware detected, using software events only.
[    0.595081] NMI watchdog disabled (cpu0): hardware events not enabled
[    0.596746] Brought up 1 CPUs
[    0.597278] Total of 1 processors activated (4585.54 BogoMIPS).
[    0.625814] devtmpfs: initialized
[    0.658885] EVM: security.selinux
[    0.659838] EVM: security.SMACK64
[    0.660082] EVM: security.capability
[    0.682195] print_constraints: dummy: 
[    0.684210] RTC time: 15:05:24, date: 12/21/15
[    0.688442] NET: Registered protocol family 16
[    0.697837] ACPI: bus type pci registered
[    0.701698] PCI: Using configuration type 1 for base access
[    0.739193] bio: create slab &lt;bio-0&gt; at 0
[    0.744830] ACPI: Added _OSI(Module Device)
[    0.745400] ACPI: Added _OSI(Processor Device)
[    0.745954] ACPI: Added _OSI(3.0 _SCP Extensions)
[    0.746809] ACPI: Added _OSI(Processor Aggregator Device)
[    0.818945] ACPI: Interpreter enabled
[    0.820169] ACPI: (supports S0 S3 S4 S5)
[    0.822110] ACPI: Using IOAPIC for interrupt routing
[    0.910532] ACPI: No dock devices found.
[    0.911151] HEST: Table not found.
[    0.911727] PCI: Using host bridge windows from ACPI; if necessary, use "pci=nocrs" and report a bug
[    0.918135] ACPI: PCI Root Bridge [PCI0] (domain 0000 [bus 00-ff])
[    0.922233] pci_root PNP0A03:00: host bridge window [io  0x0000-0x0cf7]
[    0.924155] pci_root PNP0A03:00: host bridge window [io  0x0d00-0xadff]
[    0.925278] pci_root PNP0A03:00: host bridge window [io  0xae0f-0xaeff]
[    0.926097] pci_root PNP0A03:00: host bridge window [io  0xaf20-0xafdf]
[    0.928106] pci_root PNP0A03:00: host bridge window [io  0xafe4-0xffff]
[    0.928981] pci_root PNP0A03:00: host bridge window [mem 0x000a0000-0x000bffff]
[    0.929928] pci_root PNP0A03:00: host bridge window [mem 0x04000000-0xfebfffff]
[    0.952857] pci 0000:00:01.3: quirk: [io  0xb000-0xb03f] claimed by PIIX4 ACPI
[    0.953834] pci 0000:00:01.3: quirk: [io  0xb100-0xb10f] claimed by PIIX4 SMB
[    1.027444]  pci0000:00: Unable to request _OSC control (_OSC support mask: 0x1e)
[    1.085048] ACPI: PCI Interrupt Link [LNKA] (IRQs 5 *10 11)
[    1.087266] ACPI: PCI Interrupt Link [LNKB] (IRQs 5 *10 11)
[    1.089290] ACPI: PCI Interrupt Link [LNKC] (IRQs 5 10 *11)
[    1.090912] ACPI: PCI Interrupt Link [LNKD] (IRQs 5 10 *11)
[    1.092889] ACPI: PCI Interrupt Link [LNKS] (IRQs *9)
[    1.098879] vgaarb: device added: PCI:0000:00:02.0,decodes=io+mem,owns=io+mem,locks=none
[    1.100186] vgaarb: loaded
[    1.100676] vgaarb: bridge control possible 0000:00:02.0
[    1.104543] i2c-core: driver [aat2870] using legacy suspend method
[    1.105287] i2c-core: driver [aat2870] using legacy resume method
[    1.108454] SCSI subsystem initialized
[    1.115194] usbcore: registered new interface driver usbfs
[    1.117175] usbcore: registered new interface driver hub
[    1.120815] usbcore: registered new device driver usb
[    1.126034] PCI: Using ACPI for IRQ routing
[    1.138968] NetLabel: Initializing
[    1.140157] NetLabel:  domain hash size = 128
[    1.140968] NetLabel:  protocols = UNLABELED CIPSOv4
[    1.144550] NetLabel:  unlabeled traffic allowed by default
[    1.147116] HPET: 3 timers in total, 0 timers will be used for per-cpu timer
[    1.148643] hpet0: at MMIO 0xfed00000, IRQs 2, 8, 0
[    1.149795] hpet0: 3 comparators, 64-bit 100.000000 MHz counter
[    1.157987] Switching to clocksource hpet
[    1.421508] AppArmor: AppArmor Filesystem Enabled
[    1.423094] pnp: PnP ACPI init
[    1.423739] ACPI: bus type pnp registered
[    1.452056] pnp: PnP ACPI: found 9 devices
[    1.453407] ACPI: ACPI bus type pnp unregistered
[    1.507151] NET: Registered protocol family 2
[    1.540089] IP route cache hash table entries: 512 (order: 0, 4096 bytes)
[    1.547934] TCP established hash table entries: 2048 (order: 3, 32768 bytes)
[    1.549989] TCP bind hash table entries: 2048 (order: 3, 32768 bytes)
[    1.551000] TCP: Hash tables configured (established 2048 bind 2048)
[    1.551801] TCP reno registered
[    1.553211] UDP hash table entries: 128 (order: 0, 4096 bytes)
[    1.554165] UDP-Lite hash table entries: 128 (order: 0, 4096 bytes)
[    1.557468] NET: Registered protocol family 1
[    1.558542] pci 0000:00:00.0: Limiting direct PCI/PCI transfers
[    1.559153] pci 0000:00:01.0: PIIX3: Enabling Passive Release
[    1.560063] pci 0000:00:01.0: Activating ISA DMA hang workarounds
[    1.565743] ACPI: PCI Interrupt Link [LNKD] enabled at IRQ 11
[    1.566723] pci 0000:00:01.2: PCI INT D -&gt; Link[LNKD] -&gt; GSI 11 (level, high) -&gt; IRQ 11
[    1.569405] pci 0000:00:01.2: PCI INT D disabled
[    1.586911] Trying to unpack rootfs image as initramfs...
[    1.613997] audit: initializing netlink socket (disabled)
[    1.615638] type=2000 audit(1450710324.612:1): initialized
[    1.903240] HugeTLB registered 2 MB page size, pre-allocated 0 pages
[    1.998656] VFS: Disk quotas dquot_6.5.2
[    2.000110] Dquot-cache hash table entries: 512 (order 0, 4096 bytes)
[    2.019862] fuse init (API version 7.17)
[    2.025982] msgmni has been set to 84
[    2.071029] Block layer SCSI generic (bsg) driver version 0.4 loaded (major 253)
[    2.077563] io scheduler noop registered
[    2.078079] io scheduler deadline registered (default)
[    2.079170] io scheduler cfq registered
[    2.082924] pci_hotplug: PCI Hot Plug PCI Core version: 0.5
[    2.085496] pciehp: PCI Express Hot Plug Controller Driver version: 0.4
[    2.090974] input: Power Button as /devices/LNXSYSTM:00/LNXPWRBN:00/input/input0
[    2.093873] ACPI: Power Button [PWRF]
[    2.158068] ERST: Table is not found!
[    2.158645] GHES: HEST is not enabled!
[    2.171554] ACPI: PCI Interrupt Link [LNKC] enabled at IRQ 10
[    2.173289] virtio-pci 0000:00:03.0: PCI INT A -&gt; Link[LNKC] -&gt; GSI 10 (level, high) -&gt; IRQ 10
[    2.176005] virtio-pci 0000:00:04.0: PCI INT A -&gt; Link[LNKD] -&gt; GSI 11 (level, high) -&gt; IRQ 11
[    2.189948] ACPI: PCI Interrupt Link [LNKA] enabled at IRQ 10
[    2.190694] virtio-pci 0000:00:05.0: PCI INT A -&gt; Link[LNKA] -&gt; GSI 10 (level, high) -&gt; IRQ 10
[    2.202317] Serial: 8250/16550 driver, 32 ports, IRQ sharing enabled
[    2.245619] serial8250: ttyS0 at I/O 0x3f8 (irq = 4) is a 16550A
[    2.338820] serial8250: ttyS1 at I/O 0x2f8 (irq = 3) is a 16550A
[    2.474150] 00:05: ttyS0 at I/O 0x3f8 (irq = 4) is a 16550A
[    2.557791] 00:06: ttyS1 at I/O 0x2f8 (irq = 3) is a 16550A
[    2.573604] Refined TSC clocksource calibration: 2292.793 MHz.
[    2.574440] Switching to clocksource tsc
[    2.608038] Linux agpgart interface v0.103
[    2.677116] brd: module loaded
[    2.714456] loop: module loaded
[    2.769652]  vda: unknown partition table
[    2.818897] scsi0 : ata_piix
[    2.829594] scsi1 : ata_piix
[    2.830982] ata1: PATA max MWDMA2 cmd 0x1f0 ctl 0x3f6 bmdma 0xc0a0 irq 14
[    2.831758] ata2: PATA max MWDMA2 cmd 0x170 ctl 0x376 bmdma 0xc0a8 irq 15
[    2.842784] Fixed MDIO Bus: probed
[    2.843663] tun: Universal TUN/TAP device driver, 1.6
[    2.845137] tun: (C) 1999-2004 Max Krasnyansky &lt;maxk@qualcomm.com&gt;
[    2.863972] PPP generic driver version 2.4.2
[    2.886530] ehci_hcd: USB 2.0 'Enhanced' Host Controller (EHCI) Driver
[    2.887558] ohci_hcd: USB 1.1 'Open' Host Controller (OHCI) Driver
[    2.890224] uhci_hcd: USB Universal Host Controller Interface driver
[    2.891580] uhci_hcd 0000:00:01.2: PCI INT D -&gt; Link[LNKD] -&gt; GSI 11 (level, high) -&gt; IRQ 11
[    2.896014] uhci_hcd 0000:00:01.2: UHCI Host Controller
[    2.913792] uhci_hcd 0000:00:01.2: new USB bus registered, assigned bus number 1
[    2.915580] uhci_hcd 0000:00:01.2: irq 11, io base 0x0000c040
[    2.948365] hub 1-0:1.0: USB hub found
[    2.950508] hub 1-0:1.0: 2 ports detected
[    2.965718] usbcore: registered new interface driver libusual
[    2.969876] i8042: PNP: PS/2 Controller [PNP0303:KBD,PNP0f13:MOU] at 0x60,0x64 irq 1,12
[    2.980141] serio: i8042 KBD port at 0x60,0x64 irq 1
[    2.983345] serio: i8042 AUX port at 0x60,0x64 irq 12
[    3.037561] mousedev: PS/2 mouse device common for all mice
[    3.070931] input: AT Translated Set 2 keyboard as /devices/platform/i8042/serio0/input/input1
[    3.076032] rtc_cmos 00:01: RTC can wake from S4
[    3.084106] ata2.01: ATAPI: QEMU DVD-ROM, 2.0.0, max UDMA/100
[    3.098094] rtc_cmos 00:01: rtc core: registered rtc_cmos as rtc0
[    3.101933] rtc0: alarms up to one day, 114 bytes nvram, hpet irqs
[    3.105500] device-mapper: uevent: version 1.0.3
[    3.130036] ata2.01: configured for MWDMA2
[    3.132985] device-mapper: ioctl: 4.22.0-ioctl (2011-10-19) initialised: dm-devel@redhat.com
[    3.136147] cpuidle: using governor ladder
[    3.138374] cpuidle: using governor menu
[    3.138967] EFI Variables Facility v0.08 2004-May-17
[    3.151063] TCP cubic registered
[    3.157508] NET: Registered protocol family 10
[    3.199045] NET: Registered protocol family 17
[    3.202586] Registering the dns_resolver key type
[    3.244105] scsi 1:0:1:0: CD-ROM            QEMU     QEMU DVD-ROM     2.0. PQ: 0 ANSI: 5
[    3.286844] sr0: scsi3-mmc drive: 4x/4x cd/rw xa/form2 tray
[    3.288176] cdrom: Uniform CD-ROM driver Revision: 3.20
[    3.301297] sr 1:0:1:0: Attached scsi generic sg0 type 5
[    3.352021] registered taskstats version 1
[    3.407528] Freeing initrd memory: 3656k freed
[    3.991583]   Magic number: 11:718:83
[    4.006606] rtc_cmos 00:01: setting system clock to 2015-12-21 15:05:27 UTC (1450710327)
[    4.010303] powernow-k8: Processor cpuid 663 not supported
[    4.020795] BIOS EDD facility v0.16 2004-Jun-25, 0 devices found
[    4.023027] EDD information not available.
[    4.099854] Freeing unused kernel memory: 928k freed
[    4.107903] Write protecting the kernel read-only data: 12288k
[    4.209522] Freeing unused kernel memory: 1596k freed
[    4.278799] Freeing unused kernel memory: 1184k freed

info: initramfs: up at 4.45
modprobe: module virtio_blk not found in modules.dep
modprobe: module virtio_net not found in modules.dep
info: copying initramfs to /dev/vda
info: initramfs loading root from /dev/vda
info: /etc/init.d/rc.sysinit: up at 9.20
info: container: none
Starting logging: OK
modprobe: module virtio_blk not found in modules.dep
modprobe: module virtio_net not found in modules.dep
WARN: /etc/rc3.d/S10-load-modules failed
Initializing random number generator... done.
Starting acpid: OK
cirros-ds 'local' up at 11.75
found datasource (configdrive, local)
Starting network...
udhcpc (v1.20.1) started
Sending discover...
Sending discover...

2015-12-21 15:07:24,969 21192 INFO     [tempest_lib.common.rest_client] Request (TestNetworkBasicOps:_run_cleanups): 204 DELETE http://10.0.2.15:9696/v2.0/floatingips/669e8601-1b92-4273-a047-bcdc7e500efa 0.280s
2015-12-21 15:07:24,969 21192 DEBUG    [tempest_lib.common.rest_client] Request - Headers: {'Content-Type': 'application/json', 'Accept': 'application/json', 'X-Auth-Token': '&lt;omitted&gt;'}
        Body: None
    Response - Headers: {'date': 'Mon, 21 Dec 2015 15:07:24 GMT', 'status': '204', 'connection': 'close', 'content-length': '0', 'x-openstack-request-id': 'req-dcb4e9ba-5b6c-4deb-bc00-2e52cac74965'}
        Body: 
2015-12-21 15:07:25,210 21192 INFO     [tempest_lib.common.rest_client] Request (TestNetworkBasicOps:_run_cleanups): 204 DELETE http://10.0.2.15:8774/v2.1/34e63b7df1a6407b9b56e538c7d7dd3e/servers/4c5df3c9-cde7-445e-927d-0ef0b17c5501 0.241s
2015-12-21 15:07:25,211 21192 DEBUG    [tempest_lib.common.rest_client] Request - Headers: {'Content-Type': 'application/json', 'Accept': 'application/json', 'X-Auth-Token': '&lt;omitted&gt;'}
        Body: None
    Response - Headers: {'status': '204', 'content-length': '0', 'x-compute-request-id': 'req-7b445938-e2f7-4bce-85a1-62af51ba252a', 'vary': 'X-OpenStack-Nova-API-Version', 'connection': 'close', 'x-openstack-nova-api-version': '2.1', 'date': 'Mon, 21 Dec 2015 15:07:25 GMT', 'content-type': 'application/json'}
        Body: 
2015-12-21 15:07:25,428 21192 INFO     [tempest_lib.common.rest_client] Request (TestNetworkBasicOps:_run_cleanups): 200 GET http://10.0.2.15:8774/v2.1/34e63b7df1a6407b9b56e538c7d7dd3e/servers/4c5df3c9-cde7-445e-927d-0ef0b17c5501 0.216s
2015-12-21 15:07:25,428 21192 DEBUG    [tempest_lib.common.rest_client] Request - Headers: {'Content-Type': 'application/json', 'Accept': 'application/json', 'X-Auth-Token': '&lt;omitted&gt;'}
        Body: None
    Response - Headers: {'status': '200', 'content-length': '1775', 'content-location': 'http://10.0.2.15:8774/v2.1/34e63b7df1a6407b9b56e538c7d7dd3e/servers/4c5df3c9-cde7-445e-927d-0ef0b17c5501', 'x-compute-request-id': 'req-da5ad65b-dd7d-4d6e-82e4-5300a3dafa7d', 'vary': 'X-OpenStack-Nova-API-Version', 'connection': 'close', 'x-openstack-nova-api-version': '2.1', 'date': 'Mon, 21 Dec 2015 15:07:25 GMT', 'content-type': 'application/json'}
        Body: {"server": {"status": "ACTIVE", "updated": "2015-12-21T15:07:25Z", "hostId": "827852a2f013aec4330449bf8c2220fde44d6c5b2ec0b2ed460ca297", "addresses": {"tempest-network-smoke--523421955": [{"OS-EXT-IPS-MAC:mac_addr": "fa:16:3e:b9:b2:45", "version": 4, "addr": "10.100.0.3", "OS-EXT-IPS:type": "fixed"}, {"OS-EXT-IPS-MAC:mac_addr": "fa:16:3e:b9:b2:45", "version": 4, "addr": "172.24.4.4", "OS-EXT-IPS:type": "floating"}]}, "links": [{"href": "http://10.0.2.15:8774/v2.1/34e63b7df1a6407b9b56e538c7d7dd3e/servers/4c5df3c9-cde7-445e-927d-0ef0b17c5501", "rel": "self"}, {"href": "http://10.0.2.15:8774/34e63b7df1a6407b9b56e538c7d7dd3e/servers/4c5df3c9-cde7-445e-927d-0ef0b17c5501", "rel": "bookmark"}], "key_name": "tempest-TestNetworkBasicOps-551583821", "image": {"id": "897a28ad-001b-4be7-accf-48ed38d07bb1", "links": [{"href": "http://10.0.2.15:8774/34e63b7df1a6407b9b56e538c7d7dd3e/images/897a28ad-001b-4be7-accf-48ed38d07bb1", "rel": "bookmark"}]}, "OS-EXT-STS:task_state": "deleting", "OS-EXT-STS:vm_state": "active", "OS-SRV-USG:launched_at": "2015-12-21T15:05:20.000000", "flavor": {"id": "42", "links": [{"href": "http://10.0.2.15:8774/34e63b7df1a6407b9b56e538c7d7dd3e/flavors/42", "rel": "bookmark"}]}, "id": "4c5df3c9-cde7-445e-927d-0ef0b17c5501", "security_groups": [{"name": "tempest-secgroup-smoke-1405307698"}], "OS-SRV-USG:terminated_at": null, "OS-EXT-AZ:availability_zone": "nova", "user_id": "299bf9dee2f5422083c34346841619dd", "name": "tempest.common.compute-instance-1487653024", "created": "2015-12-21T15:05:17Z", "tenant_id": "34e63b7df1a6407b9b56e538c7d7dd3e", "OS-DCF:diskConfig": "MANUAL", "os-extended-volumes:volumes_attached": [], "accessIPv4": "", "accessIPv6": "", "progress": 0, "OS-EXT-STS:power_state": 1, "config_drive": "True", "metadata": {}}}
2015-12-21 15:07:26,699 21192 INFO     [tempest_lib.common.rest_client] Request (TestNetworkBasicOps:_run_cleanups): 200 GET http://10.0.2.15:8774/v2.1/34e63b7df1a6407b9b56e538c7d7dd3e/servers/4c5df3c9-cde7-445e-927d-0ef0b17c5501 0.259s
2015-12-21 15:07:26,699 21192 DEBUG    [tempest_lib.common.rest_client] Request - Headers: {'Content-Type': 'application/json', 'Accept': 'application/json', 'X-Auth-Token': '&lt;omitted&gt;'}
        Body: None
    Response - Headers: {'status': '200', 'content-length': '1445', 'content-location': 'http://10.0.2.15:8774/v2.1/34e63b7df1a6407b9b56e538c7d7dd3e/servers/4c5df3c9-cde7-445e-927d-0ef0b17c5501', 'x-compute-request-id': 'req-2020d0f9-3f2e-446d-9f57-47d275e83fa1', 'vary': 'X-OpenStack-Nova-API-Version', 'connection': 'close', 'x-openstack-nova-api-version': '2.1', 'date': 'Mon, 21 Dec 2015 15:07:26 GMT', 'content-type': 'application/json'}
        Body: {"server": {"status": "DELETED", "updated": "2015-12-21T15:07:26Z", "hostId": "827852a2f013aec4330449bf8c2220fde44d6c5b2ec0b2ed460ca297", "addresses": {}, "links": [{"href": "http://10.0.2.15:8774/v2.1/34e63b7df1a6407b9b56e538c7d7dd3e/servers/4c5df3c9-cde7-445e-927d-0ef0b17c5501", "rel": "self"}, {"href": "http://10.0.2.15:8774/34e63b7df1a6407b9b56e538c7d7dd3e/servers/4c5df3c9-cde7-445e-927d-0ef0b17c5501", "rel": "bookmark"}], "key_name": "tempest-TestNetworkBasicOps-551583821", "image": {"id": "897a28ad-001b-4be7-accf-48ed38d07bb1", "links": [{"href": "http://10.0.2.15:8774/34e63b7df1a6407b9b56e538c7d7dd3e/images/897a28ad-001b-4be7-accf-48ed38d07bb1", "rel": "bookmark"}]}, "OS-EXT-STS:task_state": null, "OS-EXT-STS:vm_state": "deleted", "OS-SRV-USG:launched_at": "2015-12-21T15:05:20.000000", "flavor": {"id": "42", "links": [{"href": "http://10.0.2.15:8774/34e63b7df1a6407b9b56e538c7d7dd3e/flavors/42", "rel": "bookmark"}]}, "id": "4c5df3c9-cde7-445e-927d-0ef0b17c5501", "OS-SRV-USG:terminated_at": "2015-12-21T15:07:26.000000", "OS-EXT-AZ:availability_zone": "nova", "user_id": "299bf9dee2f5422083c34346841619dd", "name": "tempest.common.compute-instance-1487653024", "created": "2015-12-21T15:05:17Z", "tenant_id": "34e63b7df1a6407b9b56e538c7d7dd3e", "OS-DCF:diskConfig": "MANUAL", "os-extended-volumes:volumes_attached": [], "accessIPv4": "", "accessIPv6": "", "OS-EXT-STS:power_state": 0, "config_drive": "True", "metadata": {}}}
2015-12-21 15:07:27,795 21192 INFO     [tempest_lib.common.rest_client] Request (TestNetworkBasicOps:_run_cleanups): 404 GET http://10.0.2.15:8774/v2.1/34e63b7df1a6407b9b56e538c7d7dd3e/servers/4c5df3c9-cde7-445e-927d-0ef0b17c5501 0.084s
2015-12-21 15:07:27,795 21192 DEBUG    [tempest_lib.common.rest_client] Request - Headers: {'Content-Type': 'application/json', 'Accept': 'application/json', 'X-Auth-Token': '&lt;omitted&gt;'}
        Body: None
    Response - Headers: {'status': '404', 'content-length': '111', 'x-compute-request-id': 'req-26de4fe1-b0b8-4603-baa4-842d9b9be62c', 'vary': 'X-OpenStack-Nova-API-Version', 'connection': 'close', 'x-openstack-nova-api-version': '2.1', 'date': 'Mon, 21 Dec 2015 15:07:27 GMT', 'content-type': 'application/json; charset=UTF-8'}
        Body: {"itemNotFound": {"message": "Instance 4c5df3c9-cde7-445e-927d-0ef0b17c5501 could not be found.", "code": 404}}
2015-12-21 15:07:27,815 21192 INFO     [tempest_lib.common.rest_client] Request (TestNetworkBasicOps:_run_cleanups): 202 DELETE http://10.0.2.15:8774/v2.1/34e63b7df1a6407b9b56e538c7d7dd3e/os-keypairs/tempest-TestNetworkBasicOps-551583821 0.018s
2015-12-21 15:07:27,815 21192 DEBUG    [tempest_lib.common.rest_client] Request - Headers: {'Content-Type': 'application/json', 'Accept': 'application/json', 'X-Auth-Token': '&lt;omitted&gt;'}
        Body: None
    Response - Headers: {'status': '202', 'content-length': '0', 'x-compute-request-id': 'req-ce9e29b6-64c1-4d10-9b9a-f901740dbef1', 'vary': 'X-OpenStack-Nova-API-Version', 'connection': 'close', 'x-openstack-nova-api-version': '2.1', 'date': 'Mon, 21 Dec 2015 15:07:27 GMT', 'content-type': 'application/json'}
        Body: 
2015-12-21 15:07:28,214 21192 INFO     [tempest_lib.common.rest_client] Request (TestNetworkBasicOps:_run_cleanups): 200 PUT http://10.0.2.15:9696/v2.0/routers/89c2acb2-6dc4-40ea-a65a-f28327edd77e/remove_router_interface 0.397s
2015-12-21 15:07:28,214 21192 DEBUG    [tempest_lib.common.rest_client] Request - Headers: {'Content-Type': 'application/json', 'Accept': 'application/json', 'X-Auth-Token': '&lt;omitted&gt;'}
        Body: {"subnet_id": "e27b7c78-5193-416b-a3fd-d2edbd6daf30"}
    Response - Headers: {'status': '200', 'content-length': '255', 'connection': 'close', 'date': 'Mon, 21 Dec 2015 15:07:28 GMT', 'content-type': 'application/json; charset=UTF-8', 'x-openstack-request-id': 'req-ce6465d8-7c0d-4b53-9a64-fcb8d6f5ab0f'}
        Body: {"subnet_id": "e27b7c78-5193-416b-a3fd-d2edbd6daf30", "tenant_id": "34e63b7df1a6407b9b56e538c7d7dd3e", "subnet_ids": ["e27b7c78-5193-416b-a3fd-d2edbd6daf30"], "port_id": "d2102960-7e36-43a1-8cb7-72f4d051ef7c", "id": "89c2acb2-6dc4-40ea-a65a-f28327edd77e"}
2015-12-21 15:07:28,771 21192 INFO     [tempest_lib.common.rest_client] Request (TestNetworkBasicOps:_run_cleanups): 204 DELETE http://10.0.2.15:9696/v2.0/subnets/e27b7c78-5193-416b-a3fd-d2edbd6daf30 0.556s
2015-12-21 15:07:28,772 21192 DEBUG    [tempest_lib.common.rest_client] Request - Headers: {'Content-Type': 'application/json', 'Accept': 'application/json', 'X-Auth-Token': '&lt;omitted&gt;'}
        Body: None
    Response - Headers: {'date': 'Mon, 21 Dec 2015 15:07:28 GMT', 'status': '204', 'connection': 'close', 'content-length': '0', 'x-openstack-request-id': 'req-c0116e65-26b7-45f2-bde2-7622412faa8a'}
        Body: 
2015-12-21 15:07:28,827 21192 INFO     [tempest_lib.common.rest_client] Request (TestNetworkBasicOps:_run_cleanups): 200 GET http://10.0.2.15:9696/v2.0/routers/89c2acb2-6dc4-40ea-a65a-f28327edd77e 0.053s
2015-12-21 15:07:28,827 21192 DEBUG    [tempest_lib.common.rest_client] Request - Headers: {'Content-Type': 'application/json', 'Accept': 'application/json', 'X-Auth-Token': '&lt;omitted&gt;'}
        Body: None
    Response - Headers: {'status': '200', 'content-length': '563', 'content-location': 'http://10.0.2.15:9696/v2.0/routers/89c2acb2-6dc4-40ea-a65a-f28327edd77e', 'connection': 'close', 'date': 'Mon, 21 Dec 2015 15:07:28 GMT', 'content-type': 'application/json; charset=UTF-8', 'x-openstack-request-id': 'req-84a0fa4f-6237-4ab3-807c-f0b4b6a72094'}
        Body: {"router": {"status": "ACTIVE", "external_gateway_info": {"network_id": "f1390c72-ee05-4476-b8db-ee6d6cbb5435", "enable_snat": true, "external_fixed_ips": [{"subnet_id": "6243909e-07d0-4e14-afe3-b3c54566a996", "ip_address": "172.24.4.3"}, {"subnet_id": "a938df95-9dc8-418f-b900-3dbf5afa0267", "ip_address": "2001:db8::4"}]}, "availability_zone_hints": [], "availability_zones": ["nova"], "name": "tempest-router-smoke-589331073", "admin_state_up": true, "tenant_id": "34e63b7df1a6407b9b56e538c7d7dd3e", "routes": [], "id": "89c2acb2-6dc4-40ea-a65a-f28327edd77e"}}
2015-12-21 15:07:29,307 21192 INFO     [tempest_lib.common.rest_client] Request (TestNetworkBasicOps:_run_cleanups): 200 PUT http://10.0.2.15:9696/v2.0/routers/89c2acb2-6dc4-40ea-a65a-f28327edd77e 0.479s
2015-12-21 15:07:29,308 21192 DEBUG    [tempest_lib.common.rest_client] Request - Headers: {'Content-Type': 'application/json', 'Accept': 'application/json', 'X-Auth-Token': '&lt;omitted&gt;'}
        Body: {"router": {"external_gateway_info": {}, "name": "tempest-router-smoke-589331073", "admin_state_up": true}}
    Response - Headers: {'status': '200', 'content-length': '301', 'connection': 'close', 'date': 'Mon, 21 Dec 2015 15:07:29 GMT', 'content-type': 'application/json; charset=UTF-8', 'x-openstack-request-id': 'req-0a817e56-35f0-4fc3-ac99-666960a57aa9'}
        Body: {"router": {"status": "ACTIVE", "external_gateway_info": null, "availability_zone_hints": [], "availability_zones": ["nova"], "name": "tempest-router-smoke-589331073", "admin_state_up": true, "tenant_id": "34e63b7df1a6407b9b56e538c7d7dd3e", "routes": [], "id": "89c2acb2-6dc4-40ea-a65a-f28327edd77e"}}
2015-12-21 15:07:29,642 21192 INFO     [tempest_lib.common.rest_client] Request (TestNetworkBasicOps:_run_cleanups): 204 DELETE http://10.0.2.15:9696/v2.0/routers/89c2acb2-6dc4-40ea-a65a-f28327edd77e 0.333s
2015-12-21 15:07:29,643 21192 DEBUG    [tempest_lib.common.rest_client] Request - Headers: {'Content-Type': 'application/json', 'Accept': 'application/json', 'X-Auth-Token': '&lt;omitted&gt;'}
        Body: None
    Response - Headers: {'date': 'Mon, 21 Dec 2015 15:07:29 GMT', 'status': '204', 'connection': 'close', 'content-length': '0', 'x-openstack-request-id': 'req-9bb970b2-d62d-46fc-9ad1-0a9392de887f'}
        Body: 
2015-12-21 15:07:29,868 21192 INFO     [tempest_lib.common.rest_client] Request (TestNetworkBasicOps:_run_cleanups): 204 DELETE http://10.0.2.15:9696/v2.0/networks/3b6a23f5-41db-4bca-bd0f-91a4de40c30a 0.224s
2015-12-21 15:07:29,869 21192 DEBUG    [tempest_lib.common.rest_client] Request - Headers: {'Content-Type': 'application/json', 'Accept': 'application/json', 'X-Auth-Token': '&lt;omitted&gt;'}
        Body: None
    Response - Headers: {'date': 'Mon, 21 Dec 2015 15:07:29 GMT', 'status': '204', 'connection': 'close', 'content-length': '0', 'x-openstack-request-id': 'req-1495cc63-f658-42c0-bba1-65948f568218'}
        Body: 
2015-12-21 15:07:29,934 21192 INFO     [tempest_lib.common.rest_client] Request (TestNetworkBasicOps:_run_cleanups): 204 DELETE http://10.0.2.15:9696/v2.0/security-group-rules/29b0e150-bbb3-445b-9fb0-c6893899858a 0.065s
2015-12-21 15:07:29,935 21192 DEBUG    [tempest_lib.common.rest_client] Request - Headers: {'Content-Type': 'application/json', 'Accept': 'application/json', 'X-Auth-Token': '&lt;omitted&gt;'}
        Body: None
    Response - Headers: {'date': 'Mon, 21 Dec 2015 15:07:29 GMT', 'status': '204', 'connection': 'close', 'content-length': '0', 'x-openstack-request-id': 'req-770d84fd-eb55-4480-9261-4683ceebcd1f'}
        Body: 
2015-12-21 15:07:29,994 21192 INFO     [tempest_lib.common.rest_client] Request (TestNetworkBasicOps:_run_cleanups): 204 DELETE http://10.0.2.15:9696/v2.0/security-group-rules/61b8cdf3-946b-4160-91fa-a45aaf5fd5c6 0.058s
2015-12-21 15:07:29,995 21192 DEBUG    [tempest_lib.common.rest_client] Request - Headers: {'Content-Type': 'application/json', 'Accept': 'application/json', 'X-Auth-Token': '&lt;omitted&gt;'}
        Body: None
    Response - Headers: {'date': 'Mon, 21 Dec 2015 15:07:29 GMT', 'status': '204', 'connection': 'close', 'content-length': '0', 'x-openstack-request-id': 'req-a4ac2fcf-7c78-4fd2-a496-f24904015fd8'}
        Body: 
2015-12-21 15:07:30,049 21192 INFO     [tempest_lib.common.rest_client] Request (TestNetworkBasicOps:_run_cleanups): 204 DELETE http://10.0.2.15:9696/v2.0/security-group-rules/b773c18a-4625-4820-8563-68757c7f3c52 0.053s
2015-12-21 15:07:30,050 21192 DEBUG    [tempest_lib.common.rest_client] Request - Headers: {'Content-Type': 'application/json', 'Accept': 'application/json', 'X-Auth-Token': '&lt;omitted&gt;'}
        Body: None
    Response - Headers: {'date': 'Mon, 21 Dec 2015 15:07:30 GMT', 'status': '204', 'connection': 'close', 'content-length': '0', 'x-openstack-request-id': 'req-25d1d9cb-7392-4fb7-bd85-12fb9577f24d'}
        Body: 
2015-12-21 15:07:30,108 21192 INFO     [tempest_lib.common.rest_client] Request (TestNetworkBasicOps:_run_cleanups): 204 DELETE http://10.0.2.15:9696/v2.0/security-group-rules/7fde399b-df09-4779-bbf7-39037ef2c77c 0.057s
2015-12-21 15:07:30,108 21192 DEBUG    [tempest_lib.common.rest_client] Request - Headers: {'Content-Type': 'application/json', 'Accept': 'application/json', 'X-Auth-Token': '&lt;omitted&gt;'}
        Body: None
    Response - Headers: {'date': 'Mon, 21 Dec 2015 15:07:30 GMT', 'status': '204', 'connection': 'close', 'content-length': '0', 'x-openstack-request-id': 'req-f184dc70-6df9-423f-874f-4f28766a3e5d'}
        Body: 
2015-12-21 15:07:30,174 21192 INFO     [tempest_lib.common.rest_client] Request (TestNetworkBasicOps:_run_cleanups): 204 DELETE http://10.0.2.15:9696/v2.0/security-group-rules/5130bce0-fc00-4039-ac55-ea9d91ba7fcb 0.065s
