<?xml version="1.0" encoding="UTF-8"?>
<!DOCTYPE html PUBLIC "-//W3C//DTD XHTML 1.0 Strict//EN"
     "http://www.w3.org/TR/xhtml1/DTD/xhtml1-strict.dtd">
<html xmlns="http://www.w3.org/1999/xhtml">
<head>
    <title>Unit Test Report</title>
    <meta name="generator" content="subunit2html 0.1"/>
    <meta http-equiv="Content-Type" content="text/html; charset=UTF-8"/>
    
<style type="text/css" media="screen">
body        { font-family: verdana, arial, helvetica, sans-serif;
    font-size: 80%; }
table       { font-size: 100%; width: 100%;}
pre         { font-size: 80%; }

/* -- heading -------------------------------------------------------------- */
h1 {
        font-size: 16pt;
        color: gray;
}
.heading {
    margin-top: 0ex;
    margin-bottom: 1ex;
}

.heading .attribute {
    margin-top: 1ex;
    margin-bottom: 0;
}

.heading .description {
    margin-top: 4ex;
    margin-bottom: 6ex;
}

/* -- css div popup -------------------------------------------------------- */
a.popup_link {
}

a.popup_link:hover {
    color: red;
}

.popup_window {
    display: none;
    overflow-x: scroll;
    /*border: solid #627173 1px; */
    padding: 10px;
    background-color: #E6E6D6;
    font-family: "Ubuntu Mono", "Lucida Console", "Courier New", monospace;
    text-align: left;
    font-size: 8pt;
}

}
/* -- report --------------------------------------------------------------- */
#show_detail_line {
    margin-top: 3ex;
    margin-bottom: 1ex;
}
#result_table {
    width: 100%;
    border-collapse: collapse;
    border: 1px solid #777;
}
#header_row {
    font-weight: bold;
    color: white;
    background-color: #777;
}
#result_table td {
    border: 1px solid #777;
    padding: 2px;
}
#total_row  { font-weight: bold; }
.passClass  { background-color: #6c6; }
.failClass  { background-color: #c60; }
.errorClass { background-color: #c00; }
.passCase   { color: #6c6; }
.failCase   { color: #c60; font-weight: bold; }
.errorCase  { color: #c00; font-weight: bold; }
.hiddenRow  { display: none; }
.testcase   { margin-left: 2em; }
td.testname {width: 40%}
td.small {width: 40px}

/* -- ending --------------------------------------------------------------- */
#ending {
}

</style>

</head>
<body>
<script language="javascript" type="text/javascript"><!--
output_list = Array();

/* level - 0:Summary; 1:Failed; 2:All */
function showCase(level) {
    trs = document.getElementsByTagName("tr");
    for (var i = 0; i < trs.length; i++) {
        tr = trs[i];
        id = tr.id;
        if (id.substr(0,2) == 'ft') {
            if (level < 1) {
                tr.className = 'hiddenRow';
            }
            else {
                tr.className = '';
            }
        }
        if (id.substr(0,2) == 'pt') {
            if (level > 1) {
                tr.className = '';
            }
            else {
                tr.className = 'hiddenRow';
            }
        }
    }
}


function showClassDetail(cid, count) {
    var id_list = Array(count);
    var toHide = 1;
    for (var i = 0; i < count; i++) {
        tid0 = 't' + cid.substr(1) + '.' + (i+1);
        tid = 'f' + tid0;
        tr = document.getElementById(tid);
        if (!tr) {
            tid = 'p' + tid0;
            tr = document.getElementById(tid);
        }
        id_list[i] = tid;
        if (tr.className) {
            toHide = 0;
        }
    }
    for (var i = 0; i < count; i++) {
        tid = id_list[i];
        if (toHide) {
            document.getElementById('div_'+tid).style.display = 'none'
            document.getElementById(tid).className = 'hiddenRow';
        }
        else {
            document.getElementById(tid).className = '';
        }
    }
}


function showTestDetail(div_id){
    var details_div = document.getElementById(div_id)
    var displayState = details_div.style.display
    // alert(displayState)
    if (displayState != 'block' ) {
        displayState = 'block'
        details_div.style.display = 'block'
    }
    else {
        details_div.style.display = 'none'
    }
}


function html_escape(s) {
    s = s.replace(/&/g,'&amp;');
    s = s.replace(/</g,'&lt;');
    s = s.replace(/>/g,'&gt;');
    return s;
}

/* obsoleted by detail in <div>
function showOutput(id, name) {
    var w = window.open("", //url
                    name,
                    "resizable,scrollbars,status,width=800,height=450");
    d = w.document;
    d.write("<pre>");
    d.write(html_escape(output_list[id]));
    d.write("\n");
    d.write("<a href='javascript:window.close()'>close</a>\n");
    d.write("</pre>\n");
    d.close();
}
*/
--></script>

<div class='heading'>
<h1>Unit Test Report</h1>

<p class='attribute'><strong>Status:</strong> Failure 6</p>

<p class='description'></p>
</div>



<p id='show_detail_line'>Show
<a href='javascript:showCase(0)'>Summary</a>
<a href='javascript:showCase(1)'>Failed</a>
<a href='javascript:showCase(2)'>All</a>
</p>
<table id='result_table'>
<colgroup>
<col align='left' />
<col align='right' />
<col align='right' />
<col align='right' />
<col align='right' />
<col align='right' />
<col align='right' />
<col align='right' />
</colgroup>
<tr id='header_row'>
    <td>Test Group/Test case</td>
    <td>Count</td>
    <td>Pass</td>
    <td>Fail</td>
    <td>Error</td>
    <td>Skip</td>
    <td>View</td>
    <td> </td>
</tr>

<tr class='failClass'>
    <td class="testname">tempest.scenario.test_network_advanced_server_ops.TestNetworkAdvancedServerOps</td>
    <td class="small">6</td>
    <td class="small">0</td>
    <td class="small">6</td>
    <td class="small">0</td>
    <td class="small">0</td>
    <td class="small"><a href="javascript:showClassDetail('c1',6)"
>Detail</a></td>
    <td> </td>
</tr>

<tr id='ft1.1' class='none'>
    <td class='failCase'><div class='testcase'>test_server_connectivity_pause_unpause[compute,id-2b2642db-6568-4b35-b812-eceed3fa20ce,network]</div></td>
    <td colspan='7' align='left'>

    <!--css div popup start-->
    <a class="popup_link" onfocus='this.blur();'
    href="javascript:showTestDetail('div_ft1.1')" >
        fail</a>

    <div id='div_ft1.1' class="popup_window">
        <div style='text-align: right; color:red;cursor:pointer'>
        <a onfocus='this.blur();'
onclick="document.getElementById('div_ft1.1').style.display = 'none' " >
           [x]</a>
        </div>
        <pre>
        
ft1.1: tempest.scenario.test_network_advanced_server_ops.TestNetworkAdvancedServerOps.test_server_connectivity_pause_unpause[compute,id-2b2642db-6568-4b35-b812-eceed3fa20ce,network]_StringException: Empty attachments:
  stderr
  stdout

pythonlogging:'': {{{
2015-12-04 05:42:03,030 20341 INFO     [tempest_lib.common.rest_client] Request (TestNetworkAdvancedServerOps:test_server_connectivity_pause_unpause): 200 POST http://10.0.2.15:8774/v2.1/66d718fe1c394375a35aef817c3ce9a3/os-keypairs 0.341s
2015-12-04 05:42:03,031 20341 DEBUG    [tempest_lib.common.rest_client] Request - Headers: {'Content-Type': 'application/json', 'Accept': 'application/json', 'X-Auth-Token': '&lt;omitted&gt;'}
        Body: {"keypair": {"name": "tempest-TestNetworkAdvancedServerOps-466724974"}}
    Response - Headers: {'status': '200', 'content-length': '2329', 'x-compute-request-id': 'req-6a3ceead-1517-4e70-a4b2-35aa9d37ecab', 'vary': 'X-OpenStack-Nova-API-Version', 'connection': 'close', 'x-openstack-nova-api-version': '2.1', 'date': 'Fri, 04 Dec 2015 05:42:03 GMT', 'content-type': 'application/json'}
        Body: {"keypair": {"public_key": "ssh-rsa AAAAB3NzaC1yc2EAAAADAQABAAABAQD9TgjmNKxb+tU1CWHxnHSD/fWL6mOSd9PqXkNX4etZDx6bCF/yzgcr6qi39Q92ljPNPouHKmha47fwwj69MuvGCGFNoe1vUDTCJZxHH2OcuNmbKMdjPaYRjF6R5SwnXbh6F7jhQNFzlKvCgRKaU7gxE3LFVTgxXfIuOZ8YCHD1i4Gfara5M493TWWqoCxe652M+hxCyuuCdMvWb09ra9O4olwpdA4UAJC07B/VdH8EjctEK396sSppZRySOKHD+iUZTrzC+9yoHNgHJ7fxE7vsvAOHx0r1KJs0JCnC/uaX4HzmMNj3DTO3kUzneM77bOI0yXSeWPaz8vrsEtlzKyM5 Generated-by-Nova", "private_key": "-----BEGIN RSA PRIVATE KEY-----\nMIIEpwIBAAKCAQEA/U4I5jSsW/rVNQlh8Zx0g/31i+pjknfT6l5DV+HrWQ8emwhf\n8s4HK+qot/UPdpYzzT6LhypoWuO38MI+vTLrxghhTaHtb1A0wiWcRx9jnLjZmyjH\nYz2mEYxekeUsJ124ehe44UDRc5SrwoESmlO4MRNyxVU4MV3yLjmfGAhw9YuBn2q2\nuTOPd01lqqAsXuudjPocQsrrgnTL1m9Pa2vTuKJcKXQOFACQtOwf1XR/BI3LRCt/\nerEqaWUckjihw/olGU68wvvcqBzYBye38RO77LwDh8dK9SibNCQpwv7ml+B85jDY\n9w0zt5FM53jO+2ziNMl0nlj2s/L67BLZcysjOQIDAQABAoIBAGPTsSYodBT70bLJ\nM9RoeHLcTz0I7pz2pImlBJ1J59p9Xu5yan3iPGlOXZfB+Iofv+KPV6W5TM8lF4TG\nyLr/qnOtMcvKmSxZS7GH6QMOl89X+kpv08SEs0IPM+YDj1ckVGOpna8IQINwgBBz\nlcVEYT7WD1E9uJucDqmxA8YQ7ZOW0pNRSn9nsApzvM81fHdjPZVWhHCqG0fR1izI\n4GHFj1uH/n17LdepzTttVg/MTbMjJQuKeT/mbeDFk2iRfOWpHYc7St5QVvsJHwcj\nnBHlrrA1GtZ3Y4VwYZqFs+lf6ujZswH4IArLxXD9E+aqIqX6SE/ko7ibNd7XAwjg\nIcczB1ECggCBAP3p18opY7JI6CU30IknNHJMv0UFufab5kPaLBiUpVOWUXer2yrM\nltAq7JG3EEq1gKD0sF4yPPuxeHo7EGBS8DmJUYurxwTQ/gNgZBZBUod7uUeXIKWI\nzguxtSqlHHc9okKyRjGTqa6EEjAepJDgwr1j8eEpRdO3O7g0a12w/1CHAoIAgQD/\nYulWGEtowbm/IXj5AT5a8LygiK/w9Nu0NJIPcX97U3Hl+4nymBkZ+GOwPlLI1OQW\n21wob4Jbw+czYx8pdrA1EHn6uAWmhpi5c3l/7p4IQY4uhhkB/ZTPtW0mDyM3FgE2\nUhi0ICZDdYX2aKpIfZML74T0qL7Ifh1VMafu0gWePwKCAIB2/zKsgf1BPr3dQ20t\n+fuwXZt+Q5LFqoad4g+sbW2V4OrJRPdv9XXwlU1NdRfji3B+/m3xl2XRJ3ko/6lL\nG1OOA3b+GEErVq7U8kW10GNXL3rDvGYGbjjybhRTqhHPKEl1LIuNDIEHUsobVyEU\n7OEXVVG0jl01Pbh1OcvfmuXs3QKCAIAkiGK2pS0MZEIM/F3QyQPBgJSLJmJ8xpoz\nMh3+xY6l9q7hZlU6ddWJaIXiLVgsUH/8YQ7S3fi45dJKAJDxnn/gZ2X7np14T+LD\nDKjBy0GiDranIxmqtjq2Z86gViQEekpcGexcwAiZN9OdByXszsHdQDs1wHniNmA9\n0qeiOzsAgwKCAIA7Cye0dsDdglt4sNA7IUbs5EOXZtju3pf77pRsN4Oop/s+lfrK\nPEEg7AkXNYYTm+OV6mgmVex6RN0IZ6EXpET9LtvQlxU31ZGrzL0e6KyPVEDxNetY\nHUuQJ0GlCLHN+tWWMd/AywGjSzleAauyB/mWuq8+EFFLp+IVF/lX2oQsxQ==\n-----END RSA PRIVATE KEY-----\n", "user_id": "92476ad1748345358610f1c7b1f864e8", "name": "tempest-TestNetworkAdvancedServerOps-466724974", "fingerprint": "0c:f1:b7:30:f8:8e:c7:79:73:10:15:c9:bb:b3:35:bf"}}
2015-12-04 05:42:03,375 20341 INFO     [tempest_lib.common.rest_client] Request (TestNetworkAdvancedServerOps:test_server_connectivity_pause_unpause): 201 POST http://10.0.2.15:9696/v2.0/security-groups 0.339s
2015-12-04 05:42:03,375 20341 DEBUG    [tempest_lib.common.rest_client] Request - Headers: {'Content-Type': 'application/json', 'Accept': 'application/json', 'X-Auth-Token': '&lt;omitted&gt;'}
        Body: {"security_group": {"tenant_id": "66d718fe1c394375a35aef817c3ce9a3", "description": "tempest-secgroup-smoke-1159500581 description", "name": "tempest-secgroup-smoke-1159500581"}}
    Response - Headers: {'status': '201', 'content-length': '888', 'connection': 'close', 'date': 'Fri, 04 Dec 2015 05:42:03 GMT', 'content-type': 'application/json; charset=UTF-8', 'x-openstack-request-id': 'req-7eb6c983-918d-4db6-9892-540d5b1d5367'}
        Body: {"security_group": {"tenant_id": "66d718fe1c394375a35aef817c3ce9a3", "description": "tempest-secgroup-smoke-1159500581 description", "id": "8ddaff72-1711-4158-ac2c-46f855b1e67a", "security_group_rules": [{"remote_group_id": null, "direction": "egress", "remote_ip_prefix": null, "protocol": null, "ethertype": "IPv4", "tenant_id": "66d718fe1c394375a35aef817c3ce9a3", "port_range_max": null, "port_range_min": null, "id": "f8ad886d-579c-4b42-9b84-b2e53ceb0669", "security_group_id": "8ddaff72-1711-4158-ac2c-46f855b1e67a"}, {"remote_group_id": null, "direction": "egress", "remote_ip_prefix": null, "protocol": null, "ethertype": "IPv6", "tenant_id": "66d718fe1c394375a35aef817c3ce9a3", "port_range_max": null, "port_range_min": null, "id": "4ae01efb-ad9d-48c8-94dd-8d41064d9129", "security_group_id": "8ddaff72-1711-4158-ac2c-46f855b1e67a"}], "name": "tempest-secgroup-smoke-1159500581"}}
2015-12-04 05:42:03,495 20341 INFO     [tempest_lib.common.rest_client] Request (TestNetworkAdvancedServerOps:test_server_connectivity_pause_unpause): 201 POST http://10.0.2.15:9696/v2.0/security-group-rules 0.119s
2015-12-04 05:42:03,496 20341 DEBUG    [tempest_lib.common.rest_client] Request - Headers: {'Content-Type': 'application/json', 'Accept': 'application/json', 'X-Auth-Token': '&lt;omitted&gt;'}
        Body: {"security_group_rule": {"direction": "ingress", "protocol": "tcp", "tenant_id": "66d718fe1c394375a35aef817c3ce9a3", "port_range_max": 22, "security_group_id": "8ddaff72-1711-4158-ac2c-46f855b1e67a", "port_range_min": 22}}
    Response - Headers: {'status': '201', 'content-length': '340', 'connection': 'close', 'date': 'Fri, 04 Dec 2015 05:42:03 GMT', 'content-type': 'application/json; charset=UTF-8', 'x-openstack-request-id': 'req-d0aa10ae-dda5-42d0-8321-7489cc91950d'}
        Body: {"security_group_rule": {"remote_group_id": null, "direction": "ingress", "remote_ip_prefix": null, "protocol": "tcp", "ethertype": "IPv4", "tenant_id": "66d718fe1c394375a35aef817c3ce9a3", "port_range_max": 22, "port_range_min": 22, "id": "7530490a-2bc7-4850-a8ff-207e430e8b42", "security_group_id": "8ddaff72-1711-4158-ac2c-46f855b1e67a"}}
2015-12-04 05:42:03,617 20341 INFO     [tempest_lib.common.rest_client] Request (TestNetworkAdvancedServerOps:test_server_connectivity_pause_unpause): 201 POST http://10.0.2.15:9696/v2.0/security-group-rules 0.120s
2015-12-04 05:42:03,617 20341 DEBUG    [tempest_lib.common.rest_client] Request - Headers: {'Content-Type': 'application/json', 'Accept': 'application/json', 'X-Auth-Token': '&lt;omitted&gt;'}
        Body: {"security_group_rule": {"direction": "egress", "protocol": "tcp", "tenant_id": "66d718fe1c394375a35aef817c3ce9a3", "port_range_max": 22, "security_group_id": "8ddaff72-1711-4158-ac2c-46f855b1e67a", "port_range_min": 22}}
    Response - Headers: {'status': '201', 'content-length': '339', 'connection': 'close', 'date': 'Fri, 04 Dec 2015 05:42:03 GMT', 'content-type': 'application/json; charset=UTF-8', 'x-openstack-request-id': 'req-ebc06a37-2bc7-46db-be67-73a6f5c4ab81'}
        Body: {"security_group_rule": {"remote_group_id": null, "direction": "egress", "remote_ip_prefix": null, "protocol": "tcp", "ethertype": "IPv4", "tenant_id": "66d718fe1c394375a35aef817c3ce9a3", "port_range_max": 22, "port_range_min": 22, "id": "9a154558-2065-4090-be87-2d46f3aacf89", "security_group_id": "8ddaff72-1711-4158-ac2c-46f855b1e67a"}}
2015-12-04 05:42:03,742 20341 INFO     [tempest_lib.common.rest_client] Request (TestNetworkAdvancedServerOps:test_server_connectivity_pause_unpause): 201 POST http://10.0.2.15:9696/v2.0/security-group-rules 0.124s
2015-12-04 05:42:03,743 20341 DEBUG    [tempest_lib.common.rest_client] Request - Headers: {'Content-Type': 'application/json', 'Accept': 'application/json', 'X-Auth-Token': '&lt;omitted&gt;'}
        Body: {"security_group_rule": {"tenant_id": "66d718fe1c394375a35aef817c3ce9a3", "direction": "ingress", "protocol": "icmp", "security_group_id": "8ddaff72-1711-4158-ac2c-46f855b1e67a"}}
    Response - Headers: {'status': '201', 'content-length': '345', 'connection': 'close', 'date': 'Fri, 04 Dec 2015 05:42:03 GMT', 'content-type': 'application/json; charset=UTF-8', 'x-openstack-request-id': 'req-1fc525f8-d5c2-4799-ae99-4de321912640'}
        Body: {"security_group_rule": {"remote_group_id": null, "direction": "ingress", "remote_ip_prefix": null, "protocol": "icmp", "ethertype": "IPv4", "tenant_id": "66d718fe1c394375a35aef817c3ce9a3", "port_range_max": null, "port_range_min": null, "id": "336b76ea-e028-45b3-b913-70efa7fe8421", "security_group_id": "8ddaff72-1711-4158-ac2c-46f855b1e67a"}}
2015-12-04 05:42:04,006 20341 INFO     [tempest_lib.common.rest_client] Request (TestNetworkAdvancedServerOps:test_server_connectivity_pause_unpause): 201 POST http://10.0.2.15:9696/v2.0/security-group-rules 0.261s
2015-12-04 05:42:04,006 20341 DEBUG    [tempest_lib.common.rest_client] Request - Headers: {'Content-Type': 'application/json', 'Accept': 'application/json', 'X-Auth-Token': '&lt;omitted&gt;'}
        Body: {"security_group_rule": {"tenant_id": "66d718fe1c394375a35aef817c3ce9a3", "direction": "egress", "protocol": "icmp", "security_group_id": "8ddaff72-1711-4158-ac2c-46f855b1e67a"}}
    Response - Headers: {'status': '201', 'content-length': '344', 'connection': 'close', 'date': 'Fri, 04 Dec 2015 05:42:04 GMT', 'content-type': 'application/json; charset=UTF-8', 'x-openstack-request-id': 'req-9a171feb-5cae-411f-a53a-e05cc4f3a065'}
        Body: {"security_group_rule": {"remote_group_id": null, "direction": "egress", "remote_ip_prefix": null, "protocol": "icmp", "ethertype": "IPv4", "tenant_id": "66d718fe1c394375a35aef817c3ce9a3", "port_range_max": null, "port_range_min": null, "id": "1685e863-ad70-4129-9b14-8d14986b5a05", "security_group_id": "8ddaff72-1711-4158-ac2c-46f855b1e67a"}}
2015-12-04 05:42:04,136 20341 INFO     [tempest_lib.common.rest_client] Request (TestNetworkAdvancedServerOps:test_server_connectivity_pause_unpause): 201 POST http://10.0.2.15:9696/v2.0/security-group-rules 0.128s
2015-12-04 05:42:04,136 20341 DEBUG    [tempest_lib.common.rest_client] Request - Headers: {'Content-Type': 'application/json', 'Accept': 'application/json', 'X-Auth-Token': '&lt;omitted&gt;'}
        Body: {"security_group_rule": {"tenant_id": "66d718fe1c394375a35aef817c3ce9a3", "direction": "ingress", "security_group_id": "8ddaff72-1711-4158-ac2c-46f855b1e67a", "protocol": "icmp", "ethertype": "IPv6"}}
    Response - Headers: {'status': '201', 'content-length': '345', 'connection': 'close', 'date': 'Fri, 04 Dec 2015 05:42:04 GMT', 'content-type': 'application/json; charset=UTF-8', 'x-openstack-request-id': 'req-130dd718-662d-49ea-bd67-61dec261b843'}
        Body: {"security_group_rule": {"remote_group_id": null, "direction": "ingress", "remote_ip_prefix": null, "protocol": "icmp", "ethertype": "IPv6", "tenant_id": "66d718fe1c394375a35aef817c3ce9a3", "port_range_max": null, "port_range_min": null, "id": "64bea11e-8b12-435b-9f41-b1a64d11bcfd", "security_group_id": "8ddaff72-1711-4158-ac2c-46f855b1e67a"}}
2015-12-04 05:42:04,266 20341 INFO     [tempest_lib.common.rest_client] Request (TestNetworkAdvancedServerOps:test_server_connectivity_pause_unpause): 201 POST http://10.0.2.15:9696/v2.0/security-group-rules 0.128s
2015-12-04 05:42:04,267 20341 DEBUG    [tempest_lib.common.rest_client] Request - Headers: {'Content-Type': 'application/json', 'Accept': 'application/json', 'X-Auth-Token': '&lt;omitted&gt;'}
        Body: {"security_group_rule": {"tenant_id": "66d718fe1c394375a35aef817c3ce9a3", "direction": "egress", "security_group_id": "8ddaff72-1711-4158-ac2c-46f855b1e67a", "protocol": "icmp", "ethertype": "IPv6"}}
    Response - Headers: {'status': '201', 'content-length': '344', 'connection': 'close', 'date': 'Fri, 04 Dec 2015 05:42:04 GMT', 'content-type': 'application/json; charset=UTF-8', 'x-openstack-request-id': 'req-4dfbeabc-c657-4a46-9310-037bfb248528'}
        Body: {"security_group_rule": {"remote_group_id": null, "direction": "egress", "remote_ip_prefix": null, "protocol": "icmp", "ethertype": "IPv6", "tenant_id": "66d718fe1c394375a35aef817c3ce9a3", "port_range_max": null, "port_range_min": null, "id": "f311bf5f-f1c8-4032-9549-a257c74922e8", "security_group_id": "8ddaff72-1711-4158-ac2c-46f855b1e67a"}}
2015-12-04 05:42:04,453 20341 INFO     [tempest_lib.common.rest_client] Request (TestNetworkAdvancedServerOps:test_server_connectivity_pause_unpause): 201 POST http://10.0.2.15:9696/v2.0/networks 0.185s
2015-12-04 05:42:04,454 20341 DEBUG    [tempest_lib.common.rest_client] Request - Headers: {'Content-Type': 'application/json', 'Accept': 'application/json', 'X-Auth-Token': '&lt;omitted&gt;'}
        Body: {"network": {"tenant_id": "66d718fe1c394375a35aef817c3ce9a3", "name": "tempest-network-smoke--1473571205"}}
    Response - Headers: {'status': '201', 'content-length': '329', 'connection': 'close', 'date': 'Fri, 04 Dec 2015 05:42:04 GMT', 'content-type': 'application/json; charset=UTF-8', 'x-openstack-request-id': 'req-71161b06-6e85-4fba-ae28-3c5a97f45549'}
        Body: {"network": {"status": "ACTIVE", "subnets": [], "availability_zone_hints": "[]", "name": "tempest-network-smoke--1473571205", "admin_state_up": true, "tenant_id": "66d718fe1c394375a35aef817c3ce9a3", "mtu": 0, "router:external": false, "shared": false, "port_security_enabled": true, "id": "c6552d95-b384-4063-b5c6-a752ff740c2c"}}
2015-12-04 05:42:04,543 20341 INFO     [tempest_lib.common.rest_client] Request (TestNetworkAdvancedServerOps:test_server_connectivity_pause_unpause): 201 POST http://10.0.2.15:9696/v2.0/routers 0.087s
2015-12-04 05:42:04,544 20341 DEBUG    [tempest_lib.common.rest_client] Request - Headers: {'Content-Type': 'application/json', 'Accept': 'application/json', 'X-Auth-Token': '&lt;omitted&gt;'}
        Body: {"router": {"tenant_id": "66d718fe1c394375a35aef817c3ce9a3", "name": "tempest-router-smoke-425642597", "admin_state_up": true}}
    Response - Headers: {'status': '201', 'content-length': '238', 'connection': 'close', 'date': 'Fri, 04 Dec 2015 05:42:04 GMT', 'content-type': 'application/json; charset=UTF-8', 'x-openstack-request-id': 'req-5047db8b-6631-4be7-bd04-e50583933b3d'}
        Body: {"router": {"status": "ACTIVE", "external_gateway_info": null, "name": "tempest-router-smoke-425642597", "admin_state_up": true, "tenant_id": "66d718fe1c394375a35aef817c3ce9a3", "routes": [], "id": "bfe9964e-9500-4d90-b022-1fb8884d6647"}}
2015-12-04 05:42:04,593 20341 INFO     [tempest_lib.common.rest_client] Request (TestNetworkAdvancedServerOps:test_server_connectivity_pause_unpause): 200 GET http://10.0.2.15:9696/v2.0/routers/bfe9964e-9500-4d90-b022-1fb8884d6647 0.049s
2015-12-04 05:42:04,594 20341 DEBUG    [tempest_lib.common.rest_client] Request - Headers: {'Content-Type': 'application/json', 'Accept': 'application/json', 'X-Auth-Token': '&lt;omitted&gt;'}
        Body: None
    Response - Headers: {'status': '200', 'content-length': '238', 'content-location': 'http://10.0.2.15:9696/v2.0/routers/bfe9964e-9500-4d90-b022-1fb8884d6647', 'connection': 'close', 'date': 'Fri, 04 Dec 2015 05:42:04 GMT', 'content-type': 'application/json; charset=UTF-8', 'x-openstack-request-id': 'req-7fe4b55d-8520-4cc8-9a70-7185192f20c1'}
        Body: {"router": {"status": "ACTIVE", "external_gateway_info": null, "name": "tempest-router-smoke-425642597", "admin_state_up": true, "tenant_id": "66d718fe1c394375a35aef817c3ce9a3", "routes": [], "id": "bfe9964e-9500-4d90-b022-1fb8884d6647"}}
2015-12-04 05:42:05,398 20341 INFO     [tempest_lib.common.rest_client] Request (TestNetworkAdvancedServerOps:test_server_connectivity_pause_unpause): 200 PUT http://10.0.2.15:9696/v2.0/routers/bfe9964e-9500-4d90-b022-1fb8884d6647 0.803s
2015-12-04 05:42:05,399 20341 DEBUG    [tempest_lib.common.rest_client] Request - Headers: {'Content-Type': 'application/json', 'Accept': 'application/json', 'X-Auth-Token': '&lt;omitted&gt;'}
        Body: {"router": {"external_gateway_info": {"network_id": "1a2a6c5a-6cc4-4940-8291-4d7c3776643a"}, "name": "tempest-router-smoke-425642597", "admin_state_up": true}}
    Response - Headers: {'status': '200', 'content-length': '500', 'connection': 'close', 'date': 'Fri, 04 Dec 2015 05:42:05 GMT', 'content-type': 'application/json; charset=UTF-8', 'x-openstack-request-id': 'req-ea0b02d1-daa4-448e-96d3-508087571d30'}
        Body: {"router": {"status": "ACTIVE", "external_gateway_info": {"network_id": "1a2a6c5a-6cc4-4940-8291-4d7c3776643a", "enable_snat": true, "external_fixed_ips": [{"subnet_id": "2af3e464-93a8-4c36-aaa5-f8e41c45d8dc", "ip_address": "172.24.4.3"}, {"subnet_id": "d896daf3-0970-4f77-91f8-49722a909d3f", "ip_address": "2001:db8::4"}]}, "name": "tempest-router-smoke-425642597", "admin_state_up": true, "tenant_id": "66d718fe1c394375a35aef817c3ce9a3", "routes": [], "id": "bfe9964e-9500-4d90-b022-1fb8884d6647"}}
2015-12-04 05:42:05,578 20341 INFO     [tempest_lib.common.rest_client] Request (TestNetworkAdvancedServerOps:test_server_connectivity_pause_unpause): 200 GET http://10.0.2.15:9696/v2.0/subnets?tenant_id=66d718fe1c394375a35aef817c3ce9a3&amp;cidr=10.100.0.0%2F28 0.178s
2015-12-04 05:42:05,578 20341 DEBUG    [tempest_lib.common.rest_client] Request - Headers: {'Content-Type': 'application/json', 'Accept': 'application/json', 'X-Auth-Token': '&lt;omitted&gt;'}
        Body: None
    Response - Headers: {'status': '200', 'content-length': '15', 'content-location': 'http://10.0.2.15:9696/v2.0/subnets?tenant_id=66d718fe1c394375a35aef817c3ce9a3&amp;cidr=10.100.0.0%2F28', 'connection': 'close', 'date': 'Fri, 04 Dec 2015 05:42:05 GMT', 'content-type': 'application/json; charset=UTF-8', 'x-openstack-request-id': 'req-a41dda7d-c375-4fc7-b0d0-5caf88140fba'}
        Body: {"subnets": []}
2015-12-04 05:42:05,931 20341 INFO     [tempest_lib.common.rest_client] Request (TestNetworkAdvancedServerOps:test_server_connectivity_pause_unpause): 201 POST http://10.0.2.15:9696/v2.0/subnets 0.351s
2015-12-04 05:42:05,931 20341 DEBUG    [tempest_lib.common.rest_client] Request - Headers: {'Content-Type': 'application/json', 'Accept': 'application/json', 'X-Auth-Token': '&lt;omitted&gt;'}
        Body: {"subnet": {"ip_version": 4, "tenant_id": "66d718fe1c394375a35aef817c3ce9a3", "cidr": "10.100.0.0/28", "network_id": "c6552d95-b384-4063-b5c6-a752ff740c2c", "name": "tempest-subnet-smoke-1284285561"}}
    Response - Headers: {'status': '201', 'content-length': '478', 'connection': 'close', 'date': 'Fri, 04 Dec 2015 05:42:05 GMT', 'content-type': 'application/json; charset=UTF-8', 'x-openstack-request-id': 'req-b9606735-0e23-4174-9d03-9a97d4d93ca5'}
        Body: {"subnet": {"name": "tempest-subnet-smoke-1284285561", "enable_dhcp": true, "network_id": "c6552d95-b384-4063-b5c6-a752ff740c2c", "tenant_id": "66d718fe1c394375a35aef817c3ce9a3", "dns_nameservers": [], "gateway_ip": "10.100.0.1", "ipv6_ra_mode": null, "allocation_pools": [{"start": "10.100.0.2", "end": "10.100.0.14"}], "host_routes": [], "ip_version": 4, "ipv6_address_mode": null, "cidr": "10.100.0.0/28", "id": "999989c6-83f2-4d18-8456-cba286ab2b49", "subnetpool_id": null}}
2015-12-04 05:42:06,533 20341 INFO     [tempest_lib.common.rest_client] Request (TestNetworkAdvancedServerOps:test_server_connectivity_pause_unpause): 200 PUT http://10.0.2.15:9696/v2.0/routers/bfe9964e-9500-4d90-b022-1fb8884d6647/add_router_interface 0.601s
2015-12-04 05:42:06,534 20341 DEBUG    [tempest_lib.common.rest_client] Request - Headers: {'Content-Type': 'application/json', 'Accept': 'application/json', 'X-Auth-Token': '&lt;omitted&gt;'}
        Body: {"subnet_id": "999989c6-83f2-4d18-8456-cba286ab2b49"}
    Response - Headers: {'status': '200', 'content-length': '255', 'connection': 'close', 'date': 'Fri, 04 Dec 2015 05:42:06 GMT', 'content-type': 'application/json; charset=UTF-8', 'x-openstack-request-id': 'req-fb318ce0-244f-44a7-bedd-a8682d668dc3'}
        Body: {"subnet_id": "999989c6-83f2-4d18-8456-cba286ab2b49", "tenant_id": "66d718fe1c394375a35aef817c3ce9a3", "subnet_ids": ["999989c6-83f2-4d18-8456-cba286ab2b49"], "port_id": "c1a279bf-14e7-4612-b2e1-cf3504f29546", "id": "bfe9964e-9500-4d90-b022-1fb8884d6647"}
2015-12-04 05:42:06,648 20341 INFO     [tempest_lib.common.rest_client] Request (TestNetworkAdvancedServerOps:test_server_connectivity_pause_unpause): 200 POST http://10.0.2.15:5000/v2.0/tokens
2015-12-04 05:42:06,648 20341 DEBUG    [tempest_lib.common.rest_client] Request - Headers: {'Content-Type': 'application/json', 'Accept': 'application/json'}
        Body: &lt;omitted&gt;
    Response - Headers: {'status': '200', 'content-length': '2562', 'vary': 'X-Auth-Token', 'server': 'Apache/2.4.7 (Ubuntu)', 'connection': 'close', 'date': 'Fri, 04 Dec 2015 05:42:06 GMT', 'content-type': 'application/json', 'x-openstack-request-id': 'req-1dd1372d-7f8f-4185-89cd-78b1a356d476'}
        Body: {"access": {"token": {"issued_at": "2015-12-04T05:42:06.635484", "expires": "2015-12-04T06:42:06Z", "id": "b5de5058df274b738fd7b09328b38a60", "tenant": {"description": "tempest-TestNetworkAdvancedServerOps-401617062-desc", "enabled": true, "id": "66d718fe1c394375a35aef817c3ce9a3", "name": "tempest-TestNetworkAdvancedServerOps-401617062"}, "audit_ids": ["4DFPh7AtQxqluqB-c8xu2Q"]}, "serviceCatalog": [{"endpoints": [{"adminURL": "http://10.0.2.15:8774/v2.1/66d718fe1c394375a35aef817c3ce9a3", "region": "RegionOne", "internalURL": "http://10.0.2.15:8774/v2.1/66d718fe1c394375a35aef817c3ce9a3", "id": "3cd4f3133d3a4012ab81a378698e2d01", "publicURL": "http://10.0.2.15:8774/v2.1/66d718fe1c394375a35aef817c3ce9a3"}], "endpoints_links": [], "type": "compute", "name": "nova"}, {"endpoints": [{"adminURL": "http://10.0.2.15:9696/", "region": "RegionOne", "internalURL": "http://10.0.2.15:9696/", "id": "947322341af841aeb78ba88f4f30db46", "publicURL": "http://10.0.2.15:9696/"}], "endpoints_links": [], "type": "network", "name": "neutron"}, {"endpoints": [{"adminURL": "http://10.0.2.15:9292", "region": "RegionOne", "internalURL": "http://10.0.2.15:9292", "id": "1d61c075c6ea472da31f03bcdf7e338c", "publicURL": "http://10.0.2.15:9292"}], "endpoints_links": [], "type": "image", "name": "glance"}, {"endpoints": [{"adminURL": "http://10.0.2.15:8774/v2/66d718fe1c394375a35aef817c3ce9a3", "region": "RegionOne", "internalURL": "http://10.0.2.15:8774/v2/66d718fe1c394375a35aef817c3ce9a3", "id": "20abe4b24d774ac3aa8cbc90726c573f", "publicURL": "http://10.0.2.15:8774/v2/66d718fe1c394375a35aef817c3ce9a3"}], "endpoints_links": [], "type": "compute_legacy", "name": "nova_legacy"}, {"endpoints": [{"adminURL": "http://10.0.2.15:8773/", "region": "RegionOne", "internalURL": "http://10.0.2.15:8773/", "id": "05601d7b2943400da74405c891d9c3b5", "publicURL": "http://10.0.2.15:8773/"}], "endpoints_links": [], "type": "ec2", "name": "ec2"}, {"endpoints": [{"adminURL": "http://10.0.2.15:35357/v2.0", "region": "RegionOne", "internalURL": "http://10.0.2.15:5000/v2.0", "id": "b08ed3b2611a4163993407a403d8bed9", "publicURL": "http://10.0.2.15:5000/v2.0"}], "endpoints_links": [], "type": "identity", "name": "keystone"}], "user": {"username": "tempest-TestNetworkAdvancedServerOps-698225519", "roles_links": [], "id": "92476ad1748345358610f1c7b1f864e8", "roles": [{"name": "_member_"}, {"name": "Member"}], "name": "tempest-TestNetworkAdvancedServerOps-698225519"}, "metadata": {"is_admin": 0, "roles": ["9fe2ff9ee4384b1894a90878d3e92bab", "1a6db262774847e3a329b6376386e94b"]}}}
2015-12-04 05:42:06,655 20341 DEBUG    [tempest.common.fixed_network] (TestNetworkAdvancedServerOps:test_server_connectivity_pause_unpause) No valid network provided or created, defaulting to fixed_network_name
2015-12-04 05:42:06,998 20341 INFO     [tempest_lib.common.rest_client] Request (TestNetworkAdvancedServerOps:test_server_connectivity_pause_unpause): 200 GET http://10.0.2.15:8774/v2.1/66d718fe1c394375a35aef817c3ce9a3/os-networks 0.341s
2015-12-04 05:42:06,998 20341 DEBUG    [tempest_lib.common.rest_client] Request - Headers: {'Content-Type': 'application/json', 'Accept': 'application/json', 'X-Auth-Token': '&lt;omitted&gt;'}
        Body: None
    Response - Headers: {'status': '200', 'content-length': '479', 'content-location': 'http://10.0.2.15:8774/v2.1/66d718fe1c394375a35aef817c3ce9a3/os-networks', 'x-compute-request-id': 'req-b9af7c2c-554b-44d2-936c-1bcd67eaff7b', 'vary': 'X-OpenStack-Nova-API-Version', 'connection': 'close', 'x-openstack-nova-api-version': '2.1', 'date': 'Fri, 04 Dec 2015 05:42:06 GMT', 'content-type': 'application/json'}
        Body: {"networks": [{"cidr_v6": null, "dns2": null, "dns1": null, "gateway": null, "broadcast": null, "netmask": null, "gateway_v6": null, "cidr": null, "label": "public", "id": "1a2a6c5a-6cc4-4940-8291-4d7c3776643a", "netmask_v6": null}, {"cidr_v6": null, "dns2": null, "dns1": null, "gateway": null, "broadcast": null, "netmask": null, "gateway_v6": null, "cidr": null, "label": "tempest-network-smoke--1473571205", "id": "c6552d95-b384-4063-b5c6-a752ff740c2c", "netmask_v6": null}]}
2015-12-04 05:42:06,999 20341 WARNING  [tempest.common.fixed_network] (TestNetworkAdvancedServerOps:test_server_connectivity_pause_unpause) Network with name: private not found
2015-12-04 05:42:06,999 20341 INFO     [tempest.common.fixed_network] (TestNetworkAdvancedServerOps:test_server_connectivity_pause_unpause) Found network {} available for tenant
2015-12-04 05:42:08,753 20341 INFO     [tempest_lib.common.rest_client] Request (TestNetworkAdvancedServerOps:test_server_connectivity_pause_unpause): 202 POST http://10.0.2.15:8774/v2.1/66d718fe1c394375a35aef817c3ce9a3/servers 1.753s
2015-12-04 05:42:08,754 20341 DEBUG    [tempest_lib.common.rest_client] Request - Headers: {'Content-Type': 'application/json', 'Accept': 'application/json', 'X-Auth-Token': '&lt;omitted&gt;'}
        Body: {"server": {"name": "tempest.common.compute-instance-527278839", "imageRef": "24f9f284-8a38-44c6-b7e2-a0d167c2de63", "key_name": "tempest-TestNetworkAdvancedServerOps-466724974", "flavorRef": "42", "networks": [{"uuid": "c6552d95-b384-4063-b5c6-a752ff740c2c"}], "security_groups": [{"name": "tempest-secgroup-smoke-1159500581"}]}}
    Response - Headers: {'status': '202', 'content-length': '462', 'x-compute-request-id': 'req-d888f342-23e2-4255-9967-ab0d9fed9f56', 'vary': 'X-OpenStack-Nova-API-Version', 'connection': 'close', 'location': 'http://10.0.2.15:8774/v2.1/66d718fe1c394375a35aef817c3ce9a3/servers/0cef954b-6e9d-48b3-ae2c-baac03a56edf', 'x-openstack-nova-api-version': '2.1', 'date': 'Fri, 04 Dec 2015 05:42:08 GMT', 'content-type': 'application/json'}
        Body: {"server": {"security_groups": [{"name": "tempest-secgroup-smoke-1159500581"}], "OS-DCF:diskConfig": "MANUAL", "id": "0cef954b-6e9d-48b3-ae2c-baac03a56edf", "links": [{"href": "http://10.0.2.15:8774/v2.1/66d718fe1c394375a35aef817c3ce9a3/servers/0cef954b-6e9d-48b3-ae2c-baac03a56edf", "rel": "self"}, {"href": "http://10.0.2.15:8774/66d718fe1c394375a35aef817c3ce9a3/servers/0cef954b-6e9d-48b3-ae2c-baac03a56edf", "rel": "bookmark"}], "adminPass": "gyZ33sdQVmYn"}}
2015-12-04 05:42:08,996 20341 INFO     [tempest_lib.common.rest_client] Request (TestNetworkAdvancedServerOps:test_server_connectivity_pause_unpause): 200 GET http://10.0.2.15:8774/v2.1/66d718fe1c394375a35aef817c3ce9a3/servers/0cef954b-6e9d-48b3-ae2c-baac03a56edf 0.237s
2015-12-04 05:42:08,997 20341 DEBUG    [tempest_lib.common.rest_client] Request - Headers: {'Content-Type': 'application/json', 'Accept': 'application/json', 'X-Auth-Token': '&lt;omitted&gt;'}
        Body: None
    Response - Headers: {'status': '200', 'content-length': '1363', 'content-location': 'http://10.0.2.15:8774/v2.1/66d718fe1c394375a35aef817c3ce9a3/servers/0cef954b-6e9d-48b3-ae2c-baac03a56edf', 'x-compute-request-id': 'req-0201eabd-8832-4704-af2c-85c1e4925dbb', 'vary': 'X-OpenStack-Nova-API-Version', 'connection': 'close', 'x-openstack-nova-api-version': '2.1', 'date': 'Fri, 04 Dec 2015 05:42:08 GMT', 'content-type': 'application/json'}
        Body: {"server": {"status": "BUILD", "updated": "2015-12-04T05:42:08Z", "hostId": "", "addresses": {}, "links": [{"href": "http://10.0.2.15:8774/v2.1/66d718fe1c394375a35aef817c3ce9a3/servers/0cef954b-6e9d-48b3-ae2c-baac03a56edf", "rel": "self"}, {"href": "http://10.0.2.15:8774/66d718fe1c394375a35aef817c3ce9a3/servers/0cef954b-6e9d-48b3-ae2c-baac03a56edf", "rel": "bookmark"}], "key_name": "tempest-TestNetworkAdvancedServerOps-466724974", "image": {"id": "24f9f284-8a38-44c6-b7e2-a0d167c2de63", "links": [{"href": "http://10.0.2.15:8774/66d718fe1c394375a35aef817c3ce9a3/images/24f9f284-8a38-44c6-b7e2-a0d167c2de63", "rel": "bookmark"}]}, "OS-EXT-STS:task_state": "scheduling", "OS-EXT-STS:vm_state": "building", "OS-SRV-USG:launched_at": null, "flavor": {"id": "42", "links": [{"href": "http://10.0.2.15:8774/66d718fe1c394375a35aef817c3ce9a3/flavors/42", "rel": "bookmark"}]}, "id": "0cef954b-6e9d-48b3-ae2c-baac03a56edf", "OS-SRV-USG:terminated_at": null, "OS-EXT-AZ:availability_zone": "", "user_id": "92476ad1748345358610f1c7b1f864e8", "name": "tempest.common.compute-instance-527278839", "created": "2015-12-04T05:42:08Z", "tenant_id": "66d718fe1c394375a35aef817c3ce9a3", "OS-DCF:diskConfig": "MANUAL", "os-extended-volumes:volumes_attached": [], "accessIPv4": "", "accessIPv6": "", "progress": 0, "OS-EXT-STS:power_state": 0, "config_drive": "", "metadata": {}}}
2015-12-04 05:42:10,507 20341 INFO     [tempest_lib.common.rest_client] Request (TestNetworkAdvancedServerOps:test_server_connectivity_pause_unpause): 200 GET http://10.0.2.15:8774/v2.1/66d718fe1c394375a35aef817c3ce9a3/servers/0cef954b-6e9d-48b3-ae2c-baac03a56edf 0.499s
2015-12-04 05:42:10,508 20341 DEBUG    [tempest_lib.common.rest_client] Request - Headers: {'Content-Type': 'application/json', 'Accept': 'application/json', 'X-Auth-Token': '&lt;omitted&gt;'}
        Body: None
    Response - Headers: {'status': '200', 'content-length': '1489', 'content-location': 'http://10.0.2.15:8774/v2.1/66d718fe1c394375a35aef817c3ce9a3/servers/0cef954b-6e9d-48b3-ae2c-baac03a56edf', 'x-compute-request-id': 'req-347bc2ac-3198-4ad6-b794-5c3c8a835074', 'vary': 'X-OpenStack-Nova-API-Version', 'connection': 'close', 'x-openstack-nova-api-version': '2.1', 'date': 'Fri, 04 Dec 2015 05:42:10 GMT', 'content-type': 'application/json'}
        Body: {"server": {"status": "BUILD", "updated": "2015-12-04T05:42:09Z", "hostId": "4a6c7e6be04b7fe0b22b64832b514cce13a5f876fcd7739a5623b203", "addresses": {}, "links": [{"href": "http://10.0.2.15:8774/v2.1/66d718fe1c394375a35aef817c3ce9a3/servers/0cef954b-6e9d-48b3-ae2c-baac03a56edf", "rel": "self"}, {"href": "http://10.0.2.15:8774/66d718fe1c394375a35aef817c3ce9a3/servers/0cef954b-6e9d-48b3-ae2c-baac03a56edf", "rel": "bookmark"}], "key_name": "tempest-TestNetworkAdvancedServerOps-466724974", "image": {"id": "24f9f284-8a38-44c6-b7e2-a0d167c2de63", "links": [{"href": "http://10.0.2.15:8774/66d718fe1c394375a35aef817c3ce9a3/images/24f9f284-8a38-44c6-b7e2-a0d167c2de63", "rel": "bookmark"}]}, "OS-EXT-STS:task_state": "spawning", "OS-EXT-STS:vm_state": "building", "OS-SRV-USG:launched_at": null, "flavor": {"id": "42", "links": [{"href": "http://10.0.2.15:8774/66d718fe1c394375a35aef817c3ce9a3/flavors/42", "rel": "bookmark"}]}, "id": "0cef954b-6e9d-48b3-ae2c-baac03a56edf", "security_groups": [{"name": "tempest-secgroup-smoke-1159500581"}], "OS-SRV-USG:terminated_at": null, "OS-EXT-AZ:availability_zone": "nova", "user_id": "92476ad1748345358610f1c7b1f864e8", "name": "tempest.common.compute-instance-527278839", "created": "2015-12-04T05:42:08Z", "tenant_id": "66d718fe1c394375a35aef817c3ce9a3", "OS-DCF:diskConfig": "MANUAL", "os-extended-volumes:volumes_attached": [], "accessIPv4": "", "accessIPv6": "", "progress": 0, "OS-EXT-STS:power_state": 0, "config_drive": "", "metadata": {}}}
2015-12-04 05:42:10,516 20341 INFO     [tempest.common.waiters] State transition "BUILD/scheduling" ==&gt; "BUILD/spawning" after 1 second wait
2015-12-04 05:42:11,709 20341 INFO     [tempest_lib.common.rest_client] Request (TestNetworkAdvancedServerOps:test_server_connectivity_pause_unpause): 200 GET http://10.0.2.15:8774/v2.1/66d718fe1c394375a35aef817c3ce9a3/servers/0cef954b-6e9d-48b3-ae2c-baac03a56edf 0.192s
2015-12-04 05:42:11,709 20341 DEBUG    [tempest_lib.common.rest_client] Request - Headers: {'Content-Type': 'application/json', 'Accept': 'application/json', 'X-Auth-Token': '&lt;omitted&gt;'}
        Body: None
    Response - Headers: {'status': '200', 'content-length': '1489', 'content-location': 'http://10.0.2.15:8774/v2.1/66d718fe1c394375a35aef817c3ce9a3/servers/0cef954b-6e9d-48b3-ae2c-baac03a56edf', 'x-compute-request-id': 'req-7470d249-dadc-4fb4-abcd-835839bc2e48', 'vary': 'X-OpenStack-Nova-API-Version', 'connection': 'close', 'x-openstack-nova-api-version': '2.1', 'date': 'Fri, 04 Dec 2015 05:42:11 GMT', 'content-type': 'application/json'}
        Body: {"server": {"status": "BUILD", "updated": "2015-12-04T05:42:09Z", "hostId": "4a6c7e6be04b7fe0b22b64832b514cce13a5f876fcd7739a5623b203", "addresses": {}, "links": [{"href": "http://10.0.2.15:8774/v2.1/66d718fe1c394375a35aef817c3ce9a3/servers/0cef954b-6e9d-48b3-ae2c-baac03a56edf", "rel": "self"}, {"href": "http://10.0.2.15:8774/66d718fe1c394375a35aef817c3ce9a3/servers/0cef954b-6e9d-48b3-ae2c-baac03a56edf", "rel": "bookmark"}], "key_name": "tempest-TestNetworkAdvancedServerOps-466724974", "image": {"id": "24f9f284-8a38-44c6-b7e2-a0d167c2de63", "links": [{"href": "http://10.0.2.15:8774/66d718fe1c394375a35aef817c3ce9a3/images/24f9f284-8a38-44c6-b7e2-a0d167c2de63", "rel": "bookmark"}]}, "OS-EXT-STS:task_state": "spawning", "OS-EXT-STS:vm_state": "building", "OS-SRV-USG:launched_at": null, "flavor": {"id": "42", "links": [{"href": "http://10.0.2.15:8774/66d718fe1c394375a35aef817c3ce9a3/flavors/42", "rel": "bookmark"}]}, "id": "0cef954b-6e9d-48b3-ae2c-baac03a56edf", "security_groups": [{"name": "tempest-secgroup-smoke-1159500581"}], "OS-SRV-USG:terminated_at": null, "OS-EXT-AZ:availability_zone": "nova", "user_id": "92476ad1748345358610f1c7b1f864e8", "name": "tempest.common.compute-instance-527278839", "created": "2015-12-04T05:42:08Z", "tenant_id": "66d718fe1c394375a35aef817c3ce9a3", "OS-DCF:diskConfig": "MANUAL", "os-extended-volumes:volumes_attached": [], "accessIPv4": "", "accessIPv6": "", "progress": 0, "OS-EXT-STS:power_state": 0, "config_drive": "", "metadata": {}}}
2015-12-04 05:42:13,076 20341 INFO     [tempest_lib.common.rest_client] Request (TestNetworkAdvancedServerOps:test_server_connectivity_pause_unpause): 200 GET http://10.0.2.15:8774/v2.1/66d718fe1c394375a35aef817c3ce9a3/servers/0cef954b-6e9d-48b3-ae2c-baac03a56edf 0.355s
2015-12-04 05:42:13,077 20341 DEBUG    [tempest_lib.common.rest_client] Request - Headers: {'Content-Type': 'application/json', 'Accept': 'application/json', 'X-Auth-Token': '&lt;omitted&gt;'}
        Body: None
    Response - Headers: {'status': '200', 'content-length': '1661', 'content-location': 'http://10.0.2.15:8774/v2.1/66d718fe1c394375a35aef817c3ce9a3/servers/0cef954b-6e9d-48b3-ae2c-baac03a56edf', 'x-compute-request-id': 'req-e6d86e60-ddad-4594-a738-14ef261e6da0', 'vary': 'X-OpenStack-Nova-API-Version', 'connection': 'close', 'x-openstack-nova-api-version': '2.1', 'date': 'Fri, 04 Dec 2015 05:42:13 GMT', 'content-type': 'application/json'}
        Body: {"server": {"status": "ACTIVE", "updated": "2015-12-04T05:42:12Z", "hostId": "4a6c7e6be04b7fe0b22b64832b514cce13a5f876fcd7739a5623b203", "addresses": {"tempest-network-smoke--1473571205": [{"OS-EXT-IPS-MAC:mac_addr": "fa:16:3e:6c:f1:f9", "version": 4, "addr": "10.100.0.3", "OS-EXT-IPS:type": "fixed"}]}, "links": [{"href": "http://10.0.2.15:8774/v2.1/66d718fe1c394375a35aef817c3ce9a3/servers/0cef954b-6e9d-48b3-ae2c-baac03a56edf", "rel": "self"}, {"href": "http://10.0.2.15:8774/66d718fe1c394375a35aef817c3ce9a3/servers/0cef954b-6e9d-48b3-ae2c-baac03a56edf", "rel": "bookmark"}], "key_name": "tempest-TestNetworkAdvancedServerOps-466724974", "image": {"id": "24f9f284-8a38-44c6-b7e2-a0d167c2de63", "links": [{"href": "http://10.0.2.15:8774/66d718fe1c394375a35aef817c3ce9a3/images/24f9f284-8a38-44c6-b7e2-a0d167c2de63", "rel": "bookmark"}]}, "OS-EXT-STS:task_state": null, "OS-EXT-STS:vm_state": "active", "OS-SRV-USG:launched_at": "2015-12-04T05:42:12.000000", "flavor": {"id": "42", "links": [{"href": "http://10.0.2.15:8774/66d718fe1c394375a35aef817c3ce9a3/flavors/42", "rel": "bookmark"}]}, "id": "0cef954b-6e9d-48b3-ae2c-baac03a56edf", "security_groups": [{"name": "tempest-secgroup-smoke-1159500581"}], "OS-SRV-USG:terminated_at": null, "OS-EXT-AZ:availability_zone": "nova", "user_id": "92476ad1748345358610f1c7b1f864e8", "name": "tempest.common.compute-instance-527278839", "created": "2015-12-04T05:42:08Z", "tenant_id": "66d718fe1c394375a35aef817c3ce9a3", "OS-DCF:diskConfig": "MANUAL", "os-extended-volumes:volumes_attached": [], "accessIPv4": "", "accessIPv6": "", "progress": 0, "OS-EXT-STS:power_state": 1, "config_drive": "True", "metadata": {}}}
2015-12-04 05:42:13,085 20341 INFO     [tempest.common.waiters] State transition "BUILD/spawning" ==&gt; "ACTIVE/None" after 4 second wait
2015-12-04 05:42:13,292 20341 INFO     [tempest_lib.common.rest_client] Request (TestNetworkAdvancedServerOps:test_server_connectivity_pause_unpause): 200 GET http://10.0.2.15:8774/v2.1/66d718fe1c394375a35aef817c3ce9a3/servers/0cef954b-6e9d-48b3-ae2c-baac03a56edf 0.206s
2015-12-04 05:42:13,293 20341 DEBUG    [tempest_lib.common.rest_client] Request - Headers: {'Content-Type': 'application/json', 'Accept': 'application/json', 'X-Auth-Token': '&lt;omitted&gt;'}
        Body: None
    Response - Headers: {'status': '200', 'content-length': '1661', 'content-location': 'http://10.0.2.15:8774/v2.1/66d718fe1c394375a35aef817c3ce9a3/servers/0cef954b-6e9d-48b3-ae2c-baac03a56edf', 'x-compute-request-id': 'req-99d97560-4406-42b9-9cd4-e51dd23f3009', 'vary': 'X-OpenStack-Nova-API-Version', 'connection': 'close', 'x-openstack-nova-api-version': '2.1', 'date': 'Fri, 04 Dec 2015 05:42:13 GMT', 'content-type': 'application/json'}
        Body: {"server": {"status": "ACTIVE", "updated": "2015-12-04T05:42:12Z", "hostId": "4a6c7e6be04b7fe0b22b64832b514cce13a5f876fcd7739a5623b203", "addresses": {"tempest-network-smoke--1473571205": [{"OS-EXT-IPS-MAC:mac_addr": "fa:16:3e:6c:f1:f9", "version": 4, "addr": "10.100.0.3", "OS-EXT-IPS:type": "fixed"}]}, "links": [{"href": "http://10.0.2.15:8774/v2.1/66d718fe1c394375a35aef817c3ce9a3/servers/0cef954b-6e9d-48b3-ae2c-baac03a56edf", "rel": "self"}, {"href": "http://10.0.2.15:8774/66d718fe1c394375a35aef817c3ce9a3/servers/0cef954b-6e9d-48b3-ae2c-baac03a56edf", "rel": "bookmark"}], "key_name": "tempest-TestNetworkAdvancedServerOps-466724974", "image": {"id": "24f9f284-8a38-44c6-b7e2-a0d167c2de63", "links": [{"href": "http://10.0.2.15:8774/66d718fe1c394375a35aef817c3ce9a3/images/24f9f284-8a38-44c6-b7e2-a0d167c2de63", "rel": "bookmark"}]}, "OS-EXT-STS:task_state": null, "OS-EXT-STS:vm_state": "active", "OS-SRV-USG:launched_at": "2015-12-04T05:42:12.000000", "flavor": {"id": "42", "links": [{"href": "http://10.0.2.15:8774/66d718fe1c394375a35aef817c3ce9a3/flavors/42", "rel": "bookmark"}]}, "id": "0cef954b-6e9d-48b3-ae2c-baac03a56edf", "security_groups": [{"name": "tempest-secgroup-smoke-1159500581"}], "OS-SRV-USG:terminated_at": null, "OS-EXT-AZ:availability_zone": "nova", "user_id": "92476ad1748345358610f1c7b1f864e8", "name": "tempest.common.compute-instance-527278839", "created": "2015-12-04T05:42:08Z", "tenant_id": "66d718fe1c394375a35aef817c3ce9a3", "OS-DCF:diskConfig": "MANUAL", "os-extended-volumes:volumes_attached": [], "accessIPv4": "", "accessIPv6": "", "progress": 0, "OS-EXT-STS:power_state": 1, "config_drive": "True", "metadata": {}}}
2015-12-04 05:42:13,441 20341 INFO     [tempest_lib.common.rest_client] Request (TestNetworkAdvancedServerOps:test_server_connectivity_pause_unpause): 200 GET http://10.0.2.15:9696/v2.0/ports?status=ACTIVE&amp;fixed_ip=None&amp;device_id=0cef954b-6e9d-48b3-ae2c-baac03a56edf 0.134s
2015-12-04 05:42:13,441 20341 DEBUG    [tempest_lib.common.rest_client] Request - Headers: {'Content-Type': 'application/json', 'Accept': 'application/json', 'X-Auth-Token': '&lt;omitted&gt;'}
        Body: None
    Response - Headers: {'status': '200', 'content-length': '895', 'content-location': 'http://10.0.2.15:9696/v2.0/ports?status=ACTIVE&amp;fixed_ip=None&amp;device_id=0cef954b-6e9d-48b3-ae2c-baac03a56edf', 'connection': 'close', 'date': 'Fri, 04 Dec 2015 05:42:13 GMT', 'content-type': 'application/json; charset=UTF-8', 'x-openstack-request-id': 'req-5167e598-b190-4b68-92d7-523b68f549c9'}
        Body: {"ports": [{"status": "ACTIVE", "binding:host_id": "vagrant-ubuntu-trusty-64", "allowed_address_pairs": [], "extra_dhcp_opts": [], "dns_assignment": [{"hostname": "host-10-100-0-3", "ip_address": "10.100.0.3", "fqdn": "host-10-100-0-3.openstacklocal."}], "device_owner": "compute:None", "port_security_enabled": true, "binding:profile": {}, "fixed_ips": [{"subnet_id": "999989c6-83f2-4d18-8456-cba286ab2b49", "ip_address": "10.100.0.3"}], "id": "cd34baa6-53da-4a02-b1ac-a9ee03a1eb7f", "security_groups": ["8ddaff72-1711-4158-ac2c-46f855b1e67a"], "device_id": "0cef954b-6e9d-48b3-ae2c-baac03a56edf", "name": "", "admin_state_up": true, "network_id": "c6552d95-b384-4063-b5c6-a752ff740c2c", "dns_name": "", "binding:vif_details": {"port_filter": true}, "binding:vnic_type": "normal", "binding:vif_type": "ovs", "tenant_id": "66d718fe1c394375a35aef817c3ce9a3", "mac_address": "fa:16:3e:6c:f1:f9"}]}
2015-12-04 05:42:13,994 20341 INFO     [tempest_lib.common.rest_client] Request (TestNetworkAdvancedServerOps:test_server_connectivity_pause_unpause): 201 POST http://10.0.2.15:9696/v2.0/floatingips 0.552s
2015-12-04 05:42:13,995 20341 DEBUG    [tempest_lib.common.rest_client] Request - Headers: {'Content-Type': 'application/json', 'Accept': 'application/json', 'X-Auth-Token': '&lt;omitted&gt;'}
        Body: {"floatingip": {"floating_network_id": "1a2a6c5a-6cc4-4940-8291-4d7c3776643a", "tenant_id": "66d718fe1c394375a35aef817c3ce9a3", "fixed_ip_address": "10.100.0.3", "port_id": "cd34baa6-53da-4a02-b1ac-a9ee03a1eb7f"}}
    Response - Headers: {'status': '201', 'content-length': '367', 'connection': 'close', 'date': 'Fri, 04 Dec 2015 05:42:13 GMT', 'content-type': 'application/json; charset=UTF-8', 'x-openstack-request-id': 'req-5476e203-2f81-42db-b1be-94bc3c40aade'}
        Body: {"floatingip": {"floating_network_id": "1a2a6c5a-6cc4-4940-8291-4d7c3776643a", "router_id": "bfe9964e-9500-4d90-b022-1fb8884d6647", "fixed_ip_address": "10.100.0.3", "floating_ip_address": "172.24.4.4", "tenant_id": "66d718fe1c394375a35aef817c3ce9a3", "status": "DOWN", "port_id": "cd34baa6-53da-4a02-b1ac-a9ee03a1eb7f", "id": "0c780d7f-c5c1-4371-aa7c-86d093f88088"}}
2015-12-04 05:42:14,218 20341 INFO     [tempest_lib.common.rest_client] Request (TestNetworkAdvancedServerOps:test_server_connectivity_pause_unpause): 200 GET http://10.0.2.15:8774/v2.1/66d718fe1c394375a35aef817c3ce9a3/servers/0cef954b-6e9d-48b3-ae2c-baac03a56edf 0.223s
2015-12-04 05:42:14,219 20341 DEBUG    [tempest_lib.common.rest_client] Request - Headers: {'Content-Type': 'application/json', 'Accept': 'application/json', 'X-Auth-Token': '&lt;omitted&gt;'}
        Body: None
    Response - Headers: {'status': '200', 'content-length': '1661', 'content-location': 'http://10.0.2.15:8774/v2.1/66d718fe1c394375a35aef817c3ce9a3/servers/0cef954b-6e9d-48b3-ae2c-baac03a56edf', 'x-compute-request-id': 'req-f6f676ad-e35d-4b86-b18c-5d798264f5d5', 'vary': 'X-OpenStack-Nova-API-Version', 'connection': 'close', 'x-openstack-nova-api-version': '2.1', 'date': 'Fri, 04 Dec 2015 05:42:14 GMT', 'content-type': 'application/json'}
        Body: {"server": {"status": "ACTIVE", "updated": "2015-12-04T05:42:12Z", "hostId": "4a6c7e6be04b7fe0b22b64832b514cce13a5f876fcd7739a5623b203", "addresses": {"tempest-network-smoke--1473571205": [{"OS-EXT-IPS-MAC:mac_addr": "fa:16:3e:6c:f1:f9", "version": 4, "addr": "10.100.0.3", "OS-EXT-IPS:type": "fixed"}]}, "links": [{"href": "http://10.0.2.15:8774/v2.1/66d718fe1c394375a35aef817c3ce9a3/servers/0cef954b-6e9d-48b3-ae2c-baac03a56edf", "rel": "self"}, {"href": "http://10.0.2.15:8774/66d718fe1c394375a35aef817c3ce9a3/servers/0cef954b-6e9d-48b3-ae2c-baac03a56edf", "rel": "bookmark"}], "key_name": "tempest-TestNetworkAdvancedServerOps-466724974", "image": {"id": "24f9f284-8a38-44c6-b7e2-a0d167c2de63", "links": [{"href": "http://10.0.2.15:8774/66d718fe1c394375a35aef817c3ce9a3/images/24f9f284-8a38-44c6-b7e2-a0d167c2de63", "rel": "bookmark"}]}, "OS-EXT-STS:task_state": null, "OS-EXT-STS:vm_state": "active", "OS-SRV-USG:launched_at": "2015-12-04T05:42:12.000000", "flavor": {"id": "42", "links": [{"href": "http://10.0.2.15:8774/66d718fe1c394375a35aef817c3ce9a3/flavors/42", "rel": "bookmark"}]}, "id": "0cef954b-6e9d-48b3-ae2c-baac03a56edf", "security_groups": [{"name": "tempest-secgroup-smoke-1159500581"}], "OS-SRV-USG:terminated_at": null, "OS-EXT-AZ:availability_zone": "nova", "user_id": "92476ad1748345358610f1c7b1f864e8", "name": "tempest.common.compute-instance-527278839", "created": "2015-12-04T05:42:08Z", "tenant_id": "66d718fe1c394375a35aef817c3ce9a3", "OS-DCF:diskConfig": "MANUAL", "os-extended-volumes:volumes_attached": [], "accessIPv4": "", "accessIPv6": "", "progress": 0, "OS-EXT-STS:power_state": 1, "config_drive": "True", "metadata": {}}}
2015-12-04 05:42:14,230 20341 INFO     [tempest.scenario.manager] Tenant networks not configured to be reachable.
2015-12-04 05:42:14,247 20341 INFO     [tempest_lib.common.rest_client] Request (TestNetworkAdvancedServerOps:test_server_connectivity_pause_unpause): 200 GET http://10.0.2.15:9696/v2.0/floatingips/0c780d7f-c5c1-4371-aa7c-86d093f88088 0.016s
2015-12-04 05:42:14,247 20341 DEBUG    [tempest_lib.common.rest_client] Request - Headers: {'Content-Type': 'application/json', 'Accept': 'application/json', 'X-Auth-Token': '&lt;omitted&gt;'}
        Body: None
    Response - Headers: {'status': '200', 'content-length': '367', 'content-location': 'http://10.0.2.15:9696/v2.0/floatingips/0c780d7f-c5c1-4371-aa7c-86d093f88088', 'connection': 'close', 'date': 'Fri, 04 Dec 2015 05:42:14 GMT', 'content-type': 'application/json; charset=UTF-8', 'x-openstack-request-id': 'req-f9637dae-2391-41b1-9ba6-b57dd3270f3d'}
        Body: {"floatingip": {"floating_network_id": "1a2a6c5a-6cc4-4940-8291-4d7c3776643a", "router_id": "bfe9964e-9500-4d90-b022-1fb8884d6647", "fixed_ip_address": "10.100.0.3", "floating_ip_address": "172.24.4.4", "tenant_id": "66d718fe1c394375a35aef817c3ce9a3", "status": "DOWN", "port_id": "cd34baa6-53da-4a02-b1ac-a9ee03a1eb7f", "id": "0c780d7f-c5c1-4371-aa7c-86d093f88088"}}
2015-12-04 05:42:15,263 20341 INFO     [tempest_lib.common.rest_client] Request (TestNetworkAdvancedServerOps:test_server_connectivity_pause_unpause): 200 GET http://10.0.2.15:9696/v2.0/floatingips/0c780d7f-c5c1-4371-aa7c-86d093f88088 0.014s
2015-12-04 05:42:15,263 20341 DEBUG    [tempest_lib.common.rest_client] Request - Headers: {'Content-Type': 'application/json', 'Accept': 'application/json', 'X-Auth-Token': '&lt;omitted&gt;'}
        Body: None
    Response - Headers: {'status': '200', 'content-length': '369', 'content-location': 'http://10.0.2.15:9696/v2.0/floatingips/0c780d7f-c5c1-4371-aa7c-86d093f88088', 'connection': 'close', 'date': 'Fri, 04 Dec 2015 05:42:15 GMT', 'content-type': 'application/json; charset=UTF-8', 'x-openstack-request-id': 'req-9161522a-d3f6-4e24-943a-85610f9b0f34'}
        Body: {"floatingip": {"floating_network_id": "1a2a6c5a-6cc4-4940-8291-4d7c3776643a", "router_id": "bfe9964e-9500-4d90-b022-1fb8884d6647", "fixed_ip_address": "10.100.0.3", "floating_ip_address": "172.24.4.4", "tenant_id": "66d718fe1c394375a35aef817c3ce9a3", "status": "ACTIVE", "port_id": "cd34baa6-53da-4a02-b1ac-a9ee03a1eb7f", "id": "0c780d7f-c5c1-4371-aa7c-86d093f88088"}}
2015-12-04 05:42:15,263 20341 INFO     [tempest.scenario.manager] FloatingIP: &lt;"FloatingIP" addr="172.24.4.4" id="0c780d7f-c5c1-4371-aa7c-86d093f88088"&gt; is at status: ACTIVE
2015-12-04 05:42:15,264 20341 DEBUG    [tempest.scenario.manager] checking network connections to IP 172.24.4.4 with user: cirros
2015-12-04 05:42:15,264 20341 DEBUG    [tempest.scenario.manager] TestNetworkAdvancedServerOps:test_server_connectivity_pause_unpause begins to ping 172.24.4.4 in 120 sec and the expected result is reachable
2015-12-04 05:44:15,611 20341 DEBUG    [tempest.scenario.manager] TestNetworkAdvancedServerOps:test_server_connectivity_pause_unpause finishes ping 172.24.4.4 in 120 sec and the ping result is unexpected
2015-12-04 05:44:15,612 20341 ERROR    [tempest.scenario.manager] Public network connectivity check failed
2015-12-04 05:44:15.612 20341 ERROR tempest.scenario.manager Traceback (most recent call last):
2015-12-04 05:44:15.612 20341 ERROR tempest.scenario.manager   File "tempest/scenario/manager.py", line 606, in check_public_network_connectivity
2015-12-04 05:44:15.612 20341 ERROR tempest.scenario.manager     should_connect=should_connect)
2015-12-04 05:44:15.612 20341 ERROR tempest.scenario.manager   File "tempest/scenario/manager.py", line 590, in check_vm_connectivity
2015-12-04 05:44:15.612 20341 ERROR tempest.scenario.manager     msg=msg)
2015-12-04 05:44:15.612 20341 ERROR tempest.scenario.manager   File "/usr/local/lib/python2.7/dist-packages/unittest2/case.py", line 702, in assertTrue
2015-12-04 05:44:15.612 20341 ERROR tempest.scenario.manager     raise self.failureException(msg)
2015-12-04 05:44:15.612 20341 ERROR tempest.scenario.manager AssertionError: False is not true : Timed out waiting for 172.24.4.4 to become reachable
2015-12-04 05:44:15.612 20341 ERROR tempest.scenario.manager 
2015-12-04 05:44:15,832 20341 INFO     [tempest_lib.common.rest_client] Request (TestNetworkAdvancedServerOps:test_server_connectivity_pause_unpause): 200 POST http://10.0.2.15:8774/v2.1/66d718fe1c394375a35aef817c3ce9a3/servers/0cef954b-6e9d-48b3-ae2c-baac03a56edf/action 0.215s
2015-12-04 05:44:15,833 20341 DEBUG    [tempest_lib.common.rest_client] Request - Headers: {'Content-Type': 'application/json', 'Accept': 'application/json', 'X-Auth-Token': '&lt;omitted&gt;'}
        Body: {"os-getConsoleOutput": {}}
    Response - Headers: {'status': '200', 'content-length': '17429', 'x-compute-request-id': 'req-32377c94-873d-4038-9696-87a5c93adbf9', 'vary': 'X-OpenStack-Nova-API-Version', 'connection': 'close', 'x-openstack-nova-api-version': '2.1', 'date': 'Fri, 04 Dec 2015 05:44:15 GMT', 'content-type': 'application/json'}
        Body: {"output": "[    0.000000] Initializing cgroup subsys cpuset\n[    0.000000] Initializing cgroup subsys cpu\n[    0.000000] Linux version 3.2.0-80-virtual (buildd@batsu) (gcc version 4.6.3 (Ubuntu/Linaro 4.6.3-1ubuntu5) ) #116-Ubuntu SMP Mon Mar 23 17:28:52 UTC 2015 (Ubuntu 3.2.0-80.116-virtual 3.2.68)\n[    0.000000] Command line: root=/dev/vda console=tty0 console=ttyS0 no_timer_check\n[    0.000000] KERNEL supported cpus:\n[    0.000000]   Intel GenuineIntel\n[    0.000000]   AMD AuthenticAMD\n[    0.000000]   Centaur CentaurHauls\n[    0.000000] BIOS-provided physical RAM map:\n[    0.000000]  BIOS-e820: 0000000000000000 - 000000000009fc00 (usable)\n[    0.000000]  BIOS-e820: 000000000009fc00 - 00000000000a0000 (reserved)\n[    0.000000]  BIOS-e820: 00000000000f0000 - 0000000000100000 (reserved)\n[    0.000000]  BIOS-e820: 0000000000100000 - 0000000003ffe000 (usable)\n[    0.000000]  BIOS-e820: 0000000003ffe000 - 0000000004000000 (reserved)\n[    0.000000]  BIOS-e820: 00000000fffc0000 - 0000000100000000 (reserved)\n[    0.000000] NX (Execute Disable) protection: active\n[    0.000000] SMBIOS 2.4 present.\n[    0.000000] No AGP bridge found\n[    0.000000] last_pfn = 0x3ffe max_arch_pfn = 0x400000000\n[    0.000000] x86 PAT enabled: cpu 0, old 0x7040600070406, new 0x7010600070106\n[    0.000000] found SMP MP-table at [ffff8800000f0b00] f0b00\n[    0.000000] init_memory_mapping: 0000000000000000-0000000003ffe000\n[    0.000000] RAMDISK: 03c5e000 - 03ff0000\n[    0.000000] ACPI: RSDP 00000000000f0950 00014 (v00 BOCHS )\n[    0.000000] ACPI: RSDT 0000000003fffbc1 00034 (v01 BOCHS  BXPCRSDT 00000001 BXPC 00000001)\n[    0.000000] ACPI: FACP 0000000003fff1c0 00074 (v01 BOCHS  BXPCFACP 00000001 BXPC 00000001)\n[    0.000000] ACPI: DSDT 0000000003ffe040 01180 (v01 BOCHS  BXPCDSDT 00000001 BXPC 00000001)\n[    0.000000] ACPI: FACS 0000000003ffe000 00040\n[    0.000000] ACPI: SSDT 0000000003fff234 008DD (v01 BOCHS  BXPCSSDT 00000001 BXPC 00000001)\n[    0.000000] ACPI: APIC 0000000003fffb11 00078 (v01 BOCHS  BXPCAPIC 00000001 BXPC 00000001)\n[    0.000000] ACPI: HPET 0000000003fffb89 00038 (v01 BOCHS  BXPCHPET 00000001 BXPC 00000001)\n[    0.000000] No NUMA configuration found\n[    0.000000] Faking a node at 0000000000000000-0000000003ffe000\n[    0.000000] Initmem setup node 0 0000000000000000-0000000003ffe000\n[    0.000000]   NODE_DATA [0000000003ff6000 - 0000000003ffafff]\n[    0.000000] Zone PFN ranges:\n[    0.000000]   DMA      0x00000010 -&gt; 0x00001000\n[    0.000000]   DMA32    0x00001000 -&gt; 0x00100000\n[    0.000000]   Normal   empty\n[    0.000000] Movable zone start PFN for each node\n[    0.000000] early_node_map[2] active PFN ranges\n[    0.000000]     0: 0x00000010 -&gt; 0x0000009f\n[    0.000000]     0: 0x00000100 -&gt; 0x00003ffe\n[    0.000000] ACPI: PM-Timer IO Port: 0xb008\n[    0.000000] ACPI: LAPIC (acpi_id[0x00] lapic_id[0x00] enabled)\n[    0.000000] ACPI: LAPIC_NMI (acpi_id[0xff] dfl dfl lint[0x1])\n[    0.000000] ACPI: IOAPIC (id[0x00] address[0xfec00000] gsi_base[0])\n[    0.000000] IOAPIC[0]: apic_id 0, version 17, address 0xfec00000, GSI 0-23\n[    0.000000] ACPI: INT_SRC_OVR (bus 0 bus_irq 0 global_irq 2 dfl dfl)\n[    0.000000] ACPI: INT_SRC_OVR (bus 0 bus_irq 5 global_irq 5 high level)\n[    0.000000] ACPI: INT_SRC_OVR (bus 0 bus_irq 9 global_irq 9 high level)\n[    0.000000] ACPI: INT_SRC_OVR (bus 0 bus_irq 10 global_irq 10 high level)\n[    0.000000] ACPI: INT_SRC_OVR (bus 0 bus_irq 11 global_irq 11 high level)\n[    0.000000] Using ACPI (MADT) for SMP configuration information\n[    0.000000] ACPI: HPET id: 0x8086a201 base: 0xfed00000\n[    0.000000] SMP: Allowing 1 CPUs, 0 hotplug CPUs\n[    0.000000] PM: Registered nosave memory: 000000000009f000 - 00000000000a0000\n[    0.000000] PM: Registered nosave memory: 00000000000a0000 - 00000000000f0000\n[    0.000000] PM: Registered nosave memory: 00000000000f0000 - 0000000000100000\n[    0.000000] Allocating PCI resources starting at 4000000 (gap: 4000000:fbfc0000)\n[    0.000000] Booting paravirtualized kernel on bare hardware\n[    0.000000] setup_pe
2015-12-04 05:44:15,835 20341 DEBUG    [tempest.scenario.manager] Console output for 0cef954b-6e9d-48b3-ae2c-baac03a56edf
body=
[    0.000000] Initializing cgroup subsys cpuset
[    0.000000] Initializing cgroup subsys cpu
[    0.000000] Linux version 3.2.0-80-virtual (buildd@batsu) (gcc version 4.6.3 (Ubuntu/Linaro 4.6.3-1ubuntu5) ) #116-Ubuntu SMP Mon Mar 23 17:28:52 UTC 2015 (Ubuntu 3.2.0-80.116-virtual 3.2.68)
[    0.000000] Command line: root=/dev/vda console=tty0 console=ttyS0 no_timer_check
[    0.000000] KERNEL supported cpus:
[    0.000000]   Intel GenuineIntel
[    0.000000]   AMD AuthenticAMD
[    0.000000]   Centaur CentaurHauls
[    0.000000] BIOS-provided physical RAM map:
[    0.000000]  BIOS-e820: 0000000000000000 - 000000000009fc00 (usable)
[    0.000000]  BIOS-e820: 000000000009fc00 - 00000000000a0000 (reserved)
[    0.000000]  BIOS-e820: 00000000000f0000 - 0000000000100000 (reserved)
[    0.000000]  BIOS-e820: 0000000000100000 - 0000000003ffe000 (usable)
[    0.000000]  BIOS-e820: 0000000003ffe000 - 0000000004000000 (reserved)
[    0.000000]  BIOS-e820: 00000000fffc0000 - 0000000100000000 (reserved)
[    0.000000] NX (Execute Disable) protection: active
[    0.000000] SMBIOS 2.4 present.
[    0.000000] No AGP bridge found
[    0.000000] last_pfn = 0x3ffe max_arch_pfn = 0x400000000
[    0.000000] x86 PAT enabled: cpu 0, old 0x7040600070406, new 0x7010600070106
[    0.000000] found SMP MP-table at [ffff8800000f0b00] f0b00
[    0.000000] init_memory_mapping: 0000000000000000-0000000003ffe000
[    0.000000] RAMDISK: 03c5e000 - 03ff0000
[    0.000000] ACPI: RSDP 00000000000f0950 00014 (v00 BOCHS )
[    0.000000] ACPI: RSDT 0000000003fffbc1 00034 (v01 BOCHS  BXPCRSDT 00000001 BXPC 00000001)
[    0.000000] ACPI: FACP 0000000003fff1c0 00074 (v01 BOCHS  BXPCFACP 00000001 BXPC 00000001)
[    0.000000] ACPI: DSDT 0000000003ffe040 01180 (v01 BOCHS  BXPCDSDT 00000001 BXPC 00000001)
[    0.000000] ACPI: FACS 0000000003ffe000 00040
[    0.000000] ACPI: SSDT 0000000003fff234 008DD (v01 BOCHS  BXPCSSDT 00000001 BXPC 00000001)
[    0.000000] ACPI: APIC 0000000003fffb11 00078 (v01 BOCHS  BXPCAPIC 00000001 BXPC 00000001)
[    0.000000] ACPI: HPET 0000000003fffb89 00038 (v01 BOCHS  BXPCHPET 00000001 BXPC 00000001)
[    0.000000] No NUMA configuration found
[    0.000000] Faking a node at 0000000000000000-0000000003ffe000
[    0.000000] Initmem setup node 0 0000000000000000-0000000003ffe000
[    0.000000]   NODE_DATA [0000000003ff6000 - 0000000003ffafff]
[    0.000000] Zone PFN ranges:
[    0.000000]   DMA      0x00000010 -&gt; 0x00001000
[    0.000000]   DMA32    0x00001000 -&gt; 0x00100000
[    0.000000]   Normal   empty
[    0.000000] Movable zone start PFN for each node
[    0.000000] early_node_map[2] active PFN ranges
[    0.000000]     0: 0x00000010 -&gt; 0x0000009f
[    0.000000]     0: 0x00000100 -&gt; 0x00003ffe
[    0.000000] ACPI: PM-Timer IO Port: 0xb008
[    0.000000] ACPI: LAPIC (acpi_id[0x00] lapic_id[0x00] enabled)
[    0.000000] ACPI: LAPIC_NMI (acpi_id[0xff] dfl dfl lint[0x1])
[    0.000000] ACPI: IOAPIC (id[0x00] address[0xfec00000] gsi_base[0])
[    0.000000] IOAPIC[0]: apic_id 0, version 17, address 0xfec00000, GSI 0-23
[    0.000000] ACPI: INT_SRC_OVR (bus 0 bus_irq 0 global_irq 2 dfl dfl)
[    0.000000] ACPI: INT_SRC_OVR (bus 0 bus_irq 5 global_irq 5 high level)
[    0.000000] ACPI: INT_SRC_OVR (bus 0 bus_irq 9 global_irq 9 high level)
[    0.000000] ACPI: INT_SRC_OVR (bus 0 bus_irq 10 global_irq 10 high level)
[    0.000000] ACPI: INT_SRC_OVR (bus 0 bus_irq 11 global_irq 11 high level)
[    0.000000] Using ACPI (MADT) for SMP configuration information
[    0.000000] ACPI: HPET id: 0x8086a201 base: 0xfed00000
[    0.000000] SMP: Allowing 1 CPUs, 0 hotplug CPUs
[    0.000000] PM: Registered nosave memory: 000000000009f000 - 00000000000a0000
[    0.000000] PM: Registered nosave memory: 00000000000a0000 - 00000000000f0000
[    0.000000] PM: Registered nosave memory: 00000000000f0000 - 0000000000100000
[    0.000000] Allocating PCI resources starting at 4000000 (gap: 4000000:fbfc0000)
[    0.000000] Booting paravirtualized kernel on bare hardware
[    0.000000] setup_percpu: NR_CPUS:64 nr_cpumask_bits:64 nr_cpu_ids:1 nr_node_ids:1
[    0.000000] PERCPU: Embedded 27 pages/cpu @ffff880003a00000 s78848 r8192 d23552 u2097152
[    0.000000] Built 1 zonelists in Node order, mobility grouping on.  Total pages: 16008
[    0.000000] Policy zone: DMA32
[    0.000000] Kernel command line: root=/dev/vda console=tty0 console=ttyS0 no_timer_check
[    0.000000] PID hash table entries: 256 (order: -1, 2048 bytes)
[    0.000000] Checking aperture...
[    0.000000] No AGP bridge found
[    0.000000] Memory: 43492k/65528k available (6576k kernel code, 452k absent, 21584k reserved, 6620k data, 928k init)
[    0.000000] SLUB: Genslabs=15, HWalign=64, Order=0-3, MinObjects=0, CPUs=1, Nodes=1
[    0.000000] Hierarchical RCU implementation.
[    0.000000] 	RCU dyntick-idle grace-period acceleration is enabled.
[    0.000000] NR_IRQS:4352 nr_irqs:256 16
[    0.000000] Console: colour VGA+ 80x25
[    0.000000] console [tty0] enabled
[    0.000000] console [ttyS0] enabled
[    0.000000] allocated 1048576 bytes of page_cgroup
[    0.000000] please try 'cgroup_disable=memory' option if you don't want memory cgroups
[    0.000000] Fast TSC calibration failed
[    0.000000] TSC: Unable to calibrate against PIT
[    0.000000] TSC: using HPET reference calibration
[    0.000000] Detected 2293.443 MHz processor.
[    0.034693] Calibrating delay loop (skipped), value calculated using timer frequency.. 4586.88 BogoMIPS (lpj=9173772)
[    0.038055] pid_max: default: 32768 minimum: 301
[    0.052135] Security Framework initialized
[    0.056707] AppArmor: AppArmor initialized
[    0.057375] Yama: becoming mindful.
[    0.065567] Dentry cache hash table entries: 8192 (order: 4, 65536 bytes)
[    0.068003] Inode-cache hash table entries: 4096 (order: 3, 32768 bytes)
[    0.068672] Mount-cache hash table entries: 256
[    0.087453] Initializing cgroup subsys cpuacct
[    0.088335] Initializing cgroup subsys memory
[    0.089658] Initializing cgroup subsys devices
[    0.090630] Initializing cgroup subsys freezer
[    0.092138] Initializing cgroup subsys blkio
[    0.092868] Initializing cgroup subsys perf_event
[    0.094940] mce: CPU supports 10 MCE banks
[    0.102097] SMP alternatives: switching to UP code
[    0.527679] Freeing SMP alternatives: 24k freed
[    0.528789] ACPI: Core revision 20110623
[    0.580100] ftrace: allocating 26610 entries in 105 pages
[    0.612037] ..TIMER: vector=0x30 apic1=0 pin1=2 apic2=-1 pin2=-1
[    0.612165] CPU0: AMD QEMU Virtual CPU version 2.0.0 stepping 03
[    0.616037] Performance Events: Broken PMU hardware detected, using software events only.
[    0.627586] NMI watchdog disabled (cpu0): hardware events not enabled
[    0.628830] Brought up 1 CPUs
[    0.629387] Total of 1 processors activated (4586.88 BogoMIPS).
[    0.654285] devtmpfs: initialized
[    0.683170] EVM: security.selinux
[    0.684088] EVM: security.SMACK64
[    0.684664] EVM: security.capability
[    0.703524] print_constraints: dummy: 
[    0.705602] RTC time:  5:42:15, date: 12/04/15
[    0.709093] NET: Registered protocol family 16
[    0.716557] ACPI: bus type pci registered
[    0.720595] PCI: Using configuration type 1 for base access
[    0.753446] bio: create slab &lt;bio-0&gt; at 0
[    0.757493] ACPI: Added _OSI(Module Device)
[    0.760143] ACPI: Added _OSI(Processor Device)
[    0.760812] ACPI: Added _OSI(3.0 _SCP Extensions)
[    0.761450] ACPI: Added _OSI(Processor Aggregator Device)
[    0.829644] ACPI: Interpreter enabled
[    0.830251] ACPI: (supports S0 S3 S4 S5)
[    0.832977] ACPI: Using IOAPIC for interrupt routing
[    0.911284] ACPI: No dock devices found.
[    0.912191] HEST: Table not found.
[    0.912799] PCI: Using host bridge windows from ACPI; if necessary, use "pci=nocrs" and report a bug
[    0.918925] ACPI: PCI Root Bridge [PCI0] (domain 0000 [bus 00-ff])
[    0.926580] pci_root PNP0A03:00: host bridge window [io  0x0000-0x0cf7]
[    0.928167] pci_root PNP0A03:00: host bridge window [io  0x0d00-0xadff]
[    0.929144] pci_root PNP0A03:00: host bridge window [io  0xae0f-0xaeff]
[    0.929984] pci_root PNP0A03:00: host bridge window [io  0xaf20-0xafdf]
[    0.930786] pci_root PNP0A03:00: host bridge window [io  0xafe4-0xffff]
[    0.931623] pci_root PNP0A03:00: host bridge window [mem 0x000a0000-0x000bffff]
[    0.932117] pci_root PNP0A03:00: host bridge window [mem 0x04000000-0xfebfffff]
[    0.957336] pci 0000:00:01.3: quirk: [io  0xb000-0xb03f] claimed by PIIX4 ACPI
[    0.958465] pci 0000:00:01.3: quirk: [io  0xb100-0xb10f] claimed by PIIX4 SMB
[    1.025830]  pci0000:00: Unable to request _OSC control (_OSC support mask: 0x1e)
[    1.077638] ACPI: PCI Interrupt Link [LNKA] (IRQs 5 *10 11)
[    1.080760] ACPI: PCI Interrupt Link [LNKB] (IRQs 5 *10 11)
[    1.082473] ACPI: PCI Interrupt Link [LNKC] (IRQs 5 10 *11)
[    1.084789] ACPI: PCI Interrupt Link [LNKD] (IRQs 5 10 *11)
[    1.086120] ACPI: PCI Interrupt Link [LNKS] (IRQs *9)
[    1.092660] vgaarb: device added: PCI:0000:00:02.0,decodes=io+mem,owns=io+mem,locks=none
[    1.093665] vgaarb: loaded
[    1.094024] vgaarb: bridge control possible 0000:00:02.0
[    1.097628] i2c-core: driver [aat2870] using legacy suspend method
[    1.098333] i2c-core: driver [aat2870] using legacy resume method
[    1.101579] SCSI subsystem initialized
[    1.104643] usbcore: registered new interface driver usbfs
[    1.105727] usbcore: registered new interface driver hub
[    1.106851] usbcore: registered new device driver usb
[    1.110853] PCI: Using ACPI for IRQ routing
[    1.122412] NetLabel: Initializing
[    1.122985] NetLabel:  domain hash size = 128
[    1.123453] NetLabel:  protocols = UNLABELED CIPSOv4
[    1.125537] NetLabel:  unlabeled traffic allowed by default
[    1.128686] HPET: 3 timers in total, 0 timers will be used for per-cpu timer
[    1.129834] hpet0: at MMIO 0xfed00000, IRQs 2, 8, 0
[    1.130633] hpet0: 3 comparators, 64-bit 100.000000 MHz counter
[    1.145935] Switching to clocksource hpet
[    1.362326] AppArmor: AppArmor Filesystem Enabled
[    1.363691] pnp: PnP ACPI init
[    1.365127] ACPI: bus type pnp registered
[    1.383487] pnp: PnP ACPI: found 9 devices
[    1.384118] ACPI: ACPI bus type pnp unregistered
[    1.442615] NET: Registered protocol family 2
[    1.478265] IP route cache hash table entries: 512 (order: 0, 4096 bytes)
[    1.486627] TCP established hash table entries: 2048 (order: 3, 32768 bytes)
[    1.488874] TCP bind hash table entries: 2048 (order: 3, 32768 bytes)
[    1.489834] TCP: Hash tables configured (established 2048 bind 2048)
[    1.490635] TCP reno registered
[    1.491125] UDP hash table entries: 128 (order: 0, 4096 bytes)
[    1.492038] UDP-Lite hash table entries: 128 (order: 0, 4096 bytes)
[    1.495528] NET: Registered protocol family 1
[    1.497631] pci 0000:00:00.0: Limiting direct PCI/PCI transfers
[    1.498363] pci 0000:00:01.0: PIIX3: Enabling Passive Release
[    1.499722] pci 0000:00:01.0: Activating ISA DMA hang workarounds
[    1.505312] ACPI: PCI Interrupt Link [LNKD] enabled at IRQ 11
[    1.506335] pci 0000:00:01.2: PCI INT D -&gt; Link[LNKD] -&gt; GSI 11 (level, high) -&gt; IRQ 11
[    1.508717] pci 0000:00:01.2: PCI INT D disabled
[    1.534057] Trying to unpack rootfs image as initramfs...
[    1.586120] audit: initializing netlink socket (disabled)
[    1.587928] type=2000 audit(1449207735.584:1): initialized
[    1.827415] HugeTLB registered 2 MB page size, pre-allocated 0 pages
[    1.899510] VFS: Disk quotas dquot_6.5.2
[    1.901655] Dquot-cache hash table entries: 512 (order 0, 4096 bytes)
[    1.922073] fuse init (API version 7.17)
[    1.938266] msgmni has been set to 84
[    1.975476] Block layer SCSI generic (bsg) driver version 0.4 loaded (major 253)
[    1.985598] io scheduler noop registered
[    1.986142] io scheduler deadline registered (default)
[    1.987160] io scheduler cfq registered
[    1.991597] pci_hotplug: PCI Hot Plug PCI Core version: 0.5
[    1.993831] pciehp: PCI Express Hot Plug Controller Driver version: 0.4
[    1.998950] input: Power Button as /devices/LNXSYSTM:00/LNXPWRBN:00/input/input0
[    2.001441] ACPI: Power Button [PWRF]
[    2.046127] ERST: Table is not found!
[    2.046648] GHES: HEST is not enabled!
[    2.055190] ACPI: PCI Interrupt Link [LNKC] enabled at IRQ 10
[    2.057959] virtio-pci 0000:00:03.0: PCI INT A -&gt; Link[LNKC] -&gt; GSI 10 (level, high) -&gt; IRQ 10
[    2.065671] virtio-pci 0000:00:04.0: PCI INT A -&gt; Link[LNKD] -&gt; GSI 11 (level, high) -&gt; IRQ 11
[    2.090403] ACPI: PCI Interrupt Link [LNKA] enabled at IRQ 10
[    2.091069] virtio-pci 0000:00:05.0: PCI INT A -&gt; Link[LNKA] -&gt; GSI 10 (level, high) -&gt; IRQ 10
[    2.096642] Serial: 8250/16550 driver, 32 ports, IRQ sharing enabled
[    2.138079] serial8250: ttyS0 at I/O 0x3f8 (irq = 4) is a 16550A
[    2.227869] serial8250: ttyS1 at I/O 0x2f8 (irq = 3) is a 16550A
[    2.367744] 00:05: ttyS0 at I/O 0x3f8 (irq = 4) is a 16550A
[    2.450747] 00:06: ttyS1 at I/O 0x2f8 (irq = 3) is a 16550A
[    2.502061] Linux agpgart interface v0.103
[    2.514507] Refined TSC clocksource calibration: 2293.575 MHz.
[    2.517093] Switching to clocksource tsc
[    2.577466] brd: module loaded
[    2.606832] loop: module loaded
[    2.657791]  vda: unknown partition table
[    2.709309] scsi0 : ata_piix
[    2.717293] scsi1 : ata_piix
[    2.718548] ata1: PATA max MWDMA2 cmd 0x1f0 ctl 0x3f6 bmdma 0xc0a0 irq 14
[    2.719492] ata2: PATA max MWDMA2 cmd 0x170 ctl 0x376 bmdma 0xc0a8 irq 15
[    2.730497] Fixed MDIO Bus: probed
[    2.731123] tun: Universal TUN/TAP device driver, 1.6
[    2.731737] tun: (C) 1999-2004 Max Krasnyansky &lt;maxk@qualcomm.com&gt;
[    2.745965] PPP generic driver version 2.4.2
[    2.768129] ehci_hcd: USB 2.0 'Enhanced' Host Controller (EHCI) Driver
[    2.770028] ohci_hcd: USB 1.1 'Open' Host Controller (OHCI) Driver
[    2.771127] uhci_hcd: USB Universal Host Controller Interface driver
[    2.773180] uhci_hcd 0000:00:01.2: PCI INT D -&gt; Link[LNKD] -&gt; GSI 11 (level, high) -&gt; IRQ 11
[    2.775545] uhci_hcd 0000:00:01.2: UHCI Host Controller
[    2.789537] uhci_hcd 0000:00:01.2: new USB bus registered, assigned bus number 1
[    2.790835] uhci_hcd 0000:00:01.2: irq 11, io base 0x0000c040
[    2.822477] hub 1-0:1.0: USB hub found
[    2.825579] hub 1-0:1.0: 2 ports detected
[    2.837193] usbcore: registered new interface driver libusual
[    2.839884] i8042: PNP: PS/2 Controller [PNP0303:KBD,PNP0f13:MOU] at 0x60,0x64 irq 1,12
[    2.849192] serio: i8042 KBD port at 0x60,0x64 irq 1
[    2.850732] serio: i8042 AUX port at 0x60,0x64 irq 12
[    2.862886] mousedev: PS/2 mouse device common for all mice
[    2.870044] rtc_cmos 00:01: RTC can wake from S4
[    2.882292] rtc_cmos 00:01: rtc core: registered rtc_cmos as rtc0
[    2.885774] rtc0: alarms up to one day, 114 bytes nvram, hpet irqs
[    2.889331] device-mapper: uevent: version 1.0.3
[    2.905462] device-mapper: ioctl: 4.22.0-ioctl (2011-10-19) initialised: dm-devel@redhat.com
[    2.909310] cpuidle: using governor ladder
[    2.910858] cpuidle: using governor menu
[    2.911739] EFI Variables Facility v0.08 2004-May-17
[    2.927541] TCP cubic registered
[    2.931752] NET: Registered protocol family 10
[    2.956577] NET: Registered protocol family 17
[    2.958290] Registering the dns_resolver key type
[    2.991907] registered taskstats version 1
[    3.013239] input: AT Translated Set 2 keyboard as /devices/platform/i8042/serio0/input/input1
[    3.054166] ata2.01: ATAPI: QEMU DVD-ROM, 2.0.0, max UDMA/100
[    3.061723] ata2.01: configured for MWDMA2
[    3.095745] scsi 1:0:1:0: CD-ROM            QEMU     QEMU DVD-ROM     2.0. PQ: 0 ANSI: 5
[    3.130244] sr0: scsi3-mmc drive: 4x/4x cd/rw xa/form2 tray
[    3.131697] cdrom: Uniform CD-ROM driver Revision: 3.20
[    3.156372] sr 1:0:1:0: Attached scsi generic sg0 type 5
[    3.281105] Freeing initrd memory: 3656k freed
[    3.805233]   Magic number: 11:548:718
[    3.814696] rtc_cmos 00:01: setting system clock to 2015-12-04 05:42:18 UTC (1449207738)
[    3.817199] powernow-k8: Processor cpuid 663 not supported
[    3.825247] BIOS EDD facility v0.16 2004-Jun-25, 0 devices found
[    3.826740] EDD information not available.
[    3.904003] Freeing unused kernel memory: 928k freed
[    3.907730] Write protecting the kernel read-only data: 12288k
[    4.015928] Freeing unused kernel memory: 1596k freed
[    4.099158] Freeing unused kernel memory: 1184k freed

info: initramfs: up at 4.29
modprobe: module virtio_blk not found in modules.dep
modprobe: module virtio_net not found in modules.dep
info: copying initramfs to /dev/vda
info: initramfs loading root from /dev/vda
info: /etc/init.d/rc.sysinit: up at 8.95
info: container: none
Starting logging: OK
modprobe: module virtio_blk not found in modules.dep
modprobe: module virtio_net not found in modules.dep
WARN: /etc/rc3.d/S10-load-modules failed
Initializing random number generator... done.
Starting acpid: OK
cirros-ds 'local' up at 11.31
found datasource (configdrive, local)
Starting network...
udhcpc (v1.20.1) started
Sending discover...
Sending discover...

2015-12-04 05:44:16,115 20341 INFO     [tempest_lib.common.rest_client] Request (TestNetworkAdvancedServerOps:_run_cleanups): 204 DELETE http://10.0.2.15:9696/v2.0/floatingips/0c780d7f-c5c1-4371-aa7c-86d093f88088 0.274s
2015-12-04 05:44:16,116 20341 DEBUG    [tempest_lib.common.rest_client] Request - Headers: {'Content-Type': 'application/json', 'Accept': 'application/json', 'X-Auth-Token': '&lt;omitted&gt;'}
        Body: None
    Response - Headers: {'date': 'Fri, 04 Dec 2015 05:44:16 GMT', 'status': '204', 'connection': 'close', 'content-length': '0', 'x-openstack-request-id': 'req-27550955-1084-4927-940a-d8bf6324696f'}
        Body: 
2015-12-04 05:44:16,501 20341 INFO     [tempest_lib.common.rest_client] Request (TestNetworkAdvancedServerOps:_run_cleanups): 204 DELETE http://10.0.2.15:8774/v2.1/66d718fe1c394375a35aef817c3ce9a3/servers/0cef954b-6e9d-48b3-ae2c-baac03a56edf 0.385s
2015-12-04 05:44:16,502 20341 DEBUG    [tempest_lib.common.rest_client] Request - Headers: {'Content-Type': 'application/json', 'Accept': 'application/json', 'X-Auth-Token': '&lt;omitted&gt;'}
        Body: None
    Response - Headers: {'status': '204', 'content-length': '0', 'x-compute-request-id': 'req-b0e6cdf8-42b9-4d6a-b161-b051690911d8', 'vary': 'X-OpenStack-Nova-API-Version', 'connection': 'close', 'x-openstack-nova-api-version': '2.1', 'date': 'Fri, 04 Dec 2015 05:44:16 GMT', 'content-type': 'application/json'}
        Body: 
2015-12-04 05:44:16,749 20341 INFO     [tempest_lib.common.rest_client] Request (TestNetworkAdvancedServerOps:_run_cleanups): 200 GET http://10.0.2.15:8774/v2.1/66d718fe1c394375a35aef817c3ce9a3/servers/0cef954b-6e9d-48b3-ae2c-baac03a56edf 0.245s
2015-12-04 05:44:16,749 20341 DEBUG    [tempest_lib.common.rest_client] Request - Headers: {'Content-Type': 'application/json', 'Accept': 'application/json', 'X-Auth-Token': '&lt;omitted&gt;'}
        Body: None
    Response - Headers: {'status': '200', 'content-length': '1784', 'content-location': 'http://10.0.2.15:8774/v2.1/66d718fe1c394375a35aef817c3ce9a3/servers/0cef954b-6e9d-48b3-ae2c-baac03a56edf', 'x-compute-request-id': 'req-54bce41d-d80a-4f68-bcd2-c4bbff91e04c', 'vary': 'X-OpenStack-Nova-API-Version', 'connection': 'close', 'x-openstack-nova-api-version': '2.1', 'date': 'Fri, 04 Dec 2015 05:44:16 GMT', 'content-type': 'application/json'}
        Body: {"server": {"status": "ACTIVE", "updated": "2015-12-04T05:44:16Z", "hostId": "4a6c7e6be04b7fe0b22b64832b514cce13a5f876fcd7739a5623b203", "addresses": {"tempest-network-smoke--1473571205": [{"OS-EXT-IPS-MAC:mac_addr": "fa:16:3e:6c:f1:f9", "version": 4, "addr": "10.100.0.3", "OS-EXT-IPS:type": "fixed"}, {"OS-EXT-IPS-MAC:mac_addr": "fa:16:3e:6c:f1:f9", "version": 4, "addr": "172.24.4.4", "OS-EXT-IPS:type": "floating"}]}, "links": [{"href": "http://10.0.2.15:8774/v2.1/66d718fe1c394375a35aef817c3ce9a3/servers/0cef954b-6e9d-48b3-ae2c-baac03a56edf", "rel": "self"}, {"href": "http://10.0.2.15:8774/66d718fe1c394375a35aef817c3ce9a3/servers/0cef954b-6e9d-48b3-ae2c-baac03a56edf", "rel": "bookmark"}], "key_name": "tempest-TestNetworkAdvancedServerOps-466724974", "image": {"id": "24f9f284-8a38-44c6-b7e2-a0d167c2de63", "links": [{"href": "http://10.0.2.15:8774/66d718fe1c394375a35aef817c3ce9a3/images/24f9f284-8a38-44c6-b7e2-a0d167c2de63", "rel": "bookmark"}]}, "OS-EXT-STS:task_state": "deleting", "OS-EXT-STS:vm_state": "active", "OS-SRV-USG:launched_at": "2015-12-04T05:42:12.000000", "flavor": {"id": "42", "links": [{"href": "http://10.0.2.15:8774/66d718fe1c394375a35aef817c3ce9a3/flavors/42", "rel": "bookmark"}]}, "id": "0cef954b-6e9d-48b3-ae2c-baac03a56edf", "security_groups": [{"name": "tempest-secgroup-smoke-1159500581"}], "OS-SRV-USG:terminated_at": null, "OS-EXT-AZ:availability_zone": "nova", "user_id": "92476ad1748345358610f1c7b1f864e8", "name": "tempest.common.compute-instance-527278839", "created": "2015-12-04T05:42:08Z", "tenant_id": "66d718fe1c394375a35aef817c3ce9a3", "OS-DCF:diskConfig": "MANUAL", "os-extended-volumes:volumes_attached": [], "accessIPv4": "", "accessIPv6": "", "progress": 0, "OS-EXT-STS:power_state": 1, "config_drive": "True", "metadata": {}}}
2015-12-04 05:44:17,937 20341 INFO     [tempest_lib.common.rest_client] Request (TestNetworkAdvancedServerOps:_run_cleanups): 200 GET http://10.0.2.15:8774/v2.1/66d718fe1c394375a35aef817c3ce9a3/servers/0cef954b-6e9d-48b3-ae2c-baac03a56edf 0.172s
2015-12-04 05:44:17,937 20341 DEBUG    [tempest_lib.common.rest_client] Request - Headers: {'Content-Type': 'application/json', 'Accept': 'application/json', 'X-Auth-Token': '&lt;omitted&gt;'}
        Body: None
    Response - Headers: {'status': '200', 'content-length': '1716', 'content-location': 'http://10.0.2.15:8774/v2.1/66d718fe1c394375a35aef817c3ce9a3/servers/0cef954b-6e9d-48b3-ae2c-baac03a56edf', 'x-compute-request-id': 'req-d910bbde-1ba9-4f1b-985c-5aa7046cf142', 'vary': 'X-OpenStack-Nova-API-Version', 'connection': 'close', 'x-openstack-nova-api-version': '2.1', 'date': 'Fri, 04 Dec 2015 05:44:17 GMT', 'content-type': 'application/json'}
        Body: {"server": {"status": "ACTIVE", "updated": "2015-12-04T05:44:17Z", "hostId": "4a6c7e6be04b7fe0b22b64832b514cce13a5f876fcd7739a5623b203", "addresses": {"tempest-network-smoke--1473571205": [{"OS-EXT-IPS-MAC:mac_addr": "fa:16:3e:6c:f1:f9", "version": 4, "addr": "10.100.0.3", "OS-EXT-IPS:type": "fixed"}, {"OS-EXT-IPS-MAC:mac_addr": "fa:16:3e:6c:f1:f9", "version": 4, "addr": "172.24.4.4", "OS-EXT-IPS:type": "floating"}]}, "links": [{"href": "http://10.0.2.15:8774/v2.1/66d718fe1c394375a35aef817c3ce9a3/servers/0cef954b-6e9d-48b3-ae2c-baac03a56edf", "rel": "self"}, {"href": "http://10.0.2.15:8774/66d718fe1c394375a35aef817c3ce9a3/servers/0cef954b-6e9d-48b3-ae2c-baac03a56edf", "rel": "bookmark"}], "key_name": "tempest-TestNetworkAdvancedServerOps-466724974", "image": {"id": "24f9f284-8a38-44c6-b7e2-a0d167c2de63", "links": [{"href": "http://10.0.2.15:8774/66d718fe1c394375a35aef817c3ce9a3/images/24f9f284-8a38-44c6-b7e2-a0d167c2de63", "rel": "bookmark"}]}, "OS-EXT-STS:task_state": "deleting", "OS-EXT-STS:vm_state": "active", "OS-SRV-USG:launched_at": "2015-12-04T05:42:12.000000", "flavor": {"id": "42", "links": [{"href": "http://10.0.2.15:8774/66d718fe1c394375a35aef817c3ce9a3/flavors/42", "rel": "bookmark"}]}, "id": "0cef954b-6e9d-48b3-ae2c-baac03a56edf", "OS-SRV-USG:terminated_at": null, "OS-EXT-AZ:availability_zone": "nova", "user_id": "92476ad1748345358610f1c7b1f864e8", "name": "tempest.common.compute-instance-527278839", "created": "2015-12-04T05:42:08Z", "tenant_id": "66d718fe1c394375a35aef817c3ce9a3", "OS-DCF:diskConfig": "MANUAL", "os-extended-volumes:volumes_attached": [], "accessIPv4": "", "accessIPv6": "", "progress": 0, "OS-EXT-STS:power_state": 1, "config_drive": "True", "metadata": {}}}
2015-12-04 05:44:19,047 20341 INFO     [tempest_lib.common.rest_client] Request (TestNetworkAdvancedServerOps:_run_cleanups): 404 GET http://10.0.2.15:8774/v2.1/66d718fe1c394375a35aef817c3ce9a3/servers/0cef954b-6e9d-48b3-ae2c-baac03a56edf 0.099s
2015-12-04 05:44:19,048 20341 DEBUG    [tempest_lib.common.rest_client] Request - Headers: {'Content-Type': 'application/json', 'Accept': 'application/json', 'X-Auth-Token': '&lt;omitted&gt;'}
        Body: None
    Response - Headers: {'status': '404', 'content-length': '111', 'x-compute-request-id': 'req-946eb800-0872-4b60-895b-193486258529', 'vary': 'X-OpenStack-Nova-API-Version', 'connection': 'close', 'x-openstack-nova-api-version': '2.1', 'date': 'Fri, 04 Dec 2015 05:44:19 GMT', 'content-type': 'application/json; charset=UTF-8'}
        Body: {"itemNotFound": {"message": "Instance 0cef954b-6e9d-48b3-ae2c-baac03a56edf could not be found.", "code": 404}}
2015-12-04 05:44:19,572 20341 INFO     [tempest_lib.common.rest_client] Request (TestNetworkAdvancedServerOps:_run_cleanups): 200 PUT http://10.0.2.15:9696/v2.0/routers/bfe9964e-9500-4d90-b022-1fb8884d6647/remove_router_interface 0.522s
2015-12-04 05:44:19,573 20341 DEBUG    [tempest_lib.common.rest_client] Request - Headers: {'Content-Type': 'application/json', 'Accept': 'application/json', 'X-Auth-Token': '&lt;omitted&gt;'}
        Body: {"subnet_id": "999989c6-83f2-4d18-8456-cba286ab2b49"}
    Response - Headers: {'status': '200', 'content-length': '255', 'connection': 'close', 'date': 'Fri, 04 Dec 2015 05:44:19 GMT', 'content-type': 'application/json; charset=UTF-8', 'x-openstack-request-id': 'req-60a07324-8226-4895-bbdf-9cbff0d4d42d'}
        Body: {"subnet_id": "999989c6-83f2-4d18-8456-cba286ab2b49", "tenant_id": "66d718fe1c394375a35aef817c3ce9a3", "subnet_ids": ["999989c6-83f2-4d18-8456-cba286ab2b49"], "port_id": "c1a279bf-14e7-4612-b2e1-cf3504f29546", "id": "bfe9964e-9500-4d90-b022-1fb8884d6647"}
2015-12-04 05:44:20,088 20341 INFO     [tempest_lib.common.rest_client] Request (TestNetworkAdvancedServerOps:_run_cleanups): 204 DELETE http://10.0.2.15:9696/v2.0/subnets/999989c6-83f2-4d18-8456-cba286ab2b49 0.513s
2015-12-04 05:44:20,089 20341 DEBUG    [tempest_lib.common.rest_client] Request - Headers: {'Content-Type': 'application/json', 'Accept': 'application/json', 'X-Auth-Token': '&lt;omitted&gt;'}
        Body: None
    Response - Headers: {'date': 'Fri, 04 Dec 2015 05:44:20 GMT', 'status': '204', 'connection': 'close', 'content-length': '0', 'x-openstack-request-id': 'req-3585967e-8e26-4e82-b308-56daf707d511'}
        Body: 
2015-12-04 05:44:20,136 20341 INFO     [tempest_lib.common.rest_client] Request (TestNetworkAdvancedServerOps:_run_cleanups): 200 GET http://10.0.2.15:9696/v2.0/routers/bfe9964e-9500-4d90-b022-1fb8884d6647 0.046s
2015-12-04 05:44:20,137 20341 DEBUG    [tempest_lib.common.rest_client] Request - Headers: {'Content-Type': 'application/json', 'Accept': 'application/json', 'X-Auth-Token': '&lt;omitted&gt;'}
        Body: None
    Response - Headers: {'status': '200', 'content-length': '500', 'content-location': 'http://10.0.2.15:9696/v2.0/routers/bfe9964e-9500-4d90-b022-1fb8884d6647', 'connection': 'close', 'date': 'Fri, 04 Dec 2015 05:44:20 GMT', 'content-type': 'application/json; charset=UTF-8', 'x-openstack-request-id': 'req-dfb107a0-21b7-462a-ad26-773a10f9ff3b'}
        Body: {"router": {"status": "ACTIVE", "external_gateway_info": {"network_id": "1a2a6c5a-6cc4-4940-8291-4d7c3776643a", "enable_snat": true, "external_fixed_ips": [{"subnet_id": "2af3e464-93a8-4c36-aaa5-f8e41c45d8dc", "ip_address": "172.24.4.3"}, {"subnet_id": "d896daf3-0970-4f77-91f8-49722a909d3f", "ip_address": "2001:db8::4"}]}, "name": "tempest-router-smoke-425642597", "admin_state_up": true, "tenant_id": "66d718fe1c394375a35aef817c3ce9a3", "routes": [], "id": "bfe9964e-9500-4d90-b022-1fb8884d6647"}}
2015-12-04 05:44:20,616 20341 INFO     [tempest_lib.common.rest_client] Request (TestNetworkAdvancedServerOps:_run_cleanups): 200 PUT http://10.0.2.15:9696/v2.0/routers/bfe9964e-9500-4d90-b022-1fb8884d6647 0.478s
2015-12-04 05:44:20,617 20341 DEBUG    [tempest_lib.common.rest_client] Request - Headers: {'Content-Type': 'application/json', 'Accept': 'application/json', 'X-Auth-Token': '&lt;omitted&gt;'}
        Body: {"router": {"external_gateway_info": {}, "name": "tempest-router-smoke-425642597", "admin_state_up": true}}
    Response - Headers: {'status': '200', 'content-length': '238', 'connection': 'close', 'date': 'Fri, 04 Dec 2015 05:44:20 GMT', 'content-type': 'application/json; charset=UTF-8', 'x-openstack-request-id': 'req-d4c4c11e-b4b5-4271-9e0b-38405819f4fe'}
        Body: {"router": {"status": "ACTIVE", "external_gateway_info": null, "name": "tempest-router-smoke-425642597", "admin_state_up": true, "tenant_id": "66d718fe1c394375a35aef817c3ce9a3", "routes": [], "id": "bfe9964e-9500-4d90-b022-1fb8884d6647"}}
2015-12-04 05:44:20,842 20341 INFO     [tempest_lib.common.rest_client] Request (TestNetworkAdvancedServerOps:_run_cleanups): 204 DELETE http://10.0.2.15:9696/v2.0/routers/bfe9964e-9500-4d90-b022-1fb8884d6647 0.223s
2015-12-04 05:44:20,842 20341 DEBUG    [tempest_lib.common.rest_client] Request - Headers: {'Content-Type': 'application/json', 'Accept': 'application/json', 'X-Auth-Token': '&lt;omitted&gt;'}
        Body: None
    Response - Headers: {'date': 'Fri, 04 Dec 2015 05:44:20 GMT', 'status': '204', 'connection': 'close', 'content-length': '0', 'x-openstack-request-id': 'req-6259bb97-3c2e-4eed-9ed3-84993133e885'}
        Body: 
2015-12-04 05:44:21,056 20341 INFO     [tempest_lib.common.rest_client] Request (TestNetworkAdvancedServerOps:_run_cleanups): 204 DELETE http://10.0.2.15:9696/v2.0/networks/c6552d95-b384-4063-b5c6-a752ff740c2c 0.212s
2015-12-04 05:44:21,056 20341 DEBUG    [tempest_lib.common.rest_client] Request - Headers: {'Content-Type': 'application/json', 'Accept': 'application/json', 'X-Auth-Token': '&lt;omitted&gt;'}
        Body: None
    Response - Headers: {'date': 'Fri, 04 Dec 2015 05:44:21 GMT', 'status': '204', 'connection': 'close', 'content-length': '0', 'x-openstack-request-id': 'req-106fc058-72fd-4394-91ff-046495a7e491'}
        Body: 
2015-12-04 05:44:21,123 20341 INFO     [tempest_lib.common.rest_client] Request (TestNetworkAdvancedServerOps:_run_cleanups): 204 DELETE http://10.0.2.15:9696/v2.0/security-group-rules/f311bf5f-f1c8-4032-9549-a257c74922e8 0.065s
2015-12-04 05:44:21,123 20341 DEBUG    [tempest_lib.common.rest_client] Request - Headers: {'Content-Type': 'application/json', 'Accept': 'application/json', 'X-Auth-Token': '&lt;omitted&gt;'}
        Body: None
    Response - Headers: {'date': 'Fri, 04 Dec 2015 05:44:21 GMT', 'status': '204', 'connection': 'close', 'content-length': '0', 'x-openstack-request-id': 'req-2a67a342-7f62-49ba-b562-c3f860c4b84c'}
        Body: 
2015-12-04 05:44:21,186 20341 INFO     [tempest_lib.common.rest_client] Request (TestNetworkAdvancedServerOps:_run_cleanups): 204 DELETE http://10.0.2.15:9696/v2.0/security-group-rules/64bea11e-8b12-435b-9f41-b1a64d11bcfd 0.061s
2015-12-04 05:44:21,186 20341 DEBUG    [tempest_lib.common.rest_client] Request - Headers: {'Content-Type': 'application/json', 'Accept': 'application/json', 'X-Auth-Token': '&lt;omitted&gt;'}
        Body: None
    Response - Headers: {'date': 'Fri, 04 Dec 2015 05:44:21 GMT', 'status': '204', 'connection': 'close', 'content-length': '0', 'x-openstack-request-id': 'req-0248f401-50c7-4e28-bb53-082c31193ca2'}
        Body: 
2015-12-04 05:44:21,248 20341 INFO     [tempest_lib.common.rest_client] Request (TestNetworkAdvancedServerOps:_run_cleanups): 204 DELETE http://10.0.2.15:9696/v2.0/security-group-rules/1685e863-ad70-4129-9b14-8d14986b5a05 0.060s
2015-12-04 05:44:21,249 20341 DEBUG    [tempest_lib.common.rest_client] Request - Headers: {'Content-Type': 'application/json', 'Accept': 'application/json', 'X-Auth-Token': '&lt;omitted&gt;'}
        Body: None
    Response - Headers: {'date': 'Fri, 04 Dec 2015 05:44:21 GMT', 'status': '204', 'connection': 'close', 'content-length': '0', 'x-openstack-request-id': 'req-48e44cd8-2a44-4c3c-8a0f-1802b258b4db'}
        Body: 
2015-12-04 05:44:21,310 20341 INFO     [tempest_lib.common.rest_client] Request (TestNetworkAdvancedServerOps:_run_cleanups): 204 DELETE http://10.0.2.15:9696/v2.0/security-group-rules/336b76ea-e028-45b3-b913-70efa7fe8421 0.060s
2015-12-04 05:44:21,310 20341 DEBUG    [tempest_lib.common.rest_client] Request - Headers: {'Content-Type': 'application/json', 'Accept': 'application/json', 'X-Auth-Token': '&lt;omitted&gt;'}
        Body: None
    Response - Headers: {'date': 'Fri, 04 Dec 2015 05:44:21 GMT', 'status': '204', 'connection': 'close', 'content-length': '0', 'x-openstack-request-id': 'req-ac13dfd7-78db-4dc4-920d-f89df3e9d9c6'}
        Body: 
2015-12-04 05:44:21,361 20341 INFO     [tempest_lib.common.rest_client] Request (TestNetworkAdvancedServerOps:_run_cleanups): 204 DELETE http://10.0.2.15:9696/v2.0/security-group-rules/9a154558-2065-4090-be87-2d46f3aacf89 0.050s
2015-12-04 05:44:21,361 20341 DEBUG    [tempest_lib.common.rest_client] Request - Headers: {'Content-Type': 'application/json', 'Accept': 'application/json', 'X-Auth-Token': '&lt;omitted&gt;'}
        Body: None
    Response - Headers: {'date': 'Fri, 04 Dec 2015 05:44:21 GMT', 'status': '204', 'connection': 'close', 'content-length': '0', 'x-openstack-request-id': 'req-f01272f2-20fe-4267-968a-a4c1190914d8'}
        Body: 
2015-12-04 05:44:21,424 20341 INFO     [tempest_lib.common.rest_client] Request (TestNetworkAdvancedServerOps:_run_cleanups): 204 DELETE http://10.0.2.15:9696/v2.0/security-group-rules/7530490a-2bc7-4850-a8ff-207e430e8b42 0.062s
2015-12-04 05:44:21,424 20341 DEBUG    [tempest_lib.common.rest_client] Request - Headers: {'Content-Type': 'application/json', 'Accept': 'application/json', 'X-Auth-Token': '&lt;omitted&gt;'}
        Body: None
    Response - Headers: {'date': 'Fri, 04 Dec 2015 05:44:21 GMT', 'status': '204', 'connection': 'close', 'content-length': '0', 'x-openstack-request-id': 'req-bc677d47-9ca8-4e99-a79f-04ee0e534458'}
        Body: 
2015-12-04 05:44:21,523 20341 INFO     [tempest_lib.common.rest_client] Request (TestNetworkAdvancedServerOps:_run_cleanups): 204 DELETE http://10.0.2.15:9696/v2.0/security-groups/8ddaff72-1711-4158-ac2c-46f855b1e67a 0.097s
2015-12-04 05:44:21,523 20341 DEBUG    [tempest_lib.common.rest_client] Request - Headers: {'Content-Type': 'application/json', 'Accept': 'application/json', 'X-Auth-Token': '&lt;omitted&gt;'}
        Body: None
    Response - Headers: {'date': 'Fri, 04 Dec 2015 05:44:21 GMT', 'status': '204', 'connection': 'close', 'content-length': '0', 'x-openstack-request-id': 'req-fdf628d0-9520-4f91-9444-1c461f7d096e'}
        Body: 
2015-12-04 05:44:21,543 20341 INFO     [tempest_lib.common.rest_client] Request (TestNetworkAdvancedServerOps:_run_cleanups): 202 DELETE http://10.0.2.15:8774/v2.1/66d718fe1c394375a35aef817c3ce9a3/os-keypairs/tempest-TestNetworkAdvancedServerOps-466724974 0.019s
2015-12-04 05:44:21,544 20341 DEBUG    [tempest_lib.common.rest_client] Request - Headers: {'Content-Type': 'application/json', 'Accept': 'application/json', 'X-Auth-Token': '&lt;omitted&gt;'}
        Body: None
    Response - Headers: {'status': '202', 'content-length': '0', 'x-compute-request-id': 'req-4b83ded4-4f29-4796-b60c-e3db5b9a00de', 'vary': 'X-OpenStack-Nova-API-Version', 'connection': 'close', 'x-openstack-nova-api-version': '2.1', 'date': 'Fri, 04 Dec 2015 05:44:21 GMT', 'content-type': 'application/json'}
        Body: 
2015-12-04 05:44:21,634 20341 INFO     [tempest_lib.common.rest_client] Request (TestNetworkAdvancedServerOps:_run_cleanups): 404 GET http://10.0.2.15:8774/v2.1/66d718fe1c394375a35aef817c3ce9a3/servers/0cef954b-6e9d-48b3-ae2c-baac03a56edf 0.089s
2015-12-04 05:44:21,635 20341 DEBUG    [tempest_lib.common.rest_client] Request - Headers: {'Content-Type': 'application/json', 'Accept': 'application/json', 'X-Auth-Token': '&lt;omitted&gt;'}
        Body: None
    Response - Headers: {'status': '404', 'content-length': '111', 'x-compute-request-id': 'req-0bba44fe-ff25-4ac4-ba3f-2f13d3370d11', 'vary': 'X-OpenStack-Nova-API-Version', 'connection': 'close', 'x-openstack-nova-api-version': '2.1', 'date': 'Fri, 04 Dec 2015 05:44:21 GMT', 'content-type': 'application/json; charset=UTF-8'}
        Body: {"itemNotFound": {"message": "Instance 0cef954b-6e9d-48b3-ae2c-baac03a56edf could not be found.", "code": 404}}
}}}

Traceback (most recent call last):
  File "tempest/test.py", line 127, in wrapper
    return f(self, *func_args, **func_kwargs)
  File "tempest/scenario/test_network_advanced_server_ops.py", line 134, in test_server_connectivity_pause_unpause
    server, keypair, floating_ip = self._setup_network_and_servers()
  File "tempest/scenario/test_network_advanced_server_ops.py", line 71, in _setup_network_and_servers
    server, keypair, floating_ip)
  File "tempest/scenario/test_network_advanced_server_ops.py", line 95, in _wait_server_status_and_check_network_connectivity
    self._check_network_connectivity(server, keypair, floating_ip)
  File "tempest/scenario/test_network_advanced_server_ops.py", line 88, in _check_network_connectivity
    servers=[server])
  File "tempest/scenario/manager.py", line 606, in check_public_network_connectivity
    should_connect=should_connect)
  File "tempest/scenario/manager.py", line 590, in check_vm_connectivity
    msg=msg)
  File "/usr/local/lib/python2.7/dist-packages/unittest2/case.py", line 702, in assertTrue
    raise self.failureException(msg)
AssertionError: False is not true : Timed out waiting for 172.24.4.4 to become reachable



        </pre>
    </div>
    <!--css div popup end-->

    </td>
</tr>

<tr id='ft1.2' class='none'>
    <td class='failCase'><div class='testcase'>test_server_connectivity_reboot[compute,id-7b6860c2-afa3-4846-9522-adeb38dfbe08,network]</div></td>
    <td colspan='7' align='left'>

    <!--css div popup start-->
    <a class="popup_link" onfocus='this.blur();'
    href="javascript:showTestDetail('div_ft1.2')" >
        fail</a>

    <div id='div_ft1.2' class="popup_window">
        <div style='text-align: right; color:red;cursor:pointer'>
        <a onfocus='this.blur();'
onclick="document.getElementById('div_ft1.2').style.display = 'none' " >
           [x]</a>
        </div>
        <pre>
        
ft1.2: tempest.scenario.test_network_advanced_server_ops.TestNetworkAdvancedServerOps.test_server_connectivity_reboot[compute,id-7b6860c2-afa3-4846-9522-adeb38dfbe08,network]_StringException: Empty attachments:
  stderr
  stdout

pythonlogging:'': {{{
