<?xml version="1.0" encoding="UTF-8"?>
<!DOCTYPE html PUBLIC "-//W3C//DTD XHTML 1.0 Strict//EN"
     "http://www.w3.org/TR/xhtml1/DTD/xhtml1-strict.dtd">
<html xmlns="http://www.w3.org/1999/xhtml">
<head>
    <title>Unit Test Report</title>
    <meta name="generator" content="subunit2html 0.1"/>
    <meta http-equiv="Content-Type" content="text/html; charset=UTF-8"/>
    
<style type="text/css" media="screen">
body        { font-family: verdana, arial, helvetica, sans-serif;
    font-size: 80%; }
table       { font-size: 100%; width: 100%;}
pre         { font-size: 80%; }

/* -- heading -------------------------------------------------------------- */
h1 {
        font-size: 16pt;
        color: gray;
}
.heading {
    margin-top: 0ex;
    margin-bottom: 1ex;
}

.heading .attribute {
    margin-top: 1ex;
    margin-bottom: 0;
}

.heading .description {
    margin-top: 4ex;
    margin-bottom: 6ex;
}

/* -- css div popup -------------------------------------------------------- */
a.popup_link {
}

a.popup_link:hover {
    color: red;
}

.popup_window {
    display: none;
    overflow-x: scroll;
    /*border: solid #627173 1px; */
    padding: 10px;
    background-color: #E6E6D6;
    font-family: "Ubuntu Mono", "Lucida Console", "Courier New", monospace;
    text-align: left;
    font-size: 8pt;
}

}
/* -- report --------------------------------------------------------------- */
#show_detail_line {
    margin-top: 3ex;
    margin-bottom: 1ex;
}
#result_table {
    width: 100%;
    border-collapse: collapse;
    border: 1px solid #777;
}
#header_row {
    font-weight: bold;
    color: white;
    background-color: #777;
}
#result_table td {
    border: 1px solid #777;
    padding: 2px;
}
#total_row  { font-weight: bold; }
.passClass  { background-color: #6c6; }
.failClass  { background-color: #c60; }
.errorClass { background-color: #c00; }
.passCase   { color: #6c6; }
.failCase   { color: #c60; font-weight: bold; }
.errorCase  { color: #c00; font-weight: bold; }
.hiddenRow  { display: none; }
.testcase   { margin-left: 2em; }
td.testname {width: 40%}
td.small {width: 40px}

/* -- ending --------------------------------------------------------------- */
#ending {
}

</style>

</head>
<body>
<script language="javascript" type="text/javascript"><!--
output_list = Array();

/* level - 0:Summary; 1:Failed; 2:All */
function showCase(level) {
    trs = document.getElementsByTagName("tr");
    for (var i = 0; i < trs.length; i++) {
        tr = trs[i];
        id = tr.id;
        if (id.substr(0,2) == 'ft') {
            if (level < 1) {
                tr.className = 'hiddenRow';
            }
            else {
                tr.className = '';
            }
        }
        if (id.substr(0,2) == 'pt') {
            if (level > 1) {
                tr.className = '';
            }
            else {
                tr.className = 'hiddenRow';
            }
        }
    }
}


function showClassDetail(cid, count) {
    var id_list = Array(count);
    var toHide = 1;
    for (var i = 0; i < count; i++) {
        tid0 = 't' + cid.substr(1) + '.' + (i+1);
        tid = 'f' + tid0;
        tr = document.getElementById(tid);
        if (!tr) {
            tid = 'p' + tid0;
            tr = document.getElementById(tid);
        }
        id_list[i] = tid;
        if (tr.className) {
            toHide = 0;
        }
    }
    for (var i = 0; i < count; i++) {
        tid = id_list[i];
        if (toHide) {
            document.getElementById('div_'+tid).style.display = 'none'
            document.getElementById(tid).className = 'hiddenRow';
        }
        else {
            document.getElementById(tid).className = '';
        }
    }
}


function showTestDetail(div_id){
    var details_div = document.getElementById(div_id)
    var displayState = details_div.style.display
    // alert(displayState)
    if (displayState != 'block' ) {
        displayState = 'block'
        details_div.style.display = 'block'
    }
    else {
        details_div.style.display = 'none'
    }
}


function html_escape(s) {
    s = s.replace(/&/g,'&amp;');
    s = s.replace(/</g,'&lt;');
    s = s.replace(/>/g,'&gt;');
    return s;
}

/* obsoleted by detail in <div>
function showOutput(id, name) {
    var w = window.open("", //url
                    name,
                    "resizable,scrollbars,status,width=800,height=450");
    d = w.document;
    d.write("<pre>");
    d.write(html_escape(output_list[id]));
    d.write("\n");
    d.write("<a href='javascript:window.close()'>close</a>\n");
    d.write("</pre>\n");
    d.close();
}
*/
--></script>

<div class='heading'>
<h1>Unit Test Report</h1>

<p class='attribute'><strong>Status:</strong> Failure 6</p>

<p class='description'></p>
</div>



<p id='show_detail_line'>Show
<a href='javascript:showCase(0)'>Summary</a>
<a href='javascript:showCase(1)'>Failed</a>
<a href='javascript:showCase(2)'>All</a>
</p>
<table id='result_table'>
<colgroup>
<col align='left' />
<col align='right' />
<col align='right' />
<col align='right' />
<col align='right' />
<col align='right' />
<col align='right' />
<col align='right' />
</colgroup>
<tr id='header_row'>
    <td>Test Group/Test case</td>
    <td>Count</td>
    <td>Pass</td>
    <td>Fail</td>
    <td>Error</td>
    <td>Skip</td>
    <td>View</td>
    <td> </td>
</tr>

<tr class='failClass'>
    <td class="testname">tempest.scenario.test_network_advanced_server_ops.TestNetworkAdvancedServerOps</td>
    <td class="small">6</td>
    <td class="small">0</td>
    <td class="small">6</td>
    <td class="small">0</td>
    <td class="small">0</td>
    <td class="small"><a href="javascript:showClassDetail('c1',6)"
>Detail</a></td>
    <td> </td>
</tr>

<tr id='ft1.1' class='none'>
    <td class='failCase'><div class='testcase'>test_server_connectivity_pause_unpause[compute,id-2b2642db-6568-4b35-b812-eceed3fa20ce,network]</div></td>
    <td colspan='7' align='left'>

    <!--css div popup start-->
    <a class="popup_link" onfocus='this.blur();'
    href="javascript:showTestDetail('div_ft1.1')" >
        fail</a>

    <div id='div_ft1.1' class="popup_window">
        <div style='text-align: right; color:red;cursor:pointer'>
        <a onfocus='this.blur();'
onclick="document.getElementById('div_ft1.1').style.display = 'none' " >
           [x]</a>
        </div>
        <pre>
        
ft1.1: tempest.scenario.test_network_advanced_server_ops.TestNetworkAdvancedServerOps.test_server_connectivity_pause_unpause[compute,id-2b2642db-6568-4b35-b812-eceed3fa20ce,network]_StringException: Empty attachments:
  stderr
  stdout

pythonlogging:'': {{{
2015-12-09 15:27:54,563 24510 INFO     [tempest_lib.common.rest_client] Request (TestNetworkAdvancedServerOps:test_server_connectivity_pause_unpause): 200 POST http://10.0.2.15:8774/v2.1/7d539f84bfed4bf3bb964230d41bf58f/os-keypairs 0.274s
2015-12-09 15:27:54,563 24510 DEBUG    [tempest_lib.common.rest_client] Request - Headers: {'Content-Type': 'application/json', 'Accept': 'application/json', 'X-Auth-Token': '&lt;omitted&gt;'}
        Body: {"keypair": {"name": "tempest-TestNetworkAdvancedServerOps-547525540"}}
    Response - Headers: {'status': '200', 'content-length': '2329', 'x-compute-request-id': 'req-2d2fba2b-3d4b-4acf-913c-e1bb97153851', 'vary': 'X-OpenStack-Nova-API-Version', 'connection': 'close', 'x-openstack-nova-api-version': '2.1', 'date': 'Wed, 09 Dec 2015 15:27:54 GMT', 'content-type': 'application/json'}
        Body: {"keypair": {"public_key": "ssh-rsa AAAAB3NzaC1yc2EAAAADAQABAAABAQCTqZZEbKmMM9lWzPfARgetZJKmf9uhcoYLeL9YAES9FUqWRj4UQ1UjmROFP4QSdvTBRyTxqR9pCsH2LpYYoNZBtZtfsfBAktoPO+nUATKNvJj14LhRwMaTgsqGXlYMzpXjbZD9/0pXC6DVytOIBds7kRpF6Mm7KoHGD/nCppkAjDOIySTh3uGHhjeavFyXNyLgGAAyJelY42gT5dIoeU2ehEuusucJJ8Pl0CxmDTREiYipE+uFhsQI2BvZyhmHrxvg3jDEtCdn6LFE7DnuH30cjojbljD4G7F49jBPMgKXUt79MHpNMlBgHsZQUqEV3XKWpG6t4TTS0TOfpav/0mdT Generated-by-Nova", "private_key": "-----BEGIN RSA PRIVATE KEY-----\nMIIEqQIBAAKCAQEAk6mWRGypjDPZVsz3wEYHrWSSpn/boXKGC3i/WABEvRVKlkY+\nFENVI5kThT+EEnb0wUck8akfaQrB9i6WGKDWQbWbX7HwQJLaDzvp1AEyjbyY9eC4\nUcDGk4LKhl5WDM6V422Q/f9KVwug1crTiAXbO5EaRejJuyqBxg/5wqaZAIwziMkk\n4d7hh4Y3mrxclzci4BgAMiXpWONoE+XSKHlNnoRLrrLnCSfD5dAsZg00RImIqRPr\nhYbECNgb2coZh68b4N4wxLQnZ+ixROw57h99HI6I25Yw+BuxePYwTzICl1Le/TB6\nTTJQYB7GUFKhFd1ylqRureE00tEzn6Wr/9JnUwIDAQABAoIBADiA7mVkh0SFGqei\nazOCGLH7CDr6NhsDbdO58s5D3AnWueHjIyIx2cRzcQrOEUXXizTienqW0tQpL6t6\njCkEcrhWPAxUVLEBALxPmtxrUOL3xjhgM2flMpeDtufP9XGVI7oRVSg8pj/EzVjB\n8kvcodWbYshZmcgrLdmSh2o6wdV5O+bjS8Fqo5H+9iMUmkD6JO2Qtri7eMAZ3hmn\nm5xL7EhRl25u2TRQFPsRmAVZtZCGNQ97hVddsCZ0qfVwTlpjaL+7tUeJo+AA8nfY\nC/ZCtCNvfR3DyujBqY8pkni5L/2tH+JtabKzkMjtCC6ii6cE3f+28eJVvHJoNRrV\nHUGmS8ECggCBALw/h3F4qOy6JV+Ep7nmzawjmv0jmIFYbrdOQcS9z4+fDwRG1EGh\n6cu/ppHdga9CRVbbv16IvjXWhq88tstgnUluXFXx2Xg+WF/cGvSvqlAyBC+aLN18\np3xNe2hCsSIty+sK5C/If8p+UFcFvlpXgGH5cywiCZMzMrTbEDZ5vSrRAoIAgQDI\nzqT/x/VzeprtVtVkgV5mLn8h3uYUXE1ti8i1CRPxHipfwxt4T+8WhEvUpiGHehJS\nXoZrWkzL+Y1sbcSktezGeL/93Z/pZK5TPSRI/1gZO8KhecBK7BW3w7ZhX0uFgpEL\nBX8bIYXBWYeJu9yg97pgnpynXorbqmRqcW0N5zpw4wKCAIEAozfWAM2kcbSoKNyE\n7Muwcltgy7EsTqHVRTwmDCajK5y20Xd0G//+DXn7O6e6BLJKGphnodigS1/Y4WGc\nAFShq4RzrNUIQJiV2W+nM5aH7gaf2IIt+lBVi5JGuMxydvcMQpvr435NRs4kbH9/\nXydVGh3F/XL5qFaQ1XzG3uTI3rECggCAbEU/IcqmxUTuE9ol5LL8OwwG8DRGyeOa\nu94KsdHbNr6VCl0gipZOy005tcZ9fZaMGm1s/KULk09SuYvV4xlUOQ8SNccxWZ43\ngBoPXmyPC8v0/SuwSrVQYGzeAVJoXewwWEj2Z6KDg+TJ97GbHA92JnJe9L89D4On\n8NyHeF+cWxECggCBAICoTHlzXnM+aSmOaoQXTzwkDG9n5myNLK8FecbbCtlqHV/X\n8DZSwBAAOGwcDkfdydKtIOlOGavzyVvJZ2X8JcmEPpYpSnK/kYu0D33aPbOQpKgt\nmw5pkJbig/14zWphlrkwri3MnKiF+Egv7jv5ESkpmZSgmtBnWsUXzohxDjbt\n-----END RSA PRIVATE KEY-----\n", "user_id": "33194b1f4a0346a08f80b7369e4a3286", "name": "tempest-TestNetworkAdvancedServerOps-547525540", "fingerprint": "cb:3c:14:b7:b6:76:56:bd:3e:54:3d:e3:89:5a:ba:f9"}}
2015-12-09 15:27:54,915 24510 INFO     [tempest_lib.common.rest_client] Request (TestNetworkAdvancedServerOps:test_server_connectivity_pause_unpause): 201 POST http://10.0.2.15:9696/v2.0/security-groups 0.347s
2015-12-09 15:27:54,916 24510 DEBUG    [tempest_lib.common.rest_client] Request - Headers: {'Content-Type': 'application/json', 'Accept': 'application/json', 'X-Auth-Token': '&lt;omitted&gt;'}
        Body: {"security_group": {"tenant_id": "7d539f84bfed4bf3bb964230d41bf58f", "description": "tempest-secgroup-smoke-1636655902 description", "name": "tempest-secgroup-smoke-1636655902"}}
    Response - Headers: {'status': '201', 'content-length': '888', 'connection': 'close', 'date': 'Wed, 09 Dec 2015 15:27:54 GMT', 'content-type': 'application/json; charset=UTF-8', 'x-openstack-request-id': 'req-2654fc1a-1cb0-444b-b050-abe91edb8431'}
        Body: {"security_group": {"tenant_id": "7d539f84bfed4bf3bb964230d41bf58f", "description": "tempest-secgroup-smoke-1636655902 description", "id": "25899208-ec18-4ef2-901a-e84b4c343896", "security_group_rules": [{"remote_group_id": null, "direction": "egress", "remote_ip_prefix": null, "protocol": null, "ethertype": "IPv4", "tenant_id": "7d539f84bfed4bf3bb964230d41bf58f", "port_range_max": null, "port_range_min": null, "id": "80f4869a-4cb2-4845-85b4-602ecb171307", "security_group_id": "25899208-ec18-4ef2-901a-e84b4c343896"}, {"remote_group_id": null, "direction": "egress", "remote_ip_prefix": null, "protocol": null, "ethertype": "IPv6", "tenant_id": "7d539f84bfed4bf3bb964230d41bf58f", "port_range_max": null, "port_range_min": null, "id": "cfe7138e-9b3d-46b6-b613-e35bd3a8f2f6", "security_group_id": "25899208-ec18-4ef2-901a-e84b4c343896"}], "name": "tempest-secgroup-smoke-1636655902"}}
2015-12-09 15:27:55,046 24510 INFO     [tempest_lib.common.rest_client] Request (TestNetworkAdvancedServerOps:test_server_connectivity_pause_unpause): 201 POST http://10.0.2.15:9696/v2.0/security-group-rules 0.128s
2015-12-09 15:27:55,047 24510 DEBUG    [tempest_lib.common.rest_client] Request - Headers: {'Content-Type': 'application/json', 'Accept': 'application/json', 'X-Auth-Token': '&lt;omitted&gt;'}
        Body: {"security_group_rule": {"direction": "ingress", "protocol": "tcp", "tenant_id": "7d539f84bfed4bf3bb964230d41bf58f", "port_range_max": 22, "security_group_id": "25899208-ec18-4ef2-901a-e84b4c343896", "port_range_min": 22}}
    Response - Headers: {'status': '201', 'content-length': '340', 'connection': 'close', 'date': 'Wed, 09 Dec 2015 15:27:55 GMT', 'content-type': 'application/json; charset=UTF-8', 'x-openstack-request-id': 'req-6e2a130c-445e-4707-910d-6bcaf24210ee'}
        Body: {"security_group_rule": {"remote_group_id": null, "direction": "ingress", "remote_ip_prefix": null, "protocol": "tcp", "ethertype": "IPv4", "tenant_id": "7d539f84bfed4bf3bb964230d41bf58f", "port_range_max": 22, "port_range_min": 22, "id": "54df8947-0058-465a-a804-57f822f01cfa", "security_group_id": "25899208-ec18-4ef2-901a-e84b4c343896"}}
2015-12-09 15:27:55,172 24510 INFO     [tempest_lib.common.rest_client] Request (TestNetworkAdvancedServerOps:test_server_connectivity_pause_unpause): 201 POST http://10.0.2.15:9696/v2.0/security-group-rules 0.124s
2015-12-09 15:27:55,173 24510 DEBUG    [tempest_lib.common.rest_client] Request - Headers: {'Content-Type': 'application/json', 'Accept': 'application/json', 'X-Auth-Token': '&lt;omitted&gt;'}
        Body: {"security_group_rule": {"direction": "egress", "protocol": "tcp", "tenant_id": "7d539f84bfed4bf3bb964230d41bf58f", "port_range_max": 22, "security_group_id": "25899208-ec18-4ef2-901a-e84b4c343896", "port_range_min": 22}}
    Response - Headers: {'status': '201', 'content-length': '339', 'connection': 'close', 'date': 'Wed, 09 Dec 2015 15:27:55 GMT', 'content-type': 'application/json; charset=UTF-8', 'x-openstack-request-id': 'req-bfa02c8d-326b-4885-982a-cb972b37717b'}
        Body: {"security_group_rule": {"remote_group_id": null, "direction": "egress", "remote_ip_prefix": null, "protocol": "tcp", "ethertype": "IPv4", "tenant_id": "7d539f84bfed4bf3bb964230d41bf58f", "port_range_max": 22, "port_range_min": 22, "id": "92a4e05e-929b-45f5-ac14-544a1854778a", "security_group_id": "25899208-ec18-4ef2-901a-e84b4c343896"}}
2015-12-09 15:27:55,303 24510 INFO     [tempest_lib.common.rest_client] Request (TestNetworkAdvancedServerOps:test_server_connectivity_pause_unpause): 201 POST http://10.0.2.15:9696/v2.0/security-group-rules 0.129s
2015-12-09 15:27:55,304 24510 DEBUG    [tempest_lib.common.rest_client] Request - Headers: {'Content-Type': 'application/json', 'Accept': 'application/json', 'X-Auth-Token': '&lt;omitted&gt;'}
        Body: {"security_group_rule": {"tenant_id": "7d539f84bfed4bf3bb964230d41bf58f", "direction": "ingress", "protocol": "icmp", "security_group_id": "25899208-ec18-4ef2-901a-e84b4c343896"}}
    Response - Headers: {'status': '201', 'content-length': '345', 'connection': 'close', 'date': 'Wed, 09 Dec 2015 15:27:55 GMT', 'content-type': 'application/json; charset=UTF-8', 'x-openstack-request-id': 'req-07b8f87f-c6fd-4e82-b32d-b29dc1afbb52'}
        Body: {"security_group_rule": {"remote_group_id": null, "direction": "ingress", "remote_ip_prefix": null, "protocol": "icmp", "ethertype": "IPv4", "tenant_id": "7d539f84bfed4bf3bb964230d41bf58f", "port_range_max": null, "port_range_min": null, "id": "284643bb-75a3-47e6-80e2-5a9e6a104c48", "security_group_id": "25899208-ec18-4ef2-901a-e84b4c343896"}}
2015-12-09 15:27:55,421 24510 INFO     [tempest_lib.common.rest_client] Request (TestNetworkAdvancedServerOps:test_server_connectivity_pause_unpause): 201 POST http://10.0.2.15:9696/v2.0/security-group-rules 0.115s
2015-12-09 15:27:55,422 24510 DEBUG    [tempest_lib.common.rest_client] Request - Headers: {'Content-Type': 'application/json', 'Accept': 'application/json', 'X-Auth-Token': '&lt;omitted&gt;'}
        Body: {"security_group_rule": {"tenant_id": "7d539f84bfed4bf3bb964230d41bf58f", "direction": "egress", "protocol": "icmp", "security_group_id": "25899208-ec18-4ef2-901a-e84b4c343896"}}
    Response - Headers: {'status': '201', 'content-length': '344', 'connection': 'close', 'date': 'Wed, 09 Dec 2015 15:27:55 GMT', 'content-type': 'application/json; charset=UTF-8', 'x-openstack-request-id': 'req-b4ca3ce5-4def-46f7-9bc5-12ee2d550187'}
        Body: {"security_group_rule": {"remote_group_id": null, "direction": "egress", "remote_ip_prefix": null, "protocol": "icmp", "ethertype": "IPv4", "tenant_id": "7d539f84bfed4bf3bb964230d41bf58f", "port_range_max": null, "port_range_min": null, "id": "6c6040da-ca6a-4d91-aa51-96975c81a540", "security_group_id": "25899208-ec18-4ef2-901a-e84b4c343896"}}
2015-12-09 15:27:55,542 24510 INFO     [tempest_lib.common.rest_client] Request (TestNetworkAdvancedServerOps:test_server_connectivity_pause_unpause): 201 POST http://10.0.2.15:9696/v2.0/security-group-rules 0.119s
2015-12-09 15:27:55,542 24510 DEBUG    [tempest_lib.common.rest_client] Request - Headers: {'Content-Type': 'application/json', 'Accept': 'application/json', 'X-Auth-Token': '&lt;omitted&gt;'}
        Body: {"security_group_rule": {"tenant_id": "7d539f84bfed4bf3bb964230d41bf58f", "direction": "ingress", "security_group_id": "25899208-ec18-4ef2-901a-e84b4c343896", "protocol": "icmp", "ethertype": "IPv6"}}
    Response - Headers: {'status': '201', 'content-length': '345', 'connection': 'close', 'date': 'Wed, 09 Dec 2015 15:27:55 GMT', 'content-type': 'application/json; charset=UTF-8', 'x-openstack-request-id': 'req-553ac4db-def8-492d-8cfb-dc17e7f64d45'}
        Body: {"security_group_rule": {"remote_group_id": null, "direction": "ingress", "remote_ip_prefix": null, "protocol": "icmp", "ethertype": "IPv6", "tenant_id": "7d539f84bfed4bf3bb964230d41bf58f", "port_range_max": null, "port_range_min": null, "id": "729e22ec-0bbd-4efb-ad6c-d2e860023f06", "security_group_id": "25899208-ec18-4ef2-901a-e84b4c343896"}}
2015-12-09 15:27:55,671 24510 INFO     [tempest_lib.common.rest_client] Request (TestNetworkAdvancedServerOps:test_server_connectivity_pause_unpause): 201 POST http://10.0.2.15:9696/v2.0/security-group-rules 0.128s
2015-12-09 15:27:55,672 24510 DEBUG    [tempest_lib.common.rest_client] Request - Headers: {'Content-Type': 'application/json', 'Accept': 'application/json', 'X-Auth-Token': '&lt;omitted&gt;'}
        Body: {"security_group_rule": {"tenant_id": "7d539f84bfed4bf3bb964230d41bf58f", "direction": "egress", "security_group_id": "25899208-ec18-4ef2-901a-e84b4c343896", "protocol": "icmp", "ethertype": "IPv6"}}
    Response - Headers: {'status': '201', 'content-length': '344', 'connection': 'close', 'date': 'Wed, 09 Dec 2015 15:27:55 GMT', 'content-type': 'application/json; charset=UTF-8', 'x-openstack-request-id': 'req-1108adea-3d01-48c8-a3d8-889ebd5af9eb'}
        Body: {"security_group_rule": {"remote_group_id": null, "direction": "egress", "remote_ip_prefix": null, "protocol": "icmp", "ethertype": "IPv6", "tenant_id": "7d539f84bfed4bf3bb964230d41bf58f", "port_range_max": null, "port_range_min": null, "id": "69310937-80ed-4d4b-a051-efbd0e62c67b", "security_group_id": "25899208-ec18-4ef2-901a-e84b4c343896"}}
2015-12-09 15:27:55,861 24510 INFO     [tempest_lib.common.rest_client] Request (TestNetworkAdvancedServerOps:test_server_connectivity_pause_unpause): 201 POST http://10.0.2.15:9696/v2.0/networks 0.188s
2015-12-09 15:27:55,862 24510 DEBUG    [tempest_lib.common.rest_client] Request - Headers: {'Content-Type': 'application/json', 'Accept': 'application/json', 'X-Auth-Token': '&lt;omitted&gt;'}
        Body: {"network": {"tenant_id": "7d539f84bfed4bf3bb964230d41bf58f", "name": "tempest-network-smoke--473245102"}}
    Response - Headers: {'status': '201', 'content-length': '328', 'connection': 'close', 'date': 'Wed, 09 Dec 2015 15:27:55 GMT', 'content-type': 'application/json; charset=UTF-8', 'x-openstack-request-id': 'req-5c407e89-773c-4dcb-8cb5-490be2646382'}
        Body: {"network": {"status": "ACTIVE", "subnets": [], "availability_zone_hints": "[]", "name": "tempest-network-smoke--473245102", "admin_state_up": true, "tenant_id": "7d539f84bfed4bf3bb964230d41bf58f", "mtu": 0, "router:external": false, "shared": false, "port_security_enabled": true, "id": "0e4c855a-6aa1-4c3e-a242-e42bd498da0a"}}
2015-12-09 15:27:55,957 24510 INFO     [tempest_lib.common.rest_client] Request (TestNetworkAdvancedServerOps:test_server_connectivity_pause_unpause): 201 POST http://10.0.2.15:9696/v2.0/routers 0.094s
2015-12-09 15:27:55,958 24510 DEBUG    [tempest_lib.common.rest_client] Request - Headers: {'Content-Type': 'application/json', 'Accept': 'application/json', 'X-Auth-Token': '&lt;omitted&gt;'}
        Body: {"router": {"tenant_id": "7d539f84bfed4bf3bb964230d41bf58f", "name": "tempest-router-smoke-1541124328", "admin_state_up": true}}
    Response - Headers: {'status': '201', 'content-length': '296', 'connection': 'close', 'date': 'Wed, 09 Dec 2015 15:27:55 GMT', 'content-type': 'application/json; charset=UTF-8', 'x-openstack-request-id': 'req-6fcd2d0e-04d2-4a9f-9beb-6156866f31c9'}
        Body: {"router": {"status": "ACTIVE", "external_gateway_info": null, "availability_zone_hints": [], "availability_zones": [], "name": "tempest-router-smoke-1541124328", "admin_state_up": true, "tenant_id": "7d539f84bfed4bf3bb964230d41bf58f", "routes": [], "id": "f347548f-b969-4c70-8065-581bf1100f97"}}
2015-12-09 15:27:56,014 24510 INFO     [tempest_lib.common.rest_client] Request (TestNetworkAdvancedServerOps:test_server_connectivity_pause_unpause): 200 GET http://10.0.2.15:9696/v2.0/routers/f347548f-b969-4c70-8065-581bf1100f97 0.055s
2015-12-09 15:27:56,015 24510 DEBUG    [tempest_lib.common.rest_client] Request - Headers: {'Content-Type': 'application/json', 'Accept': 'application/json', 'X-Auth-Token': '&lt;omitted&gt;'}
        Body: None
    Response - Headers: {'status': '200', 'content-length': '296', 'content-location': 'http://10.0.2.15:9696/v2.0/routers/f347548f-b969-4c70-8065-581bf1100f97', 'connection': 'close', 'date': 'Wed, 09 Dec 2015 15:27:56 GMT', 'content-type': 'application/json; charset=UTF-8', 'x-openstack-request-id': 'req-b3e3fc7c-309f-4308-b1b1-8c926def1d32'}
        Body: {"router": {"status": "ACTIVE", "external_gateway_info": null, "availability_zone_hints": [], "availability_zones": [], "name": "tempest-router-smoke-1541124328", "admin_state_up": true, "tenant_id": "7d539f84bfed4bf3bb964230d41bf58f", "routes": [], "id": "f347548f-b969-4c70-8065-581bf1100f97"}}
2015-12-09 15:27:56,726 24510 INFO     [tempest_lib.common.rest_client] Request (TestNetworkAdvancedServerOps:test_server_connectivity_pause_unpause): 200 PUT http://10.0.2.15:9696/v2.0/routers/f347548f-b969-4c70-8065-581bf1100f97 0.710s
2015-12-09 15:27:56,727 24510 DEBUG    [tempest_lib.common.rest_client] Request - Headers: {'Content-Type': 'application/json', 'Accept': 'application/json', 'X-Auth-Token': '&lt;omitted&gt;'}
        Body: {"router": {"external_gateway_info": {"network_id": "104e45ef-f015-429f-8397-8e951fd5a288"}, "name": "tempest-router-smoke-1541124328", "admin_state_up": true}}
    Response - Headers: {'status': '200', 'content-length': '558', 'connection': 'close', 'date': 'Wed, 09 Dec 2015 15:27:56 GMT', 'content-type': 'application/json; charset=UTF-8', 'x-openstack-request-id': 'req-81f7c083-65db-45ef-b338-8128bf1dbdb6'}
        Body: {"router": {"status": "ACTIVE", "external_gateway_info": {"network_id": "104e45ef-f015-429f-8397-8e951fd5a288", "enable_snat": true, "external_fixed_ips": [{"subnet_id": "72195867-46c6-4838-bb5e-81b63c93f7e4", "ip_address": "172.24.4.3"}, {"subnet_id": "e39663bd-ec59-4bcd-b850-f94146e34cc1", "ip_address": "2001:db8::4"}]}, "availability_zone_hints": [], "availability_zones": [], "name": "tempest-router-smoke-1541124328", "admin_state_up": true, "tenant_id": "7d539f84bfed4bf3bb964230d41bf58f", "routes": [], "id": "f347548f-b969-4c70-8065-581bf1100f97"}}
2015-12-09 15:27:56,909 24510 INFO     [tempest_lib.common.rest_client] Request (TestNetworkAdvancedServerOps:test_server_connectivity_pause_unpause): 200 GET http://10.0.2.15:9696/v2.0/subnets?tenant_id=7d539f84bfed4bf3bb964230d41bf58f&amp;cidr=10.100.0.0%2F28 0.181s
2015-12-09 15:27:56,909 24510 DEBUG    [tempest_lib.common.rest_client] Request - Headers: {'Content-Type': 'application/json', 'Accept': 'application/json', 'X-Auth-Token': '&lt;omitted&gt;'}
        Body: None
    Response - Headers: {'status': '200', 'content-length': '15', 'content-location': 'http://10.0.2.15:9696/v2.0/subnets?tenant_id=7d539f84bfed4bf3bb964230d41bf58f&amp;cidr=10.100.0.0%2F28', 'connection': 'close', 'date': 'Wed, 09 Dec 2015 15:27:56 GMT', 'content-type': 'application/json; charset=UTF-8', 'x-openstack-request-id': 'req-d3b9785a-890a-4163-a865-e9df2902dfb0'}
        Body: {"subnets": []}
2015-12-09 15:27:57,261 24510 INFO     [tempest_lib.common.rest_client] Request (TestNetworkAdvancedServerOps:test_server_connectivity_pause_unpause): 201 POST http://10.0.2.15:9696/v2.0/subnets 0.350s
2015-12-09 15:27:57,262 24510 DEBUG    [tempest_lib.common.rest_client] Request - Headers: {'Content-Type': 'application/json', 'Accept': 'application/json', 'X-Auth-Token': '&lt;omitted&gt;'}
        Body: {"subnet": {"ip_version": 4, "tenant_id": "7d539f84bfed4bf3bb964230d41bf58f", "cidr": "10.100.0.0/28", "network_id": "0e4c855a-6aa1-4c3e-a242-e42bd498da0a", "name": "tempest-subnet-smoke-586885943"}}
    Response - Headers: {'status': '201', 'content-length': '477', 'connection': 'close', 'date': 'Wed, 09 Dec 2015 15:27:57 GMT', 'content-type': 'application/json; charset=UTF-8', 'x-openstack-request-id': 'req-edc1bbed-3427-4cb5-8023-676aaac02095'}
        Body: {"subnet": {"name": "tempest-subnet-smoke-586885943", "enable_dhcp": true, "network_id": "0e4c855a-6aa1-4c3e-a242-e42bd498da0a", "tenant_id": "7d539f84bfed4bf3bb964230d41bf58f", "dns_nameservers": [], "gateway_ip": "10.100.0.1", "ipv6_ra_mode": null, "allocation_pools": [{"start": "10.100.0.2", "end": "10.100.0.14"}], "host_routes": [], "ip_version": 4, "ipv6_address_mode": null, "cidr": "10.100.0.0/28", "id": "6761ae36-d0e4-474d-a811-d20ca72b7538", "subnetpool_id": null}}
2015-12-09 15:27:57,847 24510 INFO     [tempest_lib.common.rest_client] Request (TestNetworkAdvancedServerOps:test_server_connectivity_pause_unpause): 200 PUT http://10.0.2.15:9696/v2.0/routers/f347548f-b969-4c70-8065-581bf1100f97/add_router_interface 0.584s
2015-12-09 15:27:57,847 24510 DEBUG    [tempest_lib.common.rest_client] Request - Headers: {'Content-Type': 'application/json', 'Accept': 'application/json', 'X-Auth-Token': '&lt;omitted&gt;'}
        Body: {"subnet_id": "6761ae36-d0e4-474d-a811-d20ca72b7538"}
    Response - Headers: {'status': '200', 'content-length': '255', 'connection': 'close', 'date': 'Wed, 09 Dec 2015 15:27:57 GMT', 'content-type': 'application/json; charset=UTF-8', 'x-openstack-request-id': 'req-eee35c41-3c27-4581-a3df-928caad97df5'}
        Body: {"subnet_id": "6761ae36-d0e4-474d-a811-d20ca72b7538", "tenant_id": "7d539f84bfed4bf3bb964230d41bf58f", "subnet_ids": ["6761ae36-d0e4-474d-a811-d20ca72b7538"], "port_id": "4dfc62ac-b436-4af8-8bd4-b1fb0c364687", "id": "f347548f-b969-4c70-8065-581bf1100f97"}
2015-12-09 15:27:57,955 24510 INFO     [tempest_lib.common.rest_client] Request (TestNetworkAdvancedServerOps:test_server_connectivity_pause_unpause): 200 POST http://10.0.2.15:5000/v2.0/tokens
2015-12-09 15:27:57,956 24510 DEBUG    [tempest_lib.common.rest_client] Request - Headers: {'Content-Type': 'application/json', 'Accept': 'application/json'}
        Body: &lt;omitted&gt;
    Response - Headers: {'status': '200', 'content-length': '2564', 'vary': 'X-Auth-Token', 'server': 'Apache/2.4.7 (Ubuntu)', 'connection': 'close', 'date': 'Wed, 09 Dec 2015 15:27:57 GMT', 'content-type': 'application/json', 'x-openstack-request-id': 'req-ba6b3152-590b-4871-be54-fdee6910644b'}
        Body: {"access": {"token": {"issued_at": "2015-12-09T15:27:57.943912", "expires": "2015-12-09T16:27:57Z", "id": "70566623a39e48fdb519859f68bebd29", "tenant": {"description": "tempest-TestNetworkAdvancedServerOps-237145134-desc", "enabled": true, "id": "7d539f84bfed4bf3bb964230d41bf58f", "name": "tempest-TestNetworkAdvancedServerOps-237145134"}, "audit_ids": ["d2F0ns0CSOidbtbk_5kt0Q"]}, "serviceCatalog": [{"endpoints": [{"adminURL": "http://10.0.2.15:8774/v2.1/7d539f84bfed4bf3bb964230d41bf58f", "region": "RegionOne", "internalURL": "http://10.0.2.15:8774/v2.1/7d539f84bfed4bf3bb964230d41bf58f", "id": "4eb0903c276b47818a94e5354cf23126", "publicURL": "http://10.0.2.15:8774/v2.1/7d539f84bfed4bf3bb964230d41bf58f"}], "endpoints_links": [], "type": "compute", "name": "nova"}, {"endpoints": [{"adminURL": "http://10.0.2.15:9696/", "region": "RegionOne", "internalURL": "http://10.0.2.15:9696/", "id": "1dc301d4cf3948209e62c1947f3671a1", "publicURL": "http://10.0.2.15:9696/"}], "endpoints_links": [], "type": "network", "name": "neutron"}, {"endpoints": [{"adminURL": "http://10.0.2.15:9292", "region": "RegionOne", "internalURL": "http://10.0.2.15:9292", "id": "13781c9e75f34d4db3e3e7330ba645c4", "publicURL": "http://10.0.2.15:9292"}], "endpoints_links": [], "type": "image", "name": "glance"}, {"endpoints": [{"adminURL": "http://10.0.2.15:8774/v2/7d539f84bfed4bf3bb964230d41bf58f", "region": "RegionOne", "internalURL": "http://10.0.2.15:8774/v2/7d539f84bfed4bf3bb964230d41bf58f", "id": "0590e5cd7c954ff5bad9b1c0e942faf7", "publicURL": "http://10.0.2.15:8774/v2/7d539f84bfed4bf3bb964230d41bf58f"}], "endpoints_links": [], "type": "compute_legacy", "name": "nova_legacy"}, {"endpoints": [{"adminURL": "http://10.0.2.15:8773/", "region": "RegionOne", "internalURL": "http://10.0.2.15:8773/", "id": "7213f42510d443cbab117a1beffa220d", "publicURL": "http://10.0.2.15:8773/"}], "endpoints_links": [], "type": "ec2", "name": "ec2"}, {"endpoints": [{"adminURL": "http://10.0.2.15:35357/v2.0", "region": "RegionOne", "internalURL": "http://10.0.2.15:5000/v2.0", "id": "0e9f5d06fe7343fcaf879e04f8e69282", "publicURL": "http://10.0.2.15:5000/v2.0"}], "endpoints_links": [], "type": "identity", "name": "keystone"}], "user": {"username": "tempest-TestNetworkAdvancedServerOps-1126936810", "roles_links": [], "id": "33194b1f4a0346a08f80b7369e4a3286", "roles": [{"name": "_member_"}, {"name": "Member"}], "name": "tempest-TestNetworkAdvancedServerOps-1126936810"}, "metadata": {"is_admin": 0, "roles": ["9fe2ff9ee4384b1894a90878d3e92bab", "5b9898fb53d14426843b2e2e5de272a4"]}}}
2015-12-09 15:27:57,964 24510 DEBUG    [tempest.common.fixed_network] (TestNetworkAdvancedServerOps:test_server_connectivity_pause_unpause) No valid network provided or created, defaulting to fixed_network_name
2015-12-09 15:27:58,298 24510 INFO     [tempest_lib.common.rest_client] Request (TestNetworkAdvancedServerOps:test_server_connectivity_pause_unpause): 200 GET http://10.0.2.15:8774/v2.1/7d539f84bfed4bf3bb964230d41bf58f/os-networks 0.332s
2015-12-09 15:27:58,298 24510 DEBUG    [tempest_lib.common.rest_client] Request - Headers: {'Content-Type': 'application/json', 'Accept': 'application/json', 'X-Auth-Token': '&lt;omitted&gt;'}
        Body: None
    Response - Headers: {'status': '200', 'content-length': '478', 'content-location': 'http://10.0.2.15:8774/v2.1/7d539f84bfed4bf3bb964230d41bf58f/os-networks', 'x-compute-request-id': 'req-a36f9e6e-f85f-4f69-8890-59a406141887', 'vary': 'X-OpenStack-Nova-API-Version', 'connection': 'close', 'x-openstack-nova-api-version': '2.1', 'date': 'Wed, 09 Dec 2015 15:27:58 GMT', 'content-type': 'application/json'}
        Body: {"networks": [{"cidr_v6": null, "dns2": null, "dns1": null, "gateway": null, "broadcast": null, "netmask": null, "gateway_v6": null, "cidr": null, "label": "public", "id": "104e45ef-f015-429f-8397-8e951fd5a288", "netmask_v6": null}, {"cidr_v6": null, "dns2": null, "dns1": null, "gateway": null, "broadcast": null, "netmask": null, "gateway_v6": null, "cidr": null, "label": "tempest-network-smoke--473245102", "id": "0e4c855a-6aa1-4c3e-a242-e42bd498da0a", "netmask_v6": null}]}
2015-12-09 15:27:58,299 24510 WARNING  [tempest.common.fixed_network] (TestNetworkAdvancedServerOps:test_server_connectivity_pause_unpause) Network with name: private not found
2015-12-09 15:27:58,299 24510 INFO     [tempest.common.fixed_network] (TestNetworkAdvancedServerOps:test_server_connectivity_pause_unpause) Found network {} available for tenant
2015-12-09 15:27:59,562 24510 INFO     [tempest_lib.common.rest_client] Request (TestNetworkAdvancedServerOps:test_server_connectivity_pause_unpause): 202 POST http://10.0.2.15:8774/v2.1/7d539f84bfed4bf3bb964230d41bf58f/servers 1.262s
2015-12-09 15:27:59,562 24510 DEBUG    [tempest_lib.common.rest_client] Request - Headers: {'Content-Type': 'application/json', 'Accept': 'application/json', 'X-Auth-Token': '&lt;omitted&gt;'}
        Body: {"server": {"name": "tempest.common.compute-instance-2134979704", "imageRef": "fd3f7629-f8f8-4f0f-9c5d-3474844a1205", "key_name": "tempest-TestNetworkAdvancedServerOps-547525540", "flavorRef": "42", "networks": [{"uuid": "0e4c855a-6aa1-4c3e-a242-e42bd498da0a"}], "security_groups": [{"name": "tempest-secgroup-smoke-1636655902"}]}}
    Response - Headers: {'status': '202', 'content-length': '462', 'x-compute-request-id': 'req-0e993333-fec7-4037-9dc5-52a292131b5d', 'vary': 'X-OpenStack-Nova-API-Version', 'connection': 'close', 'location': 'http://10.0.2.15:8774/v2.1/7d539f84bfed4bf3bb964230d41bf58f/servers/b5499e94-4519-4df2-9e95-6c6c9f20aa10', 'x-openstack-nova-api-version': '2.1', 'date': 'Wed, 09 Dec 2015 15:27:59 GMT', 'content-type': 'application/json'}
        Body: {"server": {"security_groups": [{"name": "tempest-secgroup-smoke-1636655902"}], "OS-DCF:diskConfig": "MANUAL", "id": "b5499e94-4519-4df2-9e95-6c6c9f20aa10", "links": [{"href": "http://10.0.2.15:8774/v2.1/7d539f84bfed4bf3bb964230d41bf58f/servers/b5499e94-4519-4df2-9e95-6c6c9f20aa10", "rel": "self"}, {"href": "http://10.0.2.15:8774/7d539f84bfed4bf3bb964230d41bf58f/servers/b5499e94-4519-4df2-9e95-6c6c9f20aa10", "rel": "bookmark"}], "adminPass": "9ZAHn2i3hsq2"}}
2015-12-09 15:27:59,815 24510 INFO     [tempest_lib.common.rest_client] Request (TestNetworkAdvancedServerOps:test_server_connectivity_pause_unpause): 200 GET http://10.0.2.15:8774/v2.1/7d539f84bfed4bf3bb964230d41bf58f/servers/b5499e94-4519-4df2-9e95-6c6c9f20aa10 0.251s
2015-12-09 15:27:59,816 24510 DEBUG    [tempest_lib.common.rest_client] Request - Headers: {'Content-Type': 'application/json', 'Accept': 'application/json', 'X-Auth-Token': '&lt;omitted&gt;'}
        Body: None
    Response - Headers: {'status': '200', 'content-length': '1364', 'content-location': 'http://10.0.2.15:8774/v2.1/7d539f84bfed4bf3bb964230d41bf58f/servers/b5499e94-4519-4df2-9e95-6c6c9f20aa10', 'x-compute-request-id': 'req-70d1970e-05c1-43d1-8ec0-bae7ab9684b9', 'vary': 'X-OpenStack-Nova-API-Version', 'connection': 'close', 'x-openstack-nova-api-version': '2.1', 'date': 'Wed, 09 Dec 2015 15:27:59 GMT', 'content-type': 'application/json'}
        Body: {"server": {"status": "BUILD", "updated": "2015-12-09T15:27:59Z", "hostId": "", "addresses": {}, "links": [{"href": "http://10.0.2.15:8774/v2.1/7d539f84bfed4bf3bb964230d41bf58f/servers/b5499e94-4519-4df2-9e95-6c6c9f20aa10", "rel": "self"}, {"href": "http://10.0.2.15:8774/7d539f84bfed4bf3bb964230d41bf58f/servers/b5499e94-4519-4df2-9e95-6c6c9f20aa10", "rel": "bookmark"}], "key_name": "tempest-TestNetworkAdvancedServerOps-547525540", "image": {"id": "fd3f7629-f8f8-4f0f-9c5d-3474844a1205", "links": [{"href": "http://10.0.2.15:8774/7d539f84bfed4bf3bb964230d41bf58f/images/fd3f7629-f8f8-4f0f-9c5d-3474844a1205", "rel": "bookmark"}]}, "OS-EXT-STS:task_state": "scheduling", "OS-EXT-STS:vm_state": "building", "OS-SRV-USG:launched_at": null, "flavor": {"id": "42", "links": [{"href": "http://10.0.2.15:8774/7d539f84bfed4bf3bb964230d41bf58f/flavors/42", "rel": "bookmark"}]}, "id": "b5499e94-4519-4df2-9e95-6c6c9f20aa10", "OS-SRV-USG:terminated_at": null, "OS-EXT-AZ:availability_zone": "", "user_id": "33194b1f4a0346a08f80b7369e4a3286", "name": "tempest.common.compute-instance-2134979704", "created": "2015-12-09T15:27:59Z", "tenant_id": "7d539f84bfed4bf3bb964230d41bf58f", "OS-DCF:diskConfig": "MANUAL", "os-extended-volumes:volumes_attached": [], "accessIPv4": "", "accessIPv6": "", "progress": 0, "OS-EXT-STS:power_state": 0, "config_drive": "", "metadata": {}}}
2015-12-09 15:28:01,085 24510 INFO     [tempest_lib.common.rest_client] Request (TestNetworkAdvancedServerOps:test_server_connectivity_pause_unpause): 200 GET http://10.0.2.15:8774/v2.1/7d539f84bfed4bf3bb964230d41bf58f/servers/b5499e94-4519-4df2-9e95-6c6c9f20aa10 0.259s
2015-12-09 15:28:01,085 24510 DEBUG    [tempest_lib.common.rest_client] Request - Headers: {'Content-Type': 'application/json', 'Accept': 'application/json', 'X-Auth-Token': '&lt;omitted&gt;'}
        Body: None
    Response - Headers: {'status': '200', 'content-length': '1490', 'content-location': 'http://10.0.2.15:8774/v2.1/7d539f84bfed4bf3bb964230d41bf58f/servers/b5499e94-4519-4df2-9e95-6c6c9f20aa10', 'x-compute-request-id': 'req-c3053920-976b-4474-9d8e-0d48191aabd3', 'vary': 'X-OpenStack-Nova-API-Version', 'connection': 'close', 'x-openstack-nova-api-version': '2.1', 'date': 'Wed, 09 Dec 2015 15:28:01 GMT', 'content-type': 'application/json'}
        Body: {"server": {"status": "BUILD", "updated": "2015-12-09T15:28:00Z", "hostId": "0dec5a778588db5e0c1ba870d51ec360f101cabc46d8927faf0df261", "addresses": {}, "links": [{"href": "http://10.0.2.15:8774/v2.1/7d539f84bfed4bf3bb964230d41bf58f/servers/b5499e94-4519-4df2-9e95-6c6c9f20aa10", "rel": "self"}, {"href": "http://10.0.2.15:8774/7d539f84bfed4bf3bb964230d41bf58f/servers/b5499e94-4519-4df2-9e95-6c6c9f20aa10", "rel": "bookmark"}], "key_name": "tempest-TestNetworkAdvancedServerOps-547525540", "image": {"id": "fd3f7629-f8f8-4f0f-9c5d-3474844a1205", "links": [{"href": "http://10.0.2.15:8774/7d539f84bfed4bf3bb964230d41bf58f/images/fd3f7629-f8f8-4f0f-9c5d-3474844a1205", "rel": "bookmark"}]}, "OS-EXT-STS:task_state": "spawning", "OS-EXT-STS:vm_state": "building", "OS-SRV-USG:launched_at": null, "flavor": {"id": "42", "links": [{"href": "http://10.0.2.15:8774/7d539f84bfed4bf3bb964230d41bf58f/flavors/42", "rel": "bookmark"}]}, "id": "b5499e94-4519-4df2-9e95-6c6c9f20aa10", "security_groups": [{"name": "tempest-secgroup-smoke-1636655902"}], "OS-SRV-USG:terminated_at": null, "OS-EXT-AZ:availability_zone": "nova", "user_id": "33194b1f4a0346a08f80b7369e4a3286", "name": "tempest.common.compute-instance-2134979704", "created": "2015-12-09T15:27:59Z", "tenant_id": "7d539f84bfed4bf3bb964230d41bf58f", "OS-DCF:diskConfig": "MANUAL", "os-extended-volumes:volumes_attached": [], "accessIPv4": "", "accessIPv6": "", "progress": 0, "OS-EXT-STS:power_state": 0, "config_drive": "", "metadata": {}}}
2015-12-09 15:28:01,094 24510 INFO     [tempest.common.waiters] State transition "BUILD/scheduling" ==&gt; "BUILD/spawning" after 2 second wait
2015-12-09 15:28:02,410 24510 INFO     [tempest_lib.common.rest_client] Request (TestNetworkAdvancedServerOps:test_server_connectivity_pause_unpause): 200 GET http://10.0.2.15:8774/v2.1/7d539f84bfed4bf3bb964230d41bf58f/servers/b5499e94-4519-4df2-9e95-6c6c9f20aa10 0.315s
2015-12-09 15:28:02,410 24510 DEBUG    [tempest_lib.common.rest_client] Request - Headers: {'Content-Type': 'application/json', 'Accept': 'application/json', 'X-Auth-Token': '&lt;omitted&gt;'}
        Body: None
    Response - Headers: {'status': '200', 'content-length': '1490', 'content-location': 'http://10.0.2.15:8774/v2.1/7d539f84bfed4bf3bb964230d41bf58f/servers/b5499e94-4519-4df2-9e95-6c6c9f20aa10', 'x-compute-request-id': 'req-b8b7b342-63d3-492e-b1b6-d8ae0104bfc0', 'vary': 'X-OpenStack-Nova-API-Version', 'connection': 'close', 'x-openstack-nova-api-version': '2.1', 'date': 'Wed, 09 Dec 2015 15:28:02 GMT', 'content-type': 'application/json'}
        Body: {"server": {"status": "BUILD", "updated": "2015-12-09T15:28:00Z", "hostId": "0dec5a778588db5e0c1ba870d51ec360f101cabc46d8927faf0df261", "addresses": {}, "links": [{"href": "http://10.0.2.15:8774/v2.1/7d539f84bfed4bf3bb964230d41bf58f/servers/b5499e94-4519-4df2-9e95-6c6c9f20aa10", "rel": "self"}, {"href": "http://10.0.2.15:8774/7d539f84bfed4bf3bb964230d41bf58f/servers/b5499e94-4519-4df2-9e95-6c6c9f20aa10", "rel": "bookmark"}], "key_name": "tempest-TestNetworkAdvancedServerOps-547525540", "image": {"id": "fd3f7629-f8f8-4f0f-9c5d-3474844a1205", "links": [{"href": "http://10.0.2.15:8774/7d539f84bfed4bf3bb964230d41bf58f/images/fd3f7629-f8f8-4f0f-9c5d-3474844a1205", "rel": "bookmark"}]}, "OS-EXT-STS:task_state": "spawning", "OS-EXT-STS:vm_state": "building", "OS-SRV-USG:launched_at": null, "flavor": {"id": "42", "links": [{"href": "http://10.0.2.15:8774/7d539f84bfed4bf3bb964230d41bf58f/flavors/42", "rel": "bookmark"}]}, "id": "b5499e94-4519-4df2-9e95-6c6c9f20aa10", "security_groups": [{"name": "tempest-secgroup-smoke-1636655902"}], "OS-SRV-USG:terminated_at": null, "OS-EXT-AZ:availability_zone": "nova", "user_id": "33194b1f4a0346a08f80b7369e4a3286", "name": "tempest.common.compute-instance-2134979704", "created": "2015-12-09T15:27:59Z", "tenant_id": "7d539f84bfed4bf3bb964230d41bf58f", "OS-DCF:diskConfig": "MANUAL", "os-extended-volumes:volumes_attached": [], "accessIPv4": "", "accessIPv6": "", "progress": 0, "OS-EXT-STS:power_state": 0, "config_drive": "", "metadata": {}}}
2015-12-09 15:28:03,705 24510 INFO     [tempest_lib.common.rest_client] Request (TestNetworkAdvancedServerOps:test_server_connectivity_pause_unpause): 200 GET http://10.0.2.15:8774/v2.1/7d539f84bfed4bf3bb964230d41bf58f/servers/b5499e94-4519-4df2-9e95-6c6c9f20aa10 0.286s
2015-12-09 15:28:03,706 24510 DEBUG    [tempest_lib.common.rest_client] Request - Headers: {'Content-Type': 'application/json', 'Accept': 'application/json', 'X-Auth-Token': '&lt;omitted&gt;'}
        Body: None
    Response - Headers: {'status': '200', 'content-length': '1661', 'content-location': 'http://10.0.2.15:8774/v2.1/7d539f84bfed4bf3bb964230d41bf58f/servers/b5499e94-4519-4df2-9e95-6c6c9f20aa10', 'x-compute-request-id': 'req-aa95d165-de3d-4946-b119-142b70b34dde', 'vary': 'X-OpenStack-Nova-API-Version', 'connection': 'close', 'x-openstack-nova-api-version': '2.1', 'date': 'Wed, 09 Dec 2015 15:28:03 GMT', 'content-type': 'application/json'}
        Body: {"server": {"status": "ACTIVE", "updated": "2015-12-09T15:28:03Z", "hostId": "0dec5a778588db5e0c1ba870d51ec360f101cabc46d8927faf0df261", "addresses": {"tempest-network-smoke--473245102": [{"OS-EXT-IPS-MAC:mac_addr": "fa:16:3e:cf:e2:ea", "version": 4, "addr": "10.100.0.3", "OS-EXT-IPS:type": "fixed"}]}, "links": [{"href": "http://10.0.2.15:8774/v2.1/7d539f84bfed4bf3bb964230d41bf58f/servers/b5499e94-4519-4df2-9e95-6c6c9f20aa10", "rel": "self"}, {"href": "http://10.0.2.15:8774/7d539f84bfed4bf3bb964230d41bf58f/servers/b5499e94-4519-4df2-9e95-6c6c9f20aa10", "rel": "bookmark"}], "key_name": "tempest-TestNetworkAdvancedServerOps-547525540", "image": {"id": "fd3f7629-f8f8-4f0f-9c5d-3474844a1205", "links": [{"href": "http://10.0.2.15:8774/7d539f84bfed4bf3bb964230d41bf58f/images/fd3f7629-f8f8-4f0f-9c5d-3474844a1205", "rel": "bookmark"}]}, "OS-EXT-STS:task_state": null, "OS-EXT-STS:vm_state": "active", "OS-SRV-USG:launched_at": "2015-12-09T15:28:03.000000", "flavor": {"id": "42", "links": [{"href": "http://10.0.2.15:8774/7d539f84bfed4bf3bb964230d41bf58f/flavors/42", "rel": "bookmark"}]}, "id": "b5499e94-4519-4df2-9e95-6c6c9f20aa10", "security_groups": [{"name": "tempest-secgroup-smoke-1636655902"}], "OS-SRV-USG:terminated_at": null, "OS-EXT-AZ:availability_zone": "nova", "user_id": "33194b1f4a0346a08f80b7369e4a3286", "name": "tempest.common.compute-instance-2134979704", "created": "2015-12-09T15:27:59Z", "tenant_id": "7d539f84bfed4bf3bb964230d41bf58f", "OS-DCF:diskConfig": "MANUAL", "os-extended-volumes:volumes_attached": [], "accessIPv4": "", "accessIPv6": "", "progress": 0, "OS-EXT-STS:power_state": 1, "config_drive": "True", "metadata": {}}}
2015-12-09 15:28:03,720 24510 INFO     [tempest.common.waiters] State transition "BUILD/spawning" ==&gt; "ACTIVE/None" after 4 second wait
2015-12-09 15:28:03,927 24510 INFO     [tempest_lib.common.rest_client] Request (TestNetworkAdvancedServerOps:test_server_connectivity_pause_unpause): 200 GET http://10.0.2.15:8774/v2.1/7d539f84bfed4bf3bb964230d41bf58f/servers/b5499e94-4519-4df2-9e95-6c6c9f20aa10 0.206s
2015-12-09 15:28:03,927 24510 DEBUG    [tempest_lib.common.rest_client] Request - Headers: {'Content-Type': 'application/json', 'Accept': 'application/json', 'X-Auth-Token': '&lt;omitted&gt;'}
        Body: None
    Response - Headers: {'status': '200', 'content-length': '1661', 'content-location': 'http://10.0.2.15:8774/v2.1/7d539f84bfed4bf3bb964230d41bf58f/servers/b5499e94-4519-4df2-9e95-6c6c9f20aa10', 'x-compute-request-id': 'req-bd3f8ffc-4ec7-4e08-9e96-e577a6d47b0a', 'vary': 'X-OpenStack-Nova-API-Version', 'connection': 'close', 'x-openstack-nova-api-version': '2.1', 'date': 'Wed, 09 Dec 2015 15:28:03 GMT', 'content-type': 'application/json'}
        Body: {"server": {"status": "ACTIVE", "updated": "2015-12-09T15:28:03Z", "hostId": "0dec5a778588db5e0c1ba870d51ec360f101cabc46d8927faf0df261", "addresses": {"tempest-network-smoke--473245102": [{"OS-EXT-IPS-MAC:mac_addr": "fa:16:3e:cf:e2:ea", "version": 4, "addr": "10.100.0.3", "OS-EXT-IPS:type": "fixed"}]}, "links": [{"href": "http://10.0.2.15:8774/v2.1/7d539f84bfed4bf3bb964230d41bf58f/servers/b5499e94-4519-4df2-9e95-6c6c9f20aa10", "rel": "self"}, {"href": "http://10.0.2.15:8774/7d539f84bfed4bf3bb964230d41bf58f/servers/b5499e94-4519-4df2-9e95-6c6c9f20aa10", "rel": "bookmark"}], "key_name": "tempest-TestNetworkAdvancedServerOps-547525540", "image": {"id": "fd3f7629-f8f8-4f0f-9c5d-3474844a1205", "links": [{"href": "http://10.0.2.15:8774/7d539f84bfed4bf3bb964230d41bf58f/images/fd3f7629-f8f8-4f0f-9c5d-3474844a1205", "rel": "bookmark"}]}, "OS-EXT-STS:task_state": null, "OS-EXT-STS:vm_state": "active", "OS-SRV-USG:launched_at": "2015-12-09T15:28:03.000000", "flavor": {"id": "42", "links": [{"href": "http://10.0.2.15:8774/7d539f84bfed4bf3bb964230d41bf58f/flavors/42", "rel": "bookmark"}]}, "id": "b5499e94-4519-4df2-9e95-6c6c9f20aa10", "security_groups": [{"name": "tempest-secgroup-smoke-1636655902"}], "OS-SRV-USG:terminated_at": null, "OS-EXT-AZ:availability_zone": "nova", "user_id": "33194b1f4a0346a08f80b7369e4a3286", "name": "tempest.common.compute-instance-2134979704", "created": "2015-12-09T15:27:59Z", "tenant_id": "7d539f84bfed4bf3bb964230d41bf58f", "OS-DCF:diskConfig": "MANUAL", "os-extended-volumes:volumes_attached": [], "accessIPv4": "", "accessIPv6": "", "progress": 0, "OS-EXT-STS:power_state": 1, "config_drive": "True", "metadata": {}}}
2015-12-09 15:28:04,075 24510 INFO     [tempest_lib.common.rest_client] Request (TestNetworkAdvancedServerOps:test_server_connectivity_pause_unpause): 200 GET http://10.0.2.15:9696/v2.0/ports?status=ACTIVE&amp;fixed_ip=None&amp;device_id=b5499e94-4519-4df2-9e95-6c6c9f20aa10 0.139s
2015-12-09 15:28:04,075 24510 DEBUG    [tempest_lib.common.rest_client] Request - Headers: {'Content-Type': 'application/json', 'Accept': 'application/json', 'X-Auth-Token': '&lt;omitted&gt;'}
        Body: None
    Response - Headers: {'status': '200', 'content-length': '895', 'content-location': 'http://10.0.2.15:9696/v2.0/ports?status=ACTIVE&amp;fixed_ip=None&amp;device_id=b5499e94-4519-4df2-9e95-6c6c9f20aa10', 'connection': 'close', 'date': 'Wed, 09 Dec 2015 15:28:04 GMT', 'content-type': 'application/json; charset=UTF-8', 'x-openstack-request-id': 'req-0d714748-8b3e-49ef-a5a5-af3c2b74c7ba'}
        Body: {"ports": [{"status": "ACTIVE", "binding:host_id": "vagrant-ubuntu-trusty-64", "allowed_address_pairs": [], "extra_dhcp_opts": [], "dns_assignment": [{"hostname": "host-10-100-0-3", "ip_address": "10.100.0.3", "fqdn": "host-10-100-0-3.openstacklocal."}], "device_owner": "compute:None", "port_security_enabled": true, "binding:profile": {}, "fixed_ips": [{"subnet_id": "6761ae36-d0e4-474d-a811-d20ca72b7538", "ip_address": "10.100.0.3"}], "id": "adf884e2-395c-4dea-9ac5-3dff9a3331fe", "security_groups": ["25899208-ec18-4ef2-901a-e84b4c343896"], "device_id": "b5499e94-4519-4df2-9e95-6c6c9f20aa10", "name": "", "admin_state_up": true, "network_id": "0e4c855a-6aa1-4c3e-a242-e42bd498da0a", "dns_name": "", "binding:vif_details": {"port_filter": true}, "binding:vnic_type": "normal", "binding:vif_type": "ovs", "tenant_id": "7d539f84bfed4bf3bb964230d41bf58f", "mac_address": "fa:16:3e:cf:e2:ea"}]}
2015-12-09 15:28:04,704 24510 INFO     [tempest_lib.common.rest_client] Request (TestNetworkAdvancedServerOps:test_server_connectivity_pause_unpause): 201 POST http://10.0.2.15:9696/v2.0/floatingips 0.627s
2015-12-09 15:28:04,704 24510 DEBUG    [tempest_lib.common.rest_client] Request - Headers: {'Content-Type': 'application/json', 'Accept': 'application/json', 'X-Auth-Token': '&lt;omitted&gt;'}
        Body: {"floatingip": {"floating_network_id": "104e45ef-f015-429f-8397-8e951fd5a288", "tenant_id": "7d539f84bfed4bf3bb964230d41bf58f", "fixed_ip_address": "10.100.0.3", "port_id": "adf884e2-395c-4dea-9ac5-3dff9a3331fe"}}
    Response - Headers: {'status': '201', 'content-length': '367', 'connection': 'close', 'date': 'Wed, 09 Dec 2015 15:28:04 GMT', 'content-type': 'application/json; charset=UTF-8', 'x-openstack-request-id': 'req-c455ac90-6a42-4afd-b2cd-ec695624862c'}
        Body: {"floatingip": {"floating_network_id": "104e45ef-f015-429f-8397-8e951fd5a288", "router_id": "f347548f-b969-4c70-8065-581bf1100f97", "fixed_ip_address": "10.100.0.3", "floating_ip_address": "172.24.4.4", "tenant_id": "7d539f84bfed4bf3bb964230d41bf58f", "status": "DOWN", "port_id": "adf884e2-395c-4dea-9ac5-3dff9a3331fe", "id": "7a8ac4b1-95d8-4964-a520-b6e3f9fb3c43"}}
2015-12-09 15:28:04,970 24510 INFO     [tempest_lib.common.rest_client] Request (TestNetworkAdvancedServerOps:test_server_connectivity_pause_unpause): 200 GET http://10.0.2.15:8774/v2.1/7d539f84bfed4bf3bb964230d41bf58f/servers/b5499e94-4519-4df2-9e95-6c6c9f20aa10 0.265s
2015-12-09 15:28:04,971 24510 DEBUG    [tempest_lib.common.rest_client] Request - Headers: {'Content-Type': 'application/json', 'Accept': 'application/json', 'X-Auth-Token': '&lt;omitted&gt;'}
        Body: None
    Response - Headers: {'status': '200', 'content-length': '1661', 'content-location': 'http://10.0.2.15:8774/v2.1/7d539f84bfed4bf3bb964230d41bf58f/servers/b5499e94-4519-4df2-9e95-6c6c9f20aa10', 'x-compute-request-id': 'req-e80cc570-6922-4513-aa2e-e1fb5e4b0091', 'vary': 'X-OpenStack-Nova-API-Version', 'connection': 'close', 'x-openstack-nova-api-version': '2.1', 'date': 'Wed, 09 Dec 2015 15:28:04 GMT', 'content-type': 'application/json'}
        Body: {"server": {"status": "ACTIVE", "updated": "2015-12-09T15:28:03Z", "hostId": "0dec5a778588db5e0c1ba870d51ec360f101cabc46d8927faf0df261", "addresses": {"tempest-network-smoke--473245102": [{"OS-EXT-IPS-MAC:mac_addr": "fa:16:3e:cf:e2:ea", "version": 4, "addr": "10.100.0.3", "OS-EXT-IPS:type": "fixed"}]}, "links": [{"href": "http://10.0.2.15:8774/v2.1/7d539f84bfed4bf3bb964230d41bf58f/servers/b5499e94-4519-4df2-9e95-6c6c9f20aa10", "rel": "self"}, {"href": "http://10.0.2.15:8774/7d539f84bfed4bf3bb964230d41bf58f/servers/b5499e94-4519-4df2-9e95-6c6c9f20aa10", "rel": "bookmark"}], "key_name": "tempest-TestNetworkAdvancedServerOps-547525540", "image": {"id": "fd3f7629-f8f8-4f0f-9c5d-3474844a1205", "links": [{"href": "http://10.0.2.15:8774/7d539f84bfed4bf3bb964230d41bf58f/images/fd3f7629-f8f8-4f0f-9c5d-3474844a1205", "rel": "bookmark"}]}, "OS-EXT-STS:task_state": null, "OS-EXT-STS:vm_state": "active", "OS-SRV-USG:launched_at": "2015-12-09T15:28:03.000000", "flavor": {"id": "42", "links": [{"href": "http://10.0.2.15:8774/7d539f84bfed4bf3bb964230d41bf58f/flavors/42", "rel": "bookmark"}]}, "id": "b5499e94-4519-4df2-9e95-6c6c9f20aa10", "security_groups": [{"name": "tempest-secgroup-smoke-1636655902"}], "OS-SRV-USG:terminated_at": null, "OS-EXT-AZ:availability_zone": "nova", "user_id": "33194b1f4a0346a08f80b7369e4a3286", "name": "tempest.common.compute-instance-2134979704", "created": "2015-12-09T15:27:59Z", "tenant_id": "7d539f84bfed4bf3bb964230d41bf58f", "OS-DCF:diskConfig": "MANUAL", "os-extended-volumes:volumes_attached": [], "accessIPv4": "", "accessIPv6": "", "progress": 0, "OS-EXT-STS:power_state": 1, "config_drive": "True", "metadata": {}}}
2015-12-09 15:28:04,979 24510 INFO     [tempest.scenario.manager] Tenant networks not configured to be reachable.
2015-12-09 15:28:04,997 24510 INFO     [tempest_lib.common.rest_client] Request (TestNetworkAdvancedServerOps:test_server_connectivity_pause_unpause): 200 GET http://10.0.2.15:9696/v2.0/floatingips/7a8ac4b1-95d8-4964-a520-b6e3f9fb3c43 0.017s
2015-12-09 15:28:04,997 24510 DEBUG    [tempest_lib.common.rest_client] Request - Headers: {'Content-Type': 'application/json', 'Accept': 'application/json', 'X-Auth-Token': '&lt;omitted&gt;'}
        Body: None
    Response - Headers: {'status': '200', 'content-length': '367', 'content-location': 'http://10.0.2.15:9696/v2.0/floatingips/7a8ac4b1-95d8-4964-a520-b6e3f9fb3c43', 'connection': 'close', 'date': 'Wed, 09 Dec 2015 15:28:04 GMT', 'content-type': 'application/json; charset=UTF-8', 'x-openstack-request-id': 'req-68196fb4-94ec-4553-9187-bbf8804e593b'}
        Body: {"floatingip": {"floating_network_id": "104e45ef-f015-429f-8397-8e951fd5a288", "router_id": "f347548f-b969-4c70-8065-581bf1100f97", "fixed_ip_address": "10.100.0.3", "floating_ip_address": "172.24.4.4", "tenant_id": "7d539f84bfed4bf3bb964230d41bf58f", "status": "DOWN", "port_id": "adf884e2-395c-4dea-9ac5-3dff9a3331fe", "id": "7a8ac4b1-95d8-4964-a520-b6e3f9fb3c43"}}
2015-12-09 15:28:06,013 24510 INFO     [tempest_lib.common.rest_client] Request (TestNetworkAdvancedServerOps:test_server_connectivity_pause_unpause): 200 GET http://10.0.2.15:9696/v2.0/floatingips/7a8ac4b1-95d8-4964-a520-b6e3f9fb3c43 0.014s
2015-12-09 15:28:06,013 24510 DEBUG    [tempest_lib.common.rest_client] Request - Headers: {'Content-Type': 'application/json', 'Accept': 'application/json', 'X-Auth-Token': '&lt;omitted&gt;'}
        Body: None
    Response - Headers: {'status': '200', 'content-length': '369', 'content-location': 'http://10.0.2.15:9696/v2.0/floatingips/7a8ac4b1-95d8-4964-a520-b6e3f9fb3c43', 'connection': 'close', 'date': 'Wed, 09 Dec 2015 15:28:06 GMT', 'content-type': 'application/json; charset=UTF-8', 'x-openstack-request-id': 'req-e1654e03-7783-445d-b1c8-9b09326fd2c8'}
        Body: {"floatingip": {"floating_network_id": "104e45ef-f015-429f-8397-8e951fd5a288", "router_id": "f347548f-b969-4c70-8065-581bf1100f97", "fixed_ip_address": "10.100.0.3", "floating_ip_address": "172.24.4.4", "tenant_id": "7d539f84bfed4bf3bb964230d41bf58f", "status": "ACTIVE", "port_id": "adf884e2-395c-4dea-9ac5-3dff9a3331fe", "id": "7a8ac4b1-95d8-4964-a520-b6e3f9fb3c43"}}
2015-12-09 15:28:06,014 24510 INFO     [tempest.scenario.manager] FloatingIP: &lt;"FloatingIP" addr="172.24.4.4" id="7a8ac4b1-95d8-4964-a520-b6e3f9fb3c43"&gt; is at status: ACTIVE
2015-12-09 15:28:06,014 24510 DEBUG    [tempest.scenario.manager] checking network connections to IP 172.24.4.4 with user: cirros
2015-12-09 15:28:06,015 24510 DEBUG    [tempest.scenario.manager] TestNetworkAdvancedServerOps:test_server_connectivity_pause_unpause begins to ping 172.24.4.4 in 120 sec and the expected result is reachable
2015-12-09 15:30:07,353 24510 DEBUG    [tempest.scenario.manager] TestNetworkAdvancedServerOps:test_server_connectivity_pause_unpause finishes ping 172.24.4.4 in 120 sec and the ping result is unexpected
2015-12-09 15:30:07,354 24510 ERROR    [tempest.scenario.manager] Public network connectivity check failed
2015-12-09 15:30:07.354 24510 ERROR tempest.scenario.manager Traceback (most recent call last):
2015-12-09 15:30:07.354 24510 ERROR tempest.scenario.manager   File "tempest/scenario/manager.py", line 606, in check_public_network_connectivity
2015-12-09 15:30:07.354 24510 ERROR tempest.scenario.manager     should_connect=should_connect)
2015-12-09 15:30:07.354 24510 ERROR tempest.scenario.manager   File "tempest/scenario/manager.py", line 590, in check_vm_connectivity
2015-12-09 15:30:07.354 24510 ERROR tempest.scenario.manager     msg=msg)
2015-12-09 15:30:07.354 24510 ERROR tempest.scenario.manager   File "/usr/local/lib/python2.7/dist-packages/unittest2/case.py", line 702, in assertTrue
2015-12-09 15:30:07.354 24510 ERROR tempest.scenario.manager     raise self.failureException(msg)
2015-12-09 15:30:07.354 24510 ERROR tempest.scenario.manager AssertionError: False is not true : Timed out waiting for 172.24.4.4 to become reachable
2015-12-09 15:30:07.354 24510 ERROR tempest.scenario.manager 
2015-12-09 15:30:07,566 24510 INFO     [tempest_lib.common.rest_client] Request (TestNetworkAdvancedServerOps:test_server_connectivity_pause_unpause): 200 POST http://10.0.2.15:8774/v2.1/7d539f84bfed4bf3bb964230d41bf58f/servers/b5499e94-4519-4df2-9e95-6c6c9f20aa10/action 0.208s
2015-12-09 15:30:07,567 24510 DEBUG    [tempest_lib.common.rest_client] Request - Headers: {'Content-Type': 'application/json', 'Accept': 'application/json', 'X-Auth-Token': '&lt;omitted&gt;'}
        Body: {"os-getConsoleOutput": {}}
    Response - Headers: {'status': '200', 'content-length': '17429', 'x-compute-request-id': 'req-4bd14bbe-99bd-4c6b-80a6-2e25d9dd44e2', 'vary': 'X-OpenStack-Nova-API-Version', 'connection': 'close', 'x-openstack-nova-api-version': '2.1', 'date': 'Wed, 09 Dec 2015 15:30:07 GMT', 'content-type': 'application/json'}
        Body: {"output": "[    0.000000] Initializing cgroup subsys cpuset\n[    0.000000] Initializing cgroup subsys cpu\n[    0.000000] Linux version 3.2.0-80-virtual (buildd@batsu) (gcc version 4.6.3 (Ubuntu/Linaro 4.6.3-1ubuntu5) ) #116-Ubuntu SMP Mon Mar 23 17:28:52 UTC 2015 (Ubuntu 3.2.0-80.116-virtual 3.2.68)\n[    0.000000] Command line: root=/dev/vda console=tty0 console=ttyS0 no_timer_check\n[    0.000000] KERNEL supported cpus:\n[    0.000000]   Intel GenuineIntel\n[    0.000000]   AMD AuthenticAMD\n[    0.000000]   Centaur CentaurHauls\n[    0.000000] BIOS-provided physical RAM map:\n[    0.000000]  BIOS-e820: 0000000000000000 - 000000000009fc00 (usable)\n[    0.000000]  BIOS-e820: 000000000009fc00 - 00000000000a0000 (reserved)\n[    0.000000]  BIOS-e820: 00000000000f0000 - 0000000000100000 (reserved)\n[    0.000000]  BIOS-e820: 0000000000100000 - 0000000003ffe000 (usable)\n[    0.000000]  BIOS-e820: 0000000003ffe000 - 0000000004000000 (reserved)\n[    0.000000]  BIOS-e820: 00000000fffc0000 - 0000000100000000 (reserved)\n[    0.000000] NX (Execute Disable) protection: active\n[    0.000000] SMBIOS 2.4 present.\n[    0.000000] No AGP bridge found\n[    0.000000] last_pfn = 0x3ffe max_arch_pfn = 0x400000000\n[    0.000000] x86 PAT enabled: cpu 0, old 0x7040600070406, new 0x7010600070106\n[    0.000000] found SMP MP-table at [ffff8800000f0b00] f0b00\n[    0.000000] init_memory_mapping: 0000000000000000-0000000003ffe000\n[    0.000000] RAMDISK: 03c5e000 - 03ff0000\n[    0.000000] ACPI: RSDP 00000000000f0950 00014 (v00 BOCHS )\n[    0.000000] ACPI: RSDT 0000000003fffbc1 00034 (v01 BOCHS  BXPCRSDT 00000001 BXPC 00000001)\n[    0.000000] ACPI: FACP 0000000003fff1c0 00074 (v01 BOCHS  BXPCFACP 00000001 BXPC 00000001)\n[    0.000000] ACPI: DSDT 0000000003ffe040 01180 (v01 BOCHS  BXPCDSDT 00000001 BXPC 00000001)\n[    0.000000] ACPI: FACS 0000000003ffe000 00040\n[    0.000000] ACPI: SSDT 0000000003fff234 008DD (v01 BOCHS  BXPCSSDT 00000001 BXPC 00000001)\n[    0.000000] ACPI: APIC 0000000003fffb11 00078 (v01 BOCHS  BXPCAPIC 00000001 BXPC 00000001)\n[    0.000000] ACPI: HPET 0000000003fffb89 00038 (v01 BOCHS  BXPCHPET 00000001 BXPC 00000001)\n[    0.000000] No NUMA configuration found\n[    0.000000] Faking a node at 0000000000000000-0000000003ffe000\n[    0.000000] Initmem setup node 0 0000000000000000-0000000003ffe000\n[    0.000000]   NODE_DATA [0000000003ff6000 - 0000000003ffafff]\n[    0.000000] Zone PFN ranges:\n[    0.000000]   DMA      0x00000010 -&gt; 0x00001000\n[    0.000000]   DMA32    0x00001000 -&gt; 0x00100000\n[    0.000000]   Normal   empty\n[    0.000000] Movable zone start PFN for each node\n[    0.000000] early_node_map[2] active PFN ranges\n[    0.000000]     0: 0x00000010 -&gt; 0x0000009f\n[    0.000000]     0: 0x00000100 -&gt; 0x00003ffe\n[    0.000000] ACPI: PM-Timer IO Port: 0xb008\n[    0.000000] ACPI: LAPIC (acpi_id[0x00] lapic_id[0x00] enabled)\n[    0.000000] ACPI: LAPIC_NMI (acpi_id[0xff] dfl dfl lint[0x1])\n[    0.000000] ACPI: IOAPIC (id[0x00] address[0xfec00000] gsi_base[0])\n[    0.000000] IOAPIC[0]: apic_id 0, version 17, address 0xfec00000, GSI 0-23\n[    0.000000] ACPI: INT_SRC_OVR (bus 0 bus_irq 0 global_irq 2 dfl dfl)\n[    0.000000] ACPI: INT_SRC_OVR (bus 0 bus_irq 5 global_irq 5 high level)\n[    0.000000] ACPI: INT_SRC_OVR (bus 0 bus_irq 9 global_irq 9 high level)\n[    0.000000] ACPI: INT_SRC_OVR (bus 0 bus_irq 10 global_irq 10 high level)\n[    0.000000] ACPI: INT_SRC_OVR (bus 0 bus_irq 11 global_irq 11 high level)\n[    0.000000] Using ACPI (MADT) for SMP configuration information\n[    0.000000] ACPI: HPET id: 0x8086a201 base: 0xfed00000\n[    0.000000] SMP: Allowing 1 CPUs, 0 hotplug CPUs\n[    0.000000] PM: Registered nosave memory: 000000000009f000 - 00000000000a0000\n[    0.000000] PM: Registered nosave memory: 00000000000a0000 - 00000000000f0000\n[    0.000000] PM: Registered nosave memory: 00000000000f0000 - 0000000000100000\n[    0.000000] Allocating PCI resources starting at 4000000 (gap: 4000000:fbfc0000)\n[    0.000000] Booting paravirtualized kernel on bare hardware\n[    0.000000] setup_pe
2015-12-09 15:30:07,571 24510 DEBUG    [tempest.scenario.manager] Console output for b5499e94-4519-4df2-9e95-6c6c9f20aa10
body=
[    0.000000] Initializing cgroup subsys cpuset
[    0.000000] Initializing cgroup subsys cpu
[    0.000000] Linux version 3.2.0-80-virtual (buildd@batsu) (gcc version 4.6.3 (Ubuntu/Linaro 4.6.3-1ubuntu5) ) #116-Ubuntu SMP Mon Mar 23 17:28:52 UTC 2015 (Ubuntu 3.2.0-80.116-virtual 3.2.68)
[    0.000000] Command line: root=/dev/vda console=tty0 console=ttyS0 no_timer_check
[    0.000000] KERNEL supported cpus:
[    0.000000]   Intel GenuineIntel
[    0.000000]   AMD AuthenticAMD
[    0.000000]   Centaur CentaurHauls
[    0.000000] BIOS-provided physical RAM map:
[    0.000000]  BIOS-e820: 0000000000000000 - 000000000009fc00 (usable)
[    0.000000]  BIOS-e820: 000000000009fc00 - 00000000000a0000 (reserved)
[    0.000000]  BIOS-e820: 00000000000f0000 - 0000000000100000 (reserved)
[    0.000000]  BIOS-e820: 0000000000100000 - 0000000003ffe000 (usable)
[    0.000000]  BIOS-e820: 0000000003ffe000 - 0000000004000000 (reserved)
[    0.000000]  BIOS-e820: 00000000fffc0000 - 0000000100000000 (reserved)
[    0.000000] NX (Execute Disable) protection: active
[    0.000000] SMBIOS 2.4 present.
[    0.000000] No AGP bridge found
[    0.000000] last_pfn = 0x3ffe max_arch_pfn = 0x400000000
[    0.000000] x86 PAT enabled: cpu 0, old 0x7040600070406, new 0x7010600070106
[    0.000000] found SMP MP-table at [ffff8800000f0b00] f0b00
[    0.000000] init_memory_mapping: 0000000000000000-0000000003ffe000
[    0.000000] RAMDISK: 03c5e000 - 03ff0000
[    0.000000] ACPI: RSDP 00000000000f0950 00014 (v00 BOCHS )
[    0.000000] ACPI: RSDT 0000000003fffbc1 00034 (v01 BOCHS  BXPCRSDT 00000001 BXPC 00000001)
[    0.000000] ACPI: FACP 0000000003fff1c0 00074 (v01 BOCHS  BXPCFACP 00000001 BXPC 00000001)
[    0.000000] ACPI: DSDT 0000000003ffe040 01180 (v01 BOCHS  BXPCDSDT 00000001 BXPC 00000001)
[    0.000000] ACPI: FACS 0000000003ffe000 00040
[    0.000000] ACPI: SSDT 0000000003fff234 008DD (v01 BOCHS  BXPCSSDT 00000001 BXPC 00000001)
[    0.000000] ACPI: APIC 0000000003fffb11 00078 (v01 BOCHS  BXPCAPIC 00000001 BXPC 00000001)
[    0.000000] ACPI: HPET 0000000003fffb89 00038 (v01 BOCHS  BXPCHPET 00000001 BXPC 00000001)
[    0.000000] No NUMA configuration found
[    0.000000] Faking a node at 0000000000000000-0000000003ffe000
[    0.000000] Initmem setup node 0 0000000000000000-0000000003ffe000
[    0.000000]   NODE_DATA [0000000003ff6000 - 0000000003ffafff]
[    0.000000] Zone PFN ranges:
[    0.000000]   DMA      0x00000010 -&gt; 0x00001000
[    0.000000]   DMA32    0x00001000 -&gt; 0x00100000
[    0.000000]   Normal   empty
[    0.000000] Movable zone start PFN for each node
[    0.000000] early_node_map[2] active PFN ranges
[    0.000000]     0: 0x00000010 -&gt; 0x0000009f
[    0.000000]     0: 0x00000100 -&gt; 0x00003ffe
[    0.000000] ACPI: PM-Timer IO Port: 0xb008
[    0.000000] ACPI: LAPIC (acpi_id[0x00] lapic_id[0x00] enabled)
[    0.000000] ACPI: LAPIC_NMI (acpi_id[0xff] dfl dfl lint[0x1])
[    0.000000] ACPI: IOAPIC (id[0x00] address[0xfec00000] gsi_base[0])
[    0.000000] IOAPIC[0]: apic_id 0, version 17, address 0xfec00000, GSI 0-23
[    0.000000] ACPI: INT_SRC_OVR (bus 0 bus_irq 0 global_irq 2 dfl dfl)
[    0.000000] ACPI: INT_SRC_OVR (bus 0 bus_irq 5 global_irq 5 high level)
[    0.000000] ACPI: INT_SRC_OVR (bus 0 bus_irq 9 global_irq 9 high level)
[    0.000000] ACPI: INT_SRC_OVR (bus 0 bus_irq 10 global_irq 10 high level)
[    0.000000] ACPI: INT_SRC_OVR (bus 0 bus_irq 11 global_irq 11 high level)
[    0.000000] Using ACPI (MADT) for SMP configuration information
[    0.000000] ACPI: HPET id: 0x8086a201 base: 0xfed00000
[    0.000000] SMP: Allowing 1 CPUs, 0 hotplug CPUs
[    0.000000] PM: Registered nosave memory: 000000000009f000 - 00000000000a0000
[    0.000000] PM: Registered nosave memory: 00000000000a0000 - 00000000000f0000
[    0.000000] PM: Registered nosave memory: 00000000000f0000 - 0000000000100000
[    0.000000] Allocating PCI resources starting at 4000000 (gap: 4000000:fbfc0000)
[    0.000000] Booting paravirtualized kernel on bare hardware
[    0.000000] setup_percpu: NR_CPUS:64 nr_cpumask_bits:64 nr_cpu_ids:1 nr_node_ids:1
[    0.000000] PERCPU: Embedded 27 pages/cpu @ffff880003a00000 s78848 r8192 d23552 u2097152
[    0.000000] Built 1 zonelists in Node order, mobility grouping on.  Total pages: 16008
[    0.000000] Policy zone: DMA32
[    0.000000] Kernel command line: root=/dev/vda console=tty0 console=ttyS0 no_timer_check
[    0.000000] PID hash table entries: 256 (order: -1, 2048 bytes)
[    0.000000] Checking aperture...
[    0.000000] No AGP bridge found
[    0.000000] Memory: 43492k/65528k available (6576k kernel code, 452k absent, 21584k reserved, 6620k data, 928k init)
[    0.000000] SLUB: Genslabs=15, HWalign=64, Order=0-3, MinObjects=0, CPUs=1, Nodes=1
[    0.000000] Hierarchical RCU implementation.
[    0.000000] 	RCU dyntick-idle grace-period acceleration is enabled.
[    0.000000] NR_IRQS:4352 nr_irqs:256 16
[    0.000000] Console: colour VGA+ 80x25
[    0.000000] console [tty0] enabled
[    0.000000] console [ttyS0] enabled
[    0.000000] allocated 1048576 bytes of page_cgroup
[    0.000000] please try 'cgroup_disable=memory' option if you don't want memory cgroups
[    0.000000] Fast TSC calibration failed
[    0.000000] TSC: Unable to calibrate against PIT
[    0.000000] TSC: using HPET reference calibration
[    0.000000] Detected 2291.393 MHz processor.
[    0.028818] Calibrating delay loop (skipped), value calculated using timer frequency.. 4582.78 BogoMIPS (lpj=9165572)
[    0.033153] pid_max: default: 32768 minimum: 301
[    0.042613] Security Framework initialized
[    0.047085] AppArmor: AppArmor initialized
[    0.048116] Yama: becoming mindful.
[    0.053733] Dentry cache hash table entries: 8192 (order: 4, 65536 bytes)
[    0.056436] Inode-cache hash table entries: 4096 (order: 3, 32768 bytes)
[    0.058323] Mount-cache hash table entries: 256
[    0.076450] Initializing cgroup subsys cpuacct
[    0.077388] Initializing cgroup subsys memory
[    0.078684] Initializing cgroup subsys devices
[    0.079349] Initializing cgroup subsys freezer
[    0.080148] Initializing cgroup subsys blkio
[    0.080866] Initializing cgroup subsys perf_event
[    0.085489] mce: CPU supports 10 MCE banks
[    0.089264] SMP alternatives: switching to UP code
[    0.480316] Freeing SMP alternatives: 24k freed
[    0.484956] ACPI: Core revision 20110623
[    0.531256] ftrace: allocating 26610 entries in 105 pages
[    0.561388] ..TIMER: vector=0x30 apic1=0 pin1=2 apic2=-1 pin2=-1
[    0.562386] CPU0: AMD QEMU Virtual CPU version 2.0.0 stepping 03
[    0.572035] Performance Events: Broken PMU hardware detected, using software events only.
[    0.579368] NMI watchdog disabled (cpu0): hardware events not enabled
[    0.580704] Brought up 1 CPUs
[    0.581340] Total of 1 processors activated (4582.78 BogoMIPS).
[    0.612556] devtmpfs: initialized
[    0.652910] EVM: security.selinux
[    0.653714] EVM: security.SMACK64
[    0.654818] EVM: security.capability
[    0.677635] print_constraints: dummy: 
[    0.679465] RTC time: 15:28:06, date: 12/09/15
[    0.681911] NET: Registered protocol family 16
[    0.696300] ACPI: bus type pci registered
[    0.700384] PCI: Using configuration type 1 for base access
[    0.729850] bio: create slab &lt;bio-0&gt; at 0
[    0.734322] ACPI: Added _OSI(Module Device)
[    0.734999] ACPI: Added _OSI(Processor Device)
[    0.736173] ACPI: Added _OSI(3.0 _SCP Extensions)
[    0.737269] ACPI: Added _OSI(Processor Aggregator Device)
[    0.824552] ACPI: Interpreter enabled
[    0.825305] ACPI: (supports S0 S3 S4 S5)
[    0.826946] ACPI: Using IOAPIC for interrupt routing
[    0.890518] ACPI: No dock devices found.
[    0.891109] HEST: Table not found.
[    0.892192] PCI: Using host bridge windows from ACPI; if necessary, use "pci=nocrs" and report a bug
[    0.897595] ACPI: PCI Root Bridge [PCI0] (domain 0000 [bus 00-ff])
[    0.902397] pci_root PNP0A03:00: host bridge window [io  0x0000-0x0cf7]
[    0.903248] pci_root PNP0A03:00: host bridge window [io  0x0d00-0xadff]
[    0.904120] pci_root PNP0A03:00: host bridge window [io  0xae0f-0xaeff]
[    0.905487] pci_root PNP0A03:00: host bridge window [io  0xaf20-0xafdf]
[    0.906313] pci_root PNP0A03:00: host bridge window [io  0xafe4-0xffff]
[    0.908170] pci_root PNP0A03:00: host bridge window [mem 0x000a0000-0x000bffff]
[    0.909496] pci_root PNP0A03:00: host bridge window [mem 0x04000000-0xfebfffff]
[    0.936293] pci 0000:00:01.3: quirk: [io  0xb000-0xb03f] claimed by PIIX4 ACPI
[    0.937341] pci 0000:00:01.3: quirk: [io  0xb100-0xb10f] claimed by PIIX4 SMB
[    1.006776]  pci0000:00: Unable to request _OSC control (_OSC support mask: 0x1e)
[    1.061849] ACPI: PCI Interrupt Link [LNKA] (IRQs 5 *10 11)
[    1.064742] ACPI: PCI Interrupt Link [LNKB] (IRQs 5 *10 11)
[    1.066707] ACPI: PCI Interrupt Link [LNKC] (IRQs 5 10 *11)
[    1.069304] ACPI: PCI Interrupt Link [LNKD] (IRQs 5 10 *11)
[    1.070675] ACPI: PCI Interrupt Link [LNKS] (IRQs *9)
[    1.077476] vgaarb: device added: PCI:0000:00:02.0,decodes=io+mem,owns=io+mem,locks=none
[    1.078514] vgaarb: loaded
[    1.078860] vgaarb: bridge control possible 0000:00:02.0
[    1.082700] i2c-core: driver [aat2870] using legacy suspend method
[    1.084140] i2c-core: driver [aat2870] using legacy resume method
[    1.086406] SCSI subsystem initialized
[    1.091182] usbcore: registered new interface driver usbfs
[    1.092452] usbcore: registered new interface driver hub
[    1.093759] usbcore: registered new device driver usb
[    1.098203] PCI: Using ACPI for IRQ routing
[    1.111168] NetLabel: Initializing
[    1.112152] NetLabel:  domain hash size = 128
[    1.112791] NetLabel:  protocols = UNLABELED CIPSOv4
[    1.114470] NetLabel:  unlabeled traffic allowed by default
[    1.117642] HPET: 3 timers in total, 0 timers will be used for per-cpu timer
[    1.118928] hpet0: at MMIO 0xfed00000, IRQs 2, 8, 0
[    1.120547] hpet0: 3 comparators, 64-bit 100.000000 MHz counter
[    1.130814] Switching to clocksource hpet
[    1.404018] AppArmor: AppArmor Filesystem Enabled
[    1.406629] pnp: PnP ACPI init
[    1.407369] ACPI: bus type pnp registered
[    1.428141] pnp: PnP ACPI: found 9 devices
[    1.429083] ACPI: ACPI bus type pnp unregistered
[    1.483388] NET: Registered protocol family 2
[    1.517383] IP route cache hash table entries: 512 (order: 0, 4096 bytes)
[    1.524178] TCP established hash table entries: 2048 (order: 3, 32768 bytes)
[    1.526175] TCP bind hash table entries: 2048 (order: 3, 32768 bytes)
[    1.527185] TCP: Hash tables configured (established 2048 bind 2048)
[    1.527984] TCP reno registered
[    1.529116] UDP hash table entries: 128 (order: 0, 4096 bytes)
[    1.529908] UDP-Lite hash table entries: 128 (order: 0, 4096 bytes)
[    1.533573] NET: Registered protocol family 1
[    1.534352] pci 0000:00:00.0: Limiting direct PCI/PCI transfers
[    1.535280] pci 0000:00:01.0: PIIX3: Enabling Passive Release
[    1.535935] pci 0000:00:01.0: Activating ISA DMA hang workarounds
[    1.542007] ACPI: PCI Interrupt Link [LNKD] enabled at IRQ 11
[    1.543059] pci 0000:00:01.2: PCI INT D -&gt; Link[LNKD] -&gt; GSI 11 (level, high) -&gt; IRQ 11
[    1.545907] pci 0000:00:01.2: PCI INT D disabled
[    1.566288] Trying to unpack rootfs image as initramfs...
[    1.595039] audit: initializing netlink socket (disabled)
[    1.597279] type=2000 audit(1449674886.592:1): initialized
[    1.847241] HugeTLB registered 2 MB page size, pre-allocated 0 pages
[    1.913348] VFS: Disk quotas dquot_6.5.2
[    1.915075] Dquot-cache hash table entries: 512 (order 0, 4096 bytes)
[    1.946798] fuse init (API version 7.17)
[    1.950802] msgmni has been set to 84
[    1.994103] Block layer SCSI generic (bsg) driver version 0.4 loaded (major 253)
[    1.995654] io scheduler noop registered
[    1.997671] io scheduler deadline registered (default)
[    1.998848] io scheduler cfq registered
[    2.003052] pci_hotplug: PCI Hot Plug PCI Core version: 0.5
[    2.006152] pciehp: PCI Express Hot Plug Controller Driver version: 0.4
[    2.011870] input: Power Button as /devices/LNXSYSTM:00/LNXPWRBN:00/input/input0
[    2.014606] ACPI: Power Button [PWRF]
[    2.071514] ERST: Table is not found!
[    2.072078] GHES: HEST is not enabled!
[    2.083346] ACPI: PCI Interrupt Link [LNKC] enabled at IRQ 10
[    2.084048] virtio-pci 0000:00:03.0: PCI INT A -&gt; Link[LNKC] -&gt; GSI 10 (level, high) -&gt; IRQ 10
[    2.088128] virtio-pci 0000:00:04.0: PCI INT A -&gt; Link[LNKD] -&gt; GSI 11 (level, high) -&gt; IRQ 11
[    2.106962] ACPI: PCI Interrupt Link [LNKA] enabled at IRQ 10
[    2.107758] virtio-pci 0000:00:05.0: PCI INT A -&gt; Link[LNKA] -&gt; GSI 10 (level, high) -&gt; IRQ 10
[    2.117693] Serial: 8250/16550 driver, 32 ports, IRQ sharing enabled
[    2.163950] serial8250: ttyS0 at I/O 0x3f8 (irq = 4) is a 16550A
[    2.269394] serial8250: ttyS1 at I/O 0x2f8 (irq = 3) is a 16550A
[    2.398735] 00:05: ttyS0 at I/O 0x3f8 (irq = 4) is a 16550A
[    2.484700] 00:06: ttyS1 at I/O 0x2f8 (irq = 3) is a 16550A
[    2.540110] Linux agpgart interface v0.103
[    2.549225] Refined TSC clocksource calibration: 2294.300 MHz.
[    2.550004] Switching to clocksource tsc
[    2.610710] brd: module loaded
[    2.647195] loop: module loaded
[    2.698080]  vda: unknown partition table
[    2.741487] scsi0 : ata_piix
[    2.743799] scsi1 : ata_piix
[    2.746141] ata1: PATA max MWDMA2 cmd 0x1f0 ctl 0x3f6 bmdma 0xc0a0 irq 14
[    2.747188] ata2: PATA max MWDMA2 cmd 0x170 ctl 0x376 bmdma 0xc0a8 irq 15
[    2.757614] Fixed MDIO Bus: probed
[    2.758612] tun: Universal TUN/TAP device driver, 1.6
[    2.759169] tun: (C) 1999-2004 Max Krasnyansky &lt;maxk@qualcomm.com&gt;
[    2.774377] PPP generic driver version 2.4.2
[    2.799835] ehci_hcd: USB 2.0 'Enhanced' Host Controller (EHCI) Driver
[    2.802052] ohci_hcd: USB 1.1 'Open' Host Controller (OHCI) Driver
[    2.803172] uhci_hcd: USB Universal Host Controller Interface driver
[    2.804413] uhci_hcd 0000:00:01.2: PCI INT D -&gt; Link[LNKD] -&gt; GSI 11 (level, high) -&gt; IRQ 11
[    2.807995] uhci_hcd 0000:00:01.2: UHCI Host Controller
[    2.826766] uhci_hcd 0000:00:01.2: new USB bus registered, assigned bus number 1
[    2.829375] uhci_hcd 0000:00:01.2: irq 11, io base 0x0000c040
[    2.855585] hub 1-0:1.0: USB hub found
[    2.857105] hub 1-0:1.0: 2 ports detected
[    2.863960] usbcore: registered new interface driver libusual
[    2.869426] i8042: PNP: PS/2 Controller [PNP0303:KBD,PNP0f13:MOU] at 0x60,0x64 irq 1,12
[    2.881932] serio: i8042 KBD port at 0x60,0x64 irq 1
[    2.884445] serio: i8042 AUX port at 0x60,0x64 irq 12
[    2.926830] mousedev: PS/2 mouse device common for all mice
[    2.952054] input: AT Translated Set 2 keyboard as /devices/platform/i8042/serio0/input/input1
[    2.985269] rtc_cmos 00:01: RTC can wake from S4
[    2.998762] ata2.01: ATAPI: QEMU DVD-ROM, 2.0.0, max UDMA/100
[    3.012527] ata2.01: configured for MWDMA2
[    3.016381] rtc_cmos 00:01: rtc core: registered rtc_cmos as rtc0
[    3.019505] rtc0: alarms up to one day, 114 bytes nvram, hpet irqs
[    3.023574] device-mapper: uevent: version 1.0.3
[    3.072644] device-mapper: ioctl: 4.22.0-ioctl (2011-10-19) initialised: dm-devel@redhat.com
[    3.078743] cpuidle: using governor ladder
[    3.081462] cpuidle: using governor menu
[    3.083698] EFI Variables Facility v0.08 2004-May-17
[    3.102296] TCP cubic registered
[    3.111869] NET: Registered protocol family 10
[    3.143383] NET: Registered protocol family 17
[    3.144313] Registering the dns_resolver key type
[    3.152015] scsi 1:0:1:0: CD-ROM            QEMU     QEMU DVD-ROM     2.0. PQ: 0 ANSI: 5
[    3.179803] sr0: scsi3-mmc drive: 4x/4x cd/rw xa/form2 tray
[    3.185896] cdrom: Uniform CD-ROM driver Revision: 3.20
[    3.207526] sr 1:0:1:0: Attached scsi generic sg0 type 5
[    3.279662] registered taskstats version 1
[    3.464031] Freeing initrd memory: 3656k freed
[    3.931064]   Magic number: 11:230:487
[    3.939354] rtc_cmos 00:01: setting system clock to 2015-12-09 15:28:10 UTC (1449674890)
[    3.941734] powernow-k8: Processor cpuid 663 not supported
[    3.945708] BIOS EDD facility v0.16 2004-Jun-25, 0 devices found
[    3.947144] EDD information not available.
[    3.987540] Freeing unused kernel memory: 928k freed
[    3.994969] Write protecting the kernel read-only data: 12288k
[    4.078324] Freeing unused kernel memory: 1596k freed
[    4.134817] Freeing unused kernel memory: 1184k freed

info: initramfs: up at 4.29
modprobe: module virtio_blk not found in modules.dep
modprobe: module virtio_net not found in modules.dep
info: copying initramfs to /dev/vda
info: initramfs loading root from /dev/vda
info: /etc/init.d/rc.sysinit: up at 8.94
info: container: none
Starting logging: OK
modprobe: module virtio_blk not found in modules.dep
modprobe: module virtio_net not found in modules.dep
WARN: /etc/rc3.d/S10-load-modules failed
Initializing random number generator... done.
Starting acpid: OK
cirros-ds 'local' up at 11.61
found datasource (configdrive, local)
Starting network...
udhcpc (v1.20.1) started
Sending discover...
Sending discover...

2015-12-09 15:30:07,862 24510 INFO     [tempest_lib.common.rest_client] Request (TestNetworkAdvancedServerOps:_run_cleanups): 204 DELETE http://10.0.2.15:9696/v2.0/floatingips/7a8ac4b1-95d8-4964-a520-b6e3f9fb3c43 0.287s
2015-12-09 15:30:07,862 24510 DEBUG    [tempest_lib.common.rest_client] Request - Headers: {'Content-Type': 'application/json', 'Accept': 'application/json', 'X-Auth-Token': '&lt;omitted&gt;'}
        Body: None
    Response - Headers: {'date': 'Wed, 09 Dec 2015 15:30:07 GMT', 'status': '204', 'connection': 'close', 'content-length': '0', 'x-openstack-request-id': 'req-477f73ee-c252-4d0f-b4c7-acba6faa832f'}
        Body: 
2015-12-09 15:30:08,077 24510 INFO     [tempest_lib.common.rest_client] Request (TestNetworkAdvancedServerOps:_run_cleanups): 204 DELETE http://10.0.2.15:8774/v2.1/7d539f84bfed4bf3bb964230d41bf58f/servers/b5499e94-4519-4df2-9e95-6c6c9f20aa10 0.214s
2015-12-09 15:30:08,077 24510 DEBUG    [tempest_lib.common.rest_client] Request - Headers: {'Content-Type': 'application/json', 'Accept': 'application/json', 'X-Auth-Token': '&lt;omitted&gt;'}
        Body: None
    Response - Headers: {'status': '204', 'content-length': '0', 'x-compute-request-id': 'req-36d7bbee-026a-4b81-99b3-4d8d651ea735', 'vary': 'X-OpenStack-Nova-API-Version', 'connection': 'close', 'x-openstack-nova-api-version': '2.1', 'date': 'Wed, 09 Dec 2015 15:30:08 GMT', 'content-type': 'application/json'}
        Body: 
2015-12-09 15:30:08,298 24510 INFO     [tempest_lib.common.rest_client] Request (TestNetworkAdvancedServerOps:_run_cleanups): 200 GET http://10.0.2.15:8774/v2.1/7d539f84bfed4bf3bb964230d41bf58f/servers/b5499e94-4519-4df2-9e95-6c6c9f20aa10 0.220s
2015-12-09 15:30:08,299 24510 DEBUG    [tempest_lib.common.rest_client] Request - Headers: {'Content-Type': 'application/json', 'Accept': 'application/json', 'X-Auth-Token': '&lt;omitted&gt;'}
        Body: None
    Response - Headers: {'status': '200', 'content-length': '1784', 'content-location': 'http://10.0.2.15:8774/v2.1/7d539f84bfed4bf3bb964230d41bf58f/servers/b5499e94-4519-4df2-9e95-6c6c9f20aa10', 'x-compute-request-id': 'req-5029c458-070c-4c55-9e62-b14bf8ae038c', 'vary': 'X-OpenStack-Nova-API-Version', 'connection': 'close', 'x-openstack-nova-api-version': '2.1', 'date': 'Wed, 09 Dec 2015 15:30:08 GMT', 'content-type': 'application/json'}
        Body: {"server": {"status": "ACTIVE", "updated": "2015-12-09T15:30:08Z", "hostId": "0dec5a778588db5e0c1ba870d51ec360f101cabc46d8927faf0df261", "addresses": {"tempest-network-smoke--473245102": [{"OS-EXT-IPS-MAC:mac_addr": "fa:16:3e:cf:e2:ea", "version": 4, "addr": "10.100.0.3", "OS-EXT-IPS:type": "fixed"}, {"OS-EXT-IPS-MAC:mac_addr": "fa:16:3e:cf:e2:ea", "version": 4, "addr": "172.24.4.4", "OS-EXT-IPS:type": "floating"}]}, "links": [{"href": "http://10.0.2.15:8774/v2.1/7d539f84bfed4bf3bb964230d41bf58f/servers/b5499e94-4519-4df2-9e95-6c6c9f20aa10", "rel": "self"}, {"href": "http://10.0.2.15:8774/7d539f84bfed4bf3bb964230d41bf58f/servers/b5499e94-4519-4df2-9e95-6c6c9f20aa10", "rel": "bookmark"}], "key_name": "tempest-TestNetworkAdvancedServerOps-547525540", "image": {"id": "fd3f7629-f8f8-4f0f-9c5d-3474844a1205", "links": [{"href": "http://10.0.2.15:8774/7d539f84bfed4bf3bb964230d41bf58f/images/fd3f7629-f8f8-4f0f-9c5d-3474844a1205", "rel": "bookmark"}]}, "OS-EXT-STS:task_state": "deleting", "OS-EXT-STS:vm_state": "active", "OS-SRV-USG:launched_at": "2015-12-09T15:28:03.000000", "flavor": {"id": "42", "links": [{"href": "http://10.0.2.15:8774/7d539f84bfed4bf3bb964230d41bf58f/flavors/42", "rel": "bookmark"}]}, "id": "b5499e94-4519-4df2-9e95-6c6c9f20aa10", "security_groups": [{"name": "tempest-secgroup-smoke-1636655902"}], "OS-SRV-USG:terminated_at": null, "OS-EXT-AZ:availability_zone": "nova", "user_id": "33194b1f4a0346a08f80b7369e4a3286", "name": "tempest.common.compute-instance-2134979704", "created": "2015-12-09T15:27:59Z", "tenant_id": "7d539f84bfed4bf3bb964230d41bf58f", "OS-DCF:diskConfig": "MANUAL", "os-extended-volumes:volumes_attached": [], "accessIPv4": "", "accessIPv6": "", "progress": 0, "OS-EXT-STS:power_state": 1, "config_drive": "True", "metadata": {}}}
2015-12-09 15:30:09,469 24510 INFO     [tempest_lib.common.rest_client] Request (TestNetworkAdvancedServerOps:_run_cleanups): 200 GET http://10.0.2.15:8774/v2.1/7d539f84bfed4bf3bb964230d41bf58f/servers/b5499e94-4519-4df2-9e95-6c6c9f20aa10 0.158s
2015-12-09 15:30:09,470 24510 DEBUG    [tempest_lib.common.rest_client] Request - Headers: {'Content-Type': 'application/json', 'Accept': 'application/json', 'X-Auth-Token': '&lt;omitted&gt;'}
        Body: None
    Response - Headers: {'status': '200', 'content-length': '1449', 'content-location': 'http://10.0.2.15:8774/v2.1/7d539f84bfed4bf3bb964230d41bf58f/servers/b5499e94-4519-4df2-9e95-6c6c9f20aa10', 'x-compute-request-id': 'req-7e91260a-b535-4896-a694-fb5c76def0d8', 'vary': 'X-OpenStack-Nova-API-Version', 'connection': 'close', 'x-openstack-nova-api-version': '2.1', 'date': 'Wed, 09 Dec 2015 15:30:09 GMT', 'content-type': 'application/json'}
        Body: {"server": {"status": "ACTIVE", "updated": "2015-12-09T15:30:08Z", "hostId": "0dec5a778588db5e0c1ba870d51ec360f101cabc46d8927faf0df261", "addresses": {}, "links": [{"href": "http://10.0.2.15:8774/v2.1/7d539f84bfed4bf3bb964230d41bf58f/servers/b5499e94-4519-4df2-9e95-6c6c9f20aa10", "rel": "self"}, {"href": "http://10.0.2.15:8774/7d539f84bfed4bf3bb964230d41bf58f/servers/b5499e94-4519-4df2-9e95-6c6c9f20aa10", "rel": "bookmark"}], "key_name": "tempest-TestNetworkAdvancedServerOps-547525540", "image": {"id": "fd3f7629-f8f8-4f0f-9c5d-3474844a1205", "links": [{"href": "http://10.0.2.15:8774/7d539f84bfed4bf3bb964230d41bf58f/images/fd3f7629-f8f8-4f0f-9c5d-3474844a1205", "rel": "bookmark"}]}, "OS-EXT-STS:task_state": "deleting", "OS-EXT-STS:vm_state": "active", "OS-SRV-USG:launched_at": "2015-12-09T15:28:03.000000", "flavor": {"id": "42", "links": [{"href": "http://10.0.2.15:8774/7d539f84bfed4bf3bb964230d41bf58f/flavors/42", "rel": "bookmark"}]}, "id": "b5499e94-4519-4df2-9e95-6c6c9f20aa10", "OS-SRV-USG:terminated_at": null, "OS-EXT-AZ:availability_zone": "nova", "user_id": "33194b1f4a0346a08f80b7369e4a3286", "name": "tempest.common.compute-instance-2134979704", "created": "2015-12-09T15:27:59Z", "tenant_id": "7d539f84bfed4bf3bb964230d41bf58f", "OS-DCF:diskConfig": "MANUAL", "os-extended-volumes:volumes_attached": [], "accessIPv4": "", "accessIPv6": "", "progress": 0, "OS-EXT-STS:power_state": 1, "config_drive": "True", "metadata": {}}}
2015-12-09 15:30:10,564 24510 INFO     [tempest_lib.common.rest_client] Request (TestNetworkAdvancedServerOps:_run_cleanups): 404 GET http://10.0.2.15:8774/v2.1/7d539f84bfed4bf3bb964230d41bf58f/servers/b5499e94-4519-4df2-9e95-6c6c9f20aa10 0.084s
2015-12-09 15:30:10,565 24510 DEBUG    [tempest_lib.common.rest_client] Request - Headers: {'Content-Type': 'application/json', 'Accept': 'application/json', 'X-Auth-Token': '&lt;omitted&gt;'}
        Body: None
    Response - Headers: {'status': '404', 'content-length': '111', 'x-compute-request-id': 'req-7ab2dd51-d91c-4ddd-bad1-e22230cba03a', 'vary': 'X-OpenStack-Nova-API-Version', 'connection': 'close', 'x-openstack-nova-api-version': '2.1', 'date': 'Wed, 09 Dec 2015 15:30:10 GMT', 'content-type': 'application/json; charset=UTF-8'}
        Body: {"itemNotFound": {"message": "Instance b5499e94-4519-4df2-9e95-6c6c9f20aa10 could not be found.", "code": 404}}
2015-12-09 15:30:11,040 24510 INFO     [tempest_lib.common.rest_client] Request (TestNetworkAdvancedServerOps:_run_cleanups): 200 PUT http://10.0.2.15:9696/v2.0/routers/f347548f-b969-4c70-8065-581bf1100f97/remove_router_interface 0.474s
2015-12-09 15:30:11,041 24510 DEBUG    [tempest_lib.common.rest_client] Request - Headers: {'Content-Type': 'application/json', 'Accept': 'application/json', 'X-Auth-Token': '&lt;omitted&gt;'}
        Body: {"subnet_id": "6761ae36-d0e4-474d-a811-d20ca72b7538"}
    Response - Headers: {'status': '200', 'content-length': '255', 'connection': 'close', 'date': 'Wed, 09 Dec 2015 15:30:11 GMT', 'content-type': 'application/json; charset=UTF-8', 'x-openstack-request-id': 'req-54ec601e-1f6d-46d3-aa62-2de8d78a538e'}
        Body: {"subnet_id": "6761ae36-d0e4-474d-a811-d20ca72b7538", "tenant_id": "7d539f84bfed4bf3bb964230d41bf58f", "subnet_ids": ["6761ae36-d0e4-474d-a811-d20ca72b7538"], "port_id": "4dfc62ac-b436-4af8-8bd4-b1fb0c364687", "id": "f347548f-b969-4c70-8065-581bf1100f97"}
2015-12-09 15:30:11,581 24510 INFO     [tempest_lib.common.rest_client] Request (TestNetworkAdvancedServerOps:_run_cleanups): 204 DELETE http://10.0.2.15:9696/v2.0/subnets/6761ae36-d0e4-474d-a811-d20ca72b7538 0.540s
2015-12-09 15:30:11,582 24510 DEBUG    [tempest_lib.common.rest_client] Request - Headers: {'Content-Type': 'application/json', 'Accept': 'application/json', 'X-Auth-Token': '&lt;omitted&gt;'}
        Body: None
    Response - Headers: {'date': 'Wed, 09 Dec 2015 15:30:11 GMT', 'status': '204', 'connection': 'close', 'content-length': '0', 'x-openstack-request-id': 'req-4c2950a6-4a68-4d6d-9158-cbbde1c4bacf'}
        Body: 
2015-12-09 15:30:11,806 24510 INFO     [tempest_lib.common.rest_client] Request (TestNetworkAdvancedServerOps:_run_cleanups): 200 GET http://10.0.2.15:9696/v2.0/routers/f347548f-b969-4c70-8065-581bf1100f97 0.222s
2015-12-09 15:30:11,807 24510 DEBUG    [tempest_lib.common.rest_client] Request - Headers: {'Content-Type': 'application/json', 'Accept': 'application/json', 'X-Auth-Token': '&lt;omitted&gt;'}
        Body: None
    Response - Headers: {'status': '200', 'content-length': '564', 'content-location': 'http://10.0.2.15:9696/v2.0/routers/f347548f-b969-4c70-8065-581bf1100f97', 'connection': 'close', 'date': 'Wed, 09 Dec 2015 15:30:11 GMT', 'content-type': 'application/json; charset=UTF-8', 'x-openstack-request-id': 'req-8c972283-baa1-4476-b505-3b9a0007a197'}
        Body: {"router": {"status": "ACTIVE", "external_gateway_info": {"network_id": "104e45ef-f015-429f-8397-8e951fd5a288", "enable_snat": true, "external_fixed_ips": [{"subnet_id": "72195867-46c6-4838-bb5e-81b63c93f7e4", "ip_address": "172.24.4.3"}, {"subnet_id": "e39663bd-ec59-4bcd-b850-f94146e34cc1", "ip_address": "2001:db8::4"}]}, "availability_zone_hints": [], "availability_zones": ["nova"], "name": "tempest-router-smoke-1541124328", "admin_state_up": true, "tenant_id": "7d539f84bfed4bf3bb964230d41bf58f", "routes": [], "id": "f347548f-b969-4c70-8065-581bf1100f97"}}
2015-12-09 15:30:12,394 24510 INFO     [tempest_lib.common.rest_client] Request (TestNetworkAdvancedServerOps:_run_cleanups): 200 PUT http://10.0.2.15:9696/v2.0/routers/f347548f-b969-4c70-8065-581bf1100f97 0.586s
2015-12-09 15:30:12,394 24510 DEBUG    [tempest_lib.common.rest_client] Request - Headers: {'Content-Type': 'application/json', 'Accept': 'application/json', 'X-Auth-Token': '&lt;omitted&gt;'}
        Body: {"router": {"external_gateway_info": {}, "name": "tempest-router-smoke-1541124328", "admin_state_up": true}}
    Response - Headers: {'status': '200', 'content-length': '302', 'connection': 'close', 'date': 'Wed, 09 Dec 2015 15:30:12 GMT', 'content-type': 'application/json; charset=UTF-8', 'x-openstack-request-id': 'req-7814c11a-36f1-45cb-bd76-dfaa08a314dc'}
        Body: {"router": {"status": "ACTIVE", "external_gateway_info": null, "availability_zone_hints": [], "availability_zones": ["nova"], "name": "tempest-router-smoke-1541124328", "admin_state_up": true, "tenant_id": "7d539f84bfed4bf3bb964230d41bf58f", "routes": [], "id": "f347548f-b969-4c70-8065-581bf1100f97"}}
2015-12-09 15:30:12,681 24510 INFO     [tempest_lib.common.rest_client] Request (TestNetworkAdvancedServerOps:_run_cleanups): 204 DELETE http://10.0.2.15:9696/v2.0/routers/f347548f-b969-4c70-8065-581bf1100f97 0.285s
2015-12-09 15:30:12,681 24510 DEBUG    [tempest_lib.common.rest_client] Request - Headers: {'Content-Type': 'application/json', 'Accept': 'application/json', 'X-Auth-Token': '&lt;omitted&gt;'}
        Body: None
    Response - Headers: {'date': 'Wed, 09 Dec 2015 15:30:12 GMT', 'status': '204', 'connection': 'close', 'content-length': '0', 'x-openstack-request-id': 'req-c73ebf32-a93e-45a0-bdb4-a984c2351554'}
        Body: 
2015-12-09 15:30:12,891 24510 INFO     [tempest_lib.common.rest_client] Request (TestNetworkAdvancedServerOps:_run_cleanups): 204 DELETE http://10.0.2.15:9696/v2.0/networks/0e4c855a-6aa1-4c3e-a242-e42bd498da0a 0.208s
2015-12-09 15:30:12,891 24510 DEBUG    [tempest_lib.common.rest_client] Request - Headers: {'Content-Type': 'application/json', 'Accept': 'application/json', 'X-Auth-Token': '&lt;omitted&gt;'}
        Body: None
    Response - Headers: {'date': 'Wed, 09 Dec 2015 15:30:12 GMT', 'status': '204', 'connection': 'close', 'content-length': '0', 'x-openstack-request-id': 'req-5c9cdb0d-6e79-4724-a68d-e63d05073117'}
        Body: 
2015-12-09 15:30:12,951 24510 INFO     [tempest_lib.common.rest_client] Request (TestNetworkAdvancedServerOps:_run_cleanups): 204 DELETE http://10.0.2.15:9696/v2.0/security-group-rules/69310937-80ed-4d4b-a051-efbd0e62c67b 0.059s
2015-12-09 15:30:12,952 24510 DEBUG    [tempest_lib.common.rest_client] Request - Headers: {'Content-Type': 'application/json', 'Accept': 'application/json', 'X-Auth-Token': '&lt;omitted&gt;'}
        Body: None
    Response - Headers: {'date': 'Wed, 09 Dec 2015 15:30:12 GMT', 'status': '204', 'connection': 'close', 'content-length': '0', 'x-openstack-request-id': 'req-23dd04f6-742a-4f96-8a4a-2cc1ebfea26e'}
        Body: 
2015-12-09 15:30:13,012 24510 INFO     [tempest_lib.common.rest_client] Request (TestNetworkAdvancedServerOps:_run_cleanups): 204 DELETE http://10.0.2.15:9696/v2.0/security-group-rules/729e22ec-0bbd-4efb-ad6c-d2e860023f06 0.059s
2015-12-09 15:30:13,013 24510 DEBUG    [tempest_lib.common.rest_client] Request - Headers: {'Content-Type': 'application/json', 'Accept': 'application/json', 'X-Auth-Token': '&lt;omitted&gt;'}
        Body: None
    Response - Headers: {'date': 'Wed, 09 Dec 2015 15:30:13 GMT', 'status': '204', 'connection': 'close', 'content-length': '0', 'x-openstack-request-id': 'req-16ff1de9-155d-455e-a9b7-6570b5c1db48'}
        Body: 
2015-12-09 15:30:13,074 24510 INFO     [tempest_lib.common.rest_client] Request (TestNetworkAdvancedServerOps:_run_cleanups): 204 DELETE http://10.0.2.15:9696/v2.0/security-group-rules/6c6040da-ca6a-4d91-aa51-96975c81a540 0.060s
2015-12-09 15:30:13,074 24510 DEBUG    [tempest_lib.common.rest_client] Request - Headers: {'Content-Type': 'application/json', 'Accept': 'application/json', 'X-Auth-Token': '&lt;omitted&gt;'}
        Body: None
    Response - Headers: {'date': 'Wed, 09 Dec 2015 15:30:13 GMT', 'status': '204', 'connection': 'close', 'content-length': '0', 'x-openstack-request-id': 'req-ddf5e7a6-df10-470a-8824-7b14f9c96bdc'}
        Body: 
2015-12-09 15:30:13,135 24510 INFO     [tempest_lib.common.rest_client] Request (TestNetworkAdvancedServerOps:_run_cleanups): 204 DELETE http://10.0.2.15:9696/v2.0/security-group-rules/284643bb-75a3-47e6-80e2-5a9e6a104c48 0.059s
2015-12-09 15:30:13,135 24510 DEBUG    [tempest_lib.common.rest_client] Request - Headers: {'Content-Type': 'application/json', 'Accept': 'application/json', 'X-Auth-Token': '&lt;omitted&gt;'}
        Body: None
    Response - Headers: {'date': 'Wed, 09 Dec 2015 15:30:13 GMT', 'status': '204', 'connection': 'close', 'content-length': '0', 'x-openstack-request-id': 'req-9a7cad3f-f979-4e85-82ff-6828ca990c0a'}
        Body: 
2015-12-09 15:30:13,194 24510 INFO     [tempest_lib.common.rest_client] Request (TestNetworkAdvancedServerOps:_run_cleanups): 204 DELETE http://10.0.2.15:9696/v2.0/security-group-rules/92a4e05e-929b-45f5-ac14-544a1854778a 0.058s
2015-12-09 15:30:13,194 24510 DEBUG    [tempest_lib.common.rest_client] Request - Headers: {'Content-Type': 'application/json', 'Accept': 'application/json', 'X-Auth-Token': '&lt;omitted&gt;'}
        Body: None
    Response - Headers: {'date': 'Wed, 09 Dec 2015 15:30:13 GMT', 'status': '204', 'connection': 'close', 'content-length': '0', 'x-openstack-request-id': 'req-d05d2704-0e93-4fd4-a3bd-fe8d0595db02'}
        Body: 
2015-12-09 15:30:13,268 24510 INFO     [tempest_lib.common.rest_client] Request (TestNetworkAdvancedServerOps:_run_cleanups): 204 DELETE http://10.0.2.15:9696/v2.0/security-group-rules/54df8947-0058-465a-a804-57f822f01cfa 0.072s
2015-12-09 15:30:13,268 24510 DEBUG    [tempest_lib.common.rest_client] Request - Headers: {'Content-Type': 'application/json', 'Accept': 'application/json', 'X-Auth-Token': '&lt;omitted&gt;'}
        Body: None
    Response - Headers: {'date': 'Wed, 09 Dec 2015 15:30:13 GMT', 'status': '204', 'connection': 'close', 'content-length': '0', 'x-openstack-request-id': 'req-97a8114c-4d81-4f75-b13f-6ca2256ea4d3'}
        Body: 
2015-12-09 15:30:13,363 24510 INFO     [tempest_lib.common.rest_client] Request (TestNetworkAdvancedServerOps:_run_cleanups): 204 DELETE http://10.0.2.15:9696/v2.0/security-groups/25899208-ec18-4ef2-901a-e84b4c343896 0.094s
2015-12-09 15:30:13,364 24510 DEBUG    [tempest_lib.common.rest_client] Request - Headers: {'Content-Type': 'application/json', 'Accept': 'application/json', 'X-Auth-Token': '&lt;omitted&gt;'}
        Body: None
    Response - Headers: {'date': 'Wed, 09 Dec 2015 15:30:13 GMT', 'status': '204', 'connection': 'close', 'content-length': '0', 'x-openstack-request-id': 'req-205a3bda-f609-4761-bd31-8404ba4eff41'}
        Body: 
2015-12-09 15:30:13,387 24510 INFO     [tempest_lib.common.rest_client] Request (TestNetworkAdvancedServerOps:_run_cleanups): 202 DELETE http://10.0.2.15:8774/v2.1/7d539f84bfed4bf3bb964230d41bf58f/os-keypairs/tempest-TestNetworkAdvancedServerOps-547525540 0.023s
2015-12-09 15:30:13,388 24510 DEBUG    [tempest_lib.common.rest_client] Request - Headers: {'Content-Type': 'application/json', 'Accept': 'application/json', 'X-Auth-Token': '&lt;omitted&gt;'}
        Body: None
    Response - Headers: {'status': '202', 'content-length': '0', 'x-compute-request-id': 'req-32988bd2-5b5c-445b-8075-76e5a252041f', 'vary': 'X-OpenStack-Nova-API-Version', 'connection': 'close', 'x-openstack-nova-api-version': '2.1', 'date': 'Wed, 09 Dec 2015 15:30:13 GMT', 'content-type': 'application/json'}
        Body: 
2015-12-09 15:30:13,465 24510 INFO     [tempest_lib.common.rest_client] Request (TestNetworkAdvancedServerOps:_run_cleanups): 404 GET http://10.0.2.15:8774/v2.1/7d539f84bfed4bf3bb964230d41bf58f/servers/b5499e94-4519-4df2-9e95-6c6c9f20aa10 0.076s
2015-12-09 15:30:13,465 24510 DEBUG    [tempest_lib.common.rest_client] Request - Headers: {'Content-Type': 'application/json', 'Accept': 'application/json', 'X-Auth-Token': '&lt;omitted&gt;'}
        Body: None
    Response - Headers: {'status': '404', 'content-length': '111', 'x-compute-request-id': 'req-6029c7bb-1d2e-4c76-bd14-e731c7da4a77', 'vary': 'X-OpenStack-Nova-API-Version', 'connection': 'close', 'x-openstack-nova-api-version': '2.1', 'date': 'Wed, 09 Dec 2015 15:30:13 GMT', 'content-type': 'application/json; charset=UTF-8'}
        Body: {"itemNotFound": {"message": "Instance b5499e94-4519-4df2-9e95-6c6c9f20aa10 could not be found.", "code": 404}}
}}}

Traceback (most recent call last):
  File "tempest/test.py", line 113, in wrapper
    return f(self, *func_args, **func_kwargs)
  File "tempest/scenario/test_network_advanced_server_ops.py", line 134, in test_server_connectivity_pause_unpause
    server, keypair, floating_ip = self._setup_network_and_servers()
  File "tempest/scenario/test_network_advanced_server_ops.py", line 71, in _setup_network_and_servers
    server, keypair, floating_ip)
  File "tempest/scenario/test_network_advanced_server_ops.py", line 95, in _wait_server_status_and_check_network_connectivity
    self._check_network_connectivity(server, keypair, floating_ip)
  File "tempest/scenario/test_network_advanced_server_ops.py", line 88, in _check_network_connectivity
    servers=[server])
  File "tempest/scenario/manager.py", line 606, in check_public_network_connectivity
    should_connect=should_connect)
  File "tempest/scenario/manager.py", line 590, in check_vm_connectivity
    msg=msg)
  File "/usr/local/lib/python2.7/dist-packages/unittest2/case.py", line 702, in assertTrue
    raise self.failureException(msg)
AssertionError: False is not true : Timed out waiting for 172.24.4.4 to become reachable



        </pre>
    </div>
    <!--css div popup end-->

    </td>
</tr>

<tr id='ft1.2' class='none'>
    <td class='failCase'><div class='testcase'>test_server_connectivity_reboot[compute,id-7b6860c2-afa3-4846-9522-adeb38dfbe08,network]</div></td>
    <td colspan='7' align='left'>

    <!--css div popup start-->
    <a class="popup_link" onfocus='this.blur();'
    href="javascript:showTestDetail('div_ft1.2')" >
        fail</a>

    <div id='div_ft1.2' class="popup_window">
        <div style='text-align: right; color:red;cursor:pointer'>
        <a onfocus='this.blur();'
onclick="document.getElementById('div_ft1.2').style.display = 'none' " >
           [x]</a>
        </div>
        <pre>
        
ft1.2: tempest.scenario.test_network_advanced_server_ops.TestNetworkAdvancedServerOps.test_server_connectivity_reboot[compute,id-7b6860c2-afa3-4846-9522-adeb38dfbe08,network]_StringException: Empty attachments:
  stderr
  stdout

