<?xml version="1.0" encoding="UTF-8"?>
<!DOCTYPE html PUBLIC "-//W3C//DTD XHTML 1.0 Strict//EN"
     "http://www.w3.org/TR/xhtml1/DTD/xhtml1-strict.dtd">
<html xmlns="http://www.w3.org/1999/xhtml">
<head>
    <title>Unit Test Report</title>
    <meta name="generator" content="subunit2html 0.1"/>
    <meta http-equiv="Content-Type" content="text/html; charset=UTF-8"/>
    
<style type="text/css" media="screen">
body        { font-family: verdana, arial, helvetica, sans-serif;
    font-size: 80%; }
table       { font-size: 100%; width: 100%;}
pre         { font-size: 80%; }

/* -- heading -------------------------------------------------------------- */
h1 {
        font-size: 16pt;
        color: gray;
}
.heading {
    margin-top: 0ex;
    margin-bottom: 1ex;
}

.heading .attribute {
    margin-top: 1ex;
    margin-bottom: 0;
}

.heading .description {
    margin-top: 4ex;
    margin-bottom: 6ex;
}

/* -- css div popup -------------------------------------------------------- */
a.popup_link {
}

a.popup_link:hover {
    color: red;
}

.popup_window {
    display: none;
    overflow-x: scroll;
    /*border: solid #627173 1px; */
    padding: 10px;
    background-color: #E6E6D6;
    font-family: "Ubuntu Mono", "Lucida Console", "Courier New", monospace;
    text-align: left;
    font-size: 8pt;
}

}
/* -- report --------------------------------------------------------------- */
#show_detail_line {
    margin-top: 3ex;
    margin-bottom: 1ex;
}
#result_table {
    width: 100%;
    border-collapse: collapse;
    border: 1px solid #777;
}
#header_row {
    font-weight: bold;
    color: white;
    background-color: #777;
}
#result_table td {
    border: 1px solid #777;
    padding: 2px;
}
#total_row  { font-weight: bold; }
.passClass  { background-color: #6c6; }
.failClass  { background-color: #c60; }
.errorClass { background-color: #c00; }
.passCase   { color: #6c6; }
.failCase   { color: #c60; font-weight: bold; }
.errorCase  { color: #c00; font-weight: bold; }
.hiddenRow  { display: none; }
.testcase   { margin-left: 2em; }
td.testname {width: 40%}
td.small {width: 40px}

/* -- ending --------------------------------------------------------------- */
#ending {
}

</style>

</head>
<body>
<script language="javascript" type="text/javascript"><!--
output_list = Array();

/* level - 0:Summary; 1:Failed; 2:All */
function showCase(level) {
    trs = document.getElementsByTagName("tr");
    for (var i = 0; i < trs.length; i++) {
        tr = trs[i];
        id = tr.id;
        if (id.substr(0,2) == 'ft') {
            if (level < 1) {
                tr.className = 'hiddenRow';
            }
            else {
                tr.className = '';
            }
        }
        if (id.substr(0,2) == 'pt') {
            if (level > 1) {
                tr.className = '';
            }
            else {
                tr.className = 'hiddenRow';
            }
        }
    }
}


function showClassDetail(cid, count) {
    var id_list = Array(count);
    var toHide = 1;
    for (var i = 0; i < count; i++) {
        tid0 = 't' + cid.substr(1) + '.' + (i+1);
        tid = 'f' + tid0;
        tr = document.getElementById(tid);
        if (!tr) {
            tid = 'p' + tid0;
            tr = document.getElementById(tid);
        }
        id_list[i] = tid;
        if (tr.className) {
            toHide = 0;
        }
    }
    for (var i = 0; i < count; i++) {
        tid = id_list[i];
        if (toHide) {
            document.getElementById('div_'+tid).style.display = 'none'
            document.getElementById(tid).className = 'hiddenRow';
        }
        else {
            document.getElementById(tid).className = '';
        }
    }
}


function showTestDetail(div_id){
    var details_div = document.getElementById(div_id)
    var displayState = details_div.style.display
    // alert(displayState)
    if (displayState != 'block' ) {
        displayState = 'block'
        details_div.style.display = 'block'
    }
    else {
        details_div.style.display = 'none'
    }
}


function html_escape(s) {
    s = s.replace(/&/g,'&amp;');
    s = s.replace(/</g,'&lt;');
    s = s.replace(/>/g,'&gt;');
    return s;
}

/* obsoleted by detail in <div>
function showOutput(id, name) {
    var w = window.open("", //url
                    name,
                    "resizable,scrollbars,status,width=800,height=450");
    d = w.document;
    d.write("<pre>");
    d.write(html_escape(output_list[id]));
    d.write("\n");
    d.write("<a href='javascript:window.close()'>close</a>\n");
    d.write("</pre>\n");
    d.close();
}
*/
--></script>

<div class='heading'>
<h1>Unit Test Report</h1>

<p class='attribute'><strong>Status:</strong> Failure 6</p>

<p class='description'></p>
</div>



<p id='show_detail_line'>Show
<a href='javascript:showCase(0)'>Summary</a>
<a href='javascript:showCase(1)'>Failed</a>
<a href='javascript:showCase(2)'>All</a>
</p>
<table id='result_table'>
<colgroup>
<col align='left' />
<col align='right' />
<col align='right' />
<col align='right' />
<col align='right' />
<col align='right' />
<col align='right' />
<col align='right' />
</colgroup>
<tr id='header_row'>
    <td>Test Group/Test case</td>
    <td>Count</td>
    <td>Pass</td>
    <td>Fail</td>
    <td>Error</td>
    <td>Skip</td>
    <td>View</td>
    <td> </td>
</tr>

<tr class='failClass'>
    <td class="testname">tempest.scenario.test_network_advanced_server_ops.TestNetworkAdvancedServerOps</td>
    <td class="small">6</td>
    <td class="small">0</td>
    <td class="small">6</td>
    <td class="small">0</td>
    <td class="small">0</td>
    <td class="small"><a href="javascript:showClassDetail('c1',6)"
>Detail</a></td>
    <td> </td>
</tr>

<tr id='ft1.1' class='none'>
    <td class='failCase'><div class='testcase'>test_server_connectivity_pause_unpause[compute,id-2b2642db-6568-4b35-b812-eceed3fa20ce,network]</div></td>
    <td colspan='7' align='left'>

    <!--css div popup start-->
    <a class="popup_link" onfocus='this.blur();'
    href="javascript:showTestDetail('div_ft1.1')" >
        fail</a>

    <div id='div_ft1.1' class="popup_window">
        <div style='text-align: right; color:red;cursor:pointer'>
        <a onfocus='this.blur();'
onclick="document.getElementById('div_ft1.1').style.display = 'none' " >
           [x]</a>
        </div>
        <pre>
        
ft1.1: tempest.scenario.test_network_advanced_server_ops.TestNetworkAdvancedServerOps.test_server_connectivity_pause_unpause[compute,id-2b2642db-6568-4b35-b812-eceed3fa20ce,network]_StringException: Empty attachments:
  stderr
  stdout

pythonlogging:'': {{{
2015-12-07 23:23:33,604 20771 INFO     [tempest_lib.common.rest_client] Request (TestNetworkAdvancedServerOps:test_server_connectivity_pause_unpause): 200 POST http://10.0.2.15:8774/v2.1/db11f0d15c6840eea8cd7a75ac79c10c/os-keypairs 0.641s
2015-12-07 23:23:33,605 20771 DEBUG    [tempest_lib.common.rest_client] Request - Headers: {'Content-Type': 'application/json', 'Accept': 'application/json', 'X-Auth-Token': '&lt;omitted&gt;'}
        Body: {"keypair": {"name": "tempest-TestNetworkAdvancedServerOps-2129829665"}}
    Response - Headers: {'status': '200', 'content-length': '2334', 'x-compute-request-id': 'req-3e303bc3-9234-46f5-9e06-90078d05d474', 'vary': 'X-OpenStack-Nova-API-Version', 'connection': 'close', 'x-openstack-nova-api-version': '2.1', 'date': 'Mon, 07 Dec 2015 23:23:33 GMT', 'content-type': 'application/json'}
        Body: {"keypair": {"public_key": "ssh-rsa AAAAB3NzaC1yc2EAAAADAQABAAABAQC/urr/2gx+Gm/wMARM6jNayt/Jy13eYoo6bGQRMoJ/0xRucpEidmcwWAqAH3wjD6g7mBF/X6Dj0VcH+uirnApDy6Ak4iGEFdPOg6l2+NzrWKaJenmzbuBgtvZYHytBynfxxWk/gOf0rk6DudYu1yysc9L+/I7PnTdaoGHNrrvacQs7tvB4W4tKmWU1K19U5jfyG2ddk6YjUkeTcFceo2KSubSNX7TUCaTeYivKjgwgH2VMrfV84EIyY+y30UlbuynKf6TZZxUkWrPVoPROJnzGEM+dWAaTSItcZR7ACZzB2JmBEkETRhLwmQVq8tQ9I5u3sPXBXgxgpDuVspvDHzrn Generated-by-Nova", "private_key": "-----BEGIN RSA PRIVATE KEY-----\nMIIEqgIBAAKCAQEAv7q6/9oMfhpv8DAETOozWsrfyctd3mKKOmxkETKCf9MUbnKR\nInZnMFgKgB98Iw+oO5gRf1+g49FXB/roq5wKQ8ugJOIhhBXTzoOpdvjc61imiXp5\ns27gYLb2WB8rQcp38cVpP4Dn9K5Og7nWLtcsrHPS/vyOz503WqBhza672nELO7bw\neFuLSpllNStfVOY38htnXZOmI1JHk3BXHqNikrm0jV+01Amk3mIryo4MIB9lTK31\nfOBCMmPst9FJW7spyn+k2WcVJFqz1aD0TiZ8xhDPnVgGk0iLXGUewAmcwdiZgRJB\nE0YS8JkFavLUPSObt7D1wV4MYKQ7lbKbwx865wIDAQABAoIBAQCsw2gpj6PeJZhk\nSAA4BnlMAK7yuOvWrdh8mJr63Ba3c85fT6Dz+tk0uMCNftFvDna7bGWn7tWdM09H\nA5KQwESHnn6pfZJR4RFAb2dOqyT2dKVsEA6F3w0UWQlVkpB58iVumEIkVNWupzpc\nfCJBhubcZmnkFlPhRHtSkF5Q5nijddXdpCrCdEUK/qtA2hQBdO+8iJN/ku392bZQ\nU/AOWFFWm0iGSI+F5gQl/pg3ZVH//atu6JZTkkdKsQs73ayzJnBJJqlBFnea6k79\nVkhgvHr7GO+UA9xLTPfQ9B5KFym/dUbBv63fGCOyL9b6TKbZCJav7nfoqwqPiGnY\n+h/QLDoBAoIAgQDUrI7+g4TzD12HAxs8EEX6JgYFuLObO3yPJxvuWsm0KqaTBYST\n3Z3p8K+sbhajgouW0WfZWEm7V212U3RVSlSPpWalFoCPUhu6bWQvJn4ankpKKgw5\nygNd9+z+x9ijIxHTZ3Yqa/1sG9Mv3VTloFhHNlFl167EznhYNdANEey7ZwKCAIEA\n5sncVQJBSBSDxq88NC04sKbB94foH/zcZ382Qwpe6AYIBQ9oPjaZL9x1QGHTl05/\n2/yoGhiad8hYw3tlOxbbpC2L/Oj0VvrSdebU54b0e0P/LVC9YnpZoj0iMxGUXD9v\ntVzIgbdgFVaDXVwlt5XMy+paivu7SEDgg3yVOdiRVIECggCBAMS4nUiFxVvDccLq\nN632a5Q4ycdPEyva+Zu9FFQFPKBf91b1eq4ACAsWLJl195Dlt1MZflMIHKOi+kjC\nZ1BhghihaXH5f4+S5r0qZMpMc8cRdixl+osV9slcBKejmhtE3D9Na3tQCsmOb2nN\n9LK3ABFXCDIJMMsxJRaLKFh+pRivAoIAgCgicJuj8cBcOPJjZP/Z4WLvDQpD6z0s\n1xN0jvYnpouJCPoATOuMySUGnKlemdJVR2z1SjKHls0/3RfZrKgS+I1bkl2gEWXS\n5qi0RNAiqv+IuqahxN2MU2wgX4MsCnXkXkPW59OPFTmAuwWQUcrUVTIdBjPnRRFy\nntie4MCXheaBAoIAgQDIr2OvfhuHbGulByXyWhNTpMlftyRjYQMqFH7ss+MrcLi2\n3pDEpT+FOodiw1iY5qlNBo+2AeDTdWRh3OeLTgcPHE+1bhHwVkBbuHKkBvxFqlEx\nmzfbXyme1vXLPQEHpaDMorZ9FFmFBx/tJRE7OoDvJWAiurEKAokPqZC5PiWTDA==\n-----END RSA PRIVATE KEY-----\n", "user_id": "20942a6b40724025b030d206ac84cda5", "name": "tempest-TestNetworkAdvancedServerOps-2129829665", "fingerprint": "76:c8:91:63:11:9a:47:20:83:7a:65:f3:03:60:f9:b1"}}
2015-12-07 23:23:33,963 20771 INFO     [tempest_lib.common.rest_client] Request (TestNetworkAdvancedServerOps:test_server_connectivity_pause_unpause): 201 POST http://10.0.2.15:9696/v2.0/security-groups 0.352s
2015-12-07 23:23:33,964 20771 DEBUG    [tempest_lib.common.rest_client] Request - Headers: {'Content-Type': 'application/json', 'Accept': 'application/json', 'X-Auth-Token': '&lt;omitted&gt;'}
        Body: {"security_group": {"tenant_id": "db11f0d15c6840eea8cd7a75ac79c10c", "description": "tempest-secgroup-smoke-1938918294 description", "name": "tempest-secgroup-smoke-1938918294"}}
    Response - Headers: {'status': '201', 'content-length': '888', 'connection': 'close', 'date': 'Mon, 07 Dec 2015 23:23:33 GMT', 'content-type': 'application/json; charset=UTF-8', 'x-openstack-request-id': 'req-224657c5-d2df-4d57-ae16-7f3bd09e0770'}
        Body: {"security_group": {"tenant_id": "db11f0d15c6840eea8cd7a75ac79c10c", "description": "tempest-secgroup-smoke-1938918294 description", "id": "a4535d7b-65a9-4c96-9ac6-75adcecf6c66", "security_group_rules": [{"remote_group_id": null, "direction": "egress", "remote_ip_prefix": null, "protocol": null, "ethertype": "IPv4", "tenant_id": "db11f0d15c6840eea8cd7a75ac79c10c", "port_range_max": null, "port_range_min": null, "id": "02a4cae7-1234-439c-b582-ef3026a5edeb", "security_group_id": "a4535d7b-65a9-4c96-9ac6-75adcecf6c66"}, {"remote_group_id": null, "direction": "egress", "remote_ip_prefix": null, "protocol": null, "ethertype": "IPv6", "tenant_id": "db11f0d15c6840eea8cd7a75ac79c10c", "port_range_max": null, "port_range_min": null, "id": "e1b1c6eb-d7c7-4fd0-98c9-f09a0d77986c", "security_group_id": "a4535d7b-65a9-4c96-9ac6-75adcecf6c66"}], "name": "tempest-secgroup-smoke-1938918294"}}
2015-12-07 23:23:34,097 20771 INFO     [tempest_lib.common.rest_client] Request (TestNetworkAdvancedServerOps:test_server_connectivity_pause_unpause): 201 POST http://10.0.2.15:9696/v2.0/security-group-rules 0.131s
2015-12-07 23:23:34,098 20771 DEBUG    [tempest_lib.common.rest_client] Request - Headers: {'Content-Type': 'application/json', 'Accept': 'application/json', 'X-Auth-Token': '&lt;omitted&gt;'}
        Body: {"security_group_rule": {"direction": "ingress", "protocol": "tcp", "tenant_id": "db11f0d15c6840eea8cd7a75ac79c10c", "port_range_max": 22, "security_group_id": "a4535d7b-65a9-4c96-9ac6-75adcecf6c66", "port_range_min": 22}}
    Response - Headers: {'status': '201', 'content-length': '340', 'connection': 'close', 'date': 'Mon, 07 Dec 2015 23:23:34 GMT', 'content-type': 'application/json; charset=UTF-8', 'x-openstack-request-id': 'req-9294fa0d-7f54-40d5-a03e-0a2a98896c25'}
        Body: {"security_group_rule": {"remote_group_id": null, "direction": "ingress", "remote_ip_prefix": null, "protocol": "tcp", "ethertype": "IPv4", "tenant_id": "db11f0d15c6840eea8cd7a75ac79c10c", "port_range_max": 22, "port_range_min": 22, "id": "20734497-214a-4d28-9335-3e8d1cef0caf", "security_group_id": "a4535d7b-65a9-4c96-9ac6-75adcecf6c66"}}
2015-12-07 23:23:34,226 20771 INFO     [tempest_lib.common.rest_client] Request (TestNetworkAdvancedServerOps:test_server_connectivity_pause_unpause): 201 POST http://10.0.2.15:9696/v2.0/security-group-rules 0.128s
2015-12-07 23:23:34,227 20771 DEBUG    [tempest_lib.common.rest_client] Request - Headers: {'Content-Type': 'application/json', 'Accept': 'application/json', 'X-Auth-Token': '&lt;omitted&gt;'}
        Body: {"security_group_rule": {"direction": "egress", "protocol": "tcp", "tenant_id": "db11f0d15c6840eea8cd7a75ac79c10c", "port_range_max": 22, "security_group_id": "a4535d7b-65a9-4c96-9ac6-75adcecf6c66", "port_range_min": 22}}
    Response - Headers: {'status': '201', 'content-length': '339', 'connection': 'close', 'date': 'Mon, 07 Dec 2015 23:23:34 GMT', 'content-type': 'application/json; charset=UTF-8', 'x-openstack-request-id': 'req-c7cf1152-885a-4301-9d11-d2249b75b08d'}
        Body: {"security_group_rule": {"remote_group_id": null, "direction": "egress", "remote_ip_prefix": null, "protocol": "tcp", "ethertype": "IPv4", "tenant_id": "db11f0d15c6840eea8cd7a75ac79c10c", "port_range_max": 22, "port_range_min": 22, "id": "ccf3daab-e6e4-4665-a1ca-8ec22bc01cec", "security_group_id": "a4535d7b-65a9-4c96-9ac6-75adcecf6c66"}}
2015-12-07 23:23:34,351 20771 INFO     [tempest_lib.common.rest_client] Request (TestNetworkAdvancedServerOps:test_server_connectivity_pause_unpause): 201 POST http://10.0.2.15:9696/v2.0/security-group-rules 0.123s
2015-12-07 23:23:34,352 20771 DEBUG    [tempest_lib.common.rest_client] Request - Headers: {'Content-Type': 'application/json', 'Accept': 'application/json', 'X-Auth-Token': '&lt;omitted&gt;'}
        Body: {"security_group_rule": {"tenant_id": "db11f0d15c6840eea8cd7a75ac79c10c", "direction": "ingress", "protocol": "icmp", "security_group_id": "a4535d7b-65a9-4c96-9ac6-75adcecf6c66"}}
    Response - Headers: {'status': '201', 'content-length': '345', 'connection': 'close', 'date': 'Mon, 07 Dec 2015 23:23:34 GMT', 'content-type': 'application/json; charset=UTF-8', 'x-openstack-request-id': 'req-12f9a980-8086-4ff0-a036-b5db62d9d82d'}
        Body: {"security_group_rule": {"remote_group_id": null, "direction": "ingress", "remote_ip_prefix": null, "protocol": "icmp", "ethertype": "IPv4", "tenant_id": "db11f0d15c6840eea8cd7a75ac79c10c", "port_range_max": null, "port_range_min": null, "id": "c367db23-bf8c-4c5a-8ec6-0c2253e257b0", "security_group_id": "a4535d7b-65a9-4c96-9ac6-75adcecf6c66"}}
2015-12-07 23:23:34,475 20771 INFO     [tempest_lib.common.rest_client] Request (TestNetworkAdvancedServerOps:test_server_connectivity_pause_unpause): 201 POST http://10.0.2.15:9696/v2.0/security-group-rules 0.122s
2015-12-07 23:23:34,476 20771 DEBUG    [tempest_lib.common.rest_client] Request - Headers: {'Content-Type': 'application/json', 'Accept': 'application/json', 'X-Auth-Token': '&lt;omitted&gt;'}
        Body: {"security_group_rule": {"tenant_id": "db11f0d15c6840eea8cd7a75ac79c10c", "direction": "egress", "protocol": "icmp", "security_group_id": "a4535d7b-65a9-4c96-9ac6-75adcecf6c66"}}
    Response - Headers: {'status': '201', 'content-length': '344', 'connection': 'close', 'date': 'Mon, 07 Dec 2015 23:23:34 GMT', 'content-type': 'application/json; charset=UTF-8', 'x-openstack-request-id': 'req-96759552-ac3b-4e1a-a9c9-b5947a56c8ad'}
        Body: {"security_group_rule": {"remote_group_id": null, "direction": "egress", "remote_ip_prefix": null, "protocol": "icmp", "ethertype": "IPv4", "tenant_id": "db11f0d15c6840eea8cd7a75ac79c10c", "port_range_max": null, "port_range_min": null, "id": "5dc02395-df1e-46aa-8b2f-536dc2c56fd4", "security_group_id": "a4535d7b-65a9-4c96-9ac6-75adcecf6c66"}}
2015-12-07 23:23:34,597 20771 INFO     [tempest_lib.common.rest_client] Request (TestNetworkAdvancedServerOps:test_server_connectivity_pause_unpause): 201 POST http://10.0.2.15:9696/v2.0/security-group-rules 0.120s
2015-12-07 23:23:34,598 20771 DEBUG    [tempest_lib.common.rest_client] Request - Headers: {'Content-Type': 'application/json', 'Accept': 'application/json', 'X-Auth-Token': '&lt;omitted&gt;'}
        Body: {"security_group_rule": {"tenant_id": "db11f0d15c6840eea8cd7a75ac79c10c", "direction": "ingress", "security_group_id": "a4535d7b-65a9-4c96-9ac6-75adcecf6c66", "protocol": "icmp", "ethertype": "IPv6"}}
    Response - Headers: {'status': '201', 'content-length': '345', 'connection': 'close', 'date': 'Mon, 07 Dec 2015 23:23:34 GMT', 'content-type': 'application/json; charset=UTF-8', 'x-openstack-request-id': 'req-d4654e3e-a953-4b80-a06e-1ce1ef88fbc0'}
        Body: {"security_group_rule": {"remote_group_id": null, "direction": "ingress", "remote_ip_prefix": null, "protocol": "icmp", "ethertype": "IPv6", "tenant_id": "db11f0d15c6840eea8cd7a75ac79c10c", "port_range_max": null, "port_range_min": null, "id": "501bb0fc-f2e1-4b5c-bed4-45066f43e021", "security_group_id": "a4535d7b-65a9-4c96-9ac6-75adcecf6c66"}}
2015-12-07 23:23:34,729 20771 INFO     [tempest_lib.common.rest_client] Request (TestNetworkAdvancedServerOps:test_server_connectivity_pause_unpause): 201 POST http://10.0.2.15:9696/v2.0/security-group-rules 0.130s
2015-12-07 23:23:34,730 20771 DEBUG    [tempest_lib.common.rest_client] Request - Headers: {'Content-Type': 'application/json', 'Accept': 'application/json', 'X-Auth-Token': '&lt;omitted&gt;'}
        Body: {"security_group_rule": {"tenant_id": "db11f0d15c6840eea8cd7a75ac79c10c", "direction": "egress", "security_group_id": "a4535d7b-65a9-4c96-9ac6-75adcecf6c66", "protocol": "icmp", "ethertype": "IPv6"}}
    Response - Headers: {'status': '201', 'content-length': '344', 'connection': 'close', 'date': 'Mon, 07 Dec 2015 23:23:34 GMT', 'content-type': 'application/json; charset=UTF-8', 'x-openstack-request-id': 'req-dc2d4b23-1a4e-4a57-85f7-2a75a4abfc83'}
        Body: {"security_group_rule": {"remote_group_id": null, "direction": "egress", "remote_ip_prefix": null, "protocol": "icmp", "ethertype": "IPv6", "tenant_id": "db11f0d15c6840eea8cd7a75ac79c10c", "port_range_max": null, "port_range_min": null, "id": "38a57e53-dad3-4f11-ac01-a9a0ec09ccff", "security_group_id": "a4535d7b-65a9-4c96-9ac6-75adcecf6c66"}}
2015-12-07 23:23:34,926 20771 INFO     [tempest_lib.common.rest_client] Request (TestNetworkAdvancedServerOps:test_server_connectivity_pause_unpause): 201 POST http://10.0.2.15:9696/v2.0/networks 0.194s
2015-12-07 23:23:34,927 20771 DEBUG    [tempest_lib.common.rest_client] Request - Headers: {'Content-Type': 'application/json', 'Accept': 'application/json', 'X-Auth-Token': '&lt;omitted&gt;'}
        Body: {"network": {"tenant_id": "db11f0d15c6840eea8cd7a75ac79c10c", "name": "tempest-network-smoke--181710315"}}
    Response - Headers: {'status': '201', 'content-length': '328', 'connection': 'close', 'date': 'Mon, 07 Dec 2015 23:23:34 GMT', 'content-type': 'application/json; charset=UTF-8', 'x-openstack-request-id': 'req-c4f58dfd-2562-40df-a5b1-7eaad3f884f6'}
        Body: {"network": {"status": "ACTIVE", "subnets": [], "availability_zone_hints": "[]", "name": "tempest-network-smoke--181710315", "admin_state_up": true, "tenant_id": "db11f0d15c6840eea8cd7a75ac79c10c", "mtu": 0, "router:external": false, "shared": false, "port_security_enabled": true, "id": "e536e13a-5283-46b0-a0e0-c72527469556"}}
2015-12-07 23:23:35,015 20771 INFO     [tempest_lib.common.rest_client] Request (TestNetworkAdvancedServerOps:test_server_connectivity_pause_unpause): 201 POST http://10.0.2.15:9696/v2.0/routers 0.086s
2015-12-07 23:23:35,015 20771 DEBUG    [tempest_lib.common.rest_client] Request - Headers: {'Content-Type': 'application/json', 'Accept': 'application/json', 'X-Auth-Token': '&lt;omitted&gt;'}
        Body: {"router": {"tenant_id": "db11f0d15c6840eea8cd7a75ac79c10c", "name": "tempest-router-smoke-1090514678", "admin_state_up": true}}
    Response - Headers: {'status': '201', 'content-length': '296', 'connection': 'close', 'date': 'Mon, 07 Dec 2015 23:23:35 GMT', 'content-type': 'application/json; charset=UTF-8', 'x-openstack-request-id': 'req-6a72c353-1c79-4ffa-87be-2a46053e8b3e'}
        Body: {"router": {"status": "ACTIVE", "external_gateway_info": null, "availability_zone_hints": [], "availability_zones": [], "name": "tempest-router-smoke-1090514678", "admin_state_up": true, "tenant_id": "db11f0d15c6840eea8cd7a75ac79c10c", "routes": [], "id": "bfcf4640-309e-46d2-9811-3eec33f7f77a"}}
2015-12-07 23:23:35,073 20771 INFO     [tempest_lib.common.rest_client] Request (TestNetworkAdvancedServerOps:test_server_connectivity_pause_unpause): 200 GET http://10.0.2.15:9696/v2.0/routers/bfcf4640-309e-46d2-9811-3eec33f7f77a 0.056s
2015-12-07 23:23:35,074 20771 DEBUG    [tempest_lib.common.rest_client] Request - Headers: {'Content-Type': 'application/json', 'Accept': 'application/json', 'X-Auth-Token': '&lt;omitted&gt;'}
        Body: None
    Response - Headers: {'status': '200', 'content-length': '296', 'content-location': 'http://10.0.2.15:9696/v2.0/routers/bfcf4640-309e-46d2-9811-3eec33f7f77a', 'connection': 'close', 'date': 'Mon, 07 Dec 2015 23:23:35 GMT', 'content-type': 'application/json; charset=UTF-8', 'x-openstack-request-id': 'req-0411ff73-07cc-4454-b948-0cad88e6f640'}
        Body: {"router": {"status": "ACTIVE", "external_gateway_info": null, "availability_zone_hints": [], "availability_zones": [], "name": "tempest-router-smoke-1090514678", "admin_state_up": true, "tenant_id": "db11f0d15c6840eea8cd7a75ac79c10c", "routes": [], "id": "bfcf4640-309e-46d2-9811-3eec33f7f77a"}}
2015-12-07 23:23:35,845 20771 INFO     [tempest_lib.common.rest_client] Request (TestNetworkAdvancedServerOps:test_server_connectivity_pause_unpause): 200 PUT http://10.0.2.15:9696/v2.0/routers/bfcf4640-309e-46d2-9811-3eec33f7f77a 0.769s
2015-12-07 23:23:35,845 20771 DEBUG    [tempest_lib.common.rest_client] Request - Headers: {'Content-Type': 'application/json', 'Accept': 'application/json', 'X-Auth-Token': '&lt;omitted&gt;'}
        Body: {"router": {"external_gateway_info": {"network_id": "f1dbe7ea-b5ac-41bc-ae8d-67d709b03b42"}, "name": "tempest-router-smoke-1090514678", "admin_state_up": true}}
    Response - Headers: {'status': '200', 'content-length': '558', 'connection': 'close', 'date': 'Mon, 07 Dec 2015 23:23:35 GMT', 'content-type': 'application/json; charset=UTF-8', 'x-openstack-request-id': 'req-09c364c2-1a32-4c17-8351-9e8b8e9764c4'}
        Body: {"router": {"status": "ACTIVE", "external_gateway_info": {"network_id": "f1dbe7ea-b5ac-41bc-ae8d-67d709b03b42", "enable_snat": true, "external_fixed_ips": [{"subnet_id": "510089be-5802-4dfe-ae9d-d5ee35eff872", "ip_address": "172.24.4.3"}, {"subnet_id": "09ba4b62-0e75-4ec2-b262-7ac0f65da014", "ip_address": "2001:db8::4"}]}, "availability_zone_hints": [], "availability_zones": [], "name": "tempest-router-smoke-1090514678", "admin_state_up": true, "tenant_id": "db11f0d15c6840eea8cd7a75ac79c10c", "routes": [], "id": "bfcf4640-309e-46d2-9811-3eec33f7f77a"}}
2015-12-07 23:23:35,989 20771 INFO     [tempest_lib.common.rest_client] Request (TestNetworkAdvancedServerOps:test_server_connectivity_pause_unpause): 200 GET http://10.0.2.15:9696/v2.0/subnets?tenant_id=db11f0d15c6840eea8cd7a75ac79c10c&amp;cidr=10.100.0.0%2F28 0.143s
2015-12-07 23:23:35,990 20771 DEBUG    [tempest_lib.common.rest_client] Request - Headers: {'Content-Type': 'application/json', 'Accept': 'application/json', 'X-Auth-Token': '&lt;omitted&gt;'}
        Body: None
    Response - Headers: {'status': '200', 'content-length': '15', 'content-location': 'http://10.0.2.15:9696/v2.0/subnets?tenant_id=db11f0d15c6840eea8cd7a75ac79c10c&amp;cidr=10.100.0.0%2F28', 'connection': 'close', 'date': 'Mon, 07 Dec 2015 23:23:35 GMT', 'content-type': 'application/json; charset=UTF-8', 'x-openstack-request-id': 'req-d9309f35-7d65-453d-96b5-cecbfbb3ef6e'}
        Body: {"subnets": []}
2015-12-07 23:23:36,312 20771 INFO     [tempest_lib.common.rest_client] Request (TestNetworkAdvancedServerOps:test_server_connectivity_pause_unpause): 201 POST http://10.0.2.15:9696/v2.0/subnets 0.321s
2015-12-07 23:23:36,312 20771 DEBUG    [tempest_lib.common.rest_client] Request - Headers: {'Content-Type': 'application/json', 'Accept': 'application/json', 'X-Auth-Token': '&lt;omitted&gt;'}
        Body: {"subnet": {"ip_version": 4, "tenant_id": "db11f0d15c6840eea8cd7a75ac79c10c", "cidr": "10.100.0.0/28", "network_id": "e536e13a-5283-46b0-a0e0-c72527469556", "name": "tempest-subnet-smoke-221322298"}}
    Response - Headers: {'status': '201', 'content-length': '477', 'connection': 'close', 'date': 'Mon, 07 Dec 2015 23:23:36 GMT', 'content-type': 'application/json; charset=UTF-8', 'x-openstack-request-id': 'req-84ab5b1d-e4f5-49bf-b36c-2a455383e4a0'}
        Body: {"subnet": {"name": "tempest-subnet-smoke-221322298", "enable_dhcp": true, "network_id": "e536e13a-5283-46b0-a0e0-c72527469556", "tenant_id": "db11f0d15c6840eea8cd7a75ac79c10c", "dns_nameservers": [], "gateway_ip": "10.100.0.1", "ipv6_ra_mode": null, "allocation_pools": [{"start": "10.100.0.2", "end": "10.100.0.14"}], "host_routes": [], "ip_version": 4, "ipv6_address_mode": null, "cidr": "10.100.0.0/28", "id": "11a64573-f268-48bb-9be8-bd9cb2a1413d", "subnetpool_id": null}}
2015-12-07 23:23:36,862 20771 INFO     [tempest_lib.common.rest_client] Request (TestNetworkAdvancedServerOps:test_server_connectivity_pause_unpause): 200 PUT http://10.0.2.15:9696/v2.0/routers/bfcf4640-309e-46d2-9811-3eec33f7f77a/add_router_interface 0.549s
2015-12-07 23:23:36,863 20771 DEBUG    [tempest_lib.common.rest_client] Request - Headers: {'Content-Type': 'application/json', 'Accept': 'application/json', 'X-Auth-Token': '&lt;omitted&gt;'}
        Body: {"subnet_id": "11a64573-f268-48bb-9be8-bd9cb2a1413d"}
    Response - Headers: {'status': '200', 'content-length': '255', 'connection': 'close', 'date': 'Mon, 07 Dec 2015 23:23:36 GMT', 'content-type': 'application/json; charset=UTF-8', 'x-openstack-request-id': 'req-f9923cfe-d4ba-4921-8d48-94035bb0790d'}
        Body: {"subnet_id": "11a64573-f268-48bb-9be8-bd9cb2a1413d", "tenant_id": "db11f0d15c6840eea8cd7a75ac79c10c", "subnet_ids": ["11a64573-f268-48bb-9be8-bd9cb2a1413d"], "port_id": "fbec40ce-6d44-49d2-91f5-254d722694d9", "id": "bfcf4640-309e-46d2-9811-3eec33f7f77a"}
2015-12-07 23:23:36,948 20771 INFO     [tempest_lib.common.rest_client] Request (TestNetworkAdvancedServerOps:test_server_connectivity_pause_unpause): 200 POST http://10.0.2.15:5000/v2.0/tokens
2015-12-07 23:23:36,948 20771 DEBUG    [tempest_lib.common.rest_client] Request - Headers: {'Content-Type': 'application/json', 'Accept': 'application/json'}
        Body: &lt;omitted&gt;
    Response - Headers: {'status': '200', 'content-length': '2566', 'vary': 'X-Auth-Token', 'server': 'Apache/2.4.7 (Ubuntu)', 'connection': 'close', 'date': 'Mon, 07 Dec 2015 23:23:36 GMT', 'content-type': 'application/json', 'x-openstack-request-id': 'req-faaf39a8-0b14-485c-b717-6104d1d5db34'}
        Body: {"access": {"token": {"issued_at": "2015-12-07T23:23:36.939730", "expires": "2015-12-08T00:23:36Z", "id": "07ef60209cd046daa28beec8978019f0", "tenant": {"description": "tempest-TestNetworkAdvancedServerOps-1533802991-desc", "enabled": true, "id": "db11f0d15c6840eea8cd7a75ac79c10c", "name": "tempest-TestNetworkAdvancedServerOps-1533802991"}, "audit_ids": ["kaZ3MhwOS9O8kIzC83v_dw"]}, "serviceCatalog": [{"endpoints": [{"adminURL": "http://10.0.2.15:8774/v2.1/db11f0d15c6840eea8cd7a75ac79c10c", "region": "RegionOne", "internalURL": "http://10.0.2.15:8774/v2.1/db11f0d15c6840eea8cd7a75ac79c10c", "id": "30812fb3de9b4f9ea9253df6177c551a", "publicURL": "http://10.0.2.15:8774/v2.1/db11f0d15c6840eea8cd7a75ac79c10c"}], "endpoints_links": [], "type": "compute", "name": "nova"}, {"endpoints": [{"adminURL": "http://10.0.2.15:9696/", "region": "RegionOne", "internalURL": "http://10.0.2.15:9696/", "id": "2372dd5742ff468cb0c224afd1a17804", "publicURL": "http://10.0.2.15:9696/"}], "endpoints_links": [], "type": "network", "name": "neutron"}, {"endpoints": [{"adminURL": "http://10.0.2.15:9292", "region": "RegionOne", "internalURL": "http://10.0.2.15:9292", "id": "7b4f7bdff6fa4f9abf24da345e44dd53", "publicURL": "http://10.0.2.15:9292"}], "endpoints_links": [], "type": "image", "name": "glance"}, {"endpoints": [{"adminURL": "http://10.0.2.15:8774/v2/db11f0d15c6840eea8cd7a75ac79c10c", "region": "RegionOne", "internalURL": "http://10.0.2.15:8774/v2/db11f0d15c6840eea8cd7a75ac79c10c", "id": "4b081eaa7b0c46ba98752b235ced0b61", "publicURL": "http://10.0.2.15:8774/v2/db11f0d15c6840eea8cd7a75ac79c10c"}], "endpoints_links": [], "type": "compute_legacy", "name": "nova_legacy"}, {"endpoints": [{"adminURL": "http://10.0.2.15:8773/", "region": "RegionOne", "internalURL": "http://10.0.2.15:8773/", "id": "1565d3a64e8b49e5824f6507b99cd815", "publicURL": "http://10.0.2.15:8773/"}], "endpoints_links": [], "type": "ec2", "name": "ec2"}, {"endpoints": [{"adminURL": "http://10.0.2.15:35357/v2.0", "region": "RegionOne", "internalURL": "http://10.0.2.15:5000/v2.0", "id": "1915f273e3a74ef38fc1bda06de17aff", "publicURL": "http://10.0.2.15:5000/v2.0"}], "endpoints_links": [], "type": "identity", "name": "keystone"}], "user": {"username": "tempest-TestNetworkAdvancedServerOps-1193588243", "roles_links": [], "id": "20942a6b40724025b030d206ac84cda5", "roles": [{"name": "_member_"}, {"name": "Member"}], "name": "tempest-TestNetworkAdvancedServerOps-1193588243"}, "metadata": {"is_admin": 0, "roles": ["9fe2ff9ee4384b1894a90878d3e92bab", "e20e770ee32148389217c0af9d91d525"]}}}
2015-12-07 23:23:36,953 20771 DEBUG    [tempest.common.fixed_network] (TestNetworkAdvancedServerOps:test_server_connectivity_pause_unpause) No valid network provided or created, defaulting to fixed_network_name
2015-12-07 23:23:37,320 20771 INFO     [tempest_lib.common.rest_client] Request (TestNetworkAdvancedServerOps:test_server_connectivity_pause_unpause): 200 GET http://10.0.2.15:8774/v2.1/db11f0d15c6840eea8cd7a75ac79c10c/os-networks 0.366s
2015-12-07 23:23:37,321 20771 DEBUG    [tempest_lib.common.rest_client] Request - Headers: {'Content-Type': 'application/json', 'Accept': 'application/json', 'X-Auth-Token': '&lt;omitted&gt;'}
        Body: None
    Response - Headers: {'status': '200', 'content-length': '478', 'content-location': 'http://10.0.2.15:8774/v2.1/db11f0d15c6840eea8cd7a75ac79c10c/os-networks', 'x-compute-request-id': 'req-90994dd3-4bb6-40f5-a61f-516522a0a599', 'vary': 'X-OpenStack-Nova-API-Version', 'connection': 'close', 'x-openstack-nova-api-version': '2.1', 'date': 'Mon, 07 Dec 2015 23:23:37 GMT', 'content-type': 'application/json'}
        Body: {"networks": [{"cidr_v6": null, "dns2": null, "dns1": null, "gateway": null, "broadcast": null, "netmask": null, "gateway_v6": null, "cidr": null, "label": "public", "id": "f1dbe7ea-b5ac-41bc-ae8d-67d709b03b42", "netmask_v6": null}, {"cidr_v6": null, "dns2": null, "dns1": null, "gateway": null, "broadcast": null, "netmask": null, "gateway_v6": null, "cidr": null, "label": "tempest-network-smoke--181710315", "id": "e536e13a-5283-46b0-a0e0-c72527469556", "netmask_v6": null}]}
2015-12-07 23:23:37,321 20771 WARNING  [tempest.common.fixed_network] (TestNetworkAdvancedServerOps:test_server_connectivity_pause_unpause) Network with name: private not found
2015-12-07 23:23:37,322 20771 INFO     [tempest.common.fixed_network] (TestNetworkAdvancedServerOps:test_server_connectivity_pause_unpause) Found network {} available for tenant
2015-12-07 23:23:38,521 20771 INFO     [tempest_lib.common.rest_client] Request (TestNetworkAdvancedServerOps:test_server_connectivity_pause_unpause): 202 POST http://10.0.2.15:8774/v2.1/db11f0d15c6840eea8cd7a75ac79c10c/servers 1.198s
2015-12-07 23:23:38,522 20771 DEBUG    [tempest_lib.common.rest_client] Request - Headers: {'Content-Type': 'application/json', 'Accept': 'application/json', 'X-Auth-Token': '&lt;omitted&gt;'}
        Body: {"server": {"name": "tempest.common.compute-instance-379400724", "imageRef": "a62add9f-6a0b-421d-a189-5a58b4010d3c", "key_name": "tempest-TestNetworkAdvancedServerOps-2129829665", "flavorRef": "42", "networks": [{"uuid": "e536e13a-5283-46b0-a0e0-c72527469556"}], "security_groups": [{"name": "tempest-secgroup-smoke-1938918294"}]}}
    Response - Headers: {'status': '202', 'content-length': '462', 'x-compute-request-id': 'req-2f8f383b-c425-406d-acb1-59b016c1bc5b', 'vary': 'X-OpenStack-Nova-API-Version', 'connection': 'close', 'location': 'http://10.0.2.15:8774/v2.1/db11f0d15c6840eea8cd7a75ac79c10c/servers/467fe409-e234-470f-954b-741d382bd3e2', 'x-openstack-nova-api-version': '2.1', 'date': 'Mon, 07 Dec 2015 23:23:38 GMT', 'content-type': 'application/json'}
        Body: {"server": {"security_groups": [{"name": "tempest-secgroup-smoke-1938918294"}], "OS-DCF:diskConfig": "MANUAL", "id": "467fe409-e234-470f-954b-741d382bd3e2", "links": [{"href": "http://10.0.2.15:8774/v2.1/db11f0d15c6840eea8cd7a75ac79c10c/servers/467fe409-e234-470f-954b-741d382bd3e2", "rel": "self"}, {"href": "http://10.0.2.15:8774/db11f0d15c6840eea8cd7a75ac79c10c/servers/467fe409-e234-470f-954b-741d382bd3e2", "rel": "bookmark"}], "adminPass": "S4T3xFPWNmjH"}}
2015-12-07 23:23:38,878 20771 INFO     [tempest_lib.common.rest_client] Request (TestNetworkAdvancedServerOps:test_server_connectivity_pause_unpause): 200 GET http://10.0.2.15:8774/v2.1/db11f0d15c6840eea8cd7a75ac79c10c/servers/467fe409-e234-470f-954b-741d382bd3e2 0.351s
2015-12-07 23:23:38,879 20771 DEBUG    [tempest_lib.common.rest_client] Request - Headers: {'Content-Type': 'application/json', 'Accept': 'application/json', 'X-Auth-Token': '&lt;omitted&gt;'}
        Body: None
    Response - Headers: {'status': '200', 'content-length': '1364', 'content-location': 'http://10.0.2.15:8774/v2.1/db11f0d15c6840eea8cd7a75ac79c10c/servers/467fe409-e234-470f-954b-741d382bd3e2', 'x-compute-request-id': 'req-c3703d8d-d241-430e-8d48-1b0f18933c25', 'vary': 'X-OpenStack-Nova-API-Version', 'connection': 'close', 'x-openstack-nova-api-version': '2.1', 'date': 'Mon, 07 Dec 2015 23:23:38 GMT', 'content-type': 'application/json'}
        Body: {"server": {"status": "BUILD", "updated": "2015-12-07T23:23:38Z", "hostId": "", "addresses": {}, "links": [{"href": "http://10.0.2.15:8774/v2.1/db11f0d15c6840eea8cd7a75ac79c10c/servers/467fe409-e234-470f-954b-741d382bd3e2", "rel": "self"}, {"href": "http://10.0.2.15:8774/db11f0d15c6840eea8cd7a75ac79c10c/servers/467fe409-e234-470f-954b-741d382bd3e2", "rel": "bookmark"}], "key_name": "tempest-TestNetworkAdvancedServerOps-2129829665", "image": {"id": "a62add9f-6a0b-421d-a189-5a58b4010d3c", "links": [{"href": "http://10.0.2.15:8774/db11f0d15c6840eea8cd7a75ac79c10c/images/a62add9f-6a0b-421d-a189-5a58b4010d3c", "rel": "bookmark"}]}, "OS-EXT-STS:task_state": "scheduling", "OS-EXT-STS:vm_state": "building", "OS-SRV-USG:launched_at": null, "flavor": {"id": "42", "links": [{"href": "http://10.0.2.15:8774/db11f0d15c6840eea8cd7a75ac79c10c/flavors/42", "rel": "bookmark"}]}, "id": "467fe409-e234-470f-954b-741d382bd3e2", "OS-SRV-USG:terminated_at": null, "OS-EXT-AZ:availability_zone": "", "user_id": "20942a6b40724025b030d206ac84cda5", "name": "tempest.common.compute-instance-379400724", "created": "2015-12-07T23:23:38Z", "tenant_id": "db11f0d15c6840eea8cd7a75ac79c10c", "OS-DCF:diskConfig": "MANUAL", "os-extended-volumes:volumes_attached": [], "accessIPv4": "", "accessIPv6": "", "progress": 0, "OS-EXT-STS:power_state": 0, "config_drive": "", "metadata": {}}}
2015-12-07 23:23:40,095 20771 INFO     [tempest_lib.common.rest_client] Request (TestNetworkAdvancedServerOps:test_server_connectivity_pause_unpause): 200 GET http://10.0.2.15:8774/v2.1/db11f0d15c6840eea8cd7a75ac79c10c/servers/467fe409-e234-470f-954b-741d382bd3e2 0.205s
2015-12-07 23:23:40,095 20771 DEBUG    [tempest_lib.common.rest_client] Request - Headers: {'Content-Type': 'application/json', 'Accept': 'application/json', 'X-Auth-Token': '&lt;omitted&gt;'}
        Body: None
    Response - Headers: {'status': '200', 'content-length': '1422', 'content-location': 'http://10.0.2.15:8774/v2.1/db11f0d15c6840eea8cd7a75ac79c10c/servers/467fe409-e234-470f-954b-741d382bd3e2', 'x-compute-request-id': 'req-79246258-918a-4430-8940-c9e4456c65da', 'vary': 'X-OpenStack-Nova-API-Version', 'connection': 'close', 'x-openstack-nova-api-version': '2.1', 'date': 'Mon, 07 Dec 2015 23:23:40 GMT', 'content-type': 'application/json'}
        Body: {"server": {"status": "BUILD", "updated": "2015-12-07T23:23:39Z", "hostId": "59d4bc747200738680d8d95a15a65ec6f56eefcb28c45fc05b0f3c9d", "addresses": {}, "links": [{"href": "http://10.0.2.15:8774/v2.1/db11f0d15c6840eea8cd7a75ac79c10c/servers/467fe409-e234-470f-954b-741d382bd3e2", "rel": "self"}, {"href": "http://10.0.2.15:8774/db11f0d15c6840eea8cd7a75ac79c10c/servers/467fe409-e234-470f-954b-741d382bd3e2", "rel": "bookmark"}], "key_name": "tempest-TestNetworkAdvancedServerOps-2129829665", "image": {"id": "a62add9f-6a0b-421d-a189-5a58b4010d3c", "links": [{"href": "http://10.0.2.15:8774/db11f0d15c6840eea8cd7a75ac79c10c/images/a62add9f-6a0b-421d-a189-5a58b4010d3c", "rel": "bookmark"}]}, "OS-EXT-STS:task_state": "spawning", "OS-EXT-STS:vm_state": "building", "OS-SRV-USG:launched_at": null, "flavor": {"id": "42", "links": [{"href": "http://10.0.2.15:8774/db11f0d15c6840eea8cd7a75ac79c10c/flavors/42", "rel": "bookmark"}]}, "id": "467fe409-e234-470f-954b-741d382bd3e2", "OS-SRV-USG:terminated_at": null, "OS-EXT-AZ:availability_zone": "nova", "user_id": "20942a6b40724025b030d206ac84cda5", "name": "tempest.common.compute-instance-379400724", "created": "2015-12-07T23:23:38Z", "tenant_id": "db11f0d15c6840eea8cd7a75ac79c10c", "OS-DCF:diskConfig": "MANUAL", "os-extended-volumes:volumes_attached": [], "accessIPv4": "", "accessIPv6": "", "progress": 0, "OS-EXT-STS:power_state": 0, "config_drive": "", "metadata": {}}}
2015-12-07 23:23:40,103 20771 INFO     [tempest.common.waiters] State transition "BUILD/scheduling" ==&gt; "BUILD/spawning" after 2 second wait
2015-12-07 23:23:41,512 20771 INFO     [tempest_lib.common.rest_client] Request (TestNetworkAdvancedServerOps:test_server_connectivity_pause_unpause): 200 GET http://10.0.2.15:8774/v2.1/db11f0d15c6840eea8cd7a75ac79c10c/servers/467fe409-e234-470f-954b-741d382bd3e2 0.407s
2015-12-07 23:23:41,512 20771 DEBUG    [tempest_lib.common.rest_client] Request - Headers: {'Content-Type': 'application/json', 'Accept': 'application/json', 'X-Auth-Token': '&lt;omitted&gt;'}
        Body: None
    Response - Headers: {'status': '200', 'content-length': '1490', 'content-location': 'http://10.0.2.15:8774/v2.1/db11f0d15c6840eea8cd7a75ac79c10c/servers/467fe409-e234-470f-954b-741d382bd3e2', 'x-compute-request-id': 'req-ac6d8230-f42f-4eb8-8e14-8f4dbaa8e1ec', 'vary': 'X-OpenStack-Nova-API-Version', 'connection': 'close', 'x-openstack-nova-api-version': '2.1', 'date': 'Mon, 07 Dec 2015 23:23:41 GMT', 'content-type': 'application/json'}
        Body: {"server": {"status": "BUILD", "updated": "2015-12-07T23:23:39Z", "hostId": "59d4bc747200738680d8d95a15a65ec6f56eefcb28c45fc05b0f3c9d", "addresses": {}, "links": [{"href": "http://10.0.2.15:8774/v2.1/db11f0d15c6840eea8cd7a75ac79c10c/servers/467fe409-e234-470f-954b-741d382bd3e2", "rel": "self"}, {"href": "http://10.0.2.15:8774/db11f0d15c6840eea8cd7a75ac79c10c/servers/467fe409-e234-470f-954b-741d382bd3e2", "rel": "bookmark"}], "key_name": "tempest-TestNetworkAdvancedServerOps-2129829665", "image": {"id": "a62add9f-6a0b-421d-a189-5a58b4010d3c", "links": [{"href": "http://10.0.2.15:8774/db11f0d15c6840eea8cd7a75ac79c10c/images/a62add9f-6a0b-421d-a189-5a58b4010d3c", "rel": "bookmark"}]}, "OS-EXT-STS:task_state": "spawning", "OS-EXT-STS:vm_state": "building", "OS-SRV-USG:launched_at": null, "flavor": {"id": "42", "links": [{"href": "http://10.0.2.15:8774/db11f0d15c6840eea8cd7a75ac79c10c/flavors/42", "rel": "bookmark"}]}, "id": "467fe409-e234-470f-954b-741d382bd3e2", "security_groups": [{"name": "tempest-secgroup-smoke-1938918294"}], "OS-SRV-USG:terminated_at": null, "OS-EXT-AZ:availability_zone": "nova", "user_id": "20942a6b40724025b030d206ac84cda5", "name": "tempest.common.compute-instance-379400724", "created": "2015-12-07T23:23:38Z", "tenant_id": "db11f0d15c6840eea8cd7a75ac79c10c", "OS-DCF:diskConfig": "MANUAL", "os-extended-volumes:volumes_attached": [], "accessIPv4": "", "accessIPv6": "", "progress": 0, "OS-EXT-STS:power_state": 0, "config_drive": "", "metadata": {}}}
2015-12-07 23:23:42,804 20771 INFO     [tempest_lib.common.rest_client] Request (TestNetworkAdvancedServerOps:test_server_connectivity_pause_unpause): 200 GET http://10.0.2.15:8774/v2.1/db11f0d15c6840eea8cd7a75ac79c10c/servers/467fe409-e234-470f-954b-741d382bd3e2 0.279s
2015-12-07 23:23:42,805 20771 DEBUG    [tempest_lib.common.rest_client] Request - Headers: {'Content-Type': 'application/json', 'Accept': 'application/json', 'X-Auth-Token': '&lt;omitted&gt;'}
        Body: None
    Response - Headers: {'status': '200', 'content-length': '1490', 'content-location': 'http://10.0.2.15:8774/v2.1/db11f0d15c6840eea8cd7a75ac79c10c/servers/467fe409-e234-470f-954b-741d382bd3e2', 'x-compute-request-id': 'req-4ea5b118-e6ba-4894-86b0-5d28d0de6cda', 'vary': 'X-OpenStack-Nova-API-Version', 'connection': 'close', 'x-openstack-nova-api-version': '2.1', 'date': 'Mon, 07 Dec 2015 23:23:42 GMT', 'content-type': 'application/json'}
        Body: {"server": {"status": "BUILD", "updated": "2015-12-07T23:23:39Z", "hostId": "59d4bc747200738680d8d95a15a65ec6f56eefcb28c45fc05b0f3c9d", "addresses": {}, "links": [{"href": "http://10.0.2.15:8774/v2.1/db11f0d15c6840eea8cd7a75ac79c10c/servers/467fe409-e234-470f-954b-741d382bd3e2", "rel": "self"}, {"href": "http://10.0.2.15:8774/db11f0d15c6840eea8cd7a75ac79c10c/servers/467fe409-e234-470f-954b-741d382bd3e2", "rel": "bookmark"}], "key_name": "tempest-TestNetworkAdvancedServerOps-2129829665", "image": {"id": "a62add9f-6a0b-421d-a189-5a58b4010d3c", "links": [{"href": "http://10.0.2.15:8774/db11f0d15c6840eea8cd7a75ac79c10c/images/a62add9f-6a0b-421d-a189-5a58b4010d3c", "rel": "bookmark"}]}, "OS-EXT-STS:task_state": "spawning", "OS-EXT-STS:vm_state": "building", "OS-SRV-USG:launched_at": null, "flavor": {"id": "42", "links": [{"href": "http://10.0.2.15:8774/db11f0d15c6840eea8cd7a75ac79c10c/flavors/42", "rel": "bookmark"}]}, "id": "467fe409-e234-470f-954b-741d382bd3e2", "security_groups": [{"name": "tempest-secgroup-smoke-1938918294"}], "OS-SRV-USG:terminated_at": null, "OS-EXT-AZ:availability_zone": "nova", "user_id": "20942a6b40724025b030d206ac84cda5", "name": "tempest.common.compute-instance-379400724", "created": "2015-12-07T23:23:38Z", "tenant_id": "db11f0d15c6840eea8cd7a75ac79c10c", "OS-DCF:diskConfig": "MANUAL", "os-extended-volumes:volumes_attached": [], "accessIPv4": "", "accessIPv6": "", "progress": 0, "OS-EXT-STS:power_state": 0, "config_drive": "", "metadata": {}}}
2015-12-07 23:23:44,020 20771 INFO     [tempest_lib.common.rest_client] Request (TestNetworkAdvancedServerOps:test_server_connectivity_pause_unpause): 200 GET http://10.0.2.15:8774/v2.1/db11f0d15c6840eea8cd7a75ac79c10c/servers/467fe409-e234-470f-954b-741d382bd3e2 0.205s
2015-12-07 23:23:44,021 20771 DEBUG    [tempest_lib.common.rest_client] Request - Headers: {'Content-Type': 'application/json', 'Accept': 'application/json', 'X-Auth-Token': '&lt;omitted&gt;'}
        Body: None
    Response - Headers: {'status': '200', 'content-length': '1661', 'content-location': 'http://10.0.2.15:8774/v2.1/db11f0d15c6840eea8cd7a75ac79c10c/servers/467fe409-e234-470f-954b-741d382bd3e2', 'x-compute-request-id': 'req-73a72ae6-5636-4f56-98ff-5c684532e4a4', 'vary': 'X-OpenStack-Nova-API-Version', 'connection': 'close', 'x-openstack-nova-api-version': '2.1', 'date': 'Mon, 07 Dec 2015 23:23:44 GMT', 'content-type': 'application/json'}
        Body: {"server": {"status": "ACTIVE", "updated": "2015-12-07T23:23:42Z", "hostId": "59d4bc747200738680d8d95a15a65ec6f56eefcb28c45fc05b0f3c9d", "addresses": {"tempest-network-smoke--181710315": [{"OS-EXT-IPS-MAC:mac_addr": "fa:16:3e:d1:3d:5e", "version": 4, "addr": "10.100.0.3", "OS-EXT-IPS:type": "fixed"}]}, "links": [{"href": "http://10.0.2.15:8774/v2.1/db11f0d15c6840eea8cd7a75ac79c10c/servers/467fe409-e234-470f-954b-741d382bd3e2", "rel": "self"}, {"href": "http://10.0.2.15:8774/db11f0d15c6840eea8cd7a75ac79c10c/servers/467fe409-e234-470f-954b-741d382bd3e2", "rel": "bookmark"}], "key_name": "tempest-TestNetworkAdvancedServerOps-2129829665", "image": {"id": "a62add9f-6a0b-421d-a189-5a58b4010d3c", "links": [{"href": "http://10.0.2.15:8774/db11f0d15c6840eea8cd7a75ac79c10c/images/a62add9f-6a0b-421d-a189-5a58b4010d3c", "rel": "bookmark"}]}, "OS-EXT-STS:task_state": null, "OS-EXT-STS:vm_state": "active", "OS-SRV-USG:launched_at": "2015-12-07T23:23:42.000000", "flavor": {"id": "42", "links": [{"href": "http://10.0.2.15:8774/db11f0d15c6840eea8cd7a75ac79c10c/flavors/42", "rel": "bookmark"}]}, "id": "467fe409-e234-470f-954b-741d382bd3e2", "security_groups": [{"name": "tempest-secgroup-smoke-1938918294"}], "OS-SRV-USG:terminated_at": null, "OS-EXT-AZ:availability_zone": "nova", "user_id": "20942a6b40724025b030d206ac84cda5", "name": "tempest.common.compute-instance-379400724", "created": "2015-12-07T23:23:38Z", "tenant_id": "db11f0d15c6840eea8cd7a75ac79c10c", "OS-DCF:diskConfig": "MANUAL", "os-extended-volumes:volumes_attached": [], "accessIPv4": "", "accessIPv6": "", "progress": 0, "OS-EXT-STS:power_state": 1, "config_drive": "True", "metadata": {}}}
2015-12-07 23:23:44,030 20771 INFO     [tempest.common.waiters] State transition "BUILD/spawning" ==&gt; "ACTIVE/None" after 6 second wait
2015-12-07 23:23:44,246 20771 INFO     [tempest_lib.common.rest_client] Request (TestNetworkAdvancedServerOps:test_server_connectivity_pause_unpause): 200 GET http://10.0.2.15:8774/v2.1/db11f0d15c6840eea8cd7a75ac79c10c/servers/467fe409-e234-470f-954b-741d382bd3e2 0.216s
2015-12-07 23:23:44,246 20771 DEBUG    [tempest_lib.common.rest_client] Request - Headers: {'Content-Type': 'application/json', 'Accept': 'application/json', 'X-Auth-Token': '&lt;omitted&gt;'}
        Body: None
    Response - Headers: {'status': '200', 'content-length': '1661', 'content-location': 'http://10.0.2.15:8774/v2.1/db11f0d15c6840eea8cd7a75ac79c10c/servers/467fe409-e234-470f-954b-741d382bd3e2', 'x-compute-request-id': 'req-433fcf13-383c-46a5-9f7d-017115b3d464', 'vary': 'X-OpenStack-Nova-API-Version', 'connection': 'close', 'x-openstack-nova-api-version': '2.1', 'date': 'Mon, 07 Dec 2015 23:23:44 GMT', 'content-type': 'application/json'}
        Body: {"server": {"status": "ACTIVE", "updated": "2015-12-07T23:23:42Z", "hostId": "59d4bc747200738680d8d95a15a65ec6f56eefcb28c45fc05b0f3c9d", "addresses": {"tempest-network-smoke--181710315": [{"OS-EXT-IPS-MAC:mac_addr": "fa:16:3e:d1:3d:5e", "version": 4, "addr": "10.100.0.3", "OS-EXT-IPS:type": "fixed"}]}, "links": [{"href": "http://10.0.2.15:8774/v2.1/db11f0d15c6840eea8cd7a75ac79c10c/servers/467fe409-e234-470f-954b-741d382bd3e2", "rel": "self"}, {"href": "http://10.0.2.15:8774/db11f0d15c6840eea8cd7a75ac79c10c/servers/467fe409-e234-470f-954b-741d382bd3e2", "rel": "bookmark"}], "key_name": "tempest-TestNetworkAdvancedServerOps-2129829665", "image": {"id": "a62add9f-6a0b-421d-a189-5a58b4010d3c", "links": [{"href": "http://10.0.2.15:8774/db11f0d15c6840eea8cd7a75ac79c10c/images/a62add9f-6a0b-421d-a189-5a58b4010d3c", "rel": "bookmark"}]}, "OS-EXT-STS:task_state": null, "OS-EXT-STS:vm_state": "active", "OS-SRV-USG:launched_at": "2015-12-07T23:23:42.000000", "flavor": {"id": "42", "links": [{"href": "http://10.0.2.15:8774/db11f0d15c6840eea8cd7a75ac79c10c/flavors/42", "rel": "bookmark"}]}, "id": "467fe409-e234-470f-954b-741d382bd3e2", "security_groups": [{"name": "tempest-secgroup-smoke-1938918294"}], "OS-SRV-USG:terminated_at": null, "OS-EXT-AZ:availability_zone": "nova", "user_id": "20942a6b40724025b030d206ac84cda5", "name": "tempest.common.compute-instance-379400724", "created": "2015-12-07T23:23:38Z", "tenant_id": "db11f0d15c6840eea8cd7a75ac79c10c", "OS-DCF:diskConfig": "MANUAL", "os-extended-volumes:volumes_attached": [], "accessIPv4": "", "accessIPv6": "", "progress": 0, "OS-EXT-STS:power_state": 1, "config_drive": "True", "metadata": {}}}
2015-12-07 23:23:44,290 20771 INFO     [tempest_lib.common.rest_client] Request (TestNetworkAdvancedServerOps:test_server_connectivity_pause_unpause): 200 GET http://10.0.2.15:9696/v2.0/ports?status=ACTIVE&amp;fixed_ip=None&amp;device_id=467fe409-e234-470f-954b-741d382bd3e2 0.035s
2015-12-07 23:23:44,290 20771 DEBUG    [tempest_lib.common.rest_client] Request - Headers: {'Content-Type': 'application/json', 'Accept': 'application/json', 'X-Auth-Token': '&lt;omitted&gt;'}
        Body: None
    Response - Headers: {'status': '200', 'content-length': '895', 'content-location': 'http://10.0.2.15:9696/v2.0/ports?status=ACTIVE&amp;fixed_ip=None&amp;device_id=467fe409-e234-470f-954b-741d382bd3e2', 'connection': 'close', 'date': 'Mon, 07 Dec 2015 23:23:44 GMT', 'content-type': 'application/json; charset=UTF-8', 'x-openstack-request-id': 'req-4f4cfb36-a675-4675-8cad-e7b1beba3173'}
        Body: {"ports": [{"status": "ACTIVE", "binding:host_id": "vagrant-ubuntu-trusty-64", "allowed_address_pairs": [], "extra_dhcp_opts": [], "dns_assignment": [{"hostname": "host-10-100-0-3", "ip_address": "10.100.0.3", "fqdn": "host-10-100-0-3.openstacklocal."}], "device_owner": "compute:None", "port_security_enabled": true, "binding:profile": {}, "fixed_ips": [{"subnet_id": "11a64573-f268-48bb-9be8-bd9cb2a1413d", "ip_address": "10.100.0.3"}], "id": "4f1d5152-9b8a-4d2e-9e53-8cd60467acfc", "security_groups": ["a4535d7b-65a9-4c96-9ac6-75adcecf6c66"], "device_id": "467fe409-e234-470f-954b-741d382bd3e2", "name": "", "admin_state_up": true, "network_id": "e536e13a-5283-46b0-a0e0-c72527469556", "dns_name": "", "binding:vif_details": {"port_filter": true}, "binding:vnic_type": "normal", "binding:vif_type": "ovs", "tenant_id": "db11f0d15c6840eea8cd7a75ac79c10c", "mac_address": "fa:16:3e:d1:3d:5e"}]}
2015-12-07 23:23:44,881 20771 INFO     [tempest_lib.common.rest_client] Request (TestNetworkAdvancedServerOps:test_server_connectivity_pause_unpause): 201 POST http://10.0.2.15:9696/v2.0/floatingips 0.590s
2015-12-07 23:23:44,881 20771 DEBUG    [tempest_lib.common.rest_client] Request - Headers: {'Content-Type': 'application/json', 'Accept': 'application/json', 'X-Auth-Token': '&lt;omitted&gt;'}
        Body: {"floatingip": {"floating_network_id": "f1dbe7ea-b5ac-41bc-ae8d-67d709b03b42", "tenant_id": "db11f0d15c6840eea8cd7a75ac79c10c", "fixed_ip_address": "10.100.0.3", "port_id": "4f1d5152-9b8a-4d2e-9e53-8cd60467acfc"}}
    Response - Headers: {'status': '201', 'content-length': '367', 'connection': 'close', 'date': 'Mon, 07 Dec 2015 23:23:44 GMT', 'content-type': 'application/json; charset=UTF-8', 'x-openstack-request-id': 'req-9a256899-8ac2-4711-96c9-8f170fd5501a'}
        Body: {"floatingip": {"floating_network_id": "f1dbe7ea-b5ac-41bc-ae8d-67d709b03b42", "router_id": "bfcf4640-309e-46d2-9811-3eec33f7f77a", "fixed_ip_address": "10.100.0.3", "floating_ip_address": "172.24.4.4", "tenant_id": "db11f0d15c6840eea8cd7a75ac79c10c", "status": "DOWN", "port_id": "4f1d5152-9b8a-4d2e-9e53-8cd60467acfc", "id": "b8f4796c-df87-4c46-8c21-ffd20fc755e5"}}
2015-12-07 23:23:45,080 20771 INFO     [tempest_lib.common.rest_client] Request (TestNetworkAdvancedServerOps:test_server_connectivity_pause_unpause): 200 GET http://10.0.2.15:8774/v2.1/db11f0d15c6840eea8cd7a75ac79c10c/servers/467fe409-e234-470f-954b-741d382bd3e2 0.198s
2015-12-07 23:23:45,081 20771 DEBUG    [tempest_lib.common.rest_client] Request - Headers: {'Content-Type': 'application/json', 'Accept': 'application/json', 'X-Auth-Token': '&lt;omitted&gt;'}
        Body: None
    Response - Headers: {'status': '200', 'content-length': '1661', 'content-location': 'http://10.0.2.15:8774/v2.1/db11f0d15c6840eea8cd7a75ac79c10c/servers/467fe409-e234-470f-954b-741d382bd3e2', 'x-compute-request-id': 'req-cb3dd17f-e0af-479f-a6b6-dab180e5fa4a', 'vary': 'X-OpenStack-Nova-API-Version', 'connection': 'close', 'x-openstack-nova-api-version': '2.1', 'date': 'Mon, 07 Dec 2015 23:23:45 GMT', 'content-type': 'application/json'}
        Body: {"server": {"status": "ACTIVE", "updated": "2015-12-07T23:23:42Z", "hostId": "59d4bc747200738680d8d95a15a65ec6f56eefcb28c45fc05b0f3c9d", "addresses": {"tempest-network-smoke--181710315": [{"OS-EXT-IPS-MAC:mac_addr": "fa:16:3e:d1:3d:5e", "version": 4, "addr": "10.100.0.3", "OS-EXT-IPS:type": "fixed"}]}, "links": [{"href": "http://10.0.2.15:8774/v2.1/db11f0d15c6840eea8cd7a75ac79c10c/servers/467fe409-e234-470f-954b-741d382bd3e2", "rel": "self"}, {"href": "http://10.0.2.15:8774/db11f0d15c6840eea8cd7a75ac79c10c/servers/467fe409-e234-470f-954b-741d382bd3e2", "rel": "bookmark"}], "key_name": "tempest-TestNetworkAdvancedServerOps-2129829665", "image": {"id": "a62add9f-6a0b-421d-a189-5a58b4010d3c", "links": [{"href": "http://10.0.2.15:8774/db11f0d15c6840eea8cd7a75ac79c10c/images/a62add9f-6a0b-421d-a189-5a58b4010d3c", "rel": "bookmark"}]}, "OS-EXT-STS:task_state": null, "OS-EXT-STS:vm_state": "active", "OS-SRV-USG:launched_at": "2015-12-07T23:23:42.000000", "flavor": {"id": "42", "links": [{"href": "http://10.0.2.15:8774/db11f0d15c6840eea8cd7a75ac79c10c/flavors/42", "rel": "bookmark"}]}, "id": "467fe409-e234-470f-954b-741d382bd3e2", "security_groups": [{"name": "tempest-secgroup-smoke-1938918294"}], "OS-SRV-USG:terminated_at": null, "OS-EXT-AZ:availability_zone": "nova", "user_id": "20942a6b40724025b030d206ac84cda5", "name": "tempest.common.compute-instance-379400724", "created": "2015-12-07T23:23:38Z", "tenant_id": "db11f0d15c6840eea8cd7a75ac79c10c", "OS-DCF:diskConfig": "MANUAL", "os-extended-volumes:volumes_attached": [], "accessIPv4": "", "accessIPv6": "", "progress": 0, "OS-EXT-STS:power_state": 1, "config_drive": "True", "metadata": {}}}
2015-12-07 23:23:45,090 20771 INFO     [tempest.scenario.manager] Tenant networks not configured to be reachable.
2015-12-07 23:23:45,203 20771 INFO     [tempest_lib.common.rest_client] Request (TestNetworkAdvancedServerOps:test_server_connectivity_pause_unpause): 200 GET http://10.0.2.15:9696/v2.0/floatingips/b8f4796c-df87-4c46-8c21-ffd20fc755e5 0.113s
2015-12-07 23:23:45,203 20771 DEBUG    [tempest_lib.common.rest_client] Request - Headers: {'Content-Type': 'application/json', 'Accept': 'application/json', 'X-Auth-Token': '&lt;omitted&gt;'}
        Body: None
    Response - Headers: {'status': '200', 'content-length': '367', 'content-location': 'http://10.0.2.15:9696/v2.0/floatingips/b8f4796c-df87-4c46-8c21-ffd20fc755e5', 'connection': 'close', 'date': 'Mon, 07 Dec 2015 23:23:45 GMT', 'content-type': 'application/json; charset=UTF-8', 'x-openstack-request-id': 'req-3e33f663-85b8-4bf6-9af5-77671adf240f'}
        Body: {"floatingip": {"floating_network_id": "f1dbe7ea-b5ac-41bc-ae8d-67d709b03b42", "router_id": "bfcf4640-309e-46d2-9811-3eec33f7f77a", "fixed_ip_address": "10.100.0.3", "floating_ip_address": "172.24.4.4", "tenant_id": "db11f0d15c6840eea8cd7a75ac79c10c", "status": "DOWN", "port_id": "4f1d5152-9b8a-4d2e-9e53-8cd60467acfc", "id": "b8f4796c-df87-4c46-8c21-ffd20fc755e5"}}
2015-12-07 23:23:46,220 20771 INFO     [tempest_lib.common.rest_client] Request (TestNetworkAdvancedServerOps:test_server_connectivity_pause_unpause): 200 GET http://10.0.2.15:9696/v2.0/floatingips/b8f4796c-df87-4c46-8c21-ffd20fc755e5 0.014s
2015-12-07 23:23:46,222 20771 DEBUG    [tempest_lib.common.rest_client] Request - Headers: {'Content-Type': 'application/json', 'Accept': 'application/json', 'X-Auth-Token': '&lt;omitted&gt;'}
        Body: None
    Response - Headers: {'status': '200', 'content-length': '369', 'content-location': 'http://10.0.2.15:9696/v2.0/floatingips/b8f4796c-df87-4c46-8c21-ffd20fc755e5', 'connection': 'close', 'date': 'Mon, 07 Dec 2015 23:23:46 GMT', 'content-type': 'application/json; charset=UTF-8', 'x-openstack-request-id': 'req-e13828d8-4640-4575-a816-592b498439af'}
        Body: {"floatingip": {"floating_network_id": "f1dbe7ea-b5ac-41bc-ae8d-67d709b03b42", "router_id": "bfcf4640-309e-46d2-9811-3eec33f7f77a", "fixed_ip_address": "10.100.0.3", "floating_ip_address": "172.24.4.4", "tenant_id": "db11f0d15c6840eea8cd7a75ac79c10c", "status": "ACTIVE", "port_id": "4f1d5152-9b8a-4d2e-9e53-8cd60467acfc", "id": "b8f4796c-df87-4c46-8c21-ffd20fc755e5"}}
2015-12-07 23:23:46,222 20771 INFO     [tempest.scenario.manager] FloatingIP: &lt;"FloatingIP" addr="172.24.4.4" id="b8f4796c-df87-4c46-8c21-ffd20fc755e5"&gt; is at status: ACTIVE
2015-12-07 23:23:46,223 20771 DEBUG    [tempest.scenario.manager] checking network connections to IP 172.24.4.4 with user: cirros
2015-12-07 23:23:46,223 20771 DEBUG    [tempest.scenario.manager] TestNetworkAdvancedServerOps:test_server_connectivity_pause_unpause begins to ping 172.24.4.4 in 120 sec and the expected result is reachable
2015-12-07 23:25:48,531 20771 DEBUG    [tempest.scenario.manager] TestNetworkAdvancedServerOps:test_server_connectivity_pause_unpause finishes ping 172.24.4.4 in 120 sec and the ping result is unexpected
2015-12-07 23:25:48,532 20771 ERROR    [tempest.scenario.manager] Public network connectivity check failed
2015-12-07 23:25:48.532 20771 ERROR tempest.scenario.manager Traceback (most recent call last):
2015-12-07 23:25:48.532 20771 ERROR tempest.scenario.manager   File "tempest/scenario/manager.py", line 606, in check_public_network_connectivity
2015-12-07 23:25:48.532 20771 ERROR tempest.scenario.manager     should_connect=should_connect)
2015-12-07 23:25:48.532 20771 ERROR tempest.scenario.manager   File "tempest/scenario/manager.py", line 590, in check_vm_connectivity
2015-12-07 23:25:48.532 20771 ERROR tempest.scenario.manager     msg=msg)
2015-12-07 23:25:48.532 20771 ERROR tempest.scenario.manager   File "/usr/local/lib/python2.7/dist-packages/unittest2/case.py", line 702, in assertTrue
2015-12-07 23:25:48.532 20771 ERROR tempest.scenario.manager     raise self.failureException(msg)
2015-12-07 23:25:48.532 20771 ERROR tempest.scenario.manager AssertionError: False is not true : Timed out waiting for 172.24.4.4 to become reachable
2015-12-07 23:25:48.532 20771 ERROR tempest.scenario.manager 
2015-12-07 23:25:48,742 20771 INFO     [tempest_lib.common.rest_client] Request (TestNetworkAdvancedServerOps:test_server_connectivity_pause_unpause): 200 POST http://10.0.2.15:8774/v2.1/db11f0d15c6840eea8cd7a75ac79c10c/servers/467fe409-e234-470f-954b-741d382bd3e2/action 0.206s
2015-12-07 23:25:48,743 20771 DEBUG    [tempest_lib.common.rest_client] Request - Headers: {'Content-Type': 'application/json', 'Accept': 'application/json', 'X-Auth-Token': '&lt;omitted&gt;'}
        Body: {"os-getConsoleOutput": {}}
    Response - Headers: {'status': '200', 'content-length': '17429', 'x-compute-request-id': 'req-15dcc06a-a0fa-4637-a25a-2d068e0105cf', 'vary': 'X-OpenStack-Nova-API-Version', 'connection': 'close', 'x-openstack-nova-api-version': '2.1', 'date': 'Mon, 07 Dec 2015 23:25:48 GMT', 'content-type': 'application/json'}
        Body: {"output": "[    0.000000] Initializing cgroup subsys cpuset\n[    0.000000] Initializing cgroup subsys cpu\n[    0.000000] Linux version 3.2.0-80-virtual (buildd@batsu) (gcc version 4.6.3 (Ubuntu/Linaro 4.6.3-1ubuntu5) ) #116-Ubuntu SMP Mon Mar 23 17:28:52 UTC 2015 (Ubuntu 3.2.0-80.116-virtual 3.2.68)\n[    0.000000] Command line: root=/dev/vda console=tty0 console=ttyS0 no_timer_check\n[    0.000000] KERNEL supported cpus:\n[    0.000000]   Intel GenuineIntel\n[    0.000000]   AMD AuthenticAMD\n[    0.000000]   Centaur CentaurHauls\n[    0.000000] BIOS-provided physical RAM map:\n[    0.000000]  BIOS-e820: 0000000000000000 - 000000000009fc00 (usable)\n[    0.000000]  BIOS-e820: 000000000009fc00 - 00000000000a0000 (reserved)\n[    0.000000]  BIOS-e820: 00000000000f0000 - 0000000000100000 (reserved)\n[    0.000000]  BIOS-e820: 0000000000100000 - 0000000003ffe000 (usable)\n[    0.000000]  BIOS-e820: 0000000003ffe000 - 0000000004000000 (reserved)\n[    0.000000]  BIOS-e820: 00000000fffc0000 - 0000000100000000 (reserved)\n[    0.000000] NX (Execute Disable) protection: active\n[    0.000000] SMBIOS 2.4 present.\n[    0.000000] No AGP bridge found\n[    0.000000] last_pfn = 0x3ffe max_arch_pfn = 0x400000000\n[    0.000000] x86 PAT enabled: cpu 0, old 0x7040600070406, new 0x7010600070106\n[    0.000000] found SMP MP-table at [ffff8800000f0b00] f0b00\n[    0.000000] init_memory_mapping: 0000000000000000-0000000003ffe000\n[    0.000000] RAMDISK: 03c5e000 - 03ff0000\n[    0.000000] ACPI: RSDP 00000000000f0950 00014 (v00 BOCHS )\n[    0.000000] ACPI: RSDT 0000000003fffbc1 00034 (v01 BOCHS  BXPCRSDT 00000001 BXPC 00000001)\n[    0.000000] ACPI: FACP 0000000003fff1c0 00074 (v01 BOCHS  BXPCFACP 00000001 BXPC 00000001)\n[    0.000000] ACPI: DSDT 0000000003ffe040 01180 (v01 BOCHS  BXPCDSDT 00000001 BXPC 00000001)\n[    0.000000] ACPI: FACS 0000000003ffe000 00040\n[    0.000000] ACPI: SSDT 0000000003fff234 008DD (v01 BOCHS  BXPCSSDT 00000001 BXPC 00000001)\n[    0.000000] ACPI: APIC 0000000003fffb11 00078 (v01 BOCHS  BXPCAPIC 00000001 BXPC 00000001)\n[    0.000000] ACPI: HPET 0000000003fffb89 00038 (v01 BOCHS  BXPCHPET 00000001 BXPC 00000001)\n[    0.000000] No NUMA configuration found\n[    0.000000] Faking a node at 0000000000000000-0000000003ffe000\n[    0.000000] Initmem setup node 0 0000000000000000-0000000003ffe000\n[    0.000000]   NODE_DATA [0000000003ff6000 - 0000000003ffafff]\n[    0.000000] Zone PFN ranges:\n[    0.000000]   DMA      0x00000010 -&gt; 0x00001000\n[    0.000000]   DMA32    0x00001000 -&gt; 0x00100000\n[    0.000000]   Normal   empty\n[    0.000000] Movable zone start PFN for each node\n[    0.000000] early_node_map[2] active PFN ranges\n[    0.000000]     0: 0x00000010 -&gt; 0x0000009f\n[    0.000000]     0: 0x00000100 -&gt; 0x00003ffe\n[    0.000000] ACPI: PM-Timer IO Port: 0xb008\n[    0.000000] ACPI: LAPIC (acpi_id[0x00] lapic_id[0x00] enabled)\n[    0.000000] ACPI: LAPIC_NMI (acpi_id[0xff] dfl dfl lint[0x1])\n[    0.000000] ACPI: IOAPIC (id[0x00] address[0xfec00000] gsi_base[0])\n[    0.000000] IOAPIC[0]: apic_id 0, version 17, address 0xfec00000, GSI 0-23\n[    0.000000] ACPI: INT_SRC_OVR (bus 0 bus_irq 0 global_irq 2 dfl dfl)\n[    0.000000] ACPI: INT_SRC_OVR (bus 0 bus_irq 5 global_irq 5 high level)\n[    0.000000] ACPI: INT_SRC_OVR (bus 0 bus_irq 9 global_irq 9 high level)\n[    0.000000] ACPI: INT_SRC_OVR (bus 0 bus_irq 10 global_irq 10 high level)\n[    0.000000] ACPI: INT_SRC_OVR (bus 0 bus_irq 11 global_irq 11 high level)\n[    0.000000] Using ACPI (MADT) for SMP configuration information\n[    0.000000] ACPI: HPET id: 0x8086a201 base: 0xfed00000\n[    0.000000] SMP: Allowing 1 CPUs, 0 hotplug CPUs\n[    0.000000] PM: Registered nosave memory: 000000000009f000 - 00000000000a0000\n[    0.000000] PM: Registered nosave memory: 00000000000a0000 - 00000000000f0000\n[    0.000000] PM: Registered nosave memory: 00000000000f0000 - 0000000000100000\n[    0.000000] Allocating PCI resources starting at 4000000 (gap: 4000000:fbfc0000)\n[    0.000000] Booting paravirtualized kernel on bare hardware\n[    0.000000] setup_pe
2015-12-07 23:25:48,747 20771 DEBUG    [tempest.scenario.manager] Console output for 467fe409-e234-470f-954b-741d382bd3e2
body=
[    0.000000] Initializing cgroup subsys cpuset
[    0.000000] Initializing cgroup subsys cpu
[    0.000000] Linux version 3.2.0-80-virtual (buildd@batsu) (gcc version 4.6.3 (Ubuntu/Linaro 4.6.3-1ubuntu5) ) #116-Ubuntu SMP Mon Mar 23 17:28:52 UTC 2015 (Ubuntu 3.2.0-80.116-virtual 3.2.68)
[    0.000000] Command line: root=/dev/vda console=tty0 console=ttyS0 no_timer_check
[    0.000000] KERNEL supported cpus:
[    0.000000]   Intel GenuineIntel
[    0.000000]   AMD AuthenticAMD
[    0.000000]   Centaur CentaurHauls
[    0.000000] BIOS-provided physical RAM map:
[    0.000000]  BIOS-e820: 0000000000000000 - 000000000009fc00 (usable)
[    0.000000]  BIOS-e820: 000000000009fc00 - 00000000000a0000 (reserved)
[    0.000000]  BIOS-e820: 00000000000f0000 - 0000000000100000 (reserved)
[    0.000000]  BIOS-e820: 0000000000100000 - 0000000003ffe000 (usable)
[    0.000000]  BIOS-e820: 0000000003ffe000 - 0000000004000000 (reserved)
[    0.000000]  BIOS-e820: 00000000fffc0000 - 0000000100000000 (reserved)
[    0.000000] NX (Execute Disable) protection: active
[    0.000000] SMBIOS 2.4 present.
[    0.000000] No AGP bridge found
[    0.000000] last_pfn = 0x3ffe max_arch_pfn = 0x400000000
[    0.000000] x86 PAT enabled: cpu 0, old 0x7040600070406, new 0x7010600070106
[    0.000000] found SMP MP-table at [ffff8800000f0b00] f0b00
[    0.000000] init_memory_mapping: 0000000000000000-0000000003ffe000
[    0.000000] RAMDISK: 03c5e000 - 03ff0000
[    0.000000] ACPI: RSDP 00000000000f0950 00014 (v00 BOCHS )
[    0.000000] ACPI: RSDT 0000000003fffbc1 00034 (v01 BOCHS  BXPCRSDT 00000001 BXPC 00000001)
[    0.000000] ACPI: FACP 0000000003fff1c0 00074 (v01 BOCHS  BXPCFACP 00000001 BXPC 00000001)
[    0.000000] ACPI: DSDT 0000000003ffe040 01180 (v01 BOCHS  BXPCDSDT 00000001 BXPC 00000001)
[    0.000000] ACPI: FACS 0000000003ffe000 00040
[    0.000000] ACPI: SSDT 0000000003fff234 008DD (v01 BOCHS  BXPCSSDT 00000001 BXPC 00000001)
[    0.000000] ACPI: APIC 0000000003fffb11 00078 (v01 BOCHS  BXPCAPIC 00000001 BXPC 00000001)
[    0.000000] ACPI: HPET 0000000003fffb89 00038 (v01 BOCHS  BXPCHPET 00000001 BXPC 00000001)
[    0.000000] No NUMA configuration found
[    0.000000] Faking a node at 0000000000000000-0000000003ffe000
[    0.000000] Initmem setup node 0 0000000000000000-0000000003ffe000
[    0.000000]   NODE_DATA [0000000003ff6000 - 0000000003ffafff]
[    0.000000] Zone PFN ranges:
[    0.000000]   DMA      0x00000010 -&gt; 0x00001000
[    0.000000]   DMA32    0x00001000 -&gt; 0x00100000
[    0.000000]   Normal   empty
[    0.000000] Movable zone start PFN for each node
[    0.000000] early_node_map[2] active PFN ranges
[    0.000000]     0: 0x00000010 -&gt; 0x0000009f
[    0.000000]     0: 0x00000100 -&gt; 0x00003ffe
[    0.000000] ACPI: PM-Timer IO Port: 0xb008
[    0.000000] ACPI: LAPIC (acpi_id[0x00] lapic_id[0x00] enabled)
[    0.000000] ACPI: LAPIC_NMI (acpi_id[0xff] dfl dfl lint[0x1])
[    0.000000] ACPI: IOAPIC (id[0x00] address[0xfec00000] gsi_base[0])
[    0.000000] IOAPIC[0]: apic_id 0, version 17, address 0xfec00000, GSI 0-23
[    0.000000] ACPI: INT_SRC_OVR (bus 0 bus_irq 0 global_irq 2 dfl dfl)
[    0.000000] ACPI: INT_SRC_OVR (bus 0 bus_irq 5 global_irq 5 high level)
[    0.000000] ACPI: INT_SRC_OVR (bus 0 bus_irq 9 global_irq 9 high level)
[    0.000000] ACPI: INT_SRC_OVR (bus 0 bus_irq 10 global_irq 10 high level)
[    0.000000] ACPI: INT_SRC_OVR (bus 0 bus_irq 11 global_irq 11 high level)
[    0.000000] Using ACPI (MADT) for SMP configuration information
[    0.000000] ACPI: HPET id: 0x8086a201 base: 0xfed00000
[    0.000000] SMP: Allowing 1 CPUs, 0 hotplug CPUs
[    0.000000] PM: Registered nosave memory: 000000000009f000 - 00000000000a0000
[    0.000000] PM: Registered nosave memory: 00000000000a0000 - 00000000000f0000
[    0.000000] PM: Registered nosave memory: 00000000000f0000 - 0000000000100000
[    0.000000] Allocating PCI resources starting at 4000000 (gap: 4000000:fbfc0000)
[    0.000000] Booting paravirtualized kernel on bare hardware
[    0.000000] setup_percpu: NR_CPUS:64 nr_cpumask_bits:64 nr_cpu_ids:1 nr_node_ids:1
[    0.000000] PERCPU: Embedded 27 pages/cpu @ffff880003a00000 s78848 r8192 d23552 u2097152
[    0.000000] Built 1 zonelists in Node order, mobility grouping on.  Total pages: 16008
[    0.000000] Policy zone: DMA32
[    0.000000] Kernel command line: root=/dev/vda console=tty0 console=ttyS0 no_timer_check
[    0.000000] PID hash table entries: 256 (order: -1, 2048 bytes)
[    0.000000] Checking aperture...
[    0.000000] No AGP bridge found
[    0.000000] Memory: 43492k/65528k available (6576k kernel code, 452k absent, 21584k reserved, 6620k data, 928k init)
[    0.000000] SLUB: Genslabs=15, HWalign=64, Order=0-3, MinObjects=0, CPUs=1, Nodes=1
[    0.000000] Hierarchical RCU implementation.
[    0.000000] 	RCU dyntick-idle grace-period acceleration is enabled.
[    0.000000] NR_IRQS:4352 nr_irqs:256 16
[    0.000000] Console: colour VGA+ 80x25
[    0.000000] console [tty0] enabled
[    0.000000] console [ttyS0] enabled
[    0.000000] allocated 1048576 bytes of page_cgroup
[    0.000000] please try 'cgroup_disable=memory' option if you don't want memory cgroups
[    0.000000] Fast TSC calibration failed
[    0.000000] TSC: Unable to calibrate against PIT
[    0.000000] TSC: using HPET reference calibration
[    0.000000] Detected 2295.990 MHz processor.
[    0.033081] Calibrating delay loop (skipped), value calculated using timer frequency.. 4591.98 BogoMIPS (lpj=9183960)
[    0.036769] pid_max: default: 32768 minimum: 301
[    0.045452] Security Framework initialized
[    0.050058] AppArmor: AppArmor initialized
[    0.050707] Yama: becoming mindful.
[    0.062826] Dentry cache hash table entries: 8192 (order: 4, 65536 bytes)
[    0.064908] Inode-cache hash table entries: 4096 (order: 3, 32768 bytes)
[    0.068829] Mount-cache hash table entries: 256
[    0.085115] Initializing cgroup subsys cpuacct
[    0.085999] Initializing cgroup subsys memory
[    0.087345] Initializing cgroup subsys devices
[    0.088197] Initializing cgroup subsys freezer
[    0.088867] Initializing cgroup subsys blkio
[    0.089621] Initializing cgroup subsys perf_event
[    0.094653] mce: CPU supports 10 MCE banks
[    0.098338] SMP alternatives: switching to UP code
[    0.521097] Freeing SMP alternatives: 24k freed
[    0.524566] ACPI: Core revision 20110623
[    0.586142] ftrace: allocating 26610 entries in 105 pages
[    0.616765] ..TIMER: vector=0x30 apic1=0 pin1=2 apic2=-1 pin2=-1
[    0.618147] CPU0: AMD QEMU Virtual CPU version 2.0.0 stepping 03
[    0.624038] Performance Events: Broken PMU hardware detected, using software events only.
[    0.634049] NMI watchdog disabled (cpu0): hardware events not enabled
[    0.636251] Brought up 1 CPUs
[    0.636798] Total of 1 processors activated (4591.98 BogoMIPS).
[    0.664357] devtmpfs: initialized
[    0.698548] EVM: security.selinux
[    0.699012] EVM: security.SMACK64
[    0.700088] EVM: security.capability
[    0.729596] print_constraints: dummy: 
[    0.731316] RTC time: 23:23:46, date: 12/07/15
[    0.733867] NET: Registered protocol family 16
[    0.744195] ACPI: bus type pci registered
[    0.748251] PCI: Using configuration type 1 for base access
[    0.779252] bio: create slab &lt;bio-0&gt; at 0
[    0.784821] ACPI: Added _OSI(Module Device)
[    0.785604] ACPI: Added _OSI(Processor Device)
[    0.786229] ACPI: Added _OSI(3.0 _SCP Extensions)
[    0.786832] ACPI: Added _OSI(Processor Aggregator Device)
[    0.877409] ACPI: Interpreter enabled
[    0.878488] ACPI: (supports S0 S3 S4 S5)
[    0.882464] ACPI: Using IOAPIC for interrupt routing
[    0.969879] ACPI: No dock devices found.
[    0.970691] HEST: Table not found.
[    0.972246] PCI: Using host bridge windows from ACPI; if necessary, use "pci=nocrs" and report a bug
[    0.979280] ACPI: PCI Root Bridge [PCI0] (domain 0000 [bus 00-ff])
[    0.986205] pci_root PNP0A03:00: host bridge window [io  0x0000-0x0cf7]
[    0.988188] pci_root PNP0A03:00: host bridge window [io  0x0d00-0xadff]
[    0.989411] pci_root PNP0A03:00: host bridge window [io  0xae0f-0xaeff]
[    0.990461] pci_root PNP0A03:00: host bridge window [io  0xaf20-0xafdf]
[    0.992350] pci_root PNP0A03:00: host bridge window [io  0xafe4-0xffff]
[    0.996242] pci_root PNP0A03:00: host bridge window [mem 0x000a0000-0x000bffff]
[    1.000180] pci_root PNP0A03:00: host bridge window [mem 0x04000000-0xfebfffff]
[    1.028950] pci 0000:00:01.3: quirk: [io  0xb000-0xb03f] claimed by PIIX4 ACPI
[    1.030843] pci 0000:00:01.3: quirk: [io  0xb100-0xb10f] claimed by PIIX4 SMB
[    1.096740]  pci0000:00: Unable to request _OSC control (_OSC support mask: 0x1e)
[    1.157865] ACPI: PCI Interrupt Link [LNKA] (IRQs 5 *10 11)
[    1.160799] ACPI: PCI Interrupt Link [LNKB] (IRQs 5 *10 11)
[    1.162734] ACPI: PCI Interrupt Link [LNKC] (IRQs 5 10 *11)
[    1.165298] ACPI: PCI Interrupt Link [LNKD] (IRQs 5 10 *11)
[    1.166548] ACPI: PCI Interrupt Link [LNKS] (IRQs *9)
[    1.173504] vgaarb: device added: PCI:0000:00:02.0,decodes=io+mem,owns=io+mem,locks=none
[    1.174811] vgaarb: loaded
[    1.175195] vgaarb: bridge control possible 0000:00:02.0
[    1.178648] i2c-core: driver [aat2870] using legacy suspend method
[    1.180157] i2c-core: driver [aat2870] using legacy resume method
[    1.182502] SCSI subsystem initialized
[    1.186770] usbcore: registered new interface driver usbfs
[    1.188660] usbcore: registered new interface driver hub
[    1.189893] usbcore: registered new device driver usb
[    1.194568] PCI: Using ACPI for IRQ routing
[    1.209441] NetLabel: Initializing
[    1.209894] NetLabel:  domain hash size = 128
[    1.210597] NetLabel:  protocols = UNLABELED CIPSOv4
[    1.213083] NetLabel:  unlabeled traffic allowed by default
[    1.215031] HPET: 3 timers in total, 0 timers will be used for per-cpu timer
[    1.216441] hpet0: at MMIO 0xfed00000, IRQs 2, 8, 0
[    1.217289] hpet0: 3 comparators, 64-bit 100.000000 MHz counter
[    1.228916] Switching to clocksource hpet
[    1.475617] AppArmor: AppArmor Filesystem Enabled
[    1.477752] pnp: PnP ACPI init
[    1.478392] ACPI: bus type pnp registered
[    1.499463] pnp: PnP ACPI: found 9 devices
[    1.500137] ACPI: ACPI bus type pnp unregistered
[    1.568042] NET: Registered protocol family 2
[    1.604086] IP route cache hash table entries: 512 (order: 0, 4096 bytes)
[    1.613046] TCP established hash table entries: 2048 (order: 3, 32768 bytes)
[    1.614546] TCP bind hash table entries: 2048 (order: 3, 32768 bytes)
[    1.615620] TCP: Hash tables configured (established 2048 bind 2048)
[    1.617401] TCP reno registered
[    1.617951] UDP hash table entries: 128 (order: 0, 4096 bytes)
[    1.619023] UDP-Lite hash table entries: 128 (order: 0, 4096 bytes)
[    1.622465] NET: Registered protocol family 1
[    1.623427] pci 0000:00:00.0: Limiting direct PCI/PCI transfers
[    1.625321] pci 0000:00:01.0: PIIX3: Enabling Passive Release
[    1.626299] pci 0000:00:01.0: Activating ISA DMA hang workarounds
[    1.631777] ACPI: PCI Interrupt Link [LNKD] enabled at IRQ 11
[    1.633848] pci 0000:00:01.2: PCI INT D -&gt; Link[LNKD] -&gt; GSI 11 (level, high) -&gt; IRQ 11
[    1.635822] pci 0000:00:01.2: PCI INT D disabled
[    1.658643] Trying to unpack rootfs image as initramfs...
[    1.675566] audit: initializing netlink socket (disabled)
[    1.678325] type=2000 audit(1449530626.676:1): initialized
[    1.959301] HugeTLB registered 2 MB page size, pre-allocated 0 pages
[    2.035894] VFS: Disk quotas dquot_6.5.2
[    2.038450] Dquot-cache hash table entries: 512 (order 0, 4096 bytes)
[    2.054909] fuse init (API version 7.17)
[    2.058280] msgmni has been set to 84
[    2.094285] Block layer SCSI generic (bsg) driver version 0.4 loaded (major 253)
[    2.095743] io scheduler noop registered
[    2.097415] io scheduler deadline registered (default)
[    2.098462] io scheduler cfq registered
[    2.101971] pci_hotplug: PCI Hot Plug PCI Core version: 0.5
[    2.103810] pciehp: PCI Express Hot Plug Controller Driver version: 0.4
[    2.110396] input: Power Button as /devices/LNXSYSTM:00/LNXPWRBN:00/input/input0
[    2.112060] ACPI: Power Button [PWRF]
[    2.162732] ERST: Table is not found!
[    2.163245] GHES: HEST is not enabled!
[    2.175614] ACPI: PCI Interrupt Link [LNKC] enabled at IRQ 10
[    2.176766] virtio-pci 0000:00:03.0: PCI INT A -&gt; Link[LNKC] -&gt; GSI 10 (level, high) -&gt; IRQ 10
[    2.180360] virtio-pci 0000:00:04.0: PCI INT A -&gt; Link[LNKD] -&gt; GSI 11 (level, high) -&gt; IRQ 11
[    2.195417] ACPI: PCI Interrupt Link [LNKA] enabled at IRQ 10
[    2.196083] virtio-pci 0000:00:05.0: PCI INT A -&gt; Link[LNKA] -&gt; GSI 10 (level, high) -&gt; IRQ 10
[    2.206719] Serial: 8250/16550 driver, 32 ports, IRQ sharing enabled
[    2.243087] serial8250: ttyS0 at I/O 0x3f8 (irq = 4) is a 16550A
[    2.329706] serial8250: ttyS1 at I/O 0x2f8 (irq = 3) is a 16550A
[    2.471150] 00:05: ttyS0 at I/O 0x3f8 (irq = 4) is a 16550A
[    2.561761] 00:06: ttyS1 at I/O 0x2f8 (irq = 3) is a 16550A
[    2.621860] Linux agpgart interface v0.103
[    2.642014] Refined TSC clocksource calibration: 2295.993 MHz.
[    2.642924] Switching to clocksource tsc
[    2.687555] brd: module loaded
[    2.717568] loop: module loaded
[    2.766167]  vda: unknown partition table
[    2.825852] scsi0 : ata_piix
[    2.828851] scsi1 : ata_piix
[    2.830773] ata1: PATA max MWDMA2 cmd 0x1f0 ctl 0x3f6 bmdma 0xc0a0 irq 14
[    2.831570] ata2: PATA max MWDMA2 cmd 0x170 ctl 0x376 bmdma 0xc0a8 irq 15
[    2.842495] Fixed MDIO Bus: probed
[    2.843396] tun: Universal TUN/TAP device driver, 1.6
[    2.843992] tun: (C) 1999-2004 Max Krasnyansky &lt;maxk@qualcomm.com&gt;
[    2.856708] PPP generic driver version 2.4.2
[    2.877803] ehci_hcd: USB 2.0 'Enhanced' Host Controller (EHCI) Driver
[    2.878860] ohci_hcd: USB 1.1 'Open' Host Controller (OHCI) Driver
[    2.879800] uhci_hcd: USB Universal Host Controller Interface driver
[    2.881556] uhci_hcd 0000:00:01.2: PCI INT D -&gt; Link[LNKD] -&gt; GSI 11 (level, high) -&gt; IRQ 11
[    2.884160] uhci_hcd 0000:00:01.2: UHCI Host Controller
[    2.901965] uhci_hcd 0000:00:01.2: new USB bus registered, assigned bus number 1
[    2.903510] uhci_hcd 0000:00:01.2: irq 11, io base 0x0000c040
[    2.922084] hub 1-0:1.0: USB hub found
[    2.924006] hub 1-0:1.0: 2 ports detected
[    2.931897] usbcore: registered new interface driver libusual
[    2.935095] i8042: PNP: PS/2 Controller [PNP0303:KBD,PNP0f13:MOU] at 0x60,0x64 irq 1,12
[    2.944684] serio: i8042 KBD port at 0x60,0x64 irq 1
[    2.945432] serio: i8042 AUX port at 0x60,0x64 irq 12
[    2.985267] mousedev: PS/2 mouse device common for all mice
[    3.019749] input: AT Translated Set 2 keyboard as /devices/platform/i8042/serio0/input/input1
[    3.027347] rtc_cmos 00:01: RTC can wake from S4
[    3.045795] rtc_cmos 00:01: rtc core: registered rtc_cmos as rtc0
[    3.050247] rtc0: alarms up to one day, 114 bytes nvram, hpet irqs
[    3.058891] device-mapper: uevent: version 1.0.3
[    3.081894] ata2.01: ATAPI: QEMU DVD-ROM, 2.0.0, max UDMA/100
[    3.098511] ata2.01: configured for MWDMA2
[    3.102210] device-mapper: ioctl: 4.22.0-ioctl (2011-10-19) initialised: dm-devel@redhat.com
[    3.105561] cpuidle: using governor ladder
[    3.107922] cpuidle: using governor menu
[    3.110768] EFI Variables Facility v0.08 2004-May-17
[    3.125061] TCP cubic registered
[    3.128025] NET: Registered protocol family 10
[    3.152221] NET: Registered protocol family 17
[    3.153413] Registering the dns_resolver key type
[    3.200780] scsi 1:0:1:0: CD-ROM            QEMU     QEMU DVD-ROM     2.0. PQ: 0 ANSI: 5
[    3.229712] sr0: scsi3-mmc drive: 4x/4x cd/rw xa/form2 tray
[    3.231144] cdrom: Uniform CD-ROM driver Revision: 3.20
[    3.247309] sr 1:0:1:0: Attached scsi generic sg0 type 5
[    3.276538] registered taskstats version 1
[    3.337905] Freeing initrd memory: 3656k freed
[    3.915204]   Magic number: 11:825:402
[    3.924923] rtc_cmos 00:01: setting system clock to 2015-12-07 23:23:49 UTC (1449530629)
[    3.927576] powernow-k8: Processor cpuid 663 not supported
[    3.934920] BIOS EDD facility v0.16 2004-Jun-25, 0 devices found
[    3.935943] EDD information not available.
[    4.019930] Freeing unused kernel memory: 928k freed
[    4.024512] Write protecting the kernel read-only data: 12288k
[    4.135767] Freeing unused kernel memory: 1596k freed
[    4.200495] Freeing unused kernel memory: 1184k freed

info: initramfs: up at 4.38
modprobe: module virtio_blk not found in modules.dep
modprobe: module virtio_net not found in modules.dep
info: copying initramfs to /dev/vda
info: initramfs loading root from /dev/vda
info: /etc/init.d/rc.sysinit: up at 8.96
info: container: none
Starting logging: OK
modprobe: module virtio_blk not found in modules.dep
modprobe: module virtio_net not found in modules.dep
WARN: /etc/rc3.d/S10-load-modules failed
Initializing random number generator... done.
Starting acpid: OK
cirros-ds 'local' up at 11.44
found datasource (configdrive, local)
Starting network...
udhcpc (v1.20.1) started
Sending discover...
Sending discover...

2015-12-07 23:25:49,022 20771 INFO     [tempest_lib.common.rest_client] Request (TestNetworkAdvancedServerOps:_run_cleanups): 204 DELETE http://10.0.2.15:9696/v2.0/floatingips/b8f4796c-df87-4c46-8c21-ffd20fc755e5 0.269s
2015-12-07 23:25:49,022 20771 DEBUG    [tempest_lib.common.rest_client] Request - Headers: {'Content-Type': 'application/json', 'Accept': 'application/json', 'X-Auth-Token': '&lt;omitted&gt;'}
        Body: None
    Response - Headers: {'date': 'Mon, 07 Dec 2015 23:25:49 GMT', 'status': '204', 'connection': 'close', 'content-length': '0', 'x-openstack-request-id': 'req-ceefa67e-bd19-4f3a-a9db-ed99f804b048'}
        Body: 
2015-12-07 23:25:49,244 20771 INFO     [tempest_lib.common.rest_client] Request (TestNetworkAdvancedServerOps:_run_cleanups): 204 DELETE http://10.0.2.15:8774/v2.1/db11f0d15c6840eea8cd7a75ac79c10c/servers/467fe409-e234-470f-954b-741d382bd3e2 0.221s
2015-12-07 23:25:49,244 20771 DEBUG    [tempest_lib.common.rest_client] Request - Headers: {'Content-Type': 'application/json', 'Accept': 'application/json', 'X-Auth-Token': '&lt;omitted&gt;'}
        Body: None
    Response - Headers: {'status': '204', 'content-length': '0', 'x-compute-request-id': 'req-a6871ddb-1144-41d6-b955-8cbc2a1f3ac1', 'vary': 'X-OpenStack-Nova-API-Version', 'connection': 'close', 'x-openstack-nova-api-version': '2.1', 'date': 'Mon, 07 Dec 2015 23:25:49 GMT', 'content-type': 'application/json'}
        Body: 
2015-12-07 23:25:49,508 20771 INFO     [tempest_lib.common.rest_client] Request (TestNetworkAdvancedServerOps:_run_cleanups): 200 GET http://10.0.2.15:8774/v2.1/db11f0d15c6840eea8cd7a75ac79c10c/servers/467fe409-e234-470f-954b-741d382bd3e2 0.263s
2015-12-07 23:25:49,509 20771 DEBUG    [tempest_lib.common.rest_client] Request - Headers: {'Content-Type': 'application/json', 'Accept': 'application/json', 'X-Auth-Token': '&lt;omitted&gt;'}
        Body: None
    Response - Headers: {'status': '200', 'content-length': '1784', 'content-location': 'http://10.0.2.15:8774/v2.1/db11f0d15c6840eea8cd7a75ac79c10c/servers/467fe409-e234-470f-954b-741d382bd3e2', 'x-compute-request-id': 'req-bdc44044-5806-4cdd-8c50-054e91490e06', 'vary': 'X-OpenStack-Nova-API-Version', 'connection': 'close', 'x-openstack-nova-api-version': '2.1', 'date': 'Mon, 07 Dec 2015 23:25:49 GMT', 'content-type': 'application/json'}
        Body: {"server": {"status": "ACTIVE", "updated": "2015-12-07T23:25:49Z", "hostId": "59d4bc747200738680d8d95a15a65ec6f56eefcb28c45fc05b0f3c9d", "addresses": {"tempest-network-smoke--181710315": [{"OS-EXT-IPS-MAC:mac_addr": "fa:16:3e:d1:3d:5e", "version": 4, "addr": "10.100.0.3", "OS-EXT-IPS:type": "fixed"}, {"OS-EXT-IPS-MAC:mac_addr": "fa:16:3e:d1:3d:5e", "version": 4, "addr": "172.24.4.4", "OS-EXT-IPS:type": "floating"}]}, "links": [{"href": "http://10.0.2.15:8774/v2.1/db11f0d15c6840eea8cd7a75ac79c10c/servers/467fe409-e234-470f-954b-741d382bd3e2", "rel": "self"}, {"href": "http://10.0.2.15:8774/db11f0d15c6840eea8cd7a75ac79c10c/servers/467fe409-e234-470f-954b-741d382bd3e2", "rel": "bookmark"}], "key_name": "tempest-TestNetworkAdvancedServerOps-2129829665", "image": {"id": "a62add9f-6a0b-421d-a189-5a58b4010d3c", "links": [{"href": "http://10.0.2.15:8774/db11f0d15c6840eea8cd7a75ac79c10c/images/a62add9f-6a0b-421d-a189-5a58b4010d3c", "rel": "bookmark"}]}, "OS-EXT-STS:task_state": "deleting", "OS-EXT-STS:vm_state": "active", "OS-SRV-USG:launched_at": "2015-12-07T23:23:42.000000", "flavor": {"id": "42", "links": [{"href": "http://10.0.2.15:8774/db11f0d15c6840eea8cd7a75ac79c10c/flavors/42", "rel": "bookmark"}]}, "id": "467fe409-e234-470f-954b-741d382bd3e2", "security_groups": [{"name": "tempest-secgroup-smoke-1938918294"}], "OS-SRV-USG:terminated_at": null, "OS-EXT-AZ:availability_zone": "nova", "user_id": "20942a6b40724025b030d206ac84cda5", "name": "tempest.common.compute-instance-379400724", "created": "2015-12-07T23:23:38Z", "tenant_id": "db11f0d15c6840eea8cd7a75ac79c10c", "OS-DCF:diskConfig": "MANUAL", "os-extended-volumes:volumes_attached": [], "accessIPv4": "", "accessIPv6": "", "progress": 0, "OS-EXT-STS:power_state": 1, "config_drive": "True", "metadata": {}}}
2015-12-07 23:25:50,765 20771 INFO     [tempest_lib.common.rest_client] Request (TestNetworkAdvancedServerOps:_run_cleanups): 200 GET http://10.0.2.15:8774/v2.1/db11f0d15c6840eea8cd7a75ac79c10c/servers/467fe409-e234-470f-954b-741d382bd3e2 0.241s
2015-12-07 23:25:50,765 20771 DEBUG    [tempest_lib.common.rest_client] Request - Headers: {'Content-Type': 'application/json', 'Accept': 'application/json', 'X-Auth-Token': '&lt;omitted&gt;'}
        Body: None
    Response - Headers: {'status': '200', 'content-length': '1716', 'content-location': 'http://10.0.2.15:8774/v2.1/db11f0d15c6840eea8cd7a75ac79c10c/servers/467fe409-e234-470f-954b-741d382bd3e2', 'x-compute-request-id': 'req-790c774a-7203-423a-8596-93f6e33994f0', 'vary': 'X-OpenStack-Nova-API-Version', 'connection': 'close', 'x-openstack-nova-api-version': '2.1', 'date': 'Mon, 07 Dec 2015 23:25:50 GMT', 'content-type': 'application/json'}
        Body: {"server": {"status": "ACTIVE", "updated": "2015-12-07T23:25:50Z", "hostId": "59d4bc747200738680d8d95a15a65ec6f56eefcb28c45fc05b0f3c9d", "addresses": {"tempest-network-smoke--181710315": [{"OS-EXT-IPS-MAC:mac_addr": "fa:16:3e:d1:3d:5e", "version": 4, "addr": "10.100.0.3", "OS-EXT-IPS:type": "fixed"}, {"OS-EXT-IPS-MAC:mac_addr": "fa:16:3e:d1:3d:5e", "version": 4, "addr": "172.24.4.4", "OS-EXT-IPS:type": "floating"}]}, "links": [{"href": "http://10.0.2.15:8774/v2.1/db11f0d15c6840eea8cd7a75ac79c10c/servers/467fe409-e234-470f-954b-741d382bd3e2", "rel": "self"}, {"href": "http://10.0.2.15:8774/db11f0d15c6840eea8cd7a75ac79c10c/servers/467fe409-e234-470f-954b-741d382bd3e2", "rel": "bookmark"}], "key_name": "tempest-TestNetworkAdvancedServerOps-2129829665", "image": {"id": "a62add9f-6a0b-421d-a189-5a58b4010d3c", "links": [{"href": "http://10.0.2.15:8774/db11f0d15c6840eea8cd7a75ac79c10c/images/a62add9f-6a0b-421d-a189-5a58b4010d3c", "rel": "bookmark"}]}, "OS-EXT-STS:task_state": "deleting", "OS-EXT-STS:vm_state": "active", "OS-SRV-USG:launched_at": "2015-12-07T23:23:42.000000", "flavor": {"id": "42", "links": [{"href": "http://10.0.2.15:8774/db11f0d15c6840eea8cd7a75ac79c10c/flavors/42", "rel": "bookmark"}]}, "id": "467fe409-e234-470f-954b-741d382bd3e2", "OS-SRV-USG:terminated_at": null, "OS-EXT-AZ:availability_zone": "nova", "user_id": "20942a6b40724025b030d206ac84cda5", "name": "tempest.common.compute-instance-379400724", "created": "2015-12-07T23:23:38Z", "tenant_id": "db11f0d15c6840eea8cd7a75ac79c10c", "OS-DCF:diskConfig": "MANUAL", "os-extended-volumes:volumes_attached": [], "accessIPv4": "", "accessIPv6": "", "progress": 0, "OS-EXT-STS:power_state": 1, "config_drive": "True", "metadata": {}}}
2015-12-07 23:25:51,868 20771 INFO     [tempest_lib.common.rest_client] Request (TestNetworkAdvancedServerOps:_run_cleanups): 404 GET http://10.0.2.15:8774/v2.1/db11f0d15c6840eea8cd7a75ac79c10c/servers/467fe409-e234-470f-954b-741d382bd3e2 0.089s
2015-12-07 23:25:51,868 20771 DEBUG    [tempest_lib.common.rest_client] Request - Headers: {'Content-Type': 'application/json', 'Accept': 'application/json', 'X-Auth-Token': '&lt;omitted&gt;'}
        Body: None
    Response - Headers: {'status': '404', 'content-length': '111', 'x-compute-request-id': 'req-3c70c44c-fc4d-4e65-b8e3-a81f93df39f1', 'vary': 'X-OpenStack-Nova-API-Version', 'connection': 'close', 'x-openstack-nova-api-version': '2.1', 'date': 'Mon, 07 Dec 2015 23:25:51 GMT', 'content-type': 'application/json; charset=UTF-8'}
        Body: {"itemNotFound": {"message": "Instance 467fe409-e234-470f-954b-741d382bd3e2 could not be found.", "code": 404}}
2015-12-07 23:25:52,317 20771 INFO     [tempest_lib.common.rest_client] Request (TestNetworkAdvancedServerOps:_run_cleanups): 200 PUT http://10.0.2.15:9696/v2.0/routers/bfcf4640-309e-46d2-9811-3eec33f7f77a/remove_router_interface 0.447s
2015-12-07 23:25:52,318 20771 DEBUG    [tempest_lib.common.rest_client] Request - Headers: {'Content-Type': 'application/json', 'Accept': 'application/json', 'X-Auth-Token': '&lt;omitted&gt;'}
        Body: {"subnet_id": "11a64573-f268-48bb-9be8-bd9cb2a1413d"}
    Response - Headers: {'status': '200', 'content-length': '255', 'connection': 'close', 'date': 'Mon, 07 Dec 2015 23:25:52 GMT', 'content-type': 'application/json; charset=UTF-8', 'x-openstack-request-id': 'req-df659110-2df1-46ea-be03-18c3cd2fe64d'}
        Body: {"subnet_id": "11a64573-f268-48bb-9be8-bd9cb2a1413d", "tenant_id": "db11f0d15c6840eea8cd7a75ac79c10c", "subnet_ids": ["11a64573-f268-48bb-9be8-bd9cb2a1413d"], "port_id": "fbec40ce-6d44-49d2-91f5-254d722694d9", "id": "bfcf4640-309e-46d2-9811-3eec33f7f77a"}
2015-12-07 23:25:52,881 20771 INFO     [tempest_lib.common.rest_client] Request (TestNetworkAdvancedServerOps:_run_cleanups): 204 DELETE http://10.0.2.15:9696/v2.0/subnets/11a64573-f268-48bb-9be8-bd9cb2a1413d 0.561s
2015-12-07 23:25:52,882 20771 DEBUG    [tempest_lib.common.rest_client] Request - Headers: {'Content-Type': 'application/json', 'Accept': 'application/json', 'X-Auth-Token': '&lt;omitted&gt;'}
        Body: None
    Response - Headers: {'date': 'Mon, 07 Dec 2015 23:25:52 GMT', 'status': '204', 'connection': 'close', 'content-length': '0', 'x-openstack-request-id': 'req-1904e7a5-1fc9-4ff7-92dc-0d068a9c3fde'}
        Body: 
2015-12-07 23:25:52,943 20771 INFO     [tempest_lib.common.rest_client] Request (TestNetworkAdvancedServerOps:_run_cleanups): 200 GET http://10.0.2.15:9696/v2.0/routers/bfcf4640-309e-46d2-9811-3eec33f7f77a 0.059s
2015-12-07 23:25:52,943 20771 DEBUG    [tempest_lib.common.rest_client] Request - Headers: {'Content-Type': 'application/json', 'Accept': 'application/json', 'X-Auth-Token': '&lt;omitted&gt;'}
        Body: None
    Response - Headers: {'status': '200', 'content-length': '564', 'content-location': 'http://10.0.2.15:9696/v2.0/routers/bfcf4640-309e-46d2-9811-3eec33f7f77a', 'connection': 'close', 'date': 'Mon, 07 Dec 2015 23:25:52 GMT', 'content-type': 'application/json; charset=UTF-8', 'x-openstack-request-id': 'req-bbe04562-9836-4edf-985c-c3e0359ee53f'}
        Body: {"router": {"status": "ACTIVE", "external_gateway_info": {"network_id": "f1dbe7ea-b5ac-41bc-ae8d-67d709b03b42", "enable_snat": true, "external_fixed_ips": [{"subnet_id": "510089be-5802-4dfe-ae9d-d5ee35eff872", "ip_address": "172.24.4.3"}, {"subnet_id": "09ba4b62-0e75-4ec2-b262-7ac0f65da014", "ip_address": "2001:db8::4"}]}, "availability_zone_hints": [], "availability_zones": ["nova"], "name": "tempest-router-smoke-1090514678", "admin_state_up": true, "tenant_id": "db11f0d15c6840eea8cd7a75ac79c10c", "routes": [], "id": "bfcf4640-309e-46d2-9811-3eec33f7f77a"}}
2015-12-07 23:25:53,407 20771 INFO     [tempest_lib.common.rest_client] Request (TestNetworkAdvancedServerOps:_run_cleanups): 200 PUT http://10.0.2.15:9696/v2.0/routers/bfcf4640-309e-46d2-9811-3eec33f7f77a 0.463s
2015-12-07 23:25:53,408 20771 DEBUG    [tempest_lib.common.rest_client] Request - Headers: {'Content-Type': 'application/json', 'Accept': 'application/json', 'X-Auth-Token': '&lt;omitted&gt;'}
        Body: {"router": {"external_gateway_info": {}, "name": "tempest-router-smoke-1090514678", "admin_state_up": true}}
    Response - Headers: {'status': '200', 'content-length': '302', 'connection': 'close', 'date': 'Mon, 07 Dec 2015 23:25:53 GMT', 'content-type': 'application/json; charset=UTF-8', 'x-openstack-request-id': 'req-1a56c7b5-8ec6-4fe4-ac0a-0a37bf5e5a71'}
        Body: {"router": {"status": "ACTIVE", "external_gateway_info": null, "availability_zone_hints": [], "availability_zones": ["nova"], "name": "tempest-router-smoke-1090514678", "admin_state_up": true, "tenant_id": "db11f0d15c6840eea8cd7a75ac79c10c", "routes": [], "id": "bfcf4640-309e-46d2-9811-3eec33f7f77a"}}
2015-12-07 23:25:53,669 20771 INFO     [tempest_lib.common.rest_client] Request (TestNetworkAdvancedServerOps:_run_cleanups): 204 DELETE http://10.0.2.15:9696/v2.0/routers/bfcf4640-309e-46d2-9811-3eec33f7f77a 0.260s
2015-12-07 23:25:53,669 20771 DEBUG    [tempest_lib.common.rest_client] Request - Headers: {'Content-Type': 'application/json', 'Accept': 'application/json', 'X-Auth-Token': '&lt;omitted&gt;'}
        Body: None
    Response - Headers: {'date': 'Mon, 07 Dec 2015 23:25:53 GMT', 'status': '204', 'connection': 'close', 'content-length': '0', 'x-openstack-request-id': 'req-ad0acff9-9a1e-4b7a-ad3e-59830f2733ed'}
        Body: 
2015-12-07 23:25:53,906 20771 INFO     [tempest_lib.common.rest_client] Request (TestNetworkAdvancedServerOps:_run_cleanups): 204 DELETE http://10.0.2.15:9696/v2.0/networks/e536e13a-5283-46b0-a0e0-c72527469556 0.237s
2015-12-07 23:25:53,907 20771 DEBUG    [tempest_lib.common.rest_client] Request - Headers: {'Content-Type': 'application/json', 'Accept': 'application/json', 'X-Auth-Token': '&lt;omitted&gt;'}
        Body: None
    Response - Headers: {'date': 'Mon, 07 Dec 2015 23:25:53 GMT', 'status': '204', 'connection': 'close', 'content-length': '0', 'x-openstack-request-id': 'req-b1ae621a-5e44-444a-90ef-473bcf59a80d'}
        Body: 
2015-12-07 23:25:53,977 20771 INFO     [tempest_lib.common.rest_client] Request (TestNetworkAdvancedServerOps:_run_cleanups): 204 DELETE http://10.0.2.15:9696/v2.0/security-group-rules/38a57e53-dad3-4f11-ac01-a9a0ec09ccff 0.068s
2015-12-07 23:25:53,977 20771 DEBUG    [tempest_lib.common.rest_client] Request - Headers: {'Content-Type': 'application/json', 'Accept': 'application/json', 'X-Auth-Token': '&lt;omitted&gt;'}
        Body: None
    Response - Headers: {'date': 'Mon, 07 Dec 2015 23:25:53 GMT', 'status': '204', 'connection': 'close', 'content-length': '0', 'x-openstack-request-id': 'req-e41a4190-f496-4936-a069-7306a5f686c1'}
        Body: 
2015-12-07 23:25:54,043 20771 INFO     [tempest_lib.common.rest_client] Request (TestNetworkAdvancedServerOps:_run_cleanups): 204 DELETE http://10.0.2.15:9696/v2.0/security-group-rules/501bb0fc-f2e1-4b5c-bed4-45066f43e021 0.064s
2015-12-07 23:25:54,043 20771 DEBUG    [tempest_lib.common.rest_client] Request - Headers: {'Content-Type': 'application/json', 'Accept': 'application/json', 'X-Auth-Token': '&lt;omitted&gt;'}
        Body: None
    Response - Headers: {'date': 'Mon, 07 Dec 2015 23:25:54 GMT', 'status': '204', 'connection': 'close', 'content-length': '0', 'x-openstack-request-id': 'req-4942a669-5aab-44cd-bdbc-fa507f0d6e00'}
        Body: 
2015-12-07 23:25:54,103 20771 INFO     [tempest_lib.common.rest_client] Request (TestNetworkAdvancedServerOps:_run_cleanups): 204 DELETE http://10.0.2.15:9696/v2.0/security-group-rules/5dc02395-df1e-46aa-8b2f-536dc2c56fd4 0.059s
2015-12-07 23:25:54,103 20771 DEBUG    [tempest_lib.common.rest_client] Request - Headers: {'Content-Type': 'application/json', 'Accept': 'application/json', 'X-Auth-Token': '&lt;omitted&gt;'}
        Body: None
    Response - Headers: {'date': 'Mon, 07 Dec 2015 23:25:54 GMT', 'status': '204', 'connection': 'close', 'content-length': '0', 'x-openstack-request-id': 'req-bd10ad65-ad46-4d05-a7b5-48c9147cb660'}
        Body: 
2015-12-07 23:25:54,166 20771 INFO     [tempest_lib.common.rest_client] Request (TestNetworkAdvancedServerOps:_run_cleanups): 204 DELETE http://10.0.2.15:9696/v2.0/security-group-rules/c367db23-bf8c-4c5a-8ec6-0c2253e257b0 0.061s
2015-12-07 23:25:54,166 20771 DEBUG    [tempest_lib.common.rest_client] Request - Headers: {'Content-Type': 'application/json', 'Accept': 'application/json', 'X-Auth-Token': '&lt;omitted&gt;'}
        Body: None
    Response - Headers: {'date': 'Mon, 07 Dec 2015 23:25:54 GMT', 'status': '204', 'connection': 'close', 'content-length': '0', 'x-openstack-request-id': 'req-0deb4ac9-3f60-4b2b-862d-c0eeb1264741'}
        Body: 
2015-12-07 23:25:54,222 20771 INFO     [tempest_lib.common.rest_client] Request (TestNetworkAdvancedServerOps:_run_cleanups): 204 DELETE http://10.0.2.15:9696/v2.0/security-group-rules/ccf3daab-e6e4-4665-a1ca-8ec22bc01cec 0.054s
2015-12-07 23:25:54,222 20771 DEBUG    [tempest_lib.common.rest_client] Request - Headers: {'Content-Type': 'application/json', 'Accept': 'application/json', 'X-Auth-Token': '&lt;omitted&gt;'}
        Body: None
    Response - Headers: {'date': 'Mon, 07 Dec 2015 23:25:54 GMT', 'status': '204', 'connection': 'close', 'content-length': '0', 'x-openstack-request-id': 'req-3a43f574-55d4-41b0-a61e-27f5e84c52b8'}
        Body: 
2015-12-07 23:25:54,275 20771 INFO     [tempest_lib.common.rest_client] Request (TestNetworkAdvancedServerOps:_run_cleanups): 204 DELETE http://10.0.2.15:9696/v2.0/security-group-rules/20734497-214a-4d28-9335-3e8d1cef0caf 0.052s
2015-12-07 23:25:54,275 20771 DEBUG    [tempest_lib.common.rest_client] Request - Headers: {'Content-Type': 'application/json', 'Accept': 'application/json', 'X-Auth-Token': '&lt;omitted&gt;'}
        Body: None
    Response - Headers: {'date': 'Mon, 07 Dec 2015 23:25:54 GMT', 'status': '204', 'connection': 'close', 'content-length': '0', 'x-openstack-request-id': 'req-88ca715b-f97c-412a-bd63-44506729e98a'}
        Body: 
2015-12-07 23:25:54,375 20771 INFO     [tempest_lib.common.rest_client] Request (TestNetworkAdvancedServerOps:_run_cleanups): 204 DELETE http://10.0.2.15:9696/v2.0/security-groups/a4535d7b-65a9-4c96-9ac6-75adcecf6c66 0.099s
2015-12-07 23:25:54,376 20771 DEBUG    [tempest_lib.common.rest_client] Request - Headers: {'Content-Type': 'application/json', 'Accept': 'application/json', 'X-Auth-Token': '&lt;omitted&gt;'}
        Body: None
    Response - Headers: {'date': 'Mon, 07 Dec 2015 23:25:54 GMT', 'status': '204', 'connection': 'close', 'content-length': '0', 'x-openstack-request-id': 'req-58d43657-0e2e-4c0d-80f8-1386e1b6a5dc'}
        Body: 
2015-12-07 23:25:54,398 20771 INFO     [tempest_lib.common.rest_client] Request (TestNetworkAdvancedServerOps:_run_cleanups): 202 DELETE http://10.0.2.15:8774/v2.1/db11f0d15c6840eea8cd7a75ac79c10c/os-keypairs/tempest-TestNetworkAdvancedServerOps-2129829665 0.021s
2015-12-07 23:25:54,398 20771 DEBUG    [tempest_lib.common.rest_client] Request - Headers: {'Content-Type': 'application/json', 'Accept': 'application/json', 'X-Auth-Token': '&lt;omitted&gt;'}
        Body: None
    Response - Headers: {'status': '202', 'content-length': '0', 'x-compute-request-id': 'req-4e8c6f03-4e04-49ed-b15e-8a0b553c8534', 'vary': 'X-OpenStack-Nova-API-Version', 'connection': 'close', 'x-openstack-nova-api-version': '2.1', 'date': 'Mon, 07 Dec 2015 23:25:54 GMT', 'content-type': 'application/json'}
        Body: 
2015-12-07 23:25:54,480 20771 INFO     [tempest_lib.common.rest_client] Request (TestNetworkAdvancedServerOps:_run_cleanups): 404 GET http://10.0.2.15:8774/v2.1/db11f0d15c6840eea8cd7a75ac79c10c/servers/467fe409-e234-470f-954b-741d382bd3e2 0.080s
