<?xml version="1.0" encoding="UTF-8"?>
<!DOCTYPE html PUBLIC "-//W3C//DTD XHTML 1.0 Strict//EN"
     "http://www.w3.org/TR/xhtml1/DTD/xhtml1-strict.dtd">
<html xmlns="http://www.w3.org/1999/xhtml">
<head>
    <title>Unit Test Report</title>
    <meta name="generator" content="subunit2html 0.1"/>
    <meta http-equiv="Content-Type" content="text/html; charset=UTF-8"/>
    
<style type="text/css" media="screen">
body        { font-family: verdana, arial, helvetica, sans-serif;
    font-size: 80%; }
table       { font-size: 100%; width: 100%;}
pre         { font-size: 80%; }

/* -- heading -------------------------------------------------------------- */
h1 {
        font-size: 16pt;
        color: gray;
}
.heading {
    margin-top: 0ex;
    margin-bottom: 1ex;
}

.heading .attribute {
    margin-top: 1ex;
    margin-bottom: 0;
}

.heading .description {
    margin-top: 4ex;
    margin-bottom: 6ex;
}

/* -- css div popup -------------------------------------------------------- */
a.popup_link {
}

a.popup_link:hover {
    color: red;
}

.popup_window {
    display: none;
    overflow-x: scroll;
    /*border: solid #627173 1px; */
    padding: 10px;
    background-color: #E6E6D6;
    font-family: "Ubuntu Mono", "Lucida Console", "Courier New", monospace;
    text-align: left;
    font-size: 8pt;
}

}
/* -- report --------------------------------------------------------------- */
#show_detail_line {
    margin-top: 3ex;
    margin-bottom: 1ex;
}
#result_table {
    width: 100%;
    border-collapse: collapse;
    border: 1px solid #777;
}
#header_row {
    font-weight: bold;
    color: white;
    background-color: #777;
}
#result_table td {
    border: 1px solid #777;
    padding: 2px;
}
#total_row  { font-weight: bold; }
.passClass  { background-color: #6c6; }
.failClass  { background-color: #c60; }
.errorClass { background-color: #c00; }
.passCase   { color: #6c6; }
.failCase   { color: #c60; font-weight: bold; }
.errorCase  { color: #c00; font-weight: bold; }
.hiddenRow  { display: none; }
.testcase   { margin-left: 2em; }
td.testname {width: 40%}
td.small {width: 40px}

/* -- ending --------------------------------------------------------------- */
#ending {
}

</style>

</head>
<body>
<script language="javascript" type="text/javascript"><!--
output_list = Array();

/* level - 0:Summary; 1:Failed; 2:All */
function showCase(level) {
    trs = document.getElementsByTagName("tr");
    for (var i = 0; i < trs.length; i++) {
        tr = trs[i];
        id = tr.id;
        if (id.substr(0,2) == 'ft') {
            if (level < 1) {
                tr.className = 'hiddenRow';
            }
            else {
                tr.className = '';
            }
        }
        if (id.substr(0,2) == 'pt') {
            if (level > 1) {
                tr.className = '';
            }
            else {
                tr.className = 'hiddenRow';
            }
        }
    }
}


function showClassDetail(cid, count) {
    var id_list = Array(count);
    var toHide = 1;
    for (var i = 0; i < count; i++) {
        tid0 = 't' + cid.substr(1) + '.' + (i+1);
        tid = 'f' + tid0;
        tr = document.getElementById(tid);
        if (!tr) {
            tid = 'p' + tid0;
            tr = document.getElementById(tid);
        }
        id_list[i] = tid;
        if (tr.className) {
            toHide = 0;
        }
    }
    for (var i = 0; i < count; i++) {
        tid = id_list[i];
        if (toHide) {
            document.getElementById('div_'+tid).style.display = 'none'
            document.getElementById(tid).className = 'hiddenRow';
        }
        else {
            document.getElementById(tid).className = '';
        }
    }
}


function showTestDetail(div_id){
    var details_div = document.getElementById(div_id)
    var displayState = details_div.style.display
    // alert(displayState)
    if (displayState != 'block' ) {
        displayState = 'block'
        details_div.style.display = 'block'
    }
    else {
        details_div.style.display = 'none'
    }
}


function html_escape(s) {
    s = s.replace(/&/g,'&amp;');
    s = s.replace(/</g,'&lt;');
    s = s.replace(/>/g,'&gt;');
    return s;
}

/* obsoleted by detail in <div>
function showOutput(id, name) {
    var w = window.open("", //url
                    name,
                    "resizable,scrollbars,status,width=800,height=450");
    d = w.document;
    d.write("<pre>");
    d.write(html_escape(output_list[id]));
    d.write("\n");
    d.write("<a href='javascript:window.close()'>close</a>\n");
    d.write("</pre>\n");
    d.close();
}
*/
--></script>

<div class='heading'>
<h1>Unit Test Report</h1>

<p class='attribute'><strong>Status:</strong> Failure 6</p>

<p class='description'></p>
</div>



<p id='show_detail_line'>Show
<a href='javascript:showCase(0)'>Summary</a>
<a href='javascript:showCase(1)'>Failed</a>
<a href='javascript:showCase(2)'>All</a>
</p>
<table id='result_table'>
<colgroup>
<col align='left' />
<col align='right' />
<col align='right' />
<col align='right' />
<col align='right' />
<col align='right' />
<col align='right' />
<col align='right' />
</colgroup>
<tr id='header_row'>
    <td>Test Group/Test case</td>
    <td>Count</td>
    <td>Pass</td>
    <td>Fail</td>
    <td>Error</td>
    <td>Skip</td>
    <td>View</td>
    <td> </td>
</tr>

<tr class='failClass'>
    <td class="testname">tempest.scenario.test_network_advanced_server_ops.TestNetworkAdvancedServerOps</td>
    <td class="small">6</td>
    <td class="small">0</td>
    <td class="small">6</td>
    <td class="small">0</td>
    <td class="small">0</td>
    <td class="small"><a href="javascript:showClassDetail('c1',6)"
>Detail</a></td>
    <td> </td>
</tr>

<tr id='ft1.1' class='none'>
    <td class='failCase'><div class='testcase'>test_server_connectivity_pause_unpause[compute,id-2b2642db-6568-4b35-b812-eceed3fa20ce,network]</div></td>
    <td colspan='7' align='left'>

    <!--css div popup start-->
    <a class="popup_link" onfocus='this.blur();'
    href="javascript:showTestDetail('div_ft1.1')" >
        fail</a>

    <div id='div_ft1.1' class="popup_window">
        <div style='text-align: right; color:red;cursor:pointer'>
        <a onfocus='this.blur();'
onclick="document.getElementById('div_ft1.1').style.display = 'none' " >
           [x]</a>
        </div>
        <pre>
        
ft1.1: tempest.scenario.test_network_advanced_server_ops.TestNetworkAdvancedServerOps.test_server_connectivity_pause_unpause[compute,id-2b2642db-6568-4b35-b812-eceed3fa20ce,network]_StringException: Empty attachments:
  stderr
  stdout

pythonlogging:'': {{{
2015-12-23 22:12:53,642 21184 INFO     [tempest_lib.common.rest_client] Request (TestNetworkAdvancedServerOps:test_server_connectivity_pause_unpause): 200 POST http://10.0.2.15:8774/v2.1/35f3098fa246470dba1df23994ca21b9/os-keypairs 0.683s
2015-12-23 22:12:53,643 21184 DEBUG    [tempest_lib.common.rest_client] Request - Headers: {'Content-Type': 'application/json', 'Accept': 'application/json', 'X-Auth-Token': '&lt;omitted&gt;'}
        Body: {"keypair": {"name": "tempest-TestNetworkAdvancedServerOps-162024537"}}
    Response - Headers: {'status': '200', 'content-length': '2329', 'x-compute-request-id': 'req-4e1d7e29-cf65-4d08-ab8b-030c6c4660bc', 'vary': 'X-OpenStack-Nova-API-Version', 'connection': 'close', 'x-openstack-nova-api-version': '2.1', 'date': 'Wed, 23 Dec 2015 22:12:53 GMT', 'content-type': 'application/json'}
        Body: {"keypair": {"public_key": "ssh-rsa AAAAB3NzaC1yc2EAAAADAQABAAABAQCjmtZR8d1wNiq5P31Ki18fMUu4rcydivROYGzjxrzTguDhORTOqubZS5KsjyDnSxWud/6ILOOcd+0yam1PmcjJpCSI8f5xLi94KGcgUISDU9cYnnnn95MmAyRLH3GfHTMdvDpqqHidXQj53O5g68OffpRqSIsTVF55FbRxeI4gt2f+HnbRs7z/g2PbmB5e18D3z0ybxHI5RVoloCOwugB2gMg0lef8baRU7smtsZyjddO2LlpOUafKx4nqQkvblA+m+a5iBfg8qQOM8++kKl8FpoZ9QpIrGP6KJdfzg5NSCyhSXRAHWaM8Fl40RA0UL5ZLOi1hunrS3InZEJ3vx5Jd Generated-by-Nova", "private_key": "-----BEGIN RSA PRIVATE KEY-----\nMIIEqQIBAAKCAQEAo5rWUfHdcDYquT99SotfHzFLuK3MnYr0TmBs48a804Lg4TkU\nzqrm2UuSrI8g50sVrnf+iCzjnHftMmptT5nIyaQkiPH+cS4veChnIFCEg1PXGJ55\n5/eTJgMkSx9xnx0zHbw6aqh4nV0I+dzuYOvDn36UakiLE1ReeRW0cXiOILdn/h52\n0bO8/4Nj25geXtfA989Mm8RyOUVaJaAjsLoAdoDINJXn/G2kVO7JrbGco3XTti5a\nTlGnyseJ6kJL25QPpvmuYgX4PKkDjPPvpCpfBaaGfUKSKxj+iiXX84OTUgsoUl0Q\nB1mjPBZeNEQNFC+WSzotYbp60tyJ2RCd78eSXQIDAQABAoIBACBwGMJSlDclZj8o\niWz4STnkCkFppEIwRNQtZimbQ+Ej9/Zv3OJFHFRFGaXBEyMIzhmzjPHvBIoHdS4j\nz9ySfy8LrnrAkFRcdej7Ccdsb3mia+ljsoP9oF1PDike6OZFYdcpdOOk15VL1vXD\nijgJRtYewMp566k/dyPG2+oLnxJ5OYlKFBrvCSrLqkG/hQv7RHS7FqyTk8tkTSdj\n1jrvUk2pS3gr3UJ3VKz/qsOgxL3c2zf26R22m1Zc3KUSJnetthR6PRMTHaaZamuh\nx61DIFbufA08XOMWK4F/oyVaMEUOwZYT3HVSB8PLQ2SaseGZSKztXkxDxTXEzWHH\nbv5yzgECggCBAMEzmvgsFv6UbnmFwOnSEFA+4DD8qmTqOmQKljXbufm8ZxUDpHuB\nrw6P6S3nlipeggO/RrMX1YIgj5McMEA9JZ/73wDKXxumHQ4Jx77CtDWYMQ4z8cBS\ngU9+FUwdSgCTXHUl3qY9GLeZth1QNLzWlqXokvEsUpin3Yp5c9KFA6BBAoIAgQDY\nyHjoRBFfxq1D6NFHeRxiVyUuJbx2iNhHUiTPKVS3yKXfc3fWgYKXawTnZtcnblVQ\nICg2jEUy7K/s/regA2C6kcMOGnchbi1fScxWaTpRGuTNhSkPU0WirmG0DC4xeWRf\nn5mrX1gbeQWutYX8MEu0QKXU+wJufYtyJHPrLZOrHQKCAIEAhcIxr1HvFZA0MCQ/\nHGLX8oaldqTnX3ietnZx6pXWWyVqBK2B6hQt25oc6TAl0e2ee/OoggOlSTM707C3\nYzIyY2Hg0c5KLH1ELlztEpAAbf6RL/EclXdJmXyESC8a9e0QHPb8AAHao/pikEbg\nTEERCYpMeXajNJc7lUxiuMRob0ECggCAZJEj3gRt1vOxP5bLN5AMxeZNnkntU0QK\nqZOG9f/jiFrx8GZ9yqpMLfh8zujbmTRLKZ+xaBTMqWI5/wTvpLDMd+DVDz7h00Vs\nkQ8IV3H7ltKWIG3M7Yog/OZO9xrLdzIsiVveCy1xD1WmeDVH0gWJqTZweAx2RVHC\nlhIpIIoFPlUCggCBAJMoC1XRsUORubOCc+q0N19HMQcww3DSOpiX68EOVIbUSQiS\nfHgyHJBPTmNk9bTiSX+xeCUsAEza214AR6GhLiLB8YR6RTmgvveEU46rxEIeA+Xm\n5Qr4DYgkHAoRyK914+R4Puz4/+SgOpPYcitBwhLSt//uuB+6QryNE2u7c7P2\n-----END RSA PRIVATE KEY-----\n", "user_id": "6bffa5256cde4581a6fb23336e1e8427", "name": "tempest-TestNetworkAdvancedServerOps-162024537", "fingerprint": "0e:99:95:6a:31:8f:4e:e3:b0:d4:a6:53:c7:29:fd:4e"}}
2015-12-23 22:12:54,012 21184 INFO     [tempest_lib.common.rest_client] Request (TestNetworkAdvancedServerOps:test_server_connectivity_pause_unpause): 201 POST http://10.0.2.15:9696/v2.0/security-groups 0.365s
2015-12-23 22:12:54,013 21184 DEBUG    [tempest_lib.common.rest_client] Request - Headers: {'Content-Type': 'application/json', 'Accept': 'application/json', 'X-Auth-Token': '&lt;omitted&gt;'}
        Body: {"security_group": {"tenant_id": "35f3098fa246470dba1df23994ca21b9", "description": "tempest-secgroup-smoke-1551913752 description", "name": "tempest-secgroup-smoke-1551913752"}}
    Response - Headers: {'status': '201', 'content-length': '888', 'connection': 'close', 'date': 'Wed, 23 Dec 2015 22:12:54 GMT', 'content-type': 'application/json; charset=UTF-8', 'x-openstack-request-id': 'req-25690323-9e7c-4a7a-bdf7-1972c69cdc7e'}
        Body: {"security_group": {"tenant_id": "35f3098fa246470dba1df23994ca21b9", "description": "tempest-secgroup-smoke-1551913752 description", "id": "4cee9140-d3f8-4b0f-ba39-821a0de37a13", "security_group_rules": [{"remote_group_id": null, "direction": "egress", "remote_ip_prefix": null, "protocol": null, "ethertype": "IPv4", "tenant_id": "35f3098fa246470dba1df23994ca21b9", "port_range_max": null, "port_range_min": null, "id": "c128d68c-839d-470e-a27f-c1022487cbc4", "security_group_id": "4cee9140-d3f8-4b0f-ba39-821a0de37a13"}, {"remote_group_id": null, "direction": "egress", "remote_ip_prefix": null, "protocol": null, "ethertype": "IPv6", "tenant_id": "35f3098fa246470dba1df23994ca21b9", "port_range_max": null, "port_range_min": null, "id": "f17a0cec-26e0-45f5-972e-f7497f288837", "security_group_id": "4cee9140-d3f8-4b0f-ba39-821a0de37a13"}], "name": "tempest-secgroup-smoke-1551913752"}}
2015-12-23 22:12:54,133 21184 INFO     [tempest_lib.common.rest_client] Request (TestNetworkAdvancedServerOps:test_server_connectivity_pause_unpause): 201 POST http://10.0.2.15:9696/v2.0/security-group-rules 0.119s
2015-12-23 22:12:54,133 21184 DEBUG    [tempest_lib.common.rest_client] Request - Headers: {'Content-Type': 'application/json', 'Accept': 'application/json', 'X-Auth-Token': '&lt;omitted&gt;'}
        Body: {"security_group_rule": {"direction": "ingress", "protocol": "tcp", "tenant_id": "35f3098fa246470dba1df23994ca21b9", "port_range_max": 22, "security_group_id": "4cee9140-d3f8-4b0f-ba39-821a0de37a13", "port_range_min": 22}}
    Response - Headers: {'status': '201', 'content-length': '340', 'connection': 'close', 'date': 'Wed, 23 Dec 2015 22:12:54 GMT', 'content-type': 'application/json; charset=UTF-8', 'x-openstack-request-id': 'req-fab572c4-2291-4c2a-8ff4-bb6e69f4288b'}
        Body: {"security_group_rule": {"remote_group_id": null, "direction": "ingress", "remote_ip_prefix": null, "protocol": "tcp", "ethertype": "IPv4", "tenant_id": "35f3098fa246470dba1df23994ca21b9", "port_range_max": 22, "port_range_min": 22, "id": "d372b6c3-38c3-47a0-9ad8-5ee9b2363e35", "security_group_id": "4cee9140-d3f8-4b0f-ba39-821a0de37a13"}}
2015-12-23 22:12:54,255 21184 INFO     [tempest_lib.common.rest_client] Request (TestNetworkAdvancedServerOps:test_server_connectivity_pause_unpause): 201 POST http://10.0.2.15:9696/v2.0/security-group-rules 0.121s
2015-12-23 22:12:54,256 21184 DEBUG    [tempest_lib.common.rest_client] Request - Headers: {'Content-Type': 'application/json', 'Accept': 'application/json', 'X-Auth-Token': '&lt;omitted&gt;'}
        Body: {"security_group_rule": {"direction": "egress", "protocol": "tcp", "tenant_id": "35f3098fa246470dba1df23994ca21b9", "port_range_max": 22, "security_group_id": "4cee9140-d3f8-4b0f-ba39-821a0de37a13", "port_range_min": 22}}
    Response - Headers: {'status': '201', 'content-length': '339', 'connection': 'close', 'date': 'Wed, 23 Dec 2015 22:12:54 GMT', 'content-type': 'application/json; charset=UTF-8', 'x-openstack-request-id': 'req-988199c0-ad1e-4b2c-b629-fae1ceda9d23'}
        Body: {"security_group_rule": {"remote_group_id": null, "direction": "egress", "remote_ip_prefix": null, "protocol": "tcp", "ethertype": "IPv4", "tenant_id": "35f3098fa246470dba1df23994ca21b9", "port_range_max": 22, "port_range_min": 22, "id": "8c24d3d2-8968-4da8-9690-8cd0d70145dd", "security_group_id": "4cee9140-d3f8-4b0f-ba39-821a0de37a13"}}
2015-12-23 22:12:54,372 21184 INFO     [tempest_lib.common.rest_client] Request (TestNetworkAdvancedServerOps:test_server_connectivity_pause_unpause): 201 POST http://10.0.2.15:9696/v2.0/security-group-rules 0.115s
2015-12-23 22:12:54,372 21184 DEBUG    [tempest_lib.common.rest_client] Request - Headers: {'Content-Type': 'application/json', 'Accept': 'application/json', 'X-Auth-Token': '&lt;omitted&gt;'}
        Body: {"security_group_rule": {"tenant_id": "35f3098fa246470dba1df23994ca21b9", "direction": "ingress", "protocol": "icmp", "security_group_id": "4cee9140-d3f8-4b0f-ba39-821a0de37a13"}}
    Response - Headers: {'status': '201', 'content-length': '345', 'connection': 'close', 'date': 'Wed, 23 Dec 2015 22:12:54 GMT', 'content-type': 'application/json; charset=UTF-8', 'x-openstack-request-id': 'req-956f06fe-c1c7-47be-92c8-ff51cf96c6f8'}
        Body: {"security_group_rule": {"remote_group_id": null, "direction": "ingress", "remote_ip_prefix": null, "protocol": "icmp", "ethertype": "IPv4", "tenant_id": "35f3098fa246470dba1df23994ca21b9", "port_range_max": null, "port_range_min": null, "id": "f0a7c059-ce38-48d8-b32c-9edb9aa02e54", "security_group_id": "4cee9140-d3f8-4b0f-ba39-821a0de37a13"}}
2015-12-23 22:12:54,498 21184 INFO     [tempest_lib.common.rest_client] Request (TestNetworkAdvancedServerOps:test_server_connectivity_pause_unpause): 201 POST http://10.0.2.15:9696/v2.0/security-group-rules 0.124s
2015-12-23 22:12:54,499 21184 DEBUG    [tempest_lib.common.rest_client] Request - Headers: {'Content-Type': 'application/json', 'Accept': 'application/json', 'X-Auth-Token': '&lt;omitted&gt;'}
        Body: {"security_group_rule": {"tenant_id": "35f3098fa246470dba1df23994ca21b9", "direction": "egress", "protocol": "icmp", "security_group_id": "4cee9140-d3f8-4b0f-ba39-821a0de37a13"}}
    Response - Headers: {'status': '201', 'content-length': '344', 'connection': 'close', 'date': 'Wed, 23 Dec 2015 22:12:54 GMT', 'content-type': 'application/json; charset=UTF-8', 'x-openstack-request-id': 'req-a64151da-e1b5-4ddc-ad6e-c8172c76b1e7'}
        Body: {"security_group_rule": {"remote_group_id": null, "direction": "egress", "remote_ip_prefix": null, "protocol": "icmp", "ethertype": "IPv4", "tenant_id": "35f3098fa246470dba1df23994ca21b9", "port_range_max": null, "port_range_min": null, "id": "b9f825f5-cb2f-4681-ac69-ce2b76a1d98f", "security_group_id": "4cee9140-d3f8-4b0f-ba39-821a0de37a13"}}
2015-12-23 22:12:54,619 21184 INFO     [tempest_lib.common.rest_client] Request (TestNetworkAdvancedServerOps:test_server_connectivity_pause_unpause): 201 POST http://10.0.2.15:9696/v2.0/security-group-rules 0.119s
2015-12-23 22:12:54,620 21184 DEBUG    [tempest_lib.common.rest_client] Request - Headers: {'Content-Type': 'application/json', 'Accept': 'application/json', 'X-Auth-Token': '&lt;omitted&gt;'}
        Body: {"security_group_rule": {"tenant_id": "35f3098fa246470dba1df23994ca21b9", "direction": "ingress", "security_group_id": "4cee9140-d3f8-4b0f-ba39-821a0de37a13", "protocol": "icmp", "ethertype": "IPv6"}}
    Response - Headers: {'status': '201', 'content-length': '345', 'connection': 'close', 'date': 'Wed, 23 Dec 2015 22:12:54 GMT', 'content-type': 'application/json; charset=UTF-8', 'x-openstack-request-id': 'req-9b1b8d34-3d8e-456f-a037-8f174dbc3f0f'}
        Body: {"security_group_rule": {"remote_group_id": null, "direction": "ingress", "remote_ip_prefix": null, "protocol": "icmp", "ethertype": "IPv6", "tenant_id": "35f3098fa246470dba1df23994ca21b9", "port_range_max": null, "port_range_min": null, "id": "c1b5619e-b6eb-46ac-a258-52200e47a17f", "security_group_id": "4cee9140-d3f8-4b0f-ba39-821a0de37a13"}}
2015-12-23 22:12:54,881 21184 INFO     [tempest_lib.common.rest_client] Request (TestNetworkAdvancedServerOps:test_server_connectivity_pause_unpause): 201 POST http://10.0.2.15:9696/v2.0/security-group-rules 0.260s
2015-12-23 22:12:54,882 21184 DEBUG    [tempest_lib.common.rest_client] Request - Headers: {'Content-Type': 'application/json', 'Accept': 'application/json', 'X-Auth-Token': '&lt;omitted&gt;'}
        Body: {"security_group_rule": {"tenant_id": "35f3098fa246470dba1df23994ca21b9", "direction": "egress", "security_group_id": "4cee9140-d3f8-4b0f-ba39-821a0de37a13", "protocol": "icmp", "ethertype": "IPv6"}}
    Response - Headers: {'status': '201', 'content-length': '344', 'connection': 'close', 'date': 'Wed, 23 Dec 2015 22:12:54 GMT', 'content-type': 'application/json; charset=UTF-8', 'x-openstack-request-id': 'req-9005037f-dfc6-4f94-b36a-df4e255f560f'}
        Body: {"security_group_rule": {"remote_group_id": null, "direction": "egress", "remote_ip_prefix": null, "protocol": "icmp", "ethertype": "IPv6", "tenant_id": "35f3098fa246470dba1df23994ca21b9", "port_range_max": null, "port_range_min": null, "id": "2305c0ac-6ff4-465b-8c35-d8a02985578d", "security_group_id": "4cee9140-d3f8-4b0f-ba39-821a0de37a13"}}
2015-12-23 22:12:55,072 21184 INFO     [tempest_lib.common.rest_client] Request (TestNetworkAdvancedServerOps:test_server_connectivity_pause_unpause): 201 POST http://10.0.2.15:9696/v2.0/networks 0.188s
2015-12-23 22:12:55,073 21184 DEBUG    [tempest_lib.common.rest_client] Request - Headers: {'Content-Type': 'application/json', 'Accept': 'application/json', 'X-Auth-Token': '&lt;omitted&gt;'}
        Body: {"network": {"tenant_id": "35f3098fa246470dba1df23994ca21b9", "name": "tempest-network-smoke--94751884"}}
    Response - Headers: {'status': '201', 'content-length': '327', 'connection': 'close', 'date': 'Wed, 23 Dec 2015 22:12:55 GMT', 'content-type': 'application/json; charset=UTF-8', 'x-openstack-request-id': 'req-a89a5569-66e8-4483-becc-5888cd56c0fe'}
        Body: {"network": {"status": "ACTIVE", "subnets": [], "availability_zone_hints": "[]", "name": "tempest-network-smoke--94751884", "admin_state_up": true, "tenant_id": "35f3098fa246470dba1df23994ca21b9", "mtu": 0, "router:external": false, "shared": false, "port_security_enabled": true, "id": "5c1827d4-2551-4d86-a1ad-805c9e747519"}}
2015-12-23 22:12:55,160 21184 INFO     [tempest_lib.common.rest_client] Request (TestNetworkAdvancedServerOps:test_server_connectivity_pause_unpause): 201 POST http://10.0.2.15:9696/v2.0/routers 0.085s
2015-12-23 22:12:55,160 21184 DEBUG    [tempest_lib.common.rest_client] Request - Headers: {'Content-Type': 'application/json', 'Accept': 'application/json', 'X-Auth-Token': '&lt;omitted&gt;'}
        Body: {"router": {"tenant_id": "35f3098fa246470dba1df23994ca21b9", "name": "tempest-router-smoke-166077045", "admin_state_up": true}}
    Response - Headers: {'status': '201', 'content-length': '295', 'connection': 'close', 'date': 'Wed, 23 Dec 2015 22:12:55 GMT', 'content-type': 'application/json; charset=UTF-8', 'x-openstack-request-id': 'req-024eaac2-1d22-4f1b-88f0-389c073d5c6a'}
        Body: {"router": {"status": "ACTIVE", "external_gateway_info": null, "availability_zone_hints": [], "availability_zones": [], "name": "tempest-router-smoke-166077045", "admin_state_up": true, "tenant_id": "35f3098fa246470dba1df23994ca21b9", "routes": [], "id": "f7593cc3-8ecc-4c7c-a91a-d6b8003ce2bc"}}
2015-12-23 22:12:55,222 21184 INFO     [tempest_lib.common.rest_client] Request (TestNetworkAdvancedServerOps:test_server_connectivity_pause_unpause): 200 GET http://10.0.2.15:9696/v2.0/routers/f7593cc3-8ecc-4c7c-a91a-d6b8003ce2bc 0.060s
2015-12-23 22:12:55,223 21184 DEBUG    [tempest_lib.common.rest_client] Request - Headers: {'Content-Type': 'application/json', 'Accept': 'application/json', 'X-Auth-Token': '&lt;omitted&gt;'}
        Body: None
    Response - Headers: {'status': '200', 'content-length': '295', 'content-location': 'http://10.0.2.15:9696/v2.0/routers/f7593cc3-8ecc-4c7c-a91a-d6b8003ce2bc', 'connection': 'close', 'date': 'Wed, 23 Dec 2015 22:12:55 GMT', 'content-type': 'application/json; charset=UTF-8', 'x-openstack-request-id': 'req-ee397743-3b04-4668-b051-f82163ebaa68'}
        Body: {"router": {"status": "ACTIVE", "external_gateway_info": null, "availability_zone_hints": [], "availability_zones": [], "name": "tempest-router-smoke-166077045", "admin_state_up": true, "tenant_id": "35f3098fa246470dba1df23994ca21b9", "routes": [], "id": "f7593cc3-8ecc-4c7c-a91a-d6b8003ce2bc"}}
2015-12-23 22:12:55,969 21184 INFO     [tempest_lib.common.rest_client] Request (TestNetworkAdvancedServerOps:test_server_connectivity_pause_unpause): 200 PUT http://10.0.2.15:9696/v2.0/routers/f7593cc3-8ecc-4c7c-a91a-d6b8003ce2bc 0.745s
2015-12-23 22:12:55,970 21184 DEBUG    [tempest_lib.common.rest_client] Request - Headers: {'Content-Type': 'application/json', 'Accept': 'application/json', 'X-Auth-Token': '&lt;omitted&gt;'}
        Body: {"router": {"external_gateway_info": {"network_id": "bdebfd6e-5081-4728-8682-cf1333b9bf40"}, "name": "tempest-router-smoke-166077045", "admin_state_up": true}}
    Response - Headers: {'status': '200', 'content-length': '557', 'connection': 'close', 'date': 'Wed, 23 Dec 2015 22:12:55 GMT', 'content-type': 'application/json; charset=UTF-8', 'x-openstack-request-id': 'req-eba695cf-d58f-497b-bc68-ffeb4c451c3d'}
        Body: {"router": {"status": "ACTIVE", "external_gateway_info": {"network_id": "bdebfd6e-5081-4728-8682-cf1333b9bf40", "enable_snat": true, "external_fixed_ips": [{"subnet_id": "8d1a0dcf-191f-49c1-9383-a97b4f7763e4", "ip_address": "172.24.4.3"}, {"subnet_id": "1321cc49-166e-45ce-ab62-66caaf1f83b7", "ip_address": "2001:db8::3"}]}, "availability_zone_hints": [], "availability_zones": [], "name": "tempest-router-smoke-166077045", "admin_state_up": true, "tenant_id": "35f3098fa246470dba1df23994ca21b9", "routes": [], "id": "f7593cc3-8ecc-4c7c-a91a-d6b8003ce2bc"}}
2015-12-23 22:12:56,130 21184 INFO     [tempest_lib.common.rest_client] Request (TestNetworkAdvancedServerOps:test_server_connectivity_pause_unpause): 200 GET http://10.0.2.15:9696/v2.0/subnets?tenant_id=35f3098fa246470dba1df23994ca21b9&amp;cidr=10.100.0.0%2F28 0.158s
2015-12-23 22:12:56,130 21184 DEBUG    [tempest_lib.common.rest_client] Request - Headers: {'Content-Type': 'application/json', 'Accept': 'application/json', 'X-Auth-Token': '&lt;omitted&gt;'}
        Body: None
    Response - Headers: {'status': '200', 'content-length': '15', 'content-location': 'http://10.0.2.15:9696/v2.0/subnets?tenant_id=35f3098fa246470dba1df23994ca21b9&amp;cidr=10.100.0.0%2F28', 'connection': 'close', 'date': 'Wed, 23 Dec 2015 22:12:56 GMT', 'content-type': 'application/json; charset=UTF-8', 'x-openstack-request-id': 'req-5af546da-6b40-4ebb-8dff-f9ca5e398ff5'}
        Body: {"subnets": []}
2015-12-23 22:12:56,460 21184 INFO     [tempest_lib.common.rest_client] Request (TestNetworkAdvancedServerOps:test_server_connectivity_pause_unpause): 201 POST http://10.0.2.15:9696/v2.0/subnets 0.328s
2015-12-23 22:12:56,460 21184 DEBUG    [tempest_lib.common.rest_client] Request - Headers: {'Content-Type': 'application/json', 'Accept': 'application/json', 'X-Auth-Token': '&lt;omitted&gt;'}
        Body: {"subnet": {"ip_version": 4, "tenant_id": "35f3098fa246470dba1df23994ca21b9", "cidr": "10.100.0.0/28", "network_id": "5c1827d4-2551-4d86-a1ad-805c9e747519", "name": "tempest-subnet-smoke-1117409193"}}
    Response - Headers: {'status': '201', 'content-length': '478', 'connection': 'close', 'date': 'Wed, 23 Dec 2015 22:12:56 GMT', 'content-type': 'application/json; charset=UTF-8', 'x-openstack-request-id': 'req-b0317898-6510-48fa-ab30-351ea6a02a4e'}
        Body: {"subnet": {"name": "tempest-subnet-smoke-1117409193", "enable_dhcp": true, "network_id": "5c1827d4-2551-4d86-a1ad-805c9e747519", "tenant_id": "35f3098fa246470dba1df23994ca21b9", "dns_nameservers": [], "gateway_ip": "10.100.0.1", "ipv6_ra_mode": null, "allocation_pools": [{"start": "10.100.0.2", "end": "10.100.0.14"}], "host_routes": [], "ip_version": 4, "ipv6_address_mode": null, "cidr": "10.100.0.0/28", "id": "4f4d7b37-a89e-4895-be38-279d0691d43b", "subnetpool_id": null}}
2015-12-23 22:12:57,010 21184 INFO     [tempest_lib.common.rest_client] Request (TestNetworkAdvancedServerOps:test_server_connectivity_pause_unpause): 200 PUT http://10.0.2.15:9696/v2.0/routers/f7593cc3-8ecc-4c7c-a91a-d6b8003ce2bc/add_router_interface 0.547s
2015-12-23 22:12:57,010 21184 DEBUG    [tempest_lib.common.rest_client] Request - Headers: {'Content-Type': 'application/json', 'Accept': 'application/json', 'X-Auth-Token': '&lt;omitted&gt;'}
        Body: {"subnet_id": "4f4d7b37-a89e-4895-be38-279d0691d43b"}
    Response - Headers: {'status': '200', 'content-length': '255', 'connection': 'close', 'date': 'Wed, 23 Dec 2015 22:12:57 GMT', 'content-type': 'application/json; charset=UTF-8', 'x-openstack-request-id': 'req-d8bf4a9c-8491-4070-a630-49bf57c282c3'}
        Body: {"subnet_id": "4f4d7b37-a89e-4895-be38-279d0691d43b", "tenant_id": "35f3098fa246470dba1df23994ca21b9", "subnet_ids": ["4f4d7b37-a89e-4895-be38-279d0691d43b"], "port_id": "e819ac6d-3fa5-4bd2-b662-b9cf6b62895d", "id": "f7593cc3-8ecc-4c7c-a91a-d6b8003ce2bc"}
2015-12-23 22:12:57,137 21184 INFO     [tempest_lib.common.rest_client] Request (TestNetworkAdvancedServerOps:test_server_connectivity_pause_unpause): 200 POST http://10.0.2.15:5000/v2.0/tokens
2015-12-23 22:12:57,137 21184 DEBUG    [tempest_lib.common.rest_client] Request - Headers: {'Content-Type': 'application/json', 'Accept': 'application/json'}
        Body: &lt;omitted&gt;
    Response - Headers: {'status': '200', 'content-length': '2566', 'vary': 'X-Auth-Token', 'server': 'Apache/2.4.7 (Ubuntu)', 'connection': 'close', 'date': 'Wed, 23 Dec 2015 22:12:57 GMT', 'content-type': 'application/json', 'x-openstack-request-id': 'req-aad13a5d-4bc2-4200-ad6e-86ca864b2024'}
        Body: {"access": {"token": {"issued_at": "2015-12-23T22:12:57.125950", "expires": "2015-12-23T23:12:57Z", "id": "620d3b61158f41d88535628bc577ee28", "tenant": {"description": "tempest-TestNetworkAdvancedServerOps-1840406505-desc", "enabled": true, "id": "35f3098fa246470dba1df23994ca21b9", "name": "tempest-TestNetworkAdvancedServerOps-1840406505"}, "audit_ids": ["XWcSzH6DR1K9v5EIUnZexQ"]}, "serviceCatalog": [{"endpoints": [{"adminURL": "http://10.0.2.15:8774/v2.1/35f3098fa246470dba1df23994ca21b9", "region": "RegionOne", "internalURL": "http://10.0.2.15:8774/v2.1/35f3098fa246470dba1df23994ca21b9", "id": "035e0168f2034794b0585dc5738fd0d5", "publicURL": "http://10.0.2.15:8774/v2.1/35f3098fa246470dba1df23994ca21b9"}], "endpoints_links": [], "type": "compute", "name": "nova"}, {"endpoints": [{"adminURL": "http://10.0.2.15:9696/", "region": "RegionOne", "internalURL": "http://10.0.2.15:9696/", "id": "4e36da6b47da4ba68b38635cedbf2594", "publicURL": "http://10.0.2.15:9696/"}], "endpoints_links": [], "type": "network", "name": "neutron"}, {"endpoints": [{"adminURL": "http://10.0.2.15:9292", "region": "RegionOne", "internalURL": "http://10.0.2.15:9292", "id": "05bbde6c77dd45dbbb27f82d62a7911f", "publicURL": "http://10.0.2.15:9292"}], "endpoints_links": [], "type": "image", "name": "glance"}, {"endpoints": [{"adminURL": "http://10.0.2.15:8774/v2/35f3098fa246470dba1df23994ca21b9", "region": "RegionOne", "internalURL": "http://10.0.2.15:8774/v2/35f3098fa246470dba1df23994ca21b9", "id": "89b8d1634167471e88aa3a5ed99468be", "publicURL": "http://10.0.2.15:8774/v2/35f3098fa246470dba1df23994ca21b9"}], "endpoints_links": [], "type": "compute_legacy", "name": "nova_legacy"}, {"endpoints": [{"adminURL": "http://10.0.2.15:8773/", "region": "RegionOne", "internalURL": "http://10.0.2.15:8773/", "id": "356bbf24c6ab4bf6a580a7d139958227", "publicURL": "http://10.0.2.15:8773/"}], "endpoints_links": [], "type": "ec2", "name": "ec2"}, {"endpoints": [{"adminURL": "http://10.0.2.15:35357/v2.0", "region": "RegionOne", "internalURL": "http://10.0.2.15:5000/v2.0", "id": "375670e209cf4b8a964df19da23a8194", "publicURL": "http://10.0.2.15:5000/v2.0"}], "endpoints_links": [], "type": "identity", "name": "keystone"}], "user": {"username": "tempest-TestNetworkAdvancedServerOps-1178181982", "roles_links": [], "id": "6bffa5256cde4581a6fb23336e1e8427", "roles": [{"name": "_member_"}, {"name": "Member"}], "name": "tempest-TestNetworkAdvancedServerOps-1178181982"}, "metadata": {"is_admin": 0, "roles": ["9fe2ff9ee4384b1894a90878d3e92bab", "dd00ecc6d38045e69968f6e41fc41775"]}}}
2015-12-23 22:12:57,143 21184 DEBUG    [tempest.common.fixed_network] (TestNetworkAdvancedServerOps:test_server_connectivity_pause_unpause) No valid network provided or created, defaulting to fixed_network_name
2015-12-23 22:12:57,521 21184 INFO     [tempest_lib.common.rest_client] Request (TestNetworkAdvancedServerOps:test_server_connectivity_pause_unpause): 200 GET http://10.0.2.15:8774/v2.1/35f3098fa246470dba1df23994ca21b9/os-networks 0.376s
2015-12-23 22:12:57,521 21184 DEBUG    [tempest_lib.common.rest_client] Request - Headers: {'Content-Type': 'application/json', 'Accept': 'application/json', 'X-Auth-Token': '&lt;omitted&gt;'}
        Body: None
    Response - Headers: {'status': '200', 'content-length': '477', 'content-location': 'http://10.0.2.15:8774/v2.1/35f3098fa246470dba1df23994ca21b9/os-networks', 'x-compute-request-id': 'req-425f85e0-2d66-424a-a149-34e5f1af931b', 'vary': 'X-OpenStack-Nova-API-Version', 'connection': 'close', 'x-openstack-nova-api-version': '2.1', 'date': 'Wed, 23 Dec 2015 22:12:57 GMT', 'content-type': 'application/json'}
        Body: {"networks": [{"cidr_v6": null, "dns2": null, "dns1": null, "gateway": null, "broadcast": null, "netmask": null, "gateway_v6": null, "cidr": null, "label": "public", "id": "bdebfd6e-5081-4728-8682-cf1333b9bf40", "netmask_v6": null}, {"cidr_v6": null, "dns2": null, "dns1": null, "gateway": null, "broadcast": null, "netmask": null, "gateway_v6": null, "cidr": null, "label": "tempest-network-smoke--94751884", "id": "5c1827d4-2551-4d86-a1ad-805c9e747519", "netmask_v6": null}]}
2015-12-23 22:12:57,522 21184 WARNING  [tempest.common.fixed_network] (TestNetworkAdvancedServerOps:test_server_connectivity_pause_unpause) Network with name: private not found
2015-12-23 22:12:57,522 21184 INFO     [tempest.common.fixed_network] (TestNetworkAdvancedServerOps:test_server_connectivity_pause_unpause) Found network {} available for tenant
2015-12-23 22:12:58,586 21184 INFO     [tempest_lib.common.rest_client] Request (TestNetworkAdvancedServerOps:test_server_connectivity_pause_unpause): 202 POST http://10.0.2.15:8774/v2.1/35f3098fa246470dba1df23994ca21b9/servers 1.063s
2015-12-23 22:12:58,586 21184 DEBUG    [tempest_lib.common.rest_client] Request - Headers: {'Content-Type': 'application/json', 'Accept': 'application/json', 'X-Auth-Token': '&lt;omitted&gt;'}
        Body: {"server": {"name": "tempest.common.compute-instance-228104146", "imageRef": "3388a6b4-9585-4405-9140-1a54fe03e459", "key_name": "tempest-TestNetworkAdvancedServerOps-162024537", "flavorRef": "42", "networks": [{"uuid": "5c1827d4-2551-4d86-a1ad-805c9e747519"}], "security_groups": [{"name": "tempest-secgroup-smoke-1551913752"}]}}
    Response - Headers: {'status': '202', 'content-length': '462', 'x-compute-request-id': 'req-e1280dfc-63e7-4958-b7d9-20e978837f0d', 'vary': 'X-OpenStack-Nova-API-Version', 'connection': 'close', 'location': 'http://10.0.2.15:8774/v2.1/35f3098fa246470dba1df23994ca21b9/servers/e2991289-2358-4e77-a9b6-5e39ca368fcf', 'x-openstack-nova-api-version': '2.1', 'date': 'Wed, 23 Dec 2015 22:12:58 GMT', 'content-type': 'application/json'}
        Body: {"server": {"security_groups": [{"name": "tempest-secgroup-smoke-1551913752"}], "OS-DCF:diskConfig": "MANUAL", "id": "e2991289-2358-4e77-a9b6-5e39ca368fcf", "links": [{"href": "http://10.0.2.15:8774/v2.1/35f3098fa246470dba1df23994ca21b9/servers/e2991289-2358-4e77-a9b6-5e39ca368fcf", "rel": "self"}, {"href": "http://10.0.2.15:8774/35f3098fa246470dba1df23994ca21b9/servers/e2991289-2358-4e77-a9b6-5e39ca368fcf", "rel": "bookmark"}], "adminPass": "UeYZ9Tgi3Pei"}}
2015-12-23 22:12:58,876 21184 INFO     [tempest_lib.common.rest_client] Request (TestNetworkAdvancedServerOps:test_server_connectivity_pause_unpause): 200 GET http://10.0.2.15:8774/v2.1/35f3098fa246470dba1df23994ca21b9/servers/e2991289-2358-4e77-a9b6-5e39ca368fcf 0.287s
2015-12-23 22:12:58,876 21184 DEBUG    [tempest_lib.common.rest_client] Request - Headers: {'Content-Type': 'application/json', 'Accept': 'application/json', 'X-Auth-Token': '&lt;omitted&gt;'}
        Body: None
    Response - Headers: {'status': '200', 'content-length': '1363', 'content-location': 'http://10.0.2.15:8774/v2.1/35f3098fa246470dba1df23994ca21b9/servers/e2991289-2358-4e77-a9b6-5e39ca368fcf', 'x-compute-request-id': 'req-a705d046-c517-4410-8f1c-b78c6501112e', 'vary': 'X-OpenStack-Nova-API-Version', 'connection': 'close', 'x-openstack-nova-api-version': '2.1', 'date': 'Wed, 23 Dec 2015 22:12:58 GMT', 'content-type': 'application/json'}
        Body: {"server": {"status": "BUILD", "updated": "2015-12-23T22:12:58Z", "hostId": "", "addresses": {}, "links": [{"href": "http://10.0.2.15:8774/v2.1/35f3098fa246470dba1df23994ca21b9/servers/e2991289-2358-4e77-a9b6-5e39ca368fcf", "rel": "self"}, {"href": "http://10.0.2.15:8774/35f3098fa246470dba1df23994ca21b9/servers/e2991289-2358-4e77-a9b6-5e39ca368fcf", "rel": "bookmark"}], "key_name": "tempest-TestNetworkAdvancedServerOps-162024537", "image": {"id": "3388a6b4-9585-4405-9140-1a54fe03e459", "links": [{"href": "http://10.0.2.15:8774/35f3098fa246470dba1df23994ca21b9/images/3388a6b4-9585-4405-9140-1a54fe03e459", "rel": "bookmark"}]}, "OS-EXT-STS:task_state": "scheduling", "OS-EXT-STS:vm_state": "building", "OS-SRV-USG:launched_at": null, "flavor": {"id": "42", "links": [{"href": "http://10.0.2.15:8774/35f3098fa246470dba1df23994ca21b9/flavors/42", "rel": "bookmark"}]}, "id": "e2991289-2358-4e77-a9b6-5e39ca368fcf", "OS-SRV-USG:terminated_at": null, "OS-EXT-AZ:availability_zone": "", "user_id": "6bffa5256cde4581a6fb23336e1e8427", "name": "tempest.common.compute-instance-228104146", "created": "2015-12-23T22:12:58Z", "tenant_id": "35f3098fa246470dba1df23994ca21b9", "OS-DCF:diskConfig": "MANUAL", "os-extended-volumes:volumes_attached": [], "accessIPv4": "", "accessIPv6": "", "progress": 0, "OS-EXT-STS:power_state": 0, "config_drive": "", "metadata": {}}}
2015-12-23 22:13:00,067 21184 INFO     [tempest_lib.common.rest_client] Request (TestNetworkAdvancedServerOps:test_server_connectivity_pause_unpause): 200 GET http://10.0.2.15:8774/v2.1/35f3098fa246470dba1df23994ca21b9/servers/e2991289-2358-4e77-a9b6-5e39ca368fcf 0.181s
2015-12-23 22:13:00,068 21184 DEBUG    [tempest_lib.common.rest_client] Request - Headers: {'Content-Type': 'application/json', 'Accept': 'application/json', 'X-Auth-Token': '&lt;omitted&gt;'}
        Body: None
    Response - Headers: {'status': '200', 'content-length': '1421', 'content-location': 'http://10.0.2.15:8774/v2.1/35f3098fa246470dba1df23994ca21b9/servers/e2991289-2358-4e77-a9b6-5e39ca368fcf', 'x-compute-request-id': 'req-a62e95fd-2af7-4352-a790-dcc00ed7809c', 'vary': 'X-OpenStack-Nova-API-Version', 'connection': 'close', 'x-openstack-nova-api-version': '2.1', 'date': 'Wed, 23 Dec 2015 22:13:00 GMT', 'content-type': 'application/json'}
        Body: {"server": {"status": "BUILD", "updated": "2015-12-23T22:12:59Z", "hostId": "f9607e0296f686c44fc1642d5244c2499641c526270f60437bd11125", "addresses": {}, "links": [{"href": "http://10.0.2.15:8774/v2.1/35f3098fa246470dba1df23994ca21b9/servers/e2991289-2358-4e77-a9b6-5e39ca368fcf", "rel": "self"}, {"href": "http://10.0.2.15:8774/35f3098fa246470dba1df23994ca21b9/servers/e2991289-2358-4e77-a9b6-5e39ca368fcf", "rel": "bookmark"}], "key_name": "tempest-TestNetworkAdvancedServerOps-162024537", "image": {"id": "3388a6b4-9585-4405-9140-1a54fe03e459", "links": [{"href": "http://10.0.2.15:8774/35f3098fa246470dba1df23994ca21b9/images/3388a6b4-9585-4405-9140-1a54fe03e459", "rel": "bookmark"}]}, "OS-EXT-STS:task_state": "spawning", "OS-EXT-STS:vm_state": "building", "OS-SRV-USG:launched_at": null, "flavor": {"id": "42", "links": [{"href": "http://10.0.2.15:8774/35f3098fa246470dba1df23994ca21b9/flavors/42", "rel": "bookmark"}]}, "id": "e2991289-2358-4e77-a9b6-5e39ca368fcf", "OS-SRV-USG:terminated_at": null, "OS-EXT-AZ:availability_zone": "nova", "user_id": "6bffa5256cde4581a6fb23336e1e8427", "name": "tempest.common.compute-instance-228104146", "created": "2015-12-23T22:12:58Z", "tenant_id": "35f3098fa246470dba1df23994ca21b9", "OS-DCF:diskConfig": "MANUAL", "os-extended-volumes:volumes_attached": [], "accessIPv4": "", "accessIPv6": "", "progress": 0, "OS-EXT-STS:power_state": 0, "config_drive": "", "metadata": {}}}
2015-12-23 22:13:00,076 21184 INFO     [tempest.common.waiters] State transition "BUILD/scheduling" ==&gt; "BUILD/spawning" after 2 second wait
2015-12-23 22:13:01,325 21184 INFO     [tempest_lib.common.rest_client] Request (TestNetworkAdvancedServerOps:test_server_connectivity_pause_unpause): 200 GET http://10.0.2.15:8774/v2.1/35f3098fa246470dba1df23994ca21b9/servers/e2991289-2358-4e77-a9b6-5e39ca368fcf 0.246s
2015-12-23 22:13:01,325 21184 DEBUG    [tempest_lib.common.rest_client] Request - Headers: {'Content-Type': 'application/json', 'Accept': 'application/json', 'X-Auth-Token': '&lt;omitted&gt;'}
        Body: None
    Response - Headers: {'status': '200', 'content-length': '1489', 'content-location': 'http://10.0.2.15:8774/v2.1/35f3098fa246470dba1df23994ca21b9/servers/e2991289-2358-4e77-a9b6-5e39ca368fcf', 'x-compute-request-id': 'req-a943fdc9-fb4c-4527-b197-1e268a76cbe3', 'vary': 'X-OpenStack-Nova-API-Version', 'connection': 'close', 'x-openstack-nova-api-version': '2.1', 'date': 'Wed, 23 Dec 2015 22:13:01 GMT', 'content-type': 'application/json'}
        Body: {"server": {"status": "BUILD", "updated": "2015-12-23T22:12:59Z", "hostId": "f9607e0296f686c44fc1642d5244c2499641c526270f60437bd11125", "addresses": {}, "links": [{"href": "http://10.0.2.15:8774/v2.1/35f3098fa246470dba1df23994ca21b9/servers/e2991289-2358-4e77-a9b6-5e39ca368fcf", "rel": "self"}, {"href": "http://10.0.2.15:8774/35f3098fa246470dba1df23994ca21b9/servers/e2991289-2358-4e77-a9b6-5e39ca368fcf", "rel": "bookmark"}], "key_name": "tempest-TestNetworkAdvancedServerOps-162024537", "image": {"id": "3388a6b4-9585-4405-9140-1a54fe03e459", "links": [{"href": "http://10.0.2.15:8774/35f3098fa246470dba1df23994ca21b9/images/3388a6b4-9585-4405-9140-1a54fe03e459", "rel": "bookmark"}]}, "OS-EXT-STS:task_state": "spawning", "OS-EXT-STS:vm_state": "building", "OS-SRV-USG:launched_at": null, "flavor": {"id": "42", "links": [{"href": "http://10.0.2.15:8774/35f3098fa246470dba1df23994ca21b9/flavors/42", "rel": "bookmark"}]}, "id": "e2991289-2358-4e77-a9b6-5e39ca368fcf", "security_groups": [{"name": "tempest-secgroup-smoke-1551913752"}], "OS-SRV-USG:terminated_at": null, "OS-EXT-AZ:availability_zone": "nova", "user_id": "6bffa5256cde4581a6fb23336e1e8427", "name": "tempest.common.compute-instance-228104146", "created": "2015-12-23T22:12:58Z", "tenant_id": "35f3098fa246470dba1df23994ca21b9", "OS-DCF:diskConfig": "MANUAL", "os-extended-volumes:volumes_attached": [], "accessIPv4": "", "accessIPv6": "", "progress": 0, "OS-EXT-STS:power_state": 0, "config_drive": "", "metadata": {}}}
2015-12-23 22:13:02,720 21184 INFO     [tempest_lib.common.rest_client] Request (TestNetworkAdvancedServerOps:test_server_connectivity_pause_unpause): 200 GET http://10.0.2.15:8774/v2.1/35f3098fa246470dba1df23994ca21b9/servers/e2991289-2358-4e77-a9b6-5e39ca368fcf 0.379s
2015-12-23 22:13:02,721 21184 DEBUG    [tempest_lib.common.rest_client] Request - Headers: {'Content-Type': 'application/json', 'Accept': 'application/json', 'X-Auth-Token': '&lt;omitted&gt;'}
        Body: None
    Response - Headers: {'status': '200', 'content-length': '1489', 'content-location': 'http://10.0.2.15:8774/v2.1/35f3098fa246470dba1df23994ca21b9/servers/e2991289-2358-4e77-a9b6-5e39ca368fcf', 'x-compute-request-id': 'req-a0a57e1b-78f3-4e68-b32b-d744210d90e8', 'vary': 'X-OpenStack-Nova-API-Version', 'connection': 'close', 'x-openstack-nova-api-version': '2.1', 'date': 'Wed, 23 Dec 2015 22:13:02 GMT', 'content-type': 'application/json'}
        Body: {"server": {"status": "BUILD", "updated": "2015-12-23T22:12:59Z", "hostId": "f9607e0296f686c44fc1642d5244c2499641c526270f60437bd11125", "addresses": {}, "links": [{"href": "http://10.0.2.15:8774/v2.1/35f3098fa246470dba1df23994ca21b9/servers/e2991289-2358-4e77-a9b6-5e39ca368fcf", "rel": "self"}, {"href": "http://10.0.2.15:8774/35f3098fa246470dba1df23994ca21b9/servers/e2991289-2358-4e77-a9b6-5e39ca368fcf", "rel": "bookmark"}], "key_name": "tempest-TestNetworkAdvancedServerOps-162024537", "image": {"id": "3388a6b4-9585-4405-9140-1a54fe03e459", "links": [{"href": "http://10.0.2.15:8774/35f3098fa246470dba1df23994ca21b9/images/3388a6b4-9585-4405-9140-1a54fe03e459", "rel": "bookmark"}]}, "OS-EXT-STS:task_state": "spawning", "OS-EXT-STS:vm_state": "building", "OS-SRV-USG:launched_at": null, "flavor": {"id": "42", "links": [{"href": "http://10.0.2.15:8774/35f3098fa246470dba1df23994ca21b9/flavors/42", "rel": "bookmark"}]}, "id": "e2991289-2358-4e77-a9b6-5e39ca368fcf", "security_groups": [{"name": "tempest-secgroup-smoke-1551913752"}], "OS-SRV-USG:terminated_at": null, "OS-EXT-AZ:availability_zone": "nova", "user_id": "6bffa5256cde4581a6fb23336e1e8427", "name": "tempest.common.compute-instance-228104146", "created": "2015-12-23T22:12:58Z", "tenant_id": "35f3098fa246470dba1df23994ca21b9", "OS-DCF:diskConfig": "MANUAL", "os-extended-volumes:volumes_attached": [], "accessIPv4": "", "accessIPv6": "", "progress": 0, "OS-EXT-STS:power_state": 0, "config_drive": "", "metadata": {}}}
2015-12-23 22:13:03,937 21184 INFO     [tempest_lib.common.rest_client] Request (TestNetworkAdvancedServerOps:test_server_connectivity_pause_unpause): 200 GET http://10.0.2.15:8774/v2.1/35f3098fa246470dba1df23994ca21b9/servers/e2991289-2358-4e77-a9b6-5e39ca368fcf 0.196s
2015-12-23 22:13:03,937 21184 DEBUG    [tempest_lib.common.rest_client] Request - Headers: {'Content-Type': 'application/json', 'Accept': 'application/json', 'X-Auth-Token': '&lt;omitted&gt;'}
        Body: None
    Response - Headers: {'status': '200', 'content-length': '1659', 'content-location': 'http://10.0.2.15:8774/v2.1/35f3098fa246470dba1df23994ca21b9/servers/e2991289-2358-4e77-a9b6-5e39ca368fcf', 'x-compute-request-id': 'req-f934bcb1-a29f-44f6-8287-2068f971bc2b', 'vary': 'X-OpenStack-Nova-API-Version', 'connection': 'close', 'x-openstack-nova-api-version': '2.1', 'date': 'Wed, 23 Dec 2015 22:13:03 GMT', 'content-type': 'application/json'}
        Body: {"server": {"status": "ACTIVE", "updated": "2015-12-23T22:13:02Z", "hostId": "f9607e0296f686c44fc1642d5244c2499641c526270f60437bd11125", "addresses": {"tempest-network-smoke--94751884": [{"OS-EXT-IPS-MAC:mac_addr": "fa:16:3e:88:6e:51", "version": 4, "addr": "10.100.0.3", "OS-EXT-IPS:type": "fixed"}]}, "links": [{"href": "http://10.0.2.15:8774/v2.1/35f3098fa246470dba1df23994ca21b9/servers/e2991289-2358-4e77-a9b6-5e39ca368fcf", "rel": "self"}, {"href": "http://10.0.2.15:8774/35f3098fa246470dba1df23994ca21b9/servers/e2991289-2358-4e77-a9b6-5e39ca368fcf", "rel": "bookmark"}], "key_name": "tempest-TestNetworkAdvancedServerOps-162024537", "image": {"id": "3388a6b4-9585-4405-9140-1a54fe03e459", "links": [{"href": "http://10.0.2.15:8774/35f3098fa246470dba1df23994ca21b9/images/3388a6b4-9585-4405-9140-1a54fe03e459", "rel": "bookmark"}]}, "OS-EXT-STS:task_state": null, "OS-EXT-STS:vm_state": "active", "OS-SRV-USG:launched_at": "2015-12-23T22:13:02.000000", "flavor": {"id": "42", "links": [{"href": "http://10.0.2.15:8774/35f3098fa246470dba1df23994ca21b9/flavors/42", "rel": "bookmark"}]}, "id": "e2991289-2358-4e77-a9b6-5e39ca368fcf", "security_groups": [{"name": "tempest-secgroup-smoke-1551913752"}], "OS-SRV-USG:terminated_at": null, "OS-EXT-AZ:availability_zone": "nova", "user_id": "6bffa5256cde4581a6fb23336e1e8427", "name": "tempest.common.compute-instance-228104146", "created": "2015-12-23T22:12:58Z", "tenant_id": "35f3098fa246470dba1df23994ca21b9", "OS-DCF:diskConfig": "MANUAL", "os-extended-volumes:volumes_attached": [], "accessIPv4": "", "accessIPv6": "", "progress": 0, "OS-EXT-STS:power_state": 1, "config_drive": "True", "metadata": {}}}
2015-12-23 22:13:03,946 21184 INFO     [tempest.common.waiters] State transition "BUILD/spawning" ==&gt; "ACTIVE/None" after 5 second wait
2015-12-23 22:13:04,291 21184 INFO     [tempest_lib.common.rest_client] Request (TestNetworkAdvancedServerOps:test_server_connectivity_pause_unpause): 200 GET http://10.0.2.15:8774/v2.1/35f3098fa246470dba1df23994ca21b9/servers/e2991289-2358-4e77-a9b6-5e39ca368fcf 0.344s
2015-12-23 22:13:04,291 21184 DEBUG    [tempest_lib.common.rest_client] Request - Headers: {'Content-Type': 'application/json', 'Accept': 'application/json', 'X-Auth-Token': '&lt;omitted&gt;'}
        Body: None
    Response - Headers: {'status': '200', 'content-length': '1659', 'content-location': 'http://10.0.2.15:8774/v2.1/35f3098fa246470dba1df23994ca21b9/servers/e2991289-2358-4e77-a9b6-5e39ca368fcf', 'x-compute-request-id': 'req-df4c9ce5-c592-4dca-ab82-50a5e6afc7e6', 'vary': 'X-OpenStack-Nova-API-Version', 'connection': 'close', 'x-openstack-nova-api-version': '2.1', 'date': 'Wed, 23 Dec 2015 22:13:04 GMT', 'content-type': 'application/json'}
        Body: {"server": {"status": "ACTIVE", "updated": "2015-12-23T22:13:02Z", "hostId": "f9607e0296f686c44fc1642d5244c2499641c526270f60437bd11125", "addresses": {"tempest-network-smoke--94751884": [{"OS-EXT-IPS-MAC:mac_addr": "fa:16:3e:88:6e:51", "version": 4, "addr": "10.100.0.3", "OS-EXT-IPS:type": "fixed"}]}, "links": [{"href": "http://10.0.2.15:8774/v2.1/35f3098fa246470dba1df23994ca21b9/servers/e2991289-2358-4e77-a9b6-5e39ca368fcf", "rel": "self"}, {"href": "http://10.0.2.15:8774/35f3098fa246470dba1df23994ca21b9/servers/e2991289-2358-4e77-a9b6-5e39ca368fcf", "rel": "bookmark"}], "key_name": "tempest-TestNetworkAdvancedServerOps-162024537", "image": {"id": "3388a6b4-9585-4405-9140-1a54fe03e459", "links": [{"href": "http://10.0.2.15:8774/35f3098fa246470dba1df23994ca21b9/images/3388a6b4-9585-4405-9140-1a54fe03e459", "rel": "bookmark"}]}, "OS-EXT-STS:task_state": null, "OS-EXT-STS:vm_state": "active", "OS-SRV-USG:launched_at": "2015-12-23T22:13:02.000000", "flavor": {"id": "42", "links": [{"href": "http://10.0.2.15:8774/35f3098fa246470dba1df23994ca21b9/flavors/42", "rel": "bookmark"}]}, "id": "e2991289-2358-4e77-a9b6-5e39ca368fcf", "security_groups": [{"name": "tempest-secgroup-smoke-1551913752"}], "OS-SRV-USG:terminated_at": null, "OS-EXT-AZ:availability_zone": "nova", "user_id": "6bffa5256cde4581a6fb23336e1e8427", "name": "tempest.common.compute-instance-228104146", "created": "2015-12-23T22:12:58Z", "tenant_id": "35f3098fa246470dba1df23994ca21b9", "OS-DCF:diskConfig": "MANUAL", "os-extended-volumes:volumes_attached": [], "accessIPv4": "", "accessIPv6": "", "progress": 0, "OS-EXT-STS:power_state": 1, "config_drive": "True", "metadata": {}}}
2015-12-23 22:13:04,337 21184 INFO     [tempest_lib.common.rest_client] Request (TestNetworkAdvancedServerOps:test_server_connectivity_pause_unpause): 200 GET http://10.0.2.15:9696/v2.0/ports?status=ACTIVE&amp;fixed_ip=None&amp;device_id=e2991289-2358-4e77-a9b6-5e39ca368fcf 0.031s
2015-12-23 22:13:04,337 21184 DEBUG    [tempest_lib.common.rest_client] Request - Headers: {'Content-Type': 'application/json', 'Accept': 'application/json', 'X-Auth-Token': '&lt;omitted&gt;'}
        Body: None
    Response - Headers: {'status': '200', 'content-length': '895', 'content-location': 'http://10.0.2.15:9696/v2.0/ports?status=ACTIVE&amp;fixed_ip=None&amp;device_id=e2991289-2358-4e77-a9b6-5e39ca368fcf', 'connection': 'close', 'date': 'Wed, 23 Dec 2015 22:13:04 GMT', 'content-type': 'application/json; charset=UTF-8', 'x-openstack-request-id': 'req-c4364c9d-98d1-4f14-95eb-93fcf0815b78'}
        Body: {"ports": [{"status": "ACTIVE", "binding:host_id": "vagrant-ubuntu-trusty-64", "allowed_address_pairs": [], "extra_dhcp_opts": [], "dns_assignment": [{"hostname": "host-10-100-0-3", "ip_address": "10.100.0.3", "fqdn": "host-10-100-0-3.openstacklocal."}], "device_owner": "compute:None", "port_security_enabled": true, "binding:profile": {}, "fixed_ips": [{"subnet_id": "4f4d7b37-a89e-4895-be38-279d0691d43b", "ip_address": "10.100.0.3"}], "id": "ad6fe16e-19b2-4ba8-87d1-97298d2afd4b", "security_groups": ["4cee9140-d3f8-4b0f-ba39-821a0de37a13"], "device_id": "e2991289-2358-4e77-a9b6-5e39ca368fcf", "name": "", "admin_state_up": true, "network_id": "5c1827d4-2551-4d86-a1ad-805c9e747519", "dns_name": "", "binding:vif_details": {"port_filter": true}, "binding:vnic_type": "normal", "binding:vif_type": "ovs", "tenant_id": "35f3098fa246470dba1df23994ca21b9", "mac_address": "fa:16:3e:88:6e:51"}]}
2015-12-23 22:13:04,956 21184 INFO     [tempest_lib.common.rest_client] Request (TestNetworkAdvancedServerOps:test_server_connectivity_pause_unpause): 201 POST http://10.0.2.15:9696/v2.0/floatingips 0.618s
2015-12-23 22:13:04,957 21184 DEBUG    [tempest_lib.common.rest_client] Request - Headers: {'Content-Type': 'application/json', 'Accept': 'application/json', 'X-Auth-Token': '&lt;omitted&gt;'}
        Body: {"floatingip": {"floating_network_id": "bdebfd6e-5081-4728-8682-cf1333b9bf40", "tenant_id": "35f3098fa246470dba1df23994ca21b9", "fixed_ip_address": "10.100.0.3", "port_id": "ad6fe16e-19b2-4ba8-87d1-97298d2afd4b"}}
    Response - Headers: {'status': '201', 'content-length': '367', 'connection': 'close', 'date': 'Wed, 23 Dec 2015 22:13:04 GMT', 'content-type': 'application/json; charset=UTF-8', 'x-openstack-request-id': 'req-193b0b20-0f0f-40c2-9879-2058badf95d8'}
        Body: {"floatingip": {"floating_network_id": "bdebfd6e-5081-4728-8682-cf1333b9bf40", "router_id": "f7593cc3-8ecc-4c7c-a91a-d6b8003ce2bc", "fixed_ip_address": "10.100.0.3", "floating_ip_address": "172.24.4.4", "tenant_id": "35f3098fa246470dba1df23994ca21b9", "status": "DOWN", "port_id": "ad6fe16e-19b2-4ba8-87d1-97298d2afd4b", "id": "79d8e032-f49f-4567-9b0d-08567d0e71d6"}}
2015-12-23 22:13:05,153 21184 INFO     [tempest_lib.common.rest_client] Request (TestNetworkAdvancedServerOps:test_server_connectivity_pause_unpause): 200 GET http://10.0.2.15:8774/v2.1/35f3098fa246470dba1df23994ca21b9/servers/e2991289-2358-4e77-a9b6-5e39ca368fcf 0.196s
2015-12-23 22:13:05,154 21184 DEBUG    [tempest_lib.common.rest_client] Request - Headers: {'Content-Type': 'application/json', 'Accept': 'application/json', 'X-Auth-Token': '&lt;omitted&gt;'}
        Body: None
    Response - Headers: {'status': '200', 'content-length': '1659', 'content-location': 'http://10.0.2.15:8774/v2.1/35f3098fa246470dba1df23994ca21b9/servers/e2991289-2358-4e77-a9b6-5e39ca368fcf', 'x-compute-request-id': 'req-2a4282fa-5819-4db3-a402-9a43336bab79', 'vary': 'X-OpenStack-Nova-API-Version', 'connection': 'close', 'x-openstack-nova-api-version': '2.1', 'date': 'Wed, 23 Dec 2015 22:13:05 GMT', 'content-type': 'application/json'}
        Body: {"server": {"status": "ACTIVE", "updated": "2015-12-23T22:13:02Z", "hostId": "f9607e0296f686c44fc1642d5244c2499641c526270f60437bd11125", "addresses": {"tempest-network-smoke--94751884": [{"OS-EXT-IPS-MAC:mac_addr": "fa:16:3e:88:6e:51", "version": 4, "addr": "10.100.0.3", "OS-EXT-IPS:type": "fixed"}]}, "links": [{"href": "http://10.0.2.15:8774/v2.1/35f3098fa246470dba1df23994ca21b9/servers/e2991289-2358-4e77-a9b6-5e39ca368fcf", "rel": "self"}, {"href": "http://10.0.2.15:8774/35f3098fa246470dba1df23994ca21b9/servers/e2991289-2358-4e77-a9b6-5e39ca368fcf", "rel": "bookmark"}], "key_name": "tempest-TestNetworkAdvancedServerOps-162024537", "image": {"id": "3388a6b4-9585-4405-9140-1a54fe03e459", "links": [{"href": "http://10.0.2.15:8774/35f3098fa246470dba1df23994ca21b9/images/3388a6b4-9585-4405-9140-1a54fe03e459", "rel": "bookmark"}]}, "OS-EXT-STS:task_state": null, "OS-EXT-STS:vm_state": "active", "OS-SRV-USG:launched_at": "2015-12-23T22:13:02.000000", "flavor": {"id": "42", "links": [{"href": "http://10.0.2.15:8774/35f3098fa246470dba1df23994ca21b9/flavors/42", "rel": "bookmark"}]}, "id": "e2991289-2358-4e77-a9b6-5e39ca368fcf", "security_groups": [{"name": "tempest-secgroup-smoke-1551913752"}], "OS-SRV-USG:terminated_at": null, "OS-EXT-AZ:availability_zone": "nova", "user_id": "6bffa5256cde4581a6fb23336e1e8427", "name": "tempest.common.compute-instance-228104146", "created": "2015-12-23T22:12:58Z", "tenant_id": "35f3098fa246470dba1df23994ca21b9", "OS-DCF:diskConfig": "MANUAL", "os-extended-volumes:volumes_attached": [], "accessIPv4": "", "accessIPv6": "", "progress": 0, "OS-EXT-STS:power_state": 1, "config_drive": "True", "metadata": {}}}
2015-12-23 22:13:05,162 21184 INFO     [tempest.scenario.manager] Tenant networks not configured to be reachable.
2015-12-23 22:13:05,178 21184 INFO     [tempest_lib.common.rest_client] Request (TestNetworkAdvancedServerOps:test_server_connectivity_pause_unpause): 200 GET http://10.0.2.15:9696/v2.0/floatingips/79d8e032-f49f-4567-9b0d-08567d0e71d6 0.015s
2015-12-23 22:13:05,178 21184 DEBUG    [tempest_lib.common.rest_client] Request - Headers: {'Content-Type': 'application/json', 'Accept': 'application/json', 'X-Auth-Token': '&lt;omitted&gt;'}
        Body: None
    Response - Headers: {'status': '200', 'content-length': '367', 'content-location': 'http://10.0.2.15:9696/v2.0/floatingips/79d8e032-f49f-4567-9b0d-08567d0e71d6', 'connection': 'close', 'date': 'Wed, 23 Dec 2015 22:13:05 GMT', 'content-type': 'application/json; charset=UTF-8', 'x-openstack-request-id': 'req-3bcae95b-404c-4941-83f8-534b25ecab12'}
        Body: {"floatingip": {"floating_network_id": "bdebfd6e-5081-4728-8682-cf1333b9bf40", "router_id": "f7593cc3-8ecc-4c7c-a91a-d6b8003ce2bc", "fixed_ip_address": "10.100.0.3", "floating_ip_address": "172.24.4.4", "tenant_id": "35f3098fa246470dba1df23994ca21b9", "status": "DOWN", "port_id": "ad6fe16e-19b2-4ba8-87d1-97298d2afd4b", "id": "79d8e032-f49f-4567-9b0d-08567d0e71d6"}}
2015-12-23 22:13:06,195 21184 INFO     [tempest_lib.common.rest_client] Request (TestNetworkAdvancedServerOps:test_server_connectivity_pause_unpause): 200 GET http://10.0.2.15:9696/v2.0/floatingips/79d8e032-f49f-4567-9b0d-08567d0e71d6 0.014s
2015-12-23 22:13:06,195 21184 DEBUG    [tempest_lib.common.rest_client] Request - Headers: {'Content-Type': 'application/json', 'Accept': 'application/json', 'X-Auth-Token': '&lt;omitted&gt;'}
        Body: None
    Response - Headers: {'status': '200', 'content-length': '369', 'content-location': 'http://10.0.2.15:9696/v2.0/floatingips/79d8e032-f49f-4567-9b0d-08567d0e71d6', 'connection': 'close', 'date': 'Wed, 23 Dec 2015 22:13:06 GMT', 'content-type': 'application/json; charset=UTF-8', 'x-openstack-request-id': 'req-7af8e71d-e7ad-4237-98b8-9d645def53b2'}
        Body: {"floatingip": {"floating_network_id": "bdebfd6e-5081-4728-8682-cf1333b9bf40", "router_id": "f7593cc3-8ecc-4c7c-a91a-d6b8003ce2bc", "fixed_ip_address": "10.100.0.3", "floating_ip_address": "172.24.4.4", "tenant_id": "35f3098fa246470dba1df23994ca21b9", "status": "ACTIVE", "port_id": "ad6fe16e-19b2-4ba8-87d1-97298d2afd4b", "id": "79d8e032-f49f-4567-9b0d-08567d0e71d6"}}
2015-12-23 22:13:06,196 21184 INFO     [tempest.scenario.manager] FloatingIP: &lt;"FloatingIP" addr="172.24.4.4" id="79d8e032-f49f-4567-9b0d-08567d0e71d6"&gt; is at status: ACTIVE
2015-12-23 22:13:06,196 21184 DEBUG    [tempest.scenario.manager] checking network connections to IP 172.24.4.4 with user: cirros
2015-12-23 22:13:06,196 21184 DEBUG    [tempest.scenario.manager] TestNetworkAdvancedServerOps:test_server_connectivity_pause_unpause begins to ping 172.24.4.4 in 120 sec and the expected result is reachable
2015-12-23 22:15:06,490 21184 DEBUG    [tempest.scenario.manager] TestNetworkAdvancedServerOps:test_server_connectivity_pause_unpause finishes ping 172.24.4.4 in 120 sec and the ping result is unexpected
2015-12-23 22:15:06,490 21184 ERROR    [tempest.scenario.manager] Public network connectivity check failed
2015-12-23 22:15:06.490 21184 ERROR tempest.scenario.manager Traceback (most recent call last):
2015-12-23 22:15:06.490 21184 ERROR tempest.scenario.manager   File "tempest/scenario/manager.py", line 609, in check_public_network_connectivity
2015-12-23 22:15:06.490 21184 ERROR tempest.scenario.manager     should_connect=should_connect)
2015-12-23 22:15:06.490 21184 ERROR tempest.scenario.manager   File "tempest/scenario/manager.py", line 593, in check_vm_connectivity
2015-12-23 22:15:06.490 21184 ERROR tempest.scenario.manager     msg=msg)
2015-12-23 22:15:06.490 21184 ERROR tempest.scenario.manager   File "/usr/local/lib/python2.7/dist-packages/unittest2/case.py", line 702, in assertTrue
2015-12-23 22:15:06.490 21184 ERROR tempest.scenario.manager     raise self.failureException(msg)
2015-12-23 22:15:06.490 21184 ERROR tempest.scenario.manager AssertionError: False is not true : Timed out waiting for 172.24.4.4 to become reachable
2015-12-23 22:15:06.490 21184 ERROR tempest.scenario.manager 
2015-12-23 22:15:06,706 21184 INFO     [tempest_lib.common.rest_client] Request (TestNetworkAdvancedServerOps:test_server_connectivity_pause_unpause): 200 POST http://10.0.2.15:8774/v2.1/35f3098fa246470dba1df23994ca21b9/servers/e2991289-2358-4e77-a9b6-5e39ca368fcf/action 0.212s
2015-12-23 22:15:06,707 21184 DEBUG    [tempest_lib.common.rest_client] Request - Headers: {'Content-Type': 'application/json', 'Accept': 'application/json', 'X-Auth-Token': '&lt;omitted&gt;'}
        Body: {"os-getConsoleOutput": {}}
    Response - Headers: {'status': '200', 'content-length': '17429', 'x-compute-request-id': 'req-52de2f61-75ee-4fa0-b1d3-d0bd2e6c16ee', 'vary': 'X-OpenStack-Nova-API-Version', 'connection': 'close', 'x-openstack-nova-api-version': '2.1', 'date': 'Wed, 23 Dec 2015 22:15:06 GMT', 'content-type': 'application/json'}
        Body: {"output": "[    0.000000] Initializing cgroup subsys cpuset\n[    0.000000] Initializing cgroup subsys cpu\n[    0.000000] Linux version 3.2.0-80-virtual (buildd@batsu) (gcc version 4.6.3 (Ubuntu/Linaro 4.6.3-1ubuntu5) ) #116-Ubuntu SMP Mon Mar 23 17:28:52 UTC 2015 (Ubuntu 3.2.0-80.116-virtual 3.2.68)\n[    0.000000] Command line: root=/dev/vda console=tty0 console=ttyS0 no_timer_check\n[    0.000000] KERNEL supported cpus:\n[    0.000000]   Intel GenuineIntel\n[    0.000000]   AMD AuthenticAMD\n[    0.000000]   Centaur CentaurHauls\n[    0.000000] BIOS-provided physical RAM map:\n[    0.000000]  BIOS-e820: 0000000000000000 - 000000000009fc00 (usable)\n[    0.000000]  BIOS-e820: 000000000009fc00 - 00000000000a0000 (reserved)\n[    0.000000]  BIOS-e820: 00000000000f0000 - 0000000000100000 (reserved)\n[    0.000000]  BIOS-e820: 0000000000100000 - 0000000003ffe000 (usable)\n[    0.000000]  BIOS-e820: 0000000003ffe000 - 0000000004000000 (reserved)\n[    0.000000]  BIOS-e820: 00000000fffc0000 - 0000000100000000 (reserved)\n[    0.000000] NX (Execute Disable) protection: active\n[    0.000000] SMBIOS 2.4 present.\n[    0.000000] No AGP bridge found\n[    0.000000] last_pfn = 0x3ffe max_arch_pfn = 0x400000000\n[    0.000000] x86 PAT enabled: cpu 0, old 0x7040600070406, new 0x7010600070106\n[    0.000000] found SMP MP-table at [ffff8800000f0b00] f0b00\n[    0.000000] init_memory_mapping: 0000000000000000-0000000003ffe000\n[    0.000000] RAMDISK: 03c5e000 - 03ff0000\n[    0.000000] ACPI: RSDP 00000000000f0950 00014 (v00 BOCHS )\n[    0.000000] ACPI: RSDT 0000000003fffbc1 00034 (v01 BOCHS  BXPCRSDT 00000001 BXPC 00000001)\n[    0.000000] ACPI: FACP 0000000003fff1c0 00074 (v01 BOCHS  BXPCFACP 00000001 BXPC 00000001)\n[    0.000000] ACPI: DSDT 0000000003ffe040 01180 (v01 BOCHS  BXPCDSDT 00000001 BXPC 00000001)\n[    0.000000] ACPI: FACS 0000000003ffe000 00040\n[    0.000000] ACPI: SSDT 0000000003fff234 008DD (v01 BOCHS  BXPCSSDT 00000001 BXPC 00000001)\n[    0.000000] ACPI: APIC 0000000003fffb11 00078 (v01 BOCHS  BXPCAPIC 00000001 BXPC 00000001)\n[    0.000000] ACPI: HPET 0000000003fffb89 00038 (v01 BOCHS  BXPCHPET 00000001 BXPC 00000001)\n[    0.000000] No NUMA configuration found\n[    0.000000] Faking a node at 0000000000000000-0000000003ffe000\n[    0.000000] Initmem setup node 0 0000000000000000-0000000003ffe000\n[    0.000000]   NODE_DATA [0000000003ff6000 - 0000000003ffafff]\n[    0.000000] Zone PFN ranges:\n[    0.000000]   DMA      0x00000010 -&gt; 0x00001000\n[    0.000000]   DMA32    0x00001000 -&gt; 0x00100000\n[    0.000000]   Normal   empty\n[    0.000000] Movable zone start PFN for each node\n[    0.000000] early_node_map[2] active PFN ranges\n[    0.000000]     0: 0x00000010 -&gt; 0x0000009f\n[    0.000000]     0: 0x00000100 -&gt; 0x00003ffe\n[    0.000000] ACPI: PM-Timer IO Port: 0xb008\n[    0.000000] ACPI: LAPIC (acpi_id[0x00] lapic_id[0x00] enabled)\n[    0.000000] ACPI: LAPIC_NMI (acpi_id[0xff] dfl dfl lint[0x1])\n[    0.000000] ACPI: IOAPIC (id[0x00] address[0xfec00000] gsi_base[0])\n[    0.000000] IOAPIC[0]: apic_id 0, version 17, address 0xfec00000, GSI 0-23\n[    0.000000] ACPI: INT_SRC_OVR (bus 0 bus_irq 0 global_irq 2 dfl dfl)\n[    0.000000] ACPI: INT_SRC_OVR (bus 0 bus_irq 5 global_irq 5 high level)\n[    0.000000] ACPI: INT_SRC_OVR (bus 0 bus_irq 9 global_irq 9 high level)\n[    0.000000] ACPI: INT_SRC_OVR (bus 0 bus_irq 10 global_irq 10 high level)\n[    0.000000] ACPI: INT_SRC_OVR (bus 0 bus_irq 11 global_irq 11 high level)\n[    0.000000] Using ACPI (MADT) for SMP configuration information\n[    0.000000] ACPI: HPET id: 0x8086a201 base: 0xfed00000\n[    0.000000] SMP: Allowing 1 CPUs, 0 hotplug CPUs\n[    0.000000] PM: Registered nosave memory: 000000000009f000 - 00000000000a0000\n[    0.000000] PM: Registered nosave memory: 00000000000a0000 - 00000000000f0000\n[    0.000000] PM: Registered nosave memory: 00000000000f0000 - 0000000000100000\n[    0.000000] Allocating PCI resources starting at 4000000 (gap: 4000000:fbfc0000)\n[    0.000000] Booting paravirtualized kernel on bare hardware\n[    0.000000] setup_pe
2015-12-23 22:15:06,710 21184 DEBUG    [tempest.scenario.manager] Console output for e2991289-2358-4e77-a9b6-5e39ca368fcf
body=
[    0.000000] Initializing cgroup subsys cpuset
[    0.000000] Initializing cgroup subsys cpu
[    0.000000] Linux version 3.2.0-80-virtual (buildd@batsu) (gcc version 4.6.3 (Ubuntu/Linaro 4.6.3-1ubuntu5) ) #116-Ubuntu SMP Mon Mar 23 17:28:52 UTC 2015 (Ubuntu 3.2.0-80.116-virtual 3.2.68)
[    0.000000] Command line: root=/dev/vda console=tty0 console=ttyS0 no_timer_check
[    0.000000] KERNEL supported cpus:
[    0.000000]   Intel GenuineIntel
[    0.000000]   AMD AuthenticAMD
[    0.000000]   Centaur CentaurHauls
[    0.000000] BIOS-provided physical RAM map:
[    0.000000]  BIOS-e820: 0000000000000000 - 000000000009fc00 (usable)
[    0.000000]  BIOS-e820: 000000000009fc00 - 00000000000a0000 (reserved)
[    0.000000]  BIOS-e820: 00000000000f0000 - 0000000000100000 (reserved)
[    0.000000]  BIOS-e820: 0000000000100000 - 0000000003ffe000 (usable)
[    0.000000]  BIOS-e820: 0000000003ffe000 - 0000000004000000 (reserved)
[    0.000000]  BIOS-e820: 00000000fffc0000 - 0000000100000000 (reserved)
[    0.000000] NX (Execute Disable) protection: active
[    0.000000] SMBIOS 2.4 present.
[    0.000000] No AGP bridge found
[    0.000000] last_pfn = 0x3ffe max_arch_pfn = 0x400000000
[    0.000000] x86 PAT enabled: cpu 0, old 0x7040600070406, new 0x7010600070106
[    0.000000] found SMP MP-table at [ffff8800000f0b00] f0b00
[    0.000000] init_memory_mapping: 0000000000000000-0000000003ffe000
[    0.000000] RAMDISK: 03c5e000 - 03ff0000
[    0.000000] ACPI: RSDP 00000000000f0950 00014 (v00 BOCHS )
[    0.000000] ACPI: RSDT 0000000003fffbc1 00034 (v01 BOCHS  BXPCRSDT 00000001 BXPC 00000001)
[    0.000000] ACPI: FACP 0000000003fff1c0 00074 (v01 BOCHS  BXPCFACP 00000001 BXPC 00000001)
[    0.000000] ACPI: DSDT 0000000003ffe040 01180 (v01 BOCHS  BXPCDSDT 00000001 BXPC 00000001)
[    0.000000] ACPI: FACS 0000000003ffe000 00040
[    0.000000] ACPI: SSDT 0000000003fff234 008DD (v01 BOCHS  BXPCSSDT 00000001 BXPC 00000001)
[    0.000000] ACPI: APIC 0000000003fffb11 00078 (v01 BOCHS  BXPCAPIC 00000001 BXPC 00000001)
[    0.000000] ACPI: HPET 0000000003fffb89 00038 (v01 BOCHS  BXPCHPET 00000001 BXPC 00000001)
[    0.000000] No NUMA configuration found
[    0.000000] Faking a node at 0000000000000000-0000000003ffe000
[    0.000000] Initmem setup node 0 0000000000000000-0000000003ffe000
[    0.000000]   NODE_DATA [0000000003ff6000 - 0000000003ffafff]
[    0.000000] Zone PFN ranges:
[    0.000000]   DMA      0x00000010 -&gt; 0x00001000
[    0.000000]   DMA32    0x00001000 -&gt; 0x00100000
[    0.000000]   Normal   empty
[    0.000000] Movable zone start PFN for each node
[    0.000000] early_node_map[2] active PFN ranges
[    0.000000]     0: 0x00000010 -&gt; 0x0000009f
[    0.000000]     0: 0x00000100 -&gt; 0x00003ffe
[    0.000000] ACPI: PM-Timer IO Port: 0xb008
[    0.000000] ACPI: LAPIC (acpi_id[0x00] lapic_id[0x00] enabled)
[    0.000000] ACPI: LAPIC_NMI (acpi_id[0xff] dfl dfl lint[0x1])
[    0.000000] ACPI: IOAPIC (id[0x00] address[0xfec00000] gsi_base[0])
[    0.000000] IOAPIC[0]: apic_id 0, version 17, address 0xfec00000, GSI 0-23
[    0.000000] ACPI: INT_SRC_OVR (bus 0 bus_irq 0 global_irq 2 dfl dfl)
[    0.000000] ACPI: INT_SRC_OVR (bus 0 bus_irq 5 global_irq 5 high level)
[    0.000000] ACPI: INT_SRC_OVR (bus 0 bus_irq 9 global_irq 9 high level)
[    0.000000] ACPI: INT_SRC_OVR (bus 0 bus_irq 10 global_irq 10 high level)
[    0.000000] ACPI: INT_SRC_OVR (bus 0 bus_irq 11 global_irq 11 high level)
[    0.000000] Using ACPI (MADT) for SMP configuration information
[    0.000000] ACPI: HPET id: 0x8086a201 base: 0xfed00000
[    0.000000] SMP: Allowing 1 CPUs, 0 hotplug CPUs
[    0.000000] PM: Registered nosave memory: 000000000009f000 - 00000000000a0000
[    0.000000] PM: Registered nosave memory: 00000000000a0000 - 00000000000f0000
[    0.000000] PM: Registered nosave memory: 00000000000f0000 - 0000000000100000
[    0.000000] Allocating PCI resources starting at 4000000 (gap: 4000000:fbfc0000)
[    0.000000] Booting paravirtualized kernel on bare hardware
[    0.000000] setup_percpu: NR_CPUS:64 nr_cpumask_bits:64 nr_cpu_ids:1 nr_node_ids:1
[    0.000000] PERCPU: Embedded 27 pages/cpu @ffff880003a00000 s78848 r8192 d23552 u2097152
[    0.000000] Built 1 zonelists in Node order, mobility grouping on.  Total pages: 16008
[    0.000000] Policy zone: DMA32
[    0.000000] Kernel command line: root=/dev/vda console=tty0 console=ttyS0 no_timer_check
[    0.000000] PID hash table entries: 256 (order: -1, 2048 bytes)
[    0.000000] Checking aperture...
[    0.000000] No AGP bridge found
[    0.000000] Memory: 43492k/65528k available (6576k kernel code, 452k absent, 21584k reserved, 6620k data, 928k init)
[    0.000000] SLUB: Genslabs=15, HWalign=64, Order=0-3, MinObjects=0, CPUs=1, Nodes=1
[    0.000000] Hierarchical RCU implementation.
[    0.000000] 	RCU dyntick-idle grace-period acceleration is enabled.
[    0.000000] NR_IRQS:4352 nr_irqs:256 16
[    0.000000] Console: colour VGA+ 80x25
[    0.000000] console [tty0] enabled
[    0.000000] console [ttyS0] enabled
[    0.000000] allocated 1048576 bytes of page_cgroup
[    0.000000] please try 'cgroup_disable=memory' option if you don't want memory cgroups
[    0.000000] Fast TSC calibration failed
[    0.000000] TSC: Unable to calibrate against PIT
[    0.000000] TSC: using HPET reference calibration
[    0.000000] Detected 2291.974 MHz processor.
[    0.032881] Calibrating delay loop (skipped), value calculated using timer frequency.. 4583.94 BogoMIPS (lpj=9167896)
[    0.034775] pid_max: default: 32768 minimum: 301
[    0.049248] Security Framework initialized
[    0.055344] AppArmor: AppArmor initialized
[    0.056167] Yama: becoming mindful.
[    0.064003] Dentry cache hash table entries: 8192 (order: 4, 65536 bytes)
[    0.064602] Inode-cache hash table entries: 4096 (order: 3, 32768 bytes)
[    0.069543] Mount-cache hash table entries: 256
[    0.086272] Initializing cgroup subsys cpuacct
[    0.087156] Initializing cgroup subsys memory
[    0.088762] Initializing cgroup subsys devices
[    0.089567] Initializing cgroup subsys freezer
[    0.090197] Initializing cgroup subsys blkio
[    0.090881] Initializing cgroup subsys perf_event
[    0.096467] mce: CPU supports 10 MCE banks
[    0.100705] SMP alternatives: switching to UP code
[    0.562719] Freeing SMP alternatives: 24k freed
[    0.565030] ACPI: Core revision 20110623
[    0.620462] ftrace: allocating 26610 entries in 105 pages
[    0.648039] ..TIMER: vector=0x30 apic1=0 pin1=2 apic2=-1 pin2=-1
[    0.648214] CPU0: AMD QEMU Virtual CPU version 2.0.0 stepping 03
[    0.652040] Performance Events: Broken PMU hardware detected, using software events only.
[    0.660380] NMI watchdog disabled (cpu0): hardware events not enabled
[    0.661945] Brought up 1 CPUs
[    0.662445] Total of 1 processors activated (4583.94 BogoMIPS).
[    0.684871] devtmpfs: initialized
[    0.712542] EVM: security.selinux
[    0.713256] EVM: security.SMACK64
[    0.713723] EVM: security.capability
[    0.733373] print_constraints: dummy: 
[    0.735554] RTC time: 22:13:06, date: 12/23/15
[    0.737893] NET: Registered protocol family 16
[    0.747159] ACPI: bus type pci registered
[    0.752154] PCI: Using configuration type 1 for base access
[    0.781327] bio: create slab &lt;bio-0&gt; at 0
[    0.786181] ACPI: Added _OSI(Module Device)
[    0.786733] ACPI: Added _OSI(Processor Device)
[    0.788106] ACPI: Added _OSI(3.0 _SCP Extensions)
[    0.788725] ACPI: Added _OSI(Processor Aggregator Device)
[    0.878854] ACPI: Interpreter enabled
[    0.880175] ACPI: (supports S0 S3 S4 S5)
[    0.882308] ACPI: Using IOAPIC for interrupt routing
[    0.954197] ACPI: No dock devices found.
[    0.954926] HEST: Table not found.
[    0.956231] PCI: Using host bridge windows from ACPI; if necessary, use "pci=nocrs" and report a bug
[    0.961759] ACPI: PCI Root Bridge [PCI0] (domain 0000 [bus 00-ff])
[    0.966967] pci_root PNP0A03:00: host bridge window [io  0x0000-0x0cf7]
[    0.968173] pci_root PNP0A03:00: host bridge window [io  0x0d00-0xadff]
[    0.968957] pci_root PNP0A03:00: host bridge window [io  0xae0f-0xaeff]
[    0.969874] pci_root PNP0A03:00: host bridge window [io  0xaf20-0xafdf]
[    0.972091] pci_root PNP0A03:00: host bridge window [io  0xafe4-0xffff]
[    0.972999] pci_root PNP0A03:00: host bridge window [mem 0x000a0000-0x000bffff]
[    0.974104] pci_root PNP0A03:00: host bridge window [mem 0x04000000-0xfebfffff]
[    1.000904] pci 0000:00:01.3: quirk: [io  0xb000-0xb03f] claimed by PIIX4 ACPI
[    1.001858] pci 0000:00:01.3: quirk: [io  0xb100-0xb10f] claimed by PIIX4 SMB
[    1.068388]  pci0000:00: Unable to request _OSC control (_OSC support mask: 0x1e)
[    1.122040] ACPI: PCI Interrupt Link [LNKA] (IRQs 5 *10 11)
[    1.125925] ACPI: PCI Interrupt Link [LNKB] (IRQs 5 *10 11)
[    1.129096] ACPI: PCI Interrupt Link [LNKC] (IRQs 5 10 *11)
[    1.132572] ACPI: PCI Interrupt Link [LNKD] (IRQs 5 10 *11)
[    1.134146] ACPI: PCI Interrupt Link [LNKS] (IRQs *9)
[    1.140736] vgaarb: device added: PCI:0000:00:02.0,decodes=io+mem,owns=io+mem,locks=none
[    1.142163] vgaarb: loaded
[    1.143013] vgaarb: bridge control possible 0000:00:02.0
[    1.147150] i2c-core: driver [aat2870] using legacy suspend method
[    1.148176] i2c-core: driver [aat2870] using legacy resume method
[    1.150722] SCSI subsystem initialized
[    1.154805] usbcore: registered new interface driver usbfs
[    1.156679] usbcore: registered new interface driver hub
[    1.158257] usbcore: registered new device driver usb
[    1.162620] PCI: Using ACPI for IRQ routing
[    1.174144] NetLabel: Initializing
[    1.174599] NetLabel:  domain hash size = 128
[    1.175067] NetLabel:  protocols = UNLABELED CIPSOv4
[    1.178659] NetLabel:  unlabeled traffic allowed by default
[    1.182646] HPET: 3 timers in total, 0 timers will be used for per-cpu timer
[    1.184663] hpet0: at MMIO 0xfed00000, IRQs 2, 8, 0
[    1.188654] hpet0: 3 comparators, 64-bit 100.000000 MHz counter
[    1.202660] Switching to clocksource hpet
[    1.455448] AppArmor: AppArmor Filesystem Enabled
[    1.458059] pnp: PnP ACPI init
[    1.458727] ACPI: bus type pnp registered
[    1.479509] pnp: PnP ACPI: found 9 devices
[    1.480023] ACPI: ACPI bus type pnp unregistered
[    1.539869] NET: Registered protocol family 2
[    1.577152] IP route cache hash table entries: 512 (order: 0, 4096 bytes)
[    1.587437] TCP established hash table entries: 2048 (order: 3, 32768 bytes)
[    1.589857] TCP bind hash table entries: 2048 (order: 3, 32768 bytes)
[    1.591511] TCP: Hash tables configured (established 2048 bind 2048)
[    1.594333] TCP reno registered
[    1.595190] UDP hash table entries: 128 (order: 0, 4096 bytes)
[    1.596067] UDP-Lite hash table entries: 128 (order: 0, 4096 bytes)
[    1.603051] NET: Registered protocol family 1
[    1.604204] pci 0000:00:00.0: Limiting direct PCI/PCI transfers
[    1.606444] pci 0000:00:01.0: PIIX3: Enabling Passive Release
[    1.608172] pci 0000:00:01.0: Activating ISA DMA hang workarounds
[    1.619684] ACPI: PCI Interrupt Link [LNKD] enabled at IRQ 11
[    1.622006] pci 0000:00:01.2: PCI INT D -&gt; Link[LNKD] -&gt; GSI 11 (level, high) -&gt; IRQ 11
[    1.623886] pci 0000:00:01.2: PCI INT D disabled
[    1.643946] Trying to unpack rootfs image as initramfs...
[    1.669859] audit: initializing netlink socket (disabled)
[    1.671638] type=2000 audit(1450908786.668:1): initialized
[    1.934714] HugeTLB registered 2 MB page size, pre-allocated 0 pages
[    2.014746] VFS: Disk quotas dquot_6.5.2
[    2.016656] Dquot-cache hash table entries: 512 (order 0, 4096 bytes)
[    2.034237] fuse init (API version 7.17)
[    2.037877] msgmni has been set to 84
[    2.074484] Block layer SCSI generic (bsg) driver version 0.4 loaded (major 253)
[    2.081781] io scheduler noop registered
[    2.082435] io scheduler deadline registered (default)
[    2.083915] io scheduler cfq registered
[    2.088591] pci_hotplug: PCI Hot Plug PCI Core version: 0.5
[    2.091661] pciehp: PCI Express Hot Plug Controller Driver version: 0.4
[    2.098378] input: Power Button as /devices/LNXSYSTM:00/LNXPWRBN:00/input/input0
[    2.099259] ACPI: Power Button [PWRF]
[    2.157310] ERST: Table is not found!
[    2.158125] GHES: HEST is not enabled!
[    2.174820] ACPI: PCI Interrupt Link [LNKC] enabled at IRQ 10
[    2.175544] virtio-pci 0000:00:03.0: PCI INT A -&gt; Link[LNKC] -&gt; GSI 10 (level, high) -&gt; IRQ 10
[    2.179489] virtio-pci 0000:00:04.0: PCI INT A -&gt; Link[LNKD] -&gt; GSI 11 (level, high) -&gt; IRQ 11
[    2.190554] ACPI: PCI Interrupt Link [LNKA] enabled at IRQ 10
[    2.191208] virtio-pci 0000:00:05.0: PCI INT A -&gt; Link[LNKA] -&gt; GSI 10 (level, high) -&gt; IRQ 10
[    2.201949] Serial: 8250/16550 driver, 32 ports, IRQ sharing enabled
[    2.251768] serial8250: ttyS0 at I/O 0x3f8 (irq = 4) is a 16550A
[    2.352929] serial8250: ttyS1 at I/O 0x2f8 (irq = 3) is a 16550A
[    2.491253] 00:05: ttyS0 at I/O 0x3f8 (irq = 4) is a 16550A
[    2.582914] 00:06: ttyS1 at I/O 0x2f8 (irq = 3) is a 16550A
[    2.631269] Refined TSC clocksource calibration: 2292.078 MHz.
[    2.634035] Switching to clocksource tsc
[    2.646064] Linux agpgart interface v0.103
[    2.736080] brd: module loaded
[    2.767042] loop: module loaded
[    2.814386]  vda: unknown partition table
[    2.866009] scsi0 : ata_piix
[    2.868578] scsi1 : ata_piix
[    2.870545] ata1: PATA max MWDMA2 cmd 0x1f0 ctl 0x3f6 bmdma 0xc0a0 irq 14
[    2.871311] ata2: PATA max MWDMA2 cmd 0x170 ctl 0x376 bmdma 0xc0a8 irq 15
[    2.881522] Fixed MDIO Bus: probed
[    2.882079] tun: Universal TUN/TAP device driver, 1.6
[    2.883603] tun: (C) 1999-2004 Max Krasnyansky &lt;maxk@qualcomm.com&gt;
[    2.897406] PPP generic driver version 2.4.2
[    2.921276] ehci_hcd: USB 2.0 'Enhanced' Host Controller (EHCI) Driver
[    2.922432] ohci_hcd: USB 1.1 'Open' Host Controller (OHCI) Driver
[    2.923581] uhci_hcd: USB Universal Host Controller Interface driver
[    2.926048] uhci_hcd 0000:00:01.2: PCI INT D -&gt; Link[LNKD] -&gt; GSI 11 (level, high) -&gt; IRQ 11
[    2.929980] uhci_hcd 0000:00:01.2: UHCI Host Controller
[    2.941793] uhci_hcd 0000:00:01.2: new USB bus registered, assigned bus number 1
[    2.943259] uhci_hcd 0000:00:01.2: irq 11, io base 0x0000c040
[    2.981464] hub 1-0:1.0: USB hub found
[    2.982261] hub 1-0:1.0: 2 ports detected
[    2.988560] usbcore: registered new interface driver libusual
[    2.991745] i8042: PNP: PS/2 Controller [PNP0303:KBD,PNP0f13:MOU] at 0x60,0x64 irq 1,12
[    3.001058] serio: i8042 KBD port at 0x60,0x64 irq 1
[    3.002768] serio: i8042 AUX port at 0x60,0x64 irq 12
[    3.047012] mousedev: PS/2 mouse device common for all mice
[    3.057806] input: AT Translated Set 2 keyboard as /devices/platform/i8042/serio0/input/input1
[    3.063015] rtc_cmos 00:01: RTC can wake from S4
[    3.085675] rtc_cmos 00:01: rtc core: registered rtc_cmos as rtc0
[    3.092719] rtc0: alarms up to one day, 114 bytes nvram, hpet irqs
[    3.097042] device-mapper: uevent: version 1.0.3
[    3.126064] ata2.01: ATAPI: QEMU DVD-ROM, 2.0.0, max UDMA/100
[    3.139637] device-mapper: ioctl: 4.22.0-ioctl (2011-10-19) initialised: dm-devel@redhat.com
[    3.151839] cpuidle: using governor ladder
[    3.153596] cpuidle: using governor menu
[    3.154948] EFI Variables Facility v0.08 2004-May-17
[    3.167289] TCP cubic registered
[    3.173495] NET: Registered protocol family 10
[    3.207803] NET: Registered protocol family 17
[    3.209494] Registering the dns_resolver key type
[    3.220870] ata2.01: configured for MWDMA2
[    3.250999] scsi 1:0:1:0: CD-ROM            QEMU     QEMU DVD-ROM     2.0. PQ: 0 ANSI: 5
[    3.274474] sr0: scsi3-mmc drive: 4x/4x cd/rw xa/form2 tray
[    3.275757] cdrom: Uniform CD-ROM driver Revision: 3.20
[    3.297445] sr 1:0:1:0: Attached scsi generic sg0 type 5
[    3.354570] registered taskstats version 1
[    3.555355] Freeing initrd memory: 3656k freed
[    4.051700]   Magic number: 11:269:250
[    4.062106] rtc_cmos 00:01: setting system clock to 2015-12-23 22:13:09 UTC (1450908789)
[    4.065077] powernow-k8: Processor cpuid 663 not supported
[    4.071618] BIOS EDD facility v0.16 2004-Jun-25, 0 devices found
[    4.073288] EDD information not available.
[    4.134830] Freeing unused kernel memory: 928k freed
[    4.139325] Write protecting the kernel read-only data: 12288k
[    4.211993] Freeing unused kernel memory: 1596k freed
[    4.273201] Freeing unused kernel memory: 1184k freed

info: initramfs: up at 4.44
modprobe: module virtio_blk not found in modules.dep
modprobe: module virtio_net not found in modules.dep
info: copying initramfs to /dev/vda
info: initramfs loading root from /dev/vda
info: /etc/init.d/rc.sysinit: up at 9.20
info: container: none
Starting logging: OK
modprobe: module virtio_blk not found in modules.dep
modprobe: module virtio_net not found in modules.dep
WARN: /etc/rc3.d/S10-load-modules failed
Initializing random number generator... done.
Starting acpid: OK
cirros-ds 'local' up at 11.77
found datasource (configdrive, local)
Starting network...
udhcpc (v1.20.1) started
Sending discover...
Sending discover...

2015-12-23 22:15:06,996 21184 INFO     [tempest_lib.common.rest_client] Request (TestNetworkAdvancedServerOps:_run_cleanups): 204 DELETE http://10.0.2.15:9696/v2.0/floatingips/79d8e032-f49f-4567-9b0d-08567d0e71d6 0.279s
2015-12-23 22:15:06,997 21184 DEBUG    [tempest_lib.common.rest_client] Request - Headers: {'Content-Type': 'application/json', 'Accept': 'application/json', 'X-Auth-Token': '&lt;omitted&gt;'}
        Body: None
    Response - Headers: {'date': 'Wed, 23 Dec 2015 22:15:06 GMT', 'status': '204', 'connection': 'close', 'content-length': '0', 'x-openstack-request-id': 'req-82c5aed0-8b45-4390-aec5-776a60d9bcdc'}
        Body: 
2015-12-23 22:15:07,210 21184 INFO     [tempest_lib.common.rest_client] Request (TestNetworkAdvancedServerOps:_run_cleanups): 204 DELETE http://10.0.2.15:8774/v2.1/35f3098fa246470dba1df23994ca21b9/servers/e2991289-2358-4e77-a9b6-5e39ca368fcf 0.213s
2015-12-23 22:15:07,211 21184 DEBUG    [tempest_lib.common.rest_client] Request - Headers: {'Content-Type': 'application/json', 'Accept': 'application/json', 'X-Auth-Token': '&lt;omitted&gt;'}
        Body: None
    Response - Headers: {'status': '204', 'content-length': '0', 'x-compute-request-id': 'req-c5e950a5-50d2-46cf-a65e-f95c685bc28a', 'vary': 'X-OpenStack-Nova-API-Version', 'connection': 'close', 'x-openstack-nova-api-version': '2.1', 'date': 'Wed, 23 Dec 2015 22:15:07 GMT', 'content-type': 'application/json'}
        Body: 
2015-12-23 22:15:07,426 21184 INFO     [tempest_lib.common.rest_client] Request (TestNetworkAdvancedServerOps:_run_cleanups): 200 GET http://10.0.2.15:8774/v2.1/35f3098fa246470dba1df23994ca21b9/servers/e2991289-2358-4e77-a9b6-5e39ca368fcf 0.214s
2015-12-23 22:15:07,426 21184 DEBUG    [tempest_lib.common.rest_client] Request - Headers: {'Content-Type': 'application/json', 'Accept': 'application/json', 'X-Auth-Token': '&lt;omitted&gt;'}
        Body: None
    Response - Headers: {'status': '200', 'content-length': '1782', 'content-location': 'http://10.0.2.15:8774/v2.1/35f3098fa246470dba1df23994ca21b9/servers/e2991289-2358-4e77-a9b6-5e39ca368fcf', 'x-compute-request-id': 'req-c1ddd997-41fe-4074-ac9e-f86fe2908f46', 'vary': 'X-OpenStack-Nova-API-Version', 'connection': 'close', 'x-openstack-nova-api-version': '2.1', 'date': 'Wed, 23 Dec 2015 22:15:07 GMT', 'content-type': 'application/json'}
        Body: {"server": {"status": "ACTIVE", "updated": "2015-12-23T22:15:07Z", "hostId": "f9607e0296f686c44fc1642d5244c2499641c526270f60437bd11125", "addresses": {"tempest-network-smoke--94751884": [{"OS-EXT-IPS-MAC:mac_addr": "fa:16:3e:88:6e:51", "version": 4, "addr": "10.100.0.3", "OS-EXT-IPS:type": "fixed"}, {"OS-EXT-IPS-MAC:mac_addr": "fa:16:3e:88:6e:51", "version": 4, "addr": "172.24.4.4", "OS-EXT-IPS:type": "floating"}]}, "links": [{"href": "http://10.0.2.15:8774/v2.1/35f3098fa246470dba1df23994ca21b9/servers/e2991289-2358-4e77-a9b6-5e39ca368fcf", "rel": "self"}, {"href": "http://10.0.2.15:8774/35f3098fa246470dba1df23994ca21b9/servers/e2991289-2358-4e77-a9b6-5e39ca368fcf", "rel": "bookmark"}], "key_name": "tempest-TestNetworkAdvancedServerOps-162024537", "image": {"id": "3388a6b4-9585-4405-9140-1a54fe03e459", "links": [{"href": "http://10.0.2.15:8774/35f3098fa246470dba1df23994ca21b9/images/3388a6b4-9585-4405-9140-1a54fe03e459", "rel": "bookmark"}]}, "OS-EXT-STS:task_state": "deleting", "OS-EXT-STS:vm_state": "active", "OS-SRV-USG:launched_at": "2015-12-23T22:13:02.000000", "flavor": {"id": "42", "links": [{"href": "http://10.0.2.15:8774/35f3098fa246470dba1df23994ca21b9/flavors/42", "rel": "bookmark"}]}, "id": "e2991289-2358-4e77-a9b6-5e39ca368fcf", "security_groups": [{"name": "tempest-secgroup-smoke-1551913752"}], "OS-SRV-USG:terminated_at": null, "OS-EXT-AZ:availability_zone": "nova", "user_id": "6bffa5256cde4581a6fb23336e1e8427", "name": "tempest.common.compute-instance-228104146", "created": "2015-12-23T22:12:58Z", "tenant_id": "35f3098fa246470dba1df23994ca21b9", "OS-DCF:diskConfig": "MANUAL", "os-extended-volumes:volumes_attached": [], "accessIPv4": "", "accessIPv6": "", "progress": 0, "OS-EXT-STS:power_state": 1, "config_drive": "True", "metadata": {}}}
2015-12-23 22:15:08,676 21184 INFO     [tempest_lib.common.rest_client] Request (TestNetworkAdvancedServerOps:_run_cleanups): 200 GET http://10.0.2.15:8774/v2.1/35f3098fa246470dba1df23994ca21b9/servers/e2991289-2358-4e77-a9b6-5e39ca368fcf 0.236s
2015-12-23 22:15:08,677 21184 DEBUG    [tempest_lib.common.rest_client] Request - Headers: {'Content-Type': 'application/json', 'Accept': 'application/json', 'X-Auth-Token': '&lt;omitted&gt;'}
        Body: None
    Response - Headers: {'status': '200', 'content-length': '1714', 'content-location': 'http://10.0.2.15:8774/v2.1/35f3098fa246470dba1df23994ca21b9/servers/e2991289-2358-4e77-a9b6-5e39ca368fcf', 'x-compute-request-id': 'req-e2c9eef0-3442-41e6-abd8-fa75ec136672', 'vary': 'X-OpenStack-Nova-API-Version', 'connection': 'close', 'x-openstack-nova-api-version': '2.1', 'date': 'Wed, 23 Dec 2015 22:15:08 GMT', 'content-type': 'application/json'}
        Body: {"server": {"status": "ACTIVE", "updated": "2015-12-23T22:15:08Z", "hostId": "f9607e0296f686c44fc1642d5244c2499641c526270f60437bd11125", "addresses": {"tempest-network-smoke--94751884": [{"OS-EXT-IPS-MAC:mac_addr": "fa:16:3e:88:6e:51", "version": 4, "addr": "10.100.0.3", "OS-EXT-IPS:type": "fixed"}, {"OS-EXT-IPS-MAC:mac_addr": "fa:16:3e:88:6e:51", "version": 4, "addr": "172.24.4.4", "OS-EXT-IPS:type": "floating"}]}, "links": [{"href": "http://10.0.2.15:8774/v2.1/35f3098fa246470dba1df23994ca21b9/servers/e2991289-2358-4e77-a9b6-5e39ca368fcf", "rel": "self"}, {"href": "http://10.0.2.15:8774/35f3098fa246470dba1df23994ca21b9/servers/e2991289-2358-4e77-a9b6-5e39ca368fcf", "rel": "bookmark"}], "key_name": "tempest-TestNetworkAdvancedServerOps-162024537", "image": {"id": "3388a6b4-9585-4405-9140-1a54fe03e459", "links": [{"href": "http://10.0.2.15:8774/35f3098fa246470dba1df23994ca21b9/images/3388a6b4-9585-4405-9140-1a54fe03e459", "rel": "bookmark"}]}, "OS-EXT-STS:task_state": "deleting", "OS-EXT-STS:vm_state": "active", "OS-SRV-USG:launched_at": "2015-12-23T22:13:02.000000", "flavor": {"id": "42", "links": [{"href": "http://10.0.2.15:8774/35f3098fa246470dba1df23994ca21b9/flavors/42", "rel": "bookmark"}]}, "id": "e2991289-2358-4e77-a9b6-5e39ca368fcf", "OS-SRV-USG:terminated_at": null, "OS-EXT-AZ:availability_zone": "nova", "user_id": "6bffa5256cde4581a6fb23336e1e8427", "name": "tempest.common.compute-instance-228104146", "created": "2015-12-23T22:12:58Z", "tenant_id": "35f3098fa246470dba1df23994ca21b9", "OS-DCF:diskConfig": "MANUAL", "os-extended-volumes:volumes_attached": [], "accessIPv4": "", "accessIPv6": "", "progress": 0, "OS-EXT-STS:power_state": 1, "config_drive": "True", "metadata": {}}}
2015-12-23 22:15:09,772 21184 INFO     [tempest_lib.common.rest_client] Request (TestNetworkAdvancedServerOps:_run_cleanups): 404 GET http://10.0.2.15:8774/v2.1/35f3098fa246470dba1df23994ca21b9/servers/e2991289-2358-4e77-a9b6-5e39ca368fcf 0.084s
2015-12-23 22:15:09,772 21184 DEBUG    [tempest_lib.common.rest_client] Request - Headers: {'Content-Type': 'application/json', 'Accept': 'application/json', 'X-Auth-Token': '&lt;omitted&gt;'}
        Body: None
    Response - Headers: {'status': '404', 'content-length': '111', 'x-compute-request-id': 'req-4badbc00-3bff-411e-934f-5893f8358a80', 'vary': 'X-OpenStack-Nova-API-Version', 'connection': 'close', 'x-openstack-nova-api-version': '2.1', 'date': 'Wed, 23 Dec 2015 22:15:09 GMT', 'content-type': 'application/json; charset=UTF-8'}
        Body: {"itemNotFound": {"message": "Instance e2991289-2358-4e77-a9b6-5e39ca368fcf could not be found.", "code": 404}}
2015-12-23 22:15:10,270 21184 INFO     [tempest_lib.common.rest_client] Request (TestNetworkAdvancedServerOps:_run_cleanups): 200 PUT http://10.0.2.15:9696/v2.0/routers/f7593cc3-8ecc-4c7c-a91a-d6b8003ce2bc/remove_router_interface 0.497s
2015-12-23 22:15:10,271 21184 DEBUG    [tempest_lib.common.rest_client] Request - Headers: {'Content-Type': 'application/json', 'Accept': 'application/json', 'X-Auth-Token': '&lt;omitted&gt;'}
        Body: {"subnet_id": "4f4d7b37-a89e-4895-be38-279d0691d43b"}
    Response - Headers: {'status': '200', 'content-length': '255', 'connection': 'close', 'date': 'Wed, 23 Dec 2015 22:15:10 GMT', 'content-type': 'application/json; charset=UTF-8', 'x-openstack-request-id': 'req-df347369-d8c4-4e90-948c-3ba9e48a0e63'}
        Body: {"subnet_id": "4f4d7b37-a89e-4895-be38-279d0691d43b", "tenant_id": "35f3098fa246470dba1df23994ca21b9", "subnet_ids": ["4f4d7b37-a89e-4895-be38-279d0691d43b"], "port_id": "e819ac6d-3fa5-4bd2-b662-b9cf6b62895d", "id": "f7593cc3-8ecc-4c7c-a91a-d6b8003ce2bc"}
2015-12-23 22:15:10,731 21184 INFO     [tempest_lib.common.rest_client] Request (TestNetworkAdvancedServerOps:_run_cleanups): 204 DELETE http://10.0.2.15:9696/v2.0/subnets/4f4d7b37-a89e-4895-be38-279d0691d43b 0.459s
2015-12-23 22:15:10,731 21184 DEBUG    [tempest_lib.common.rest_client] Request - Headers: {'Content-Type': 'application/json', 'Accept': 'application/json', 'X-Auth-Token': '&lt;omitted&gt;'}
        Body: None
    Response - Headers: {'date': 'Wed, 23 Dec 2015 22:15:10 GMT', 'status': '204', 'connection': 'close', 'content-length': '0', 'x-openstack-request-id': 'req-99021206-4e21-4285-b333-a5a4c6ebd914'}
        Body: 
2015-12-23 22:15:10,819 21184 INFO     [tempest_lib.common.rest_client] Request (TestNetworkAdvancedServerOps:_run_cleanups): 200 GET http://10.0.2.15:9696/v2.0/routers/f7593cc3-8ecc-4c7c-a91a-d6b8003ce2bc 0.087s
2015-12-23 22:15:10,819 21184 DEBUG    [tempest_lib.common.rest_client] Request - Headers: {'Content-Type': 'application/json', 'Accept': 'application/json', 'X-Auth-Token': '&lt;omitted&gt;'}
        Body: None
    Response - Headers: {'status': '200', 'content-length': '563', 'content-location': 'http://10.0.2.15:9696/v2.0/routers/f7593cc3-8ecc-4c7c-a91a-d6b8003ce2bc', 'connection': 'close', 'date': 'Wed, 23 Dec 2015 22:15:10 GMT', 'content-type': 'application/json; charset=UTF-8', 'x-openstack-request-id': 'req-6cb2765e-fc82-4066-bbb6-6ea18ca5aa29'}
        Body: {"router": {"status": "ACTIVE", "external_gateway_info": {"network_id": "bdebfd6e-5081-4728-8682-cf1333b9bf40", "enable_snat": true, "external_fixed_ips": [{"subnet_id": "8d1a0dcf-191f-49c1-9383-a97b4f7763e4", "ip_address": "172.24.4.3"}, {"subnet_id": "1321cc49-166e-45ce-ab62-66caaf1f83b7", "ip_address": "2001:db8::3"}]}, "availability_zone_hints": [], "availability_zones": ["nova"], "name": "tempest-router-smoke-166077045", "admin_state_up": true, "tenant_id": "35f3098fa246470dba1df23994ca21b9", "routes": [], "id": "f7593cc3-8ecc-4c7c-a91a-d6b8003ce2bc"}}
2015-12-23 22:15:11,315 21184 INFO     [tempest_lib.common.rest_client] Request (TestNetworkAdvancedServerOps:_run_cleanups): 200 PUT http://10.0.2.15:9696/v2.0/routers/f7593cc3-8ecc-4c7c-a91a-d6b8003ce2bc 0.495s
2015-12-23 22:15:11,316 21184 DEBUG    [tempest_lib.common.rest_client] Request - Headers: {'Content-Type': 'application/json', 'Accept': 'application/json', 'X-Auth-Token': '&lt;omitted&gt;'}
        Body: {"router": {"external_gateway_info": {}, "name": "tempest-router-smoke-166077045", "admin_state_up": true}}
    Response - Headers: {'status': '200', 'content-length': '301', 'connection': 'close', 'date': 'Wed, 23 Dec 2015 22:15:11 GMT', 'content-type': 'application/json; charset=UTF-8', 'x-openstack-request-id': 'req-fb67f440-f0a0-4571-9928-7e0676ebea95'}
        Body: {"router": {"status": "ACTIVE", "external_gateway_info": null, "availability_zone_hints": [], "availability_zones": ["nova"], "name": "tempest-router-smoke-166077045", "admin_state_up": true, "tenant_id": "35f3098fa246470dba1df23994ca21b9", "routes": [], "id": "f7593cc3-8ecc-4c7c-a91a-d6b8003ce2bc"}}
2015-12-23 22:15:11,548 21184 INFO     [tempest_lib.common.rest_client] Request (TestNetworkAdvancedServerOps:_run_cleanups): 204 DELETE http://10.0.2.15:9696/v2.0/routers/f7593cc3-8ecc-4c7c-a91a-d6b8003ce2bc 0.231s
2015-12-23 22:15:11,549 21184 DEBUG    [tempest_lib.common.rest_client] Request - Headers: {'Content-Type': 'application/json', 'Accept': 'application/json', 'X-Auth-Token': '&lt;omitted&gt;'}
        Body: None
    Response - Headers: {'date': 'Wed, 23 Dec 2015 22:15:11 GMT', 'status': '204', 'connection': 'close', 'content-length': '0', 'x-openstack-request-id': 'req-49370439-f9db-42ed-a73b-51f9c3208827'}
        Body: 
2015-12-23 22:15:11,807 21184 INFO     [tempest_lib.common.rest_client] Request (TestNetworkAdvancedServerOps:_run_cleanups): 204 DELETE http://10.0.2.15:9696/v2.0/networks/5c1827d4-2551-4d86-a1ad-805c9e747519 0.258s
2015-12-23 22:15:11,808 21184 DEBUG    [tempest_lib.common.rest_client] Request - Headers: {'Content-Type': 'application/json', 'Accept': 'application/json', 'X-Auth-Token': '&lt;omitted&gt;'}
        Body: None
    Response - Headers: {'date': 'Wed, 23 Dec 2015 22:15:11 GMT', 'status': '204', 'connection': 'close', 'content-length': '0', 'x-openstack-request-id': 'req-7abf10c3-aa92-4316-87b1-bce7f36179e9'}
        Body: 
2015-12-23 22:15:11,867 21184 INFO     [tempest_lib.common.rest_client] Request (TestNetworkAdvancedServerOps:_run_cleanups): 204 DELETE http://10.0.2.15:9696/v2.0/security-group-rules/2305c0ac-6ff4-465b-8c35-d8a02985578d 0.058s
2015-12-23 22:15:11,867 21184 DEBUG    [tempest_lib.common.rest_client] Request - Headers: {'Content-Type': 'application/json', 'Accept': 'application/json', 'X-Auth-Token': '&lt;omitted&gt;'}
        Body: None
    Response - Headers: {'date': 'Wed, 23 Dec 2015 22:15:11 GMT', 'status': '204', 'connection': 'close', 'content-length': '0', 'x-openstack-request-id': 'req-b7acda2c-1846-4ed9-b9ee-2c63639c2bf4'}
        Body: 
2015-12-23 22:15:11,927 21184 INFO     [tempest_lib.common.rest_client] Request (TestNetworkAdvancedServerOps:_run_cleanups): 204 DELETE http://10.0.2.15:9696/v2.0/security-group-rules/c1b5619e-b6eb-46ac-a258-52200e47a17f 0.058s
2015-12-23 22:15:11,928 21184 DEBUG    [tempest_lib.common.rest_client] Request - Headers: {'Content-Type': 'application/json', 'Accept': 'application/json', 'X-Auth-Token': '&lt;omitted&gt;'}
        Body: None
    Response - Headers: {'date': 'Wed, 23 Dec 2015 22:15:11 GMT', 'status': '204', 'connection': 'close', 'content-length': '0', 'x-openstack-request-id': 'req-68ea9b75-3186-4da4-b9e8-3fc156c10415'}
        Body: 
2015-12-23 22:15:11,993 21184 INFO     [tempest_lib.common.rest_client] Request (TestNetworkAdvancedServerOps:_run_cleanups): 204 DELETE http://10.0.2.15:9696/v2.0/security-group-rules/b9f825f5-cb2f-4681-ac69-ce2b76a1d98f 0.065s
2015-12-23 22:15:11,994 21184 DEBUG    [tempest_lib.common.rest_client] Request - Headers: {'Content-Type': 'application/json', 'Accept': 'application/json', 'X-Auth-Token': '&lt;omitted&gt;'}
        Body: None
    Response - Headers: {'date': 'Wed, 23 Dec 2015 22:15:11 GMT', 'status': '204', 'connection': 'close', 'content-length': '0', 'x-openstack-request-id': 'req-b615fc98-855b-4064-8dc1-14e8112a9aa9'}
        Body: 
2015-12-23 22:15:12,057 21184 INFO     [tempest_lib.common.rest_client] Request (TestNetworkAdvancedServerOps:_run_cleanups): 204 DELETE http://10.0.2.15:9696/v2.0/security-group-rules/f0a7c059-ce38-48d8-b32c-9edb9aa02e54 0.062s
2015-12-23 22:15:12,057 21184 DEBUG    [tempest_lib.common.rest_client] Request - Headers: {'Content-Type': 'application/json', 'Accept': 'application/json', 'X-Auth-Token': '&lt;omitted&gt;'}
        Body: None
    Response - Headers: {'date': 'Wed, 23 Dec 2015 22:15:12 GMT', 'status': '204', 'connection': 'close', 'content-length': '0', 'x-openstack-request-id': 'req-7b8b8cbd-3689-49da-a9f2-28bd6b4cacfc'}
        Body: 
2015-12-23 22:15:12,114 21184 INFO     [tempest_lib.common.rest_client] Request (TestNetworkAdvancedServerOps:_run_cleanups): 204 DELETE http://10.0.2.15:9696/v2.0/security-group-rules/8c24d3d2-8968-4da8-9690-8cd0d70145dd 0.056s
2015-12-23 22:15:12,116 21184 DEBUG    [tempest_lib.common.rest_client] Request - Headers: {'Content-Type': 'application/json', 'Accept': 'application/json', 'X-Auth-Token': '&lt;omitted&gt;'}
        Body: None
    Response - Headers: {'date': 'Wed, 23 Dec 2015 22:15:12 GMT', 'status': '204', 'connection': 'close', 'content-length': '0', 'x-openstack-request-id': 'req-da7925ee-b128-4589-b35c-fa00454aba13'}
        Body: 
2015-12-23 22:15:12,177 21184 INFO     [tempest_lib.common.rest_client] Request (TestNetworkAdvancedServerOps:_run_cleanups): 204 DELETE http://10.0.2.15:9696/v2.0/security-group-rules/d372b6c3-38c3-47a0-9ad8-5ee9b2363e35 0.060s
2015-12-23 22:15:12,177 21184 DEBUG    [tempest_lib.common.rest_client] Request - Headers: {'Content-Type': 'application/json', 'Accept': 'application/json', 'X-Auth-Token': '&lt;omitted&gt;'}
        Body: None
    Response - Headers: {'date': 'Wed, 23 Dec 2015 22:15:12 GMT', 'status': '204', 'connection': 'close', 'content-length': '0', 'x-openstack-request-id': 'req-0af6d488-2e26-468e-be0f-7e4a8ef24b4b'}
        Body: 
2015-12-23 22:15:12,271 21184 INFO     [tempest_lib.common.rest_client] Request (TestNetworkAdvancedServerOps:_run_cleanups): 204 DELETE http://10.0.2.15:9696/v2.0/security-groups/4cee9140-d3f8-4b0f-ba39-821a0de37a13 0.093s
2015-12-23 22:15:12,272 21184 DEBUG    [tempest_lib.common.rest_client] Request - Headers: {'Content-Type': 'application/json', 'Accept': 'application/json', 'X-Auth-Token': '&lt;omitted&gt;'}
        Body: None
    Response - Headers: {'date': 'Wed, 23 Dec 2015 22:15:12 GMT', 'status': '204', 'connection': 'close', 'content-length': '0', 'x-openstack-request-id': 'req-2e1444cb-5ad4-41d1-99fb-9e7cd38701b2'}
        Body: 
2015-12-23 22:15:12,288 21184 INFO     [tempest_lib.common.rest_client] Request (TestNetworkAdvancedServerOps:_run_cleanups): 202 DELETE http://10.0.2.15:8774/v2.1/35f3098fa246470dba1df23994ca21b9/os-keypairs/tempest-TestNetworkAdvancedServerOps-162024537 0.015s
2015-12-23 22:15:12,289 21184 DEBUG    [tempest_lib.common.rest_client] Request - Headers: {'Content-Type': 'application/json', 'Accept': 'application/json', 'X-Auth-Token': '&lt;omitted&gt;'}
        Body: None
    Response - Headers: {'status': '202', 'content-length': '0', 'x-compute-request-id': 'req-3bde2af7-f250-4a19-932b-efe41fb5b0a2', 'vary': 'X-OpenStack-Nova-API-Version', 'connection': 'close', 'x-openstack-nova-api-version': '2.1', 'date': 'Wed, 23 Dec 2015 22:15:12 GMT', 'content-type': 'application/json'}
        Body: 
2015-12-23 22:15:12,371 21184 INFO     [tempest_lib.common.rest_client] Request (TestNetworkAdvancedServerOps:_run_cleanups): 404 GET http://10.0.2.15:8774/v2.1/35f3098fa246470dba1df23994ca21b9/servers/e2991289-2358-4e77-a9b6-5e39ca368fcf 0.082s
2015-12-23 22:15:12,372 21184 DEBUG    [tempest_lib.common.rest_client] Request - Headers: {'Content-Type': 'application/json', 'Accept': 'application/json', 'X-Auth-Token': '&lt;omitted&gt;'}
