<?xml version="1.0" encoding="UTF-8"?>
<!DOCTYPE html PUBLIC "-//W3C//DTD XHTML 1.0 Strict//EN"
     "http://www.w3.org/TR/xhtml1/DTD/xhtml1-strict.dtd">
<html xmlns="http://www.w3.org/1999/xhtml">
<head>
    <title>Unit Test Report</title>
    <meta name="generator" content="subunit2html 0.1"/>
    <meta http-equiv="Content-Type" content="text/html; charset=UTF-8"/>
    
<style type="text/css" media="screen">
body        { font-family: verdana, arial, helvetica, sans-serif;
    font-size: 80%; }
table       { font-size: 100%; width: 100%;}
pre         { font-size: 80%; }

/* -- heading -------------------------------------------------------------- */
h1 {
        font-size: 16pt;
        color: gray;
}
.heading {
    margin-top: 0ex;
    margin-bottom: 1ex;
}

.heading .attribute {
    margin-top: 1ex;
    margin-bottom: 0;
}

.heading .description {
    margin-top: 4ex;
    margin-bottom: 6ex;
}

/* -- css div popup -------------------------------------------------------- */
a.popup_link {
}

a.popup_link:hover {
    color: red;
}

.popup_window {
    display: none;
    overflow-x: scroll;
    /*border: solid #627173 1px; */
    padding: 10px;
    background-color: #E6E6D6;
    font-family: "Ubuntu Mono", "Lucida Console", "Courier New", monospace;
    text-align: left;
    font-size: 8pt;
}

}
/* -- report --------------------------------------------------------------- */
#show_detail_line {
    margin-top: 3ex;
    margin-bottom: 1ex;
}
#result_table {
    width: 100%;
    border-collapse: collapse;
    border: 1px solid #777;
}
#header_row {
    font-weight: bold;
    color: white;
    background-color: #777;
}
#result_table td {
    border: 1px solid #777;
    padding: 2px;
}
#total_row  { font-weight: bold; }
.passClass  { background-color: #6c6; }
.failClass  { background-color: #c60; }
.errorClass { background-color: #c00; }
.passCase   { color: #6c6; }
.failCase   { color: #c60; font-weight: bold; }
.errorCase  { color: #c00; font-weight: bold; }
.hiddenRow  { display: none; }
.testcase   { margin-left: 2em; }
td.testname {width: 40%}
td.small {width: 40px}

/* -- ending --------------------------------------------------------------- */
#ending {
}

</style>

</head>
<body>
<script language="javascript" type="text/javascript"><!--
output_list = Array();

/* level - 0:Summary; 1:Failed; 2:All */
function showCase(level) {
    trs = document.getElementsByTagName("tr");
    for (var i = 0; i < trs.length; i++) {
        tr = trs[i];
        id = tr.id;
        if (id.substr(0,2) == 'ft') {
            if (level < 1) {
                tr.className = 'hiddenRow';
            }
            else {
                tr.className = '';
            }
        }
        if (id.substr(0,2) == 'pt') {
            if (level > 1) {
                tr.className = '';
            }
            else {
                tr.className = 'hiddenRow';
            }
        }
    }
}


function showClassDetail(cid, count) {
    var id_list = Array(count);
    var toHide = 1;
    for (var i = 0; i < count; i++) {
        tid0 = 't' + cid.substr(1) + '.' + (i+1);
        tid = 'f' + tid0;
        tr = document.getElementById(tid);
        if (!tr) {
            tid = 'p' + tid0;
            tr = document.getElementById(tid);
        }
        id_list[i] = tid;
        if (tr.className) {
            toHide = 0;
        }
    }
    for (var i = 0; i < count; i++) {
        tid = id_list[i];
        if (toHide) {
            document.getElementById('div_'+tid).style.display = 'none'
            document.getElementById(tid).className = 'hiddenRow';
        }
        else {
            document.getElementById(tid).className = '';
        }
    }
}


function showTestDetail(div_id){
    var details_div = document.getElementById(div_id)
    var displayState = details_div.style.display
    // alert(displayState)
    if (displayState != 'block' ) {
        displayState = 'block'
        details_div.style.display = 'block'
    }
    else {
        details_div.style.display = 'none'
    }
}


function html_escape(s) {
    s = s.replace(/&/g,'&amp;');
    s = s.replace(/</g,'&lt;');
    s = s.replace(/>/g,'&gt;');
    return s;
}

/* obsoleted by detail in <div>
function showOutput(id, name) {
    var w = window.open("", //url
                    name,
                    "resizable,scrollbars,status,width=800,height=450");
    d = w.document;
    d.write("<pre>");
    d.write(html_escape(output_list[id]));
    d.write("\n");
    d.write("<a href='javascript:window.close()'>close</a>\n");
    d.write("</pre>\n");
    d.close();
}
*/
--></script>

<div class='heading'>
<h1>Unit Test Report</h1>

<p class='attribute'><strong>Status:</strong> Failure 6</p>

<p class='description'></p>
</div>



<p id='show_detail_line'>Show
<a href='javascript:showCase(0)'>Summary</a>
<a href='javascript:showCase(1)'>Failed</a>
<a href='javascript:showCase(2)'>All</a>
</p>
<table id='result_table'>
<colgroup>
<col align='left' />
<col align='right' />
<col align='right' />
<col align='right' />
<col align='right' />
<col align='right' />
<col align='right' />
<col align='right' />
</colgroup>
<tr id='header_row'>
    <td>Test Group/Test case</td>
    <td>Count</td>
    <td>Pass</td>
    <td>Fail</td>
    <td>Error</td>
    <td>Skip</td>
    <td>View</td>
    <td> </td>
</tr>

<tr class='failClass'>
    <td class="testname">tempest.scenario.test_network_advanced_server_ops.TestNetworkAdvancedServerOps</td>
    <td class="small">6</td>
    <td class="small">0</td>
    <td class="small">6</td>
    <td class="small">0</td>
    <td class="small">0</td>
    <td class="small"><a href="javascript:showClassDetail('c1',6)"
>Detail</a></td>
    <td> </td>
</tr>

<tr id='ft1.1' class='none'>
    <td class='failCase'><div class='testcase'>test_server_connectivity_pause_unpause[compute,id-2b2642db-6568-4b35-b812-eceed3fa20ce,network]</div></td>
    <td colspan='7' align='left'>

    <!--css div popup start-->
    <a class="popup_link" onfocus='this.blur();'
    href="javascript:showTestDetail('div_ft1.1')" >
        fail</a>

    <div id='div_ft1.1' class="popup_window">
        <div style='text-align: right; color:red;cursor:pointer'>
        <a onfocus='this.blur();'
onclick="document.getElementById('div_ft1.1').style.display = 'none' " >
           [x]</a>
        </div>
        <pre>
        
ft1.1: tempest.scenario.test_network_advanced_server_ops.TestNetworkAdvancedServerOps.test_server_connectivity_pause_unpause[compute,id-2b2642db-6568-4b35-b812-eceed3fa20ce,network]_StringException: Empty attachments:
  stderr
  stdout

pythonlogging:'': {{{
2015-12-25 17:01:16,366 21326 INFO     [tempest_lib.common.rest_client] Request (TestNetworkAdvancedServerOps:test_server_connectivity_pause_unpause): 200 POST http://10.0.2.15:8774/v2.1/e1cda18985b240fe9d563ccc21bf5ae4/os-keypairs 0.397s
2015-12-25 17:01:16,366 21326 DEBUG    [tempest_lib.common.rest_client] Request - Headers: {'Content-Type': 'application/json', 'Accept': 'application/json', 'X-Auth-Token': '&lt;omitted&gt;'}
        Body: {"keypair": {"name": "tempest-TestNetworkAdvancedServerOps-997191012"}}
    Response - Headers: {'status': '200', 'content-length': '2329', 'x-compute-request-id': 'req-6c143301-9a91-42f2-be9e-00748c950816', 'vary': 'X-OpenStack-Nova-API-Version', 'connection': 'close', 'x-openstack-nova-api-version': '2.1', 'date': 'Fri, 25 Dec 2015 17:01:16 GMT', 'content-type': 'application/json'}
        Body: {"keypair": {"public_key": "ssh-rsa AAAAB3NzaC1yc2EAAAADAQABAAABAQCtCYrSnJZuGIaTRq8KG0TbXAYjdTincB2i40/qgjNAYjZ2NSyqBLLK3ieGmz59+XgxJJ32jU+SWWJciDP8wGEEsohI3Lr2N7gg1waBqmT2EDpL8wo9e/wU7TrENP8+N4sXUufVBaLY5tHR78WpDFNaBR2Wt77V2MoE+ZaIjoJbC+ddx6znP0jhV+n5HSqECvTLDDJ8b2LG8T18S+W74UxQj+sqgAbWhkdchr2FLtGydgXk8PF8FQW+5Cp4WH12j7S7Hm5tTbTDVMeaNpRLl0FFGw2H4a4JYDjoUE6pS2BjeOo66nnuLoBzwjjV2Ox038u54olD/Epmqj1WsRYXCrRB Generated-by-Nova", "private_key": "-----BEGIN RSA PRIVATE KEY-----\nMIIEpwIBAAKCAQEArQmK0pyWbhiGk0avChtE21wGI3U4p3AdouNP6oIzQGI2djUs\nqgSyyt4nhps+ffl4MSSd9o1PklliXIgz/MBhBLKISNy69je4INcGgapk9hA6S/MK\nPXv8FO06xDT/PjeLF1Ln1QWi2ObR0e/FqQxTWgUdlre+1djKBPmWiI6CWwvnXces\n5z9I4Vfp+R0qhAr0ywwyfG9ixvE9fEvlu+FMUI/rKoAG1oZHXIa9hS7RsnYF5PDx\nfBUFvuQqeFh9do+0ux5ubU20w1THmjaUS5dBRRsNh+GuCWA46FBOqUtgY3jqOup5\n7i6Ac8I41djsdN/LueKJQ/xKZqo9VrEWFwq0QQIDAQABAoIBADUHG5f3jNIoifVQ\nUAwU10EyLl9naPlHDo4Ag1kmlXZBotcO7KUd030AH7TMlpYcgYzt38rS+3OqGM6q\nnuPyQMkjvUg2/MS/xpmpy8Co60/NIVBtJtI40MPI/51pcF8svl9jdNB/baxy8BIa\nHMT1lgWcU7kAjmcSjLaBlnQ62A/2UFyIFaqLMyjCfyhM3CtIqABdL40AzzlowXCO\n27h5Bbk7nnK5zSuEn9oASFNSKbfhwMZFs2uhEXV7X6vcHz10qOL933CkO+bMTAS+\nZETMtQeLYoa002vhmw3GJvZwnzOJwnsfbsa6HDG/ZXsDLPKUHnuZuO91pR8ggXrY\nunDveNECggCBAL+tjRuJyhVLQhr9TewDSdZWZZin9SEkICmEL2ncEbucnNOmOI/d\nZGfZaV/9UqEOzVCiqv2K+x39f2ZPhZ28ikxEFqzG/giBsCn/XysQto04eEEE4h60\n1keMLZltEmjjSVUt+ZxwXVWGdc/lh8/iKIqSX6+qriUpOe6xUiGlWKcnAoIAgQDn\nGqFt5XogHDU3hR0/HOndo78gTYNuUoOlKQC+eGbqDWmjV05zfUPJZt3oxzQtp/LV\nRxXaBibxnTvpcJ1MnMGrQskdZGQCYkV9ubVJ4k2I6YBbZf7etMl8Ga+FgUM+udaw\nKe1syQKJJo+RcRlIWPx60qsFIC5SqJcZhud6hAaqVwKCAIAJEo/hQ85a36sLV/3+\nM9Gk4YYBicGihfE3xdfwrMfyF2Gc6vs2ZAZCnBnOv1DP6sFxFaH+SjvEmaEUGKN8\nadYp8fcYynpvsKPD+SBqC2p4mLmoajDBv1F9JXdrEayTZl6sN3bfHrpsN+cPpg+d\nmVjN5ku9JtkDTUY+tAntKcRedQKCAIAXEpqRTTrPH+HURC7yUSGsJh/7yqFXj1dj\nUt+nJIAp1+L3Es1bTGNLJUD8b37vG/hrgKhW1wxmTOthWAPsVS4kugs4KwCtGECV\n18eYs8ZH6AAPn/Q9KdF/2VSjwI8FISqk9dqlZMAjDz2AKMl8Zp32aTf30Amv6PME\n8moD2lCMCwKCAIAGh+CRxnKmrxi27i4vb1WZ/cna5znZa/nzclC3xsNSANjBIIzy\nowlOtVqZfYwfExYM+DUyv0+UiG4ZnwPUySscmIfpsLfdn6GA6FUKCJ1Dd8ju/Wvv\ngYxkqW3x1Bo2mOxVRQeJiYzsEZJfQZwsDkTgdP+cVrVjgn5+QosVdBd1iA==\n-----END RSA PRIVATE KEY-----\n", "user_id": "878e4a3730d04370ac8880c75ada3dbd", "name": "tempest-TestNetworkAdvancedServerOps-997191012", "fingerprint": "88:52:20:c6:9e:e9:06:60:29:d9:7e:69:fc:79:f4:ce"}}
2015-12-25 17:01:16,765 21326 INFO     [tempest_lib.common.rest_client] Request (TestNetworkAdvancedServerOps:test_server_connectivity_pause_unpause): 201 POST http://10.0.2.15:9696/v2.0/security-groups 0.393s
2015-12-25 17:01:16,765 21326 DEBUG    [tempest_lib.common.rest_client] Request - Headers: {'Content-Type': 'application/json', 'Accept': 'application/json', 'X-Auth-Token': '&lt;omitted&gt;'}
        Body: {"security_group": {"tenant_id": "e1cda18985b240fe9d563ccc21bf5ae4", "description": "tempest-secgroup-smoke-365822221 description", "name": "tempest-secgroup-smoke-365822221"}}
    Response - Headers: {'status': '201', 'content-length': '886', 'connection': 'close', 'date': 'Fri, 25 Dec 2015 17:01:16 GMT', 'content-type': 'application/json; charset=UTF-8', 'x-openstack-request-id': 'req-068a2151-a15d-4590-955a-791d756863fd'}
        Body: {"security_group": {"tenant_id": "e1cda18985b240fe9d563ccc21bf5ae4", "description": "tempest-secgroup-smoke-365822221 description", "id": "6a1586de-c98e-45e6-bd74-e7342beebe72", "security_group_rules": [{"remote_group_id": null, "direction": "egress", "remote_ip_prefix": null, "protocol": null, "ethertype": "IPv4", "tenant_id": "e1cda18985b240fe9d563ccc21bf5ae4", "port_range_max": null, "port_range_min": null, "id": "ba2b4454-a46d-46f7-9132-1866ba10f65c", "security_group_id": "6a1586de-c98e-45e6-bd74-e7342beebe72"}, {"remote_group_id": null, "direction": "egress", "remote_ip_prefix": null, "protocol": null, "ethertype": "IPv6", "tenant_id": "e1cda18985b240fe9d563ccc21bf5ae4", "port_range_max": null, "port_range_min": null, "id": "4df04486-6012-4a0e-b6d0-5856cffa13a6", "security_group_id": "6a1586de-c98e-45e6-bd74-e7342beebe72"}], "name": "tempest-secgroup-smoke-365822221"}}
2015-12-25 17:01:16,899 21326 INFO     [tempest_lib.common.rest_client] Request (TestNetworkAdvancedServerOps:test_server_connectivity_pause_unpause): 201 POST http://10.0.2.15:9696/v2.0/security-group-rules 0.132s
2015-12-25 17:01:16,899 21326 DEBUG    [tempest_lib.common.rest_client] Request - Headers: {'Content-Type': 'application/json', 'Accept': 'application/json', 'X-Auth-Token': '&lt;omitted&gt;'}
        Body: {"security_group_rule": {"direction": "ingress", "protocol": "tcp", "tenant_id": "e1cda18985b240fe9d563ccc21bf5ae4", "port_range_max": 22, "security_group_id": "6a1586de-c98e-45e6-bd74-e7342beebe72", "port_range_min": 22}}
    Response - Headers: {'status': '201', 'content-length': '340', 'connection': 'close', 'date': 'Fri, 25 Dec 2015 17:01:16 GMT', 'content-type': 'application/json; charset=UTF-8', 'x-openstack-request-id': 'req-1b0aba15-29ae-4a60-ae16-84cadb77c693'}
        Body: {"security_group_rule": {"remote_group_id": null, "direction": "ingress", "remote_ip_prefix": null, "protocol": "tcp", "ethertype": "IPv4", "tenant_id": "e1cda18985b240fe9d563ccc21bf5ae4", "port_range_max": 22, "port_range_min": 22, "id": "107a3782-6d0a-4afb-a36d-b5110984b7a2", "security_group_id": "6a1586de-c98e-45e6-bd74-e7342beebe72"}}
2015-12-25 17:01:17,024 21326 INFO     [tempest_lib.common.rest_client] Request (TestNetworkAdvancedServerOps:test_server_connectivity_pause_unpause): 201 POST http://10.0.2.15:9696/v2.0/security-group-rules 0.123s
2015-12-25 17:01:17,025 21326 DEBUG    [tempest_lib.common.rest_client] Request - Headers: {'Content-Type': 'application/json', 'Accept': 'application/json', 'X-Auth-Token': '&lt;omitted&gt;'}
        Body: {"security_group_rule": {"direction": "egress", "protocol": "tcp", "tenant_id": "e1cda18985b240fe9d563ccc21bf5ae4", "port_range_max": 22, "security_group_id": "6a1586de-c98e-45e6-bd74-e7342beebe72", "port_range_min": 22}}
    Response - Headers: {'status': '201', 'content-length': '339', 'connection': 'close', 'date': 'Fri, 25 Dec 2015 17:01:17 GMT', 'content-type': 'application/json; charset=UTF-8', 'x-openstack-request-id': 'req-65fc0e0a-d16e-4cb4-9d32-ccd228bcde27'}
        Body: {"security_group_rule": {"remote_group_id": null, "direction": "egress", "remote_ip_prefix": null, "protocol": "tcp", "ethertype": "IPv4", "tenant_id": "e1cda18985b240fe9d563ccc21bf5ae4", "port_range_max": 22, "port_range_min": 22, "id": "aa39f6fa-6f7c-4bca-86ea-8d7c63df0743", "security_group_id": "6a1586de-c98e-45e6-bd74-e7342beebe72"}}
2015-12-25 17:01:17,146 21326 INFO     [tempest_lib.common.rest_client] Request (TestNetworkAdvancedServerOps:test_server_connectivity_pause_unpause): 201 POST http://10.0.2.15:9696/v2.0/security-group-rules 0.120s
2015-12-25 17:01:17,147 21326 DEBUG    [tempest_lib.common.rest_client] Request - Headers: {'Content-Type': 'application/json', 'Accept': 'application/json', 'X-Auth-Token': '&lt;omitted&gt;'}
        Body: {"security_group_rule": {"tenant_id": "e1cda18985b240fe9d563ccc21bf5ae4", "direction": "ingress", "protocol": "icmp", "security_group_id": "6a1586de-c98e-45e6-bd74-e7342beebe72"}}
    Response - Headers: {'status': '201', 'content-length': '345', 'connection': 'close', 'date': 'Fri, 25 Dec 2015 17:01:17 GMT', 'content-type': 'application/json; charset=UTF-8', 'x-openstack-request-id': 'req-8c0d9a71-0f7b-4523-9d14-7690a9d1c1bb'}
        Body: {"security_group_rule": {"remote_group_id": null, "direction": "ingress", "remote_ip_prefix": null, "protocol": "icmp", "ethertype": "IPv4", "tenant_id": "e1cda18985b240fe9d563ccc21bf5ae4", "port_range_max": null, "port_range_min": null, "id": "2468179a-0cc3-4929-aab9-808d0ebb4d43", "security_group_id": "6a1586de-c98e-45e6-bd74-e7342beebe72"}}
2015-12-25 17:01:17,271 21326 INFO     [tempest_lib.common.rest_client] Request (TestNetworkAdvancedServerOps:test_server_connectivity_pause_unpause): 201 POST http://10.0.2.15:9696/v2.0/security-group-rules 0.122s
2015-12-25 17:01:17,272 21326 DEBUG    [tempest_lib.common.rest_client] Request - Headers: {'Content-Type': 'application/json', 'Accept': 'application/json', 'X-Auth-Token': '&lt;omitted&gt;'}
        Body: {"security_group_rule": {"tenant_id": "e1cda18985b240fe9d563ccc21bf5ae4", "direction": "egress", "protocol": "icmp", "security_group_id": "6a1586de-c98e-45e6-bd74-e7342beebe72"}}
    Response - Headers: {'status': '201', 'content-length': '344', 'connection': 'close', 'date': 'Fri, 25 Dec 2015 17:01:17 GMT', 'content-type': 'application/json; charset=UTF-8', 'x-openstack-request-id': 'req-c7385ac8-5a30-426e-b447-f72d178e7ad1'}
        Body: {"security_group_rule": {"remote_group_id": null, "direction": "egress", "remote_ip_prefix": null, "protocol": "icmp", "ethertype": "IPv4", "tenant_id": "e1cda18985b240fe9d563ccc21bf5ae4", "port_range_max": null, "port_range_min": null, "id": "e13d7a45-5821-479f-a6dd-a309a256199a", "security_group_id": "6a1586de-c98e-45e6-bd74-e7342beebe72"}}
2015-12-25 17:01:17,403 21326 INFO     [tempest_lib.common.rest_client] Request (TestNetworkAdvancedServerOps:test_server_connectivity_pause_unpause): 201 POST http://10.0.2.15:9696/v2.0/security-group-rules 0.130s
2015-12-25 17:01:17,404 21326 DEBUG    [tempest_lib.common.rest_client] Request - Headers: {'Content-Type': 'application/json', 'Accept': 'application/json', 'X-Auth-Token': '&lt;omitted&gt;'}
        Body: {"security_group_rule": {"tenant_id": "e1cda18985b240fe9d563ccc21bf5ae4", "direction": "ingress", "security_group_id": "6a1586de-c98e-45e6-bd74-e7342beebe72", "protocol": "icmp", "ethertype": "IPv6"}}
    Response - Headers: {'status': '201', 'content-length': '345', 'connection': 'close', 'date': 'Fri, 25 Dec 2015 17:01:17 GMT', 'content-type': 'application/json; charset=UTF-8', 'x-openstack-request-id': 'req-9514b1a3-f174-4c9c-9673-9fbc411890b0'}
        Body: {"security_group_rule": {"remote_group_id": null, "direction": "ingress", "remote_ip_prefix": null, "protocol": "icmp", "ethertype": "IPv6", "tenant_id": "e1cda18985b240fe9d563ccc21bf5ae4", "port_range_max": null, "port_range_min": null, "id": "f458018d-a873-48dc-bbd5-15f784edc211", "security_group_id": "6a1586de-c98e-45e6-bd74-e7342beebe72"}}
2015-12-25 17:01:17,538 21326 INFO     [tempest_lib.common.rest_client] Request (TestNetworkAdvancedServerOps:test_server_connectivity_pause_unpause): 201 POST http://10.0.2.15:9696/v2.0/security-group-rules 0.133s
2015-12-25 17:01:17,539 21326 DEBUG    [tempest_lib.common.rest_client] Request - Headers: {'Content-Type': 'application/json', 'Accept': 'application/json', 'X-Auth-Token': '&lt;omitted&gt;'}
        Body: {"security_group_rule": {"tenant_id": "e1cda18985b240fe9d563ccc21bf5ae4", "direction": "egress", "security_group_id": "6a1586de-c98e-45e6-bd74-e7342beebe72", "protocol": "icmp", "ethertype": "IPv6"}}
    Response - Headers: {'status': '201', 'content-length': '344', 'connection': 'close', 'date': 'Fri, 25 Dec 2015 17:01:17 GMT', 'content-type': 'application/json; charset=UTF-8', 'x-openstack-request-id': 'req-c5da472b-d0e3-4d75-9d86-c9214d75a0c9'}
        Body: {"security_group_rule": {"remote_group_id": null, "direction": "egress", "remote_ip_prefix": null, "protocol": "icmp", "ethertype": "IPv6", "tenant_id": "e1cda18985b240fe9d563ccc21bf5ae4", "port_range_max": null, "port_range_min": null, "id": "8f279f8d-502a-469d-b9b7-6db4eea2e221", "security_group_id": "6a1586de-c98e-45e6-bd74-e7342beebe72"}}
2015-12-25 17:01:17,735 21326 INFO     [tempest_lib.common.rest_client] Request (TestNetworkAdvancedServerOps:test_server_connectivity_pause_unpause): 201 POST http://10.0.2.15:9696/v2.0/networks 0.194s
2015-12-25 17:01:17,735 21326 DEBUG    [tempest_lib.common.rest_client] Request - Headers: {'Content-Type': 'application/json', 'Accept': 'application/json', 'X-Auth-Token': '&lt;omitted&gt;'}
        Body: {"network": {"tenant_id": "e1cda18985b240fe9d563ccc21bf5ae4", "name": "tempest-network-smoke--2007322159"}}
    Response - Headers: {'status': '201', 'content-length': '327', 'connection': 'close', 'date': 'Fri, 25 Dec 2015 17:01:17 GMT', 'content-type': 'application/json; charset=UTF-8', 'x-openstack-request-id': 'req-a8c77507-61f0-40cc-8d57-97f42d48759b'}
        Body: {"network": {"status": "ACTIVE", "subnets": [], "availability_zone_hints": [], "name": "tempest-network-smoke--2007322159", "admin_state_up": true, "tenant_id": "e1cda18985b240fe9d563ccc21bf5ae4", "mtu": 0, "router:external": false, "shared": false, "port_security_enabled": true, "id": "6ff49a14-7fd4-4ddf-a364-a3ec89755a05"}}
2015-12-25 17:01:17,820 21326 INFO     [tempest_lib.common.rest_client] Request (TestNetworkAdvancedServerOps:test_server_connectivity_pause_unpause): 201 POST http://10.0.2.15:9696/v2.0/routers 0.084s
2015-12-25 17:01:17,821 21326 DEBUG    [tempest_lib.common.rest_client] Request - Headers: {'Content-Type': 'application/json', 'Accept': 'application/json', 'X-Auth-Token': '&lt;omitted&gt;'}
        Body: {"router": {"tenant_id": "e1cda18985b240fe9d563ccc21bf5ae4", "name": "tempest-router-smoke-161553904", "admin_state_up": true}}
    Response - Headers: {'status': '201', 'content-length': '295', 'connection': 'close', 'date': 'Fri, 25 Dec 2015 17:01:17 GMT', 'content-type': 'application/json; charset=UTF-8', 'x-openstack-request-id': 'req-774c5155-da52-4255-b6bd-5c200304a85b'}
        Body: {"router": {"status": "ACTIVE", "external_gateway_info": null, "availability_zone_hints": [], "availability_zones": [], "name": "tempest-router-smoke-161553904", "admin_state_up": true, "tenant_id": "e1cda18985b240fe9d563ccc21bf5ae4", "routes": [], "id": "bc548fa0-c557-4c42-a1fa-5a05e2dbbd2e"}}
2015-12-25 17:01:17,870 21326 INFO     [tempest_lib.common.rest_client] Request (TestNetworkAdvancedServerOps:test_server_connectivity_pause_unpause): 200 GET http://10.0.2.15:9696/v2.0/routers/bc548fa0-c557-4c42-a1fa-5a05e2dbbd2e 0.048s
2015-12-25 17:01:17,870 21326 DEBUG    [tempest_lib.common.rest_client] Request - Headers: {'Content-Type': 'application/json', 'Accept': 'application/json', 'X-Auth-Token': '&lt;omitted&gt;'}
        Body: None
    Response - Headers: {'status': '200', 'content-length': '295', 'content-location': 'http://10.0.2.15:9696/v2.0/routers/bc548fa0-c557-4c42-a1fa-5a05e2dbbd2e', 'connection': 'close', 'date': 'Fri, 25 Dec 2015 17:01:17 GMT', 'content-type': 'application/json; charset=UTF-8', 'x-openstack-request-id': 'req-cd40156e-e901-4db7-b39d-5aaef170fd4c'}
        Body: {"router": {"status": "ACTIVE", "external_gateway_info": null, "availability_zone_hints": [], "availability_zones": [], "name": "tempest-router-smoke-161553904", "admin_state_up": true, "tenant_id": "e1cda18985b240fe9d563ccc21bf5ae4", "routes": [], "id": "bc548fa0-c557-4c42-a1fa-5a05e2dbbd2e"}}
2015-12-25 17:01:18,585 21326 INFO     [tempest_lib.common.rest_client] Request (TestNetworkAdvancedServerOps:test_server_connectivity_pause_unpause): 200 PUT http://10.0.2.15:9696/v2.0/routers/bc548fa0-c557-4c42-a1fa-5a05e2dbbd2e 0.714s
2015-12-25 17:01:18,585 21326 DEBUG    [tempest_lib.common.rest_client] Request - Headers: {'Content-Type': 'application/json', 'Accept': 'application/json', 'X-Auth-Token': '&lt;omitted&gt;'}
        Body: {"router": {"external_gateway_info": {"network_id": "30b98dad-9d6e-44b2-b20b-f96e57176d79"}, "name": "tempest-router-smoke-161553904", "admin_state_up": true}}
    Response - Headers: {'status': '200', 'content-length': '557', 'connection': 'close', 'date': 'Fri, 25 Dec 2015 17:01:18 GMT', 'content-type': 'application/json; charset=UTF-8', 'x-openstack-request-id': 'req-45202299-96ea-4391-9bb5-07099e70dd02'}
        Body: {"router": {"status": "ACTIVE", "external_gateway_info": {"network_id": "30b98dad-9d6e-44b2-b20b-f96e57176d79", "enable_snat": true, "external_fixed_ips": [{"subnet_id": "511ee1bb-290c-45d7-97db-40d444b8f356", "ip_address": "172.24.4.3"}, {"subnet_id": "79725652-c483-4774-a7ce-cdba000acbe1", "ip_address": "2001:db8::3"}]}, "availability_zone_hints": [], "availability_zones": [], "name": "tempest-router-smoke-161553904", "admin_state_up": true, "tenant_id": "e1cda18985b240fe9d563ccc21bf5ae4", "routes": [], "id": "bc548fa0-c557-4c42-a1fa-5a05e2dbbd2e"}}
2015-12-25 17:01:18,761 21326 INFO     [tempest_lib.common.rest_client] Request (TestNetworkAdvancedServerOps:test_server_connectivity_pause_unpause): 200 GET http://10.0.2.15:9696/v2.0/subnets?tenant_id=e1cda18985b240fe9d563ccc21bf5ae4&amp;cidr=10.100.0.0%2F28 0.175s
2015-12-25 17:01:18,761 21326 DEBUG    [tempest_lib.common.rest_client] Request - Headers: {'Content-Type': 'application/json', 'Accept': 'application/json', 'X-Auth-Token': '&lt;omitted&gt;'}
        Body: None
    Response - Headers: {'status': '200', 'content-length': '15', 'content-location': 'http://10.0.2.15:9696/v2.0/subnets?tenant_id=e1cda18985b240fe9d563ccc21bf5ae4&amp;cidr=10.100.0.0%2F28', 'connection': 'close', 'date': 'Fri, 25 Dec 2015 17:01:18 GMT', 'content-type': 'application/json; charset=UTF-8', 'x-openstack-request-id': 'req-af2cbe7d-d522-46ed-ad19-0150b47d1544'}
        Body: {"subnets": []}
2015-12-25 17:01:19,240 21326 INFO     [tempest_lib.common.rest_client] Request (TestNetworkAdvancedServerOps:test_server_connectivity_pause_unpause): 201 POST http://10.0.2.15:9696/v2.0/subnets 0.478s
2015-12-25 17:01:19,241 21326 DEBUG    [tempest_lib.common.rest_client] Request - Headers: {'Content-Type': 'application/json', 'Accept': 'application/json', 'X-Auth-Token': '&lt;omitted&gt;'}
        Body: {"subnet": {"ip_version": 4, "tenant_id": "e1cda18985b240fe9d563ccc21bf5ae4", "cidr": "10.100.0.0/28", "network_id": "6ff49a14-7fd4-4ddf-a364-a3ec89755a05", "name": "tempest-subnet-smoke-278355372"}}
    Response - Headers: {'status': '201', 'content-length': '477', 'connection': 'close', 'date': 'Fri, 25 Dec 2015 17:01:19 GMT', 'content-type': 'application/json; charset=UTF-8', 'x-openstack-request-id': 'req-df419aa8-1b57-4b4d-9f39-9d80733b5603'}
        Body: {"subnet": {"name": "tempest-subnet-smoke-278355372", "enable_dhcp": true, "network_id": "6ff49a14-7fd4-4ddf-a364-a3ec89755a05", "tenant_id": "e1cda18985b240fe9d563ccc21bf5ae4", "dns_nameservers": [], "gateway_ip": "10.100.0.1", "ipv6_ra_mode": null, "allocation_pools": [{"start": "10.100.0.2", "end": "10.100.0.14"}], "host_routes": [], "ip_version": 4, "ipv6_address_mode": null, "cidr": "10.100.0.0/28", "id": "f0ea9814-6dbc-4d9c-bc03-28488ce033ec", "subnetpool_id": null}}
2015-12-25 17:01:20,209 21326 INFO     [tempest_lib.common.rest_client] Request (TestNetworkAdvancedServerOps:test_server_connectivity_pause_unpause): 200 PUT http://10.0.2.15:9696/v2.0/routers/bc548fa0-c557-4c42-a1fa-5a05e2dbbd2e/add_router_interface 0.967s
2015-12-25 17:01:20,210 21326 DEBUG    [tempest_lib.common.rest_client] Request - Headers: {'Content-Type': 'application/json', 'Accept': 'application/json', 'X-Auth-Token': '&lt;omitted&gt;'}
        Body: {"subnet_id": "f0ea9814-6dbc-4d9c-bc03-28488ce033ec"}
    Response - Headers: {'status': '200', 'content-length': '255', 'connection': 'close', 'date': 'Fri, 25 Dec 2015 17:01:20 GMT', 'content-type': 'application/json; charset=UTF-8', 'x-openstack-request-id': 'req-1c2e416b-4b27-43ea-ae5e-088a170da21e'}
        Body: {"subnet_id": "f0ea9814-6dbc-4d9c-bc03-28488ce033ec", "tenant_id": "e1cda18985b240fe9d563ccc21bf5ae4", "subnet_ids": ["f0ea9814-6dbc-4d9c-bc03-28488ce033ec"], "port_id": "f38ef1a6-9efe-4bf0-aa29-12a2f37782f4", "id": "bc548fa0-c557-4c42-a1fa-5a05e2dbbd2e"}
2015-12-25 17:01:20,341 21326 INFO     [tempest_lib.common.rest_client] Request (TestNetworkAdvancedServerOps:test_server_connectivity_pause_unpause): 200 POST http://10.0.2.15:5000/v2.0/tokens
2015-12-25 17:01:20,342 21326 DEBUG    [tempest_lib.common.rest_client] Request - Headers: {'Content-Type': 'application/json', 'Accept': 'application/json'}
        Body: &lt;omitted&gt;
    Response - Headers: {'status': '200', 'content-length': '2564', 'vary': 'X-Auth-Token', 'server': 'Apache/2.4.7 (Ubuntu)', 'connection': 'close', 'date': 'Fri, 25 Dec 2015 17:01:20 GMT', 'content-type': 'application/json', 'x-openstack-request-id': 'req-c2f096cf-a910-4a5c-a0a4-78acb9447dd5'}
        Body: {"access": {"token": {"issued_at": "2015-12-25T17:01:20.328192", "expires": "2015-12-25T18:01:20Z", "id": "ce77c92c67b647eead17fd32cc186bfa", "tenant": {"description": "tempest-TestNetworkAdvancedServerOps-1632717110-desc", "enabled": true, "id": "e1cda18985b240fe9d563ccc21bf5ae4", "name": "tempest-TestNetworkAdvancedServerOps-1632717110"}, "audit_ids": ["K09mfa8aQnWjNx5NMPHMIg"]}, "serviceCatalog": [{"endpoints": [{"adminURL": "http://10.0.2.15:8774/v2.1/e1cda18985b240fe9d563ccc21bf5ae4", "region": "RegionOne", "internalURL": "http://10.0.2.15:8774/v2.1/e1cda18985b240fe9d563ccc21bf5ae4", "id": "32a078a001244834aeb8c83388355a8d", "publicURL": "http://10.0.2.15:8774/v2.1/e1cda18985b240fe9d563ccc21bf5ae4"}], "endpoints_links": [], "type": "compute", "name": "nova"}, {"endpoints": [{"adminURL": "http://10.0.2.15:9696/", "region": "RegionOne", "internalURL": "http://10.0.2.15:9696/", "id": "40e50f2c3a24438fa092033c10214b69", "publicURL": "http://10.0.2.15:9696/"}], "endpoints_links": [], "type": "network", "name": "neutron"}, {"endpoints": [{"adminURL": "http://10.0.2.15:9292", "region": "RegionOne", "internalURL": "http://10.0.2.15:9292", "id": "1908f79ae5e7435b8f5ed4596f2b2686", "publicURL": "http://10.0.2.15:9292"}], "endpoints_links": [], "type": "image", "name": "glance"}, {"endpoints": [{"adminURL": "http://10.0.2.15:8774/v2/e1cda18985b240fe9d563ccc21bf5ae4", "region": "RegionOne", "internalURL": "http://10.0.2.15:8774/v2/e1cda18985b240fe9d563ccc21bf5ae4", "id": "2552a4e824b942cdb4a1fdb58fd16432", "publicURL": "http://10.0.2.15:8774/v2/e1cda18985b240fe9d563ccc21bf5ae4"}], "endpoints_links": [], "type": "compute_legacy", "name": "nova_legacy"}, {"endpoints": [{"adminURL": "http://10.0.2.15:8773/", "region": "RegionOne", "internalURL": "http://10.0.2.15:8773/", "id": "24a3a4d51de8460aa379749c11486753", "publicURL": "http://10.0.2.15:8773/"}], "endpoints_links": [], "type": "ec2", "name": "ec2"}, {"endpoints": [{"adminURL": "http://10.0.2.15:35357/v2.0", "region": "RegionOne", "internalURL": "http://10.0.2.15:5000/v2.0", "id": "5dbd89bfe6414a2caaa0a0cb9bd69360", "publicURL": "http://10.0.2.15:5000/v2.0"}], "endpoints_links": [], "type": "identity", "name": "keystone"}], "user": {"username": "tempest-TestNetworkAdvancedServerOps-867284009", "roles_links": [], "id": "878e4a3730d04370ac8880c75ada3dbd", "roles": [{"name": "Member"}, {"name": "_member_"}], "name": "tempest-TestNetworkAdvancedServerOps-867284009"}, "metadata": {"is_admin": 0, "roles": ["83871d52843847799ed5d342d47c1f4d", "9fe2ff9ee4384b1894a90878d3e92bab"]}}}
2015-12-25 17:01:20,348 21326 DEBUG    [tempest.common.fixed_network] (TestNetworkAdvancedServerOps:test_server_connectivity_pause_unpause) No valid network provided or created, defaulting to fixed_network_name
2015-12-25 17:01:20,720 21326 INFO     [tempest_lib.common.rest_client] Request (TestNetworkAdvancedServerOps:test_server_connectivity_pause_unpause): 200 GET http://10.0.2.15:8774/v2.1/e1cda18985b240fe9d563ccc21bf5ae4/os-networks 0.371s
2015-12-25 17:01:20,720 21326 DEBUG    [tempest_lib.common.rest_client] Request - Headers: {'Content-Type': 'application/json', 'Accept': 'application/json', 'X-Auth-Token': '&lt;omitted&gt;'}
        Body: None
    Response - Headers: {'status': '200', 'content-length': '479', 'content-location': 'http://10.0.2.15:8774/v2.1/e1cda18985b240fe9d563ccc21bf5ae4/os-networks', 'x-compute-request-id': 'req-3d7fb549-b7eb-474a-a1bd-013829a400f6', 'vary': 'X-OpenStack-Nova-API-Version', 'connection': 'close', 'x-openstack-nova-api-version': '2.1', 'date': 'Fri, 25 Dec 2015 17:01:20 GMT', 'content-type': 'application/json'}
        Body: {"networks": [{"cidr_v6": null, "dns2": null, "dns1": null, "gateway": null, "broadcast": null, "netmask": null, "gateway_v6": null, "cidr": null, "label": "tempest-network-smoke--2007322159", "id": "6ff49a14-7fd4-4ddf-a364-a3ec89755a05", "netmask_v6": null}, {"cidr_v6": null, "dns2": null, "dns1": null, "gateway": null, "broadcast": null, "netmask": null, "gateway_v6": null, "cidr": null, "label": "public", "id": "30b98dad-9d6e-44b2-b20b-f96e57176d79", "netmask_v6": null}]}
2015-12-25 17:01:20,721 21326 WARNING  [tempest.common.fixed_network] (TestNetworkAdvancedServerOps:test_server_connectivity_pause_unpause) Network with name: private not found
2015-12-25 17:01:20,721 21326 INFO     [tempest.common.fixed_network] (TestNetworkAdvancedServerOps:test_server_connectivity_pause_unpause) Found network {} available for tenant
2015-12-25 17:01:22,924 21326 INFO     [tempest_lib.common.rest_client] Request (TestNetworkAdvancedServerOps:test_server_connectivity_pause_unpause): 202 POST http://10.0.2.15:8774/v2.1/e1cda18985b240fe9d563ccc21bf5ae4/servers 2.203s
2015-12-25 17:01:22,925 21326 DEBUG    [tempest_lib.common.rest_client] Request - Headers: {'Content-Type': 'application/json', 'Accept': 'application/json', 'X-Auth-Token': '&lt;omitted&gt;'}
        Body: {"server": {"name": "tempest.common.compute-instance-1406045186", "imageRef": "95630701-73f2-46a7-a28d-d8b64750caf1", "key_name": "tempest-TestNetworkAdvancedServerOps-997191012", "flavorRef": "42", "networks": [{"uuid": "6ff49a14-7fd4-4ddf-a364-a3ec89755a05"}], "security_groups": [{"name": "tempest-secgroup-smoke-365822221"}]}}
    Response - Headers: {'status': '202', 'content-length': '461', 'x-compute-request-id': 'req-0f75939c-7b7b-43b4-af4a-e4c2b32047f6', 'vary': 'X-OpenStack-Nova-API-Version', 'connection': 'close', 'location': 'http://10.0.2.15:8774/v2.1/e1cda18985b240fe9d563ccc21bf5ae4/servers/8fc0cfe7-d633-47ac-9dec-dc6734631e1b', 'x-openstack-nova-api-version': '2.1', 'date': 'Fri, 25 Dec 2015 17:01:22 GMT', 'content-type': 'application/json'}
        Body: {"server": {"security_groups": [{"name": "tempest-secgroup-smoke-365822221"}], "OS-DCF:diskConfig": "MANUAL", "id": "8fc0cfe7-d633-47ac-9dec-dc6734631e1b", "links": [{"href": "http://10.0.2.15:8774/v2.1/e1cda18985b240fe9d563ccc21bf5ae4/servers/8fc0cfe7-d633-47ac-9dec-dc6734631e1b", "rel": "self"}, {"href": "http://10.0.2.15:8774/e1cda18985b240fe9d563ccc21bf5ae4/servers/8fc0cfe7-d633-47ac-9dec-dc6734631e1b", "rel": "bookmark"}], "adminPass": "ADV6QxjJG9zq"}}
2015-12-25 17:01:23,108 21326 INFO     [tempest_lib.common.rest_client] Request (TestNetworkAdvancedServerOps:test_server_connectivity_pause_unpause): 200 GET http://10.0.2.15:8774/v2.1/e1cda18985b240fe9d563ccc21bf5ae4/servers/8fc0cfe7-d633-47ac-9dec-dc6734631e1b 0.179s
2015-12-25 17:01:23,108 21326 DEBUG    [tempest_lib.common.rest_client] Request - Headers: {'Content-Type': 'application/json', 'Accept': 'application/json', 'X-Auth-Token': '&lt;omitted&gt;'}
        Body: None
    Response - Headers: {'status': '200', 'content-length': '1364', 'content-location': 'http://10.0.2.15:8774/v2.1/e1cda18985b240fe9d563ccc21bf5ae4/servers/8fc0cfe7-d633-47ac-9dec-dc6734631e1b', 'x-compute-request-id': 'req-ff299343-4dad-499f-b050-4d91290006c4', 'vary': 'X-OpenStack-Nova-API-Version', 'connection': 'close', 'x-openstack-nova-api-version': '2.1', 'date': 'Fri, 25 Dec 2015 17:01:23 GMT', 'content-type': 'application/json'}
        Body: {"server": {"status": "BUILD", "updated": "2015-12-25T17:01:23Z", "hostId": "", "addresses": {}, "links": [{"href": "http://10.0.2.15:8774/v2.1/e1cda18985b240fe9d563ccc21bf5ae4/servers/8fc0cfe7-d633-47ac-9dec-dc6734631e1b", "rel": "self"}, {"href": "http://10.0.2.15:8774/e1cda18985b240fe9d563ccc21bf5ae4/servers/8fc0cfe7-d633-47ac-9dec-dc6734631e1b", "rel": "bookmark"}], "key_name": "tempest-TestNetworkAdvancedServerOps-997191012", "image": {"id": "95630701-73f2-46a7-a28d-d8b64750caf1", "links": [{"href": "http://10.0.2.15:8774/e1cda18985b240fe9d563ccc21bf5ae4/images/95630701-73f2-46a7-a28d-d8b64750caf1", "rel": "bookmark"}]}, "OS-EXT-STS:task_state": "scheduling", "OS-EXT-STS:vm_state": "building", "OS-SRV-USG:launched_at": null, "flavor": {"id": "42", "links": [{"href": "http://10.0.2.15:8774/e1cda18985b240fe9d563ccc21bf5ae4/flavors/42", "rel": "bookmark"}]}, "id": "8fc0cfe7-d633-47ac-9dec-dc6734631e1b", "OS-SRV-USG:terminated_at": null, "OS-EXT-AZ:availability_zone": "", "user_id": "878e4a3730d04370ac8880c75ada3dbd", "name": "tempest.common.compute-instance-1406045186", "created": "2015-12-25T17:01:22Z", "tenant_id": "e1cda18985b240fe9d563ccc21bf5ae4", "OS-DCF:diskConfig": "MANUAL", "os-extended-volumes:volumes_attached": [], "accessIPv4": "", "accessIPv6": "", "progress": 0, "OS-EXT-STS:power_state": 0, "config_drive": "", "metadata": {}}}
2015-12-25 17:01:24,412 21326 INFO     [tempest_lib.common.rest_client] Request (TestNetworkAdvancedServerOps:test_server_connectivity_pause_unpause): 200 GET http://10.0.2.15:8774/v2.1/e1cda18985b240fe9d563ccc21bf5ae4/servers/8fc0cfe7-d633-47ac-9dec-dc6734631e1b 0.292s
2015-12-25 17:01:24,412 21326 DEBUG    [tempest_lib.common.rest_client] Request - Headers: {'Content-Type': 'application/json', 'Accept': 'application/json', 'X-Auth-Token': '&lt;omitted&gt;'}
        Body: None
    Response - Headers: {'status': '200', 'content-length': '1489', 'content-location': 'http://10.0.2.15:8774/v2.1/e1cda18985b240fe9d563ccc21bf5ae4/servers/8fc0cfe7-d633-47ac-9dec-dc6734631e1b', 'x-compute-request-id': 'req-2033260c-97c3-4783-80bb-1fc2cb0573dc', 'vary': 'X-OpenStack-Nova-API-Version', 'connection': 'close', 'x-openstack-nova-api-version': '2.1', 'date': 'Fri, 25 Dec 2015 17:01:24 GMT', 'content-type': 'application/json'}
        Body: {"server": {"status": "BUILD", "updated": "2015-12-25T17:01:23Z", "hostId": "f28845b0191c7a1e0d35eeeb9d24499d9d4060d34ce594ffc73660f7", "addresses": {}, "links": [{"href": "http://10.0.2.15:8774/v2.1/e1cda18985b240fe9d563ccc21bf5ae4/servers/8fc0cfe7-d633-47ac-9dec-dc6734631e1b", "rel": "self"}, {"href": "http://10.0.2.15:8774/e1cda18985b240fe9d563ccc21bf5ae4/servers/8fc0cfe7-d633-47ac-9dec-dc6734631e1b", "rel": "bookmark"}], "key_name": "tempest-TestNetworkAdvancedServerOps-997191012", "image": {"id": "95630701-73f2-46a7-a28d-d8b64750caf1", "links": [{"href": "http://10.0.2.15:8774/e1cda18985b240fe9d563ccc21bf5ae4/images/95630701-73f2-46a7-a28d-d8b64750caf1", "rel": "bookmark"}]}, "OS-EXT-STS:task_state": "spawning", "OS-EXT-STS:vm_state": "building", "OS-SRV-USG:launched_at": null, "flavor": {"id": "42", "links": [{"href": "http://10.0.2.15:8774/e1cda18985b240fe9d563ccc21bf5ae4/flavors/42", "rel": "bookmark"}]}, "id": "8fc0cfe7-d633-47ac-9dec-dc6734631e1b", "security_groups": [{"name": "tempest-secgroup-smoke-365822221"}], "OS-SRV-USG:terminated_at": null, "OS-EXT-AZ:availability_zone": "nova", "user_id": "878e4a3730d04370ac8880c75ada3dbd", "name": "tempest.common.compute-instance-1406045186", "created": "2015-12-25T17:01:22Z", "tenant_id": "e1cda18985b240fe9d563ccc21bf5ae4", "OS-DCF:diskConfig": "MANUAL", "os-extended-volumes:volumes_attached": [], "accessIPv4": "", "accessIPv6": "", "progress": 0, "OS-EXT-STS:power_state": 0, "config_drive": "", "metadata": {}}}
2015-12-25 17:01:24,420 21326 INFO     [tempest.common.waiters] State transition "BUILD/scheduling" ==&gt; "BUILD/spawning" after 1 second wait
2015-12-25 17:01:25,738 21326 INFO     [tempest_lib.common.rest_client] Request (TestNetworkAdvancedServerOps:test_server_connectivity_pause_unpause): 200 GET http://10.0.2.15:8774/v2.1/e1cda18985b240fe9d563ccc21bf5ae4/servers/8fc0cfe7-d633-47ac-9dec-dc6734631e1b 0.316s
2015-12-25 17:01:25,739 21326 DEBUG    [tempest_lib.common.rest_client] Request - Headers: {'Content-Type': 'application/json', 'Accept': 'application/json', 'X-Auth-Token': '&lt;omitted&gt;'}
        Body: None
    Response - Headers: {'status': '200', 'content-length': '1489', 'content-location': 'http://10.0.2.15:8774/v2.1/e1cda18985b240fe9d563ccc21bf5ae4/servers/8fc0cfe7-d633-47ac-9dec-dc6734631e1b', 'x-compute-request-id': 'req-c7ac8c9e-d3e8-4b56-b425-49b5a2fd6934', 'vary': 'X-OpenStack-Nova-API-Version', 'connection': 'close', 'x-openstack-nova-api-version': '2.1', 'date': 'Fri, 25 Dec 2015 17:01:25 GMT', 'content-type': 'application/json'}
        Body: {"server": {"status": "BUILD", "updated": "2015-12-25T17:01:23Z", "hostId": "f28845b0191c7a1e0d35eeeb9d24499d9d4060d34ce594ffc73660f7", "addresses": {}, "links": [{"href": "http://10.0.2.15:8774/v2.1/e1cda18985b240fe9d563ccc21bf5ae4/servers/8fc0cfe7-d633-47ac-9dec-dc6734631e1b", "rel": "self"}, {"href": "http://10.0.2.15:8774/e1cda18985b240fe9d563ccc21bf5ae4/servers/8fc0cfe7-d633-47ac-9dec-dc6734631e1b", "rel": "bookmark"}], "key_name": "tempest-TestNetworkAdvancedServerOps-997191012", "image": {"id": "95630701-73f2-46a7-a28d-d8b64750caf1", "links": [{"href": "http://10.0.2.15:8774/e1cda18985b240fe9d563ccc21bf5ae4/images/95630701-73f2-46a7-a28d-d8b64750caf1", "rel": "bookmark"}]}, "OS-EXT-STS:task_state": "spawning", "OS-EXT-STS:vm_state": "building", "OS-SRV-USG:launched_at": null, "flavor": {"id": "42", "links": [{"href": "http://10.0.2.15:8774/e1cda18985b240fe9d563ccc21bf5ae4/flavors/42", "rel": "bookmark"}]}, "id": "8fc0cfe7-d633-47ac-9dec-dc6734631e1b", "security_groups": [{"name": "tempest-secgroup-smoke-365822221"}], "OS-SRV-USG:terminated_at": null, "OS-EXT-AZ:availability_zone": "nova", "user_id": "878e4a3730d04370ac8880c75ada3dbd", "name": "tempest.common.compute-instance-1406045186", "created": "2015-12-25T17:01:22Z", "tenant_id": "e1cda18985b240fe9d563ccc21bf5ae4", "OS-DCF:diskConfig": "MANUAL", "os-extended-volumes:volumes_attached": [], "accessIPv4": "", "accessIPv6": "", "progress": 0, "OS-EXT-STS:power_state": 0, "config_drive": "", "metadata": {}}}
2015-12-25 17:01:27,131 21326 INFO     [tempest_lib.common.rest_client] Request (TestNetworkAdvancedServerOps:test_server_connectivity_pause_unpause): 200 GET http://10.0.2.15:8774/v2.1/e1cda18985b240fe9d563ccc21bf5ae4/servers/8fc0cfe7-d633-47ac-9dec-dc6734631e1b 0.377s
2015-12-25 17:01:27,131 21326 DEBUG    [tempest_lib.common.rest_client] Request - Headers: {'Content-Type': 'application/json', 'Accept': 'application/json', 'X-Auth-Token': '&lt;omitted&gt;'}
        Body: None
    Response - Headers: {'status': '200', 'content-length': '1661', 'content-location': 'http://10.0.2.15:8774/v2.1/e1cda18985b240fe9d563ccc21bf5ae4/servers/8fc0cfe7-d633-47ac-9dec-dc6734631e1b', 'x-compute-request-id': 'req-841d1ef3-d99e-4906-ac24-3508d43d9889', 'vary': 'X-OpenStack-Nova-API-Version', 'connection': 'close', 'x-openstack-nova-api-version': '2.1', 'date': 'Fri, 25 Dec 2015 17:01:27 GMT', 'content-type': 'application/json'}
        Body: {"server": {"status": "ACTIVE", "updated": "2015-12-25T17:01:26Z", "hostId": "f28845b0191c7a1e0d35eeeb9d24499d9d4060d34ce594ffc73660f7", "addresses": {"tempest-network-smoke--2007322159": [{"OS-EXT-IPS-MAC:mac_addr": "fa:16:3e:64:78:81", "version": 4, "addr": "10.100.0.3", "OS-EXT-IPS:type": "fixed"}]}, "links": [{"href": "http://10.0.2.15:8774/v2.1/e1cda18985b240fe9d563ccc21bf5ae4/servers/8fc0cfe7-d633-47ac-9dec-dc6734631e1b", "rel": "self"}, {"href": "http://10.0.2.15:8774/e1cda18985b240fe9d563ccc21bf5ae4/servers/8fc0cfe7-d633-47ac-9dec-dc6734631e1b", "rel": "bookmark"}], "key_name": "tempest-TestNetworkAdvancedServerOps-997191012", "image": {"id": "95630701-73f2-46a7-a28d-d8b64750caf1", "links": [{"href": "http://10.0.2.15:8774/e1cda18985b240fe9d563ccc21bf5ae4/images/95630701-73f2-46a7-a28d-d8b64750caf1", "rel": "bookmark"}]}, "OS-EXT-STS:task_state": null, "OS-EXT-STS:vm_state": "active", "OS-SRV-USG:launched_at": "2015-12-25T17:01:26.000000", "flavor": {"id": "42", "links": [{"href": "http://10.0.2.15:8774/e1cda18985b240fe9d563ccc21bf5ae4/flavors/42", "rel": "bookmark"}]}, "id": "8fc0cfe7-d633-47ac-9dec-dc6734631e1b", "security_groups": [{"name": "tempest-secgroup-smoke-365822221"}], "OS-SRV-USG:terminated_at": null, "OS-EXT-AZ:availability_zone": "nova", "user_id": "878e4a3730d04370ac8880c75ada3dbd", "name": "tempest.common.compute-instance-1406045186", "created": "2015-12-25T17:01:22Z", "tenant_id": "e1cda18985b240fe9d563ccc21bf5ae4", "OS-DCF:diskConfig": "MANUAL", "os-extended-volumes:volumes_attached": [], "accessIPv4": "", "accessIPv6": "", "progress": 0, "OS-EXT-STS:power_state": 1, "config_drive": "True", "metadata": {}}}
2015-12-25 17:01:27,141 21326 INFO     [tempest.common.waiters] State transition "BUILD/spawning" ==&gt; "ACTIVE/None" after 4 second wait
2015-12-25 17:01:27,350 21326 INFO     [tempest_lib.common.rest_client] Request (TestNetworkAdvancedServerOps:test_server_connectivity_pause_unpause): 200 GET http://10.0.2.15:8774/v2.1/e1cda18985b240fe9d563ccc21bf5ae4/servers/8fc0cfe7-d633-47ac-9dec-dc6734631e1b 0.209s
2015-12-25 17:01:27,351 21326 DEBUG    [tempest_lib.common.rest_client] Request - Headers: {'Content-Type': 'application/json', 'Accept': 'application/json', 'X-Auth-Token': '&lt;omitted&gt;'}
        Body: None
    Response - Headers: {'status': '200', 'content-length': '1661', 'content-location': 'http://10.0.2.15:8774/v2.1/e1cda18985b240fe9d563ccc21bf5ae4/servers/8fc0cfe7-d633-47ac-9dec-dc6734631e1b', 'x-compute-request-id': 'req-4d64ded0-2676-45ca-9b6c-d8e460f102c5', 'vary': 'X-OpenStack-Nova-API-Version', 'connection': 'close', 'x-openstack-nova-api-version': '2.1', 'date': 'Fri, 25 Dec 2015 17:01:27 GMT', 'content-type': 'application/json'}
        Body: {"server": {"status": "ACTIVE", "updated": "2015-12-25T17:01:26Z", "hostId": "f28845b0191c7a1e0d35eeeb9d24499d9d4060d34ce594ffc73660f7", "addresses": {"tempest-network-smoke--2007322159": [{"OS-EXT-IPS-MAC:mac_addr": "fa:16:3e:64:78:81", "version": 4, "addr": "10.100.0.3", "OS-EXT-IPS:type": "fixed"}]}, "links": [{"href": "http://10.0.2.15:8774/v2.1/e1cda18985b240fe9d563ccc21bf5ae4/servers/8fc0cfe7-d633-47ac-9dec-dc6734631e1b", "rel": "self"}, {"href": "http://10.0.2.15:8774/e1cda18985b240fe9d563ccc21bf5ae4/servers/8fc0cfe7-d633-47ac-9dec-dc6734631e1b", "rel": "bookmark"}], "key_name": "tempest-TestNetworkAdvancedServerOps-997191012", "image": {"id": "95630701-73f2-46a7-a28d-d8b64750caf1", "links": [{"href": "http://10.0.2.15:8774/e1cda18985b240fe9d563ccc21bf5ae4/images/95630701-73f2-46a7-a28d-d8b64750caf1", "rel": "bookmark"}]}, "OS-EXT-STS:task_state": null, "OS-EXT-STS:vm_state": "active", "OS-SRV-USG:launched_at": "2015-12-25T17:01:26.000000", "flavor": {"id": "42", "links": [{"href": "http://10.0.2.15:8774/e1cda18985b240fe9d563ccc21bf5ae4/flavors/42", "rel": "bookmark"}]}, "id": "8fc0cfe7-d633-47ac-9dec-dc6734631e1b", "security_groups": [{"name": "tempest-secgroup-smoke-365822221"}], "OS-SRV-USG:terminated_at": null, "OS-EXT-AZ:availability_zone": "nova", "user_id": "878e4a3730d04370ac8880c75ada3dbd", "name": "tempest.common.compute-instance-1406045186", "created": "2015-12-25T17:01:22Z", "tenant_id": "e1cda18985b240fe9d563ccc21bf5ae4", "OS-DCF:diskConfig": "MANUAL", "os-extended-volumes:volumes_attached": [], "accessIPv4": "", "accessIPv6": "", "progress": 0, "OS-EXT-STS:power_state": 1, "config_drive": "True", "metadata": {}}}
2015-12-25 17:01:27,391 21326 INFO     [tempest_lib.common.rest_client] Request (TestNetworkAdvancedServerOps:test_server_connectivity_pause_unpause): 200 GET http://10.0.2.15:9696/v2.0/ports?status=ACTIVE&amp;fixed_ip=None&amp;device_id=8fc0cfe7-d633-47ac-9dec-dc6734631e1b 0.030s
2015-12-25 17:01:27,391 21326 DEBUG    [tempest_lib.common.rest_client] Request - Headers: {'Content-Type': 'application/json', 'Accept': 'application/json', 'X-Auth-Token': '&lt;omitted&gt;'}
        Body: None
    Response - Headers: {'status': '200', 'content-length': '895', 'content-location': 'http://10.0.2.15:9696/v2.0/ports?status=ACTIVE&amp;fixed_ip=None&amp;device_id=8fc0cfe7-d633-47ac-9dec-dc6734631e1b', 'connection': 'close', 'date': 'Fri, 25 Dec 2015 17:01:27 GMT', 'content-type': 'application/json; charset=UTF-8', 'x-openstack-request-id': 'req-44243923-a362-4a51-b039-8256ba57e6ee'}
        Body: {"ports": [{"status": "ACTIVE", "binding:host_id": "vagrant-ubuntu-trusty-64", "allowed_address_pairs": [], "extra_dhcp_opts": [], "dns_assignment": [{"hostname": "host-10-100-0-3", "ip_address": "10.100.0.3", "fqdn": "host-10-100-0-3.openstacklocal."}], "device_owner": "compute:None", "port_security_enabled": true, "binding:profile": {}, "fixed_ips": [{"subnet_id": "f0ea9814-6dbc-4d9c-bc03-28488ce033ec", "ip_address": "10.100.0.3"}], "id": "34a97325-490f-44e5-af93-5759e0d8ddd5", "security_groups": ["6a1586de-c98e-45e6-bd74-e7342beebe72"], "device_id": "8fc0cfe7-d633-47ac-9dec-dc6734631e1b", "name": "", "admin_state_up": true, "network_id": "6ff49a14-7fd4-4ddf-a364-a3ec89755a05", "dns_name": "", "binding:vif_details": {"port_filter": true}, "binding:vnic_type": "normal", "binding:vif_type": "ovs", "tenant_id": "e1cda18985b240fe9d563ccc21bf5ae4", "mac_address": "fa:16:3e:64:78:81"}]}
2015-12-25 17:01:27,937 21326 INFO     [tempest_lib.common.rest_client] Request (TestNetworkAdvancedServerOps:test_server_connectivity_pause_unpause): 201 POST http://10.0.2.15:9696/v2.0/floatingips 0.545s
2015-12-25 17:01:27,938 21326 DEBUG    [tempest_lib.common.rest_client] Request - Headers: {'Content-Type': 'application/json', 'Accept': 'application/json', 'X-Auth-Token': '&lt;omitted&gt;'}
        Body: {"floatingip": {"floating_network_id": "30b98dad-9d6e-44b2-b20b-f96e57176d79", "tenant_id": "e1cda18985b240fe9d563ccc21bf5ae4", "fixed_ip_address": "10.100.0.3", "port_id": "34a97325-490f-44e5-af93-5759e0d8ddd5"}}
    Response - Headers: {'status': '201', 'content-length': '367', 'connection': 'close', 'date': 'Fri, 25 Dec 2015 17:01:27 GMT', 'content-type': 'application/json; charset=UTF-8', 'x-openstack-request-id': 'req-70833316-7602-4df0-bd3f-bc45476fe08f'}
        Body: {"floatingip": {"floating_network_id": "30b98dad-9d6e-44b2-b20b-f96e57176d79", "router_id": "bc548fa0-c557-4c42-a1fa-5a05e2dbbd2e", "fixed_ip_address": "10.100.0.3", "floating_ip_address": "172.24.4.4", "tenant_id": "e1cda18985b240fe9d563ccc21bf5ae4", "status": "DOWN", "port_id": "34a97325-490f-44e5-af93-5759e0d8ddd5", "id": "99b5a287-9d0c-4d67-8ce7-a37ee2630afc"}}
2015-12-25 17:01:28,144 21326 INFO     [tempest_lib.common.rest_client] Request (TestNetworkAdvancedServerOps:test_server_connectivity_pause_unpause): 200 GET http://10.0.2.15:8774/v2.1/e1cda18985b240fe9d563ccc21bf5ae4/servers/8fc0cfe7-d633-47ac-9dec-dc6734631e1b 0.205s
2015-12-25 17:01:28,144 21326 DEBUG    [tempest_lib.common.rest_client] Request - Headers: {'Content-Type': 'application/json', 'Accept': 'application/json', 'X-Auth-Token': '&lt;omitted&gt;'}
        Body: None
    Response - Headers: {'status': '200', 'content-length': '1661', 'content-location': 'http://10.0.2.15:8774/v2.1/e1cda18985b240fe9d563ccc21bf5ae4/servers/8fc0cfe7-d633-47ac-9dec-dc6734631e1b', 'x-compute-request-id': 'req-6ffa6aae-5ba5-46c6-baaa-58eac12801d2', 'vary': 'X-OpenStack-Nova-API-Version', 'connection': 'close', 'x-openstack-nova-api-version': '2.1', 'date': 'Fri, 25 Dec 2015 17:01:28 GMT', 'content-type': 'application/json'}
        Body: {"server": {"status": "ACTIVE", "updated": "2015-12-25T17:01:26Z", "hostId": "f28845b0191c7a1e0d35eeeb9d24499d9d4060d34ce594ffc73660f7", "addresses": {"tempest-network-smoke--2007322159": [{"OS-EXT-IPS-MAC:mac_addr": "fa:16:3e:64:78:81", "version": 4, "addr": "10.100.0.3", "OS-EXT-IPS:type": "fixed"}]}, "links": [{"href": "http://10.0.2.15:8774/v2.1/e1cda18985b240fe9d563ccc21bf5ae4/servers/8fc0cfe7-d633-47ac-9dec-dc6734631e1b", "rel": "self"}, {"href": "http://10.0.2.15:8774/e1cda18985b240fe9d563ccc21bf5ae4/servers/8fc0cfe7-d633-47ac-9dec-dc6734631e1b", "rel": "bookmark"}], "key_name": "tempest-TestNetworkAdvancedServerOps-997191012", "image": {"id": "95630701-73f2-46a7-a28d-d8b64750caf1", "links": [{"href": "http://10.0.2.15:8774/e1cda18985b240fe9d563ccc21bf5ae4/images/95630701-73f2-46a7-a28d-d8b64750caf1", "rel": "bookmark"}]}, "OS-EXT-STS:task_state": null, "OS-EXT-STS:vm_state": "active", "OS-SRV-USG:launched_at": "2015-12-25T17:01:26.000000", "flavor": {"id": "42", "links": [{"href": "http://10.0.2.15:8774/e1cda18985b240fe9d563ccc21bf5ae4/flavors/42", "rel": "bookmark"}]}, "id": "8fc0cfe7-d633-47ac-9dec-dc6734631e1b", "security_groups": [{"name": "tempest-secgroup-smoke-365822221"}], "OS-SRV-USG:terminated_at": null, "OS-EXT-AZ:availability_zone": "nova", "user_id": "878e4a3730d04370ac8880c75ada3dbd", "name": "tempest.common.compute-instance-1406045186", "created": "2015-12-25T17:01:22Z", "tenant_id": "e1cda18985b240fe9d563ccc21bf5ae4", "OS-DCF:diskConfig": "MANUAL", "os-extended-volumes:volumes_attached": [], "accessIPv4": "", "accessIPv6": "", "progress": 0, "OS-EXT-STS:power_state": 1, "config_drive": "True", "metadata": {}}}
2015-12-25 17:01:28,160 21326 INFO     [tempest.scenario.manager] Tenant networks not configured to be reachable.
2015-12-25 17:01:28,174 21326 INFO     [tempest_lib.common.rest_client] Request (TestNetworkAdvancedServerOps:test_server_connectivity_pause_unpause): 200 GET http://10.0.2.15:9696/v2.0/floatingips/99b5a287-9d0c-4d67-8ce7-a37ee2630afc 0.013s
2015-12-25 17:01:28,175 21326 DEBUG    [tempest_lib.common.rest_client] Request - Headers: {'Content-Type': 'application/json', 'Accept': 'application/json', 'X-Auth-Token': '&lt;omitted&gt;'}
        Body: None
    Response - Headers: {'status': '200', 'content-length': '367', 'content-location': 'http://10.0.2.15:9696/v2.0/floatingips/99b5a287-9d0c-4d67-8ce7-a37ee2630afc', 'connection': 'close', 'date': 'Fri, 25 Dec 2015 17:01:28 GMT', 'content-type': 'application/json; charset=UTF-8', 'x-openstack-request-id': 'req-8e967091-4675-48ed-b4e3-e69538b8d4bf'}
        Body: {"floatingip": {"floating_network_id": "30b98dad-9d6e-44b2-b20b-f96e57176d79", "router_id": "bc548fa0-c557-4c42-a1fa-5a05e2dbbd2e", "fixed_ip_address": "10.100.0.3", "floating_ip_address": "172.24.4.4", "tenant_id": "e1cda18985b240fe9d563ccc21bf5ae4", "status": "DOWN", "port_id": "34a97325-490f-44e5-af93-5759e0d8ddd5", "id": "99b5a287-9d0c-4d67-8ce7-a37ee2630afc"}}
2015-12-25 17:01:29,192 21326 INFO     [tempest_lib.common.rest_client] Request (TestNetworkAdvancedServerOps:test_server_connectivity_pause_unpause): 200 GET http://10.0.2.15:9696/v2.0/floatingips/99b5a287-9d0c-4d67-8ce7-a37ee2630afc 0.015s
2015-12-25 17:01:29,192 21326 DEBUG    [tempest_lib.common.rest_client] Request - Headers: {'Content-Type': 'application/json', 'Accept': 'application/json', 'X-Auth-Token': '&lt;omitted&gt;'}
        Body: None
    Response - Headers: {'status': '200', 'content-length': '369', 'content-location': 'http://10.0.2.15:9696/v2.0/floatingips/99b5a287-9d0c-4d67-8ce7-a37ee2630afc', 'connection': 'close', 'date': 'Fri, 25 Dec 2015 17:01:29 GMT', 'content-type': 'application/json; charset=UTF-8', 'x-openstack-request-id': 'req-63970987-ccb2-411a-80c4-298eb3f95858'}
        Body: {"floatingip": {"floating_network_id": "30b98dad-9d6e-44b2-b20b-f96e57176d79", "router_id": "bc548fa0-c557-4c42-a1fa-5a05e2dbbd2e", "fixed_ip_address": "10.100.0.3", "floating_ip_address": "172.24.4.4", "tenant_id": "e1cda18985b240fe9d563ccc21bf5ae4", "status": "ACTIVE", "port_id": "34a97325-490f-44e5-af93-5759e0d8ddd5", "id": "99b5a287-9d0c-4d67-8ce7-a37ee2630afc"}}
2015-12-25 17:01:29,193 21326 INFO     [tempest.scenario.manager] FloatingIP: &lt;"FloatingIP" addr="172.24.4.4" id="99b5a287-9d0c-4d67-8ce7-a37ee2630afc"&gt; is at status: ACTIVE
2015-12-25 17:01:29,193 21326 DEBUG    [tempest.scenario.manager] checking network connections to IP 172.24.4.4 with user: cirros
2015-12-25 17:01:29,193 21326 DEBUG    [tempest.scenario.manager] TestNetworkAdvancedServerOps:test_server_connectivity_pause_unpause begins to ping 172.24.4.4 in 120 sec and the expected result is reachable
2015-12-25 17:03:30,460 21326 DEBUG    [tempest.scenario.manager] TestNetworkAdvancedServerOps:test_server_connectivity_pause_unpause finishes ping 172.24.4.4 in 120 sec and the ping result is unexpected
2015-12-25 17:03:30,461 21326 ERROR    [tempest.scenario.manager] Public network connectivity check failed
2015-12-25 17:03:30.461 21326 ERROR tempest.scenario.manager Traceback (most recent call last):
2015-12-25 17:03:30.461 21326 ERROR tempest.scenario.manager   File "tempest/scenario/manager.py", line 609, in check_public_network_connectivity
2015-12-25 17:03:30.461 21326 ERROR tempest.scenario.manager     should_connect=should_connect)
2015-12-25 17:03:30.461 21326 ERROR tempest.scenario.manager   File "tempest/scenario/manager.py", line 593, in check_vm_connectivity
2015-12-25 17:03:30.461 21326 ERROR tempest.scenario.manager     msg=msg)
2015-12-25 17:03:30.461 21326 ERROR tempest.scenario.manager   File "/usr/local/lib/python2.7/dist-packages/unittest2/case.py", line 702, in assertTrue
2015-12-25 17:03:30.461 21326 ERROR tempest.scenario.manager     raise self.failureException(msg)
2015-12-25 17:03:30.461 21326 ERROR tempest.scenario.manager AssertionError: False is not true : Timed out waiting for 172.24.4.4 to become reachable
2015-12-25 17:03:30.461 21326 ERROR tempest.scenario.manager 
2015-12-25 17:03:30,684 21326 INFO     [tempest_lib.common.rest_client] Request (TestNetworkAdvancedServerOps:test_server_connectivity_pause_unpause): 200 POST http://10.0.2.15:8774/v2.1/e1cda18985b240fe9d563ccc21bf5ae4/servers/8fc0cfe7-d633-47ac-9dec-dc6734631e1b/action 0.220s
2015-12-25 17:03:30,685 21326 DEBUG    [tempest_lib.common.rest_client] Request - Headers: {'Content-Type': 'application/json', 'Accept': 'application/json', 'X-Auth-Token': '&lt;omitted&gt;'}
        Body: {"os-getConsoleOutput": {}}
    Response - Headers: {'status': '200', 'content-length': '17466', 'x-compute-request-id': 'req-43665917-d1b8-4967-aa91-48d6b2b81558', 'vary': 'X-OpenStack-Nova-API-Version', 'connection': 'close', 'x-openstack-nova-api-version': '2.1', 'date': 'Fri, 25 Dec 2015 17:03:30 GMT', 'content-type': 'application/json'}
        Body: {"output": "[    0.000000] Initializing cgroup subsys cpuset\n[    0.000000] Initializing cgroup subsys cpu\n[    0.000000] Linux version 3.2.0-80-virtual (buildd@batsu) (gcc version 4.6.3 (Ubuntu/Linaro 4.6.3-1ubuntu5) ) #116-Ubuntu SMP Mon Mar 23 17:28:52 UTC 2015 (Ubuntu 3.2.0-80.116-virtual 3.2.68)\n[    0.000000] Command line: root=/dev/vda console=tty0 console=ttyS0 no_timer_check\n[    0.000000] KERNEL supported cpus:\n[    0.000000]   Intel GenuineIntel\n[    0.000000]   AMD AuthenticAMD\n[    0.000000]   Centaur CentaurHauls\n[    0.000000] BIOS-provided physical RAM map:\n[    0.000000]  BIOS-e820: 0000000000000000 - 000000000009fc00 (usable)\n[    0.000000]  BIOS-e820: 000000000009fc00 - 00000000000a0000 (reserved)\n[    0.000000]  BIOS-e820: 00000000000f0000 - 0000000000100000 (reserved)\n[    0.000000]  BIOS-e820: 0000000000100000 - 0000000003ffe000 (usable)\n[    0.000000]  BIOS-e820: 0000000003ffe000 - 0000000004000000 (reserved)\n[    0.000000]  BIOS-e820: 00000000fffc0000 - 0000000100000000 (reserved)\n[    0.000000] NX (Execute Disable) protection: active\n[    0.000000] SMBIOS 2.4 present.\n[    0.000000] No AGP bridge found\n[    0.000000] last_pfn = 0x3ffe max_arch_pfn = 0x400000000\n[    0.000000] x86 PAT enabled: cpu 0, old 0x7040600070406, new 0x7010600070106\n[    0.000000] found SMP MP-table at [ffff8800000f0b00] f0b00\n[    0.000000] init_memory_mapping: 0000000000000000-0000000003ffe000\n[    0.000000] RAMDISK: 03c5e000 - 03ff0000\n[    0.000000] ACPI: RSDP 00000000000f0950 00014 (v00 BOCHS )\n[    0.000000] ACPI: RSDT 0000000003fffbc1 00034 (v01 BOCHS  BXPCRSDT 00000001 BXPC 00000001)\n[    0.000000] ACPI: FACP 0000000003fff1c0 00074 (v01 BOCHS  BXPCFACP 00000001 BXPC 00000001)\n[    0.000000] ACPI: DSDT 0000000003ffe040 01180 (v01 BOCHS  BXPCDSDT 00000001 BXPC 00000001)\n[    0.000000] ACPI: FACS 0000000003ffe000 00040\n[    0.000000] ACPI: SSDT 0000000003fff234 008DD (v01 BOCHS  BXPCSSDT 00000001 BXPC 00000001)\n[    0.000000] ACPI: APIC 0000000003fffb11 00078 (v01 BOCHS  BXPCAPIC 00000001 BXPC 00000001)\n[    0.000000] ACPI: HPET 0000000003fffb89 00038 (v01 BOCHS  BXPCHPET 00000001 BXPC 00000001)\n[    0.000000] No NUMA configuration found\n[    0.000000] Faking a node at 0000000000000000-0000000003ffe000\n[    0.000000] Initmem setup node 0 0000000000000000-0000000003ffe000\n[    0.000000]   NODE_DATA [0000000003ff6000 - 0000000003ffafff]\n[    0.000000] Zone PFN ranges:\n[    0.000000]   DMA      0x00000010 -&gt; 0x00001000\n[    0.000000]   DMA32    0x00001000 -&gt; 0x00100000\n[    0.000000]   Normal   empty\n[    0.000000] Movable zone start PFN for each node\n[    0.000000] early_node_map[2] active PFN ranges\n[    0.000000]     0: 0x00000010 -&gt; 0x0000009f\n[    0.000000]     0: 0x00000100 -&gt; 0x00003ffe\n[    0.000000] ACPI: PM-Timer IO Port: 0xb008\n[    0.000000] ACPI: LAPIC (acpi_id[0x00] lapic_id[0x00] enabled)\n[    0.000000] ACPI: LAPIC_NMI (acpi_id[0xff] dfl dfl lint[0x1])\n[    0.000000] ACPI: IOAPIC (id[0x00] address[0xfec00000] gsi_base[0])\n[    0.000000] IOAPIC[0]: apic_id 0, version 17, address 0xfec00000, GSI 0-23\n[    0.000000] ACPI: INT_SRC_OVR (bus 0 bus_irq 0 global_irq 2 dfl dfl)\n[    0.000000] ACPI: INT_SRC_OVR (bus 0 bus_irq 5 global_irq 5 high level)\n[    0.000000] ACPI: INT_SRC_OVR (bus 0 bus_irq 9 global_irq 9 high level)\n[    0.000000] ACPI: INT_SRC_OVR (bus 0 bus_irq 10 global_irq 10 high level)\n[    0.000000] ACPI: INT_SRC_OVR (bus 0 bus_irq 11 global_irq 11 high level)\n[    0.000000] Using ACPI (MADT) for SMP configuration information\n[    0.000000] ACPI: HPET id: 0x8086a201 base: 0xfed00000\n[    0.000000] SMP: Allowing 1 CPUs, 0 hotplug CPUs\n[    0.000000] PM: Registered nosave memory: 000000000009f000 - 00000000000a0000\n[    0.000000] PM: Registered nosave memory: 00000000000a0000 - 00000000000f0000\n[    0.000000] PM: Registered nosave memory: 00000000000f0000 - 0000000000100000\n[    0.000000] Allocating PCI resources starting at 4000000 (gap: 4000000:fbfc0000)\n[    0.000000] Booting paravirtualized kernel on bare hardware\n[    0.000000] setup_pe
2015-12-25 17:03:30,688 21326 DEBUG    [tempest.scenario.manager] Console output for 8fc0cfe7-d633-47ac-9dec-dc6734631e1b
body=
[    0.000000] Initializing cgroup subsys cpuset
[    0.000000] Initializing cgroup subsys cpu
[    0.000000] Linux version 3.2.0-80-virtual (buildd@batsu) (gcc version 4.6.3 (Ubuntu/Linaro 4.6.3-1ubuntu5) ) #116-Ubuntu SMP Mon Mar 23 17:28:52 UTC 2015 (Ubuntu 3.2.0-80.116-virtual 3.2.68)
[    0.000000] Command line: root=/dev/vda console=tty0 console=ttyS0 no_timer_check
[    0.000000] KERNEL supported cpus:
[    0.000000]   Intel GenuineIntel
[    0.000000]   AMD AuthenticAMD
[    0.000000]   Centaur CentaurHauls
[    0.000000] BIOS-provided physical RAM map:
[    0.000000]  BIOS-e820: 0000000000000000 - 000000000009fc00 (usable)
[    0.000000]  BIOS-e820: 000000000009fc00 - 00000000000a0000 (reserved)
[    0.000000]  BIOS-e820: 00000000000f0000 - 0000000000100000 (reserved)
[    0.000000]  BIOS-e820: 0000000000100000 - 0000000003ffe000 (usable)
[    0.000000]  BIOS-e820: 0000000003ffe000 - 0000000004000000 (reserved)
[    0.000000]  BIOS-e820: 00000000fffc0000 - 0000000100000000 (reserved)
[    0.000000] NX (Execute Disable) protection: active
[    0.000000] SMBIOS 2.4 present.
[    0.000000] No AGP bridge found
[    0.000000] last_pfn = 0x3ffe max_arch_pfn = 0x400000000
[    0.000000] x86 PAT enabled: cpu 0, old 0x7040600070406, new 0x7010600070106
[    0.000000] found SMP MP-table at [ffff8800000f0b00] f0b00
[    0.000000] init_memory_mapping: 0000000000000000-0000000003ffe000
[    0.000000] RAMDISK: 03c5e000 - 03ff0000
[    0.000000] ACPI: RSDP 00000000000f0950 00014 (v00 BOCHS )
[    0.000000] ACPI: RSDT 0000000003fffbc1 00034 (v01 BOCHS  BXPCRSDT 00000001 BXPC 00000001)
[    0.000000] ACPI: FACP 0000000003fff1c0 00074 (v01 BOCHS  BXPCFACP 00000001 BXPC 00000001)
[    0.000000] ACPI: DSDT 0000000003ffe040 01180 (v01 BOCHS  BXPCDSDT 00000001 BXPC 00000001)
[    0.000000] ACPI: FACS 0000000003ffe000 00040
[    0.000000] ACPI: SSDT 0000000003fff234 008DD (v01 BOCHS  BXPCSSDT 00000001 BXPC 00000001)
[    0.000000] ACPI: APIC 0000000003fffb11 00078 (v01 BOCHS  BXPCAPIC 00000001 BXPC 00000001)
[    0.000000] ACPI: HPET 0000000003fffb89 00038 (v01 BOCHS  BXPCHPET 00000001 BXPC 00000001)
[    0.000000] No NUMA configuration found
[    0.000000] Faking a node at 0000000000000000-0000000003ffe000
[    0.000000] Initmem setup node 0 0000000000000000-0000000003ffe000
[    0.000000]   NODE_DATA [0000000003ff6000 - 0000000003ffafff]
[    0.000000] Zone PFN ranges:
[    0.000000]   DMA      0x00000010 -&gt; 0x00001000
[    0.000000]   DMA32    0x00001000 -&gt; 0x00100000
[    0.000000]   Normal   empty
[    0.000000] Movable zone start PFN for each node
[    0.000000] early_node_map[2] active PFN ranges
[    0.000000]     0: 0x00000010 -&gt; 0x0000009f
[    0.000000]     0: 0x00000100 -&gt; 0x00003ffe
[    0.000000] ACPI: PM-Timer IO Port: 0xb008
[    0.000000] ACPI: LAPIC (acpi_id[0x00] lapic_id[0x00] enabled)
[    0.000000] ACPI: LAPIC_NMI (acpi_id[0xff] dfl dfl lint[0x1])
[    0.000000] ACPI: IOAPIC (id[0x00] address[0xfec00000] gsi_base[0])
[    0.000000] IOAPIC[0]: apic_id 0, version 17, address 0xfec00000, GSI 0-23
[    0.000000] ACPI: INT_SRC_OVR (bus 0 bus_irq 0 global_irq 2 dfl dfl)
[    0.000000] ACPI: INT_SRC_OVR (bus 0 bus_irq 5 global_irq 5 high level)
[    0.000000] ACPI: INT_SRC_OVR (bus 0 bus_irq 9 global_irq 9 high level)
[    0.000000] ACPI: INT_SRC_OVR (bus 0 bus_irq 10 global_irq 10 high level)
[    0.000000] ACPI: INT_SRC_OVR (bus 0 bus_irq 11 global_irq 11 high level)
[    0.000000] Using ACPI (MADT) for SMP configuration information
[    0.000000] ACPI: HPET id: 0x8086a201 base: 0xfed00000
[    0.000000] SMP: Allowing 1 CPUs, 0 hotplug CPUs
[    0.000000] PM: Registered nosave memory: 000000000009f000 - 00000000000a0000
[    0.000000] PM: Registered nosave memory: 00000000000a0000 - 00000000000f0000
[    0.000000] PM: Registered nosave memory: 00000000000f0000 - 0000000000100000
[    0.000000] Allocating PCI resources starting at 4000000 (gap: 4000000:fbfc0000)
[    0.000000] Booting paravirtualized kernel on bare hardware
[    0.000000] setup_percpu: NR_CPUS:64 nr_cpumask_bits:64 nr_cpu_ids:1 nr_node_ids:1
[    0.000000] PERCPU: Embedded 27 pages/cpu @ffff880003a00000 s78848 r8192 d23552 u2097152
[    0.000000] Built 1 zonelists in Node order, mobility grouping on.  Total pages: 16008
[    0.000000] Policy zone: DMA32
[    0.000000] Kernel command line: root=/dev/vda console=tty0 console=ttyS0 no_timer_check
[    0.000000] PID hash table entries: 256 (order: -1, 2048 bytes)
[    0.000000] Checking aperture...
[    0.000000] No AGP bridge found
[    0.000000] Memory: 43492k/65528k available (6576k kernel code, 452k absent, 21584k reserved, 6620k data, 928k init)
[    0.000000] SLUB: Genslabs=15, HWalign=64, Order=0-3, MinObjects=0, CPUs=1, Nodes=1
[    0.000000] Hierarchical RCU implementation.
[    0.000000] 	RCU dyntick-idle grace-period acceleration is enabled.
[    0.000000] NR_IRQS:4352 nr_irqs:256 16
[    0.000000] Console: colour VGA+ 80x25
[    0.000000] console [tty0] enabled
[    0.000000] console [ttyS0] enabled
[    0.000000] allocated 1048576 bytes of page_cgroup
[    0.000000] please try 'cgroup_disable=memory' option if you don't want memory cgroups
[    0.000000] Fast TSC calibration failed
[    0.000000] TSC: Unable to calibrate against PIT
[    0.000000] TSC: using HPET reference calibration
[    0.000000] Detected 2291.460 MHz processor.
[    0.038302] Calibrating delay loop (skipped), value calculated using timer frequency.. 4582.92 BogoMIPS (lpj=9165840)
[    0.044270] pid_max: default: 32768 minimum: 301
[    0.054096] Security Framework initialized
[    0.060160] AppArmor: AppArmor initialized
[    0.060834] Yama: becoming mindful.
[    0.066539] Dentry cache hash table entries: 8192 (order: 4, 65536 bytes)
[    0.068189] Inode-cache hash table entries: 4096 (order: 3, 32768 bytes)
[    0.073126] Mount-cache hash table entries: 256
[    0.090517] Initializing cgroup subsys cpuacct
[    0.091209] Initializing cgroup subsys memory
[    0.092782] Initializing cgroup subsys devices
[    0.093601] Initializing cgroup subsys freezer
[    0.096143] Initializing cgroup subsys blkio
[    0.096836] Initializing cgroup subsys perf_event
[    0.101355] mce: CPU supports 10 MCE banks
[    0.106015] SMP alternatives: switching to UP code
[    0.534521] Freeing SMP alternatives: 24k freed
[    0.537093] ACPI: Core revision 20110623
[    0.602937] ftrace: allocating 26610 entries in 105 pages
[    0.649260] ..TIMER: vector=0x30 apic1=0 pin1=2 apic2=-1 pin2=-1
[    0.652170] CPU0: AMD QEMU Virtual CPU version 2.0.0 stepping 03
[    0.656040] Performance Events: Broken PMU hardware detected, using software events only.
[    0.665121] NMI watchdog disabled (cpu0): hardware events not enabled
[    0.666597] Brought up 1 CPUs
[    0.666925] Total of 1 processors activated (4582.92 BogoMIPS).
[    0.690891] devtmpfs: initialized
[    0.721318] EVM: security.selinux
[    0.721773] EVM: security.SMACK64
[    0.722200] EVM: security.capability
[    0.744478] print_constraints: dummy: 
[    0.746157] RTC time: 17:01:29, date: 12/25/15
[    0.748753] NET: Registered protocol family 16
[    0.756732] ACPI: bus type pci registered
[    0.760681] PCI: Using configuration type 1 for base access
[    0.792711] bio: create slab &lt;bio-0&gt; at 0
[    0.797534] ACPI: Added _OSI(Module Device)
[    0.798147] ACPI: Added _OSI(Processor Device)
[    0.798764] ACPI: Added _OSI(3.0 _SCP Extensions)
[    0.799322] ACPI: Added _OSI(Processor Aggregator Device)
[    0.876829] ACPI: Interpreter enabled
[    0.877864] ACPI: (supports S0 S3 S4 S5)
[    0.881944] ACPI: Using IOAPIC for interrupt routing
[    0.961353] ACPI: No dock devices found.
[    0.961942] HEST: Table not found.
[    0.962314] PCI: Using host bridge windows from ACPI; if necessary, use "pci=nocrs" and report a bug
[    0.969084] ACPI: PCI Root Bridge [PCI0] (domain 0000 [bus 00-ff])
[    0.974579] pci_root PNP0A03:00: host bridge window [io  0x0000-0x0cf7]
[    0.976121] pci_root PNP0A03:00: host bridge window [io  0x0d00-0xadff]
[    0.977029] pci_root PNP0A03:00: host bridge window [io  0xae0f-0xaeff]
[    0.977812] pci_root PNP0A03:00: host bridge window [io  0xaf20-0xafdf]
[    0.978645] pci_root PNP0A03:00: host bridge window [io  0xafe4-0xffff]
[    0.980177] pci_root PNP0A03:00: host bridge window [mem 0x000a0000-0x000bffff]
[    0.981097] pci_root PNP0A03:00: host bridge window [mem 0x04000000-0xfebfffff]
[    1.005273] pci 0000:00:01.3: quirk: [io  0xb000-0xb03f] claimed by PIIX4 ACPI
[    1.006398] pci 0000:00:01.3: quirk: [io  0xb100-0xb10f] claimed by PIIX4 SMB
[    1.077682]  pci0000:00: Unable to request _OSC control (_OSC support mask: 0x1e)
[    1.136771] ACPI: PCI Interrupt Link [LNKA] (IRQs 5 *10 11)
[    1.138903] ACPI: PCI Interrupt Link [LNKB] (IRQs 5 *10 11)
[    1.141362] ACPI: PCI Interrupt Link [LNKC] (IRQs 5 10 *11)
[    1.142255] ACPI: PCI Interrupt Link [LNKD] (IRQs 5 10 *11)
[    1.144965] ACPI: PCI Interrupt Link [LNKS] (IRQs *9)
[    1.152459] vgaarb: device added: PCI:0000:00:02.0,decodes=io+mem,owns=io+mem,locks=none
[    1.153586] vgaarb: loaded
[    1.154028] vgaarb: bridge control possible 0000:00:02.0
[    1.158265] i2c-core: driver [aat2870] using legacy suspend method
[    1.159006] i2c-core: driver [aat2870] using legacy resume method
[    1.161816] SCSI subsystem initialized
[    1.166086] usbcore: registered new interface driver usbfs
[    1.167256] usbcore: registered new interface driver hub
[    1.168856] usbcore: registered new device driver usb
[    1.173747] PCI: Using ACPI for IRQ routing
[    1.185158] NetLabel: Initializing
[    1.185603] NetLabel:  domain hash size = 128
[    1.186146] NetLabel:  protocols = UNLABELED CIPSOv4
[    1.188254] NetLabel:  unlabeled traffic allowed by default
[    1.190270] HPET: 3 timers in total, 0 timers will be used for per-cpu timer
[    1.191633] hpet0: at MMIO 0xfed00000, IRQs 2, 8, 0
[    1.192506] hpet0: 3 comparators, 64-bit 100.000000 MHz counter
[    1.205723] Switching to clocksource hpet
[    1.443622] AppArmor: AppArmor Filesystem Enabled
[    1.445721] pnp: PnP ACPI init
[    1.447329] ACPI: bus type pnp registered
[    1.467477] pnp: PnP ACPI: found 9 devices
[    1.468029] ACPI: ACPI bus type pnp unregistered
[    1.537894] NET: Registered protocol family 2
[    1.577948] IP route cache hash table entries: 512 (order: 0, 4096 bytes)
[    1.585514] TCP established hash table entries: 2048 (order: 3, 32768 bytes)
[    1.586960] TCP bind hash table entries: 2048 (order: 3, 32768 bytes)
[    1.587850] TCP: Hash tables configured (established 2048 bind 2048)
[    1.590085] TCP reno registered
[    1.590873] UDP hash table entries: 128 (order: 0, 4096 bytes)
[    1.591744] UDP-Lite hash table entries: 128 (order: 0, 4096 bytes)
[    1.594810] NET: Registered protocol family 1
[    1.595599] pci 0000:00:00.0: Limiting direct PCI/PCI transfers
[    1.597044] pci 0000:00:01.0: PIIX3: Enabling Passive Release
[    1.597990] pci 0000:00:01.0: Activating ISA DMA hang workarounds
[    1.603095] ACPI: PCI Interrupt Link [LNKD] enabled at IRQ 11
[    1.604325] pci 0000:00:01.2: PCI INT D -&gt; Link[LNKD] -&gt; GSI 11 (level, high) -&gt; IRQ 11
[    1.607007] pci 0000:00:01.2: PCI INT D disabled
[    1.625638] Trying to unpack rootfs image as initramfs...
[    1.641653] audit: initializing netlink socket (disabled)
[    1.643127] type=2000 audit(1451062889.640:1): initialized
[    1.883921] HugeTLB registered 2 MB page size, pre-allocated 0 pages
[    1.972403] VFS: Disk quotas dquot_6.5.2
[    1.975336] Dquot-cache hash table entries: 512 (order 0, 4096 bytes)
[    1.999305] fuse init (API version 7.17)
[    2.003161] msgmni has been set to 84
[    2.037121] Block layer SCSI generic (bsg) driver version 0.4 loaded (major 253)
[    2.045221] io scheduler noop registered
[    2.045835] io scheduler deadline registered (default)
[    2.047059] io scheduler cfq registered
[    2.050837] pci_hotplug: PCI Hot Plug PCI Core version: 0.5
[    2.053528] pciehp: PCI Express Hot Plug Controller Driver version: 0.4
[    2.059146] input: Power Button as /devices/LNXSYSTM:00/LNXPWRBN:00/input/input0
[    2.061300] ACPI: Power Button [PWRF]
[    2.109512] ERST: Table is not found!
[    2.110040] GHES: HEST is not enabled!
[    2.119382] ACPI: PCI Interrupt Link [LNKC] enabled at IRQ 10
[    2.120067] virtio-pci 0000:00:03.0: PCI INT A -&gt; Link[LNKC] -&gt; GSI 10 (level, high) -&gt; IRQ 10
[    2.123418] virtio-pci 0000:00:04.0: PCI INT A -&gt; Link[LNKD] -&gt; GSI 11 (level, high) -&gt; IRQ 11
[    2.134942] ACPI: PCI Interrupt Link [LNKA] enabled at IRQ 10
[    2.135616] virtio-pci 0000:00:05.0: PCI INT A -&gt; Link[LNKA] -&gt; GSI 10 (level, high) -&gt; IRQ 10
[    2.146746] Serial: 8250/16550 driver, 32 ports, IRQ sharing enabled
[    2.194334] serial8250: ttyS0 at I/O 0x3f8 (irq = 4) is a 16550A
[    2.289071] serial8250: ttyS1 at I/O 0x2f8 (irq = 3) is a 16550A
[    2.417440] 00:05: ttyS0 at I/O 0x3f8 (irq = 4) is a 16550A
[    2.503117] 00:06: ttyS1 at I/O 0x2f8 (irq = 3) is a 16550A
[    2.553843] Linux agpgart interface v0.103
[    2.609730] Refined TSC clocksource calibration: 2291.609 MHz.
[    2.610589] Switching to clocksource tsc
[    2.627509] brd: module loaded
[    2.658970] loop: module loaded
[    2.721822]  vda: unknown partition table
[    2.774449] scsi0 : ata_piix
[    2.786672] scsi1 : ata_piix
[    2.788590] ata1: PATA max MWDMA2 cmd 0x1f0 ctl 0x3f6 bmdma 0xc0a0 irq 14
[    2.789995] ata2: PATA max MWDMA2 cmd 0x170 ctl 0x376 bmdma 0xc0a8 irq 15
[    2.799882] Fixed MDIO Bus: probed
[    2.802151] tun: Universal TUN/TAP device driver, 1.6
[    2.803023] tun: (C) 1999-2004 Max Krasnyansky &lt;maxk@qualcomm.com&gt;
[    2.817522] PPP generic driver version 2.4.2
[    2.838992] ehci_hcd: USB 2.0 'Enhanced' Host Controller (EHCI) Driver
[    2.840030] ohci_hcd: USB 1.1 'Open' Host Controller (OHCI) Driver
[    2.842154] uhci_hcd: USB Universal Host Controller Interface driver
[    2.843456] uhci_hcd 0000:00:01.2: PCI INT D -&gt; Link[LNKD] -&gt; GSI 11 (level, high) -&gt; IRQ 11
[    2.847067] uhci_hcd 0000:00:01.2: UHCI Host Controller
[    2.861954] uhci_hcd 0000:00:01.2: new USB bus registered, assigned bus number 1
[    2.864029] uhci_hcd 0000:00:01.2: irq 11, io base 0x0000c040
[    2.920018] hub 1-0:1.0: USB hub found
[    2.924786] hub 1-0:1.0: 2 ports detected
[    2.932405] usbcore: registered new interface driver libusual
[    2.935998] i8042: PNP: PS/2 Controller [PNP0303:KBD,PNP0f13:MOU] at 0x60,0x64 irq 1,12
[    2.946368] serio: i8042 KBD port at 0x60,0x64 irq 1
[    2.947920] serio: i8042 AUX port at 0x60,0x64 irq 12
[    3.010989] ata2.01: ATAPI: QEMU DVD-ROM, 2.0.0, max UDMA/100
[    3.017007] mousedev: PS/2 mouse device common for all mice
[    3.038791] input: AT Translated Set 2 keyboard as /devices/platform/i8042/serio0/input/input1
[    3.043971] rtc_cmos 00:01: RTC can wake from S4
[    3.058886] rtc_cmos 00:01: rtc core: registered rtc_cmos as rtc0
[    3.061870] rtc0: alarms up to one day, 114 bytes nvram, hpet irqs
[    3.065078] device-mapper: uevent: version 1.0.3
[    3.077342] ata2.01: configured for MWDMA2
[    3.107442] device-mapper: ioctl: 4.22.0-ioctl (2011-10-19) initialised: dm-devel@redhat.com
[    3.115278] cpuidle: using governor ladder
[    3.118707] cpuidle: using governor menu
[    3.119906] EFI Variables Facility v0.08 2004-May-17
[    3.133138] TCP cubic registered
[    3.138581] NET: Registered protocol family 10
[    3.167528] NET: Registered protocol family 17
[    3.168654] Registering the dns_resolver key type
[    3.175806] scsi 1:0:1:0: CD-ROM            QEMU     QEMU DVD-ROM     2.0. PQ: 0 ANSI: 5
[    3.202977] sr0: scsi3-mmc drive: 4x/4x cd/rw xa/form2 tray
[    3.204699] cdrom: Uniform CD-ROM driver Revision: 3.20
[    3.229265] sr 1:0:1:0: Attached scsi generic sg0 type 5
[    3.284086] registered taskstats version 1
[    3.314221] Freeing initrd memory: 3656k freed
[    3.796750]   Magic number: 11:680:37
[    3.806032] bdi 7:2: hash matches
[    3.813695] rtc_cmos 00:01: setting system clock to 2015-12-25 17:01:32 UTC (1451062892)
[    3.817192] powernow-k8: Processor cpuid 663 not supported
[    3.823600] BIOS EDD facility v0.16 2004-Jun-25, 0 devices found
[    3.824970] EDD information not available.
[    3.888103] Freeing unused kernel memory: 928k freed
[    3.894547] Write protecting the kernel read-only data: 12288k
[    4.034979] Freeing unused kernel memory: 1596k freed
[    4.131446] Freeing unused kernel memory: 1184k freed

info: initramfs: up at 4.31
modprobe: module virtio_blk not found in modules.dep
modprobe: module virtio_net not found in modules.dep
info: copying initramfs to /dev/vda
info: initramfs loading root from /dev/vda
info: /etc/init.d/rc.sysinit: up at 8.90
info: container: none
Starting logging: OK
modprobe: module virtio_blk not found in modules.dep
modprobe: module virtio_net not found in modules.dep
WARN: /etc/rc3.d/S10-load-modules failed
Initializing random number generator... done.
Starting acpid: OK
cirros-ds 'local' up at 11.44
found datasource (configdrive, local)
Starting network...
udhcpc (v1.20.1) started
Sending discover...
Sending discover...

2015-12-25 17:03:31,073 21326 INFO     [tempest_lib.common.rest_client] Request (TestNetworkAdvancedServerOps:_run_cleanups): 204 DELETE http://10.0.2.15:9696/v2.0/floatingips/99b5a287-9d0c-4d67-8ce7-a37ee2630afc 0.380s
2015-12-25 17:03:31,073 21326 DEBUG    [tempest_lib.common.rest_client] Request - Headers: {'Content-Type': 'application/json', 'Accept': 'application/json', 'X-Auth-Token': '&lt;omitted&gt;'}
        Body: None
    Response - Headers: {'date': 'Fri, 25 Dec 2015 17:03:31 GMT', 'status': '204', 'connection': 'close', 'content-length': '0', 'x-openstack-request-id': 'req-62924e4e-8c15-46de-81a2-b5514bde0f79'}
        Body: 
2015-12-25 17:03:31,292 21326 INFO     [tempest_lib.common.rest_client] Request (TestNetworkAdvancedServerOps:_run_cleanups): 204 DELETE http://10.0.2.15:8774/v2.1/e1cda18985b240fe9d563ccc21bf5ae4/servers/8fc0cfe7-d633-47ac-9dec-dc6734631e1b 0.218s
2015-12-25 17:03:31,292 21326 DEBUG    [tempest_lib.common.rest_client] Request - Headers: {'Content-Type': 'application/json', 'Accept': 'application/json', 'X-Auth-Token': '&lt;omitted&gt;'}
        Body: None
    Response - Headers: {'status': '204', 'content-length': '0', 'x-compute-request-id': 'req-06aafb3f-5b67-4219-a7ad-f66f24a11656', 'vary': 'X-OpenStack-Nova-API-Version', 'connection': 'close', 'x-openstack-nova-api-version': '2.1', 'date': 'Fri, 25 Dec 2015 17:03:31 GMT', 'content-type': 'application/json'}
        Body: 
2015-12-25 17:03:31,528 21326 INFO     [tempest_lib.common.rest_client] Request (TestNetworkAdvancedServerOps:_run_cleanups): 200 GET http://10.0.2.15:8774/v2.1/e1cda18985b240fe9d563ccc21bf5ae4/servers/8fc0cfe7-d633-47ac-9dec-dc6734631e1b 0.235s
2015-12-25 17:03:31,529 21326 DEBUG    [tempest_lib.common.rest_client] Request - Headers: {'Content-Type': 'application/json', 'Accept': 'application/json', 'X-Auth-Token': '&lt;omitted&gt;'}
        Body: None
    Response - Headers: {'status': '200', 'content-length': '1784', 'content-location': 'http://10.0.2.15:8774/v2.1/e1cda18985b240fe9d563ccc21bf5ae4/servers/8fc0cfe7-d633-47ac-9dec-dc6734631e1b', 'x-compute-request-id': 'req-2adead13-5fa1-40bc-92ab-3dc505c5ae58', 'vary': 'X-OpenStack-Nova-API-Version', 'connection': 'close', 'x-openstack-nova-api-version': '2.1', 'date': 'Fri, 25 Dec 2015 17:03:31 GMT', 'content-type': 'application/json'}
        Body: {"server": {"status": "ACTIVE", "updated": "2015-12-25T17:03:31Z", "hostId": "f28845b0191c7a1e0d35eeeb9d24499d9d4060d34ce594ffc73660f7", "addresses": {"tempest-network-smoke--2007322159": [{"OS-EXT-IPS-MAC:mac_addr": "fa:16:3e:64:78:81", "version": 4, "addr": "10.100.0.3", "OS-EXT-IPS:type": "fixed"}, {"OS-EXT-IPS-MAC:mac_addr": "fa:16:3e:64:78:81", "version": 4, "addr": "172.24.4.4", "OS-EXT-IPS:type": "floating"}]}, "links": [{"href": "http://10.0.2.15:8774/v2.1/e1cda18985b240fe9d563ccc21bf5ae4/servers/8fc0cfe7-d633-47ac-9dec-dc6734631e1b", "rel": "self"}, {"href": "http://10.0.2.15:8774/e1cda18985b240fe9d563ccc21bf5ae4/servers/8fc0cfe7-d633-47ac-9dec-dc6734631e1b", "rel": "bookmark"}], "key_name": "tempest-TestNetworkAdvancedServerOps-997191012", "image": {"id": "95630701-73f2-46a7-a28d-d8b64750caf1", "links": [{"href": "http://10.0.2.15:8774/e1cda18985b240fe9d563ccc21bf5ae4/images/95630701-73f2-46a7-a28d-d8b64750caf1", "rel": "bookmark"}]}, "OS-EXT-STS:task_state": "deleting", "OS-EXT-STS:vm_state": "active", "OS-SRV-USG:launched_at": "2015-12-25T17:01:26.000000", "flavor": {"id": "42", "links": [{"href": "http://10.0.2.15:8774/e1cda18985b240fe9d563ccc21bf5ae4/flavors/42", "rel": "bookmark"}]}, "id": "8fc0cfe7-d633-47ac-9dec-dc6734631e1b", "security_groups": [{"name": "tempest-secgroup-smoke-365822221"}], "OS-SRV-USG:terminated_at": null, "OS-EXT-AZ:availability_zone": "nova", "user_id": "878e4a3730d04370ac8880c75ada3dbd", "name": "tempest.common.compute-instance-1406045186", "created": "2015-12-25T17:01:22Z", "tenant_id": "e1cda18985b240fe9d563ccc21bf5ae4", "OS-DCF:diskConfig": "MANUAL", "os-extended-volumes:volumes_attached": [], "accessIPv4": "", "accessIPv6": "", "progress": 0, "OS-EXT-STS:power_state": 1, "config_drive": "True", "metadata": {}}}
2015-12-25 17:03:32,674 21326 INFO     [tempest_lib.common.rest_client] Request (TestNetworkAdvancedServerOps:_run_cleanups): 200 GET http://10.0.2.15:8774/v2.1/e1cda18985b240fe9d563ccc21bf5ae4/servers/8fc0cfe7-d633-47ac-9dec-dc6734631e1b 0.131s
2015-12-25 17:03:32,675 21326 DEBUG    [tempest_lib.common.rest_client] Request - Headers: {'Content-Type': 'application/json', 'Accept': 'application/json', 'X-Auth-Token': '&lt;omitted&gt;'}
        Body: None
    Response - Headers: {'status': '200', 'content-length': '1717', 'content-location': 'http://10.0.2.15:8774/v2.1/e1cda18985b240fe9d563ccc21bf5ae4/servers/8fc0cfe7-d633-47ac-9dec-dc6734631e1b', 'x-compute-request-id': 'req-11ec670e-62ec-489c-8170-acc0baa96ac6', 'vary': 'X-OpenStack-Nova-API-Version', 'connection': 'close', 'x-openstack-nova-api-version': '2.1', 'date': 'Fri, 25 Dec 2015 17:03:32 GMT', 'content-type': 'application/json'}
        Body: {"server": {"status": "ACTIVE", "updated": "2015-12-25T17:03:32Z", "hostId": "f28845b0191c7a1e0d35eeeb9d24499d9d4060d34ce594ffc73660f7", "addresses": {"tempest-network-smoke--2007322159": [{"OS-EXT-IPS-MAC:mac_addr": "fa:16:3e:64:78:81", "version": 4, "addr": "10.100.0.3", "OS-EXT-IPS:type": "fixed"}, {"OS-EXT-IPS-MAC:mac_addr": "fa:16:3e:64:78:81", "version": 4, "addr": "172.24.4.4", "OS-EXT-IPS:type": "floating"}]}, "links": [{"href": "http://10.0.2.15:8774/v2.1/e1cda18985b240fe9d563ccc21bf5ae4/servers/8fc0cfe7-d633-47ac-9dec-dc6734631e1b", "rel": "self"}, {"href": "http://10.0.2.15:8774/e1cda18985b240fe9d563ccc21bf5ae4/servers/8fc0cfe7-d633-47ac-9dec-dc6734631e1b", "rel": "bookmark"}], "key_name": "tempest-TestNetworkAdvancedServerOps-997191012", "image": {"id": "95630701-73f2-46a7-a28d-d8b64750caf1", "links": [{"href": "http://10.0.2.15:8774/e1cda18985b240fe9d563ccc21bf5ae4/images/95630701-73f2-46a7-a28d-d8b64750caf1", "rel": "bookmark"}]}, "OS-EXT-STS:task_state": "deleting", "OS-EXT-STS:vm_state": "active", "OS-SRV-USG:launched_at": "2015-12-25T17:01:26.000000", "flavor": {"id": "42", "links": [{"href": "http://10.0.2.15:8774/e1cda18985b240fe9d563ccc21bf5ae4/flavors/42", "rel": "bookmark"}]}, "id": "8fc0cfe7-d633-47ac-9dec-dc6734631e1b", "OS-SRV-USG:terminated_at": null, "OS-EXT-AZ:availability_zone": "nova", "user_id": "878e4a3730d04370ac8880c75ada3dbd", "name": "tempest.common.compute-instance-1406045186", "created": "2015-12-25T17:01:22Z", "tenant_id": "e1cda18985b240fe9d563ccc21bf5ae4", "OS-DCF:diskConfig": "MANUAL", "os-extended-volumes:volumes_attached": [], "accessIPv4": "", "accessIPv6": "", "progress": 0, "OS-EXT-STS:power_state": 1, "config_drive": "True", "metadata": {}}}
2015-12-25 17:03:33,768 21326 INFO     [tempest_lib.common.rest_client] Request (TestNetworkAdvancedServerOps:_run_cleanups): 404 GET http://10.0.2.15:8774/v2.1/e1cda18985b240fe9d563ccc21bf5ae4/servers/8fc0cfe7-d633-47ac-9dec-dc6734631e1b 0.080s
2015-12-25 17:03:33,768 21326 DEBUG    [tempest_lib.common.rest_client] Request - Headers: {'Content-Type': 'application/json', 'Accept': 'application/json', 'X-Auth-Token': '&lt;omitted&gt;'}
        Body: None
    Response - Headers: {'status': '404', 'content-length': '111', 'x-compute-request-id': 'req-c34d1a65-8ed4-497f-a56f-5897d63894f2', 'vary': 'X-OpenStack-Nova-API-Version', 'connection': 'close', 'x-openstack-nova-api-version': '2.1', 'date': 'Fri, 25 Dec 2015 17:03:33 GMT', 'content-type': 'application/json; charset=UTF-8'}
        Body: {"itemNotFound": {"message": "Instance 8fc0cfe7-d633-47ac-9dec-dc6734631e1b could not be found.", "code": 404}}
2015-12-25 17:03:34,186 21326 INFO     [tempest_lib.common.rest_client] Request (TestNetworkAdvancedServerOps:_run_cleanups): 200 PUT http://10.0.2.15:9696/v2.0/routers/bc548fa0-c557-4c42-a1fa-5a05e2dbbd2e/remove_router_interface 0.416s
2015-12-25 17:03:34,187 21326 DEBUG    [tempest_lib.common.rest_client] Request - Headers: {'Content-Type': 'application/json', 'Accept': 'application/json', 'X-Auth-Token': '&lt;omitted&gt;'}
        Body: {"subnet_id": "f0ea9814-6dbc-4d9c-bc03-28488ce033ec"}
    Response - Headers: {'status': '200', 'content-length': '255', 'connection': 'close', 'date': 'Fri, 25 Dec 2015 17:03:34 GMT', 'content-type': 'application/json; charset=UTF-8', 'x-openstack-request-id': 'req-4dcb7031-3517-4adf-b016-fd3e874631f9'}
        Body: {"subnet_id": "f0ea9814-6dbc-4d9c-bc03-28488ce033ec", "tenant_id": "e1cda18985b240fe9d563ccc21bf5ae4", "subnet_ids": ["f0ea9814-6dbc-4d9c-bc03-28488ce033ec"], "port_id": "f38ef1a6-9efe-4bf0-aa29-12a2f37782f4", "id": "bc548fa0-c557-4c42-a1fa-5a05e2dbbd2e"}
2015-12-25 17:03:34,674 21326 INFO     [tempest_lib.common.rest_client] Request (TestNetworkAdvancedServerOps:_run_cleanups): 204 DELETE http://10.0.2.15:9696/v2.0/subnets/f0ea9814-6dbc-4d9c-bc03-28488ce033ec 0.486s
2015-12-25 17:03:34,674 21326 DEBUG    [tempest_lib.common.rest_client] Request - Headers: {'Content-Type': 'application/json', 'Accept': 'application/json', 'X-Auth-Token': '&lt;omitted&gt;'}
        Body: None
    Response - Headers: {'date': 'Fri, 25 Dec 2015 17:03:34 GMT', 'status': '204', 'connection': 'close', 'content-length': '0', 'x-openstack-request-id': 'req-452d5ed7-58c8-4ffa-98f4-65f968497474'}
        Body: 
2015-12-25 17:03:34,738 21326 INFO     [tempest_lib.common.rest_client] Request (TestNetworkAdvancedServerOps:_run_cleanups): 200 GET http://10.0.2.15:9696/v2.0/routers/bc548fa0-c557-4c42-a1fa-5a05e2dbbd2e 0.063s
2015-12-25 17:03:34,739 21326 DEBUG    [tempest_lib.common.rest_client] Request - Headers: {'Content-Type': 'application/json', 'Accept': 'application/json', 'X-Auth-Token': '&lt;omitted&gt;'}
        Body: None
    Response - Headers: {'status': '200', 'content-length': '563', 'content-location': 'http://10.0.2.15:9696/v2.0/routers/bc548fa0-c557-4c42-a1fa-5a05e2dbbd2e', 'connection': 'close', 'date': 'Fri, 25 Dec 2015 17:03:34 GMT', 'content-type': 'application/json; charset=UTF-8', 'x-openstack-request-id': 'req-5eeb1a22-3298-47c1-9cf3-e05599b5adbb'}
        Body: {"router": {"status": "ACTIVE", "external_gateway_info": {"network_id": "30b98dad-9d6e-44b2-b20b-f96e57176d79", "enable_snat": true, "external_fixed_ips": [{"subnet_id": "511ee1bb-290c-45d7-97db-40d444b8f356", "ip_address": "172.24.4.3"}, {"subnet_id": "79725652-c483-4774-a7ce-cdba000acbe1", "ip_address": "2001:db8::3"}]}, "availability_zone_hints": [], "availability_zones": ["nova"], "name": "tempest-router-smoke-161553904", "admin_state_up": true, "tenant_id": "e1cda18985b240fe9d563ccc21bf5ae4", "routes": [], "id": "bc548fa0-c557-4c42-a1fa-5a05e2dbbd2e"}}
2015-12-25 17:03:35,169 21326 INFO     [tempest_lib.common.rest_client] Request (TestNetworkAdvancedServerOps:_run_cleanups): 200 PUT http://10.0.2.15:9696/v2.0/routers/bc548fa0-c557-4c42-a1fa-5a05e2dbbd2e 0.429s
2015-12-25 17:03:35,170 21326 DEBUG    [tempest_lib.common.rest_client] Request - Headers: {'Content-Type': 'application/json', 'Accept': 'application/json', 'X-Auth-Token': '&lt;omitted&gt;'}
        Body: {"router": {"external_gateway_info": {}, "name": "tempest-router-smoke-161553904", "admin_state_up": true}}
    Response - Headers: {'status': '200', 'content-length': '301', 'connection': 'close', 'date': 'Fri, 25 Dec 2015 17:03:35 GMT', 'content-type': 'application/json; charset=UTF-8', 'x-openstack-request-id': 'req-f00b879d-9678-42b4-9bde-30eeb65cb222'}
        Body: {"router": {"status": "ACTIVE", "external_gateway_info": null, "availability_zone_hints": [], "availability_zones": ["nova"], "name": "tempest-router-smoke-161553904", "admin_state_up": true, "tenant_id": "e1cda18985b240fe9d563ccc21bf5ae4", "routes": [], "id": "bc548fa0-c557-4c42-a1fa-5a05e2dbbd2e"}}
2015-12-25 17:03:35,426 21326 INFO     [tempest_lib.common.rest_client] Request (TestNetworkAdvancedServerOps:_run_cleanups): 204 DELETE http://10.0.2.15:9696/v2.0/routers/bc548fa0-c557-4c42-a1fa-5a05e2dbbd2e 0.255s
2015-12-25 17:03:35,426 21326 DEBUG    [tempest_lib.common.rest_client] Request - Headers: {'Content-Type': 'application/json', 'Accept': 'application/json', 'X-Auth-Token': '&lt;omitted&gt;'}
        Body: None
    Response - Headers: {'date': 'Fri, 25 Dec 2015 17:03:35 GMT', 'status': '204', 'connection': 'close', 'content-length': '0', 'x-openstack-request-id': 'req-bda4b2c2-7249-4a7c-9c19-76ebd2a8a39d'}
        Body: 
2015-12-25 17:03:35,650 21326 INFO     [tempest_lib.common.rest_client] Request (TestNetworkAdvancedServerOps:_run_cleanups): 204 DELETE http://10.0.2.15:9696/v2.0/networks/6ff49a14-7fd4-4ddf-a364-a3ec89755a05 0.222s
2015-12-25 17:03:35,651 21326 DEBUG    [tempest_lib.common.rest_client] Request - Headers: {'Content-Type': 'application/json', 'Accept': 'application/json', 'X-Auth-Token': '&lt;omitted&gt;'}
        Body: None
    Response - Headers: {'date': 'Fri, 25 Dec 2015 17:03:35 GMT', 'status': '204', 'connection': 'close', 'content-length': '0', 'x-openstack-request-id': 'req-b6c55c1a-36ef-4f00-a8dc-b71ada6b5d23'}
        Body: 
2015-12-25 17:03:35,713 21326 INFO     [tempest_lib.common.rest_client] Request (TestNetworkAdvancedServerOps:_run_cleanups): 204 DELETE http://10.0.2.15:9696/v2.0/security-group-rules/8f279f8d-502a-469d-b9b7-6db4eea2e221 0.061s
2015-12-25 17:03:35,713 21326 DEBUG    [tempest_lib.common.rest_client] Request - Headers: {'Content-Type': 'application/json', 'Accept': 'application/json', 'X-Auth-Token': '&lt;omitted&gt;'}
        Body: None
    Response - Headers: {'date': 'Fri, 25 Dec 2015 17:03:35 GMT', 'status': '204', 'connection': 'close', 'content-length': '0', 'x-openstack-request-id': 'req-87862b27-b7e1-4672-b6f6-45cdd99eba0d'}
        Body: 
2015-12-25 17:03:35,774 21326 INFO     [tempest_lib.common.rest_client] Request (TestNetworkAdvancedServerOps:_run_cleanups): 204 DELETE http://10.0.2.15:9696/v2.0/security-group-rules/f458018d-a873-48dc-bbd5-15f784edc211 0.059s
2015-12-25 17:03:35,775 21326 DEBUG    [tempest_lib.common.rest_client] Request - Headers: {'Content-Type': 'application/json', 'Accept': 'application/json', 'X-Auth-Token': '&lt;omitted&gt;'}
        Body: None
    Response - Headers: {'date': 'Fri, 25 Dec 2015 17:03:35 GMT', 'status': '204', 'connection': 'close', 'content-length': '0', 'x-openstack-request-id': 'req-f8e677fa-f9fd-41af-95a8-8a54ad43a518'}
        Body: 
2015-12-25 17:03:35,840 21326 INFO     [tempest_lib.common.rest_client] Request (TestNetworkAdvancedServerOps:_run_cleanups): 204 DELETE http://10.0.2.15:9696/v2.0/security-group-rules/e13d7a45-5821-479f-a6dd-a309a256199a 0.064s
2015-12-25 17:03:35,841 21326 DEBUG    [tempest_lib.common.rest_client] Request - Headers: {'Content-Type': 'application/json', 'Accept': 'application/json', 'X-Auth-Token': '&lt;omitted&gt;'}
        Body: None
    Response - Headers: {'date': 'Fri, 25 Dec 2015 17:03:35 GMT', 'status': '204', 'connection': 'close', 'content-length': '0', 'x-openstack-request-id': 'req-80e46e62-ec15-4bae-afc0-c9ca62b7e287'}
        Body: 
2015-12-25 17:03:35,938 21326 INFO     [tempest_lib.common.rest_client] Request (TestNetworkAdvancedServerOps:_run_cleanups): 204 DELETE http://10.0.2.15:9696/v2.0/security-group-rules/2468179a-0cc3-4929-aab9-808d0ebb4d43 0.096s
2015-12-25 17:03:35,938 21326 DEBUG    [tempest_lib.common.rest_client] Request - Headers: {'Content-Type': 'application/json', 'Accept': 'application/json', 'X-Auth-Token': '&lt;omitted&gt;'}
        Body: None
    Response - Headers: {'date': 'Fri, 25 Dec 2015 17:03:35 GMT', 'status': '204', 'connection': 'close', 'content-length': '0', 'x-openstack-request-id': 'req-919080af-dcd1-4ab1-8d3b-04416d0f39eb'}
        Body: 
2015-12-25 17:03:35,988 21326 INFO     [tempest_lib.common.rest_client] Request (TestNetworkAdvancedServerOps:_run_cleanups): 204 DELETE http://10.0.2.15:9696/v2.0/security-group-rules/aa39f6fa-6f7c-4bca-86ea-8d7c63df0743 0.048s
2015-12-25 17:03:35,988 21326 DEBUG    [tempest_lib.common.rest_client] Request - Headers: {'Content-Type': 'application/json', 'Accept': 'application/json', 'X-Auth-Token': '&lt;omitted&gt;'}
        Body: None
    Response - Headers: {'date': 'Fri, 25 Dec 2015 17:03:35 GMT', 'status': '204', 'connection': 'close', 'content-length': '0', 'x-openstack-request-id': 'req-c24a2b27-78a3-411b-9017-d4e2550091d0'}
        Body: 
2015-12-25 17:03:36,048 21326 INFO     [tempest_lib.common.rest_client] Request (TestNetworkAdvancedServerOps:_run_cleanups): 204 DELETE http://10.0.2.15:9696/v2.0/security-group-rules/107a3782-6d0a-4afb-a36d-b5110984b7a2 0.059s
2015-12-25 17:03:36,049 21326 DEBUG    [tempest_lib.common.rest_client] Request - Headers: {'Content-Type': 'application/json', 'Accept': 'application/json', 'X-Auth-Token': '&lt;omitted&gt;'}
        Body: None
    Response - Headers: {'date': 'Fri, 25 Dec 2015 17:03:36 GMT', 'status': '204', 'connection': 'close', 'content-length': '0', 'x-openstack-request-id': 'req-bfab01b2-0ed7-4331-be2d-98594caf1edb'}
        Body: 
2015-12-25 17:03:36,147 21326 INFO     [tempest_lib.common.rest_client] Request (TestNetworkAdvancedServerOps:_run_cleanups): 204 DELETE http://10.0.2.15:9696/v2.0/security-groups/6a1586de-c98e-45e6-bd74-e7342beebe72 0.097s
2015-12-25 17:03:36,149 21326 DEBUG    [tempest_lib.common.rest_client] Request - Headers: {'Content-Type': 'application/json', 'Accept': 'application/json', 'X-Auth-Token': '&lt;omitted&gt;'}
        Body: None
    Response - Headers: {'date': 'Fri, 25 Dec 2015 17:03:36 GMT', 'status': '204', 'connection': 'close', 'content-length': '0', 'x-openstack-request-id': 'req-f0b3f7cc-2c32-414a-93b0-71c8627d5da4'}
        Body: 
2015-12-25 17:03:36,168 21326 INFO     [tempest_lib.common.rest_client] Request (TestNetworkAdvancedServerOps:_run_cleanups): 202 DELETE http://10.0.2.15:8774/v2.1/e1cda18985b240fe9d563ccc21bf5ae4/os-keypairs/tempest-TestNetworkAdvancedServerOps-997191012 0.018s
2015-12-25 17:03:36,168 21326 DEBUG    [tempest_lib.common.rest_client] Request - Headers: {'Content-Type': 'application/json', 'Accept': 'application/json', 'X-Auth-Token': '&lt;omitted&gt;'}
        Body: None
    Response - Headers: {'status': '202', 'content-length': '0', 'x-compute-request-id': 'req-294647dc-3867-40df-85f0-02abada7ef5b', 'vary': 'X-OpenStack-Nova-API-Version', 'connection': 'close', 'x-openstack-nova-api-version': '2.1', 'date': 'Fri, 25 Dec 2015 17:03:36 GMT', 'content-type': 'application/json'}
        Body: 
2015-12-25 17:03:36,250 21326 INFO     [tempest_lib.common.rest_client] Request (TestNetworkAdvancedServerOps:_run_cleanups): 404 GET http://10.0.2.15:8774/v2.1/e1cda18985b240fe9d563ccc21bf5ae4/servers/8fc0cfe7-d633-47ac-9dec-dc6734631e1b 0.080s
2015-12-25 17:03:36,251 21326 DEBUG    [tempest_lib.common.rest_client] Request - Headers: {'Content-Type': 'application/json', 'Accept': 'application/json', 'X-Auth-Token': '&lt;omitted&gt;'}
        Body: None
    Response - Headers: {'status': '404', 'content-length': '111', 'x-compute-request-id': 'req-564218be-745c-4180-8962-8d81b1cfc055', 'vary': 'X-OpenStack-Nova-API-Version', 'connection': 'close', 'x-openstack-nova-api-version': '2.1', 'date': 'Fri, 25 Dec 2015 17:03:36 GMT', 'content-type': 'application/json; charset=UTF-8'}
        Body: {"itemNotFound": {"message": "Instance 8fc0cfe7-d633-47ac-9dec-dc6734631e1b could not be found.", "code": 404}}
}}}

Traceback (most recent call last):
  File "tempest/test.py", line 113, in wrapper
    return f(self, *func_args, **func_kwargs)
  File "tempest/scenario/test_network_advanced_server_ops.py", line 134, in test_server_connectivity_pause_unpause
    server, keypair, floating_ip = self._setup_network_and_servers()
  File "tempest/scenario/test_network_advanced_server_ops.py", line 71, in _setup_network_and_servers
    server, keypair, floating_ip)
  File "tempest/scenario/test_network_advanced_server_ops.py", line 95, in _wait_server_status_and_check_network_connectivity
    self._check_network_connectivity(server, keypair, floating_ip)
  File "tempest/scenario/test_network_advanced_server_ops.py", line 88, in _check_network_connectivity
    servers=[server])
  File "tempest/scenario/manager.py", line 609, in check_public_network_connectivity
    should_connect=should_connect)
  File "tempest/scenario/manager.py", line 593, in check_vm_connectivity
    msg=msg)
  File "/usr/local/lib/python2.7/dist-packages/unittest2/case.py", line 702, in assertTrue
    raise self.failureException(msg)
AssertionError: False is not true : Timed out waiting for 172.24.4.4 to become reachable



        </pre>
    </div>
    <!--css div popup end-->

    </td>
</tr>

<tr id='ft1.2' class='none'>
    <td class='failCase'><div class='testcase'>test_server_connectivity_reboot[compute,id-7b6860c2-afa3-4846-9522-adeb38dfbe08,network]</div></td>
    <td colspan='7' align='left'>

    <!--css div popup start-->
    <a class="popup_link" onfocus='this.blur();'
    href="javascript:showTestDetail('div_ft1.2')" >
        fail</a>

    <div id='div_ft1.2' class="popup_window">
        <div style='text-align: right; color:red;cursor:pointer'>
        <a onfocus='this.blur();'
onclick="document.getElementById('div_ft1.2').style.display = 'none' " >
