<?xml version="1.0" encoding="UTF-8"?>
<!DOCTYPE html PUBLIC "-//W3C//DTD XHTML 1.0 Strict//EN"
     "http://www.w3.org/TR/xhtml1/DTD/xhtml1-strict.dtd">
<html xmlns="http://www.w3.org/1999/xhtml">
<head>
    <title>Unit Test Report</title>
    <meta name="generator" content="subunit2html 0.1"/>
    <meta http-equiv="Content-Type" content="text/html; charset=UTF-8"/>
    
<style type="text/css" media="screen">
body        { font-family: verdana, arial, helvetica, sans-serif;
    font-size: 80%; }
table       { font-size: 100%; width: 100%;}
pre         { font-size: 80%; }

/* -- heading -------------------------------------------------------------- */
h1 {
        font-size: 16pt;
        color: gray;
}
.heading {
    margin-top: 0ex;
    margin-bottom: 1ex;
}

.heading .attribute {
    margin-top: 1ex;
    margin-bottom: 0;
}

.heading .description {
    margin-top: 4ex;
    margin-bottom: 6ex;
}

/* -- css div popup -------------------------------------------------------- */
a.popup_link {
}

a.popup_link:hover {
    color: red;
}

.popup_window {
    display: none;
    overflow-x: scroll;
    /*border: solid #627173 1px; */
    padding: 10px;
    background-color: #E6E6D6;
    font-family: "Ubuntu Mono", "Lucida Console", "Courier New", monospace;
    text-align: left;
    font-size: 8pt;
}

}
/* -- report --------------------------------------------------------------- */
#show_detail_line {
    margin-top: 3ex;
    margin-bottom: 1ex;
}
#result_table {
    width: 100%;
    border-collapse: collapse;
    border: 1px solid #777;
}
#header_row {
    font-weight: bold;
    color: white;
    background-color: #777;
}
#result_table td {
    border: 1px solid #777;
    padding: 2px;
}
#total_row  { font-weight: bold; }
.passClass  { background-color: #6c6; }
.failClass  { background-color: #c60; }
.errorClass { background-color: #c00; }
.passCase   { color: #6c6; }
.failCase   { color: #c60; font-weight: bold; }
.errorCase  { color: #c00; font-weight: bold; }
.hiddenRow  { display: none; }
.testcase   { margin-left: 2em; }
td.testname {width: 40%}
td.small {width: 40px}

/* -- ending --------------------------------------------------------------- */
#ending {
}

</style>

</head>
<body>
<script language="javascript" type="text/javascript"><!--
output_list = Array();

/* level - 0:Summary; 1:Failed; 2:All */
function showCase(level) {
    trs = document.getElementsByTagName("tr");
    for (var i = 0; i < trs.length; i++) {
        tr = trs[i];
        id = tr.id;
        if (id.substr(0,2) == 'ft') {
            if (level < 1) {
                tr.className = 'hiddenRow';
            }
            else {
                tr.className = '';
            }
        }
        if (id.substr(0,2) == 'pt') {
            if (level > 1) {
                tr.className = '';
            }
            else {
                tr.className = 'hiddenRow';
            }
        }
    }
}


function showClassDetail(cid, count) {
    var id_list = Array(count);
    var toHide = 1;
    for (var i = 0; i < count; i++) {
        tid0 = 't' + cid.substr(1) + '.' + (i+1);
        tid = 'f' + tid0;
        tr = document.getElementById(tid);
        if (!tr) {
            tid = 'p' + tid0;
            tr = document.getElementById(tid);
        }
        id_list[i] = tid;
        if (tr.className) {
            toHide = 0;
        }
    }
    for (var i = 0; i < count; i++) {
        tid = id_list[i];
        if (toHide) {
            document.getElementById('div_'+tid).style.display = 'none'
            document.getElementById(tid).className = 'hiddenRow';
        }
        else {
            document.getElementById(tid).className = '';
        }
    }
}


function showTestDetail(div_id){
    var details_div = document.getElementById(div_id)
    var displayState = details_div.style.display
    // alert(displayState)
    if (displayState != 'block' ) {
        displayState = 'block'
        details_div.style.display = 'block'
    }
    else {
        details_div.style.display = 'none'
    }
}


function html_escape(s) {
    s = s.replace(/&/g,'&amp;');
    s = s.replace(/</g,'&lt;');
    s = s.replace(/>/g,'&gt;');
    return s;
}

/* obsoleted by detail in <div>
function showOutput(id, name) {
    var w = window.open("", //url
                    name,
                    "resizable,scrollbars,status,width=800,height=450");
    d = w.document;
    d.write("<pre>");
    d.write(html_escape(output_list[id]));
    d.write("\n");
    d.write("<a href='javascript:window.close()'>close</a>\n");
    d.write("</pre>\n");
    d.close();
}
*/
--></script>

<div class='heading'>
<h1>Unit Test Report</h1>

<p class='attribute'><strong>Status:</strong> Failure 6</p>

<p class='description'></p>
</div>



<p id='show_detail_line'>Show
<a href='javascript:showCase(0)'>Summary</a>
<a href='javascript:showCase(1)'>Failed</a>
<a href='javascript:showCase(2)'>All</a>
</p>
<table id='result_table'>
<colgroup>
<col align='left' />
<col align='right' />
<col align='right' />
<col align='right' />
<col align='right' />
<col align='right' />
<col align='right' />
<col align='right' />
</colgroup>
<tr id='header_row'>
    <td>Test Group/Test case</td>
    <td>Count</td>
    <td>Pass</td>
    <td>Fail</td>
    <td>Error</td>
    <td>Skip</td>
    <td>View</td>
    <td> </td>
</tr>

<tr class='failClass'>
    <td class="testname">tempest.scenario.test_network_advanced_server_ops.TestNetworkAdvancedServerOps</td>
    <td class="small">6</td>
    <td class="small">0</td>
    <td class="small">6</td>
    <td class="small">0</td>
    <td class="small">0</td>
    <td class="small"><a href="javascript:showClassDetail('c1',6)"
>Detail</a></td>
    <td> </td>
</tr>

<tr id='ft1.1' class='none'>
    <td class='failCase'><div class='testcase'>test_server_connectivity_pause_unpause[compute,id-2b2642db-6568-4b35-b812-eceed3fa20ce,network]</div></td>
    <td colspan='7' align='left'>

    <!--css div popup start-->
    <a class="popup_link" onfocus='this.blur();'
    href="javascript:showTestDetail('div_ft1.1')" >
        fail</a>

    <div id='div_ft1.1' class="popup_window">
        <div style='text-align: right; color:red;cursor:pointer'>
        <a onfocus='this.blur();'
onclick="document.getElementById('div_ft1.1').style.display = 'none' " >
           [x]</a>
        </div>
        <pre>
        
ft1.1: tempest.scenario.test_network_advanced_server_ops.TestNetworkAdvancedServerOps.test_server_connectivity_pause_unpause[compute,id-2b2642db-6568-4b35-b812-eceed3fa20ce,network]_StringException: Empty attachments:
  stderr
  stdout

pythonlogging:'': {{{
2015-12-25 23:08:26,513 21512 INFO     [tempest_lib.common.rest_client] Request (TestNetworkAdvancedServerOps:test_server_connectivity_pause_unpause): 200 POST http://10.0.2.15:8774/v2.1/2689c130a02c4b17a7f22e340f8956f0/os-keypairs 0.477s
2015-12-25 23:08:26,514 21512 DEBUG    [tempest_lib.common.rest_client] Request - Headers: {'Content-Type': 'application/json', 'Accept': 'application/json', 'X-Auth-Token': '&lt;omitted&gt;'}
        Body: {"keypair": {"name": "tempest-TestNetworkAdvancedServerOps-1695848808"}}
    Response - Headers: {'status': '200', 'content-length': '2334', 'x-compute-request-id': 'req-1167a6d0-bf0a-4a28-aade-1ce6d279be1c', 'vary': 'X-OpenStack-Nova-API-Version', 'connection': 'close', 'x-openstack-nova-api-version': '2.1', 'date': 'Fri, 25 Dec 2015 23:08:26 GMT', 'content-type': 'application/json'}
        Body: {"keypair": {"public_key": "ssh-rsa AAAAB3NzaC1yc2EAAAADAQABAAABAQC+cQinjktIwXMlItyysCmTduQ0ejCU4c2kbUXyAlhVEbU8wIuRI4vTonOHQZhGXo138oHCXIAbZmb1OmmXQd8Yp3deCL2i4M855xzLRru6Qvj6ZzcWrFT+9uTnUlwvUF1TE2K3zRO4pposjmfruqts9TbuAMG/9/Xb22+vkHcGMOgn2MNmGpsHpLNsaGz3hTX766bVAJMSYbf6J7uoheIz7ml9x5I9deM/BeFImZcyb6jrfguOK75knhrUR3EeeYd92zEIUsmT2fIopas57ztoVwly6tNj6qqZp+5QcQt2JxaQ8wmLlvN4jkUN253SlvZ3pskE+lBgKujfQxlM7P05 Generated-by-Nova", "private_key": "-----BEGIN RSA PRIVATE KEY-----\nMIIEqwIBAAKCAQEAvnEIp45LSMFzJSLcsrApk3bkNHowlOHNpG1F8gJYVRG1PMCL\nkSOL06Jzh0GYRl6Nd/KBwlyAG2Zm9Tppl0HfGKd3Xgi9ouDPOeccy0a7ukL4+mc3\nFqxU/vbk51JcL1BdUxNit80TuKaaLI5n67qrbPU27gDBv/f129tvr5B3BjDoJ9jD\nZhqbB6SzbGhs94U1++um1QCTEmG3+ie7qIXiM+5pfceSPXXjPwXhSJmXMm+o634L\njiu+ZJ4a1EdxHnmHfdsxCFLJk9nyKKWrOe87aFcJcurTY+qqmafuUHELdicWkPMJ\ni5bzeI5FDdud0pb2d6bJBPpQYCro30MZTOz9OQIDAQABAoIBAQCDbeToJibEvmUl\n8upXE4aN89ZIdS+EAFX4rUVBYObvRrpKhCON9fcxBoMujFF39xcw+ZcduNLclg5m\nHXrz3Y0HKcQSjHu7peS99EcF7vnt8Px9a7A0IJjEIUYWctuV96OAivdtG8YJgEkU\niO8lW32lQ5I2LSWJw6nUoptwkYXjKbffLUI55XLc7hobzmVpVZ59xpIVH6r34AY6\n8KXC2Hm2iZ8eWd3b2pebc0bYzvxXOTduU4DqVOasaVDwM3O0TOxykW6GdqpA4z/2\n1bzeHwYUpqpzSgNJnBBZMd7wQi4Pq3XQnk5+lMk8DzsFyQp9N7CMYOMMlI8dijiw\nkSuDEeGBAoIAgQDAkqPwIQm5wRa/zgyA43fmRZjmxoODF5SkrHd/uljuP4LTzvvG\nSLA15QAuxVgbDVtDQIZ1azfsSfddifSf6HOAcEffbSJ+cZZcGRcpm9At35IhQcN9\nLnxbFlbqhm9w98Itq7FjPiq51L1j4NRFn+InSrN9hk7o3oqHQrczhvBqSQKCAIEA\n/SqwPy8hGPUWzn6ev+Q9t6hNiE0C4KzfgQkmsKfQURu+oDGYVvVF+6cs79+LYGL4\nNMo49Ybh3Houq4gePE6RWhs4/Stt3wR196mtQ9Dkk89v0A1PtmjfmPIIOyNpjJUD\nvBKnwcV+hQQhh5lrQTpdBc5sqteKb6DFo+0fznPVe3ECggCBAJ/Q0vb1JDIhmfSi\nVuQcYyQavFNBimEgD78+VooNJ8LJuJR5oZ+kMYD4xNcL9hu1UPkWMsB9s9KIbB8X\n34laC4kbJbq5wre3IrbaJ8vjQLjhY0/wWQGps5CQkJ9f5FqXc3IdnEClliXU9TxP\nmTsS/kfnieBxt0kxbzvj1VCQ+zLpAoIAgQDkRR1tmz0ol7Tcs+bH9zB+7M4b2/SA\nSN+uJWYxWt7Gg1G6d314yuczJWWrU9EEM7jBQKVjHR+CANkb6Tv5/I2qxWj5PbNv\np0IG8YM85plzfVLAMYByZNVXvsQVLrT5AVPAvMFuQnj1zue8sGS5B7rghWQOFxLH\n3BrY1/IZ4O/YwQKCAIEAiEFnINtnVJE8hRBX/RHmOv7GqfdNDadIaHjsQAr5gzjD\ngbPEXKAY7mzCWsqBegc3VEqwZhmWfxqtp6OaFME4CtOsPuHf6SGi0z0aFm+75Ai9\niluLS/RU3CTPuKKYeTdXAHW9/l64EzpGN200lrmlZQqIrJ49AwA6f6+G3JVxy+0=\n-----END RSA PRIVATE KEY-----\n", "user_id": "17b2a6f1fb0d4173848a85c615a64ee8", "name": "tempest-TestNetworkAdvancedServerOps-1695848808", "fingerprint": "cc:34:68:60:de:68:78:87:78:f2:e7:27:f9:16:cd:89"}}
2015-12-25 23:08:26,890 21512 INFO     [tempest_lib.common.rest_client] Request (TestNetworkAdvancedServerOps:test_server_connectivity_pause_unpause): 201 POST http://10.0.2.15:9696/v2.0/security-groups 0.372s
2015-12-25 23:08:26,891 21512 DEBUG    [tempest_lib.common.rest_client] Request - Headers: {'Content-Type': 'application/json', 'Accept': 'application/json', 'X-Auth-Token': '&lt;omitted&gt;'}
        Body: {"security_group": {"tenant_id": "2689c130a02c4b17a7f22e340f8956f0", "description": "tempest-secgroup-smoke-851113177 description", "name": "tempest-secgroup-smoke-851113177"}}
    Response - Headers: {'status': '201', 'content-length': '886', 'connection': 'close', 'date': 'Fri, 25 Dec 2015 23:08:26 GMT', 'content-type': 'application/json; charset=UTF-8', 'x-openstack-request-id': 'req-ed42663b-f489-4f8c-9857-5a5a93ded07f'}
        Body: {"security_group": {"tenant_id": "2689c130a02c4b17a7f22e340f8956f0", "description": "tempest-secgroup-smoke-851113177 description", "id": "8f61096d-d4de-4dfd-a7e5-d12d03e93fac", "security_group_rules": [{"remote_group_id": null, "direction": "egress", "remote_ip_prefix": null, "protocol": null, "ethertype": "IPv4", "tenant_id": "2689c130a02c4b17a7f22e340f8956f0", "port_range_max": null, "port_range_min": null, "id": "612e49c1-ea1f-41f5-9aa8-4b064f6ac5b6", "security_group_id": "8f61096d-d4de-4dfd-a7e5-d12d03e93fac"}, {"remote_group_id": null, "direction": "egress", "remote_ip_prefix": null, "protocol": null, "ethertype": "IPv6", "tenant_id": "2689c130a02c4b17a7f22e340f8956f0", "port_range_max": null, "port_range_min": null, "id": "a5cf9caf-192a-4a70-b6de-9cb85e048ce7", "security_group_id": "8f61096d-d4de-4dfd-a7e5-d12d03e93fac"}], "name": "tempest-secgroup-smoke-851113177"}}
2015-12-25 23:08:27,020 21512 INFO     [tempest_lib.common.rest_client] Request (TestNetworkAdvancedServerOps:test_server_connectivity_pause_unpause): 201 POST http://10.0.2.15:9696/v2.0/security-group-rules 0.128s
2015-12-25 23:08:27,021 21512 DEBUG    [tempest_lib.common.rest_client] Request - Headers: {'Content-Type': 'application/json', 'Accept': 'application/json', 'X-Auth-Token': '&lt;omitted&gt;'}
        Body: {"security_group_rule": {"direction": "ingress", "protocol": "tcp", "tenant_id": "2689c130a02c4b17a7f22e340f8956f0", "port_range_max": 22, "security_group_id": "8f61096d-d4de-4dfd-a7e5-d12d03e93fac", "port_range_min": 22}}
    Response - Headers: {'status': '201', 'content-length': '340', 'connection': 'close', 'date': 'Fri, 25 Dec 2015 23:08:27 GMT', 'content-type': 'application/json; charset=UTF-8', 'x-openstack-request-id': 'req-005c656c-34d7-4169-ac7f-9453be6d1019'}
        Body: {"security_group_rule": {"remote_group_id": null, "direction": "ingress", "remote_ip_prefix": null, "protocol": "tcp", "ethertype": "IPv4", "tenant_id": "2689c130a02c4b17a7f22e340f8956f0", "port_range_max": 22, "port_range_min": 22, "id": "434e9802-be89-48d9-934a-025fceca14ae", "security_group_id": "8f61096d-d4de-4dfd-a7e5-d12d03e93fac"}}
2015-12-25 23:08:27,149 21512 INFO     [tempest_lib.common.rest_client] Request (TestNetworkAdvancedServerOps:test_server_connectivity_pause_unpause): 201 POST http://10.0.2.15:9696/v2.0/security-group-rules 0.126s
2015-12-25 23:08:27,150 21512 DEBUG    [tempest_lib.common.rest_client] Request - Headers: {'Content-Type': 'application/json', 'Accept': 'application/json', 'X-Auth-Token': '&lt;omitted&gt;'}
        Body: {"security_group_rule": {"direction": "egress", "protocol": "tcp", "tenant_id": "2689c130a02c4b17a7f22e340f8956f0", "port_range_max": 22, "security_group_id": "8f61096d-d4de-4dfd-a7e5-d12d03e93fac", "port_range_min": 22}}
    Response - Headers: {'status': '201', 'content-length': '339', 'connection': 'close', 'date': 'Fri, 25 Dec 2015 23:08:27 GMT', 'content-type': 'application/json; charset=UTF-8', 'x-openstack-request-id': 'req-908e1c69-f90d-40d8-aada-b07e7ab6195e'}
        Body: {"security_group_rule": {"remote_group_id": null, "direction": "egress", "remote_ip_prefix": null, "protocol": "tcp", "ethertype": "IPv4", "tenant_id": "2689c130a02c4b17a7f22e340f8956f0", "port_range_max": 22, "port_range_min": 22, "id": "b3b37c39-25fd-4895-a0e4-716579690893", "security_group_id": "8f61096d-d4de-4dfd-a7e5-d12d03e93fac"}}
2015-12-25 23:08:27,273 21512 INFO     [tempest_lib.common.rest_client] Request (TestNetworkAdvancedServerOps:test_server_connectivity_pause_unpause): 201 POST http://10.0.2.15:9696/v2.0/security-group-rules 0.122s
2015-12-25 23:08:27,273 21512 DEBUG    [tempest_lib.common.rest_client] Request - Headers: {'Content-Type': 'application/json', 'Accept': 'application/json', 'X-Auth-Token': '&lt;omitted&gt;'}
        Body: {"security_group_rule": {"tenant_id": "2689c130a02c4b17a7f22e340f8956f0", "direction": "ingress", "protocol": "icmp", "security_group_id": "8f61096d-d4de-4dfd-a7e5-d12d03e93fac"}}
    Response - Headers: {'status': '201', 'content-length': '345', 'connection': 'close', 'date': 'Fri, 25 Dec 2015 23:08:27 GMT', 'content-type': 'application/json; charset=UTF-8', 'x-openstack-request-id': 'req-68763b02-5eb9-49e2-b62e-b4c0e5683acc'}
        Body: {"security_group_rule": {"remote_group_id": null, "direction": "ingress", "remote_ip_prefix": null, "protocol": "icmp", "ethertype": "IPv4", "tenant_id": "2689c130a02c4b17a7f22e340f8956f0", "port_range_max": null, "port_range_min": null, "id": "2eb9a4b8-5ccb-4ced-8d90-2789723cef96", "security_group_id": "8f61096d-d4de-4dfd-a7e5-d12d03e93fac"}}
2015-12-25 23:08:27,391 21512 INFO     [tempest_lib.common.rest_client] Request (TestNetworkAdvancedServerOps:test_server_connectivity_pause_unpause): 201 POST http://10.0.2.15:9696/v2.0/security-group-rules 0.116s
2015-12-25 23:08:27,391 21512 DEBUG    [tempest_lib.common.rest_client] Request - Headers: {'Content-Type': 'application/json', 'Accept': 'application/json', 'X-Auth-Token': '&lt;omitted&gt;'}
        Body: {"security_group_rule": {"tenant_id": "2689c130a02c4b17a7f22e340f8956f0", "direction": "egress", "protocol": "icmp", "security_group_id": "8f61096d-d4de-4dfd-a7e5-d12d03e93fac"}}
    Response - Headers: {'status': '201', 'content-length': '344', 'connection': 'close', 'date': 'Fri, 25 Dec 2015 23:08:27 GMT', 'content-type': 'application/json; charset=UTF-8', 'x-openstack-request-id': 'req-de805f3c-9702-4666-a6db-1c750da1204b'}
        Body: {"security_group_rule": {"remote_group_id": null, "direction": "egress", "remote_ip_prefix": null, "protocol": "icmp", "ethertype": "IPv4", "tenant_id": "2689c130a02c4b17a7f22e340f8956f0", "port_range_max": null, "port_range_min": null, "id": "5ffef137-a86c-4248-8a1c-8899352c0ae4", "security_group_id": "8f61096d-d4de-4dfd-a7e5-d12d03e93fac"}}
2015-12-25 23:08:27,503 21512 INFO     [tempest_lib.common.rest_client] Request (TestNetworkAdvancedServerOps:test_server_connectivity_pause_unpause): 201 POST http://10.0.2.15:9696/v2.0/security-group-rules 0.109s
2015-12-25 23:08:27,504 21512 DEBUG    [tempest_lib.common.rest_client] Request - Headers: {'Content-Type': 'application/json', 'Accept': 'application/json', 'X-Auth-Token': '&lt;omitted&gt;'}
        Body: {"security_group_rule": {"tenant_id": "2689c130a02c4b17a7f22e340f8956f0", "direction": "ingress", "security_group_id": "8f61096d-d4de-4dfd-a7e5-d12d03e93fac", "protocol": "icmp", "ethertype": "IPv6"}}
    Response - Headers: {'status': '201', 'content-length': '345', 'connection': 'close', 'date': 'Fri, 25 Dec 2015 23:08:27 GMT', 'content-type': 'application/json; charset=UTF-8', 'x-openstack-request-id': 'req-b43a55dc-8d02-4abb-88a1-7cd78d9ad196'}
        Body: {"security_group_rule": {"remote_group_id": null, "direction": "ingress", "remote_ip_prefix": null, "protocol": "icmp", "ethertype": "IPv6", "tenant_id": "2689c130a02c4b17a7f22e340f8956f0", "port_range_max": null, "port_range_min": null, "id": "b48974fe-5a55-4311-bcf8-26a5a8db8116", "security_group_id": "8f61096d-d4de-4dfd-a7e5-d12d03e93fac"}}
2015-12-25 23:08:27,600 21512 INFO     [tempest_lib.common.rest_client] Request (TestNetworkAdvancedServerOps:test_server_connectivity_pause_unpause): 201 POST http://10.0.2.15:9696/v2.0/security-group-rules 0.094s
2015-12-25 23:08:27,600 21512 DEBUG    [tempest_lib.common.rest_client] Request - Headers: {'Content-Type': 'application/json', 'Accept': 'application/json', 'X-Auth-Token': '&lt;omitted&gt;'}
        Body: {"security_group_rule": {"tenant_id": "2689c130a02c4b17a7f22e340f8956f0", "direction": "egress", "security_group_id": "8f61096d-d4de-4dfd-a7e5-d12d03e93fac", "protocol": "icmp", "ethertype": "IPv6"}}
    Response - Headers: {'status': '201', 'content-length': '344', 'connection': 'close', 'date': 'Fri, 25 Dec 2015 23:08:27 GMT', 'content-type': 'application/json; charset=UTF-8', 'x-openstack-request-id': 'req-aa85a04d-394c-4810-8d18-224bcc14c749'}
        Body: {"security_group_rule": {"remote_group_id": null, "direction": "egress", "remote_ip_prefix": null, "protocol": "icmp", "ethertype": "IPv6", "tenant_id": "2689c130a02c4b17a7f22e340f8956f0", "port_range_max": null, "port_range_min": null, "id": "1508fb7b-ae0c-4520-a0e9-23f2e1094152", "security_group_id": "8f61096d-d4de-4dfd-a7e5-d12d03e93fac"}}
2015-12-25 23:08:27,910 21512 INFO     [tempest_lib.common.rest_client] Request (TestNetworkAdvancedServerOps:test_server_connectivity_pause_unpause): 201 POST http://10.0.2.15:9696/v2.0/networks 0.309s
2015-12-25 23:08:27,911 21512 DEBUG    [tempest_lib.common.rest_client] Request - Headers: {'Content-Type': 'application/json', 'Accept': 'application/json', 'X-Auth-Token': '&lt;omitted&gt;'}
        Body: {"network": {"tenant_id": "2689c130a02c4b17a7f22e340f8956f0", "name": "tempest-network-smoke--1211633493"}}
    Response - Headers: {'status': '201', 'content-length': '327', 'connection': 'close', 'date': 'Fri, 25 Dec 2015 23:08:27 GMT', 'content-type': 'application/json; charset=UTF-8', 'x-openstack-request-id': 'req-972eb318-7f12-47d0-abc0-5e117475cc4b'}
        Body: {"network": {"status": "ACTIVE", "subnets": [], "availability_zone_hints": [], "name": "tempest-network-smoke--1211633493", "admin_state_up": true, "tenant_id": "2689c130a02c4b17a7f22e340f8956f0", "mtu": 0, "router:external": false, "shared": false, "port_security_enabled": true, "id": "37ef9c53-eca4-43fc-8564-884e69fb751d"}}
2015-12-25 23:08:27,998 21512 INFO     [tempest_lib.common.rest_client] Request (TestNetworkAdvancedServerOps:test_server_connectivity_pause_unpause): 201 POST http://10.0.2.15:9696/v2.0/routers 0.086s
2015-12-25 23:08:27,999 21512 DEBUG    [tempest_lib.common.rest_client] Request - Headers: {'Content-Type': 'application/json', 'Accept': 'application/json', 'X-Auth-Token': '&lt;omitted&gt;'}
        Body: {"router": {"tenant_id": "2689c130a02c4b17a7f22e340f8956f0", "name": "tempest-router-smoke-304106333", "admin_state_up": true}}
    Response - Headers: {'status': '201', 'content-length': '295', 'connection': 'close', 'date': 'Fri, 25 Dec 2015 23:08:27 GMT', 'content-type': 'application/json; charset=UTF-8', 'x-openstack-request-id': 'req-8606f28c-3faf-4398-9b12-ab77a0bceb34'}
        Body: {"router": {"status": "ACTIVE", "external_gateway_info": null, "availability_zone_hints": [], "availability_zones": [], "name": "tempest-router-smoke-304106333", "admin_state_up": true, "tenant_id": "2689c130a02c4b17a7f22e340f8956f0", "routes": [], "id": "b7090d45-776c-4e7d-ac2a-bad3e784ffb7"}}
2015-12-25 23:08:28,055 21512 INFO     [tempest_lib.common.rest_client] Request (TestNetworkAdvancedServerOps:test_server_connectivity_pause_unpause): 200 GET http://10.0.2.15:9696/v2.0/routers/b7090d45-776c-4e7d-ac2a-bad3e784ffb7 0.055s
2015-12-25 23:08:28,056 21512 DEBUG    [tempest_lib.common.rest_client] Request - Headers: {'Content-Type': 'application/json', 'Accept': 'application/json', 'X-Auth-Token': '&lt;omitted&gt;'}
        Body: None
    Response - Headers: {'status': '200', 'content-length': '295', 'content-location': 'http://10.0.2.15:9696/v2.0/routers/b7090d45-776c-4e7d-ac2a-bad3e784ffb7', 'connection': 'close', 'date': 'Fri, 25 Dec 2015 23:08:28 GMT', 'content-type': 'application/json; charset=UTF-8', 'x-openstack-request-id': 'req-67f31d73-3442-49e2-8d47-154f5fe43131'}
        Body: {"router": {"status": "ACTIVE", "external_gateway_info": null, "availability_zone_hints": [], "availability_zones": [], "name": "tempest-router-smoke-304106333", "admin_state_up": true, "tenant_id": "2689c130a02c4b17a7f22e340f8956f0", "routes": [], "id": "b7090d45-776c-4e7d-ac2a-bad3e784ffb7"}}
2015-12-25 23:08:28,852 21512 INFO     [tempest_lib.common.rest_client] Request (TestNetworkAdvancedServerOps:test_server_connectivity_pause_unpause): 200 PUT http://10.0.2.15:9696/v2.0/routers/b7090d45-776c-4e7d-ac2a-bad3e784ffb7 0.795s
2015-12-25 23:08:28,852 21512 DEBUG    [tempest_lib.common.rest_client] Request - Headers: {'Content-Type': 'application/json', 'Accept': 'application/json', 'X-Auth-Token': '&lt;omitted&gt;'}
        Body: {"router": {"external_gateway_info": {"network_id": "ca7fca2c-5d2a-4642-86c7-9b71bc67fc8a"}, "name": "tempest-router-smoke-304106333", "admin_state_up": true}}
    Response - Headers: {'status': '200', 'content-length': '557', 'connection': 'close', 'date': 'Fri, 25 Dec 2015 23:08:28 GMT', 'content-type': 'application/json; charset=UTF-8', 'x-openstack-request-id': 'req-7b581e62-41ba-4061-a5dc-088babf3925a'}
        Body: {"router": {"status": "ACTIVE", "external_gateway_info": {"network_id": "ca7fca2c-5d2a-4642-86c7-9b71bc67fc8a", "enable_snat": true, "external_fixed_ips": [{"subnet_id": "f12e9601-23f3-4b72-be94-ec1ec611045a", "ip_address": "172.24.4.3"}, {"subnet_id": "8c9ee2e9-ad8c-42a6-85d1-b36dcd307c7a", "ip_address": "2001:db8::3"}]}, "availability_zone_hints": [], "availability_zones": [], "name": "tempest-router-smoke-304106333", "admin_state_up": true, "tenant_id": "2689c130a02c4b17a7f22e340f8956f0", "routes": [], "id": "b7090d45-776c-4e7d-ac2a-bad3e784ffb7"}}
2015-12-25 23:08:29,016 21512 INFO     [tempest_lib.common.rest_client] Request (TestNetworkAdvancedServerOps:test_server_connectivity_pause_unpause): 200 GET http://10.0.2.15:9696/v2.0/subnets?tenant_id=2689c130a02c4b17a7f22e340f8956f0&amp;cidr=10.100.0.0%2F28 0.162s
2015-12-25 23:08:29,016 21512 DEBUG    [tempest_lib.common.rest_client] Request - Headers: {'Content-Type': 'application/json', 'Accept': 'application/json', 'X-Auth-Token': '&lt;omitted&gt;'}
        Body: None
    Response - Headers: {'status': '200', 'content-length': '15', 'content-location': 'http://10.0.2.15:9696/v2.0/subnets?tenant_id=2689c130a02c4b17a7f22e340f8956f0&amp;cidr=10.100.0.0%2F28', 'connection': 'close', 'date': 'Fri, 25 Dec 2015 23:08:29 GMT', 'content-type': 'application/json; charset=UTF-8', 'x-openstack-request-id': 'req-271ccd81-fbe3-45ee-84fa-f7b5321bb53b'}
        Body: {"subnets": []}
2015-12-25 23:08:29,336 21512 INFO     [tempest_lib.common.rest_client] Request (TestNetworkAdvancedServerOps:test_server_connectivity_pause_unpause): 201 POST http://10.0.2.15:9696/v2.0/subnets 0.320s
2015-12-25 23:08:29,337 21512 DEBUG    [tempest_lib.common.rest_client] Request - Headers: {'Content-Type': 'application/json', 'Accept': 'application/json', 'X-Auth-Token': '&lt;omitted&gt;'}
        Body: {"subnet": {"ip_version": 4, "tenant_id": "2689c130a02c4b17a7f22e340f8956f0", "cidr": "10.100.0.0/28", "network_id": "37ef9c53-eca4-43fc-8564-884e69fb751d", "name": "tempest-subnet-smoke-2105204571"}}
    Response - Headers: {'status': '201', 'content-length': '478', 'connection': 'close', 'date': 'Fri, 25 Dec 2015 23:08:29 GMT', 'content-type': 'application/json; charset=UTF-8', 'x-openstack-request-id': 'req-bc7a97a4-a2ba-4fb6-ab9e-fe49f6f5f7dc'}
        Body: {"subnet": {"name": "tempest-subnet-smoke-2105204571", "enable_dhcp": true, "network_id": "37ef9c53-eca4-43fc-8564-884e69fb751d", "tenant_id": "2689c130a02c4b17a7f22e340f8956f0", "dns_nameservers": [], "gateway_ip": "10.100.0.1", "ipv6_ra_mode": null, "allocation_pools": [{"start": "10.100.0.2", "end": "10.100.0.14"}], "host_routes": [], "ip_version": 4, "ipv6_address_mode": null, "cidr": "10.100.0.0/28", "id": "cfa62433-0497-4cc1-bba0-a6e7fcc7ffeb", "subnetpool_id": null}}
2015-12-25 23:08:29,971 21512 INFO     [tempest_lib.common.rest_client] Request (TestNetworkAdvancedServerOps:test_server_connectivity_pause_unpause): 200 PUT http://10.0.2.15:9696/v2.0/routers/b7090d45-776c-4e7d-ac2a-bad3e784ffb7/add_router_interface 0.634s
2015-12-25 23:08:29,971 21512 DEBUG    [tempest_lib.common.rest_client] Request - Headers: {'Content-Type': 'application/json', 'Accept': 'application/json', 'X-Auth-Token': '&lt;omitted&gt;'}
        Body: {"subnet_id": "cfa62433-0497-4cc1-bba0-a6e7fcc7ffeb"}
    Response - Headers: {'status': '200', 'content-length': '255', 'connection': 'close', 'date': 'Fri, 25 Dec 2015 23:08:29 GMT', 'content-type': 'application/json; charset=UTF-8', 'x-openstack-request-id': 'req-ec3cac07-30de-4b61-bba0-7dd0a6921d4c'}
        Body: {"subnet_id": "cfa62433-0497-4cc1-bba0-a6e7fcc7ffeb", "tenant_id": "2689c130a02c4b17a7f22e340f8956f0", "subnet_ids": ["cfa62433-0497-4cc1-bba0-a6e7fcc7ffeb"], "port_id": "c99abc78-cd80-4c0a-a3dd-4912cbe4129d", "id": "b7090d45-776c-4e7d-ac2a-bad3e784ffb7"}
2015-12-25 23:08:30,085 21512 INFO     [tempest_lib.common.rest_client] Request (TestNetworkAdvancedServerOps:test_server_connectivity_pause_unpause): 200 POST http://10.0.2.15:5000/v2.0/tokens
2015-12-25 23:08:30,086 21512 DEBUG    [tempest_lib.common.rest_client] Request - Headers: {'Content-Type': 'application/json', 'Accept': 'application/json'}
        Body: &lt;omitted&gt;
    Response - Headers: {'status': '200', 'content-length': '2564', 'vary': 'X-Auth-Token', 'server': 'Apache/2.4.7 (Ubuntu)', 'connection': 'close', 'date': 'Fri, 25 Dec 2015 23:08:29 GMT', 'content-type': 'application/json', 'x-openstack-request-id': 'req-aeaac20b-7db9-4819-85c5-4079a05545d8'}
        Body: {"access": {"token": {"issued_at": "2015-12-25T23:08:30.074050", "expires": "2015-12-26T00:08:30Z", "id": "0b5bab88d3084c0097ed46d01e68a750", "tenant": {"description": "tempest-TestNetworkAdvancedServerOps-2131924869-desc", "enabled": true, "id": "2689c130a02c4b17a7f22e340f8956f0", "name": "tempest-TestNetworkAdvancedServerOps-2131924869"}, "audit_ids": ["aD8AEJHsQO2E1GiR_c4Heg"]}, "serviceCatalog": [{"endpoints": [{"adminURL": "http://10.0.2.15:8774/v2.1/2689c130a02c4b17a7f22e340f8956f0", "region": "RegionOne", "internalURL": "http://10.0.2.15:8774/v2.1/2689c130a02c4b17a7f22e340f8956f0", "id": "735eae5148164953bf4b822f0c236ee8", "publicURL": "http://10.0.2.15:8774/v2.1/2689c130a02c4b17a7f22e340f8956f0"}], "endpoints_links": [], "type": "compute", "name": "nova"}, {"endpoints": [{"adminURL": "http://10.0.2.15:9696/", "region": "RegionOne", "internalURL": "http://10.0.2.15:9696/", "id": "276e263b874f4aea85eba6495ae50a64", "publicURL": "http://10.0.2.15:9696/"}], "endpoints_links": [], "type": "network", "name": "neutron"}, {"endpoints": [{"adminURL": "http://10.0.2.15:9292", "region": "RegionOne", "internalURL": "http://10.0.2.15:9292", "id": "a8d6cd74348b4a228523065164a1a539", "publicURL": "http://10.0.2.15:9292"}], "endpoints_links": [], "type": "image", "name": "glance"}, {"endpoints": [{"adminURL": "http://10.0.2.15:8774/v2/2689c130a02c4b17a7f22e340f8956f0", "region": "RegionOne", "internalURL": "http://10.0.2.15:8774/v2/2689c130a02c4b17a7f22e340f8956f0", "id": "2690dd81b5954cceb253588a30f395b3", "publicURL": "http://10.0.2.15:8774/v2/2689c130a02c4b17a7f22e340f8956f0"}], "endpoints_links": [], "type": "compute_legacy", "name": "nova_legacy"}, {"endpoints": [{"adminURL": "http://10.0.2.15:8773/", "region": "RegionOne", "internalURL": "http://10.0.2.15:8773/", "id": "b47d5ba4066941fbae1bc2dcc6960ee5", "publicURL": "http://10.0.2.15:8773/"}], "endpoints_links": [], "type": "ec2", "name": "ec2"}, {"endpoints": [{"adminURL": "http://10.0.2.15:35357/v2.0", "region": "RegionOne", "internalURL": "http://10.0.2.15:5000/v2.0", "id": "2e0d58b0034e44e9b09edd3658270707", "publicURL": "http://10.0.2.15:5000/v2.0"}], "endpoints_links": [], "type": "identity", "name": "keystone"}], "user": {"username": "tempest-TestNetworkAdvancedServerOps-740327496", "roles_links": [], "id": "17b2a6f1fb0d4173848a85c615a64ee8", "roles": [{"name": "_member_"}, {"name": "Member"}], "name": "tempest-TestNetworkAdvancedServerOps-740327496"}, "metadata": {"is_admin": 0, "roles": ["9fe2ff9ee4384b1894a90878d3e92bab", "a0c6b78ae0b74fab9bb2421bf33d5d13"]}}}
2015-12-25 23:08:30,090 21512 DEBUG    [tempest.common.fixed_network] (TestNetworkAdvancedServerOps:test_server_connectivity_pause_unpause) No valid network provided or created, defaulting to fixed_network_name
2015-12-25 23:08:30,445 21512 INFO     [tempest_lib.common.rest_client] Request (TestNetworkAdvancedServerOps:test_server_connectivity_pause_unpause): 200 GET http://10.0.2.15:8774/v2.1/2689c130a02c4b17a7f22e340f8956f0/os-networks 0.355s
2015-12-25 23:08:30,446 21512 DEBUG    [tempest_lib.common.rest_client] Request - Headers: {'Content-Type': 'application/json', 'Accept': 'application/json', 'X-Auth-Token': '&lt;omitted&gt;'}
        Body: None
    Response - Headers: {'status': '200', 'content-length': '479', 'content-location': 'http://10.0.2.15:8774/v2.1/2689c130a02c4b17a7f22e340f8956f0/os-networks', 'x-compute-request-id': 'req-010836ba-466e-47e7-af9d-44e199bdc426', 'vary': 'X-OpenStack-Nova-API-Version', 'connection': 'close', 'x-openstack-nova-api-version': '2.1', 'date': 'Fri, 25 Dec 2015 23:08:30 GMT', 'content-type': 'application/json'}
        Body: {"networks": [{"cidr_v6": null, "dns2": null, "dns1": null, "gateway": null, "broadcast": null, "netmask": null, "gateway_v6": null, "cidr": null, "label": "tempest-network-smoke--1211633493", "id": "37ef9c53-eca4-43fc-8564-884e69fb751d", "netmask_v6": null}, {"cidr_v6": null, "dns2": null, "dns1": null, "gateway": null, "broadcast": null, "netmask": null, "gateway_v6": null, "cidr": null, "label": "public", "id": "ca7fca2c-5d2a-4642-86c7-9b71bc67fc8a", "netmask_v6": null}]}
2015-12-25 23:08:30,446 21512 WARNING  [tempest.common.fixed_network] (TestNetworkAdvancedServerOps:test_server_connectivity_pause_unpause) Network with name: private not found
2015-12-25 23:08:30,446 21512 INFO     [tempest.common.fixed_network] (TestNetworkAdvancedServerOps:test_server_connectivity_pause_unpause) Found network {} available for tenant
2015-12-25 23:08:31,799 21512 INFO     [tempest_lib.common.rest_client] Request (TestNetworkAdvancedServerOps:test_server_connectivity_pause_unpause): 202 POST http://10.0.2.15:8774/v2.1/2689c130a02c4b17a7f22e340f8956f0/servers 1.351s
2015-12-25 23:08:31,800 21512 DEBUG    [tempest_lib.common.rest_client] Request - Headers: {'Content-Type': 'application/json', 'Accept': 'application/json', 'X-Auth-Token': '&lt;omitted&gt;'}
        Body: {"server": {"name": "tempest.common.compute-instance-970885442", "imageRef": "705f9df1-5751-4008-8b2d-bc8a882878c3", "key_name": "tempest-TestNetworkAdvancedServerOps-1695848808", "flavorRef": "42", "networks": [{"uuid": "37ef9c53-eca4-43fc-8564-884e69fb751d"}], "security_groups": [{"name": "tempest-secgroup-smoke-851113177"}]}}
    Response - Headers: {'status': '202', 'content-length': '461', 'x-compute-request-id': 'req-27facff0-2e53-4207-8b7e-5c9b83107247', 'vary': 'X-OpenStack-Nova-API-Version', 'connection': 'close', 'location': 'http://10.0.2.15:8774/v2.1/2689c130a02c4b17a7f22e340f8956f0/servers/0495dc8a-efb2-45d2-a1b5-046bf89024f6', 'x-openstack-nova-api-version': '2.1', 'date': 'Fri, 25 Dec 2015 23:08:31 GMT', 'content-type': 'application/json'}
        Body: {"server": {"security_groups": [{"name": "tempest-secgroup-smoke-851113177"}], "OS-DCF:diskConfig": "MANUAL", "id": "0495dc8a-efb2-45d2-a1b5-046bf89024f6", "links": [{"href": "http://10.0.2.15:8774/v2.1/2689c130a02c4b17a7f22e340f8956f0/servers/0495dc8a-efb2-45d2-a1b5-046bf89024f6", "rel": "self"}, {"href": "http://10.0.2.15:8774/2689c130a02c4b17a7f22e340f8956f0/servers/0495dc8a-efb2-45d2-a1b5-046bf89024f6", "rel": "bookmark"}], "adminPass": "g3p7Cp5aoJ67"}}
2015-12-25 23:08:31,998 21512 INFO     [tempest_lib.common.rest_client] Request (TestNetworkAdvancedServerOps:test_server_connectivity_pause_unpause): 200 GET http://10.0.2.15:8774/v2.1/2689c130a02c4b17a7f22e340f8956f0/servers/0495dc8a-efb2-45d2-a1b5-046bf89024f6 0.194s
2015-12-25 23:08:31,999 21512 DEBUG    [tempest_lib.common.rest_client] Request - Headers: {'Content-Type': 'application/json', 'Accept': 'application/json', 'X-Auth-Token': '&lt;omitted&gt;'}
        Body: None
    Response - Headers: {'status': '200', 'content-length': '1364', 'content-location': 'http://10.0.2.15:8774/v2.1/2689c130a02c4b17a7f22e340f8956f0/servers/0495dc8a-efb2-45d2-a1b5-046bf89024f6', 'x-compute-request-id': 'req-fa38d26f-f0d9-4126-9be7-97249f8df3eb', 'vary': 'X-OpenStack-Nova-API-Version', 'connection': 'close', 'x-openstack-nova-api-version': '2.1', 'date': 'Fri, 25 Dec 2015 23:08:31 GMT', 'content-type': 'application/json'}
        Body: {"server": {"status": "BUILD", "updated": "2015-12-25T23:08:31Z", "hostId": "", "addresses": {}, "links": [{"href": "http://10.0.2.15:8774/v2.1/2689c130a02c4b17a7f22e340f8956f0/servers/0495dc8a-efb2-45d2-a1b5-046bf89024f6", "rel": "self"}, {"href": "http://10.0.2.15:8774/2689c130a02c4b17a7f22e340f8956f0/servers/0495dc8a-efb2-45d2-a1b5-046bf89024f6", "rel": "bookmark"}], "key_name": "tempest-TestNetworkAdvancedServerOps-1695848808", "image": {"id": "705f9df1-5751-4008-8b2d-bc8a882878c3", "links": [{"href": "http://10.0.2.15:8774/2689c130a02c4b17a7f22e340f8956f0/images/705f9df1-5751-4008-8b2d-bc8a882878c3", "rel": "bookmark"}]}, "OS-EXT-STS:task_state": "scheduling", "OS-EXT-STS:vm_state": "building", "OS-SRV-USG:launched_at": null, "flavor": {"id": "42", "links": [{"href": "http://10.0.2.15:8774/2689c130a02c4b17a7f22e340f8956f0/flavors/42", "rel": "bookmark"}]}, "id": "0495dc8a-efb2-45d2-a1b5-046bf89024f6", "OS-SRV-USG:terminated_at": null, "OS-EXT-AZ:availability_zone": "", "user_id": "17b2a6f1fb0d4173848a85c615a64ee8", "name": "tempest.common.compute-instance-970885442", "created": "2015-12-25T23:08:31Z", "tenant_id": "2689c130a02c4b17a7f22e340f8956f0", "OS-DCF:diskConfig": "MANUAL", "os-extended-volumes:volumes_attached": [], "accessIPv4": "", "accessIPv6": "", "progress": 0, "OS-EXT-STS:power_state": 0, "config_drive": "", "metadata": {}}}
2015-12-25 23:08:33,351 21512 INFO     [tempest_lib.common.rest_client] Request (TestNetworkAdvancedServerOps:test_server_connectivity_pause_unpause): 200 GET http://10.0.2.15:8774/v2.1/2689c130a02c4b17a7f22e340f8956f0/servers/0495dc8a-efb2-45d2-a1b5-046bf89024f6 0.343s
2015-12-25 23:08:33,351 21512 DEBUG    [tempest_lib.common.rest_client] Request - Headers: {'Content-Type': 'application/json', 'Accept': 'application/json', 'X-Auth-Token': '&lt;omitted&gt;'}
        Body: None
    Response - Headers: {'status': '200', 'content-length': '1489', 'content-location': 'http://10.0.2.15:8774/v2.1/2689c130a02c4b17a7f22e340f8956f0/servers/0495dc8a-efb2-45d2-a1b5-046bf89024f6', 'x-compute-request-id': 'req-765aa103-f8f0-4ed1-b358-d399b64174bd', 'vary': 'X-OpenStack-Nova-API-Version', 'connection': 'close', 'x-openstack-nova-api-version': '2.1', 'date': 'Fri, 25 Dec 2015 23:08:33 GMT', 'content-type': 'application/json'}
        Body: {"server": {"status": "BUILD", "updated": "2015-12-25T23:08:32Z", "hostId": "d1b572ad97c0e899f9d1bfb64f5643fc1240528672215c088f360dd6", "addresses": {}, "links": [{"href": "http://10.0.2.15:8774/v2.1/2689c130a02c4b17a7f22e340f8956f0/servers/0495dc8a-efb2-45d2-a1b5-046bf89024f6", "rel": "self"}, {"href": "http://10.0.2.15:8774/2689c130a02c4b17a7f22e340f8956f0/servers/0495dc8a-efb2-45d2-a1b5-046bf89024f6", "rel": "bookmark"}], "key_name": "tempest-TestNetworkAdvancedServerOps-1695848808", "image": {"id": "705f9df1-5751-4008-8b2d-bc8a882878c3", "links": [{"href": "http://10.0.2.15:8774/2689c130a02c4b17a7f22e340f8956f0/images/705f9df1-5751-4008-8b2d-bc8a882878c3", "rel": "bookmark"}]}, "OS-EXT-STS:task_state": "spawning", "OS-EXT-STS:vm_state": "building", "OS-SRV-USG:launched_at": null, "flavor": {"id": "42", "links": [{"href": "http://10.0.2.15:8774/2689c130a02c4b17a7f22e340f8956f0/flavors/42", "rel": "bookmark"}]}, "id": "0495dc8a-efb2-45d2-a1b5-046bf89024f6", "security_groups": [{"name": "tempest-secgroup-smoke-851113177"}], "OS-SRV-USG:terminated_at": null, "OS-EXT-AZ:availability_zone": "nova", "user_id": "17b2a6f1fb0d4173848a85c615a64ee8", "name": "tempest.common.compute-instance-970885442", "created": "2015-12-25T23:08:31Z", "tenant_id": "2689c130a02c4b17a7f22e340f8956f0", "OS-DCF:diskConfig": "MANUAL", "os-extended-volumes:volumes_attached": [], "accessIPv4": "", "accessIPv6": "", "progress": 0, "OS-EXT-STS:power_state": 0, "config_drive": "", "metadata": {}}}
2015-12-25 23:08:33,359 21512 INFO     [tempest.common.waiters] State transition "BUILD/scheduling" ==&gt; "BUILD/spawning" after 1 second wait
2015-12-25 23:08:34,736 21512 INFO     [tempest_lib.common.rest_client] Request (TestNetworkAdvancedServerOps:test_server_connectivity_pause_unpause): 200 GET http://10.0.2.15:8774/v2.1/2689c130a02c4b17a7f22e340f8956f0/servers/0495dc8a-efb2-45d2-a1b5-046bf89024f6 0.375s
2015-12-25 23:08:34,737 21512 DEBUG    [tempest_lib.common.rest_client] Request - Headers: {'Content-Type': 'application/json', 'Accept': 'application/json', 'X-Auth-Token': '&lt;omitted&gt;'}
        Body: None
    Response - Headers: {'status': '200', 'content-length': '1489', 'content-location': 'http://10.0.2.15:8774/v2.1/2689c130a02c4b17a7f22e340f8956f0/servers/0495dc8a-efb2-45d2-a1b5-046bf89024f6', 'x-compute-request-id': 'req-2271da85-d57b-4087-bf8b-30ed3720e94c', 'vary': 'X-OpenStack-Nova-API-Version', 'connection': 'close', 'x-openstack-nova-api-version': '2.1', 'date': 'Fri, 25 Dec 2015 23:08:34 GMT', 'content-type': 'application/json'}
        Body: {"server": {"status": "BUILD", "updated": "2015-12-25T23:08:32Z", "hostId": "d1b572ad97c0e899f9d1bfb64f5643fc1240528672215c088f360dd6", "addresses": {}, "links": [{"href": "http://10.0.2.15:8774/v2.1/2689c130a02c4b17a7f22e340f8956f0/servers/0495dc8a-efb2-45d2-a1b5-046bf89024f6", "rel": "self"}, {"href": "http://10.0.2.15:8774/2689c130a02c4b17a7f22e340f8956f0/servers/0495dc8a-efb2-45d2-a1b5-046bf89024f6", "rel": "bookmark"}], "key_name": "tempest-TestNetworkAdvancedServerOps-1695848808", "image": {"id": "705f9df1-5751-4008-8b2d-bc8a882878c3", "links": [{"href": "http://10.0.2.15:8774/2689c130a02c4b17a7f22e340f8956f0/images/705f9df1-5751-4008-8b2d-bc8a882878c3", "rel": "bookmark"}]}, "OS-EXT-STS:task_state": "spawning", "OS-EXT-STS:vm_state": "building", "OS-SRV-USG:launched_at": null, "flavor": {"id": "42", "links": [{"href": "http://10.0.2.15:8774/2689c130a02c4b17a7f22e340f8956f0/flavors/42", "rel": "bookmark"}]}, "id": "0495dc8a-efb2-45d2-a1b5-046bf89024f6", "security_groups": [{"name": "tempest-secgroup-smoke-851113177"}], "OS-SRV-USG:terminated_at": null, "OS-EXT-AZ:availability_zone": "nova", "user_id": "17b2a6f1fb0d4173848a85c615a64ee8", "name": "tempest.common.compute-instance-970885442", "created": "2015-12-25T23:08:31Z", "tenant_id": "2689c130a02c4b17a7f22e340f8956f0", "OS-DCF:diskConfig": "MANUAL", "os-extended-volumes:volumes_attached": [], "accessIPv4": "", "accessIPv6": "", "progress": 0, "OS-EXT-STS:power_state": 0, "config_drive": "", "metadata": {}}}
2015-12-25 23:08:36,000 21512 INFO     [tempest_lib.common.rest_client] Request (TestNetworkAdvancedServerOps:test_server_connectivity_pause_unpause): 200 GET http://10.0.2.15:8774/v2.1/2689c130a02c4b17a7f22e340f8956f0/servers/0495dc8a-efb2-45d2-a1b5-046bf89024f6 0.251s
2015-12-25 23:08:36,000 21512 DEBUG    [tempest_lib.common.rest_client] Request - Headers: {'Content-Type': 'application/json', 'Accept': 'application/json', 'X-Auth-Token': '&lt;omitted&gt;'}
        Body: None
    Response - Headers: {'status': '200', 'content-length': '1489', 'content-location': 'http://10.0.2.15:8774/v2.1/2689c130a02c4b17a7f22e340f8956f0/servers/0495dc8a-efb2-45d2-a1b5-046bf89024f6', 'x-compute-request-id': 'req-03018f6e-4f21-4157-a7cb-07c52ac8b858', 'vary': 'X-OpenStack-Nova-API-Version', 'connection': 'close', 'x-openstack-nova-api-version': '2.1', 'date': 'Fri, 25 Dec 2015 23:08:35 GMT', 'content-type': 'application/json'}
        Body: {"server": {"status": "BUILD", "updated": "2015-12-25T23:08:32Z", "hostId": "d1b572ad97c0e899f9d1bfb64f5643fc1240528672215c088f360dd6", "addresses": {}, "links": [{"href": "http://10.0.2.15:8774/v2.1/2689c130a02c4b17a7f22e340f8956f0/servers/0495dc8a-efb2-45d2-a1b5-046bf89024f6", "rel": "self"}, {"href": "http://10.0.2.15:8774/2689c130a02c4b17a7f22e340f8956f0/servers/0495dc8a-efb2-45d2-a1b5-046bf89024f6", "rel": "bookmark"}], "key_name": "tempest-TestNetworkAdvancedServerOps-1695848808", "image": {"id": "705f9df1-5751-4008-8b2d-bc8a882878c3", "links": [{"href": "http://10.0.2.15:8774/2689c130a02c4b17a7f22e340f8956f0/images/705f9df1-5751-4008-8b2d-bc8a882878c3", "rel": "bookmark"}]}, "OS-EXT-STS:task_state": "spawning", "OS-EXT-STS:vm_state": "building", "OS-SRV-USG:launched_at": null, "flavor": {"id": "42", "links": [{"href": "http://10.0.2.15:8774/2689c130a02c4b17a7f22e340f8956f0/flavors/42", "rel": "bookmark"}]}, "id": "0495dc8a-efb2-45d2-a1b5-046bf89024f6", "security_groups": [{"name": "tempest-secgroup-smoke-851113177"}], "OS-SRV-USG:terminated_at": null, "OS-EXT-AZ:availability_zone": "nova", "user_id": "17b2a6f1fb0d4173848a85c615a64ee8", "name": "tempest.common.compute-instance-970885442", "created": "2015-12-25T23:08:31Z", "tenant_id": "2689c130a02c4b17a7f22e340f8956f0", "OS-DCF:diskConfig": "MANUAL", "os-extended-volumes:volumes_attached": [], "accessIPv4": "", "accessIPv6": "", "progress": 0, "OS-EXT-STS:power_state": 0, "config_drive": "", "metadata": {}}}
2015-12-25 23:08:37,237 21512 INFO     [tempest_lib.common.rest_client] Request (TestNetworkAdvancedServerOps:test_server_connectivity_pause_unpause): 200 GET http://10.0.2.15:8774/v2.1/2689c130a02c4b17a7f22e340f8956f0/servers/0495dc8a-efb2-45d2-a1b5-046bf89024f6 0.227s
2015-12-25 23:08:37,237 21512 DEBUG    [tempest_lib.common.rest_client] Request - Headers: {'Content-Type': 'application/json', 'Accept': 'application/json', 'X-Auth-Token': '&lt;omitted&gt;'}
        Body: None
    Response - Headers: {'status': '200', 'content-length': '1661', 'content-location': 'http://10.0.2.15:8774/v2.1/2689c130a02c4b17a7f22e340f8956f0/servers/0495dc8a-efb2-45d2-a1b5-046bf89024f6', 'x-compute-request-id': 'req-3a4b01e7-aade-465f-91c9-863da9c06692', 'vary': 'X-OpenStack-Nova-API-Version', 'connection': 'close', 'x-openstack-nova-api-version': '2.1', 'date': 'Fri, 25 Dec 2015 23:08:37 GMT', 'content-type': 'application/json'}
        Body: {"server": {"status": "ACTIVE", "updated": "2015-12-25T23:08:36Z", "hostId": "d1b572ad97c0e899f9d1bfb64f5643fc1240528672215c088f360dd6", "addresses": {"tempest-network-smoke--1211633493": [{"OS-EXT-IPS-MAC:mac_addr": "fa:16:3e:5d:d0:47", "version": 4, "addr": "10.100.0.3", "OS-EXT-IPS:type": "fixed"}]}, "links": [{"href": "http://10.0.2.15:8774/v2.1/2689c130a02c4b17a7f22e340f8956f0/servers/0495dc8a-efb2-45d2-a1b5-046bf89024f6", "rel": "self"}, {"href": "http://10.0.2.15:8774/2689c130a02c4b17a7f22e340f8956f0/servers/0495dc8a-efb2-45d2-a1b5-046bf89024f6", "rel": "bookmark"}], "key_name": "tempest-TestNetworkAdvancedServerOps-1695848808", "image": {"id": "705f9df1-5751-4008-8b2d-bc8a882878c3", "links": [{"href": "http://10.0.2.15:8774/2689c130a02c4b17a7f22e340f8956f0/images/705f9df1-5751-4008-8b2d-bc8a882878c3", "rel": "bookmark"}]}, "OS-EXT-STS:task_state": null, "OS-EXT-STS:vm_state": "active", "OS-SRV-USG:launched_at": "2015-12-25T23:08:35.000000", "flavor": {"id": "42", "links": [{"href": "http://10.0.2.15:8774/2689c130a02c4b17a7f22e340f8956f0/flavors/42", "rel": "bookmark"}]}, "id": "0495dc8a-efb2-45d2-a1b5-046bf89024f6", "security_groups": [{"name": "tempest-secgroup-smoke-851113177"}], "OS-SRV-USG:terminated_at": null, "OS-EXT-AZ:availability_zone": "nova", "user_id": "17b2a6f1fb0d4173848a85c615a64ee8", "name": "tempest.common.compute-instance-970885442", "created": "2015-12-25T23:08:31Z", "tenant_id": "2689c130a02c4b17a7f22e340f8956f0", "OS-DCF:diskConfig": "MANUAL", "os-extended-volumes:volumes_attached": [], "accessIPv4": "", "accessIPv6": "", "progress": 0, "OS-EXT-STS:power_state": 1, "config_drive": "True", "metadata": {}}}
2015-12-25 23:08:37,246 21512 INFO     [tempest.common.waiters] State transition "BUILD/spawning" ==&gt; "ACTIVE/None" after 5 second wait
2015-12-25 23:08:37,592 21512 INFO     [tempest_lib.common.rest_client] Request (TestNetworkAdvancedServerOps:test_server_connectivity_pause_unpause): 200 GET http://10.0.2.15:8774/v2.1/2689c130a02c4b17a7f22e340f8956f0/servers/0495dc8a-efb2-45d2-a1b5-046bf89024f6 0.345s
2015-12-25 23:08:37,592 21512 DEBUG    [tempest_lib.common.rest_client] Request - Headers: {'Content-Type': 'application/json', 'Accept': 'application/json', 'X-Auth-Token': '&lt;omitted&gt;'}
        Body: None
    Response - Headers: {'status': '200', 'content-length': '1661', 'content-location': 'http://10.0.2.15:8774/v2.1/2689c130a02c4b17a7f22e340f8956f0/servers/0495dc8a-efb2-45d2-a1b5-046bf89024f6', 'x-compute-request-id': 'req-54d74bde-89a2-4fe0-8def-aafafb9fee41', 'vary': 'X-OpenStack-Nova-API-Version', 'connection': 'close', 'x-openstack-nova-api-version': '2.1', 'date': 'Fri, 25 Dec 2015 23:08:37 GMT', 'content-type': 'application/json'}
        Body: {"server": {"status": "ACTIVE", "updated": "2015-12-25T23:08:36Z", "hostId": "d1b572ad97c0e899f9d1bfb64f5643fc1240528672215c088f360dd6", "addresses": {"tempest-network-smoke--1211633493": [{"OS-EXT-IPS-MAC:mac_addr": "fa:16:3e:5d:d0:47", "version": 4, "addr": "10.100.0.3", "OS-EXT-IPS:type": "fixed"}]}, "links": [{"href": "http://10.0.2.15:8774/v2.1/2689c130a02c4b17a7f22e340f8956f0/servers/0495dc8a-efb2-45d2-a1b5-046bf89024f6", "rel": "self"}, {"href": "http://10.0.2.15:8774/2689c130a02c4b17a7f22e340f8956f0/servers/0495dc8a-efb2-45d2-a1b5-046bf89024f6", "rel": "bookmark"}], "key_name": "tempest-TestNetworkAdvancedServerOps-1695848808", "image": {"id": "705f9df1-5751-4008-8b2d-bc8a882878c3", "links": [{"href": "http://10.0.2.15:8774/2689c130a02c4b17a7f22e340f8956f0/images/705f9df1-5751-4008-8b2d-bc8a882878c3", "rel": "bookmark"}]}, "OS-EXT-STS:task_state": null, "OS-EXT-STS:vm_state": "active", "OS-SRV-USG:launched_at": "2015-12-25T23:08:35.000000", "flavor": {"id": "42", "links": [{"href": "http://10.0.2.15:8774/2689c130a02c4b17a7f22e340f8956f0/flavors/42", "rel": "bookmark"}]}, "id": "0495dc8a-efb2-45d2-a1b5-046bf89024f6", "security_groups": [{"name": "tempest-secgroup-smoke-851113177"}], "OS-SRV-USG:terminated_at": null, "OS-EXT-AZ:availability_zone": "nova", "user_id": "17b2a6f1fb0d4173848a85c615a64ee8", "name": "tempest.common.compute-instance-970885442", "created": "2015-12-25T23:08:31Z", "tenant_id": "2689c130a02c4b17a7f22e340f8956f0", "OS-DCF:diskConfig": "MANUAL", "os-extended-volumes:volumes_attached": [], "accessIPv4": "", "accessIPv6": "", "progress": 0, "OS-EXT-STS:power_state": 1, "config_drive": "True", "metadata": {}}}
2015-12-25 23:08:37,632 21512 INFO     [tempest_lib.common.rest_client] Request (TestNetworkAdvancedServerOps:test_server_connectivity_pause_unpause): 200 GET http://10.0.2.15:9696/v2.0/ports?status=ACTIVE&amp;fixed_ip=None&amp;device_id=0495dc8a-efb2-45d2-a1b5-046bf89024f6 0.031s
2015-12-25 23:08:37,633 21512 DEBUG    [tempest_lib.common.rest_client] Request - Headers: {'Content-Type': 'application/json', 'Accept': 'application/json', 'X-Auth-Token': '&lt;omitted&gt;'}
        Body: None
    Response - Headers: {'status': '200', 'content-length': '895', 'content-location': 'http://10.0.2.15:9696/v2.0/ports?status=ACTIVE&amp;fixed_ip=None&amp;device_id=0495dc8a-efb2-45d2-a1b5-046bf89024f6', 'connection': 'close', 'date': 'Fri, 25 Dec 2015 23:08:37 GMT', 'content-type': 'application/json; charset=UTF-8', 'x-openstack-request-id': 'req-f8e8af2a-fab1-494e-ae06-f06d913c7b56'}
        Body: {"ports": [{"status": "ACTIVE", "binding:host_id": "vagrant-ubuntu-trusty-64", "allowed_address_pairs": [], "extra_dhcp_opts": [], "dns_assignment": [{"hostname": "host-10-100-0-3", "ip_address": "10.100.0.3", "fqdn": "host-10-100-0-3.openstacklocal."}], "device_owner": "compute:None", "port_security_enabled": true, "binding:profile": {}, "fixed_ips": [{"subnet_id": "cfa62433-0497-4cc1-bba0-a6e7fcc7ffeb", "ip_address": "10.100.0.3"}], "id": "509ff991-3f0c-409d-91dd-aad4c353240d", "security_groups": ["8f61096d-d4de-4dfd-a7e5-d12d03e93fac"], "device_id": "0495dc8a-efb2-45d2-a1b5-046bf89024f6", "name": "", "admin_state_up": true, "network_id": "37ef9c53-eca4-43fc-8564-884e69fb751d", "dns_name": "", "binding:vif_details": {"port_filter": true}, "binding:vnic_type": "normal", "binding:vif_type": "ovs", "tenant_id": "2689c130a02c4b17a7f22e340f8956f0", "mac_address": "fa:16:3e:5d:d0:47"}]}
2015-12-25 23:08:38,307 21512 INFO     [tempest_lib.common.rest_client] Request (TestNetworkAdvancedServerOps:test_server_connectivity_pause_unpause): 201 POST http://10.0.2.15:9696/v2.0/floatingips 0.673s
2015-12-25 23:08:38,307 21512 DEBUG    [tempest_lib.common.rest_client] Request - Headers: {'Content-Type': 'application/json', 'Accept': 'application/json', 'X-Auth-Token': '&lt;omitted&gt;'}
        Body: {"floatingip": {"floating_network_id": "ca7fca2c-5d2a-4642-86c7-9b71bc67fc8a", "tenant_id": "2689c130a02c4b17a7f22e340f8956f0", "fixed_ip_address": "10.100.0.3", "port_id": "509ff991-3f0c-409d-91dd-aad4c353240d"}}
    Response - Headers: {'status': '201', 'content-length': '367', 'connection': 'close', 'date': 'Fri, 25 Dec 2015 23:08:38 GMT', 'content-type': 'application/json; charset=UTF-8', 'x-openstack-request-id': 'req-2c409337-2b2f-4868-822d-82caf6e169d1'}
        Body: {"floatingip": {"floating_network_id": "ca7fca2c-5d2a-4642-86c7-9b71bc67fc8a", "router_id": "b7090d45-776c-4e7d-ac2a-bad3e784ffb7", "fixed_ip_address": "10.100.0.3", "floating_ip_address": "172.24.4.4", "tenant_id": "2689c130a02c4b17a7f22e340f8956f0", "status": "DOWN", "port_id": "509ff991-3f0c-409d-91dd-aad4c353240d", "id": "26b419e2-1dbd-4913-ba74-65427936f477"}}
2015-12-25 23:08:38,558 21512 INFO     [tempest_lib.common.rest_client] Request (TestNetworkAdvancedServerOps:test_server_connectivity_pause_unpause): 200 GET http://10.0.2.15:8774/v2.1/2689c130a02c4b17a7f22e340f8956f0/servers/0495dc8a-efb2-45d2-a1b5-046bf89024f6 0.250s
2015-12-25 23:08:38,558 21512 DEBUG    [tempest_lib.common.rest_client] Request - Headers: {'Content-Type': 'application/json', 'Accept': 'application/json', 'X-Auth-Token': '&lt;omitted&gt;'}
        Body: None
    Response - Headers: {'status': '200', 'content-length': '1661', 'content-location': 'http://10.0.2.15:8774/v2.1/2689c130a02c4b17a7f22e340f8956f0/servers/0495dc8a-efb2-45d2-a1b5-046bf89024f6', 'x-compute-request-id': 'req-a5a0b622-e8f1-43cf-a8d2-f0bcadbe8620', 'vary': 'X-OpenStack-Nova-API-Version', 'connection': 'close', 'x-openstack-nova-api-version': '2.1', 'date': 'Fri, 25 Dec 2015 23:08:38 GMT', 'content-type': 'application/json'}
        Body: {"server": {"status": "ACTIVE", "updated": "2015-12-25T23:08:36Z", "hostId": "d1b572ad97c0e899f9d1bfb64f5643fc1240528672215c088f360dd6", "addresses": {"tempest-network-smoke--1211633493": [{"OS-EXT-IPS-MAC:mac_addr": "fa:16:3e:5d:d0:47", "version": 4, "addr": "10.100.0.3", "OS-EXT-IPS:type": "fixed"}]}, "links": [{"href": "http://10.0.2.15:8774/v2.1/2689c130a02c4b17a7f22e340f8956f0/servers/0495dc8a-efb2-45d2-a1b5-046bf89024f6", "rel": "self"}, {"href": "http://10.0.2.15:8774/2689c130a02c4b17a7f22e340f8956f0/servers/0495dc8a-efb2-45d2-a1b5-046bf89024f6", "rel": "bookmark"}], "key_name": "tempest-TestNetworkAdvancedServerOps-1695848808", "image": {"id": "705f9df1-5751-4008-8b2d-bc8a882878c3", "links": [{"href": "http://10.0.2.15:8774/2689c130a02c4b17a7f22e340f8956f0/images/705f9df1-5751-4008-8b2d-bc8a882878c3", "rel": "bookmark"}]}, "OS-EXT-STS:task_state": null, "OS-EXT-STS:vm_state": "active", "OS-SRV-USG:launched_at": "2015-12-25T23:08:35.000000", "flavor": {"id": "42", "links": [{"href": "http://10.0.2.15:8774/2689c130a02c4b17a7f22e340f8956f0/flavors/42", "rel": "bookmark"}]}, "id": "0495dc8a-efb2-45d2-a1b5-046bf89024f6", "security_groups": [{"name": "tempest-secgroup-smoke-851113177"}], "OS-SRV-USG:terminated_at": null, "OS-EXT-AZ:availability_zone": "nova", "user_id": "17b2a6f1fb0d4173848a85c615a64ee8", "name": "tempest.common.compute-instance-970885442", "created": "2015-12-25T23:08:31Z", "tenant_id": "2689c130a02c4b17a7f22e340f8956f0", "OS-DCF:diskConfig": "MANUAL", "os-extended-volumes:volumes_attached": [], "accessIPv4": "", "accessIPv6": "", "progress": 0, "OS-EXT-STS:power_state": 1, "config_drive": "True", "metadata": {}}}
2015-12-25 23:08:38,567 21512 INFO     [tempest.scenario.manager] Tenant networks not configured to be reachable.
2015-12-25 23:08:38,581 21512 INFO     [tempest_lib.common.rest_client] Request (TestNetworkAdvancedServerOps:test_server_connectivity_pause_unpause): 200 GET http://10.0.2.15:9696/v2.0/floatingips/26b419e2-1dbd-4913-ba74-65427936f477 0.013s
2015-12-25 23:08:38,581 21512 DEBUG    [tempest_lib.common.rest_client] Request - Headers: {'Content-Type': 'application/json', 'Accept': 'application/json', 'X-Auth-Token': '&lt;omitted&gt;'}
        Body: None
    Response - Headers: {'status': '200', 'content-length': '367', 'content-location': 'http://10.0.2.15:9696/v2.0/floatingips/26b419e2-1dbd-4913-ba74-65427936f477', 'connection': 'close', 'date': 'Fri, 25 Dec 2015 23:08:38 GMT', 'content-type': 'application/json; charset=UTF-8', 'x-openstack-request-id': 'req-131ab031-1095-474f-b991-214f1b2e951e'}
        Body: {"floatingip": {"floating_network_id": "ca7fca2c-5d2a-4642-86c7-9b71bc67fc8a", "router_id": "b7090d45-776c-4e7d-ac2a-bad3e784ffb7", "fixed_ip_address": "10.100.0.3", "floating_ip_address": "172.24.4.4", "tenant_id": "2689c130a02c4b17a7f22e340f8956f0", "status": "DOWN", "port_id": "509ff991-3f0c-409d-91dd-aad4c353240d", "id": "26b419e2-1dbd-4913-ba74-65427936f477"}}
2015-12-25 23:08:39,598 21512 INFO     [tempest_lib.common.rest_client] Request (TestNetworkAdvancedServerOps:test_server_connectivity_pause_unpause): 200 GET http://10.0.2.15:9696/v2.0/floatingips/26b419e2-1dbd-4913-ba74-65427936f477 0.015s
2015-12-25 23:08:39,598 21512 DEBUG    [tempest_lib.common.rest_client] Request - Headers: {'Content-Type': 'application/json', 'Accept': 'application/json', 'X-Auth-Token': '&lt;omitted&gt;'}
        Body: None
    Response - Headers: {'status': '200', 'content-length': '369', 'content-location': 'http://10.0.2.15:9696/v2.0/floatingips/26b419e2-1dbd-4913-ba74-65427936f477', 'connection': 'close', 'date': 'Fri, 25 Dec 2015 23:08:39 GMT', 'content-type': 'application/json; charset=UTF-8', 'x-openstack-request-id': 'req-1fe546f5-ab7f-465c-b4cf-5d914baa6a06'}
        Body: {"floatingip": {"floating_network_id": "ca7fca2c-5d2a-4642-86c7-9b71bc67fc8a", "router_id": "b7090d45-776c-4e7d-ac2a-bad3e784ffb7", "fixed_ip_address": "10.100.0.3", "floating_ip_address": "172.24.4.4", "tenant_id": "2689c130a02c4b17a7f22e340f8956f0", "status": "ACTIVE", "port_id": "509ff991-3f0c-409d-91dd-aad4c353240d", "id": "26b419e2-1dbd-4913-ba74-65427936f477"}}
2015-12-25 23:08:39,599 21512 INFO     [tempest.scenario.manager] FloatingIP: &lt;"FloatingIP" addr="172.24.4.4" id="26b419e2-1dbd-4913-ba74-65427936f477"&gt; is at status: ACTIVE
2015-12-25 23:08:39,599 21512 DEBUG    [tempest.scenario.manager] checking network connections to IP 172.24.4.4 with user: cirros
2015-12-25 23:08:39,600 21512 DEBUG    [tempest.scenario.manager] TestNetworkAdvancedServerOps:test_server_connectivity_pause_unpause begins to ping 172.24.4.4 in 120 sec and the expected result is reachable
2015-12-25 23:10:39,872 21512 DEBUG    [tempest.scenario.manager] TestNetworkAdvancedServerOps:test_server_connectivity_pause_unpause finishes ping 172.24.4.4 in 120 sec and the ping result is unexpected
2015-12-25 23:10:39,874 21512 ERROR    [tempest.scenario.manager] Public network connectivity check failed
2015-12-25 23:10:39.874 21512 ERROR tempest.scenario.manager Traceback (most recent call last):
2015-12-25 23:10:39.874 21512 ERROR tempest.scenario.manager   File "tempest/scenario/manager.py", line 609, in check_public_network_connectivity
2015-12-25 23:10:39.874 21512 ERROR tempest.scenario.manager     should_connect=should_connect)
2015-12-25 23:10:39.874 21512 ERROR tempest.scenario.manager   File "tempest/scenario/manager.py", line 593, in check_vm_connectivity
2015-12-25 23:10:39.874 21512 ERROR tempest.scenario.manager     msg=msg)
2015-12-25 23:10:39.874 21512 ERROR tempest.scenario.manager   File "/usr/local/lib/python2.7/dist-packages/unittest2/case.py", line 702, in assertTrue
2015-12-25 23:10:39.874 21512 ERROR tempest.scenario.manager     raise self.failureException(msg)
2015-12-25 23:10:39.874 21512 ERROR tempest.scenario.manager AssertionError: False is not true : Timed out waiting for 172.24.4.4 to become reachable
2015-12-25 23:10:39.874 21512 ERROR tempest.scenario.manager 
2015-12-25 23:10:40,088 21512 INFO     [tempest_lib.common.rest_client] Request (TestNetworkAdvancedServerOps:test_server_connectivity_pause_unpause): 200 POST http://10.0.2.15:8774/v2.1/2689c130a02c4b17a7f22e340f8956f0/servers/0495dc8a-efb2-45d2-a1b5-046bf89024f6/action 0.211s
2015-12-25 23:10:40,089 21512 DEBUG    [tempest_lib.common.rest_client] Request - Headers: {'Content-Type': 'application/json', 'Accept': 'application/json', 'X-Auth-Token': '&lt;omitted&gt;'}
        Body: {"os-getConsoleOutput": {}}
    Response - Headers: {'status': '200', 'content-length': '17512', 'x-compute-request-id': 'req-d7e85208-bd96-443b-b3c8-7994b150209f', 'vary': 'X-OpenStack-Nova-API-Version', 'connection': 'close', 'x-openstack-nova-api-version': '2.1', 'date': 'Fri, 25 Dec 2015 23:10:40 GMT', 'content-type': 'application/json'}
        Body: {"output": "[    0.000000] Initializing cgroup subsys cpuset\n[    0.000000] Initializing cgroup subsys cpu\n[    0.000000] Linux version 3.2.0-80-virtual (buildd@batsu) (gcc version 4.6.3 (Ubuntu/Linaro 4.6.3-1ubuntu5) ) #116-Ubuntu SMP Mon Mar 23 17:28:52 UTC 2015 (Ubuntu 3.2.0-80.116-virtual 3.2.68)\n[    0.000000] Command line: root=/dev/vda console=tty0 console=ttyS0 no_timer_check\n[    0.000000] KERNEL supported cpus:\n[    0.000000]   Intel GenuineIntel\n[    0.000000]   AMD AuthenticAMD\n[    0.000000]   Centaur CentaurHauls\n[    0.000000] BIOS-provided physical RAM map:\n[    0.000000]  BIOS-e820: 0000000000000000 - 000000000009fc00 (usable)\n[    0.000000]  BIOS-e820: 000000000009fc00 - 00000000000a0000 (reserved)\n[    0.000000]  BIOS-e820: 00000000000f0000 - 0000000000100000 (reserved)\n[    0.000000]  BIOS-e820: 0000000000100000 - 0000000003ffe000 (usable)\n[    0.000000]  BIOS-e820: 0000000003ffe000 - 0000000004000000 (reserved)\n[    0.000000]  BIOS-e820: 00000000fffc0000 - 0000000100000000 (reserved)\n[    0.000000] NX (Execute Disable) protection: active\n[    0.000000] SMBIOS 2.4 present.\n[    0.000000] No AGP bridge found\n[    0.000000] last_pfn = 0x3ffe max_arch_pfn = 0x400000000\n[    0.000000] x86 PAT enabled: cpu 0, old 0x7040600070406, new 0x7010600070106\n[    0.000000] found SMP MP-table at [ffff8800000f0b00] f0b00\n[    0.000000] init_memory_mapping: 0000000000000000-0000000003ffe000\n[    0.000000] RAMDISK: 03c5e000 - 03ff0000\n[    0.000000] ACPI: RSDP 00000000000f0950 00014 (v00 BOCHS )\n[    0.000000] ACPI: RSDT 0000000003fffbc1 00034 (v01 BOCHS  BXPCRSDT 00000001 BXPC 00000001)\n[    0.000000] ACPI: FACP 0000000003fff1c0 00074 (v01 BOCHS  BXPCFACP 00000001 BXPC 00000001)\n[    0.000000] ACPI: DSDT 0000000003ffe040 01180 (v01 BOCHS  BXPCDSDT 00000001 BXPC 00000001)\n[    0.000000] ACPI: FACS 0000000003ffe000 00040\n[    0.000000] ACPI: SSDT 0000000003fff234 008DD (v01 BOCHS  BXPCSSDT 00000001 BXPC 00000001)\n[    0.000000] ACPI: APIC 0000000003fffb11 00078 (v01 BOCHS  BXPCAPIC 00000001 BXPC 00000001)\n[    0.000000] ACPI: HPET 0000000003fffb89 00038 (v01 BOCHS  BXPCHPET 00000001 BXPC 00000001)\n[    0.000000] No NUMA configuration found\n[    0.000000] Faking a node at 0000000000000000-0000000003ffe000\n[    0.000000] Initmem setup node 0 0000000000000000-0000000003ffe000\n[    0.000000]   NODE_DATA [0000000003ff6000 - 0000000003ffafff]\n[    0.000000] Zone PFN ranges:\n[    0.000000]   DMA      0x00000010 -&gt; 0x00001000\n[    0.000000]   DMA32    0x00001000 -&gt; 0x00100000\n[    0.000000]   Normal   empty\n[    0.000000] Movable zone start PFN for each node\n[    0.000000] early_node_map[2] active PFN ranges\n[    0.000000]     0: 0x00000010 -&gt; 0x0000009f\n[    0.000000]     0: 0x00000100 -&gt; 0x00003ffe\n[    0.000000] ACPI: PM-Timer IO Port: 0xb008\n[    0.000000] ACPI: LAPIC (acpi_id[0x00] lapic_id[0x00] enabled)\n[    0.000000] ACPI: LAPIC_NMI (acpi_id[0xff] dfl dfl lint[0x1])\n[    0.000000] ACPI: IOAPIC (id[0x00] address[0xfec00000] gsi_base[0])\n[    0.000000] IOAPIC[0]: apic_id 0, version 17, address 0xfec00000, GSI 0-23\n[    0.000000] ACPI: INT_SRC_OVR (bus 0 bus_irq 0 global_irq 2 dfl dfl)\n[    0.000000] ACPI: INT_SRC_OVR (bus 0 bus_irq 5 global_irq 5 high level)\n[    0.000000] ACPI: INT_SRC_OVR (bus 0 bus_irq 9 global_irq 9 high level)\n[    0.000000] ACPI: INT_SRC_OVR (bus 0 bus_irq 10 global_irq 10 high level)\n[    0.000000] ACPI: INT_SRC_OVR (bus 0 bus_irq 11 global_irq 11 high level)\n[    0.000000] Using ACPI (MADT) for SMP configuration information\n[    0.000000] ACPI: HPET id: 0x8086a201 base: 0xfed00000\n[    0.000000] SMP: Allowing 1 CPUs, 0 hotplug CPUs\n[    0.000000] PM: Registered nosave memory: 000000000009f000 - 00000000000a0000\n[    0.000000] PM: Registered nosave memory: 00000000000a0000 - 00000000000f0000\n[    0.000000] PM: Registered nosave memory: 00000000000f0000 - 0000000000100000\n[    0.000000] Allocating PCI resources starting at 4000000 (gap: 4000000:fbfc0000)\n[    0.000000] Booting paravirtualized kernel on bare hardware\n[    0.000000] setup_pe
2015-12-25 23:10:40,093 21512 DEBUG    [tempest.scenario.manager] Console output for 0495dc8a-efb2-45d2-a1b5-046bf89024f6
body=
[    0.000000] Initializing cgroup subsys cpuset
[    0.000000] Initializing cgroup subsys cpu
[    0.000000] Linux version 3.2.0-80-virtual (buildd@batsu) (gcc version 4.6.3 (Ubuntu/Linaro 4.6.3-1ubuntu5) ) #116-Ubuntu SMP Mon Mar 23 17:28:52 UTC 2015 (Ubuntu 3.2.0-80.116-virtual 3.2.68)
[    0.000000] Command line: root=/dev/vda console=tty0 console=ttyS0 no_timer_check
[    0.000000] KERNEL supported cpus:
[    0.000000]   Intel GenuineIntel
[    0.000000]   AMD AuthenticAMD
[    0.000000]   Centaur CentaurHauls
[    0.000000] BIOS-provided physical RAM map:
[    0.000000]  BIOS-e820: 0000000000000000 - 000000000009fc00 (usable)
[    0.000000]  BIOS-e820: 000000000009fc00 - 00000000000a0000 (reserved)
[    0.000000]  BIOS-e820: 00000000000f0000 - 0000000000100000 (reserved)
[    0.000000]  BIOS-e820: 0000000000100000 - 0000000003ffe000 (usable)
[    0.000000]  BIOS-e820: 0000000003ffe000 - 0000000004000000 (reserved)
[    0.000000]  BIOS-e820: 00000000fffc0000 - 0000000100000000 (reserved)
[    0.000000] NX (Execute Disable) protection: active
[    0.000000] SMBIOS 2.4 present.
[    0.000000] No AGP bridge found
[    0.000000] last_pfn = 0x3ffe max_arch_pfn = 0x400000000
[    0.000000] x86 PAT enabled: cpu 0, old 0x7040600070406, new 0x7010600070106
[    0.000000] found SMP MP-table at [ffff8800000f0b00] f0b00
[    0.000000] init_memory_mapping: 0000000000000000-0000000003ffe000
[    0.000000] RAMDISK: 03c5e000 - 03ff0000
[    0.000000] ACPI: RSDP 00000000000f0950 00014 (v00 BOCHS )
[    0.000000] ACPI: RSDT 0000000003fffbc1 00034 (v01 BOCHS  BXPCRSDT 00000001 BXPC 00000001)
[    0.000000] ACPI: FACP 0000000003fff1c0 00074 (v01 BOCHS  BXPCFACP 00000001 BXPC 00000001)
[    0.000000] ACPI: DSDT 0000000003ffe040 01180 (v01 BOCHS  BXPCDSDT 00000001 BXPC 00000001)
[    0.000000] ACPI: FACS 0000000003ffe000 00040
[    0.000000] ACPI: SSDT 0000000003fff234 008DD (v01 BOCHS  BXPCSSDT 00000001 BXPC 00000001)
[    0.000000] ACPI: APIC 0000000003fffb11 00078 (v01 BOCHS  BXPCAPIC 00000001 BXPC 00000001)
[    0.000000] ACPI: HPET 0000000003fffb89 00038 (v01 BOCHS  BXPCHPET 00000001 BXPC 00000001)
[    0.000000] No NUMA configuration found
[    0.000000] Faking a node at 0000000000000000-0000000003ffe000
[    0.000000] Initmem setup node 0 0000000000000000-0000000003ffe000
[    0.000000]   NODE_DATA [0000000003ff6000 - 0000000003ffafff]
[    0.000000] Zone PFN ranges:
[    0.000000]   DMA      0x00000010 -&gt; 0x00001000
[    0.000000]   DMA32    0x00001000 -&gt; 0x00100000
[    0.000000]   Normal   empty
[    0.000000] Movable zone start PFN for each node
[    0.000000] early_node_map[2] active PFN ranges
[    0.000000]     0: 0x00000010 -&gt; 0x0000009f
[    0.000000]     0: 0x00000100 -&gt; 0x00003ffe
[    0.000000] ACPI: PM-Timer IO Port: 0xb008
[    0.000000] ACPI: LAPIC (acpi_id[0x00] lapic_id[0x00] enabled)
[    0.000000] ACPI: LAPIC_NMI (acpi_id[0xff] dfl dfl lint[0x1])
[    0.000000] ACPI: IOAPIC (id[0x00] address[0xfec00000] gsi_base[0])
[    0.000000] IOAPIC[0]: apic_id 0, version 17, address 0xfec00000, GSI 0-23
[    0.000000] ACPI: INT_SRC_OVR (bus 0 bus_irq 0 global_irq 2 dfl dfl)
[    0.000000] ACPI: INT_SRC_OVR (bus 0 bus_irq 5 global_irq 5 high level)
[    0.000000] ACPI: INT_SRC_OVR (bus 0 bus_irq 9 global_irq 9 high level)
[    0.000000] ACPI: INT_SRC_OVR (bus 0 bus_irq 10 global_irq 10 high level)
[    0.000000] ACPI: INT_SRC_OVR (bus 0 bus_irq 11 global_irq 11 high level)
[    0.000000] Using ACPI (MADT) for SMP configuration information
[    0.000000] ACPI: HPET id: 0x8086a201 base: 0xfed00000
[    0.000000] SMP: Allowing 1 CPUs, 0 hotplug CPUs
[    0.000000] PM: Registered nosave memory: 000000000009f000 - 00000000000a0000
[    0.000000] PM: Registered nosave memory: 00000000000a0000 - 00000000000f0000
[    0.000000] PM: Registered nosave memory: 00000000000f0000 - 0000000000100000
[    0.000000] Allocating PCI resources starting at 4000000 (gap: 4000000:fbfc0000)
[    0.000000] Booting paravirtualized kernel on bare hardware
[    0.000000] setup_percpu: NR_CPUS:64 nr_cpumask_bits:64 nr_cpu_ids:1 nr_node_ids:1
[    0.000000] PERCPU: Embedded 27 pages/cpu @ffff880003a00000 s78848 r8192 d23552 u2097152
[    0.000000] Built 1 zonelists in Node order, mobility grouping on.  Total pages: 16008
[    0.000000] Policy zone: DMA32
[    0.000000] Kernel command line: root=/dev/vda console=tty0 console=ttyS0 no_timer_check
[    0.000000] PID hash table entries: 256 (order: -1, 2048 bytes)
[    0.000000] Checking aperture...
[    0.000000] No AGP bridge found
[    0.000000] Memory: 43492k/65528k available (6576k kernel code, 452k absent, 21584k reserved, 6620k data, 928k init)
[    0.000000] SLUB: Genslabs=15, HWalign=64, Order=0-3, MinObjects=0, CPUs=1, Nodes=1
[    0.000000] Hierarchical RCU implementation.
[    0.000000] 	RCU dyntick-idle grace-period acceleration is enabled.
[    0.000000] NR_IRQS:4352 nr_irqs:256 16
[    0.000000] Console: colour VGA+ 80x25
[    0.000000] console [tty0] enabled
[    0.000000] console [ttyS0] enabled
[    0.000000] allocated 1048576 bytes of page_cgroup
[    0.000000] please try 'cgroup_disable=memory' option if you don't want memory cgroups
[    0.000000] Fast TSC calibration failed
[    0.000000] TSC: Unable to calibrate against PIT
[    0.000000] TSC: using HPET reference calibration
[    0.000000] Detected 2290.056 MHz processor.
[    0.032887] Calibrating delay loop (skipped), value calculated using timer frequency.. 4580.11 BogoMIPS (lpj=9160224)
[    0.036785] pid_max: default: 32768 minimum: 301
[    0.050064] Security Framework initialized
[    0.055191] AppArmor: AppArmor initialized
[    0.056123] Yama: becoming mindful.
[    0.062897] Dentry cache hash table entries: 8192 (order: 4, 65536 bytes)
[    0.064608] Inode-cache hash table entries: 4096 (order: 3, 32768 bytes)
[    0.066112] Mount-cache hash table entries: 256
[    0.082146] Initializing cgroup subsys cpuacct
[    0.083187] Initializing cgroup subsys memory
[    0.084719] Initializing cgroup subsys devices
[    0.085420] Initializing cgroup subsys freezer
[    0.086222] Initializing cgroup subsys blkio
[    0.086969] Initializing cgroup subsys perf_event
[    0.092997] mce: CPU supports 10 MCE banks
[    0.097074] SMP alternatives: switching to UP code
[    0.536446] Freeing SMP alternatives: 24k freed
[    0.538366] ACPI: Core revision 20110623
[    0.604481] ftrace: allocating 26610 entries in 105 pages
[    0.634865] ..TIMER: vector=0x30 apic1=0 pin1=2 apic2=-1 pin2=-1
[    0.636165] CPU0: AMD QEMU Virtual CPU version 2.0.0 stepping 03
[    0.640039] Performance Events: Broken PMU hardware detected, using software events only.
[    0.648306] NMI watchdog disabled (cpu0): hardware events not enabled
[    0.649826] Brought up 1 CPUs
[    0.650378] Total of 1 processors activated (4580.11 BogoMIPS).
[    0.673683] devtmpfs: initialized
[    0.703476] EVM: security.selinux
[    0.704080] EVM: security.SMACK64
[    0.704530] EVM: security.capability
[    0.724606] print_constraints: dummy: 
[    0.726204] RTC time: 23:08:39, date: 12/25/15
[    0.729404] NET: Registered protocol family 16
[    0.737477] ACPI: bus type pci registered
[    0.741560] PCI: Using configuration type 1 for base access
[    0.773862] bio: create slab &lt;bio-0&gt; at 0
[    0.778433] ACPI: Added _OSI(Module Device)
[    0.778955] ACPI: Added _OSI(Processor Device)
[    0.779851] ACPI: Added _OSI(3.0 _SCP Extensions)
[    0.780110] ACPI: Added _OSI(Processor Aggregator Device)
[    0.857448] ACPI: Interpreter enabled
[    0.858094] ACPI: (supports S0 S3 S4 S5)
[    0.860536] ACPI: Using IOAPIC for interrupt routing
[    0.943198] ACPI: No dock devices found.
[    0.944172] HEST: Table not found.
[    0.944794] PCI: Using host bridge windows from ACPI; if necessary, use "pci=nocrs" and report a bug
[    0.952058] ACPI: PCI Root Bridge [PCI0] (domain 0000 [bus 00-ff])
[    0.957137] pci_root PNP0A03:00: host bridge window [io  0x0000-0x0cf7]
[    0.958132] pci_root PNP0A03:00: host bridge window [io  0x0d00-0xadff]
[    0.959112] pci_root PNP0A03:00: host bridge window [io  0xae0f-0xaeff]
[    0.960118] pci_root PNP0A03:00: host bridge window [io  0xaf20-0xafdf]
[    0.960891] pci_root PNP0A03:00: host bridge window [io  0xafe4-0xffff]
[    0.961954] pci_root PNP0A03:00: host bridge window [mem 0x000a0000-0x000bffff]
[    0.964110] pci_root PNP0A03:00: host bridge window [mem 0x04000000-0xfebfffff]
[    0.980296] pci 0000:00:01.3: quirk: [io  0xb000-0xb03f] claimed by PIIX4 ACPI
[    0.981276] pci 0000:00:01.3: quirk: [io  0xb100-0xb10f] claimed by PIIX4 SMB
[    1.045999]  pci0000:00: Unable to request _OSC control (_OSC support mask: 0x1e)
[    1.103169] ACPI: PCI Interrupt Link [LNKA] (IRQs 5 *10 11)
[    1.105830] ACPI: PCI Interrupt Link [LNKB] (IRQs 5 *10 11)
[    1.108208] ACPI: PCI Interrupt Link [LNKC] (IRQs 5 10 *11)
[    1.110101] ACPI: PCI Interrupt Link [LNKD] (IRQs 5 10 *11)
[    1.111279] ACPI: PCI Interrupt Link [LNKS] (IRQs *9)
[    1.118006] vgaarb: device added: PCI:0000:00:02.0,decodes=io+mem,owns=io+mem,locks=none
[    1.119020] vgaarb: loaded
[    1.120161] vgaarb: bridge control possible 0000:00:02.0
[    1.124331] i2c-core: driver [aat2870] using legacy suspend method
[    1.125005] i2c-core: driver [aat2870] using legacy resume method
[    1.127460] SCSI subsystem initialized
[    1.130487] usbcore: registered new interface driver usbfs
[    1.132450] usbcore: registered new interface driver hub
[    1.133722] usbcore: registered new device driver usb
[    1.137421] PCI: Using ACPI for IRQ routing
[    1.147262] NetLabel: Initializing
[    1.148226] NetLabel:  domain hash size = 128
[    1.149206] NetLabel:  protocols = UNLABELED CIPSOv4
[    1.153791] NetLabel:  unlabeled traffic allowed by default
[    1.158016] HPET: 3 timers in total, 0 timers will be used for per-cpu timer
[    1.160442] hpet0: at MMIO 0xfed00000, IRQs 2, 8, 0
[    1.161455] hpet0: 3 comparators, 64-bit 100.000000 MHz counter
[    1.174118] Switching to clocksource hpet
[    1.419697] AppArmor: AppArmor Filesystem Enabled
[    1.422388] pnp: PnP ACPI init
[    1.423159] ACPI: bus type pnp registered
[    1.457489] pnp: PnP ACPI: found 9 devices
[    1.458078] ACPI: ACPI bus type pnp unregistered
[    1.519561] NET: Registered protocol family 2
[    1.555793] IP route cache hash table entries: 512 (order: 0, 4096 bytes)
[    1.564128] TCP established hash table entries: 2048 (order: 3, 32768 bytes)
[    1.566707] TCP bind hash table entries: 2048 (order: 3, 32768 bytes)
[    1.567690] TCP: Hash tables configured (established 2048 bind 2048)
[    1.569466] TCP reno registered
[    1.570050] UDP hash table entries: 128 (order: 0, 4096 bytes)
[    1.570895] UDP-Lite hash table entries: 128 (order: 0, 4096 bytes)
[    1.574240] NET: Registered protocol family 1
[    1.575238] pci 0000:00:00.0: Limiting direct PCI/PCI transfers
[    1.576053] pci 0000:00:01.0: PIIX3: Enabling Passive Release
[    1.577786] pci 0000:00:01.0: Activating ISA DMA hang workarounds
[    1.583320] ACPI: PCI Interrupt Link [LNKD] enabled at IRQ 11
[    1.584274] pci 0000:00:01.2: PCI INT D -&gt; Link[LNKD] -&gt; GSI 11 (level, high) -&gt; IRQ 11
[    1.586894] pci 0000:00:01.2: PCI INT D disabled
[    1.607807] Trying to unpack rootfs image as initramfs...
[    1.627415] audit: initializing netlink socket (disabled)
[    1.629743] type=2000 audit(1451084919.628:1): initialized
[    1.919869] HugeTLB registered 2 MB page size, pre-allocated 0 pages
[    2.007861] VFS: Disk quotas dquot_6.5.2
[    2.011855] Dquot-cache hash table entries: 512 (order 0, 4096 bytes)
[    2.043596] fuse init (API version 7.17)
[    2.046791] msgmni has been set to 84
[    2.086908] Block layer SCSI generic (bsg) driver version 0.4 loaded (major 253)
[    2.090043] io scheduler noop registered
[    2.090594] io scheduler deadline registered (default)
[    2.092031] io scheduler cfq registered
[    2.097199] pci_hotplug: PCI Hot Plug PCI Core version: 0.5
[    2.099692] pciehp: PCI Express Hot Plug Controller Driver version: 0.4
[    2.106284] input: Power Button as /devices/LNXSYSTM:00/LNXPWRBN:00/input/input0
[    2.107750] ACPI: Power Button [PWRF]
[    2.160418] ERST: Table is not found!
[    2.162253] GHES: HEST is not enabled!
[    2.178805] ACPI: PCI Interrupt Link [LNKC] enabled at IRQ 10
[    2.179626] virtio-pci 0000:00:03.0: PCI INT A -&gt; Link[LNKC] -&gt; GSI 10 (level, high) -&gt; IRQ 10
[    2.183503] virtio-pci 0000:00:04.0: PCI INT A -&gt; Link[LNKD] -&gt; GSI 11 (level, high) -&gt; IRQ 11
[    2.201282] ACPI: PCI Interrupt Link [LNKA] enabled at IRQ 10
[    2.201965] virtio-pci 0000:00:05.0: PCI INT A -&gt; Link[LNKA] -&gt; GSI 10 (level, high) -&gt; IRQ 10
[    2.217751] Serial: 8250/16550 driver, 32 ports, IRQ sharing enabled
[    2.266203] serial8250: ttyS0 at I/O 0x3f8 (irq = 4) is a 16550A
[    2.353094] serial8250: ttyS1 at I/O 0x2f8 (irq = 3) is a 16550A
[    2.484703] 00:05: ttyS0 at I/O 0x3f8 (irq = 4) is a 16550A
[    2.577267] 00:06: ttyS1 at I/O 0x2f8 (irq = 3) is a 16550A
[    2.591986] Refined TSC clocksource calibration: 2290.180 MHz.
[    2.595058] Switching to clocksource tsc
[    2.629492] Linux agpgart interface v0.103
[    2.692219] brd: module loaded
[    2.719782] loop: module loaded
[    2.766054]  vda: unknown partition table
[    2.827395] scsi0 : ata_piix
[    2.835344] scsi1 : ata_piix
[    2.839236] ata1: PATA max MWDMA2 cmd 0x1f0 ctl 0x3f6 bmdma 0xc0a0 irq 14
[    2.840088] ata2: PATA max MWDMA2 cmd 0x170 ctl 0x376 bmdma 0xc0a8 irq 15
[    2.851902] Fixed MDIO Bus: probed
[    2.853993] tun: Universal TUN/TAP device driver, 1.6
[    2.854596] tun: (C) 1999-2004 Max Krasnyansky &lt;maxk@qualcomm.com&gt;
[    2.868005] PPP generic driver version 2.4.2
[    2.895039] ehci_hcd: USB 2.0 'Enhanced' Host Controller (EHCI) Driver
[    2.896122] ohci_hcd: USB 1.1 'Open' Host Controller (OHCI) Driver
[    2.897959] uhci_hcd: USB Universal Host Controller Interface driver
[    2.899187] uhci_hcd 0000:00:01.2: PCI INT D -&gt; Link[LNKD] -&gt; GSI 11 (level, high) -&gt; IRQ 11
[    2.902505] uhci_hcd 0000:00:01.2: UHCI Host Controller
[    2.913687] uhci_hcd 0000:00:01.2: new USB bus registered, assigned bus number 1
[    2.915528] uhci_hcd 0000:00:01.2: irq 11, io base 0x0000c040
[    2.947870] hub 1-0:1.0: USB hub found
[    2.949677] hub 1-0:1.0: 2 ports detected
[    2.955776] usbcore: registered new interface driver libusual
[    2.959253] i8042: PNP: PS/2 Controller [PNP0303:KBD,PNP0f13:MOU] at 0x60,0x64 irq 1,12
[    2.967007] serio: i8042 KBD port at 0x60,0x64 irq 1
[    2.968200] serio: i8042 AUX port at 0x60,0x64 irq 12
[    3.009355] mousedev: PS/2 mouse device common for all mice
[    3.025726] input: AT Translated Set 2 keyboard as /devices/platform/i8042/serio0/input/input1
[    3.030556] rtc_cmos 00:01: RTC can wake from S4
[    3.059228] rtc_cmos 00:01: rtc core: registered rtc_cmos as rtc0
[    3.064831] rtc0: alarms up to one day, 114 bytes nvram, hpet irqs
[    3.070910] device-mapper: uevent: version 1.0.3
[    3.105018] ata2.01: ATAPI: QEMU DVD-ROM, 2.0.0, max UDMA/100
[    3.115162] ata2.01: configured for MWDMA2
[    3.150283] device-mapper: ioctl: 4.22.0-ioctl (2011-10-19) initialised: dm-devel@redhat.com
[    3.152981] cpuidle: using governor ladder
[    3.154065] cpuidle: using governor menu
[    3.154539] EFI Variables Facility v0.08 2004-May-17
[    3.164978] TCP cubic registered
[    3.170121] NET: Registered protocol family 10
[    3.193004] NET: Registered protocol family 17
[    3.194547] Registering the dns_resolver key type
[    3.204749] scsi 1:0:1:0: CD-ROM            QEMU     QEMU DVD-ROM     2.0. PQ: 0 ANSI: 5
[    3.234733] sr0: scsi3-mmc drive: 4x/4x cd/rw xa/form2 tray
[    3.236119] cdrom: Uniform CD-ROM driver Revision: 3.20
[    3.254191] sr 1:0:1:0: Attached scsi generic sg0 type 5
[    3.288809] registered taskstats version 1
[    3.433916] Freeing initrd memory: 3656k freed
[    3.979974]   Magic number: 11:422:151
[    3.986142] bdi 1:3: hash matches
[    3.987529] virtio virtio2: hash matches
[    3.991456] rtc_cmos 00:01: setting system clock to 2015-12-25 23:08:42 UTC (1451084922)
[    3.993494] powernow-k8: Processor cpuid 663 not supported
[    3.998691] BIOS EDD facility v0.16 2004-Jun-25, 0 devices found
[    4.001726] EDD information not available.
[    4.080069] Freeing unused kernel memory: 928k freed
[    4.085190] Write protecting the kernel read-only data: 12288k
[    4.186397] Freeing unused kernel memory: 1596k freed
[    4.258244] Freeing unused kernel memory: 1184k freed

info: initramfs: up at 4.45
modprobe: module virtio_blk not found in modules.dep
modprobe: module virtio_net not found in modules.dep
info: copying initramfs to /dev/vda
info: initramfs loading root from /dev/vda
info: /etc/init.d/rc.sysinit: up at 9.33
info: container: none
Starting logging: OK
modprobe: module virtio_blk not found in modules.dep
modprobe: module virtio_net not found in modules.dep
WARN: /etc/rc3.d/S10-load-modules failed
Initializing random number generator... done.
Starting acpid: OK
cirros-ds 'local' up at 11.86
found datasource (configdrive, local)
Starting network...
udhcpc (v1.20.1) started
Sending discover...
Sending discover...

2015-12-25 23:10:40,391 21512 INFO     [tempest_lib.common.rest_client] Request (TestNetworkAdvancedServerOps:_run_cleanups): 204 DELETE http://10.0.2.15:9696/v2.0/floatingips/26b419e2-1dbd-4913-ba74-65427936f477 0.291s
2015-12-25 23:10:40,392 21512 DEBUG    [tempest_lib.common.rest_client] Request - Headers: {'Content-Type': 'application/json', 'Accept': 'application/json', 'X-Auth-Token': '&lt;omitted&gt;'}
        Body: None
    Response - Headers: {'date': 'Fri, 25 Dec 2015 23:10:40 GMT', 'status': '204', 'connection': 'close', 'content-length': '0', 'x-openstack-request-id': 'req-83fe6381-3494-414b-86a0-736fa0bd157c'}
        Body: 
2015-12-25 23:10:40,602 21512 INFO     [tempest_lib.common.rest_client] Request (TestNetworkAdvancedServerOps:_run_cleanups): 204 DELETE http://10.0.2.15:8774/v2.1/2689c130a02c4b17a7f22e340f8956f0/servers/0495dc8a-efb2-45d2-a1b5-046bf89024f6 0.209s
2015-12-25 23:10:40,602 21512 DEBUG    [tempest_lib.common.rest_client] Request - Headers: {'Content-Type': 'application/json', 'Accept': 'application/json', 'X-Auth-Token': '&lt;omitted&gt;'}
        Body: None
    Response - Headers: {'status': '204', 'content-length': '0', 'x-compute-request-id': 'req-f7b7be6d-32f9-483e-98cf-fb761f97a745', 'vary': 'X-OpenStack-Nova-API-Version', 'connection': 'close', 'x-openstack-nova-api-version': '2.1', 'date': 'Fri, 25 Dec 2015 23:10:40 GMT', 'content-type': 'application/json'}
        Body: 
2015-12-25 23:10:40,814 21512 INFO     [tempest_lib.common.rest_client] Request (TestNetworkAdvancedServerOps:_run_cleanups): 200 GET http://10.0.2.15:8774/v2.1/2689c130a02c4b17a7f22e340f8956f0/servers/0495dc8a-efb2-45d2-a1b5-046bf89024f6 0.211s
2015-12-25 23:10:40,814 21512 DEBUG    [tempest_lib.common.rest_client] Request - Headers: {'Content-Type': 'application/json', 'Accept': 'application/json', 'X-Auth-Token': '&lt;omitted&gt;'}
        Body: None
    Response - Headers: {'status': '200', 'content-length': '1784', 'content-location': 'http://10.0.2.15:8774/v2.1/2689c130a02c4b17a7f22e340f8956f0/servers/0495dc8a-efb2-45d2-a1b5-046bf89024f6', 'x-compute-request-id': 'req-ae58bca8-0d6d-4f58-9650-2d5800b64e71', 'vary': 'X-OpenStack-Nova-API-Version', 'connection': 'close', 'x-openstack-nova-api-version': '2.1', 'date': 'Fri, 25 Dec 2015 23:10:40 GMT', 'content-type': 'application/json'}
        Body: {"server": {"status": "ACTIVE", "updated": "2015-12-25T23:10:40Z", "hostId": "d1b572ad97c0e899f9d1bfb64f5643fc1240528672215c088f360dd6", "addresses": {"tempest-network-smoke--1211633493": [{"OS-EXT-IPS-MAC:mac_addr": "fa:16:3e:5d:d0:47", "version": 4, "addr": "10.100.0.3", "OS-EXT-IPS:type": "fixed"}, {"OS-EXT-IPS-MAC:mac_addr": "fa:16:3e:5d:d0:47", "version": 4, "addr": "172.24.4.4", "OS-EXT-IPS:type": "floating"}]}, "links": [{"href": "http://10.0.2.15:8774/v2.1/2689c130a02c4b17a7f22e340f8956f0/servers/0495dc8a-efb2-45d2-a1b5-046bf89024f6", "rel": "self"}, {"href": "http://10.0.2.15:8774/2689c130a02c4b17a7f22e340f8956f0/servers/0495dc8a-efb2-45d2-a1b5-046bf89024f6", "rel": "bookmark"}], "key_name": "tempest-TestNetworkAdvancedServerOps-1695848808", "image": {"id": "705f9df1-5751-4008-8b2d-bc8a882878c3", "links": [{"href": "http://10.0.2.15:8774/2689c130a02c4b17a7f22e340f8956f0/images/705f9df1-5751-4008-8b2d-bc8a882878c3", "rel": "bookmark"}]}, "OS-EXT-STS:task_state": "deleting", "OS-EXT-STS:vm_state": "active", "OS-SRV-USG:launched_at": "2015-12-25T23:08:35.000000", "flavor": {"id": "42", "links": [{"href": "http://10.0.2.15:8774/2689c130a02c4b17a7f22e340f8956f0/flavors/42", "rel": "bookmark"}]}, "id": "0495dc8a-efb2-45d2-a1b5-046bf89024f6", "security_groups": [{"name": "tempest-secgroup-smoke-851113177"}], "OS-SRV-USG:terminated_at": null, "OS-EXT-AZ:availability_zone": "nova", "user_id": "17b2a6f1fb0d4173848a85c615a64ee8", "name": "tempest.common.compute-instance-970885442", "created": "2015-12-25T23:08:31Z", "tenant_id": "2689c130a02c4b17a7f22e340f8956f0", "OS-DCF:diskConfig": "MANUAL", "os-extended-volumes:volumes_attached": [], "accessIPv4": "", "accessIPv6": "", "progress": 0, "OS-EXT-STS:power_state": 1, "config_drive": "True", "metadata": {}}}
2015-12-25 23:10:41,972 21512 INFO     [tempest_lib.common.rest_client] Request (TestNetworkAdvancedServerOps:_run_cleanups): 200 GET http://10.0.2.15:8774/v2.1/2689c130a02c4b17a7f22e340f8956f0/servers/0495dc8a-efb2-45d2-a1b5-046bf89024f6 0.146s
2015-12-25 23:10:41,972 21512 DEBUG    [tempest_lib.common.rest_client] Request - Headers: {'Content-Type': 'application/json', 'Accept': 'application/json', 'X-Auth-Token': '&lt;omitted&gt;'}
        Body: None
    Response - Headers: {'status': '200', 'content-length': '1717', 'content-location': 'http://10.0.2.15:8774/v2.1/2689c130a02c4b17a7f22e340f8956f0/servers/0495dc8a-efb2-45d2-a1b5-046bf89024f6', 'x-compute-request-id': 'req-64cf398e-88d0-4f18-bbab-4a48a0396228', 'vary': 'X-OpenStack-Nova-API-Version', 'connection': 'close', 'x-openstack-nova-api-version': '2.1', 'date': 'Fri, 25 Dec 2015 23:10:41 GMT', 'content-type': 'application/json'}
        Body: {"server": {"status": "ACTIVE", "updated": "2015-12-25T23:10:41Z", "hostId": "d1b572ad97c0e899f9d1bfb64f5643fc1240528672215c088f360dd6", "addresses": {"tempest-network-smoke--1211633493": [{"OS-EXT-IPS-MAC:mac_addr": "fa:16:3e:5d:d0:47", "version": 4, "addr": "10.100.0.3", "OS-EXT-IPS:type": "fixed"}, {"OS-EXT-IPS-MAC:mac_addr": "fa:16:3e:5d:d0:47", "version": 4, "addr": "172.24.4.4", "OS-EXT-IPS:type": "floating"}]}, "links": [{"href": "http://10.0.2.15:8774/v2.1/2689c130a02c4b17a7f22e340f8956f0/servers/0495dc8a-efb2-45d2-a1b5-046bf89024f6", "rel": "self"}, {"href": "http://10.0.2.15:8774/2689c130a02c4b17a7f22e340f8956f0/servers/0495dc8a-efb2-45d2-a1b5-046bf89024f6", "rel": "bookmark"}], "key_name": "tempest-TestNetworkAdvancedServerOps-1695848808", "image": {"id": "705f9df1-5751-4008-8b2d-bc8a882878c3", "links": [{"href": "http://10.0.2.15:8774/2689c130a02c4b17a7f22e340f8956f0/images/705f9df1-5751-4008-8b2d-bc8a882878c3", "rel": "bookmark"}]}, "OS-EXT-STS:task_state": "deleting", "OS-EXT-STS:vm_state": "active", "OS-SRV-USG:launched_at": "2015-12-25T23:08:35.000000", "flavor": {"id": "42", "links": [{"href": "http://10.0.2.15:8774/2689c130a02c4b17a7f22e340f8956f0/flavors/42", "rel": "bookmark"}]}, "id": "0495dc8a-efb2-45d2-a1b5-046bf89024f6", "OS-SRV-USG:terminated_at": null, "OS-EXT-AZ:availability_zone": "nova", "user_id": "17b2a6f1fb0d4173848a85c615a64ee8", "name": "tempest.common.compute-instance-970885442", "created": "2015-12-25T23:08:31Z", "tenant_id": "2689c130a02c4b17a7f22e340f8956f0", "OS-DCF:diskConfig": "MANUAL", "os-extended-volumes:volumes_attached": [], "accessIPv4": "", "accessIPv6": "", "progress": 0, "OS-EXT-STS:power_state": 1, "config_drive": "True", "metadata": {}}}
2015-12-25 23:10:43,071 21512 INFO     [tempest_lib.common.rest_client] Request (TestNetworkAdvancedServerOps:_run_cleanups): 404 GET http://10.0.2.15:8774/v2.1/2689c130a02c4b17a7f22e340f8956f0/servers/0495dc8a-efb2-45d2-a1b5-046bf89024f6 0.088s
2015-12-25 23:10:43,072 21512 DEBUG    [tempest_lib.common.rest_client] Request - Headers: {'Content-Type': 'application/json', 'Accept': 'application/json', 'X-Auth-Token': '&lt;omitted&gt;'}
        Body: None
    Response - Headers: {'status': '404', 'content-length': '111', 'x-compute-request-id': 'req-63a0ed1e-e895-409c-a6a9-5b44f6ab0384', 'vary': 'X-OpenStack-Nova-API-Version', 'connection': 'close', 'x-openstack-nova-api-version': '2.1', 'date': 'Fri, 25 Dec 2015 23:10:43 GMT', 'content-type': 'application/json; charset=UTF-8'}
        Body: {"itemNotFound": {"message": "Instance 0495dc8a-efb2-45d2-a1b5-046bf89024f6 could not be found.", "code": 404}}
2015-12-25 23:10:43,484 21512 INFO     [tempest_lib.common.rest_client] Request (TestNetworkAdvancedServerOps:_run_cleanups): 200 PUT http://10.0.2.15:9696/v2.0/routers/b7090d45-776c-4e7d-ac2a-bad3e784ffb7/remove_router_interface 0.411s
2015-12-25 23:10:43,485 21512 DEBUG    [tempest_lib.common.rest_client] Request - Headers: {'Content-Type': 'application/json', 'Accept': 'application/json', 'X-Auth-Token': '&lt;omitted&gt;'}
        Body: {"subnet_id": "cfa62433-0497-4cc1-bba0-a6e7fcc7ffeb"}
    Response - Headers: {'status': '200', 'content-length': '255', 'connection': 'close', 'date': 'Fri, 25 Dec 2015 23:10:43 GMT', 'content-type': 'application/json; charset=UTF-8', 'x-openstack-request-id': 'req-8318433d-9de7-4cc4-8aed-c906acd819fb'}
        Body: {"subnet_id": "cfa62433-0497-4cc1-bba0-a6e7fcc7ffeb", "tenant_id": "2689c130a02c4b17a7f22e340f8956f0", "subnet_ids": ["cfa62433-0497-4cc1-bba0-a6e7fcc7ffeb"], "port_id": "c99abc78-cd80-4c0a-a3dd-4912cbe4129d", "id": "b7090d45-776c-4e7d-ac2a-bad3e784ffb7"}
2015-12-25 23:10:43,906 21512 INFO     [tempest_lib.common.rest_client] Request (TestNetworkAdvancedServerOps:_run_cleanups): 204 DELETE http://10.0.2.15:9696/v2.0/subnets/cfa62433-0497-4cc1-bba0-a6e7fcc7ffeb 0.420s
2015-12-25 23:10:43,906 21512 DEBUG    [tempest_lib.common.rest_client] Request - Headers: {'Content-Type': 'application/json', 'Accept': 'application/json', 'X-Auth-Token': '&lt;omitted&gt;'}
        Body: None
    Response - Headers: {'date': 'Fri, 25 Dec 2015 23:10:43 GMT', 'status': '204', 'connection': 'close', 'content-length': '0', 'x-openstack-request-id': 'req-808e2fec-5a65-4742-b5e4-22abb521b537'}
        Body: 
2015-12-25 23:10:43,960 21512 INFO     [tempest_lib.common.rest_client] Request (TestNetworkAdvancedServerOps:_run_cleanups): 200 GET http://10.0.2.15:9696/v2.0/routers/b7090d45-776c-4e7d-ac2a-bad3e784ffb7 0.053s
2015-12-25 23:10:43,960 21512 DEBUG    [tempest_lib.common.rest_client] Request - Headers: {'Content-Type': 'application/json', 'Accept': 'application/json', 'X-Auth-Token': '&lt;omitted&gt;'}
        Body: None
    Response - Headers: {'status': '200', 'content-length': '563', 'content-location': 'http://10.0.2.15:9696/v2.0/routers/b7090d45-776c-4e7d-ac2a-bad3e784ffb7', 'connection': 'close', 'date': 'Fri, 25 Dec 2015 23:10:43 GMT', 'content-type': 'application/json; charset=UTF-8', 'x-openstack-request-id': 'req-a857f74a-13dc-45b3-88ec-23b36506a64b'}
        Body: {"router": {"status": "ACTIVE", "external_gateway_info": {"network_id": "ca7fca2c-5d2a-4642-86c7-9b71bc67fc8a", "enable_snat": true, "external_fixed_ips": [{"subnet_id": "f12e9601-23f3-4b72-be94-ec1ec611045a", "ip_address": "172.24.4.3"}, {"subnet_id": "8c9ee2e9-ad8c-42a6-85d1-b36dcd307c7a", "ip_address": "2001:db8::3"}]}, "availability_zone_hints": [], "availability_zones": ["nova"], "name": "tempest-router-smoke-304106333", "admin_state_up": true, "tenant_id": "2689c130a02c4b17a7f22e340f8956f0", "routes": [], "id": "b7090d45-776c-4e7d-ac2a-bad3e784ffb7"}}
2015-12-25 23:10:44,546 21512 INFO     [tempest_lib.common.rest_client] Request (TestNetworkAdvancedServerOps:_run_cleanups): 200 PUT http://10.0.2.15:9696/v2.0/routers/b7090d45-776c-4e7d-ac2a-bad3e784ffb7 0.585s
2015-12-25 23:10:44,546 21512 DEBUG    [tempest_lib.common.rest_client] Request - Headers: {'Content-Type': 'application/json', 'Accept': 'application/json', 'X-Auth-Token': '&lt;omitted&gt;'}
        Body: {"router": {"external_gateway_info": {}, "name": "tempest-router-smoke-304106333", "admin_state_up": true}}
    Response - Headers: {'status': '200', 'content-length': '301', 'connection': 'close', 'date': 'Fri, 25 Dec 2015 23:10:44 GMT', 'content-type': 'application/json; charset=UTF-8', 'x-openstack-request-id': 'req-628a76b4-1080-4f89-8b40-7304cdf15bde'}
        Body: {"router": {"status": "ACTIVE", "external_gateway_info": null, "availability_zone_hints": [], "availability_zones": ["nova"], "name": "tempest-router-smoke-304106333", "admin_state_up": true, "tenant_id": "2689c130a02c4b17a7f22e340f8956f0", "routes": [], "id": "b7090d45-776c-4e7d-ac2a-bad3e784ffb7"}}
2015-12-25 23:10:44,804 21512 INFO     [tempest_lib.common.rest_client] Request (TestNetworkAdvancedServerOps:_run_cleanups): 204 DELETE http://10.0.2.15:9696/v2.0/routers/b7090d45-776c-4e7d-ac2a-bad3e784ffb7 0.257s
2015-12-25 23:10:44,805 21512 DEBUG    [tempest_lib.common.rest_client] Request - Headers: {'Content-Type': 'application/json', 'Accept': 'application/json', 'X-Auth-Token': '&lt;omitted&gt;'}
        Body: None
    Response - Headers: {'date': 'Fri, 25 Dec 2015 23:10:44 GMT', 'status': '204', 'connection': 'close', 'content-length': '0', 'x-openstack-request-id': 'req-83bbea32-2f51-45b0-a609-f4374f7d05f6'}
        Body: 
2015-12-25 23:10:45,028 21512 INFO     [tempest_lib.common.rest_client] Request (TestNetworkAdvancedServerOps:_run_cleanups): 204 DELETE http://10.0.2.15:9696/v2.0/networks/37ef9c53-eca4-43fc-8564-884e69fb751d 0.222s
2015-12-25 23:10:45,029 21512 DEBUG    [tempest_lib.common.rest_client] Request - Headers: {'Content-Type': 'application/json', 'Accept': 'application/json', 'X-Auth-Token': '&lt;omitted&gt;'}
        Body: None
    Response - Headers: {'date': 'Fri, 25 Dec 2015 23:10:45 GMT', 'status': '204', 'connection': 'close', 'content-length': '0', 'x-openstack-request-id': 'req-1efda98e-1821-46b6-b56d-dd7fac75d7bd'}
        Body: 
2015-12-25 23:10:45,089 21512 INFO     [tempest_lib.common.rest_client] Request (TestNetworkAdvancedServerOps:_run_cleanups): 204 DELETE http://10.0.2.15:9696/v2.0/security-group-rules/1508fb7b-ae0c-4520-a0e9-23f2e1094152 0.059s
2015-12-25 23:10:45,089 21512 DEBUG    [tempest_lib.common.rest_client] Request - Headers: {'Content-Type': 'application/json', 'Accept': 'application/json', 'X-Auth-Token': '&lt;omitted&gt;'}
        Body: None
    Response - Headers: {'date': 'Fri, 25 Dec 2015 23:10:45 GMT', 'status': '204', 'connection': 'close', 'content-length': '0', 'x-openstack-request-id': 'req-087e3fca-4e48-4746-893f-11f274465d46'}
        Body: 
2015-12-25 23:10:45,153 21512 INFO     [tempest_lib.common.rest_client] Request (TestNetworkAdvancedServerOps:_run_cleanups): 204 DELETE http://10.0.2.15:9696/v2.0/security-group-rules/b48974fe-5a55-4311-bcf8-26a5a8db8116 0.062s
2015-12-25 23:10:45,154 21512 DEBUG    [tempest_lib.common.rest_client] Request - Headers: {'Content-Type': 'application/json', 'Accept': 'application/json', 'X-Auth-Token': '&lt;omitted&gt;'}
        Body: None
    Response - Headers: {'date': 'Fri, 25 Dec 2015 23:10:45 GMT', 'status': '204', 'connection': 'close', 'content-length': '0', 'x-openstack-request-id': 'req-d02904f4-d979-4fba-99f8-6ddefe407bff'}
        Body: 
2015-12-25 23:10:45,220 21512 INFO     [tempest_lib.common.rest_client] Request (TestNetworkAdvancedServerOps:_run_cleanups): 204 DELETE http://10.0.2.15:9696/v2.0/security-group-rules/5ffef137-a86c-4248-8a1c-8899352c0ae4 0.064s
2015-12-25 23:10:45,220 21512 DEBUG    [tempest_lib.common.rest_client] Request - Headers: {'Content-Type': 'application/json', 'Accept': 'application/json', 'X-Auth-Token': '&lt;omitted&gt;'}
        Body: None
    Response - Headers: {'date': 'Fri, 25 Dec 2015 23:10:45 GMT', 'status': '204', 'connection': 'close', 'content-length': '0', 'x-openstack-request-id': 'req-c1d7e149-5274-4f4d-9437-85b2c4909ff5'}
        Body: 
2015-12-25 23:10:45,296 21512 INFO     [tempest_lib.common.rest_client] Request (TestNetworkAdvancedServerOps:_run_cleanups): 204 DELETE http://10.0.2.15:9696/v2.0/security-group-rules/2eb9a4b8-5ccb-4ced-8d90-2789723cef96 0.075s
2015-12-25 23:10:45,297 21512 DEBUG    [tempest_lib.common.rest_client] Request - Headers: {'Content-Type': 'application/json', 'Accept': 'application/json', 'X-Auth-Token': '&lt;omitted&gt;'}
        Body: None
    Response - Headers: {'date': 'Fri, 25 Dec 2015 23:10:45 GMT', 'status': '204', 'connection': 'close', 'content-length': '0', 'x-openstack-request-id': 'req-73ce4add-2359-4a27-801f-88d13c25dfa1'}
        Body: 
2015-12-25 23:10:45,354 21512 INFO     [tempest_lib.common.rest_client] Request (TestNetworkAdvancedServerOps:_run_cleanups): 204 DELETE http://10.0.2.15:9696/v2.0/security-group-rules/b3b37c39-25fd-4895-a0e4-716579690893 0.056s
2015-12-25 23:10:45,354 21512 DEBUG    [tempest_lib.common.rest_client] Request - Headers: {'Content-Type': 'application/json', 'Accept': 'application/json', 'X-Auth-Token': '&lt;omitted&gt;'}
        Body: None
    Response - Headers: {'date': 'Fri, 25 Dec 2015 23:10:45 GMT', 'status': '204', 'connection': 'close', 'content-length': '0', 'x-openstack-request-id': 'req-da7a7134-7327-4dbc-b510-54e8c19b8045'}
        Body: 
2015-12-25 23:10:45,415 21512 INFO     [tempest_lib.common.rest_client] Request (TestNetworkAdvancedServerOps:_run_cleanups): 204 DELETE http://10.0.2.15:9696/v2.0/security-group-rules/434e9802-be89-48d9-934a-025fceca14ae 0.060s
2015-12-25 23:10:45,416 21512 DEBUG    [tempest_lib.common.rest_client] Request - Headers: {'Content-Type': 'application/json', 'Accept': 'application/json', 'X-Auth-Token': '&lt;omitted&gt;'}
        Body: None
    Response - Headers: {'date': 'Fri, 25 Dec 2015 23:10:45 GMT', 'status': '204', 'connection': 'close', 'content-length': '0', 'x-openstack-request-id': 'req-0b066d53-ae2b-46c1-abba-c7bf2c2de04b'}
        Body: 
2015-12-25 23:10:45,517 21512 INFO     [tempest_lib.common.rest_client] Request (TestNetworkAdvancedServerOps:_run_cleanups): 204 DELETE http://10.0.2.15:9696/v2.0/security-groups/8f61096d-d4de-4dfd-a7e5-d12d03e93fac 0.099s
2015-12-25 23:10:45,517 21512 DEBUG    [tempest_lib.common.rest_client] Request - Headers: {'Content-Type': 'application/json', 'Accept': 'application/json', 'X-Auth-Token': '&lt;omitted&gt;'}
        Body: None
    Response - Headers: {'date': 'Fri, 25 Dec 2015 23:10:45 GMT', 'status': '204', 'connection': 'close', 'content-length': '0', 'x-openstack-request-id': 'req-c9324f84-9a48-4756-bb05-9dfe7e9de9b7'}
        Body: 
2015-12-25 23:10:45,541 21512 INFO     [tempest_lib.common.rest_client] Request (TestNetworkAdvancedServerOps:_run_cleanups): 202 DELETE http://10.0.2.15:8774/v2.1/2689c130a02c4b17a7f22e340f8956f0/os-keypairs/tempest-TestNetworkAdvancedServerOps-1695848808 0.022s
2015-12-25 23:10:45,541 21512 DEBUG    [tempest_lib.common.rest_client] Request - Headers: {'Content-Type': 'application/json', 'Accept': 'application/json', 'X-Auth-Token': '&lt;omitted&gt;'}
        Body: None
    Response - Headers: {'status': '202', 'content-length': '0', 'x-compute-request-id': 'req-38885dac-2473-4f28-9a3e-99ee4fff6897', 'vary': 'X-OpenStack-Nova-API-Version', 'connection': 'close', 'x-openstack-nova-api-version': '2.1', 'date': 'Fri, 25 Dec 2015 23:10:45 GMT', 'content-type': 'application/json'}
        Body: 
2015-12-25 23:10:45,656 21512 INFO     [tempest_lib.common.rest_client] Request (TestNetworkAdvancedServerOps:_run_cleanups): 404 GET http://10.0.2.15:8774/v2.1/2689c130a02c4b17a7f22e340f8956f0/servers/0495dc8a-efb2-45d2-a1b5-046bf89024f6 0.114s
