<?xml version="1.0" encoding="UTF-8"?>
<!DOCTYPE html PUBLIC "-//W3C//DTD XHTML 1.0 Strict//EN"
     "http://www.w3.org/TR/xhtml1/DTD/xhtml1-strict.dtd">
<html xmlns="http://www.w3.org/1999/xhtml">
<head>
    <title>Unit Test Report</title>
    <meta name="generator" content="subunit2html 0.1"/>
    <meta http-equiv="Content-Type" content="text/html; charset=UTF-8"/>
    
<style type="text/css" media="screen">
body        { font-family: verdana, arial, helvetica, sans-serif;
    font-size: 80%; }
table       { font-size: 100%; width: 100%;}
pre         { font-size: 80%; }

/* -- heading -------------------------------------------------------------- */
h1 {
        font-size: 16pt;
        color: gray;
}
.heading {
    margin-top: 0ex;
    margin-bottom: 1ex;
}

.heading .attribute {
    margin-top: 1ex;
    margin-bottom: 0;
}

.heading .description {
    margin-top: 4ex;
    margin-bottom: 6ex;
}

/* -- css div popup -------------------------------------------------------- */
a.popup_link {
}

a.popup_link:hover {
    color: red;
}

.popup_window {
    display: none;
    overflow-x: scroll;
    /*border: solid #627173 1px; */
    padding: 10px;
    background-color: #E6E6D6;
    font-family: "Ubuntu Mono", "Lucida Console", "Courier New", monospace;
    text-align: left;
    font-size: 8pt;
}

}
/* -- report --------------------------------------------------------------- */
#show_detail_line {
    margin-top: 3ex;
    margin-bottom: 1ex;
}
#result_table {
    width: 100%;
    border-collapse: collapse;
    border: 1px solid #777;
}
#header_row {
    font-weight: bold;
    color: white;
    background-color: #777;
}
#result_table td {
    border: 1px solid #777;
    padding: 2px;
}
#total_row  { font-weight: bold; }
.passClass  { background-color: #6c6; }
.failClass  { background-color: #c60; }
.errorClass { background-color: #c00; }
.passCase   { color: #6c6; }
.failCase   { color: #c60; font-weight: bold; }
.errorCase  { color: #c00; font-weight: bold; }
.hiddenRow  { display: none; }
.testcase   { margin-left: 2em; }
td.testname {width: 40%}
td.small {width: 40px}

/* -- ending --------------------------------------------------------------- */
#ending {
}

</style>

</head>
<body>
<script language="javascript" type="text/javascript"><!--
output_list = Array();

/* level - 0:Summary; 1:Failed; 2:All */
function showCase(level) {
    trs = document.getElementsByTagName("tr");
    for (var i = 0; i < trs.length; i++) {
        tr = trs[i];
        id = tr.id;
        if (id.substr(0,2) == 'ft') {
            if (level < 1) {
                tr.className = 'hiddenRow';
            }
            else {
                tr.className = '';
            }
        }
        if (id.substr(0,2) == 'pt') {
            if (level > 1) {
                tr.className = '';
            }
            else {
                tr.className = 'hiddenRow';
            }
        }
    }
}


function showClassDetail(cid, count) {
    var id_list = Array(count);
    var toHide = 1;
    for (var i = 0; i < count; i++) {
        tid0 = 't' + cid.substr(1) + '.' + (i+1);
        tid = 'f' + tid0;
        tr = document.getElementById(tid);
        if (!tr) {
            tid = 'p' + tid0;
            tr = document.getElementById(tid);
        }
        id_list[i] = tid;
        if (tr.className) {
            toHide = 0;
        }
    }
    for (var i = 0; i < count; i++) {
        tid = id_list[i];
        if (toHide) {
            document.getElementById('div_'+tid).style.display = 'none'
            document.getElementById(tid).className = 'hiddenRow';
        }
        else {
            document.getElementById(tid).className = '';
        }
    }
}


function showTestDetail(div_id){
    var details_div = document.getElementById(div_id)
    var displayState = details_div.style.display
    // alert(displayState)
    if (displayState != 'block' ) {
        displayState = 'block'
        details_div.style.display = 'block'
    }
    else {
        details_div.style.display = 'none'
    }
}


function html_escape(s) {
    s = s.replace(/&/g,'&amp;');
    s = s.replace(/</g,'&lt;');
    s = s.replace(/>/g,'&gt;');
    return s;
}

/* obsoleted by detail in <div>
function showOutput(id, name) {
    var w = window.open("", //url
                    name,
                    "resizable,scrollbars,status,width=800,height=450");
    d = w.document;
    d.write("<pre>");
    d.write(html_escape(output_list[id]));
    d.write("\n");
    d.write("<a href='javascript:window.close()'>close</a>\n");
    d.write("</pre>\n");
    d.close();
}
*/
--></script>

<div class='heading'>
<h1>Unit Test Report</h1>

<p class='attribute'><strong>Status:</strong> Failure 6</p>

<p class='description'></p>
</div>



<p id='show_detail_line'>Show
<a href='javascript:showCase(0)'>Summary</a>
<a href='javascript:showCase(1)'>Failed</a>
<a href='javascript:showCase(2)'>All</a>
</p>
<table id='result_table'>
<colgroup>
<col align='left' />
<col align='right' />
<col align='right' />
<col align='right' />
<col align='right' />
<col align='right' />
<col align='right' />
<col align='right' />
</colgroup>
<tr id='header_row'>
    <td>Test Group/Test case</td>
    <td>Count</td>
    <td>Pass</td>
    <td>Fail</td>
    <td>Error</td>
    <td>Skip</td>
    <td>View</td>
    <td> </td>
</tr>

<tr class='failClass'>
    <td class="testname">tempest.scenario.test_network_advanced_server_ops.TestNetworkAdvancedServerOps</td>
    <td class="small">6</td>
    <td class="small">0</td>
    <td class="small">6</td>
    <td class="small">0</td>
    <td class="small">0</td>
    <td class="small"><a href="javascript:showClassDetail('c1',6)"
>Detail</a></td>
    <td> </td>
</tr>

<tr id='ft1.1' class='none'>
    <td class='failCase'><div class='testcase'>test_server_connectivity_pause_unpause[compute,id-2b2642db-6568-4b35-b812-eceed3fa20ce,network]</div></td>
    <td colspan='7' align='left'>

    <!--css div popup start-->
    <a class="popup_link" onfocus='this.blur();'
    href="javascript:showTestDetail('div_ft1.1')" >
        fail</a>

    <div id='div_ft1.1' class="popup_window">
        <div style='text-align: right; color:red;cursor:pointer'>
        <a onfocus='this.blur();'
onclick="document.getElementById('div_ft1.1').style.display = 'none' " >
           [x]</a>
        </div>
        <pre>
        
ft1.1: tempest.scenario.test_network_advanced_server_ops.TestNetworkAdvancedServerOps.test_server_connectivity_pause_unpause[compute,id-2b2642db-6568-4b35-b812-eceed3fa20ce,network]_StringException: Empty attachments:
  stderr
  stdout

pythonlogging:'': {{{
2015-12-22 00:27:40,128 21571 INFO     [tempest_lib.common.rest_client] Request (TestNetworkAdvancedServerOps:test_server_connectivity_pause_unpause): 200 POST http://10.0.2.15:8774/v2.1/ed81f78e50324f34b176cc7222429683/os-keypairs 0.383s
2015-12-22 00:27:40,129 21571 DEBUG    [tempest_lib.common.rest_client] Request - Headers: {'Content-Type': 'application/json', 'Accept': 'application/json', 'X-Auth-Token': '&lt;omitted&gt;'}
        Body: {"keypair": {"name": "tempest-TestNetworkAdvancedServerOps-479286858"}}
    Response - Headers: {'status': '200', 'content-length': '2329', 'x-compute-request-id': 'req-a53ac8e2-16d2-47a8-a517-5ee531a45c2f', 'vary': 'X-OpenStack-Nova-API-Version', 'connection': 'close', 'x-openstack-nova-api-version': '2.1', 'date': 'Tue, 22 Dec 2015 00:27:40 GMT', 'content-type': 'application/json'}
        Body: {"keypair": {"public_key": "ssh-rsa AAAAB3NzaC1yc2EAAAADAQABAAABAQCifaSv9Zo+vJep8eqEReM+xI6HiD9Wp07W9RrRgEq27LFvAPR/8rw9lZCDXD3fQORN/HfGGgo/MVsMrIANMfFHSI4h0S1S6LRb/x5lk9JYLEJu0ktpfAAGZmXmCkqWfr0raB2wAu8ZquWjpNiLXlxIW+xx3KVSAi+ZMup+peib0ydh68+Tl5geDlSY5KmV4fNv2sDjwGSifahRSlV/C2Rm5JLBlaihIy07jgOpqC3/DZCXnjeevODi33Jj0uV+8PZ/e6tGiPMShFuaxi9kp/sW+2XTyc8LI/E5vMGoR1S5R6DG6mIy3Imv5pqWK5s43lOTKNzba8gcbT5X7F+WXT8L Generated-by-Nova", "private_key": "-----BEGIN RSA PRIVATE KEY-----\nMIIEqAIBAAKCAQEAon2kr/WaPryXqfHqhEXjPsSOh4g/VqdO1vUa0YBKtuyxbwD0\nf/K8PZWQg1w930DkTfx3xhoKPzFbDKyADTHxR0iOIdEtUui0W/8eZZPSWCxCbtJL\naXwABmZl5gpKln69K2gdsALvGarlo6TYi15cSFvscdylUgIvmTLqfqXom9MnYevP\nk5eYHg5UmOSpleHzb9rA48Bkon2oUUpVfwtkZuSSwZWooSMtO44Dqagt/w2Ql543\nnrzg4t9yY9LlfvD2f3urRojzEoRbmsYvZKf7Fvtl08nPCyPxObzBqEdUuUegxupi\nMtyJr+aaliubON5Tkyjc22vIHG0+V+xfll0/CwIDAQABAoIBABN+zZ6K8hmq2Ot7\n6e460Fv8izk5oJfN9QiXWcNfCBfQaC1wSOV9AxbEdhU8oPPDPmEY9GnhP+97BXiM\nzcRHhLJPwzXNegmjf9g10LjRNoB7tvDC7GdYiEw8RueFvpM12450rHMstvE2btzm\nb1CxXpMT7Fdw6KjhOELCOB4/25uuVeDeDfvgJjF5Cy4eFYS0ArAKro3TKPmnT4bU\ndTVx2U5SY1HiwU3eLPuc3gGamw6Nzci9PRcvMMvaJtwSisSIyvT5gXXDsmELE6OD\nunuLbnB5c2XQllqkp9+mYQ/fnGgjgWqW/l/grQ2edN4hd3DoZcIXpL7Z/GPfEdSt\nwen8TdECggCBAMJdhAMfF4vyUr1Mzt9u0jPiZ+bkeKqpsLhF4R6CdGEJipyRXiFE\nuc7K6rkLVzCO5PrxyVCzXFGrAQ9T09xaEVxQaZY22ESjpAcONYsfaHDS8aGnO7na\nOW/zPey3dT7HMRgQB0oBs9IbNnWCMCkwi1WOdzupzFA5EAmrHeEo4y4DAoIAgQDW\nBJIH16IyuzTIECuuIKFl4ykfMrKm5jNsR5Pt1UItIWPvmlHL6Cpf+iIdk3RsdEPs\nAVmlCrA6eDRAJ0tbFsH90UoyhF8OECbLj2sJram+S7mtzGFoh+jT5X+OtLKPlrwB\niEis2p6T41zxx+Jj25hqc5q25MNnay3gdPOGaaDAWQKCAIBOR9GyXCRkpd0zBqtP\nC9g3M1l7gcsjmSJmpSZM3me26VvdQSLzLTXUlp9AldOw5+xLMXROP17QOZo8rRtn\n5RKW5oAQEti5lFqsyMlB1g1/W0YcQDlq2fxGHWZ0X1MmTJ12PoZhBRyCY5lkbGGv\nRTDo7W8SJYn3SXQvIK7xD0GoNwKCAIBH1IjesPTzafmxHBxM+Q6yj6eBnRZxBdpE\ngVGZBXaMhyRviq/hbC6sv9srag4tSGhzkZBw4EF9nlKLJaUZEW5SriflBKCSq8EZ\nmS0ntm2+PNQ5DNu0pcjzNZe2Ydd8ce7v5LnfqhCHOkw7qgbF1TI2qE5JDEa5MzPW\nneoONu2JIQKCAIEAvM6iFq1Pm8fTFbEJu6nqhqVJbzR/2S/0yAWd3rQhoo56UqBn\nyBuT4tAXhPS93148+N6TgQ3EF9GJQ4e18ZkWKmZoxzbfTvJwagX4SOYEy4DI3V8N\nBELwUvmd96zR2OVCTi26weCVcTaxkSiBTLrx+OU1PjnHmwDZSUqT6KAaDnA=\n-----END RSA PRIVATE KEY-----\n", "user_id": "17749c6a637548faa3d9cead775f3ab0", "name": "tempest-TestNetworkAdvancedServerOps-479286858", "fingerprint": "74:66:83:c7:d1:a2:9b:62:fb:af:90:f4:9a:02:2e:5b"}}
2015-12-22 00:27:40,538 21571 INFO     [tempest_lib.common.rest_client] Request (TestNetworkAdvancedServerOps:test_server_connectivity_pause_unpause): 201 POST http://10.0.2.15:9696/v2.0/security-groups 0.405s
2015-12-22 00:27:40,538 21571 DEBUG    [tempest_lib.common.rest_client] Request - Headers: {'Content-Type': 'application/json', 'Accept': 'application/json', 'X-Auth-Token': '&lt;omitted&gt;'}
        Body: {"security_group": {"tenant_id": "ed81f78e50324f34b176cc7222429683", "description": "tempest-secgroup-smoke-1766134628 description", "name": "tempest-secgroup-smoke-1766134628"}}
    Response - Headers: {'status': '201', 'content-length': '888', 'connection': 'close', 'date': 'Tue, 22 Dec 2015 00:27:40 GMT', 'content-type': 'application/json; charset=UTF-8', 'x-openstack-request-id': 'req-28d4c81c-2974-482e-87d7-0bfeeece58e9'}
        Body: {"security_group": {"tenant_id": "ed81f78e50324f34b176cc7222429683", "description": "tempest-secgroup-smoke-1766134628 description", "id": "e9bf4df7-b258-40b0-8349-756a5ce9fc84", "security_group_rules": [{"remote_group_id": null, "direction": "egress", "remote_ip_prefix": null, "protocol": null, "ethertype": "IPv4", "tenant_id": "ed81f78e50324f34b176cc7222429683", "port_range_max": null, "port_range_min": null, "id": "14e4501e-91be-42fe-9f4c-e27d41e93cca", "security_group_id": "e9bf4df7-b258-40b0-8349-756a5ce9fc84"}, {"remote_group_id": null, "direction": "egress", "remote_ip_prefix": null, "protocol": null, "ethertype": "IPv6", "tenant_id": "ed81f78e50324f34b176cc7222429683", "port_range_max": null, "port_range_min": null, "id": "bfbf67de-64fc-4cd6-9dc5-ba89848b2fff", "security_group_id": "e9bf4df7-b258-40b0-8349-756a5ce9fc84"}], "name": "tempest-secgroup-smoke-1766134628"}}
2015-12-22 00:27:40,667 21571 INFO     [tempest_lib.common.rest_client] Request (TestNetworkAdvancedServerOps:test_server_connectivity_pause_unpause): 201 POST http://10.0.2.15:9696/v2.0/security-group-rules 0.127s
2015-12-22 00:27:40,667 21571 DEBUG    [tempest_lib.common.rest_client] Request - Headers: {'Content-Type': 'application/json', 'Accept': 'application/json', 'X-Auth-Token': '&lt;omitted&gt;'}
        Body: {"security_group_rule": {"direction": "ingress", "protocol": "tcp", "tenant_id": "ed81f78e50324f34b176cc7222429683", "port_range_max": 22, "security_group_id": "e9bf4df7-b258-40b0-8349-756a5ce9fc84", "port_range_min": 22}}
    Response - Headers: {'status': '201', 'content-length': '340', 'connection': 'close', 'date': 'Tue, 22 Dec 2015 00:27:40 GMT', 'content-type': 'application/json; charset=UTF-8', 'x-openstack-request-id': 'req-0aa18b50-c6a2-4de2-a6b0-efbbc58cb105'}
        Body: {"security_group_rule": {"remote_group_id": null, "direction": "ingress", "remote_ip_prefix": null, "protocol": "tcp", "ethertype": "IPv4", "tenant_id": "ed81f78e50324f34b176cc7222429683", "port_range_max": 22, "port_range_min": 22, "id": "c6579797-8c36-4644-8ea3-97e9d0ca60b3", "security_group_id": "e9bf4df7-b258-40b0-8349-756a5ce9fc84"}}
2015-12-22 00:27:40,802 21571 INFO     [tempest_lib.common.rest_client] Request (TestNetworkAdvancedServerOps:test_server_connectivity_pause_unpause): 201 POST http://10.0.2.15:9696/v2.0/security-group-rules 0.134s
2015-12-22 00:27:40,803 21571 DEBUG    [tempest_lib.common.rest_client] Request - Headers: {'Content-Type': 'application/json', 'Accept': 'application/json', 'X-Auth-Token': '&lt;omitted&gt;'}
        Body: {"security_group_rule": {"direction": "egress", "protocol": "tcp", "tenant_id": "ed81f78e50324f34b176cc7222429683", "port_range_max": 22, "security_group_id": "e9bf4df7-b258-40b0-8349-756a5ce9fc84", "port_range_min": 22}}
    Response - Headers: {'status': '201', 'content-length': '339', 'connection': 'close', 'date': 'Tue, 22 Dec 2015 00:27:40 GMT', 'content-type': 'application/json; charset=UTF-8', 'x-openstack-request-id': 'req-c0af77d2-6287-4f38-b518-1c04e62588ee'}
        Body: {"security_group_rule": {"remote_group_id": null, "direction": "egress", "remote_ip_prefix": null, "protocol": "tcp", "ethertype": "IPv4", "tenant_id": "ed81f78e50324f34b176cc7222429683", "port_range_max": 22, "port_range_min": 22, "id": "c4526e8a-0825-407c-aec2-c30d59b02554", "security_group_id": "e9bf4df7-b258-40b0-8349-756a5ce9fc84"}}
2015-12-22 00:27:40,922 21571 INFO     [tempest_lib.common.rest_client] Request (TestNetworkAdvancedServerOps:test_server_connectivity_pause_unpause): 201 POST http://10.0.2.15:9696/v2.0/security-group-rules 0.118s
2015-12-22 00:27:40,922 21571 DEBUG    [tempest_lib.common.rest_client] Request - Headers: {'Content-Type': 'application/json', 'Accept': 'application/json', 'X-Auth-Token': '&lt;omitted&gt;'}
        Body: {"security_group_rule": {"tenant_id": "ed81f78e50324f34b176cc7222429683", "direction": "ingress", "protocol": "icmp", "security_group_id": "e9bf4df7-b258-40b0-8349-756a5ce9fc84"}}
    Response - Headers: {'status': '201', 'content-length': '345', 'connection': 'close', 'date': 'Tue, 22 Dec 2015 00:27:40 GMT', 'content-type': 'application/json; charset=UTF-8', 'x-openstack-request-id': 'req-e80223a7-7c0d-4103-a8cb-f6910d8087e5'}
        Body: {"security_group_rule": {"remote_group_id": null, "direction": "ingress", "remote_ip_prefix": null, "protocol": "icmp", "ethertype": "IPv4", "tenant_id": "ed81f78e50324f34b176cc7222429683", "port_range_max": null, "port_range_min": null, "id": "c8b49e9a-c1b9-4fd8-93ae-4d9a1efbca8f", "security_group_id": "e9bf4df7-b258-40b0-8349-756a5ce9fc84"}}
2015-12-22 00:27:41,047 21571 INFO     [tempest_lib.common.rest_client] Request (TestNetworkAdvancedServerOps:test_server_connectivity_pause_unpause): 201 POST http://10.0.2.15:9696/v2.0/security-group-rules 0.123s
2015-12-22 00:27:41,047 21571 DEBUG    [tempest_lib.common.rest_client] Request - Headers: {'Content-Type': 'application/json', 'Accept': 'application/json', 'X-Auth-Token': '&lt;omitted&gt;'}
        Body: {"security_group_rule": {"tenant_id": "ed81f78e50324f34b176cc7222429683", "direction": "egress", "protocol": "icmp", "security_group_id": "e9bf4df7-b258-40b0-8349-756a5ce9fc84"}}
    Response - Headers: {'status': '201', 'content-length': '344', 'connection': 'close', 'date': 'Tue, 22 Dec 2015 00:27:41 GMT', 'content-type': 'application/json; charset=UTF-8', 'x-openstack-request-id': 'req-b2c515b3-a8cc-44d2-9aae-9f19351d10bb'}
        Body: {"security_group_rule": {"remote_group_id": null, "direction": "egress", "remote_ip_prefix": null, "protocol": "icmp", "ethertype": "IPv4", "tenant_id": "ed81f78e50324f34b176cc7222429683", "port_range_max": null, "port_range_min": null, "id": "bb892bae-d15e-4c08-bc9d-9d847d5c8f4a", "security_group_id": "e9bf4df7-b258-40b0-8349-756a5ce9fc84"}}
2015-12-22 00:27:41,327 21571 INFO     [tempest_lib.common.rest_client] Request (TestNetworkAdvancedServerOps:test_server_connectivity_pause_unpause): 201 POST http://10.0.2.15:9696/v2.0/security-group-rules 0.277s
2015-12-22 00:27:41,328 21571 DEBUG    [tempest_lib.common.rest_client] Request - Headers: {'Content-Type': 'application/json', 'Accept': 'application/json', 'X-Auth-Token': '&lt;omitted&gt;'}
        Body: {"security_group_rule": {"tenant_id": "ed81f78e50324f34b176cc7222429683", "direction": "ingress", "security_group_id": "e9bf4df7-b258-40b0-8349-756a5ce9fc84", "protocol": "icmp", "ethertype": "IPv6"}}
    Response - Headers: {'status': '201', 'content-length': '345', 'connection': 'close', 'date': 'Tue, 22 Dec 2015 00:27:41 GMT', 'content-type': 'application/json; charset=UTF-8', 'x-openstack-request-id': 'req-b09f0efa-c17a-4680-b3b2-a4153ce4a532'}
        Body: {"security_group_rule": {"remote_group_id": null, "direction": "ingress", "remote_ip_prefix": null, "protocol": "icmp", "ethertype": "IPv6", "tenant_id": "ed81f78e50324f34b176cc7222429683", "port_range_max": null, "port_range_min": null, "id": "700a2974-bb92-4917-bf5a-5afa36abc4a2", "security_group_id": "e9bf4df7-b258-40b0-8349-756a5ce9fc84"}}
2015-12-22 00:27:41,448 21571 INFO     [tempest_lib.common.rest_client] Request (TestNetworkAdvancedServerOps:test_server_connectivity_pause_unpause): 201 POST http://10.0.2.15:9696/v2.0/security-group-rules 0.119s
2015-12-22 00:27:41,448 21571 DEBUG    [tempest_lib.common.rest_client] Request - Headers: {'Content-Type': 'application/json', 'Accept': 'application/json', 'X-Auth-Token': '&lt;omitted&gt;'}
        Body: {"security_group_rule": {"tenant_id": "ed81f78e50324f34b176cc7222429683", "direction": "egress", "security_group_id": "e9bf4df7-b258-40b0-8349-756a5ce9fc84", "protocol": "icmp", "ethertype": "IPv6"}}
    Response - Headers: {'status': '201', 'content-length': '344', 'connection': 'close', 'date': 'Tue, 22 Dec 2015 00:27:41 GMT', 'content-type': 'application/json; charset=UTF-8', 'x-openstack-request-id': 'req-8e992e7e-6466-4a1d-bc01-ef7b5046efaa'}
        Body: {"security_group_rule": {"remote_group_id": null, "direction": "egress", "remote_ip_prefix": null, "protocol": "icmp", "ethertype": "IPv6", "tenant_id": "ed81f78e50324f34b176cc7222429683", "port_range_max": null, "port_range_min": null, "id": "f5592976-9cdb-467f-94a9-8cb9c04e91a0", "security_group_id": "e9bf4df7-b258-40b0-8349-756a5ce9fc84"}}
2015-12-22 00:27:41,662 21571 INFO     [tempest_lib.common.rest_client] Request (TestNetworkAdvancedServerOps:test_server_connectivity_pause_unpause): 201 POST http://10.0.2.15:9696/v2.0/networks 0.212s
2015-12-22 00:27:41,663 21571 DEBUG    [tempest_lib.common.rest_client] Request - Headers: {'Content-Type': 'application/json', 'Accept': 'application/json', 'X-Auth-Token': '&lt;omitted&gt;'}
        Body: {"network": {"tenant_id": "ed81f78e50324f34b176cc7222429683", "name": "tempest-network-smoke--1537429651"}}
    Response - Headers: {'status': '201', 'content-length': '329', 'connection': 'close', 'date': 'Tue, 22 Dec 2015 00:27:41 GMT', 'content-type': 'application/json; charset=UTF-8', 'x-openstack-request-id': 'req-5645a582-1f96-497b-9ce4-6bea8d808d09'}
        Body: {"network": {"status": "ACTIVE", "subnets": [], "availability_zone_hints": "[]", "name": "tempest-network-smoke--1537429651", "admin_state_up": true, "tenant_id": "ed81f78e50324f34b176cc7222429683", "mtu": 0, "router:external": false, "shared": false, "port_security_enabled": true, "id": "727b9492-0e57-4e39-9688-9ce8d085fdce"}}
2015-12-22 00:27:41,757 21571 INFO     [tempest_lib.common.rest_client] Request (TestNetworkAdvancedServerOps:test_server_connectivity_pause_unpause): 201 POST http://10.0.2.15:9696/v2.0/routers 0.093s
2015-12-22 00:27:41,758 21571 DEBUG    [tempest_lib.common.rest_client] Request - Headers: {'Content-Type': 'application/json', 'Accept': 'application/json', 'X-Auth-Token': '&lt;omitted&gt;'}
        Body: {"router": {"tenant_id": "ed81f78e50324f34b176cc7222429683", "name": "tempest-router-smoke-608828488", "admin_state_up": true}}
    Response - Headers: {'status': '201', 'content-length': '295', 'connection': 'close', 'date': 'Tue, 22 Dec 2015 00:27:41 GMT', 'content-type': 'application/json; charset=UTF-8', 'x-openstack-request-id': 'req-9bc97675-45dc-40b1-8c92-a8844d026196'}
        Body: {"router": {"status": "ACTIVE", "external_gateway_info": null, "availability_zone_hints": [], "availability_zones": [], "name": "tempest-router-smoke-608828488", "admin_state_up": true, "tenant_id": "ed81f78e50324f34b176cc7222429683", "routes": [], "id": "b603927a-6da6-43da-bd2a-a8eed0d9c5d1"}}
2015-12-22 00:27:41,814 21571 INFO     [tempest_lib.common.rest_client] Request (TestNetworkAdvancedServerOps:test_server_connectivity_pause_unpause): 200 GET http://10.0.2.15:9696/v2.0/routers/b603927a-6da6-43da-bd2a-a8eed0d9c5d1 0.054s
2015-12-22 00:27:41,815 21571 DEBUG    [tempest_lib.common.rest_client] Request - Headers: {'Content-Type': 'application/json', 'Accept': 'application/json', 'X-Auth-Token': '&lt;omitted&gt;'}
        Body: None
    Response - Headers: {'status': '200', 'content-length': '295', 'content-location': 'http://10.0.2.15:9696/v2.0/routers/b603927a-6da6-43da-bd2a-a8eed0d9c5d1', 'connection': 'close', 'date': 'Tue, 22 Dec 2015 00:27:41 GMT', 'content-type': 'application/json; charset=UTF-8', 'x-openstack-request-id': 'req-42924be1-d84e-46ff-8ab4-57617c4da83e'}
        Body: {"router": {"status": "ACTIVE", "external_gateway_info": null, "availability_zone_hints": [], "availability_zones": [], "name": "tempest-router-smoke-608828488", "admin_state_up": true, "tenant_id": "ed81f78e50324f34b176cc7222429683", "routes": [], "id": "b603927a-6da6-43da-bd2a-a8eed0d9c5d1"}}
2015-12-22 00:27:42,530 21571 INFO     [tempest_lib.common.rest_client] Request (TestNetworkAdvancedServerOps:test_server_connectivity_pause_unpause): 200 PUT http://10.0.2.15:9696/v2.0/routers/b603927a-6da6-43da-bd2a-a8eed0d9c5d1 0.713s
2015-12-22 00:27:42,530 21571 DEBUG    [tempest_lib.common.rest_client] Request - Headers: {'Content-Type': 'application/json', 'Accept': 'application/json', 'X-Auth-Token': '&lt;omitted&gt;'}
        Body: {"router": {"external_gateway_info": {"network_id": "69a720c7-9c80-4cff-9ca0-a94c18ae4a62"}, "name": "tempest-router-smoke-608828488", "admin_state_up": true}}
    Response - Headers: {'status': '200', 'content-length': '557', 'connection': 'close', 'date': 'Tue, 22 Dec 2015 00:27:42 GMT', 'content-type': 'application/json; charset=UTF-8', 'x-openstack-request-id': 'req-5481a161-8edd-45c3-8785-3bcb62cae057'}
        Body: {"router": {"status": "ACTIVE", "external_gateway_info": {"network_id": "69a720c7-9c80-4cff-9ca0-a94c18ae4a62", "enable_snat": true, "external_fixed_ips": [{"subnet_id": "9577ac30-6437-48c8-b0d8-776c7474c2e6", "ip_address": "172.24.4.3"}, {"subnet_id": "82a2cbf1-ff22-4904-81a9-8bb948fa66e2", "ip_address": "2001:db8::4"}]}, "availability_zone_hints": [], "availability_zones": [], "name": "tempest-router-smoke-608828488", "admin_state_up": true, "tenant_id": "ed81f78e50324f34b176cc7222429683", "routes": [], "id": "b603927a-6da6-43da-bd2a-a8eed0d9c5d1"}}
2015-12-22 00:27:42,692 21571 INFO     [tempest_lib.common.rest_client] Request (TestNetworkAdvancedServerOps:test_server_connectivity_pause_unpause): 200 GET http://10.0.2.15:9696/v2.0/subnets?tenant_id=ed81f78e50324f34b176cc7222429683&amp;cidr=10.100.0.0%2F28 0.161s
2015-12-22 00:27:42,693 21571 DEBUG    [tempest_lib.common.rest_client] Request - Headers: {'Content-Type': 'application/json', 'Accept': 'application/json', 'X-Auth-Token': '&lt;omitted&gt;'}
        Body: None
    Response - Headers: {'status': '200', 'content-length': '15', 'content-location': 'http://10.0.2.15:9696/v2.0/subnets?tenant_id=ed81f78e50324f34b176cc7222429683&amp;cidr=10.100.0.0%2F28', 'connection': 'close', 'date': 'Tue, 22 Dec 2015 00:27:42 GMT', 'content-type': 'application/json; charset=UTF-8', 'x-openstack-request-id': 'req-bf3214cd-274c-4585-92c6-a5184af82a9d'}
        Body: {"subnets": []}
2015-12-22 00:27:43,078 21571 INFO     [tempest_lib.common.rest_client] Request (TestNetworkAdvancedServerOps:test_server_connectivity_pause_unpause): 201 POST http://10.0.2.15:9696/v2.0/subnets 0.385s
2015-12-22 00:27:43,078 21571 DEBUG    [tempest_lib.common.rest_client] Request - Headers: {'Content-Type': 'application/json', 'Accept': 'application/json', 'X-Auth-Token': '&lt;omitted&gt;'}
        Body: {"subnet": {"ip_version": 4, "tenant_id": "ed81f78e50324f34b176cc7222429683", "cidr": "10.100.0.0/28", "network_id": "727b9492-0e57-4e39-9688-9ce8d085fdce", "name": "tempest-subnet-smoke-1954580367"}}
    Response - Headers: {'status': '201', 'content-length': '478', 'connection': 'close', 'date': 'Tue, 22 Dec 2015 00:27:43 GMT', 'content-type': 'application/json; charset=UTF-8', 'x-openstack-request-id': 'req-7d206ff9-4287-440f-bbf2-9cec44257c8d'}
        Body: {"subnet": {"name": "tempest-subnet-smoke-1954580367", "enable_dhcp": true, "network_id": "727b9492-0e57-4e39-9688-9ce8d085fdce", "tenant_id": "ed81f78e50324f34b176cc7222429683", "dns_nameservers": [], "gateway_ip": "10.100.0.1", "ipv6_ra_mode": null, "allocation_pools": [{"start": "10.100.0.2", "end": "10.100.0.14"}], "host_routes": [], "ip_version": 4, "ipv6_address_mode": null, "cidr": "10.100.0.0/28", "id": "f4b61706-98f2-4ec2-ada9-5fb9b5f06799", "subnetpool_id": null}}
2015-12-22 00:27:43,972 21571 INFO     [tempest_lib.common.rest_client] Request (TestNetworkAdvancedServerOps:test_server_connectivity_pause_unpause): 200 PUT http://10.0.2.15:9696/v2.0/routers/b603927a-6da6-43da-bd2a-a8eed0d9c5d1/add_router_interface 0.892s
2015-12-22 00:27:43,972 21571 DEBUG    [tempest_lib.common.rest_client] Request - Headers: {'Content-Type': 'application/json', 'Accept': 'application/json', 'X-Auth-Token': '&lt;omitted&gt;'}
        Body: {"subnet_id": "f4b61706-98f2-4ec2-ada9-5fb9b5f06799"}
    Response - Headers: {'status': '200', 'content-length': '255', 'connection': 'close', 'date': 'Tue, 22 Dec 2015 00:27:43 GMT', 'content-type': 'application/json; charset=UTF-8', 'x-openstack-request-id': 'req-e5080126-2a23-4029-841e-9edaadda6d31'}
        Body: {"subnet_id": "f4b61706-98f2-4ec2-ada9-5fb9b5f06799", "tenant_id": "ed81f78e50324f34b176cc7222429683", "subnet_ids": ["f4b61706-98f2-4ec2-ada9-5fb9b5f06799"], "port_id": "d63c66f2-5dee-4d62-b198-4797fa4160ab", "id": "b603927a-6da6-43da-bd2a-a8eed0d9c5d1"}
2015-12-22 00:27:44,102 21571 INFO     [tempest_lib.common.rest_client] Request (TestNetworkAdvancedServerOps:test_server_connectivity_pause_unpause): 200 POST http://10.0.2.15:5000/v2.0/tokens
2015-12-22 00:27:44,102 21571 DEBUG    [tempest_lib.common.rest_client] Request - Headers: {'Content-Type': 'application/json', 'Accept': 'application/json'}
        Body: &lt;omitted&gt;
    Response - Headers: {'status': '200', 'content-length': '2564', 'vary': 'X-Auth-Token', 'server': 'Apache/2.4.7 (Ubuntu)', 'connection': 'close', 'date': 'Tue, 22 Dec 2015 00:27:43 GMT', 'content-type': 'application/json', 'x-openstack-request-id': 'req-1234378b-d954-415f-b15e-726768d8cf68'}
        Body: {"access": {"token": {"issued_at": "2015-12-22T00:27:44.091291", "expires": "2015-12-22T01:27:44Z", "id": "ae812d6c2bb744eeb435f66a09a31038", "tenant": {"description": "tempest-TestNetworkAdvancedServerOps-576447973-desc", "enabled": true, "id": "ed81f78e50324f34b176cc7222429683", "name": "tempest-TestNetworkAdvancedServerOps-576447973"}, "audit_ids": ["h7BE7IlsTDi69eTy33j07g"]}, "serviceCatalog": [{"endpoints": [{"adminURL": "http://10.0.2.15:8774/v2.1/ed81f78e50324f34b176cc7222429683", "region": "RegionOne", "internalURL": "http://10.0.2.15:8774/v2.1/ed81f78e50324f34b176cc7222429683", "id": "32b88881e0f04e009ff83ad1ba1f9f04", "publicURL": "http://10.0.2.15:8774/v2.1/ed81f78e50324f34b176cc7222429683"}], "endpoints_links": [], "type": "compute", "name": "nova"}, {"endpoints": [{"adminURL": "http://10.0.2.15:9696/", "region": "RegionOne", "internalURL": "http://10.0.2.15:9696/", "id": "3575684d2db3436080c2d05cfe63b989", "publicURL": "http://10.0.2.15:9696/"}], "endpoints_links": [], "type": "network", "name": "neutron"}, {"endpoints": [{"adminURL": "http://10.0.2.15:9292", "region": "RegionOne", "internalURL": "http://10.0.2.15:9292", "id": "80b9ce838aec43a6ad56ad79a9f31c54", "publicURL": "http://10.0.2.15:9292"}], "endpoints_links": [], "type": "image", "name": "glance"}, {"endpoints": [{"adminURL": "http://10.0.2.15:8774/v2/ed81f78e50324f34b176cc7222429683", "region": "RegionOne", "internalURL": "http://10.0.2.15:8774/v2/ed81f78e50324f34b176cc7222429683", "id": "06d8b9a5a32a45ec8bd6ba9dcd0beccb", "publicURL": "http://10.0.2.15:8774/v2/ed81f78e50324f34b176cc7222429683"}], "endpoints_links": [], "type": "compute_legacy", "name": "nova_legacy"}, {"endpoints": [{"adminURL": "http://10.0.2.15:8773/", "region": "RegionOne", "internalURL": "http://10.0.2.15:8773/", "id": "1ca29c6cd79a4ba98b171823da9d554b", "publicURL": "http://10.0.2.15:8773/"}], "endpoints_links": [], "type": "ec2", "name": "ec2"}, {"endpoints": [{"adminURL": "http://10.0.2.15:35357/v2.0", "region": "RegionOne", "internalURL": "http://10.0.2.15:5000/v2.0", "id": "2e60cde2f48e40f4a97cb2ccded9a0bf", "publicURL": "http://10.0.2.15:5000/v2.0"}], "endpoints_links": [], "type": "identity", "name": "keystone"}], "user": {"username": "tempest-TestNetworkAdvancedServerOps-1785233196", "roles_links": [], "id": "17749c6a637548faa3d9cead775f3ab0", "roles": [{"name": "_member_"}, {"name": "Member"}], "name": "tempest-TestNetworkAdvancedServerOps-1785233196"}, "metadata": {"is_admin": 0, "roles": ["9fe2ff9ee4384b1894a90878d3e92bab", "8b80ce6451464c0b9d581daecfe6f4b6"]}}}
2015-12-22 00:27:44,108 21571 DEBUG    [tempest.common.fixed_network] (TestNetworkAdvancedServerOps:test_server_connectivity_pause_unpause) No valid network provided or created, defaulting to fixed_network_name
2015-12-22 00:27:44,522 21571 INFO     [tempest_lib.common.rest_client] Request (TestNetworkAdvancedServerOps:test_server_connectivity_pause_unpause): 200 GET http://10.0.2.15:8774/v2.1/ed81f78e50324f34b176cc7222429683/os-networks 0.413s
2015-12-22 00:27:44,523 21571 DEBUG    [tempest_lib.common.rest_client] Request - Headers: {'Content-Type': 'application/json', 'Accept': 'application/json', 'X-Auth-Token': '&lt;omitted&gt;'}
        Body: None
    Response - Headers: {'status': '200', 'content-length': '479', 'content-location': 'http://10.0.2.15:8774/v2.1/ed81f78e50324f34b176cc7222429683/os-networks', 'x-compute-request-id': 'req-bc352e08-8bbb-4190-b126-e87795e1ce77', 'vary': 'X-OpenStack-Nova-API-Version', 'connection': 'close', 'x-openstack-nova-api-version': '2.1', 'date': 'Tue, 22 Dec 2015 00:27:44 GMT', 'content-type': 'application/json'}
        Body: {"networks": [{"cidr_v6": null, "dns2": null, "dns1": null, "gateway": null, "broadcast": null, "netmask": null, "gateway_v6": null, "cidr": null, "label": "public", "id": "69a720c7-9c80-4cff-9ca0-a94c18ae4a62", "netmask_v6": null}, {"cidr_v6": null, "dns2": null, "dns1": null, "gateway": null, "broadcast": null, "netmask": null, "gateway_v6": null, "cidr": null, "label": "tempest-network-smoke--1537429651", "id": "727b9492-0e57-4e39-9688-9ce8d085fdce", "netmask_v6": null}]}
2015-12-22 00:27:44,523 21571 WARNING  [tempest.common.fixed_network] (TestNetworkAdvancedServerOps:test_server_connectivity_pause_unpause) Network with name: private not found
2015-12-22 00:27:44,523 21571 INFO     [tempest.common.fixed_network] (TestNetworkAdvancedServerOps:test_server_connectivity_pause_unpause) Found network {} available for tenant
2015-12-22 00:27:46,391 21571 INFO     [tempest_lib.common.rest_client] Request (TestNetworkAdvancedServerOps:test_server_connectivity_pause_unpause): 202 POST http://10.0.2.15:8774/v2.1/ed81f78e50324f34b176cc7222429683/servers 1.867s
2015-12-22 00:27:46,391 21571 DEBUG    [tempest_lib.common.rest_client] Request - Headers: {'Content-Type': 'application/json', 'Accept': 'application/json', 'X-Auth-Token': '&lt;omitted&gt;'}
        Body: {"server": {"name": "tempest.common.compute-instance-496979939", "imageRef": "8cb1cf70-c4eb-4f07-ab84-c52dbeb17803", "key_name": "tempest-TestNetworkAdvancedServerOps-479286858", "flavorRef": "42", "networks": [{"uuid": "727b9492-0e57-4e39-9688-9ce8d085fdce"}], "security_groups": [{"name": "tempest-secgroup-smoke-1766134628"}]}}
    Response - Headers: {'status': '202', 'content-length': '462', 'x-compute-request-id': 'req-14adfaf9-674f-4a8d-8adc-794db6783ba1', 'vary': 'X-OpenStack-Nova-API-Version', 'connection': 'close', 'location': 'http://10.0.2.15:8774/v2.1/ed81f78e50324f34b176cc7222429683/servers/77096573-9ea9-4721-9da5-fbb7f621b86a', 'x-openstack-nova-api-version': '2.1', 'date': 'Tue, 22 Dec 2015 00:27:46 GMT', 'content-type': 'application/json'}
        Body: {"server": {"security_groups": [{"name": "tempest-secgroup-smoke-1766134628"}], "OS-DCF:diskConfig": "MANUAL", "id": "77096573-9ea9-4721-9da5-fbb7f621b86a", "links": [{"href": "http://10.0.2.15:8774/v2.1/ed81f78e50324f34b176cc7222429683/servers/77096573-9ea9-4721-9da5-fbb7f621b86a", "rel": "self"}, {"href": "http://10.0.2.15:8774/ed81f78e50324f34b176cc7222429683/servers/77096573-9ea9-4721-9da5-fbb7f621b86a", "rel": "bookmark"}], "adminPass": "cMjueWNK4zy2"}}
2015-12-22 00:27:46,563 21571 INFO     [tempest_lib.common.rest_client] Request (TestNetworkAdvancedServerOps:test_server_connectivity_pause_unpause): 200 GET http://10.0.2.15:8774/v2.1/ed81f78e50324f34b176cc7222429683/servers/77096573-9ea9-4721-9da5-fbb7f621b86a 0.167s
2015-12-22 00:27:46,563 21571 DEBUG    [tempest_lib.common.rest_client] Request - Headers: {'Content-Type': 'application/json', 'Accept': 'application/json', 'X-Auth-Token': '&lt;omitted&gt;'}
        Body: None
    Response - Headers: {'status': '200', 'content-length': '1363', 'content-location': 'http://10.0.2.15:8774/v2.1/ed81f78e50324f34b176cc7222429683/servers/77096573-9ea9-4721-9da5-fbb7f621b86a', 'x-compute-request-id': 'req-5f805e3a-d49c-44e2-ad35-3f22f05ad23c', 'vary': 'X-OpenStack-Nova-API-Version', 'connection': 'close', 'x-openstack-nova-api-version': '2.1', 'date': 'Tue, 22 Dec 2015 00:27:46 GMT', 'content-type': 'application/json'}
        Body: {"server": {"status": "BUILD", "updated": "2015-12-22T00:27:46Z", "hostId": "", "addresses": {}, "links": [{"href": "http://10.0.2.15:8774/v2.1/ed81f78e50324f34b176cc7222429683/servers/77096573-9ea9-4721-9da5-fbb7f621b86a", "rel": "self"}, {"href": "http://10.0.2.15:8774/ed81f78e50324f34b176cc7222429683/servers/77096573-9ea9-4721-9da5-fbb7f621b86a", "rel": "bookmark"}], "key_name": "tempest-TestNetworkAdvancedServerOps-479286858", "image": {"id": "8cb1cf70-c4eb-4f07-ab84-c52dbeb17803", "links": [{"href": "http://10.0.2.15:8774/ed81f78e50324f34b176cc7222429683/images/8cb1cf70-c4eb-4f07-ab84-c52dbeb17803", "rel": "bookmark"}]}, "OS-EXT-STS:task_state": "scheduling", "OS-EXT-STS:vm_state": "building", "OS-SRV-USG:launched_at": null, "flavor": {"id": "42", "links": [{"href": "http://10.0.2.15:8774/ed81f78e50324f34b176cc7222429683/flavors/42", "rel": "bookmark"}]}, "id": "77096573-9ea9-4721-9da5-fbb7f621b86a", "OS-SRV-USG:terminated_at": null, "OS-EXT-AZ:availability_zone": "", "user_id": "17749c6a637548faa3d9cead775f3ab0", "name": "tempest.common.compute-instance-496979939", "created": "2015-12-22T00:27:46Z", "tenant_id": "ed81f78e50324f34b176cc7222429683", "OS-DCF:diskConfig": "MANUAL", "os-extended-volumes:volumes_attached": [], "accessIPv4": "", "accessIPv6": "", "progress": 0, "OS-EXT-STS:power_state": 0, "config_drive": "", "metadata": {}}}
2015-12-22 00:27:47,757 21571 INFO     [tempest_lib.common.rest_client] Request (TestNetworkAdvancedServerOps:test_server_connectivity_pause_unpause): 200 GET http://10.0.2.15:8774/v2.1/ed81f78e50324f34b176cc7222429683/servers/77096573-9ea9-4721-9da5-fbb7f621b86a 0.185s
2015-12-22 00:27:47,757 21571 DEBUG    [tempest_lib.common.rest_client] Request - Headers: {'Content-Type': 'application/json', 'Accept': 'application/json', 'X-Auth-Token': '&lt;omitted&gt;'}
        Body: None
    Response - Headers: {'status': '200', 'content-length': '1421', 'content-location': 'http://10.0.2.15:8774/v2.1/ed81f78e50324f34b176cc7222429683/servers/77096573-9ea9-4721-9da5-fbb7f621b86a', 'x-compute-request-id': 'req-ce3f41df-e000-4a87-9be2-3553a4973cb3', 'vary': 'X-OpenStack-Nova-API-Version', 'connection': 'close', 'x-openstack-nova-api-version': '2.1', 'date': 'Tue, 22 Dec 2015 00:27:47 GMT', 'content-type': 'application/json'}
        Body: {"server": {"status": "BUILD", "updated": "2015-12-22T00:27:47Z", "hostId": "7d8128d46d8accfe45ad9129e7e812c5c95ccbae8205a9308bc84a99", "addresses": {}, "links": [{"href": "http://10.0.2.15:8774/v2.1/ed81f78e50324f34b176cc7222429683/servers/77096573-9ea9-4721-9da5-fbb7f621b86a", "rel": "self"}, {"href": "http://10.0.2.15:8774/ed81f78e50324f34b176cc7222429683/servers/77096573-9ea9-4721-9da5-fbb7f621b86a", "rel": "bookmark"}], "key_name": "tempest-TestNetworkAdvancedServerOps-479286858", "image": {"id": "8cb1cf70-c4eb-4f07-ab84-c52dbeb17803", "links": [{"href": "http://10.0.2.15:8774/ed81f78e50324f34b176cc7222429683/images/8cb1cf70-c4eb-4f07-ab84-c52dbeb17803", "rel": "bookmark"}]}, "OS-EXT-STS:task_state": "spawning", "OS-EXT-STS:vm_state": "building", "OS-SRV-USG:launched_at": null, "flavor": {"id": "42", "links": [{"href": "http://10.0.2.15:8774/ed81f78e50324f34b176cc7222429683/flavors/42", "rel": "bookmark"}]}, "id": "77096573-9ea9-4721-9da5-fbb7f621b86a", "OS-SRV-USG:terminated_at": null, "OS-EXT-AZ:availability_zone": "nova", "user_id": "17749c6a637548faa3d9cead775f3ab0", "name": "tempest.common.compute-instance-496979939", "created": "2015-12-22T00:27:46Z", "tenant_id": "ed81f78e50324f34b176cc7222429683", "OS-DCF:diskConfig": "MANUAL", "os-extended-volumes:volumes_attached": [], "accessIPv4": "", "accessIPv6": "", "progress": 0, "OS-EXT-STS:power_state": 0, "config_drive": "", "metadata": {}}}
2015-12-22 00:27:47,766 21571 INFO     [tempest.common.waiters] State transition "BUILD/scheduling" ==&gt; "BUILD/spawning" after 1 second wait
2015-12-22 00:27:49,060 21571 INFO     [tempest_lib.common.rest_client] Request (TestNetworkAdvancedServerOps:test_server_connectivity_pause_unpause): 200 GET http://10.0.2.15:8774/v2.1/ed81f78e50324f34b176cc7222429683/servers/77096573-9ea9-4721-9da5-fbb7f621b86a 0.291s
2015-12-22 00:27:49,060 21571 DEBUG    [tempest_lib.common.rest_client] Request - Headers: {'Content-Type': 'application/json', 'Accept': 'application/json', 'X-Auth-Token': '&lt;omitted&gt;'}
        Body: None
    Response - Headers: {'status': '200', 'content-length': '1489', 'content-location': 'http://10.0.2.15:8774/v2.1/ed81f78e50324f34b176cc7222429683/servers/77096573-9ea9-4721-9da5-fbb7f621b86a', 'x-compute-request-id': 'req-4b063676-698f-4fea-ba62-36d337211633', 'vary': 'X-OpenStack-Nova-API-Version', 'connection': 'close', 'x-openstack-nova-api-version': '2.1', 'date': 'Tue, 22 Dec 2015 00:27:49 GMT', 'content-type': 'application/json'}
        Body: {"server": {"status": "BUILD", "updated": "2015-12-22T00:27:47Z", "hostId": "7d8128d46d8accfe45ad9129e7e812c5c95ccbae8205a9308bc84a99", "addresses": {}, "links": [{"href": "http://10.0.2.15:8774/v2.1/ed81f78e50324f34b176cc7222429683/servers/77096573-9ea9-4721-9da5-fbb7f621b86a", "rel": "self"}, {"href": "http://10.0.2.15:8774/ed81f78e50324f34b176cc7222429683/servers/77096573-9ea9-4721-9da5-fbb7f621b86a", "rel": "bookmark"}], "key_name": "tempest-TestNetworkAdvancedServerOps-479286858", "image": {"id": "8cb1cf70-c4eb-4f07-ab84-c52dbeb17803", "links": [{"href": "http://10.0.2.15:8774/ed81f78e50324f34b176cc7222429683/images/8cb1cf70-c4eb-4f07-ab84-c52dbeb17803", "rel": "bookmark"}]}, "OS-EXT-STS:task_state": "spawning", "OS-EXT-STS:vm_state": "building", "OS-SRV-USG:launched_at": null, "flavor": {"id": "42", "links": [{"href": "http://10.0.2.15:8774/ed81f78e50324f34b176cc7222429683/flavors/42", "rel": "bookmark"}]}, "id": "77096573-9ea9-4721-9da5-fbb7f621b86a", "security_groups": [{"name": "tempest-secgroup-smoke-1766134628"}], "OS-SRV-USG:terminated_at": null, "OS-EXT-AZ:availability_zone": "nova", "user_id": "17749c6a637548faa3d9cead775f3ab0", "name": "tempest.common.compute-instance-496979939", "created": "2015-12-22T00:27:46Z", "tenant_id": "ed81f78e50324f34b176cc7222429683", "OS-DCF:diskConfig": "MANUAL", "os-extended-volumes:volumes_attached": [], "accessIPv4": "", "accessIPv6": "", "progress": 0, "OS-EXT-STS:power_state": 0, "config_drive": "", "metadata": {}}}
2015-12-22 00:27:50,268 21571 INFO     [tempest_lib.common.rest_client] Request (TestNetworkAdvancedServerOps:test_server_connectivity_pause_unpause): 200 GET http://10.0.2.15:8774/v2.1/ed81f78e50324f34b176cc7222429683/servers/77096573-9ea9-4721-9da5-fbb7f621b86a 0.198s
2015-12-22 00:27:50,268 21571 DEBUG    [tempest_lib.common.rest_client] Request - Headers: {'Content-Type': 'application/json', 'Accept': 'application/json', 'X-Auth-Token': '&lt;omitted&gt;'}
        Body: None
    Response - Headers: {'status': '200', 'content-length': '1661', 'content-location': 'http://10.0.2.15:8774/v2.1/ed81f78e50324f34b176cc7222429683/servers/77096573-9ea9-4721-9da5-fbb7f621b86a', 'x-compute-request-id': 'req-26b28238-9ae8-45c8-92e4-efc3d376c4e2', 'vary': 'X-OpenStack-Nova-API-Version', 'connection': 'close', 'x-openstack-nova-api-version': '2.1', 'date': 'Tue, 22 Dec 2015 00:27:50 GMT', 'content-type': 'application/json'}
        Body: {"server": {"status": "ACTIVE", "updated": "2015-12-22T00:27:49Z", "hostId": "7d8128d46d8accfe45ad9129e7e812c5c95ccbae8205a9308bc84a99", "addresses": {"tempest-network-smoke--1537429651": [{"OS-EXT-IPS-MAC:mac_addr": "fa:16:3e:7b:52:d3", "version": 4, "addr": "10.100.0.3", "OS-EXT-IPS:type": "fixed"}]}, "links": [{"href": "http://10.0.2.15:8774/v2.1/ed81f78e50324f34b176cc7222429683/servers/77096573-9ea9-4721-9da5-fbb7f621b86a", "rel": "self"}, {"href": "http://10.0.2.15:8774/ed81f78e50324f34b176cc7222429683/servers/77096573-9ea9-4721-9da5-fbb7f621b86a", "rel": "bookmark"}], "key_name": "tempest-TestNetworkAdvancedServerOps-479286858", "image": {"id": "8cb1cf70-c4eb-4f07-ab84-c52dbeb17803", "links": [{"href": "http://10.0.2.15:8774/ed81f78e50324f34b176cc7222429683/images/8cb1cf70-c4eb-4f07-ab84-c52dbeb17803", "rel": "bookmark"}]}, "OS-EXT-STS:task_state": null, "OS-EXT-STS:vm_state": "active", "OS-SRV-USG:launched_at": "2015-12-22T00:27:49.000000", "flavor": {"id": "42", "links": [{"href": "http://10.0.2.15:8774/ed81f78e50324f34b176cc7222429683/flavors/42", "rel": "bookmark"}]}, "id": "77096573-9ea9-4721-9da5-fbb7f621b86a", "security_groups": [{"name": "tempest-secgroup-smoke-1766134628"}], "OS-SRV-USG:terminated_at": null, "OS-EXT-AZ:availability_zone": "nova", "user_id": "17749c6a637548faa3d9cead775f3ab0", "name": "tempest.common.compute-instance-496979939", "created": "2015-12-22T00:27:46Z", "tenant_id": "ed81f78e50324f34b176cc7222429683", "OS-DCF:diskConfig": "MANUAL", "os-extended-volumes:volumes_attached": [], "accessIPv4": "", "accessIPv6": "", "progress": 0, "OS-EXT-STS:power_state": 1, "config_drive": "True", "metadata": {}}}
2015-12-22 00:27:50,277 21571 INFO     [tempest.common.waiters] State transition "BUILD/spawning" ==&gt; "ACTIVE/None" after 4 second wait
2015-12-22 00:27:50,488 21571 INFO     [tempest_lib.common.rest_client] Request (TestNetworkAdvancedServerOps:test_server_connectivity_pause_unpause): 200 GET http://10.0.2.15:8774/v2.1/ed81f78e50324f34b176cc7222429683/servers/77096573-9ea9-4721-9da5-fbb7f621b86a 0.210s
2015-12-22 00:27:50,488 21571 DEBUG    [tempest_lib.common.rest_client] Request - Headers: {'Content-Type': 'application/json', 'Accept': 'application/json', 'X-Auth-Token': '&lt;omitted&gt;'}
        Body: None
    Response - Headers: {'status': '200', 'content-length': '1661', 'content-location': 'http://10.0.2.15:8774/v2.1/ed81f78e50324f34b176cc7222429683/servers/77096573-9ea9-4721-9da5-fbb7f621b86a', 'x-compute-request-id': 'req-1173546a-1278-49e9-ac67-ab802cd5d944', 'vary': 'X-OpenStack-Nova-API-Version', 'connection': 'close', 'x-openstack-nova-api-version': '2.1', 'date': 'Tue, 22 Dec 2015 00:27:50 GMT', 'content-type': 'application/json'}
        Body: {"server": {"status": "ACTIVE", "updated": "2015-12-22T00:27:49Z", "hostId": "7d8128d46d8accfe45ad9129e7e812c5c95ccbae8205a9308bc84a99", "addresses": {"tempest-network-smoke--1537429651": [{"OS-EXT-IPS-MAC:mac_addr": "fa:16:3e:7b:52:d3", "version": 4, "addr": "10.100.0.3", "OS-EXT-IPS:type": "fixed"}]}, "links": [{"href": "http://10.0.2.15:8774/v2.1/ed81f78e50324f34b176cc7222429683/servers/77096573-9ea9-4721-9da5-fbb7f621b86a", "rel": "self"}, {"href": "http://10.0.2.15:8774/ed81f78e50324f34b176cc7222429683/servers/77096573-9ea9-4721-9da5-fbb7f621b86a", "rel": "bookmark"}], "key_name": "tempest-TestNetworkAdvancedServerOps-479286858", "image": {"id": "8cb1cf70-c4eb-4f07-ab84-c52dbeb17803", "links": [{"href": "http://10.0.2.15:8774/ed81f78e50324f34b176cc7222429683/images/8cb1cf70-c4eb-4f07-ab84-c52dbeb17803", "rel": "bookmark"}]}, "OS-EXT-STS:task_state": null, "OS-EXT-STS:vm_state": "active", "OS-SRV-USG:launched_at": "2015-12-22T00:27:49.000000", "flavor": {"id": "42", "links": [{"href": "http://10.0.2.15:8774/ed81f78e50324f34b176cc7222429683/flavors/42", "rel": "bookmark"}]}, "id": "77096573-9ea9-4721-9da5-fbb7f621b86a", "security_groups": [{"name": "tempest-secgroup-smoke-1766134628"}], "OS-SRV-USG:terminated_at": null, "OS-EXT-AZ:availability_zone": "nova", "user_id": "17749c6a637548faa3d9cead775f3ab0", "name": "tempest.common.compute-instance-496979939", "created": "2015-12-22T00:27:46Z", "tenant_id": "ed81f78e50324f34b176cc7222429683", "OS-DCF:diskConfig": "MANUAL", "os-extended-volumes:volumes_attached": [], "accessIPv4": "", "accessIPv6": "", "progress": 0, "OS-EXT-STS:power_state": 1, "config_drive": "True", "metadata": {}}}
2015-12-22 00:27:50,528 21571 INFO     [tempest_lib.common.rest_client] Request (TestNetworkAdvancedServerOps:test_server_connectivity_pause_unpause): 200 GET http://10.0.2.15:9696/v2.0/ports?status=ACTIVE&amp;fixed_ip=None&amp;device_id=77096573-9ea9-4721-9da5-fbb7f621b86a 0.032s
2015-12-22 00:27:50,529 21571 DEBUG    [tempest_lib.common.rest_client] Request - Headers: {'Content-Type': 'application/json', 'Accept': 'application/json', 'X-Auth-Token': '&lt;omitted&gt;'}
        Body: None
    Response - Headers: {'status': '200', 'content-length': '895', 'content-location': 'http://10.0.2.15:9696/v2.0/ports?status=ACTIVE&amp;fixed_ip=None&amp;device_id=77096573-9ea9-4721-9da5-fbb7f621b86a', 'connection': 'close', 'date': 'Tue, 22 Dec 2015 00:27:50 GMT', 'content-type': 'application/json; charset=UTF-8', 'x-openstack-request-id': 'req-8c9ec306-bfb6-44b9-849e-e9f83f2189a6'}
        Body: {"ports": [{"status": "ACTIVE", "binding:host_id": "vagrant-ubuntu-trusty-64", "allowed_address_pairs": [], "extra_dhcp_opts": [], "dns_assignment": [{"hostname": "host-10-100-0-3", "ip_address": "10.100.0.3", "fqdn": "host-10-100-0-3.openstacklocal."}], "device_owner": "compute:None", "port_security_enabled": true, "binding:profile": {}, "fixed_ips": [{"subnet_id": "f4b61706-98f2-4ec2-ada9-5fb9b5f06799", "ip_address": "10.100.0.3"}], "id": "16de949e-da8a-41e3-b593-4c629d6efcc0", "security_groups": ["e9bf4df7-b258-40b0-8349-756a5ce9fc84"], "device_id": "77096573-9ea9-4721-9da5-fbb7f621b86a", "name": "", "admin_state_up": true, "network_id": "727b9492-0e57-4e39-9688-9ce8d085fdce", "dns_name": "", "binding:vif_details": {"port_filter": true}, "binding:vnic_type": "normal", "binding:vif_type": "ovs", "tenant_id": "ed81f78e50324f34b176cc7222429683", "mac_address": "fa:16:3e:7b:52:d3"}]}
2015-12-22 00:27:51,183 21571 INFO     [tempest_lib.common.rest_client] Request (TestNetworkAdvancedServerOps:test_server_connectivity_pause_unpause): 201 POST http://10.0.2.15:9696/v2.0/floatingips 0.654s
2015-12-22 00:27:51,184 21571 DEBUG    [tempest_lib.common.rest_client] Request - Headers: {'Content-Type': 'application/json', 'Accept': 'application/json', 'X-Auth-Token': '&lt;omitted&gt;'}
        Body: {"floatingip": {"floating_network_id": "69a720c7-9c80-4cff-9ca0-a94c18ae4a62", "tenant_id": "ed81f78e50324f34b176cc7222429683", "fixed_ip_address": "10.100.0.3", "port_id": "16de949e-da8a-41e3-b593-4c629d6efcc0"}}
    Response - Headers: {'status': '201', 'content-length': '367', 'connection': 'close', 'date': 'Tue, 22 Dec 2015 00:27:51 GMT', 'content-type': 'application/json; charset=UTF-8', 'x-openstack-request-id': 'req-88031317-4165-4230-a949-dbac5d2f0280'}
        Body: {"floatingip": {"floating_network_id": "69a720c7-9c80-4cff-9ca0-a94c18ae4a62", "router_id": "b603927a-6da6-43da-bd2a-a8eed0d9c5d1", "fixed_ip_address": "10.100.0.3", "floating_ip_address": "172.24.4.4", "tenant_id": "ed81f78e50324f34b176cc7222429683", "status": "DOWN", "port_id": "16de949e-da8a-41e3-b593-4c629d6efcc0", "id": "61fa21b2-9060-4384-b077-78ef8df4c987"}}
2015-12-22 00:27:51,540 21571 INFO     [tempest_lib.common.rest_client] Request (TestNetworkAdvancedServerOps:test_server_connectivity_pause_unpause): 200 GET http://10.0.2.15:8774/v2.1/ed81f78e50324f34b176cc7222429683/servers/77096573-9ea9-4721-9da5-fbb7f621b86a 0.355s
2015-12-22 00:27:51,540 21571 DEBUG    [tempest_lib.common.rest_client] Request - Headers: {'Content-Type': 'application/json', 'Accept': 'application/json', 'X-Auth-Token': '&lt;omitted&gt;'}
        Body: None
    Response - Headers: {'status': '200', 'content-length': '1661', 'content-location': 'http://10.0.2.15:8774/v2.1/ed81f78e50324f34b176cc7222429683/servers/77096573-9ea9-4721-9da5-fbb7f621b86a', 'x-compute-request-id': 'req-1310de86-242e-43fe-b5ef-9ce5ce0b2c3d', 'vary': 'X-OpenStack-Nova-API-Version', 'connection': 'close', 'x-openstack-nova-api-version': '2.1', 'date': 'Tue, 22 Dec 2015 00:27:51 GMT', 'content-type': 'application/json'}
        Body: {"server": {"status": "ACTIVE", "updated": "2015-12-22T00:27:49Z", "hostId": "7d8128d46d8accfe45ad9129e7e812c5c95ccbae8205a9308bc84a99", "addresses": {"tempest-network-smoke--1537429651": [{"OS-EXT-IPS-MAC:mac_addr": "fa:16:3e:7b:52:d3", "version": 4, "addr": "10.100.0.3", "OS-EXT-IPS:type": "fixed"}]}, "links": [{"href": "http://10.0.2.15:8774/v2.1/ed81f78e50324f34b176cc7222429683/servers/77096573-9ea9-4721-9da5-fbb7f621b86a", "rel": "self"}, {"href": "http://10.0.2.15:8774/ed81f78e50324f34b176cc7222429683/servers/77096573-9ea9-4721-9da5-fbb7f621b86a", "rel": "bookmark"}], "key_name": "tempest-TestNetworkAdvancedServerOps-479286858", "image": {"id": "8cb1cf70-c4eb-4f07-ab84-c52dbeb17803", "links": [{"href": "http://10.0.2.15:8774/ed81f78e50324f34b176cc7222429683/images/8cb1cf70-c4eb-4f07-ab84-c52dbeb17803", "rel": "bookmark"}]}, "OS-EXT-STS:task_state": null, "OS-EXT-STS:vm_state": "active", "OS-SRV-USG:launched_at": "2015-12-22T00:27:49.000000", "flavor": {"id": "42", "links": [{"href": "http://10.0.2.15:8774/ed81f78e50324f34b176cc7222429683/flavors/42", "rel": "bookmark"}]}, "id": "77096573-9ea9-4721-9da5-fbb7f621b86a", "security_groups": [{"name": "tempest-secgroup-smoke-1766134628"}], "OS-SRV-USG:terminated_at": null, "OS-EXT-AZ:availability_zone": "nova", "user_id": "17749c6a637548faa3d9cead775f3ab0", "name": "tempest.common.compute-instance-496979939", "created": "2015-12-22T00:27:46Z", "tenant_id": "ed81f78e50324f34b176cc7222429683", "OS-DCF:diskConfig": "MANUAL", "os-extended-volumes:volumes_attached": [], "accessIPv4": "", "accessIPv6": "", "progress": 0, "OS-EXT-STS:power_state": 1, "config_drive": "True", "metadata": {}}}
2015-12-22 00:27:51,551 21571 INFO     [tempest.scenario.manager] Tenant networks not configured to be reachable.
2015-12-22 00:27:51,566 21571 INFO     [tempest_lib.common.rest_client] Request (TestNetworkAdvancedServerOps:test_server_connectivity_pause_unpause): 200 GET http://10.0.2.15:9696/v2.0/floatingips/61fa21b2-9060-4384-b077-78ef8df4c987 0.014s
2015-12-22 00:27:51,566 21571 DEBUG    [tempest_lib.common.rest_client] Request - Headers: {'Content-Type': 'application/json', 'Accept': 'application/json', 'X-Auth-Token': '&lt;omitted&gt;'}
        Body: None
    Response - Headers: {'status': '200', 'content-length': '367', 'content-location': 'http://10.0.2.15:9696/v2.0/floatingips/61fa21b2-9060-4384-b077-78ef8df4c987', 'connection': 'close', 'date': 'Tue, 22 Dec 2015 00:27:51 GMT', 'content-type': 'application/json; charset=UTF-8', 'x-openstack-request-id': 'req-2ba654ec-d940-432b-ab3b-3bc2db1c6b8c'}
        Body: {"floatingip": {"floating_network_id": "69a720c7-9c80-4cff-9ca0-a94c18ae4a62", "router_id": "b603927a-6da6-43da-bd2a-a8eed0d9c5d1", "fixed_ip_address": "10.100.0.3", "floating_ip_address": "172.24.4.4", "tenant_id": "ed81f78e50324f34b176cc7222429683", "status": "DOWN", "port_id": "16de949e-da8a-41e3-b593-4c629d6efcc0", "id": "61fa21b2-9060-4384-b077-78ef8df4c987"}}
2015-12-22 00:27:52,587 21571 INFO     [tempest_lib.common.rest_client] Request (TestNetworkAdvancedServerOps:test_server_connectivity_pause_unpause): 200 GET http://10.0.2.15:9696/v2.0/floatingips/61fa21b2-9060-4384-b077-78ef8df4c987 0.019s
2015-12-22 00:27:52,588 21571 DEBUG    [tempest_lib.common.rest_client] Request - Headers: {'Content-Type': 'application/json', 'Accept': 'application/json', 'X-Auth-Token': '&lt;omitted&gt;'}
        Body: None
    Response - Headers: {'status': '200', 'content-length': '369', 'content-location': 'http://10.0.2.15:9696/v2.0/floatingips/61fa21b2-9060-4384-b077-78ef8df4c987', 'connection': 'close', 'date': 'Tue, 22 Dec 2015 00:27:52 GMT', 'content-type': 'application/json; charset=UTF-8', 'x-openstack-request-id': 'req-d24d86c2-6504-45fa-9723-a28652c449ab'}
        Body: {"floatingip": {"floating_network_id": "69a720c7-9c80-4cff-9ca0-a94c18ae4a62", "router_id": "b603927a-6da6-43da-bd2a-a8eed0d9c5d1", "fixed_ip_address": "10.100.0.3", "floating_ip_address": "172.24.4.4", "tenant_id": "ed81f78e50324f34b176cc7222429683", "status": "ACTIVE", "port_id": "16de949e-da8a-41e3-b593-4c629d6efcc0", "id": "61fa21b2-9060-4384-b077-78ef8df4c987"}}
2015-12-22 00:27:52,588 21571 INFO     [tempest.scenario.manager] FloatingIP: &lt;"FloatingIP" addr="172.24.4.4" id="61fa21b2-9060-4384-b077-78ef8df4c987"&gt; is at status: ACTIVE
2015-12-22 00:27:52,588 21571 DEBUG    [tempest.scenario.manager] checking network connections to IP 172.24.4.4 with user: cirros
2015-12-22 00:27:52,589 21571 DEBUG    [tempest.scenario.manager] TestNetworkAdvancedServerOps:test_server_connectivity_pause_unpause begins to ping 172.24.4.4 in 120 sec and the expected result is reachable
2015-12-22 00:29:52,910 21571 DEBUG    [tempest.scenario.manager] TestNetworkAdvancedServerOps:test_server_connectivity_pause_unpause finishes ping 172.24.4.4 in 120 sec and the ping result is unexpected
2015-12-22 00:29:52,912 21571 ERROR    [tempest.scenario.manager] Public network connectivity check failed
2015-12-22 00:29:52.912 21571 ERROR tempest.scenario.manager Traceback (most recent call last):
2015-12-22 00:29:52.912 21571 ERROR tempest.scenario.manager   File "tempest/scenario/manager.py", line 608, in check_public_network_connectivity
2015-12-22 00:29:52.912 21571 ERROR tempest.scenario.manager     should_connect=should_connect)
2015-12-22 00:29:52.912 21571 ERROR tempest.scenario.manager   File "tempest/scenario/manager.py", line 592, in check_vm_connectivity
2015-12-22 00:29:52.912 21571 ERROR tempest.scenario.manager     msg=msg)
2015-12-22 00:29:52.912 21571 ERROR tempest.scenario.manager   File "/usr/local/lib/python2.7/dist-packages/unittest2/case.py", line 702, in assertTrue
2015-12-22 00:29:52.912 21571 ERROR tempest.scenario.manager     raise self.failureException(msg)
2015-12-22 00:29:52.912 21571 ERROR tempest.scenario.manager AssertionError: False is not true : Timed out waiting for 172.24.4.4 to become reachable
2015-12-22 00:29:52.912 21571 ERROR tempest.scenario.manager 
2015-12-22 00:29:53,114 21571 INFO     [tempest_lib.common.rest_client] Request (TestNetworkAdvancedServerOps:test_server_connectivity_pause_unpause): 200 POST http://10.0.2.15:8774/v2.1/ed81f78e50324f34b176cc7222429683/servers/77096573-9ea9-4721-9da5-fbb7f621b86a/action 0.198s
2015-12-22 00:29:53,114 21571 DEBUG    [tempest_lib.common.rest_client] Request - Headers: {'Content-Type': 'application/json', 'Accept': 'application/json', 'X-Auth-Token': '&lt;omitted&gt;'}
        Body: {"os-getConsoleOutput": {}}
    Response - Headers: {'status': '200', 'content-length': '17471', 'x-compute-request-id': 'req-4a958e6a-b5fc-4a10-bf56-d027d15a34b7', 'vary': 'X-OpenStack-Nova-API-Version', 'connection': 'close', 'x-openstack-nova-api-version': '2.1', 'date': 'Tue, 22 Dec 2015 00:29:53 GMT', 'content-type': 'application/json'}
        Body: {"output": "[    0.000000] Initializing cgroup subsys cpuset\n[    0.000000] Initializing cgroup subsys cpu\n[    0.000000] Linux version 3.2.0-80-virtual (buildd@batsu) (gcc version 4.6.3 (Ubuntu/Linaro 4.6.3-1ubuntu5) ) #116-Ubuntu SMP Mon Mar 23 17:28:52 UTC 2015 (Ubuntu 3.2.0-80.116-virtual 3.2.68)\n[    0.000000] Command line: root=/dev/vda console=tty0 console=ttyS0 no_timer_check\n[    0.000000] KERNEL supported cpus:\n[    0.000000]   Intel GenuineIntel\n[    0.000000]   AMD AuthenticAMD\n[    0.000000]   Centaur CentaurHauls\n[    0.000000] BIOS-provided physical RAM map:\n[    0.000000]  BIOS-e820: 0000000000000000 - 000000000009fc00 (usable)\n[    0.000000]  BIOS-e820: 000000000009fc00 - 00000000000a0000 (reserved)\n[    0.000000]  BIOS-e820: 00000000000f0000 - 0000000000100000 (reserved)\n[    0.000000]  BIOS-e820: 0000000000100000 - 0000000003ffe000 (usable)\n[    0.000000]  BIOS-e820: 0000000003ffe000 - 0000000004000000 (reserved)\n[    0.000000]  BIOS-e820: 00000000fffc0000 - 0000000100000000 (reserved)\n[    0.000000] NX (Execute Disable) protection: active\n[    0.000000] SMBIOS 2.4 present.\n[    0.000000] No AGP bridge found\n[    0.000000] last_pfn = 0x3ffe max_arch_pfn = 0x400000000\n[    0.000000] x86 PAT enabled: cpu 0, old 0x7040600070406, new 0x7010600070106\n[    0.000000] found SMP MP-table at [ffff8800000f0b00] f0b00\n[    0.000000] init_memory_mapping: 0000000000000000-0000000003ffe000\n[    0.000000] RAMDISK: 03c5e000 - 03ff0000\n[    0.000000] ACPI: RSDP 00000000000f0950 00014 (v00 BOCHS )\n[    0.000000] ACPI: RSDT 0000000003fffbc1 00034 (v01 BOCHS  BXPCRSDT 00000001 BXPC 00000001)\n[    0.000000] ACPI: FACP 0000000003fff1c0 00074 (v01 BOCHS  BXPCFACP 00000001 BXPC 00000001)\n[    0.000000] ACPI: DSDT 0000000003ffe040 01180 (v01 BOCHS  BXPCDSDT 00000001 BXPC 00000001)\n[    0.000000] ACPI: FACS 0000000003ffe000 00040\n[    0.000000] ACPI: SSDT 0000000003fff234 008DD (v01 BOCHS  BXPCSSDT 00000001 BXPC 00000001)\n[    0.000000] ACPI: APIC 0000000003fffb11 00078 (v01 BOCHS  BXPCAPIC 00000001 BXPC 00000001)\n[    0.000000] ACPI: HPET 0000000003fffb89 00038 (v01 BOCHS  BXPCHPET 00000001 BXPC 00000001)\n[    0.000000] No NUMA configuration found\n[    0.000000] Faking a node at 0000000000000000-0000000003ffe000\n[    0.000000] Initmem setup node 0 0000000000000000-0000000003ffe000\n[    0.000000]   NODE_DATA [0000000003ff6000 - 0000000003ffafff]\n[    0.000000] Zone PFN ranges:\n[    0.000000]   DMA      0x00000010 -&gt; 0x00001000\n[    0.000000]   DMA32    0x00001000 -&gt; 0x00100000\n[    0.000000]   Normal   empty\n[    0.000000] Movable zone start PFN for each node\n[    0.000000] early_node_map[2] active PFN ranges\n[    0.000000]     0: 0x00000010 -&gt; 0x0000009f\n[    0.000000]     0: 0x00000100 -&gt; 0x00003ffe\n[    0.000000] ACPI: PM-Timer IO Port: 0xb008\n[    0.000000] ACPI: LAPIC (acpi_id[0x00] lapic_id[0x00] enabled)\n[    0.000000] ACPI: LAPIC_NMI (acpi_id[0xff] dfl dfl lint[0x1])\n[    0.000000] ACPI: IOAPIC (id[0x00] address[0xfec00000] gsi_base[0])\n[    0.000000] IOAPIC[0]: apic_id 0, version 17, address 0xfec00000, GSI 0-23\n[    0.000000] ACPI: INT_SRC_OVR (bus 0 bus_irq 0 global_irq 2 dfl dfl)\n[    0.000000] ACPI: INT_SRC_OVR (bus 0 bus_irq 5 global_irq 5 high level)\n[    0.000000] ACPI: INT_SRC_OVR (bus 0 bus_irq 9 global_irq 9 high level)\n[    0.000000] ACPI: INT_SRC_OVR (bus 0 bus_irq 10 global_irq 10 high level)\n[    0.000000] ACPI: INT_SRC_OVR (bus 0 bus_irq 11 global_irq 11 high level)\n[    0.000000] Using ACPI (MADT) for SMP configuration information\n[    0.000000] ACPI: HPET id: 0x8086a201 base: 0xfed00000\n[    0.000000] SMP: Allowing 1 CPUs, 0 hotplug CPUs\n[    0.000000] PM: Registered nosave memory: 000000000009f000 - 00000000000a0000\n[    0.000000] PM: Registered nosave memory: 00000000000a0000 - 00000000000f0000\n[    0.000000] PM: Registered nosave memory: 00000000000f0000 - 0000000000100000\n[    0.000000] Allocating PCI resources starting at 4000000 (gap: 4000000:fbfc0000)\n[    0.000000] Booting paravirtualized kernel on bare hardware\n[    0.000000] setup_pe
2015-12-22 00:29:53,118 21571 DEBUG    [tempest.scenario.manager] Console output for 77096573-9ea9-4721-9da5-fbb7f621b86a
body=
[    0.000000] Initializing cgroup subsys cpuset
[    0.000000] Initializing cgroup subsys cpu
[    0.000000] Linux version 3.2.0-80-virtual (buildd@batsu) (gcc version 4.6.3 (Ubuntu/Linaro 4.6.3-1ubuntu5) ) #116-Ubuntu SMP Mon Mar 23 17:28:52 UTC 2015 (Ubuntu 3.2.0-80.116-virtual 3.2.68)
[    0.000000] Command line: root=/dev/vda console=tty0 console=ttyS0 no_timer_check
[    0.000000] KERNEL supported cpus:
[    0.000000]   Intel GenuineIntel
[    0.000000]   AMD AuthenticAMD
[    0.000000]   Centaur CentaurHauls
[    0.000000] BIOS-provided physical RAM map:
[    0.000000]  BIOS-e820: 0000000000000000 - 000000000009fc00 (usable)
[    0.000000]  BIOS-e820: 000000000009fc00 - 00000000000a0000 (reserved)
[    0.000000]  BIOS-e820: 00000000000f0000 - 0000000000100000 (reserved)
[    0.000000]  BIOS-e820: 0000000000100000 - 0000000003ffe000 (usable)
[    0.000000]  BIOS-e820: 0000000003ffe000 - 0000000004000000 (reserved)
[    0.000000]  BIOS-e820: 00000000fffc0000 - 0000000100000000 (reserved)
[    0.000000] NX (Execute Disable) protection: active
[    0.000000] SMBIOS 2.4 present.
[    0.000000] No AGP bridge found
[    0.000000] last_pfn = 0x3ffe max_arch_pfn = 0x400000000
[    0.000000] x86 PAT enabled: cpu 0, old 0x7040600070406, new 0x7010600070106
[    0.000000] found SMP MP-table at [ffff8800000f0b00] f0b00
[    0.000000] init_memory_mapping: 0000000000000000-0000000003ffe000
[    0.000000] RAMDISK: 03c5e000 - 03ff0000
[    0.000000] ACPI: RSDP 00000000000f0950 00014 (v00 BOCHS )
[    0.000000] ACPI: RSDT 0000000003fffbc1 00034 (v01 BOCHS  BXPCRSDT 00000001 BXPC 00000001)
[    0.000000] ACPI: FACP 0000000003fff1c0 00074 (v01 BOCHS  BXPCFACP 00000001 BXPC 00000001)
[    0.000000] ACPI: DSDT 0000000003ffe040 01180 (v01 BOCHS  BXPCDSDT 00000001 BXPC 00000001)
[    0.000000] ACPI: FACS 0000000003ffe000 00040
[    0.000000] ACPI: SSDT 0000000003fff234 008DD (v01 BOCHS  BXPCSSDT 00000001 BXPC 00000001)
[    0.000000] ACPI: APIC 0000000003fffb11 00078 (v01 BOCHS  BXPCAPIC 00000001 BXPC 00000001)
[    0.000000] ACPI: HPET 0000000003fffb89 00038 (v01 BOCHS  BXPCHPET 00000001 BXPC 00000001)
[    0.000000] No NUMA configuration found
[    0.000000] Faking a node at 0000000000000000-0000000003ffe000
[    0.000000] Initmem setup node 0 0000000000000000-0000000003ffe000
[    0.000000]   NODE_DATA [0000000003ff6000 - 0000000003ffafff]
[    0.000000] Zone PFN ranges:
[    0.000000]   DMA      0x00000010 -&gt; 0x00001000
[    0.000000]   DMA32    0x00001000 -&gt; 0x00100000
[    0.000000]   Normal   empty
[    0.000000] Movable zone start PFN for each node
[    0.000000] early_node_map[2] active PFN ranges
[    0.000000]     0: 0x00000010 -&gt; 0x0000009f
[    0.000000]     0: 0x00000100 -&gt; 0x00003ffe
[    0.000000] ACPI: PM-Timer IO Port: 0xb008
[    0.000000] ACPI: LAPIC (acpi_id[0x00] lapic_id[0x00] enabled)
[    0.000000] ACPI: LAPIC_NMI (acpi_id[0xff] dfl dfl lint[0x1])
[    0.000000] ACPI: IOAPIC (id[0x00] address[0xfec00000] gsi_base[0])
[    0.000000] IOAPIC[0]: apic_id 0, version 17, address 0xfec00000, GSI 0-23
[    0.000000] ACPI: INT_SRC_OVR (bus 0 bus_irq 0 global_irq 2 dfl dfl)
[    0.000000] ACPI: INT_SRC_OVR (bus 0 bus_irq 5 global_irq 5 high level)
[    0.000000] ACPI: INT_SRC_OVR (bus 0 bus_irq 9 global_irq 9 high level)
[    0.000000] ACPI: INT_SRC_OVR (bus 0 bus_irq 10 global_irq 10 high level)
[    0.000000] ACPI: INT_SRC_OVR (bus 0 bus_irq 11 global_irq 11 high level)
[    0.000000] Using ACPI (MADT) for SMP configuration information
[    0.000000] ACPI: HPET id: 0x8086a201 base: 0xfed00000
[    0.000000] SMP: Allowing 1 CPUs, 0 hotplug CPUs
[    0.000000] PM: Registered nosave memory: 000000000009f000 - 00000000000a0000
[    0.000000] PM: Registered nosave memory: 00000000000a0000 - 00000000000f0000
[    0.000000] PM: Registered nosave memory: 00000000000f0000 - 0000000000100000
[    0.000000] Allocating PCI resources starting at 4000000 (gap: 4000000:fbfc0000)
[    0.000000] Booting paravirtualized kernel on bare hardware
[    0.000000] setup_percpu: NR_CPUS:64 nr_cpumask_bits:64 nr_cpu_ids:1 nr_node_ids:1
[    0.000000] PERCPU: Embedded 27 pages/cpu @ffff880003a00000 s78848 r8192 d23552 u2097152
[    0.000000] Built 1 zonelists in Node order, mobility grouping on.  Total pages: 16008
[    0.000000] Policy zone: DMA32
[    0.000000] Kernel command line: root=/dev/vda console=tty0 console=ttyS0 no_timer_check
[    0.000000] PID hash table entries: 256 (order: -1, 2048 bytes)
[    0.000000] Checking aperture...
[    0.000000] No AGP bridge found
[    0.000000] Memory: 43492k/65528k available (6576k kernel code, 452k absent, 21584k reserved, 6620k data, 928k init)
[    0.000000] SLUB: Genslabs=15, HWalign=64, Order=0-3, MinObjects=0, CPUs=1, Nodes=1
[    0.000000] Hierarchical RCU implementation.
[    0.000000] 	RCU dyntick-idle grace-period acceleration is enabled.
[    0.000000] NR_IRQS:4352 nr_irqs:256 16
[    0.000000] Console: colour VGA+ 80x25
[    0.000000] console [tty0] enabled
[    0.000000] console [ttyS0] enabled
[    0.000000] allocated 1048576 bytes of page_cgroup
[    0.000000] please try 'cgroup_disable=memory' option if you don't want memory cgroups
[    0.000000] Fast TSC calibration failed
[    0.000000] TSC: Unable to calibrate against PIT
[    0.000000] TSC: using HPET reference calibration
[    0.000000] Detected 2295.906 MHz processor.
[    0.028400] Calibrating delay loop (skipped), value calculated using timer frequency.. 4591.81 BogoMIPS (lpj=9183624)
[    0.032633] pid_max: default: 32768 minimum: 301
[    0.042457] Security Framework initialized
[    0.046469] AppArmor: AppArmor initialized
[    0.048123] Yama: becoming mindful.
[    0.056309] Dentry cache hash table entries: 8192 (order: 4, 65536 bytes)
[    0.058449] Inode-cache hash table entries: 4096 (order: 3, 32768 bytes)
[    0.060349] Mount-cache hash table entries: 256
[    0.077574] Initializing cgroup subsys cpuacct
[    0.078506] Initializing cgroup subsys memory
[    0.080391] Initializing cgroup subsys devices
[    0.081922] Initializing cgroup subsys freezer
[    0.082765] Initializing cgroup subsys blkio
[    0.084182] Initializing cgroup subsys perf_event
[    0.088995] mce: CPU supports 10 MCE banks
[    0.092690] SMP alternatives: switching to UP code
[    0.504526] Freeing SMP alternatives: 24k freed
[    0.506162] ACPI: Core revision 20110623
[    0.559015] ftrace: allocating 26610 entries in 105 pages
[    0.589133] ..TIMER: vector=0x30 apic1=0 pin1=2 apic2=-1 pin2=-1
[    0.590901] CPU0: AMD QEMU Virtual CPU version 2.0.0 stepping 03
[    0.596036] Performance Events: Broken PMU hardware detected, using software events only.
[    0.604354] NMI watchdog disabled (cpu0): hardware events not enabled
[    0.605904] Brought up 1 CPUs
[    0.606424] Total of 1 processors activated (4591.81 BogoMIPS).
[    0.627242] devtmpfs: initialized
[    0.656276] EVM: security.selinux
[    0.656804] EVM: security.SMACK64
[    0.657202] EVM: security.capability
[    0.678276] print_constraints: dummy: 
[    0.680579] RTC time:  0:27:53, date: 12/22/15
[    0.682824] NET: Registered protocol family 16
[    0.692210] ACPI: bus type pci registered
[    0.696119] PCI: Using configuration type 1 for base access
[    0.723080] bio: create slab &lt;bio-0&gt; at 0
[    0.728122] ACPI: Added _OSI(Module Device)
[    0.728738] ACPI: Added _OSI(Processor Device)
[    0.729317] ACPI: Added _OSI(3.0 _SCP Extensions)
[    0.729913] ACPI: Added _OSI(Processor Aggregator Device)
[    0.804538] ACPI: Interpreter enabled
[    0.805133] ACPI: (supports S0 S3 S4 S5)
[    0.806469] ACPI: Using IOAPIC for interrupt routing
[    0.885555] ACPI: No dock devices found.
[    0.886151] HEST: Table not found.
[    0.886689] PCI: Using host bridge windows from ACPI; if necessary, use "pci=nocrs" and report a bug
[    0.893218] ACPI: PCI Root Bridge [PCI0] (domain 0000 [bus 00-ff])
[    0.899458] pci_root PNP0A03:00: host bridge window [io  0x0000-0x0cf7]
[    0.900169] pci_root PNP0A03:00: host bridge window [io  0x0d00-0xadff]
[    0.901083] pci_root PNP0A03:00: host bridge window [io  0xae0f-0xaeff]
[    0.902179] pci_root PNP0A03:00: host bridge window [io  0xaf20-0xafdf]
[    0.904115] pci_root PNP0A03:00: host bridge window [io  0xafe4-0xffff]
[    0.905041] pci_root PNP0A03:00: host bridge window [mem 0x000a0000-0x000bffff]
[    0.906039] pci_root PNP0A03:00: host bridge window [mem 0x04000000-0xfebfffff]
[    0.929736] pci 0000:00:01.3: quirk: [io  0xb000-0xb03f] claimed by PIIX4 ACPI
[    0.930779] pci 0000:00:01.3: quirk: [io  0xb100-0xb10f] claimed by PIIX4 SMB
[    1.001335]  pci0000:00: Unable to request _OSC control (_OSC support mask: 0x1e)
[    1.065077] ACPI: PCI Interrupt Link [LNKA] (IRQs 5 *10 11)
[    1.067123] ACPI: PCI Interrupt Link [LNKB] (IRQs 5 *10 11)
[    1.069339] ACPI: PCI Interrupt Link [LNKC] (IRQs 5 10 *11)
[    1.071064] ACPI: PCI Interrupt Link [LNKD] (IRQs 5 10 *11)
[    1.072937] ACPI: PCI Interrupt Link [LNKS] (IRQs *9)
[    1.079464] vgaarb: device added: PCI:0000:00:02.0,decodes=io+mem,owns=io+mem,locks=none
[    1.080202] vgaarb: loaded
[    1.080591] vgaarb: bridge control possible 0000:00:02.0
[    1.086056] i2c-core: driver [aat2870] using legacy suspend method
[    1.086805] i2c-core: driver [aat2870] using legacy resume method
[    1.089880] SCSI subsystem initialized
[    1.093577] usbcore: registered new interface driver usbfs
[    1.094758] usbcore: registered new interface driver hub
[    1.096766] usbcore: registered new device driver usb
[    1.101210] PCI: Using ACPI for IRQ routing
[    1.112958] NetLabel: Initializing
[    1.113413] NetLabel:  domain hash size = 128
[    1.113966] NetLabel:  protocols = UNLABELED CIPSOv4
[    1.116680] NetLabel:  unlabeled traffic allowed by default
[    1.118769] HPET: 3 timers in total, 0 timers will be used for per-cpu timer
[    1.120430] hpet0: at MMIO 0xfed00000, IRQs 2, 8, 0
[    1.121295] hpet0: 3 comparators, 64-bit 100.000000 MHz counter
[    1.134373] Switching to clocksource hpet
[    1.379675] AppArmor: AppArmor Filesystem Enabled
[    1.382856] pnp: PnP ACPI init
[    1.383437] ACPI: bus type pnp registered
[    1.407527] pnp: PnP ACPI: found 9 devices
[    1.411562] ACPI: ACPI bus type pnp unregistered
[    1.495000] NET: Registered protocol family 2
[    1.529770] IP route cache hash table entries: 512 (order: 0, 4096 bytes)
[    1.537729] TCP established hash table entries: 2048 (order: 3, 32768 bytes)
[    1.539219] TCP bind hash table entries: 2048 (order: 3, 32768 bytes)
[    1.540050] TCP: Hash tables configured (established 2048 bind 2048)
[    1.542027] TCP reno registered
[    1.542578] UDP hash table entries: 128 (order: 0, 4096 bytes)
[    1.543640] UDP-Lite hash table entries: 128 (order: 0, 4096 bytes)
[    1.547062] NET: Registered protocol family 1
[    1.547823] pci 0000:00:00.0: Limiting direct PCI/PCI transfers
[    1.549563] pci 0000:00:01.0: PIIX3: Enabling Passive Release
[    1.550190] pci 0000:00:01.0: Activating ISA DMA hang workarounds
[    1.555430] ACPI: PCI Interrupt Link [LNKD] enabled at IRQ 11
[    1.557257] pci 0000:00:01.2: PCI INT D -&gt; Link[LNKD] -&gt; GSI 11 (level, high) -&gt; IRQ 11
[    1.559406] pci 0000:00:01.2: PCI INT D disabled
[    1.577215] Trying to unpack rootfs image as initramfs...
[    1.591831] audit: initializing netlink socket (disabled)
[    1.594275] type=2000 audit(1450744073.592:1): initialized
[    1.887312] HugeTLB registered 2 MB page size, pre-allocated 0 pages
[    1.975761] VFS: Disk quotas dquot_6.5.2
[    1.978564] Dquot-cache hash table entries: 512 (order 0, 4096 bytes)
[    1.994161] fuse init (API version 7.17)
[    1.997369] msgmni has been set to 84
[    2.023493] Block layer SCSI generic (bsg) driver version 0.4 loaded (major 253)
[    2.034007] io scheduler noop registered
[    2.034762] io scheduler deadline registered (default)
[    2.037522] io scheduler cfq registered
[    2.041748] pci_hotplug: PCI Hot Plug PCI Core version: 0.5
[    2.044058] pciehp: PCI Express Hot Plug Controller Driver version: 0.4
[    2.051231] input: Power Button as /devices/LNXSYSTM:00/LNXPWRBN:00/input/input0
[    2.053726] ACPI: Power Button [PWRF]
[    2.107563] ERST: Table is not found!
[    2.108633] GHES: HEST is not enabled!
[    2.127881] ACPI: PCI Interrupt Link [LNKC] enabled at IRQ 10
[    2.129519] virtio-pci 0000:00:03.0: PCI INT A -&gt; Link[LNKC] -&gt; GSI 10 (level, high) -&gt; IRQ 10
[    2.133395] virtio-pci 0000:00:04.0: PCI INT A -&gt; Link[LNKD] -&gt; GSI 11 (level, high) -&gt; IRQ 11
[    2.142536] ACPI: PCI Interrupt Link [LNKA] enabled at IRQ 10
[    2.143266] virtio-pci 0000:00:05.0: PCI INT A -&gt; Link[LNKA] -&gt; GSI 10 (level, high) -&gt; IRQ 10
[    2.153890] Serial: 8250/16550 driver, 32 ports, IRQ sharing enabled
[    2.194235] serial8250: ttyS0 at I/O 0x3f8 (irq = 4) is a 16550A
[    2.277641] serial8250: ttyS1 at I/O 0x2f8 (irq = 3) is a 16550A
[    2.427261] 00:05: ttyS0 at I/O 0x3f8 (irq = 4) is a 16550A
[    2.528004] 00:06: ttyS1 at I/O 0x2f8 (irq = 3) is a 16550A
[    2.565716] Refined TSC clocksource calibration: 2296.024 MHz.
[    2.566530] Switching to clocksource tsc
[    2.579678] Linux agpgart interface v0.103
[    2.650282] brd: module loaded
[    2.681492] loop: module loaded
[    2.725599]  vda: unknown partition table
[    2.781591] scsi0 : ata_piix
[    2.784152] scsi1 : ata_piix
[    2.786136] ata1: PATA max MWDMA2 cmd 0x1f0 ctl 0x3f6 bmdma 0xc0a0 irq 14
[    2.786939] ata2: PATA max MWDMA2 cmd 0x170 ctl 0x376 bmdma 0xc0a8 irq 15
[    2.796120] Fixed MDIO Bus: probed
[    2.797695] tun: Universal TUN/TAP device driver, 1.6
[    2.798258] tun: (C) 1999-2004 Max Krasnyansky &lt;maxk@qualcomm.com&gt;
[    2.814897] PPP generic driver version 2.4.2
[    2.834997] ehci_hcd: USB 2.0 'Enhanced' Host Controller (EHCI) Driver
[    2.835973] ohci_hcd: USB 1.1 'Open' Host Controller (OHCI) Driver
[    2.837662] uhci_hcd: USB Universal Host Controller Interface driver
[    2.838661] uhci_hcd 0000:00:01.2: PCI INT D -&gt; Link[LNKD] -&gt; GSI 11 (level, high) -&gt; IRQ 11
[    2.842155] uhci_hcd 0000:00:01.2: UHCI Host Controller
[    2.851019] uhci_hcd 0000:00:01.2: new USB bus registered, assigned bus number 1
[    2.855754] uhci_hcd 0000:00:01.2: irq 11, io base 0x0000c040
[    2.892287] hub 1-0:1.0: USB hub found
[    2.893056] hub 1-0:1.0: 2 ports detected
[    2.903902] usbcore: registered new interface driver libusual
[    2.908955] i8042: PNP: PS/2 Controller [PNP0303:KBD,PNP0f13:MOU] at 0x60,0x64 irq 1,12
[    2.919928] serio: i8042 KBD port at 0x60,0x64 irq 1
[    2.922264] serio: i8042 AUX port at 0x60,0x64 irq 12
[    2.977756] mousedev: PS/2 mouse device common for all mice
[    2.995672] input: AT Translated Set 2 keyboard as /devices/platform/i8042/serio0/input/input1
[    3.009819] rtc_cmos 00:01: RTC can wake from S4
[    3.019543] ata2.01: ATAPI: QEMU DVD-ROM, 2.0.0, max UDMA/100
[    3.026767] rtc_cmos 00:01: rtc core: registered rtc_cmos as rtc0
[    3.030532] rtc0: alarms up to one day, 114 bytes nvram, hpet irqs
[    3.035879] device-mapper: uevent: version 1.0.3
[    3.057451] ata2.01: configured for MWDMA2
[    3.083605] device-mapper: ioctl: 4.22.0-ioctl (2011-10-19) initialised: dm-devel@redhat.com
[    3.087793] cpuidle: using governor ladder
[    3.089516] cpuidle: using governor menu
[    3.092000] EFI Variables Facility v0.08 2004-May-17
[    3.099915] TCP cubic registered
[    3.103620] NET: Registered protocol family 10
[    3.137335] NET: Registered protocol family 17
[    3.137898] Registering the dns_resolver key type
[    3.145945] scsi 1:0:1:0: CD-ROM            QEMU     QEMU DVD-ROM     2.0. PQ: 0 ANSI: 5
[    3.170201] sr0: scsi3-mmc drive: 4x/4x cd/rw xa/form2 tray
[    3.171589] cdrom: Uniform CD-ROM driver Revision: 3.20
[    3.186218] sr 1:0:1:0: Attached scsi generic sg0 type 5
[    3.243292] registered taskstats version 1
[    3.327337] Freeing initrd memory: 3656k freed
[    3.829356]   Magic number: 11:612:456
[    3.834458] mem urandom: hash matches
[    3.837394] rtc_cmos 00:01: setting system clock to 2015-12-22 00:27:56 UTC (1450744076)
[    3.840026] powernow-k8: Processor cpuid 663 not supported
[    3.846912] BIOS EDD facility v0.16 2004-Jun-25, 0 devices found
[    3.848497] EDD information not available.
[    3.905412] Freeing unused kernel memory: 928k freed
[    3.911849] Write protecting the kernel read-only data: 12288k
[    4.042110] Freeing unused kernel memory: 1596k freed
[    4.136340] Freeing unused kernel memory: 1184k freed

info: initramfs: up at 4.31
modprobe: module virtio_blk not found in modules.dep
modprobe: module virtio_net not found in modules.dep
info: copying initramfs to /dev/vda
info: initramfs loading root from /dev/vda
info: /etc/init.d/rc.sysinit: up at 8.99
info: container: none
Starting logging: OK
modprobe: module virtio_blk not found in modules.dep
modprobe: module virtio_net not found in modules.dep
WARN: /etc/rc3.d/S10-load-modules failed
Initializing random number generator... done.
Starting acpid: OK
cirros-ds 'local' up at 11.55
found datasource (configdrive, local)
Starting network...
udhcpc (v1.20.1) started
Sending discover...
Sending discover...

2015-12-22 00:29:53,400 21571 INFO     [tempest_lib.common.rest_client] Request (TestNetworkAdvancedServerOps:_run_cleanups): 204 DELETE http://10.0.2.15:9696/v2.0/floatingips/61fa21b2-9060-4384-b077-78ef8df4c987 0.274s
2015-12-22 00:29:53,401 21571 DEBUG    [tempest_lib.common.rest_client] Request - Headers: {'Content-Type': 'application/json', 'Accept': 'application/json', 'X-Auth-Token': '&lt;omitted&gt;'}
        Body: None
    Response - Headers: {'date': 'Tue, 22 Dec 2015 00:29:53 GMT', 'status': '204', 'connection': 'close', 'content-length': '0', 'x-openstack-request-id': 'req-4f0de1f8-79d1-4580-bac3-564d4690d8d7'}
        Body: 
2015-12-22 00:29:53,606 21571 INFO     [tempest_lib.common.rest_client] Request (TestNetworkAdvancedServerOps:_run_cleanups): 204 DELETE http://10.0.2.15:8774/v2.1/ed81f78e50324f34b176cc7222429683/servers/77096573-9ea9-4721-9da5-fbb7f621b86a 0.204s
2015-12-22 00:29:53,606 21571 DEBUG    [tempest_lib.common.rest_client] Request - Headers: {'Content-Type': 'application/json', 'Accept': 'application/json', 'X-Auth-Token': '&lt;omitted&gt;'}
        Body: None
    Response - Headers: {'status': '204', 'content-length': '0', 'x-compute-request-id': 'req-43ba908a-af5f-4985-908a-8bb92196e215', 'vary': 'X-OpenStack-Nova-API-Version', 'connection': 'close', 'x-openstack-nova-api-version': '2.1', 'date': 'Tue, 22 Dec 2015 00:29:53 GMT', 'content-type': 'application/json'}
        Body: 
2015-12-22 00:29:53,872 21571 INFO     [tempest_lib.common.rest_client] Request (TestNetworkAdvancedServerOps:_run_cleanups): 200 GET http://10.0.2.15:8774/v2.1/ed81f78e50324f34b176cc7222429683/servers/77096573-9ea9-4721-9da5-fbb7f621b86a 0.265s
2015-12-22 00:29:53,873 21571 DEBUG    [tempest_lib.common.rest_client] Request - Headers: {'Content-Type': 'application/json', 'Accept': 'application/json', 'X-Auth-Token': '&lt;omitted&gt;'}
        Body: None
    Response - Headers: {'status': '200', 'content-length': '1784', 'content-location': 'http://10.0.2.15:8774/v2.1/ed81f78e50324f34b176cc7222429683/servers/77096573-9ea9-4721-9da5-fbb7f621b86a', 'x-compute-request-id': 'req-e71b6f37-0d43-40eb-ac84-08ecae198f79', 'vary': 'X-OpenStack-Nova-API-Version', 'connection': 'close', 'x-openstack-nova-api-version': '2.1', 'date': 'Tue, 22 Dec 2015 00:29:53 GMT', 'content-type': 'application/json'}
        Body: {"server": {"status": "ACTIVE", "updated": "2015-12-22T00:29:53Z", "hostId": "7d8128d46d8accfe45ad9129e7e812c5c95ccbae8205a9308bc84a99", "addresses": {"tempest-network-smoke--1537429651": [{"OS-EXT-IPS-MAC:mac_addr": "fa:16:3e:7b:52:d3", "version": 4, "addr": "10.100.0.3", "OS-EXT-IPS:type": "fixed"}, {"OS-EXT-IPS-MAC:mac_addr": "fa:16:3e:7b:52:d3", "version": 4, "addr": "172.24.4.4", "OS-EXT-IPS:type": "floating"}]}, "links": [{"href": "http://10.0.2.15:8774/v2.1/ed81f78e50324f34b176cc7222429683/servers/77096573-9ea9-4721-9da5-fbb7f621b86a", "rel": "self"}, {"href": "http://10.0.2.15:8774/ed81f78e50324f34b176cc7222429683/servers/77096573-9ea9-4721-9da5-fbb7f621b86a", "rel": "bookmark"}], "key_name": "tempest-TestNetworkAdvancedServerOps-479286858", "image": {"id": "8cb1cf70-c4eb-4f07-ab84-c52dbeb17803", "links": [{"href": "http://10.0.2.15:8774/ed81f78e50324f34b176cc7222429683/images/8cb1cf70-c4eb-4f07-ab84-c52dbeb17803", "rel": "bookmark"}]}, "OS-EXT-STS:task_state": "deleting", "OS-EXT-STS:vm_state": "active", "OS-SRV-USG:launched_at": "2015-12-22T00:27:49.000000", "flavor": {"id": "42", "links": [{"href": "http://10.0.2.15:8774/ed81f78e50324f34b176cc7222429683/flavors/42", "rel": "bookmark"}]}, "id": "77096573-9ea9-4721-9da5-fbb7f621b86a", "security_groups": [{"name": "tempest-secgroup-smoke-1766134628"}], "OS-SRV-USG:terminated_at": null, "OS-EXT-AZ:availability_zone": "nova", "user_id": "17749c6a637548faa3d9cead775f3ab0", "name": "tempest.common.compute-instance-496979939", "created": "2015-12-22T00:27:46Z", "tenant_id": "ed81f78e50324f34b176cc7222429683", "OS-DCF:diskConfig": "MANUAL", "os-extended-volumes:volumes_attached": [], "accessIPv4": "", "accessIPv6": "", "progress": 0, "OS-EXT-STS:power_state": 1, "config_drive": "True", "metadata": {}}}
2015-12-22 00:29:55,033 21571 INFO     [tempest_lib.common.rest_client] Request (TestNetworkAdvancedServerOps:_run_cleanups): 200 GET http://10.0.2.15:8774/v2.1/ed81f78e50324f34b176cc7222429683/servers/77096573-9ea9-4721-9da5-fbb7f621b86a 0.149s
2015-12-22 00:29:55,034 21571 DEBUG    [tempest_lib.common.rest_client] Request - Headers: {'Content-Type': 'application/json', 'Accept': 'application/json', 'X-Auth-Token': '&lt;omitted&gt;'}
        Body: None
    Response - Headers: {'status': '200', 'content-length': '1448', 'content-location': 'http://10.0.2.15:8774/v2.1/ed81f78e50324f34b176cc7222429683/servers/77096573-9ea9-4721-9da5-fbb7f621b86a', 'x-compute-request-id': 'req-4082f1a2-c779-4ba5-9692-04402e97f7da', 'vary': 'X-OpenStack-Nova-API-Version', 'connection': 'close', 'x-openstack-nova-api-version': '2.1', 'date': 'Tue, 22 Dec 2015 00:29:55 GMT', 'content-type': 'application/json'}
        Body: {"server": {"status": "ACTIVE", "updated": "2015-12-22T00:29:54Z", "hostId": "7d8128d46d8accfe45ad9129e7e812c5c95ccbae8205a9308bc84a99", "addresses": {}, "links": [{"href": "http://10.0.2.15:8774/v2.1/ed81f78e50324f34b176cc7222429683/servers/77096573-9ea9-4721-9da5-fbb7f621b86a", "rel": "self"}, {"href": "http://10.0.2.15:8774/ed81f78e50324f34b176cc7222429683/servers/77096573-9ea9-4721-9da5-fbb7f621b86a", "rel": "bookmark"}], "key_name": "tempest-TestNetworkAdvancedServerOps-479286858", "image": {"id": "8cb1cf70-c4eb-4f07-ab84-c52dbeb17803", "links": [{"href": "http://10.0.2.15:8774/ed81f78e50324f34b176cc7222429683/images/8cb1cf70-c4eb-4f07-ab84-c52dbeb17803", "rel": "bookmark"}]}, "OS-EXT-STS:task_state": "deleting", "OS-EXT-STS:vm_state": "active", "OS-SRV-USG:launched_at": "2015-12-22T00:27:49.000000", "flavor": {"id": "42", "links": [{"href": "http://10.0.2.15:8774/ed81f78e50324f34b176cc7222429683/flavors/42", "rel": "bookmark"}]}, "id": "77096573-9ea9-4721-9da5-fbb7f621b86a", "OS-SRV-USG:terminated_at": null, "OS-EXT-AZ:availability_zone": "nova", "user_id": "17749c6a637548faa3d9cead775f3ab0", "name": "tempest.common.compute-instance-496979939", "created": "2015-12-22T00:27:46Z", "tenant_id": "ed81f78e50324f34b176cc7222429683", "OS-DCF:diskConfig": "MANUAL", "os-extended-volumes:volumes_attached": [], "accessIPv4": "", "accessIPv6": "", "progress": 0, "OS-EXT-STS:power_state": 1, "config_drive": "True", "metadata": {}}}
2015-12-22 00:29:56,126 21571 INFO     [tempest_lib.common.rest_client] Request (TestNetworkAdvancedServerOps:_run_cleanups): 404 GET http://10.0.2.15:8774/v2.1/ed81f78e50324f34b176cc7222429683/servers/77096573-9ea9-4721-9da5-fbb7f621b86a 0.079s
2015-12-22 00:29:56,127 21571 DEBUG    [tempest_lib.common.rest_client] Request - Headers: {'Content-Type': 'application/json', 'Accept': 'application/json', 'X-Auth-Token': '&lt;omitted&gt;'}
        Body: None
    Response - Headers: {'status': '404', 'content-length': '111', 'x-compute-request-id': 'req-07c4ee4e-55c2-4444-866b-4822111f9208', 'vary': 'X-OpenStack-Nova-API-Version', 'connection': 'close', 'x-openstack-nova-api-version': '2.1', 'date': 'Tue, 22 Dec 2015 00:29:56 GMT', 'content-type': 'application/json; charset=UTF-8'}
        Body: {"itemNotFound": {"message": "Instance 77096573-9ea9-4721-9da5-fbb7f621b86a could not be found.", "code": 404}}
2015-12-22 00:29:56,634 21571 INFO     [tempest_lib.common.rest_client] Request (TestNetworkAdvancedServerOps:_run_cleanups): 200 PUT http://10.0.2.15:9696/v2.0/routers/b603927a-6da6-43da-bd2a-a8eed0d9c5d1/remove_router_interface 0.506s
2015-12-22 00:29:56,635 21571 DEBUG    [tempest_lib.common.rest_client] Request - Headers: {'Content-Type': 'application/json', 'Accept': 'application/json', 'X-Auth-Token': '&lt;omitted&gt;'}
        Body: {"subnet_id": "f4b61706-98f2-4ec2-ada9-5fb9b5f06799"}
    Response - Headers: {'status': '200', 'content-length': '255', 'connection': 'close', 'date': 'Tue, 22 Dec 2015 00:29:56 GMT', 'content-type': 'application/json; charset=UTF-8', 'x-openstack-request-id': 'req-e032d297-4a3b-4b47-99ed-7403cfac199f'}
        Body: {"subnet_id": "f4b61706-98f2-4ec2-ada9-5fb9b5f06799", "tenant_id": "ed81f78e50324f34b176cc7222429683", "subnet_ids": ["f4b61706-98f2-4ec2-ada9-5fb9b5f06799"], "port_id": "d63c66f2-5dee-4d62-b198-4797fa4160ab", "id": "b603927a-6da6-43da-bd2a-a8eed0d9c5d1"}
2015-12-22 00:29:57,072 21571 INFO     [tempest_lib.common.rest_client] Request (TestNetworkAdvancedServerOps:_run_cleanups): 204 DELETE http://10.0.2.15:9696/v2.0/subnets/f4b61706-98f2-4ec2-ada9-5fb9b5f06799 0.436s
2015-12-22 00:29:57,072 21571 DEBUG    [tempest_lib.common.rest_client] Request - Headers: {'Content-Type': 'application/json', 'Accept': 'application/json', 'X-Auth-Token': '&lt;omitted&gt;'}
        Body: None
    Response - Headers: {'date': 'Tue, 22 Dec 2015 00:29:57 GMT', 'status': '204', 'connection': 'close', 'content-length': '0', 'x-openstack-request-id': 'req-cade8216-2b3d-476d-9674-cd485de1d66a'}
        Body: 
2015-12-22 00:29:57,125 21571 INFO     [tempest_lib.common.rest_client] Request (TestNetworkAdvancedServerOps:_run_cleanups): 200 GET http://10.0.2.15:9696/v2.0/routers/b603927a-6da6-43da-bd2a-a8eed0d9c5d1 0.052s
2015-12-22 00:29:57,125 21571 DEBUG    [tempest_lib.common.rest_client] Request - Headers: {'Content-Type': 'application/json', 'Accept': 'application/json', 'X-Auth-Token': '&lt;omitted&gt;'}
        Body: None
    Response - Headers: {'status': '200', 'content-length': '563', 'content-location': 'http://10.0.2.15:9696/v2.0/routers/b603927a-6da6-43da-bd2a-a8eed0d9c5d1', 'connection': 'close', 'date': 'Tue, 22 Dec 2015 00:29:57 GMT', 'content-type': 'application/json; charset=UTF-8', 'x-openstack-request-id': 'req-80970878-9d79-489c-ae12-d6fa562897ed'}
        Body: {"router": {"status": "ACTIVE", "external_gateway_info": {"network_id": "69a720c7-9c80-4cff-9ca0-a94c18ae4a62", "enable_snat": true, "external_fixed_ips": [{"subnet_id": "9577ac30-6437-48c8-b0d8-776c7474c2e6", "ip_address": "172.24.4.3"}, {"subnet_id": "82a2cbf1-ff22-4904-81a9-8bb948fa66e2", "ip_address": "2001:db8::4"}]}, "availability_zone_hints": [], "availability_zones": ["nova"], "name": "tempest-router-smoke-608828488", "admin_state_up": true, "tenant_id": "ed81f78e50324f34b176cc7222429683", "routes": [], "id": "b603927a-6da6-43da-bd2a-a8eed0d9c5d1"}}
2015-12-22 00:29:57,617 21571 INFO     [tempest_lib.common.rest_client] Request (TestNetworkAdvancedServerOps:_run_cleanups): 200 PUT http://10.0.2.15:9696/v2.0/routers/b603927a-6da6-43da-bd2a-a8eed0d9c5d1 0.491s
2015-12-22 00:29:57,617 21571 DEBUG    [tempest_lib.common.rest_client] Request - Headers: {'Content-Type': 'application/json', 'Accept': 'application/json', 'X-Auth-Token': '&lt;omitted&gt;'}
        Body: {"router": {"external_gateway_info": {}, "name": "tempest-router-smoke-608828488", "admin_state_up": true}}
    Response - Headers: {'status': '200', 'content-length': '301', 'connection': 'close', 'date': 'Tue, 22 Dec 2015 00:29:57 GMT', 'content-type': 'application/json; charset=UTF-8', 'x-openstack-request-id': 'req-f3418c10-8af4-4eca-ab08-a924c5cd6e1a'}
        Body: {"router": {"status": "ACTIVE", "external_gateway_info": null, "availability_zone_hints": [], "availability_zones": ["nova"], "name": "tempest-router-smoke-608828488", "admin_state_up": true, "tenant_id": "ed81f78e50324f34b176cc7222429683", "routes": [], "id": "b603927a-6da6-43da-bd2a-a8eed0d9c5d1"}}
2015-12-22 00:29:57,847 21571 INFO     [tempest_lib.common.rest_client] Request (TestNetworkAdvancedServerOps:_run_cleanups): 204 DELETE http://10.0.2.15:9696/v2.0/routers/b603927a-6da6-43da-bd2a-a8eed0d9c5d1 0.229s
2015-12-22 00:29:57,848 21571 DEBUG    [tempest_lib.common.rest_client] Request - Headers: {'Content-Type': 'application/json', 'Accept': 'application/json', 'X-Auth-Token': '&lt;omitted&gt;'}
        Body: None
    Response - Headers: {'date': 'Tue, 22 Dec 2015 00:29:57 GMT', 'status': '204', 'connection': 'close', 'content-length': '0', 'x-openstack-request-id': 'req-83b1d5d8-bae5-4804-9bdd-77f50bda9797'}
        Body: 
2015-12-22 00:29:58,059 21571 INFO     [tempest_lib.common.rest_client] Request (TestNetworkAdvancedServerOps:_run_cleanups): 204 DELETE http://10.0.2.15:9696/v2.0/networks/727b9492-0e57-4e39-9688-9ce8d085fdce 0.210s
2015-12-22 00:29:58,060 21571 DEBUG    [tempest_lib.common.rest_client] Request - Headers: {'Content-Type': 'application/json', 'Accept': 'application/json', 'X-Auth-Token': '&lt;omitted&gt;'}
        Body: None
    Response - Headers: {'date': 'Tue, 22 Dec 2015 00:29:58 GMT', 'status': '204', 'connection': 'close', 'content-length': '0', 'x-openstack-request-id': 'req-4190ebfb-7710-4985-85fc-1af1fb807b9b'}
        Body: 
2015-12-22 00:29:58,129 21571 INFO     [tempest_lib.common.rest_client] Request (TestNetworkAdvancedServerOps:_run_cleanups): 204 DELETE http://10.0.2.15:9696/v2.0/security-group-rules/f5592976-9cdb-467f-94a9-8cb9c04e91a0 0.068s
2015-12-22 00:29:58,130 21571 DEBUG    [tempest_lib.common.rest_client] Request - Headers: {'Content-Type': 'application/json', 'Accept': 'application/json', 'X-Auth-Token': '&lt;omitted&gt;'}
        Body: None
    Response - Headers: {'date': 'Tue, 22 Dec 2015 00:29:58 GMT', 'status': '204', 'connection': 'close', 'content-length': '0', 'x-openstack-request-id': 'req-f41fc283-f39a-4fdc-913a-ebde0e1ed484'}
        Body: 
2015-12-22 00:29:58,186 21571 INFO     [tempest_lib.common.rest_client] Request (TestNetworkAdvancedServerOps:_run_cleanups): 204 DELETE http://10.0.2.15:9696/v2.0/security-group-rules/700a2974-bb92-4917-bf5a-5afa36abc4a2 0.054s
2015-12-22 00:29:58,186 21571 DEBUG    [tempest_lib.common.rest_client] Request - Headers: {'Content-Type': 'application/json', 'Accept': 'application/json', 'X-Auth-Token': '&lt;omitted&gt;'}
        Body: None
    Response - Headers: {'date': 'Tue, 22 Dec 2015 00:29:58 GMT', 'status': '204', 'connection': 'close', 'content-length': '0', 'x-openstack-request-id': 'req-be7120af-07ce-4cc8-8fce-79ea1655b6f5'}
        Body: 
2015-12-22 00:29:58,242 21571 INFO     [tempest_lib.common.rest_client] Request (TestNetworkAdvancedServerOps:_run_cleanups): 204 DELETE http://10.0.2.15:9696/v2.0/security-group-rules/bb892bae-d15e-4c08-bc9d-9d847d5c8f4a 0.054s
2015-12-22 00:29:58,243 21571 DEBUG    [tempest_lib.common.rest_client] Request - Headers: {'Content-Type': 'application/json', 'Accept': 'application/json', 'X-Auth-Token': '&lt;omitted&gt;'}
        Body: None
    Response - Headers: {'date': 'Tue, 22 Dec 2015 00:29:58 GMT', 'status': '204', 'connection': 'close', 'content-length': '0', 'x-openstack-request-id': 'req-92afe73c-b55e-4c87-b5dc-1fa644811824'}
        Body: 
2015-12-22 00:29:58,289 21571 INFO     [tempest_lib.common.rest_client] Request (TestNetworkAdvancedServerOps:_run_cleanups): 204 DELETE http://10.0.2.15:9696/v2.0/security-group-rules/c8b49e9a-c1b9-4fd8-93ae-4d9a1efbca8f 0.046s
2015-12-22 00:29:58,290 21571 DEBUG    [tempest_lib.common.rest_client] Request - Headers: {'Content-Type': 'application/json', 'Accept': 'application/json', 'X-Auth-Token': '&lt;omitted&gt;'}
        Body: None
    Response - Headers: {'date': 'Tue, 22 Dec 2015 00:29:58 GMT', 'status': '204', 'connection': 'close', 'content-length': '0', 'x-openstack-request-id': 'req-1b9d077f-d46e-4839-8d34-3c98ded1b4e5'}
        Body: 
2015-12-22 00:29:58,353 21571 INFO     [tempest_lib.common.rest_client] Request (TestNetworkAdvancedServerOps:_run_cleanups): 204 DELETE http://10.0.2.15:9696/v2.0/security-group-rules/c4526e8a-0825-407c-aec2-c30d59b02554 0.063s
2015-12-22 00:29:58,354 21571 DEBUG    [tempest_lib.common.rest_client] Request - Headers: {'Content-Type': 'application/json', 'Accept': 'application/json', 'X-Auth-Token': '&lt;omitted&gt;'}
        Body: None
    Response - Headers: {'date': 'Tue, 22 Dec 2015 00:29:58 GMT', 'status': '204', 'connection': 'close', 'content-length': '0', 'x-openstack-request-id': 'req-1d70e1d0-98f0-4e59-856b-c938d9b0f0cd'}
        Body: 
2015-12-22 00:29:58,406 21571 INFO     [tempest_lib.common.rest_client] Request (TestNetworkAdvancedServerOps:_run_cleanups): 204 DELETE http://10.0.2.15:9696/v2.0/security-group-rules/c6579797-8c36-4644-8ea3-97e9d0ca60b3 0.051s
2015-12-22 00:29:58,406 21571 DEBUG    [tempest_lib.common.rest_client] Request - Headers: {'Content-Type': 'application/json', 'Accept': 'application/json', 'X-Auth-Token': '&lt;omitted&gt;'}
        Body: None
    Response - Headers: {'date': 'Tue, 22 Dec 2015 00:29:58 GMT', 'status': '204', 'connection': 'close', 'content-length': '0', 'x-openstack-request-id': 'req-91949758-c4e0-4c18-93a0-8951c3452f56'}
        Body: 
2015-12-22 00:29:58,503 21571 INFO     [tempest_lib.common.rest_client] Request (TestNetworkAdvancedServerOps:_run_cleanups): 204 DELETE http://10.0.2.15:9696/v2.0/security-groups/e9bf4df7-b258-40b0-8349-756a5ce9fc84 0.096s
2015-12-22 00:29:58,504 21571 DEBUG    [tempest_lib.common.rest_client] Request - Headers: {'Content-Type': 'application/json', 'Accept': 'application/json', 'X-Auth-Token': '&lt;omitted&gt;'}
        Body: None
    Response - Headers: {'date': 'Tue, 22 Dec 2015 00:29:58 GMT', 'status': '204', 'connection': 'close', 'content-length': '0', 'x-openstack-request-id': 'req-96b6a799-e2c4-4866-b585-e814685f9a71'}
        Body: 
2015-12-22 00:29:58,524 21571 INFO     [tempest_lib.common.rest_client] Request (TestNetworkAdvancedServerOps:_run_cleanups): 202 DELETE http://10.0.2.15:8774/v2.1/ed81f78e50324f34b176cc7222429683/os-keypairs/tempest-TestNetworkAdvancedServerOps-479286858 0.019s
2015-12-22 00:29:58,524 21571 DEBUG    [tempest_lib.common.rest_client] Request - Headers: {'Content-Type': 'application/json', 'Accept': 'application/json', 'X-Auth-Token': '&lt;omitted&gt;'}
        Body: None
    Response - Headers: {'status': '202', 'content-length': '0', 'x-compute-request-id': 'req-70ad9063-4203-4ba0-a956-39430d7a4d85', 'vary': 'X-OpenStack-Nova-API-Version', 'connection': 'close', 'x-openstack-nova-api-version': '2.1', 'date': 'Tue, 22 Dec 2015 00:29:58 GMT', 'content-type': 'application/json'}
        Body: 
2015-12-22 00:29:58,610 21571 INFO     [tempest_lib.common.rest_client] Request (TestNetworkAdvancedServerOps:_run_cleanups): 404 GET http://10.0.2.15:8774/v2.1/ed81f78e50324f34b176cc7222429683/servers/77096573-9ea9-4721-9da5-fbb7f621b86a 0.085s
2015-12-22 00:29:58,611 21571 DEBUG    [tempest_lib.common.rest_client] Request - Headers: {'Content-Type': 'application/json', 'Accept': 'application/json', 'X-Auth-Token': '&lt;omitted&gt;'}
        Body: None
    Response - Headers: {'status': '404', 'content-length': '111', 'x-compute-request-id': 'req-951f534e-1934-4e8e-bfb9-551ac3caec00', 'vary': 'X-OpenStack-Nova-API-Version', 'connection': 'close', 'x-openstack-nova-api-version': '2.1', 'date': 'Tue, 22 Dec 2015 00:29:58 GMT', 'content-type': 'application/json; charset=UTF-8'}
        Body: {"itemNotFound": {"message": "Instance 77096573-9ea9-4721-9da5-fbb7f621b86a could not be found.", "code": 404}}
}}}

Traceback (most recent call last):
  File "tempest/test.py", line 113, in wrapper
    return f(self, *func_args, **func_kwargs)
  File "tempest/scenario/test_network_advanced_server_ops.py", line 134, in test_server_connectivity_pause_unpause
    server, keypair, floating_ip = self._setup_network_and_servers()
  File "tempest/scenario/test_network_advanced_server_ops.py", line 71, in _setup_network_and_servers
    server, keypair, floating_ip)
  File "tempest/scenario/test_network_advanced_server_ops.py", line 95, in _wait_server_status_and_check_network_connectivity
    self._check_network_connectivity(server, keypair, floating_ip)
  File "tempest/scenario/test_network_advanced_server_ops.py", line 88, in _check_network_connectivity
    servers=[server])
  File "tempest/scenario/manager.py", line 608, in check_public_network_connectivity
    should_connect=should_connect)
  File "tempest/scenario/manager.py", line 592, in check_vm_connectivity
    msg=msg)
  File "/usr/local/lib/python2.7/dist-packages/unittest2/case.py", line 702, in assertTrue
    raise self.failureException(msg)
AssertionError: False is not true : Timed out waiting for 172.24.4.4 to become reachable



        </pre>
    </div>
    <!--css div popup end-->

    </td>
</tr>

<tr id='ft1.2' class='none'>
    <td class='failCase'><div class='testcase'>test_server_connectivity_reboot[compute,id-7b6860c2-afa3-4846-9522-adeb38dfbe08,network]</div></td>
    <td colspan='7' align='left'>

    <!--css div popup start-->
    <a class="popup_link" onfocus='this.blur();'
    href="javascript:showTestDetail('div_ft1.2')" >
        fail</a>

    <div id='div_ft1.2' class="popup_window">
        <div style='text-align: right; color:red;cursor:pointer'>
        <a onfocus='this.blur();'
onclick="document.getElementById('div_ft1.2').style.display = 'none' " >
           [x]</a>
        </div>
        <pre>
        
ft1.2: tempest.scenario.test_network_advanced_server_ops.TestNetworkAdvancedServerOps.test_server_connectivity_reboot[compute,id-7b6860c2-afa3-4846-9522-adeb38dfbe08,network]_StringException: Empty attachments:
  stderr
  stdout

pythonlogging:'': {{{
