<?xml version="1.0" encoding="UTF-8"?>
<!DOCTYPE html PUBLIC "-//W3C//DTD XHTML 1.0 Strict//EN"
     "http://www.w3.org/TR/xhtml1/DTD/xhtml1-strict.dtd">
<html xmlns="http://www.w3.org/1999/xhtml">
<head>
    <title>Unit Test Report</title>
    <meta name="generator" content="subunit2html 0.1"/>
    <meta http-equiv="Content-Type" content="text/html; charset=UTF-8"/>
    
<style type="text/css" media="screen">
body        { font-family: verdana, arial, helvetica, sans-serif;
    font-size: 80%; }
table       { font-size: 100%; width: 100%;}
pre         { font-size: 80%; }

/* -- heading -------------------------------------------------------------- */
h1 {
        font-size: 16pt;
        color: gray;
}
.heading {
    margin-top: 0ex;
    margin-bottom: 1ex;
}

.heading .attribute {
    margin-top: 1ex;
    margin-bottom: 0;
}

.heading .description {
    margin-top: 4ex;
    margin-bottom: 6ex;
}

/* -- css div popup -------------------------------------------------------- */
a.popup_link {
}

a.popup_link:hover {
    color: red;
}

.popup_window {
    display: none;
    overflow-x: scroll;
    /*border: solid #627173 1px; */
    padding: 10px;
    background-color: #E6E6D6;
    font-family: "Ubuntu Mono", "Lucida Console", "Courier New", monospace;
    text-align: left;
    font-size: 8pt;
}

}
/* -- report --------------------------------------------------------------- */
#show_detail_line {
    margin-top: 3ex;
    margin-bottom: 1ex;
}
#result_table {
    width: 100%;
    border-collapse: collapse;
    border: 1px solid #777;
}
#header_row {
    font-weight: bold;
    color: white;
    background-color: #777;
}
#result_table td {
    border: 1px solid #777;
    padding: 2px;
}
#total_row  { font-weight: bold; }
.passClass  { background-color: #6c6; }
.failClass  { background-color: #c60; }
.errorClass { background-color: #c00; }
.passCase   { color: #6c6; }
.failCase   { color: #c60; font-weight: bold; }
.errorCase  { color: #c00; font-weight: bold; }
.hiddenRow  { display: none; }
.testcase   { margin-left: 2em; }
td.testname {width: 40%}
td.small {width: 40px}

/* -- ending --------------------------------------------------------------- */
#ending {
}

</style>

</head>
<body>
<script language="javascript" type="text/javascript"><!--
output_list = Array();

/* level - 0:Summary; 1:Failed; 2:All */
function showCase(level) {
    trs = document.getElementsByTagName("tr");
    for (var i = 0; i < trs.length; i++) {
        tr = trs[i];
        id = tr.id;
        if (id.substr(0,2) == 'ft') {
            if (level < 1) {
                tr.className = 'hiddenRow';
            }
            else {
                tr.className = '';
            }
        }
        if (id.substr(0,2) == 'pt') {
            if (level > 1) {
                tr.className = '';
            }
            else {
                tr.className = 'hiddenRow';
            }
        }
    }
}


function showClassDetail(cid, count) {
    var id_list = Array(count);
    var toHide = 1;
    for (var i = 0; i < count; i++) {
        tid0 = 't' + cid.substr(1) + '.' + (i+1);
        tid = 'f' + tid0;
        tr = document.getElementById(tid);
        if (!tr) {
            tid = 'p' + tid0;
            tr = document.getElementById(tid);
        }
        id_list[i] = tid;
        if (tr.className) {
            toHide = 0;
        }
    }
    for (var i = 0; i < count; i++) {
        tid = id_list[i];
        if (toHide) {
            document.getElementById('div_'+tid).style.display = 'none'
            document.getElementById(tid).className = 'hiddenRow';
        }
        else {
            document.getElementById(tid).className = '';
        }
    }
}


function showTestDetail(div_id){
    var details_div = document.getElementById(div_id)
    var displayState = details_div.style.display
    // alert(displayState)
    if (displayState != 'block' ) {
        displayState = 'block'
        details_div.style.display = 'block'
    }
    else {
        details_div.style.display = 'none'
    }
}


function html_escape(s) {
    s = s.replace(/&/g,'&amp;');
    s = s.replace(/</g,'&lt;');
    s = s.replace(/>/g,'&gt;');
    return s;
}

/* obsoleted by detail in <div>
function showOutput(id, name) {
    var w = window.open("", //url
                    name,
                    "resizable,scrollbars,status,width=800,height=450");
    d = w.document;
    d.write("<pre>");
    d.write(html_escape(output_list[id]));
    d.write("\n");
    d.write("<a href='javascript:window.close()'>close</a>\n");
    d.write("</pre>\n");
    d.close();
}
*/
--></script>

<div class='heading'>
<h1>Unit Test Report</h1>

<p class='attribute'><strong>Status:</strong> Failure 6</p>

<p class='description'></p>
</div>



<p id='show_detail_line'>Show
<a href='javascript:showCase(0)'>Summary</a>
<a href='javascript:showCase(1)'>Failed</a>
<a href='javascript:showCase(2)'>All</a>
</p>
<table id='result_table'>
<colgroup>
<col align='left' />
<col align='right' />
<col align='right' />
<col align='right' />
<col align='right' />
<col align='right' />
<col align='right' />
<col align='right' />
</colgroup>
<tr id='header_row'>
    <td>Test Group/Test case</td>
    <td>Count</td>
    <td>Pass</td>
    <td>Fail</td>
    <td>Error</td>
    <td>Skip</td>
    <td>View</td>
    <td> </td>
</tr>

<tr class='failClass'>
    <td class="testname">tempest.scenario.test_network_advanced_server_ops.TestNetworkAdvancedServerOps</td>
    <td class="small">6</td>
    <td class="small">0</td>
    <td class="small">6</td>
    <td class="small">0</td>
    <td class="small">0</td>
    <td class="small"><a href="javascript:showClassDetail('c1',6)"
>Detail</a></td>
    <td> </td>
</tr>

<tr id='ft1.1' class='none'>
    <td class='failCase'><div class='testcase'>test_server_connectivity_pause_unpause[compute,id-2b2642db-6568-4b35-b812-eceed3fa20ce,network]</div></td>
    <td colspan='7' align='left'>

    <!--css div popup start-->
    <a class="popup_link" onfocus='this.blur();'
    href="javascript:showTestDetail('div_ft1.1')" >
        fail</a>

    <div id='div_ft1.1' class="popup_window">
        <div style='text-align: right; color:red;cursor:pointer'>
        <a onfocus='this.blur();'
onclick="document.getElementById('div_ft1.1').style.display = 'none' " >
           [x]</a>
        </div>
        <pre>
        
ft1.1: tempest.scenario.test_network_advanced_server_ops.TestNetworkAdvancedServerOps.test_server_connectivity_pause_unpause[compute,id-2b2642db-6568-4b35-b812-eceed3fa20ce,network]_StringException: Empty attachments:
  stderr
  stdout

pythonlogging:'': {{{
2015-12-08 12:27:50,980 20768 INFO     [tempest_lib.common.rest_client] Request (TestNetworkAdvancedServerOps:test_server_connectivity_pause_unpause): 200 POST http://10.0.2.15:8774/v2.1/db7ce4ea273e4cb38e8a3103313cba4a/os-keypairs 0.493s
2015-12-08 12:27:50,981 20768 DEBUG    [tempest_lib.common.rest_client] Request - Headers: {'Content-Type': 'application/json', 'Accept': 'application/json', 'X-Auth-Token': '&lt;omitted&gt;'}
        Body: {"keypair": {"name": "tempest-TestNetworkAdvancedServerOps-1081373916"}}
    Response - Headers: {'status': '200', 'content-length': '2330', 'x-compute-request-id': 'req-6ad35cb5-e646-4717-b812-9e4a1b2ff672', 'vary': 'X-OpenStack-Nova-API-Version', 'connection': 'close', 'x-openstack-nova-api-version': '2.1', 'date': 'Tue, 08 Dec 2015 12:27:50 GMT', 'content-type': 'application/json'}
        Body: {"keypair": {"public_key": "ssh-rsa AAAAB3NzaC1yc2EAAAADAQABAAABAQDRRas3CX39bZYGRTa2CgqCGbg74fR18/TSg7Ow7x09YBYFgJtvNGlgAuB4fFYFzNG0xWLVGiGYC8YXHsGm+SGljQ+6eMfPl7pSukk4wDNLfmVfIFntuoRJ75vOCcLtec2CFQchmSO2AOceqrqu3dl2PxN6iez+hlPywFbAhh3CgmNXJ50CgcJD9XPSgSblZd/Ur2Wj7O+11QGsHV22+/MMQTfLO778EnxspNwO5M9dgCOrbCb8pFgU7MpWY8Xq/uWQWqSReQSxvPjkGjr7+tOHrwXr64OjvPDDip1JotsQSc9yJ/baRBbrqkDS8K1n7bVH90P5IvvxhKpY9X9Hck1P Generated-by-Nova", "private_key": "-----BEGIN RSA PRIVATE KEY-----\nMIIEqQIBAAKCAQEA0UWrNwl9/W2WBkU2tgoKghm4O+H0dfP00oOzsO8dPWAWBYCb\nbzRpYALgeHxWBczRtMVi1RohmAvGFx7BpvkhpY0PunjHz5e6UrpJOMAzS35lXyBZ\n7bqESe+bzgnC7XnNghUHIZkjtgDnHqq6rt3Zdj8Teons/oZT8sBWwIYdwoJjVyed\nAoHCQ/Vz0oEm5WXf1K9lo+zvtdUBrB1dtvvzDEE3yzu+/BJ8bKTcDuTPXYAjq2wm\n/KRYFOzKVmPF6v7lkFqkkXkEsbz45Bo6+/rTh68F6+uDo7zww4qdSaLbEEnPcif2\n2kQW66pA0vCtZ+21R/dD+SL78YSqWPV/R3JNTwIDAQABAoIBAQCXbXAszQOLpAZQ\n1zh1lOJxraawPhokV7ips38M4pkn1iVZKexPFX/CZ5KB3IZqgACma8XOKbBxUuOt\nyyWZauA76Myew9LhlgrO3dkp5Xm4gOddZA1uhe4/idAV0N5p9B8Op6SXXTaH9jNG\n74dSDVnTxGSV4MPKkOyh1Sdw/BsAqQVqJP7wc2f094Vnc3YWx5h1Nxe4phzBA10F\nLnzmpVh6WV/GoePfOMQxMDTcNcgre/ftMPVeoTxevmwadp/8cRm3tGkNXbWWz6tI\nEvVyGfvDU9REV4EmhwURYeE0R8NIlql3Y9AYvaXK2ECqW56TZhMuJLsEYDdzS/80\nEdW+loXRAoIAgQDdhTtdA4CHzCJRGzEndq0b0tuXg4cUOxJUMWmt7xhNkYc08j0r\nsT3uXqNlH2ge6dQEwz424JNX6XJrawjeu2qjHY6i+TSl2/ZFghQ1kvzTnuD4m5CM\n2DoSMw3zmPI5polmrJo334ZA+EoM3bHxY5upVFg+GOEPND/DDWdVRMqXfQKCAIEA\n8dhjSc1vddOAjMF6cScQ3uLwxIITiTEl6OP2G3t61kVvXLrc2sgqW/gbn+rc1OUD\n3lYpEMscEpmRRBW3oh/ivWACjsi9czShBRJrF2cHv/FbqdUXRYjy4xjKNlOr3x08\nYFxdlbYplW1VthOEdE+G0VXWytV0RUZTPSDcEuy/SbsCggCAFG3hF6bnB58P2yMC\n2XzcYiCEF+kNYBRCkHkuIdhXCXBOY9ejRJBIAd/Aeeb3l0JBR18qMa1saUMiRj3M\nx53JK9nh+a256UHr6GUir/4qSunwHX1bS2H1mRAUTU7hp+dv7IQmhNicbQl46s7X\nRkfFZ0xcBv4MY3aSGs71pKt/c5ECggCAH2wRAm7Js5JmWmNtCDSeMYdk5vNLnICh\nP1AXEt0JSbu9y1uQBHELZ+WlmTKHvLWAuiuRrFfnbtc7E5CKymrAKADIdErKqqRE\n44bQGTtOu3adhURlgKhZfn4jD8nxQ8zlolN96UzAvGR3RW/lvsLyblJr1PDE6ZdI\ni2GwlljiRa8CggCBAIgQSwoX0lDUuVcdkZe7pzN8QxPufCm+Cl+upYCHtzm081X/\nshPZJvQmkaY+SuXDEWrENsQeaXHRcayH4W/Thf59NEPaEneaKm5aNYTh1cjAHX/k\nJXCIuunrK9U7EOJLiah7JuJg0kkltknjJSDUOT5WSj5U0XHN26KAYHPkljME\n-----END RSA PRIVATE KEY-----\n", "user_id": "6e30017e00d5463eb884ddae905f71e3", "name": "tempest-TestNetworkAdvancedServerOps-1081373916", "fingerprint": "30:8d:7f:dd:8d:45:8b:0c:bb:88:c6:c9:c5:0c:11:d2"}}
2015-12-08 12:27:51,332 20768 INFO     [tempest_lib.common.rest_client] Request (TestNetworkAdvancedServerOps:test_server_connectivity_pause_unpause): 201 POST http://10.0.2.15:9696/v2.0/security-groups 0.348s
2015-12-08 12:27:51,333 20768 DEBUG    [tempest_lib.common.rest_client] Request - Headers: {'Content-Type': 'application/json', 'Accept': 'application/json', 'X-Auth-Token': '&lt;omitted&gt;'}
        Body: {"security_group": {"tenant_id": "db7ce4ea273e4cb38e8a3103313cba4a", "description": "tempest-secgroup-smoke-505814725 description", "name": "tempest-secgroup-smoke-505814725"}}
    Response - Headers: {'status': '201', 'content-length': '886', 'connection': 'close', 'date': 'Tue, 08 Dec 2015 12:27:51 GMT', 'content-type': 'application/json; charset=UTF-8', 'x-openstack-request-id': 'req-42998555-6358-4a6f-a535-7adb4465f6cb'}
        Body: {"security_group": {"tenant_id": "db7ce4ea273e4cb38e8a3103313cba4a", "description": "tempest-secgroup-smoke-505814725 description", "id": "096d5633-0382-4fe0-9f25-b7799c79c984", "security_group_rules": [{"remote_group_id": null, "direction": "egress", "remote_ip_prefix": null, "protocol": null, "ethertype": "IPv4", "tenant_id": "db7ce4ea273e4cb38e8a3103313cba4a", "port_range_max": null, "port_range_min": null, "id": "a46ebdaa-c2bb-42bd-b577-1ed5c51f2bac", "security_group_id": "096d5633-0382-4fe0-9f25-b7799c79c984"}, {"remote_group_id": null, "direction": "egress", "remote_ip_prefix": null, "protocol": null, "ethertype": "IPv6", "tenant_id": "db7ce4ea273e4cb38e8a3103313cba4a", "port_range_max": null, "port_range_min": null, "id": "1db988a4-0dfc-4a43-9bb1-d55453a193ba", "security_group_id": "096d5633-0382-4fe0-9f25-b7799c79c984"}], "name": "tempest-secgroup-smoke-505814725"}}
2015-12-08 12:27:51,451 20768 INFO     [tempest_lib.common.rest_client] Request (TestNetworkAdvancedServerOps:test_server_connectivity_pause_unpause): 201 POST http://10.0.2.15:9696/v2.0/security-group-rules 0.117s
2015-12-08 12:27:51,452 20768 DEBUG    [tempest_lib.common.rest_client] Request - Headers: {'Content-Type': 'application/json', 'Accept': 'application/json', 'X-Auth-Token': '&lt;omitted&gt;'}
        Body: {"security_group_rule": {"direction": "ingress", "protocol": "tcp", "tenant_id": "db7ce4ea273e4cb38e8a3103313cba4a", "port_range_max": 22, "security_group_id": "096d5633-0382-4fe0-9f25-b7799c79c984", "port_range_min": 22}}
    Response - Headers: {'status': '201', 'content-length': '340', 'connection': 'close', 'date': 'Tue, 08 Dec 2015 12:27:51 GMT', 'content-type': 'application/json; charset=UTF-8', 'x-openstack-request-id': 'req-c3466a6d-6a69-4e84-8c4b-d6a364e276a5'}
        Body: {"security_group_rule": {"remote_group_id": null, "direction": "ingress", "remote_ip_prefix": null, "protocol": "tcp", "ethertype": "IPv4", "tenant_id": "db7ce4ea273e4cb38e8a3103313cba4a", "port_range_max": 22, "port_range_min": 22, "id": "9ca8418a-4f00-4356-accb-8bae0fd789dd", "security_group_id": "096d5633-0382-4fe0-9f25-b7799c79c984"}}
2015-12-08 12:27:51,575 20768 INFO     [tempest_lib.common.rest_client] Request (TestNetworkAdvancedServerOps:test_server_connectivity_pause_unpause): 201 POST http://10.0.2.15:9696/v2.0/security-group-rules 0.122s
2015-12-08 12:27:51,576 20768 DEBUG    [tempest_lib.common.rest_client] Request - Headers: {'Content-Type': 'application/json', 'Accept': 'application/json', 'X-Auth-Token': '&lt;omitted&gt;'}
        Body: {"security_group_rule": {"direction": "egress", "protocol": "tcp", "tenant_id": "db7ce4ea273e4cb38e8a3103313cba4a", "port_range_max": 22, "security_group_id": "096d5633-0382-4fe0-9f25-b7799c79c984", "port_range_min": 22}}
    Response - Headers: {'status': '201', 'content-length': '339', 'connection': 'close', 'date': 'Tue, 08 Dec 2015 12:27:51 GMT', 'content-type': 'application/json; charset=UTF-8', 'x-openstack-request-id': 'req-67ca205e-9f77-4fa2-82c3-759f80474574'}
        Body: {"security_group_rule": {"remote_group_id": null, "direction": "egress", "remote_ip_prefix": null, "protocol": "tcp", "ethertype": "IPv4", "tenant_id": "db7ce4ea273e4cb38e8a3103313cba4a", "port_range_max": 22, "port_range_min": 22, "id": "8510bd6a-eae4-49ea-b4d8-cbb40ef236c2", "security_group_id": "096d5633-0382-4fe0-9f25-b7799c79c984"}}
2015-12-08 12:27:51,697 20768 INFO     [tempest_lib.common.rest_client] Request (TestNetworkAdvancedServerOps:test_server_connectivity_pause_unpause): 201 POST http://10.0.2.15:9696/v2.0/security-group-rules 0.120s
2015-12-08 12:27:51,698 20768 DEBUG    [tempest_lib.common.rest_client] Request - Headers: {'Content-Type': 'application/json', 'Accept': 'application/json', 'X-Auth-Token': '&lt;omitted&gt;'}
        Body: {"security_group_rule": {"tenant_id": "db7ce4ea273e4cb38e8a3103313cba4a", "direction": "ingress", "protocol": "icmp", "security_group_id": "096d5633-0382-4fe0-9f25-b7799c79c984"}}
    Response - Headers: {'status': '201', 'content-length': '345', 'connection': 'close', 'date': 'Tue, 08 Dec 2015 12:27:51 GMT', 'content-type': 'application/json; charset=UTF-8', 'x-openstack-request-id': 'req-1311ef19-5939-4d17-9a0a-740102e1277a'}
        Body: {"security_group_rule": {"remote_group_id": null, "direction": "ingress", "remote_ip_prefix": null, "protocol": "icmp", "ethertype": "IPv4", "tenant_id": "db7ce4ea273e4cb38e8a3103313cba4a", "port_range_max": null, "port_range_min": null, "id": "bcb7f832-866f-48e5-b78e-c5a171b6f592", "security_group_id": "096d5633-0382-4fe0-9f25-b7799c79c984"}}
2015-12-08 12:27:51,810 20768 INFO     [tempest_lib.common.rest_client] Request (TestNetworkAdvancedServerOps:test_server_connectivity_pause_unpause): 201 POST http://10.0.2.15:9696/v2.0/security-group-rules 0.112s
2015-12-08 12:27:51,811 20768 DEBUG    [tempest_lib.common.rest_client] Request - Headers: {'Content-Type': 'application/json', 'Accept': 'application/json', 'X-Auth-Token': '&lt;omitted&gt;'}
        Body: {"security_group_rule": {"tenant_id": "db7ce4ea273e4cb38e8a3103313cba4a", "direction": "egress", "protocol": "icmp", "security_group_id": "096d5633-0382-4fe0-9f25-b7799c79c984"}}
    Response - Headers: {'status': '201', 'content-length': '344', 'connection': 'close', 'date': 'Tue, 08 Dec 2015 12:27:51 GMT', 'content-type': 'application/json; charset=UTF-8', 'x-openstack-request-id': 'req-edb68ffe-a2ca-4ec6-9400-68c1687497d1'}
        Body: {"security_group_rule": {"remote_group_id": null, "direction": "egress", "remote_ip_prefix": null, "protocol": "icmp", "ethertype": "IPv4", "tenant_id": "db7ce4ea273e4cb38e8a3103313cba4a", "port_range_max": null, "port_range_min": null, "id": "19fdc797-ea6d-4586-bf46-6908c04ca031", "security_group_id": "096d5633-0382-4fe0-9f25-b7799c79c984"}}
2015-12-08 12:27:51,945 20768 INFO     [tempest_lib.common.rest_client] Request (TestNetworkAdvancedServerOps:test_server_connectivity_pause_unpause): 201 POST http://10.0.2.15:9696/v2.0/security-group-rules 0.133s
2015-12-08 12:27:51,945 20768 DEBUG    [tempest_lib.common.rest_client] Request - Headers: {'Content-Type': 'application/json', 'Accept': 'application/json', 'X-Auth-Token': '&lt;omitted&gt;'}
        Body: {"security_group_rule": {"tenant_id": "db7ce4ea273e4cb38e8a3103313cba4a", "direction": "ingress", "security_group_id": "096d5633-0382-4fe0-9f25-b7799c79c984", "protocol": "icmp", "ethertype": "IPv6"}}
    Response - Headers: {'status': '201', 'content-length': '345', 'connection': 'close', 'date': 'Tue, 08 Dec 2015 12:27:51 GMT', 'content-type': 'application/json; charset=UTF-8', 'x-openstack-request-id': 'req-48f2d18c-2500-4c9e-b310-52404c691794'}
        Body: {"security_group_rule": {"remote_group_id": null, "direction": "ingress", "remote_ip_prefix": null, "protocol": "icmp", "ethertype": "IPv6", "tenant_id": "db7ce4ea273e4cb38e8a3103313cba4a", "port_range_max": null, "port_range_min": null, "id": "fe22a4da-ba06-46e2-abc2-182eef89dd0f", "security_group_id": "096d5633-0382-4fe0-9f25-b7799c79c984"}}
2015-12-08 12:27:52,192 20768 INFO     [tempest_lib.common.rest_client] Request (TestNetworkAdvancedServerOps:test_server_connectivity_pause_unpause): 201 POST http://10.0.2.15:9696/v2.0/security-group-rules 0.246s
2015-12-08 12:27:52,193 20768 DEBUG    [tempest_lib.common.rest_client] Request - Headers: {'Content-Type': 'application/json', 'Accept': 'application/json', 'X-Auth-Token': '&lt;omitted&gt;'}
        Body: {"security_group_rule": {"tenant_id": "db7ce4ea273e4cb38e8a3103313cba4a", "direction": "egress", "security_group_id": "096d5633-0382-4fe0-9f25-b7799c79c984", "protocol": "icmp", "ethertype": "IPv6"}}
    Response - Headers: {'status': '201', 'content-length': '344', 'connection': 'close', 'date': 'Tue, 08 Dec 2015 12:27:52 GMT', 'content-type': 'application/json; charset=UTF-8', 'x-openstack-request-id': 'req-54265a04-f0c6-4779-967c-46a63fe2b747'}
        Body: {"security_group_rule": {"remote_group_id": null, "direction": "egress", "remote_ip_prefix": null, "protocol": "icmp", "ethertype": "IPv6", "tenant_id": "db7ce4ea273e4cb38e8a3103313cba4a", "port_range_max": null, "port_range_min": null, "id": "f12405e1-1241-4c7a-8c60-085875b95219", "security_group_id": "096d5633-0382-4fe0-9f25-b7799c79c984"}}
2015-12-08 12:27:52,373 20768 INFO     [tempest_lib.common.rest_client] Request (TestNetworkAdvancedServerOps:test_server_connectivity_pause_unpause): 201 POST http://10.0.2.15:9696/v2.0/networks 0.178s
2015-12-08 12:27:52,373 20768 DEBUG    [tempest_lib.common.rest_client] Request - Headers: {'Content-Type': 'application/json', 'Accept': 'application/json', 'X-Auth-Token': '&lt;omitted&gt;'}
        Body: {"network": {"tenant_id": "db7ce4ea273e4cb38e8a3103313cba4a", "name": "tempest-network-smoke--1083507527"}}
    Response - Headers: {'status': '201', 'content-length': '329', 'connection': 'close', 'date': 'Tue, 08 Dec 2015 12:27:52 GMT', 'content-type': 'application/json; charset=UTF-8', 'x-openstack-request-id': 'req-2fb05af3-c8ef-49c2-9b59-af70f3421417'}
        Body: {"network": {"status": "ACTIVE", "subnets": [], "availability_zone_hints": "[]", "name": "tempest-network-smoke--1083507527", "admin_state_up": true, "tenant_id": "db7ce4ea273e4cb38e8a3103313cba4a", "mtu": 0, "router:external": false, "shared": false, "port_security_enabled": true, "id": "1fefcd46-b6c5-4887-b813-fa9483e6c117"}}
2015-12-08 12:27:52,465 20768 INFO     [tempest_lib.common.rest_client] Request (TestNetworkAdvancedServerOps:test_server_connectivity_pause_unpause): 201 POST http://10.0.2.15:9696/v2.0/routers 0.091s
2015-12-08 12:27:52,466 20768 DEBUG    [tempest_lib.common.rest_client] Request - Headers: {'Content-Type': 'application/json', 'Accept': 'application/json', 'X-Auth-Token': '&lt;omitted&gt;'}
        Body: {"router": {"tenant_id": "db7ce4ea273e4cb38e8a3103313cba4a", "name": "tempest-router-smoke-92770097", "admin_state_up": true}}
    Response - Headers: {'status': '201', 'content-length': '294', 'connection': 'close', 'date': 'Tue, 08 Dec 2015 12:27:52 GMT', 'content-type': 'application/json; charset=UTF-8', 'x-openstack-request-id': 'req-48758b4a-fda6-44f0-b026-302cce2ca603'}
        Body: {"router": {"status": "ACTIVE", "external_gateway_info": null, "availability_zone_hints": [], "availability_zones": [], "name": "tempest-router-smoke-92770097", "admin_state_up": true, "tenant_id": "db7ce4ea273e4cb38e8a3103313cba4a", "routes": [], "id": "6526d5e6-db05-4954-8b60-8eef64516625"}}
2015-12-08 12:27:52,523 20768 INFO     [tempest_lib.common.rest_client] Request (TestNetworkAdvancedServerOps:test_server_connectivity_pause_unpause): 200 GET http://10.0.2.15:9696/v2.0/routers/6526d5e6-db05-4954-8b60-8eef64516625 0.056s
2015-12-08 12:27:52,523 20768 DEBUG    [tempest_lib.common.rest_client] Request - Headers: {'Content-Type': 'application/json', 'Accept': 'application/json', 'X-Auth-Token': '&lt;omitted&gt;'}
        Body: None
    Response - Headers: {'status': '200', 'content-length': '294', 'content-location': 'http://10.0.2.15:9696/v2.0/routers/6526d5e6-db05-4954-8b60-8eef64516625', 'connection': 'close', 'date': 'Tue, 08 Dec 2015 12:27:52 GMT', 'content-type': 'application/json; charset=UTF-8', 'x-openstack-request-id': 'req-a1ae146b-4ee7-4a93-9d35-f2850a3b3f89'}
        Body: {"router": {"status": "ACTIVE", "external_gateway_info": null, "availability_zone_hints": [], "availability_zones": [], "name": "tempest-router-smoke-92770097", "admin_state_up": true, "tenant_id": "db7ce4ea273e4cb38e8a3103313cba4a", "routes": [], "id": "6526d5e6-db05-4954-8b60-8eef64516625"}}
2015-12-08 12:27:53,214 20768 INFO     [tempest_lib.common.rest_client] Request (TestNetworkAdvancedServerOps:test_server_connectivity_pause_unpause): 200 PUT http://10.0.2.15:9696/v2.0/routers/6526d5e6-db05-4954-8b60-8eef64516625 0.690s
2015-12-08 12:27:53,215 20768 DEBUG    [tempest_lib.common.rest_client] Request - Headers: {'Content-Type': 'application/json', 'Accept': 'application/json', 'X-Auth-Token': '&lt;omitted&gt;'}
        Body: {"router": {"external_gateway_info": {"network_id": "c25bf9f0-f068-4ac1-a1fd-a52250ce5899"}, "name": "tempest-router-smoke-92770097", "admin_state_up": true}}
    Response - Headers: {'status': '200', 'content-length': '556', 'connection': 'close', 'date': 'Tue, 08 Dec 2015 12:27:53 GMT', 'content-type': 'application/json; charset=UTF-8', 'x-openstack-request-id': 'req-40a97c05-7306-40db-ae81-3b31f1afbd31'}
        Body: {"router": {"status": "ACTIVE", "external_gateway_info": {"network_id": "c25bf9f0-f068-4ac1-a1fd-a52250ce5899", "enable_snat": true, "external_fixed_ips": [{"subnet_id": "1472741e-ecea-40c0-ac8f-692cfe3a4c2e", "ip_address": "172.24.4.3"}, {"subnet_id": "bbd632e8-1c48-4b1f-99ed-9ec9712fa43a", "ip_address": "2001:db8::4"}]}, "availability_zone_hints": [], "availability_zones": [], "name": "tempest-router-smoke-92770097", "admin_state_up": true, "tenant_id": "db7ce4ea273e4cb38e8a3103313cba4a", "routes": [], "id": "6526d5e6-db05-4954-8b60-8eef64516625"}}
2015-12-08 12:27:53,363 20768 INFO     [tempest_lib.common.rest_client] Request (TestNetworkAdvancedServerOps:test_server_connectivity_pause_unpause): 200 GET http://10.0.2.15:9696/v2.0/subnets?tenant_id=db7ce4ea273e4cb38e8a3103313cba4a&amp;cidr=10.100.0.0%2F28 0.147s
2015-12-08 12:27:53,364 20768 DEBUG    [tempest_lib.common.rest_client] Request - Headers: {'Content-Type': 'application/json', 'Accept': 'application/json', 'X-Auth-Token': '&lt;omitted&gt;'}
        Body: None
    Response - Headers: {'status': '200', 'content-length': '15', 'content-location': 'http://10.0.2.15:9696/v2.0/subnets?tenant_id=db7ce4ea273e4cb38e8a3103313cba4a&amp;cidr=10.100.0.0%2F28', 'connection': 'close', 'date': 'Tue, 08 Dec 2015 12:27:53 GMT', 'content-type': 'application/json; charset=UTF-8', 'x-openstack-request-id': 'req-be7f02a4-c7bc-484c-9a87-24b70a46b51e'}
        Body: {"subnets": []}
2015-12-08 12:27:53,672 20768 INFO     [tempest_lib.common.rest_client] Request (TestNetworkAdvancedServerOps:test_server_connectivity_pause_unpause): 201 POST http://10.0.2.15:9696/v2.0/subnets 0.308s
2015-12-08 12:27:53,672 20768 DEBUG    [tempest_lib.common.rest_client] Request - Headers: {'Content-Type': 'application/json', 'Accept': 'application/json', 'X-Auth-Token': '&lt;omitted&gt;'}
        Body: {"subnet": {"ip_version": 4, "tenant_id": "db7ce4ea273e4cb38e8a3103313cba4a", "cidr": "10.100.0.0/28", "network_id": "1fefcd46-b6c5-4887-b813-fa9483e6c117", "name": "tempest-subnet-smoke-1068227069"}}
    Response - Headers: {'status': '201', 'content-length': '478', 'connection': 'close', 'date': 'Tue, 08 Dec 2015 12:27:53 GMT', 'content-type': 'application/json; charset=UTF-8', 'x-openstack-request-id': 'req-cad3de4a-739b-407f-8692-a4278cede406'}
        Body: {"subnet": {"name": "tempest-subnet-smoke-1068227069", "enable_dhcp": true, "network_id": "1fefcd46-b6c5-4887-b813-fa9483e6c117", "tenant_id": "db7ce4ea273e4cb38e8a3103313cba4a", "dns_nameservers": [], "gateway_ip": "10.100.0.1", "ipv6_ra_mode": null, "allocation_pools": [{"start": "10.100.0.2", "end": "10.100.0.14"}], "host_routes": [], "ip_version": 4, "ipv6_address_mode": null, "cidr": "10.100.0.0/28", "id": "5c974f95-45dc-410c-90f9-5a9500a298d9", "subnetpool_id": null}}
2015-12-08 12:27:54,492 20768 INFO     [tempest_lib.common.rest_client] Request (TestNetworkAdvancedServerOps:test_server_connectivity_pause_unpause): 200 PUT http://10.0.2.15:9696/v2.0/routers/6526d5e6-db05-4954-8b60-8eef64516625/add_router_interface 0.818s
2015-12-08 12:27:54,492 20768 DEBUG    [tempest_lib.common.rest_client] Request - Headers: {'Content-Type': 'application/json', 'Accept': 'application/json', 'X-Auth-Token': '&lt;omitted&gt;'}
        Body: {"subnet_id": "5c974f95-45dc-410c-90f9-5a9500a298d9"}
    Response - Headers: {'status': '200', 'content-length': '255', 'connection': 'close', 'date': 'Tue, 08 Dec 2015 12:27:54 GMT', 'content-type': 'application/json; charset=UTF-8', 'x-openstack-request-id': 'req-429e9c17-e3a5-4a0e-8c87-11dfa3252c3f'}
        Body: {"subnet_id": "5c974f95-45dc-410c-90f9-5a9500a298d9", "tenant_id": "db7ce4ea273e4cb38e8a3103313cba4a", "subnet_ids": ["5c974f95-45dc-410c-90f9-5a9500a298d9"], "port_id": "b3a30b35-bb05-4e42-aa22-9c0f98562c34", "id": "6526d5e6-db05-4954-8b60-8eef64516625"}
2015-12-08 12:27:54,589 20768 INFO     [tempest_lib.common.rest_client] Request (TestNetworkAdvancedServerOps:test_server_connectivity_pause_unpause): 200 POST http://10.0.2.15:5000/v2.0/tokens
2015-12-08 12:27:54,590 20768 DEBUG    [tempest_lib.common.rest_client] Request - Headers: {'Content-Type': 'application/json', 'Accept': 'application/json'}
        Body: &lt;omitted&gt;
    Response - Headers: {'status': '200', 'content-length': '2564', 'vary': 'X-Auth-Token', 'server': 'Apache/2.4.7 (Ubuntu)', 'connection': 'close', 'date': 'Tue, 08 Dec 2015 12:27:54 GMT', 'content-type': 'application/json', 'x-openstack-request-id': 'req-36d3e39d-03c6-4223-a22c-be3fbb9ee380'}
        Body: {"access": {"token": {"issued_at": "2015-12-08T12:27:54.577047", "expires": "2015-12-08T13:27:54Z", "id": "e3c3db9e28484f83a56f8b0f0e6f04a1", "tenant": {"description": "tempest-TestNetworkAdvancedServerOps-543996107-desc", "enabled": true, "id": "db7ce4ea273e4cb38e8a3103313cba4a", "name": "tempest-TestNetworkAdvancedServerOps-543996107"}, "audit_ids": ["K8Mp-axiRiu3-kN6KFpgIQ"]}, "serviceCatalog": [{"endpoints": [{"adminURL": "http://10.0.2.15:8774/v2.1/db7ce4ea273e4cb38e8a3103313cba4a", "region": "RegionOne", "internalURL": "http://10.0.2.15:8774/v2.1/db7ce4ea273e4cb38e8a3103313cba4a", "id": "9bce462373bc443bb133c3e995729d3c", "publicURL": "http://10.0.2.15:8774/v2.1/db7ce4ea273e4cb38e8a3103313cba4a"}], "endpoints_links": [], "type": "compute", "name": "nova"}, {"endpoints": [{"adminURL": "http://10.0.2.15:9696/", "region": "RegionOne", "internalURL": "http://10.0.2.15:9696/", "id": "103809f89fd241c6afb15313083d792c", "publicURL": "http://10.0.2.15:9696/"}], "endpoints_links": [], "type": "network", "name": "neutron"}, {"endpoints": [{"adminURL": "http://10.0.2.15:9292", "region": "RegionOne", "internalURL": "http://10.0.2.15:9292", "id": "1638c8426db14a7d8444f542e4aa1731", "publicURL": "http://10.0.2.15:9292"}], "endpoints_links": [], "type": "image", "name": "glance"}, {"endpoints": [{"adminURL": "http://10.0.2.15:8774/v2/db7ce4ea273e4cb38e8a3103313cba4a", "region": "RegionOne", "internalURL": "http://10.0.2.15:8774/v2/db7ce4ea273e4cb38e8a3103313cba4a", "id": "12a6c39d410e4b6eb2050dc350d11559", "publicURL": "http://10.0.2.15:8774/v2/db7ce4ea273e4cb38e8a3103313cba4a"}], "endpoints_links": [], "type": "compute_legacy", "name": "nova_legacy"}, {"endpoints": [{"adminURL": "http://10.0.2.15:8773/", "region": "RegionOne", "internalURL": "http://10.0.2.15:8773/", "id": "14718faa56e24d6eb62b1c14df71578b", "publicURL": "http://10.0.2.15:8773/"}], "endpoints_links": [], "type": "ec2", "name": "ec2"}, {"endpoints": [{"adminURL": "http://10.0.2.15:35357/v2.0", "region": "RegionOne", "internalURL": "http://10.0.2.15:5000/v2.0", "id": "0f3b4ae5a60f40d192007d4e324fffca", "publicURL": "http://10.0.2.15:5000/v2.0"}], "endpoints_links": [], "type": "identity", "name": "keystone"}], "user": {"username": "tempest-TestNetworkAdvancedServerOps-1334750179", "roles_links": [], "id": "6e30017e00d5463eb884ddae905f71e3", "roles": [{"name": "Member"}, {"name": "_member_"}], "name": "tempest-TestNetworkAdvancedServerOps-1334750179"}, "metadata": {"is_admin": 0, "roles": ["908721e6096e44b89e4b5a1e25e26d8c", "9fe2ff9ee4384b1894a90878d3e92bab"]}}}
2015-12-08 12:27:54,597 20768 DEBUG    [tempest.common.fixed_network] (TestNetworkAdvancedServerOps:test_server_connectivity_pause_unpause) No valid network provided or created, defaulting to fixed_network_name
2015-12-08 12:27:54,973 20768 INFO     [tempest_lib.common.rest_client] Request (TestNetworkAdvancedServerOps:test_server_connectivity_pause_unpause): 200 GET http://10.0.2.15:8774/v2.1/db7ce4ea273e4cb38e8a3103313cba4a/os-networks 0.375s
2015-12-08 12:27:54,973 20768 DEBUG    [tempest_lib.common.rest_client] Request - Headers: {'Content-Type': 'application/json', 'Accept': 'application/json', 'X-Auth-Token': '&lt;omitted&gt;'}
        Body: None
    Response - Headers: {'status': '200', 'content-length': '479', 'content-location': 'http://10.0.2.15:8774/v2.1/db7ce4ea273e4cb38e8a3103313cba4a/os-networks', 'x-compute-request-id': 'req-f9a23512-7b00-4d7b-92ae-2de5cf0b33b5', 'vary': 'X-OpenStack-Nova-API-Version', 'connection': 'close', 'x-openstack-nova-api-version': '2.1', 'date': 'Tue, 08 Dec 2015 12:27:54 GMT', 'content-type': 'application/json'}
        Body: {"networks": [{"cidr_v6": null, "dns2": null, "dns1": null, "gateway": null, "broadcast": null, "netmask": null, "gateway_v6": null, "cidr": null, "label": "public", "id": "c25bf9f0-f068-4ac1-a1fd-a52250ce5899", "netmask_v6": null}, {"cidr_v6": null, "dns2": null, "dns1": null, "gateway": null, "broadcast": null, "netmask": null, "gateway_v6": null, "cidr": null, "label": "tempest-network-smoke--1083507527", "id": "1fefcd46-b6c5-4887-b813-fa9483e6c117", "netmask_v6": null}]}
2015-12-08 12:27:54,974 20768 WARNING  [tempest.common.fixed_network] (TestNetworkAdvancedServerOps:test_server_connectivity_pause_unpause) Network with name: private not found
2015-12-08 12:27:54,974 20768 INFO     [tempest.common.fixed_network] (TestNetworkAdvancedServerOps:test_server_connectivity_pause_unpause) Found network {} available for tenant
2015-12-08 12:27:56,299 20768 INFO     [tempest_lib.common.rest_client] Request (TestNetworkAdvancedServerOps:test_server_connectivity_pause_unpause): 202 POST http://10.0.2.15:8774/v2.1/db7ce4ea273e4cb38e8a3103313cba4a/servers 1.323s
2015-12-08 12:27:56,300 20768 DEBUG    [tempest_lib.common.rest_client] Request - Headers: {'Content-Type': 'application/json', 'Accept': 'application/json', 'X-Auth-Token': '&lt;omitted&gt;'}
        Body: {"server": {"name": "tempest.common.compute-instance-1800578498", "imageRef": "8e3fccbf-d6f0-4a75-9295-bf62b0ce2623", "key_name": "tempest-TestNetworkAdvancedServerOps-1081373916", "flavorRef": "42", "networks": [{"uuid": "1fefcd46-b6c5-4887-b813-fa9483e6c117"}], "security_groups": [{"name": "tempest-secgroup-smoke-505814725"}]}}
    Response - Headers: {'status': '202', 'content-length': '461', 'x-compute-request-id': 'req-b2fac88d-8d9c-4d68-bf8b-9a0b833cb92d', 'vary': 'X-OpenStack-Nova-API-Version', 'connection': 'close', 'location': 'http://10.0.2.15:8774/v2.1/db7ce4ea273e4cb38e8a3103313cba4a/servers/8c5e8eab-de60-4f45-832e-eb1b7adb6e02', 'x-openstack-nova-api-version': '2.1', 'date': 'Tue, 08 Dec 2015 12:27:56 GMT', 'content-type': 'application/json'}
        Body: {"server": {"security_groups": [{"name": "tempest-secgroup-smoke-505814725"}], "OS-DCF:diskConfig": "MANUAL", "id": "8c5e8eab-de60-4f45-832e-eb1b7adb6e02", "links": [{"href": "http://10.0.2.15:8774/v2.1/db7ce4ea273e4cb38e8a3103313cba4a/servers/8c5e8eab-de60-4f45-832e-eb1b7adb6e02", "rel": "self"}, {"href": "http://10.0.2.15:8774/db7ce4ea273e4cb38e8a3103313cba4a/servers/8c5e8eab-de60-4f45-832e-eb1b7adb6e02", "rel": "bookmark"}], "adminPass": "RQuQit4bPZn4"}}
2015-12-08 12:27:56,434 20768 INFO     [tempest_lib.common.rest_client] Request (TestNetworkAdvancedServerOps:test_server_connectivity_pause_unpause): 200 GET http://10.0.2.15:8774/v2.1/db7ce4ea273e4cb38e8a3103313cba4a/servers/8c5e8eab-de60-4f45-832e-eb1b7adb6e02 0.130s
2015-12-08 12:27:56,435 20768 DEBUG    [tempest_lib.common.rest_client] Request - Headers: {'Content-Type': 'application/json', 'Accept': 'application/json', 'X-Auth-Token': '&lt;omitted&gt;'}
        Body: None
    Response - Headers: {'status': '200', 'content-length': '1365', 'content-location': 'http://10.0.2.15:8774/v2.1/db7ce4ea273e4cb38e8a3103313cba4a/servers/8c5e8eab-de60-4f45-832e-eb1b7adb6e02', 'x-compute-request-id': 'req-e87c5c27-0c0e-4a4b-94fb-bf58d2046f2c', 'vary': 'X-OpenStack-Nova-API-Version', 'connection': 'close', 'x-openstack-nova-api-version': '2.1', 'date': 'Tue, 08 Dec 2015 12:27:56 GMT', 'content-type': 'application/json'}
        Body: {"server": {"status": "BUILD", "updated": "2015-12-08T12:27:56Z", "hostId": "", "addresses": {}, "links": [{"href": "http://10.0.2.15:8774/v2.1/db7ce4ea273e4cb38e8a3103313cba4a/servers/8c5e8eab-de60-4f45-832e-eb1b7adb6e02", "rel": "self"}, {"href": "http://10.0.2.15:8774/db7ce4ea273e4cb38e8a3103313cba4a/servers/8c5e8eab-de60-4f45-832e-eb1b7adb6e02", "rel": "bookmark"}], "key_name": "tempest-TestNetworkAdvancedServerOps-1081373916", "image": {"id": "8e3fccbf-d6f0-4a75-9295-bf62b0ce2623", "links": [{"href": "http://10.0.2.15:8774/db7ce4ea273e4cb38e8a3103313cba4a/images/8e3fccbf-d6f0-4a75-9295-bf62b0ce2623", "rel": "bookmark"}]}, "OS-EXT-STS:task_state": "scheduling", "OS-EXT-STS:vm_state": "building", "OS-SRV-USG:launched_at": null, "flavor": {"id": "42", "links": [{"href": "http://10.0.2.15:8774/db7ce4ea273e4cb38e8a3103313cba4a/flavors/42", "rel": "bookmark"}]}, "id": "8c5e8eab-de60-4f45-832e-eb1b7adb6e02", "OS-SRV-USG:terminated_at": null, "OS-EXT-AZ:availability_zone": "", "user_id": "6e30017e00d5463eb884ddae905f71e3", "name": "tempest.common.compute-instance-1800578498", "created": "2015-12-08T12:27:56Z", "tenant_id": "db7ce4ea273e4cb38e8a3103313cba4a", "OS-DCF:diskConfig": "MANUAL", "os-extended-volumes:volumes_attached": [], "accessIPv4": "", "accessIPv6": "", "progress": 0, "OS-EXT-STS:power_state": 0, "config_drive": "", "metadata": {}}}
2015-12-08 12:27:57,779 20768 INFO     [tempest_lib.common.rest_client] Request (TestNetworkAdvancedServerOps:test_server_connectivity_pause_unpause): 200 GET http://10.0.2.15:8774/v2.1/db7ce4ea273e4cb38e8a3103313cba4a/servers/8c5e8eab-de60-4f45-832e-eb1b7adb6e02 0.335s
2015-12-08 12:27:57,780 20768 DEBUG    [tempest_lib.common.rest_client] Request - Headers: {'Content-Type': 'application/json', 'Accept': 'application/json', 'X-Auth-Token': '&lt;omitted&gt;'}
        Body: None
    Response - Headers: {'status': '200', 'content-length': '1490', 'content-location': 'http://10.0.2.15:8774/v2.1/db7ce4ea273e4cb38e8a3103313cba4a/servers/8c5e8eab-de60-4f45-832e-eb1b7adb6e02', 'x-compute-request-id': 'req-1bcebf21-df73-4f91-829c-b70fc5b9abe7', 'vary': 'X-OpenStack-Nova-API-Version', 'connection': 'close', 'x-openstack-nova-api-version': '2.1', 'date': 'Tue, 08 Dec 2015 12:27:57 GMT', 'content-type': 'application/json'}
        Body: {"server": {"status": "BUILD", "updated": "2015-12-08T12:27:57Z", "hostId": "12f6cf2c56a6997a0cdf2e366c8f3493f28af1f85884e627cd68851e", "addresses": {}, "links": [{"href": "http://10.0.2.15:8774/v2.1/db7ce4ea273e4cb38e8a3103313cba4a/servers/8c5e8eab-de60-4f45-832e-eb1b7adb6e02", "rel": "self"}, {"href": "http://10.0.2.15:8774/db7ce4ea273e4cb38e8a3103313cba4a/servers/8c5e8eab-de60-4f45-832e-eb1b7adb6e02", "rel": "bookmark"}], "key_name": "tempest-TestNetworkAdvancedServerOps-1081373916", "image": {"id": "8e3fccbf-d6f0-4a75-9295-bf62b0ce2623", "links": [{"href": "http://10.0.2.15:8774/db7ce4ea273e4cb38e8a3103313cba4a/images/8e3fccbf-d6f0-4a75-9295-bf62b0ce2623", "rel": "bookmark"}]}, "OS-EXT-STS:task_state": "spawning", "OS-EXT-STS:vm_state": "building", "OS-SRV-USG:launched_at": null, "flavor": {"id": "42", "links": [{"href": "http://10.0.2.15:8774/db7ce4ea273e4cb38e8a3103313cba4a/flavors/42", "rel": "bookmark"}]}, "id": "8c5e8eab-de60-4f45-832e-eb1b7adb6e02", "security_groups": [{"name": "tempest-secgroup-smoke-505814725"}], "OS-SRV-USG:terminated_at": null, "OS-EXT-AZ:availability_zone": "nova", "user_id": "6e30017e00d5463eb884ddae905f71e3", "name": "tempest.common.compute-instance-1800578498", "created": "2015-12-08T12:27:56Z", "tenant_id": "db7ce4ea273e4cb38e8a3103313cba4a", "OS-DCF:diskConfig": "MANUAL", "os-extended-volumes:volumes_attached": [], "accessIPv4": "", "accessIPv6": "", "progress": 0, "OS-EXT-STS:power_state": 0, "config_drive": "", "metadata": {}}}
2015-12-08 12:27:57,788 20768 INFO     [tempest.common.waiters] State transition "BUILD/scheduling" ==&gt; "BUILD/spawning" after 1 second wait
2015-12-08 12:27:59,054 20768 INFO     [tempest_lib.common.rest_client] Request (TestNetworkAdvancedServerOps:test_server_connectivity_pause_unpause): 200 GET http://10.0.2.15:8774/v2.1/db7ce4ea273e4cb38e8a3103313cba4a/servers/8c5e8eab-de60-4f45-832e-eb1b7adb6e02 0.264s
2015-12-08 12:27:59,054 20768 DEBUG    [tempest_lib.common.rest_client] Request - Headers: {'Content-Type': 'application/json', 'Accept': 'application/json', 'X-Auth-Token': '&lt;omitted&gt;'}
        Body: None
    Response - Headers: {'status': '200', 'content-length': '1490', 'content-location': 'http://10.0.2.15:8774/v2.1/db7ce4ea273e4cb38e8a3103313cba4a/servers/8c5e8eab-de60-4f45-832e-eb1b7adb6e02', 'x-compute-request-id': 'req-e4c7d020-b5e9-4211-b83f-6f56199327ce', 'vary': 'X-OpenStack-Nova-API-Version', 'connection': 'close', 'x-openstack-nova-api-version': '2.1', 'date': 'Tue, 08 Dec 2015 12:27:59 GMT', 'content-type': 'application/json'}
        Body: {"server": {"status": "BUILD", "updated": "2015-12-08T12:27:57Z", "hostId": "12f6cf2c56a6997a0cdf2e366c8f3493f28af1f85884e627cd68851e", "addresses": {}, "links": [{"href": "http://10.0.2.15:8774/v2.1/db7ce4ea273e4cb38e8a3103313cba4a/servers/8c5e8eab-de60-4f45-832e-eb1b7adb6e02", "rel": "self"}, {"href": "http://10.0.2.15:8774/db7ce4ea273e4cb38e8a3103313cba4a/servers/8c5e8eab-de60-4f45-832e-eb1b7adb6e02", "rel": "bookmark"}], "key_name": "tempest-TestNetworkAdvancedServerOps-1081373916", "image": {"id": "8e3fccbf-d6f0-4a75-9295-bf62b0ce2623", "links": [{"href": "http://10.0.2.15:8774/db7ce4ea273e4cb38e8a3103313cba4a/images/8e3fccbf-d6f0-4a75-9295-bf62b0ce2623", "rel": "bookmark"}]}, "OS-EXT-STS:task_state": "spawning", "OS-EXT-STS:vm_state": "building", "OS-SRV-USG:launched_at": null, "flavor": {"id": "42", "links": [{"href": "http://10.0.2.15:8774/db7ce4ea273e4cb38e8a3103313cba4a/flavors/42", "rel": "bookmark"}]}, "id": "8c5e8eab-de60-4f45-832e-eb1b7adb6e02", "security_groups": [{"name": "tempest-secgroup-smoke-505814725"}], "OS-SRV-USG:terminated_at": null, "OS-EXT-AZ:availability_zone": "nova", "user_id": "6e30017e00d5463eb884ddae905f71e3", "name": "tempest.common.compute-instance-1800578498", "created": "2015-12-08T12:27:56Z", "tenant_id": "db7ce4ea273e4cb38e8a3103313cba4a", "OS-DCF:diskConfig": "MANUAL", "os-extended-volumes:volumes_attached": [], "accessIPv4": "", "accessIPv6": "", "progress": 0, "OS-EXT-STS:power_state": 0, "config_drive": "", "metadata": {}}}
2015-12-08 12:28:00,275 20768 INFO     [tempest_lib.common.rest_client] Request (TestNetworkAdvancedServerOps:test_server_connectivity_pause_unpause): 200 GET http://10.0.2.15:8774/v2.1/db7ce4ea273e4cb38e8a3103313cba4a/servers/8c5e8eab-de60-4f45-832e-eb1b7adb6e02 0.209s
2015-12-08 12:28:00,275 20768 DEBUG    [tempest_lib.common.rest_client] Request - Headers: {'Content-Type': 'application/json', 'Accept': 'application/json', 'X-Auth-Token': '&lt;omitted&gt;'}
        Body: None
    Response - Headers: {'status': '200', 'content-length': '1662', 'content-location': 'http://10.0.2.15:8774/v2.1/db7ce4ea273e4cb38e8a3103313cba4a/servers/8c5e8eab-de60-4f45-832e-eb1b7adb6e02', 'x-compute-request-id': 'req-ea2a75ce-b049-48bb-bee0-95d41ec67260', 'vary': 'X-OpenStack-Nova-API-Version', 'connection': 'close', 'x-openstack-nova-api-version': '2.1', 'date': 'Tue, 08 Dec 2015 12:28:00 GMT', 'content-type': 'application/json'}
        Body: {"server": {"status": "ACTIVE", "updated": "2015-12-08T12:27:59Z", "hostId": "12f6cf2c56a6997a0cdf2e366c8f3493f28af1f85884e627cd68851e", "addresses": {"tempest-network-smoke--1083507527": [{"OS-EXT-IPS-MAC:mac_addr": "fa:16:3e:35:c3:92", "version": 4, "addr": "10.100.0.3", "OS-EXT-IPS:type": "fixed"}]}, "links": [{"href": "http://10.0.2.15:8774/v2.1/db7ce4ea273e4cb38e8a3103313cba4a/servers/8c5e8eab-de60-4f45-832e-eb1b7adb6e02", "rel": "self"}, {"href": "http://10.0.2.15:8774/db7ce4ea273e4cb38e8a3103313cba4a/servers/8c5e8eab-de60-4f45-832e-eb1b7adb6e02", "rel": "bookmark"}], "key_name": "tempest-TestNetworkAdvancedServerOps-1081373916", "image": {"id": "8e3fccbf-d6f0-4a75-9295-bf62b0ce2623", "links": [{"href": "http://10.0.2.15:8774/db7ce4ea273e4cb38e8a3103313cba4a/images/8e3fccbf-d6f0-4a75-9295-bf62b0ce2623", "rel": "bookmark"}]}, "OS-EXT-STS:task_state": null, "OS-EXT-STS:vm_state": "active", "OS-SRV-USG:launched_at": "2015-12-08T12:27:59.000000", "flavor": {"id": "42", "links": [{"href": "http://10.0.2.15:8774/db7ce4ea273e4cb38e8a3103313cba4a/flavors/42", "rel": "bookmark"}]}, "id": "8c5e8eab-de60-4f45-832e-eb1b7adb6e02", "security_groups": [{"name": "tempest-secgroup-smoke-505814725"}], "OS-SRV-USG:terminated_at": null, "OS-EXT-AZ:availability_zone": "nova", "user_id": "6e30017e00d5463eb884ddae905f71e3", "name": "tempest.common.compute-instance-1800578498", "created": "2015-12-08T12:27:56Z", "tenant_id": "db7ce4ea273e4cb38e8a3103313cba4a", "OS-DCF:diskConfig": "MANUAL", "os-extended-volumes:volumes_attached": [], "accessIPv4": "", "accessIPv6": "", "progress": 0, "OS-EXT-STS:power_state": 1, "config_drive": "True", "metadata": {}}}
2015-12-08 12:28:00,285 20768 INFO     [tempest.common.waiters] State transition "BUILD/spawning" ==&gt; "ACTIVE/None" after 4 second wait
2015-12-08 12:28:00,510 20768 INFO     [tempest_lib.common.rest_client] Request (TestNetworkAdvancedServerOps:test_server_connectivity_pause_unpause): 200 GET http://10.0.2.15:8774/v2.1/db7ce4ea273e4cb38e8a3103313cba4a/servers/8c5e8eab-de60-4f45-832e-eb1b7adb6e02 0.224s
2015-12-08 12:28:00,510 20768 DEBUG    [tempest_lib.common.rest_client] Request - Headers: {'Content-Type': 'application/json', 'Accept': 'application/json', 'X-Auth-Token': '&lt;omitted&gt;'}
        Body: None
    Response - Headers: {'status': '200', 'content-length': '1662', 'content-location': 'http://10.0.2.15:8774/v2.1/db7ce4ea273e4cb38e8a3103313cba4a/servers/8c5e8eab-de60-4f45-832e-eb1b7adb6e02', 'x-compute-request-id': 'req-fd9e8033-132c-4466-879a-f067a6b554ca', 'vary': 'X-OpenStack-Nova-API-Version', 'connection': 'close', 'x-openstack-nova-api-version': '2.1', 'date': 'Tue, 08 Dec 2015 12:28:00 GMT', 'content-type': 'application/json'}
        Body: {"server": {"status": "ACTIVE", "updated": "2015-12-08T12:27:59Z", "hostId": "12f6cf2c56a6997a0cdf2e366c8f3493f28af1f85884e627cd68851e", "addresses": {"tempest-network-smoke--1083507527": [{"OS-EXT-IPS-MAC:mac_addr": "fa:16:3e:35:c3:92", "version": 4, "addr": "10.100.0.3", "OS-EXT-IPS:type": "fixed"}]}, "links": [{"href": "http://10.0.2.15:8774/v2.1/db7ce4ea273e4cb38e8a3103313cba4a/servers/8c5e8eab-de60-4f45-832e-eb1b7adb6e02", "rel": "self"}, {"href": "http://10.0.2.15:8774/db7ce4ea273e4cb38e8a3103313cba4a/servers/8c5e8eab-de60-4f45-832e-eb1b7adb6e02", "rel": "bookmark"}], "key_name": "tempest-TestNetworkAdvancedServerOps-1081373916", "image": {"id": "8e3fccbf-d6f0-4a75-9295-bf62b0ce2623", "links": [{"href": "http://10.0.2.15:8774/db7ce4ea273e4cb38e8a3103313cba4a/images/8e3fccbf-d6f0-4a75-9295-bf62b0ce2623", "rel": "bookmark"}]}, "OS-EXT-STS:task_state": null, "OS-EXT-STS:vm_state": "active", "OS-SRV-USG:launched_at": "2015-12-08T12:27:59.000000", "flavor": {"id": "42", "links": [{"href": "http://10.0.2.15:8774/db7ce4ea273e4cb38e8a3103313cba4a/flavors/42", "rel": "bookmark"}]}, "id": "8c5e8eab-de60-4f45-832e-eb1b7adb6e02", "security_groups": [{"name": "tempest-secgroup-smoke-505814725"}], "OS-SRV-USG:terminated_at": null, "OS-EXT-AZ:availability_zone": "nova", "user_id": "6e30017e00d5463eb884ddae905f71e3", "name": "tempest.common.compute-instance-1800578498", "created": "2015-12-08T12:27:56Z", "tenant_id": "db7ce4ea273e4cb38e8a3103313cba4a", "OS-DCF:diskConfig": "MANUAL", "os-extended-volumes:volumes_attached": [], "accessIPv4": "", "accessIPv6": "", "progress": 0, "OS-EXT-STS:power_state": 1, "config_drive": "True", "metadata": {}}}
2015-12-08 12:28:00,558 20768 INFO     [tempest_lib.common.rest_client] Request (TestNetworkAdvancedServerOps:test_server_connectivity_pause_unpause): 200 GET http://10.0.2.15:9696/v2.0/ports?status=ACTIVE&amp;fixed_ip=None&amp;device_id=8c5e8eab-de60-4f45-832e-eb1b7adb6e02 0.038s
2015-12-08 12:28:00,559 20768 DEBUG    [tempest_lib.common.rest_client] Request - Headers: {'Content-Type': 'application/json', 'Accept': 'application/json', 'X-Auth-Token': '&lt;omitted&gt;'}
        Body: None
    Response - Headers: {'status': '200', 'content-length': '895', 'content-location': 'http://10.0.2.15:9696/v2.0/ports?status=ACTIVE&amp;fixed_ip=None&amp;device_id=8c5e8eab-de60-4f45-832e-eb1b7adb6e02', 'connection': 'close', 'date': 'Tue, 08 Dec 2015 12:28:00 GMT', 'content-type': 'application/json; charset=UTF-8', 'x-openstack-request-id': 'req-1f5b1a6c-e6d0-484e-8fed-87385c96e2a8'}
        Body: {"ports": [{"status": "ACTIVE", "binding:host_id": "vagrant-ubuntu-trusty-64", "allowed_address_pairs": [], "extra_dhcp_opts": [], "dns_assignment": [{"hostname": "host-10-100-0-3", "ip_address": "10.100.0.3", "fqdn": "host-10-100-0-3.openstacklocal."}], "device_owner": "compute:None", "port_security_enabled": true, "binding:profile": {}, "fixed_ips": [{"subnet_id": "5c974f95-45dc-410c-90f9-5a9500a298d9", "ip_address": "10.100.0.3"}], "id": "5a994147-2d80-46bf-8e17-5c2a3db2ac99", "security_groups": ["096d5633-0382-4fe0-9f25-b7799c79c984"], "device_id": "8c5e8eab-de60-4f45-832e-eb1b7adb6e02", "name": "", "admin_state_up": true, "network_id": "1fefcd46-b6c5-4887-b813-fa9483e6c117", "dns_name": "", "binding:vif_details": {"port_filter": true}, "binding:vnic_type": "normal", "binding:vif_type": "ovs", "tenant_id": "db7ce4ea273e4cb38e8a3103313cba4a", "mac_address": "fa:16:3e:35:c3:92"}]}
2015-12-08 12:28:01,071 20768 INFO     [tempest_lib.common.rest_client] Request (TestNetworkAdvancedServerOps:test_server_connectivity_pause_unpause): 201 POST http://10.0.2.15:9696/v2.0/floatingips 0.511s
2015-12-08 12:28:01,071 20768 DEBUG    [tempest_lib.common.rest_client] Request - Headers: {'Content-Type': 'application/json', 'Accept': 'application/json', 'X-Auth-Token': '&lt;omitted&gt;'}
        Body: {"floatingip": {"floating_network_id": "c25bf9f0-f068-4ac1-a1fd-a52250ce5899", "tenant_id": "db7ce4ea273e4cb38e8a3103313cba4a", "fixed_ip_address": "10.100.0.3", "port_id": "5a994147-2d80-46bf-8e17-5c2a3db2ac99"}}
    Response - Headers: {'status': '201', 'content-length': '367', 'connection': 'close', 'date': 'Tue, 08 Dec 2015 12:28:01 GMT', 'content-type': 'application/json; charset=UTF-8', 'x-openstack-request-id': 'req-0bcc44df-d631-4dd1-921f-286b2f90ccee'}
        Body: {"floatingip": {"floating_network_id": "c25bf9f0-f068-4ac1-a1fd-a52250ce5899", "router_id": "6526d5e6-db05-4954-8b60-8eef64516625", "fixed_ip_address": "10.100.0.3", "floating_ip_address": "172.24.4.4", "tenant_id": "db7ce4ea273e4cb38e8a3103313cba4a", "status": "DOWN", "port_id": "5a994147-2d80-46bf-8e17-5c2a3db2ac99", "id": "1e29445a-7572-4140-8602-088ba8ce4378"}}
2015-12-08 12:28:01,298 20768 INFO     [tempest_lib.common.rest_client] Request (TestNetworkAdvancedServerOps:test_server_connectivity_pause_unpause): 200 GET http://10.0.2.15:8774/v2.1/db7ce4ea273e4cb38e8a3103313cba4a/servers/8c5e8eab-de60-4f45-832e-eb1b7adb6e02 0.226s
2015-12-08 12:28:01,299 20768 DEBUG    [tempest_lib.common.rest_client] Request - Headers: {'Content-Type': 'application/json', 'Accept': 'application/json', 'X-Auth-Token': '&lt;omitted&gt;'}
        Body: None
    Response - Headers: {'status': '200', 'content-length': '1662', 'content-location': 'http://10.0.2.15:8774/v2.1/db7ce4ea273e4cb38e8a3103313cba4a/servers/8c5e8eab-de60-4f45-832e-eb1b7adb6e02', 'x-compute-request-id': 'req-bde9fa81-7ceb-400d-8a5e-d82e57e9dbc6', 'vary': 'X-OpenStack-Nova-API-Version', 'connection': 'close', 'x-openstack-nova-api-version': '2.1', 'date': 'Tue, 08 Dec 2015 12:28:01 GMT', 'content-type': 'application/json'}
        Body: {"server": {"status": "ACTIVE", "updated": "2015-12-08T12:27:59Z", "hostId": "12f6cf2c56a6997a0cdf2e366c8f3493f28af1f85884e627cd68851e", "addresses": {"tempest-network-smoke--1083507527": [{"OS-EXT-IPS-MAC:mac_addr": "fa:16:3e:35:c3:92", "version": 4, "addr": "10.100.0.3", "OS-EXT-IPS:type": "fixed"}]}, "links": [{"href": "http://10.0.2.15:8774/v2.1/db7ce4ea273e4cb38e8a3103313cba4a/servers/8c5e8eab-de60-4f45-832e-eb1b7adb6e02", "rel": "self"}, {"href": "http://10.0.2.15:8774/db7ce4ea273e4cb38e8a3103313cba4a/servers/8c5e8eab-de60-4f45-832e-eb1b7adb6e02", "rel": "bookmark"}], "key_name": "tempest-TestNetworkAdvancedServerOps-1081373916", "image": {"id": "8e3fccbf-d6f0-4a75-9295-bf62b0ce2623", "links": [{"href": "http://10.0.2.15:8774/db7ce4ea273e4cb38e8a3103313cba4a/images/8e3fccbf-d6f0-4a75-9295-bf62b0ce2623", "rel": "bookmark"}]}, "OS-EXT-STS:task_state": null, "OS-EXT-STS:vm_state": "active", "OS-SRV-USG:launched_at": "2015-12-08T12:27:59.000000", "flavor": {"id": "42", "links": [{"href": "http://10.0.2.15:8774/db7ce4ea273e4cb38e8a3103313cba4a/flavors/42", "rel": "bookmark"}]}, "id": "8c5e8eab-de60-4f45-832e-eb1b7adb6e02", "security_groups": [{"name": "tempest-secgroup-smoke-505814725"}], "OS-SRV-USG:terminated_at": null, "OS-EXT-AZ:availability_zone": "nova", "user_id": "6e30017e00d5463eb884ddae905f71e3", "name": "tempest.common.compute-instance-1800578498", "created": "2015-12-08T12:27:56Z", "tenant_id": "db7ce4ea273e4cb38e8a3103313cba4a", "OS-DCF:diskConfig": "MANUAL", "os-extended-volumes:volumes_attached": [], "accessIPv4": "", "accessIPv6": "", "progress": 0, "OS-EXT-STS:power_state": 1, "config_drive": "True", "metadata": {}}}
2015-12-08 12:28:01,313 20768 INFO     [tempest.scenario.manager] Tenant networks not configured to be reachable.
2015-12-08 12:28:01,331 20768 INFO     [tempest_lib.common.rest_client] Request (TestNetworkAdvancedServerOps:test_server_connectivity_pause_unpause): 200 GET http://10.0.2.15:9696/v2.0/floatingips/1e29445a-7572-4140-8602-088ba8ce4378 0.016s
2015-12-08 12:28:01,331 20768 DEBUG    [tempest_lib.common.rest_client] Request - Headers: {'Content-Type': 'application/json', 'Accept': 'application/json', 'X-Auth-Token': '&lt;omitted&gt;'}
        Body: None
    Response - Headers: {'status': '200', 'content-length': '367', 'content-location': 'http://10.0.2.15:9696/v2.0/floatingips/1e29445a-7572-4140-8602-088ba8ce4378', 'connection': 'close', 'date': 'Tue, 08 Dec 2015 12:28:01 GMT', 'content-type': 'application/json; charset=UTF-8', 'x-openstack-request-id': 'req-5bf0649e-eb88-4362-8950-855b019b9db2'}
        Body: {"floatingip": {"floating_network_id": "c25bf9f0-f068-4ac1-a1fd-a52250ce5899", "router_id": "6526d5e6-db05-4954-8b60-8eef64516625", "fixed_ip_address": "10.100.0.3", "floating_ip_address": "172.24.4.4", "tenant_id": "db7ce4ea273e4cb38e8a3103313cba4a", "status": "DOWN", "port_id": "5a994147-2d80-46bf-8e17-5c2a3db2ac99", "id": "1e29445a-7572-4140-8602-088ba8ce4378"}}
2015-12-08 12:28:02,347 20768 INFO     [tempest_lib.common.rest_client] Request (TestNetworkAdvancedServerOps:test_server_connectivity_pause_unpause): 200 GET http://10.0.2.15:9696/v2.0/floatingips/1e29445a-7572-4140-8602-088ba8ce4378 0.013s
2015-12-08 12:28:02,347 20768 DEBUG    [tempest_lib.common.rest_client] Request - Headers: {'Content-Type': 'application/json', 'Accept': 'application/json', 'X-Auth-Token': '&lt;omitted&gt;'}
        Body: None
    Response - Headers: {'status': '200', 'content-length': '369', 'content-location': 'http://10.0.2.15:9696/v2.0/floatingips/1e29445a-7572-4140-8602-088ba8ce4378', 'connection': 'close', 'date': 'Tue, 08 Dec 2015 12:28:02 GMT', 'content-type': 'application/json; charset=UTF-8', 'x-openstack-request-id': 'req-0642d882-e9da-402c-9864-07ca878ffc26'}
        Body: {"floatingip": {"floating_network_id": "c25bf9f0-f068-4ac1-a1fd-a52250ce5899", "router_id": "6526d5e6-db05-4954-8b60-8eef64516625", "fixed_ip_address": "10.100.0.3", "floating_ip_address": "172.24.4.4", "tenant_id": "db7ce4ea273e4cb38e8a3103313cba4a", "status": "ACTIVE", "port_id": "5a994147-2d80-46bf-8e17-5c2a3db2ac99", "id": "1e29445a-7572-4140-8602-088ba8ce4378"}}
2015-12-08 12:28:02,348 20768 INFO     [tempest.scenario.manager] FloatingIP: &lt;"FloatingIP" addr="172.24.4.4" id="1e29445a-7572-4140-8602-088ba8ce4378"&gt; is at status: ACTIVE
2015-12-08 12:28:02,348 20768 DEBUG    [tempest.scenario.manager] checking network connections to IP 172.24.4.4 with user: cirros
2015-12-08 12:28:02,348 20768 DEBUG    [tempest.scenario.manager] TestNetworkAdvancedServerOps:test_server_connectivity_pause_unpause begins to ping 172.24.4.4 in 120 sec and the expected result is reachable
2015-12-08 12:30:03,670 20768 DEBUG    [tempest.scenario.manager] TestNetworkAdvancedServerOps:test_server_connectivity_pause_unpause finishes ping 172.24.4.4 in 120 sec and the ping result is unexpected
2015-12-08 12:30:03,672 20768 ERROR    [tempest.scenario.manager] Public network connectivity check failed
2015-12-08 12:30:03.672 20768 ERROR tempest.scenario.manager Traceback (most recent call last):
2015-12-08 12:30:03.672 20768 ERROR tempest.scenario.manager   File "tempest/scenario/manager.py", line 606, in check_public_network_connectivity
2015-12-08 12:30:03.672 20768 ERROR tempest.scenario.manager     should_connect=should_connect)
2015-12-08 12:30:03.672 20768 ERROR tempest.scenario.manager   File "tempest/scenario/manager.py", line 590, in check_vm_connectivity
2015-12-08 12:30:03.672 20768 ERROR tempest.scenario.manager     msg=msg)
2015-12-08 12:30:03.672 20768 ERROR tempest.scenario.manager   File "/usr/local/lib/python2.7/dist-packages/unittest2/case.py", line 702, in assertTrue
2015-12-08 12:30:03.672 20768 ERROR tempest.scenario.manager     raise self.failureException(msg)
2015-12-08 12:30:03.672 20768 ERROR tempest.scenario.manager AssertionError: False is not true : Timed out waiting for 172.24.4.4 to become reachable
2015-12-08 12:30:03.672 20768 ERROR tempest.scenario.manager 
2015-12-08 12:30:03,886 20768 INFO     [tempest_lib.common.rest_client] Request (TestNetworkAdvancedServerOps:test_server_connectivity_pause_unpause): 200 POST http://10.0.2.15:8774/v2.1/db7ce4ea273e4cb38e8a3103313cba4a/servers/8c5e8eab-de60-4f45-832e-eb1b7adb6e02/action 0.210s
2015-12-08 12:30:03,887 20768 DEBUG    [tempest_lib.common.rest_client] Request - Headers: {'Content-Type': 'application/json', 'Accept': 'application/json', 'X-Auth-Token': '&lt;omitted&gt;'}
        Body: {"os-getConsoleOutput": {}}
    Response - Headers: {'status': '200', 'content-length': '17429', 'x-compute-request-id': 'req-80068817-2a2b-421b-9864-37a04219cd04', 'vary': 'X-OpenStack-Nova-API-Version', 'connection': 'close', 'x-openstack-nova-api-version': '2.1', 'date': 'Tue, 08 Dec 2015 12:30:03 GMT', 'content-type': 'application/json'}
        Body: {"output": "[    0.000000] Initializing cgroup subsys cpuset\n[    0.000000] Initializing cgroup subsys cpu\n[    0.000000] Linux version 3.2.0-80-virtual (buildd@batsu) (gcc version 4.6.3 (Ubuntu/Linaro 4.6.3-1ubuntu5) ) #116-Ubuntu SMP Mon Mar 23 17:28:52 UTC 2015 (Ubuntu 3.2.0-80.116-virtual 3.2.68)\n[    0.000000] Command line: root=/dev/vda console=tty0 console=ttyS0 no_timer_check\n[    0.000000] KERNEL supported cpus:\n[    0.000000]   Intel GenuineIntel\n[    0.000000]   AMD AuthenticAMD\n[    0.000000]   Centaur CentaurHauls\n[    0.000000] BIOS-provided physical RAM map:\n[    0.000000]  BIOS-e820: 0000000000000000 - 000000000009fc00 (usable)\n[    0.000000]  BIOS-e820: 000000000009fc00 - 00000000000a0000 (reserved)\n[    0.000000]  BIOS-e820: 00000000000f0000 - 0000000000100000 (reserved)\n[    0.000000]  BIOS-e820: 0000000000100000 - 0000000003ffe000 (usable)\n[    0.000000]  BIOS-e820: 0000000003ffe000 - 0000000004000000 (reserved)\n[    0.000000]  BIOS-e820: 00000000fffc0000 - 0000000100000000 (reserved)\n[    0.000000] NX (Execute Disable) protection: active\n[    0.000000] SMBIOS 2.4 present.\n[    0.000000] No AGP bridge found\n[    0.000000] last_pfn = 0x3ffe max_arch_pfn = 0x400000000\n[    0.000000] x86 PAT enabled: cpu 0, old 0x7040600070406, new 0x7010600070106\n[    0.000000] found SMP MP-table at [ffff8800000f0b00] f0b00\n[    0.000000] init_memory_mapping: 0000000000000000-0000000003ffe000\n[    0.000000] RAMDISK: 03c5e000 - 03ff0000\n[    0.000000] ACPI: RSDP 00000000000f0950 00014 (v00 BOCHS )\n[    0.000000] ACPI: RSDT 0000000003fffbc1 00034 (v01 BOCHS  BXPCRSDT 00000001 BXPC 00000001)\n[    0.000000] ACPI: FACP 0000000003fff1c0 00074 (v01 BOCHS  BXPCFACP 00000001 BXPC 00000001)\n[    0.000000] ACPI: DSDT 0000000003ffe040 01180 (v01 BOCHS  BXPCDSDT 00000001 BXPC 00000001)\n[    0.000000] ACPI: FACS 0000000003ffe000 00040\n[    0.000000] ACPI: SSDT 0000000003fff234 008DD (v01 BOCHS  BXPCSSDT 00000001 BXPC 00000001)\n[    0.000000] ACPI: APIC 0000000003fffb11 00078 (v01 BOCHS  BXPCAPIC 00000001 BXPC 00000001)\n[    0.000000] ACPI: HPET 0000000003fffb89 00038 (v01 BOCHS  BXPCHPET 00000001 BXPC 00000001)\n[    0.000000] No NUMA configuration found\n[    0.000000] Faking a node at 0000000000000000-0000000003ffe000\n[    0.000000] Initmem setup node 0 0000000000000000-0000000003ffe000\n[    0.000000]   NODE_DATA [0000000003ff6000 - 0000000003ffafff]\n[    0.000000] Zone PFN ranges:\n[    0.000000]   DMA      0x00000010 -&gt; 0x00001000\n[    0.000000]   DMA32    0x00001000 -&gt; 0x00100000\n[    0.000000]   Normal   empty\n[    0.000000] Movable zone start PFN for each node\n[    0.000000] early_node_map[2] active PFN ranges\n[    0.000000]     0: 0x00000010 -&gt; 0x0000009f\n[    0.000000]     0: 0x00000100 -&gt; 0x00003ffe\n[    0.000000] ACPI: PM-Timer IO Port: 0xb008\n[    0.000000] ACPI: LAPIC (acpi_id[0x00] lapic_id[0x00] enabled)\n[    0.000000] ACPI: LAPIC_NMI (acpi_id[0xff] dfl dfl lint[0x1])\n[    0.000000] ACPI: IOAPIC (id[0x00] address[0xfec00000] gsi_base[0])\n[    0.000000] IOAPIC[0]: apic_id 0, version 17, address 0xfec00000, GSI 0-23\n[    0.000000] ACPI: INT_SRC_OVR (bus 0 bus_irq 0 global_irq 2 dfl dfl)\n[    0.000000] ACPI: INT_SRC_OVR (bus 0 bus_irq 5 global_irq 5 high level)\n[    0.000000] ACPI: INT_SRC_OVR (bus 0 bus_irq 9 global_irq 9 high level)\n[    0.000000] ACPI: INT_SRC_OVR (bus 0 bus_irq 10 global_irq 10 high level)\n[    0.000000] ACPI: INT_SRC_OVR (bus 0 bus_irq 11 global_irq 11 high level)\n[    0.000000] Using ACPI (MADT) for SMP configuration information\n[    0.000000] ACPI: HPET id: 0x8086a201 base: 0xfed00000\n[    0.000000] SMP: Allowing 1 CPUs, 0 hotplug CPUs\n[    0.000000] PM: Registered nosave memory: 000000000009f000 - 00000000000a0000\n[    0.000000] PM: Registered nosave memory: 00000000000a0000 - 00000000000f0000\n[    0.000000] PM: Registered nosave memory: 00000000000f0000 - 0000000000100000\n[    0.000000] Allocating PCI resources starting at 4000000 (gap: 4000000:fbfc0000)\n[    0.000000] Booting paravirtualized kernel on bare hardware\n[    0.000000] setup_pe
2015-12-08 12:30:03,891 20768 DEBUG    [tempest.scenario.manager] Console output for 8c5e8eab-de60-4f45-832e-eb1b7adb6e02
body=
[    0.000000] Initializing cgroup subsys cpuset
[    0.000000] Initializing cgroup subsys cpu
[    0.000000] Linux version 3.2.0-80-virtual (buildd@batsu) (gcc version 4.6.3 (Ubuntu/Linaro 4.6.3-1ubuntu5) ) #116-Ubuntu SMP Mon Mar 23 17:28:52 UTC 2015 (Ubuntu 3.2.0-80.116-virtual 3.2.68)
[    0.000000] Command line: root=/dev/vda console=tty0 console=ttyS0 no_timer_check
[    0.000000] KERNEL supported cpus:
[    0.000000]   Intel GenuineIntel
[    0.000000]   AMD AuthenticAMD
[    0.000000]   Centaur CentaurHauls
[    0.000000] BIOS-provided physical RAM map:
[    0.000000]  BIOS-e820: 0000000000000000 - 000000000009fc00 (usable)
[    0.000000]  BIOS-e820: 000000000009fc00 - 00000000000a0000 (reserved)
[    0.000000]  BIOS-e820: 00000000000f0000 - 0000000000100000 (reserved)
[    0.000000]  BIOS-e820: 0000000000100000 - 0000000003ffe000 (usable)
[    0.000000]  BIOS-e820: 0000000003ffe000 - 0000000004000000 (reserved)
[    0.000000]  BIOS-e820: 00000000fffc0000 - 0000000100000000 (reserved)
[    0.000000] NX (Execute Disable) protection: active
[    0.000000] SMBIOS 2.4 present.
[    0.000000] No AGP bridge found
[    0.000000] last_pfn = 0x3ffe max_arch_pfn = 0x400000000
[    0.000000] x86 PAT enabled: cpu 0, old 0x7040600070406, new 0x7010600070106
[    0.000000] found SMP MP-table at [ffff8800000f0b00] f0b00
[    0.000000] init_memory_mapping: 0000000000000000-0000000003ffe000
[    0.000000] RAMDISK: 03c5e000 - 03ff0000
[    0.000000] ACPI: RSDP 00000000000f0950 00014 (v00 BOCHS )
[    0.000000] ACPI: RSDT 0000000003fffbc1 00034 (v01 BOCHS  BXPCRSDT 00000001 BXPC 00000001)
[    0.000000] ACPI: FACP 0000000003fff1c0 00074 (v01 BOCHS  BXPCFACP 00000001 BXPC 00000001)
[    0.000000] ACPI: DSDT 0000000003ffe040 01180 (v01 BOCHS  BXPCDSDT 00000001 BXPC 00000001)
[    0.000000] ACPI: FACS 0000000003ffe000 00040
[    0.000000] ACPI: SSDT 0000000003fff234 008DD (v01 BOCHS  BXPCSSDT 00000001 BXPC 00000001)
[    0.000000] ACPI: APIC 0000000003fffb11 00078 (v01 BOCHS  BXPCAPIC 00000001 BXPC 00000001)
[    0.000000] ACPI: HPET 0000000003fffb89 00038 (v01 BOCHS  BXPCHPET 00000001 BXPC 00000001)
[    0.000000] No NUMA configuration found
[    0.000000] Faking a node at 0000000000000000-0000000003ffe000
[    0.000000] Initmem setup node 0 0000000000000000-0000000003ffe000
[    0.000000]   NODE_DATA [0000000003ff6000 - 0000000003ffafff]
[    0.000000] Zone PFN ranges:
[    0.000000]   DMA      0x00000010 -&gt; 0x00001000
[    0.000000]   DMA32    0x00001000 -&gt; 0x00100000
[    0.000000]   Normal   empty
[    0.000000] Movable zone start PFN for each node
[    0.000000] early_node_map[2] active PFN ranges
[    0.000000]     0: 0x00000010 -&gt; 0x0000009f
[    0.000000]     0: 0x00000100 -&gt; 0x00003ffe
[    0.000000] ACPI: PM-Timer IO Port: 0xb008
[    0.000000] ACPI: LAPIC (acpi_id[0x00] lapic_id[0x00] enabled)
[    0.000000] ACPI: LAPIC_NMI (acpi_id[0xff] dfl dfl lint[0x1])
[    0.000000] ACPI: IOAPIC (id[0x00] address[0xfec00000] gsi_base[0])
[    0.000000] IOAPIC[0]: apic_id 0, version 17, address 0xfec00000, GSI 0-23
[    0.000000] ACPI: INT_SRC_OVR (bus 0 bus_irq 0 global_irq 2 dfl dfl)
[    0.000000] ACPI: INT_SRC_OVR (bus 0 bus_irq 5 global_irq 5 high level)
[    0.000000] ACPI: INT_SRC_OVR (bus 0 bus_irq 9 global_irq 9 high level)
[    0.000000] ACPI: INT_SRC_OVR (bus 0 bus_irq 10 global_irq 10 high level)
[    0.000000] ACPI: INT_SRC_OVR (bus 0 bus_irq 11 global_irq 11 high level)
[    0.000000] Using ACPI (MADT) for SMP configuration information
[    0.000000] ACPI: HPET id: 0x8086a201 base: 0xfed00000
[    0.000000] SMP: Allowing 1 CPUs, 0 hotplug CPUs
[    0.000000] PM: Registered nosave memory: 000000000009f000 - 00000000000a0000
[    0.000000] PM: Registered nosave memory: 00000000000a0000 - 00000000000f0000
[    0.000000] PM: Registered nosave memory: 00000000000f0000 - 0000000000100000
[    0.000000] Allocating PCI resources starting at 4000000 (gap: 4000000:fbfc0000)
[    0.000000] Booting paravirtualized kernel on bare hardware
[    0.000000] setup_percpu: NR_CPUS:64 nr_cpumask_bits:64 nr_cpu_ids:1 nr_node_ids:1
[    0.000000] PERCPU: Embedded 27 pages/cpu @ffff880003a00000 s78848 r8192 d23552 u2097152
[    0.000000] Built 1 zonelists in Node order, mobility grouping on.  Total pages: 16008
[    0.000000] Policy zone: DMA32
[    0.000000] Kernel command line: root=/dev/vda console=tty0 console=ttyS0 no_timer_check
[    0.000000] PID hash table entries: 256 (order: -1, 2048 bytes)
[    0.000000] Checking aperture...
[    0.000000] No AGP bridge found
[    0.000000] Memory: 43492k/65528k available (6576k kernel code, 452k absent, 21584k reserved, 6620k data, 928k init)
[    0.000000] SLUB: Genslabs=15, HWalign=64, Order=0-3, MinObjects=0, CPUs=1, Nodes=1
[    0.000000] Hierarchical RCU implementation.
[    0.000000] 	RCU dyntick-idle grace-period acceleration is enabled.
[    0.000000] NR_IRQS:4352 nr_irqs:256 16
[    0.000000] Console: colour VGA+ 80x25
[    0.000000] console [tty0] enabled
[    0.000000] console [ttyS0] enabled
[    0.000000] allocated 1048576 bytes of page_cgroup
[    0.000000] please try 'cgroup_disable=memory' option if you don't want memory cgroups
[    0.000000] Fast TSC calibration failed
[    0.000000] TSC: Unable to calibrate against PIT
[    0.000000] TSC: using HPET reference calibration
[    0.000000] Detected 2295.147 MHz processor.
[    0.033213] Calibrating delay loop (skipped), value calculated using timer frequency.. 4590.29 BogoMIPS (lpj=9180588)
[    0.035346] pid_max: default: 32768 minimum: 301
[    0.046287] Security Framework initialized
[    0.049825] AppArmor: AppArmor initialized
[    0.052079] Yama: becoming mindful.
[    0.058627] Dentry cache hash table entries: 8192 (order: 4, 65536 bytes)
[    0.060609] Inode-cache hash table entries: 4096 (order: 3, 32768 bytes)
[    0.064581] Mount-cache hash table entries: 256
[    0.079036] Initializing cgroup subsys cpuacct
[    0.080391] Initializing cgroup subsys memory
[    0.081537] Initializing cgroup subsys devices
[    0.084260] Initializing cgroup subsys freezer
[    0.085110] Initializing cgroup subsys blkio
[    0.085772] Initializing cgroup subsys perf_event
[    0.090447] mce: CPU supports 10 MCE banks
[    0.094289] SMP alternatives: switching to UP code
[    0.510379] Freeing SMP alternatives: 24k freed
[    0.512468] ACPI: Core revision 20110623
[    0.560540] ftrace: allocating 26610 entries in 105 pages
[    0.597078] ..TIMER: vector=0x30 apic1=0 pin1=2 apic2=-1 pin2=-1
[    0.598947] CPU0: AMD QEMU Virtual CPU version 2.0.0 stepping 03
[    0.604037] Performance Events: Broken PMU hardware detected, using software events only.
[    0.618197] NMI watchdog disabled (cpu0): hardware events not enabled
[    0.620905] Brought up 1 CPUs
[    0.621580] Total of 1 processors activated (4590.29 BogoMIPS).
[    0.645749] devtmpfs: initialized
[    0.681290] EVM: security.selinux
[    0.681733] EVM: security.SMACK64
[    0.682221] EVM: security.capability
[    0.704579] print_constraints: dummy: 
[    0.706211] RTC time: 12:28:03, date: 12/08/15
[    0.709208] NET: Registered protocol family 16
[    0.718227] ACPI: bus type pci registered
[    0.722281] PCI: Using configuration type 1 for base access
[    0.753424] bio: create slab &lt;bio-0&gt; at 0
[    0.757466] ACPI: Added _OSI(Module Device)
[    0.758056] ACPI: Added _OSI(Processor Device)
[    0.758681] ACPI: Added _OSI(3.0 _SCP Extensions)
[    0.759360] ACPI: Added _OSI(Processor Aggregator Device)
[    0.824391] ACPI: Interpreter enabled
[    0.824950] ACPI: (supports S0 S3 S4 S5)
[    0.828927] ACPI: Using IOAPIC for interrupt routing
[    0.896622] ACPI: No dock devices found.
[    0.897240] HEST: Table not found.
[    0.897882] PCI: Using host bridge windows from ACPI; if necessary, use "pci=nocrs" and report a bug
[    0.903044] ACPI: PCI Root Bridge [PCI0] (domain 0000 [bus 00-ff])
[    0.911092] pci_root PNP0A03:00: host bridge window [io  0x0000-0x0cf7]
[    0.912155] pci_root PNP0A03:00: host bridge window [io  0x0d00-0xadff]
[    0.912964] pci_root PNP0A03:00: host bridge window [io  0xae0f-0xaeff]
[    0.913925] pci_root PNP0A03:00: host bridge window [io  0xaf20-0xafdf]
[    0.914723] pci_root PNP0A03:00: host bridge window [io  0xafe4-0xffff]
[    0.916164] pci_root PNP0A03:00: host bridge window [mem 0x000a0000-0x000bffff]
[    0.917070] pci_root PNP0A03:00: host bridge window [mem 0x04000000-0xfebfffff]
[    0.940828] pci 0000:00:01.3: quirk: [io  0xb000-0xb03f] claimed by PIIX4 ACPI
[    0.942116] pci 0000:00:01.3: quirk: [io  0xb100-0xb10f] claimed by PIIX4 SMB
[    1.016783]  pci0000:00: Unable to request _OSC control (_OSC support mask: 0x1e)
[    1.082728] ACPI: PCI Interrupt Link [LNKA] (IRQs 5 *10 11)
[    1.085125] ACPI: PCI Interrupt Link [LNKB] (IRQs 5 *10 11)
[    1.087058] ACPI: PCI Interrupt Link [LNKC] (IRQs 5 10 *11)
[    1.089686] ACPI: PCI Interrupt Link [LNKD] (IRQs 5 10 *11)
[    1.090570] ACPI: PCI Interrupt Link [LNKS] (IRQs *9)
[    1.098798] vgaarb: device added: PCI:0000:00:02.0,decodes=io+mem,owns=io+mem,locks=none
[    1.100319] vgaarb: loaded
[    1.101149] vgaarb: bridge control possible 0000:00:02.0
[    1.110788] i2c-core: driver [aat2870] using legacy suspend method
[    1.112219] i2c-core: driver [aat2870] using legacy resume method
[    1.117664] SCSI subsystem initialized
[    1.121205] usbcore: registered new interface driver usbfs
[    1.122564] usbcore: registered new interface driver hub
[    1.124411] usbcore: registered new device driver usb
[    1.127097] PCI: Using ACPI for IRQ routing
[    1.139039] NetLabel: Initializing
[    1.140145] NetLabel:  domain hash size = 128
[    1.140829] NetLabel:  protocols = UNLABELED CIPSOv4
[    1.142703] NetLabel:  unlabeled traffic allowed by default
[    1.148778] HPET: 3 timers in total, 0 timers will be used for per-cpu timer
[    1.149962] hpet0: at MMIO 0xfed00000, IRQs 2, 8, 0
[    1.150878] hpet0: 3 comparators, 64-bit 100.000000 MHz counter
[    1.162176] Switching to clocksource hpet
[    1.466775] AppArmor: AppArmor Filesystem Enabled
[    1.469174] pnp: PnP ACPI init
[    1.469888] ACPI: bus type pnp registered
[    1.491492] pnp: PnP ACPI: found 9 devices
[    1.492666] ACPI: ACPI bus type pnp unregistered
[    1.554485] NET: Registered protocol family 2
[    1.594214] IP route cache hash table entries: 512 (order: 0, 4096 bytes)
[    1.607174] TCP established hash table entries: 2048 (order: 3, 32768 bytes)
[    1.609672] TCP bind hash table entries: 2048 (order: 3, 32768 bytes)
[    1.610698] TCP: Hash tables configured (established 2048 bind 2048)
[    1.611480] TCP reno registered
[    1.612039] UDP hash table entries: 128 (order: 0, 4096 bytes)
[    1.614231] UDP-Lite hash table entries: 128 (order: 0, 4096 bytes)
[    1.619375] NET: Registered protocol family 1
[    1.622027] pci 0000:00:00.0: Limiting direct PCI/PCI transfers
[    1.622766] pci 0000:00:01.0: PIIX3: Enabling Passive Release
[    1.623667] pci 0000:00:01.0: Activating ISA DMA hang workarounds
[    1.629796] ACPI: PCI Interrupt Link [LNKD] enabled at IRQ 11
[    1.630741] pci 0000:00:01.2: PCI INT D -&gt; Link[LNKD] -&gt; GSI 11 (level, high) -&gt; IRQ 11
[    1.633740] pci 0000:00:01.2: PCI INT D disabled
[    1.651156] Trying to unpack rootfs image as initramfs...
[    1.669756] audit: initializing netlink socket (disabled)
[    1.671229] type=2000 audit(1449577683.668:1): initialized
[    1.957888] HugeTLB registered 2 MB page size, pre-allocated 0 pages
[    2.055240] VFS: Disk quotas dquot_6.5.2
[    2.057629] Dquot-cache hash table entries: 512 (order 0, 4096 bytes)
[    2.071752] fuse init (API version 7.17)
[    2.074607] msgmni has been set to 84
[    2.123560] Block layer SCSI generic (bsg) driver version 0.4 loaded (major 253)
[    2.125960] io scheduler noop registered
[    2.126505] io scheduler deadline registered (default)
[    2.127481] io scheduler cfq registered
[    2.131751] pci_hotplug: PCI Hot Plug PCI Core version: 0.5
[    2.134891] pciehp: PCI Express Hot Plug Controller Driver version: 0.4
[    2.142070] input: Power Button as /devices/LNXSYSTM:00/LNXPWRBN:00/input/input0
[    2.145091] ACPI: Power Button [PWRF]
[    2.198797] ERST: Table is not found!
[    2.199259] GHES: HEST is not enabled!
[    2.207357] ACPI: PCI Interrupt Link [LNKC] enabled at IRQ 10
[    2.209390] virtio-pci 0000:00:03.0: PCI INT A -&gt; Link[LNKC] -&gt; GSI 10 (level, high) -&gt; IRQ 10
[    2.213496] virtio-pci 0000:00:04.0: PCI INT A -&gt; Link[LNKD] -&gt; GSI 11 (level, high) -&gt; IRQ 11
[    2.226734] ACPI: PCI Interrupt Link [LNKA] enabled at IRQ 10
[    2.227515] virtio-pci 0000:00:05.0: PCI INT A -&gt; Link[LNKA] -&gt; GSI 10 (level, high) -&gt; IRQ 10
[    2.242181] Serial: 8250/16550 driver, 32 ports, IRQ sharing enabled
[    2.283721] serial8250: ttyS0 at I/O 0x3f8 (irq = 4) is a 16550A
[    2.377484] serial8250: ttyS1 at I/O 0x2f8 (irq = 3) is a 16550A
[    2.519375] 00:05: ttyS0 at I/O 0x3f8 (irq = 4) is a 16550A
[    2.608341] 00:06: ttyS1 at I/O 0x2f8 (irq = 3) is a 16550A
[    2.638211] Refined TSC clocksource calibration: 2295.189 MHz.
[    2.638936] Switching to clocksource tsc
[    2.660131] Linux agpgart interface v0.103
[    2.718849] brd: module loaded
[    2.749401] loop: module loaded
[    2.798303]  vda: unknown partition table
[    2.837826] scsi0 : ata_piix
[    2.845461] scsi1 : ata_piix
[    2.846563] ata1: PATA max MWDMA2 cmd 0x1f0 ctl 0x3f6 bmdma 0xc0a0 irq 14
[    2.847370] ata2: PATA max MWDMA2 cmd 0x170 ctl 0x376 bmdma 0xc0a8 irq 15
[    2.857891] Fixed MDIO Bus: probed
[    2.858684] tun: Universal TUN/TAP device driver, 1.6
[    2.859249] tun: (C) 1999-2004 Max Krasnyansky &lt;maxk@qualcomm.com&gt;
[    2.871107] PPP generic driver version 2.4.2
[    2.894993] ehci_hcd: USB 2.0 'Enhanced' Host Controller (EHCI) Driver
[    2.895836] ohci_hcd: USB 1.1 'Open' Host Controller (OHCI) Driver
[    2.897530] uhci_hcd: USB Universal Host Controller Interface driver
[    2.898883] uhci_hcd 0000:00:01.2: PCI INT D -&gt; Link[LNKD] -&gt; GSI 11 (level, high) -&gt; IRQ 11
[    2.902247] uhci_hcd 0000:00:01.2: UHCI Host Controller
[    2.913768] uhci_hcd 0000:00:01.2: new USB bus registered, assigned bus number 1
[    2.915218] uhci_hcd 0000:00:01.2: irq 11, io base 0x0000c040
[    2.943189] hub 1-0:1.0: USB hub found
[    2.944974] hub 1-0:1.0: 2 ports detected
[    2.951769] usbcore: registered new interface driver libusual
[    2.954300] i8042: PNP: PS/2 Controller [PNP0303:KBD,PNP0f13:MOU] at 0x60,0x64 irq 1,12
[    2.960712] serio: i8042 KBD port at 0x60,0x64 irq 1
[    2.962265] serio: i8042 AUX port at 0x60,0x64 irq 12
[    2.994755] mousedev: PS/2 mouse device common for all mice
[    3.004658] input: AT Translated Set 2 keyboard as /devices/platform/i8042/serio0/input/input1
[    3.017522] rtc_cmos 00:01: RTC can wake from S4
[    3.057245] rtc_cmos 00:01: rtc core: registered rtc_cmos as rtc0
[    3.065750] rtc0: alarms up to one day, 114 bytes nvram, hpet irqs
[    3.071334] device-mapper: uevent: version 1.0.3
[    3.083249] ata2.01: ATAPI: QEMU DVD-ROM, 2.0.0, max UDMA/100
[    3.089425] ata2.01: configured for MWDMA2
[    3.120995] device-mapper: ioctl: 4.22.0-ioctl (2011-10-19) initialised: dm-devel@redhat.com
[    3.123829] cpuidle: using governor ladder
[    3.124652] cpuidle: using governor menu
[    3.125144] EFI Variables Facility v0.08 2004-May-17
[    3.134055] TCP cubic registered
[    3.139044] NET: Registered protocol family 10
[    3.165019] NET: Registered protocol family 17
[    3.166302] Registering the dns_resolver key type
[    3.181197] scsi 1:0:1:0: CD-ROM            QEMU     QEMU DVD-ROM     2.0. PQ: 0 ANSI: 5
[    3.205246] sr0: scsi3-mmc drive: 4x/4x cd/rw xa/form2 tray
[    3.206921] cdrom: Uniform CD-ROM driver Revision: 3.20
[    3.227590] sr 1:0:1:0: Attached scsi generic sg0 type 5
[    3.268623] registered taskstats version 1
[    3.352251] Freeing initrd memory: 3656k freed
[    3.856499]   Magic number: 11:834:480
[    3.871806] rtc_cmos 00:01: setting system clock to 2015-12-08 12:28:06 UTC (1449577686)
[    3.879982] powernow-k8: Processor cpuid 663 not supported
[    3.892024] BIOS EDD facility v0.16 2004-Jun-25, 0 devices found
[    3.895952] EDD information not available.
[    3.964711] Freeing unused kernel memory: 928k freed
[    3.969664] Write protecting the kernel read-only data: 12288k
[    4.067968] Freeing unused kernel memory: 1596k freed
[    4.142024] Freeing unused kernel memory: 1184k freed

info: initramfs: up at 4.33
modprobe: module virtio_blk not found in modules.dep
modprobe: module virtio_net not found in modules.dep
info: copying initramfs to /dev/vda
info: initramfs loading root from /dev/vda
info: /etc/init.d/rc.sysinit: up at 9.17
info: container: none
Starting logging: OK
modprobe: module virtio_blk not found in modules.dep
modprobe: module virtio_net not found in modules.dep
WARN: /etc/rc3.d/S10-load-modules failed
Initializing random number generator... done.
Starting acpid: OK
cirros-ds 'local' up at 11.82
found datasource (configdrive, local)
Starting network...
udhcpc (v1.20.1) started
Sending discover...
Sending discover...

2015-12-08 12:30:04,163 20768 INFO     [tempest_lib.common.rest_client] Request (TestNetworkAdvancedServerOps:_run_cleanups): 204 DELETE http://10.0.2.15:9696/v2.0/floatingips/1e29445a-7572-4140-8602-088ba8ce4378 0.266s
2015-12-08 12:30:04,163 20768 DEBUG    [tempest_lib.common.rest_client] Request - Headers: {'Content-Type': 'application/json', 'Accept': 'application/json', 'X-Auth-Token': '&lt;omitted&gt;'}
        Body: None
    Response - Headers: {'date': 'Tue, 08 Dec 2015 12:30:04 GMT', 'status': '204', 'connection': 'close', 'content-length': '0', 'x-openstack-request-id': 'req-4ba86058-f0e0-4b38-b479-72cfb4b84506'}
        Body: 
2015-12-08 12:30:04,376 20768 INFO     [tempest_lib.common.rest_client] Request (TestNetworkAdvancedServerOps:_run_cleanups): 204 DELETE http://10.0.2.15:8774/v2.1/db7ce4ea273e4cb38e8a3103313cba4a/servers/8c5e8eab-de60-4f45-832e-eb1b7adb6e02 0.212s
2015-12-08 12:30:04,376 20768 DEBUG    [tempest_lib.common.rest_client] Request - Headers: {'Content-Type': 'application/json', 'Accept': 'application/json', 'X-Auth-Token': '&lt;omitted&gt;'}
        Body: None
    Response - Headers: {'status': '204', 'content-length': '0', 'x-compute-request-id': 'req-d1e2b9af-b5ab-47d3-87c7-f2ec524bbca3', 'vary': 'X-OpenStack-Nova-API-Version', 'connection': 'close', 'x-openstack-nova-api-version': '2.1', 'date': 'Tue, 08 Dec 2015 12:30:04 GMT', 'content-type': 'application/json'}
        Body: 
2015-12-08 12:30:04,598 20768 INFO     [tempest_lib.common.rest_client] Request (TestNetworkAdvancedServerOps:_run_cleanups): 200 GET http://10.0.2.15:8774/v2.1/db7ce4ea273e4cb38e8a3103313cba4a/servers/8c5e8eab-de60-4f45-832e-eb1b7adb6e02 0.221s
2015-12-08 12:30:04,599 20768 DEBUG    [tempest_lib.common.rest_client] Request - Headers: {'Content-Type': 'application/json', 'Accept': 'application/json', 'X-Auth-Token': '&lt;omitted&gt;'}
        Body: None
    Response - Headers: {'status': '200', 'content-length': '1785', 'content-location': 'http://10.0.2.15:8774/v2.1/db7ce4ea273e4cb38e8a3103313cba4a/servers/8c5e8eab-de60-4f45-832e-eb1b7adb6e02', 'x-compute-request-id': 'req-33c937a5-1d8a-4e68-aeaa-309b4b8c68fe', 'vary': 'X-OpenStack-Nova-API-Version', 'connection': 'close', 'x-openstack-nova-api-version': '2.1', 'date': 'Tue, 08 Dec 2015 12:30:04 GMT', 'content-type': 'application/json'}
        Body: {"server": {"status": "ACTIVE", "updated": "2015-12-08T12:30:04Z", "hostId": "12f6cf2c56a6997a0cdf2e366c8f3493f28af1f85884e627cd68851e", "addresses": {"tempest-network-smoke--1083507527": [{"OS-EXT-IPS-MAC:mac_addr": "fa:16:3e:35:c3:92", "version": 4, "addr": "10.100.0.3", "OS-EXT-IPS:type": "fixed"}, {"OS-EXT-IPS-MAC:mac_addr": "fa:16:3e:35:c3:92", "version": 4, "addr": "172.24.4.4", "OS-EXT-IPS:type": "floating"}]}, "links": [{"href": "http://10.0.2.15:8774/v2.1/db7ce4ea273e4cb38e8a3103313cba4a/servers/8c5e8eab-de60-4f45-832e-eb1b7adb6e02", "rel": "self"}, {"href": "http://10.0.2.15:8774/db7ce4ea273e4cb38e8a3103313cba4a/servers/8c5e8eab-de60-4f45-832e-eb1b7adb6e02", "rel": "bookmark"}], "key_name": "tempest-TestNetworkAdvancedServerOps-1081373916", "image": {"id": "8e3fccbf-d6f0-4a75-9295-bf62b0ce2623", "links": [{"href": "http://10.0.2.15:8774/db7ce4ea273e4cb38e8a3103313cba4a/images/8e3fccbf-d6f0-4a75-9295-bf62b0ce2623", "rel": "bookmark"}]}, "OS-EXT-STS:task_state": "deleting", "OS-EXT-STS:vm_state": "active", "OS-SRV-USG:launched_at": "2015-12-08T12:27:59.000000", "flavor": {"id": "42", "links": [{"href": "http://10.0.2.15:8774/db7ce4ea273e4cb38e8a3103313cba4a/flavors/42", "rel": "bookmark"}]}, "id": "8c5e8eab-de60-4f45-832e-eb1b7adb6e02", "security_groups": [{"name": "tempest-secgroup-smoke-505814725"}], "OS-SRV-USG:terminated_at": null, "OS-EXT-AZ:availability_zone": "nova", "user_id": "6e30017e00d5463eb884ddae905f71e3", "name": "tempest.common.compute-instance-1800578498", "created": "2015-12-08T12:27:56Z", "tenant_id": "db7ce4ea273e4cb38e8a3103313cba4a", "OS-DCF:diskConfig": "MANUAL", "os-extended-volumes:volumes_attached": [], "accessIPv4": "", "accessIPv6": "", "progress": 0, "OS-EXT-STS:power_state": 1, "config_drive": "True", "metadata": {}}}
2015-12-08 12:30:05,733 20768 INFO     [tempest_lib.common.rest_client] Request (TestNetworkAdvancedServerOps:_run_cleanups): 200 GET http://10.0.2.15:8774/v2.1/db7ce4ea273e4cb38e8a3103313cba4a/servers/8c5e8eab-de60-4f45-832e-eb1b7adb6e02 0.121s
2015-12-08 12:30:05,733 20768 DEBUG    [tempest_lib.common.rest_client] Request - Headers: {'Content-Type': 'application/json', 'Accept': 'application/json', 'X-Auth-Token': '&lt;omitted&gt;'}
        Body: None
    Response - Headers: {'status': '200', 'content-length': '1450', 'content-location': 'http://10.0.2.15:8774/v2.1/db7ce4ea273e4cb38e8a3103313cba4a/servers/8c5e8eab-de60-4f45-832e-eb1b7adb6e02', 'x-compute-request-id': 'req-360a76e6-416a-43da-89b4-d127f607f74f', 'vary': 'X-OpenStack-Nova-API-Version', 'connection': 'close', 'x-openstack-nova-api-version': '2.1', 'date': 'Tue, 08 Dec 2015 12:30:05 GMT', 'content-type': 'application/json'}
        Body: {"server": {"status": "ACTIVE", "updated": "2015-12-08T12:30:05Z", "hostId": "12f6cf2c56a6997a0cdf2e366c8f3493f28af1f85884e627cd68851e", "addresses": {}, "links": [{"href": "http://10.0.2.15:8774/v2.1/db7ce4ea273e4cb38e8a3103313cba4a/servers/8c5e8eab-de60-4f45-832e-eb1b7adb6e02", "rel": "self"}, {"href": "http://10.0.2.15:8774/db7ce4ea273e4cb38e8a3103313cba4a/servers/8c5e8eab-de60-4f45-832e-eb1b7adb6e02", "rel": "bookmark"}], "key_name": "tempest-TestNetworkAdvancedServerOps-1081373916", "image": {"id": "8e3fccbf-d6f0-4a75-9295-bf62b0ce2623", "links": [{"href": "http://10.0.2.15:8774/db7ce4ea273e4cb38e8a3103313cba4a/images/8e3fccbf-d6f0-4a75-9295-bf62b0ce2623", "rel": "bookmark"}]}, "OS-EXT-STS:task_state": "deleting", "OS-EXT-STS:vm_state": "active", "OS-SRV-USG:launched_at": "2015-12-08T12:27:59.000000", "flavor": {"id": "42", "links": [{"href": "http://10.0.2.15:8774/db7ce4ea273e4cb38e8a3103313cba4a/flavors/42", "rel": "bookmark"}]}, "id": "8c5e8eab-de60-4f45-832e-eb1b7adb6e02", "OS-SRV-USG:terminated_at": null, "OS-EXT-AZ:availability_zone": "nova", "user_id": "6e30017e00d5463eb884ddae905f71e3", "name": "tempest.common.compute-instance-1800578498", "created": "2015-12-08T12:27:56Z", "tenant_id": "db7ce4ea273e4cb38e8a3103313cba4a", "OS-DCF:diskConfig": "MANUAL", "os-extended-volumes:volumes_attached": [], "accessIPv4": "", "accessIPv6": "", "progress": 0, "OS-EXT-STS:power_state": 1, "config_drive": "True", "metadata": {}}}
2015-12-08 12:30:06,828 20768 INFO     [tempest_lib.common.rest_client] Request (TestNetworkAdvancedServerOps:_run_cleanups): 404 GET http://10.0.2.15:8774/v2.1/db7ce4ea273e4cb38e8a3103313cba4a/servers/8c5e8eab-de60-4f45-832e-eb1b7adb6e02 0.081s
2015-12-08 12:30:06,829 20768 DEBUG    [tempest_lib.common.rest_client] Request - Headers: {'Content-Type': 'application/json', 'Accept': 'application/json', 'X-Auth-Token': '&lt;omitted&gt;'}
        Body: None
    Response - Headers: {'status': '404', 'content-length': '111', 'x-compute-request-id': 'req-b5a25d19-c309-47dd-88dd-2b525c1843d3', 'vary': 'X-OpenStack-Nova-API-Version', 'connection': 'close', 'x-openstack-nova-api-version': '2.1', 'date': 'Tue, 08 Dec 2015 12:30:06 GMT', 'content-type': 'application/json; charset=UTF-8'}
        Body: {"itemNotFound": {"message": "Instance 8c5e8eab-de60-4f45-832e-eb1b7adb6e02 could not be found.", "code": 404}}
2015-12-08 12:30:07,355 20768 INFO     [tempest_lib.common.rest_client] Request (TestNetworkAdvancedServerOps:_run_cleanups): 200 PUT http://10.0.2.15:9696/v2.0/routers/6526d5e6-db05-4954-8b60-8eef64516625/remove_router_interface 0.524s
2015-12-08 12:30:07,355 20768 DEBUG    [tempest_lib.common.rest_client] Request - Headers: {'Content-Type': 'application/json', 'Accept': 'application/json', 'X-Auth-Token': '&lt;omitted&gt;'}
        Body: {"subnet_id": "5c974f95-45dc-410c-90f9-5a9500a298d9"}
    Response - Headers: {'status': '200', 'content-length': '255', 'connection': 'close', 'date': 'Tue, 08 Dec 2015 12:30:07 GMT', 'content-type': 'application/json; charset=UTF-8', 'x-openstack-request-id': 'req-d3e450f2-6ae0-4c80-9015-8ff66d229170'}
        Body: {"subnet_id": "5c974f95-45dc-410c-90f9-5a9500a298d9", "tenant_id": "db7ce4ea273e4cb38e8a3103313cba4a", "subnet_ids": ["5c974f95-45dc-410c-90f9-5a9500a298d9"], "port_id": "b3a30b35-bb05-4e42-aa22-9c0f98562c34", "id": "6526d5e6-db05-4954-8b60-8eef64516625"}
2015-12-08 12:30:07,934 20768 INFO     [tempest_lib.common.rest_client] Request (TestNetworkAdvancedServerOps:_run_cleanups): 204 DELETE http://10.0.2.15:9696/v2.0/subnets/5c974f95-45dc-410c-90f9-5a9500a298d9 0.577s
2015-12-08 12:30:07,934 20768 DEBUG    [tempest_lib.common.rest_client] Request - Headers: {'Content-Type': 'application/json', 'Accept': 'application/json', 'X-Auth-Token': '&lt;omitted&gt;'}
        Body: None
    Response - Headers: {'date': 'Tue, 08 Dec 2015 12:30:07 GMT', 'status': '204', 'connection': 'close', 'content-length': '0', 'x-openstack-request-id': 'req-b5f948b2-711c-4946-ad9c-ac66c85a8c38'}
        Body: 
2015-12-08 12:30:07,988 20768 INFO     [tempest_lib.common.rest_client] Request (TestNetworkAdvancedServerOps:_run_cleanups): 200 GET http://10.0.2.15:9696/v2.0/routers/6526d5e6-db05-4954-8b60-8eef64516625 0.053s
2015-12-08 12:30:07,989 20768 DEBUG    [tempest_lib.common.rest_client] Request - Headers: {'Content-Type': 'application/json', 'Accept': 'application/json', 'X-Auth-Token': '&lt;omitted&gt;'}
        Body: None
    Response - Headers: {'status': '200', 'content-length': '562', 'content-location': 'http://10.0.2.15:9696/v2.0/routers/6526d5e6-db05-4954-8b60-8eef64516625', 'connection': 'close', 'date': 'Tue, 08 Dec 2015 12:30:07 GMT', 'content-type': 'application/json; charset=UTF-8', 'x-openstack-request-id': 'req-67998ee5-5c87-4cb3-bdc2-cb9be5cac13b'}
        Body: {"router": {"status": "ACTIVE", "external_gateway_info": {"network_id": "c25bf9f0-f068-4ac1-a1fd-a52250ce5899", "enable_snat": true, "external_fixed_ips": [{"subnet_id": "1472741e-ecea-40c0-ac8f-692cfe3a4c2e", "ip_address": "172.24.4.3"}, {"subnet_id": "bbd632e8-1c48-4b1f-99ed-9ec9712fa43a", "ip_address": "2001:db8::4"}]}, "availability_zone_hints": [], "availability_zones": ["nova"], "name": "tempest-router-smoke-92770097", "admin_state_up": true, "tenant_id": "db7ce4ea273e4cb38e8a3103313cba4a", "routes": [], "id": "6526d5e6-db05-4954-8b60-8eef64516625"}}
2015-12-08 12:30:08,478 20768 INFO     [tempest_lib.common.rest_client] Request (TestNetworkAdvancedServerOps:_run_cleanups): 200 PUT http://10.0.2.15:9696/v2.0/routers/6526d5e6-db05-4954-8b60-8eef64516625 0.488s
2015-12-08 12:30:08,479 20768 DEBUG    [tempest_lib.common.rest_client] Request - Headers: {'Content-Type': 'application/json', 'Accept': 'application/json', 'X-Auth-Token': '&lt;omitted&gt;'}
        Body: {"router": {"external_gateway_info": {}, "name": "tempest-router-smoke-92770097", "admin_state_up": true}}
    Response - Headers: {'status': '200', 'content-length': '300', 'connection': 'close', 'date': 'Tue, 08 Dec 2015 12:30:08 GMT', 'content-type': 'application/json; charset=UTF-8', 'x-openstack-request-id': 'req-a41e41d6-20c5-4e87-a427-05c51e39b868'}
        Body: {"router": {"status": "ACTIVE", "external_gateway_info": null, "availability_zone_hints": [], "availability_zones": ["nova"], "name": "tempest-router-smoke-92770097", "admin_state_up": true, "tenant_id": "db7ce4ea273e4cb38e8a3103313cba4a", "routes": [], "id": "6526d5e6-db05-4954-8b60-8eef64516625"}}
2015-12-08 12:30:08,738 20768 INFO     [tempest_lib.common.rest_client] Request (TestNetworkAdvancedServerOps:_run_cleanups): 204 DELETE http://10.0.2.15:9696/v2.0/routers/6526d5e6-db05-4954-8b60-8eef64516625 0.257s
2015-12-08 12:30:08,738 20768 DEBUG    [tempest_lib.common.rest_client] Request - Headers: {'Content-Type': 'application/json', 'Accept': 'application/json', 'X-Auth-Token': '&lt;omitted&gt;'}
        Body: None
    Response - Headers: {'date': 'Tue, 08 Dec 2015 12:30:08 GMT', 'status': '204', 'connection': 'close', 'content-length': '0', 'x-openstack-request-id': 'req-fafd981f-edec-4bfc-99bd-ffd536540913'}
        Body: 
2015-12-08 12:30:08,978 20768 INFO     [tempest_lib.common.rest_client] Request (TestNetworkAdvancedServerOps:_run_cleanups): 204 DELETE http://10.0.2.15:9696/v2.0/networks/1fefcd46-b6c5-4887-b813-fa9483e6c117 0.238s
2015-12-08 12:30:08,978 20768 DEBUG    [tempest_lib.common.rest_client] Request - Headers: {'Content-Type': 'application/json', 'Accept': 'application/json', 'X-Auth-Token': '&lt;omitted&gt;'}
        Body: None
    Response - Headers: {'date': 'Tue, 08 Dec 2015 12:30:08 GMT', 'status': '204', 'connection': 'close', 'content-length': '0', 'x-openstack-request-id': 'req-e3bc34c3-b7ea-4765-87e7-2f2112742f83'}
        Body: 
2015-12-08 12:30:09,049 20768 INFO     [tempest_lib.common.rest_client] Request (TestNetworkAdvancedServerOps:_run_cleanups): 204 DELETE http://10.0.2.15:9696/v2.0/security-group-rules/f12405e1-1241-4c7a-8c60-085875b95219 0.069s
2015-12-08 12:30:09,049 20768 DEBUG    [tempest_lib.common.rest_client] Request - Headers: {'Content-Type': 'application/json', 'Accept': 'application/json', 'X-Auth-Token': '&lt;omitted&gt;'}
        Body: None
    Response - Headers: {'date': 'Tue, 08 Dec 2015 12:30:09 GMT', 'status': '204', 'connection': 'close', 'content-length': '0', 'x-openstack-request-id': 'req-9b19152b-ff83-4531-a9e6-3e983d00d412'}
        Body: 
2015-12-08 12:30:09,119 20768 INFO     [tempest_lib.common.rest_client] Request (TestNetworkAdvancedServerOps:_run_cleanups): 204 DELETE http://10.0.2.15:9696/v2.0/security-group-rules/fe22a4da-ba06-46e2-abc2-182eef89dd0f 0.069s
2015-12-08 12:30:09,120 20768 DEBUG    [tempest_lib.common.rest_client] Request - Headers: {'Content-Type': 'application/json', 'Accept': 'application/json', 'X-Auth-Token': '&lt;omitted&gt;'}
        Body: None
    Response - Headers: {'date': 'Tue, 08 Dec 2015 12:30:09 GMT', 'status': '204', 'connection': 'close', 'content-length': '0', 'x-openstack-request-id': 'req-5b6465ac-5325-43f5-bea4-5a94f155122c'}
        Body: 
2015-12-08 12:30:09,183 20768 INFO     [tempest_lib.common.rest_client] Request (TestNetworkAdvancedServerOps:_run_cleanups): 204 DELETE http://10.0.2.15:9696/v2.0/security-group-rules/19fdc797-ea6d-4586-bf46-6908c04ca031 0.062s
2015-12-08 12:30:09,184 20768 DEBUG    [tempest_lib.common.rest_client] Request - Headers: {'Content-Type': 'application/json', 'Accept': 'application/json', 'X-Auth-Token': '&lt;omitted&gt;'}
        Body: None
    Response - Headers: {'date': 'Tue, 08 Dec 2015 12:30:09 GMT', 'status': '204', 'connection': 'close', 'content-length': '0', 'x-openstack-request-id': 'req-5c275222-7172-40c8-971c-f93cec86657a'}
        Body: 
2015-12-08 12:30:09,251 20768 INFO     [tempest_lib.common.rest_client] Request (TestNetworkAdvancedServerOps:_run_cleanups): 204 DELETE http://10.0.2.15:9696/v2.0/security-group-rules/bcb7f832-866f-48e5-b78e-c5a171b6f592 0.066s
2015-12-08 12:30:09,252 20768 DEBUG    [tempest_lib.common.rest_client] Request - Headers: {'Content-Type': 'application/json', 'Accept': 'application/json', 'X-Auth-Token': '&lt;omitted&gt;'}
        Body: None
    Response - Headers: {'date': 'Tue, 08 Dec 2015 12:30:09 GMT', 'status': '204', 'connection': 'close', 'content-length': '0', 'x-openstack-request-id': 'req-3ffc5b8d-44d4-4db9-97b3-ca370b1c3916'}
        Body: 
2015-12-08 12:30:09,317 20768 INFO     [tempest_lib.common.rest_client] Request (TestNetworkAdvancedServerOps:_run_cleanups): 204 DELETE http://10.0.2.15:9696/v2.0/security-group-rules/8510bd6a-eae4-49ea-b4d8-cbb40ef236c2 0.064s
2015-12-08 12:30:09,317 20768 DEBUG    [tempest_lib.common.rest_client] Request - Headers: {'Content-Type': 'application/json', 'Accept': 'application/json', 'X-Auth-Token': '&lt;omitted&gt;'}
        Body: None
    Response - Headers: {'date': 'Tue, 08 Dec 2015 12:30:09 GMT', 'status': '204', 'connection': 'close', 'content-length': '0', 'x-openstack-request-id': 'req-9acc23bd-56ec-4a03-97e7-3e29d6b04920'}
        Body: 
2015-12-08 12:30:09,374 20768 INFO     [tempest_lib.common.rest_client] Request (TestNetworkAdvancedServerOps:_run_cleanups): 204 DELETE http://10.0.2.15:9696/v2.0/security-group-rules/9ca8418a-4f00-4356-accb-8bae0fd789dd 0.055s
2015-12-08 12:30:09,374 20768 DEBUG    [tempest_lib.common.rest_client] Request - Headers: {'Content-Type': 'application/json', 'Accept': 'application/json', 'X-Auth-Token': '&lt;omitted&gt;'}
        Body: None
    Response - Headers: {'date': 'Tue, 08 Dec 2015 12:30:09 GMT', 'status': '204', 'connection': 'close', 'content-length': '0', 'x-openstack-request-id': 'req-b42b6287-2ae8-4a9b-8bb6-cbecaf4f1817'}
        Body: 
2015-12-08 12:30:09,466 20768 INFO     [tempest_lib.common.rest_client] Request (TestNetworkAdvancedServerOps:_run_cleanups): 204 DELETE http://10.0.2.15:9696/v2.0/security-groups/096d5633-0382-4fe0-9f25-b7799c79c984 0.091s
2015-12-08 12:30:09,467 20768 DEBUG    [tempest_lib.common.rest_client] Request - Headers: {'Content-Type': 'application/json', 'Accept': 'application/json', 'X-Auth-Token': '&lt;omitted&gt;'}
        Body: None
    Response - Headers: {'date': 'Tue, 08 Dec 2015 12:30:09 GMT', 'status': '204', 'connection': 'close', 'content-length': '0', 'x-openstack-request-id': 'req-6479ce0a-96eb-4ac3-97ca-b16ad0693c30'}
        Body: 
2015-12-08 12:30:09,489 20768 INFO     [tempest_lib.common.rest_client] Request (TestNetworkAdvancedServerOps:_run_cleanups): 202 DELETE http://10.0.2.15:8774/v2.1/db7ce4ea273e4cb38e8a3103313cba4a/os-keypairs/tempest-TestNetworkAdvancedServerOps-1081373916 0.020s
2015-12-08 12:30:09,490 20768 DEBUG    [tempest_lib.common.rest_client] Request - Headers: {'Content-Type': 'application/json', 'Accept': 'application/json', 'X-Auth-Token': '&lt;omitted&gt;'}
        Body: None
    Response - Headers: {'status': '202', 'content-length': '0', 'x-compute-request-id': 'req-3b357bf3-dd0d-49e6-8fe8-8722258d1d42', 'vary': 'X-OpenStack-Nova-API-Version', 'connection': 'close', 'x-openstack-nova-api-version': '2.1', 'date': 'Tue, 08 Dec 2015 12:30:09 GMT', 'content-type': 'application/json'}
        Body: 
2015-12-08 12:30:09,573 20768 INFO     [tempest_lib.common.rest_client] Request (TestNetworkAdvancedServerOps:_run_cleanups): 404 GET http://10.0.2.15:8774/v2.1/db7ce4ea273e4cb38e8a3103313cba4a/servers/8c5e8eab-de60-4f45-832e-eb1b7adb6e02 0.082s
2015-12-08 12:30:09,574 20768 DEBUG    [tempest_lib.common.rest_client] Request - Headers: {'Content-Type': 'application/json', 'Accept': 'application/json', 'X-Auth-Token': '&lt;omitted&gt;'}
        Body: None
    Response - Headers: {'status': '404', 'content-length': '111', 'x-compute-request-id': 'req-fc113248-c443-45ce-9944-4cb551412daa', 'vary': 'X-OpenStack-Nova-API-Version', 'connection': 'close', 'x-openstack-nova-api-version': '2.1', 'date': 'Tue, 08 Dec 2015 12:30:09 GMT', 'content-type': 'application/json; charset=UTF-8'}
        Body: {"itemNotFound": {"message": "Instance 8c5e8eab-de60-4f45-832e-eb1b7adb6e02 could not be found.", "code": 404}}
}}}

Traceback (most recent call last):
  File "tempest/test.py", line 113, in wrapper
    return f(self, *func_args, **func_kwargs)
  File "tempest/scenario/test_network_advanced_server_ops.py", line 134, in test_server_connectivity_pause_unpause
    server, keypair, floating_ip = self._setup_network_and_servers()
  File "tempest/scenario/test_network_advanced_server_ops.py", line 71, in _setup_network_and_servers
    server, keypair, floating_ip)
  File "tempest/scenario/test_network_advanced_server_ops.py", line 95, in _wait_server_status_and_check_network_connectivity
    self._check_network_connectivity(server, keypair, floating_ip)
  File "tempest/scenario/test_network_advanced_server_ops.py", line 88, in _check_network_connectivity
    servers=[server])
  File "tempest/scenario/manager.py", line 606, in check_public_network_connectivity
    should_connect=should_connect)
  File "tempest/scenario/manager.py", line 590, in check_vm_connectivity
    msg=msg)
  File "/usr/local/lib/python2.7/dist-packages/unittest2/case.py", line 702, in assertTrue
    raise self.failureException(msg)
AssertionError: False is not true : Timed out waiting for 172.24.4.4 to become reachable



        </pre>
    </div>
    <!--css div popup end-->

    </td>
</tr>

<tr id='ft1.2' class='none'>
    <td class='failCase'><div class='testcase'>test_server_connectivity_reboot[compute,id-7b6860c2-afa3-4846-9522-adeb38dfbe08,network]</div></td>
    <td colspan='7' align='left'>

    <!--css div popup start-->
    <a class="popup_link" onfocus='this.blur();'
    href="javascript:showTestDetail('div_ft1.2')" >
        fail</a>

    <div id='div_ft1.2' class="popup_window">
        <div style='text-align: right; color:red;cursor:pointer'>
        <a onfocus='this.blur();'
onclick="document.getElementById('div_ft1.2').style.display = 'none' " >
           [x]</a>
        </div>
        <pre>
        
ft1.2: tempest.scenario.test_network_advanced_server_ops.TestNetworkAdvancedServerOps.test_server_connectivity_reboot[compute,id-7b6860c2-afa3-4846-9522-adeb38dfbe08,network]_StringException: Empty attachments:
  stderr
  stdout

pythonlogging:'': {{{
