<?xml version="1.0" encoding="UTF-8"?>
<!DOCTYPE html PUBLIC "-//W3C//DTD XHTML 1.0 Strict//EN"
     "http://www.w3.org/TR/xhtml1/DTD/xhtml1-strict.dtd">
<html xmlns="http://www.w3.org/1999/xhtml">
<head>
    <title>Unit Test Report</title>
    <meta name="generator" content="subunit2html 0.1"/>
    <meta http-equiv="Content-Type" content="text/html; charset=UTF-8"/>
    
<style type="text/css" media="screen">
body        { font-family: verdana, arial, helvetica, sans-serif;
    font-size: 80%; }
table       { font-size: 100%; width: 100%;}
pre         { font-size: 80%; }

/* -- heading -------------------------------------------------------------- */
h1 {
        font-size: 16pt;
        color: gray;
}
.heading {
    margin-top: 0ex;
    margin-bottom: 1ex;
}

.heading .attribute {
    margin-top: 1ex;
    margin-bottom: 0;
}

.heading .description {
    margin-top: 4ex;
    margin-bottom: 6ex;
}

/* -- css div popup -------------------------------------------------------- */
a.popup_link {
}

a.popup_link:hover {
    color: red;
}

.popup_window {
    display: none;
    overflow-x: scroll;
    /*border: solid #627173 1px; */
    padding: 10px;
    background-color: #E6E6D6;
    font-family: "Ubuntu Mono", "Lucida Console", "Courier New", monospace;
    text-align: left;
    font-size: 8pt;
}

}
/* -- report --------------------------------------------------------------- */
#show_detail_line {
    margin-top: 3ex;
    margin-bottom: 1ex;
}
#result_table {
    width: 100%;
    border-collapse: collapse;
    border: 1px solid #777;
}
#header_row {
    font-weight: bold;
    color: white;
    background-color: #777;
}
#result_table td {
    border: 1px solid #777;
    padding: 2px;
}
#total_row  { font-weight: bold; }
.passClass  { background-color: #6c6; }
.failClass  { background-color: #c60; }
.errorClass { background-color: #c00; }
.passCase   { color: #6c6; }
.failCase   { color: #c60; font-weight: bold; }
.errorCase  { color: #c00; font-weight: bold; }
.hiddenRow  { display: none; }
.testcase   { margin-left: 2em; }
td.testname {width: 40%}
td.small {width: 40px}

/* -- ending --------------------------------------------------------------- */
#ending {
}

</style>

</head>
<body>
<script language="javascript" type="text/javascript"><!--
output_list = Array();

/* level - 0:Summary; 1:Failed; 2:All */
function showCase(level) {
    trs = document.getElementsByTagName("tr");
    for (var i = 0; i < trs.length; i++) {
        tr = trs[i];
        id = tr.id;
        if (id.substr(0,2) == 'ft') {
            if (level < 1) {
                tr.className = 'hiddenRow';
            }
            else {
                tr.className = '';
            }
        }
        if (id.substr(0,2) == 'pt') {
            if (level > 1) {
                tr.className = '';
            }
            else {
                tr.className = 'hiddenRow';
            }
        }
    }
}


function showClassDetail(cid, count) {
    var id_list = Array(count);
    var toHide = 1;
    for (var i = 0; i < count; i++) {
        tid0 = 't' + cid.substr(1) + '.' + (i+1);
        tid = 'f' + tid0;
        tr = document.getElementById(tid);
        if (!tr) {
            tid = 'p' + tid0;
            tr = document.getElementById(tid);
        }
        id_list[i] = tid;
        if (tr.className) {
            toHide = 0;
        }
    }
    for (var i = 0; i < count; i++) {
        tid = id_list[i];
        if (toHide) {
            document.getElementById('div_'+tid).style.display = 'none'
            document.getElementById(tid).className = 'hiddenRow';
        }
        else {
            document.getElementById(tid).className = '';
        }
    }
}


function showTestDetail(div_id){
    var details_div = document.getElementById(div_id)
    var displayState = details_div.style.display
    // alert(displayState)
    if (displayState != 'block' ) {
        displayState = 'block'
        details_div.style.display = 'block'
    }
    else {
        details_div.style.display = 'none'
    }
}


function html_escape(s) {
    s = s.replace(/&/g,'&amp;');
    s = s.replace(/</g,'&lt;');
    s = s.replace(/>/g,'&gt;');
    return s;
}

/* obsoleted by detail in <div>
function showOutput(id, name) {
    var w = window.open("", //url
                    name,
                    "resizable,scrollbars,status,width=800,height=450");
    d = w.document;
    d.write("<pre>");
    d.write(html_escape(output_list[id]));
    d.write("\n");
    d.write("<a href='javascript:window.close()'>close</a>\n");
    d.write("</pre>\n");
    d.close();
}
*/
--></script>

<div class='heading'>
<h1>Unit Test Report</h1>

<p class='attribute'><strong>Status:</strong> Failure 6</p>

<p class='description'></p>
</div>



<p id='show_detail_line'>Show
<a href='javascript:showCase(0)'>Summary</a>
<a href='javascript:showCase(1)'>Failed</a>
<a href='javascript:showCase(2)'>All</a>
</p>
<table id='result_table'>
<colgroup>
<col align='left' />
<col align='right' />
<col align='right' />
<col align='right' />
<col align='right' />
<col align='right' />
<col align='right' />
<col align='right' />
</colgroup>
<tr id='header_row'>
    <td>Test Group/Test case</td>
    <td>Count</td>
    <td>Pass</td>
    <td>Fail</td>
    <td>Error</td>
    <td>Skip</td>
    <td>View</td>
    <td> </td>
</tr>

<tr class='failClass'>
    <td class="testname">tempest.scenario.test_network_advanced_server_ops.TestNetworkAdvancedServerOps</td>
    <td class="small">6</td>
    <td class="small">0</td>
    <td class="small">6</td>
    <td class="small">0</td>
    <td class="small">0</td>
    <td class="small"><a href="javascript:showClassDetail('c1',6)"
>Detail</a></td>
    <td> </td>
</tr>

<tr id='ft1.1' class='none'>
    <td class='failCase'><div class='testcase'>test_server_connectivity_pause_unpause[compute,id-2b2642db-6568-4b35-b812-eceed3fa20ce,network]</div></td>
    <td colspan='7' align='left'>

    <!--css div popup start-->
    <a class="popup_link" onfocus='this.blur();'
    href="javascript:showTestDetail('div_ft1.1')" >
        fail</a>

    <div id='div_ft1.1' class="popup_window">
        <div style='text-align: right; color:red;cursor:pointer'>
        <a onfocus='this.blur();'
onclick="document.getElementById('div_ft1.1').style.display = 'none' " >
           [x]</a>
        </div>
        <pre>
        
ft1.1: tempest.scenario.test_network_advanced_server_ops.TestNetworkAdvancedServerOps.test_server_connectivity_pause_unpause[compute,id-2b2642db-6568-4b35-b812-eceed3fa20ce,network]_StringException: Empty attachments:
  stderr
  stdout

pythonlogging:'': {{{
2016-01-05 12:19:15,797 24225 INFO     [tempest_lib.common.rest_client] Request (TestNetworkAdvancedServerOps:test_server_connectivity_pause_unpause): 200 POST http://10.0.2.15:8774/v2.1/03781b70413f4a6ab9e68840c582d787/os-keypairs 0.729s
2016-01-05 12:19:15,797 24225 DEBUG    [tempest_lib.common.rest_client] Request - Headers: {'Content-Type': 'application/json', 'Accept': 'application/json', 'X-Auth-Token': '&lt;omitted&gt;'}
        Body: {"keypair": {"name": "tempest-TestNetworkAdvancedServerOps-1055920953"}}
    Response - Headers: {'status': '200', 'content-length': '2330', 'x-compute-request-id': 'req-fa0c4da9-edac-4099-b426-be37d5e5c97f', 'vary': 'X-OpenStack-Nova-API-Version', 'connection': 'close', 'x-openstack-nova-api-version': '2.1', 'date': 'Tue, 05 Jan 2016 12:19:15 GMT', 'content-type': 'application/json'}
        Body: {"keypair": {"public_key": "ssh-rsa AAAAB3NzaC1yc2EAAAADAQABAAABAQDRnKZibBewPRI3xHwLPOCTrnXg27xU3piWgtjo92Kr9N2b1suxDsV3r03Mb9i07/MRmA9uebxu2GN0V31HtIGrvxFavqlN3T7prvrJqf25v9+KOac2uLadSU5j0+UvejE2LfNEg5FUp1BNxsy4809lA3qMqLYszQ6rcRLKrPHzxXBOtyESwANdPtV2WfqO6AyO7MWY+jcBlHM/32Mh3pnO0oL+Zpqr6Mpi1ltQ/7ICwqzyJA2uvDEx3INnQohDbAq8cpV4WV7Syt7QuMbdR3Jar9gCpqb00QG4vagIcRa9twdt4eQSqPO4f/4JdomL0N9wrShRkBDVpX1caOMiEUNj Generated-by-Nova", "private_key": "-----BEGIN RSA PRIVATE KEY-----\nMIIEqQIBAAKCAQEA0ZymYmwXsD0SN8R8Czzgk6514Nu8VN6YloLY6Pdiq/Tdm9bL\nsQ7Fd69NzG/YtO/zEZgPbnm8bthjdFd9R7SBq78RWr6pTd0+6a76yan9ub/fijmn\nNri2nUlOY9PlL3oxNi3zRIORVKdQTcbMuPNPZQN6jKi2LM0Oq3ESyqzx88VwTrch\nEsADXT7Vdln6jugMjuzFmPo3AZRzP99jId6ZztKC/maaq+jKYtZbUP+yAsKs8iQN\nrrwxMdyDZ0KIQ2wKvHKVeFle0sre0LjG3UdyWq/YAqam9NEBuL2oCHEWvbcHbeHk\nEqjzuH/+CXaJi9DfcK0oUZAQ1aV9XGjjIhFDYwIDAQABAoIBAAVDt/IU4OtuPTzl\nVHA70TAkW5WQL0S6an6tPqFrRTEob0BwvqDtzAvbfUq7LGgu9p3kgc62hAMMsELF\nx8G7SN51aAwtabco7WGVIXtbJ6I4rXadSBPZw8xjgPKE6eatXPsNYGTCIS5NHXk2\nmwGyKrZQxg0uV5T8eXfY2S359gG3UhcyI8QMIzhyNQW1JIUFEVCxoJ0JmxbExuWZ\ndn/9rmh1TA7sznsyxfysYRWccodJErKyrgbWlKxJ8bdIp71iSbwOeln5imE4CJUP\nY4vOe3uXdyQ3p4lJXaUavtLTPZPpx/0HXR2MouCB7N8YfgBjfeKqdlXJPYbiEaqA\nj0CDfDECggCBANiUNnwkGyJKQ7GXF6DGP++l1TB0nFCACUcw/N3ntG2EdOPoywO2\nhQfggR7dNXf5pHUitdByhv+ImPYGl2p0uI8y+uHQN9qIJm3BFG9j3pC0KEae3l2B\nsiT+cV1RC+GyLYP+YVX3tYNTAYTz5FzKlQDNY9gh04egoiK/JQHLmv9NAoIAgQD3\nw8xkg6fK5fd9eEYMTioVK9KiuaPeXDzWdXpNAsS00qeSm4nzpx6FUSEEJwga+LGp\nYblm/ebiNNUgUQ7Oe1Vejhmy9thc+vKMQ5fOHLXStVAV8w5QJYbr5XloBcWSfmq7\n7AaZKUxVx1otBwzfKiOQibnCneqt5IMc76kDE3hVbwKCAIA8HmhBbYRasGK6GUbl\nyiJVU6MqIDSD5AavTFnk/zyGag5IdYZlMXUcCqXM+3qsIxATs97kTeZLaI+NO6cs\nVdolZfFeXX4jm0ePj9ksUnyljlzfvZncOvRIcJjnXmf97ofT6/j49BneqlvxnAH4\nAAP8hQcCJ+Gf9GcNXiHXrb0IwQKCAIEA5MdsXUfgUQ8mBzpe3A/09dWgStfGA5YC\nKzkQ9DlhL2LwjwSGTnD7UrkGFpJ//n+zdScijoJWhnuobI3McUcbHhNykXkzci/a\ndUAY1Z5XGjiHuazUg5cTTZF4GGBz/gAzSFD6CsVCklZg4wEGlq6PZnB2EcnFoEpH\n8xktZAS/cYsCggCBAIpBN02DYsPmP2B8VxkzuicZkPROHcxr1Ka/ODKj/pAY3a7l\nmflkUWD5fe1Eg+Zr56ktotgETJ+Ybd1jhK5x6NExjSVzaHTHxo2ahjMg94CROtq9\ntANd0H0GFDJDZuJAu7M2faOUnJrQLWLG6iKF+tBPRS//yaOkjbAtcB3wGVvk\n-----END RSA PRIVATE KEY-----\n", "user_id": "d69643509228408ab979240f53098e7d", "name": "tempest-TestNetworkAdvancedServerOps-1055920953", "fingerprint": "c7:75:c9:72:64:64:ac:78:c0:fe:4f:30:88:a4:8f:28"}}
2016-01-05 12:19:16,155 24225 INFO     [tempest_lib.common.rest_client] Request (TestNetworkAdvancedServerOps:test_server_connectivity_pause_unpause): 201 POST http://10.0.2.15:9696/v2.0/security-groups 0.355s
2016-01-05 12:19:16,156 24225 DEBUG    [tempest_lib.common.rest_client] Request - Headers: {'Content-Type': 'application/json', 'Accept': 'application/json', 'X-Auth-Token': '&lt;omitted&gt;'}
        Body: {"security_group": {"tenant_id": "03781b70413f4a6ab9e68840c582d787", "description": "tempest-secgroup-smoke-368913772 description", "name": "tempest-secgroup-smoke-368913772"}}
    Response - Headers: {'status': '201', 'content-length': '886', 'connection': 'close', 'date': 'Tue, 05 Jan 2016 12:19:16 GMT', 'content-type': 'application/json; charset=UTF-8', 'x-openstack-request-id': 'req-65081770-b375-4220-a8b8-86390daebedf'}
        Body: {"security_group": {"tenant_id": "03781b70413f4a6ab9e68840c582d787", "description": "tempest-secgroup-smoke-368913772 description", "id": "72c6fe9d-e9a6-481b-84a3-5f10343bb56d", "security_group_rules": [{"remote_group_id": null, "direction": "egress", "remote_ip_prefix": null, "protocol": null, "ethertype": "IPv4", "tenant_id": "03781b70413f4a6ab9e68840c582d787", "port_range_max": null, "port_range_min": null, "id": "4910e3dc-13ac-4542-b91e-497621c6ea4f", "security_group_id": "72c6fe9d-e9a6-481b-84a3-5f10343bb56d"}, {"remote_group_id": null, "direction": "egress", "remote_ip_prefix": null, "protocol": null, "ethertype": "IPv6", "tenant_id": "03781b70413f4a6ab9e68840c582d787", "port_range_max": null, "port_range_min": null, "id": "fdf70c86-6704-4db3-84ae-0eb20086a20c", "security_group_id": "72c6fe9d-e9a6-481b-84a3-5f10343bb56d"}], "name": "tempest-secgroup-smoke-368913772"}}
2016-01-05 12:19:16,272 24225 INFO     [tempest_lib.common.rest_client] Request (TestNetworkAdvancedServerOps:test_server_connectivity_pause_unpause): 201 POST http://10.0.2.15:9696/v2.0/security-group-rules 0.114s
2016-01-05 12:19:16,272 24225 DEBUG    [tempest_lib.common.rest_client] Request - Headers: {'Content-Type': 'application/json', 'Accept': 'application/json', 'X-Auth-Token': '&lt;omitted&gt;'}
        Body: {"security_group_rule": {"direction": "ingress", "protocol": "tcp", "tenant_id": "03781b70413f4a6ab9e68840c582d787", "port_range_max": 22, "security_group_id": "72c6fe9d-e9a6-481b-84a3-5f10343bb56d", "port_range_min": 22}}
    Response - Headers: {'status': '201', 'content-length': '340', 'connection': 'close', 'date': 'Tue, 05 Jan 2016 12:19:16 GMT', 'content-type': 'application/json; charset=UTF-8', 'x-openstack-request-id': 'req-0e5250ec-5977-47c4-80cc-80424a14591a'}
        Body: {"security_group_rule": {"remote_group_id": null, "direction": "ingress", "remote_ip_prefix": null, "protocol": "tcp", "ethertype": "IPv4", "tenant_id": "03781b70413f4a6ab9e68840c582d787", "port_range_max": 22, "port_range_min": 22, "id": "35d8ff1b-4731-48e7-ab84-4c69c6b98370", "security_group_id": "72c6fe9d-e9a6-481b-84a3-5f10343bb56d"}}
2016-01-05 12:19:16,387 24225 INFO     [tempest_lib.common.rest_client] Request (TestNetworkAdvancedServerOps:test_server_connectivity_pause_unpause): 201 POST http://10.0.2.15:9696/v2.0/security-group-rules 0.113s
2016-01-05 12:19:16,387 24225 DEBUG    [tempest_lib.common.rest_client] Request - Headers: {'Content-Type': 'application/json', 'Accept': 'application/json', 'X-Auth-Token': '&lt;omitted&gt;'}
        Body: {"security_group_rule": {"direction": "egress", "protocol": "tcp", "tenant_id": "03781b70413f4a6ab9e68840c582d787", "port_range_max": 22, "security_group_id": "72c6fe9d-e9a6-481b-84a3-5f10343bb56d", "port_range_min": 22}}
    Response - Headers: {'status': '201', 'content-length': '339', 'connection': 'close', 'date': 'Tue, 05 Jan 2016 12:19:16 GMT', 'content-type': 'application/json; charset=UTF-8', 'x-openstack-request-id': 'req-15cce6c4-5ead-46bd-a836-9186ff12b23f'}
        Body: {"security_group_rule": {"remote_group_id": null, "direction": "egress", "remote_ip_prefix": null, "protocol": "tcp", "ethertype": "IPv4", "tenant_id": "03781b70413f4a6ab9e68840c582d787", "port_range_max": 22, "port_range_min": 22, "id": "d9a493b3-5e22-45e5-9124-b4b20156da79", "security_group_id": "72c6fe9d-e9a6-481b-84a3-5f10343bb56d"}}
2016-01-05 12:19:16,509 24225 INFO     [tempest_lib.common.rest_client] Request (TestNetworkAdvancedServerOps:test_server_connectivity_pause_unpause): 201 POST http://10.0.2.15:9696/v2.0/security-group-rules 0.119s
2016-01-05 12:19:16,510 24225 DEBUG    [tempest_lib.common.rest_client] Request - Headers: {'Content-Type': 'application/json', 'Accept': 'application/json', 'X-Auth-Token': '&lt;omitted&gt;'}
        Body: {"security_group_rule": {"tenant_id": "03781b70413f4a6ab9e68840c582d787", "direction": "ingress", "protocol": "icmp", "security_group_id": "72c6fe9d-e9a6-481b-84a3-5f10343bb56d"}}
    Response - Headers: {'status': '201', 'content-length': '345', 'connection': 'close', 'date': 'Tue, 05 Jan 2016 12:19:16 GMT', 'content-type': 'application/json; charset=UTF-8', 'x-openstack-request-id': 'req-79afc10c-b61b-46af-8c17-48ddbfcda9e7'}
        Body: {"security_group_rule": {"remote_group_id": null, "direction": "ingress", "remote_ip_prefix": null, "protocol": "icmp", "ethertype": "IPv4", "tenant_id": "03781b70413f4a6ab9e68840c582d787", "port_range_max": null, "port_range_min": null, "id": "0e9cbad3-ece6-4e8f-be2c-d2313d0111b5", "security_group_id": "72c6fe9d-e9a6-481b-84a3-5f10343bb56d"}}
2016-01-05 12:19:16,637 24225 INFO     [tempest_lib.common.rest_client] Request (TestNetworkAdvancedServerOps:test_server_connectivity_pause_unpause): 201 POST http://10.0.2.15:9696/v2.0/security-group-rules 0.125s
2016-01-05 12:19:16,638 24225 DEBUG    [tempest_lib.common.rest_client] Request - Headers: {'Content-Type': 'application/json', 'Accept': 'application/json', 'X-Auth-Token': '&lt;omitted&gt;'}
        Body: {"security_group_rule": {"tenant_id": "03781b70413f4a6ab9e68840c582d787", "direction": "egress", "protocol": "icmp", "security_group_id": "72c6fe9d-e9a6-481b-84a3-5f10343bb56d"}}
    Response - Headers: {'status': '201', 'content-length': '344', 'connection': 'close', 'date': 'Tue, 05 Jan 2016 12:19:16 GMT', 'content-type': 'application/json; charset=UTF-8', 'x-openstack-request-id': 'req-4c988af3-b5f1-4194-8f08-3a5222df9ea3'}
        Body: {"security_group_rule": {"remote_group_id": null, "direction": "egress", "remote_ip_prefix": null, "protocol": "icmp", "ethertype": "IPv4", "tenant_id": "03781b70413f4a6ab9e68840c582d787", "port_range_max": null, "port_range_min": null, "id": "051aa7bb-4165-4929-83af-c13eb1b054a9", "security_group_id": "72c6fe9d-e9a6-481b-84a3-5f10343bb56d"}}
2016-01-05 12:19:16,757 24225 INFO     [tempest_lib.common.rest_client] Request (TestNetworkAdvancedServerOps:test_server_connectivity_pause_unpause): 201 POST http://10.0.2.15:9696/v2.0/security-group-rules 0.118s
2016-01-05 12:19:16,758 24225 DEBUG    [tempest_lib.common.rest_client] Request - Headers: {'Content-Type': 'application/json', 'Accept': 'application/json', 'X-Auth-Token': '&lt;omitted&gt;'}
        Body: {"security_group_rule": {"tenant_id": "03781b70413f4a6ab9e68840c582d787", "direction": "ingress", "security_group_id": "72c6fe9d-e9a6-481b-84a3-5f10343bb56d", "protocol": "icmp", "ethertype": "IPv6"}}
    Response - Headers: {'status': '201', 'content-length': '345', 'connection': 'close', 'date': 'Tue, 05 Jan 2016 12:19:16 GMT', 'content-type': 'application/json; charset=UTF-8', 'x-openstack-request-id': 'req-435b792f-8d85-4f80-84e2-a5eab395ef6b'}
        Body: {"security_group_rule": {"remote_group_id": null, "direction": "ingress", "remote_ip_prefix": null, "protocol": "icmp", "ethertype": "IPv6", "tenant_id": "03781b70413f4a6ab9e68840c582d787", "port_range_max": null, "port_range_min": null, "id": "b31ef398-cd9c-4a6a-a451-7b1ca6a053a1", "security_group_id": "72c6fe9d-e9a6-481b-84a3-5f10343bb56d"}}
2016-01-05 12:19:16,881 24225 INFO     [tempest_lib.common.rest_client] Request (TestNetworkAdvancedServerOps:test_server_connectivity_pause_unpause): 201 POST http://10.0.2.15:9696/v2.0/security-group-rules 0.123s
2016-01-05 12:19:16,882 24225 DEBUG    [tempest_lib.common.rest_client] Request - Headers: {'Content-Type': 'application/json', 'Accept': 'application/json', 'X-Auth-Token': '&lt;omitted&gt;'}
        Body: {"security_group_rule": {"tenant_id": "03781b70413f4a6ab9e68840c582d787", "direction": "egress", "security_group_id": "72c6fe9d-e9a6-481b-84a3-5f10343bb56d", "protocol": "icmp", "ethertype": "IPv6"}}
    Response - Headers: {'status': '201', 'content-length': '344', 'connection': 'close', 'date': 'Tue, 05 Jan 2016 12:19:16 GMT', 'content-type': 'application/json; charset=UTF-8', 'x-openstack-request-id': 'req-7fc71cfd-f88f-496f-a8c0-54889394f399'}
        Body: {"security_group_rule": {"remote_group_id": null, "direction": "egress", "remote_ip_prefix": null, "protocol": "icmp", "ethertype": "IPv6", "tenant_id": "03781b70413f4a6ab9e68840c582d787", "port_range_max": null, "port_range_min": null, "id": "a50c9c59-8940-40e9-b201-90fdf02f1fad", "security_group_id": "72c6fe9d-e9a6-481b-84a3-5f10343bb56d"}}
2016-01-05 12:19:17,076 24225 INFO     [tempest_lib.common.rest_client] Request (TestNetworkAdvancedServerOps:test_server_connectivity_pause_unpause): 201 POST http://10.0.2.15:9696/v2.0/networks 0.192s
2016-01-05 12:19:17,076 24225 DEBUG    [tempest_lib.common.rest_client] Request - Headers: {'Content-Type': 'application/json', 'Accept': 'application/json', 'X-Auth-Token': '&lt;omitted&gt;'}
        Body: {"network": {"tenant_id": "03781b70413f4a6ab9e68840c582d787", "name": "tempest-network-smoke--568935930"}}
    Response - Headers: {'status': '201', 'content-length': '326', 'connection': 'close', 'date': 'Tue, 05 Jan 2016 12:19:17 GMT', 'content-type': 'application/json; charset=UTF-8', 'x-openstack-request-id': 'req-c05ffb19-4d96-40ab-bfd7-a36c7fd7c5f2'}
        Body: {"network": {"status": "ACTIVE", "subnets": [], "availability_zone_hints": [], "name": "tempest-network-smoke--568935930", "admin_state_up": true, "tenant_id": "03781b70413f4a6ab9e68840c582d787", "mtu": 0, "router:external": false, "shared": false, "port_security_enabled": true, "id": "36747f61-f181-4692-ab18-54ee972f1fa0"}}
2016-01-05 12:19:17,165 24225 INFO     [tempest_lib.common.rest_client] Request (TestNetworkAdvancedServerOps:test_server_connectivity_pause_unpause): 201 POST http://10.0.2.15:9696/v2.0/routers 0.088s
2016-01-05 12:19:17,166 24225 DEBUG    [tempest_lib.common.rest_client] Request - Headers: {'Content-Type': 'application/json', 'Accept': 'application/json', 'X-Auth-Token': '&lt;omitted&gt;'}
        Body: {"router": {"tenant_id": "03781b70413f4a6ab9e68840c582d787", "name": "tempest-router-smoke-795160896", "admin_state_up": true}}
    Response - Headers: {'status': '201', 'content-length': '295', 'connection': 'close', 'date': 'Tue, 05 Jan 2016 12:19:17 GMT', 'content-type': 'application/json; charset=UTF-8', 'x-openstack-request-id': 'req-cc250213-b2cd-4ebb-ab19-5e9fb5e7ba53'}
        Body: {"router": {"status": "ACTIVE", "external_gateway_info": null, "availability_zone_hints": [], "availability_zones": [], "name": "tempest-router-smoke-795160896", "admin_state_up": true, "tenant_id": "03781b70413f4a6ab9e68840c582d787", "routes": [], "id": "edd5220a-a25a-4a4c-bdea-527415d5eb7f"}}
2016-01-05 12:19:17,227 24225 INFO     [tempest_lib.common.rest_client] Request (TestNetworkAdvancedServerOps:test_server_connectivity_pause_unpause): 200 GET http://10.0.2.15:9696/v2.0/routers/edd5220a-a25a-4a4c-bdea-527415d5eb7f 0.060s
2016-01-05 12:19:17,228 24225 DEBUG    [tempest_lib.common.rest_client] Request - Headers: {'Content-Type': 'application/json', 'Accept': 'application/json', 'X-Auth-Token': '&lt;omitted&gt;'}
        Body: None
    Response - Headers: {'status': '200', 'content-length': '295', 'content-location': 'http://10.0.2.15:9696/v2.0/routers/edd5220a-a25a-4a4c-bdea-527415d5eb7f', 'connection': 'close', 'date': 'Tue, 05 Jan 2016 12:19:17 GMT', 'content-type': 'application/json; charset=UTF-8', 'x-openstack-request-id': 'req-b75c5eec-b4a3-4236-9ace-579d4d924d3a'}
        Body: {"router": {"status": "ACTIVE", "external_gateway_info": null, "availability_zone_hints": [], "availability_zones": [], "name": "tempest-router-smoke-795160896", "admin_state_up": true, "tenant_id": "03781b70413f4a6ab9e68840c582d787", "routes": [], "id": "edd5220a-a25a-4a4c-bdea-527415d5eb7f"}}
2016-01-05 12:19:18,024 24225 INFO     [tempest_lib.common.rest_client] Request (TestNetworkAdvancedServerOps:test_server_connectivity_pause_unpause): 200 PUT http://10.0.2.15:9696/v2.0/routers/edd5220a-a25a-4a4c-bdea-527415d5eb7f 0.795s
2016-01-05 12:19:18,024 24225 DEBUG    [tempest_lib.common.rest_client] Request - Headers: {'Content-Type': 'application/json', 'Accept': 'application/json', 'X-Auth-Token': '&lt;omitted&gt;'}
        Body: {"router": {"external_gateway_info": {"network_id": "836485e9-95ab-498f-812e-9ab8fb2545b9"}, "name": "tempest-router-smoke-795160896", "admin_state_up": true}}
    Response - Headers: {'status': '200', 'content-length': '557', 'connection': 'close', 'date': 'Tue, 05 Jan 2016 12:19:18 GMT', 'content-type': 'application/json; charset=UTF-8', 'x-openstack-request-id': 'req-4e1ec72e-5a23-49a9-8221-d558f27c0f8e'}
        Body: {"router": {"status": "ACTIVE", "external_gateway_info": {"network_id": "836485e9-95ab-498f-812e-9ab8fb2545b9", "enable_snat": true, "external_fixed_ips": [{"subnet_id": "3e4420b2-dcbd-452e-af1d-4ceb0dbfa389", "ip_address": "172.24.4.3"}, {"subnet_id": "00a8b045-dd53-43d3-91b6-177703f94b49", "ip_address": "2001:db8::4"}]}, "availability_zone_hints": [], "availability_zones": [], "name": "tempest-router-smoke-795160896", "admin_state_up": true, "tenant_id": "03781b70413f4a6ab9e68840c582d787", "routes": [], "id": "edd5220a-a25a-4a4c-bdea-527415d5eb7f"}}
2016-01-05 12:19:18,184 24225 INFO     [tempest_lib.common.rest_client] Request (TestNetworkAdvancedServerOps:test_server_connectivity_pause_unpause): 200 GET http://10.0.2.15:9696/v2.0/subnets?tenant_id=03781b70413f4a6ab9e68840c582d787&amp;cidr=10.100.0.0%2F28 0.159s
2016-01-05 12:19:18,185 24225 DEBUG    [tempest_lib.common.rest_client] Request - Headers: {'Content-Type': 'application/json', 'Accept': 'application/json', 'X-Auth-Token': '&lt;omitted&gt;'}
        Body: None
    Response - Headers: {'status': '200', 'content-length': '15', 'content-location': 'http://10.0.2.15:9696/v2.0/subnets?tenant_id=03781b70413f4a6ab9e68840c582d787&amp;cidr=10.100.0.0%2F28', 'connection': 'close', 'date': 'Tue, 05 Jan 2016 12:19:18 GMT', 'content-type': 'application/json; charset=UTF-8', 'x-openstack-request-id': 'req-42bcd88f-6c61-4747-afa6-5a131e884f31'}
        Body: {"subnets": []}
2016-01-05 12:19:18,664 24225 INFO     [tempest_lib.common.rest_client] Request (TestNetworkAdvancedServerOps:test_server_connectivity_pause_unpause): 201 POST http://10.0.2.15:9696/v2.0/subnets 0.478s
2016-01-05 12:19:18,665 24225 DEBUG    [tempest_lib.common.rest_client] Request - Headers: {'Content-Type': 'application/json', 'Accept': 'application/json', 'X-Auth-Token': '&lt;omitted&gt;'}
        Body: {"subnet": {"ip_version": 4, "tenant_id": "03781b70413f4a6ab9e68840c582d787", "cidr": "10.100.0.0/28", "network_id": "36747f61-f181-4692-ab18-54ee972f1fa0", "name": "tempest-subnet-smoke-494892802"}}
    Response - Headers: {'status': '201', 'content-length': '477', 'connection': 'close', 'date': 'Tue, 05 Jan 2016 12:19:18 GMT', 'content-type': 'application/json; charset=UTF-8', 'x-openstack-request-id': 'req-cc5a33d8-9459-4363-86d3-09a3e02f3d1f'}
        Body: {"subnet": {"name": "tempest-subnet-smoke-494892802", "enable_dhcp": true, "network_id": "36747f61-f181-4692-ab18-54ee972f1fa0", "tenant_id": "03781b70413f4a6ab9e68840c582d787", "dns_nameservers": [], "gateway_ip": "10.100.0.1", "ipv6_ra_mode": null, "allocation_pools": [{"start": "10.100.0.2", "end": "10.100.0.14"}], "host_routes": [], "ip_version": 4, "ipv6_address_mode": null, "cidr": "10.100.0.0/28", "id": "dce24aee-2587-425b-854d-6d8010d77ea9", "subnetpool_id": null}}
2016-01-05 12:19:19,449 24225 INFO     [tempest_lib.common.rest_client] Request (TestNetworkAdvancedServerOps:test_server_connectivity_pause_unpause): 200 PUT http://10.0.2.15:9696/v2.0/routers/edd5220a-a25a-4a4c-bdea-527415d5eb7f/add_router_interface 0.783s
2016-01-05 12:19:19,450 24225 DEBUG    [tempest_lib.common.rest_client] Request - Headers: {'Content-Type': 'application/json', 'Accept': 'application/json', 'X-Auth-Token': '&lt;omitted&gt;'}
        Body: {"subnet_id": "dce24aee-2587-425b-854d-6d8010d77ea9"}
    Response - Headers: {'status': '200', 'content-length': '255', 'connection': 'close', 'date': 'Tue, 05 Jan 2016 12:19:19 GMT', 'content-type': 'application/json; charset=UTF-8', 'x-openstack-request-id': 'req-92f1f357-8c8d-47e1-b1ac-88a66c641e3d'}
        Body: {"subnet_id": "dce24aee-2587-425b-854d-6d8010d77ea9", "tenant_id": "03781b70413f4a6ab9e68840c582d787", "subnet_ids": ["dce24aee-2587-425b-854d-6d8010d77ea9"], "port_id": "7cc101d8-b2f7-43eb-b503-2a47390399e9", "id": "edd5220a-a25a-4a4c-bdea-527415d5eb7f"}
2016-01-05 12:19:19,590 24225 INFO     [tempest_lib.common.rest_client] Request (TestNetworkAdvancedServerOps:test_server_connectivity_pause_unpause): 200 POST http://10.0.2.15:5000/v2.0/tokens
2016-01-05 12:19:19,590 24225 DEBUG    [tempest_lib.common.rest_client] Request - Headers: {'Content-Type': 'application/json', 'Accept': 'application/json'}
        Body: &lt;omitted&gt;
    Response - Headers: {'status': '200', 'content-length': '2309', 'vary': 'X-Auth-Token', 'server': 'Apache/2.4.7 (Ubuntu)', 'connection': 'close', 'date': 'Tue, 05 Jan 2016 12:19:19 GMT', 'content-type': 'application/json', 'x-openstack-request-id': 'req-9963ecfd-f8ce-4591-9f30-ff68e534b581'}
        Body: {"access": {"token": {"issued_at": "2016-01-05T12:19:19.578767", "expires": "2016-01-05T13:19:19Z", "id": "587c83b78106435cb160deea2432fb26", "tenant": {"description": "tempest-TestNetworkAdvancedServerOps-716309755-desc", "enabled": true, "id": "03781b70413f4a6ab9e68840c582d787", "name": "tempest-TestNetworkAdvancedServerOps-716309755"}, "audit_ids": ["QWCFs82EQca9Q5DHdtwlzg"]}, "serviceCatalog": [{"endpoints": [{"adminURL": "http://10.0.2.15:9292", "region": "RegionOne", "internalURL": "http://10.0.2.15:9292", "id": "6a077259ef1b430eba5f06960816aef8", "publicURL": "http://10.0.2.15:9292"}], "endpoints_links": [], "type": "image", "name": "glance"}, {"endpoints": [{"adminURL": "http://10.0.2.15:8774/v2.1/03781b70413f4a6ab9e68840c582d787", "region": "RegionOne", "internalURL": "http://10.0.2.15:8774/v2.1/03781b70413f4a6ab9e68840c582d787", "id": "135f1a079bfe4078804f29a8633f54a8", "publicURL": "http://10.0.2.15:8774/v2.1/03781b70413f4a6ab9e68840c582d787"}], "endpoints_links": [], "type": "compute", "name": "nova"}, {"endpoints": [{"adminURL": "http://10.0.2.15:8774/v2/03781b70413f4a6ab9e68840c582d787", "region": "RegionOne", "internalURL": "http://10.0.2.15:8774/v2/03781b70413f4a6ab9e68840c582d787", "id": "384a661bd7ce413388f08744d766d768", "publicURL": "http://10.0.2.15:8774/v2/03781b70413f4a6ab9e68840c582d787"}], "endpoints_links": [], "type": "compute_legacy", "name": "nova_legacy"}, {"endpoints": [{"adminURL": "http://10.0.2.15:35357/v2.0", "region": "RegionOne", "internalURL": "http://10.0.2.15:5000/v2.0", "id": "71ebba2e6d3b4056a065ae0e82a6eca0", "publicURL": "http://10.0.2.15:5000/v2.0"}], "endpoints_links": [], "type": "identity", "name": "keystone"}, {"endpoints": [{"adminURL": "http://10.0.2.15:9696/", "region": "RegionOne", "internalURL": "http://10.0.2.15:9696/", "id": "4956c78279bb42b3b3147e6965c1c13a", "publicURL": "http://10.0.2.15:9696/"}], "endpoints_links": [], "type": "network", "name": "neutron"}], "user": {"username": "tempest-TestNetworkAdvancedServerOps-1962231393", "roles_links": [], "id": "d69643509228408ab979240f53098e7d", "roles": [{"name": "_member_"}, {"name": "Member"}], "name": "tempest-TestNetworkAdvancedServerOps-1962231393"}, "metadata": {"is_admin": 0, "roles": ["9fe2ff9ee4384b1894a90878d3e92bab", "e172ea11b9ef4c19ba3ab97efbdb8520"]}}}
2016-01-05 12:19:19,595 24225 DEBUG    [tempest.common.fixed_network] (TestNetworkAdvancedServerOps:test_server_connectivity_pause_unpause) No valid network provided or created, defaulting to fixed_network_name
2016-01-05 12:19:20,027 24225 INFO     [tempest_lib.common.rest_client] Request (TestNetworkAdvancedServerOps:test_server_connectivity_pause_unpause): 200 GET http://10.0.2.15:8774/v2.1/03781b70413f4a6ab9e68840c582d787/os-networks 0.432s
2016-01-05 12:19:20,028 24225 DEBUG    [tempest_lib.common.rest_client] Request - Headers: {'Content-Type': 'application/json', 'Accept': 'application/json', 'X-Auth-Token': '&lt;omitted&gt;'}
        Body: None
    Response - Headers: {'status': '200', 'content-length': '478', 'content-location': 'http://10.0.2.15:8774/v2.1/03781b70413f4a6ab9e68840c582d787/os-networks', 'x-compute-request-id': 'req-a9ced0c4-9b56-430e-bc6b-7f1c689ca606', 'vary': 'X-OpenStack-Nova-API-Version', 'connection': 'close', 'x-openstack-nova-api-version': '2.1', 'date': 'Tue, 05 Jan 2016 12:19:20 GMT', 'content-type': 'application/json'}
        Body: {"networks": [{"cidr_v6": null, "dns2": null, "dns1": null, "gateway": null, "broadcast": null, "netmask": null, "gateway_v6": null, "cidr": null, "label": "public", "id": "836485e9-95ab-498f-812e-9ab8fb2545b9", "netmask_v6": null}, {"cidr_v6": null, "dns2": null, "dns1": null, "gateway": null, "broadcast": null, "netmask": null, "gateway_v6": null, "cidr": null, "label": "tempest-network-smoke--568935930", "id": "36747f61-f181-4692-ab18-54ee972f1fa0", "netmask_v6": null}]}
2016-01-05 12:19:20,028 24225 WARNING  [tempest.common.fixed_network] (TestNetworkAdvancedServerOps:test_server_connectivity_pause_unpause) Network with name: private not found
2016-01-05 12:19:20,028 24225 INFO     [tempest.common.fixed_network] (TestNetworkAdvancedServerOps:test_server_connectivity_pause_unpause) Found network {} available for tenant
2016-01-05 12:19:21,697 24225 INFO     [tempest_lib.common.rest_client] Request (TestNetworkAdvancedServerOps:test_server_connectivity_pause_unpause): 202 POST http://10.0.2.15:8774/v2.1/03781b70413f4a6ab9e68840c582d787/servers 1.668s
2016-01-05 12:19:21,698 24225 DEBUG    [tempest_lib.common.rest_client] Request - Headers: {'Content-Type': 'application/json', 'Accept': 'application/json', 'X-Auth-Token': '&lt;omitted&gt;'}
        Body: {"server": {"name": "tempest.common.compute-instance-541097474", "imageRef": "0cb14b64-cc8b-4158-8479-3e20d7125940", "key_name": "tempest-TestNetworkAdvancedServerOps-1055920953", "flavorRef": "42", "networks": [{"uuid": "36747f61-f181-4692-ab18-54ee972f1fa0"}], "security_groups": [{"name": "tempest-secgroup-smoke-368913772"}]}}
    Response - Headers: {'status': '202', 'content-length': '461', 'x-compute-request-id': 'req-5c3f5290-0256-48c4-9260-be22b7a674b8', 'vary': 'X-OpenStack-Nova-API-Version', 'connection': 'close', 'location': 'http://10.0.2.15:8774/v2.1/03781b70413f4a6ab9e68840c582d787/servers/02f9155b-4149-4a44-89c5-e30cc02973d3', 'x-openstack-nova-api-version': '2.1', 'date': 'Tue, 05 Jan 2016 12:19:21 GMT', 'content-type': 'application/json'}
        Body: {"server": {"security_groups": [{"name": "tempest-secgroup-smoke-368913772"}], "OS-DCF:diskConfig": "MANUAL", "id": "02f9155b-4149-4a44-89c5-e30cc02973d3", "links": [{"href": "http://10.0.2.15:8774/v2.1/03781b70413f4a6ab9e68840c582d787/servers/02f9155b-4149-4a44-89c5-e30cc02973d3", "rel": "self"}, {"href": "http://10.0.2.15:8774/03781b70413f4a6ab9e68840c582d787/servers/02f9155b-4149-4a44-89c5-e30cc02973d3", "rel": "bookmark"}], "adminPass": "vKTAmM4u6mwr"}}
2016-01-05 12:19:21,959 24225 INFO     [tempest_lib.common.rest_client] Request (TestNetworkAdvancedServerOps:test_server_connectivity_pause_unpause): 200 GET http://10.0.2.15:8774/v2.1/03781b70413f4a6ab9e68840c582d787/servers/02f9155b-4149-4a44-89c5-e30cc02973d3 0.257s
2016-01-05 12:19:21,960 24225 DEBUG    [tempest_lib.common.rest_client] Request - Headers: {'Content-Type': 'application/json', 'Accept': 'application/json', 'X-Auth-Token': '&lt;omitted&gt;'}
        Body: None
    Response - Headers: {'status': '200', 'content-length': '1364', 'content-location': 'http://10.0.2.15:8774/v2.1/03781b70413f4a6ab9e68840c582d787/servers/02f9155b-4149-4a44-89c5-e30cc02973d3', 'x-compute-request-id': 'req-5fd7c2ef-81cb-4aec-9cfd-c9f3518f8414', 'vary': 'X-OpenStack-Nova-API-Version', 'connection': 'close', 'x-openstack-nova-api-version': '2.1', 'date': 'Tue, 05 Jan 2016 12:19:21 GMT', 'content-type': 'application/json'}
        Body: {"server": {"status": "BUILD", "updated": "2016-01-05T12:19:21Z", "hostId": "", "addresses": {}, "links": [{"href": "http://10.0.2.15:8774/v2.1/03781b70413f4a6ab9e68840c582d787/servers/02f9155b-4149-4a44-89c5-e30cc02973d3", "rel": "self"}, {"href": "http://10.0.2.15:8774/03781b70413f4a6ab9e68840c582d787/servers/02f9155b-4149-4a44-89c5-e30cc02973d3", "rel": "bookmark"}], "key_name": "tempest-TestNetworkAdvancedServerOps-1055920953", "image": {"id": "0cb14b64-cc8b-4158-8479-3e20d7125940", "links": [{"href": "http://10.0.2.15:8774/03781b70413f4a6ab9e68840c582d787/images/0cb14b64-cc8b-4158-8479-3e20d7125940", "rel": "bookmark"}]}, "OS-EXT-STS:task_state": "scheduling", "OS-EXT-STS:vm_state": "building", "OS-SRV-USG:launched_at": null, "flavor": {"id": "42", "links": [{"href": "http://10.0.2.15:8774/03781b70413f4a6ab9e68840c582d787/flavors/42", "rel": "bookmark"}]}, "id": "02f9155b-4149-4a44-89c5-e30cc02973d3", "OS-SRV-USG:terminated_at": null, "OS-EXT-AZ:availability_zone": "", "user_id": "d69643509228408ab979240f53098e7d", "name": "tempest.common.compute-instance-541097474", "created": "2016-01-05T12:19:21Z", "tenant_id": "03781b70413f4a6ab9e68840c582d787", "OS-DCF:diskConfig": "MANUAL", "os-extended-volumes:volumes_attached": [], "accessIPv4": "", "accessIPv6": "", "progress": 0, "OS-EXT-STS:power_state": 0, "config_drive": "", "metadata": {}}}
2016-01-05 12:19:23,335 24225 INFO     [tempest_lib.common.rest_client] Request (TestNetworkAdvancedServerOps:test_server_connectivity_pause_unpause): 200 GET http://10.0.2.15:8774/v2.1/03781b70413f4a6ab9e68840c582d787/servers/02f9155b-4149-4a44-89c5-e30cc02973d3 0.365s
2016-01-05 12:19:23,336 24225 DEBUG    [tempest_lib.common.rest_client] Request - Headers: {'Content-Type': 'application/json', 'Accept': 'application/json', 'X-Auth-Token': '&lt;omitted&gt;'}
        Body: None
    Response - Headers: {'status': '200', 'content-length': '1489', 'content-location': 'http://10.0.2.15:8774/v2.1/03781b70413f4a6ab9e68840c582d787/servers/02f9155b-4149-4a44-89c5-e30cc02973d3', 'x-compute-request-id': 'req-e2e9d8c6-7b37-4903-8b34-bf0829e65595', 'vary': 'X-OpenStack-Nova-API-Version', 'connection': 'close', 'x-openstack-nova-api-version': '2.1', 'date': 'Tue, 05 Jan 2016 12:19:23 GMT', 'content-type': 'application/json'}
        Body: {"server": {"status": "BUILD", "updated": "2016-01-05T12:19:22Z", "hostId": "0a60451680ee6db35b9e4418b6631bde18ec0798ad88a8c9354991a0", "addresses": {}, "links": [{"href": "http://10.0.2.15:8774/v2.1/03781b70413f4a6ab9e68840c582d787/servers/02f9155b-4149-4a44-89c5-e30cc02973d3", "rel": "self"}, {"href": "http://10.0.2.15:8774/03781b70413f4a6ab9e68840c582d787/servers/02f9155b-4149-4a44-89c5-e30cc02973d3", "rel": "bookmark"}], "key_name": "tempest-TestNetworkAdvancedServerOps-1055920953", "image": {"id": "0cb14b64-cc8b-4158-8479-3e20d7125940", "links": [{"href": "http://10.0.2.15:8774/03781b70413f4a6ab9e68840c582d787/images/0cb14b64-cc8b-4158-8479-3e20d7125940", "rel": "bookmark"}]}, "OS-EXT-STS:task_state": "spawning", "OS-EXT-STS:vm_state": "building", "OS-SRV-USG:launched_at": null, "flavor": {"id": "42", "links": [{"href": "http://10.0.2.15:8774/03781b70413f4a6ab9e68840c582d787/flavors/42", "rel": "bookmark"}]}, "id": "02f9155b-4149-4a44-89c5-e30cc02973d3", "security_groups": [{"name": "tempest-secgroup-smoke-368913772"}], "OS-SRV-USG:terminated_at": null, "OS-EXT-AZ:availability_zone": "nova", "user_id": "d69643509228408ab979240f53098e7d", "name": "tempest.common.compute-instance-541097474", "created": "2016-01-05T12:19:21Z", "tenant_id": "03781b70413f4a6ab9e68840c582d787", "OS-DCF:diskConfig": "MANUAL", "os-extended-volumes:volumes_attached": [], "accessIPv4": "", "accessIPv6": "", "progress": 0, "OS-EXT-STS:power_state": 0, "config_drive": "", "metadata": {}}}
2016-01-05 12:19:23,344 24225 INFO     [tempest.common.waiters] State transition "BUILD/scheduling" ==&gt; "BUILD/spawning" after 2 second wait
2016-01-05 12:19:24,547 24225 INFO     [tempest_lib.common.rest_client] Request (TestNetworkAdvancedServerOps:test_server_connectivity_pause_unpause): 200 GET http://10.0.2.15:8774/v2.1/03781b70413f4a6ab9e68840c582d787/servers/02f9155b-4149-4a44-89c5-e30cc02973d3 0.202s
2016-01-05 12:19:24,548 24225 DEBUG    [tempest_lib.common.rest_client] Request - Headers: {'Content-Type': 'application/json', 'Accept': 'application/json', 'X-Auth-Token': '&lt;omitted&gt;'}
        Body: None
    Response - Headers: {'status': '200', 'content-length': '1489', 'content-location': 'http://10.0.2.15:8774/v2.1/03781b70413f4a6ab9e68840c582d787/servers/02f9155b-4149-4a44-89c5-e30cc02973d3', 'x-compute-request-id': 'req-c69fc306-de82-4b8f-a8e4-834ca3244c84', 'vary': 'X-OpenStack-Nova-API-Version', 'connection': 'close', 'x-openstack-nova-api-version': '2.1', 'date': 'Tue, 05 Jan 2016 12:19:24 GMT', 'content-type': 'application/json'}
        Body: {"server": {"status": "BUILD", "updated": "2016-01-05T12:19:22Z", "hostId": "0a60451680ee6db35b9e4418b6631bde18ec0798ad88a8c9354991a0", "addresses": {}, "links": [{"href": "http://10.0.2.15:8774/v2.1/03781b70413f4a6ab9e68840c582d787/servers/02f9155b-4149-4a44-89c5-e30cc02973d3", "rel": "self"}, {"href": "http://10.0.2.15:8774/03781b70413f4a6ab9e68840c582d787/servers/02f9155b-4149-4a44-89c5-e30cc02973d3", "rel": "bookmark"}], "key_name": "tempest-TestNetworkAdvancedServerOps-1055920953", "image": {"id": "0cb14b64-cc8b-4158-8479-3e20d7125940", "links": [{"href": "http://10.0.2.15:8774/03781b70413f4a6ab9e68840c582d787/images/0cb14b64-cc8b-4158-8479-3e20d7125940", "rel": "bookmark"}]}, "OS-EXT-STS:task_state": "spawning", "OS-EXT-STS:vm_state": "building", "OS-SRV-USG:launched_at": null, "flavor": {"id": "42", "links": [{"href": "http://10.0.2.15:8774/03781b70413f4a6ab9e68840c582d787/flavors/42", "rel": "bookmark"}]}, "id": "02f9155b-4149-4a44-89c5-e30cc02973d3", "security_groups": [{"name": "tempest-secgroup-smoke-368913772"}], "OS-SRV-USG:terminated_at": null, "OS-EXT-AZ:availability_zone": "nova", "user_id": "d69643509228408ab979240f53098e7d", "name": "tempest.common.compute-instance-541097474", "created": "2016-01-05T12:19:21Z", "tenant_id": "03781b70413f4a6ab9e68840c582d787", "OS-DCF:diskConfig": "MANUAL", "os-extended-volumes:volumes_attached": [], "accessIPv4": "", "accessIPv6": "", "progress": 0, "OS-EXT-STS:power_state": 0, "config_drive": "", "metadata": {}}}
2016-01-05 12:19:25,796 24225 INFO     [tempest_lib.common.rest_client] Request (TestNetworkAdvancedServerOps:test_server_connectivity_pause_unpause): 200 GET http://10.0.2.15:8774/v2.1/03781b70413f4a6ab9e68840c582d787/servers/02f9155b-4149-4a44-89c5-e30cc02973d3 0.239s
2016-01-05 12:19:25,797 24225 DEBUG    [tempest_lib.common.rest_client] Request - Headers: {'Content-Type': 'application/json', 'Accept': 'application/json', 'X-Auth-Token': '&lt;omitted&gt;'}
        Body: None
    Response - Headers: {'status': '200', 'content-length': '1660', 'content-location': 'http://10.0.2.15:8774/v2.1/03781b70413f4a6ab9e68840c582d787/servers/02f9155b-4149-4a44-89c5-e30cc02973d3', 'x-compute-request-id': 'req-371bfb76-8116-4522-ad06-8c218fedf289', 'vary': 'X-OpenStack-Nova-API-Version', 'connection': 'close', 'x-openstack-nova-api-version': '2.1', 'date': 'Tue, 05 Jan 2016 12:19:25 GMT', 'content-type': 'application/json'}
        Body: {"server": {"status": "ACTIVE", "updated": "2016-01-05T12:19:25Z", "hostId": "0a60451680ee6db35b9e4418b6631bde18ec0798ad88a8c9354991a0", "addresses": {"tempest-network-smoke--568935930": [{"OS-EXT-IPS-MAC:mac_addr": "fa:16:3e:fb:27:0d", "version": 4, "addr": "10.100.0.3", "OS-EXT-IPS:type": "fixed"}]}, "links": [{"href": "http://10.0.2.15:8774/v2.1/03781b70413f4a6ab9e68840c582d787/servers/02f9155b-4149-4a44-89c5-e30cc02973d3", "rel": "self"}, {"href": "http://10.0.2.15:8774/03781b70413f4a6ab9e68840c582d787/servers/02f9155b-4149-4a44-89c5-e30cc02973d3", "rel": "bookmark"}], "key_name": "tempest-TestNetworkAdvancedServerOps-1055920953", "image": {"id": "0cb14b64-cc8b-4158-8479-3e20d7125940", "links": [{"href": "http://10.0.2.15:8774/03781b70413f4a6ab9e68840c582d787/images/0cb14b64-cc8b-4158-8479-3e20d7125940", "rel": "bookmark"}]}, "OS-EXT-STS:task_state": null, "OS-EXT-STS:vm_state": "active", "OS-SRV-USG:launched_at": "2016-01-05T12:19:25.000000", "flavor": {"id": "42", "links": [{"href": "http://10.0.2.15:8774/03781b70413f4a6ab9e68840c582d787/flavors/42", "rel": "bookmark"}]}, "id": "02f9155b-4149-4a44-89c5-e30cc02973d3", "security_groups": [{"name": "tempest-secgroup-smoke-368913772"}], "OS-SRV-USG:terminated_at": null, "OS-EXT-AZ:availability_zone": "nova", "user_id": "d69643509228408ab979240f53098e7d", "name": "tempest.common.compute-instance-541097474", "created": "2016-01-05T12:19:21Z", "tenant_id": "03781b70413f4a6ab9e68840c582d787", "OS-DCF:diskConfig": "MANUAL", "os-extended-volumes:volumes_attached": [], "accessIPv4": "", "accessIPv6": "", "progress": 0, "OS-EXT-STS:power_state": 1, "config_drive": "True", "metadata": {}}}
2016-01-05 12:19:25,807 24225 INFO     [tempest.common.waiters] State transition "BUILD/spawning" ==&gt; "ACTIVE/None" after 4 second wait
2016-01-05 12:19:26,117 24225 INFO     [tempest_lib.common.rest_client] Request (TestNetworkAdvancedServerOps:test_server_connectivity_pause_unpause): 200 GET http://10.0.2.15:8774/v2.1/03781b70413f4a6ab9e68840c582d787/servers/02f9155b-4149-4a44-89c5-e30cc02973d3 0.310s
2016-01-05 12:19:26,118 24225 DEBUG    [tempest_lib.common.rest_client] Request - Headers: {'Content-Type': 'application/json', 'Accept': 'application/json', 'X-Auth-Token': '&lt;omitted&gt;'}
        Body: None
    Response - Headers: {'status': '200', 'content-length': '1660', 'content-location': 'http://10.0.2.15:8774/v2.1/03781b70413f4a6ab9e68840c582d787/servers/02f9155b-4149-4a44-89c5-e30cc02973d3', 'x-compute-request-id': 'req-e0634243-b9ed-4c42-a2c0-8c8e9aa08e8d', 'vary': 'X-OpenStack-Nova-API-Version', 'connection': 'close', 'x-openstack-nova-api-version': '2.1', 'date': 'Tue, 05 Jan 2016 12:19:26 GMT', 'content-type': 'application/json'}
        Body: {"server": {"status": "ACTIVE", "updated": "2016-01-05T12:19:25Z", "hostId": "0a60451680ee6db35b9e4418b6631bde18ec0798ad88a8c9354991a0", "addresses": {"tempest-network-smoke--568935930": [{"OS-EXT-IPS-MAC:mac_addr": "fa:16:3e:fb:27:0d", "version": 4, "addr": "10.100.0.3", "OS-EXT-IPS:type": "fixed"}]}, "links": [{"href": "http://10.0.2.15:8774/v2.1/03781b70413f4a6ab9e68840c582d787/servers/02f9155b-4149-4a44-89c5-e30cc02973d3", "rel": "self"}, {"href": "http://10.0.2.15:8774/03781b70413f4a6ab9e68840c582d787/servers/02f9155b-4149-4a44-89c5-e30cc02973d3", "rel": "bookmark"}], "key_name": "tempest-TestNetworkAdvancedServerOps-1055920953", "image": {"id": "0cb14b64-cc8b-4158-8479-3e20d7125940", "links": [{"href": "http://10.0.2.15:8774/03781b70413f4a6ab9e68840c582d787/images/0cb14b64-cc8b-4158-8479-3e20d7125940", "rel": "bookmark"}]}, "OS-EXT-STS:task_state": null, "OS-EXT-STS:vm_state": "active", "OS-SRV-USG:launched_at": "2016-01-05T12:19:25.000000", "flavor": {"id": "42", "links": [{"href": "http://10.0.2.15:8774/03781b70413f4a6ab9e68840c582d787/flavors/42", "rel": "bookmark"}]}, "id": "02f9155b-4149-4a44-89c5-e30cc02973d3", "security_groups": [{"name": "tempest-secgroup-smoke-368913772"}], "OS-SRV-USG:terminated_at": null, "OS-EXT-AZ:availability_zone": "nova", "user_id": "d69643509228408ab979240f53098e7d", "name": "tempest.common.compute-instance-541097474", "created": "2016-01-05T12:19:21Z", "tenant_id": "03781b70413f4a6ab9e68840c582d787", "OS-DCF:diskConfig": "MANUAL", "os-extended-volumes:volumes_attached": [], "accessIPv4": "", "accessIPv6": "", "progress": 0, "OS-EXT-STS:power_state": 1, "config_drive": "True", "metadata": {}}}
2016-01-05 12:19:26,161 24225 INFO     [tempest_lib.common.rest_client] Request (TestNetworkAdvancedServerOps:test_server_connectivity_pause_unpause): 200 GET http://10.0.2.15:9696/v2.0/ports?status=ACTIVE&amp;fixed_ip=None&amp;device_id=02f9155b-4149-4a44-89c5-e30cc02973d3 0.033s
2016-01-05 12:19:26,161 24225 DEBUG    [tempest_lib.common.rest_client] Request - Headers: {'Content-Type': 'application/json', 'Accept': 'application/json', 'X-Auth-Token': '&lt;omitted&gt;'}
        Body: None
    Response - Headers: {'status': '200', 'content-length': '895', 'content-location': 'http://10.0.2.15:9696/v2.0/ports?status=ACTIVE&amp;fixed_ip=None&amp;device_id=02f9155b-4149-4a44-89c5-e30cc02973d3', 'connection': 'close', 'date': 'Tue, 05 Jan 2016 12:19:26 GMT', 'content-type': 'application/json; charset=UTF-8', 'x-openstack-request-id': 'req-490c01c0-7ec2-4e6c-a556-979a8481036c'}
        Body: {"ports": [{"status": "ACTIVE", "binding:host_id": "vagrant-ubuntu-trusty-64", "allowed_address_pairs": [], "extra_dhcp_opts": [], "dns_assignment": [{"hostname": "host-10-100-0-3", "ip_address": "10.100.0.3", "fqdn": "host-10-100-0-3.openstacklocal."}], "device_owner": "compute:None", "port_security_enabled": true, "binding:profile": {}, "fixed_ips": [{"subnet_id": "dce24aee-2587-425b-854d-6d8010d77ea9", "ip_address": "10.100.0.3"}], "id": "a8131d3f-5e63-4afb-96b4-c860a5399667", "security_groups": ["72c6fe9d-e9a6-481b-84a3-5f10343bb56d"], "device_id": "02f9155b-4149-4a44-89c5-e30cc02973d3", "name": "", "admin_state_up": true, "network_id": "36747f61-f181-4692-ab18-54ee972f1fa0", "dns_name": "", "binding:vif_details": {"port_filter": true}, "binding:vnic_type": "normal", "binding:vif_type": "ovs", "tenant_id": "03781b70413f4a6ab9e68840c582d787", "mac_address": "fa:16:3e:fb:27:0d"}]}
2016-01-05 12:19:26,744 24225 INFO     [tempest_lib.common.rest_client] Request (TestNetworkAdvancedServerOps:test_server_connectivity_pause_unpause): 201 POST http://10.0.2.15:9696/v2.0/floatingips 0.582s
2016-01-05 12:19:26,745 24225 DEBUG    [tempest_lib.common.rest_client] Request - Headers: {'Content-Type': 'application/json', 'Accept': 'application/json', 'X-Auth-Token': '&lt;omitted&gt;'}
        Body: {"floatingip": {"floating_network_id": "836485e9-95ab-498f-812e-9ab8fb2545b9", "tenant_id": "03781b70413f4a6ab9e68840c582d787", "fixed_ip_address": "10.100.0.3", "port_id": "a8131d3f-5e63-4afb-96b4-c860a5399667"}}
    Response - Headers: {'status': '201', 'content-length': '367', 'connection': 'close', 'date': 'Tue, 05 Jan 2016 12:19:26 GMT', 'content-type': 'application/json; charset=UTF-8', 'x-openstack-request-id': 'req-244cb9a2-ec9a-4535-9d27-2a40fe7290ca'}
        Body: {"floatingip": {"floating_network_id": "836485e9-95ab-498f-812e-9ab8fb2545b9", "router_id": "edd5220a-a25a-4a4c-bdea-527415d5eb7f", "fixed_ip_address": "10.100.0.3", "floating_ip_address": "172.24.4.4", "tenant_id": "03781b70413f4a6ab9e68840c582d787", "status": "DOWN", "port_id": "a8131d3f-5e63-4afb-96b4-c860a5399667", "id": "0d0877a4-1418-4b3b-8b5d-f13d69386e01"}}
2016-01-05 12:19:26,984 24225 INFO     [tempest_lib.common.rest_client] Request (TestNetworkAdvancedServerOps:test_server_connectivity_pause_unpause): 200 GET http://10.0.2.15:8774/v2.1/03781b70413f4a6ab9e68840c582d787/servers/02f9155b-4149-4a44-89c5-e30cc02973d3 0.239s
2016-01-05 12:19:26,985 24225 DEBUG    [tempest_lib.common.rest_client] Request - Headers: {'Content-Type': 'application/json', 'Accept': 'application/json', 'X-Auth-Token': '&lt;omitted&gt;'}
        Body: None
    Response - Headers: {'status': '200', 'content-length': '1660', 'content-location': 'http://10.0.2.15:8774/v2.1/03781b70413f4a6ab9e68840c582d787/servers/02f9155b-4149-4a44-89c5-e30cc02973d3', 'x-compute-request-id': 'req-3c701245-8dbb-47db-a189-2a56afeddc77', 'vary': 'X-OpenStack-Nova-API-Version', 'connection': 'close', 'x-openstack-nova-api-version': '2.1', 'date': 'Tue, 05 Jan 2016 12:19:26 GMT', 'content-type': 'application/json'}
        Body: {"server": {"status": "ACTIVE", "updated": "2016-01-05T12:19:25Z", "hostId": "0a60451680ee6db35b9e4418b6631bde18ec0798ad88a8c9354991a0", "addresses": {"tempest-network-smoke--568935930": [{"OS-EXT-IPS-MAC:mac_addr": "fa:16:3e:fb:27:0d", "version": 4, "addr": "10.100.0.3", "OS-EXT-IPS:type": "fixed"}]}, "links": [{"href": "http://10.0.2.15:8774/v2.1/03781b70413f4a6ab9e68840c582d787/servers/02f9155b-4149-4a44-89c5-e30cc02973d3", "rel": "self"}, {"href": "http://10.0.2.15:8774/03781b70413f4a6ab9e68840c582d787/servers/02f9155b-4149-4a44-89c5-e30cc02973d3", "rel": "bookmark"}], "key_name": "tempest-TestNetworkAdvancedServerOps-1055920953", "image": {"id": "0cb14b64-cc8b-4158-8479-3e20d7125940", "links": [{"href": "http://10.0.2.15:8774/03781b70413f4a6ab9e68840c582d787/images/0cb14b64-cc8b-4158-8479-3e20d7125940", "rel": "bookmark"}]}, "OS-EXT-STS:task_state": null, "OS-EXT-STS:vm_state": "active", "OS-SRV-USG:launched_at": "2016-01-05T12:19:25.000000", "flavor": {"id": "42", "links": [{"href": "http://10.0.2.15:8774/03781b70413f4a6ab9e68840c582d787/flavors/42", "rel": "bookmark"}]}, "id": "02f9155b-4149-4a44-89c5-e30cc02973d3", "security_groups": [{"name": "tempest-secgroup-smoke-368913772"}], "OS-SRV-USG:terminated_at": null, "OS-EXT-AZ:availability_zone": "nova", "user_id": "d69643509228408ab979240f53098e7d", "name": "tempest.common.compute-instance-541097474", "created": "2016-01-05T12:19:21Z", "tenant_id": "03781b70413f4a6ab9e68840c582d787", "OS-DCF:diskConfig": "MANUAL", "os-extended-volumes:volumes_attached": [], "accessIPv4": "", "accessIPv6": "", "progress": 0, "OS-EXT-STS:power_state": 1, "config_drive": "True", "metadata": {}}}
2016-01-05 12:19:26,995 24225 INFO     [tempest.scenario.manager] Tenant networks not configured to be reachable.
2016-01-05 12:19:27,011 24225 INFO     [tempest_lib.common.rest_client] Request (TestNetworkAdvancedServerOps:test_server_connectivity_pause_unpause): 200 GET http://10.0.2.15:9696/v2.0/floatingips/0d0877a4-1418-4b3b-8b5d-f13d69386e01 0.014s
2016-01-05 12:19:27,011 24225 DEBUG    [tempest_lib.common.rest_client] Request - Headers: {'Content-Type': 'application/json', 'Accept': 'application/json', 'X-Auth-Token': '&lt;omitted&gt;'}
        Body: None
    Response - Headers: {'status': '200', 'content-length': '367', 'content-location': 'http://10.0.2.15:9696/v2.0/floatingips/0d0877a4-1418-4b3b-8b5d-f13d69386e01', 'connection': 'close', 'date': 'Tue, 05 Jan 2016 12:19:27 GMT', 'content-type': 'application/json; charset=UTF-8', 'x-openstack-request-id': 'req-08b4ad30-3912-4bc4-9df2-53a76447c304'}
        Body: {"floatingip": {"floating_network_id": "836485e9-95ab-498f-812e-9ab8fb2545b9", "router_id": "edd5220a-a25a-4a4c-bdea-527415d5eb7f", "fixed_ip_address": "10.100.0.3", "floating_ip_address": "172.24.4.4", "tenant_id": "03781b70413f4a6ab9e68840c582d787", "status": "DOWN", "port_id": "a8131d3f-5e63-4afb-96b4-c860a5399667", "id": "0d0877a4-1418-4b3b-8b5d-f13d69386e01"}}
2016-01-05 12:19:28,028 24225 INFO     [tempest_lib.common.rest_client] Request (TestNetworkAdvancedServerOps:test_server_connectivity_pause_unpause): 200 GET http://10.0.2.15:9696/v2.0/floatingips/0d0877a4-1418-4b3b-8b5d-f13d69386e01 0.015s
2016-01-05 12:19:28,029 24225 DEBUG    [tempest_lib.common.rest_client] Request - Headers: {'Content-Type': 'application/json', 'Accept': 'application/json', 'X-Auth-Token': '&lt;omitted&gt;'}
        Body: None
    Response - Headers: {'status': '200', 'content-length': '369', 'content-location': 'http://10.0.2.15:9696/v2.0/floatingips/0d0877a4-1418-4b3b-8b5d-f13d69386e01', 'connection': 'close', 'date': 'Tue, 05 Jan 2016 12:19:28 GMT', 'content-type': 'application/json; charset=UTF-8', 'x-openstack-request-id': 'req-401092ef-1b0d-4f56-8150-640bb55d1f41'}
        Body: {"floatingip": {"floating_network_id": "836485e9-95ab-498f-812e-9ab8fb2545b9", "router_id": "edd5220a-a25a-4a4c-bdea-527415d5eb7f", "fixed_ip_address": "10.100.0.3", "floating_ip_address": "172.24.4.4", "tenant_id": "03781b70413f4a6ab9e68840c582d787", "status": "ACTIVE", "port_id": "a8131d3f-5e63-4afb-96b4-c860a5399667", "id": "0d0877a4-1418-4b3b-8b5d-f13d69386e01"}}
2016-01-05 12:19:28,029 24225 INFO     [tempest.scenario.manager] FloatingIP: &lt;"FloatingIP" addr="172.24.4.4" id="0d0877a4-1418-4b3b-8b5d-f13d69386e01"&gt; is at status: ACTIVE
2016-01-05 12:19:28,030 24225 DEBUG    [tempest.scenario.manager] checking network connections to IP 172.24.4.4 with user: cirros
2016-01-05 12:19:28,031 24225 DEBUG    [tempest.scenario.manager] TestNetworkAdvancedServerOps:test_server_connectivity_pause_unpause begins to ping 172.24.4.4 in 120 sec and the expected result is reachable
2016-01-05 12:21:28,302 24225 DEBUG    [tempest.scenario.manager] TestNetworkAdvancedServerOps:test_server_connectivity_pause_unpause finishes ping 172.24.4.4 in 120 sec and the ping result is unexpected
2016-01-05 12:21:28,303 24225 ERROR    [tempest.scenario.manager] Public network connectivity check failed
2016-01-05 12:21:28.303 24225 ERROR tempest.scenario.manager Traceback (most recent call last):
2016-01-05 12:21:28.303 24225 ERROR tempest.scenario.manager   File "tempest/scenario/manager.py", line 609, in check_public_network_connectivity
2016-01-05 12:21:28.303 24225 ERROR tempest.scenario.manager     should_connect=should_connect)
2016-01-05 12:21:28.303 24225 ERROR tempest.scenario.manager   File "tempest/scenario/manager.py", line 593, in check_vm_connectivity
2016-01-05 12:21:28.303 24225 ERROR tempest.scenario.manager     msg=msg)
2016-01-05 12:21:28.303 24225 ERROR tempest.scenario.manager   File "/usr/local/lib/python2.7/dist-packages/unittest2/case.py", line 702, in assertTrue
2016-01-05 12:21:28.303 24225 ERROR tempest.scenario.manager     raise self.failureException(msg)
2016-01-05 12:21:28.303 24225 ERROR tempest.scenario.manager AssertionError: False is not true : Timed out waiting for 172.24.4.4 to become reachable
2016-01-05 12:21:28.303 24225 ERROR tempest.scenario.manager 
2016-01-05 12:21:28,524 24225 INFO     [tempest_lib.common.rest_client] Request (TestNetworkAdvancedServerOps:test_server_connectivity_pause_unpause): 200 POST http://10.0.2.15:8774/v2.1/03781b70413f4a6ab9e68840c582d787/servers/02f9155b-4149-4a44-89c5-e30cc02973d3/action 0.216s
2016-01-05 12:21:28,525 24225 DEBUG    [tempest_lib.common.rest_client] Request - Headers: {'Content-Type': 'application/json', 'Accept': 'application/json', 'X-Auth-Token': '&lt;omitted&gt;'}
        Body: {"os-getConsoleOutput": {}}
    Response - Headers: {'status': '200', 'content-length': '17428', 'x-compute-request-id': 'req-11e5883b-e84d-478b-a12c-3da1890664a2', 'vary': 'X-OpenStack-Nova-API-Version', 'connection': 'close', 'x-openstack-nova-api-version': '2.1', 'date': 'Tue, 05 Jan 2016 12:21:28 GMT', 'content-type': 'application/json'}
        Body: {"output": "[    0.000000] Initializing cgroup subsys cpuset\n[    0.000000] Initializing cgroup subsys cpu\n[    0.000000] Linux version 3.2.0-80-virtual (buildd@batsu) (gcc version 4.6.3 (Ubuntu/Linaro 4.6.3-1ubuntu5) ) #116-Ubuntu SMP Mon Mar 23 17:28:52 UTC 2015 (Ubuntu 3.2.0-80.116-virtual 3.2.68)\n[    0.000000] Command line: root=/dev/vda console=tty0 console=ttyS0 no_timer_check\n[    0.000000] KERNEL supported cpus:\n[    0.000000]   Intel GenuineIntel\n[    0.000000]   AMD AuthenticAMD\n[    0.000000]   Centaur CentaurHauls\n[    0.000000] BIOS-provided physical RAM map:\n[    0.000000]  BIOS-e820: 0000000000000000 - 000000000009fc00 (usable)\n[    0.000000]  BIOS-e820: 000000000009fc00 - 00000000000a0000 (reserved)\n[    0.000000]  BIOS-e820: 00000000000f0000 - 0000000000100000 (reserved)\n[    0.000000]  BIOS-e820: 0000000000100000 - 0000000003ffe000 (usable)\n[    0.000000]  BIOS-e820: 0000000003ffe000 - 0000000004000000 (reserved)\n[    0.000000]  BIOS-e820: 00000000fffc0000 - 0000000100000000 (reserved)\n[    0.000000] NX (Execute Disable) protection: active\n[    0.000000] SMBIOS 2.4 present.\n[    0.000000] No AGP bridge found\n[    0.000000] last_pfn = 0x3ffe max_arch_pfn = 0x400000000\n[    0.000000] x86 PAT enabled: cpu 0, old 0x7040600070406, new 0x7010600070106\n[    0.000000] found SMP MP-table at [ffff8800000f0b00] f0b00\n[    0.000000] init_memory_mapping: 0000000000000000-0000000003ffe000\n[    0.000000] RAMDISK: 03c5e000 - 03ff0000\n[    0.000000] ACPI: RSDP 00000000000f0950 00014 (v00 BOCHS )\n[    0.000000] ACPI: RSDT 0000000003fffbc1 00034 (v01 BOCHS  BXPCRSDT 00000001 BXPC 00000001)\n[    0.000000] ACPI: FACP 0000000003fff1c0 00074 (v01 BOCHS  BXPCFACP 00000001 BXPC 00000001)\n[    0.000000] ACPI: DSDT 0000000003ffe040 01180 (v01 BOCHS  BXPCDSDT 00000001 BXPC 00000001)\n[    0.000000] ACPI: FACS 0000000003ffe000 00040\n[    0.000000] ACPI: SSDT 0000000003fff234 008DD (v01 BOCHS  BXPCSSDT 00000001 BXPC 00000001)\n[    0.000000] ACPI: APIC 0000000003fffb11 00078 (v01 BOCHS  BXPCAPIC 00000001 BXPC 00000001)\n[    0.000000] ACPI: HPET 0000000003fffb89 00038 (v01 BOCHS  BXPCHPET 00000001 BXPC 00000001)\n[    0.000000] No NUMA configuration found\n[    0.000000] Faking a node at 0000000000000000-0000000003ffe000\n[    0.000000] Initmem setup node 0 0000000000000000-0000000003ffe000\n[    0.000000]   NODE_DATA [0000000003ff6000 - 0000000003ffafff]\n[    0.000000] Zone PFN ranges:\n[    0.000000]   DMA      0x00000010 -&gt; 0x00001000\n[    0.000000]   DMA32    0x00001000 -&gt; 0x00100000\n[    0.000000]   Normal   empty\n[    0.000000] Movable zone start PFN for each node\n[    0.000000] early_node_map[2] active PFN ranges\n[    0.000000]     0: 0x00000010 -&gt; 0x0000009f\n[    0.000000]     0: 0x00000100 -&gt; 0x00003ffe\n[    0.000000] ACPI: PM-Timer IO Port: 0xb008\n[    0.000000] ACPI: LAPIC (acpi_id[0x00] lapic_id[0x00] enabled)\n[    0.000000] ACPI: LAPIC_NMI (acpi_id[0xff] dfl dfl lint[0x1])\n[    0.000000] ACPI: IOAPIC (id[0x00] address[0xfec00000] gsi_base[0])\n[    0.000000] IOAPIC[0]: apic_id 0, version 17, address 0xfec00000, GSI 0-23\n[    0.000000] ACPI: INT_SRC_OVR (bus 0 bus_irq 0 global_irq 2 dfl dfl)\n[    0.000000] ACPI: INT_SRC_OVR (bus 0 bus_irq 5 global_irq 5 high level)\n[    0.000000] ACPI: INT_SRC_OVR (bus 0 bus_irq 9 global_irq 9 high level)\n[    0.000000] ACPI: INT_SRC_OVR (bus 0 bus_irq 10 global_irq 10 high level)\n[    0.000000] ACPI: INT_SRC_OVR (bus 0 bus_irq 11 global_irq 11 high level)\n[    0.000000] Using ACPI (MADT) for SMP configuration information\n[    0.000000] ACPI: HPET id: 0x8086a201 base: 0xfed00000\n[    0.000000] SMP: Allowing 1 CPUs, 0 hotplug CPUs\n[    0.000000] PM: Registered nosave memory: 000000000009f000 - 00000000000a0000\n[    0.000000] PM: Registered nosave memory: 00000000000a0000 - 00000000000f0000\n[    0.000000] PM: Registered nosave memory: 00000000000f0000 - 0000000000100000\n[    0.000000] Allocating PCI resources starting at 4000000 (gap: 4000000:fbfc0000)\n[    0.000000] Booting paravirtualized kernel on bare hardware\n[    0.000000] setup_pe
2016-01-05 12:21:28,527 24225 DEBUG    [tempest.scenario.manager] Console output for 02f9155b-4149-4a44-89c5-e30cc02973d3
body=
[    0.000000] Initializing cgroup subsys cpuset
[    0.000000] Initializing cgroup subsys cpu
[    0.000000] Linux version 3.2.0-80-virtual (buildd@batsu) (gcc version 4.6.3 (Ubuntu/Linaro 4.6.3-1ubuntu5) ) #116-Ubuntu SMP Mon Mar 23 17:28:52 UTC 2015 (Ubuntu 3.2.0-80.116-virtual 3.2.68)
[    0.000000] Command line: root=/dev/vda console=tty0 console=ttyS0 no_timer_check
[    0.000000] KERNEL supported cpus:
[    0.000000]   Intel GenuineIntel
[    0.000000]   AMD AuthenticAMD
[    0.000000]   Centaur CentaurHauls
[    0.000000] BIOS-provided physical RAM map:
[    0.000000]  BIOS-e820: 0000000000000000 - 000000000009fc00 (usable)
[    0.000000]  BIOS-e820: 000000000009fc00 - 00000000000a0000 (reserved)
[    0.000000]  BIOS-e820: 00000000000f0000 - 0000000000100000 (reserved)
[    0.000000]  BIOS-e820: 0000000000100000 - 0000000003ffe000 (usable)
[    0.000000]  BIOS-e820: 0000000003ffe000 - 0000000004000000 (reserved)
[    0.000000]  BIOS-e820: 00000000fffc0000 - 0000000100000000 (reserved)
[    0.000000] NX (Execute Disable) protection: active
[    0.000000] SMBIOS 2.4 present.
[    0.000000] No AGP bridge found
[    0.000000] last_pfn = 0x3ffe max_arch_pfn = 0x400000000
[    0.000000] x86 PAT enabled: cpu 0, old 0x7040600070406, new 0x7010600070106
[    0.000000] found SMP MP-table at [ffff8800000f0b00] f0b00
[    0.000000] init_memory_mapping: 0000000000000000-0000000003ffe000
[    0.000000] RAMDISK: 03c5e000 - 03ff0000
[    0.000000] ACPI: RSDP 00000000000f0950 00014 (v00 BOCHS )
[    0.000000] ACPI: RSDT 0000000003fffbc1 00034 (v01 BOCHS  BXPCRSDT 00000001 BXPC 00000001)
[    0.000000] ACPI: FACP 0000000003fff1c0 00074 (v01 BOCHS  BXPCFACP 00000001 BXPC 00000001)
[    0.000000] ACPI: DSDT 0000000003ffe040 01180 (v01 BOCHS  BXPCDSDT 00000001 BXPC 00000001)
[    0.000000] ACPI: FACS 0000000003ffe000 00040
[    0.000000] ACPI: SSDT 0000000003fff234 008DD (v01 BOCHS  BXPCSSDT 00000001 BXPC 00000001)
[    0.000000] ACPI: APIC 0000000003fffb11 00078 (v01 BOCHS  BXPCAPIC 00000001 BXPC 00000001)
[    0.000000] ACPI: HPET 0000000003fffb89 00038 (v01 BOCHS  BXPCHPET 00000001 BXPC 00000001)
[    0.000000] No NUMA configuration found
[    0.000000] Faking a node at 0000000000000000-0000000003ffe000
[    0.000000] Initmem setup node 0 0000000000000000-0000000003ffe000
[    0.000000]   NODE_DATA [0000000003ff6000 - 0000000003ffafff]
[    0.000000] Zone PFN ranges:
[    0.000000]   DMA      0x00000010 -&gt; 0x00001000
[    0.000000]   DMA32    0x00001000 -&gt; 0x00100000
[    0.000000]   Normal   empty
[    0.000000] Movable zone start PFN for each node
[    0.000000] early_node_map[2] active PFN ranges
[    0.000000]     0: 0x00000010 -&gt; 0x0000009f
[    0.000000]     0: 0x00000100 -&gt; 0x00003ffe
[    0.000000] ACPI: PM-Timer IO Port: 0xb008
[    0.000000] ACPI: LAPIC (acpi_id[0x00] lapic_id[0x00] enabled)
[    0.000000] ACPI: LAPIC_NMI (acpi_id[0xff] dfl dfl lint[0x1])
[    0.000000] ACPI: IOAPIC (id[0x00] address[0xfec00000] gsi_base[0])
[    0.000000] IOAPIC[0]: apic_id 0, version 17, address 0xfec00000, GSI 0-23
[    0.000000] ACPI: INT_SRC_OVR (bus 0 bus_irq 0 global_irq 2 dfl dfl)
[    0.000000] ACPI: INT_SRC_OVR (bus 0 bus_irq 5 global_irq 5 high level)
[    0.000000] ACPI: INT_SRC_OVR (bus 0 bus_irq 9 global_irq 9 high level)
[    0.000000] ACPI: INT_SRC_OVR (bus 0 bus_irq 10 global_irq 10 high level)
[    0.000000] ACPI: INT_SRC_OVR (bus 0 bus_irq 11 global_irq 11 high level)
[    0.000000] Using ACPI (MADT) for SMP configuration information
[    0.000000] ACPI: HPET id: 0x8086a201 base: 0xfed00000
[    0.000000] SMP: Allowing 1 CPUs, 0 hotplug CPUs
[    0.000000] PM: Registered nosave memory: 000000000009f000 - 00000000000a0000
[    0.000000] PM: Registered nosave memory: 00000000000a0000 - 00000000000f0000
[    0.000000] PM: Registered nosave memory: 00000000000f0000 - 0000000000100000
[    0.000000] Allocating PCI resources starting at 4000000 (gap: 4000000:fbfc0000)
[    0.000000] Booting paravirtualized kernel on bare hardware
[    0.000000] setup_percpu: NR_CPUS:64 nr_cpumask_bits:64 nr_cpu_ids:1 nr_node_ids:1
[    0.000000] PERCPU: Embedded 27 pages/cpu @ffff880003a00000 s78848 r8192 d23552 u2097152
[    0.000000] Built 1 zonelists in Node order, mobility grouping on.  Total pages: 16008
[    0.000000] Policy zone: DMA32
[    0.000000] Kernel command line: root=/dev/vda console=tty0 console=ttyS0 no_timer_check
[    0.000000] PID hash table entries: 256 (order: -1, 2048 bytes)
[    0.000000] Checking aperture...
[    0.000000] No AGP bridge found
[    0.000000] Memory: 43492k/65528k available (6576k kernel code, 452k absent, 21584k reserved, 6620k data, 928k init)
[    0.000000] SLUB: Genslabs=15, HWalign=64, Order=0-3, MinObjects=0, CPUs=1, Nodes=1
[    0.000000] Hierarchical RCU implementation.
[    0.000000] 	RCU dyntick-idle grace-period acceleration is enabled.
[    0.000000] NR_IRQS:4352 nr_irqs:256 16
[    0.000000] Console: colour VGA+ 80x25
[    0.000000] console [tty0] enabled
[    0.000000] console [ttyS0] enabled
[    0.000000] allocated 1048576 bytes of page_cgroup
[    0.000000] please try 'cgroup_disable=memory' option if you don't want memory cgroups
[    0.000000] Fast TSC calibration failed
[    0.000000] TSC: Unable to calibrate against PIT
[    0.000000] TSC: using HPET reference calibration
[    0.000000] Detected 2293.959 MHz processor.
[    0.032933] Calibrating delay loop (skipped), value calculated using timer frequency.. 4587.91 BogoMIPS (lpj=9175836)
[    0.036228] pid_max: default: 32768 minimum: 301
[    0.045847] Security Framework initialized
[    0.049079] AppArmor: AppArmor initialized
[    0.052124] Yama: becoming mindful.
[    0.060121] Dentry cache hash table entries: 8192 (order: 4, 65536 bytes)
[    0.061575] Inode-cache hash table entries: 4096 (order: 3, 32768 bytes)
[    0.064114] Mount-cache hash table entries: 256
[    0.083138] Initializing cgroup subsys cpuacct
[    0.084860] Initializing cgroup subsys memory
[    0.088890] Initializing cgroup subsys devices
[    0.090000] Initializing cgroup subsys freezer
[    0.092141] Initializing cgroup subsys blkio
[    0.092923] Initializing cgroup subsys perf_event
[    0.098725] mce: CPU supports 10 MCE banks
[    0.104186] SMP alternatives: switching to UP code
[    0.512191] Freeing SMP alternatives: 24k freed
[    0.513870] ACPI: Core revision 20110623
[    0.558158] ftrace: allocating 26610 entries in 105 pages
[    0.592036] ..TIMER: vector=0x30 apic1=0 pin1=2 apic2=-1 pin2=-1
[    0.592132] CPU0: AMD QEMU Virtual CPU version 2.0.0 stepping 03
[    0.596036] Performance Events: Broken PMU hardware detected, using software events only.
[    0.609565] NMI watchdog disabled (cpu0): hardware events not enabled
[    0.612231] Brought up 1 CPUs
[    0.612860] Total of 1 processors activated (4587.91 BogoMIPS).
[    0.638370] devtmpfs: initialized
[    0.670215] EVM: security.selinux
[    0.670692] EVM: security.SMACK64
[    0.671125] EVM: security.capability
[    0.694041] print_constraints: dummy: 
[    0.696433] RTC time: 12:19:28, date: 01/05/16
[    0.699320] NET: Registered protocol family 16
[    0.709490] ACPI: bus type pci registered
[    0.716405] PCI: Using configuration type 1 for base access
[    0.750436] bio: create slab &lt;bio-0&gt; at 0
[    0.757037] ACPI: Added _OSI(Module Device)
[    0.757805] ACPI: Added _OSI(Processor Device)
[    0.758494] ACPI: Added _OSI(3.0 _SCP Extensions)
[    0.759090] ACPI: Added _OSI(Processor Aggregator Device)
[    0.831193] ACPI: Interpreter enabled
[    0.832175] ACPI: (supports S0 S3 S4 S5)
[    0.834118] ACPI: Using IOAPIC for interrupt routing
[    0.904336] ACPI: No dock devices found.
[    0.905033] HEST: Table not found.
[    0.905602] PCI: Using host bridge windows from ACPI; if necessary, use "pci=nocrs" and report a bug
[    0.912056] ACPI: PCI Root Bridge [PCI0] (domain 0000 [bus 00-ff])
[    0.918440] pci_root PNP0A03:00: host bridge window [io  0x0000-0x0cf7]
[    0.919351] pci_root PNP0A03:00: host bridge window [io  0x0d00-0xadff]
[    0.920110] pci_root PNP0A03:00: host bridge window [io  0xae0f-0xaeff]
[    0.921254] pci_root PNP0A03:00: host bridge window [io  0xaf20-0xafdf]
[    0.922106] pci_root PNP0A03:00: host bridge window [io  0xafe4-0xffff]
[    0.924133] pci_root PNP0A03:00: host bridge window [mem 0x000a0000-0x000bffff]
[    0.925396] pci_root PNP0A03:00: host bridge window [mem 0x04000000-0xfebfffff]
[    0.948909] pci 0000:00:01.3: quirk: [io  0xb000-0xb03f] claimed by PIIX4 ACPI
[    0.949990] pci 0000:00:01.3: quirk: [io  0xb100-0xb10f] claimed by PIIX4 SMB
[    1.025805]  pci0000:00: Unable to request _OSC control (_OSC support mask: 0x1e)
[    1.084744] ACPI: PCI Interrupt Link [LNKA] (IRQs 5 *10 11)
[    1.087281] ACPI: PCI Interrupt Link [LNKB] (IRQs 5 *10 11)
[    1.089440] ACPI: PCI Interrupt Link [LNKC] (IRQs 5 10 *11)
[    1.092385] ACPI: PCI Interrupt Link [LNKD] (IRQs 5 10 *11)
[    1.094320] ACPI: PCI Interrupt Link [LNKS] (IRQs *9)
[    1.101685] vgaarb: device added: PCI:0000:00:02.0,decodes=io+mem,owns=io+mem,locks=none
[    1.102693] vgaarb: loaded
[    1.103092] vgaarb: bridge control possible 0000:00:02.0
[    1.106707] i2c-core: driver [aat2870] using legacy suspend method
[    1.108270] i2c-core: driver [aat2870] using legacy resume method
[    1.110921] SCSI subsystem initialized
[    1.114486] usbcore: registered new interface driver usbfs
[    1.116691] usbcore: registered new interface driver hub
[    1.117947] usbcore: registered new device driver usb
[    1.122987] PCI: Using ACPI for IRQ routing
[    1.136318] NetLabel: Initializing
[    1.136943] NetLabel:  domain hash size = 128
[    1.137461] NetLabel:  protocols = UNLABELED CIPSOv4
[    1.139296] NetLabel:  unlabeled traffic allowed by default
[    1.141540] HPET: 3 timers in total, 0 timers will be used for per-cpu timer
[    1.144330] hpet0: at MMIO 0xfed00000, IRQs 2, 8, 0
[    1.145287] hpet0: 3 comparators, 64-bit 100.000000 MHz counter
[    1.160929] Switching to clocksource hpet
[    1.410926] AppArmor: AppArmor Filesystem Enabled
[    1.412016] pnp: PnP ACPI init
[    1.413631] ACPI: bus type pnp registered
[    1.435339] pnp: PnP ACPI: found 9 devices
[    1.436042] ACPI: ACPI bus type pnp unregistered
[    1.491993] NET: Registered protocol family 2
[    1.525986] IP route cache hash table entries: 512 (order: 0, 4096 bytes)
[    1.534363] TCP established hash table entries: 2048 (order: 3, 32768 bytes)
[    1.535690] TCP bind hash table entries: 2048 (order: 3, 32768 bytes)
[    1.537413] TCP: Hash tables configured (established 2048 bind 2048)
[    1.539392] TCP reno registered
[    1.539959] UDP hash table entries: 128 (order: 0, 4096 bytes)
[    1.541797] UDP-Lite hash table entries: 128 (order: 0, 4096 bytes)
[    1.545389] NET: Registered protocol family 1
[    1.545925] pci 0000:00:00.0: Limiting direct PCI/PCI transfers
[    1.546924] pci 0000:00:01.0: PIIX3: Enabling Passive Release
[    1.547878] pci 0000:00:01.0: Activating ISA DMA hang workarounds
[    1.552071] ACPI: PCI Interrupt Link [LNKD] enabled at IRQ 11
[    1.555639] pci 0000:00:01.2: PCI INT D -&gt; Link[LNKD] -&gt; GSI 11 (level, high) -&gt; IRQ 11
[    1.558477] pci 0000:00:01.2: PCI INT D disabled
[    1.577107] Trying to unpack rootfs image as initramfs...
[    1.592250] audit: initializing netlink socket (disabled)
[    1.594992] type=2000 audit(1451996368.592:1): initialized
[    1.904538] HugeTLB registered 2 MB page size, pre-allocated 0 pages
[    1.995024] VFS: Disk quotas dquot_6.5.2
[    1.997351] Dquot-cache hash table entries: 512 (order 0, 4096 bytes)
[    2.022346] fuse init (API version 7.17)
[    2.033706] msgmni has been set to 84
[    2.074334] Block layer SCSI generic (bsg) driver version 0.4 loaded (major 253)
[    2.075866] io scheduler noop registered
[    2.077810] io scheduler deadline registered (default)
[    2.079056] io scheduler cfq registered
[    2.082882] pci_hotplug: PCI Hot Plug PCI Core version: 0.5
[    2.085625] pciehp: PCI Express Hot Plug Controller Driver version: 0.4
[    2.091142] input: Power Button as /devices/LNXSYSTM:00/LNXPWRBN:00/input/input0
[    2.093536] ACPI: Power Button [PWRF]
[    2.149264] ERST: Table is not found!
[    2.149788] GHES: HEST is not enabled!
[    2.159559] ACPI: PCI Interrupt Link [LNKC] enabled at IRQ 10
[    2.162072] virtio-pci 0000:00:03.0: PCI INT A -&gt; Link[LNKC] -&gt; GSI 10 (level, high) -&gt; IRQ 10
[    2.166340] virtio-pci 0000:00:04.0: PCI INT A -&gt; Link[LNKD] -&gt; GSI 11 (level, high) -&gt; IRQ 11
[    2.190208] ACPI: PCI Interrupt Link [LNKA] enabled at IRQ 10
[    2.191695] virtio-pci 0000:00:05.0: PCI INT A -&gt; Link[LNKA] -&gt; GSI 10 (level, high) -&gt; IRQ 10
[    2.205528] Serial: 8250/16550 driver, 32 ports, IRQ sharing enabled
[    2.247540] serial8250: ttyS0 at I/O 0x3f8 (irq = 4) is a 16550A
[    2.330736] serial8250: ttyS1 at I/O 0x2f8 (irq = 3) is a 16550A
[    2.450937] 00:05: ttyS0 at I/O 0x3f8 (irq = 4) is a 16550A
[    2.531846] 00:06: ttyS1 at I/O 0x2f8 (irq = 3) is a 16550A
[    2.563584] Refined TSC clocksource calibration: 2293.949 MHz.
[    2.565318] Switching to clocksource tsc
[    2.590397] Linux agpgart interface v0.103
[    2.664327] brd: module loaded
[    2.694817] loop: module loaded
[    2.749479]  vda: unknown partition table
[    2.797967] scsi0 : ata_piix
[    2.805144] scsi1 : ata_piix
[    2.806531] ata1: PATA max MWDMA2 cmd 0x1f0 ctl 0x3f6 bmdma 0xc0a0 irq 14
[    2.807349] ata2: PATA max MWDMA2 cmd 0x170 ctl 0x376 bmdma 0xc0a8 irq 15
[    2.817448] Fixed MDIO Bus: probed
[    2.818355] tun: Universal TUN/TAP device driver, 1.6
[    2.818923] tun: (C) 1999-2004 Max Krasnyansky &lt;maxk@qualcomm.com&gt;
[    2.830802] PPP generic driver version 2.4.2
[    2.852149] ehci_hcd: USB 2.0 'Enhanced' Host Controller (EHCI) Driver
[    2.853662] ohci_hcd: USB 1.1 'Open' Host Controller (OHCI) Driver
[    2.855259] uhci_hcd: USB Universal Host Controller Interface driver
[    2.857125] uhci_hcd 0000:00:01.2: PCI INT D -&gt; Link[LNKD] -&gt; GSI 11 (level, high) -&gt; IRQ 11
[    2.859721] uhci_hcd 0000:00:01.2: UHCI Host Controller
[    2.873782] uhci_hcd 0000:00:01.2: new USB bus registered, assigned bus number 1
[    2.875566] uhci_hcd 0000:00:01.2: irq 11, io base 0x0000c040
[    2.903324] hub 1-0:1.0: USB hub found
[    2.906890] hub 1-0:1.0: 2 ports detected
[    2.920275] usbcore: registered new interface driver libusual
[    2.923800] i8042: PNP: PS/2 Controller [PNP0303:KBD,PNP0f13:MOU] at 0x60,0x64 irq 1,12
[    2.932874] serio: i8042 KBD port at 0x60,0x64 irq 1
[    2.935535] serio: i8042 AUX port at 0x60,0x64 irq 12
[    2.984741] mousedev: PS/2 mouse device common for all mice
[    2.993992] input: AT Translated Set 2 keyboard as /devices/platform/i8042/serio0/input/input1
[    2.999844] rtc_cmos 00:01: RTC can wake from S4
[    3.024021] rtc_cmos 00:01: rtc core: registered rtc_cmos as rtc0
[    3.029893] rtc0: alarms up to one day, 114 bytes nvram, hpet irqs
[    3.033044] device-mapper: uevent: version 1.0.3
[    3.074922] device-mapper: ioctl: 4.22.0-ioctl (2011-10-19) initialised: dm-devel@redhat.com
[    3.079579] cpuidle: using governor ladder
[    3.081812] cpuidle: using governor menu
[    3.083114] EFI Variables Facility v0.08 2004-May-17
[    3.097146] TCP cubic registered
[    3.102428] NET: Registered protocol family 10
[    3.135702] NET: Registered protocol family 17
[    3.137544] Registering the dns_resolver key type
[    3.145945] ata2.01: ATAPI: QEMU DVD-ROM, 2.0.0, max UDMA/100
[    3.164034] ata2.01: configured for MWDMA2
[    3.200017] scsi 1:0:1:0: CD-ROM            QEMU     QEMU DVD-ROM     2.0. PQ: 0 ANSI: 5
[    3.225229] sr0: scsi3-mmc drive: 4x/4x cd/rw xa/form2 tray
[    3.227446] cdrom: Uniform CD-ROM driver Revision: 3.20
[    3.249187] sr 1:0:1:0: Attached scsi generic sg0 type 5
[    3.287512] registered taskstats version 1
[    3.345296] Freeing initrd memory: 3656k freed
[    3.879723]   Magic number: 0:885:328
[    3.902983] rtc_cmos 00:01: setting system clock to 2016-01-05 12:19:31 UTC (1451996371)
[    3.908541] powernow-k8: Processor cpuid 663 not supported
[    3.917015] BIOS EDD facility v0.16 2004-Jun-25, 0 devices found
[    3.918645] EDD information not available.
[    3.976620] Freeing unused kernel memory: 928k freed
[    3.982098] Write protecting the kernel read-only data: 12288k
[    4.099740] Freeing unused kernel memory: 1596k freed
[    4.165820] Freeing unused kernel memory: 1184k freed

info: initramfs: up at 4.34
modprobe: module virtio_blk not found in modules.dep
modprobe: module virtio_net not found in modules.dep
info: copying initramfs to /dev/vda
info: initramfs loading root from /dev/vda
info: /etc/init.d/rc.sysinit: up at 9.07
info: container: none
Starting logging: OK
modprobe: module virtio_blk not found in modules.dep
modprobe: module virtio_net not found in modules.dep
WARN: /etc/rc3.d/S10-load-modules failed
Initializing random number generator... done.
Starting acpid: OK
cirros-ds 'local' up at 11.48
found datasource (configdrive, local)
Starting network...
udhcpc (v1.20.1) started
Sending discover...
Sending discover...

2016-01-05 12:21:28,814 24225 INFO     [tempest_lib.common.rest_client] Request (TestNetworkAdvancedServerOps:_run_cleanups): 204 DELETE http://10.0.2.15:9696/v2.0/floatingips/0d0877a4-1418-4b3b-8b5d-f13d69386e01 0.282s
2016-01-05 12:21:28,815 24225 DEBUG    [tempest_lib.common.rest_client] Request - Headers: {'Content-Type': 'application/json', 'Accept': 'application/json', 'X-Auth-Token': '&lt;omitted&gt;'}
        Body: None
    Response - Headers: {'date': 'Tue, 05 Jan 2016 12:21:28 GMT', 'status': '204', 'connection': 'close', 'content-length': '0', 'x-openstack-request-id': 'req-2b124369-5b9d-4509-84d3-812659b9af5c'}
        Body: 
2016-01-05 12:21:29,022 24225 INFO     [tempest_lib.common.rest_client] Request (TestNetworkAdvancedServerOps:_run_cleanups): 204 DELETE http://10.0.2.15:8774/v2.1/03781b70413f4a6ab9e68840c582d787/servers/02f9155b-4149-4a44-89c5-e30cc02973d3 0.207s
2016-01-05 12:21:29,023 24225 DEBUG    [tempest_lib.common.rest_client] Request - Headers: {'Content-Type': 'application/json', 'Accept': 'application/json', 'X-Auth-Token': '&lt;omitted&gt;'}
        Body: None
    Response - Headers: {'status': '204', 'content-length': '0', 'x-compute-request-id': 'req-7ed17967-eaa5-49d8-9cfe-e3d6f1981aab', 'vary': 'X-OpenStack-Nova-API-Version', 'connection': 'close', 'x-openstack-nova-api-version': '2.1', 'date': 'Tue, 05 Jan 2016 12:21:29 GMT', 'content-type': 'application/json'}
        Body: 
2016-01-05 12:21:29,244 24225 INFO     [tempest_lib.common.rest_client] Request (TestNetworkAdvancedServerOps:_run_cleanups): 200 GET http://10.0.2.15:8774/v2.1/03781b70413f4a6ab9e68840c582d787/servers/02f9155b-4149-4a44-89c5-e30cc02973d3 0.220s
2016-01-05 12:21:29,244 24225 DEBUG    [tempest_lib.common.rest_client] Request - Headers: {'Content-Type': 'application/json', 'Accept': 'application/json', 'X-Auth-Token': '&lt;omitted&gt;'}
        Body: None
    Response - Headers: {'status': '200', 'content-length': '1783', 'content-location': 'http://10.0.2.15:8774/v2.1/03781b70413f4a6ab9e68840c582d787/servers/02f9155b-4149-4a44-89c5-e30cc02973d3', 'x-compute-request-id': 'req-29bb458f-0af1-4b89-92e7-20743c194455', 'vary': 'X-OpenStack-Nova-API-Version', 'connection': 'close', 'x-openstack-nova-api-version': '2.1', 'date': 'Tue, 05 Jan 2016 12:21:29 GMT', 'content-type': 'application/json'}
        Body: {"server": {"status": "ACTIVE", "updated": "2016-01-05T12:21:28Z", "hostId": "0a60451680ee6db35b9e4418b6631bde18ec0798ad88a8c9354991a0", "addresses": {"tempest-network-smoke--568935930": [{"OS-EXT-IPS-MAC:mac_addr": "fa:16:3e:fb:27:0d", "version": 4, "addr": "10.100.0.3", "OS-EXT-IPS:type": "fixed"}, {"OS-EXT-IPS-MAC:mac_addr": "fa:16:3e:fb:27:0d", "version": 4, "addr": "172.24.4.4", "OS-EXT-IPS:type": "floating"}]}, "links": [{"href": "http://10.0.2.15:8774/v2.1/03781b70413f4a6ab9e68840c582d787/servers/02f9155b-4149-4a44-89c5-e30cc02973d3", "rel": "self"}, {"href": "http://10.0.2.15:8774/03781b70413f4a6ab9e68840c582d787/servers/02f9155b-4149-4a44-89c5-e30cc02973d3", "rel": "bookmark"}], "key_name": "tempest-TestNetworkAdvancedServerOps-1055920953", "image": {"id": "0cb14b64-cc8b-4158-8479-3e20d7125940", "links": [{"href": "http://10.0.2.15:8774/03781b70413f4a6ab9e68840c582d787/images/0cb14b64-cc8b-4158-8479-3e20d7125940", "rel": "bookmark"}]}, "OS-EXT-STS:task_state": "deleting", "OS-EXT-STS:vm_state": "active", "OS-SRV-USG:launched_at": "2016-01-05T12:19:25.000000", "flavor": {"id": "42", "links": [{"href": "http://10.0.2.15:8774/03781b70413f4a6ab9e68840c582d787/flavors/42", "rel": "bookmark"}]}, "id": "02f9155b-4149-4a44-89c5-e30cc02973d3", "security_groups": [{"name": "tempest-secgroup-smoke-368913772"}], "OS-SRV-USG:terminated_at": null, "OS-EXT-AZ:availability_zone": "nova", "user_id": "d69643509228408ab979240f53098e7d", "name": "tempest.common.compute-instance-541097474", "created": "2016-01-05T12:19:21Z", "tenant_id": "03781b70413f4a6ab9e68840c582d787", "OS-DCF:diskConfig": "MANUAL", "os-extended-volumes:volumes_attached": [], "accessIPv4": "", "accessIPv6": "", "progress": 0, "OS-EXT-STS:power_state": 1, "config_drive": "True", "metadata": {}}}
2016-01-05 12:21:30,412 24225 INFO     [tempest_lib.common.rest_client] Request (TestNetworkAdvancedServerOps:_run_cleanups): 200 GET http://10.0.2.15:8774/v2.1/03781b70413f4a6ab9e68840c582d787/servers/02f9155b-4149-4a44-89c5-e30cc02973d3 0.157s
2016-01-05 12:21:30,412 24225 DEBUG    [tempest_lib.common.rest_client] Request - Headers: {'Content-Type': 'application/json', 'Accept': 'application/json', 'X-Auth-Token': '&lt;omitted&gt;'}
        Body: None
    Response - Headers: {'status': '200', 'content-length': '1716', 'content-location': 'http://10.0.2.15:8774/v2.1/03781b70413f4a6ab9e68840c582d787/servers/02f9155b-4149-4a44-89c5-e30cc02973d3', 'x-compute-request-id': 'req-e82bae64-5915-4687-b424-4d56d9355723', 'vary': 'X-OpenStack-Nova-API-Version', 'connection': 'close', 'x-openstack-nova-api-version': '2.1', 'date': 'Tue, 05 Jan 2016 12:21:30 GMT', 'content-type': 'application/json'}
        Body: {"server": {"status": "ACTIVE", "updated": "2016-01-05T12:21:29Z", "hostId": "0a60451680ee6db35b9e4418b6631bde18ec0798ad88a8c9354991a0", "addresses": {"tempest-network-smoke--568935930": [{"OS-EXT-IPS-MAC:mac_addr": "fa:16:3e:fb:27:0d", "version": 4, "addr": "10.100.0.3", "OS-EXT-IPS:type": "fixed"}, {"OS-EXT-IPS-MAC:mac_addr": "fa:16:3e:fb:27:0d", "version": 4, "addr": "172.24.4.4", "OS-EXT-IPS:type": "floating"}]}, "links": [{"href": "http://10.0.2.15:8774/v2.1/03781b70413f4a6ab9e68840c582d787/servers/02f9155b-4149-4a44-89c5-e30cc02973d3", "rel": "self"}, {"href": "http://10.0.2.15:8774/03781b70413f4a6ab9e68840c582d787/servers/02f9155b-4149-4a44-89c5-e30cc02973d3", "rel": "bookmark"}], "key_name": "tempest-TestNetworkAdvancedServerOps-1055920953", "image": {"id": "0cb14b64-cc8b-4158-8479-3e20d7125940", "links": [{"href": "http://10.0.2.15:8774/03781b70413f4a6ab9e68840c582d787/images/0cb14b64-cc8b-4158-8479-3e20d7125940", "rel": "bookmark"}]}, "OS-EXT-STS:task_state": "deleting", "OS-EXT-STS:vm_state": "active", "OS-SRV-USG:launched_at": "2016-01-05T12:19:25.000000", "flavor": {"id": "42", "links": [{"href": "http://10.0.2.15:8774/03781b70413f4a6ab9e68840c582d787/flavors/42", "rel": "bookmark"}]}, "id": "02f9155b-4149-4a44-89c5-e30cc02973d3", "OS-SRV-USG:terminated_at": null, "OS-EXT-AZ:availability_zone": "nova", "user_id": "d69643509228408ab979240f53098e7d", "name": "tempest.common.compute-instance-541097474", "created": "2016-01-05T12:19:21Z", "tenant_id": "03781b70413f4a6ab9e68840c582d787", "OS-DCF:diskConfig": "MANUAL", "os-extended-volumes:volumes_attached": [], "accessIPv4": "", "accessIPv6": "", "progress": 0, "OS-EXT-STS:power_state": 1, "config_drive": "True", "metadata": {}}}
2016-01-05 12:21:31,509 24225 INFO     [tempest_lib.common.rest_client] Request (TestNetworkAdvancedServerOps:_run_cleanups): 404 GET http://10.0.2.15:8774/v2.1/03781b70413f4a6ab9e68840c582d787/servers/02f9155b-4149-4a44-89c5-e30cc02973d3 0.086s
2016-01-05 12:21:31,510 24225 DEBUG    [tempest_lib.common.rest_client] Request - Headers: {'Content-Type': 'application/json', 'Accept': 'application/json', 'X-Auth-Token': '&lt;omitted&gt;'}
        Body: None
    Response - Headers: {'status': '404', 'content-length': '111', 'x-compute-request-id': 'req-3c2f72a9-3b5f-453f-8229-4e80a61afc02', 'vary': 'X-OpenStack-Nova-API-Version', 'connection': 'close', 'x-openstack-nova-api-version': '2.1', 'date': 'Tue, 05 Jan 2016 12:21:31 GMT', 'content-type': 'application/json; charset=UTF-8'}
        Body: {"itemNotFound": {"message": "Instance 02f9155b-4149-4a44-89c5-e30cc02973d3 could not be found.", "code": 404}}
2016-01-05 12:21:31,938 24225 INFO     [tempest_lib.common.rest_client] Request (TestNetworkAdvancedServerOps:_run_cleanups): 200 PUT http://10.0.2.15:9696/v2.0/routers/edd5220a-a25a-4a4c-bdea-527415d5eb7f/remove_router_interface 0.426s
2016-01-05 12:21:31,938 24225 DEBUG    [tempest_lib.common.rest_client] Request - Headers: {'Content-Type': 'application/json', 'Accept': 'application/json', 'X-Auth-Token': '&lt;omitted&gt;'}
        Body: {"subnet_id": "dce24aee-2587-425b-854d-6d8010d77ea9"}
    Response - Headers: {'status': '200', 'content-length': '255', 'connection': 'close', 'date': 'Tue, 05 Jan 2016 12:21:31 GMT', 'content-type': 'application/json; charset=UTF-8', 'x-openstack-request-id': 'req-e91f1553-a575-4de0-b0dc-fb626387f663'}
        Body: {"subnet_id": "dce24aee-2587-425b-854d-6d8010d77ea9", "tenant_id": "03781b70413f4a6ab9e68840c582d787", "subnet_ids": ["dce24aee-2587-425b-854d-6d8010d77ea9"], "port_id": "7cc101d8-b2f7-43eb-b503-2a47390399e9", "id": "edd5220a-a25a-4a4c-bdea-527415d5eb7f"}
2016-01-05 12:21:32,446 24225 INFO     [tempest_lib.common.rest_client] Request (TestNetworkAdvancedServerOps:_run_cleanups): 204 DELETE http://10.0.2.15:9696/v2.0/subnets/dce24aee-2587-425b-854d-6d8010d77ea9 0.508s
2016-01-05 12:21:32,447 24225 DEBUG    [tempest_lib.common.rest_client] Request - Headers: {'Content-Type': 'application/json', 'Accept': 'application/json', 'X-Auth-Token': '&lt;omitted&gt;'}
        Body: None
    Response - Headers: {'date': 'Tue, 05 Jan 2016 12:21:32 GMT', 'status': '204', 'connection': 'close', 'content-length': '0', 'x-openstack-request-id': 'req-d97187ed-132b-45c0-a8f2-40bb56ed2420'}
        Body: 
2016-01-05 12:21:32,543 24225 INFO     [tempest_lib.common.rest_client] Request (TestNetworkAdvancedServerOps:_run_cleanups): 200 GET http://10.0.2.15:9696/v2.0/routers/edd5220a-a25a-4a4c-bdea-527415d5eb7f 0.096s
2016-01-05 12:21:32,545 24225 DEBUG    [tempest_lib.common.rest_client] Request - Headers: {'Content-Type': 'application/json', 'Accept': 'application/json', 'X-Auth-Token': '&lt;omitted&gt;'}
        Body: None
    Response - Headers: {'status': '200', 'content-length': '563', 'content-location': 'http://10.0.2.15:9696/v2.0/routers/edd5220a-a25a-4a4c-bdea-527415d5eb7f', 'connection': 'close', 'date': 'Tue, 05 Jan 2016 12:21:32 GMT', 'content-type': 'application/json; charset=UTF-8', 'x-openstack-request-id': 'req-6543761a-6d52-43c6-8b0d-7bac1fff096f'}
        Body: {"router": {"status": "ACTIVE", "external_gateway_info": {"network_id": "836485e9-95ab-498f-812e-9ab8fb2545b9", "enable_snat": true, "external_fixed_ips": [{"subnet_id": "3e4420b2-dcbd-452e-af1d-4ceb0dbfa389", "ip_address": "172.24.4.3"}, {"subnet_id": "00a8b045-dd53-43d3-91b6-177703f94b49", "ip_address": "2001:db8::4"}]}, "availability_zone_hints": [], "availability_zones": ["nova"], "name": "tempest-router-smoke-795160896", "admin_state_up": true, "tenant_id": "03781b70413f4a6ab9e68840c582d787", "routes": [], "id": "edd5220a-a25a-4a4c-bdea-527415d5eb7f"}}
2016-01-05 12:21:33,041 24225 INFO     [tempest_lib.common.rest_client] Request (TestNetworkAdvancedServerOps:_run_cleanups): 200 PUT http://10.0.2.15:9696/v2.0/routers/edd5220a-a25a-4a4c-bdea-527415d5eb7f 0.496s
2016-01-05 12:21:33,042 24225 DEBUG    [tempest_lib.common.rest_client] Request - Headers: {'Content-Type': 'application/json', 'Accept': 'application/json', 'X-Auth-Token': '&lt;omitted&gt;'}
        Body: {"router": {"external_gateway_info": {}, "name": "tempest-router-smoke-795160896", "admin_state_up": true}}
    Response - Headers: {'status': '200', 'content-length': '301', 'connection': 'close', 'date': 'Tue, 05 Jan 2016 12:21:33 GMT', 'content-type': 'application/json; charset=UTF-8', 'x-openstack-request-id': 'req-7f69a011-0e1c-4559-9a04-875a862e8e25'}
        Body: {"router": {"status": "ACTIVE", "external_gateway_info": null, "availability_zone_hints": [], "availability_zones": ["nova"], "name": "tempest-router-smoke-795160896", "admin_state_up": true, "tenant_id": "03781b70413f4a6ab9e68840c582d787", "routes": [], "id": "edd5220a-a25a-4a4c-bdea-527415d5eb7f"}}
2016-01-05 12:21:33,324 24225 INFO     [tempest_lib.common.rest_client] Request (TestNetworkAdvancedServerOps:_run_cleanups): 204 DELETE http://10.0.2.15:9696/v2.0/routers/edd5220a-a25a-4a4c-bdea-527415d5eb7f 0.281s
2016-01-05 12:21:33,325 24225 DEBUG    [tempest_lib.common.rest_client] Request - Headers: {'Content-Type': 'application/json', 'Accept': 'application/json', 'X-Auth-Token': '&lt;omitted&gt;'}
        Body: None
    Response - Headers: {'date': 'Tue, 05 Jan 2016 12:21:33 GMT', 'status': '204', 'connection': 'close', 'content-length': '0', 'x-openstack-request-id': 'req-d3df470f-619b-4e95-a013-e08fbc244dc5'}
        Body: 
2016-01-05 12:21:33,537 24225 INFO     [tempest_lib.common.rest_client] Request (TestNetworkAdvancedServerOps:_run_cleanups): 204 DELETE http://10.0.2.15:9696/v2.0/networks/36747f61-f181-4692-ab18-54ee972f1fa0 0.211s
2016-01-05 12:21:33,538 24225 DEBUG    [tempest_lib.common.rest_client] Request - Headers: {'Content-Type': 'application/json', 'Accept': 'application/json', 'X-Auth-Token': '&lt;omitted&gt;'}
        Body: None
    Response - Headers: {'date': 'Tue, 05 Jan 2016 12:21:33 GMT', 'status': '204', 'connection': 'close', 'content-length': '0', 'x-openstack-request-id': 'req-1038dcd3-3115-4496-b6b8-ff4bc226edd8'}
        Body: 
2016-01-05 12:21:33,602 24225 INFO     [tempest_lib.common.rest_client] Request (TestNetworkAdvancedServerOps:_run_cleanups): 204 DELETE http://10.0.2.15:9696/v2.0/security-group-rules/a50c9c59-8940-40e9-b201-90fdf02f1fad 0.063s
2016-01-05 12:21:33,603 24225 DEBUG    [tempest_lib.common.rest_client] Request - Headers: {'Content-Type': 'application/json', 'Accept': 'application/json', 'X-Auth-Token': '&lt;omitted&gt;'}
        Body: None
    Response - Headers: {'date': 'Tue, 05 Jan 2016 12:21:33 GMT', 'status': '204', 'connection': 'close', 'content-length': '0', 'x-openstack-request-id': 'req-5ff596b6-5cb0-4ba4-af5b-0e1b72fb2e12'}
        Body: 
2016-01-05 12:21:33,660 24225 INFO     [tempest_lib.common.rest_client] Request (TestNetworkAdvancedServerOps:_run_cleanups): 204 DELETE http://10.0.2.15:9696/v2.0/security-group-rules/b31ef398-cd9c-4a6a-a451-7b1ca6a053a1 0.056s
2016-01-05 12:21:33,661 24225 DEBUG    [tempest_lib.common.rest_client] Request - Headers: {'Content-Type': 'application/json', 'Accept': 'application/json', 'X-Auth-Token': '&lt;omitted&gt;'}
        Body: None
    Response - Headers: {'date': 'Tue, 05 Jan 2016 12:21:33 GMT', 'status': '204', 'connection': 'close', 'content-length': '0', 'x-openstack-request-id': 'req-a90ac877-fd15-4357-ac43-91ed69cc431e'}
        Body: 
2016-01-05 12:21:33,731 24225 INFO     [tempest_lib.common.rest_client] Request (TestNetworkAdvancedServerOps:_run_cleanups): 204 DELETE http://10.0.2.15:9696/v2.0/security-group-rules/051aa7bb-4165-4929-83af-c13eb1b054a9 0.068s
2016-01-05 12:21:33,731 24225 DEBUG    [tempest_lib.common.rest_client] Request - Headers: {'Content-Type': 'application/json', 'Accept': 'application/json', 'X-Auth-Token': '&lt;omitted&gt;'}
        Body: None
    Response - Headers: {'date': 'Tue, 05 Jan 2016 12:21:33 GMT', 'status': '204', 'connection': 'close', 'content-length': '0', 'x-openstack-request-id': 'req-cbc0c90b-0826-41e9-99f6-dcdbaba67bb2'}
        Body: 
2016-01-05 12:21:33,795 24225 INFO     [tempest_lib.common.rest_client] Request (TestNetworkAdvancedServerOps:_run_cleanups): 204 DELETE http://10.0.2.15:9696/v2.0/security-group-rules/0e9cbad3-ece6-4e8f-be2c-d2313d0111b5 0.063s
2016-01-05 12:21:33,796 24225 DEBUG    [tempest_lib.common.rest_client] Request - Headers: {'Content-Type': 'application/json', 'Accept': 'application/json', 'X-Auth-Token': '&lt;omitted&gt;'}
        Body: None
    Response - Headers: {'date': 'Tue, 05 Jan 2016 12:21:33 GMT', 'status': '204', 'connection': 'close', 'content-length': '0', 'x-openstack-request-id': 'req-aac5cff3-f065-40a6-9dce-9cd36e5482d4'}
        Body: 
2016-01-05 12:21:33,849 24225 INFO     [tempest_lib.common.rest_client] Request (TestNetworkAdvancedServerOps:_run_cleanups): 204 DELETE http://10.0.2.15:9696/v2.0/security-group-rules/d9a493b3-5e22-45e5-9124-b4b20156da79 0.052s
2016-01-05 12:21:33,850 24225 DEBUG    [tempest_lib.common.rest_client] Request - Headers: {'Content-Type': 'application/json', 'Accept': 'application/json', 'X-Auth-Token': '&lt;omitted&gt;'}
        Body: None
    Response - Headers: {'date': 'Tue, 05 Jan 2016 12:21:33 GMT', 'status': '204', 'connection': 'close', 'content-length': '0', 'x-openstack-request-id': 'req-c899e097-005b-43d2-9171-f95a3f281fdc'}
        Body: 
2016-01-05 12:21:33,910 24225 INFO     [tempest_lib.common.rest_client] Request (TestNetworkAdvancedServerOps:_run_cleanups): 204 DELETE http://10.0.2.15:9696/v2.0/security-group-rules/35d8ff1b-4731-48e7-ab84-4c69c6b98370 0.058s
2016-01-05 12:21:33,910 24225 DEBUG    [tempest_lib.common.rest_client] Request - Headers: {'Content-Type': 'application/json', 'Accept': 'application/json', 'X-Auth-Token': '&lt;omitted&gt;'}
        Body: None
    Response - Headers: {'date': 'Tue, 05 Jan 2016 12:21:33 GMT', 'status': '204', 'connection': 'close', 'content-length': '0', 'x-openstack-request-id': 'req-4067ba1a-51f3-45b2-838e-194deec3f147'}
        Body: 
2016-01-05 12:21:33,990 24225 INFO     [tempest_lib.common.rest_client] Request (TestNetworkAdvancedServerOps:_run_cleanups): 204 DELETE http://10.0.2.15:9696/v2.0/security-groups/72c6fe9d-e9a6-481b-84a3-5f10343bb56d 0.078s
2016-01-05 12:21:33,990 24225 DEBUG    [tempest_lib.common.rest_client] Request - Headers: {'Content-Type': 'application/json', 'Accept': 'application/json', 'X-Auth-Token': '&lt;omitted&gt;'}
        Body: None
    Response - Headers: {'date': 'Tue, 05 Jan 2016 12:21:33 GMT', 'status': '204', 'connection': 'close', 'content-length': '0', 'x-openstack-request-id': 'req-020cd8a9-c56c-4515-a2e2-44abb9767520'}
        Body: 
2016-01-05 12:21:34,005 24225 INFO     [tempest_lib.common.rest_client] Request (TestNetworkAdvancedServerOps:_run_cleanups): 202 DELETE http://10.0.2.15:8774/v2.1/03781b70413f4a6ab9e68840c582d787/os-keypairs/tempest-TestNetworkAdvancedServerOps-1055920953 0.014s
2016-01-05 12:21:34,005 24225 DEBUG    [tempest_lib.common.rest_client] Request - Headers: {'Content-Type': 'application/json', 'Accept': 'application/json', 'X-Auth-Token': '&lt;omitted&gt;'}
        Body: None
    Response - Headers: {'status': '202', 'content-length': '0', 'x-compute-request-id': 'req-bb18e816-ed21-4365-8474-a7b6f78b73ce', 'vary': 'X-OpenStack-Nova-API-Version', 'connection': 'close', 'x-openstack-nova-api-version': '2.1', 'date': 'Tue, 05 Jan 2016 12:21:34 GMT', 'content-type': 'application/json'}
        Body: 
2016-01-05 12:21:34,085 24225 INFO     [tempest_lib.common.rest_client] Request (TestNetworkAdvancedServerOps:_run_cleanups): 404 GET http://10.0.2.15:8774/v2.1/03781b70413f4a6ab9e68840c582d787/servers/02f9155b-4149-4a44-89c5-e30cc02973d3 0.079s
2016-01-05 12:21:34,086 24225 DEBUG    [tempest_lib.common.rest_client] Request - Headers: {'Content-Type': 'application/json', 'Accept': 'application/json', 'X-Auth-Token': '&lt;omitted&gt;'}
        Body: None
    Response - Headers: {'status': '404', 'content-length': '111', 'x-compute-request-id': 'req-e67bbf84-2849-4a63-ad9a-2fbd39ef9603', 'vary': 'X-OpenStack-Nova-API-Version', 'connection': 'close', 'x-openstack-nova-api-version': '2.1', 'date': 'Tue, 05 Jan 2016 12:21:34 GMT', 'content-type': 'application/json; charset=UTF-8'}
        Body: {"itemNotFound": {"message": "Instance 02f9155b-4149-4a44-89c5-e30cc02973d3 could not be found.", "code": 404}}
}}}

Traceback (most recent call last):
  File "tempest/test.py", line 113, in wrapper
    return f(self, *func_args, **func_kwargs)
  File "tempest/scenario/test_network_advanced_server_ops.py", line 134, in test_server_connectivity_pause_unpause
    server, keypair, floating_ip = self._setup_network_and_servers()
  File "tempest/scenario/test_network_advanced_server_ops.py", line 71, in _setup_network_and_servers
    server, keypair, floating_ip)
  File "tempest/scenario/test_network_advanced_server_ops.py", line 95, in _wait_server_status_and_check_network_connectivity
    self._check_network_connectivity(server, keypair, floating_ip)
  File "tempest/scenario/test_network_advanced_server_ops.py", line 88, in _check_network_connectivity
    servers=[server])
  File "tempest/scenario/manager.py", line 609, in check_public_network_connectivity
    should_connect=should_connect)
  File "tempest/scenario/manager.py", line 593, in check_vm_connectivity
    msg=msg)
  File "/usr/local/lib/python2.7/dist-packages/unittest2/case.py", line 702, in assertTrue
    raise self.failureException(msg)
AssertionError: False is not true : Timed out waiting for 172.24.4.4 to become reachable



        </pre>
    </div>
    <!--css div popup end-->

    </td>
</tr>

<tr id='ft1.2' class='none'>
    <td class='failCase'><div class='testcase'>test_server_connectivity_reboot[compute,id-7b6860c2-afa3-4846-9522-adeb38dfbe08,network]</div></td>
    <td colspan='7' align='left'>

    <!--css div popup start-->
    <a class="popup_link" onfocus='this.blur();'
    href="javascript:showTestDetail('div_ft1.2')" >
        fail</a>

    <div id='div_ft1.2' class="popup_window">
        <div style='text-align: right; color:red;cursor:pointer'>
        <a onfocus='this.blur();'
onclick="document.getElementById('div_ft1.2').style.display = 'none' " >
           [x]</a>
        </div>
        <pre>
        
ft1.2: tempest.scenario.test_network_advanced_server_ops.TestNetworkAdvancedServerOps.test_server_connectivity_reboot[compute,id-7b6860c2-afa3-4846-9522-adeb38dfbe08,network]_StringException: Empty attachments:
  stderr
  stdout

pythonlogging:'': {{{
