<?xml version="1.0" encoding="UTF-8"?>
<!DOCTYPE html PUBLIC "-//W3C//DTD XHTML 1.0 Strict//EN"
     "http://www.w3.org/TR/xhtml1/DTD/xhtml1-strict.dtd">
<html xmlns="http://www.w3.org/1999/xhtml">
<head>
    <title>Unit Test Report</title>
    <meta name="generator" content="subunit2html 0.1"/>
    <meta http-equiv="Content-Type" content="text/html; charset=UTF-8"/>
    
<style type="text/css" media="screen">
body        { font-family: verdana, arial, helvetica, sans-serif;
    font-size: 80%; }
table       { font-size: 100%; width: 100%;}
pre         { font-size: 80%; }

/* -- heading -------------------------------------------------------------- */
h1 {
        font-size: 16pt;
        color: gray;
}
.heading {
    margin-top: 0ex;
    margin-bottom: 1ex;
}

.heading .attribute {
    margin-top: 1ex;
    margin-bottom: 0;
}

.heading .description {
    margin-top: 4ex;
    margin-bottom: 6ex;
}

/* -- css div popup -------------------------------------------------------- */
a.popup_link {
}

a.popup_link:hover {
    color: red;
}

.popup_window {
    display: none;
    overflow-x: scroll;
    /*border: solid #627173 1px; */
    padding: 10px;
    background-color: #E6E6D6;
    font-family: "Ubuntu Mono", "Lucida Console", "Courier New", monospace;
    text-align: left;
    font-size: 8pt;
}

}
/* -- report --------------------------------------------------------------- */
#show_detail_line {
    margin-top: 3ex;
    margin-bottom: 1ex;
}
#result_table {
    width: 100%;
    border-collapse: collapse;
    border: 1px solid #777;
}
#header_row {
    font-weight: bold;
    color: white;
    background-color: #777;
}
#result_table td {
    border: 1px solid #777;
    padding: 2px;
}
#total_row  { font-weight: bold; }
.passClass  { background-color: #6c6; }
.failClass  { background-color: #c60; }
.errorClass { background-color: #c00; }
.passCase   { color: #6c6; }
.failCase   { color: #c60; font-weight: bold; }
.errorCase  { color: #c00; font-weight: bold; }
.hiddenRow  { display: none; }
.testcase   { margin-left: 2em; }
td.testname {width: 40%}
td.small {width: 40px}

/* -- ending --------------------------------------------------------------- */
#ending {
}

</style>

</head>
<body>
<script language="javascript" type="text/javascript"><!--
output_list = Array();

/* level - 0:Summary; 1:Failed; 2:All */
function showCase(level) {
    trs = document.getElementsByTagName("tr");
    for (var i = 0; i < trs.length; i++) {
        tr = trs[i];
        id = tr.id;
        if (id.substr(0,2) == 'ft') {
            if (level < 1) {
                tr.className = 'hiddenRow';
            }
            else {
                tr.className = '';
            }
        }
        if (id.substr(0,2) == 'pt') {
            if (level > 1) {
                tr.className = '';
            }
            else {
                tr.className = 'hiddenRow';
            }
        }
    }
}


function showClassDetail(cid, count) {
    var id_list = Array(count);
    var toHide = 1;
    for (var i = 0; i < count; i++) {
        tid0 = 't' + cid.substr(1) + '.' + (i+1);
        tid = 'f' + tid0;
        tr = document.getElementById(tid);
        if (!tr) {
            tid = 'p' + tid0;
            tr = document.getElementById(tid);
        }
        id_list[i] = tid;
        if (tr.className) {
            toHide = 0;
        }
    }
    for (var i = 0; i < count; i++) {
        tid = id_list[i];
        if (toHide) {
            document.getElementById('div_'+tid).style.display = 'none'
            document.getElementById(tid).className = 'hiddenRow';
        }
        else {
            document.getElementById(tid).className = '';
        }
    }
}


function showTestDetail(div_id){
    var details_div = document.getElementById(div_id)
    var displayState = details_div.style.display
    // alert(displayState)
    if (displayState != 'block' ) {
        displayState = 'block'
        details_div.style.display = 'block'
    }
    else {
        details_div.style.display = 'none'
    }
}


function html_escape(s) {
    s = s.replace(/&/g,'&amp;');
    s = s.replace(/</g,'&lt;');
    s = s.replace(/>/g,'&gt;');
    return s;
}

/* obsoleted by detail in <div>
function showOutput(id, name) {
    var w = window.open("", //url
                    name,
                    "resizable,scrollbars,status,width=800,height=450");
    d = w.document;
    d.write("<pre>");
    d.write(html_escape(output_list[id]));
    d.write("\n");
    d.write("<a href='javascript:window.close()'>close</a>\n");
    d.write("</pre>\n");
    d.close();
}
*/
--></script>

<div class='heading'>
<h1>Unit Test Report</h1>

<p class='attribute'><strong>Status:</strong> Failure 6</p>

<p class='description'></p>
</div>



<p id='show_detail_line'>Show
<a href='javascript:showCase(0)'>Summary</a>
<a href='javascript:showCase(1)'>Failed</a>
<a href='javascript:showCase(2)'>All</a>
</p>
<table id='result_table'>
<colgroup>
<col align='left' />
<col align='right' />
<col align='right' />
<col align='right' />
<col align='right' />
<col align='right' />
<col align='right' />
<col align='right' />
</colgroup>
<tr id='header_row'>
    <td>Test Group/Test case</td>
    <td>Count</td>
    <td>Pass</td>
    <td>Fail</td>
    <td>Error</td>
    <td>Skip</td>
    <td>View</td>
    <td> </td>
</tr>

<tr class='failClass'>
    <td class="testname">tempest.scenario.test_network_advanced_server_ops.TestNetworkAdvancedServerOps</td>
    <td class="small">6</td>
    <td class="small">0</td>
    <td class="small">6</td>
    <td class="small">0</td>
    <td class="small">0</td>
    <td class="small"><a href="javascript:showClassDetail('c1',6)"
>Detail</a></td>
    <td> </td>
</tr>

<tr id='ft1.1' class='none'>
    <td class='failCase'><div class='testcase'>test_server_connectivity_pause_unpause[compute,id-2b2642db-6568-4b35-b812-eceed3fa20ce,network]</div></td>
    <td colspan='7' align='left'>

    <!--css div popup start-->
    <a class="popup_link" onfocus='this.blur();'
    href="javascript:showTestDetail('div_ft1.1')" >
        fail</a>

    <div id='div_ft1.1' class="popup_window">
        <div style='text-align: right; color:red;cursor:pointer'>
        <a onfocus='this.blur();'
onclick="document.getElementById('div_ft1.1').style.display = 'none' " >
           [x]</a>
        </div>
        <pre>
        
ft1.1: tempest.scenario.test_network_advanced_server_ops.TestNetworkAdvancedServerOps.test_server_connectivity_pause_unpause[compute,id-2b2642db-6568-4b35-b812-eceed3fa20ce,network]_StringException: Empty attachments:
  stderr
  stdout

pythonlogging:'': {{{
2015-12-15 10:06:55,147 25069 INFO     [tempest_lib.common.rest_client] Request (TestNetworkAdvancedServerOps:test_server_connectivity_pause_unpause): 200 POST http://10.0.2.15:8774/v2.1/91a38e16bca64bc29a8dcfb7ce80be51/os-keypairs 0.737s
2015-12-15 10:06:55,148 25069 DEBUG    [tempest_lib.common.rest_client] Request - Headers: {'Content-Type': 'application/json', 'Accept': 'application/json', 'X-Auth-Token': '&lt;omitted&gt;'}
        Body: {"keypair": {"name": "tempest-TestNetworkAdvancedServerOps-707289734"}}
    Response - Headers: {'status': '200', 'content-length': '2329', 'x-compute-request-id': 'req-0eb331c9-9e7a-40cd-9c3e-26331624b085', 'vary': 'X-OpenStack-Nova-API-Version', 'connection': 'close', 'x-openstack-nova-api-version': '2.1', 'date': 'Tue, 15 Dec 2015 10:06:55 GMT', 'content-type': 'application/json'}
        Body: {"keypair": {"public_key": "ssh-rsa AAAAB3NzaC1yc2EAAAADAQABAAABAQCXkHC7xohjfRJDTBYejj9z97HoJS31+kX+bdEeauMYg/LsJwHssHph6GVzEzqk1lErDOcWlVR6Dis9MU8kWT9U/Poc4PdB+CIOKXa4dBIcy6oxf+ACqQFWxxOwq01H7igfpM+X1Dk02F8KK4h7/atgBw+h0SgcY912p4CuINaJebdywgKFwjcbiUb5olNyqybxHk1jUNZbieGXXfso68JHkPIzu01PuZQbDEudURmL4u99Es/4uAX4PK1wGNkVspRYJcZfbmzODrfMCbP8UFNUgMrW6kVDsdcNwRVcwUBA6SoxEWA9bsI79AxELUjaQM2C09HU9bhVEE9p0mXCpyfh Generated-by-Nova", "private_key": "-----BEGIN RSA PRIVATE KEY-----\nMIIEqQIBAAKCAQEAl5Bwu8aIY30SQ0wWHo4/c/ex6CUt9fpF/m3RHmrjGIPy7CcB\n7LB6YehlcxM6pNZRKwznFpVUeg4rPTFPJFk/VPz6HOD3QfgiDil2uHQSHMuqMX/g\nAqkBVscTsKtNR+4oH6TPl9Q5NNhfCiuIe/2rYAcPodEoHGPddqeAriDWiXm3csIC\nhcI3G4lG+aJTcqsm8R5NY1DWW4nhl137KOvCR5DyM7tNT7mUGwxLnVEZi+LvfRLP\n+LgF+DytcBjZFbKUWCXGX25szg63zAmz/FBTVIDK1upFQ7HXDcEVXMFAQOkqMRFg\nPW7CO/QMRC1I2kDNgtPR1PW4VRBPadJlwqcn4QIDAQABAoIBAAa8BEZTq/u/svAK\nkXEKIQemGeGWxVQIqtODTadsWGrecgzMLum1bbqr+NYEJLbuTuz6xcnbGMXTm1g8\nuKeEz6uXEgX2eQYVYG4AqaXIgoWFByrr46g6mjSg498VvXlUu7OsPw0gAOq4MoDh\nLk9UFilOJwOpp36bcVu0VaNnEiFJlbCmc845i+oAT803JgCg6Xs3Rwgos6QnaVfC\nv9MdFrbpQJ3poCv9iiTADvKL7cYaYBNnshVrahjUzFadkAztq50VULAkcRCI9p0W\n4AS1BveyGqbI1//t/1Md7xxV79eldXT9KnEOKIDJhN54b8R64YHtQL2QtreUOqeo\nQaZesgECggCBALeEGf0R/Z/cffxFffIA292x1O1Op1lbCReLI8aMe4nP/ygo6sWj\nY/0Ik55eFMOBRWmAiCM/iAY3Ty9O1Ad2lGWeRCZxgwjE+XRyTwW5uX0akhCj1w5h\nC9hJ9S8E8VkBp4iaBCx7NbU+ZUjeWJz75Vb2jWNYuzVnEpKv+h8vk1qlAoIAgQDT\nbZbAHjLSAuRztlgkRwEI4mJ/E0dlXcXusSRwlEUopJVY4oeONmG10N8IclLQPIlJ\nsrc0Aozgb3FCDLTCoiGmv20Syk2/Bst95TPm6Ye+mjChgYl5oWr72osAKlt99w3X\nh1k1UliP5XfCsgYOmeeYljrxwQYXTK1dcHIuyH9fjQKCAIEAlJYiELSrXO9DFqoR\ncotded/NniLL/t5luylOWylNsWS2nIacqE9F2w9Brr1QJIebcvO9xoRfF2Fa/Nvf\ncveA6dI+Lb5EsSoDLFSNRP5+gBuuXki6DIto8sPXAC4JV96uDj1d2cIc11Xg3iIh\nL2II6+OO0Px7/54n/Jr9cpirv30CggCBAKbRV9l7ukNjjtcRr1foQhO9c1OqZXHA\nXFSppgPBqROZUFESYzw9AjlPdTqX4Wl16iig/tXlkTvgEi+4EMNk40JK1Ye24ULw\n3IwX1SzDY5xq0iYMK+kxCFVxKK1XvlqUHHLK0wM0VrYqqqSOjCLnIgmNtzJaRzEJ\nCdyoxR7OiVldAoIAgClaaKxj1PQ7KyoR2RmbCgojfmtSMj4jlVhVBM2MJwuInqAM\ncryNvjZGdMfTdDUbOuCBRwafIUE6JCOz2jXutm6XHUBnBUyrbRKgsEzfA9g+Os5M\n+HaxBQq7Ojgj1NxNSaECVRtVwPpCu1Ecw/lXncfiXhlPZ14Sxaz/Uns3FfiB\n-----END RSA PRIVATE KEY-----\n", "user_id": "e489e2d5014a4707b548353a98efa357", "name": "tempest-TestNetworkAdvancedServerOps-707289734", "fingerprint": "b9:51:fa:f2:f2:e5:01:78:f3:11:a4:b9:b9:02:e9:73"}}
2015-12-15 10:06:55,508 25069 INFO     [tempest_lib.common.rest_client] Request (TestNetworkAdvancedServerOps:test_server_connectivity_pause_unpause): 201 POST http://10.0.2.15:9696/v2.0/security-groups 0.354s
2015-12-15 10:06:55,510 25069 DEBUG    [tempest_lib.common.rest_client] Request - Headers: {'Content-Type': 'application/json', 'Accept': 'application/json', 'X-Auth-Token': '&lt;omitted&gt;'}
        Body: {"security_group": {"tenant_id": "91a38e16bca64bc29a8dcfb7ce80be51", "description": "tempest-secgroup-smoke-1845880898 description", "name": "tempest-secgroup-smoke-1845880898"}}
    Response - Headers: {'status': '201', 'content-length': '888', 'connection': 'close', 'date': 'Tue, 15 Dec 2015 10:06:55 GMT', 'content-type': 'application/json; charset=UTF-8', 'x-openstack-request-id': 'req-2c1e5934-cdfc-4e81-96e1-ce8e20bbb086'}
        Body: {"security_group": {"tenant_id": "91a38e16bca64bc29a8dcfb7ce80be51", "description": "tempest-secgroup-smoke-1845880898 description", "id": "92e5b3e2-7ea7-4471-9f06-5b9a7d30ea4a", "security_group_rules": [{"remote_group_id": null, "direction": "egress", "remote_ip_prefix": null, "protocol": null, "ethertype": "IPv4", "tenant_id": "91a38e16bca64bc29a8dcfb7ce80be51", "port_range_max": null, "port_range_min": null, "id": "e728ea77-16da-4ffe-9059-d3d3085b485c", "security_group_id": "92e5b3e2-7ea7-4471-9f06-5b9a7d30ea4a"}, {"remote_group_id": null, "direction": "egress", "remote_ip_prefix": null, "protocol": null, "ethertype": "IPv6", "tenant_id": "91a38e16bca64bc29a8dcfb7ce80be51", "port_range_max": null, "port_range_min": null, "id": "b0a04e95-9dff-4a0a-80f6-7db936ebea07", "security_group_id": "92e5b3e2-7ea7-4471-9f06-5b9a7d30ea4a"}], "name": "tempest-secgroup-smoke-1845880898"}}
2015-12-15 10:06:55,639 25069 INFO     [tempest_lib.common.rest_client] Request (TestNetworkAdvancedServerOps:test_server_connectivity_pause_unpause): 201 POST http://10.0.2.15:9696/v2.0/security-group-rules 0.128s
2015-12-15 10:06:55,640 25069 DEBUG    [tempest_lib.common.rest_client] Request - Headers: {'Content-Type': 'application/json', 'Accept': 'application/json', 'X-Auth-Token': '&lt;omitted&gt;'}
        Body: {"security_group_rule": {"direction": "ingress", "protocol": "tcp", "tenant_id": "91a38e16bca64bc29a8dcfb7ce80be51", "port_range_max": 22, "security_group_id": "92e5b3e2-7ea7-4471-9f06-5b9a7d30ea4a", "port_range_min": 22}}
    Response - Headers: {'status': '201', 'content-length': '340', 'connection': 'close', 'date': 'Tue, 15 Dec 2015 10:06:55 GMT', 'content-type': 'application/json; charset=UTF-8', 'x-openstack-request-id': 'req-21e21055-a815-428c-9924-0d8d87023e7a'}
        Body: {"security_group_rule": {"remote_group_id": null, "direction": "ingress", "remote_ip_prefix": null, "protocol": "tcp", "ethertype": "IPv4", "tenant_id": "91a38e16bca64bc29a8dcfb7ce80be51", "port_range_max": 22, "port_range_min": 22, "id": "a1c36d4f-f222-477f-9341-5709478ee7b3", "security_group_id": "92e5b3e2-7ea7-4471-9f06-5b9a7d30ea4a"}}
2015-12-15 10:06:55,760 25069 INFO     [tempest_lib.common.rest_client] Request (TestNetworkAdvancedServerOps:test_server_connectivity_pause_unpause): 201 POST http://10.0.2.15:9696/v2.0/security-group-rules 0.118s
2015-12-15 10:06:55,760 25069 DEBUG    [tempest_lib.common.rest_client] Request - Headers: {'Content-Type': 'application/json', 'Accept': 'application/json', 'X-Auth-Token': '&lt;omitted&gt;'}
        Body: {"security_group_rule": {"direction": "egress", "protocol": "tcp", "tenant_id": "91a38e16bca64bc29a8dcfb7ce80be51", "port_range_max": 22, "security_group_id": "92e5b3e2-7ea7-4471-9f06-5b9a7d30ea4a", "port_range_min": 22}}
    Response - Headers: {'status': '201', 'content-length': '339', 'connection': 'close', 'date': 'Tue, 15 Dec 2015 10:06:55 GMT', 'content-type': 'application/json; charset=UTF-8', 'x-openstack-request-id': 'req-e4e53664-fcc7-4148-9c0d-486ef22e5a5d'}
        Body: {"security_group_rule": {"remote_group_id": null, "direction": "egress", "remote_ip_prefix": null, "protocol": "tcp", "ethertype": "IPv4", "tenant_id": "91a38e16bca64bc29a8dcfb7ce80be51", "port_range_max": 22, "port_range_min": 22, "id": "a1e70711-56f7-4f4e-8cdd-39aa6da052d6", "security_group_id": "92e5b3e2-7ea7-4471-9f06-5b9a7d30ea4a"}}
2015-12-15 10:06:55,877 25069 INFO     [tempest_lib.common.rest_client] Request (TestNetworkAdvancedServerOps:test_server_connectivity_pause_unpause): 201 POST http://10.0.2.15:9696/v2.0/security-group-rules 0.116s
2015-12-15 10:06:55,878 25069 DEBUG    [tempest_lib.common.rest_client] Request - Headers: {'Content-Type': 'application/json', 'Accept': 'application/json', 'X-Auth-Token': '&lt;omitted&gt;'}
        Body: {"security_group_rule": {"tenant_id": "91a38e16bca64bc29a8dcfb7ce80be51", "direction": "ingress", "protocol": "icmp", "security_group_id": "92e5b3e2-7ea7-4471-9f06-5b9a7d30ea4a"}}
    Response - Headers: {'status': '201', 'content-length': '345', 'connection': 'close', 'date': 'Tue, 15 Dec 2015 10:06:55 GMT', 'content-type': 'application/json; charset=UTF-8', 'x-openstack-request-id': 'req-3c83ae0d-3548-4680-9906-066be76dacfe'}
        Body: {"security_group_rule": {"remote_group_id": null, "direction": "ingress", "remote_ip_prefix": null, "protocol": "icmp", "ethertype": "IPv4", "tenant_id": "91a38e16bca64bc29a8dcfb7ce80be51", "port_range_max": null, "port_range_min": null, "id": "21a73224-c3b1-48f6-b5fa-a7c408930a35", "security_group_id": "92e5b3e2-7ea7-4471-9f06-5b9a7d30ea4a"}}
2015-12-15 10:06:56,147 25069 INFO     [tempest_lib.common.rest_client] Request (TestNetworkAdvancedServerOps:test_server_connectivity_pause_unpause): 201 POST http://10.0.2.15:9696/v2.0/security-group-rules 0.268s
2015-12-15 10:06:56,148 25069 DEBUG    [tempest_lib.common.rest_client] Request - Headers: {'Content-Type': 'application/json', 'Accept': 'application/json', 'X-Auth-Token': '&lt;omitted&gt;'}
        Body: {"security_group_rule": {"tenant_id": "91a38e16bca64bc29a8dcfb7ce80be51", "direction": "egress", "protocol": "icmp", "security_group_id": "92e5b3e2-7ea7-4471-9f06-5b9a7d30ea4a"}}
    Response - Headers: {'status': '201', 'content-length': '344', 'connection': 'close', 'date': 'Tue, 15 Dec 2015 10:06:56 GMT', 'content-type': 'application/json; charset=UTF-8', 'x-openstack-request-id': 'req-10a74969-c383-4adf-bebf-552a7a68feaf'}
        Body: {"security_group_rule": {"remote_group_id": null, "direction": "egress", "remote_ip_prefix": null, "protocol": "icmp", "ethertype": "IPv4", "tenant_id": "91a38e16bca64bc29a8dcfb7ce80be51", "port_range_max": null, "port_range_min": null, "id": "3ceb6f5f-d593-4f08-ace5-03c9ef2ca9aa", "security_group_id": "92e5b3e2-7ea7-4471-9f06-5b9a7d30ea4a"}}
2015-12-15 10:06:56,271 25069 INFO     [tempest_lib.common.rest_client] Request (TestNetworkAdvancedServerOps:test_server_connectivity_pause_unpause): 201 POST http://10.0.2.15:9696/v2.0/security-group-rules 0.122s
2015-12-15 10:06:56,271 25069 DEBUG    [tempest_lib.common.rest_client] Request - Headers: {'Content-Type': 'application/json', 'Accept': 'application/json', 'X-Auth-Token': '&lt;omitted&gt;'}
        Body: {"security_group_rule": {"tenant_id": "91a38e16bca64bc29a8dcfb7ce80be51", "direction": "ingress", "security_group_id": "92e5b3e2-7ea7-4471-9f06-5b9a7d30ea4a", "protocol": "icmp", "ethertype": "IPv6"}}
    Response - Headers: {'status': '201', 'content-length': '345', 'connection': 'close', 'date': 'Tue, 15 Dec 2015 10:06:56 GMT', 'content-type': 'application/json; charset=UTF-8', 'x-openstack-request-id': 'req-e645f7c7-9e93-403c-b008-5b1e2a27df73'}
        Body: {"security_group_rule": {"remote_group_id": null, "direction": "ingress", "remote_ip_prefix": null, "protocol": "icmp", "ethertype": "IPv6", "tenant_id": "91a38e16bca64bc29a8dcfb7ce80be51", "port_range_max": null, "port_range_min": null, "id": "149741d0-1855-4cbe-98f1-52d6615dafec", "security_group_id": "92e5b3e2-7ea7-4471-9f06-5b9a7d30ea4a"}}
2015-12-15 10:06:56,386 25069 INFO     [tempest_lib.common.rest_client] Request (TestNetworkAdvancedServerOps:test_server_connectivity_pause_unpause): 201 POST http://10.0.2.15:9696/v2.0/security-group-rules 0.114s
2015-12-15 10:06:56,387 25069 DEBUG    [tempest_lib.common.rest_client] Request - Headers: {'Content-Type': 'application/json', 'Accept': 'application/json', 'X-Auth-Token': '&lt;omitted&gt;'}
        Body: {"security_group_rule": {"tenant_id": "91a38e16bca64bc29a8dcfb7ce80be51", "direction": "egress", "security_group_id": "92e5b3e2-7ea7-4471-9f06-5b9a7d30ea4a", "protocol": "icmp", "ethertype": "IPv6"}}
    Response - Headers: {'status': '201', 'content-length': '344', 'connection': 'close', 'date': 'Tue, 15 Dec 2015 10:06:56 GMT', 'content-type': 'application/json; charset=UTF-8', 'x-openstack-request-id': 'req-c79190f2-e997-463a-9412-408f1823aba5'}
        Body: {"security_group_rule": {"remote_group_id": null, "direction": "egress", "remote_ip_prefix": null, "protocol": "icmp", "ethertype": "IPv6", "tenant_id": "91a38e16bca64bc29a8dcfb7ce80be51", "port_range_max": null, "port_range_min": null, "id": "fabd9a1e-789b-4079-9599-379cb91d755f", "security_group_id": "92e5b3e2-7ea7-4471-9f06-5b9a7d30ea4a"}}
2015-12-15 10:06:56,561 25069 INFO     [tempest_lib.common.rest_client] Request (TestNetworkAdvancedServerOps:test_server_connectivity_pause_unpause): 201 POST http://10.0.2.15:9696/v2.0/networks 0.174s
2015-12-15 10:06:56,562 25069 DEBUG    [tempest_lib.common.rest_client] Request - Headers: {'Content-Type': 'application/json', 'Accept': 'application/json', 'X-Auth-Token': '&lt;omitted&gt;'}
        Body: {"network": {"tenant_id": "91a38e16bca64bc29a8dcfb7ce80be51", "name": "tempest-network-smoke--749666383"}}
    Response - Headers: {'status': '201', 'content-length': '328', 'connection': 'close', 'date': 'Tue, 15 Dec 2015 10:06:56 GMT', 'content-type': 'application/json; charset=UTF-8', 'x-openstack-request-id': 'req-95c59182-59f9-4257-87bc-f7c370aa0bc0'}
        Body: {"network": {"status": "ACTIVE", "subnets": [], "availability_zone_hints": "[]", "name": "tempest-network-smoke--749666383", "admin_state_up": true, "tenant_id": "91a38e16bca64bc29a8dcfb7ce80be51", "mtu": 0, "router:external": false, "shared": false, "port_security_enabled": true, "id": "0084571f-91d3-4669-b261-dcd734076156"}}
2015-12-15 10:06:56,649 25069 INFO     [tempest_lib.common.rest_client] Request (TestNetworkAdvancedServerOps:test_server_connectivity_pause_unpause): 201 POST http://10.0.2.15:9696/v2.0/routers 0.086s
2015-12-15 10:06:56,649 25069 DEBUG    [tempest_lib.common.rest_client] Request - Headers: {'Content-Type': 'application/json', 'Accept': 'application/json', 'X-Auth-Token': '&lt;omitted&gt;'}
        Body: {"router": {"tenant_id": "91a38e16bca64bc29a8dcfb7ce80be51", "name": "tempest-router-smoke-2036628382", "admin_state_up": true}}
    Response - Headers: {'status': '201', 'content-length': '296', 'connection': 'close', 'date': 'Tue, 15 Dec 2015 10:06:56 GMT', 'content-type': 'application/json; charset=UTF-8', 'x-openstack-request-id': 'req-6c96a196-9bdf-4400-967f-636b24a52d6c'}
        Body: {"router": {"status": "ACTIVE", "external_gateway_info": null, "availability_zone_hints": [], "availability_zones": [], "name": "tempest-router-smoke-2036628382", "admin_state_up": true, "tenant_id": "91a38e16bca64bc29a8dcfb7ce80be51", "routes": [], "id": "275acd1c-bd90-4071-b360-6e9f23f77af8"}}
2015-12-15 10:06:56,704 25069 INFO     [tempest_lib.common.rest_client] Request (TestNetworkAdvancedServerOps:test_server_connectivity_pause_unpause): 200 GET http://10.0.2.15:9696/v2.0/routers/275acd1c-bd90-4071-b360-6e9f23f77af8 0.053s
2015-12-15 10:06:56,704 25069 DEBUG    [tempest_lib.common.rest_client] Request - Headers: {'Content-Type': 'application/json', 'Accept': 'application/json', 'X-Auth-Token': '&lt;omitted&gt;'}
        Body: None
    Response - Headers: {'status': '200', 'content-length': '296', 'content-location': 'http://10.0.2.15:9696/v2.0/routers/275acd1c-bd90-4071-b360-6e9f23f77af8', 'connection': 'close', 'date': 'Tue, 15 Dec 2015 10:06:56 GMT', 'content-type': 'application/json; charset=UTF-8', 'x-openstack-request-id': 'req-a07271a3-bc3b-4b7c-ad2e-11cc1e614e45'}
        Body: {"router": {"status": "ACTIVE", "external_gateway_info": null, "availability_zone_hints": [], "availability_zones": [], "name": "tempest-router-smoke-2036628382", "admin_state_up": true, "tenant_id": "91a38e16bca64bc29a8dcfb7ce80be51", "routes": [], "id": "275acd1c-bd90-4071-b360-6e9f23f77af8"}}
2015-12-15 10:06:57,431 25069 INFO     [tempest_lib.common.rest_client] Request (TestNetworkAdvancedServerOps:test_server_connectivity_pause_unpause): 200 PUT http://10.0.2.15:9696/v2.0/routers/275acd1c-bd90-4071-b360-6e9f23f77af8 0.726s
2015-12-15 10:06:57,432 25069 DEBUG    [tempest_lib.common.rest_client] Request - Headers: {'Content-Type': 'application/json', 'Accept': 'application/json', 'X-Auth-Token': '&lt;omitted&gt;'}
        Body: {"router": {"external_gateway_info": {"network_id": "4da071a1-befe-44cd-b2c9-2ef9dab4f0b7"}, "name": "tempest-router-smoke-2036628382", "admin_state_up": true}}
    Response - Headers: {'status': '200', 'content-length': '558', 'connection': 'close', 'date': 'Tue, 15 Dec 2015 10:06:57 GMT', 'content-type': 'application/json; charset=UTF-8', 'x-openstack-request-id': 'req-93796ced-f83d-455a-a42d-b165aa607773'}
        Body: {"router": {"status": "ACTIVE", "external_gateway_info": {"network_id": "4da071a1-befe-44cd-b2c9-2ef9dab4f0b7", "enable_snat": true, "external_fixed_ips": [{"subnet_id": "a226bcbb-c689-4a99-bdf8-ed795fe3a03c", "ip_address": "172.24.4.3"}, {"subnet_id": "764456cc-7945-4230-a05a-bf00e1edda0b", "ip_address": "2001:db8::4"}]}, "availability_zone_hints": [], "availability_zones": [], "name": "tempest-router-smoke-2036628382", "admin_state_up": true, "tenant_id": "91a38e16bca64bc29a8dcfb7ce80be51", "routes": [], "id": "275acd1c-bd90-4071-b360-6e9f23f77af8"}}
2015-12-15 10:06:57,570 25069 INFO     [tempest_lib.common.rest_client] Request (TestNetworkAdvancedServerOps:test_server_connectivity_pause_unpause): 200 GET http://10.0.2.15:9696/v2.0/subnets?tenant_id=91a38e16bca64bc29a8dcfb7ce80be51&amp;cidr=10.100.0.0%2F28 0.137s
2015-12-15 10:06:57,570 25069 DEBUG    [tempest_lib.common.rest_client] Request - Headers: {'Content-Type': 'application/json', 'Accept': 'application/json', 'X-Auth-Token': '&lt;omitted&gt;'}
        Body: None
    Response - Headers: {'status': '200', 'content-length': '15', 'content-location': 'http://10.0.2.15:9696/v2.0/subnets?tenant_id=91a38e16bca64bc29a8dcfb7ce80be51&amp;cidr=10.100.0.0%2F28', 'connection': 'close', 'date': 'Tue, 15 Dec 2015 10:06:57 GMT', 'content-type': 'application/json; charset=UTF-8', 'x-openstack-request-id': 'req-4f70d97b-02e0-4f55-a262-f98b9fe02cd5'}
        Body: {"subnets": []}
2015-12-15 10:06:57,917 25069 INFO     [tempest_lib.common.rest_client] Request (TestNetworkAdvancedServerOps:test_server_connectivity_pause_unpause): 201 POST http://10.0.2.15:9696/v2.0/subnets 0.345s
2015-12-15 10:06:57,917 25069 DEBUG    [tempest_lib.common.rest_client] Request - Headers: {'Content-Type': 'application/json', 'Accept': 'application/json', 'X-Auth-Token': '&lt;omitted&gt;'}
        Body: {"subnet": {"ip_version": 4, "tenant_id": "91a38e16bca64bc29a8dcfb7ce80be51", "cidr": "10.100.0.0/28", "network_id": "0084571f-91d3-4669-b261-dcd734076156", "name": "tempest-subnet-smoke-2072779890"}}
    Response - Headers: {'status': '201', 'content-length': '478', 'connection': 'close', 'date': 'Tue, 15 Dec 2015 10:06:57 GMT', 'content-type': 'application/json; charset=UTF-8', 'x-openstack-request-id': 'req-a1b9a9a0-fd2c-4d84-84d9-a3e89da8871c'}
        Body: {"subnet": {"name": "tempest-subnet-smoke-2072779890", "enable_dhcp": true, "network_id": "0084571f-91d3-4669-b261-dcd734076156", "tenant_id": "91a38e16bca64bc29a8dcfb7ce80be51", "dns_nameservers": [], "gateway_ip": "10.100.0.1", "ipv6_ra_mode": null, "allocation_pools": [{"start": "10.100.0.2", "end": "10.100.0.14"}], "host_routes": [], "ip_version": 4, "ipv6_address_mode": null, "cidr": "10.100.0.0/28", "id": "0fb298d7-2825-4fa5-86c9-1a916c5106b0", "subnetpool_id": null}}
2015-12-15 10:06:58,541 25069 INFO     [tempest_lib.common.rest_client] Request (TestNetworkAdvancedServerOps:test_server_connectivity_pause_unpause): 200 PUT http://10.0.2.15:9696/v2.0/routers/275acd1c-bd90-4071-b360-6e9f23f77af8/add_router_interface 0.622s
2015-12-15 10:06:58,542 25069 DEBUG    [tempest_lib.common.rest_client] Request - Headers: {'Content-Type': 'application/json', 'Accept': 'application/json', 'X-Auth-Token': '&lt;omitted&gt;'}
        Body: {"subnet_id": "0fb298d7-2825-4fa5-86c9-1a916c5106b0"}
    Response - Headers: {'status': '200', 'content-length': '255', 'connection': 'close', 'date': 'Tue, 15 Dec 2015 10:06:58 GMT', 'content-type': 'application/json; charset=UTF-8', 'x-openstack-request-id': 'req-b7df8647-15ea-4769-97b8-63c664dbee92'}
        Body: {"subnet_id": "0fb298d7-2825-4fa5-86c9-1a916c5106b0", "tenant_id": "91a38e16bca64bc29a8dcfb7ce80be51", "subnet_ids": ["0fb298d7-2825-4fa5-86c9-1a916c5106b0"], "port_id": "022fff0a-a04b-4685-b3d0-2bfecc3f48e9", "id": "275acd1c-bd90-4071-b360-6e9f23f77af8"}
2015-12-15 10:06:58,664 25069 INFO     [tempest_lib.common.rest_client] Request (TestNetworkAdvancedServerOps:test_server_connectivity_pause_unpause): 200 POST http://10.0.2.15:5000/v2.0/tokens
2015-12-15 10:06:58,665 25069 DEBUG    [tempest_lib.common.rest_client] Request - Headers: {'Content-Type': 'application/json', 'Accept': 'application/json'}
        Body: &lt;omitted&gt;
    Response - Headers: {'status': '200', 'content-length': '2564', 'vary': 'X-Auth-Token', 'server': 'Apache/2.4.7 (Ubuntu)', 'connection': 'close', 'date': 'Tue, 15 Dec 2015 10:06:58 GMT', 'content-type': 'application/json', 'x-openstack-request-id': 'req-7ba52e6a-b7a5-40c0-b2fb-e252e47e6617'}
        Body: {"access": {"token": {"issued_at": "2015-12-15T10:06:58.653381", "expires": "2015-12-15T11:06:58Z", "id": "4cbdbf5390b84b08b5ab5aec6accdfa0", "tenant": {"description": "tempest-TestNetworkAdvancedServerOps-848090537-desc", "enabled": true, "id": "91a38e16bca64bc29a8dcfb7ce80be51", "name": "tempest-TestNetworkAdvancedServerOps-848090537"}, "audit_ids": ["F1H7XtYjSS-d8EYE21lMGQ"]}, "serviceCatalog": [{"endpoints": [{"adminURL": "http://10.0.2.15:8774/v2.1/91a38e16bca64bc29a8dcfb7ce80be51", "region": "RegionOne", "internalURL": "http://10.0.2.15:8774/v2.1/91a38e16bca64bc29a8dcfb7ce80be51", "id": "7bd0a35e4f80422fbbb19aafa8786e96", "publicURL": "http://10.0.2.15:8774/v2.1/91a38e16bca64bc29a8dcfb7ce80be51"}], "endpoints_links": [], "type": "compute", "name": "nova"}, {"endpoints": [{"adminURL": "http://10.0.2.15:9696/", "region": "RegionOne", "internalURL": "http://10.0.2.15:9696/", "id": "586ec39077ec46999a9ff04e8db2c514", "publicURL": "http://10.0.2.15:9696/"}], "endpoints_links": [], "type": "network", "name": "neutron"}, {"endpoints": [{"adminURL": "http://10.0.2.15:9292", "region": "RegionOne", "internalURL": "http://10.0.2.15:9292", "id": "3d5772d309d44784aa5d1b08214ed661", "publicURL": "http://10.0.2.15:9292"}], "endpoints_links": [], "type": "image", "name": "glance"}, {"endpoints": [{"adminURL": "http://10.0.2.15:8774/v2/91a38e16bca64bc29a8dcfb7ce80be51", "region": "RegionOne", "internalURL": "http://10.0.2.15:8774/v2/91a38e16bca64bc29a8dcfb7ce80be51", "id": "623fcd6615f94036bf7b402be73c599e", "publicURL": "http://10.0.2.15:8774/v2/91a38e16bca64bc29a8dcfb7ce80be51"}], "endpoints_links": [], "type": "compute_legacy", "name": "nova_legacy"}, {"endpoints": [{"adminURL": "http://10.0.2.15:8773/", "region": "RegionOne", "internalURL": "http://10.0.2.15:8773/", "id": "0416d7b651bd4445958d1d25fbebd388", "publicURL": "http://10.0.2.15:8773/"}], "endpoints_links": [], "type": "ec2", "name": "ec2"}, {"endpoints": [{"adminURL": "http://10.0.2.15:35357/v2.0", "region": "RegionOne", "internalURL": "http://10.0.2.15:5000/v2.0", "id": "0e7d8057b67047b695d5681d6015b921", "publicURL": "http://10.0.2.15:5000/v2.0"}], "endpoints_links": [], "type": "identity", "name": "keystone"}], "user": {"username": "tempest-TestNetworkAdvancedServerOps-2125990756", "roles_links": [], "id": "e489e2d5014a4707b548353a98efa357", "roles": [{"name": "_member_"}, {"name": "Member"}], "name": "tempest-TestNetworkAdvancedServerOps-2125990756"}, "metadata": {"is_admin": 0, "roles": ["9fe2ff9ee4384b1894a90878d3e92bab", "08c50f44c80f459e9c8c240f4662528f"]}}}
2015-12-15 10:06:58,670 25069 DEBUG    [tempest.common.fixed_network] (TestNetworkAdvancedServerOps:test_server_connectivity_pause_unpause) No valid network provided or created, defaulting to fixed_network_name
2015-12-15 10:06:59,016 25069 INFO     [tempest_lib.common.rest_client] Request (TestNetworkAdvancedServerOps:test_server_connectivity_pause_unpause): 200 GET http://10.0.2.15:8774/v2.1/91a38e16bca64bc29a8dcfb7ce80be51/os-networks 0.345s
2015-12-15 10:06:59,016 25069 DEBUG    [tempest_lib.common.rest_client] Request - Headers: {'Content-Type': 'application/json', 'Accept': 'application/json', 'X-Auth-Token': '&lt;omitted&gt;'}
        Body: None
    Response - Headers: {'status': '200', 'content-length': '478', 'content-location': 'http://10.0.2.15:8774/v2.1/91a38e16bca64bc29a8dcfb7ce80be51/os-networks', 'x-compute-request-id': 'req-c73bf419-cc51-419d-b0e7-56b681235213', 'vary': 'X-OpenStack-Nova-API-Version', 'connection': 'close', 'x-openstack-nova-api-version': '2.1', 'date': 'Tue, 15 Dec 2015 10:06:59 GMT', 'content-type': 'application/json'}
        Body: {"networks": [{"cidr_v6": null, "dns2": null, "dns1": null, "gateway": null, "broadcast": null, "netmask": null, "gateway_v6": null, "cidr": null, "label": "public", "id": "4da071a1-befe-44cd-b2c9-2ef9dab4f0b7", "netmask_v6": null}, {"cidr_v6": null, "dns2": null, "dns1": null, "gateway": null, "broadcast": null, "netmask": null, "gateway_v6": null, "cidr": null, "label": "tempest-network-smoke--749666383", "id": "0084571f-91d3-4669-b261-dcd734076156", "netmask_v6": null}]}
2015-12-15 10:06:59,017 25069 WARNING  [tempest.common.fixed_network] (TestNetworkAdvancedServerOps:test_server_connectivity_pause_unpause) Network with name: private not found
2015-12-15 10:06:59,017 25069 INFO     [tempest.common.fixed_network] (TestNetworkAdvancedServerOps:test_server_connectivity_pause_unpause) Found network {} available for tenant
2015-12-15 10:07:00,725 25069 INFO     [tempest_lib.common.rest_client] Request (TestNetworkAdvancedServerOps:test_server_connectivity_pause_unpause): 202 POST http://10.0.2.15:8774/v2.1/91a38e16bca64bc29a8dcfb7ce80be51/servers 1.707s
2015-12-15 10:07:00,725 25069 DEBUG    [tempest_lib.common.rest_client] Request - Headers: {'Content-Type': 'application/json', 'Accept': 'application/json', 'X-Auth-Token': '&lt;omitted&gt;'}
        Body: {"server": {"name": "tempest.common.compute-instance-1692446462", "imageRef": "8acc1d0c-614e-4e00-b23e-252e22256064", "key_name": "tempest-TestNetworkAdvancedServerOps-707289734", "flavorRef": "42", "networks": [{"uuid": "0084571f-91d3-4669-b261-dcd734076156"}], "security_groups": [{"name": "tempest-secgroup-smoke-1845880898"}]}}
    Response - Headers: {'status': '202', 'content-length': '462', 'x-compute-request-id': 'req-5e134704-1925-4ca1-82d6-73a7923ae0df', 'vary': 'X-OpenStack-Nova-API-Version', 'connection': 'close', 'location': 'http://10.0.2.15:8774/v2.1/91a38e16bca64bc29a8dcfb7ce80be51/servers/283b6cf1-37f6-4a6f-bfd8-69d2c3933938', 'x-openstack-nova-api-version': '2.1', 'date': 'Tue, 15 Dec 2015 10:07:00 GMT', 'content-type': 'application/json'}
        Body: {"server": {"security_groups": [{"name": "tempest-secgroup-smoke-1845880898"}], "OS-DCF:diskConfig": "MANUAL", "id": "283b6cf1-37f6-4a6f-bfd8-69d2c3933938", "links": [{"href": "http://10.0.2.15:8774/v2.1/91a38e16bca64bc29a8dcfb7ce80be51/servers/283b6cf1-37f6-4a6f-bfd8-69d2c3933938", "rel": "self"}, {"href": "http://10.0.2.15:8774/91a38e16bca64bc29a8dcfb7ce80be51/servers/283b6cf1-37f6-4a6f-bfd8-69d2c3933938", "rel": "bookmark"}], "adminPass": "b3YyP9URAKMq"}}
2015-12-15 10:07:01,013 25069 INFO     [tempest_lib.common.rest_client] Request (TestNetworkAdvancedServerOps:test_server_connectivity_pause_unpause): 200 GET http://10.0.2.15:8774/v2.1/91a38e16bca64bc29a8dcfb7ce80be51/servers/283b6cf1-37f6-4a6f-bfd8-69d2c3933938 0.284s
2015-12-15 10:07:01,013 25069 DEBUG    [tempest_lib.common.rest_client] Request - Headers: {'Content-Type': 'application/json', 'Accept': 'application/json', 'X-Auth-Token': '&lt;omitted&gt;'}
        Body: None
    Response - Headers: {'status': '200', 'content-length': '1364', 'content-location': 'http://10.0.2.15:8774/v2.1/91a38e16bca64bc29a8dcfb7ce80be51/servers/283b6cf1-37f6-4a6f-bfd8-69d2c3933938', 'x-compute-request-id': 'req-20581106-f434-4ef3-a123-b266ba0f5ea9', 'vary': 'X-OpenStack-Nova-API-Version', 'connection': 'close', 'x-openstack-nova-api-version': '2.1', 'date': 'Tue, 15 Dec 2015 10:07:01 GMT', 'content-type': 'application/json'}
        Body: {"server": {"status": "BUILD", "updated": "2015-12-15T10:07:00Z", "hostId": "", "addresses": {}, "links": [{"href": "http://10.0.2.15:8774/v2.1/91a38e16bca64bc29a8dcfb7ce80be51/servers/283b6cf1-37f6-4a6f-bfd8-69d2c3933938", "rel": "self"}, {"href": "http://10.0.2.15:8774/91a38e16bca64bc29a8dcfb7ce80be51/servers/283b6cf1-37f6-4a6f-bfd8-69d2c3933938", "rel": "bookmark"}], "key_name": "tempest-TestNetworkAdvancedServerOps-707289734", "image": {"id": "8acc1d0c-614e-4e00-b23e-252e22256064", "links": [{"href": "http://10.0.2.15:8774/91a38e16bca64bc29a8dcfb7ce80be51/images/8acc1d0c-614e-4e00-b23e-252e22256064", "rel": "bookmark"}]}, "OS-EXT-STS:task_state": "scheduling", "OS-EXT-STS:vm_state": "building", "OS-SRV-USG:launched_at": null, "flavor": {"id": "42", "links": [{"href": "http://10.0.2.15:8774/91a38e16bca64bc29a8dcfb7ce80be51/flavors/42", "rel": "bookmark"}]}, "id": "283b6cf1-37f6-4a6f-bfd8-69d2c3933938", "OS-SRV-USG:terminated_at": null, "OS-EXT-AZ:availability_zone": "", "user_id": "e489e2d5014a4707b548353a98efa357", "name": "tempest.common.compute-instance-1692446462", "created": "2015-12-15T10:07:00Z", "tenant_id": "91a38e16bca64bc29a8dcfb7ce80be51", "OS-DCF:diskConfig": "MANUAL", "os-extended-volumes:volumes_attached": [], "accessIPv4": "", "accessIPv6": "", "progress": 0, "OS-EXT-STS:power_state": 0, "config_drive": "", "metadata": {}}}
2015-12-15 10:07:02,503 25069 INFO     [tempest_lib.common.rest_client] Request (TestNetworkAdvancedServerOps:test_server_connectivity_pause_unpause): 200 GET http://10.0.2.15:8774/v2.1/91a38e16bca64bc29a8dcfb7ce80be51/servers/283b6cf1-37f6-4a6f-bfd8-69d2c3933938 0.480s
2015-12-15 10:07:02,504 25069 DEBUG    [tempest_lib.common.rest_client] Request - Headers: {'Content-Type': 'application/json', 'Accept': 'application/json', 'X-Auth-Token': '&lt;omitted&gt;'}
        Body: None
    Response - Headers: {'status': '200', 'content-length': '1490', 'content-location': 'http://10.0.2.15:8774/v2.1/91a38e16bca64bc29a8dcfb7ce80be51/servers/283b6cf1-37f6-4a6f-bfd8-69d2c3933938', 'x-compute-request-id': 'req-fc73a934-ed6e-4424-805f-5081d0387485', 'vary': 'X-OpenStack-Nova-API-Version', 'connection': 'close', 'x-openstack-nova-api-version': '2.1', 'date': 'Tue, 15 Dec 2015 10:07:02 GMT', 'content-type': 'application/json'}
        Body: {"server": {"status": "BUILD", "updated": "2015-12-15T10:07:01Z", "hostId": "b45f70a393a43ff41d47afc4bc8e5d89e5c2c40ff6e124212c4dff58", "addresses": {}, "links": [{"href": "http://10.0.2.15:8774/v2.1/91a38e16bca64bc29a8dcfb7ce80be51/servers/283b6cf1-37f6-4a6f-bfd8-69d2c3933938", "rel": "self"}, {"href": "http://10.0.2.15:8774/91a38e16bca64bc29a8dcfb7ce80be51/servers/283b6cf1-37f6-4a6f-bfd8-69d2c3933938", "rel": "bookmark"}], "key_name": "tempest-TestNetworkAdvancedServerOps-707289734", "image": {"id": "8acc1d0c-614e-4e00-b23e-252e22256064", "links": [{"href": "http://10.0.2.15:8774/91a38e16bca64bc29a8dcfb7ce80be51/images/8acc1d0c-614e-4e00-b23e-252e22256064", "rel": "bookmark"}]}, "OS-EXT-STS:task_state": "spawning", "OS-EXT-STS:vm_state": "building", "OS-SRV-USG:launched_at": null, "flavor": {"id": "42", "links": [{"href": "http://10.0.2.15:8774/91a38e16bca64bc29a8dcfb7ce80be51/flavors/42", "rel": "bookmark"}]}, "id": "283b6cf1-37f6-4a6f-bfd8-69d2c3933938", "security_groups": [{"name": "tempest-secgroup-smoke-1845880898"}], "OS-SRV-USG:terminated_at": null, "OS-EXT-AZ:availability_zone": "nova", "user_id": "e489e2d5014a4707b548353a98efa357", "name": "tempest.common.compute-instance-1692446462", "created": "2015-12-15T10:07:00Z", "tenant_id": "91a38e16bca64bc29a8dcfb7ce80be51", "OS-DCF:diskConfig": "MANUAL", "os-extended-volumes:volumes_attached": [], "accessIPv4": "", "accessIPv6": "", "progress": 0, "OS-EXT-STS:power_state": 0, "config_drive": "", "metadata": {}}}
2015-12-15 10:07:02,512 25069 INFO     [tempest.common.waiters] State transition "BUILD/scheduling" ==&gt; "BUILD/spawning" after 1 second wait
2015-12-15 10:07:03,903 25069 INFO     [tempest_lib.common.rest_client] Request (TestNetworkAdvancedServerOps:test_server_connectivity_pause_unpause): 200 GET http://10.0.2.15:8774/v2.1/91a38e16bca64bc29a8dcfb7ce80be51/servers/283b6cf1-37f6-4a6f-bfd8-69d2c3933938 0.390s
2015-12-15 10:07:03,903 25069 DEBUG    [tempest_lib.common.rest_client] Request - Headers: {'Content-Type': 'application/json', 'Accept': 'application/json', 'X-Auth-Token': '&lt;omitted&gt;'}
        Body: None
    Response - Headers: {'status': '200', 'content-length': '1490', 'content-location': 'http://10.0.2.15:8774/v2.1/91a38e16bca64bc29a8dcfb7ce80be51/servers/283b6cf1-37f6-4a6f-bfd8-69d2c3933938', 'x-compute-request-id': 'req-097b72c9-9e3a-43a6-ad07-ba60ed36b68e', 'vary': 'X-OpenStack-Nova-API-Version', 'connection': 'close', 'x-openstack-nova-api-version': '2.1', 'date': 'Tue, 15 Dec 2015 10:07:03 GMT', 'content-type': 'application/json'}
        Body: {"server": {"status": "BUILD", "updated": "2015-12-15T10:07:01Z", "hostId": "b45f70a393a43ff41d47afc4bc8e5d89e5c2c40ff6e124212c4dff58", "addresses": {}, "links": [{"href": "http://10.0.2.15:8774/v2.1/91a38e16bca64bc29a8dcfb7ce80be51/servers/283b6cf1-37f6-4a6f-bfd8-69d2c3933938", "rel": "self"}, {"href": "http://10.0.2.15:8774/91a38e16bca64bc29a8dcfb7ce80be51/servers/283b6cf1-37f6-4a6f-bfd8-69d2c3933938", "rel": "bookmark"}], "key_name": "tempest-TestNetworkAdvancedServerOps-707289734", "image": {"id": "8acc1d0c-614e-4e00-b23e-252e22256064", "links": [{"href": "http://10.0.2.15:8774/91a38e16bca64bc29a8dcfb7ce80be51/images/8acc1d0c-614e-4e00-b23e-252e22256064", "rel": "bookmark"}]}, "OS-EXT-STS:task_state": "spawning", "OS-EXT-STS:vm_state": "building", "OS-SRV-USG:launched_at": null, "flavor": {"id": "42", "links": [{"href": "http://10.0.2.15:8774/91a38e16bca64bc29a8dcfb7ce80be51/flavors/42", "rel": "bookmark"}]}, "id": "283b6cf1-37f6-4a6f-bfd8-69d2c3933938", "security_groups": [{"name": "tempest-secgroup-smoke-1845880898"}], "OS-SRV-USG:terminated_at": null, "OS-EXT-AZ:availability_zone": "nova", "user_id": "e489e2d5014a4707b548353a98efa357", "name": "tempest.common.compute-instance-1692446462", "created": "2015-12-15T10:07:00Z", "tenant_id": "91a38e16bca64bc29a8dcfb7ce80be51", "OS-DCF:diskConfig": "MANUAL", "os-extended-volumes:volumes_attached": [], "accessIPv4": "", "accessIPv6": "", "progress": 0, "OS-EXT-STS:power_state": 0, "config_drive": "", "metadata": {}}}
2015-12-15 10:07:05,164 25069 INFO     [tempest_lib.common.rest_client] Request (TestNetworkAdvancedServerOps:test_server_connectivity_pause_unpause): 200 GET http://10.0.2.15:8774/v2.1/91a38e16bca64bc29a8dcfb7ce80be51/servers/283b6cf1-37f6-4a6f-bfd8-69d2c3933938 0.247s
2015-12-15 10:07:05,164 25069 DEBUG    [tempest_lib.common.rest_client] Request - Headers: {'Content-Type': 'application/json', 'Accept': 'application/json', 'X-Auth-Token': '&lt;omitted&gt;'}
        Body: None
    Response - Headers: {'status': '200', 'content-length': '1661', 'content-location': 'http://10.0.2.15:8774/v2.1/91a38e16bca64bc29a8dcfb7ce80be51/servers/283b6cf1-37f6-4a6f-bfd8-69d2c3933938', 'x-compute-request-id': 'req-2afcac5c-a4ac-49b8-8209-d2d8c1fc6865', 'vary': 'X-OpenStack-Nova-API-Version', 'connection': 'close', 'x-openstack-nova-api-version': '2.1', 'date': 'Tue, 15 Dec 2015 10:07:05 GMT', 'content-type': 'application/json'}
        Body: {"server": {"status": "ACTIVE", "updated": "2015-12-15T10:07:04Z", "hostId": "b45f70a393a43ff41d47afc4bc8e5d89e5c2c40ff6e124212c4dff58", "addresses": {"tempest-network-smoke--749666383": [{"OS-EXT-IPS-MAC:mac_addr": "fa:16:3e:25:1e:77", "version": 4, "addr": "10.100.0.3", "OS-EXT-IPS:type": "fixed"}]}, "links": [{"href": "http://10.0.2.15:8774/v2.1/91a38e16bca64bc29a8dcfb7ce80be51/servers/283b6cf1-37f6-4a6f-bfd8-69d2c3933938", "rel": "self"}, {"href": "http://10.0.2.15:8774/91a38e16bca64bc29a8dcfb7ce80be51/servers/283b6cf1-37f6-4a6f-bfd8-69d2c3933938", "rel": "bookmark"}], "key_name": "tempest-TestNetworkAdvancedServerOps-707289734", "image": {"id": "8acc1d0c-614e-4e00-b23e-252e22256064", "links": [{"href": "http://10.0.2.15:8774/91a38e16bca64bc29a8dcfb7ce80be51/images/8acc1d0c-614e-4e00-b23e-252e22256064", "rel": "bookmark"}]}, "OS-EXT-STS:task_state": null, "OS-EXT-STS:vm_state": "active", "OS-SRV-USG:launched_at": "2015-12-15T10:07:04.000000", "flavor": {"id": "42", "links": [{"href": "http://10.0.2.15:8774/91a38e16bca64bc29a8dcfb7ce80be51/flavors/42", "rel": "bookmark"}]}, "id": "283b6cf1-37f6-4a6f-bfd8-69d2c3933938", "security_groups": [{"name": "tempest-secgroup-smoke-1845880898"}], "OS-SRV-USG:terminated_at": null, "OS-EXT-AZ:availability_zone": "nova", "user_id": "e489e2d5014a4707b548353a98efa357", "name": "tempest.common.compute-instance-1692446462", "created": "2015-12-15T10:07:00Z", "tenant_id": "91a38e16bca64bc29a8dcfb7ce80be51", "OS-DCF:diskConfig": "MANUAL", "os-extended-volumes:volumes_attached": [], "accessIPv4": "", "accessIPv6": "", "progress": 0, "OS-EXT-STS:power_state": 1, "config_drive": "True", "metadata": {}}}
2015-12-15 10:07:05,174 25069 INFO     [tempest.common.waiters] State transition "BUILD/spawning" ==&gt; "ACTIVE/None" after 4 second wait
2015-12-15 10:07:05,373 25069 INFO     [tempest_lib.common.rest_client] Request (TestNetworkAdvancedServerOps:test_server_connectivity_pause_unpause): 200 GET http://10.0.2.15:8774/v2.1/91a38e16bca64bc29a8dcfb7ce80be51/servers/283b6cf1-37f6-4a6f-bfd8-69d2c3933938 0.198s
2015-12-15 10:07:05,373 25069 DEBUG    [tempest_lib.common.rest_client] Request - Headers: {'Content-Type': 'application/json', 'Accept': 'application/json', 'X-Auth-Token': '&lt;omitted&gt;'}
        Body: None
    Response - Headers: {'status': '200', 'content-length': '1661', 'content-location': 'http://10.0.2.15:8774/v2.1/91a38e16bca64bc29a8dcfb7ce80be51/servers/283b6cf1-37f6-4a6f-bfd8-69d2c3933938', 'x-compute-request-id': 'req-4f343d87-993b-460a-b2e8-8d04139b5fd9', 'vary': 'X-OpenStack-Nova-API-Version', 'connection': 'close', 'x-openstack-nova-api-version': '2.1', 'date': 'Tue, 15 Dec 2015 10:07:05 GMT', 'content-type': 'application/json'}
        Body: {"server": {"status": "ACTIVE", "updated": "2015-12-15T10:07:04Z", "hostId": "b45f70a393a43ff41d47afc4bc8e5d89e5c2c40ff6e124212c4dff58", "addresses": {"tempest-network-smoke--749666383": [{"OS-EXT-IPS-MAC:mac_addr": "fa:16:3e:25:1e:77", "version": 4, "addr": "10.100.0.3", "OS-EXT-IPS:type": "fixed"}]}, "links": [{"href": "http://10.0.2.15:8774/v2.1/91a38e16bca64bc29a8dcfb7ce80be51/servers/283b6cf1-37f6-4a6f-bfd8-69d2c3933938", "rel": "self"}, {"href": "http://10.0.2.15:8774/91a38e16bca64bc29a8dcfb7ce80be51/servers/283b6cf1-37f6-4a6f-bfd8-69d2c3933938", "rel": "bookmark"}], "key_name": "tempest-TestNetworkAdvancedServerOps-707289734", "image": {"id": "8acc1d0c-614e-4e00-b23e-252e22256064", "links": [{"href": "http://10.0.2.15:8774/91a38e16bca64bc29a8dcfb7ce80be51/images/8acc1d0c-614e-4e00-b23e-252e22256064", "rel": "bookmark"}]}, "OS-EXT-STS:task_state": null, "OS-EXT-STS:vm_state": "active", "OS-SRV-USG:launched_at": "2015-12-15T10:07:04.000000", "flavor": {"id": "42", "links": [{"href": "http://10.0.2.15:8774/91a38e16bca64bc29a8dcfb7ce80be51/flavors/42", "rel": "bookmark"}]}, "id": "283b6cf1-37f6-4a6f-bfd8-69d2c3933938", "security_groups": [{"name": "tempest-secgroup-smoke-1845880898"}], "OS-SRV-USG:terminated_at": null, "OS-EXT-AZ:availability_zone": "nova", "user_id": "e489e2d5014a4707b548353a98efa357", "name": "tempest.common.compute-instance-1692446462", "created": "2015-12-15T10:07:00Z", "tenant_id": "91a38e16bca64bc29a8dcfb7ce80be51", "OS-DCF:diskConfig": "MANUAL", "os-extended-volumes:volumes_attached": [], "accessIPv4": "", "accessIPv6": "", "progress": 0, "OS-EXT-STS:power_state": 1, "config_drive": "True", "metadata": {}}}
2015-12-15 10:07:05,526 25069 INFO     [tempest_lib.common.rest_client] Request (TestNetworkAdvancedServerOps:test_server_connectivity_pause_unpause): 200 GET http://10.0.2.15:9696/v2.0/ports?status=ACTIVE&amp;fixed_ip=None&amp;device_id=283b6cf1-37f6-4a6f-bfd8-69d2c3933938 0.139s
2015-12-15 10:07:05,527 25069 DEBUG    [tempest_lib.common.rest_client] Request - Headers: {'Content-Type': 'application/json', 'Accept': 'application/json', 'X-Auth-Token': '&lt;omitted&gt;'}
        Body: None
    Response - Headers: {'status': '200', 'content-length': '895', 'content-location': 'http://10.0.2.15:9696/v2.0/ports?status=ACTIVE&amp;fixed_ip=None&amp;device_id=283b6cf1-37f6-4a6f-bfd8-69d2c3933938', 'connection': 'close', 'date': 'Tue, 15 Dec 2015 10:07:05 GMT', 'content-type': 'application/json; charset=UTF-8', 'x-openstack-request-id': 'req-0e0ac170-1a3e-4097-9eb1-ecc0051057cf'}
        Body: {"ports": [{"status": "ACTIVE", "binding:host_id": "vagrant-ubuntu-trusty-64", "allowed_address_pairs": [], "extra_dhcp_opts": [], "dns_assignment": [{"hostname": "host-10-100-0-3", "ip_address": "10.100.0.3", "fqdn": "host-10-100-0-3.openstacklocal."}], "device_owner": "compute:None", "port_security_enabled": true, "binding:profile": {}, "fixed_ips": [{"subnet_id": "0fb298d7-2825-4fa5-86c9-1a916c5106b0", "ip_address": "10.100.0.3"}], "id": "b2ec2d53-f143-43e2-84cc-f0a51803dd99", "security_groups": ["92e5b3e2-7ea7-4471-9f06-5b9a7d30ea4a"], "device_id": "283b6cf1-37f6-4a6f-bfd8-69d2c3933938", "name": "", "admin_state_up": true, "network_id": "0084571f-91d3-4669-b261-dcd734076156", "dns_name": "", "binding:vif_details": {"port_filter": true}, "binding:vnic_type": "normal", "binding:vif_type": "ovs", "tenant_id": "91a38e16bca64bc29a8dcfb7ce80be51", "mac_address": "fa:16:3e:25:1e:77"}]}
2015-12-15 10:07:06,036 25069 INFO     [tempest_lib.common.rest_client] Request (TestNetworkAdvancedServerOps:test_server_connectivity_pause_unpause): 201 POST http://10.0.2.15:9696/v2.0/floatingips 0.508s
2015-12-15 10:07:06,036 25069 DEBUG    [tempest_lib.common.rest_client] Request - Headers: {'Content-Type': 'application/json', 'Accept': 'application/json', 'X-Auth-Token': '&lt;omitted&gt;'}
        Body: {"floatingip": {"floating_network_id": "4da071a1-befe-44cd-b2c9-2ef9dab4f0b7", "tenant_id": "91a38e16bca64bc29a8dcfb7ce80be51", "fixed_ip_address": "10.100.0.3", "port_id": "b2ec2d53-f143-43e2-84cc-f0a51803dd99"}}
    Response - Headers: {'status': '201', 'content-length': '367', 'connection': 'close', 'date': 'Tue, 15 Dec 2015 10:07:06 GMT', 'content-type': 'application/json; charset=UTF-8', 'x-openstack-request-id': 'req-1db7abb1-b52f-4d00-9d79-71ce081a04aa'}
        Body: {"floatingip": {"floating_network_id": "4da071a1-befe-44cd-b2c9-2ef9dab4f0b7", "router_id": "275acd1c-bd90-4071-b360-6e9f23f77af8", "fixed_ip_address": "10.100.0.3", "floating_ip_address": "172.24.4.4", "tenant_id": "91a38e16bca64bc29a8dcfb7ce80be51", "status": "DOWN", "port_id": "b2ec2d53-f143-43e2-84cc-f0a51803dd99", "id": "95cef1a8-1da8-476b-affa-2d35120cdfb1"}}
2015-12-15 10:07:06,233 25069 INFO     [tempest_lib.common.rest_client] Request (TestNetworkAdvancedServerOps:test_server_connectivity_pause_unpause): 200 GET http://10.0.2.15:8774/v2.1/91a38e16bca64bc29a8dcfb7ce80be51/servers/283b6cf1-37f6-4a6f-bfd8-69d2c3933938 0.197s
2015-12-15 10:07:06,234 25069 DEBUG    [tempest_lib.common.rest_client] Request - Headers: {'Content-Type': 'application/json', 'Accept': 'application/json', 'X-Auth-Token': '&lt;omitted&gt;'}
        Body: None
    Response - Headers: {'status': '200', 'content-length': '1661', 'content-location': 'http://10.0.2.15:8774/v2.1/91a38e16bca64bc29a8dcfb7ce80be51/servers/283b6cf1-37f6-4a6f-bfd8-69d2c3933938', 'x-compute-request-id': 'req-f6d3c94c-5700-4e81-86fa-0843d317d81e', 'vary': 'X-OpenStack-Nova-API-Version', 'connection': 'close', 'x-openstack-nova-api-version': '2.1', 'date': 'Tue, 15 Dec 2015 10:07:06 GMT', 'content-type': 'application/json'}
        Body: {"server": {"status": "ACTIVE", "updated": "2015-12-15T10:07:04Z", "hostId": "b45f70a393a43ff41d47afc4bc8e5d89e5c2c40ff6e124212c4dff58", "addresses": {"tempest-network-smoke--749666383": [{"OS-EXT-IPS-MAC:mac_addr": "fa:16:3e:25:1e:77", "version": 4, "addr": "10.100.0.3", "OS-EXT-IPS:type": "fixed"}]}, "links": [{"href": "http://10.0.2.15:8774/v2.1/91a38e16bca64bc29a8dcfb7ce80be51/servers/283b6cf1-37f6-4a6f-bfd8-69d2c3933938", "rel": "self"}, {"href": "http://10.0.2.15:8774/91a38e16bca64bc29a8dcfb7ce80be51/servers/283b6cf1-37f6-4a6f-bfd8-69d2c3933938", "rel": "bookmark"}], "key_name": "tempest-TestNetworkAdvancedServerOps-707289734", "image": {"id": "8acc1d0c-614e-4e00-b23e-252e22256064", "links": [{"href": "http://10.0.2.15:8774/91a38e16bca64bc29a8dcfb7ce80be51/images/8acc1d0c-614e-4e00-b23e-252e22256064", "rel": "bookmark"}]}, "OS-EXT-STS:task_state": null, "OS-EXT-STS:vm_state": "active", "OS-SRV-USG:launched_at": "2015-12-15T10:07:04.000000", "flavor": {"id": "42", "links": [{"href": "http://10.0.2.15:8774/91a38e16bca64bc29a8dcfb7ce80be51/flavors/42", "rel": "bookmark"}]}, "id": "283b6cf1-37f6-4a6f-bfd8-69d2c3933938", "security_groups": [{"name": "tempest-secgroup-smoke-1845880898"}], "OS-SRV-USG:terminated_at": null, "OS-EXT-AZ:availability_zone": "nova", "user_id": "e489e2d5014a4707b548353a98efa357", "name": "tempest.common.compute-instance-1692446462", "created": "2015-12-15T10:07:00Z", "tenant_id": "91a38e16bca64bc29a8dcfb7ce80be51", "OS-DCF:diskConfig": "MANUAL", "os-extended-volumes:volumes_attached": [], "accessIPv4": "", "accessIPv6": "", "progress": 0, "OS-EXT-STS:power_state": 1, "config_drive": "True", "metadata": {}}}
2015-12-15 10:07:06,242 25069 INFO     [tempest.scenario.manager] Tenant networks not configured to be reachable.
2015-12-15 10:07:06,256 25069 INFO     [tempest_lib.common.rest_client] Request (TestNetworkAdvancedServerOps:test_server_connectivity_pause_unpause): 200 GET http://10.0.2.15:9696/v2.0/floatingips/95cef1a8-1da8-476b-affa-2d35120cdfb1 0.013s
2015-12-15 10:07:06,256 25069 DEBUG    [tempest_lib.common.rest_client] Request - Headers: {'Content-Type': 'application/json', 'Accept': 'application/json', 'X-Auth-Token': '&lt;omitted&gt;'}
        Body: None
    Response - Headers: {'status': '200', 'content-length': '367', 'content-location': 'http://10.0.2.15:9696/v2.0/floatingips/95cef1a8-1da8-476b-affa-2d35120cdfb1', 'connection': 'close', 'date': 'Tue, 15 Dec 2015 10:07:06 GMT', 'content-type': 'application/json; charset=UTF-8', 'x-openstack-request-id': 'req-59084a1c-cd04-47ce-bd57-91d05b8b274d'}
        Body: {"floatingip": {"floating_network_id": "4da071a1-befe-44cd-b2c9-2ef9dab4f0b7", "router_id": "275acd1c-bd90-4071-b360-6e9f23f77af8", "fixed_ip_address": "10.100.0.3", "floating_ip_address": "172.24.4.4", "tenant_id": "91a38e16bca64bc29a8dcfb7ce80be51", "status": "DOWN", "port_id": "b2ec2d53-f143-43e2-84cc-f0a51803dd99", "id": "95cef1a8-1da8-476b-affa-2d35120cdfb1"}}
2015-12-15 10:07:07,273 25069 INFO     [tempest_lib.common.rest_client] Request (TestNetworkAdvancedServerOps:test_server_connectivity_pause_unpause): 200 GET http://10.0.2.15:9696/v2.0/floatingips/95cef1a8-1da8-476b-affa-2d35120cdfb1 0.014s
2015-12-15 10:07:07,273 25069 DEBUG    [tempest_lib.common.rest_client] Request - Headers: {'Content-Type': 'application/json', 'Accept': 'application/json', 'X-Auth-Token': '&lt;omitted&gt;'}
        Body: None
    Response - Headers: {'status': '200', 'content-length': '369', 'content-location': 'http://10.0.2.15:9696/v2.0/floatingips/95cef1a8-1da8-476b-affa-2d35120cdfb1', 'connection': 'close', 'date': 'Tue, 15 Dec 2015 10:07:07 GMT', 'content-type': 'application/json; charset=UTF-8', 'x-openstack-request-id': 'req-8f85cef1-d760-4279-be7f-ba28335f7d13'}
        Body: {"floatingip": {"floating_network_id": "4da071a1-befe-44cd-b2c9-2ef9dab4f0b7", "router_id": "275acd1c-bd90-4071-b360-6e9f23f77af8", "fixed_ip_address": "10.100.0.3", "floating_ip_address": "172.24.4.4", "tenant_id": "91a38e16bca64bc29a8dcfb7ce80be51", "status": "ACTIVE", "port_id": "b2ec2d53-f143-43e2-84cc-f0a51803dd99", "id": "95cef1a8-1da8-476b-affa-2d35120cdfb1"}}
2015-12-15 10:07:07,274 25069 INFO     [tempest.scenario.manager] FloatingIP: &lt;"FloatingIP" addr="172.24.4.4" id="95cef1a8-1da8-476b-affa-2d35120cdfb1"&gt; is at status: ACTIVE
2015-12-15 10:07:07,274 25069 DEBUG    [tempest.scenario.manager] checking network connections to IP 172.24.4.4 with user: cirros
2015-12-15 10:07:07,275 25069 DEBUG    [tempest.scenario.manager] TestNetworkAdvancedServerOps:test_server_connectivity_pause_unpause begins to ping 172.24.4.4 in 120 sec and the expected result is reachable
2015-12-15 10:09:08,622 25069 DEBUG    [tempest.scenario.manager] TestNetworkAdvancedServerOps:test_server_connectivity_pause_unpause finishes ping 172.24.4.4 in 120 sec and the ping result is unexpected
2015-12-15 10:09:08,624 25069 ERROR    [tempest.scenario.manager] Public network connectivity check failed
2015-12-15 10:09:08.624 25069 ERROR tempest.scenario.manager Traceback (most recent call last):
2015-12-15 10:09:08.624 25069 ERROR tempest.scenario.manager   File "tempest/scenario/manager.py", line 606, in check_public_network_connectivity
2015-12-15 10:09:08.624 25069 ERROR tempest.scenario.manager     should_connect=should_connect)
2015-12-15 10:09:08.624 25069 ERROR tempest.scenario.manager   File "tempest/scenario/manager.py", line 590, in check_vm_connectivity
2015-12-15 10:09:08.624 25069 ERROR tempest.scenario.manager     msg=msg)
2015-12-15 10:09:08.624 25069 ERROR tempest.scenario.manager   File "/usr/local/lib/python2.7/dist-packages/unittest2/case.py", line 702, in assertTrue
2015-12-15 10:09:08.624 25069 ERROR tempest.scenario.manager     raise self.failureException(msg)
2015-12-15 10:09:08.624 25069 ERROR tempest.scenario.manager AssertionError: False is not true : Timed out waiting for 172.24.4.4 to become reachable
2015-12-15 10:09:08.624 25069 ERROR tempest.scenario.manager 
2015-12-15 10:09:08,855 25069 INFO     [tempest_lib.common.rest_client] Request (TestNetworkAdvancedServerOps:test_server_connectivity_pause_unpause): 200 POST http://10.0.2.15:8774/v2.1/91a38e16bca64bc29a8dcfb7ce80be51/servers/283b6cf1-37f6-4a6f-bfd8-69d2c3933938/action 0.227s
2015-12-15 10:09:08,856 25069 DEBUG    [tempest_lib.common.rest_client] Request - Headers: {'Content-Type': 'application/json', 'Accept': 'application/json', 'X-Auth-Token': '&lt;omitted&gt;'}
        Body: {"os-getConsoleOutput": {}}
    Response - Headers: {'status': '200', 'content-length': '17476', 'x-compute-request-id': 'req-aea9cda8-f340-4387-96e4-141d823e7a65', 'vary': 'X-OpenStack-Nova-API-Version', 'connection': 'close', 'x-openstack-nova-api-version': '2.1', 'date': 'Tue, 15 Dec 2015 10:09:08 GMT', 'content-type': 'application/json'}
        Body: {"output": "[    0.000000] Initializing cgroup subsys cpuset\n[    0.000000] Initializing cgroup subsys cpu\n[    0.000000] Linux version 3.2.0-80-virtual (buildd@batsu) (gcc version 4.6.3 (Ubuntu/Linaro 4.6.3-1ubuntu5) ) #116-Ubuntu SMP Mon Mar 23 17:28:52 UTC 2015 (Ubuntu 3.2.0-80.116-virtual 3.2.68)\n[    0.000000] Command line: root=/dev/vda console=tty0 console=ttyS0 no_timer_check\n[    0.000000] KERNEL supported cpus:\n[    0.000000]   Intel GenuineIntel\n[    0.000000]   AMD AuthenticAMD\n[    0.000000]   Centaur CentaurHauls\n[    0.000000] BIOS-provided physical RAM map:\n[    0.000000]  BIOS-e820: 0000000000000000 - 000000000009fc00 (usable)\n[    0.000000]  BIOS-e820: 000000000009fc00 - 00000000000a0000 (reserved)\n[    0.000000]  BIOS-e820: 00000000000f0000 - 0000000000100000 (reserved)\n[    0.000000]  BIOS-e820: 0000000000100000 - 0000000003ffe000 (usable)\n[    0.000000]  BIOS-e820: 0000000003ffe000 - 0000000004000000 (reserved)\n[    0.000000]  BIOS-e820: 00000000fffc0000 - 0000000100000000 (reserved)\n[    0.000000] NX (Execute Disable) protection: active\n[    0.000000] SMBIOS 2.4 present.\n[    0.000000] No AGP bridge found\n[    0.000000] last_pfn = 0x3ffe max_arch_pfn = 0x400000000\n[    0.000000] x86 PAT enabled: cpu 0, old 0x7040600070406, new 0x7010600070106\n[    0.000000] found SMP MP-table at [ffff8800000f0b00] f0b00\n[    0.000000] init_memory_mapping: 0000000000000000-0000000003ffe000\n[    0.000000] RAMDISK: 03c5e000 - 03ff0000\n[    0.000000] ACPI: RSDP 00000000000f0950 00014 (v00 BOCHS )\n[    0.000000] ACPI: RSDT 0000000003fffbc1 00034 (v01 BOCHS  BXPCRSDT 00000001 BXPC 00000001)\n[    0.000000] ACPI: FACP 0000000003fff1c0 00074 (v01 BOCHS  BXPCFACP 00000001 BXPC 00000001)\n[    0.000000] ACPI: DSDT 0000000003ffe040 01180 (v01 BOCHS  BXPCDSDT 00000001 BXPC 00000001)\n[    0.000000] ACPI: FACS 0000000003ffe000 00040\n[    0.000000] ACPI: SSDT 0000000003fff234 008DD (v01 BOCHS  BXPCSSDT 00000001 BXPC 00000001)\n[    0.000000] ACPI: APIC 0000000003fffb11 00078 (v01 BOCHS  BXPCAPIC 00000001 BXPC 00000001)\n[    0.000000] ACPI: HPET 0000000003fffb89 00038 (v01 BOCHS  BXPCHPET 00000001 BXPC 00000001)\n[    0.000000] No NUMA configuration found\n[    0.000000] Faking a node at 0000000000000000-0000000003ffe000\n[    0.000000] Initmem setup node 0 0000000000000000-0000000003ffe000\n[    0.000000]   NODE_DATA [0000000003ff6000 - 0000000003ffafff]\n[    0.000000] Zone PFN ranges:\n[    0.000000]   DMA      0x00000010 -&gt; 0x00001000\n[    0.000000]   DMA32    0x00001000 -&gt; 0x00100000\n[    0.000000]   Normal   empty\n[    0.000000] Movable zone start PFN for each node\n[    0.000000] early_node_map[2] active PFN ranges\n[    0.000000]     0: 0x00000010 -&gt; 0x0000009f\n[    0.000000]     0: 0x00000100 -&gt; 0x00003ffe\n[    0.000000] ACPI: PM-Timer IO Port: 0xb008\n[    0.000000] ACPI: LAPIC (acpi_id[0x00] lapic_id[0x00] enabled)\n[    0.000000] ACPI: LAPIC_NMI (acpi_id[0xff] dfl dfl lint[0x1])\n[    0.000000] ACPI: IOAPIC (id[0x00] address[0xfec00000] gsi_base[0])\n[    0.000000] IOAPIC[0]: apic_id 0, version 17, address 0xfec00000, GSI 0-23\n[    0.000000] ACPI: INT_SRC_OVR (bus 0 bus_irq 0 global_irq 2 dfl dfl)\n[    0.000000] ACPI: INT_SRC_OVR (bus 0 bus_irq 5 global_irq 5 high level)\n[    0.000000] ACPI: INT_SRC_OVR (bus 0 bus_irq 9 global_irq 9 high level)\n[    0.000000] ACPI: INT_SRC_OVR (bus 0 bus_irq 10 global_irq 10 high level)\n[    0.000000] ACPI: INT_SRC_OVR (bus 0 bus_irq 11 global_irq 11 high level)\n[    0.000000] Using ACPI (MADT) for SMP configuration information\n[    0.000000] ACPI: HPET id: 0x8086a201 base: 0xfed00000\n[    0.000000] SMP: Allowing 1 CPUs, 0 hotplug CPUs\n[    0.000000] PM: Registered nosave memory: 000000000009f000 - 00000000000a0000\n[    0.000000] PM: Registered nosave memory: 00000000000a0000 - 00000000000f0000\n[    0.000000] PM: Registered nosave memory: 00000000000f0000 - 0000000000100000\n[    0.000000] Allocating PCI resources starting at 4000000 (gap: 4000000:fbfc0000)\n[    0.000000] Booting paravirtualized kernel on bare hardware\n[    0.000000] setup_pe
2015-12-15 10:09:08,859 25069 DEBUG    [tempest.scenario.manager] Console output for 283b6cf1-37f6-4a6f-bfd8-69d2c3933938
body=
[    0.000000] Initializing cgroup subsys cpuset
[    0.000000] Initializing cgroup subsys cpu
[    0.000000] Linux version 3.2.0-80-virtual (buildd@batsu) (gcc version 4.6.3 (Ubuntu/Linaro 4.6.3-1ubuntu5) ) #116-Ubuntu SMP Mon Mar 23 17:28:52 UTC 2015 (Ubuntu 3.2.0-80.116-virtual 3.2.68)
[    0.000000] Command line: root=/dev/vda console=tty0 console=ttyS0 no_timer_check
[    0.000000] KERNEL supported cpus:
[    0.000000]   Intel GenuineIntel
[    0.000000]   AMD AuthenticAMD
[    0.000000]   Centaur CentaurHauls
[    0.000000] BIOS-provided physical RAM map:
[    0.000000]  BIOS-e820: 0000000000000000 - 000000000009fc00 (usable)
[    0.000000]  BIOS-e820: 000000000009fc00 - 00000000000a0000 (reserved)
[    0.000000]  BIOS-e820: 00000000000f0000 - 0000000000100000 (reserved)
[    0.000000]  BIOS-e820: 0000000000100000 - 0000000003ffe000 (usable)
[    0.000000]  BIOS-e820: 0000000003ffe000 - 0000000004000000 (reserved)
[    0.000000]  BIOS-e820: 00000000fffc0000 - 0000000100000000 (reserved)
[    0.000000] NX (Execute Disable) protection: active
[    0.000000] SMBIOS 2.4 present.
[    0.000000] No AGP bridge found
[    0.000000] last_pfn = 0x3ffe max_arch_pfn = 0x400000000
[    0.000000] x86 PAT enabled: cpu 0, old 0x7040600070406, new 0x7010600070106
[    0.000000] found SMP MP-table at [ffff8800000f0b00] f0b00
[    0.000000] init_memory_mapping: 0000000000000000-0000000003ffe000
[    0.000000] RAMDISK: 03c5e000 - 03ff0000
[    0.000000] ACPI: RSDP 00000000000f0950 00014 (v00 BOCHS )
[    0.000000] ACPI: RSDT 0000000003fffbc1 00034 (v01 BOCHS  BXPCRSDT 00000001 BXPC 00000001)
[    0.000000] ACPI: FACP 0000000003fff1c0 00074 (v01 BOCHS  BXPCFACP 00000001 BXPC 00000001)
[    0.000000] ACPI: DSDT 0000000003ffe040 01180 (v01 BOCHS  BXPCDSDT 00000001 BXPC 00000001)
[    0.000000] ACPI: FACS 0000000003ffe000 00040
[    0.000000] ACPI: SSDT 0000000003fff234 008DD (v01 BOCHS  BXPCSSDT 00000001 BXPC 00000001)
[    0.000000] ACPI: APIC 0000000003fffb11 00078 (v01 BOCHS  BXPCAPIC 00000001 BXPC 00000001)
[    0.000000] ACPI: HPET 0000000003fffb89 00038 (v01 BOCHS  BXPCHPET 00000001 BXPC 00000001)
[    0.000000] No NUMA configuration found
[    0.000000] Faking a node at 0000000000000000-0000000003ffe000
[    0.000000] Initmem setup node 0 0000000000000000-0000000003ffe000
[    0.000000]   NODE_DATA [0000000003ff6000 - 0000000003ffafff]
[    0.000000] Zone PFN ranges:
[    0.000000]   DMA      0x00000010 -&gt; 0x00001000
[    0.000000]   DMA32    0x00001000 -&gt; 0x00100000
[    0.000000]   Normal   empty
[    0.000000] Movable zone start PFN for each node
[    0.000000] early_node_map[2] active PFN ranges
[    0.000000]     0: 0x00000010 -&gt; 0x0000009f
[    0.000000]     0: 0x00000100 -&gt; 0x00003ffe
[    0.000000] ACPI: PM-Timer IO Port: 0xb008
[    0.000000] ACPI: LAPIC (acpi_id[0x00] lapic_id[0x00] enabled)
[    0.000000] ACPI: LAPIC_NMI (acpi_id[0xff] dfl dfl lint[0x1])
[    0.000000] ACPI: IOAPIC (id[0x00] address[0xfec00000] gsi_base[0])
[    0.000000] IOAPIC[0]: apic_id 0, version 17, address 0xfec00000, GSI 0-23
[    0.000000] ACPI: INT_SRC_OVR (bus 0 bus_irq 0 global_irq 2 dfl dfl)
[    0.000000] ACPI: INT_SRC_OVR (bus 0 bus_irq 5 global_irq 5 high level)
[    0.000000] ACPI: INT_SRC_OVR (bus 0 bus_irq 9 global_irq 9 high level)
[    0.000000] ACPI: INT_SRC_OVR (bus 0 bus_irq 10 global_irq 10 high level)
[    0.000000] ACPI: INT_SRC_OVR (bus 0 bus_irq 11 global_irq 11 high level)
[    0.000000] Using ACPI (MADT) for SMP configuration information
[    0.000000] ACPI: HPET id: 0x8086a201 base: 0xfed00000
[    0.000000] SMP: Allowing 1 CPUs, 0 hotplug CPUs
[    0.000000] PM: Registered nosave memory: 000000000009f000 - 00000000000a0000
[    0.000000] PM: Registered nosave memory: 00000000000a0000 - 00000000000f0000
[    0.000000] PM: Registered nosave memory: 00000000000f0000 - 0000000000100000
[    0.000000] Allocating PCI resources starting at 4000000 (gap: 4000000:fbfc0000)
[    0.000000] Booting paravirtualized kernel on bare hardware
[    0.000000] setup_percpu: NR_CPUS:64 nr_cpumask_bits:64 nr_cpu_ids:1 nr_node_ids:1
[    0.000000] PERCPU: Embedded 27 pages/cpu @ffff880003a00000 s78848 r8192 d23552 u2097152
[    0.000000] Built 1 zonelists in Node order, mobility grouping on.  Total pages: 16008
[    0.000000] Policy zone: DMA32
[    0.000000] Kernel command line: root=/dev/vda console=tty0 console=ttyS0 no_timer_check
[    0.000000] PID hash table entries: 256 (order: -1, 2048 bytes)
[    0.000000] Checking aperture...
[    0.000000] No AGP bridge found
[    0.000000] Memory: 43492k/65528k available (6576k kernel code, 452k absent, 21584k reserved, 6620k data, 928k init)
[    0.000000] SLUB: Genslabs=15, HWalign=64, Order=0-3, MinObjects=0, CPUs=1, Nodes=1
[    0.000000] Hierarchical RCU implementation.
[    0.000000] 	RCU dyntick-idle grace-period acceleration is enabled.
[    0.000000] NR_IRQS:4352 nr_irqs:256 16
[    0.000000] Console: colour VGA+ 80x25
[    0.000000] console [tty0] enabled
[    0.000000] console [ttyS0] enabled
[    0.000000] allocated 1048576 bytes of page_cgroup
[    0.000000] please try 'cgroup_disable=memory' option if you don't want memory cgroups
[    0.000000] Fast TSC calibration failed
[    0.000000] TSC: Unable to calibrate against PIT
[    0.000000] TSC: using HPET reference calibration
[    0.000000] Detected 2293.872 MHz processor.
[    0.032875] Calibrating delay loop (skipped), value calculated using timer frequency.. 4587.74 BogoMIPS (lpj=9175488)
[    0.036270] pid_max: default: 32768 minimum: 301
[    0.043461] Security Framework initialized
[    0.048941] AppArmor: AppArmor initialized
[    0.049629] Yama: becoming mindful.
[    0.056795] Dentry cache hash table entries: 8192 (order: 4, 65536 bytes)
[    0.058423] Inode-cache hash table entries: 4096 (order: 3, 32768 bytes)
[    0.060696] Mount-cache hash table entries: 256
[    0.086195] Initializing cgroup subsys cpuacct
[    0.087128] Initializing cgroup subsys memory
[    0.089931] Initializing cgroup subsys devices
[    0.092266] Initializing cgroup subsys freezer
[    0.093710] Initializing cgroup subsys blkio
[    0.096256] Initializing cgroup subsys perf_event
[    0.104696] mce: CPU supports 10 MCE banks
[    0.109889] SMP alternatives: switching to UP code
[    0.481448] Freeing SMP alternatives: 24k freed
[    0.483136] ACPI: Core revision 20110623
[    0.528535] ftrace: allocating 26610 entries in 105 pages
[    0.565726] ..TIMER: vector=0x30 apic1=0 pin1=2 apic2=-1 pin2=-1
[    0.567401] CPU0: AMD QEMU Virtual CPU version 2.0.0 stepping 03
[    0.572035] Performance Events: Broken PMU hardware detected, using software events only.
[    0.579210] NMI watchdog disabled (cpu0): hardware events not enabled
[    0.580857] Brought up 1 CPUs
[    0.581493] Total of 1 processors activated (4587.74 BogoMIPS).
[    0.608900] devtmpfs: initialized
[    0.638840] EVM: security.selinux
[    0.640102] EVM: security.SMACK64
[    0.640608] EVM: security.capability
[    0.663636] print_constraints: dummy: 
[    0.665148] RTC time: 10:07:07, date: 12/15/15
[    0.668870] NET: Registered protocol family 16
[    0.680969] ACPI: bus type pci registered
[    0.686026] PCI: Using configuration type 1 for base access
[    0.718842] bio: create slab &lt;bio-0&gt; at 0
[    0.723545] ACPI: Added _OSI(Module Device)
[    0.724147] ACPI: Added _OSI(Processor Device)
[    0.724754] ACPI: Added _OSI(3.0 _SCP Extensions)
[    0.725383] ACPI: Added _OSI(Processor Aggregator Device)
[    0.821660] ACPI: Interpreter enabled
[    0.822302] ACPI: (supports S0 S3 S4 S5)
[    0.824849] ACPI: Using IOAPIC for interrupt routing
[    0.892596] ACPI: No dock devices found.
[    0.893646] HEST: Table not found.
[    0.894823] PCI: Using host bridge windows from ACPI; if necessary, use "pci=nocrs" and report a bug
[    0.905717] ACPI: PCI Root Bridge [PCI0] (domain 0000 [bus 00-ff])
[    0.912601] pci_root PNP0A03:00: host bridge window [io  0x0000-0x0cf7]
[    0.914005] pci_root PNP0A03:00: host bridge window [io  0x0d00-0xadff]
[    0.916146] pci_root PNP0A03:00: host bridge window [io  0xae0f-0xaeff]
[    0.917866] pci_root PNP0A03:00: host bridge window [io  0xaf20-0xafdf]
[    0.920149] pci_root PNP0A03:00: host bridge window [io  0xafe4-0xffff]
[    0.921702] pci_root PNP0A03:00: host bridge window [mem 0x000a0000-0x000bffff]
[    0.924156] pci_root PNP0A03:00: host bridge window [mem 0x04000000-0xfebfffff]
[    0.948810] pci 0000:00:01.3: quirk: [io  0xb000-0xb03f] claimed by PIIX4 ACPI
[    0.949757] pci 0000:00:01.3: quirk: [io  0xb100-0xb10f] claimed by PIIX4 SMB
[    1.020800]  pci0000:00: Unable to request _OSC control (_OSC support mask: 0x1e)
[    1.081945] ACPI: PCI Interrupt Link [LNKA] (IRQs 5 *10 11)
[    1.085164] ACPI: PCI Interrupt Link [LNKB] (IRQs 5 *10 11)
[    1.087442] ACPI: PCI Interrupt Link [LNKC] (IRQs 5 10 *11)
[    1.088833] ACPI: PCI Interrupt Link [LNKD] (IRQs 5 10 *11)
[    1.092224] ACPI: PCI Interrupt Link [LNKS] (IRQs *9)
[    1.098726] vgaarb: device added: PCI:0000:00:02.0,decodes=io+mem,owns=io+mem,locks=none
[    1.100206] vgaarb: loaded
[    1.100643] vgaarb: bridge control possible 0000:00:02.0
[    1.104768] i2c-core: driver [aat2870] using legacy suspend method
[    1.105571] i2c-core: driver [aat2870] using legacy resume method
[    1.108997] SCSI subsystem initialized
[    1.112056] usbcore: registered new interface driver usbfs
[    1.112650] usbcore: registered new interface driver hub
[    1.113889] usbcore: registered new device driver usb
[    1.120318] PCI: Using ACPI for IRQ routing
[    1.131286] NetLabel: Initializing
[    1.132218] NetLabel:  domain hash size = 128
[    1.133100] NetLabel:  protocols = UNLABELED CIPSOv4
[    1.138097] NetLabel:  unlabeled traffic allowed by default
[    1.142540] HPET: 3 timers in total, 0 timers will be used for per-cpu timer
[    1.144487] hpet0: at MMIO 0xfed00000, IRQs 2, 8, 0
[    1.145473] hpet0: 3 comparators, 64-bit 100.000000 MHz counter
[    1.154438] Switching to clocksource hpet
[    1.370491] AppArmor: AppArmor Filesystem Enabled
[    1.371771] pnp: PnP ACPI init
[    1.373242] ACPI: bus type pnp registered
[    1.391429] pnp: PnP ACPI: found 9 devices
[    1.392093] ACPI: ACPI bus type pnp unregistered
[    1.449141] NET: Registered protocol family 2
[    1.485702] IP route cache hash table entries: 512 (order: 0, 4096 bytes)
[    1.493353] TCP established hash table entries: 2048 (order: 3, 32768 bytes)
[    1.494886] TCP bind hash table entries: 2048 (order: 3, 32768 bytes)
[    1.495844] TCP: Hash tables configured (established 2048 bind 2048)
[    1.497638] TCP reno registered
[    1.498264] UDP hash table entries: 128 (order: 0, 4096 bytes)
[    1.499334] UDP-Lite hash table entries: 128 (order: 0, 4096 bytes)
[    1.502824] NET: Registered protocol family 1
[    1.503724] pci 0000:00:00.0: Limiting direct PCI/PCI transfers
[    1.505688] pci 0000:00:01.0: PIIX3: Enabling Passive Release
[    1.506834] pci 0000:00:01.0: Activating ISA DMA hang workarounds
[    1.511679] ACPI: PCI Interrupt Link [LNKD] enabled at IRQ 11
[    1.513642] pci 0000:00:01.2: PCI INT D -&gt; Link[LNKD] -&gt; GSI 11 (level, high) -&gt; IRQ 11
[    1.515896] pci 0000:00:01.2: PCI INT D disabled
[    1.538220] Trying to unpack rootfs image as initramfs...
[    1.555583] audit: initializing netlink socket (disabled)
[    1.558990] type=2000 audit(1450174027.556:1): initialized
[    1.821418] HugeTLB registered 2 MB page size, pre-allocated 0 pages
[    1.896468] VFS: Disk quotas dquot_6.5.2
[    1.897986] Dquot-cache hash table entries: 512 (order 0, 4096 bytes)
[    1.918504] fuse init (API version 7.17)
[    1.922027] msgmni has been set to 84
[    1.953163] Block layer SCSI generic (bsg) driver version 0.4 loaded (major 253)
[    1.961260] io scheduler noop registered
[    1.961794] io scheduler deadline registered (default)
[    1.963016] io scheduler cfq registered
[    1.966443] pci_hotplug: PCI Hot Plug PCI Core version: 0.5
[    1.969186] pciehp: PCI Express Hot Plug Controller Driver version: 0.4
[    1.977851] input: Power Button as /devices/LNXSYSTM:00/LNXPWRBN:00/input/input0
[    1.979348] ACPI: Power Button [PWRF]
[    2.030588] ERST: Table is not found!
[    2.031153] GHES: HEST is not enabled!
[    2.038597] ACPI: PCI Interrupt Link [LNKC] enabled at IRQ 10
[    2.039576] virtio-pci 0000:00:03.0: PCI INT A -&gt; Link[LNKC] -&gt; GSI 10 (level, high) -&gt; IRQ 10
[    2.043354] virtio-pci 0000:00:04.0: PCI INT A -&gt; Link[LNKD] -&gt; GSI 11 (level, high) -&gt; IRQ 11
[    2.062200] ACPI: PCI Interrupt Link [LNKA] enabled at IRQ 10
[    2.062884] virtio-pci 0000:00:05.0: PCI INT A -&gt; Link[LNKA] -&gt; GSI 10 (level, high) -&gt; IRQ 10
[    2.074620] Serial: 8250/16550 driver, 32 ports, IRQ sharing enabled
[    2.111836] serial8250: ttyS0 at I/O 0x3f8 (irq = 4) is a 16550A
[    2.196924] serial8250: ttyS1 at I/O 0x2f8 (irq = 3) is a 16550A
[    2.353122] 00:05: ttyS0 at I/O 0x3f8 (irq = 4) is a 16550A
[    2.439785] 00:06: ttyS1 at I/O 0x2f8 (irq = 3) is a 16550A
[    2.486280] Linux agpgart interface v0.103
[    2.523336] Refined TSC clocksource calibration: 2294.646 MHz.
[    2.525545] Switching to clocksource tsc
[    2.559883] brd: module loaded
[    2.595023] loop: module loaded
[    2.645336]  vda: unknown partition table
[    2.697640] scsi0 : ata_piix
[    2.699991] scsi1 : ata_piix
[    2.702327] ata1: PATA max MWDMA2 cmd 0x1f0 ctl 0x3f6 bmdma 0xc0a0 irq 14
[    2.703189] ata2: PATA max MWDMA2 cmd 0x170 ctl 0x376 bmdma 0xc0a8 irq 15
[    2.717491] Fixed MDIO Bus: probed
[    2.718570] tun: Universal TUN/TAP device driver, 1.6
[    2.719307] tun: (C) 1999-2004 Max Krasnyansky &lt;maxk@qualcomm.com&gt;
[    2.738287] PPP generic driver version 2.4.2
[    2.768042] ehci_hcd: USB 2.0 'Enhanced' Host Controller (EHCI) Driver
[    2.770553] ohci_hcd: USB 1.1 'Open' Host Controller (OHCI) Driver
[    2.771583] uhci_hcd: USB Universal Host Controller Interface driver
[    2.773622] uhci_hcd 0000:00:01.2: PCI INT D -&gt; Link[LNKD] -&gt; GSI 11 (level, high) -&gt; IRQ 11
[    2.777926] uhci_hcd 0000:00:01.2: UHCI Host Controller
[    2.790258] uhci_hcd 0000:00:01.2: new USB bus registered, assigned bus number 1
[    2.792075] uhci_hcd 0000:00:01.2: irq 11, io base 0x0000c040
[    2.826162] hub 1-0:1.0: USB hub found
[    2.827460] hub 1-0:1.0: 2 ports detected
[    2.838292] usbcore: registered new interface driver libusual
[    2.841087] i8042: PNP: PS/2 Controller [PNP0303:KBD,PNP0f13:MOU] at 0x60,0x64 irq 1,12
[    2.848842] serio: i8042 KBD port at 0x60,0x64 irq 1
[    2.850647] serio: i8042 AUX port at 0x60,0x64 irq 12
[    2.885692] mousedev: PS/2 mouse device common for all mice
[    2.901369] input: AT Translated Set 2 keyboard as /devices/platform/i8042/serio0/input/input1
[    2.906934] rtc_cmos 00:01: RTC can wake from S4
[    2.941230] rtc_cmos 00:01: rtc core: registered rtc_cmos as rtc0
[    2.946487] rtc0: alarms up to one day, 114 bytes nvram, hpet irqs
[    2.950625] device-mapper: uevent: version 1.0.3
[    2.975826] ata2.01: ATAPI: QEMU DVD-ROM, 2.0.0, max UDMA/100
[    2.987489] device-mapper: ioctl: 4.22.0-ioctl (2011-10-19) initialised: dm-devel@redhat.com
[    2.991622] cpuidle: using governor ladder
[    2.993073] cpuidle: using governor menu
[    2.994454] EFI Variables Facility v0.08 2004-May-17
[    3.005672] TCP cubic registered
[    3.009110] NET: Registered protocol family 10
[    3.036617] NET: Registered protocol family 17
[    3.039035] Registering the dns_resolver key type
[    3.047638] ata2.01: configured for MWDMA2
[    3.084019] scsi 1:0:1:0: CD-ROM            QEMU     QEMU DVD-ROM     2.0. PQ: 0 ANSI: 5
[    3.119395] sr0: scsi3-mmc drive: 4x/4x cd/rw xa/form2 tray
[    3.120959] cdrom: Uniform CD-ROM driver Revision: 3.20
[    3.142254] sr 1:0:1:0: Attached scsi generic sg0 type 5
[    3.179868] registered taskstats version 1
[    3.329879] Freeing initrd memory: 3656k freed
[    3.864906]   Magic number: 11:288:123
[    3.870232] acpi LNXSYBUS:01: hash matches
[    3.874919] rtc_cmos 00:01: setting system clock to 2015-12-15 10:07:10 UTC (1450174030)
[    3.876129] powernow-k8: Processor cpuid 663 not supported
[    3.881744] BIOS EDD facility v0.16 2004-Jun-25, 0 devices found
[    3.882620] EDD information not available.
[    3.930966] Freeing unused kernel memory: 928k freed
[    3.934903] Write protecting the kernel read-only data: 12288k
[    4.011039] Freeing unused kernel memory: 1596k freed
[    4.067244] Freeing unused kernel memory: 1184k freed

info: initramfs: up at 4.23
modprobe: module virtio_blk not found in modules.dep
modprobe: module virtio_net not found in modules.dep
info: copying initramfs to /dev/vda
info: initramfs loading root from /dev/vda
info: /etc/init.d/rc.sysinit: up at 9.03
info: container: none
Starting logging: OK
modprobe: module virtio_blk not found in modules.dep
modprobe: module virtio_net not found in modules.dep
WARN: /etc/rc3.d/S10-load-modules failed
Initializing random number generator... done.
Starting acpid: OK
cirros-ds 'local' up at 11.60
found datasource (configdrive, local)
Starting network...
udhcpc (v1.20.1) started
Sending discover...
Sending discover...

2015-12-15 10:09:09,139 25069 INFO     [tempest_lib.common.rest_client] Request (TestNetworkAdvancedServerOps:_run_cleanups): 204 DELETE http://10.0.2.15:9696/v2.0/floatingips/95cef1a8-1da8-476b-affa-2d35120cdfb1 0.276s
2015-12-15 10:09:09,140 25069 DEBUG    [tempest_lib.common.rest_client] Request - Headers: {'Content-Type': 'application/json', 'Accept': 'application/json', 'X-Auth-Token': '&lt;omitted&gt;'}
        Body: None
    Response - Headers: {'date': 'Tue, 15 Dec 2015 10:09:09 GMT', 'status': '204', 'connection': 'close', 'content-length': '0', 'x-openstack-request-id': 'req-05bc5c7f-ef3e-43d8-a070-66ed5321c9f0'}
        Body: 
2015-12-15 10:09:09,355 25069 INFO     [tempest_lib.common.rest_client] Request (TestNetworkAdvancedServerOps:_run_cleanups): 204 DELETE http://10.0.2.15:8774/v2.1/91a38e16bca64bc29a8dcfb7ce80be51/servers/283b6cf1-37f6-4a6f-bfd8-69d2c3933938 0.215s
2015-12-15 10:09:09,355 25069 DEBUG    [tempest_lib.common.rest_client] Request - Headers: {'Content-Type': 'application/json', 'Accept': 'application/json', 'X-Auth-Token': '&lt;omitted&gt;'}
        Body: None
    Response - Headers: {'status': '204', 'content-length': '0', 'x-compute-request-id': 'req-fff6d4b0-4317-4bea-8f9d-3af344950add', 'vary': 'X-OpenStack-Nova-API-Version', 'connection': 'close', 'x-openstack-nova-api-version': '2.1', 'date': 'Tue, 15 Dec 2015 10:09:09 GMT', 'content-type': 'application/json'}
        Body: 
2015-12-15 10:09:09,569 25069 INFO     [tempest_lib.common.rest_client] Request (TestNetworkAdvancedServerOps:_run_cleanups): 200 GET http://10.0.2.15:8774/v2.1/91a38e16bca64bc29a8dcfb7ce80be51/servers/283b6cf1-37f6-4a6f-bfd8-69d2c3933938 0.213s
2015-12-15 10:09:09,569 25069 DEBUG    [tempest_lib.common.rest_client] Request - Headers: {'Content-Type': 'application/json', 'Accept': 'application/json', 'X-Auth-Token': '&lt;omitted&gt;'}
        Body: None
    Response - Headers: {'status': '200', 'content-length': '1784', 'content-location': 'http://10.0.2.15:8774/v2.1/91a38e16bca64bc29a8dcfb7ce80be51/servers/283b6cf1-37f6-4a6f-bfd8-69d2c3933938', 'x-compute-request-id': 'req-654e3c7b-fc55-40c9-bb5e-8e396a8fad29', 'vary': 'X-OpenStack-Nova-API-Version', 'connection': 'close', 'x-openstack-nova-api-version': '2.1', 'date': 'Tue, 15 Dec 2015 10:09:09 GMT', 'content-type': 'application/json'}
        Body: {"server": {"status": "ACTIVE", "updated": "2015-12-15T10:09:09Z", "hostId": "b45f70a393a43ff41d47afc4bc8e5d89e5c2c40ff6e124212c4dff58", "addresses": {"tempest-network-smoke--749666383": [{"OS-EXT-IPS-MAC:mac_addr": "fa:16:3e:25:1e:77", "version": 4, "addr": "10.100.0.3", "OS-EXT-IPS:type": "fixed"}, {"OS-EXT-IPS-MAC:mac_addr": "fa:16:3e:25:1e:77", "version": 4, "addr": "172.24.4.4", "OS-EXT-IPS:type": "floating"}]}, "links": [{"href": "http://10.0.2.15:8774/v2.1/91a38e16bca64bc29a8dcfb7ce80be51/servers/283b6cf1-37f6-4a6f-bfd8-69d2c3933938", "rel": "self"}, {"href": "http://10.0.2.15:8774/91a38e16bca64bc29a8dcfb7ce80be51/servers/283b6cf1-37f6-4a6f-bfd8-69d2c3933938", "rel": "bookmark"}], "key_name": "tempest-TestNetworkAdvancedServerOps-707289734", "image": {"id": "8acc1d0c-614e-4e00-b23e-252e22256064", "links": [{"href": "http://10.0.2.15:8774/91a38e16bca64bc29a8dcfb7ce80be51/images/8acc1d0c-614e-4e00-b23e-252e22256064", "rel": "bookmark"}]}, "OS-EXT-STS:task_state": "deleting", "OS-EXT-STS:vm_state": "active", "OS-SRV-USG:launched_at": "2015-12-15T10:07:04.000000", "flavor": {"id": "42", "links": [{"href": "http://10.0.2.15:8774/91a38e16bca64bc29a8dcfb7ce80be51/flavors/42", "rel": "bookmark"}]}, "id": "283b6cf1-37f6-4a6f-bfd8-69d2c3933938", "security_groups": [{"name": "tempest-secgroup-smoke-1845880898"}], "OS-SRV-USG:terminated_at": null, "OS-EXT-AZ:availability_zone": "nova", "user_id": "e489e2d5014a4707b548353a98efa357", "name": "tempest.common.compute-instance-1692446462", "created": "2015-12-15T10:07:00Z", "tenant_id": "91a38e16bca64bc29a8dcfb7ce80be51", "OS-DCF:diskConfig": "MANUAL", "os-extended-volumes:volumes_attached": [], "accessIPv4": "", "accessIPv6": "", "progress": 0, "OS-EXT-STS:power_state": 1, "config_drive": "True", "metadata": {}}}
2015-12-15 10:09:10,745 25069 INFO     [tempest_lib.common.rest_client] Request (TestNetworkAdvancedServerOps:_run_cleanups): 200 GET http://10.0.2.15:8774/v2.1/91a38e16bca64bc29a8dcfb7ce80be51/servers/283b6cf1-37f6-4a6f-bfd8-69d2c3933938 0.163s
2015-12-15 10:09:10,746 25069 DEBUG    [tempest_lib.common.rest_client] Request - Headers: {'Content-Type': 'application/json', 'Accept': 'application/json', 'X-Auth-Token': '&lt;omitted&gt;'}
        Body: None
    Response - Headers: {'status': '200', 'content-length': '1716', 'content-location': 'http://10.0.2.15:8774/v2.1/91a38e16bca64bc29a8dcfb7ce80be51/servers/283b6cf1-37f6-4a6f-bfd8-69d2c3933938', 'x-compute-request-id': 'req-b7cde65d-3291-4ee3-b8d8-20a085514a65', 'vary': 'X-OpenStack-Nova-API-Version', 'connection': 'close', 'x-openstack-nova-api-version': '2.1', 'date': 'Tue, 15 Dec 2015 10:09:10 GMT', 'content-type': 'application/json'}
        Body: {"server": {"status": "ACTIVE", "updated": "2015-12-15T10:09:10Z", "hostId": "b45f70a393a43ff41d47afc4bc8e5d89e5c2c40ff6e124212c4dff58", "addresses": {"tempest-network-smoke--749666383": [{"OS-EXT-IPS-MAC:mac_addr": "fa:16:3e:25:1e:77", "version": 4, "addr": "10.100.0.3", "OS-EXT-IPS:type": "fixed"}, {"OS-EXT-IPS-MAC:mac_addr": "fa:16:3e:25:1e:77", "version": 4, "addr": "172.24.4.4", "OS-EXT-IPS:type": "floating"}]}, "links": [{"href": "http://10.0.2.15:8774/v2.1/91a38e16bca64bc29a8dcfb7ce80be51/servers/283b6cf1-37f6-4a6f-bfd8-69d2c3933938", "rel": "self"}, {"href": "http://10.0.2.15:8774/91a38e16bca64bc29a8dcfb7ce80be51/servers/283b6cf1-37f6-4a6f-bfd8-69d2c3933938", "rel": "bookmark"}], "key_name": "tempest-TestNetworkAdvancedServerOps-707289734", "image": {"id": "8acc1d0c-614e-4e00-b23e-252e22256064", "links": [{"href": "http://10.0.2.15:8774/91a38e16bca64bc29a8dcfb7ce80be51/images/8acc1d0c-614e-4e00-b23e-252e22256064", "rel": "bookmark"}]}, "OS-EXT-STS:task_state": "deleting", "OS-EXT-STS:vm_state": "active", "OS-SRV-USG:launched_at": "2015-12-15T10:07:04.000000", "flavor": {"id": "42", "links": [{"href": "http://10.0.2.15:8774/91a38e16bca64bc29a8dcfb7ce80be51/flavors/42", "rel": "bookmark"}]}, "id": "283b6cf1-37f6-4a6f-bfd8-69d2c3933938", "OS-SRV-USG:terminated_at": null, "OS-EXT-AZ:availability_zone": "nova", "user_id": "e489e2d5014a4707b548353a98efa357", "name": "tempest.common.compute-instance-1692446462", "created": "2015-12-15T10:07:00Z", "tenant_id": "91a38e16bca64bc29a8dcfb7ce80be51", "OS-DCF:diskConfig": "MANUAL", "os-extended-volumes:volumes_attached": [], "accessIPv4": "", "accessIPv6": "", "progress": 0, "OS-EXT-STS:power_state": 1, "config_drive": "True", "metadata": {}}}
2015-12-15 10:09:11,834 25069 INFO     [tempest_lib.common.rest_client] Request (TestNetworkAdvancedServerOps:_run_cleanups): 404 GET http://10.0.2.15:8774/v2.1/91a38e16bca64bc29a8dcfb7ce80be51/servers/283b6cf1-37f6-4a6f-bfd8-69d2c3933938 0.077s
2015-12-15 10:09:11,834 25069 DEBUG    [tempest_lib.common.rest_client] Request - Headers: {'Content-Type': 'application/json', 'Accept': 'application/json', 'X-Auth-Token': '&lt;omitted&gt;'}
        Body: None
    Response - Headers: {'status': '404', 'content-length': '111', 'x-compute-request-id': 'req-c19bddec-a366-455a-a0c9-92f895b1909c', 'vary': 'X-OpenStack-Nova-API-Version', 'connection': 'close', 'x-openstack-nova-api-version': '2.1', 'date': 'Tue, 15 Dec 2015 10:09:11 GMT', 'content-type': 'application/json; charset=UTF-8'}
        Body: {"itemNotFound": {"message": "Instance 283b6cf1-37f6-4a6f-bfd8-69d2c3933938 could not be found.", "code": 404}}
2015-12-15 10:09:12,305 25069 INFO     [tempest_lib.common.rest_client] Request (TestNetworkAdvancedServerOps:_run_cleanups): 200 PUT http://10.0.2.15:9696/v2.0/routers/275acd1c-bd90-4071-b360-6e9f23f77af8/remove_router_interface 0.469s
2015-12-15 10:09:12,305 25069 DEBUG    [tempest_lib.common.rest_client] Request - Headers: {'Content-Type': 'application/json', 'Accept': 'application/json', 'X-Auth-Token': '&lt;omitted&gt;'}
        Body: {"subnet_id": "0fb298d7-2825-4fa5-86c9-1a916c5106b0"}
    Response - Headers: {'status': '200', 'content-length': '255', 'connection': 'close', 'date': 'Tue, 15 Dec 2015 10:09:12 GMT', 'content-type': 'application/json; charset=UTF-8', 'x-openstack-request-id': 'req-f670f3c5-2430-4d5c-a264-a43ec6aba1af'}
        Body: {"subnet_id": "0fb298d7-2825-4fa5-86c9-1a916c5106b0", "tenant_id": "91a38e16bca64bc29a8dcfb7ce80be51", "subnet_ids": ["0fb298d7-2825-4fa5-86c9-1a916c5106b0"], "port_id": "022fff0a-a04b-4685-b3d0-2bfecc3f48e9", "id": "275acd1c-bd90-4071-b360-6e9f23f77af8"}
2015-12-15 10:09:12,850 25069 INFO     [tempest_lib.common.rest_client] Request (TestNetworkAdvancedServerOps:_run_cleanups): 204 DELETE http://10.0.2.15:9696/v2.0/subnets/0fb298d7-2825-4fa5-86c9-1a916c5106b0 0.544s
2015-12-15 10:09:12,851 25069 DEBUG    [tempest_lib.common.rest_client] Request - Headers: {'Content-Type': 'application/json', 'Accept': 'application/json', 'X-Auth-Token': '&lt;omitted&gt;'}
        Body: None
    Response - Headers: {'date': 'Tue, 15 Dec 2015 10:09:12 GMT', 'status': '204', 'connection': 'close', 'content-length': '0', 'x-openstack-request-id': 'req-ea149a80-f4be-4cc1-b512-2989576decbf'}
        Body: 
2015-12-15 10:09:12,903 25069 INFO     [tempest_lib.common.rest_client] Request (TestNetworkAdvancedServerOps:_run_cleanups): 200 GET http://10.0.2.15:9696/v2.0/routers/275acd1c-bd90-4071-b360-6e9f23f77af8 0.051s
2015-12-15 10:09:12,904 25069 DEBUG    [tempest_lib.common.rest_client] Request - Headers: {'Content-Type': 'application/json', 'Accept': 'application/json', 'X-Auth-Token': '&lt;omitted&gt;'}
        Body: None
    Response - Headers: {'status': '200', 'content-length': '564', 'content-location': 'http://10.0.2.15:9696/v2.0/routers/275acd1c-bd90-4071-b360-6e9f23f77af8', 'connection': 'close', 'date': 'Tue, 15 Dec 2015 10:09:12 GMT', 'content-type': 'application/json; charset=UTF-8', 'x-openstack-request-id': 'req-a0fbce1b-882e-449f-8606-14eff58a96d6'}
        Body: {"router": {"status": "ACTIVE", "external_gateway_info": {"network_id": "4da071a1-befe-44cd-b2c9-2ef9dab4f0b7", "enable_snat": true, "external_fixed_ips": [{"subnet_id": "a226bcbb-c689-4a99-bdf8-ed795fe3a03c", "ip_address": "172.24.4.3"}, {"subnet_id": "764456cc-7945-4230-a05a-bf00e1edda0b", "ip_address": "2001:db8::4"}]}, "availability_zone_hints": [], "availability_zones": ["nova"], "name": "tempest-router-smoke-2036628382", "admin_state_up": true, "tenant_id": "91a38e16bca64bc29a8dcfb7ce80be51", "routes": [], "id": "275acd1c-bd90-4071-b360-6e9f23f77af8"}}
2015-12-15 10:09:13,376 25069 INFO     [tempest_lib.common.rest_client] Request (TestNetworkAdvancedServerOps:_run_cleanups): 200 PUT http://10.0.2.15:9696/v2.0/routers/275acd1c-bd90-4071-b360-6e9f23f77af8 0.471s
2015-12-15 10:09:13,377 25069 DEBUG    [tempest_lib.common.rest_client] Request - Headers: {'Content-Type': 'application/json', 'Accept': 'application/json', 'X-Auth-Token': '&lt;omitted&gt;'}
        Body: {"router": {"external_gateway_info": {}, "name": "tempest-router-smoke-2036628382", "admin_state_up": true}}
    Response - Headers: {'status': '200', 'content-length': '302', 'connection': 'close', 'date': 'Tue, 15 Dec 2015 10:09:13 GMT', 'content-type': 'application/json; charset=UTF-8', 'x-openstack-request-id': 'req-224d3a1c-e339-44fa-9f28-47623303e65f'}
        Body: {"router": {"status": "ACTIVE", "external_gateway_info": null, "availability_zone_hints": [], "availability_zones": ["nova"], "name": "tempest-router-smoke-2036628382", "admin_state_up": true, "tenant_id": "91a38e16bca64bc29a8dcfb7ce80be51", "routes": [], "id": "275acd1c-bd90-4071-b360-6e9f23f77af8"}}
2015-12-15 10:09:13,718 25069 INFO     [tempest_lib.common.rest_client] Request (TestNetworkAdvancedServerOps:_run_cleanups): 204 DELETE http://10.0.2.15:9696/v2.0/routers/275acd1c-bd90-4071-b360-6e9f23f77af8 0.341s
2015-12-15 10:09:13,719 25069 DEBUG    [tempest_lib.common.rest_client] Request - Headers: {'Content-Type': 'application/json', 'Accept': 'application/json', 'X-Auth-Token': '&lt;omitted&gt;'}
        Body: None
    Response - Headers: {'date': 'Tue, 15 Dec 2015 10:09:13 GMT', 'status': '204', 'connection': 'close', 'content-length': '0', 'x-openstack-request-id': 'req-9911a739-f69b-4ae2-80a5-b82fb6e823bc'}
        Body: 
2015-12-15 10:09:13,929 25069 INFO     [tempest_lib.common.rest_client] Request (TestNetworkAdvancedServerOps:_run_cleanups): 204 DELETE http://10.0.2.15:9696/v2.0/networks/0084571f-91d3-4669-b261-dcd734076156 0.209s
2015-12-15 10:09:13,930 25069 DEBUG    [tempest_lib.common.rest_client] Request - Headers: {'Content-Type': 'application/json', 'Accept': 'application/json', 'X-Auth-Token': '&lt;omitted&gt;'}
        Body: None
    Response - Headers: {'date': 'Tue, 15 Dec 2015 10:09:13 GMT', 'status': '204', 'connection': 'close', 'content-length': '0', 'x-openstack-request-id': 'req-e7e66fde-817a-4912-bb3e-c2daff770cc9'}
        Body: 
2015-12-15 10:09:13,997 25069 INFO     [tempest_lib.common.rest_client] Request (TestNetworkAdvancedServerOps:_run_cleanups): 204 DELETE http://10.0.2.15:9696/v2.0/security-group-rules/fabd9a1e-789b-4079-9599-379cb91d755f 0.065s
2015-12-15 10:09:13,997 25069 DEBUG    [tempest_lib.common.rest_client] Request - Headers: {'Content-Type': 'application/json', 'Accept': 'application/json', 'X-Auth-Token': '&lt;omitted&gt;'}
        Body: None
    Response - Headers: {'date': 'Tue, 15 Dec 2015 10:09:13 GMT', 'status': '204', 'connection': 'close', 'content-length': '0', 'x-openstack-request-id': 'req-db4165ca-4814-4d8e-b5b6-366c0b20f449'}
        Body: 
2015-12-15 10:09:14,061 25069 INFO     [tempest_lib.common.rest_client] Request (TestNetworkAdvancedServerOps:_run_cleanups): 204 DELETE http://10.0.2.15:9696/v2.0/security-group-rules/149741d0-1855-4cbe-98f1-52d6615dafec 0.062s
2015-12-15 10:09:14,061 25069 DEBUG    [tempest_lib.common.rest_client] Request - Headers: {'Content-Type': 'application/json', 'Accept': 'application/json', 'X-Auth-Token': '&lt;omitted&gt;'}
        Body: None
    Response - Headers: {'date': 'Tue, 15 Dec 2015 10:09:14 GMT', 'status': '204', 'connection': 'close', 'content-length': '0', 'x-openstack-request-id': 'req-f480271d-5547-4a9a-a23e-8bc61465aac1'}
        Body: 
2015-12-15 10:09:14,110 25069 INFO     [tempest_lib.common.rest_client] Request (TestNetworkAdvancedServerOps:_run_cleanups): 204 DELETE http://10.0.2.15:9696/v2.0/security-group-rules/3ceb6f5f-d593-4f08-ace5-03c9ef2ca9aa 0.048s
2015-12-15 10:09:14,111 25069 DEBUG    [tempest_lib.common.rest_client] Request - Headers: {'Content-Type': 'application/json', 'Accept': 'application/json', 'X-Auth-Token': '&lt;omitted&gt;'}
        Body: None
    Response - Headers: {'date': 'Tue, 15 Dec 2015 10:09:14 GMT', 'status': '204', 'connection': 'close', 'content-length': '0', 'x-openstack-request-id': 'req-282adbbf-99ab-4ba2-94e1-158ef01fce96'}
        Body: 
2015-12-15 10:09:14,168 25069 INFO     [tempest_lib.common.rest_client] Request (TestNetworkAdvancedServerOps:_run_cleanups): 204 DELETE http://10.0.2.15:9696/v2.0/security-group-rules/21a73224-c3b1-48f6-b5fa-a7c408930a35 0.056s
2015-12-15 10:09:14,169 25069 DEBUG    [tempest_lib.common.rest_client] Request - Headers: {'Content-Type': 'application/json', 'Accept': 'application/json', 'X-Auth-Token': '&lt;omitted&gt;'}
        Body: None
    Response - Headers: {'date': 'Tue, 15 Dec 2015 10:09:14 GMT', 'status': '204', 'connection': 'close', 'content-length': '0', 'x-openstack-request-id': 'req-366a683d-7b3c-4a08-8eb0-c757228ec760'}
        Body: 
2015-12-15 10:09:14,235 25069 INFO     [tempest_lib.common.rest_client] Request (TestNetworkAdvancedServerOps:_run_cleanups): 204 DELETE http://10.0.2.15:9696/v2.0/security-group-rules/a1e70711-56f7-4f4e-8cdd-39aa6da052d6 0.066s
2015-12-15 10:09:14,236 25069 DEBUG    [tempest_lib.common.rest_client] Request - Headers: {'Content-Type': 'application/json', 'Accept': 'application/json', 'X-Auth-Token': '&lt;omitted&gt;'}
        Body: None
    Response - Headers: {'date': 'Tue, 15 Dec 2015 10:09:14 GMT', 'status': '204', 'connection': 'close', 'content-length': '0', 'x-openstack-request-id': 'req-ff8b0c1f-54b8-43ca-93b0-15a22c6ab667'}
        Body: 
2015-12-15 10:09:14,302 25069 INFO     [tempest_lib.common.rest_client] Request (TestNetworkAdvancedServerOps:_run_cleanups): 204 DELETE http://10.0.2.15:9696/v2.0/security-group-rules/a1c36d4f-f222-477f-9341-5709478ee7b3 0.065s
2015-12-15 10:09:14,303 25069 DEBUG    [tempest_lib.common.rest_client] Request - Headers: {'Content-Type': 'application/json', 'Accept': 'application/json', 'X-Auth-Token': '&lt;omitted&gt;'}
        Body: None
    Response - Headers: {'date': 'Tue, 15 Dec 2015 10:09:14 GMT', 'status': '204', 'connection': 'close', 'content-length': '0', 'x-openstack-request-id': 'req-fb931b6f-bbdf-4dab-acb1-aad1ac3615cb'}
        Body: 
2015-12-15 10:09:14,393 25069 INFO     [tempest_lib.common.rest_client] Request (TestNetworkAdvancedServerOps:_run_cleanups): 204 DELETE http://10.0.2.15:9696/v2.0/security-groups/92e5b3e2-7ea7-4471-9f06-5b9a7d30ea4a 0.089s
2015-12-15 10:09:14,394 25069 DEBUG    [tempest_lib.common.rest_client] Request - Headers: {'Content-Type': 'application/json', 'Accept': 'application/json', 'X-Auth-Token': '&lt;omitted&gt;'}
        Body: None
    Response - Headers: {'date': 'Tue, 15 Dec 2015 10:09:14 GMT', 'status': '204', 'connection': 'close', 'content-length': '0', 'x-openstack-request-id': 'req-1a01677d-2e9e-4722-b417-e8eb45311e5f'}
        Body: 
2015-12-15 10:09:14,412 25069 INFO     [tempest_lib.common.rest_client] Request (TestNetworkAdvancedServerOps:_run_cleanups): 202 DELETE http://10.0.2.15:8774/v2.1/91a38e16bca64bc29a8dcfb7ce80be51/os-keypairs/tempest-TestNetworkAdvancedServerOps-707289734 0.017s
2015-12-15 10:09:14,412 25069 DEBUG    [tempest_lib.common.rest_client] Request - Headers: {'Content-Type': 'application/json', 'Accept': 'application/json', 'X-Auth-Token': '&lt;omitted&gt;'}
        Body: None
    Response - Headers: {'status': '202', 'content-length': '0', 'x-compute-request-id': 'req-47223551-cbd7-4033-9572-16e310596caa', 'vary': 'X-OpenStack-Nova-API-Version', 'connection': 'close', 'x-openstack-nova-api-version': '2.1', 'date': 'Tue, 15 Dec 2015 10:09:14 GMT', 'content-type': 'application/json'}
        Body: 
2015-12-15 10:09:14,493 25069 INFO     [tempest_lib.common.rest_client] Request (TestNetworkAdvancedServerOps:_run_cleanups): 404 GET http://10.0.2.15:8774/v2.1/91a38e16bca64bc29a8dcfb7ce80be51/servers/283b6cf1-37f6-4a6f-bfd8-69d2c3933938 0.079s
2015-12-15 10:09:14,493 25069 DEBUG    [tempest_lib.common.rest_client] Request - Headers: {'Content-Type': 'application/json', 'Accept': 'application/json', 'X-Auth-Token': '&lt;omitted&gt;'}
        Body: None
    Response - Headers: {'status': '404', 'content-length': '111', 'x-compute-request-id': 'req-c7f30533-d06f-4a01-9f26-9cf4b75db457', 'vary': 'X-OpenStack-Nova-API-Version', 'connection': 'close', 'x-openstack-nova-api-version': '2.1', 'date': 'Tue, 15 Dec 2015 10:09:14 GMT', 'content-type': 'application/json; charset=UTF-8'}
        Body: {"itemNotFound": {"message": "Instance 283b6cf1-37f6-4a6f-bfd8-69d2c3933938 could not be found.", "code": 404}}
}}}

Traceback (most recent call last):
  File "tempest/test.py", line 113, in wrapper
    return f(self, *func_args, **func_kwargs)
  File "tempest/scenario/test_network_advanced_server_ops.py", line 134, in test_server_connectivity_pause_unpause
    server, keypair, floating_ip = self._setup_network_and_servers()
  File "tempest/scenario/test_network_advanced_server_ops.py", line 71, in _setup_network_and_servers
    server, keypair, floating_ip)
  File "tempest/scenario/test_network_advanced_server_ops.py", line 95, in _wait_server_status_and_check_network_connectivity
    self._check_network_connectivity(server, keypair, floating_ip)
  File "tempest/scenario/test_network_advanced_server_ops.py", line 88, in _check_network_connectivity
    servers=[server])
  File "tempest/scenario/manager.py", line 606, in check_public_network_connectivity
    should_connect=should_connect)
  File "tempest/scenario/manager.py", line 590, in check_vm_connectivity
    msg=msg)
  File "/usr/local/lib/python2.7/dist-packages/unittest2/case.py", line 702, in assertTrue
    raise self.failureException(msg)
AssertionError: False is not true : Timed out waiting for 172.24.4.4 to become reachable



        </pre>
    </div>
    <!--css div popup end-->

    </td>
</tr>

<tr id='ft1.2' class='none'>
    <td class='failCase'><div class='testcase'>test_server_connectivity_reboot[compute,id-7b6860c2-afa3-4846-9522-adeb38dfbe08,network]</div></td>
    <td colspan='7' align='left'>

    <!--css div popup start-->
    <a class="popup_link" onfocus='this.blur();'
    href="javascript:showTestDetail('div_ft1.2')" >
        fail</a>

    <div id='div_ft1.2' class="popup_window">
        <div style='text-align: right; color:red;cursor:pointer'>
        <a onfocus='this.blur();'
