<?xml version="1.0" encoding="UTF-8"?>
<!DOCTYPE html PUBLIC "-//W3C//DTD XHTML 1.0 Strict//EN"
     "http://www.w3.org/TR/xhtml1/DTD/xhtml1-strict.dtd">
<html xmlns="http://www.w3.org/1999/xhtml">
<head>
    <title>Unit Test Report</title>
    <meta name="generator" content="subunit2html 0.1"/>
    <meta http-equiv="Content-Type" content="text/html; charset=UTF-8"/>
    
<style type="text/css" media="screen">
body        { font-family: verdana, arial, helvetica, sans-serif;
    font-size: 80%; }
table       { font-size: 100%; width: 100%;}
pre         { font-size: 80%; }

/* -- heading -------------------------------------------------------------- */
h1 {
        font-size: 16pt;
        color: gray;
}
.heading {
    margin-top: 0ex;
    margin-bottom: 1ex;
}

.heading .attribute {
    margin-top: 1ex;
    margin-bottom: 0;
}

.heading .description {
    margin-top: 4ex;
    margin-bottom: 6ex;
}

/* -- css div popup -------------------------------------------------------- */
a.popup_link {
}

a.popup_link:hover {
    color: red;
}

.popup_window {
    display: none;
    overflow-x: scroll;
    /*border: solid #627173 1px; */
    padding: 10px;
    background-color: #E6E6D6;
    font-family: "Ubuntu Mono", "Lucida Console", "Courier New", monospace;
    text-align: left;
    font-size: 8pt;
}

}
/* -- report --------------------------------------------------------------- */
#show_detail_line {
    margin-top: 3ex;
    margin-bottom: 1ex;
}
#result_table {
    width: 100%;
    border-collapse: collapse;
    border: 1px solid #777;
}
#header_row {
    font-weight: bold;
    color: white;
    background-color: #777;
}
#result_table td {
    border: 1px solid #777;
    padding: 2px;
}
#total_row  { font-weight: bold; }
.passClass  { background-color: #6c6; }
.failClass  { background-color: #c60; }
.errorClass { background-color: #c00; }
.passCase   { color: #6c6; }
.failCase   { color: #c60; font-weight: bold; }
.errorCase  { color: #c00; font-weight: bold; }
.hiddenRow  { display: none; }
.testcase   { margin-left: 2em; }
td.testname {width: 40%}
td.small {width: 40px}

/* -- ending --------------------------------------------------------------- */
#ending {
}

</style>

</head>
<body>
<script language="javascript" type="text/javascript"><!--
output_list = Array();

/* level - 0:Summary; 1:Failed; 2:All */
function showCase(level) {
    trs = document.getElementsByTagName("tr");
    for (var i = 0; i < trs.length; i++) {
        tr = trs[i];
        id = tr.id;
        if (id.substr(0,2) == 'ft') {
            if (level < 1) {
                tr.className = 'hiddenRow';
            }
            else {
                tr.className = '';
            }
        }
        if (id.substr(0,2) == 'pt') {
            if (level > 1) {
                tr.className = '';
            }
            else {
                tr.className = 'hiddenRow';
            }
        }
    }
}


function showClassDetail(cid, count) {
    var id_list = Array(count);
    var toHide = 1;
    for (var i = 0; i < count; i++) {
        tid0 = 't' + cid.substr(1) + '.' + (i+1);
        tid = 'f' + tid0;
        tr = document.getElementById(tid);
        if (!tr) {
            tid = 'p' + tid0;
            tr = document.getElementById(tid);
        }
        id_list[i] = tid;
        if (tr.className) {
            toHide = 0;
        }
    }
    for (var i = 0; i < count; i++) {
        tid = id_list[i];
        if (toHide) {
            document.getElementById('div_'+tid).style.display = 'none'
            document.getElementById(tid).className = 'hiddenRow';
        }
        else {
            document.getElementById(tid).className = '';
        }
    }
}


function showTestDetail(div_id){
    var details_div = document.getElementById(div_id)
    var displayState = details_div.style.display
    // alert(displayState)
    if (displayState != 'block' ) {
        displayState = 'block'
        details_div.style.display = 'block'
    }
    else {
        details_div.style.display = 'none'
    }
}


function html_escape(s) {
    s = s.replace(/&/g,'&amp;');
    s = s.replace(/</g,'&lt;');
    s = s.replace(/>/g,'&gt;');
    return s;
}

/* obsoleted by detail in <div>
function showOutput(id, name) {
    var w = window.open("", //url
                    name,
                    "resizable,scrollbars,status,width=800,height=450");
    d = w.document;
    d.write("<pre>");
    d.write(html_escape(output_list[id]));
    d.write("\n");
    d.write("<a href='javascript:window.close()'>close</a>\n");
    d.write("</pre>\n");
    d.close();
}
*/
--></script>

<div class='heading'>
<h1>Unit Test Report</h1>

<p class='attribute'><strong>Status:</strong> Failure 6</p>

<p class='description'></p>
</div>



<p id='show_detail_line'>Show
<a href='javascript:showCase(0)'>Summary</a>
<a href='javascript:showCase(1)'>Failed</a>
<a href='javascript:showCase(2)'>All</a>
</p>
<table id='result_table'>
<colgroup>
<col align='left' />
<col align='right' />
<col align='right' />
<col align='right' />
<col align='right' />
<col align='right' />
<col align='right' />
<col align='right' />
</colgroup>
<tr id='header_row'>
    <td>Test Group/Test case</td>
    <td>Count</td>
    <td>Pass</td>
    <td>Fail</td>
    <td>Error</td>
    <td>Skip</td>
    <td>View</td>
    <td> </td>
</tr>

<tr class='failClass'>
    <td class="testname">tempest.scenario.test_network_advanced_server_ops.TestNetworkAdvancedServerOps</td>
    <td class="small">6</td>
    <td class="small">0</td>
    <td class="small">6</td>
    <td class="small">0</td>
    <td class="small">0</td>
    <td class="small"><a href="javascript:showClassDetail('c1',6)"
>Detail</a></td>
    <td> </td>
</tr>

<tr id='ft1.1' class='none'>
    <td class='failCase'><div class='testcase'>test_server_connectivity_pause_unpause[compute,id-2b2642db-6568-4b35-b812-eceed3fa20ce,network]</div></td>
    <td colspan='7' align='left'>

    <!--css div popup start-->
    <a class="popup_link" onfocus='this.blur();'
    href="javascript:showTestDetail('div_ft1.1')" >
        fail</a>

    <div id='div_ft1.1' class="popup_window">
        <div style='text-align: right; color:red;cursor:pointer'>
        <a onfocus='this.blur();'
onclick="document.getElementById('div_ft1.1').style.display = 'none' " >
           [x]</a>
        </div>
        <pre>
        
ft1.1: tempest.scenario.test_network_advanced_server_ops.TestNetworkAdvancedServerOps.test_server_connectivity_pause_unpause[compute,id-2b2642db-6568-4b35-b812-eceed3fa20ce,network]_StringException: Empty attachments:
  stderr
  stdout

pythonlogging:'': {{{
2016-01-22 11:47:09,531 14195 INFO     [tempest_lib.common.rest_client] Request (TestNetworkAdvancedServerOps:test_server_connectivity_pause_unpause): 200 POST http://10.4.1.3:8774/v2.1/642e35eb21ba49238bc146201354bdbf/os-keypairs 0.378s
2016-01-22 11:47:09,532 14195 DEBUG    [tempest_lib.common.rest_client] Request - Headers: {'Content-Type': 'application/json', 'Accept': 'application/json', 'X-Auth-Token': '&lt;omitted&gt;'}
        Body: {"keypair": {"name": "tempest-TestNetworkAdvancedServerOps-1341336121"}}
    Response - Headers: {'status': '200', 'content-length': '2330', 'x-compute-request-id': 'req-ccca5cf9-765f-45e1-a0f8-0e73ff3b4057', 'vary': 'X-OpenStack-Nova-API-Version', 'connection': 'close', 'x-openstack-nova-api-version': '2.1', 'date': 'Fri, 22 Jan 2016 11:47:09 GMT', 'content-type': 'application/json'}
        Body: {"keypair": {"public_key": "ssh-rsa AAAAB3NzaC1yc2EAAAADAQABAAABAQCQh7i+uo5goTLBr+nsdyAHF+B0O2d3z0kNddSMo6UmwPLd1yYg1kpzdJ1ctxHGQWFADx53plc/tFweE7lLgyzULwhcGMvuermhyc1EHMle73NNBEkJajTY/iUe+ql0jy4WG/SyY/WyjQVzsW/tYE+QlvmtI/RXjHwgkhcVKYWI793MvepOV4T9SrWAoLxheEpyYxkga1lohmRCslznqv+MRZelVcwQJtd1ZtJ+HPPEztI2Xj4dhfFgufliYb2vIlMK5Q524IkhGURrgnVZoXwQE7pRopAb/gQLwYYzguHymEKsPfJ802phPKGlVDT+3meayqmXZisiHqYrctU4DDtH Generated-by-Nova", "private_key": "-----BEGIN RSA PRIVATE KEY-----\nMIIEpwIBAAKCAQEAkIe4vrqOYKEywa/p7HcgBxfgdDtnd89JDXXUjKOlJsDy3dcm\nINZKc3SdXLcRxkFhQA8ed6ZXP7RcHhO5S4Ms1C8IXBjL7nq5ocnNRBzJXu9zTQRJ\nCWo02P4lHvqpdI8uFhv0smP1so0Fc7Fv7WBPkJb5rSP0V4x8IJIXFSmFiO/dzL3q\nTleE/Uq1gKC8YXhKcmMZIGtZaIZkQrJc56r/jEWXpVXMECbXdWbSfhzzxM7SNl4+\nHYXxYLn5YmG9ryJTCuUOduCJIRlEa4J1WaF8EBO6UaKQG/4EC8GGM4Lh8phCrD3y\nfNNqYTyhpVQ0/t5nmsqpl2YrIh6mK3LVOAw7RwIDAQABAoIBAERtzf2XrFN53uMv\nW8zWdfaFyoKdoZZrMQZLdJAF5uqbTiHUfLvtWaCiZOMB1kuMpvPCdMVnn0WNKlQf\nOIrVF4N6pTWdk+hceMluF16ZVoo5Stj7H21yuITIh2DMgzCpncNgBxHzG+Amvp8R\nMpIsGF+364ybSlOtMxPkt0MQvqWfXX2ayzI4U8YHsm5KpHTpWqBTbwszwQkFTnJi\nlT+W4RoaYGG20R0HRXk9zS/pYfNGrDVtonQOwr1SDuOhNXbA42aKWMnXV7BHgiVF\nZdBqjLWua48qbUbs/BkzFIkPWwptPBbgKGzlft4Udb6TzqrZFRB0T63kJ9CsYu98\n1tH2iaECggCBALbKpM2XOI3Hgb3f1oX0v/f/MPftqEkAA5z7+Ny5nKNyTUDdy21F\ntrZJ9trI5WjXEnqiix8easpRlirFJa97k2h3SfNtYOrOb2cEOiq3LylWJRdzdaIw\nz5TxNs6l8KUyqjzVZfnk6oorlcBgdbxI5HNtudgC/uZcm2Rkko+R4Kp3AoIAgQDK\najC8C7+qfLe2RvWi4RFliSIL9OcM1nPALN4m2huWbnlz8ZUnp60WVS6OKd9F+7s9\npVEUgS3kCnjKy/8qygZyMTbek7cp5aqlJ4cI45rU0NvbPvPCUij42ZXdi3GMcQ3f\nhhIZvA4ac8hUDCsIYIE+ZEg8Mn92CSfYqQUZXOVZsQKCAIBy0rjTrLqJ1VlavNE1\nNJmiX1uTYmbj9G5Qnrelb7NFuPduV+UBr1knCS9YH/p78R5aiuB5m9HZZYa/NziF\nE0t1w/lgQMUwupygSbeAPbISdVq3cH/kcmTzWtLi3LpeC4WE0UhNwc7THK3lOrK6\no89d8v9bAga9Dk9OsR6fsTM/4QKCAIBByhP++r6YNiMr/pJWF1slKlZDlp0GYimL\nG8o0zI1M7qlREwNMuUYbzSHtmRR11aT9G19oD7iPtwudtoJAMRu5P9+6pj5RQtGd\nDmTocbngU+Yxs5tc3IFuqKH6ORl18UT2EsiNTr8yv9Er6CyQc3Vuhv+neS5OehlW\nZVE/9h6hcQKCAIAJfhHcjOzmm65R1evcG0BmsGEKrapXLofZa8E9vxFS4RkC/edm\nb+XE73jrjwiUxi+FLo9aWoNNczWdAX5opeEqvVjLOqULTmrEHVpQ0mjgWJco7j3v\nMjAAEeit3qzaeSI7SDpZLgPALNmMes7TEIPBf1dbgxZ82sFUjtUTKxXXwA==\n-----END RSA PRIVATE KEY-----\n", "user_id": "d9462c1d653049ab8758694596ac143f", "name": "tempest-TestNetworkAdvancedServerOps-1341336121", "fingerprint": "18:45:16:14:88:5c:6b:d9:05:0c:d9:70:ce:1e:10:90"}}
2016-01-22 11:47:09,829 14195 INFO     [tempest_lib.common.rest_client] Request (TestNetworkAdvancedServerOps:test_server_connectivity_pause_unpause): 201 POST http://10.4.1.3:9696/v2.0/security-groups 0.293s
2016-01-22 11:47:09,829 14195 DEBUG    [tempest_lib.common.rest_client] Request - Headers: {'Content-Type': 'application/json', 'Accept': 'application/json', 'X-Auth-Token': '&lt;omitted&gt;'}
        Body: {"security_group": {"tenant_id": "642e35eb21ba49238bc146201354bdbf", "description": "tempest-secgroup-smoke-875486814 description", "name": "tempest-secgroup-smoke-875486814"}}
    Response - Headers: {'status': '201', 'content-length': '886', 'connection': 'close', 'date': 'Fri, 22 Jan 2016 11:47:09 GMT', 'content-type': 'application/json; charset=UTF-8', 'x-openstack-request-id': 'req-06964d38-cf1e-49fe-a9fb-7ede02a16d9c'}
        Body: {"security_group": {"tenant_id": "642e35eb21ba49238bc146201354bdbf", "description": "tempest-secgroup-smoke-875486814 description", "id": "2e6738d9-7ebf-4d94-89c5-e49df2cbc63f", "security_group_rules": [{"remote_group_id": null, "direction": "egress", "remote_ip_prefix": null, "protocol": null, "ethertype": "IPv4", "tenant_id": "642e35eb21ba49238bc146201354bdbf", "port_range_max": null, "port_range_min": null, "id": "6d28a44b-ac78-4044-9b35-ee4c9b0d7f9c", "security_group_id": "2e6738d9-7ebf-4d94-89c5-e49df2cbc63f"}, {"remote_group_id": null, "direction": "egress", "remote_ip_prefix": null, "protocol": null, "ethertype": "IPv6", "tenant_id": "642e35eb21ba49238bc146201354bdbf", "port_range_max": null, "port_range_min": null, "id": "b5453286-3932-43ca-b519-eadc0ddec38f", "security_group_id": "2e6738d9-7ebf-4d94-89c5-e49df2cbc63f"}], "name": "tempest-secgroup-smoke-875486814"}}
2016-01-22 11:47:09,937 14195 INFO     [tempest_lib.common.rest_client] Request (TestNetworkAdvancedServerOps:test_server_connectivity_pause_unpause): 201 POST http://10.4.1.3:9696/v2.0/security-group-rules 0.107s
2016-01-22 11:47:09,938 14195 DEBUG    [tempest_lib.common.rest_client] Request - Headers: {'Content-Type': 'application/json', 'Accept': 'application/json', 'X-Auth-Token': '&lt;omitted&gt;'}
        Body: {"security_group_rule": {"direction": "ingress", "protocol": "tcp", "tenant_id": "642e35eb21ba49238bc146201354bdbf", "port_range_max": 22, "security_group_id": "2e6738d9-7ebf-4d94-89c5-e49df2cbc63f", "port_range_min": 22}}
    Response - Headers: {'status': '201', 'content-length': '340', 'connection': 'close', 'date': 'Fri, 22 Jan 2016 11:47:09 GMT', 'content-type': 'application/json; charset=UTF-8', 'x-openstack-request-id': 'req-5093b6cb-62b9-4905-a0af-98c3266b190c'}
        Body: {"security_group_rule": {"remote_group_id": null, "direction": "ingress", "remote_ip_prefix": null, "protocol": "tcp", "ethertype": "IPv4", "tenant_id": "642e35eb21ba49238bc146201354bdbf", "port_range_max": 22, "port_range_min": 22, "id": "e1d4665e-7fc7-4432-b784-a24a67fc0284", "security_group_id": "2e6738d9-7ebf-4d94-89c5-e49df2cbc63f"}}
2016-01-22 11:47:10,036 14195 INFO     [tempest_lib.common.rest_client] Request (TestNetworkAdvancedServerOps:test_server_connectivity_pause_unpause): 201 POST http://10.4.1.3:9696/v2.0/security-group-rules 0.097s
2016-01-22 11:47:10,037 14195 DEBUG    [tempest_lib.common.rest_client] Request - Headers: {'Content-Type': 'application/json', 'Accept': 'application/json', 'X-Auth-Token': '&lt;omitted&gt;'}
        Body: {"security_group_rule": {"direction": "egress", "protocol": "tcp", "tenant_id": "642e35eb21ba49238bc146201354bdbf", "port_range_max": 22, "security_group_id": "2e6738d9-7ebf-4d94-89c5-e49df2cbc63f", "port_range_min": 22}}
    Response - Headers: {'status': '201', 'content-length': '339', 'connection': 'close', 'date': 'Fri, 22 Jan 2016 11:47:10 GMT', 'content-type': 'application/json; charset=UTF-8', 'x-openstack-request-id': 'req-7827b92f-cad0-43f3-8396-f7d231839b90'}
        Body: {"security_group_rule": {"remote_group_id": null, "direction": "egress", "remote_ip_prefix": null, "protocol": "tcp", "ethertype": "IPv4", "tenant_id": "642e35eb21ba49238bc146201354bdbf", "port_range_max": 22, "port_range_min": 22, "id": "888636e4-671e-40b7-ab04-a7e47e43c0b1", "security_group_id": "2e6738d9-7ebf-4d94-89c5-e49df2cbc63f"}}
2016-01-22 11:47:10,137 14195 INFO     [tempest_lib.common.rest_client] Request (TestNetworkAdvancedServerOps:test_server_connectivity_pause_unpause): 201 POST http://10.4.1.3:9696/v2.0/security-group-rules 0.099s
2016-01-22 11:47:10,137 14195 DEBUG    [tempest_lib.common.rest_client] Request - Headers: {'Content-Type': 'application/json', 'Accept': 'application/json', 'X-Auth-Token': '&lt;omitted&gt;'}
        Body: {"security_group_rule": {"tenant_id": "642e35eb21ba49238bc146201354bdbf", "direction": "ingress", "protocol": "icmp", "security_group_id": "2e6738d9-7ebf-4d94-89c5-e49df2cbc63f"}}
    Response - Headers: {'status': '201', 'content-length': '345', 'connection': 'close', 'date': 'Fri, 22 Jan 2016 11:47:10 GMT', 'content-type': 'application/json; charset=UTF-8', 'x-openstack-request-id': 'req-2ac3e113-b3f2-4ae3-8d90-b3a8f1411549'}
        Body: {"security_group_rule": {"remote_group_id": null, "direction": "ingress", "remote_ip_prefix": null, "protocol": "icmp", "ethertype": "IPv4", "tenant_id": "642e35eb21ba49238bc146201354bdbf", "port_range_max": null, "port_range_min": null, "id": "3e3f1d84-7dcb-47fe-afc8-ee7c425e280c", "security_group_id": "2e6738d9-7ebf-4d94-89c5-e49df2cbc63f"}}
2016-01-22 11:47:10,258 14195 INFO     [tempest_lib.common.rest_client] Request (TestNetworkAdvancedServerOps:test_server_connectivity_pause_unpause): 201 POST http://10.4.1.3:9696/v2.0/security-group-rules 0.120s
2016-01-22 11:47:10,259 14195 DEBUG    [tempest_lib.common.rest_client] Request - Headers: {'Content-Type': 'application/json', 'Accept': 'application/json', 'X-Auth-Token': '&lt;omitted&gt;'}
        Body: {"security_group_rule": {"tenant_id": "642e35eb21ba49238bc146201354bdbf", "direction": "egress", "protocol": "icmp", "security_group_id": "2e6738d9-7ebf-4d94-89c5-e49df2cbc63f"}}
    Response - Headers: {'status': '201', 'content-length': '344', 'connection': 'close', 'date': 'Fri, 22 Jan 2016 11:47:10 GMT', 'content-type': 'application/json; charset=UTF-8', 'x-openstack-request-id': 'req-65fc8d1e-0d84-4958-ac54-c0e447275fdc'}
        Body: {"security_group_rule": {"remote_group_id": null, "direction": "egress", "remote_ip_prefix": null, "protocol": "icmp", "ethertype": "IPv4", "tenant_id": "642e35eb21ba49238bc146201354bdbf", "port_range_max": null, "port_range_min": null, "id": "79958e92-ba50-41b8-8544-43aba3554d3a", "security_group_id": "2e6738d9-7ebf-4d94-89c5-e49df2cbc63f"}}
2016-01-22 11:47:10,390 14195 INFO     [tempest_lib.common.rest_client] Request (TestNetworkAdvancedServerOps:test_server_connectivity_pause_unpause): 201 POST http://10.4.1.3:9696/v2.0/security-group-rules 0.129s
2016-01-22 11:47:10,390 14195 DEBUG    [tempest_lib.common.rest_client] Request - Headers: {'Content-Type': 'application/json', 'Accept': 'application/json', 'X-Auth-Token': '&lt;omitted&gt;'}
        Body: {"security_group_rule": {"tenant_id": "642e35eb21ba49238bc146201354bdbf", "direction": "ingress", "security_group_id": "2e6738d9-7ebf-4d94-89c5-e49df2cbc63f", "protocol": "icmp", "ethertype": "IPv6"}}
    Response - Headers: {'status': '201', 'content-length': '345', 'connection': 'close', 'date': 'Fri, 22 Jan 2016 11:47:10 GMT', 'content-type': 'application/json; charset=UTF-8', 'x-openstack-request-id': 'req-a0182c53-e889-4fac-bcf7-a6b113d093f9'}
        Body: {"security_group_rule": {"remote_group_id": null, "direction": "ingress", "remote_ip_prefix": null, "protocol": "icmp", "ethertype": "IPv6", "tenant_id": "642e35eb21ba49238bc146201354bdbf", "port_range_max": null, "port_range_min": null, "id": "5f4df2fb-66a3-40ff-89f0-2fcbc36bd2a0", "security_group_id": "2e6738d9-7ebf-4d94-89c5-e49df2cbc63f"}}
2016-01-22 11:47:10,516 14195 INFO     [tempest_lib.common.rest_client] Request (TestNetworkAdvancedServerOps:test_server_connectivity_pause_unpause): 201 POST http://10.4.1.3:9696/v2.0/security-group-rules 0.124s
2016-01-22 11:47:10,517 14195 DEBUG    [tempest_lib.common.rest_client] Request - Headers: {'Content-Type': 'application/json', 'Accept': 'application/json', 'X-Auth-Token': '&lt;omitted&gt;'}
        Body: {"security_group_rule": {"tenant_id": "642e35eb21ba49238bc146201354bdbf", "direction": "egress", "security_group_id": "2e6738d9-7ebf-4d94-89c5-e49df2cbc63f", "protocol": "icmp", "ethertype": "IPv6"}}
    Response - Headers: {'status': '201', 'content-length': '344', 'connection': 'close', 'date': 'Fri, 22 Jan 2016 11:47:10 GMT', 'content-type': 'application/json; charset=UTF-8', 'x-openstack-request-id': 'req-1b423417-fde7-4a21-a9c9-b278702ded89'}
        Body: {"security_group_rule": {"remote_group_id": null, "direction": "egress", "remote_ip_prefix": null, "protocol": "icmp", "ethertype": "IPv6", "tenant_id": "642e35eb21ba49238bc146201354bdbf", "port_range_max": null, "port_range_min": null, "id": "f0794e3d-7e18-4fc5-9626-252641ff1629", "security_group_id": "2e6738d9-7ebf-4d94-89c5-e49df2cbc63f"}}
2016-01-22 11:47:10,682 14195 INFO     [tempest_lib.common.rest_client] Request (TestNetworkAdvancedServerOps:test_server_connectivity_pause_unpause): 201 POST http://10.4.1.3:9696/v2.0/networks 0.164s
2016-01-22 11:47:10,683 14195 DEBUG    [tempest_lib.common.rest_client] Request - Headers: {'Content-Type': 'application/json', 'Accept': 'application/json', 'X-Auth-Token': '&lt;omitted&gt;'}
        Body: {"network": {"tenant_id": "642e35eb21ba49238bc146201354bdbf", "name": "tempest-network-smoke--1754832267"}}
    Response - Headers: {'status': '201', 'content-length': '327', 'connection': 'close', 'date': 'Fri, 22 Jan 2016 11:47:10 GMT', 'content-type': 'application/json; charset=UTF-8', 'x-openstack-request-id': 'req-33f3c924-f3a4-46ab-a771-76e67c959d68'}
        Body: {"network": {"status": "ACTIVE", "subnets": [], "availability_zone_hints": [], "name": "tempest-network-smoke--1754832267", "admin_state_up": true, "tenant_id": "642e35eb21ba49238bc146201354bdbf", "mtu": 0, "router:external": false, "shared": false, "port_security_enabled": true, "id": "c8327314-93e1-49f0-9959-b14ef2f0d869"}}
2016-01-22 11:47:10,776 14195 INFO     [tempest_lib.common.rest_client] Request (TestNetworkAdvancedServerOps:test_server_connectivity_pause_unpause): 201 POST http://10.4.1.3:9696/v2.0/routers 0.091s
2016-01-22 11:47:10,776 14195 DEBUG    [tempest_lib.common.rest_client] Request - Headers: {'Content-Type': 'application/json', 'Accept': 'application/json', 'X-Auth-Token': '&lt;omitted&gt;'}
        Body: {"router": {"tenant_id": "642e35eb21ba49238bc146201354bdbf", "name": "tempest-router-smoke-1379242572", "admin_state_up": true}}
    Response - Headers: {'status': '201', 'content-length': '296', 'connection': 'close', 'date': 'Fri, 22 Jan 2016 11:47:10 GMT', 'content-type': 'application/json; charset=UTF-8', 'x-openstack-request-id': 'req-6e830d59-e784-44c2-a694-e804a4fa93fd'}
        Body: {"router": {"status": "ACTIVE", "external_gateway_info": null, "availability_zone_hints": [], "availability_zones": [], "name": "tempest-router-smoke-1379242572", "admin_state_up": true, "tenant_id": "642e35eb21ba49238bc146201354bdbf", "routes": [], "id": "08070ae2-fce6-4220-be3b-7b973494980e"}}
2016-01-22 11:47:10,834 14195 INFO     [tempest_lib.common.rest_client] Request (TestNetworkAdvancedServerOps:test_server_connectivity_pause_unpause): 200 GET http://10.4.1.3:9696/v2.0/routers/08070ae2-fce6-4220-be3b-7b973494980e 0.056s
2016-01-22 11:47:10,835 14195 DEBUG    [tempest_lib.common.rest_client] Request - Headers: {'Content-Type': 'application/json', 'Accept': 'application/json', 'X-Auth-Token': '&lt;omitted&gt;'}
        Body: None
    Response - Headers: {'status': '200', 'content-length': '296', 'content-location': 'http://10.4.1.3:9696/v2.0/routers/08070ae2-fce6-4220-be3b-7b973494980e', 'connection': 'close', 'date': 'Fri, 22 Jan 2016 11:47:10 GMT', 'content-type': 'application/json; charset=UTF-8', 'x-openstack-request-id': 'req-5de82c54-4608-4c85-8d34-ae69f092a3cb'}
        Body: {"router": {"status": "ACTIVE", "external_gateway_info": null, "availability_zone_hints": [], "availability_zones": [], "name": "tempest-router-smoke-1379242572", "admin_state_up": true, "tenant_id": "642e35eb21ba49238bc146201354bdbf", "routes": [], "id": "08070ae2-fce6-4220-be3b-7b973494980e"}}
2016-01-22 11:47:11,661 14195 INFO     [tempest_lib.common.rest_client] Request (TestNetworkAdvancedServerOps:test_server_connectivity_pause_unpause): 200 PUT http://10.4.1.3:9696/v2.0/routers/08070ae2-fce6-4220-be3b-7b973494980e 0.825s
2016-01-22 11:47:11,662 14195 DEBUG    [tempest_lib.common.rest_client] Request - Headers: {'Content-Type': 'application/json', 'Accept': 'application/json', 'X-Auth-Token': '&lt;omitted&gt;'}
        Body: {"router": {"external_gateway_info": {"network_id": "1fde070c-3f2a-42c3-ae78-cf2a652b94a8"}, "name": "tempest-router-smoke-1379242572", "admin_state_up": true}}
    Response - Headers: {'status': '200', 'content-length': '558', 'connection': 'close', 'date': 'Fri, 22 Jan 2016 11:47:11 GMT', 'content-type': 'application/json; charset=UTF-8', 'x-openstack-request-id': 'req-54612167-1076-45b5-bc34-d3e6d1b3f83a'}
        Body: {"router": {"status": "ACTIVE", "external_gateway_info": {"network_id": "1fde070c-3f2a-42c3-ae78-cf2a652b94a8", "enable_snat": true, "external_fixed_ips": [{"subnet_id": "19f4df95-eb60-4a71-b2dc-ee05adf71e24", "ip_address": "172.24.4.3"}, {"subnet_id": "3029f912-9f33-412a-a43c-52de9431bcd7", "ip_address": "2001:db8::4"}]}, "availability_zone_hints": [], "availability_zones": [], "name": "tempest-router-smoke-1379242572", "admin_state_up": true, "tenant_id": "642e35eb21ba49238bc146201354bdbf", "routes": [], "id": "08070ae2-fce6-4220-be3b-7b973494980e"}}
2016-01-22 11:47:11,849 14195 INFO     [tempest_lib.common.rest_client] Request (TestNetworkAdvancedServerOps:test_server_connectivity_pause_unpause): 200 GET http://10.4.1.3:9696/v2.0/subnets?tenant_id=642e35eb21ba49238bc146201354bdbf&amp;cidr=10.100.0.0%2F28 0.187s
2016-01-22 11:47:11,850 14195 DEBUG    [tempest_lib.common.rest_client] Request - Headers: {'Content-Type': 'application/json', 'Accept': 'application/json', 'X-Auth-Token': '&lt;omitted&gt;'}
        Body: None
    Response - Headers: {'status': '200', 'content-length': '15', 'content-location': 'http://10.4.1.3:9696/v2.0/subnets?tenant_id=642e35eb21ba49238bc146201354bdbf&amp;cidr=10.100.0.0%2F28', 'connection': 'close', 'date': 'Fri, 22 Jan 2016 11:47:11 GMT', 'content-type': 'application/json; charset=UTF-8', 'x-openstack-request-id': 'req-280bdaae-e592-4fd9-a062-95a4df299575'}
        Body: {"subnets": []}
2016-01-22 11:47:12,322 14195 INFO     [tempest_lib.common.rest_client] Request (TestNetworkAdvancedServerOps:test_server_connectivity_pause_unpause): 201 POST http://10.4.1.3:9696/v2.0/subnets 0.471s
2016-01-22 11:47:12,322 14195 DEBUG    [tempest_lib.common.rest_client] Request - Headers: {'Content-Type': 'application/json', 'Accept': 'application/json', 'X-Auth-Token': '&lt;omitted&gt;'}
        Body: {"subnet": {"ip_version": 4, "tenant_id": "642e35eb21ba49238bc146201354bdbf", "cidr": "10.100.0.0/28", "network_id": "c8327314-93e1-49f0-9959-b14ef2f0d869", "name": "tempest-subnet-smoke-1418144275"}}
    Response - Headers: {'status': '201', 'content-length': '478', 'connection': 'close', 'date': 'Fri, 22 Jan 2016 11:47:12 GMT', 'content-type': 'application/json; charset=UTF-8', 'x-openstack-request-id': 'req-6666e79e-ffd8-409c-a8cb-4fd924c59b28'}
        Body: {"subnet": {"name": "tempest-subnet-smoke-1418144275", "enable_dhcp": true, "network_id": "c8327314-93e1-49f0-9959-b14ef2f0d869", "tenant_id": "642e35eb21ba49238bc146201354bdbf", "dns_nameservers": [], "gateway_ip": "10.100.0.1", "ipv6_ra_mode": null, "allocation_pools": [{"start": "10.100.0.2", "end": "10.100.0.14"}], "host_routes": [], "ip_version": 4, "ipv6_address_mode": null, "cidr": "10.100.0.0/28", "id": "6b03575e-7aca-4bdb-8b36-a447b5b84412", "subnetpool_id": null}}
2016-01-22 11:47:12,937 14195 INFO     [tempest_lib.common.rest_client] Request (TestNetworkAdvancedServerOps:test_server_connectivity_pause_unpause): 200 PUT http://10.4.1.3:9696/v2.0/routers/08070ae2-fce6-4220-be3b-7b973494980e/add_router_interface 0.614s
2016-01-22 11:47:12,937 14195 DEBUG    [tempest_lib.common.rest_client] Request - Headers: {'Content-Type': 'application/json', 'Accept': 'application/json', 'X-Auth-Token': '&lt;omitted&gt;'}
        Body: {"subnet_id": "6b03575e-7aca-4bdb-8b36-a447b5b84412"}
    Response - Headers: {'status': '200', 'content-length': '255', 'connection': 'close', 'date': 'Fri, 22 Jan 2016 11:47:12 GMT', 'content-type': 'application/json; charset=UTF-8', 'x-openstack-request-id': 'req-20dca579-22f3-483e-a25a-7435271f2403'}
        Body: {"subnet_id": "6b03575e-7aca-4bdb-8b36-a447b5b84412", "tenant_id": "642e35eb21ba49238bc146201354bdbf", "subnet_ids": ["6b03575e-7aca-4bdb-8b36-a447b5b84412"], "port_id": "0d3bb5c4-2e29-453b-a39a-f848bf603a63", "id": "08070ae2-fce6-4220-be3b-7b973494980e"}
2016-01-22 11:47:13,067 14195 INFO     [tempest_lib.common.rest_client] Request (TestNetworkAdvancedServerOps:test_server_connectivity_pause_unpause): 200 POST http://10.4.1.3:5000/v2.0/tokens
2016-01-22 11:47:13,068 14195 DEBUG    [tempest_lib.common.rest_client] Request - Headers: {'Content-Type': 'application/json', 'Accept': 'application/json'}
        Body: &lt;omitted&gt;
    Response - Headers: {'status': '200', 'content-length': '2294', 'vary': 'X-Auth-Token', 'server': 'Apache/2.4.7 (Ubuntu)', 'connection': 'close', 'date': 'Fri, 22 Jan 2016 11:47:12 GMT', 'content-type': 'application/json', 'x-openstack-request-id': 'req-e0aaef6f-a993-4a16-a680-70ddc8b5092b'}
        Body: {"access": {"token": {"issued_at": "2016-01-22T11:47:13.059334", "expires": "2016-01-22T12:47:13Z", "id": "f4f0d00e1dc74741ad10409f5805314c", "tenant": {"description": "tempest-TestNetworkAdvancedServerOps-1843129749-desc", "enabled": true, "id": "642e35eb21ba49238bc146201354bdbf", "name": "tempest-TestNetworkAdvancedServerOps-1843129749"}, "audit_ids": ["6Z9GiO1CQoyHI-FKp7LT2w"]}, "serviceCatalog": [{"endpoints": [{"adminURL": "http://10.4.1.3:9292", "region": "RegionOne", "internalURL": "http://10.4.1.3:9292", "id": "44deb158d97342ef8cc87829ed8bdb54", "publicURL": "http://10.4.1.3:9292"}], "endpoints_links": [], "type": "image", "name": "glance"}, {"endpoints": [{"adminURL": "http://10.4.1.3:8774/v2.1/642e35eb21ba49238bc146201354bdbf", "region": "RegionOne", "internalURL": "http://10.4.1.3:8774/v2.1/642e35eb21ba49238bc146201354bdbf", "id": "7cb3381cb66d4e069c0bd763f6b88e97", "publicURL": "http://10.4.1.3:8774/v2.1/642e35eb21ba49238bc146201354bdbf"}], "endpoints_links": [], "type": "compute", "name": "nova"}, {"endpoints": [{"adminURL": "http://10.4.1.3:9696/", "region": "RegionOne", "internalURL": "http://10.4.1.3:9696/", "id": "180b4985035d4a0488fa2f0098443150", "publicURL": "http://10.4.1.3:9696/"}], "endpoints_links": [], "type": "network", "name": "neutron"}, {"endpoints": [{"adminURL": "http://10.4.1.3:35357/v2.0", "region": "RegionOne", "internalURL": "http://10.4.1.3:5000/v2.0", "id": "c099be1f112c4a0599970855d92993f8", "publicURL": "http://10.4.1.3:5000/v2.0"}], "endpoints_links": [], "type": "identity", "name": "keystone"}, {"endpoints": [{"adminURL": "http://10.4.1.3:8774/v2/642e35eb21ba49238bc146201354bdbf", "region": "RegionOne", "internalURL": "http://10.4.1.3:8774/v2/642e35eb21ba49238bc146201354bdbf", "id": "6012687d277c48cb9ee68f153a78b3b7", "publicURL": "http://10.4.1.3:8774/v2/642e35eb21ba49238bc146201354bdbf"}], "endpoints_links": [], "type": "compute_legacy", "name": "nova_legacy"}], "user": {"username": "tempest-TestNetworkAdvancedServerOps-717750952", "roles_links": [], "id": "d9462c1d653049ab8758694596ac143f", "roles": [{"name": "_member_"}, {"name": "Member"}], "name": "tempest-TestNetworkAdvancedServerOps-717750952"}, "metadata": {"is_admin": 0, "roles": ["9fe2ff9ee4384b1894a90878d3e92bab", "e48d55563f9e449998e935988b1a5d06"]}}}
2016-01-22 11:47:13,073 14195 DEBUG    [tempest.common.fixed_network] (TestNetworkAdvancedServerOps:test_server_connectivity_pause_unpause) No valid network provided or created, defaulting to fixed_network_name
2016-01-22 11:47:13,496 14195 INFO     [tempest_lib.common.rest_client] Request (TestNetworkAdvancedServerOps:test_server_connectivity_pause_unpause): 200 GET http://10.4.1.3:8774/v2.1/642e35eb21ba49238bc146201354bdbf/os-networks 0.422s
2016-01-22 11:47:13,497 14195 DEBUG    [tempest_lib.common.rest_client] Request - Headers: {'Content-Type': 'application/json', 'Accept': 'application/json', 'X-Auth-Token': '&lt;omitted&gt;'}
        Body: None
    Response - Headers: {'status': '200', 'content-length': '479', 'content-location': 'http://10.4.1.3:8774/v2.1/642e35eb21ba49238bc146201354bdbf/os-networks', 'x-compute-request-id': 'req-c4a5d370-ddeb-4418-a44f-cab8e6b10a83', 'vary': 'X-OpenStack-Nova-API-Version', 'connection': 'close', 'x-openstack-nova-api-version': '2.1', 'date': 'Fri, 22 Jan 2016 11:47:13 GMT', 'content-type': 'application/json'}
        Body: {"networks": [{"cidr_v6": null, "dns2": null, "dns1": null, "gateway": null, "broadcast": null, "netmask": null, "gateway_v6": null, "cidr": null, "label": "public", "id": "1fde070c-3f2a-42c3-ae78-cf2a652b94a8", "netmask_v6": null}, {"cidr_v6": null, "dns2": null, "dns1": null, "gateway": null, "broadcast": null, "netmask": null, "gateway_v6": null, "cidr": null, "label": "tempest-network-smoke--1754832267", "id": "c8327314-93e1-49f0-9959-b14ef2f0d869", "netmask_v6": null}]}
2016-01-22 11:47:13,498 14195 WARNING  [tempest.common.fixed_network] (TestNetworkAdvancedServerOps:test_server_connectivity_pause_unpause) Network with name: private not found
2016-01-22 11:47:13,498 14195 INFO     [tempest.common.fixed_network] (TestNetworkAdvancedServerOps:test_server_connectivity_pause_unpause) Found network {} available for tenant
2016-01-22 11:47:15,166 14195 INFO     [tempest_lib.common.rest_client] Request (TestNetworkAdvancedServerOps:test_server_connectivity_pause_unpause): 202 POST http://10.4.1.3:8774/v2.1/642e35eb21ba49238bc146201354bdbf/servers 1.667s
2016-01-22 11:47:15,167 14195 DEBUG    [tempest_lib.common.rest_client] Request - Headers: {'Content-Type': 'application/json', 'Accept': 'application/json', 'X-Auth-Token': '&lt;omitted&gt;'}
        Body: {"server": {"name": "tempest-server-smoke-379207132", "imageRef": "7ddc0c79-4921-486e-9410-f54cd953c168", "key_name": "tempest-TestNetworkAdvancedServerOps-1341336121", "flavorRef": "42", "networks": [{"uuid": "c8327314-93e1-49f0-9959-b14ef2f0d869"}], "security_groups": [{"name": "tempest-secgroup-smoke-875486814"}]}}
    Response - Headers: {'status': '202', 'content-length': '459', 'x-compute-request-id': 'req-465f5587-681e-4681-9167-25251c7a9724', 'vary': 'X-OpenStack-Nova-API-Version', 'connection': 'close', 'location': 'http://10.4.1.3:8774/v2.1/642e35eb21ba49238bc146201354bdbf/servers/fd38f674-4693-4706-87d5-450f416876ac', 'x-openstack-nova-api-version': '2.1', 'date': 'Fri, 22 Jan 2016 11:47:15 GMT', 'content-type': 'application/json'}
        Body: {"server": {"security_groups": [{"name": "tempest-secgroup-smoke-875486814"}], "OS-DCF:diskConfig": "MANUAL", "id": "fd38f674-4693-4706-87d5-450f416876ac", "links": [{"href": "http://10.4.1.3:8774/v2.1/642e35eb21ba49238bc146201354bdbf/servers/fd38f674-4693-4706-87d5-450f416876ac", "rel": "self"}, {"href": "http://10.4.1.3:8774/642e35eb21ba49238bc146201354bdbf/servers/fd38f674-4693-4706-87d5-450f416876ac", "rel": "bookmark"}], "adminPass": "YxUuHaUj7Zrk"}}
2016-01-22 11:47:15,305 14195 INFO     [tempest_lib.common.rest_client] Request (TestNetworkAdvancedServerOps:test_server_connectivity_pause_unpause): 200 GET http://10.4.1.3:8774/v2.1/642e35eb21ba49238bc146201354bdbf/servers/fd38f674-4693-4706-87d5-450f416876ac 0.136s
2016-01-22 11:47:15,306 14195 DEBUG    [tempest_lib.common.rest_client] Request - Headers: {'Content-Type': 'application/json', 'Accept': 'application/json', 'X-Auth-Token': '&lt;omitted&gt;'}
        Body: None
    Response - Headers: {'status': '200', 'content-length': '1349', 'content-location': 'http://10.4.1.3:8774/v2.1/642e35eb21ba49238bc146201354bdbf/servers/fd38f674-4693-4706-87d5-450f416876ac', 'x-compute-request-id': 'req-d49b0b44-c94f-4580-864d-3187249b4834', 'vary': 'X-OpenStack-Nova-API-Version', 'connection': 'close', 'x-openstack-nova-api-version': '2.1', 'date': 'Fri, 22 Jan 2016 11:47:15 GMT', 'content-type': 'application/json'}
        Body: {"server": {"status": "BUILD", "updated": "2016-01-22T11:47:15Z", "hostId": "", "addresses": {}, "links": [{"href": "http://10.4.1.3:8774/v2.1/642e35eb21ba49238bc146201354bdbf/servers/fd38f674-4693-4706-87d5-450f416876ac", "rel": "self"}, {"href": "http://10.4.1.3:8774/642e35eb21ba49238bc146201354bdbf/servers/fd38f674-4693-4706-87d5-450f416876ac", "rel": "bookmark"}], "key_name": "tempest-TestNetworkAdvancedServerOps-1341336121", "image": {"id": "7ddc0c79-4921-486e-9410-f54cd953c168", "links": [{"href": "http://10.4.1.3:8774/642e35eb21ba49238bc146201354bdbf/images/7ddc0c79-4921-486e-9410-f54cd953c168", "rel": "bookmark"}]}, "OS-EXT-STS:task_state": "scheduling", "OS-EXT-STS:vm_state": "building", "OS-SRV-USG:launched_at": null, "flavor": {"id": "42", "links": [{"href": "http://10.4.1.3:8774/642e35eb21ba49238bc146201354bdbf/flavors/42", "rel": "bookmark"}]}, "id": "fd38f674-4693-4706-87d5-450f416876ac", "OS-SRV-USG:terminated_at": null, "OS-EXT-AZ:availability_zone": "", "user_id": "d9462c1d653049ab8758694596ac143f", "name": "tempest-server-smoke-379207132", "created": "2016-01-22T11:47:15Z", "tenant_id": "642e35eb21ba49238bc146201354bdbf", "OS-DCF:diskConfig": "MANUAL", "os-extended-volumes:volumes_attached": [], "accessIPv4": "", "accessIPv6": "", "progress": 0, "OS-EXT-STS:power_state": 0, "config_drive": "", "metadata": {}}}
2016-01-22 11:47:16,509 14195 INFO     [tempest_lib.common.rest_client] Request (TestNetworkAdvancedServerOps:test_server_connectivity_pause_unpause): 200 GET http://10.4.1.3:8774/v2.1/642e35eb21ba49238bc146201354bdbf/servers/fd38f674-4693-4706-87d5-450f416876ac 0.193s
2016-01-22 11:47:16,509 14195 DEBUG    [tempest_lib.common.rest_client] Request - Headers: {'Content-Type': 'application/json', 'Accept': 'application/json', 'X-Auth-Token': '&lt;omitted&gt;'}
        Body: None
    Response - Headers: {'status': '200', 'content-length': '1407', 'content-location': 'http://10.4.1.3:8774/v2.1/642e35eb21ba49238bc146201354bdbf/servers/fd38f674-4693-4706-87d5-450f416876ac', 'x-compute-request-id': 'req-60d612cd-c50e-4d6f-be86-b68d426f2ba1', 'vary': 'X-OpenStack-Nova-API-Version', 'connection': 'close', 'x-openstack-nova-api-version': '2.1', 'date': 'Fri, 22 Jan 2016 11:47:16 GMT', 'content-type': 'application/json'}
        Body: {"server": {"status": "BUILD", "updated": "2016-01-22T11:47:16Z", "hostId": "c1135782b9d703a9a97ba33e852edb247bea66019807b0d7de90d3c7", "addresses": {}, "links": [{"href": "http://10.4.1.3:8774/v2.1/642e35eb21ba49238bc146201354bdbf/servers/fd38f674-4693-4706-87d5-450f416876ac", "rel": "self"}, {"href": "http://10.4.1.3:8774/642e35eb21ba49238bc146201354bdbf/servers/fd38f674-4693-4706-87d5-450f416876ac", "rel": "bookmark"}], "key_name": "tempest-TestNetworkAdvancedServerOps-1341336121", "image": {"id": "7ddc0c79-4921-486e-9410-f54cd953c168", "links": [{"href": "http://10.4.1.3:8774/642e35eb21ba49238bc146201354bdbf/images/7ddc0c79-4921-486e-9410-f54cd953c168", "rel": "bookmark"}]}, "OS-EXT-STS:task_state": "spawning", "OS-EXT-STS:vm_state": "building", "OS-SRV-USG:launched_at": null, "flavor": {"id": "42", "links": [{"href": "http://10.4.1.3:8774/642e35eb21ba49238bc146201354bdbf/flavors/42", "rel": "bookmark"}]}, "id": "fd38f674-4693-4706-87d5-450f416876ac", "OS-SRV-USG:terminated_at": null, "OS-EXT-AZ:availability_zone": "nova", "user_id": "d9462c1d653049ab8758694596ac143f", "name": "tempest-server-smoke-379207132", "created": "2016-01-22T11:47:15Z", "tenant_id": "642e35eb21ba49238bc146201354bdbf", "OS-DCF:diskConfig": "MANUAL", "os-extended-volumes:volumes_attached": [], "accessIPv4": "", "accessIPv6": "", "progress": 0, "OS-EXT-STS:power_state": 0, "config_drive": "", "metadata": {}}}
2016-01-22 11:47:16,518 14195 INFO     [tempest.common.waiters] State transition "BUILD/scheduling" ==&gt; "BUILD/spawning" after 1 second wait
2016-01-22 11:47:17,781 14195 INFO     [tempest_lib.common.rest_client] Request (TestNetworkAdvancedServerOps:test_server_connectivity_pause_unpause): 200 GET http://10.4.1.3:8774/v2.1/642e35eb21ba49238bc146201354bdbf/servers/fd38f674-4693-4706-87d5-450f416876ac 0.262s
2016-01-22 11:47:17,782 14195 DEBUG    [tempest_lib.common.rest_client] Request - Headers: {'Content-Type': 'application/json', 'Accept': 'application/json', 'X-Auth-Token': '&lt;omitted&gt;'}
        Body: None
    Response - Headers: {'status': '200', 'content-length': '1474', 'content-location': 'http://10.4.1.3:8774/v2.1/642e35eb21ba49238bc146201354bdbf/servers/fd38f674-4693-4706-87d5-450f416876ac', 'x-compute-request-id': 'req-e192b478-d9db-457a-9039-83151721f3b3', 'vary': 'X-OpenStack-Nova-API-Version', 'connection': 'close', 'x-openstack-nova-api-version': '2.1', 'date': 'Fri, 22 Jan 2016 11:47:17 GMT', 'content-type': 'application/json'}
        Body: {"server": {"status": "BUILD", "updated": "2016-01-22T11:47:16Z", "hostId": "c1135782b9d703a9a97ba33e852edb247bea66019807b0d7de90d3c7", "addresses": {}, "links": [{"href": "http://10.4.1.3:8774/v2.1/642e35eb21ba49238bc146201354bdbf/servers/fd38f674-4693-4706-87d5-450f416876ac", "rel": "self"}, {"href": "http://10.4.1.3:8774/642e35eb21ba49238bc146201354bdbf/servers/fd38f674-4693-4706-87d5-450f416876ac", "rel": "bookmark"}], "key_name": "tempest-TestNetworkAdvancedServerOps-1341336121", "image": {"id": "7ddc0c79-4921-486e-9410-f54cd953c168", "links": [{"href": "http://10.4.1.3:8774/642e35eb21ba49238bc146201354bdbf/images/7ddc0c79-4921-486e-9410-f54cd953c168", "rel": "bookmark"}]}, "OS-EXT-STS:task_state": "spawning", "OS-EXT-STS:vm_state": "building", "OS-SRV-USG:launched_at": null, "flavor": {"id": "42", "links": [{"href": "http://10.4.1.3:8774/642e35eb21ba49238bc146201354bdbf/flavors/42", "rel": "bookmark"}]}, "id": "fd38f674-4693-4706-87d5-450f416876ac", "security_groups": [{"name": "tempest-secgroup-smoke-875486814"}], "OS-SRV-USG:terminated_at": null, "OS-EXT-AZ:availability_zone": "nova", "user_id": "d9462c1d653049ab8758694596ac143f", "name": "tempest-server-smoke-379207132", "created": "2016-01-22T11:47:15Z", "tenant_id": "642e35eb21ba49238bc146201354bdbf", "OS-DCF:diskConfig": "MANUAL", "os-extended-volumes:volumes_attached": [], "accessIPv4": "", "accessIPv6": "", "progress": 0, "OS-EXT-STS:power_state": 0, "config_drive": "", "metadata": {}}}
2016-01-22 11:47:18,988 14195 INFO     [tempest_lib.common.rest_client] Request (TestNetworkAdvancedServerOps:test_server_connectivity_pause_unpause): 200 GET http://10.4.1.3:8774/v2.1/642e35eb21ba49238bc146201354bdbf/servers/fd38f674-4693-4706-87d5-450f416876ac 0.196s
2016-01-22 11:47:18,988 14195 DEBUG    [tempest_lib.common.rest_client] Request - Headers: {'Content-Type': 'application/json', 'Accept': 'application/json', 'X-Auth-Token': '&lt;omitted&gt;'}
        Body: None
    Response - Headers: {'status': '200', 'content-length': '1646', 'content-location': 'http://10.4.1.3:8774/v2.1/642e35eb21ba49238bc146201354bdbf/servers/fd38f674-4693-4706-87d5-450f416876ac', 'x-compute-request-id': 'req-59830669-106c-4c17-b2aa-4b2a411a1c54', 'vary': 'X-OpenStack-Nova-API-Version', 'connection': 'close', 'x-openstack-nova-api-version': '2.1', 'date': 'Fri, 22 Jan 2016 11:47:18 GMT', 'content-type': 'application/json'}
        Body: {"server": {"status": "ACTIVE", "updated": "2016-01-22T11:47:18Z", "hostId": "c1135782b9d703a9a97ba33e852edb247bea66019807b0d7de90d3c7", "addresses": {"tempest-network-smoke--1754832267": [{"OS-EXT-IPS-MAC:mac_addr": "fa:16:3e:a8:a8:6c", "version": 4, "addr": "10.100.0.3", "OS-EXT-IPS:type": "fixed"}]}, "links": [{"href": "http://10.4.1.3:8774/v2.1/642e35eb21ba49238bc146201354bdbf/servers/fd38f674-4693-4706-87d5-450f416876ac", "rel": "self"}, {"href": "http://10.4.1.3:8774/642e35eb21ba49238bc146201354bdbf/servers/fd38f674-4693-4706-87d5-450f416876ac", "rel": "bookmark"}], "key_name": "tempest-TestNetworkAdvancedServerOps-1341336121", "image": {"id": "7ddc0c79-4921-486e-9410-f54cd953c168", "links": [{"href": "http://10.4.1.3:8774/642e35eb21ba49238bc146201354bdbf/images/7ddc0c79-4921-486e-9410-f54cd953c168", "rel": "bookmark"}]}, "OS-EXT-STS:task_state": null, "OS-EXT-STS:vm_state": "active", "OS-SRV-USG:launched_at": "2016-01-22T11:47:18.000000", "flavor": {"id": "42", "links": [{"href": "http://10.4.1.3:8774/642e35eb21ba49238bc146201354bdbf/flavors/42", "rel": "bookmark"}]}, "id": "fd38f674-4693-4706-87d5-450f416876ac", "security_groups": [{"name": "tempest-secgroup-smoke-875486814"}], "OS-SRV-USG:terminated_at": null, "OS-EXT-AZ:availability_zone": "nova", "user_id": "d9462c1d653049ab8758694596ac143f", "name": "tempest-server-smoke-379207132", "created": "2016-01-22T11:47:15Z", "tenant_id": "642e35eb21ba49238bc146201354bdbf", "OS-DCF:diskConfig": "MANUAL", "os-extended-volumes:volumes_attached": [], "accessIPv4": "", "accessIPv6": "", "progress": 0, "OS-EXT-STS:power_state": 1, "config_drive": "True", "metadata": {}}}
2016-01-22 11:47:18,998 14195 INFO     [tempest.common.waiters] State transition "BUILD/spawning" ==&gt; "ACTIVE/None" after 3 second wait
2016-01-22 11:47:19,194 14195 INFO     [tempest_lib.common.rest_client] Request (TestNetworkAdvancedServerOps:test_server_connectivity_pause_unpause): 200 GET http://10.4.1.3:8774/v2.1/642e35eb21ba49238bc146201354bdbf/servers/fd38f674-4693-4706-87d5-450f416876ac 0.195s
2016-01-22 11:47:19,194 14195 DEBUG    [tempest_lib.common.rest_client] Request - Headers: {'Content-Type': 'application/json', 'Accept': 'application/json', 'X-Auth-Token': '&lt;omitted&gt;'}
        Body: None
    Response - Headers: {'status': '200', 'content-length': '1646', 'content-location': 'http://10.4.1.3:8774/v2.1/642e35eb21ba49238bc146201354bdbf/servers/fd38f674-4693-4706-87d5-450f416876ac', 'x-compute-request-id': 'req-5b233362-ca09-4294-b1f5-14eb825d4154', 'vary': 'X-OpenStack-Nova-API-Version', 'connection': 'close', 'x-openstack-nova-api-version': '2.1', 'date': 'Fri, 22 Jan 2016 11:47:19 GMT', 'content-type': 'application/json'}
        Body: {"server": {"status": "ACTIVE", "updated": "2016-01-22T11:47:18Z", "hostId": "c1135782b9d703a9a97ba33e852edb247bea66019807b0d7de90d3c7", "addresses": {"tempest-network-smoke--1754832267": [{"OS-EXT-IPS-MAC:mac_addr": "fa:16:3e:a8:a8:6c", "version": 4, "addr": "10.100.0.3", "OS-EXT-IPS:type": "fixed"}]}, "links": [{"href": "http://10.4.1.3:8774/v2.1/642e35eb21ba49238bc146201354bdbf/servers/fd38f674-4693-4706-87d5-450f416876ac", "rel": "self"}, {"href": "http://10.4.1.3:8774/642e35eb21ba49238bc146201354bdbf/servers/fd38f674-4693-4706-87d5-450f416876ac", "rel": "bookmark"}], "key_name": "tempest-TestNetworkAdvancedServerOps-1341336121", "image": {"id": "7ddc0c79-4921-486e-9410-f54cd953c168", "links": [{"href": "http://10.4.1.3:8774/642e35eb21ba49238bc146201354bdbf/images/7ddc0c79-4921-486e-9410-f54cd953c168", "rel": "bookmark"}]}, "OS-EXT-STS:task_state": null, "OS-EXT-STS:vm_state": "active", "OS-SRV-USG:launched_at": "2016-01-22T11:47:18.000000", "flavor": {"id": "42", "links": [{"href": "http://10.4.1.3:8774/642e35eb21ba49238bc146201354bdbf/flavors/42", "rel": "bookmark"}]}, "id": "fd38f674-4693-4706-87d5-450f416876ac", "security_groups": [{"name": "tempest-secgroup-smoke-875486814"}], "OS-SRV-USG:terminated_at": null, "OS-EXT-AZ:availability_zone": "nova", "user_id": "d9462c1d653049ab8758694596ac143f", "name": "tempest-server-smoke-379207132", "created": "2016-01-22T11:47:15Z", "tenant_id": "642e35eb21ba49238bc146201354bdbf", "OS-DCF:diskConfig": "MANUAL", "os-extended-volumes:volumes_attached": [], "accessIPv4": "", "accessIPv6": "", "progress": 0, "OS-EXT-STS:power_state": 1, "config_drive": "True", "metadata": {}}}
2016-01-22 11:47:19,317 14195 INFO     [tempest_lib.common.rest_client] Request (TestNetworkAdvancedServerOps:test_server_connectivity_pause_unpause): 200 GET http://10.4.1.3:9696/v2.0/ports?status=ACTIVE&amp;fixed_ip=None&amp;device_id=fd38f674-4693-4706-87d5-450f416876ac 0.113s
2016-01-22 11:47:19,317 14195 DEBUG    [tempest_lib.common.rest_client] Request - Headers: {'Content-Type': 'application/json', 'Accept': 'application/json', 'X-Auth-Token': '&lt;omitted&gt;'}
        Body: None
    Response - Headers: {'status': '200', 'content-length': '895', 'content-location': 'http://10.4.1.3:9696/v2.0/ports?status=ACTIVE&amp;fixed_ip=None&amp;device_id=fd38f674-4693-4706-87d5-450f416876ac', 'connection': 'close', 'date': 'Fri, 22 Jan 2016 11:47:19 GMT', 'content-type': 'application/json; charset=UTF-8', 'x-openstack-request-id': 'req-f5fe0ca8-ddbe-4045-b63f-4a3d138fe6f7'}
        Body: {"ports": [{"status": "ACTIVE", "binding:host_id": "vagrant-ubuntu-trusty-64", "allowed_address_pairs": [], "extra_dhcp_opts": [], "dns_assignment": [{"hostname": "host-10-100-0-3", "ip_address": "10.100.0.3", "fqdn": "host-10-100-0-3.openstacklocal."}], "device_owner": "compute:None", "port_security_enabled": true, "binding:profile": {}, "fixed_ips": [{"subnet_id": "6b03575e-7aca-4bdb-8b36-a447b5b84412", "ip_address": "10.100.0.3"}], "id": "99efdb10-061b-439b-988e-0189a817e509", "security_groups": ["2e6738d9-7ebf-4d94-89c5-e49df2cbc63f"], "device_id": "fd38f674-4693-4706-87d5-450f416876ac", "name": "", "admin_state_up": true, "network_id": "c8327314-93e1-49f0-9959-b14ef2f0d869", "dns_name": "", "binding:vif_details": {"port_filter": true}, "binding:vnic_type": "normal", "binding:vif_type": "ovs", "tenant_id": "642e35eb21ba49238bc146201354bdbf", "mac_address": "fa:16:3e:a8:a8:6c"}]}
2016-01-22 11:47:19,844 14195 INFO     [tempest_lib.common.rest_client] Request (TestNetworkAdvancedServerOps:test_server_connectivity_pause_unpause): 201 POST http://10.4.1.3:9696/v2.0/floatingips 0.526s
2016-01-22 11:47:19,845 14195 DEBUG    [tempest_lib.common.rest_client] Request - Headers: {'Content-Type': 'application/json', 'Accept': 'application/json', 'X-Auth-Token': '&lt;omitted&gt;'}
        Body: {"floatingip": {"floating_network_id": "1fde070c-3f2a-42c3-ae78-cf2a652b94a8", "tenant_id": "642e35eb21ba49238bc146201354bdbf", "fixed_ip_address": "10.100.0.3", "port_id": "99efdb10-061b-439b-988e-0189a817e509"}}
    Response - Headers: {'status': '201', 'content-length': '367', 'connection': 'close', 'date': 'Fri, 22 Jan 2016 11:47:19 GMT', 'content-type': 'application/json; charset=UTF-8', 'x-openstack-request-id': 'req-8fc21941-03f5-4140-9c07-80c15ea9c4a0'}
        Body: {"floatingip": {"floating_network_id": "1fde070c-3f2a-42c3-ae78-cf2a652b94a8", "router_id": "08070ae2-fce6-4220-be3b-7b973494980e", "fixed_ip_address": "10.100.0.3", "floating_ip_address": "172.24.4.4", "tenant_id": "642e35eb21ba49238bc146201354bdbf", "status": "DOWN", "port_id": "99efdb10-061b-439b-988e-0189a817e509", "id": "7bbbb9e2-8010-4e6a-bc81-65ae61b9d567"}}
2016-01-22 11:47:20,165 14195 INFO     [tempest_lib.common.rest_client] Request (TestNetworkAdvancedServerOps:test_server_connectivity_pause_unpause): 200 GET http://10.4.1.3:8774/v2.1/642e35eb21ba49238bc146201354bdbf/servers/fd38f674-4693-4706-87d5-450f416876ac 0.319s
2016-01-22 11:47:20,166 14195 DEBUG    [tempest_lib.common.rest_client] Request - Headers: {'Content-Type': 'application/json', 'Accept': 'application/json', 'X-Auth-Token': '&lt;omitted&gt;'}
        Body: None
    Response - Headers: {'status': '200', 'content-length': '1646', 'content-location': 'http://10.4.1.3:8774/v2.1/642e35eb21ba49238bc146201354bdbf/servers/fd38f674-4693-4706-87d5-450f416876ac', 'x-compute-request-id': 'req-4a4539d7-6ed3-4d43-a551-5cf546c2f477', 'vary': 'X-OpenStack-Nova-API-Version', 'connection': 'close', 'x-openstack-nova-api-version': '2.1', 'date': 'Fri, 22 Jan 2016 11:47:20 GMT', 'content-type': 'application/json'}
        Body: {"server": {"status": "ACTIVE", "updated": "2016-01-22T11:47:18Z", "hostId": "c1135782b9d703a9a97ba33e852edb247bea66019807b0d7de90d3c7", "addresses": {"tempest-network-smoke--1754832267": [{"OS-EXT-IPS-MAC:mac_addr": "fa:16:3e:a8:a8:6c", "version": 4, "addr": "10.100.0.3", "OS-EXT-IPS:type": "fixed"}]}, "links": [{"href": "http://10.4.1.3:8774/v2.1/642e35eb21ba49238bc146201354bdbf/servers/fd38f674-4693-4706-87d5-450f416876ac", "rel": "self"}, {"href": "http://10.4.1.3:8774/642e35eb21ba49238bc146201354bdbf/servers/fd38f674-4693-4706-87d5-450f416876ac", "rel": "bookmark"}], "key_name": "tempest-TestNetworkAdvancedServerOps-1341336121", "image": {"id": "7ddc0c79-4921-486e-9410-f54cd953c168", "links": [{"href": "http://10.4.1.3:8774/642e35eb21ba49238bc146201354bdbf/images/7ddc0c79-4921-486e-9410-f54cd953c168", "rel": "bookmark"}]}, "OS-EXT-STS:task_state": null, "OS-EXT-STS:vm_state": "active", "OS-SRV-USG:launched_at": "2016-01-22T11:47:18.000000", "flavor": {"id": "42", "links": [{"href": "http://10.4.1.3:8774/642e35eb21ba49238bc146201354bdbf/flavors/42", "rel": "bookmark"}]}, "id": "fd38f674-4693-4706-87d5-450f416876ac", "security_groups": [{"name": "tempest-secgroup-smoke-875486814"}], "OS-SRV-USG:terminated_at": null, "OS-EXT-AZ:availability_zone": "nova", "user_id": "d9462c1d653049ab8758694596ac143f", "name": "tempest-server-smoke-379207132", "created": "2016-01-22T11:47:15Z", "tenant_id": "642e35eb21ba49238bc146201354bdbf", "OS-DCF:diskConfig": "MANUAL", "os-extended-volumes:volumes_attached": [], "accessIPv4": "", "accessIPv6": "", "progress": 0, "OS-EXT-STS:power_state": 1, "config_drive": "True", "metadata": {}}}
2016-01-22 11:47:20,176 14195 INFO     [tempest.scenario.manager] Tenant networks not configured to be reachable.
2016-01-22 11:47:20,191 14195 INFO     [tempest_lib.common.rest_client] Request (TestNetworkAdvancedServerOps:test_server_connectivity_pause_unpause): 200 GET http://10.4.1.3:9696/v2.0/floatingips/7bbbb9e2-8010-4e6a-bc81-65ae61b9d567 0.014s
2016-01-22 11:47:20,191 14195 DEBUG    [tempest_lib.common.rest_client] Request - Headers: {'Content-Type': 'application/json', 'Accept': 'application/json', 'X-Auth-Token': '&lt;omitted&gt;'}
        Body: None
    Response - Headers: {'status': '200', 'content-length': '367', 'content-location': 'http://10.4.1.3:9696/v2.0/floatingips/7bbbb9e2-8010-4e6a-bc81-65ae61b9d567', 'connection': 'close', 'date': 'Fri, 22 Jan 2016 11:47:20 GMT', 'content-type': 'application/json; charset=UTF-8', 'x-openstack-request-id': 'req-1d08ff03-c7b7-4c0a-b7a6-821eb829829a'}
        Body: {"floatingip": {"floating_network_id": "1fde070c-3f2a-42c3-ae78-cf2a652b94a8", "router_id": "08070ae2-fce6-4220-be3b-7b973494980e", "fixed_ip_address": "10.100.0.3", "floating_ip_address": "172.24.4.4", "tenant_id": "642e35eb21ba49238bc146201354bdbf", "status": "DOWN", "port_id": "99efdb10-061b-439b-988e-0189a817e509", "id": "7bbbb9e2-8010-4e6a-bc81-65ae61b9d567"}}
2016-01-22 11:47:21,209 14195 INFO     [tempest_lib.common.rest_client] Request (TestNetworkAdvancedServerOps:test_server_connectivity_pause_unpause): 200 GET http://10.4.1.3:9696/v2.0/floatingips/7bbbb9e2-8010-4e6a-bc81-65ae61b9d567 0.015s
2016-01-22 11:47:21,209 14195 DEBUG    [tempest_lib.common.rest_client] Request - Headers: {'Content-Type': 'application/json', 'Accept': 'application/json', 'X-Auth-Token': '&lt;omitted&gt;'}
        Body: None
    Response - Headers: {'status': '200', 'content-length': '369', 'content-location': 'http://10.4.1.3:9696/v2.0/floatingips/7bbbb9e2-8010-4e6a-bc81-65ae61b9d567', 'connection': 'close', 'date': 'Fri, 22 Jan 2016 11:47:21 GMT', 'content-type': 'application/json; charset=UTF-8', 'x-openstack-request-id': 'req-e6004fd7-fe73-4529-9d48-6559b5047f2e'}
        Body: {"floatingip": {"floating_network_id": "1fde070c-3f2a-42c3-ae78-cf2a652b94a8", "router_id": "08070ae2-fce6-4220-be3b-7b973494980e", "fixed_ip_address": "10.100.0.3", "floating_ip_address": "172.24.4.4", "tenant_id": "642e35eb21ba49238bc146201354bdbf", "status": "ACTIVE", "port_id": "99efdb10-061b-439b-988e-0189a817e509", "id": "7bbbb9e2-8010-4e6a-bc81-65ae61b9d567"}}
2016-01-22 11:47:21,209 14195 INFO     [tempest.scenario.manager] FloatingIP: &lt;"FloatingIP" addr="172.24.4.4" id="7bbbb9e2-8010-4e6a-bc81-65ae61b9d567"&gt; is at status: ACTIVE
2016-01-22 11:47:21,210 14195 DEBUG    [tempest.scenario.manager] checking network connections to IP 172.24.4.4 with user: cirros
2016-01-22 11:47:21,210 14195 DEBUG    [tempest.scenario.manager] TestNetworkAdvancedServerOps:test_server_connectivity_pause_unpause begins to ping 172.24.4.4 in 120 sec and the expected result is reachable
2016-01-22 11:49:21,506 14195 DEBUG    [tempest.scenario.manager] TestNetworkAdvancedServerOps:test_server_connectivity_pause_unpause finishes ping 172.24.4.4 in 120 sec and the ping result is unexpected
2016-01-22 11:49:21,507 14195 ERROR    [tempest.scenario.manager] Public network connectivity check failed
2016-01-22 11:49:21.507 14195 ERROR tempest.scenario.manager Traceback (most recent call last):
2016-01-22 11:49:21.507 14195 ERROR tempest.scenario.manager   File "tempest/scenario/manager.py", line 608, in check_public_network_connectivity
2016-01-22 11:49:21.507 14195 ERROR tempest.scenario.manager     should_connect=should_connect)
2016-01-22 11:49:21.507 14195 ERROR tempest.scenario.manager   File "tempest/scenario/manager.py", line 592, in check_vm_connectivity
2016-01-22 11:49:21.507 14195 ERROR tempest.scenario.manager     msg=msg)
2016-01-22 11:49:21.507 14195 ERROR tempest.scenario.manager   File "/usr/local/lib/python2.7/dist-packages/unittest2/case.py", line 702, in assertTrue
2016-01-22 11:49:21.507 14195 ERROR tempest.scenario.manager     raise self.failureException(msg)
2016-01-22 11:49:21.507 14195 ERROR tempest.scenario.manager AssertionError: False is not true : Timed out waiting for 172.24.4.4 to become reachable
2016-01-22 11:49:21.507 14195 ERROR tempest.scenario.manager 
2016-01-22 11:49:21,718 14195 INFO     [tempest_lib.common.rest_client] Request (TestNetworkAdvancedServerOps:test_server_connectivity_pause_unpause): 200 POST http://10.4.1.3:8774/v2.1/642e35eb21ba49238bc146201354bdbf/servers/fd38f674-4693-4706-87d5-450f416876ac/action 0.207s
2016-01-22 11:49:21,719 14195 DEBUG    [tempest_lib.common.rest_client] Request - Headers: {'Content-Type': 'application/json', 'Accept': 'application/json', 'X-Auth-Token': '&lt;omitted&gt;'}
        Body: {"os-getConsoleOutput": {}}
    Response - Headers: {'status': '200', 'content-length': '17427', 'x-compute-request-id': 'req-27b662c6-cbe0-4f87-8c5e-1ec9823e2b1c', 'vary': 'X-OpenStack-Nova-API-Version', 'connection': 'close', 'x-openstack-nova-api-version': '2.1', 'date': 'Fri, 22 Jan 2016 11:49:21 GMT', 'content-type': 'application/json'}
        Body: {"output": "[    0.000000] Initializing cgroup subsys cpuset\n[    0.000000] Initializing cgroup subsys cpu\n[    0.000000] Linux version 3.2.0-80-virtual (buildd@batsu) (gcc version 4.6.3 (Ubuntu/Linaro 4.6.3-1ubuntu5) ) #116-Ubuntu SMP Mon Mar 23 17:28:52 UTC 2015 (Ubuntu 3.2.0-80.116-virtual 3.2.68)\n[    0.000000] Command line: root=/dev/vda console=tty0 console=ttyS0 no_timer_check\n[    0.000000] KERNEL supported cpus:\n[    0.000000]   Intel GenuineIntel\n[    0.000000]   AMD AuthenticAMD\n[    0.000000]   Centaur CentaurHauls\n[    0.000000] BIOS-provided physical RAM map:\n[    0.000000]  BIOS-e820: 0000000000000000 - 000000000009fc00 (usable)\n[    0.000000]  BIOS-e820: 000000000009fc00 - 00000000000a0000 (reserved)\n[    0.000000]  BIOS-e820: 00000000000f0000 - 0000000000100000 (reserved)\n[    0.000000]  BIOS-e820: 0000000000100000 - 0000000003ffe000 (usable)\n[    0.000000]  BIOS-e820: 0000000003ffe000 - 0000000004000000 (reserved)\n[    0.000000]  BIOS-e820: 00000000fffc0000 - 0000000100000000 (reserved)\n[    0.000000] NX (Execute Disable) protection: active\n[    0.000000] SMBIOS 2.4 present.\n[    0.000000] No AGP bridge found\n[    0.000000] last_pfn = 0x3ffe max_arch_pfn = 0x400000000\n[    0.000000] x86 PAT enabled: cpu 0, old 0x7040600070406, new 0x7010600070106\n[    0.000000] found SMP MP-table at [ffff8800000f0b00] f0b00\n[    0.000000] init_memory_mapping: 0000000000000000-0000000003ffe000\n[    0.000000] RAMDISK: 03c5e000 - 03ff0000\n[    0.000000] ACPI: RSDP 00000000000f0950 00014 (v00 BOCHS )\n[    0.000000] ACPI: RSDT 0000000003fffbc1 00034 (v01 BOCHS  BXPCRSDT 00000001 BXPC 00000001)\n[    0.000000] ACPI: FACP 0000000003fff1c0 00074 (v01 BOCHS  BXPCFACP 00000001 BXPC 00000001)\n[    0.000000] ACPI: DSDT 0000000003ffe040 01180 (v01 BOCHS  BXPCDSDT 00000001 BXPC 00000001)\n[    0.000000] ACPI: FACS 0000000003ffe000 00040\n[    0.000000] ACPI: SSDT 0000000003fff234 008DD (v01 BOCHS  BXPCSSDT 00000001 BXPC 00000001)\n[    0.000000] ACPI: APIC 0000000003fffb11 00078 (v01 BOCHS  BXPCAPIC 00000001 BXPC 00000001)\n[    0.000000] ACPI: HPET 0000000003fffb89 00038 (v01 BOCHS  BXPCHPET 00000001 BXPC 00000001)\n[    0.000000] No NUMA configuration found\n[    0.000000] Faking a node at 0000000000000000-0000000003ffe000\n[    0.000000] Initmem setup node 0 0000000000000000-0000000003ffe000\n[    0.000000]   NODE_DATA [0000000003ff6000 - 0000000003ffafff]\n[    0.000000] Zone PFN ranges:\n[    0.000000]   DMA      0x00000010 -&gt; 0x00001000\n[    0.000000]   DMA32    0x00001000 -&gt; 0x00100000\n[    0.000000]   Normal   empty\n[    0.000000] Movable zone start PFN for each node\n[    0.000000] early_node_map[2] active PFN ranges\n[    0.000000]     0: 0x00000010 -&gt; 0x0000009f\n[    0.000000]     0: 0x00000100 -&gt; 0x00003ffe\n[    0.000000] ACPI: PM-Timer IO Port: 0xb008\n[    0.000000] ACPI: LAPIC (acpi_id[0x00] lapic_id[0x00] enabled)\n[    0.000000] ACPI: LAPIC_NMI (acpi_id[0xff] dfl dfl lint[0x1])\n[    0.000000] ACPI: IOAPIC (id[0x00] address[0xfec00000] gsi_base[0])\n[    0.000000] IOAPIC[0]: apic_id 0, version 17, address 0xfec00000, GSI 0-23\n[    0.000000] ACPI: INT_SRC_OVR (bus 0 bus_irq 0 global_irq 2 dfl dfl)\n[    0.000000] ACPI: INT_SRC_OVR (bus 0 bus_irq 5 global_irq 5 high level)\n[    0.000000] ACPI: INT_SRC_OVR (bus 0 bus_irq 9 global_irq 9 high level)\n[    0.000000] ACPI: INT_SRC_OVR (bus 0 bus_irq 10 global_irq 10 high level)\n[    0.000000] ACPI: INT_SRC_OVR (bus 0 bus_irq 11 global_irq 11 high level)\n[    0.000000] Using ACPI (MADT) for SMP configuration information\n[    0.000000] ACPI: HPET id: 0x8086a201 base: 0xfed00000\n[    0.000000] SMP: Allowing 1 CPUs, 0 hotplug CPUs\n[    0.000000] PM: Registered nosave memory: 000000000009f000 - 00000000000a0000\n[    0.000000] PM: Registered nosave memory: 00000000000a0000 - 00000000000f0000\n[    0.000000] PM: Registered nosave memory: 00000000000f0000 - 0000000000100000\n[    0.000000] Allocating PCI resources starting at 4000000 (gap: 4000000:fbfc0000)\n[    0.000000] Booting paravirtualized kernel on bare hardware\n[    0.000000] setup_pe
2016-01-22 11:49:21,723 14195 DEBUG    [tempest.scenario.manager] Console output for fd38f674-4693-4706-87d5-450f416876ac
body=
[    0.000000] Initializing cgroup subsys cpuset
[    0.000000] Initializing cgroup subsys cpu
[    0.000000] Linux version 3.2.0-80-virtual (buildd@batsu) (gcc version 4.6.3 (Ubuntu/Linaro 4.6.3-1ubuntu5) ) #116-Ubuntu SMP Mon Mar 23 17:28:52 UTC 2015 (Ubuntu 3.2.0-80.116-virtual 3.2.68)
[    0.000000] Command line: root=/dev/vda console=tty0 console=ttyS0 no_timer_check
[    0.000000] KERNEL supported cpus:
[    0.000000]   Intel GenuineIntel
[    0.000000]   AMD AuthenticAMD
[    0.000000]   Centaur CentaurHauls
[    0.000000] BIOS-provided physical RAM map:
[    0.000000]  BIOS-e820: 0000000000000000 - 000000000009fc00 (usable)
[    0.000000]  BIOS-e820: 000000000009fc00 - 00000000000a0000 (reserved)
[    0.000000]  BIOS-e820: 00000000000f0000 - 0000000000100000 (reserved)
[    0.000000]  BIOS-e820: 0000000000100000 - 0000000003ffe000 (usable)
[    0.000000]  BIOS-e820: 0000000003ffe000 - 0000000004000000 (reserved)
[    0.000000]  BIOS-e820: 00000000fffc0000 - 0000000100000000 (reserved)
[    0.000000] NX (Execute Disable) protection: active
[    0.000000] SMBIOS 2.4 present.
[    0.000000] No AGP bridge found
[    0.000000] last_pfn = 0x3ffe max_arch_pfn = 0x400000000
[    0.000000] x86 PAT enabled: cpu 0, old 0x7040600070406, new 0x7010600070106
[    0.000000] found SMP MP-table at [ffff8800000f0b00] f0b00
[    0.000000] init_memory_mapping: 0000000000000000-0000000003ffe000
[    0.000000] RAMDISK: 03c5e000 - 03ff0000
[    0.000000] ACPI: RSDP 00000000000f0950 00014 (v00 BOCHS )
[    0.000000] ACPI: RSDT 0000000003fffbc1 00034 (v01 BOCHS  BXPCRSDT 00000001 BXPC 00000001)
[    0.000000] ACPI: FACP 0000000003fff1c0 00074 (v01 BOCHS  BXPCFACP 00000001 BXPC 00000001)
[    0.000000] ACPI: DSDT 0000000003ffe040 01180 (v01 BOCHS  BXPCDSDT 00000001 BXPC 00000001)
[    0.000000] ACPI: FACS 0000000003ffe000 00040
[    0.000000] ACPI: SSDT 0000000003fff234 008DD (v01 BOCHS  BXPCSSDT 00000001 BXPC 00000001)
[    0.000000] ACPI: APIC 0000000003fffb11 00078 (v01 BOCHS  BXPCAPIC 00000001 BXPC 00000001)
[    0.000000] ACPI: HPET 0000000003fffb89 00038 (v01 BOCHS  BXPCHPET 00000001 BXPC 00000001)
[    0.000000] No NUMA configuration found
[    0.000000] Faking a node at 0000000000000000-0000000003ffe000
[    0.000000] Initmem setup node 0 0000000000000000-0000000003ffe000
[    0.000000]   NODE_DATA [0000000003ff6000 - 0000000003ffafff]
[    0.000000] Zone PFN ranges:
[    0.000000]   DMA      0x00000010 -&gt; 0x00001000
[    0.000000]   DMA32    0x00001000 -&gt; 0x00100000
[    0.000000]   Normal   empty
[    0.000000] Movable zone start PFN for each node
[    0.000000] early_node_map[2] active PFN ranges
[    0.000000]     0: 0x00000010 -&gt; 0x0000009f
[    0.000000]     0: 0x00000100 -&gt; 0x00003ffe
[    0.000000] ACPI: PM-Timer IO Port: 0xb008
[    0.000000] ACPI: LAPIC (acpi_id[0x00] lapic_id[0x00] enabled)
[    0.000000] ACPI: LAPIC_NMI (acpi_id[0xff] dfl dfl lint[0x1])
[    0.000000] ACPI: IOAPIC (id[0x00] address[0xfec00000] gsi_base[0])
[    0.000000] IOAPIC[0]: apic_id 0, version 17, address 0xfec00000, GSI 0-23
[    0.000000] ACPI: INT_SRC_OVR (bus 0 bus_irq 0 global_irq 2 dfl dfl)
[    0.000000] ACPI: INT_SRC_OVR (bus 0 bus_irq 5 global_irq 5 high level)
[    0.000000] ACPI: INT_SRC_OVR (bus 0 bus_irq 9 global_irq 9 high level)
[    0.000000] ACPI: INT_SRC_OVR (bus 0 bus_irq 10 global_irq 10 high level)
[    0.000000] ACPI: INT_SRC_OVR (bus 0 bus_irq 11 global_irq 11 high level)
[    0.000000] Using ACPI (MADT) for SMP configuration information
[    0.000000] ACPI: HPET id: 0x8086a201 base: 0xfed00000
[    0.000000] SMP: Allowing 1 CPUs, 0 hotplug CPUs
[    0.000000] PM: Registered nosave memory: 000000000009f000 - 00000000000a0000
[    0.000000] PM: Registered nosave memory: 00000000000a0000 - 00000000000f0000
[    0.000000] PM: Registered nosave memory: 00000000000f0000 - 0000000000100000
[    0.000000] Allocating PCI resources starting at 4000000 (gap: 4000000:fbfc0000)
[    0.000000] Booting paravirtualized kernel on bare hardware
[    0.000000] setup_percpu: NR_CPUS:64 nr_cpumask_bits:64 nr_cpu_ids:1 nr_node_ids:1
[    0.000000] PERCPU: Embedded 27 pages/cpu @ffff880003a00000 s78848 r8192 d23552 u2097152
[    0.000000] Built 1 zonelists in Node order, mobility grouping on.  Total pages: 16008
[    0.000000] Policy zone: DMA32
[    0.000000] Kernel command line: root=/dev/vda console=tty0 console=ttyS0 no_timer_check
[    0.000000] PID hash table entries: 256 (order: -1, 2048 bytes)
[    0.000000] Checking aperture...
[    0.000000] No AGP bridge found
[    0.000000] Memory: 43492k/65528k available (6576k kernel code, 452k absent, 21584k reserved, 6620k data, 928k init)
[    0.000000] SLUB: Genslabs=15, HWalign=64, Order=0-3, MinObjects=0, CPUs=1, Nodes=1
[    0.000000] Hierarchical RCU implementation.
[    0.000000] 	RCU dyntick-idle grace-period acceleration is enabled.
[    0.000000] NR_IRQS:4352 nr_irqs:256 16
[    0.000000] Console: colour VGA+ 80x25
[    0.000000] console [tty0] enabled
[    0.000000] console [ttyS0] enabled
[    0.000000] allocated 1048576 bytes of page_cgroup
[    0.000000] please try 'cgroup_disable=memory' option if you don't want memory cgroups
[    0.000000] Fast TSC calibration failed
[    0.000000] TSC: Unable to calibrate against PIT
[    0.000000] TSC: using HPET reference calibration
[    0.000000] Detected 2290.175 MHz processor.
[    0.029235] Calibrating delay loop (skipped), value calculated using timer frequency.. 4580.35 BogoMIPS (lpj=9160700)
[    0.031322] pid_max: default: 32768 minimum: 301
[    0.041118] Security Framework initialized
[    0.046381] AppArmor: AppArmor initialized
[    0.048139] Yama: becoming mindful.
[    0.056686] Dentry cache hash table entries: 8192 (order: 4, 65536 bytes)
[    0.058149] Inode-cache hash table entries: 4096 (order: 3, 32768 bytes)
[    0.060162] Mount-cache hash table entries: 256
[    0.075342] Initializing cgroup subsys cpuacct
[    0.076324] Initializing cgroup subsys memory
[    0.077184] Initializing cgroup subsys devices
[    0.077874] Initializing cgroup subsys freezer
[    0.078571] Initializing cgroup subsys blkio
[    0.080193] Initializing cgroup subsys perf_event
[    0.085082] mce: CPU supports 10 MCE banks
[    0.089027] SMP alternatives: switching to UP code
[    0.494317] Freeing SMP alternatives: 24k freed
[    0.496930] ACPI: Core revision 20110623
[    0.543622] ftrace: allocating 26610 entries in 105 pages
[    0.571478] ..TIMER: vector=0x30 apic1=0 pin1=2 apic2=-1 pin2=-1
[    0.572154] CPU0: AMD QEMU Virtual CPU version 2.0.0 stepping 03
[    0.576035] Performance Events: Broken PMU hardware detected, using software events only.
[    0.586164] NMI watchdog disabled (cpu0): hardware events not enabled
[    0.588757] Brought up 1 CPUs
[    0.589520] Total of 1 processors activated (4580.35 BogoMIPS).
[    0.612915] devtmpfs: initialized
[    0.643206] EVM: security.selinux
[    0.644084] EVM: security.SMACK64
[    0.644564] EVM: security.capability
[    0.666109] print_constraints: dummy: 
[    0.668888] RTC time: 11:47:22, date: 01/22/16
[    0.671380] NET: Registered protocol family 16
[    0.679255] ACPI: bus type pci registered
[    0.682707] PCI: Using configuration type 1 for base access
[    0.712721] bio: create slab &lt;bio-0&gt; at 0
[    0.717292] ACPI: Added _OSI(Module Device)
[    0.717860] ACPI: Added _OSI(Processor Device)
[    0.718411] ACPI: Added _OSI(3.0 _SCP Extensions)
[    0.718993] ACPI: Added _OSI(Processor Aggregator Device)
[    0.798097] ACPI: Interpreter enabled
[    0.798680] ACPI: (supports S0 S3 S4 S5)
[    0.802306] ACPI: Using IOAPIC for interrupt routing
[    0.870096] ACPI: No dock devices found.
[    0.872576] HEST: Table not found.
[    0.873530] PCI: Using host bridge windows from ACPI; if necessary, use "pci=nocrs" and report a bug
[    0.881363] ACPI: PCI Root Bridge [PCI0] (domain 0000 [bus 00-ff])
[    0.887232] pci_root PNP0A03:00: host bridge window [io  0x0000-0x0cf7]
[    0.888205] pci_root PNP0A03:00: host bridge window [io  0x0d00-0xadff]
[    0.889077] pci_root PNP0A03:00: host bridge window [io  0xae0f-0xaeff]
[    0.889987] pci_root PNP0A03:00: host bridge window [io  0xaf20-0xafdf]
[    0.892114] pci_root PNP0A03:00: host bridge window [io  0xafe4-0xffff]
[    0.892980] pci_root PNP0A03:00: host bridge window [mem 0x000a0000-0x000bffff]
[    0.893872] pci_root PNP0A03:00: host bridge window [mem 0x04000000-0xfebfffff]
[    0.916811] pci 0000:00:01.3: quirk: [io  0xb000-0xb03f] claimed by PIIX4 ACPI
[    0.917787] pci 0000:00:01.3: quirk: [io  0xb100-0xb10f] claimed by PIIX4 SMB
[    0.998968]  pci0000:00: Unable to request _OSC control (_OSC support mask: 0x1e)
[    1.069117] ACPI: PCI Interrupt Link [LNKA] (IRQs 5 *10 11)
[    1.073195] ACPI: PCI Interrupt Link [LNKB] (IRQs 5 *10 11)
[    1.074973] ACPI: PCI Interrupt Link [LNKC] (IRQs 5 10 *11)
[    1.078440] ACPI: PCI Interrupt Link [LNKD] (IRQs 5 10 *11)
[    1.081478] ACPI: PCI Interrupt Link [LNKS] (IRQs *9)
[    1.093695] vgaarb: device added: PCI:0000:00:02.0,decodes=io+mem,owns=io+mem,locks=none
[    1.094690] vgaarb: loaded
[    1.095048] vgaarb: bridge control possible 0000:00:02.0
[    1.098686] i2c-core: driver [aat2870] using legacy suspend method
[    1.100138] i2c-core: driver [aat2870] using legacy resume method
[    1.102238] SCSI subsystem initialized
[    1.108655] usbcore: registered new interface driver usbfs
[    1.109728] usbcore: registered new interface driver hub
[    1.111055] usbcore: registered new device driver usb
[    1.116283] PCI: Using ACPI for IRQ routing
[    1.128112] NetLabel: Initializing
[    1.128623] NetLabel:  domain hash size = 128
[    1.129191] NetLabel:  protocols = UNLABELED CIPSOv4
[    1.130737] NetLabel:  unlabeled traffic allowed by default
[    1.133392] HPET: 3 timers in total, 0 timers will be used for per-cpu timer
[    1.134267] hpet0: at MMIO 0xfed00000, IRQs 2, 8, 0
[    1.136329] hpet0: 3 comparators, 64-bit 100.000000 MHz counter
[    1.146729] Switching to clocksource hpet
[    1.377461] AppArmor: AppArmor Filesystem Enabled
[    1.378854] pnp: PnP ACPI init
[    1.379700] ACPI: bus type pnp registered
[    1.402101] pnp: PnP ACPI: found 9 devices
[    1.402843] ACPI: ACPI bus type pnp unregistered
[    1.462958] NET: Registered protocol family 2
[    1.498057] IP route cache hash table entries: 512 (order: 0, 4096 bytes)
[    1.505493] TCP established hash table entries: 2048 (order: 3, 32768 bytes)
[    1.509553] TCP bind hash table entries: 2048 (order: 3, 32768 bytes)
[    1.510860] TCP: Hash tables configured (established 2048 bind 2048)
[    1.511961] TCP reno registered
[    1.513511] UDP hash table entries: 128 (order: 0, 4096 bytes)
[    1.514418] UDP-Lite hash table entries: 128 (order: 0, 4096 bytes)
[    1.517937] NET: Registered protocol family 1
[    1.518863] pci 0000:00:00.0: Limiting direct PCI/PCI transfers
[    1.519964] pci 0000:00:01.0: PIIX3: Enabling Passive Release
[    1.521917] pci 0000:00:01.0: Activating ISA DMA hang workarounds
[    1.527158] ACPI: PCI Interrupt Link [LNKD] enabled at IRQ 11
[    1.528205] pci 0000:00:01.2: PCI INT D -&gt; Link[LNKD] -&gt; GSI 11 (level, high) -&gt; IRQ 11
[    1.530823] pci 0000:00:01.2: PCI INT D disabled
[    1.553909] Trying to unpack rootfs image as initramfs...
[    1.575436] audit: initializing netlink socket (disabled)
[    1.577729] type=2000 audit(1453463242.576:1): initialized
[    1.829369] HugeTLB registered 2 MB page size, pre-allocated 0 pages
[    1.901541] VFS: Disk quotas dquot_6.5.2
[    1.903749] Dquot-cache hash table entries: 512 (order 0, 4096 bytes)
[    1.926516] fuse init (API version 7.17)
[    1.930546] msgmni has been set to 84
[    1.963870] Block layer SCSI generic (bsg) driver version 0.4 loaded (major 253)
[    1.975196] io scheduler noop registered
[    1.977037] io scheduler deadline registered (default)
[    1.979737] io scheduler cfq registered
[    1.985090] pci_hotplug: PCI Hot Plug PCI Core version: 0.5
[    1.986819] pciehp: PCI Express Hot Plug Controller Driver version: 0.4
[    1.992174] input: Power Button as /devices/LNXSYSTM:00/LNXPWRBN:00/input/input0
[    1.994949] ACPI: Power Button [PWRF]
[    2.042324] ERST: Table is not found!
[    2.042811] GHES: HEST is not enabled!
[    2.053843] ACPI: PCI Interrupt Link [LNKC] enabled at IRQ 10
[    2.054597] virtio-pci 0000:00:03.0: PCI INT A -&gt; Link[LNKC] -&gt; GSI 10 (level, high) -&gt; IRQ 10
[    2.058185] virtio-pci 0000:00:04.0: PCI INT A -&gt; Link[LNKD] -&gt; GSI 11 (level, high) -&gt; IRQ 11
[    2.074868] ACPI: PCI Interrupt Link [LNKA] enabled at IRQ 10
[    2.075672] virtio-pci 0000:00:05.0: PCI INT A -&gt; Link[LNKA] -&gt; GSI 10 (level, high) -&gt; IRQ 10
[    2.081069] Serial: 8250/16550 driver, 32 ports, IRQ sharing enabled
[    2.123257] serial8250: ttyS0 at I/O 0x3f8 (irq = 4) is a 16550A
[    2.208551] serial8250: ttyS1 at I/O 0x2f8 (irq = 3) is a 16550A
[    2.341215] 00:05: ttyS0 at I/O 0x3f8 (irq = 4) is a 16550A
[    2.428118] 00:06: ttyS1 at I/O 0x2f8 (irq = 3) is a 16550A
[    2.478729] Linux agpgart interface v0.103
[    2.537632] Refined TSC clocksource calibration: 2290.277 MHz.
[    2.538406] Switching to clocksource tsc
[    2.540025] brd: module loaded
[    2.570020] loop: module loaded
[    2.639340]  vda: unknown partition table
[    2.689667] scsi0 : ata_piix
[    2.692083] scsi1 : ata_piix
[    2.694676] ata1: PATA max MWDMA2 cmd 0x1f0 ctl 0x3f6 bmdma 0xc0a0 irq 14
[    2.695745] ata2: PATA max MWDMA2 cmd 0x170 ctl 0x376 bmdma 0xc0a8 irq 15
[    2.715964] Fixed MDIO Bus: probed
[    2.717863] tun: Universal TUN/TAP device driver, 1.6
[    2.718422] tun: (C) 1999-2004 Max Krasnyansky &lt;maxk@qualcomm.com&gt;
[    2.731788] PPP generic driver version 2.4.2
[    2.750661] ehci_hcd: USB 2.0 'Enhanced' Host Controller (EHCI) Driver
[    2.751881] ohci_hcd: USB 1.1 'Open' Host Controller (OHCI) Driver
[    2.753547] uhci_hcd: USB Universal Host Controller Interface driver
[    2.754605] uhci_hcd 0000:00:01.2: PCI INT D -&gt; Link[LNKD] -&gt; GSI 11 (level, high) -&gt; IRQ 11
[    2.758680] uhci_hcd 0000:00:01.2: UHCI Host Controller
[    2.785636] uhci_hcd 0000:00:01.2: new USB bus registered, assigned bus number 1
[    2.787423] uhci_hcd 0000:00:01.2: irq 11, io base 0x0000c040
[    2.820527] hub 1-0:1.0: USB hub found
[    2.822197] hub 1-0:1.0: 2 ports detected
[    2.831444] usbcore: registered new interface driver libusual
[    2.834593] i8042: PNP: PS/2 Controller [PNP0303:KBD,PNP0f13:MOU] at 0x60,0x64 irq 1,12
[    2.843485] serio: i8042 KBD port at 0x60,0x64 irq 1
[    2.845406] serio: i8042 AUX port at 0x60,0x64 irq 12
[    2.866186] mousedev: PS/2 mouse device common for all mice
[    2.873114] rtc_cmos 00:01: RTC can wake from S4
[    2.886728] rtc_cmos 00:01: rtc core: registered rtc_cmos as rtc0
[    2.891434] rtc0: alarms up to one day, 114 bytes nvram, hpet irqs
[    2.895747] device-mapper: uevent: version 1.0.3
[    2.917566] input: AT Translated Set 2 keyboard as /devices/platform/i8042/serio0/input/input1
[    2.939694] device-mapper: ioctl: 4.22.0-ioctl (2011-10-19) initialised: dm-devel@redhat.com
[    2.943536] cpuidle: using governor ladder
[    2.945496] cpuidle: using governor menu
[    2.947105] EFI Variables Facility v0.08 2004-May-17
[    2.963696] TCP cubic registered
[    2.968924] NET: Registered protocol family 10
[    2.999202] NET: Registered protocol family 17
[    3.001745] Registering the dns_resolver key type
[    3.035504] ata2.01: ATAPI: QEMU DVD-ROM, 2.0.0, max UDMA/100
[    3.050788] ata2.01: configured for MWDMA2
[    3.090653] scsi 1:0:1:0: CD-ROM            QEMU     QEMU DVD-ROM     2.0. PQ: 0 ANSI: 5
[    3.117921] sr0: scsi3-mmc drive: 4x/4x cd/rw xa/form2 tray
[    3.120901] cdrom: Uniform CD-ROM driver Revision: 3.20
[    3.130764] sr 1:0:1:0: Attached scsi generic sg0 type 5
[    3.186429] registered taskstats version 1
[    3.321640] Freeing initrd memory: 3656k freed
[    3.757779]   Magic number: 0:25:783
[    3.770510] rtc_cmos 00:01: setting system clock to 2016-01-22 11:47:25 UTC (1453463245)
[    3.772781] powernow-k8: Processor cpuid 663 not supported
[    3.781659] BIOS EDD facility v0.16 2004-Jun-25, 0 devices found
[    3.783824] EDD information not available.
[    3.863219] Freeing unused kernel memory: 928k freed
[    3.868884] Write protecting the kernel read-only data: 12288k
[    3.954873] Freeing unused kernel memory: 1596k freed
[    4.017608] Freeing unused kernel memory: 1184k freed

info: initramfs: up at 4.20
modprobe: module virtio_blk not found in modules.dep
modprobe: module virtio_net not found in modules.dep
info: copying initramfs to /dev/vda
info: initramfs loading root from /dev/vda
info: /etc/init.d/rc.sysinit: up at 9.33
info: container: none
Starting logging: OK
modprobe: module virtio_blk not found in modules.dep
modprobe: module virtio_net not found in modules.dep
WARN: /etc/rc3.d/S10-load-modules failed
Initializing random number generator... done.
Starting acpid: OK
cirros-ds 'local' up at 11.82
found datasource (configdrive, local)
Starting network...
udhcpc (v1.20.1) started
Sending discover...
Sending discover...

2016-01-22 11:49:22,052 14195 INFO     [tempest_lib.common.rest_client] Request (TestNetworkAdvancedServerOps:_run_cleanups): 204 DELETE http://10.4.1.3:9696/v2.0/floatingips/7bbbb9e2-8010-4e6a-bc81-65ae61b9d567 0.322s
2016-01-22 11:49:22,053 14195 DEBUG    [tempest_lib.common.rest_client] Request - Headers: {'Content-Type': 'application/json', 'Accept': 'application/json', 'X-Auth-Token': '&lt;omitted&gt;'}
        Body: None
    Response - Headers: {'date': 'Fri, 22 Jan 2016 11:49:22 GMT', 'status': '204', 'connection': 'close', 'content-length': '0', 'x-openstack-request-id': 'req-25ea2f4d-d57a-45b4-b6f9-84e0daa1f3c9'}
        Body: 
2016-01-22 11:49:22,424 14195 INFO     [tempest_lib.common.rest_client] Request (TestNetworkAdvancedServerOps:_run_cleanups): 204 DELETE http://10.4.1.3:8774/v2.1/642e35eb21ba49238bc146201354bdbf/servers/fd38f674-4693-4706-87d5-450f416876ac 0.370s
2016-01-22 11:49:22,425 14195 DEBUG    [tempest_lib.common.rest_client] Request - Headers: {'Content-Type': 'application/json', 'Accept': 'application/json', 'X-Auth-Token': '&lt;omitted&gt;'}
        Body: None
    Response - Headers: {'status': '204', 'content-length': '0', 'x-compute-request-id': 'req-ec573bb4-22f2-4c9a-b272-91302de7ea5f', 'vary': 'X-OpenStack-Nova-API-Version', 'connection': 'close', 'x-openstack-nova-api-version': '2.1', 'date': 'Fri, 22 Jan 2016 11:49:22 GMT', 'content-type': 'application/json'}
        Body: 
2016-01-22 11:49:22,652 14195 INFO     [tempest_lib.common.rest_client] Request (TestNetworkAdvancedServerOps:_run_cleanups): 200 GET http://10.4.1.3:8774/v2.1/642e35eb21ba49238bc146201354bdbf/servers/fd38f674-4693-4706-87d5-450f416876ac 0.226s
2016-01-22 11:49:22,653 14195 DEBUG    [tempest_lib.common.rest_client] Request - Headers: {'Content-Type': 'application/json', 'Accept': 'application/json', 'X-Auth-Token': '&lt;omitted&gt;'}
        Body: None
    Response - Headers: {'status': '200', 'content-length': '1769', 'content-location': 'http://10.4.1.3:8774/v2.1/642e35eb21ba49238bc146201354bdbf/servers/fd38f674-4693-4706-87d5-450f416876ac', 'x-compute-request-id': 'req-e707809e-d190-4cc9-a9d1-65501eaba7ab', 'vary': 'X-OpenStack-Nova-API-Version', 'connection': 'close', 'x-openstack-nova-api-version': '2.1', 'date': 'Fri, 22 Jan 2016 11:49:22 GMT', 'content-type': 'application/json'}
        Body: {"server": {"status": "ACTIVE", "updated": "2016-01-22T11:49:22Z", "hostId": "c1135782b9d703a9a97ba33e852edb247bea66019807b0d7de90d3c7", "addresses": {"tempest-network-smoke--1754832267": [{"OS-EXT-IPS-MAC:mac_addr": "fa:16:3e:a8:a8:6c", "version": 4, "addr": "10.100.0.3", "OS-EXT-IPS:type": "fixed"}, {"OS-EXT-IPS-MAC:mac_addr": "fa:16:3e:a8:a8:6c", "version": 4, "addr": "172.24.4.4", "OS-EXT-IPS:type": "floating"}]}, "links": [{"href": "http://10.4.1.3:8774/v2.1/642e35eb21ba49238bc146201354bdbf/servers/fd38f674-4693-4706-87d5-450f416876ac", "rel": "self"}, {"href": "http://10.4.1.3:8774/642e35eb21ba49238bc146201354bdbf/servers/fd38f674-4693-4706-87d5-450f416876ac", "rel": "bookmark"}], "key_name": "tempest-TestNetworkAdvancedServerOps-1341336121", "image": {"id": "7ddc0c79-4921-486e-9410-f54cd953c168", "links": [{"href": "http://10.4.1.3:8774/642e35eb21ba49238bc146201354bdbf/images/7ddc0c79-4921-486e-9410-f54cd953c168", "rel": "bookmark"}]}, "OS-EXT-STS:task_state": "deleting", "OS-EXT-STS:vm_state": "active", "OS-SRV-USG:launched_at": "2016-01-22T11:47:18.000000", "flavor": {"id": "42", "links": [{"href": "http://10.4.1.3:8774/642e35eb21ba49238bc146201354bdbf/flavors/42", "rel": "bookmark"}]}, "id": "fd38f674-4693-4706-87d5-450f416876ac", "security_groups": [{"name": "tempest-secgroup-smoke-875486814"}], "OS-SRV-USG:terminated_at": null, "OS-EXT-AZ:availability_zone": "nova", "user_id": "d9462c1d653049ab8758694596ac143f", "name": "tempest-server-smoke-379207132", "created": "2016-01-22T11:47:15Z", "tenant_id": "642e35eb21ba49238bc146201354bdbf", "OS-DCF:diskConfig": "MANUAL", "os-extended-volumes:volumes_attached": [], "accessIPv4": "", "accessIPv6": "", "progress": 0, "OS-EXT-STS:power_state": 1, "config_drive": "True", "metadata": {}}}
2016-01-22 11:49:23,835 14195 INFO     [tempest_lib.common.rest_client] Request (TestNetworkAdvancedServerOps:_run_cleanups): 200 GET http://10.4.1.3:8774/v2.1/642e35eb21ba49238bc146201354bdbf/servers/fd38f674-4693-4706-87d5-450f416876ac 0.171s
2016-01-22 11:49:23,835 14195 DEBUG    [tempest_lib.common.rest_client] Request - Headers: {'Content-Type': 'application/json', 'Accept': 'application/json', 'X-Auth-Token': '&lt;omitted&gt;'}
        Body: None
    Response - Headers: {'status': '200', 'content-length': '1702', 'content-location': 'http://10.4.1.3:8774/v2.1/642e35eb21ba49238bc146201354bdbf/servers/fd38f674-4693-4706-87d5-450f416876ac', 'x-compute-request-id': 'req-5bd67a20-4714-42e9-bcfd-027531620330', 'vary': 'X-OpenStack-Nova-API-Version', 'connection': 'close', 'x-openstack-nova-api-version': '2.1', 'date': 'Fri, 22 Jan 2016 11:49:23 GMT', 'content-type': 'application/json'}
        Body: {"server": {"status": "ACTIVE", "updated": "2016-01-22T11:49:23Z", "hostId": "c1135782b9d703a9a97ba33e852edb247bea66019807b0d7de90d3c7", "addresses": {"tempest-network-smoke--1754832267": [{"OS-EXT-IPS-MAC:mac_addr": "fa:16:3e:a8:a8:6c", "version": 4, "addr": "10.100.0.3", "OS-EXT-IPS:type": "fixed"}, {"OS-EXT-IPS-MAC:mac_addr": "fa:16:3e:a8:a8:6c", "version": 4, "addr": "172.24.4.4", "OS-EXT-IPS:type": "floating"}]}, "links": [{"href": "http://10.4.1.3:8774/v2.1/642e35eb21ba49238bc146201354bdbf/servers/fd38f674-4693-4706-87d5-450f416876ac", "rel": "self"}, {"href": "http://10.4.1.3:8774/642e35eb21ba49238bc146201354bdbf/servers/fd38f674-4693-4706-87d5-450f416876ac", "rel": "bookmark"}], "key_name": "tempest-TestNetworkAdvancedServerOps-1341336121", "image": {"id": "7ddc0c79-4921-486e-9410-f54cd953c168", "links": [{"href": "http://10.4.1.3:8774/642e35eb21ba49238bc146201354bdbf/images/7ddc0c79-4921-486e-9410-f54cd953c168", "rel": "bookmark"}]}, "OS-EXT-STS:task_state": "deleting", "OS-EXT-STS:vm_state": "active", "OS-SRV-USG:launched_at": "2016-01-22T11:47:18.000000", "flavor": {"id": "42", "links": [{"href": "http://10.4.1.3:8774/642e35eb21ba49238bc146201354bdbf/flavors/42", "rel": "bookmark"}]}, "id": "fd38f674-4693-4706-87d5-450f416876ac", "OS-SRV-USG:terminated_at": null, "OS-EXT-AZ:availability_zone": "nova", "user_id": "d9462c1d653049ab8758694596ac143f", "name": "tempest-server-smoke-379207132", "created": "2016-01-22T11:47:15Z", "tenant_id": "642e35eb21ba49238bc146201354bdbf", "OS-DCF:diskConfig": "MANUAL", "os-extended-volumes:volumes_attached": [], "accessIPv4": "", "accessIPv6": "", "progress": 0, "OS-EXT-STS:power_state": 1, "config_drive": "True", "metadata": {}}}
2016-01-22 11:49:24,932 14195 INFO     [tempest_lib.common.rest_client] Request (TestNetworkAdvancedServerOps:_run_cleanups): 404 GET http://10.4.1.3:8774/v2.1/642e35eb21ba49238bc146201354bdbf/servers/fd38f674-4693-4706-87d5-450f416876ac 0.085s
2016-01-22 11:49:24,933 14195 DEBUG    [tempest_lib.common.rest_client] Request - Headers: {'Content-Type': 'application/json', 'Accept': 'application/json', 'X-Auth-Token': '&lt;omitted&gt;'}
        Body: None
    Response - Headers: {'status': '404', 'content-length': '111', 'x-compute-request-id': 'req-d61c4512-51ae-4369-ab44-a169e26bef42', 'vary': 'X-OpenStack-Nova-API-Version', 'connection': 'close', 'x-openstack-nova-api-version': '2.1', 'date': 'Fri, 22 Jan 2016 11:49:24 GMT', 'content-type': 'application/json; charset=UTF-8'}
        Body: {"itemNotFound": {"message": "Instance fd38f674-4693-4706-87d5-450f416876ac could not be found.", "code": 404}}
2016-01-22 11:49:25,409 14195 INFO     [tempest_lib.common.rest_client] Request (TestNetworkAdvancedServerOps:_run_cleanups): 200 PUT http://10.4.1.3:9696/v2.0/routers/08070ae2-fce6-4220-be3b-7b973494980e/remove_router_interface 0.474s
2016-01-22 11:49:25,409 14195 DEBUG    [tempest_lib.common.rest_client] Request - Headers: {'Content-Type': 'application/json', 'Accept': 'application/json', 'X-Auth-Token': '&lt;omitted&gt;'}
        Body: {"subnet_id": "6b03575e-7aca-4bdb-8b36-a447b5b84412"}
    Response - Headers: {'status': '200', 'content-length': '255', 'connection': 'close', 'date': 'Fri, 22 Jan 2016 11:49:25 GMT', 'content-type': 'application/json; charset=UTF-8', 'x-openstack-request-id': 'req-875c41a8-2aca-4e3b-a2a7-ee6343dc4b73'}
        Body: {"subnet_id": "6b03575e-7aca-4bdb-8b36-a447b5b84412", "tenant_id": "642e35eb21ba49238bc146201354bdbf", "subnet_ids": ["6b03575e-7aca-4bdb-8b36-a447b5b84412"], "port_id": "0d3bb5c4-2e29-453b-a39a-f848bf603a63", "id": "08070ae2-fce6-4220-be3b-7b973494980e"}
2016-01-22 11:49:25,916 14195 INFO     [tempest_lib.common.rest_client] Request (TestNetworkAdvancedServerOps:_run_cleanups): 204 DELETE http://10.4.1.3:9696/v2.0/subnets/6b03575e-7aca-4bdb-8b36-a447b5b84412 0.506s
2016-01-22 11:49:25,917 14195 DEBUG    [tempest_lib.common.rest_client] Request - Headers: {'Content-Type': 'application/json', 'Accept': 'application/json', 'X-Auth-Token': '&lt;omitted&gt;'}
        Body: None
    Response - Headers: {'date': 'Fri, 22 Jan 2016 11:49:25 GMT', 'status': '204', 'connection': 'close', 'content-length': '0', 'x-openstack-request-id': 'req-1ba7051b-f6b4-4110-bb73-9444ec7e74dc'}
        Body: 
2016-01-22 11:49:25,973 14195 INFO     [tempest_lib.common.rest_client] Request (TestNetworkAdvancedServerOps:_run_cleanups): 200 GET http://10.4.1.3:9696/v2.0/routers/08070ae2-fce6-4220-be3b-7b973494980e 0.055s
2016-01-22 11:49:25,974 14195 DEBUG    [tempest_lib.common.rest_client] Request - Headers: {'Content-Type': 'application/json', 'Accept': 'application/json', 'X-Auth-Token': '&lt;omitted&gt;'}
        Body: None
    Response - Headers: {'status': '200', 'content-length': '564', 'content-location': 'http://10.4.1.3:9696/v2.0/routers/08070ae2-fce6-4220-be3b-7b973494980e', 'connection': 'close', 'date': 'Fri, 22 Jan 2016 11:49:25 GMT', 'content-type': 'application/json; charset=UTF-8', 'x-openstack-request-id': 'req-401c5745-974b-43f0-9e98-4e9ee14dcf96'}
        Body: {"router": {"status": "ACTIVE", "external_gateway_info": {"network_id": "1fde070c-3f2a-42c3-ae78-cf2a652b94a8", "enable_snat": true, "external_fixed_ips": [{"subnet_id": "19f4df95-eb60-4a71-b2dc-ee05adf71e24", "ip_address": "172.24.4.3"}, {"subnet_id": "3029f912-9f33-412a-a43c-52de9431bcd7", "ip_address": "2001:db8::4"}]}, "availability_zone_hints": [], "availability_zones": ["nova"], "name": "tempest-router-smoke-1379242572", "admin_state_up": true, "tenant_id": "642e35eb21ba49238bc146201354bdbf", "routes": [], "id": "08070ae2-fce6-4220-be3b-7b973494980e"}}
2016-01-22 11:49:26,546 14195 INFO     [tempest_lib.common.rest_client] Request (TestNetworkAdvancedServerOps:_run_cleanups): 200 PUT http://10.4.1.3:9696/v2.0/routers/08070ae2-fce6-4220-be3b-7b973494980e 0.571s
2016-01-22 11:49:26,546 14195 DEBUG    [tempest_lib.common.rest_client] Request - Headers: {'Content-Type': 'application/json', 'Accept': 'application/json', 'X-Auth-Token': '&lt;omitted&gt;'}
        Body: {"router": {"external_gateway_info": {}, "name": "tempest-router-smoke-1379242572", "admin_state_up": true}}
    Response - Headers: {'status': '200', 'content-length': '302', 'connection': 'close', 'date': 'Fri, 22 Jan 2016 11:49:26 GMT', 'content-type': 'application/json; charset=UTF-8', 'x-openstack-request-id': 'req-ecb6d38e-85d9-4583-b574-b3623d3fa254'}
        Body: {"router": {"status": "ACTIVE", "external_gateway_info": null, "availability_zone_hints": [], "availability_zones": ["nova"], "name": "tempest-router-smoke-1379242572", "admin_state_up": true, "tenant_id": "642e35eb21ba49238bc146201354bdbf", "routes": [], "id": "08070ae2-fce6-4220-be3b-7b973494980e"}}
2016-01-22 11:49:26,795 14195 INFO     [tempest_lib.common.rest_client] Request (TestNetworkAdvancedServerOps:_run_cleanups): 204 DELETE http://10.4.1.3:9696/v2.0/routers/08070ae2-fce6-4220-be3b-7b973494980e 0.247s
2016-01-22 11:49:26,795 14195 DEBUG    [tempest_lib.common.rest_client] Request - Headers: {'Content-Type': 'application/json', 'Accept': 'application/json', 'X-Auth-Token': '&lt;omitted&gt;'}
        Body: None
    Response - Headers: {'date': 'Fri, 22 Jan 2016 11:49:26 GMT', 'status': '204', 'connection': 'close', 'content-length': '0', 'x-openstack-request-id': 'req-9849c369-4bb7-40e8-b326-7c1647bed2ee'}
        Body: 
2016-01-22 11:49:27,131 14195 INFO     [tempest_lib.common.rest_client] Request (TestNetworkAdvancedServerOps:_run_cleanups): 204 DELETE http://10.4.1.3:9696/v2.0/networks/c8327314-93e1-49f0-9959-b14ef2f0d869 0.335s
2016-01-22 11:49:27,132 14195 DEBUG    [tempest_lib.common.rest_client] Request - Headers: {'Content-Type': 'application/json', 'Accept': 'application/json', 'X-Auth-Token': '&lt;omitted&gt;'}
        Body: None
    Response - Headers: {'date': 'Fri, 22 Jan 2016 11:49:27 GMT', 'status': '204', 'connection': 'close', 'content-length': '0', 'x-openstack-request-id': 'req-9f5fb112-4332-40b6-b503-c9491c5cfb4d'}
        Body: 
2016-01-22 11:49:27,193 14195 INFO     [tempest_lib.common.rest_client] Request (TestNetworkAdvancedServerOps:_run_cleanups): 204 DELETE http://10.4.1.3:9696/v2.0/security-group-rules/f0794e3d-7e18-4fc5-9626-252641ff1629 0.060s
2016-01-22 11:49:27,193 14195 DEBUG    [tempest_lib.common.rest_client] Request - Headers: {'Content-Type': 'application/json', 'Accept': 'application/json', 'X-Auth-Token': '&lt;omitted&gt;'}
        Body: None
    Response - Headers: {'date': 'Fri, 22 Jan 2016 11:49:27 GMT', 'status': '204', 'connection': 'close', 'content-length': '0', 'x-openstack-request-id': 'req-0fbfcc6a-255d-4c0b-b553-d61cee33e0a4'}
        Body: 
2016-01-22 11:49:27,269 14195 INFO     [tempest_lib.common.rest_client] Request (TestNetworkAdvancedServerOps:_run_cleanups): 204 DELETE http://10.4.1.3:9696/v2.0/security-group-rules/5f4df2fb-66a3-40ff-89f0-2fcbc36bd2a0 0.075s
2016-01-22 11:49:27,270 14195 DEBUG    [tempest_lib.common.rest_client] Request - Headers: {'Content-Type': 'application/json', 'Accept': 'application/json', 'X-Auth-Token': '&lt;omitted&gt;'}
        Body: None
    Response - Headers: {'date': 'Fri, 22 Jan 2016 11:49:27 GMT', 'status': '204', 'connection': 'close', 'content-length': '0', 'x-openstack-request-id': 'req-9d8e2240-7fd9-42c7-9852-a04f66ed691c'}
        Body: 
2016-01-22 11:49:27,339 14195 INFO     [tempest_lib.common.rest_client] Request (TestNetworkAdvancedServerOps:_run_cleanups): 204 DELETE http://10.4.1.3:9696/v2.0/security-group-rules/79958e92-ba50-41b8-8544-43aba3554d3a 0.068s
2016-01-22 11:49:27,340 14195 DEBUG    [tempest_lib.common.rest_client] Request - Headers: {'Content-Type': 'application/json', 'Accept': 'application/json', 'X-Auth-Token': '&lt;omitted&gt;'}
        Body: None
    Response - Headers: {'date': 'Fri, 22 Jan 2016 11:49:27 GMT', 'status': '204', 'connection': 'close', 'content-length': '0', 'x-openstack-request-id': 'req-aceb4628-1c99-47e9-b53a-efed4c301029'}
        Body: 
2016-01-22 11:49:27,411 14195 INFO     [tempest_lib.common.rest_client] Request (TestNetworkAdvancedServerOps:_run_cleanups): 204 DELETE http://10.4.1.3:9696/v2.0/security-group-rules/3e3f1d84-7dcb-47fe-afc8-ee7c425e280c 0.069s
2016-01-22 11:49:27,411 14195 DEBUG    [tempest_lib.common.rest_client] Request - Headers: {'Content-Type': 'application/json', 'Accept': 'application/json', 'X-Auth-Token': '&lt;omitted&gt;'}
        Body: None
    Response - Headers: {'date': 'Fri, 22 Jan 2016 11:49:27 GMT', 'status': '204', 'connection': 'close', 'content-length': '0', 'x-openstack-request-id': 'req-42505929-3335-4cf4-ab19-e29a72877c03'}
        Body: 
2016-01-22 11:49:27,482 14195 INFO     [tempest_lib.common.rest_client] Request (TestNetworkAdvancedServerOps:_run_cleanups): 204 DELETE http://10.4.1.3:9696/v2.0/security-group-rules/888636e4-671e-40b7-ab04-a7e47e43c0b1 0.070s
2016-01-22 11:49:27,483 14195 DEBUG    [tempest_lib.common.rest_client] Request - Headers: {'Content-Type': 'application/json', 'Accept': 'application/json', 'X-Auth-Token': '&lt;omitted&gt;'}
        Body: None
    Response - Headers: {'date': 'Fri, 22 Jan 2016 11:49:27 GMT', 'status': '204', 'connection': 'close', 'content-length': '0', 'x-openstack-request-id': 'req-3ec4c31a-7806-4fad-ba20-16ce6c0ed976'}
        Body: 
2016-01-22 11:49:27,559 14195 INFO     [tempest_lib.common.rest_client] Request (TestNetworkAdvancedServerOps:_run_cleanups): 204 DELETE http://10.4.1.3:9696/v2.0/security-group-rules/e1d4665e-7fc7-4432-b784-a24a67fc0284 0.074s
2016-01-22 11:49:27,560 14195 DEBUG    [tempest_lib.common.rest_client] Request - Headers: {'Content-Type': 'application/json', 'Accept': 'application/json', 'X-Auth-Token': '&lt;omitted&gt;'}
        Body: None
    Response - Headers: {'date': 'Fri, 22 Jan 2016 11:49:27 GMT', 'status': '204', 'connection': 'close', 'content-length': '0', 'x-openstack-request-id': 'req-59b00501-9f3d-4fe8-9a2f-411b76bfb02f'}
        Body: 
2016-01-22 11:49:27,662 14195 INFO     [tempest_lib.common.rest_client] Request (TestNetworkAdvancedServerOps:_run_cleanups): 204 DELETE http://10.4.1.3:9696/v2.0/security-groups/2e6738d9-7ebf-4d94-89c5-e49df2cbc63f 0.102s
2016-01-22 11:49:27,663 14195 DEBUG    [tempest_lib.common.rest_client] Request - Headers: {'Content-Type': 'application/json', 'Accept': 'application/json', 'X-Auth-Token': '&lt;omitted&gt;'}
        Body: None
    Response - Headers: {'date': 'Fri, 22 Jan 2016 11:49:27 GMT', 'status': '204', 'connection': 'close', 'content-length': '0', 'x-openstack-request-id': 'req-f9254b68-5357-4366-837b-0af9ab1f16e1'}
        Body: 
2016-01-22 11:49:27,687 14195 INFO     [tempest_lib.common.rest_client] Request (TestNetworkAdvancedServerOps:_run_cleanups): 202 DELETE http://10.4.1.3:8774/v2.1/642e35eb21ba49238bc146201354bdbf/os-keypairs/tempest-TestNetworkAdvancedServerOps-1341336121 0.023s
2016-01-22 11:49:27,688 14195 DEBUG    [tempest_lib.common.rest_client] Request - Headers: {'Content-Type': 'application/json', 'Accept': 'application/json', 'X-Auth-Token': '&lt;omitted&gt;'}
        Body: None
    Response - Headers: {'status': '202', 'content-length': '0', 'x-compute-request-id': 'req-8c623f9f-02a9-4892-a798-113f462d6789', 'vary': 'X-OpenStack-Nova-API-Version', 'connection': 'close', 'x-openstack-nova-api-version': '2.1', 'date': 'Fri, 22 Jan 2016 11:49:27 GMT', 'content-type': 'application/json'}
        Body: 
2016-01-22 11:49:27,788 14195 INFO     [tempest_lib.common.rest_client] Request (TestNetworkAdvancedServerOps:_run_cleanups): 404 GET http://10.4.1.3:8774/v2.1/642e35eb21ba49238bc146201354bdbf/servers/fd38f674-4693-4706-87d5-450f416876ac 0.099s
2016-01-22 11:49:27,789 14195 DEBUG    [tempest_lib.common.rest_client] Request - Headers: {'Content-Type': 'application/json', 'Accept': 'application/json', 'X-Auth-Token': '&lt;omitted&gt;'}
        Body: None
    Response - Headers: {'status': '404', 'content-length': '111', 'x-compute-request-id': 'req-05059a7a-9546-437b-a180-27f20816d0ec', 'vary': 'X-OpenStack-Nova-API-Version', 'connection': 'close', 'x-openstack-nova-api-version': '2.1', 'date': 'Fri, 22 Jan 2016 11:49:27 GMT', 'content-type': 'application/json; charset=UTF-8'}
        Body: {"itemNotFound": {"message": "Instance fd38f674-4693-4706-87d5-450f416876ac could not be found.", "code": 404}}
}}}

Traceback (most recent call last):
  File "tempest/test.py", line 113, in wrapper
    return f(self, *func_args, **func_kwargs)
  File "tempest/scenario/test_network_advanced_server_ops.py", line 132, in test_server_connectivity_pause_unpause
    server, keypair, floating_ip = self._setup_network_and_servers()
  File "tempest/scenario/test_network_advanced_server_ops.py", line 69, in _setup_network_and_servers
    server, keypair, floating_ip)
  File "tempest/scenario/test_network_advanced_server_ops.py", line 93, in _wait_server_status_and_check_network_connectivity
    self._check_network_connectivity(server, keypair, floating_ip)
  File "tempest/scenario/test_network_advanced_server_ops.py", line 86, in _check_network_connectivity
    servers=[server])
  File "tempest/scenario/manager.py", line 608, in check_public_network_connectivity
    should_connect=should_connect)
  File "tempest/scenario/manager.py", line 592, in check_vm_connectivity
    msg=msg)
  File "/usr/local/lib/python2.7/dist-packages/unittest2/case.py", line 702, in assertTrue
    raise self.failureException(msg)
AssertionError: False is not true : Timed out waiting for 172.24.4.4 to become reachable



        </pre>
    </div>
    <!--css div popup end-->

    </td>
</tr>

<tr id='ft1.2' class='none'>
    <td class='failCase'><div class='testcase'>test_server_connectivity_reboot[compute,id-7b6860c2-afa3-4846-9522-adeb38dfbe08,network]</div></td>
    <td colspan='7' align='left'>

    <!--css div popup start-->
    <a class="popup_link" onfocus='this.blur();'
    href="javascript:showTestDetail('div_ft1.2')" >
        fail</a>

    <div id='div_ft1.2' class="popup_window">
        <div style='text-align: right; color:red;cursor:pointer'>
        <a onfocus='this.blur();'
onclick="document.getElementById('div_ft1.2').style.display = 'none' " >
           [x]</a>
        </div>
        <pre>
        
ft1.2: tempest.scenario.test_network_advanced_server_ops.TestNetworkAdvancedServerOps.test_server_connectivity_reboot[compute,id-7b6860c2-afa3-4846-9522-adeb38dfbe08,network]_StringException: Empty attachments:
  stderr
  stdout

pythonlogging:'': {{{
2016-01-22 11:49:28,061 14195 INFO     [tempest_lib.common.rest_client] Request (TestNetworkAdvancedServerOps:test_server_connectivity_reboot): 200 POST http://10.4.1.3:8774/v2.1/642e35eb21ba49238bc146201354bdbf/os-keypairs 0.253s
