<?xml version="1.0" encoding="UTF-8"?>
<!DOCTYPE html PUBLIC "-//W3C//DTD XHTML 1.0 Strict//EN"
     "http://www.w3.org/TR/xhtml1/DTD/xhtml1-strict.dtd">
<html xmlns="http://www.w3.org/1999/xhtml">
<head>
    <title>Unit Test Report</title>
    <meta name="generator" content="subunit2html 0.1"/>
    <meta http-equiv="Content-Type" content="text/html; charset=UTF-8"/>
    
<style type="text/css" media="screen">
body        { font-family: verdana, arial, helvetica, sans-serif;
    font-size: 80%; }
table       { font-size: 100%; width: 100%;}
pre         { font-size: 80%; }

/* -- heading -------------------------------------------------------------- */
h1 {
        font-size: 16pt;
        color: gray;
}
.heading {
    margin-top: 0ex;
    margin-bottom: 1ex;
}

.heading .attribute {
    margin-top: 1ex;
    margin-bottom: 0;
}

.heading .description {
    margin-top: 4ex;
    margin-bottom: 6ex;
}

/* -- css div popup -------------------------------------------------------- */
a.popup_link {
}

a.popup_link:hover {
    color: red;
}

.popup_window {
    display: none;
    overflow-x: scroll;
    /*border: solid #627173 1px; */
    padding: 10px;
    background-color: #E6E6D6;
    font-family: "Ubuntu Mono", "Lucida Console", "Courier New", monospace;
    text-align: left;
    font-size: 8pt;
}

}
/* -- report --------------------------------------------------------------- */
#show_detail_line {
    margin-top: 3ex;
    margin-bottom: 1ex;
}
#result_table {
    width: 100%;
    border-collapse: collapse;
    border: 1px solid #777;
}
#header_row {
    font-weight: bold;
    color: white;
    background-color: #777;
}
#result_table td {
    border: 1px solid #777;
    padding: 2px;
}
#total_row  { font-weight: bold; }
.passClass  { background-color: #6c6; }
.failClass  { background-color: #c60; }
.errorClass { background-color: #c00; }
.passCase   { color: #6c6; }
.failCase   { color: #c60; font-weight: bold; }
.errorCase  { color: #c00; font-weight: bold; }
.hiddenRow  { display: none; }
.testcase   { margin-left: 2em; }
td.testname {width: 40%}
td.small {width: 40px}

/* -- ending --------------------------------------------------------------- */
#ending {
}

</style>

</head>
<body>
<script language="javascript" type="text/javascript"><!--
output_list = Array();

/* level - 0:Summary; 1:Failed; 2:All */
function showCase(level) {
    trs = document.getElementsByTagName("tr");
    for (var i = 0; i < trs.length; i++) {
        tr = trs[i];
        id = tr.id;
        if (id.substr(0,2) == 'ft') {
            if (level < 1) {
                tr.className = 'hiddenRow';
            }
            else {
                tr.className = '';
            }
        }
        if (id.substr(0,2) == 'pt') {
            if (level > 1) {
                tr.className = '';
            }
            else {
                tr.className = 'hiddenRow';
            }
        }
    }
}


function showClassDetail(cid, count) {
    var id_list = Array(count);
    var toHide = 1;
    for (var i = 0; i < count; i++) {
        tid0 = 't' + cid.substr(1) + '.' + (i+1);
        tid = 'f' + tid0;
        tr = document.getElementById(tid);
        if (!tr) {
            tid = 'p' + tid0;
            tr = document.getElementById(tid);
        }
        id_list[i] = tid;
        if (tr.className) {
            toHide = 0;
        }
    }
    for (var i = 0; i < count; i++) {
        tid = id_list[i];
        if (toHide) {
            document.getElementById('div_'+tid).style.display = 'none'
            document.getElementById(tid).className = 'hiddenRow';
        }
        else {
            document.getElementById(tid).className = '';
        }
    }
}


function showTestDetail(div_id){
    var details_div = document.getElementById(div_id)
    var displayState = details_div.style.display
    // alert(displayState)
    if (displayState != 'block' ) {
        displayState = 'block'
        details_div.style.display = 'block'
    }
    else {
        details_div.style.display = 'none'
    }
}


function html_escape(s) {
    s = s.replace(/&/g,'&amp;');
    s = s.replace(/</g,'&lt;');
    s = s.replace(/>/g,'&gt;');
    return s;
}

/* obsoleted by detail in <div>
function showOutput(id, name) {
    var w = window.open("", //url
                    name,
                    "resizable,scrollbars,status,width=800,height=450");
    d = w.document;
    d.write("<pre>");
    d.write(html_escape(output_list[id]));
    d.write("\n");
    d.write("<a href='javascript:window.close()'>close</a>\n");
    d.write("</pre>\n");
    d.close();
}
*/
--></script>

<div class='heading'>
<h1>Unit Test Report</h1>

<p class='attribute'><strong>Status:</strong> Failure 6</p>

<p class='description'></p>
</div>



<p id='show_detail_line'>Show
<a href='javascript:showCase(0)'>Summary</a>
<a href='javascript:showCase(1)'>Failed</a>
<a href='javascript:showCase(2)'>All</a>
</p>
<table id='result_table'>
<colgroup>
<col align='left' />
<col align='right' />
<col align='right' />
<col align='right' />
<col align='right' />
<col align='right' />
<col align='right' />
<col align='right' />
</colgroup>
<tr id='header_row'>
    <td>Test Group/Test case</td>
    <td>Count</td>
    <td>Pass</td>
    <td>Fail</td>
    <td>Error</td>
    <td>Skip</td>
    <td>View</td>
    <td> </td>
</tr>

<tr class='failClass'>
    <td class="testname">tempest.scenario.test_network_advanced_server_ops.TestNetworkAdvancedServerOps</td>
    <td class="small">6</td>
    <td class="small">0</td>
    <td class="small">6</td>
    <td class="small">0</td>
    <td class="small">0</td>
    <td class="small"><a href="javascript:showClassDetail('c1',6)"
>Detail</a></td>
    <td> </td>
</tr>

<tr id='ft1.1' class='none'>
    <td class='failCase'><div class='testcase'>test_server_connectivity_pause_unpause[compute,id-2b2642db-6568-4b35-b812-eceed3fa20ce,network]</div></td>
    <td colspan='7' align='left'>

    <!--css div popup start-->
    <a class="popup_link" onfocus='this.blur();'
    href="javascript:showTestDetail('div_ft1.1')" >
        fail</a>

    <div id='div_ft1.1' class="popup_window">
        <div style='text-align: right; color:red;cursor:pointer'>
        <a onfocus='this.blur();'
onclick="document.getElementById('div_ft1.1').style.display = 'none' " >
           [x]</a>
        </div>
        <pre>
        
ft1.1: tempest.scenario.test_network_advanced_server_ops.TestNetworkAdvancedServerOps.test_server_connectivity_pause_unpause[compute,id-2b2642db-6568-4b35-b812-eceed3fa20ce,network]_StringException: Empty attachments:
  stderr
  stdout

pythonlogging:'': {{{
2015-12-06 08:46:19,588 20390 INFO     [tempest_lib.common.rest_client] Request (TestNetworkAdvancedServerOps:test_server_connectivity_pause_unpause): 200 POST http://10.0.2.15:8774/v2.1/9785ae814af24514851f35c5b9e42a5e/os-keypairs 0.558s
2015-12-06 08:46:19,589 20390 DEBUG    [tempest_lib.common.rest_client] Request - Headers: {'Content-Type': 'application/json', 'Accept': 'application/json', 'X-Auth-Token': '&lt;omitted&gt;'}
        Body: {"keypair": {"name": "tempest-TestNetworkAdvancedServerOps-708398740"}}
    Response - Headers: {'status': '200', 'content-length': '2329', 'x-compute-request-id': 'req-21ddf138-b31f-4043-88cc-abaf79300337', 'vary': 'X-OpenStack-Nova-API-Version', 'connection': 'close', 'x-openstack-nova-api-version': '2.1', 'date': 'Sun, 06 Dec 2015 08:46:19 GMT', 'content-type': 'application/json'}
        Body: {"keypair": {"public_key": "ssh-rsa AAAAB3NzaC1yc2EAAAADAQABAAABAQCKj1lj6k0wMIvHb2U+LC3+kC/yoZzmWrBYBzQbYQPQrf1aunnMDgSOksp3oUzbPgzR+Nf8v14apXu709v84/1rips4goN8dryXdsiNWcDrx4OU8qoxUt1utHX5xmcrd7G6+PwnKoSJti/xX0TXEF0K4OVXPUVy4zMx8fnCTMeq6b2ZDsjD9ouJw5KpkVweh2Lg0PgRRRJ8MHwqhzIO5zC89bpTG0DrSq3bR86iOene0PXSlqycP6iLqlhoq+iSt0B8H+AlgbONbPc3A7u6F5aTIdIsanfAKCujPbimq3pd8R7QB4mWUpeTiRVdkO9GQxvJ5ezSM3tg8aQHmTXAIKwj Generated-by-Nova", "private_key": "-----BEGIN RSA PRIVATE KEY-----\nMIIEqQIBAAKCAQEAio9ZY+pNMDCLx29lPiwt/pAv8qGc5lqwWAc0G2ED0K39Wrp5\nzA4EjpLKd6FM2z4M0fjX/L9eGqV7u9Pb/OP9a4qbOIKDfHa8l3bIjVnA68eDlPKq\nMVLdbrR1+cZnK3exuvj8JyqEibYv8V9E1xBdCuDlVz1FcuMzMfH5wkzHqum9mQ7I\nw/aLicOSqZFcHodi4ND4EUUSfDB8KocyDucwvPW6UxtA60qt20fOojnp3tD10pas\nnD+oi6pYaKvokrdAfB/gJYGzjWz3NwO7uheWkyHSLGp3wCgroz24pqt6XfEe0AeJ\nllKXk4kVXZDvRkMbyeXs0jN7YPGkB5k1wCCsIwIDAQABAoIBACCS6LHrkC/nCcVd\n89A09K8m2I7S3Z7t7Q0UzHQvT4VMkgY1VpLZLMsTyVNscTQNl1f5h1Vc69OZ2cfj\nW5FNS/NvR2R2klC9XULCYw2P7yG+6rkmf0pPL81p0V5h/Tkjz32kMStH/JafZQ/6\nlKV2rFj1XBUxS1ViAlQYjd3WzQ3pwtwWR53zp/wkRxWaIYg7i/D+wmM2527hfAsS\nSgi+FFoLDj0ekX2x4JVx/CoNfYgacgTHd3/baXHbrQAHWZ8F6l+Bl7rFn3xrJ14Q\nFmXeqPrn1cYb8bEOjKv0VdniliXc9phzCCrp/+F6RnuBa2Ux1tauwwD0PGONS3IO\nVm2dOYkCggCBALgHmDZ4d7FKL6qHsj1bZ83CPZwwH3NwMnW+57sWJ2nDY57eq9Im\nufzPQu0LOLh1MHGhAELaq4vHGvov0aCNgaLlogrxSPTENnpkGHVlV+oufLZUeXCT\nFLWDDduqq1r9GsjDdfRvkAiaIwivjYXRsqBuEjWfNltrr1gZbSN21KW1AoIAgQDA\nv3yXYCC5lcJ6J3evNtFrNJA2T8Dva9EuI7zBtYlGmVd7YASELmbhrRVannALSTn+\npgowAsOP6TZoxy2Qzt3k4R0f89iaEHeszoqhIyIGZEQPob7RfYadFNrX4TEfQSYm\noyXAlgiMOYQ5esnSuRWKdC0Dpz7mtBSR5M3vS1AxdwKCAIEAr9DxpviowYRyzaUe\nsGfnYDi2y8VeBtemHb/pfF/J/81gG6P426mL/u+0rOsPoYq0YZrDuRtY0Q3DxEpz\nJ8SJmatxiKrEXLQop/2BMIdF2sHW/ArwipC6ND+kubzwQNmXAT9cLc939//qgJ3X\nw4V39rWyR/B36heTScPg9QTOXBECggCAI4ipvXZ5Uf1r9v0jsWeXv/3WwEx/syPb\nUnhAKi3/esZ2PEZ9TqkHSn+QOj6PRWVgjbOqmSNJTlSeNT7TBak9ex6NMgDQY8a5\naWBCamaBtU/yxDb7aL+Ne5QGrFnVpn9qOyFEqnZ+aOuJltcuMezxLa8xRUUl8X4t\ndKAL3xuxUw0CggCBAIqdgywvv/ayPNepnBBfLmeVTee2BD6QPwegHG2s2L+1V1Fn\nfNdqwuO2KIL8Bx4JT2SLS6TCocDDvkeK2cafeMbMs1SR+hP7aCg+Fw53M9lp8AIL\nnt4zGvRrIdTy5YlawsSp9kSrZi1dbXZJjM1KwN9tqy+44dtRAlCCqyzLW8T3\n-----END RSA PRIVATE KEY-----\n", "user_id": "c4adf191c071457e8498484ed61e2954", "name": "tempest-TestNetworkAdvancedServerOps-708398740", "fingerprint": "b6:3a:57:a7:9d:3c:c3:74:6e:4a:25:74:52:7d:bf:c3"}}
2015-12-06 08:46:19,935 20390 INFO     [tempest_lib.common.rest_client] Request (TestNetworkAdvancedServerOps:test_server_connectivity_pause_unpause): 201 POST http://10.0.2.15:9696/v2.0/security-groups 0.341s
2015-12-06 08:46:19,936 20390 DEBUG    [tempest_lib.common.rest_client] Request - Headers: {'Content-Type': 'application/json', 'Accept': 'application/json', 'X-Auth-Token': '&lt;omitted&gt;'}
        Body: {"security_group": {"tenant_id": "9785ae814af24514851f35c5b9e42a5e", "description": "tempest-secgroup-smoke-1067547659 description", "name": "tempest-secgroup-smoke-1067547659"}}
    Response - Headers: {'status': '201', 'content-length': '888', 'connection': 'close', 'date': 'Sun, 06 Dec 2015 08:46:19 GMT', 'content-type': 'application/json; charset=UTF-8', 'x-openstack-request-id': 'req-f389e7c2-e4d8-4299-993c-c9014f3db49d'}
        Body: {"security_group": {"tenant_id": "9785ae814af24514851f35c5b9e42a5e", "description": "tempest-secgroup-smoke-1067547659 description", "id": "32bda64c-48e0-4073-8426-1fd7f3bea63b", "security_group_rules": [{"remote_group_id": null, "direction": "egress", "remote_ip_prefix": null, "protocol": null, "ethertype": "IPv4", "tenant_id": "9785ae814af24514851f35c5b9e42a5e", "port_range_max": null, "port_range_min": null, "id": "8d9eb12f-0a44-4188-a125-1b03d7566bc8", "security_group_id": "32bda64c-48e0-4073-8426-1fd7f3bea63b"}, {"remote_group_id": null, "direction": "egress", "remote_ip_prefix": null, "protocol": null, "ethertype": "IPv6", "tenant_id": "9785ae814af24514851f35c5b9e42a5e", "port_range_max": null, "port_range_min": null, "id": "47a9d805-2457-4ec9-bdf5-b276bf37bc11", "security_group_id": "32bda64c-48e0-4073-8426-1fd7f3bea63b"}], "name": "tempest-secgroup-smoke-1067547659"}}
2015-12-06 08:46:20,056 20390 INFO     [tempest_lib.common.rest_client] Request (TestNetworkAdvancedServerOps:test_server_connectivity_pause_unpause): 201 POST http://10.0.2.15:9696/v2.0/security-group-rules 0.119s
2015-12-06 08:46:20,056 20390 DEBUG    [tempest_lib.common.rest_client] Request - Headers: {'Content-Type': 'application/json', 'Accept': 'application/json', 'X-Auth-Token': '&lt;omitted&gt;'}
        Body: {"security_group_rule": {"direction": "ingress", "protocol": "tcp", "tenant_id": "9785ae814af24514851f35c5b9e42a5e", "port_range_max": 22, "security_group_id": "32bda64c-48e0-4073-8426-1fd7f3bea63b", "port_range_min": 22}}
    Response - Headers: {'status': '201', 'content-length': '340', 'connection': 'close', 'date': 'Sun, 06 Dec 2015 08:46:20 GMT', 'content-type': 'application/json; charset=UTF-8', 'x-openstack-request-id': 'req-dfdf221c-50bb-4063-85c5-0850d582a4e2'}
        Body: {"security_group_rule": {"remote_group_id": null, "direction": "ingress", "remote_ip_prefix": null, "protocol": "tcp", "ethertype": "IPv4", "tenant_id": "9785ae814af24514851f35c5b9e42a5e", "port_range_max": 22, "port_range_min": 22, "id": "01be5444-de50-4185-b90e-b31343952dea", "security_group_id": "32bda64c-48e0-4073-8426-1fd7f3bea63b"}}
2015-12-06 08:46:20,173 20390 INFO     [tempest_lib.common.rest_client] Request (TestNetworkAdvancedServerOps:test_server_connectivity_pause_unpause): 201 POST http://10.0.2.15:9696/v2.0/security-group-rules 0.116s
2015-12-06 08:46:20,174 20390 DEBUG    [tempest_lib.common.rest_client] Request - Headers: {'Content-Type': 'application/json', 'Accept': 'application/json', 'X-Auth-Token': '&lt;omitted&gt;'}
        Body: {"security_group_rule": {"direction": "egress", "protocol": "tcp", "tenant_id": "9785ae814af24514851f35c5b9e42a5e", "port_range_max": 22, "security_group_id": "32bda64c-48e0-4073-8426-1fd7f3bea63b", "port_range_min": 22}}
    Response - Headers: {'status': '201', 'content-length': '339', 'connection': 'close', 'date': 'Sun, 06 Dec 2015 08:46:20 GMT', 'content-type': 'application/json; charset=UTF-8', 'x-openstack-request-id': 'req-c41d92c4-f50b-4289-832f-cbccbf5ef10f'}
        Body: {"security_group_rule": {"remote_group_id": null, "direction": "egress", "remote_ip_prefix": null, "protocol": "tcp", "ethertype": "IPv4", "tenant_id": "9785ae814af24514851f35c5b9e42a5e", "port_range_max": 22, "port_range_min": 22, "id": "c9005db8-210b-4291-b541-26cc2fdf097d", "security_group_id": "32bda64c-48e0-4073-8426-1fd7f3bea63b"}}
2015-12-06 08:46:20,307 20390 INFO     [tempest_lib.common.rest_client] Request (TestNetworkAdvancedServerOps:test_server_connectivity_pause_unpause): 201 POST http://10.0.2.15:9696/v2.0/security-group-rules 0.131s
2015-12-06 08:46:20,307 20390 DEBUG    [tempest_lib.common.rest_client] Request - Headers: {'Content-Type': 'application/json', 'Accept': 'application/json', 'X-Auth-Token': '&lt;omitted&gt;'}
        Body: {"security_group_rule": {"tenant_id": "9785ae814af24514851f35c5b9e42a5e", "direction": "ingress", "protocol": "icmp", "security_group_id": "32bda64c-48e0-4073-8426-1fd7f3bea63b"}}
    Response - Headers: {'status': '201', 'content-length': '345', 'connection': 'close', 'date': 'Sun, 06 Dec 2015 08:46:20 GMT', 'content-type': 'application/json; charset=UTF-8', 'x-openstack-request-id': 'req-89ac05bc-68f5-4659-a8d8-00fdcac2af7e'}
        Body: {"security_group_rule": {"remote_group_id": null, "direction": "ingress", "remote_ip_prefix": null, "protocol": "icmp", "ethertype": "IPv4", "tenant_id": "9785ae814af24514851f35c5b9e42a5e", "port_range_max": null, "port_range_min": null, "id": "aa3570c5-3ab0-49c7-932e-769b2a2bed58", "security_group_id": "32bda64c-48e0-4073-8426-1fd7f3bea63b"}}
2015-12-06 08:46:20,431 20390 INFO     [tempest_lib.common.rest_client] Request (TestNetworkAdvancedServerOps:test_server_connectivity_pause_unpause): 201 POST http://10.0.2.15:9696/v2.0/security-group-rules 0.123s
2015-12-06 08:46:20,432 20390 DEBUG    [tempest_lib.common.rest_client] Request - Headers: {'Content-Type': 'application/json', 'Accept': 'application/json', 'X-Auth-Token': '&lt;omitted&gt;'}
        Body: {"security_group_rule": {"tenant_id": "9785ae814af24514851f35c5b9e42a5e", "direction": "egress", "protocol": "icmp", "security_group_id": "32bda64c-48e0-4073-8426-1fd7f3bea63b"}}
    Response - Headers: {'status': '201', 'content-length': '344', 'connection': 'close', 'date': 'Sun, 06 Dec 2015 08:46:20 GMT', 'content-type': 'application/json; charset=UTF-8', 'x-openstack-request-id': 'req-1829ba3f-8efa-45f7-9dda-e4a1a5248a92'}
        Body: {"security_group_rule": {"remote_group_id": null, "direction": "egress", "remote_ip_prefix": null, "protocol": "icmp", "ethertype": "IPv4", "tenant_id": "9785ae814af24514851f35c5b9e42a5e", "port_range_max": null, "port_range_min": null, "id": "42a6cad7-be62-4c7c-9328-03ca3a16a157", "security_group_id": "32bda64c-48e0-4073-8426-1fd7f3bea63b"}}
2015-12-06 08:46:20,549 20390 INFO     [tempest_lib.common.rest_client] Request (TestNetworkAdvancedServerOps:test_server_connectivity_pause_unpause): 201 POST http://10.0.2.15:9696/v2.0/security-group-rules 0.116s
2015-12-06 08:46:20,550 20390 DEBUG    [tempest_lib.common.rest_client] Request - Headers: {'Content-Type': 'application/json', 'Accept': 'application/json', 'X-Auth-Token': '&lt;omitted&gt;'}
        Body: {"security_group_rule": {"tenant_id": "9785ae814af24514851f35c5b9e42a5e", "direction": "ingress", "security_group_id": "32bda64c-48e0-4073-8426-1fd7f3bea63b", "protocol": "icmp", "ethertype": "IPv6"}}
    Response - Headers: {'status': '201', 'content-length': '345', 'connection': 'close', 'date': 'Sun, 06 Dec 2015 08:46:20 GMT', 'content-type': 'application/json; charset=UTF-8', 'x-openstack-request-id': 'req-b55912d3-b214-4073-9274-a3412cefa40b'}
        Body: {"security_group_rule": {"remote_group_id": null, "direction": "ingress", "remote_ip_prefix": null, "protocol": "icmp", "ethertype": "IPv6", "tenant_id": "9785ae814af24514851f35c5b9e42a5e", "port_range_max": null, "port_range_min": null, "id": "a3a1efdb-0dae-4f2c-8ce1-4d9537cbf999", "security_group_id": "32bda64c-48e0-4073-8426-1fd7f3bea63b"}}
2015-12-06 08:46:20,677 20390 INFO     [tempest_lib.common.rest_client] Request (TestNetworkAdvancedServerOps:test_server_connectivity_pause_unpause): 201 POST http://10.0.2.15:9696/v2.0/security-group-rules 0.125s
2015-12-06 08:46:20,678 20390 DEBUG    [tempest_lib.common.rest_client] Request - Headers: {'Content-Type': 'application/json', 'Accept': 'application/json', 'X-Auth-Token': '&lt;omitted&gt;'}
        Body: {"security_group_rule": {"tenant_id": "9785ae814af24514851f35c5b9e42a5e", "direction": "egress", "security_group_id": "32bda64c-48e0-4073-8426-1fd7f3bea63b", "protocol": "icmp", "ethertype": "IPv6"}}
    Response - Headers: {'status': '201', 'content-length': '344', 'connection': 'close', 'date': 'Sun, 06 Dec 2015 08:46:20 GMT', 'content-type': 'application/json; charset=UTF-8', 'x-openstack-request-id': 'req-2a2b770d-7911-4171-8319-1f8c46bf299b'}
        Body: {"security_group_rule": {"remote_group_id": null, "direction": "egress", "remote_ip_prefix": null, "protocol": "icmp", "ethertype": "IPv6", "tenant_id": "9785ae814af24514851f35c5b9e42a5e", "port_range_max": null, "port_range_min": null, "id": "a0d1b3e5-41ae-430b-aa29-8a0b5f53d958", "security_group_id": "32bda64c-48e0-4073-8426-1fd7f3bea63b"}}
2015-12-06 08:46:20,864 20390 INFO     [tempest_lib.common.rest_client] Request (TestNetworkAdvancedServerOps:test_server_connectivity_pause_unpause): 201 POST http://10.0.2.15:9696/v2.0/networks 0.184s
2015-12-06 08:46:20,865 20390 DEBUG    [tempest_lib.common.rest_client] Request - Headers: {'Content-Type': 'application/json', 'Accept': 'application/json', 'X-Auth-Token': '&lt;omitted&gt;'}
        Body: {"network": {"tenant_id": "9785ae814af24514851f35c5b9e42a5e", "name": "tempest-network-smoke--55432166"}}
    Response - Headers: {'status': '201', 'content-length': '327', 'connection': 'close', 'date': 'Sun, 06 Dec 2015 08:46:20 GMT', 'content-type': 'application/json; charset=UTF-8', 'x-openstack-request-id': 'req-585b388d-be92-478f-bbe0-f34cae5b239e'}
        Body: {"network": {"status": "ACTIVE", "subnets": [], "availability_zone_hints": "[]", "name": "tempest-network-smoke--55432166", "admin_state_up": true, "tenant_id": "9785ae814af24514851f35c5b9e42a5e", "mtu": 0, "router:external": false, "shared": false, "port_security_enabled": true, "id": "01b90e06-96f7-416c-ae8d-39a6958ec484"}}
2015-12-06 08:46:21,050 20390 INFO     [tempest_lib.common.rest_client] Request (TestNetworkAdvancedServerOps:test_server_connectivity_pause_unpause): 201 POST http://10.0.2.15:9696/v2.0/routers 0.184s
2015-12-06 08:46:21,050 20390 DEBUG    [tempest_lib.common.rest_client] Request - Headers: {'Content-Type': 'application/json', 'Accept': 'application/json', 'X-Auth-Token': '&lt;omitted&gt;'}
        Body: {"router": {"tenant_id": "9785ae814af24514851f35c5b9e42a5e", "name": "tempest-router-smoke-1253289099", "admin_state_up": true}}
    Response - Headers: {'status': '201', 'content-length': '296', 'connection': 'close', 'date': 'Sun, 06 Dec 2015 08:46:21 GMT', 'content-type': 'application/json; charset=UTF-8', 'x-openstack-request-id': 'req-7bfae9d4-fbf7-4bee-871b-34616d849f46'}
        Body: {"router": {"status": "ACTIVE", "external_gateway_info": null, "availability_zone_hints": [], "availability_zones": [], "name": "tempest-router-smoke-1253289099", "admin_state_up": true, "tenant_id": "9785ae814af24514851f35c5b9e42a5e", "routes": [], "id": "f6d1a3af-0338-4300-9943-7179df8dfc8a"}}
2015-12-06 08:46:21,102 20390 INFO     [tempest_lib.common.rest_client] Request (TestNetworkAdvancedServerOps:test_server_connectivity_pause_unpause): 200 GET http://10.0.2.15:9696/v2.0/routers/f6d1a3af-0338-4300-9943-7179df8dfc8a 0.050s
2015-12-06 08:46:21,102 20390 DEBUG    [tempest_lib.common.rest_client] Request - Headers: {'Content-Type': 'application/json', 'Accept': 'application/json', 'X-Auth-Token': '&lt;omitted&gt;'}
        Body: None
    Response - Headers: {'status': '200', 'content-length': '296', 'content-location': 'http://10.0.2.15:9696/v2.0/routers/f6d1a3af-0338-4300-9943-7179df8dfc8a', 'connection': 'close', 'date': 'Sun, 06 Dec 2015 08:46:21 GMT', 'content-type': 'application/json; charset=UTF-8', 'x-openstack-request-id': 'req-657af143-4a56-407a-a278-513bb26563cb'}
        Body: {"router": {"status": "ACTIVE", "external_gateway_info": null, "availability_zone_hints": [], "availability_zones": [], "name": "tempest-router-smoke-1253289099", "admin_state_up": true, "tenant_id": "9785ae814af24514851f35c5b9e42a5e", "routes": [], "id": "f6d1a3af-0338-4300-9943-7179df8dfc8a"}}
2015-12-06 08:46:21,903 20390 INFO     [tempest_lib.common.rest_client] Request (TestNetworkAdvancedServerOps:test_server_connectivity_pause_unpause): 200 PUT http://10.0.2.15:9696/v2.0/routers/f6d1a3af-0338-4300-9943-7179df8dfc8a 0.800s
2015-12-06 08:46:21,903 20390 DEBUG    [tempest_lib.common.rest_client] Request - Headers: {'Content-Type': 'application/json', 'Accept': 'application/json', 'X-Auth-Token': '&lt;omitted&gt;'}
        Body: {"router": {"external_gateway_info": {"network_id": "5b1fd7ff-c424-4c9d-adc8-224b9a16ee20"}, "name": "tempest-router-smoke-1253289099", "admin_state_up": true}}
    Response - Headers: {'status': '200', 'content-length': '558', 'connection': 'close', 'date': 'Sun, 06 Dec 2015 08:46:21 GMT', 'content-type': 'application/json; charset=UTF-8', 'x-openstack-request-id': 'req-becb273b-a9a7-4802-bcb9-a5ef5c8f2a1f'}
        Body: {"router": {"status": "ACTIVE", "external_gateway_info": {"network_id": "5b1fd7ff-c424-4c9d-adc8-224b9a16ee20", "enable_snat": true, "external_fixed_ips": [{"subnet_id": "50341516-a819-4d27-8216-38222f3f0d02", "ip_address": "172.24.4.3"}, {"subnet_id": "408b09c8-8f5e-4ad3-b5d3-778d939727e8", "ip_address": "2001:db8::4"}]}, "availability_zone_hints": [], "availability_zones": [], "name": "tempest-router-smoke-1253289099", "admin_state_up": true, "tenant_id": "9785ae814af24514851f35c5b9e42a5e", "routes": [], "id": "f6d1a3af-0338-4300-9943-7179df8dfc8a"}}
2015-12-06 08:46:22,064 20390 INFO     [tempest_lib.common.rest_client] Request (TestNetworkAdvancedServerOps:test_server_connectivity_pause_unpause): 200 GET http://10.0.2.15:9696/v2.0/subnets?tenant_id=9785ae814af24514851f35c5b9e42a5e&amp;cidr=10.100.0.0%2F28 0.159s
2015-12-06 08:46:22,064 20390 DEBUG    [tempest_lib.common.rest_client] Request - Headers: {'Content-Type': 'application/json', 'Accept': 'application/json', 'X-Auth-Token': '&lt;omitted&gt;'}
        Body: None
    Response - Headers: {'status': '200', 'content-length': '15', 'content-location': 'http://10.0.2.15:9696/v2.0/subnets?tenant_id=9785ae814af24514851f35c5b9e42a5e&amp;cidr=10.100.0.0%2F28', 'connection': 'close', 'date': 'Sun, 06 Dec 2015 08:46:22 GMT', 'content-type': 'application/json; charset=UTF-8', 'x-openstack-request-id': 'req-9e3f93c7-40cb-4666-8961-bc455f541807'}
        Body: {"subnets": []}
2015-12-06 08:46:22,399 20390 INFO     [tempest_lib.common.rest_client] Request (TestNetworkAdvancedServerOps:test_server_connectivity_pause_unpause): 201 POST http://10.0.2.15:9696/v2.0/subnets 0.333s
2015-12-06 08:46:22,399 20390 DEBUG    [tempest_lib.common.rest_client] Request - Headers: {'Content-Type': 'application/json', 'Accept': 'application/json', 'X-Auth-Token': '&lt;omitted&gt;'}
        Body: {"subnet": {"ip_version": 4, "tenant_id": "9785ae814af24514851f35c5b9e42a5e", "cidr": "10.100.0.0/28", "network_id": "01b90e06-96f7-416c-ae8d-39a6958ec484", "name": "tempest-subnet-smoke-1243593476"}}
    Response - Headers: {'status': '201', 'content-length': '478', 'connection': 'close', 'date': 'Sun, 06 Dec 2015 08:46:22 GMT', 'content-type': 'application/json; charset=UTF-8', 'x-openstack-request-id': 'req-b28a9abf-80ea-4efc-b26b-0667ec66f507'}
        Body: {"subnet": {"name": "tempest-subnet-smoke-1243593476", "enable_dhcp": true, "network_id": "01b90e06-96f7-416c-ae8d-39a6958ec484", "tenant_id": "9785ae814af24514851f35c5b9e42a5e", "dns_nameservers": [], "gateway_ip": "10.100.0.1", "ipv6_ra_mode": null, "allocation_pools": [{"start": "10.100.0.2", "end": "10.100.0.14"}], "host_routes": [], "ip_version": 4, "ipv6_address_mode": null, "cidr": "10.100.0.0/28", "id": "936c619e-484f-400c-9a0f-4ff1eeb078be", "subnetpool_id": null}}
2015-12-06 08:46:23,053 20390 INFO     [tempest_lib.common.rest_client] Request (TestNetworkAdvancedServerOps:test_server_connectivity_pause_unpause): 200 PUT http://10.0.2.15:9696/v2.0/routers/f6d1a3af-0338-4300-9943-7179df8dfc8a/add_router_interface 0.653s
2015-12-06 08:46:23,054 20390 DEBUG    [tempest_lib.common.rest_client] Request - Headers: {'Content-Type': 'application/json', 'Accept': 'application/json', 'X-Auth-Token': '&lt;omitted&gt;'}
        Body: {"subnet_id": "936c619e-484f-400c-9a0f-4ff1eeb078be"}
    Response - Headers: {'status': '200', 'content-length': '255', 'connection': 'close', 'date': 'Sun, 06 Dec 2015 08:46:23 GMT', 'content-type': 'application/json; charset=UTF-8', 'x-openstack-request-id': 'req-e2d7c43f-1644-432c-af5d-5099ec00677f'}
        Body: {"subnet_id": "936c619e-484f-400c-9a0f-4ff1eeb078be", "tenant_id": "9785ae814af24514851f35c5b9e42a5e", "subnet_ids": ["936c619e-484f-400c-9a0f-4ff1eeb078be"], "port_id": "59a43c47-f4a5-4c55-aaea-3e32e7148697", "id": "f6d1a3af-0338-4300-9943-7179df8dfc8a"}
2015-12-06 08:46:23,165 20390 INFO     [tempest_lib.common.rest_client] Request (TestNetworkAdvancedServerOps:test_server_connectivity_pause_unpause): 200 POST http://10.0.2.15:5000/v2.0/tokens
2015-12-06 08:46:23,165 20390 DEBUG    [tempest_lib.common.rest_client] Request - Headers: {'Content-Type': 'application/json', 'Accept': 'application/json'}
        Body: &lt;omitted&gt;
    Response - Headers: {'status': '200', 'content-length': '2562', 'vary': 'X-Auth-Token', 'server': 'Apache/2.4.7 (Ubuntu)', 'connection': 'close', 'date': 'Sun, 06 Dec 2015 08:46:23 GMT', 'content-type': 'application/json', 'x-openstack-request-id': 'req-65df2e4a-0318-46d2-a1cc-99cd53b909ea'}
        Body: {"access": {"token": {"issued_at": "2015-12-06T08:46:23.155619", "expires": "2015-12-06T09:46:23Z", "id": "fdd169cf91cb4d398d67f42466e1e655", "tenant": {"description": "tempest-TestNetworkAdvancedServerOps-991209233-desc", "enabled": true, "id": "9785ae814af24514851f35c5b9e42a5e", "name": "tempest-TestNetworkAdvancedServerOps-991209233"}, "audit_ids": ["c-_h1ieiS9Kq-Suc0g03dA"]}, "serviceCatalog": [{"endpoints": [{"adminURL": "http://10.0.2.15:8774/v2.1/9785ae814af24514851f35c5b9e42a5e", "region": "RegionOne", "internalURL": "http://10.0.2.15:8774/v2.1/9785ae814af24514851f35c5b9e42a5e", "id": "6aee940e3fe0426fa84a029c4ee6160e", "publicURL": "http://10.0.2.15:8774/v2.1/9785ae814af24514851f35c5b9e42a5e"}], "endpoints_links": [], "type": "compute", "name": "nova"}, {"endpoints": [{"adminURL": "http://10.0.2.15:9696/", "region": "RegionOne", "internalURL": "http://10.0.2.15:9696/", "id": "07f2b883569c487689047fe911585be3", "publicURL": "http://10.0.2.15:9696/"}], "endpoints_links": [], "type": "network", "name": "neutron"}, {"endpoints": [{"adminURL": "http://10.0.2.15:9292", "region": "RegionOne", "internalURL": "http://10.0.2.15:9292", "id": "3b3480c2fe2444cab41f3c61df778713", "publicURL": "http://10.0.2.15:9292"}], "endpoints_links": [], "type": "image", "name": "glance"}, {"endpoints": [{"adminURL": "http://10.0.2.15:8774/v2/9785ae814af24514851f35c5b9e42a5e", "region": "RegionOne", "internalURL": "http://10.0.2.15:8774/v2/9785ae814af24514851f35c5b9e42a5e", "id": "875145f8aaa14e16ba349b1422660dbf", "publicURL": "http://10.0.2.15:8774/v2/9785ae814af24514851f35c5b9e42a5e"}], "endpoints_links": [], "type": "compute_legacy", "name": "nova_legacy"}, {"endpoints": [{"adminURL": "http://10.0.2.15:8773/", "region": "RegionOne", "internalURL": "http://10.0.2.15:8773/", "id": "0550e74e62804da5983458cd7e44f45d", "publicURL": "http://10.0.2.15:8773/"}], "endpoints_links": [], "type": "ec2", "name": "ec2"}, {"endpoints": [{"adminURL": "http://10.0.2.15:35357/v2.0", "region": "RegionOne", "internalURL": "http://10.0.2.15:5000/v2.0", "id": "1aea89004d1542e6913310db434b9a77", "publicURL": "http://10.0.2.15:5000/v2.0"}], "endpoints_links": [], "type": "identity", "name": "keystone"}], "user": {"username": "tempest-TestNetworkAdvancedServerOps-424528106", "roles_links": [], "id": "c4adf191c071457e8498484ed61e2954", "roles": [{"name": "_member_"}, {"name": "Member"}], "name": "tempest-TestNetworkAdvancedServerOps-424528106"}, "metadata": {"is_admin": 0, "roles": ["9fe2ff9ee4384b1894a90878d3e92bab", "cf28ead8758745f3ad7d4ee241fd0735"]}}}
2015-12-06 08:46:23,169 20390 DEBUG    [tempest.common.fixed_network] (TestNetworkAdvancedServerOps:test_server_connectivity_pause_unpause) No valid network provided or created, defaulting to fixed_network_name
2015-12-06 08:46:23,505 20390 INFO     [tempest_lib.common.rest_client] Request (TestNetworkAdvancedServerOps:test_server_connectivity_pause_unpause): 200 GET http://10.0.2.15:8774/v2.1/9785ae814af24514851f35c5b9e42a5e/os-networks 0.336s
2015-12-06 08:46:23,506 20390 DEBUG    [tempest_lib.common.rest_client] Request - Headers: {'Content-Type': 'application/json', 'Accept': 'application/json', 'X-Auth-Token': '&lt;omitted&gt;'}
        Body: None
    Response - Headers: {'status': '200', 'content-length': '477', 'content-location': 'http://10.0.2.15:8774/v2.1/9785ae814af24514851f35c5b9e42a5e/os-networks', 'x-compute-request-id': 'req-623f12b0-1edb-45ed-9ed3-256642766218', 'vary': 'X-OpenStack-Nova-API-Version', 'connection': 'close', 'x-openstack-nova-api-version': '2.1', 'date': 'Sun, 06 Dec 2015 08:46:23 GMT', 'content-type': 'application/json'}
        Body: {"networks": [{"cidr_v6": null, "dns2": null, "dns1": null, "gateway": null, "broadcast": null, "netmask": null, "gateway_v6": null, "cidr": null, "label": "public", "id": "5b1fd7ff-c424-4c9d-adc8-224b9a16ee20", "netmask_v6": null}, {"cidr_v6": null, "dns2": null, "dns1": null, "gateway": null, "broadcast": null, "netmask": null, "gateway_v6": null, "cidr": null, "label": "tempest-network-smoke--55432166", "id": "01b90e06-96f7-416c-ae8d-39a6958ec484", "netmask_v6": null}]}
2015-12-06 08:46:23,506 20390 WARNING  [tempest.common.fixed_network] (TestNetworkAdvancedServerOps:test_server_connectivity_pause_unpause) Network with name: private not found
2015-12-06 08:46:23,506 20390 INFO     [tempest.common.fixed_network] (TestNetworkAdvancedServerOps:test_server_connectivity_pause_unpause) Found network {} available for tenant
2015-12-06 08:46:24,947 20390 INFO     [tempest_lib.common.rest_client] Request (TestNetworkAdvancedServerOps:test_server_connectivity_pause_unpause): 202 POST http://10.0.2.15:8774/v2.1/9785ae814af24514851f35c5b9e42a5e/servers 1.440s
2015-12-06 08:46:24,948 20390 DEBUG    [tempest_lib.common.rest_client] Request - Headers: {'Content-Type': 'application/json', 'Accept': 'application/json', 'X-Auth-Token': '&lt;omitted&gt;'}
        Body: {"server": {"name": "tempest.common.compute-instance-1588581204", "imageRef": "282a6f62-728c-4b0a-ba08-f5235cfda0e6", "key_name": "tempest-TestNetworkAdvancedServerOps-708398740", "flavorRef": "42", "networks": [{"uuid": "01b90e06-96f7-416c-ae8d-39a6958ec484"}], "security_groups": [{"name": "tempest-secgroup-smoke-1067547659"}]}}
    Response - Headers: {'status': '202', 'content-length': '462', 'x-compute-request-id': 'req-af217129-40a5-44a0-bba6-720e860aeeb8', 'vary': 'X-OpenStack-Nova-API-Version', 'connection': 'close', 'location': 'http://10.0.2.15:8774/v2.1/9785ae814af24514851f35c5b9e42a5e/servers/489f6e50-0d72-4cc3-9076-ba8a23382321', 'x-openstack-nova-api-version': '2.1', 'date': 'Sun, 06 Dec 2015 08:46:24 GMT', 'content-type': 'application/json'}
        Body: {"server": {"security_groups": [{"name": "tempest-secgroup-smoke-1067547659"}], "OS-DCF:diskConfig": "MANUAL", "id": "489f6e50-0d72-4cc3-9076-ba8a23382321", "links": [{"href": "http://10.0.2.15:8774/v2.1/9785ae814af24514851f35c5b9e42a5e/servers/489f6e50-0d72-4cc3-9076-ba8a23382321", "rel": "self"}, {"href": "http://10.0.2.15:8774/9785ae814af24514851f35c5b9e42a5e/servers/489f6e50-0d72-4cc3-9076-ba8a23382321", "rel": "bookmark"}], "adminPass": "RuqFMAj2F5zn"}}
2015-12-06 08:46:25,124 20390 INFO     [tempest_lib.common.rest_client] Request (TestNetworkAdvancedServerOps:test_server_connectivity_pause_unpause): 200 GET http://10.0.2.15:8774/v2.1/9785ae814af24514851f35c5b9e42a5e/servers/489f6e50-0d72-4cc3-9076-ba8a23382321 0.173s
2015-12-06 08:46:25,125 20390 DEBUG    [tempest_lib.common.rest_client] Request - Headers: {'Content-Type': 'application/json', 'Accept': 'application/json', 'X-Auth-Token': '&lt;omitted&gt;'}
        Body: None
    Response - Headers: {'status': '200', 'content-length': '1364', 'content-location': 'http://10.0.2.15:8774/v2.1/9785ae814af24514851f35c5b9e42a5e/servers/489f6e50-0d72-4cc3-9076-ba8a23382321', 'x-compute-request-id': 'req-afe78f79-2ab5-4b0e-b04e-508b80f39a86', 'vary': 'X-OpenStack-Nova-API-Version', 'connection': 'close', 'x-openstack-nova-api-version': '2.1', 'date': 'Sun, 06 Dec 2015 08:46:25 GMT', 'content-type': 'application/json'}
        Body: {"server": {"status": "BUILD", "updated": "2015-12-06T08:46:25Z", "hostId": "", "addresses": {}, "links": [{"href": "http://10.0.2.15:8774/v2.1/9785ae814af24514851f35c5b9e42a5e/servers/489f6e50-0d72-4cc3-9076-ba8a23382321", "rel": "self"}, {"href": "http://10.0.2.15:8774/9785ae814af24514851f35c5b9e42a5e/servers/489f6e50-0d72-4cc3-9076-ba8a23382321", "rel": "bookmark"}], "key_name": "tempest-TestNetworkAdvancedServerOps-708398740", "image": {"id": "282a6f62-728c-4b0a-ba08-f5235cfda0e6", "links": [{"href": "http://10.0.2.15:8774/9785ae814af24514851f35c5b9e42a5e/images/282a6f62-728c-4b0a-ba08-f5235cfda0e6", "rel": "bookmark"}]}, "OS-EXT-STS:task_state": "scheduling", "OS-EXT-STS:vm_state": "building", "OS-SRV-USG:launched_at": null, "flavor": {"id": "42", "links": [{"href": "http://10.0.2.15:8774/9785ae814af24514851f35c5b9e42a5e/flavors/42", "rel": "bookmark"}]}, "id": "489f6e50-0d72-4cc3-9076-ba8a23382321", "OS-SRV-USG:terminated_at": null, "OS-EXT-AZ:availability_zone": "", "user_id": "c4adf191c071457e8498484ed61e2954", "name": "tempest.common.compute-instance-1588581204", "created": "2015-12-06T08:46:24Z", "tenant_id": "9785ae814af24514851f35c5b9e42a5e", "OS-DCF:diskConfig": "MANUAL", "os-extended-volumes:volumes_attached": [], "accessIPv4": "", "accessIPv6": "", "progress": 0, "OS-EXT-STS:power_state": 0, "config_drive": "", "metadata": {}}}
2015-12-06 08:46:26,469 20390 INFO     [tempest_lib.common.rest_client] Request (TestNetworkAdvancedServerOps:test_server_connectivity_pause_unpause): 200 GET http://10.0.2.15:8774/v2.1/9785ae814af24514851f35c5b9e42a5e/servers/489f6e50-0d72-4cc3-9076-ba8a23382321 0.334s
2015-12-06 08:46:26,469 20390 DEBUG    [tempest_lib.common.rest_client] Request - Headers: {'Content-Type': 'application/json', 'Accept': 'application/json', 'X-Auth-Token': '&lt;omitted&gt;'}
        Body: None
    Response - Headers: {'status': '200', 'content-length': '1490', 'content-location': 'http://10.0.2.15:8774/v2.1/9785ae814af24514851f35c5b9e42a5e/servers/489f6e50-0d72-4cc3-9076-ba8a23382321', 'x-compute-request-id': 'req-f24e4789-75bf-4283-a156-cf4c2f18bea8', 'vary': 'X-OpenStack-Nova-API-Version', 'connection': 'close', 'x-openstack-nova-api-version': '2.1', 'date': 'Sun, 06 Dec 2015 08:46:26 GMT', 'content-type': 'application/json'}
        Body: {"server": {"status": "BUILD", "updated": "2015-12-06T08:46:26Z", "hostId": "3688efddae0b76a79cc7c2840c935618b772974d7b638a6d1091c9c2", "addresses": {}, "links": [{"href": "http://10.0.2.15:8774/v2.1/9785ae814af24514851f35c5b9e42a5e/servers/489f6e50-0d72-4cc3-9076-ba8a23382321", "rel": "self"}, {"href": "http://10.0.2.15:8774/9785ae814af24514851f35c5b9e42a5e/servers/489f6e50-0d72-4cc3-9076-ba8a23382321", "rel": "bookmark"}], "key_name": "tempest-TestNetworkAdvancedServerOps-708398740", "image": {"id": "282a6f62-728c-4b0a-ba08-f5235cfda0e6", "links": [{"href": "http://10.0.2.15:8774/9785ae814af24514851f35c5b9e42a5e/images/282a6f62-728c-4b0a-ba08-f5235cfda0e6", "rel": "bookmark"}]}, "OS-EXT-STS:task_state": "spawning", "OS-EXT-STS:vm_state": "building", "OS-SRV-USG:launched_at": null, "flavor": {"id": "42", "links": [{"href": "http://10.0.2.15:8774/9785ae814af24514851f35c5b9e42a5e/flavors/42", "rel": "bookmark"}]}, "id": "489f6e50-0d72-4cc3-9076-ba8a23382321", "security_groups": [{"name": "tempest-secgroup-smoke-1067547659"}], "OS-SRV-USG:terminated_at": null, "OS-EXT-AZ:availability_zone": "nova", "user_id": "c4adf191c071457e8498484ed61e2954", "name": "tempest.common.compute-instance-1588581204", "created": "2015-12-06T08:46:24Z", "tenant_id": "9785ae814af24514851f35c5b9e42a5e", "OS-DCF:diskConfig": "MANUAL", "os-extended-volumes:volumes_attached": [], "accessIPv4": "", "accessIPv6": "", "progress": 0, "OS-EXT-STS:power_state": 0, "config_drive": "", "metadata": {}}}
2015-12-06 08:46:26,484 20390 INFO     [tempest.common.waiters] State transition "BUILD/scheduling" ==&gt; "BUILD/spawning" after 1 second wait
2015-12-06 08:46:27,699 20390 INFO     [tempest_lib.common.rest_client] Request (TestNetworkAdvancedServerOps:test_server_connectivity_pause_unpause): 200 GET http://10.0.2.15:8774/v2.1/9785ae814af24514851f35c5b9e42a5e/servers/489f6e50-0d72-4cc3-9076-ba8a23382321 0.213s
2015-12-06 08:46:27,700 20390 DEBUG    [tempest_lib.common.rest_client] Request - Headers: {'Content-Type': 'application/json', 'Accept': 'application/json', 'X-Auth-Token': '&lt;omitted&gt;'}
        Body: None
    Response - Headers: {'status': '200', 'content-length': '1490', 'content-location': 'http://10.0.2.15:8774/v2.1/9785ae814af24514851f35c5b9e42a5e/servers/489f6e50-0d72-4cc3-9076-ba8a23382321', 'x-compute-request-id': 'req-bee220fd-e86a-4799-9a1e-4a03a9254f22', 'vary': 'X-OpenStack-Nova-API-Version', 'connection': 'close', 'x-openstack-nova-api-version': '2.1', 'date': 'Sun, 06 Dec 2015 08:46:27 GMT', 'content-type': 'application/json'}
        Body: {"server": {"status": "BUILD", "updated": "2015-12-06T08:46:26Z", "hostId": "3688efddae0b76a79cc7c2840c935618b772974d7b638a6d1091c9c2", "addresses": {}, "links": [{"href": "http://10.0.2.15:8774/v2.1/9785ae814af24514851f35c5b9e42a5e/servers/489f6e50-0d72-4cc3-9076-ba8a23382321", "rel": "self"}, {"href": "http://10.0.2.15:8774/9785ae814af24514851f35c5b9e42a5e/servers/489f6e50-0d72-4cc3-9076-ba8a23382321", "rel": "bookmark"}], "key_name": "tempest-TestNetworkAdvancedServerOps-708398740", "image": {"id": "282a6f62-728c-4b0a-ba08-f5235cfda0e6", "links": [{"href": "http://10.0.2.15:8774/9785ae814af24514851f35c5b9e42a5e/images/282a6f62-728c-4b0a-ba08-f5235cfda0e6", "rel": "bookmark"}]}, "OS-EXT-STS:task_state": "spawning", "OS-EXT-STS:vm_state": "building", "OS-SRV-USG:launched_at": null, "flavor": {"id": "42", "links": [{"href": "http://10.0.2.15:8774/9785ae814af24514851f35c5b9e42a5e/flavors/42", "rel": "bookmark"}]}, "id": "489f6e50-0d72-4cc3-9076-ba8a23382321", "security_groups": [{"name": "tempest-secgroup-smoke-1067547659"}], "OS-SRV-USG:terminated_at": null, "OS-EXT-AZ:availability_zone": "nova", "user_id": "c4adf191c071457e8498484ed61e2954", "name": "tempest.common.compute-instance-1588581204", "created": "2015-12-06T08:46:24Z", "tenant_id": "9785ae814af24514851f35c5b9e42a5e", "OS-DCF:diskConfig": "MANUAL", "os-extended-volumes:volumes_attached": [], "accessIPv4": "", "accessIPv6": "", "progress": 0, "OS-EXT-STS:power_state": 0, "config_drive": "", "metadata": {}}}
2015-12-06 08:46:29,143 20390 INFO     [tempest_lib.common.rest_client] Request (TestNetworkAdvancedServerOps:test_server_connectivity_pause_unpause): 200 GET http://10.0.2.15:8774/v2.1/9785ae814af24514851f35c5b9e42a5e/servers/489f6e50-0d72-4cc3-9076-ba8a23382321 0.432s
2015-12-06 08:46:29,143 20390 DEBUG    [tempest_lib.common.rest_client] Request - Headers: {'Content-Type': 'application/json', 'Accept': 'application/json', 'X-Auth-Token': '&lt;omitted&gt;'}
        Body: None
    Response - Headers: {'status': '200', 'content-length': '1660', 'content-location': 'http://10.0.2.15:8774/v2.1/9785ae814af24514851f35c5b9e42a5e/servers/489f6e50-0d72-4cc3-9076-ba8a23382321', 'x-compute-request-id': 'req-fb8ba767-36d5-4134-80db-7066fd4c27e4', 'vary': 'X-OpenStack-Nova-API-Version', 'connection': 'close', 'x-openstack-nova-api-version': '2.1', 'date': 'Sun, 06 Dec 2015 08:46:29 GMT', 'content-type': 'application/json'}
        Body: {"server": {"status": "ACTIVE", "updated": "2015-12-06T08:46:28Z", "hostId": "3688efddae0b76a79cc7c2840c935618b772974d7b638a6d1091c9c2", "addresses": {"tempest-network-smoke--55432166": [{"OS-EXT-IPS-MAC:mac_addr": "fa:16:3e:73:97:be", "version": 4, "addr": "10.100.0.3", "OS-EXT-IPS:type": "fixed"}]}, "links": [{"href": "http://10.0.2.15:8774/v2.1/9785ae814af24514851f35c5b9e42a5e/servers/489f6e50-0d72-4cc3-9076-ba8a23382321", "rel": "self"}, {"href": "http://10.0.2.15:8774/9785ae814af24514851f35c5b9e42a5e/servers/489f6e50-0d72-4cc3-9076-ba8a23382321", "rel": "bookmark"}], "key_name": "tempest-TestNetworkAdvancedServerOps-708398740", "image": {"id": "282a6f62-728c-4b0a-ba08-f5235cfda0e6", "links": [{"href": "http://10.0.2.15:8774/9785ae814af24514851f35c5b9e42a5e/images/282a6f62-728c-4b0a-ba08-f5235cfda0e6", "rel": "bookmark"}]}, "OS-EXT-STS:task_state": null, "OS-EXT-STS:vm_state": "active", "OS-SRV-USG:launched_at": "2015-12-06T08:46:28.000000", "flavor": {"id": "42", "links": [{"href": "http://10.0.2.15:8774/9785ae814af24514851f35c5b9e42a5e/flavors/42", "rel": "bookmark"}]}, "id": "489f6e50-0d72-4cc3-9076-ba8a23382321", "security_groups": [{"name": "tempest-secgroup-smoke-1067547659"}], "OS-SRV-USG:terminated_at": null, "OS-EXT-AZ:availability_zone": "nova", "user_id": "c4adf191c071457e8498484ed61e2954", "name": "tempest.common.compute-instance-1588581204", "created": "2015-12-06T08:46:24Z", "tenant_id": "9785ae814af24514851f35c5b9e42a5e", "OS-DCF:diskConfig": "MANUAL", "os-extended-volumes:volumes_attached": [], "accessIPv4": "", "accessIPv6": "", "progress": 0, "OS-EXT-STS:power_state": 1, "config_drive": "True", "metadata": {}}}
2015-12-06 08:46:29,153 20390 INFO     [tempest.common.waiters] State transition "BUILD/spawning" ==&gt; "ACTIVE/None" after 4 second wait
2015-12-06 08:46:29,349 20390 INFO     [tempest_lib.common.rest_client] Request (TestNetworkAdvancedServerOps:test_server_connectivity_pause_unpause): 200 GET http://10.0.2.15:8774/v2.1/9785ae814af24514851f35c5b9e42a5e/servers/489f6e50-0d72-4cc3-9076-ba8a23382321 0.195s
2015-12-06 08:46:29,349 20390 DEBUG    [tempest_lib.common.rest_client] Request - Headers: {'Content-Type': 'application/json', 'Accept': 'application/json', 'X-Auth-Token': '&lt;omitted&gt;'}
        Body: None
    Response - Headers: {'status': '200', 'content-length': '1660', 'content-location': 'http://10.0.2.15:8774/v2.1/9785ae814af24514851f35c5b9e42a5e/servers/489f6e50-0d72-4cc3-9076-ba8a23382321', 'x-compute-request-id': 'req-2e8840b9-f8e4-419f-8bbf-cd10bb5e1a33', 'vary': 'X-OpenStack-Nova-API-Version', 'connection': 'close', 'x-openstack-nova-api-version': '2.1', 'date': 'Sun, 06 Dec 2015 08:46:29 GMT', 'content-type': 'application/json'}
        Body: {"server": {"status": "ACTIVE", "updated": "2015-12-06T08:46:28Z", "hostId": "3688efddae0b76a79cc7c2840c935618b772974d7b638a6d1091c9c2", "addresses": {"tempest-network-smoke--55432166": [{"OS-EXT-IPS-MAC:mac_addr": "fa:16:3e:73:97:be", "version": 4, "addr": "10.100.0.3", "OS-EXT-IPS:type": "fixed"}]}, "links": [{"href": "http://10.0.2.15:8774/v2.1/9785ae814af24514851f35c5b9e42a5e/servers/489f6e50-0d72-4cc3-9076-ba8a23382321", "rel": "self"}, {"href": "http://10.0.2.15:8774/9785ae814af24514851f35c5b9e42a5e/servers/489f6e50-0d72-4cc3-9076-ba8a23382321", "rel": "bookmark"}], "key_name": "tempest-TestNetworkAdvancedServerOps-708398740", "image": {"id": "282a6f62-728c-4b0a-ba08-f5235cfda0e6", "links": [{"href": "http://10.0.2.15:8774/9785ae814af24514851f35c5b9e42a5e/images/282a6f62-728c-4b0a-ba08-f5235cfda0e6", "rel": "bookmark"}]}, "OS-EXT-STS:task_state": null, "OS-EXT-STS:vm_state": "active", "OS-SRV-USG:launched_at": "2015-12-06T08:46:28.000000", "flavor": {"id": "42", "links": [{"href": "http://10.0.2.15:8774/9785ae814af24514851f35c5b9e42a5e/flavors/42", "rel": "bookmark"}]}, "id": "489f6e50-0d72-4cc3-9076-ba8a23382321", "security_groups": [{"name": "tempest-secgroup-smoke-1067547659"}], "OS-SRV-USG:terminated_at": null, "OS-EXT-AZ:availability_zone": "nova", "user_id": "c4adf191c071457e8498484ed61e2954", "name": "tempest.common.compute-instance-1588581204", "created": "2015-12-06T08:46:24Z", "tenant_id": "9785ae814af24514851f35c5b9e42a5e", "OS-DCF:diskConfig": "MANUAL", "os-extended-volumes:volumes_attached": [], "accessIPv4": "", "accessIPv6": "", "progress": 0, "OS-EXT-STS:power_state": 1, "config_drive": "True", "metadata": {}}}
2015-12-06 08:46:29,389 20390 INFO     [tempest_lib.common.rest_client] Request (TestNetworkAdvancedServerOps:test_server_connectivity_pause_unpause): 200 GET http://10.0.2.15:9696/v2.0/ports?status=ACTIVE&amp;fixed_ip=None&amp;device_id=489f6e50-0d72-4cc3-9076-ba8a23382321 0.031s
2015-12-06 08:46:29,389 20390 DEBUG    [tempest_lib.common.rest_client] Request - Headers: {'Content-Type': 'application/json', 'Accept': 'application/json', 'X-Auth-Token': '&lt;omitted&gt;'}
        Body: None
    Response - Headers: {'status': '200', 'content-length': '895', 'content-location': 'http://10.0.2.15:9696/v2.0/ports?status=ACTIVE&amp;fixed_ip=None&amp;device_id=489f6e50-0d72-4cc3-9076-ba8a23382321', 'connection': 'close', 'date': 'Sun, 06 Dec 2015 08:46:29 GMT', 'content-type': 'application/json; charset=UTF-8', 'x-openstack-request-id': 'req-3aecac5b-f9be-42ce-99f7-62258ab0a79f'}
        Body: {"ports": [{"status": "ACTIVE", "binding:host_id": "vagrant-ubuntu-trusty-64", "allowed_address_pairs": [], "extra_dhcp_opts": [], "dns_assignment": [{"hostname": "host-10-100-0-3", "ip_address": "10.100.0.3", "fqdn": "host-10-100-0-3.openstacklocal."}], "device_owner": "compute:None", "port_security_enabled": true, "binding:profile": {}, "fixed_ips": [{"subnet_id": "936c619e-484f-400c-9a0f-4ff1eeb078be", "ip_address": "10.100.0.3"}], "id": "0244fde0-e06a-44eb-bac1-396d45917204", "security_groups": ["32bda64c-48e0-4073-8426-1fd7f3bea63b"], "device_id": "489f6e50-0d72-4cc3-9076-ba8a23382321", "name": "", "admin_state_up": true, "network_id": "01b90e06-96f7-416c-ae8d-39a6958ec484", "dns_name": "", "binding:vif_details": {"port_filter": true}, "binding:vnic_type": "normal", "binding:vif_type": "ovs", "tenant_id": "9785ae814af24514851f35c5b9e42a5e", "mac_address": "fa:16:3e:73:97:be"}]}
2015-12-06 08:46:29,954 20390 INFO     [tempest_lib.common.rest_client] Request (TestNetworkAdvancedServerOps:test_server_connectivity_pause_unpause): 201 POST http://10.0.2.15:9696/v2.0/floatingips 0.564s
2015-12-06 08:46:29,954 20390 DEBUG    [tempest_lib.common.rest_client] Request - Headers: {'Content-Type': 'application/json', 'Accept': 'application/json', 'X-Auth-Token': '&lt;omitted&gt;'}
        Body: {"floatingip": {"floating_network_id": "5b1fd7ff-c424-4c9d-adc8-224b9a16ee20", "tenant_id": "9785ae814af24514851f35c5b9e42a5e", "fixed_ip_address": "10.100.0.3", "port_id": "0244fde0-e06a-44eb-bac1-396d45917204"}}
    Response - Headers: {'status': '201', 'content-length': '367', 'connection': 'close', 'date': 'Sun, 06 Dec 2015 08:46:29 GMT', 'content-type': 'application/json; charset=UTF-8', 'x-openstack-request-id': 'req-536d4afd-4dba-4618-9ea1-d5dd9b3cbb22'}
        Body: {"floatingip": {"floating_network_id": "5b1fd7ff-c424-4c9d-adc8-224b9a16ee20", "router_id": "f6d1a3af-0338-4300-9943-7179df8dfc8a", "fixed_ip_address": "10.100.0.3", "floating_ip_address": "172.24.4.4", "tenant_id": "9785ae814af24514851f35c5b9e42a5e", "status": "DOWN", "port_id": "0244fde0-e06a-44eb-bac1-396d45917204", "id": "2ac91edf-3bc0-411d-86d6-8abfb50113dd"}}
2015-12-06 08:46:30,153 20390 INFO     [tempest_lib.common.rest_client] Request (TestNetworkAdvancedServerOps:test_server_connectivity_pause_unpause): 200 GET http://10.0.2.15:8774/v2.1/9785ae814af24514851f35c5b9e42a5e/servers/489f6e50-0d72-4cc3-9076-ba8a23382321 0.198s
2015-12-06 08:46:30,154 20390 DEBUG    [tempest_lib.common.rest_client] Request - Headers: {'Content-Type': 'application/json', 'Accept': 'application/json', 'X-Auth-Token': '&lt;omitted&gt;'}
        Body: None
    Response - Headers: {'status': '200', 'content-length': '1660', 'content-location': 'http://10.0.2.15:8774/v2.1/9785ae814af24514851f35c5b9e42a5e/servers/489f6e50-0d72-4cc3-9076-ba8a23382321', 'x-compute-request-id': 'req-deae155b-751c-47d9-a254-890d53160728', 'vary': 'X-OpenStack-Nova-API-Version', 'connection': 'close', 'x-openstack-nova-api-version': '2.1', 'date': 'Sun, 06 Dec 2015 08:46:30 GMT', 'content-type': 'application/json'}
        Body: {"server": {"status": "ACTIVE", "updated": "2015-12-06T08:46:28Z", "hostId": "3688efddae0b76a79cc7c2840c935618b772974d7b638a6d1091c9c2", "addresses": {"tempest-network-smoke--55432166": [{"OS-EXT-IPS-MAC:mac_addr": "fa:16:3e:73:97:be", "version": 4, "addr": "10.100.0.3", "OS-EXT-IPS:type": "fixed"}]}, "links": [{"href": "http://10.0.2.15:8774/v2.1/9785ae814af24514851f35c5b9e42a5e/servers/489f6e50-0d72-4cc3-9076-ba8a23382321", "rel": "self"}, {"href": "http://10.0.2.15:8774/9785ae814af24514851f35c5b9e42a5e/servers/489f6e50-0d72-4cc3-9076-ba8a23382321", "rel": "bookmark"}], "key_name": "tempest-TestNetworkAdvancedServerOps-708398740", "image": {"id": "282a6f62-728c-4b0a-ba08-f5235cfda0e6", "links": [{"href": "http://10.0.2.15:8774/9785ae814af24514851f35c5b9e42a5e/images/282a6f62-728c-4b0a-ba08-f5235cfda0e6", "rel": "bookmark"}]}, "OS-EXT-STS:task_state": null, "OS-EXT-STS:vm_state": "active", "OS-SRV-USG:launched_at": "2015-12-06T08:46:28.000000", "flavor": {"id": "42", "links": [{"href": "http://10.0.2.15:8774/9785ae814af24514851f35c5b9e42a5e/flavors/42", "rel": "bookmark"}]}, "id": "489f6e50-0d72-4cc3-9076-ba8a23382321", "security_groups": [{"name": "tempest-secgroup-smoke-1067547659"}], "OS-SRV-USG:terminated_at": null, "OS-EXT-AZ:availability_zone": "nova", "user_id": "c4adf191c071457e8498484ed61e2954", "name": "tempest.common.compute-instance-1588581204", "created": "2015-12-06T08:46:24Z", "tenant_id": "9785ae814af24514851f35c5b9e42a5e", "OS-DCF:diskConfig": "MANUAL", "os-extended-volumes:volumes_attached": [], "accessIPv4": "", "accessIPv6": "", "progress": 0, "OS-EXT-STS:power_state": 1, "config_drive": "True", "metadata": {}}}
2015-12-06 08:46:30,167 20390 INFO     [tempest.scenario.manager] Tenant networks not configured to be reachable.
2015-12-06 08:46:30,180 20390 INFO     [tempest_lib.common.rest_client] Request (TestNetworkAdvancedServerOps:test_server_connectivity_pause_unpause): 200 GET http://10.0.2.15:9696/v2.0/floatingips/2ac91edf-3bc0-411d-86d6-8abfb50113dd 0.012s
2015-12-06 08:46:30,180 20390 DEBUG    [tempest_lib.common.rest_client] Request - Headers: {'Content-Type': 'application/json', 'Accept': 'application/json', 'X-Auth-Token': '&lt;omitted&gt;'}
        Body: None
    Response - Headers: {'status': '200', 'content-length': '367', 'content-location': 'http://10.0.2.15:9696/v2.0/floatingips/2ac91edf-3bc0-411d-86d6-8abfb50113dd', 'connection': 'close', 'date': 'Sun, 06 Dec 2015 08:46:30 GMT', 'content-type': 'application/json; charset=UTF-8', 'x-openstack-request-id': 'req-00c4f0a2-19c6-415d-8071-5fb20fe1e423'}
        Body: {"floatingip": {"floating_network_id": "5b1fd7ff-c424-4c9d-adc8-224b9a16ee20", "router_id": "f6d1a3af-0338-4300-9943-7179df8dfc8a", "fixed_ip_address": "10.100.0.3", "floating_ip_address": "172.24.4.4", "tenant_id": "9785ae814af24514851f35c5b9e42a5e", "status": "DOWN", "port_id": "0244fde0-e06a-44eb-bac1-396d45917204", "id": "2ac91edf-3bc0-411d-86d6-8abfb50113dd"}}
2015-12-06 08:46:31,198 20390 INFO     [tempest_lib.common.rest_client] Request (TestNetworkAdvancedServerOps:test_server_connectivity_pause_unpause): 200 GET http://10.0.2.15:9696/v2.0/floatingips/2ac91edf-3bc0-411d-86d6-8abfb50113dd 0.013s
2015-12-06 08:46:31,198 20390 DEBUG    [tempest_lib.common.rest_client] Request - Headers: {'Content-Type': 'application/json', 'Accept': 'application/json', 'X-Auth-Token': '&lt;omitted&gt;'}
        Body: None
    Response - Headers: {'status': '200', 'content-length': '369', 'content-location': 'http://10.0.2.15:9696/v2.0/floatingips/2ac91edf-3bc0-411d-86d6-8abfb50113dd', 'connection': 'close', 'date': 'Sun, 06 Dec 2015 08:46:31 GMT', 'content-type': 'application/json; charset=UTF-8', 'x-openstack-request-id': 'req-d3976b33-cfdf-4030-8dc6-24ba9bad53b9'}
        Body: {"floatingip": {"floating_network_id": "5b1fd7ff-c424-4c9d-adc8-224b9a16ee20", "router_id": "f6d1a3af-0338-4300-9943-7179df8dfc8a", "fixed_ip_address": "10.100.0.3", "floating_ip_address": "172.24.4.4", "tenant_id": "9785ae814af24514851f35c5b9e42a5e", "status": "ACTIVE", "port_id": "0244fde0-e06a-44eb-bac1-396d45917204", "id": "2ac91edf-3bc0-411d-86d6-8abfb50113dd"}}
2015-12-06 08:46:31,199 20390 INFO     [tempest.scenario.manager] FloatingIP: &lt;"FloatingIP" addr="172.24.4.4" id="2ac91edf-3bc0-411d-86d6-8abfb50113dd"&gt; is at status: ACTIVE
2015-12-06 08:46:31,199 20390 DEBUG    [tempest.scenario.manager] checking network connections to IP 172.24.4.4 with user: cirros
2015-12-06 08:46:31,199 20390 DEBUG    [tempest.scenario.manager] TestNetworkAdvancedServerOps:test_server_connectivity_pause_unpause begins to ping 172.24.4.4 in 120 sec and the expected result is reachable
2015-12-06 08:48:31,527 20390 DEBUG    [tempest.scenario.manager] TestNetworkAdvancedServerOps:test_server_connectivity_pause_unpause finishes ping 172.24.4.4 in 120 sec and the ping result is unexpected
2015-12-06 08:48:31,528 20390 ERROR    [tempest.scenario.manager] Public network connectivity check failed
2015-12-06 08:48:31.528 20390 ERROR tempest.scenario.manager Traceback (most recent call last):
2015-12-06 08:48:31.528 20390 ERROR tempest.scenario.manager   File "tempest/scenario/manager.py", line 606, in check_public_network_connectivity
2015-12-06 08:48:31.528 20390 ERROR tempest.scenario.manager     should_connect=should_connect)
2015-12-06 08:48:31.528 20390 ERROR tempest.scenario.manager   File "tempest/scenario/manager.py", line 590, in check_vm_connectivity
2015-12-06 08:48:31.528 20390 ERROR tempest.scenario.manager     msg=msg)
2015-12-06 08:48:31.528 20390 ERROR tempest.scenario.manager   File "/usr/local/lib/python2.7/dist-packages/unittest2/case.py", line 702, in assertTrue
2015-12-06 08:48:31.528 20390 ERROR tempest.scenario.manager     raise self.failureException(msg)
2015-12-06 08:48:31.528 20390 ERROR tempest.scenario.manager AssertionError: False is not true : Timed out waiting for 172.24.4.4 to become reachable
2015-12-06 08:48:31.528 20390 ERROR tempest.scenario.manager 
2015-12-06 08:48:31,741 20390 INFO     [tempest_lib.common.rest_client] Request (TestNetworkAdvancedServerOps:test_server_connectivity_pause_unpause): 200 POST http://10.0.2.15:8774/v2.1/9785ae814af24514851f35c5b9e42a5e/servers/489f6e50-0d72-4cc3-9076-ba8a23382321/action 0.209s
2015-12-06 08:48:31,742 20390 DEBUG    [tempest_lib.common.rest_client] Request - Headers: {'Content-Type': 'application/json', 'Accept': 'application/json', 'X-Auth-Token': '&lt;omitted&gt;'}
        Body: {"os-getConsoleOutput": {}}
    Response - Headers: {'status': '200', 'content-length': '17510', 'x-compute-request-id': 'req-9004b99e-174b-4e0f-bc1c-bca662869ce0', 'vary': 'X-OpenStack-Nova-API-Version', 'connection': 'close', 'x-openstack-nova-api-version': '2.1', 'date': 'Sun, 06 Dec 2015 08:48:31 GMT', 'content-type': 'application/json'}
        Body: {"output": "[    0.000000] Initializing cgroup subsys cpuset\n[    0.000000] Initializing cgroup subsys cpu\n[    0.000000] Linux version 3.2.0-80-virtual (buildd@batsu) (gcc version 4.6.3 (Ubuntu/Linaro 4.6.3-1ubuntu5) ) #116-Ubuntu SMP Mon Mar 23 17:28:52 UTC 2015 (Ubuntu 3.2.0-80.116-virtual 3.2.68)\n[    0.000000] Command line: root=/dev/vda console=tty0 console=ttyS0 no_timer_check\n[    0.000000] KERNEL supported cpus:\n[    0.000000]   Intel GenuineIntel\n[    0.000000]   AMD AuthenticAMD\n[    0.000000]   Centaur CentaurHauls\n[    0.000000] BIOS-provided physical RAM map:\n[    0.000000]  BIOS-e820: 0000000000000000 - 000000000009fc00 (usable)\n[    0.000000]  BIOS-e820: 000000000009fc00 - 00000000000a0000 (reserved)\n[    0.000000]  BIOS-e820: 00000000000f0000 - 0000000000100000 (reserved)\n[    0.000000]  BIOS-e820: 0000000000100000 - 0000000003ffe000 (usable)\n[    0.000000]  BIOS-e820: 0000000003ffe000 - 0000000004000000 (reserved)\n[    0.000000]  BIOS-e820: 00000000fffc0000 - 0000000100000000 (reserved)\n[    0.000000] NX (Execute Disable) protection: active\n[    0.000000] SMBIOS 2.4 present.\n[    0.000000] No AGP bridge found\n[    0.000000] last_pfn = 0x3ffe max_arch_pfn = 0x400000000\n[    0.000000] x86 PAT enabled: cpu 0, old 0x7040600070406, new 0x7010600070106\n[    0.000000] found SMP MP-table at [ffff8800000f0b00] f0b00\n[    0.000000] init_memory_mapping: 0000000000000000-0000000003ffe000\n[    0.000000] RAMDISK: 03c5e000 - 03ff0000\n[    0.000000] ACPI: RSDP 00000000000f0950 00014 (v00 BOCHS )\n[    0.000000] ACPI: RSDT 0000000003fffbc1 00034 (v01 BOCHS  BXPCRSDT 00000001 BXPC 00000001)\n[    0.000000] ACPI: FACP 0000000003fff1c0 00074 (v01 BOCHS  BXPCFACP 00000001 BXPC 00000001)\n[    0.000000] ACPI: DSDT 0000000003ffe040 01180 (v01 BOCHS  BXPCDSDT 00000001 BXPC 00000001)\n[    0.000000] ACPI: FACS 0000000003ffe000 00040\n[    0.000000] ACPI: SSDT 0000000003fff234 008DD (v01 BOCHS  BXPCSSDT 00000001 BXPC 00000001)\n[    0.000000] ACPI: APIC 0000000003fffb11 00078 (v01 BOCHS  BXPCAPIC 00000001 BXPC 00000001)\n[    0.000000] ACPI: HPET 0000000003fffb89 00038 (v01 BOCHS  BXPCHPET 00000001 BXPC 00000001)\n[    0.000000] No NUMA configuration found\n[    0.000000] Faking a node at 0000000000000000-0000000003ffe000\n[    0.000000] Initmem setup node 0 0000000000000000-0000000003ffe000\n[    0.000000]   NODE_DATA [0000000003ff6000 - 0000000003ffafff]\n[    0.000000] Zone PFN ranges:\n[    0.000000]   DMA      0x00000010 -&gt; 0x00001000\n[    0.000000]   DMA32    0x00001000 -&gt; 0x00100000\n[    0.000000]   Normal   empty\n[    0.000000] Movable zone start PFN for each node\n[    0.000000] early_node_map[2] active PFN ranges\n[    0.000000]     0: 0x00000010 -&gt; 0x0000009f\n[    0.000000]     0: 0x00000100 -&gt; 0x00003ffe\n[    0.000000] ACPI: PM-Timer IO Port: 0xb008\n[    0.000000] ACPI: LAPIC (acpi_id[0x00] lapic_id[0x00] enabled)\n[    0.000000] ACPI: LAPIC_NMI (acpi_id[0xff] dfl dfl lint[0x1])\n[    0.000000] ACPI: IOAPIC (id[0x00] address[0xfec00000] gsi_base[0])\n[    0.000000] IOAPIC[0]: apic_id 0, version 17, address 0xfec00000, GSI 0-23\n[    0.000000] ACPI: INT_SRC_OVR (bus 0 bus_irq 0 global_irq 2 dfl dfl)\n[    0.000000] ACPI: INT_SRC_OVR (bus 0 bus_irq 5 global_irq 5 high level)\n[    0.000000] ACPI: INT_SRC_OVR (bus 0 bus_irq 9 global_irq 9 high level)\n[    0.000000] ACPI: INT_SRC_OVR (bus 0 bus_irq 10 global_irq 10 high level)\n[    0.000000] ACPI: INT_SRC_OVR (bus 0 bus_irq 11 global_irq 11 high level)\n[    0.000000] Using ACPI (MADT) for SMP configuration information\n[    0.000000] ACPI: HPET id: 0x8086a201 base: 0xfed00000\n[    0.000000] SMP: Allowing 1 CPUs, 0 hotplug CPUs\n[    0.000000] PM: Registered nosave memory: 000000000009f000 - 00000000000a0000\n[    0.000000] PM: Registered nosave memory: 00000000000a0000 - 00000000000f0000\n[    0.000000] PM: Registered nosave memory: 00000000000f0000 - 0000000000100000\n[    0.000000] Allocating PCI resources starting at 4000000 (gap: 4000000:fbfc0000)\n[    0.000000] Booting paravirtualized kernel on bare hardware\n[    0.000000] setup_pe
2015-12-06 08:48:31,745 20390 DEBUG    [tempest.scenario.manager] Console output for 489f6e50-0d72-4cc3-9076-ba8a23382321
body=
[    0.000000] Initializing cgroup subsys cpuset
[    0.000000] Initializing cgroup subsys cpu
[    0.000000] Linux version 3.2.0-80-virtual (buildd@batsu) (gcc version 4.6.3 (Ubuntu/Linaro 4.6.3-1ubuntu5) ) #116-Ubuntu SMP Mon Mar 23 17:28:52 UTC 2015 (Ubuntu 3.2.0-80.116-virtual 3.2.68)
[    0.000000] Command line: root=/dev/vda console=tty0 console=ttyS0 no_timer_check
[    0.000000] KERNEL supported cpus:
[    0.000000]   Intel GenuineIntel
[    0.000000]   AMD AuthenticAMD
[    0.000000]   Centaur CentaurHauls
[    0.000000] BIOS-provided physical RAM map:
[    0.000000]  BIOS-e820: 0000000000000000 - 000000000009fc00 (usable)
[    0.000000]  BIOS-e820: 000000000009fc00 - 00000000000a0000 (reserved)
[    0.000000]  BIOS-e820: 00000000000f0000 - 0000000000100000 (reserved)
[    0.000000]  BIOS-e820: 0000000000100000 - 0000000003ffe000 (usable)
[    0.000000]  BIOS-e820: 0000000003ffe000 - 0000000004000000 (reserved)
[    0.000000]  BIOS-e820: 00000000fffc0000 - 0000000100000000 (reserved)
[    0.000000] NX (Execute Disable) protection: active
[    0.000000] SMBIOS 2.4 present.
[    0.000000] No AGP bridge found
[    0.000000] last_pfn = 0x3ffe max_arch_pfn = 0x400000000
[    0.000000] x86 PAT enabled: cpu 0, old 0x7040600070406, new 0x7010600070106
[    0.000000] found SMP MP-table at [ffff8800000f0b00] f0b00
[    0.000000] init_memory_mapping: 0000000000000000-0000000003ffe000
[    0.000000] RAMDISK: 03c5e000 - 03ff0000
[    0.000000] ACPI: RSDP 00000000000f0950 00014 (v00 BOCHS )
[    0.000000] ACPI: RSDT 0000000003fffbc1 00034 (v01 BOCHS  BXPCRSDT 00000001 BXPC 00000001)
[    0.000000] ACPI: FACP 0000000003fff1c0 00074 (v01 BOCHS  BXPCFACP 00000001 BXPC 00000001)
[    0.000000] ACPI: DSDT 0000000003ffe040 01180 (v01 BOCHS  BXPCDSDT 00000001 BXPC 00000001)
[    0.000000] ACPI: FACS 0000000003ffe000 00040
[    0.000000] ACPI: SSDT 0000000003fff234 008DD (v01 BOCHS  BXPCSSDT 00000001 BXPC 00000001)
[    0.000000] ACPI: APIC 0000000003fffb11 00078 (v01 BOCHS  BXPCAPIC 00000001 BXPC 00000001)
[    0.000000] ACPI: HPET 0000000003fffb89 00038 (v01 BOCHS  BXPCHPET 00000001 BXPC 00000001)
[    0.000000] No NUMA configuration found
[    0.000000] Faking a node at 0000000000000000-0000000003ffe000
[    0.000000] Initmem setup node 0 0000000000000000-0000000003ffe000
[    0.000000]   NODE_DATA [0000000003ff6000 - 0000000003ffafff]
[    0.000000] Zone PFN ranges:
[    0.000000]   DMA      0x00000010 -&gt; 0x00001000
[    0.000000]   DMA32    0x00001000 -&gt; 0x00100000
[    0.000000]   Normal   empty
[    0.000000] Movable zone start PFN for each node
[    0.000000] early_node_map[2] active PFN ranges
[    0.000000]     0: 0x00000010 -&gt; 0x0000009f
[    0.000000]     0: 0x00000100 -&gt; 0x00003ffe
[    0.000000] ACPI: PM-Timer IO Port: 0xb008
[    0.000000] ACPI: LAPIC (acpi_id[0x00] lapic_id[0x00] enabled)
[    0.000000] ACPI: LAPIC_NMI (acpi_id[0xff] dfl dfl lint[0x1])
[    0.000000] ACPI: IOAPIC (id[0x00] address[0xfec00000] gsi_base[0])
[    0.000000] IOAPIC[0]: apic_id 0, version 17, address 0xfec00000, GSI 0-23
[    0.000000] ACPI: INT_SRC_OVR (bus 0 bus_irq 0 global_irq 2 dfl dfl)
[    0.000000] ACPI: INT_SRC_OVR (bus 0 bus_irq 5 global_irq 5 high level)
[    0.000000] ACPI: INT_SRC_OVR (bus 0 bus_irq 9 global_irq 9 high level)
[    0.000000] ACPI: INT_SRC_OVR (bus 0 bus_irq 10 global_irq 10 high level)
[    0.000000] ACPI: INT_SRC_OVR (bus 0 bus_irq 11 global_irq 11 high level)
[    0.000000] Using ACPI (MADT) for SMP configuration information
[    0.000000] ACPI: HPET id: 0x8086a201 base: 0xfed00000
[    0.000000] SMP: Allowing 1 CPUs, 0 hotplug CPUs
[    0.000000] PM: Registered nosave memory: 000000000009f000 - 00000000000a0000
[    0.000000] PM: Registered nosave memory: 00000000000a0000 - 00000000000f0000
[    0.000000] PM: Registered nosave memory: 00000000000f0000 - 0000000000100000
[    0.000000] Allocating PCI resources starting at 4000000 (gap: 4000000:fbfc0000)
[    0.000000] Booting paravirtualized kernel on bare hardware
[    0.000000] setup_percpu: NR_CPUS:64 nr_cpumask_bits:64 nr_cpu_ids:1 nr_node_ids:1
[    0.000000] PERCPU: Embedded 27 pages/cpu @ffff880003a00000 s78848 r8192 d23552 u2097152
[    0.000000] Built 1 zonelists in Node order, mobility grouping on.  Total pages: 16008
[    0.000000] Policy zone: DMA32
[    0.000000] Kernel command line: root=/dev/vda console=tty0 console=ttyS0 no_timer_check
[    0.000000] PID hash table entries: 256 (order: -1, 2048 bytes)
[    0.000000] Checking aperture...
[    0.000000] No AGP bridge found
[    0.000000] Memory: 43492k/65528k available (6576k kernel code, 452k absent, 21584k reserved, 6620k data, 928k init)
[    0.000000] SLUB: Genslabs=15, HWalign=64, Order=0-3, MinObjects=0, CPUs=1, Nodes=1
[    0.000000] Hierarchical RCU implementation.
[    0.000000] 	RCU dyntick-idle grace-period acceleration is enabled.
[    0.000000] NR_IRQS:4352 nr_irqs:256 16
[    0.000000] Console: colour VGA+ 80x25
[    0.000000] console [tty0] enabled
[    0.000000] console [ttyS0] enabled
[    0.000000] allocated 1048576 bytes of page_cgroup
[    0.000000] please try 'cgroup_disable=memory' option if you don't want memory cgroups
[    0.000000] Fast TSC calibration failed
[    0.000000] TSC: Unable to calibrate against PIT
[    0.000000] TSC: using HPET reference calibration
[    0.000000] Detected 2295.127 MHz processor.
[    0.033008] Calibrating delay loop (skipped), value calculated using timer frequency.. 4590.25 BogoMIPS (lpj=9180508)
[    0.036864] pid_max: default: 32768 minimum: 301
[    0.044917] Security Framework initialized
[    0.048662] AppArmor: AppArmor initialized
[    0.049284] Yama: becoming mindful.
[    0.056319] Dentry cache hash table entries: 8192 (order: 4, 65536 bytes)
[    0.058523] Inode-cache hash table entries: 4096 (order: 3, 32768 bytes)
[    0.060702] Mount-cache hash table entries: 256
[    0.073983] Initializing cgroup subsys cpuacct
[    0.074826] Initializing cgroup subsys memory
[    0.077345] Initializing cgroup subsys devices
[    0.078159] Initializing cgroup subsys freezer
[    0.078852] Initializing cgroup subsys blkio
[    0.080178] Initializing cgroup subsys perf_event
[    0.085235] mce: CPU supports 10 MCE banks
[    0.088117] SMP alternatives: switching to UP code
[    0.477477] Freeing SMP alternatives: 24k freed
[    0.479182] ACPI: Core revision 20110623
[    0.532596] ftrace: allocating 26610 entries in 105 pages
[    0.564034] ..TIMER: vector=0x30 apic1=0 pin1=2 apic2=-1 pin2=-1
[    0.564141] CPU0: AMD QEMU Virtual CPU version 2.0.0 stepping 03
[    0.568034] Performance Events: Broken PMU hardware detected, using software events only.
[    0.576590] NMI watchdog disabled (cpu0): hardware events not enabled
[    0.578174] Brought up 1 CPUs
[    0.578670] Total of 1 processors activated (4590.25 BogoMIPS).
[    0.601882] devtmpfs: initialized
[    0.650445] EVM: security.selinux
[    0.650957] EVM: security.SMACK64
[    0.652080] EVM: security.capability
[    0.673117] print_constraints: dummy: 
[    0.675043] RTC time:  8:46:32, date: 12/06/15
[    0.678055] NET: Registered protocol family 16
[    0.687536] ACPI: bus type pci registered
[    0.692172] PCI: Using configuration type 1 for base access
[    0.723513] bio: create slab &lt;bio-0&gt; at 0
[    0.728983] ACPI: Added _OSI(Module Device)
[    0.729765] ACPI: Added _OSI(Processor Device)
[    0.730335] ACPI: Added _OSI(3.0 _SCP Extensions)
[    0.730898] ACPI: Added _OSI(Processor Aggregator Device)
[    0.812629] ACPI: Interpreter enabled
[    0.813286] ACPI: (supports S0 S3 S4 S5)
[    0.816494] ACPI: Using IOAPIC for interrupt routing
[    0.900718] ACPI: No dock devices found.
[    0.901386] HEST: Table not found.
[    0.901944] PCI: Using host bridge windows from ACPI; if necessary, use "pci=nocrs" and report a bug
[    0.907392] ACPI: PCI Root Bridge [PCI0] (domain 0000 [bus 00-ff])
[    0.913541] pci_root PNP0A03:00: host bridge window [io  0x0000-0x0cf7]
[    0.914522] pci_root PNP0A03:00: host bridge window [io  0x0d00-0xadff]
[    0.915976] pci_root PNP0A03:00: host bridge window [io  0xae0f-0xaeff]
[    0.916113] pci_root PNP0A03:00: host bridge window [io  0xaf20-0xafdf]
[    0.916892] pci_root PNP0A03:00: host bridge window [io  0xafe4-0xffff]
[    0.917897] pci_root PNP0A03:00: host bridge window [mem 0x000a0000-0x000bffff]
[    0.920115] pci_root PNP0A03:00: host bridge window [mem 0x04000000-0xfebfffff]
[    0.944405] pci 0000:00:01.3: quirk: [io  0xb000-0xb03f] claimed by PIIX4 ACPI
[    0.945417] pci 0000:00:01.3: quirk: [io  0xb100-0xb10f] claimed by PIIX4 SMB
[    1.019729]  pci0000:00: Unable to request _OSC control (_OSC support mask: 0x1e)
[    1.079155] ACPI: PCI Interrupt Link [LNKA] (IRQs 5 *10 11)
[    1.081573] ACPI: PCI Interrupt Link [LNKB] (IRQs 5 *10 11)
[    1.084360] ACPI: PCI Interrupt Link [LNKC] (IRQs 5 10 *11)
[    1.085959] ACPI: PCI Interrupt Link [LNKD] (IRQs 5 10 *11)
[    1.087393] ACPI: PCI Interrupt Link [LNKS] (IRQs *9)
[    1.093294] vgaarb: device added: PCI:0000:00:02.0,decodes=io+mem,owns=io+mem,locks=none
[    1.095043] vgaarb: loaded
[    1.095395] vgaarb: bridge control possible 0000:00:02.0
[    1.098677] i2c-core: driver [aat2870] using legacy suspend method
[    1.100138] i2c-core: driver [aat2870] using legacy resume method
[    1.102381] SCSI subsystem initialized
[    1.106178] usbcore: registered new interface driver usbfs
[    1.107422] usbcore: registered new interface driver hub
[    1.108736] usbcore: registered new device driver usb
[    1.112624] PCI: Using ACPI for IRQ routing
[    1.125593] NetLabel: Initializing
[    1.126084] NetLabel:  domain hash size = 128
[    1.126627] NetLabel:  protocols = UNLABELED CIPSOv4
[    1.129793] NetLabel:  unlabeled traffic allowed by default
[    1.133249] HPET: 3 timers in total, 0 timers will be used for per-cpu timer
[    1.135325] hpet0: at MMIO 0xfed00000, IRQs 2, 8, 0
[    1.136070] hpet0: 3 comparators, 64-bit 100.000000 MHz counter
[    1.153295] Switching to clocksource hpet
[    1.395071] AppArmor: AppArmor Filesystem Enabled
[    1.397607] pnp: PnP ACPI init
[    1.398263] ACPI: bus type pnp registered
[    1.422423] pnp: PnP ACPI: found 9 devices
[    1.423126] ACPI: ACPI bus type pnp unregistered
[    1.491267] NET: Registered protocol family 2
[    1.533144] IP route cache hash table entries: 512 (order: 0, 4096 bytes)
[    1.541337] TCP established hash table entries: 2048 (order: 3, 32768 bytes)
[    1.542717] TCP bind hash table entries: 2048 (order: 3, 32768 bytes)
[    1.543824] TCP: Hash tables configured (established 2048 bind 2048)
[    1.545899] TCP reno registered
[    1.546817] UDP hash table entries: 128 (order: 0, 4096 bytes)
[    1.547765] UDP-Lite hash table entries: 128 (order: 0, 4096 bytes)
[    1.550879] NET: Registered protocol family 1
[    1.553759] pci 0000:00:00.0: Limiting direct PCI/PCI transfers
[    1.555193] pci 0000:00:01.0: PIIX3: Enabling Passive Release
[    1.556043] pci 0000:00:01.0: Activating ISA DMA hang workarounds
[    1.562429] ACPI: PCI Interrupt Link [LNKD] enabled at IRQ 11
[    1.563586] pci 0000:00:01.2: PCI INT D -&gt; Link[LNKD] -&gt; GSI 11 (level, high) -&gt; IRQ 11
[    1.566695] pci 0000:00:01.2: PCI INT D disabled
[    1.585551] Trying to unpack rootfs image as initramfs...
[    1.602824] audit: initializing netlink socket (disabled)
[    1.605204] type=2000 audit(1449391592.600:1): initialized
[    1.863712] HugeTLB registered 2 MB page size, pre-allocated 0 pages
[    1.942712] VFS: Disk quotas dquot_6.5.2
[    1.943996] Dquot-cache hash table entries: 512 (order 0, 4096 bytes)
[    1.967506] fuse init (API version 7.17)
[    1.971395] msgmni has been set to 84
[    2.010021] Block layer SCSI generic (bsg) driver version 0.4 loaded (major 253)
[    2.011868] io scheduler noop registered
[    2.013764] io scheduler deadline registered (default)
[    2.015102] io scheduler cfq registered
[    2.018475] pci_hotplug: PCI Hot Plug PCI Core version: 0.5
[    2.021565] pciehp: PCI Express Hot Plug Controller Driver version: 0.4
[    2.027046] input: Power Button as /devices/LNXSYSTM:00/LNXPWRBN:00/input/input0
[    2.029578] ACPI: Power Button [PWRF]
[    2.083136] ERST: Table is not found!
[    2.083851] GHES: HEST is not enabled!
[    2.094133] ACPI: PCI Interrupt Link [LNKC] enabled at IRQ 10
[    2.094754] virtio-pci 0000:00:03.0: PCI INT A -&gt; Link[LNKC] -&gt; GSI 10 (level, high) -&gt; IRQ 10
[    2.098802] virtio-pci 0000:00:04.0: PCI INT A -&gt; Link[LNKD] -&gt; GSI 11 (level, high) -&gt; IRQ 11
[    2.118871] ACPI: PCI Interrupt Link [LNKA] enabled at IRQ 10
[    2.119632] virtio-pci 0000:00:05.0: PCI INT A -&gt; Link[LNKA] -&gt; GSI 10 (level, high) -&gt; IRQ 10
[    2.130971] Serial: 8250/16550 driver, 32 ports, IRQ sharing enabled
[    2.186456] serial8250: ttyS0 at I/O 0x3f8 (irq = 4) is a 16550A
[    2.290578] serial8250: ttyS1 at I/O 0x2f8 (irq = 3) is a 16550A
[    2.421418] 00:05: ttyS0 at I/O 0x3f8 (irq = 4) is a 16550A
[    2.507286] 00:06: ttyS1 at I/O 0x2f8 (irq = 3) is a 16550A
[    2.566306] Linux agpgart interface v0.103
[    2.574315] Refined TSC clocksource calibration: 2295.186 MHz.
[    2.574880] Switching to clocksource tsc
[    2.629888] brd: module loaded
[    2.659533] loop: module loaded
[    2.741952]  vda: unknown partition table
[    2.802734] scsi0 : ata_piix
[    2.813313] scsi1 : ata_piix
[    2.814593] ata1: PATA max MWDMA2 cmd 0x1f0 ctl 0x3f6 bmdma 0xc0a0 irq 14
[    2.815894] ata2: PATA max MWDMA2 cmd 0x170 ctl 0x376 bmdma 0xc0a8 irq 15
[    2.827506] Fixed MDIO Bus: probed
[    2.829557] tun: Universal TUN/TAP device driver, 1.6
[    2.830107] tun: (C) 1999-2004 Max Krasnyansky &lt;maxk@qualcomm.com&gt;
[    2.854704] PPP generic driver version 2.4.2
[    2.875894] ehci_hcd: USB 2.0 'Enhanced' Host Controller (EHCI) Driver
[    2.877754] ohci_hcd: USB 1.1 'Open' Host Controller (OHCI) Driver
[    2.878689] uhci_hcd: USB Universal Host Controller Interface driver
[    2.879854] uhci_hcd 0000:00:01.2: PCI INT D -&gt; Link[LNKD] -&gt; GSI 11 (level, high) -&gt; IRQ 11
[    2.882969] uhci_hcd 0000:00:01.2: UHCI Host Controller
[    2.893717] uhci_hcd 0000:00:01.2: new USB bus registered, assigned bus number 1
[    2.895408] uhci_hcd 0000:00:01.2: irq 11, io base 0x0000c040
[    2.931086] hub 1-0:1.0: USB hub found
[    2.932019] hub 1-0:1.0: 2 ports detected
[    2.940162] usbcore: registered new interface driver libusual
[    2.943954] i8042: PNP: PS/2 Controller [PNP0303:KBD,PNP0f13:MOU] at 0x60,0x64 irq 1,12
[    2.959019] serio: i8042 KBD port at 0x60,0x64 irq 1
[    2.964897] serio: i8042 AUX port at 0x60,0x64 irq 12
[    3.019605] ata2.01: ATAPI: QEMU DVD-ROM, 2.0.0, max UDMA/100
[    3.040587] ata2.01: configured for MWDMA2
[    3.067370] scsi 1:0:1:0: CD-ROM            QEMU     QEMU DVD-ROM     2.0. PQ: 0 ANSI: 5
[    3.079427] mousedev: PS/2 mouse device common for all mice
[    3.092262] input: AT Translated Set 2 keyboard as /devices/platform/i8042/serio0/input/input1
[    3.098371] rtc_cmos 00:01: RTC can wake from S4
[    3.137504] rtc_cmos 00:01: rtc core: registered rtc_cmos as rtc0
[    3.144027] rtc0: alarms up to one day, 114 bytes nvram, hpet irqs
[    3.150166] device-mapper: uevent: version 1.0.3
[    3.160884] sr0: scsi3-mmc drive: 4x/4x cd/rw xa/form2 tray
[    3.163238] cdrom: Uniform CD-ROM driver Revision: 3.20
[    3.193011] sr 1:0:1:0: Attached scsi generic sg0 type 5
[    3.197257] device-mapper: ioctl: 4.22.0-ioctl (2011-10-19) initialised: dm-devel@redhat.com
[    3.202689] cpuidle: using governor ladder
[    3.203395] cpuidle: using governor menu
[    3.204557] EFI Variables Facility v0.08 2004-May-17
[    3.217651] TCP cubic registered
[    3.222629] NET: Registered protocol family 10
[    3.271712] NET: Registered protocol family 17
[    3.274290] Registering the dns_resolver key type
[    3.379739] registered taskstats version 1
[    3.419641] Freeing initrd memory: 3656k freed
[    3.940073]   Magic number: 11:569:775
[    3.949254] misc psaux: hash matches
[    3.950457] misc fuse: hash matches
[    3.954384] rtc_cmos 00:01: setting system clock to 2015-12-06 08:46:35 UTC (1449391595)
[    3.958645] powernow-k8: Processor cpuid 663 not supported
[    3.968158] BIOS EDD facility v0.16 2004-Jun-25, 0 devices found
[    3.971107] EDD information not available.
[    4.058328] Freeing unused kernel memory: 928k freed
[    4.062376] Write protecting the kernel read-only data: 12288k
[    4.165234] Freeing unused kernel memory: 1596k freed
[    4.223640] Freeing unused kernel memory: 1184k freed

info: initramfs: up at 4.39
modprobe: module virtio_blk not found in modules.dep
modprobe: module virtio_net not found in modules.dep
info: copying initramfs to /dev/vda
info: initramfs loading root from /dev/vda
info: /etc/init.d/rc.sysinit: up at 9.09
info: container: none
Starting logging: OK
modprobe: module virtio_blk not found in modules.dep
modprobe: module virtio_net not found in modules.dep
WARN: /etc/rc3.d/S10-load-modules failed
Initializing random number generator... done.
Starting acpid: OK
cirros-ds 'local' up at 11.64
found datasource (configdrive, local)
Starting network...
udhcpc (v1.20.1) started
Sending discover...
Sending discover...

2015-12-06 08:48:32,025 20390 INFO     [tempest_lib.common.rest_client] Request (TestNetworkAdvancedServerOps:_run_cleanups): 204 DELETE http://10.0.2.15:9696/v2.0/floatingips/2ac91edf-3bc0-411d-86d6-8abfb50113dd 0.274s
2015-12-06 08:48:32,025 20390 DEBUG    [tempest_lib.common.rest_client] Request - Headers: {'Content-Type': 'application/json', 'Accept': 'application/json', 'X-Auth-Token': '&lt;omitted&gt;'}
        Body: None
    Response - Headers: {'date': 'Sun, 06 Dec 2015 08:48:32 GMT', 'status': '204', 'connection': 'close', 'content-length': '0', 'x-openstack-request-id': 'req-1af52ac2-c6f2-48e9-b346-9f0ed7e13f68'}
        Body: 
2015-12-06 08:48:32,234 20390 INFO     [tempest_lib.common.rest_client] Request (TestNetworkAdvancedServerOps:_run_cleanups): 204 DELETE http://10.0.2.15:8774/v2.1/9785ae814af24514851f35c5b9e42a5e/servers/489f6e50-0d72-4cc3-9076-ba8a23382321 0.208s
2015-12-06 08:48:32,234 20390 DEBUG    [tempest_lib.common.rest_client] Request - Headers: {'Content-Type': 'application/json', 'Accept': 'application/json', 'X-Auth-Token': '&lt;omitted&gt;'}
        Body: None
    Response - Headers: {'status': '204', 'content-length': '0', 'x-compute-request-id': 'req-e955b631-340b-4853-b040-a2678eaa4c2e', 'vary': 'X-OpenStack-Nova-API-Version', 'connection': 'close', 'x-openstack-nova-api-version': '2.1', 'date': 'Sun, 06 Dec 2015 08:48:32 GMT', 'content-type': 'application/json'}
        Body: 
2015-12-06 08:48:32,462 20390 INFO     [tempest_lib.common.rest_client] Request (TestNetworkAdvancedServerOps:_run_cleanups): 200 GET http://10.0.2.15:8774/v2.1/9785ae814af24514851f35c5b9e42a5e/servers/489f6e50-0d72-4cc3-9076-ba8a23382321 0.227s
2015-12-06 08:48:32,463 20390 DEBUG    [tempest_lib.common.rest_client] Request - Headers: {'Content-Type': 'application/json', 'Accept': 'application/json', 'X-Auth-Token': '&lt;omitted&gt;'}
        Body: None
    Response - Headers: {'status': '200', 'content-length': '1783', 'content-location': 'http://10.0.2.15:8774/v2.1/9785ae814af24514851f35c5b9e42a5e/servers/489f6e50-0d72-4cc3-9076-ba8a23382321', 'x-compute-request-id': 'req-3c8c1a16-d282-45fa-876a-306a0b3d5c92', 'vary': 'X-OpenStack-Nova-API-Version', 'connection': 'close', 'x-openstack-nova-api-version': '2.1', 'date': 'Sun, 06 Dec 2015 08:48:32 GMT', 'content-type': 'application/json'}
        Body: {"server": {"status": "ACTIVE", "updated": "2015-12-06T08:48:32Z", "hostId": "3688efddae0b76a79cc7c2840c935618b772974d7b638a6d1091c9c2", "addresses": {"tempest-network-smoke--55432166": [{"OS-EXT-IPS-MAC:mac_addr": "fa:16:3e:73:97:be", "version": 4, "addr": "10.100.0.3", "OS-EXT-IPS:type": "fixed"}, {"OS-EXT-IPS-MAC:mac_addr": "fa:16:3e:73:97:be", "version": 4, "addr": "172.24.4.4", "OS-EXT-IPS:type": "floating"}]}, "links": [{"href": "http://10.0.2.15:8774/v2.1/9785ae814af24514851f35c5b9e42a5e/servers/489f6e50-0d72-4cc3-9076-ba8a23382321", "rel": "self"}, {"href": "http://10.0.2.15:8774/9785ae814af24514851f35c5b9e42a5e/servers/489f6e50-0d72-4cc3-9076-ba8a23382321", "rel": "bookmark"}], "key_name": "tempest-TestNetworkAdvancedServerOps-708398740", "image": {"id": "282a6f62-728c-4b0a-ba08-f5235cfda0e6", "links": [{"href": "http://10.0.2.15:8774/9785ae814af24514851f35c5b9e42a5e/images/282a6f62-728c-4b0a-ba08-f5235cfda0e6", "rel": "bookmark"}]}, "OS-EXT-STS:task_state": "deleting", "OS-EXT-STS:vm_state": "active", "OS-SRV-USG:launched_at": "2015-12-06T08:46:28.000000", "flavor": {"id": "42", "links": [{"href": "http://10.0.2.15:8774/9785ae814af24514851f35c5b9e42a5e/flavors/42", "rel": "bookmark"}]}, "id": "489f6e50-0d72-4cc3-9076-ba8a23382321", "security_groups": [{"name": "tempest-secgroup-smoke-1067547659"}], "OS-SRV-USG:terminated_at": null, "OS-EXT-AZ:availability_zone": "nova", "user_id": "c4adf191c071457e8498484ed61e2954", "name": "tempest.common.compute-instance-1588581204", "created": "2015-12-06T08:46:24Z", "tenant_id": "9785ae814af24514851f35c5b9e42a5e", "OS-DCF:diskConfig": "MANUAL", "os-extended-volumes:volumes_attached": [], "accessIPv4": "", "accessIPv6": "", "progress": 0, "OS-EXT-STS:power_state": 1, "config_drive": "True", "metadata": {}}}
2015-12-06 08:48:33,655 20390 INFO     [tempest_lib.common.rest_client] Request (TestNetworkAdvancedServerOps:_run_cleanups): 200 GET http://10.0.2.15:8774/v2.1/9785ae814af24514851f35c5b9e42a5e/servers/489f6e50-0d72-4cc3-9076-ba8a23382321 0.177s
2015-12-06 08:48:33,656 20390 DEBUG    [tempest_lib.common.rest_client] Request - Headers: {'Content-Type': 'application/json', 'Accept': 'application/json', 'X-Auth-Token': '&lt;omitted&gt;'}
        Body: None
    Response - Headers: {'status': '200', 'content-length': '1449', 'content-location': 'http://10.0.2.15:8774/v2.1/9785ae814af24514851f35c5b9e42a5e/servers/489f6e50-0d72-4cc3-9076-ba8a23382321', 'x-compute-request-id': 'req-cf0c37a3-630a-4095-a3e8-7a1d963a43bc', 'vary': 'X-OpenStack-Nova-API-Version', 'connection': 'close', 'x-openstack-nova-api-version': '2.1', 'date': 'Sun, 06 Dec 2015 08:48:33 GMT', 'content-type': 'application/json'}
        Body: {"server": {"status": "ACTIVE", "updated": "2015-12-06T08:48:33Z", "hostId": "3688efddae0b76a79cc7c2840c935618b772974d7b638a6d1091c9c2", "addresses": {}, "links": [{"href": "http://10.0.2.15:8774/v2.1/9785ae814af24514851f35c5b9e42a5e/servers/489f6e50-0d72-4cc3-9076-ba8a23382321", "rel": "self"}, {"href": "http://10.0.2.15:8774/9785ae814af24514851f35c5b9e42a5e/servers/489f6e50-0d72-4cc3-9076-ba8a23382321", "rel": "bookmark"}], "key_name": "tempest-TestNetworkAdvancedServerOps-708398740", "image": {"id": "282a6f62-728c-4b0a-ba08-f5235cfda0e6", "links": [{"href": "http://10.0.2.15:8774/9785ae814af24514851f35c5b9e42a5e/images/282a6f62-728c-4b0a-ba08-f5235cfda0e6", "rel": "bookmark"}]}, "OS-EXT-STS:task_state": "deleting", "OS-EXT-STS:vm_state": "active", "OS-SRV-USG:launched_at": "2015-12-06T08:46:28.000000", "flavor": {"id": "42", "links": [{"href": "http://10.0.2.15:8774/9785ae814af24514851f35c5b9e42a5e/flavors/42", "rel": "bookmark"}]}, "id": "489f6e50-0d72-4cc3-9076-ba8a23382321", "OS-SRV-USG:terminated_at": null, "OS-EXT-AZ:availability_zone": "nova", "user_id": "c4adf191c071457e8498484ed61e2954", "name": "tempest.common.compute-instance-1588581204", "created": "2015-12-06T08:46:24Z", "tenant_id": "9785ae814af24514851f35c5b9e42a5e", "OS-DCF:diskConfig": "MANUAL", "os-extended-volumes:volumes_attached": [], "accessIPv4": "", "accessIPv6": "", "progress": 0, "OS-EXT-STS:power_state": 1, "config_drive": "True", "metadata": {}}}
2015-12-06 08:48:34,757 20390 INFO     [tempest_lib.common.rest_client] Request (TestNetworkAdvancedServerOps:_run_cleanups): 404 GET http://10.0.2.15:8774/v2.1/9785ae814af24514851f35c5b9e42a5e/servers/489f6e50-0d72-4cc3-9076-ba8a23382321 0.091s
2015-12-06 08:48:34,758 20390 DEBUG    [tempest_lib.common.rest_client] Request - Headers: {'Content-Type': 'application/json', 'Accept': 'application/json', 'X-Auth-Token': '&lt;omitted&gt;'}
        Body: None
    Response - Headers: {'status': '404', 'content-length': '111', 'x-compute-request-id': 'req-c8e7958a-e3b6-44ec-8536-cd1cb344b5ce', 'vary': 'X-OpenStack-Nova-API-Version', 'connection': 'close', 'x-openstack-nova-api-version': '2.1', 'date': 'Sun, 06 Dec 2015 08:48:34 GMT', 'content-type': 'application/json; charset=UTF-8'}
        Body: {"itemNotFound": {"message": "Instance 489f6e50-0d72-4cc3-9076-ba8a23382321 could not be found.", "code": 404}}
2015-12-06 08:48:35,196 20390 INFO     [tempest_lib.common.rest_client] Request (TestNetworkAdvancedServerOps:_run_cleanups): 200 PUT http://10.0.2.15:9696/v2.0/routers/f6d1a3af-0338-4300-9943-7179df8dfc8a/remove_router_interface 0.437s
2015-12-06 08:48:35,197 20390 DEBUG    [tempest_lib.common.rest_client] Request - Headers: {'Content-Type': 'application/json', 'Accept': 'application/json', 'X-Auth-Token': '&lt;omitted&gt;'}
        Body: {"subnet_id": "936c619e-484f-400c-9a0f-4ff1eeb078be"}
    Response - Headers: {'status': '200', 'content-length': '255', 'connection': 'close', 'date': 'Sun, 06 Dec 2015 08:48:35 GMT', 'content-type': 'application/json; charset=UTF-8', 'x-openstack-request-id': 'req-763c0fe0-f1ae-4af1-bc22-c1ec89beda2a'}
        Body: {"subnet_id": "936c619e-484f-400c-9a0f-4ff1eeb078be", "tenant_id": "9785ae814af24514851f35c5b9e42a5e", "subnet_ids": ["936c619e-484f-400c-9a0f-4ff1eeb078be"], "port_id": "59a43c47-f4a5-4c55-aaea-3e32e7148697", "id": "f6d1a3af-0338-4300-9943-7179df8dfc8a"}
2015-12-06 08:48:35,678 20390 INFO     [tempest_lib.common.rest_client] Request (TestNetworkAdvancedServerOps:_run_cleanups): 204 DELETE http://10.0.2.15:9696/v2.0/subnets/936c619e-484f-400c-9a0f-4ff1eeb078be 0.480s
2015-12-06 08:48:35,678 20390 DEBUG    [tempest_lib.common.rest_client] Request - Headers: {'Content-Type': 'application/json', 'Accept': 'application/json', 'X-Auth-Token': '&lt;omitted&gt;'}
        Body: None
    Response - Headers: {'date': 'Sun, 06 Dec 2015 08:48:35 GMT', 'status': '204', 'connection': 'close', 'content-length': '0', 'x-openstack-request-id': 'req-ea43af17-4140-4180-acb2-b17e8b05f287'}
        Body: 
2015-12-06 08:48:35,770 20390 INFO     [tempest_lib.common.rest_client] Request (TestNetworkAdvancedServerOps:_run_cleanups): 200 GET http://10.0.2.15:9696/v2.0/routers/f6d1a3af-0338-4300-9943-7179df8dfc8a 0.091s
2015-12-06 08:48:35,771 20390 DEBUG    [tempest_lib.common.rest_client] Request - Headers: {'Content-Type': 'application/json', 'Accept': 'application/json', 'X-Auth-Token': '&lt;omitted&gt;'}
        Body: None
    Response - Headers: {'status': '200', 'content-length': '564', 'content-location': 'http://10.0.2.15:9696/v2.0/routers/f6d1a3af-0338-4300-9943-7179df8dfc8a', 'connection': 'close', 'date': 'Sun, 06 Dec 2015 08:48:35 GMT', 'content-type': 'application/json; charset=UTF-8', 'x-openstack-request-id': 'req-f11105e2-741a-46fe-88c6-ba19f3f44aca'}
        Body: {"router": {"status": "ACTIVE", "external_gateway_info": {"network_id": "5b1fd7ff-c424-4c9d-adc8-224b9a16ee20", "enable_snat": true, "external_fixed_ips": [{"subnet_id": "50341516-a819-4d27-8216-38222f3f0d02", "ip_address": "172.24.4.3"}, {"subnet_id": "408b09c8-8f5e-4ad3-b5d3-778d939727e8", "ip_address": "2001:db8::4"}]}, "availability_zone_hints": [], "availability_zones": ["nova"], "name": "tempest-router-smoke-1253289099", "admin_state_up": true, "tenant_id": "9785ae814af24514851f35c5b9e42a5e", "routes": [], "id": "f6d1a3af-0338-4300-9943-7179df8dfc8a"}}
2015-12-06 08:48:36,379 20390 INFO     [tempest_lib.common.rest_client] Request (TestNetworkAdvancedServerOps:_run_cleanups): 200 PUT http://10.0.2.15:9696/v2.0/routers/f6d1a3af-0338-4300-9943-7179df8dfc8a 0.606s
2015-12-06 08:48:36,380 20390 DEBUG    [tempest_lib.common.rest_client] Request - Headers: {'Content-Type': 'application/json', 'Accept': 'application/json', 'X-Auth-Token': '&lt;omitted&gt;'}
        Body: {"router": {"external_gateway_info": {}, "name": "tempest-router-smoke-1253289099", "admin_state_up": true}}
    Response - Headers: {'status': '200', 'content-length': '302', 'connection': 'close', 'date': 'Sun, 06 Dec 2015 08:48:36 GMT', 'content-type': 'application/json; charset=UTF-8', 'x-openstack-request-id': 'req-2b4903e2-5e93-42f9-9746-d3404f610f9c'}
        Body: {"router": {"status": "ACTIVE", "external_gateway_info": null, "availability_zone_hints": [], "availability_zones": ["nova"], "name": "tempest-router-smoke-1253289099", "admin_state_up": true, "tenant_id": "9785ae814af24514851f35c5b9e42a5e", "routes": [], "id": "f6d1a3af-0338-4300-9943-7179df8dfc8a"}}
2015-12-06 08:48:36,635 20390 INFO     [tempest_lib.common.rest_client] Request (TestNetworkAdvancedServerOps:_run_cleanups): 204 DELETE http://10.0.2.15:9696/v2.0/routers/f6d1a3af-0338-4300-9943-7179df8dfc8a 0.254s
2015-12-06 08:48:36,635 20390 DEBUG    [tempest_lib.common.rest_client] Request - Headers: {'Content-Type': 'application/json', 'Accept': 'application/json', 'X-Auth-Token': '&lt;omitted&gt;'}
        Body: None
    Response - Headers: {'date': 'Sun, 06 Dec 2015 08:48:36 GMT', 'status': '204', 'connection': 'close', 'content-length': '0', 'x-openstack-request-id': 'req-f0711b8d-9523-42ae-8fa4-db09dfb9af38'}
        Body: 
2015-12-06 08:48:36,852 20390 INFO     [tempest_lib.common.rest_client] Request (TestNetworkAdvancedServerOps:_run_cleanups): 204 DELETE http://10.0.2.15:9696/v2.0/networks/01b90e06-96f7-416c-ae8d-39a6958ec484 0.215s
2015-12-06 08:48:36,852 20390 DEBUG    [tempest_lib.common.rest_client] Request - Headers: {'Content-Type': 'application/json', 'Accept': 'application/json', 'X-Auth-Token': '&lt;omitted&gt;'}
        Body: None
    Response - Headers: {'date': 'Sun, 06 Dec 2015 08:48:36 GMT', 'status': '204', 'connection': 'close', 'content-length': '0', 'x-openstack-request-id': 'req-defa79cb-0b76-4f8e-9a73-67d3eaac27ea'}
        Body: 
2015-12-06 08:48:36,906 20390 INFO     [tempest_lib.common.rest_client] Request (TestNetworkAdvancedServerOps:_run_cleanups): 204 DELETE http://10.0.2.15:9696/v2.0/security-group-rules/a0d1b3e5-41ae-430b-aa29-8a0b5f53d958 0.053s
2015-12-06 08:48:36,907 20390 DEBUG    [tempest_lib.common.rest_client] Request - Headers: {'Content-Type': 'application/json', 'Accept': 'application/json', 'X-Auth-Token': '&lt;omitted&gt;'}
        Body: None
    Response - Headers: {'date': 'Sun, 06 Dec 2015 08:48:36 GMT', 'status': '204', 'connection': 'close', 'content-length': '0', 'x-openstack-request-id': 'req-e327e53c-a7ba-49d9-b984-d4c4d8ba703a'}
        Body: 
2015-12-06 08:48:36,974 20390 INFO     [tempest_lib.common.rest_client] Request (TestNetworkAdvancedServerOps:_run_cleanups): 204 DELETE http://10.0.2.15:9696/v2.0/security-group-rules/a3a1efdb-0dae-4f2c-8ce1-4d9537cbf999 0.066s
2015-12-06 08:48:36,975 20390 DEBUG    [tempest_lib.common.rest_client] Request - Headers: {'Content-Type': 'application/json', 'Accept': 'application/json', 'X-Auth-Token': '&lt;omitted&gt;'}
        Body: None
    Response - Headers: {'date': 'Sun, 06 Dec 2015 08:48:36 GMT', 'status': '204', 'connection': 'close', 'content-length': '0', 'x-openstack-request-id': 'req-59bcea65-749a-41bc-91cc-983223359cbd'}
        Body: 
2015-12-06 08:48:37,036 20390 INFO     [tempest_lib.common.rest_client] Request (TestNetworkAdvancedServerOps:_run_cleanups): 204 DELETE http://10.0.2.15:9696/v2.0/security-group-rules/42a6cad7-be62-4c7c-9328-03ca3a16a157 0.060s
2015-12-06 08:48:37,037 20390 DEBUG    [tempest_lib.common.rest_client] Request - Headers: {'Content-Type': 'application/json', 'Accept': 'application/json', 'X-Auth-Token': '&lt;omitted&gt;'}
        Body: None
    Response - Headers: {'date': 'Sun, 06 Dec 2015 08:48:37 GMT', 'status': '204', 'connection': 'close', 'content-length': '0', 'x-openstack-request-id': 'req-a6f1748e-e3fe-4c58-9eec-ff88a2a8eeb0'}
        Body: 
2015-12-06 08:48:37,092 20390 INFO     [tempest_lib.common.rest_client] Request (TestNetworkAdvancedServerOps:_run_cleanups): 204 DELETE http://10.0.2.15:9696/v2.0/security-group-rules/aa3570c5-3ab0-49c7-932e-769b2a2bed58 0.054s
2015-12-06 08:48:37,092 20390 DEBUG    [tempest_lib.common.rest_client] Request - Headers: {'Content-Type': 'application/json', 'Accept': 'application/json', 'X-Auth-Token': '&lt;omitted&gt;'}
        Body: None
    Response - Headers: {'date': 'Sun, 06 Dec 2015 08:48:37 GMT', 'status': '204', 'connection': 'close', 'content-length': '0', 'x-openstack-request-id': 'req-2ecd9233-93e3-4433-9f3b-dcb2f1c43f6e'}
        Body: 
2015-12-06 08:48:37,152 20390 INFO     [tempest_lib.common.rest_client] Request (TestNetworkAdvancedServerOps:_run_cleanups): 204 DELETE http://10.0.2.15:9696/v2.0/security-group-rules/c9005db8-210b-4291-b541-26cc2fdf097d 0.059s
2015-12-06 08:48:37,153 20390 DEBUG    [tempest_lib.common.rest_client] Request - Headers: {'Content-Type': 'application/json', 'Accept': 'application/json', 'X-Auth-Token': '&lt;omitted&gt;'}
        Body: None
    Response - Headers: {'date': 'Sun, 06 Dec 2015 08:48:37 GMT', 'status': '204', 'connection': 'close', 'content-length': '0', 'x-openstack-request-id': 'req-aca24a75-507c-4f3c-9512-8e814c4356c7'}
        Body: 
2015-12-06 08:48:37,215 20390 INFO     [tempest_lib.common.rest_client] Request (TestNetworkAdvancedServerOps:_run_cleanups): 204 DELETE http://10.0.2.15:9696/v2.0/security-group-rules/01be5444-de50-4185-b90e-b31343952dea 0.061s
2015-12-06 08:48:37,215 20390 DEBUG    [tempest_lib.common.rest_client] Request - Headers: {'Content-Type': 'application/json', 'Accept': 'application/json', 'X-Auth-Token': '&lt;omitted&gt;'}
        Body: None
    Response - Headers: {'date': 'Sun, 06 Dec 2015 08:48:37 GMT', 'status': '204', 'connection': 'close', 'content-length': '0', 'x-openstack-request-id': 'req-2cae2f4f-8f3b-4ec2-8b05-8c4ae989cf9d'}
        Body: 
2015-12-06 08:48:37,319 20390 INFO     [tempest_lib.common.rest_client] Request (TestNetworkAdvancedServerOps:_run_cleanups): 204 DELETE http://10.0.2.15:9696/v2.0/security-groups/32bda64c-48e0-4073-8426-1fd7f3bea63b 0.102s
2015-12-06 08:48:37,320 20390 DEBUG    [tempest_lib.common.rest_client] Request - Headers: {'Content-Type': 'application/json', 'Accept': 'application/json', 'X-Auth-Token': '&lt;omitted&gt;'}
        Body: None
    Response - Headers: {'date': 'Sun, 06 Dec 2015 08:48:37 GMT', 'status': '204', 'connection': 'close', 'content-length': '0', 'x-openstack-request-id': 'req-941af720-d481-4cc2-a2c0-60cf2c6e7d28'}
        Body: 
2015-12-06 08:48:37,342 20390 INFO     [tempest_lib.common.rest_client] Request (TestNetworkAdvancedServerOps:_run_cleanups): 202 DELETE http://10.0.2.15:8774/v2.1/9785ae814af24514851f35c5b9e42a5e/os-keypairs/tempest-TestNetworkAdvancedServerOps-708398740 0.020s
2015-12-06 08:48:37,342 20390 DEBUG    [tempest_lib.common.rest_client] Request - Headers: {'Content-Type': 'application/json', 'Accept': 'application/json', 'X-Auth-Token': '&lt;omitted&gt;'}
        Body: None
    Response - Headers: {'status': '202', 'content-length': '0', 'x-compute-request-id': 'req-5c954e47-5829-40f7-ad4f-1e5a7f6ea8ba', 'vary': 'X-OpenStack-Nova-API-Version', 'connection': 'close', 'x-openstack-nova-api-version': '2.1', 'date': 'Sun, 06 Dec 2015 08:48:37 GMT', 'content-type': 'application/json'}
        Body: 
2015-12-06 08:48:37,423 20390 INFO     [tempest_lib.common.rest_client] Request (TestNetworkAdvancedServerOps:_run_cleanups): 404 GET http://10.0.2.15:8774/v2.1/9785ae814af24514851f35c5b9e42a5e/servers/489f6e50-0d72-4cc3-9076-ba8a23382321 0.079s
2015-12-06 08:48:37,424 20390 DEBUG    [tempest_lib.common.rest_client] Request - Headers: {'Content-Type': 'application/json', 'Accept': 'application/json', 'X-Auth-Token': '&lt;omitted&gt;'}
        Body: None
    Response - Headers: {'status': '404', 'content-length': '111', 'x-compute-request-id': 'req-5b60136b-5d61-49e4-885b-aef3ba97ce71', 'vary': 'X-OpenStack-Nova-API-Version', 'connection': 'close', 'x-openstack-nova-api-version': '2.1', 'date': 'Sun, 06 Dec 2015 08:48:37 GMT', 'content-type': 'application/json; charset=UTF-8'}
        Body: {"itemNotFound": {"message": "Instance 489f6e50-0d72-4cc3-9076-ba8a23382321 could not be found.", "code": 404}}
}}}

Traceback (most recent call last):
  File "tempest/test.py", line 113, in wrapper
    return f(self, *func_args, **func_kwargs)
  File "tempest/scenario/test_network_advanced_server_ops.py", line 134, in test_server_connectivity_pause_unpause
    server, keypair, floating_ip = self._setup_network_and_servers()
  File "tempest/scenario/test_network_advanced_server_ops.py", line 71, in _setup_network_and_servers
    server, keypair, floating_ip)
  File "tempest/scenario/test_network_advanced_server_ops.py", line 95, in _wait_server_status_and_check_network_connectivity
    self._check_network_connectivity(server, keypair, floating_ip)
  File "tempest/scenario/test_network_advanced_server_ops.py", line 88, in _check_network_connectivity
    servers=[server])
  File "tempest/scenario/manager.py", line 606, in check_public_network_connectivity
    should_connect=should_connect)
  File "tempest/scenario/manager.py", line 590, in check_vm_connectivity
    msg=msg)
  File "/usr/local/lib/python2.7/dist-packages/unittest2/case.py", line 702, in assertTrue
    raise self.failureException(msg)
AssertionError: False is not true : Timed out waiting for 172.24.4.4 to become reachable



        </pre>
    </div>
    <!--css div popup end-->

    </td>
</tr>

<tr id='ft1.2' class='none'>
    <td class='failCase'><div class='testcase'>test_server_connectivity_reboot[compute,id-7b6860c2-afa3-4846-9522-adeb38dfbe08,network]</div></td>
    <td colspan='7' align='left'>

    <!--css div popup start-->
    <a class="popup_link" onfocus='this.blur();'
    href="javascript:showTestDetail('div_ft1.2')" >
        fail</a>

    <div id='div_ft1.2' class="popup_window">
        <div style='text-align: right; color:red;cursor:pointer'>
        <a onfocus='this.blur();'
onclick="document.getElementById('div_ft1.2').style.display = 'none' " >
           [x]</a>
        </div>
        <pre>
        
