<?xml version="1.0" encoding="UTF-8"?>
<!DOCTYPE html PUBLIC "-//W3C//DTD XHTML 1.0 Strict//EN"
     "http://www.w3.org/TR/xhtml1/DTD/xhtml1-strict.dtd">
<html xmlns="http://www.w3.org/1999/xhtml">
<head>
    <title>Unit Test Report</title>
    <meta name="generator" content="subunit2html 0.1"/>
    <meta http-equiv="Content-Type" content="text/html; charset=UTF-8"/>
    
<style type="text/css" media="screen">
body        { font-family: verdana, arial, helvetica, sans-serif;
    font-size: 80%; }
table       { font-size: 100%; width: 100%;}
pre         { font-size: 80%; }

/* -- heading -------------------------------------------------------------- */
h1 {
        font-size: 16pt;
        color: gray;
}
.heading {
    margin-top: 0ex;
    margin-bottom: 1ex;
}

.heading .attribute {
    margin-top: 1ex;
    margin-bottom: 0;
}

.heading .description {
    margin-top: 4ex;
    margin-bottom: 6ex;
}

/* -- css div popup -------------------------------------------------------- */
a.popup_link {
}

a.popup_link:hover {
    color: red;
}

.popup_window {
    display: none;
    overflow-x: scroll;
    /*border: solid #627173 1px; */
    padding: 10px;
    background-color: #E6E6D6;
    font-family: "Ubuntu Mono", "Lucida Console", "Courier New", monospace;
    text-align: left;
    font-size: 8pt;
}

}
/* -- report --------------------------------------------------------------- */
#show_detail_line {
    margin-top: 3ex;
    margin-bottom: 1ex;
}
#result_table {
    width: 100%;
    border-collapse: collapse;
    border: 1px solid #777;
}
#header_row {
    font-weight: bold;
    color: white;
    background-color: #777;
}
#result_table td {
    border: 1px solid #777;
    padding: 2px;
}
#total_row  { font-weight: bold; }
.passClass  { background-color: #6c6; }
.failClass  { background-color: #c60; }
.errorClass { background-color: #c00; }
.passCase   { color: #6c6; }
.failCase   { color: #c60; font-weight: bold; }
.errorCase  { color: #c00; font-weight: bold; }
.hiddenRow  { display: none; }
.testcase   { margin-left: 2em; }
td.testname {width: 40%}
td.small {width: 40px}

/* -- ending --------------------------------------------------------------- */
#ending {
}

</style>

</head>
<body>
<script language="javascript" type="text/javascript"><!--
output_list = Array();

/* level - 0:Summary; 1:Failed; 2:All */
function showCase(level) {
    trs = document.getElementsByTagName("tr");
    for (var i = 0; i < trs.length; i++) {
        tr = trs[i];
        id = tr.id;
        if (id.substr(0,2) == 'ft') {
            if (level < 1) {
                tr.className = 'hiddenRow';
            }
            else {
                tr.className = '';
            }
        }
        if (id.substr(0,2) == 'pt') {
            if (level > 1) {
                tr.className = '';
            }
            else {
                tr.className = 'hiddenRow';
            }
        }
    }
}


function showClassDetail(cid, count) {
    var id_list = Array(count);
    var toHide = 1;
    for (var i = 0; i < count; i++) {
        tid0 = 't' + cid.substr(1) + '.' + (i+1);
        tid = 'f' + tid0;
        tr = document.getElementById(tid);
        if (!tr) {
            tid = 'p' + tid0;
            tr = document.getElementById(tid);
        }
        id_list[i] = tid;
        if (tr.className) {
            toHide = 0;
        }
    }
    for (var i = 0; i < count; i++) {
        tid = id_list[i];
        if (toHide) {
            document.getElementById('div_'+tid).style.display = 'none'
            document.getElementById(tid).className = 'hiddenRow';
        }
        else {
            document.getElementById(tid).className = '';
        }
    }
}


function showTestDetail(div_id){
    var details_div = document.getElementById(div_id)
    var displayState = details_div.style.display
    // alert(displayState)
    if (displayState != 'block' ) {
        displayState = 'block'
        details_div.style.display = 'block'
    }
    else {
        details_div.style.display = 'none'
    }
}


function html_escape(s) {
    s = s.replace(/&/g,'&amp;');
    s = s.replace(/</g,'&lt;');
    s = s.replace(/>/g,'&gt;');
    return s;
}

/* obsoleted by detail in <div>
function showOutput(id, name) {
    var w = window.open("", //url
                    name,
                    "resizable,scrollbars,status,width=800,height=450");
    d = w.document;
    d.write("<pre>");
    d.write(html_escape(output_list[id]));
    d.write("\n");
    d.write("<a href='javascript:window.close()'>close</a>\n");
    d.write("</pre>\n");
    d.close();
}
*/
--></script>

<div class='heading'>
<h1>Unit Test Report</h1>

<p class='attribute'><strong>Status:</strong> Failure 6</p>

<p class='description'></p>
</div>



<p id='show_detail_line'>Show
<a href='javascript:showCase(0)'>Summary</a>
<a href='javascript:showCase(1)'>Failed</a>
<a href='javascript:showCase(2)'>All</a>
</p>
<table id='result_table'>
<colgroup>
<col align='left' />
<col align='right' />
<col align='right' />
<col align='right' />
<col align='right' />
<col align='right' />
<col align='right' />
<col align='right' />
</colgroup>
<tr id='header_row'>
    <td>Test Group/Test case</td>
    <td>Count</td>
    <td>Pass</td>
    <td>Fail</td>
    <td>Error</td>
    <td>Skip</td>
    <td>View</td>
    <td> </td>
</tr>

<tr class='failClass'>
    <td class="testname">tempest.scenario.test_network_advanced_server_ops.TestNetworkAdvancedServerOps</td>
    <td class="small">6</td>
    <td class="small">0</td>
    <td class="small">6</td>
    <td class="small">0</td>
    <td class="small">0</td>
    <td class="small"><a href="javascript:showClassDetail('c1',6)"
>Detail</a></td>
    <td> </td>
</tr>

<tr id='ft1.1' class='none'>
    <td class='failCase'><div class='testcase'>test_server_connectivity_pause_unpause[compute,id-2b2642db-6568-4b35-b812-eceed3fa20ce,network]</div></td>
    <td colspan='7' align='left'>

    <!--css div popup start-->
    <a class="popup_link" onfocus='this.blur();'
    href="javascript:showTestDetail('div_ft1.1')" >
        fail</a>

    <div id='div_ft1.1' class="popup_window">
        <div style='text-align: right; color:red;cursor:pointer'>
        <a onfocus='this.blur();'
onclick="document.getElementById('div_ft1.1').style.display = 'none' " >
           [x]</a>
        </div>
        <pre>
        
ft1.1: tempest.scenario.test_network_advanced_server_ops.TestNetworkAdvancedServerOps.test_server_connectivity_pause_unpause[compute,id-2b2642db-6568-4b35-b812-eceed3fa20ce,network]_StringException: Empty attachments:
  stderr
  stdout

pythonlogging:'': {{{
2015-12-17 22:26:13,056 21164 INFO     [tempest_lib.common.rest_client] Request (TestNetworkAdvancedServerOps:test_server_connectivity_pause_unpause): 200 POST http://10.0.2.15:8774/v2.1/97ecedfe66574f7395168e4d71cee702/os-keypairs 0.264s
2015-12-17 22:26:13,057 21164 DEBUG    [tempest_lib.common.rest_client] Request - Headers: {'Content-Type': 'application/json', 'Accept': 'application/json', 'X-Auth-Token': '&lt;omitted&gt;'}
        Body: {"keypair": {"name": "tempest-TestNetworkAdvancedServerOps-68042824"}}
    Response - Headers: {'status': '200', 'content-length': '2328', 'x-compute-request-id': 'req-e8003903-f210-4e8a-98ca-89e0cd3a3ce6', 'vary': 'X-OpenStack-Nova-API-Version', 'connection': 'close', 'x-openstack-nova-api-version': '2.1', 'date': 'Thu, 17 Dec 2015 22:26:13 GMT', 'content-type': 'application/json'}
        Body: {"keypair": {"public_key": "ssh-rsa AAAAB3NzaC1yc2EAAAADAQABAAABAQCgN+RU3taoPIHPne7B6bZzYcKZhNHMvcXfYk8O0Qkn3K5nZOwE/aMs/nBvjz9TDajboO6QCAnOsqpCpD8STGAkni3oRCZdQ4vFxZWtisrdFGlwCjIYaSeaTUUDKcc20upfdll/d0y/yGRsZFtk2RfvdlTIsd/LsdZxeoVaqBtdKiQ26BJqup74zP+zxYP5CSpIEkLkXddb5cWsjN8egwRvJXiH7snfyhTWNuekrj1m6Codvf2oIXaKZ/lmveha/WyGLkvdq5HuTNUj7NP2tEk5+A3sg/09DT2vn0NSRkwvvz3oeZeAzWJt8psMJYxbIYQxyLo7Wu7e70ezudN7drqJ Generated-by-Nova", "private_key": "-----BEGIN RSA PRIVATE KEY-----\nMIIEqAIBAAKCAQEAoDfkVN7WqDyBz53uwem2c2HCmYTRzL3F32JPDtEJJ9yuZ2Ts\nBP2jLP5wb48/Uw2o26DukAgJzrKqQqQ/EkxgJJ4t6EQmXUOLxcWVrYrK3RRpcAoy\nGGknmk1FAynHNtLqX3ZZf3dMv8hkbGRbZNkX73ZUyLHfy7HWcXqFWqgbXSokNugS\narqe+Mz/s8WD+QkqSBJC5F3XW+XFrIzfHoMEbyV4h+7J38oU1jbnpK49ZugqHb39\nqCF2imf5Zr3oWv1shi5L3auR7kzVI+zT9rRJOfgN7IP9PQ09r59DUkZML7896HmX\ngM1ibfKbDCWMWyGEMci6O1ru3u9Hs7nTe3a6iQIDAQABAoIBAHJhVIXujGqQv8+7\nnU8cjZ9zxFybALhdJt1iLrSSMSofFvdDimfJt2uQvi42ouulDc615no28uF4lap7\n3XcvxVd/AaEWvhjI9wkbFM9PDaKlRtywurDIqXgz/7fRZKJUEvRR5nTkc4tbAa6M\nOt8VSUwwOzkIG5AtBr3+zSM6bkakhNAp8JMcbtlMLj5DsCsTppuaupkVcuVn1GFZ\nEqha/5rCgIVEVaIRU38ro/t6kaAh2ntbO/OROdvdF2wbCCWUDLBC9SEhns988a5F\nYf1QwXLyJslZYl1nClqe5MH4UHCbbPD44G8mV/YFlwvOm2/igLVAX1O7DofCPV+z\nHerxGIECggCBAMK/hJHAhvCgbXO337FrDjBE5FuhoXHWoO/wDw1pZZhZlY/F8c7/\ntstxYixWdt4/M9UZe/HIdxQzh0CCelXeBBs/3FgFFXh8oZ4kVzcoz3VQg4Pw3nll\n74DqFKtxXRgvi+hfmusQyXa6+7ya969zwvYbrhQhlxKT/TjSK774SnI5AoIAgQDS\nnCX1m/Qqt12YkPShui+8TWC+kcMWpIj+8SXRvlHu9JWN62BP4qtKT3VIvYtF0VaG\nBk+33oVh/+gsSWdyukbVDn1js5roxJ09S4ZEyih8R8QY/HMu6qth1d4HGFwcLYct\nkV+qGd25CnwwjssaxL7QUOVj+clzeWaWEBlpQwNK0QKCAIBAAfpsfT7cr53JvtGC\n2pDbRIlZpJIPfF+A/QG1gsKlhCwoCQMk6d8GlsmRkQmYmmVK0QlvuleJCDaX+UqE\nFmh7HE4rj+AyraPg+kjAFGW7RS80mmJEvEAvur/4aVYTsOzm/yVHxUiyAVrj7nsh\n64ZUpVxduXyR2poLpuhB6BFv4QKCAIB66FFmwjp960Cd1opND4DoHSgGTr5RKngg\nf86YVr8t+mKEzgYI2LkpxrElYCg0+HPMB0bigOPKSzPNFJFgbMEFeU1Hr/sJOCSj\nLr4OywNRc/hGtJzrllup3suRzG+EqjUnLJ1tgWbZo/rRw6NX3dWVcIBOFemwj/qE\nPKT3vvne4QKCAIEAokVTomriqKmxRN9OJFMzegqkT1F0i+GF2xVA2DNwdsl+QEpt\nC8PCWoypelt4Rh76u29VE58OrvDZrW62A/cg+PPzfdYwla4laA1fWwIxaRvLmh+y\nkTI3PNQV+PvjbnlW27ZGDT0ogAh/qkBm8hM2m0hWeAoNA+f4FJJJLgcyCLE=\n-----END RSA PRIVATE KEY-----\n", "user_id": "404311297ea04e698645774cf11e5819", "name": "tempest-TestNetworkAdvancedServerOps-68042824", "fingerprint": "66:4e:c8:cb:c1:50:56:34:9c:c6:eb:d3:d2:3b:9c:53"}}
2015-12-17 22:26:13,395 21164 INFO     [tempest_lib.common.rest_client] Request (TestNetworkAdvancedServerOps:test_server_connectivity_pause_unpause): 201 POST http://10.0.2.15:9696/v2.0/security-groups 0.334s
2015-12-17 22:26:13,396 21164 DEBUG    [tempest_lib.common.rest_client] Request - Headers: {'Content-Type': 'application/json', 'Accept': 'application/json', 'X-Auth-Token': '&lt;omitted&gt;'}
        Body: {"security_group": {"tenant_id": "97ecedfe66574f7395168e4d71cee702", "description": "tempest-secgroup-smoke-576785916 description", "name": "tempest-secgroup-smoke-576785916"}}
    Response - Headers: {'status': '201', 'content-length': '886', 'connection': 'close', 'date': 'Thu, 17 Dec 2015 22:26:13 GMT', 'content-type': 'application/json; charset=UTF-8', 'x-openstack-request-id': 'req-38da4512-49e7-42c3-a3c7-36c485965684'}
        Body: {"security_group": {"tenant_id": "97ecedfe66574f7395168e4d71cee702", "description": "tempest-secgroup-smoke-576785916 description", "id": "ac5596a4-0cc7-4711-9376-83af6359eb07", "security_group_rules": [{"remote_group_id": null, "direction": "egress", "remote_ip_prefix": null, "protocol": null, "ethertype": "IPv4", "tenant_id": "97ecedfe66574f7395168e4d71cee702", "port_range_max": null, "port_range_min": null, "id": "ce1c86a5-70e3-462c-a177-803491c487ad", "security_group_id": "ac5596a4-0cc7-4711-9376-83af6359eb07"}, {"remote_group_id": null, "direction": "egress", "remote_ip_prefix": null, "protocol": null, "ethertype": "IPv6", "tenant_id": "97ecedfe66574f7395168e4d71cee702", "port_range_max": null, "port_range_min": null, "id": "1b393036-0bcd-4bc3-8b4f-69a33d0b17d9", "security_group_id": "ac5596a4-0cc7-4711-9376-83af6359eb07"}], "name": "tempest-secgroup-smoke-576785916"}}
2015-12-17 22:26:13,610 21164 INFO     [tempest_lib.common.rest_client] Request (TestNetworkAdvancedServerOps:test_server_connectivity_pause_unpause): 201 POST http://10.0.2.15:9696/v2.0/security-group-rules 0.214s
2015-12-17 22:26:13,611 21164 DEBUG    [tempest_lib.common.rest_client] Request - Headers: {'Content-Type': 'application/json', 'Accept': 'application/json', 'X-Auth-Token': '&lt;omitted&gt;'}
        Body: {"security_group_rule": {"direction": "ingress", "protocol": "tcp", "tenant_id": "97ecedfe66574f7395168e4d71cee702", "port_range_max": 22, "security_group_id": "ac5596a4-0cc7-4711-9376-83af6359eb07", "port_range_min": 22}}
    Response - Headers: {'status': '201', 'content-length': '340', 'connection': 'close', 'date': 'Thu, 17 Dec 2015 22:26:13 GMT', 'content-type': 'application/json; charset=UTF-8', 'x-openstack-request-id': 'req-891f3e5b-a662-43e8-be97-1668bfd8cb8d'}
        Body: {"security_group_rule": {"remote_group_id": null, "direction": "ingress", "remote_ip_prefix": null, "protocol": "tcp", "ethertype": "IPv4", "tenant_id": "97ecedfe66574f7395168e4d71cee702", "port_range_max": 22, "port_range_min": 22, "id": "2cac89a6-7d9d-4549-92fb-56859b364291", "security_group_id": "ac5596a4-0cc7-4711-9376-83af6359eb07"}}
2015-12-17 22:26:13,737 21164 INFO     [tempest_lib.common.rest_client] Request (TestNetworkAdvancedServerOps:test_server_connectivity_pause_unpause): 201 POST http://10.0.2.15:9696/v2.0/security-group-rules 0.125s
2015-12-17 22:26:13,738 21164 DEBUG    [tempest_lib.common.rest_client] Request - Headers: {'Content-Type': 'application/json', 'Accept': 'application/json', 'X-Auth-Token': '&lt;omitted&gt;'}
        Body: {"security_group_rule": {"direction": "egress", "protocol": "tcp", "tenant_id": "97ecedfe66574f7395168e4d71cee702", "port_range_max": 22, "security_group_id": "ac5596a4-0cc7-4711-9376-83af6359eb07", "port_range_min": 22}}
    Response - Headers: {'status': '201', 'content-length': '339', 'connection': 'close', 'date': 'Thu, 17 Dec 2015 22:26:13 GMT', 'content-type': 'application/json; charset=UTF-8', 'x-openstack-request-id': 'req-7f45714d-6b0c-47f5-b706-e02e08325c8d'}
        Body: {"security_group_rule": {"remote_group_id": null, "direction": "egress", "remote_ip_prefix": null, "protocol": "tcp", "ethertype": "IPv4", "tenant_id": "97ecedfe66574f7395168e4d71cee702", "port_range_max": 22, "port_range_min": 22, "id": "ffcf02f1-1c13-438b-933d-a4e2f68b1f8d", "security_group_id": "ac5596a4-0cc7-4711-9376-83af6359eb07"}}
2015-12-17 22:26:13,860 21164 INFO     [tempest_lib.common.rest_client] Request (TestNetworkAdvancedServerOps:test_server_connectivity_pause_unpause): 201 POST http://10.0.2.15:9696/v2.0/security-group-rules 0.120s
2015-12-17 22:26:13,860 21164 DEBUG    [tempest_lib.common.rest_client] Request - Headers: {'Content-Type': 'application/json', 'Accept': 'application/json', 'X-Auth-Token': '&lt;omitted&gt;'}
        Body: {"security_group_rule": {"tenant_id": "97ecedfe66574f7395168e4d71cee702", "direction": "ingress", "protocol": "icmp", "security_group_id": "ac5596a4-0cc7-4711-9376-83af6359eb07"}}
    Response - Headers: {'status': '201', 'content-length': '345', 'connection': 'close', 'date': 'Thu, 17 Dec 2015 22:26:13 GMT', 'content-type': 'application/json; charset=UTF-8', 'x-openstack-request-id': 'req-e237328d-beaf-4e8c-9f5e-99fec528bda5'}
        Body: {"security_group_rule": {"remote_group_id": null, "direction": "ingress", "remote_ip_prefix": null, "protocol": "icmp", "ethertype": "IPv4", "tenant_id": "97ecedfe66574f7395168e4d71cee702", "port_range_max": null, "port_range_min": null, "id": "d82e1157-18bb-4db5-a477-77187d177eb9", "security_group_id": "ac5596a4-0cc7-4711-9376-83af6359eb07"}}
2015-12-17 22:26:13,981 21164 INFO     [tempest_lib.common.rest_client] Request (TestNetworkAdvancedServerOps:test_server_connectivity_pause_unpause): 201 POST http://10.0.2.15:9696/v2.0/security-group-rules 0.119s
2015-12-17 22:26:13,982 21164 DEBUG    [tempest_lib.common.rest_client] Request - Headers: {'Content-Type': 'application/json', 'Accept': 'application/json', 'X-Auth-Token': '&lt;omitted&gt;'}
        Body: {"security_group_rule": {"tenant_id": "97ecedfe66574f7395168e4d71cee702", "direction": "egress", "protocol": "icmp", "security_group_id": "ac5596a4-0cc7-4711-9376-83af6359eb07"}}
    Response - Headers: {'status': '201', 'content-length': '344', 'connection': 'close', 'date': 'Thu, 17 Dec 2015 22:26:13 GMT', 'content-type': 'application/json; charset=UTF-8', 'x-openstack-request-id': 'req-c39bebcd-f66b-49a5-a1ce-68e5496221e2'}
        Body: {"security_group_rule": {"remote_group_id": null, "direction": "egress", "remote_ip_prefix": null, "protocol": "icmp", "ethertype": "IPv4", "tenant_id": "97ecedfe66574f7395168e4d71cee702", "port_range_max": null, "port_range_min": null, "id": "85c78a28-47a5-49b3-96d7-10743b419d29", "security_group_id": "ac5596a4-0cc7-4711-9376-83af6359eb07"}}
2015-12-17 22:26:14,180 21164 INFO     [tempest_lib.common.rest_client] Request (TestNetworkAdvancedServerOps:test_server_connectivity_pause_unpause): 201 POST http://10.0.2.15:9696/v2.0/security-group-rules 0.197s
2015-12-17 22:26:14,181 21164 DEBUG    [tempest_lib.common.rest_client] Request - Headers: {'Content-Type': 'application/json', 'Accept': 'application/json', 'X-Auth-Token': '&lt;omitted&gt;'}
        Body: {"security_group_rule": {"tenant_id": "97ecedfe66574f7395168e4d71cee702", "direction": "ingress", "security_group_id": "ac5596a4-0cc7-4711-9376-83af6359eb07", "protocol": "icmp", "ethertype": "IPv6"}}
    Response - Headers: {'status': '201', 'content-length': '345', 'connection': 'close', 'date': 'Thu, 17 Dec 2015 22:26:14 GMT', 'content-type': 'application/json; charset=UTF-8', 'x-openstack-request-id': 'req-e4148667-a612-4b90-84c0-e21c8dd9df9f'}
        Body: {"security_group_rule": {"remote_group_id": null, "direction": "ingress", "remote_ip_prefix": null, "protocol": "icmp", "ethertype": "IPv6", "tenant_id": "97ecedfe66574f7395168e4d71cee702", "port_range_max": null, "port_range_min": null, "id": "9321470a-36a1-4724-8bdf-72d1a2068178", "security_group_id": "ac5596a4-0cc7-4711-9376-83af6359eb07"}}
2015-12-17 22:26:14,296 21164 INFO     [tempest_lib.common.rest_client] Request (TestNetworkAdvancedServerOps:test_server_connectivity_pause_unpause): 201 POST http://10.0.2.15:9696/v2.0/security-group-rules 0.114s
2015-12-17 22:26:14,296 21164 DEBUG    [tempest_lib.common.rest_client] Request - Headers: {'Content-Type': 'application/json', 'Accept': 'application/json', 'X-Auth-Token': '&lt;omitted&gt;'}
        Body: {"security_group_rule": {"tenant_id": "97ecedfe66574f7395168e4d71cee702", "direction": "egress", "security_group_id": "ac5596a4-0cc7-4711-9376-83af6359eb07", "protocol": "icmp", "ethertype": "IPv6"}}
    Response - Headers: {'status': '201', 'content-length': '344', 'connection': 'close', 'date': 'Thu, 17 Dec 2015 22:26:14 GMT', 'content-type': 'application/json; charset=UTF-8', 'x-openstack-request-id': 'req-47497dfb-e8f5-48e5-a8a9-036059918795'}
        Body: {"security_group_rule": {"remote_group_id": null, "direction": "egress", "remote_ip_prefix": null, "protocol": "icmp", "ethertype": "IPv6", "tenant_id": "97ecedfe66574f7395168e4d71cee702", "port_range_max": null, "port_range_min": null, "id": "ae7717c3-223d-496c-ad49-3704f5befe6f", "security_group_id": "ac5596a4-0cc7-4711-9376-83af6359eb07"}}
2015-12-17 22:26:14,465 21164 INFO     [tempest_lib.common.rest_client] Request (TestNetworkAdvancedServerOps:test_server_connectivity_pause_unpause): 201 POST http://10.0.2.15:9696/v2.0/networks 0.168s
2015-12-17 22:26:14,466 21164 DEBUG    [tempest_lib.common.rest_client] Request - Headers: {'Content-Type': 'application/json', 'Accept': 'application/json', 'X-Auth-Token': '&lt;omitted&gt;'}
        Body: {"network": {"tenant_id": "97ecedfe66574f7395168e4d71cee702", "name": "tempest-network-smoke--1633641768"}}
    Response - Headers: {'status': '201', 'content-length': '329', 'connection': 'close', 'date': 'Thu, 17 Dec 2015 22:26:14 GMT', 'content-type': 'application/json; charset=UTF-8', 'x-openstack-request-id': 'req-527df054-b3e3-499a-bb2b-42c38c843f58'}
        Body: {"network": {"status": "ACTIVE", "subnets": [], "availability_zone_hints": "[]", "name": "tempest-network-smoke--1633641768", "admin_state_up": true, "tenant_id": "97ecedfe66574f7395168e4d71cee702", "mtu": 0, "router:external": false, "shared": false, "port_security_enabled": true, "id": "4ed363ba-353b-439b-a4a0-31d63f6ef4b3"}}
2015-12-17 22:26:14,559 21164 INFO     [tempest_lib.common.rest_client] Request (TestNetworkAdvancedServerOps:test_server_connectivity_pause_unpause): 201 POST http://10.0.2.15:9696/v2.0/routers 0.092s
2015-12-17 22:26:14,560 21164 DEBUG    [tempest_lib.common.rest_client] Request - Headers: {'Content-Type': 'application/json', 'Accept': 'application/json', 'X-Auth-Token': '&lt;omitted&gt;'}
        Body: {"router": {"tenant_id": "97ecedfe66574f7395168e4d71cee702", "name": "tempest-router-smoke-1031205096", "admin_state_up": true}}
    Response - Headers: {'status': '201', 'content-length': '296', 'connection': 'close', 'date': 'Thu, 17 Dec 2015 22:26:14 GMT', 'content-type': 'application/json; charset=UTF-8', 'x-openstack-request-id': 'req-0ff50027-01e6-4e4f-94c2-254c58357de1'}
        Body: {"router": {"status": "ACTIVE", "external_gateway_info": null, "availability_zone_hints": [], "availability_zones": [], "name": "tempest-router-smoke-1031205096", "admin_state_up": true, "tenant_id": "97ecedfe66574f7395168e4d71cee702", "routes": [], "id": "3c248f07-769a-443f-a61f-560c5d7652cd"}}
2015-12-17 22:26:14,617 21164 INFO     [tempest_lib.common.rest_client] Request (TestNetworkAdvancedServerOps:test_server_connectivity_pause_unpause): 200 GET http://10.0.2.15:9696/v2.0/routers/3c248f07-769a-443f-a61f-560c5d7652cd 0.056s
2015-12-17 22:26:14,617 21164 DEBUG    [tempest_lib.common.rest_client] Request - Headers: {'Content-Type': 'application/json', 'Accept': 'application/json', 'X-Auth-Token': '&lt;omitted&gt;'}
        Body: None
    Response - Headers: {'status': '200', 'content-length': '296', 'content-location': 'http://10.0.2.15:9696/v2.0/routers/3c248f07-769a-443f-a61f-560c5d7652cd', 'connection': 'close', 'date': 'Thu, 17 Dec 2015 22:26:14 GMT', 'content-type': 'application/json; charset=UTF-8', 'x-openstack-request-id': 'req-411bd0ae-781f-4d82-abea-1c45df696e78'}
        Body: {"router": {"status": "ACTIVE", "external_gateway_info": null, "availability_zone_hints": [], "availability_zones": [], "name": "tempest-router-smoke-1031205096", "admin_state_up": true, "tenant_id": "97ecedfe66574f7395168e4d71cee702", "routes": [], "id": "3c248f07-769a-443f-a61f-560c5d7652cd"}}
2015-12-17 22:26:15,389 21164 INFO     [tempest_lib.common.rest_client] Request (TestNetworkAdvancedServerOps:test_server_connectivity_pause_unpause): 200 PUT http://10.0.2.15:9696/v2.0/routers/3c248f07-769a-443f-a61f-560c5d7652cd 0.770s
2015-12-17 22:26:15,389 21164 DEBUG    [tempest_lib.common.rest_client] Request - Headers: {'Content-Type': 'application/json', 'Accept': 'application/json', 'X-Auth-Token': '&lt;omitted&gt;'}
        Body: {"router": {"external_gateway_info": {"network_id": "06a9c1ea-94e0-4ec2-82c5-f63640a60015"}, "name": "tempest-router-smoke-1031205096", "admin_state_up": true}}
    Response - Headers: {'status': '200', 'content-length': '558', 'connection': 'close', 'date': 'Thu, 17 Dec 2015 22:26:15 GMT', 'content-type': 'application/json; charset=UTF-8', 'x-openstack-request-id': 'req-350440ad-e86b-4441-a6fa-e262a3f57dea'}
        Body: {"router": {"status": "ACTIVE", "external_gateway_info": {"network_id": "06a9c1ea-94e0-4ec2-82c5-f63640a60015", "enable_snat": true, "external_fixed_ips": [{"subnet_id": "c1de239f-b332-46f7-aee7-6823c0c6b829", "ip_address": "172.24.4.3"}, {"subnet_id": "d5677d0c-d46c-47bf-80c4-592a0c793dc6", "ip_address": "2001:db8::4"}]}, "availability_zone_hints": [], "availability_zones": [], "name": "tempest-router-smoke-1031205096", "admin_state_up": true, "tenant_id": "97ecedfe66574f7395168e4d71cee702", "routes": [], "id": "3c248f07-769a-443f-a61f-560c5d7652cd"}}
2015-12-17 22:26:15,537 21164 INFO     [tempest_lib.common.rest_client] Request (TestNetworkAdvancedServerOps:test_server_connectivity_pause_unpause): 200 GET http://10.0.2.15:9696/v2.0/subnets?tenant_id=97ecedfe66574f7395168e4d71cee702&amp;cidr=10.100.0.0%2F28 0.146s
2015-12-17 22:26:15,538 21164 DEBUG    [tempest_lib.common.rest_client] Request - Headers: {'Content-Type': 'application/json', 'Accept': 'application/json', 'X-Auth-Token': '&lt;omitted&gt;'}
        Body: None
    Response - Headers: {'status': '200', 'content-length': '15', 'content-location': 'http://10.0.2.15:9696/v2.0/subnets?tenant_id=97ecedfe66574f7395168e4d71cee702&amp;cidr=10.100.0.0%2F28', 'connection': 'close', 'date': 'Thu, 17 Dec 2015 22:26:15 GMT', 'content-type': 'application/json; charset=UTF-8', 'x-openstack-request-id': 'req-25ced411-9d92-429f-a084-783a4aaef514'}
        Body: {"subnets": []}
2015-12-17 22:26:15,883 21164 INFO     [tempest_lib.common.rest_client] Request (TestNetworkAdvancedServerOps:test_server_connectivity_pause_unpause): 201 POST http://10.0.2.15:9696/v2.0/subnets 0.344s
2015-12-17 22:26:15,883 21164 DEBUG    [tempest_lib.common.rest_client] Request - Headers: {'Content-Type': 'application/json', 'Accept': 'application/json', 'X-Auth-Token': '&lt;omitted&gt;'}
        Body: {"subnet": {"ip_version": 4, "tenant_id": "97ecedfe66574f7395168e4d71cee702", "cidr": "10.100.0.0/28", "network_id": "4ed363ba-353b-439b-a4a0-31d63f6ef4b3", "name": "tempest-subnet-smoke-908933360"}}
    Response - Headers: {'status': '201', 'content-length': '477', 'connection': 'close', 'date': 'Thu, 17 Dec 2015 22:26:15 GMT', 'content-type': 'application/json; charset=UTF-8', 'x-openstack-request-id': 'req-890556e9-299a-472d-b713-c0338ef7a155'}
        Body: {"subnet": {"name": "tempest-subnet-smoke-908933360", "enable_dhcp": true, "network_id": "4ed363ba-353b-439b-a4a0-31d63f6ef4b3", "tenant_id": "97ecedfe66574f7395168e4d71cee702", "dns_nameservers": [], "gateway_ip": "10.100.0.1", "ipv6_ra_mode": null, "allocation_pools": [{"start": "10.100.0.2", "end": "10.100.0.14"}], "host_routes": [], "ip_version": 4, "ipv6_address_mode": null, "cidr": "10.100.0.0/28", "id": "2d9418bd-6812-4345-9e31-a597380ffbd5", "subnetpool_id": null}}
2015-12-17 22:26:16,515 21164 INFO     [tempest_lib.common.rest_client] Request (TestNetworkAdvancedServerOps:test_server_connectivity_pause_unpause): 200 PUT http://10.0.2.15:9696/v2.0/routers/3c248f07-769a-443f-a61f-560c5d7652cd/add_router_interface 0.630s
2015-12-17 22:26:16,515 21164 DEBUG    [tempest_lib.common.rest_client] Request - Headers: {'Content-Type': 'application/json', 'Accept': 'application/json', 'X-Auth-Token': '&lt;omitted&gt;'}
        Body: {"subnet_id": "2d9418bd-6812-4345-9e31-a597380ffbd5"}
    Response - Headers: {'status': '200', 'content-length': '255', 'connection': 'close', 'date': 'Thu, 17 Dec 2015 22:26:16 GMT', 'content-type': 'application/json; charset=UTF-8', 'x-openstack-request-id': 'req-a29d6e6b-35e6-4852-b357-2a5ff2d154b4'}
        Body: {"subnet_id": "2d9418bd-6812-4345-9e31-a597380ffbd5", "tenant_id": "97ecedfe66574f7395168e4d71cee702", "subnet_ids": ["2d9418bd-6812-4345-9e31-a597380ffbd5"], "port_id": "d94d360d-08b2-41ff-8655-9665862ef26d", "id": "3c248f07-769a-443f-a61f-560c5d7652cd"}
2015-12-17 22:26:16,638 21164 INFO     [tempest_lib.common.rest_client] Request (TestNetworkAdvancedServerOps:test_server_connectivity_pause_unpause): 200 POST http://10.0.2.15:5000/v2.0/tokens
2015-12-17 22:26:16,638 21164 DEBUG    [tempest_lib.common.rest_client] Request - Headers: {'Content-Type': 'application/json', 'Accept': 'application/json'}
        Body: &lt;omitted&gt;
    Response - Headers: {'status': '200', 'content-length': '2564', 'vary': 'X-Auth-Token', 'server': 'Apache/2.4.7 (Ubuntu)', 'connection': 'close', 'date': 'Thu, 17 Dec 2015 22:26:16 GMT', 'content-type': 'application/json', 'x-openstack-request-id': 'req-6136e5c9-bd71-4f2b-8dba-73fe051b4d45'}
        Body: {"access": {"token": {"issued_at": "2015-12-17T22:26:16.630093", "expires": "2015-12-17T23:26:16Z", "id": "4d2701e81b814520ba1dc79616750b9a", "tenant": {"description": "tempest-TestNetworkAdvancedServerOps-556350383-desc", "enabled": true, "id": "97ecedfe66574f7395168e4d71cee702", "name": "tempest-TestNetworkAdvancedServerOps-556350383"}, "audit_ids": ["q8y2ivcxRvKU4NTYF3wiZQ"]}, "serviceCatalog": [{"endpoints": [{"adminURL": "http://10.0.2.15:8774/v2.1/97ecedfe66574f7395168e4d71cee702", "region": "RegionOne", "internalURL": "http://10.0.2.15:8774/v2.1/97ecedfe66574f7395168e4d71cee702", "id": "744b4859e95f4463b2dd70f9822d1b35", "publicURL": "http://10.0.2.15:8774/v2.1/97ecedfe66574f7395168e4d71cee702"}], "endpoints_links": [], "type": "compute", "name": "nova"}, {"endpoints": [{"adminURL": "http://10.0.2.15:9696/", "region": "RegionOne", "internalURL": "http://10.0.2.15:9696/", "id": "08272d7b18584c028a9d3af8ab4c8c59", "publicURL": "http://10.0.2.15:9696/"}], "endpoints_links": [], "type": "network", "name": "neutron"}, {"endpoints": [{"adminURL": "http://10.0.2.15:9292", "region": "RegionOne", "internalURL": "http://10.0.2.15:9292", "id": "0fa644a9ff9842949ba6cbf5802ccbdf", "publicURL": "http://10.0.2.15:9292"}], "endpoints_links": [], "type": "image", "name": "glance"}, {"endpoints": [{"adminURL": "http://10.0.2.15:8774/v2/97ecedfe66574f7395168e4d71cee702", "region": "RegionOne", "internalURL": "http://10.0.2.15:8774/v2/97ecedfe66574f7395168e4d71cee702", "id": "54e3a8cae94b4ec382260b1ff774d882", "publicURL": "http://10.0.2.15:8774/v2/97ecedfe66574f7395168e4d71cee702"}], "endpoints_links": [], "type": "compute_legacy", "name": "nova_legacy"}, {"endpoints": [{"adminURL": "http://10.0.2.15:8773/", "region": "RegionOne", "internalURL": "http://10.0.2.15:8773/", "id": "0aa53d0bfde9465aa2d67a1e40eadd30", "publicURL": "http://10.0.2.15:8773/"}], "endpoints_links": [], "type": "ec2", "name": "ec2"}, {"endpoints": [{"adminURL": "http://10.0.2.15:35357/v2.0", "region": "RegionOne", "internalURL": "http://10.0.2.15:5000/v2.0", "id": "08bb67930fcb4c3ab2aae57d921a8cea", "publicURL": "http://10.0.2.15:5000/v2.0"}], "endpoints_links": [], "type": "identity", "name": "keystone"}], "user": {"username": "tempest-TestNetworkAdvancedServerOps-1994369887", "roles_links": [], "id": "404311297ea04e698645774cf11e5819", "roles": [{"name": "_member_"}, {"name": "Member"}], "name": "tempest-TestNetworkAdvancedServerOps-1994369887"}, "metadata": {"is_admin": 0, "roles": ["9fe2ff9ee4384b1894a90878d3e92bab", "7b78dae8cef14bd286d0149835fcb8cb"]}}}
2015-12-17 22:26:16,643 21164 DEBUG    [tempest.common.fixed_network] (TestNetworkAdvancedServerOps:test_server_connectivity_pause_unpause) No valid network provided or created, defaulting to fixed_network_name
2015-12-17 22:26:16,990 21164 INFO     [tempest_lib.common.rest_client] Request (TestNetworkAdvancedServerOps:test_server_connectivity_pause_unpause): 200 GET http://10.0.2.15:8774/v2.1/97ecedfe66574f7395168e4d71cee702/os-networks 0.347s
2015-12-17 22:26:16,991 21164 DEBUG    [tempest_lib.common.rest_client] Request - Headers: {'Content-Type': 'application/json', 'Accept': 'application/json', 'X-Auth-Token': '&lt;omitted&gt;'}
        Body: None
    Response - Headers: {'status': '200', 'content-length': '479', 'content-location': 'http://10.0.2.15:8774/v2.1/97ecedfe66574f7395168e4d71cee702/os-networks', 'x-compute-request-id': 'req-00909dd2-159e-4720-a4fc-82a7e458b709', 'vary': 'X-OpenStack-Nova-API-Version', 'connection': 'close', 'x-openstack-nova-api-version': '2.1', 'date': 'Thu, 17 Dec 2015 22:26:16 GMT', 'content-type': 'application/json'}
        Body: {"networks": [{"cidr_v6": null, "dns2": null, "dns1": null, "gateway": null, "broadcast": null, "netmask": null, "gateway_v6": null, "cidr": null, "label": "public", "id": "06a9c1ea-94e0-4ec2-82c5-f63640a60015", "netmask_v6": null}, {"cidr_v6": null, "dns2": null, "dns1": null, "gateway": null, "broadcast": null, "netmask": null, "gateway_v6": null, "cidr": null, "label": "tempest-network-smoke--1633641768", "id": "4ed363ba-353b-439b-a4a0-31d63f6ef4b3", "netmask_v6": null}]}
2015-12-17 22:26:16,991 21164 WARNING  [tempest.common.fixed_network] (TestNetworkAdvancedServerOps:test_server_connectivity_pause_unpause) Network with name: private not found
2015-12-17 22:26:16,992 21164 INFO     [tempest.common.fixed_network] (TestNetworkAdvancedServerOps:test_server_connectivity_pause_unpause) Found network {} available for tenant
2015-12-17 22:26:18,279 21164 INFO     [tempest_lib.common.rest_client] Request (TestNetworkAdvancedServerOps:test_server_connectivity_pause_unpause): 202 POST http://10.0.2.15:8774/v2.1/97ecedfe66574f7395168e4d71cee702/servers 1.286s
2015-12-17 22:26:18,279 21164 DEBUG    [tempest_lib.common.rest_client] Request - Headers: {'Content-Type': 'application/json', 'Accept': 'application/json', 'X-Auth-Token': '&lt;omitted&gt;'}
        Body: {"server": {"name": "tempest.common.compute-instance-1347337242", "imageRef": "b096513b-d637-4157-8226-5c56afec9f5d", "key_name": "tempest-TestNetworkAdvancedServerOps-68042824", "flavorRef": "42", "networks": [{"uuid": "4ed363ba-353b-439b-a4a0-31d63f6ef4b3"}], "security_groups": [{"name": "tempest-secgroup-smoke-576785916"}]}}
    Response - Headers: {'status': '202', 'content-length': '461', 'x-compute-request-id': 'req-e9263ab6-d2cb-4c7e-92d3-b7de144ceed7', 'vary': 'X-OpenStack-Nova-API-Version', 'connection': 'close', 'location': 'http://10.0.2.15:8774/v2.1/97ecedfe66574f7395168e4d71cee702/servers/cd3e8daf-8a6f-4909-96c1-27a67648da66', 'x-openstack-nova-api-version': '2.1', 'date': 'Thu, 17 Dec 2015 22:26:18 GMT', 'content-type': 'application/json'}
        Body: {"server": {"security_groups": [{"name": "tempest-secgroup-smoke-576785916"}], "OS-DCF:diskConfig": "MANUAL", "id": "cd3e8daf-8a6f-4909-96c1-27a67648da66", "links": [{"href": "http://10.0.2.15:8774/v2.1/97ecedfe66574f7395168e4d71cee702/servers/cd3e8daf-8a6f-4909-96c1-27a67648da66", "rel": "self"}, {"href": "http://10.0.2.15:8774/97ecedfe66574f7395168e4d71cee702/servers/cd3e8daf-8a6f-4909-96c1-27a67648da66", "rel": "bookmark"}], "adminPass": "88wZNESZzrfZ"}}
2015-12-17 22:26:18,414 21164 INFO     [tempest_lib.common.rest_client] Request (TestNetworkAdvancedServerOps:test_server_connectivity_pause_unpause): 200 GET http://10.0.2.15:8774/v2.1/97ecedfe66574f7395168e4d71cee702/servers/cd3e8daf-8a6f-4909-96c1-27a67648da66 0.132s
2015-12-17 22:26:18,414 21164 DEBUG    [tempest_lib.common.rest_client] Request - Headers: {'Content-Type': 'application/json', 'Accept': 'application/json', 'X-Auth-Token': '&lt;omitted&gt;'}
        Body: None
    Response - Headers: {'status': '200', 'content-length': '1363', 'content-location': 'http://10.0.2.15:8774/v2.1/97ecedfe66574f7395168e4d71cee702/servers/cd3e8daf-8a6f-4909-96c1-27a67648da66', 'x-compute-request-id': 'req-dcf26647-3447-4e62-869f-0411f85c2661', 'vary': 'X-OpenStack-Nova-API-Version', 'connection': 'close', 'x-openstack-nova-api-version': '2.1', 'date': 'Thu, 17 Dec 2015 22:26:18 GMT', 'content-type': 'application/json'}
        Body: {"server": {"status": "BUILD", "updated": "2015-12-17T22:26:18Z", "hostId": "", "addresses": {}, "links": [{"href": "http://10.0.2.15:8774/v2.1/97ecedfe66574f7395168e4d71cee702/servers/cd3e8daf-8a6f-4909-96c1-27a67648da66", "rel": "self"}, {"href": "http://10.0.2.15:8774/97ecedfe66574f7395168e4d71cee702/servers/cd3e8daf-8a6f-4909-96c1-27a67648da66", "rel": "bookmark"}], "key_name": "tempest-TestNetworkAdvancedServerOps-68042824", "image": {"id": "b096513b-d637-4157-8226-5c56afec9f5d", "links": [{"href": "http://10.0.2.15:8774/97ecedfe66574f7395168e4d71cee702/images/b096513b-d637-4157-8226-5c56afec9f5d", "rel": "bookmark"}]}, "OS-EXT-STS:task_state": "scheduling", "OS-EXT-STS:vm_state": "building", "OS-SRV-USG:launched_at": null, "flavor": {"id": "42", "links": [{"href": "http://10.0.2.15:8774/97ecedfe66574f7395168e4d71cee702/flavors/42", "rel": "bookmark"}]}, "id": "cd3e8daf-8a6f-4909-96c1-27a67648da66", "OS-SRV-USG:terminated_at": null, "OS-EXT-AZ:availability_zone": "", "user_id": "404311297ea04e698645774cf11e5819", "name": "tempest.common.compute-instance-1347337242", "created": "2015-12-17T22:26:18Z", "tenant_id": "97ecedfe66574f7395168e4d71cee702", "OS-DCF:diskConfig": "MANUAL", "os-extended-volumes:volumes_attached": [], "accessIPv4": "", "accessIPv6": "", "progress": 0, "OS-EXT-STS:power_state": 0, "config_drive": "", "metadata": {}}}
2015-12-17 22:26:19,943 21164 INFO     [tempest_lib.common.rest_client] Request (TestNetworkAdvancedServerOps:test_server_connectivity_pause_unpause): 200 GET http://10.0.2.15:8774/v2.1/97ecedfe66574f7395168e4d71cee702/servers/cd3e8daf-8a6f-4909-96c1-27a67648da66 0.519s
2015-12-17 22:26:19,944 21164 DEBUG    [tempest_lib.common.rest_client] Request - Headers: {'Content-Type': 'application/json', 'Accept': 'application/json', 'X-Auth-Token': '&lt;omitted&gt;'}
        Body: None
    Response - Headers: {'status': '200', 'content-length': '1488', 'content-location': 'http://10.0.2.15:8774/v2.1/97ecedfe66574f7395168e4d71cee702/servers/cd3e8daf-8a6f-4909-96c1-27a67648da66', 'x-compute-request-id': 'req-2d3363b1-50cb-4a03-82c0-9e4753c69852', 'vary': 'X-OpenStack-Nova-API-Version', 'connection': 'close', 'x-openstack-nova-api-version': '2.1', 'date': 'Thu, 17 Dec 2015 22:26:19 GMT', 'content-type': 'application/json'}
        Body: {"server": {"status": "BUILD", "updated": "2015-12-17T22:26:19Z", "hostId": "c4f1cdd1fec4d776e44aeb46d27a3a7eb42808839a9a926d702410c3", "addresses": {}, "links": [{"href": "http://10.0.2.15:8774/v2.1/97ecedfe66574f7395168e4d71cee702/servers/cd3e8daf-8a6f-4909-96c1-27a67648da66", "rel": "self"}, {"href": "http://10.0.2.15:8774/97ecedfe66574f7395168e4d71cee702/servers/cd3e8daf-8a6f-4909-96c1-27a67648da66", "rel": "bookmark"}], "key_name": "tempest-TestNetworkAdvancedServerOps-68042824", "image": {"id": "b096513b-d637-4157-8226-5c56afec9f5d", "links": [{"href": "http://10.0.2.15:8774/97ecedfe66574f7395168e4d71cee702/images/b096513b-d637-4157-8226-5c56afec9f5d", "rel": "bookmark"}]}, "OS-EXT-STS:task_state": "spawning", "OS-EXT-STS:vm_state": "building", "OS-SRV-USG:launched_at": null, "flavor": {"id": "42", "links": [{"href": "http://10.0.2.15:8774/97ecedfe66574f7395168e4d71cee702/flavors/42", "rel": "bookmark"}]}, "id": "cd3e8daf-8a6f-4909-96c1-27a67648da66", "security_groups": [{"name": "tempest-secgroup-smoke-576785916"}], "OS-SRV-USG:terminated_at": null, "OS-EXT-AZ:availability_zone": "nova", "user_id": "404311297ea04e698645774cf11e5819", "name": "tempest.common.compute-instance-1347337242", "created": "2015-12-17T22:26:18Z", "tenant_id": "97ecedfe66574f7395168e4d71cee702", "OS-DCF:diskConfig": "MANUAL", "os-extended-volumes:volumes_attached": [], "accessIPv4": "", "accessIPv6": "", "progress": 0, "OS-EXT-STS:power_state": 0, "config_drive": "", "metadata": {}}}
2015-12-17 22:26:19,959 21164 INFO     [tempest.common.waiters] State transition "BUILD/scheduling" ==&gt; "BUILD/spawning" after 1 second wait
2015-12-17 22:26:21,197 21164 INFO     [tempest_lib.common.rest_client] Request (TestNetworkAdvancedServerOps:test_server_connectivity_pause_unpause): 200 GET http://10.0.2.15:8774/v2.1/97ecedfe66574f7395168e4d71cee702/servers/cd3e8daf-8a6f-4909-96c1-27a67648da66 0.236s
2015-12-17 22:26:21,198 21164 DEBUG    [tempest_lib.common.rest_client] Request - Headers: {'Content-Type': 'application/json', 'Accept': 'application/json', 'X-Auth-Token': '&lt;omitted&gt;'}
        Body: None
    Response - Headers: {'status': '200', 'content-length': '1488', 'content-location': 'http://10.0.2.15:8774/v2.1/97ecedfe66574f7395168e4d71cee702/servers/cd3e8daf-8a6f-4909-96c1-27a67648da66', 'x-compute-request-id': 'req-a8b04ff1-778e-4f82-9c18-ac231b5ca1ff', 'vary': 'X-OpenStack-Nova-API-Version', 'connection': 'close', 'x-openstack-nova-api-version': '2.1', 'date': 'Thu, 17 Dec 2015 22:26:21 GMT', 'content-type': 'application/json'}
        Body: {"server": {"status": "BUILD", "updated": "2015-12-17T22:26:19Z", "hostId": "c4f1cdd1fec4d776e44aeb46d27a3a7eb42808839a9a926d702410c3", "addresses": {}, "links": [{"href": "http://10.0.2.15:8774/v2.1/97ecedfe66574f7395168e4d71cee702/servers/cd3e8daf-8a6f-4909-96c1-27a67648da66", "rel": "self"}, {"href": "http://10.0.2.15:8774/97ecedfe66574f7395168e4d71cee702/servers/cd3e8daf-8a6f-4909-96c1-27a67648da66", "rel": "bookmark"}], "key_name": "tempest-TestNetworkAdvancedServerOps-68042824", "image": {"id": "b096513b-d637-4157-8226-5c56afec9f5d", "links": [{"href": "http://10.0.2.15:8774/97ecedfe66574f7395168e4d71cee702/images/b096513b-d637-4157-8226-5c56afec9f5d", "rel": "bookmark"}]}, "OS-EXT-STS:task_state": "spawning", "OS-EXT-STS:vm_state": "building", "OS-SRV-USG:launched_at": null, "flavor": {"id": "42", "links": [{"href": "http://10.0.2.15:8774/97ecedfe66574f7395168e4d71cee702/flavors/42", "rel": "bookmark"}]}, "id": "cd3e8daf-8a6f-4909-96c1-27a67648da66", "security_groups": [{"name": "tempest-secgroup-smoke-576785916"}], "OS-SRV-USG:terminated_at": null, "OS-EXT-AZ:availability_zone": "nova", "user_id": "404311297ea04e698645774cf11e5819", "name": "tempest.common.compute-instance-1347337242", "created": "2015-12-17T22:26:18Z", "tenant_id": "97ecedfe66574f7395168e4d71cee702", "OS-DCF:diskConfig": "MANUAL", "os-extended-volumes:volumes_attached": [], "accessIPv4": "", "accessIPv6": "", "progress": 0, "OS-EXT-STS:power_state": 0, "config_drive": "", "metadata": {}}}
2015-12-17 22:26:22,533 21164 INFO     [tempest_lib.common.rest_client] Request (TestNetworkAdvancedServerOps:test_server_connectivity_pause_unpause): 200 GET http://10.0.2.15:8774/v2.1/97ecedfe66574f7395168e4d71cee702/servers/cd3e8daf-8a6f-4909-96c1-27a67648da66 0.325s
2015-12-17 22:26:22,534 21164 DEBUG    [tempest_lib.common.rest_client] Request - Headers: {'Content-Type': 'application/json', 'Accept': 'application/json', 'X-Auth-Token': '&lt;omitted&gt;'}
        Body: None
    Response - Headers: {'status': '200', 'content-length': '1660', 'content-location': 'http://10.0.2.15:8774/v2.1/97ecedfe66574f7395168e4d71cee702/servers/cd3e8daf-8a6f-4909-96c1-27a67648da66', 'x-compute-request-id': 'req-289d0748-4b6e-4a20-ad06-09bb77d4a3f7', 'vary': 'X-OpenStack-Nova-API-Version', 'connection': 'close', 'x-openstack-nova-api-version': '2.1', 'date': 'Thu, 17 Dec 2015 22:26:22 GMT', 'content-type': 'application/json'}
        Body: {"server": {"status": "ACTIVE", "updated": "2015-12-17T22:26:21Z", "hostId": "c4f1cdd1fec4d776e44aeb46d27a3a7eb42808839a9a926d702410c3", "addresses": {"tempest-network-smoke--1633641768": [{"OS-EXT-IPS-MAC:mac_addr": "fa:16:3e:8e:17:87", "version": 4, "addr": "10.100.0.3", "OS-EXT-IPS:type": "fixed"}]}, "links": [{"href": "http://10.0.2.15:8774/v2.1/97ecedfe66574f7395168e4d71cee702/servers/cd3e8daf-8a6f-4909-96c1-27a67648da66", "rel": "self"}, {"href": "http://10.0.2.15:8774/97ecedfe66574f7395168e4d71cee702/servers/cd3e8daf-8a6f-4909-96c1-27a67648da66", "rel": "bookmark"}], "key_name": "tempest-TestNetworkAdvancedServerOps-68042824", "image": {"id": "b096513b-d637-4157-8226-5c56afec9f5d", "links": [{"href": "http://10.0.2.15:8774/97ecedfe66574f7395168e4d71cee702/images/b096513b-d637-4157-8226-5c56afec9f5d", "rel": "bookmark"}]}, "OS-EXT-STS:task_state": null, "OS-EXT-STS:vm_state": "active", "OS-SRV-USG:launched_at": "2015-12-17T22:26:21.000000", "flavor": {"id": "42", "links": [{"href": "http://10.0.2.15:8774/97ecedfe66574f7395168e4d71cee702/flavors/42", "rel": "bookmark"}]}, "id": "cd3e8daf-8a6f-4909-96c1-27a67648da66", "security_groups": [{"name": "tempest-secgroup-smoke-576785916"}], "OS-SRV-USG:terminated_at": null, "OS-EXT-AZ:availability_zone": "nova", "user_id": "404311297ea04e698645774cf11e5819", "name": "tempest.common.compute-instance-1347337242", "created": "2015-12-17T22:26:18Z", "tenant_id": "97ecedfe66574f7395168e4d71cee702", "OS-DCF:diskConfig": "MANUAL", "os-extended-volumes:volumes_attached": [], "accessIPv4": "", "accessIPv6": "", "progress": 0, "OS-EXT-STS:power_state": 1, "config_drive": "True", "metadata": {}}}
2015-12-17 22:26:22,544 21164 INFO     [tempest.common.waiters] State transition "BUILD/spawning" ==&gt; "ACTIVE/None" after 4 second wait
2015-12-17 22:26:22,751 21164 INFO     [tempest_lib.common.rest_client] Request (TestNetworkAdvancedServerOps:test_server_connectivity_pause_unpause): 200 GET http://10.0.2.15:8774/v2.1/97ecedfe66574f7395168e4d71cee702/servers/cd3e8daf-8a6f-4909-96c1-27a67648da66 0.207s
2015-12-17 22:26:22,752 21164 DEBUG    [tempest_lib.common.rest_client] Request - Headers: {'Content-Type': 'application/json', 'Accept': 'application/json', 'X-Auth-Token': '&lt;omitted&gt;'}
        Body: None
    Response - Headers: {'status': '200', 'content-length': '1660', 'content-location': 'http://10.0.2.15:8774/v2.1/97ecedfe66574f7395168e4d71cee702/servers/cd3e8daf-8a6f-4909-96c1-27a67648da66', 'x-compute-request-id': 'req-8dc1f6f0-4346-4ded-a76f-9c31152055ac', 'vary': 'X-OpenStack-Nova-API-Version', 'connection': 'close', 'x-openstack-nova-api-version': '2.1', 'date': 'Thu, 17 Dec 2015 22:26:22 GMT', 'content-type': 'application/json'}
        Body: {"server": {"status": "ACTIVE", "updated": "2015-12-17T22:26:21Z", "hostId": "c4f1cdd1fec4d776e44aeb46d27a3a7eb42808839a9a926d702410c3", "addresses": {"tempest-network-smoke--1633641768": [{"OS-EXT-IPS-MAC:mac_addr": "fa:16:3e:8e:17:87", "version": 4, "addr": "10.100.0.3", "OS-EXT-IPS:type": "fixed"}]}, "links": [{"href": "http://10.0.2.15:8774/v2.1/97ecedfe66574f7395168e4d71cee702/servers/cd3e8daf-8a6f-4909-96c1-27a67648da66", "rel": "self"}, {"href": "http://10.0.2.15:8774/97ecedfe66574f7395168e4d71cee702/servers/cd3e8daf-8a6f-4909-96c1-27a67648da66", "rel": "bookmark"}], "key_name": "tempest-TestNetworkAdvancedServerOps-68042824", "image": {"id": "b096513b-d637-4157-8226-5c56afec9f5d", "links": [{"href": "http://10.0.2.15:8774/97ecedfe66574f7395168e4d71cee702/images/b096513b-d637-4157-8226-5c56afec9f5d", "rel": "bookmark"}]}, "OS-EXT-STS:task_state": null, "OS-EXT-STS:vm_state": "active", "OS-SRV-USG:launched_at": "2015-12-17T22:26:21.000000", "flavor": {"id": "42", "links": [{"href": "http://10.0.2.15:8774/97ecedfe66574f7395168e4d71cee702/flavors/42", "rel": "bookmark"}]}, "id": "cd3e8daf-8a6f-4909-96c1-27a67648da66", "security_groups": [{"name": "tempest-secgroup-smoke-576785916"}], "OS-SRV-USG:terminated_at": null, "OS-EXT-AZ:availability_zone": "nova", "user_id": "404311297ea04e698645774cf11e5819", "name": "tempest.common.compute-instance-1347337242", "created": "2015-12-17T22:26:18Z", "tenant_id": "97ecedfe66574f7395168e4d71cee702", "OS-DCF:diskConfig": "MANUAL", "os-extended-volumes:volumes_attached": [], "accessIPv4": "", "accessIPv6": "", "progress": 0, "OS-EXT-STS:power_state": 1, "config_drive": "True", "metadata": {}}}
2015-12-17 22:26:22,789 21164 INFO     [tempest_lib.common.rest_client] Request (TestNetworkAdvancedServerOps:test_server_connectivity_pause_unpause): 200 GET http://10.0.2.15:9696/v2.0/ports?status=ACTIVE&amp;fixed_ip=None&amp;device_id=cd3e8daf-8a6f-4909-96c1-27a67648da66 0.029s
2015-12-17 22:26:22,790 21164 DEBUG    [tempest_lib.common.rest_client] Request - Headers: {'Content-Type': 'application/json', 'Accept': 'application/json', 'X-Auth-Token': '&lt;omitted&gt;'}
        Body: None
    Response - Headers: {'status': '200', 'content-length': '895', 'content-location': 'http://10.0.2.15:9696/v2.0/ports?status=ACTIVE&amp;fixed_ip=None&amp;device_id=cd3e8daf-8a6f-4909-96c1-27a67648da66', 'connection': 'close', 'date': 'Thu, 17 Dec 2015 22:26:22 GMT', 'content-type': 'application/json; charset=UTF-8', 'x-openstack-request-id': 'req-f0e0fdfe-5c11-46e2-ba11-209e071ec98e'}
        Body: {"ports": [{"status": "ACTIVE", "binding:host_id": "vagrant-ubuntu-trusty-64", "allowed_address_pairs": [], "extra_dhcp_opts": [], "dns_assignment": [{"hostname": "host-10-100-0-3", "ip_address": "10.100.0.3", "fqdn": "host-10-100-0-3.openstacklocal."}], "device_owner": "compute:None", "port_security_enabled": true, "binding:profile": {}, "fixed_ips": [{"subnet_id": "2d9418bd-6812-4345-9e31-a597380ffbd5", "ip_address": "10.100.0.3"}], "id": "6abd64dc-0d6d-45aa-b276-9bbea2e73f0a", "security_groups": ["ac5596a4-0cc7-4711-9376-83af6359eb07"], "device_id": "cd3e8daf-8a6f-4909-96c1-27a67648da66", "name": "", "admin_state_up": true, "network_id": "4ed363ba-353b-439b-a4a0-31d63f6ef4b3", "dns_name": "", "binding:vif_details": {"port_filter": true}, "binding:vnic_type": "normal", "binding:vif_type": "ovs", "tenant_id": "97ecedfe66574f7395168e4d71cee702", "mac_address": "fa:16:3e:8e:17:87"}]}
2015-12-17 22:26:23,295 21164 INFO     [tempest_lib.common.rest_client] Request (TestNetworkAdvancedServerOps:test_server_connectivity_pause_unpause): 201 POST http://10.0.2.15:9696/v2.0/floatingips 0.504s
2015-12-17 22:26:23,295 21164 DEBUG    [tempest_lib.common.rest_client] Request - Headers: {'Content-Type': 'application/json', 'Accept': 'application/json', 'X-Auth-Token': '&lt;omitted&gt;'}
        Body: {"floatingip": {"floating_network_id": "06a9c1ea-94e0-4ec2-82c5-f63640a60015", "tenant_id": "97ecedfe66574f7395168e4d71cee702", "fixed_ip_address": "10.100.0.3", "port_id": "6abd64dc-0d6d-45aa-b276-9bbea2e73f0a"}}
    Response - Headers: {'status': '201', 'content-length': '367', 'connection': 'close', 'date': 'Thu, 17 Dec 2015 22:26:23 GMT', 'content-type': 'application/json; charset=UTF-8', 'x-openstack-request-id': 'req-fec0d940-87c7-4e77-a658-f8c4c1bff518'}
        Body: {"floatingip": {"floating_network_id": "06a9c1ea-94e0-4ec2-82c5-f63640a60015", "router_id": "3c248f07-769a-443f-a61f-560c5d7652cd", "fixed_ip_address": "10.100.0.3", "floating_ip_address": "172.24.4.4", "tenant_id": "97ecedfe66574f7395168e4d71cee702", "status": "DOWN", "port_id": "6abd64dc-0d6d-45aa-b276-9bbea2e73f0a", "id": "07e4c424-0d74-4bba-83bf-f0e1eac9c46f"}}
2015-12-17 22:26:23,491 21164 INFO     [tempest_lib.common.rest_client] Request (TestNetworkAdvancedServerOps:test_server_connectivity_pause_unpause): 200 GET http://10.0.2.15:8774/v2.1/97ecedfe66574f7395168e4d71cee702/servers/cd3e8daf-8a6f-4909-96c1-27a67648da66 0.195s
2015-12-17 22:26:23,491 21164 DEBUG    [tempest_lib.common.rest_client] Request - Headers: {'Content-Type': 'application/json', 'Accept': 'application/json', 'X-Auth-Token': '&lt;omitted&gt;'}
        Body: None
    Response - Headers: {'status': '200', 'content-length': '1660', 'content-location': 'http://10.0.2.15:8774/v2.1/97ecedfe66574f7395168e4d71cee702/servers/cd3e8daf-8a6f-4909-96c1-27a67648da66', 'x-compute-request-id': 'req-b9270a46-bf5f-49bc-a1db-75545ac82896', 'vary': 'X-OpenStack-Nova-API-Version', 'connection': 'close', 'x-openstack-nova-api-version': '2.1', 'date': 'Thu, 17 Dec 2015 22:26:23 GMT', 'content-type': 'application/json'}
        Body: {"server": {"status": "ACTIVE", "updated": "2015-12-17T22:26:21Z", "hostId": "c4f1cdd1fec4d776e44aeb46d27a3a7eb42808839a9a926d702410c3", "addresses": {"tempest-network-smoke--1633641768": [{"OS-EXT-IPS-MAC:mac_addr": "fa:16:3e:8e:17:87", "version": 4, "addr": "10.100.0.3", "OS-EXT-IPS:type": "fixed"}]}, "links": [{"href": "http://10.0.2.15:8774/v2.1/97ecedfe66574f7395168e4d71cee702/servers/cd3e8daf-8a6f-4909-96c1-27a67648da66", "rel": "self"}, {"href": "http://10.0.2.15:8774/97ecedfe66574f7395168e4d71cee702/servers/cd3e8daf-8a6f-4909-96c1-27a67648da66", "rel": "bookmark"}], "key_name": "tempest-TestNetworkAdvancedServerOps-68042824", "image": {"id": "b096513b-d637-4157-8226-5c56afec9f5d", "links": [{"href": "http://10.0.2.15:8774/97ecedfe66574f7395168e4d71cee702/images/b096513b-d637-4157-8226-5c56afec9f5d", "rel": "bookmark"}]}, "OS-EXT-STS:task_state": null, "OS-EXT-STS:vm_state": "active", "OS-SRV-USG:launched_at": "2015-12-17T22:26:21.000000", "flavor": {"id": "42", "links": [{"href": "http://10.0.2.15:8774/97ecedfe66574f7395168e4d71cee702/flavors/42", "rel": "bookmark"}]}, "id": "cd3e8daf-8a6f-4909-96c1-27a67648da66", "security_groups": [{"name": "tempest-secgroup-smoke-576785916"}], "OS-SRV-USG:terminated_at": null, "OS-EXT-AZ:availability_zone": "nova", "user_id": "404311297ea04e698645774cf11e5819", "name": "tempest.common.compute-instance-1347337242", "created": "2015-12-17T22:26:18Z", "tenant_id": "97ecedfe66574f7395168e4d71cee702", "OS-DCF:diskConfig": "MANUAL", "os-extended-volumes:volumes_attached": [], "accessIPv4": "", "accessIPv6": "", "progress": 0, "OS-EXT-STS:power_state": 1, "config_drive": "True", "metadata": {}}}
2015-12-17 22:26:23,500 21164 INFO     [tempest.scenario.manager] Tenant networks not configured to be reachable.
2015-12-17 22:26:23,513 21164 INFO     [tempest_lib.common.rest_client] Request (TestNetworkAdvancedServerOps:test_server_connectivity_pause_unpause): 200 GET http://10.0.2.15:9696/v2.0/floatingips/07e4c424-0d74-4bba-83bf-f0e1eac9c46f 0.012s
2015-12-17 22:26:23,513 21164 DEBUG    [tempest_lib.common.rest_client] Request - Headers: {'Content-Type': 'application/json', 'Accept': 'application/json', 'X-Auth-Token': '&lt;omitted&gt;'}
        Body: None
    Response - Headers: {'status': '200', 'content-length': '367', 'content-location': 'http://10.0.2.15:9696/v2.0/floatingips/07e4c424-0d74-4bba-83bf-f0e1eac9c46f', 'connection': 'close', 'date': 'Thu, 17 Dec 2015 22:26:23 GMT', 'content-type': 'application/json; charset=UTF-8', 'x-openstack-request-id': 'req-fd06aba6-0bf7-4179-831a-1fda4a306fcb'}
        Body: {"floatingip": {"floating_network_id": "06a9c1ea-94e0-4ec2-82c5-f63640a60015", "router_id": "3c248f07-769a-443f-a61f-560c5d7652cd", "fixed_ip_address": "10.100.0.3", "floating_ip_address": "172.24.4.4", "tenant_id": "97ecedfe66574f7395168e4d71cee702", "status": "DOWN", "port_id": "6abd64dc-0d6d-45aa-b276-9bbea2e73f0a", "id": "07e4c424-0d74-4bba-83bf-f0e1eac9c46f"}}
2015-12-17 22:26:24,528 21164 INFO     [tempest_lib.common.rest_client] Request (TestNetworkAdvancedServerOps:test_server_connectivity_pause_unpause): 200 GET http://10.0.2.15:9696/v2.0/floatingips/07e4c424-0d74-4bba-83bf-f0e1eac9c46f 0.013s
2015-12-17 22:26:24,529 21164 DEBUG    [tempest_lib.common.rest_client] Request - Headers: {'Content-Type': 'application/json', 'Accept': 'application/json', 'X-Auth-Token': '&lt;omitted&gt;'}
        Body: None
    Response - Headers: {'status': '200', 'content-length': '369', 'content-location': 'http://10.0.2.15:9696/v2.0/floatingips/07e4c424-0d74-4bba-83bf-f0e1eac9c46f', 'connection': 'close', 'date': 'Thu, 17 Dec 2015 22:26:24 GMT', 'content-type': 'application/json; charset=UTF-8', 'x-openstack-request-id': 'req-7532e094-0bd0-4a78-9473-666a515bae9b'}
        Body: {"floatingip": {"floating_network_id": "06a9c1ea-94e0-4ec2-82c5-f63640a60015", "router_id": "3c248f07-769a-443f-a61f-560c5d7652cd", "fixed_ip_address": "10.100.0.3", "floating_ip_address": "172.24.4.4", "tenant_id": "97ecedfe66574f7395168e4d71cee702", "status": "ACTIVE", "port_id": "6abd64dc-0d6d-45aa-b276-9bbea2e73f0a", "id": "07e4c424-0d74-4bba-83bf-f0e1eac9c46f"}}
2015-12-17 22:26:24,529 21164 INFO     [tempest.scenario.manager] FloatingIP: &lt;"FloatingIP" addr="172.24.4.4" id="07e4c424-0d74-4bba-83bf-f0e1eac9c46f"&gt; is at status: ACTIVE
2015-12-17 22:26:24,529 21164 DEBUG    [tempest.scenario.manager] checking network connections to IP 172.24.4.4 with user: cirros
2015-12-17 22:26:24,530 21164 DEBUG    [tempest.scenario.manager] TestNetworkAdvancedServerOps:test_server_connectivity_pause_unpause begins to ping 172.24.4.4 in 120 sec and the expected result is reachable
2015-12-17 22:28:24,812 21164 DEBUG    [tempest.scenario.manager] TestNetworkAdvancedServerOps:test_server_connectivity_pause_unpause finishes ping 172.24.4.4 in 120 sec and the ping result is unexpected
2015-12-17 22:28:24,813 21164 ERROR    [tempest.scenario.manager] Public network connectivity check failed
2015-12-17 22:28:24.813 21164 ERROR tempest.scenario.manager Traceback (most recent call last):
2015-12-17 22:28:24.813 21164 ERROR tempest.scenario.manager   File "tempest/scenario/manager.py", line 608, in check_public_network_connectivity
2015-12-17 22:28:24.813 21164 ERROR tempest.scenario.manager     should_connect=should_connect)
2015-12-17 22:28:24.813 21164 ERROR tempest.scenario.manager   File "tempest/scenario/manager.py", line 592, in check_vm_connectivity
2015-12-17 22:28:24.813 21164 ERROR tempest.scenario.manager     msg=msg)
2015-12-17 22:28:24.813 21164 ERROR tempest.scenario.manager   File "/usr/local/lib/python2.7/dist-packages/unittest2/case.py", line 702, in assertTrue
2015-12-17 22:28:24.813 21164 ERROR tempest.scenario.manager     raise self.failureException(msg)
2015-12-17 22:28:24.813 21164 ERROR tempest.scenario.manager AssertionError: False is not true : Timed out waiting for 172.24.4.4 to become reachable
2015-12-17 22:28:24.813 21164 ERROR tempest.scenario.manager 
2015-12-17 22:28:25,058 21164 INFO     [tempest_lib.common.rest_client] Request (TestNetworkAdvancedServerOps:test_server_connectivity_pause_unpause): 200 POST http://10.0.2.15:8774/v2.1/97ecedfe66574f7395168e4d71cee702/servers/cd3e8daf-8a6f-4909-96c1-27a67648da66/action 0.240s
2015-12-17 22:28:25,059 21164 DEBUG    [tempest_lib.common.rest_client] Request - Headers: {'Content-Type': 'application/json', 'Accept': 'application/json', 'X-Auth-Token': '&lt;omitted&gt;'}
        Body: {"os-getConsoleOutput": {}}
    Response - Headers: {'status': '200', 'content-length': '17428', 'x-compute-request-id': 'req-92aca4d2-a024-47ff-8a11-ac1786314786', 'vary': 'X-OpenStack-Nova-API-Version', 'connection': 'close', 'x-openstack-nova-api-version': '2.1', 'date': 'Thu, 17 Dec 2015 22:28:25 GMT', 'content-type': 'application/json'}
        Body: {"output": "[    0.000000] Initializing cgroup subsys cpuset\n[    0.000000] Initializing cgroup subsys cpu\n[    0.000000] Linux version 3.2.0-80-virtual (buildd@batsu) (gcc version 4.6.3 (Ubuntu/Linaro 4.6.3-1ubuntu5) ) #116-Ubuntu SMP Mon Mar 23 17:28:52 UTC 2015 (Ubuntu 3.2.0-80.116-virtual 3.2.68)\n[    0.000000] Command line: root=/dev/vda console=tty0 console=ttyS0 no_timer_check\n[    0.000000] KERNEL supported cpus:\n[    0.000000]   Intel GenuineIntel\n[    0.000000]   AMD AuthenticAMD\n[    0.000000]   Centaur CentaurHauls\n[    0.000000] BIOS-provided physical RAM map:\n[    0.000000]  BIOS-e820: 0000000000000000 - 000000000009fc00 (usable)\n[    0.000000]  BIOS-e820: 000000000009fc00 - 00000000000a0000 (reserved)\n[    0.000000]  BIOS-e820: 00000000000f0000 - 0000000000100000 (reserved)\n[    0.000000]  BIOS-e820: 0000000000100000 - 0000000003ffe000 (usable)\n[    0.000000]  BIOS-e820: 0000000003ffe000 - 0000000004000000 (reserved)\n[    0.000000]  BIOS-e820: 00000000fffc0000 - 0000000100000000 (reserved)\n[    0.000000] NX (Execute Disable) protection: active\n[    0.000000] SMBIOS 2.4 present.\n[    0.000000] No AGP bridge found\n[    0.000000] last_pfn = 0x3ffe max_arch_pfn = 0x400000000\n[    0.000000] x86 PAT enabled: cpu 0, old 0x7040600070406, new 0x7010600070106\n[    0.000000] found SMP MP-table at [ffff8800000f0b00] f0b00\n[    0.000000] init_memory_mapping: 0000000000000000-0000000003ffe000\n[    0.000000] RAMDISK: 03c5e000 - 03ff0000\n[    0.000000] ACPI: RSDP 00000000000f0950 00014 (v00 BOCHS )\n[    0.000000] ACPI: RSDT 0000000003fffbc1 00034 (v01 BOCHS  BXPCRSDT 00000001 BXPC 00000001)\n[    0.000000] ACPI: FACP 0000000003fff1c0 00074 (v01 BOCHS  BXPCFACP 00000001 BXPC 00000001)\n[    0.000000] ACPI: DSDT 0000000003ffe040 01180 (v01 BOCHS  BXPCDSDT 00000001 BXPC 00000001)\n[    0.000000] ACPI: FACS 0000000003ffe000 00040\n[    0.000000] ACPI: SSDT 0000000003fff234 008DD (v01 BOCHS  BXPCSSDT 00000001 BXPC 00000001)\n[    0.000000] ACPI: APIC 0000000003fffb11 00078 (v01 BOCHS  BXPCAPIC 00000001 BXPC 00000001)\n[    0.000000] ACPI: HPET 0000000003fffb89 00038 (v01 BOCHS  BXPCHPET 00000001 BXPC 00000001)\n[    0.000000] No NUMA configuration found\n[    0.000000] Faking a node at 0000000000000000-0000000003ffe000\n[    0.000000] Initmem setup node 0 0000000000000000-0000000003ffe000\n[    0.000000]   NODE_DATA [0000000003ff6000 - 0000000003ffafff]\n[    0.000000] Zone PFN ranges:\n[    0.000000]   DMA      0x00000010 -&gt; 0x00001000\n[    0.000000]   DMA32    0x00001000 -&gt; 0x00100000\n[    0.000000]   Normal   empty\n[    0.000000] Movable zone start PFN for each node\n[    0.000000] early_node_map[2] active PFN ranges\n[    0.000000]     0: 0x00000010 -&gt; 0x0000009f\n[    0.000000]     0: 0x00000100 -&gt; 0x00003ffe\n[    0.000000] ACPI: PM-Timer IO Port: 0xb008\n[    0.000000] ACPI: LAPIC (acpi_id[0x00] lapic_id[0x00] enabled)\n[    0.000000] ACPI: LAPIC_NMI (acpi_id[0xff] dfl dfl lint[0x1])\n[    0.000000] ACPI: IOAPIC (id[0x00] address[0xfec00000] gsi_base[0])\n[    0.000000] IOAPIC[0]: apic_id 0, version 17, address 0xfec00000, GSI 0-23\n[    0.000000] ACPI: INT_SRC_OVR (bus 0 bus_irq 0 global_irq 2 dfl dfl)\n[    0.000000] ACPI: INT_SRC_OVR (bus 0 bus_irq 5 global_irq 5 high level)\n[    0.000000] ACPI: INT_SRC_OVR (bus 0 bus_irq 9 global_irq 9 high level)\n[    0.000000] ACPI: INT_SRC_OVR (bus 0 bus_irq 10 global_irq 10 high level)\n[    0.000000] ACPI: INT_SRC_OVR (bus 0 bus_irq 11 global_irq 11 high level)\n[    0.000000] Using ACPI (MADT) for SMP configuration information\n[    0.000000] ACPI: HPET id: 0x8086a201 base: 0xfed00000\n[    0.000000] SMP: Allowing 1 CPUs, 0 hotplug CPUs\n[    0.000000] PM: Registered nosave memory: 000000000009f000 - 00000000000a0000\n[    0.000000] PM: Registered nosave memory: 00000000000a0000 - 00000000000f0000\n[    0.000000] PM: Registered nosave memory: 00000000000f0000 - 0000000000100000\n[    0.000000] Allocating PCI resources starting at 4000000 (gap: 4000000:fbfc0000)\n[    0.000000] Booting paravirtualized kernel on bare hardware\n[    0.000000] setup_pe
2015-12-17 22:28:25,062 21164 DEBUG    [tempest.scenario.manager] Console output for cd3e8daf-8a6f-4909-96c1-27a67648da66
body=
[    0.000000] Initializing cgroup subsys cpuset
[    0.000000] Initializing cgroup subsys cpu
[    0.000000] Linux version 3.2.0-80-virtual (buildd@batsu) (gcc version 4.6.3 (Ubuntu/Linaro 4.6.3-1ubuntu5) ) #116-Ubuntu SMP Mon Mar 23 17:28:52 UTC 2015 (Ubuntu 3.2.0-80.116-virtual 3.2.68)
[    0.000000] Command line: root=/dev/vda console=tty0 console=ttyS0 no_timer_check
[    0.000000] KERNEL supported cpus:
[    0.000000]   Intel GenuineIntel
[    0.000000]   AMD AuthenticAMD
[    0.000000]   Centaur CentaurHauls
[    0.000000] BIOS-provided physical RAM map:
[    0.000000]  BIOS-e820: 0000000000000000 - 000000000009fc00 (usable)
[    0.000000]  BIOS-e820: 000000000009fc00 - 00000000000a0000 (reserved)
[    0.000000]  BIOS-e820: 00000000000f0000 - 0000000000100000 (reserved)
[    0.000000]  BIOS-e820: 0000000000100000 - 0000000003ffe000 (usable)
[    0.000000]  BIOS-e820: 0000000003ffe000 - 0000000004000000 (reserved)
[    0.000000]  BIOS-e820: 00000000fffc0000 - 0000000100000000 (reserved)
[    0.000000] NX (Execute Disable) protection: active
[    0.000000] SMBIOS 2.4 present.
[    0.000000] No AGP bridge found
[    0.000000] last_pfn = 0x3ffe max_arch_pfn = 0x400000000
[    0.000000] x86 PAT enabled: cpu 0, old 0x7040600070406, new 0x7010600070106
[    0.000000] found SMP MP-table at [ffff8800000f0b00] f0b00
[    0.000000] init_memory_mapping: 0000000000000000-0000000003ffe000
[    0.000000] RAMDISK: 03c5e000 - 03ff0000
[    0.000000] ACPI: RSDP 00000000000f0950 00014 (v00 BOCHS )
[    0.000000] ACPI: RSDT 0000000003fffbc1 00034 (v01 BOCHS  BXPCRSDT 00000001 BXPC 00000001)
[    0.000000] ACPI: FACP 0000000003fff1c0 00074 (v01 BOCHS  BXPCFACP 00000001 BXPC 00000001)
[    0.000000] ACPI: DSDT 0000000003ffe040 01180 (v01 BOCHS  BXPCDSDT 00000001 BXPC 00000001)
[    0.000000] ACPI: FACS 0000000003ffe000 00040
[    0.000000] ACPI: SSDT 0000000003fff234 008DD (v01 BOCHS  BXPCSSDT 00000001 BXPC 00000001)
[    0.000000] ACPI: APIC 0000000003fffb11 00078 (v01 BOCHS  BXPCAPIC 00000001 BXPC 00000001)
[    0.000000] ACPI: HPET 0000000003fffb89 00038 (v01 BOCHS  BXPCHPET 00000001 BXPC 00000001)
[    0.000000] No NUMA configuration found
[    0.000000] Faking a node at 0000000000000000-0000000003ffe000
[    0.000000] Initmem setup node 0 0000000000000000-0000000003ffe000
[    0.000000]   NODE_DATA [0000000003ff6000 - 0000000003ffafff]
[    0.000000] Zone PFN ranges:
[    0.000000]   DMA      0x00000010 -&gt; 0x00001000
[    0.000000]   DMA32    0x00001000 -&gt; 0x00100000
[    0.000000]   Normal   empty
[    0.000000] Movable zone start PFN for each node
[    0.000000] early_node_map[2] active PFN ranges
[    0.000000]     0: 0x00000010 -&gt; 0x0000009f
[    0.000000]     0: 0x00000100 -&gt; 0x00003ffe
[    0.000000] ACPI: PM-Timer IO Port: 0xb008
[    0.000000] ACPI: LAPIC (acpi_id[0x00] lapic_id[0x00] enabled)
[    0.000000] ACPI: LAPIC_NMI (acpi_id[0xff] dfl dfl lint[0x1])
[    0.000000] ACPI: IOAPIC (id[0x00] address[0xfec00000] gsi_base[0])
[    0.000000] IOAPIC[0]: apic_id 0, version 17, address 0xfec00000, GSI 0-23
[    0.000000] ACPI: INT_SRC_OVR (bus 0 bus_irq 0 global_irq 2 dfl dfl)
[    0.000000] ACPI: INT_SRC_OVR (bus 0 bus_irq 5 global_irq 5 high level)
[    0.000000] ACPI: INT_SRC_OVR (bus 0 bus_irq 9 global_irq 9 high level)
[    0.000000] ACPI: INT_SRC_OVR (bus 0 bus_irq 10 global_irq 10 high level)
[    0.000000] ACPI: INT_SRC_OVR (bus 0 bus_irq 11 global_irq 11 high level)
[    0.000000] Using ACPI (MADT) for SMP configuration information
[    0.000000] ACPI: HPET id: 0x8086a201 base: 0xfed00000
[    0.000000] SMP: Allowing 1 CPUs, 0 hotplug CPUs
[    0.000000] PM: Registered nosave memory: 000000000009f000 - 00000000000a0000
[    0.000000] PM: Registered nosave memory: 00000000000a0000 - 00000000000f0000
[    0.000000] PM: Registered nosave memory: 00000000000f0000 - 0000000000100000
[    0.000000] Allocating PCI resources starting at 4000000 (gap: 4000000:fbfc0000)
[    0.000000] Booting paravirtualized kernel on bare hardware
[    0.000000] setup_percpu: NR_CPUS:64 nr_cpumask_bits:64 nr_cpu_ids:1 nr_node_ids:1
[    0.000000] PERCPU: Embedded 27 pages/cpu @ffff880003a00000 s78848 r8192 d23552 u2097152
[    0.000000] Built 1 zonelists in Node order, mobility grouping on.  Total pages: 16008
[    0.000000] Policy zone: DMA32
[    0.000000] Kernel command line: root=/dev/vda console=tty0 console=ttyS0 no_timer_check
[    0.000000] PID hash table entries: 256 (order: -1, 2048 bytes)
[    0.000000] Checking aperture...
[    0.000000] No AGP bridge found
[    0.000000] Memory: 43492k/65528k available (6576k kernel code, 452k absent, 21584k reserved, 6620k data, 928k init)
[    0.000000] SLUB: Genslabs=15, HWalign=64, Order=0-3, MinObjects=0, CPUs=1, Nodes=1
[    0.000000] Hierarchical RCU implementation.
[    0.000000] 	RCU dyntick-idle grace-period acceleration is enabled.
[    0.000000] NR_IRQS:4352 nr_irqs:256 16
[    0.000000] Console: colour VGA+ 80x25
[    0.000000] console [tty0] enabled
[    0.000000] console [ttyS0] enabled
[    0.000000] allocated 1048576 bytes of page_cgroup
[    0.000000] please try 'cgroup_disable=memory' option if you don't want memory cgroups
[    0.000000] Fast TSC calibration failed
[    0.000000] TSC: Unable to calibrate against PIT
[    0.000000] TSC: using HPET reference calibration
[    0.000000] Detected 2293.183 MHz processor.
[    0.028836] Calibrating delay loop (skipped), value calculated using timer frequency.. 4586.36 BogoMIPS (lpj=9172732)
[    0.033047] pid_max: default: 32768 minimum: 301
[    0.042305] Security Framework initialized
[    0.046324] AppArmor: AppArmor initialized
[    0.046935] Yama: becoming mindful.
[    0.053100] Dentry cache hash table entries: 8192 (order: 4, 65536 bytes)
[    0.054599] Inode-cache hash table entries: 4096 (order: 3, 32768 bytes)
[    0.056625] Mount-cache hash table entries: 256
[    0.073319] Initializing cgroup subsys cpuacct
[    0.074247] Initializing cgroup subsys memory
[    0.076199] Initializing cgroup subsys devices
[    0.077010] Initializing cgroup subsys freezer
[    0.077812] Initializing cgroup subsys blkio
[    0.078500] Initializing cgroup subsys perf_event
[    0.082952] mce: CPU supports 10 MCE banks
[    0.085971] SMP alternatives: switching to UP code
[    0.485959] Freeing SMP alternatives: 24k freed
[    0.487633] ACPI: Core revision 20110623
[    0.532450] ftrace: allocating 26610 entries in 105 pages
[    0.569466] ..TIMER: vector=0x30 apic1=0 pin1=2 apic2=-1 pin2=-1
[    0.570863] CPU0: AMD QEMU Virtual CPU version 2.0.0 stepping 03
[    0.576035] Performance Events: Broken PMU hardware detected, using software events only.
[    0.584712] NMI watchdog disabled (cpu0): hardware events not enabled
[    0.586138] Brought up 1 CPUs
[    0.586743] Total of 1 processors activated (4586.36 BogoMIPS).
[    0.612967] devtmpfs: initialized
[    0.644113] EVM: security.selinux
[    0.644648] EVM: security.SMACK64
[    0.645130] EVM: security.capability
[    0.665764] print_constraints: dummy: 
[    0.669723] RTC time: 22:26:25, date: 12/17/15
[    0.674072] NET: Registered protocol family 16
[    0.682897] ACPI: bus type pci registered
[    0.688182] PCI: Using configuration type 1 for base access
[    0.718206] bio: create slab &lt;bio-0&gt; at 0
[    0.722895] ACPI: Added _OSI(Module Device)
[    0.723442] ACPI: Added _OSI(Processor Device)
[    0.724100] ACPI: Added _OSI(3.0 _SCP Extensions)
[    0.724701] ACPI: Added _OSI(Processor Aggregator Device)
[    0.794308] ACPI: Interpreter enabled
[    0.795364] ACPI: (supports S0 S3 S4 S5)
[    0.798108] ACPI: Using IOAPIC for interrupt routing
[    0.878561] ACPI: No dock devices found.
[    0.879262] HEST: Table not found.
[    0.880213] PCI: Using host bridge windows from ACPI; if necessary, use "pci=nocrs" and report a bug
[    0.886366] ACPI: PCI Root Bridge [PCI0] (domain 0000 [bus 00-ff])
[    0.893029] pci_root PNP0A03:00: host bridge window [io  0x0000-0x0cf7]
[    0.893871] pci_root PNP0A03:00: host bridge window [io  0x0d00-0xadff]
[    0.895512] pci_root PNP0A03:00: host bridge window [io  0xae0f-0xaeff]
[    0.896109] pci_root PNP0A03:00: host bridge window [io  0xaf20-0xafdf]
[    0.897149] pci_root PNP0A03:00: host bridge window [io  0xafe4-0xffff]
[    0.898354] pci_root PNP0A03:00: host bridge window [mem 0x000a0000-0x000bffff]
[    0.900108] pci_root PNP0A03:00: host bridge window [mem 0x04000000-0xfebfffff]
[    0.923366] pci 0000:00:01.3: quirk: [io  0xb000-0xb03f] claimed by PIIX4 ACPI
[    0.924174] pci 0000:00:01.3: quirk: [io  0xb100-0xb10f] claimed by PIIX4 SMB
[    0.993318]  pci0000:00: Unable to request _OSC control (_OSC support mask: 0x1e)
[    1.050735] ACPI: PCI Interrupt Link [LNKA] (IRQs 5 *10 11)
[    1.053419] ACPI: PCI Interrupt Link [LNKB] (IRQs 5 *10 11)
[    1.055334] ACPI: PCI Interrupt Link [LNKC] (IRQs 5 10 *11)
[    1.057504] ACPI: PCI Interrupt Link [LNKD] (IRQs 5 10 *11)
[    1.060625] ACPI: PCI Interrupt Link [LNKS] (IRQs *9)
[    1.070877] vgaarb: device added: PCI:0000:00:02.0,decodes=io+mem,owns=io+mem,locks=none
[    1.072197] vgaarb: loaded
[    1.072592] vgaarb: bridge control possible 0000:00:02.0
[    1.077620] i2c-core: driver [aat2870] using legacy suspend method
[    1.078450] i2c-core: driver [aat2870] using legacy resume method
[    1.081869] SCSI subsystem initialized
[    1.086714] usbcore: registered new interface driver usbfs
[    1.088638] usbcore: registered new interface driver hub
[    1.089882] usbcore: registered new device driver usb
[    1.093652] PCI: Using ACPI for IRQ routing
[    1.104202] NetLabel: Initializing
[    1.104676] NetLabel:  domain hash size = 128
[    1.105144] NetLabel:  protocols = UNLABELED CIPSOv4
[    1.106650] NetLabel:  unlabeled traffic allowed by default
[    1.110246] HPET: 3 timers in total, 0 timers will be used for per-cpu timer
[    1.112428] hpet0: at MMIO 0xfed00000, IRQs 2, 8, 0
[    1.113387] hpet0: 3 comparators, 64-bit 100.000000 MHz counter
[    1.126310] Switching to clocksource hpet
[    1.367369] AppArmor: AppArmor Filesystem Enabled
[    1.369633] pnp: PnP ACPI init
[    1.370261] ACPI: bus type pnp registered
[    1.390288] pnp: PnP ACPI: found 9 devices
[    1.390804] ACPI: ACPI bus type pnp unregistered
[    1.447774] NET: Registered protocol family 2
[    1.484218] IP route cache hash table entries: 512 (order: 0, 4096 bytes)
[    1.493271] TCP established hash table entries: 2048 (order: 3, 32768 bytes)
[    1.494435] TCP bind hash table entries: 2048 (order: 3, 32768 bytes)
[    1.495344] TCP: Hash tables configured (established 2048 bind 2048)
[    1.497720] TCP reno registered
[    1.498261] UDP hash table entries: 128 (order: 0, 4096 bytes)
[    1.499144] UDP-Lite hash table entries: 128 (order: 0, 4096 bytes)
[    1.501875] NET: Registered protocol family 1
[    1.502960] pci 0000:00:00.0: Limiting direct PCI/PCI transfers
[    1.503783] pci 0000:00:01.0: PIIX3: Enabling Passive Release
[    1.505525] pci 0000:00:01.0: Activating ISA DMA hang workarounds
[    1.510302] ACPI: PCI Interrupt Link [LNKD] enabled at IRQ 11
[    1.510994] pci 0000:00:01.2: PCI INT D -&gt; Link[LNKD] -&gt; GSI 11 (level, high) -&gt; IRQ 11
[    1.514744] pci 0000:00:01.2: PCI INT D disabled
[    1.535910] Trying to unpack rootfs image as initramfs...
[    1.559422] audit: initializing netlink socket (disabled)
[    1.561572] type=2000 audit(1450391185.560:1): initialized
[    1.831859] HugeTLB registered 2 MB page size, pre-allocated 0 pages
[    1.911186] VFS: Disk quotas dquot_6.5.2
[    1.913243] Dquot-cache hash table entries: 512 (order 0, 4096 bytes)
[    1.934439] fuse init (API version 7.17)
[    1.938479] msgmni has been set to 84
[    1.971688] Block layer SCSI generic (bsg) driver version 0.4 loaded (major 253)
[    1.982992] io scheduler noop registered
[    1.984069] io scheduler deadline registered (default)
[    1.987651] io scheduler cfq registered
[    1.993843] pci_hotplug: PCI Hot Plug PCI Core version: 0.5
[    1.995668] pciehp: PCI Express Hot Plug Controller Driver version: 0.4
[    2.003458] input: Power Button as /devices/LNXSYSTM:00/LNXPWRBN:00/input/input0
[    2.006410] ACPI: Power Button [PWRF]
[    2.066544] ERST: Table is not found!
[    2.067281] GHES: HEST is not enabled!
[    2.074895] ACPI: PCI Interrupt Link [LNKC] enabled at IRQ 10
[    2.075734] virtio-pci 0000:00:03.0: PCI INT A -&gt; Link[LNKC] -&gt; GSI 10 (level, high) -&gt; IRQ 10
[    2.079639] virtio-pci 0000:00:04.0: PCI INT A -&gt; Link[LNKD] -&gt; GSI 11 (level, high) -&gt; IRQ 11
[    2.099256] ACPI: PCI Interrupt Link [LNKA] enabled at IRQ 10
[    2.099999] virtio-pci 0000:00:05.0: PCI INT A -&gt; Link[LNKA] -&gt; GSI 10 (level, high) -&gt; IRQ 10
[    2.114151] Serial: 8250/16550 driver, 32 ports, IRQ sharing enabled
[    2.153854] serial8250: ttyS0 at I/O 0x3f8 (irq = 4) is a 16550A
[    2.229147] serial8250: ttyS1 at I/O 0x2f8 (irq = 3) is a 16550A
[    2.364673] 00:05: ttyS0 at I/O 0x3f8 (irq = 4) is a 16550A
[    2.446461] 00:06: ttyS1 at I/O 0x2f8 (irq = 3) is a 16550A
[    2.498563] Linux agpgart interface v0.103
[    2.522248] Refined TSC clocksource calibration: 2293.192 MHz.
[    2.523242] Switching to clocksource tsc
[    2.575759] brd: module loaded
[    2.603198] loop: module loaded
[    2.662410]  vda: unknown partition table
[    2.725149] scsi0 : ata_piix
[    2.727614] scsi1 : ata_piix
[    2.729868] ata1: PATA max MWDMA2 cmd 0x1f0 ctl 0x3f6 bmdma 0xc0a0 irq 14
[    2.730658] ata2: PATA max MWDMA2 cmd 0x170 ctl 0x376 bmdma 0xc0a8 irq 15
[    2.746828] Fixed MDIO Bus: probed
[    2.747582] tun: Universal TUN/TAP device driver, 1.6
[    2.749036] tun: (C) 1999-2004 Max Krasnyansky &lt;maxk@qualcomm.com&gt;
[    2.763326] PPP generic driver version 2.4.2
[    2.785708] ehci_hcd: USB 2.0 'Enhanced' Host Controller (EHCI) Driver
[    2.786789] ohci_hcd: USB 1.1 'Open' Host Controller (OHCI) Driver
[    2.789202] uhci_hcd: USB Universal Host Controller Interface driver
[    2.790414] uhci_hcd 0000:00:01.2: PCI INT D -&gt; Link[LNKD] -&gt; GSI 11 (level, high) -&gt; IRQ 11
[    2.792537] uhci_hcd 0000:00:01.2: UHCI Host Controller
[    2.819983] uhci_hcd 0000:00:01.2: new USB bus registered, assigned bus number 1
[    2.822836] uhci_hcd 0000:00:01.2: irq 11, io base 0x0000c040
[    2.848140] hub 1-0:1.0: USB hub found
[    2.851116] hub 1-0:1.0: 2 ports detected
[    2.861326] usbcore: registered new interface driver libusual
[    2.864170] i8042: PNP: PS/2 Controller [PNP0303:KBD,PNP0f13:MOU] at 0x60,0x64 irq 1,12
[    2.877067] serio: i8042 KBD port at 0x60,0x64 irq 1
[    2.878717] serio: i8042 AUX port at 0x60,0x64 irq 12
[    2.923963] mousedev: PS/2 mouse device common for all mice
[    2.946376] input: AT Translated Set 2 keyboard as /devices/platform/i8042/serio0/input/input1
[    2.952081] rtc_cmos 00:01: RTC can wake from S4
[    2.974791] rtc_cmos 00:01: rtc core: registered rtc_cmos as rtc0
[    2.979171] rtc0: alarms up to one day, 114 bytes nvram, hpet irqs
[    2.983662] device-mapper: uevent: version 1.0.3
[    3.007325] ata2.01: ATAPI: QEMU DVD-ROM, 2.0.0, max UDMA/100
[    3.018560] device-mapper: ioctl: 4.22.0-ioctl (2011-10-19) initialised: dm-devel@redhat.com
[    3.022277] cpuidle: using governor ladder
[    3.022883] cpuidle: using governor menu
[    3.023866] EFI Variables Facility v0.08 2004-May-17
[    3.034253] TCP cubic registered
[    3.039735] NET: Registered protocol family 10
[    3.081963] NET: Registered protocol family 17
[    3.085205] Registering the dns_resolver key type
[    3.092613] ata2.01: configured for MWDMA2
[    3.125689] scsi 1:0:1:0: CD-ROM            QEMU     QEMU DVD-ROM     2.0. PQ: 0 ANSI: 5
[    3.161452] sr0: scsi3-mmc drive: 4x/4x cd/rw xa/form2 tray
[    3.162966] cdrom: Uniform CD-ROM driver Revision: 3.20
[    3.174122] sr 1:0:1:0: Attached scsi generic sg0 type 5
[    3.216190] Freeing initrd memory: 3656k freed
[    3.234004] registered taskstats version 1
[    3.746715]   Magic number: 11:25:452
[    3.757030] rtc_cmos 00:01: setting system clock to 2015-12-17 22:26:28 UTC (1450391188)
[    3.759509] powernow-k8: Processor cpuid 663 not supported
[    3.763905] BIOS EDD facility v0.16 2004-Jun-25, 0 devices found
[    3.764949] EDD information not available.
[    3.822691] Freeing unused kernel memory: 928k freed
[    3.829141] Write protecting the kernel read-only data: 12288k
[    3.927295] Freeing unused kernel memory: 1596k freed
[    3.982253] Freeing unused kernel memory: 1184k freed

info: initramfs: up at 4.15
modprobe: module virtio_blk not found in modules.dep
modprobe: module virtio_net not found in modules.dep
info: copying initramfs to /dev/vda
info: initramfs loading root from /dev/vda
info: /etc/init.d/rc.sysinit: up at 8.63
info: container: none
Starting logging: OK
modprobe: module virtio_blk not found in modules.dep
modprobe: module virtio_net not found in modules.dep
WARN: /etc/rc3.d/S10-load-modules failed
Initializing random number generator... done.
Starting acpid: OK
cirros-ds 'local' up at 11.15
found datasource (configdrive, local)
Starting network...
udhcpc (v1.20.1) started
Sending discover...
Sending discover...

2015-12-17 22:28:25,333 21164 INFO     [tempest_lib.common.rest_client] Request (TestNetworkAdvancedServerOps:_run_cleanups): 204 DELETE http://10.0.2.15:9696/v2.0/floatingips/07e4c424-0d74-4bba-83bf-f0e1eac9c46f 0.265s
2015-12-17 22:28:25,333 21164 DEBUG    [tempest_lib.common.rest_client] Request - Headers: {'Content-Type': 'application/json', 'Accept': 'application/json', 'X-Auth-Token': '&lt;omitted&gt;'}
        Body: None
    Response - Headers: {'date': 'Thu, 17 Dec 2015 22:28:25 GMT', 'status': '204', 'connection': 'close', 'content-length': '0', 'x-openstack-request-id': 'req-9de6cd7d-ce6a-4852-a642-0c905efa9195'}
        Body: 
2015-12-17 22:28:25,572 21164 INFO     [tempest_lib.common.rest_client] Request (TestNetworkAdvancedServerOps:_run_cleanups): 204 DELETE http://10.0.2.15:8774/v2.1/97ecedfe66574f7395168e4d71cee702/servers/cd3e8daf-8a6f-4909-96c1-27a67648da66 0.238s
2015-12-17 22:28:25,573 21164 DEBUG    [tempest_lib.common.rest_client] Request - Headers: {'Content-Type': 'application/json', 'Accept': 'application/json', 'X-Auth-Token': '&lt;omitted&gt;'}
        Body: None
    Response - Headers: {'status': '204', 'content-length': '0', 'x-compute-request-id': 'req-d657141d-8635-4c50-a5d0-e2d5d07217a4', 'vary': 'X-OpenStack-Nova-API-Version', 'connection': 'close', 'x-openstack-nova-api-version': '2.1', 'date': 'Thu, 17 Dec 2015 22:28:25 GMT', 'content-type': 'application/json'}
        Body: 
2015-12-17 22:28:25,872 21164 INFO     [tempest_lib.common.rest_client] Request (TestNetworkAdvancedServerOps:_run_cleanups): 200 GET http://10.0.2.15:8774/v2.1/97ecedfe66574f7395168e4d71cee702/servers/cd3e8daf-8a6f-4909-96c1-27a67648da66 0.299s
2015-12-17 22:28:25,873 21164 DEBUG    [tempest_lib.common.rest_client] Request - Headers: {'Content-Type': 'application/json', 'Accept': 'application/json', 'X-Auth-Token': '&lt;omitted&gt;'}
        Body: None
    Response - Headers: {'status': '200', 'content-length': '1783', 'content-location': 'http://10.0.2.15:8774/v2.1/97ecedfe66574f7395168e4d71cee702/servers/cd3e8daf-8a6f-4909-96c1-27a67648da66', 'x-compute-request-id': 'req-ab20f5af-eb93-4356-9ab4-bd88d1bd1fba', 'vary': 'X-OpenStack-Nova-API-Version', 'connection': 'close', 'x-openstack-nova-api-version': '2.1', 'date': 'Thu, 17 Dec 2015 22:28:25 GMT', 'content-type': 'application/json'}
        Body: {"server": {"status": "ACTIVE", "updated": "2015-12-17T22:28:25Z", "hostId": "c4f1cdd1fec4d776e44aeb46d27a3a7eb42808839a9a926d702410c3", "addresses": {"tempest-network-smoke--1633641768": [{"OS-EXT-IPS-MAC:mac_addr": "fa:16:3e:8e:17:87", "version": 4, "addr": "10.100.0.3", "OS-EXT-IPS:type": "fixed"}, {"OS-EXT-IPS-MAC:mac_addr": "fa:16:3e:8e:17:87", "version": 4, "addr": "172.24.4.4", "OS-EXT-IPS:type": "floating"}]}, "links": [{"href": "http://10.0.2.15:8774/v2.1/97ecedfe66574f7395168e4d71cee702/servers/cd3e8daf-8a6f-4909-96c1-27a67648da66", "rel": "self"}, {"href": "http://10.0.2.15:8774/97ecedfe66574f7395168e4d71cee702/servers/cd3e8daf-8a6f-4909-96c1-27a67648da66", "rel": "bookmark"}], "key_name": "tempest-TestNetworkAdvancedServerOps-68042824", "image": {"id": "b096513b-d637-4157-8226-5c56afec9f5d", "links": [{"href": "http://10.0.2.15:8774/97ecedfe66574f7395168e4d71cee702/images/b096513b-d637-4157-8226-5c56afec9f5d", "rel": "bookmark"}]}, "OS-EXT-STS:task_state": "deleting", "OS-EXT-STS:vm_state": "active", "OS-SRV-USG:launched_at": "2015-12-17T22:26:21.000000", "flavor": {"id": "42", "links": [{"href": "http://10.0.2.15:8774/97ecedfe66574f7395168e4d71cee702/flavors/42", "rel": "bookmark"}]}, "id": "cd3e8daf-8a6f-4909-96c1-27a67648da66", "security_groups": [{"name": "tempest-secgroup-smoke-576785916"}], "OS-SRV-USG:terminated_at": null, "OS-EXT-AZ:availability_zone": "nova", "user_id": "404311297ea04e698645774cf11e5819", "name": "tempest.common.compute-instance-1347337242", "created": "2015-12-17T22:26:18Z", "tenant_id": "97ecedfe66574f7395168e4d71cee702", "OS-DCF:diskConfig": "MANUAL", "os-extended-volumes:volumes_attached": [], "accessIPv4": "", "accessIPv6": "", "progress": 0, "OS-EXT-STS:power_state": 1, "config_drive": "True", "metadata": {}}}
2015-12-17 22:28:27,013 21164 INFO     [tempest_lib.common.rest_client] Request (TestNetworkAdvancedServerOps:_run_cleanups): 200 GET http://10.0.2.15:8774/v2.1/97ecedfe66574f7395168e4d71cee702/servers/cd3e8daf-8a6f-4909-96c1-27a67648da66 0.122s
2015-12-17 22:28:27,013 21164 DEBUG    [tempest_lib.common.rest_client] Request - Headers: {'Content-Type': 'application/json', 'Accept': 'application/json', 'X-Auth-Token': '&lt;omitted&gt;'}
        Body: None
    Response - Headers: {'status': '200', 'content-length': '1448', 'content-location': 'http://10.0.2.15:8774/v2.1/97ecedfe66574f7395168e4d71cee702/servers/cd3e8daf-8a6f-4909-96c1-27a67648da66', 'x-compute-request-id': 'req-c7b97418-d20e-425c-9815-a2de5004ba86', 'vary': 'X-OpenStack-Nova-API-Version', 'connection': 'close', 'x-openstack-nova-api-version': '2.1', 'date': 'Thu, 17 Dec 2015 22:28:27 GMT', 'content-type': 'application/json'}
        Body: {"server": {"status": "ACTIVE", "updated": "2015-12-17T22:28:26Z", "hostId": "c4f1cdd1fec4d776e44aeb46d27a3a7eb42808839a9a926d702410c3", "addresses": {}, "links": [{"href": "http://10.0.2.15:8774/v2.1/97ecedfe66574f7395168e4d71cee702/servers/cd3e8daf-8a6f-4909-96c1-27a67648da66", "rel": "self"}, {"href": "http://10.0.2.15:8774/97ecedfe66574f7395168e4d71cee702/servers/cd3e8daf-8a6f-4909-96c1-27a67648da66", "rel": "bookmark"}], "key_name": "tempest-TestNetworkAdvancedServerOps-68042824", "image": {"id": "b096513b-d637-4157-8226-5c56afec9f5d", "links": [{"href": "http://10.0.2.15:8774/97ecedfe66574f7395168e4d71cee702/images/b096513b-d637-4157-8226-5c56afec9f5d", "rel": "bookmark"}]}, "OS-EXT-STS:task_state": "deleting", "OS-EXT-STS:vm_state": "active", "OS-SRV-USG:launched_at": "2015-12-17T22:26:21.000000", "flavor": {"id": "42", "links": [{"href": "http://10.0.2.15:8774/97ecedfe66574f7395168e4d71cee702/flavors/42", "rel": "bookmark"}]}, "id": "cd3e8daf-8a6f-4909-96c1-27a67648da66", "OS-SRV-USG:terminated_at": null, "OS-EXT-AZ:availability_zone": "nova", "user_id": "404311297ea04e698645774cf11e5819", "name": "tempest.common.compute-instance-1347337242", "created": "2015-12-17T22:26:18Z", "tenant_id": "97ecedfe66574f7395168e4d71cee702", "OS-DCF:diskConfig": "MANUAL", "os-extended-volumes:volumes_attached": [], "accessIPv4": "", "accessIPv6": "", "progress": 0, "OS-EXT-STS:power_state": 1, "config_drive": "True", "metadata": {}}}
2015-12-17 22:28:28,113 21164 INFO     [tempest_lib.common.rest_client] Request (TestNetworkAdvancedServerOps:_run_cleanups): 404 GET http://10.0.2.15:8774/v2.1/97ecedfe66574f7395168e4d71cee702/servers/cd3e8daf-8a6f-4909-96c1-27a67648da66 0.090s
2015-12-17 22:28:28,114 21164 DEBUG    [tempest_lib.common.rest_client] Request - Headers: {'Content-Type': 'application/json', 'Accept': 'application/json', 'X-Auth-Token': '&lt;omitted&gt;'}
        Body: None
    Response - Headers: {'status': '404', 'content-length': '111', 'x-compute-request-id': 'req-69d86ff9-c77f-490a-b9df-0ce2f3a6e2f2', 'vary': 'X-OpenStack-Nova-API-Version', 'connection': 'close', 'x-openstack-nova-api-version': '2.1', 'date': 'Thu, 17 Dec 2015 22:28:28 GMT', 'content-type': 'application/json; charset=UTF-8'}
        Body: {"itemNotFound": {"message": "Instance cd3e8daf-8a6f-4909-96c1-27a67648da66 could not be found.", "code": 404}}
2015-12-17 22:28:28,602 21164 INFO     [tempest_lib.common.rest_client] Request (TestNetworkAdvancedServerOps:_run_cleanups): 200 PUT http://10.0.2.15:9696/v2.0/routers/3c248f07-769a-443f-a61f-560c5d7652cd/remove_router_interface 0.487s
2015-12-17 22:28:28,602 21164 DEBUG    [tempest_lib.common.rest_client] Request - Headers: {'Content-Type': 'application/json', 'Accept': 'application/json', 'X-Auth-Token': '&lt;omitted&gt;'}
        Body: {"subnet_id": "2d9418bd-6812-4345-9e31-a597380ffbd5"}
    Response - Headers: {'status': '200', 'content-length': '255', 'connection': 'close', 'date': 'Thu, 17 Dec 2015 22:28:28 GMT', 'content-type': 'application/json; charset=UTF-8', 'x-openstack-request-id': 'req-e15b43f1-f14b-4eed-8558-23ceaa183c8d'}
        Body: {"subnet_id": "2d9418bd-6812-4345-9e31-a597380ffbd5", "tenant_id": "97ecedfe66574f7395168e4d71cee702", "subnet_ids": ["2d9418bd-6812-4345-9e31-a597380ffbd5"], "port_id": "d94d360d-08b2-41ff-8655-9665862ef26d", "id": "3c248f07-769a-443f-a61f-560c5d7652cd"}
2015-12-17 22:28:29,079 21164 INFO     [tempest_lib.common.rest_client] Request (TestNetworkAdvancedServerOps:_run_cleanups): 204 DELETE http://10.0.2.15:9696/v2.0/subnets/2d9418bd-6812-4345-9e31-a597380ffbd5 0.476s
2015-12-17 22:28:29,080 21164 DEBUG    [tempest_lib.common.rest_client] Request - Headers: {'Content-Type': 'application/json', 'Accept': 'application/json', 'X-Auth-Token': '&lt;omitted&gt;'}
        Body: None
    Response - Headers: {'date': 'Thu, 17 Dec 2015 22:28:29 GMT', 'status': '204', 'connection': 'close', 'content-length': '0', 'x-openstack-request-id': 'req-762a7b6a-a333-4af0-b994-3d5e2bb7faf1'}
        Body: 
2015-12-17 22:28:29,133 21164 INFO     [tempest_lib.common.rest_client] Request (TestNetworkAdvancedServerOps:_run_cleanups): 200 GET http://10.0.2.15:9696/v2.0/routers/3c248f07-769a-443f-a61f-560c5d7652cd 0.052s
2015-12-17 22:28:29,134 21164 DEBUG    [tempest_lib.common.rest_client] Request - Headers: {'Content-Type': 'application/json', 'Accept': 'application/json', 'X-Auth-Token': '&lt;omitted&gt;'}
        Body: None
    Response - Headers: {'status': '200', 'content-length': '564', 'content-location': 'http://10.0.2.15:9696/v2.0/routers/3c248f07-769a-443f-a61f-560c5d7652cd', 'connection': 'close', 'date': 'Thu, 17 Dec 2015 22:28:29 GMT', 'content-type': 'application/json; charset=UTF-8', 'x-openstack-request-id': 'req-aa8d2c21-25cf-4058-93dd-142549b75b66'}
        Body: {"router": {"status": "ACTIVE", "external_gateway_info": {"network_id": "06a9c1ea-94e0-4ec2-82c5-f63640a60015", "enable_snat": true, "external_fixed_ips": [{"subnet_id": "c1de239f-b332-46f7-aee7-6823c0c6b829", "ip_address": "172.24.4.3"}, {"subnet_id": "d5677d0c-d46c-47bf-80c4-592a0c793dc6", "ip_address": "2001:db8::4"}]}, "availability_zone_hints": [], "availability_zones": ["nova"], "name": "tempest-router-smoke-1031205096", "admin_state_up": true, "tenant_id": "97ecedfe66574f7395168e4d71cee702", "routes": [], "id": "3c248f07-769a-443f-a61f-560c5d7652cd"}}
2015-12-17 22:28:29,662 21164 INFO     [tempest_lib.common.rest_client] Request (TestNetworkAdvancedServerOps:_run_cleanups): 200 PUT http://10.0.2.15:9696/v2.0/routers/3c248f07-769a-443f-a61f-560c5d7652cd 0.527s
2015-12-17 22:28:29,662 21164 DEBUG    [tempest_lib.common.rest_client] Request - Headers: {'Content-Type': 'application/json', 'Accept': 'application/json', 'X-Auth-Token': '&lt;omitted&gt;'}
        Body: {"router": {"external_gateway_info": {}, "name": "tempest-router-smoke-1031205096", "admin_state_up": true}}
    Response - Headers: {'status': '200', 'content-length': '302', 'connection': 'close', 'date': 'Thu, 17 Dec 2015 22:28:29 GMT', 'content-type': 'application/json; charset=UTF-8', 'x-openstack-request-id': 'req-bd57f444-8cd3-4e1a-b198-f1c4aa3f39dc'}
        Body: {"router": {"status": "ACTIVE", "external_gateway_info": null, "availability_zone_hints": [], "availability_zones": ["nova"], "name": "tempest-router-smoke-1031205096", "admin_state_up": true, "tenant_id": "97ecedfe66574f7395168e4d71cee702", "routes": [], "id": "3c248f07-769a-443f-a61f-560c5d7652cd"}}
2015-12-17 22:28:29,934 21164 INFO     [tempest_lib.common.rest_client] Request (TestNetworkAdvancedServerOps:_run_cleanups): 204 DELETE http://10.0.2.15:9696/v2.0/routers/3c248f07-769a-443f-a61f-560c5d7652cd 0.270s
2015-12-17 22:28:29,935 21164 DEBUG    [tempest_lib.common.rest_client] Request - Headers: {'Content-Type': 'application/json', 'Accept': 'application/json', 'X-Auth-Token': '&lt;omitted&gt;'}
        Body: None
    Response - Headers: {'date': 'Thu, 17 Dec 2015 22:28:29 GMT', 'status': '204', 'connection': 'close', 'content-length': '0', 'x-openstack-request-id': 'req-61b20876-b2b9-4872-8688-f1a629ecfb4f'}
        Body: 
2015-12-17 22:28:30,235 21164 INFO     [tempest_lib.common.rest_client] Request (TestNetworkAdvancedServerOps:_run_cleanups): 204 DELETE http://10.0.2.15:9696/v2.0/networks/4ed363ba-353b-439b-a4a0-31d63f6ef4b3 0.299s
2015-12-17 22:28:30,236 21164 DEBUG    [tempest_lib.common.rest_client] Request - Headers: {'Content-Type': 'application/json', 'Accept': 'application/json', 'X-Auth-Token': '&lt;omitted&gt;'}
        Body: None
    Response - Headers: {'date': 'Thu, 17 Dec 2015 22:28:30 GMT', 'status': '204', 'connection': 'close', 'content-length': '0', 'x-openstack-request-id': 'req-267d72b5-2ebd-4a52-8e1d-d177a28985d3'}
        Body: 
2015-12-17 22:28:30,302 21164 INFO     [tempest_lib.common.rest_client] Request (TestNetworkAdvancedServerOps:_run_cleanups): 204 DELETE http://10.0.2.15:9696/v2.0/security-group-rules/ae7717c3-223d-496c-ad49-3704f5befe6f 0.065s
2015-12-17 22:28:30,303 21164 DEBUG    [tempest_lib.common.rest_client] Request - Headers: {'Content-Type': 'application/json', 'Accept': 'application/json', 'X-Auth-Token': '&lt;omitted&gt;'}
        Body: None
    Response - Headers: {'date': 'Thu, 17 Dec 2015 22:28:30 GMT', 'status': '204', 'connection': 'close', 'content-length': '0', 'x-openstack-request-id': 'req-38799e12-c9cf-4049-a1f2-f0d6d8a5fa31'}
        Body: 
2015-12-17 22:28:30,371 21164 INFO     [tempest_lib.common.rest_client] Request (TestNetworkAdvancedServerOps:_run_cleanups): 204 DELETE http://10.0.2.15:9696/v2.0/security-group-rules/9321470a-36a1-4724-8bdf-72d1a2068178 0.067s
2015-12-17 22:28:30,371 21164 DEBUG    [tempest_lib.common.rest_client] Request - Headers: {'Content-Type': 'application/json', 'Accept': 'application/json', 'X-Auth-Token': '&lt;omitted&gt;'}
        Body: None
    Response - Headers: {'date': 'Thu, 17 Dec 2015 22:28:30 GMT', 'status': '204', 'connection': 'close', 'content-length': '0', 'x-openstack-request-id': 'req-85b845f9-4014-4f12-bac8-71fef026ce22'}
        Body: 
2015-12-17 22:28:30,441 21164 INFO     [tempest_lib.common.rest_client] Request (TestNetworkAdvancedServerOps:_run_cleanups): 204 DELETE http://10.0.2.15:9696/v2.0/security-group-rules/85c78a28-47a5-49b3-96d7-10743b419d29 0.068s
2015-12-17 22:28:30,441 21164 DEBUG    [tempest_lib.common.rest_client] Request - Headers: {'Content-Type': 'application/json', 'Accept': 'application/json', 'X-Auth-Token': '&lt;omitted&gt;'}
        Body: None
    Response - Headers: {'date': 'Thu, 17 Dec 2015 22:28:30 GMT', 'status': '204', 'connection': 'close', 'content-length': '0', 'x-openstack-request-id': 'req-546ac622-a8aa-4bea-8026-2ca85b6589aa'}
        Body: 
2015-12-17 22:28:30,507 21164 INFO     [tempest_lib.common.rest_client] Request (TestNetworkAdvancedServerOps:_run_cleanups): 204 DELETE http://10.0.2.15:9696/v2.0/security-group-rules/d82e1157-18bb-4db5-a477-77187d177eb9 0.064s
2015-12-17 22:28:30,508 21164 DEBUG    [tempest_lib.common.rest_client] Request - Headers: {'Content-Type': 'application/json', 'Accept': 'application/json', 'X-Auth-Token': '&lt;omitted&gt;'}
        Body: None
    Response - Headers: {'date': 'Thu, 17 Dec 2015 22:28:30 GMT', 'status': '204', 'connection': 'close', 'content-length': '0', 'x-openstack-request-id': 'req-ecc4d593-c1b4-486e-8dd1-64c54a80734b'}
        Body: 
2015-12-17 22:28:30,577 21164 INFO     [tempest_lib.common.rest_client] Request (TestNetworkAdvancedServerOps:_run_cleanups): 204 DELETE http://10.0.2.15:9696/v2.0/security-group-rules/ffcf02f1-1c13-438b-933d-a4e2f68b1f8d 0.069s
2015-12-17 22:28:30,578 21164 DEBUG    [tempest_lib.common.rest_client] Request - Headers: {'Content-Type': 'application/json', 'Accept': 'application/json', 'X-Auth-Token': '&lt;omitted&gt;'}
        Body: None
    Response - Headers: {'date': 'Thu, 17 Dec 2015 22:28:30 GMT', 'status': '204', 'connection': 'close', 'content-length': '0', 'x-openstack-request-id': 'req-5d28811c-eeae-44ff-af47-18c802a50326'}
        Body: 
2015-12-17 22:28:30,646 21164 INFO     [tempest_lib.common.rest_client] Request (TestNetworkAdvancedServerOps:_run_cleanups): 204 DELETE http://10.0.2.15:9696/v2.0/security-group-rules/2cac89a6-7d9d-4549-92fb-56859b364291 0.068s
2015-12-17 22:28:30,646 21164 DEBUG    [tempest_lib.common.rest_client] Request - Headers: {'Content-Type': 'application/json', 'Accept': 'application/json', 'X-Auth-Token': '&lt;omitted&gt;'}
        Body: None
    Response - Headers: {'date': 'Thu, 17 Dec 2015 22:28:30 GMT', 'status': '204', 'connection': 'close', 'content-length': '0', 'x-openstack-request-id': 'req-90af3493-5d31-457d-bfef-89510c845b15'}
        Body: 
2015-12-17 22:28:30,750 21164 INFO     [tempest_lib.common.rest_client] Request (TestNetworkAdvancedServerOps:_run_cleanups): 204 DELETE http://10.0.2.15:9696/v2.0/security-groups/ac5596a4-0cc7-4711-9376-83af6359eb07 0.102s
2015-12-17 22:28:30,750 21164 DEBUG    [tempest_lib.common.rest_client] Request - Headers: {'Content-Type': 'application/json', 'Accept': 'application/json', 'X-Auth-Token': '&lt;omitted&gt;'}
        Body: None
    Response - Headers: {'date': 'Thu, 17 Dec 2015 22:28:30 GMT', 'status': '204', 'connection': 'close', 'content-length': '0', 'x-openstack-request-id': 'req-66b8650d-e628-4649-a1d9-2d27efc998a5'}
        Body: 
2015-12-17 22:28:30,773 21164 INFO     [tempest_lib.common.rest_client] Request (TestNetworkAdvancedServerOps:_run_cleanups): 202 DELETE http://10.0.2.15:8774/v2.1/97ecedfe66574f7395168e4d71cee702/os-keypairs/tempest-TestNetworkAdvancedServerOps-68042824 0.021s
2015-12-17 22:28:30,773 21164 DEBUG    [tempest_lib.common.rest_client] Request - Headers: {'Content-Type': 'application/json', 'Accept': 'application/json', 'X-Auth-Token': '&lt;omitted&gt;'}
        Body: None
    Response - Headers: {'status': '202', 'content-length': '0', 'x-compute-request-id': 'req-81b285f8-709b-4c92-a2d8-5de39698bbd9', 'vary': 'X-OpenStack-Nova-API-Version', 'connection': 'close', 'x-openstack-nova-api-version': '2.1', 'date': 'Thu, 17 Dec 2015 22:28:30 GMT', 'content-type': 'application/json'}
        Body: 
2015-12-17 22:28:30,865 21164 INFO     [tempest_lib.common.rest_client] Request (TestNetworkAdvancedServerOps:_run_cleanups): 404 GET http://10.0.2.15:8774/v2.1/97ecedfe66574f7395168e4d71cee702/servers/cd3e8daf-8a6f-4909-96c1-27a67648da66 0.090s
2015-12-17 22:28:30,865 21164 DEBUG    [tempest_lib.common.rest_client] Request - Headers: {'Content-Type': 'application/json', 'Accept': 'application/json', 'X-Auth-Token': '&lt;omitted&gt;'}
        Body: None
    Response - Headers: {'status': '404', 'content-length': '111', 'x-compute-request-id': 'req-f449363d-3786-4d10-91a8-b2ea15ff6315', 'vary': 'X-OpenStack-Nova-API-Version', 'connection': 'close', 'x-openstack-nova-api-version': '2.1', 'date': 'Thu, 17 Dec 2015 22:28:30 GMT', 'content-type': 'application/json; charset=UTF-8'}
        Body: {"itemNotFound": {"message": "Instance cd3e8daf-8a6f-4909-96c1-27a67648da66 could not be found.", "code": 404}}
}}}

Traceback (most recent call last):
  File "tempest/test.py", line 113, in wrapper
    return f(self, *func_args, **func_kwargs)
  File "tempest/scenario/test_network_advanced_server_ops.py", line 134, in test_server_connectivity_pause_unpause
    server, keypair, floating_ip = self._setup_network_and_servers()
  File "tempest/scenario/test_network_advanced_server_ops.py", line 71, in _setup_network_and_servers
    server, keypair, floating_ip)
  File "tempest/scenario/test_network_advanced_server_ops.py", line 95, in _wait_server_status_and_check_network_connectivity
    self._check_network_connectivity(server, keypair, floating_ip)
  File "tempest/scenario/test_network_advanced_server_ops.py", line 88, in _check_network_connectivity
    servers=[server])
  File "tempest/scenario/manager.py", line 608, in check_public_network_connectivity
    should_connect=should_connect)
  File "tempest/scenario/manager.py", line 592, in check_vm_connectivity
    msg=msg)
  File "/usr/local/lib/python2.7/dist-packages/unittest2/case.py", line 702, in assertTrue
    raise self.failureException(msg)
AssertionError: False is not true : Timed out waiting for 172.24.4.4 to become reachable



        </pre>
    </div>
    <!--css div popup end-->

    </td>
</tr>

<tr id='ft1.2' class='none'>
    <td class='failCase'><div class='testcase'>test_server_connectivity_reboot[compute,id-7b6860c2-afa3-4846-9522-adeb38dfbe08,network]</div></td>
    <td colspan='7' align='left'>

    <!--css div popup start-->
    <a class="popup_link" onfocus='this.blur();'
    href="javascript:showTestDetail('div_ft1.2')" >
        fail</a>

    <div id='div_ft1.2' class="popup_window">
        <div style='text-align: right; color:red;cursor:pointer'>
        <a onfocus='this.blur();'
onclick="document.getElementById('div_ft1.2').style.display = 'none' " >
           [x]</a>
        </div>
        <pre>
        
ft1.2: tempest.scenario.test_network_advanced_server_ops.TestNetworkAdvancedServerOps.test_server_connectivity_reboot[compute,id-7b6860c2-afa3-4846-9522-adeb38dfbe08,network]_StringException: Empty attachments:
  stderr
  stdout

pythonlogging:'': {{{
