<?xml version="1.0" encoding="UTF-8"?>
<!DOCTYPE html PUBLIC "-//W3C//DTD XHTML 1.0 Strict//EN"
     "http://www.w3.org/TR/xhtml1/DTD/xhtml1-strict.dtd">
<html xmlns="http://www.w3.org/1999/xhtml">
<head>
    <title>Unit Test Report</title>
    <meta name="generator" content="subunit2html 0.1"/>
    <meta http-equiv="Content-Type" content="text/html; charset=UTF-8"/>
    
<style type="text/css" media="screen">
body        { font-family: verdana, arial, helvetica, sans-serif;
    font-size: 80%; }
table       { font-size: 100%; width: 100%;}
pre         { font-size: 80%; }

/* -- heading -------------------------------------------------------------- */
h1 {
        font-size: 16pt;
        color: gray;
}
.heading {
    margin-top: 0ex;
    margin-bottom: 1ex;
}

.heading .attribute {
    margin-top: 1ex;
    margin-bottom: 0;
}

.heading .description {
    margin-top: 4ex;
    margin-bottom: 6ex;
}

/* -- css div popup -------------------------------------------------------- */
a.popup_link {
}

a.popup_link:hover {
    color: red;
}

.popup_window {
    display: none;
    overflow-x: scroll;
    /*border: solid #627173 1px; */
    padding: 10px;
    background-color: #E6E6D6;
    font-family: "Ubuntu Mono", "Lucida Console", "Courier New", monospace;
    text-align: left;
    font-size: 8pt;
}

}
/* -- report --------------------------------------------------------------- */
#show_detail_line {
    margin-top: 3ex;
    margin-bottom: 1ex;
}
#result_table {
    width: 100%;
    border-collapse: collapse;
    border: 1px solid #777;
}
#header_row {
    font-weight: bold;
    color: white;
    background-color: #777;
}
#result_table td {
    border: 1px solid #777;
    padding: 2px;
}
#total_row  { font-weight: bold; }
.passClass  { background-color: #6c6; }
.failClass  { background-color: #c60; }
.errorClass { background-color: #c00; }
.passCase   { color: #6c6; }
.failCase   { color: #c60; font-weight: bold; }
.errorCase  { color: #c00; font-weight: bold; }
.hiddenRow  { display: none; }
.testcase   { margin-left: 2em; }
td.testname {width: 40%}
td.small {width: 40px}

/* -- ending --------------------------------------------------------------- */
#ending {
}

</style>

</head>
<body>
<script language="javascript" type="text/javascript"><!--
output_list = Array();

/* level - 0:Summary; 1:Failed; 2:All */
function showCase(level) {
    trs = document.getElementsByTagName("tr");
    for (var i = 0; i < trs.length; i++) {
        tr = trs[i];
        id = tr.id;
        if (id.substr(0,2) == 'ft') {
            if (level < 1) {
                tr.className = 'hiddenRow';
            }
            else {
                tr.className = '';
            }
        }
        if (id.substr(0,2) == 'pt') {
            if (level > 1) {
                tr.className = '';
            }
            else {
                tr.className = 'hiddenRow';
            }
        }
    }
}


function showClassDetail(cid, count) {
    var id_list = Array(count);
    var toHide = 1;
    for (var i = 0; i < count; i++) {
        tid0 = 't' + cid.substr(1) + '.' + (i+1);
        tid = 'f' + tid0;
        tr = document.getElementById(tid);
        if (!tr) {
            tid = 'p' + tid0;
            tr = document.getElementById(tid);
        }
        id_list[i] = tid;
        if (tr.className) {
            toHide = 0;
        }
    }
    for (var i = 0; i < count; i++) {
        tid = id_list[i];
        if (toHide) {
            document.getElementById('div_'+tid).style.display = 'none'
            document.getElementById(tid).className = 'hiddenRow';
        }
        else {
            document.getElementById(tid).className = '';
        }
    }
}


function showTestDetail(div_id){
    var details_div = document.getElementById(div_id)
    var displayState = details_div.style.display
    // alert(displayState)
    if (displayState != 'block' ) {
        displayState = 'block'
        details_div.style.display = 'block'
    }
    else {
        details_div.style.display = 'none'
    }
}


function html_escape(s) {
    s = s.replace(/&/g,'&amp;');
    s = s.replace(/</g,'&lt;');
    s = s.replace(/>/g,'&gt;');
    return s;
}

/* obsoleted by detail in <div>
function showOutput(id, name) {
    var w = window.open("", //url
                    name,
                    "resizable,scrollbars,status,width=800,height=450");
    d = w.document;
    d.write("<pre>");
    d.write(html_escape(output_list[id]));
    d.write("\n");
    d.write("<a href='javascript:window.close()'>close</a>\n");
    d.write("</pre>\n");
    d.close();
}
*/
--></script>

<div class='heading'>
<h1>Unit Test Report</h1>

<p class='attribute'><strong>Status:</strong> Failure 6</p>

<p class='description'></p>
</div>



<p id='show_detail_line'>Show
<a href='javascript:showCase(0)'>Summary</a>
<a href='javascript:showCase(1)'>Failed</a>
<a href='javascript:showCase(2)'>All</a>
</p>
<table id='result_table'>
<colgroup>
<col align='left' />
<col align='right' />
<col align='right' />
<col align='right' />
<col align='right' />
<col align='right' />
<col align='right' />
<col align='right' />
</colgroup>
<tr id='header_row'>
    <td>Test Group/Test case</td>
    <td>Count</td>
    <td>Pass</td>
    <td>Fail</td>
    <td>Error</td>
    <td>Skip</td>
    <td>View</td>
    <td> </td>
</tr>

<tr class='failClass'>
    <td class="testname">tempest.scenario.test_network_advanced_server_ops.TestNetworkAdvancedServerOps</td>
    <td class="small">6</td>
    <td class="small">0</td>
    <td class="small">6</td>
    <td class="small">0</td>
    <td class="small">0</td>
    <td class="small"><a href="javascript:showClassDetail('c1',6)"
>Detail</a></td>
    <td> </td>
</tr>

<tr id='ft1.1' class='none'>
    <td class='failCase'><div class='testcase'>test_server_connectivity_pause_unpause[compute,id-2b2642db-6568-4b35-b812-eceed3fa20ce,network]</div></td>
    <td colspan='7' align='left'>

    <!--css div popup start-->
    <a class="popup_link" onfocus='this.blur();'
    href="javascript:showTestDetail('div_ft1.1')" >
        fail</a>

    <div id='div_ft1.1' class="popup_window">
        <div style='text-align: right; color:red;cursor:pointer'>
        <a onfocus='this.blur();'
onclick="document.getElementById('div_ft1.1').style.display = 'none' " >
           [x]</a>
        </div>
        <pre>
        
ft1.1: tempest.scenario.test_network_advanced_server_ops.TestNetworkAdvancedServerOps.test_server_connectivity_pause_unpause[compute,id-2b2642db-6568-4b35-b812-eceed3fa20ce,network]_StringException: Empty attachments:
  stderr
  stdout

pythonlogging:'': {{{
2015-12-08 19:07:52,659 20662 INFO     [tempest_lib.common.rest_client] Request (TestNetworkAdvancedServerOps:test_server_connectivity_pause_unpause): 200 POST http://10.0.2.15:8774/v2.1/686f23e26c2d4cc78a75f243ba824e7e/os-keypairs 0.611s
2015-12-08 19:07:52,661 20662 DEBUG    [tempest_lib.common.rest_client] Request - Headers: {'Content-Type': 'application/json', 'Accept': 'application/json', 'X-Auth-Token': '&lt;omitted&gt;'}
        Body: {"keypair": {"name": "tempest-TestNetworkAdvancedServerOps-880820057"}}
    Response - Headers: {'status': '200', 'content-length': '2333', 'x-compute-request-id': 'req-e4c0edf7-eafb-4d9d-b6cb-0be8950e8510', 'vary': 'X-OpenStack-Nova-API-Version', 'connection': 'close', 'x-openstack-nova-api-version': '2.1', 'date': 'Tue, 08 Dec 2015 19:07:52 GMT', 'content-type': 'application/json'}
        Body: {"keypair": {"public_key": "ssh-rsa AAAAB3NzaC1yc2EAAAADAQABAAABAQDXYioIpRBRVtr30nDfI0g5MQ8Ov/HnlDJO04ruIYa1SyKK4arbTDGKfQkF/yttmTsg3kShCpXFRUyYPplAYe4OA1YBRn4NX8wXJlbYITWDmw/ydva5wEzrWqbkNvMviX+y6U3p82yq3HtMw48SB+XdnY1m08eQZz5FouzKGIwuAt6OKdMIY6yBFIhTGanrqNCUUolZNxnt23d3OZ7SxzwpqRxAkkIRUkdJwb2G6o2ZO9vDSQGj6Jxl66FtgMOCtkrwOh7HAexCCh0y7uQK4xS6hmQkv7UvYobVL4ofZuhpqrzzTU2Stl6Idpve5VQALoH6MHSmqHvAJMNXbRLsokEh Generated-by-Nova", "private_key": "-----BEGIN RSA PRIVATE KEY-----\nMIIEqgIBAAKCAQEA12IqCKUQUVba99Jw3yNIOTEPDr/x55QyTtOK7iGGtUsiiuGq\n20wxin0JBf8rbZk7IN5EoQqVxUVMmD6ZQGHuDgNWAUZ+DV/MFyZW2CE1g5sP8nb2\nucBM61qm5DbzL4l/sulN6fNsqtx7TMOPEgfl3Z2NZtPHkGc+RaLsyhiMLgLejinT\nCGOsgRSIUxmp66jQlFKJWTcZ7dt3dzme0sc8KakcQJJCEVJHScG9huqNmTvbw0kB\no+icZeuhbYDDgrZK8DoexwHsQgodMu7kCuMUuoZkJL+1L2KG1S+KH2boaaq8801N\nkrZeiHab3uVUAC6B+jB0pqh7wCTDV20S7KJBIQIDAQABAoIBAQCs/rSiUupDWs7v\npIBySWV2QlhE0ZkcF2U8+R6q3BTVwu6QvGc+UvmrsXgw795S3nOml8Bp1RWs6Fd4\nJTd0hfPuH3HR/mu6lEpaAbpZSHsyJLbvWewcED/3/cz0mspDUV5XNpsVIScUKZmD\nc8OTiPJxSV3MzKeK7dIPnqgwPv1A6iW8HUxYooX7Lx6e+MG9PshETzixr96BLzUZ\nHkin9x8Y0or3UwQVVinwDGQhcB7ydY/svKPhGMlZB1x/Y7saUmETV24+j0M9qUvi\np1JzhJUOR6uv0kRwhlxeXiu/iRfxZd9vSLPkFbHerZDuPktlIKyCVy0oRUsTecAV\neIfsoGL9AoIAgQDkf6nF1AKsW/nep3gMge/yX+Lx1b6KDR/xNR8OpR3+SvTs8mOc\n8BZ+6eKbU0Xlq15k2iHFSTnixNYumcyAWJ6YDT2wt8DxqBC9GjUSFV9kaZcp5gW2\nQKEr0KbWmy0VgPhbHcoWfdr1KkHk2Vxs4/HxWlf38K/xriBIbhrPSczqZwKCAIEA\n8U5na+iDB/J2Q6W68wWaeYJr8IH+n4rWiyxm3CbffJ3fbPBW+/eqY0Ki+ngjCrq8\nDng5b6db8cltJ+YrRmX1JxjPjaMbGDvnwMAWCa3Ghv+DovbhiwQ8znHnBk+dhPyP\nOeBT8WGpGc/kvBmPkTjcmVMl2a98YdFezIMK+JCv0zcCggCAJRm5Zh6bZIL2mjlU\n26sJW7BH9/49lsq0wgRfC5CxwwVGqWZd2DB/ZpHxMkkeE0F07SkhzJesJ27QW/aq\n5rf84DFeL+BWGqawORQVQ99mgrZGTg5EJShvQt75B+VgN5qeOKUol+hNcfsvgcnt\nIN0N/qMtn1tcJgCgy0HdZoTUGccCggCBANsE6uIKnEOuUqF733+M6nS3Z/lYRB/T\nCIAxwPq5XcfiE1TxoEH6vXBynzLvr/6hFuebP6aUJOQEi0rXoxe2mxjtcBWCoakR\nVnyg3F/UlokZigV0R6rCId7Pi30y7ioygl1pu0cv+SgwhdAk8yZAkhmoWoaGvUKb\noovFtUN/L9dpAoIAgQC1ujF21GqDjQRMKWtABkGQgrBxuoQduA3BGSDS3GwUuyQs\nIWJX9zDKtTwylLr1zou6M22opZ99b1rrB5zrqxAJuxAn53xP7IIRyYkRUnhu37cQ\naK1jdW+yf9HuOXJ+5je7tq8XiwsWM2IwN0Njvudtv198v8n27FLOJSV8/GwqQw==\n-----END RSA PRIVATE KEY-----\n", "user_id": "6726877c95c34c2787de2207806c2e5d", "name": "tempest-TestNetworkAdvancedServerOps-880820057", "fingerprint": "b6:6f:94:af:36:45:62:dd:57:66:7d:b6:c8:10:17:e1"}}
2015-12-08 19:07:53,009 20662 INFO     [tempest_lib.common.rest_client] Request (TestNetworkAdvancedServerOps:test_server_connectivity_pause_unpause): 201 POST http://10.0.2.15:9696/v2.0/security-groups 0.344s
2015-12-08 19:07:53,010 20662 DEBUG    [tempest_lib.common.rest_client] Request - Headers: {'Content-Type': 'application/json', 'Accept': 'application/json', 'X-Auth-Token': '&lt;omitted&gt;'}
        Body: {"security_group": {"tenant_id": "686f23e26c2d4cc78a75f243ba824e7e", "description": "tempest-secgroup-smoke-787320884 description", "name": "tempest-secgroup-smoke-787320884"}}
    Response - Headers: {'status': '201', 'content-length': '886', 'connection': 'close', 'date': 'Tue, 08 Dec 2015 19:07:53 GMT', 'content-type': 'application/json; charset=UTF-8', 'x-openstack-request-id': 'req-228c5d94-20f2-425a-afed-6fa3f0c31157'}
        Body: {"security_group": {"tenant_id": "686f23e26c2d4cc78a75f243ba824e7e", "description": "tempest-secgroup-smoke-787320884 description", "id": "6715fbb9-25f0-413e-9899-baa68647c624", "security_group_rules": [{"remote_group_id": null, "direction": "egress", "remote_ip_prefix": null, "protocol": null, "ethertype": "IPv4", "tenant_id": "686f23e26c2d4cc78a75f243ba824e7e", "port_range_max": null, "port_range_min": null, "id": "c5783ebb-ea10-45fb-8621-60cd383d3f01", "security_group_id": "6715fbb9-25f0-413e-9899-baa68647c624"}, {"remote_group_id": null, "direction": "egress", "remote_ip_prefix": null, "protocol": null, "ethertype": "IPv6", "tenant_id": "686f23e26c2d4cc78a75f243ba824e7e", "port_range_max": null, "port_range_min": null, "id": "c2aa9b71-d8cc-40ef-9fef-89ba6c81d6ae", "security_group_id": "6715fbb9-25f0-413e-9899-baa68647c624"}], "name": "tempest-secgroup-smoke-787320884"}}
2015-12-08 19:07:53,134 20662 INFO     [tempest_lib.common.rest_client] Request (TestNetworkAdvancedServerOps:test_server_connectivity_pause_unpause): 201 POST http://10.0.2.15:9696/v2.0/security-group-rules 0.122s
2015-12-08 19:07:53,135 20662 DEBUG    [tempest_lib.common.rest_client] Request - Headers: {'Content-Type': 'application/json', 'Accept': 'application/json', 'X-Auth-Token': '&lt;omitted&gt;'}
        Body: {"security_group_rule": {"direction": "ingress", "protocol": "tcp", "tenant_id": "686f23e26c2d4cc78a75f243ba824e7e", "port_range_max": 22, "security_group_id": "6715fbb9-25f0-413e-9899-baa68647c624", "port_range_min": 22}}
    Response - Headers: {'status': '201', 'content-length': '340', 'connection': 'close', 'date': 'Tue, 08 Dec 2015 19:07:53 GMT', 'content-type': 'application/json; charset=UTF-8', 'x-openstack-request-id': 'req-9dd7b610-c300-4150-80e2-34f39d80a39b'}
        Body: {"security_group_rule": {"remote_group_id": null, "direction": "ingress", "remote_ip_prefix": null, "protocol": "tcp", "ethertype": "IPv4", "tenant_id": "686f23e26c2d4cc78a75f243ba824e7e", "port_range_max": 22, "port_range_min": 22, "id": "bf8d7dc8-502f-48be-b668-b8d43f63d32c", "security_group_id": "6715fbb9-25f0-413e-9899-baa68647c624"}}
2015-12-08 19:07:53,378 20662 INFO     [tempest_lib.common.rest_client] Request (TestNetworkAdvancedServerOps:test_server_connectivity_pause_unpause): 201 POST http://10.0.2.15:9696/v2.0/security-group-rules 0.242s
2015-12-08 19:07:53,379 20662 DEBUG    [tempest_lib.common.rest_client] Request - Headers: {'Content-Type': 'application/json', 'Accept': 'application/json', 'X-Auth-Token': '&lt;omitted&gt;'}
        Body: {"security_group_rule": {"direction": "egress", "protocol": "tcp", "tenant_id": "686f23e26c2d4cc78a75f243ba824e7e", "port_range_max": 22, "security_group_id": "6715fbb9-25f0-413e-9899-baa68647c624", "port_range_min": 22}}
    Response - Headers: {'status': '201', 'content-length': '339', 'connection': 'close', 'date': 'Tue, 08 Dec 2015 19:07:53 GMT', 'content-type': 'application/json; charset=UTF-8', 'x-openstack-request-id': 'req-ae00e31c-6a6e-48cf-a85b-6be9f4601c2a'}
        Body: {"security_group_rule": {"remote_group_id": null, "direction": "egress", "remote_ip_prefix": null, "protocol": "tcp", "ethertype": "IPv4", "tenant_id": "686f23e26c2d4cc78a75f243ba824e7e", "port_range_max": 22, "port_range_min": 22, "id": "02187e1a-18ea-422d-9a7f-147c034405fd", "security_group_id": "6715fbb9-25f0-413e-9899-baa68647c624"}}
2015-12-08 19:07:53,507 20662 INFO     [tempest_lib.common.rest_client] Request (TestNetworkAdvancedServerOps:test_server_connectivity_pause_unpause): 201 POST http://10.0.2.15:9696/v2.0/security-group-rules 0.127s
2015-12-08 19:07:53,508 20662 DEBUG    [tempest_lib.common.rest_client] Request - Headers: {'Content-Type': 'application/json', 'Accept': 'application/json', 'X-Auth-Token': '&lt;omitted&gt;'}
        Body: {"security_group_rule": {"tenant_id": "686f23e26c2d4cc78a75f243ba824e7e", "direction": "ingress", "protocol": "icmp", "security_group_id": "6715fbb9-25f0-413e-9899-baa68647c624"}}
    Response - Headers: {'status': '201', 'content-length': '345', 'connection': 'close', 'date': 'Tue, 08 Dec 2015 19:07:53 GMT', 'content-type': 'application/json; charset=UTF-8', 'x-openstack-request-id': 'req-261fac94-012f-4dfc-9b56-cef700df052b'}
        Body: {"security_group_rule": {"remote_group_id": null, "direction": "ingress", "remote_ip_prefix": null, "protocol": "icmp", "ethertype": "IPv4", "tenant_id": "686f23e26c2d4cc78a75f243ba824e7e", "port_range_max": null, "port_range_min": null, "id": "4f7493ee-bb3f-4fc3-942f-0eb9e4043ad0", "security_group_id": "6715fbb9-25f0-413e-9899-baa68647c624"}}
2015-12-08 19:07:53,742 20662 INFO     [tempest_lib.common.rest_client] Request (TestNetworkAdvancedServerOps:test_server_connectivity_pause_unpause): 201 POST http://10.0.2.15:9696/v2.0/security-group-rules 0.233s
2015-12-08 19:07:53,742 20662 DEBUG    [tempest_lib.common.rest_client] Request - Headers: {'Content-Type': 'application/json', 'Accept': 'application/json', 'X-Auth-Token': '&lt;omitted&gt;'}
        Body: {"security_group_rule": {"tenant_id": "686f23e26c2d4cc78a75f243ba824e7e", "direction": "egress", "protocol": "icmp", "security_group_id": "6715fbb9-25f0-413e-9899-baa68647c624"}}
    Response - Headers: {'status': '201', 'content-length': '344', 'connection': 'close', 'date': 'Tue, 08 Dec 2015 19:07:53 GMT', 'content-type': 'application/json; charset=UTF-8', 'x-openstack-request-id': 'req-c1c333aa-71dd-4414-9ff3-897687590e1a'}
        Body: {"security_group_rule": {"remote_group_id": null, "direction": "egress", "remote_ip_prefix": null, "protocol": "icmp", "ethertype": "IPv4", "tenant_id": "686f23e26c2d4cc78a75f243ba824e7e", "port_range_max": null, "port_range_min": null, "id": "a1066b5f-61a2-4de7-bf11-e957aa503fc5", "security_group_id": "6715fbb9-25f0-413e-9899-baa68647c624"}}
2015-12-08 19:07:53,855 20662 INFO     [tempest_lib.common.rest_client] Request (TestNetworkAdvancedServerOps:test_server_connectivity_pause_unpause): 201 POST http://10.0.2.15:9696/v2.0/security-group-rules 0.111s
2015-12-08 19:07:53,856 20662 DEBUG    [tempest_lib.common.rest_client] Request - Headers: {'Content-Type': 'application/json', 'Accept': 'application/json', 'X-Auth-Token': '&lt;omitted&gt;'}
        Body: {"security_group_rule": {"tenant_id": "686f23e26c2d4cc78a75f243ba824e7e", "direction": "ingress", "security_group_id": "6715fbb9-25f0-413e-9899-baa68647c624", "protocol": "icmp", "ethertype": "IPv6"}}
    Response - Headers: {'status': '201', 'content-length': '345', 'connection': 'close', 'date': 'Tue, 08 Dec 2015 19:07:53 GMT', 'content-type': 'application/json; charset=UTF-8', 'x-openstack-request-id': 'req-b0ad4b42-d174-4654-8b2d-5f1a89f65483'}
        Body: {"security_group_rule": {"remote_group_id": null, "direction": "ingress", "remote_ip_prefix": null, "protocol": "icmp", "ethertype": "IPv6", "tenant_id": "686f23e26c2d4cc78a75f243ba824e7e", "port_range_max": null, "port_range_min": null, "id": "646c4d13-ebf2-48d3-80cf-3b7ef8e8ee0c", "security_group_id": "6715fbb9-25f0-413e-9899-baa68647c624"}}
2015-12-08 19:07:53,976 20662 INFO     [tempest_lib.common.rest_client] Request (TestNetworkAdvancedServerOps:test_server_connectivity_pause_unpause): 201 POST http://10.0.2.15:9696/v2.0/security-group-rules 0.119s
2015-12-08 19:07:53,976 20662 DEBUG    [tempest_lib.common.rest_client] Request - Headers: {'Content-Type': 'application/json', 'Accept': 'application/json', 'X-Auth-Token': '&lt;omitted&gt;'}
        Body: {"security_group_rule": {"tenant_id": "686f23e26c2d4cc78a75f243ba824e7e", "direction": "egress", "security_group_id": "6715fbb9-25f0-413e-9899-baa68647c624", "protocol": "icmp", "ethertype": "IPv6"}}
    Response - Headers: {'status': '201', 'content-length': '344', 'connection': 'close', 'date': 'Tue, 08 Dec 2015 19:07:53 GMT', 'content-type': 'application/json; charset=UTF-8', 'x-openstack-request-id': 'req-7ab10dad-01ab-4838-9aae-6d500f68cd39'}
        Body: {"security_group_rule": {"remote_group_id": null, "direction": "egress", "remote_ip_prefix": null, "protocol": "icmp", "ethertype": "IPv6", "tenant_id": "686f23e26c2d4cc78a75f243ba824e7e", "port_range_max": null, "port_range_min": null, "id": "ba28a737-46c9-40a6-9c67-317320fa8246", "security_group_id": "6715fbb9-25f0-413e-9899-baa68647c624"}}
2015-12-08 19:07:54,158 20662 INFO     [tempest_lib.common.rest_client] Request (TestNetworkAdvancedServerOps:test_server_connectivity_pause_unpause): 201 POST http://10.0.2.15:9696/v2.0/networks 0.180s
2015-12-08 19:07:54,158 20662 DEBUG    [tempest_lib.common.rest_client] Request - Headers: {'Content-Type': 'application/json', 'Accept': 'application/json', 'X-Auth-Token': '&lt;omitted&gt;'}
        Body: {"network": {"tenant_id": "686f23e26c2d4cc78a75f243ba824e7e", "name": "tempest-network-smoke--683842316"}}
    Response - Headers: {'status': '201', 'content-length': '328', 'connection': 'close', 'date': 'Tue, 08 Dec 2015 19:07:54 GMT', 'content-type': 'application/json; charset=UTF-8', 'x-openstack-request-id': 'req-5d844ef0-de6f-4733-becc-9b734ab61641'}
        Body: {"network": {"status": "ACTIVE", "subnets": [], "availability_zone_hints": "[]", "name": "tempest-network-smoke--683842316", "admin_state_up": true, "tenant_id": "686f23e26c2d4cc78a75f243ba824e7e", "mtu": 0, "router:external": false, "shared": false, "port_security_enabled": true, "id": "66e5dc76-6ad7-482a-b5cf-21569f7d82ed"}}
2015-12-08 19:07:54,254 20662 INFO     [tempest_lib.common.rest_client] Request (TestNetworkAdvancedServerOps:test_server_connectivity_pause_unpause): 201 POST http://10.0.2.15:9696/v2.0/routers 0.095s
2015-12-08 19:07:54,255 20662 DEBUG    [tempest_lib.common.rest_client] Request - Headers: {'Content-Type': 'application/json', 'Accept': 'application/json', 'X-Auth-Token': '&lt;omitted&gt;'}
        Body: {"router": {"tenant_id": "686f23e26c2d4cc78a75f243ba824e7e", "name": "tempest-router-smoke-325154479", "admin_state_up": true}}
    Response - Headers: {'status': '201', 'content-length': '295', 'connection': 'close', 'date': 'Tue, 08 Dec 2015 19:07:54 GMT', 'content-type': 'application/json; charset=UTF-8', 'x-openstack-request-id': 'req-1ce88497-0cef-463b-8944-8dd59ba29cc9'}
        Body: {"router": {"status": "ACTIVE", "external_gateway_info": null, "availability_zone_hints": [], "availability_zones": [], "name": "tempest-router-smoke-325154479", "admin_state_up": true, "tenant_id": "686f23e26c2d4cc78a75f243ba824e7e", "routes": [], "id": "e80e75ed-5a74-4af3-9c60-e74634f5115e"}}
2015-12-08 19:07:54,313 20662 INFO     [tempest_lib.common.rest_client] Request (TestNetworkAdvancedServerOps:test_server_connectivity_pause_unpause): 200 GET http://10.0.2.15:9696/v2.0/routers/e80e75ed-5a74-4af3-9c60-e74634f5115e 0.056s
2015-12-08 19:07:54,313 20662 DEBUG    [tempest_lib.common.rest_client] Request - Headers: {'Content-Type': 'application/json', 'Accept': 'application/json', 'X-Auth-Token': '&lt;omitted&gt;'}
        Body: None
    Response - Headers: {'status': '200', 'content-length': '295', 'content-location': 'http://10.0.2.15:9696/v2.0/routers/e80e75ed-5a74-4af3-9c60-e74634f5115e', 'connection': 'close', 'date': 'Tue, 08 Dec 2015 19:07:54 GMT', 'content-type': 'application/json; charset=UTF-8', 'x-openstack-request-id': 'req-80582b2c-0c9a-46e6-8eff-6905c7e3bfe6'}
        Body: {"router": {"status": "ACTIVE", "external_gateway_info": null, "availability_zone_hints": [], "availability_zones": [], "name": "tempest-router-smoke-325154479", "admin_state_up": true, "tenant_id": "686f23e26c2d4cc78a75f243ba824e7e", "routes": [], "id": "e80e75ed-5a74-4af3-9c60-e74634f5115e"}}
2015-12-08 19:07:55,017 20662 INFO     [tempest_lib.common.rest_client] Request (TestNetworkAdvancedServerOps:test_server_connectivity_pause_unpause): 200 PUT http://10.0.2.15:9696/v2.0/routers/e80e75ed-5a74-4af3-9c60-e74634f5115e 0.702s
2015-12-08 19:07:55,017 20662 DEBUG    [tempest_lib.common.rest_client] Request - Headers: {'Content-Type': 'application/json', 'Accept': 'application/json', 'X-Auth-Token': '&lt;omitted&gt;'}
        Body: {"router": {"external_gateway_info": {"network_id": "55c6db99-b6d5-461b-8458-1116275536e4"}, "name": "tempest-router-smoke-325154479", "admin_state_up": true}}
    Response - Headers: {'status': '200', 'content-length': '557', 'connection': 'close', 'date': 'Tue, 08 Dec 2015 19:07:55 GMT', 'content-type': 'application/json; charset=UTF-8', 'x-openstack-request-id': 'req-0cdd319b-9e51-4cee-b236-ced3314f8e5f'}
        Body: {"router": {"status": "ACTIVE", "external_gateway_info": {"network_id": "55c6db99-b6d5-461b-8458-1116275536e4", "enable_snat": true, "external_fixed_ips": [{"subnet_id": "19742e04-fcb1-480a-b9a2-5292fbd3fe03", "ip_address": "172.24.4.3"}, {"subnet_id": "8d870a4d-f8b4-494e-b0f5-47aa7d7e78d9", "ip_address": "2001:db8::3"}]}, "availability_zone_hints": [], "availability_zones": [], "name": "tempest-router-smoke-325154479", "admin_state_up": true, "tenant_id": "686f23e26c2d4cc78a75f243ba824e7e", "routes": [], "id": "e80e75ed-5a74-4af3-9c60-e74634f5115e"}}
2015-12-08 19:07:55,159 20662 INFO     [tempest_lib.common.rest_client] Request (TestNetworkAdvancedServerOps:test_server_connectivity_pause_unpause): 200 GET http://10.0.2.15:9696/v2.0/subnets?tenant_id=686f23e26c2d4cc78a75f243ba824e7e&amp;cidr=10.100.0.0%2F28 0.141s
2015-12-08 19:07:55,160 20662 DEBUG    [tempest_lib.common.rest_client] Request - Headers: {'Content-Type': 'application/json', 'Accept': 'application/json', 'X-Auth-Token': '&lt;omitted&gt;'}
        Body: None
    Response - Headers: {'status': '200', 'content-length': '15', 'content-location': 'http://10.0.2.15:9696/v2.0/subnets?tenant_id=686f23e26c2d4cc78a75f243ba824e7e&amp;cidr=10.100.0.0%2F28', 'connection': 'close', 'date': 'Tue, 08 Dec 2015 19:07:55 GMT', 'content-type': 'application/json; charset=UTF-8', 'x-openstack-request-id': 'req-02836974-6dd0-4579-9473-fbf8cf614d2f'}
        Body: {"subnets": []}
2015-12-08 19:07:55,486 20662 INFO     [tempest_lib.common.rest_client] Request (TestNetworkAdvancedServerOps:test_server_connectivity_pause_unpause): 201 POST http://10.0.2.15:9696/v2.0/subnets 0.325s
2015-12-08 19:07:55,486 20662 DEBUG    [tempest_lib.common.rest_client] Request - Headers: {'Content-Type': 'application/json', 'Accept': 'application/json', 'X-Auth-Token': '&lt;omitted&gt;'}
        Body: {"subnet": {"ip_version": 4, "tenant_id": "686f23e26c2d4cc78a75f243ba824e7e", "cidr": "10.100.0.0/28", "network_id": "66e5dc76-6ad7-482a-b5cf-21569f7d82ed", "name": "tempest-subnet-smoke-582275010"}}
    Response - Headers: {'status': '201', 'content-length': '477', 'connection': 'close', 'date': 'Tue, 08 Dec 2015 19:07:55 GMT', 'content-type': 'application/json; charset=UTF-8', 'x-openstack-request-id': 'req-93bd5cd0-6738-46f1-a788-59e6c314ec1d'}
        Body: {"subnet": {"name": "tempest-subnet-smoke-582275010", "enable_dhcp": true, "network_id": "66e5dc76-6ad7-482a-b5cf-21569f7d82ed", "tenant_id": "686f23e26c2d4cc78a75f243ba824e7e", "dns_nameservers": [], "gateway_ip": "10.100.0.1", "ipv6_ra_mode": null, "allocation_pools": [{"start": "10.100.0.2", "end": "10.100.0.14"}], "host_routes": [], "ip_version": 4, "ipv6_address_mode": null, "cidr": "10.100.0.0/28", "id": "a3229130-8dce-4f73-b91b-5ff71f6976bd", "subnetpool_id": null}}
2015-12-08 19:07:56,126 20662 INFO     [tempest_lib.common.rest_client] Request (TestNetworkAdvancedServerOps:test_server_connectivity_pause_unpause): 200 PUT http://10.0.2.15:9696/v2.0/routers/e80e75ed-5a74-4af3-9c60-e74634f5115e/add_router_interface 0.639s
2015-12-08 19:07:56,126 20662 DEBUG    [tempest_lib.common.rest_client] Request - Headers: {'Content-Type': 'application/json', 'Accept': 'application/json', 'X-Auth-Token': '&lt;omitted&gt;'}
        Body: {"subnet_id": "a3229130-8dce-4f73-b91b-5ff71f6976bd"}
    Response - Headers: {'status': '200', 'content-length': '255', 'connection': 'close', 'date': 'Tue, 08 Dec 2015 19:07:56 GMT', 'content-type': 'application/json; charset=UTF-8', 'x-openstack-request-id': 'req-f0ba3fa0-9c7b-4923-866d-c40733c93fbb'}
        Body: {"subnet_id": "a3229130-8dce-4f73-b91b-5ff71f6976bd", "tenant_id": "686f23e26c2d4cc78a75f243ba824e7e", "subnet_ids": ["a3229130-8dce-4f73-b91b-5ff71f6976bd"], "port_id": "6056dbe3-bac2-4e91-b6d4-fee302cbed6d", "id": "e80e75ed-5a74-4af3-9c60-e74634f5115e"}
2015-12-08 19:07:56,215 20662 INFO     [tempest_lib.common.rest_client] Request (TestNetworkAdvancedServerOps:test_server_connectivity_pause_unpause): 200 POST http://10.0.2.15:5000/v2.0/tokens
2015-12-08 19:07:56,215 20662 DEBUG    [tempest_lib.common.rest_client] Request - Headers: {'Content-Type': 'application/json', 'Accept': 'application/json'}
        Body: &lt;omitted&gt;
    Response - Headers: {'status': '200', 'content-length': '2566', 'vary': 'X-Auth-Token', 'server': 'Apache/2.4.7 (Ubuntu)', 'connection': 'close', 'date': 'Tue, 08 Dec 2015 19:07:56 GMT', 'content-type': 'application/json', 'x-openstack-request-id': 'req-2afb5fe1-2870-437a-a469-1616fa57cd15'}
        Body: {"access": {"token": {"issued_at": "2015-12-08T19:07:56.206370", "expires": "2015-12-08T20:07:56Z", "id": "70a3dbca98924795834a0dd86424d40b", "tenant": {"description": "tempest-TestNetworkAdvancedServerOps-1374616908-desc", "enabled": true, "id": "686f23e26c2d4cc78a75f243ba824e7e", "name": "tempest-TestNetworkAdvancedServerOps-1374616908"}, "audit_ids": ["uzS4_5s3Qlirem3BKWfx7g"]}, "serviceCatalog": [{"endpoints": [{"adminURL": "http://10.0.2.15:8774/v2.1/686f23e26c2d4cc78a75f243ba824e7e", "region": "RegionOne", "internalURL": "http://10.0.2.15:8774/v2.1/686f23e26c2d4cc78a75f243ba824e7e", "id": "4a0cbd36eaa6495387e3cffe7711b726", "publicURL": "http://10.0.2.15:8774/v2.1/686f23e26c2d4cc78a75f243ba824e7e"}], "endpoints_links": [], "type": "compute", "name": "nova"}, {"endpoints": [{"adminURL": "http://10.0.2.15:9696/", "region": "RegionOne", "internalURL": "http://10.0.2.15:9696/", "id": "163be430820044cab85466f314b4b916", "publicURL": "http://10.0.2.15:9696/"}], "endpoints_links": [], "type": "network", "name": "neutron"}, {"endpoints": [{"adminURL": "http://10.0.2.15:9292", "region": "RegionOne", "internalURL": "http://10.0.2.15:9292", "id": "030e490ac5c24f2c95a0c2651dc7c7dc", "publicURL": "http://10.0.2.15:9292"}], "endpoints_links": [], "type": "image", "name": "glance"}, {"endpoints": [{"adminURL": "http://10.0.2.15:8774/v2/686f23e26c2d4cc78a75f243ba824e7e", "region": "RegionOne", "internalURL": "http://10.0.2.15:8774/v2/686f23e26c2d4cc78a75f243ba824e7e", "id": "3adfdac9bccd40d69cd3069b0fb8541b", "publicURL": "http://10.0.2.15:8774/v2/686f23e26c2d4cc78a75f243ba824e7e"}], "endpoints_links": [], "type": "compute_legacy", "name": "nova_legacy"}, {"endpoints": [{"adminURL": "http://10.0.2.15:8773/", "region": "RegionOne", "internalURL": "http://10.0.2.15:8773/", "id": "a2b84494794843b7beea5f228dd44a6f", "publicURL": "http://10.0.2.15:8773/"}], "endpoints_links": [], "type": "ec2", "name": "ec2"}, {"endpoints": [{"adminURL": "http://10.0.2.15:35357/v2.0", "region": "RegionOne", "internalURL": "http://10.0.2.15:5000/v2.0", "id": "02cad6a5609649b491be76b4ade2cb4c", "publicURL": "http://10.0.2.15:5000/v2.0"}], "endpoints_links": [], "type": "identity", "name": "keystone"}], "user": {"username": "tempest-TestNetworkAdvancedServerOps-1737491429", "roles_links": [], "id": "6726877c95c34c2787de2207806c2e5d", "roles": [{"name": "_member_"}, {"name": "Member"}], "name": "tempest-TestNetworkAdvancedServerOps-1737491429"}, "metadata": {"is_admin": 0, "roles": ["9fe2ff9ee4384b1894a90878d3e92bab", "813af0eba6f24b3e8c3275423a1d5ae2"]}}}
2015-12-08 19:07:56,219 20662 DEBUG    [tempest.common.fixed_network] (TestNetworkAdvancedServerOps:test_server_connectivity_pause_unpause) No valid network provided or created, defaulting to fixed_network_name
2015-12-08 19:07:56,530 20662 INFO     [tempest_lib.common.rest_client] Request (TestNetworkAdvancedServerOps:test_server_connectivity_pause_unpause): 200 GET http://10.0.2.15:8774/v2.1/686f23e26c2d4cc78a75f243ba824e7e/os-networks 0.309s
2015-12-08 19:07:56,530 20662 DEBUG    [tempest_lib.common.rest_client] Request - Headers: {'Content-Type': 'application/json', 'Accept': 'application/json', 'X-Auth-Token': '&lt;omitted&gt;'}
        Body: None
    Response - Headers: {'status': '200', 'content-length': '478', 'content-location': 'http://10.0.2.15:8774/v2.1/686f23e26c2d4cc78a75f243ba824e7e/os-networks', 'x-compute-request-id': 'req-1c9e9fbc-afb0-4396-bd8c-c9dff091b170', 'vary': 'X-OpenStack-Nova-API-Version', 'connection': 'close', 'x-openstack-nova-api-version': '2.1', 'date': 'Tue, 08 Dec 2015 19:07:56 GMT', 'content-type': 'application/json'}
        Body: {"networks": [{"cidr_v6": null, "dns2": null, "dns1": null, "gateway": null, "broadcast": null, "netmask": null, "gateway_v6": null, "cidr": null, "label": "public", "id": "55c6db99-b6d5-461b-8458-1116275536e4", "netmask_v6": null}, {"cidr_v6": null, "dns2": null, "dns1": null, "gateway": null, "broadcast": null, "netmask": null, "gateway_v6": null, "cidr": null, "label": "tempest-network-smoke--683842316", "id": "66e5dc76-6ad7-482a-b5cf-21569f7d82ed", "netmask_v6": null}]}
2015-12-08 19:07:56,531 20662 WARNING  [tempest.common.fixed_network] (TestNetworkAdvancedServerOps:test_server_connectivity_pause_unpause) Network with name: private not found
2015-12-08 19:07:56,531 20662 INFO     [tempest.common.fixed_network] (TestNetworkAdvancedServerOps:test_server_connectivity_pause_unpause) Found network {} available for tenant
2015-12-08 19:07:57,984 20662 INFO     [tempest_lib.common.rest_client] Request (TestNetworkAdvancedServerOps:test_server_connectivity_pause_unpause): 202 POST http://10.0.2.15:8774/v2.1/686f23e26c2d4cc78a75f243ba824e7e/servers 1.452s
2015-12-08 19:07:57,984 20662 DEBUG    [tempest_lib.common.rest_client] Request - Headers: {'Content-Type': 'application/json', 'Accept': 'application/json', 'X-Auth-Token': '&lt;omitted&gt;'}
        Body: {"server": {"name": "tempest.common.compute-instance-1440483272", "imageRef": "4d0101ec-e585-45ac-b00f-b5d0e287d0a0", "key_name": "tempest-TestNetworkAdvancedServerOps-880820057", "flavorRef": "42", "networks": [{"uuid": "66e5dc76-6ad7-482a-b5cf-21569f7d82ed"}], "security_groups": [{"name": "tempest-secgroup-smoke-787320884"}]}}
    Response - Headers: {'status': '202', 'content-length': '461', 'x-compute-request-id': 'req-7c2e6b9f-92a6-4033-9868-d77cf95a422a', 'vary': 'X-OpenStack-Nova-API-Version', 'connection': 'close', 'location': 'http://10.0.2.15:8774/v2.1/686f23e26c2d4cc78a75f243ba824e7e/servers/dbbc251c-4532-401f-8afa-eb4ba22ffc4c', 'x-openstack-nova-api-version': '2.1', 'date': 'Tue, 08 Dec 2015 19:07:57 GMT', 'content-type': 'application/json'}
        Body: {"server": {"security_groups": [{"name": "tempest-secgroup-smoke-787320884"}], "OS-DCF:diskConfig": "MANUAL", "id": "dbbc251c-4532-401f-8afa-eb4ba22ffc4c", "links": [{"href": "http://10.0.2.15:8774/v2.1/686f23e26c2d4cc78a75f243ba824e7e/servers/dbbc251c-4532-401f-8afa-eb4ba22ffc4c", "rel": "self"}, {"href": "http://10.0.2.15:8774/686f23e26c2d4cc78a75f243ba824e7e/servers/dbbc251c-4532-401f-8afa-eb4ba22ffc4c", "rel": "bookmark"}], "adminPass": "zoq8UsZd7Zyw"}}
2015-12-08 19:07:58,243 20662 INFO     [tempest_lib.common.rest_client] Request (TestNetworkAdvancedServerOps:test_server_connectivity_pause_unpause): 200 GET http://10.0.2.15:8774/v2.1/686f23e26c2d4cc78a75f243ba824e7e/servers/dbbc251c-4532-401f-8afa-eb4ba22ffc4c 0.256s
2015-12-08 19:07:58,243 20662 DEBUG    [tempest_lib.common.rest_client] Request - Headers: {'Content-Type': 'application/json', 'Accept': 'application/json', 'X-Auth-Token': '&lt;omitted&gt;'}
        Body: None
    Response - Headers: {'status': '200', 'content-length': '1364', 'content-location': 'http://10.0.2.15:8774/v2.1/686f23e26c2d4cc78a75f243ba824e7e/servers/dbbc251c-4532-401f-8afa-eb4ba22ffc4c', 'x-compute-request-id': 'req-b542bd64-7604-4c56-b152-fc54d4c5e499', 'vary': 'X-OpenStack-Nova-API-Version', 'connection': 'close', 'x-openstack-nova-api-version': '2.1', 'date': 'Tue, 08 Dec 2015 19:07:58 GMT', 'content-type': 'application/json'}
        Body: {"server": {"status": "BUILD", "updated": "2015-12-08T19:07:58Z", "hostId": "", "addresses": {}, "links": [{"href": "http://10.0.2.15:8774/v2.1/686f23e26c2d4cc78a75f243ba824e7e/servers/dbbc251c-4532-401f-8afa-eb4ba22ffc4c", "rel": "self"}, {"href": "http://10.0.2.15:8774/686f23e26c2d4cc78a75f243ba824e7e/servers/dbbc251c-4532-401f-8afa-eb4ba22ffc4c", "rel": "bookmark"}], "key_name": "tempest-TestNetworkAdvancedServerOps-880820057", "image": {"id": "4d0101ec-e585-45ac-b00f-b5d0e287d0a0", "links": [{"href": "http://10.0.2.15:8774/686f23e26c2d4cc78a75f243ba824e7e/images/4d0101ec-e585-45ac-b00f-b5d0e287d0a0", "rel": "bookmark"}]}, "OS-EXT-STS:task_state": "scheduling", "OS-EXT-STS:vm_state": "building", "OS-SRV-USG:launched_at": null, "flavor": {"id": "42", "links": [{"href": "http://10.0.2.15:8774/686f23e26c2d4cc78a75f243ba824e7e/flavors/42", "rel": "bookmark"}]}, "id": "dbbc251c-4532-401f-8afa-eb4ba22ffc4c", "OS-SRV-USG:terminated_at": null, "OS-EXT-AZ:availability_zone": "", "user_id": "6726877c95c34c2787de2207806c2e5d", "name": "tempest.common.compute-instance-1440483272", "created": "2015-12-08T19:07:57Z", "tenant_id": "686f23e26c2d4cc78a75f243ba824e7e", "OS-DCF:diskConfig": "MANUAL", "os-extended-volumes:volumes_attached": [], "accessIPv4": "", "accessIPv6": "", "progress": 0, "OS-EXT-STS:power_state": 0, "config_drive": "", "metadata": {}}}
2015-12-08 19:07:59,526 20662 INFO     [tempest_lib.common.rest_client] Request (TestNetworkAdvancedServerOps:test_server_connectivity_pause_unpause): 200 GET http://10.0.2.15:8774/v2.1/686f23e26c2d4cc78a75f243ba824e7e/servers/dbbc251c-4532-401f-8afa-eb4ba22ffc4c 0.271s
2015-12-08 19:07:59,527 20662 DEBUG    [tempest_lib.common.rest_client] Request - Headers: {'Content-Type': 'application/json', 'Accept': 'application/json', 'X-Auth-Token': '&lt;omitted&gt;'}
        Body: None
    Response - Headers: {'status': '200', 'content-length': '1489', 'content-location': 'http://10.0.2.15:8774/v2.1/686f23e26c2d4cc78a75f243ba824e7e/servers/dbbc251c-4532-401f-8afa-eb4ba22ffc4c', 'x-compute-request-id': 'req-104c98c1-623b-41ad-b1c7-1be9a33102ba', 'vary': 'X-OpenStack-Nova-API-Version', 'connection': 'close', 'x-openstack-nova-api-version': '2.1', 'date': 'Tue, 08 Dec 2015 19:07:59 GMT', 'content-type': 'application/json'}
        Body: {"server": {"status": "BUILD", "updated": "2015-12-08T19:07:59Z", "hostId": "a403a508d67db7624f007a92830f296a8b6d76aa1d76b45fa7c85882", "addresses": {}, "links": [{"href": "http://10.0.2.15:8774/v2.1/686f23e26c2d4cc78a75f243ba824e7e/servers/dbbc251c-4532-401f-8afa-eb4ba22ffc4c", "rel": "self"}, {"href": "http://10.0.2.15:8774/686f23e26c2d4cc78a75f243ba824e7e/servers/dbbc251c-4532-401f-8afa-eb4ba22ffc4c", "rel": "bookmark"}], "key_name": "tempest-TestNetworkAdvancedServerOps-880820057", "image": {"id": "4d0101ec-e585-45ac-b00f-b5d0e287d0a0", "links": [{"href": "http://10.0.2.15:8774/686f23e26c2d4cc78a75f243ba824e7e/images/4d0101ec-e585-45ac-b00f-b5d0e287d0a0", "rel": "bookmark"}]}, "OS-EXT-STS:task_state": "spawning", "OS-EXT-STS:vm_state": "building", "OS-SRV-USG:launched_at": null, "flavor": {"id": "42", "links": [{"href": "http://10.0.2.15:8774/686f23e26c2d4cc78a75f243ba824e7e/flavors/42", "rel": "bookmark"}]}, "id": "dbbc251c-4532-401f-8afa-eb4ba22ffc4c", "security_groups": [{"name": "tempest-secgroup-smoke-787320884"}], "OS-SRV-USG:terminated_at": null, "OS-EXT-AZ:availability_zone": "nova", "user_id": "6726877c95c34c2787de2207806c2e5d", "name": "tempest.common.compute-instance-1440483272", "created": "2015-12-08T19:07:57Z", "tenant_id": "686f23e26c2d4cc78a75f243ba824e7e", "OS-DCF:diskConfig": "MANUAL", "os-extended-volumes:volumes_attached": [], "accessIPv4": "", "accessIPv6": "", "progress": 0, "OS-EXT-STS:power_state": 0, "config_drive": "", "metadata": {}}}
2015-12-08 19:07:59,534 20662 INFO     [tempest.common.waiters] State transition "BUILD/scheduling" ==&gt; "BUILD/spawning" after 1 second wait
2015-12-08 19:08:00,901 20662 INFO     [tempest_lib.common.rest_client] Request (TestNetworkAdvancedServerOps:test_server_connectivity_pause_unpause): 200 GET http://10.0.2.15:8774/v2.1/686f23e26c2d4cc78a75f243ba824e7e/servers/dbbc251c-4532-401f-8afa-eb4ba22ffc4c 0.365s
2015-12-08 19:08:00,901 20662 DEBUG    [tempest_lib.common.rest_client] Request - Headers: {'Content-Type': 'application/json', 'Accept': 'application/json', 'X-Auth-Token': '&lt;omitted&gt;'}
        Body: None
    Response - Headers: {'status': '200', 'content-length': '1489', 'content-location': 'http://10.0.2.15:8774/v2.1/686f23e26c2d4cc78a75f243ba824e7e/servers/dbbc251c-4532-401f-8afa-eb4ba22ffc4c', 'x-compute-request-id': 'req-1c841e59-6347-4627-8722-8ec407b4edae', 'vary': 'X-OpenStack-Nova-API-Version', 'connection': 'close', 'x-openstack-nova-api-version': '2.1', 'date': 'Tue, 08 Dec 2015 19:08:00 GMT', 'content-type': 'application/json'}
        Body: {"server": {"status": "BUILD", "updated": "2015-12-08T19:07:59Z", "hostId": "a403a508d67db7624f007a92830f296a8b6d76aa1d76b45fa7c85882", "addresses": {}, "links": [{"href": "http://10.0.2.15:8774/v2.1/686f23e26c2d4cc78a75f243ba824e7e/servers/dbbc251c-4532-401f-8afa-eb4ba22ffc4c", "rel": "self"}, {"href": "http://10.0.2.15:8774/686f23e26c2d4cc78a75f243ba824e7e/servers/dbbc251c-4532-401f-8afa-eb4ba22ffc4c", "rel": "bookmark"}], "key_name": "tempest-TestNetworkAdvancedServerOps-880820057", "image": {"id": "4d0101ec-e585-45ac-b00f-b5d0e287d0a0", "links": [{"href": "http://10.0.2.15:8774/686f23e26c2d4cc78a75f243ba824e7e/images/4d0101ec-e585-45ac-b00f-b5d0e287d0a0", "rel": "bookmark"}]}, "OS-EXT-STS:task_state": "spawning", "OS-EXT-STS:vm_state": "building", "OS-SRV-USG:launched_at": null, "flavor": {"id": "42", "links": [{"href": "http://10.0.2.15:8774/686f23e26c2d4cc78a75f243ba824e7e/flavors/42", "rel": "bookmark"}]}, "id": "dbbc251c-4532-401f-8afa-eb4ba22ffc4c", "security_groups": [{"name": "tempest-secgroup-smoke-787320884"}], "OS-SRV-USG:terminated_at": null, "OS-EXT-AZ:availability_zone": "nova", "user_id": "6726877c95c34c2787de2207806c2e5d", "name": "tempest.common.compute-instance-1440483272", "created": "2015-12-08T19:07:57Z", "tenant_id": "686f23e26c2d4cc78a75f243ba824e7e", "OS-DCF:diskConfig": "MANUAL", "os-extended-volumes:volumes_attached": [], "accessIPv4": "", "accessIPv6": "", "progress": 0, "OS-EXT-STS:power_state": 0, "config_drive": "", "metadata": {}}}
2015-12-08 19:08:02,104 20662 INFO     [tempest_lib.common.rest_client] Request (TestNetworkAdvancedServerOps:test_server_connectivity_pause_unpause): 200 GET http://10.0.2.15:8774/v2.1/686f23e26c2d4cc78a75f243ba824e7e/servers/dbbc251c-4532-401f-8afa-eb4ba22ffc4c 0.192s
2015-12-08 19:08:02,104 20662 DEBUG    [tempest_lib.common.rest_client] Request - Headers: {'Content-Type': 'application/json', 'Accept': 'application/json', 'X-Auth-Token': '&lt;omitted&gt;'}
        Body: None
    Response - Headers: {'status': '200', 'content-length': '1660', 'content-location': 'http://10.0.2.15:8774/v2.1/686f23e26c2d4cc78a75f243ba824e7e/servers/dbbc251c-4532-401f-8afa-eb4ba22ffc4c', 'x-compute-request-id': 'req-095f4de8-255a-4dcb-96a4-5bfe7fb03348', 'vary': 'X-OpenStack-Nova-API-Version', 'connection': 'close', 'x-openstack-nova-api-version': '2.1', 'date': 'Tue, 08 Dec 2015 19:08:02 GMT', 'content-type': 'application/json'}
        Body: {"server": {"status": "ACTIVE", "updated": "2015-12-08T19:08:01Z", "hostId": "a403a508d67db7624f007a92830f296a8b6d76aa1d76b45fa7c85882", "addresses": {"tempest-network-smoke--683842316": [{"OS-EXT-IPS-MAC:mac_addr": "fa:16:3e:25:06:67", "version": 4, "addr": "10.100.0.3", "OS-EXT-IPS:type": "fixed"}]}, "links": [{"href": "http://10.0.2.15:8774/v2.1/686f23e26c2d4cc78a75f243ba824e7e/servers/dbbc251c-4532-401f-8afa-eb4ba22ffc4c", "rel": "self"}, {"href": "http://10.0.2.15:8774/686f23e26c2d4cc78a75f243ba824e7e/servers/dbbc251c-4532-401f-8afa-eb4ba22ffc4c", "rel": "bookmark"}], "key_name": "tempest-TestNetworkAdvancedServerOps-880820057", "image": {"id": "4d0101ec-e585-45ac-b00f-b5d0e287d0a0", "links": [{"href": "http://10.0.2.15:8774/686f23e26c2d4cc78a75f243ba824e7e/images/4d0101ec-e585-45ac-b00f-b5d0e287d0a0", "rel": "bookmark"}]}, "OS-EXT-STS:task_state": null, "OS-EXT-STS:vm_state": "active", "OS-SRV-USG:launched_at": "2015-12-08T19:08:01.000000", "flavor": {"id": "42", "links": [{"href": "http://10.0.2.15:8774/686f23e26c2d4cc78a75f243ba824e7e/flavors/42", "rel": "bookmark"}]}, "id": "dbbc251c-4532-401f-8afa-eb4ba22ffc4c", "security_groups": [{"name": "tempest-secgroup-smoke-787320884"}], "OS-SRV-USG:terminated_at": null, "OS-EXT-AZ:availability_zone": "nova", "user_id": "6726877c95c34c2787de2207806c2e5d", "name": "tempest.common.compute-instance-1440483272", "created": "2015-12-08T19:07:57Z", "tenant_id": "686f23e26c2d4cc78a75f243ba824e7e", "OS-DCF:diskConfig": "MANUAL", "os-extended-volumes:volumes_attached": [], "accessIPv4": "", "accessIPv6": "", "progress": 0, "OS-EXT-STS:power_state": 1, "config_drive": "True", "metadata": {}}}
2015-12-08 19:08:02,113 20662 INFO     [tempest.common.waiters] State transition "BUILD/spawning" ==&gt; "ACTIVE/None" after 4 second wait
2015-12-08 19:08:02,348 20662 INFO     [tempest_lib.common.rest_client] Request (TestNetworkAdvancedServerOps:test_server_connectivity_pause_unpause): 200 GET http://10.0.2.15:8774/v2.1/686f23e26c2d4cc78a75f243ba824e7e/servers/dbbc251c-4532-401f-8afa-eb4ba22ffc4c 0.235s
2015-12-08 19:08:02,349 20662 DEBUG    [tempest_lib.common.rest_client] Request - Headers: {'Content-Type': 'application/json', 'Accept': 'application/json', 'X-Auth-Token': '&lt;omitted&gt;'}
        Body: None
    Response - Headers: {'status': '200', 'content-length': '1660', 'content-location': 'http://10.0.2.15:8774/v2.1/686f23e26c2d4cc78a75f243ba824e7e/servers/dbbc251c-4532-401f-8afa-eb4ba22ffc4c', 'x-compute-request-id': 'req-82f886f5-6ccc-401d-b349-191f0e4edbc8', 'vary': 'X-OpenStack-Nova-API-Version', 'connection': 'close', 'x-openstack-nova-api-version': '2.1', 'date': 'Tue, 08 Dec 2015 19:08:02 GMT', 'content-type': 'application/json'}
        Body: {"server": {"status": "ACTIVE", "updated": "2015-12-08T19:08:01Z", "hostId": "a403a508d67db7624f007a92830f296a8b6d76aa1d76b45fa7c85882", "addresses": {"tempest-network-smoke--683842316": [{"OS-EXT-IPS-MAC:mac_addr": "fa:16:3e:25:06:67", "version": 4, "addr": "10.100.0.3", "OS-EXT-IPS:type": "fixed"}]}, "links": [{"href": "http://10.0.2.15:8774/v2.1/686f23e26c2d4cc78a75f243ba824e7e/servers/dbbc251c-4532-401f-8afa-eb4ba22ffc4c", "rel": "self"}, {"href": "http://10.0.2.15:8774/686f23e26c2d4cc78a75f243ba824e7e/servers/dbbc251c-4532-401f-8afa-eb4ba22ffc4c", "rel": "bookmark"}], "key_name": "tempest-TestNetworkAdvancedServerOps-880820057", "image": {"id": "4d0101ec-e585-45ac-b00f-b5d0e287d0a0", "links": [{"href": "http://10.0.2.15:8774/686f23e26c2d4cc78a75f243ba824e7e/images/4d0101ec-e585-45ac-b00f-b5d0e287d0a0", "rel": "bookmark"}]}, "OS-EXT-STS:task_state": null, "OS-EXT-STS:vm_state": "active", "OS-SRV-USG:launched_at": "2015-12-08T19:08:01.000000", "flavor": {"id": "42", "links": [{"href": "http://10.0.2.15:8774/686f23e26c2d4cc78a75f243ba824e7e/flavors/42", "rel": "bookmark"}]}, "id": "dbbc251c-4532-401f-8afa-eb4ba22ffc4c", "security_groups": [{"name": "tempest-secgroup-smoke-787320884"}], "OS-SRV-USG:terminated_at": null, "OS-EXT-AZ:availability_zone": "nova", "user_id": "6726877c95c34c2787de2207806c2e5d", "name": "tempest.common.compute-instance-1440483272", "created": "2015-12-08T19:07:57Z", "tenant_id": "686f23e26c2d4cc78a75f243ba824e7e", "OS-DCF:diskConfig": "MANUAL", "os-extended-volumes:volumes_attached": [], "accessIPv4": "", "accessIPv6": "", "progress": 0, "OS-EXT-STS:power_state": 1, "config_drive": "True", "metadata": {}}}
2015-12-08 19:08:02,392 20662 INFO     [tempest_lib.common.rest_client] Request (TestNetworkAdvancedServerOps:test_server_connectivity_pause_unpause): 200 GET http://10.0.2.15:9696/v2.0/ports?status=ACTIVE&amp;fixed_ip=None&amp;device_id=dbbc251c-4532-401f-8afa-eb4ba22ffc4c 0.034s
2015-12-08 19:08:02,392 20662 DEBUG    [tempest_lib.common.rest_client] Request - Headers: {'Content-Type': 'application/json', 'Accept': 'application/json', 'X-Auth-Token': '&lt;omitted&gt;'}
        Body: None
    Response - Headers: {'status': '200', 'content-length': '895', 'content-location': 'http://10.0.2.15:9696/v2.0/ports?status=ACTIVE&amp;fixed_ip=None&amp;device_id=dbbc251c-4532-401f-8afa-eb4ba22ffc4c', 'connection': 'close', 'date': 'Tue, 08 Dec 2015 19:08:02 GMT', 'content-type': 'application/json; charset=UTF-8', 'x-openstack-request-id': 'req-2e85bfde-aa0e-4869-b6b7-a74ba38ceb39'}
        Body: {"ports": [{"status": "ACTIVE", "binding:host_id": "vagrant-ubuntu-trusty-64", "allowed_address_pairs": [], "extra_dhcp_opts": [], "dns_assignment": [{"hostname": "host-10-100-0-3", "ip_address": "10.100.0.3", "fqdn": "host-10-100-0-3.openstacklocal."}], "device_owner": "compute:None", "port_security_enabled": true, "binding:profile": {}, "fixed_ips": [{"subnet_id": "a3229130-8dce-4f73-b91b-5ff71f6976bd", "ip_address": "10.100.0.3"}], "id": "0099bbe1-665d-4ff9-8795-6c1f9649d778", "security_groups": ["6715fbb9-25f0-413e-9899-baa68647c624"], "device_id": "dbbc251c-4532-401f-8afa-eb4ba22ffc4c", "name": "", "admin_state_up": true, "network_id": "66e5dc76-6ad7-482a-b5cf-21569f7d82ed", "dns_name": "", "binding:vif_details": {"port_filter": true}, "binding:vnic_type": "normal", "binding:vif_type": "ovs", "tenant_id": "686f23e26c2d4cc78a75f243ba824e7e", "mac_address": "fa:16:3e:25:06:67"}]}
2015-12-08 19:08:02,925 20662 INFO     [tempest_lib.common.rest_client] Request (TestNetworkAdvancedServerOps:test_server_connectivity_pause_unpause): 201 POST http://10.0.2.15:9696/v2.0/floatingips 0.532s
2015-12-08 19:08:02,925 20662 DEBUG    [tempest_lib.common.rest_client] Request - Headers: {'Content-Type': 'application/json', 'Accept': 'application/json', 'X-Auth-Token': '&lt;omitted&gt;'}
        Body: {"floatingip": {"floating_network_id": "55c6db99-b6d5-461b-8458-1116275536e4", "tenant_id": "686f23e26c2d4cc78a75f243ba824e7e", "fixed_ip_address": "10.100.0.3", "port_id": "0099bbe1-665d-4ff9-8795-6c1f9649d778"}}
    Response - Headers: {'status': '201', 'content-length': '367', 'connection': 'close', 'date': 'Tue, 08 Dec 2015 19:08:02 GMT', 'content-type': 'application/json; charset=UTF-8', 'x-openstack-request-id': 'req-1ba48229-e315-4d0b-8a65-5bb4be8a908c'}
        Body: {"floatingip": {"floating_network_id": "55c6db99-b6d5-461b-8458-1116275536e4", "router_id": "e80e75ed-5a74-4af3-9c60-e74634f5115e", "fixed_ip_address": "10.100.0.3", "floating_ip_address": "172.24.4.4", "tenant_id": "686f23e26c2d4cc78a75f243ba824e7e", "status": "DOWN", "port_id": "0099bbe1-665d-4ff9-8795-6c1f9649d778", "id": "bb73b89d-6f1f-440d-8e51-94204f8e887d"}}
2015-12-08 19:08:03,167 20662 INFO     [tempest_lib.common.rest_client] Request (TestNetworkAdvancedServerOps:test_server_connectivity_pause_unpause): 200 GET http://10.0.2.15:8774/v2.1/686f23e26c2d4cc78a75f243ba824e7e/servers/dbbc251c-4532-401f-8afa-eb4ba22ffc4c 0.241s
2015-12-08 19:08:03,167 20662 DEBUG    [tempest_lib.common.rest_client] Request - Headers: {'Content-Type': 'application/json', 'Accept': 'application/json', 'X-Auth-Token': '&lt;omitted&gt;'}
        Body: None
    Response - Headers: {'status': '200', 'content-length': '1660', 'content-location': 'http://10.0.2.15:8774/v2.1/686f23e26c2d4cc78a75f243ba824e7e/servers/dbbc251c-4532-401f-8afa-eb4ba22ffc4c', 'x-compute-request-id': 'req-389d6e12-41d1-4a00-8b38-78e0e8e55218', 'vary': 'X-OpenStack-Nova-API-Version', 'connection': 'close', 'x-openstack-nova-api-version': '2.1', 'date': 'Tue, 08 Dec 2015 19:08:03 GMT', 'content-type': 'application/json'}
        Body: {"server": {"status": "ACTIVE", "updated": "2015-12-08T19:08:01Z", "hostId": "a403a508d67db7624f007a92830f296a8b6d76aa1d76b45fa7c85882", "addresses": {"tempest-network-smoke--683842316": [{"OS-EXT-IPS-MAC:mac_addr": "fa:16:3e:25:06:67", "version": 4, "addr": "10.100.0.3", "OS-EXT-IPS:type": "fixed"}]}, "links": [{"href": "http://10.0.2.15:8774/v2.1/686f23e26c2d4cc78a75f243ba824e7e/servers/dbbc251c-4532-401f-8afa-eb4ba22ffc4c", "rel": "self"}, {"href": "http://10.0.2.15:8774/686f23e26c2d4cc78a75f243ba824e7e/servers/dbbc251c-4532-401f-8afa-eb4ba22ffc4c", "rel": "bookmark"}], "key_name": "tempest-TestNetworkAdvancedServerOps-880820057", "image": {"id": "4d0101ec-e585-45ac-b00f-b5d0e287d0a0", "links": [{"href": "http://10.0.2.15:8774/686f23e26c2d4cc78a75f243ba824e7e/images/4d0101ec-e585-45ac-b00f-b5d0e287d0a0", "rel": "bookmark"}]}, "OS-EXT-STS:task_state": null, "OS-EXT-STS:vm_state": "active", "OS-SRV-USG:launched_at": "2015-12-08T19:08:01.000000", "flavor": {"id": "42", "links": [{"href": "http://10.0.2.15:8774/686f23e26c2d4cc78a75f243ba824e7e/flavors/42", "rel": "bookmark"}]}, "id": "dbbc251c-4532-401f-8afa-eb4ba22ffc4c", "security_groups": [{"name": "tempest-secgroup-smoke-787320884"}], "OS-SRV-USG:terminated_at": null, "OS-EXT-AZ:availability_zone": "nova", "user_id": "6726877c95c34c2787de2207806c2e5d", "name": "tempest.common.compute-instance-1440483272", "created": "2015-12-08T19:07:57Z", "tenant_id": "686f23e26c2d4cc78a75f243ba824e7e", "OS-DCF:diskConfig": "MANUAL", "os-extended-volumes:volumes_attached": [], "accessIPv4": "", "accessIPv6": "", "progress": 0, "OS-EXT-STS:power_state": 1, "config_drive": "True", "metadata": {}}}
2015-12-08 19:08:03,177 20662 INFO     [tempest.scenario.manager] Tenant networks not configured to be reachable.
2015-12-08 19:08:03,190 20662 INFO     [tempest_lib.common.rest_client] Request (TestNetworkAdvancedServerOps:test_server_connectivity_pause_unpause): 200 GET http://10.0.2.15:9696/v2.0/floatingips/bb73b89d-6f1f-440d-8e51-94204f8e887d 0.012s
2015-12-08 19:08:03,190 20662 DEBUG    [tempest_lib.common.rest_client] Request - Headers: {'Content-Type': 'application/json', 'Accept': 'application/json', 'X-Auth-Token': '&lt;omitted&gt;'}
        Body: None
    Response - Headers: {'status': '200', 'content-length': '367', 'content-location': 'http://10.0.2.15:9696/v2.0/floatingips/bb73b89d-6f1f-440d-8e51-94204f8e887d', 'connection': 'close', 'date': 'Tue, 08 Dec 2015 19:08:03 GMT', 'content-type': 'application/json; charset=UTF-8', 'x-openstack-request-id': 'req-7b2542a8-e92d-43e5-8027-5c20735c88fb'}
        Body: {"floatingip": {"floating_network_id": "55c6db99-b6d5-461b-8458-1116275536e4", "router_id": "e80e75ed-5a74-4af3-9c60-e74634f5115e", "fixed_ip_address": "10.100.0.3", "floating_ip_address": "172.24.4.4", "tenant_id": "686f23e26c2d4cc78a75f243ba824e7e", "status": "DOWN", "port_id": "0099bbe1-665d-4ff9-8795-6c1f9649d778", "id": "bb73b89d-6f1f-440d-8e51-94204f8e887d"}}
2015-12-08 19:08:04,207 20662 INFO     [tempest_lib.common.rest_client] Request (TestNetworkAdvancedServerOps:test_server_connectivity_pause_unpause): 200 GET http://10.0.2.15:9696/v2.0/floatingips/bb73b89d-6f1f-440d-8e51-94204f8e887d 0.014s
2015-12-08 19:08:04,207 20662 DEBUG    [tempest_lib.common.rest_client] Request - Headers: {'Content-Type': 'application/json', 'Accept': 'application/json', 'X-Auth-Token': '&lt;omitted&gt;'}
        Body: None
    Response - Headers: {'status': '200', 'content-length': '369', 'content-location': 'http://10.0.2.15:9696/v2.0/floatingips/bb73b89d-6f1f-440d-8e51-94204f8e887d', 'connection': 'close', 'date': 'Tue, 08 Dec 2015 19:08:04 GMT', 'content-type': 'application/json; charset=UTF-8', 'x-openstack-request-id': 'req-5dc81658-c87f-4232-9f30-43ca1ac4b537'}
        Body: {"floatingip": {"floating_network_id": "55c6db99-b6d5-461b-8458-1116275536e4", "router_id": "e80e75ed-5a74-4af3-9c60-e74634f5115e", "fixed_ip_address": "10.100.0.3", "floating_ip_address": "172.24.4.4", "tenant_id": "686f23e26c2d4cc78a75f243ba824e7e", "status": "ACTIVE", "port_id": "0099bbe1-665d-4ff9-8795-6c1f9649d778", "id": "bb73b89d-6f1f-440d-8e51-94204f8e887d"}}
2015-12-08 19:08:04,208 20662 INFO     [tempest.scenario.manager] FloatingIP: &lt;"FloatingIP" addr="172.24.4.4" id="bb73b89d-6f1f-440d-8e51-94204f8e887d"&gt; is at status: ACTIVE
2015-12-08 19:08:04,208 20662 DEBUG    [tempest.scenario.manager] checking network connections to IP 172.24.4.4 with user: cirros
2015-12-08 19:08:04,209 20662 DEBUG    [tempest.scenario.manager] TestNetworkAdvancedServerOps:test_server_connectivity_pause_unpause begins to ping 172.24.4.4 in 120 sec and the expected result is reachable
2015-12-08 19:10:04,539 20662 DEBUG    [tempest.scenario.manager] TestNetworkAdvancedServerOps:test_server_connectivity_pause_unpause finishes ping 172.24.4.4 in 120 sec and the ping result is unexpected
2015-12-08 19:10:04,541 20662 ERROR    [tempest.scenario.manager] Public network connectivity check failed
2015-12-08 19:10:04.541 20662 ERROR tempest.scenario.manager Traceback (most recent call last):
2015-12-08 19:10:04.541 20662 ERROR tempest.scenario.manager   File "tempest/scenario/manager.py", line 606, in check_public_network_connectivity
2015-12-08 19:10:04.541 20662 ERROR tempest.scenario.manager     should_connect=should_connect)
2015-12-08 19:10:04.541 20662 ERROR tempest.scenario.manager   File "tempest/scenario/manager.py", line 590, in check_vm_connectivity
2015-12-08 19:10:04.541 20662 ERROR tempest.scenario.manager     msg=msg)
2015-12-08 19:10:04.541 20662 ERROR tempest.scenario.manager   File "/usr/local/lib/python2.7/dist-packages/unittest2/case.py", line 702, in assertTrue
2015-12-08 19:10:04.541 20662 ERROR tempest.scenario.manager     raise self.failureException(msg)
2015-12-08 19:10:04.541 20662 ERROR tempest.scenario.manager AssertionError: False is not true : Timed out waiting for 172.24.4.4 to become reachable
2015-12-08 19:10:04.541 20662 ERROR tempest.scenario.manager 
2015-12-08 19:10:04,757 20662 INFO     [tempest_lib.common.rest_client] Request (TestNetworkAdvancedServerOps:test_server_connectivity_pause_unpause): 200 POST http://10.0.2.15:8774/v2.1/686f23e26c2d4cc78a75f243ba824e7e/servers/dbbc251c-4532-401f-8afa-eb4ba22ffc4c/action 0.212s
2015-12-08 19:10:04,757 20662 DEBUG    [tempest_lib.common.rest_client] Request - Headers: {'Content-Type': 'application/json', 'Accept': 'application/json', 'X-Auth-Token': '&lt;omitted&gt;'}
        Body: {"os-getConsoleOutput": {}}
    Response - Headers: {'status': '200', 'content-length': '17515', 'x-compute-request-id': 'req-862eeae6-11f2-4334-8b8d-a6a45ecc762e', 'vary': 'X-OpenStack-Nova-API-Version', 'connection': 'close', 'x-openstack-nova-api-version': '2.1', 'date': 'Tue, 08 Dec 2015 19:10:04 GMT', 'content-type': 'application/json'}
        Body: {"output": "[    0.000000] Initializing cgroup subsys cpuset\n[    0.000000] Initializing cgroup subsys cpu\n[    0.000000] Linux version 3.2.0-80-virtual (buildd@batsu) (gcc version 4.6.3 (Ubuntu/Linaro 4.6.3-1ubuntu5) ) #116-Ubuntu SMP Mon Mar 23 17:28:52 UTC 2015 (Ubuntu 3.2.0-80.116-virtual 3.2.68)\n[    0.000000] Command line: root=/dev/vda console=tty0 console=ttyS0 no_timer_check\n[    0.000000] KERNEL supported cpus:\n[    0.000000]   Intel GenuineIntel\n[    0.000000]   AMD AuthenticAMD\n[    0.000000]   Centaur CentaurHauls\n[    0.000000] BIOS-provided physical RAM map:\n[    0.000000]  BIOS-e820: 0000000000000000 - 000000000009fc00 (usable)\n[    0.000000]  BIOS-e820: 000000000009fc00 - 00000000000a0000 (reserved)\n[    0.000000]  BIOS-e820: 00000000000f0000 - 0000000000100000 (reserved)\n[    0.000000]  BIOS-e820: 0000000000100000 - 0000000003ffe000 (usable)\n[    0.000000]  BIOS-e820: 0000000003ffe000 - 0000000004000000 (reserved)\n[    0.000000]  BIOS-e820: 00000000fffc0000 - 0000000100000000 (reserved)\n[    0.000000] NX (Execute Disable) protection: active\n[    0.000000] SMBIOS 2.4 present.\n[    0.000000] No AGP bridge found\n[    0.000000] last_pfn = 0x3ffe max_arch_pfn = 0x400000000\n[    0.000000] x86 PAT enabled: cpu 0, old 0x7040600070406, new 0x7010600070106\n[    0.000000] found SMP MP-table at [ffff8800000f0b00] f0b00\n[    0.000000] init_memory_mapping: 0000000000000000-0000000003ffe000\n[    0.000000] RAMDISK: 03c5e000 - 03ff0000\n[    0.000000] ACPI: RSDP 00000000000f0950 00014 (v00 BOCHS )\n[    0.000000] ACPI: RSDT 0000000003fffbc1 00034 (v01 BOCHS  BXPCRSDT 00000001 BXPC 00000001)\n[    0.000000] ACPI: FACP 0000000003fff1c0 00074 (v01 BOCHS  BXPCFACP 00000001 BXPC 00000001)\n[    0.000000] ACPI: DSDT 0000000003ffe040 01180 (v01 BOCHS  BXPCDSDT 00000001 BXPC 00000001)\n[    0.000000] ACPI: FACS 0000000003ffe000 00040\n[    0.000000] ACPI: SSDT 0000000003fff234 008DD (v01 BOCHS  BXPCSSDT 00000001 BXPC 00000001)\n[    0.000000] ACPI: APIC 0000000003fffb11 00078 (v01 BOCHS  BXPCAPIC 00000001 BXPC 00000001)\n[    0.000000] ACPI: HPET 0000000003fffb89 00038 (v01 BOCHS  BXPCHPET 00000001 BXPC 00000001)\n[    0.000000] No NUMA configuration found\n[    0.000000] Faking a node at 0000000000000000-0000000003ffe000\n[    0.000000] Initmem setup node 0 0000000000000000-0000000003ffe000\n[    0.000000]   NODE_DATA [0000000003ff6000 - 0000000003ffafff]\n[    0.000000] Zone PFN ranges:\n[    0.000000]   DMA      0x00000010 -&gt; 0x00001000\n[    0.000000]   DMA32    0x00001000 -&gt; 0x00100000\n[    0.000000]   Normal   empty\n[    0.000000] Movable zone start PFN for each node\n[    0.000000] early_node_map[2] active PFN ranges\n[    0.000000]     0: 0x00000010 -&gt; 0x0000009f\n[    0.000000]     0: 0x00000100 -&gt; 0x00003ffe\n[    0.000000] ACPI: PM-Timer IO Port: 0xb008\n[    0.000000] ACPI: LAPIC (acpi_id[0x00] lapic_id[0x00] enabled)\n[    0.000000] ACPI: LAPIC_NMI (acpi_id[0xff] dfl dfl lint[0x1])\n[    0.000000] ACPI: IOAPIC (id[0x00] address[0xfec00000] gsi_base[0])\n[    0.000000] IOAPIC[0]: apic_id 0, version 17, address 0xfec00000, GSI 0-23\n[    0.000000] ACPI: INT_SRC_OVR (bus 0 bus_irq 0 global_irq 2 dfl dfl)\n[    0.000000] ACPI: INT_SRC_OVR (bus 0 bus_irq 5 global_irq 5 high level)\n[    0.000000] ACPI: INT_SRC_OVR (bus 0 bus_irq 9 global_irq 9 high level)\n[    0.000000] ACPI: INT_SRC_OVR (bus 0 bus_irq 10 global_irq 10 high level)\n[    0.000000] ACPI: INT_SRC_OVR (bus 0 bus_irq 11 global_irq 11 high level)\n[    0.000000] Using ACPI (MADT) for SMP configuration information\n[    0.000000] ACPI: HPET id: 0x8086a201 base: 0xfed00000\n[    0.000000] SMP: Allowing 1 CPUs, 0 hotplug CPUs\n[    0.000000] PM: Registered nosave memory: 000000000009f000 - 00000000000a0000\n[    0.000000] PM: Registered nosave memory: 00000000000a0000 - 00000000000f0000\n[    0.000000] PM: Registered nosave memory: 00000000000f0000 - 0000000000100000\n[    0.000000] Allocating PCI resources starting at 4000000 (gap: 4000000:fbfc0000)\n[    0.000000] Booting paravirtualized kernel on bare hardware\n[    0.000000] setup_pe
2015-12-08 19:10:04,760 20662 DEBUG    [tempest.scenario.manager] Console output for dbbc251c-4532-401f-8afa-eb4ba22ffc4c
body=
[    0.000000] Initializing cgroup subsys cpuset
[    0.000000] Initializing cgroup subsys cpu
[    0.000000] Linux version 3.2.0-80-virtual (buildd@batsu) (gcc version 4.6.3 (Ubuntu/Linaro 4.6.3-1ubuntu5) ) #116-Ubuntu SMP Mon Mar 23 17:28:52 UTC 2015 (Ubuntu 3.2.0-80.116-virtual 3.2.68)
[    0.000000] Command line: root=/dev/vda console=tty0 console=ttyS0 no_timer_check
[    0.000000] KERNEL supported cpus:
[    0.000000]   Intel GenuineIntel
[    0.000000]   AMD AuthenticAMD
[    0.000000]   Centaur CentaurHauls
[    0.000000] BIOS-provided physical RAM map:
[    0.000000]  BIOS-e820: 0000000000000000 - 000000000009fc00 (usable)
[    0.000000]  BIOS-e820: 000000000009fc00 - 00000000000a0000 (reserved)
[    0.000000]  BIOS-e820: 00000000000f0000 - 0000000000100000 (reserved)
[    0.000000]  BIOS-e820: 0000000000100000 - 0000000003ffe000 (usable)
[    0.000000]  BIOS-e820: 0000000003ffe000 - 0000000004000000 (reserved)
[    0.000000]  BIOS-e820: 00000000fffc0000 - 0000000100000000 (reserved)
[    0.000000] NX (Execute Disable) protection: active
[    0.000000] SMBIOS 2.4 present.
[    0.000000] No AGP bridge found
[    0.000000] last_pfn = 0x3ffe max_arch_pfn = 0x400000000
[    0.000000] x86 PAT enabled: cpu 0, old 0x7040600070406, new 0x7010600070106
[    0.000000] found SMP MP-table at [ffff8800000f0b00] f0b00
[    0.000000] init_memory_mapping: 0000000000000000-0000000003ffe000
[    0.000000] RAMDISK: 03c5e000 - 03ff0000
[    0.000000] ACPI: RSDP 00000000000f0950 00014 (v00 BOCHS )
[    0.000000] ACPI: RSDT 0000000003fffbc1 00034 (v01 BOCHS  BXPCRSDT 00000001 BXPC 00000001)
[    0.000000] ACPI: FACP 0000000003fff1c0 00074 (v01 BOCHS  BXPCFACP 00000001 BXPC 00000001)
[    0.000000] ACPI: DSDT 0000000003ffe040 01180 (v01 BOCHS  BXPCDSDT 00000001 BXPC 00000001)
[    0.000000] ACPI: FACS 0000000003ffe000 00040
[    0.000000] ACPI: SSDT 0000000003fff234 008DD (v01 BOCHS  BXPCSSDT 00000001 BXPC 00000001)
[    0.000000] ACPI: APIC 0000000003fffb11 00078 (v01 BOCHS  BXPCAPIC 00000001 BXPC 00000001)
[    0.000000] ACPI: HPET 0000000003fffb89 00038 (v01 BOCHS  BXPCHPET 00000001 BXPC 00000001)
[    0.000000] No NUMA configuration found
[    0.000000] Faking a node at 0000000000000000-0000000003ffe000
[    0.000000] Initmem setup node 0 0000000000000000-0000000003ffe000
[    0.000000]   NODE_DATA [0000000003ff6000 - 0000000003ffafff]
[    0.000000] Zone PFN ranges:
[    0.000000]   DMA      0x00000010 -&gt; 0x00001000
[    0.000000]   DMA32    0x00001000 -&gt; 0x00100000
[    0.000000]   Normal   empty
[    0.000000] Movable zone start PFN for each node
[    0.000000] early_node_map[2] active PFN ranges
[    0.000000]     0: 0x00000010 -&gt; 0x0000009f
[    0.000000]     0: 0x00000100 -&gt; 0x00003ffe
[    0.000000] ACPI: PM-Timer IO Port: 0xb008
[    0.000000] ACPI: LAPIC (acpi_id[0x00] lapic_id[0x00] enabled)
[    0.000000] ACPI: LAPIC_NMI (acpi_id[0xff] dfl dfl lint[0x1])
[    0.000000] ACPI: IOAPIC (id[0x00] address[0xfec00000] gsi_base[0])
[    0.000000] IOAPIC[0]: apic_id 0, version 17, address 0xfec00000, GSI 0-23
[    0.000000] ACPI: INT_SRC_OVR (bus 0 bus_irq 0 global_irq 2 dfl dfl)
[    0.000000] ACPI: INT_SRC_OVR (bus 0 bus_irq 5 global_irq 5 high level)
[    0.000000] ACPI: INT_SRC_OVR (bus 0 bus_irq 9 global_irq 9 high level)
[    0.000000] ACPI: INT_SRC_OVR (bus 0 bus_irq 10 global_irq 10 high level)
[    0.000000] ACPI: INT_SRC_OVR (bus 0 bus_irq 11 global_irq 11 high level)
[    0.000000] Using ACPI (MADT) for SMP configuration information
[    0.000000] ACPI: HPET id: 0x8086a201 base: 0xfed00000
[    0.000000] SMP: Allowing 1 CPUs, 0 hotplug CPUs
[    0.000000] PM: Registered nosave memory: 000000000009f000 - 00000000000a0000
[    0.000000] PM: Registered nosave memory: 00000000000a0000 - 00000000000f0000
[    0.000000] PM: Registered nosave memory: 00000000000f0000 - 0000000000100000
[    0.000000] Allocating PCI resources starting at 4000000 (gap: 4000000:fbfc0000)
[    0.000000] Booting paravirtualized kernel on bare hardware
[    0.000000] setup_percpu: NR_CPUS:64 nr_cpumask_bits:64 nr_cpu_ids:1 nr_node_ids:1
[    0.000000] PERCPU: Embedded 27 pages/cpu @ffff880003a00000 s78848 r8192 d23552 u2097152
[    0.000000] Built 1 zonelists in Node order, mobility grouping on.  Total pages: 16008
[    0.000000] Policy zone: DMA32
[    0.000000] Kernel command line: root=/dev/vda console=tty0 console=ttyS0 no_timer_check
[    0.000000] PID hash table entries: 256 (order: -1, 2048 bytes)
[    0.000000] Checking aperture...
[    0.000000] No AGP bridge found
[    0.000000] Memory: 43492k/65528k available (6576k kernel code, 452k absent, 21584k reserved, 6620k data, 928k init)
[    0.000000] SLUB: Genslabs=15, HWalign=64, Order=0-3, MinObjects=0, CPUs=1, Nodes=1
[    0.000000] Hierarchical RCU implementation.
[    0.000000] 	RCU dyntick-idle grace-period acceleration is enabled.
[    0.000000] NR_IRQS:4352 nr_irqs:256 16
[    0.000000] Console: colour VGA+ 80x25
[    0.000000] console [tty0] enabled
[    0.000000] console [ttyS0] enabled
[    0.000000] allocated 1048576 bytes of page_cgroup
[    0.000000] please try 'cgroup_disable=memory' option if you don't want memory cgroups
[    0.000000] Fast TSC calibration failed
[    0.000000] TSC: Unable to calibrate against PIT
[    0.000000] TSC: using HPET reference calibration
[    0.000000] Detected 2291.607 MHz processor.
[    0.033355] Calibrating delay loop (skipped), value calculated using timer frequency.. 4583.21 BogoMIPS (lpj=9166428)
[    0.037416] pid_max: default: 32768 minimum: 301
[    0.049614] Security Framework initialized
[    0.055290] AppArmor: AppArmor initialized
[    0.056246] Yama: becoming mindful.
[    0.068436] Dentry cache hash table entries: 8192 (order: 4, 65536 bytes)
[    0.070043] Inode-cache hash table entries: 4096 (order: 3, 32768 bytes)
[    0.072692] Mount-cache hash table entries: 256
[    0.089044] Initializing cgroup subsys cpuacct
[    0.090087] Initializing cgroup subsys memory
[    0.091225] Initializing cgroup subsys devices
[    0.092197] Initializing cgroup subsys freezer
[    0.092931] Initializing cgroup subsys blkio
[    0.093965] Initializing cgroup subsys perf_event
[    0.100849] mce: CPU supports 10 MCE banks
[    0.104764] SMP alternatives: switching to UP code
[    0.453335] Freeing SMP alternatives: 24k freed
[    0.455095] ACPI: Core revision 20110623
[    0.497642] ftrace: allocating 26610 entries in 105 pages
[    0.526528] ..TIMER: vector=0x30 apic1=0 pin1=2 apic2=-1 pin2=-1
[    0.528150] CPU0: AMD QEMU Virtual CPU version 2.0.0 stepping 03
[    0.532032] Performance Events: Broken PMU hardware detected, using software events only.
[    0.541892] NMI watchdog disabled (cpu0): hardware events not enabled
[    0.544123] Brought up 1 CPUs
[    0.544695] Total of 1 processors activated (4583.21 BogoMIPS).
[    0.574076] devtmpfs: initialized
[    0.608905] EVM: security.selinux
[    0.609432] EVM: security.SMACK64
[    0.609930] EVM: security.capability
[    0.632269] print_constraints: dummy: 
[    0.633958] RTC time: 19:08:05, date: 12/08/15
[    0.636719] NET: Registered protocol family 16
[    0.643316] ACPI: bus type pci registered
[    0.646586] PCI: Using configuration type 1 for base access
[    0.678386] bio: create slab &lt;bio-0&gt; at 0
[    0.683048] ACPI: Added _OSI(Module Device)
[    0.684129] ACPI: Added _OSI(Processor Device)
[    0.684764] ACPI: Added _OSI(3.0 _SCP Extensions)
[    0.685372] ACPI: Added _OSI(Processor Aggregator Device)
[    0.759156] ACPI: Interpreter enabled
[    0.760178] ACPI: (supports S0 S3 S4 S5)
[    0.762049] ACPI: Using IOAPIC for interrupt routing
[    0.837426] ACPI: No dock devices found.
[    0.838232] HEST: Table not found.
[    0.838801] PCI: Using host bridge windows from ACPI; if necessary, use "pci=nocrs" and report a bug
[    0.845489] ACPI: PCI Root Bridge [PCI0] (domain 0000 [bus 00-ff])
[    0.852094] pci_root PNP0A03:00: host bridge window [io  0x0000-0x0cf7]
[    0.853975] pci_root PNP0A03:00: host bridge window [io  0x0d00-0xadff]
[    0.854801] pci_root PNP0A03:00: host bridge window [io  0xae0f-0xaeff]
[    0.856103] pci_root PNP0A03:00: host bridge window [io  0xaf20-0xafdf]
[    0.857036] pci_root PNP0A03:00: host bridge window [io  0xafe4-0xffff]
[    0.857946] pci_root PNP0A03:00: host bridge window [mem 0x000a0000-0x000bffff]
[    0.860102] pci_root PNP0A03:00: host bridge window [mem 0x04000000-0xfebfffff]
[    0.882446] pci 0000:00:01.3: quirk: [io  0xb000-0xb03f] claimed by PIIX4 ACPI
[    0.884171] pci 0000:00:01.3: quirk: [io  0xb100-0xb10f] claimed by PIIX4 SMB
[    0.954169]  pci0000:00: Unable to request _OSC control (_OSC support mask: 0x1e)
[    1.012534] ACPI: PCI Interrupt Link [LNKA] (IRQs 5 *10 11)
[    1.014857] ACPI: PCI Interrupt Link [LNKB] (IRQs 5 *10 11)
[    1.017185] ACPI: PCI Interrupt Link [LNKC] (IRQs 5 10 *11)
[    1.018787] ACPI: PCI Interrupt Link [LNKD] (IRQs 5 10 *11)
[    1.021018] ACPI: PCI Interrupt Link [LNKS] (IRQs *9)
[    1.027215] vgaarb: device added: PCI:0000:00:02.0,decodes=io+mem,owns=io+mem,locks=none
[    1.028182] vgaarb: loaded
[    1.028667] vgaarb: bridge control possible 0000:00:02.0
[    1.033454] i2c-core: driver [aat2870] using legacy suspend method
[    1.034195] i2c-core: driver [aat2870] using legacy resume method
[    1.036954] SCSI subsystem initialized
[    1.039617] usbcore: registered new interface driver usbfs
[    1.040733] usbcore: registered new interface driver hub
[    1.042325] usbcore: registered new device driver usb
[    1.046927] PCI: Using ACPI for IRQ routing
[    1.059248] NetLabel: Initializing
[    1.060152] NetLabel:  domain hash size = 128
[    1.060733] NetLabel:  protocols = UNLABELED CIPSOv4
[    1.064725] NetLabel:  unlabeled traffic allowed by default
[    1.067193] HPET: 3 timers in total, 0 timers will be used for per-cpu timer
[    1.068424] hpet0: at MMIO 0xfed00000, IRQs 2, 8, 0
[    1.069893] hpet0: 3 comparators, 64-bit 100.000000 MHz counter
[    1.085675] Switching to clocksource hpet
[    1.334495] AppArmor: AppArmor Filesystem Enabled
[    1.338763] pnp: PnP ACPI init
[    1.340180] ACPI: bus type pnp registered
[    1.363553] pnp: PnP ACPI: found 9 devices
[    1.364699] ACPI: ACPI bus type pnp unregistered
[    1.422873] NET: Registered protocol family 2
[    1.479540] IP route cache hash table entries: 512 (order: 0, 4096 bytes)
[    1.503380] TCP established hash table entries: 2048 (order: 3, 32768 bytes)
[    1.506072] TCP bind hash table entries: 2048 (order: 3, 32768 bytes)
[    1.507036] TCP: Hash tables configured (established 2048 bind 2048)
[    1.507996] TCP reno registered
[    1.509480] UDP hash table entries: 128 (order: 0, 4096 bytes)
[    1.510321] UDP-Lite hash table entries: 128 (order: 0, 4096 bytes)
[    1.513219] NET: Registered protocol family 1
[    1.514099] pci 0000:00:00.0: Limiting direct PCI/PCI transfers
[    1.514892] pci 0000:00:01.0: PIIX3: Enabling Passive Release
[    1.516522] pci 0000:00:01.0: Activating ISA DMA hang workarounds
[    1.522690] ACPI: PCI Interrupt Link [LNKD] enabled at IRQ 11
[    1.523732] pci 0000:00:01.2: PCI INT D -&gt; Link[LNKD] -&gt; GSI 11 (level, high) -&gt; IRQ 11
[    1.526434] pci 0000:00:01.2: PCI INT D disabled
[    1.546449] Trying to unpack rootfs image as initramfs...
[    1.570259] audit: initializing netlink socket (disabled)
[    1.573266] type=2000 audit(1449601685.568:1): initialized
[    1.835758] HugeTLB registered 2 MB page size, pre-allocated 0 pages
[    1.891764] VFS: Disk quotas dquot_6.5.2
[    1.894047] Dquot-cache hash table entries: 512 (order 0, 4096 bytes)
[    1.926440] fuse init (API version 7.17)
[    1.929807] msgmni has been set to 84
[    1.967349] Block layer SCSI generic (bsg) driver version 0.4 loaded (major 253)
[    1.977684] io scheduler noop registered
[    1.978280] io scheduler deadline registered (default)
[    1.979353] io scheduler cfq registered
[    1.983445] pci_hotplug: PCI Hot Plug PCI Core version: 0.5
[    1.986408] pciehp: PCI Express Hot Plug Controller Driver version: 0.4
[    1.991926] input: Power Button as /devices/LNXSYSTM:00/LNXPWRBN:00/input/input0
[    1.994632] ACPI: Power Button [PWRF]
[    2.041435] ERST: Table is not found!
[    2.041942] GHES: HEST is not enabled!
[    2.050253] ACPI: PCI Interrupt Link [LNKC] enabled at IRQ 10
[    2.050970] virtio-pci 0000:00:03.0: PCI INT A -&gt; Link[LNKC] -&gt; GSI 10 (level, high) -&gt; IRQ 10
[    2.054342] virtio-pci 0000:00:04.0: PCI INT A -&gt; Link[LNKD] -&gt; GSI 11 (level, high) -&gt; IRQ 11
[    2.066628] ACPI: PCI Interrupt Link [LNKA] enabled at IRQ 10
[    2.067468] virtio-pci 0000:00:05.0: PCI INT A -&gt; Link[LNKA] -&gt; GSI 10 (level, high) -&gt; IRQ 10
[    2.077367] Serial: 8250/16550 driver, 32 ports, IRQ sharing enabled
[    2.117564] serial8250: ttyS0 at I/O 0x3f8 (irq = 4) is a 16550A
[    2.205180] serial8250: ttyS1 at I/O 0x2f8 (irq = 3) is a 16550A
[    2.344496] 00:05: ttyS0 at I/O 0x3f8 (irq = 4) is a 16550A
[    2.428237] 00:06: ttyS1 at I/O 0x2f8 (irq = 3) is a 16550A
[    2.475501] Linux agpgart interface v0.103
[    2.533345] Refined TSC clocksource calibration: 2291.628 MHz.
[    2.534141] Switching to clocksource tsc
[    2.561874] brd: module loaded
[    2.589751] loop: module loaded
[    2.637556]  vda: unknown partition table
[    2.689851] scsi0 : ata_piix
[    2.693193] scsi1 : ata_piix
[    2.694544] ata1: PATA max MWDMA2 cmd 0x1f0 ctl 0x3f6 bmdma 0xc0a0 irq 14
[    2.695478] ata2: PATA max MWDMA2 cmd 0x170 ctl 0x376 bmdma 0xc0a8 irq 15
[    2.707071] Fixed MDIO Bus: probed
[    2.707961] tun: Universal TUN/TAP device driver, 1.6
[    2.709002] tun: (C) 1999-2004 Max Krasnyansky &lt;maxk@qualcomm.com&gt;
[    2.721436] PPP generic driver version 2.4.2
[    2.741651] ehci_hcd: USB 2.0 'Enhanced' Host Controller (EHCI) Driver
[    2.742755] ohci_hcd: USB 1.1 'Open' Host Controller (OHCI) Driver
[    2.743634] uhci_hcd: USB Universal Host Controller Interface driver
[    2.745375] uhci_hcd 0000:00:01.2: PCI INT D -&gt; Link[LNKD] -&gt; GSI 11 (level, high) -&gt; IRQ 11
[    2.748028] uhci_hcd 0000:00:01.2: UHCI Host Controller
[    2.765956] uhci_hcd 0000:00:01.2: new USB bus registered, assigned bus number 1
[    2.767851] uhci_hcd 0000:00:01.2: irq 11, io base 0x0000c040
[    2.799685] hub 1-0:1.0: USB hub found
[    2.802197] hub 1-0:1.0: 2 ports detected
[    2.818640] usbcore: registered new interface driver libusual
[    2.823967] i8042: PNP: PS/2 Controller [PNP0303:KBD,PNP0f13:MOU] at 0x60,0x64 irq 1,12
[    2.833777] serio: i8042 KBD port at 0x60,0x64 irq 1
[    2.836612] serio: i8042 AUX port at 0x60,0x64 irq 12
[    2.867641] mousedev: PS/2 mouse device common for all mice
[    2.887450] input: AT Translated Set 2 keyboard as /devices/platform/i8042/serio0/input/input1
[    2.891926] rtc_cmos 00:01: RTC can wake from S4
[    2.923710] rtc_cmos 00:01: rtc core: registered rtc_cmos as rtc0
[    2.929650] rtc0: alarms up to one day, 114 bytes nvram, hpet irqs
[    2.933962] device-mapper: uevent: version 1.0.3
[    2.950663] ata2.01: ATAPI: QEMU DVD-ROM, 2.0.0, max UDMA/100
[    2.963699] ata2.01: configured for MWDMA2
[    2.968765] device-mapper: ioctl: 4.22.0-ioctl (2011-10-19) initialised: dm-devel@redhat.com
[    2.972162] cpuidle: using governor ladder
[    2.973773] cpuidle: using governor menu
[    2.974818] EFI Variables Facility v0.08 2004-May-17
[    2.990504] TCP cubic registered
[    2.995172] NET: Registered protocol family 10
[    3.038487] NET: Registered protocol family 17
[    3.040551] Registering the dns_resolver key type
[    3.086686] scsi 1:0:1:0: CD-ROM            QEMU     QEMU DVD-ROM     2.0. PQ: 0 ANSI: 5
[    3.107749] sr0: scsi3-mmc drive: 4x/4x cd/rw xa/form2 tray
[    3.109502] cdrom: Uniform CD-ROM driver Revision: 3.20
[    3.142404] sr 1:0:1:0: Attached scsi generic sg0 type 5
[    3.208537] registered taskstats version 1
[    3.321091] Freeing initrd memory: 3656k freed
[    3.785322]   Magic number: 11:717:141
[    3.791967] block ram6: hash matches
[    3.793294] acpi device:12: hash matches
[    3.797452] rtc_cmos 00:01: setting system clock to 2015-12-08 19:08:08 UTC (1449601688)
[    3.799819] powernow-k8: Processor cpuid 663 not supported
[    3.806470] BIOS EDD facility v0.16 2004-Jun-25, 0 devices found
[    3.807638] EDD information not available.
[    3.880388] Freeing unused kernel memory: 928k freed
[    3.884037] Write protecting the kernel read-only data: 12288k
[    3.970343] Freeing unused kernel memory: 1596k freed
[    4.048540] Freeing unused kernel memory: 1184k freed

info: initramfs: up at 4.20
modprobe: module virtio_blk not found in modules.dep
modprobe: module virtio_net not found in modules.dep
info: copying initramfs to /dev/vda
info: initramfs loading root from /dev/vda
info: /etc/init.d/rc.sysinit: up at 8.75
info: container: none
Starting logging: OK
modprobe: module virtio_blk not found in modules.dep
modprobe: module virtio_net not found in modules.dep
WARN: /etc/rc3.d/S10-load-modules failed
Initializing random number generator... done.
Starting acpid: OK
cirros-ds 'local' up at 11.32
found datasource (configdrive, local)
Starting network...
udhcpc (v1.20.1) started
Sending discover...
Sending discover...

2015-12-08 19:10:05,037 20662 INFO     [tempest_lib.common.rest_client] Request (TestNetworkAdvancedServerOps:_run_cleanups): 204 DELETE http://10.0.2.15:9696/v2.0/floatingips/bb73b89d-6f1f-440d-8e51-94204f8e887d 0.273s
2015-12-08 19:10:05,038 20662 DEBUG    [tempest_lib.common.rest_client] Request - Headers: {'Content-Type': 'application/json', 'Accept': 'application/json', 'X-Auth-Token': '&lt;omitted&gt;'}
        Body: None
    Response - Headers: {'date': 'Tue, 08 Dec 2015 19:10:05 GMT', 'status': '204', 'connection': 'close', 'content-length': '0', 'x-openstack-request-id': 'req-789dbe5c-569f-4a47-8e1d-1c0fe2f73a37'}
        Body: 
2015-12-08 19:10:05,262 20662 INFO     [tempest_lib.common.rest_client] Request (TestNetworkAdvancedServerOps:_run_cleanups): 204 DELETE http://10.0.2.15:8774/v2.1/686f23e26c2d4cc78a75f243ba824e7e/servers/dbbc251c-4532-401f-8afa-eb4ba22ffc4c 0.223s
2015-12-08 19:10:05,262 20662 DEBUG    [tempest_lib.common.rest_client] Request - Headers: {'Content-Type': 'application/json', 'Accept': 'application/json', 'X-Auth-Token': '&lt;omitted&gt;'}
        Body: None
    Response - Headers: {'status': '204', 'content-length': '0', 'x-compute-request-id': 'req-42ac8e93-8334-44eb-b4b6-9798ed2461d0', 'vary': 'X-OpenStack-Nova-API-Version', 'connection': 'close', 'x-openstack-nova-api-version': '2.1', 'date': 'Tue, 08 Dec 2015 19:10:05 GMT', 'content-type': 'application/json'}
        Body: 
2015-12-08 19:10:05,533 20662 INFO     [tempest_lib.common.rest_client] Request (TestNetworkAdvancedServerOps:_run_cleanups): 200 GET http://10.0.2.15:8774/v2.1/686f23e26c2d4cc78a75f243ba824e7e/servers/dbbc251c-4532-401f-8afa-eb4ba22ffc4c 0.269s
2015-12-08 19:10:05,533 20662 DEBUG    [tempest_lib.common.rest_client] Request - Headers: {'Content-Type': 'application/json', 'Accept': 'application/json', 'X-Auth-Token': '&lt;omitted&gt;'}
        Body: None
    Response - Headers: {'status': '200', 'content-length': '1783', 'content-location': 'http://10.0.2.15:8774/v2.1/686f23e26c2d4cc78a75f243ba824e7e/servers/dbbc251c-4532-401f-8afa-eb4ba22ffc4c', 'x-compute-request-id': 'req-8250311b-7ccf-43e0-9a74-b59a5e8349ee', 'vary': 'X-OpenStack-Nova-API-Version', 'connection': 'close', 'x-openstack-nova-api-version': '2.1', 'date': 'Tue, 08 Dec 2015 19:10:05 GMT', 'content-type': 'application/json'}
        Body: {"server": {"status": "ACTIVE", "updated": "2015-12-08T19:10:05Z", "hostId": "a403a508d67db7624f007a92830f296a8b6d76aa1d76b45fa7c85882", "addresses": {"tempest-network-smoke--683842316": [{"OS-EXT-IPS-MAC:mac_addr": "fa:16:3e:25:06:67", "version": 4, "addr": "10.100.0.3", "OS-EXT-IPS:type": "fixed"}, {"OS-EXT-IPS-MAC:mac_addr": "fa:16:3e:25:06:67", "version": 4, "addr": "172.24.4.4", "OS-EXT-IPS:type": "floating"}]}, "links": [{"href": "http://10.0.2.15:8774/v2.1/686f23e26c2d4cc78a75f243ba824e7e/servers/dbbc251c-4532-401f-8afa-eb4ba22ffc4c", "rel": "self"}, {"href": "http://10.0.2.15:8774/686f23e26c2d4cc78a75f243ba824e7e/servers/dbbc251c-4532-401f-8afa-eb4ba22ffc4c", "rel": "bookmark"}], "key_name": "tempest-TestNetworkAdvancedServerOps-880820057", "image": {"id": "4d0101ec-e585-45ac-b00f-b5d0e287d0a0", "links": [{"href": "http://10.0.2.15:8774/686f23e26c2d4cc78a75f243ba824e7e/images/4d0101ec-e585-45ac-b00f-b5d0e287d0a0", "rel": "bookmark"}]}, "OS-EXT-STS:task_state": "deleting", "OS-EXT-STS:vm_state": "active", "OS-SRV-USG:launched_at": "2015-12-08T19:08:01.000000", "flavor": {"id": "42", "links": [{"href": "http://10.0.2.15:8774/686f23e26c2d4cc78a75f243ba824e7e/flavors/42", "rel": "bookmark"}]}, "id": "dbbc251c-4532-401f-8afa-eb4ba22ffc4c", "security_groups": [{"name": "tempest-secgroup-smoke-787320884"}], "OS-SRV-USG:terminated_at": null, "OS-EXT-AZ:availability_zone": "nova", "user_id": "6726877c95c34c2787de2207806c2e5d", "name": "tempest.common.compute-instance-1440483272", "created": "2015-12-08T19:07:57Z", "tenant_id": "686f23e26c2d4cc78a75f243ba824e7e", "OS-DCF:diskConfig": "MANUAL", "os-extended-volumes:volumes_attached": [], "accessIPv4": "", "accessIPv6": "", "progress": 0, "OS-EXT-STS:power_state": 1, "config_drive": "True", "metadata": {}}}
2015-12-08 19:10:06,696 20662 INFO     [tempest_lib.common.rest_client] Request (TestNetworkAdvancedServerOps:_run_cleanups): 200 GET http://10.0.2.15:8774/v2.1/686f23e26c2d4cc78a75f243ba824e7e/servers/dbbc251c-4532-401f-8afa-eb4ba22ffc4c 0.147s
2015-12-08 19:10:06,697 20662 DEBUG    [tempest_lib.common.rest_client] Request - Headers: {'Content-Type': 'application/json', 'Accept': 'application/json', 'X-Auth-Token': '&lt;omitted&gt;'}
        Body: None
    Response - Headers: {'status': '200', 'content-length': '1449', 'content-location': 'http://10.0.2.15:8774/v2.1/686f23e26c2d4cc78a75f243ba824e7e/servers/dbbc251c-4532-401f-8afa-eb4ba22ffc4c', 'x-compute-request-id': 'req-bff3dcf5-955f-4c86-82b9-c46cc0916c47', 'vary': 'X-OpenStack-Nova-API-Version', 'connection': 'close', 'x-openstack-nova-api-version': '2.1', 'date': 'Tue, 08 Dec 2015 19:10:06 GMT', 'content-type': 'application/json'}
        Body: {"server": {"status": "ACTIVE", "updated": "2015-12-08T19:10:06Z", "hostId": "a403a508d67db7624f007a92830f296a8b6d76aa1d76b45fa7c85882", "addresses": {}, "links": [{"href": "http://10.0.2.15:8774/v2.1/686f23e26c2d4cc78a75f243ba824e7e/servers/dbbc251c-4532-401f-8afa-eb4ba22ffc4c", "rel": "self"}, {"href": "http://10.0.2.15:8774/686f23e26c2d4cc78a75f243ba824e7e/servers/dbbc251c-4532-401f-8afa-eb4ba22ffc4c", "rel": "bookmark"}], "key_name": "tempest-TestNetworkAdvancedServerOps-880820057", "image": {"id": "4d0101ec-e585-45ac-b00f-b5d0e287d0a0", "links": [{"href": "http://10.0.2.15:8774/686f23e26c2d4cc78a75f243ba824e7e/images/4d0101ec-e585-45ac-b00f-b5d0e287d0a0", "rel": "bookmark"}]}, "OS-EXT-STS:task_state": "deleting", "OS-EXT-STS:vm_state": "active", "OS-SRV-USG:launched_at": "2015-12-08T19:08:01.000000", "flavor": {"id": "42", "links": [{"href": "http://10.0.2.15:8774/686f23e26c2d4cc78a75f243ba824e7e/flavors/42", "rel": "bookmark"}]}, "id": "dbbc251c-4532-401f-8afa-eb4ba22ffc4c", "OS-SRV-USG:terminated_at": null, "OS-EXT-AZ:availability_zone": "nova", "user_id": "6726877c95c34c2787de2207806c2e5d", "name": "tempest.common.compute-instance-1440483272", "created": "2015-12-08T19:07:57Z", "tenant_id": "686f23e26c2d4cc78a75f243ba824e7e", "OS-DCF:diskConfig": "MANUAL", "os-extended-volumes:volumes_attached": [], "accessIPv4": "", "accessIPv6": "", "progress": 0, "OS-EXT-STS:power_state": 1, "config_drive": "True", "metadata": {}}}
2015-12-08 19:10:07,795 20662 INFO     [tempest_lib.common.rest_client] Request (TestNetworkAdvancedServerOps:_run_cleanups): 404 GET http://10.0.2.15:8774/v2.1/686f23e26c2d4cc78a75f243ba824e7e/servers/dbbc251c-4532-401f-8afa-eb4ba22ffc4c 0.084s
2015-12-08 19:10:07,796 20662 DEBUG    [tempest_lib.common.rest_client] Request - Headers: {'Content-Type': 'application/json', 'Accept': 'application/json', 'X-Auth-Token': '&lt;omitted&gt;'}
        Body: None
    Response - Headers: {'status': '404', 'content-length': '111', 'x-compute-request-id': 'req-32b54528-18bb-478a-b350-b490fb26858c', 'vary': 'X-OpenStack-Nova-API-Version', 'connection': 'close', 'x-openstack-nova-api-version': '2.1', 'date': 'Tue, 08 Dec 2015 19:10:07 GMT', 'content-type': 'application/json; charset=UTF-8'}
        Body: {"itemNotFound": {"message": "Instance dbbc251c-4532-401f-8afa-eb4ba22ffc4c could not be found.", "code": 404}}
2015-12-08 19:10:08,240 20662 INFO     [tempest_lib.common.rest_client] Request (TestNetworkAdvancedServerOps:_run_cleanups): 200 PUT http://10.0.2.15:9696/v2.0/routers/e80e75ed-5a74-4af3-9c60-e74634f5115e/remove_router_interface 0.443s
2015-12-08 19:10:08,241 20662 DEBUG    [tempest_lib.common.rest_client] Request - Headers: {'Content-Type': 'application/json', 'Accept': 'application/json', 'X-Auth-Token': '&lt;omitted&gt;'}
        Body: {"subnet_id": "a3229130-8dce-4f73-b91b-5ff71f6976bd"}
    Response - Headers: {'status': '200', 'content-length': '255', 'connection': 'close', 'date': 'Tue, 08 Dec 2015 19:10:08 GMT', 'content-type': 'application/json; charset=UTF-8', 'x-openstack-request-id': 'req-f1e1bf09-8d2c-4b38-901e-56aead78e898'}
        Body: {"subnet_id": "a3229130-8dce-4f73-b91b-5ff71f6976bd", "tenant_id": "686f23e26c2d4cc78a75f243ba824e7e", "subnet_ids": ["a3229130-8dce-4f73-b91b-5ff71f6976bd"], "port_id": "6056dbe3-bac2-4e91-b6d4-fee302cbed6d", "id": "e80e75ed-5a74-4af3-9c60-e74634f5115e"}
2015-12-08 19:10:08,891 20662 INFO     [tempest_lib.common.rest_client] Request (TestNetworkAdvancedServerOps:_run_cleanups): 204 DELETE http://10.0.2.15:9696/v2.0/subnets/a3229130-8dce-4f73-b91b-5ff71f6976bd 0.649s
2015-12-08 19:10:08,892 20662 DEBUG    [tempest_lib.common.rest_client] Request - Headers: {'Content-Type': 'application/json', 'Accept': 'application/json', 'X-Auth-Token': '&lt;omitted&gt;'}
        Body: None
    Response - Headers: {'date': 'Tue, 08 Dec 2015 19:10:08 GMT', 'status': '204', 'connection': 'close', 'content-length': '0', 'x-openstack-request-id': 'req-4fcd8c9a-9e7a-49b5-aa55-479746ab47a3'}
        Body: 
2015-12-08 19:10:08,950 20662 INFO     [tempest_lib.common.rest_client] Request (TestNetworkAdvancedServerOps:_run_cleanups): 200 GET http://10.0.2.15:9696/v2.0/routers/e80e75ed-5a74-4af3-9c60-e74634f5115e 0.056s
2015-12-08 19:10:08,950 20662 DEBUG    [tempest_lib.common.rest_client] Request - Headers: {'Content-Type': 'application/json', 'Accept': 'application/json', 'X-Auth-Token': '&lt;omitted&gt;'}
        Body: None
    Response - Headers: {'status': '200', 'content-length': '563', 'content-location': 'http://10.0.2.15:9696/v2.0/routers/e80e75ed-5a74-4af3-9c60-e74634f5115e', 'connection': 'close', 'date': 'Tue, 08 Dec 2015 19:10:08 GMT', 'content-type': 'application/json; charset=UTF-8', 'x-openstack-request-id': 'req-b6ad0e3e-6914-4051-85af-5f3d4f18942c'}
        Body: {"router": {"status": "ACTIVE", "external_gateway_info": {"network_id": "55c6db99-b6d5-461b-8458-1116275536e4", "enable_snat": true, "external_fixed_ips": [{"subnet_id": "19742e04-fcb1-480a-b9a2-5292fbd3fe03", "ip_address": "172.24.4.3"}, {"subnet_id": "8d870a4d-f8b4-494e-b0f5-47aa7d7e78d9", "ip_address": "2001:db8::3"}]}, "availability_zone_hints": [], "availability_zones": ["nova"], "name": "tempest-router-smoke-325154479", "admin_state_up": true, "tenant_id": "686f23e26c2d4cc78a75f243ba824e7e", "routes": [], "id": "e80e75ed-5a74-4af3-9c60-e74634f5115e"}}
2015-12-08 19:10:09,429 20662 INFO     [tempest_lib.common.rest_client] Request (TestNetworkAdvancedServerOps:_run_cleanups): 200 PUT http://10.0.2.15:9696/v2.0/routers/e80e75ed-5a74-4af3-9c60-e74634f5115e 0.477s
2015-12-08 19:10:09,430 20662 DEBUG    [tempest_lib.common.rest_client] Request - Headers: {'Content-Type': 'application/json', 'Accept': 'application/json', 'X-Auth-Token': '&lt;omitted&gt;'}
        Body: {"router": {"external_gateway_info": {}, "name": "tempest-router-smoke-325154479", "admin_state_up": true}}
    Response - Headers: {'status': '200', 'content-length': '301', 'connection': 'close', 'date': 'Tue, 08 Dec 2015 19:10:09 GMT', 'content-type': 'application/json; charset=UTF-8', 'x-openstack-request-id': 'req-56f615ca-cd47-4cd8-9c24-24e4f4656816'}
        Body: {"router": {"status": "ACTIVE", "external_gateway_info": null, "availability_zone_hints": [], "availability_zones": ["nova"], "name": "tempest-router-smoke-325154479", "admin_state_up": true, "tenant_id": "686f23e26c2d4cc78a75f243ba824e7e", "routes": [], "id": "e80e75ed-5a74-4af3-9c60-e74634f5115e"}}
2015-12-08 19:10:09,820 20662 INFO     [tempest_lib.common.rest_client] Request (TestNetworkAdvancedServerOps:_run_cleanups): 204 DELETE http://10.0.2.15:9696/v2.0/routers/e80e75ed-5a74-4af3-9c60-e74634f5115e 0.388s
2015-12-08 19:10:09,820 20662 DEBUG    [tempest_lib.common.rest_client] Request - Headers: {'Content-Type': 'application/json', 'Accept': 'application/json', 'X-Auth-Token': '&lt;omitted&gt;'}
        Body: None
    Response - Headers: {'date': 'Tue, 08 Dec 2015 19:10:09 GMT', 'status': '204', 'connection': 'close', 'content-length': '0', 'x-openstack-request-id': 'req-00069ba8-e24e-4477-be1f-9e605a5dd43d'}
        Body: 
2015-12-08 19:10:10,029 20662 INFO     [tempest_lib.common.rest_client] Request (TestNetworkAdvancedServerOps:_run_cleanups): 204 DELETE http://10.0.2.15:9696/v2.0/networks/66e5dc76-6ad7-482a-b5cf-21569f7d82ed 0.208s
2015-12-08 19:10:10,029 20662 DEBUG    [tempest_lib.common.rest_client] Request - Headers: {'Content-Type': 'application/json', 'Accept': 'application/json', 'X-Auth-Token': '&lt;omitted&gt;'}
        Body: None
    Response - Headers: {'date': 'Tue, 08 Dec 2015 19:10:10 GMT', 'status': '204', 'connection': 'close', 'content-length': '0', 'x-openstack-request-id': 'req-973616cd-e403-4c83-ac82-8c06a5167830'}
        Body: 
2015-12-08 19:10:10,098 20662 INFO     [tempest_lib.common.rest_client] Request (TestNetworkAdvancedServerOps:_run_cleanups): 204 DELETE http://10.0.2.15:9696/v2.0/security-group-rules/ba28a737-46c9-40a6-9c67-317320fa8246 0.068s
2015-12-08 19:10:10,099 20662 DEBUG    [tempest_lib.common.rest_client] Request - Headers: {'Content-Type': 'application/json', 'Accept': 'application/json', 'X-Auth-Token': '&lt;omitted&gt;'}
        Body: None
    Response - Headers: {'date': 'Tue, 08 Dec 2015 19:10:10 GMT', 'status': '204', 'connection': 'close', 'content-length': '0', 'x-openstack-request-id': 'req-8cf9c323-806f-4dc2-b2ac-0a5715663d89'}
        Body: 
2015-12-08 19:10:10,171 20662 INFO     [tempest_lib.common.rest_client] Request (TestNetworkAdvancedServerOps:_run_cleanups): 204 DELETE http://10.0.2.15:9696/v2.0/security-group-rules/646c4d13-ebf2-48d3-80cf-3b7ef8e8ee0c 0.071s
2015-12-08 19:10:10,172 20662 DEBUG    [tempest_lib.common.rest_client] Request - Headers: {'Content-Type': 'application/json', 'Accept': 'application/json', 'X-Auth-Token': '&lt;omitted&gt;'}
        Body: None
    Response - Headers: {'date': 'Tue, 08 Dec 2015 19:10:10 GMT', 'status': '204', 'connection': 'close', 'content-length': '0', 'x-openstack-request-id': 'req-0f532062-0379-4bcf-ab7e-2c5dc6f53c68'}
        Body: 
2015-12-08 19:10:10,229 20662 INFO     [tempest_lib.common.rest_client] Request (TestNetworkAdvancedServerOps:_run_cleanups): 204 DELETE http://10.0.2.15:9696/v2.0/security-group-rules/a1066b5f-61a2-4de7-bf11-e957aa503fc5 0.056s
2015-12-08 19:10:10,230 20662 DEBUG    [tempest_lib.common.rest_client] Request - Headers: {'Content-Type': 'application/json', 'Accept': 'application/json', 'X-Auth-Token': '&lt;omitted&gt;'}
        Body: None
    Response - Headers: {'date': 'Tue, 08 Dec 2015 19:10:10 GMT', 'status': '204', 'connection': 'close', 'content-length': '0', 'x-openstack-request-id': 'req-2e66a442-f1a1-4010-9478-ce2a311621e0'}
        Body: 
2015-12-08 19:10:10,291 20662 INFO     [tempest_lib.common.rest_client] Request (TestNetworkAdvancedServerOps:_run_cleanups): 204 DELETE http://10.0.2.15:9696/v2.0/security-group-rules/4f7493ee-bb3f-4fc3-942f-0eb9e4043ad0 0.060s
2015-12-08 19:10:10,291 20662 DEBUG    [tempest_lib.common.rest_client] Request - Headers: {'Content-Type': 'application/json', 'Accept': 'application/json', 'X-Auth-Token': '&lt;omitted&gt;'}
        Body: None
    Response - Headers: {'date': 'Tue, 08 Dec 2015 19:10:10 GMT', 'status': '204', 'connection': 'close', 'content-length': '0', 'x-openstack-request-id': 'req-b338c3f0-8346-4b21-9814-9746181c6e7c'}
        Body: 
2015-12-08 19:10:10,349 20662 INFO     [tempest_lib.common.rest_client] Request (TestNetworkAdvancedServerOps:_run_cleanups): 204 DELETE http://10.0.2.15:9696/v2.0/security-group-rules/02187e1a-18ea-422d-9a7f-147c034405fd 0.057s
2015-12-08 19:10:10,349 20662 DEBUG    [tempest_lib.common.rest_client] Request - Headers: {'Content-Type': 'application/json', 'Accept': 'application/json', 'X-Auth-Token': '&lt;omitted&gt;'}
        Body: None
    Response - Headers: {'date': 'Tue, 08 Dec 2015 19:10:10 GMT', 'status': '204', 'connection': 'close', 'content-length': '0', 'x-openstack-request-id': 'req-2c6bc5d0-8fe6-4117-b743-fdcc18a27183'}
        Body: 
2015-12-08 19:10:10,411 20662 INFO     [tempest_lib.common.rest_client] Request (TestNetworkAdvancedServerOps:_run_cleanups): 204 DELETE http://10.0.2.15:9696/v2.0/security-group-rules/bf8d7dc8-502f-48be-b668-b8d43f63d32c 0.061s
2015-12-08 19:10:10,412 20662 DEBUG    [tempest_lib.common.rest_client] Request - Headers: {'Content-Type': 'application/json', 'Accept': 'application/json', 'X-Auth-Token': '&lt;omitted&gt;'}
        Body: None
    Response - Headers: {'date': 'Tue, 08 Dec 2015 19:10:10 GMT', 'status': '204', 'connection': 'close', 'content-length': '0', 'x-openstack-request-id': 'req-72db12da-0975-45f2-9eea-892b45ec973e'}
        Body: 
2015-12-08 19:10:10,519 20662 INFO     [tempest_lib.common.rest_client] Request (TestNetworkAdvancedServerOps:_run_cleanups): 204 DELETE http://10.0.2.15:9696/v2.0/security-groups/6715fbb9-25f0-413e-9899-baa68647c624 0.105s
2015-12-08 19:10:10,519 20662 DEBUG    [tempest_lib.common.rest_client] Request - Headers: {'Content-Type': 'application/json', 'Accept': 'application/json', 'X-Auth-Token': '&lt;omitted&gt;'}
        Body: None
    Response - Headers: {'date': 'Tue, 08 Dec 2015 19:10:10 GMT', 'status': '204', 'connection': 'close', 'content-length': '0', 'x-openstack-request-id': 'req-54b07b58-4957-4d42-8a5e-188a0db2e734'}
        Body: 
2015-12-08 19:10:10,538 20662 INFO     [tempest_lib.common.rest_client] Request (TestNetworkAdvancedServerOps:_run_cleanups): 202 DELETE http://10.0.2.15:8774/v2.1/686f23e26c2d4cc78a75f243ba824e7e/os-keypairs/tempest-TestNetworkAdvancedServerOps-880820057 0.017s
2015-12-08 19:10:10,538 20662 DEBUG    [tempest_lib.common.rest_client] Request - Headers: {'Content-Type': 'application/json', 'Accept': 'application/json', 'X-Auth-Token': '&lt;omitted&gt;'}
        Body: None
    Response - Headers: {'status': '202', 'content-length': '0', 'x-compute-request-id': 'req-c98b4a29-046c-4aab-b6b7-7814decd3ad0', 'vary': 'X-OpenStack-Nova-API-Version', 'connection': 'close', 'x-openstack-nova-api-version': '2.1', 'date': 'Tue, 08 Dec 2015 19:10:10 GMT', 'content-type': 'application/json'}
        Body: 
2015-12-08 19:10:10,623 20662 INFO     [tempest_lib.common.rest_client] Request (TestNetworkAdvancedServerOps:_run_cleanups): 404 GET http://10.0.2.15:8774/v2.1/686f23e26c2d4cc78a75f243ba824e7e/servers/dbbc251c-4532-401f-8afa-eb4ba22ffc4c 0.083s
2015-12-08 19:10:10,623 20662 DEBUG    [tempest_lib.common.rest_client] Request - Headers: {'Content-Type': 'application/json', 'Accept': 'application/json', 'X-Auth-Token': '&lt;omitted&gt;'}
        Body: None
    Response - Headers: {'status': '404', 'content-length': '111', 'x-compute-request-id': 'req-a5fd3944-d76c-42f1-a4ac-3c6328b447df', 'vary': 'X-OpenStack-Nova-API-Version', 'connection': 'close', 'x-openstack-nova-api-version': '2.1', 'date': 'Tue, 08 Dec 2015 19:10:10 GMT', 'content-type': 'application/json; charset=UTF-8'}
        Body: {"itemNotFound": {"message": "Instance dbbc251c-4532-401f-8afa-eb4ba22ffc4c could not be found.", "code": 404}}
}}}

Traceback (most recent call last):
  File "tempest/test.py", line 113, in wrapper
    return f(self, *func_args, **func_kwargs)
  File "tempest/scenario/test_network_advanced_server_ops.py", line 134, in test_server_connectivity_pause_unpause
    server, keypair, floating_ip = self._setup_network_and_servers()
  File "tempest/scenario/test_network_advanced_server_ops.py", line 71, in _setup_network_and_servers
    server, keypair, floating_ip)
  File "tempest/scenario/test_network_advanced_server_ops.py", line 95, in _wait_server_status_and_check_network_connectivity
    self._check_network_connectivity(server, keypair, floating_ip)
  File "tempest/scenario/test_network_advanced_server_ops.py", line 88, in _check_network_connectivity
    servers=[server])
  File "tempest/scenario/manager.py", line 606, in check_public_network_connectivity
    should_connect=should_connect)
  File "tempest/scenario/manager.py", line 590, in check_vm_connectivity
    msg=msg)
  File "/usr/local/lib/python2.7/dist-packages/unittest2/case.py", line 702, in assertTrue
    raise self.failureException(msg)
AssertionError: False is not true : Timed out waiting for 172.24.4.4 to become reachable



        </pre>
    </div>
    <!--css div popup end-->

    </td>
</tr>

<tr id='ft1.2' class='none'>
    <td class='failCase'><div class='testcase'>test_server_connectivity_reboot[compute,id-7b6860c2-afa3-4846-9522-adeb38dfbe08,network]</div></td>
    <td colspan='7' align='left'>

    <!--css div popup start-->
    <a class="popup_link" onfocus='this.blur();'
    href="javascript:showTestDetail('div_ft1.2')" >
        fail</a>

    <div id='div_ft1.2' class="popup_window">
        <div style='text-align: right; color:red;cursor:pointer'>
        <a onfocus='this.blur();'
onclick="document.getElementById('div_ft1.2').style.display = 'none' " >
           [x]</a>
        </div>
        <pre>
        
