<?xml version="1.0" encoding="UTF-8"?>
<!DOCTYPE html PUBLIC "-//W3C//DTD XHTML 1.0 Strict//EN"
     "http://www.w3.org/TR/xhtml1/DTD/xhtml1-strict.dtd">
<html xmlns="http://www.w3.org/1999/xhtml">
<head>
    <title>Unit Test Report</title>
    <meta name="generator" content="subunit2html 0.1"/>
    <meta http-equiv="Content-Type" content="text/html; charset=UTF-8"/>
    
<style type="text/css" media="screen">
body        { font-family: verdana, arial, helvetica, sans-serif;
    font-size: 80%; }
table       { font-size: 100%; width: 100%;}
pre         { font-size: 80%; }

/* -- heading -------------------------------------------------------------- */
h1 {
        font-size: 16pt;
        color: gray;
}
.heading {
    margin-top: 0ex;
    margin-bottom: 1ex;
}

.heading .attribute {
    margin-top: 1ex;
    margin-bottom: 0;
}

.heading .description {
    margin-top: 4ex;
    margin-bottom: 6ex;
}

/* -- css div popup -------------------------------------------------------- */
a.popup_link {
}

a.popup_link:hover {
    color: red;
}

.popup_window {
    display: none;
    overflow-x: scroll;
    /*border: solid #627173 1px; */
    padding: 10px;
    background-color: #E6E6D6;
    font-family: "Ubuntu Mono", "Lucida Console", "Courier New", monospace;
    text-align: left;
    font-size: 8pt;
}

}
/* -- report --------------------------------------------------------------- */
#show_detail_line {
    margin-top: 3ex;
    margin-bottom: 1ex;
}
#result_table {
    width: 100%;
    border-collapse: collapse;
    border: 1px solid #777;
}
#header_row {
    font-weight: bold;
    color: white;
    background-color: #777;
}
#result_table td {
    border: 1px solid #777;
    padding: 2px;
}
#total_row  { font-weight: bold; }
.passClass  { background-color: #6c6; }
.failClass  { background-color: #c60; }
.errorClass { background-color: #c00; }
.passCase   { color: #6c6; }
.failCase   { color: #c60; font-weight: bold; }
.errorCase  { color: #c00; font-weight: bold; }
.hiddenRow  { display: none; }
.testcase   { margin-left: 2em; }
td.testname {width: 40%}
td.small {width: 40px}

/* -- ending --------------------------------------------------------------- */
#ending {
}

</style>

</head>
<body>
<script language="javascript" type="text/javascript"><!--
output_list = Array();

/* level - 0:Summary; 1:Failed; 2:All */
function showCase(level) {
    trs = document.getElementsByTagName("tr");
    for (var i = 0; i < trs.length; i++) {
        tr = trs[i];
        id = tr.id;
        if (id.substr(0,2) == 'ft') {
            if (level < 1) {
                tr.className = 'hiddenRow';
            }
            else {
                tr.className = '';
            }
        }
        if (id.substr(0,2) == 'pt') {
            if (level > 1) {
                tr.className = '';
            }
            else {
                tr.className = 'hiddenRow';
            }
        }
    }
}


function showClassDetail(cid, count) {
    var id_list = Array(count);
    var toHide = 1;
    for (var i = 0; i < count; i++) {
        tid0 = 't' + cid.substr(1) + '.' + (i+1);
        tid = 'f' + tid0;
        tr = document.getElementById(tid);
        if (!tr) {
            tid = 'p' + tid0;
            tr = document.getElementById(tid);
        }
        id_list[i] = tid;
        if (tr.className) {
            toHide = 0;
        }
    }
    for (var i = 0; i < count; i++) {
        tid = id_list[i];
        if (toHide) {
            document.getElementById('div_'+tid).style.display = 'none'
            document.getElementById(tid).className = 'hiddenRow';
        }
        else {
            document.getElementById(tid).className = '';
        }
    }
}


function showTestDetail(div_id){
    var details_div = document.getElementById(div_id)
    var displayState = details_div.style.display
    // alert(displayState)
    if (displayState != 'block' ) {
        displayState = 'block'
        details_div.style.display = 'block'
    }
    else {
        details_div.style.display = 'none'
    }
}


function html_escape(s) {
    s = s.replace(/&/g,'&amp;');
    s = s.replace(/</g,'&lt;');
    s = s.replace(/>/g,'&gt;');
    return s;
}

/* obsoleted by detail in <div>
function showOutput(id, name) {
    var w = window.open("", //url
                    name,
                    "resizable,scrollbars,status,width=800,height=450");
    d = w.document;
    d.write("<pre>");
    d.write(html_escape(output_list[id]));
    d.write("\n");
    d.write("<a href='javascript:window.close()'>close</a>\n");
    d.write("</pre>\n");
    d.close();
}
*/
--></script>

<div class='heading'>
<h1>Unit Test Report</h1>

<p class='attribute'><strong>Status:</strong> Failure 6</p>

<p class='description'></p>
</div>



<p id='show_detail_line'>Show
<a href='javascript:showCase(0)'>Summary</a>
<a href='javascript:showCase(1)'>Failed</a>
<a href='javascript:showCase(2)'>All</a>
</p>
<table id='result_table'>
<colgroup>
<col align='left' />
<col align='right' />
<col align='right' />
<col align='right' />
<col align='right' />
<col align='right' />
<col align='right' />
<col align='right' />
</colgroup>
<tr id='header_row'>
    <td>Test Group/Test case</td>
    <td>Count</td>
    <td>Pass</td>
    <td>Fail</td>
    <td>Error</td>
    <td>Skip</td>
    <td>View</td>
    <td> </td>
</tr>

<tr class='failClass'>
    <td class="testname">tempest.scenario.test_network_advanced_server_ops.TestNetworkAdvancedServerOps</td>
    <td class="small">6</td>
    <td class="small">0</td>
    <td class="small">6</td>
    <td class="small">0</td>
    <td class="small">0</td>
    <td class="small"><a href="javascript:showClassDetail('c1',6)"
>Detail</a></td>
    <td> </td>
</tr>

<tr id='ft1.1' class='none'>
    <td class='failCase'><div class='testcase'>test_server_connectivity_pause_unpause[compute,id-2b2642db-6568-4b35-b812-eceed3fa20ce,network]</div></td>
    <td colspan='7' align='left'>

    <!--css div popup start-->
    <a class="popup_link" onfocus='this.blur();'
    href="javascript:showTestDetail('div_ft1.1')" >
        fail</a>

    <div id='div_ft1.1' class="popup_window">
        <div style='text-align: right; color:red;cursor:pointer'>
        <a onfocus='this.blur();'
onclick="document.getElementById('div_ft1.1').style.display = 'none' " >
           [x]</a>
        </div>
        <pre>
        
ft1.1: tempest.scenario.test_network_advanced_server_ops.TestNetworkAdvancedServerOps.test_server_connectivity_pause_unpause[compute,id-2b2642db-6568-4b35-b812-eceed3fa20ce,network]_StringException: Empty attachments:
  stderr
  stdout

pythonlogging:'': {{{
2015-12-21 10:03:08,219 21887 INFO     [tempest_lib.common.rest_client] Request (TestNetworkAdvancedServerOps:test_server_connectivity_pause_unpause): 200 POST http://10.0.2.15:8774/v2.1/80d7d197206f4cd58f15577850a3a234/os-keypairs 0.545s
2015-12-21 10:03:08,220 21887 DEBUG    [tempest_lib.common.rest_client] Request - Headers: {'Content-Type': 'application/json', 'Accept': 'application/json', 'X-Auth-Token': '&lt;omitted&gt;'}
        Body: {"keypair": {"name": "tempest-TestNetworkAdvancedServerOps-1819667715"}}
    Response - Headers: {'status': '200', 'content-length': '2330', 'x-compute-request-id': 'req-a8cadcb4-7864-4477-a4fe-0a354901e26c', 'vary': 'X-OpenStack-Nova-API-Version', 'connection': 'close', 'x-openstack-nova-api-version': '2.1', 'date': 'Mon, 21 Dec 2015 10:03:08 GMT', 'content-type': 'application/json'}
        Body: {"keypair": {"public_key": "ssh-rsa AAAAB3NzaC1yc2EAAAADAQABAAABAQD37QruYF+t9Fh8abcT7vcprdKt9v52dGwwhb8y4QtCC3QA9PZGeyc++Zt03M48Auvo+ma02JPCLAOGGOZmTYHOQ6zRSwD6gmA/W/xlXeyUUgbVkAEDm/OkM7JFnsTtMm/RZ09o7ng6OMhCDl/zYRCgo10N7rtK/ooavRlhJZIBGESfelUFuwyoI5MYn2998VEDNrn8+4VA0q2jb+n/Oq+qVHRbljhFKyyC2B/jVtKKO2K7jV4kXl3PzYd7vgcze+2jqYqnmu32ZHyVGmt7xGdf7LiX06znUle9m9tm8L4F31zOTMpOXkTJPmUaTwSiP999FeaAbA8shNw9puNfoxJX Generated-by-Nova", "private_key": "-----BEGIN RSA PRIVATE KEY-----\nMIIEqQIBAAKCAQEA9+0K7mBfrfRYfGm3E+73Ka3Srfb+dnRsMIW/MuELQgt0APT2\nRnsnPvmbdNzOPALr6PpmtNiTwiwDhhjmZk2BzkOs0UsA+oJgP1v8ZV3slFIG1ZAB\nA5vzpDOyRZ7E7TJv0WdPaO54OjjIQg5f82EQoKNdDe67Sv6KGr0ZYSWSARhEn3pV\nBbsMqCOTGJ9vffFRAza5/PuFQNKto2/p/zqvqlR0W5Y4RSssgtgf41bSijtiu41e\nJF5dz82He74HM3vto6mKp5rt9mR8lRpre8RnX+y4l9Os51JXvZvbZvC+Bd9czkzK\nTl5EyT5lGk8Eoj/ffRXmgGwPLITcPabjX6MSVwIDAQABAoIBAGdFmy8Of+xzAsTY\nOEWaXeRDnqWOZBKtjj9sBufHrCvXn3uijk9vjzqBOMsmCtYelWwXmd6s9GeGc/VQ\nu/BTSsXDlOIdbwvqcPMTewAybpCd1nDxKir5tDRqwFCVwQvY3ZEJip937ia6blht\nqnQzs3xmcCWUkvm7K4XVzROVVcsUIed4J/UdDl8LX5H1nCu3LURZ71uJQwBIfe5O\nvs50pbd6FHdKaMUm8wWBiXFiunjYS4wpdwqVS9Gkr3Q3GAovc/lGXuAczbp03L8T\nWWplzqu9Lg7o6hsr83GZeQIFM/FBYy09W9y+oyyYIdbCjyK/8zUQBAF005QnAbVK\nwM7SFxECggCBAPu/3TjzHm6ob8KDLKrDzrK29l+k05K9+I+We149dV1hbc9oXJnV\nYjaRCnID4gQGrL1bObSetqvXVy4+/m8fts3CtwB3+/M20sz9SsGzzXz3Ms9G4OQy\n7vao49w/RJ0W1BQZGuTV88ptufvuOBcALwU3BWSK0qGwAQIqj6vPy71/AoIAgQD8\nHKbzwXeNXxDhzEl6PzNZJGnOBb1WW+u8ZzfPhI8IXn177cmHCMFtyVMHlH1oRghh\n+/xrkEk/0TPqoQl8xrzOGVKQuiG0hrKUq6AOx9TFY/RTmfjl5+FX24jjHHk3w5XE\n0wLBCYyCmSdOPZzVG4/Hf+KHSnMhDKwCGHNLikzHKQKCAIEAxjd2Jo3+CyDiBiQk\nOjw79ijq6bmswGCFYgEZF8WKMEEzJdhE+PazAsXGlKkL/yGGRv2Z/OXubHT79rSw\nvqwY0f+a+Wp/XStwZOiWQNeiVt+ICP4EuoiD8IBgEJ1cF9fOmhh+PWlcL6mfg4Y4\ncZu6af+9ZkGLwLUExkDeqGfPQl8CggCAGksWsmdkA499oD8BDsnWnh5pFn6Mv5v4\nmv6c2Hy3uiS4q5siIH4uRjfv++NlrOFY8HcqXUGAEjLMWlUPOz8y47/KV6PB7iT6\nLP01RTVcIHYLPkjZp4imfNY9kYofrkwsq4liSSWozNoSOlu8ppEoTqMsyfVeynya\n1+Ea7S7wUPkCggCBAK5Sbh6U1X3Xese/HIWKTcv050rs2Uv7ntN/QwF8og9hHy2z\nIRD0WGg2kftOrSUUJSrceZgVEdSfpn04ss/g3M5f2RkoM0FQ8jNe2JGmKp31iisJ\nr9J7/RWq2i1KZmh5uN0Oh3J5haLrPBM1nmooO/zDL0j3aR0tAFH+iRXuW0UO\n-----END RSA PRIVATE KEY-----\n", "user_id": "5e34dbaa027044538469c2990f2e9bfe", "name": "tempest-TestNetworkAdvancedServerOps-1819667715", "fingerprint": "5b:74:eb:a9:fc:c0:86:3c:82:45:dd:65:8d:70:e1:a2"}}
2015-12-21 10:03:08,569 21887 INFO     [tempest_lib.common.rest_client] Request (TestNetworkAdvancedServerOps:test_server_connectivity_pause_unpause): 201 POST http://10.0.2.15:9696/v2.0/security-groups 0.345s
2015-12-21 10:03:08,569 21887 DEBUG    [tempest_lib.common.rest_client] Request - Headers: {'Content-Type': 'application/json', 'Accept': 'application/json', 'X-Auth-Token': '&lt;omitted&gt;'}
        Body: {"security_group": {"tenant_id": "80d7d197206f4cd58f15577850a3a234", "description": "tempest-secgroup-smoke-351133812 description", "name": "tempest-secgroup-smoke-351133812"}}
    Response - Headers: {'status': '201', 'content-length': '886', 'connection': 'close', 'date': 'Mon, 21 Dec 2015 10:03:08 GMT', 'content-type': 'application/json; charset=UTF-8', 'x-openstack-request-id': 'req-e8ac03f2-df10-408e-952c-65fba58af84f'}
        Body: {"security_group": {"tenant_id": "80d7d197206f4cd58f15577850a3a234", "description": "tempest-secgroup-smoke-351133812 description", "id": "05766206-939b-488e-9ef7-ae502084a081", "security_group_rules": [{"remote_group_id": null, "direction": "egress", "remote_ip_prefix": null, "protocol": null, "ethertype": "IPv4", "tenant_id": "80d7d197206f4cd58f15577850a3a234", "port_range_max": null, "port_range_min": null, "id": "5524e4ed-ef10-4347-b231-fa149835432f", "security_group_id": "05766206-939b-488e-9ef7-ae502084a081"}, {"remote_group_id": null, "direction": "egress", "remote_ip_prefix": null, "protocol": null, "ethertype": "IPv6", "tenant_id": "80d7d197206f4cd58f15577850a3a234", "port_range_max": null, "port_range_min": null, "id": "469e14d0-1805-4f67-ad0d-89ea178981f2", "security_group_id": "05766206-939b-488e-9ef7-ae502084a081"}], "name": "tempest-secgroup-smoke-351133812"}}
2015-12-21 10:03:08,707 21887 INFO     [tempest_lib.common.rest_client] Request (TestNetworkAdvancedServerOps:test_server_connectivity_pause_unpause): 201 POST http://10.0.2.15:9696/v2.0/security-group-rules 0.137s
2015-12-21 10:03:08,708 21887 DEBUG    [tempest_lib.common.rest_client] Request - Headers: {'Content-Type': 'application/json', 'Accept': 'application/json', 'X-Auth-Token': '&lt;omitted&gt;'}
        Body: {"security_group_rule": {"direction": "ingress", "protocol": "tcp", "tenant_id": "80d7d197206f4cd58f15577850a3a234", "port_range_max": 22, "security_group_id": "05766206-939b-488e-9ef7-ae502084a081", "port_range_min": 22}}
    Response - Headers: {'status': '201', 'content-length': '340', 'connection': 'close', 'date': 'Mon, 21 Dec 2015 10:03:08 GMT', 'content-type': 'application/json; charset=UTF-8', 'x-openstack-request-id': 'req-e4e42544-e26c-40ec-9ce6-59b04f90dadd'}
        Body: {"security_group_rule": {"remote_group_id": null, "direction": "ingress", "remote_ip_prefix": null, "protocol": "tcp", "ethertype": "IPv4", "tenant_id": "80d7d197206f4cd58f15577850a3a234", "port_range_max": 22, "port_range_min": 22, "id": "b5fbcff7-ab2f-46f7-8874-324f0a6f759a", "security_group_id": "05766206-939b-488e-9ef7-ae502084a081"}}
2015-12-21 10:03:08,968 21887 INFO     [tempest_lib.common.rest_client] Request (TestNetworkAdvancedServerOps:test_server_connectivity_pause_unpause): 201 POST http://10.0.2.15:9696/v2.0/security-group-rules 0.259s
2015-12-21 10:03:08,968 21887 DEBUG    [tempest_lib.common.rest_client] Request - Headers: {'Content-Type': 'application/json', 'Accept': 'application/json', 'X-Auth-Token': '&lt;omitted&gt;'}
        Body: {"security_group_rule": {"direction": "egress", "protocol": "tcp", "tenant_id": "80d7d197206f4cd58f15577850a3a234", "port_range_max": 22, "security_group_id": "05766206-939b-488e-9ef7-ae502084a081", "port_range_min": 22}}
    Response - Headers: {'status': '201', 'content-length': '339', 'connection': 'close', 'date': 'Mon, 21 Dec 2015 10:03:08 GMT', 'content-type': 'application/json; charset=UTF-8', 'x-openstack-request-id': 'req-3e1015e3-1d35-48ab-a279-317102c092b7'}
        Body: {"security_group_rule": {"remote_group_id": null, "direction": "egress", "remote_ip_prefix": null, "protocol": "tcp", "ethertype": "IPv4", "tenant_id": "80d7d197206f4cd58f15577850a3a234", "port_range_max": 22, "port_range_min": 22, "id": "afda1b4d-d128-4225-8619-e071bc5bceb3", "security_group_id": "05766206-939b-488e-9ef7-ae502084a081"}}
2015-12-21 10:03:09,114 21887 INFO     [tempest_lib.common.rest_client] Request (TestNetworkAdvancedServerOps:test_server_connectivity_pause_unpause): 201 POST http://10.0.2.15:9696/v2.0/security-group-rules 0.144s
2015-12-21 10:03:09,115 21887 DEBUG    [tempest_lib.common.rest_client] Request - Headers: {'Content-Type': 'application/json', 'Accept': 'application/json', 'X-Auth-Token': '&lt;omitted&gt;'}
        Body: {"security_group_rule": {"tenant_id": "80d7d197206f4cd58f15577850a3a234", "direction": "ingress", "protocol": "icmp", "security_group_id": "05766206-939b-488e-9ef7-ae502084a081"}}
    Response - Headers: {'status': '201', 'content-length': '345', 'connection': 'close', 'date': 'Mon, 21 Dec 2015 10:03:09 GMT', 'content-type': 'application/json; charset=UTF-8', 'x-openstack-request-id': 'req-155deb54-3b8e-493d-a407-fb251497aa93'}
        Body: {"security_group_rule": {"remote_group_id": null, "direction": "ingress", "remote_ip_prefix": null, "protocol": "icmp", "ethertype": "IPv4", "tenant_id": "80d7d197206f4cd58f15577850a3a234", "port_range_max": null, "port_range_min": null, "id": "669685a6-89e9-4494-bb9f-8041652945e9", "security_group_id": "05766206-939b-488e-9ef7-ae502084a081"}}
2015-12-21 10:03:09,250 21887 INFO     [tempest_lib.common.rest_client] Request (TestNetworkAdvancedServerOps:test_server_connectivity_pause_unpause): 201 POST http://10.0.2.15:9696/v2.0/security-group-rules 0.134s
2015-12-21 10:03:09,251 21887 DEBUG    [tempest_lib.common.rest_client] Request - Headers: {'Content-Type': 'application/json', 'Accept': 'application/json', 'X-Auth-Token': '&lt;omitted&gt;'}
        Body: {"security_group_rule": {"tenant_id": "80d7d197206f4cd58f15577850a3a234", "direction": "egress", "protocol": "icmp", "security_group_id": "05766206-939b-488e-9ef7-ae502084a081"}}
    Response - Headers: {'status': '201', 'content-length': '344', 'connection': 'close', 'date': 'Mon, 21 Dec 2015 10:03:09 GMT', 'content-type': 'application/json; charset=UTF-8', 'x-openstack-request-id': 'req-660e4c17-0576-4cb8-94c3-df3d13dca37f'}
        Body: {"security_group_rule": {"remote_group_id": null, "direction": "egress", "remote_ip_prefix": null, "protocol": "icmp", "ethertype": "IPv4", "tenant_id": "80d7d197206f4cd58f15577850a3a234", "port_range_max": null, "port_range_min": null, "id": "577d2720-bdb3-4462-871a-115ea3dc87a7", "security_group_id": "05766206-939b-488e-9ef7-ae502084a081"}}
2015-12-21 10:03:09,395 21887 INFO     [tempest_lib.common.rest_client] Request (TestNetworkAdvancedServerOps:test_server_connectivity_pause_unpause): 201 POST http://10.0.2.15:9696/v2.0/security-group-rules 0.142s
2015-12-21 10:03:09,395 21887 DEBUG    [tempest_lib.common.rest_client] Request - Headers: {'Content-Type': 'application/json', 'Accept': 'application/json', 'X-Auth-Token': '&lt;omitted&gt;'}
        Body: {"security_group_rule": {"tenant_id": "80d7d197206f4cd58f15577850a3a234", "direction": "ingress", "security_group_id": "05766206-939b-488e-9ef7-ae502084a081", "protocol": "icmp", "ethertype": "IPv6"}}
    Response - Headers: {'status': '201', 'content-length': '345', 'connection': 'close', 'date': 'Mon, 21 Dec 2015 10:03:09 GMT', 'content-type': 'application/json; charset=UTF-8', 'x-openstack-request-id': 'req-28ace64d-8070-4f8f-bd8b-d6a69327507f'}
        Body: {"security_group_rule": {"remote_group_id": null, "direction": "ingress", "remote_ip_prefix": null, "protocol": "icmp", "ethertype": "IPv6", "tenant_id": "80d7d197206f4cd58f15577850a3a234", "port_range_max": null, "port_range_min": null, "id": "89f07c7e-0c15-4d3d-ac46-3ad9fbbf81d6", "security_group_id": "05766206-939b-488e-9ef7-ae502084a081"}}
2015-12-21 10:03:09,502 21887 INFO     [tempest_lib.common.rest_client] Request (TestNetworkAdvancedServerOps:test_server_connectivity_pause_unpause): 201 POST http://10.0.2.15:9696/v2.0/security-group-rules 0.106s
2015-12-21 10:03:09,503 21887 DEBUG    [tempest_lib.common.rest_client] Request - Headers: {'Content-Type': 'application/json', 'Accept': 'application/json', 'X-Auth-Token': '&lt;omitted&gt;'}
        Body: {"security_group_rule": {"tenant_id": "80d7d197206f4cd58f15577850a3a234", "direction": "egress", "security_group_id": "05766206-939b-488e-9ef7-ae502084a081", "protocol": "icmp", "ethertype": "IPv6"}}
    Response - Headers: {'status': '201', 'content-length': '344', 'connection': 'close', 'date': 'Mon, 21 Dec 2015 10:03:09 GMT', 'content-type': 'application/json; charset=UTF-8', 'x-openstack-request-id': 'req-ae54f4e6-e63d-4a1c-995f-a5281e376cb1'}
        Body: {"security_group_rule": {"remote_group_id": null, "direction": "egress", "remote_ip_prefix": null, "protocol": "icmp", "ethertype": "IPv6", "tenant_id": "80d7d197206f4cd58f15577850a3a234", "port_range_max": null, "port_range_min": null, "id": "264442d5-575b-4874-abec-1a4a07fcbb14", "security_group_id": "05766206-939b-488e-9ef7-ae502084a081"}}
2015-12-21 10:03:09,696 21887 INFO     [tempest_lib.common.rest_client] Request (TestNetworkAdvancedServerOps:test_server_connectivity_pause_unpause): 201 POST http://10.0.2.15:9696/v2.0/networks 0.191s
2015-12-21 10:03:09,696 21887 DEBUG    [tempest_lib.common.rest_client] Request - Headers: {'Content-Type': 'application/json', 'Accept': 'application/json', 'X-Auth-Token': '&lt;omitted&gt;'}
        Body: {"network": {"tenant_id": "80d7d197206f4cd58f15577850a3a234", "name": "tempest-network-smoke--1154805255"}}
    Response - Headers: {'status': '201', 'content-length': '329', 'connection': 'close', 'date': 'Mon, 21 Dec 2015 10:03:09 GMT', 'content-type': 'application/json; charset=UTF-8', 'x-openstack-request-id': 'req-f65b6c27-ffce-449d-8a0a-38ccb9bfa2d5'}
        Body: {"network": {"status": "ACTIVE", "subnets": [], "availability_zone_hints": "[]", "name": "tempest-network-smoke--1154805255", "admin_state_up": true, "tenant_id": "80d7d197206f4cd58f15577850a3a234", "mtu": 0, "router:external": false, "shared": false, "port_security_enabled": true, "id": "ba34c0e0-797d-4d63-a37a-3ba45feef1f8"}}
2015-12-21 10:03:09,785 21887 INFO     [tempest_lib.common.rest_client] Request (TestNetworkAdvancedServerOps:test_server_connectivity_pause_unpause): 201 POST http://10.0.2.15:9696/v2.0/routers 0.086s
2015-12-21 10:03:09,787 21887 DEBUG    [tempest_lib.common.rest_client] Request - Headers: {'Content-Type': 'application/json', 'Accept': 'application/json', 'X-Auth-Token': '&lt;omitted&gt;'}
        Body: {"router": {"tenant_id": "80d7d197206f4cd58f15577850a3a234", "name": "tempest-router-smoke-2109886766", "admin_state_up": true}}
    Response - Headers: {'status': '201', 'content-length': '296', 'connection': 'close', 'date': 'Mon, 21 Dec 2015 10:03:09 GMT', 'content-type': 'application/json; charset=UTF-8', 'x-openstack-request-id': 'req-b546c757-61cd-4d26-82ba-c94f71eb1a13'}
        Body: {"router": {"status": "ACTIVE", "external_gateway_info": null, "availability_zone_hints": [], "availability_zones": [], "name": "tempest-router-smoke-2109886766", "admin_state_up": true, "tenant_id": "80d7d197206f4cd58f15577850a3a234", "routes": [], "id": "6ded8e79-ce5e-4336-ae21-e23fc0568ae2"}}
2015-12-21 10:03:09,926 21887 INFO     [tempest_lib.common.rest_client] Request (TestNetworkAdvancedServerOps:test_server_connectivity_pause_unpause): 200 GET http://10.0.2.15:9696/v2.0/routers/6ded8e79-ce5e-4336-ae21-e23fc0568ae2 0.138s
2015-12-21 10:03:09,926 21887 DEBUG    [tempest_lib.common.rest_client] Request - Headers: {'Content-Type': 'application/json', 'Accept': 'application/json', 'X-Auth-Token': '&lt;omitted&gt;'}
        Body: None
    Response - Headers: {'status': '200', 'content-length': '296', 'content-location': 'http://10.0.2.15:9696/v2.0/routers/6ded8e79-ce5e-4336-ae21-e23fc0568ae2', 'connection': 'close', 'date': 'Mon, 21 Dec 2015 10:03:09 GMT', 'content-type': 'application/json; charset=UTF-8', 'x-openstack-request-id': 'req-c84738db-4637-4313-b329-aed6e99763da'}
        Body: {"router": {"status": "ACTIVE", "external_gateway_info": null, "availability_zone_hints": [], "availability_zones": [], "name": "tempest-router-smoke-2109886766", "admin_state_up": true, "tenant_id": "80d7d197206f4cd58f15577850a3a234", "routes": [], "id": "6ded8e79-ce5e-4336-ae21-e23fc0568ae2"}}
2015-12-21 10:03:10,601 21887 INFO     [tempest_lib.common.rest_client] Request (TestNetworkAdvancedServerOps:test_server_connectivity_pause_unpause): 200 PUT http://10.0.2.15:9696/v2.0/routers/6ded8e79-ce5e-4336-ae21-e23fc0568ae2 0.673s
2015-12-21 10:03:10,601 21887 DEBUG    [tempest_lib.common.rest_client] Request - Headers: {'Content-Type': 'application/json', 'Accept': 'application/json', 'X-Auth-Token': '&lt;omitted&gt;'}
        Body: {"router": {"external_gateway_info": {"network_id": "29826b4f-d4c8-4d3b-a0aa-7687c2408b54"}, "name": "tempest-router-smoke-2109886766", "admin_state_up": true}}
    Response - Headers: {'status': '200', 'content-length': '558', 'connection': 'close', 'date': 'Mon, 21 Dec 2015 10:03:10 GMT', 'content-type': 'application/json; charset=UTF-8', 'x-openstack-request-id': 'req-7d44fb0b-fefd-47c3-91da-d98f00aced7c'}
        Body: {"router": {"status": "ACTIVE", "external_gateway_info": {"network_id": "29826b4f-d4c8-4d3b-a0aa-7687c2408b54", "enable_snat": true, "external_fixed_ips": [{"subnet_id": "68317e34-f3dc-454e-8ba6-a4eda58ef534", "ip_address": "172.24.4.3"}, {"subnet_id": "fe70f646-865e-4687-ab6c-30fed771237f", "ip_address": "2001:db8::4"}]}, "availability_zone_hints": [], "availability_zones": [], "name": "tempest-router-smoke-2109886766", "admin_state_up": true, "tenant_id": "80d7d197206f4cd58f15577850a3a234", "routes": [], "id": "6ded8e79-ce5e-4336-ae21-e23fc0568ae2"}}
2015-12-21 10:03:10,746 21887 INFO     [tempest_lib.common.rest_client] Request (TestNetworkAdvancedServerOps:test_server_connectivity_pause_unpause): 200 GET http://10.0.2.15:9696/v2.0/subnets?tenant_id=80d7d197206f4cd58f15577850a3a234&amp;cidr=10.100.0.0%2F28 0.144s
2015-12-21 10:03:10,746 21887 DEBUG    [tempest_lib.common.rest_client] Request - Headers: {'Content-Type': 'application/json', 'Accept': 'application/json', 'X-Auth-Token': '&lt;omitted&gt;'}
        Body: None
    Response - Headers: {'status': '200', 'content-length': '15', 'content-location': 'http://10.0.2.15:9696/v2.0/subnets?tenant_id=80d7d197206f4cd58f15577850a3a234&amp;cidr=10.100.0.0%2F28', 'connection': 'close', 'date': 'Mon, 21 Dec 2015 10:03:10 GMT', 'content-type': 'application/json; charset=UTF-8', 'x-openstack-request-id': 'req-73a1c2fa-3bac-400c-bb79-a56c477076a7'}
        Body: {"subnets": []}
2015-12-21 10:03:11,059 21887 INFO     [tempest_lib.common.rest_client] Request (TestNetworkAdvancedServerOps:test_server_connectivity_pause_unpause): 201 POST http://10.0.2.15:9696/v2.0/subnets 0.312s
2015-12-21 10:03:11,060 21887 DEBUG    [tempest_lib.common.rest_client] Request - Headers: {'Content-Type': 'application/json', 'Accept': 'application/json', 'X-Auth-Token': '&lt;omitted&gt;'}
        Body: {"subnet": {"ip_version": 4, "tenant_id": "80d7d197206f4cd58f15577850a3a234", "cidr": "10.100.0.0/28", "network_id": "ba34c0e0-797d-4d63-a37a-3ba45feef1f8", "name": "tempest-subnet-smoke-453653754"}}
    Response - Headers: {'status': '201', 'content-length': '477', 'connection': 'close', 'date': 'Mon, 21 Dec 2015 10:03:11 GMT', 'content-type': 'application/json; charset=UTF-8', 'x-openstack-request-id': 'req-886fa220-85b8-4ae3-9b84-648e6e8d68cb'}
        Body: {"subnet": {"name": "tempest-subnet-smoke-453653754", "enable_dhcp": true, "network_id": "ba34c0e0-797d-4d63-a37a-3ba45feef1f8", "tenant_id": "80d7d197206f4cd58f15577850a3a234", "dns_nameservers": [], "gateway_ip": "10.100.0.1", "ipv6_ra_mode": null, "allocation_pools": [{"start": "10.100.0.2", "end": "10.100.0.14"}], "host_routes": [], "ip_version": 4, "ipv6_address_mode": null, "cidr": "10.100.0.0/28", "id": "eb705629-fa7c-45cc-9b20-62cd872348ab", "subnetpool_id": null}}
2015-12-21 10:03:11,693 21887 INFO     [tempest_lib.common.rest_client] Request (TestNetworkAdvancedServerOps:test_server_connectivity_pause_unpause): 200 PUT http://10.0.2.15:9696/v2.0/routers/6ded8e79-ce5e-4336-ae21-e23fc0568ae2/add_router_interface 0.632s
2015-12-21 10:03:11,693 21887 DEBUG    [tempest_lib.common.rest_client] Request - Headers: {'Content-Type': 'application/json', 'Accept': 'application/json', 'X-Auth-Token': '&lt;omitted&gt;'}
        Body: {"subnet_id": "eb705629-fa7c-45cc-9b20-62cd872348ab"}
    Response - Headers: {'status': '200', 'content-length': '255', 'connection': 'close', 'date': 'Mon, 21 Dec 2015 10:03:11 GMT', 'content-type': 'application/json; charset=UTF-8', 'x-openstack-request-id': 'req-b5c2730c-ca42-49bb-8e27-cd1dc1181c4d'}
        Body: {"subnet_id": "eb705629-fa7c-45cc-9b20-62cd872348ab", "tenant_id": "80d7d197206f4cd58f15577850a3a234", "subnet_ids": ["eb705629-fa7c-45cc-9b20-62cd872348ab"], "port_id": "792c5dd0-8a3f-42dc-a399-765f5defc85e", "id": "6ded8e79-ce5e-4336-ae21-e23fc0568ae2"}
2015-12-21 10:03:11,795 21887 INFO     [tempest_lib.common.rest_client] Request (TestNetworkAdvancedServerOps:test_server_connectivity_pause_unpause): 200 POST http://10.0.2.15:5000/v2.0/tokens
2015-12-21 10:03:11,796 21887 DEBUG    [tempest_lib.common.rest_client] Request - Headers: {'Content-Type': 'application/json', 'Accept': 'application/json'}
        Body: &lt;omitted&gt;
    Response - Headers: {'status': '200', 'content-length': '2564', 'vary': 'X-Auth-Token', 'server': 'Apache/2.4.7 (Ubuntu)', 'connection': 'close', 'date': 'Mon, 21 Dec 2015 10:03:11 GMT', 'content-type': 'application/json', 'x-openstack-request-id': 'req-3d6366eb-ce2a-48f5-b763-a1b6cd1057f5'}
        Body: {"access": {"token": {"issued_at": "2015-12-21T10:03:11.782644", "expires": "2015-12-21T11:03:11Z", "id": "a05cf81a6f4b4a16881d5e3a2d52a7b9", "tenant": {"description": "tempest-TestNetworkAdvancedServerOps-943471949-desc", "enabled": true, "id": "80d7d197206f4cd58f15577850a3a234", "name": "tempest-TestNetworkAdvancedServerOps-943471949"}, "audit_ids": ["aFz4LHNDSUuwm8tTW_qYNQ"]}, "serviceCatalog": [{"endpoints": [{"adminURL": "http://10.0.2.15:8774/v2.1/80d7d197206f4cd58f15577850a3a234", "region": "RegionOne", "internalURL": "http://10.0.2.15:8774/v2.1/80d7d197206f4cd58f15577850a3a234", "id": "497a3ab4fb974f20ab98904788413309", "publicURL": "http://10.0.2.15:8774/v2.1/80d7d197206f4cd58f15577850a3a234"}], "endpoints_links": [], "type": "compute", "name": "nova"}, {"endpoints": [{"adminURL": "http://10.0.2.15:9696/", "region": "RegionOne", "internalURL": "http://10.0.2.15:9696/", "id": "2e92d7c05eee40aba01f848a84c64c8a", "publicURL": "http://10.0.2.15:9696/"}], "endpoints_links": [], "type": "network", "name": "neutron"}, {"endpoints": [{"adminURL": "http://10.0.2.15:9292", "region": "RegionOne", "internalURL": "http://10.0.2.15:9292", "id": "2cd9265ca16e4957aa971e6b4dc48322", "publicURL": "http://10.0.2.15:9292"}], "endpoints_links": [], "type": "image", "name": "glance"}, {"endpoints": [{"adminURL": "http://10.0.2.15:8774/v2/80d7d197206f4cd58f15577850a3a234", "region": "RegionOne", "internalURL": "http://10.0.2.15:8774/v2/80d7d197206f4cd58f15577850a3a234", "id": "0eb24a17c35a489098e8aed123dd1ccd", "publicURL": "http://10.0.2.15:8774/v2/80d7d197206f4cd58f15577850a3a234"}], "endpoints_links": [], "type": "compute_legacy", "name": "nova_legacy"}, {"endpoints": [{"adminURL": "http://10.0.2.15:8773/", "region": "RegionOne", "internalURL": "http://10.0.2.15:8773/", "id": "4eaa3e29074e48489e3613c48c0c9bb6", "publicURL": "http://10.0.2.15:8773/"}], "endpoints_links": [], "type": "ec2", "name": "ec2"}, {"endpoints": [{"adminURL": "http://10.0.2.15:35357/v2.0", "region": "RegionOne", "internalURL": "http://10.0.2.15:5000/v2.0", "id": "21cea0d6dd8447f7831e816c2ea42b8a", "publicURL": "http://10.0.2.15:5000/v2.0"}], "endpoints_links": [], "type": "identity", "name": "keystone"}], "user": {"username": "tempest-TestNetworkAdvancedServerOps-1565797916", "roles_links": [], "id": "5e34dbaa027044538469c2990f2e9bfe", "roles": [{"name": "_member_"}, {"name": "Member"}], "name": "tempest-TestNetworkAdvancedServerOps-1565797916"}, "metadata": {"is_admin": 0, "roles": ["9fe2ff9ee4384b1894a90878d3e92bab", "f07503a2babc4d179e2c04021ac5eec5"]}}}
2015-12-21 10:03:11,803 21887 DEBUG    [tempest.common.fixed_network] (TestNetworkAdvancedServerOps:test_server_connectivity_pause_unpause) No valid network provided or created, defaulting to fixed_network_name
2015-12-21 10:03:12,156 21887 INFO     [tempest_lib.common.rest_client] Request (TestNetworkAdvancedServerOps:test_server_connectivity_pause_unpause): 200 GET http://10.0.2.15:8774/v2.1/80d7d197206f4cd58f15577850a3a234/os-networks 0.352s
2015-12-21 10:03:12,156 21887 DEBUG    [tempest_lib.common.rest_client] Request - Headers: {'Content-Type': 'application/json', 'Accept': 'application/json', 'X-Auth-Token': '&lt;omitted&gt;'}
        Body: None
    Response - Headers: {'status': '200', 'content-length': '479', 'content-location': 'http://10.0.2.15:8774/v2.1/80d7d197206f4cd58f15577850a3a234/os-networks', 'x-compute-request-id': 'req-bc456be6-91cb-4110-b29f-f2514dc07d7e', 'vary': 'X-OpenStack-Nova-API-Version', 'connection': 'close', 'x-openstack-nova-api-version': '2.1', 'date': 'Mon, 21 Dec 2015 10:03:12 GMT', 'content-type': 'application/json'}
        Body: {"networks": [{"cidr_v6": null, "dns2": null, "dns1": null, "gateway": null, "broadcast": null, "netmask": null, "gateway_v6": null, "cidr": null, "label": "public", "id": "29826b4f-d4c8-4d3b-a0aa-7687c2408b54", "netmask_v6": null}, {"cidr_v6": null, "dns2": null, "dns1": null, "gateway": null, "broadcast": null, "netmask": null, "gateway_v6": null, "cidr": null, "label": "tempest-network-smoke--1154805255", "id": "ba34c0e0-797d-4d63-a37a-3ba45feef1f8", "netmask_v6": null}]}
2015-12-21 10:03:12,157 21887 WARNING  [tempest.common.fixed_network] (TestNetworkAdvancedServerOps:test_server_connectivity_pause_unpause) Network with name: private not found
2015-12-21 10:03:12,157 21887 INFO     [tempest.common.fixed_network] (TestNetworkAdvancedServerOps:test_server_connectivity_pause_unpause) Found network {} available for tenant
2015-12-21 10:03:13,585 21887 INFO     [tempest_lib.common.rest_client] Request (TestNetworkAdvancedServerOps:test_server_connectivity_pause_unpause): 202 POST http://10.0.2.15:8774/v2.1/80d7d197206f4cd58f15577850a3a234/servers 1.426s
2015-12-21 10:03:13,585 21887 DEBUG    [tempest_lib.common.rest_client] Request - Headers: {'Content-Type': 'application/json', 'Accept': 'application/json', 'X-Auth-Token': '&lt;omitted&gt;'}
        Body: {"server": {"name": "tempest.common.compute-instance-1980269698", "imageRef": "9d8ab60d-6639-4ff0-a5a9-acaf96029dad", "key_name": "tempest-TestNetworkAdvancedServerOps-1819667715", "flavorRef": "42", "networks": [{"uuid": "ba34c0e0-797d-4d63-a37a-3ba45feef1f8"}], "security_groups": [{"name": "tempest-secgroup-smoke-351133812"}]}}
    Response - Headers: {'status': '202', 'content-length': '461', 'x-compute-request-id': 'req-6249fe23-e6e6-472b-9627-e859cdc0fe71', 'vary': 'X-OpenStack-Nova-API-Version', 'connection': 'close', 'location': 'http://10.0.2.15:8774/v2.1/80d7d197206f4cd58f15577850a3a234/servers/444d9ae2-1a52-477e-a042-ad97a66cd458', 'x-openstack-nova-api-version': '2.1', 'date': 'Mon, 21 Dec 2015 10:03:13 GMT', 'content-type': 'application/json'}
        Body: {"server": {"security_groups": [{"name": "tempest-secgroup-smoke-351133812"}], "OS-DCF:diskConfig": "MANUAL", "id": "444d9ae2-1a52-477e-a042-ad97a66cd458", "links": [{"href": "http://10.0.2.15:8774/v2.1/80d7d197206f4cd58f15577850a3a234/servers/444d9ae2-1a52-477e-a042-ad97a66cd458", "rel": "self"}, {"href": "http://10.0.2.15:8774/80d7d197206f4cd58f15577850a3a234/servers/444d9ae2-1a52-477e-a042-ad97a66cd458", "rel": "bookmark"}], "adminPass": "ex4nhMqk6R9v"}}
2015-12-21 10:03:13,716 21887 INFO     [tempest_lib.common.rest_client] Request (TestNetworkAdvancedServerOps:test_server_connectivity_pause_unpause): 200 GET http://10.0.2.15:8774/v2.1/80d7d197206f4cd58f15577850a3a234/servers/444d9ae2-1a52-477e-a042-ad97a66cd458 0.127s
2015-12-21 10:03:13,716 21887 DEBUG    [tempest_lib.common.rest_client] Request - Headers: {'Content-Type': 'application/json', 'Accept': 'application/json', 'X-Auth-Token': '&lt;omitted&gt;'}
        Body: None
    Response - Headers: {'status': '200', 'content-length': '1365', 'content-location': 'http://10.0.2.15:8774/v2.1/80d7d197206f4cd58f15577850a3a234/servers/444d9ae2-1a52-477e-a042-ad97a66cd458', 'x-compute-request-id': 'req-a0788581-72e0-4a3a-b28c-348ff3c102d6', 'vary': 'X-OpenStack-Nova-API-Version', 'connection': 'close', 'x-openstack-nova-api-version': '2.1', 'date': 'Mon, 21 Dec 2015 10:03:13 GMT', 'content-type': 'application/json'}
        Body: {"server": {"status": "BUILD", "updated": "2015-12-21T10:03:13Z", "hostId": "", "addresses": {}, "links": [{"href": "http://10.0.2.15:8774/v2.1/80d7d197206f4cd58f15577850a3a234/servers/444d9ae2-1a52-477e-a042-ad97a66cd458", "rel": "self"}, {"href": "http://10.0.2.15:8774/80d7d197206f4cd58f15577850a3a234/servers/444d9ae2-1a52-477e-a042-ad97a66cd458", "rel": "bookmark"}], "key_name": "tempest-TestNetworkAdvancedServerOps-1819667715", "image": {"id": "9d8ab60d-6639-4ff0-a5a9-acaf96029dad", "links": [{"href": "http://10.0.2.15:8774/80d7d197206f4cd58f15577850a3a234/images/9d8ab60d-6639-4ff0-a5a9-acaf96029dad", "rel": "bookmark"}]}, "OS-EXT-STS:task_state": "scheduling", "OS-EXT-STS:vm_state": "building", "OS-SRV-USG:launched_at": null, "flavor": {"id": "42", "links": [{"href": "http://10.0.2.15:8774/80d7d197206f4cd58f15577850a3a234/flavors/42", "rel": "bookmark"}]}, "id": "444d9ae2-1a52-477e-a042-ad97a66cd458", "OS-SRV-USG:terminated_at": null, "OS-EXT-AZ:availability_zone": "", "user_id": "5e34dbaa027044538469c2990f2e9bfe", "name": "tempest.common.compute-instance-1980269698", "created": "2015-12-21T10:03:13Z", "tenant_id": "80d7d197206f4cd58f15577850a3a234", "OS-DCF:diskConfig": "MANUAL", "os-extended-volumes:volumes_attached": [], "accessIPv4": "", "accessIPv6": "", "progress": 0, "OS-EXT-STS:power_state": 0, "config_drive": "", "metadata": {}}}
2015-12-21 10:03:15,055 21887 INFO     [tempest_lib.common.rest_client] Request (TestNetworkAdvancedServerOps:test_server_connectivity_pause_unpause): 200 GET http://10.0.2.15:8774/v2.1/80d7d197206f4cd58f15577850a3a234/servers/444d9ae2-1a52-477e-a042-ad97a66cd458 0.330s
2015-12-21 10:03:15,056 21887 DEBUG    [tempest_lib.common.rest_client] Request - Headers: {'Content-Type': 'application/json', 'Accept': 'application/json', 'X-Auth-Token': '&lt;omitted&gt;'}
        Body: None
    Response - Headers: {'status': '200', 'content-length': '1490', 'content-location': 'http://10.0.2.15:8774/v2.1/80d7d197206f4cd58f15577850a3a234/servers/444d9ae2-1a52-477e-a042-ad97a66cd458', 'x-compute-request-id': 'req-f28df9a9-ea8a-418b-8106-2726d13666b2', 'vary': 'X-OpenStack-Nova-API-Version', 'connection': 'close', 'x-openstack-nova-api-version': '2.1', 'date': 'Mon, 21 Dec 2015 10:03:15 GMT', 'content-type': 'application/json'}
        Body: {"server": {"status": "BUILD", "updated": "2015-12-21T10:03:14Z", "hostId": "18c01002b59d7f08bf76efc147bb9435a39948cb46700f33d56ebd71", "addresses": {}, "links": [{"href": "http://10.0.2.15:8774/v2.1/80d7d197206f4cd58f15577850a3a234/servers/444d9ae2-1a52-477e-a042-ad97a66cd458", "rel": "self"}, {"href": "http://10.0.2.15:8774/80d7d197206f4cd58f15577850a3a234/servers/444d9ae2-1a52-477e-a042-ad97a66cd458", "rel": "bookmark"}], "key_name": "tempest-TestNetworkAdvancedServerOps-1819667715", "image": {"id": "9d8ab60d-6639-4ff0-a5a9-acaf96029dad", "links": [{"href": "http://10.0.2.15:8774/80d7d197206f4cd58f15577850a3a234/images/9d8ab60d-6639-4ff0-a5a9-acaf96029dad", "rel": "bookmark"}]}, "OS-EXT-STS:task_state": "spawning", "OS-EXT-STS:vm_state": "building", "OS-SRV-USG:launched_at": null, "flavor": {"id": "42", "links": [{"href": "http://10.0.2.15:8774/80d7d197206f4cd58f15577850a3a234/flavors/42", "rel": "bookmark"}]}, "id": "444d9ae2-1a52-477e-a042-ad97a66cd458", "security_groups": [{"name": "tempest-secgroup-smoke-351133812"}], "OS-SRV-USG:terminated_at": null, "OS-EXT-AZ:availability_zone": "nova", "user_id": "5e34dbaa027044538469c2990f2e9bfe", "name": "tempest.common.compute-instance-1980269698", "created": "2015-12-21T10:03:13Z", "tenant_id": "80d7d197206f4cd58f15577850a3a234", "OS-DCF:diskConfig": "MANUAL", "os-extended-volumes:volumes_attached": [], "accessIPv4": "", "accessIPv6": "", "progress": 0, "OS-EXT-STS:power_state": 0, "config_drive": "", "metadata": {}}}
2015-12-21 10:03:15,064 21887 INFO     [tempest.common.waiters] State transition "BUILD/scheduling" ==&gt; "BUILD/spawning" after 2 second wait
2015-12-21 10:03:16,387 21887 INFO     [tempest_lib.common.rest_client] Request (TestNetworkAdvancedServerOps:test_server_connectivity_pause_unpause): 200 GET http://10.0.2.15:8774/v2.1/80d7d197206f4cd58f15577850a3a234/servers/444d9ae2-1a52-477e-a042-ad97a66cd458 0.321s
2015-12-21 10:03:16,388 21887 DEBUG    [tempest_lib.common.rest_client] Request - Headers: {'Content-Type': 'application/json', 'Accept': 'application/json', 'X-Auth-Token': '&lt;omitted&gt;'}
        Body: None
    Response - Headers: {'status': '200', 'content-length': '1490', 'content-location': 'http://10.0.2.15:8774/v2.1/80d7d197206f4cd58f15577850a3a234/servers/444d9ae2-1a52-477e-a042-ad97a66cd458', 'x-compute-request-id': 'req-a5e0fc76-d558-4565-9dc4-59a24b544e3a', 'vary': 'X-OpenStack-Nova-API-Version', 'connection': 'close', 'x-openstack-nova-api-version': '2.1', 'date': 'Mon, 21 Dec 2015 10:03:16 GMT', 'content-type': 'application/json'}
        Body: {"server": {"status": "BUILD", "updated": "2015-12-21T10:03:14Z", "hostId": "18c01002b59d7f08bf76efc147bb9435a39948cb46700f33d56ebd71", "addresses": {}, "links": [{"href": "http://10.0.2.15:8774/v2.1/80d7d197206f4cd58f15577850a3a234/servers/444d9ae2-1a52-477e-a042-ad97a66cd458", "rel": "self"}, {"href": "http://10.0.2.15:8774/80d7d197206f4cd58f15577850a3a234/servers/444d9ae2-1a52-477e-a042-ad97a66cd458", "rel": "bookmark"}], "key_name": "tempest-TestNetworkAdvancedServerOps-1819667715", "image": {"id": "9d8ab60d-6639-4ff0-a5a9-acaf96029dad", "links": [{"href": "http://10.0.2.15:8774/80d7d197206f4cd58f15577850a3a234/images/9d8ab60d-6639-4ff0-a5a9-acaf96029dad", "rel": "bookmark"}]}, "OS-EXT-STS:task_state": "spawning", "OS-EXT-STS:vm_state": "building", "OS-SRV-USG:launched_at": null, "flavor": {"id": "42", "links": [{"href": "http://10.0.2.15:8774/80d7d197206f4cd58f15577850a3a234/flavors/42", "rel": "bookmark"}]}, "id": "444d9ae2-1a52-477e-a042-ad97a66cd458", "security_groups": [{"name": "tempest-secgroup-smoke-351133812"}], "OS-SRV-USG:terminated_at": null, "OS-EXT-AZ:availability_zone": "nova", "user_id": "5e34dbaa027044538469c2990f2e9bfe", "name": "tempest.common.compute-instance-1980269698", "created": "2015-12-21T10:03:13Z", "tenant_id": "80d7d197206f4cd58f15577850a3a234", "OS-DCF:diskConfig": "MANUAL", "os-extended-volumes:volumes_attached": [], "accessIPv4": "", "accessIPv6": "", "progress": 0, "OS-EXT-STS:power_state": 0, "config_drive": "", "metadata": {}}}
2015-12-21 10:03:17,685 21887 INFO     [tempest_lib.common.rest_client] Request (TestNetworkAdvancedServerOps:test_server_connectivity_pause_unpause): 200 GET http://10.0.2.15:8774/v2.1/80d7d197206f4cd58f15577850a3a234/servers/444d9ae2-1a52-477e-a042-ad97a66cd458 0.286s
2015-12-21 10:03:17,685 21887 DEBUG    [tempest_lib.common.rest_client] Request - Headers: {'Content-Type': 'application/json', 'Accept': 'application/json', 'X-Auth-Token': '&lt;omitted&gt;'}
        Body: None
    Response - Headers: {'status': '200', 'content-length': '1662', 'content-location': 'http://10.0.2.15:8774/v2.1/80d7d197206f4cd58f15577850a3a234/servers/444d9ae2-1a52-477e-a042-ad97a66cd458', 'x-compute-request-id': 'req-4a54a6c6-1a29-4dfd-b72a-d5101f886e7e', 'vary': 'X-OpenStack-Nova-API-Version', 'connection': 'close', 'x-openstack-nova-api-version': '2.1', 'date': 'Mon, 21 Dec 2015 10:03:17 GMT', 'content-type': 'application/json'}
        Body: {"server": {"status": "ACTIVE", "updated": "2015-12-21T10:03:17Z", "hostId": "18c01002b59d7f08bf76efc147bb9435a39948cb46700f33d56ebd71", "addresses": {"tempest-network-smoke--1154805255": [{"OS-EXT-IPS-MAC:mac_addr": "fa:16:3e:b0:bf:a1", "version": 4, "addr": "10.100.0.3", "OS-EXT-IPS:type": "fixed"}]}, "links": [{"href": "http://10.0.2.15:8774/v2.1/80d7d197206f4cd58f15577850a3a234/servers/444d9ae2-1a52-477e-a042-ad97a66cd458", "rel": "self"}, {"href": "http://10.0.2.15:8774/80d7d197206f4cd58f15577850a3a234/servers/444d9ae2-1a52-477e-a042-ad97a66cd458", "rel": "bookmark"}], "key_name": "tempest-TestNetworkAdvancedServerOps-1819667715", "image": {"id": "9d8ab60d-6639-4ff0-a5a9-acaf96029dad", "links": [{"href": "http://10.0.2.15:8774/80d7d197206f4cd58f15577850a3a234/images/9d8ab60d-6639-4ff0-a5a9-acaf96029dad", "rel": "bookmark"}]}, "OS-EXT-STS:task_state": null, "OS-EXT-STS:vm_state": "active", "OS-SRV-USG:launched_at": "2015-12-21T10:03:17.000000", "flavor": {"id": "42", "links": [{"href": "http://10.0.2.15:8774/80d7d197206f4cd58f15577850a3a234/flavors/42", "rel": "bookmark"}]}, "id": "444d9ae2-1a52-477e-a042-ad97a66cd458", "security_groups": [{"name": "tempest-secgroup-smoke-351133812"}], "OS-SRV-USG:terminated_at": null, "OS-EXT-AZ:availability_zone": "nova", "user_id": "5e34dbaa027044538469c2990f2e9bfe", "name": "tempest.common.compute-instance-1980269698", "created": "2015-12-21T10:03:13Z", "tenant_id": "80d7d197206f4cd58f15577850a3a234", "OS-DCF:diskConfig": "MANUAL", "os-extended-volumes:volumes_attached": [], "accessIPv4": "", "accessIPv6": "", "progress": 0, "OS-EXT-STS:power_state": 1, "config_drive": "True", "metadata": {}}}
2015-12-21 10:03:17,699 21887 INFO     [tempest.common.waiters] State transition "BUILD/spawning" ==&gt; "ACTIVE/None" after 4 second wait
2015-12-21 10:03:17,920 21887 INFO     [tempest_lib.common.rest_client] Request (TestNetworkAdvancedServerOps:test_server_connectivity_pause_unpause): 200 GET http://10.0.2.15:8774/v2.1/80d7d197206f4cd58f15577850a3a234/servers/444d9ae2-1a52-477e-a042-ad97a66cd458 0.221s
2015-12-21 10:03:17,921 21887 DEBUG    [tempest_lib.common.rest_client] Request - Headers: {'Content-Type': 'application/json', 'Accept': 'application/json', 'X-Auth-Token': '&lt;omitted&gt;'}
        Body: None
    Response - Headers: {'status': '200', 'content-length': '1662', 'content-location': 'http://10.0.2.15:8774/v2.1/80d7d197206f4cd58f15577850a3a234/servers/444d9ae2-1a52-477e-a042-ad97a66cd458', 'x-compute-request-id': 'req-c72e8571-32b9-49ed-9949-007e3d96b480', 'vary': 'X-OpenStack-Nova-API-Version', 'connection': 'close', 'x-openstack-nova-api-version': '2.1', 'date': 'Mon, 21 Dec 2015 10:03:17 GMT', 'content-type': 'application/json'}
        Body: {"server": {"status": "ACTIVE", "updated": "2015-12-21T10:03:17Z", "hostId": "18c01002b59d7f08bf76efc147bb9435a39948cb46700f33d56ebd71", "addresses": {"tempest-network-smoke--1154805255": [{"OS-EXT-IPS-MAC:mac_addr": "fa:16:3e:b0:bf:a1", "version": 4, "addr": "10.100.0.3", "OS-EXT-IPS:type": "fixed"}]}, "links": [{"href": "http://10.0.2.15:8774/v2.1/80d7d197206f4cd58f15577850a3a234/servers/444d9ae2-1a52-477e-a042-ad97a66cd458", "rel": "self"}, {"href": "http://10.0.2.15:8774/80d7d197206f4cd58f15577850a3a234/servers/444d9ae2-1a52-477e-a042-ad97a66cd458", "rel": "bookmark"}], "key_name": "tempest-TestNetworkAdvancedServerOps-1819667715", "image": {"id": "9d8ab60d-6639-4ff0-a5a9-acaf96029dad", "links": [{"href": "http://10.0.2.15:8774/80d7d197206f4cd58f15577850a3a234/images/9d8ab60d-6639-4ff0-a5a9-acaf96029dad", "rel": "bookmark"}]}, "OS-EXT-STS:task_state": null, "OS-EXT-STS:vm_state": "active", "OS-SRV-USG:launched_at": "2015-12-21T10:03:17.000000", "flavor": {"id": "42", "links": [{"href": "http://10.0.2.15:8774/80d7d197206f4cd58f15577850a3a234/flavors/42", "rel": "bookmark"}]}, "id": "444d9ae2-1a52-477e-a042-ad97a66cd458", "security_groups": [{"name": "tempest-secgroup-smoke-351133812"}], "OS-SRV-USG:terminated_at": null, "OS-EXT-AZ:availability_zone": "nova", "user_id": "5e34dbaa027044538469c2990f2e9bfe", "name": "tempest.common.compute-instance-1980269698", "created": "2015-12-21T10:03:13Z", "tenant_id": "80d7d197206f4cd58f15577850a3a234", "OS-DCF:diskConfig": "MANUAL", "os-extended-volumes:volumes_attached": [], "accessIPv4": "", "accessIPv6": "", "progress": 0, "OS-EXT-STS:power_state": 1, "config_drive": "True", "metadata": {}}}
2015-12-21 10:03:18,085 21887 INFO     [tempest_lib.common.rest_client] Request (TestNetworkAdvancedServerOps:test_server_connectivity_pause_unpause): 200 GET http://10.0.2.15:9696/v2.0/ports?status=ACTIVE&amp;fixed_ip=None&amp;device_id=444d9ae2-1a52-477e-a042-ad97a66cd458 0.151s
2015-12-21 10:03:18,086 21887 DEBUG    [tempest_lib.common.rest_client] Request - Headers: {'Content-Type': 'application/json', 'Accept': 'application/json', 'X-Auth-Token': '&lt;omitted&gt;'}
        Body: None
    Response - Headers: {'status': '200', 'content-length': '895', 'content-location': 'http://10.0.2.15:9696/v2.0/ports?status=ACTIVE&amp;fixed_ip=None&amp;device_id=444d9ae2-1a52-477e-a042-ad97a66cd458', 'connection': 'close', 'date': 'Mon, 21 Dec 2015 10:03:18 GMT', 'content-type': 'application/json; charset=UTF-8', 'x-openstack-request-id': 'req-add0fdb4-df60-4f4e-a670-04d416cf81fe'}
        Body: {"ports": [{"status": "ACTIVE", "binding:host_id": "vagrant-ubuntu-trusty-64", "allowed_address_pairs": [], "extra_dhcp_opts": [], "dns_assignment": [{"hostname": "host-10-100-0-3", "ip_address": "10.100.0.3", "fqdn": "host-10-100-0-3.openstacklocal."}], "device_owner": "compute:None", "port_security_enabled": true, "binding:profile": {}, "fixed_ips": [{"subnet_id": "eb705629-fa7c-45cc-9b20-62cd872348ab", "ip_address": "10.100.0.3"}], "id": "1c6782ad-83d8-4fbd-a061-38c92ce0efaa", "security_groups": ["05766206-939b-488e-9ef7-ae502084a081"], "device_id": "444d9ae2-1a52-477e-a042-ad97a66cd458", "name": "", "admin_state_up": true, "network_id": "ba34c0e0-797d-4d63-a37a-3ba45feef1f8", "dns_name": "", "binding:vif_details": {"port_filter": true}, "binding:vnic_type": "normal", "binding:vif_type": "ovs", "tenant_id": "80d7d197206f4cd58f15577850a3a234", "mac_address": "fa:16:3e:b0:bf:a1"}]}
2015-12-21 10:03:18,737 21887 INFO     [tempest_lib.common.rest_client] Request (TestNetworkAdvancedServerOps:test_server_connectivity_pause_unpause): 201 POST http://10.0.2.15:9696/v2.0/floatingips 0.650s
2015-12-21 10:03:18,738 21887 DEBUG    [tempest_lib.common.rest_client] Request - Headers: {'Content-Type': 'application/json', 'Accept': 'application/json', 'X-Auth-Token': '&lt;omitted&gt;'}
        Body: {"floatingip": {"floating_network_id": "29826b4f-d4c8-4d3b-a0aa-7687c2408b54", "tenant_id": "80d7d197206f4cd58f15577850a3a234", "fixed_ip_address": "10.100.0.3", "port_id": "1c6782ad-83d8-4fbd-a061-38c92ce0efaa"}}
    Response - Headers: {'status': '201', 'content-length': '367', 'connection': 'close', 'date': 'Mon, 21 Dec 2015 10:03:18 GMT', 'content-type': 'application/json; charset=UTF-8', 'x-openstack-request-id': 'req-a0592232-550c-4be2-9876-b0eb24b00263'}
        Body: {"floatingip": {"floating_network_id": "29826b4f-d4c8-4d3b-a0aa-7687c2408b54", "router_id": "6ded8e79-ce5e-4336-ae21-e23fc0568ae2", "fixed_ip_address": "10.100.0.3", "floating_ip_address": "172.24.4.4", "tenant_id": "80d7d197206f4cd58f15577850a3a234", "status": "DOWN", "port_id": "1c6782ad-83d8-4fbd-a061-38c92ce0efaa", "id": "35e89d1c-b308-420c-bb18-1724d55c7124"}}
2015-12-21 10:03:18,997 21887 INFO     [tempest_lib.common.rest_client] Request (TestNetworkAdvancedServerOps:test_server_connectivity_pause_unpause): 200 GET http://10.0.2.15:8774/v2.1/80d7d197206f4cd58f15577850a3a234/servers/444d9ae2-1a52-477e-a042-ad97a66cd458 0.259s
2015-12-21 10:03:18,997 21887 DEBUG    [tempest_lib.common.rest_client] Request - Headers: {'Content-Type': 'application/json', 'Accept': 'application/json', 'X-Auth-Token': '&lt;omitted&gt;'}
        Body: None
    Response - Headers: {'status': '200', 'content-length': '1662', 'content-location': 'http://10.0.2.15:8774/v2.1/80d7d197206f4cd58f15577850a3a234/servers/444d9ae2-1a52-477e-a042-ad97a66cd458', 'x-compute-request-id': 'req-9c903587-2823-4782-81c1-1cbc07550a4f', 'vary': 'X-OpenStack-Nova-API-Version', 'connection': 'close', 'x-openstack-nova-api-version': '2.1', 'date': 'Mon, 21 Dec 2015 10:03:18 GMT', 'content-type': 'application/json'}
        Body: {"server": {"status": "ACTIVE", "updated": "2015-12-21T10:03:17Z", "hostId": "18c01002b59d7f08bf76efc147bb9435a39948cb46700f33d56ebd71", "addresses": {"tempest-network-smoke--1154805255": [{"OS-EXT-IPS-MAC:mac_addr": "fa:16:3e:b0:bf:a1", "version": 4, "addr": "10.100.0.3", "OS-EXT-IPS:type": "fixed"}]}, "links": [{"href": "http://10.0.2.15:8774/v2.1/80d7d197206f4cd58f15577850a3a234/servers/444d9ae2-1a52-477e-a042-ad97a66cd458", "rel": "self"}, {"href": "http://10.0.2.15:8774/80d7d197206f4cd58f15577850a3a234/servers/444d9ae2-1a52-477e-a042-ad97a66cd458", "rel": "bookmark"}], "key_name": "tempest-TestNetworkAdvancedServerOps-1819667715", "image": {"id": "9d8ab60d-6639-4ff0-a5a9-acaf96029dad", "links": [{"href": "http://10.0.2.15:8774/80d7d197206f4cd58f15577850a3a234/images/9d8ab60d-6639-4ff0-a5a9-acaf96029dad", "rel": "bookmark"}]}, "OS-EXT-STS:task_state": null, "OS-EXT-STS:vm_state": "active", "OS-SRV-USG:launched_at": "2015-12-21T10:03:17.000000", "flavor": {"id": "42", "links": [{"href": "http://10.0.2.15:8774/80d7d197206f4cd58f15577850a3a234/flavors/42", "rel": "bookmark"}]}, "id": "444d9ae2-1a52-477e-a042-ad97a66cd458", "security_groups": [{"name": "tempest-secgroup-smoke-351133812"}], "OS-SRV-USG:terminated_at": null, "OS-EXT-AZ:availability_zone": "nova", "user_id": "5e34dbaa027044538469c2990f2e9bfe", "name": "tempest.common.compute-instance-1980269698", "created": "2015-12-21T10:03:13Z", "tenant_id": "80d7d197206f4cd58f15577850a3a234", "OS-DCF:diskConfig": "MANUAL", "os-extended-volumes:volumes_attached": [], "accessIPv4": "", "accessIPv6": "", "progress": 0, "OS-EXT-STS:power_state": 1, "config_drive": "True", "metadata": {}}}
2015-12-21 10:03:19,012 21887 INFO     [tempest.scenario.manager] Tenant networks not configured to be reachable.
2015-12-21 10:03:19,031 21887 INFO     [tempest_lib.common.rest_client] Request (TestNetworkAdvancedServerOps:test_server_connectivity_pause_unpause): 200 GET http://10.0.2.15:9696/v2.0/floatingips/35e89d1c-b308-420c-bb18-1724d55c7124 0.018s
2015-12-21 10:03:19,031 21887 DEBUG    [tempest_lib.common.rest_client] Request - Headers: {'Content-Type': 'application/json', 'Accept': 'application/json', 'X-Auth-Token': '&lt;omitted&gt;'}
        Body: None
    Response - Headers: {'status': '200', 'content-length': '367', 'content-location': 'http://10.0.2.15:9696/v2.0/floatingips/35e89d1c-b308-420c-bb18-1724d55c7124', 'connection': 'close', 'date': 'Mon, 21 Dec 2015 10:03:19 GMT', 'content-type': 'application/json; charset=UTF-8', 'x-openstack-request-id': 'req-f832b096-825c-4bf5-b8a7-fdcfb11efb6e'}
        Body: {"floatingip": {"floating_network_id": "29826b4f-d4c8-4d3b-a0aa-7687c2408b54", "router_id": "6ded8e79-ce5e-4336-ae21-e23fc0568ae2", "fixed_ip_address": "10.100.0.3", "floating_ip_address": "172.24.4.4", "tenant_id": "80d7d197206f4cd58f15577850a3a234", "status": "DOWN", "port_id": "1c6782ad-83d8-4fbd-a061-38c92ce0efaa", "id": "35e89d1c-b308-420c-bb18-1724d55c7124"}}
2015-12-21 10:03:20,045 21887 INFO     [tempest_lib.common.rest_client] Request (TestNetworkAdvancedServerOps:test_server_connectivity_pause_unpause): 200 GET http://10.0.2.15:9696/v2.0/floatingips/35e89d1c-b308-420c-bb18-1724d55c7124 0.013s
2015-12-21 10:03:20,045 21887 DEBUG    [tempest_lib.common.rest_client] Request - Headers: {'Content-Type': 'application/json', 'Accept': 'application/json', 'X-Auth-Token': '&lt;omitted&gt;'}
        Body: None
    Response - Headers: {'status': '200', 'content-length': '369', 'content-location': 'http://10.0.2.15:9696/v2.0/floatingips/35e89d1c-b308-420c-bb18-1724d55c7124', 'connection': 'close', 'date': 'Mon, 21 Dec 2015 10:03:20 GMT', 'content-type': 'application/json; charset=UTF-8', 'x-openstack-request-id': 'req-2e0c0774-bd72-45c4-a9eb-f69500bb1523'}
        Body: {"floatingip": {"floating_network_id": "29826b4f-d4c8-4d3b-a0aa-7687c2408b54", "router_id": "6ded8e79-ce5e-4336-ae21-e23fc0568ae2", "fixed_ip_address": "10.100.0.3", "floating_ip_address": "172.24.4.4", "tenant_id": "80d7d197206f4cd58f15577850a3a234", "status": "ACTIVE", "port_id": "1c6782ad-83d8-4fbd-a061-38c92ce0efaa", "id": "35e89d1c-b308-420c-bb18-1724d55c7124"}}
2015-12-21 10:03:20,046 21887 INFO     [tempest.scenario.manager] FloatingIP: &lt;"FloatingIP" addr="172.24.4.4" id="35e89d1c-b308-420c-bb18-1724d55c7124"&gt; is at status: ACTIVE
2015-12-21 10:03:20,046 21887 DEBUG    [tempest.scenario.manager] checking network connections to IP 172.24.4.4 with user: cirros
2015-12-21 10:03:20,046 21887 DEBUG    [tempest.scenario.manager] TestNetworkAdvancedServerOps:test_server_connectivity_pause_unpause begins to ping 172.24.4.4 in 120 sec and the expected result is reachable
2015-12-21 10:05:21,380 21887 DEBUG    [tempest.scenario.manager] TestNetworkAdvancedServerOps:test_server_connectivity_pause_unpause finishes ping 172.24.4.4 in 120 sec and the ping result is unexpected
2015-12-21 10:05:21,382 21887 ERROR    [tempest.scenario.manager] Public network connectivity check failed
2015-12-21 10:05:21.382 21887 ERROR tempest.scenario.manager Traceback (most recent call last):
2015-12-21 10:05:21.382 21887 ERROR tempest.scenario.manager   File "tempest/scenario/manager.py", line 608, in check_public_network_connectivity
2015-12-21 10:05:21.382 21887 ERROR tempest.scenario.manager     should_connect=should_connect)
2015-12-21 10:05:21.382 21887 ERROR tempest.scenario.manager   File "tempest/scenario/manager.py", line 592, in check_vm_connectivity
2015-12-21 10:05:21.382 21887 ERROR tempest.scenario.manager     msg=msg)
2015-12-21 10:05:21.382 21887 ERROR tempest.scenario.manager   File "/usr/local/lib/python2.7/dist-packages/unittest2/case.py", line 702, in assertTrue
2015-12-21 10:05:21.382 21887 ERROR tempest.scenario.manager     raise self.failureException(msg)
2015-12-21 10:05:21.382 21887 ERROR tempest.scenario.manager AssertionError: False is not true : Timed out waiting for 172.24.4.4 to become reachable
2015-12-21 10:05:21.382 21887 ERROR tempest.scenario.manager 
2015-12-21 10:05:21,583 21887 INFO     [tempest_lib.common.rest_client] Request (TestNetworkAdvancedServerOps:test_server_connectivity_pause_unpause): 200 POST http://10.0.2.15:8774/v2.1/80d7d197206f4cd58f15577850a3a234/servers/444d9ae2-1a52-477e-a042-ad97a66cd458/action 0.197s
2015-12-21 10:05:21,583 21887 DEBUG    [tempest_lib.common.rest_client] Request - Headers: {'Content-Type': 'application/json', 'Accept': 'application/json', 'X-Auth-Token': '&lt;omitted&gt;'}
        Body: {"os-getConsoleOutput": {}}
    Response - Headers: {'status': '200', 'content-length': '17428', 'x-compute-request-id': 'req-aa0a8744-0e39-4b98-97b5-c5bfb13a5dc0', 'vary': 'X-OpenStack-Nova-API-Version', 'connection': 'close', 'x-openstack-nova-api-version': '2.1', 'date': 'Mon, 21 Dec 2015 10:05:21 GMT', 'content-type': 'application/json'}
        Body: {"output": "[    0.000000] Initializing cgroup subsys cpuset\n[    0.000000] Initializing cgroup subsys cpu\n[    0.000000] Linux version 3.2.0-80-virtual (buildd@batsu) (gcc version 4.6.3 (Ubuntu/Linaro 4.6.3-1ubuntu5) ) #116-Ubuntu SMP Mon Mar 23 17:28:52 UTC 2015 (Ubuntu 3.2.0-80.116-virtual 3.2.68)\n[    0.000000] Command line: root=/dev/vda console=tty0 console=ttyS0 no_timer_check\n[    0.000000] KERNEL supported cpus:\n[    0.000000]   Intel GenuineIntel\n[    0.000000]   AMD AuthenticAMD\n[    0.000000]   Centaur CentaurHauls\n[    0.000000] BIOS-provided physical RAM map:\n[    0.000000]  BIOS-e820: 0000000000000000 - 000000000009fc00 (usable)\n[    0.000000]  BIOS-e820: 000000000009fc00 - 00000000000a0000 (reserved)\n[    0.000000]  BIOS-e820: 00000000000f0000 - 0000000000100000 (reserved)\n[    0.000000]  BIOS-e820: 0000000000100000 - 0000000003ffe000 (usable)\n[    0.000000]  BIOS-e820: 0000000003ffe000 - 0000000004000000 (reserved)\n[    0.000000]  BIOS-e820: 00000000fffc0000 - 0000000100000000 (reserved)\n[    0.000000] NX (Execute Disable) protection: active\n[    0.000000] SMBIOS 2.4 present.\n[    0.000000] No AGP bridge found\n[    0.000000] last_pfn = 0x3ffe max_arch_pfn = 0x400000000\n[    0.000000] x86 PAT enabled: cpu 0, old 0x7040600070406, new 0x7010600070106\n[    0.000000] found SMP MP-table at [ffff8800000f0b00] f0b00\n[    0.000000] init_memory_mapping: 0000000000000000-0000000003ffe000\n[    0.000000] RAMDISK: 03c5e000 - 03ff0000\n[    0.000000] ACPI: RSDP 00000000000f0950 00014 (v00 BOCHS )\n[    0.000000] ACPI: RSDT 0000000003fffbc1 00034 (v01 BOCHS  BXPCRSDT 00000001 BXPC 00000001)\n[    0.000000] ACPI: FACP 0000000003fff1c0 00074 (v01 BOCHS  BXPCFACP 00000001 BXPC 00000001)\n[    0.000000] ACPI: DSDT 0000000003ffe040 01180 (v01 BOCHS  BXPCDSDT 00000001 BXPC 00000001)\n[    0.000000] ACPI: FACS 0000000003ffe000 00040\n[    0.000000] ACPI: SSDT 0000000003fff234 008DD (v01 BOCHS  BXPCSSDT 00000001 BXPC 00000001)\n[    0.000000] ACPI: APIC 0000000003fffb11 00078 (v01 BOCHS  BXPCAPIC 00000001 BXPC 00000001)\n[    0.000000] ACPI: HPET 0000000003fffb89 00038 (v01 BOCHS  BXPCHPET 00000001 BXPC 00000001)\n[    0.000000] No NUMA configuration found\n[    0.000000] Faking a node at 0000000000000000-0000000003ffe000\n[    0.000000] Initmem setup node 0 0000000000000000-0000000003ffe000\n[    0.000000]   NODE_DATA [0000000003ff6000 - 0000000003ffafff]\n[    0.000000] Zone PFN ranges:\n[    0.000000]   DMA      0x00000010 -&gt; 0x00001000\n[    0.000000]   DMA32    0x00001000 -&gt; 0x00100000\n[    0.000000]   Normal   empty\n[    0.000000] Movable zone start PFN for each node\n[    0.000000] early_node_map[2] active PFN ranges\n[    0.000000]     0: 0x00000010 -&gt; 0x0000009f\n[    0.000000]     0: 0x00000100 -&gt; 0x00003ffe\n[    0.000000] ACPI: PM-Timer IO Port: 0xb008\n[    0.000000] ACPI: LAPIC (acpi_id[0x00] lapic_id[0x00] enabled)\n[    0.000000] ACPI: LAPIC_NMI (acpi_id[0xff] dfl dfl lint[0x1])\n[    0.000000] ACPI: IOAPIC (id[0x00] address[0xfec00000] gsi_base[0])\n[    0.000000] IOAPIC[0]: apic_id 0, version 17, address 0xfec00000, GSI 0-23\n[    0.000000] ACPI: INT_SRC_OVR (bus 0 bus_irq 0 global_irq 2 dfl dfl)\n[    0.000000] ACPI: INT_SRC_OVR (bus 0 bus_irq 5 global_irq 5 high level)\n[    0.000000] ACPI: INT_SRC_OVR (bus 0 bus_irq 9 global_irq 9 high level)\n[    0.000000] ACPI: INT_SRC_OVR (bus 0 bus_irq 10 global_irq 10 high level)\n[    0.000000] ACPI: INT_SRC_OVR (bus 0 bus_irq 11 global_irq 11 high level)\n[    0.000000] Using ACPI (MADT) for SMP configuration information\n[    0.000000] ACPI: HPET id: 0x8086a201 base: 0xfed00000\n[    0.000000] SMP: Allowing 1 CPUs, 0 hotplug CPUs\n[    0.000000] PM: Registered nosave memory: 000000000009f000 - 00000000000a0000\n[    0.000000] PM: Registered nosave memory: 00000000000a0000 - 00000000000f0000\n[    0.000000] PM: Registered nosave memory: 00000000000f0000 - 0000000000100000\n[    0.000000] Allocating PCI resources starting at 4000000 (gap: 4000000:fbfc0000)\n[    0.000000] Booting paravirtualized kernel on bare hardware\n[    0.000000] setup_pe
2015-12-21 10:05:21,585 21887 DEBUG    [tempest.scenario.manager] Console output for 444d9ae2-1a52-477e-a042-ad97a66cd458
body=
[    0.000000] Initializing cgroup subsys cpuset
[    0.000000] Initializing cgroup subsys cpu
[    0.000000] Linux version 3.2.0-80-virtual (buildd@batsu) (gcc version 4.6.3 (Ubuntu/Linaro 4.6.3-1ubuntu5) ) #116-Ubuntu SMP Mon Mar 23 17:28:52 UTC 2015 (Ubuntu 3.2.0-80.116-virtual 3.2.68)
[    0.000000] Command line: root=/dev/vda console=tty0 console=ttyS0 no_timer_check
[    0.000000] KERNEL supported cpus:
[    0.000000]   Intel GenuineIntel
[    0.000000]   AMD AuthenticAMD
[    0.000000]   Centaur CentaurHauls
[    0.000000] BIOS-provided physical RAM map:
[    0.000000]  BIOS-e820: 0000000000000000 - 000000000009fc00 (usable)
[    0.000000]  BIOS-e820: 000000000009fc00 - 00000000000a0000 (reserved)
[    0.000000]  BIOS-e820: 00000000000f0000 - 0000000000100000 (reserved)
[    0.000000]  BIOS-e820: 0000000000100000 - 0000000003ffe000 (usable)
[    0.000000]  BIOS-e820: 0000000003ffe000 - 0000000004000000 (reserved)
[    0.000000]  BIOS-e820: 00000000fffc0000 - 0000000100000000 (reserved)
[    0.000000] NX (Execute Disable) protection: active
[    0.000000] SMBIOS 2.4 present.
[    0.000000] No AGP bridge found
[    0.000000] last_pfn = 0x3ffe max_arch_pfn = 0x400000000
[    0.000000] x86 PAT enabled: cpu 0, old 0x7040600070406, new 0x7010600070106
[    0.000000] found SMP MP-table at [ffff8800000f0b00] f0b00
[    0.000000] init_memory_mapping: 0000000000000000-0000000003ffe000
[    0.000000] RAMDISK: 03c5e000 - 03ff0000
[    0.000000] ACPI: RSDP 00000000000f0950 00014 (v00 BOCHS )
[    0.000000] ACPI: RSDT 0000000003fffbc1 00034 (v01 BOCHS  BXPCRSDT 00000001 BXPC 00000001)
[    0.000000] ACPI: FACP 0000000003fff1c0 00074 (v01 BOCHS  BXPCFACP 00000001 BXPC 00000001)
[    0.000000] ACPI: DSDT 0000000003ffe040 01180 (v01 BOCHS  BXPCDSDT 00000001 BXPC 00000001)
[    0.000000] ACPI: FACS 0000000003ffe000 00040
[    0.000000] ACPI: SSDT 0000000003fff234 008DD (v01 BOCHS  BXPCSSDT 00000001 BXPC 00000001)
[    0.000000] ACPI: APIC 0000000003fffb11 00078 (v01 BOCHS  BXPCAPIC 00000001 BXPC 00000001)
[    0.000000] ACPI: HPET 0000000003fffb89 00038 (v01 BOCHS  BXPCHPET 00000001 BXPC 00000001)
[    0.000000] No NUMA configuration found
[    0.000000] Faking a node at 0000000000000000-0000000003ffe000
[    0.000000] Initmem setup node 0 0000000000000000-0000000003ffe000
[    0.000000]   NODE_DATA [0000000003ff6000 - 0000000003ffafff]
[    0.000000] Zone PFN ranges:
[    0.000000]   DMA      0x00000010 -&gt; 0x00001000
[    0.000000]   DMA32    0x00001000 -&gt; 0x00100000
[    0.000000]   Normal   empty
[    0.000000] Movable zone start PFN for each node
[    0.000000] early_node_map[2] active PFN ranges
[    0.000000]     0: 0x00000010 -&gt; 0x0000009f
[    0.000000]     0: 0x00000100 -&gt; 0x00003ffe
[    0.000000] ACPI: PM-Timer IO Port: 0xb008
[    0.000000] ACPI: LAPIC (acpi_id[0x00] lapic_id[0x00] enabled)
[    0.000000] ACPI: LAPIC_NMI (acpi_id[0xff] dfl dfl lint[0x1])
[    0.000000] ACPI: IOAPIC (id[0x00] address[0xfec00000] gsi_base[0])
[    0.000000] IOAPIC[0]: apic_id 0, version 17, address 0xfec00000, GSI 0-23
[    0.000000] ACPI: INT_SRC_OVR (bus 0 bus_irq 0 global_irq 2 dfl dfl)
[    0.000000] ACPI: INT_SRC_OVR (bus 0 bus_irq 5 global_irq 5 high level)
[    0.000000] ACPI: INT_SRC_OVR (bus 0 bus_irq 9 global_irq 9 high level)
[    0.000000] ACPI: INT_SRC_OVR (bus 0 bus_irq 10 global_irq 10 high level)
[    0.000000] ACPI: INT_SRC_OVR (bus 0 bus_irq 11 global_irq 11 high level)
[    0.000000] Using ACPI (MADT) for SMP configuration information
[    0.000000] ACPI: HPET id: 0x8086a201 base: 0xfed00000
[    0.000000] SMP: Allowing 1 CPUs, 0 hotplug CPUs
[    0.000000] PM: Registered nosave memory: 000000000009f000 - 00000000000a0000
[    0.000000] PM: Registered nosave memory: 00000000000a0000 - 00000000000f0000
[    0.000000] PM: Registered nosave memory: 00000000000f0000 - 0000000000100000
[    0.000000] Allocating PCI resources starting at 4000000 (gap: 4000000:fbfc0000)
[    0.000000] Booting paravirtualized kernel on bare hardware
[    0.000000] setup_percpu: NR_CPUS:64 nr_cpumask_bits:64 nr_cpu_ids:1 nr_node_ids:1
[    0.000000] PERCPU: Embedded 27 pages/cpu @ffff880003a00000 s78848 r8192 d23552 u2097152
[    0.000000] Built 1 zonelists in Node order, mobility grouping on.  Total pages: 16008
[    0.000000] Policy zone: DMA32
[    0.000000] Kernel command line: root=/dev/vda console=tty0 console=ttyS0 no_timer_check
[    0.000000] PID hash table entries: 256 (order: -1, 2048 bytes)
[    0.000000] Checking aperture...
[    0.000000] No AGP bridge found
[    0.000000] Memory: 43492k/65528k available (6576k kernel code, 452k absent, 21584k reserved, 6620k data, 928k init)
[    0.000000] SLUB: Genslabs=15, HWalign=64, Order=0-3, MinObjects=0, CPUs=1, Nodes=1
[    0.000000] Hierarchical RCU implementation.
[    0.000000] 	RCU dyntick-idle grace-period acceleration is enabled.
[    0.000000] NR_IRQS:4352 nr_irqs:256 16
[    0.000000] Console: colour VGA+ 80x25
[    0.000000] console [tty0] enabled
[    0.000000] console [ttyS0] enabled
[    0.000000] allocated 1048576 bytes of page_cgroup
[    0.000000] please try 'cgroup_disable=memory' option if you don't want memory cgroups
[    0.000000] Fast TSC calibration failed
[    0.000000] TSC: Unable to calibrate against PIT
[    0.000000] TSC: using HPET reference calibration
[    0.000000] Detected 2295.742 MHz processor.
[    0.032837] Calibrating delay loop (skipped), value calculated using timer frequency.. 4591.48 BogoMIPS (lpj=9182968)
[    0.036265] pid_max: default: 32768 minimum: 301
[    0.044991] Security Framework initialized
[    0.049746] AppArmor: AppArmor initialized
[    0.052141] Yama: becoming mindful.
[    0.061233] Dentry cache hash table entries: 8192 (order: 4, 65536 bytes)
[    0.062976] Inode-cache hash table entries: 4096 (order: 3, 32768 bytes)
[    0.064773] Mount-cache hash table entries: 256
[    0.081997] Initializing cgroup subsys cpuacct
[    0.082952] Initializing cgroup subsys memory
[    0.085085] Initializing cgroup subsys devices
[    0.085797] Initializing cgroup subsys freezer
[    0.086546] Initializing cgroup subsys blkio
[    0.088182] Initializing cgroup subsys perf_event
[    0.093817] mce: CPU supports 10 MCE banks
[    0.097730] SMP alternatives: switching to UP code
[    0.558175] Freeing SMP alternatives: 24k freed
[    0.561535] ACPI: Core revision 20110623
[    0.626229] ftrace: allocating 26610 entries in 105 pages
[    0.662729] ..TIMER: vector=0x30 apic1=0 pin1=2 apic2=-1 pin2=-1
[    0.664161] CPU0: AMD QEMU Virtual CPU version 2.0.0 stepping 03
[    0.668041] Performance Events: Broken PMU hardware detected, using software events only.
[    0.682827] NMI watchdog disabled (cpu0): hardware events not enabled
[    0.684801] Brought up 1 CPUs
[    0.685324] Total of 1 processors activated (4591.48 BogoMIPS).
[    0.708545] devtmpfs: initialized
[    0.740298] EVM: security.selinux
[    0.740788] EVM: security.SMACK64
[    0.741225] EVM: security.capability
[    0.762292] print_constraints: dummy: 
[    0.764784] RTC time: 10:03:21, date: 12/21/15
[    0.768319] NET: Registered protocol family 16
[    0.776434] ACPI: bus type pci registered
[    0.780236] PCI: Using configuration type 1 for base access
[    0.808699] bio: create slab &lt;bio-0&gt; at 0
[    0.812650] ACPI: Added _OSI(Module Device)
[    0.813348] ACPI: Added _OSI(Processor Device)
[    0.814000] ACPI: Added _OSI(3.0 _SCP Extensions)
[    0.814623] ACPI: Added _OSI(Processor Aggregator Device)
[    0.885072] ACPI: Interpreter enabled
[    0.885638] ACPI: (supports S0 S3 S4 S5)
[    0.887408] ACPI: Using IOAPIC for interrupt routing
[    0.954959] ACPI: No dock devices found.
[    0.956145] HEST: Table not found.
[    0.956734] PCI: Using host bridge windows from ACPI; if necessary, use "pci=nocrs" and report a bug
[    0.962395] ACPI: PCI Root Bridge [PCI0] (domain 0000 [bus 00-ff])
[    0.968574] pci_root PNP0A03:00: host bridge window [io  0x0000-0x0cf7]
[    0.969454] pci_root PNP0A03:00: host bridge window [io  0x0d00-0xadff]
[    0.970373] pci_root PNP0A03:00: host bridge window [io  0xae0f-0xaeff]
[    0.971146] pci_root PNP0A03:00: host bridge window [io  0xaf20-0xafdf]
[    0.972102] pci_root PNP0A03:00: host bridge window [io  0xafe4-0xffff]
[    0.972925] pci_root PNP0A03:00: host bridge window [mem 0x000a0000-0x000bffff]
[    0.973891] pci_root PNP0A03:00: host bridge window [mem 0x04000000-0xfebfffff]
[    1.000938] pci 0000:00:01.3: quirk: [io  0xb000-0xb03f] claimed by PIIX4 ACPI
[    1.002102] pci 0000:00:01.3: quirk: [io  0xb100-0xb10f] claimed by PIIX4 SMB
[    1.081998]  pci0000:00: Unable to request _OSC control (_OSC support mask: 0x1e)
[    1.146426] ACPI: PCI Interrupt Link [LNKA] (IRQs 5 *10 11)
[    1.149151] ACPI: PCI Interrupt Link [LNKB] (IRQs 5 *10 11)
[    1.150619] ACPI: PCI Interrupt Link [LNKC] (IRQs 5 10 *11)
[    1.153707] ACPI: PCI Interrupt Link [LNKD] (IRQs 5 10 *11)
[    1.154984] ACPI: PCI Interrupt Link [LNKS] (IRQs *9)
[    1.162147] vgaarb: device added: PCI:0000:00:02.0,decodes=io+mem,owns=io+mem,locks=none
[    1.164197] vgaarb: loaded
[    1.164544] vgaarb: bridge control possible 0000:00:02.0
[    1.169350] i2c-core: driver [aat2870] using legacy suspend method
[    1.170305] i2c-core: driver [aat2870] using legacy resume method
[    1.172833] SCSI subsystem initialized
[    1.176837] usbcore: registered new interface driver usbfs
[    1.177720] usbcore: registered new interface driver hub
[    1.178759] usbcore: registered new device driver usb
[    1.182450] PCI: Using ACPI for IRQ routing
[    1.195166] NetLabel: Initializing
[    1.196150] NetLabel:  domain hash size = 128
[    1.196711] NetLabel:  protocols = UNLABELED CIPSOv4
[    1.198752] NetLabel:  unlabeled traffic allowed by default
[    1.201554] HPET: 3 timers in total, 0 timers will be used for per-cpu timer
[    1.202737] hpet0: at MMIO 0xfed00000, IRQs 2, 8, 0
[    1.204565] hpet0: 3 comparators, 64-bit 100.000000 MHz counter
[    1.217068] Switching to clocksource hpet
[    1.437473] AppArmor: AppArmor Filesystem Enabled
[    1.438894] pnp: PnP ACPI init
[    1.439590] ACPI: bus type pnp registered
[    1.458377] pnp: PnP ACPI: found 9 devices
[    1.458931] ACPI: ACPI bus type pnp unregistered
[    1.522217] NET: Registered protocol family 2
[    1.554420] IP route cache hash table entries: 512 (order: 0, 4096 bytes)
[    1.562807] TCP established hash table entries: 2048 (order: 3, 32768 bytes)
[    1.565025] TCP bind hash table entries: 2048 (order: 3, 32768 bytes)
[    1.565975] TCP: Hash tables configured (established 2048 bind 2048)
[    1.566761] TCP reno registered
[    1.567391] UDP hash table entries: 128 (order: 0, 4096 bytes)
[    1.569019] UDP-Lite hash table entries: 128 (order: 0, 4096 bytes)
[    1.571563] NET: Registered protocol family 1
[    1.573053] pci 0000:00:00.0: Limiting direct PCI/PCI transfers
[    1.573934] pci 0000:00:01.0: PIIX3: Enabling Passive Release
[    1.574851] pci 0000:00:01.0: Activating ISA DMA hang workarounds
[    1.579662] ACPI: PCI Interrupt Link [LNKD] enabled at IRQ 11
[    1.581522] pci 0000:00:01.2: PCI INT D -&gt; Link[LNKD] -&gt; GSI 11 (level, high) -&gt; IRQ 11
[    1.583485] pci 0000:00:01.2: PCI INT D disabled
[    1.606780] Trying to unpack rootfs image as initramfs...
[    1.627890] audit: initializing netlink socket (disabled)
[    1.630649] type=2000 audit(1450692201.628:1): initialized
[    1.915308] HugeTLB registered 2 MB page size, pre-allocated 0 pages
[    2.010314] VFS: Disk quotas dquot_6.5.2
[    2.011805] Dquot-cache hash table entries: 512 (order 0, 4096 bytes)
[    2.034317] fuse init (API version 7.17)
[    2.037405] msgmni has been set to 84
[    2.081652] Block layer SCSI generic (bsg) driver version 0.4 loaded (major 253)
[    2.082856] io scheduler noop registered
[    2.083508] io scheduler deadline registered (default)
[    2.085264] io scheduler cfq registered
[    2.088091] pci_hotplug: PCI Hot Plug PCI Core version: 0.5
[    2.090625] pciehp: PCI Express Hot Plug Controller Driver version: 0.4
[    2.095779] input: Power Button as /devices/LNXSYSTM:00/LNXPWRBN:00/input/input0
[    2.097960] ACPI: Power Button [PWRF]
[    2.145947] ERST: Table is not found!
[    2.146376] GHES: HEST is not enabled!
[    2.149915] ACPI: PCI Interrupt Link [LNKC] enabled at IRQ 10
[    2.150695] virtio-pci 0000:00:03.0: PCI INT A -&gt; Link[LNKC] -&gt; GSI 10 (level, high) -&gt; IRQ 10
[    2.154546] virtio-pci 0000:00:04.0: PCI INT A -&gt; Link[LNKD] -&gt; GSI 11 (level, high) -&gt; IRQ 11
[    2.160714] Freeing initrd memory: 3656k freed
[    2.160714] ACPI: PCI Interrupt Link [LNKA] enabled at IRQ 10
[    2.160714] virtio-pci 0000:00:05.0: PCI INT A -&gt; Link[LNKA] -&gt; GSI 10 (level, high) -&gt; IRQ 10
[    2.160714] Serial: 8250/16550 driver, 32 ports, IRQ sharing enabled
[    2.537943] serial8250: ttyS0 at I/O 0x3f8 (irq = 4) is a 16550A
[    2.578231] serial8250: ttyS1 at I/O 0x2f8 (irq = 3) is a 16550A
[    2.589057] Refined TSC clocksource calibration: 2295.863 MHz.
[    2.589827] Switching to clocksource tsc
[    2.651713] 00:05: ttyS0 at I/O 0x3f8 (irq = 4) is a 16550A
[    2.688609] 00:06: ttyS1 at I/O 0x2f8 (irq = 3) is a 16550A
[    2.695339] Linux agpgart interface v0.103
[    2.729932] brd: module loaded
[    2.745093] loop: module loaded
[    2.777592]  vda: unknown partition table
[    2.805417] scsi0 : ata_piix
[    2.807613] scsi1 : ata_piix
[    2.809697] ata1: PATA max MWDMA2 cmd 0x1f0 ctl 0x3f6 bmdma 0xc0a0 irq 14
[    2.810554] ata2: PATA max MWDMA2 cmd 0x170 ctl 0x376 bmdma 0xc0a8 irq 15
[    2.822043] Fixed MDIO Bus: probed
[    2.822864] tun: Universal TUN/TAP device driver, 1.6
[    2.823610] tun: (C) 1999-2004 Max Krasnyansky &lt;maxk@qualcomm.com&gt;
[    2.842736] PPP generic driver version 2.4.2
[    2.849230] ehci_hcd: USB 2.0 'Enhanced' Host Controller (EHCI) Driver
[    2.850488] ohci_hcd: USB 1.1 'Open' Host Controller (OHCI) Driver
[    2.851799] uhci_hcd: USB Universal Host Controller Interface driver
[    2.853849] uhci_hcd 0000:00:01.2: PCI INT D -&gt; Link[LNKD] -&gt; GSI 11 (level, high) -&gt; IRQ 11
[    2.858203] uhci_hcd 0000:00:01.2: UHCI Host Controller
[    2.861271] uhci_hcd 0000:00:01.2: new USB bus registered, assigned bus number 1
[    2.862548] uhci_hcd 0000:00:01.2: irq 11, io base 0x0000c040
[    2.881761] hub 1-0:1.0: USB hub found
[    2.885453] hub 1-0:1.0: 2 ports detected
[    2.895988] usbcore: registered new interface driver libusual
[    2.900157] i8042: PNP: PS/2 Controller [PNP0303:KBD,PNP0f13:MOU] at 0x60,0x64 irq 1,12
[    2.909188] serio: i8042 KBD port at 0x60,0x64 irq 1
[    2.911229] serio: i8042 AUX port at 0x60,0x64 irq 12
[    2.917599] mousedev: PS/2 mouse device common for all mice
[    2.927405] input: AT Translated Set 2 keyboard as /devices/platform/i8042/serio0/input/input1
[    2.932111] rtc_cmos 00:01: RTC can wake from S4
[    2.945437] rtc_cmos 00:01: rtc core: registered rtc_cmos as rtc0
[    2.950612] rtc0: alarms up to one day, 114 bytes nvram, hpet irqs
[    2.953197] device-mapper: uevent: version 1.0.3
[    2.957270] device-mapper: ioctl: 4.22.0-ioctl (2011-10-19) initialised: dm-devel@redhat.com
[    2.960078] cpuidle: using governor ladder
[    2.961217] cpuidle: using governor menu
[    2.962217] EFI Variables Facility v0.08 2004-May-17
[    2.972761] TCP cubic registered
[    2.977581] NET: Registered protocol family 10
[    3.003071] NET: Registered protocol family 17
[    3.004810] Registering the dns_resolver key type
[    3.027765] registered taskstats version 1
[    3.036008] ata2.01: ATAPI: QEMU DVD-ROM, 2.0.0, max UDMA/100
[    3.054003] ata2.01: configured for MWDMA2
[    3.093233] scsi 1:0:1:0: CD-ROM            QEMU     QEMU DVD-ROM     2.0. PQ: 0 ANSI: 5
[    3.249456] sr0: scsi3-mmc drive: 4x/4x cd/rw xa/form2 tray
[    3.257665] cdrom: Uniform CD-ROM driver Revision: 3.20
[    3.324923] sr 1:0:1:0: Attached scsi generic sg0 type 5
[    3.666316]   Magic number: 11:188:73
[    3.677831] rtc_cmos 00:01: setting system clock to 2015-12-21 10:03:24 UTC (1450692204)
[    3.680074] powernow-k8: Processor cpuid 663 not supported
[    3.686206] BIOS EDD facility v0.16 2004-Jun-25, 0 devices found
[    3.688810] EDD information not available.
[    3.754665] Freeing unused kernel memory: 928k freed
[    3.768150] Write protecting the kernel read-only data: 12288k
[    3.918111] Freeing unused kernel memory: 1596k freed
[    4.007728] Freeing unused kernel memory: 1184k freed

info: initramfs: up at 4.24
modprobe: module virtio_blk not found in modules.dep
modprobe: module virtio_net not found in modules.dep
info: copying initramfs to /dev/vda
info: initramfs loading root from /dev/vda
info: /etc/init.d/rc.sysinit: up at 9.06
info: container: none
Starting logging: OK
modprobe: module virtio_blk not found in modules.dep
modprobe: module virtio_net not found in modules.dep
WARN: /etc/rc3.d/S10-load-modules failed
Initializing random number generator... done.
Starting acpid: OK
cirros-ds 'local' up at 11.69
found datasource (configdrive, local)
Starting network...
udhcpc (v1.20.1) started
Sending discover...
Sending discover...

2015-12-21 10:05:21,870 21887 INFO     [tempest_lib.common.rest_client] Request (TestNetworkAdvancedServerOps:_run_cleanups): 204 DELETE http://10.0.2.15:9696/v2.0/floatingips/35e89d1c-b308-420c-bb18-1724d55c7124 0.279s
2015-12-21 10:05:21,870 21887 DEBUG    [tempest_lib.common.rest_client] Request - Headers: {'Content-Type': 'application/json', 'Accept': 'application/json', 'X-Auth-Token': '&lt;omitted&gt;'}
        Body: None
    Response - Headers: {'date': 'Mon, 21 Dec 2015 10:05:21 GMT', 'status': '204', 'connection': 'close', 'content-length': '0', 'x-openstack-request-id': 'req-11a27419-4a7c-45e9-8cac-5e35607e0029'}
        Body: 
2015-12-21 10:05:22,201 21887 INFO     [tempest_lib.common.rest_client] Request (TestNetworkAdvancedServerOps:_run_cleanups): 204 DELETE http://10.0.2.15:8774/v2.1/80d7d197206f4cd58f15577850a3a234/servers/444d9ae2-1a52-477e-a042-ad97a66cd458 0.330s
2015-12-21 10:05:22,202 21887 DEBUG    [tempest_lib.common.rest_client] Request - Headers: {'Content-Type': 'application/json', 'Accept': 'application/json', 'X-Auth-Token': '&lt;omitted&gt;'}
        Body: None
    Response - Headers: {'status': '204', 'content-length': '0', 'x-compute-request-id': 'req-0b1f24f5-84ce-41a4-ac11-f4e68cbb2070', 'vary': 'X-OpenStack-Nova-API-Version', 'connection': 'close', 'x-openstack-nova-api-version': '2.1', 'date': 'Mon, 21 Dec 2015 10:05:22 GMT', 'content-type': 'application/json'}
        Body: 
2015-12-21 10:05:22,430 21887 INFO     [tempest_lib.common.rest_client] Request (TestNetworkAdvancedServerOps:_run_cleanups): 200 GET http://10.0.2.15:8774/v2.1/80d7d197206f4cd58f15577850a3a234/servers/444d9ae2-1a52-477e-a042-ad97a66cd458 0.227s
2015-12-21 10:05:22,431 21887 DEBUG    [tempest_lib.common.rest_client] Request - Headers: {'Content-Type': 'application/json', 'Accept': 'application/json', 'X-Auth-Token': '&lt;omitted&gt;'}
        Body: None
    Response - Headers: {'status': '200', 'content-length': '1785', 'content-location': 'http://10.0.2.15:8774/v2.1/80d7d197206f4cd58f15577850a3a234/servers/444d9ae2-1a52-477e-a042-ad97a66cd458', 'x-compute-request-id': 'req-9d2627bd-18f5-4622-a41a-959f2fac92e4', 'vary': 'X-OpenStack-Nova-API-Version', 'connection': 'close', 'x-openstack-nova-api-version': '2.1', 'date': 'Mon, 21 Dec 2015 10:05:22 GMT', 'content-type': 'application/json'}
        Body: {"server": {"status": "ACTIVE", "updated": "2015-12-21T10:05:22Z", "hostId": "18c01002b59d7f08bf76efc147bb9435a39948cb46700f33d56ebd71", "addresses": {"tempest-network-smoke--1154805255": [{"OS-EXT-IPS-MAC:mac_addr": "fa:16:3e:b0:bf:a1", "version": 4, "addr": "10.100.0.3", "OS-EXT-IPS:type": "fixed"}, {"OS-EXT-IPS-MAC:mac_addr": "fa:16:3e:b0:bf:a1", "version": 4, "addr": "172.24.4.4", "OS-EXT-IPS:type": "floating"}]}, "links": [{"href": "http://10.0.2.15:8774/v2.1/80d7d197206f4cd58f15577850a3a234/servers/444d9ae2-1a52-477e-a042-ad97a66cd458", "rel": "self"}, {"href": "http://10.0.2.15:8774/80d7d197206f4cd58f15577850a3a234/servers/444d9ae2-1a52-477e-a042-ad97a66cd458", "rel": "bookmark"}], "key_name": "tempest-TestNetworkAdvancedServerOps-1819667715", "image": {"id": "9d8ab60d-6639-4ff0-a5a9-acaf96029dad", "links": [{"href": "http://10.0.2.15:8774/80d7d197206f4cd58f15577850a3a234/images/9d8ab60d-6639-4ff0-a5a9-acaf96029dad", "rel": "bookmark"}]}, "OS-EXT-STS:task_state": "deleting", "OS-EXT-STS:vm_state": "active", "OS-SRV-USG:launched_at": "2015-12-21T10:03:17.000000", "flavor": {"id": "42", "links": [{"href": "http://10.0.2.15:8774/80d7d197206f4cd58f15577850a3a234/flavors/42", "rel": "bookmark"}]}, "id": "444d9ae2-1a52-477e-a042-ad97a66cd458", "security_groups": [{"name": "tempest-secgroup-smoke-351133812"}], "OS-SRV-USG:terminated_at": null, "OS-EXT-AZ:availability_zone": "nova", "user_id": "5e34dbaa027044538469c2990f2e9bfe", "name": "tempest.common.compute-instance-1980269698", "created": "2015-12-21T10:03:13Z", "tenant_id": "80d7d197206f4cd58f15577850a3a234", "OS-DCF:diskConfig": "MANUAL", "os-extended-volumes:volumes_attached": [], "accessIPv4": "", "accessIPv6": "", "progress": 0, "OS-EXT-STS:power_state": 1, "config_drive": "True", "metadata": {}}}
2015-12-21 10:05:23,623 21887 INFO     [tempest_lib.common.rest_client] Request (TestNetworkAdvancedServerOps:_run_cleanups): 200 GET http://10.0.2.15:8774/v2.1/80d7d197206f4cd58f15577850a3a234/servers/444d9ae2-1a52-477e-a042-ad97a66cd458 0.172s
2015-12-21 10:05:23,624 21887 DEBUG    [tempest_lib.common.rest_client] Request - Headers: {'Content-Type': 'application/json', 'Accept': 'application/json', 'X-Auth-Token': '&lt;omitted&gt;'}
        Body: None
    Response - Headers: {'status': '200', 'content-length': '1718', 'content-location': 'http://10.0.2.15:8774/v2.1/80d7d197206f4cd58f15577850a3a234/servers/444d9ae2-1a52-477e-a042-ad97a66cd458', 'x-compute-request-id': 'req-fef38a25-7344-46f8-b676-7ea1fdc1d515', 'vary': 'X-OpenStack-Nova-API-Version', 'connection': 'close', 'x-openstack-nova-api-version': '2.1', 'date': 'Mon, 21 Dec 2015 10:05:23 GMT', 'content-type': 'application/json'}
        Body: {"server": {"status": "ACTIVE", "updated": "2015-12-21T10:05:22Z", "hostId": "18c01002b59d7f08bf76efc147bb9435a39948cb46700f33d56ebd71", "addresses": {"tempest-network-smoke--1154805255": [{"OS-EXT-IPS-MAC:mac_addr": "fa:16:3e:b0:bf:a1", "version": 4, "addr": "10.100.0.3", "OS-EXT-IPS:type": "fixed"}, {"OS-EXT-IPS-MAC:mac_addr": "fa:16:3e:b0:bf:a1", "version": 4, "addr": "172.24.4.4", "OS-EXT-IPS:type": "floating"}]}, "links": [{"href": "http://10.0.2.15:8774/v2.1/80d7d197206f4cd58f15577850a3a234/servers/444d9ae2-1a52-477e-a042-ad97a66cd458", "rel": "self"}, {"href": "http://10.0.2.15:8774/80d7d197206f4cd58f15577850a3a234/servers/444d9ae2-1a52-477e-a042-ad97a66cd458", "rel": "bookmark"}], "key_name": "tempest-TestNetworkAdvancedServerOps-1819667715", "image": {"id": "9d8ab60d-6639-4ff0-a5a9-acaf96029dad", "links": [{"href": "http://10.0.2.15:8774/80d7d197206f4cd58f15577850a3a234/images/9d8ab60d-6639-4ff0-a5a9-acaf96029dad", "rel": "bookmark"}]}, "OS-EXT-STS:task_state": "deleting", "OS-EXT-STS:vm_state": "active", "OS-SRV-USG:launched_at": "2015-12-21T10:03:17.000000", "flavor": {"id": "42", "links": [{"href": "http://10.0.2.15:8774/80d7d197206f4cd58f15577850a3a234/flavors/42", "rel": "bookmark"}]}, "id": "444d9ae2-1a52-477e-a042-ad97a66cd458", "OS-SRV-USG:terminated_at": null, "OS-EXT-AZ:availability_zone": "nova", "user_id": "5e34dbaa027044538469c2990f2e9bfe", "name": "tempest.common.compute-instance-1980269698", "created": "2015-12-21T10:03:13Z", "tenant_id": "80d7d197206f4cd58f15577850a3a234", "OS-DCF:diskConfig": "MANUAL", "os-extended-volumes:volumes_attached": [], "accessIPv4": "", "accessIPv6": "", "progress": 0, "OS-EXT-STS:power_state": 1, "config_drive": "True", "metadata": {}}}
2015-12-21 10:05:24,721 21887 INFO     [tempest_lib.common.rest_client] Request (TestNetworkAdvancedServerOps:_run_cleanups): 404 GET http://10.0.2.15:8774/v2.1/80d7d197206f4cd58f15577850a3a234/servers/444d9ae2-1a52-477e-a042-ad97a66cd458 0.084s
2015-12-21 10:05:24,721 21887 DEBUG    [tempest_lib.common.rest_client] Request - Headers: {'Content-Type': 'application/json', 'Accept': 'application/json', 'X-Auth-Token': '&lt;omitted&gt;'}
        Body: None
    Response - Headers: {'status': '404', 'content-length': '111', 'x-compute-request-id': 'req-0b205e1e-c6a8-49ed-9111-52982d5bde55', 'vary': 'X-OpenStack-Nova-API-Version', 'connection': 'close', 'x-openstack-nova-api-version': '2.1', 'date': 'Mon, 21 Dec 2015 10:05:24 GMT', 'content-type': 'application/json; charset=UTF-8'}
        Body: {"itemNotFound": {"message": "Instance 444d9ae2-1a52-477e-a042-ad97a66cd458 could not be found.", "code": 404}}
2015-12-21 10:05:25,227 21887 INFO     [tempest_lib.common.rest_client] Request (TestNetworkAdvancedServerOps:_run_cleanups): 200 PUT http://10.0.2.15:9696/v2.0/routers/6ded8e79-ce5e-4336-ae21-e23fc0568ae2/remove_router_interface 0.505s
2015-12-21 10:05:25,229 21887 DEBUG    [tempest_lib.common.rest_client] Request - Headers: {'Content-Type': 'application/json', 'Accept': 'application/json', 'X-Auth-Token': '&lt;omitted&gt;'}
        Body: {"subnet_id": "eb705629-fa7c-45cc-9b20-62cd872348ab"}
    Response - Headers: {'status': '200', 'content-length': '255', 'connection': 'close', 'date': 'Mon, 21 Dec 2015 10:05:25 GMT', 'content-type': 'application/json; charset=UTF-8', 'x-openstack-request-id': 'req-53d14edf-adde-40d9-ac2c-d381428dbaa0'}
        Body: {"subnet_id": "eb705629-fa7c-45cc-9b20-62cd872348ab", "tenant_id": "80d7d197206f4cd58f15577850a3a234", "subnet_ids": ["eb705629-fa7c-45cc-9b20-62cd872348ab"], "port_id": "792c5dd0-8a3f-42dc-a399-765f5defc85e", "id": "6ded8e79-ce5e-4336-ae21-e23fc0568ae2"}
2015-12-21 10:05:25,747 21887 INFO     [tempest_lib.common.rest_client] Request (TestNetworkAdvancedServerOps:_run_cleanups): 204 DELETE http://10.0.2.15:9696/v2.0/subnets/eb705629-fa7c-45cc-9b20-62cd872348ab 0.517s
2015-12-21 10:05:25,747 21887 DEBUG    [tempest_lib.common.rest_client] Request - Headers: {'Content-Type': 'application/json', 'Accept': 'application/json', 'X-Auth-Token': '&lt;omitted&gt;'}
        Body: None
    Response - Headers: {'date': 'Mon, 21 Dec 2015 10:05:25 GMT', 'status': '204', 'connection': 'close', 'content-length': '0', 'x-openstack-request-id': 'req-e738d67a-c465-4672-8731-8356df5ab979'}
        Body: 
2015-12-21 10:05:25,836 21887 INFO     [tempest_lib.common.rest_client] Request (TestNetworkAdvancedServerOps:_run_cleanups): 200 GET http://10.0.2.15:9696/v2.0/routers/6ded8e79-ce5e-4336-ae21-e23fc0568ae2 0.088s
2015-12-21 10:05:25,837 21887 DEBUG    [tempest_lib.common.rest_client] Request - Headers: {'Content-Type': 'application/json', 'Accept': 'application/json', 'X-Auth-Token': '&lt;omitted&gt;'}
        Body: None
    Response - Headers: {'status': '200', 'content-length': '564', 'content-location': 'http://10.0.2.15:9696/v2.0/routers/6ded8e79-ce5e-4336-ae21-e23fc0568ae2', 'connection': 'close', 'date': 'Mon, 21 Dec 2015 10:05:25 GMT', 'content-type': 'application/json; charset=UTF-8', 'x-openstack-request-id': 'req-cce7f26a-c8e9-467c-9171-b3bdb48cabf0'}
        Body: {"router": {"status": "ACTIVE", "external_gateway_info": {"network_id": "29826b4f-d4c8-4d3b-a0aa-7687c2408b54", "enable_snat": true, "external_fixed_ips": [{"subnet_id": "68317e34-f3dc-454e-8ba6-a4eda58ef534", "ip_address": "172.24.4.3"}, {"subnet_id": "fe70f646-865e-4687-ab6c-30fed771237f", "ip_address": "2001:db8::4"}]}, "availability_zone_hints": [], "availability_zones": ["nova"], "name": "tempest-router-smoke-2109886766", "admin_state_up": true, "tenant_id": "80d7d197206f4cd58f15577850a3a234", "routes": [], "id": "6ded8e79-ce5e-4336-ae21-e23fc0568ae2"}}
2015-12-21 10:05:26,260 21887 INFO     [tempest_lib.common.rest_client] Request (TestNetworkAdvancedServerOps:_run_cleanups): 200 PUT http://10.0.2.15:9696/v2.0/routers/6ded8e79-ce5e-4336-ae21-e23fc0568ae2 0.423s
2015-12-21 10:05:26,261 21887 DEBUG    [tempest_lib.common.rest_client] Request - Headers: {'Content-Type': 'application/json', 'Accept': 'application/json', 'X-Auth-Token': '&lt;omitted&gt;'}
        Body: {"router": {"external_gateway_info": {}, "name": "tempest-router-smoke-2109886766", "admin_state_up": true}}
    Response - Headers: {'status': '200', 'content-length': '302', 'connection': 'close', 'date': 'Mon, 21 Dec 2015 10:05:26 GMT', 'content-type': 'application/json; charset=UTF-8', 'x-openstack-request-id': 'req-97608d16-4bf3-49de-aa6f-3b431164b480'}
        Body: {"router": {"status": "ACTIVE", "external_gateway_info": null, "availability_zone_hints": [], "availability_zones": ["nova"], "name": "tempest-router-smoke-2109886766", "admin_state_up": true, "tenant_id": "80d7d197206f4cd58f15577850a3a234", "routes": [], "id": "6ded8e79-ce5e-4336-ae21-e23fc0568ae2"}}
2015-12-21 10:05:26,519 21887 INFO     [tempest_lib.common.rest_client] Request (TestNetworkAdvancedServerOps:_run_cleanups): 204 DELETE http://10.0.2.15:9696/v2.0/routers/6ded8e79-ce5e-4336-ae21-e23fc0568ae2 0.257s
2015-12-21 10:05:26,519 21887 DEBUG    [tempest_lib.common.rest_client] Request - Headers: {'Content-Type': 'application/json', 'Accept': 'application/json', 'X-Auth-Token': '&lt;omitted&gt;'}
        Body: None
    Response - Headers: {'date': 'Mon, 21 Dec 2015 10:05:26 GMT', 'status': '204', 'connection': 'close', 'content-length': '0', 'x-openstack-request-id': 'req-0ad38dad-0e5a-4865-8a54-3daee886b901'}
        Body: 
2015-12-21 10:05:26,763 21887 INFO     [tempest_lib.common.rest_client] Request (TestNetworkAdvancedServerOps:_run_cleanups): 204 DELETE http://10.0.2.15:9696/v2.0/networks/ba34c0e0-797d-4d63-a37a-3ba45feef1f8 0.242s
2015-12-21 10:05:26,763 21887 DEBUG    [tempest_lib.common.rest_client] Request - Headers: {'Content-Type': 'application/json', 'Accept': 'application/json', 'X-Auth-Token': '&lt;omitted&gt;'}
        Body: None
    Response - Headers: {'date': 'Mon, 21 Dec 2015 10:05:26 GMT', 'status': '204', 'connection': 'close', 'content-length': '0', 'x-openstack-request-id': 'req-446ba03c-9090-4eb4-83c0-cbdeb986bd36'}
        Body: 
2015-12-21 10:05:26,832 21887 INFO     [tempest_lib.common.rest_client] Request (TestNetworkAdvancedServerOps:_run_cleanups): 204 DELETE http://10.0.2.15:9696/v2.0/security-group-rules/264442d5-575b-4874-abec-1a4a07fcbb14 0.067s
2015-12-21 10:05:26,832 21887 DEBUG    [tempest_lib.common.rest_client] Request - Headers: {'Content-Type': 'application/json', 'Accept': 'application/json', 'X-Auth-Token': '&lt;omitted&gt;'}
        Body: None
    Response - Headers: {'date': 'Mon, 21 Dec 2015 10:05:26 GMT', 'status': '204', 'connection': 'close', 'content-length': '0', 'x-openstack-request-id': 'req-7c75018c-3510-48a3-8b60-fa7e3c6c40f9'}
        Body: 
2015-12-21 10:05:26,889 21887 INFO     [tempest_lib.common.rest_client] Request (TestNetworkAdvancedServerOps:_run_cleanups): 204 DELETE http://10.0.2.15:9696/v2.0/security-group-rules/89f07c7e-0c15-4d3d-ac46-3ad9fbbf81d6 0.055s
2015-12-21 10:05:26,889 21887 DEBUG    [tempest_lib.common.rest_client] Request - Headers: {'Content-Type': 'application/json', 'Accept': 'application/json', 'X-Auth-Token': '&lt;omitted&gt;'}
        Body: None
    Response - Headers: {'date': 'Mon, 21 Dec 2015 10:05:26 GMT', 'status': '204', 'connection': 'close', 'content-length': '0', 'x-openstack-request-id': 'req-03a5cea7-0084-4c44-8ece-3e4b0acec8cd'}
        Body: 
2015-12-21 10:05:26,951 21887 INFO     [tempest_lib.common.rest_client] Request (TestNetworkAdvancedServerOps:_run_cleanups): 204 DELETE http://10.0.2.15:9696/v2.0/security-group-rules/577d2720-bdb3-4462-871a-115ea3dc87a7 0.060s
2015-12-21 10:05:26,952 21887 DEBUG    [tempest_lib.common.rest_client] Request - Headers: {'Content-Type': 'application/json', 'Accept': 'application/json', 'X-Auth-Token': '&lt;omitted&gt;'}
        Body: None
    Response - Headers: {'date': 'Mon, 21 Dec 2015 10:05:26 GMT', 'status': '204', 'connection': 'close', 'content-length': '0', 'x-openstack-request-id': 'req-71c7a599-1ee8-47ec-b440-0fe8b6ba993a'}
        Body: 
2015-12-21 10:05:27,020 21887 INFO     [tempest_lib.common.rest_client] Request (TestNetworkAdvancedServerOps:_run_cleanups): 204 DELETE http://10.0.2.15:9696/v2.0/security-group-rules/669685a6-89e9-4494-bb9f-8041652945e9 0.067s
2015-12-21 10:05:27,021 21887 DEBUG    [tempest_lib.common.rest_client] Request - Headers: {'Content-Type': 'application/json', 'Accept': 'application/json', 'X-Auth-Token': '&lt;omitted&gt;'}
        Body: None
    Response - Headers: {'date': 'Mon, 21 Dec 2015 10:05:27 GMT', 'status': '204', 'connection': 'close', 'content-length': '0', 'x-openstack-request-id': 'req-970e83b2-12e3-48f2-9a6b-4c79526b910f'}
        Body: 
2015-12-21 10:05:27,077 21887 INFO     [tempest_lib.common.rest_client] Request (TestNetworkAdvancedServerOps:_run_cleanups): 204 DELETE http://10.0.2.15:9696/v2.0/security-group-rules/afda1b4d-d128-4225-8619-e071bc5bceb3 0.055s
2015-12-21 10:05:27,078 21887 DEBUG    [tempest_lib.common.rest_client] Request - Headers: {'Content-Type': 'application/json', 'Accept': 'application/json', 'X-Auth-Token': '&lt;omitted&gt;'}
        Body: None
    Response - Headers: {'date': 'Mon, 21 Dec 2015 10:05:27 GMT', 'status': '204', 'connection': 'close', 'content-length': '0', 'x-openstack-request-id': 'req-0ef96c5a-d76e-4d94-a921-4df8a410dd0a'}
        Body: 
2015-12-21 10:05:27,142 21887 INFO     [tempest_lib.common.rest_client] Request (TestNetworkAdvancedServerOps:_run_cleanups): 204 DELETE http://10.0.2.15:9696/v2.0/security-group-rules/b5fbcff7-ab2f-46f7-8874-324f0a6f759a 0.063s
2015-12-21 10:05:27,142 21887 DEBUG    [tempest_lib.common.rest_client] Request - Headers: {'Content-Type': 'application/json', 'Accept': 'application/json', 'X-Auth-Token': '&lt;omitted&gt;'}
        Body: None
    Response - Headers: {'date': 'Mon, 21 Dec 2015 10:05:27 GMT', 'status': '204', 'connection': 'close', 'content-length': '0', 'x-openstack-request-id': 'req-412dd03a-5bee-4203-b2b4-1b4a2d865305'}
        Body: 
2015-12-21 10:05:27,226 21887 INFO     [tempest_lib.common.rest_client] Request (TestNetworkAdvancedServerOps:_run_cleanups): 204 DELETE http://10.0.2.15:9696/v2.0/security-groups/05766206-939b-488e-9ef7-ae502084a081 0.083s
2015-12-21 10:05:27,226 21887 DEBUG    [tempest_lib.common.rest_client] Request - Headers: {'Content-Type': 'application/json', 'Accept': 'application/json', 'X-Auth-Token': '&lt;omitted&gt;'}
        Body: None
    Response - Headers: {'date': 'Mon, 21 Dec 2015 10:05:27 GMT', 'status': '204', 'connection': 'close', 'content-length': '0', 'x-openstack-request-id': 'req-ad10736c-393d-4abf-ad59-1bbdcaee3049'}
        Body: 
2015-12-21 10:05:27,247 21887 INFO     [tempest_lib.common.rest_client] Request (TestNetworkAdvancedServerOps:_run_cleanups): 202 DELETE http://10.0.2.15:8774/v2.1/80d7d197206f4cd58f15577850a3a234/os-keypairs/tempest-TestNetworkAdvancedServerOps-1819667715 0.020s
2015-12-21 10:05:27,248 21887 DEBUG    [tempest_lib.common.rest_client] Request - Headers: {'Content-Type': 'application/json', 'Accept': 'application/json', 'X-Auth-Token': '&lt;omitted&gt;'}
        Body: None
    Response - Headers: {'status': '202', 'content-length': '0', 'x-compute-request-id': 'req-45771bc9-bdbf-4421-bf1a-0a931bdf36d5', 'vary': 'X-OpenStack-Nova-API-Version', 'connection': 'close', 'x-openstack-nova-api-version': '2.1', 'date': 'Mon, 21 Dec 2015 10:05:27 GMT', 'content-type': 'application/json'}
        Body: 
2015-12-21 10:05:27,339 21887 INFO     [tempest_lib.common.rest_client] Request (TestNetworkAdvancedServerOps:_run_cleanups): 404 GET http://10.0.2.15:8774/v2.1/80d7d197206f4cd58f15577850a3a234/servers/444d9ae2-1a52-477e-a042-ad97a66cd458 0.089s
2015-12-21 10:05:27,340 21887 DEBUG    [tempest_lib.common.rest_client] Request - Headers: {'Content-Type': 'application/json', 'Accept': 'application/json', 'X-Auth-Token': '&lt;omitted&gt;'}
        Body: None
    Response - Headers: {'status': '404', 'content-length': '111', 'x-compute-request-id': 'req-f3a7cae3-f87d-4126-a49c-9ef03cac8b27', 'vary': 'X-OpenStack-Nova-API-Version', 'connection': 'close', 'x-openstack-nova-api-version': '2.1', 'date': 'Mon, 21 Dec 2015 10:05:27 GMT', 'content-type': 'application/json; charset=UTF-8'}
        Body: {"itemNotFound": {"message": "Instance 444d9ae2-1a52-477e-a042-ad97a66cd458 could not be found.", "code": 404}}
}}}

Traceback (most recent call last):
  File "tempest/test.py", line 113, in wrapper
    return f(self, *func_args, **func_kwargs)
  File "tempest/scenario/test_network_advanced_server_ops.py", line 134, in test_server_connectivity_pause_unpause
    server, keypair, floating_ip = self._setup_network_and_servers()
  File "tempest/scenario/test_network_advanced_server_ops.py", line 71, in _setup_network_and_servers
    server, keypair, floating_ip)
  File "tempest/scenario/test_network_advanced_server_ops.py", line 95, in _wait_server_status_and_check_network_connectivity
    self._check_network_connectivity(server, keypair, floating_ip)
  File "tempest/scenario/test_network_advanced_server_ops.py", line 88, in _check_network_connectivity
    servers=[server])
  File "tempest/scenario/manager.py", line 608, in check_public_network_connectivity
    should_connect=should_connect)
  File "tempest/scenario/manager.py", line 592, in check_vm_connectivity
    msg=msg)
  File "/usr/local/lib/python2.7/dist-packages/unittest2/case.py", line 702, in assertTrue
    raise self.failureException(msg)
AssertionError: False is not true : Timed out waiting for 172.24.4.4 to become reachable



        </pre>
    </div>
    <!--css div popup end-->

    </td>
</tr>

<tr id='ft1.2' class='none'>
    <td class='failCase'><div class='testcase'>test_server_connectivity_reboot[compute,id-7b6860c2-afa3-4846-9522-adeb38dfbe08,network]</div></td>
    <td colspan='7' align='left'>

    <!--css div popup start-->
    <a class="popup_link" onfocus='this.blur();'
    href="javascript:showTestDetail('div_ft1.2')" >
        fail</a>

    <div id='div_ft1.2' class="popup_window">
        <div style='text-align: right; color:red;cursor:pointer'>
        <a onfocus='this.blur();'
onclick="document.getElementById('div_ft1.2').style.display = 'none' " >
           [x]</a>
