<?xml version="1.0" encoding="UTF-8"?>
<!DOCTYPE html PUBLIC "-//W3C//DTD XHTML 1.0 Strict//EN"
     "http://www.w3.org/TR/xhtml1/DTD/xhtml1-strict.dtd">
<html xmlns="http://www.w3.org/1999/xhtml">
<head>
    <title>Unit Test Report</title>
    <meta name="generator" content="subunit2html 0.1"/>
    <meta http-equiv="Content-Type" content="text/html; charset=UTF-8"/>
    
<style type="text/css" media="screen">
body        { font-family: verdana, arial, helvetica, sans-serif;
    font-size: 80%; }
table       { font-size: 100%; width: 100%;}
pre         { font-size: 80%; }

/* -- heading -------------------------------------------------------------- */
h1 {
        font-size: 16pt;
        color: gray;
}
.heading {
    margin-top: 0ex;
    margin-bottom: 1ex;
}

.heading .attribute {
    margin-top: 1ex;
    margin-bottom: 0;
}

.heading .description {
    margin-top: 4ex;
    margin-bottom: 6ex;
}

/* -- css div popup -------------------------------------------------------- */
a.popup_link {
}

a.popup_link:hover {
    color: red;
}

.popup_window {
    display: none;
    overflow-x: scroll;
    /*border: solid #627173 1px; */
    padding: 10px;
    background-color: #E6E6D6;
    font-family: "Ubuntu Mono", "Lucida Console", "Courier New", monospace;
    text-align: left;
    font-size: 8pt;
}

}
/* -- report --------------------------------------------------------------- */
#show_detail_line {
    margin-top: 3ex;
    margin-bottom: 1ex;
}
#result_table {
    width: 100%;
    border-collapse: collapse;
    border: 1px solid #777;
}
#header_row {
    font-weight: bold;
    color: white;
    background-color: #777;
}
#result_table td {
    border: 1px solid #777;
    padding: 2px;
}
#total_row  { font-weight: bold; }
.passClass  { background-color: #6c6; }
.failClass  { background-color: #c60; }
.errorClass { background-color: #c00; }
.passCase   { color: #6c6; }
.failCase   { color: #c60; font-weight: bold; }
.errorCase  { color: #c00; font-weight: bold; }
.hiddenRow  { display: none; }
.testcase   { margin-left: 2em; }
td.testname {width: 40%}
td.small {width: 40px}

/* -- ending --------------------------------------------------------------- */
#ending {
}

</style>

</head>
<body>
<script language="javascript" type="text/javascript"><!--
output_list = Array();

/* level - 0:Summary; 1:Failed; 2:All */
function showCase(level) {
    trs = document.getElementsByTagName("tr");
    for (var i = 0; i < trs.length; i++) {
        tr = trs[i];
        id = tr.id;
        if (id.substr(0,2) == 'ft') {
            if (level < 1) {
                tr.className = 'hiddenRow';
            }
            else {
                tr.className = '';
            }
        }
        if (id.substr(0,2) == 'pt') {
            if (level > 1) {
                tr.className = '';
            }
            else {
                tr.className = 'hiddenRow';
            }
        }
    }
}


function showClassDetail(cid, count) {
    var id_list = Array(count);
    var toHide = 1;
    for (var i = 0; i < count; i++) {
        tid0 = 't' + cid.substr(1) + '.' + (i+1);
        tid = 'f' + tid0;
        tr = document.getElementById(tid);
        if (!tr) {
            tid = 'p' + tid0;
            tr = document.getElementById(tid);
        }
        id_list[i] = tid;
        if (tr.className) {
            toHide = 0;
        }
    }
    for (var i = 0; i < count; i++) {
        tid = id_list[i];
        if (toHide) {
            document.getElementById('div_'+tid).style.display = 'none'
            document.getElementById(tid).className = 'hiddenRow';
        }
        else {
            document.getElementById(tid).className = '';
        }
    }
}


function showTestDetail(div_id){
    var details_div = document.getElementById(div_id)
    var displayState = details_div.style.display
    // alert(displayState)
    if (displayState != 'block' ) {
        displayState = 'block'
        details_div.style.display = 'block'
    }
    else {
        details_div.style.display = 'none'
    }
}


function html_escape(s) {
    s = s.replace(/&/g,'&amp;');
    s = s.replace(/</g,'&lt;');
    s = s.replace(/>/g,'&gt;');
    return s;
}

/* obsoleted by detail in <div>
function showOutput(id, name) {
    var w = window.open("", //url
                    name,
                    "resizable,scrollbars,status,width=800,height=450");
    d = w.document;
    d.write("<pre>");
    d.write(html_escape(output_list[id]));
    d.write("\n");
    d.write("<a href='javascript:window.close()'>close</a>\n");
    d.write("</pre>\n");
    d.close();
}
*/
--></script>

<div class='heading'>
<h1>Unit Test Report</h1>

<p class='attribute'><strong>Status:</strong> Failure 6</p>

<p class='description'></p>
</div>



<p id='show_detail_line'>Show
<a href='javascript:showCase(0)'>Summary</a>
<a href='javascript:showCase(1)'>Failed</a>
<a href='javascript:showCase(2)'>All</a>
</p>
<table id='result_table'>
<colgroup>
<col align='left' />
<col align='right' />
<col align='right' />
<col align='right' />
<col align='right' />
<col align='right' />
<col align='right' />
<col align='right' />
</colgroup>
<tr id='header_row'>
    <td>Test Group/Test case</td>
    <td>Count</td>
    <td>Pass</td>
    <td>Fail</td>
    <td>Error</td>
    <td>Skip</td>
    <td>View</td>
    <td> </td>
</tr>

<tr class='failClass'>
    <td class="testname">tempest.scenario.test_network_advanced_server_ops.TestNetworkAdvancedServerOps</td>
    <td class="small">6</td>
    <td class="small">0</td>
    <td class="small">6</td>
    <td class="small">0</td>
    <td class="small">0</td>
    <td class="small"><a href="javascript:showClassDetail('c1',6)"
>Detail</a></td>
    <td> </td>
</tr>

<tr id='ft1.1' class='none'>
    <td class='failCase'><div class='testcase'>test_server_connectivity_pause_unpause[compute,id-2b2642db-6568-4b35-b812-eceed3fa20ce,network]</div></td>
    <td colspan='7' align='left'>

    <!--css div popup start-->
    <a class="popup_link" onfocus='this.blur();'
    href="javascript:showTestDetail('div_ft1.1')" >
        fail</a>

    <div id='div_ft1.1' class="popup_window">
        <div style='text-align: right; color:red;cursor:pointer'>
        <a onfocus='this.blur();'
onclick="document.getElementById('div_ft1.1').style.display = 'none' " >
           [x]</a>
        </div>
        <pre>
        
ft1.1: tempest.scenario.test_network_advanced_server_ops.TestNetworkAdvancedServerOps.test_server_connectivity_pause_unpause[compute,id-2b2642db-6568-4b35-b812-eceed3fa20ce,network]_StringException: Empty attachments:
  stderr
  stdout

pythonlogging:'': {{{
2015-12-23 04:59:44,499 21870 INFO     [tempest_lib.common.rest_client] Request (TestNetworkAdvancedServerOps:test_server_connectivity_pause_unpause): 200 POST http://10.0.2.15:8774/v2.1/7a2e83977de140199097f272417c0335/os-keypairs 0.341s
2015-12-23 04:59:44,500 21870 DEBUG    [tempest_lib.common.rest_client] Request - Headers: {'Content-Type': 'application/json', 'Accept': 'application/json', 'X-Auth-Token': '&lt;omitted&gt;'}
        Body: {"keypair": {"name": "tempest-TestNetworkAdvancedServerOps-1173692987"}}
    Response - Headers: {'status': '200', 'content-length': '2334', 'x-compute-request-id': 'req-2e5e2ede-2751-42a0-b62a-170d6345e4de', 'vary': 'X-OpenStack-Nova-API-Version', 'connection': 'close', 'x-openstack-nova-api-version': '2.1', 'date': 'Wed, 23 Dec 2015 04:59:44 GMT', 'content-type': 'application/json'}
        Body: {"keypair": {"public_key": "ssh-rsa AAAAB3NzaC1yc2EAAAADAQABAAABAQDYUjKLiK1gnBGVyIbBvUcA4jAlKtz8h6BFvuziG3onUL2E2WXBuFvCiaxR/H5NTC7vExmHM1XL250iZ3OmMQl02aH7F16ysTX5HJkHb0s54F4WdBFWZTZvo6Mt4mjq8917+MOK8KMotOhnzyMo11d3vaklXFbxrULJZwMuxsA027zA+VXS4v8PLXhMjJs0tKrjbyOWmHPF+HW6rvgqHlHaZ+5wFwjxoPjCzPsde0paQR6SyNK+Lk4X3Y492ry6u9U6lza3+xZDl/FwLdJaVlr10Nu+qq1cH40mBklAyUJOzWAT5STmAymeoXEAZtbolosAXmYkcOBThBW4aSk1nZ/t Generated-by-Nova", "private_key": "-----BEGIN RSA PRIVATE KEY-----\nMIIEqgIBAAKCAQEA2FIyi4itYJwRlciGwb1HAOIwJSrc/IegRb7s4ht6J1C9hNll\nwbhbwomsUfx+TUwu7xMZhzNVy9udImdzpjEJdNmh+xdesrE1+RyZB29LOeBeFnQR\nVmU2b6OjLeJo6vPde/jDivCjKLToZ88jKNdXd72pJVxW8a1CyWcDLsbANNu8wPlV\n0uL/Dy14TIybNLSq428jlphzxfh1uq74Kh5R2mfucBcI8aD4wsz7HXtKWkEeksjS\nvi5OF92OPdq8urvVOpc2t/sWQ5fxcC3SWlZa9dDbvqqtXB+NJgZJQMlCTs1gE+Uk\n5gMpnqFxAGbW6JaLAF5mJHDgU4QVuGkpNZ2f7QIDAQABAoIBAQCiUvvuzL8dUb+4\nX+MPGpNfTFvIaCOvs65G6AAlo2zEd8ffGqtK9KaWkmymkQvNwS8u42wykgj9kmyV\nVn/n48Au2Oi93EmJWYUgy57hf1g5s+2md65S4Fw65dYbJlyIgjpfPsqtRemJMEd9\nLmg5y22tQrrceDAd5l/Jde1jemzcu+2v+RzQQsnG+d7xg07jBUYcz5xpXokY3J7E\nljzoZgZqlvfK6Um68v1KUKYI9SWjuqrQE9T0ogL095MUj8mJeIMZbebDMz/UsnK5\n3p/oR1MgFXrlPav80xechpxr+4FcucaKS4bpA3fJehHrc9zNfD3euZS0OQAlvdrd\nIQHap2mZAoIAgQDiDMQPmKCF+x3Kbk7t0Puxm5MSMzkSBxiQcsZP7OwvHxWgWG6q\nCXypMrqeZQ/Ruuxz4i7x8KtbBcrIQvwN923ugDmspnhwnDrMCmdJ310J4txG4Ue1\nZseYi7gThX4zpbbVNxVvmBCAi9fV+D2MMmfz7Vqhw8xivt39sAn6btBPCwKCAIEA\n9Ptyj4vVSnqvlaesuybBBAOgV9iGQTFrbYvYyGVTdSICjbcz/c+kAJ5bLQ9mHeJz\nKyuLCW9jvS1mXUOJBOX2ec6GzuQOHrm09PE/LcYNgc0lOk4FoEs4OFGlFgl15xDO\n+t2M2hWUdMNHOtMownGBKhXRc/PLn8mxkwETAnKXB+cCggCAYwJWacJfJO/9d2nj\nVlS/uWY7/6/B4nyLLNGovN83/9esoEO7jOyE1pMqnDAFwsYNxSAfkcbpNwANdrOo\nNPHYC6vMFyv++svjEPXJkdispqTf+Ie54eF3sQAZiytgQHzn3PG4iN1g9PzLd6O4\nSYzWbUfb95iMEAAruW7+n9sjkEsCggCBAKSSjoE0FNL13CKTA4yuGhgSP5MD2BzP\nkDWFLtpgh1I2yLRfEEQ/SxNHTkTVBWqqB2hG1h4+gChD6XJZviBWQ9/MB+/QcFPf\nuVqa/jBHzicWox2p8EmgfmIHJvnI3TWeqw0H7GlM+e/+h0lTNRx6l6SoB473hiEP\no4T3wcdxJ1idAoIAgQDJWnvoZselE2LbGyTO+8hX7z0fj9mFyNQqXB1HRj7DiG69\nqIETXOiYC72Ki0IVwL4tJul6KcQM7QQovkqfEcBXlx42T8U44LKZuQYwpl+tmo64\nbPuYWXw2ZUXYbR8h4j5qbJoDUoiqwbSFc2vnNzcgsJfGKTW4YKtk0QEn14DvBA==\n-----END RSA PRIVATE KEY-----\n", "user_id": "a287ba73e4dc49dd974b17e93b5dcd9d", "name": "tempest-TestNetworkAdvancedServerOps-1173692987", "fingerprint": "bf:72:c0:db:22:82:b1:62:10:55:b1:a0:69:10:a2:a2"}}
2015-12-23 04:59:44,828 21870 INFO     [tempest_lib.common.rest_client] Request (TestNetworkAdvancedServerOps:test_server_connectivity_pause_unpause): 201 POST http://10.0.2.15:9696/v2.0/security-groups 0.322s
2015-12-23 04:59:44,828 21870 DEBUG    [tempest_lib.common.rest_client] Request - Headers: {'Content-Type': 'application/json', 'Accept': 'application/json', 'X-Auth-Token': '&lt;omitted&gt;'}
        Body: {"security_group": {"tenant_id": "7a2e83977de140199097f272417c0335", "description": "tempest-secgroup-smoke-468611849 description", "name": "tempest-secgroup-smoke-468611849"}}
    Response - Headers: {'status': '201', 'content-length': '886', 'connection': 'close', 'date': 'Wed, 23 Dec 2015 04:59:44 GMT', 'content-type': 'application/json; charset=UTF-8', 'x-openstack-request-id': 'req-1d78e798-00ef-4179-a1b1-411c4dc87975'}
        Body: {"security_group": {"tenant_id": "7a2e83977de140199097f272417c0335", "description": "tempest-secgroup-smoke-468611849 description", "id": "3760fdb1-1c7b-46d4-acde-1b65fd564897", "security_group_rules": [{"remote_group_id": null, "direction": "egress", "remote_ip_prefix": null, "protocol": null, "ethertype": "IPv4", "tenant_id": "7a2e83977de140199097f272417c0335", "port_range_max": null, "port_range_min": null, "id": "3c138c67-948d-48d1-9506-e28c8a2cb46f", "security_group_id": "3760fdb1-1c7b-46d4-acde-1b65fd564897"}, {"remote_group_id": null, "direction": "egress", "remote_ip_prefix": null, "protocol": null, "ethertype": "IPv6", "tenant_id": "7a2e83977de140199097f272417c0335", "port_range_max": null, "port_range_min": null, "id": "1981b076-4682-45fc-a176-5f55242a6cff", "security_group_id": "3760fdb1-1c7b-46d4-acde-1b65fd564897"}], "name": "tempest-secgroup-smoke-468611849"}}
2015-12-23 04:59:44,942 21870 INFO     [tempest_lib.common.rest_client] Request (TestNetworkAdvancedServerOps:test_server_connectivity_pause_unpause): 201 POST http://10.0.2.15:9696/v2.0/security-group-rules 0.113s
2015-12-23 04:59:44,942 21870 DEBUG    [tempest_lib.common.rest_client] Request - Headers: {'Content-Type': 'application/json', 'Accept': 'application/json', 'X-Auth-Token': '&lt;omitted&gt;'}
        Body: {"security_group_rule": {"direction": "ingress", "protocol": "tcp", "tenant_id": "7a2e83977de140199097f272417c0335", "port_range_max": 22, "security_group_id": "3760fdb1-1c7b-46d4-acde-1b65fd564897", "port_range_min": 22}}
    Response - Headers: {'status': '201', 'content-length': '340', 'connection': 'close', 'date': 'Wed, 23 Dec 2015 04:59:44 GMT', 'content-type': 'application/json; charset=UTF-8', 'x-openstack-request-id': 'req-577f4945-95e9-4390-a757-ed302f521ecf'}
        Body: {"security_group_rule": {"remote_group_id": null, "direction": "ingress", "remote_ip_prefix": null, "protocol": "tcp", "ethertype": "IPv4", "tenant_id": "7a2e83977de140199097f272417c0335", "port_range_max": 22, "port_range_min": 22, "id": "b05fc20e-b945-487b-b278-bee085c24b87", "security_group_id": "3760fdb1-1c7b-46d4-acde-1b65fd564897"}}
2015-12-23 04:59:45,047 21870 INFO     [tempest_lib.common.rest_client] Request (TestNetworkAdvancedServerOps:test_server_connectivity_pause_unpause): 201 POST http://10.0.2.15:9696/v2.0/security-group-rules 0.104s
2015-12-23 04:59:45,048 21870 DEBUG    [tempest_lib.common.rest_client] Request - Headers: {'Content-Type': 'application/json', 'Accept': 'application/json', 'X-Auth-Token': '&lt;omitted&gt;'}
        Body: {"security_group_rule": {"direction": "egress", "protocol": "tcp", "tenant_id": "7a2e83977de140199097f272417c0335", "port_range_max": 22, "security_group_id": "3760fdb1-1c7b-46d4-acde-1b65fd564897", "port_range_min": 22}}
    Response - Headers: {'status': '201', 'content-length': '339', 'connection': 'close', 'date': 'Wed, 23 Dec 2015 04:59:45 GMT', 'content-type': 'application/json; charset=UTF-8', 'x-openstack-request-id': 'req-675008bf-b727-4d87-8e14-e420a44a9dfa'}
        Body: {"security_group_rule": {"remote_group_id": null, "direction": "egress", "remote_ip_prefix": null, "protocol": "tcp", "ethertype": "IPv4", "tenant_id": "7a2e83977de140199097f272417c0335", "port_range_max": 22, "port_range_min": 22, "id": "f9161e6f-b47d-405b-9f7b-a4cceb2cf93c", "security_group_id": "3760fdb1-1c7b-46d4-acde-1b65fd564897"}}
2015-12-23 04:59:45,168 21870 INFO     [tempest_lib.common.rest_client] Request (TestNetworkAdvancedServerOps:test_server_connectivity_pause_unpause): 201 POST http://10.0.2.15:9696/v2.0/security-group-rules 0.119s
2015-12-23 04:59:45,169 21870 DEBUG    [tempest_lib.common.rest_client] Request - Headers: {'Content-Type': 'application/json', 'Accept': 'application/json', 'X-Auth-Token': '&lt;omitted&gt;'}
        Body: {"security_group_rule": {"tenant_id": "7a2e83977de140199097f272417c0335", "direction": "ingress", "protocol": "icmp", "security_group_id": "3760fdb1-1c7b-46d4-acde-1b65fd564897"}}
    Response - Headers: {'status': '201', 'content-length': '345', 'connection': 'close', 'date': 'Wed, 23 Dec 2015 04:59:45 GMT', 'content-type': 'application/json; charset=UTF-8', 'x-openstack-request-id': 'req-2ff5b53f-40ae-487e-85dd-5d43a3b440cd'}
        Body: {"security_group_rule": {"remote_group_id": null, "direction": "ingress", "remote_ip_prefix": null, "protocol": "icmp", "ethertype": "IPv4", "tenant_id": "7a2e83977de140199097f272417c0335", "port_range_max": null, "port_range_min": null, "id": "3c5eec19-6afd-4e78-ae2d-cea1e26cc6e4", "security_group_id": "3760fdb1-1c7b-46d4-acde-1b65fd564897"}}
2015-12-23 04:59:45,295 21870 INFO     [tempest_lib.common.rest_client] Request (TestNetworkAdvancedServerOps:test_server_connectivity_pause_unpause): 201 POST http://10.0.2.15:9696/v2.0/security-group-rules 0.125s
2015-12-23 04:59:45,296 21870 DEBUG    [tempest_lib.common.rest_client] Request - Headers: {'Content-Type': 'application/json', 'Accept': 'application/json', 'X-Auth-Token': '&lt;omitted&gt;'}
        Body: {"security_group_rule": {"tenant_id": "7a2e83977de140199097f272417c0335", "direction": "egress", "protocol": "icmp", "security_group_id": "3760fdb1-1c7b-46d4-acde-1b65fd564897"}}
    Response - Headers: {'status': '201', 'content-length': '344', 'connection': 'close', 'date': 'Wed, 23 Dec 2015 04:59:45 GMT', 'content-type': 'application/json; charset=UTF-8', 'x-openstack-request-id': 'req-8f1b3001-713e-4f47-b640-c7b004f31d47'}
        Body: {"security_group_rule": {"remote_group_id": null, "direction": "egress", "remote_ip_prefix": null, "protocol": "icmp", "ethertype": "IPv4", "tenant_id": "7a2e83977de140199097f272417c0335", "port_range_max": null, "port_range_min": null, "id": "29993945-bf48-4bf1-b710-464c7171a013", "security_group_id": "3760fdb1-1c7b-46d4-acde-1b65fd564897"}}
2015-12-23 04:59:45,423 21870 INFO     [tempest_lib.common.rest_client] Request (TestNetworkAdvancedServerOps:test_server_connectivity_pause_unpause): 201 POST http://10.0.2.15:9696/v2.0/security-group-rules 0.125s
2015-12-23 04:59:45,423 21870 DEBUG    [tempest_lib.common.rest_client] Request - Headers: {'Content-Type': 'application/json', 'Accept': 'application/json', 'X-Auth-Token': '&lt;omitted&gt;'}
        Body: {"security_group_rule": {"tenant_id": "7a2e83977de140199097f272417c0335", "direction": "ingress", "security_group_id": "3760fdb1-1c7b-46d4-acde-1b65fd564897", "protocol": "icmp", "ethertype": "IPv6"}}
    Response - Headers: {'status': '201', 'content-length': '345', 'connection': 'close', 'date': 'Wed, 23 Dec 2015 04:59:45 GMT', 'content-type': 'application/json; charset=UTF-8', 'x-openstack-request-id': 'req-57a3b724-9b57-48a3-8245-6d89ed0b84cd'}
        Body: {"security_group_rule": {"remote_group_id": null, "direction": "ingress", "remote_ip_prefix": null, "protocol": "icmp", "ethertype": "IPv6", "tenant_id": "7a2e83977de140199097f272417c0335", "port_range_max": null, "port_range_min": null, "id": "29b33373-078d-4f54-ad07-e7fb79ba247d", "security_group_id": "3760fdb1-1c7b-46d4-acde-1b65fd564897"}}
2015-12-23 04:59:45,541 21870 INFO     [tempest_lib.common.rest_client] Request (TestNetworkAdvancedServerOps:test_server_connectivity_pause_unpause): 201 POST http://10.0.2.15:9696/v2.0/security-group-rules 0.117s
2015-12-23 04:59:45,542 21870 DEBUG    [tempest_lib.common.rest_client] Request - Headers: {'Content-Type': 'application/json', 'Accept': 'application/json', 'X-Auth-Token': '&lt;omitted&gt;'}
        Body: {"security_group_rule": {"tenant_id": "7a2e83977de140199097f272417c0335", "direction": "egress", "security_group_id": "3760fdb1-1c7b-46d4-acde-1b65fd564897", "protocol": "icmp", "ethertype": "IPv6"}}
    Response - Headers: {'status': '201', 'content-length': '344', 'connection': 'close', 'date': 'Wed, 23 Dec 2015 04:59:45 GMT', 'content-type': 'application/json; charset=UTF-8', 'x-openstack-request-id': 'req-01978552-f31e-414c-83fc-524625a784e7'}
        Body: {"security_group_rule": {"remote_group_id": null, "direction": "egress", "remote_ip_prefix": null, "protocol": "icmp", "ethertype": "IPv6", "tenant_id": "7a2e83977de140199097f272417c0335", "port_range_max": null, "port_range_min": null, "id": "2e25b7b2-39c9-415a-84af-7f4a9f90ca3d", "security_group_id": "3760fdb1-1c7b-46d4-acde-1b65fd564897"}}
2015-12-23 04:59:45,722 21870 INFO     [tempest_lib.common.rest_client] Request (TestNetworkAdvancedServerOps:test_server_connectivity_pause_unpause): 201 POST http://10.0.2.15:9696/v2.0/networks 0.179s
2015-12-23 04:59:45,723 21870 DEBUG    [tempest_lib.common.rest_client] Request - Headers: {'Content-Type': 'application/json', 'Accept': 'application/json', 'X-Auth-Token': '&lt;omitted&gt;'}
        Body: {"network": {"tenant_id": "7a2e83977de140199097f272417c0335", "name": "tempest-network-smoke--755062014"}}
    Response - Headers: {'status': '201', 'content-length': '328', 'connection': 'close', 'date': 'Wed, 23 Dec 2015 04:59:45 GMT', 'content-type': 'application/json; charset=UTF-8', 'x-openstack-request-id': 'req-46a4621a-a9de-4ae9-ae7e-614a6c43c238'}
        Body: {"network": {"status": "ACTIVE", "subnets": [], "availability_zone_hints": "[]", "name": "tempest-network-smoke--755062014", "admin_state_up": true, "tenant_id": "7a2e83977de140199097f272417c0335", "mtu": 0, "router:external": false, "shared": false, "port_security_enabled": true, "id": "1bb58aa9-4d3e-40e0-a352-8d0956b73efd"}}
2015-12-23 04:59:45,808 21870 INFO     [tempest_lib.common.rest_client] Request (TestNetworkAdvancedServerOps:test_server_connectivity_pause_unpause): 201 POST http://10.0.2.15:9696/v2.0/routers 0.083s
2015-12-23 04:59:45,808 21870 DEBUG    [tempest_lib.common.rest_client] Request - Headers: {'Content-Type': 'application/json', 'Accept': 'application/json', 'X-Auth-Token': '&lt;omitted&gt;'}
        Body: {"router": {"tenant_id": "7a2e83977de140199097f272417c0335", "name": "tempest-router-smoke-2062692944", "admin_state_up": true}}
    Response - Headers: {'status': '201', 'content-length': '296', 'connection': 'close', 'date': 'Wed, 23 Dec 2015 04:59:45 GMT', 'content-type': 'application/json; charset=UTF-8', 'x-openstack-request-id': 'req-9dc6453d-d71e-4a1d-bf69-c10a33e873bf'}
        Body: {"router": {"status": "ACTIVE", "external_gateway_info": null, "availability_zone_hints": [], "availability_zones": [], "name": "tempest-router-smoke-2062692944", "admin_state_up": true, "tenant_id": "7a2e83977de140199097f272417c0335", "routes": [], "id": "c597c1cb-533e-4dbb-8af5-4fe528ffe48f"}}
2015-12-23 04:59:45,864 21870 INFO     [tempest_lib.common.rest_client] Request (TestNetworkAdvancedServerOps:test_server_connectivity_pause_unpause): 200 GET http://10.0.2.15:9696/v2.0/routers/c597c1cb-533e-4dbb-8af5-4fe528ffe48f 0.055s
2015-12-23 04:59:45,864 21870 DEBUG    [tempest_lib.common.rest_client] Request - Headers: {'Content-Type': 'application/json', 'Accept': 'application/json', 'X-Auth-Token': '&lt;omitted&gt;'}
        Body: None
    Response - Headers: {'status': '200', 'content-length': '296', 'content-location': 'http://10.0.2.15:9696/v2.0/routers/c597c1cb-533e-4dbb-8af5-4fe528ffe48f', 'connection': 'close', 'date': 'Wed, 23 Dec 2015 04:59:45 GMT', 'content-type': 'application/json; charset=UTF-8', 'x-openstack-request-id': 'req-2b59c4ac-f3ec-4db3-9871-7f4cd9f926c7'}
        Body: {"router": {"status": "ACTIVE", "external_gateway_info": null, "availability_zone_hints": [], "availability_zones": [], "name": "tempest-router-smoke-2062692944", "admin_state_up": true, "tenant_id": "7a2e83977de140199097f272417c0335", "routes": [], "id": "c597c1cb-533e-4dbb-8af5-4fe528ffe48f"}}
2015-12-23 04:59:46,636 21870 INFO     [tempest_lib.common.rest_client] Request (TestNetworkAdvancedServerOps:test_server_connectivity_pause_unpause): 200 PUT http://10.0.2.15:9696/v2.0/routers/c597c1cb-533e-4dbb-8af5-4fe528ffe48f 0.771s
2015-12-23 04:59:46,636 21870 DEBUG    [tempest_lib.common.rest_client] Request - Headers: {'Content-Type': 'application/json', 'Accept': 'application/json', 'X-Auth-Token': '&lt;omitted&gt;'}
        Body: {"router": {"external_gateway_info": {"network_id": "bc0b557f-01ea-4c53-a126-897266bb4b33"}, "name": "tempest-router-smoke-2062692944", "admin_state_up": true}}
    Response - Headers: {'status': '200', 'content-length': '558', 'connection': 'close', 'date': 'Wed, 23 Dec 2015 04:59:46 GMT', 'content-type': 'application/json; charset=UTF-8', 'x-openstack-request-id': 'req-f998ebb7-c9f7-4597-85ea-e57917e6daad'}
        Body: {"router": {"status": "ACTIVE", "external_gateway_info": {"network_id": "bc0b557f-01ea-4c53-a126-897266bb4b33", "enable_snat": true, "external_fixed_ips": [{"subnet_id": "a874a219-5449-41d3-bad5-c8869df3e8f6", "ip_address": "172.24.4.3"}, {"subnet_id": "ad403b50-99b5-4a1e-8836-6ed19360ec2c", "ip_address": "2001:db8::4"}]}, "availability_zone_hints": [], "availability_zones": [], "name": "tempest-router-smoke-2062692944", "admin_state_up": true, "tenant_id": "7a2e83977de140199097f272417c0335", "routes": [], "id": "c597c1cb-533e-4dbb-8af5-4fe528ffe48f"}}
2015-12-23 04:59:46,800 21870 INFO     [tempest_lib.common.rest_client] Request (TestNetworkAdvancedServerOps:test_server_connectivity_pause_unpause): 200 GET http://10.0.2.15:9696/v2.0/subnets?tenant_id=7a2e83977de140199097f272417c0335&amp;cidr=10.100.0.0%2F28 0.163s
2015-12-23 04:59:46,801 21870 DEBUG    [tempest_lib.common.rest_client] Request - Headers: {'Content-Type': 'application/json', 'Accept': 'application/json', 'X-Auth-Token': '&lt;omitted&gt;'}
        Body: None
    Response - Headers: {'status': '200', 'content-length': '15', 'content-location': 'http://10.0.2.15:9696/v2.0/subnets?tenant_id=7a2e83977de140199097f272417c0335&amp;cidr=10.100.0.0%2F28', 'connection': 'close', 'date': 'Wed, 23 Dec 2015 04:59:46 GMT', 'content-type': 'application/json; charset=UTF-8', 'x-openstack-request-id': 'req-a8fb2786-2c1a-4726-b658-ee1266cad770'}
        Body: {"subnets": []}
2015-12-23 04:59:47,115 21870 INFO     [tempest_lib.common.rest_client] Request (TestNetworkAdvancedServerOps:test_server_connectivity_pause_unpause): 201 POST http://10.0.2.15:9696/v2.0/subnets 0.314s
2015-12-23 04:59:47,116 21870 DEBUG    [tempest_lib.common.rest_client] Request - Headers: {'Content-Type': 'application/json', 'Accept': 'application/json', 'X-Auth-Token': '&lt;omitted&gt;'}
        Body: {"subnet": {"ip_version": 4, "tenant_id": "7a2e83977de140199097f272417c0335", "cidr": "10.100.0.0/28", "network_id": "1bb58aa9-4d3e-40e0-a352-8d0956b73efd", "name": "tempest-subnet-smoke-279990981"}}
    Response - Headers: {'status': '201', 'content-length': '477', 'connection': 'close', 'date': 'Wed, 23 Dec 2015 04:59:47 GMT', 'content-type': 'application/json; charset=UTF-8', 'x-openstack-request-id': 'req-b20af93d-7c38-48f8-b9af-4ad1696a2b27'}
        Body: {"subnet": {"name": "tempest-subnet-smoke-279990981", "enable_dhcp": true, "network_id": "1bb58aa9-4d3e-40e0-a352-8d0956b73efd", "tenant_id": "7a2e83977de140199097f272417c0335", "dns_nameservers": [], "gateway_ip": "10.100.0.1", "ipv6_ra_mode": null, "allocation_pools": [{"start": "10.100.0.2", "end": "10.100.0.14"}], "host_routes": [], "ip_version": 4, "ipv6_address_mode": null, "cidr": "10.100.0.0/28", "id": "18ec57ab-b4d5-4b74-82e0-895694a94d50", "subnetpool_id": null}}
2015-12-23 04:59:47,745 21870 INFO     [tempest_lib.common.rest_client] Request (TestNetworkAdvancedServerOps:test_server_connectivity_pause_unpause): 200 PUT http://10.0.2.15:9696/v2.0/routers/c597c1cb-533e-4dbb-8af5-4fe528ffe48f/add_router_interface 0.628s
2015-12-23 04:59:47,746 21870 DEBUG    [tempest_lib.common.rest_client] Request - Headers: {'Content-Type': 'application/json', 'Accept': 'application/json', 'X-Auth-Token': '&lt;omitted&gt;'}
        Body: {"subnet_id": "18ec57ab-b4d5-4b74-82e0-895694a94d50"}
    Response - Headers: {'status': '200', 'content-length': '255', 'connection': 'close', 'date': 'Wed, 23 Dec 2015 04:59:47 GMT', 'content-type': 'application/json; charset=UTF-8', 'x-openstack-request-id': 'req-c5645a43-eccc-4bae-b932-b26a8a3a41d8'}
        Body: {"subnet_id": "18ec57ab-b4d5-4b74-82e0-895694a94d50", "tenant_id": "7a2e83977de140199097f272417c0335", "subnet_ids": ["18ec57ab-b4d5-4b74-82e0-895694a94d50"], "port_id": "fe702cd6-f424-4bcf-92cd-d7fc57c4e7c1", "id": "c597c1cb-533e-4dbb-8af5-4fe528ffe48f"}
2015-12-23 04:59:47,870 21870 INFO     [tempest_lib.common.rest_client] Request (TestNetworkAdvancedServerOps:test_server_connectivity_pause_unpause): 200 POST http://10.0.2.15:5000/v2.0/tokens
2015-12-23 04:59:47,870 21870 DEBUG    [tempest_lib.common.rest_client] Request - Headers: {'Content-Type': 'application/json', 'Accept': 'application/json'}
        Body: &lt;omitted&gt;
    Response - Headers: {'status': '200', 'content-length': '2560', 'vary': 'X-Auth-Token', 'server': 'Apache/2.4.7 (Ubuntu)', 'connection': 'close', 'date': 'Wed, 23 Dec 2015 04:59:47 GMT', 'content-type': 'application/json', 'x-openstack-request-id': 'req-b5d6ca18-db44-4cdf-834e-9dde0c475cd9'}
        Body: {"access": {"token": {"issued_at": "2015-12-23T04:59:47.855343", "expires": "2015-12-23T05:59:47Z", "id": "f228924eeab9490a973665e1ade51be7", "tenant": {"description": "tempest-TestNetworkAdvancedServerOps-285074523-desc", "enabled": true, "id": "7a2e83977de140199097f272417c0335", "name": "tempest-TestNetworkAdvancedServerOps-285074523"}, "audit_ids": ["kkzYF9LkQgGC4CEfs0guCA"]}, "serviceCatalog": [{"endpoints": [{"adminURL": "http://10.0.2.15:8774/v2.1/7a2e83977de140199097f272417c0335", "region": "RegionOne", "internalURL": "http://10.0.2.15:8774/v2.1/7a2e83977de140199097f272417c0335", "id": "1daaa56a1f7c4594a46579f7579243e3", "publicURL": "http://10.0.2.15:8774/v2.1/7a2e83977de140199097f272417c0335"}], "endpoints_links": [], "type": "compute", "name": "nova"}, {"endpoints": [{"adminURL": "http://10.0.2.15:9696/", "region": "RegionOne", "internalURL": "http://10.0.2.15:9696/", "id": "02335ab740424fa4a69cb686bf4d98df", "publicURL": "http://10.0.2.15:9696/"}], "endpoints_links": [], "type": "network", "name": "neutron"}, {"endpoints": [{"adminURL": "http://10.0.2.15:9292", "region": "RegionOne", "internalURL": "http://10.0.2.15:9292", "id": "58a7a82626274678a77938058d047e95", "publicURL": "http://10.0.2.15:9292"}], "endpoints_links": [], "type": "image", "name": "glance"}, {"endpoints": [{"adminURL": "http://10.0.2.15:8774/v2/7a2e83977de140199097f272417c0335", "region": "RegionOne", "internalURL": "http://10.0.2.15:8774/v2/7a2e83977de140199097f272417c0335", "id": "08d7adc96306472191ead29f950dda02", "publicURL": "http://10.0.2.15:8774/v2/7a2e83977de140199097f272417c0335"}], "endpoints_links": [], "type": "compute_legacy", "name": "nova_legacy"}, {"endpoints": [{"adminURL": "http://10.0.2.15:8773/", "region": "RegionOne", "internalURL": "http://10.0.2.15:8773/", "id": "74eae100111f4dc1a39f5d2c8a38130f", "publicURL": "http://10.0.2.15:8773/"}], "endpoints_links": [], "type": "ec2", "name": "ec2"}, {"endpoints": [{"adminURL": "http://10.0.2.15:35357/v2.0", "region": "RegionOne", "internalURL": "http://10.0.2.15:5000/v2.0", "id": "c872a94a9a824ef3bc020e778a3808ec", "publicURL": "http://10.0.2.15:5000/v2.0"}], "endpoints_links": [], "type": "identity", "name": "keystone"}], "user": {"username": "tempest-TestNetworkAdvancedServerOps-74855048", "roles_links": [], "id": "a287ba73e4dc49dd974b17e93b5dcd9d", "roles": [{"name": "_member_"}, {"name": "Member"}], "name": "tempest-TestNetworkAdvancedServerOps-74855048"}, "metadata": {"is_admin": 0, "roles": ["9fe2ff9ee4384b1894a90878d3e92bab", "bf98e046140340d6b788a5fc304a62f6"]}}}
2015-12-23 04:59:47,878 21870 DEBUG    [tempest.common.fixed_network] (TestNetworkAdvancedServerOps:test_server_connectivity_pause_unpause) No valid network provided or created, defaulting to fixed_network_name
2015-12-23 04:59:48,230 21870 INFO     [tempest_lib.common.rest_client] Request (TestNetworkAdvancedServerOps:test_server_connectivity_pause_unpause): 200 GET http://10.0.2.15:8774/v2.1/7a2e83977de140199097f272417c0335/os-networks 0.351s
2015-12-23 04:59:48,230 21870 DEBUG    [tempest_lib.common.rest_client] Request - Headers: {'Content-Type': 'application/json', 'Accept': 'application/json', 'X-Auth-Token': '&lt;omitted&gt;'}
        Body: None
    Response - Headers: {'status': '200', 'content-length': '478', 'content-location': 'http://10.0.2.15:8774/v2.1/7a2e83977de140199097f272417c0335/os-networks', 'x-compute-request-id': 'req-965a0572-5fa2-442c-adf4-c783a5302c5b', 'vary': 'X-OpenStack-Nova-API-Version', 'connection': 'close', 'x-openstack-nova-api-version': '2.1', 'date': 'Wed, 23 Dec 2015 04:59:48 GMT', 'content-type': 'application/json'}
        Body: {"networks": [{"cidr_v6": null, "dns2": null, "dns1": null, "gateway": null, "broadcast": null, "netmask": null, "gateway_v6": null, "cidr": null, "label": "tempest-network-smoke--755062014", "id": "1bb58aa9-4d3e-40e0-a352-8d0956b73efd", "netmask_v6": null}, {"cidr_v6": null, "dns2": null, "dns1": null, "gateway": null, "broadcast": null, "netmask": null, "gateway_v6": null, "cidr": null, "label": "public", "id": "bc0b557f-01ea-4c53-a126-897266bb4b33", "netmask_v6": null}]}
2015-12-23 04:59:48,231 21870 WARNING  [tempest.common.fixed_network] (TestNetworkAdvancedServerOps:test_server_connectivity_pause_unpause) Network with name: private not found
2015-12-23 04:59:48,231 21870 INFO     [tempest.common.fixed_network] (TestNetworkAdvancedServerOps:test_server_connectivity_pause_unpause) Found network {} available for tenant
2015-12-23 04:59:49,958 21870 INFO     [tempest_lib.common.rest_client] Request (TestNetworkAdvancedServerOps:test_server_connectivity_pause_unpause): 202 POST http://10.0.2.15:8774/v2.1/7a2e83977de140199097f272417c0335/servers 1.726s
2015-12-23 04:59:49,959 21870 DEBUG    [tempest_lib.common.rest_client] Request - Headers: {'Content-Type': 'application/json', 'Accept': 'application/json', 'X-Auth-Token': '&lt;omitted&gt;'}
        Body: {"server": {"name": "tempest.common.compute-instance-447565278", "imageRef": "3508248c-7cce-4fc7-a486-821476aabf15", "key_name": "tempest-TestNetworkAdvancedServerOps-1173692987", "flavorRef": "42", "networks": [{"uuid": "1bb58aa9-4d3e-40e0-a352-8d0956b73efd"}], "security_groups": [{"name": "tempest-secgroup-smoke-468611849"}]}}
    Response - Headers: {'status': '202', 'content-length': '461', 'x-compute-request-id': 'req-33fee8f7-010f-4cec-a7ad-2cbeca4776dd', 'vary': 'X-OpenStack-Nova-API-Version', 'connection': 'close', 'location': 'http://10.0.2.15:8774/v2.1/7a2e83977de140199097f272417c0335/servers/7560101e-687f-4e65-bb07-363a1aaec92b', 'x-openstack-nova-api-version': '2.1', 'date': 'Wed, 23 Dec 2015 04:59:49 GMT', 'content-type': 'application/json'}
        Body: {"server": {"security_groups": [{"name": "tempest-secgroup-smoke-468611849"}], "OS-DCF:diskConfig": "MANUAL", "id": "7560101e-687f-4e65-bb07-363a1aaec92b", "links": [{"href": "http://10.0.2.15:8774/v2.1/7a2e83977de140199097f272417c0335/servers/7560101e-687f-4e65-bb07-363a1aaec92b", "rel": "self"}, {"href": "http://10.0.2.15:8774/7a2e83977de140199097f272417c0335/servers/7560101e-687f-4e65-bb07-363a1aaec92b", "rel": "bookmark"}], "adminPass": "MqW8A3mgnMMy"}}
2015-12-23 04:59:50,208 21870 INFO     [tempest_lib.common.rest_client] Request (TestNetworkAdvancedServerOps:test_server_connectivity_pause_unpause): 200 GET http://10.0.2.15:8774/v2.1/7a2e83977de140199097f272417c0335/servers/7560101e-687f-4e65-bb07-363a1aaec92b 0.243s
2015-12-23 04:59:50,208 21870 DEBUG    [tempest_lib.common.rest_client] Request - Headers: {'Content-Type': 'application/json', 'Accept': 'application/json', 'X-Auth-Token': '&lt;omitted&gt;'}
        Body: None
    Response - Headers: {'status': '200', 'content-length': '1364', 'content-location': 'http://10.0.2.15:8774/v2.1/7a2e83977de140199097f272417c0335/servers/7560101e-687f-4e65-bb07-363a1aaec92b', 'x-compute-request-id': 'req-0cc6bb7b-4c50-4d7e-8264-75397c38c537', 'vary': 'X-OpenStack-Nova-API-Version', 'connection': 'close', 'x-openstack-nova-api-version': '2.1', 'date': 'Wed, 23 Dec 2015 04:59:50 GMT', 'content-type': 'application/json'}
        Body: {"server": {"status": "BUILD", "updated": "2015-12-23T04:59:50Z", "hostId": "", "addresses": {}, "links": [{"href": "http://10.0.2.15:8774/v2.1/7a2e83977de140199097f272417c0335/servers/7560101e-687f-4e65-bb07-363a1aaec92b", "rel": "self"}, {"href": "http://10.0.2.15:8774/7a2e83977de140199097f272417c0335/servers/7560101e-687f-4e65-bb07-363a1aaec92b", "rel": "bookmark"}], "key_name": "tempest-TestNetworkAdvancedServerOps-1173692987", "image": {"id": "3508248c-7cce-4fc7-a486-821476aabf15", "links": [{"href": "http://10.0.2.15:8774/7a2e83977de140199097f272417c0335/images/3508248c-7cce-4fc7-a486-821476aabf15", "rel": "bookmark"}]}, "OS-EXT-STS:task_state": "scheduling", "OS-EXT-STS:vm_state": "building", "OS-SRV-USG:launched_at": null, "flavor": {"id": "42", "links": [{"href": "http://10.0.2.15:8774/7a2e83977de140199097f272417c0335/flavors/42", "rel": "bookmark"}]}, "id": "7560101e-687f-4e65-bb07-363a1aaec92b", "OS-SRV-USG:terminated_at": null, "OS-EXT-AZ:availability_zone": "", "user_id": "a287ba73e4dc49dd974b17e93b5dcd9d", "name": "tempest.common.compute-instance-447565278", "created": "2015-12-23T04:59:49Z", "tenant_id": "7a2e83977de140199097f272417c0335", "OS-DCF:diskConfig": "MANUAL", "os-extended-volumes:volumes_attached": [], "accessIPv4": "", "accessIPv6": "", "progress": 0, "OS-EXT-STS:power_state": 0, "config_drive": "", "metadata": {}}}
2015-12-23 04:59:51,501 21870 INFO     [tempest_lib.common.rest_client] Request (TestNetworkAdvancedServerOps:test_server_connectivity_pause_unpause): 200 GET http://10.0.2.15:8774/v2.1/7a2e83977de140199097f272417c0335/servers/7560101e-687f-4e65-bb07-363a1aaec92b 0.282s
2015-12-23 04:59:51,502 21870 DEBUG    [tempest_lib.common.rest_client] Request - Headers: {'Content-Type': 'application/json', 'Accept': 'application/json', 'X-Auth-Token': '&lt;omitted&gt;'}
        Body: None
    Response - Headers: {'status': '200', 'content-length': '1489', 'content-location': 'http://10.0.2.15:8774/v2.1/7a2e83977de140199097f272417c0335/servers/7560101e-687f-4e65-bb07-363a1aaec92b', 'x-compute-request-id': 'req-468cdbc4-b903-4d12-a9cb-ee5022046cfc', 'vary': 'X-OpenStack-Nova-API-Version', 'connection': 'close', 'x-openstack-nova-api-version': '2.1', 'date': 'Wed, 23 Dec 2015 04:59:51 GMT', 'content-type': 'application/json'}
        Body: {"server": {"status": "BUILD", "updated": "2015-12-23T04:59:50Z", "hostId": "35246dd5c12c3bba38007834ca35199412ca78045b9f6448f02af7ca", "addresses": {}, "links": [{"href": "http://10.0.2.15:8774/v2.1/7a2e83977de140199097f272417c0335/servers/7560101e-687f-4e65-bb07-363a1aaec92b", "rel": "self"}, {"href": "http://10.0.2.15:8774/7a2e83977de140199097f272417c0335/servers/7560101e-687f-4e65-bb07-363a1aaec92b", "rel": "bookmark"}], "key_name": "tempest-TestNetworkAdvancedServerOps-1173692987", "image": {"id": "3508248c-7cce-4fc7-a486-821476aabf15", "links": [{"href": "http://10.0.2.15:8774/7a2e83977de140199097f272417c0335/images/3508248c-7cce-4fc7-a486-821476aabf15", "rel": "bookmark"}]}, "OS-EXT-STS:task_state": "spawning", "OS-EXT-STS:vm_state": "building", "OS-SRV-USG:launched_at": null, "flavor": {"id": "42", "links": [{"href": "http://10.0.2.15:8774/7a2e83977de140199097f272417c0335/flavors/42", "rel": "bookmark"}]}, "id": "7560101e-687f-4e65-bb07-363a1aaec92b", "security_groups": [{"name": "tempest-secgroup-smoke-468611849"}], "OS-SRV-USG:terminated_at": null, "OS-EXT-AZ:availability_zone": "nova", "user_id": "a287ba73e4dc49dd974b17e93b5dcd9d", "name": "tempest.common.compute-instance-447565278", "created": "2015-12-23T04:59:49Z", "tenant_id": "7a2e83977de140199097f272417c0335", "OS-DCF:diskConfig": "MANUAL", "os-extended-volumes:volumes_attached": [], "accessIPv4": "", "accessIPv6": "", "progress": 0, "OS-EXT-STS:power_state": 0, "config_drive": "", "metadata": {}}}
2015-12-23 04:59:51,510 21870 INFO     [tempest.common.waiters] State transition "BUILD/scheduling" ==&gt; "BUILD/spawning" after 1 second wait
2015-12-23 04:59:52,789 21870 INFO     [tempest_lib.common.rest_client] Request (TestNetworkAdvancedServerOps:test_server_connectivity_pause_unpause): 200 GET http://10.0.2.15:8774/v2.1/7a2e83977de140199097f272417c0335/servers/7560101e-687f-4e65-bb07-363a1aaec92b 0.277s
2015-12-23 04:59:52,789 21870 DEBUG    [tempest_lib.common.rest_client] Request - Headers: {'Content-Type': 'application/json', 'Accept': 'application/json', 'X-Auth-Token': '&lt;omitted&gt;'}
        Body: None
    Response - Headers: {'status': '200', 'content-length': '1489', 'content-location': 'http://10.0.2.15:8774/v2.1/7a2e83977de140199097f272417c0335/servers/7560101e-687f-4e65-bb07-363a1aaec92b', 'x-compute-request-id': 'req-676b505a-8eee-4e7a-973d-b3592e68eee4', 'vary': 'X-OpenStack-Nova-API-Version', 'connection': 'close', 'x-openstack-nova-api-version': '2.1', 'date': 'Wed, 23 Dec 2015 04:59:52 GMT', 'content-type': 'application/json'}
        Body: {"server": {"status": "BUILD", "updated": "2015-12-23T04:59:50Z", "hostId": "35246dd5c12c3bba38007834ca35199412ca78045b9f6448f02af7ca", "addresses": {}, "links": [{"href": "http://10.0.2.15:8774/v2.1/7a2e83977de140199097f272417c0335/servers/7560101e-687f-4e65-bb07-363a1aaec92b", "rel": "self"}, {"href": "http://10.0.2.15:8774/7a2e83977de140199097f272417c0335/servers/7560101e-687f-4e65-bb07-363a1aaec92b", "rel": "bookmark"}], "key_name": "tempest-TestNetworkAdvancedServerOps-1173692987", "image": {"id": "3508248c-7cce-4fc7-a486-821476aabf15", "links": [{"href": "http://10.0.2.15:8774/7a2e83977de140199097f272417c0335/images/3508248c-7cce-4fc7-a486-821476aabf15", "rel": "bookmark"}]}, "OS-EXT-STS:task_state": "spawning", "OS-EXT-STS:vm_state": "building", "OS-SRV-USG:launched_at": null, "flavor": {"id": "42", "links": [{"href": "http://10.0.2.15:8774/7a2e83977de140199097f272417c0335/flavors/42", "rel": "bookmark"}]}, "id": "7560101e-687f-4e65-bb07-363a1aaec92b", "security_groups": [{"name": "tempest-secgroup-smoke-468611849"}], "OS-SRV-USG:terminated_at": null, "OS-EXT-AZ:availability_zone": "nova", "user_id": "a287ba73e4dc49dd974b17e93b5dcd9d", "name": "tempest.common.compute-instance-447565278", "created": "2015-12-23T04:59:49Z", "tenant_id": "7a2e83977de140199097f272417c0335", "OS-DCF:diskConfig": "MANUAL", "os-extended-volumes:volumes_attached": [], "accessIPv4": "", "accessIPv6": "", "progress": 0, "OS-EXT-STS:power_state": 0, "config_drive": "", "metadata": {}}}
2015-12-23 04:59:54,001 21870 INFO     [tempest_lib.common.rest_client] Request (TestNetworkAdvancedServerOps:test_server_connectivity_pause_unpause): 200 GET http://10.0.2.15:8774/v2.1/7a2e83977de140199097f272417c0335/servers/7560101e-687f-4e65-bb07-363a1aaec92b 0.202s
2015-12-23 04:59:54,002 21870 DEBUG    [tempest_lib.common.rest_client] Request - Headers: {'Content-Type': 'application/json', 'Accept': 'application/json', 'X-Auth-Token': '&lt;omitted&gt;'}
        Body: None
    Response - Headers: {'status': '200', 'content-length': '1660', 'content-location': 'http://10.0.2.15:8774/v2.1/7a2e83977de140199097f272417c0335/servers/7560101e-687f-4e65-bb07-363a1aaec92b', 'x-compute-request-id': 'req-d2362c82-9da9-4f16-9c3a-7a041bd35bbc', 'vary': 'X-OpenStack-Nova-API-Version', 'connection': 'close', 'x-openstack-nova-api-version': '2.1', 'date': 'Wed, 23 Dec 2015 04:59:53 GMT', 'content-type': 'application/json'}
        Body: {"server": {"status": "ACTIVE", "updated": "2015-12-23T04:59:53Z", "hostId": "35246dd5c12c3bba38007834ca35199412ca78045b9f6448f02af7ca", "addresses": {"tempest-network-smoke--755062014": [{"OS-EXT-IPS-MAC:mac_addr": "fa:16:3e:97:f4:48", "version": 4, "addr": "10.100.0.3", "OS-EXT-IPS:type": "fixed"}]}, "links": [{"href": "http://10.0.2.15:8774/v2.1/7a2e83977de140199097f272417c0335/servers/7560101e-687f-4e65-bb07-363a1aaec92b", "rel": "self"}, {"href": "http://10.0.2.15:8774/7a2e83977de140199097f272417c0335/servers/7560101e-687f-4e65-bb07-363a1aaec92b", "rel": "bookmark"}], "key_name": "tempest-TestNetworkAdvancedServerOps-1173692987", "image": {"id": "3508248c-7cce-4fc7-a486-821476aabf15", "links": [{"href": "http://10.0.2.15:8774/7a2e83977de140199097f272417c0335/images/3508248c-7cce-4fc7-a486-821476aabf15", "rel": "bookmark"}]}, "OS-EXT-STS:task_state": null, "OS-EXT-STS:vm_state": "active", "OS-SRV-USG:launched_at": "2015-12-23T04:59:53.000000", "flavor": {"id": "42", "links": [{"href": "http://10.0.2.15:8774/7a2e83977de140199097f272417c0335/flavors/42", "rel": "bookmark"}]}, "id": "7560101e-687f-4e65-bb07-363a1aaec92b", "security_groups": [{"name": "tempest-secgroup-smoke-468611849"}], "OS-SRV-USG:terminated_at": null, "OS-EXT-AZ:availability_zone": "nova", "user_id": "a287ba73e4dc49dd974b17e93b5dcd9d", "name": "tempest.common.compute-instance-447565278", "created": "2015-12-23T04:59:49Z", "tenant_id": "7a2e83977de140199097f272417c0335", "OS-DCF:diskConfig": "MANUAL", "os-extended-volumes:volumes_attached": [], "accessIPv4": "", "accessIPv6": "", "progress": 0, "OS-EXT-STS:power_state": 1, "config_drive": "True", "metadata": {}}}
2015-12-23 04:59:54,016 21870 INFO     [tempest.common.waiters] State transition "BUILD/spawning" ==&gt; "ACTIVE/None" after 4 second wait
2015-12-23 04:59:54,388 21870 INFO     [tempest_lib.common.rest_client] Request (TestNetworkAdvancedServerOps:test_server_connectivity_pause_unpause): 200 GET http://10.0.2.15:8774/v2.1/7a2e83977de140199097f272417c0335/servers/7560101e-687f-4e65-bb07-363a1aaec92b 0.372s
2015-12-23 04:59:54,388 21870 DEBUG    [tempest_lib.common.rest_client] Request - Headers: {'Content-Type': 'application/json', 'Accept': 'application/json', 'X-Auth-Token': '&lt;omitted&gt;'}
        Body: None
    Response - Headers: {'status': '200', 'content-length': '1660', 'content-location': 'http://10.0.2.15:8774/v2.1/7a2e83977de140199097f272417c0335/servers/7560101e-687f-4e65-bb07-363a1aaec92b', 'x-compute-request-id': 'req-7f7b4a29-7344-4635-a13a-9a355a9cf1d9', 'vary': 'X-OpenStack-Nova-API-Version', 'connection': 'close', 'x-openstack-nova-api-version': '2.1', 'date': 'Wed, 23 Dec 2015 04:59:54 GMT', 'content-type': 'application/json'}
        Body: {"server": {"status": "ACTIVE", "updated": "2015-12-23T04:59:53Z", "hostId": "35246dd5c12c3bba38007834ca35199412ca78045b9f6448f02af7ca", "addresses": {"tempest-network-smoke--755062014": [{"OS-EXT-IPS-MAC:mac_addr": "fa:16:3e:97:f4:48", "version": 4, "addr": "10.100.0.3", "OS-EXT-IPS:type": "fixed"}]}, "links": [{"href": "http://10.0.2.15:8774/v2.1/7a2e83977de140199097f272417c0335/servers/7560101e-687f-4e65-bb07-363a1aaec92b", "rel": "self"}, {"href": "http://10.0.2.15:8774/7a2e83977de140199097f272417c0335/servers/7560101e-687f-4e65-bb07-363a1aaec92b", "rel": "bookmark"}], "key_name": "tempest-TestNetworkAdvancedServerOps-1173692987", "image": {"id": "3508248c-7cce-4fc7-a486-821476aabf15", "links": [{"href": "http://10.0.2.15:8774/7a2e83977de140199097f272417c0335/images/3508248c-7cce-4fc7-a486-821476aabf15", "rel": "bookmark"}]}, "OS-EXT-STS:task_state": null, "OS-EXT-STS:vm_state": "active", "OS-SRV-USG:launched_at": "2015-12-23T04:59:53.000000", "flavor": {"id": "42", "links": [{"href": "http://10.0.2.15:8774/7a2e83977de140199097f272417c0335/flavors/42", "rel": "bookmark"}]}, "id": "7560101e-687f-4e65-bb07-363a1aaec92b", "security_groups": [{"name": "tempest-secgroup-smoke-468611849"}], "OS-SRV-USG:terminated_at": null, "OS-EXT-AZ:availability_zone": "nova", "user_id": "a287ba73e4dc49dd974b17e93b5dcd9d", "name": "tempest.common.compute-instance-447565278", "created": "2015-12-23T04:59:49Z", "tenant_id": "7a2e83977de140199097f272417c0335", "OS-DCF:diskConfig": "MANUAL", "os-extended-volumes:volumes_attached": [], "accessIPv4": "", "accessIPv6": "", "progress": 0, "OS-EXT-STS:power_state": 1, "config_drive": "True", "metadata": {}}}
2015-12-23 04:59:54,430 21870 INFO     [tempest_lib.common.rest_client] Request (TestNetworkAdvancedServerOps:test_server_connectivity_pause_unpause): 200 GET http://10.0.2.15:9696/v2.0/ports?status=ACTIVE&amp;fixed_ip=None&amp;device_id=7560101e-687f-4e65-bb07-363a1aaec92b 0.032s
2015-12-23 04:59:54,430 21870 DEBUG    [tempest_lib.common.rest_client] Request - Headers: {'Content-Type': 'application/json', 'Accept': 'application/json', 'X-Auth-Token': '&lt;omitted&gt;'}
        Body: None
    Response - Headers: {'status': '200', 'content-length': '895', 'content-location': 'http://10.0.2.15:9696/v2.0/ports?status=ACTIVE&amp;fixed_ip=None&amp;device_id=7560101e-687f-4e65-bb07-363a1aaec92b', 'connection': 'close', 'date': 'Wed, 23 Dec 2015 04:59:54 GMT', 'content-type': 'application/json; charset=UTF-8', 'x-openstack-request-id': 'req-b3518f0a-4d26-426b-b4e5-6fdb8ace5741'}
        Body: {"ports": [{"status": "ACTIVE", "binding:host_id": "vagrant-ubuntu-trusty-64", "allowed_address_pairs": [], "extra_dhcp_opts": [], "dns_assignment": [{"hostname": "host-10-100-0-3", "ip_address": "10.100.0.3", "fqdn": "host-10-100-0-3.openstacklocal."}], "device_owner": "compute:None", "port_security_enabled": true, "binding:profile": {}, "fixed_ips": [{"subnet_id": "18ec57ab-b4d5-4b74-82e0-895694a94d50", "ip_address": "10.100.0.3"}], "id": "27588813-7696-44cf-ac21-3db885df29b3", "security_groups": ["3760fdb1-1c7b-46d4-acde-1b65fd564897"], "device_id": "7560101e-687f-4e65-bb07-363a1aaec92b", "name": "", "admin_state_up": true, "network_id": "1bb58aa9-4d3e-40e0-a352-8d0956b73efd", "dns_name": "", "binding:vif_details": {"port_filter": true}, "binding:vnic_type": "normal", "binding:vif_type": "ovs", "tenant_id": "7a2e83977de140199097f272417c0335", "mac_address": "fa:16:3e:97:f4:48"}]}
2015-12-23 04:59:54,964 21870 INFO     [tempest_lib.common.rest_client] Request (TestNetworkAdvancedServerOps:test_server_connectivity_pause_unpause): 201 POST http://10.0.2.15:9696/v2.0/floatingips 0.533s
2015-12-23 04:59:54,965 21870 DEBUG    [tempest_lib.common.rest_client] Request - Headers: {'Content-Type': 'application/json', 'Accept': 'application/json', 'X-Auth-Token': '&lt;omitted&gt;'}
        Body: {"floatingip": {"floating_network_id": "bc0b557f-01ea-4c53-a126-897266bb4b33", "tenant_id": "7a2e83977de140199097f272417c0335", "fixed_ip_address": "10.100.0.3", "port_id": "27588813-7696-44cf-ac21-3db885df29b3"}}
    Response - Headers: {'status': '201', 'content-length': '367', 'connection': 'close', 'date': 'Wed, 23 Dec 2015 04:59:54 GMT', 'content-type': 'application/json; charset=UTF-8', 'x-openstack-request-id': 'req-f3d3472f-d33f-412c-ba4d-14e78ce9106a'}
        Body: {"floatingip": {"floating_network_id": "bc0b557f-01ea-4c53-a126-897266bb4b33", "router_id": "c597c1cb-533e-4dbb-8af5-4fe528ffe48f", "fixed_ip_address": "10.100.0.3", "floating_ip_address": "172.24.4.4", "tenant_id": "7a2e83977de140199097f272417c0335", "status": "DOWN", "port_id": "27588813-7696-44cf-ac21-3db885df29b3", "id": "b9a2008a-37b1-4c87-862e-ff5bcea9a608"}}
2015-12-23 04:59:55,184 21870 INFO     [tempest_lib.common.rest_client] Request (TestNetworkAdvancedServerOps:test_server_connectivity_pause_unpause): 200 GET http://10.0.2.15:8774/v2.1/7a2e83977de140199097f272417c0335/servers/7560101e-687f-4e65-bb07-363a1aaec92b 0.219s
2015-12-23 04:59:55,185 21870 DEBUG    [tempest_lib.common.rest_client] Request - Headers: {'Content-Type': 'application/json', 'Accept': 'application/json', 'X-Auth-Token': '&lt;omitted&gt;'}
        Body: None
    Response - Headers: {'status': '200', 'content-length': '1660', 'content-location': 'http://10.0.2.15:8774/v2.1/7a2e83977de140199097f272417c0335/servers/7560101e-687f-4e65-bb07-363a1aaec92b', 'x-compute-request-id': 'req-97274809-e771-4fb7-8960-90fa9a63f71c', 'vary': 'X-OpenStack-Nova-API-Version', 'connection': 'close', 'x-openstack-nova-api-version': '2.1', 'date': 'Wed, 23 Dec 2015 04:59:55 GMT', 'content-type': 'application/json'}
        Body: {"server": {"status": "ACTIVE", "updated": "2015-12-23T04:59:53Z", "hostId": "35246dd5c12c3bba38007834ca35199412ca78045b9f6448f02af7ca", "addresses": {"tempest-network-smoke--755062014": [{"OS-EXT-IPS-MAC:mac_addr": "fa:16:3e:97:f4:48", "version": 4, "addr": "10.100.0.3", "OS-EXT-IPS:type": "fixed"}]}, "links": [{"href": "http://10.0.2.15:8774/v2.1/7a2e83977de140199097f272417c0335/servers/7560101e-687f-4e65-bb07-363a1aaec92b", "rel": "self"}, {"href": "http://10.0.2.15:8774/7a2e83977de140199097f272417c0335/servers/7560101e-687f-4e65-bb07-363a1aaec92b", "rel": "bookmark"}], "key_name": "tempest-TestNetworkAdvancedServerOps-1173692987", "image": {"id": "3508248c-7cce-4fc7-a486-821476aabf15", "links": [{"href": "http://10.0.2.15:8774/7a2e83977de140199097f272417c0335/images/3508248c-7cce-4fc7-a486-821476aabf15", "rel": "bookmark"}]}, "OS-EXT-STS:task_state": null, "OS-EXT-STS:vm_state": "active", "OS-SRV-USG:launched_at": "2015-12-23T04:59:53.000000", "flavor": {"id": "42", "links": [{"href": "http://10.0.2.15:8774/7a2e83977de140199097f272417c0335/flavors/42", "rel": "bookmark"}]}, "id": "7560101e-687f-4e65-bb07-363a1aaec92b", "security_groups": [{"name": "tempest-secgroup-smoke-468611849"}], "OS-SRV-USG:terminated_at": null, "OS-EXT-AZ:availability_zone": "nova", "user_id": "a287ba73e4dc49dd974b17e93b5dcd9d", "name": "tempest.common.compute-instance-447565278", "created": "2015-12-23T04:59:49Z", "tenant_id": "7a2e83977de140199097f272417c0335", "OS-DCF:diskConfig": "MANUAL", "os-extended-volumes:volumes_attached": [], "accessIPv4": "", "accessIPv6": "", "progress": 0, "OS-EXT-STS:power_state": 1, "config_drive": "True", "metadata": {}}}
2015-12-23 04:59:55,193 21870 INFO     [tempest.scenario.manager] Tenant networks not configured to be reachable.
2015-12-23 04:59:55,206 21870 INFO     [tempest_lib.common.rest_client] Request (TestNetworkAdvancedServerOps:test_server_connectivity_pause_unpause): 200 GET http://10.0.2.15:9696/v2.0/floatingips/b9a2008a-37b1-4c87-862e-ff5bcea9a608 0.013s
2015-12-23 04:59:55,206 21870 DEBUG    [tempest_lib.common.rest_client] Request - Headers: {'Content-Type': 'application/json', 'Accept': 'application/json', 'X-Auth-Token': '&lt;omitted&gt;'}
        Body: None
    Response - Headers: {'status': '200', 'content-length': '367', 'content-location': 'http://10.0.2.15:9696/v2.0/floatingips/b9a2008a-37b1-4c87-862e-ff5bcea9a608', 'connection': 'close', 'date': 'Wed, 23 Dec 2015 04:59:55 GMT', 'content-type': 'application/json; charset=UTF-8', 'x-openstack-request-id': 'req-48940e2d-ca9d-4bf3-a89d-f66474a6d2e4'}
        Body: {"floatingip": {"floating_network_id": "bc0b557f-01ea-4c53-a126-897266bb4b33", "router_id": "c597c1cb-533e-4dbb-8af5-4fe528ffe48f", "fixed_ip_address": "10.100.0.3", "floating_ip_address": "172.24.4.4", "tenant_id": "7a2e83977de140199097f272417c0335", "status": "DOWN", "port_id": "27588813-7696-44cf-ac21-3db885df29b3", "id": "b9a2008a-37b1-4c87-862e-ff5bcea9a608"}}
2015-12-23 04:59:56,222 21870 INFO     [tempest_lib.common.rest_client] Request (TestNetworkAdvancedServerOps:test_server_connectivity_pause_unpause): 200 GET http://10.0.2.15:9696/v2.0/floatingips/b9a2008a-37b1-4c87-862e-ff5bcea9a608 0.014s
2015-12-23 04:59:56,222 21870 DEBUG    [tempest_lib.common.rest_client] Request - Headers: {'Content-Type': 'application/json', 'Accept': 'application/json', 'X-Auth-Token': '&lt;omitted&gt;'}
        Body: None
    Response - Headers: {'status': '200', 'content-length': '369', 'content-location': 'http://10.0.2.15:9696/v2.0/floatingips/b9a2008a-37b1-4c87-862e-ff5bcea9a608', 'connection': 'close', 'date': 'Wed, 23 Dec 2015 04:59:56 GMT', 'content-type': 'application/json; charset=UTF-8', 'x-openstack-request-id': 'req-b6e545b0-6fac-4751-b03a-dcce3dedccd5'}
        Body: {"floatingip": {"floating_network_id": "bc0b557f-01ea-4c53-a126-897266bb4b33", "router_id": "c597c1cb-533e-4dbb-8af5-4fe528ffe48f", "fixed_ip_address": "10.100.0.3", "floating_ip_address": "172.24.4.4", "tenant_id": "7a2e83977de140199097f272417c0335", "status": "ACTIVE", "port_id": "27588813-7696-44cf-ac21-3db885df29b3", "id": "b9a2008a-37b1-4c87-862e-ff5bcea9a608"}}
2015-12-23 04:59:56,223 21870 INFO     [tempest.scenario.manager] FloatingIP: &lt;"FloatingIP" addr="172.24.4.4" id="b9a2008a-37b1-4c87-862e-ff5bcea9a608"&gt; is at status: ACTIVE
2015-12-23 04:59:56,223 21870 DEBUG    [tempest.scenario.manager] checking network connections to IP 172.24.4.4 with user: cirros
2015-12-23 04:59:56,223 21870 DEBUG    [tempest.scenario.manager] TestNetworkAdvancedServerOps:test_server_connectivity_pause_unpause begins to ping 172.24.4.4 in 120 sec and the expected result is reachable
2015-12-23 05:01:56,546 21870 DEBUG    [tempest.scenario.manager] TestNetworkAdvancedServerOps:test_server_connectivity_pause_unpause finishes ping 172.24.4.4 in 120 sec and the ping result is unexpected
2015-12-23 05:01:56,547 21870 ERROR    [tempest.scenario.manager] Public network connectivity check failed
2015-12-23 05:01:56.547 21870 ERROR tempest.scenario.manager Traceback (most recent call last):
2015-12-23 05:01:56.547 21870 ERROR tempest.scenario.manager   File "tempest/scenario/manager.py", line 609, in check_public_network_connectivity
2015-12-23 05:01:56.547 21870 ERROR tempest.scenario.manager     should_connect=should_connect)
2015-12-23 05:01:56.547 21870 ERROR tempest.scenario.manager   File "tempest/scenario/manager.py", line 593, in check_vm_connectivity
2015-12-23 05:01:56.547 21870 ERROR tempest.scenario.manager     msg=msg)
2015-12-23 05:01:56.547 21870 ERROR tempest.scenario.manager   File "/usr/local/lib/python2.7/dist-packages/unittest2/case.py", line 702, in assertTrue
2015-12-23 05:01:56.547 21870 ERROR tempest.scenario.manager     raise self.failureException(msg)
2015-12-23 05:01:56.547 21870 ERROR tempest.scenario.manager AssertionError: False is not true : Timed out waiting for 172.24.4.4 to become reachable
2015-12-23 05:01:56.547 21870 ERROR tempest.scenario.manager 
2015-12-23 05:01:56,767 21870 INFO     [tempest_lib.common.rest_client] Request (TestNetworkAdvancedServerOps:test_server_connectivity_pause_unpause): 200 POST http://10.0.2.15:8774/v2.1/7a2e83977de140199097f272417c0335/servers/7560101e-687f-4e65-bb07-363a1aaec92b/action 0.216s
2015-12-23 05:01:56,768 21870 DEBUG    [tempest_lib.common.rest_client] Request - Headers: {'Content-Type': 'application/json', 'Accept': 'application/json', 'X-Auth-Token': '&lt;omitted&gt;'}
        Body: {"os-getConsoleOutput": {}}
    Response - Headers: {'status': '200', 'content-length': '17429', 'x-compute-request-id': 'req-6e5c000a-bb65-45d1-87d9-ba6423518da2', 'vary': 'X-OpenStack-Nova-API-Version', 'connection': 'close', 'x-openstack-nova-api-version': '2.1', 'date': 'Wed, 23 Dec 2015 05:01:56 GMT', 'content-type': 'application/json'}
        Body: {"output": "[    0.000000] Initializing cgroup subsys cpuset\n[    0.000000] Initializing cgroup subsys cpu\n[    0.000000] Linux version 3.2.0-80-virtual (buildd@batsu) (gcc version 4.6.3 (Ubuntu/Linaro 4.6.3-1ubuntu5) ) #116-Ubuntu SMP Mon Mar 23 17:28:52 UTC 2015 (Ubuntu 3.2.0-80.116-virtual 3.2.68)\n[    0.000000] Command line: root=/dev/vda console=tty0 console=ttyS0 no_timer_check\n[    0.000000] KERNEL supported cpus:\n[    0.000000]   Intel GenuineIntel\n[    0.000000]   AMD AuthenticAMD\n[    0.000000]   Centaur CentaurHauls\n[    0.000000] BIOS-provided physical RAM map:\n[    0.000000]  BIOS-e820: 0000000000000000 - 000000000009fc00 (usable)\n[    0.000000]  BIOS-e820: 000000000009fc00 - 00000000000a0000 (reserved)\n[    0.000000]  BIOS-e820: 00000000000f0000 - 0000000000100000 (reserved)\n[    0.000000]  BIOS-e820: 0000000000100000 - 0000000003ffe000 (usable)\n[    0.000000]  BIOS-e820: 0000000003ffe000 - 0000000004000000 (reserved)\n[    0.000000]  BIOS-e820: 00000000fffc0000 - 0000000100000000 (reserved)\n[    0.000000] NX (Execute Disable) protection: active\n[    0.000000] SMBIOS 2.4 present.\n[    0.000000] No AGP bridge found\n[    0.000000] last_pfn = 0x3ffe max_arch_pfn = 0x400000000\n[    0.000000] x86 PAT enabled: cpu 0, old 0x7040600070406, new 0x7010600070106\n[    0.000000] found SMP MP-table at [ffff8800000f0b00] f0b00\n[    0.000000] init_memory_mapping: 0000000000000000-0000000003ffe000\n[    0.000000] RAMDISK: 03c5e000 - 03ff0000\n[    0.000000] ACPI: RSDP 00000000000f0950 00014 (v00 BOCHS )\n[    0.000000] ACPI: RSDT 0000000003fffbc1 00034 (v01 BOCHS  BXPCRSDT 00000001 BXPC 00000001)\n[    0.000000] ACPI: FACP 0000000003fff1c0 00074 (v01 BOCHS  BXPCFACP 00000001 BXPC 00000001)\n[    0.000000] ACPI: DSDT 0000000003ffe040 01180 (v01 BOCHS  BXPCDSDT 00000001 BXPC 00000001)\n[    0.000000] ACPI: FACS 0000000003ffe000 00040\n[    0.000000] ACPI: SSDT 0000000003fff234 008DD (v01 BOCHS  BXPCSSDT 00000001 BXPC 00000001)\n[    0.000000] ACPI: APIC 0000000003fffb11 00078 (v01 BOCHS  BXPCAPIC 00000001 BXPC 00000001)\n[    0.000000] ACPI: HPET 0000000003fffb89 00038 (v01 BOCHS  BXPCHPET 00000001 BXPC 00000001)\n[    0.000000] No NUMA configuration found\n[    0.000000] Faking a node at 0000000000000000-0000000003ffe000\n[    0.000000] Initmem setup node 0 0000000000000000-0000000003ffe000\n[    0.000000]   NODE_DATA [0000000003ff6000 - 0000000003ffafff]\n[    0.000000] Zone PFN ranges:\n[    0.000000]   DMA      0x00000010 -&gt; 0x00001000\n[    0.000000]   DMA32    0x00001000 -&gt; 0x00100000\n[    0.000000]   Normal   empty\n[    0.000000] Movable zone start PFN for each node\n[    0.000000] early_node_map[2] active PFN ranges\n[    0.000000]     0: 0x00000010 -&gt; 0x0000009f\n[    0.000000]     0: 0x00000100 -&gt; 0x00003ffe\n[    0.000000] ACPI: PM-Timer IO Port: 0xb008\n[    0.000000] ACPI: LAPIC (acpi_id[0x00] lapic_id[0x00] enabled)\n[    0.000000] ACPI: LAPIC_NMI (acpi_id[0xff] dfl dfl lint[0x1])\n[    0.000000] ACPI: IOAPIC (id[0x00] address[0xfec00000] gsi_base[0])\n[    0.000000] IOAPIC[0]: apic_id 0, version 17, address 0xfec00000, GSI 0-23\n[    0.000000] ACPI: INT_SRC_OVR (bus 0 bus_irq 0 global_irq 2 dfl dfl)\n[    0.000000] ACPI: INT_SRC_OVR (bus 0 bus_irq 5 global_irq 5 high level)\n[    0.000000] ACPI: INT_SRC_OVR (bus 0 bus_irq 9 global_irq 9 high level)\n[    0.000000] ACPI: INT_SRC_OVR (bus 0 bus_irq 10 global_irq 10 high level)\n[    0.000000] ACPI: INT_SRC_OVR (bus 0 bus_irq 11 global_irq 11 high level)\n[    0.000000] Using ACPI (MADT) for SMP configuration information\n[    0.000000] ACPI: HPET id: 0x8086a201 base: 0xfed00000\n[    0.000000] SMP: Allowing 1 CPUs, 0 hotplug CPUs\n[    0.000000] PM: Registered nosave memory: 000000000009f000 - 00000000000a0000\n[    0.000000] PM: Registered nosave memory: 00000000000a0000 - 00000000000f0000\n[    0.000000] PM: Registered nosave memory: 00000000000f0000 - 0000000000100000\n[    0.000000] Allocating PCI resources starting at 4000000 (gap: 4000000:fbfc0000)\n[    0.000000] Booting paravirtualized kernel on bare hardware\n[    0.000000] setup_pe
2015-12-23 05:01:56,773 21870 DEBUG    [tempest.scenario.manager] Console output for 7560101e-687f-4e65-bb07-363a1aaec92b
body=
[    0.000000] Initializing cgroup subsys cpuset
[    0.000000] Initializing cgroup subsys cpu
[    0.000000] Linux version 3.2.0-80-virtual (buildd@batsu) (gcc version 4.6.3 (Ubuntu/Linaro 4.6.3-1ubuntu5) ) #116-Ubuntu SMP Mon Mar 23 17:28:52 UTC 2015 (Ubuntu 3.2.0-80.116-virtual 3.2.68)
[    0.000000] Command line: root=/dev/vda console=tty0 console=ttyS0 no_timer_check
[    0.000000] KERNEL supported cpus:
[    0.000000]   Intel GenuineIntel
[    0.000000]   AMD AuthenticAMD
[    0.000000]   Centaur CentaurHauls
[    0.000000] BIOS-provided physical RAM map:
[    0.000000]  BIOS-e820: 0000000000000000 - 000000000009fc00 (usable)
[    0.000000]  BIOS-e820: 000000000009fc00 - 00000000000a0000 (reserved)
[    0.000000]  BIOS-e820: 00000000000f0000 - 0000000000100000 (reserved)
[    0.000000]  BIOS-e820: 0000000000100000 - 0000000003ffe000 (usable)
[    0.000000]  BIOS-e820: 0000000003ffe000 - 0000000004000000 (reserved)
[    0.000000]  BIOS-e820: 00000000fffc0000 - 0000000100000000 (reserved)
[    0.000000] NX (Execute Disable) protection: active
[    0.000000] SMBIOS 2.4 present.
[    0.000000] No AGP bridge found
[    0.000000] last_pfn = 0x3ffe max_arch_pfn = 0x400000000
[    0.000000] x86 PAT enabled: cpu 0, old 0x7040600070406, new 0x7010600070106
[    0.000000] found SMP MP-table at [ffff8800000f0b00] f0b00
[    0.000000] init_memory_mapping: 0000000000000000-0000000003ffe000
[    0.000000] RAMDISK: 03c5e000 - 03ff0000
[    0.000000] ACPI: RSDP 00000000000f0950 00014 (v00 BOCHS )
[    0.000000] ACPI: RSDT 0000000003fffbc1 00034 (v01 BOCHS  BXPCRSDT 00000001 BXPC 00000001)
[    0.000000] ACPI: FACP 0000000003fff1c0 00074 (v01 BOCHS  BXPCFACP 00000001 BXPC 00000001)
[    0.000000] ACPI: DSDT 0000000003ffe040 01180 (v01 BOCHS  BXPCDSDT 00000001 BXPC 00000001)
[    0.000000] ACPI: FACS 0000000003ffe000 00040
[    0.000000] ACPI: SSDT 0000000003fff234 008DD (v01 BOCHS  BXPCSSDT 00000001 BXPC 00000001)
[    0.000000] ACPI: APIC 0000000003fffb11 00078 (v01 BOCHS  BXPCAPIC 00000001 BXPC 00000001)
[    0.000000] ACPI: HPET 0000000003fffb89 00038 (v01 BOCHS  BXPCHPET 00000001 BXPC 00000001)
[    0.000000] No NUMA configuration found
[    0.000000] Faking a node at 0000000000000000-0000000003ffe000
[    0.000000] Initmem setup node 0 0000000000000000-0000000003ffe000
[    0.000000]   NODE_DATA [0000000003ff6000 - 0000000003ffafff]
[    0.000000] Zone PFN ranges:
[    0.000000]   DMA      0x00000010 -&gt; 0x00001000
[    0.000000]   DMA32    0x00001000 -&gt; 0x00100000
[    0.000000]   Normal   empty
[    0.000000] Movable zone start PFN for each node
[    0.000000] early_node_map[2] active PFN ranges
[    0.000000]     0: 0x00000010 -&gt; 0x0000009f
[    0.000000]     0: 0x00000100 -&gt; 0x00003ffe
[    0.000000] ACPI: PM-Timer IO Port: 0xb008
[    0.000000] ACPI: LAPIC (acpi_id[0x00] lapic_id[0x00] enabled)
[    0.000000] ACPI: LAPIC_NMI (acpi_id[0xff] dfl dfl lint[0x1])
[    0.000000] ACPI: IOAPIC (id[0x00] address[0xfec00000] gsi_base[0])
[    0.000000] IOAPIC[0]: apic_id 0, version 17, address 0xfec00000, GSI 0-23
[    0.000000] ACPI: INT_SRC_OVR (bus 0 bus_irq 0 global_irq 2 dfl dfl)
[    0.000000] ACPI: INT_SRC_OVR (bus 0 bus_irq 5 global_irq 5 high level)
[    0.000000] ACPI: INT_SRC_OVR (bus 0 bus_irq 9 global_irq 9 high level)
[    0.000000] ACPI: INT_SRC_OVR (bus 0 bus_irq 10 global_irq 10 high level)
[    0.000000] ACPI: INT_SRC_OVR (bus 0 bus_irq 11 global_irq 11 high level)
[    0.000000] Using ACPI (MADT) for SMP configuration information
[    0.000000] ACPI: HPET id: 0x8086a201 base: 0xfed00000
[    0.000000] SMP: Allowing 1 CPUs, 0 hotplug CPUs
[    0.000000] PM: Registered nosave memory: 000000000009f000 - 00000000000a0000
[    0.000000] PM: Registered nosave memory: 00000000000a0000 - 00000000000f0000
[    0.000000] PM: Registered nosave memory: 00000000000f0000 - 0000000000100000
[    0.000000] Allocating PCI resources starting at 4000000 (gap: 4000000:fbfc0000)
[    0.000000] Booting paravirtualized kernel on bare hardware
[    0.000000] setup_percpu: NR_CPUS:64 nr_cpumask_bits:64 nr_cpu_ids:1 nr_node_ids:1
[    0.000000] PERCPU: Embedded 27 pages/cpu @ffff880003a00000 s78848 r8192 d23552 u2097152
[    0.000000] Built 1 zonelists in Node order, mobility grouping on.  Total pages: 16008
[    0.000000] Policy zone: DMA32
[    0.000000] Kernel command line: root=/dev/vda console=tty0 console=ttyS0 no_timer_check
[    0.000000] PID hash table entries: 256 (order: -1, 2048 bytes)
[    0.000000] Checking aperture...
[    0.000000] No AGP bridge found
[    0.000000] Memory: 43492k/65528k available (6576k kernel code, 452k absent, 21584k reserved, 6620k data, 928k init)
[    0.000000] SLUB: Genslabs=15, HWalign=64, Order=0-3, MinObjects=0, CPUs=1, Nodes=1
[    0.000000] Hierarchical RCU implementation.
[    0.000000] 	RCU dyntick-idle grace-period acceleration is enabled.
[    0.000000] NR_IRQS:4352 nr_irqs:256 16
[    0.000000] Console: colour VGA+ 80x25
[    0.000000] console [tty0] enabled
[    0.000000] console [ttyS0] enabled
[    0.000000] allocated 1048576 bytes of page_cgroup
[    0.000000] please try 'cgroup_disable=memory' option if you don't want memory cgroups
[    0.000000] Fast TSC calibration failed
[    0.000000] TSC: Unable to calibrate against PIT
[    0.000000] TSC: using HPET reference calibration
[    0.000000] Detected 2293.063 MHz processor.
[    0.037474] Calibrating delay loop (skipped), value calculated using timer frequency.. 4586.12 BogoMIPS (lpj=9172252)
[    0.039562] pid_max: default: 32768 minimum: 301
[    0.048324] Security Framework initialized
[    0.053205] AppArmor: AppArmor initialized
[    0.056225] Yama: becoming mindful.
[    0.065705] Dentry cache hash table entries: 8192 (order: 4, 65536 bytes)
[    0.068207] Inode-cache hash table entries: 4096 (order: 3, 32768 bytes)
[    0.070070] Mount-cache hash table entries: 256
[    0.084834] Initializing cgroup subsys cpuacct
[    0.085784] Initializing cgroup subsys memory
[    0.086499] Initializing cgroup subsys devices
[    0.088166] Initializing cgroup subsys freezer
[    0.088861] Initializing cgroup subsys blkio
[    0.089690] Initializing cgroup subsys perf_event
[    0.093994] mce: CPU supports 10 MCE banks
[    0.098030] SMP alternatives: switching to UP code
[    0.468398] Freeing SMP alternatives: 24k freed
[    0.470365] ACPI: Core revision 20110623
[    0.518247] ftrace: allocating 26610 entries in 105 pages
[    0.546731] ..TIMER: vector=0x30 apic1=0 pin1=2 apic2=-1 pin2=-1
[    0.548136] CPU0: AMD QEMU Virtual CPU version 2.0.0 stepping 03
[    0.552033] Performance Events: Broken PMU hardware detected, using software events only.
[    0.560132] NMI watchdog disabled (cpu0): hardware events not enabled
[    0.561647] Brought up 1 CPUs
[    0.562178] Total of 1 processors activated (4586.12 BogoMIPS).
[    0.587229] devtmpfs: initialized
[    0.617663] EVM: security.selinux
[    0.618171] EVM: security.SMACK64
[    0.618606] EVM: security.capability
[    0.637650] print_constraints: dummy: 
[    0.639246] RTC time:  4:59:57, date: 12/23/15
[    0.642358] NET: Registered protocol family 16
[    0.649811] ACPI: bus type pci registered
[    0.653663] PCI: Using configuration type 1 for base access
[    0.692786] bio: create slab &lt;bio-0&gt; at 0
[    0.697706] ACPI: Added _OSI(Module Device)
[    0.698491] ACPI: Added _OSI(Processor Device)
[    0.700101] ACPI: Added _OSI(3.0 _SCP Extensions)
[    0.700701] ACPI: Added _OSI(Processor Aggregator Device)
[    0.784799] ACPI: Interpreter enabled
[    0.786385] ACPI: (supports S0 S3 S4 S5)
[    0.788900] ACPI: Using IOAPIC for interrupt routing
[    0.870059] ACPI: No dock devices found.
[    0.870668] HEST: Table not found.
[    0.871286] PCI: Using host bridge windows from ACPI; if necessary, use "pci=nocrs" and report a bug
[    0.877342] ACPI: PCI Root Bridge [PCI0] (domain 0000 [bus 00-ff])
[    0.883107] pci_root PNP0A03:00: host bridge window [io  0x0000-0x0cf7]
[    0.884170] pci_root PNP0A03:00: host bridge window [io  0x0d00-0xadff]
[    0.885029] pci_root PNP0A03:00: host bridge window [io  0xae0f-0xaeff]
[    0.885853] pci_root PNP0A03:00: host bridge window [io  0xaf20-0xafdf]
[    0.888107] pci_root PNP0A03:00: host bridge window [io  0xafe4-0xffff]
[    0.888976] pci_root PNP0A03:00: host bridge window [mem 0x000a0000-0x000bffff]
[    0.889977] pci_root PNP0A03:00: host bridge window [mem 0x04000000-0xfebfffff]
[    0.912783] pci 0000:00:01.3: quirk: [io  0xb000-0xb03f] claimed by PIIX4 ACPI
[    0.913717] pci 0000:00:01.3: quirk: [io  0xb100-0xb10f] claimed by PIIX4 SMB
[    0.984060]  pci0000:00: Unable to request _OSC control (_OSC support mask: 0x1e)
[    1.047346] ACPI: PCI Interrupt Link [LNKA] (IRQs 5 *10 11)
[    1.049193] ACPI: PCI Interrupt Link [LNKB] (IRQs 5 *10 11)
[    1.050992] ACPI: PCI Interrupt Link [LNKC] (IRQs 5 10 *11)
[    1.052688] ACPI: PCI Interrupt Link [LNKD] (IRQs 5 10 *11)
[    1.056560] ACPI: PCI Interrupt Link [LNKS] (IRQs *9)
[    1.062732] vgaarb: device added: PCI:0000:00:02.0,decodes=io+mem,owns=io+mem,locks=none
[    1.064191] vgaarb: loaded
[    1.064572] vgaarb: bridge control possible 0000:00:02.0
[    1.068910] i2c-core: driver [aat2870] using legacy suspend method
[    1.069595] i2c-core: driver [aat2870] using legacy resume method
[    1.072453] SCSI subsystem initialized
[    1.075231] usbcore: registered new interface driver usbfs
[    1.077188] usbcore: registered new interface driver hub
[    1.081131] usbcore: registered new device driver usb
[    1.086127] PCI: Using ACPI for IRQ routing
[    1.097094] NetLabel: Initializing
[    1.097518] NetLabel:  domain hash size = 128
[    1.098017] NetLabel:  protocols = UNLABELED CIPSOv4
[    1.099677] NetLabel:  unlabeled traffic allowed by default
[    1.101396] HPET: 3 timers in total, 0 timers will be used for per-cpu timer
[    1.102525] hpet0: at MMIO 0xfed00000, IRQs 2, 8, 0
[    1.104485] hpet0: 3 comparators, 64-bit 100.000000 MHz counter
[    1.117938] Switching to clocksource hpet
[    1.351447] AppArmor: AppArmor Filesystem Enabled
[    1.354187] pnp: PnP ACPI init
[    1.354922] ACPI: bus type pnp registered
[    1.373937] pnp: PnP ACPI: found 9 devices
[    1.374644] ACPI: ACPI bus type pnp unregistered
[    1.429433] NET: Registered protocol family 2
[    1.463495] IP route cache hash table entries: 512 (order: 0, 4096 bytes)
[    1.486489] TCP established hash table entries: 2048 (order: 3, 32768 bytes)
[    1.488019] TCP bind hash table entries: 2048 (order: 3, 32768 bytes)
[    1.489502] TCP: Hash tables configured (established 2048 bind 2048)
[    1.490581] TCP reno registered
[    1.491112] UDP hash table entries: 128 (order: 0, 4096 bytes)
[    1.491826] UDP-Lite hash table entries: 128 (order: 0, 4096 bytes)
[    1.495160] NET: Registered protocol family 1
[    1.496049] pci 0000:00:00.0: Limiting direct PCI/PCI transfers
[    1.497457] pci 0000:00:01.0: PIIX3: Enabling Passive Release
[    1.498609] pci 0000:00:01.0: Activating ISA DMA hang workarounds
[    1.503225] ACPI: PCI Interrupt Link [LNKD] enabled at IRQ 11
[    1.504172] pci 0000:00:01.2: PCI INT D -&gt; Link[LNKD] -&gt; GSI 11 (level, high) -&gt; IRQ 11
[    1.508034] pci 0000:00:01.2: PCI INT D disabled
[    1.532141] Trying to unpack rootfs image as initramfs...
[    1.553546] audit: initializing netlink socket (disabled)
[    1.555026] type=2000 audit(1450846797.552:1): initialized
[    1.833587] HugeTLB registered 2 MB page size, pre-allocated 0 pages
[    1.911260] VFS: Disk quotas dquot_6.5.2
[    1.913544] Dquot-cache hash table entries: 512 (order 0, 4096 bytes)
[    1.929239] fuse init (API version 7.17)
[    1.934906] msgmni has been set to 84
[    1.970898] Block layer SCSI generic (bsg) driver version 0.4 loaded (major 253)
[    1.981325] io scheduler noop registered
[    1.982123] io scheduler deadline registered (default)
[    1.983384] io scheduler cfq registered
[    1.987051] pci_hotplug: PCI Hot Plug PCI Core version: 0.5
[    1.990123] pciehp: PCI Express Hot Plug Controller Driver version: 0.4
[    1.997017] input: Power Button as /devices/LNXSYSTM:00/LNXPWRBN:00/input/input0
[    1.998559] ACPI: Power Button [PWRF]
[    2.045647] ERST: Table is not found!
[    2.046170] GHES: HEST is not enabled!
[    2.054395] ACPI: PCI Interrupt Link [LNKC] enabled at IRQ 10
[    2.055180] virtio-pci 0000:00:03.0: PCI INT A -&gt; Link[LNKC] -&gt; GSI 10 (level, high) -&gt; IRQ 10
[    2.059627] virtio-pci 0000:00:04.0: PCI INT A -&gt; Link[LNKD] -&gt; GSI 11 (level, high) -&gt; IRQ 11
[    2.079797] ACPI: PCI Interrupt Link [LNKA] enabled at IRQ 10
[    2.080452] virtio-pci 0000:00:05.0: PCI INT A -&gt; Link[LNKA] -&gt; GSI 10 (level, high) -&gt; IRQ 10
[    2.097770] Serial: 8250/16550 driver, 32 ports, IRQ sharing enabled
[    2.139765] serial8250: ttyS0 at I/O 0x3f8 (irq = 4) is a 16550A
[    2.233102] serial8250: ttyS1 at I/O 0x2f8 (irq = 3) is a 16550A
[    2.375528] 00:05: ttyS0 at I/O 0x3f8 (irq = 4) is a 16550A
[    2.469019] 00:06: ttyS1 at I/O 0x2f8 (irq = 3) is a 16550A
[    2.514066] Refined TSC clocksource calibration: 2293.270 MHz.
[    2.514852] Switching to clocksource tsc
[    2.527908] Linux agpgart interface v0.103
[    2.599956] brd: module loaded
[    2.629485] loop: module loaded
[    2.685484]  vda: unknown partition table
[    2.737746] scsi0 : ata_piix
[    2.740587] scsi1 : ata_piix
[    2.742173] ata1: PATA max MWDMA2 cmd 0x1f0 ctl 0x3f6 bmdma 0xc0a0 irq 14
[    2.743060] ata2: PATA max MWDMA2 cmd 0x170 ctl 0x376 bmdma 0xc0a8 irq 15
[    2.754938] Fixed MDIO Bus: probed
[    2.755761] tun: Universal TUN/TAP device driver, 1.6
[    2.756965] tun: (C) 1999-2004 Max Krasnyansky &lt;maxk@qualcomm.com&gt;
[    2.782166] PPP generic driver version 2.4.2
[    2.807597] ehci_hcd: USB 2.0 'Enhanced' Host Controller (EHCI) Driver
[    2.809468] ohci_hcd: USB 1.1 'Open' Host Controller (OHCI) Driver
[    2.810351] uhci_hcd: USB Universal Host Controller Interface driver
[    2.811302] uhci_hcd 0000:00:01.2: PCI INT D -&gt; Link[LNKD] -&gt; GSI 11 (level, high) -&gt; IRQ 11
[    2.814345] uhci_hcd 0000:00:01.2: UHCI Host Controller
[    2.825416] uhci_hcd 0000:00:01.2: new USB bus registered, assigned bus number 1
[    2.827112] uhci_hcd 0000:00:01.2: irq 11, io base 0x0000c040
[    2.875741] hub 1-0:1.0: USB hub found
[    2.879927] hub 1-0:1.0: 2 ports detected
[    2.887437] usbcore: registered new interface driver libusual
[    2.891628] i8042: PNP: PS/2 Controller [PNP0303:KBD,PNP0f13:MOU] at 0x60,0x64 irq 1,12
[    2.911121] serio: i8042 KBD port at 0x60,0x64 irq 1
[    2.915709] serio: i8042 AUX port at 0x60,0x64 irq 12
[    2.971607] ata2.01: ATAPI: QEMU DVD-ROM, 2.0.0, max UDMA/100
[    2.988148] ata2.01: configured for MWDMA2
[    3.020119] mousedev: PS/2 mouse device common for all mice
[    3.027437] scsi 1:0:1:0: CD-ROM            QEMU     QEMU DVD-ROM     2.0. PQ: 0 ANSI: 5
[    3.047673] input: AT Translated Set 2 keyboard as /devices/platform/i8042/serio0/input/input1
[    3.060889] rtc_cmos 00:01: RTC can wake from S4
[    3.069859] rtc_cmos 00:01: rtc core: registered rtc_cmos as rtc0
[    3.073351] rtc0: alarms up to one day, 114 bytes nvram, hpet irqs
[    3.076652] device-mapper: uevent: version 1.0.3
[    3.095989] device-mapper: ioctl: 4.22.0-ioctl (2011-10-19) initialised: dm-devel@redhat.com
[    3.103001] cpuidle: using governor ladder
[    3.104028] cpuidle: using governor menu
[    3.106047] EFI Variables Facility v0.08 2004-May-17
[    3.114367] TCP cubic registered
[    3.119933] NET: Registered protocol family 10
[    3.154451] NET: Registered protocol family 17
[    3.155831] Registering the dns_resolver key type
[    3.161133] sr0: scsi3-mmc drive: 4x/4x cd/rw xa/form2 tray
[    3.162473] cdrom: Uniform CD-ROM driver Revision: 3.20
[    3.187166] sr 1:0:1:0: Attached scsi generic sg0 type 5
[    3.259082] registered taskstats version 1
[    3.335436] Freeing initrd memory: 3656k freed
[    3.853021]   Magic number: 11:629:970
[    3.862964] rtc_cmos 00:01: setting system clock to 2015-12-23 05:00:00 UTC (1450846800)
[    3.865972] powernow-k8: Processor cpuid 663 not supported
[    3.871805] BIOS EDD facility v0.16 2004-Jun-25, 0 devices found
[    3.873143] EDD information not available.
[    3.931728] Freeing unused kernel memory: 928k freed
[    3.936019] Write protecting the kernel read-only data: 12288k
[    4.048976] Freeing unused kernel memory: 1596k freed
[    4.141127] Freeing unused kernel memory: 1184k freed

info: initramfs: up at 4.33
modprobe: module virtio_blk not found in modules.dep
modprobe: module virtio_net not found in modules.dep
info: copying initramfs to /dev/vda
info: initramfs loading root from /dev/vda
info: /etc/init.d/rc.sysinit: up at 8.93
info: container: none
Starting logging: OK
modprobe: module virtio_blk not found in modules.dep
modprobe: module virtio_net not found in modules.dep
WARN: /etc/rc3.d/S10-load-modules failed
Initializing random number generator... done.
Starting acpid: OK
cirros-ds 'local' up at 11.40
found datasource (configdrive, local)
Starting network...
udhcpc (v1.20.1) started
Sending discover...
Sending discover...

2015-12-23 05:01:57,044 21870 INFO     [tempest_lib.common.rest_client] Request (TestNetworkAdvancedServerOps:_run_cleanups): 204 DELETE http://10.0.2.15:9696/v2.0/floatingips/b9a2008a-37b1-4c87-862e-ff5bcea9a608 0.265s
2015-12-23 05:01:57,044 21870 DEBUG    [tempest_lib.common.rest_client] Request - Headers: {'Content-Type': 'application/json', 'Accept': 'application/json', 'X-Auth-Token': '&lt;omitted&gt;'}
        Body: None
    Response - Headers: {'date': 'Wed, 23 Dec 2015 05:01:57 GMT', 'status': '204', 'connection': 'close', 'content-length': '0', 'x-openstack-request-id': 'req-bb97fc80-0bed-4198-99c1-95ecb3542bf1'}
        Body: 
2015-12-23 05:01:57,259 21870 INFO     [tempest_lib.common.rest_client] Request (TestNetworkAdvancedServerOps:_run_cleanups): 204 DELETE http://10.0.2.15:8774/v2.1/7a2e83977de140199097f272417c0335/servers/7560101e-687f-4e65-bb07-363a1aaec92b 0.214s
2015-12-23 05:01:57,260 21870 DEBUG    [tempest_lib.common.rest_client] Request - Headers: {'Content-Type': 'application/json', 'Accept': 'application/json', 'X-Auth-Token': '&lt;omitted&gt;'}
        Body: None
    Response - Headers: {'status': '204', 'content-length': '0', 'x-compute-request-id': 'req-8798e079-a170-4a05-9728-13faa24afdca', 'vary': 'X-OpenStack-Nova-API-Version', 'connection': 'close', 'x-openstack-nova-api-version': '2.1', 'date': 'Wed, 23 Dec 2015 05:01:57 GMT', 'content-type': 'application/json'}
        Body: 
2015-12-23 05:01:57,519 21870 INFO     [tempest_lib.common.rest_client] Request (TestNetworkAdvancedServerOps:_run_cleanups): 200 GET http://10.0.2.15:8774/v2.1/7a2e83977de140199097f272417c0335/servers/7560101e-687f-4e65-bb07-363a1aaec92b 0.258s
2015-12-23 05:01:57,519 21870 DEBUG    [tempest_lib.common.rest_client] Request - Headers: {'Content-Type': 'application/json', 'Accept': 'application/json', 'X-Auth-Token': '&lt;omitted&gt;'}
        Body: None
    Response - Headers: {'status': '200', 'content-length': '1783', 'content-location': 'http://10.0.2.15:8774/v2.1/7a2e83977de140199097f272417c0335/servers/7560101e-687f-4e65-bb07-363a1aaec92b', 'x-compute-request-id': 'req-d0ffb3f8-8bb4-4077-ae36-1a3e1b1416fc', 'vary': 'X-OpenStack-Nova-API-Version', 'connection': 'close', 'x-openstack-nova-api-version': '2.1', 'date': 'Wed, 23 Dec 2015 05:01:57 GMT', 'content-type': 'application/json'}
        Body: {"server": {"status": "ACTIVE", "updated": "2015-12-23T05:01:57Z", "hostId": "35246dd5c12c3bba38007834ca35199412ca78045b9f6448f02af7ca", "addresses": {"tempest-network-smoke--755062014": [{"OS-EXT-IPS-MAC:mac_addr": "fa:16:3e:97:f4:48", "version": 4, "addr": "10.100.0.3", "OS-EXT-IPS:type": "fixed"}, {"OS-EXT-IPS-MAC:mac_addr": "fa:16:3e:97:f4:48", "version": 4, "addr": "172.24.4.4", "OS-EXT-IPS:type": "floating"}]}, "links": [{"href": "http://10.0.2.15:8774/v2.1/7a2e83977de140199097f272417c0335/servers/7560101e-687f-4e65-bb07-363a1aaec92b", "rel": "self"}, {"href": "http://10.0.2.15:8774/7a2e83977de140199097f272417c0335/servers/7560101e-687f-4e65-bb07-363a1aaec92b", "rel": "bookmark"}], "key_name": "tempest-TestNetworkAdvancedServerOps-1173692987", "image": {"id": "3508248c-7cce-4fc7-a486-821476aabf15", "links": [{"href": "http://10.0.2.15:8774/7a2e83977de140199097f272417c0335/images/3508248c-7cce-4fc7-a486-821476aabf15", "rel": "bookmark"}]}, "OS-EXT-STS:task_state": "deleting", "OS-EXT-STS:vm_state": "active", "OS-SRV-USG:launched_at": "2015-12-23T04:59:53.000000", "flavor": {"id": "42", "links": [{"href": "http://10.0.2.15:8774/7a2e83977de140199097f272417c0335/flavors/42", "rel": "bookmark"}]}, "id": "7560101e-687f-4e65-bb07-363a1aaec92b", "security_groups": [{"name": "tempest-secgroup-smoke-468611849"}], "OS-SRV-USG:terminated_at": null, "OS-EXT-AZ:availability_zone": "nova", "user_id": "a287ba73e4dc49dd974b17e93b5dcd9d", "name": "tempest.common.compute-instance-447565278", "created": "2015-12-23T04:59:49Z", "tenant_id": "7a2e83977de140199097f272417c0335", "OS-DCF:diskConfig": "MANUAL", "os-extended-volumes:volumes_attached": [], "accessIPv4": "", "accessIPv6": "", "progress": 0, "OS-EXT-STS:power_state": 1, "config_drive": "True", "metadata": {}}}
2015-12-23 05:01:58,787 21870 INFO     [tempest_lib.common.rest_client] Request (TestNetworkAdvancedServerOps:_run_cleanups): 200 GET http://10.0.2.15:8774/v2.1/7a2e83977de140199097f272417c0335/servers/7560101e-687f-4e65-bb07-363a1aaec92b 0.256s
2015-12-23 05:01:58,787 21870 DEBUG    [tempest_lib.common.rest_client] Request - Headers: {'Content-Type': 'application/json', 'Accept': 'application/json', 'X-Auth-Token': '&lt;omitted&gt;'}
        Body: None
    Response - Headers: {'status': '200', 'content-length': '1716', 'content-location': 'http://10.0.2.15:8774/v2.1/7a2e83977de140199097f272417c0335/servers/7560101e-687f-4e65-bb07-363a1aaec92b', 'x-compute-request-id': 'req-e22110e8-228d-404a-a0c3-001e5059ef4f', 'vary': 'X-OpenStack-Nova-API-Version', 'connection': 'close', 'x-openstack-nova-api-version': '2.1', 'date': 'Wed, 23 Dec 2015 05:01:58 GMT', 'content-type': 'application/json'}
        Body: {"server": {"status": "ACTIVE", "updated": "2015-12-23T05:01:58Z", "hostId": "35246dd5c12c3bba38007834ca35199412ca78045b9f6448f02af7ca", "addresses": {"tempest-network-smoke--755062014": [{"OS-EXT-IPS-MAC:mac_addr": "fa:16:3e:97:f4:48", "version": 4, "addr": "10.100.0.3", "OS-EXT-IPS:type": "fixed"}, {"OS-EXT-IPS-MAC:mac_addr": "fa:16:3e:97:f4:48", "version": 4, "addr": "172.24.4.4", "OS-EXT-IPS:type": "floating"}]}, "links": [{"href": "http://10.0.2.15:8774/v2.1/7a2e83977de140199097f272417c0335/servers/7560101e-687f-4e65-bb07-363a1aaec92b", "rel": "self"}, {"href": "http://10.0.2.15:8774/7a2e83977de140199097f272417c0335/servers/7560101e-687f-4e65-bb07-363a1aaec92b", "rel": "bookmark"}], "key_name": "tempest-TestNetworkAdvancedServerOps-1173692987", "image": {"id": "3508248c-7cce-4fc7-a486-821476aabf15", "links": [{"href": "http://10.0.2.15:8774/7a2e83977de140199097f272417c0335/images/3508248c-7cce-4fc7-a486-821476aabf15", "rel": "bookmark"}]}, "OS-EXT-STS:task_state": "deleting", "OS-EXT-STS:vm_state": "active", "OS-SRV-USG:launched_at": "2015-12-23T04:59:53.000000", "flavor": {"id": "42", "links": [{"href": "http://10.0.2.15:8774/7a2e83977de140199097f272417c0335/flavors/42", "rel": "bookmark"}]}, "id": "7560101e-687f-4e65-bb07-363a1aaec92b", "OS-SRV-USG:terminated_at": null, "OS-EXT-AZ:availability_zone": "nova", "user_id": "a287ba73e4dc49dd974b17e93b5dcd9d", "name": "tempest.common.compute-instance-447565278", "created": "2015-12-23T04:59:49Z", "tenant_id": "7a2e83977de140199097f272417c0335", "OS-DCF:diskConfig": "MANUAL", "os-extended-volumes:volumes_attached": [], "accessIPv4": "", "accessIPv6": "", "progress": 0, "OS-EXT-STS:power_state": 1, "config_drive": "True", "metadata": {}}}
2015-12-23 05:01:59,886 21870 INFO     [tempest_lib.common.rest_client] Request (TestNetworkAdvancedServerOps:_run_cleanups): 404 GET http://10.0.2.15:8774/v2.1/7a2e83977de140199097f272417c0335/servers/7560101e-687f-4e65-bb07-363a1aaec92b 0.089s
2015-12-23 05:01:59,887 21870 DEBUG    [tempest_lib.common.rest_client] Request - Headers: {'Content-Type': 'application/json', 'Accept': 'application/json', 'X-Auth-Token': '&lt;omitted&gt;'}
        Body: None
    Response - Headers: {'status': '404', 'content-length': '111', 'x-compute-request-id': 'req-cdb7707d-5486-48ff-8b80-ae84364ff759', 'vary': 'X-OpenStack-Nova-API-Version', 'connection': 'close', 'x-openstack-nova-api-version': '2.1', 'date': 'Wed, 23 Dec 2015 05:01:59 GMT', 'content-type': 'application/json; charset=UTF-8'}
        Body: {"itemNotFound": {"message": "Instance 7560101e-687f-4e65-bb07-363a1aaec92b could not be found.", "code": 404}}
2015-12-23 05:02:00,298 21870 INFO     [tempest_lib.common.rest_client] Request (TestNetworkAdvancedServerOps:_run_cleanups): 200 PUT http://10.0.2.15:9696/v2.0/routers/c597c1cb-533e-4dbb-8af5-4fe528ffe48f/remove_router_interface 0.410s
2015-12-23 05:02:00,299 21870 DEBUG    [tempest_lib.common.rest_client] Request - Headers: {'Content-Type': 'application/json', 'Accept': 'application/json', 'X-Auth-Token': '&lt;omitted&gt;'}
        Body: {"subnet_id": "18ec57ab-b4d5-4b74-82e0-895694a94d50"}
    Response - Headers: {'status': '200', 'content-length': '255', 'connection': 'close', 'date': 'Wed, 23 Dec 2015 05:02:00 GMT', 'content-type': 'application/json; charset=UTF-8', 'x-openstack-request-id': 'req-b5e2e375-8782-4f60-99b0-771a6b018dc6'}
        Body: {"subnet_id": "18ec57ab-b4d5-4b74-82e0-895694a94d50", "tenant_id": "7a2e83977de140199097f272417c0335", "subnet_ids": ["18ec57ab-b4d5-4b74-82e0-895694a94d50"], "port_id": "fe702cd6-f424-4bcf-92cd-d7fc57c4e7c1", "id": "c597c1cb-533e-4dbb-8af5-4fe528ffe48f"}
2015-12-23 05:02:00,744 21870 INFO     [tempest_lib.common.rest_client] Request (TestNetworkAdvancedServerOps:_run_cleanups): 204 DELETE http://10.0.2.15:9696/v2.0/subnets/18ec57ab-b4d5-4b74-82e0-895694a94d50 0.444s
2015-12-23 05:02:00,745 21870 DEBUG    [tempest_lib.common.rest_client] Request - Headers: {'Content-Type': 'application/json', 'Accept': 'application/json', 'X-Auth-Token': '&lt;omitted&gt;'}
        Body: None
    Response - Headers: {'date': 'Wed, 23 Dec 2015 05:02:00 GMT', 'status': '204', 'connection': 'close', 'content-length': '0', 'x-openstack-request-id': 'req-43d5fe17-777a-46ff-b1c2-8331c0b130ff'}
        Body: 
2015-12-23 05:02:00,804 21870 INFO     [tempest_lib.common.rest_client] Request (TestNetworkAdvancedServerOps:_run_cleanups): 200 GET http://10.0.2.15:9696/v2.0/routers/c597c1cb-533e-4dbb-8af5-4fe528ffe48f 0.059s
2015-12-23 05:02:00,804 21870 DEBUG    [tempest_lib.common.rest_client] Request - Headers: {'Content-Type': 'application/json', 'Accept': 'application/json', 'X-Auth-Token': '&lt;omitted&gt;'}
        Body: None
    Response - Headers: {'status': '200', 'content-length': '564', 'content-location': 'http://10.0.2.15:9696/v2.0/routers/c597c1cb-533e-4dbb-8af5-4fe528ffe48f', 'connection': 'close', 'date': 'Wed, 23 Dec 2015 05:02:00 GMT', 'content-type': 'application/json; charset=UTF-8', 'x-openstack-request-id': 'req-2801fbef-9e29-46c8-8006-aef92046f05e'}
        Body: {"router": {"status": "ACTIVE", "external_gateway_info": {"network_id": "bc0b557f-01ea-4c53-a126-897266bb4b33", "enable_snat": true, "external_fixed_ips": [{"subnet_id": "a874a219-5449-41d3-bad5-c8869df3e8f6", "ip_address": "172.24.4.3"}, {"subnet_id": "ad403b50-99b5-4a1e-8836-6ed19360ec2c", "ip_address": "2001:db8::4"}]}, "availability_zone_hints": [], "availability_zones": ["nova"], "name": "tempest-router-smoke-2062692944", "admin_state_up": true, "tenant_id": "7a2e83977de140199097f272417c0335", "routes": [], "id": "c597c1cb-533e-4dbb-8af5-4fe528ffe48f"}}
2015-12-23 05:02:01,320 21870 INFO     [tempest_lib.common.rest_client] Request (TestNetworkAdvancedServerOps:_run_cleanups): 200 PUT http://10.0.2.15:9696/v2.0/routers/c597c1cb-533e-4dbb-8af5-4fe528ffe48f 0.515s
2015-12-23 05:02:01,320 21870 DEBUG    [tempest_lib.common.rest_client] Request - Headers: {'Content-Type': 'application/json', 'Accept': 'application/json', 'X-Auth-Token': '&lt;omitted&gt;'}
        Body: {"router": {"external_gateway_info": {}, "name": "tempest-router-smoke-2062692944", "admin_state_up": true}}
    Response - Headers: {'status': '200', 'content-length': '302', 'connection': 'close', 'date': 'Wed, 23 Dec 2015 05:02:01 GMT', 'content-type': 'application/json; charset=UTF-8', 'x-openstack-request-id': 'req-9ef4d548-ac08-4328-8ae7-f036b5135bfa'}
        Body: {"router": {"status": "ACTIVE", "external_gateway_info": null, "availability_zone_hints": [], "availability_zones": ["nova"], "name": "tempest-router-smoke-2062692944", "admin_state_up": true, "tenant_id": "7a2e83977de140199097f272417c0335", "routes": [], "id": "c597c1cb-533e-4dbb-8af5-4fe528ffe48f"}}
2015-12-23 05:02:01,568 21870 INFO     [tempest_lib.common.rest_client] Request (TestNetworkAdvancedServerOps:_run_cleanups): 204 DELETE http://10.0.2.15:9696/v2.0/routers/c597c1cb-533e-4dbb-8af5-4fe528ffe48f 0.247s
2015-12-23 05:02:01,569 21870 DEBUG    [tempest_lib.common.rest_client] Request - Headers: {'Content-Type': 'application/json', 'Accept': 'application/json', 'X-Auth-Token': '&lt;omitted&gt;'}
        Body: None
    Response - Headers: {'date': 'Wed, 23 Dec 2015 05:02:01 GMT', 'status': '204', 'connection': 'close', 'content-length': '0', 'x-openstack-request-id': 'req-d13755d7-0531-4013-b422-1011781354c0'}
        Body: 
2015-12-23 05:02:01,865 21870 INFO     [tempest_lib.common.rest_client] Request (TestNetworkAdvancedServerOps:_run_cleanups): 204 DELETE http://10.0.2.15:9696/v2.0/networks/1bb58aa9-4d3e-40e0-a352-8d0956b73efd 0.296s
2015-12-23 05:02:01,866 21870 DEBUG    [tempest_lib.common.rest_client] Request - Headers: {'Content-Type': 'application/json', 'Accept': 'application/json', 'X-Auth-Token': '&lt;omitted&gt;'}
        Body: None
    Response - Headers: {'date': 'Wed, 23 Dec 2015 05:02:01 GMT', 'status': '204', 'connection': 'close', 'content-length': '0', 'x-openstack-request-id': 'req-08fb9c6f-fa54-46d6-9fc5-3a7ba4820df1'}
        Body: 
2015-12-23 05:02:01,931 21870 INFO     [tempest_lib.common.rest_client] Request (TestNetworkAdvancedServerOps:_run_cleanups): 204 DELETE http://10.0.2.15:9696/v2.0/security-group-rules/2e25b7b2-39c9-415a-84af-7f4a9f90ca3d 0.065s
2015-12-23 05:02:01,932 21870 DEBUG    [tempest_lib.common.rest_client] Request - Headers: {'Content-Type': 'application/json', 'Accept': 'application/json', 'X-Auth-Token': '&lt;omitted&gt;'}
        Body: None
    Response - Headers: {'date': 'Wed, 23 Dec 2015 05:02:01 GMT', 'status': '204', 'connection': 'close', 'content-length': '0', 'x-openstack-request-id': 'req-67ace567-4cdf-4f4b-8000-a5fd85848dc7'}
        Body: 
2015-12-23 05:02:01,991 21870 INFO     [tempest_lib.common.rest_client] Request (TestNetworkAdvancedServerOps:_run_cleanups): 204 DELETE http://10.0.2.15:9696/v2.0/security-group-rules/29b33373-078d-4f54-ad07-e7fb79ba247d 0.058s
2015-12-23 05:02:01,992 21870 DEBUG    [tempest_lib.common.rest_client] Request - Headers: {'Content-Type': 'application/json', 'Accept': 'application/json', 'X-Auth-Token': '&lt;omitted&gt;'}
        Body: None
    Response - Headers: {'date': 'Wed, 23 Dec 2015 05:02:01 GMT', 'status': '204', 'connection': 'close', 'content-length': '0', 'x-openstack-request-id': 'req-69aa0148-dd4c-4af9-bbc3-a6ad00056385'}
        Body: 
2015-12-23 05:02:02,048 21870 INFO     [tempest_lib.common.rest_client] Request (TestNetworkAdvancedServerOps:_run_cleanups): 204 DELETE http://10.0.2.15:9696/v2.0/security-group-rules/29993945-bf48-4bf1-b710-464c7171a013 0.056s
2015-12-23 05:02:02,049 21870 DEBUG    [tempest_lib.common.rest_client] Request - Headers: {'Content-Type': 'application/json', 'Accept': 'application/json', 'X-Auth-Token': '&lt;omitted&gt;'}
        Body: None
    Response - Headers: {'date': 'Wed, 23 Dec 2015 05:02:02 GMT', 'status': '204', 'connection': 'close', 'content-length': '0', 'x-openstack-request-id': 'req-a099efb4-3674-4d2a-9291-2caa384c1e8b'}
        Body: 
2015-12-23 05:02:02,103 21870 INFO     [tempest_lib.common.rest_client] Request (TestNetworkAdvancedServerOps:_run_cleanups): 204 DELETE http://10.0.2.15:9696/v2.0/security-group-rules/3c5eec19-6afd-4e78-ae2d-cea1e26cc6e4 0.054s
2015-12-23 05:02:02,104 21870 DEBUG    [tempest_lib.common.rest_client] Request - Headers: {'Content-Type': 'application/json', 'Accept': 'application/json', 'X-Auth-Token': '&lt;omitted&gt;'}
        Body: None
    Response - Headers: {'date': 'Wed, 23 Dec 2015 05:02:02 GMT', 'status': '204', 'connection': 'close', 'content-length': '0', 'x-openstack-request-id': 'req-739ced4e-5a63-4326-ad04-c53f484e0491'}
        Body: 
2015-12-23 05:02:02,158 21870 INFO     [tempest_lib.common.rest_client] Request (TestNetworkAdvancedServerOps:_run_cleanups): 204 DELETE http://10.0.2.15:9696/v2.0/security-group-rules/f9161e6f-b47d-405b-9f7b-a4cceb2cf93c 0.054s
2015-12-23 05:02:02,158 21870 DEBUG    [tempest_lib.common.rest_client] Request - Headers: {'Content-Type': 'application/json', 'Accept': 'application/json', 'X-Auth-Token': '&lt;omitted&gt;'}
        Body: None
    Response - Headers: {'date': 'Wed, 23 Dec 2015 05:02:02 GMT', 'status': '204', 'connection': 'close', 'content-length': '0', 'x-openstack-request-id': 'req-f5529fe1-f04e-4437-8138-5aa0b76e9e98'}
        Body: 
2015-12-23 05:02:02,217 21870 INFO     [tempest_lib.common.rest_client] Request (TestNetworkAdvancedServerOps:_run_cleanups): 204 DELETE http://10.0.2.15:9696/v2.0/security-group-rules/b05fc20e-b945-487b-b278-bee085c24b87 0.057s
2015-12-23 05:02:02,218 21870 DEBUG    [tempest_lib.common.rest_client] Request - Headers: {'Content-Type': 'application/json', 'Accept': 'application/json', 'X-Auth-Token': '&lt;omitted&gt;'}
        Body: None
    Response - Headers: {'date': 'Wed, 23 Dec 2015 05:02:02 GMT', 'status': '204', 'connection': 'close', 'content-length': '0', 'x-openstack-request-id': 'req-1981da91-b306-4a90-8fa0-e1e05bcf6ed1'}
        Body: 
2015-12-23 05:02:02,320 21870 INFO     [tempest_lib.common.rest_client] Request (TestNetworkAdvancedServerOps:_run_cleanups): 204 DELETE http://10.0.2.15:9696/v2.0/security-groups/3760fdb1-1c7b-46d4-acde-1b65fd564897 0.101s
2015-12-23 05:02:02,321 21870 DEBUG    [tempest_lib.common.rest_client] Request - Headers: {'Content-Type': 'application/json', 'Accept': 'application/json', 'X-Auth-Token': '&lt;omitted&gt;'}
        Body: None
    Response - Headers: {'date': 'Wed, 23 Dec 2015 05:02:02 GMT', 'status': '204', 'connection': 'close', 'content-length': '0', 'x-openstack-request-id': 'req-4195db50-56e0-42a0-9b60-e6fbc12ebb8a'}
        Body: 
2015-12-23 05:02:02,344 21870 INFO     [tempest_lib.common.rest_client] Request (TestNetworkAdvancedServerOps:_run_cleanups): 202 DELETE http://10.0.2.15:8774/v2.1/7a2e83977de140199097f272417c0335/os-keypairs/tempest-TestNetworkAdvancedServerOps-1173692987 0.021s
2015-12-23 05:02:02,344 21870 DEBUG    [tempest_lib.common.rest_client] Request - Headers: {'Content-Type': 'application/json', 'Accept': 'application/json', 'X-Auth-Token': '&lt;omitted&gt;'}
        Body: None
    Response - Headers: {'status': '202', 'content-length': '0', 'x-compute-request-id': 'req-cc69f525-5b99-46c1-b7f9-85a861a462cc', 'vary': 'X-OpenStack-Nova-API-Version', 'connection': 'close', 'x-openstack-nova-api-version': '2.1', 'date': 'Wed, 23 Dec 2015 05:02:02 GMT', 'content-type': 'application/json'}
        Body: 
2015-12-23 05:02:02,431 21870 INFO     [tempest_lib.common.rest_client] Request (TestNetworkAdvancedServerOps:_run_cleanups): 404 GET http://10.0.2.15:8774/v2.1/7a2e83977de140199097f272417c0335/servers/7560101e-687f-4e65-bb07-363a1aaec92b 0.086s
2015-12-23 05:02:02,432 21870 DEBUG    [tempest_lib.common.rest_client] Request - Headers: {'Content-Type': 'application/json', 'Accept': 'application/json', 'X-Auth-Token': '&lt;omitted&gt;'}
        Body: None
    Response - Headers: {'status': '404', 'content-length': '111', 'x-compute-request-id': 'req-351f3b0c-50e5-482d-92ee-e27a96d83054', 'vary': 'X-OpenStack-Nova-API-Version', 'connection': 'close', 'x-openstack-nova-api-version': '2.1', 'date': 'Wed, 23 Dec 2015 05:02:02 GMT', 'content-type': 'application/json; charset=UTF-8'}
        Body: {"itemNotFound": {"message": "Instance 7560101e-687f-4e65-bb07-363a1aaec92b could not be found.", "code": 404}}
}}}

Traceback (most recent call last):
  File "tempest/test.py", line 113, in wrapper
    return f(self, *func_args, **func_kwargs)
  File "tempest/scenario/test_network_advanced_server_ops.py", line 134, in test_server_connectivity_pause_unpause
    server, keypair, floating_ip = self._setup_network_and_servers()
  File "tempest/scenario/test_network_advanced_server_ops.py", line 71, in _setup_network_and_servers
    server, keypair, floating_ip)
  File "tempest/scenario/test_network_advanced_server_ops.py", line 95, in _wait_server_status_and_check_network_connectivity
    self._check_network_connectivity(server, keypair, floating_ip)
  File "tempest/scenario/test_network_advanced_server_ops.py", line 88, in _check_network_connectivity
    servers=[server])
  File "tempest/scenario/manager.py", line 609, in check_public_network_connectivity
    should_connect=should_connect)
  File "tempest/scenario/manager.py", line 593, in check_vm_connectivity
    msg=msg)
  File "/usr/local/lib/python2.7/dist-packages/unittest2/case.py", line 702, in assertTrue
    raise self.failureException(msg)
AssertionError: False is not true : Timed out waiting for 172.24.4.4 to become reachable



        </pre>
    </div>
    <!--css div popup end-->

    </td>
</tr>

<tr id='ft1.2' class='none'>
    <td class='failCase'><div class='testcase'>test_server_connectivity_reboot[compute,id-7b6860c2-afa3-4846-9522-adeb38dfbe08,network]</div></td>
    <td colspan='7' align='left'>

    <!--css div popup start-->
    <a class="popup_link" onfocus='this.blur();'
    href="javascript:showTestDetail('div_ft1.2')" >
        fail</a>

    <div id='div_ft1.2' class="popup_window">
        <div style='text-align: right; color:red;cursor:pointer'>
        <a onfocus='this.blur();'
onclick="document.getElementById('div_ft1.2').style.display = 'none' " >
           [x]</a>
        </div>
