<?xml version="1.0" encoding="UTF-8"?>
<!DOCTYPE html PUBLIC "-//W3C//DTD XHTML 1.0 Strict//EN"
     "http://www.w3.org/TR/xhtml1/DTD/xhtml1-strict.dtd">
<html xmlns="http://www.w3.org/1999/xhtml">
<head>
    <title>Unit Test Report</title>
    <meta name="generator" content="subunit2html 0.1"/>
    <meta http-equiv="Content-Type" content="text/html; charset=UTF-8"/>
    
<style type="text/css" media="screen">
body        { font-family: verdana, arial, helvetica, sans-serif;
    font-size: 80%; }
table       { font-size: 100%; width: 100%;}
pre         { font-size: 80%; }

/* -- heading -------------------------------------------------------------- */
h1 {
        font-size: 16pt;
        color: gray;
}
.heading {
    margin-top: 0ex;
    margin-bottom: 1ex;
}

.heading .attribute {
    margin-top: 1ex;
    margin-bottom: 0;
}

.heading .description {
    margin-top: 4ex;
    margin-bottom: 6ex;
}

/* -- css div popup -------------------------------------------------------- */
a.popup_link {
}

a.popup_link:hover {
    color: red;
}

.popup_window {
    display: none;
    overflow-x: scroll;
    /*border: solid #627173 1px; */
    padding: 10px;
    background-color: #E6E6D6;
    font-family: "Ubuntu Mono", "Lucida Console", "Courier New", monospace;
    text-align: left;
    font-size: 8pt;
}

}
/* -- report --------------------------------------------------------------- */
#show_detail_line {
    margin-top: 3ex;
    margin-bottom: 1ex;
}
#result_table {
    width: 100%;
    border-collapse: collapse;
    border: 1px solid #777;
}
#header_row {
    font-weight: bold;
    color: white;
    background-color: #777;
}
#result_table td {
    border: 1px solid #777;
    padding: 2px;
}
#total_row  { font-weight: bold; }
.passClass  { background-color: #6c6; }
.failClass  { background-color: #c60; }
.errorClass { background-color: #c00; }
.passCase   { color: #6c6; }
.failCase   { color: #c60; font-weight: bold; }
.errorCase  { color: #c00; font-weight: bold; }
.hiddenRow  { display: none; }
.testcase   { margin-left: 2em; }
td.testname {width: 40%}
td.small {width: 40px}

/* -- ending --------------------------------------------------------------- */
#ending {
}

</style>

</head>
<body>
<script language="javascript" type="text/javascript"><!--
output_list = Array();

/* level - 0:Summary; 1:Failed; 2:All */
function showCase(level) {
    trs = document.getElementsByTagName("tr");
    for (var i = 0; i < trs.length; i++) {
        tr = trs[i];
        id = tr.id;
        if (id.substr(0,2) == 'ft') {
            if (level < 1) {
                tr.className = 'hiddenRow';
            }
            else {
                tr.className = '';
            }
        }
        if (id.substr(0,2) == 'pt') {
            if (level > 1) {
                tr.className = '';
            }
            else {
                tr.className = 'hiddenRow';
            }
        }
    }
}


function showClassDetail(cid, count) {
    var id_list = Array(count);
    var toHide = 1;
    for (var i = 0; i < count; i++) {
        tid0 = 't' + cid.substr(1) + '.' + (i+1);
        tid = 'f' + tid0;
        tr = document.getElementById(tid);
        if (!tr) {
            tid = 'p' + tid0;
            tr = document.getElementById(tid);
        }
        id_list[i] = tid;
        if (tr.className) {
            toHide = 0;
        }
    }
    for (var i = 0; i < count; i++) {
        tid = id_list[i];
        if (toHide) {
            document.getElementById('div_'+tid).style.display = 'none'
            document.getElementById(tid).className = 'hiddenRow';
        }
        else {
            document.getElementById(tid).className = '';
        }
    }
}


function showTestDetail(div_id){
    var details_div = document.getElementById(div_id)
    var displayState = details_div.style.display
    // alert(displayState)
    if (displayState != 'block' ) {
        displayState = 'block'
        details_div.style.display = 'block'
    }
    else {
        details_div.style.display = 'none'
    }
}


function html_escape(s) {
    s = s.replace(/&/g,'&amp;');
    s = s.replace(/</g,'&lt;');
    s = s.replace(/>/g,'&gt;');
    return s;
}

/* obsoleted by detail in <div>
function showOutput(id, name) {
    var w = window.open("", //url
                    name,
                    "resizable,scrollbars,status,width=800,height=450");
    d = w.document;
    d.write("<pre>");
    d.write(html_escape(output_list[id]));
    d.write("\n");
    d.write("<a href='javascript:window.close()'>close</a>\n");
    d.write("</pre>\n");
    d.close();
}
*/
--></script>

<div class='heading'>
<h1>Unit Test Report</h1>

<p class='attribute'><strong>Status:</strong> Failure 6</p>

<p class='description'></p>
</div>



<p id='show_detail_line'>Show
<a href='javascript:showCase(0)'>Summary</a>
<a href='javascript:showCase(1)'>Failed</a>
<a href='javascript:showCase(2)'>All</a>
</p>
<table id='result_table'>
<colgroup>
<col align='left' />
<col align='right' />
<col align='right' />
<col align='right' />
<col align='right' />
<col align='right' />
<col align='right' />
<col align='right' />
</colgroup>
<tr id='header_row'>
    <td>Test Group/Test case</td>
    <td>Count</td>
    <td>Pass</td>
    <td>Fail</td>
    <td>Error</td>
    <td>Skip</td>
    <td>View</td>
    <td> </td>
</tr>

<tr class='failClass'>
    <td class="testname">tempest.scenario.test_network_advanced_server_ops.TestNetworkAdvancedServerOps</td>
    <td class="small">6</td>
    <td class="small">0</td>
    <td class="small">6</td>
    <td class="small">0</td>
    <td class="small">0</td>
    <td class="small"><a href="javascript:showClassDetail('c1',6)"
>Detail</a></td>
    <td> </td>
</tr>

<tr id='ft1.1' class='none'>
    <td class='failCase'><div class='testcase'>test_server_connectivity_pause_unpause[compute,id-2b2642db-6568-4b35-b812-eceed3fa20ce,network]</div></td>
    <td colspan='7' align='left'>

    <!--css div popup start-->
    <a class="popup_link" onfocus='this.blur();'
    href="javascript:showTestDetail('div_ft1.1')" >
        fail</a>

    <div id='div_ft1.1' class="popup_window">
        <div style='text-align: right; color:red;cursor:pointer'>
        <a onfocus='this.blur();'
onclick="document.getElementById('div_ft1.1').style.display = 'none' " >
           [x]</a>
        </div>
        <pre>
        
ft1.1: tempest.scenario.test_network_advanced_server_ops.TestNetworkAdvancedServerOps.test_server_connectivity_pause_unpause[compute,id-2b2642db-6568-4b35-b812-eceed3fa20ce,network]_StringException: Empty attachments:
  stderr
  stdout

pythonlogging:'': {{{
2015-12-16 20:32:14,469 21575 INFO     [tempest_lib.common.rest_client] Request (TestNetworkAdvancedServerOps:test_server_connectivity_pause_unpause): 200 POST http://10.0.2.15:8774/v2.1/91fc1eee6b1144e5b37f2d3ed7f65853/os-keypairs 0.564s
2015-12-16 20:32:14,469 21575 DEBUG    [tempest_lib.common.rest_client] Request - Headers: {'Content-Type': 'application/json', 'Accept': 'application/json', 'X-Auth-Token': '&lt;omitted&gt;'}
        Body: {"keypair": {"name": "tempest-TestNetworkAdvancedServerOps-159455337"}}
    Response - Headers: {'status': '200', 'content-length': '2333', 'x-compute-request-id': 'req-7b2ab6a5-7277-4adc-a038-686fa1f7ec7a', 'vary': 'X-OpenStack-Nova-API-Version', 'connection': 'close', 'x-openstack-nova-api-version': '2.1', 'date': 'Wed, 16 Dec 2015 20:32:14 GMT', 'content-type': 'application/json'}
        Body: {"keypair": {"public_key": "ssh-rsa AAAAB3NzaC1yc2EAAAADAQABAAABAQCkic+x6NeCqbfZ3jvjiG/Ada67GjYmQ99R2fXVcaE7QrUAYisS6cqO59xuuAnPZ/IVWrNf17IV3+NdBBmdN8XkF8Dta33Lidbnj78JVo2Q3ep2+v1nmuW7zAZIAiIpDEhKCbtHIKEALak6EzLNpcbov0LpmZHM+JOjjmlrGvhND4AfiKcNEg+WNaq3xjz7HNbyktW5v856Ttt6xC9A81N5/jRedUHq4AivMFg7QCt9ASacY7itUGPwz1Ep/85Wyr9SakJO8DOTACn042r8wgA3L6gt9u4PsR7uGsyxyAG21ikWZgb/5HiDzRnMUn4ucB28WqRxgdsf0QIYr4ZaCMqt Generated-by-Nova", "private_key": "-----BEGIN RSA PRIVATE KEY-----\nMIIEqwIBAAKCAQEApInPsejXgqm32d4744hvwHWuuxo2JkPfUdn11XGhO0K1AGIr\nEunKjufcbrgJz2fyFVqzX9eyFd/jXQQZnTfF5BfA7Wt9y4nW54+/CVaNkN3qdvr9\nZ5rlu8wGSAIiKQxISgm7RyChAC2pOhMyzaXG6L9C6ZmRzPiTo45paxr4TQ+AH4in\nDRIPljWqt8Y8+xzW8pLVub/Oek7besQvQPNTef40XnVB6uAIrzBYO0ArfQEmnGO4\nrVBj8M9RKf/OVsq/UmpCTvAzkwAp9ONq/MIANy+oLfbuD7Ee7hrMscgBttYpFmYG\n/+R4g80ZzFJ+LnAdvFqkcYHbH9ECGK+GWgjKrQIDAQABAoIBAQCOW2XFac08EZct\n+ucZ/6ugerFI1G7RQJvw94GIwJ1c5mQwBr95x6knZ1gCu1xRhH+hFi5n1/kOj/zp\nN2jp651dsWeMgxn9hi7Xfjks3SPymO4JLzMb9pqZlvZASwg/N48775uG+KYTv23Q\n/1dPMgUczo4YCnRpQRCLy+VNc7ItCL7fJrfn+1poOXi9skMmXDlIFKn2NEw8wilw\n7O4wzh/t7b0Y89eCyzwEmuxGWLFv0v8yPAGDCiFSDNdJwwTULDJdTEnfDwBglDYm\nS80LmHpQ46K4qpeTiQ35cdA2j7JITX5cDjSj2z/LNfA7SZGU/Q0wy4oEzcJBPCe7\nbBoQZhuBAoIAgQDGq8aD1z27Mx6ZwxxnjUCjt2rS7SDfemG9dQEouxBHd+0ZmPGy\nlXZ0lQ58cOByiwB+jY4n7r7FceusciGTJto329Gev2EKMDrqpjQ0lz+HLnImLH2f\nPKqpFvm3NfwA0oc7INemV2Btabu9XPtbMajsmx1IsMMUdvVTVqsXxifjcQKCAIEA\n1ASWREPD+aQPH/Le+n472AxUJdJKUIra1yAuUedg9lYt/F/jy8QtCjzmuCULoVJG\nXrIFnQdwmJSWN5CfsGes0DMRyN2CJLgpT4ynvShvZwzG2KTeZNaLQLUiLZUCFA2C\n/dgrzC7nn8OeeFuvBwnAOF9QuS5pV3IeU4PZTK/jRP0CggCBAJeGsk0iIIoj7iX2\ngzaTrIZxwX8Irzbjv6JhmDW5nyvzUxpf5ZCAoK1AdqEA8p9KV2EulAru8//h6I9J\nKURzsKJD/Tgn3VqI+Ja5lz25UhHHofZtno6SFdQLmwBao075Q30cin3rTLeGmlNO\nlMO0N5PmpsonT1LPfENI6gui7g9xAoIAgQCdFuD3p3YXC7WhKGSKGOniRBA9Dbi+\nQIOxDUkEqnkvS986tRmlKq9sfH8+RUR+vOUi2KhMFu0YQE+kz+Vh4Q8sHAq7V1RM\nPJ9vL3pBLyqLoe3bKx0UfdojkZHHUDaAARrjVj3tRXuc5mYOK3BduJ3Rpt26t2aZ\nwhYyLujcZx3vSQKCAIEArmoX9jubVDtMgwVGXMu0AZV10pdKuxOU99uWIfFE1tqq\ntL3CUbKHp7UsnmNZf8jjIKs//QZ+r+OzK3jSyInWR6RC7Tj46Cd/xcSEa6FPMMjf\nTno55wSAmM8SPtV05NH4SprNdEEanD7wDki3v+sOEkVJ0diGmCoHMHrVc0PfmTU=\n-----END RSA PRIVATE KEY-----\n", "user_id": "ade84197d3b9434fa70034cf84728c2c", "name": "tempest-TestNetworkAdvancedServerOps-159455337", "fingerprint": "06:3b:a0:94:ad:f7:55:2a:84:d8:df:ae:9d:58:9b:e0"}}
2015-12-16 20:32:14,818 21575 INFO     [tempest_lib.common.rest_client] Request (TestNetworkAdvancedServerOps:test_server_connectivity_pause_unpause): 201 POST http://10.0.2.15:9696/v2.0/security-groups 0.344s
2015-12-16 20:32:14,818 21575 DEBUG    [tempest_lib.common.rest_client] Request - Headers: {'Content-Type': 'application/json', 'Accept': 'application/json', 'X-Auth-Token': '&lt;omitted&gt;'}
        Body: {"security_group": {"tenant_id": "91fc1eee6b1144e5b37f2d3ed7f65853", "description": "tempest-secgroup-smoke-1379055306 description", "name": "tempest-secgroup-smoke-1379055306"}}
    Response - Headers: {'status': '201', 'content-length': '888', 'connection': 'close', 'date': 'Wed, 16 Dec 2015 20:32:14 GMT', 'content-type': 'application/json; charset=UTF-8', 'x-openstack-request-id': 'req-09e17db3-7fa3-471a-b9d8-606b0cb283f6'}
        Body: {"security_group": {"tenant_id": "91fc1eee6b1144e5b37f2d3ed7f65853", "description": "tempest-secgroup-smoke-1379055306 description", "id": "0b6c8661-0d1e-4ce8-aa75-9b1e98078449", "security_group_rules": [{"remote_group_id": null, "direction": "egress", "remote_ip_prefix": null, "protocol": null, "ethertype": "IPv4", "tenant_id": "91fc1eee6b1144e5b37f2d3ed7f65853", "port_range_max": null, "port_range_min": null, "id": "248c12dd-92d0-49b9-af2d-9945fd216002", "security_group_id": "0b6c8661-0d1e-4ce8-aa75-9b1e98078449"}, {"remote_group_id": null, "direction": "egress", "remote_ip_prefix": null, "protocol": null, "ethertype": "IPv6", "tenant_id": "91fc1eee6b1144e5b37f2d3ed7f65853", "port_range_max": null, "port_range_min": null, "id": "fe52ee45-0247-41ed-8130-a32011361fa7", "security_group_id": "0b6c8661-0d1e-4ce8-aa75-9b1e98078449"}], "name": "tempest-secgroup-smoke-1379055306"}}
2015-12-16 20:32:15,075 21575 INFO     [tempest_lib.common.rest_client] Request (TestNetworkAdvancedServerOps:test_server_connectivity_pause_unpause): 201 POST http://10.0.2.15:9696/v2.0/security-group-rules 0.255s
2015-12-16 20:32:15,075 21575 DEBUG    [tempest_lib.common.rest_client] Request - Headers: {'Content-Type': 'application/json', 'Accept': 'application/json', 'X-Auth-Token': '&lt;omitted&gt;'}
        Body: {"security_group_rule": {"direction": "ingress", "protocol": "tcp", "tenant_id": "91fc1eee6b1144e5b37f2d3ed7f65853", "port_range_max": 22, "security_group_id": "0b6c8661-0d1e-4ce8-aa75-9b1e98078449", "port_range_min": 22}}
    Response - Headers: {'status': '201', 'content-length': '340', 'connection': 'close', 'date': 'Wed, 16 Dec 2015 20:32:15 GMT', 'content-type': 'application/json; charset=UTF-8', 'x-openstack-request-id': 'req-2569c41e-af1f-4b96-a97c-697d19f6db7b'}
        Body: {"security_group_rule": {"remote_group_id": null, "direction": "ingress", "remote_ip_prefix": null, "protocol": "tcp", "ethertype": "IPv4", "tenant_id": "91fc1eee6b1144e5b37f2d3ed7f65853", "port_range_max": 22, "port_range_min": 22, "id": "535d31ec-90fa-4108-9f02-10fa6320418f", "security_group_id": "0b6c8661-0d1e-4ce8-aa75-9b1e98078449"}}
2015-12-16 20:32:15,193 21575 INFO     [tempest_lib.common.rest_client] Request (TestNetworkAdvancedServerOps:test_server_connectivity_pause_unpause): 201 POST http://10.0.2.15:9696/v2.0/security-group-rules 0.116s
2015-12-16 20:32:15,194 21575 DEBUG    [tempest_lib.common.rest_client] Request - Headers: {'Content-Type': 'application/json', 'Accept': 'application/json', 'X-Auth-Token': '&lt;omitted&gt;'}
        Body: {"security_group_rule": {"direction": "egress", "protocol": "tcp", "tenant_id": "91fc1eee6b1144e5b37f2d3ed7f65853", "port_range_max": 22, "security_group_id": "0b6c8661-0d1e-4ce8-aa75-9b1e98078449", "port_range_min": 22}}
    Response - Headers: {'status': '201', 'content-length': '339', 'connection': 'close', 'date': 'Wed, 16 Dec 2015 20:32:15 GMT', 'content-type': 'application/json; charset=UTF-8', 'x-openstack-request-id': 'req-efea231c-6216-4093-b477-514d0653dd71'}
        Body: {"security_group_rule": {"remote_group_id": null, "direction": "egress", "remote_ip_prefix": null, "protocol": "tcp", "ethertype": "IPv4", "tenant_id": "91fc1eee6b1144e5b37f2d3ed7f65853", "port_range_max": 22, "port_range_min": 22, "id": "101a6da9-c93b-457c-8a2d-5314eff71401", "security_group_id": "0b6c8661-0d1e-4ce8-aa75-9b1e98078449"}}
2015-12-16 20:32:15,316 21575 INFO     [tempest_lib.common.rest_client] Request (TestNetworkAdvancedServerOps:test_server_connectivity_pause_unpause): 201 POST http://10.0.2.15:9696/v2.0/security-group-rules 0.121s
2015-12-16 20:32:15,317 21575 DEBUG    [tempest_lib.common.rest_client] Request - Headers: {'Content-Type': 'application/json', 'Accept': 'application/json', 'X-Auth-Token': '&lt;omitted&gt;'}
        Body: {"security_group_rule": {"tenant_id": "91fc1eee6b1144e5b37f2d3ed7f65853", "direction": "ingress", "protocol": "icmp", "security_group_id": "0b6c8661-0d1e-4ce8-aa75-9b1e98078449"}}
    Response - Headers: {'status': '201', 'content-length': '345', 'connection': 'close', 'date': 'Wed, 16 Dec 2015 20:32:15 GMT', 'content-type': 'application/json; charset=UTF-8', 'x-openstack-request-id': 'req-59326b75-6373-437a-9bcf-7502cead4362'}
        Body: {"security_group_rule": {"remote_group_id": null, "direction": "ingress", "remote_ip_prefix": null, "protocol": "icmp", "ethertype": "IPv4", "tenant_id": "91fc1eee6b1144e5b37f2d3ed7f65853", "port_range_max": null, "port_range_min": null, "id": "2dff228f-1ea0-4c16-a3c7-4464426ae702", "security_group_id": "0b6c8661-0d1e-4ce8-aa75-9b1e98078449"}}
2015-12-16 20:32:15,444 21575 INFO     [tempest_lib.common.rest_client] Request (TestNetworkAdvancedServerOps:test_server_connectivity_pause_unpause): 201 POST http://10.0.2.15:9696/v2.0/security-group-rules 0.125s
2015-12-16 20:32:15,444 21575 DEBUG    [tempest_lib.common.rest_client] Request - Headers: {'Content-Type': 'application/json', 'Accept': 'application/json', 'X-Auth-Token': '&lt;omitted&gt;'}
        Body: {"security_group_rule": {"tenant_id": "91fc1eee6b1144e5b37f2d3ed7f65853", "direction": "egress", "protocol": "icmp", "security_group_id": "0b6c8661-0d1e-4ce8-aa75-9b1e98078449"}}
    Response - Headers: {'status': '201', 'content-length': '344', 'connection': 'close', 'date': 'Wed, 16 Dec 2015 20:32:15 GMT', 'content-type': 'application/json; charset=UTF-8', 'x-openstack-request-id': 'req-c428e584-688d-414d-8199-dfac75ffff7c'}
        Body: {"security_group_rule": {"remote_group_id": null, "direction": "egress", "remote_ip_prefix": null, "protocol": "icmp", "ethertype": "IPv4", "tenant_id": "91fc1eee6b1144e5b37f2d3ed7f65853", "port_range_max": null, "port_range_min": null, "id": "256f1845-c77d-4150-8cd3-4576db9989ce", "security_group_id": "0b6c8661-0d1e-4ce8-aa75-9b1e98078449"}}
2015-12-16 20:32:15,558 21575 INFO     [tempest_lib.common.rest_client] Request (TestNetworkAdvancedServerOps:test_server_connectivity_pause_unpause): 201 POST http://10.0.2.15:9696/v2.0/security-group-rules 0.112s
2015-12-16 20:32:15,558 21575 DEBUG    [tempest_lib.common.rest_client] Request - Headers: {'Content-Type': 'application/json', 'Accept': 'application/json', 'X-Auth-Token': '&lt;omitted&gt;'}
        Body: {"security_group_rule": {"tenant_id": "91fc1eee6b1144e5b37f2d3ed7f65853", "direction": "ingress", "security_group_id": "0b6c8661-0d1e-4ce8-aa75-9b1e98078449", "protocol": "icmp", "ethertype": "IPv6"}}
    Response - Headers: {'status': '201', 'content-length': '345', 'connection': 'close', 'date': 'Wed, 16 Dec 2015 20:32:15 GMT', 'content-type': 'application/json; charset=UTF-8', 'x-openstack-request-id': 'req-e04153a8-a5ae-4ced-a748-5c69da0a84b0'}
        Body: {"security_group_rule": {"remote_group_id": null, "direction": "ingress", "remote_ip_prefix": null, "protocol": "icmp", "ethertype": "IPv6", "tenant_id": "91fc1eee6b1144e5b37f2d3ed7f65853", "port_range_max": null, "port_range_min": null, "id": "2b44250d-8c0e-422c-bf32-bb85687051f8", "security_group_id": "0b6c8661-0d1e-4ce8-aa75-9b1e98078449"}}
2015-12-16 20:32:15,677 21575 INFO     [tempest_lib.common.rest_client] Request (TestNetworkAdvancedServerOps:test_server_connectivity_pause_unpause): 201 POST http://10.0.2.15:9696/v2.0/security-group-rules 0.117s
2015-12-16 20:32:15,678 21575 DEBUG    [tempest_lib.common.rest_client] Request - Headers: {'Content-Type': 'application/json', 'Accept': 'application/json', 'X-Auth-Token': '&lt;omitted&gt;'}
        Body: {"security_group_rule": {"tenant_id": "91fc1eee6b1144e5b37f2d3ed7f65853", "direction": "egress", "security_group_id": "0b6c8661-0d1e-4ce8-aa75-9b1e98078449", "protocol": "icmp", "ethertype": "IPv6"}}
    Response - Headers: {'status': '201', 'content-length': '344', 'connection': 'close', 'date': 'Wed, 16 Dec 2015 20:32:15 GMT', 'content-type': 'application/json; charset=UTF-8', 'x-openstack-request-id': 'req-5b11dd42-0a5e-4e11-ac5f-eb2af8c5442d'}
        Body: {"security_group_rule": {"remote_group_id": null, "direction": "egress", "remote_ip_prefix": null, "protocol": "icmp", "ethertype": "IPv6", "tenant_id": "91fc1eee6b1144e5b37f2d3ed7f65853", "port_range_max": null, "port_range_min": null, "id": "91226b18-1651-4a1a-90e4-8868da53cbe3", "security_group_id": "0b6c8661-0d1e-4ce8-aa75-9b1e98078449"}}
2015-12-16 20:32:15,875 21575 INFO     [tempest_lib.common.rest_client] Request (TestNetworkAdvancedServerOps:test_server_connectivity_pause_unpause): 201 POST http://10.0.2.15:9696/v2.0/networks 0.196s
2015-12-16 20:32:15,876 21575 DEBUG    [tempest_lib.common.rest_client] Request - Headers: {'Content-Type': 'application/json', 'Accept': 'application/json', 'X-Auth-Token': '&lt;omitted&gt;'}
        Body: {"network": {"tenant_id": "91fc1eee6b1144e5b37f2d3ed7f65853", "name": "tempest-network-smoke--30290092"}}
    Response - Headers: {'status': '201', 'content-length': '327', 'connection': 'close', 'date': 'Wed, 16 Dec 2015 20:32:15 GMT', 'content-type': 'application/json; charset=UTF-8', 'x-openstack-request-id': 'req-b75e7403-647e-48d3-8305-725f1f0b583f'}
        Body: {"network": {"status": "ACTIVE", "subnets": [], "availability_zone_hints": "[]", "name": "tempest-network-smoke--30290092", "admin_state_up": true, "tenant_id": "91fc1eee6b1144e5b37f2d3ed7f65853", "mtu": 0, "router:external": false, "shared": false, "port_security_enabled": true, "id": "64d14305-2c2f-49df-b865-6e4b62252bb8"}}
2015-12-16 20:32:15,970 21575 INFO     [tempest_lib.common.rest_client] Request (TestNetworkAdvancedServerOps:test_server_connectivity_pause_unpause): 201 POST http://10.0.2.15:9696/v2.0/routers 0.093s
2015-12-16 20:32:15,971 21575 DEBUG    [tempest_lib.common.rest_client] Request - Headers: {'Content-Type': 'application/json', 'Accept': 'application/json', 'X-Auth-Token': '&lt;omitted&gt;'}
        Body: {"router": {"tenant_id": "91fc1eee6b1144e5b37f2d3ed7f65853", "name": "tempest-router-smoke-936154112", "admin_state_up": true}}
    Response - Headers: {'status': '201', 'content-length': '295', 'connection': 'close', 'date': 'Wed, 16 Dec 2015 20:32:15 GMT', 'content-type': 'application/json; charset=UTF-8', 'x-openstack-request-id': 'req-80cba138-4578-4d26-a81c-9fb941f92611'}
        Body: {"router": {"status": "ACTIVE", "external_gateway_info": null, "availability_zone_hints": [], "availability_zones": [], "name": "tempest-router-smoke-936154112", "admin_state_up": true, "tenant_id": "91fc1eee6b1144e5b37f2d3ed7f65853", "routes": [], "id": "1973debd-e8e8-4c92-b351-6decd7b5f72e"}}
2015-12-16 20:32:16,033 21575 INFO     [tempest_lib.common.rest_client] Request (TestNetworkAdvancedServerOps:test_server_connectivity_pause_unpause): 200 GET http://10.0.2.15:9696/v2.0/routers/1973debd-e8e8-4c92-b351-6decd7b5f72e 0.061s
2015-12-16 20:32:16,034 21575 DEBUG    [tempest_lib.common.rest_client] Request - Headers: {'Content-Type': 'application/json', 'Accept': 'application/json', 'X-Auth-Token': '&lt;omitted&gt;'}
        Body: None
    Response - Headers: {'status': '200', 'content-length': '295', 'content-location': 'http://10.0.2.15:9696/v2.0/routers/1973debd-e8e8-4c92-b351-6decd7b5f72e', 'connection': 'close', 'date': 'Wed, 16 Dec 2015 20:32:16 GMT', 'content-type': 'application/json; charset=UTF-8', 'x-openstack-request-id': 'req-03bfd302-699c-4691-8f1e-d1d785611b69'}
        Body: {"router": {"status": "ACTIVE", "external_gateway_info": null, "availability_zone_hints": [], "availability_zones": [], "name": "tempest-router-smoke-936154112", "admin_state_up": true, "tenant_id": "91fc1eee6b1144e5b37f2d3ed7f65853", "routes": [], "id": "1973debd-e8e8-4c92-b351-6decd7b5f72e"}}
2015-12-16 20:32:16,790 21575 INFO     [tempest_lib.common.rest_client] Request (TestNetworkAdvancedServerOps:test_server_connectivity_pause_unpause): 200 PUT http://10.0.2.15:9696/v2.0/routers/1973debd-e8e8-4c92-b351-6decd7b5f72e 0.755s
2015-12-16 20:32:16,790 21575 DEBUG    [tempest_lib.common.rest_client] Request - Headers: {'Content-Type': 'application/json', 'Accept': 'application/json', 'X-Auth-Token': '&lt;omitted&gt;'}
        Body: {"router": {"external_gateway_info": {"network_id": "b6d04e7e-bab6-442b-88e0-04ad73cf2166"}, "name": "tempest-router-smoke-936154112", "admin_state_up": true}}
    Response - Headers: {'status': '200', 'content-length': '557', 'connection': 'close', 'date': 'Wed, 16 Dec 2015 20:32:16 GMT', 'content-type': 'application/json; charset=UTF-8', 'x-openstack-request-id': 'req-385ae1e1-3fbc-40f1-90d5-60709ca6fb5c'}
        Body: {"router": {"status": "ACTIVE", "external_gateway_info": {"network_id": "b6d04e7e-bab6-442b-88e0-04ad73cf2166", "enable_snat": true, "external_fixed_ips": [{"subnet_id": "fd6e5728-243e-46aa-b86c-931ddc45bb12", "ip_address": "172.24.4.3"}, {"subnet_id": "1ba987dc-3f84-4290-bf05-8dc7f7b2fc3e", "ip_address": "2001:db8::3"}]}, "availability_zone_hints": [], "availability_zones": [], "name": "tempest-router-smoke-936154112", "admin_state_up": true, "tenant_id": "91fc1eee6b1144e5b37f2d3ed7f65853", "routes": [], "id": "1973debd-e8e8-4c92-b351-6decd7b5f72e"}}
2015-12-16 20:32:16,934 21575 INFO     [tempest_lib.common.rest_client] Request (TestNetworkAdvancedServerOps:test_server_connectivity_pause_unpause): 200 GET http://10.0.2.15:9696/v2.0/subnets?tenant_id=91fc1eee6b1144e5b37f2d3ed7f65853&amp;cidr=10.100.0.0%2F28 0.142s
2015-12-16 20:32:16,935 21575 DEBUG    [tempest_lib.common.rest_client] Request - Headers: {'Content-Type': 'application/json', 'Accept': 'application/json', 'X-Auth-Token': '&lt;omitted&gt;'}
        Body: None
    Response - Headers: {'status': '200', 'content-length': '15', 'content-location': 'http://10.0.2.15:9696/v2.0/subnets?tenant_id=91fc1eee6b1144e5b37f2d3ed7f65853&amp;cidr=10.100.0.0%2F28', 'connection': 'close', 'date': 'Wed, 16 Dec 2015 20:32:16 GMT', 'content-type': 'application/json; charset=UTF-8', 'x-openstack-request-id': 'req-f08158e6-1c38-4fde-a42f-a9712d54eaf4'}
        Body: {"subnets": []}
2015-12-16 20:32:17,301 21575 INFO     [tempest_lib.common.rest_client] Request (TestNetworkAdvancedServerOps:test_server_connectivity_pause_unpause): 201 POST http://10.0.2.15:9696/v2.0/subnets 0.365s
2015-12-16 20:32:17,302 21575 DEBUG    [tempest_lib.common.rest_client] Request - Headers: {'Content-Type': 'application/json', 'Accept': 'application/json', 'X-Auth-Token': '&lt;omitted&gt;'}
        Body: {"subnet": {"ip_version": 4, "tenant_id": "91fc1eee6b1144e5b37f2d3ed7f65853", "cidr": "10.100.0.0/28", "network_id": "64d14305-2c2f-49df-b865-6e4b62252bb8", "name": "tempest-subnet-smoke-1576091618"}}
    Response - Headers: {'status': '201', 'content-length': '478', 'connection': 'close', 'date': 'Wed, 16 Dec 2015 20:32:17 GMT', 'content-type': 'application/json; charset=UTF-8', 'x-openstack-request-id': 'req-c5bf9863-8d09-47cf-b51c-b02dd547672f'}
        Body: {"subnet": {"name": "tempest-subnet-smoke-1576091618", "enable_dhcp": true, "network_id": "64d14305-2c2f-49df-b865-6e4b62252bb8", "tenant_id": "91fc1eee6b1144e5b37f2d3ed7f65853", "dns_nameservers": [], "gateway_ip": "10.100.0.1", "ipv6_ra_mode": null, "allocation_pools": [{"start": "10.100.0.2", "end": "10.100.0.14"}], "host_routes": [], "ip_version": 4, "ipv6_address_mode": null, "cidr": "10.100.0.0/28", "id": "2d1aab06-6ae6-4c5c-abb2-528084cf0192", "subnetpool_id": null}}
2015-12-16 20:32:17,855 21575 INFO     [tempest_lib.common.rest_client] Request (TestNetworkAdvancedServerOps:test_server_connectivity_pause_unpause): 200 PUT http://10.0.2.15:9696/v2.0/routers/1973debd-e8e8-4c92-b351-6decd7b5f72e/add_router_interface 0.552s
2015-12-16 20:32:17,855 21575 DEBUG    [tempest_lib.common.rest_client] Request - Headers: {'Content-Type': 'application/json', 'Accept': 'application/json', 'X-Auth-Token': '&lt;omitted&gt;'}
        Body: {"subnet_id": "2d1aab06-6ae6-4c5c-abb2-528084cf0192"}
    Response - Headers: {'status': '200', 'content-length': '255', 'connection': 'close', 'date': 'Wed, 16 Dec 2015 20:32:17 GMT', 'content-type': 'application/json; charset=UTF-8', 'x-openstack-request-id': 'req-30653da1-f64d-40e6-9200-0fd3f1056ef5'}
        Body: {"subnet_id": "2d1aab06-6ae6-4c5c-abb2-528084cf0192", "tenant_id": "91fc1eee6b1144e5b37f2d3ed7f65853", "subnet_ids": ["2d1aab06-6ae6-4c5c-abb2-528084cf0192"], "port_id": "063fcf5f-67bb-4df1-9e44-f0518d538887", "id": "1973debd-e8e8-4c92-b351-6decd7b5f72e"}
2015-12-16 20:32:17,996 21575 INFO     [tempest_lib.common.rest_client] Request (TestNetworkAdvancedServerOps:test_server_connectivity_pause_unpause): 200 POST http://10.0.2.15:5000/v2.0/tokens
2015-12-16 20:32:17,996 21575 DEBUG    [tempest_lib.common.rest_client] Request - Headers: {'Content-Type': 'application/json', 'Accept': 'application/json'}
        Body: &lt;omitted&gt;
    Response - Headers: {'status': '200', 'content-length': '2562', 'vary': 'X-Auth-Token', 'server': 'Apache/2.4.7 (Ubuntu)', 'connection': 'close', 'date': 'Wed, 16 Dec 2015 20:32:17 GMT', 'content-type': 'application/json', 'x-openstack-request-id': 'req-0e8abd6e-b467-4305-b44c-507563e86087'}
        Body: {"access": {"token": {"issued_at": "2015-12-16T20:32:17.987831", "expires": "2015-12-16T21:32:17Z", "id": "ac358da273e449a384038aa6f537d0f2", "tenant": {"description": "tempest-TestNetworkAdvancedServerOps-501852853-desc", "enabled": true, "id": "91fc1eee6b1144e5b37f2d3ed7f65853", "name": "tempest-TestNetworkAdvancedServerOps-501852853"}, "audit_ids": ["XxQcsteiQtW71rKiJGrhVw"]}, "serviceCatalog": [{"endpoints": [{"adminURL": "http://10.0.2.15:8774/v2.1/91fc1eee6b1144e5b37f2d3ed7f65853", "region": "RegionOne", "internalURL": "http://10.0.2.15:8774/v2.1/91fc1eee6b1144e5b37f2d3ed7f65853", "id": "27db350b831740e592768d4f2f1bdb28", "publicURL": "http://10.0.2.15:8774/v2.1/91fc1eee6b1144e5b37f2d3ed7f65853"}], "endpoints_links": [], "type": "compute", "name": "nova"}, {"endpoints": [{"adminURL": "http://10.0.2.15:9696/", "region": "RegionOne", "internalURL": "http://10.0.2.15:9696/", "id": "13d94a8e68b6425dba5a17a6d40b04fb", "publicURL": "http://10.0.2.15:9696/"}], "endpoints_links": [], "type": "network", "name": "neutron"}, {"endpoints": [{"adminURL": "http://10.0.2.15:9292", "region": "RegionOne", "internalURL": "http://10.0.2.15:9292", "id": "6e3fa83a68b74ecf85bc91cd413e7bcc", "publicURL": "http://10.0.2.15:9292"}], "endpoints_links": [], "type": "image", "name": "glance"}, {"endpoints": [{"adminURL": "http://10.0.2.15:8774/v2/91fc1eee6b1144e5b37f2d3ed7f65853", "region": "RegionOne", "internalURL": "http://10.0.2.15:8774/v2/91fc1eee6b1144e5b37f2d3ed7f65853", "id": "5f5d1a9622bd4b1383951fe9b316e770", "publicURL": "http://10.0.2.15:8774/v2/91fc1eee6b1144e5b37f2d3ed7f65853"}], "endpoints_links": [], "type": "compute_legacy", "name": "nova_legacy"}, {"endpoints": [{"adminURL": "http://10.0.2.15:8773/", "region": "RegionOne", "internalURL": "http://10.0.2.15:8773/", "id": "148ad28d387949e888524db2d63bc53b", "publicURL": "http://10.0.2.15:8773/"}], "endpoints_links": [], "type": "ec2", "name": "ec2"}, {"endpoints": [{"adminURL": "http://10.0.2.15:35357/v2.0", "region": "RegionOne", "internalURL": "http://10.0.2.15:5000/v2.0", "id": "a5ce8a3b86de46c1a6371898bd8ea155", "publicURL": "http://10.0.2.15:5000/v2.0"}], "endpoints_links": [], "type": "identity", "name": "keystone"}], "user": {"username": "tempest-TestNetworkAdvancedServerOps-157431625", "roles_links": [], "id": "ade84197d3b9434fa70034cf84728c2c", "roles": [{"name": "_member_"}, {"name": "Member"}], "name": "tempest-TestNetworkAdvancedServerOps-157431625"}, "metadata": {"is_admin": 0, "roles": ["9fe2ff9ee4384b1894a90878d3e92bab", "71306a63e5e243dab552aa2d69263eab"]}}}
2015-12-16 20:32:18,000 21575 DEBUG    [tempest.common.fixed_network] (TestNetworkAdvancedServerOps:test_server_connectivity_pause_unpause) No valid network provided or created, defaulting to fixed_network_name
2015-12-16 20:32:18,290 21575 INFO     [tempest_lib.common.rest_client] Request (TestNetworkAdvancedServerOps:test_server_connectivity_pause_unpause): 200 GET http://10.0.2.15:8774/v2.1/91fc1eee6b1144e5b37f2d3ed7f65853/os-networks 0.289s
2015-12-16 20:32:18,291 21575 DEBUG    [tempest_lib.common.rest_client] Request - Headers: {'Content-Type': 'application/json', 'Accept': 'application/json', 'X-Auth-Token': '&lt;omitted&gt;'}
        Body: None
    Response - Headers: {'status': '200', 'content-length': '477', 'content-location': 'http://10.0.2.15:8774/v2.1/91fc1eee6b1144e5b37f2d3ed7f65853/os-networks', 'x-compute-request-id': 'req-6e835779-ede1-4bdd-a737-c661e1330421', 'vary': 'X-OpenStack-Nova-API-Version', 'connection': 'close', 'x-openstack-nova-api-version': '2.1', 'date': 'Wed, 16 Dec 2015 20:32:18 GMT', 'content-type': 'application/json'}
        Body: {"networks": [{"cidr_v6": null, "dns2": null, "dns1": null, "gateway": null, "broadcast": null, "netmask": null, "gateway_v6": null, "cidr": null, "label": "public", "id": "b6d04e7e-bab6-442b-88e0-04ad73cf2166", "netmask_v6": null}, {"cidr_v6": null, "dns2": null, "dns1": null, "gateway": null, "broadcast": null, "netmask": null, "gateway_v6": null, "cidr": null, "label": "tempest-network-smoke--30290092", "id": "64d14305-2c2f-49df-b865-6e4b62252bb8", "netmask_v6": null}]}
2015-12-16 20:32:18,291 21575 WARNING  [tempest.common.fixed_network] (TestNetworkAdvancedServerOps:test_server_connectivity_pause_unpause) Network with name: private not found
2015-12-16 20:32:18,292 21575 INFO     [tempest.common.fixed_network] (TestNetworkAdvancedServerOps:test_server_connectivity_pause_unpause) Found network {} available for tenant
2015-12-16 20:32:19,629 21575 INFO     [tempest_lib.common.rest_client] Request (TestNetworkAdvancedServerOps:test_server_connectivity_pause_unpause): 202 POST http://10.0.2.15:8774/v2.1/91fc1eee6b1144e5b37f2d3ed7f65853/servers 1.335s
2015-12-16 20:32:19,629 21575 DEBUG    [tempest_lib.common.rest_client] Request - Headers: {'Content-Type': 'application/json', 'Accept': 'application/json', 'X-Auth-Token': '&lt;omitted&gt;'}
        Body: {"server": {"name": "tempest.common.compute-instance-477561144", "imageRef": "ba2a04d3-97e5-4ade-9ad9-7d2c710a6bdf", "key_name": "tempest-TestNetworkAdvancedServerOps-159455337", "flavorRef": "42", "networks": [{"uuid": "64d14305-2c2f-49df-b865-6e4b62252bb8"}], "security_groups": [{"name": "tempest-secgroup-smoke-1379055306"}]}}
    Response - Headers: {'status': '202', 'content-length': '462', 'x-compute-request-id': 'req-4098adff-1e4c-4f9b-9b46-306eac91422f', 'vary': 'X-OpenStack-Nova-API-Version', 'connection': 'close', 'location': 'http://10.0.2.15:8774/v2.1/91fc1eee6b1144e5b37f2d3ed7f65853/servers/54124a2b-f92f-4058-a309-a447cc9f37bb', 'x-openstack-nova-api-version': '2.1', 'date': 'Wed, 16 Dec 2015 20:32:19 GMT', 'content-type': 'application/json'}
        Body: {"server": {"security_groups": [{"name": "tempest-secgroup-smoke-1379055306"}], "OS-DCF:diskConfig": "MANUAL", "id": "54124a2b-f92f-4058-a309-a447cc9f37bb", "links": [{"href": "http://10.0.2.15:8774/v2.1/91fc1eee6b1144e5b37f2d3ed7f65853/servers/54124a2b-f92f-4058-a309-a447cc9f37bb", "rel": "self"}, {"href": "http://10.0.2.15:8774/91fc1eee6b1144e5b37f2d3ed7f65853/servers/54124a2b-f92f-4058-a309-a447cc9f37bb", "rel": "bookmark"}], "adminPass": "Y43Tw8TBeezY"}}
2015-12-16 20:32:19,881 21575 INFO     [tempest_lib.common.rest_client] Request (TestNetworkAdvancedServerOps:test_server_connectivity_pause_unpause): 200 GET http://10.0.2.15:8774/v2.1/91fc1eee6b1144e5b37f2d3ed7f65853/servers/54124a2b-f92f-4058-a309-a447cc9f37bb 0.249s
2015-12-16 20:32:19,881 21575 DEBUG    [tempest_lib.common.rest_client] Request - Headers: {'Content-Type': 'application/json', 'Accept': 'application/json', 'X-Auth-Token': '&lt;omitted&gt;'}
        Body: None
    Response - Headers: {'status': '200', 'content-length': '1363', 'content-location': 'http://10.0.2.15:8774/v2.1/91fc1eee6b1144e5b37f2d3ed7f65853/servers/54124a2b-f92f-4058-a309-a447cc9f37bb', 'x-compute-request-id': 'req-03b5b33d-97c3-41dd-a120-e705c1b7bcfa', 'vary': 'X-OpenStack-Nova-API-Version', 'connection': 'close', 'x-openstack-nova-api-version': '2.1', 'date': 'Wed, 16 Dec 2015 20:32:19 GMT', 'content-type': 'application/json'}
        Body: {"server": {"status": "BUILD", "updated": "2015-12-16T20:32:19Z", "hostId": "", "addresses": {}, "links": [{"href": "http://10.0.2.15:8774/v2.1/91fc1eee6b1144e5b37f2d3ed7f65853/servers/54124a2b-f92f-4058-a309-a447cc9f37bb", "rel": "self"}, {"href": "http://10.0.2.15:8774/91fc1eee6b1144e5b37f2d3ed7f65853/servers/54124a2b-f92f-4058-a309-a447cc9f37bb", "rel": "bookmark"}], "key_name": "tempest-TestNetworkAdvancedServerOps-159455337", "image": {"id": "ba2a04d3-97e5-4ade-9ad9-7d2c710a6bdf", "links": [{"href": "http://10.0.2.15:8774/91fc1eee6b1144e5b37f2d3ed7f65853/images/ba2a04d3-97e5-4ade-9ad9-7d2c710a6bdf", "rel": "bookmark"}]}, "OS-EXT-STS:task_state": "scheduling", "OS-EXT-STS:vm_state": "building", "OS-SRV-USG:launched_at": null, "flavor": {"id": "42", "links": [{"href": "http://10.0.2.15:8774/91fc1eee6b1144e5b37f2d3ed7f65853/flavors/42", "rel": "bookmark"}]}, "id": "54124a2b-f92f-4058-a309-a447cc9f37bb", "OS-SRV-USG:terminated_at": null, "OS-EXT-AZ:availability_zone": "", "user_id": "ade84197d3b9434fa70034cf84728c2c", "name": "tempest.common.compute-instance-477561144", "created": "2015-12-16T20:32:19Z", "tenant_id": "91fc1eee6b1144e5b37f2d3ed7f65853", "OS-DCF:diskConfig": "MANUAL", "os-extended-volumes:volumes_attached": [], "accessIPv4": "", "accessIPv6": "", "progress": 0, "OS-EXT-STS:power_state": 0, "config_drive": "", "metadata": {}}}
2015-12-16 20:32:21,372 21575 INFO     [tempest_lib.common.rest_client] Request (TestNetworkAdvancedServerOps:test_server_connectivity_pause_unpause): 200 GET http://10.0.2.15:8774/v2.1/91fc1eee6b1144e5b37f2d3ed7f65853/servers/54124a2b-f92f-4058-a309-a447cc9f37bb 0.480s
2015-12-16 20:32:21,373 21575 DEBUG    [tempest_lib.common.rest_client] Request - Headers: {'Content-Type': 'application/json', 'Accept': 'application/json', 'X-Auth-Token': '&lt;omitted&gt;'}
        Body: None
    Response - Headers: {'status': '200', 'content-length': '1489', 'content-location': 'http://10.0.2.15:8774/v2.1/91fc1eee6b1144e5b37f2d3ed7f65853/servers/54124a2b-f92f-4058-a309-a447cc9f37bb', 'x-compute-request-id': 'req-bb501489-a5ef-4e6d-990b-a31c66206f51', 'vary': 'X-OpenStack-Nova-API-Version', 'connection': 'close', 'x-openstack-nova-api-version': '2.1', 'date': 'Wed, 16 Dec 2015 20:32:21 GMT', 'content-type': 'application/json'}
        Body: {"server": {"status": "BUILD", "updated": "2015-12-16T20:32:20Z", "hostId": "4ec9755b815200a1bd2533c3b5ec1e8a0a6d741e79a6dec2643e53d3", "addresses": {}, "links": [{"href": "http://10.0.2.15:8774/v2.1/91fc1eee6b1144e5b37f2d3ed7f65853/servers/54124a2b-f92f-4058-a309-a447cc9f37bb", "rel": "self"}, {"href": "http://10.0.2.15:8774/91fc1eee6b1144e5b37f2d3ed7f65853/servers/54124a2b-f92f-4058-a309-a447cc9f37bb", "rel": "bookmark"}], "key_name": "tempest-TestNetworkAdvancedServerOps-159455337", "image": {"id": "ba2a04d3-97e5-4ade-9ad9-7d2c710a6bdf", "links": [{"href": "http://10.0.2.15:8774/91fc1eee6b1144e5b37f2d3ed7f65853/images/ba2a04d3-97e5-4ade-9ad9-7d2c710a6bdf", "rel": "bookmark"}]}, "OS-EXT-STS:task_state": "spawning", "OS-EXT-STS:vm_state": "building", "OS-SRV-USG:launched_at": null, "flavor": {"id": "42", "links": [{"href": "http://10.0.2.15:8774/91fc1eee6b1144e5b37f2d3ed7f65853/flavors/42", "rel": "bookmark"}]}, "id": "54124a2b-f92f-4058-a309-a447cc9f37bb", "security_groups": [{"name": "tempest-secgroup-smoke-1379055306"}], "OS-SRV-USG:terminated_at": null, "OS-EXT-AZ:availability_zone": "nova", "user_id": "ade84197d3b9434fa70034cf84728c2c", "name": "tempest.common.compute-instance-477561144", "created": "2015-12-16T20:32:19Z", "tenant_id": "91fc1eee6b1144e5b37f2d3ed7f65853", "OS-DCF:diskConfig": "MANUAL", "os-extended-volumes:volumes_attached": [], "accessIPv4": "", "accessIPv6": "", "progress": 0, "OS-EXT-STS:power_state": 0, "config_drive": "", "metadata": {}}}
2015-12-16 20:32:21,390 21575 INFO     [tempest.common.waiters] State transition "BUILD/scheduling" ==&gt; "BUILD/spawning" after 2 second wait
2015-12-16 20:32:22,767 21575 INFO     [tempest_lib.common.rest_client] Request (TestNetworkAdvancedServerOps:test_server_connectivity_pause_unpause): 200 GET http://10.0.2.15:8774/v2.1/91fc1eee6b1144e5b37f2d3ed7f65853/servers/54124a2b-f92f-4058-a309-a447cc9f37bb 0.374s
2015-12-16 20:32:22,767 21575 DEBUG    [tempest_lib.common.rest_client] Request - Headers: {'Content-Type': 'application/json', 'Accept': 'application/json', 'X-Auth-Token': '&lt;omitted&gt;'}
        Body: None
    Response - Headers: {'status': '200', 'content-length': '1489', 'content-location': 'http://10.0.2.15:8774/v2.1/91fc1eee6b1144e5b37f2d3ed7f65853/servers/54124a2b-f92f-4058-a309-a447cc9f37bb', 'x-compute-request-id': 'req-aa147d75-f40a-4b47-8530-0614d2dc8564', 'vary': 'X-OpenStack-Nova-API-Version', 'connection': 'close', 'x-openstack-nova-api-version': '2.1', 'date': 'Wed, 16 Dec 2015 20:32:22 GMT', 'content-type': 'application/json'}
        Body: {"server": {"status": "BUILD", "updated": "2015-12-16T20:32:20Z", "hostId": "4ec9755b815200a1bd2533c3b5ec1e8a0a6d741e79a6dec2643e53d3", "addresses": {}, "links": [{"href": "http://10.0.2.15:8774/v2.1/91fc1eee6b1144e5b37f2d3ed7f65853/servers/54124a2b-f92f-4058-a309-a447cc9f37bb", "rel": "self"}, {"href": "http://10.0.2.15:8774/91fc1eee6b1144e5b37f2d3ed7f65853/servers/54124a2b-f92f-4058-a309-a447cc9f37bb", "rel": "bookmark"}], "key_name": "tempest-TestNetworkAdvancedServerOps-159455337", "image": {"id": "ba2a04d3-97e5-4ade-9ad9-7d2c710a6bdf", "links": [{"href": "http://10.0.2.15:8774/91fc1eee6b1144e5b37f2d3ed7f65853/images/ba2a04d3-97e5-4ade-9ad9-7d2c710a6bdf", "rel": "bookmark"}]}, "OS-EXT-STS:task_state": "spawning", "OS-EXT-STS:vm_state": "building", "OS-SRV-USG:launched_at": null, "flavor": {"id": "42", "links": [{"href": "http://10.0.2.15:8774/91fc1eee6b1144e5b37f2d3ed7f65853/flavors/42", "rel": "bookmark"}]}, "id": "54124a2b-f92f-4058-a309-a447cc9f37bb", "security_groups": [{"name": "tempest-secgroup-smoke-1379055306"}], "OS-SRV-USG:terminated_at": null, "OS-EXT-AZ:availability_zone": "nova", "user_id": "ade84197d3b9434fa70034cf84728c2c", "name": "tempest.common.compute-instance-477561144", "created": "2015-12-16T20:32:19Z", "tenant_id": "91fc1eee6b1144e5b37f2d3ed7f65853", "OS-DCF:diskConfig": "MANUAL", "os-extended-volumes:volumes_attached": [], "accessIPv4": "", "accessIPv6": "", "progress": 0, "OS-EXT-STS:power_state": 0, "config_drive": "", "metadata": {}}}
2015-12-16 20:32:23,980 21575 INFO     [tempest_lib.common.rest_client] Request (TestNetworkAdvancedServerOps:test_server_connectivity_pause_unpause): 200 GET http://10.0.2.15:8774/v2.1/91fc1eee6b1144e5b37f2d3ed7f65853/servers/54124a2b-f92f-4058-a309-a447cc9f37bb 0.194s
2015-12-16 20:32:23,980 21575 DEBUG    [tempest_lib.common.rest_client] Request - Headers: {'Content-Type': 'application/json', 'Accept': 'application/json', 'X-Auth-Token': '&lt;omitted&gt;'}
        Body: None
    Response - Headers: {'status': '200', 'content-length': '1659', 'content-location': 'http://10.0.2.15:8774/v2.1/91fc1eee6b1144e5b37f2d3ed7f65853/servers/54124a2b-f92f-4058-a309-a447cc9f37bb', 'x-compute-request-id': 'req-512374ae-bd9f-4645-b0f6-211668997e06', 'vary': 'X-OpenStack-Nova-API-Version', 'connection': 'close', 'x-openstack-nova-api-version': '2.1', 'date': 'Wed, 16 Dec 2015 20:32:23 GMT', 'content-type': 'application/json'}
        Body: {"server": {"status": "ACTIVE", "updated": "2015-12-16T20:32:22Z", "hostId": "4ec9755b815200a1bd2533c3b5ec1e8a0a6d741e79a6dec2643e53d3", "addresses": {"tempest-network-smoke--30290092": [{"OS-EXT-IPS-MAC:mac_addr": "fa:16:3e:53:67:6c", "version": 4, "addr": "10.100.0.3", "OS-EXT-IPS:type": "fixed"}]}, "links": [{"href": "http://10.0.2.15:8774/v2.1/91fc1eee6b1144e5b37f2d3ed7f65853/servers/54124a2b-f92f-4058-a309-a447cc9f37bb", "rel": "self"}, {"href": "http://10.0.2.15:8774/91fc1eee6b1144e5b37f2d3ed7f65853/servers/54124a2b-f92f-4058-a309-a447cc9f37bb", "rel": "bookmark"}], "key_name": "tempest-TestNetworkAdvancedServerOps-159455337", "image": {"id": "ba2a04d3-97e5-4ade-9ad9-7d2c710a6bdf", "links": [{"href": "http://10.0.2.15:8774/91fc1eee6b1144e5b37f2d3ed7f65853/images/ba2a04d3-97e5-4ade-9ad9-7d2c710a6bdf", "rel": "bookmark"}]}, "OS-EXT-STS:task_state": null, "OS-EXT-STS:vm_state": "active", "OS-SRV-USG:launched_at": "2015-12-16T20:32:22.000000", "flavor": {"id": "42", "links": [{"href": "http://10.0.2.15:8774/91fc1eee6b1144e5b37f2d3ed7f65853/flavors/42", "rel": "bookmark"}]}, "id": "54124a2b-f92f-4058-a309-a447cc9f37bb", "security_groups": [{"name": "tempest-secgroup-smoke-1379055306"}], "OS-SRV-USG:terminated_at": null, "OS-EXT-AZ:availability_zone": "nova", "user_id": "ade84197d3b9434fa70034cf84728c2c", "name": "tempest.common.compute-instance-477561144", "created": "2015-12-16T20:32:19Z", "tenant_id": "91fc1eee6b1144e5b37f2d3ed7f65853", "OS-DCF:diskConfig": "MANUAL", "os-extended-volumes:volumes_attached": [], "accessIPv4": "", "accessIPv6": "", "progress": 0, "OS-EXT-STS:power_state": 1, "config_drive": "True", "metadata": {}}}
2015-12-16 20:32:23,992 21575 INFO     [tempest.common.waiters] State transition "BUILD/spawning" ==&gt; "ACTIVE/None" after 4 second wait
2015-12-16 20:32:24,203 21575 INFO     [tempest_lib.common.rest_client] Request (TestNetworkAdvancedServerOps:test_server_connectivity_pause_unpause): 200 GET http://10.0.2.15:8774/v2.1/91fc1eee6b1144e5b37f2d3ed7f65853/servers/54124a2b-f92f-4058-a309-a447cc9f37bb 0.210s
2015-12-16 20:32:24,203 21575 DEBUG    [tempest_lib.common.rest_client] Request - Headers: {'Content-Type': 'application/json', 'Accept': 'application/json', 'X-Auth-Token': '&lt;omitted&gt;'}
        Body: None
    Response - Headers: {'status': '200', 'content-length': '1659', 'content-location': 'http://10.0.2.15:8774/v2.1/91fc1eee6b1144e5b37f2d3ed7f65853/servers/54124a2b-f92f-4058-a309-a447cc9f37bb', 'x-compute-request-id': 'req-abd4445a-87f3-4f96-ba1f-0350cd471c39', 'vary': 'X-OpenStack-Nova-API-Version', 'connection': 'close', 'x-openstack-nova-api-version': '2.1', 'date': 'Wed, 16 Dec 2015 20:32:24 GMT', 'content-type': 'application/json'}
        Body: {"server": {"status": "ACTIVE", "updated": "2015-12-16T20:32:22Z", "hostId": "4ec9755b815200a1bd2533c3b5ec1e8a0a6d741e79a6dec2643e53d3", "addresses": {"tempest-network-smoke--30290092": [{"OS-EXT-IPS-MAC:mac_addr": "fa:16:3e:53:67:6c", "version": 4, "addr": "10.100.0.3", "OS-EXT-IPS:type": "fixed"}]}, "links": [{"href": "http://10.0.2.15:8774/v2.1/91fc1eee6b1144e5b37f2d3ed7f65853/servers/54124a2b-f92f-4058-a309-a447cc9f37bb", "rel": "self"}, {"href": "http://10.0.2.15:8774/91fc1eee6b1144e5b37f2d3ed7f65853/servers/54124a2b-f92f-4058-a309-a447cc9f37bb", "rel": "bookmark"}], "key_name": "tempest-TestNetworkAdvancedServerOps-159455337", "image": {"id": "ba2a04d3-97e5-4ade-9ad9-7d2c710a6bdf", "links": [{"href": "http://10.0.2.15:8774/91fc1eee6b1144e5b37f2d3ed7f65853/images/ba2a04d3-97e5-4ade-9ad9-7d2c710a6bdf", "rel": "bookmark"}]}, "OS-EXT-STS:task_state": null, "OS-EXT-STS:vm_state": "active", "OS-SRV-USG:launched_at": "2015-12-16T20:32:22.000000", "flavor": {"id": "42", "links": [{"href": "http://10.0.2.15:8774/91fc1eee6b1144e5b37f2d3ed7f65853/flavors/42", "rel": "bookmark"}]}, "id": "54124a2b-f92f-4058-a309-a447cc9f37bb", "security_groups": [{"name": "tempest-secgroup-smoke-1379055306"}], "OS-SRV-USG:terminated_at": null, "OS-EXT-AZ:availability_zone": "nova", "user_id": "ade84197d3b9434fa70034cf84728c2c", "name": "tempest.common.compute-instance-477561144", "created": "2015-12-16T20:32:19Z", "tenant_id": "91fc1eee6b1144e5b37f2d3ed7f65853", "OS-DCF:diskConfig": "MANUAL", "os-extended-volumes:volumes_attached": [], "accessIPv4": "", "accessIPv6": "", "progress": 0, "OS-EXT-STS:power_state": 1, "config_drive": "True", "metadata": {}}}
2015-12-16 20:32:24,245 21575 INFO     [tempest_lib.common.rest_client] Request (TestNetworkAdvancedServerOps:test_server_connectivity_pause_unpause): 200 GET http://10.0.2.15:9696/v2.0/ports?status=ACTIVE&amp;fixed_ip=None&amp;device_id=54124a2b-f92f-4058-a309-a447cc9f37bb 0.033s
2015-12-16 20:32:24,246 21575 DEBUG    [tempest_lib.common.rest_client] Request - Headers: {'Content-Type': 'application/json', 'Accept': 'application/json', 'X-Auth-Token': '&lt;omitted&gt;'}
        Body: None
    Response - Headers: {'status': '200', 'content-length': '895', 'content-location': 'http://10.0.2.15:9696/v2.0/ports?status=ACTIVE&amp;fixed_ip=None&amp;device_id=54124a2b-f92f-4058-a309-a447cc9f37bb', 'connection': 'close', 'date': 'Wed, 16 Dec 2015 20:32:24 GMT', 'content-type': 'application/json; charset=UTF-8', 'x-openstack-request-id': 'req-9ed5946d-4e36-4356-a215-bb0b69e6cafa'}
        Body: {"ports": [{"status": "ACTIVE", "binding:host_id": "vagrant-ubuntu-trusty-64", "allowed_address_pairs": [], "extra_dhcp_opts": [], "dns_assignment": [{"hostname": "host-10-100-0-3", "ip_address": "10.100.0.3", "fqdn": "host-10-100-0-3.openstacklocal."}], "device_owner": "compute:None", "port_security_enabled": true, "binding:profile": {}, "fixed_ips": [{"subnet_id": "2d1aab06-6ae6-4c5c-abb2-528084cf0192", "ip_address": "10.100.0.3"}], "id": "e568a555-780b-4bc1-96f2-42fd3b4e1530", "security_groups": ["0b6c8661-0d1e-4ce8-aa75-9b1e98078449"], "device_id": "54124a2b-f92f-4058-a309-a447cc9f37bb", "name": "", "admin_state_up": true, "network_id": "64d14305-2c2f-49df-b865-6e4b62252bb8", "dns_name": "", "binding:vif_details": {"port_filter": true}, "binding:vnic_type": "normal", "binding:vif_type": "ovs", "tenant_id": "91fc1eee6b1144e5b37f2d3ed7f65853", "mac_address": "fa:16:3e:53:67:6c"}]}
2015-12-16 20:32:24,873 21575 INFO     [tempest_lib.common.rest_client] Request (TestNetworkAdvancedServerOps:test_server_connectivity_pause_unpause): 201 POST http://10.0.2.15:9696/v2.0/floatingips 0.626s
2015-12-16 20:32:24,873 21575 DEBUG    [tempest_lib.common.rest_client] Request - Headers: {'Content-Type': 'application/json', 'Accept': 'application/json', 'X-Auth-Token': '&lt;omitted&gt;'}
        Body: {"floatingip": {"floating_network_id": "b6d04e7e-bab6-442b-88e0-04ad73cf2166", "tenant_id": "91fc1eee6b1144e5b37f2d3ed7f65853", "fixed_ip_address": "10.100.0.3", "port_id": "e568a555-780b-4bc1-96f2-42fd3b4e1530"}}
    Response - Headers: {'status': '201', 'content-length': '367', 'connection': 'close', 'date': 'Wed, 16 Dec 2015 20:32:24 GMT', 'content-type': 'application/json; charset=UTF-8', 'x-openstack-request-id': 'req-2f5cf01c-03a2-47c9-9fa9-350f4025c3f9'}
        Body: {"floatingip": {"floating_network_id": "b6d04e7e-bab6-442b-88e0-04ad73cf2166", "router_id": "1973debd-e8e8-4c92-b351-6decd7b5f72e", "fixed_ip_address": "10.100.0.3", "floating_ip_address": "172.24.4.4", "tenant_id": "91fc1eee6b1144e5b37f2d3ed7f65853", "status": "DOWN", "port_id": "e568a555-780b-4bc1-96f2-42fd3b4e1530", "id": "9a67ea18-e173-4b6c-8165-48c8c79011fa"}}
2015-12-16 20:32:25,136 21575 INFO     [tempest_lib.common.rest_client] Request (TestNetworkAdvancedServerOps:test_server_connectivity_pause_unpause): 200 GET http://10.0.2.15:8774/v2.1/91fc1eee6b1144e5b37f2d3ed7f65853/servers/54124a2b-f92f-4058-a309-a447cc9f37bb 0.262s
2015-12-16 20:32:25,137 21575 DEBUG    [tempest_lib.common.rest_client] Request - Headers: {'Content-Type': 'application/json', 'Accept': 'application/json', 'X-Auth-Token': '&lt;omitted&gt;'}
        Body: None
    Response - Headers: {'status': '200', 'content-length': '1659', 'content-location': 'http://10.0.2.15:8774/v2.1/91fc1eee6b1144e5b37f2d3ed7f65853/servers/54124a2b-f92f-4058-a309-a447cc9f37bb', 'x-compute-request-id': 'req-18f93c69-1154-4bda-bf50-dfb1edba437f', 'vary': 'X-OpenStack-Nova-API-Version', 'connection': 'close', 'x-openstack-nova-api-version': '2.1', 'date': 'Wed, 16 Dec 2015 20:32:25 GMT', 'content-type': 'application/json'}
        Body: {"server": {"status": "ACTIVE", "updated": "2015-12-16T20:32:22Z", "hostId": "4ec9755b815200a1bd2533c3b5ec1e8a0a6d741e79a6dec2643e53d3", "addresses": {"tempest-network-smoke--30290092": [{"OS-EXT-IPS-MAC:mac_addr": "fa:16:3e:53:67:6c", "version": 4, "addr": "10.100.0.3", "OS-EXT-IPS:type": "fixed"}]}, "links": [{"href": "http://10.0.2.15:8774/v2.1/91fc1eee6b1144e5b37f2d3ed7f65853/servers/54124a2b-f92f-4058-a309-a447cc9f37bb", "rel": "self"}, {"href": "http://10.0.2.15:8774/91fc1eee6b1144e5b37f2d3ed7f65853/servers/54124a2b-f92f-4058-a309-a447cc9f37bb", "rel": "bookmark"}], "key_name": "tempest-TestNetworkAdvancedServerOps-159455337", "image": {"id": "ba2a04d3-97e5-4ade-9ad9-7d2c710a6bdf", "links": [{"href": "http://10.0.2.15:8774/91fc1eee6b1144e5b37f2d3ed7f65853/images/ba2a04d3-97e5-4ade-9ad9-7d2c710a6bdf", "rel": "bookmark"}]}, "OS-EXT-STS:task_state": null, "OS-EXT-STS:vm_state": "active", "OS-SRV-USG:launched_at": "2015-12-16T20:32:22.000000", "flavor": {"id": "42", "links": [{"href": "http://10.0.2.15:8774/91fc1eee6b1144e5b37f2d3ed7f65853/flavors/42", "rel": "bookmark"}]}, "id": "54124a2b-f92f-4058-a309-a447cc9f37bb", "security_groups": [{"name": "tempest-secgroup-smoke-1379055306"}], "OS-SRV-USG:terminated_at": null, "OS-EXT-AZ:availability_zone": "nova", "user_id": "ade84197d3b9434fa70034cf84728c2c", "name": "tempest.common.compute-instance-477561144", "created": "2015-12-16T20:32:19Z", "tenant_id": "91fc1eee6b1144e5b37f2d3ed7f65853", "OS-DCF:diskConfig": "MANUAL", "os-extended-volumes:volumes_attached": [], "accessIPv4": "", "accessIPv6": "", "progress": 0, "OS-EXT-STS:power_state": 1, "config_drive": "True", "metadata": {}}}
2015-12-16 20:32:25,146 21575 INFO     [tempest.scenario.manager] Tenant networks not configured to be reachable.
2015-12-16 20:32:25,159 21575 INFO     [tempest_lib.common.rest_client] Request (TestNetworkAdvancedServerOps:test_server_connectivity_pause_unpause): 200 GET http://10.0.2.15:9696/v2.0/floatingips/9a67ea18-e173-4b6c-8165-48c8c79011fa 0.012s
2015-12-16 20:32:25,159 21575 DEBUG    [tempest_lib.common.rest_client] Request - Headers: {'Content-Type': 'application/json', 'Accept': 'application/json', 'X-Auth-Token': '&lt;omitted&gt;'}
        Body: None
    Response - Headers: {'status': '200', 'content-length': '367', 'content-location': 'http://10.0.2.15:9696/v2.0/floatingips/9a67ea18-e173-4b6c-8165-48c8c79011fa', 'connection': 'close', 'date': 'Wed, 16 Dec 2015 20:32:25 GMT', 'content-type': 'application/json; charset=UTF-8', 'x-openstack-request-id': 'req-2c9004de-8609-4f07-946f-b4493ccf0513'}
        Body: {"floatingip": {"floating_network_id": "b6d04e7e-bab6-442b-88e0-04ad73cf2166", "router_id": "1973debd-e8e8-4c92-b351-6decd7b5f72e", "fixed_ip_address": "10.100.0.3", "floating_ip_address": "172.24.4.4", "tenant_id": "91fc1eee6b1144e5b37f2d3ed7f65853", "status": "DOWN", "port_id": "e568a555-780b-4bc1-96f2-42fd3b4e1530", "id": "9a67ea18-e173-4b6c-8165-48c8c79011fa"}}
2015-12-16 20:32:26,175 21575 INFO     [tempest_lib.common.rest_client] Request (TestNetworkAdvancedServerOps:test_server_connectivity_pause_unpause): 200 GET http://10.0.2.15:9696/v2.0/floatingips/9a67ea18-e173-4b6c-8165-48c8c79011fa 0.014s
2015-12-16 20:32:26,176 21575 DEBUG    [tempest_lib.common.rest_client] Request - Headers: {'Content-Type': 'application/json', 'Accept': 'application/json', 'X-Auth-Token': '&lt;omitted&gt;'}
        Body: None
    Response - Headers: {'status': '200', 'content-length': '369', 'content-location': 'http://10.0.2.15:9696/v2.0/floatingips/9a67ea18-e173-4b6c-8165-48c8c79011fa', 'connection': 'close', 'date': 'Wed, 16 Dec 2015 20:32:26 GMT', 'content-type': 'application/json; charset=UTF-8', 'x-openstack-request-id': 'req-ff883cf9-8ec1-4ad0-94a1-3dfff904221a'}
        Body: {"floatingip": {"floating_network_id": "b6d04e7e-bab6-442b-88e0-04ad73cf2166", "router_id": "1973debd-e8e8-4c92-b351-6decd7b5f72e", "fixed_ip_address": "10.100.0.3", "floating_ip_address": "172.24.4.4", "tenant_id": "91fc1eee6b1144e5b37f2d3ed7f65853", "status": "ACTIVE", "port_id": "e568a555-780b-4bc1-96f2-42fd3b4e1530", "id": "9a67ea18-e173-4b6c-8165-48c8c79011fa"}}
2015-12-16 20:32:26,176 21575 INFO     [tempest.scenario.manager] FloatingIP: &lt;"FloatingIP" addr="172.24.4.4" id="9a67ea18-e173-4b6c-8165-48c8c79011fa"&gt; is at status: ACTIVE
2015-12-16 20:32:26,176 21575 DEBUG    [tempest.scenario.manager] checking network connections to IP 172.24.4.4 with user: cirros
2015-12-16 20:32:26,176 21575 DEBUG    [tempest.scenario.manager] TestNetworkAdvancedServerOps:test_server_connectivity_pause_unpause begins to ping 172.24.4.4 in 120 sec and the expected result is reachable
2015-12-16 20:34:26,539 21575 DEBUG    [tempest.scenario.manager] TestNetworkAdvancedServerOps:test_server_connectivity_pause_unpause finishes ping 172.24.4.4 in 120 sec and the ping result is unexpected
2015-12-16 20:34:26,540 21575 ERROR    [tempest.scenario.manager] Public network connectivity check failed
2015-12-16 20:34:26.540 21575 ERROR tempest.scenario.manager Traceback (most recent call last):
2015-12-16 20:34:26.540 21575 ERROR tempest.scenario.manager   File "tempest/scenario/manager.py", line 608, in check_public_network_connectivity
2015-12-16 20:34:26.540 21575 ERROR tempest.scenario.manager     should_connect=should_connect)
2015-12-16 20:34:26.540 21575 ERROR tempest.scenario.manager   File "tempest/scenario/manager.py", line 592, in check_vm_connectivity
2015-12-16 20:34:26.540 21575 ERROR tempest.scenario.manager     msg=msg)
2015-12-16 20:34:26.540 21575 ERROR tempest.scenario.manager   File "/usr/local/lib/python2.7/dist-packages/unittest2/case.py", line 702, in assertTrue
2015-12-16 20:34:26.540 21575 ERROR tempest.scenario.manager     raise self.failureException(msg)
2015-12-16 20:34:26.540 21575 ERROR tempest.scenario.manager AssertionError: False is not true : Timed out waiting for 172.24.4.4 to become reachable
2015-12-16 20:34:26.540 21575 ERROR tempest.scenario.manager 
2015-12-16 20:34:26,741 21575 INFO     [tempest_lib.common.rest_client] Request (TestNetworkAdvancedServerOps:test_server_connectivity_pause_unpause): 200 POST http://10.0.2.15:8774/v2.1/91fc1eee6b1144e5b37f2d3ed7f65853/servers/54124a2b-f92f-4058-a309-a447cc9f37bb/action 0.196s
2015-12-16 20:34:26,742 21575 DEBUG    [tempest_lib.common.rest_client] Request - Headers: {'Content-Type': 'application/json', 'Accept': 'application/json', 'X-Auth-Token': '&lt;omitted&gt;'}
        Body: {"os-getConsoleOutput": {}}
    Response - Headers: {'status': '200', 'content-length': '17470', 'x-compute-request-id': 'req-47510cae-06b8-4129-ae3b-ef0e43ce62b0', 'vary': 'X-OpenStack-Nova-API-Version', 'connection': 'close', 'x-openstack-nova-api-version': '2.1', 'date': 'Wed, 16 Dec 2015 20:34:26 GMT', 'content-type': 'application/json'}
        Body: {"output": "[    0.000000] Initializing cgroup subsys cpuset\n[    0.000000] Initializing cgroup subsys cpu\n[    0.000000] Linux version 3.2.0-80-virtual (buildd@batsu) (gcc version 4.6.3 (Ubuntu/Linaro 4.6.3-1ubuntu5) ) #116-Ubuntu SMP Mon Mar 23 17:28:52 UTC 2015 (Ubuntu 3.2.0-80.116-virtual 3.2.68)\n[    0.000000] Command line: root=/dev/vda console=tty0 console=ttyS0 no_timer_check\n[    0.000000] KERNEL supported cpus:\n[    0.000000]   Intel GenuineIntel\n[    0.000000]   AMD AuthenticAMD\n[    0.000000]   Centaur CentaurHauls\n[    0.000000] BIOS-provided physical RAM map:\n[    0.000000]  BIOS-e820: 0000000000000000 - 000000000009fc00 (usable)\n[    0.000000]  BIOS-e820: 000000000009fc00 - 00000000000a0000 (reserved)\n[    0.000000]  BIOS-e820: 00000000000f0000 - 0000000000100000 (reserved)\n[    0.000000]  BIOS-e820: 0000000000100000 - 0000000003ffe000 (usable)\n[    0.000000]  BIOS-e820: 0000000003ffe000 - 0000000004000000 (reserved)\n[    0.000000]  BIOS-e820: 00000000fffc0000 - 0000000100000000 (reserved)\n[    0.000000] NX (Execute Disable) protection: active\n[    0.000000] SMBIOS 2.4 present.\n[    0.000000] No AGP bridge found\n[    0.000000] last_pfn = 0x3ffe max_arch_pfn = 0x400000000\n[    0.000000] x86 PAT enabled: cpu 0, old 0x7040600070406, new 0x7010600070106\n[    0.000000] found SMP MP-table at [ffff8800000f0b00] f0b00\n[    0.000000] init_memory_mapping: 0000000000000000-0000000003ffe000\n[    0.000000] RAMDISK: 03c5e000 - 03ff0000\n[    0.000000] ACPI: RSDP 00000000000f0950 00014 (v00 BOCHS )\n[    0.000000] ACPI: RSDT 0000000003fffbc1 00034 (v01 BOCHS  BXPCRSDT 00000001 BXPC 00000001)\n[    0.000000] ACPI: FACP 0000000003fff1c0 00074 (v01 BOCHS  BXPCFACP 00000001 BXPC 00000001)\n[    0.000000] ACPI: DSDT 0000000003ffe040 01180 (v01 BOCHS  BXPCDSDT 00000001 BXPC 00000001)\n[    0.000000] ACPI: FACS 0000000003ffe000 00040\n[    0.000000] ACPI: SSDT 0000000003fff234 008DD (v01 BOCHS  BXPCSSDT 00000001 BXPC 00000001)\n[    0.000000] ACPI: APIC 0000000003fffb11 00078 (v01 BOCHS  BXPCAPIC 00000001 BXPC 00000001)\n[    0.000000] ACPI: HPET 0000000003fffb89 00038 (v01 BOCHS  BXPCHPET 00000001 BXPC 00000001)\n[    0.000000] No NUMA configuration found\n[    0.000000] Faking a node at 0000000000000000-0000000003ffe000\n[    0.000000] Initmem setup node 0 0000000000000000-0000000003ffe000\n[    0.000000]   NODE_DATA [0000000003ff6000 - 0000000003ffafff]\n[    0.000000] Zone PFN ranges:\n[    0.000000]   DMA      0x00000010 -&gt; 0x00001000\n[    0.000000]   DMA32    0x00001000 -&gt; 0x00100000\n[    0.000000]   Normal   empty\n[    0.000000] Movable zone start PFN for each node\n[    0.000000] early_node_map[2] active PFN ranges\n[    0.000000]     0: 0x00000010 -&gt; 0x0000009f\n[    0.000000]     0: 0x00000100 -&gt; 0x00003ffe\n[    0.000000] ACPI: PM-Timer IO Port: 0xb008\n[    0.000000] ACPI: LAPIC (acpi_id[0x00] lapic_id[0x00] enabled)\n[    0.000000] ACPI: LAPIC_NMI (acpi_id[0xff] dfl dfl lint[0x1])\n[    0.000000] ACPI: IOAPIC (id[0x00] address[0xfec00000] gsi_base[0])\n[    0.000000] IOAPIC[0]: apic_id 0, version 17, address 0xfec00000, GSI 0-23\n[    0.000000] ACPI: INT_SRC_OVR (bus 0 bus_irq 0 global_irq 2 dfl dfl)\n[    0.000000] ACPI: INT_SRC_OVR (bus 0 bus_irq 5 global_irq 5 high level)\n[    0.000000] ACPI: INT_SRC_OVR (bus 0 bus_irq 9 global_irq 9 high level)\n[    0.000000] ACPI: INT_SRC_OVR (bus 0 bus_irq 10 global_irq 10 high level)\n[    0.000000] ACPI: INT_SRC_OVR (bus 0 bus_irq 11 global_irq 11 high level)\n[    0.000000] Using ACPI (MADT) for SMP configuration information\n[    0.000000] ACPI: HPET id: 0x8086a201 base: 0xfed00000\n[    0.000000] SMP: Allowing 1 CPUs, 0 hotplug CPUs\n[    0.000000] PM: Registered nosave memory: 000000000009f000 - 00000000000a0000\n[    0.000000] PM: Registered nosave memory: 00000000000a0000 - 00000000000f0000\n[    0.000000] PM: Registered nosave memory: 00000000000f0000 - 0000000000100000\n[    0.000000] Allocating PCI resources starting at 4000000 (gap: 4000000:fbfc0000)\n[    0.000000] Booting paravirtualized kernel on bare hardware\n[    0.000000] setup_pe
2015-12-16 20:34:26,744 21575 DEBUG    [tempest.scenario.manager] Console output for 54124a2b-f92f-4058-a309-a447cc9f37bb
body=
[    0.000000] Initializing cgroup subsys cpuset
[    0.000000] Initializing cgroup subsys cpu
[    0.000000] Linux version 3.2.0-80-virtual (buildd@batsu) (gcc version 4.6.3 (Ubuntu/Linaro 4.6.3-1ubuntu5) ) #116-Ubuntu SMP Mon Mar 23 17:28:52 UTC 2015 (Ubuntu 3.2.0-80.116-virtual 3.2.68)
[    0.000000] Command line: root=/dev/vda console=tty0 console=ttyS0 no_timer_check
[    0.000000] KERNEL supported cpus:
[    0.000000]   Intel GenuineIntel
[    0.000000]   AMD AuthenticAMD
[    0.000000]   Centaur CentaurHauls
[    0.000000] BIOS-provided physical RAM map:
[    0.000000]  BIOS-e820: 0000000000000000 - 000000000009fc00 (usable)
[    0.000000]  BIOS-e820: 000000000009fc00 - 00000000000a0000 (reserved)
[    0.000000]  BIOS-e820: 00000000000f0000 - 0000000000100000 (reserved)
[    0.000000]  BIOS-e820: 0000000000100000 - 0000000003ffe000 (usable)
[    0.000000]  BIOS-e820: 0000000003ffe000 - 0000000004000000 (reserved)
[    0.000000]  BIOS-e820: 00000000fffc0000 - 0000000100000000 (reserved)
[    0.000000] NX (Execute Disable) protection: active
[    0.000000] SMBIOS 2.4 present.
[    0.000000] No AGP bridge found
[    0.000000] last_pfn = 0x3ffe max_arch_pfn = 0x400000000
[    0.000000] x86 PAT enabled: cpu 0, old 0x7040600070406, new 0x7010600070106
[    0.000000] found SMP MP-table at [ffff8800000f0b00] f0b00
[    0.000000] init_memory_mapping: 0000000000000000-0000000003ffe000
[    0.000000] RAMDISK: 03c5e000 - 03ff0000
[    0.000000] ACPI: RSDP 00000000000f0950 00014 (v00 BOCHS )
[    0.000000] ACPI: RSDT 0000000003fffbc1 00034 (v01 BOCHS  BXPCRSDT 00000001 BXPC 00000001)
[    0.000000] ACPI: FACP 0000000003fff1c0 00074 (v01 BOCHS  BXPCFACP 00000001 BXPC 00000001)
[    0.000000] ACPI: DSDT 0000000003ffe040 01180 (v01 BOCHS  BXPCDSDT 00000001 BXPC 00000001)
[    0.000000] ACPI: FACS 0000000003ffe000 00040
[    0.000000] ACPI: SSDT 0000000003fff234 008DD (v01 BOCHS  BXPCSSDT 00000001 BXPC 00000001)
[    0.000000] ACPI: APIC 0000000003fffb11 00078 (v01 BOCHS  BXPCAPIC 00000001 BXPC 00000001)
[    0.000000] ACPI: HPET 0000000003fffb89 00038 (v01 BOCHS  BXPCHPET 00000001 BXPC 00000001)
[    0.000000] No NUMA configuration found
[    0.000000] Faking a node at 0000000000000000-0000000003ffe000
[    0.000000] Initmem setup node 0 0000000000000000-0000000003ffe000
[    0.000000]   NODE_DATA [0000000003ff6000 - 0000000003ffafff]
[    0.000000] Zone PFN ranges:
[    0.000000]   DMA      0x00000010 -&gt; 0x00001000
[    0.000000]   DMA32    0x00001000 -&gt; 0x00100000
[    0.000000]   Normal   empty
[    0.000000] Movable zone start PFN for each node
[    0.000000] early_node_map[2] active PFN ranges
[    0.000000]     0: 0x00000010 -&gt; 0x0000009f
[    0.000000]     0: 0x00000100 -&gt; 0x00003ffe
[    0.000000] ACPI: PM-Timer IO Port: 0xb008
[    0.000000] ACPI: LAPIC (acpi_id[0x00] lapic_id[0x00] enabled)
[    0.000000] ACPI: LAPIC_NMI (acpi_id[0xff] dfl dfl lint[0x1])
[    0.000000] ACPI: IOAPIC (id[0x00] address[0xfec00000] gsi_base[0])
[    0.000000] IOAPIC[0]: apic_id 0, version 17, address 0xfec00000, GSI 0-23
[    0.000000] ACPI: INT_SRC_OVR (bus 0 bus_irq 0 global_irq 2 dfl dfl)
[    0.000000] ACPI: INT_SRC_OVR (bus 0 bus_irq 5 global_irq 5 high level)
[    0.000000] ACPI: INT_SRC_OVR (bus 0 bus_irq 9 global_irq 9 high level)
[    0.000000] ACPI: INT_SRC_OVR (bus 0 bus_irq 10 global_irq 10 high level)
[    0.000000] ACPI: INT_SRC_OVR (bus 0 bus_irq 11 global_irq 11 high level)
[    0.000000] Using ACPI (MADT) for SMP configuration information
[    0.000000] ACPI: HPET id: 0x8086a201 base: 0xfed00000
[    0.000000] SMP: Allowing 1 CPUs, 0 hotplug CPUs
[    0.000000] PM: Registered nosave memory: 000000000009f000 - 00000000000a0000
[    0.000000] PM: Registered nosave memory: 00000000000a0000 - 00000000000f0000
[    0.000000] PM: Registered nosave memory: 00000000000f0000 - 0000000000100000
[    0.000000] Allocating PCI resources starting at 4000000 (gap: 4000000:fbfc0000)
[    0.000000] Booting paravirtualized kernel on bare hardware
[    0.000000] setup_percpu: NR_CPUS:64 nr_cpumask_bits:64 nr_cpu_ids:1 nr_node_ids:1
[    0.000000] PERCPU: Embedded 27 pages/cpu @ffff880003a00000 s78848 r8192 d23552 u2097152
[    0.000000] Built 1 zonelists in Node order, mobility grouping on.  Total pages: 16008
[    0.000000] Policy zone: DMA32
[    0.000000] Kernel command line: root=/dev/vda console=tty0 console=ttyS0 no_timer_check
[    0.000000] PID hash table entries: 256 (order: -1, 2048 bytes)
[    0.000000] Checking aperture...
[    0.000000] No AGP bridge found
[    0.000000] Memory: 43492k/65528k available (6576k kernel code, 452k absent, 21584k reserved, 6620k data, 928k init)
[    0.000000] SLUB: Genslabs=15, HWalign=64, Order=0-3, MinObjects=0, CPUs=1, Nodes=1
[    0.000000] Hierarchical RCU implementation.
[    0.000000] 	RCU dyntick-idle grace-period acceleration is enabled.
[    0.000000] NR_IRQS:4352 nr_irqs:256 16
[    0.000000] Console: colour VGA+ 80x25
[    0.000000] console [tty0] enabled
[    0.000000] console [ttyS0] enabled
[    0.000000] allocated 1048576 bytes of page_cgroup
[    0.000000] please try 'cgroup_disable=memory' option if you don't want memory cgroups
[    0.000000] Fast TSC calibration failed
[    0.000000] TSC: Unable to calibrate against PIT
[    0.000000] TSC: using HPET reference calibration
[    0.000000] Detected 2294.551 MHz processor.
[    0.028801] Calibrating delay loop (skipped), value calculated using timer frequency.. 4589.10 BogoMIPS (lpj=9178204)
[    0.032765] pid_max: default: 32768 minimum: 301
[    0.041122] Security Framework initialized
[    0.046311] AppArmor: AppArmor initialized
[    0.047011] Yama: becoming mindful.
[    0.057846] Dentry cache hash table entries: 8192 (order: 4, 65536 bytes)
[    0.060191] Inode-cache hash table entries: 4096 (order: 3, 32768 bytes)
[    0.061647] Mount-cache hash table entries: 256
[    0.078786] Initializing cgroup subsys cpuacct
[    0.080165] Initializing cgroup subsys memory
[    0.081981] Initializing cgroup subsys devices
[    0.084168] Initializing cgroup subsys freezer
[    0.084921] Initializing cgroup subsys blkio
[    0.085668] Initializing cgroup subsys perf_event
[    0.089359] mce: CPU supports 10 MCE banks
[    0.093277] SMP alternatives: switching to UP code
[    0.454374] Freeing SMP alternatives: 24k freed
[    0.456441] ACPI: Core revision 20110623
[    0.500453] ftrace: allocating 26610 entries in 105 pages
[    0.530375] ..TIMER: vector=0x30 apic1=0 pin1=2 apic2=-1 pin2=-1
[    0.532185] CPU0: AMD QEMU Virtual CPU version 2.0.0 stepping 03
[    0.536032] Performance Events: Broken PMU hardware detected, using software events only.
[    0.545938] NMI watchdog disabled (cpu0): hardware events not enabled
[    0.548515] Brought up 1 CPUs
[    0.549198] Total of 1 processors activated (4589.10 BogoMIPS).
[    0.573250] devtmpfs: initialized
[    0.603471] EVM: security.selinux
[    0.604081] EVM: security.SMACK64
[    0.604685] EVM: security.capability
[    0.624514] print_constraints: dummy: 
[    0.626980] RTC time: 20:32:26, date: 12/16/15
[    0.629556] NET: Registered protocol family 16
[    0.638338] ACPI: bus type pci registered
[    0.642556] PCI: Using configuration type 1 for base access
[    0.673268] bio: create slab &lt;bio-0&gt; at 0
[    0.677389] ACPI: Added _OSI(Module Device)
[    0.678088] ACPI: Added _OSI(Processor Device)
[    0.678642] ACPI: Added _OSI(3.0 _SCP Extensions)
[    0.679264] ACPI: Added _OSI(Processor Aggregator Device)
[    0.755105] ACPI: Interpreter enabled
[    0.756188] ACPI: (supports S0 S3 S4 S5)
[    0.757948] ACPI: Using IOAPIC for interrupt routing
[    0.828572] ACPI: No dock devices found.
[    0.829182] HEST: Table not found.
[    0.829751] PCI: Using host bridge windows from ACPI; if necessary, use "pci=nocrs" and report a bug
[    0.837420] ACPI: PCI Root Bridge [PCI0] (domain 0000 [bus 00-ff])
[    0.844044] pci_root PNP0A03:00: host bridge window [io  0x0000-0x0cf7]
[    0.844125] pci_root PNP0A03:00: host bridge window [io  0x0d00-0xadff]
[    0.844971] pci_root PNP0A03:00: host bridge window [io  0xae0f-0xaeff]
[    0.845896] pci_root PNP0A03:00: host bridge window [io  0xaf20-0xafdf]
[    0.848154] pci_root PNP0A03:00: host bridge window [io  0xafe4-0xffff]
[    0.849778] pci_root PNP0A03:00: host bridge window [mem 0x000a0000-0x000bffff]
[    0.852148] pci_root PNP0A03:00: host bridge window [mem 0x04000000-0xfebfffff]
[    0.880597] pci 0000:00:01.3: quirk: [io  0xb000-0xb03f] claimed by PIIX4 ACPI
[    0.881630] pci 0000:00:01.3: quirk: [io  0xb100-0xb10f] claimed by PIIX4 SMB
[    0.948302]  pci0000:00: Unable to request _OSC control (_OSC support mask: 0x1e)
[    1.004184] ACPI: PCI Interrupt Link [LNKA] (IRQs 5 *10 11)
[    1.006338] ACPI: PCI Interrupt Link [LNKB] (IRQs 5 *10 11)
[    1.009033] ACPI: PCI Interrupt Link [LNKC] (IRQs 5 10 *11)
[    1.012277] ACPI: PCI Interrupt Link [LNKD] (IRQs 5 10 *11)
[    1.013625] ACPI: PCI Interrupt Link [LNKS] (IRQs *9)
[    1.019292] vgaarb: device added: PCI:0000:00:02.0,decodes=io+mem,owns=io+mem,locks=none
[    1.020213] vgaarb: loaded
[    1.020635] vgaarb: bridge control possible 0000:00:02.0
[    1.025229] i2c-core: driver [aat2870] using legacy suspend method
[    1.026213] i2c-core: driver [aat2870] using legacy resume method
[    1.029459] SCSI subsystem initialized
[    1.033377] usbcore: registered new interface driver usbfs
[    1.034755] usbcore: registered new interface driver hub
[    1.036810] usbcore: registered new device driver usb
[    1.040837] PCI: Using ACPI for IRQ routing
[    1.053140] NetLabel: Initializing
[    1.053630] NetLabel:  domain hash size = 128
[    1.054211] NetLabel:  protocols = UNLABELED CIPSOv4
[    1.056671] NetLabel:  unlabeled traffic allowed by default
[    1.060361] HPET: 3 timers in total, 0 timers will be used for per-cpu timer
[    1.061660] hpet0: at MMIO 0xfed00000, IRQs 2, 8, 0
[    1.062534] hpet0: 3 comparators, 64-bit 100.000000 MHz counter
[    1.078443] Switching to clocksource hpet
[    1.323803] AppArmor: AppArmor Filesystem Enabled
[    1.326489] pnp: PnP ACPI init
[    1.327612] ACPI: bus type pnp registered
[    1.350109] pnp: PnP ACPI: found 9 devices
[    1.350738] ACPI: ACPI bus type pnp unregistered
[    1.418896] NET: Registered protocol family 2
[    1.453724] IP route cache hash table entries: 512 (order: 0, 4096 bytes)
[    1.460118] TCP established hash table entries: 2048 (order: 3, 32768 bytes)
[    1.461776] TCP bind hash table entries: 2048 (order: 3, 32768 bytes)
[    1.462912] TCP: Hash tables configured (established 2048 bind 2048)
[    1.463718] TCP reno registered
[    1.464909] UDP hash table entries: 128 (order: 0, 4096 bytes)
[    1.465927] UDP-Lite hash table entries: 128 (order: 0, 4096 bytes)
[    1.469413] NET: Registered protocol family 1
[    1.470112] pci 0000:00:00.0: Limiting direct PCI/PCI transfers
[    1.470889] pci 0000:00:01.0: PIIX3: Enabling Passive Release
[    1.471745] pci 0000:00:01.0: Activating ISA DMA hang workarounds
[    1.477856] ACPI: PCI Interrupt Link [LNKD] enabled at IRQ 11
[    1.478509] pci 0000:00:01.2: PCI INT D -&gt; Link[LNKD] -&gt; GSI 11 (level, high) -&gt; IRQ 11
[    1.481944] pci 0000:00:01.2: PCI INT D disabled
[    1.500243] Trying to unpack rootfs image as initramfs...
[    1.522807] audit: initializing netlink socket (disabled)
[    1.526560] type=2000 audit(1450297946.524:1): initialized
[    1.810292] HugeTLB registered 2 MB page size, pre-allocated 0 pages
[    1.898898] VFS: Disk quotas dquot_6.5.2
[    1.901174] Dquot-cache hash table entries: 512 (order 0, 4096 bytes)
[    1.915803] fuse init (API version 7.17)
[    1.926046] msgmni has been set to 84
[    1.957048] Block layer SCSI generic (bsg) driver version 0.4 loaded (major 253)
[    1.965716] io scheduler noop registered
[    1.966469] io scheduler deadline registered (default)
[    1.967639] io scheduler cfq registered
[    1.971067] pci_hotplug: PCI Hot Plug PCI Core version: 0.5
[    1.973793] pciehp: PCI Express Hot Plug Controller Driver version: 0.4
[    1.979363] input: Power Button as /devices/LNXSYSTM:00/LNXPWRBN:00/input/input0
[    1.981710] ACPI: Power Button [PWRF]
[    2.029610] ERST: Table is not found!
[    2.030182] GHES: HEST is not enabled!
[    2.038876] ACPI: PCI Interrupt Link [LNKC] enabled at IRQ 10
[    2.039628] virtio-pci 0000:00:03.0: PCI INT A -&gt; Link[LNKC] -&gt; GSI 10 (level, high) -&gt; IRQ 10
[    2.043308] virtio-pci 0000:00:04.0: PCI INT A -&gt; Link[LNKD] -&gt; GSI 11 (level, high) -&gt; IRQ 11
[    2.054299] ACPI: PCI Interrupt Link [LNKA] enabled at IRQ 10
[    2.055007] virtio-pci 0000:00:05.0: PCI INT A -&gt; Link[LNKA] -&gt; GSI 10 (level, high) -&gt; IRQ 10
[    2.065691] Serial: 8250/16550 driver, 32 ports, IRQ sharing enabled
[    2.109781] serial8250: ttyS0 at I/O 0x3f8 (irq = 4) is a 16550A
[    2.197495] serial8250: ttyS1 at I/O 0x2f8 (irq = 3) is a 16550A
[    2.321374] 00:05: ttyS0 at I/O 0x3f8 (irq = 4) is a 16550A
[    2.399091] 00:06: ttyS1 at I/O 0x2f8 (irq = 3) is a 16550A
[    2.456952] Linux agpgart interface v0.103
[    2.485851] Refined TSC clocksource calibration: 2294.539 MHz.
[    2.486980] Switching to clocksource tsc
[    2.525323] brd: module loaded
[    2.556462] loop: module loaded
[    2.627211]  vda: unknown partition table
[    2.705956] scsi0 : ata_piix
[    2.718330] scsi1 : ata_piix
[    2.719634] ata1: PATA max MWDMA2 cmd 0x1f0 ctl 0x3f6 bmdma 0xc0a0 irq 14
[    2.721393] ata2: PATA max MWDMA2 cmd 0x170 ctl 0x376 bmdma 0xc0a8 irq 15
[    2.732020] Fixed MDIO Bus: probed
[    2.733752] tun: Universal TUN/TAP device driver, 1.6
[    2.734348] tun: (C) 1999-2004 Max Krasnyansky &lt;maxk@qualcomm.com&gt;
[    2.748130] PPP generic driver version 2.4.2
[    2.769228] ehci_hcd: USB 2.0 'Enhanced' Host Controller (EHCI) Driver
[    2.770322] ohci_hcd: USB 1.1 'Open' Host Controller (OHCI) Driver
[    2.771370] uhci_hcd: USB Universal Host Controller Interface driver
[    2.773458] uhci_hcd 0000:00:01.2: PCI INT D -&gt; Link[LNKD] -&gt; GSI 11 (level, high) -&gt; IRQ 11
[    2.776088] uhci_hcd 0000:00:01.2: UHCI Host Controller
[    2.794298] uhci_hcd 0000:00:01.2: new USB bus registered, assigned bus number 1
[    2.797074] uhci_hcd 0000:00:01.2: irq 11, io base 0x0000c040
[    2.825865] hub 1-0:1.0: USB hub found
[    2.827713] hub 1-0:1.0: 2 ports detected
[    2.834936] usbcore: registered new interface driver libusual
[    2.839496] i8042: PNP: PS/2 Controller [PNP0303:KBD,PNP0f13:MOU] at 0x60,0x64 irq 1,12
[    2.847618] serio: i8042 KBD port at 0x60,0x64 irq 1
[    2.850325] serio: i8042 AUX port at 0x60,0x64 irq 12
[    2.896255] mousedev: PS/2 mouse device common for all mice
[    2.913380] input: AT Translated Set 2 keyboard as /devices/platform/i8042/serio0/input/input1
[    2.931689] rtc_cmos 00:01: RTC can wake from S4
[    2.957452] ata2.01: ATAPI: QEMU DVD-ROM, 2.0.0, max UDMA/100
[    2.967364] rtc_cmos 00:01: rtc core: registered rtc_cmos as rtc0
[    2.971891] rtc0: alarms up to one day, 114 bytes nvram, hpet irqs
[    2.975633] device-mapper: uevent: version 1.0.3
[    2.985580] ata2.01: configured for MWDMA2
[    3.023282] device-mapper: ioctl: 4.22.0-ioctl (2011-10-19) initialised: dm-devel@redhat.com
[    3.025862] cpuidle: using governor ladder
[    3.026444] cpuidle: using governor menu
[    3.027504] EFI Variables Facility v0.08 2004-May-17
[    3.038104] TCP cubic registered
[    3.043006] NET: Registered protocol family 10
[    3.083897] NET: Registered protocol family 17
[    3.086670] Registering the dns_resolver key type
[    3.121748] scsi 1:0:1:0: CD-ROM            QEMU     QEMU DVD-ROM     2.0. PQ: 0 ANSI: 5
[    3.157626] sr0: scsi3-mmc drive: 4x/4x cd/rw xa/form2 tray
[    3.160139] cdrom: Uniform CD-ROM driver Revision: 3.20
[    3.195847] sr 1:0:1:0: Attached scsi generic sg0 type 5
[    3.242567] registered taskstats version 1
[    3.334447] Freeing initrd memory: 3656k freed
[    3.843284]   Magic number: 11:838:548
[    3.859979] tty ttyS24: hash matches
[    3.870152] rtc_cmos 00:01: setting system clock to 2015-12-16 20:32:29 UTC (1450297949)
[    3.874077] powernow-k8: Processor cpuid 663 not supported
[    3.878894] BIOS EDD facility v0.16 2004-Jun-25, 0 devices found
[    3.879698] EDD information not available.
[    3.930108] Freeing unused kernel memory: 928k freed
[    3.934585] Write protecting the kernel read-only data: 12288k
[    4.025789] Freeing unused kernel memory: 1596k freed
[    4.087838] Freeing unused kernel memory: 1184k freed

info: initramfs: up at 4.27
modprobe: module virtio_blk not found in modules.dep
modprobe: module virtio_net not found in modules.dep
info: copying initramfs to /dev/vda
info: initramfs loading root from /dev/vda
info: /etc/init.d/rc.sysinit: up at 8.92
info: container: none
Starting logging: OK
modprobe: module virtio_blk not found in modules.dep
modprobe: module virtio_net not found in modules.dep
WARN: /etc/rc3.d/S10-load-modules failed
Initializing random number generator... done.
Starting acpid: OK
cirros-ds 'local' up at 11.52
found datasource (configdrive, local)
Starting network...
udhcpc (v1.20.1) started
Sending discover...
Sending discover...

2015-12-16 20:34:27,010 21575 INFO     [tempest_lib.common.rest_client] Request (TestNetworkAdvancedServerOps:_run_cleanups): 204 DELETE http://10.0.2.15:9696/v2.0/floatingips/9a67ea18-e173-4b6c-8165-48c8c79011fa 0.260s
2015-12-16 20:34:27,010 21575 DEBUG    [tempest_lib.common.rest_client] Request - Headers: {'Content-Type': 'application/json', 'Accept': 'application/json', 'X-Auth-Token': '&lt;omitted&gt;'}
        Body: None
    Response - Headers: {'date': 'Wed, 16 Dec 2015 20:34:27 GMT', 'status': '204', 'connection': 'close', 'content-length': '0', 'x-openstack-request-id': 'req-b6ef13d9-3eff-45e0-8737-7346d6033392'}
        Body: 
2015-12-16 20:34:27,278 21575 INFO     [tempest_lib.common.rest_client] Request (TestNetworkAdvancedServerOps:_run_cleanups): 204 DELETE http://10.0.2.15:8774/v2.1/91fc1eee6b1144e5b37f2d3ed7f65853/servers/54124a2b-f92f-4058-a309-a447cc9f37bb 0.267s
2015-12-16 20:34:27,279 21575 DEBUG    [tempest_lib.common.rest_client] Request - Headers: {'Content-Type': 'application/json', 'Accept': 'application/json', 'X-Auth-Token': '&lt;omitted&gt;'}
        Body: None
    Response - Headers: {'status': '204', 'content-length': '0', 'x-compute-request-id': 'req-abe13d34-165f-4921-93b7-45382a7c146a', 'vary': 'X-OpenStack-Nova-API-Version', 'connection': 'close', 'x-openstack-nova-api-version': '2.1', 'date': 'Wed, 16 Dec 2015 20:34:27 GMT', 'content-type': 'application/json'}
        Body: 
2015-12-16 20:34:27,510 21575 INFO     [tempest_lib.common.rest_client] Request (TestNetworkAdvancedServerOps:_run_cleanups): 200 GET http://10.0.2.15:8774/v2.1/91fc1eee6b1144e5b37f2d3ed7f65853/servers/54124a2b-f92f-4058-a309-a447cc9f37bb 0.229s
2015-12-16 20:34:27,510 21575 DEBUG    [tempest_lib.common.rest_client] Request - Headers: {'Content-Type': 'application/json', 'Accept': 'application/json', 'X-Auth-Token': '&lt;omitted&gt;'}
        Body: None
    Response - Headers: {'status': '200', 'content-length': '1782', 'content-location': 'http://10.0.2.15:8774/v2.1/91fc1eee6b1144e5b37f2d3ed7f65853/servers/54124a2b-f92f-4058-a309-a447cc9f37bb', 'x-compute-request-id': 'req-d643222b-0f6c-4b3a-9787-8882bd4283f8', 'vary': 'X-OpenStack-Nova-API-Version', 'connection': 'close', 'x-openstack-nova-api-version': '2.1', 'date': 'Wed, 16 Dec 2015 20:34:27 GMT', 'content-type': 'application/json'}
        Body: {"server": {"status": "ACTIVE", "updated": "2015-12-16T20:34:27Z", "hostId": "4ec9755b815200a1bd2533c3b5ec1e8a0a6d741e79a6dec2643e53d3", "addresses": {"tempest-network-smoke--30290092": [{"OS-EXT-IPS-MAC:mac_addr": "fa:16:3e:53:67:6c", "version": 4, "addr": "10.100.0.3", "OS-EXT-IPS:type": "fixed"}, {"OS-EXT-IPS-MAC:mac_addr": "fa:16:3e:53:67:6c", "version": 4, "addr": "172.24.4.4", "OS-EXT-IPS:type": "floating"}]}, "links": [{"href": "http://10.0.2.15:8774/v2.1/91fc1eee6b1144e5b37f2d3ed7f65853/servers/54124a2b-f92f-4058-a309-a447cc9f37bb", "rel": "self"}, {"href": "http://10.0.2.15:8774/91fc1eee6b1144e5b37f2d3ed7f65853/servers/54124a2b-f92f-4058-a309-a447cc9f37bb", "rel": "bookmark"}], "key_name": "tempest-TestNetworkAdvancedServerOps-159455337", "image": {"id": "ba2a04d3-97e5-4ade-9ad9-7d2c710a6bdf", "links": [{"href": "http://10.0.2.15:8774/91fc1eee6b1144e5b37f2d3ed7f65853/images/ba2a04d3-97e5-4ade-9ad9-7d2c710a6bdf", "rel": "bookmark"}]}, "OS-EXT-STS:task_state": "deleting", "OS-EXT-STS:vm_state": "active", "OS-SRV-USG:launched_at": "2015-12-16T20:32:22.000000", "flavor": {"id": "42", "links": [{"href": "http://10.0.2.15:8774/91fc1eee6b1144e5b37f2d3ed7f65853/flavors/42", "rel": "bookmark"}]}, "id": "54124a2b-f92f-4058-a309-a447cc9f37bb", "security_groups": [{"name": "tempest-secgroup-smoke-1379055306"}], "OS-SRV-USG:terminated_at": null, "OS-EXT-AZ:availability_zone": "nova", "user_id": "ade84197d3b9434fa70034cf84728c2c", "name": "tempest.common.compute-instance-477561144", "created": "2015-12-16T20:32:19Z", "tenant_id": "91fc1eee6b1144e5b37f2d3ed7f65853", "OS-DCF:diskConfig": "MANUAL", "os-extended-volumes:volumes_attached": [], "accessIPv4": "", "accessIPv6": "", "progress": 0, "OS-EXT-STS:power_state": 1, "config_drive": "True", "metadata": {}}}
2015-12-16 20:34:28,669 21575 INFO     [tempest_lib.common.rest_client] Request (TestNetworkAdvancedServerOps:_run_cleanups): 200 GET http://10.0.2.15:8774/v2.1/91fc1eee6b1144e5b37f2d3ed7f65853/servers/54124a2b-f92f-4058-a309-a447cc9f37bb 0.140s
2015-12-16 20:34:28,669 21575 DEBUG    [tempest_lib.common.rest_client] Request - Headers: {'Content-Type': 'application/json', 'Accept': 'application/json', 'X-Auth-Token': '&lt;omitted&gt;'}
        Body: None
    Response - Headers: {'status': '200', 'content-length': '1448', 'content-location': 'http://10.0.2.15:8774/v2.1/91fc1eee6b1144e5b37f2d3ed7f65853/servers/54124a2b-f92f-4058-a309-a447cc9f37bb', 'x-compute-request-id': 'req-f760c76f-93cd-4fe1-a2cf-b39a2e1bd116', 'vary': 'X-OpenStack-Nova-API-Version', 'connection': 'close', 'x-openstack-nova-api-version': '2.1', 'date': 'Wed, 16 Dec 2015 20:34:28 GMT', 'content-type': 'application/json'}
        Body: {"server": {"status": "ACTIVE", "updated": "2015-12-16T20:34:28Z", "hostId": "4ec9755b815200a1bd2533c3b5ec1e8a0a6d741e79a6dec2643e53d3", "addresses": {}, "links": [{"href": "http://10.0.2.15:8774/v2.1/91fc1eee6b1144e5b37f2d3ed7f65853/servers/54124a2b-f92f-4058-a309-a447cc9f37bb", "rel": "self"}, {"href": "http://10.0.2.15:8774/91fc1eee6b1144e5b37f2d3ed7f65853/servers/54124a2b-f92f-4058-a309-a447cc9f37bb", "rel": "bookmark"}], "key_name": "tempest-TestNetworkAdvancedServerOps-159455337", "image": {"id": "ba2a04d3-97e5-4ade-9ad9-7d2c710a6bdf", "links": [{"href": "http://10.0.2.15:8774/91fc1eee6b1144e5b37f2d3ed7f65853/images/ba2a04d3-97e5-4ade-9ad9-7d2c710a6bdf", "rel": "bookmark"}]}, "OS-EXT-STS:task_state": "deleting", "OS-EXT-STS:vm_state": "active", "OS-SRV-USG:launched_at": "2015-12-16T20:32:22.000000", "flavor": {"id": "42", "links": [{"href": "http://10.0.2.15:8774/91fc1eee6b1144e5b37f2d3ed7f65853/flavors/42", "rel": "bookmark"}]}, "id": "54124a2b-f92f-4058-a309-a447cc9f37bb", "OS-SRV-USG:terminated_at": null, "OS-EXT-AZ:availability_zone": "nova", "user_id": "ade84197d3b9434fa70034cf84728c2c", "name": "tempest.common.compute-instance-477561144", "created": "2015-12-16T20:32:19Z", "tenant_id": "91fc1eee6b1144e5b37f2d3ed7f65853", "OS-DCF:diskConfig": "MANUAL", "os-extended-volumes:volumes_attached": [], "accessIPv4": "", "accessIPv6": "", "progress": 0, "OS-EXT-STS:power_state": 1, "config_drive": "True", "metadata": {}}}
2015-12-16 20:34:29,754 21575 INFO     [tempest_lib.common.rest_client] Request (TestNetworkAdvancedServerOps:_run_cleanups): 404 GET http://10.0.2.15:8774/v2.1/91fc1eee6b1144e5b37f2d3ed7f65853/servers/54124a2b-f92f-4058-a309-a447cc9f37bb 0.073s
2015-12-16 20:34:29,754 21575 DEBUG    [tempest_lib.common.rest_client] Request - Headers: {'Content-Type': 'application/json', 'Accept': 'application/json', 'X-Auth-Token': '&lt;omitted&gt;'}
        Body: None
    Response - Headers: {'status': '404', 'content-length': '111', 'x-compute-request-id': 'req-88f44d61-5f13-4a0b-ae0b-c438cf036ffc', 'vary': 'X-OpenStack-Nova-API-Version', 'connection': 'close', 'x-openstack-nova-api-version': '2.1', 'date': 'Wed, 16 Dec 2015 20:34:29 GMT', 'content-type': 'application/json; charset=UTF-8'}
        Body: {"itemNotFound": {"message": "Instance 54124a2b-f92f-4058-a309-a447cc9f37bb could not be found.", "code": 404}}
2015-12-16 20:34:30,173 21575 INFO     [tempest_lib.common.rest_client] Request (TestNetworkAdvancedServerOps:_run_cleanups): 200 PUT http://10.0.2.15:9696/v2.0/routers/1973debd-e8e8-4c92-b351-6decd7b5f72e/remove_router_interface 0.418s
2015-12-16 20:34:30,174 21575 DEBUG    [tempest_lib.common.rest_client] Request - Headers: {'Content-Type': 'application/json', 'Accept': 'application/json', 'X-Auth-Token': '&lt;omitted&gt;'}
        Body: {"subnet_id": "2d1aab06-6ae6-4c5c-abb2-528084cf0192"}
    Response - Headers: {'status': '200', 'content-length': '255', 'connection': 'close', 'date': 'Wed, 16 Dec 2015 20:34:30 GMT', 'content-type': 'application/json; charset=UTF-8', 'x-openstack-request-id': 'req-6c9ae287-cf06-48ed-86e4-b3fb771ef975'}
        Body: {"subnet_id": "2d1aab06-6ae6-4c5c-abb2-528084cf0192", "tenant_id": "91fc1eee6b1144e5b37f2d3ed7f65853", "subnet_ids": ["2d1aab06-6ae6-4c5c-abb2-528084cf0192"], "port_id": "063fcf5f-67bb-4df1-9e44-f0518d538887", "id": "1973debd-e8e8-4c92-b351-6decd7b5f72e"}
2015-12-16 20:34:30,730 21575 INFO     [tempest_lib.common.rest_client] Request (TestNetworkAdvancedServerOps:_run_cleanups): 204 DELETE http://10.0.2.15:9696/v2.0/subnets/2d1aab06-6ae6-4c5c-abb2-528084cf0192 0.555s
2015-12-16 20:34:30,730 21575 DEBUG    [tempest_lib.common.rest_client] Request - Headers: {'Content-Type': 'application/json', 'Accept': 'application/json', 'X-Auth-Token': '&lt;omitted&gt;'}
        Body: None
    Response - Headers: {'date': 'Wed, 16 Dec 2015 20:34:30 GMT', 'status': '204', 'connection': 'close', 'content-length': '0', 'x-openstack-request-id': 'req-f79f9166-9504-464a-85b2-da65e04246fd'}
        Body: 
2015-12-16 20:34:30,802 21575 INFO     [tempest_lib.common.rest_client] Request (TestNetworkAdvancedServerOps:_run_cleanups): 200 GET http://10.0.2.15:9696/v2.0/routers/1973debd-e8e8-4c92-b351-6decd7b5f72e 0.071s
2015-12-16 20:34:30,802 21575 DEBUG    [tempest_lib.common.rest_client] Request - Headers: {'Content-Type': 'application/json', 'Accept': 'application/json', 'X-Auth-Token': '&lt;omitted&gt;'}
        Body: None
    Response - Headers: {'status': '200', 'content-length': '563', 'content-location': 'http://10.0.2.15:9696/v2.0/routers/1973debd-e8e8-4c92-b351-6decd7b5f72e', 'connection': 'close', 'date': 'Wed, 16 Dec 2015 20:34:30 GMT', 'content-type': 'application/json; charset=UTF-8', 'x-openstack-request-id': 'req-0a427d51-f57c-4c33-a14b-e156ef9eaf8b'}
        Body: {"router": {"status": "ACTIVE", "external_gateway_info": {"network_id": "b6d04e7e-bab6-442b-88e0-04ad73cf2166", "enable_snat": true, "external_fixed_ips": [{"subnet_id": "fd6e5728-243e-46aa-b86c-931ddc45bb12", "ip_address": "172.24.4.3"}, {"subnet_id": "1ba987dc-3f84-4290-bf05-8dc7f7b2fc3e", "ip_address": "2001:db8::3"}]}, "availability_zone_hints": [], "availability_zones": ["nova"], "name": "tempest-router-smoke-936154112", "admin_state_up": true, "tenant_id": "91fc1eee6b1144e5b37f2d3ed7f65853", "routes": [], "id": "1973debd-e8e8-4c92-b351-6decd7b5f72e"}}
2015-12-16 20:34:31,269 21575 INFO     [tempest_lib.common.rest_client] Request (TestNetworkAdvancedServerOps:_run_cleanups): 200 PUT http://10.0.2.15:9696/v2.0/routers/1973debd-e8e8-4c92-b351-6decd7b5f72e 0.466s
2015-12-16 20:34:31,269 21575 DEBUG    [tempest_lib.common.rest_client] Request - Headers: {'Content-Type': 'application/json', 'Accept': 'application/json', 'X-Auth-Token': '&lt;omitted&gt;'}
        Body: {"router": {"external_gateway_info": {}, "name": "tempest-router-smoke-936154112", "admin_state_up": true}}
    Response - Headers: {'status': '200', 'content-length': '301', 'connection': 'close', 'date': 'Wed, 16 Dec 2015 20:34:31 GMT', 'content-type': 'application/json; charset=UTF-8', 'x-openstack-request-id': 'req-6a8e7d01-eb88-461e-9d13-ea94b691b32d'}
        Body: {"router": {"status": "ACTIVE", "external_gateway_info": null, "availability_zone_hints": [], "availability_zones": ["nova"], "name": "tempest-router-smoke-936154112", "admin_state_up": true, "tenant_id": "91fc1eee6b1144e5b37f2d3ed7f65853", "routes": [], "id": "1973debd-e8e8-4c92-b351-6decd7b5f72e"}}
2015-12-16 20:34:31,499 21575 INFO     [tempest_lib.common.rest_client] Request (TestNetworkAdvancedServerOps:_run_cleanups): 204 DELETE http://10.0.2.15:9696/v2.0/routers/1973debd-e8e8-4c92-b351-6decd7b5f72e 0.229s
2015-12-16 20:34:31,499 21575 DEBUG    [tempest_lib.common.rest_client] Request - Headers: {'Content-Type': 'application/json', 'Accept': 'application/json', 'X-Auth-Token': '&lt;omitted&gt;'}
        Body: None
    Response - Headers: {'date': 'Wed, 16 Dec 2015 20:34:31 GMT', 'status': '204', 'connection': 'close', 'content-length': '0', 'x-openstack-request-id': 'req-4fa946cb-921f-4f67-a8dd-cec8ab34abf9'}
        Body: 
2015-12-16 20:34:31,726 21575 INFO     [tempest_lib.common.rest_client] Request (TestNetworkAdvancedServerOps:_run_cleanups): 204 DELETE http://10.0.2.15:9696/v2.0/networks/64d14305-2c2f-49df-b865-6e4b62252bb8 0.226s
2015-12-16 20:34:31,728 21575 DEBUG    [tempest_lib.common.rest_client] Request - Headers: {'Content-Type': 'application/json', 'Accept': 'application/json', 'X-Auth-Token': '&lt;omitted&gt;'}
        Body: None
    Response - Headers: {'date': 'Wed, 16 Dec 2015 20:34:31 GMT', 'status': '204', 'connection': 'close', 'content-length': '0', 'x-openstack-request-id': 'req-f33b6291-b27e-45f5-9f0d-6cafd0bd6e18'}
        Body: 
2015-12-16 20:34:31,797 21575 INFO     [tempest_lib.common.rest_client] Request (TestNetworkAdvancedServerOps:_run_cleanups): 204 DELETE http://10.0.2.15:9696/v2.0/security-group-rules/91226b18-1651-4a1a-90e4-8868da53cbe3 0.068s
2015-12-16 20:34:31,798 21575 DEBUG    [tempest_lib.common.rest_client] Request - Headers: {'Content-Type': 'application/json', 'Accept': 'application/json', 'X-Auth-Token': '&lt;omitted&gt;'}
        Body: None
    Response - Headers: {'date': 'Wed, 16 Dec 2015 20:34:31 GMT', 'status': '204', 'connection': 'close', 'content-length': '0', 'x-openstack-request-id': 'req-7d2fbe5c-d8f9-494a-ae5c-854d53c242b5'}
        Body: 
2015-12-16 20:34:31,865 21575 INFO     [tempest_lib.common.rest_client] Request (TestNetworkAdvancedServerOps:_run_cleanups): 204 DELETE http://10.0.2.15:9696/v2.0/security-group-rules/2b44250d-8c0e-422c-bf32-bb85687051f8 0.065s
2015-12-16 20:34:31,865 21575 DEBUG    [tempest_lib.common.rest_client] Request - Headers: {'Content-Type': 'application/json', 'Accept': 'application/json', 'X-Auth-Token': '&lt;omitted&gt;'}
        Body: None
    Response - Headers: {'date': 'Wed, 16 Dec 2015 20:34:31 GMT', 'status': '204', 'connection': 'close', 'content-length': '0', 'x-openstack-request-id': 'req-562d4751-fec3-4c98-8472-a79d78ed9b45'}
        Body: 
2015-12-16 20:34:31,928 21575 INFO     [tempest_lib.common.rest_client] Request (TestNetworkAdvancedServerOps:_run_cleanups): 204 DELETE http://10.0.2.15:9696/v2.0/security-group-rules/256f1845-c77d-4150-8cd3-4576db9989ce 0.061s
2015-12-16 20:34:31,929 21575 DEBUG    [tempest_lib.common.rest_client] Request - Headers: {'Content-Type': 'application/json', 'Accept': 'application/json', 'X-Auth-Token': '&lt;omitted&gt;'}
        Body: None
    Response - Headers: {'date': 'Wed, 16 Dec 2015 20:34:31 GMT', 'status': '204', 'connection': 'close', 'content-length': '0', 'x-openstack-request-id': 'req-58a966b1-dc0c-4dca-8c5b-a7454806e0e8'}
        Body: 
2015-12-16 20:34:31,987 21575 INFO     [tempest_lib.common.rest_client] Request (TestNetworkAdvancedServerOps:_run_cleanups): 204 DELETE http://10.0.2.15:9696/v2.0/security-group-rules/2dff228f-1ea0-4c16-a3c7-4464426ae702 0.057s
2015-12-16 20:34:31,988 21575 DEBUG    [tempest_lib.common.rest_client] Request - Headers: {'Content-Type': 'application/json', 'Accept': 'application/json', 'X-Auth-Token': '&lt;omitted&gt;'}
        Body: None
    Response - Headers: {'date': 'Wed, 16 Dec 2015 20:34:31 GMT', 'status': '204', 'connection': 'close', 'content-length': '0', 'x-openstack-request-id': 'req-9bd91a07-44f9-4968-ba76-a01716ffaf42'}
        Body: 
2015-12-16 20:34:32,050 21575 INFO     [tempest_lib.common.rest_client] Request (TestNetworkAdvancedServerOps:_run_cleanups): 204 DELETE http://10.0.2.15:9696/v2.0/security-group-rules/101a6da9-c93b-457c-8a2d-5314eff71401 0.061s
2015-12-16 20:34:32,050 21575 DEBUG    [tempest_lib.common.rest_client] Request - Headers: {'Content-Type': 'application/json', 'Accept': 'application/json', 'X-Auth-Token': '&lt;omitted&gt;'}
        Body: None
    Response - Headers: {'date': 'Wed, 16 Dec 2015 20:34:32 GMT', 'status': '204', 'connection': 'close', 'content-length': '0', 'x-openstack-request-id': 'req-85d139b7-2ef5-4b59-bb89-869adc926562'}
        Body: 
2015-12-16 20:34:32,111 21575 INFO     [tempest_lib.common.rest_client] Request (TestNetworkAdvancedServerOps:_run_cleanups): 204 DELETE http://10.0.2.15:9696/v2.0/security-group-rules/535d31ec-90fa-4108-9f02-10fa6320418f 0.059s
2015-12-16 20:34:32,111 21575 DEBUG    [tempest_lib.common.rest_client] Request - Headers: {'Content-Type': 'application/json', 'Accept': 'application/json', 'X-Auth-Token': '&lt;omitted&gt;'}
        Body: None
    Response - Headers: {'date': 'Wed, 16 Dec 2015 20:34:32 GMT', 'status': '204', 'connection': 'close', 'content-length': '0', 'x-openstack-request-id': 'req-887b0373-d3e8-4fa9-905a-5d0b19ef3ac9'}
        Body: 
2015-12-16 20:34:32,195 21575 INFO     [tempest_lib.common.rest_client] Request (TestNetworkAdvancedServerOps:_run_cleanups): 204 DELETE http://10.0.2.15:9696/v2.0/security-groups/0b6c8661-0d1e-4ce8-aa75-9b1e98078449 0.083s
2015-12-16 20:34:32,196 21575 DEBUG    [tempest_lib.common.rest_client] Request - Headers: {'Content-Type': 'application/json', 'Accept': 'application/json', 'X-Auth-Token': '&lt;omitted&gt;'}
        Body: None
    Response - Headers: {'date': 'Wed, 16 Dec 2015 20:34:32 GMT', 'status': '204', 'connection': 'close', 'content-length': '0', 'x-openstack-request-id': 'req-50c29407-cc8d-4441-8335-a7db7d81bc3f'}
        Body: 
2015-12-16 20:34:32,221 21575 INFO     [tempest_lib.common.rest_client] Request (TestNetworkAdvancedServerOps:_run_cleanups): 202 DELETE http://10.0.2.15:8774/v2.1/91fc1eee6b1144e5b37f2d3ed7f65853/os-keypairs/tempest-TestNetworkAdvancedServerOps-159455337 0.024s
2015-12-16 20:34:32,222 21575 DEBUG    [tempest_lib.common.rest_client] Request - Headers: {'Content-Type': 'application/json', 'Accept': 'application/json', 'X-Auth-Token': '&lt;omitted&gt;'}
        Body: None
    Response - Headers: {'status': '202', 'content-length': '0', 'x-compute-request-id': 'req-d936f528-f002-44fa-bd58-ced9c36df36b', 'vary': 'X-OpenStack-Nova-API-Version', 'connection': 'close', 'x-openstack-nova-api-version': '2.1', 'date': 'Wed, 16 Dec 2015 20:34:32 GMT', 'content-type': 'application/json'}
        Body: 
2015-12-16 20:34:32,318 21575 INFO     [tempest_lib.common.rest_client] Request (TestNetworkAdvancedServerOps:_run_cleanups): 404 GET http://10.0.2.15:8774/v2.1/91fc1eee6b1144e5b37f2d3ed7f65853/servers/54124a2b-f92f-4058-a309-a447cc9f37bb 0.095s
2015-12-16 20:34:32,319 21575 DEBUG    [tempest_lib.common.rest_client] Request - Headers: {'Content-Type': 'application/json', 'Accept': 'application/json', 'X-Auth-Token': '&lt;omitted&gt;'}
        Body: None
    Response - Headers: {'status': '404', 'content-length': '111', 'x-compute-request-id': 'req-343ba345-a6e7-4ccd-821d-53a61d232945', 'vary': 'X-OpenStack-Nova-API-Version', 'connection': 'close', 'x-openstack-nova-api-version': '2.1', 'date': 'Wed, 16 Dec 2015 20:34:32 GMT', 'content-type': 'application/json; charset=UTF-8'}
        Body: {"itemNotFound": {"message": "Instance 54124a2b-f92f-4058-a309-a447cc9f37bb could not be found.", "code": 404}}
}}}

Traceback (most recent call last):
  File "tempest/test.py", line 113, in wrapper
    return f(self, *func_args, **func_kwargs)
  File "tempest/scenario/test_network_advanced_server_ops.py", line 134, in test_server_connectivity_pause_unpause
    server, keypair, floating_ip = self._setup_network_and_servers()
  File "tempest/scenario/test_network_advanced_server_ops.py", line 71, in _setup_network_and_servers
    server, keypair, floating_ip)
  File "tempest/scenario/test_network_advanced_server_ops.py", line 95, in _wait_server_status_and_check_network_connectivity
    self._check_network_connectivity(server, keypair, floating_ip)
  File "tempest/scenario/test_network_advanced_server_ops.py", line 88, in _check_network_connectivity
    servers=[server])
  File "tempest/scenario/manager.py", line 608, in check_public_network_connectivity
    should_connect=should_connect)
  File "tempest/scenario/manager.py", line 592, in check_vm_connectivity
    msg=msg)
  File "/usr/local/lib/python2.7/dist-packages/unittest2/case.py", line 702, in assertTrue
    raise self.failureException(msg)
AssertionError: False is not true : Timed out waiting for 172.24.4.4 to become reachable



        </pre>
    </div>
    <!--css div popup end-->

    </td>
</tr>

<tr id='ft1.2' class='none'>
    <td class='failCase'><div class='testcase'>test_server_connectivity_reboot[compute,id-7b6860c2-afa3-4846-9522-adeb38dfbe08,network]</div></td>
    <td colspan='7' align='left'>

    <!--css div popup start-->
    <a class="popup_link" onfocus='this.blur();'
    href="javascript:showTestDetail('div_ft1.2')" >
        fail</a>

    <div id='div_ft1.2' class="popup_window">
        <div style='text-align: right; color:red;cursor:pointer'>
        <a onfocus='this.blur();'
onclick="document.getElementById('div_ft1.2').style.display = 'none' " >
           [x]</a>
        </div>
        <pre>
        
ft1.2: tempest.scenario.test_network_advanced_server_ops.TestNetworkAdvancedServerOps.test_server_connectivity_reboot[compute,id-7b6860c2-afa3-4846-9522-adeb38dfbe08,network]_StringException: Empty attachments:
  stderr
