<?xml version="1.0" encoding="UTF-8"?>
<!DOCTYPE html PUBLIC "-//W3C//DTD XHTML 1.0 Strict//EN"
     "http://www.w3.org/TR/xhtml1/DTD/xhtml1-strict.dtd">
<html xmlns="http://www.w3.org/1999/xhtml">
<head>
    <title>Unit Test Report</title>
    <meta name="generator" content="subunit2html 0.1"/>
    <meta http-equiv="Content-Type" content="text/html; charset=UTF-8"/>
    
<style type="text/css" media="screen">
body        { font-family: verdana, arial, helvetica, sans-serif;
    font-size: 80%; }
table       { font-size: 100%; width: 100%;}
pre         { font-size: 80%; }

/* -- heading -------------------------------------------------------------- */
h1 {
        font-size: 16pt;
        color: gray;
}
.heading {
    margin-top: 0ex;
    margin-bottom: 1ex;
}

.heading .attribute {
    margin-top: 1ex;
    margin-bottom: 0;
}

.heading .description {
    margin-top: 4ex;
    margin-bottom: 6ex;
}

/* -- css div popup -------------------------------------------------------- */
a.popup_link {
}

a.popup_link:hover {
    color: red;
}

.popup_window {
    display: none;
    overflow-x: scroll;
    /*border: solid #627173 1px; */
    padding: 10px;
    background-color: #E6E6D6;
    font-family: "Ubuntu Mono", "Lucida Console", "Courier New", monospace;
    text-align: left;
    font-size: 8pt;
}

}
/* -- report --------------------------------------------------------------- */
#show_detail_line {
    margin-top: 3ex;
    margin-bottom: 1ex;
}
#result_table {
    width: 100%;
    border-collapse: collapse;
    border: 1px solid #777;
}
#header_row {
    font-weight: bold;
    color: white;
    background-color: #777;
}
#result_table td {
    border: 1px solid #777;
    padding: 2px;
}
#total_row  { font-weight: bold; }
.passClass  { background-color: #6c6; }
.failClass  { background-color: #c60; }
.errorClass { background-color: #c00; }
.passCase   { color: #6c6; }
.failCase   { color: #c60; font-weight: bold; }
.errorCase  { color: #c00; font-weight: bold; }
.hiddenRow  { display: none; }
.testcase   { margin-left: 2em; }
td.testname {width: 40%}
td.small {width: 40px}

/* -- ending --------------------------------------------------------------- */
#ending {
}

</style>

</head>
<body>
<script language="javascript" type="text/javascript"><!--
output_list = Array();

/* level - 0:Summary; 1:Failed; 2:All */
function showCase(level) {
    trs = document.getElementsByTagName("tr");
    for (var i = 0; i < trs.length; i++) {
        tr = trs[i];
        id = tr.id;
        if (id.substr(0,2) == 'ft') {
            if (level < 1) {
                tr.className = 'hiddenRow';
            }
            else {
                tr.className = '';
            }
        }
        if (id.substr(0,2) == 'pt') {
            if (level > 1) {
                tr.className = '';
            }
            else {
                tr.className = 'hiddenRow';
            }
        }
    }
}


function showClassDetail(cid, count) {
    var id_list = Array(count);
    var toHide = 1;
    for (var i = 0; i < count; i++) {
        tid0 = 't' + cid.substr(1) + '.' + (i+1);
        tid = 'f' + tid0;
        tr = document.getElementById(tid);
        if (!tr) {
            tid = 'p' + tid0;
            tr = document.getElementById(tid);
        }
        id_list[i] = tid;
        if (tr.className) {
            toHide = 0;
        }
    }
    for (var i = 0; i < count; i++) {
        tid = id_list[i];
        if (toHide) {
            document.getElementById('div_'+tid).style.display = 'none'
            document.getElementById(tid).className = 'hiddenRow';
        }
        else {
            document.getElementById(tid).className = '';
        }
    }
}


function showTestDetail(div_id){
    var details_div = document.getElementById(div_id)
    var displayState = details_div.style.display
    // alert(displayState)
    if (displayState != 'block' ) {
        displayState = 'block'
        details_div.style.display = 'block'
    }
    else {
        details_div.style.display = 'none'
    }
}


function html_escape(s) {
    s = s.replace(/&/g,'&amp;');
    s = s.replace(/</g,'&lt;');
    s = s.replace(/>/g,'&gt;');
    return s;
}

/* obsoleted by detail in <div>
function showOutput(id, name) {
    var w = window.open("", //url
                    name,
                    "resizable,scrollbars,status,width=800,height=450");
    d = w.document;
    d.write("<pre>");
    d.write(html_escape(output_list[id]));
    d.write("\n");
    d.write("<a href='javascript:window.close()'>close</a>\n");
    d.write("</pre>\n");
    d.close();
}
*/
--></script>

<div class='heading'>
<h1>Unit Test Report</h1>

<p class='attribute'><strong>Status:</strong> Failure 6</p>

<p class='description'></p>
</div>



<p id='show_detail_line'>Show
<a href='javascript:showCase(0)'>Summary</a>
<a href='javascript:showCase(1)'>Failed</a>
<a href='javascript:showCase(2)'>All</a>
</p>
<table id='result_table'>
<colgroup>
<col align='left' />
<col align='right' />
<col align='right' />
<col align='right' />
<col align='right' />
<col align='right' />
<col align='right' />
<col align='right' />
</colgroup>
<tr id='header_row'>
    <td>Test Group/Test case</td>
    <td>Count</td>
    <td>Pass</td>
    <td>Fail</td>
    <td>Error</td>
    <td>Skip</td>
    <td>View</td>
    <td> </td>
</tr>

<tr class='failClass'>
    <td class="testname">tempest.scenario.test_network_advanced_server_ops.TestNetworkAdvancedServerOps</td>
    <td class="small">6</td>
    <td class="small">0</td>
    <td class="small">6</td>
    <td class="small">0</td>
    <td class="small">0</td>
    <td class="small"><a href="javascript:showClassDetail('c1',6)"
>Detail</a></td>
    <td> </td>
</tr>

<tr id='ft1.1' class='none'>
    <td class='failCase'><div class='testcase'>test_server_connectivity_pause_unpause[compute,id-2b2642db-6568-4b35-b812-eceed3fa20ce,network]</div></td>
    <td colspan='7' align='left'>

    <!--css div popup start-->
    <a class="popup_link" onfocus='this.blur();'
    href="javascript:showTestDetail('div_ft1.1')" >
        fail</a>

    <div id='div_ft1.1' class="popup_window">
        <div style='text-align: right; color:red;cursor:pointer'>
        <a onfocus='this.blur();'
onclick="document.getElementById('div_ft1.1').style.display = 'none' " >
           [x]</a>
        </div>
        <pre>
        
ft1.1: tempest.scenario.test_network_advanced_server_ops.TestNetworkAdvancedServerOps.test_server_connectivity_pause_unpause[compute,id-2b2642db-6568-4b35-b812-eceed3fa20ce,network]_StringException: Empty attachments:
  stderr
  stdout

pythonlogging:'': {{{
2015-12-22 17:33:41,758 21583 INFO     [tempest_lib.common.rest_client] Request (TestNetworkAdvancedServerOps:test_server_connectivity_pause_unpause): 200 POST http://10.0.2.15:8774/v2.1/9e51d44d02b64767adf09f48538698b6/os-keypairs 0.628s
2015-12-22 17:33:41,758 21583 DEBUG    [tempest_lib.common.rest_client] Request - Headers: {'Content-Type': 'application/json', 'Accept': 'application/json', 'X-Auth-Token': '&lt;omitted&gt;'}
        Body: {"keypair": {"name": "tempest-TestNetworkAdvancedServerOps-1168790846"}}
    Response - Headers: {'status': '200', 'content-length': '2330', 'x-compute-request-id': 'req-781bf82a-b3e8-4fbc-978e-20d43b341a72', 'vary': 'X-OpenStack-Nova-API-Version', 'connection': 'close', 'x-openstack-nova-api-version': '2.1', 'date': 'Tue, 22 Dec 2015 17:33:41 GMT', 'content-type': 'application/json'}
        Body: {"keypair": {"public_key": "ssh-rsa AAAAB3NzaC1yc2EAAAADAQABAAABAQC0kYQRulZW3SGP85KWdc9LVbc1ACo8tLhNHEu2FziGVq3zSOYMWnUlRAu3AVLn0xOKB2x01I4JbwdbKh0Oj6+cRBgKQZgM66yEwqCe3qYcouDCtv5Vd77orpak3Thr+eGdxlupZBRGrL+jH5naqmkwetikVnvdIP7ngZBPprYaoHsFHdhtVmHSBaVf5Div1B3HvxYdW65/KAtBHyQ+O/HxcEpRC09Nlibo9N1Thq4Bhn/UhE+n/Ef5lz8+pp5P78v65CHhPyI5MsPhAXltH1OD6FFT0OWjm3BQk/SRkP4Ki8x/kcle+301YrtXLLKbdexYLCbs0eBhnxWsHlf/aV1x Generated-by-Nova", "private_key": "-----BEGIN RSA PRIVATE KEY-----\nMIIEqQIBAAKCAQEAtJGEEbpWVt0hj/OSlnXPS1W3NQAqPLS4TRxLthc4hlat80jm\nDFp1JUQLtwFS59MTigdsdNSOCW8HWyodDo+vnEQYCkGYDOushMKgnt6mHKLgwrb+\nVXe+6K6WpN04a/nhncZbqWQURqy/ox+Z2qppMHrYpFZ73SD+54GQT6a2GqB7BR3Y\nbVZh0gWlX+Q4r9Qdx78WHVuufygLQR8kPjvx8XBKUQtPTZYm6PTdU4auAYZ/1IRP\np/xH+Zc/PqaeT+/L+uQh4T8iOTLD4QF5bR9Tg+hRU9Dlo5twUJP0kZD+CovMf5HJ\nXvt9NWK7Vyyym3XsWCwm7NHgYZ8VrB5X/2ldcQIDAQABAoIBAQCkbPXUptfEVa0g\nRm6vsCvJsA4ap0HO8cn5/dA7yj1gp0HTjgheK2kNPD9msD/sdlsOj+AFKyEEGiSa\nsWiwP8tsAt3ZSQ3Khjkc05Yr1RdycCc3aCeFcHtZqtHm4sNkH7GBWIVTZJzKFriT\nNE2HvzH2QYdRbqdwH4G/Ek51GZwt9Xi4wr+3Jes2YXky/OJHAOtzxjovwQIvQpZK\neO76QzJRs8FwNPXGzjNujzETB9zr5Z6G7hnlHBcBQ3j3OSyoIU6dDvVyVaaIneLq\nhsEuhGlyXqssnuKhiGFPmvLY/TbPQOxON7Qo6Ttqn/cm1Yo5qdNMmirD33mQ37zu\nH5ypP5WZAoIAgQDMIgb3LsPr3MkUKTRwYPM6B1RARDpUnQ0DiYidPg6lWu+KloDK\n5PFB6GJl2GM2siRiJ0GJeNZKwlcCdmO+QB+78oE8WWFZkWtpgffvNFzifSm7MuAn\nbFaGsRhhoWKQO4SqeWDvgTPmIZgTau8xwbOpzRjVNWICsl4o/WmRKYZ90wKCAIEA\n4nK4Dv12/PHPe3aCHho0XXJ1OaKNPt/LX2Bsw+rvBNxHVuW+v5/nawJCdQAoYdqm\nY4cY2g6xU4bxVPkew+GqGH/AxRy/hUfIQ7G1pLn+D0uaIESsWfkBGy1xzNUEz64i\nvBIQjE5ekY+2/AF/ObJagWKm2CNWuOLaW+OPtd7Q+SsCggCAVHA622Jvzo+8aWeF\n9npUAgvoENFoI3n3WSA573ktC78q2PPagJLlLPMYSLKSj5xuql88n8XpNnFfFnis\nV5Uky1TLmpAKUcdyW+lUCpFpXpKRgYrQ593LiNmWkUP1hl3oSa/9pfSW6Dm7M0UH\nflh2neVlwUPcr+riQihY06AOrtsCggCAa4x8qnHrT1sxZbv1NILRmAhCcKspVlFH\n7/aF8c7k0nQkVbssCyrQ6FvcYGFAzKjiGacSQI513evbNrZSzEmjVZtnXLa4p35e\nOPhwAtprNax8eRLkoJ7IzbWZtOT/MfvMd3JE9b5K3+tXxvyXBjoVDhpij4jJKWpk\ntvuvR3uZ2J0CggCBAKL6iJO+rIu0gzk1G9ewrVmh454axB3kmAGGWInoqrLCwe87\nLZ88p+SHSkWhqJN6aeoMmFVGqY8J6rztit4n+g0fS2KwnmTnKybjM6wFgpjMOuzy\nWUs2zie74f0Ou+u7w/5L8Ht8DyZC+bKBJLNzRKx8N44pJkbR8O89D7Xn+Qtg\n-----END RSA PRIVATE KEY-----\n", "user_id": "9f3ee3ee3af94ec8a77084e6d27c49a5", "name": "tempest-TestNetworkAdvancedServerOps-1168790846", "fingerprint": "cb:80:db:b6:49:cd:97:ff:fb:a6:27:c8:6f:a6:15:03"}}
2015-12-22 17:33:42,121 21583 INFO     [tempest_lib.common.rest_client] Request (TestNetworkAdvancedServerOps:test_server_connectivity_pause_unpause): 201 POST http://10.0.2.15:9696/v2.0/security-groups 0.360s
2015-12-22 17:33:42,122 21583 DEBUG    [tempest_lib.common.rest_client] Request - Headers: {'Content-Type': 'application/json', 'Accept': 'application/json', 'X-Auth-Token': '&lt;omitted&gt;'}
        Body: {"security_group": {"tenant_id": "9e51d44d02b64767adf09f48538698b6", "description": "tempest-secgroup-smoke-745367070 description", "name": "tempest-secgroup-smoke-745367070"}}
    Response - Headers: {'status': '201', 'content-length': '886', 'connection': 'close', 'date': 'Tue, 22 Dec 2015 17:33:42 GMT', 'content-type': 'application/json; charset=UTF-8', 'x-openstack-request-id': 'req-283a86b0-01ac-4925-813f-abb786c48ae0'}
        Body: {"security_group": {"tenant_id": "9e51d44d02b64767adf09f48538698b6", "description": "tempest-secgroup-smoke-745367070 description", "id": "40a63632-56d9-48b5-bdce-6755cc66327e", "security_group_rules": [{"remote_group_id": null, "direction": "egress", "remote_ip_prefix": null, "protocol": null, "ethertype": "IPv4", "tenant_id": "9e51d44d02b64767adf09f48538698b6", "port_range_max": null, "port_range_min": null, "id": "c17796b7-942a-4467-acf5-1b2674b79e0d", "security_group_id": "40a63632-56d9-48b5-bdce-6755cc66327e"}, {"remote_group_id": null, "direction": "egress", "remote_ip_prefix": null, "protocol": null, "ethertype": "IPv6", "tenant_id": "9e51d44d02b64767adf09f48538698b6", "port_range_max": null, "port_range_min": null, "id": "869b4da5-fd02-4619-a38a-d6d43dc2dbce", "security_group_id": "40a63632-56d9-48b5-bdce-6755cc66327e"}], "name": "tempest-secgroup-smoke-745367070"}}
2015-12-22 17:33:42,397 21583 INFO     [tempest_lib.common.rest_client] Request (TestNetworkAdvancedServerOps:test_server_connectivity_pause_unpause): 201 POST http://10.0.2.15:9696/v2.0/security-group-rules 0.273s
2015-12-22 17:33:42,398 21583 DEBUG    [tempest_lib.common.rest_client] Request - Headers: {'Content-Type': 'application/json', 'Accept': 'application/json', 'X-Auth-Token': '&lt;omitted&gt;'}
        Body: {"security_group_rule": {"direction": "ingress", "protocol": "tcp", "tenant_id": "9e51d44d02b64767adf09f48538698b6", "port_range_max": 22, "security_group_id": "40a63632-56d9-48b5-bdce-6755cc66327e", "port_range_min": 22}}
    Response - Headers: {'status': '201', 'content-length': '340', 'connection': 'close', 'date': 'Tue, 22 Dec 2015 17:33:42 GMT', 'content-type': 'application/json; charset=UTF-8', 'x-openstack-request-id': 'req-82531adc-8915-4a85-a704-029db887f189'}
        Body: {"security_group_rule": {"remote_group_id": null, "direction": "ingress", "remote_ip_prefix": null, "protocol": "tcp", "ethertype": "IPv4", "tenant_id": "9e51d44d02b64767adf09f48538698b6", "port_range_max": 22, "port_range_min": 22, "id": "fb0967e9-d8a7-4c4f-be55-b54ccd81a44e", "security_group_id": "40a63632-56d9-48b5-bdce-6755cc66327e"}}
2015-12-22 17:33:42,517 21583 INFO     [tempest_lib.common.rest_client] Request (TestNetworkAdvancedServerOps:test_server_connectivity_pause_unpause): 201 POST http://10.0.2.15:9696/v2.0/security-group-rules 0.118s
2015-12-22 17:33:42,518 21583 DEBUG    [tempest_lib.common.rest_client] Request - Headers: {'Content-Type': 'application/json', 'Accept': 'application/json', 'X-Auth-Token': '&lt;omitted&gt;'}
        Body: {"security_group_rule": {"direction": "egress", "protocol": "tcp", "tenant_id": "9e51d44d02b64767adf09f48538698b6", "port_range_max": 22, "security_group_id": "40a63632-56d9-48b5-bdce-6755cc66327e", "port_range_min": 22}}
    Response - Headers: {'status': '201', 'content-length': '339', 'connection': 'close', 'date': 'Tue, 22 Dec 2015 17:33:42 GMT', 'content-type': 'application/json; charset=UTF-8', 'x-openstack-request-id': 'req-0f06f72b-1e24-493e-b749-a11391afba49'}
        Body: {"security_group_rule": {"remote_group_id": null, "direction": "egress", "remote_ip_prefix": null, "protocol": "tcp", "ethertype": "IPv4", "tenant_id": "9e51d44d02b64767adf09f48538698b6", "port_range_max": 22, "port_range_min": 22, "id": "8c199900-b687-44d4-ad5b-2fec8f23752e", "security_group_id": "40a63632-56d9-48b5-bdce-6755cc66327e"}}
2015-12-22 17:33:42,647 21583 INFO     [tempest_lib.common.rest_client] Request (TestNetworkAdvancedServerOps:test_server_connectivity_pause_unpause): 201 POST http://10.0.2.15:9696/v2.0/security-group-rules 0.127s
2015-12-22 17:33:42,648 21583 DEBUG    [tempest_lib.common.rest_client] Request - Headers: {'Content-Type': 'application/json', 'Accept': 'application/json', 'X-Auth-Token': '&lt;omitted&gt;'}
        Body: {"security_group_rule": {"tenant_id": "9e51d44d02b64767adf09f48538698b6", "direction": "ingress", "protocol": "icmp", "security_group_id": "40a63632-56d9-48b5-bdce-6755cc66327e"}}
    Response - Headers: {'status': '201', 'content-length': '345', 'connection': 'close', 'date': 'Tue, 22 Dec 2015 17:33:42 GMT', 'content-type': 'application/json; charset=UTF-8', 'x-openstack-request-id': 'req-73301897-da66-4c1a-a762-c21765862467'}
        Body: {"security_group_rule": {"remote_group_id": null, "direction": "ingress", "remote_ip_prefix": null, "protocol": "icmp", "ethertype": "IPv4", "tenant_id": "9e51d44d02b64767adf09f48538698b6", "port_range_max": null, "port_range_min": null, "id": "3a700b2f-2484-43d6-b6a3-16a52599077a", "security_group_id": "40a63632-56d9-48b5-bdce-6755cc66327e"}}
2015-12-22 17:33:42,766 21583 INFO     [tempest_lib.common.rest_client] Request (TestNetworkAdvancedServerOps:test_server_connectivity_pause_unpause): 201 POST http://10.0.2.15:9696/v2.0/security-group-rules 0.117s
2015-12-22 17:33:42,766 21583 DEBUG    [tempest_lib.common.rest_client] Request - Headers: {'Content-Type': 'application/json', 'Accept': 'application/json', 'X-Auth-Token': '&lt;omitted&gt;'}
        Body: {"security_group_rule": {"tenant_id": "9e51d44d02b64767adf09f48538698b6", "direction": "egress", "protocol": "icmp", "security_group_id": "40a63632-56d9-48b5-bdce-6755cc66327e"}}
    Response - Headers: {'status': '201', 'content-length': '344', 'connection': 'close', 'date': 'Tue, 22 Dec 2015 17:33:42 GMT', 'content-type': 'application/json; charset=UTF-8', 'x-openstack-request-id': 'req-0700e002-afa5-47e2-85c1-50b5cb91eb88'}
        Body: {"security_group_rule": {"remote_group_id": null, "direction": "egress", "remote_ip_prefix": null, "protocol": "icmp", "ethertype": "IPv4", "tenant_id": "9e51d44d02b64767adf09f48538698b6", "port_range_max": null, "port_range_min": null, "id": "3da4c424-ec82-441e-963c-6c999ca348da", "security_group_id": "40a63632-56d9-48b5-bdce-6755cc66327e"}}
2015-12-22 17:33:42,879 21583 INFO     [tempest_lib.common.rest_client] Request (TestNetworkAdvancedServerOps:test_server_connectivity_pause_unpause): 201 POST http://10.0.2.15:9696/v2.0/security-group-rules 0.112s
2015-12-22 17:33:42,880 21583 DEBUG    [tempest_lib.common.rest_client] Request - Headers: {'Content-Type': 'application/json', 'Accept': 'application/json', 'X-Auth-Token': '&lt;omitted&gt;'}
        Body: {"security_group_rule": {"tenant_id": "9e51d44d02b64767adf09f48538698b6", "direction": "ingress", "security_group_id": "40a63632-56d9-48b5-bdce-6755cc66327e", "protocol": "icmp", "ethertype": "IPv6"}}
    Response - Headers: {'status': '201', 'content-length': '345', 'connection': 'close', 'date': 'Tue, 22 Dec 2015 17:33:42 GMT', 'content-type': 'application/json; charset=UTF-8', 'x-openstack-request-id': 'req-c0283838-0144-4382-a2c1-2dfac29b18f1'}
        Body: {"security_group_rule": {"remote_group_id": null, "direction": "ingress", "remote_ip_prefix": null, "protocol": "icmp", "ethertype": "IPv6", "tenant_id": "9e51d44d02b64767adf09f48538698b6", "port_range_max": null, "port_range_min": null, "id": "21b88a64-fa32-4ce0-9d34-178ce6de3bb7", "security_group_id": "40a63632-56d9-48b5-bdce-6755cc66327e"}}
2015-12-22 17:33:42,996 21583 INFO     [tempest_lib.common.rest_client] Request (TestNetworkAdvancedServerOps:test_server_connectivity_pause_unpause): 201 POST http://10.0.2.15:9696/v2.0/security-group-rules 0.115s
2015-12-22 17:33:42,997 21583 DEBUG    [tempest_lib.common.rest_client] Request - Headers: {'Content-Type': 'application/json', 'Accept': 'application/json', 'X-Auth-Token': '&lt;omitted&gt;'}
        Body: {"security_group_rule": {"tenant_id": "9e51d44d02b64767adf09f48538698b6", "direction": "egress", "security_group_id": "40a63632-56d9-48b5-bdce-6755cc66327e", "protocol": "icmp", "ethertype": "IPv6"}}
    Response - Headers: {'status': '201', 'content-length': '344', 'connection': 'close', 'date': 'Tue, 22 Dec 2015 17:33:42 GMT', 'content-type': 'application/json; charset=UTF-8', 'x-openstack-request-id': 'req-6a53dac9-8e1a-46aa-9e1b-351ac56d22a8'}
        Body: {"security_group_rule": {"remote_group_id": null, "direction": "egress", "remote_ip_prefix": null, "protocol": "icmp", "ethertype": "IPv6", "tenant_id": "9e51d44d02b64767adf09f48538698b6", "port_range_max": null, "port_range_min": null, "id": "739b6791-01c6-450c-8c40-f810d3b98d65", "security_group_id": "40a63632-56d9-48b5-bdce-6755cc66327e"}}
2015-12-22 17:33:43,172 21583 INFO     [tempest_lib.common.rest_client] Request (TestNetworkAdvancedServerOps:test_server_connectivity_pause_unpause): 201 POST http://10.0.2.15:9696/v2.0/networks 0.174s
2015-12-22 17:33:43,173 21583 DEBUG    [tempest_lib.common.rest_client] Request - Headers: {'Content-Type': 'application/json', 'Accept': 'application/json', 'X-Auth-Token': '&lt;omitted&gt;'}
        Body: {"network": {"tenant_id": "9e51d44d02b64767adf09f48538698b6", "name": "tempest-network-smoke--1182836861"}}
    Response - Headers: {'status': '201', 'content-length': '329', 'connection': 'close', 'date': 'Tue, 22 Dec 2015 17:33:43 GMT', 'content-type': 'application/json; charset=UTF-8', 'x-openstack-request-id': 'req-f1b86308-9f74-4ad7-a204-cc48cb9f366d'}
        Body: {"network": {"status": "ACTIVE", "subnets": [], "availability_zone_hints": "[]", "name": "tempest-network-smoke--1182836861", "admin_state_up": true, "tenant_id": "9e51d44d02b64767adf09f48538698b6", "mtu": 0, "router:external": false, "shared": false, "port_security_enabled": true, "id": "94ccbebe-2178-462c-8d4a-3b7fc4dedb12"}}
2015-12-22 17:33:43,263 21583 INFO     [tempest_lib.common.rest_client] Request (TestNetworkAdvancedServerOps:test_server_connectivity_pause_unpause): 201 POST http://10.0.2.15:9696/v2.0/routers 0.089s
2015-12-22 17:33:43,264 21583 DEBUG    [tempest_lib.common.rest_client] Request - Headers: {'Content-Type': 'application/json', 'Accept': 'application/json', 'X-Auth-Token': '&lt;omitted&gt;'}
        Body: {"router": {"tenant_id": "9e51d44d02b64767adf09f48538698b6", "name": "tempest-router-smoke-1053270216", "admin_state_up": true}}
    Response - Headers: {'status': '201', 'content-length': '296', 'connection': 'close', 'date': 'Tue, 22 Dec 2015 17:33:43 GMT', 'content-type': 'application/json; charset=UTF-8', 'x-openstack-request-id': 'req-3e1cce23-1090-4965-a93a-081985080a7c'}
        Body: {"router": {"status": "ACTIVE", "external_gateway_info": null, "availability_zone_hints": [], "availability_zones": [], "name": "tempest-router-smoke-1053270216", "admin_state_up": true, "tenant_id": "9e51d44d02b64767adf09f48538698b6", "routes": [], "id": "1f64262f-6dd3-4b90-ad20-23760604390f"}}
2015-12-22 17:33:43,318 21583 INFO     [tempest_lib.common.rest_client] Request (TestNetworkAdvancedServerOps:test_server_connectivity_pause_unpause): 200 GET http://10.0.2.15:9696/v2.0/routers/1f64262f-6dd3-4b90-ad20-23760604390f 0.053s
2015-12-22 17:33:43,319 21583 DEBUG    [tempest_lib.common.rest_client] Request - Headers: {'Content-Type': 'application/json', 'Accept': 'application/json', 'X-Auth-Token': '&lt;omitted&gt;'}
        Body: None
    Response - Headers: {'status': '200', 'content-length': '296', 'content-location': 'http://10.0.2.15:9696/v2.0/routers/1f64262f-6dd3-4b90-ad20-23760604390f', 'connection': 'close', 'date': 'Tue, 22 Dec 2015 17:33:43 GMT', 'content-type': 'application/json; charset=UTF-8', 'x-openstack-request-id': 'req-646b314d-1825-4d37-9e0e-6903b332ef55'}
        Body: {"router": {"status": "ACTIVE", "external_gateway_info": null, "availability_zone_hints": [], "availability_zones": [], "name": "tempest-router-smoke-1053270216", "admin_state_up": true, "tenant_id": "9e51d44d02b64767adf09f48538698b6", "routes": [], "id": "1f64262f-6dd3-4b90-ad20-23760604390f"}}
2015-12-22 17:33:44,113 21583 INFO     [tempest_lib.common.rest_client] Request (TestNetworkAdvancedServerOps:test_server_connectivity_pause_unpause): 200 PUT http://10.0.2.15:9696/v2.0/routers/1f64262f-6dd3-4b90-ad20-23760604390f 0.792s
2015-12-22 17:33:44,113 21583 DEBUG    [tempest_lib.common.rest_client] Request - Headers: {'Content-Type': 'application/json', 'Accept': 'application/json', 'X-Auth-Token': '&lt;omitted&gt;'}
        Body: {"router": {"external_gateway_info": {"network_id": "86f39e30-0622-48e4-b6ce-2f6aaa53fa3a"}, "name": "tempest-router-smoke-1053270216", "admin_state_up": true}}
    Response - Headers: {'status': '200', 'content-length': '558', 'connection': 'close', 'date': 'Tue, 22 Dec 2015 17:33:44 GMT', 'content-type': 'application/json; charset=UTF-8', 'x-openstack-request-id': 'req-242988f5-ba8b-4e1e-b1a8-dd29ac900c0d'}
        Body: {"router": {"status": "ACTIVE", "external_gateway_info": {"network_id": "86f39e30-0622-48e4-b6ce-2f6aaa53fa3a", "enable_snat": true, "external_fixed_ips": [{"subnet_id": "a5386c37-f922-4939-8435-2cbc40db08fd", "ip_address": "172.24.4.3"}, {"subnet_id": "4a8044b7-3a62-429c-8e97-7efc0bdc5b03", "ip_address": "2001:db8::4"}]}, "availability_zone_hints": [], "availability_zones": [], "name": "tempest-router-smoke-1053270216", "admin_state_up": true, "tenant_id": "9e51d44d02b64767adf09f48538698b6", "routes": [], "id": "1f64262f-6dd3-4b90-ad20-23760604390f"}}
2015-12-22 17:33:44,280 21583 INFO     [tempest_lib.common.rest_client] Request (TestNetworkAdvancedServerOps:test_server_connectivity_pause_unpause): 200 GET http://10.0.2.15:9696/v2.0/subnets?tenant_id=9e51d44d02b64767adf09f48538698b6&amp;cidr=10.100.0.0%2F28 0.165s
2015-12-22 17:33:44,280 21583 DEBUG    [tempest_lib.common.rest_client] Request - Headers: {'Content-Type': 'application/json', 'Accept': 'application/json', 'X-Auth-Token': '&lt;omitted&gt;'}
        Body: None
    Response - Headers: {'status': '200', 'content-length': '15', 'content-location': 'http://10.0.2.15:9696/v2.0/subnets?tenant_id=9e51d44d02b64767adf09f48538698b6&amp;cidr=10.100.0.0%2F28', 'connection': 'close', 'date': 'Tue, 22 Dec 2015 17:33:44 GMT', 'content-type': 'application/json; charset=UTF-8', 'x-openstack-request-id': 'req-1918ce00-9497-4f81-b5b9-466091ad3b3e'}
        Body: {"subnets": []}
2015-12-22 17:33:44,715 21583 INFO     [tempest_lib.common.rest_client] Request (TestNetworkAdvancedServerOps:test_server_connectivity_pause_unpause): 201 POST http://10.0.2.15:9696/v2.0/subnets 0.434s
2015-12-22 17:33:44,715 21583 DEBUG    [tempest_lib.common.rest_client] Request - Headers: {'Content-Type': 'application/json', 'Accept': 'application/json', 'X-Auth-Token': '&lt;omitted&gt;'}
        Body: {"subnet": {"ip_version": 4, "tenant_id": "9e51d44d02b64767adf09f48538698b6", "cidr": "10.100.0.0/28", "network_id": "94ccbebe-2178-462c-8d4a-3b7fc4dedb12", "name": "tempest-subnet-smoke-1971096443"}}
    Response - Headers: {'status': '201', 'content-length': '478', 'connection': 'close', 'date': 'Tue, 22 Dec 2015 17:33:44 GMT', 'content-type': 'application/json; charset=UTF-8', 'x-openstack-request-id': 'req-3f63cba0-fb47-457d-a033-baeef6f2e925'}
        Body: {"subnet": {"name": "tempest-subnet-smoke-1971096443", "enable_dhcp": true, "network_id": "94ccbebe-2178-462c-8d4a-3b7fc4dedb12", "tenant_id": "9e51d44d02b64767adf09f48538698b6", "dns_nameservers": [], "gateway_ip": "10.100.0.1", "ipv6_ra_mode": null, "allocation_pools": [{"start": "10.100.0.2", "end": "10.100.0.14"}], "host_routes": [], "ip_version": 4, "ipv6_address_mode": null, "cidr": "10.100.0.0/28", "id": "5077e66a-e116-407b-b76c-cc47da8089bd", "subnetpool_id": null}}
2015-12-22 17:33:45,259 21583 INFO     [tempest_lib.common.rest_client] Request (TestNetworkAdvancedServerOps:test_server_connectivity_pause_unpause): 200 PUT http://10.0.2.15:9696/v2.0/routers/1f64262f-6dd3-4b90-ad20-23760604390f/add_router_interface 0.543s
2015-12-22 17:33:45,259 21583 DEBUG    [tempest_lib.common.rest_client] Request - Headers: {'Content-Type': 'application/json', 'Accept': 'application/json', 'X-Auth-Token': '&lt;omitted&gt;'}
        Body: {"subnet_id": "5077e66a-e116-407b-b76c-cc47da8089bd"}
    Response - Headers: {'status': '200', 'content-length': '255', 'connection': 'close', 'date': 'Tue, 22 Dec 2015 17:33:45 GMT', 'content-type': 'application/json; charset=UTF-8', 'x-openstack-request-id': 'req-e6bb38f4-bb36-4b06-b27d-c31fe44e5146'}
        Body: {"subnet_id": "5077e66a-e116-407b-b76c-cc47da8089bd", "tenant_id": "9e51d44d02b64767adf09f48538698b6", "subnet_ids": ["5077e66a-e116-407b-b76c-cc47da8089bd"], "port_id": "2c6b7a29-c220-469c-b36c-64e705c57ae9", "id": "1f64262f-6dd3-4b90-ad20-23760604390f"}
2015-12-22 17:33:45,390 21583 INFO     [tempest_lib.common.rest_client] Request (TestNetworkAdvancedServerOps:test_server_connectivity_pause_unpause): 200 POST http://10.0.2.15:5000/v2.0/tokens
2015-12-22 17:33:45,391 21583 DEBUG    [tempest_lib.common.rest_client] Request - Headers: {'Content-Type': 'application/json', 'Accept': 'application/json'}
        Body: &lt;omitted&gt;
    Response - Headers: {'status': '200', 'content-length': '2562', 'vary': 'X-Auth-Token', 'server': 'Apache/2.4.7 (Ubuntu)', 'connection': 'close', 'date': 'Tue, 22 Dec 2015 17:33:45 GMT', 'content-type': 'application/json', 'x-openstack-request-id': 'req-7090a656-5d51-4d56-90cd-8ba2895ed8c5'}
        Body: {"access": {"token": {"issued_at": "2015-12-22T17:33:45.379178", "expires": "2015-12-22T18:33:45Z", "id": "9d55dcb587ee4b7a8245b21b88051a56", "tenant": {"description": "tempest-TestNetworkAdvancedServerOps-193154609-desc", "enabled": true, "id": "9e51d44d02b64767adf09f48538698b6", "name": "tempest-TestNetworkAdvancedServerOps-193154609"}, "audit_ids": ["WSxHl1CMT6-sVUdCfjrEBA"]}, "serviceCatalog": [{"endpoints": [{"adminURL": "http://10.0.2.15:8774/v2.1/9e51d44d02b64767adf09f48538698b6", "region": "RegionOne", "internalURL": "http://10.0.2.15:8774/v2.1/9e51d44d02b64767adf09f48538698b6", "id": "0c7e7cb4e6eb433ba4ecf119ead34d53", "publicURL": "http://10.0.2.15:8774/v2.1/9e51d44d02b64767adf09f48538698b6"}], "endpoints_links": [], "type": "compute", "name": "nova"}, {"endpoints": [{"adminURL": "http://10.0.2.15:9696/", "region": "RegionOne", "internalURL": "http://10.0.2.15:9696/", "id": "999712cae6f44bcfbc1043267f238230", "publicURL": "http://10.0.2.15:9696/"}], "endpoints_links": [], "type": "network", "name": "neutron"}, {"endpoints": [{"adminURL": "http://10.0.2.15:9292", "region": "RegionOne", "internalURL": "http://10.0.2.15:9292", "id": "8f2da7de3f3546228448f161bc6c97f9", "publicURL": "http://10.0.2.15:9292"}], "endpoints_links": [], "type": "image", "name": "glance"}, {"endpoints": [{"adminURL": "http://10.0.2.15:8774/v2/9e51d44d02b64767adf09f48538698b6", "region": "RegionOne", "internalURL": "http://10.0.2.15:8774/v2/9e51d44d02b64767adf09f48538698b6", "id": "a097af6594a34c4cb078e4a6874be758", "publicURL": "http://10.0.2.15:8774/v2/9e51d44d02b64767adf09f48538698b6"}], "endpoints_links": [], "type": "compute_legacy", "name": "nova_legacy"}, {"endpoints": [{"adminURL": "http://10.0.2.15:8773/", "region": "RegionOne", "internalURL": "http://10.0.2.15:8773/", "id": "1648d88d58ef42a299d21c89aab466a4", "publicURL": "http://10.0.2.15:8773/"}], "endpoints_links": [], "type": "ec2", "name": "ec2"}, {"endpoints": [{"adminURL": "http://10.0.2.15:35357/v2.0", "region": "RegionOne", "internalURL": "http://10.0.2.15:5000/v2.0", "id": "b4f46760a9aa460aac1554ec7e409793", "publicURL": "http://10.0.2.15:5000/v2.0"}], "endpoints_links": [], "type": "identity", "name": "keystone"}], "user": {"username": "tempest-TestNetworkAdvancedServerOps-685849630", "roles_links": [], "id": "9f3ee3ee3af94ec8a77084e6d27c49a5", "roles": [{"name": "_member_"}, {"name": "Member"}], "name": "tempest-TestNetworkAdvancedServerOps-685849630"}, "metadata": {"is_admin": 0, "roles": ["9fe2ff9ee4384b1894a90878d3e92bab", "ccf0cbb3617a40ec84e768da849b003e"]}}}
2015-12-22 17:33:45,396 21583 DEBUG    [tempest.common.fixed_network] (TestNetworkAdvancedServerOps:test_server_connectivity_pause_unpause) No valid network provided or created, defaulting to fixed_network_name
2015-12-22 17:33:45,784 21583 INFO     [tempest_lib.common.rest_client] Request (TestNetworkAdvancedServerOps:test_server_connectivity_pause_unpause): 200 GET http://10.0.2.15:8774/v2.1/9e51d44d02b64767adf09f48538698b6/os-networks 0.387s
2015-12-22 17:33:45,784 21583 DEBUG    [tempest_lib.common.rest_client] Request - Headers: {'Content-Type': 'application/json', 'Accept': 'application/json', 'X-Auth-Token': '&lt;omitted&gt;'}
        Body: None
    Response - Headers: {'status': '200', 'content-length': '479', 'content-location': 'http://10.0.2.15:8774/v2.1/9e51d44d02b64767adf09f48538698b6/os-networks', 'x-compute-request-id': 'req-525111bf-0ad9-4766-b0c1-d08f9be78021', 'vary': 'X-OpenStack-Nova-API-Version', 'connection': 'close', 'x-openstack-nova-api-version': '2.1', 'date': 'Tue, 22 Dec 2015 17:33:45 GMT', 'content-type': 'application/json'}
        Body: {"networks": [{"cidr_v6": null, "dns2": null, "dns1": null, "gateway": null, "broadcast": null, "netmask": null, "gateway_v6": null, "cidr": null, "label": "public", "id": "86f39e30-0622-48e4-b6ce-2f6aaa53fa3a", "netmask_v6": null}, {"cidr_v6": null, "dns2": null, "dns1": null, "gateway": null, "broadcast": null, "netmask": null, "gateway_v6": null, "cidr": null, "label": "tempest-network-smoke--1182836861", "id": "94ccbebe-2178-462c-8d4a-3b7fc4dedb12", "netmask_v6": null}]}
2015-12-22 17:33:45,785 21583 WARNING  [tempest.common.fixed_network] (TestNetworkAdvancedServerOps:test_server_connectivity_pause_unpause) Network with name: private not found
2015-12-22 17:33:45,785 21583 INFO     [tempest.common.fixed_network] (TestNetworkAdvancedServerOps:test_server_connectivity_pause_unpause) Found network {} available for tenant
2015-12-22 17:33:46,971 21583 INFO     [tempest_lib.common.rest_client] Request (TestNetworkAdvancedServerOps:test_server_connectivity_pause_unpause): 202 POST http://10.0.2.15:8774/v2.1/9e51d44d02b64767adf09f48538698b6/servers 1.185s
2015-12-22 17:33:46,972 21583 DEBUG    [tempest_lib.common.rest_client] Request - Headers: {'Content-Type': 'application/json', 'Accept': 'application/json', 'X-Auth-Token': '&lt;omitted&gt;'}
        Body: {"server": {"name": "tempest.common.compute-instance-447343536", "imageRef": "865db28e-0405-40bd-bc7b-e20cd7345e99", "key_name": "tempest-TestNetworkAdvancedServerOps-1168790846", "flavorRef": "42", "networks": [{"uuid": "94ccbebe-2178-462c-8d4a-3b7fc4dedb12"}], "security_groups": [{"name": "tempest-secgroup-smoke-745367070"}]}}
    Response - Headers: {'status': '202', 'content-length': '461', 'x-compute-request-id': 'req-2eff62c8-d8ce-456c-b074-0aacc0f8cd60', 'vary': 'X-OpenStack-Nova-API-Version', 'connection': 'close', 'location': 'http://10.0.2.15:8774/v2.1/9e51d44d02b64767adf09f48538698b6/servers/6d2e96e5-fd9b-489a-b96f-c979db223b5f', 'x-openstack-nova-api-version': '2.1', 'date': 'Tue, 22 Dec 2015 17:33:46 GMT', 'content-type': 'application/json'}
        Body: {"server": {"security_groups": [{"name": "tempest-secgroup-smoke-745367070"}], "OS-DCF:diskConfig": "MANUAL", "id": "6d2e96e5-fd9b-489a-b96f-c979db223b5f", "links": [{"href": "http://10.0.2.15:8774/v2.1/9e51d44d02b64767adf09f48538698b6/servers/6d2e96e5-fd9b-489a-b96f-c979db223b5f", "rel": "self"}, {"href": "http://10.0.2.15:8774/9e51d44d02b64767adf09f48538698b6/servers/6d2e96e5-fd9b-489a-b96f-c979db223b5f", "rel": "bookmark"}], "adminPass": "DjQbKjW2UMJh"}}
2015-12-22 17:33:47,239 21583 INFO     [tempest_lib.common.rest_client] Request (TestNetworkAdvancedServerOps:test_server_connectivity_pause_unpause): 200 GET http://10.0.2.15:8774/v2.1/9e51d44d02b64767adf09f48538698b6/servers/6d2e96e5-fd9b-489a-b96f-c979db223b5f 0.264s
2015-12-22 17:33:47,239 21583 DEBUG    [tempest_lib.common.rest_client] Request - Headers: {'Content-Type': 'application/json', 'Accept': 'application/json', 'X-Auth-Token': '&lt;omitted&gt;'}
        Body: None
    Response - Headers: {'status': '200', 'content-length': '1364', 'content-location': 'http://10.0.2.15:8774/v2.1/9e51d44d02b64767adf09f48538698b6/servers/6d2e96e5-fd9b-489a-b96f-c979db223b5f', 'x-compute-request-id': 'req-16f7f1ce-a094-4cd4-9db8-b55b6ff20ace', 'vary': 'X-OpenStack-Nova-API-Version', 'connection': 'close', 'x-openstack-nova-api-version': '2.1', 'date': 'Tue, 22 Dec 2015 17:33:47 GMT', 'content-type': 'application/json'}
        Body: {"server": {"status": "BUILD", "updated": "2015-12-22T17:33:47Z", "hostId": "", "addresses": {}, "links": [{"href": "http://10.0.2.15:8774/v2.1/9e51d44d02b64767adf09f48538698b6/servers/6d2e96e5-fd9b-489a-b96f-c979db223b5f", "rel": "self"}, {"href": "http://10.0.2.15:8774/9e51d44d02b64767adf09f48538698b6/servers/6d2e96e5-fd9b-489a-b96f-c979db223b5f", "rel": "bookmark"}], "key_name": "tempest-TestNetworkAdvancedServerOps-1168790846", "image": {"id": "865db28e-0405-40bd-bc7b-e20cd7345e99", "links": [{"href": "http://10.0.2.15:8774/9e51d44d02b64767adf09f48538698b6/images/865db28e-0405-40bd-bc7b-e20cd7345e99", "rel": "bookmark"}]}, "OS-EXT-STS:task_state": "scheduling", "OS-EXT-STS:vm_state": "building", "OS-SRV-USG:launched_at": null, "flavor": {"id": "42", "links": [{"href": "http://10.0.2.15:8774/9e51d44d02b64767adf09f48538698b6/flavors/42", "rel": "bookmark"}]}, "id": "6d2e96e5-fd9b-489a-b96f-c979db223b5f", "OS-SRV-USG:terminated_at": null, "OS-EXT-AZ:availability_zone": "", "user_id": "9f3ee3ee3af94ec8a77084e6d27c49a5", "name": "tempest.common.compute-instance-447343536", "created": "2015-12-22T17:33:46Z", "tenant_id": "9e51d44d02b64767adf09f48538698b6", "OS-DCF:diskConfig": "MANUAL", "os-extended-volumes:volumes_attached": [], "accessIPv4": "", "accessIPv6": "", "progress": 0, "OS-EXT-STS:power_state": 0, "config_drive": "", "metadata": {}}}
2015-12-22 17:33:48,730 21583 INFO     [tempest_lib.common.rest_client] Request (TestNetworkAdvancedServerOps:test_server_connectivity_pause_unpause): 200 GET http://10.0.2.15:8774/v2.1/9e51d44d02b64767adf09f48538698b6/servers/6d2e96e5-fd9b-489a-b96f-c979db223b5f 0.480s
2015-12-22 17:33:48,731 21583 DEBUG    [tempest_lib.common.rest_client] Request - Headers: {'Content-Type': 'application/json', 'Accept': 'application/json', 'X-Auth-Token': '&lt;omitted&gt;'}
        Body: None
    Response - Headers: {'status': '200', 'content-length': '1489', 'content-location': 'http://10.0.2.15:8774/v2.1/9e51d44d02b64767adf09f48538698b6/servers/6d2e96e5-fd9b-489a-b96f-c979db223b5f', 'x-compute-request-id': 'req-768a4483-643d-4b1c-a379-a152c1c99267', 'vary': 'X-OpenStack-Nova-API-Version', 'connection': 'close', 'x-openstack-nova-api-version': '2.1', 'date': 'Tue, 22 Dec 2015 17:33:48 GMT', 'content-type': 'application/json'}
        Body: {"server": {"status": "BUILD", "updated": "2015-12-22T17:33:48Z", "hostId": "a952877cae98133e60ee019e18c6b6d339a229ff13a0c4877c1c402a", "addresses": {}, "links": [{"href": "http://10.0.2.15:8774/v2.1/9e51d44d02b64767adf09f48538698b6/servers/6d2e96e5-fd9b-489a-b96f-c979db223b5f", "rel": "self"}, {"href": "http://10.0.2.15:8774/9e51d44d02b64767adf09f48538698b6/servers/6d2e96e5-fd9b-489a-b96f-c979db223b5f", "rel": "bookmark"}], "key_name": "tempest-TestNetworkAdvancedServerOps-1168790846", "image": {"id": "865db28e-0405-40bd-bc7b-e20cd7345e99", "links": [{"href": "http://10.0.2.15:8774/9e51d44d02b64767adf09f48538698b6/images/865db28e-0405-40bd-bc7b-e20cd7345e99", "rel": "bookmark"}]}, "OS-EXT-STS:task_state": "spawning", "OS-EXT-STS:vm_state": "building", "OS-SRV-USG:launched_at": null, "flavor": {"id": "42", "links": [{"href": "http://10.0.2.15:8774/9e51d44d02b64767adf09f48538698b6/flavors/42", "rel": "bookmark"}]}, "id": "6d2e96e5-fd9b-489a-b96f-c979db223b5f", "security_groups": [{"name": "tempest-secgroup-smoke-745367070"}], "OS-SRV-USG:terminated_at": null, "OS-EXT-AZ:availability_zone": "nova", "user_id": "9f3ee3ee3af94ec8a77084e6d27c49a5", "name": "tempest.common.compute-instance-447343536", "created": "2015-12-22T17:33:46Z", "tenant_id": "9e51d44d02b64767adf09f48538698b6", "OS-DCF:diskConfig": "MANUAL", "os-extended-volumes:volumes_attached": [], "accessIPv4": "", "accessIPv6": "", "progress": 0, "OS-EXT-STS:power_state": 0, "config_drive": "", "metadata": {}}}
2015-12-22 17:33:48,739 21583 INFO     [tempest.common.waiters] State transition "BUILD/scheduling" ==&gt; "BUILD/spawning" after 1 second wait
2015-12-22 17:33:49,951 21583 INFO     [tempest_lib.common.rest_client] Request (TestNetworkAdvancedServerOps:test_server_connectivity_pause_unpause): 200 GET http://10.0.2.15:8774/v2.1/9e51d44d02b64767adf09f48538698b6/servers/6d2e96e5-fd9b-489a-b96f-c979db223b5f 0.210s
2015-12-22 17:33:49,951 21583 DEBUG    [tempest_lib.common.rest_client] Request - Headers: {'Content-Type': 'application/json', 'Accept': 'application/json', 'X-Auth-Token': '&lt;omitted&gt;'}
        Body: None
    Response - Headers: {'status': '200', 'content-length': '1489', 'content-location': 'http://10.0.2.15:8774/v2.1/9e51d44d02b64767adf09f48538698b6/servers/6d2e96e5-fd9b-489a-b96f-c979db223b5f', 'x-compute-request-id': 'req-81790076-8d1b-442d-a290-0b08e5afaf9a', 'vary': 'X-OpenStack-Nova-API-Version', 'connection': 'close', 'x-openstack-nova-api-version': '2.1', 'date': 'Tue, 22 Dec 2015 17:33:49 GMT', 'content-type': 'application/json'}
        Body: {"server": {"status": "BUILD", "updated": "2015-12-22T17:33:48Z", "hostId": "a952877cae98133e60ee019e18c6b6d339a229ff13a0c4877c1c402a", "addresses": {}, "links": [{"href": "http://10.0.2.15:8774/v2.1/9e51d44d02b64767adf09f48538698b6/servers/6d2e96e5-fd9b-489a-b96f-c979db223b5f", "rel": "self"}, {"href": "http://10.0.2.15:8774/9e51d44d02b64767adf09f48538698b6/servers/6d2e96e5-fd9b-489a-b96f-c979db223b5f", "rel": "bookmark"}], "key_name": "tempest-TestNetworkAdvancedServerOps-1168790846", "image": {"id": "865db28e-0405-40bd-bc7b-e20cd7345e99", "links": [{"href": "http://10.0.2.15:8774/9e51d44d02b64767adf09f48538698b6/images/865db28e-0405-40bd-bc7b-e20cd7345e99", "rel": "bookmark"}]}, "OS-EXT-STS:task_state": "spawning", "OS-EXT-STS:vm_state": "building", "OS-SRV-USG:launched_at": null, "flavor": {"id": "42", "links": [{"href": "http://10.0.2.15:8774/9e51d44d02b64767adf09f48538698b6/flavors/42", "rel": "bookmark"}]}, "id": "6d2e96e5-fd9b-489a-b96f-c979db223b5f", "security_groups": [{"name": "tempest-secgroup-smoke-745367070"}], "OS-SRV-USG:terminated_at": null, "OS-EXT-AZ:availability_zone": "nova", "user_id": "9f3ee3ee3af94ec8a77084e6d27c49a5", "name": "tempest.common.compute-instance-447343536", "created": "2015-12-22T17:33:46Z", "tenant_id": "9e51d44d02b64767adf09f48538698b6", "OS-DCF:diskConfig": "MANUAL", "os-extended-volumes:volumes_attached": [], "accessIPv4": "", "accessIPv6": "", "progress": 0, "OS-EXT-STS:power_state": 0, "config_drive": "", "metadata": {}}}
2015-12-22 17:33:51,214 21583 INFO     [tempest_lib.common.rest_client] Request (TestNetworkAdvancedServerOps:test_server_connectivity_pause_unpause): 200 GET http://10.0.2.15:8774/v2.1/9e51d44d02b64767adf09f48538698b6/servers/6d2e96e5-fd9b-489a-b96f-c979db223b5f 0.252s
2015-12-22 17:33:51,214 21583 DEBUG    [tempest_lib.common.rest_client] Request - Headers: {'Content-Type': 'application/json', 'Accept': 'application/json', 'X-Auth-Token': '&lt;omitted&gt;'}
        Body: None
    Response - Headers: {'status': '200', 'content-length': '1661', 'content-location': 'http://10.0.2.15:8774/v2.1/9e51d44d02b64767adf09f48538698b6/servers/6d2e96e5-fd9b-489a-b96f-c979db223b5f', 'x-compute-request-id': 'req-7afe2361-b8e7-474c-8932-9f2cf1910980', 'vary': 'X-OpenStack-Nova-API-Version', 'connection': 'close', 'x-openstack-nova-api-version': '2.1', 'date': 'Tue, 22 Dec 2015 17:33:51 GMT', 'content-type': 'application/json'}
        Body: {"server": {"status": "ACTIVE", "updated": "2015-12-22T17:33:50Z", "hostId": "a952877cae98133e60ee019e18c6b6d339a229ff13a0c4877c1c402a", "addresses": {"tempest-network-smoke--1182836861": [{"OS-EXT-IPS-MAC:mac_addr": "fa:16:3e:e1:7e:32", "version": 4, "addr": "10.100.0.3", "OS-EXT-IPS:type": "fixed"}]}, "links": [{"href": "http://10.0.2.15:8774/v2.1/9e51d44d02b64767adf09f48538698b6/servers/6d2e96e5-fd9b-489a-b96f-c979db223b5f", "rel": "self"}, {"href": "http://10.0.2.15:8774/9e51d44d02b64767adf09f48538698b6/servers/6d2e96e5-fd9b-489a-b96f-c979db223b5f", "rel": "bookmark"}], "key_name": "tempest-TestNetworkAdvancedServerOps-1168790846", "image": {"id": "865db28e-0405-40bd-bc7b-e20cd7345e99", "links": [{"href": "http://10.0.2.15:8774/9e51d44d02b64767adf09f48538698b6/images/865db28e-0405-40bd-bc7b-e20cd7345e99", "rel": "bookmark"}]}, "OS-EXT-STS:task_state": null, "OS-EXT-STS:vm_state": "active", "OS-SRV-USG:launched_at": "2015-12-22T17:33:50.000000", "flavor": {"id": "42", "links": [{"href": "http://10.0.2.15:8774/9e51d44d02b64767adf09f48538698b6/flavors/42", "rel": "bookmark"}]}, "id": "6d2e96e5-fd9b-489a-b96f-c979db223b5f", "security_groups": [{"name": "tempest-secgroup-smoke-745367070"}], "OS-SRV-USG:terminated_at": null, "OS-EXT-AZ:availability_zone": "nova", "user_id": "9f3ee3ee3af94ec8a77084e6d27c49a5", "name": "tempest.common.compute-instance-447343536", "created": "2015-12-22T17:33:46Z", "tenant_id": "9e51d44d02b64767adf09f48538698b6", "OS-DCF:diskConfig": "MANUAL", "os-extended-volumes:volumes_attached": [], "accessIPv4": "", "accessIPv6": "", "progress": 0, "OS-EXT-STS:power_state": 1, "config_drive": "True", "metadata": {}}}
2015-12-22 17:33:51,225 21583 INFO     [tempest.common.waiters] State transition "BUILD/spawning" ==&gt; "ACTIVE/None" after 4 second wait
2015-12-22 17:33:51,429 21583 INFO     [tempest_lib.common.rest_client] Request (TestNetworkAdvancedServerOps:test_server_connectivity_pause_unpause): 200 GET http://10.0.2.15:8774/v2.1/9e51d44d02b64767adf09f48538698b6/servers/6d2e96e5-fd9b-489a-b96f-c979db223b5f 0.203s
2015-12-22 17:33:51,429 21583 DEBUG    [tempest_lib.common.rest_client] Request - Headers: {'Content-Type': 'application/json', 'Accept': 'application/json', 'X-Auth-Token': '&lt;omitted&gt;'}
        Body: None
    Response - Headers: {'status': '200', 'content-length': '1661', 'content-location': 'http://10.0.2.15:8774/v2.1/9e51d44d02b64767adf09f48538698b6/servers/6d2e96e5-fd9b-489a-b96f-c979db223b5f', 'x-compute-request-id': 'req-0b70bb2a-1faa-4fdd-be77-c4605c600951', 'vary': 'X-OpenStack-Nova-API-Version', 'connection': 'close', 'x-openstack-nova-api-version': '2.1', 'date': 'Tue, 22 Dec 2015 17:33:51 GMT', 'content-type': 'application/json'}
        Body: {"server": {"status": "ACTIVE", "updated": "2015-12-22T17:33:50Z", "hostId": "a952877cae98133e60ee019e18c6b6d339a229ff13a0c4877c1c402a", "addresses": {"tempest-network-smoke--1182836861": [{"OS-EXT-IPS-MAC:mac_addr": "fa:16:3e:e1:7e:32", "version": 4, "addr": "10.100.0.3", "OS-EXT-IPS:type": "fixed"}]}, "links": [{"href": "http://10.0.2.15:8774/v2.1/9e51d44d02b64767adf09f48538698b6/servers/6d2e96e5-fd9b-489a-b96f-c979db223b5f", "rel": "self"}, {"href": "http://10.0.2.15:8774/9e51d44d02b64767adf09f48538698b6/servers/6d2e96e5-fd9b-489a-b96f-c979db223b5f", "rel": "bookmark"}], "key_name": "tempest-TestNetworkAdvancedServerOps-1168790846", "image": {"id": "865db28e-0405-40bd-bc7b-e20cd7345e99", "links": [{"href": "http://10.0.2.15:8774/9e51d44d02b64767adf09f48538698b6/images/865db28e-0405-40bd-bc7b-e20cd7345e99", "rel": "bookmark"}]}, "OS-EXT-STS:task_state": null, "OS-EXT-STS:vm_state": "active", "OS-SRV-USG:launched_at": "2015-12-22T17:33:50.000000", "flavor": {"id": "42", "links": [{"href": "http://10.0.2.15:8774/9e51d44d02b64767adf09f48538698b6/flavors/42", "rel": "bookmark"}]}, "id": "6d2e96e5-fd9b-489a-b96f-c979db223b5f", "security_groups": [{"name": "tempest-secgroup-smoke-745367070"}], "OS-SRV-USG:terminated_at": null, "OS-EXT-AZ:availability_zone": "nova", "user_id": "9f3ee3ee3af94ec8a77084e6d27c49a5", "name": "tempest.common.compute-instance-447343536", "created": "2015-12-22T17:33:46Z", "tenant_id": "9e51d44d02b64767adf09f48538698b6", "OS-DCF:diskConfig": "MANUAL", "os-extended-volumes:volumes_attached": [], "accessIPv4": "", "accessIPv6": "", "progress": 0, "OS-EXT-STS:power_state": 1, "config_drive": "True", "metadata": {}}}
2015-12-22 17:33:51,582 21583 INFO     [tempest_lib.common.rest_client] Request (TestNetworkAdvancedServerOps:test_server_connectivity_pause_unpause): 200 GET http://10.0.2.15:9696/v2.0/ports?status=ACTIVE&amp;fixed_ip=None&amp;device_id=6d2e96e5-fd9b-489a-b96f-c979db223b5f 0.144s
2015-12-22 17:33:51,583 21583 DEBUG    [tempest_lib.common.rest_client] Request - Headers: {'Content-Type': 'application/json', 'Accept': 'application/json', 'X-Auth-Token': '&lt;omitted&gt;'}
        Body: None
    Response - Headers: {'status': '200', 'content-length': '895', 'content-location': 'http://10.0.2.15:9696/v2.0/ports?status=ACTIVE&amp;fixed_ip=None&amp;device_id=6d2e96e5-fd9b-489a-b96f-c979db223b5f', 'connection': 'close', 'date': 'Tue, 22 Dec 2015 17:33:51 GMT', 'content-type': 'application/json; charset=UTF-8', 'x-openstack-request-id': 'req-300ec1c1-ed88-44d6-8e14-b05557f4cfd0'}
        Body: {"ports": [{"status": "ACTIVE", "binding:host_id": "vagrant-ubuntu-trusty-64", "allowed_address_pairs": [], "extra_dhcp_opts": [], "dns_assignment": [{"hostname": "host-10-100-0-3", "ip_address": "10.100.0.3", "fqdn": "host-10-100-0-3.openstacklocal."}], "device_owner": "compute:None", "port_security_enabled": true, "binding:profile": {}, "fixed_ips": [{"subnet_id": "5077e66a-e116-407b-b76c-cc47da8089bd", "ip_address": "10.100.0.3"}], "id": "96b7080d-905a-449b-9b9c-3bf798651555", "security_groups": ["40a63632-56d9-48b5-bdce-6755cc66327e"], "device_id": "6d2e96e5-fd9b-489a-b96f-c979db223b5f", "name": "", "admin_state_up": true, "network_id": "94ccbebe-2178-462c-8d4a-3b7fc4dedb12", "dns_name": "", "binding:vif_details": {"port_filter": true}, "binding:vnic_type": "normal", "binding:vif_type": "ovs", "tenant_id": "9e51d44d02b64767adf09f48538698b6", "mac_address": "fa:16:3e:e1:7e:32"}]}
2015-12-22 17:33:52,188 21583 INFO     [tempest_lib.common.rest_client] Request (TestNetworkAdvancedServerOps:test_server_connectivity_pause_unpause): 201 POST http://10.0.2.15:9696/v2.0/floatingips 0.604s
2015-12-22 17:33:52,188 21583 DEBUG    [tempest_lib.common.rest_client] Request - Headers: {'Content-Type': 'application/json', 'Accept': 'application/json', 'X-Auth-Token': '&lt;omitted&gt;'}
        Body: {"floatingip": {"floating_network_id": "86f39e30-0622-48e4-b6ce-2f6aaa53fa3a", "tenant_id": "9e51d44d02b64767adf09f48538698b6", "fixed_ip_address": "10.100.0.3", "port_id": "96b7080d-905a-449b-9b9c-3bf798651555"}}
    Response - Headers: {'status': '201', 'content-length': '367', 'connection': 'close', 'date': 'Tue, 22 Dec 2015 17:33:52 GMT', 'content-type': 'application/json; charset=UTF-8', 'x-openstack-request-id': 'req-35eda281-c7b6-4371-9592-196e39cbe19c'}
        Body: {"floatingip": {"floating_network_id": "86f39e30-0622-48e4-b6ce-2f6aaa53fa3a", "router_id": "1f64262f-6dd3-4b90-ad20-23760604390f", "fixed_ip_address": "10.100.0.3", "floating_ip_address": "172.24.4.4", "tenant_id": "9e51d44d02b64767adf09f48538698b6", "status": "DOWN", "port_id": "96b7080d-905a-449b-9b9c-3bf798651555", "id": "03349b8b-4e05-42ce-9162-3391081e44a8"}}
2015-12-22 17:33:52,418 21583 INFO     [tempest_lib.common.rest_client] Request (TestNetworkAdvancedServerOps:test_server_connectivity_pause_unpause): 200 GET http://10.0.2.15:8774/v2.1/9e51d44d02b64767adf09f48538698b6/servers/6d2e96e5-fd9b-489a-b96f-c979db223b5f 0.229s
2015-12-22 17:33:52,418 21583 DEBUG    [tempest_lib.common.rest_client] Request - Headers: {'Content-Type': 'application/json', 'Accept': 'application/json', 'X-Auth-Token': '&lt;omitted&gt;'}
        Body: None
    Response - Headers: {'status': '200', 'content-length': '1661', 'content-location': 'http://10.0.2.15:8774/v2.1/9e51d44d02b64767adf09f48538698b6/servers/6d2e96e5-fd9b-489a-b96f-c979db223b5f', 'x-compute-request-id': 'req-b08dc578-a82e-4214-bde1-514e0b294d72', 'vary': 'X-OpenStack-Nova-API-Version', 'connection': 'close', 'x-openstack-nova-api-version': '2.1', 'date': 'Tue, 22 Dec 2015 17:33:52 GMT', 'content-type': 'application/json'}
        Body: {"server": {"status": "ACTIVE", "updated": "2015-12-22T17:33:50Z", "hostId": "a952877cae98133e60ee019e18c6b6d339a229ff13a0c4877c1c402a", "addresses": {"tempest-network-smoke--1182836861": [{"OS-EXT-IPS-MAC:mac_addr": "fa:16:3e:e1:7e:32", "version": 4, "addr": "10.100.0.3", "OS-EXT-IPS:type": "fixed"}]}, "links": [{"href": "http://10.0.2.15:8774/v2.1/9e51d44d02b64767adf09f48538698b6/servers/6d2e96e5-fd9b-489a-b96f-c979db223b5f", "rel": "self"}, {"href": "http://10.0.2.15:8774/9e51d44d02b64767adf09f48538698b6/servers/6d2e96e5-fd9b-489a-b96f-c979db223b5f", "rel": "bookmark"}], "key_name": "tempest-TestNetworkAdvancedServerOps-1168790846", "image": {"id": "865db28e-0405-40bd-bc7b-e20cd7345e99", "links": [{"href": "http://10.0.2.15:8774/9e51d44d02b64767adf09f48538698b6/images/865db28e-0405-40bd-bc7b-e20cd7345e99", "rel": "bookmark"}]}, "OS-EXT-STS:task_state": null, "OS-EXT-STS:vm_state": "active", "OS-SRV-USG:launched_at": "2015-12-22T17:33:50.000000", "flavor": {"id": "42", "links": [{"href": "http://10.0.2.15:8774/9e51d44d02b64767adf09f48538698b6/flavors/42", "rel": "bookmark"}]}, "id": "6d2e96e5-fd9b-489a-b96f-c979db223b5f", "security_groups": [{"name": "tempest-secgroup-smoke-745367070"}], "OS-SRV-USG:terminated_at": null, "OS-EXT-AZ:availability_zone": "nova", "user_id": "9f3ee3ee3af94ec8a77084e6d27c49a5", "name": "tempest.common.compute-instance-447343536", "created": "2015-12-22T17:33:46Z", "tenant_id": "9e51d44d02b64767adf09f48538698b6", "OS-DCF:diskConfig": "MANUAL", "os-extended-volumes:volumes_attached": [], "accessIPv4": "", "accessIPv6": "", "progress": 0, "OS-EXT-STS:power_state": 1, "config_drive": "True", "metadata": {}}}
2015-12-22 17:33:52,427 21583 INFO     [tempest.scenario.manager] Tenant networks not configured to be reachable.
2015-12-22 17:33:52,442 21583 INFO     [tempest_lib.common.rest_client] Request (TestNetworkAdvancedServerOps:test_server_connectivity_pause_unpause): 200 GET http://10.0.2.15:9696/v2.0/floatingips/03349b8b-4e05-42ce-9162-3391081e44a8 0.014s
2015-12-22 17:33:52,442 21583 DEBUG    [tempest_lib.common.rest_client] Request - Headers: {'Content-Type': 'application/json', 'Accept': 'application/json', 'X-Auth-Token': '&lt;omitted&gt;'}
        Body: None
    Response - Headers: {'status': '200', 'content-length': '367', 'content-location': 'http://10.0.2.15:9696/v2.0/floatingips/03349b8b-4e05-42ce-9162-3391081e44a8', 'connection': 'close', 'date': 'Tue, 22 Dec 2015 17:33:52 GMT', 'content-type': 'application/json; charset=UTF-8', 'x-openstack-request-id': 'req-a9183b9b-2032-4afb-a8f3-8252ac283963'}
        Body: {"floatingip": {"floating_network_id": "86f39e30-0622-48e4-b6ce-2f6aaa53fa3a", "router_id": "1f64262f-6dd3-4b90-ad20-23760604390f", "fixed_ip_address": "10.100.0.3", "floating_ip_address": "172.24.4.4", "tenant_id": "9e51d44d02b64767adf09f48538698b6", "status": "DOWN", "port_id": "96b7080d-905a-449b-9b9c-3bf798651555", "id": "03349b8b-4e05-42ce-9162-3391081e44a8"}}
2015-12-22 17:33:53,461 21583 INFO     [tempest_lib.common.rest_client] Request (TestNetworkAdvancedServerOps:test_server_connectivity_pause_unpause): 200 GET http://10.0.2.15:9696/v2.0/floatingips/03349b8b-4e05-42ce-9162-3391081e44a8 0.017s
2015-12-22 17:33:53,461 21583 DEBUG    [tempest_lib.common.rest_client] Request - Headers: {'Content-Type': 'application/json', 'Accept': 'application/json', 'X-Auth-Token': '&lt;omitted&gt;'}
        Body: None
    Response - Headers: {'status': '200', 'content-length': '369', 'content-location': 'http://10.0.2.15:9696/v2.0/floatingips/03349b8b-4e05-42ce-9162-3391081e44a8', 'connection': 'close', 'date': 'Tue, 22 Dec 2015 17:33:53 GMT', 'content-type': 'application/json; charset=UTF-8', 'x-openstack-request-id': 'req-43b28781-6ae3-4df2-aa3a-f3f8b0566452'}
        Body: {"floatingip": {"floating_network_id": "86f39e30-0622-48e4-b6ce-2f6aaa53fa3a", "router_id": "1f64262f-6dd3-4b90-ad20-23760604390f", "fixed_ip_address": "10.100.0.3", "floating_ip_address": "172.24.4.4", "tenant_id": "9e51d44d02b64767adf09f48538698b6", "status": "ACTIVE", "port_id": "96b7080d-905a-449b-9b9c-3bf798651555", "id": "03349b8b-4e05-42ce-9162-3391081e44a8"}}
2015-12-22 17:33:53,461 21583 INFO     [tempest.scenario.manager] FloatingIP: &lt;"FloatingIP" addr="172.24.4.4" id="03349b8b-4e05-42ce-9162-3391081e44a8"&gt; is at status: ACTIVE
2015-12-22 17:33:53,462 21583 DEBUG    [tempest.scenario.manager] checking network connections to IP 172.24.4.4 with user: cirros
2015-12-22 17:33:53,462 21583 DEBUG    [tempest.scenario.manager] TestNetworkAdvancedServerOps:test_server_connectivity_pause_unpause begins to ping 172.24.4.4 in 120 sec and the expected result is reachable
2015-12-22 17:35:53,765 21583 DEBUG    [tempest.scenario.manager] TestNetworkAdvancedServerOps:test_server_connectivity_pause_unpause finishes ping 172.24.4.4 in 120 sec and the ping result is unexpected
2015-12-22 17:35:53,765 21583 ERROR    [tempest.scenario.manager] Public network connectivity check failed
2015-12-22 17:35:53.765 21583 ERROR tempest.scenario.manager Traceback (most recent call last):
2015-12-22 17:35:53.765 21583 ERROR tempest.scenario.manager   File "tempest/scenario/manager.py", line 609, in check_public_network_connectivity
2015-12-22 17:35:53.765 21583 ERROR tempest.scenario.manager     should_connect=should_connect)
2015-12-22 17:35:53.765 21583 ERROR tempest.scenario.manager   File "tempest/scenario/manager.py", line 593, in check_vm_connectivity
2015-12-22 17:35:53.765 21583 ERROR tempest.scenario.manager     msg=msg)
2015-12-22 17:35:53.765 21583 ERROR tempest.scenario.manager   File "/usr/local/lib/python2.7/dist-packages/unittest2/case.py", line 702, in assertTrue
2015-12-22 17:35:53.765 21583 ERROR tempest.scenario.manager     raise self.failureException(msg)
2015-12-22 17:35:53.765 21583 ERROR tempest.scenario.manager AssertionError: False is not true : Timed out waiting for 172.24.4.4 to become reachable
2015-12-22 17:35:53.765 21583 ERROR tempest.scenario.manager 
2015-12-22 17:35:53,981 21583 INFO     [tempest_lib.common.rest_client] Request (TestNetworkAdvancedServerOps:test_server_connectivity_pause_unpause): 200 POST http://10.0.2.15:8774/v2.1/9e51d44d02b64767adf09f48538698b6/servers/6d2e96e5-fd9b-489a-b96f-c979db223b5f/action 0.213s
2015-12-22 17:35:53,982 21583 DEBUG    [tempest_lib.common.rest_client] Request - Headers: {'Content-Type': 'application/json', 'Accept': 'application/json', 'X-Auth-Token': '&lt;omitted&gt;'}
        Body: {"os-getConsoleOutput": {}}
    Response - Headers: {'status': '200', 'content-length': '17429', 'x-compute-request-id': 'req-823ddd71-5b48-4600-9c82-b50f1c61a13f', 'vary': 'X-OpenStack-Nova-API-Version', 'connection': 'close', 'x-openstack-nova-api-version': '2.1', 'date': 'Tue, 22 Dec 2015 17:35:53 GMT', 'content-type': 'application/json'}
        Body: {"output": "[    0.000000] Initializing cgroup subsys cpuset\n[    0.000000] Initializing cgroup subsys cpu\n[    0.000000] Linux version 3.2.0-80-virtual (buildd@batsu) (gcc version 4.6.3 (Ubuntu/Linaro 4.6.3-1ubuntu5) ) #116-Ubuntu SMP Mon Mar 23 17:28:52 UTC 2015 (Ubuntu 3.2.0-80.116-virtual 3.2.68)\n[    0.000000] Command line: root=/dev/vda console=tty0 console=ttyS0 no_timer_check\n[    0.000000] KERNEL supported cpus:\n[    0.000000]   Intel GenuineIntel\n[    0.000000]   AMD AuthenticAMD\n[    0.000000]   Centaur CentaurHauls\n[    0.000000] BIOS-provided physical RAM map:\n[    0.000000]  BIOS-e820: 0000000000000000 - 000000000009fc00 (usable)\n[    0.000000]  BIOS-e820: 000000000009fc00 - 00000000000a0000 (reserved)\n[    0.000000]  BIOS-e820: 00000000000f0000 - 0000000000100000 (reserved)\n[    0.000000]  BIOS-e820: 0000000000100000 - 0000000003ffe000 (usable)\n[    0.000000]  BIOS-e820: 0000000003ffe000 - 0000000004000000 (reserved)\n[    0.000000]  BIOS-e820: 00000000fffc0000 - 0000000100000000 (reserved)\n[    0.000000] NX (Execute Disable) protection: active\n[    0.000000] SMBIOS 2.4 present.\n[    0.000000] No AGP bridge found\n[    0.000000] last_pfn = 0x3ffe max_arch_pfn = 0x400000000\n[    0.000000] x86 PAT enabled: cpu 0, old 0x7040600070406, new 0x7010600070106\n[    0.000000] found SMP MP-table at [ffff8800000f0b00] f0b00\n[    0.000000] init_memory_mapping: 0000000000000000-0000000003ffe000\n[    0.000000] RAMDISK: 03c5e000 - 03ff0000\n[    0.000000] ACPI: RSDP 00000000000f0950 00014 (v00 BOCHS )\n[    0.000000] ACPI: RSDT 0000000003fffbc1 00034 (v01 BOCHS  BXPCRSDT 00000001 BXPC 00000001)\n[    0.000000] ACPI: FACP 0000000003fff1c0 00074 (v01 BOCHS  BXPCFACP 00000001 BXPC 00000001)\n[    0.000000] ACPI: DSDT 0000000003ffe040 01180 (v01 BOCHS  BXPCDSDT 00000001 BXPC 00000001)\n[    0.000000] ACPI: FACS 0000000003ffe000 00040\n[    0.000000] ACPI: SSDT 0000000003fff234 008DD (v01 BOCHS  BXPCSSDT 00000001 BXPC 00000001)\n[    0.000000] ACPI: APIC 0000000003fffb11 00078 (v01 BOCHS  BXPCAPIC 00000001 BXPC 00000001)\n[    0.000000] ACPI: HPET 0000000003fffb89 00038 (v01 BOCHS  BXPCHPET 00000001 BXPC 00000001)\n[    0.000000] No NUMA configuration found\n[    0.000000] Faking a node at 0000000000000000-0000000003ffe000\n[    0.000000] Initmem setup node 0 0000000000000000-0000000003ffe000\n[    0.000000]   NODE_DATA [0000000003ff6000 - 0000000003ffafff]\n[    0.000000] Zone PFN ranges:\n[    0.000000]   DMA      0x00000010 -&gt; 0x00001000\n[    0.000000]   DMA32    0x00001000 -&gt; 0x00100000\n[    0.000000]   Normal   empty\n[    0.000000] Movable zone start PFN for each node\n[    0.000000] early_node_map[2] active PFN ranges\n[    0.000000]     0: 0x00000010 -&gt; 0x0000009f\n[    0.000000]     0: 0x00000100 -&gt; 0x00003ffe\n[    0.000000] ACPI: PM-Timer IO Port: 0xb008\n[    0.000000] ACPI: LAPIC (acpi_id[0x00] lapic_id[0x00] enabled)\n[    0.000000] ACPI: LAPIC_NMI (acpi_id[0xff] dfl dfl lint[0x1])\n[    0.000000] ACPI: IOAPIC (id[0x00] address[0xfec00000] gsi_base[0])\n[    0.000000] IOAPIC[0]: apic_id 0, version 17, address 0xfec00000, GSI 0-23\n[    0.000000] ACPI: INT_SRC_OVR (bus 0 bus_irq 0 global_irq 2 dfl dfl)\n[    0.000000] ACPI: INT_SRC_OVR (bus 0 bus_irq 5 global_irq 5 high level)\n[    0.000000] ACPI: INT_SRC_OVR (bus 0 bus_irq 9 global_irq 9 high level)\n[    0.000000] ACPI: INT_SRC_OVR (bus 0 bus_irq 10 global_irq 10 high level)\n[    0.000000] ACPI: INT_SRC_OVR (bus 0 bus_irq 11 global_irq 11 high level)\n[    0.000000] Using ACPI (MADT) for SMP configuration information\n[    0.000000] ACPI: HPET id: 0x8086a201 base: 0xfed00000\n[    0.000000] SMP: Allowing 1 CPUs, 0 hotplug CPUs\n[    0.000000] PM: Registered nosave memory: 000000000009f000 - 00000000000a0000\n[    0.000000] PM: Registered nosave memory: 00000000000a0000 - 00000000000f0000\n[    0.000000] PM: Registered nosave memory: 00000000000f0000 - 0000000000100000\n[    0.000000] Allocating PCI resources starting at 4000000 (gap: 4000000:fbfc0000)\n[    0.000000] Booting paravirtualized kernel on bare hardware\n[    0.000000] setup_pe
2015-12-22 17:35:53,983 21583 DEBUG    [tempest.scenario.manager] Console output for 6d2e96e5-fd9b-489a-b96f-c979db223b5f
body=
[    0.000000] Initializing cgroup subsys cpuset
[    0.000000] Initializing cgroup subsys cpu
[    0.000000] Linux version 3.2.0-80-virtual (buildd@batsu) (gcc version 4.6.3 (Ubuntu/Linaro 4.6.3-1ubuntu5) ) #116-Ubuntu SMP Mon Mar 23 17:28:52 UTC 2015 (Ubuntu 3.2.0-80.116-virtual 3.2.68)
[    0.000000] Command line: root=/dev/vda console=tty0 console=ttyS0 no_timer_check
[    0.000000] KERNEL supported cpus:
[    0.000000]   Intel GenuineIntel
[    0.000000]   AMD AuthenticAMD
[    0.000000]   Centaur CentaurHauls
[    0.000000] BIOS-provided physical RAM map:
[    0.000000]  BIOS-e820: 0000000000000000 - 000000000009fc00 (usable)
[    0.000000]  BIOS-e820: 000000000009fc00 - 00000000000a0000 (reserved)
[    0.000000]  BIOS-e820: 00000000000f0000 - 0000000000100000 (reserved)
[    0.000000]  BIOS-e820: 0000000000100000 - 0000000003ffe000 (usable)
[    0.000000]  BIOS-e820: 0000000003ffe000 - 0000000004000000 (reserved)
[    0.000000]  BIOS-e820: 00000000fffc0000 - 0000000100000000 (reserved)
[    0.000000] NX (Execute Disable) protection: active
[    0.000000] SMBIOS 2.4 present.
[    0.000000] No AGP bridge found
[    0.000000] last_pfn = 0x3ffe max_arch_pfn = 0x400000000
[    0.000000] x86 PAT enabled: cpu 0, old 0x7040600070406, new 0x7010600070106
[    0.000000] found SMP MP-table at [ffff8800000f0b00] f0b00
[    0.000000] init_memory_mapping: 0000000000000000-0000000003ffe000
[    0.000000] RAMDISK: 03c5e000 - 03ff0000
[    0.000000] ACPI: RSDP 00000000000f0950 00014 (v00 BOCHS )
[    0.000000] ACPI: RSDT 0000000003fffbc1 00034 (v01 BOCHS  BXPCRSDT 00000001 BXPC 00000001)
[    0.000000] ACPI: FACP 0000000003fff1c0 00074 (v01 BOCHS  BXPCFACP 00000001 BXPC 00000001)
[    0.000000] ACPI: DSDT 0000000003ffe040 01180 (v01 BOCHS  BXPCDSDT 00000001 BXPC 00000001)
[    0.000000] ACPI: FACS 0000000003ffe000 00040
[    0.000000] ACPI: SSDT 0000000003fff234 008DD (v01 BOCHS  BXPCSSDT 00000001 BXPC 00000001)
[    0.000000] ACPI: APIC 0000000003fffb11 00078 (v01 BOCHS  BXPCAPIC 00000001 BXPC 00000001)
[    0.000000] ACPI: HPET 0000000003fffb89 00038 (v01 BOCHS  BXPCHPET 00000001 BXPC 00000001)
[    0.000000] No NUMA configuration found
[    0.000000] Faking a node at 0000000000000000-0000000003ffe000
[    0.000000] Initmem setup node 0 0000000000000000-0000000003ffe000
[    0.000000]   NODE_DATA [0000000003ff6000 - 0000000003ffafff]
[    0.000000] Zone PFN ranges:
[    0.000000]   DMA      0x00000010 -&gt; 0x00001000
[    0.000000]   DMA32    0x00001000 -&gt; 0x00100000
[    0.000000]   Normal   empty
[    0.000000] Movable zone start PFN for each node
[    0.000000] early_node_map[2] active PFN ranges
[    0.000000]     0: 0x00000010 -&gt; 0x0000009f
[    0.000000]     0: 0x00000100 -&gt; 0x00003ffe
[    0.000000] ACPI: PM-Timer IO Port: 0xb008
[    0.000000] ACPI: LAPIC (acpi_id[0x00] lapic_id[0x00] enabled)
[    0.000000] ACPI: LAPIC_NMI (acpi_id[0xff] dfl dfl lint[0x1])
[    0.000000] ACPI: IOAPIC (id[0x00] address[0xfec00000] gsi_base[0])
[    0.000000] IOAPIC[0]: apic_id 0, version 17, address 0xfec00000, GSI 0-23
[    0.000000] ACPI: INT_SRC_OVR (bus 0 bus_irq 0 global_irq 2 dfl dfl)
[    0.000000] ACPI: INT_SRC_OVR (bus 0 bus_irq 5 global_irq 5 high level)
[    0.000000] ACPI: INT_SRC_OVR (bus 0 bus_irq 9 global_irq 9 high level)
[    0.000000] ACPI: INT_SRC_OVR (bus 0 bus_irq 10 global_irq 10 high level)
[    0.000000] ACPI: INT_SRC_OVR (bus 0 bus_irq 11 global_irq 11 high level)
[    0.000000] Using ACPI (MADT) for SMP configuration information
[    0.000000] ACPI: HPET id: 0x8086a201 base: 0xfed00000
[    0.000000] SMP: Allowing 1 CPUs, 0 hotplug CPUs
[    0.000000] PM: Registered nosave memory: 000000000009f000 - 00000000000a0000
[    0.000000] PM: Registered nosave memory: 00000000000a0000 - 00000000000f0000
[    0.000000] PM: Registered nosave memory: 00000000000f0000 - 0000000000100000
[    0.000000] Allocating PCI resources starting at 4000000 (gap: 4000000:fbfc0000)
[    0.000000] Booting paravirtualized kernel on bare hardware
[    0.000000] setup_percpu: NR_CPUS:64 nr_cpumask_bits:64 nr_cpu_ids:1 nr_node_ids:1
[    0.000000] PERCPU: Embedded 27 pages/cpu @ffff880003a00000 s78848 r8192 d23552 u2097152
[    0.000000] Built 1 zonelists in Node order, mobility grouping on.  Total pages: 16008
[    0.000000] Policy zone: DMA32
[    0.000000] Kernel command line: root=/dev/vda console=tty0 console=ttyS0 no_timer_check
[    0.000000] PID hash table entries: 256 (order: -1, 2048 bytes)
[    0.000000] Checking aperture...
[    0.000000] No AGP bridge found
[    0.000000] Memory: 43492k/65528k available (6576k kernel code, 452k absent, 21584k reserved, 6620k data, 928k init)
[    0.000000] SLUB: Genslabs=15, HWalign=64, Order=0-3, MinObjects=0, CPUs=1, Nodes=1
[    0.000000] Hierarchical RCU implementation.
[    0.000000] 	RCU dyntick-idle grace-period acceleration is enabled.
[    0.000000] NR_IRQS:4352 nr_irqs:256 16
[    0.000000] Console: colour VGA+ 80x25
[    0.000000] console [tty0] enabled
[    0.000000] console [ttyS0] enabled
[    0.000000] allocated 1048576 bytes of page_cgroup
[    0.000000] please try 'cgroup_disable=memory' option if you don't want memory cgroups
[    0.000000] Fast TSC calibration failed
[    0.000000] TSC: Unable to calibrate against PIT
[    0.000000] TSC: using HPET reference calibration
[    0.000000] Detected 2293.133 MHz processor.
[    0.032912] Calibrating delay loop (skipped), value calculated using timer frequency.. 4586.26 BogoMIPS (lpj=9172532)
[    0.036222] pid_max: default: 32768 minimum: 301
[    0.046138] Security Framework initialized
[    0.051440] AppArmor: AppArmor initialized
[    0.052117] Yama: becoming mindful.
[    0.060660] Dentry cache hash table entries: 8192 (order: 4, 65536 bytes)
[    0.062655] Inode-cache hash table entries: 4096 (order: 3, 32768 bytes)
[    0.064506] Mount-cache hash table entries: 256
[    0.082043] Initializing cgroup subsys cpuacct
[    0.082982] Initializing cgroup subsys memory
[    0.084796] Initializing cgroup subsys devices
[    0.085722] Initializing cgroup subsys freezer
[    0.086427] Initializing cgroup subsys blkio
[    0.088201] Initializing cgroup subsys perf_event
[    0.093360] mce: CPU supports 10 MCE banks
[    0.098027] SMP alternatives: switching to UP code
[    0.462748] Freeing SMP alternatives: 24k freed
[    0.464433] ACPI: Core revision 20110623
[    0.513350] ftrace: allocating 26610 entries in 105 pages
[    0.552033] ..TIMER: vector=0x30 apic1=0 pin1=2 apic2=-1 pin2=-1
[    0.552209] CPU0: AMD QEMU Virtual CPU version 2.0.0 stepping 03
[    0.556034] Performance Events: Broken PMU hardware detected, using software events only.
[    0.564461] NMI watchdog disabled (cpu0): hardware events not enabled
[    0.566299] Brought up 1 CPUs
[    0.568110] Total of 1 processors activated (4586.26 BogoMIPS).
[    0.592524] devtmpfs: initialized
[    0.623379] EVM: security.selinux
[    0.624093] EVM: security.SMACK64
[    0.624557] EVM: security.capability
[    0.644785] print_constraints: dummy: 
[    0.646323] RTC time: 17:33:54, date: 12/22/15
[    0.649189] NET: Registered protocol family 16
[    0.658032] ACPI: bus type pci registered
[    0.661957] PCI: Using configuration type 1 for base access
[    0.701731] bio: create slab &lt;bio-0&gt; at 0
[    0.705871] ACPI: Added _OSI(Module Device)
[    0.706509] ACPI: Added _OSI(Processor Device)
[    0.708118] ACPI: Added _OSI(3.0 _SCP Extensions)
[    0.708710] ACPI: Added _OSI(Processor Aggregator Device)
[    0.793298] ACPI: Interpreter enabled
[    0.793841] ACPI: (supports S0 S3 S4 S5)
[    0.796239] ACPI: Using IOAPIC for interrupt routing
[    0.876755] ACPI: No dock devices found.
[    0.877566] HEST: Table not found.
[    0.878304] PCI: Using host bridge windows from ACPI; if necessary, use "pci=nocrs" and report a bug
[    0.885612] ACPI: PCI Root Bridge [PCI0] (domain 0000 [bus 00-ff])
[    0.891274] pci_root PNP0A03:00: host bridge window [io  0x0000-0x0cf7]
[    0.892160] pci_root PNP0A03:00: host bridge window [io  0x0d00-0xadff]
[    0.892979] pci_root PNP0A03:00: host bridge window [io  0xae0f-0xaeff]
[    0.893839] pci_root PNP0A03:00: host bridge window [io  0xaf20-0xafdf]
[    0.896104] pci_root PNP0A03:00: host bridge window [io  0xafe4-0xffff]
[    0.897009] pci_root PNP0A03:00: host bridge window [mem 0x000a0000-0x000bffff]
[    0.897974] pci_root PNP0A03:00: host bridge window [mem 0x04000000-0xfebfffff]
[    0.920631] pci 0000:00:01.3: quirk: [io  0xb000-0xb03f] claimed by PIIX4 ACPI
[    0.921532] pci 0000:00:01.3: quirk: [io  0xb100-0xb10f] claimed by PIIX4 SMB
[    0.989251]  pci0000:00: Unable to request _OSC control (_OSC support mask: 0x1e)
[    1.056450] ACPI: PCI Interrupt Link [LNKA] (IRQs 5 *10 11)
[    1.058721] ACPI: PCI Interrupt Link [LNKB] (IRQs 5 *10 11)
[    1.061501] ACPI: PCI Interrupt Link [LNKC] (IRQs 5 10 *11)
[    1.065386] ACPI: PCI Interrupt Link [LNKD] (IRQs 5 10 *11)
[    1.066821] ACPI: PCI Interrupt Link [LNKS] (IRQs *9)
[    1.074389] vgaarb: device added: PCI:0000:00:02.0,decodes=io+mem,owns=io+mem,locks=none
[    1.075391] vgaarb: loaded
[    1.076205] vgaarb: bridge control possible 0000:00:02.0
[    1.080655] i2c-core: driver [aat2870] using legacy suspend method
[    1.081371] i2c-core: driver [aat2870] using legacy resume method
[    1.086150] SCSI subsystem initialized
[    1.089777] usbcore: registered new interface driver usbfs
[    1.090576] usbcore: registered new interface driver hub
[    1.093171] usbcore: registered new device driver usb
[    1.098546] PCI: Using ACPI for IRQ routing
[    1.111042] NetLabel: Initializing
[    1.112139] NetLabel:  domain hash size = 128
[    1.112746] NetLabel:  protocols = UNLABELED CIPSOv4
[    1.115016] NetLabel:  unlabeled traffic allowed by default
[    1.117937] HPET: 3 timers in total, 0 timers will be used for per-cpu timer
[    1.120695] hpet0: at MMIO 0xfed00000, IRQs 2, 8, 0
[    1.121614] hpet0: 3 comparators, 64-bit 100.000000 MHz counter
[    1.133554] Switching to clocksource hpet
[    1.379939] AppArmor: AppArmor Filesystem Enabled
[    1.382492] pnp: PnP ACPI init
[    1.383126] ACPI: bus type pnp registered
[    1.403161] pnp: PnP ACPI: found 9 devices
[    1.403866] ACPI: ACPI bus type pnp unregistered
[    1.467412] NET: Registered protocol family 2
[    1.505357] IP route cache hash table entries: 512 (order: 0, 4096 bytes)
[    1.514148] TCP established hash table entries: 2048 (order: 3, 32768 bytes)
[    1.515689] TCP bind hash table entries: 2048 (order: 3, 32768 bytes)
[    1.517675] TCP: Hash tables configured (established 2048 bind 2048)
[    1.518960] TCP reno registered
[    1.519553] UDP hash table entries: 128 (order: 0, 4096 bytes)
[    1.521442] UDP-Lite hash table entries: 128 (order: 0, 4096 bytes)
[    1.525617] NET: Registered protocol family 1
[    1.527118] pci 0000:00:00.0: Limiting direct PCI/PCI transfers
[    1.529647] pci 0000:00:01.0: PIIX3: Enabling Passive Release
[    1.531322] pci 0000:00:01.0: Activating ISA DMA hang workarounds
[    1.546559] ACPI: PCI Interrupt Link [LNKD] enabled at IRQ 11
[    1.547762] pci 0000:00:01.2: PCI INT D -&gt; Link[LNKD] -&gt; GSI 11 (level, high) -&gt; IRQ 11
[    1.551051] pci 0000:00:01.2: PCI INT D disabled
[    1.573443] Trying to unpack rootfs image as initramfs...
[    1.595311] audit: initializing netlink socket (disabled)
[    1.597732] type=2000 audit(1450805634.596:1): initialized
[    1.906169] HugeTLB registered 2 MB page size, pre-allocated 0 pages
[    1.993327] VFS: Disk quotas dquot_6.5.2
[    1.994324] Dquot-cache hash table entries: 512 (order 0, 4096 bytes)
[    2.010510] fuse init (API version 7.17)
[    2.019029] msgmni has been set to 84
[    2.054962] Block layer SCSI generic (bsg) driver version 0.4 loaded (major 253)
[    2.061398] io scheduler noop registered
[    2.062025] io scheduler deadline registered (default)
[    2.063126] io scheduler cfq registered
[    2.066888] pci_hotplug: PCI Hot Plug PCI Core version: 0.5
[    2.069721] pciehp: PCI Express Hot Plug Controller Driver version: 0.4
[    2.074922] input: Power Button as /devices/LNXSYSTM:00/LNXPWRBN:00/input/input0
[    2.077335] ACPI: Power Button [PWRF]
[    2.122372] ERST: Table is not found!
[    2.122912] GHES: HEST is not enabled!
[    2.134288] ACPI: PCI Interrupt Link [LNKC] enabled at IRQ 10
[    2.135058] virtio-pci 0000:00:03.0: PCI INT A -&gt; Link[LNKC] -&gt; GSI 10 (level, high) -&gt; IRQ 10
[    2.139019] virtio-pci 0000:00:04.0: PCI INT A -&gt; Link[LNKD] -&gt; GSI 11 (level, high) -&gt; IRQ 11
[    2.155906] ACPI: PCI Interrupt Link [LNKA] enabled at IRQ 10
[    2.157088] virtio-pci 0000:00:05.0: PCI INT A -&gt; Link[LNKA] -&gt; GSI 10 (level, high) -&gt; IRQ 10
[    2.178786] Serial: 8250/16550 driver, 32 ports, IRQ sharing enabled
[    2.215207] serial8250: ttyS0 at I/O 0x3f8 (irq = 4) is a 16550A
[    2.281232] serial8250: ttyS1 at I/O 0x2f8 (irq = 3) is a 16550A
[    2.422258] 00:05: ttyS0 at I/O 0x3f8 (irq = 4) is a 16550A
[    2.502160] 00:06: ttyS1 at I/O 0x2f8 (irq = 3) is a 16550A
[    2.547099] Linux agpgart interface v0.103
[    2.558066] Refined TSC clocksource calibration: 2293.137 MHz.
[    2.558810] Switching to clocksource tsc
[    2.618607] brd: module loaded
[    2.654440] loop: module loaded
[    2.701561]  vda: unknown partition table
[    2.754803] scsi0 : ata_piix
[    2.757981] scsi1 : ata_piix
[    2.759285] ata1: PATA max MWDMA2 cmd 0x1f0 ctl 0x3f6 bmdma 0xc0a0 irq 14
[    2.760040] ata2: PATA max MWDMA2 cmd 0x170 ctl 0x376 bmdma 0xc0a8 irq 15
[    2.771149] Fixed MDIO Bus: probed
[    2.772073] tun: Universal TUN/TAP device driver, 1.6
[    2.773172] tun: (C) 1999-2004 Max Krasnyansky &lt;maxk@qualcomm.com&gt;
[    2.788021] PPP generic driver version 2.4.2
[    2.815751] ehci_hcd: USB 2.0 'Enhanced' Host Controller (EHCI) Driver
[    2.817518] ohci_hcd: USB 1.1 'Open' Host Controller (OHCI) Driver
[    2.818496] uhci_hcd: USB Universal Host Controller Interface driver
[    2.819337] uhci_hcd 0000:00:01.2: PCI INT D -&gt; Link[LNKD] -&gt; GSI 11 (level, high) -&gt; IRQ 11
[    2.823075] uhci_hcd 0000:00:01.2: UHCI Host Controller
[    2.826786] uhci_hcd 0000:00:01.2: new USB bus registered, assigned bus number 1
[    2.829249] uhci_hcd 0000:00:01.2: irq 11, io base 0x0000c040
[    2.851181] hub 1-0:1.0: USB hub found
[    2.853221] hub 1-0:1.0: 2 ports detected
[    2.860581] usbcore: registered new interface driver libusual
[    2.864535] i8042: PNP: PS/2 Controller [PNP0303:KBD,PNP0f13:MOU] at 0x60,0x64 irq 1,12
[    2.876477] serio: i8042 KBD port at 0x60,0x64 irq 1
[    2.878751] serio: i8042 AUX port at 0x60,0x64 irq 12
[    2.926100] mousedev: PS/2 mouse device common for all mice
[    2.935005] input: AT Translated Set 2 keyboard as /devices/platform/i8042/serio0/input/input1
[    2.940022] rtc_cmos 00:01: RTC can wake from S4
[    2.952116] rtc_cmos 00:01: rtc core: registered rtc_cmos as rtc0
[    2.955918] rtc0: alarms up to one day, 114 bytes nvram, hpet irqs
[    2.960358] device-mapper: uevent: version 1.0.3
[    2.983889] device-mapper: ioctl: 4.22.0-ioctl (2011-10-19) initialised: dm-devel@redhat.com
[    2.988038] cpuidle: using governor ladder
[    2.989122] cpuidle: using governor menu
[    2.990599] EFI Variables Facility v0.08 2004-May-17
[    3.003014] TCP cubic registered
[    3.009172] NET: Registered protocol family 10
[    3.044774] NET: Registered protocol family 17
[    3.047057] Registering the dns_resolver key type
[    3.065379] ata2.01: ATAPI: QEMU DVD-ROM, 2.0.0, max UDMA/100
[    3.085203] ata2.01: configured for MWDMA2
[    3.122655] scsi 1:0:1:0: CD-ROM            QEMU     QEMU DVD-ROM     2.0. PQ: 0 ANSI: 5
[    3.156018] sr0: scsi3-mmc drive: 4x/4x cd/rw xa/form2 tray
[    3.158603] cdrom: Uniform CD-ROM driver Revision: 3.20
[    3.181494] sr 1:0:1:0: Attached scsi generic sg0 type 5
[    3.215572] registered taskstats version 1
[    3.315458] Freeing initrd memory: 3656k freed
[    3.846794]   Magic number: 11:523:593
[    3.858076] rtc_cmos 00:01: setting system clock to 2015-12-22 17:33:57 UTC (1450805637)
[    3.862135] powernow-k8: Processor cpuid 663 not supported
[    3.869045] BIOS EDD facility v0.16 2004-Jun-25, 0 devices found
[    3.870761] EDD information not available.
[    3.933808] Freeing unused kernel memory: 928k freed
[    3.941158] Write protecting the kernel read-only data: 12288k
[    4.020042] Freeing unused kernel memory: 1596k freed
[    4.079836] Freeing unused kernel memory: 1184k freed

info: initramfs: up at 4.25
modprobe: module virtio_blk not found in modules.dep
modprobe: module virtio_net not found in modules.dep
info: copying initramfs to /dev/vda
info: initramfs loading root from /dev/vda
info: /etc/init.d/rc.sysinit: up at 8.95
info: container: none
Starting logging: OK
modprobe: module virtio_blk not found in modules.dep
modprobe: module virtio_net not found in modules.dep
WARN: /etc/rc3.d/S10-load-modules failed
Initializing random number generator... done.
Starting acpid: OK
cirros-ds 'local' up at 11.55
found datasource (configdrive, local)
Starting network...
udhcpc (v1.20.1) started
Sending discover...
Sending discover...

2015-12-22 17:35:54,270 21583 INFO     [tempest_lib.common.rest_client] Request (TestNetworkAdvancedServerOps:_run_cleanups): 204 DELETE http://10.0.2.15:9696/v2.0/floatingips/03349b8b-4e05-42ce-9162-3391081e44a8 0.281s
2015-12-22 17:35:54,270 21583 DEBUG    [tempest_lib.common.rest_client] Request - Headers: {'Content-Type': 'application/json', 'Accept': 'application/json', 'X-Auth-Token': '&lt;omitted&gt;'}
        Body: None
    Response - Headers: {'date': 'Tue, 22 Dec 2015 17:35:54 GMT', 'status': '204', 'connection': 'close', 'content-length': '0', 'x-openstack-request-id': 'req-713a1d4c-e8df-473a-865b-2f4b7055dc83'}
        Body: 
2015-12-22 17:35:54,644 21583 INFO     [tempest_lib.common.rest_client] Request (TestNetworkAdvancedServerOps:_run_cleanups): 204 DELETE http://10.0.2.15:8774/v2.1/9e51d44d02b64767adf09f48538698b6/servers/6d2e96e5-fd9b-489a-b96f-c979db223b5f 0.373s
2015-12-22 17:35:54,645 21583 DEBUG    [tempest_lib.common.rest_client] Request - Headers: {'Content-Type': 'application/json', 'Accept': 'application/json', 'X-Auth-Token': '&lt;omitted&gt;'}
        Body: None
    Response - Headers: {'status': '204', 'content-length': '0', 'x-compute-request-id': 'req-9705abd7-0e6e-4bb2-bc09-b238521b2768', 'vary': 'X-OpenStack-Nova-API-Version', 'connection': 'close', 'x-openstack-nova-api-version': '2.1', 'date': 'Tue, 22 Dec 2015 17:35:54 GMT', 'content-type': 'application/json'}
        Body: 
2015-12-22 17:35:54,858 21583 INFO     [tempest_lib.common.rest_client] Request (TestNetworkAdvancedServerOps:_run_cleanups): 200 GET http://10.0.2.15:8774/v2.1/9e51d44d02b64767adf09f48538698b6/servers/6d2e96e5-fd9b-489a-b96f-c979db223b5f 0.212s
2015-12-22 17:35:54,859 21583 DEBUG    [tempest_lib.common.rest_client] Request - Headers: {'Content-Type': 'application/json', 'Accept': 'application/json', 'X-Auth-Token': '&lt;omitted&gt;'}
        Body: None
    Response - Headers: {'status': '200', 'content-length': '1784', 'content-location': 'http://10.0.2.15:8774/v2.1/9e51d44d02b64767adf09f48538698b6/servers/6d2e96e5-fd9b-489a-b96f-c979db223b5f', 'x-compute-request-id': 'req-ed08834b-8550-4ff1-92c8-0817d7bf990a', 'vary': 'X-OpenStack-Nova-API-Version', 'connection': 'close', 'x-openstack-nova-api-version': '2.1', 'date': 'Tue, 22 Dec 2015 17:35:54 GMT', 'content-type': 'application/json'}
        Body: {"server": {"status": "ACTIVE", "updated": "2015-12-22T17:35:54Z", "hostId": "a952877cae98133e60ee019e18c6b6d339a229ff13a0c4877c1c402a", "addresses": {"tempest-network-smoke--1182836861": [{"OS-EXT-IPS-MAC:mac_addr": "fa:16:3e:e1:7e:32", "version": 4, "addr": "10.100.0.3", "OS-EXT-IPS:type": "fixed"}, {"OS-EXT-IPS-MAC:mac_addr": "fa:16:3e:e1:7e:32", "version": 4, "addr": "172.24.4.4", "OS-EXT-IPS:type": "floating"}]}, "links": [{"href": "http://10.0.2.15:8774/v2.1/9e51d44d02b64767adf09f48538698b6/servers/6d2e96e5-fd9b-489a-b96f-c979db223b5f", "rel": "self"}, {"href": "http://10.0.2.15:8774/9e51d44d02b64767adf09f48538698b6/servers/6d2e96e5-fd9b-489a-b96f-c979db223b5f", "rel": "bookmark"}], "key_name": "tempest-TestNetworkAdvancedServerOps-1168790846", "image": {"id": "865db28e-0405-40bd-bc7b-e20cd7345e99", "links": [{"href": "http://10.0.2.15:8774/9e51d44d02b64767adf09f48538698b6/images/865db28e-0405-40bd-bc7b-e20cd7345e99", "rel": "bookmark"}]}, "OS-EXT-STS:task_state": "deleting", "OS-EXT-STS:vm_state": "active", "OS-SRV-USG:launched_at": "2015-12-22T17:33:50.000000", "flavor": {"id": "42", "links": [{"href": "http://10.0.2.15:8774/9e51d44d02b64767adf09f48538698b6/flavors/42", "rel": "bookmark"}]}, "id": "6d2e96e5-fd9b-489a-b96f-c979db223b5f", "security_groups": [{"name": "tempest-secgroup-smoke-745367070"}], "OS-SRV-USG:terminated_at": null, "OS-EXT-AZ:availability_zone": "nova", "user_id": "9f3ee3ee3af94ec8a77084e6d27c49a5", "name": "tempest.common.compute-instance-447343536", "created": "2015-12-22T17:33:46Z", "tenant_id": "9e51d44d02b64767adf09f48538698b6", "OS-DCF:diskConfig": "MANUAL", "os-extended-volumes:volumes_attached": [], "accessIPv4": "", "accessIPv6": "", "progress": 0, "OS-EXT-STS:power_state": 1, "config_drive": "True", "metadata": {}}}
2015-12-22 17:35:56,044 21583 INFO     [tempest_lib.common.rest_client] Request (TestNetworkAdvancedServerOps:_run_cleanups): 200 GET http://10.0.2.15:8774/v2.1/9e51d44d02b64767adf09f48538698b6/servers/6d2e96e5-fd9b-489a-b96f-c979db223b5f 0.170s
2015-12-22 17:35:56,045 21583 DEBUG    [tempest_lib.common.rest_client] Request - Headers: {'Content-Type': 'application/json', 'Accept': 'application/json', 'X-Auth-Token': '&lt;omitted&gt;'}
        Body: None
    Response - Headers: {'status': '200', 'content-length': '1717', 'content-location': 'http://10.0.2.15:8774/v2.1/9e51d44d02b64767adf09f48538698b6/servers/6d2e96e5-fd9b-489a-b96f-c979db223b5f', 'x-compute-request-id': 'req-acdc34bc-84b3-4d1c-bfb2-b480c6a54af3', 'vary': 'X-OpenStack-Nova-API-Version', 'connection': 'close', 'x-openstack-nova-api-version': '2.1', 'date': 'Tue, 22 Dec 2015 17:35:56 GMT', 'content-type': 'application/json'}
        Body: {"server": {"status": "ACTIVE", "updated": "2015-12-22T17:35:55Z", "hostId": "a952877cae98133e60ee019e18c6b6d339a229ff13a0c4877c1c402a", "addresses": {"tempest-network-smoke--1182836861": [{"OS-EXT-IPS-MAC:mac_addr": "fa:16:3e:e1:7e:32", "version": 4, "addr": "10.100.0.3", "OS-EXT-IPS:type": "fixed"}, {"OS-EXT-IPS-MAC:mac_addr": "fa:16:3e:e1:7e:32", "version": 4, "addr": "172.24.4.4", "OS-EXT-IPS:type": "floating"}]}, "links": [{"href": "http://10.0.2.15:8774/v2.1/9e51d44d02b64767adf09f48538698b6/servers/6d2e96e5-fd9b-489a-b96f-c979db223b5f", "rel": "self"}, {"href": "http://10.0.2.15:8774/9e51d44d02b64767adf09f48538698b6/servers/6d2e96e5-fd9b-489a-b96f-c979db223b5f", "rel": "bookmark"}], "key_name": "tempest-TestNetworkAdvancedServerOps-1168790846", "image": {"id": "865db28e-0405-40bd-bc7b-e20cd7345e99", "links": [{"href": "http://10.0.2.15:8774/9e51d44d02b64767adf09f48538698b6/images/865db28e-0405-40bd-bc7b-e20cd7345e99", "rel": "bookmark"}]}, "OS-EXT-STS:task_state": "deleting", "OS-EXT-STS:vm_state": "active", "OS-SRV-USG:launched_at": "2015-12-22T17:33:50.000000", "flavor": {"id": "42", "links": [{"href": "http://10.0.2.15:8774/9e51d44d02b64767adf09f48538698b6/flavors/42", "rel": "bookmark"}]}, "id": "6d2e96e5-fd9b-489a-b96f-c979db223b5f", "OS-SRV-USG:terminated_at": null, "OS-EXT-AZ:availability_zone": "nova", "user_id": "9f3ee3ee3af94ec8a77084e6d27c49a5", "name": "tempest.common.compute-instance-447343536", "created": "2015-12-22T17:33:46Z", "tenant_id": "9e51d44d02b64767adf09f48538698b6", "OS-DCF:diskConfig": "MANUAL", "os-extended-volumes:volumes_attached": [], "accessIPv4": "", "accessIPv6": "", "progress": 0, "OS-EXT-STS:power_state": 1, "config_drive": "True", "metadata": {}}}
2015-12-22 17:35:57,147 21583 INFO     [tempest_lib.common.rest_client] Request (TestNetworkAdvancedServerOps:_run_cleanups): 404 GET http://10.0.2.15:8774/v2.1/9e51d44d02b64767adf09f48538698b6/servers/6d2e96e5-fd9b-489a-b96f-c979db223b5f 0.083s
2015-12-22 17:35:57,148 21583 DEBUG    [tempest_lib.common.rest_client] Request - Headers: {'Content-Type': 'application/json', 'Accept': 'application/json', 'X-Auth-Token': '&lt;omitted&gt;'}
        Body: None
    Response - Headers: {'status': '404', 'content-length': '111', 'x-compute-request-id': 'req-2fb4021d-cff2-41a5-b837-54156dded988', 'vary': 'X-OpenStack-Nova-API-Version', 'connection': 'close', 'x-openstack-nova-api-version': '2.1', 'date': 'Tue, 22 Dec 2015 17:35:57 GMT', 'content-type': 'application/json; charset=UTF-8'}
        Body: {"itemNotFound": {"message": "Instance 6d2e96e5-fd9b-489a-b96f-c979db223b5f could not be found.", "code": 404}}
2015-12-22 17:35:57,591 21583 INFO     [tempest_lib.common.rest_client] Request (TestNetworkAdvancedServerOps:_run_cleanups): 200 PUT http://10.0.2.15:9696/v2.0/routers/1f64262f-6dd3-4b90-ad20-23760604390f/remove_router_interface 0.441s
2015-12-22 17:35:57,591 21583 DEBUG    [tempest_lib.common.rest_client] Request - Headers: {'Content-Type': 'application/json', 'Accept': 'application/json', 'X-Auth-Token': '&lt;omitted&gt;'}
        Body: {"subnet_id": "5077e66a-e116-407b-b76c-cc47da8089bd"}
    Response - Headers: {'status': '200', 'content-length': '255', 'connection': 'close', 'date': 'Tue, 22 Dec 2015 17:35:57 GMT', 'content-type': 'application/json; charset=UTF-8', 'x-openstack-request-id': 'req-10ef790b-9518-4e7a-b191-53e5da6b3c08'}
        Body: {"subnet_id": "5077e66a-e116-407b-b76c-cc47da8089bd", "tenant_id": "9e51d44d02b64767adf09f48538698b6", "subnet_ids": ["5077e66a-e116-407b-b76c-cc47da8089bd"], "port_id": "2c6b7a29-c220-469c-b36c-64e705c57ae9", "id": "1f64262f-6dd3-4b90-ad20-23760604390f"}
2015-12-22 17:35:58,005 21583 INFO     [tempest_lib.common.rest_client] Request (TestNetworkAdvancedServerOps:_run_cleanups): 204 DELETE http://10.0.2.15:9696/v2.0/subnets/5077e66a-e116-407b-b76c-cc47da8089bd 0.412s
2015-12-22 17:35:58,005 21583 DEBUG    [tempest_lib.common.rest_client] Request - Headers: {'Content-Type': 'application/json', 'Accept': 'application/json', 'X-Auth-Token': '&lt;omitted&gt;'}
        Body: None
    Response - Headers: {'date': 'Tue, 22 Dec 2015 17:35:58 GMT', 'status': '204', 'connection': 'close', 'content-length': '0', 'x-openstack-request-id': 'req-751b0a7b-05e9-4a9e-b96a-41328a603abd'}
        Body: 
2015-12-22 17:35:58,057 21583 INFO     [tempest_lib.common.rest_client] Request (TestNetworkAdvancedServerOps:_run_cleanups): 200 GET http://10.0.2.15:9696/v2.0/routers/1f64262f-6dd3-4b90-ad20-23760604390f 0.051s
2015-12-22 17:35:58,057 21583 DEBUG    [tempest_lib.common.rest_client] Request - Headers: {'Content-Type': 'application/json', 'Accept': 'application/json', 'X-Auth-Token': '&lt;omitted&gt;'}
        Body: None
    Response - Headers: {'status': '200', 'content-length': '564', 'content-location': 'http://10.0.2.15:9696/v2.0/routers/1f64262f-6dd3-4b90-ad20-23760604390f', 'connection': 'close', 'date': 'Tue, 22 Dec 2015 17:35:58 GMT', 'content-type': 'application/json; charset=UTF-8', 'x-openstack-request-id': 'req-fc829ca3-685f-4d5f-8d0b-07fcab810a8e'}
        Body: {"router": {"status": "ACTIVE", "external_gateway_info": {"network_id": "86f39e30-0622-48e4-b6ce-2f6aaa53fa3a", "enable_snat": true, "external_fixed_ips": [{"subnet_id": "a5386c37-f922-4939-8435-2cbc40db08fd", "ip_address": "172.24.4.3"}, {"subnet_id": "4a8044b7-3a62-429c-8e97-7efc0bdc5b03", "ip_address": "2001:db8::4"}]}, "availability_zone_hints": [], "availability_zones": ["nova"], "name": "tempest-router-smoke-1053270216", "admin_state_up": true, "tenant_id": "9e51d44d02b64767adf09f48538698b6", "routes": [], "id": "1f64262f-6dd3-4b90-ad20-23760604390f"}}
2015-12-22 17:35:58,637 21583 INFO     [tempest_lib.common.rest_client] Request (TestNetworkAdvancedServerOps:_run_cleanups): 200 PUT http://10.0.2.15:9696/v2.0/routers/1f64262f-6dd3-4b90-ad20-23760604390f 0.579s
2015-12-22 17:35:58,638 21583 DEBUG    [tempest_lib.common.rest_client] Request - Headers: {'Content-Type': 'application/json', 'Accept': 'application/json', 'X-Auth-Token': '&lt;omitted&gt;'}
        Body: {"router": {"external_gateway_info": {}, "name": "tempest-router-smoke-1053270216", "admin_state_up": true}}
    Response - Headers: {'status': '200', 'content-length': '302', 'connection': 'close', 'date': 'Tue, 22 Dec 2015 17:35:58 GMT', 'content-type': 'application/json; charset=UTF-8', 'x-openstack-request-id': 'req-0a57e750-f52f-4e8b-b57c-1210fa0fabc1'}
        Body: {"router": {"status": "ACTIVE", "external_gateway_info": null, "availability_zone_hints": [], "availability_zones": ["nova"], "name": "tempest-router-smoke-1053270216", "admin_state_up": true, "tenant_id": "9e51d44d02b64767adf09f48538698b6", "routes": [], "id": "1f64262f-6dd3-4b90-ad20-23760604390f"}}
2015-12-22 17:35:58,869 21583 INFO     [tempest_lib.common.rest_client] Request (TestNetworkAdvancedServerOps:_run_cleanups): 204 DELETE http://10.0.2.15:9696/v2.0/routers/1f64262f-6dd3-4b90-ad20-23760604390f 0.230s
2015-12-22 17:35:58,870 21583 DEBUG    [tempest_lib.common.rest_client] Request - Headers: {'Content-Type': 'application/json', 'Accept': 'application/json', 'X-Auth-Token': '&lt;omitted&gt;'}
        Body: None
    Response - Headers: {'date': 'Tue, 22 Dec 2015 17:35:58 GMT', 'status': '204', 'connection': 'close', 'content-length': '0', 'x-openstack-request-id': 'req-a807e11d-929a-4da7-af7a-59d95df16b60'}
        Body: 
2015-12-22 17:35:59,066 21583 INFO     [tempest_lib.common.rest_client] Request (TestNetworkAdvancedServerOps:_run_cleanups): 204 DELETE http://10.0.2.15:9696/v2.0/networks/94ccbebe-2178-462c-8d4a-3b7fc4dedb12 0.195s
2015-12-22 17:35:59,066 21583 DEBUG    [tempest_lib.common.rest_client] Request - Headers: {'Content-Type': 'application/json', 'Accept': 'application/json', 'X-Auth-Token': '&lt;omitted&gt;'}
        Body: None
    Response - Headers: {'date': 'Tue, 22 Dec 2015 17:35:59 GMT', 'status': '204', 'connection': 'close', 'content-length': '0', 'x-openstack-request-id': 'req-4474a67d-d162-4ed7-82c0-f2538b1b5ffb'}
        Body: 
2015-12-22 17:35:59,128 21583 INFO     [tempest_lib.common.rest_client] Request (TestNetworkAdvancedServerOps:_run_cleanups): 204 DELETE http://10.0.2.15:9696/v2.0/security-group-rules/739b6791-01c6-450c-8c40-f810d3b98d65 0.061s
2015-12-22 17:35:59,129 21583 DEBUG    [tempest_lib.common.rest_client] Request - Headers: {'Content-Type': 'application/json', 'Accept': 'application/json', 'X-Auth-Token': '&lt;omitted&gt;'}
        Body: None
    Response - Headers: {'date': 'Tue, 22 Dec 2015 17:35:59 GMT', 'status': '204', 'connection': 'close', 'content-length': '0', 'x-openstack-request-id': 'req-5e024fb5-73a5-4d0e-82c6-d07cf097c312'}
        Body: 
2015-12-22 17:35:59,182 21583 INFO     [tempest_lib.common.rest_client] Request (TestNetworkAdvancedServerOps:_run_cleanups): 204 DELETE http://10.0.2.15:9696/v2.0/security-group-rules/21b88a64-fa32-4ce0-9d34-178ce6de3bb7 0.052s
2015-12-22 17:35:59,183 21583 DEBUG    [tempest_lib.common.rest_client] Request - Headers: {'Content-Type': 'application/json', 'Accept': 'application/json', 'X-Auth-Token': '&lt;omitted&gt;'}
        Body: None
    Response - Headers: {'date': 'Tue, 22 Dec 2015 17:35:59 GMT', 'status': '204', 'connection': 'close', 'content-length': '0', 'x-openstack-request-id': 'req-d4b407ae-1f5f-4675-8b7b-a5761300ccb5'}
        Body: 
2015-12-22 17:35:59,235 21583 INFO     [tempest_lib.common.rest_client] Request (TestNetworkAdvancedServerOps:_run_cleanups): 204 DELETE http://10.0.2.15:9696/v2.0/security-group-rules/3da4c424-ec82-441e-963c-6c999ca348da 0.051s
2015-12-22 17:35:59,235 21583 DEBUG    [tempest_lib.common.rest_client] Request - Headers: {'Content-Type': 'application/json', 'Accept': 'application/json', 'X-Auth-Token': '&lt;omitted&gt;'}
        Body: None
    Response - Headers: {'date': 'Tue, 22 Dec 2015 17:35:59 GMT', 'status': '204', 'connection': 'close', 'content-length': '0', 'x-openstack-request-id': 'req-a1af2fa0-de6d-4fe7-8205-46935dbd13a3'}
        Body: 
2015-12-22 17:35:59,295 21583 INFO     [tempest_lib.common.rest_client] Request (TestNetworkAdvancedServerOps:_run_cleanups): 204 DELETE http://10.0.2.15:9696/v2.0/security-group-rules/3a700b2f-2484-43d6-b6a3-16a52599077a 0.059s
2015-12-22 17:35:59,296 21583 DEBUG    [tempest_lib.common.rest_client] Request - Headers: {'Content-Type': 'application/json', 'Accept': 'application/json', 'X-Auth-Token': '&lt;omitted&gt;'}
        Body: None
    Response - Headers: {'date': 'Tue, 22 Dec 2015 17:35:59 GMT', 'status': '204', 'connection': 'close', 'content-length': '0', 'x-openstack-request-id': 'req-18e333f9-7f8a-4c8b-a53f-5b67227f7f9d'}
        Body: 
2015-12-22 17:35:59,359 21583 INFO     [tempest_lib.common.rest_client] Request (TestNetworkAdvancedServerOps:_run_cleanups): 204 DELETE http://10.0.2.15:9696/v2.0/security-group-rules/8c199900-b687-44d4-ad5b-2fec8f23752e 0.062s
2015-12-22 17:35:59,360 21583 DEBUG    [tempest_lib.common.rest_client] Request - Headers: {'Content-Type': 'application/json', 'Accept': 'application/json', 'X-Auth-Token': '&lt;omitted&gt;'}
        Body: None
    Response - Headers: {'date': 'Tue, 22 Dec 2015 17:35:59 GMT', 'status': '204', 'connection': 'close', 'content-length': '0', 'x-openstack-request-id': 'req-6bfc8242-6100-458e-af48-feff4e963af5'}
        Body: 
2015-12-22 17:35:59,421 21583 INFO     [tempest_lib.common.rest_client] Request (TestNetworkAdvancedServerOps:_run_cleanups): 204 DELETE http://10.0.2.15:9696/v2.0/security-group-rules/fb0967e9-d8a7-4c4f-be55-b54ccd81a44e 0.061s
2015-12-22 17:35:59,421 21583 DEBUG    [tempest_lib.common.rest_client] Request - Headers: {'Content-Type': 'application/json', 'Accept': 'application/json', 'X-Auth-Token': '&lt;omitted&gt;'}
        Body: None
    Response - Headers: {'date': 'Tue, 22 Dec 2015 17:35:59 GMT', 'status': '204', 'connection': 'close', 'content-length': '0', 'x-openstack-request-id': 'req-b1c9b90e-6862-419b-927c-57ca49757823'}
        Body: 
2015-12-22 17:35:59,510 21583 INFO     [tempest_lib.common.rest_client] Request (TestNetworkAdvancedServerOps:_run_cleanups): 204 DELETE http://10.0.2.15:9696/v2.0/security-groups/40a63632-56d9-48b5-bdce-6755cc66327e 0.087s
2015-12-22 17:35:59,511 21583 DEBUG    [tempest_lib.common.rest_client] Request - Headers: {'Content-Type': 'application/json', 'Accept': 'application/json', 'X-Auth-Token': '&lt;omitted&gt;'}
        Body: None
    Response - Headers: {'date': 'Tue, 22 Dec 2015 17:35:59 GMT', 'status': '204', 'connection': 'close', 'content-length': '0', 'x-openstack-request-id': 'req-dfee7867-87e5-4463-a521-5e8d386c3827'}
        Body: 
2015-12-22 17:35:59,533 21583 INFO     [tempest_lib.common.rest_client] Request (TestNetworkAdvancedServerOps:_run_cleanups): 202 DELETE http://10.0.2.15:8774/v2.1/9e51d44d02b64767adf09f48538698b6/os-keypairs/tempest-TestNetworkAdvancedServerOps-1168790846 0.020s
2015-12-22 17:35:59,533 21583 DEBUG    [tempest_lib.common.rest_client] Request - Headers: {'Content-Type': 'application/json', 'Accept': 'application/json', 'X-Auth-Token': '&lt;omitted&gt;'}
        Body: None
    Response - Headers: {'status': '202', 'content-length': '0', 'x-compute-request-id': 'req-14a2f6ad-ea02-4c99-88a3-e929dcb6da26', 'vary': 'X-OpenStack-Nova-API-Version', 'connection': 'close', 'x-openstack-nova-api-version': '2.1', 'date': 'Tue, 22 Dec 2015 17:35:59 GMT', 'content-type': 'application/json'}
        Body: 
2015-12-22 17:35:59,619 21583 INFO     [tempest_lib.common.rest_client] Request (TestNetworkAdvancedServerOps:_run_cleanups): 404 GET http://10.0.2.15:8774/v2.1/9e51d44d02b64767adf09f48538698b6/servers/6d2e96e5-fd9b-489a-b96f-c979db223b5f 0.085s
2015-12-22 17:35:59,620 21583 DEBUG    [tempest_lib.common.rest_client] Request - Headers: {'Content-Type': 'application/json', 'Accept': 'application/json', 'X-Auth-Token': '&lt;omitted&gt;'}
        Body: None
    Response - Headers: {'status': '404', 'content-length': '111', 'x-compute-request-id': 'req-1114c593-ce90-44a8-8284-b25611285dba', 'vary': 'X-OpenStack-Nova-API-Version', 'connection': 'close', 'x-openstack-nova-api-version': '2.1', 'date': 'Tue, 22 Dec 2015 17:35:59 GMT', 'content-type': 'application/json; charset=UTF-8'}
        Body: {"itemNotFound": {"message": "Instance 6d2e96e5-fd9b-489a-b96f-c979db223b5f could not be found.", "code": 404}}
}}}

Traceback (most recent call last):
  File "tempest/test.py", line 113, in wrapper
    return f(self, *func_args, **func_kwargs)
  File "tempest/scenario/test_network_advanced_server_ops.py", line 134, in test_server_connectivity_pause_unpause
    server, keypair, floating_ip = self._setup_network_and_servers()
  File "tempest/scenario/test_network_advanced_server_ops.py", line 71, in _setup_network_and_servers
    server, keypair, floating_ip)
  File "tempest/scenario/test_network_advanced_server_ops.py", line 95, in _wait_server_status_and_check_network_connectivity
    self._check_network_connectivity(server, keypair, floating_ip)
  File "tempest/scenario/test_network_advanced_server_ops.py", line 88, in _check_network_connectivity
    servers=[server])
  File "tempest/scenario/manager.py", line 609, in check_public_network_connectivity
    should_connect=should_connect)
  File "tempest/scenario/manager.py", line 593, in check_vm_connectivity
    msg=msg)
  File "/usr/local/lib/python2.7/dist-packages/unittest2/case.py", line 702, in assertTrue
    raise self.failureException(msg)
AssertionError: False is not true : Timed out waiting for 172.24.4.4 to become reachable



        </pre>
    </div>
    <!--css div popup end-->

    </td>
</tr>

<tr id='ft1.2' class='none'>
    <td class='failCase'><div class='testcase'>test_server_connectivity_reboot[compute,id-7b6860c2-afa3-4846-9522-adeb38dfbe08,network]</div></td>
    <td colspan='7' align='left'>

    <!--css div popup start-->
    <a class="popup_link" onfocus='this.blur();'
    href="javascript:showTestDetail('div_ft1.2')" >
        fail</a>

    <div id='div_ft1.2' class="popup_window">
        <div style='text-align: right; color:red;cursor:pointer'>
        <a onfocus='this.blur();'
onclick="document.getElementById('div_ft1.2').style.display = 'none' " >
           [x]</a>
        </div>
