<?xml version="1.0" encoding="UTF-8"?>
<!DOCTYPE html PUBLIC "-//W3C//DTD XHTML 1.0 Strict//EN"
     "http://www.w3.org/TR/xhtml1/DTD/xhtml1-strict.dtd">
<html xmlns="http://www.w3.org/1999/xhtml">
<head>
    <title>Unit Test Report</title>
    <meta name="generator" content="subunit2html 0.1"/>
    <meta http-equiv="Content-Type" content="text/html; charset=UTF-8"/>
    
<style type="text/css" media="screen">
body        { font-family: verdana, arial, helvetica, sans-serif;
    font-size: 80%; }
table       { font-size: 100%; width: 100%;}
pre         { font-size: 80%; }

/* -- heading -------------------------------------------------------------- */
h1 {
        font-size: 16pt;
        color: gray;
}
.heading {
    margin-top: 0ex;
    margin-bottom: 1ex;
}

.heading .attribute {
    margin-top: 1ex;
    margin-bottom: 0;
}

.heading .description {
    margin-top: 4ex;
    margin-bottom: 6ex;
}

/* -- css div popup -------------------------------------------------------- */
a.popup_link {
}

a.popup_link:hover {
    color: red;
}

.popup_window {
    display: none;
    overflow-x: scroll;
    /*border: solid #627173 1px; */
    padding: 10px;
    background-color: #E6E6D6;
    font-family: "Ubuntu Mono", "Lucida Console", "Courier New", monospace;
    text-align: left;
    font-size: 8pt;
}

}
/* -- report --------------------------------------------------------------- */
#show_detail_line {
    margin-top: 3ex;
    margin-bottom: 1ex;
}
#result_table {
    width: 100%;
    border-collapse: collapse;
    border: 1px solid #777;
}
#header_row {
    font-weight: bold;
    color: white;
    background-color: #777;
}
#result_table td {
    border: 1px solid #777;
    padding: 2px;
}
#total_row  { font-weight: bold; }
.passClass  { background-color: #6c6; }
.failClass  { background-color: #c60; }
.errorClass { background-color: #c00; }
.passCase   { color: #6c6; }
.failCase   { color: #c60; font-weight: bold; }
.errorCase  { color: #c00; font-weight: bold; }
.hiddenRow  { display: none; }
.testcase   { margin-left: 2em; }
td.testname {width: 40%}
td.small {width: 40px}

/* -- ending --------------------------------------------------------------- */
#ending {
}

</style>

</head>
<body>
<script language="javascript" type="text/javascript"><!--
output_list = Array();

/* level - 0:Summary; 1:Failed; 2:All */
function showCase(level) {
    trs = document.getElementsByTagName("tr");
    for (var i = 0; i < trs.length; i++) {
        tr = trs[i];
        id = tr.id;
        if (id.substr(0,2) == 'ft') {
            if (level < 1) {
                tr.className = 'hiddenRow';
            }
            else {
                tr.className = '';
            }
        }
        if (id.substr(0,2) == 'pt') {
            if (level > 1) {
                tr.className = '';
            }
            else {
                tr.className = 'hiddenRow';
            }
        }
    }
}


function showClassDetail(cid, count) {
    var id_list = Array(count);
    var toHide = 1;
    for (var i = 0; i < count; i++) {
        tid0 = 't' + cid.substr(1) + '.' + (i+1);
        tid = 'f' + tid0;
        tr = document.getElementById(tid);
        if (!tr) {
            tid = 'p' + tid0;
            tr = document.getElementById(tid);
        }
        id_list[i] = tid;
        if (tr.className) {
            toHide = 0;
        }
    }
    for (var i = 0; i < count; i++) {
        tid = id_list[i];
        if (toHide) {
            document.getElementById('div_'+tid).style.display = 'none'
            document.getElementById(tid).className = 'hiddenRow';
        }
        else {
            document.getElementById(tid).className = '';
        }
    }
}


function showTestDetail(div_id){
    var details_div = document.getElementById(div_id)
    var displayState = details_div.style.display
    // alert(displayState)
    if (displayState != 'block' ) {
        displayState = 'block'
        details_div.style.display = 'block'
    }
    else {
        details_div.style.display = 'none'
    }
}


function html_escape(s) {
    s = s.replace(/&/g,'&amp;');
    s = s.replace(/</g,'&lt;');
    s = s.replace(/>/g,'&gt;');
    return s;
}

/* obsoleted by detail in <div>
function showOutput(id, name) {
    var w = window.open("", //url
                    name,
                    "resizable,scrollbars,status,width=800,height=450");
    d = w.document;
    d.write("<pre>");
    d.write(html_escape(output_list[id]));
    d.write("\n");
    d.write("<a href='javascript:window.close()'>close</a>\n");
    d.write("</pre>\n");
    d.close();
}
*/
--></script>

<div class='heading'>
<h1>Unit Test Report</h1>

<p class='attribute'><strong>Status:</strong> Failure 6</p>

<p class='description'></p>
</div>



<p id='show_detail_line'>Show
<a href='javascript:showCase(0)'>Summary</a>
<a href='javascript:showCase(1)'>Failed</a>
<a href='javascript:showCase(2)'>All</a>
</p>
<table id='result_table'>
<colgroup>
<col align='left' />
<col align='right' />
<col align='right' />
<col align='right' />
<col align='right' />
<col align='right' />
<col align='right' />
<col align='right' />
</colgroup>
<tr id='header_row'>
    <td>Test Group/Test case</td>
    <td>Count</td>
    <td>Pass</td>
    <td>Fail</td>
    <td>Error</td>
    <td>Skip</td>
    <td>View</td>
    <td> </td>
</tr>

<tr class='failClass'>
    <td class="testname">tempest.scenario.test_network_advanced_server_ops.TestNetworkAdvancedServerOps</td>
    <td class="small">6</td>
    <td class="small">0</td>
    <td class="small">6</td>
    <td class="small">0</td>
    <td class="small">0</td>
    <td class="small"><a href="javascript:showClassDetail('c1',6)"
>Detail</a></td>
    <td> </td>
</tr>

<tr id='ft1.1' class='none'>
    <td class='failCase'><div class='testcase'>test_server_connectivity_pause_unpause[compute,id-2b2642db-6568-4b35-b812-eceed3fa20ce,network]</div></td>
    <td colspan='7' align='left'>

    <!--css div popup start-->
    <a class="popup_link" onfocus='this.blur();'
    href="javascript:showTestDetail('div_ft1.1')" >
        fail</a>

    <div id='div_ft1.1' class="popup_window">
        <div style='text-align: right; color:red;cursor:pointer'>
        <a onfocus='this.blur();'
onclick="document.getElementById('div_ft1.1').style.display = 'none' " >
           [x]</a>
        </div>
        <pre>
        
ft1.1: tempest.scenario.test_network_advanced_server_ops.TestNetworkAdvancedServerOps.test_server_connectivity_pause_unpause[compute,id-2b2642db-6568-4b35-b812-eceed3fa20ce,network]_StringException: Empty attachments:
  stderr
  stdout

pythonlogging:'': {{{
2015-12-21 17:14:52,454 21192 INFO     [tempest_lib.common.rest_client] Request (TestNetworkAdvancedServerOps:test_server_connectivity_pause_unpause): 200 POST http://10.0.2.15:8774/v2.1/81e69877081f4f84b2571d01c62a5777/os-keypairs 0.288s
2015-12-21 17:14:52,455 21192 DEBUG    [tempest_lib.common.rest_client] Request - Headers: {'Content-Type': 'application/json', 'Accept': 'application/json', 'X-Auth-Token': '&lt;omitted&gt;'}
        Body: {"keypair": {"name": "tempest-TestNetworkAdvancedServerOps-194212779"}}
    Response - Headers: {'status': '200', 'content-length': '2329', 'x-compute-request-id': 'req-5a233beb-fcf8-4d19-8690-6897a387f107', 'vary': 'X-OpenStack-Nova-API-Version', 'connection': 'close', 'x-openstack-nova-api-version': '2.1', 'date': 'Mon, 21 Dec 2015 17:14:52 GMT', 'content-type': 'application/json'}
        Body: {"keypair": {"public_key": "ssh-rsa AAAAB3NzaC1yc2EAAAADAQABAAABAQC9LFG9b0nG5wKEKQkkMgkGtaILZko1zzfYEhdSF9iUR7gCSo8yJFMJd5+2dM3BOHI3kkEY5x3zsYc8IkelvXKMCCWw9b5N6vcE0vs1BkJ6MqZuVSaD2QtIUtBBRaup9DNz4Uarhd0pvFG2alV0PvAPNJyJ+CkuWW6NoKXWjb7l+MIpQbcflUElBafySyT9Y6KLNLVdw5UauWF++xM0K11qBB+jBhZSPJNHrnIe+t2H2aKut6G8q2f7/wCqOuZaliLUIxLCBL6PeftWtMR3WfdnpNdlTQl+m+Ku3RBAtgW3mrEERTU1sKiRh2CKeCEGn26i1IOB/a70gIUYce6MfLBn Generated-by-Nova", "private_key": "-----BEGIN RSA PRIVATE KEY-----\nMIIEqQIBAAKCAQEAvSxRvW9JxucChCkJJDIJBrWiC2ZKNc832BIXUhfYlEe4AkqP\nMiRTCXeftnTNwThyN5JBGOcd87GHPCJHpb1yjAglsPW+Ter3BNL7NQZCejKmblUm\ng9kLSFLQQUWrqfQzc+FGq4XdKbxRtmpVdD7wDzScifgpLllujaCl1o2+5fjCKUG3\nH5VBJQWn8ksk/WOiizS1XcOVGrlhfvsTNCtdagQfowYWUjyTR65yHvrdh9mirreh\nvKtn+/8AqjrmWpYi1CMSwgS+j3n7VrTEd1n3Z6TXZU0Jfpvirt0QQLYFt5qxBEU1\nNbCokYdginghBp9uotSDgf2u9ICFGHHujHywZwIDAQABAoIBADPHN7BUD6uDe2rV\nGI1xrIrLmEjqfJFx4GUhvoRXxo3/e1wVMFCXJKtItMxp+A9U9d5EB9FbIRWcl9lb\nwKSa0AmICVkASlBlaatGXD/NMNDloCw+3kXkWHQ5Ros3GJ9yGcsz8/Xqs/hCdVMq\nk603tNlUmywgYpUvIVVejUXGkmO7VFUCqkH9T6qWh6h325ZSLwjTGxa4kS1DPi7F\nEBG5MrOAoBcFLaSL1yeyy4wmLZDPZpvve1JxZX+4LXR2lmrfvAR6ibRX8G7exIQv\nCsFNnyd+JPpcRfWH6nhFf4aljtD1X4/tf/qir1ngvXkO0srBx3nhvk3VsvH5Cu0i\nAdRGYgECggCBANXanNKcPPqdsHrvCSWyD5N/kYWXJTJUS6JYu0cSG/3XM67GjjG9\n9InN5QEmmHFej/nQgyCwQu3wzRqjvz5zJfKg3Z7YYHi5DvpXkzQT1xW0yWw9xQEM\nGvd4ASSYtjbfdTM+UFUzuS0774ThVLJ++SyJ8bGVm1Dg+qJX7688BJmBAoIAgQDi\ndIGRL/pCtJH36LD/zjM+aXvpvAF1jwVuSZ/cP5y9U5K1bQw/qcC/pGbk1yLVU8Yr\n44NDoCKa2hsiGUN4ncu2UdUpt6scqtg3nSZuckqAzwKhLbxgOBQOhN3r4ezy6j1n\nF3zwj4Azp8uHmut9drcm9Tf9K/Ls6K40LpW6cZqt5wKCAIEAvkta0vpeNLBPEwVT\ngWyR+bFBf7uASOnDp8IHW/WcXOO7RKHAdDjQujMxvTVn3zHDMgu+Mz9FP0/QYw0k\np2B1exJ0Qt3N8n7R+iglf+jLsq/9sEjC3ey0rlLlyXfuZKOxOZkQiNCOzdaQixCr\nem4MMfrJzDkRTQX1YLKZQLhKa4ECggCBAL7lU6vec+rzaPFA+KRLYKtGJKzeTaSa\nEgvsiJQUE78NymiiKmcoZFGo9wwFx1lpq26n9al2PnWnUqQmA9iTvHxO85CdQeOC\nqY4ILbOBKQj4eNECSwAZhd7PZnxIEYScrXJQPIRVk873rfz8PXOgNbjjknUbLUdE\nxkU62AE5bxkVAoIAgDb8Zbv08JGOgDJCHcnSxQZVT0LAa7lh40iawXIIzHbnT8AY\nPe5VgDOzBaq4vAGgsJPPMZB2BVDq95XzPNxJF8U6FYrncSVFwYE7SxB01zIJeytR\n/XTjFJZcfRbeIZ1nR1CGcuusHf1y7HP20T9l0nqVAl/sI1ngh9RHPWuu6rca\n-----END RSA PRIVATE KEY-----\n", "user_id": "6677f70faa01487a8ecef25db66d2d21", "name": "tempest-TestNetworkAdvancedServerOps-194212779", "fingerprint": "cf:69:e6:06:67:19:b7:56:0b:9d:2b:07:68:e7:da:c7"}}
2015-12-21 17:14:52,808 21192 INFO     [tempest_lib.common.rest_client] Request (TestNetworkAdvancedServerOps:test_server_connectivity_pause_unpause): 201 POST http://10.0.2.15:9696/v2.0/security-groups 0.350s
2015-12-21 17:14:52,809 21192 DEBUG    [tempest_lib.common.rest_client] Request - Headers: {'Content-Type': 'application/json', 'Accept': 'application/json', 'X-Auth-Token': '&lt;omitted&gt;'}
        Body: {"security_group": {"tenant_id": "81e69877081f4f84b2571d01c62a5777", "description": "tempest-secgroup-smoke-1993510855 description", "name": "tempest-secgroup-smoke-1993510855"}}
    Response - Headers: {'status': '201', 'content-length': '888', 'connection': 'close', 'date': 'Mon, 21 Dec 2015 17:14:52 GMT', 'content-type': 'application/json; charset=UTF-8', 'x-openstack-request-id': 'req-419a0dfc-ab3d-4960-b938-6ecb5b9df005'}
        Body: {"security_group": {"tenant_id": "81e69877081f4f84b2571d01c62a5777", "description": "tempest-secgroup-smoke-1993510855 description", "id": "a483f9e6-a2e8-4638-9826-a732d2b5ae95", "security_group_rules": [{"remote_group_id": null, "direction": "egress", "remote_ip_prefix": null, "protocol": null, "ethertype": "IPv4", "tenant_id": "81e69877081f4f84b2571d01c62a5777", "port_range_max": null, "port_range_min": null, "id": "0552c1fd-90b8-49c9-b5a6-c39f90705cdc", "security_group_id": "a483f9e6-a2e8-4638-9826-a732d2b5ae95"}, {"remote_group_id": null, "direction": "egress", "remote_ip_prefix": null, "protocol": null, "ethertype": "IPv6", "tenant_id": "81e69877081f4f84b2571d01c62a5777", "port_range_max": null, "port_range_min": null, "id": "943e3f4f-8013-4209-b1a0-8d301d9d2c52", "security_group_id": "a483f9e6-a2e8-4638-9826-a732d2b5ae95"}], "name": "tempest-secgroup-smoke-1993510855"}}
2015-12-21 17:14:52,942 21192 INFO     [tempest_lib.common.rest_client] Request (TestNetworkAdvancedServerOps:test_server_connectivity_pause_unpause): 201 POST http://10.0.2.15:9696/v2.0/security-group-rules 0.131s
2015-12-21 17:14:52,943 21192 DEBUG    [tempest_lib.common.rest_client] Request - Headers: {'Content-Type': 'application/json', 'Accept': 'application/json', 'X-Auth-Token': '&lt;omitted&gt;'}
        Body: {"security_group_rule": {"direction": "ingress", "protocol": "tcp", "tenant_id": "81e69877081f4f84b2571d01c62a5777", "port_range_max": 22, "security_group_id": "a483f9e6-a2e8-4638-9826-a732d2b5ae95", "port_range_min": 22}}
    Response - Headers: {'status': '201', 'content-length': '340', 'connection': 'close', 'date': 'Mon, 21 Dec 2015 17:14:52 GMT', 'content-type': 'application/json; charset=UTF-8', 'x-openstack-request-id': 'req-d36b7399-b5aa-4add-969a-cf059378a27a'}
        Body: {"security_group_rule": {"remote_group_id": null, "direction": "ingress", "remote_ip_prefix": null, "protocol": "tcp", "ethertype": "IPv4", "tenant_id": "81e69877081f4f84b2571d01c62a5777", "port_range_max": 22, "port_range_min": 22, "id": "da49d49a-3c6c-4faa-a489-d561a2d9e4e2", "security_group_id": "a483f9e6-a2e8-4638-9826-a732d2b5ae95"}}
2015-12-21 17:14:53,195 21192 INFO     [tempest_lib.common.rest_client] Request (TestNetworkAdvancedServerOps:test_server_connectivity_pause_unpause): 201 POST http://10.0.2.15:9696/v2.0/security-group-rules 0.251s
2015-12-21 17:14:53,195 21192 DEBUG    [tempest_lib.common.rest_client] Request - Headers: {'Content-Type': 'application/json', 'Accept': 'application/json', 'X-Auth-Token': '&lt;omitted&gt;'}
        Body: {"security_group_rule": {"direction": "egress", "protocol": "tcp", "tenant_id": "81e69877081f4f84b2571d01c62a5777", "port_range_max": 22, "security_group_id": "a483f9e6-a2e8-4638-9826-a732d2b5ae95", "port_range_min": 22}}
    Response - Headers: {'status': '201', 'content-length': '339', 'connection': 'close', 'date': 'Mon, 21 Dec 2015 17:14:53 GMT', 'content-type': 'application/json; charset=UTF-8', 'x-openstack-request-id': 'req-3486cd77-d9d7-4784-83bc-e28b7d7f5646'}
        Body: {"security_group_rule": {"remote_group_id": null, "direction": "egress", "remote_ip_prefix": null, "protocol": "tcp", "ethertype": "IPv4", "tenant_id": "81e69877081f4f84b2571d01c62a5777", "port_range_max": 22, "port_range_min": 22, "id": "d01c5fcb-85d4-4624-8365-a19e016cbef9", "security_group_id": "a483f9e6-a2e8-4638-9826-a732d2b5ae95"}}
2015-12-21 17:14:53,312 21192 INFO     [tempest_lib.common.rest_client] Request (TestNetworkAdvancedServerOps:test_server_connectivity_pause_unpause): 201 POST http://10.0.2.15:9696/v2.0/security-group-rules 0.116s
2015-12-21 17:14:53,313 21192 DEBUG    [tempest_lib.common.rest_client] Request - Headers: {'Content-Type': 'application/json', 'Accept': 'application/json', 'X-Auth-Token': '&lt;omitted&gt;'}
        Body: {"security_group_rule": {"tenant_id": "81e69877081f4f84b2571d01c62a5777", "direction": "ingress", "protocol": "icmp", "security_group_id": "a483f9e6-a2e8-4638-9826-a732d2b5ae95"}}
    Response - Headers: {'status': '201', 'content-length': '345', 'connection': 'close', 'date': 'Mon, 21 Dec 2015 17:14:53 GMT', 'content-type': 'application/json; charset=UTF-8', 'x-openstack-request-id': 'req-b497426d-98d7-4794-bdac-d03d4384efc6'}
        Body: {"security_group_rule": {"remote_group_id": null, "direction": "ingress", "remote_ip_prefix": null, "protocol": "icmp", "ethertype": "IPv4", "tenant_id": "81e69877081f4f84b2571d01c62a5777", "port_range_max": null, "port_range_min": null, "id": "e530dfdf-0ee1-49a9-a498-4bd26b53b37a", "security_group_id": "a483f9e6-a2e8-4638-9826-a732d2b5ae95"}}
2015-12-21 17:14:53,441 21192 INFO     [tempest_lib.common.rest_client] Request (TestNetworkAdvancedServerOps:test_server_connectivity_pause_unpause): 201 POST http://10.0.2.15:9696/v2.0/security-group-rules 0.128s
2015-12-21 17:14:53,442 21192 DEBUG    [tempest_lib.common.rest_client] Request - Headers: {'Content-Type': 'application/json', 'Accept': 'application/json', 'X-Auth-Token': '&lt;omitted&gt;'}
        Body: {"security_group_rule": {"tenant_id": "81e69877081f4f84b2571d01c62a5777", "direction": "egress", "protocol": "icmp", "security_group_id": "a483f9e6-a2e8-4638-9826-a732d2b5ae95"}}
    Response - Headers: {'status': '201', 'content-length': '344', 'connection': 'close', 'date': 'Mon, 21 Dec 2015 17:14:53 GMT', 'content-type': 'application/json; charset=UTF-8', 'x-openstack-request-id': 'req-b5d07bc2-8866-4dac-9ad8-6564fe7ff71f'}
        Body: {"security_group_rule": {"remote_group_id": null, "direction": "egress", "remote_ip_prefix": null, "protocol": "icmp", "ethertype": "IPv4", "tenant_id": "81e69877081f4f84b2571d01c62a5777", "port_range_max": null, "port_range_min": null, "id": "b3a37f39-d7d5-4946-ba8c-40689bd9d56a", "security_group_id": "a483f9e6-a2e8-4638-9826-a732d2b5ae95"}}
2015-12-21 17:14:53,564 21192 INFO     [tempest_lib.common.rest_client] Request (TestNetworkAdvancedServerOps:test_server_connectivity_pause_unpause): 201 POST http://10.0.2.15:9696/v2.0/security-group-rules 0.121s
2015-12-21 17:14:53,564 21192 DEBUG    [tempest_lib.common.rest_client] Request - Headers: {'Content-Type': 'application/json', 'Accept': 'application/json', 'X-Auth-Token': '&lt;omitted&gt;'}
        Body: {"security_group_rule": {"tenant_id": "81e69877081f4f84b2571d01c62a5777", "direction": "ingress", "security_group_id": "a483f9e6-a2e8-4638-9826-a732d2b5ae95", "protocol": "icmp", "ethertype": "IPv6"}}
    Response - Headers: {'status': '201', 'content-length': '345', 'connection': 'close', 'date': 'Mon, 21 Dec 2015 17:14:53 GMT', 'content-type': 'application/json; charset=UTF-8', 'x-openstack-request-id': 'req-5bb4476f-40a2-40fc-92ac-24d97de301b0'}
        Body: {"security_group_rule": {"remote_group_id": null, "direction": "ingress", "remote_ip_prefix": null, "protocol": "icmp", "ethertype": "IPv6", "tenant_id": "81e69877081f4f84b2571d01c62a5777", "port_range_max": null, "port_range_min": null, "id": "762e2f0f-f46a-4802-bf29-86d5e21cc4b8", "security_group_id": "a483f9e6-a2e8-4638-9826-a732d2b5ae95"}}
2015-12-21 17:14:53,686 21192 INFO     [tempest_lib.common.rest_client] Request (TestNetworkAdvancedServerOps:test_server_connectivity_pause_unpause): 201 POST http://10.0.2.15:9696/v2.0/security-group-rules 0.121s
2015-12-21 17:14:53,687 21192 DEBUG    [tempest_lib.common.rest_client] Request - Headers: {'Content-Type': 'application/json', 'Accept': 'application/json', 'X-Auth-Token': '&lt;omitted&gt;'}
        Body: {"security_group_rule": {"tenant_id": "81e69877081f4f84b2571d01c62a5777", "direction": "egress", "security_group_id": "a483f9e6-a2e8-4638-9826-a732d2b5ae95", "protocol": "icmp", "ethertype": "IPv6"}}
    Response - Headers: {'status': '201', 'content-length': '344', 'connection': 'close', 'date': 'Mon, 21 Dec 2015 17:14:53 GMT', 'content-type': 'application/json; charset=UTF-8', 'x-openstack-request-id': 'req-46e3cdb1-e8fe-4d13-b757-4254e8ffa3f3'}
        Body: {"security_group_rule": {"remote_group_id": null, "direction": "egress", "remote_ip_prefix": null, "protocol": "icmp", "ethertype": "IPv6", "tenant_id": "81e69877081f4f84b2571d01c62a5777", "port_range_max": null, "port_range_min": null, "id": "162664c2-6897-46be-967c-e30245c7d681", "security_group_id": "a483f9e6-a2e8-4638-9826-a732d2b5ae95"}}
2015-12-21 17:14:53,874 21192 INFO     [tempest_lib.common.rest_client] Request (TestNetworkAdvancedServerOps:test_server_connectivity_pause_unpause): 201 POST http://10.0.2.15:9696/v2.0/networks 0.186s
2015-12-21 17:14:53,875 21192 DEBUG    [tempest_lib.common.rest_client] Request - Headers: {'Content-Type': 'application/json', 'Accept': 'application/json', 'X-Auth-Token': '&lt;omitted&gt;'}
        Body: {"network": {"tenant_id": "81e69877081f4f84b2571d01c62a5777", "name": "tempest-network-smoke--1122851807"}}
    Response - Headers: {'status': '201', 'content-length': '329', 'connection': 'close', 'date': 'Mon, 21 Dec 2015 17:14:53 GMT', 'content-type': 'application/json; charset=UTF-8', 'x-openstack-request-id': 'req-95fd6082-4000-4f51-86df-231616824785'}
        Body: {"network": {"status": "ACTIVE", "subnets": [], "availability_zone_hints": "[]", "name": "tempest-network-smoke--1122851807", "admin_state_up": true, "tenant_id": "81e69877081f4f84b2571d01c62a5777", "mtu": 0, "router:external": false, "shared": false, "port_security_enabled": true, "id": "35720148-d58e-493b-8aec-35df4cefa5ba"}}
2015-12-21 17:14:53,960 21192 INFO     [tempest_lib.common.rest_client] Request (TestNetworkAdvancedServerOps:test_server_connectivity_pause_unpause): 201 POST http://10.0.2.15:9696/v2.0/routers 0.084s
2015-12-21 17:14:53,961 21192 DEBUG    [tempest_lib.common.rest_client] Request - Headers: {'Content-Type': 'application/json', 'Accept': 'application/json', 'X-Auth-Token': '&lt;omitted&gt;'}
        Body: {"router": {"tenant_id": "81e69877081f4f84b2571d01c62a5777", "name": "tempest-router-smoke-1387760306", "admin_state_up": true}}
    Response - Headers: {'status': '201', 'content-length': '296', 'connection': 'close', 'date': 'Mon, 21 Dec 2015 17:14:53 GMT', 'content-type': 'application/json; charset=UTF-8', 'x-openstack-request-id': 'req-1816cffe-f2b7-411c-9c9c-98f84713e9a3'}
        Body: {"router": {"status": "ACTIVE", "external_gateway_info": null, "availability_zone_hints": [], "availability_zones": [], "name": "tempest-router-smoke-1387760306", "admin_state_up": true, "tenant_id": "81e69877081f4f84b2571d01c62a5777", "routes": [], "id": "1d3c2688-3639-48d1-8d79-ed765da91ba5"}}
2015-12-21 17:14:54,020 21192 INFO     [tempest_lib.common.rest_client] Request (TestNetworkAdvancedServerOps:test_server_connectivity_pause_unpause): 200 GET http://10.0.2.15:9696/v2.0/routers/1d3c2688-3639-48d1-8d79-ed765da91ba5 0.058s
2015-12-21 17:14:54,021 21192 DEBUG    [tempest_lib.common.rest_client] Request - Headers: {'Content-Type': 'application/json', 'Accept': 'application/json', 'X-Auth-Token': '&lt;omitted&gt;'}
        Body: None
    Response - Headers: {'status': '200', 'content-length': '296', 'content-location': 'http://10.0.2.15:9696/v2.0/routers/1d3c2688-3639-48d1-8d79-ed765da91ba5', 'connection': 'close', 'date': 'Mon, 21 Dec 2015 17:14:54 GMT', 'content-type': 'application/json; charset=UTF-8', 'x-openstack-request-id': 'req-d0d3d691-c1fc-4980-9f77-4a04018f9285'}
        Body: {"router": {"status": "ACTIVE", "external_gateway_info": null, "availability_zone_hints": [], "availability_zones": [], "name": "tempest-router-smoke-1387760306", "admin_state_up": true, "tenant_id": "81e69877081f4f84b2571d01c62a5777", "routes": [], "id": "1d3c2688-3639-48d1-8d79-ed765da91ba5"}}
2015-12-21 17:14:54,815 21192 INFO     [tempest_lib.common.rest_client] Request (TestNetworkAdvancedServerOps:test_server_connectivity_pause_unpause): 200 PUT http://10.0.2.15:9696/v2.0/routers/1d3c2688-3639-48d1-8d79-ed765da91ba5 0.792s
2015-12-21 17:14:54,815 21192 DEBUG    [tempest_lib.common.rest_client] Request - Headers: {'Content-Type': 'application/json', 'Accept': 'application/json', 'X-Auth-Token': '&lt;omitted&gt;'}
        Body: {"router": {"external_gateway_info": {"network_id": "e39fd0f1-010b-478b-9adf-50927381f716"}, "name": "tempest-router-smoke-1387760306", "admin_state_up": true}}
    Response - Headers: {'status': '200', 'content-length': '558', 'connection': 'close', 'date': 'Mon, 21 Dec 2015 17:14:54 GMT', 'content-type': 'application/json; charset=UTF-8', 'x-openstack-request-id': 'req-4d04c603-6bcf-4326-a34a-d1e95489580c'}
        Body: {"router": {"status": "ACTIVE", "external_gateway_info": {"network_id": "e39fd0f1-010b-478b-9adf-50927381f716", "enable_snat": true, "external_fixed_ips": [{"subnet_id": "79f70785-6586-41ce-a496-ee91e3a3401c", "ip_address": "172.24.4.3"}, {"subnet_id": "8eac61cd-6299-4d38-9f86-3ebf0a8b9023", "ip_address": "2001:db8::3"}]}, "availability_zone_hints": [], "availability_zones": [], "name": "tempest-router-smoke-1387760306", "admin_state_up": true, "tenant_id": "81e69877081f4f84b2571d01c62a5777", "routes": [], "id": "1d3c2688-3639-48d1-8d79-ed765da91ba5"}}
2015-12-21 17:14:54,966 21192 INFO     [tempest_lib.common.rest_client] Request (TestNetworkAdvancedServerOps:test_server_connectivity_pause_unpause): 200 GET http://10.0.2.15:9696/v2.0/subnets?tenant_id=81e69877081f4f84b2571d01c62a5777&amp;cidr=10.100.0.0%2F28 0.149s
2015-12-21 17:14:54,967 21192 DEBUG    [tempest_lib.common.rest_client] Request - Headers: {'Content-Type': 'application/json', 'Accept': 'application/json', 'X-Auth-Token': '&lt;omitted&gt;'}
        Body: None
    Response - Headers: {'status': '200', 'content-length': '15', 'content-location': 'http://10.0.2.15:9696/v2.0/subnets?tenant_id=81e69877081f4f84b2571d01c62a5777&amp;cidr=10.100.0.0%2F28', 'connection': 'close', 'date': 'Mon, 21 Dec 2015 17:14:54 GMT', 'content-type': 'application/json; charset=UTF-8', 'x-openstack-request-id': 'req-fd51ec64-ccfa-423b-9da3-fa7e7cc32890'}
        Body: {"subnets": []}
2015-12-21 17:14:55,268 21192 INFO     [tempest_lib.common.rest_client] Request (TestNetworkAdvancedServerOps:test_server_connectivity_pause_unpause): 201 POST http://10.0.2.15:9696/v2.0/subnets 0.301s
2015-12-21 17:14:55,269 21192 DEBUG    [tempest_lib.common.rest_client] Request - Headers: {'Content-Type': 'application/json', 'Accept': 'application/json', 'X-Auth-Token': '&lt;omitted&gt;'}
        Body: {"subnet": {"ip_version": 4, "tenant_id": "81e69877081f4f84b2571d01c62a5777", "cidr": "10.100.0.0/28", "network_id": "35720148-d58e-493b-8aec-35df4cefa5ba", "name": "tempest-subnet-smoke-941934079"}}
    Response - Headers: {'status': '201', 'content-length': '477', 'connection': 'close', 'date': 'Mon, 21 Dec 2015 17:14:55 GMT', 'content-type': 'application/json; charset=UTF-8', 'x-openstack-request-id': 'req-c0442bfb-6d03-47d2-934f-9569ebf824f0'}
        Body: {"subnet": {"name": "tempest-subnet-smoke-941934079", "enable_dhcp": true, "network_id": "35720148-d58e-493b-8aec-35df4cefa5ba", "tenant_id": "81e69877081f4f84b2571d01c62a5777", "dns_nameservers": [], "gateway_ip": "10.100.0.1", "ipv6_ra_mode": null, "allocation_pools": [{"start": "10.100.0.2", "end": "10.100.0.14"}], "host_routes": [], "ip_version": 4, "ipv6_address_mode": null, "cidr": "10.100.0.0/28", "id": "1d6c8ff6-22bb-407d-9f53-db42940a6537", "subnetpool_id": null}}
2015-12-21 17:14:55,893 21192 INFO     [tempest_lib.common.rest_client] Request (TestNetworkAdvancedServerOps:test_server_connectivity_pause_unpause): 200 PUT http://10.0.2.15:9696/v2.0/routers/1d3c2688-3639-48d1-8d79-ed765da91ba5/add_router_interface 0.622s
2015-12-21 17:14:55,893 21192 DEBUG    [tempest_lib.common.rest_client] Request - Headers: {'Content-Type': 'application/json', 'Accept': 'application/json', 'X-Auth-Token': '&lt;omitted&gt;'}
        Body: {"subnet_id": "1d6c8ff6-22bb-407d-9f53-db42940a6537"}
    Response - Headers: {'status': '200', 'content-length': '255', 'connection': 'close', 'date': 'Mon, 21 Dec 2015 17:14:55 GMT', 'content-type': 'application/json; charset=UTF-8', 'x-openstack-request-id': 'req-b26d58dd-08ba-4470-9c2c-6e52b65c11ae'}
        Body: {"subnet_id": "1d6c8ff6-22bb-407d-9f53-db42940a6537", "tenant_id": "81e69877081f4f84b2571d01c62a5777", "subnet_ids": ["1d6c8ff6-22bb-407d-9f53-db42940a6537"], "port_id": "5b728e4f-792a-49b5-99cd-2e36985c3f71", "id": "1d3c2688-3639-48d1-8d79-ed765da91ba5"}
2015-12-21 17:14:56,001 21192 INFO     [tempest_lib.common.rest_client] Request (TestNetworkAdvancedServerOps:test_server_connectivity_pause_unpause): 200 POST http://10.0.2.15:5000/v2.0/tokens
2015-12-21 17:14:56,001 21192 DEBUG    [tempest_lib.common.rest_client] Request - Headers: {'Content-Type': 'application/json', 'Accept': 'application/json'}
        Body: &lt;omitted&gt;
    Response - Headers: {'status': '200', 'content-length': '2566', 'vary': 'X-Auth-Token', 'server': 'Apache/2.4.7 (Ubuntu)', 'connection': 'close', 'date': 'Mon, 21 Dec 2015 17:14:55 GMT', 'content-type': 'application/json', 'x-openstack-request-id': 'req-4ea33247-de9c-410c-b255-4c7559e28bf1'}
        Body: {"access": {"token": {"issued_at": "2015-12-21T17:14:55.991556", "expires": "2015-12-21T18:14:55Z", "id": "d61edb0f75a14038a7736bd75f47b41c", "tenant": {"description": "tempest-TestNetworkAdvancedServerOps-1591346246-desc", "enabled": true, "id": "81e69877081f4f84b2571d01c62a5777", "name": "tempest-TestNetworkAdvancedServerOps-1591346246"}, "audit_ids": ["Ms94xinkQUiybmcwufR1YQ"]}, "serviceCatalog": [{"endpoints": [{"adminURL": "http://10.0.2.15:8774/v2.1/81e69877081f4f84b2571d01c62a5777", "region": "RegionOne", "internalURL": "http://10.0.2.15:8774/v2.1/81e69877081f4f84b2571d01c62a5777", "id": "0d62af29cc054cf387a2b722625a00c3", "publicURL": "http://10.0.2.15:8774/v2.1/81e69877081f4f84b2571d01c62a5777"}], "endpoints_links": [], "type": "compute", "name": "nova"}, {"endpoints": [{"adminURL": "http://10.0.2.15:9696/", "region": "RegionOne", "internalURL": "http://10.0.2.15:9696/", "id": "15a78bc61cdc4aff8d95e798a9abf4d8", "publicURL": "http://10.0.2.15:9696/"}], "endpoints_links": [], "type": "network", "name": "neutron"}, {"endpoints": [{"adminURL": "http://10.0.2.15:9292", "region": "RegionOne", "internalURL": "http://10.0.2.15:9292", "id": "1daea5c0a2da460fb039be7491fa83b5", "publicURL": "http://10.0.2.15:9292"}], "endpoints_links": [], "type": "image", "name": "glance"}, {"endpoints": [{"adminURL": "http://10.0.2.15:8774/v2/81e69877081f4f84b2571d01c62a5777", "region": "RegionOne", "internalURL": "http://10.0.2.15:8774/v2/81e69877081f4f84b2571d01c62a5777", "id": "29b803f563fb4196aa1ccaf725c21df3", "publicURL": "http://10.0.2.15:8774/v2/81e69877081f4f84b2571d01c62a5777"}], "endpoints_links": [], "type": "compute_legacy", "name": "nova_legacy"}, {"endpoints": [{"adminURL": "http://10.0.2.15:8773/", "region": "RegionOne", "internalURL": "http://10.0.2.15:8773/", "id": "5bd7523265ee463ebc9e35cec81c12bb", "publicURL": "http://10.0.2.15:8773/"}], "endpoints_links": [], "type": "ec2", "name": "ec2"}, {"endpoints": [{"adminURL": "http://10.0.2.15:35357/v2.0", "region": "RegionOne", "internalURL": "http://10.0.2.15:5000/v2.0", "id": "2824730f5b634ab0abd23fcf46cb8f8f", "publicURL": "http://10.0.2.15:5000/v2.0"}], "endpoints_links": [], "type": "identity", "name": "keystone"}], "user": {"username": "tempest-TestNetworkAdvancedServerOps-1013026962", "roles_links": [], "id": "6677f70faa01487a8ecef25db66d2d21", "roles": [{"name": "_member_"}, {"name": "Member"}], "name": "tempest-TestNetworkAdvancedServerOps-1013026962"}, "metadata": {"is_admin": 0, "roles": ["9fe2ff9ee4384b1894a90878d3e92bab", "c8a85a9d37c2409f99fc8750b2445d15"]}}}
2015-12-21 17:14:56,008 21192 DEBUG    [tempest.common.fixed_network] (TestNetworkAdvancedServerOps:test_server_connectivity_pause_unpause) No valid network provided or created, defaulting to fixed_network_name
2015-12-21 17:14:56,327 21192 INFO     [tempest_lib.common.rest_client] Request (TestNetworkAdvancedServerOps:test_server_connectivity_pause_unpause): 200 GET http://10.0.2.15:8774/v2.1/81e69877081f4f84b2571d01c62a5777/os-networks 0.318s
2015-12-21 17:14:56,327 21192 DEBUG    [tempest_lib.common.rest_client] Request - Headers: {'Content-Type': 'application/json', 'Accept': 'application/json', 'X-Auth-Token': '&lt;omitted&gt;'}
        Body: None
    Response - Headers: {'status': '200', 'content-length': '479', 'content-location': 'http://10.0.2.15:8774/v2.1/81e69877081f4f84b2571d01c62a5777/os-networks', 'x-compute-request-id': 'req-c9931dd6-1c29-46f6-a55a-aeba3b592574', 'vary': 'X-OpenStack-Nova-API-Version', 'connection': 'close', 'x-openstack-nova-api-version': '2.1', 'date': 'Mon, 21 Dec 2015 17:14:56 GMT', 'content-type': 'application/json'}
        Body: {"networks": [{"cidr_v6": null, "dns2": null, "dns1": null, "gateway": null, "broadcast": null, "netmask": null, "gateway_v6": null, "cidr": null, "label": "tempest-network-smoke--1122851807", "id": "35720148-d58e-493b-8aec-35df4cefa5ba", "netmask_v6": null}, {"cidr_v6": null, "dns2": null, "dns1": null, "gateway": null, "broadcast": null, "netmask": null, "gateway_v6": null, "cidr": null, "label": "public", "id": "e39fd0f1-010b-478b-9adf-50927381f716", "netmask_v6": null}]}
2015-12-21 17:14:56,328 21192 WARNING  [tempest.common.fixed_network] (TestNetworkAdvancedServerOps:test_server_connectivity_pause_unpause) Network with name: private not found
2015-12-21 17:14:56,329 21192 INFO     [tempest.common.fixed_network] (TestNetworkAdvancedServerOps:test_server_connectivity_pause_unpause) Found network {} available for tenant
2015-12-21 17:14:57,515 21192 INFO     [tempest_lib.common.rest_client] Request (TestNetworkAdvancedServerOps:test_server_connectivity_pause_unpause): 202 POST http://10.0.2.15:8774/v2.1/81e69877081f4f84b2571d01c62a5777/servers 1.185s
2015-12-21 17:14:57,516 21192 DEBUG    [tempest_lib.common.rest_client] Request - Headers: {'Content-Type': 'application/json', 'Accept': 'application/json', 'X-Auth-Token': '&lt;omitted&gt;'}
        Body: {"server": {"name": "tempest.common.compute-instance-336937059", "imageRef": "e506ef88-f704-4585-8a91-3757d664fc5f", "key_name": "tempest-TestNetworkAdvancedServerOps-194212779", "flavorRef": "42", "networks": [{"uuid": "35720148-d58e-493b-8aec-35df4cefa5ba"}], "security_groups": [{"name": "tempest-secgroup-smoke-1993510855"}]}}
    Response - Headers: {'status': '202', 'content-length': '462', 'x-compute-request-id': 'req-930011bd-be72-4295-a2aa-8466adf946ac', 'vary': 'X-OpenStack-Nova-API-Version', 'connection': 'close', 'location': 'http://10.0.2.15:8774/v2.1/81e69877081f4f84b2571d01c62a5777/servers/078d54b9-bf48-40b3-9b5f-2ae3e17663b8', 'x-openstack-nova-api-version': '2.1', 'date': 'Mon, 21 Dec 2015 17:14:57 GMT', 'content-type': 'application/json'}
        Body: {"server": {"security_groups": [{"name": "tempest-secgroup-smoke-1993510855"}], "OS-DCF:diskConfig": "MANUAL", "id": "078d54b9-bf48-40b3-9b5f-2ae3e17663b8", "links": [{"href": "http://10.0.2.15:8774/v2.1/81e69877081f4f84b2571d01c62a5777/servers/078d54b9-bf48-40b3-9b5f-2ae3e17663b8", "rel": "self"}, {"href": "http://10.0.2.15:8774/81e69877081f4f84b2571d01c62a5777/servers/078d54b9-bf48-40b3-9b5f-2ae3e17663b8", "rel": "bookmark"}], "adminPass": "tCnDf49Abks6"}}
2015-12-21 17:14:57,773 21192 INFO     [tempest_lib.common.rest_client] Request (TestNetworkAdvancedServerOps:test_server_connectivity_pause_unpause): 200 GET http://10.0.2.15:8774/v2.1/81e69877081f4f84b2571d01c62a5777/servers/078d54b9-bf48-40b3-9b5f-2ae3e17663b8 0.254s
2015-12-21 17:14:57,773 21192 DEBUG    [tempest_lib.common.rest_client] Request - Headers: {'Content-Type': 'application/json', 'Accept': 'application/json', 'X-Auth-Token': '&lt;omitted&gt;'}
        Body: None
    Response - Headers: {'status': '200', 'content-length': '1363', 'content-location': 'http://10.0.2.15:8774/v2.1/81e69877081f4f84b2571d01c62a5777/servers/078d54b9-bf48-40b3-9b5f-2ae3e17663b8', 'x-compute-request-id': 'req-bebe312d-3518-4c5e-8142-4997dbc51585', 'vary': 'X-OpenStack-Nova-API-Version', 'connection': 'close', 'x-openstack-nova-api-version': '2.1', 'date': 'Mon, 21 Dec 2015 17:14:57 GMT', 'content-type': 'application/json'}
        Body: {"server": {"status": "BUILD", "updated": "2015-12-21T17:14:57Z", "hostId": "", "addresses": {}, "links": [{"href": "http://10.0.2.15:8774/v2.1/81e69877081f4f84b2571d01c62a5777/servers/078d54b9-bf48-40b3-9b5f-2ae3e17663b8", "rel": "self"}, {"href": "http://10.0.2.15:8774/81e69877081f4f84b2571d01c62a5777/servers/078d54b9-bf48-40b3-9b5f-2ae3e17663b8", "rel": "bookmark"}], "key_name": "tempest-TestNetworkAdvancedServerOps-194212779", "image": {"id": "e506ef88-f704-4585-8a91-3757d664fc5f", "links": [{"href": "http://10.0.2.15:8774/81e69877081f4f84b2571d01c62a5777/images/e506ef88-f704-4585-8a91-3757d664fc5f", "rel": "bookmark"}]}, "OS-EXT-STS:task_state": "scheduling", "OS-EXT-STS:vm_state": "building", "OS-SRV-USG:launched_at": null, "flavor": {"id": "42", "links": [{"href": "http://10.0.2.15:8774/81e69877081f4f84b2571d01c62a5777/flavors/42", "rel": "bookmark"}]}, "id": "078d54b9-bf48-40b3-9b5f-2ae3e17663b8", "OS-SRV-USG:terminated_at": null, "OS-EXT-AZ:availability_zone": "", "user_id": "6677f70faa01487a8ecef25db66d2d21", "name": "tempest.common.compute-instance-336937059", "created": "2015-12-21T17:14:57Z", "tenant_id": "81e69877081f4f84b2571d01c62a5777", "OS-DCF:diskConfig": "MANUAL", "os-extended-volumes:volumes_attached": [], "accessIPv4": "", "accessIPv6": "", "progress": 0, "OS-EXT-STS:power_state": 0, "config_drive": "", "metadata": {}}}
2015-12-21 17:14:59,154 21192 INFO     [tempest_lib.common.rest_client] Request (TestNetworkAdvancedServerOps:test_server_connectivity_pause_unpause): 200 GET http://10.0.2.15:8774/v2.1/81e69877081f4f84b2571d01c62a5777/servers/078d54b9-bf48-40b3-9b5f-2ae3e17663b8 0.369s
2015-12-21 17:14:59,154 21192 DEBUG    [tempest_lib.common.rest_client] Request - Headers: {'Content-Type': 'application/json', 'Accept': 'application/json', 'X-Auth-Token': '&lt;omitted&gt;'}
        Body: None
    Response - Headers: {'status': '200', 'content-length': '1489', 'content-location': 'http://10.0.2.15:8774/v2.1/81e69877081f4f84b2571d01c62a5777/servers/078d54b9-bf48-40b3-9b5f-2ae3e17663b8', 'x-compute-request-id': 'req-833475a5-6b1a-4450-ae7f-09a2695131dc', 'vary': 'X-OpenStack-Nova-API-Version', 'connection': 'close', 'x-openstack-nova-api-version': '2.1', 'date': 'Mon, 21 Dec 2015 17:14:59 GMT', 'content-type': 'application/json'}
        Body: {"server": {"status": "BUILD", "updated": "2015-12-21T17:14:58Z", "hostId": "f9d419f415aeb0c5b7f9d095ecd56830704965c25f0ca5d76a50a9c6", "addresses": {}, "links": [{"href": "http://10.0.2.15:8774/v2.1/81e69877081f4f84b2571d01c62a5777/servers/078d54b9-bf48-40b3-9b5f-2ae3e17663b8", "rel": "self"}, {"href": "http://10.0.2.15:8774/81e69877081f4f84b2571d01c62a5777/servers/078d54b9-bf48-40b3-9b5f-2ae3e17663b8", "rel": "bookmark"}], "key_name": "tempest-TestNetworkAdvancedServerOps-194212779", "image": {"id": "e506ef88-f704-4585-8a91-3757d664fc5f", "links": [{"href": "http://10.0.2.15:8774/81e69877081f4f84b2571d01c62a5777/images/e506ef88-f704-4585-8a91-3757d664fc5f", "rel": "bookmark"}]}, "OS-EXT-STS:task_state": "spawning", "OS-EXT-STS:vm_state": "building", "OS-SRV-USG:launched_at": null, "flavor": {"id": "42", "links": [{"href": "http://10.0.2.15:8774/81e69877081f4f84b2571d01c62a5777/flavors/42", "rel": "bookmark"}]}, "id": "078d54b9-bf48-40b3-9b5f-2ae3e17663b8", "security_groups": [{"name": "tempest-secgroup-smoke-1993510855"}], "OS-SRV-USG:terminated_at": null, "OS-EXT-AZ:availability_zone": "nova", "user_id": "6677f70faa01487a8ecef25db66d2d21", "name": "tempest.common.compute-instance-336937059", "created": "2015-12-21T17:14:57Z", "tenant_id": "81e69877081f4f84b2571d01c62a5777", "OS-DCF:diskConfig": "MANUAL", "os-extended-volumes:volumes_attached": [], "accessIPv4": "", "accessIPv6": "", "progress": 0, "OS-EXT-STS:power_state": 0, "config_drive": "", "metadata": {}}}
2015-12-21 17:14:59,163 21192 INFO     [tempest.common.waiters] State transition "BUILD/scheduling" ==&gt; "BUILD/spawning" after 2 second wait
2015-12-21 17:15:00,404 21192 INFO     [tempest_lib.common.rest_client] Request (TestNetworkAdvancedServerOps:test_server_connectivity_pause_unpause): 200 GET http://10.0.2.15:8774/v2.1/81e69877081f4f84b2571d01c62a5777/servers/078d54b9-bf48-40b3-9b5f-2ae3e17663b8 0.239s
2015-12-21 17:15:00,404 21192 DEBUG    [tempest_lib.common.rest_client] Request - Headers: {'Content-Type': 'application/json', 'Accept': 'application/json', 'X-Auth-Token': '&lt;omitted&gt;'}
        Body: None
    Response - Headers: {'status': '200', 'content-length': '1489', 'content-location': 'http://10.0.2.15:8774/v2.1/81e69877081f4f84b2571d01c62a5777/servers/078d54b9-bf48-40b3-9b5f-2ae3e17663b8', 'x-compute-request-id': 'req-ad518451-9464-4b14-bd18-94fc641331d4', 'vary': 'X-OpenStack-Nova-API-Version', 'connection': 'close', 'x-openstack-nova-api-version': '2.1', 'date': 'Mon, 21 Dec 2015 17:15:00 GMT', 'content-type': 'application/json'}
        Body: {"server": {"status": "BUILD", "updated": "2015-12-21T17:14:58Z", "hostId": "f9d419f415aeb0c5b7f9d095ecd56830704965c25f0ca5d76a50a9c6", "addresses": {}, "links": [{"href": "http://10.0.2.15:8774/v2.1/81e69877081f4f84b2571d01c62a5777/servers/078d54b9-bf48-40b3-9b5f-2ae3e17663b8", "rel": "self"}, {"href": "http://10.0.2.15:8774/81e69877081f4f84b2571d01c62a5777/servers/078d54b9-bf48-40b3-9b5f-2ae3e17663b8", "rel": "bookmark"}], "key_name": "tempest-TestNetworkAdvancedServerOps-194212779", "image": {"id": "e506ef88-f704-4585-8a91-3757d664fc5f", "links": [{"href": "http://10.0.2.15:8774/81e69877081f4f84b2571d01c62a5777/images/e506ef88-f704-4585-8a91-3757d664fc5f", "rel": "bookmark"}]}, "OS-EXT-STS:task_state": "spawning", "OS-EXT-STS:vm_state": "building", "OS-SRV-USG:launched_at": null, "flavor": {"id": "42", "links": [{"href": "http://10.0.2.15:8774/81e69877081f4f84b2571d01c62a5777/flavors/42", "rel": "bookmark"}]}, "id": "078d54b9-bf48-40b3-9b5f-2ae3e17663b8", "security_groups": [{"name": "tempest-secgroup-smoke-1993510855"}], "OS-SRV-USG:terminated_at": null, "OS-EXT-AZ:availability_zone": "nova", "user_id": "6677f70faa01487a8ecef25db66d2d21", "name": "tempest.common.compute-instance-336937059", "created": "2015-12-21T17:14:57Z", "tenant_id": "81e69877081f4f84b2571d01c62a5777", "OS-DCF:diskConfig": "MANUAL", "os-extended-volumes:volumes_attached": [], "accessIPv4": "", "accessIPv6": "", "progress": 0, "OS-EXT-STS:power_state": 0, "config_drive": "", "metadata": {}}}
2015-12-21 17:15:01,608 21192 INFO     [tempest_lib.common.rest_client] Request (TestNetworkAdvancedServerOps:test_server_connectivity_pause_unpause): 200 GET http://10.0.2.15:8774/v2.1/81e69877081f4f84b2571d01c62a5777/servers/078d54b9-bf48-40b3-9b5f-2ae3e17663b8 0.193s
2015-12-21 17:15:01,608 21192 DEBUG    [tempest_lib.common.rest_client] Request - Headers: {'Content-Type': 'application/json', 'Accept': 'application/json', 'X-Auth-Token': '&lt;omitted&gt;'}
        Body: None
    Response - Headers: {'status': '200', 'content-length': '1661', 'content-location': 'http://10.0.2.15:8774/v2.1/81e69877081f4f84b2571d01c62a5777/servers/078d54b9-bf48-40b3-9b5f-2ae3e17663b8', 'x-compute-request-id': 'req-252a6496-325e-462a-a771-2183e3c4833b', 'vary': 'X-OpenStack-Nova-API-Version', 'connection': 'close', 'x-openstack-nova-api-version': '2.1', 'date': 'Mon, 21 Dec 2015 17:15:01 GMT', 'content-type': 'application/json'}
        Body: {"server": {"status": "ACTIVE", "updated": "2015-12-21T17:15:01Z", "hostId": "f9d419f415aeb0c5b7f9d095ecd56830704965c25f0ca5d76a50a9c6", "addresses": {"tempest-network-smoke--1122851807": [{"OS-EXT-IPS-MAC:mac_addr": "fa:16:3e:88:97:d2", "version": 4, "addr": "10.100.0.3", "OS-EXT-IPS:type": "fixed"}]}, "links": [{"href": "http://10.0.2.15:8774/v2.1/81e69877081f4f84b2571d01c62a5777/servers/078d54b9-bf48-40b3-9b5f-2ae3e17663b8", "rel": "self"}, {"href": "http://10.0.2.15:8774/81e69877081f4f84b2571d01c62a5777/servers/078d54b9-bf48-40b3-9b5f-2ae3e17663b8", "rel": "bookmark"}], "key_name": "tempest-TestNetworkAdvancedServerOps-194212779", "image": {"id": "e506ef88-f704-4585-8a91-3757d664fc5f", "links": [{"href": "http://10.0.2.15:8774/81e69877081f4f84b2571d01c62a5777/images/e506ef88-f704-4585-8a91-3757d664fc5f", "rel": "bookmark"}]}, "OS-EXT-STS:task_state": null, "OS-EXT-STS:vm_state": "active", "OS-SRV-USG:launched_at": "2015-12-21T17:15:01.000000", "flavor": {"id": "42", "links": [{"href": "http://10.0.2.15:8774/81e69877081f4f84b2571d01c62a5777/flavors/42", "rel": "bookmark"}]}, "id": "078d54b9-bf48-40b3-9b5f-2ae3e17663b8", "security_groups": [{"name": "tempest-secgroup-smoke-1993510855"}], "OS-SRV-USG:terminated_at": null, "OS-EXT-AZ:availability_zone": "nova", "user_id": "6677f70faa01487a8ecef25db66d2d21", "name": "tempest.common.compute-instance-336937059", "created": "2015-12-21T17:14:57Z", "tenant_id": "81e69877081f4f84b2571d01c62a5777", "OS-DCF:diskConfig": "MANUAL", "os-extended-volumes:volumes_attached": [], "accessIPv4": "", "accessIPv6": "", "progress": 0, "OS-EXT-STS:power_state": 1, "config_drive": "True", "metadata": {}}}
2015-12-21 17:15:01,618 21192 INFO     [tempest.common.waiters] State transition "BUILD/spawning" ==&gt; "ACTIVE/None" after 4 second wait
2015-12-21 17:15:01,923 21192 INFO     [tempest_lib.common.rest_client] Request (TestNetworkAdvancedServerOps:test_server_connectivity_pause_unpause): 200 GET http://10.0.2.15:8774/v2.1/81e69877081f4f84b2571d01c62a5777/servers/078d54b9-bf48-40b3-9b5f-2ae3e17663b8 0.304s
2015-12-21 17:15:01,923 21192 DEBUG    [tempest_lib.common.rest_client] Request - Headers: {'Content-Type': 'application/json', 'Accept': 'application/json', 'X-Auth-Token': '&lt;omitted&gt;'}
        Body: None
    Response - Headers: {'status': '200', 'content-length': '1661', 'content-location': 'http://10.0.2.15:8774/v2.1/81e69877081f4f84b2571d01c62a5777/servers/078d54b9-bf48-40b3-9b5f-2ae3e17663b8', 'x-compute-request-id': 'req-fe35c9ad-2e1c-4f34-8983-0fdfd5bafd04', 'vary': 'X-OpenStack-Nova-API-Version', 'connection': 'close', 'x-openstack-nova-api-version': '2.1', 'date': 'Mon, 21 Dec 2015 17:15:01 GMT', 'content-type': 'application/json'}
        Body: {"server": {"status": "ACTIVE", "updated": "2015-12-21T17:15:01Z", "hostId": "f9d419f415aeb0c5b7f9d095ecd56830704965c25f0ca5d76a50a9c6", "addresses": {"tempest-network-smoke--1122851807": [{"OS-EXT-IPS-MAC:mac_addr": "fa:16:3e:88:97:d2", "version": 4, "addr": "10.100.0.3", "OS-EXT-IPS:type": "fixed"}]}, "links": [{"href": "http://10.0.2.15:8774/v2.1/81e69877081f4f84b2571d01c62a5777/servers/078d54b9-bf48-40b3-9b5f-2ae3e17663b8", "rel": "self"}, {"href": "http://10.0.2.15:8774/81e69877081f4f84b2571d01c62a5777/servers/078d54b9-bf48-40b3-9b5f-2ae3e17663b8", "rel": "bookmark"}], "key_name": "tempest-TestNetworkAdvancedServerOps-194212779", "image": {"id": "e506ef88-f704-4585-8a91-3757d664fc5f", "links": [{"href": "http://10.0.2.15:8774/81e69877081f4f84b2571d01c62a5777/images/e506ef88-f704-4585-8a91-3757d664fc5f", "rel": "bookmark"}]}, "OS-EXT-STS:task_state": null, "OS-EXT-STS:vm_state": "active", "OS-SRV-USG:launched_at": "2015-12-21T17:15:01.000000", "flavor": {"id": "42", "links": [{"href": "http://10.0.2.15:8774/81e69877081f4f84b2571d01c62a5777/flavors/42", "rel": "bookmark"}]}, "id": "078d54b9-bf48-40b3-9b5f-2ae3e17663b8", "security_groups": [{"name": "tempest-secgroup-smoke-1993510855"}], "OS-SRV-USG:terminated_at": null, "OS-EXT-AZ:availability_zone": "nova", "user_id": "6677f70faa01487a8ecef25db66d2d21", "name": "tempest.common.compute-instance-336937059", "created": "2015-12-21T17:14:57Z", "tenant_id": "81e69877081f4f84b2571d01c62a5777", "OS-DCF:diskConfig": "MANUAL", "os-extended-volumes:volumes_attached": [], "accessIPv4": "", "accessIPv6": "", "progress": 0, "OS-EXT-STS:power_state": 1, "config_drive": "True", "metadata": {}}}
2015-12-21 17:15:02,062 21192 INFO     [tempest_lib.common.rest_client] Request (TestNetworkAdvancedServerOps:test_server_connectivity_pause_unpause): 200 GET http://10.0.2.15:9696/v2.0/ports?status=ACTIVE&amp;fixed_ip=None&amp;device_id=078d54b9-bf48-40b3-9b5f-2ae3e17663b8 0.129s
2015-12-21 17:15:02,062 21192 DEBUG    [tempest_lib.common.rest_client] Request - Headers: {'Content-Type': 'application/json', 'Accept': 'application/json', 'X-Auth-Token': '&lt;omitted&gt;'}
        Body: None
    Response - Headers: {'status': '200', 'content-length': '895', 'content-location': 'http://10.0.2.15:9696/v2.0/ports?status=ACTIVE&amp;fixed_ip=None&amp;device_id=078d54b9-bf48-40b3-9b5f-2ae3e17663b8', 'connection': 'close', 'date': 'Mon, 21 Dec 2015 17:15:02 GMT', 'content-type': 'application/json; charset=UTF-8', 'x-openstack-request-id': 'req-ed78118d-44ed-4cf6-9649-b37e1e9b869f'}
        Body: {"ports": [{"status": "ACTIVE", "binding:host_id": "vagrant-ubuntu-trusty-64", "allowed_address_pairs": [], "extra_dhcp_opts": [], "dns_assignment": [{"hostname": "host-10-100-0-3", "ip_address": "10.100.0.3", "fqdn": "host-10-100-0-3.openstacklocal."}], "device_owner": "compute:None", "port_security_enabled": true, "binding:profile": {}, "fixed_ips": [{"subnet_id": "1d6c8ff6-22bb-407d-9f53-db42940a6537", "ip_address": "10.100.0.3"}], "id": "eb8a2a7a-e567-4549-9326-031f6a723b12", "security_groups": ["a483f9e6-a2e8-4638-9826-a732d2b5ae95"], "device_id": "078d54b9-bf48-40b3-9b5f-2ae3e17663b8", "name": "", "admin_state_up": true, "network_id": "35720148-d58e-493b-8aec-35df4cefa5ba", "dns_name": "", "binding:vif_details": {"port_filter": true}, "binding:vnic_type": "normal", "binding:vif_type": "ovs", "tenant_id": "81e69877081f4f84b2571d01c62a5777", "mac_address": "fa:16:3e:88:97:d2"}]}
2015-12-21 17:15:02,578 21192 INFO     [tempest_lib.common.rest_client] Request (TestNetworkAdvancedServerOps:test_server_connectivity_pause_unpause): 201 POST http://10.0.2.15:9696/v2.0/floatingips 0.515s
2015-12-21 17:15:02,579 21192 DEBUG    [tempest_lib.common.rest_client] Request - Headers: {'Content-Type': 'application/json', 'Accept': 'application/json', 'X-Auth-Token': '&lt;omitted&gt;'}
        Body: {"floatingip": {"floating_network_id": "e39fd0f1-010b-478b-9adf-50927381f716", "tenant_id": "81e69877081f4f84b2571d01c62a5777", "fixed_ip_address": "10.100.0.3", "port_id": "eb8a2a7a-e567-4549-9326-031f6a723b12"}}
    Response - Headers: {'status': '201', 'content-length': '367', 'connection': 'close', 'date': 'Mon, 21 Dec 2015 17:15:02 GMT', 'content-type': 'application/json; charset=UTF-8', 'x-openstack-request-id': 'req-3ed29f28-31bc-4c52-bc9a-283fe412e8b3'}
        Body: {"floatingip": {"floating_network_id": "e39fd0f1-010b-478b-9adf-50927381f716", "router_id": "1d3c2688-3639-48d1-8d79-ed765da91ba5", "fixed_ip_address": "10.100.0.3", "floating_ip_address": "172.24.4.4", "tenant_id": "81e69877081f4f84b2571d01c62a5777", "status": "DOWN", "port_id": "eb8a2a7a-e567-4549-9326-031f6a723b12", "id": "8dfeedbd-2e15-4da7-ac95-973976e61c23"}}
2015-12-21 17:15:02,815 21192 INFO     [tempest_lib.common.rest_client] Request (TestNetworkAdvancedServerOps:test_server_connectivity_pause_unpause): 200 GET http://10.0.2.15:8774/v2.1/81e69877081f4f84b2571d01c62a5777/servers/078d54b9-bf48-40b3-9b5f-2ae3e17663b8 0.236s
2015-12-21 17:15:02,816 21192 DEBUG    [tempest_lib.common.rest_client] Request - Headers: {'Content-Type': 'application/json', 'Accept': 'application/json', 'X-Auth-Token': '&lt;omitted&gt;'}
        Body: None
    Response - Headers: {'status': '200', 'content-length': '1661', 'content-location': 'http://10.0.2.15:8774/v2.1/81e69877081f4f84b2571d01c62a5777/servers/078d54b9-bf48-40b3-9b5f-2ae3e17663b8', 'x-compute-request-id': 'req-1d5a593a-cf55-46c1-aaef-b4ddb32c2a86', 'vary': 'X-OpenStack-Nova-API-Version', 'connection': 'close', 'x-openstack-nova-api-version': '2.1', 'date': 'Mon, 21 Dec 2015 17:15:02 GMT', 'content-type': 'application/json'}
        Body: {"server": {"status": "ACTIVE", "updated": "2015-12-21T17:15:01Z", "hostId": "f9d419f415aeb0c5b7f9d095ecd56830704965c25f0ca5d76a50a9c6", "addresses": {"tempest-network-smoke--1122851807": [{"OS-EXT-IPS-MAC:mac_addr": "fa:16:3e:88:97:d2", "version": 4, "addr": "10.100.0.3", "OS-EXT-IPS:type": "fixed"}]}, "links": [{"href": "http://10.0.2.15:8774/v2.1/81e69877081f4f84b2571d01c62a5777/servers/078d54b9-bf48-40b3-9b5f-2ae3e17663b8", "rel": "self"}, {"href": "http://10.0.2.15:8774/81e69877081f4f84b2571d01c62a5777/servers/078d54b9-bf48-40b3-9b5f-2ae3e17663b8", "rel": "bookmark"}], "key_name": "tempest-TestNetworkAdvancedServerOps-194212779", "image": {"id": "e506ef88-f704-4585-8a91-3757d664fc5f", "links": [{"href": "http://10.0.2.15:8774/81e69877081f4f84b2571d01c62a5777/images/e506ef88-f704-4585-8a91-3757d664fc5f", "rel": "bookmark"}]}, "OS-EXT-STS:task_state": null, "OS-EXT-STS:vm_state": "active", "OS-SRV-USG:launched_at": "2015-12-21T17:15:01.000000", "flavor": {"id": "42", "links": [{"href": "http://10.0.2.15:8774/81e69877081f4f84b2571d01c62a5777/flavors/42", "rel": "bookmark"}]}, "id": "078d54b9-bf48-40b3-9b5f-2ae3e17663b8", "security_groups": [{"name": "tempest-secgroup-smoke-1993510855"}], "OS-SRV-USG:terminated_at": null, "OS-EXT-AZ:availability_zone": "nova", "user_id": "6677f70faa01487a8ecef25db66d2d21", "name": "tempest.common.compute-instance-336937059", "created": "2015-12-21T17:14:57Z", "tenant_id": "81e69877081f4f84b2571d01c62a5777", "OS-DCF:diskConfig": "MANUAL", "os-extended-volumes:volumes_attached": [], "accessIPv4": "", "accessIPv6": "", "progress": 0, "OS-EXT-STS:power_state": 1, "config_drive": "True", "metadata": {}}}
2015-12-21 17:15:02,825 21192 INFO     [tempest.scenario.manager] Tenant networks not configured to be reachable.
2015-12-21 17:15:02,841 21192 INFO     [tempest_lib.common.rest_client] Request (TestNetworkAdvancedServerOps:test_server_connectivity_pause_unpause): 200 GET http://10.0.2.15:9696/v2.0/floatingips/8dfeedbd-2e15-4da7-ac95-973976e61c23 0.015s
2015-12-21 17:15:02,841 21192 DEBUG    [tempest_lib.common.rest_client] Request - Headers: {'Content-Type': 'application/json', 'Accept': 'application/json', 'X-Auth-Token': '&lt;omitted&gt;'}
        Body: None
    Response - Headers: {'status': '200', 'content-length': '367', 'content-location': 'http://10.0.2.15:9696/v2.0/floatingips/8dfeedbd-2e15-4da7-ac95-973976e61c23', 'connection': 'close', 'date': 'Mon, 21 Dec 2015 17:15:02 GMT', 'content-type': 'application/json; charset=UTF-8', 'x-openstack-request-id': 'req-c5e5cc9b-3252-4965-b556-fb503c0a5cdb'}
        Body: {"floatingip": {"floating_network_id": "e39fd0f1-010b-478b-9adf-50927381f716", "router_id": "1d3c2688-3639-48d1-8d79-ed765da91ba5", "fixed_ip_address": "10.100.0.3", "floating_ip_address": "172.24.4.4", "tenant_id": "81e69877081f4f84b2571d01c62a5777", "status": "DOWN", "port_id": "eb8a2a7a-e567-4549-9326-031f6a723b12", "id": "8dfeedbd-2e15-4da7-ac95-973976e61c23"}}
2015-12-21 17:15:03,855 21192 INFO     [tempest_lib.common.rest_client] Request (TestNetworkAdvancedServerOps:test_server_connectivity_pause_unpause): 200 GET http://10.0.2.15:9696/v2.0/floatingips/8dfeedbd-2e15-4da7-ac95-973976e61c23 0.012s
2015-12-21 17:15:03,855 21192 DEBUG    [tempest_lib.common.rest_client] Request - Headers: {'Content-Type': 'application/json', 'Accept': 'application/json', 'X-Auth-Token': '&lt;omitted&gt;'}
        Body: None
    Response - Headers: {'status': '200', 'content-length': '369', 'content-location': 'http://10.0.2.15:9696/v2.0/floatingips/8dfeedbd-2e15-4da7-ac95-973976e61c23', 'connection': 'close', 'date': 'Mon, 21 Dec 2015 17:15:03 GMT', 'content-type': 'application/json; charset=UTF-8', 'x-openstack-request-id': 'req-83acc66a-6855-4076-af76-e2b2d6efdf32'}
        Body: {"floatingip": {"floating_network_id": "e39fd0f1-010b-478b-9adf-50927381f716", "router_id": "1d3c2688-3639-48d1-8d79-ed765da91ba5", "fixed_ip_address": "10.100.0.3", "floating_ip_address": "172.24.4.4", "tenant_id": "81e69877081f4f84b2571d01c62a5777", "status": "ACTIVE", "port_id": "eb8a2a7a-e567-4549-9326-031f6a723b12", "id": "8dfeedbd-2e15-4da7-ac95-973976e61c23"}}
2015-12-21 17:15:03,856 21192 INFO     [tempest.scenario.manager] FloatingIP: &lt;"FloatingIP" addr="172.24.4.4" id="8dfeedbd-2e15-4da7-ac95-973976e61c23"&gt; is at status: ACTIVE
2015-12-21 17:15:03,856 21192 DEBUG    [tempest.scenario.manager] checking network connections to IP 172.24.4.4 with user: cirros
2015-12-21 17:15:03,856 21192 DEBUG    [tempest.scenario.manager] TestNetworkAdvancedServerOps:test_server_connectivity_pause_unpause begins to ping 172.24.4.4 in 120 sec and the expected result is reachable
2015-12-21 17:17:04,127 21192 DEBUG    [tempest.scenario.manager] TestNetworkAdvancedServerOps:test_server_connectivity_pause_unpause finishes ping 172.24.4.4 in 120 sec and the ping result is unexpected
2015-12-21 17:17:04,128 21192 ERROR    [tempest.scenario.manager] Public network connectivity check failed
2015-12-21 17:17:04.128 21192 ERROR tempest.scenario.manager Traceback (most recent call last):
2015-12-21 17:17:04.128 21192 ERROR tempest.scenario.manager   File "tempest/scenario/manager.py", line 608, in check_public_network_connectivity
2015-12-21 17:17:04.128 21192 ERROR tempest.scenario.manager     should_connect=should_connect)
2015-12-21 17:17:04.128 21192 ERROR tempest.scenario.manager   File "tempest/scenario/manager.py", line 592, in check_vm_connectivity
2015-12-21 17:17:04.128 21192 ERROR tempest.scenario.manager     msg=msg)
2015-12-21 17:17:04.128 21192 ERROR tempest.scenario.manager   File "/usr/local/lib/python2.7/dist-packages/unittest2/case.py", line 702, in assertTrue
2015-12-21 17:17:04.128 21192 ERROR tempest.scenario.manager     raise self.failureException(msg)
2015-12-21 17:17:04.128 21192 ERROR tempest.scenario.manager AssertionError: False is not true : Timed out waiting for 172.24.4.4 to become reachable
2015-12-21 17:17:04.128 21192 ERROR tempest.scenario.manager 
2015-12-21 17:17:04,339 21192 INFO     [tempest_lib.common.rest_client] Request (TestNetworkAdvancedServerOps:test_server_connectivity_pause_unpause): 200 POST http://10.0.2.15:8774/v2.1/81e69877081f4f84b2571d01c62a5777/servers/078d54b9-bf48-40b3-9b5f-2ae3e17663b8/action 0.208s
2015-12-21 17:17:04,340 21192 DEBUG    [tempest_lib.common.rest_client] Request - Headers: {'Content-Type': 'application/json', 'Accept': 'application/json', 'X-Auth-Token': '&lt;omitted&gt;'}
        Body: {"os-getConsoleOutput": {}}
    Response - Headers: {'status': '200', 'content-length': '17469', 'x-compute-request-id': 'req-a92d82eb-7b1f-400c-8262-67b1d09359cc', 'vary': 'X-OpenStack-Nova-API-Version', 'connection': 'close', 'x-openstack-nova-api-version': '2.1', 'date': 'Mon, 21 Dec 2015 17:17:04 GMT', 'content-type': 'application/json'}
        Body: {"output": "[    0.000000] Initializing cgroup subsys cpuset\n[    0.000000] Initializing cgroup subsys cpu\n[    0.000000] Linux version 3.2.0-80-virtual (buildd@batsu) (gcc version 4.6.3 (Ubuntu/Linaro 4.6.3-1ubuntu5) ) #116-Ubuntu SMP Mon Mar 23 17:28:52 UTC 2015 (Ubuntu 3.2.0-80.116-virtual 3.2.68)\n[    0.000000] Command line: root=/dev/vda console=tty0 console=ttyS0 no_timer_check\n[    0.000000] KERNEL supported cpus:\n[    0.000000]   Intel GenuineIntel\n[    0.000000]   AMD AuthenticAMD\n[    0.000000]   Centaur CentaurHauls\n[    0.000000] BIOS-provided physical RAM map:\n[    0.000000]  BIOS-e820: 0000000000000000 - 000000000009fc00 (usable)\n[    0.000000]  BIOS-e820: 000000000009fc00 - 00000000000a0000 (reserved)\n[    0.000000]  BIOS-e820: 00000000000f0000 - 0000000000100000 (reserved)\n[    0.000000]  BIOS-e820: 0000000000100000 - 0000000003ffe000 (usable)\n[    0.000000]  BIOS-e820: 0000000003ffe000 - 0000000004000000 (reserved)\n[    0.000000]  BIOS-e820: 00000000fffc0000 - 0000000100000000 (reserved)\n[    0.000000] NX (Execute Disable) protection: active\n[    0.000000] SMBIOS 2.4 present.\n[    0.000000] No AGP bridge found\n[    0.000000] last_pfn = 0x3ffe max_arch_pfn = 0x400000000\n[    0.000000] x86 PAT enabled: cpu 0, old 0x7040600070406, new 0x7010600070106\n[    0.000000] found SMP MP-table at [ffff8800000f0b00] f0b00\n[    0.000000] init_memory_mapping: 0000000000000000-0000000003ffe000\n[    0.000000] RAMDISK: 03c5e000 - 03ff0000\n[    0.000000] ACPI: RSDP 00000000000f0950 00014 (v00 BOCHS )\n[    0.000000] ACPI: RSDT 0000000003fffbc1 00034 (v01 BOCHS  BXPCRSDT 00000001 BXPC 00000001)\n[    0.000000] ACPI: FACP 0000000003fff1c0 00074 (v01 BOCHS  BXPCFACP 00000001 BXPC 00000001)\n[    0.000000] ACPI: DSDT 0000000003ffe040 01180 (v01 BOCHS  BXPCDSDT 00000001 BXPC 00000001)\n[    0.000000] ACPI: FACS 0000000003ffe000 00040\n[    0.000000] ACPI: SSDT 0000000003fff234 008DD (v01 BOCHS  BXPCSSDT 00000001 BXPC 00000001)\n[    0.000000] ACPI: APIC 0000000003fffb11 00078 (v01 BOCHS  BXPCAPIC 00000001 BXPC 00000001)\n[    0.000000] ACPI: HPET 0000000003fffb89 00038 (v01 BOCHS  BXPCHPET 00000001 BXPC 00000001)\n[    0.000000] No NUMA configuration found\n[    0.000000] Faking a node at 0000000000000000-0000000003ffe000\n[    0.000000] Initmem setup node 0 0000000000000000-0000000003ffe000\n[    0.000000]   NODE_DATA [0000000003ff6000 - 0000000003ffafff]\n[    0.000000] Zone PFN ranges:\n[    0.000000]   DMA      0x00000010 -&gt; 0x00001000\n[    0.000000]   DMA32    0x00001000 -&gt; 0x00100000\n[    0.000000]   Normal   empty\n[    0.000000] Movable zone start PFN for each node\n[    0.000000] early_node_map[2] active PFN ranges\n[    0.000000]     0: 0x00000010 -&gt; 0x0000009f\n[    0.000000]     0: 0x00000100 -&gt; 0x00003ffe\n[    0.000000] ACPI: PM-Timer IO Port: 0xb008\n[    0.000000] ACPI: LAPIC (acpi_id[0x00] lapic_id[0x00] enabled)\n[    0.000000] ACPI: LAPIC_NMI (acpi_id[0xff] dfl dfl lint[0x1])\n[    0.000000] ACPI: IOAPIC (id[0x00] address[0xfec00000] gsi_base[0])\n[    0.000000] IOAPIC[0]: apic_id 0, version 17, address 0xfec00000, GSI 0-23\n[    0.000000] ACPI: INT_SRC_OVR (bus 0 bus_irq 0 global_irq 2 dfl dfl)\n[    0.000000] ACPI: INT_SRC_OVR (bus 0 bus_irq 5 global_irq 5 high level)\n[    0.000000] ACPI: INT_SRC_OVR (bus 0 bus_irq 9 global_irq 9 high level)\n[    0.000000] ACPI: INT_SRC_OVR (bus 0 bus_irq 10 global_irq 10 high level)\n[    0.000000] ACPI: INT_SRC_OVR (bus 0 bus_irq 11 global_irq 11 high level)\n[    0.000000] Using ACPI (MADT) for SMP configuration information\n[    0.000000] ACPI: HPET id: 0x8086a201 base: 0xfed00000\n[    0.000000] SMP: Allowing 1 CPUs, 0 hotplug CPUs\n[    0.000000] PM: Registered nosave memory: 000000000009f000 - 00000000000a0000\n[    0.000000] PM: Registered nosave memory: 00000000000a0000 - 00000000000f0000\n[    0.000000] PM: Registered nosave memory: 00000000000f0000 - 0000000000100000\n[    0.000000] Allocating PCI resources starting at 4000000 (gap: 4000000:fbfc0000)\n[    0.000000] Booting paravirtualized kernel on bare hardware\n[    0.000000] setup_pe
2015-12-21 17:17:04,342 21192 DEBUG    [tempest.scenario.manager] Console output for 078d54b9-bf48-40b3-9b5f-2ae3e17663b8
body=
[    0.000000] Initializing cgroup subsys cpuset
[    0.000000] Initializing cgroup subsys cpu
[    0.000000] Linux version 3.2.0-80-virtual (buildd@batsu) (gcc version 4.6.3 (Ubuntu/Linaro 4.6.3-1ubuntu5) ) #116-Ubuntu SMP Mon Mar 23 17:28:52 UTC 2015 (Ubuntu 3.2.0-80.116-virtual 3.2.68)
[    0.000000] Command line: root=/dev/vda console=tty0 console=ttyS0 no_timer_check
[    0.000000] KERNEL supported cpus:
[    0.000000]   Intel GenuineIntel
[    0.000000]   AMD AuthenticAMD
[    0.000000]   Centaur CentaurHauls
[    0.000000] BIOS-provided physical RAM map:
[    0.000000]  BIOS-e820: 0000000000000000 - 000000000009fc00 (usable)
[    0.000000]  BIOS-e820: 000000000009fc00 - 00000000000a0000 (reserved)
[    0.000000]  BIOS-e820: 00000000000f0000 - 0000000000100000 (reserved)
[    0.000000]  BIOS-e820: 0000000000100000 - 0000000003ffe000 (usable)
[    0.000000]  BIOS-e820: 0000000003ffe000 - 0000000004000000 (reserved)
[    0.000000]  BIOS-e820: 00000000fffc0000 - 0000000100000000 (reserved)
[    0.000000] NX (Execute Disable) protection: active
[    0.000000] SMBIOS 2.4 present.
[    0.000000] No AGP bridge found
[    0.000000] last_pfn = 0x3ffe max_arch_pfn = 0x400000000
[    0.000000] x86 PAT enabled: cpu 0, old 0x7040600070406, new 0x7010600070106
[    0.000000] found SMP MP-table at [ffff8800000f0b00] f0b00
[    0.000000] init_memory_mapping: 0000000000000000-0000000003ffe000
[    0.000000] RAMDISK: 03c5e000 - 03ff0000
[    0.000000] ACPI: RSDP 00000000000f0950 00014 (v00 BOCHS )
[    0.000000] ACPI: RSDT 0000000003fffbc1 00034 (v01 BOCHS  BXPCRSDT 00000001 BXPC 00000001)
[    0.000000] ACPI: FACP 0000000003fff1c0 00074 (v01 BOCHS  BXPCFACP 00000001 BXPC 00000001)
[    0.000000] ACPI: DSDT 0000000003ffe040 01180 (v01 BOCHS  BXPCDSDT 00000001 BXPC 00000001)
[    0.000000] ACPI: FACS 0000000003ffe000 00040
[    0.000000] ACPI: SSDT 0000000003fff234 008DD (v01 BOCHS  BXPCSSDT 00000001 BXPC 00000001)
[    0.000000] ACPI: APIC 0000000003fffb11 00078 (v01 BOCHS  BXPCAPIC 00000001 BXPC 00000001)
[    0.000000] ACPI: HPET 0000000003fffb89 00038 (v01 BOCHS  BXPCHPET 00000001 BXPC 00000001)
[    0.000000] No NUMA configuration found
[    0.000000] Faking a node at 0000000000000000-0000000003ffe000
[    0.000000] Initmem setup node 0 0000000000000000-0000000003ffe000
[    0.000000]   NODE_DATA [0000000003ff6000 - 0000000003ffafff]
[    0.000000] Zone PFN ranges:
[    0.000000]   DMA      0x00000010 -&gt; 0x00001000
[    0.000000]   DMA32    0x00001000 -&gt; 0x00100000
[    0.000000]   Normal   empty
[    0.000000] Movable zone start PFN for each node
[    0.000000] early_node_map[2] active PFN ranges
[    0.000000]     0: 0x00000010 -&gt; 0x0000009f
[    0.000000]     0: 0x00000100 -&gt; 0x00003ffe
[    0.000000] ACPI: PM-Timer IO Port: 0xb008
[    0.000000] ACPI: LAPIC (acpi_id[0x00] lapic_id[0x00] enabled)
[    0.000000] ACPI: LAPIC_NMI (acpi_id[0xff] dfl dfl lint[0x1])
[    0.000000] ACPI: IOAPIC (id[0x00] address[0xfec00000] gsi_base[0])
[    0.000000] IOAPIC[0]: apic_id 0, version 17, address 0xfec00000, GSI 0-23
[    0.000000] ACPI: INT_SRC_OVR (bus 0 bus_irq 0 global_irq 2 dfl dfl)
[    0.000000] ACPI: INT_SRC_OVR (bus 0 bus_irq 5 global_irq 5 high level)
[    0.000000] ACPI: INT_SRC_OVR (bus 0 bus_irq 9 global_irq 9 high level)
[    0.000000] ACPI: INT_SRC_OVR (bus 0 bus_irq 10 global_irq 10 high level)
[    0.000000] ACPI: INT_SRC_OVR (bus 0 bus_irq 11 global_irq 11 high level)
[    0.000000] Using ACPI (MADT) for SMP configuration information
[    0.000000] ACPI: HPET id: 0x8086a201 base: 0xfed00000
[    0.000000] SMP: Allowing 1 CPUs, 0 hotplug CPUs
[    0.000000] PM: Registered nosave memory: 000000000009f000 - 00000000000a0000
[    0.000000] PM: Registered nosave memory: 00000000000a0000 - 00000000000f0000
[    0.000000] PM: Registered nosave memory: 00000000000f0000 - 0000000000100000
[    0.000000] Allocating PCI resources starting at 4000000 (gap: 4000000:fbfc0000)
[    0.000000] Booting paravirtualized kernel on bare hardware
[    0.000000] setup_percpu: NR_CPUS:64 nr_cpumask_bits:64 nr_cpu_ids:1 nr_node_ids:1
[    0.000000] PERCPU: Embedded 27 pages/cpu @ffff880003a00000 s78848 r8192 d23552 u2097152
[    0.000000] Built 1 zonelists in Node order, mobility grouping on.  Total pages: 16008
[    0.000000] Policy zone: DMA32
[    0.000000] Kernel command line: root=/dev/vda console=tty0 console=ttyS0 no_timer_check
[    0.000000] PID hash table entries: 256 (order: -1, 2048 bytes)
[    0.000000] Checking aperture...
[    0.000000] No AGP bridge found
[    0.000000] Memory: 43492k/65528k available (6576k kernel code, 452k absent, 21584k reserved, 6620k data, 928k init)
[    0.000000] SLUB: Genslabs=15, HWalign=64, Order=0-3, MinObjects=0, CPUs=1, Nodes=1
[    0.000000] Hierarchical RCU implementation.
[    0.000000] 	RCU dyntick-idle grace-period acceleration is enabled.
[    0.000000] NR_IRQS:4352 nr_irqs:256 16
[    0.000000] Console: colour VGA+ 80x25
[    0.000000] console [tty0] enabled
[    0.000000] console [ttyS0] enabled
[    0.000000] allocated 1048576 bytes of page_cgroup
[    0.000000] please try 'cgroup_disable=memory' option if you don't want memory cgroups
[    0.000000] Fast TSC calibration failed
[    0.000000] TSC: Unable to calibrate against PIT
[    0.000000] TSC: using HPET reference calibration
[    0.000000] Detected 2294.322 MHz processor.
[    0.037503] Calibrating delay loop (skipped), value calculated using timer frequency.. 4588.64 BogoMIPS (lpj=9177288)
[    0.039478] pid_max: default: 32768 minimum: 301
[    0.045833] Security Framework initialized
[    0.050326] AppArmor: AppArmor initialized
[    0.050992] Yama: becoming mindful.
[    0.057913] Dentry cache hash table entries: 8192 (order: 4, 65536 bytes)
[    0.059378] Inode-cache hash table entries: 4096 (order: 3, 32768 bytes)
[    0.060724] Mount-cache hash table entries: 256
[    0.077179] Initializing cgroup subsys cpuacct
[    0.078092] Initializing cgroup subsys memory
[    0.080922] Initializing cgroup subsys devices
[    0.082223] Initializing cgroup subsys freezer
[    0.083034] Initializing cgroup subsys blkio
[    0.084199] Initializing cgroup subsys perf_event
[    0.089053] mce: CPU supports 10 MCE banks
[    0.092796] SMP alternatives: switching to UP code
[    0.485434] Freeing SMP alternatives: 24k freed
[    0.488438] ACPI: Core revision 20110623
[    0.538016] ftrace: allocating 26610 entries in 105 pages
[    0.580035] ..TIMER: vector=0x30 apic1=0 pin1=2 apic2=-1 pin2=-1
[    0.584160] CPU0: AMD QEMU Virtual CPU version 2.0.0 stepping 03
[    0.588036] Performance Events: Broken PMU hardware detected, using software events only.
[    0.596084] NMI watchdog disabled (cpu0): hardware events not enabled
[    0.597571] Brought up 1 CPUs
[    0.598079] Total of 1 processors activated (4588.64 BogoMIPS).
[    0.621277] devtmpfs: initialized
[    0.649710] EVM: security.selinux
[    0.650306] EVM: security.SMACK64
[    0.652078] EVM: security.capability
[    0.673093] print_constraints: dummy: 
[    0.674381] RTC time: 17:15:04, date: 12/21/15
[    0.678362] NET: Registered protocol family 16
[    0.686927] ACPI: bus type pci registered
[    0.690410] PCI: Using configuration type 1 for base access
[    0.728194] bio: create slab &lt;bio-0&gt; at 0
[    0.732746] ACPI: Added _OSI(Module Device)
[    0.733312] ACPI: Added _OSI(Processor Device)
[    0.734105] ACPI: Added _OSI(3.0 _SCP Extensions)
[    0.734728] ACPI: Added _OSI(Processor Aggregator Device)
[    0.810317] ACPI: Interpreter enabled
[    0.810931] ACPI: (supports S0 S3 S4 S5)
[    0.813449] ACPI: Using IOAPIC for interrupt routing
[    0.886817] ACPI: No dock devices found.
[    0.887435] HEST: Table not found.
[    0.888222] PCI: Using host bridge windows from ACPI; if necessary, use "pci=nocrs" and report a bug
[    0.894760] ACPI: PCI Root Bridge [PCI0] (domain 0000 [bus 00-ff])
[    0.901703] pci_root PNP0A03:00: host bridge window [io  0x0000-0x0cf7]
[    0.902622] pci_root PNP0A03:00: host bridge window [io  0x0d00-0xadff]
[    0.904118] pci_root PNP0A03:00: host bridge window [io  0xae0f-0xaeff]
[    0.905016] pci_root PNP0A03:00: host bridge window [io  0xaf20-0xafdf]
[    0.905966] pci_root PNP0A03:00: host bridge window [io  0xafe4-0xffff]
[    0.908181] pci_root PNP0A03:00: host bridge window [mem 0x000a0000-0x000bffff]
[    0.909135] pci_root PNP0A03:00: host bridge window [mem 0x04000000-0xfebfffff]
[    0.939185] pci 0000:00:01.3: quirk: [io  0xb000-0xb03f] claimed by PIIX4 ACPI
[    0.940232] pci 0000:00:01.3: quirk: [io  0xb100-0xb10f] claimed by PIIX4 SMB
[    1.021766]  pci0000:00: Unable to request _OSC control (_OSC support mask: 0x1e)
[    1.082316] ACPI: PCI Interrupt Link [LNKA] (IRQs 5 *10 11)
[    1.085162] ACPI: PCI Interrupt Link [LNKB] (IRQs 5 *10 11)
[    1.086961] ACPI: PCI Interrupt Link [LNKC] (IRQs 5 10 *11)
[    1.089263] ACPI: PCI Interrupt Link [LNKD] (IRQs 5 10 *11)
[    1.090548] ACPI: PCI Interrupt Link [LNKS] (IRQs *9)
[    1.100068] vgaarb: device added: PCI:0000:00:02.0,decodes=io+mem,owns=io+mem,locks=none
[    1.100316] vgaarb: loaded
[    1.101005] vgaarb: bridge control possible 0000:00:02.0
[    1.109116] i2c-core: driver [aat2870] using legacy suspend method
[    1.109821] i2c-core: driver [aat2870] using legacy resume method
[    1.113194] SCSI subsystem initialized
[    1.117062] usbcore: registered new interface driver usbfs
[    1.118469] usbcore: registered new interface driver hub
[    1.120751] usbcore: registered new device driver usb
[    1.125103] PCI: Using ACPI for IRQ routing
[    1.136551] NetLabel: Initializing
[    1.136981] NetLabel:  domain hash size = 128
[    1.137522] NetLabel:  protocols = UNLABELED CIPSOv4
[    1.139361] NetLabel:  unlabeled traffic allowed by default
[    1.141410] HPET: 3 timers in total, 0 timers will be used for per-cpu timer
[    1.142419] hpet0: at MMIO 0xfed00000, IRQs 2, 8, 0
[    1.144521] hpet0: 3 comparators, 64-bit 100.000000 MHz counter
[    1.153998] Switching to clocksource hpet
[    1.401824] AppArmor: AppArmor Filesystem Enabled
[    1.402624] pnp: PnP ACPI init
[    1.403265] ACPI: bus type pnp registered
[    1.421986] pnp: PnP ACPI: found 9 devices
[    1.422502] ACPI: ACPI bus type pnp unregistered
[    1.481454] NET: Registered protocol family 2
[    1.518530] IP route cache hash table entries: 512 (order: 0, 4096 bytes)
[    1.525865] TCP established hash table entries: 2048 (order: 3, 32768 bytes)
[    1.526838] TCP bind hash table entries: 2048 (order: 3, 32768 bytes)
[    1.530072] TCP: Hash tables configured (established 2048 bind 2048)
[    1.530825] TCP reno registered
[    1.531318] UDP hash table entries: 128 (order: 0, 4096 bytes)
[    1.532471] UDP-Lite hash table entries: 128 (order: 0, 4096 bytes)
[    1.535406] NET: Registered protocol family 1
[    1.536927] pci 0000:00:00.0: Limiting direct PCI/PCI transfers
[    1.538223] pci 0000:00:01.0: PIIX3: Enabling Passive Release
[    1.539291] pci 0000:00:01.0: Activating ISA DMA hang workarounds
[    1.545064] ACPI: PCI Interrupt Link [LNKD] enabled at IRQ 11
[    1.546158] pci 0000:00:01.2: PCI INT D -&gt; Link[LNKD] -&gt; GSI 11 (level, high) -&gt; IRQ 11
[    1.547912] pci 0000:00:01.2: PCI INT D disabled
[    1.566469] Trying to unpack rootfs image as initramfs...
[    1.582524] audit: initializing netlink socket (disabled)
[    1.584041] type=2000 audit(1450718104.580:1): initialized
[    1.887611] HugeTLB registered 2 MB page size, pre-allocated 0 pages
[    1.968480] VFS: Disk quotas dquot_6.5.2
[    1.969981] Dquot-cache hash table entries: 512 (order 0, 4096 bytes)
[    1.999649] fuse init (API version 7.17)
[    2.010205] msgmni has been set to 84
[    2.046362] Block layer SCSI generic (bsg) driver version 0.4 loaded (major 253)
[    2.047968] io scheduler noop registered
[    2.049601] io scheduler deadline registered (default)
[    2.050798] io scheduler cfq registered
[    2.054041] pci_hotplug: PCI Hot Plug PCI Core version: 0.5
[    2.055998] pciehp: PCI Express Hot Plug Controller Driver version: 0.4
[    2.062548] input: Power Button as /devices/LNXSYSTM:00/LNXPWRBN:00/input/input0
[    2.064069] ACPI: Power Button [PWRF]
[    2.118133] ERST: Table is not found!
[    2.119184] GHES: HEST is not enabled!
[    2.134241] ACPI: PCI Interrupt Link [LNKC] enabled at IRQ 10
[    2.135036] virtio-pci 0000:00:03.0: PCI INT A -&gt; Link[LNKC] -&gt; GSI 10 (level, high) -&gt; IRQ 10
[    2.142112] virtio-pci 0000:00:04.0: PCI INT A -&gt; Link[LNKD] -&gt; GSI 11 (level, high) -&gt; IRQ 11
[    2.162078] ACPI: PCI Interrupt Link [LNKA] enabled at IRQ 10
[    2.162771] virtio-pci 0000:00:05.0: PCI INT A -&gt; Link[LNKA] -&gt; GSI 10 (level, high) -&gt; IRQ 10
[    2.178452] Serial: 8250/16550 driver, 32 ports, IRQ sharing enabled
[    2.225933] serial8250: ttyS0 at I/O 0x3f8 (irq = 4) is a 16550A
[    2.321135] serial8250: ttyS1 at I/O 0x2f8 (irq = 3) is a 16550A
[    2.476844] 00:05: ttyS0 at I/O 0x3f8 (irq = 4) is a 16550A
[    2.559215] 00:06: ttyS1 at I/O 0x2f8 (irq = 3) is a 16550A
[    2.560121] Refined TSC clocksource calibration: 2294.418 MHz.
[    2.561721] Switching to clocksource tsc
[    2.603598] Linux agpgart interface v0.103
[    2.670773] brd: module loaded
[    2.706036] loop: module loaded
[    2.769859]  vda: unknown partition table
[    2.818375] scsi0 : ata_piix
[    2.821415] scsi1 : ata_piix
[    2.822682] ata1: PATA max MWDMA2 cmd 0x1f0 ctl 0x3f6 bmdma 0xc0a0 irq 14
[    2.823478] ata2: PATA max MWDMA2 cmd 0x170 ctl 0x376 bmdma 0xc0a8 irq 15
[    2.833914] Fixed MDIO Bus: probed
[    2.834541] tun: Universal TUN/TAP device driver, 1.6
[    2.835076] tun: (C) 1999-2004 Max Krasnyansky &lt;maxk@qualcomm.com&gt;
[    2.851599] PPP generic driver version 2.4.2
[    2.882209] ehci_hcd: USB 2.0 'Enhanced' Host Controller (EHCI) Driver
[    2.883524] ohci_hcd: USB 1.1 'Open' Host Controller (OHCI) Driver
[    2.885837] uhci_hcd: USB Universal Host Controller Interface driver
[    2.887086] uhci_hcd 0000:00:01.2: PCI INT D -&gt; Link[LNKD] -&gt; GSI 11 (level, high) -&gt; IRQ 11
[    2.890609] uhci_hcd 0000:00:01.2: UHCI Host Controller
[    2.897273] uhci_hcd 0000:00:01.2: new USB bus registered, assigned bus number 1
[    2.899069] uhci_hcd 0000:00:01.2: irq 11, io base 0x0000c040
[    2.924371] hub 1-0:1.0: USB hub found
[    2.924371] hub 1-0:1.0: 2 ports detected
[    2.933920] usbcore: registered new interface driver libusual
[    2.936547] i8042: PNP: PS/2 Controller [PNP0303:KBD,PNP0f13:MOU] at 0x60,0x64 irq 1,12
[    2.949175] serio: i8042 KBD port at 0x60,0x64 irq 1
[    2.952722] serio: i8042 AUX port at 0x60,0x64 irq 12
[    3.007615] mousedev: PS/2 mouse device common for all mice
[    3.017745] input: AT Translated Set 2 keyboard as /devices/platform/i8042/serio0/input/input1
[    3.039379] rtc_cmos 00:01: RTC can wake from S4
[    3.057921] rtc_cmos 00:01: rtc core: registered rtc_cmos as rtc0
[    3.063246] rtc0: alarms up to one day, 114 bytes nvram, hpet irqs
[    3.067839] device-mapper: uevent: version 1.0.3
[    3.087562] ata2.01: ATAPI: QEMU DVD-ROM, 2.0.0, max UDMA/100
[    3.099034] device-mapper: ioctl: 4.22.0-ioctl (2011-10-19) initialised: dm-devel@redhat.com
[    3.102603] cpuidle: using governor ladder
[    3.112621] cpuidle: using governor menu
[    3.114602] EFI Variables Facility v0.08 2004-May-17
[    3.126081] TCP cubic registered
[    3.128924] NET: Registered protocol family 10
[    3.152325] NET: Registered protocol family 17
[    3.154132] Registering the dns_resolver key type
[    3.159393] ata2.01: configured for MWDMA2
[    3.191733] scsi 1:0:1:0: CD-ROM            QEMU     QEMU DVD-ROM     2.0. PQ: 0 ANSI: 5
[    3.224012] sr0: scsi3-mmc drive: 4x/4x cd/rw xa/form2 tray
[    3.226607] cdrom: Uniform CD-ROM driver Revision: 3.20
[    3.246313] sr 1:0:1:0: Attached scsi generic sg0 type 5
[    3.289250] Freeing initrd memory: 3656k freed
[    3.306285] registered taskstats version 1
[    3.790717]   Magic number: 11:139:290
[    3.798162] tty tty23: hash matches
[    3.802584] rtc_cmos 00:01: setting system clock to 2015-12-21 17:15:07 UTC (1450718107)
[    3.804683] powernow-k8: Processor cpuid 663 not supported
[    3.811460] BIOS EDD facility v0.16 2004-Jun-25, 0 devices found
[    3.813412] EDD information not available.
[    3.890456] Freeing unused kernel memory: 928k freed
[    3.896107] Write protecting the kernel read-only data: 12288k
[    4.017383] Freeing unused kernel memory: 1596k freed
[    4.108776] Freeing unused kernel memory: 1184k freed

info: initramfs: up at 4.28
modprobe: module virtio_blk not found in modules.dep
modprobe: module virtio_net not found in modules.dep
info: copying initramfs to /dev/vda
info: initramfs loading root from /dev/vda
info: /etc/init.d/rc.sysinit: up at 8.78
info: container: none
Starting logging: OK
modprobe: module virtio_blk not found in modules.dep
modprobe: module virtio_net not found in modules.dep
WARN: /etc/rc3.d/S10-load-modules failed
Initializing random number generator... done.
Starting acpid: OK
cirros-ds 'local' up at 11.26
found datasource (configdrive, local)
Starting network...
udhcpc (v1.20.1) started
Sending discover...
Sending discover...

2015-12-21 17:17:04,722 21192 INFO     [tempest_lib.common.rest_client] Request (TestNetworkAdvancedServerOps:_run_cleanups): 204 DELETE http://10.0.2.15:9696/v2.0/floatingips/8dfeedbd-2e15-4da7-ac95-973976e61c23 0.377s
2015-12-21 17:17:04,723 21192 DEBUG    [tempest_lib.common.rest_client] Request - Headers: {'Content-Type': 'application/json', 'Accept': 'application/json', 'X-Auth-Token': '&lt;omitted&gt;'}
        Body: None
    Response - Headers: {'date': 'Mon, 21 Dec 2015 17:17:04 GMT', 'status': '204', 'connection': 'close', 'content-length': '0', 'x-openstack-request-id': 'req-d1359eb0-a06d-494c-b061-ba351bfa2039'}
        Body: 
2015-12-21 17:17:04,954 21192 INFO     [tempest_lib.common.rest_client] Request (TestNetworkAdvancedServerOps:_run_cleanups): 204 DELETE http://10.0.2.15:8774/v2.1/81e69877081f4f84b2571d01c62a5777/servers/078d54b9-bf48-40b3-9b5f-2ae3e17663b8 0.230s
2015-12-21 17:17:04,955 21192 DEBUG    [tempest_lib.common.rest_client] Request - Headers: {'Content-Type': 'application/json', 'Accept': 'application/json', 'X-Auth-Token': '&lt;omitted&gt;'}
        Body: None
    Response - Headers: {'status': '204', 'content-length': '0', 'x-compute-request-id': 'req-c6461994-88f0-40c3-9756-cdd23d5573ad', 'vary': 'X-OpenStack-Nova-API-Version', 'connection': 'close', 'x-openstack-nova-api-version': '2.1', 'date': 'Mon, 21 Dec 2015 17:17:04 GMT', 'content-type': 'application/json'}
        Body: 
2015-12-21 17:17:05,237 21192 INFO     [tempest_lib.common.rest_client] Request (TestNetworkAdvancedServerOps:_run_cleanups): 200 GET http://10.0.2.15:8774/v2.1/81e69877081f4f84b2571d01c62a5777/servers/078d54b9-bf48-40b3-9b5f-2ae3e17663b8 0.281s
2015-12-21 17:17:05,237 21192 DEBUG    [tempest_lib.common.rest_client] Request - Headers: {'Content-Type': 'application/json', 'Accept': 'application/json', 'X-Auth-Token': '&lt;omitted&gt;'}
        Body: None
    Response - Headers: {'status': '200', 'content-length': '1784', 'content-location': 'http://10.0.2.15:8774/v2.1/81e69877081f4f84b2571d01c62a5777/servers/078d54b9-bf48-40b3-9b5f-2ae3e17663b8', 'x-compute-request-id': 'req-f3f268a8-2765-42cb-b710-183e465320fc', 'vary': 'X-OpenStack-Nova-API-Version', 'connection': 'close', 'x-openstack-nova-api-version': '2.1', 'date': 'Mon, 21 Dec 2015 17:17:05 GMT', 'content-type': 'application/json'}
        Body: {"server": {"status": "ACTIVE", "updated": "2015-12-21T17:17:04Z", "hostId": "f9d419f415aeb0c5b7f9d095ecd56830704965c25f0ca5d76a50a9c6", "addresses": {"tempest-network-smoke--1122851807": [{"OS-EXT-IPS-MAC:mac_addr": "fa:16:3e:88:97:d2", "version": 4, "addr": "10.100.0.3", "OS-EXT-IPS:type": "fixed"}, {"OS-EXT-IPS-MAC:mac_addr": "fa:16:3e:88:97:d2", "version": 4, "addr": "172.24.4.4", "OS-EXT-IPS:type": "floating"}]}, "links": [{"href": "http://10.0.2.15:8774/v2.1/81e69877081f4f84b2571d01c62a5777/servers/078d54b9-bf48-40b3-9b5f-2ae3e17663b8", "rel": "self"}, {"href": "http://10.0.2.15:8774/81e69877081f4f84b2571d01c62a5777/servers/078d54b9-bf48-40b3-9b5f-2ae3e17663b8", "rel": "bookmark"}], "key_name": "tempest-TestNetworkAdvancedServerOps-194212779", "image": {"id": "e506ef88-f704-4585-8a91-3757d664fc5f", "links": [{"href": "http://10.0.2.15:8774/81e69877081f4f84b2571d01c62a5777/images/e506ef88-f704-4585-8a91-3757d664fc5f", "rel": "bookmark"}]}, "OS-EXT-STS:task_state": "deleting", "OS-EXT-STS:vm_state": "active", "OS-SRV-USG:launched_at": "2015-12-21T17:15:01.000000", "flavor": {"id": "42", "links": [{"href": "http://10.0.2.15:8774/81e69877081f4f84b2571d01c62a5777/flavors/42", "rel": "bookmark"}]}, "id": "078d54b9-bf48-40b3-9b5f-2ae3e17663b8", "security_groups": [{"name": "tempest-secgroup-smoke-1993510855"}], "OS-SRV-USG:terminated_at": null, "OS-EXT-AZ:availability_zone": "nova", "user_id": "6677f70faa01487a8ecef25db66d2d21", "name": "tempest.common.compute-instance-336937059", "created": "2015-12-21T17:14:57Z", "tenant_id": "81e69877081f4f84b2571d01c62a5777", "OS-DCF:diskConfig": "MANUAL", "os-extended-volumes:volumes_attached": [], "accessIPv4": "", "accessIPv6": "", "progress": 0, "OS-EXT-STS:power_state": 1, "config_drive": "True", "metadata": {}}}
2015-12-21 17:17:06,378 21192 INFO     [tempest_lib.common.rest_client] Request (TestNetworkAdvancedServerOps:_run_cleanups): 200 GET http://10.0.2.15:8774/v2.1/81e69877081f4f84b2571d01c62a5777/servers/078d54b9-bf48-40b3-9b5f-2ae3e17663b8 0.129s
2015-12-21 17:17:06,379 21192 DEBUG    [tempest_lib.common.rest_client] Request - Headers: {'Content-Type': 'application/json', 'Accept': 'application/json', 'X-Auth-Token': '&lt;omitted&gt;'}
        Body: None
    Response - Headers: {'status': '200', 'content-length': '1716', 'content-location': 'http://10.0.2.15:8774/v2.1/81e69877081f4f84b2571d01c62a5777/servers/078d54b9-bf48-40b3-9b5f-2ae3e17663b8', 'x-compute-request-id': 'req-7744baf8-6cda-4df4-a3b2-759b69926c6d', 'vary': 'X-OpenStack-Nova-API-Version', 'connection': 'close', 'x-openstack-nova-api-version': '2.1', 'date': 'Mon, 21 Dec 2015 17:17:06 GMT', 'content-type': 'application/json'}
        Body: {"server": {"status": "ACTIVE", "updated": "2015-12-21T17:17:05Z", "hostId": "f9d419f415aeb0c5b7f9d095ecd56830704965c25f0ca5d76a50a9c6", "addresses": {"tempest-network-smoke--1122851807": [{"OS-EXT-IPS-MAC:mac_addr": "fa:16:3e:88:97:d2", "version": 4, "addr": "10.100.0.3", "OS-EXT-IPS:type": "fixed"}, {"OS-EXT-IPS-MAC:mac_addr": "fa:16:3e:88:97:d2", "version": 4, "addr": "172.24.4.4", "OS-EXT-IPS:type": "floating"}]}, "links": [{"href": "http://10.0.2.15:8774/v2.1/81e69877081f4f84b2571d01c62a5777/servers/078d54b9-bf48-40b3-9b5f-2ae3e17663b8", "rel": "self"}, {"href": "http://10.0.2.15:8774/81e69877081f4f84b2571d01c62a5777/servers/078d54b9-bf48-40b3-9b5f-2ae3e17663b8", "rel": "bookmark"}], "key_name": "tempest-TestNetworkAdvancedServerOps-194212779", "image": {"id": "e506ef88-f704-4585-8a91-3757d664fc5f", "links": [{"href": "http://10.0.2.15:8774/81e69877081f4f84b2571d01c62a5777/images/e506ef88-f704-4585-8a91-3757d664fc5f", "rel": "bookmark"}]}, "OS-EXT-STS:task_state": "deleting", "OS-EXT-STS:vm_state": "active", "OS-SRV-USG:launched_at": "2015-12-21T17:15:01.000000", "flavor": {"id": "42", "links": [{"href": "http://10.0.2.15:8774/81e69877081f4f84b2571d01c62a5777/flavors/42", "rel": "bookmark"}]}, "id": "078d54b9-bf48-40b3-9b5f-2ae3e17663b8", "OS-SRV-USG:terminated_at": null, "OS-EXT-AZ:availability_zone": "nova", "user_id": "6677f70faa01487a8ecef25db66d2d21", "name": "tempest.common.compute-instance-336937059", "created": "2015-12-21T17:14:57Z", "tenant_id": "81e69877081f4f84b2571d01c62a5777", "OS-DCF:diskConfig": "MANUAL", "os-extended-volumes:volumes_attached": [], "accessIPv4": "", "accessIPv6": "", "progress": 0, "OS-EXT-STS:power_state": 1, "config_drive": "True", "metadata": {}}}
2015-12-21 17:17:07,494 21192 INFO     [tempest_lib.common.rest_client] Request (TestNetworkAdvancedServerOps:_run_cleanups): 404 GET http://10.0.2.15:8774/v2.1/81e69877081f4f84b2571d01c62a5777/servers/078d54b9-bf48-40b3-9b5f-2ae3e17663b8 0.105s
2015-12-21 17:17:07,495 21192 DEBUG    [tempest_lib.common.rest_client] Request - Headers: {'Content-Type': 'application/json', 'Accept': 'application/json', 'X-Auth-Token': '&lt;omitted&gt;'}
        Body: None
    Response - Headers: {'status': '404', 'content-length': '111', 'x-compute-request-id': 'req-11624441-ed8b-402b-bedc-98dcc5d0f73b', 'vary': 'X-OpenStack-Nova-API-Version', 'connection': 'close', 'x-openstack-nova-api-version': '2.1', 'date': 'Mon, 21 Dec 2015 17:17:07 GMT', 'content-type': 'application/json; charset=UTF-8'}
        Body: {"itemNotFound": {"message": "Instance 078d54b9-bf48-40b3-9b5f-2ae3e17663b8 could not be found.", "code": 404}}
2015-12-21 17:17:07,904 21192 INFO     [tempest_lib.common.rest_client] Request (TestNetworkAdvancedServerOps:_run_cleanups): 200 PUT http://10.0.2.15:9696/v2.0/routers/1d3c2688-3639-48d1-8d79-ed765da91ba5/remove_router_interface 0.408s
2015-12-21 17:17:07,905 21192 DEBUG    [tempest_lib.common.rest_client] Request - Headers: {'Content-Type': 'application/json', 'Accept': 'application/json', 'X-Auth-Token': '&lt;omitted&gt;'}
        Body: {"subnet_id": "1d6c8ff6-22bb-407d-9f53-db42940a6537"}
    Response - Headers: {'status': '200', 'content-length': '255', 'connection': 'close', 'date': 'Mon, 21 Dec 2015 17:17:07 GMT', 'content-type': 'application/json; charset=UTF-8', 'x-openstack-request-id': 'req-cb4d1db6-1bb0-4a50-8cff-69a45336a5b6'}
        Body: {"subnet_id": "1d6c8ff6-22bb-407d-9f53-db42940a6537", "tenant_id": "81e69877081f4f84b2571d01c62a5777", "subnet_ids": ["1d6c8ff6-22bb-407d-9f53-db42940a6537"], "port_id": "5b728e4f-792a-49b5-99cd-2e36985c3f71", "id": "1d3c2688-3639-48d1-8d79-ed765da91ba5"}
2015-12-21 17:17:08,399 21192 INFO     [tempest_lib.common.rest_client] Request (TestNetworkAdvancedServerOps:_run_cleanups): 204 DELETE http://10.0.2.15:9696/v2.0/subnets/1d6c8ff6-22bb-407d-9f53-db42940a6537 0.493s
2015-12-21 17:17:08,399 21192 DEBUG    [tempest_lib.common.rest_client] Request - Headers: {'Content-Type': 'application/json', 'Accept': 'application/json', 'X-Auth-Token': '&lt;omitted&gt;'}
        Body: None
    Response - Headers: {'date': 'Mon, 21 Dec 2015 17:17:08 GMT', 'status': '204', 'connection': 'close', 'content-length': '0', 'x-openstack-request-id': 'req-fbaa9c45-31aa-4195-b51c-21e9919c5417'}
        Body: 
2015-12-21 17:17:08,466 21192 INFO     [tempest_lib.common.rest_client] Request (TestNetworkAdvancedServerOps:_run_cleanups): 200 GET http://10.0.2.15:9696/v2.0/routers/1d3c2688-3639-48d1-8d79-ed765da91ba5 0.066s
2015-12-21 17:17:08,467 21192 DEBUG    [tempest_lib.common.rest_client] Request - Headers: {'Content-Type': 'application/json', 'Accept': 'application/json', 'X-Auth-Token': '&lt;omitted&gt;'}
        Body: None
    Response - Headers: {'status': '200', 'content-length': '564', 'content-location': 'http://10.0.2.15:9696/v2.0/routers/1d3c2688-3639-48d1-8d79-ed765da91ba5', 'connection': 'close', 'date': 'Mon, 21 Dec 2015 17:17:08 GMT', 'content-type': 'application/json; charset=UTF-8', 'x-openstack-request-id': 'req-c11e52ff-7212-40b3-862f-4021ab72afc3'}
        Body: {"router": {"status": "ACTIVE", "external_gateway_info": {"network_id": "e39fd0f1-010b-478b-9adf-50927381f716", "enable_snat": true, "external_fixed_ips": [{"subnet_id": "79f70785-6586-41ce-a496-ee91e3a3401c", "ip_address": "172.24.4.3"}, {"subnet_id": "8eac61cd-6299-4d38-9f86-3ebf0a8b9023", "ip_address": "2001:db8::3"}]}, "availability_zone_hints": [], "availability_zones": ["nova"], "name": "tempest-router-smoke-1387760306", "admin_state_up": true, "tenant_id": "81e69877081f4f84b2571d01c62a5777", "routes": [], "id": "1d3c2688-3639-48d1-8d79-ed765da91ba5"}}
2015-12-21 17:17:08,897 21192 INFO     [tempest_lib.common.rest_client] Request (TestNetworkAdvancedServerOps:_run_cleanups): 200 PUT http://10.0.2.15:9696/v2.0/routers/1d3c2688-3639-48d1-8d79-ed765da91ba5 0.429s
2015-12-21 17:17:08,898 21192 DEBUG    [tempest_lib.common.rest_client] Request - Headers: {'Content-Type': 'application/json', 'Accept': 'application/json', 'X-Auth-Token': '&lt;omitted&gt;'}
        Body: {"router": {"external_gateway_info": {}, "name": "tempest-router-smoke-1387760306", "admin_state_up": true}}
    Response - Headers: {'status': '200', 'content-length': '302', 'connection': 'close', 'date': 'Mon, 21 Dec 2015 17:17:08 GMT', 'content-type': 'application/json; charset=UTF-8', 'x-openstack-request-id': 'req-ede96fb0-a47b-40ff-9131-a74529750b04'}
        Body: {"router": {"status": "ACTIVE", "external_gateway_info": null, "availability_zone_hints": [], "availability_zones": ["nova"], "name": "tempest-router-smoke-1387760306", "admin_state_up": true, "tenant_id": "81e69877081f4f84b2571d01c62a5777", "routes": [], "id": "1d3c2688-3639-48d1-8d79-ed765da91ba5"}}
2015-12-21 17:17:09,140 21192 INFO     [tempest_lib.common.rest_client] Request (TestNetworkAdvancedServerOps:_run_cleanups): 204 DELETE http://10.0.2.15:9696/v2.0/routers/1d3c2688-3639-48d1-8d79-ed765da91ba5 0.242s
2015-12-21 17:17:09,141 21192 DEBUG    [tempest_lib.common.rest_client] Request - Headers: {'Content-Type': 'application/json', 'Accept': 'application/json', 'X-Auth-Token': '&lt;omitted&gt;'}
        Body: None
    Response - Headers: {'date': 'Mon, 21 Dec 2015 17:17:09 GMT', 'status': '204', 'connection': 'close', 'content-length': '0', 'x-openstack-request-id': 'req-9e80fe4a-bd69-4848-a466-ac8b9699ef56'}
        Body: 
2015-12-21 17:17:09,352 21192 INFO     [tempest_lib.common.rest_client] Request (TestNetworkAdvancedServerOps:_run_cleanups): 204 DELETE http://10.0.2.15:9696/v2.0/networks/35720148-d58e-493b-8aec-35df4cefa5ba 0.210s
2015-12-21 17:17:09,353 21192 DEBUG    [tempest_lib.common.rest_client] Request - Headers: {'Content-Type': 'application/json', 'Accept': 'application/json', 'X-Auth-Token': '&lt;omitted&gt;'}
        Body: None
    Response - Headers: {'date': 'Mon, 21 Dec 2015 17:17:09 GMT', 'status': '204', 'connection': 'close', 'content-length': '0', 'x-openstack-request-id': 'req-aa161a74-4fef-4d8c-a176-b3c12765e2b2'}
        Body: 
2015-12-21 17:17:09,415 21192 INFO     [tempest_lib.common.rest_client] Request (TestNetworkAdvancedServerOps:_run_cleanups): 204 DELETE http://10.0.2.15:9696/v2.0/security-group-rules/162664c2-6897-46be-967c-e30245c7d681 0.061s
2015-12-21 17:17:09,416 21192 DEBUG    [tempest_lib.common.rest_client] Request - Headers: {'Content-Type': 'application/json', 'Accept': 'application/json', 'X-Auth-Token': '&lt;omitted&gt;'}
        Body: None
    Response - Headers: {'date': 'Mon, 21 Dec 2015 17:17:09 GMT', 'status': '204', 'connection': 'close', 'content-length': '0', 'x-openstack-request-id': 'req-90ae7079-7834-43c5-8dea-7f70f13d0a03'}
        Body: 
2015-12-21 17:17:09,479 21192 INFO     [tempest_lib.common.rest_client] Request (TestNetworkAdvancedServerOps:_run_cleanups): 204 DELETE http://10.0.2.15:9696/v2.0/security-group-rules/762e2f0f-f46a-4802-bf29-86d5e21cc4b8 0.062s
2015-12-21 17:17:09,480 21192 DEBUG    [tempest_lib.common.rest_client] Request - Headers: {'Content-Type': 'application/json', 'Accept': 'application/json', 'X-Auth-Token': '&lt;omitted&gt;'}
        Body: None
    Response - Headers: {'date': 'Mon, 21 Dec 2015 17:17:09 GMT', 'status': '204', 'connection': 'close', 'content-length': '0', 'x-openstack-request-id': 'req-9421126e-1c6d-46b8-bf79-6c63e8e445af'}
        Body: 
2015-12-21 17:17:09,631 21192 INFO     [tempest_lib.common.rest_client] Request (TestNetworkAdvancedServerOps:_run_cleanups): 204 DELETE http://10.0.2.15:9696/v2.0/security-group-rules/b3a37f39-d7d5-4946-ba8c-40689bd9d56a 0.150s
2015-12-21 17:17:09,632 21192 DEBUG    [tempest_lib.common.rest_client] Request - Headers: {'Content-Type': 'application/json', 'Accept': 'application/json', 'X-Auth-Token': '&lt;omitted&gt;'}
        Body: None
    Response - Headers: {'date': 'Mon, 21 Dec 2015 17:17:09 GMT', 'status': '204', 'connection': 'close', 'content-length': '0', 'x-openstack-request-id': 'req-5d1f6eb6-6c00-43c3-9a9e-22dc103dd972'}
        Body: 
2015-12-21 17:17:09,687 21192 INFO     [tempest_lib.common.rest_client] Request (TestNetworkAdvancedServerOps:_run_cleanups): 204 DELETE http://10.0.2.15:9696/v2.0/security-group-rules/e530dfdf-0ee1-49a9-a498-4bd26b53b37a 0.054s
2015-12-21 17:17:09,687 21192 DEBUG    [tempest_lib.common.rest_client] Request - Headers: {'Content-Type': 'application/json', 'Accept': 'application/json', 'X-Auth-Token': '&lt;omitted&gt;'}
        Body: None
    Response - Headers: {'date': 'Mon, 21 Dec 2015 17:17:09 GMT', 'status': '204', 'connection': 'close', 'content-length': '0', 'x-openstack-request-id': 'req-bd474698-e9e4-48ab-9b6a-8b82cd8c2a74'}
        Body: 
2015-12-21 17:17:09,740 21192 INFO     [tempest_lib.common.rest_client] Request (TestNetworkAdvancedServerOps:_run_cleanups): 204 DELETE http://10.0.2.15:9696/v2.0/security-group-rules/d01c5fcb-85d4-4624-8365-a19e016cbef9 0.052s
2015-12-21 17:17:09,741 21192 DEBUG    [tempest_lib.common.rest_client] Request - Headers: {'Content-Type': 'application/json', 'Accept': 'application/json', 'X-Auth-Token': '&lt;omitted&gt;'}
        Body: None
    Response - Headers: {'date': 'Mon, 21 Dec 2015 17:17:09 GMT', 'status': '204', 'connection': 'close', 'content-length': '0', 'x-openstack-request-id': 'req-412857a1-2421-444b-908b-1a08e5d67d86'}
        Body: 
2015-12-21 17:17:09,801 21192 INFO     [tempest_lib.common.rest_client] Request (TestNetworkAdvancedServerOps:_run_cleanups): 204 DELETE http://10.0.2.15:9696/v2.0/security-group-rules/da49d49a-3c6c-4faa-a489-d561a2d9e4e2 0.059s
2015-12-21 17:17:09,802 21192 DEBUG    [tempest_lib.common.rest_client] Request - Headers: {'Content-Type': 'application/json', 'Accept': 'application/json', 'X-Auth-Token': '&lt;omitted&gt;'}
        Body: None
    Response - Headers: {'date': 'Mon, 21 Dec 2015 17:17:09 GMT', 'status': '204', 'connection': 'close', 'content-length': '0', 'x-openstack-request-id': 'req-1e1d69bc-67a8-4aac-aba0-5f255ed86918'}
        Body: 
2015-12-21 17:17:09,893 21192 INFO     [tempest_lib.common.rest_client] Request (TestNetworkAdvancedServerOps:_run_cleanups): 204 DELETE http://10.0.2.15:9696/v2.0/security-groups/a483f9e6-a2e8-4638-9826-a732d2b5ae95 0.090s
2015-12-21 17:17:09,893 21192 DEBUG    [tempest_lib.common.rest_client] Request - Headers: {'Content-Type': 'application/json', 'Accept': 'application/json', 'X-Auth-Token': '&lt;omitted&gt;'}
        Body: None
    Response - Headers: {'date': 'Mon, 21 Dec 2015 17:17:09 GMT', 'status': '204', 'connection': 'close', 'content-length': '0', 'x-openstack-request-id': 'req-daf0a241-8135-47ab-93d9-949209df8c2d'}
        Body: 
2015-12-21 17:17:09,918 21192 INFO     [tempest_lib.common.rest_client] Request (TestNetworkAdvancedServerOps:_run_cleanups): 202 DELETE http://10.0.2.15:8774/v2.1/81e69877081f4f84b2571d01c62a5777/os-keypairs/tempest-TestNetworkAdvancedServerOps-194212779 0.024s
2015-12-21 17:17:09,919 21192 DEBUG    [tempest_lib.common.rest_client] Request - Headers: {'Content-Type': 'application/json', 'Accept': 'application/json', 'X-Auth-Token': '&lt;omitted&gt;'}
        Body: None
    Response - Headers: {'status': '202', 'content-length': '0', 'x-compute-request-id': 'req-a8da6f73-fec7-4dc0-8073-ac41bce413b2', 'vary': 'X-OpenStack-Nova-API-Version', 'connection': 'close', 'x-openstack-nova-api-version': '2.1', 'date': 'Mon, 21 Dec 2015 17:17:09 GMT', 'content-type': 'application/json'}
        Body: 
2015-12-21 17:17:10,000 21192 INFO     [tempest_lib.common.rest_client] Request (TestNetworkAdvancedServerOps:_run_cleanups): 404 GET http://10.0.2.15:8774/v2.1/81e69877081f4f84b2571d01c62a5777/servers/078d54b9-bf48-40b3-9b5f-2ae3e17663b8 0.080s
2015-12-21 17:17:10,001 21192 DEBUG    [tempest_lib.common.rest_client] Request - Headers: {'Content-Type': 'application/json', 'Accept': 'application/json', 'X-Auth-Token': '&lt;omitted&gt;'}
        Body: None
    Response - Headers: {'status': '404', 'content-length': '111', 'x-compute-request-id': 'req-edfb82a3-2c63-435a-b81b-2a95a624920c', 'vary': 'X-OpenStack-Nova-API-Version', 'connection': 'close', 'x-openstack-nova-api-version': '2.1', 'date': 'Mon, 21 Dec 2015 17:17:09 GMT', 'content-type': 'application/json; charset=UTF-8'}
        Body: {"itemNotFound": {"message": "Instance 078d54b9-bf48-40b3-9b5f-2ae3e17663b8 could not be found.", "code": 404}}
}}}

Traceback (most recent call last):
  File "tempest/test.py", line 113, in wrapper
    return f(self, *func_args, **func_kwargs)
  File "tempest/scenario/test_network_advanced_server_ops.py", line 134, in test_server_connectivity_pause_unpause
    server, keypair, floating_ip = self._setup_network_and_servers()
  File "tempest/scenario/test_network_advanced_server_ops.py", line 71, in _setup_network_and_servers
    server, keypair, floating_ip)
  File "tempest/scenario/test_network_advanced_server_ops.py", line 95, in _wait_server_status_and_check_network_connectivity
    self._check_network_connectivity(server, keypair, floating_ip)
  File "tempest/scenario/test_network_advanced_server_ops.py", line 88, in _check_network_connectivity
    servers=[server])
  File "tempest/scenario/manager.py", line 608, in check_public_network_connectivity
    should_connect=should_connect)
  File "tempest/scenario/manager.py", line 592, in check_vm_connectivity
    msg=msg)
  File "/usr/local/lib/python2.7/dist-packages/unittest2/case.py", line 702, in assertTrue
    raise self.failureException(msg)
AssertionError: False is not true : Timed out waiting for 172.24.4.4 to become reachable



        </pre>
    </div>
    <!--css div popup end-->

    </td>
</tr>

<tr id='ft1.2' class='none'>
    <td class='failCase'><div class='testcase'>test_server_connectivity_reboot[compute,id-7b6860c2-afa3-4846-9522-adeb38dfbe08,network]</div></td>
    <td colspan='7' align='left'>

    <!--css div popup start-->
    <a class="popup_link" onfocus='this.blur();'
    href="javascript:showTestDetail('div_ft1.2')" >
        fail</a>

    <div id='div_ft1.2' class="popup_window">
        <div style='text-align: right; color:red;cursor:pointer'>
        <a onfocus='this.blur();'
