<?xml version="1.0" encoding="UTF-8"?>
<!DOCTYPE html PUBLIC "-//W3C//DTD XHTML 1.0 Strict//EN"
     "http://www.w3.org/TR/xhtml1/DTD/xhtml1-strict.dtd">
<html xmlns="http://www.w3.org/1999/xhtml">
<head>
    <title>Unit Test Report</title>
    <meta name="generator" content="subunit2html 0.1"/>
    <meta http-equiv="Content-Type" content="text/html; charset=UTF-8"/>
    
<style type="text/css" media="screen">
body        { font-family: verdana, arial, helvetica, sans-serif;
    font-size: 80%; }
table       { font-size: 100%; width: 100%;}
pre         { font-size: 80%; }

/* -- heading -------------------------------------------------------------- */
h1 {
        font-size: 16pt;
        color: gray;
}
.heading {
    margin-top: 0ex;
    margin-bottom: 1ex;
}

.heading .attribute {
    margin-top: 1ex;
    margin-bottom: 0;
}

.heading .description {
    margin-top: 4ex;
    margin-bottom: 6ex;
}

/* -- css div popup -------------------------------------------------------- */
a.popup_link {
}

a.popup_link:hover {
    color: red;
}

.popup_window {
    display: none;
    overflow-x: scroll;
    /*border: solid #627173 1px; */
    padding: 10px;
    background-color: #E6E6D6;
    font-family: "Ubuntu Mono", "Lucida Console", "Courier New", monospace;
    text-align: left;
    font-size: 8pt;
}

}
/* -- report --------------------------------------------------------------- */
#show_detail_line {
    margin-top: 3ex;
    margin-bottom: 1ex;
}
#result_table {
    width: 100%;
    border-collapse: collapse;
    border: 1px solid #777;
}
#header_row {
    font-weight: bold;
    color: white;
    background-color: #777;
}
#result_table td {
    border: 1px solid #777;
    padding: 2px;
}
#total_row  { font-weight: bold; }
.passClass  { background-color: #6c6; }
.failClass  { background-color: #c60; }
.errorClass { background-color: #c00; }
.passCase   { color: #6c6; }
.failCase   { color: #c60; font-weight: bold; }
.errorCase  { color: #c00; font-weight: bold; }
.hiddenRow  { display: none; }
.testcase   { margin-left: 2em; }
td.testname {width: 40%}
td.small {width: 40px}

/* -- ending --------------------------------------------------------------- */
#ending {
}

</style>

</head>
<body>
<script language="javascript" type="text/javascript"><!--
output_list = Array();

/* level - 0:Summary; 1:Failed; 2:All */
function showCase(level) {
    trs = document.getElementsByTagName("tr");
    for (var i = 0; i < trs.length; i++) {
        tr = trs[i];
        id = tr.id;
        if (id.substr(0,2) == 'ft') {
            if (level < 1) {
                tr.className = 'hiddenRow';
            }
            else {
                tr.className = '';
            }
        }
        if (id.substr(0,2) == 'pt') {
            if (level > 1) {
                tr.className = '';
            }
            else {
                tr.className = 'hiddenRow';
            }
        }
    }
}


function showClassDetail(cid, count) {
    var id_list = Array(count);
    var toHide = 1;
    for (var i = 0; i < count; i++) {
        tid0 = 't' + cid.substr(1) + '.' + (i+1);
        tid = 'f' + tid0;
        tr = document.getElementById(tid);
        if (!tr) {
            tid = 'p' + tid0;
            tr = document.getElementById(tid);
        }
        id_list[i] = tid;
        if (tr.className) {
            toHide = 0;
        }
    }
    for (var i = 0; i < count; i++) {
        tid = id_list[i];
        if (toHide) {
            document.getElementById('div_'+tid).style.display = 'none'
            document.getElementById(tid).className = 'hiddenRow';
        }
        else {
            document.getElementById(tid).className = '';
        }
    }
}


function showTestDetail(div_id){
    var details_div = document.getElementById(div_id)
    var displayState = details_div.style.display
    // alert(displayState)
    if (displayState != 'block' ) {
        displayState = 'block'
        details_div.style.display = 'block'
    }
    else {
        details_div.style.display = 'none'
    }
}


function html_escape(s) {
    s = s.replace(/&/g,'&amp;');
    s = s.replace(/</g,'&lt;');
    s = s.replace(/>/g,'&gt;');
    return s;
}

/* obsoleted by detail in <div>
function showOutput(id, name) {
    var w = window.open("", //url
                    name,
                    "resizable,scrollbars,status,width=800,height=450");
    d = w.document;
    d.write("<pre>");
    d.write(html_escape(output_list[id]));
    d.write("\n");
    d.write("<a href='javascript:window.close()'>close</a>\n");
    d.write("</pre>\n");
    d.close();
}
*/
--></script>

<div class='heading'>
<h1>Unit Test Report</h1>

<p class='attribute'><strong>Status:</strong> Failure 6</p>

<p class='description'></p>
</div>



<p id='show_detail_line'>Show
<a href='javascript:showCase(0)'>Summary</a>
<a href='javascript:showCase(1)'>Failed</a>
<a href='javascript:showCase(2)'>All</a>
</p>
<table id='result_table'>
<colgroup>
<col align='left' />
<col align='right' />
<col align='right' />
<col align='right' />
<col align='right' />
<col align='right' />
<col align='right' />
<col align='right' />
</colgroup>
<tr id='header_row'>
    <td>Test Group/Test case</td>
    <td>Count</td>
    <td>Pass</td>
    <td>Fail</td>
    <td>Error</td>
    <td>Skip</td>
    <td>View</td>
    <td> </td>
</tr>

<tr class='failClass'>
    <td class="testname">tempest.scenario.test_network_advanced_server_ops.TestNetworkAdvancedServerOps</td>
    <td class="small">6</td>
    <td class="small">0</td>
    <td class="small">6</td>
    <td class="small">0</td>
    <td class="small">0</td>
    <td class="small"><a href="javascript:showClassDetail('c1',6)"
>Detail</a></td>
    <td> </td>
</tr>

<tr id='ft1.1' class='none'>
    <td class='failCase'><div class='testcase'>test_server_connectivity_pause_unpause[compute,id-2b2642db-6568-4b35-b812-eceed3fa20ce,network]</div></td>
    <td colspan='7' align='left'>

    <!--css div popup start-->
    <a class="popup_link" onfocus='this.blur();'
    href="javascript:showTestDetail('div_ft1.1')" >
        fail</a>

    <div id='div_ft1.1' class="popup_window">
        <div style='text-align: right; color:red;cursor:pointer'>
        <a onfocus='this.blur();'
onclick="document.getElementById('div_ft1.1').style.display = 'none' " >
           [x]</a>
        </div>
        <pre>
        
ft1.1: tempest.scenario.test_network_advanced_server_ops.TestNetworkAdvancedServerOps.test_server_connectivity_pause_unpause[compute,id-2b2642db-6568-4b35-b812-eceed3fa20ce,network]_StringException: Empty attachments:
  stderr
  stdout

pythonlogging:'': {{{
2015-12-22 23:21:05,507 21397 INFO     [tempest_lib.common.rest_client] Request (TestNetworkAdvancedServerOps:test_server_connectivity_pause_unpause): 200 POST http://10.0.2.15:8774/v2.1/1b09b300fd8d453b95b37c47a24c4c1a/os-keypairs 0.417s
2015-12-22 23:21:05,509 21397 DEBUG    [tempest_lib.common.rest_client] Request - Headers: {'Content-Type': 'application/json', 'Accept': 'application/json', 'X-Auth-Token': '&lt;omitted&gt;'}
        Body: {"keypair": {"name": "tempest-TestNetworkAdvancedServerOps-1966320032"}}
    Response - Headers: {'status': '200', 'content-length': '2330', 'x-compute-request-id': 'req-48a1d478-2273-4091-b9cf-f41793ce9b33', 'vary': 'X-OpenStack-Nova-API-Version', 'connection': 'close', 'x-openstack-nova-api-version': '2.1', 'date': 'Tue, 22 Dec 2015 23:21:05 GMT', 'content-type': 'application/json'}
        Body: {"keypair": {"public_key": "ssh-rsa AAAAB3NzaC1yc2EAAAADAQABAAABAQDS/vCex1aWjFPBuQHQRxX9smI8Fs3Ao+SACgu1io7Qey35k9UcejL5mc6zH6ZA2xNHMpbhET/jDx56BJXlGAW1q9sFYcYj2a7/NnVQV5VWv2hyv6o56RXfrzi3ibT/OtEw6n+tRg7NQhGN+F5AzGI4c9qrPc2vEtPaoNaQZbbmli8Yx/Y3O9B5pjQCyoC8GoZsBxxWX3Ry8GgCCJ7r2fNcIDP5JIDL7C3uzm+3/4oz5OueNXpSz8oPgWHo/yj+teLYaBIaLm+j8i4AYndb8Jn/zgR6O0cj/4YwWQx0mD1IC/AToj5WF4jKTBqdnRfInIVSG5B4uK44ySTRoL1JR4YJ Generated-by-Nova", "private_key": "-----BEGIN RSA PRIVATE KEY-----\nMIIEqQIBAAKCAQEA0v7wnsdWloxTwbkB0EcV/bJiPBbNwKPkgAoLtYqO0Hst+ZPV\nHHoy+ZnOsx+mQNsTRzKW4RE/4w8eegSV5RgFtavbBWHGI9mu/zZ1UFeVVr9ocr+q\nOekV3684t4m0/zrRMOp/rUYOzUIRjfheQMxiOHPaqz3NrxLT2qDWkGW25pYvGMf2\nNzvQeaY0AsqAvBqGbAccVl90cvBoAgie69nzXCAz+SSAy+wt7s5vt/+KM+TrnjV6\nUs/KD4Fh6P8o/rXi2GgSGi5vo/IuAGJ3W/CZ/84EejtHI/+GMFkMdJg9SAvwE6I+\nVheIykwanZ0XyJyFUhuQeLiuOMkk0aC9SUeGCQIDAQABAoIBAG6uAPapRkiOr9js\n/YCN6YE9M76lj6S/1Ds+CcpfNm8yTnmfDKl1iIvaHM1lisZ2pPQyG2dQrxyib7A9\n+4tDQKt9zNRT56YiqGOD46ITb2kj2txmohrio/DEb5IHkIRaDCYGvJbeKyGMyLya\nTobbL6LBUzGEqAJwc+U5fZQdZwYpSVIA/NILAo6iM1kdMeSR4KmktHrbsrym/MS1\nD7g3gr7z4KzmpmB5NaH8yquQX+Rsy1cMr7KDTM8USmVjzaXHv5f00Y6/SHy5xCVk\n3U7kGGjvlcYqmTu6YI5H4oWwhy1C+gkBP5ERr6uN+yNnEBRC0pyl9rEHyqVdWhff\nkP7uQykCggCBANbZuv0UY7ecRqTEOp8Qjohp+l69Z0/RysoDJAK7iYwFU/koebHn\no4Lw6spTQcocxZ89YwaVrrWtSVS504Ifhz8rgKVbsvuRehfaRqgc/FJ+nMmmhbYg\nwBso52WYLMGKl05+FR98CxXj+V5NzLXZNB8k+Tahwa9Dcxc6woY0JDfTAoIAgQD7\naDabyt75LLBmdPaIfbjXbFUqYYza65IPKCYIcC6ajbCLxNyldxrEIzVj4+/H43AF\ngJ50R+l1WcvL4TfAmHVqrmAX7iY1zazgZ8fDAWelyT7w8YXSu/EXptukG+MVpf9h\nxEqlz94BlShYISbmunhykkjqGmmpVBZE9Aru4FydMwKCAIEAlosPs79ys7gj49W/\nga9XQAyKK5IpbsuAfZY/yE5h7aPaGC6dPuQhNWHcEpLN+XG5o3+fAIEnXxOh22Ut\n5/JxkPjJdpRPUGi6FTaT5b4RqzgeYkl1TY2bLiy2HwDG84JJzO0ZnesL1XXdSI/Z\nDd64383HddlX3pezcCZzIRgt/JMCggCAHWhZSuv2HQt/LtzroZejMX+4jpaOlWUM\n1r0Jhd8pdGayigbjEG/YL602p5KYD7eo+NvMrSlkQ5fXYOfdT6gFxA7VqrbuvUhr\numwpT8QwTZI2zJRT5Qya7PtVoeKpM3URZGxDlxWzkFfUOkrWdBLH2A8IfGnOhkIR\nwMsTJFIWQ0UCggCBAItHvcqQLUrYXUIqz4zp8tMf9YZE8ANQXlqeNLTc0tETZsEQ\nkaNV16dzsYpKXEIohQWLL/ezf8PSIJZLVncefk3xAWhU5IigDKuqB2rcByImFV5Z\noZ7KUJY3WjcROrenZGesNMR9I2ciKrlt474mVfql/NMeLuzC/YT9RbrjO2LK\n-----END RSA PRIVATE KEY-----\n", "user_id": "5b6637ab43df4515adf5cafda70f3c3b", "name": "tempest-TestNetworkAdvancedServerOps-1966320032", "fingerprint": "d4:c6:41:1a:1d:53:cc:8f:97:e4:ad:4b:ac:17:ea:22"}}
2015-12-22 23:21:05,879 21397 INFO     [tempest_lib.common.rest_client] Request (TestNetworkAdvancedServerOps:test_server_connectivity_pause_unpause): 201 POST http://10.0.2.15:9696/v2.0/security-groups 0.364s
2015-12-22 23:21:05,880 21397 DEBUG    [tempest_lib.common.rest_client] Request - Headers: {'Content-Type': 'application/json', 'Accept': 'application/json', 'X-Auth-Token': '&lt;omitted&gt;'}
        Body: {"security_group": {"tenant_id": "1b09b300fd8d453b95b37c47a24c4c1a", "description": "tempest-secgroup-smoke-938036825 description", "name": "tempest-secgroup-smoke-938036825"}}
    Response - Headers: {'status': '201', 'content-length': '886', 'connection': 'close', 'date': 'Tue, 22 Dec 2015 23:21:05 GMT', 'content-type': 'application/json; charset=UTF-8', 'x-openstack-request-id': 'req-aa7eb339-4ca8-4380-8294-814367e64013'}
        Body: {"security_group": {"tenant_id": "1b09b300fd8d453b95b37c47a24c4c1a", "description": "tempest-secgroup-smoke-938036825 description", "id": "57edabb5-44d8-4f06-bffb-e59ecd763123", "security_group_rules": [{"remote_group_id": null, "direction": "egress", "remote_ip_prefix": null, "protocol": null, "ethertype": "IPv4", "tenant_id": "1b09b300fd8d453b95b37c47a24c4c1a", "port_range_max": null, "port_range_min": null, "id": "1c69c5ef-1bec-4a19-87e7-b34174535e51", "security_group_id": "57edabb5-44d8-4f06-bffb-e59ecd763123"}, {"remote_group_id": null, "direction": "egress", "remote_ip_prefix": null, "protocol": null, "ethertype": "IPv6", "tenant_id": "1b09b300fd8d453b95b37c47a24c4c1a", "port_range_max": null, "port_range_min": null, "id": "effbb2bd-a335-41d0-86cf-8ee2a8c50503", "security_group_id": "57edabb5-44d8-4f06-bffb-e59ecd763123"}], "name": "tempest-secgroup-smoke-938036825"}}
2015-12-22 23:21:06,003 21397 INFO     [tempest_lib.common.rest_client] Request (TestNetworkAdvancedServerOps:test_server_connectivity_pause_unpause): 201 POST http://10.0.2.15:9696/v2.0/security-group-rules 0.121s
2015-12-22 23:21:06,004 21397 DEBUG    [tempest_lib.common.rest_client] Request - Headers: {'Content-Type': 'application/json', 'Accept': 'application/json', 'X-Auth-Token': '&lt;omitted&gt;'}
        Body: {"security_group_rule": {"direction": "ingress", "protocol": "tcp", "tenant_id": "1b09b300fd8d453b95b37c47a24c4c1a", "port_range_max": 22, "security_group_id": "57edabb5-44d8-4f06-bffb-e59ecd763123", "port_range_min": 22}}
    Response - Headers: {'status': '201', 'content-length': '340', 'connection': 'close', 'date': 'Tue, 22 Dec 2015 23:21:06 GMT', 'content-type': 'application/json; charset=UTF-8', 'x-openstack-request-id': 'req-f2463239-7c82-4d8b-aa74-461dcfc16f2e'}
        Body: {"security_group_rule": {"remote_group_id": null, "direction": "ingress", "remote_ip_prefix": null, "protocol": "tcp", "ethertype": "IPv4", "tenant_id": "1b09b300fd8d453b95b37c47a24c4c1a", "port_range_max": 22, "port_range_min": 22, "id": "5412ebcc-6726-48ab-8c71-1bac0b3fa7ed", "security_group_id": "57edabb5-44d8-4f06-bffb-e59ecd763123"}}
2015-12-22 23:21:06,137 21397 INFO     [tempest_lib.common.rest_client] Request (TestNetworkAdvancedServerOps:test_server_connectivity_pause_unpause): 201 POST http://10.0.2.15:9696/v2.0/security-group-rules 0.131s
2015-12-22 23:21:06,137 21397 DEBUG    [tempest_lib.common.rest_client] Request - Headers: {'Content-Type': 'application/json', 'Accept': 'application/json', 'X-Auth-Token': '&lt;omitted&gt;'}
        Body: {"security_group_rule": {"direction": "egress", "protocol": "tcp", "tenant_id": "1b09b300fd8d453b95b37c47a24c4c1a", "port_range_max": 22, "security_group_id": "57edabb5-44d8-4f06-bffb-e59ecd763123", "port_range_min": 22}}
    Response - Headers: {'status': '201', 'content-length': '339', 'connection': 'close', 'date': 'Tue, 22 Dec 2015 23:21:06 GMT', 'content-type': 'application/json; charset=UTF-8', 'x-openstack-request-id': 'req-3b80a517-363c-4705-b7bf-3be5496011ac'}
        Body: {"security_group_rule": {"remote_group_id": null, "direction": "egress", "remote_ip_prefix": null, "protocol": "tcp", "ethertype": "IPv4", "tenant_id": "1b09b300fd8d453b95b37c47a24c4c1a", "port_range_max": 22, "port_range_min": 22, "id": "3625ed43-f21f-4a62-b1a9-55865e64e453", "security_group_id": "57edabb5-44d8-4f06-bffb-e59ecd763123"}}
2015-12-22 23:21:06,257 21397 INFO     [tempest_lib.common.rest_client] Request (TestNetworkAdvancedServerOps:test_server_connectivity_pause_unpause): 201 POST http://10.0.2.15:9696/v2.0/security-group-rules 0.118s
2015-12-22 23:21:06,258 21397 DEBUG    [tempest_lib.common.rest_client] Request - Headers: {'Content-Type': 'application/json', 'Accept': 'application/json', 'X-Auth-Token': '&lt;omitted&gt;'}
        Body: {"security_group_rule": {"tenant_id": "1b09b300fd8d453b95b37c47a24c4c1a", "direction": "ingress", "protocol": "icmp", "security_group_id": "57edabb5-44d8-4f06-bffb-e59ecd763123"}}
    Response - Headers: {'status': '201', 'content-length': '345', 'connection': 'close', 'date': 'Tue, 22 Dec 2015 23:21:06 GMT', 'content-type': 'application/json; charset=UTF-8', 'x-openstack-request-id': 'req-82046495-0742-41f7-8b0a-93490378408b'}
        Body: {"security_group_rule": {"remote_group_id": null, "direction": "ingress", "remote_ip_prefix": null, "protocol": "icmp", "ethertype": "IPv4", "tenant_id": "1b09b300fd8d453b95b37c47a24c4c1a", "port_range_max": null, "port_range_min": null, "id": "9de101a8-5cea-4887-bd0f-35da94092291", "security_group_id": "57edabb5-44d8-4f06-bffb-e59ecd763123"}}
2015-12-22 23:21:06,385 21397 INFO     [tempest_lib.common.rest_client] Request (TestNetworkAdvancedServerOps:test_server_connectivity_pause_unpause): 201 POST http://10.0.2.15:9696/v2.0/security-group-rules 0.127s
2015-12-22 23:21:06,387 21397 DEBUG    [tempest_lib.common.rest_client] Request - Headers: {'Content-Type': 'application/json', 'Accept': 'application/json', 'X-Auth-Token': '&lt;omitted&gt;'}
        Body: {"security_group_rule": {"tenant_id": "1b09b300fd8d453b95b37c47a24c4c1a", "direction": "egress", "protocol": "icmp", "security_group_id": "57edabb5-44d8-4f06-bffb-e59ecd763123"}}
    Response - Headers: {'status': '201', 'content-length': '344', 'connection': 'close', 'date': 'Tue, 22 Dec 2015 23:21:06 GMT', 'content-type': 'application/json; charset=UTF-8', 'x-openstack-request-id': 'req-a4b5c753-5052-4ed8-9d24-e093a30d6a02'}
        Body: {"security_group_rule": {"remote_group_id": null, "direction": "egress", "remote_ip_prefix": null, "protocol": "icmp", "ethertype": "IPv4", "tenant_id": "1b09b300fd8d453b95b37c47a24c4c1a", "port_range_max": null, "port_range_min": null, "id": "f573b615-5703-4adc-a37e-cd18ccb584ea", "security_group_id": "57edabb5-44d8-4f06-bffb-e59ecd763123"}}
2015-12-22 23:21:06,509 21397 INFO     [tempest_lib.common.rest_client] Request (TestNetworkAdvancedServerOps:test_server_connectivity_pause_unpause): 201 POST http://10.0.2.15:9696/v2.0/security-group-rules 0.121s
2015-12-22 23:21:06,510 21397 DEBUG    [tempest_lib.common.rest_client] Request - Headers: {'Content-Type': 'application/json', 'Accept': 'application/json', 'X-Auth-Token': '&lt;omitted&gt;'}
        Body: {"security_group_rule": {"tenant_id": "1b09b300fd8d453b95b37c47a24c4c1a", "direction": "ingress", "security_group_id": "57edabb5-44d8-4f06-bffb-e59ecd763123", "protocol": "icmp", "ethertype": "IPv6"}}
    Response - Headers: {'status': '201', 'content-length': '345', 'connection': 'close', 'date': 'Tue, 22 Dec 2015 23:21:06 GMT', 'content-type': 'application/json; charset=UTF-8', 'x-openstack-request-id': 'req-198d536e-2245-413e-b3d6-696d523ab4e4'}
        Body: {"security_group_rule": {"remote_group_id": null, "direction": "ingress", "remote_ip_prefix": null, "protocol": "icmp", "ethertype": "IPv6", "tenant_id": "1b09b300fd8d453b95b37c47a24c4c1a", "port_range_max": null, "port_range_min": null, "id": "55fde3c0-0637-4b83-adcd-87c7c747ad1e", "security_group_id": "57edabb5-44d8-4f06-bffb-e59ecd763123"}}
2015-12-22 23:21:06,628 21397 INFO     [tempest_lib.common.rest_client] Request (TestNetworkAdvancedServerOps:test_server_connectivity_pause_unpause): 201 POST http://10.0.2.15:9696/v2.0/security-group-rules 0.117s
2015-12-22 23:21:06,628 21397 DEBUG    [tempest_lib.common.rest_client] Request - Headers: {'Content-Type': 'application/json', 'Accept': 'application/json', 'X-Auth-Token': '&lt;omitted&gt;'}
        Body: {"security_group_rule": {"tenant_id": "1b09b300fd8d453b95b37c47a24c4c1a", "direction": "egress", "security_group_id": "57edabb5-44d8-4f06-bffb-e59ecd763123", "protocol": "icmp", "ethertype": "IPv6"}}
    Response - Headers: {'status': '201', 'content-length': '344', 'connection': 'close', 'date': 'Tue, 22 Dec 2015 23:21:06 GMT', 'content-type': 'application/json; charset=UTF-8', 'x-openstack-request-id': 'req-ea807a86-7988-443a-be8c-9a5396520685'}
        Body: {"security_group_rule": {"remote_group_id": null, "direction": "egress", "remote_ip_prefix": null, "protocol": "icmp", "ethertype": "IPv6", "tenant_id": "1b09b300fd8d453b95b37c47a24c4c1a", "port_range_max": null, "port_range_min": null, "id": "20ff1098-404f-43f1-b6ce-0754a242a704", "security_group_id": "57edabb5-44d8-4f06-bffb-e59ecd763123"}}
2015-12-22 23:21:06,817 21397 INFO     [tempest_lib.common.rest_client] Request (TestNetworkAdvancedServerOps:test_server_connectivity_pause_unpause): 201 POST http://10.0.2.15:9696/v2.0/networks 0.188s
2015-12-22 23:21:06,818 21397 DEBUG    [tempest_lib.common.rest_client] Request - Headers: {'Content-Type': 'application/json', 'Accept': 'application/json', 'X-Auth-Token': '&lt;omitted&gt;'}
        Body: {"network": {"tenant_id": "1b09b300fd8d453b95b37c47a24c4c1a", "name": "tempest-network-smoke--1923056354"}}
    Response - Headers: {'status': '201', 'content-length': '329', 'connection': 'close', 'date': 'Tue, 22 Dec 2015 23:21:06 GMT', 'content-type': 'application/json; charset=UTF-8', 'x-openstack-request-id': 'req-0446c7ab-ee4f-4967-81e6-2e36574153fa'}
        Body: {"network": {"status": "ACTIVE", "subnets": [], "availability_zone_hints": "[]", "name": "tempest-network-smoke--1923056354", "admin_state_up": true, "tenant_id": "1b09b300fd8d453b95b37c47a24c4c1a", "mtu": 0, "router:external": false, "shared": false, "port_security_enabled": true, "id": "5e0497f7-3972-4bfc-adc1-106f52c86762"}}
2015-12-22 23:21:06,905 21397 INFO     [tempest_lib.common.rest_client] Request (TestNetworkAdvancedServerOps:test_server_connectivity_pause_unpause): 201 POST http://10.0.2.15:9696/v2.0/routers 0.086s
2015-12-22 23:21:06,906 21397 DEBUG    [tempest_lib.common.rest_client] Request - Headers: {'Content-Type': 'application/json', 'Accept': 'application/json', 'X-Auth-Token': '&lt;omitted&gt;'}
        Body: {"router": {"tenant_id": "1b09b300fd8d453b95b37c47a24c4c1a", "name": "tempest-router-smoke-612316746", "admin_state_up": true}}
    Response - Headers: {'status': '201', 'content-length': '295', 'connection': 'close', 'date': 'Tue, 22 Dec 2015 23:21:06 GMT', 'content-type': 'application/json; charset=UTF-8', 'x-openstack-request-id': 'req-2e8784d0-4063-4ccf-a1ca-a1c77da3d1fb'}
        Body: {"router": {"status": "ACTIVE", "external_gateway_info": null, "availability_zone_hints": [], "availability_zones": [], "name": "tempest-router-smoke-612316746", "admin_state_up": true, "tenant_id": "1b09b300fd8d453b95b37c47a24c4c1a", "routes": [], "id": "137fabda-8da7-45c4-b365-eadb2d1d3fc5"}}
2015-12-22 23:21:06,961 21397 INFO     [tempest_lib.common.rest_client] Request (TestNetworkAdvancedServerOps:test_server_connectivity_pause_unpause): 200 GET http://10.0.2.15:9696/v2.0/routers/137fabda-8da7-45c4-b365-eadb2d1d3fc5 0.054s
2015-12-22 23:21:06,962 21397 DEBUG    [tempest_lib.common.rest_client] Request - Headers: {'Content-Type': 'application/json', 'Accept': 'application/json', 'X-Auth-Token': '&lt;omitted&gt;'}
        Body: None
    Response - Headers: {'status': '200', 'content-length': '295', 'content-location': 'http://10.0.2.15:9696/v2.0/routers/137fabda-8da7-45c4-b365-eadb2d1d3fc5', 'connection': 'close', 'date': 'Tue, 22 Dec 2015 23:21:06 GMT', 'content-type': 'application/json; charset=UTF-8', 'x-openstack-request-id': 'req-ace2e3f1-6b45-40ee-beb2-f7916522d9f8'}
        Body: {"router": {"status": "ACTIVE", "external_gateway_info": null, "availability_zone_hints": [], "availability_zones": [], "name": "tempest-router-smoke-612316746", "admin_state_up": true, "tenant_id": "1b09b300fd8d453b95b37c47a24c4c1a", "routes": [], "id": "137fabda-8da7-45c4-b365-eadb2d1d3fc5"}}
2015-12-22 23:21:07,784 21397 INFO     [tempest_lib.common.rest_client] Request (TestNetworkAdvancedServerOps:test_server_connectivity_pause_unpause): 200 PUT http://10.0.2.15:9696/v2.0/routers/137fabda-8da7-45c4-b365-eadb2d1d3fc5 0.821s
2015-12-22 23:21:07,784 21397 DEBUG    [tempest_lib.common.rest_client] Request - Headers: {'Content-Type': 'application/json', 'Accept': 'application/json', 'X-Auth-Token': '&lt;omitted&gt;'}
        Body: {"router": {"external_gateway_info": {"network_id": "e78f2997-4737-4f28-9a2d-3aff201fe003"}, "name": "tempest-router-smoke-612316746", "admin_state_up": true}}
    Response - Headers: {'status': '200', 'content-length': '557', 'connection': 'close', 'date': 'Tue, 22 Dec 2015 23:21:07 GMT', 'content-type': 'application/json; charset=UTF-8', 'x-openstack-request-id': 'req-f101ca4e-e9d1-4f03-adc7-c49bee8d8432'}
        Body: {"router": {"status": "ACTIVE", "external_gateway_info": {"network_id": "e78f2997-4737-4f28-9a2d-3aff201fe003", "enable_snat": true, "external_fixed_ips": [{"subnet_id": "3a968093-6685-4a57-86a9-a4af7eafed8b", "ip_address": "172.24.4.3"}, {"subnet_id": "2e5f45c8-0f97-49f4-9a69-b5c01eb4ee68", "ip_address": "2001:db8::3"}]}, "availability_zone_hints": [], "availability_zones": [], "name": "tempest-router-smoke-612316746", "admin_state_up": true, "tenant_id": "1b09b300fd8d453b95b37c47a24c4c1a", "routes": [], "id": "137fabda-8da7-45c4-b365-eadb2d1d3fc5"}}
2015-12-22 23:21:07,974 21397 INFO     [tempest_lib.common.rest_client] Request (TestNetworkAdvancedServerOps:test_server_connectivity_pause_unpause): 200 GET http://10.0.2.15:9696/v2.0/subnets?tenant_id=1b09b300fd8d453b95b37c47a24c4c1a&amp;cidr=10.100.0.0%2F28 0.189s
2015-12-22 23:21:07,975 21397 DEBUG    [tempest_lib.common.rest_client] Request - Headers: {'Content-Type': 'application/json', 'Accept': 'application/json', 'X-Auth-Token': '&lt;omitted&gt;'}
        Body: None
    Response - Headers: {'status': '200', 'content-length': '15', 'content-location': 'http://10.0.2.15:9696/v2.0/subnets?tenant_id=1b09b300fd8d453b95b37c47a24c4c1a&amp;cidr=10.100.0.0%2F28', 'connection': 'close', 'date': 'Tue, 22 Dec 2015 23:21:07 GMT', 'content-type': 'application/json; charset=UTF-8', 'x-openstack-request-id': 'req-2e47aa04-dec8-4751-b378-d8ee5056a74b'}
        Body: {"subnets": []}
2015-12-22 23:21:08,304 21397 INFO     [tempest_lib.common.rest_client] Request (TestNetworkAdvancedServerOps:test_server_connectivity_pause_unpause): 201 POST http://10.0.2.15:9696/v2.0/subnets 0.327s
2015-12-22 23:21:08,304 21397 DEBUG    [tempest_lib.common.rest_client] Request - Headers: {'Content-Type': 'application/json', 'Accept': 'application/json', 'X-Auth-Token': '&lt;omitted&gt;'}
        Body: {"subnet": {"ip_version": 4, "tenant_id": "1b09b300fd8d453b95b37c47a24c4c1a", "cidr": "10.100.0.0/28", "network_id": "5e0497f7-3972-4bfc-adc1-106f52c86762", "name": "tempest-subnet-smoke-632407810"}}
    Response - Headers: {'status': '201', 'content-length': '477', 'connection': 'close', 'date': 'Tue, 22 Dec 2015 23:21:08 GMT', 'content-type': 'application/json; charset=UTF-8', 'x-openstack-request-id': 'req-8eb9f172-6856-448a-bc0a-1a91c6cb424c'}
        Body: {"subnet": {"name": "tempest-subnet-smoke-632407810", "enable_dhcp": true, "network_id": "5e0497f7-3972-4bfc-adc1-106f52c86762", "tenant_id": "1b09b300fd8d453b95b37c47a24c4c1a", "dns_nameservers": [], "gateway_ip": "10.100.0.1", "ipv6_ra_mode": null, "allocation_pools": [{"start": "10.100.0.2", "end": "10.100.0.14"}], "host_routes": [], "ip_version": 4, "ipv6_address_mode": null, "cidr": "10.100.0.0/28", "id": "9854709d-60b7-4413-b0ab-edcfc756ae27", "subnetpool_id": null}}
2015-12-22 23:21:08,919 21397 INFO     [tempest_lib.common.rest_client] Request (TestNetworkAdvancedServerOps:test_server_connectivity_pause_unpause): 200 PUT http://10.0.2.15:9696/v2.0/routers/137fabda-8da7-45c4-b365-eadb2d1d3fc5/add_router_interface 0.613s
2015-12-22 23:21:08,919 21397 DEBUG    [tempest_lib.common.rest_client] Request - Headers: {'Content-Type': 'application/json', 'Accept': 'application/json', 'X-Auth-Token': '&lt;omitted&gt;'}
        Body: {"subnet_id": "9854709d-60b7-4413-b0ab-edcfc756ae27"}
    Response - Headers: {'status': '200', 'content-length': '255', 'connection': 'close', 'date': 'Tue, 22 Dec 2015 23:21:08 GMT', 'content-type': 'application/json; charset=UTF-8', 'x-openstack-request-id': 'req-269a559c-6321-48fe-b782-3b7e2fb42082'}
        Body: {"subnet_id": "9854709d-60b7-4413-b0ab-edcfc756ae27", "tenant_id": "1b09b300fd8d453b95b37c47a24c4c1a", "subnet_ids": ["9854709d-60b7-4413-b0ab-edcfc756ae27"], "port_id": "e040b49d-57e9-42e4-853e-5d12e8643650", "id": "137fabda-8da7-45c4-b365-eadb2d1d3fc5"}
2015-12-22 23:21:09,046 21397 INFO     [tempest_lib.common.rest_client] Request (TestNetworkAdvancedServerOps:test_server_connectivity_pause_unpause): 200 POST http://10.0.2.15:5000/v2.0/tokens
2015-12-22 23:21:09,046 21397 DEBUG    [tempest_lib.common.rest_client] Request - Headers: {'Content-Type': 'application/json', 'Accept': 'application/json'}
        Body: &lt;omitted&gt;
    Response - Headers: {'status': '200', 'content-length': '2564', 'vary': 'X-Auth-Token', 'server': 'Apache/2.4.7 (Ubuntu)', 'connection': 'close', 'date': 'Tue, 22 Dec 2015 23:21:08 GMT', 'content-type': 'application/json', 'x-openstack-request-id': 'req-acbae62f-46ce-4a70-aed8-b8100e4f5873'}
        Body: {"access": {"token": {"issued_at": "2015-12-22T23:21:09.033014", "expires": "2015-12-23T00:21:08Z", "id": "bfee35dcdf8948d7938d0fd0a125fa4f", "tenant": {"description": "tempest-TestNetworkAdvancedServerOps-301762515-desc", "enabled": true, "id": "1b09b300fd8d453b95b37c47a24c4c1a", "name": "tempest-TestNetworkAdvancedServerOps-301762515"}, "audit_ids": ["lnxcqb0sST6BWpFBQZ1cgA"]}, "serviceCatalog": [{"endpoints": [{"adminURL": "http://10.0.2.15:8774/v2.1/1b09b300fd8d453b95b37c47a24c4c1a", "region": "RegionOne", "internalURL": "http://10.0.2.15:8774/v2.1/1b09b300fd8d453b95b37c47a24c4c1a", "id": "3c9768b5b0784b948c71573aebc87cda", "publicURL": "http://10.0.2.15:8774/v2.1/1b09b300fd8d453b95b37c47a24c4c1a"}], "endpoints_links": [], "type": "compute", "name": "nova"}, {"endpoints": [{"adminURL": "http://10.0.2.15:9696/", "region": "RegionOne", "internalURL": "http://10.0.2.15:9696/", "id": "4eb4475333eb4883aa51e464bf33ddec", "publicURL": "http://10.0.2.15:9696/"}], "endpoints_links": [], "type": "network", "name": "neutron"}, {"endpoints": [{"adminURL": "http://10.0.2.15:9292", "region": "RegionOne", "internalURL": "http://10.0.2.15:9292", "id": "e6df335473c248e1af87b76e53491514", "publicURL": "http://10.0.2.15:9292"}], "endpoints_links": [], "type": "image", "name": "glance"}, {"endpoints": [{"adminURL": "http://10.0.2.15:8774/v2/1b09b300fd8d453b95b37c47a24c4c1a", "region": "RegionOne", "internalURL": "http://10.0.2.15:8774/v2/1b09b300fd8d453b95b37c47a24c4c1a", "id": "6f85c0e8bce74ed48df5ac0085297aff", "publicURL": "http://10.0.2.15:8774/v2/1b09b300fd8d453b95b37c47a24c4c1a"}], "endpoints_links": [], "type": "compute_legacy", "name": "nova_legacy"}, {"endpoints": [{"adminURL": "http://10.0.2.15:8773/", "region": "RegionOne", "internalURL": "http://10.0.2.15:8773/", "id": "153d14a2fc3d420ea1fdc23a11e61e05", "publicURL": "http://10.0.2.15:8773/"}], "endpoints_links": [], "type": "ec2", "name": "ec2"}, {"endpoints": [{"adminURL": "http://10.0.2.15:35357/v2.0", "region": "RegionOne", "internalURL": "http://10.0.2.15:5000/v2.0", "id": "46c9251a765b4723a2ef5e7ae82c569d", "publicURL": "http://10.0.2.15:5000/v2.0"}], "endpoints_links": [], "type": "identity", "name": "keystone"}], "user": {"username": "tempest-TestNetworkAdvancedServerOps-2091505996", "roles_links": [], "id": "5b6637ab43df4515adf5cafda70f3c3b", "roles": [{"name": "_member_"}, {"name": "Member"}], "name": "tempest-TestNetworkAdvancedServerOps-2091505996"}, "metadata": {"is_admin": 0, "roles": ["9fe2ff9ee4384b1894a90878d3e92bab", "8072d2d8388a4354a10a38541759ac2f"]}}}
2015-12-22 23:21:09,052 21397 DEBUG    [tempest.common.fixed_network] (TestNetworkAdvancedServerOps:test_server_connectivity_pause_unpause) No valid network provided or created, defaulting to fixed_network_name
2015-12-22 23:21:09,441 21397 INFO     [tempest_lib.common.rest_client] Request (TestNetworkAdvancedServerOps:test_server_connectivity_pause_unpause): 200 GET http://10.0.2.15:8774/v2.1/1b09b300fd8d453b95b37c47a24c4c1a/os-networks 0.388s
2015-12-22 23:21:09,442 21397 DEBUG    [tempest_lib.common.rest_client] Request - Headers: {'Content-Type': 'application/json', 'Accept': 'application/json', 'X-Auth-Token': '&lt;omitted&gt;'}
        Body: None
    Response - Headers: {'status': '200', 'content-length': '479', 'content-location': 'http://10.0.2.15:8774/v2.1/1b09b300fd8d453b95b37c47a24c4c1a/os-networks', 'x-compute-request-id': 'req-162f51a3-9d23-40d8-9f59-2d216e95c5f1', 'vary': 'X-OpenStack-Nova-API-Version', 'connection': 'close', 'x-openstack-nova-api-version': '2.1', 'date': 'Tue, 22 Dec 2015 23:21:09 GMT', 'content-type': 'application/json'}
        Body: {"networks": [{"cidr_v6": null, "dns2": null, "dns1": null, "gateway": null, "broadcast": null, "netmask": null, "gateway_v6": null, "cidr": null, "label": "public", "id": "e78f2997-4737-4f28-9a2d-3aff201fe003", "netmask_v6": null}, {"cidr_v6": null, "dns2": null, "dns1": null, "gateway": null, "broadcast": null, "netmask": null, "gateway_v6": null, "cidr": null, "label": "tempest-network-smoke--1923056354", "id": "5e0497f7-3972-4bfc-adc1-106f52c86762", "netmask_v6": null}]}
2015-12-22 23:21:09,443 21397 WARNING  [tempest.common.fixed_network] (TestNetworkAdvancedServerOps:test_server_connectivity_pause_unpause) Network with name: private not found
2015-12-22 23:21:09,443 21397 INFO     [tempest.common.fixed_network] (TestNetworkAdvancedServerOps:test_server_connectivity_pause_unpause) Found network {} available for tenant
2015-12-22 23:21:10,727 21397 INFO     [tempest_lib.common.rest_client] Request (TestNetworkAdvancedServerOps:test_server_connectivity_pause_unpause): 202 POST http://10.0.2.15:8774/v2.1/1b09b300fd8d453b95b37c47a24c4c1a/servers 1.283s
2015-12-22 23:21:10,727 21397 DEBUG    [tempest_lib.common.rest_client] Request - Headers: {'Content-Type': 'application/json', 'Accept': 'application/json', 'X-Auth-Token': '&lt;omitted&gt;'}
        Body: {"server": {"name": "tempest.common.compute-instance-800982316", "imageRef": "62a49e71-6e57-441e-9e63-0fa3a1a3ea8d", "key_name": "tempest-TestNetworkAdvancedServerOps-1966320032", "flavorRef": "42", "networks": [{"uuid": "5e0497f7-3972-4bfc-adc1-106f52c86762"}], "security_groups": [{"name": "tempest-secgroup-smoke-938036825"}]}}
    Response - Headers: {'status': '202', 'content-length': '461', 'x-compute-request-id': 'req-c90b6bc2-33a8-497a-b5a8-b911b99e6796', 'vary': 'X-OpenStack-Nova-API-Version', 'connection': 'close', 'location': 'http://10.0.2.15:8774/v2.1/1b09b300fd8d453b95b37c47a24c4c1a/servers/ff8de4e4-d41e-4d64-9565-6ab5e3b1fd1f', 'x-openstack-nova-api-version': '2.1', 'date': 'Tue, 22 Dec 2015 23:21:10 GMT', 'content-type': 'application/json'}
        Body: {"server": {"security_groups": [{"name": "tempest-secgroup-smoke-938036825"}], "OS-DCF:diskConfig": "MANUAL", "id": "ff8de4e4-d41e-4d64-9565-6ab5e3b1fd1f", "links": [{"href": "http://10.0.2.15:8774/v2.1/1b09b300fd8d453b95b37c47a24c4c1a/servers/ff8de4e4-d41e-4d64-9565-6ab5e3b1fd1f", "rel": "self"}, {"href": "http://10.0.2.15:8774/1b09b300fd8d453b95b37c47a24c4c1a/servers/ff8de4e4-d41e-4d64-9565-6ab5e3b1fd1f", "rel": "bookmark"}], "adminPass": "rh7fxoMM846z"}}
2015-12-22 23:21:11,008 21397 INFO     [tempest_lib.common.rest_client] Request (TestNetworkAdvancedServerOps:test_server_connectivity_pause_unpause): 200 GET http://10.0.2.15:8774/v2.1/1b09b300fd8d453b95b37c47a24c4c1a/servers/ff8de4e4-d41e-4d64-9565-6ab5e3b1fd1f 0.278s
2015-12-22 23:21:11,009 21397 DEBUG    [tempest_lib.common.rest_client] Request - Headers: {'Content-Type': 'application/json', 'Accept': 'application/json', 'X-Auth-Token': '&lt;omitted&gt;'}
        Body: None
    Response - Headers: {'status': '200', 'content-length': '1364', 'content-location': 'http://10.0.2.15:8774/v2.1/1b09b300fd8d453b95b37c47a24c4c1a/servers/ff8de4e4-d41e-4d64-9565-6ab5e3b1fd1f', 'x-compute-request-id': 'req-1490b528-b427-4327-943e-9a6d60d8a625', 'vary': 'X-OpenStack-Nova-API-Version', 'connection': 'close', 'x-openstack-nova-api-version': '2.1', 'date': 'Tue, 22 Dec 2015 23:21:11 GMT', 'content-type': 'application/json'}
        Body: {"server": {"status": "BUILD", "updated": "2015-12-22T23:21:10Z", "hostId": "", "addresses": {}, "links": [{"href": "http://10.0.2.15:8774/v2.1/1b09b300fd8d453b95b37c47a24c4c1a/servers/ff8de4e4-d41e-4d64-9565-6ab5e3b1fd1f", "rel": "self"}, {"href": "http://10.0.2.15:8774/1b09b300fd8d453b95b37c47a24c4c1a/servers/ff8de4e4-d41e-4d64-9565-6ab5e3b1fd1f", "rel": "bookmark"}], "key_name": "tempest-TestNetworkAdvancedServerOps-1966320032", "image": {"id": "62a49e71-6e57-441e-9e63-0fa3a1a3ea8d", "links": [{"href": "http://10.0.2.15:8774/1b09b300fd8d453b95b37c47a24c4c1a/images/62a49e71-6e57-441e-9e63-0fa3a1a3ea8d", "rel": "bookmark"}]}, "OS-EXT-STS:task_state": "scheduling", "OS-EXT-STS:vm_state": "building", "OS-SRV-USG:launched_at": null, "flavor": {"id": "42", "links": [{"href": "http://10.0.2.15:8774/1b09b300fd8d453b95b37c47a24c4c1a/flavors/42", "rel": "bookmark"}]}, "id": "ff8de4e4-d41e-4d64-9565-6ab5e3b1fd1f", "OS-SRV-USG:terminated_at": null, "OS-EXT-AZ:availability_zone": "", "user_id": "5b6637ab43df4515adf5cafda70f3c3b", "name": "tempest.common.compute-instance-800982316", "created": "2015-12-22T23:21:10Z", "tenant_id": "1b09b300fd8d453b95b37c47a24c4c1a", "OS-DCF:diskConfig": "MANUAL", "os-extended-volumes:volumes_attached": [], "accessIPv4": "", "accessIPv6": "", "progress": 0, "OS-EXT-STS:power_state": 0, "config_drive": "", "metadata": {}}}
2015-12-22 23:21:12,612 21397 INFO     [tempest_lib.common.rest_client] Request (TestNetworkAdvancedServerOps:test_server_connectivity_pause_unpause): 200 GET http://10.0.2.15:8774/v2.1/1b09b300fd8d453b95b37c47a24c4c1a/servers/ff8de4e4-d41e-4d64-9565-6ab5e3b1fd1f 0.593s
2015-12-22 23:21:12,612 21397 DEBUG    [tempest_lib.common.rest_client] Request - Headers: {'Content-Type': 'application/json', 'Accept': 'application/json', 'X-Auth-Token': '&lt;omitted&gt;'}
        Body: None
    Response - Headers: {'status': '200', 'content-length': '1489', 'content-location': 'http://10.0.2.15:8774/v2.1/1b09b300fd8d453b95b37c47a24c4c1a/servers/ff8de4e4-d41e-4d64-9565-6ab5e3b1fd1f', 'x-compute-request-id': 'req-ba63ee00-26fc-4f94-897e-0b1a51531e10', 'vary': 'X-OpenStack-Nova-API-Version', 'connection': 'close', 'x-openstack-nova-api-version': '2.1', 'date': 'Tue, 22 Dec 2015 23:21:12 GMT', 'content-type': 'application/json'}
        Body: {"server": {"status": "BUILD", "updated": "2015-12-22T23:21:11Z", "hostId": "35c8f25127fec3ac2a4732dfdd0087453e79be115dbe38cbc12f7662", "addresses": {}, "links": [{"href": "http://10.0.2.15:8774/v2.1/1b09b300fd8d453b95b37c47a24c4c1a/servers/ff8de4e4-d41e-4d64-9565-6ab5e3b1fd1f", "rel": "self"}, {"href": "http://10.0.2.15:8774/1b09b300fd8d453b95b37c47a24c4c1a/servers/ff8de4e4-d41e-4d64-9565-6ab5e3b1fd1f", "rel": "bookmark"}], "key_name": "tempest-TestNetworkAdvancedServerOps-1966320032", "image": {"id": "62a49e71-6e57-441e-9e63-0fa3a1a3ea8d", "links": [{"href": "http://10.0.2.15:8774/1b09b300fd8d453b95b37c47a24c4c1a/images/62a49e71-6e57-441e-9e63-0fa3a1a3ea8d", "rel": "bookmark"}]}, "OS-EXT-STS:task_state": "spawning", "OS-EXT-STS:vm_state": "building", "OS-SRV-USG:launched_at": null, "flavor": {"id": "42", "links": [{"href": "http://10.0.2.15:8774/1b09b300fd8d453b95b37c47a24c4c1a/flavors/42", "rel": "bookmark"}]}, "id": "ff8de4e4-d41e-4d64-9565-6ab5e3b1fd1f", "security_groups": [{"name": "tempest-secgroup-smoke-938036825"}], "OS-SRV-USG:terminated_at": null, "OS-EXT-AZ:availability_zone": "nova", "user_id": "5b6637ab43df4515adf5cafda70f3c3b", "name": "tempest.common.compute-instance-800982316", "created": "2015-12-22T23:21:10Z", "tenant_id": "1b09b300fd8d453b95b37c47a24c4c1a", "OS-DCF:diskConfig": "MANUAL", "os-extended-volumes:volumes_attached": [], "accessIPv4": "", "accessIPv6": "", "progress": 0, "OS-EXT-STS:power_state": 0, "config_drive": "", "metadata": {}}}
2015-12-22 23:21:12,620 21397 INFO     [tempest.common.waiters] State transition "BUILD/scheduling" ==&gt; "BUILD/spawning" after 1 second wait
2015-12-22 23:21:13,887 21397 INFO     [tempest_lib.common.rest_client] Request (TestNetworkAdvancedServerOps:test_server_connectivity_pause_unpause): 200 GET http://10.0.2.15:8774/v2.1/1b09b300fd8d453b95b37c47a24c4c1a/servers/ff8de4e4-d41e-4d64-9565-6ab5e3b1fd1f 0.264s
2015-12-22 23:21:13,887 21397 DEBUG    [tempest_lib.common.rest_client] Request - Headers: {'Content-Type': 'application/json', 'Accept': 'application/json', 'X-Auth-Token': '&lt;omitted&gt;'}
        Body: None
    Response - Headers: {'status': '200', 'content-length': '1489', 'content-location': 'http://10.0.2.15:8774/v2.1/1b09b300fd8d453b95b37c47a24c4c1a/servers/ff8de4e4-d41e-4d64-9565-6ab5e3b1fd1f', 'x-compute-request-id': 'req-fe0f382f-daa1-4a16-87eb-1828189f63d5', 'vary': 'X-OpenStack-Nova-API-Version', 'connection': 'close', 'x-openstack-nova-api-version': '2.1', 'date': 'Tue, 22 Dec 2015 23:21:13 GMT', 'content-type': 'application/json'}
        Body: {"server": {"status": "BUILD", "updated": "2015-12-22T23:21:11Z", "hostId": "35c8f25127fec3ac2a4732dfdd0087453e79be115dbe38cbc12f7662", "addresses": {}, "links": [{"href": "http://10.0.2.15:8774/v2.1/1b09b300fd8d453b95b37c47a24c4c1a/servers/ff8de4e4-d41e-4d64-9565-6ab5e3b1fd1f", "rel": "self"}, {"href": "http://10.0.2.15:8774/1b09b300fd8d453b95b37c47a24c4c1a/servers/ff8de4e4-d41e-4d64-9565-6ab5e3b1fd1f", "rel": "bookmark"}], "key_name": "tempest-TestNetworkAdvancedServerOps-1966320032", "image": {"id": "62a49e71-6e57-441e-9e63-0fa3a1a3ea8d", "links": [{"href": "http://10.0.2.15:8774/1b09b300fd8d453b95b37c47a24c4c1a/images/62a49e71-6e57-441e-9e63-0fa3a1a3ea8d", "rel": "bookmark"}]}, "OS-EXT-STS:task_state": "spawning", "OS-EXT-STS:vm_state": "building", "OS-SRV-USG:launched_at": null, "flavor": {"id": "42", "links": [{"href": "http://10.0.2.15:8774/1b09b300fd8d453b95b37c47a24c4c1a/flavors/42", "rel": "bookmark"}]}, "id": "ff8de4e4-d41e-4d64-9565-6ab5e3b1fd1f", "security_groups": [{"name": "tempest-secgroup-smoke-938036825"}], "OS-SRV-USG:terminated_at": null, "OS-EXT-AZ:availability_zone": "nova", "user_id": "5b6637ab43df4515adf5cafda70f3c3b", "name": "tempest.common.compute-instance-800982316", "created": "2015-12-22T23:21:10Z", "tenant_id": "1b09b300fd8d453b95b37c47a24c4c1a", "OS-DCF:diskConfig": "MANUAL", "os-extended-volumes:volumes_attached": [], "accessIPv4": "", "accessIPv6": "", "progress": 0, "OS-EXT-STS:power_state": 0, "config_drive": "", "metadata": {}}}
2015-12-22 23:21:15,100 21397 INFO     [tempest_lib.common.rest_client] Request (TestNetworkAdvancedServerOps:test_server_connectivity_pause_unpause): 200 GET http://10.0.2.15:8774/v2.1/1b09b300fd8d453b95b37c47a24c4c1a/servers/ff8de4e4-d41e-4d64-9565-6ab5e3b1fd1f 0.199s
2015-12-22 23:21:15,101 21397 DEBUG    [tempest_lib.common.rest_client] Request - Headers: {'Content-Type': 'application/json', 'Accept': 'application/json', 'X-Auth-Token': '&lt;omitted&gt;'}
        Body: None
    Response - Headers: {'status': '200', 'content-length': '1661', 'content-location': 'http://10.0.2.15:8774/v2.1/1b09b300fd8d453b95b37c47a24c4c1a/servers/ff8de4e4-d41e-4d64-9565-6ab5e3b1fd1f', 'x-compute-request-id': 'req-c1bf2be7-2788-46e8-8fc3-0b98abb041d6', 'vary': 'X-OpenStack-Nova-API-Version', 'connection': 'close', 'x-openstack-nova-api-version': '2.1', 'date': 'Tue, 22 Dec 2015 23:21:15 GMT', 'content-type': 'application/json'}
        Body: {"server": {"status": "ACTIVE", "updated": "2015-12-22T23:21:14Z", "hostId": "35c8f25127fec3ac2a4732dfdd0087453e79be115dbe38cbc12f7662", "addresses": {"tempest-network-smoke--1923056354": [{"OS-EXT-IPS-MAC:mac_addr": "fa:16:3e:eb:c5:ce", "version": 4, "addr": "10.100.0.3", "OS-EXT-IPS:type": "fixed"}]}, "links": [{"href": "http://10.0.2.15:8774/v2.1/1b09b300fd8d453b95b37c47a24c4c1a/servers/ff8de4e4-d41e-4d64-9565-6ab5e3b1fd1f", "rel": "self"}, {"href": "http://10.0.2.15:8774/1b09b300fd8d453b95b37c47a24c4c1a/servers/ff8de4e4-d41e-4d64-9565-6ab5e3b1fd1f", "rel": "bookmark"}], "key_name": "tempest-TestNetworkAdvancedServerOps-1966320032", "image": {"id": "62a49e71-6e57-441e-9e63-0fa3a1a3ea8d", "links": [{"href": "http://10.0.2.15:8774/1b09b300fd8d453b95b37c47a24c4c1a/images/62a49e71-6e57-441e-9e63-0fa3a1a3ea8d", "rel": "bookmark"}]}, "OS-EXT-STS:task_state": null, "OS-EXT-STS:vm_state": "active", "OS-SRV-USG:launched_at": "2015-12-22T23:21:14.000000", "flavor": {"id": "42", "links": [{"href": "http://10.0.2.15:8774/1b09b300fd8d453b95b37c47a24c4c1a/flavors/42", "rel": "bookmark"}]}, "id": "ff8de4e4-d41e-4d64-9565-6ab5e3b1fd1f", "security_groups": [{"name": "tempest-secgroup-smoke-938036825"}], "OS-SRV-USG:terminated_at": null, "OS-EXT-AZ:availability_zone": "nova", "user_id": "5b6637ab43df4515adf5cafda70f3c3b", "name": "tempest.common.compute-instance-800982316", "created": "2015-12-22T23:21:10Z", "tenant_id": "1b09b300fd8d453b95b37c47a24c4c1a", "OS-DCF:diskConfig": "MANUAL", "os-extended-volumes:volumes_attached": [], "accessIPv4": "", "accessIPv6": "", "progress": 0, "OS-EXT-STS:power_state": 1, "config_drive": "True", "metadata": {}}}
2015-12-22 23:21:15,109 21397 INFO     [tempest.common.waiters] State transition "BUILD/spawning" ==&gt; "ACTIVE/None" after 4 second wait
2015-12-22 23:21:15,306 21397 INFO     [tempest_lib.common.rest_client] Request (TestNetworkAdvancedServerOps:test_server_connectivity_pause_unpause): 200 GET http://10.0.2.15:8774/v2.1/1b09b300fd8d453b95b37c47a24c4c1a/servers/ff8de4e4-d41e-4d64-9565-6ab5e3b1fd1f 0.196s
2015-12-22 23:21:15,306 21397 DEBUG    [tempest_lib.common.rest_client] Request - Headers: {'Content-Type': 'application/json', 'Accept': 'application/json', 'X-Auth-Token': '&lt;omitted&gt;'}
        Body: None
    Response - Headers: {'status': '200', 'content-length': '1661', 'content-location': 'http://10.0.2.15:8774/v2.1/1b09b300fd8d453b95b37c47a24c4c1a/servers/ff8de4e4-d41e-4d64-9565-6ab5e3b1fd1f', 'x-compute-request-id': 'req-38c34f39-1551-42bd-b39d-9d674a6d8542', 'vary': 'X-OpenStack-Nova-API-Version', 'connection': 'close', 'x-openstack-nova-api-version': '2.1', 'date': 'Tue, 22 Dec 2015 23:21:15 GMT', 'content-type': 'application/json'}
        Body: {"server": {"status": "ACTIVE", "updated": "2015-12-22T23:21:14Z", "hostId": "35c8f25127fec3ac2a4732dfdd0087453e79be115dbe38cbc12f7662", "addresses": {"tempest-network-smoke--1923056354": [{"OS-EXT-IPS-MAC:mac_addr": "fa:16:3e:eb:c5:ce", "version": 4, "addr": "10.100.0.3", "OS-EXT-IPS:type": "fixed"}]}, "links": [{"href": "http://10.0.2.15:8774/v2.1/1b09b300fd8d453b95b37c47a24c4c1a/servers/ff8de4e4-d41e-4d64-9565-6ab5e3b1fd1f", "rel": "self"}, {"href": "http://10.0.2.15:8774/1b09b300fd8d453b95b37c47a24c4c1a/servers/ff8de4e4-d41e-4d64-9565-6ab5e3b1fd1f", "rel": "bookmark"}], "key_name": "tempest-TestNetworkAdvancedServerOps-1966320032", "image": {"id": "62a49e71-6e57-441e-9e63-0fa3a1a3ea8d", "links": [{"href": "http://10.0.2.15:8774/1b09b300fd8d453b95b37c47a24c4c1a/images/62a49e71-6e57-441e-9e63-0fa3a1a3ea8d", "rel": "bookmark"}]}, "OS-EXT-STS:task_state": null, "OS-EXT-STS:vm_state": "active", "OS-SRV-USG:launched_at": "2015-12-22T23:21:14.000000", "flavor": {"id": "42", "links": [{"href": "http://10.0.2.15:8774/1b09b300fd8d453b95b37c47a24c4c1a/flavors/42", "rel": "bookmark"}]}, "id": "ff8de4e4-d41e-4d64-9565-6ab5e3b1fd1f", "security_groups": [{"name": "tempest-secgroup-smoke-938036825"}], "OS-SRV-USG:terminated_at": null, "OS-EXT-AZ:availability_zone": "nova", "user_id": "5b6637ab43df4515adf5cafda70f3c3b", "name": "tempest.common.compute-instance-800982316", "created": "2015-12-22T23:21:10Z", "tenant_id": "1b09b300fd8d453b95b37c47a24c4c1a", "OS-DCF:diskConfig": "MANUAL", "os-extended-volumes:volumes_attached": [], "accessIPv4": "", "accessIPv6": "", "progress": 0, "OS-EXT-STS:power_state": 1, "config_drive": "True", "metadata": {}}}
2015-12-22 23:21:15,463 21397 INFO     [tempest_lib.common.rest_client] Request (TestNetworkAdvancedServerOps:test_server_connectivity_pause_unpause): 200 GET http://10.0.2.15:9696/v2.0/ports?status=ACTIVE&amp;fixed_ip=None&amp;device_id=ff8de4e4-d41e-4d64-9565-6ab5e3b1fd1f 0.148s
2015-12-22 23:21:15,464 21397 DEBUG    [tempest_lib.common.rest_client] Request - Headers: {'Content-Type': 'application/json', 'Accept': 'application/json', 'X-Auth-Token': '&lt;omitted&gt;'}
        Body: None
    Response - Headers: {'status': '200', 'content-length': '895', 'content-location': 'http://10.0.2.15:9696/v2.0/ports?status=ACTIVE&amp;fixed_ip=None&amp;device_id=ff8de4e4-d41e-4d64-9565-6ab5e3b1fd1f', 'connection': 'close', 'date': 'Tue, 22 Dec 2015 23:21:15 GMT', 'content-type': 'application/json; charset=UTF-8', 'x-openstack-request-id': 'req-c32d5487-dfb4-4782-8eb3-afd732e81021'}
        Body: {"ports": [{"status": "ACTIVE", "binding:host_id": "vagrant-ubuntu-trusty-64", "allowed_address_pairs": [], "extra_dhcp_opts": [], "dns_assignment": [{"hostname": "host-10-100-0-3", "ip_address": "10.100.0.3", "fqdn": "host-10-100-0-3.openstacklocal."}], "device_owner": "compute:None", "port_security_enabled": true, "binding:profile": {}, "fixed_ips": [{"subnet_id": "9854709d-60b7-4413-b0ab-edcfc756ae27", "ip_address": "10.100.0.3"}], "id": "0fedfbb6-0972-49ee-b6d2-8ca4ca8d0b6e", "security_groups": ["57edabb5-44d8-4f06-bffb-e59ecd763123"], "device_id": "ff8de4e4-d41e-4d64-9565-6ab5e3b1fd1f", "name": "", "admin_state_up": true, "network_id": "5e0497f7-3972-4bfc-adc1-106f52c86762", "dns_name": "", "binding:vif_details": {"port_filter": true}, "binding:vnic_type": "normal", "binding:vif_type": "ovs", "tenant_id": "1b09b300fd8d453b95b37c47a24c4c1a", "mac_address": "fa:16:3e:eb:c5:ce"}]}
2015-12-22 23:21:16,078 21397 INFO     [tempest_lib.common.rest_client] Request (TestNetworkAdvancedServerOps:test_server_connectivity_pause_unpause): 201 POST http://10.0.2.15:9696/v2.0/floatingips 0.613s
2015-12-22 23:21:16,078 21397 DEBUG    [tempest_lib.common.rest_client] Request - Headers: {'Content-Type': 'application/json', 'Accept': 'application/json', 'X-Auth-Token': '&lt;omitted&gt;'}
        Body: {"floatingip": {"floating_network_id": "e78f2997-4737-4f28-9a2d-3aff201fe003", "tenant_id": "1b09b300fd8d453b95b37c47a24c4c1a", "fixed_ip_address": "10.100.0.3", "port_id": "0fedfbb6-0972-49ee-b6d2-8ca4ca8d0b6e"}}
    Response - Headers: {'status': '201', 'content-length': '367', 'connection': 'close', 'date': 'Tue, 22 Dec 2015 23:21:16 GMT', 'content-type': 'application/json; charset=UTF-8', 'x-openstack-request-id': 'req-57d47594-ae7e-436e-b076-4c676ceb2018'}
        Body: {"floatingip": {"floating_network_id": "e78f2997-4737-4f28-9a2d-3aff201fe003", "router_id": "137fabda-8da7-45c4-b365-eadb2d1d3fc5", "fixed_ip_address": "10.100.0.3", "floating_ip_address": "172.24.4.4", "tenant_id": "1b09b300fd8d453b95b37c47a24c4c1a", "status": "DOWN", "port_id": "0fedfbb6-0972-49ee-b6d2-8ca4ca8d0b6e", "id": "81b56a59-657a-4162-8703-e52011cd0e85"}}
2015-12-22 23:21:16,390 21397 INFO     [tempest_lib.common.rest_client] Request (TestNetworkAdvancedServerOps:test_server_connectivity_pause_unpause): 200 GET http://10.0.2.15:8774/v2.1/1b09b300fd8d453b95b37c47a24c4c1a/servers/ff8de4e4-d41e-4d64-9565-6ab5e3b1fd1f 0.311s
2015-12-22 23:21:16,390 21397 DEBUG    [tempest_lib.common.rest_client] Request - Headers: {'Content-Type': 'application/json', 'Accept': 'application/json', 'X-Auth-Token': '&lt;omitted&gt;'}
        Body: None
    Response - Headers: {'status': '200', 'content-length': '1661', 'content-location': 'http://10.0.2.15:8774/v2.1/1b09b300fd8d453b95b37c47a24c4c1a/servers/ff8de4e4-d41e-4d64-9565-6ab5e3b1fd1f', 'x-compute-request-id': 'req-6502aa5e-05ac-4e88-986a-96bab97cf3de', 'vary': 'X-OpenStack-Nova-API-Version', 'connection': 'close', 'x-openstack-nova-api-version': '2.1', 'date': 'Tue, 22 Dec 2015 23:21:16 GMT', 'content-type': 'application/json'}
        Body: {"server": {"status": "ACTIVE", "updated": "2015-12-22T23:21:14Z", "hostId": "35c8f25127fec3ac2a4732dfdd0087453e79be115dbe38cbc12f7662", "addresses": {"tempest-network-smoke--1923056354": [{"OS-EXT-IPS-MAC:mac_addr": "fa:16:3e:eb:c5:ce", "version": 4, "addr": "10.100.0.3", "OS-EXT-IPS:type": "fixed"}]}, "links": [{"href": "http://10.0.2.15:8774/v2.1/1b09b300fd8d453b95b37c47a24c4c1a/servers/ff8de4e4-d41e-4d64-9565-6ab5e3b1fd1f", "rel": "self"}, {"href": "http://10.0.2.15:8774/1b09b300fd8d453b95b37c47a24c4c1a/servers/ff8de4e4-d41e-4d64-9565-6ab5e3b1fd1f", "rel": "bookmark"}], "key_name": "tempest-TestNetworkAdvancedServerOps-1966320032", "image": {"id": "62a49e71-6e57-441e-9e63-0fa3a1a3ea8d", "links": [{"href": "http://10.0.2.15:8774/1b09b300fd8d453b95b37c47a24c4c1a/images/62a49e71-6e57-441e-9e63-0fa3a1a3ea8d", "rel": "bookmark"}]}, "OS-EXT-STS:task_state": null, "OS-EXT-STS:vm_state": "active", "OS-SRV-USG:launched_at": "2015-12-22T23:21:14.000000", "flavor": {"id": "42", "links": [{"href": "http://10.0.2.15:8774/1b09b300fd8d453b95b37c47a24c4c1a/flavors/42", "rel": "bookmark"}]}, "id": "ff8de4e4-d41e-4d64-9565-6ab5e3b1fd1f", "security_groups": [{"name": "tempest-secgroup-smoke-938036825"}], "OS-SRV-USG:terminated_at": null, "OS-EXT-AZ:availability_zone": "nova", "user_id": "5b6637ab43df4515adf5cafda70f3c3b", "name": "tempest.common.compute-instance-800982316", "created": "2015-12-22T23:21:10Z", "tenant_id": "1b09b300fd8d453b95b37c47a24c4c1a", "OS-DCF:diskConfig": "MANUAL", "os-extended-volumes:volumes_attached": [], "accessIPv4": "", "accessIPv6": "", "progress": 0, "OS-EXT-STS:power_state": 1, "config_drive": "True", "metadata": {}}}
2015-12-22 23:21:16,399 21397 INFO     [tempest.scenario.manager] Tenant networks not configured to be reachable.
2015-12-22 23:21:16,413 21397 INFO     [tempest_lib.common.rest_client] Request (TestNetworkAdvancedServerOps:test_server_connectivity_pause_unpause): 200 GET http://10.0.2.15:9696/v2.0/floatingips/81b56a59-657a-4162-8703-e52011cd0e85 0.014s
2015-12-22 23:21:16,413 21397 DEBUG    [tempest_lib.common.rest_client] Request - Headers: {'Content-Type': 'application/json', 'Accept': 'application/json', 'X-Auth-Token': '&lt;omitted&gt;'}
        Body: None
    Response - Headers: {'status': '200', 'content-length': '367', 'content-location': 'http://10.0.2.15:9696/v2.0/floatingips/81b56a59-657a-4162-8703-e52011cd0e85', 'connection': 'close', 'date': 'Tue, 22 Dec 2015 23:21:16 GMT', 'content-type': 'application/json; charset=UTF-8', 'x-openstack-request-id': 'req-76cba909-b974-49f3-adac-fbbfd1e37479'}
        Body: {"floatingip": {"floating_network_id": "e78f2997-4737-4f28-9a2d-3aff201fe003", "router_id": "137fabda-8da7-45c4-b365-eadb2d1d3fc5", "fixed_ip_address": "10.100.0.3", "floating_ip_address": "172.24.4.4", "tenant_id": "1b09b300fd8d453b95b37c47a24c4c1a", "status": "DOWN", "port_id": "0fedfbb6-0972-49ee-b6d2-8ca4ca8d0b6e", "id": "81b56a59-657a-4162-8703-e52011cd0e85"}}
2015-12-22 23:21:17,429 21397 INFO     [tempest_lib.common.rest_client] Request (TestNetworkAdvancedServerOps:test_server_connectivity_pause_unpause): 200 GET http://10.0.2.15:9696/v2.0/floatingips/81b56a59-657a-4162-8703-e52011cd0e85 0.013s
2015-12-22 23:21:17,429 21397 DEBUG    [tempest_lib.common.rest_client] Request - Headers: {'Content-Type': 'application/json', 'Accept': 'application/json', 'X-Auth-Token': '&lt;omitted&gt;'}
        Body: None
    Response - Headers: {'status': '200', 'content-length': '369', 'content-location': 'http://10.0.2.15:9696/v2.0/floatingips/81b56a59-657a-4162-8703-e52011cd0e85', 'connection': 'close', 'date': 'Tue, 22 Dec 2015 23:21:17 GMT', 'content-type': 'application/json; charset=UTF-8', 'x-openstack-request-id': 'req-60797bd4-1d3e-44db-8903-7acde7b843f0'}
        Body: {"floatingip": {"floating_network_id": "e78f2997-4737-4f28-9a2d-3aff201fe003", "router_id": "137fabda-8da7-45c4-b365-eadb2d1d3fc5", "fixed_ip_address": "10.100.0.3", "floating_ip_address": "172.24.4.4", "tenant_id": "1b09b300fd8d453b95b37c47a24c4c1a", "status": "ACTIVE", "port_id": "0fedfbb6-0972-49ee-b6d2-8ca4ca8d0b6e", "id": "81b56a59-657a-4162-8703-e52011cd0e85"}}
2015-12-22 23:21:17,429 21397 INFO     [tempest.scenario.manager] FloatingIP: &lt;"FloatingIP" addr="172.24.4.4" id="81b56a59-657a-4162-8703-e52011cd0e85"&gt; is at status: ACTIVE
2015-12-22 23:21:17,430 21397 DEBUG    [tempest.scenario.manager] checking network connections to IP 172.24.4.4 with user: cirros
2015-12-22 23:21:17,430 21397 DEBUG    [tempest.scenario.manager] TestNetworkAdvancedServerOps:test_server_connectivity_pause_unpause begins to ping 172.24.4.4 in 120 sec and the expected result is reachable
2015-12-22 23:23:18,727 21397 DEBUG    [tempest.scenario.manager] TestNetworkAdvancedServerOps:test_server_connectivity_pause_unpause finishes ping 172.24.4.4 in 120 sec and the ping result is unexpected
2015-12-22 23:23:18,729 21397 ERROR    [tempest.scenario.manager] Public network connectivity check failed
2015-12-22 23:23:18.729 21397 ERROR tempest.scenario.manager Traceback (most recent call last):
2015-12-22 23:23:18.729 21397 ERROR tempest.scenario.manager   File "tempest/scenario/manager.py", line 609, in check_public_network_connectivity
2015-12-22 23:23:18.729 21397 ERROR tempest.scenario.manager     should_connect=should_connect)
2015-12-22 23:23:18.729 21397 ERROR tempest.scenario.manager   File "tempest/scenario/manager.py", line 593, in check_vm_connectivity
2015-12-22 23:23:18.729 21397 ERROR tempest.scenario.manager     msg=msg)
2015-12-22 23:23:18.729 21397 ERROR tempest.scenario.manager   File "/usr/local/lib/python2.7/dist-packages/unittest2/case.py", line 702, in assertTrue
2015-12-22 23:23:18.729 21397 ERROR tempest.scenario.manager     raise self.failureException(msg)
2015-12-22 23:23:18.729 21397 ERROR tempest.scenario.manager AssertionError: False is not true : Timed out waiting for 172.24.4.4 to become reachable
2015-12-22 23:23:18.729 21397 ERROR tempest.scenario.manager 
2015-12-22 23:23:18,958 21397 INFO     [tempest_lib.common.rest_client] Request (TestNetworkAdvancedServerOps:test_server_connectivity_pause_unpause): 200 POST http://10.0.2.15:8774/v2.1/1b09b300fd8d453b95b37c47a24c4c1a/servers/ff8de4e4-d41e-4d64-9565-6ab5e3b1fd1f/action 0.225s
2015-12-22 23:23:18,958 21397 DEBUG    [tempest_lib.common.rest_client] Request - Headers: {'Content-Type': 'application/json', 'Accept': 'application/json', 'X-Auth-Token': '&lt;omitted&gt;'}
        Body: {"os-getConsoleOutput": {}}
    Response - Headers: {'status': '200', 'content-length': '17429', 'x-compute-request-id': 'req-2e7993d2-65de-4961-a9a8-6c170659a55e', 'vary': 'X-OpenStack-Nova-API-Version', 'connection': 'close', 'x-openstack-nova-api-version': '2.1', 'date': 'Tue, 22 Dec 2015 23:23:18 GMT', 'content-type': 'application/json'}
        Body: {"output": "[    0.000000] Initializing cgroup subsys cpuset\n[    0.000000] Initializing cgroup subsys cpu\n[    0.000000] Linux version 3.2.0-80-virtual (buildd@batsu) (gcc version 4.6.3 (Ubuntu/Linaro 4.6.3-1ubuntu5) ) #116-Ubuntu SMP Mon Mar 23 17:28:52 UTC 2015 (Ubuntu 3.2.0-80.116-virtual 3.2.68)\n[    0.000000] Command line: root=/dev/vda console=tty0 console=ttyS0 no_timer_check\n[    0.000000] KERNEL supported cpus:\n[    0.000000]   Intel GenuineIntel\n[    0.000000]   AMD AuthenticAMD\n[    0.000000]   Centaur CentaurHauls\n[    0.000000] BIOS-provided physical RAM map:\n[    0.000000]  BIOS-e820: 0000000000000000 - 000000000009fc00 (usable)\n[    0.000000]  BIOS-e820: 000000000009fc00 - 00000000000a0000 (reserved)\n[    0.000000]  BIOS-e820: 00000000000f0000 - 0000000000100000 (reserved)\n[    0.000000]  BIOS-e820: 0000000000100000 - 0000000003ffe000 (usable)\n[    0.000000]  BIOS-e820: 0000000003ffe000 - 0000000004000000 (reserved)\n[    0.000000]  BIOS-e820: 00000000fffc0000 - 0000000100000000 (reserved)\n[    0.000000] NX (Execute Disable) protection: active\n[    0.000000] SMBIOS 2.4 present.\n[    0.000000] No AGP bridge found\n[    0.000000] last_pfn = 0x3ffe max_arch_pfn = 0x400000000\n[    0.000000] x86 PAT enabled: cpu 0, old 0x7040600070406, new 0x7010600070106\n[    0.000000] found SMP MP-table at [ffff8800000f0b00] f0b00\n[    0.000000] init_memory_mapping: 0000000000000000-0000000003ffe000\n[    0.000000] RAMDISK: 03c5e000 - 03ff0000\n[    0.000000] ACPI: RSDP 00000000000f0950 00014 (v00 BOCHS )\n[    0.000000] ACPI: RSDT 0000000003fffbc1 00034 (v01 BOCHS  BXPCRSDT 00000001 BXPC 00000001)\n[    0.000000] ACPI: FACP 0000000003fff1c0 00074 (v01 BOCHS  BXPCFACP 00000001 BXPC 00000001)\n[    0.000000] ACPI: DSDT 0000000003ffe040 01180 (v01 BOCHS  BXPCDSDT 00000001 BXPC 00000001)\n[    0.000000] ACPI: FACS 0000000003ffe000 00040\n[    0.000000] ACPI: SSDT 0000000003fff234 008DD (v01 BOCHS  BXPCSSDT 00000001 BXPC 00000001)\n[    0.000000] ACPI: APIC 0000000003fffb11 00078 (v01 BOCHS  BXPCAPIC 00000001 BXPC 00000001)\n[    0.000000] ACPI: HPET 0000000003fffb89 00038 (v01 BOCHS  BXPCHPET 00000001 BXPC 00000001)\n[    0.000000] No NUMA configuration found\n[    0.000000] Faking a node at 0000000000000000-0000000003ffe000\n[    0.000000] Initmem setup node 0 0000000000000000-0000000003ffe000\n[    0.000000]   NODE_DATA [0000000003ff6000 - 0000000003ffafff]\n[    0.000000] Zone PFN ranges:\n[    0.000000]   DMA      0x00000010 -&gt; 0x00001000\n[    0.000000]   DMA32    0x00001000 -&gt; 0x00100000\n[    0.000000]   Normal   empty\n[    0.000000] Movable zone start PFN for each node\n[    0.000000] early_node_map[2] active PFN ranges\n[    0.000000]     0: 0x00000010 -&gt; 0x0000009f\n[    0.000000]     0: 0x00000100 -&gt; 0x00003ffe\n[    0.000000] ACPI: PM-Timer IO Port: 0xb008\n[    0.000000] ACPI: LAPIC (acpi_id[0x00] lapic_id[0x00] enabled)\n[    0.000000] ACPI: LAPIC_NMI (acpi_id[0xff] dfl dfl lint[0x1])\n[    0.000000] ACPI: IOAPIC (id[0x00] address[0xfec00000] gsi_base[0])\n[    0.000000] IOAPIC[0]: apic_id 0, version 17, address 0xfec00000, GSI 0-23\n[    0.000000] ACPI: INT_SRC_OVR (bus 0 bus_irq 0 global_irq 2 dfl dfl)\n[    0.000000] ACPI: INT_SRC_OVR (bus 0 bus_irq 5 global_irq 5 high level)\n[    0.000000] ACPI: INT_SRC_OVR (bus 0 bus_irq 9 global_irq 9 high level)\n[    0.000000] ACPI: INT_SRC_OVR (bus 0 bus_irq 10 global_irq 10 high level)\n[    0.000000] ACPI: INT_SRC_OVR (bus 0 bus_irq 11 global_irq 11 high level)\n[    0.000000] Using ACPI (MADT) for SMP configuration information\n[    0.000000] ACPI: HPET id: 0x8086a201 base: 0xfed00000\n[    0.000000] SMP: Allowing 1 CPUs, 0 hotplug CPUs\n[    0.000000] PM: Registered nosave memory: 000000000009f000 - 00000000000a0000\n[    0.000000] PM: Registered nosave memory: 00000000000a0000 - 00000000000f0000\n[    0.000000] PM: Registered nosave memory: 00000000000f0000 - 0000000000100000\n[    0.000000] Allocating PCI resources starting at 4000000 (gap: 4000000:fbfc0000)\n[    0.000000] Booting paravirtualized kernel on bare hardware\n[    0.000000] setup_pe
2015-12-22 23:23:18,960 21397 DEBUG    [tempest.scenario.manager] Console output for ff8de4e4-d41e-4d64-9565-6ab5e3b1fd1f
body=
[    0.000000] Initializing cgroup subsys cpuset
[    0.000000] Initializing cgroup subsys cpu
[    0.000000] Linux version 3.2.0-80-virtual (buildd@batsu) (gcc version 4.6.3 (Ubuntu/Linaro 4.6.3-1ubuntu5) ) #116-Ubuntu SMP Mon Mar 23 17:28:52 UTC 2015 (Ubuntu 3.2.0-80.116-virtual 3.2.68)
[    0.000000] Command line: root=/dev/vda console=tty0 console=ttyS0 no_timer_check
[    0.000000] KERNEL supported cpus:
[    0.000000]   Intel GenuineIntel
[    0.000000]   AMD AuthenticAMD
[    0.000000]   Centaur CentaurHauls
[    0.000000] BIOS-provided physical RAM map:
[    0.000000]  BIOS-e820: 0000000000000000 - 000000000009fc00 (usable)
[    0.000000]  BIOS-e820: 000000000009fc00 - 00000000000a0000 (reserved)
[    0.000000]  BIOS-e820: 00000000000f0000 - 0000000000100000 (reserved)
[    0.000000]  BIOS-e820: 0000000000100000 - 0000000003ffe000 (usable)
[    0.000000]  BIOS-e820: 0000000003ffe000 - 0000000004000000 (reserved)
[    0.000000]  BIOS-e820: 00000000fffc0000 - 0000000100000000 (reserved)
[    0.000000] NX (Execute Disable) protection: active
[    0.000000] SMBIOS 2.4 present.
[    0.000000] No AGP bridge found
[    0.000000] last_pfn = 0x3ffe max_arch_pfn = 0x400000000
[    0.000000] x86 PAT enabled: cpu 0, old 0x7040600070406, new 0x7010600070106
[    0.000000] found SMP MP-table at [ffff8800000f0b00] f0b00
[    0.000000] init_memory_mapping: 0000000000000000-0000000003ffe000
[    0.000000] RAMDISK: 03c5e000 - 03ff0000
[    0.000000] ACPI: RSDP 00000000000f0950 00014 (v00 BOCHS )
[    0.000000] ACPI: RSDT 0000000003fffbc1 00034 (v01 BOCHS  BXPCRSDT 00000001 BXPC 00000001)
[    0.000000] ACPI: FACP 0000000003fff1c0 00074 (v01 BOCHS  BXPCFACP 00000001 BXPC 00000001)
[    0.000000] ACPI: DSDT 0000000003ffe040 01180 (v01 BOCHS  BXPCDSDT 00000001 BXPC 00000001)
[    0.000000] ACPI: FACS 0000000003ffe000 00040
[    0.000000] ACPI: SSDT 0000000003fff234 008DD (v01 BOCHS  BXPCSSDT 00000001 BXPC 00000001)
[    0.000000] ACPI: APIC 0000000003fffb11 00078 (v01 BOCHS  BXPCAPIC 00000001 BXPC 00000001)
[    0.000000] ACPI: HPET 0000000003fffb89 00038 (v01 BOCHS  BXPCHPET 00000001 BXPC 00000001)
[    0.000000] No NUMA configuration found
[    0.000000] Faking a node at 0000000000000000-0000000003ffe000
[    0.000000] Initmem setup node 0 0000000000000000-0000000003ffe000
[    0.000000]   NODE_DATA [0000000003ff6000 - 0000000003ffafff]
[    0.000000] Zone PFN ranges:
[    0.000000]   DMA      0x00000010 -&gt; 0x00001000
[    0.000000]   DMA32    0x00001000 -&gt; 0x00100000
[    0.000000]   Normal   empty
[    0.000000] Movable zone start PFN for each node
[    0.000000] early_node_map[2] active PFN ranges
[    0.000000]     0: 0x00000010 -&gt; 0x0000009f
[    0.000000]     0: 0x00000100 -&gt; 0x00003ffe
[    0.000000] ACPI: PM-Timer IO Port: 0xb008
[    0.000000] ACPI: LAPIC (acpi_id[0x00] lapic_id[0x00] enabled)
[    0.000000] ACPI: LAPIC_NMI (acpi_id[0xff] dfl dfl lint[0x1])
[    0.000000] ACPI: IOAPIC (id[0x00] address[0xfec00000] gsi_base[0])
[    0.000000] IOAPIC[0]: apic_id 0, version 17, address 0xfec00000, GSI 0-23
[    0.000000] ACPI: INT_SRC_OVR (bus 0 bus_irq 0 global_irq 2 dfl dfl)
[    0.000000] ACPI: INT_SRC_OVR (bus 0 bus_irq 5 global_irq 5 high level)
[    0.000000] ACPI: INT_SRC_OVR (bus 0 bus_irq 9 global_irq 9 high level)
[    0.000000] ACPI: INT_SRC_OVR (bus 0 bus_irq 10 global_irq 10 high level)
[    0.000000] ACPI: INT_SRC_OVR (bus 0 bus_irq 11 global_irq 11 high level)
[    0.000000] Using ACPI (MADT) for SMP configuration information
[    0.000000] ACPI: HPET id: 0x8086a201 base: 0xfed00000
[    0.000000] SMP: Allowing 1 CPUs, 0 hotplug CPUs
[    0.000000] PM: Registered nosave memory: 000000000009f000 - 00000000000a0000
[    0.000000] PM: Registered nosave memory: 00000000000a0000 - 00000000000f0000
[    0.000000] PM: Registered nosave memory: 00000000000f0000 - 0000000000100000
[    0.000000] Allocating PCI resources starting at 4000000 (gap: 4000000:fbfc0000)
[    0.000000] Booting paravirtualized kernel on bare hardware
[    0.000000] setup_percpu: NR_CPUS:64 nr_cpumask_bits:64 nr_cpu_ids:1 nr_node_ids:1
[    0.000000] PERCPU: Embedded 27 pages/cpu @ffff880003a00000 s78848 r8192 d23552 u2097152
[    0.000000] Built 1 zonelists in Node order, mobility grouping on.  Total pages: 16008
[    0.000000] Policy zone: DMA32
[    0.000000] Kernel command line: root=/dev/vda console=tty0 console=ttyS0 no_timer_check
[    0.000000] PID hash table entries: 256 (order: -1, 2048 bytes)
[    0.000000] Checking aperture...
[    0.000000] No AGP bridge found
[    0.000000] Memory: 43492k/65528k available (6576k kernel code, 452k absent, 21584k reserved, 6620k data, 928k init)
[    0.000000] SLUB: Genslabs=15, HWalign=64, Order=0-3, MinObjects=0, CPUs=1, Nodes=1
[    0.000000] Hierarchical RCU implementation.
[    0.000000] 	RCU dyntick-idle grace-period acceleration is enabled.
[    0.000000] NR_IRQS:4352 nr_irqs:256 16
[    0.000000] Console: colour VGA+ 80x25
[    0.000000] console [tty0] enabled
[    0.000000] console [ttyS0] enabled
[    0.000000] allocated 1048576 bytes of page_cgroup
[    0.000000] please try 'cgroup_disable=memory' option if you don't want memory cgroups
[    0.000000] Fast TSC calibration failed
[    0.000000] TSC: Unable to calibrate against PIT
[    0.000000] TSC: using HPET reference calibration
[    0.000000] Detected 2295.446 MHz processor.
[    0.036688] Calibrating delay loop (skipped), value calculated using timer frequency.. 4590.89 BogoMIPS (lpj=9181784)
[    0.040926] pid_max: default: 32768 minimum: 301
[    0.048637] Security Framework initialized
[    0.052958] AppArmor: AppArmor initialized
[    0.053615] Yama: becoming mindful.
[    0.060812] Dentry cache hash table entries: 8192 (order: 4, 65536 bytes)
[    0.062772] Inode-cache hash table entries: 4096 (order: 3, 32768 bytes)
[    0.064816] Mount-cache hash table entries: 256
[    0.082694] Initializing cgroup subsys cpuacct
[    0.084259] Initializing cgroup subsys memory
[    0.085769] Initializing cgroup subsys devices
[    0.086494] Initializing cgroup subsys freezer
[    0.087173] Initializing cgroup subsys blkio
[    0.088188] Initializing cgroup subsys perf_event
[    0.092078] mce: CPU supports 10 MCE banks
[    0.096444] SMP alternatives: switching to UP code
[    0.501188] Freeing SMP alternatives: 24k freed
[    0.502890] ACPI: Core revision 20110623
[    0.547224] ftrace: allocating 26610 entries in 105 pages
[    0.582667] ..TIMER: vector=0x30 apic1=0 pin1=2 apic2=-1 pin2=-1
[    0.584154] CPU0: AMD QEMU Virtual CPU version 2.0.0 stepping 03
[    0.588036] Performance Events: Broken PMU hardware detected, using software events only.
[    0.596322] NMI watchdog disabled (cpu0): hardware events not enabled
[    0.597937] Brought up 1 CPUs
[    0.598482] Total of 1 processors activated (4590.89 BogoMIPS).
[    0.621014] devtmpfs: initialized
[    0.650683] EVM: security.selinux
[    0.651202] EVM: security.SMACK64
[    0.652081] EVM: security.capability
[    0.677171] print_constraints: dummy: 
[    0.678906] RTC time: 23:21:18, date: 12/22/15
[    0.682545] NET: Registered protocol family 16
[    0.690800] ACPI: bus type pci registered
[    0.694048] PCI: Using configuration type 1 for base access
[    0.730398] bio: create slab &lt;bio-0&gt; at 0
[    0.735037] ACPI: Added _OSI(Module Device)
[    0.736141] ACPI: Added _OSI(Processor Device)
[    0.736812] ACPI: Added _OSI(3.0 _SCP Extensions)
[    0.737458] ACPI: Added _OSI(Processor Aggregator Device)
[    0.812387] ACPI: Interpreter enabled
[    0.813054] ACPI: (supports S0 S3 S4 S5)
[    0.814681] ACPI: Using IOAPIC for interrupt routing
[    0.880524] ACPI: No dock devices found.
[    0.881193] HEST: Table not found.
[    0.881957] PCI: Using host bridge windows from ACPI; if necessary, use "pci=nocrs" and report a bug
[    0.888474] ACPI: PCI Root Bridge [PCI0] (domain 0000 [bus 00-ff])
[    0.893832] pci_root PNP0A03:00: host bridge window [io  0x0000-0x0cf7]
[    0.896171] pci_root PNP0A03:00: host bridge window [io  0x0d00-0xadff]
[    0.897123] pci_root PNP0A03:00: host bridge window [io  0xae0f-0xaeff]
[    0.897973] pci_root PNP0A03:00: host bridge window [io  0xaf20-0xafdf]
[    0.898830] pci_root PNP0A03:00: host bridge window [io  0xafe4-0xffff]
[    0.900091] pci_root PNP0A03:00: host bridge window [mem 0x000a0000-0x000bffff]
[    0.901144] pci_root PNP0A03:00: host bridge window [mem 0x04000000-0xfebfffff]
[    0.922944] pci 0000:00:01.3: quirk: [io  0xb000-0xb03f] claimed by PIIX4 ACPI
[    0.924174] pci 0000:00:01.3: quirk: [io  0xb100-0xb10f] claimed by PIIX4 SMB
[    0.996882]  pci0000:00: Unable to request _OSC control (_OSC support mask: 0x1e)
[    1.058305] ACPI: PCI Interrupt Link [LNKA] (IRQs 5 *10 11)
[    1.062108] ACPI: PCI Interrupt Link [LNKB] (IRQs 5 *10 11)
[    1.063075] ACPI: PCI Interrupt Link [LNKC] (IRQs 5 10 *11)
[    1.065222] ACPI: PCI Interrupt Link [LNKD] (IRQs 5 10 *11)
[    1.068320] ACPI: PCI Interrupt Link [LNKS] (IRQs *9)
[    1.072965] vgaarb: device added: PCI:0000:00:02.0,decodes=io+mem,owns=io+mem,locks=none
[    1.073905] vgaarb: loaded
[    1.074370] vgaarb: bridge control possible 0000:00:02.0
[    1.080501] i2c-core: driver [aat2870] using legacy suspend method
[    1.081507] i2c-core: driver [aat2870] using legacy resume method
[    1.083434] SCSI subsystem initialized
[    1.086996] usbcore: registered new interface driver usbfs
[    1.088603] usbcore: registered new interface driver hub
[    1.089830] usbcore: registered new device driver usb
[    1.094317] PCI: Using ACPI for IRQ routing
[    1.106077] NetLabel: Initializing
[    1.106805] NetLabel:  domain hash size = 128
[    1.107296] NetLabel:  protocols = UNLABELED CIPSOv4
[    1.109431] NetLabel:  unlabeled traffic allowed by default
[    1.111350] HPET: 3 timers in total, 0 timers will be used for per-cpu timer
[    1.112384] hpet0: at MMIO 0xfed00000, IRQs 2, 8, 0
[    1.114015] hpet0: 3 comparators, 64-bit 100.000000 MHz counter
[    1.126014] Switching to clocksource hpet
[    1.366134] AppArmor: AppArmor Filesystem Enabled
[    1.367545] pnp: PnP ACPI init
[    1.369275] ACPI: bus type pnp registered
[    1.389521] pnp: PnP ACPI: found 9 devices
[    1.390096] ACPI: ACPI bus type pnp unregistered
[    1.444097] NET: Registered protocol family 2
[    1.476082] IP route cache hash table entries: 512 (order: 0, 4096 bytes)
[    1.486100] TCP established hash table entries: 2048 (order: 3, 32768 bytes)
[    1.487604] TCP bind hash table entries: 2048 (order: 3, 32768 bytes)
[    1.489258] TCP: Hash tables configured (established 2048 bind 2048)
[    1.490019] TCP reno registered
[    1.490540] UDP hash table entries: 128 (order: 0, 4096 bytes)
[    1.491548] UDP-Lite hash table entries: 128 (order: 0, 4096 bytes)
[    1.495525] NET: Registered protocol family 1
[    1.496689] pci 0000:00:00.0: Limiting direct PCI/PCI transfers
[    1.498060] pci 0000:00:01.0: PIIX3: Enabling Passive Release
[    1.498969] pci 0000:00:01.0: Activating ISA DMA hang workarounds
[    1.508679] ACPI: PCI Interrupt Link [LNKD] enabled at IRQ 11
[    1.511283] pci 0000:00:01.2: PCI INT D -&gt; Link[LNKD] -&gt; GSI 11 (level, high) -&gt; IRQ 11
[    1.514983] pci 0000:00:01.2: PCI INT D disabled
[    1.545573] Trying to unpack rootfs image as initramfs...
[    1.566504] audit: initializing netlink socket (disabled)
[    1.567943] type=2000 audit(1450826478.564:1): initialized
[    1.891531] HugeTLB registered 2 MB page size, pre-allocated 0 pages
[    1.963129] VFS: Disk quotas dquot_6.5.2
[    1.965840] Dquot-cache hash table entries: 512 (order 0, 4096 bytes)
[    1.990721] fuse init (API version 7.17)
[    1.994395] msgmni has been set to 84
[    2.027297] Block layer SCSI generic (bsg) driver version 0.4 loaded (major 253)
[    2.029864] io scheduler noop registered
[    2.030404] io scheduler deadline registered (default)
[    2.031605] io scheduler cfq registered
[    2.036089] pci_hotplug: PCI Hot Plug PCI Core version: 0.5
[    2.038837] pciehp: PCI Express Hot Plug Controller Driver version: 0.4
[    2.044539] input: Power Button as /devices/LNXSYSTM:00/LNXPWRBN:00/input/input0
[    2.046544] ACPI: Power Button [PWRF]
[    2.102817] ERST: Table is not found!
[    2.103418] GHES: HEST is not enabled!
[    2.114901] ACPI: PCI Interrupt Link [LNKC] enabled at IRQ 10
[    2.115736] virtio-pci 0000:00:03.0: PCI INT A -&gt; Link[LNKC] -&gt; GSI 10 (level, high) -&gt; IRQ 10
[    2.119594] virtio-pci 0000:00:04.0: PCI INT A -&gt; Link[LNKD] -&gt; GSI 11 (level, high) -&gt; IRQ 11
[    2.130908] ACPI: PCI Interrupt Link [LNKA] enabled at IRQ 10
[    2.131729] virtio-pci 0000:00:05.0: PCI INT A -&gt; Link[LNKA] -&gt; GSI 10 (level, high) -&gt; IRQ 10
[    2.145701] Serial: 8250/16550 driver, 32 ports, IRQ sharing enabled
[    2.185229] serial8250: ttyS0 at I/O 0x3f8 (irq = 4) is a 16550A
[    2.264939] serial8250: ttyS1 at I/O 0x2f8 (irq = 3) is a 16550A
[    2.399998] 00:05: ttyS0 at I/O 0x3f8 (irq = 4) is a 16550A
[    2.487554] 00:06: ttyS1 at I/O 0x2f8 (irq = 3) is a 16550A
[    2.526683] Refined TSC clocksource calibration: 2295.520 MHz.
[    2.527512] Switching to clocksource tsc
[    2.542337] Linux agpgart interface v0.103
[    2.609371] brd: module loaded
[    2.634867] loop: module loaded
[    2.689207]  vda: unknown partition table
[    2.745413] scsi0 : ata_piix
[    2.747041] scsi1 : ata_piix
[    2.749327] ata1: PATA max MWDMA2 cmd 0x1f0 ctl 0x3f6 bmdma 0xc0a0 irq 14
[    2.750245] ata2: PATA max MWDMA2 cmd 0x170 ctl 0x376 bmdma 0xc0a8 irq 15
[    2.759745] Fixed MDIO Bus: probed
[    2.761659] tun: Universal TUN/TAP device driver, 1.6
[    2.762290] tun: (C) 1999-2004 Max Krasnyansky &lt;maxk@qualcomm.com&gt;
[    2.774965] PPP generic driver version 2.4.2
[    2.807984] ehci_hcd: USB 2.0 'Enhanced' Host Controller (EHCI) Driver
[    2.809778] ohci_hcd: USB 1.1 'Open' Host Controller (OHCI) Driver
[    2.810655] uhci_hcd: USB Universal Host Controller Interface driver
[    2.811722] uhci_hcd 0000:00:01.2: PCI INT D -&gt; Link[LNKD] -&gt; GSI 11 (level, high) -&gt; IRQ 11
[    2.814831] uhci_hcd 0000:00:01.2: UHCI Host Controller
[    2.827003] uhci_hcd 0000:00:01.2: new USB bus registered, assigned bus number 1
[    2.829900] uhci_hcd 0000:00:01.2: irq 11, io base 0x0000c040
[    2.868730] hub 1-0:1.0: USB hub found
[    2.871775] hub 1-0:1.0: 2 ports detected
[    2.883479] usbcore: registered new interface driver libusual
[    2.889274] i8042: PNP: PS/2 Controller [PNP0303:KBD,PNP0f13:MOU] at 0x60,0x64 irq 1,12
[    2.905433] serio: i8042 KBD port at 0x60,0x64 irq 1
[    2.907782] serio: i8042 AUX port at 0x60,0x64 irq 12
[    2.971068] ata2.01: ATAPI: QEMU DVD-ROM, 2.0.0, max UDMA/100
[    2.991822] ata2.01: configured for MWDMA2
[    3.000710] mousedev: PS/2 mouse device common for all mice
[    3.023920] rtc_cmos 00:01: RTC can wake from S4
[    3.039610] input: AT Translated Set 2 keyboard as /devices/platform/i8042/serio0/input/input1
[    3.047771] scsi 1:0:1:0: CD-ROM            QEMU     QEMU DVD-ROM     2.0. PQ: 0 ANSI: 5
[    3.077623] rtc_cmos 00:01: rtc core: registered rtc_cmos as rtc0
[    3.081863] rtc0: alarms up to one day, 114 bytes nvram, hpet irqs
[    3.086742] device-mapper: uevent: version 1.0.3
[    3.105879] sr0: scsi3-mmc drive: 4x/4x cd/rw xa/form2 tray
[    3.107491] cdrom: Uniform CD-ROM driver Revision: 3.20
[    3.123669] sr 1:0:1:0: Attached scsi generic sg0 type 5
[    3.131412] device-mapper: ioctl: 4.22.0-ioctl (2011-10-19) initialised: dm-devel@redhat.com
[    3.134552] cpuidle: using governor ladder
[    3.135704] cpuidle: using governor menu
[    3.137212] EFI Variables Facility v0.08 2004-May-17
[    3.145125] TCP cubic registered
[    3.149272] NET: Registered protocol family 10
[    3.183796] NET: Registered protocol family 17
[    3.185077] Registering the dns_resolver key type
[    3.240793] Freeing initrd memory: 3656k freed
[    3.262187] registered taskstats version 1
[    3.782391]   Magic number: 11:953:403
[    3.791641] rtc_cmos 00:01: setting system clock to 2015-12-22 23:21:21 UTC (1450826481)
[    3.793149] powernow-k8: Processor cpuid 663 not supported
[    3.800666] BIOS EDD facility v0.16 2004-Jun-25, 0 devices found
[    3.801416] EDD information not available.
[    3.874632] Freeing unused kernel memory: 928k freed
[    3.880459] Write protecting the kernel read-only data: 12288k
[    3.995115] Freeing unused kernel memory: 1596k freed
[    4.109026] Freeing unused kernel memory: 1184k freed

info: initramfs: up at 4.30
modprobe: module virtio_blk not found in modules.dep
modprobe: module virtio_net not found in modules.dep
info: copying initramfs to /dev/vda
info: initramfs loading root from /dev/vda
info: /etc/init.d/rc.sysinit: up at 8.90
info: container: none
Starting logging: OK
modprobe: module virtio_blk not found in modules.dep
modprobe: module virtio_net not found in modules.dep
WARN: /etc/rc3.d/S10-load-modules failed
Initializing random number generator... done.
Starting acpid: OK
cirros-ds 'local' up at 11.35
found datasource (configdrive, local)
Starting network...
udhcpc (v1.20.1) started
Sending discover...
Sending discover...

2015-12-22 23:23:19,240 21397 INFO     [tempest_lib.common.rest_client] Request (TestNetworkAdvancedServerOps:_run_cleanups): 204 DELETE http://10.0.2.15:9696/v2.0/floatingips/81b56a59-657a-4162-8703-e52011cd0e85 0.275s
2015-12-22 23:23:19,240 21397 DEBUG    [tempest_lib.common.rest_client] Request - Headers: {'Content-Type': 'application/json', 'Accept': 'application/json', 'X-Auth-Token': '&lt;omitted&gt;'}
        Body: None
    Response - Headers: {'date': 'Tue, 22 Dec 2015 23:23:19 GMT', 'status': '204', 'connection': 'close', 'content-length': '0', 'x-openstack-request-id': 'req-bc3e85cc-07bb-4feb-a711-722599350c67'}
        Body: 
2015-12-22 23:23:19,457 21397 INFO     [tempest_lib.common.rest_client] Request (TestNetworkAdvancedServerOps:_run_cleanups): 204 DELETE http://10.0.2.15:8774/v2.1/1b09b300fd8d453b95b37c47a24c4c1a/servers/ff8de4e4-d41e-4d64-9565-6ab5e3b1fd1f 0.216s
2015-12-22 23:23:19,458 21397 DEBUG    [tempest_lib.common.rest_client] Request - Headers: {'Content-Type': 'application/json', 'Accept': 'application/json', 'X-Auth-Token': '&lt;omitted&gt;'}
        Body: None
    Response - Headers: {'status': '204', 'content-length': '0', 'x-compute-request-id': 'req-34448c50-e423-4315-b9d4-7f3a342d95bc', 'vary': 'X-OpenStack-Nova-API-Version', 'connection': 'close', 'x-openstack-nova-api-version': '2.1', 'date': 'Tue, 22 Dec 2015 23:23:19 GMT', 'content-type': 'application/json'}
        Body: 
2015-12-22 23:23:19,680 21397 INFO     [tempest_lib.common.rest_client] Request (TestNetworkAdvancedServerOps:_run_cleanups): 200 GET http://10.0.2.15:8774/v2.1/1b09b300fd8d453b95b37c47a24c4c1a/servers/ff8de4e4-d41e-4d64-9565-6ab5e3b1fd1f 0.221s
2015-12-22 23:23:19,680 21397 DEBUG    [tempest_lib.common.rest_client] Request - Headers: {'Content-Type': 'application/json', 'Accept': 'application/json', 'X-Auth-Token': '&lt;omitted&gt;'}
        Body: None
    Response - Headers: {'status': '200', 'content-length': '1784', 'content-location': 'http://10.0.2.15:8774/v2.1/1b09b300fd8d453b95b37c47a24c4c1a/servers/ff8de4e4-d41e-4d64-9565-6ab5e3b1fd1f', 'x-compute-request-id': 'req-ef9a1fb7-fef9-4f34-b5fc-7203cabdedd0', 'vary': 'X-OpenStack-Nova-API-Version', 'connection': 'close', 'x-openstack-nova-api-version': '2.1', 'date': 'Tue, 22 Dec 2015 23:23:19 GMT', 'content-type': 'application/json'}
        Body: {"server": {"status": "ACTIVE", "updated": "2015-12-22T23:23:19Z", "hostId": "35c8f25127fec3ac2a4732dfdd0087453e79be115dbe38cbc12f7662", "addresses": {"tempest-network-smoke--1923056354": [{"OS-EXT-IPS-MAC:mac_addr": "fa:16:3e:eb:c5:ce", "version": 4, "addr": "10.100.0.3", "OS-EXT-IPS:type": "fixed"}, {"OS-EXT-IPS-MAC:mac_addr": "fa:16:3e:eb:c5:ce", "version": 4, "addr": "172.24.4.4", "OS-EXT-IPS:type": "floating"}]}, "links": [{"href": "http://10.0.2.15:8774/v2.1/1b09b300fd8d453b95b37c47a24c4c1a/servers/ff8de4e4-d41e-4d64-9565-6ab5e3b1fd1f", "rel": "self"}, {"href": "http://10.0.2.15:8774/1b09b300fd8d453b95b37c47a24c4c1a/servers/ff8de4e4-d41e-4d64-9565-6ab5e3b1fd1f", "rel": "bookmark"}], "key_name": "tempest-TestNetworkAdvancedServerOps-1966320032", "image": {"id": "62a49e71-6e57-441e-9e63-0fa3a1a3ea8d", "links": [{"href": "http://10.0.2.15:8774/1b09b300fd8d453b95b37c47a24c4c1a/images/62a49e71-6e57-441e-9e63-0fa3a1a3ea8d", "rel": "bookmark"}]}, "OS-EXT-STS:task_state": "deleting", "OS-EXT-STS:vm_state": "active", "OS-SRV-USG:launched_at": "2015-12-22T23:21:14.000000", "flavor": {"id": "42", "links": [{"href": "http://10.0.2.15:8774/1b09b300fd8d453b95b37c47a24c4c1a/flavors/42", "rel": "bookmark"}]}, "id": "ff8de4e4-d41e-4d64-9565-6ab5e3b1fd1f", "security_groups": [{"name": "tempest-secgroup-smoke-938036825"}], "OS-SRV-USG:terminated_at": null, "OS-EXT-AZ:availability_zone": "nova", "user_id": "5b6637ab43df4515adf5cafda70f3c3b", "name": "tempest.common.compute-instance-800982316", "created": "2015-12-22T23:21:10Z", "tenant_id": "1b09b300fd8d453b95b37c47a24c4c1a", "OS-DCF:diskConfig": "MANUAL", "os-extended-volumes:volumes_attached": [], "accessIPv4": "", "accessIPv6": "", "progress": 0, "OS-EXT-STS:power_state": 1, "config_drive": "True", "metadata": {}}}
2015-12-22 23:23:20,819 21397 INFO     [tempest_lib.common.rest_client] Request (TestNetworkAdvancedServerOps:_run_cleanups): 200 GET http://10.0.2.15:8774/v2.1/1b09b300fd8d453b95b37c47a24c4c1a/servers/ff8de4e4-d41e-4d64-9565-6ab5e3b1fd1f 0.126s
2015-12-22 23:23:20,819 21397 DEBUG    [tempest_lib.common.rest_client] Request - Headers: {'Content-Type': 'application/json', 'Accept': 'application/json', 'X-Auth-Token': '&lt;omitted&gt;'}
        Body: None
    Response - Headers: {'status': '200', 'content-length': '1449', 'content-location': 'http://10.0.2.15:8774/v2.1/1b09b300fd8d453b95b37c47a24c4c1a/servers/ff8de4e4-d41e-4d64-9565-6ab5e3b1fd1f', 'x-compute-request-id': 'req-d83867cc-2fa5-49c9-9e82-9e5e0c735696', 'vary': 'X-OpenStack-Nova-API-Version', 'connection': 'close', 'x-openstack-nova-api-version': '2.1', 'date': 'Tue, 22 Dec 2015 23:23:20 GMT', 'content-type': 'application/json'}
        Body: {"server": {"status": "ACTIVE", "updated": "2015-12-22T23:23:20Z", "hostId": "35c8f25127fec3ac2a4732dfdd0087453e79be115dbe38cbc12f7662", "addresses": {}, "links": [{"href": "http://10.0.2.15:8774/v2.1/1b09b300fd8d453b95b37c47a24c4c1a/servers/ff8de4e4-d41e-4d64-9565-6ab5e3b1fd1f", "rel": "self"}, {"href": "http://10.0.2.15:8774/1b09b300fd8d453b95b37c47a24c4c1a/servers/ff8de4e4-d41e-4d64-9565-6ab5e3b1fd1f", "rel": "bookmark"}], "key_name": "tempest-TestNetworkAdvancedServerOps-1966320032", "image": {"id": "62a49e71-6e57-441e-9e63-0fa3a1a3ea8d", "links": [{"href": "http://10.0.2.15:8774/1b09b300fd8d453b95b37c47a24c4c1a/images/62a49e71-6e57-441e-9e63-0fa3a1a3ea8d", "rel": "bookmark"}]}, "OS-EXT-STS:task_state": "deleting", "OS-EXT-STS:vm_state": "active", "OS-SRV-USG:launched_at": "2015-12-22T23:21:14.000000", "flavor": {"id": "42", "links": [{"href": "http://10.0.2.15:8774/1b09b300fd8d453b95b37c47a24c4c1a/flavors/42", "rel": "bookmark"}]}, "id": "ff8de4e4-d41e-4d64-9565-6ab5e3b1fd1f", "OS-SRV-USG:terminated_at": null, "OS-EXT-AZ:availability_zone": "nova", "user_id": "5b6637ab43df4515adf5cafda70f3c3b", "name": "tempest.common.compute-instance-800982316", "created": "2015-12-22T23:21:10Z", "tenant_id": "1b09b300fd8d453b95b37c47a24c4c1a", "OS-DCF:diskConfig": "MANUAL", "os-extended-volumes:volumes_attached": [], "accessIPv4": "", "accessIPv6": "", "progress": 0, "OS-EXT-STS:power_state": 1, "config_drive": "True", "metadata": {}}}
2015-12-22 23:23:21,917 21397 INFO     [tempest_lib.common.rest_client] Request (TestNetworkAdvancedServerOps:_run_cleanups): 404 GET http://10.0.2.15:8774/v2.1/1b09b300fd8d453b95b37c47a24c4c1a/servers/ff8de4e4-d41e-4d64-9565-6ab5e3b1fd1f 0.085s
2015-12-22 23:23:21,917 21397 DEBUG    [tempest_lib.common.rest_client] Request - Headers: {'Content-Type': 'application/json', 'Accept': 'application/json', 'X-Auth-Token': '&lt;omitted&gt;'}
        Body: None
    Response - Headers: {'status': '404', 'content-length': '111', 'x-compute-request-id': 'req-f3253dcd-da6e-4a71-b939-134dfcd63994', 'vary': 'X-OpenStack-Nova-API-Version', 'connection': 'close', 'x-openstack-nova-api-version': '2.1', 'date': 'Tue, 22 Dec 2015 23:23:21 GMT', 'content-type': 'application/json; charset=UTF-8'}
        Body: {"itemNotFound": {"message": "Instance ff8de4e4-d41e-4d64-9565-6ab5e3b1fd1f could not be found.", "code": 404}}
2015-12-22 23:23:22,339 21397 INFO     [tempest_lib.common.rest_client] Request (TestNetworkAdvancedServerOps:_run_cleanups): 200 PUT http://10.0.2.15:9696/v2.0/routers/137fabda-8da7-45c4-b365-eadb2d1d3fc5/remove_router_interface 0.420s
2015-12-22 23:23:22,339 21397 DEBUG    [tempest_lib.common.rest_client] Request - Headers: {'Content-Type': 'application/json', 'Accept': 'application/json', 'X-Auth-Token': '&lt;omitted&gt;'}
        Body: {"subnet_id": "9854709d-60b7-4413-b0ab-edcfc756ae27"}
    Response - Headers: {'status': '200', 'content-length': '255', 'connection': 'close', 'date': 'Tue, 22 Dec 2015 23:23:22 GMT', 'content-type': 'application/json; charset=UTF-8', 'x-openstack-request-id': 'req-faed72f8-6c71-4363-9345-bf21f0893aac'}
        Body: {"subnet_id": "9854709d-60b7-4413-b0ab-edcfc756ae27", "tenant_id": "1b09b300fd8d453b95b37c47a24c4c1a", "subnet_ids": ["9854709d-60b7-4413-b0ab-edcfc756ae27"], "port_id": "e040b49d-57e9-42e4-853e-5d12e8643650", "id": "137fabda-8da7-45c4-b365-eadb2d1d3fc5"}
2015-12-22 23:23:22,876 21397 INFO     [tempest_lib.common.rest_client] Request (TestNetworkAdvancedServerOps:_run_cleanups): 204 DELETE http://10.0.2.15:9696/v2.0/subnets/9854709d-60b7-4413-b0ab-edcfc756ae27 0.535s
2015-12-22 23:23:22,877 21397 DEBUG    [tempest_lib.common.rest_client] Request - Headers: {'Content-Type': 'application/json', 'Accept': 'application/json', 'X-Auth-Token': '&lt;omitted&gt;'}
        Body: None
    Response - Headers: {'date': 'Tue, 22 Dec 2015 23:23:22 GMT', 'status': '204', 'connection': 'close', 'content-length': '0', 'x-openstack-request-id': 'req-45046105-8faf-45ff-bcbe-676a3effc1bb'}
        Body: 
2015-12-22 23:23:22,929 21397 INFO     [tempest_lib.common.rest_client] Request (TestNetworkAdvancedServerOps:_run_cleanups): 200 GET http://10.0.2.15:9696/v2.0/routers/137fabda-8da7-45c4-b365-eadb2d1d3fc5 0.052s
2015-12-22 23:23:22,929 21397 DEBUG    [tempest_lib.common.rest_client] Request - Headers: {'Content-Type': 'application/json', 'Accept': 'application/json', 'X-Auth-Token': '&lt;omitted&gt;'}
        Body: None
    Response - Headers: {'status': '200', 'content-length': '563', 'content-location': 'http://10.0.2.15:9696/v2.0/routers/137fabda-8da7-45c4-b365-eadb2d1d3fc5', 'connection': 'close', 'date': 'Tue, 22 Dec 2015 23:23:22 GMT', 'content-type': 'application/json; charset=UTF-8', 'x-openstack-request-id': 'req-4be918ba-3185-4271-80fa-74a577c82877'}
        Body: {"router": {"status": "ACTIVE", "external_gateway_info": {"network_id": "e78f2997-4737-4f28-9a2d-3aff201fe003", "enable_snat": true, "external_fixed_ips": [{"subnet_id": "3a968093-6685-4a57-86a9-a4af7eafed8b", "ip_address": "172.24.4.3"}, {"subnet_id": "2e5f45c8-0f97-49f4-9a69-b5c01eb4ee68", "ip_address": "2001:db8::3"}]}, "availability_zone_hints": [], "availability_zones": ["nova"], "name": "tempest-router-smoke-612316746", "admin_state_up": true, "tenant_id": "1b09b300fd8d453b95b37c47a24c4c1a", "routes": [], "id": "137fabda-8da7-45c4-b365-eadb2d1d3fc5"}}
2015-12-22 23:23:23,381 21397 INFO     [tempest_lib.common.rest_client] Request (TestNetworkAdvancedServerOps:_run_cleanups): 200 PUT http://10.0.2.15:9696/v2.0/routers/137fabda-8da7-45c4-b365-eadb2d1d3fc5 0.451s
2015-12-22 23:23:23,382 21397 DEBUG    [tempest_lib.common.rest_client] Request - Headers: {'Content-Type': 'application/json', 'Accept': 'application/json', 'X-Auth-Token': '&lt;omitted&gt;'}
        Body: {"router": {"external_gateway_info": {}, "name": "tempest-router-smoke-612316746", "admin_state_up": true}}
    Response - Headers: {'status': '200', 'content-length': '301', 'connection': 'close', 'date': 'Tue, 22 Dec 2015 23:23:23 GMT', 'content-type': 'application/json; charset=UTF-8', 'x-openstack-request-id': 'req-a9a7165c-9515-4ac4-a374-13ec5e3fcb15'}
        Body: {"router": {"status": "ACTIVE", "external_gateway_info": null, "availability_zone_hints": [], "availability_zones": ["nova"], "name": "tempest-router-smoke-612316746", "admin_state_up": true, "tenant_id": "1b09b300fd8d453b95b37c47a24c4c1a", "routes": [], "id": "137fabda-8da7-45c4-b365-eadb2d1d3fc5"}}
2015-12-22 23:23:23,636 21397 INFO     [tempest_lib.common.rest_client] Request (TestNetworkAdvancedServerOps:_run_cleanups): 204 DELETE http://10.0.2.15:9696/v2.0/routers/137fabda-8da7-45c4-b365-eadb2d1d3fc5 0.253s
2015-12-22 23:23:23,637 21397 DEBUG    [tempest_lib.common.rest_client] Request - Headers: {'Content-Type': 'application/json', 'Accept': 'application/json', 'X-Auth-Token': '&lt;omitted&gt;'}
        Body: None
    Response - Headers: {'date': 'Tue, 22 Dec 2015 23:23:23 GMT', 'status': '204', 'connection': 'close', 'content-length': '0', 'x-openstack-request-id': 'req-2efda59a-50c3-43c8-8cbe-e38438bd4ab1'}
        Body: 
2015-12-22 23:23:23,842 21397 INFO     [tempest_lib.common.rest_client] Request (TestNetworkAdvancedServerOps:_run_cleanups): 204 DELETE http://10.0.2.15:9696/v2.0/networks/5e0497f7-3972-4bfc-adc1-106f52c86762 0.204s
2015-12-22 23:23:23,842 21397 DEBUG    [tempest_lib.common.rest_client] Request - Headers: {'Content-Type': 'application/json', 'Accept': 'application/json', 'X-Auth-Token': '&lt;omitted&gt;'}
        Body: None
    Response - Headers: {'date': 'Tue, 22 Dec 2015 23:23:23 GMT', 'status': '204', 'connection': 'close', 'content-length': '0', 'x-openstack-request-id': 'req-f2e20280-f400-478b-a9c0-9c5b06ad4efe'}
        Body: 
2015-12-22 23:23:23,902 21397 INFO     [tempest_lib.common.rest_client] Request (TestNetworkAdvancedServerOps:_run_cleanups): 204 DELETE http://10.0.2.15:9696/v2.0/security-group-rules/20ff1098-404f-43f1-b6ce-0754a242a704 0.059s
2015-12-22 23:23:23,902 21397 DEBUG    [tempest_lib.common.rest_client] Request - Headers: {'Content-Type': 'application/json', 'Accept': 'application/json', 'X-Auth-Token': '&lt;omitted&gt;'}
        Body: None
    Response - Headers: {'date': 'Tue, 22 Dec 2015 23:23:23 GMT', 'status': '204', 'connection': 'close', 'content-length': '0', 'x-openstack-request-id': 'req-5fbcf63b-1315-427e-96f2-dd87950b6c61'}
        Body: 
2015-12-22 23:23:23,960 21397 INFO     [tempest_lib.common.rest_client] Request (TestNetworkAdvancedServerOps:_run_cleanups): 204 DELETE http://10.0.2.15:9696/v2.0/security-group-rules/55fde3c0-0637-4b83-adcd-87c7c747ad1e 0.057s
2015-12-22 23:23:23,960 21397 DEBUG    [tempest_lib.common.rest_client] Request - Headers: {'Content-Type': 'application/json', 'Accept': 'application/json', 'X-Auth-Token': '&lt;omitted&gt;'}
        Body: None
    Response - Headers: {'date': 'Tue, 22 Dec 2015 23:23:23 GMT', 'status': '204', 'connection': 'close', 'content-length': '0', 'x-openstack-request-id': 'req-5521d23d-73d0-4d2b-83fe-d6792a06ec5e'}
        Body: 
2015-12-22 23:23:24,020 21397 INFO     [tempest_lib.common.rest_client] Request (TestNetworkAdvancedServerOps:_run_cleanups): 204 DELETE http://10.0.2.15:9696/v2.0/security-group-rules/f573b615-5703-4adc-a37e-cd18ccb584ea 0.059s
2015-12-22 23:23:24,021 21397 DEBUG    [tempest_lib.common.rest_client] Request - Headers: {'Content-Type': 'application/json', 'Accept': 'application/json', 'X-Auth-Token': '&lt;omitted&gt;'}
        Body: None
    Response - Headers: {'date': 'Tue, 22 Dec 2015 23:23:24 GMT', 'status': '204', 'connection': 'close', 'content-length': '0', 'x-openstack-request-id': 'req-80a2a667-280e-49e3-b681-39e2627128af'}
        Body: 
2015-12-22 23:23:24,078 21397 INFO     [tempest_lib.common.rest_client] Request (TestNetworkAdvancedServerOps:_run_cleanups): 204 DELETE http://10.0.2.15:9696/v2.0/security-group-rules/9de101a8-5cea-4887-bd0f-35da94092291 0.056s
2015-12-22 23:23:24,078 21397 DEBUG    [tempest_lib.common.rest_client] Request - Headers: {'Content-Type': 'application/json', 'Accept': 'application/json', 'X-Auth-Token': '&lt;omitted&gt;'}
        Body: None
    Response - Headers: {'date': 'Tue, 22 Dec 2015 23:23:24 GMT', 'status': '204', 'connection': 'close', 'content-length': '0', 'x-openstack-request-id': 'req-7fe4b287-6dcd-4dd7-a40f-c8de44fec478'}
        Body: 
2015-12-22 23:23:24,140 21397 INFO     [tempest_lib.common.rest_client] Request (TestNetworkAdvancedServerOps:_run_cleanups): 204 DELETE http://10.0.2.15:9696/v2.0/security-group-rules/3625ed43-f21f-4a62-b1a9-55865e64e453 0.061s
2015-12-22 23:23:24,141 21397 DEBUG    [tempest_lib.common.rest_client] Request - Headers: {'Content-Type': 'application/json', 'Accept': 'application/json', 'X-Auth-Token': '&lt;omitted&gt;'}
        Body: None
    Response - Headers: {'date': 'Tue, 22 Dec 2015 23:23:24 GMT', 'status': '204', 'connection': 'close', 'content-length': '0', 'x-openstack-request-id': 'req-33da7e11-7a6a-4342-8de7-c86bf12826b9'}
        Body: 
2015-12-22 23:23:24,203 21397 INFO     [tempest_lib.common.rest_client] Request (TestNetworkAdvancedServerOps:_run_cleanups): 204 DELETE http://10.0.2.15:9696/v2.0/security-group-rules/5412ebcc-6726-48ab-8c71-1bac0b3fa7ed 0.061s
2015-12-22 23:23:24,203 21397 DEBUG    [tempest_lib.common.rest_client] Request - Headers: {'Content-Type': 'application/json', 'Accept': 'application/json', 'X-Auth-Token': '&lt;omitted&gt;'}
        Body: None
    Response - Headers: {'date': 'Tue, 22 Dec 2015 23:23:24 GMT', 'status': '204', 'connection': 'close', 'content-length': '0', 'x-openstack-request-id': 'req-e8a22b3a-e1e1-4f1c-b1f2-6149357c156b'}
        Body: 
2015-12-22 23:23:24,306 21397 INFO     [tempest_lib.common.rest_client] Request (TestNetworkAdvancedServerOps:_run_cleanups): 204 DELETE http://10.0.2.15:9696/v2.0/security-groups/57edabb5-44d8-4f06-bffb-e59ecd763123 0.101s
2015-12-22 23:23:24,307 21397 DEBUG    [tempest_lib.common.rest_client] Request - Headers: {'Content-Type': 'application/json', 'Accept': 'application/json', 'X-Auth-Token': '&lt;omitted&gt;'}
        Body: None
    Response - Headers: {'date': 'Tue, 22 Dec 2015 23:23:24 GMT', 'status': '204', 'connection': 'close', 'content-length': '0', 'x-openstack-request-id': 'req-9b8899db-2f5e-4c83-b696-da1a21943ed1'}
        Body: 
2015-12-22 23:23:24,329 21397 INFO     [tempest_lib.common.rest_client] Request (TestNetworkAdvancedServerOps:_run_cleanups): 202 DELETE http://10.0.2.15:8774/v2.1/1b09b300fd8d453b95b37c47a24c4c1a/os-keypairs/tempest-TestNetworkAdvancedServerOps-1966320032 0.021s
2015-12-22 23:23:24,330 21397 DEBUG    [tempest_lib.common.rest_client] Request - Headers: {'Content-Type': 'application/json', 'Accept': 'application/json', 'X-Auth-Token': '&lt;omitted&gt;'}
        Body: None
    Response - Headers: {'status': '202', 'content-length': '0', 'x-compute-request-id': 'req-b943d4fc-1318-406d-a8f3-c3a43beda4ca', 'vary': 'X-OpenStack-Nova-API-Version', 'connection': 'close', 'x-openstack-nova-api-version': '2.1', 'date': 'Tue, 22 Dec 2015 23:23:24 GMT', 'content-type': 'application/json'}
        Body: 
2015-12-22 23:23:24,412 21397 INFO     [tempest_lib.common.rest_client] Request (TestNetworkAdvancedServerOps:_run_cleanups): 404 GET http://10.0.2.15:8774/v2.1/1b09b300fd8d453b95b37c47a24c4c1a/servers/ff8de4e4-d41e-4d64-9565-6ab5e3b1fd1f 0.081s
2015-12-22 23:23:24,413 21397 DEBUG    [tempest_lib.common.rest_client] Request - Headers: {'Content-Type': 'application/json', 'Accept': 'application/json', 'X-Auth-Token': '&lt;omitted&gt;'}
        Body: None
    Response - Headers: {'status': '404', 'content-length': '111', 'x-compute-request-id': 'req-fd9d411a-082d-44d0-a418-f71f3e39f7e1', 'vary': 'X-OpenStack-Nova-API-Version', 'connection': 'close', 'x-openstack-nova-api-version': '2.1', 'date': 'Tue, 22 Dec 2015 23:23:24 GMT', 'content-type': 'application/json; charset=UTF-8'}
        Body: {"itemNotFound": {"message": "Instance ff8de4e4-d41e-4d64-9565-6ab5e3b1fd1f could not be found.", "code": 404}}
}}}

Traceback (most recent call last):
  File "tempest/test.py", line 113, in wrapper
    return f(self, *func_args, **func_kwargs)
  File "tempest/scenario/test_network_advanced_server_ops.py", line 134, in test_server_connectivity_pause_unpause
    server, keypair, floating_ip = self._setup_network_and_servers()
  File "tempest/scenario/test_network_advanced_server_ops.py", line 71, in _setup_network_and_servers
    server, keypair, floating_ip)
  File "tempest/scenario/test_network_advanced_server_ops.py", line 95, in _wait_server_status_and_check_network_connectivity
    self._check_network_connectivity(server, keypair, floating_ip)
  File "tempest/scenario/test_network_advanced_server_ops.py", line 88, in _check_network_connectivity
    servers=[server])
  File "tempest/scenario/manager.py", line 609, in check_public_network_connectivity
    should_connect=should_connect)
  File "tempest/scenario/manager.py", line 593, in check_vm_connectivity
    msg=msg)
  File "/usr/local/lib/python2.7/dist-packages/unittest2/case.py", line 702, in assertTrue
    raise self.failureException(msg)
AssertionError: False is not true : Timed out waiting for 172.24.4.4 to become reachable



        </pre>
    </div>
    <!--css div popup end-->

    </td>
</tr>

<tr id='ft1.2' class='none'>
    <td class='failCase'><div class='testcase'>test_server_connectivity_reboot[compute,id-7b6860c2-afa3-4846-9522-adeb38dfbe08,network]</div></td>
    <td colspan='7' align='left'>

    <!--css div popup start-->
    <a class="popup_link" onfocus='this.blur();'
    href="javascript:showTestDetail('div_ft1.2')" >
        fail</a>

    <div id='div_ft1.2' class="popup_window">
        <div style='text-align: right; color:red;cursor:pointer'>
        <a onfocus='this.blur();'
onclick="document.getElementById('div_ft1.2').style.display = 'none' " >
           [x]</a>
        </div>
        <pre>
        
ft1.2: tempest.scenario.test_network_advanced_server_ops.TestNetworkAdvancedServerOps.test_server_connectivity_reboot[compute,id-7b6860c2-afa3-4846-9522-adeb38dfbe08,network]_StringException: Empty attachments:
  stderr
  stdout

pythonlogging:'': {{{
