<?xml version="1.0" encoding="UTF-8"?>
<!DOCTYPE html PUBLIC "-//W3C//DTD XHTML 1.0 Strict//EN"
     "http://www.w3.org/TR/xhtml1/DTD/xhtml1-strict.dtd">
<html xmlns="http://www.w3.org/1999/xhtml">
<head>
    <title>Unit Test Report</title>
    <meta name="generator" content="subunit2html 0.1"/>
    <meta http-equiv="Content-Type" content="text/html; charset=UTF-8"/>
    
<style type="text/css" media="screen">
body        { font-family: verdana, arial, helvetica, sans-serif;
    font-size: 80%; }
table       { font-size: 100%; width: 100%;}
pre         { font-size: 80%; }

/* -- heading -------------------------------------------------------------- */
h1 {
        font-size: 16pt;
        color: gray;
}
.heading {
    margin-top: 0ex;
    margin-bottom: 1ex;
}

.heading .attribute {
    margin-top: 1ex;
    margin-bottom: 0;
}

.heading .description {
    margin-top: 4ex;
    margin-bottom: 6ex;
}

/* -- css div popup -------------------------------------------------------- */
a.popup_link {
}

a.popup_link:hover {
    color: red;
}

.popup_window {
    display: none;
    overflow-x: scroll;
    /*border: solid #627173 1px; */
    padding: 10px;
    background-color: #E6E6D6;
    font-family: "Ubuntu Mono", "Lucida Console", "Courier New", monospace;
    text-align: left;
    font-size: 8pt;
}

}
/* -- report --------------------------------------------------------------- */
#show_detail_line {
    margin-top: 3ex;
    margin-bottom: 1ex;
}
#result_table {
    width: 100%;
    border-collapse: collapse;
    border: 1px solid #777;
}
#header_row {
    font-weight: bold;
    color: white;
    background-color: #777;
}
#result_table td {
    border: 1px solid #777;
    padding: 2px;
}
#total_row  { font-weight: bold; }
.passClass  { background-color: #6c6; }
.failClass  { background-color: #c60; }
.errorClass { background-color: #c00; }
.passCase   { color: #6c6; }
.failCase   { color: #c60; font-weight: bold; }
.errorCase  { color: #c00; font-weight: bold; }
.hiddenRow  { display: none; }
.testcase   { margin-left: 2em; }
td.testname {width: 40%}
td.small {width: 40px}

/* -- ending --------------------------------------------------------------- */
#ending {
}

</style>

</head>
<body>
<script language="javascript" type="text/javascript"><!--
output_list = Array();

/* level - 0:Summary; 1:Failed; 2:All */
function showCase(level) {
    trs = document.getElementsByTagName("tr");
    for (var i = 0; i < trs.length; i++) {
        tr = trs[i];
        id = tr.id;
        if (id.substr(0,2) == 'ft') {
            if (level < 1) {
                tr.className = 'hiddenRow';
            }
            else {
                tr.className = '';
            }
        }
        if (id.substr(0,2) == 'pt') {
            if (level > 1) {
                tr.className = '';
            }
            else {
                tr.className = 'hiddenRow';
            }
        }
    }
}


function showClassDetail(cid, count) {
    var id_list = Array(count);
    var toHide = 1;
    for (var i = 0; i < count; i++) {
        tid0 = 't' + cid.substr(1) + '.' + (i+1);
        tid = 'f' + tid0;
        tr = document.getElementById(tid);
        if (!tr) {
            tid = 'p' + tid0;
            tr = document.getElementById(tid);
        }
        id_list[i] = tid;
        if (tr.className) {
            toHide = 0;
        }
    }
    for (var i = 0; i < count; i++) {
        tid = id_list[i];
        if (toHide) {
            document.getElementById('div_'+tid).style.display = 'none'
            document.getElementById(tid).className = 'hiddenRow';
        }
        else {
            document.getElementById(tid).className = '';
        }
    }
}


function showTestDetail(div_id){
    var details_div = document.getElementById(div_id)
    var displayState = details_div.style.display
    // alert(displayState)
    if (displayState != 'block' ) {
        displayState = 'block'
        details_div.style.display = 'block'
    }
    else {
        details_div.style.display = 'none'
    }
}


function html_escape(s) {
    s = s.replace(/&/g,'&amp;');
    s = s.replace(/</g,'&lt;');
    s = s.replace(/>/g,'&gt;');
    return s;
}

/* obsoleted by detail in <div>
function showOutput(id, name) {
    var w = window.open("", //url
                    name,
                    "resizable,scrollbars,status,width=800,height=450");
    d = w.document;
    d.write("<pre>");
    d.write(html_escape(output_list[id]));
    d.write("\n");
    d.write("<a href='javascript:window.close()'>close</a>\n");
    d.write("</pre>\n");
    d.close();
}
*/
--></script>

<div class='heading'>
<h1>Unit Test Report</h1>

<p class='attribute'><strong>Status:</strong> Failure 6</p>

<p class='description'></p>
</div>



<p id='show_detail_line'>Show
<a href='javascript:showCase(0)'>Summary</a>
<a href='javascript:showCase(1)'>Failed</a>
<a href='javascript:showCase(2)'>All</a>
</p>
<table id='result_table'>
<colgroup>
<col align='left' />
<col align='right' />
<col align='right' />
<col align='right' />
<col align='right' />
<col align='right' />
<col align='right' />
<col align='right' />
</colgroup>
<tr id='header_row'>
    <td>Test Group/Test case</td>
    <td>Count</td>
    <td>Pass</td>
    <td>Fail</td>
    <td>Error</td>
    <td>Skip</td>
    <td>View</td>
    <td> </td>
</tr>

<tr class='failClass'>
    <td class="testname">tempest.scenario.test_network_advanced_server_ops.TestNetworkAdvancedServerOps</td>
    <td class="small">6</td>
    <td class="small">0</td>
    <td class="small">6</td>
    <td class="small">0</td>
    <td class="small">0</td>
    <td class="small"><a href="javascript:showClassDetail('c1',6)"
>Detail</a></td>
    <td> </td>
</tr>

<tr id='ft1.1' class='none'>
    <td class='failCase'><div class='testcase'>test_server_connectivity_pause_unpause[compute,id-2b2642db-6568-4b35-b812-eceed3fa20ce,network]</div></td>
    <td colspan='7' align='left'>

    <!--css div popup start-->
    <a class="popup_link" onfocus='this.blur();'
    href="javascript:showTestDetail('div_ft1.1')" >
        fail</a>

    <div id='div_ft1.1' class="popup_window">
        <div style='text-align: right; color:red;cursor:pointer'>
        <a onfocus='this.blur();'
onclick="document.getElementById('div_ft1.1').style.display = 'none' " >
           [x]</a>
        </div>
        <pre>
        
ft1.1: tempest.scenario.test_network_advanced_server_ops.TestNetworkAdvancedServerOps.test_server_connectivity_pause_unpause[compute,id-2b2642db-6568-4b35-b812-eceed3fa20ce,network]_StringException: Empty attachments:
  stderr
  stdout

pythonlogging:'': {{{
2015-12-06 15:10:06,538 20336 INFO     [tempest_lib.common.rest_client] Request (TestNetworkAdvancedServerOps:test_server_connectivity_pause_unpause): 200 POST http://10.0.2.15:8774/v2.1/7b60c50011fa4d2b85f35fe67c5c15be/os-keypairs 0.446s
2015-12-06 15:10:06,539 20336 DEBUG    [tempest_lib.common.rest_client] Request - Headers: {'Content-Type': 'application/json', 'Accept': 'application/json', 'X-Auth-Token': '&lt;omitted&gt;'}
        Body: {"keypair": {"name": "tempest-TestNetworkAdvancedServerOps-522368631"}}
    Response - Headers: {'status': '200', 'content-length': '2329', 'x-compute-request-id': 'req-e3dcb992-6d98-4035-8dcc-0b03de9a5e1b', 'vary': 'X-OpenStack-Nova-API-Version', 'connection': 'close', 'x-openstack-nova-api-version': '2.1', 'date': 'Sun, 06 Dec 2015 15:10:06 GMT', 'content-type': 'application/json'}
        Body: {"keypair": {"public_key": "ssh-rsa AAAAB3NzaC1yc2EAAAADAQABAAABAQDjcGiv4ePeX5Q48+Ox/aO4h9Ogaf1MEhf+mqUdvssKTEWTGfQlrPsRZpGb13Kh/I8xyQvANng9re0RuqbOJTUvgPVly6uxbYrSdLMgE6Q7QOyj/rsFBZq6HAzII9sStSrb/ZTDIwA+Gu6U/IP476gthlNtxiw0FZR/w4r2xU44+IdZODx58W6rkqRPcK8Qxp8Fj0uBXGfIU67JcabTctXVmSXl7ovPTKSdnANZW6FmhXZ+aF1AOhALThPzvHDt6JYygah/kNHNxVxB9VAONwrFlpy89n6NJTJCmQKI3STkEeEFgH27wC1apZp0TsTbd+BbCB/HeE6nFfax2YxTtGY/ Generated-by-Nova", "private_key": "-----BEGIN RSA PRIVATE KEY-----\nMIIEqQIBAAKCAQEA43Bor+Hj3l+UOPPjsf2juIfToGn9TBIX/pqlHb7LCkxFkxn0\nJaz7EWaRm9dyofyPMckLwDZ4Pa3tEbqmziU1L4D1ZcursW2K0nSzIBOkO0Dso/67\nBQWauhwMyCPbErUq2/2UwyMAPhrulPyD+O+oLYZTbcYsNBWUf8OK9sVOOPiHWTg8\nefFuq5KkT3CvEMafBY9LgVxnyFOuyXGm03LV1Zkl5e6Lz0yknZwDWVuhZoV2fmhd\nQDoQC04T87xw7eiWMoGof5DRzcVcQfVQDjcKxZacvPZ+jSUyQpkCiN0k5BHhBYB9\nu8AtWqWadE7E23fgWwgfx3hOpxX2sdmMU7RmPwIDAQABAoIBAQCI4trfIMGY0UXQ\nkVl1gwbKxVUlsyT0Z99xKXo/UNm7NPSa+H/tPRNPAcCZXy5rOCqm+C3OXfo4hTmt\n9fz3DYXZNXB89/w6KYfn6rz0jV3HG+hRO7sr5pedc8xtmMb9l3RYO2MRnztCJct6\neBCl/vfljncgFqn8HxDlZLd6ln3h4vB9EpyRWJKHfvrf3oOhG17zPhL3WWO4PIav\nLFknonEyn7rVUgCmhG72GuqJ4y2/wmrp6Bcvr5JZEf4DQSAi3p64WMMBUxKEiL3t\nPt9gcZD0MQCFUJV4baAxhVED7hEFc4A+eDeGZDmfprAsS9QN0YiqHAgRxE7LJXAg\n1WLwk8lhAoIAgQDwFPfeCXmdpXNqRJhr/qS7AEOh5b+A/mnhanEwEYDkz62vfR2O\nyeO0rWu/3u0NY0WJoqdWDl5cXrQWem+Uewm+/mr1y23ML2T/wBcPp/SzYTNqUuvI\nKZF/pPP+TGv93XO1erHMdotQPNOz3KKdLe5KZyGGTFCLJNw0+oeKxXFAmwKCAIEA\n8oTZD1zi2ppf5+I7pLZKE+bI727ulJYKukQPi4bBx1laGSa279Rjhx4nLFDiKIQD\ntGQ18t5tlrKfSsb0apxCmQ9U2kEkh1j846wt3pVYlKyftQIdBdKXZ/U6CpaizzQS\naWuMKvU5BHKvFqBr2QF8C0WsRv3kSa2NgtmheUZBUS0CggCAUsAXc0u2xHSrpFxC\nYS7jHqWHqjzjVhXa7txeaSAPWk6O4ibw0i+aMcN4mSjAclXeOQN8Q/gt5A6safcH\nkJkcEd3lhhT5ImDPoitWh4nvmQiOzT4JkPNq+CEmDGfQ7S6wXEQPFpdhi2V73snU\nrvKO6MxFTOHu/RbWY9hacaV+VLMCggCAM5HsVkf6NWH+YuDIrg3VUsYQlFmSgiYl\nwdYXOCQ/sJRfhFmnLPiM8X6H9fR9IwBviTyF/E8wHot9M/l6n/D6eHG6KW8QxXc2\nz3MdjedUHslWbLc2VLajW4fZ/8ZoeIcqIyCrfbcHmNqKQNV8GXknV35JVA9JLCGr\npdeBbrhxy0ECggCBANctaQMex8z7yLydJIOoUnzEm3TD/PuPPEQRf47nzF+rYDVI\nbilr1Io5LekexeiHGv8LpjA3ygigC/9S+bek/SweEhDV9hSRalT83kM7COL4ZiKz\no7KQGK4l7mAbCa+RcquwKHj0j4BxeOcq2kShmI+M1KvOFKL78bPiD73m/Ceo\n-----END RSA PRIVATE KEY-----\n", "user_id": "daa094c424264a0c987a14b500808ecf", "name": "tempest-TestNetworkAdvancedServerOps-522368631", "fingerprint": "e8:52:2b:da:5a:3c:ea:34:74:80:97:f7:42:7d:ed:28"}}
2015-12-06 15:10:06,897 20336 INFO     [tempest_lib.common.rest_client] Request (TestNetworkAdvancedServerOps:test_server_connectivity_pause_unpause): 201 POST http://10.0.2.15:9696/v2.0/security-groups 0.353s
2015-12-06 15:10:06,897 20336 DEBUG    [tempest_lib.common.rest_client] Request - Headers: {'Content-Type': 'application/json', 'Accept': 'application/json', 'X-Auth-Token': '&lt;omitted&gt;'}
        Body: {"security_group": {"tenant_id": "7b60c50011fa4d2b85f35fe67c5c15be", "description": "tempest-secgroup-smoke-1256896758 description", "name": "tempest-secgroup-smoke-1256896758"}}
    Response - Headers: {'status': '201', 'content-length': '888', 'connection': 'close', 'date': 'Sun, 06 Dec 2015 15:10:06 GMT', 'content-type': 'application/json; charset=UTF-8', 'x-openstack-request-id': 'req-761d880e-9808-4ab1-be6c-d9ca9102433d'}
        Body: {"security_group": {"tenant_id": "7b60c50011fa4d2b85f35fe67c5c15be", "description": "tempest-secgroup-smoke-1256896758 description", "id": "29eb5ef4-8c2f-4597-bbb2-f57006f49690", "security_group_rules": [{"remote_group_id": null, "direction": "egress", "remote_ip_prefix": null, "protocol": null, "ethertype": "IPv4", "tenant_id": "7b60c50011fa4d2b85f35fe67c5c15be", "port_range_max": null, "port_range_min": null, "id": "1097adca-02ab-4353-a72d-7bcbb61233a1", "security_group_id": "29eb5ef4-8c2f-4597-bbb2-f57006f49690"}, {"remote_group_id": null, "direction": "egress", "remote_ip_prefix": null, "protocol": null, "ethertype": "IPv6", "tenant_id": "7b60c50011fa4d2b85f35fe67c5c15be", "port_range_max": null, "port_range_min": null, "id": "80ad327f-b0c0-4dcd-b798-984245df4b4e", "security_group_id": "29eb5ef4-8c2f-4597-bbb2-f57006f49690"}], "name": "tempest-secgroup-smoke-1256896758"}}
2015-12-06 15:10:07,011 20336 INFO     [tempest_lib.common.rest_client] Request (TestNetworkAdvancedServerOps:test_server_connectivity_pause_unpause): 201 POST http://10.0.2.15:9696/v2.0/security-group-rules 0.113s
2015-12-06 15:10:07,011 20336 DEBUG    [tempest_lib.common.rest_client] Request - Headers: {'Content-Type': 'application/json', 'Accept': 'application/json', 'X-Auth-Token': '&lt;omitted&gt;'}
        Body: {"security_group_rule": {"direction": "ingress", "protocol": "tcp", "tenant_id": "7b60c50011fa4d2b85f35fe67c5c15be", "port_range_max": 22, "security_group_id": "29eb5ef4-8c2f-4597-bbb2-f57006f49690", "port_range_min": 22}}
    Response - Headers: {'status': '201', 'content-length': '340', 'connection': 'close', 'date': 'Sun, 06 Dec 2015 15:10:07 GMT', 'content-type': 'application/json; charset=UTF-8', 'x-openstack-request-id': 'req-a246d406-6b31-47cd-bce7-213077fc111d'}
        Body: {"security_group_rule": {"remote_group_id": null, "direction": "ingress", "remote_ip_prefix": null, "protocol": "tcp", "ethertype": "IPv4", "tenant_id": "7b60c50011fa4d2b85f35fe67c5c15be", "port_range_max": 22, "port_range_min": 22, "id": "9ab94bab-5e21-403e-9db2-a9c309415973", "security_group_id": "29eb5ef4-8c2f-4597-bbb2-f57006f49690"}}
2015-12-06 15:10:07,231 20336 INFO     [tempest_lib.common.rest_client] Request (TestNetworkAdvancedServerOps:test_server_connectivity_pause_unpause): 201 POST http://10.0.2.15:9696/v2.0/security-group-rules 0.219s
2015-12-06 15:10:07,232 20336 DEBUG    [tempest_lib.common.rest_client] Request - Headers: {'Content-Type': 'application/json', 'Accept': 'application/json', 'X-Auth-Token': '&lt;omitted&gt;'}
        Body: {"security_group_rule": {"direction": "egress", "protocol": "tcp", "tenant_id": "7b60c50011fa4d2b85f35fe67c5c15be", "port_range_max": 22, "security_group_id": "29eb5ef4-8c2f-4597-bbb2-f57006f49690", "port_range_min": 22}}
    Response - Headers: {'status': '201', 'content-length': '339', 'connection': 'close', 'date': 'Sun, 06 Dec 2015 15:10:07 GMT', 'content-type': 'application/json; charset=UTF-8', 'x-openstack-request-id': 'req-0ab56225-e28a-43b4-ad6b-9df958502a64'}
        Body: {"security_group_rule": {"remote_group_id": null, "direction": "egress", "remote_ip_prefix": null, "protocol": "tcp", "ethertype": "IPv4", "tenant_id": "7b60c50011fa4d2b85f35fe67c5c15be", "port_range_max": 22, "port_range_min": 22, "id": "5dc87df9-e5c1-49e0-93f1-978dcdffe89a", "security_group_id": "29eb5ef4-8c2f-4597-bbb2-f57006f49690"}}
2015-12-06 15:10:07,358 20336 INFO     [tempest_lib.common.rest_client] Request (TestNetworkAdvancedServerOps:test_server_connectivity_pause_unpause): 201 POST http://10.0.2.15:9696/v2.0/security-group-rules 0.125s
2015-12-06 15:10:07,359 20336 DEBUG    [tempest_lib.common.rest_client] Request - Headers: {'Content-Type': 'application/json', 'Accept': 'application/json', 'X-Auth-Token': '&lt;omitted&gt;'}
        Body: {"security_group_rule": {"tenant_id": "7b60c50011fa4d2b85f35fe67c5c15be", "direction": "ingress", "protocol": "icmp", "security_group_id": "29eb5ef4-8c2f-4597-bbb2-f57006f49690"}}
    Response - Headers: {'status': '201', 'content-length': '345', 'connection': 'close', 'date': 'Sun, 06 Dec 2015 15:10:07 GMT', 'content-type': 'application/json; charset=UTF-8', 'x-openstack-request-id': 'req-a416dadf-5079-4955-9adb-7000fc6635e8'}
        Body: {"security_group_rule": {"remote_group_id": null, "direction": "ingress", "remote_ip_prefix": null, "protocol": "icmp", "ethertype": "IPv4", "tenant_id": "7b60c50011fa4d2b85f35fe67c5c15be", "port_range_max": null, "port_range_min": null, "id": "41215d99-3646-47aa-acb0-ed4a1fbd5f05", "security_group_id": "29eb5ef4-8c2f-4597-bbb2-f57006f49690"}}
2015-12-06 15:10:07,475 20336 INFO     [tempest_lib.common.rest_client] Request (TestNetworkAdvancedServerOps:test_server_connectivity_pause_unpause): 201 POST http://10.0.2.15:9696/v2.0/security-group-rules 0.114s
2015-12-06 15:10:07,475 20336 DEBUG    [tempest_lib.common.rest_client] Request - Headers: {'Content-Type': 'application/json', 'Accept': 'application/json', 'X-Auth-Token': '&lt;omitted&gt;'}
        Body: {"security_group_rule": {"tenant_id": "7b60c50011fa4d2b85f35fe67c5c15be", "direction": "egress", "protocol": "icmp", "security_group_id": "29eb5ef4-8c2f-4597-bbb2-f57006f49690"}}
    Response - Headers: {'status': '201', 'content-length': '344', 'connection': 'close', 'date': 'Sun, 06 Dec 2015 15:10:07 GMT', 'content-type': 'application/json; charset=UTF-8', 'x-openstack-request-id': 'req-98d0cfad-4a58-4fe8-9c3e-77e5eb763896'}
        Body: {"security_group_rule": {"remote_group_id": null, "direction": "egress", "remote_ip_prefix": null, "protocol": "icmp", "ethertype": "IPv4", "tenant_id": "7b60c50011fa4d2b85f35fe67c5c15be", "port_range_max": null, "port_range_min": null, "id": "c897eade-e4b8-4665-aaf0-1bcbee148543", "security_group_id": "29eb5ef4-8c2f-4597-bbb2-f57006f49690"}}
2015-12-06 15:10:07,599 20336 INFO     [tempest_lib.common.rest_client] Request (TestNetworkAdvancedServerOps:test_server_connectivity_pause_unpause): 201 POST http://10.0.2.15:9696/v2.0/security-group-rules 0.121s
2015-12-06 15:10:07,599 20336 DEBUG    [tempest_lib.common.rest_client] Request - Headers: {'Content-Type': 'application/json', 'Accept': 'application/json', 'X-Auth-Token': '&lt;omitted&gt;'}
        Body: {"security_group_rule": {"tenant_id": "7b60c50011fa4d2b85f35fe67c5c15be", "direction": "ingress", "security_group_id": "29eb5ef4-8c2f-4597-bbb2-f57006f49690", "protocol": "icmp", "ethertype": "IPv6"}}
    Response - Headers: {'status': '201', 'content-length': '345', 'connection': 'close', 'date': 'Sun, 06 Dec 2015 15:10:07 GMT', 'content-type': 'application/json; charset=UTF-8', 'x-openstack-request-id': 'req-d1943bce-46c9-49f5-a0e8-73c8c5dfefab'}
        Body: {"security_group_rule": {"remote_group_id": null, "direction": "ingress", "remote_ip_prefix": null, "protocol": "icmp", "ethertype": "IPv6", "tenant_id": "7b60c50011fa4d2b85f35fe67c5c15be", "port_range_max": null, "port_range_min": null, "id": "dd6a7a7e-a93a-4604-8b7b-5655a27e1325", "security_group_id": "29eb5ef4-8c2f-4597-bbb2-f57006f49690"}}
2015-12-06 15:10:07,732 20336 INFO     [tempest_lib.common.rest_client] Request (TestNetworkAdvancedServerOps:test_server_connectivity_pause_unpause): 201 POST http://10.0.2.15:9696/v2.0/security-group-rules 0.131s
2015-12-06 15:10:07,732 20336 DEBUG    [tempest_lib.common.rest_client] Request - Headers: {'Content-Type': 'application/json', 'Accept': 'application/json', 'X-Auth-Token': '&lt;omitted&gt;'}
        Body: {"security_group_rule": {"tenant_id": "7b60c50011fa4d2b85f35fe67c5c15be", "direction": "egress", "security_group_id": "29eb5ef4-8c2f-4597-bbb2-f57006f49690", "protocol": "icmp", "ethertype": "IPv6"}}
    Response - Headers: {'status': '201', 'content-length': '344', 'connection': 'close', 'date': 'Sun, 06 Dec 2015 15:10:07 GMT', 'content-type': 'application/json; charset=UTF-8', 'x-openstack-request-id': 'req-5091e56b-802c-44c0-9f48-71b564b19298'}
        Body: {"security_group_rule": {"remote_group_id": null, "direction": "egress", "remote_ip_prefix": null, "protocol": "icmp", "ethertype": "IPv6", "tenant_id": "7b60c50011fa4d2b85f35fe67c5c15be", "port_range_max": null, "port_range_min": null, "id": "1cc72db4-c95a-4ab4-b7d7-a0fbf4e96615", "security_group_id": "29eb5ef4-8c2f-4597-bbb2-f57006f49690"}}
2015-12-06 15:10:07,905 20336 INFO     [tempest_lib.common.rest_client] Request (TestNetworkAdvancedServerOps:test_server_connectivity_pause_unpause): 201 POST http://10.0.2.15:9696/v2.0/networks 0.171s
2015-12-06 15:10:07,906 20336 DEBUG    [tempest_lib.common.rest_client] Request - Headers: {'Content-Type': 'application/json', 'Accept': 'application/json', 'X-Auth-Token': '&lt;omitted&gt;'}
        Body: {"network": {"tenant_id": "7b60c50011fa4d2b85f35fe67c5c15be", "name": "tempest-network-smoke--1103503753"}}
    Response - Headers: {'status': '201', 'content-length': '329', 'connection': 'close', 'date': 'Sun, 06 Dec 2015 15:10:07 GMT', 'content-type': 'application/json; charset=UTF-8', 'x-openstack-request-id': 'req-cc3e26d0-aaf7-4900-b26c-3edb932bdf7d'}
        Body: {"network": {"status": "ACTIVE", "subnets": [], "availability_zone_hints": "[]", "name": "tempest-network-smoke--1103503753", "admin_state_up": true, "tenant_id": "7b60c50011fa4d2b85f35fe67c5c15be", "mtu": 0, "router:external": false, "shared": false, "port_security_enabled": true, "id": "d0ea77c3-646b-4838-ad32-13f83de36ed2"}}
2015-12-06 15:10:08,007 20336 INFO     [tempest_lib.common.rest_client] Request (TestNetworkAdvancedServerOps:test_server_connectivity_pause_unpause): 201 POST http://10.0.2.15:9696/v2.0/routers 0.100s
2015-12-06 15:10:08,008 20336 DEBUG    [tempest_lib.common.rest_client] Request - Headers: {'Content-Type': 'application/json', 'Accept': 'application/json', 'X-Auth-Token': '&lt;omitted&gt;'}
        Body: {"router": {"tenant_id": "7b60c50011fa4d2b85f35fe67c5c15be", "name": "tempest-router-smoke-372277588", "admin_state_up": true}}
    Response - Headers: {'status': '201', 'content-length': '295', 'connection': 'close', 'date': 'Sun, 06 Dec 2015 15:10:08 GMT', 'content-type': 'application/json; charset=UTF-8', 'x-openstack-request-id': 'req-987e0e73-a37f-4a93-adba-624d25e6bb97'}
        Body: {"router": {"status": "ACTIVE", "external_gateway_info": null, "availability_zone_hints": [], "availability_zones": [], "name": "tempest-router-smoke-372277588", "admin_state_up": true, "tenant_id": "7b60c50011fa4d2b85f35fe67c5c15be", "routes": [], "id": "06e5467b-cdbb-41be-b4bd-1a005b39c738"}}
2015-12-06 15:10:08,062 20336 INFO     [tempest_lib.common.rest_client] Request (TestNetworkAdvancedServerOps:test_server_connectivity_pause_unpause): 200 GET http://10.0.2.15:9696/v2.0/routers/06e5467b-cdbb-41be-b4bd-1a005b39c738 0.053s
2015-12-06 15:10:08,063 20336 DEBUG    [tempest_lib.common.rest_client] Request - Headers: {'Content-Type': 'application/json', 'Accept': 'application/json', 'X-Auth-Token': '&lt;omitted&gt;'}
        Body: None
    Response - Headers: {'status': '200', 'content-length': '295', 'content-location': 'http://10.0.2.15:9696/v2.0/routers/06e5467b-cdbb-41be-b4bd-1a005b39c738', 'connection': 'close', 'date': 'Sun, 06 Dec 2015 15:10:08 GMT', 'content-type': 'application/json; charset=UTF-8', 'x-openstack-request-id': 'req-568a6642-74b8-4fb1-ab9a-d78e2fd23dbd'}
        Body: {"router": {"status": "ACTIVE", "external_gateway_info": null, "availability_zone_hints": [], "availability_zones": [], "name": "tempest-router-smoke-372277588", "admin_state_up": true, "tenant_id": "7b60c50011fa4d2b85f35fe67c5c15be", "routes": [], "id": "06e5467b-cdbb-41be-b4bd-1a005b39c738"}}
2015-12-06 15:10:08,850 20336 INFO     [tempest_lib.common.rest_client] Request (TestNetworkAdvancedServerOps:test_server_connectivity_pause_unpause): 200 PUT http://10.0.2.15:9696/v2.0/routers/06e5467b-cdbb-41be-b4bd-1a005b39c738 0.786s
2015-12-06 15:10:08,851 20336 DEBUG    [tempest_lib.common.rest_client] Request - Headers: {'Content-Type': 'application/json', 'Accept': 'application/json', 'X-Auth-Token': '&lt;omitted&gt;'}
        Body: {"router": {"external_gateway_info": {"network_id": "700711ac-bd0f-4719-bb81-8c4d5ea40977"}, "name": "tempest-router-smoke-372277588", "admin_state_up": true}}
    Response - Headers: {'status': '200', 'content-length': '557', 'connection': 'close', 'date': 'Sun, 06 Dec 2015 15:10:08 GMT', 'content-type': 'application/json; charset=UTF-8', 'x-openstack-request-id': 'req-74588d90-edc6-4638-88ac-65615e284d0c'}
        Body: {"router": {"status": "ACTIVE", "external_gateway_info": {"network_id": "700711ac-bd0f-4719-bb81-8c4d5ea40977", "enable_snat": true, "external_fixed_ips": [{"subnet_id": "0bd6aedc-1da3-4fc8-bec7-81698b5c84db", "ip_address": "172.24.4.3"}, {"subnet_id": "5cfa4f56-dd8a-49a7-86a2-b3ef235d18d8", "ip_address": "2001:db8::3"}]}, "availability_zone_hints": [], "availability_zones": [], "name": "tempest-router-smoke-372277588", "admin_state_up": true, "tenant_id": "7b60c50011fa4d2b85f35fe67c5c15be", "routes": [], "id": "06e5467b-cdbb-41be-b4bd-1a005b39c738"}}
2015-12-06 15:10:09,009 20336 INFO     [tempest_lib.common.rest_client] Request (TestNetworkAdvancedServerOps:test_server_connectivity_pause_unpause): 200 GET http://10.0.2.15:9696/v2.0/subnets?tenant_id=7b60c50011fa4d2b85f35fe67c5c15be&amp;cidr=10.100.0.0%2F28 0.156s
2015-12-06 15:10:09,009 20336 DEBUG    [tempest_lib.common.rest_client] Request - Headers: {'Content-Type': 'application/json', 'Accept': 'application/json', 'X-Auth-Token': '&lt;omitted&gt;'}
        Body: None
    Response - Headers: {'status': '200', 'content-length': '15', 'content-location': 'http://10.0.2.15:9696/v2.0/subnets?tenant_id=7b60c50011fa4d2b85f35fe67c5c15be&amp;cidr=10.100.0.0%2F28', 'connection': 'close', 'date': 'Sun, 06 Dec 2015 15:10:09 GMT', 'content-type': 'application/json; charset=UTF-8', 'x-openstack-request-id': 'req-0b1c30e5-b9c0-4137-8fb4-9ed46afe6544'}
        Body: {"subnets": []}
2015-12-06 15:10:09,426 20336 INFO     [tempest_lib.common.rest_client] Request (TestNetworkAdvancedServerOps:test_server_connectivity_pause_unpause): 201 POST http://10.0.2.15:9696/v2.0/subnets 0.416s
2015-12-06 15:10:09,427 20336 DEBUG    [tempest_lib.common.rest_client] Request - Headers: {'Content-Type': 'application/json', 'Accept': 'application/json', 'X-Auth-Token': '&lt;omitted&gt;'}
        Body: {"subnet": {"ip_version": 4, "tenant_id": "7b60c50011fa4d2b85f35fe67c5c15be", "cidr": "10.100.0.0/28", "network_id": "d0ea77c3-646b-4838-ad32-13f83de36ed2", "name": "tempest-subnet-smoke-398096979"}}
    Response - Headers: {'status': '201', 'content-length': '477', 'connection': 'close', 'date': 'Sun, 06 Dec 2015 15:10:09 GMT', 'content-type': 'application/json; charset=UTF-8', 'x-openstack-request-id': 'req-ef79fca1-716f-4f75-ad31-6e4473aa10ce'}
        Body: {"subnet": {"name": "tempest-subnet-smoke-398096979", "enable_dhcp": true, "network_id": "d0ea77c3-646b-4838-ad32-13f83de36ed2", "tenant_id": "7b60c50011fa4d2b85f35fe67c5c15be", "dns_nameservers": [], "gateway_ip": "10.100.0.1", "ipv6_ra_mode": null, "allocation_pools": [{"start": "10.100.0.2", "end": "10.100.0.14"}], "host_routes": [], "ip_version": 4, "ipv6_address_mode": null, "cidr": "10.100.0.0/28", "id": "2020c4ed-329a-4802-8ccf-1843ef3f87d7", "subnetpool_id": null}}
2015-12-06 15:10:10,082 20336 INFO     [tempest_lib.common.rest_client] Request (TestNetworkAdvancedServerOps:test_server_connectivity_pause_unpause): 200 PUT http://10.0.2.15:9696/v2.0/routers/06e5467b-cdbb-41be-b4bd-1a005b39c738/add_router_interface 0.654s
2015-12-06 15:10:10,082 20336 DEBUG    [tempest_lib.common.rest_client] Request - Headers: {'Content-Type': 'application/json', 'Accept': 'application/json', 'X-Auth-Token': '&lt;omitted&gt;'}
        Body: {"subnet_id": "2020c4ed-329a-4802-8ccf-1843ef3f87d7"}
    Response - Headers: {'status': '200', 'content-length': '255', 'connection': 'close', 'date': 'Sun, 06 Dec 2015 15:10:10 GMT', 'content-type': 'application/json; charset=UTF-8', 'x-openstack-request-id': 'req-0ec26407-870f-4579-be04-fe61cdfce400'}
        Body: {"subnet_id": "2020c4ed-329a-4802-8ccf-1843ef3f87d7", "tenant_id": "7b60c50011fa4d2b85f35fe67c5c15be", "subnet_ids": ["2020c4ed-329a-4802-8ccf-1843ef3f87d7"], "port_id": "ee44f298-d216-4e5c-ac55-aa4949c10f5b", "id": "06e5467b-cdbb-41be-b4bd-1a005b39c738"}
2015-12-06 15:10:10,205 20336 INFO     [tempest_lib.common.rest_client] Request (TestNetworkAdvancedServerOps:test_server_connectivity_pause_unpause): 200 POST http://10.0.2.15:5000/v2.0/tokens
2015-12-06 15:10:10,205 20336 DEBUG    [tempest_lib.common.rest_client] Request - Headers: {'Content-Type': 'application/json', 'Accept': 'application/json'}
        Body: &lt;omitted&gt;
    Response - Headers: {'status': '200', 'content-length': '2566', 'vary': 'X-Auth-Token', 'server': 'Apache/2.4.7 (Ubuntu)', 'connection': 'close', 'date': 'Sun, 06 Dec 2015 15:10:10 GMT', 'content-type': 'application/json', 'x-openstack-request-id': 'req-afb6f936-b1b5-4720-bafc-509652674aae'}
        Body: {"access": {"token": {"issued_at": "2015-12-06T15:10:10.193586", "expires": "2015-12-06T16:10:10Z", "id": "281d7c03c8de447d80394f66ed6b5a4e", "tenant": {"description": "tempest-TestNetworkAdvancedServerOps-1233505320-desc", "enabled": true, "id": "7b60c50011fa4d2b85f35fe67c5c15be", "name": "tempest-TestNetworkAdvancedServerOps-1233505320"}, "audit_ids": ["NKh4mH3BRsSkRLvzhelPqg"]}, "serviceCatalog": [{"endpoints": [{"adminURL": "http://10.0.2.15:8774/v2.1/7b60c50011fa4d2b85f35fe67c5c15be", "region": "RegionOne", "internalURL": "http://10.0.2.15:8774/v2.1/7b60c50011fa4d2b85f35fe67c5c15be", "id": "852b3f563c954916bf5fe7463137e91c", "publicURL": "http://10.0.2.15:8774/v2.1/7b60c50011fa4d2b85f35fe67c5c15be"}], "endpoints_links": [], "type": "compute", "name": "nova"}, {"endpoints": [{"adminURL": "http://10.0.2.15:9696/", "region": "RegionOne", "internalURL": "http://10.0.2.15:9696/", "id": "4aa8278a59a9491b9e1c2ae8958560ee", "publicURL": "http://10.0.2.15:9696/"}], "endpoints_links": [], "type": "network", "name": "neutron"}, {"endpoints": [{"adminURL": "http://10.0.2.15:9292", "region": "RegionOne", "internalURL": "http://10.0.2.15:9292", "id": "27e4862febe9443f86cc45e9c5e1ec04", "publicURL": "http://10.0.2.15:9292"}], "endpoints_links": [], "type": "image", "name": "glance"}, {"endpoints": [{"adminURL": "http://10.0.2.15:8774/v2/7b60c50011fa4d2b85f35fe67c5c15be", "region": "RegionOne", "internalURL": "http://10.0.2.15:8774/v2/7b60c50011fa4d2b85f35fe67c5c15be", "id": "6d75c1665820444e8786876af688e84c", "publicURL": "http://10.0.2.15:8774/v2/7b60c50011fa4d2b85f35fe67c5c15be"}], "endpoints_links": [], "type": "compute_legacy", "name": "nova_legacy"}, {"endpoints": [{"adminURL": "http://10.0.2.15:8773/", "region": "RegionOne", "internalURL": "http://10.0.2.15:8773/", "id": "a484d150dbe3410db2dc10ec4cd649b7", "publicURL": "http://10.0.2.15:8773/"}], "endpoints_links": [], "type": "ec2", "name": "ec2"}, {"endpoints": [{"adminURL": "http://10.0.2.15:35357/v2.0", "region": "RegionOne", "internalURL": "http://10.0.2.15:5000/v2.0", "id": "0631a6aefbe444229f1065716f44c21b", "publicURL": "http://10.0.2.15:5000/v2.0"}], "endpoints_links": [], "type": "identity", "name": "keystone"}], "user": {"username": "tempest-TestNetworkAdvancedServerOps-1619767332", "roles_links": [], "id": "daa094c424264a0c987a14b500808ecf", "roles": [{"name": "_member_"}, {"name": "Member"}], "name": "tempest-TestNetworkAdvancedServerOps-1619767332"}, "metadata": {"is_admin": 0, "roles": ["9fe2ff9ee4384b1894a90878d3e92bab", "ee5b4e2484c4410dbf986236c1ec45ad"]}}}
2015-12-06 15:10:10,210 20336 DEBUG    [tempest.common.fixed_network] (TestNetworkAdvancedServerOps:test_server_connectivity_pause_unpause) No valid network provided or created, defaulting to fixed_network_name
2015-12-06 15:10:10,560 20336 INFO     [tempest_lib.common.rest_client] Request (TestNetworkAdvancedServerOps:test_server_connectivity_pause_unpause): 200 GET http://10.0.2.15:8774/v2.1/7b60c50011fa4d2b85f35fe67c5c15be/os-networks 0.349s
2015-12-06 15:10:10,560 20336 DEBUG    [tempest_lib.common.rest_client] Request - Headers: {'Content-Type': 'application/json', 'Accept': 'application/json', 'X-Auth-Token': '&lt;omitted&gt;'}
        Body: None
    Response - Headers: {'status': '200', 'content-length': '479', 'content-location': 'http://10.0.2.15:8774/v2.1/7b60c50011fa4d2b85f35fe67c5c15be/os-networks', 'x-compute-request-id': 'req-a14f4815-ac60-45d1-844f-16f8b9774c0f', 'vary': 'X-OpenStack-Nova-API-Version', 'connection': 'close', 'x-openstack-nova-api-version': '2.1', 'date': 'Sun, 06 Dec 2015 15:10:10 GMT', 'content-type': 'application/json'}
        Body: {"networks": [{"cidr_v6": null, "dns2": null, "dns1": null, "gateway": null, "broadcast": null, "netmask": null, "gateway_v6": null, "cidr": null, "label": "tempest-network-smoke--1103503753", "id": "d0ea77c3-646b-4838-ad32-13f83de36ed2", "netmask_v6": null}, {"cidr_v6": null, "dns2": null, "dns1": null, "gateway": null, "broadcast": null, "netmask": null, "gateway_v6": null, "cidr": null, "label": "public", "id": "700711ac-bd0f-4719-bb81-8c4d5ea40977", "netmask_v6": null}]}
2015-12-06 15:10:10,561 20336 WARNING  [tempest.common.fixed_network] (TestNetworkAdvancedServerOps:test_server_connectivity_pause_unpause) Network with name: private not found
2015-12-06 15:10:10,561 20336 INFO     [tempest.common.fixed_network] (TestNetworkAdvancedServerOps:test_server_connectivity_pause_unpause) Found network {} available for tenant
2015-12-06 15:10:12,026 20336 INFO     [tempest_lib.common.rest_client] Request (TestNetworkAdvancedServerOps:test_server_connectivity_pause_unpause): 202 POST http://10.0.2.15:8774/v2.1/7b60c50011fa4d2b85f35fe67c5c15be/servers 1.464s
2015-12-06 15:10:12,026 20336 DEBUG    [tempest_lib.common.rest_client] Request - Headers: {'Content-Type': 'application/json', 'Accept': 'application/json', 'X-Auth-Token': '&lt;omitted&gt;'}
        Body: {"server": {"name": "tempest.common.compute-instance-1691515776", "imageRef": "806f72c3-9f44-475f-af3a-59353dcd7fc5", "key_name": "tempest-TestNetworkAdvancedServerOps-522368631", "flavorRef": "42", "networks": [{"uuid": "d0ea77c3-646b-4838-ad32-13f83de36ed2"}], "security_groups": [{"name": "tempest-secgroup-smoke-1256896758"}]}}
    Response - Headers: {'status': '202', 'content-length': '462', 'x-compute-request-id': 'req-0fbdc72b-7bbb-4293-a34d-eea07c77894a', 'vary': 'X-OpenStack-Nova-API-Version', 'connection': 'close', 'location': 'http://10.0.2.15:8774/v2.1/7b60c50011fa4d2b85f35fe67c5c15be/servers/d890279a-3314-46e3-b64f-18b509069ddb', 'x-openstack-nova-api-version': '2.1', 'date': 'Sun, 06 Dec 2015 15:10:12 GMT', 'content-type': 'application/json'}
        Body: {"server": {"security_groups": [{"name": "tempest-secgroup-smoke-1256896758"}], "OS-DCF:diskConfig": "MANUAL", "id": "d890279a-3314-46e3-b64f-18b509069ddb", "links": [{"href": "http://10.0.2.15:8774/v2.1/7b60c50011fa4d2b85f35fe67c5c15be/servers/d890279a-3314-46e3-b64f-18b509069ddb", "rel": "self"}, {"href": "http://10.0.2.15:8774/7b60c50011fa4d2b85f35fe67c5c15be/servers/d890279a-3314-46e3-b64f-18b509069ddb", "rel": "bookmark"}], "adminPass": "f5DYzubJ59RT"}}
2015-12-06 15:10:12,305 20336 INFO     [tempest_lib.common.rest_client] Request (TestNetworkAdvancedServerOps:test_server_connectivity_pause_unpause): 200 GET http://10.0.2.15:8774/v2.1/7b60c50011fa4d2b85f35fe67c5c15be/servers/d890279a-3314-46e3-b64f-18b509069ddb 0.276s
2015-12-06 15:10:12,306 20336 DEBUG    [tempest_lib.common.rest_client] Request - Headers: {'Content-Type': 'application/json', 'Accept': 'application/json', 'X-Auth-Token': '&lt;omitted&gt;'}
        Body: None
    Response - Headers: {'status': '200', 'content-length': '1364', 'content-location': 'http://10.0.2.15:8774/v2.1/7b60c50011fa4d2b85f35fe67c5c15be/servers/d890279a-3314-46e3-b64f-18b509069ddb', 'x-compute-request-id': 'req-b4840643-727b-4425-b04a-8d0aee0095c7', 'vary': 'X-OpenStack-Nova-API-Version', 'connection': 'close', 'x-openstack-nova-api-version': '2.1', 'date': 'Sun, 06 Dec 2015 15:10:12 GMT', 'content-type': 'application/json'}
        Body: {"server": {"status": "BUILD", "updated": "2015-12-06T15:10:12Z", "hostId": "", "addresses": {}, "links": [{"href": "http://10.0.2.15:8774/v2.1/7b60c50011fa4d2b85f35fe67c5c15be/servers/d890279a-3314-46e3-b64f-18b509069ddb", "rel": "self"}, {"href": "http://10.0.2.15:8774/7b60c50011fa4d2b85f35fe67c5c15be/servers/d890279a-3314-46e3-b64f-18b509069ddb", "rel": "bookmark"}], "key_name": "tempest-TestNetworkAdvancedServerOps-522368631", "image": {"id": "806f72c3-9f44-475f-af3a-59353dcd7fc5", "links": [{"href": "http://10.0.2.15:8774/7b60c50011fa4d2b85f35fe67c5c15be/images/806f72c3-9f44-475f-af3a-59353dcd7fc5", "rel": "bookmark"}]}, "OS-EXT-STS:task_state": "scheduling", "OS-EXT-STS:vm_state": "building", "OS-SRV-USG:launched_at": null, "flavor": {"id": "42", "links": [{"href": "http://10.0.2.15:8774/7b60c50011fa4d2b85f35fe67c5c15be/flavors/42", "rel": "bookmark"}]}, "id": "d890279a-3314-46e3-b64f-18b509069ddb", "OS-SRV-USG:terminated_at": null, "OS-EXT-AZ:availability_zone": "", "user_id": "daa094c424264a0c987a14b500808ecf", "name": "tempest.common.compute-instance-1691515776", "created": "2015-12-06T15:10:11Z", "tenant_id": "7b60c50011fa4d2b85f35fe67c5c15be", "OS-DCF:diskConfig": "MANUAL", "os-extended-volumes:volumes_attached": [], "accessIPv4": "", "accessIPv6": "", "progress": 0, "OS-EXT-STS:power_state": 0, "config_drive": "", "metadata": {}}}
2015-12-06 15:10:13,475 20336 INFO     [tempest_lib.common.rest_client] Request (TestNetworkAdvancedServerOps:test_server_connectivity_pause_unpause): 200 GET http://10.0.2.15:8774/v2.1/7b60c50011fa4d2b85f35fe67c5c15be/servers/d890279a-3314-46e3-b64f-18b509069ddb 0.159s
2015-12-06 15:10:13,476 20336 DEBUG    [tempest_lib.common.rest_client] Request - Headers: {'Content-Type': 'application/json', 'Accept': 'application/json', 'X-Auth-Token': '&lt;omitted&gt;'}
        Body: None
    Response - Headers: {'status': '200', 'content-length': '1422', 'content-location': 'http://10.0.2.15:8774/v2.1/7b60c50011fa4d2b85f35fe67c5c15be/servers/d890279a-3314-46e3-b64f-18b509069ddb', 'x-compute-request-id': 'req-82201713-7640-4b13-aa88-6c6f1d767f7b', 'vary': 'X-OpenStack-Nova-API-Version', 'connection': 'close', 'x-openstack-nova-api-version': '2.1', 'date': 'Sun, 06 Dec 2015 15:10:13 GMT', 'content-type': 'application/json'}
        Body: {"server": {"status": "BUILD", "updated": "2015-12-06T15:10:13Z", "hostId": "4413289860f2a37484ec880b2381a049f8c1ea8c5e09ce000c37b29e", "addresses": {}, "links": [{"href": "http://10.0.2.15:8774/v2.1/7b60c50011fa4d2b85f35fe67c5c15be/servers/d890279a-3314-46e3-b64f-18b509069ddb", "rel": "self"}, {"href": "http://10.0.2.15:8774/7b60c50011fa4d2b85f35fe67c5c15be/servers/d890279a-3314-46e3-b64f-18b509069ddb", "rel": "bookmark"}], "key_name": "tempest-TestNetworkAdvancedServerOps-522368631", "image": {"id": "806f72c3-9f44-475f-af3a-59353dcd7fc5", "links": [{"href": "http://10.0.2.15:8774/7b60c50011fa4d2b85f35fe67c5c15be/images/806f72c3-9f44-475f-af3a-59353dcd7fc5", "rel": "bookmark"}]}, "OS-EXT-STS:task_state": "spawning", "OS-EXT-STS:vm_state": "building", "OS-SRV-USG:launched_at": null, "flavor": {"id": "42", "links": [{"href": "http://10.0.2.15:8774/7b60c50011fa4d2b85f35fe67c5c15be/flavors/42", "rel": "bookmark"}]}, "id": "d890279a-3314-46e3-b64f-18b509069ddb", "OS-SRV-USG:terminated_at": null, "OS-EXT-AZ:availability_zone": "nova", "user_id": "daa094c424264a0c987a14b500808ecf", "name": "tempest.common.compute-instance-1691515776", "created": "2015-12-06T15:10:11Z", "tenant_id": "7b60c50011fa4d2b85f35fe67c5c15be", "OS-DCF:diskConfig": "MANUAL", "os-extended-volumes:volumes_attached": [], "accessIPv4": "", "accessIPv6": "", "progress": 0, "OS-EXT-STS:power_state": 0, "config_drive": "", "metadata": {}}}
2015-12-06 15:10:13,489 20336 INFO     [tempest.common.waiters] State transition "BUILD/scheduling" ==&gt; "BUILD/spawning" after 1 second wait
2015-12-06 15:10:14,848 20336 INFO     [tempest_lib.common.rest_client] Request (TestNetworkAdvancedServerOps:test_server_connectivity_pause_unpause): 200 GET http://10.0.2.15:8774/v2.1/7b60c50011fa4d2b85f35fe67c5c15be/servers/d890279a-3314-46e3-b64f-18b509069ddb 0.358s
2015-12-06 15:10:14,849 20336 DEBUG    [tempest_lib.common.rest_client] Request - Headers: {'Content-Type': 'application/json', 'Accept': 'application/json', 'X-Auth-Token': '&lt;omitted&gt;'}
        Body: None
    Response - Headers: {'status': '200', 'content-length': '1490', 'content-location': 'http://10.0.2.15:8774/v2.1/7b60c50011fa4d2b85f35fe67c5c15be/servers/d890279a-3314-46e3-b64f-18b509069ddb', 'x-compute-request-id': 'req-d983c6c5-c684-4075-80c7-741bb6b4c093', 'vary': 'X-OpenStack-Nova-API-Version', 'connection': 'close', 'x-openstack-nova-api-version': '2.1', 'date': 'Sun, 06 Dec 2015 15:10:14 GMT', 'content-type': 'application/json'}
        Body: {"server": {"status": "BUILD", "updated": "2015-12-06T15:10:13Z", "hostId": "4413289860f2a37484ec880b2381a049f8c1ea8c5e09ce000c37b29e", "addresses": {}, "links": [{"href": "http://10.0.2.15:8774/v2.1/7b60c50011fa4d2b85f35fe67c5c15be/servers/d890279a-3314-46e3-b64f-18b509069ddb", "rel": "self"}, {"href": "http://10.0.2.15:8774/7b60c50011fa4d2b85f35fe67c5c15be/servers/d890279a-3314-46e3-b64f-18b509069ddb", "rel": "bookmark"}], "key_name": "tempest-TestNetworkAdvancedServerOps-522368631", "image": {"id": "806f72c3-9f44-475f-af3a-59353dcd7fc5", "links": [{"href": "http://10.0.2.15:8774/7b60c50011fa4d2b85f35fe67c5c15be/images/806f72c3-9f44-475f-af3a-59353dcd7fc5", "rel": "bookmark"}]}, "OS-EXT-STS:task_state": "spawning", "OS-EXT-STS:vm_state": "building", "OS-SRV-USG:launched_at": null, "flavor": {"id": "42", "links": [{"href": "http://10.0.2.15:8774/7b60c50011fa4d2b85f35fe67c5c15be/flavors/42", "rel": "bookmark"}]}, "id": "d890279a-3314-46e3-b64f-18b509069ddb", "security_groups": [{"name": "tempest-secgroup-smoke-1256896758"}], "OS-SRV-USG:terminated_at": null, "OS-EXT-AZ:availability_zone": "nova", "user_id": "daa094c424264a0c987a14b500808ecf", "name": "tempest.common.compute-instance-1691515776", "created": "2015-12-06T15:10:11Z", "tenant_id": "7b60c50011fa4d2b85f35fe67c5c15be", "OS-DCF:diskConfig": "MANUAL", "os-extended-volumes:volumes_attached": [], "accessIPv4": "", "accessIPv6": "", "progress": 0, "OS-EXT-STS:power_state": 0, "config_drive": "", "metadata": {}}}
2015-12-06 15:10:16,136 20336 INFO     [tempest_lib.common.rest_client] Request (TestNetworkAdvancedServerOps:test_server_connectivity_pause_unpause): 200 GET http://10.0.2.15:8774/v2.1/7b60c50011fa4d2b85f35fe67c5c15be/servers/d890279a-3314-46e3-b64f-18b509069ddb 0.277s
2015-12-06 15:10:16,136 20336 DEBUG    [tempest_lib.common.rest_client] Request - Headers: {'Content-Type': 'application/json', 'Accept': 'application/json', 'X-Auth-Token': '&lt;omitted&gt;'}
        Body: None
    Response - Headers: {'status': '200', 'content-length': '1662', 'content-location': 'http://10.0.2.15:8774/v2.1/7b60c50011fa4d2b85f35fe67c5c15be/servers/d890279a-3314-46e3-b64f-18b509069ddb', 'x-compute-request-id': 'req-7bf18fd3-2056-492e-a0ab-bc77c5d7f4c0', 'vary': 'X-OpenStack-Nova-API-Version', 'connection': 'close', 'x-openstack-nova-api-version': '2.1', 'date': 'Sun, 06 Dec 2015 15:10:16 GMT', 'content-type': 'application/json'}
        Body: {"server": {"status": "ACTIVE", "updated": "2015-12-06T15:10:15Z", "hostId": "4413289860f2a37484ec880b2381a049f8c1ea8c5e09ce000c37b29e", "addresses": {"tempest-network-smoke--1103503753": [{"OS-EXT-IPS-MAC:mac_addr": "fa:16:3e:22:2d:81", "version": 4, "addr": "10.100.0.3", "OS-EXT-IPS:type": "fixed"}]}, "links": [{"href": "http://10.0.2.15:8774/v2.1/7b60c50011fa4d2b85f35fe67c5c15be/servers/d890279a-3314-46e3-b64f-18b509069ddb", "rel": "self"}, {"href": "http://10.0.2.15:8774/7b60c50011fa4d2b85f35fe67c5c15be/servers/d890279a-3314-46e3-b64f-18b509069ddb", "rel": "bookmark"}], "key_name": "tempest-TestNetworkAdvancedServerOps-522368631", "image": {"id": "806f72c3-9f44-475f-af3a-59353dcd7fc5", "links": [{"href": "http://10.0.2.15:8774/7b60c50011fa4d2b85f35fe67c5c15be/images/806f72c3-9f44-475f-af3a-59353dcd7fc5", "rel": "bookmark"}]}, "OS-EXT-STS:task_state": null, "OS-EXT-STS:vm_state": "active", "OS-SRV-USG:launched_at": "2015-12-06T15:10:15.000000", "flavor": {"id": "42", "links": [{"href": "http://10.0.2.15:8774/7b60c50011fa4d2b85f35fe67c5c15be/flavors/42", "rel": "bookmark"}]}, "id": "d890279a-3314-46e3-b64f-18b509069ddb", "security_groups": [{"name": "tempest-secgroup-smoke-1256896758"}], "OS-SRV-USG:terminated_at": null, "OS-EXT-AZ:availability_zone": "nova", "user_id": "daa094c424264a0c987a14b500808ecf", "name": "tempest.common.compute-instance-1691515776", "created": "2015-12-06T15:10:11Z", "tenant_id": "7b60c50011fa4d2b85f35fe67c5c15be", "OS-DCF:diskConfig": "MANUAL", "os-extended-volumes:volumes_attached": [], "accessIPv4": "", "accessIPv6": "", "progress": 0, "OS-EXT-STS:power_state": 1, "config_drive": "True", "metadata": {}}}
2015-12-06 15:10:16,145 20336 INFO     [tempest.common.waiters] State transition "BUILD/spawning" ==&gt; "ACTIVE/None" after 4 second wait
2015-12-06 15:10:16,341 20336 INFO     [tempest_lib.common.rest_client] Request (TestNetworkAdvancedServerOps:test_server_connectivity_pause_unpause): 200 GET http://10.0.2.15:8774/v2.1/7b60c50011fa4d2b85f35fe67c5c15be/servers/d890279a-3314-46e3-b64f-18b509069ddb 0.195s
2015-12-06 15:10:16,342 20336 DEBUG    [tempest_lib.common.rest_client] Request - Headers: {'Content-Type': 'application/json', 'Accept': 'application/json', 'X-Auth-Token': '&lt;omitted&gt;'}
        Body: None
    Response - Headers: {'status': '200', 'content-length': '1662', 'content-location': 'http://10.0.2.15:8774/v2.1/7b60c50011fa4d2b85f35fe67c5c15be/servers/d890279a-3314-46e3-b64f-18b509069ddb', 'x-compute-request-id': 'req-ea90137a-92ed-41c9-b739-a24a48540065', 'vary': 'X-OpenStack-Nova-API-Version', 'connection': 'close', 'x-openstack-nova-api-version': '2.1', 'date': 'Sun, 06 Dec 2015 15:10:16 GMT', 'content-type': 'application/json'}
        Body: {"server": {"status": "ACTIVE", "updated": "2015-12-06T15:10:15Z", "hostId": "4413289860f2a37484ec880b2381a049f8c1ea8c5e09ce000c37b29e", "addresses": {"tempest-network-smoke--1103503753": [{"OS-EXT-IPS-MAC:mac_addr": "fa:16:3e:22:2d:81", "version": 4, "addr": "10.100.0.3", "OS-EXT-IPS:type": "fixed"}]}, "links": [{"href": "http://10.0.2.15:8774/v2.1/7b60c50011fa4d2b85f35fe67c5c15be/servers/d890279a-3314-46e3-b64f-18b509069ddb", "rel": "self"}, {"href": "http://10.0.2.15:8774/7b60c50011fa4d2b85f35fe67c5c15be/servers/d890279a-3314-46e3-b64f-18b509069ddb", "rel": "bookmark"}], "key_name": "tempest-TestNetworkAdvancedServerOps-522368631", "image": {"id": "806f72c3-9f44-475f-af3a-59353dcd7fc5", "links": [{"href": "http://10.0.2.15:8774/7b60c50011fa4d2b85f35fe67c5c15be/images/806f72c3-9f44-475f-af3a-59353dcd7fc5", "rel": "bookmark"}]}, "OS-EXT-STS:task_state": null, "OS-EXT-STS:vm_state": "active", "OS-SRV-USG:launched_at": "2015-12-06T15:10:15.000000", "flavor": {"id": "42", "links": [{"href": "http://10.0.2.15:8774/7b60c50011fa4d2b85f35fe67c5c15be/flavors/42", "rel": "bookmark"}]}, "id": "d890279a-3314-46e3-b64f-18b509069ddb", "security_groups": [{"name": "tempest-secgroup-smoke-1256896758"}], "OS-SRV-USG:terminated_at": null, "OS-EXT-AZ:availability_zone": "nova", "user_id": "daa094c424264a0c987a14b500808ecf", "name": "tempest.common.compute-instance-1691515776", "created": "2015-12-06T15:10:11Z", "tenant_id": "7b60c50011fa4d2b85f35fe67c5c15be", "OS-DCF:diskConfig": "MANUAL", "os-extended-volumes:volumes_attached": [], "accessIPv4": "", "accessIPv6": "", "progress": 0, "OS-EXT-STS:power_state": 1, "config_drive": "True", "metadata": {}}}
2015-12-06 15:10:16,480 20336 INFO     [tempest_lib.common.rest_client] Request (TestNetworkAdvancedServerOps:test_server_connectivity_pause_unpause): 200 GET http://10.0.2.15:9696/v2.0/ports?status=ACTIVE&amp;fixed_ip=None&amp;device_id=d890279a-3314-46e3-b64f-18b509069ddb 0.129s
2015-12-06 15:10:16,480 20336 DEBUG    [tempest_lib.common.rest_client] Request - Headers: {'Content-Type': 'application/json', 'Accept': 'application/json', 'X-Auth-Token': '&lt;omitted&gt;'}
        Body: None
    Response - Headers: {'status': '200', 'content-length': '895', 'content-location': 'http://10.0.2.15:9696/v2.0/ports?status=ACTIVE&amp;fixed_ip=None&amp;device_id=d890279a-3314-46e3-b64f-18b509069ddb', 'connection': 'close', 'date': 'Sun, 06 Dec 2015 15:10:16 GMT', 'content-type': 'application/json; charset=UTF-8', 'x-openstack-request-id': 'req-f58c9b1f-dd58-4826-8c0f-06f2d38a0f13'}
        Body: {"ports": [{"status": "ACTIVE", "binding:host_id": "vagrant-ubuntu-trusty-64", "allowed_address_pairs": [], "extra_dhcp_opts": [], "dns_assignment": [{"hostname": "host-10-100-0-3", "ip_address": "10.100.0.3", "fqdn": "host-10-100-0-3.openstacklocal."}], "device_owner": "compute:None", "port_security_enabled": true, "binding:profile": {}, "fixed_ips": [{"subnet_id": "2020c4ed-329a-4802-8ccf-1843ef3f87d7", "ip_address": "10.100.0.3"}], "id": "34946be6-ffef-4ff1-8fc2-955d8774efa9", "security_groups": ["29eb5ef4-8c2f-4597-bbb2-f57006f49690"], "device_id": "d890279a-3314-46e3-b64f-18b509069ddb", "name": "", "admin_state_up": true, "network_id": "d0ea77c3-646b-4838-ad32-13f83de36ed2", "dns_name": "", "binding:vif_details": {"port_filter": true}, "binding:vnic_type": "normal", "binding:vif_type": "ovs", "tenant_id": "7b60c50011fa4d2b85f35fe67c5c15be", "mac_address": "fa:16:3e:22:2d:81"}]}
2015-12-06 15:10:17,088 20336 INFO     [tempest_lib.common.rest_client] Request (TestNetworkAdvancedServerOps:test_server_connectivity_pause_unpause): 201 POST http://10.0.2.15:9696/v2.0/floatingips 0.606s
2015-12-06 15:10:17,088 20336 DEBUG    [tempest_lib.common.rest_client] Request - Headers: {'Content-Type': 'application/json', 'Accept': 'application/json', 'X-Auth-Token': '&lt;omitted&gt;'}
        Body: {"floatingip": {"floating_network_id": "700711ac-bd0f-4719-bb81-8c4d5ea40977", "tenant_id": "7b60c50011fa4d2b85f35fe67c5c15be", "fixed_ip_address": "10.100.0.3", "port_id": "34946be6-ffef-4ff1-8fc2-955d8774efa9"}}
    Response - Headers: {'status': '201', 'content-length': '367', 'connection': 'close', 'date': 'Sun, 06 Dec 2015 15:10:17 GMT', 'content-type': 'application/json; charset=UTF-8', 'x-openstack-request-id': 'req-6453ff1d-1504-4441-89dc-eeda02e99e21'}
        Body: {"floatingip": {"floating_network_id": "700711ac-bd0f-4719-bb81-8c4d5ea40977", "router_id": "06e5467b-cdbb-41be-b4bd-1a005b39c738", "fixed_ip_address": "10.100.0.3", "floating_ip_address": "172.24.4.4", "tenant_id": "7b60c50011fa4d2b85f35fe67c5c15be", "status": "DOWN", "port_id": "34946be6-ffef-4ff1-8fc2-955d8774efa9", "id": "63957a84-0055-45a8-b6de-d610a770861e"}}
2015-12-06 15:10:17,333 20336 INFO     [tempest_lib.common.rest_client] Request (TestNetworkAdvancedServerOps:test_server_connectivity_pause_unpause): 200 GET http://10.0.2.15:8774/v2.1/7b60c50011fa4d2b85f35fe67c5c15be/servers/d890279a-3314-46e3-b64f-18b509069ddb 0.243s
2015-12-06 15:10:17,334 20336 DEBUG    [tempest_lib.common.rest_client] Request - Headers: {'Content-Type': 'application/json', 'Accept': 'application/json', 'X-Auth-Token': '&lt;omitted&gt;'}
        Body: None
    Response - Headers: {'status': '200', 'content-length': '1662', 'content-location': 'http://10.0.2.15:8774/v2.1/7b60c50011fa4d2b85f35fe67c5c15be/servers/d890279a-3314-46e3-b64f-18b509069ddb', 'x-compute-request-id': 'req-ed3bdf19-323f-49cc-8eee-eba82c03d7fa', 'vary': 'X-OpenStack-Nova-API-Version', 'connection': 'close', 'x-openstack-nova-api-version': '2.1', 'date': 'Sun, 06 Dec 2015 15:10:17 GMT', 'content-type': 'application/json'}
        Body: {"server": {"status": "ACTIVE", "updated": "2015-12-06T15:10:15Z", "hostId": "4413289860f2a37484ec880b2381a049f8c1ea8c5e09ce000c37b29e", "addresses": {"tempest-network-smoke--1103503753": [{"OS-EXT-IPS-MAC:mac_addr": "fa:16:3e:22:2d:81", "version": 4, "addr": "10.100.0.3", "OS-EXT-IPS:type": "fixed"}]}, "links": [{"href": "http://10.0.2.15:8774/v2.1/7b60c50011fa4d2b85f35fe67c5c15be/servers/d890279a-3314-46e3-b64f-18b509069ddb", "rel": "self"}, {"href": "http://10.0.2.15:8774/7b60c50011fa4d2b85f35fe67c5c15be/servers/d890279a-3314-46e3-b64f-18b509069ddb", "rel": "bookmark"}], "key_name": "tempest-TestNetworkAdvancedServerOps-522368631", "image": {"id": "806f72c3-9f44-475f-af3a-59353dcd7fc5", "links": [{"href": "http://10.0.2.15:8774/7b60c50011fa4d2b85f35fe67c5c15be/images/806f72c3-9f44-475f-af3a-59353dcd7fc5", "rel": "bookmark"}]}, "OS-EXT-STS:task_state": null, "OS-EXT-STS:vm_state": "active", "OS-SRV-USG:launched_at": "2015-12-06T15:10:15.000000", "flavor": {"id": "42", "links": [{"href": "http://10.0.2.15:8774/7b60c50011fa4d2b85f35fe67c5c15be/flavors/42", "rel": "bookmark"}]}, "id": "d890279a-3314-46e3-b64f-18b509069ddb", "security_groups": [{"name": "tempest-secgroup-smoke-1256896758"}], "OS-SRV-USG:terminated_at": null, "OS-EXT-AZ:availability_zone": "nova", "user_id": "daa094c424264a0c987a14b500808ecf", "name": "tempest.common.compute-instance-1691515776", "created": "2015-12-06T15:10:11Z", "tenant_id": "7b60c50011fa4d2b85f35fe67c5c15be", "OS-DCF:diskConfig": "MANUAL", "os-extended-volumes:volumes_attached": [], "accessIPv4": "", "accessIPv6": "", "progress": 0, "OS-EXT-STS:power_state": 1, "config_drive": "True", "metadata": {}}}
2015-12-06 15:10:17,351 20336 INFO     [tempest.scenario.manager] Tenant networks not configured to be reachable.
2015-12-06 15:10:17,367 20336 INFO     [tempest_lib.common.rest_client] Request (TestNetworkAdvancedServerOps:test_server_connectivity_pause_unpause): 200 GET http://10.0.2.15:9696/v2.0/floatingips/63957a84-0055-45a8-b6de-d610a770861e 0.014s
2015-12-06 15:10:17,367 20336 DEBUG    [tempest_lib.common.rest_client] Request - Headers: {'Content-Type': 'application/json', 'Accept': 'application/json', 'X-Auth-Token': '&lt;omitted&gt;'}
        Body: None
    Response - Headers: {'status': '200', 'content-length': '367', 'content-location': 'http://10.0.2.15:9696/v2.0/floatingips/63957a84-0055-45a8-b6de-d610a770861e', 'connection': 'close', 'date': 'Sun, 06 Dec 2015 15:10:17 GMT', 'content-type': 'application/json; charset=UTF-8', 'x-openstack-request-id': 'req-9ab007c1-d246-4101-8321-765322f65e45'}
        Body: {"floatingip": {"floating_network_id": "700711ac-bd0f-4719-bb81-8c4d5ea40977", "router_id": "06e5467b-cdbb-41be-b4bd-1a005b39c738", "fixed_ip_address": "10.100.0.3", "floating_ip_address": "172.24.4.4", "tenant_id": "7b60c50011fa4d2b85f35fe67c5c15be", "status": "DOWN", "port_id": "34946be6-ffef-4ff1-8fc2-955d8774efa9", "id": "63957a84-0055-45a8-b6de-d610a770861e"}}
2015-12-06 15:10:18,383 20336 INFO     [tempest_lib.common.rest_client] Request (TestNetworkAdvancedServerOps:test_server_connectivity_pause_unpause): 200 GET http://10.0.2.15:9696/v2.0/floatingips/63957a84-0055-45a8-b6de-d610a770861e 0.014s
2015-12-06 15:10:18,383 20336 DEBUG    [tempest_lib.common.rest_client] Request - Headers: {'Content-Type': 'application/json', 'Accept': 'application/json', 'X-Auth-Token': '&lt;omitted&gt;'}
        Body: None
    Response - Headers: {'status': '200', 'content-length': '369', 'content-location': 'http://10.0.2.15:9696/v2.0/floatingips/63957a84-0055-45a8-b6de-d610a770861e', 'connection': 'close', 'date': 'Sun, 06 Dec 2015 15:10:18 GMT', 'content-type': 'application/json; charset=UTF-8', 'x-openstack-request-id': 'req-353a8519-eb76-4181-b30d-4080f1fc086a'}
        Body: {"floatingip": {"floating_network_id": "700711ac-bd0f-4719-bb81-8c4d5ea40977", "router_id": "06e5467b-cdbb-41be-b4bd-1a005b39c738", "fixed_ip_address": "10.100.0.3", "floating_ip_address": "172.24.4.4", "tenant_id": "7b60c50011fa4d2b85f35fe67c5c15be", "status": "ACTIVE", "port_id": "34946be6-ffef-4ff1-8fc2-955d8774efa9", "id": "63957a84-0055-45a8-b6de-d610a770861e"}}
2015-12-06 15:10:18,384 20336 INFO     [tempest.scenario.manager] FloatingIP: &lt;"FloatingIP" addr="172.24.4.4" id="63957a84-0055-45a8-b6de-d610a770861e"&gt; is at status: ACTIVE
2015-12-06 15:10:18,384 20336 DEBUG    [tempest.scenario.manager] checking network connections to IP 172.24.4.4 with user: cirros
2015-12-06 15:10:18,384 20336 DEBUG    [tempest.scenario.manager] TestNetworkAdvancedServerOps:test_server_connectivity_pause_unpause begins to ping 172.24.4.4 in 120 sec and the expected result is reachable
2015-12-06 15:12:19,723 20336 DEBUG    [tempest.scenario.manager] TestNetworkAdvancedServerOps:test_server_connectivity_pause_unpause finishes ping 172.24.4.4 in 120 sec and the ping result is unexpected
2015-12-06 15:12:19,724 20336 ERROR    [tempest.scenario.manager] Public network connectivity check failed
2015-12-06 15:12:19.724 20336 ERROR tempest.scenario.manager Traceback (most recent call last):
2015-12-06 15:12:19.724 20336 ERROR tempest.scenario.manager   File "tempest/scenario/manager.py", line 606, in check_public_network_connectivity
2015-12-06 15:12:19.724 20336 ERROR tempest.scenario.manager     should_connect=should_connect)
2015-12-06 15:12:19.724 20336 ERROR tempest.scenario.manager   File "tempest/scenario/manager.py", line 590, in check_vm_connectivity
2015-12-06 15:12:19.724 20336 ERROR tempest.scenario.manager     msg=msg)
2015-12-06 15:12:19.724 20336 ERROR tempest.scenario.manager   File "/usr/local/lib/python2.7/dist-packages/unittest2/case.py", line 702, in assertTrue
2015-12-06 15:12:19.724 20336 ERROR tempest.scenario.manager     raise self.failureException(msg)
2015-12-06 15:12:19.724 20336 ERROR tempest.scenario.manager AssertionError: False is not true : Timed out waiting for 172.24.4.4 to become reachable
2015-12-06 15:12:19.724 20336 ERROR tempest.scenario.manager 
2015-12-06 15:12:19,954 20336 INFO     [tempest_lib.common.rest_client] Request (TestNetworkAdvancedServerOps:test_server_connectivity_pause_unpause): 200 POST http://10.0.2.15:8774/v2.1/7b60c50011fa4d2b85f35fe67c5c15be/servers/d890279a-3314-46e3-b64f-18b509069ddb/action 0.227s
2015-12-06 15:12:19,955 20336 DEBUG    [tempest_lib.common.rest_client] Request - Headers: {'Content-Type': 'application/json', 'Accept': 'application/json', 'X-Auth-Token': '&lt;omitted&gt;'}
        Body: {"os-getConsoleOutput": {}}
    Response - Headers: {'status': '200', 'content-length': '17429', 'x-compute-request-id': 'req-539e1a86-8eac-4a65-b820-587415c87429', 'vary': 'X-OpenStack-Nova-API-Version', 'connection': 'close', 'x-openstack-nova-api-version': '2.1', 'date': 'Sun, 06 Dec 2015 15:12:19 GMT', 'content-type': 'application/json'}
        Body: {"output": "[    0.000000] Initializing cgroup subsys cpuset\n[    0.000000] Initializing cgroup subsys cpu\n[    0.000000] Linux version 3.2.0-80-virtual (buildd@batsu) (gcc version 4.6.3 (Ubuntu/Linaro 4.6.3-1ubuntu5) ) #116-Ubuntu SMP Mon Mar 23 17:28:52 UTC 2015 (Ubuntu 3.2.0-80.116-virtual 3.2.68)\n[    0.000000] Command line: root=/dev/vda console=tty0 console=ttyS0 no_timer_check\n[    0.000000] KERNEL supported cpus:\n[    0.000000]   Intel GenuineIntel\n[    0.000000]   AMD AuthenticAMD\n[    0.000000]   Centaur CentaurHauls\n[    0.000000] BIOS-provided physical RAM map:\n[    0.000000]  BIOS-e820: 0000000000000000 - 000000000009fc00 (usable)\n[    0.000000]  BIOS-e820: 000000000009fc00 - 00000000000a0000 (reserved)\n[    0.000000]  BIOS-e820: 00000000000f0000 - 0000000000100000 (reserved)\n[    0.000000]  BIOS-e820: 0000000000100000 - 0000000003ffe000 (usable)\n[    0.000000]  BIOS-e820: 0000000003ffe000 - 0000000004000000 (reserved)\n[    0.000000]  BIOS-e820: 00000000fffc0000 - 0000000100000000 (reserved)\n[    0.000000] NX (Execute Disable) protection: active\n[    0.000000] SMBIOS 2.4 present.\n[    0.000000] No AGP bridge found\n[    0.000000] last_pfn = 0x3ffe max_arch_pfn = 0x400000000\n[    0.000000] x86 PAT enabled: cpu 0, old 0x7040600070406, new 0x7010600070106\n[    0.000000] found SMP MP-table at [ffff8800000f0b00] f0b00\n[    0.000000] init_memory_mapping: 0000000000000000-0000000003ffe000\n[    0.000000] RAMDISK: 03c5e000 - 03ff0000\n[    0.000000] ACPI: RSDP 00000000000f0950 00014 (v00 BOCHS )\n[    0.000000] ACPI: RSDT 0000000003fffbc1 00034 (v01 BOCHS  BXPCRSDT 00000001 BXPC 00000001)\n[    0.000000] ACPI: FACP 0000000003fff1c0 00074 (v01 BOCHS  BXPCFACP 00000001 BXPC 00000001)\n[    0.000000] ACPI: DSDT 0000000003ffe040 01180 (v01 BOCHS  BXPCDSDT 00000001 BXPC 00000001)\n[    0.000000] ACPI: FACS 0000000003ffe000 00040\n[    0.000000] ACPI: SSDT 0000000003fff234 008DD (v01 BOCHS  BXPCSSDT 00000001 BXPC 00000001)\n[    0.000000] ACPI: APIC 0000000003fffb11 00078 (v01 BOCHS  BXPCAPIC 00000001 BXPC 00000001)\n[    0.000000] ACPI: HPET 0000000003fffb89 00038 (v01 BOCHS  BXPCHPET 00000001 BXPC 00000001)\n[    0.000000] No NUMA configuration found\n[    0.000000] Faking a node at 0000000000000000-0000000003ffe000\n[    0.000000] Initmem setup node 0 0000000000000000-0000000003ffe000\n[    0.000000]   NODE_DATA [0000000003ff6000 - 0000000003ffafff]\n[    0.000000] Zone PFN ranges:\n[    0.000000]   DMA      0x00000010 -&gt; 0x00001000\n[    0.000000]   DMA32    0x00001000 -&gt; 0x00100000\n[    0.000000]   Normal   empty\n[    0.000000] Movable zone start PFN for each node\n[    0.000000] early_node_map[2] active PFN ranges\n[    0.000000]     0: 0x00000010 -&gt; 0x0000009f\n[    0.000000]     0: 0x00000100 -&gt; 0x00003ffe\n[    0.000000] ACPI: PM-Timer IO Port: 0xb008\n[    0.000000] ACPI: LAPIC (acpi_id[0x00] lapic_id[0x00] enabled)\n[    0.000000] ACPI: LAPIC_NMI (acpi_id[0xff] dfl dfl lint[0x1])\n[    0.000000] ACPI: IOAPIC (id[0x00] address[0xfec00000] gsi_base[0])\n[    0.000000] IOAPIC[0]: apic_id 0, version 17, address 0xfec00000, GSI 0-23\n[    0.000000] ACPI: INT_SRC_OVR (bus 0 bus_irq 0 global_irq 2 dfl dfl)\n[    0.000000] ACPI: INT_SRC_OVR (bus 0 bus_irq 5 global_irq 5 high level)\n[    0.000000] ACPI: INT_SRC_OVR (bus 0 bus_irq 9 global_irq 9 high level)\n[    0.000000] ACPI: INT_SRC_OVR (bus 0 bus_irq 10 global_irq 10 high level)\n[    0.000000] ACPI: INT_SRC_OVR (bus 0 bus_irq 11 global_irq 11 high level)\n[    0.000000] Using ACPI (MADT) for SMP configuration information\n[    0.000000] ACPI: HPET id: 0x8086a201 base: 0xfed00000\n[    0.000000] SMP: Allowing 1 CPUs, 0 hotplug CPUs\n[    0.000000] PM: Registered nosave memory: 000000000009f000 - 00000000000a0000\n[    0.000000] PM: Registered nosave memory: 00000000000a0000 - 00000000000f0000\n[    0.000000] PM: Registered nosave memory: 00000000000f0000 - 0000000000100000\n[    0.000000] Allocating PCI resources starting at 4000000 (gap: 4000000:fbfc0000)\n[    0.000000] Booting paravirtualized kernel on bare hardware\n[    0.000000] setup_pe
2015-12-06 15:12:19,960 20336 DEBUG    [tempest.scenario.manager] Console output for d890279a-3314-46e3-b64f-18b509069ddb
body=
[    0.000000] Initializing cgroup subsys cpuset
[    0.000000] Initializing cgroup subsys cpu
[    0.000000] Linux version 3.2.0-80-virtual (buildd@batsu) (gcc version 4.6.3 (Ubuntu/Linaro 4.6.3-1ubuntu5) ) #116-Ubuntu SMP Mon Mar 23 17:28:52 UTC 2015 (Ubuntu 3.2.0-80.116-virtual 3.2.68)
[    0.000000] Command line: root=/dev/vda console=tty0 console=ttyS0 no_timer_check
[    0.000000] KERNEL supported cpus:
[    0.000000]   Intel GenuineIntel
[    0.000000]   AMD AuthenticAMD
[    0.000000]   Centaur CentaurHauls
[    0.000000] BIOS-provided physical RAM map:
[    0.000000]  BIOS-e820: 0000000000000000 - 000000000009fc00 (usable)
[    0.000000]  BIOS-e820: 000000000009fc00 - 00000000000a0000 (reserved)
[    0.000000]  BIOS-e820: 00000000000f0000 - 0000000000100000 (reserved)
[    0.000000]  BIOS-e820: 0000000000100000 - 0000000003ffe000 (usable)
[    0.000000]  BIOS-e820: 0000000003ffe000 - 0000000004000000 (reserved)
[    0.000000]  BIOS-e820: 00000000fffc0000 - 0000000100000000 (reserved)
[    0.000000] NX (Execute Disable) protection: active
[    0.000000] SMBIOS 2.4 present.
[    0.000000] No AGP bridge found
[    0.000000] last_pfn = 0x3ffe max_arch_pfn = 0x400000000
[    0.000000] x86 PAT enabled: cpu 0, old 0x7040600070406, new 0x7010600070106
[    0.000000] found SMP MP-table at [ffff8800000f0b00] f0b00
[    0.000000] init_memory_mapping: 0000000000000000-0000000003ffe000
[    0.000000] RAMDISK: 03c5e000 - 03ff0000
[    0.000000] ACPI: RSDP 00000000000f0950 00014 (v00 BOCHS )
[    0.000000] ACPI: RSDT 0000000003fffbc1 00034 (v01 BOCHS  BXPCRSDT 00000001 BXPC 00000001)
[    0.000000] ACPI: FACP 0000000003fff1c0 00074 (v01 BOCHS  BXPCFACP 00000001 BXPC 00000001)
[    0.000000] ACPI: DSDT 0000000003ffe040 01180 (v01 BOCHS  BXPCDSDT 00000001 BXPC 00000001)
[    0.000000] ACPI: FACS 0000000003ffe000 00040
[    0.000000] ACPI: SSDT 0000000003fff234 008DD (v01 BOCHS  BXPCSSDT 00000001 BXPC 00000001)
[    0.000000] ACPI: APIC 0000000003fffb11 00078 (v01 BOCHS  BXPCAPIC 00000001 BXPC 00000001)
[    0.000000] ACPI: HPET 0000000003fffb89 00038 (v01 BOCHS  BXPCHPET 00000001 BXPC 00000001)
[    0.000000] No NUMA configuration found
[    0.000000] Faking a node at 0000000000000000-0000000003ffe000
[    0.000000] Initmem setup node 0 0000000000000000-0000000003ffe000
[    0.000000]   NODE_DATA [0000000003ff6000 - 0000000003ffafff]
[    0.000000] Zone PFN ranges:
[    0.000000]   DMA      0x00000010 -&gt; 0x00001000
[    0.000000]   DMA32    0x00001000 -&gt; 0x00100000
[    0.000000]   Normal   empty
[    0.000000] Movable zone start PFN for each node
[    0.000000] early_node_map[2] active PFN ranges
[    0.000000]     0: 0x00000010 -&gt; 0x0000009f
[    0.000000]     0: 0x00000100 -&gt; 0x00003ffe
[    0.000000] ACPI: PM-Timer IO Port: 0xb008
[    0.000000] ACPI: LAPIC (acpi_id[0x00] lapic_id[0x00] enabled)
[    0.000000] ACPI: LAPIC_NMI (acpi_id[0xff] dfl dfl lint[0x1])
[    0.000000] ACPI: IOAPIC (id[0x00] address[0xfec00000] gsi_base[0])
[    0.000000] IOAPIC[0]: apic_id 0, version 17, address 0xfec00000, GSI 0-23
[    0.000000] ACPI: INT_SRC_OVR (bus 0 bus_irq 0 global_irq 2 dfl dfl)
[    0.000000] ACPI: INT_SRC_OVR (bus 0 bus_irq 5 global_irq 5 high level)
[    0.000000] ACPI: INT_SRC_OVR (bus 0 bus_irq 9 global_irq 9 high level)
[    0.000000] ACPI: INT_SRC_OVR (bus 0 bus_irq 10 global_irq 10 high level)
[    0.000000] ACPI: INT_SRC_OVR (bus 0 bus_irq 11 global_irq 11 high level)
[    0.000000] Using ACPI (MADT) for SMP configuration information
[    0.000000] ACPI: HPET id: 0x8086a201 base: 0xfed00000
[    0.000000] SMP: Allowing 1 CPUs, 0 hotplug CPUs
[    0.000000] PM: Registered nosave memory: 000000000009f000 - 00000000000a0000
[    0.000000] PM: Registered nosave memory: 00000000000a0000 - 00000000000f0000
[    0.000000] PM: Registered nosave memory: 00000000000f0000 - 0000000000100000
[    0.000000] Allocating PCI resources starting at 4000000 (gap: 4000000:fbfc0000)
[    0.000000] Booting paravirtualized kernel on bare hardware
[    0.000000] setup_percpu: NR_CPUS:64 nr_cpumask_bits:64 nr_cpu_ids:1 nr_node_ids:1
[    0.000000] PERCPU: Embedded 27 pages/cpu @ffff880003a00000 s78848 r8192 d23552 u2097152
[    0.000000] Built 1 zonelists in Node order, mobility grouping on.  Total pages: 16008
[    0.000000] Policy zone: DMA32
[    0.000000] Kernel command line: root=/dev/vda console=tty0 console=ttyS0 no_timer_check
[    0.000000] PID hash table entries: 256 (order: -1, 2048 bytes)
[    0.000000] Checking aperture...
[    0.000000] No AGP bridge found
[    0.000000] Memory: 43492k/65528k available (6576k kernel code, 452k absent, 21584k reserved, 6620k data, 928k init)
[    0.000000] SLUB: Genslabs=15, HWalign=64, Order=0-3, MinObjects=0, CPUs=1, Nodes=1
[    0.000000] Hierarchical RCU implementation.
[    0.000000] 	RCU dyntick-idle grace-period acceleration is enabled.
[    0.000000] NR_IRQS:4352 nr_irqs:256 16
[    0.000000] Console: colour VGA+ 80x25
[    0.000000] console [tty0] enabled
[    0.000000] console [ttyS0] enabled
[    0.000000] allocated 1048576 bytes of page_cgroup
[    0.000000] please try 'cgroup_disable=memory' option if you don't want memory cgroups
[    0.000000] Fast TSC calibration failed
[    0.000000] TSC: Unable to calibrate against PIT
[    0.000000] TSC: using HPET reference calibration
[    0.000000] Detected 2292.884 MHz processor.
[    0.036954] Calibrating delay loop (skipped), value calculated using timer frequency.. 4585.76 BogoMIPS (lpj=9171536)
[    0.040275] pid_max: default: 32768 minimum: 301
[    0.049795] Security Framework initialized
[    0.056263] AppArmor: AppArmor initialized
[    0.057040] Yama: becoming mindful.
[    0.064828] Dentry cache hash table entries: 8192 (order: 4, 65536 bytes)
[    0.066349] Inode-cache hash table entries: 4096 (order: 3, 32768 bytes)
[    0.068240] Mount-cache hash table entries: 256
[    0.085959] Initializing cgroup subsys cpuacct
[    0.086972] Initializing cgroup subsys memory
[    0.088878] Initializing cgroup subsys devices
[    0.090260] Initializing cgroup subsys freezer
[    0.092141] Initializing cgroup subsys blkio
[    0.092930] Initializing cgroup subsys perf_event
[    0.098418] mce: CPU supports 10 MCE banks
[    0.102101] SMP alternatives: switching to UP code
[    0.496304] Freeing SMP alternatives: 24k freed
[    0.498580] ACPI: Core revision 20110623
[    0.553620] ftrace: allocating 26610 entries in 105 pages
[    0.584035] ..TIMER: vector=0x30 apic1=0 pin1=2 apic2=-1 pin2=-1
[    0.584133] CPU0: AMD QEMU Virtual CPU version 2.0.0 stepping 03
[    0.588036] Performance Events: Broken PMU hardware detected, using software events only.
[    0.596218] NMI watchdog disabled (cpu0): hardware events not enabled
[    0.597789] Brought up 1 CPUs
[    0.598352] Total of 1 processors activated (4585.76 BogoMIPS).
[    0.637903] devtmpfs: initialized
[    0.678099] EVM: security.selinux
[    0.678663] EVM: security.SMACK64
[    0.679257] EVM: security.capability
[    0.699106] print_constraints: dummy: 
[    0.701245] RTC time: 15:10:19, date: 12/06/15
[    0.704352] NET: Registered protocol family 16
[    0.711479] ACPI: bus type pci registered
[    0.714589] PCI: Using configuration type 1 for base access
[    0.745876] bio: create slab &lt;bio-0&gt; at 0
[    0.753901] ACPI: Added _OSI(Module Device)
[    0.756107] ACPI: Added _OSI(Processor Device)
[    0.756694] ACPI: Added _OSI(3.0 _SCP Extensions)
[    0.757305] ACPI: Added _OSI(Processor Aggregator Device)
[    0.833466] ACPI: Interpreter enabled
[    0.834083] ACPI: (supports S0 S3 S4 S5)
[    0.836499] ACPI: Using IOAPIC for interrupt routing
[    0.920413] ACPI: No dock devices found.
[    0.921057] HEST: Table not found.
[    0.921599] PCI: Using host bridge windows from ACPI; if necessary, use "pci=nocrs" and report a bug
[    0.929336] ACPI: PCI Root Bridge [PCI0] (domain 0000 [bus 00-ff])
[    0.933828] pci_root PNP0A03:00: host bridge window [io  0x0000-0x0cf7]
[    0.936356] pci_root PNP0A03:00: host bridge window [io  0x0d00-0xadff]
[    0.937358] pci_root PNP0A03:00: host bridge window [io  0xae0f-0xaeff]
[    0.940202] pci_root PNP0A03:00: host bridge window [io  0xaf20-0xafdf]
[    0.941755] pci_root PNP0A03:00: host bridge window [io  0xafe4-0xffff]
[    0.944245] pci_root PNP0A03:00: host bridge window [mem 0x000a0000-0x000bffff]
[    0.948123] pci_root PNP0A03:00: host bridge window [mem 0x04000000-0xfebfffff]
[    0.971028] pci 0000:00:01.3: quirk: [io  0xb000-0xb03f] claimed by PIIX4 ACPI
[    0.972200] pci 0000:00:01.3: quirk: [io  0xb100-0xb10f] claimed by PIIX4 SMB
[    1.047211]  pci0000:00: Unable to request _OSC control (_OSC support mask: 0x1e)
[    1.102764] ACPI: PCI Interrupt Link [LNKA] (IRQs 5 *10 11)
[    1.105892] ACPI: PCI Interrupt Link [LNKB] (IRQs 5 *10 11)
[    1.108824] ACPI: PCI Interrupt Link [LNKC] (IRQs 5 10 *11)
[    1.110584] ACPI: PCI Interrupt Link [LNKD] (IRQs 5 10 *11)
[    1.112679] ACPI: PCI Interrupt Link [LNKS] (IRQs *9)
[    1.119243] vgaarb: device added: PCI:0000:00:02.0,decodes=io+mem,owns=io+mem,locks=none
[    1.120194] vgaarb: loaded
[    1.120614] vgaarb: bridge control possible 0000:00:02.0
[    1.125232] i2c-core: driver [aat2870] using legacy suspend method
[    1.125961] i2c-core: driver [aat2870] using legacy resume method
[    1.129097] SCSI subsystem initialized
[    1.132682] usbcore: registered new interface driver usbfs
[    1.133878] usbcore: registered new interface driver hub
[    1.135318] usbcore: registered new device driver usb
[    1.138730] PCI: Using ACPI for IRQ routing
[    1.157307] NetLabel: Initializing
[    1.158071] NetLabel:  domain hash size = 128
[    1.159033] NetLabel:  protocols = UNLABELED CIPSOv4
[    1.162737] NetLabel:  unlabeled traffic allowed by default
[    1.166330] HPET: 3 timers in total, 0 timers will be used for per-cpu timer
[    1.168631] hpet0: at MMIO 0xfed00000, IRQs 2, 8, 0
[    1.170059] hpet0: 3 comparators, 64-bit 100.000000 MHz counter
[    1.181861] Switching to clocksource hpet
[    1.429833] AppArmor: AppArmor Filesystem Enabled
[    1.431267] pnp: PnP ACPI init
[    1.431906] ACPI: bus type pnp registered
[    1.451512] pnp: PnP ACPI: found 9 devices
[    1.452066] ACPI: ACPI bus type pnp unregistered
[    1.511091] NET: Registered protocol family 2
[    1.545624] IP route cache hash table entries: 512 (order: 0, 4096 bytes)
[    1.551813] TCP established hash table entries: 2048 (order: 3, 32768 bytes)
[    1.554275] TCP bind hash table entries: 2048 (order: 3, 32768 bytes)
[    1.555272] TCP: Hash tables configured (established 2048 bind 2048)
[    1.556957] TCP reno registered
[    1.557551] UDP hash table entries: 128 (order: 0, 4096 bytes)
[    1.558477] UDP-Lite hash table entries: 128 (order: 0, 4096 bytes)
[    1.561863] NET: Registered protocol family 1
[    1.562529] pci 0000:00:00.0: Limiting direct PCI/PCI transfers
[    1.563464] pci 0000:00:01.0: PIIX3: Enabling Passive Release
[    1.569860] pci 0000:00:01.0: Activating ISA DMA hang workarounds
[    1.579692] ACPI: PCI Interrupt Link [LNKD] enabled at IRQ 11
[    1.581952] pci 0000:00:01.2: PCI INT D -&gt; Link[LNKD] -&gt; GSI 11 (level, high) -&gt; IRQ 11
[    1.586320] pci 0000:00:01.2: PCI INT D disabled
[    1.607591] Trying to unpack rootfs image as initramfs...
[    1.626885] audit: initializing netlink socket (disabled)
[    1.628454] type=2000 audit(1449414619.624:1): initialized
[    1.881074] HugeTLB registered 2 MB page size, pre-allocated 0 pages
[    1.946688] VFS: Disk quotas dquot_6.5.2
[    1.948176] Dquot-cache hash table entries: 512 (order 0, 4096 bytes)
[    1.962506] fuse init (API version 7.17)
[    1.965946] msgmni has been set to 84
[    1.999349] Block layer SCSI generic (bsg) driver version 0.4 loaded (major 253)
[    2.010017] io scheduler noop registered
[    2.010577] io scheduler deadline registered (default)
[    2.012072] io scheduler cfq registered
[    2.015697] pci_hotplug: PCI Hot Plug PCI Core version: 0.5
[    2.018353] pciehp: PCI Express Hot Plug Controller Driver version: 0.4
[    2.028279] input: Power Button as /devices/LNXSYSTM:00/LNXPWRBN:00/input/input0
[    2.032949] ACPI: Power Button [PWRF]
[    2.085472] ERST: Table is not found!
[    2.085992] GHES: HEST is not enabled!
[    2.094015] ACPI: PCI Interrupt Link [LNKC] enabled at IRQ 10
[    2.094741] virtio-pci 0000:00:03.0: PCI INT A -&gt; Link[LNKC] -&gt; GSI 10 (level, high) -&gt; IRQ 10
[    2.098389] virtio-pci 0000:00:04.0: PCI INT A -&gt; Link[LNKD] -&gt; GSI 11 (level, high) -&gt; IRQ 11
[    2.114136] ACPI: PCI Interrupt Link [LNKA] enabled at IRQ 10
[    2.114989] virtio-pci 0000:00:05.0: PCI INT A -&gt; Link[LNKA] -&gt; GSI 10 (level, high) -&gt; IRQ 10
[    2.127619] Serial: 8250/16550 driver, 32 ports, IRQ sharing enabled
[    2.175305] serial8250: ttyS0 at I/O 0x3f8 (irq = 4) is a 16550A
[    2.268161] serial8250: ttyS1 at I/O 0x2f8 (irq = 3) is a 16550A
[    2.396403] 00:05: ttyS0 at I/O 0x3f8 (irq = 4) is a 16550A
[    2.476276] 00:06: ttyS1 at I/O 0x2f8 (irq = 3) is a 16550A
[    2.526916] Linux agpgart interface v0.103
[    2.594741] Refined TSC clocksource calibration: 2292.942 MHz.
[    2.595727] Switching to clocksource tsc
[    2.623828] brd: module loaded
[    2.662337] loop: module loaded
[    2.713604]  vda: unknown partition table
[    2.769998] scsi0 : ata_piix
[    2.773380] scsi1 : ata_piix
[    2.774997] ata1: PATA max MWDMA2 cmd 0x1f0 ctl 0x3f6 bmdma 0xc0a0 irq 14
[    2.775946] ata2: PATA max MWDMA2 cmd 0x170 ctl 0x376 bmdma 0xc0a8 irq 15
[    2.794637] Fixed MDIO Bus: probed
[    2.795671] tun: Universal TUN/TAP device driver, 1.6
[    2.797011] tun: (C) 1999-2004 Max Krasnyansky &lt;maxk@qualcomm.com&gt;
[    2.818926] PPP generic driver version 2.4.2
[    2.837509] ehci_hcd: USB 2.0 'Enhanced' Host Controller (EHCI) Driver
[    2.838826] ohci_hcd: USB 1.1 'Open' Host Controller (OHCI) Driver
[    2.839981] uhci_hcd: USB Universal Host Controller Interface driver
[    2.842417] uhci_hcd 0000:00:01.2: PCI INT D -&gt; Link[LNKD] -&gt; GSI 11 (level, high) -&gt; IRQ 11
[    2.845999] uhci_hcd 0000:00:01.2: UHCI Host Controller
[    2.866313] uhci_hcd 0000:00:01.2: new USB bus registered, assigned bus number 1
[    2.867961] uhci_hcd 0000:00:01.2: irq 11, io base 0x0000c040
[    2.895457] hub 1-0:1.0: USB hub found
[    2.897073] hub 1-0:1.0: 2 ports detected
[    2.904611] usbcore: registered new interface driver libusual
[    2.908016] i8042: PNP: PS/2 Controller [PNP0303:KBD,PNP0f13:MOU] at 0x60,0x64 irq 1,12
[    2.925749] serio: i8042 KBD port at 0x60,0x64 irq 1
[    2.927540] serio: i8042 AUX port at 0x60,0x64 irq 12
[    2.978512] mousedev: PS/2 mouse device common for all mice
[    2.989440] input: AT Translated Set 2 keyboard as /devices/platform/i8042/serio0/input/input1
[    2.995284] rtc_cmos 00:01: RTC can wake from S4
[    3.019049] rtc_cmos 00:01: rtc core: registered rtc_cmos as rtc0
[    3.024376] rtc0: alarms up to one day, 114 bytes nvram, hpet irqs
[    3.027506] device-mapper: uevent: version 1.0.3
[    3.046397] ata2.01: ATAPI: QEMU DVD-ROM, 2.0.0, max UDMA/100
[    3.056655] ata2.01: configured for MWDMA2
[    3.077125] device-mapper: ioctl: 4.22.0-ioctl (2011-10-19) initialised: dm-devel@redhat.com
[    3.081063] cpuidle: using governor ladder
[    3.082574] cpuidle: using governor menu
[    3.083422] EFI Variables Facility v0.08 2004-May-17
[    3.096211] TCP cubic registered
[    3.102615] NET: Registered protocol family 10
[    3.143442] NET: Registered protocol family 17
[    3.145056] Registering the dns_resolver key type
[    3.159420] scsi 1:0:1:0: CD-ROM            QEMU     QEMU DVD-ROM     2.0. PQ: 0 ANSI: 5
[    3.189271] sr0: scsi3-mmc drive: 4x/4x cd/rw xa/form2 tray
[    3.191717] cdrom: Uniform CD-ROM driver Revision: 3.20
[    3.214309] sr 1:0:1:0: Attached scsi generic sg0 type 5
[    3.285980] registered taskstats version 1
[    3.320487] Freeing initrd memory: 3656k freed
[    3.853448]   Magic number: 11:693:183
[    3.866558] rtc_cmos 00:01: setting system clock to 2015-12-06 15:10:22 UTC (1449414622)
[    3.868764] powernow-k8: Processor cpuid 663 not supported
[    3.874908] BIOS EDD facility v0.16 2004-Jun-25, 0 devices found
[    3.876008] EDD information not available.
[    3.934173] Freeing unused kernel memory: 928k freed
[    3.940525] Write protecting the kernel read-only data: 12288k
[    4.044162] Freeing unused kernel memory: 1596k freed
[    4.128154] Freeing unused kernel memory: 1184k freed

info: initramfs: up at 4.29
modprobe: module virtio_blk not found in modules.dep
modprobe: module virtio_net not found in modules.dep
info: copying initramfs to /dev/vda
info: initramfs loading root from /dev/vda
info: /etc/init.d/rc.sysinit: up at 9.21
info: container: none
Starting logging: OK
modprobe: module virtio_blk not found in modules.dep
modprobe: module virtio_net not found in modules.dep
WARN: /etc/rc3.d/S10-load-modules failed
Initializing random number generator... done.
Starting acpid: OK
cirros-ds 'local' up at 11.88
found datasource (configdrive, local)
Starting network...
udhcpc (v1.20.1) started
Sending discover...
Sending discover...

2015-12-06 15:12:20,234 20336 INFO     [tempest_lib.common.rest_client] Request (TestNetworkAdvancedServerOps:_run_cleanups): 204 DELETE http://10.0.2.15:9696/v2.0/floatingips/63957a84-0055-45a8-b6de-d610a770861e 0.266s
2015-12-06 15:12:20,234 20336 DEBUG    [tempest_lib.common.rest_client] Request - Headers: {'Content-Type': 'application/json', 'Accept': 'application/json', 'X-Auth-Token': '&lt;omitted&gt;'}
        Body: None
    Response - Headers: {'date': 'Sun, 06 Dec 2015 15:12:20 GMT', 'status': '204', 'connection': 'close', 'content-length': '0', 'x-openstack-request-id': 'req-da80722c-8f40-4849-874c-7e7813ae9e91'}
        Body: 
2015-12-06 15:12:20,578 20336 INFO     [tempest_lib.common.rest_client] Request (TestNetworkAdvancedServerOps:_run_cleanups): 204 DELETE http://10.0.2.15:8774/v2.1/7b60c50011fa4d2b85f35fe67c5c15be/servers/d890279a-3314-46e3-b64f-18b509069ddb 0.342s
2015-12-06 15:12:20,578 20336 DEBUG    [tempest_lib.common.rest_client] Request - Headers: {'Content-Type': 'application/json', 'Accept': 'application/json', 'X-Auth-Token': '&lt;omitted&gt;'}
        Body: None
    Response - Headers: {'status': '204', 'content-length': '0', 'x-compute-request-id': 'req-4267dd80-be2a-4a0b-978f-247e3abbc63a', 'vary': 'X-OpenStack-Nova-API-Version', 'connection': 'close', 'x-openstack-nova-api-version': '2.1', 'date': 'Sun, 06 Dec 2015 15:12:20 GMT', 'content-type': 'application/json'}
        Body: 
2015-12-06 15:12:20,848 20336 INFO     [tempest_lib.common.rest_client] Request (TestNetworkAdvancedServerOps:_run_cleanups): 200 GET http://10.0.2.15:8774/v2.1/7b60c50011fa4d2b85f35fe67c5c15be/servers/d890279a-3314-46e3-b64f-18b509069ddb 0.269s
2015-12-06 15:12:20,849 20336 DEBUG    [tempest_lib.common.rest_client] Request - Headers: {'Content-Type': 'application/json', 'Accept': 'application/json', 'X-Auth-Token': '&lt;omitted&gt;'}
        Body: None
    Response - Headers: {'status': '200', 'content-length': '1785', 'content-location': 'http://10.0.2.15:8774/v2.1/7b60c50011fa4d2b85f35fe67c5c15be/servers/d890279a-3314-46e3-b64f-18b509069ddb', 'x-compute-request-id': 'req-65d7f85f-5863-4dd6-9160-aee291addd3e', 'vary': 'X-OpenStack-Nova-API-Version', 'connection': 'close', 'x-openstack-nova-api-version': '2.1', 'date': 'Sun, 06 Dec 2015 15:12:20 GMT', 'content-type': 'application/json'}
        Body: {"server": {"status": "ACTIVE", "updated": "2015-12-06T15:12:20Z", "hostId": "4413289860f2a37484ec880b2381a049f8c1ea8c5e09ce000c37b29e", "addresses": {"tempest-network-smoke--1103503753": [{"OS-EXT-IPS-MAC:mac_addr": "fa:16:3e:22:2d:81", "version": 4, "addr": "10.100.0.3", "OS-EXT-IPS:type": "fixed"}, {"OS-EXT-IPS-MAC:mac_addr": "fa:16:3e:22:2d:81", "version": 4, "addr": "172.24.4.4", "OS-EXT-IPS:type": "floating"}]}, "links": [{"href": "http://10.0.2.15:8774/v2.1/7b60c50011fa4d2b85f35fe67c5c15be/servers/d890279a-3314-46e3-b64f-18b509069ddb", "rel": "self"}, {"href": "http://10.0.2.15:8774/7b60c50011fa4d2b85f35fe67c5c15be/servers/d890279a-3314-46e3-b64f-18b509069ddb", "rel": "bookmark"}], "key_name": "tempest-TestNetworkAdvancedServerOps-522368631", "image": {"id": "806f72c3-9f44-475f-af3a-59353dcd7fc5", "links": [{"href": "http://10.0.2.15:8774/7b60c50011fa4d2b85f35fe67c5c15be/images/806f72c3-9f44-475f-af3a-59353dcd7fc5", "rel": "bookmark"}]}, "OS-EXT-STS:task_state": "deleting", "OS-EXT-STS:vm_state": "active", "OS-SRV-USG:launched_at": "2015-12-06T15:10:15.000000", "flavor": {"id": "42", "links": [{"href": "http://10.0.2.15:8774/7b60c50011fa4d2b85f35fe67c5c15be/flavors/42", "rel": "bookmark"}]}, "id": "d890279a-3314-46e3-b64f-18b509069ddb", "security_groups": [{"name": "tempest-secgroup-smoke-1256896758"}], "OS-SRV-USG:terminated_at": null, "OS-EXT-AZ:availability_zone": "nova", "user_id": "daa094c424264a0c987a14b500808ecf", "name": "tempest.common.compute-instance-1691515776", "created": "2015-12-06T15:10:11Z", "tenant_id": "7b60c50011fa4d2b85f35fe67c5c15be", "OS-DCF:diskConfig": "MANUAL", "os-extended-volumes:volumes_attached": [], "accessIPv4": "", "accessIPv6": "", "progress": 0, "OS-EXT-STS:power_state": 1, "config_drive": "True", "metadata": {}}}
2015-12-06 15:12:22,048 20336 INFO     [tempest_lib.common.rest_client] Request (TestNetworkAdvancedServerOps:_run_cleanups): 200 GET http://10.0.2.15:8774/v2.1/7b60c50011fa4d2b85f35fe67c5c15be/servers/d890279a-3314-46e3-b64f-18b509069ddb 0.188s
2015-12-06 15:12:22,049 20336 DEBUG    [tempest_lib.common.rest_client] Request - Headers: {'Content-Type': 'application/json', 'Accept': 'application/json', 'X-Auth-Token': '&lt;omitted&gt;'}
        Body: None
    Response - Headers: {'status': '200', 'content-length': '1449', 'content-location': 'http://10.0.2.15:8774/v2.1/7b60c50011fa4d2b85f35fe67c5c15be/servers/d890279a-3314-46e3-b64f-18b509069ddb', 'x-compute-request-id': 'req-2865cda3-601b-404c-a4a4-edaa95c3fa74', 'vary': 'X-OpenStack-Nova-API-Version', 'connection': 'close', 'x-openstack-nova-api-version': '2.1', 'date': 'Sun, 06 Dec 2015 15:12:22 GMT', 'content-type': 'application/json'}
        Body: {"server": {"status": "ACTIVE", "updated": "2015-12-06T15:12:21Z", "hostId": "4413289860f2a37484ec880b2381a049f8c1ea8c5e09ce000c37b29e", "addresses": {}, "links": [{"href": "http://10.0.2.15:8774/v2.1/7b60c50011fa4d2b85f35fe67c5c15be/servers/d890279a-3314-46e3-b64f-18b509069ddb", "rel": "self"}, {"href": "http://10.0.2.15:8774/7b60c50011fa4d2b85f35fe67c5c15be/servers/d890279a-3314-46e3-b64f-18b509069ddb", "rel": "bookmark"}], "key_name": "tempest-TestNetworkAdvancedServerOps-522368631", "image": {"id": "806f72c3-9f44-475f-af3a-59353dcd7fc5", "links": [{"href": "http://10.0.2.15:8774/7b60c50011fa4d2b85f35fe67c5c15be/images/806f72c3-9f44-475f-af3a-59353dcd7fc5", "rel": "bookmark"}]}, "OS-EXT-STS:task_state": "deleting", "OS-EXT-STS:vm_state": "active", "OS-SRV-USG:launched_at": "2015-12-06T15:10:15.000000", "flavor": {"id": "42", "links": [{"href": "http://10.0.2.15:8774/7b60c50011fa4d2b85f35fe67c5c15be/flavors/42", "rel": "bookmark"}]}, "id": "d890279a-3314-46e3-b64f-18b509069ddb", "OS-SRV-USG:terminated_at": null, "OS-EXT-AZ:availability_zone": "nova", "user_id": "daa094c424264a0c987a14b500808ecf", "name": "tempest.common.compute-instance-1691515776", "created": "2015-12-06T15:10:11Z", "tenant_id": "7b60c50011fa4d2b85f35fe67c5c15be", "OS-DCF:diskConfig": "MANUAL", "os-extended-volumes:volumes_attached": [], "accessIPv4": "", "accessIPv6": "", "progress": 0, "OS-EXT-STS:power_state": 1, "config_drive": "True", "metadata": {}}}
2015-12-06 15:12:23,150 20336 INFO     [tempest_lib.common.rest_client] Request (TestNetworkAdvancedServerOps:_run_cleanups): 404 GET http://10.0.2.15:8774/v2.1/7b60c50011fa4d2b85f35fe67c5c15be/servers/d890279a-3314-46e3-b64f-18b509069ddb 0.091s
2015-12-06 15:12:23,151 20336 DEBUG    [tempest_lib.common.rest_client] Request - Headers: {'Content-Type': 'application/json', 'Accept': 'application/json', 'X-Auth-Token': '&lt;omitted&gt;'}
        Body: None
    Response - Headers: {'status': '404', 'content-length': '111', 'x-compute-request-id': 'req-c5f13631-c7a4-4705-bb6f-7654c9ab3e31', 'vary': 'X-OpenStack-Nova-API-Version', 'connection': 'close', 'x-openstack-nova-api-version': '2.1', 'date': 'Sun, 06 Dec 2015 15:12:23 GMT', 'content-type': 'application/json; charset=UTF-8'}
        Body: {"itemNotFound": {"message": "Instance d890279a-3314-46e3-b64f-18b509069ddb could not be found.", "code": 404}}
2015-12-06 15:12:23,585 20336 INFO     [tempest_lib.common.rest_client] Request (TestNetworkAdvancedServerOps:_run_cleanups): 200 PUT http://10.0.2.15:9696/v2.0/routers/06e5467b-cdbb-41be-b4bd-1a005b39c738/remove_router_interface 0.432s
2015-12-06 15:12:23,586 20336 DEBUG    [tempest_lib.common.rest_client] Request - Headers: {'Content-Type': 'application/json', 'Accept': 'application/json', 'X-Auth-Token': '&lt;omitted&gt;'}
        Body: {"subnet_id": "2020c4ed-329a-4802-8ccf-1843ef3f87d7"}
    Response - Headers: {'status': '200', 'content-length': '255', 'connection': 'close', 'date': 'Sun, 06 Dec 2015 15:12:23 GMT', 'content-type': 'application/json; charset=UTF-8', 'x-openstack-request-id': 'req-5ada819a-a925-4fae-ab85-b25815054149'}
        Body: {"subnet_id": "2020c4ed-329a-4802-8ccf-1843ef3f87d7", "tenant_id": "7b60c50011fa4d2b85f35fe67c5c15be", "subnet_ids": ["2020c4ed-329a-4802-8ccf-1843ef3f87d7"], "port_id": "ee44f298-d216-4e5c-ac55-aa4949c10f5b", "id": "06e5467b-cdbb-41be-b4bd-1a005b39c738"}
2015-12-06 15:12:24,037 20336 INFO     [tempest_lib.common.rest_client] Request (TestNetworkAdvancedServerOps:_run_cleanups): 204 DELETE http://10.0.2.15:9696/v2.0/subnets/2020c4ed-329a-4802-8ccf-1843ef3f87d7 0.450s
2015-12-06 15:12:24,037 20336 DEBUG    [tempest_lib.common.rest_client] Request - Headers: {'Content-Type': 'application/json', 'Accept': 'application/json', 'X-Auth-Token': '&lt;omitted&gt;'}
        Body: None
    Response - Headers: {'date': 'Sun, 06 Dec 2015 15:12:24 GMT', 'status': '204', 'connection': 'close', 'content-length': '0', 'x-openstack-request-id': 'req-5fc2d79f-e0f3-428f-88ca-1dac16c6764a'}
        Body: 
2015-12-06 15:12:24,087 20336 INFO     [tempest_lib.common.rest_client] Request (TestNetworkAdvancedServerOps:_run_cleanups): 200 GET http://10.0.2.15:9696/v2.0/routers/06e5467b-cdbb-41be-b4bd-1a005b39c738 0.049s
2015-12-06 15:12:24,088 20336 DEBUG    [tempest_lib.common.rest_client] Request - Headers: {'Content-Type': 'application/json', 'Accept': 'application/json', 'X-Auth-Token': '&lt;omitted&gt;'}
        Body: None
    Response - Headers: {'status': '200', 'content-length': '563', 'content-location': 'http://10.0.2.15:9696/v2.0/routers/06e5467b-cdbb-41be-b4bd-1a005b39c738', 'connection': 'close', 'date': 'Sun, 06 Dec 2015 15:12:24 GMT', 'content-type': 'application/json; charset=UTF-8', 'x-openstack-request-id': 'req-9a788d1a-7a9f-44ab-b382-f5b10ca5a268'}
        Body: {"router": {"status": "ACTIVE", "external_gateway_info": {"network_id": "700711ac-bd0f-4719-bb81-8c4d5ea40977", "enable_snat": true, "external_fixed_ips": [{"subnet_id": "0bd6aedc-1da3-4fc8-bec7-81698b5c84db", "ip_address": "172.24.4.3"}, {"subnet_id": "5cfa4f56-dd8a-49a7-86a2-b3ef235d18d8", "ip_address": "2001:db8::3"}]}, "availability_zone_hints": [], "availability_zones": ["nova"], "name": "tempest-router-smoke-372277588", "admin_state_up": true, "tenant_id": "7b60c50011fa4d2b85f35fe67c5c15be", "routes": [], "id": "06e5467b-cdbb-41be-b4bd-1a005b39c738"}}
2015-12-06 15:12:24,564 20336 INFO     [tempest_lib.common.rest_client] Request (TestNetworkAdvancedServerOps:_run_cleanups): 200 PUT http://10.0.2.15:9696/v2.0/routers/06e5467b-cdbb-41be-b4bd-1a005b39c738 0.475s
2015-12-06 15:12:24,565 20336 DEBUG    [tempest_lib.common.rest_client] Request - Headers: {'Content-Type': 'application/json', 'Accept': 'application/json', 'X-Auth-Token': '&lt;omitted&gt;'}
        Body: {"router": {"external_gateway_info": {}, "name": "tempest-router-smoke-372277588", "admin_state_up": true}}
    Response - Headers: {'status': '200', 'content-length': '301', 'connection': 'close', 'date': 'Sun, 06 Dec 2015 15:12:24 GMT', 'content-type': 'application/json; charset=UTF-8', 'x-openstack-request-id': 'req-f822039c-92e2-4b43-8b0a-1773de7973bb'}
        Body: {"router": {"status": "ACTIVE", "external_gateway_info": null, "availability_zone_hints": [], "availability_zones": ["nova"], "name": "tempest-router-smoke-372277588", "admin_state_up": true, "tenant_id": "7b60c50011fa4d2b85f35fe67c5c15be", "routes": [], "id": "06e5467b-cdbb-41be-b4bd-1a005b39c738"}}
2015-12-06 15:12:24,872 20336 INFO     [tempest_lib.common.rest_client] Request (TestNetworkAdvancedServerOps:_run_cleanups): 204 DELETE http://10.0.2.15:9696/v2.0/routers/06e5467b-cdbb-41be-b4bd-1a005b39c738 0.306s
2015-12-06 15:12:24,872 20336 DEBUG    [tempest_lib.common.rest_client] Request - Headers: {'Content-Type': 'application/json', 'Accept': 'application/json', 'X-Auth-Token': '&lt;omitted&gt;'}
        Body: None
    Response - Headers: {'date': 'Sun, 06 Dec 2015 15:12:24 GMT', 'status': '204', 'connection': 'close', 'content-length': '0', 'x-openstack-request-id': 'req-e0786ce8-62aa-4e3b-8d67-0a98e18815d0'}
        Body: 
2015-12-06 15:12:25,079 20336 INFO     [tempest_lib.common.rest_client] Request (TestNetworkAdvancedServerOps:_run_cleanups): 204 DELETE http://10.0.2.15:9696/v2.0/networks/d0ea77c3-646b-4838-ad32-13f83de36ed2 0.206s
2015-12-06 15:12:25,080 20336 DEBUG    [tempest_lib.common.rest_client] Request - Headers: {'Content-Type': 'application/json', 'Accept': 'application/json', 'X-Auth-Token': '&lt;omitted&gt;'}
        Body: None
    Response - Headers: {'date': 'Sun, 06 Dec 2015 15:12:25 GMT', 'status': '204', 'connection': 'close', 'content-length': '0', 'x-openstack-request-id': 'req-a5eb26d0-a1f0-432b-8940-b4b9aceef3fb'}
        Body: 
2015-12-06 15:12:25,138 20336 INFO     [tempest_lib.common.rest_client] Request (TestNetworkAdvancedServerOps:_run_cleanups): 204 DELETE http://10.0.2.15:9696/v2.0/security-group-rules/1cc72db4-c95a-4ab4-b7d7-a0fbf4e96615 0.058s
2015-12-06 15:12:25,139 20336 DEBUG    [tempest_lib.common.rest_client] Request - Headers: {'Content-Type': 'application/json', 'Accept': 'application/json', 'X-Auth-Token': '&lt;omitted&gt;'}
        Body: None
    Response - Headers: {'date': 'Sun, 06 Dec 2015 15:12:25 GMT', 'status': '204', 'connection': 'close', 'content-length': '0', 'x-openstack-request-id': 'req-fb819b3e-927b-4900-a9d2-da79d9cb2a74'}
        Body: 
2015-12-06 15:12:25,191 20336 INFO     [tempest_lib.common.rest_client] Request (TestNetworkAdvancedServerOps:_run_cleanups): 204 DELETE http://10.0.2.15:9696/v2.0/security-group-rules/dd6a7a7e-a93a-4604-8b7b-5655a27e1325 0.051s
2015-12-06 15:12:25,192 20336 DEBUG    [tempest_lib.common.rest_client] Request - Headers: {'Content-Type': 'application/json', 'Accept': 'application/json', 'X-Auth-Token': '&lt;omitted&gt;'}
        Body: None
    Response - Headers: {'date': 'Sun, 06 Dec 2015 15:12:25 GMT', 'status': '204', 'connection': 'close', 'content-length': '0', 'x-openstack-request-id': 'req-f6b679ec-a6be-401b-9813-60d1b0c490fd'}
        Body: 
2015-12-06 15:12:25,250 20336 INFO     [tempest_lib.common.rest_client] Request (TestNetworkAdvancedServerOps:_run_cleanups): 204 DELETE http://10.0.2.15:9696/v2.0/security-group-rules/c897eade-e4b8-4665-aaf0-1bcbee148543 0.058s
2015-12-06 15:12:25,251 20336 DEBUG    [tempest_lib.common.rest_client] Request - Headers: {'Content-Type': 'application/json', 'Accept': 'application/json', 'X-Auth-Token': '&lt;omitted&gt;'}
        Body: None
    Response - Headers: {'date': 'Sun, 06 Dec 2015 15:12:25 GMT', 'status': '204', 'connection': 'close', 'content-length': '0', 'x-openstack-request-id': 'req-5c16292c-79c9-432f-b540-c591530d7eb5'}
        Body: 
2015-12-06 15:12:25,316 20336 INFO     [tempest_lib.common.rest_client] Request (TestNetworkAdvancedServerOps:_run_cleanups): 204 DELETE http://10.0.2.15:9696/v2.0/security-group-rules/41215d99-3646-47aa-acb0-ed4a1fbd5f05 0.064s
2015-12-06 15:12:25,316 20336 DEBUG    [tempest_lib.common.rest_client] Request - Headers: {'Content-Type': 'application/json', 'Accept': 'application/json', 'X-Auth-Token': '&lt;omitted&gt;'}
        Body: None
    Response - Headers: {'date': 'Sun, 06 Dec 2015 15:12:25 GMT', 'status': '204', 'connection': 'close', 'content-length': '0', 'x-openstack-request-id': 'req-f6abb663-a2a7-42a4-9fbf-bd951542cdf7'}
        Body: 
2015-12-06 15:12:25,379 20336 INFO     [tempest_lib.common.rest_client] Request (TestNetworkAdvancedServerOps:_run_cleanups): 204 DELETE http://10.0.2.15:9696/v2.0/security-group-rules/5dc87df9-e5c1-49e0-93f1-978dcdffe89a 0.062s
2015-12-06 15:12:25,380 20336 DEBUG    [tempest_lib.common.rest_client] Request - Headers: {'Content-Type': 'application/json', 'Accept': 'application/json', 'X-Auth-Token': '&lt;omitted&gt;'}
        Body: None
    Response - Headers: {'date': 'Sun, 06 Dec 2015 15:12:25 GMT', 'status': '204', 'connection': 'close', 'content-length': '0', 'x-openstack-request-id': 'req-902a6934-23e1-4f59-a9e9-4206e08dc523'}
        Body: 
2015-12-06 15:12:25,445 20336 INFO     [tempest_lib.common.rest_client] Request (TestNetworkAdvancedServerOps:_run_cleanups): 204 DELETE http://10.0.2.15:9696/v2.0/security-group-rules/9ab94bab-5e21-403e-9db2-a9c309415973 0.064s
2015-12-06 15:12:25,445 20336 DEBUG    [tempest_lib.common.rest_client] Request - Headers: {'Content-Type': 'application/json', 'Accept': 'application/json', 'X-Auth-Token': '&lt;omitted&gt;'}
        Body: None
    Response - Headers: {'date': 'Sun, 06 Dec 2015 15:12:25 GMT', 'status': '204', 'connection': 'close', 'content-length': '0', 'x-openstack-request-id': 'req-45efdd23-af0d-4045-a95d-ad6dc9c9e29c'}
        Body: 
2015-12-06 15:12:25,578 20336 INFO     [tempest_lib.common.rest_client] Request (TestNetworkAdvancedServerOps:_run_cleanups): 204 DELETE http://10.0.2.15:9696/v2.0/security-groups/29eb5ef4-8c2f-4597-bbb2-f57006f49690 0.132s
2015-12-06 15:12:25,578 20336 DEBUG    [tempest_lib.common.rest_client] Request - Headers: {'Content-Type': 'application/json', 'Accept': 'application/json', 'X-Auth-Token': '&lt;omitted&gt;'}
        Body: None
    Response - Headers: {'date': 'Sun, 06 Dec 2015 15:12:25 GMT', 'status': '204', 'connection': 'close', 'content-length': '0', 'x-openstack-request-id': 'req-b535ac77-cbae-4352-b6d5-740371ceb069'}
        Body: 
2015-12-06 15:12:25,600 20336 INFO     [tempest_lib.common.rest_client] Request (TestNetworkAdvancedServerOps:_run_cleanups): 202 DELETE http://10.0.2.15:8774/v2.1/7b60c50011fa4d2b85f35fe67c5c15be/os-keypairs/tempest-TestNetworkAdvancedServerOps-522368631 0.021s
2015-12-06 15:12:25,601 20336 DEBUG    [tempest_lib.common.rest_client] Request - Headers: {'Content-Type': 'application/json', 'Accept': 'application/json', 'X-Auth-Token': '&lt;omitted&gt;'}
        Body: None
    Response - Headers: {'status': '202', 'content-length': '0', 'x-compute-request-id': 'req-2674b724-7c84-4fdd-8340-c486c9270217', 'vary': 'X-OpenStack-Nova-API-Version', 'connection': 'close', 'x-openstack-nova-api-version': '2.1', 'date': 'Sun, 06 Dec 2015 15:12:25 GMT', 'content-type': 'application/json'}
        Body: 
2015-12-06 15:12:25,691 20336 INFO     [tempest_lib.common.rest_client] Request (TestNetworkAdvancedServerOps:_run_cleanups): 404 GET http://10.0.2.15:8774/v2.1/7b60c50011fa4d2b85f35fe67c5c15be/servers/d890279a-3314-46e3-b64f-18b509069ddb 0.088s
2015-12-06 15:12:25,692 20336 DEBUG    [tempest_lib.common.rest_client] Request - Headers: {'Content-Type': 'application/json', 'Accept': 'application/json', 'X-Auth-Token': '&lt;omitted&gt;'}
        Body: None
    Response - Headers: {'status': '404', 'content-length': '111', 'x-compute-request-id': 'req-966c4299-9dad-4c1c-b083-f9c9c36b440a', 'vary': 'X-OpenStack-Nova-API-Version', 'connection': 'close', 'x-openstack-nova-api-version': '2.1', 'date': 'Sun, 06 Dec 2015 15:12:25 GMT', 'content-type': 'application/json; charset=UTF-8'}
        Body: {"itemNotFound": {"message": "Instance d890279a-3314-46e3-b64f-18b509069ddb could not be found.", "code": 404}}
}}}

Traceback (most recent call last):
  File "tempest/test.py", line 113, in wrapper
    return f(self, *func_args, **func_kwargs)
  File "tempest/scenario/test_network_advanced_server_ops.py", line 134, in test_server_connectivity_pause_unpause
    server, keypair, floating_ip = self._setup_network_and_servers()
  File "tempest/scenario/test_network_advanced_server_ops.py", line 71, in _setup_network_and_servers
    server, keypair, floating_ip)
  File "tempest/scenario/test_network_advanced_server_ops.py", line 95, in _wait_server_status_and_check_network_connectivity
    self._check_network_connectivity(server, keypair, floating_ip)
  File "tempest/scenario/test_network_advanced_server_ops.py", line 88, in _check_network_connectivity
    servers=[server])
  File "tempest/scenario/manager.py", line 606, in check_public_network_connectivity
    should_connect=should_connect)
  File "tempest/scenario/manager.py", line 590, in check_vm_connectivity
    msg=msg)
  File "/usr/local/lib/python2.7/dist-packages/unittest2/case.py", line 702, in assertTrue
    raise self.failureException(msg)
AssertionError: False is not true : Timed out waiting for 172.24.4.4 to become reachable



        </pre>
    </div>
    <!--css div popup end-->

    </td>
</tr>

<tr id='ft1.2' class='none'>
    <td class='failCase'><div class='testcase'>test_server_connectivity_reboot[compute,id-7b6860c2-afa3-4846-9522-adeb38dfbe08,network]</div></td>
    <td colspan='7' align='left'>

    <!--css div popup start-->
    <a class="popup_link" onfocus='this.blur();'
    href="javascript:showTestDetail('div_ft1.2')" >
        fail</a>

    <div id='div_ft1.2' class="popup_window">
        <div style='text-align: right; color:red;cursor:pointer'>
        <a onfocus='this.blur();'
onclick="document.getElementById('div_ft1.2').style.display = 'none' " >
           [x]</a>
        </div>
        <pre>
        
ft1.2: tempest.scenario.test_network_advanced_server_ops.TestNetworkAdvancedServerOps.test_server_connectivity_reboot[compute,id-7b6860c2-afa3-4846-9522-adeb38dfbe08,network]_StringException: Empty attachments:
  stderr
  stdout

pythonlogging:'': {{{
