<?xml version="1.0" encoding="UTF-8"?>
<!DOCTYPE html PUBLIC "-//W3C//DTD XHTML 1.0 Strict//EN"
     "http://www.w3.org/TR/xhtml1/DTD/xhtml1-strict.dtd">
<html xmlns="http://www.w3.org/1999/xhtml">
<head>
    <title>Unit Test Report</title>
    <meta name="generator" content="subunit2html 0.1"/>
    <meta http-equiv="Content-Type" content="text/html; charset=UTF-8"/>
    
<style type="text/css" media="screen">
body        { font-family: verdana, arial, helvetica, sans-serif;
    font-size: 80%; }
table       { font-size: 100%; width: 100%;}
pre         { font-size: 80%; }

/* -- heading -------------------------------------------------------------- */
h1 {
        font-size: 16pt;
        color: gray;
}
.heading {
    margin-top: 0ex;
    margin-bottom: 1ex;
}

.heading .attribute {
    margin-top: 1ex;
    margin-bottom: 0;
}

.heading .description {
    margin-top: 4ex;
    margin-bottom: 6ex;
}

/* -- css div popup -------------------------------------------------------- */
a.popup_link {
}

a.popup_link:hover {
    color: red;
}

.popup_window {
    display: none;
    overflow-x: scroll;
    /*border: solid #627173 1px; */
    padding: 10px;
    background-color: #E6E6D6;
    font-family: "Ubuntu Mono", "Lucida Console", "Courier New", monospace;
    text-align: left;
    font-size: 8pt;
}

}
/* -- report --------------------------------------------------------------- */
#show_detail_line {
    margin-top: 3ex;
    margin-bottom: 1ex;
}
#result_table {
    width: 100%;
    border-collapse: collapse;
    border: 1px solid #777;
}
#header_row {
    font-weight: bold;
    color: white;
    background-color: #777;
}
#result_table td {
    border: 1px solid #777;
    padding: 2px;
}
#total_row  { font-weight: bold; }
.passClass  { background-color: #6c6; }
.failClass  { background-color: #c60; }
.errorClass { background-color: #c00; }
.passCase   { color: #6c6; }
.failCase   { color: #c60; font-weight: bold; }
.errorCase  { color: #c00; font-weight: bold; }
.hiddenRow  { display: none; }
.testcase   { margin-left: 2em; }
td.testname {width: 40%}
td.small {width: 40px}

/* -- ending --------------------------------------------------------------- */
#ending {
}

</style>

</head>
<body>
<script language="javascript" type="text/javascript"><!--
output_list = Array();

/* level - 0:Summary; 1:Failed; 2:All */
function showCase(level) {
    trs = document.getElementsByTagName("tr");
    for (var i = 0; i < trs.length; i++) {
        tr = trs[i];
        id = tr.id;
        if (id.substr(0,2) == 'ft') {
            if (level < 1) {
                tr.className = 'hiddenRow';
            }
            else {
                tr.className = '';
            }
        }
        if (id.substr(0,2) == 'pt') {
            if (level > 1) {
                tr.className = '';
            }
            else {
                tr.className = 'hiddenRow';
            }
        }
    }
}


function showClassDetail(cid, count) {
    var id_list = Array(count);
    var toHide = 1;
    for (var i = 0; i < count; i++) {
        tid0 = 't' + cid.substr(1) + '.' + (i+1);
        tid = 'f' + tid0;
        tr = document.getElementById(tid);
        if (!tr) {
            tid = 'p' + tid0;
            tr = document.getElementById(tid);
        }
        id_list[i] = tid;
        if (tr.className) {
            toHide = 0;
        }
    }
    for (var i = 0; i < count; i++) {
        tid = id_list[i];
        if (toHide) {
            document.getElementById('div_'+tid).style.display = 'none'
            document.getElementById(tid).className = 'hiddenRow';
        }
        else {
            document.getElementById(tid).className = '';
        }
    }
}


function showTestDetail(div_id){
    var details_div = document.getElementById(div_id)
    var displayState = details_div.style.display
    // alert(displayState)
    if (displayState != 'block' ) {
        displayState = 'block'
        details_div.style.display = 'block'
    }
    else {
        details_div.style.display = 'none'
    }
}


function html_escape(s) {
    s = s.replace(/&/g,'&amp;');
    s = s.replace(/</g,'&lt;');
    s = s.replace(/>/g,'&gt;');
    return s;
}

/* obsoleted by detail in <div>
function showOutput(id, name) {
    var w = window.open("", //url
                    name,
                    "resizable,scrollbars,status,width=800,height=450");
    d = w.document;
    d.write("<pre>");
    d.write(html_escape(output_list[id]));
    d.write("\n");
    d.write("<a href='javascript:window.close()'>close</a>\n");
    d.write("</pre>\n");
    d.close();
}
*/
--></script>

<div class='heading'>
<h1>Unit Test Report</h1>

<p class='attribute'><strong>Status:</strong> Failure 6</p>

<p class='description'></p>
</div>



<p id='show_detail_line'>Show
<a href='javascript:showCase(0)'>Summary</a>
<a href='javascript:showCase(1)'>Failed</a>
<a href='javascript:showCase(2)'>All</a>
</p>
<table id='result_table'>
<colgroup>
<col align='left' />
<col align='right' />
<col align='right' />
<col align='right' />
<col align='right' />
<col align='right' />
<col align='right' />
<col align='right' />
</colgroup>
<tr id='header_row'>
    <td>Test Group/Test case</td>
    <td>Count</td>
    <td>Pass</td>
    <td>Fail</td>
    <td>Error</td>
    <td>Skip</td>
    <td>View</td>
    <td> </td>
</tr>

<tr class='failClass'>
    <td class="testname">tempest.scenario.test_network_advanced_server_ops.TestNetworkAdvancedServerOps</td>
    <td class="small">6</td>
    <td class="small">0</td>
    <td class="small">6</td>
    <td class="small">0</td>
    <td class="small">0</td>
    <td class="small"><a href="javascript:showClassDetail('c1',6)"
>Detail</a></td>
    <td> </td>
</tr>

<tr id='ft1.1' class='none'>
    <td class='failCase'><div class='testcase'>test_server_connectivity_pause_unpause[compute,id-2b2642db-6568-4b35-b812-eceed3fa20ce,network]</div></td>
    <td colspan='7' align='left'>

    <!--css div popup start-->
    <a class="popup_link" onfocus='this.blur();'
    href="javascript:showTestDetail('div_ft1.1')" >
        fail</a>

    <div id='div_ft1.1' class="popup_window">
        <div style='text-align: right; color:red;cursor:pointer'>
        <a onfocus='this.blur();'
onclick="document.getElementById('div_ft1.1').style.display = 'none' " >
           [x]</a>
        </div>
        <pre>
        
ft1.1: tempest.scenario.test_network_advanced_server_ops.TestNetworkAdvancedServerOps.test_server_connectivity_pause_unpause[compute,id-2b2642db-6568-4b35-b812-eceed3fa20ce,network]_StringException: Empty attachments:
  stderr
  stdout

pythonlogging:'': {{{
2015-12-20 06:50:32,397 21545 INFO     [tempest_lib.common.rest_client] Request (TestNetworkAdvancedServerOps:test_server_connectivity_pause_unpause): 200 POST http://10.0.2.15:8774/v2.1/479c3136fc0f4979bb800a808e7c76f3/os-keypairs 0.324s
2015-12-20 06:50:32,398 21545 DEBUG    [tempest_lib.common.rest_client] Request - Headers: {'Content-Type': 'application/json', 'Accept': 'application/json', 'X-Auth-Token': '&lt;omitted&gt;'}
        Body: {"keypair": {"name": "tempest-TestNetworkAdvancedServerOps-1809604494"}}
    Response - Headers: {'status': '200', 'content-length': '2330', 'x-compute-request-id': 'req-d5e68214-eebd-4d94-98ee-0b0ed1da6a86', 'vary': 'X-OpenStack-Nova-API-Version', 'connection': 'close', 'x-openstack-nova-api-version': '2.1', 'date': 'Sun, 20 Dec 2015 06:50:32 GMT', 'content-type': 'application/json'}
        Body: {"keypair": {"public_key": "ssh-rsa AAAAB3NzaC1yc2EAAAADAQABAAABAQCdjGUw14zofwuL/l8gKd/4FiQNbYTsnmk6UXs+WDlhJpYlvtt/lL3e+1CywJbRmU8erC+o0sx0jtlaXBlV4d/7/jJq54MztJ39KkK55k8oRNAYHGdTN7aycBugU7ZsOv2L0rd6EB93iKLlGTDnXcinZmTQPJsiM4Tq+goz75VWzvgtpMM3QDr7Xmpu4vl28qmI5KrZwKDc7bq8wBb7xvgEn7KV0aRHFKiUjt+4fgwmHg0NvEtEM+m7x/CQ//RCLqK+hnV//0vVY9V4uCJGNfYzipDlQb0yHu7Dihm2WKGz//Du+atlQOLmx/n+PQNAk+11dpFmqqYoe6PtQlyDaZrD Generated-by-Nova", "private_key": "-----BEGIN RSA PRIVATE KEY-----\nMIIEpwIBAAKCAQEAnYxlMNeM6H8Li/5fICnf+BYkDW2E7J5pOlF7Plg5YSaWJb7b\nf5S93vtQssCW0ZlPHqwvqNLMdI7ZWlwZVeHf+/4yaueDM7Sd/SpCueZPKETQGBxn\nUze2snAboFO2bDr9i9K3ehAfd4ii5Rkw513Ip2Zk0DybIjOE6voKM++VVs74LaTD\nN0A6+15qbuL5dvKpiOSq2cCg3O26vMAW+8b4BJ+yldGkRxSolI7fuH4MJh4NDbxL\nRDPpu8fwkP/0Qi6ivoZ1f/9L1WPVeLgiRjX2M4qQ5UG9Mh7uw4oZtlihs//w7vmr\nZUDi5sf5/j0DQJPtdXaRZqqmKHuj7UJcg2mawwIDAQABAoIBAAm3gP40LSKhw0qN\nE7zeGEwqwWp6mLonQwIvyFQeCNvvD0+gp9UEjXlVMrLzodmnhPO1VvMonSeLL+ic\nyYs8dR4LnXxubu8fcqcMljT0+WjYZaU3C0BcrU3wECQhRZ0DPmQDSQGkQOyUZseO\neC+s3xVEAW++bSr81nPPnBV770/9NxP9PYTiXgDLr+KkGvewsSRDsbqV/utjtF8h\nJibJff1GnyPRHSmeRbUvDjozdkLxFHnD0OqtqpeaeI6ZTM3m1Do3wwmb13oKL021\ngmtAES9EJDqxs+jy7Rfh5GfaIjY0UjVLm/7aunbRoDHNIKP9DjinRb3a/iAtMdO9\npRSWX+ECggCBAMJHifu8UNpyLc0M7JEnOuFuBkIpVTnRyr3WRrxYhvw5We94TGaj\no0KDUQQa17pFtti0ZotfI/5EijhYoJfGZAmBU0PExTjsBj60sWfNDEVfVTX+Cm4b\nHAyCpJzpw9X1OfXPOrQDzgaYlnpr68NoJrqraa0IRwdyNhUAncoatX75AoIAgQDP\nmZNmcXEoWPLBt1azkPl4fuKW5+sd/m4eSdBLkWl7bcBaNG6BO9zbhlzt50O9xhj1\nmASjPG1yy6mh28krIgFwQiQKgOcpuD0z+Eob1ZnkjXFNS+xINVvuG/kaZI0Qodve\nZOtYgdSQ9ypXMzsuS1Xgub3zn9S8yQ/ZmbUdGRAKmwKCAIBZpastJxNkCWXLBZiv\nzhtkZGGs6+ewu3bDLHoNdQgsoMY4MxmGDyJJkdCzhTNgd8TMsEnVK/yu2q+xGmxY\nPKpynGNwlP6wqnCjRLvL+xkbdccbF/N2JTpHJ42P/mpoczTgkVQ0NsE91/Ev4laz\nH38nietEddpYvEHqZRNqa/Kt+QKCAIASMsNCGrWxtMJrCthV22KTFoRkeCYbNf+P\nNidFSJT3lfJjte7t80J0F/4zeK9uhlwPw2i8qoJpqsLPBoZG+q8nmRSxuwUImjb7\nREuyzvGzoFaLURmAZvUNFXSrxJ69E4NDppMe6hqpLpGOnVYVw9LeZUnqfltWxUVX\nbOr8hwLp+wKCAIBRc4soOPKslBTNqOFYGvf49DfaFjFgb+Cvdw+IW2fUCzNQ8t1+\njnlU1M5IwSKH5pJXEye+XyTQMiyNTGsrSzC+KTfS8wWzWEhpUhshomDxnzJMn6iy\nPH4pDHsWrgZ9zkRchnF717RIn9Abeu/plXvmM8A7p+MemUhEV+2Oko+D1w==\n-----END RSA PRIVATE KEY-----\n", "user_id": "7fc0ba1cfe364cf0abebe20e0584490b", "name": "tempest-TestNetworkAdvancedServerOps-1809604494", "fingerprint": "2e:6a:a3:ae:61:4b:68:bd:1a:f2:10:07:db:e7:0a:41"}}
2015-12-20 06:50:32,733 21545 INFO     [tempest_lib.common.rest_client] Request (TestNetworkAdvancedServerOps:test_server_connectivity_pause_unpause): 201 POST http://10.0.2.15:9696/v2.0/security-groups 0.330s
2015-12-20 06:50:32,733 21545 DEBUG    [tempest_lib.common.rest_client] Request - Headers: {'Content-Type': 'application/json', 'Accept': 'application/json', 'X-Auth-Token': '&lt;omitted&gt;'}
        Body: {"security_group": {"tenant_id": "479c3136fc0f4979bb800a808e7c76f3", "description": "tempest-secgroup-smoke-916087982 description", "name": "tempest-secgroup-smoke-916087982"}}
    Response - Headers: {'status': '201', 'content-length': '886', 'connection': 'close', 'date': 'Sun, 20 Dec 2015 06:50:32 GMT', 'content-type': 'application/json; charset=UTF-8', 'x-openstack-request-id': 'req-79a394e8-65fa-430e-bcb8-c5221f9469b2'}
        Body: {"security_group": {"tenant_id": "479c3136fc0f4979bb800a808e7c76f3", "description": "tempest-secgroup-smoke-916087982 description", "id": "20199201-fbe6-4267-807c-02a61f55f61e", "security_group_rules": [{"remote_group_id": null, "direction": "egress", "remote_ip_prefix": null, "protocol": null, "ethertype": "IPv4", "tenant_id": "479c3136fc0f4979bb800a808e7c76f3", "port_range_max": null, "port_range_min": null, "id": "944f4711-02da-4782-a833-a1bba9b4dd18", "security_group_id": "20199201-fbe6-4267-807c-02a61f55f61e"}, {"remote_group_id": null, "direction": "egress", "remote_ip_prefix": null, "protocol": null, "ethertype": "IPv6", "tenant_id": "479c3136fc0f4979bb800a808e7c76f3", "port_range_max": null, "port_range_min": null, "id": "67210453-680a-469a-bfbb-b195fc0764cb", "security_group_id": "20199201-fbe6-4267-807c-02a61f55f61e"}], "name": "tempest-secgroup-smoke-916087982"}}
2015-12-20 06:50:32,854 21545 INFO     [tempest_lib.common.rest_client] Request (TestNetworkAdvancedServerOps:test_server_connectivity_pause_unpause): 201 POST http://10.0.2.15:9696/v2.0/security-group-rules 0.119s
2015-12-20 06:50:32,855 21545 DEBUG    [tempest_lib.common.rest_client] Request - Headers: {'Content-Type': 'application/json', 'Accept': 'application/json', 'X-Auth-Token': '&lt;omitted&gt;'}
        Body: {"security_group_rule": {"direction": "ingress", "protocol": "tcp", "tenant_id": "479c3136fc0f4979bb800a808e7c76f3", "port_range_max": 22, "security_group_id": "20199201-fbe6-4267-807c-02a61f55f61e", "port_range_min": 22}}
    Response - Headers: {'status': '201', 'content-length': '340', 'connection': 'close', 'date': 'Sun, 20 Dec 2015 06:50:32 GMT', 'content-type': 'application/json; charset=UTF-8', 'x-openstack-request-id': 'req-4b76aa02-3dbb-4f7c-b7b5-d6637a2b7407'}
        Body: {"security_group_rule": {"remote_group_id": null, "direction": "ingress", "remote_ip_prefix": null, "protocol": "tcp", "ethertype": "IPv4", "tenant_id": "479c3136fc0f4979bb800a808e7c76f3", "port_range_max": 22, "port_range_min": 22, "id": "d806c808-891a-4b60-b7d3-c4b4c80af3fa", "security_group_id": "20199201-fbe6-4267-807c-02a61f55f61e"}}
2015-12-20 06:50:32,978 21545 INFO     [tempest_lib.common.rest_client] Request (TestNetworkAdvancedServerOps:test_server_connectivity_pause_unpause): 201 POST http://10.0.2.15:9696/v2.0/security-group-rules 0.122s
2015-12-20 06:50:32,978 21545 DEBUG    [tempest_lib.common.rest_client] Request - Headers: {'Content-Type': 'application/json', 'Accept': 'application/json', 'X-Auth-Token': '&lt;omitted&gt;'}
        Body: {"security_group_rule": {"direction": "egress", "protocol": "tcp", "tenant_id": "479c3136fc0f4979bb800a808e7c76f3", "port_range_max": 22, "security_group_id": "20199201-fbe6-4267-807c-02a61f55f61e", "port_range_min": 22}}
    Response - Headers: {'status': '201', 'content-length': '339', 'connection': 'close', 'date': 'Sun, 20 Dec 2015 06:50:32 GMT', 'content-type': 'application/json; charset=UTF-8', 'x-openstack-request-id': 'req-602af243-a1d8-4ccb-8453-124375c46a45'}
        Body: {"security_group_rule": {"remote_group_id": null, "direction": "egress", "remote_ip_prefix": null, "protocol": "tcp", "ethertype": "IPv4", "tenant_id": "479c3136fc0f4979bb800a808e7c76f3", "port_range_max": 22, "port_range_min": 22, "id": "092372e7-2a73-4b63-96a5-872fcc2fd387", "security_group_id": "20199201-fbe6-4267-807c-02a61f55f61e"}}
2015-12-20 06:50:33,093 21545 INFO     [tempest_lib.common.rest_client] Request (TestNetworkAdvancedServerOps:test_server_connectivity_pause_unpause): 201 POST http://10.0.2.15:9696/v2.0/security-group-rules 0.113s
2015-12-20 06:50:33,094 21545 DEBUG    [tempest_lib.common.rest_client] Request - Headers: {'Content-Type': 'application/json', 'Accept': 'application/json', 'X-Auth-Token': '&lt;omitted&gt;'}
        Body: {"security_group_rule": {"tenant_id": "479c3136fc0f4979bb800a808e7c76f3", "direction": "ingress", "protocol": "icmp", "security_group_id": "20199201-fbe6-4267-807c-02a61f55f61e"}}
    Response - Headers: {'status': '201', 'content-length': '345', 'connection': 'close', 'date': 'Sun, 20 Dec 2015 06:50:33 GMT', 'content-type': 'application/json; charset=UTF-8', 'x-openstack-request-id': 'req-e789d32c-1a68-4a8c-9199-477a484497f7'}
        Body: {"security_group_rule": {"remote_group_id": null, "direction": "ingress", "remote_ip_prefix": null, "protocol": "icmp", "ethertype": "IPv4", "tenant_id": "479c3136fc0f4979bb800a808e7c76f3", "port_range_max": null, "port_range_min": null, "id": "63df8876-97e3-4054-8f23-8ad7a24d2521", "security_group_id": "20199201-fbe6-4267-807c-02a61f55f61e"}}
2015-12-20 06:50:33,229 21545 INFO     [tempest_lib.common.rest_client] Request (TestNetworkAdvancedServerOps:test_server_connectivity_pause_unpause): 201 POST http://10.0.2.15:9696/v2.0/security-group-rules 0.133s
2015-12-20 06:50:33,230 21545 DEBUG    [tempest_lib.common.rest_client] Request - Headers: {'Content-Type': 'application/json', 'Accept': 'application/json', 'X-Auth-Token': '&lt;omitted&gt;'}
        Body: {"security_group_rule": {"tenant_id": "479c3136fc0f4979bb800a808e7c76f3", "direction": "egress", "protocol": "icmp", "security_group_id": "20199201-fbe6-4267-807c-02a61f55f61e"}}
    Response - Headers: {'status': '201', 'content-length': '344', 'connection': 'close', 'date': 'Sun, 20 Dec 2015 06:50:33 GMT', 'content-type': 'application/json; charset=UTF-8', 'x-openstack-request-id': 'req-b7a17197-6b43-444f-aaa1-772162b00b1b'}
        Body: {"security_group_rule": {"remote_group_id": null, "direction": "egress", "remote_ip_prefix": null, "protocol": "icmp", "ethertype": "IPv4", "tenant_id": "479c3136fc0f4979bb800a808e7c76f3", "port_range_max": null, "port_range_min": null, "id": "0fedcfce-d929-4255-91f2-77e3828eb703", "security_group_id": "20199201-fbe6-4267-807c-02a61f55f61e"}}
2015-12-20 06:50:33,363 21545 INFO     [tempest_lib.common.rest_client] Request (TestNetworkAdvancedServerOps:test_server_connectivity_pause_unpause): 201 POST http://10.0.2.15:9696/v2.0/security-group-rules 0.131s
2015-12-20 06:50:33,364 21545 DEBUG    [tempest_lib.common.rest_client] Request - Headers: {'Content-Type': 'application/json', 'Accept': 'application/json', 'X-Auth-Token': '&lt;omitted&gt;'}
        Body: {"security_group_rule": {"tenant_id": "479c3136fc0f4979bb800a808e7c76f3", "direction": "ingress", "security_group_id": "20199201-fbe6-4267-807c-02a61f55f61e", "protocol": "icmp", "ethertype": "IPv6"}}
    Response - Headers: {'status': '201', 'content-length': '345', 'connection': 'close', 'date': 'Sun, 20 Dec 2015 06:50:33 GMT', 'content-type': 'application/json; charset=UTF-8', 'x-openstack-request-id': 'req-f12946fd-482f-43b5-9a7a-faeb584e4101'}
        Body: {"security_group_rule": {"remote_group_id": null, "direction": "ingress", "remote_ip_prefix": null, "protocol": "icmp", "ethertype": "IPv6", "tenant_id": "479c3136fc0f4979bb800a808e7c76f3", "port_range_max": null, "port_range_min": null, "id": "58448b7c-c27d-4ed3-bb91-a87cadc02a5e", "security_group_id": "20199201-fbe6-4267-807c-02a61f55f61e"}}
2015-12-20 06:50:33,471 21545 INFO     [tempest_lib.common.rest_client] Request (TestNetworkAdvancedServerOps:test_server_connectivity_pause_unpause): 201 POST http://10.0.2.15:9696/v2.0/security-group-rules 0.106s
2015-12-20 06:50:33,472 21545 DEBUG    [tempest_lib.common.rest_client] Request - Headers: {'Content-Type': 'application/json', 'Accept': 'application/json', 'X-Auth-Token': '&lt;omitted&gt;'}
        Body: {"security_group_rule": {"tenant_id": "479c3136fc0f4979bb800a808e7c76f3", "direction": "egress", "security_group_id": "20199201-fbe6-4267-807c-02a61f55f61e", "protocol": "icmp", "ethertype": "IPv6"}}
    Response - Headers: {'status': '201', 'content-length': '344', 'connection': 'close', 'date': 'Sun, 20 Dec 2015 06:50:33 GMT', 'content-type': 'application/json; charset=UTF-8', 'x-openstack-request-id': 'req-102b9be6-9099-4475-b25b-cbe9d28121f7'}
        Body: {"security_group_rule": {"remote_group_id": null, "direction": "egress", "remote_ip_prefix": null, "protocol": "icmp", "ethertype": "IPv6", "tenant_id": "479c3136fc0f4979bb800a808e7c76f3", "port_range_max": null, "port_range_min": null, "id": "6b647fbd-a910-4303-a861-f8df351fba77", "security_group_id": "20199201-fbe6-4267-807c-02a61f55f61e"}}
2015-12-20 06:50:33,789 21545 INFO     [tempest_lib.common.rest_client] Request (TestNetworkAdvancedServerOps:test_server_connectivity_pause_unpause): 201 POST http://10.0.2.15:9696/v2.0/networks 0.315s
2015-12-20 06:50:33,789 21545 DEBUG    [tempest_lib.common.rest_client] Request - Headers: {'Content-Type': 'application/json', 'Accept': 'application/json', 'X-Auth-Token': '&lt;omitted&gt;'}
        Body: {"network": {"tenant_id": "479c3136fc0f4979bb800a808e7c76f3", "name": "tempest-network-smoke--1682789962"}}
    Response - Headers: {'status': '201', 'content-length': '329', 'connection': 'close', 'date': 'Sun, 20 Dec 2015 06:50:33 GMT', 'content-type': 'application/json; charset=UTF-8', 'x-openstack-request-id': 'req-3a63fca8-b172-4349-8cff-a20b90079ce0'}
        Body: {"network": {"status": "ACTIVE", "subnets": [], "availability_zone_hints": "[]", "name": "tempest-network-smoke--1682789962", "admin_state_up": true, "tenant_id": "479c3136fc0f4979bb800a808e7c76f3", "mtu": 0, "router:external": false, "shared": false, "port_security_enabled": true, "id": "584c2c6e-c6d1-428b-961a-40b3fd436164"}}
2015-12-20 06:50:33,863 21545 INFO     [tempest_lib.common.rest_client] Request (TestNetworkAdvancedServerOps:test_server_connectivity_pause_unpause): 201 POST http://10.0.2.15:9696/v2.0/routers 0.073s
2015-12-20 06:50:33,864 21545 DEBUG    [tempest_lib.common.rest_client] Request - Headers: {'Content-Type': 'application/json', 'Accept': 'application/json', 'X-Auth-Token': '&lt;omitted&gt;'}
        Body: {"router": {"tenant_id": "479c3136fc0f4979bb800a808e7c76f3", "name": "tempest-router-smoke-616797096", "admin_state_up": true}}
    Response - Headers: {'status': '201', 'content-length': '295', 'connection': 'close', 'date': 'Sun, 20 Dec 2015 06:50:33 GMT', 'content-type': 'application/json; charset=UTF-8', 'x-openstack-request-id': 'req-f44dbb04-882d-4e0a-a3d0-f8af506bc93d'}
        Body: {"router": {"status": "ACTIVE", "external_gateway_info": null, "availability_zone_hints": [], "availability_zones": [], "name": "tempest-router-smoke-616797096", "admin_state_up": true, "tenant_id": "479c3136fc0f4979bb800a808e7c76f3", "routes": [], "id": "b5eda668-795e-4ecc-b1d9-cab05376316c"}}
2015-12-20 06:50:33,913 21545 INFO     [tempest_lib.common.rest_client] Request (TestNetworkAdvancedServerOps:test_server_connectivity_pause_unpause): 200 GET http://10.0.2.15:9696/v2.0/routers/b5eda668-795e-4ecc-b1d9-cab05376316c 0.048s
2015-12-20 06:50:33,913 21545 DEBUG    [tempest_lib.common.rest_client] Request - Headers: {'Content-Type': 'application/json', 'Accept': 'application/json', 'X-Auth-Token': '&lt;omitted&gt;'}
        Body: None
    Response - Headers: {'status': '200', 'content-length': '295', 'content-location': 'http://10.0.2.15:9696/v2.0/routers/b5eda668-795e-4ecc-b1d9-cab05376316c', 'connection': 'close', 'date': 'Sun, 20 Dec 2015 06:50:33 GMT', 'content-type': 'application/json; charset=UTF-8', 'x-openstack-request-id': 'req-9d4e5097-9ce4-4c5b-adbe-32b63030a177'}
        Body: {"router": {"status": "ACTIVE", "external_gateway_info": null, "availability_zone_hints": [], "availability_zones": [], "name": "tempest-router-smoke-616797096", "admin_state_up": true, "tenant_id": "479c3136fc0f4979bb800a808e7c76f3", "routes": [], "id": "b5eda668-795e-4ecc-b1d9-cab05376316c"}}
2015-12-20 06:50:34,582 21545 INFO     [tempest_lib.common.rest_client] Request (TestNetworkAdvancedServerOps:test_server_connectivity_pause_unpause): 200 PUT http://10.0.2.15:9696/v2.0/routers/b5eda668-795e-4ecc-b1d9-cab05376316c 0.668s
2015-12-20 06:50:34,583 21545 DEBUG    [tempest_lib.common.rest_client] Request - Headers: {'Content-Type': 'application/json', 'Accept': 'application/json', 'X-Auth-Token': '&lt;omitted&gt;'}
        Body: {"router": {"external_gateway_info": {"network_id": "b6075da0-9684-47f9-9e63-ea69b0f9db2e"}, "name": "tempest-router-smoke-616797096", "admin_state_up": true}}
    Response - Headers: {'status': '200', 'content-length': '557', 'connection': 'close', 'date': 'Sun, 20 Dec 2015 06:50:34 GMT', 'content-type': 'application/json; charset=UTF-8', 'x-openstack-request-id': 'req-227db73b-e664-49c5-9b56-faf7efc551a3'}
        Body: {"router": {"status": "ACTIVE", "external_gateway_info": {"network_id": "b6075da0-9684-47f9-9e63-ea69b0f9db2e", "enable_snat": true, "external_fixed_ips": [{"subnet_id": "ba81accb-9f6d-4bc1-8a03-a1462f9d2032", "ip_address": "172.24.4.3"}, {"subnet_id": "0b5b231a-a73a-4eb6-85e0-98572a10a59d", "ip_address": "2001:db8::3"}]}, "availability_zone_hints": [], "availability_zones": [], "name": "tempest-router-smoke-616797096", "admin_state_up": true, "tenant_id": "479c3136fc0f4979bb800a808e7c76f3", "routes": [], "id": "b5eda668-795e-4ecc-b1d9-cab05376316c"}}
2015-12-20 06:50:34,727 21545 INFO     [tempest_lib.common.rest_client] Request (TestNetworkAdvancedServerOps:test_server_connectivity_pause_unpause): 200 GET http://10.0.2.15:9696/v2.0/subnets?tenant_id=479c3136fc0f4979bb800a808e7c76f3&amp;cidr=10.100.0.0%2F28 0.142s
2015-12-20 06:50:34,728 21545 DEBUG    [tempest_lib.common.rest_client] Request - Headers: {'Content-Type': 'application/json', 'Accept': 'application/json', 'X-Auth-Token': '&lt;omitted&gt;'}
        Body: None
    Response - Headers: {'status': '200', 'content-length': '15', 'content-location': 'http://10.0.2.15:9696/v2.0/subnets?tenant_id=479c3136fc0f4979bb800a808e7c76f3&amp;cidr=10.100.0.0%2F28', 'connection': 'close', 'date': 'Sun, 20 Dec 2015 06:50:34 GMT', 'content-type': 'application/json; charset=UTF-8', 'x-openstack-request-id': 'req-4864eef2-b355-4d08-9982-3452fe94cd98'}
        Body: {"subnets": []}
2015-12-20 06:50:35,057 21545 INFO     [tempest_lib.common.rest_client] Request (TestNetworkAdvancedServerOps:test_server_connectivity_pause_unpause): 201 POST http://10.0.2.15:9696/v2.0/subnets 0.328s
2015-12-20 06:50:35,057 21545 DEBUG    [tempest_lib.common.rest_client] Request - Headers: {'Content-Type': 'application/json', 'Accept': 'application/json', 'X-Auth-Token': '&lt;omitted&gt;'}
        Body: {"subnet": {"ip_version": 4, "tenant_id": "479c3136fc0f4979bb800a808e7c76f3", "cidr": "10.100.0.0/28", "network_id": "584c2c6e-c6d1-428b-961a-40b3fd436164", "name": "tempest-subnet-smoke-443324111"}}
    Response - Headers: {'status': '201', 'content-length': '477', 'connection': 'close', 'date': 'Sun, 20 Dec 2015 06:50:35 GMT', 'content-type': 'application/json; charset=UTF-8', 'x-openstack-request-id': 'req-52520004-f99d-4cab-a3d9-6ab63a92c3c5'}
        Body: {"subnet": {"name": "tempest-subnet-smoke-443324111", "enable_dhcp": true, "network_id": "584c2c6e-c6d1-428b-961a-40b3fd436164", "tenant_id": "479c3136fc0f4979bb800a808e7c76f3", "dns_nameservers": [], "gateway_ip": "10.100.0.1", "ipv6_ra_mode": null, "allocation_pools": [{"start": "10.100.0.2", "end": "10.100.0.14"}], "host_routes": [], "ip_version": 4, "ipv6_address_mode": null, "cidr": "10.100.0.0/28", "id": "1de67b3f-3814-417f-9bf8-7a51f9ba7bb8", "subnetpool_id": null}}
2015-12-20 06:50:35,877 21545 INFO     [tempest_lib.common.rest_client] Request (TestNetworkAdvancedServerOps:test_server_connectivity_pause_unpause): 200 PUT http://10.0.2.15:9696/v2.0/routers/b5eda668-795e-4ecc-b1d9-cab05376316c/add_router_interface 0.818s
2015-12-20 06:50:35,877 21545 DEBUG    [tempest_lib.common.rest_client] Request - Headers: {'Content-Type': 'application/json', 'Accept': 'application/json', 'X-Auth-Token': '&lt;omitted&gt;'}
        Body: {"subnet_id": "1de67b3f-3814-417f-9bf8-7a51f9ba7bb8"}
    Response - Headers: {'status': '200', 'content-length': '255', 'connection': 'close', 'date': 'Sun, 20 Dec 2015 06:50:35 GMT', 'content-type': 'application/json; charset=UTF-8', 'x-openstack-request-id': 'req-8aaeca58-2730-4de3-99fd-e5bc8ae60ec0'}
        Body: {"subnet_id": "1de67b3f-3814-417f-9bf8-7a51f9ba7bb8", "tenant_id": "479c3136fc0f4979bb800a808e7c76f3", "subnet_ids": ["1de67b3f-3814-417f-9bf8-7a51f9ba7bb8"], "port_id": "c34fd44c-87fd-4936-8d15-87859e058235", "id": "b5eda668-795e-4ecc-b1d9-cab05376316c"}
2015-12-20 06:50:35,978 21545 INFO     [tempest_lib.common.rest_client] Request (TestNetworkAdvancedServerOps:test_server_connectivity_pause_unpause): 200 POST http://10.0.2.15:5000/v2.0/tokens
2015-12-20 06:50:35,979 21545 DEBUG    [tempest_lib.common.rest_client] Request - Headers: {'Content-Type': 'application/json', 'Accept': 'application/json'}
        Body: &lt;omitted&gt;
    Response - Headers: {'status': '200', 'content-length': '2566', 'vary': 'X-Auth-Token', 'server': 'Apache/2.4.7 (Ubuntu)', 'connection': 'close', 'date': 'Sun, 20 Dec 2015 06:50:35 GMT', 'content-type': 'application/json', 'x-openstack-request-id': 'req-584626ee-9d95-4afc-be61-2a2ec7fdcb0e'}
        Body: {"access": {"token": {"issued_at": "2015-12-20T06:50:35.969095", "expires": "2015-12-20T07:50:35Z", "id": "b8ae099d6a5a41cf8afb2a572066e9e1", "tenant": {"description": "tempest-TestNetworkAdvancedServerOps-1490646948-desc", "enabled": true, "id": "479c3136fc0f4979bb800a808e7c76f3", "name": "tempest-TestNetworkAdvancedServerOps-1490646948"}, "audit_ids": ["nEMImKdcR1uh-x97V1ht4w"]}, "serviceCatalog": [{"endpoints": [{"adminURL": "http://10.0.2.15:8774/v2.1/479c3136fc0f4979bb800a808e7c76f3", "region": "RegionOne", "internalURL": "http://10.0.2.15:8774/v2.1/479c3136fc0f4979bb800a808e7c76f3", "id": "04cd833ccb544a6db1afd4598b35b09d", "publicURL": "http://10.0.2.15:8774/v2.1/479c3136fc0f4979bb800a808e7c76f3"}], "endpoints_links": [], "type": "compute", "name": "nova"}, {"endpoints": [{"adminURL": "http://10.0.2.15:9696/", "region": "RegionOne", "internalURL": "http://10.0.2.15:9696/", "id": "0e2d6bb496954762b5ea5a718fa3f90c", "publicURL": "http://10.0.2.15:9696/"}], "endpoints_links": [], "type": "network", "name": "neutron"}, {"endpoints": [{"adminURL": "http://10.0.2.15:9292", "region": "RegionOne", "internalURL": "http://10.0.2.15:9292", "id": "03819d165b0149779aba3387f6454c02", "publicURL": "http://10.0.2.15:9292"}], "endpoints_links": [], "type": "image", "name": "glance"}, {"endpoints": [{"adminURL": "http://10.0.2.15:8774/v2/479c3136fc0f4979bb800a808e7c76f3", "region": "RegionOne", "internalURL": "http://10.0.2.15:8774/v2/479c3136fc0f4979bb800a808e7c76f3", "id": "19ca2a0cd25c4013a1c797f60f05f3ec", "publicURL": "http://10.0.2.15:8774/v2/479c3136fc0f4979bb800a808e7c76f3"}], "endpoints_links": [], "type": "compute_legacy", "name": "nova_legacy"}, {"endpoints": [{"adminURL": "http://10.0.2.15:8773/", "region": "RegionOne", "internalURL": "http://10.0.2.15:8773/", "id": "8649a6c9d43443299c40fe92fb758d00", "publicURL": "http://10.0.2.15:8773/"}], "endpoints_links": [], "type": "ec2", "name": "ec2"}, {"endpoints": [{"adminURL": "http://10.0.2.15:35357/v2.0", "region": "RegionOne", "internalURL": "http://10.0.2.15:5000/v2.0", "id": "512f2ff369774b22ae97f27974444e93", "publicURL": "http://10.0.2.15:5000/v2.0"}], "endpoints_links": [], "type": "identity", "name": "keystone"}], "user": {"username": "tempest-TestNetworkAdvancedServerOps-2013487571", "roles_links": [], "id": "7fc0ba1cfe364cf0abebe20e0584490b", "roles": [{"name": "_member_"}, {"name": "Member"}], "name": "tempest-TestNetworkAdvancedServerOps-2013487571"}, "metadata": {"is_admin": 0, "roles": ["9fe2ff9ee4384b1894a90878d3e92bab", "d12eab0c0bf440d99d3642bb7259cd55"]}}}
2015-12-20 06:50:35,982 21545 DEBUG    [tempest.common.fixed_network] (TestNetworkAdvancedServerOps:test_server_connectivity_pause_unpause) No valid network provided or created, defaulting to fixed_network_name
2015-12-20 06:50:36,309 21545 INFO     [tempest_lib.common.rest_client] Request (TestNetworkAdvancedServerOps:test_server_connectivity_pause_unpause): 200 GET http://10.0.2.15:8774/v2.1/479c3136fc0f4979bb800a808e7c76f3/os-networks 0.326s
2015-12-20 06:50:36,310 21545 DEBUG    [tempest_lib.common.rest_client] Request - Headers: {'Content-Type': 'application/json', 'Accept': 'application/json', 'X-Auth-Token': '&lt;omitted&gt;'}
        Body: None
    Response - Headers: {'status': '200', 'content-length': '479', 'content-location': 'http://10.0.2.15:8774/v2.1/479c3136fc0f4979bb800a808e7c76f3/os-networks', 'x-compute-request-id': 'req-754a3b87-40cb-4863-8790-20b651affd06', 'vary': 'X-OpenStack-Nova-API-Version', 'connection': 'close', 'x-openstack-nova-api-version': '2.1', 'date': 'Sun, 20 Dec 2015 06:50:36 GMT', 'content-type': 'application/json'}
        Body: {"networks": [{"cidr_v6": null, "dns2": null, "dns1": null, "gateway": null, "broadcast": null, "netmask": null, "gateway_v6": null, "cidr": null, "label": "public", "id": "b6075da0-9684-47f9-9e63-ea69b0f9db2e", "netmask_v6": null}, {"cidr_v6": null, "dns2": null, "dns1": null, "gateway": null, "broadcast": null, "netmask": null, "gateway_v6": null, "cidr": null, "label": "tempest-network-smoke--1682789962", "id": "584c2c6e-c6d1-428b-961a-40b3fd436164", "netmask_v6": null}]}
2015-12-20 06:50:36,310 21545 WARNING  [tempest.common.fixed_network] (TestNetworkAdvancedServerOps:test_server_connectivity_pause_unpause) Network with name: private not found
2015-12-20 06:50:36,310 21545 INFO     [tempest.common.fixed_network] (TestNetworkAdvancedServerOps:test_server_connectivity_pause_unpause) Found network {} available for tenant
2015-12-20 06:50:38,005 21545 INFO     [tempest_lib.common.rest_client] Request (TestNetworkAdvancedServerOps:test_server_connectivity_pause_unpause): 202 POST http://10.0.2.15:8774/v2.1/479c3136fc0f4979bb800a808e7c76f3/servers 1.694s
2015-12-20 06:50:38,005 21545 DEBUG    [tempest_lib.common.rest_client] Request - Headers: {'Content-Type': 'application/json', 'Accept': 'application/json', 'X-Auth-Token': '&lt;omitted&gt;'}
        Body: {"server": {"name": "tempest.common.compute-instance-1292138604", "imageRef": "93fb8c9a-9cfe-460a-8459-18f23a27820b", "key_name": "tempest-TestNetworkAdvancedServerOps-1809604494", "flavorRef": "42", "networks": [{"uuid": "584c2c6e-c6d1-428b-961a-40b3fd436164"}], "security_groups": [{"name": "tempest-secgroup-smoke-916087982"}]}}
    Response - Headers: {'status': '202', 'content-length': '461', 'x-compute-request-id': 'req-58307351-303b-45f7-808d-1ae7e40c08c5', 'vary': 'X-OpenStack-Nova-API-Version', 'connection': 'close', 'location': 'http://10.0.2.15:8774/v2.1/479c3136fc0f4979bb800a808e7c76f3/servers/d2d27e89-27d8-4315-b13d-94792436064f', 'x-openstack-nova-api-version': '2.1', 'date': 'Sun, 20 Dec 2015 06:50:38 GMT', 'content-type': 'application/json'}
        Body: {"server": {"security_groups": [{"name": "tempest-secgroup-smoke-916087982"}], "OS-DCF:diskConfig": "MANUAL", "id": "d2d27e89-27d8-4315-b13d-94792436064f", "links": [{"href": "http://10.0.2.15:8774/v2.1/479c3136fc0f4979bb800a808e7c76f3/servers/d2d27e89-27d8-4315-b13d-94792436064f", "rel": "self"}, {"href": "http://10.0.2.15:8774/479c3136fc0f4979bb800a808e7c76f3/servers/d2d27e89-27d8-4315-b13d-94792436064f", "rel": "bookmark"}], "adminPass": "9VSRKN43jmBa"}}
2015-12-20 06:50:38,179 21545 INFO     [tempest_lib.common.rest_client] Request (TestNetworkAdvancedServerOps:test_server_connectivity_pause_unpause): 200 GET http://10.0.2.15:8774/v2.1/479c3136fc0f4979bb800a808e7c76f3/servers/d2d27e89-27d8-4315-b13d-94792436064f 0.171s
2015-12-20 06:50:38,180 21545 DEBUG    [tempest_lib.common.rest_client] Request - Headers: {'Content-Type': 'application/json', 'Accept': 'application/json', 'X-Auth-Token': '&lt;omitted&gt;'}
        Body: None
    Response - Headers: {'status': '200', 'content-length': '1365', 'content-location': 'http://10.0.2.15:8774/v2.1/479c3136fc0f4979bb800a808e7c76f3/servers/d2d27e89-27d8-4315-b13d-94792436064f', 'x-compute-request-id': 'req-55b26ebf-d990-4745-b779-aa054f4ed665', 'vary': 'X-OpenStack-Nova-API-Version', 'connection': 'close', 'x-openstack-nova-api-version': '2.1', 'date': 'Sun, 20 Dec 2015 06:50:38 GMT', 'content-type': 'application/json'}
        Body: {"server": {"status": "BUILD", "updated": "2015-12-20T06:50:38Z", "hostId": "", "addresses": {}, "links": [{"href": "http://10.0.2.15:8774/v2.1/479c3136fc0f4979bb800a808e7c76f3/servers/d2d27e89-27d8-4315-b13d-94792436064f", "rel": "self"}, {"href": "http://10.0.2.15:8774/479c3136fc0f4979bb800a808e7c76f3/servers/d2d27e89-27d8-4315-b13d-94792436064f", "rel": "bookmark"}], "key_name": "tempest-TestNetworkAdvancedServerOps-1809604494", "image": {"id": "93fb8c9a-9cfe-460a-8459-18f23a27820b", "links": [{"href": "http://10.0.2.15:8774/479c3136fc0f4979bb800a808e7c76f3/images/93fb8c9a-9cfe-460a-8459-18f23a27820b", "rel": "bookmark"}]}, "OS-EXT-STS:task_state": "scheduling", "OS-EXT-STS:vm_state": "building", "OS-SRV-USG:launched_at": null, "flavor": {"id": "42", "links": [{"href": "http://10.0.2.15:8774/479c3136fc0f4979bb800a808e7c76f3/flavors/42", "rel": "bookmark"}]}, "id": "d2d27e89-27d8-4315-b13d-94792436064f", "OS-SRV-USG:terminated_at": null, "OS-EXT-AZ:availability_zone": "", "user_id": "7fc0ba1cfe364cf0abebe20e0584490b", "name": "tempest.common.compute-instance-1292138604", "created": "2015-12-20T06:50:37Z", "tenant_id": "479c3136fc0f4979bb800a808e7c76f3", "OS-DCF:diskConfig": "MANUAL", "os-extended-volumes:volumes_attached": [], "accessIPv4": "", "accessIPv6": "", "progress": 0, "OS-EXT-STS:power_state": 0, "config_drive": "", "metadata": {}}}
2015-12-20 06:50:39,451 21545 INFO     [tempest_lib.common.rest_client] Request (TestNetworkAdvancedServerOps:test_server_connectivity_pause_unpause): 200 GET http://10.0.2.15:8774/v2.1/479c3136fc0f4979bb800a808e7c76f3/servers/d2d27e89-27d8-4315-b13d-94792436064f 0.259s
2015-12-20 06:50:39,452 21545 DEBUG    [tempest_lib.common.rest_client] Request - Headers: {'Content-Type': 'application/json', 'Accept': 'application/json', 'X-Auth-Token': '&lt;omitted&gt;'}
        Body: None
    Response - Headers: {'status': '200', 'content-length': '1423', 'content-location': 'http://10.0.2.15:8774/v2.1/479c3136fc0f4979bb800a808e7c76f3/servers/d2d27e89-27d8-4315-b13d-94792436064f', 'x-compute-request-id': 'req-f06b6741-ab17-4613-bd99-dbc71eb7628e', 'vary': 'X-OpenStack-Nova-API-Version', 'connection': 'close', 'x-openstack-nova-api-version': '2.1', 'date': 'Sun, 20 Dec 2015 06:50:39 GMT', 'content-type': 'application/json'}
        Body: {"server": {"status": "BUILD", "updated": "2015-12-20T06:50:39Z", "hostId": "95c0e3498c3568bac0884d02a004142aca65c6f82734a6d4b7d4ba06", "addresses": {}, "links": [{"href": "http://10.0.2.15:8774/v2.1/479c3136fc0f4979bb800a808e7c76f3/servers/d2d27e89-27d8-4315-b13d-94792436064f", "rel": "self"}, {"href": "http://10.0.2.15:8774/479c3136fc0f4979bb800a808e7c76f3/servers/d2d27e89-27d8-4315-b13d-94792436064f", "rel": "bookmark"}], "key_name": "tempest-TestNetworkAdvancedServerOps-1809604494", "image": {"id": "93fb8c9a-9cfe-460a-8459-18f23a27820b", "links": [{"href": "http://10.0.2.15:8774/479c3136fc0f4979bb800a808e7c76f3/images/93fb8c9a-9cfe-460a-8459-18f23a27820b", "rel": "bookmark"}]}, "OS-EXT-STS:task_state": "spawning", "OS-EXT-STS:vm_state": "building", "OS-SRV-USG:launched_at": null, "flavor": {"id": "42", "links": [{"href": "http://10.0.2.15:8774/479c3136fc0f4979bb800a808e7c76f3/flavors/42", "rel": "bookmark"}]}, "id": "d2d27e89-27d8-4315-b13d-94792436064f", "OS-SRV-USG:terminated_at": null, "OS-EXT-AZ:availability_zone": "nova", "user_id": "7fc0ba1cfe364cf0abebe20e0584490b", "name": "tempest.common.compute-instance-1292138604", "created": "2015-12-20T06:50:37Z", "tenant_id": "479c3136fc0f4979bb800a808e7c76f3", "OS-DCF:diskConfig": "MANUAL", "os-extended-volumes:volumes_attached": [], "accessIPv4": "", "accessIPv6": "", "progress": 0, "OS-EXT-STS:power_state": 0, "config_drive": "", "metadata": {}}}
2015-12-20 06:50:39,460 21545 INFO     [tempest.common.waiters] State transition "BUILD/scheduling" ==&gt; "BUILD/spawning" after 1 second wait
2015-12-20 06:50:40,699 21545 INFO     [tempest_lib.common.rest_client] Request (TestNetworkAdvancedServerOps:test_server_connectivity_pause_unpause): 200 GET http://10.0.2.15:8774/v2.1/479c3136fc0f4979bb800a808e7c76f3/servers/d2d27e89-27d8-4315-b13d-94792436064f 0.238s
2015-12-20 06:50:40,699 21545 DEBUG    [tempest_lib.common.rest_client] Request - Headers: {'Content-Type': 'application/json', 'Accept': 'application/json', 'X-Auth-Token': '&lt;omitted&gt;'}
        Body: None
    Response - Headers: {'status': '200', 'content-length': '1490', 'content-location': 'http://10.0.2.15:8774/v2.1/479c3136fc0f4979bb800a808e7c76f3/servers/d2d27e89-27d8-4315-b13d-94792436064f', 'x-compute-request-id': 'req-5ba209da-798f-4054-9437-d5f530e44b8e', 'vary': 'X-OpenStack-Nova-API-Version', 'connection': 'close', 'x-openstack-nova-api-version': '2.1', 'date': 'Sun, 20 Dec 2015 06:50:40 GMT', 'content-type': 'application/json'}
        Body: {"server": {"status": "BUILD", "updated": "2015-12-20T06:50:39Z", "hostId": "95c0e3498c3568bac0884d02a004142aca65c6f82734a6d4b7d4ba06", "addresses": {}, "links": [{"href": "http://10.0.2.15:8774/v2.1/479c3136fc0f4979bb800a808e7c76f3/servers/d2d27e89-27d8-4315-b13d-94792436064f", "rel": "self"}, {"href": "http://10.0.2.15:8774/479c3136fc0f4979bb800a808e7c76f3/servers/d2d27e89-27d8-4315-b13d-94792436064f", "rel": "bookmark"}], "key_name": "tempest-TestNetworkAdvancedServerOps-1809604494", "image": {"id": "93fb8c9a-9cfe-460a-8459-18f23a27820b", "links": [{"href": "http://10.0.2.15:8774/479c3136fc0f4979bb800a808e7c76f3/images/93fb8c9a-9cfe-460a-8459-18f23a27820b", "rel": "bookmark"}]}, "OS-EXT-STS:task_state": "spawning", "OS-EXT-STS:vm_state": "building", "OS-SRV-USG:launched_at": null, "flavor": {"id": "42", "links": [{"href": "http://10.0.2.15:8774/479c3136fc0f4979bb800a808e7c76f3/flavors/42", "rel": "bookmark"}]}, "id": "d2d27e89-27d8-4315-b13d-94792436064f", "security_groups": [{"name": "tempest-secgroup-smoke-916087982"}], "OS-SRV-USG:terminated_at": null, "OS-EXT-AZ:availability_zone": "nova", "user_id": "7fc0ba1cfe364cf0abebe20e0584490b", "name": "tempest.common.compute-instance-1292138604", "created": "2015-12-20T06:50:37Z", "tenant_id": "479c3136fc0f4979bb800a808e7c76f3", "OS-DCF:diskConfig": "MANUAL", "os-extended-volumes:volumes_attached": [], "accessIPv4": "", "accessIPv6": "", "progress": 0, "OS-EXT-STS:power_state": 0, "config_drive": "", "metadata": {}}}
2015-12-20 06:50:42,034 21545 INFO     [tempest_lib.common.rest_client] Request (TestNetworkAdvancedServerOps:test_server_connectivity_pause_unpause): 200 GET http://10.0.2.15:8774/v2.1/479c3136fc0f4979bb800a808e7c76f3/servers/d2d27e89-27d8-4315-b13d-94792436064f 0.325s
2015-12-20 06:50:42,034 21545 DEBUG    [tempest_lib.common.rest_client] Request - Headers: {'Content-Type': 'application/json', 'Accept': 'application/json', 'X-Auth-Token': '&lt;omitted&gt;'}
        Body: None
    Response - Headers: {'status': '200', 'content-length': '1490', 'content-location': 'http://10.0.2.15:8774/v2.1/479c3136fc0f4979bb800a808e7c76f3/servers/d2d27e89-27d8-4315-b13d-94792436064f', 'x-compute-request-id': 'req-e970c136-e0cf-45ad-8ab6-f38791945a4d', 'vary': 'X-OpenStack-Nova-API-Version', 'connection': 'close', 'x-openstack-nova-api-version': '2.1', 'date': 'Sun, 20 Dec 2015 06:50:42 GMT', 'content-type': 'application/json'}
        Body: {"server": {"status": "BUILD", "updated": "2015-12-20T06:50:39Z", "hostId": "95c0e3498c3568bac0884d02a004142aca65c6f82734a6d4b7d4ba06", "addresses": {}, "links": [{"href": "http://10.0.2.15:8774/v2.1/479c3136fc0f4979bb800a808e7c76f3/servers/d2d27e89-27d8-4315-b13d-94792436064f", "rel": "self"}, {"href": "http://10.0.2.15:8774/479c3136fc0f4979bb800a808e7c76f3/servers/d2d27e89-27d8-4315-b13d-94792436064f", "rel": "bookmark"}], "key_name": "tempest-TestNetworkAdvancedServerOps-1809604494", "image": {"id": "93fb8c9a-9cfe-460a-8459-18f23a27820b", "links": [{"href": "http://10.0.2.15:8774/479c3136fc0f4979bb800a808e7c76f3/images/93fb8c9a-9cfe-460a-8459-18f23a27820b", "rel": "bookmark"}]}, "OS-EXT-STS:task_state": "spawning", "OS-EXT-STS:vm_state": "building", "OS-SRV-USG:launched_at": null, "flavor": {"id": "42", "links": [{"href": "http://10.0.2.15:8774/479c3136fc0f4979bb800a808e7c76f3/flavors/42", "rel": "bookmark"}]}, "id": "d2d27e89-27d8-4315-b13d-94792436064f", "security_groups": [{"name": "tempest-secgroup-smoke-916087982"}], "OS-SRV-USG:terminated_at": null, "OS-EXT-AZ:availability_zone": "nova", "user_id": "7fc0ba1cfe364cf0abebe20e0584490b", "name": "tempest.common.compute-instance-1292138604", "created": "2015-12-20T06:50:37Z", "tenant_id": "479c3136fc0f4979bb800a808e7c76f3", "OS-DCF:diskConfig": "MANUAL", "os-extended-volumes:volumes_attached": [], "accessIPv4": "", "accessIPv6": "", "progress": 0, "OS-EXT-STS:power_state": 0, "config_drive": "", "metadata": {}}}
2015-12-20 06:50:43,251 21545 INFO     [tempest_lib.common.rest_client] Request (TestNetworkAdvancedServerOps:test_server_connectivity_pause_unpause): 200 GET http://10.0.2.15:8774/v2.1/479c3136fc0f4979bb800a808e7c76f3/servers/d2d27e89-27d8-4315-b13d-94792436064f 0.206s
2015-12-20 06:50:43,251 21545 DEBUG    [tempest_lib.common.rest_client] Request - Headers: {'Content-Type': 'application/json', 'Accept': 'application/json', 'X-Auth-Token': '&lt;omitted&gt;'}
        Body: None
    Response - Headers: {'status': '200', 'content-length': '1662', 'content-location': 'http://10.0.2.15:8774/v2.1/479c3136fc0f4979bb800a808e7c76f3/servers/d2d27e89-27d8-4315-b13d-94792436064f', 'x-compute-request-id': 'req-3eeba6db-ce0e-4af4-9872-73111c3af679', 'vary': 'X-OpenStack-Nova-API-Version', 'connection': 'close', 'x-openstack-nova-api-version': '2.1', 'date': 'Sun, 20 Dec 2015 06:50:43 GMT', 'content-type': 'application/json'}
        Body: {"server": {"status": "ACTIVE", "updated": "2015-12-20T06:50:42Z", "hostId": "95c0e3498c3568bac0884d02a004142aca65c6f82734a6d4b7d4ba06", "addresses": {"tempest-network-smoke--1682789962": [{"OS-EXT-IPS-MAC:mac_addr": "fa:16:3e:f1:89:b6", "version": 4, "addr": "10.100.0.3", "OS-EXT-IPS:type": "fixed"}]}, "links": [{"href": "http://10.0.2.15:8774/v2.1/479c3136fc0f4979bb800a808e7c76f3/servers/d2d27e89-27d8-4315-b13d-94792436064f", "rel": "self"}, {"href": "http://10.0.2.15:8774/479c3136fc0f4979bb800a808e7c76f3/servers/d2d27e89-27d8-4315-b13d-94792436064f", "rel": "bookmark"}], "key_name": "tempest-TestNetworkAdvancedServerOps-1809604494", "image": {"id": "93fb8c9a-9cfe-460a-8459-18f23a27820b", "links": [{"href": "http://10.0.2.15:8774/479c3136fc0f4979bb800a808e7c76f3/images/93fb8c9a-9cfe-460a-8459-18f23a27820b", "rel": "bookmark"}]}, "OS-EXT-STS:task_state": null, "OS-EXT-STS:vm_state": "active", "OS-SRV-USG:launched_at": "2015-12-20T06:50:41.000000", "flavor": {"id": "42", "links": [{"href": "http://10.0.2.15:8774/479c3136fc0f4979bb800a808e7c76f3/flavors/42", "rel": "bookmark"}]}, "id": "d2d27e89-27d8-4315-b13d-94792436064f", "security_groups": [{"name": "tempest-secgroup-smoke-916087982"}], "OS-SRV-USG:terminated_at": null, "OS-EXT-AZ:availability_zone": "nova", "user_id": "7fc0ba1cfe364cf0abebe20e0584490b", "name": "tempest.common.compute-instance-1292138604", "created": "2015-12-20T06:50:37Z", "tenant_id": "479c3136fc0f4979bb800a808e7c76f3", "OS-DCF:diskConfig": "MANUAL", "os-extended-volumes:volumes_attached": [], "accessIPv4": "", "accessIPv6": "", "progress": 0, "OS-EXT-STS:power_state": 1, "config_drive": "True", "metadata": {}}}
2015-12-20 06:50:43,260 21545 INFO     [tempest.common.waiters] State transition "BUILD/spawning" ==&gt; "ACTIVE/None" after 5 second wait
2015-12-20 06:50:43,468 21545 INFO     [tempest_lib.common.rest_client] Request (TestNetworkAdvancedServerOps:test_server_connectivity_pause_unpause): 200 GET http://10.0.2.15:8774/v2.1/479c3136fc0f4979bb800a808e7c76f3/servers/d2d27e89-27d8-4315-b13d-94792436064f 0.207s
2015-12-20 06:50:43,469 21545 DEBUG    [tempest_lib.common.rest_client] Request - Headers: {'Content-Type': 'application/json', 'Accept': 'application/json', 'X-Auth-Token': '&lt;omitted&gt;'}
        Body: None
    Response - Headers: {'status': '200', 'content-length': '1662', 'content-location': 'http://10.0.2.15:8774/v2.1/479c3136fc0f4979bb800a808e7c76f3/servers/d2d27e89-27d8-4315-b13d-94792436064f', 'x-compute-request-id': 'req-13f2579a-82ef-4658-b21d-7721f36f1569', 'vary': 'X-OpenStack-Nova-API-Version', 'connection': 'close', 'x-openstack-nova-api-version': '2.1', 'date': 'Sun, 20 Dec 2015 06:50:43 GMT', 'content-type': 'application/json'}
        Body: {"server": {"status": "ACTIVE", "updated": "2015-12-20T06:50:42Z", "hostId": "95c0e3498c3568bac0884d02a004142aca65c6f82734a6d4b7d4ba06", "addresses": {"tempest-network-smoke--1682789962": [{"OS-EXT-IPS-MAC:mac_addr": "fa:16:3e:f1:89:b6", "version": 4, "addr": "10.100.0.3", "OS-EXT-IPS:type": "fixed"}]}, "links": [{"href": "http://10.0.2.15:8774/v2.1/479c3136fc0f4979bb800a808e7c76f3/servers/d2d27e89-27d8-4315-b13d-94792436064f", "rel": "self"}, {"href": "http://10.0.2.15:8774/479c3136fc0f4979bb800a808e7c76f3/servers/d2d27e89-27d8-4315-b13d-94792436064f", "rel": "bookmark"}], "key_name": "tempest-TestNetworkAdvancedServerOps-1809604494", "image": {"id": "93fb8c9a-9cfe-460a-8459-18f23a27820b", "links": [{"href": "http://10.0.2.15:8774/479c3136fc0f4979bb800a808e7c76f3/images/93fb8c9a-9cfe-460a-8459-18f23a27820b", "rel": "bookmark"}]}, "OS-EXT-STS:task_state": null, "OS-EXT-STS:vm_state": "active", "OS-SRV-USG:launched_at": "2015-12-20T06:50:41.000000", "flavor": {"id": "42", "links": [{"href": "http://10.0.2.15:8774/479c3136fc0f4979bb800a808e7c76f3/flavors/42", "rel": "bookmark"}]}, "id": "d2d27e89-27d8-4315-b13d-94792436064f", "security_groups": [{"name": "tempest-secgroup-smoke-916087982"}], "OS-SRV-USG:terminated_at": null, "OS-EXT-AZ:availability_zone": "nova", "user_id": "7fc0ba1cfe364cf0abebe20e0584490b", "name": "tempest.common.compute-instance-1292138604", "created": "2015-12-20T06:50:37Z", "tenant_id": "479c3136fc0f4979bb800a808e7c76f3", "OS-DCF:diskConfig": "MANUAL", "os-extended-volumes:volumes_attached": [], "accessIPv4": "", "accessIPv6": "", "progress": 0, "OS-EXT-STS:power_state": 1, "config_drive": "True", "metadata": {}}}
2015-12-20 06:50:43,617 21545 INFO     [tempest_lib.common.rest_client] Request (TestNetworkAdvancedServerOps:test_server_connectivity_pause_unpause): 200 GET http://10.0.2.15:9696/v2.0/ports?status=ACTIVE&amp;fixed_ip=None&amp;device_id=d2d27e89-27d8-4315-b13d-94792436064f 0.140s
2015-12-20 06:50:43,618 21545 DEBUG    [tempest_lib.common.rest_client] Request - Headers: {'Content-Type': 'application/json', 'Accept': 'application/json', 'X-Auth-Token': '&lt;omitted&gt;'}
        Body: None
    Response - Headers: {'status': '200', 'content-length': '895', 'content-location': 'http://10.0.2.15:9696/v2.0/ports?status=ACTIVE&amp;fixed_ip=None&amp;device_id=d2d27e89-27d8-4315-b13d-94792436064f', 'connection': 'close', 'date': 'Sun, 20 Dec 2015 06:50:43 GMT', 'content-type': 'application/json; charset=UTF-8', 'x-openstack-request-id': 'req-dd8b5172-6d10-484d-bab4-a09f34638c9b'}
        Body: {"ports": [{"status": "ACTIVE", "binding:host_id": "vagrant-ubuntu-trusty-64", "allowed_address_pairs": [], "extra_dhcp_opts": [], "dns_assignment": [{"hostname": "host-10-100-0-3", "ip_address": "10.100.0.3", "fqdn": "host-10-100-0-3.openstacklocal."}], "device_owner": "compute:None", "port_security_enabled": true, "binding:profile": {}, "fixed_ips": [{"subnet_id": "1de67b3f-3814-417f-9bf8-7a51f9ba7bb8", "ip_address": "10.100.0.3"}], "id": "dc60b58b-0b59-4703-ba2d-da47da741f30", "security_groups": ["20199201-fbe6-4267-807c-02a61f55f61e"], "device_id": "d2d27e89-27d8-4315-b13d-94792436064f", "name": "", "admin_state_up": true, "network_id": "584c2c6e-c6d1-428b-961a-40b3fd436164", "dns_name": "", "binding:vif_details": {"port_filter": true}, "binding:vnic_type": "normal", "binding:vif_type": "ovs", "tenant_id": "479c3136fc0f4979bb800a808e7c76f3", "mac_address": "fa:16:3e:f1:89:b6"}]}
2015-12-20 06:50:44,214 21545 INFO     [tempest_lib.common.rest_client] Request (TestNetworkAdvancedServerOps:test_server_connectivity_pause_unpause): 201 POST http://10.0.2.15:9696/v2.0/floatingips 0.596s
2015-12-20 06:50:44,215 21545 DEBUG    [tempest_lib.common.rest_client] Request - Headers: {'Content-Type': 'application/json', 'Accept': 'application/json', 'X-Auth-Token': '&lt;omitted&gt;'}
        Body: {"floatingip": {"floating_network_id": "b6075da0-9684-47f9-9e63-ea69b0f9db2e", "tenant_id": "479c3136fc0f4979bb800a808e7c76f3", "fixed_ip_address": "10.100.0.3", "port_id": "dc60b58b-0b59-4703-ba2d-da47da741f30"}}
    Response - Headers: {'status': '201', 'content-length': '367', 'connection': 'close', 'date': 'Sun, 20 Dec 2015 06:50:44 GMT', 'content-type': 'application/json; charset=UTF-8', 'x-openstack-request-id': 'req-2e4f1b02-dc2b-4ba6-8f4e-bfd08d825215'}
        Body: {"floatingip": {"floating_network_id": "b6075da0-9684-47f9-9e63-ea69b0f9db2e", "router_id": "b5eda668-795e-4ecc-b1d9-cab05376316c", "fixed_ip_address": "10.100.0.3", "floating_ip_address": "172.24.4.4", "tenant_id": "479c3136fc0f4979bb800a808e7c76f3", "status": "DOWN", "port_id": "dc60b58b-0b59-4703-ba2d-da47da741f30", "id": "347ea49d-a1bd-45a5-a128-17afa389872c"}}
2015-12-20 06:50:44,428 21545 INFO     [tempest_lib.common.rest_client] Request (TestNetworkAdvancedServerOps:test_server_connectivity_pause_unpause): 200 GET http://10.0.2.15:8774/v2.1/479c3136fc0f4979bb800a808e7c76f3/servers/d2d27e89-27d8-4315-b13d-94792436064f 0.213s
2015-12-20 06:50:44,429 21545 DEBUG    [tempest_lib.common.rest_client] Request - Headers: {'Content-Type': 'application/json', 'Accept': 'application/json', 'X-Auth-Token': '&lt;omitted&gt;'}
        Body: None
    Response - Headers: {'status': '200', 'content-length': '1662', 'content-location': 'http://10.0.2.15:8774/v2.1/479c3136fc0f4979bb800a808e7c76f3/servers/d2d27e89-27d8-4315-b13d-94792436064f', 'x-compute-request-id': 'req-b7a520fe-d33b-4096-b8dd-aa7e02d2a05e', 'vary': 'X-OpenStack-Nova-API-Version', 'connection': 'close', 'x-openstack-nova-api-version': '2.1', 'date': 'Sun, 20 Dec 2015 06:50:44 GMT', 'content-type': 'application/json'}
        Body: {"server": {"status": "ACTIVE", "updated": "2015-12-20T06:50:42Z", "hostId": "95c0e3498c3568bac0884d02a004142aca65c6f82734a6d4b7d4ba06", "addresses": {"tempest-network-smoke--1682789962": [{"OS-EXT-IPS-MAC:mac_addr": "fa:16:3e:f1:89:b6", "version": 4, "addr": "10.100.0.3", "OS-EXT-IPS:type": "fixed"}]}, "links": [{"href": "http://10.0.2.15:8774/v2.1/479c3136fc0f4979bb800a808e7c76f3/servers/d2d27e89-27d8-4315-b13d-94792436064f", "rel": "self"}, {"href": "http://10.0.2.15:8774/479c3136fc0f4979bb800a808e7c76f3/servers/d2d27e89-27d8-4315-b13d-94792436064f", "rel": "bookmark"}], "key_name": "tempest-TestNetworkAdvancedServerOps-1809604494", "image": {"id": "93fb8c9a-9cfe-460a-8459-18f23a27820b", "links": [{"href": "http://10.0.2.15:8774/479c3136fc0f4979bb800a808e7c76f3/images/93fb8c9a-9cfe-460a-8459-18f23a27820b", "rel": "bookmark"}]}, "OS-EXT-STS:task_state": null, "OS-EXT-STS:vm_state": "active", "OS-SRV-USG:launched_at": "2015-12-20T06:50:41.000000", "flavor": {"id": "42", "links": [{"href": "http://10.0.2.15:8774/479c3136fc0f4979bb800a808e7c76f3/flavors/42", "rel": "bookmark"}]}, "id": "d2d27e89-27d8-4315-b13d-94792436064f", "security_groups": [{"name": "tempest-secgroup-smoke-916087982"}], "OS-SRV-USG:terminated_at": null, "OS-EXT-AZ:availability_zone": "nova", "user_id": "7fc0ba1cfe364cf0abebe20e0584490b", "name": "tempest.common.compute-instance-1292138604", "created": "2015-12-20T06:50:37Z", "tenant_id": "479c3136fc0f4979bb800a808e7c76f3", "OS-DCF:diskConfig": "MANUAL", "os-extended-volumes:volumes_attached": [], "accessIPv4": "", "accessIPv6": "", "progress": 0, "OS-EXT-STS:power_state": 1, "config_drive": "True", "metadata": {}}}
2015-12-20 06:50:44,437 21545 INFO     [tempest.scenario.manager] Tenant networks not configured to be reachable.
2015-12-20 06:50:44,453 21545 INFO     [tempest_lib.common.rest_client] Request (TestNetworkAdvancedServerOps:test_server_connectivity_pause_unpause): 200 GET http://10.0.2.15:9696/v2.0/floatingips/347ea49d-a1bd-45a5-a128-17afa389872c 0.014s
2015-12-20 06:50:44,453 21545 DEBUG    [tempest_lib.common.rest_client] Request - Headers: {'Content-Type': 'application/json', 'Accept': 'application/json', 'X-Auth-Token': '&lt;omitted&gt;'}
        Body: None
    Response - Headers: {'status': '200', 'content-length': '367', 'content-location': 'http://10.0.2.15:9696/v2.0/floatingips/347ea49d-a1bd-45a5-a128-17afa389872c', 'connection': 'close', 'date': 'Sun, 20 Dec 2015 06:50:44 GMT', 'content-type': 'application/json; charset=UTF-8', 'x-openstack-request-id': 'req-85d29935-d2ea-408f-a20e-4f68c3f9e3c5'}
        Body: {"floatingip": {"floating_network_id": "b6075da0-9684-47f9-9e63-ea69b0f9db2e", "router_id": "b5eda668-795e-4ecc-b1d9-cab05376316c", "fixed_ip_address": "10.100.0.3", "floating_ip_address": "172.24.4.4", "tenant_id": "479c3136fc0f4979bb800a808e7c76f3", "status": "DOWN", "port_id": "dc60b58b-0b59-4703-ba2d-da47da741f30", "id": "347ea49d-a1bd-45a5-a128-17afa389872c"}}
2015-12-20 06:50:45,468 21545 INFO     [tempest_lib.common.rest_client] Request (TestNetworkAdvancedServerOps:test_server_connectivity_pause_unpause): 200 GET http://10.0.2.15:9696/v2.0/floatingips/347ea49d-a1bd-45a5-a128-17afa389872c 0.012s
2015-12-20 06:50:45,468 21545 DEBUG    [tempest_lib.common.rest_client] Request - Headers: {'Content-Type': 'application/json', 'Accept': 'application/json', 'X-Auth-Token': '&lt;omitted&gt;'}
        Body: None
    Response - Headers: {'status': '200', 'content-length': '369', 'content-location': 'http://10.0.2.15:9696/v2.0/floatingips/347ea49d-a1bd-45a5-a128-17afa389872c', 'connection': 'close', 'date': 'Sun, 20 Dec 2015 06:50:45 GMT', 'content-type': 'application/json; charset=UTF-8', 'x-openstack-request-id': 'req-ac3a879c-5397-436a-b5cf-ca68505528bd'}
        Body: {"floatingip": {"floating_network_id": "b6075da0-9684-47f9-9e63-ea69b0f9db2e", "router_id": "b5eda668-795e-4ecc-b1d9-cab05376316c", "fixed_ip_address": "10.100.0.3", "floating_ip_address": "172.24.4.4", "tenant_id": "479c3136fc0f4979bb800a808e7c76f3", "status": "ACTIVE", "port_id": "dc60b58b-0b59-4703-ba2d-da47da741f30", "id": "347ea49d-a1bd-45a5-a128-17afa389872c"}}
2015-12-20 06:50:45,469 21545 INFO     [tempest.scenario.manager] FloatingIP: &lt;"FloatingIP" addr="172.24.4.4" id="347ea49d-a1bd-45a5-a128-17afa389872c"&gt; is at status: ACTIVE
2015-12-20 06:50:45,469 21545 DEBUG    [tempest.scenario.manager] checking network connections to IP 172.24.4.4 with user: cirros
2015-12-20 06:50:45,469 21545 DEBUG    [tempest.scenario.manager] TestNetworkAdvancedServerOps:test_server_connectivity_pause_unpause begins to ping 172.24.4.4 in 120 sec and the expected result is reachable
2015-12-20 06:52:45,752 21545 DEBUG    [tempest.scenario.manager] TestNetworkAdvancedServerOps:test_server_connectivity_pause_unpause finishes ping 172.24.4.4 in 120 sec and the ping result is unexpected
2015-12-20 06:52:45,753 21545 ERROR    [tempest.scenario.manager] Public network connectivity check failed
2015-12-20 06:52:45.753 21545 ERROR tempest.scenario.manager Traceback (most recent call last):
2015-12-20 06:52:45.753 21545 ERROR tempest.scenario.manager   File "tempest/scenario/manager.py", line 608, in check_public_network_connectivity
2015-12-20 06:52:45.753 21545 ERROR tempest.scenario.manager     should_connect=should_connect)
2015-12-20 06:52:45.753 21545 ERROR tempest.scenario.manager   File "tempest/scenario/manager.py", line 592, in check_vm_connectivity
2015-12-20 06:52:45.753 21545 ERROR tempest.scenario.manager     msg=msg)
2015-12-20 06:52:45.753 21545 ERROR tempest.scenario.manager   File "/usr/local/lib/python2.7/dist-packages/unittest2/case.py", line 702, in assertTrue
2015-12-20 06:52:45.753 21545 ERROR tempest.scenario.manager     raise self.failureException(msg)
2015-12-20 06:52:45.753 21545 ERROR tempest.scenario.manager AssertionError: False is not true : Timed out waiting for 172.24.4.4 to become reachable
2015-12-20 06:52:45.753 21545 ERROR tempest.scenario.manager 
2015-12-20 06:52:45,950 21545 INFO     [tempest_lib.common.rest_client] Request (TestNetworkAdvancedServerOps:test_server_connectivity_pause_unpause): 200 POST http://10.0.2.15:8774/v2.1/479c3136fc0f4979bb800a808e7c76f3/servers/d2d27e89-27d8-4315-b13d-94792436064f/action 0.193s
2015-12-20 06:52:45,951 21545 DEBUG    [tempest_lib.common.rest_client] Request - Headers: {'Content-Type': 'application/json', 'Accept': 'application/json', 'X-Auth-Token': '&lt;omitted&gt;'}
        Body: {"os-getConsoleOutput": {}}
    Response - Headers: {'status': '200', 'content-length': '17429', 'x-compute-request-id': 'req-f710e754-46ba-4525-a89d-e23da697dfd6', 'vary': 'X-OpenStack-Nova-API-Version', 'connection': 'close', 'x-openstack-nova-api-version': '2.1', 'date': 'Sun, 20 Dec 2015 06:52:45 GMT', 'content-type': 'application/json'}
        Body: {"output": "[    0.000000] Initializing cgroup subsys cpuset\n[    0.000000] Initializing cgroup subsys cpu\n[    0.000000] Linux version 3.2.0-80-virtual (buildd@batsu) (gcc version 4.6.3 (Ubuntu/Linaro 4.6.3-1ubuntu5) ) #116-Ubuntu SMP Mon Mar 23 17:28:52 UTC 2015 (Ubuntu 3.2.0-80.116-virtual 3.2.68)\n[    0.000000] Command line: root=/dev/vda console=tty0 console=ttyS0 no_timer_check\n[    0.000000] KERNEL supported cpus:\n[    0.000000]   Intel GenuineIntel\n[    0.000000]   AMD AuthenticAMD\n[    0.000000]   Centaur CentaurHauls\n[    0.000000] BIOS-provided physical RAM map:\n[    0.000000]  BIOS-e820: 0000000000000000 - 000000000009fc00 (usable)\n[    0.000000]  BIOS-e820: 000000000009fc00 - 00000000000a0000 (reserved)\n[    0.000000]  BIOS-e820: 00000000000f0000 - 0000000000100000 (reserved)\n[    0.000000]  BIOS-e820: 0000000000100000 - 0000000003ffe000 (usable)\n[    0.000000]  BIOS-e820: 0000000003ffe000 - 0000000004000000 (reserved)\n[    0.000000]  BIOS-e820: 00000000fffc0000 - 0000000100000000 (reserved)\n[    0.000000] NX (Execute Disable) protection: active\n[    0.000000] SMBIOS 2.4 present.\n[    0.000000] No AGP bridge found\n[    0.000000] last_pfn = 0x3ffe max_arch_pfn = 0x400000000\n[    0.000000] x86 PAT enabled: cpu 0, old 0x7040600070406, new 0x7010600070106\n[    0.000000] found SMP MP-table at [ffff8800000f0b00] f0b00\n[    0.000000] init_memory_mapping: 0000000000000000-0000000003ffe000\n[    0.000000] RAMDISK: 03c5e000 - 03ff0000\n[    0.000000] ACPI: RSDP 00000000000f0950 00014 (v00 BOCHS )\n[    0.000000] ACPI: RSDT 0000000003fffbc1 00034 (v01 BOCHS  BXPCRSDT 00000001 BXPC 00000001)\n[    0.000000] ACPI: FACP 0000000003fff1c0 00074 (v01 BOCHS  BXPCFACP 00000001 BXPC 00000001)\n[    0.000000] ACPI: DSDT 0000000003ffe040 01180 (v01 BOCHS  BXPCDSDT 00000001 BXPC 00000001)\n[    0.000000] ACPI: FACS 0000000003ffe000 00040\n[    0.000000] ACPI: SSDT 0000000003fff234 008DD (v01 BOCHS  BXPCSSDT 00000001 BXPC 00000001)\n[    0.000000] ACPI: APIC 0000000003fffb11 00078 (v01 BOCHS  BXPCAPIC 00000001 BXPC 00000001)\n[    0.000000] ACPI: HPET 0000000003fffb89 00038 (v01 BOCHS  BXPCHPET 00000001 BXPC 00000001)\n[    0.000000] No NUMA configuration found\n[    0.000000] Faking a node at 0000000000000000-0000000003ffe000\n[    0.000000] Initmem setup node 0 0000000000000000-0000000003ffe000\n[    0.000000]   NODE_DATA [0000000003ff6000 - 0000000003ffafff]\n[    0.000000] Zone PFN ranges:\n[    0.000000]   DMA      0x00000010 -&gt; 0x00001000\n[    0.000000]   DMA32    0x00001000 -&gt; 0x00100000\n[    0.000000]   Normal   empty\n[    0.000000] Movable zone start PFN for each node\n[    0.000000] early_node_map[2] active PFN ranges\n[    0.000000]     0: 0x00000010 -&gt; 0x0000009f\n[    0.000000]     0: 0x00000100 -&gt; 0x00003ffe\n[    0.000000] ACPI: PM-Timer IO Port: 0xb008\n[    0.000000] ACPI: LAPIC (acpi_id[0x00] lapic_id[0x00] enabled)\n[    0.000000] ACPI: LAPIC_NMI (acpi_id[0xff] dfl dfl lint[0x1])\n[    0.000000] ACPI: IOAPIC (id[0x00] address[0xfec00000] gsi_base[0])\n[    0.000000] IOAPIC[0]: apic_id 0, version 17, address 0xfec00000, GSI 0-23\n[    0.000000] ACPI: INT_SRC_OVR (bus 0 bus_irq 0 global_irq 2 dfl dfl)\n[    0.000000] ACPI: INT_SRC_OVR (bus 0 bus_irq 5 global_irq 5 high level)\n[    0.000000] ACPI: INT_SRC_OVR (bus 0 bus_irq 9 global_irq 9 high level)\n[    0.000000] ACPI: INT_SRC_OVR (bus 0 bus_irq 10 global_irq 10 high level)\n[    0.000000] ACPI: INT_SRC_OVR (bus 0 bus_irq 11 global_irq 11 high level)\n[    0.000000] Using ACPI (MADT) for SMP configuration information\n[    0.000000] ACPI: HPET id: 0x8086a201 base: 0xfed00000\n[    0.000000] SMP: Allowing 1 CPUs, 0 hotplug CPUs\n[    0.000000] PM: Registered nosave memory: 000000000009f000 - 00000000000a0000\n[    0.000000] PM: Registered nosave memory: 00000000000a0000 - 00000000000f0000\n[    0.000000] PM: Registered nosave memory: 00000000000f0000 - 0000000000100000\n[    0.000000] Allocating PCI resources starting at 4000000 (gap: 4000000:fbfc0000)\n[    0.000000] Booting paravirtualized kernel on bare hardware\n[    0.000000] setup_pe
2015-12-20 06:52:45,954 21545 DEBUG    [tempest.scenario.manager] Console output for d2d27e89-27d8-4315-b13d-94792436064f
body=
[    0.000000] Initializing cgroup subsys cpuset
[    0.000000] Initializing cgroup subsys cpu
[    0.000000] Linux version 3.2.0-80-virtual (buildd@batsu) (gcc version 4.6.3 (Ubuntu/Linaro 4.6.3-1ubuntu5) ) #116-Ubuntu SMP Mon Mar 23 17:28:52 UTC 2015 (Ubuntu 3.2.0-80.116-virtual 3.2.68)
[    0.000000] Command line: root=/dev/vda console=tty0 console=ttyS0 no_timer_check
[    0.000000] KERNEL supported cpus:
[    0.000000]   Intel GenuineIntel
[    0.000000]   AMD AuthenticAMD
[    0.000000]   Centaur CentaurHauls
[    0.000000] BIOS-provided physical RAM map:
[    0.000000]  BIOS-e820: 0000000000000000 - 000000000009fc00 (usable)
[    0.000000]  BIOS-e820: 000000000009fc00 - 00000000000a0000 (reserved)
[    0.000000]  BIOS-e820: 00000000000f0000 - 0000000000100000 (reserved)
[    0.000000]  BIOS-e820: 0000000000100000 - 0000000003ffe000 (usable)
[    0.000000]  BIOS-e820: 0000000003ffe000 - 0000000004000000 (reserved)
[    0.000000]  BIOS-e820: 00000000fffc0000 - 0000000100000000 (reserved)
[    0.000000] NX (Execute Disable) protection: active
[    0.000000] SMBIOS 2.4 present.
[    0.000000] No AGP bridge found
[    0.000000] last_pfn = 0x3ffe max_arch_pfn = 0x400000000
[    0.000000] x86 PAT enabled: cpu 0, old 0x7040600070406, new 0x7010600070106
[    0.000000] found SMP MP-table at [ffff8800000f0b00] f0b00
[    0.000000] init_memory_mapping: 0000000000000000-0000000003ffe000
[    0.000000] RAMDISK: 03c5e000 - 03ff0000
[    0.000000] ACPI: RSDP 00000000000f0950 00014 (v00 BOCHS )
[    0.000000] ACPI: RSDT 0000000003fffbc1 00034 (v01 BOCHS  BXPCRSDT 00000001 BXPC 00000001)
[    0.000000] ACPI: FACP 0000000003fff1c0 00074 (v01 BOCHS  BXPCFACP 00000001 BXPC 00000001)
[    0.000000] ACPI: DSDT 0000000003ffe040 01180 (v01 BOCHS  BXPCDSDT 00000001 BXPC 00000001)
[    0.000000] ACPI: FACS 0000000003ffe000 00040
[    0.000000] ACPI: SSDT 0000000003fff234 008DD (v01 BOCHS  BXPCSSDT 00000001 BXPC 00000001)
[    0.000000] ACPI: APIC 0000000003fffb11 00078 (v01 BOCHS  BXPCAPIC 00000001 BXPC 00000001)
[    0.000000] ACPI: HPET 0000000003fffb89 00038 (v01 BOCHS  BXPCHPET 00000001 BXPC 00000001)
[    0.000000] No NUMA configuration found
[    0.000000] Faking a node at 0000000000000000-0000000003ffe000
[    0.000000] Initmem setup node 0 0000000000000000-0000000003ffe000
[    0.000000]   NODE_DATA [0000000003ff6000 - 0000000003ffafff]
[    0.000000] Zone PFN ranges:
[    0.000000]   DMA      0x00000010 -&gt; 0x00001000
[    0.000000]   DMA32    0x00001000 -&gt; 0x00100000
[    0.000000]   Normal   empty
[    0.000000] Movable zone start PFN for each node
[    0.000000] early_node_map[2] active PFN ranges
[    0.000000]     0: 0x00000010 -&gt; 0x0000009f
[    0.000000]     0: 0x00000100 -&gt; 0x00003ffe
[    0.000000] ACPI: PM-Timer IO Port: 0xb008
[    0.000000] ACPI: LAPIC (acpi_id[0x00] lapic_id[0x00] enabled)
[    0.000000] ACPI: LAPIC_NMI (acpi_id[0xff] dfl dfl lint[0x1])
[    0.000000] ACPI: IOAPIC (id[0x00] address[0xfec00000] gsi_base[0])
[    0.000000] IOAPIC[0]: apic_id 0, version 17, address 0xfec00000, GSI 0-23
[    0.000000] ACPI: INT_SRC_OVR (bus 0 bus_irq 0 global_irq 2 dfl dfl)
[    0.000000] ACPI: INT_SRC_OVR (bus 0 bus_irq 5 global_irq 5 high level)
[    0.000000] ACPI: INT_SRC_OVR (bus 0 bus_irq 9 global_irq 9 high level)
[    0.000000] ACPI: INT_SRC_OVR (bus 0 bus_irq 10 global_irq 10 high level)
[    0.000000] ACPI: INT_SRC_OVR (bus 0 bus_irq 11 global_irq 11 high level)
[    0.000000] Using ACPI (MADT) for SMP configuration information
[    0.000000] ACPI: HPET id: 0x8086a201 base: 0xfed00000
[    0.000000] SMP: Allowing 1 CPUs, 0 hotplug CPUs
[    0.000000] PM: Registered nosave memory: 000000000009f000 - 00000000000a0000
[    0.000000] PM: Registered nosave memory: 00000000000a0000 - 00000000000f0000
[    0.000000] PM: Registered nosave memory: 00000000000f0000 - 0000000000100000
[    0.000000] Allocating PCI resources starting at 4000000 (gap: 4000000:fbfc0000)
[    0.000000] Booting paravirtualized kernel on bare hardware
[    0.000000] setup_percpu: NR_CPUS:64 nr_cpumask_bits:64 nr_cpu_ids:1 nr_node_ids:1
[    0.000000] PERCPU: Embedded 27 pages/cpu @ffff880003a00000 s78848 r8192 d23552 u2097152
[    0.000000] Built 1 zonelists in Node order, mobility grouping on.  Total pages: 16008
[    0.000000] Policy zone: DMA32
[    0.000000] Kernel command line: root=/dev/vda console=tty0 console=ttyS0 no_timer_check
[    0.000000] PID hash table entries: 256 (order: -1, 2048 bytes)
[    0.000000] Checking aperture...
[    0.000000] No AGP bridge found
[    0.000000] Memory: 43492k/65528k available (6576k kernel code, 452k absent, 21584k reserved, 6620k data, 928k init)
[    0.000000] SLUB: Genslabs=15, HWalign=64, Order=0-3, MinObjects=0, CPUs=1, Nodes=1
[    0.000000] Hierarchical RCU implementation.
[    0.000000] 	RCU dyntick-idle grace-period acceleration is enabled.
[    0.000000] NR_IRQS:4352 nr_irqs:256 16
[    0.000000] Console: colour VGA+ 80x25
[    0.000000] console [tty0] enabled
[    0.000000] console [ttyS0] enabled
[    0.000000] allocated 1048576 bytes of page_cgroup
[    0.000000] please try 'cgroup_disable=memory' option if you don't want memory cgroups
[    0.000000] Fast TSC calibration failed
[    0.000000] TSC: Unable to calibrate against PIT
[    0.000000] TSC: using HPET reference calibration
[    0.000000] Detected 2293.380 MHz processor.
[    0.029531] Calibrating delay loop (skipped), value calculated using timer frequency.. 4586.76 BogoMIPS (lpj=9173520)
[    0.031431] pid_max: default: 32768 minimum: 301
[    0.041662] Security Framework initialized
[    0.048262] AppArmor: AppArmor initialized
[    0.049487] Yama: becoming mindful.
[    0.061891] Dentry cache hash table entries: 8192 (order: 4, 65536 bytes)
[    0.064071] Inode-cache hash table entries: 4096 (order: 3, 32768 bytes)
[    0.065748] Mount-cache hash table entries: 256
[    0.082217] Initializing cgroup subsys cpuacct
[    0.084126] Initializing cgroup subsys memory
[    0.086490] Initializing cgroup subsys devices
[    0.088188] Initializing cgroup subsys freezer
[    0.089388] Initializing cgroup subsys blkio
[    0.090283] Initializing cgroup subsys perf_event
[    0.096609] mce: CPU supports 10 MCE banks
[    0.099502] SMP alternatives: switching to UP code
[    0.491237] Freeing SMP alternatives: 24k freed
[    0.492920] ACPI: Core revision 20110623
[    0.540396] ftrace: allocating 26610 entries in 105 pages
[    0.574887] ..TIMER: vector=0x30 apic1=0 pin1=2 apic2=-1 pin2=-1
[    0.576156] CPU0: AMD QEMU Virtual CPU version 2.0.0 stepping 03
[    0.584035] Performance Events: Broken PMU hardware detected, using software events only.
[    0.592199] NMI watchdog disabled (cpu0): hardware events not enabled
[    0.593751] Brought up 1 CPUs
[    0.594270] Total of 1 processors activated (4586.76 BogoMIPS).
[    0.617789] devtmpfs: initialized
[    0.647202] EVM: security.selinux
[    0.648123] EVM: security.SMACK64
[    0.648548] EVM: security.capability
[    0.667319] print_constraints: dummy: 
[    0.669202] RTC time:  6:50:45, date: 12/20/15
[    0.673051] NET: Registered protocol family 16
[    0.682254] ACPI: bus type pci registered
[    0.686453] PCI: Using configuration type 1 for base access
[    0.719307] bio: create slab &lt;bio-0&gt; at 0
[    0.724739] ACPI: Added _OSI(Module Device)
[    0.725171] ACPI: Added _OSI(Processor Device)
[    0.726071] ACPI: Added _OSI(3.0 _SCP Extensions)
[    0.726714] ACPI: Added _OSI(Processor Aggregator Device)
[    0.801011] ACPI: Interpreter enabled
[    0.801952] ACPI: (supports S0 S3 S4 S5)
[    0.804319] ACPI: Using IOAPIC for interrupt routing
[    0.889662] ACPI: No dock devices found.
[    0.890283] HEST: Table not found.
[    0.890822] PCI: Using host bridge windows from ACPI; if necessary, use "pci=nocrs" and report a bug
[    0.897669] ACPI: PCI Root Bridge [PCI0] (domain 0000 [bus 00-ff])
[    0.905100] pci_root PNP0A03:00: host bridge window [io  0x0000-0x0cf7]
[    0.906143] pci_root PNP0A03:00: host bridge window [io  0x0d00-0xadff]
[    0.906978] pci_root PNP0A03:00: host bridge window [io  0xae0f-0xaeff]
[    0.908110] pci_root PNP0A03:00: host bridge window [io  0xaf20-0xafdf]
[    0.909113] pci_root PNP0A03:00: host bridge window [io  0xafe4-0xffff]
[    0.909981] pci_root PNP0A03:00: host bridge window [mem 0x000a0000-0x000bffff]
[    0.910923] pci_root PNP0A03:00: host bridge window [mem 0x04000000-0xfebfffff]
[    0.932167] pci 0000:00:01.3: quirk: [io  0xb000-0xb03f] claimed by PIIX4 ACPI
[    0.933242] pci 0000:00:01.3: quirk: [io  0xb100-0xb10f] claimed by PIIX4 SMB
[    0.996987]  pci0000:00: Unable to request _OSC control (_OSC support mask: 0x1e)
[    1.054890] ACPI: PCI Interrupt Link [LNKA] (IRQs 5 *10 11)
[    1.058469] ACPI: PCI Interrupt Link [LNKB] (IRQs 5 *10 11)
[    1.061275] ACPI: PCI Interrupt Link [LNKC] (IRQs 5 10 *11)
[    1.062596] ACPI: PCI Interrupt Link [LNKD] (IRQs 5 10 *11)
[    1.065439] ACPI: PCI Interrupt Link [LNKS] (IRQs *9)
[    1.070483] vgaarb: device added: PCI:0000:00:02.0,decodes=io+mem,owns=io+mem,locks=none
[    1.073017] vgaarb: loaded
[    1.073470] vgaarb: bridge control possible 0000:00:02.0
[    1.077547] i2c-core: driver [aat2870] using legacy suspend method
[    1.078375] i2c-core: driver [aat2870] using legacy resume method
[    1.081369] SCSI subsystem initialized
[    1.085264] usbcore: registered new interface driver usbfs
[    1.086002] usbcore: registered new interface driver hub
[    1.087163] usbcore: registered new device driver usb
[    1.091342] PCI: Using ACPI for IRQ routing
[    1.102851] NetLabel: Initializing
[    1.103288] NetLabel:  domain hash size = 128
[    1.104132] NetLabel:  protocols = UNLABELED CIPSOv4
[    1.105574] NetLabel:  unlabeled traffic allowed by default
[    1.108979] HPET: 3 timers in total, 0 timers will be used for per-cpu timer
[    1.109924] hpet0: at MMIO 0xfed00000, IRQs 2, 8, 0
[    1.110806] hpet0: 3 comparators, 64-bit 100.000000 MHz counter
[    1.121905] Switching to clocksource hpet
[    1.387912] AppArmor: AppArmor Filesystem Enabled
[    1.391359] pnp: PnP ACPI init
[    1.393451] ACPI: bus type pnp registered
[    1.426278] pnp: PnP ACPI: found 9 devices
[    1.427138] ACPI: ACPI bus type pnp unregistered
[    1.493953] NET: Registered protocol family 2
[    1.529363] IP route cache hash table entries: 512 (order: 0, 4096 bytes)
[    1.542769] TCP established hash table entries: 2048 (order: 3, 32768 bytes)
[    1.545957] TCP bind hash table entries: 2048 (order: 3, 32768 bytes)
[    1.547012] TCP: Hash tables configured (established 2048 bind 2048)
[    1.547781] TCP reno registered
[    1.549231] UDP hash table entries: 128 (order: 0, 4096 bytes)
[    1.550237] UDP-Lite hash table entries: 128 (order: 0, 4096 bytes)
[    1.553740] NET: Registered protocol family 1
[    1.554804] pci 0000:00:00.0: Limiting direct PCI/PCI transfers
[    1.557207] pci 0000:00:01.0: PIIX3: Enabling Passive Release
[    1.558454] pci 0000:00:01.0: Activating ISA DMA hang workarounds
[    1.566374] ACPI: PCI Interrupt Link [LNKD] enabled at IRQ 11
[    1.568519] pci 0000:00:01.2: PCI INT D -&gt; Link[LNKD] -&gt; GSI 11 (level, high) -&gt; IRQ 11
[    1.571861] pci 0000:00:01.2: PCI INT D disabled
[    1.591051] Trying to unpack rootfs image as initramfs...
[    1.609880] audit: initializing netlink socket (disabled)
[    1.611716] type=2000 audit(1450594245.608:1): initialized
[    1.883023] HugeTLB registered 2 MB page size, pre-allocated 0 pages
[    1.962107] VFS: Disk quotas dquot_6.5.2
[    1.963503] Dquot-cache hash table entries: 512 (order 0, 4096 bytes)
[    1.978873] fuse init (API version 7.17)
[    1.982052] msgmni has been set to 84
[    2.019114] Block layer SCSI generic (bsg) driver version 0.4 loaded (major 253)
[    2.021836] io scheduler noop registered
[    2.026750] io scheduler deadline registered (default)
[    2.028170] io scheduler cfq registered
[    2.033401] pci_hotplug: PCI Hot Plug PCI Core version: 0.5
[    2.035822] pciehp: PCI Express Hot Plug Controller Driver version: 0.4
[    2.042460] input: Power Button as /devices/LNXSYSTM:00/LNXPWRBN:00/input/input0
[    2.044021] ACPI: Power Button [PWRF]
[    2.097835] ERST: Table is not found!
[    2.098350] GHES: HEST is not enabled!
[    2.105845] ACPI: PCI Interrupt Link [LNKC] enabled at IRQ 10
[    2.106519] virtio-pci 0000:00:03.0: PCI INT A -&gt; Link[LNKC] -&gt; GSI 10 (level, high) -&gt; IRQ 10
[    2.109971] virtio-pci 0000:00:04.0: PCI INT A -&gt; Link[LNKD] -&gt; GSI 11 (level, high) -&gt; IRQ 11
[    2.118498] ACPI: PCI Interrupt Link [LNKA] enabled at IRQ 10
[    2.119227] virtio-pci 0000:00:05.0: PCI INT A -&gt; Link[LNKA] -&gt; GSI 10 (level, high) -&gt; IRQ 10
[    2.129744] Serial: 8250/16550 driver, 32 ports, IRQ sharing enabled
[    2.169380] serial8250: ttyS0 at I/O 0x3f8 (irq = 4) is a 16550A
[    2.251114] serial8250: ttyS1 at I/O 0x2f8 (irq = 3) is a 16550A
[    2.381285] 00:05: ttyS0 at I/O 0x3f8 (irq = 4) is a 16550A
[    2.461862] 00:06: ttyS1 at I/O 0x2f8 (irq = 3) is a 16550A
[    2.507781] Linux agpgart interface v0.103
[    2.577910] Refined TSC clocksource calibration: 2293.404 MHz.
[    2.578554] Switching to clocksource tsc
[    2.584165] brd: module loaded
[    2.625354] loop: module loaded
[    2.672048]  vda: unknown partition table
[    2.717724] scsi0 : ata_piix
[    2.726335] scsi1 : ata_piix
[    2.727720] ata1: PATA max MWDMA2 cmd 0x1f0 ctl 0x3f6 bmdma 0xc0a0 irq 14
[    2.728979] ata2: PATA max MWDMA2 cmd 0x170 ctl 0x376 bmdma 0xc0a8 irq 15
[    2.739741] Fixed MDIO Bus: probed
[    2.741350] tun: Universal TUN/TAP device driver, 1.6
[    2.742085] tun: (C) 1999-2004 Max Krasnyansky &lt;maxk@qualcomm.com&gt;
[    2.755797] PPP generic driver version 2.4.2
[    2.779328] ehci_hcd: USB 2.0 'Enhanced' Host Controller (EHCI) Driver
[    2.781082] ohci_hcd: USB 1.1 'Open' Host Controller (OHCI) Driver
[    2.782070] uhci_hcd: USB Universal Host Controller Interface driver
[    2.783198] uhci_hcd 0000:00:01.2: PCI INT D -&gt; Link[LNKD] -&gt; GSI 11 (level, high) -&gt; IRQ 11
[    2.786343] uhci_hcd 0000:00:01.2: UHCI Host Controller
[    2.801427] uhci_hcd 0000:00:01.2: new USB bus registered, assigned bus number 1
[    2.803414] uhci_hcd 0000:00:01.2: irq 11, io base 0x0000c040
[    2.835617] hub 1-0:1.0: USB hub found
[    2.839695] hub 1-0:1.0: 2 ports detected
[    2.846533] usbcore: registered new interface driver libusual
[    2.849793] i8042: PNP: PS/2 Controller [PNP0303:KBD,PNP0f13:MOU] at 0x60,0x64 irq 1,12
[    2.859951] serio: i8042 KBD port at 0x60,0x64 irq 1
[    2.863573] serio: i8042 AUX port at 0x60,0x64 irq 12
[    2.911727] mousedev: PS/2 mouse device common for all mice
[    2.920015] input: AT Translated Set 2 keyboard as /devices/platform/i8042/serio0/input/input1
[    2.936772] rtc_cmos 00:01: RTC can wake from S4
[    2.954244] rtc_cmos 00:01: rtc core: registered rtc_cmos as rtc0
[    2.958025] rtc0: alarms up to one day, 114 bytes nvram, hpet irqs
[    2.961278] device-mapper: uevent: version 1.0.3
[    2.976792] ata2.01: ATAPI: QEMU DVD-ROM, 2.0.0, max UDMA/100
[    2.986157] ata2.01: configured for MWDMA2
[    3.011933] device-mapper: ioctl: 4.22.0-ioctl (2011-10-19) initialised: dm-devel@redhat.com
[    3.015963] cpuidle: using governor ladder
[    3.019540] cpuidle: using governor menu
[    3.021017] EFI Variables Facility v0.08 2004-May-17
[    3.029884] TCP cubic registered
[    3.036012] NET: Registered protocol family 10
[    3.060032] NET: Registered protocol family 17
[    3.062428] Registering the dns_resolver key type
[    3.082535] scsi 1:0:1:0: CD-ROM            QEMU     QEMU DVD-ROM     2.0. PQ: 0 ANSI: 5
[    3.118246] sr0: scsi3-mmc drive: 4x/4x cd/rw xa/form2 tray
[    3.119553] cdrom: Uniform CD-ROM driver Revision: 3.20
[    3.134272] sr 1:0:1:0: Attached scsi generic sg0 type 5
[    3.171434] registered taskstats version 1
[    3.303390] Freeing initrd memory: 3656k freed
[    3.808773]   Magic number: 11:960:822
[    3.823733] rtc_cmos 00:01: setting system clock to 2015-12-20 06:50:48 UTC (1450594248)
[    3.826377] powernow-k8: Processor cpuid 663 not supported
[    3.832017] BIOS EDD facility v0.16 2004-Jun-25, 0 devices found
[    3.834172] EDD information not available.
[    3.890763] Freeing unused kernel memory: 928k freed
[    3.894745] Write protecting the kernel read-only data: 12288k
[    3.959175] Freeing unused kernel memory: 1596k freed
[    4.010833] Freeing unused kernel memory: 1184k freed

info: initramfs: up at 4.16
modprobe: module virtio_blk not found in modules.dep
modprobe: module virtio_net not found in modules.dep
info: copying initramfs to /dev/vda
info: initramfs loading root from /dev/vda
info: /etc/init.d/rc.sysinit: up at 8.66
info: container: none
Starting logging: OK
modprobe: module virtio_blk not found in modules.dep
modprobe: module virtio_net not found in modules.dep
WARN: /etc/rc3.d/S10-load-modules failed
Initializing random number generator... done.
Starting acpid: OK
cirros-ds 'local' up at 11.13
found datasource (configdrive, local)
Starting network...
udhcpc (v1.20.1) started
Sending discover...
Sending discover...

2015-12-20 06:52:46,229 21545 INFO     [tempest_lib.common.rest_client] Request (TestNetworkAdvancedServerOps:_run_cleanups): 204 DELETE http://10.0.2.15:9696/v2.0/floatingips/347ea49d-a1bd-45a5-a128-17afa389872c 0.268s
2015-12-20 06:52:46,229 21545 DEBUG    [tempest_lib.common.rest_client] Request - Headers: {'Content-Type': 'application/json', 'Accept': 'application/json', 'X-Auth-Token': '&lt;omitted&gt;'}
        Body: None
    Response - Headers: {'date': 'Sun, 20 Dec 2015 06:52:46 GMT', 'status': '204', 'connection': 'close', 'content-length': '0', 'x-openstack-request-id': 'req-541fb296-4f50-4afd-bfd3-1ee9213d26ab'}
        Body: 
2015-12-20 06:52:46,437 21545 INFO     [tempest_lib.common.rest_client] Request (TestNetworkAdvancedServerOps:_run_cleanups): 204 DELETE http://10.0.2.15:8774/v2.1/479c3136fc0f4979bb800a808e7c76f3/servers/d2d27e89-27d8-4315-b13d-94792436064f 0.206s
2015-12-20 06:52:46,437 21545 DEBUG    [tempest_lib.common.rest_client] Request - Headers: {'Content-Type': 'application/json', 'Accept': 'application/json', 'X-Auth-Token': '&lt;omitted&gt;'}
        Body: None
    Response - Headers: {'status': '204', 'content-length': '0', 'x-compute-request-id': 'req-188e2006-d981-4036-bff1-d65984cb88cb', 'vary': 'X-OpenStack-Nova-API-Version', 'connection': 'close', 'x-openstack-nova-api-version': '2.1', 'date': 'Sun, 20 Dec 2015 06:52:46 GMT', 'content-type': 'application/json'}
        Body: 
2015-12-20 06:52:46,659 21545 INFO     [tempest_lib.common.rest_client] Request (TestNetworkAdvancedServerOps:_run_cleanups): 200 GET http://10.0.2.15:8774/v2.1/479c3136fc0f4979bb800a808e7c76f3/servers/d2d27e89-27d8-4315-b13d-94792436064f 0.221s
2015-12-20 06:52:46,660 21545 DEBUG    [tempest_lib.common.rest_client] Request - Headers: {'Content-Type': 'application/json', 'Accept': 'application/json', 'X-Auth-Token': '&lt;omitted&gt;'}
        Body: None
    Response - Headers: {'status': '200', 'content-length': '1785', 'content-location': 'http://10.0.2.15:8774/v2.1/479c3136fc0f4979bb800a808e7c76f3/servers/d2d27e89-27d8-4315-b13d-94792436064f', 'x-compute-request-id': 'req-8c2103e6-6980-4c4c-85df-9a3ca7fd8b81', 'vary': 'X-OpenStack-Nova-API-Version', 'connection': 'close', 'x-openstack-nova-api-version': '2.1', 'date': 'Sun, 20 Dec 2015 06:52:46 GMT', 'content-type': 'application/json'}
        Body: {"server": {"status": "ACTIVE", "updated": "2015-12-20T06:52:46Z", "hostId": "95c0e3498c3568bac0884d02a004142aca65c6f82734a6d4b7d4ba06", "addresses": {"tempest-network-smoke--1682789962": [{"OS-EXT-IPS-MAC:mac_addr": "fa:16:3e:f1:89:b6", "version": 4, "addr": "10.100.0.3", "OS-EXT-IPS:type": "fixed"}, {"OS-EXT-IPS-MAC:mac_addr": "fa:16:3e:f1:89:b6", "version": 4, "addr": "172.24.4.4", "OS-EXT-IPS:type": "floating"}]}, "links": [{"href": "http://10.0.2.15:8774/v2.1/479c3136fc0f4979bb800a808e7c76f3/servers/d2d27e89-27d8-4315-b13d-94792436064f", "rel": "self"}, {"href": "http://10.0.2.15:8774/479c3136fc0f4979bb800a808e7c76f3/servers/d2d27e89-27d8-4315-b13d-94792436064f", "rel": "bookmark"}], "key_name": "tempest-TestNetworkAdvancedServerOps-1809604494", "image": {"id": "93fb8c9a-9cfe-460a-8459-18f23a27820b", "links": [{"href": "http://10.0.2.15:8774/479c3136fc0f4979bb800a808e7c76f3/images/93fb8c9a-9cfe-460a-8459-18f23a27820b", "rel": "bookmark"}]}, "OS-EXT-STS:task_state": "deleting", "OS-EXT-STS:vm_state": "active", "OS-SRV-USG:launched_at": "2015-12-20T06:50:41.000000", "flavor": {"id": "42", "links": [{"href": "http://10.0.2.15:8774/479c3136fc0f4979bb800a808e7c76f3/flavors/42", "rel": "bookmark"}]}, "id": "d2d27e89-27d8-4315-b13d-94792436064f", "security_groups": [{"name": "tempest-secgroup-smoke-916087982"}], "OS-SRV-USG:terminated_at": null, "OS-EXT-AZ:availability_zone": "nova", "user_id": "7fc0ba1cfe364cf0abebe20e0584490b", "name": "tempest.common.compute-instance-1292138604", "created": "2015-12-20T06:50:37Z", "tenant_id": "479c3136fc0f4979bb800a808e7c76f3", "OS-DCF:diskConfig": "MANUAL", "os-extended-volumes:volumes_attached": [], "accessIPv4": "", "accessIPv6": "", "progress": 0, "OS-EXT-STS:power_state": 1, "config_drive": "True", "metadata": {}}}
2015-12-20 06:52:47,811 21545 INFO     [tempest_lib.common.rest_client] Request (TestNetworkAdvancedServerOps:_run_cleanups): 200 GET http://10.0.2.15:8774/v2.1/479c3136fc0f4979bb800a808e7c76f3/servers/d2d27e89-27d8-4315-b13d-94792436064f 0.133s
2015-12-20 06:52:47,811 21545 DEBUG    [tempest_lib.common.rest_client] Request - Headers: {'Content-Type': 'application/json', 'Accept': 'application/json', 'X-Auth-Token': '&lt;omitted&gt;'}
        Body: None
    Response - Headers: {'status': '200', 'content-length': '1718', 'content-location': 'http://10.0.2.15:8774/v2.1/479c3136fc0f4979bb800a808e7c76f3/servers/d2d27e89-27d8-4315-b13d-94792436064f', 'x-compute-request-id': 'req-0f5bb749-9961-4c47-9a97-926475f62b76', 'vary': 'X-OpenStack-Nova-API-Version', 'connection': 'close', 'x-openstack-nova-api-version': '2.1', 'date': 'Sun, 20 Dec 2015 06:52:47 GMT', 'content-type': 'application/json'}
        Body: {"server": {"status": "ACTIVE", "updated": "2015-12-20T06:52:47Z", "hostId": "95c0e3498c3568bac0884d02a004142aca65c6f82734a6d4b7d4ba06", "addresses": {"tempest-network-smoke--1682789962": [{"OS-EXT-IPS-MAC:mac_addr": "fa:16:3e:f1:89:b6", "version": 4, "addr": "10.100.0.3", "OS-EXT-IPS:type": "fixed"}, {"OS-EXT-IPS-MAC:mac_addr": "fa:16:3e:f1:89:b6", "version": 4, "addr": "172.24.4.4", "OS-EXT-IPS:type": "floating"}]}, "links": [{"href": "http://10.0.2.15:8774/v2.1/479c3136fc0f4979bb800a808e7c76f3/servers/d2d27e89-27d8-4315-b13d-94792436064f", "rel": "self"}, {"href": "http://10.0.2.15:8774/479c3136fc0f4979bb800a808e7c76f3/servers/d2d27e89-27d8-4315-b13d-94792436064f", "rel": "bookmark"}], "key_name": "tempest-TestNetworkAdvancedServerOps-1809604494", "image": {"id": "93fb8c9a-9cfe-460a-8459-18f23a27820b", "links": [{"href": "http://10.0.2.15:8774/479c3136fc0f4979bb800a808e7c76f3/images/93fb8c9a-9cfe-460a-8459-18f23a27820b", "rel": "bookmark"}]}, "OS-EXT-STS:task_state": "deleting", "OS-EXT-STS:vm_state": "active", "OS-SRV-USG:launched_at": "2015-12-20T06:50:41.000000", "flavor": {"id": "42", "links": [{"href": "http://10.0.2.15:8774/479c3136fc0f4979bb800a808e7c76f3/flavors/42", "rel": "bookmark"}]}, "id": "d2d27e89-27d8-4315-b13d-94792436064f", "OS-SRV-USG:terminated_at": null, "OS-EXT-AZ:availability_zone": "nova", "user_id": "7fc0ba1cfe364cf0abebe20e0584490b", "name": "tempest.common.compute-instance-1292138604", "created": "2015-12-20T06:50:37Z", "tenant_id": "479c3136fc0f4979bb800a808e7c76f3", "OS-DCF:diskConfig": "MANUAL", "os-extended-volumes:volumes_attached": [], "accessIPv4": "", "accessIPv6": "", "progress": 0, "OS-EXT-STS:power_state": 1, "config_drive": "True", "metadata": {}}}
2015-12-20 06:52:48,904 21545 INFO     [tempest_lib.common.rest_client] Request (TestNetworkAdvancedServerOps:_run_cleanups): 404 GET http://10.0.2.15:8774/v2.1/479c3136fc0f4979bb800a808e7c76f3/servers/d2d27e89-27d8-4315-b13d-94792436064f 0.081s
2015-12-20 06:52:48,904 21545 DEBUG    [tempest_lib.common.rest_client] Request - Headers: {'Content-Type': 'application/json', 'Accept': 'application/json', 'X-Auth-Token': '&lt;omitted&gt;'}
        Body: None
    Response - Headers: {'status': '404', 'content-length': '111', 'x-compute-request-id': 'req-2f8e0f43-80e7-4259-91ff-0f3a4af503bc', 'vary': 'X-OpenStack-Nova-API-Version', 'connection': 'close', 'x-openstack-nova-api-version': '2.1', 'date': 'Sun, 20 Dec 2015 06:52:48 GMT', 'content-type': 'application/json; charset=UTF-8'}
        Body: {"itemNotFound": {"message": "Instance d2d27e89-27d8-4315-b13d-94792436064f could not be found.", "code": 404}}
2015-12-20 06:52:49,411 21545 INFO     [tempest_lib.common.rest_client] Request (TestNetworkAdvancedServerOps:_run_cleanups): 200 PUT http://10.0.2.15:9696/v2.0/routers/b5eda668-795e-4ecc-b1d9-cab05376316c/remove_router_interface 0.505s
2015-12-20 06:52:49,411 21545 DEBUG    [tempest_lib.common.rest_client] Request - Headers: {'Content-Type': 'application/json', 'Accept': 'application/json', 'X-Auth-Token': '&lt;omitted&gt;'}
        Body: {"subnet_id": "1de67b3f-3814-417f-9bf8-7a51f9ba7bb8"}
    Response - Headers: {'status': '200', 'content-length': '255', 'connection': 'close', 'date': 'Sun, 20 Dec 2015 06:52:49 GMT', 'content-type': 'application/json; charset=UTF-8', 'x-openstack-request-id': 'req-0a1ba2e2-881c-4643-9839-6a10c06760f8'}
        Body: {"subnet_id": "1de67b3f-3814-417f-9bf8-7a51f9ba7bb8", "tenant_id": "479c3136fc0f4979bb800a808e7c76f3", "subnet_ids": ["1de67b3f-3814-417f-9bf8-7a51f9ba7bb8"], "port_id": "c34fd44c-87fd-4936-8d15-87859e058235", "id": "b5eda668-795e-4ecc-b1d9-cab05376316c"}
2015-12-20 06:52:49,923 21545 INFO     [tempest_lib.common.rest_client] Request (TestNetworkAdvancedServerOps:_run_cleanups): 204 DELETE http://10.0.2.15:9696/v2.0/subnets/1de67b3f-3814-417f-9bf8-7a51f9ba7bb8 0.511s
2015-12-20 06:52:49,923 21545 DEBUG    [tempest_lib.common.rest_client] Request - Headers: {'Content-Type': 'application/json', 'Accept': 'application/json', 'X-Auth-Token': '&lt;omitted&gt;'}
        Body: None
    Response - Headers: {'date': 'Sun, 20 Dec 2015 06:52:49 GMT', 'status': '204', 'connection': 'close', 'content-length': '0', 'x-openstack-request-id': 'req-222944f7-50dc-42fc-a689-79435fc25ece'}
        Body: 
2015-12-20 06:52:49,983 21545 INFO     [tempest_lib.common.rest_client] Request (TestNetworkAdvancedServerOps:_run_cleanups): 200 GET http://10.0.2.15:9696/v2.0/routers/b5eda668-795e-4ecc-b1d9-cab05376316c 0.060s
2015-12-20 06:52:49,984 21545 DEBUG    [tempest_lib.common.rest_client] Request - Headers: {'Content-Type': 'application/json', 'Accept': 'application/json', 'X-Auth-Token': '&lt;omitted&gt;'}
        Body: None
    Response - Headers: {'status': '200', 'content-length': '563', 'content-location': 'http://10.0.2.15:9696/v2.0/routers/b5eda668-795e-4ecc-b1d9-cab05376316c', 'connection': 'close', 'date': 'Sun, 20 Dec 2015 06:52:49 GMT', 'content-type': 'application/json; charset=UTF-8', 'x-openstack-request-id': 'req-b36a3344-8c94-461b-b886-98504490c9c0'}
        Body: {"router": {"status": "ACTIVE", "external_gateway_info": {"network_id": "b6075da0-9684-47f9-9e63-ea69b0f9db2e", "enable_snat": true, "external_fixed_ips": [{"subnet_id": "ba81accb-9f6d-4bc1-8a03-a1462f9d2032", "ip_address": "172.24.4.3"}, {"subnet_id": "0b5b231a-a73a-4eb6-85e0-98572a10a59d", "ip_address": "2001:db8::3"}]}, "availability_zone_hints": [], "availability_zones": ["nova"], "name": "tempest-router-smoke-616797096", "admin_state_up": true, "tenant_id": "479c3136fc0f4979bb800a808e7c76f3", "routes": [], "id": "b5eda668-795e-4ecc-b1d9-cab05376316c"}}
2015-12-20 06:52:50,551 21545 INFO     [tempest_lib.common.rest_client] Request (TestNetworkAdvancedServerOps:_run_cleanups): 200 PUT http://10.0.2.15:9696/v2.0/routers/b5eda668-795e-4ecc-b1d9-cab05376316c 0.566s
2015-12-20 06:52:50,551 21545 DEBUG    [tempest_lib.common.rest_client] Request - Headers: {'Content-Type': 'application/json', 'Accept': 'application/json', 'X-Auth-Token': '&lt;omitted&gt;'}
        Body: {"router": {"external_gateway_info": {}, "name": "tempest-router-smoke-616797096", "admin_state_up": true}}
    Response - Headers: {'status': '200', 'content-length': '301', 'connection': 'close', 'date': 'Sun, 20 Dec 2015 06:52:50 GMT', 'content-type': 'application/json; charset=UTF-8', 'x-openstack-request-id': 'req-bf8eef85-b492-44c4-8068-2e8cac820b3a'}
        Body: {"router": {"status": "ACTIVE", "external_gateway_info": null, "availability_zone_hints": [], "availability_zones": ["nova"], "name": "tempest-router-smoke-616797096", "admin_state_up": true, "tenant_id": "479c3136fc0f4979bb800a808e7c76f3", "routes": [], "id": "b5eda668-795e-4ecc-b1d9-cab05376316c"}}
2015-12-20 06:52:50,781 21545 INFO     [tempest_lib.common.rest_client] Request (TestNetworkAdvancedServerOps:_run_cleanups): 204 DELETE http://10.0.2.15:9696/v2.0/routers/b5eda668-795e-4ecc-b1d9-cab05376316c 0.229s
2015-12-20 06:52:50,781 21545 DEBUG    [tempest_lib.common.rest_client] Request - Headers: {'Content-Type': 'application/json', 'Accept': 'application/json', 'X-Auth-Token': '&lt;omitted&gt;'}
        Body: None
    Response - Headers: {'date': 'Sun, 20 Dec 2015 06:52:50 GMT', 'status': '204', 'connection': 'close', 'content-length': '0', 'x-openstack-request-id': 'req-b825364c-0c60-4591-9132-9c839b95a9ab'}
        Body: 
2015-12-20 06:52:50,981 21545 INFO     [tempest_lib.common.rest_client] Request (TestNetworkAdvancedServerOps:_run_cleanups): 204 DELETE http://10.0.2.15:9696/v2.0/networks/584c2c6e-c6d1-428b-961a-40b3fd436164 0.199s
2015-12-20 06:52:50,982 21545 DEBUG    [tempest_lib.common.rest_client] Request - Headers: {'Content-Type': 'application/json', 'Accept': 'application/json', 'X-Auth-Token': '&lt;omitted&gt;'}
        Body: None
    Response - Headers: {'date': 'Sun, 20 Dec 2015 06:52:50 GMT', 'status': '204', 'connection': 'close', 'content-length': '0', 'x-openstack-request-id': 'req-3b2df3db-a35d-4735-b27e-2aac7524e644'}
        Body: 
2015-12-20 06:52:51,044 21545 INFO     [tempest_lib.common.rest_client] Request (TestNetworkAdvancedServerOps:_run_cleanups): 204 DELETE http://10.0.2.15:9696/v2.0/security-group-rules/6b647fbd-a910-4303-a861-f8df351fba77 0.061s
2015-12-20 06:52:51,045 21545 DEBUG    [tempest_lib.common.rest_client] Request - Headers: {'Content-Type': 'application/json', 'Accept': 'application/json', 'X-Auth-Token': '&lt;omitted&gt;'}
        Body: None
    Response - Headers: {'date': 'Sun, 20 Dec 2015 06:52:51 GMT', 'status': '204', 'connection': 'close', 'content-length': '0', 'x-openstack-request-id': 'req-7cf3a135-622f-4813-9353-57aca38a848e'}
        Body: 
2015-12-20 06:52:51,105 21545 INFO     [tempest_lib.common.rest_client] Request (TestNetworkAdvancedServerOps:_run_cleanups): 204 DELETE http://10.0.2.15:9696/v2.0/security-group-rules/58448b7c-c27d-4ed3-bb91-a87cadc02a5e 0.059s
2015-12-20 06:52:51,106 21545 DEBUG    [tempest_lib.common.rest_client] Request - Headers: {'Content-Type': 'application/json', 'Accept': 'application/json', 'X-Auth-Token': '&lt;omitted&gt;'}
        Body: None
    Response - Headers: {'date': 'Sun, 20 Dec 2015 06:52:51 GMT', 'status': '204', 'connection': 'close', 'content-length': '0', 'x-openstack-request-id': 'req-7014b25a-cba0-42ae-9ace-cf308440956f'}
        Body: 
2015-12-20 06:52:51,178 21545 INFO     [tempest_lib.common.rest_client] Request (TestNetworkAdvancedServerOps:_run_cleanups): 204 DELETE http://10.0.2.15:9696/v2.0/security-group-rules/0fedcfce-d929-4255-91f2-77e3828eb703 0.071s
2015-12-20 06:52:51,179 21545 DEBUG    [tempest_lib.common.rest_client] Request - Headers: {'Content-Type': 'application/json', 'Accept': 'application/json', 'X-Auth-Token': '&lt;omitted&gt;'}
        Body: None
    Response - Headers: {'date': 'Sun, 20 Dec 2015 06:52:51 GMT', 'status': '204', 'connection': 'close', 'content-length': '0', 'x-openstack-request-id': 'req-a440ddad-284b-4468-a83f-7dfbd7fce384'}
        Body: 
2015-12-20 06:52:51,245 21545 INFO     [tempest_lib.common.rest_client] Request (TestNetworkAdvancedServerOps:_run_cleanups): 204 DELETE http://10.0.2.15:9696/v2.0/security-group-rules/63df8876-97e3-4054-8f23-8ad7a24d2521 0.065s
2015-12-20 06:52:51,246 21545 DEBUG    [tempest_lib.common.rest_client] Request - Headers: {'Content-Type': 'application/json', 'Accept': 'application/json', 'X-Auth-Token': '&lt;omitted&gt;'}
        Body: None
    Response - Headers: {'date': 'Sun, 20 Dec 2015 06:52:51 GMT', 'status': '204', 'connection': 'close', 'content-length': '0', 'x-openstack-request-id': 'req-d622d6c8-01fd-4597-a145-51d34c0fef69'}
        Body: 
2015-12-20 06:52:51,313 21545 INFO     [tempest_lib.common.rest_client] Request (TestNetworkAdvancedServerOps:_run_cleanups): 204 DELETE http://10.0.2.15:9696/v2.0/security-group-rules/092372e7-2a73-4b63-96a5-872fcc2fd387 0.066s
2015-12-20 06:52:51,313 21545 DEBUG    [tempest_lib.common.rest_client] Request - Headers: {'Content-Type': 'application/json', 'Accept': 'application/json', 'X-Auth-Token': '&lt;omitted&gt;'}
        Body: None
    Response - Headers: {'date': 'Sun, 20 Dec 2015 06:52:51 GMT', 'status': '204', 'connection': 'close', 'content-length': '0', 'x-openstack-request-id': 'req-9b99934b-f475-4e0c-b2ae-c0aab8c66b81'}
        Body: 
2015-12-20 06:52:51,371 21545 INFO     [tempest_lib.common.rest_client] Request (TestNetworkAdvancedServerOps:_run_cleanups): 204 DELETE http://10.0.2.15:9696/v2.0/security-group-rules/d806c808-891a-4b60-b7d3-c4b4c80af3fa 0.057s
2015-12-20 06:52:51,371 21545 DEBUG    [tempest_lib.common.rest_client] Request - Headers: {'Content-Type': 'application/json', 'Accept': 'application/json', 'X-Auth-Token': '&lt;omitted&gt;'}
        Body: None
    Response - Headers: {'date': 'Sun, 20 Dec 2015 06:52:51 GMT', 'status': '204', 'connection': 'close', 'content-length': '0', 'x-openstack-request-id': 'req-cb892438-092c-4a97-972b-6ef7c0d19503'}
        Body: 
2015-12-20 06:52:51,487 21545 INFO     [tempest_lib.common.rest_client] Request (TestNetworkAdvancedServerOps:_run_cleanups): 204 DELETE http://10.0.2.15:9696/v2.0/security-groups/20199201-fbe6-4267-807c-02a61f55f61e 0.115s
2015-12-20 06:52:51,488 21545 DEBUG    [tempest_lib.common.rest_client] Request - Headers: {'Content-Type': 'application/json', 'Accept': 'application/json', 'X-Auth-Token': '&lt;omitted&gt;'}
        Body: None
    Response - Headers: {'date': 'Sun, 20 Dec 2015 06:52:51 GMT', 'status': '204', 'connection': 'close', 'content-length': '0', 'x-openstack-request-id': 'req-957c2025-01f9-4463-92bb-2227c817d110'}
        Body: 
2015-12-20 06:52:51,512 21545 INFO     [tempest_lib.common.rest_client] Request (TestNetworkAdvancedServerOps:_run_cleanups): 202 DELETE http://10.0.2.15:8774/v2.1/479c3136fc0f4979bb800a808e7c76f3/os-keypairs/tempest-TestNetworkAdvancedServerOps-1809604494 0.022s
2015-12-20 06:52:51,512 21545 DEBUG    [tempest_lib.common.rest_client] Request - Headers: {'Content-Type': 'application/json', 'Accept': 'application/json', 'X-Auth-Token': '&lt;omitted&gt;'}
        Body: None
    Response - Headers: {'status': '202', 'content-length': '0', 'x-compute-request-id': 'req-30382507-c6c1-4ac2-9f60-3c1e8c8968a0', 'vary': 'X-OpenStack-Nova-API-Version', 'connection': 'close', 'x-openstack-nova-api-version': '2.1', 'date': 'Sun, 20 Dec 2015 06:52:51 GMT', 'content-type': 'application/json'}
        Body: 
2015-12-20 06:52:51,597 21545 INFO     [tempest_lib.common.rest_client] Request (TestNetworkAdvancedServerOps:_run_cleanups): 404 GET http://10.0.2.15:8774/v2.1/479c3136fc0f4979bb800a808e7c76f3/servers/d2d27e89-27d8-4315-b13d-94792436064f 0.083s
