<?xml version="1.0" encoding="UTF-8"?>
<!DOCTYPE html PUBLIC "-//W3C//DTD XHTML 1.0 Strict//EN"
     "http://www.w3.org/TR/xhtml1/DTD/xhtml1-strict.dtd">
<html xmlns="http://www.w3.org/1999/xhtml">
<head>
    <title>Unit Test Report</title>
    <meta name="generator" content="subunit2html 0.1"/>
    <meta http-equiv="Content-Type" content="text/html; charset=UTF-8"/>
    
<style type="text/css" media="screen">
body        { font-family: verdana, arial, helvetica, sans-serif;
    font-size: 80%; }
table       { font-size: 100%; width: 100%;}
pre         { font-size: 80%; }

/* -- heading -------------------------------------------------------------- */
h1 {
        font-size: 16pt;
        color: gray;
}
.heading {
    margin-top: 0ex;
    margin-bottom: 1ex;
}

.heading .attribute {
    margin-top: 1ex;
    margin-bottom: 0;
}

.heading .description {
    margin-top: 4ex;
    margin-bottom: 6ex;
}

/* -- css div popup -------------------------------------------------------- */
a.popup_link {
}

a.popup_link:hover {
    color: red;
}

.popup_window {
    display: none;
    overflow-x: scroll;
    /*border: solid #627173 1px; */
    padding: 10px;
    background-color: #E6E6D6;
    font-family: "Ubuntu Mono", "Lucida Console", "Courier New", monospace;
    text-align: left;
    font-size: 8pt;
}

}
/* -- report --------------------------------------------------------------- */
#show_detail_line {
    margin-top: 3ex;
    margin-bottom: 1ex;
}
#result_table {
    width: 100%;
    border-collapse: collapse;
    border: 1px solid #777;
}
#header_row {
    font-weight: bold;
    color: white;
    background-color: #777;
}
#result_table td {
    border: 1px solid #777;
    padding: 2px;
}
#total_row  { font-weight: bold; }
.passClass  { background-color: #6c6; }
.failClass  { background-color: #c60; }
.errorClass { background-color: #c00; }
.passCase   { color: #6c6; }
.failCase   { color: #c60; font-weight: bold; }
.errorCase  { color: #c00; font-weight: bold; }
.hiddenRow  { display: none; }
.testcase   { margin-left: 2em; }
td.testname {width: 40%}
td.small {width: 40px}

/* -- ending --------------------------------------------------------------- */
#ending {
}

</style>

</head>
<body>
<script language="javascript" type="text/javascript"><!--
output_list = Array();

/* level - 0:Summary; 1:Failed; 2:All */
function showCase(level) {
    trs = document.getElementsByTagName("tr");
    for (var i = 0; i < trs.length; i++) {
        tr = trs[i];
        id = tr.id;
        if (id.substr(0,2) == 'ft') {
            if (level < 1) {
                tr.className = 'hiddenRow';
            }
            else {
                tr.className = '';
            }
        }
        if (id.substr(0,2) == 'pt') {
            if (level > 1) {
                tr.className = '';
            }
            else {
                tr.className = 'hiddenRow';
            }
        }
    }
}


function showClassDetail(cid, count) {
    var id_list = Array(count);
    var toHide = 1;
    for (var i = 0; i < count; i++) {
        tid0 = 't' + cid.substr(1) + '.' + (i+1);
        tid = 'f' + tid0;
        tr = document.getElementById(tid);
        if (!tr) {
            tid = 'p' + tid0;
            tr = document.getElementById(tid);
        }
        id_list[i] = tid;
        if (tr.className) {
            toHide = 0;
        }
    }
    for (var i = 0; i < count; i++) {
        tid = id_list[i];
        if (toHide) {
            document.getElementById('div_'+tid).style.display = 'none'
            document.getElementById(tid).className = 'hiddenRow';
        }
        else {
            document.getElementById(tid).className = '';
        }
    }
}


function showTestDetail(div_id){
    var details_div = document.getElementById(div_id)
    var displayState = details_div.style.display
    // alert(displayState)
    if (displayState != 'block' ) {
        displayState = 'block'
        details_div.style.display = 'block'
    }
    else {
        details_div.style.display = 'none'
    }
}


function html_escape(s) {
    s = s.replace(/&/g,'&amp;');
    s = s.replace(/</g,'&lt;');
    s = s.replace(/>/g,'&gt;');
    return s;
}

/* obsoleted by detail in <div>
function showOutput(id, name) {
    var w = window.open("", //url
                    name,
                    "resizable,scrollbars,status,width=800,height=450");
    d = w.document;
    d.write("<pre>");
    d.write(html_escape(output_list[id]));
    d.write("\n");
    d.write("<a href='javascript:window.close()'>close</a>\n");
    d.write("</pre>\n");
    d.close();
}
*/
--></script>

<div class='heading'>
<h1>Unit Test Report</h1>

<p class='attribute'><strong>Status:</strong> Failure 6</p>

<p class='description'></p>
</div>



<p id='show_detail_line'>Show
<a href='javascript:showCase(0)'>Summary</a>
<a href='javascript:showCase(1)'>Failed</a>
<a href='javascript:showCase(2)'>All</a>
</p>
<table id='result_table'>
<colgroup>
<col align='left' />
<col align='right' />
<col align='right' />
<col align='right' />
<col align='right' />
<col align='right' />
<col align='right' />
<col align='right' />
</colgroup>
<tr id='header_row'>
    <td>Test Group/Test case</td>
    <td>Count</td>
    <td>Pass</td>
    <td>Fail</td>
    <td>Error</td>
    <td>Skip</td>
    <td>View</td>
    <td> </td>
</tr>

<tr class='failClass'>
    <td class="testname">tempest.scenario.test_network_advanced_server_ops.TestNetworkAdvancedServerOps</td>
    <td class="small">6</td>
    <td class="small">0</td>
    <td class="small">6</td>
    <td class="small">0</td>
    <td class="small">0</td>
    <td class="small"><a href="javascript:showClassDetail('c1',6)"
>Detail</a></td>
    <td> </td>
</tr>

<tr id='ft1.1' class='none'>
    <td class='failCase'><div class='testcase'>test_server_connectivity_pause_unpause[compute,id-2b2642db-6568-4b35-b812-eceed3fa20ce,network]</div></td>
    <td colspan='7' align='left'>

    <!--css div popup start-->
    <a class="popup_link" onfocus='this.blur();'
    href="javascript:showTestDetail('div_ft1.1')" >
        fail</a>

    <div id='div_ft1.1' class="popup_window">
        <div style='text-align: right; color:red;cursor:pointer'>
        <a onfocus='this.blur();'
onclick="document.getElementById('div_ft1.1').style.display = 'none' " >
           [x]</a>
        </div>
        <pre>
        
ft1.1: tempest.scenario.test_network_advanced_server_ops.TestNetworkAdvancedServerOps.test_server_connectivity_pause_unpause[compute,id-2b2642db-6568-4b35-b812-eceed3fa20ce,network]_StringException: Empty attachments:
  stderr
  stdout

pythonlogging:'': {{{
2015-12-18 05:31:56,252 21677 INFO     [tempest_lib.common.rest_client] Request (TestNetworkAdvancedServerOps:test_server_connectivity_pause_unpause): 200 POST http://10.0.2.15:8774/v2.1/a42de93b44a04ea482247cf33ff2dcfe/os-keypairs 0.320s
2015-12-18 05:31:56,252 21677 DEBUG    [tempest_lib.common.rest_client] Request - Headers: {'Content-Type': 'application/json', 'Accept': 'application/json', 'X-Auth-Token': '&lt;omitted&gt;'}
        Body: {"keypair": {"name": "tempest-TestNetworkAdvancedServerOps-806937580"}}
    Response - Headers: {'status': '200', 'content-length': '2329', 'x-compute-request-id': 'req-3d31dfe8-a3a1-4a87-8e64-69041044cbda', 'vary': 'X-OpenStack-Nova-API-Version', 'connection': 'close', 'x-openstack-nova-api-version': '2.1', 'date': 'Fri, 18 Dec 2015 05:31:56 GMT', 'content-type': 'application/json'}
        Body: {"keypair": {"public_key": "ssh-rsa AAAAB3NzaC1yc2EAAAADAQABAAABAQC9Ua1SA+w8t7e3eMI1a4kdvn4X0nmXCC5IiD4ZHXLLduK3t9n5mLlNp6dkx/8Wh2f8UqqUF+sgmy8phACQlxzhh42DkxlnGP/oywQG6HtfvWukUnUVd9HpmxjXcthE6o+9md6hwO1ulrwctRgyb1dIJ7k1iYzB6MmMRzJN6hQtKIESGETye87BqmR4P/zq+pb/ld+rEnxi9VAk+TmgA7Pbk0pSLSkRAzmT8yrsNW1ihbWAgS0ax+phk7aHDxdOs9ii3QxeTJaDPn6xH9tPi1PR9K9nU2uDf+moO5msIMaeSxBoAQEl8r1IRFqnOezWTSmaM61lwT7T1k8haC/QD7V9 Generated-by-Nova", "private_key": "-----BEGIN RSA PRIVATE KEY-----\nMIIEqAIBAAKCAQEAvVGtUgPsPLe3t3jCNWuJHb5+F9J5lwguSIg+GR1yy3bit7fZ\n+Zi5TaenZMf/Fodn/FKqlBfrIJsvKYQAkJcc4YeNg5MZZxj/6MsEBuh7X71rpFJ1\nFXfR6ZsY13LYROqPvZneocDtbpa8HLUYMm9XSCe5NYmMwejJjEcyTeoULSiBEhhE\n8nvOwapkeD/86vqW/5XfqxJ8YvVQJPk5oAOz25NKUi0pEQM5k/Mq7DVtYoW1gIEt\nGsfqYZO2hw8XTrPYot0MXkyWgz5+sR/bT4tT0fSvZ1Nrg3/pqDuZrCDGnksQaAEB\nJfK9SERapzns1k0pmjOtZcE+09ZPIWgv0A+1fQIDAQABAoIBADsKO7j2DDgrOxn2\niOpL7OjfvUcElnKpVHW+N09xxZj6LF4K8elK3Y8AF83wKPcHp0AjL5sbknIKszyJ\nM/vjhFg5A8Linutt+nDIzyqwWblTwzvtkyHsygPGIIsf/54OYGFKmQlstx7j1ypE\nt5US7+9KpBG0IbdfN2uN0HxH4Z7rF3Pna7URedDEUgmSA1DHlUQTDISPlJFpEwZz\njjqAkZUoThiyAGFfCiWbPYdTfzx3P8o4IjwbAZAY6NwMfuB8S4jg9xWcux7qclcT\nh2YfoIsXYkR4Aq0qY+QcZalgSdmrXHzYY5v6qncA/2Yw4IbNzD43Eqb19mSBoqo1\n1+W6AakCggCBANnnqkZRs/BYUJiU/DQHsTgitNybqDuvVysYd3/2hh2Gjc1GCHkB\nVbc+/HtG78KGHbecywLsQDdWvF23y7tr2QIcGuhREuj9dwJiSpQl2kpslCjLM0DW\n1Nn1wJ0ONmNDBjd4dXHBTSxevd4H4XqesRrLjCwPjzmVSq79QN1gjiNfAoIAgQDe\naqaD8gHtQ5JTyvbdq6lKrPoOUCvvkqeVaQOiFod7QUhI5yqPs+WUgtch2QPzXC/s\nb3L4pvYnsVoNkX6YBa/GQNvYEEispnOfdgPeGgvwlg2DevRDKPWzgHlpUU8hHwe+\nwSOXWtkkKxdt08ZJloAJi9nSk/B4GVgBStoDGm7QowKCAIA6tvSnq/47ReC5rHNk\npan4AUoQo5SqOG3Ze+c/QLMUo5vz8un3iQeKr9sicJPMK404W3RMXlJTVvi8m/i2\nkLHRorcRYD8jLqDxsIB9+NEf+q/VaiNuVjTWYiS7bQf0qSu0qK2ksDxWN1Ubza3Q\n94+rM6uad7rU/kg4bJ8cx5alKwKCAIBTkIB1jISaz0t3/gbYbDmT2/+rRwXq4g/i\nu+zohkxqy7FL6sZ77VwxeyM3DWFFmvpKe+kXcSuE6EZsWKDWnzRWaWHwANY9P+Cr\nJdz4IpMf1lDHeHezj/0YbwmuvyTazdzMF6a2pCR3SVVpJysV1NzQOWIikwDDLsp4\n2dWlWtYNvwKCAIEAqb2AU+auNaa2wL/svvwPmAfkaZ+YGV74muRTPf3TZtDvvEWC\nraR0MqVFuKH2tjr6VhCaVwVb2nxrgTgT4g7miwwIcspT0RCzlqRmkuxluasdn9Su\nqLr9fxDTjmZm29cz41F9F45mgmubQ5Ws2wyt3CDTOx5T8/R1/T3NWbOoCt8=\n-----END RSA PRIVATE KEY-----\n", "user_id": "a0b86c6b9aea4f1b873076603c619795", "name": "tempest-TestNetworkAdvancedServerOps-806937580", "fingerprint": "50:c1:2d:fc:e6:a2:3e:0c:79:89:2f:31:4e:4d:b1:53"}}
2015-12-18 05:31:56,613 21677 INFO     [tempest_lib.common.rest_client] Request (TestNetworkAdvancedServerOps:test_server_connectivity_pause_unpause): 201 POST http://10.0.2.15:9696/v2.0/security-groups 0.358s
2015-12-18 05:31:56,614 21677 DEBUG    [tempest_lib.common.rest_client] Request - Headers: {'Content-Type': 'application/json', 'Accept': 'application/json', 'X-Auth-Token': '&lt;omitted&gt;'}
        Body: {"security_group": {"tenant_id": "a42de93b44a04ea482247cf33ff2dcfe", "description": "tempest-secgroup-smoke-691839791 description", "name": "tempest-secgroup-smoke-691839791"}}
    Response - Headers: {'status': '201', 'content-length': '886', 'connection': 'close', 'date': 'Fri, 18 Dec 2015 05:31:56 GMT', 'content-type': 'application/json; charset=UTF-8', 'x-openstack-request-id': 'req-5f61caaf-dc5f-4fe6-9fa6-db92a4245ec9'}
        Body: {"security_group": {"tenant_id": "a42de93b44a04ea482247cf33ff2dcfe", "description": "tempest-secgroup-smoke-691839791 description", "id": "b65ca85a-a2b8-4ba6-a0a7-58ad99ce9210", "security_group_rules": [{"remote_group_id": null, "direction": "egress", "remote_ip_prefix": null, "protocol": null, "ethertype": "IPv4", "tenant_id": "a42de93b44a04ea482247cf33ff2dcfe", "port_range_max": null, "port_range_min": null, "id": "2373ac22-34e6-4d62-a64c-be21caec300b", "security_group_id": "b65ca85a-a2b8-4ba6-a0a7-58ad99ce9210"}, {"remote_group_id": null, "direction": "egress", "remote_ip_prefix": null, "protocol": null, "ethertype": "IPv6", "tenant_id": "a42de93b44a04ea482247cf33ff2dcfe", "port_range_max": null, "port_range_min": null, "id": "4d0c54eb-d99a-46d0-a023-0cfcd78ef498", "security_group_id": "b65ca85a-a2b8-4ba6-a0a7-58ad99ce9210"}], "name": "tempest-secgroup-smoke-691839791"}}
2015-12-18 05:31:56,734 21677 INFO     [tempest_lib.common.rest_client] Request (TestNetworkAdvancedServerOps:test_server_connectivity_pause_unpause): 201 POST http://10.0.2.15:9696/v2.0/security-group-rules 0.119s
2015-12-18 05:31:56,735 21677 DEBUG    [tempest_lib.common.rest_client] Request - Headers: {'Content-Type': 'application/json', 'Accept': 'application/json', 'X-Auth-Token': '&lt;omitted&gt;'}
        Body: {"security_group_rule": {"direction": "ingress", "protocol": "tcp", "tenant_id": "a42de93b44a04ea482247cf33ff2dcfe", "port_range_max": 22, "security_group_id": "b65ca85a-a2b8-4ba6-a0a7-58ad99ce9210", "port_range_min": 22}}
    Response - Headers: {'status': '201', 'content-length': '340', 'connection': 'close', 'date': 'Fri, 18 Dec 2015 05:31:56 GMT', 'content-type': 'application/json; charset=UTF-8', 'x-openstack-request-id': 'req-2fd3e055-4a3f-41b7-810b-fe5d5a18e29f'}
        Body: {"security_group_rule": {"remote_group_id": null, "direction": "ingress", "remote_ip_prefix": null, "protocol": "tcp", "ethertype": "IPv4", "tenant_id": "a42de93b44a04ea482247cf33ff2dcfe", "port_range_max": 22, "port_range_min": 22, "id": "a895cd36-62fe-4ba7-9a69-0bddcb60eb56", "security_group_id": "b65ca85a-a2b8-4ba6-a0a7-58ad99ce9210"}}
2015-12-18 05:31:56,862 21677 INFO     [tempest_lib.common.rest_client] Request (TestNetworkAdvancedServerOps:test_server_connectivity_pause_unpause): 201 POST http://10.0.2.15:9696/v2.0/security-group-rules 0.126s
2015-12-18 05:31:56,863 21677 DEBUG    [tempest_lib.common.rest_client] Request - Headers: {'Content-Type': 'application/json', 'Accept': 'application/json', 'X-Auth-Token': '&lt;omitted&gt;'}
        Body: {"security_group_rule": {"direction": "egress", "protocol": "tcp", "tenant_id": "a42de93b44a04ea482247cf33ff2dcfe", "port_range_max": 22, "security_group_id": "b65ca85a-a2b8-4ba6-a0a7-58ad99ce9210", "port_range_min": 22}}
    Response - Headers: {'status': '201', 'content-length': '339', 'connection': 'close', 'date': 'Fri, 18 Dec 2015 05:31:56 GMT', 'content-type': 'application/json; charset=UTF-8', 'x-openstack-request-id': 'req-94983320-3dab-48b9-bd3a-12df2782b121'}
        Body: {"security_group_rule": {"remote_group_id": null, "direction": "egress", "remote_ip_prefix": null, "protocol": "tcp", "ethertype": "IPv4", "tenant_id": "a42de93b44a04ea482247cf33ff2dcfe", "port_range_max": 22, "port_range_min": 22, "id": "be2d3d20-7742-4303-b5ef-6e8d61f88f45", "security_group_id": "b65ca85a-a2b8-4ba6-a0a7-58ad99ce9210"}}
2015-12-18 05:31:56,986 21677 INFO     [tempest_lib.common.rest_client] Request (TestNetworkAdvancedServerOps:test_server_connectivity_pause_unpause): 201 POST http://10.0.2.15:9696/v2.0/security-group-rules 0.122s
2015-12-18 05:31:56,986 21677 DEBUG    [tempest_lib.common.rest_client] Request - Headers: {'Content-Type': 'application/json', 'Accept': 'application/json', 'X-Auth-Token': '&lt;omitted&gt;'}
        Body: {"security_group_rule": {"tenant_id": "a42de93b44a04ea482247cf33ff2dcfe", "direction": "ingress", "protocol": "icmp", "security_group_id": "b65ca85a-a2b8-4ba6-a0a7-58ad99ce9210"}}
    Response - Headers: {'status': '201', 'content-length': '345', 'connection': 'close', 'date': 'Fri, 18 Dec 2015 05:31:56 GMT', 'content-type': 'application/json; charset=UTF-8', 'x-openstack-request-id': 'req-2cdf978c-0d41-4e6a-bb1f-571687fdcde0'}
        Body: {"security_group_rule": {"remote_group_id": null, "direction": "ingress", "remote_ip_prefix": null, "protocol": "icmp", "ethertype": "IPv4", "tenant_id": "a42de93b44a04ea482247cf33ff2dcfe", "port_range_max": null, "port_range_min": null, "id": "580a9fc2-deca-476d-8026-141c76606b44", "security_group_id": "b65ca85a-a2b8-4ba6-a0a7-58ad99ce9210"}}
2015-12-18 05:31:57,113 21677 INFO     [tempest_lib.common.rest_client] Request (TestNetworkAdvancedServerOps:test_server_connectivity_pause_unpause): 201 POST http://10.0.2.15:9696/v2.0/security-group-rules 0.124s
2015-12-18 05:31:57,113 21677 DEBUG    [tempest_lib.common.rest_client] Request - Headers: {'Content-Type': 'application/json', 'Accept': 'application/json', 'X-Auth-Token': '&lt;omitted&gt;'}
        Body: {"security_group_rule": {"tenant_id": "a42de93b44a04ea482247cf33ff2dcfe", "direction": "egress", "protocol": "icmp", "security_group_id": "b65ca85a-a2b8-4ba6-a0a7-58ad99ce9210"}}
    Response - Headers: {'status': '201', 'content-length': '344', 'connection': 'close', 'date': 'Fri, 18 Dec 2015 05:31:57 GMT', 'content-type': 'application/json; charset=UTF-8', 'x-openstack-request-id': 'req-47920d3a-63c7-46c0-8a71-08d958ba3482'}
        Body: {"security_group_rule": {"remote_group_id": null, "direction": "egress", "remote_ip_prefix": null, "protocol": "icmp", "ethertype": "IPv4", "tenant_id": "a42de93b44a04ea482247cf33ff2dcfe", "port_range_max": null, "port_range_min": null, "id": "cb786294-3b03-43dc-bbca-d9ae90fc2c00", "security_group_id": "b65ca85a-a2b8-4ba6-a0a7-58ad99ce9210"}}
2015-12-18 05:31:57,231 21677 INFO     [tempest_lib.common.rest_client] Request (TestNetworkAdvancedServerOps:test_server_connectivity_pause_unpause): 201 POST http://10.0.2.15:9696/v2.0/security-group-rules 0.117s
2015-12-18 05:31:57,232 21677 DEBUG    [tempest_lib.common.rest_client] Request - Headers: {'Content-Type': 'application/json', 'Accept': 'application/json', 'X-Auth-Token': '&lt;omitted&gt;'}
        Body: {"security_group_rule": {"tenant_id": "a42de93b44a04ea482247cf33ff2dcfe", "direction": "ingress", "security_group_id": "b65ca85a-a2b8-4ba6-a0a7-58ad99ce9210", "protocol": "icmp", "ethertype": "IPv6"}}
    Response - Headers: {'status': '201', 'content-length': '345', 'connection': 'close', 'date': 'Fri, 18 Dec 2015 05:31:57 GMT', 'content-type': 'application/json; charset=UTF-8', 'x-openstack-request-id': 'req-b6d2c76b-1eeb-4365-b6bd-32dc59b3a419'}
        Body: {"security_group_rule": {"remote_group_id": null, "direction": "ingress", "remote_ip_prefix": null, "protocol": "icmp", "ethertype": "IPv6", "tenant_id": "a42de93b44a04ea482247cf33ff2dcfe", "port_range_max": null, "port_range_min": null, "id": "f0815d37-824d-41f2-8c1f-873eddf95f2d", "security_group_id": "b65ca85a-a2b8-4ba6-a0a7-58ad99ce9210"}}
2015-12-18 05:31:57,342 21677 INFO     [tempest_lib.common.rest_client] Request (TestNetworkAdvancedServerOps:test_server_connectivity_pause_unpause): 201 POST http://10.0.2.15:9696/v2.0/security-group-rules 0.109s
2015-12-18 05:31:57,342 21677 DEBUG    [tempest_lib.common.rest_client] Request - Headers: {'Content-Type': 'application/json', 'Accept': 'application/json', 'X-Auth-Token': '&lt;omitted&gt;'}
        Body: {"security_group_rule": {"tenant_id": "a42de93b44a04ea482247cf33ff2dcfe", "direction": "egress", "security_group_id": "b65ca85a-a2b8-4ba6-a0a7-58ad99ce9210", "protocol": "icmp", "ethertype": "IPv6"}}
    Response - Headers: {'status': '201', 'content-length': '344', 'connection': 'close', 'date': 'Fri, 18 Dec 2015 05:31:57 GMT', 'content-type': 'application/json; charset=UTF-8', 'x-openstack-request-id': 'req-8dd23d45-03fb-4622-a51a-0e8c98dbf38e'}
        Body: {"security_group_rule": {"remote_group_id": null, "direction": "egress", "remote_ip_prefix": null, "protocol": "icmp", "ethertype": "IPv6", "tenant_id": "a42de93b44a04ea482247cf33ff2dcfe", "port_range_max": null, "port_range_min": null, "id": "e56f9e54-cf1c-4232-9832-118774dc5e88", "security_group_id": "b65ca85a-a2b8-4ba6-a0a7-58ad99ce9210"}}
2015-12-18 05:31:57,514 21677 INFO     [tempest_lib.common.rest_client] Request (TestNetworkAdvancedServerOps:test_server_connectivity_pause_unpause): 201 POST http://10.0.2.15:9696/v2.0/networks 0.170s
2015-12-18 05:31:57,514 21677 DEBUG    [tempest_lib.common.rest_client] Request - Headers: {'Content-Type': 'application/json', 'Accept': 'application/json', 'X-Auth-Token': '&lt;omitted&gt;'}
        Body: {"network": {"tenant_id": "a42de93b44a04ea482247cf33ff2dcfe", "name": "tempest-network-smoke--1216718139"}}
    Response - Headers: {'status': '201', 'content-length': '329', 'connection': 'close', 'date': 'Fri, 18 Dec 2015 05:31:57 GMT', 'content-type': 'application/json; charset=UTF-8', 'x-openstack-request-id': 'req-555e8d65-9aad-4605-8fe4-6cc37435ecdf'}
        Body: {"network": {"status": "ACTIVE", "subnets": [], "availability_zone_hints": "[]", "name": "tempest-network-smoke--1216718139", "admin_state_up": true, "tenant_id": "a42de93b44a04ea482247cf33ff2dcfe", "mtu": 0, "router:external": false, "shared": false, "port_security_enabled": true, "id": "feb712e2-9b41-4303-8195-6e9cd8bfe83c"}}
2015-12-18 05:31:57,595 21677 INFO     [tempest_lib.common.rest_client] Request (TestNetworkAdvancedServerOps:test_server_connectivity_pause_unpause): 201 POST http://10.0.2.15:9696/v2.0/routers 0.079s
2015-12-18 05:31:57,595 21677 DEBUG    [tempest_lib.common.rest_client] Request - Headers: {'Content-Type': 'application/json', 'Accept': 'application/json', 'X-Auth-Token': '&lt;omitted&gt;'}
        Body: {"router": {"tenant_id": "a42de93b44a04ea482247cf33ff2dcfe", "name": "tempest-router-smoke-2110365288", "admin_state_up": true}}
    Response - Headers: {'status': '201', 'content-length': '296', 'connection': 'close', 'date': 'Fri, 18 Dec 2015 05:31:57 GMT', 'content-type': 'application/json; charset=UTF-8', 'x-openstack-request-id': 'req-ff5b2ba8-be3c-4030-8972-d89c79f4b79e'}
        Body: {"router": {"status": "ACTIVE", "external_gateway_info": null, "availability_zone_hints": [], "availability_zones": [], "name": "tempest-router-smoke-2110365288", "admin_state_up": true, "tenant_id": "a42de93b44a04ea482247cf33ff2dcfe", "routes": [], "id": "e6c3a17a-fb52-4573-b290-07d02532f8b8"}}
2015-12-18 05:31:57,655 21677 INFO     [tempest_lib.common.rest_client] Request (TestNetworkAdvancedServerOps:test_server_connectivity_pause_unpause): 200 GET http://10.0.2.15:9696/v2.0/routers/e6c3a17a-fb52-4573-b290-07d02532f8b8 0.058s
2015-12-18 05:31:57,656 21677 DEBUG    [tempest_lib.common.rest_client] Request - Headers: {'Content-Type': 'application/json', 'Accept': 'application/json', 'X-Auth-Token': '&lt;omitted&gt;'}
        Body: None
    Response - Headers: {'status': '200', 'content-length': '296', 'content-location': 'http://10.0.2.15:9696/v2.0/routers/e6c3a17a-fb52-4573-b290-07d02532f8b8', 'connection': 'close', 'date': 'Fri, 18 Dec 2015 05:31:57 GMT', 'content-type': 'application/json; charset=UTF-8', 'x-openstack-request-id': 'req-512691f1-418e-4c93-a45c-316a74252afe'}
        Body: {"router": {"status": "ACTIVE", "external_gateway_info": null, "availability_zone_hints": [], "availability_zones": [], "name": "tempest-router-smoke-2110365288", "admin_state_up": true, "tenant_id": "a42de93b44a04ea482247cf33ff2dcfe", "routes": [], "id": "e6c3a17a-fb52-4573-b290-07d02532f8b8"}}
2015-12-18 05:31:58,459 21677 INFO     [tempest_lib.common.rest_client] Request (TestNetworkAdvancedServerOps:test_server_connectivity_pause_unpause): 200 PUT http://10.0.2.15:9696/v2.0/routers/e6c3a17a-fb52-4573-b290-07d02532f8b8 0.800s
2015-12-18 05:31:58,459 21677 DEBUG    [tempest_lib.common.rest_client] Request - Headers: {'Content-Type': 'application/json', 'Accept': 'application/json', 'X-Auth-Token': '&lt;omitted&gt;'}
        Body: {"router": {"external_gateway_info": {"network_id": "d2c10c70-602f-47f9-8223-c648e22a65c8"}, "name": "tempest-router-smoke-2110365288", "admin_state_up": true}}
    Response - Headers: {'status': '200', 'content-length': '558', 'connection': 'close', 'date': 'Fri, 18 Dec 2015 05:31:58 GMT', 'content-type': 'application/json; charset=UTF-8', 'x-openstack-request-id': 'req-acdb1156-a51e-4a0f-b035-6bfe545201e5'}
        Body: {"router": {"status": "ACTIVE", "external_gateway_info": {"network_id": "d2c10c70-602f-47f9-8223-c648e22a65c8", "enable_snat": true, "external_fixed_ips": [{"subnet_id": "cb39c617-0f78-49b8-930f-83dee3aaee0a", "ip_address": "172.24.4.3"}, {"subnet_id": "124723b0-2b5f-4b2d-a88e-9301a1be0408", "ip_address": "2001:db8::4"}]}, "availability_zone_hints": [], "availability_zones": [], "name": "tempest-router-smoke-2110365288", "admin_state_up": true, "tenant_id": "a42de93b44a04ea482247cf33ff2dcfe", "routes": [], "id": "e6c3a17a-fb52-4573-b290-07d02532f8b8"}}
2015-12-18 05:31:58,612 21677 INFO     [tempest_lib.common.rest_client] Request (TestNetworkAdvancedServerOps:test_server_connectivity_pause_unpause): 200 GET http://10.0.2.15:9696/v2.0/subnets?tenant_id=a42de93b44a04ea482247cf33ff2dcfe&amp;cidr=10.100.0.0%2F28 0.152s
2015-12-18 05:31:58,613 21677 DEBUG    [tempest_lib.common.rest_client] Request - Headers: {'Content-Type': 'application/json', 'Accept': 'application/json', 'X-Auth-Token': '&lt;omitted&gt;'}
        Body: None
    Response - Headers: {'status': '200', 'content-length': '15', 'content-location': 'http://10.0.2.15:9696/v2.0/subnets?tenant_id=a42de93b44a04ea482247cf33ff2dcfe&amp;cidr=10.100.0.0%2F28', 'connection': 'close', 'date': 'Fri, 18 Dec 2015 05:31:58 GMT', 'content-type': 'application/json; charset=UTF-8', 'x-openstack-request-id': 'req-86b9c18c-bbee-44c9-a9d9-124218f8b6f0'}
        Body: {"subnets": []}
2015-12-18 05:31:58,937 21677 INFO     [tempest_lib.common.rest_client] Request (TestNetworkAdvancedServerOps:test_server_connectivity_pause_unpause): 201 POST http://10.0.2.15:9696/v2.0/subnets 0.324s
2015-12-18 05:31:58,938 21677 DEBUG    [tempest_lib.common.rest_client] Request - Headers: {'Content-Type': 'application/json', 'Accept': 'application/json', 'X-Auth-Token': '&lt;omitted&gt;'}
        Body: {"subnet": {"ip_version": 4, "tenant_id": "a42de93b44a04ea482247cf33ff2dcfe", "cidr": "10.100.0.0/28", "network_id": "feb712e2-9b41-4303-8195-6e9cd8bfe83c", "name": "tempest-subnet-smoke-1832516230"}}
    Response - Headers: {'status': '201', 'content-length': '478', 'connection': 'close', 'date': 'Fri, 18 Dec 2015 05:31:58 GMT', 'content-type': 'application/json; charset=UTF-8', 'x-openstack-request-id': 'req-52544793-de96-4c08-a687-fc59c8b6594a'}
        Body: {"subnet": {"name": "tempest-subnet-smoke-1832516230", "enable_dhcp": true, "network_id": "feb712e2-9b41-4303-8195-6e9cd8bfe83c", "tenant_id": "a42de93b44a04ea482247cf33ff2dcfe", "dns_nameservers": [], "gateway_ip": "10.100.0.1", "ipv6_ra_mode": null, "allocation_pools": [{"start": "10.100.0.2", "end": "10.100.0.14"}], "host_routes": [], "ip_version": 4, "ipv6_address_mode": null, "cidr": "10.100.0.0/28", "id": "6b630c5e-6246-4cf7-bd39-4367db4208b9", "subnetpool_id": null}}
2015-12-18 05:31:59,614 21677 INFO     [tempest_lib.common.rest_client] Request (TestNetworkAdvancedServerOps:test_server_connectivity_pause_unpause): 200 PUT http://10.0.2.15:9696/v2.0/routers/e6c3a17a-fb52-4573-b290-07d02532f8b8/add_router_interface 0.675s
2015-12-18 05:31:59,614 21677 DEBUG    [tempest_lib.common.rest_client] Request - Headers: {'Content-Type': 'application/json', 'Accept': 'application/json', 'X-Auth-Token': '&lt;omitted&gt;'}
        Body: {"subnet_id": "6b630c5e-6246-4cf7-bd39-4367db4208b9"}
    Response - Headers: {'status': '200', 'content-length': '255', 'connection': 'close', 'date': 'Fri, 18 Dec 2015 05:31:59 GMT', 'content-type': 'application/json; charset=UTF-8', 'x-openstack-request-id': 'req-47dd9457-a051-4caa-89ac-adebc3847dcd'}
        Body: {"subnet_id": "6b630c5e-6246-4cf7-bd39-4367db4208b9", "tenant_id": "a42de93b44a04ea482247cf33ff2dcfe", "subnet_ids": ["6b630c5e-6246-4cf7-bd39-4367db4208b9"], "port_id": "ee3e7f37-c8cd-49f2-b1a5-093aeb9fc6b1", "id": "e6c3a17a-fb52-4573-b290-07d02532f8b8"}
2015-12-18 05:31:59,707 21677 INFO     [tempest_lib.common.rest_client] Request (TestNetworkAdvancedServerOps:test_server_connectivity_pause_unpause): 200 POST http://10.0.2.15:5000/v2.0/tokens
2015-12-18 05:31:59,707 21677 DEBUG    [tempest_lib.common.rest_client] Request - Headers: {'Content-Type': 'application/json', 'Accept': 'application/json'}
        Body: &lt;omitted&gt;
    Response - Headers: {'status': '200', 'content-length': '2564', 'vary': 'X-Auth-Token', 'server': 'Apache/2.4.7 (Ubuntu)', 'connection': 'close', 'date': 'Fri, 18 Dec 2015 05:31:59 GMT', 'content-type': 'application/json', 'x-openstack-request-id': 'req-fe2e9b10-1a68-4d28-abd9-b53cdd45fada'}
        Body: {"access": {"token": {"issued_at": "2015-12-18T05:31:59.698678", "expires": "2015-12-18T06:31:59Z", "id": "efa6394d86194771b27fdfe448d8e898", "tenant": {"description": "tempest-TestNetworkAdvancedServerOps-1895543601-desc", "enabled": true, "id": "a42de93b44a04ea482247cf33ff2dcfe", "name": "tempest-TestNetworkAdvancedServerOps-1895543601"}, "audit_ids": ["8M8x-M5PSku5ZUM_WgLRlA"]}, "serviceCatalog": [{"endpoints": [{"adminURL": "http://10.0.2.15:8774/v2.1/a42de93b44a04ea482247cf33ff2dcfe", "region": "RegionOne", "internalURL": "http://10.0.2.15:8774/v2.1/a42de93b44a04ea482247cf33ff2dcfe", "id": "a8cab0b75a4a41ccba42770f3d98fa39", "publicURL": "http://10.0.2.15:8774/v2.1/a42de93b44a04ea482247cf33ff2dcfe"}], "endpoints_links": [], "type": "compute", "name": "nova"}, {"endpoints": [{"adminURL": "http://10.0.2.15:9696/", "region": "RegionOne", "internalURL": "http://10.0.2.15:9696/", "id": "a2396b5ba0ce4547809e4fd52c86488c", "publicURL": "http://10.0.2.15:9696/"}], "endpoints_links": [], "type": "network", "name": "neutron"}, {"endpoints": [{"adminURL": "http://10.0.2.15:9292", "region": "RegionOne", "internalURL": "http://10.0.2.15:9292", "id": "670e399e3bf74b02a1b8cf34114dc876", "publicURL": "http://10.0.2.15:9292"}], "endpoints_links": [], "type": "image", "name": "glance"}, {"endpoints": [{"adminURL": "http://10.0.2.15:8774/v2/a42de93b44a04ea482247cf33ff2dcfe", "region": "RegionOne", "internalURL": "http://10.0.2.15:8774/v2/a42de93b44a04ea482247cf33ff2dcfe", "id": "79dda5f54acc41baa9af16583f55bc4e", "publicURL": "http://10.0.2.15:8774/v2/a42de93b44a04ea482247cf33ff2dcfe"}], "endpoints_links": [], "type": "compute_legacy", "name": "nova_legacy"}, {"endpoints": [{"adminURL": "http://10.0.2.15:8773/", "region": "RegionOne", "internalURL": "http://10.0.2.15:8773/", "id": "68fa3dc823c74f50b9aecec09046c454", "publicURL": "http://10.0.2.15:8773/"}], "endpoints_links": [], "type": "ec2", "name": "ec2"}, {"endpoints": [{"adminURL": "http://10.0.2.15:35357/v2.0", "region": "RegionOne", "internalURL": "http://10.0.2.15:5000/v2.0", "id": "12c70c01aa32499db60da8d4ed497e12", "publicURL": "http://10.0.2.15:5000/v2.0"}], "endpoints_links": [], "type": "identity", "name": "keystone"}], "user": {"username": "tempest-TestNetworkAdvancedServerOps-892147755", "roles_links": [], "id": "a0b86c6b9aea4f1b873076603c619795", "roles": [{"name": "_member_"}, {"name": "Member"}], "name": "tempest-TestNetworkAdvancedServerOps-892147755"}, "metadata": {"is_admin": 0, "roles": ["9fe2ff9ee4384b1894a90878d3e92bab", "28eea590d55041b5b4b8b29b637eeac8"]}}}
2015-12-18 05:31:59,711 21677 DEBUG    [tempest.common.fixed_network] (TestNetworkAdvancedServerOps:test_server_connectivity_pause_unpause) No valid network provided or created, defaulting to fixed_network_name
2015-12-18 05:31:59,991 21677 INFO     [tempest_lib.common.rest_client] Request (TestNetworkAdvancedServerOps:test_server_connectivity_pause_unpause): 200 GET http://10.0.2.15:8774/v2.1/a42de93b44a04ea482247cf33ff2dcfe/os-networks 0.279s
2015-12-18 05:31:59,992 21677 DEBUG    [tempest_lib.common.rest_client] Request - Headers: {'Content-Type': 'application/json', 'Accept': 'application/json', 'X-Auth-Token': '&lt;omitted&gt;'}
        Body: None
    Response - Headers: {'status': '200', 'content-length': '479', 'content-location': 'http://10.0.2.15:8774/v2.1/a42de93b44a04ea482247cf33ff2dcfe/os-networks', 'x-compute-request-id': 'req-9c3870a0-f35b-4a1c-9843-0112e7238c00', 'vary': 'X-OpenStack-Nova-API-Version', 'connection': 'close', 'x-openstack-nova-api-version': '2.1', 'date': 'Fri, 18 Dec 2015 05:31:59 GMT', 'content-type': 'application/json'}
        Body: {"networks": [{"cidr_v6": null, "dns2": null, "dns1": null, "gateway": null, "broadcast": null, "netmask": null, "gateway_v6": null, "cidr": null, "label": "public", "id": "d2c10c70-602f-47f9-8223-c648e22a65c8", "netmask_v6": null}, {"cidr_v6": null, "dns2": null, "dns1": null, "gateway": null, "broadcast": null, "netmask": null, "gateway_v6": null, "cidr": null, "label": "tempest-network-smoke--1216718139", "id": "feb712e2-9b41-4303-8195-6e9cd8bfe83c", "netmask_v6": null}]}
2015-12-18 05:31:59,992 21677 WARNING  [tempest.common.fixed_network] (TestNetworkAdvancedServerOps:test_server_connectivity_pause_unpause) Network with name: private not found
2015-12-18 05:31:59,993 21677 INFO     [tempest.common.fixed_network] (TestNetworkAdvancedServerOps:test_server_connectivity_pause_unpause) Found network {} available for tenant
2015-12-18 05:32:01,479 21677 INFO     [tempest_lib.common.rest_client] Request (TestNetworkAdvancedServerOps:test_server_connectivity_pause_unpause): 202 POST http://10.0.2.15:8774/v2.1/a42de93b44a04ea482247cf33ff2dcfe/servers 1.485s
2015-12-18 05:32:01,479 21677 DEBUG    [tempest_lib.common.rest_client] Request - Headers: {'Content-Type': 'application/json', 'Accept': 'application/json', 'X-Auth-Token': '&lt;omitted&gt;'}
        Body: {"server": {"name": "tempest.common.compute-instance-146355260", "imageRef": "8b5e3e42-2a6e-410c-ae62-748d6bd6b709", "key_name": "tempest-TestNetworkAdvancedServerOps-806937580", "flavorRef": "42", "networks": [{"uuid": "feb712e2-9b41-4303-8195-6e9cd8bfe83c"}], "security_groups": [{"name": "tempest-secgroup-smoke-691839791"}]}}
    Response - Headers: {'status': '202', 'content-length': '461', 'x-compute-request-id': 'req-14510813-f78c-4df4-ad17-78f5a34e6cbe', 'vary': 'X-OpenStack-Nova-API-Version', 'connection': 'close', 'location': 'http://10.0.2.15:8774/v2.1/a42de93b44a04ea482247cf33ff2dcfe/servers/b37788ee-8dc5-4e75-9199-94cb6bb5fde5', 'x-openstack-nova-api-version': '2.1', 'date': 'Fri, 18 Dec 2015 05:32:01 GMT', 'content-type': 'application/json'}
        Body: {"server": {"security_groups": [{"name": "tempest-secgroup-smoke-691839791"}], "OS-DCF:diskConfig": "MANUAL", "id": "b37788ee-8dc5-4e75-9199-94cb6bb5fde5", "links": [{"href": "http://10.0.2.15:8774/v2.1/a42de93b44a04ea482247cf33ff2dcfe/servers/b37788ee-8dc5-4e75-9199-94cb6bb5fde5", "rel": "self"}, {"href": "http://10.0.2.15:8774/a42de93b44a04ea482247cf33ff2dcfe/servers/b37788ee-8dc5-4e75-9199-94cb6bb5fde5", "rel": "bookmark"}], "adminPass": "oRego2QgnFWo"}}
2015-12-18 05:32:01,703 21677 INFO     [tempest_lib.common.rest_client] Request (TestNetworkAdvancedServerOps:test_server_connectivity_pause_unpause): 200 GET http://10.0.2.15:8774/v2.1/a42de93b44a04ea482247cf33ff2dcfe/servers/b37788ee-8dc5-4e75-9199-94cb6bb5fde5 0.221s
2015-12-18 05:32:01,704 21677 DEBUG    [tempest_lib.common.rest_client] Request - Headers: {'Content-Type': 'application/json', 'Accept': 'application/json', 'X-Auth-Token': '&lt;omitted&gt;'}
        Body: None
    Response - Headers: {'status': '200', 'content-length': '1363', 'content-location': 'http://10.0.2.15:8774/v2.1/a42de93b44a04ea482247cf33ff2dcfe/servers/b37788ee-8dc5-4e75-9199-94cb6bb5fde5', 'x-compute-request-id': 'req-8a4d6553-fcc6-46eb-8481-8e86e9eebe7a', 'vary': 'X-OpenStack-Nova-API-Version', 'connection': 'close', 'x-openstack-nova-api-version': '2.1', 'date': 'Fri, 18 Dec 2015 05:32:01 GMT', 'content-type': 'application/json'}
        Body: {"server": {"status": "BUILD", "updated": "2015-12-18T05:32:01Z", "hostId": "", "addresses": {}, "links": [{"href": "http://10.0.2.15:8774/v2.1/a42de93b44a04ea482247cf33ff2dcfe/servers/b37788ee-8dc5-4e75-9199-94cb6bb5fde5", "rel": "self"}, {"href": "http://10.0.2.15:8774/a42de93b44a04ea482247cf33ff2dcfe/servers/b37788ee-8dc5-4e75-9199-94cb6bb5fde5", "rel": "bookmark"}], "key_name": "tempest-TestNetworkAdvancedServerOps-806937580", "image": {"id": "8b5e3e42-2a6e-410c-ae62-748d6bd6b709", "links": [{"href": "http://10.0.2.15:8774/a42de93b44a04ea482247cf33ff2dcfe/images/8b5e3e42-2a6e-410c-ae62-748d6bd6b709", "rel": "bookmark"}]}, "OS-EXT-STS:task_state": "scheduling", "OS-EXT-STS:vm_state": "building", "OS-SRV-USG:launched_at": null, "flavor": {"id": "42", "links": [{"href": "http://10.0.2.15:8774/a42de93b44a04ea482247cf33ff2dcfe/flavors/42", "rel": "bookmark"}]}, "id": "b37788ee-8dc5-4e75-9199-94cb6bb5fde5", "OS-SRV-USG:terminated_at": null, "OS-EXT-AZ:availability_zone": "", "user_id": "a0b86c6b9aea4f1b873076603c619795", "name": "tempest.common.compute-instance-146355260", "created": "2015-12-18T05:32:01Z", "tenant_id": "a42de93b44a04ea482247cf33ff2dcfe", "OS-DCF:diskConfig": "MANUAL", "os-extended-volumes:volumes_attached": [], "accessIPv4": "", "accessIPv6": "", "progress": 0, "OS-EXT-STS:power_state": 0, "config_drive": "", "metadata": {}}}
2015-12-18 05:32:03,081 21677 INFO     [tempest_lib.common.rest_client] Request (TestNetworkAdvancedServerOps:test_server_connectivity_pause_unpause): 200 GET http://10.0.2.15:8774/v2.1/a42de93b44a04ea482247cf33ff2dcfe/servers/b37788ee-8dc5-4e75-9199-94cb6bb5fde5 0.358s
2015-12-18 05:32:03,082 21677 DEBUG    [tempest_lib.common.rest_client] Request - Headers: {'Content-Type': 'application/json', 'Accept': 'application/json', 'X-Auth-Token': '&lt;omitted&gt;'}
        Body: None
    Response - Headers: {'status': '200', 'content-length': '1488', 'content-location': 'http://10.0.2.15:8774/v2.1/a42de93b44a04ea482247cf33ff2dcfe/servers/b37788ee-8dc5-4e75-9199-94cb6bb5fde5', 'x-compute-request-id': 'req-2db2fa5e-97fa-4021-905b-1b269360ff52', 'vary': 'X-OpenStack-Nova-API-Version', 'connection': 'close', 'x-openstack-nova-api-version': '2.1', 'date': 'Fri, 18 Dec 2015 05:32:03 GMT', 'content-type': 'application/json'}
        Body: {"server": {"status": "BUILD", "updated": "2015-12-18T05:32:02Z", "hostId": "070c2ab01e29b86fa349f41a634d26b630acc640802c214c21fbecb8", "addresses": {}, "links": [{"href": "http://10.0.2.15:8774/v2.1/a42de93b44a04ea482247cf33ff2dcfe/servers/b37788ee-8dc5-4e75-9199-94cb6bb5fde5", "rel": "self"}, {"href": "http://10.0.2.15:8774/a42de93b44a04ea482247cf33ff2dcfe/servers/b37788ee-8dc5-4e75-9199-94cb6bb5fde5", "rel": "bookmark"}], "key_name": "tempest-TestNetworkAdvancedServerOps-806937580", "image": {"id": "8b5e3e42-2a6e-410c-ae62-748d6bd6b709", "links": [{"href": "http://10.0.2.15:8774/a42de93b44a04ea482247cf33ff2dcfe/images/8b5e3e42-2a6e-410c-ae62-748d6bd6b709", "rel": "bookmark"}]}, "OS-EXT-STS:task_state": "spawning", "OS-EXT-STS:vm_state": "building", "OS-SRV-USG:launched_at": null, "flavor": {"id": "42", "links": [{"href": "http://10.0.2.15:8774/a42de93b44a04ea482247cf33ff2dcfe/flavors/42", "rel": "bookmark"}]}, "id": "b37788ee-8dc5-4e75-9199-94cb6bb5fde5", "security_groups": [{"name": "tempest-secgroup-smoke-691839791"}], "OS-SRV-USG:terminated_at": null, "OS-EXT-AZ:availability_zone": "nova", "user_id": "a0b86c6b9aea4f1b873076603c619795", "name": "tempest.common.compute-instance-146355260", "created": "2015-12-18T05:32:01Z", "tenant_id": "a42de93b44a04ea482247cf33ff2dcfe", "OS-DCF:diskConfig": "MANUAL", "os-extended-volumes:volumes_attached": [], "accessIPv4": "", "accessIPv6": "", "progress": 0, "OS-EXT-STS:power_state": 0, "config_drive": "", "metadata": {}}}
2015-12-18 05:32:03,090 21677 INFO     [tempest.common.waiters] State transition "BUILD/scheduling" ==&gt; "BUILD/spawning" after 2 second wait
2015-12-18 05:32:04,301 21677 INFO     [tempest_lib.common.rest_client] Request (TestNetworkAdvancedServerOps:test_server_connectivity_pause_unpause): 200 GET http://10.0.2.15:8774/v2.1/a42de93b44a04ea482247cf33ff2dcfe/servers/b37788ee-8dc5-4e75-9199-94cb6bb5fde5 0.209s
2015-12-18 05:32:04,301 21677 DEBUG    [tempest_lib.common.rest_client] Request - Headers: {'Content-Type': 'application/json', 'Accept': 'application/json', 'X-Auth-Token': '&lt;omitted&gt;'}
        Body: None
    Response - Headers: {'status': '200', 'content-length': '1488', 'content-location': 'http://10.0.2.15:8774/v2.1/a42de93b44a04ea482247cf33ff2dcfe/servers/b37788ee-8dc5-4e75-9199-94cb6bb5fde5', 'x-compute-request-id': 'req-5bf91591-83e7-4c9f-b02d-5dc521b84b24', 'vary': 'X-OpenStack-Nova-API-Version', 'connection': 'close', 'x-openstack-nova-api-version': '2.1', 'date': 'Fri, 18 Dec 2015 05:32:04 GMT', 'content-type': 'application/json'}
        Body: {"server": {"status": "BUILD", "updated": "2015-12-18T05:32:02Z", "hostId": "070c2ab01e29b86fa349f41a634d26b630acc640802c214c21fbecb8", "addresses": {}, "links": [{"href": "http://10.0.2.15:8774/v2.1/a42de93b44a04ea482247cf33ff2dcfe/servers/b37788ee-8dc5-4e75-9199-94cb6bb5fde5", "rel": "self"}, {"href": "http://10.0.2.15:8774/a42de93b44a04ea482247cf33ff2dcfe/servers/b37788ee-8dc5-4e75-9199-94cb6bb5fde5", "rel": "bookmark"}], "key_name": "tempest-TestNetworkAdvancedServerOps-806937580", "image": {"id": "8b5e3e42-2a6e-410c-ae62-748d6bd6b709", "links": [{"href": "http://10.0.2.15:8774/a42de93b44a04ea482247cf33ff2dcfe/images/8b5e3e42-2a6e-410c-ae62-748d6bd6b709", "rel": "bookmark"}]}, "OS-EXT-STS:task_state": "spawning", "OS-EXT-STS:vm_state": "building", "OS-SRV-USG:launched_at": null, "flavor": {"id": "42", "links": [{"href": "http://10.0.2.15:8774/a42de93b44a04ea482247cf33ff2dcfe/flavors/42", "rel": "bookmark"}]}, "id": "b37788ee-8dc5-4e75-9199-94cb6bb5fde5", "security_groups": [{"name": "tempest-secgroup-smoke-691839791"}], "OS-SRV-USG:terminated_at": null, "OS-EXT-AZ:availability_zone": "nova", "user_id": "a0b86c6b9aea4f1b873076603c619795", "name": "tempest.common.compute-instance-146355260", "created": "2015-12-18T05:32:01Z", "tenant_id": "a42de93b44a04ea482247cf33ff2dcfe", "OS-DCF:diskConfig": "MANUAL", "os-extended-volumes:volumes_attached": [], "accessIPv4": "", "accessIPv6": "", "progress": 0, "OS-EXT-STS:power_state": 0, "config_drive": "", "metadata": {}}}
2015-12-18 05:32:05,668 21677 INFO     [tempest_lib.common.rest_client] Request (TestNetworkAdvancedServerOps:test_server_connectivity_pause_unpause): 200 GET http://10.0.2.15:8774/v2.1/a42de93b44a04ea482247cf33ff2dcfe/servers/b37788ee-8dc5-4e75-9199-94cb6bb5fde5 0.357s
2015-12-18 05:32:05,669 21677 DEBUG    [tempest_lib.common.rest_client] Request - Headers: {'Content-Type': 'application/json', 'Accept': 'application/json', 'X-Auth-Token': '&lt;omitted&gt;'}
        Body: None
    Response - Headers: {'status': '200', 'content-length': '1488', 'content-location': 'http://10.0.2.15:8774/v2.1/a42de93b44a04ea482247cf33ff2dcfe/servers/b37788ee-8dc5-4e75-9199-94cb6bb5fde5', 'x-compute-request-id': 'req-c595e7c8-7b42-49ef-9745-676615e71766', 'vary': 'X-OpenStack-Nova-API-Version', 'connection': 'close', 'x-openstack-nova-api-version': '2.1', 'date': 'Fri, 18 Dec 2015 05:32:05 GMT', 'content-type': 'application/json'}
        Body: {"server": {"status": "BUILD", "updated": "2015-12-18T05:32:02Z", "hostId": "070c2ab01e29b86fa349f41a634d26b630acc640802c214c21fbecb8", "addresses": {}, "links": [{"href": "http://10.0.2.15:8774/v2.1/a42de93b44a04ea482247cf33ff2dcfe/servers/b37788ee-8dc5-4e75-9199-94cb6bb5fde5", "rel": "self"}, {"href": "http://10.0.2.15:8774/a42de93b44a04ea482247cf33ff2dcfe/servers/b37788ee-8dc5-4e75-9199-94cb6bb5fde5", "rel": "bookmark"}], "key_name": "tempest-TestNetworkAdvancedServerOps-806937580", "image": {"id": "8b5e3e42-2a6e-410c-ae62-748d6bd6b709", "links": [{"href": "http://10.0.2.15:8774/a42de93b44a04ea482247cf33ff2dcfe/images/8b5e3e42-2a6e-410c-ae62-748d6bd6b709", "rel": "bookmark"}]}, "OS-EXT-STS:task_state": "spawning", "OS-EXT-STS:vm_state": "building", "OS-SRV-USG:launched_at": null, "flavor": {"id": "42", "links": [{"href": "http://10.0.2.15:8774/a42de93b44a04ea482247cf33ff2dcfe/flavors/42", "rel": "bookmark"}]}, "id": "b37788ee-8dc5-4e75-9199-94cb6bb5fde5", "security_groups": [{"name": "tempest-secgroup-smoke-691839791"}], "OS-SRV-USG:terminated_at": null, "OS-EXT-AZ:availability_zone": "nova", "user_id": "a0b86c6b9aea4f1b873076603c619795", "name": "tempest.common.compute-instance-146355260", "created": "2015-12-18T05:32:01Z", "tenant_id": "a42de93b44a04ea482247cf33ff2dcfe", "OS-DCF:diskConfig": "MANUAL", "os-extended-volumes:volumes_attached": [], "accessIPv4": "", "accessIPv6": "", "progress": 0, "OS-EXT-STS:power_state": 0, "config_drive": "", "metadata": {}}}
2015-12-18 05:32:06,971 21677 INFO     [tempest_lib.common.rest_client] Request (TestNetworkAdvancedServerOps:test_server_connectivity_pause_unpause): 200 GET http://10.0.2.15:8774/v2.1/a42de93b44a04ea482247cf33ff2dcfe/servers/b37788ee-8dc5-4e75-9199-94cb6bb5fde5 0.292s
2015-12-18 05:32:06,972 21677 DEBUG    [tempest_lib.common.rest_client] Request - Headers: {'Content-Type': 'application/json', 'Accept': 'application/json', 'X-Auth-Token': '&lt;omitted&gt;'}
        Body: None
    Response - Headers: {'status': '200', 'content-length': '1660', 'content-location': 'http://10.0.2.15:8774/v2.1/a42de93b44a04ea482247cf33ff2dcfe/servers/b37788ee-8dc5-4e75-9199-94cb6bb5fde5', 'x-compute-request-id': 'req-c1f452e8-7fbd-4da5-8594-da20c623fab0', 'vary': 'X-OpenStack-Nova-API-Version', 'connection': 'close', 'x-openstack-nova-api-version': '2.1', 'date': 'Fri, 18 Dec 2015 05:32:06 GMT', 'content-type': 'application/json'}
        Body: {"server": {"status": "ACTIVE", "updated": "2015-12-18T05:32:05Z", "hostId": "070c2ab01e29b86fa349f41a634d26b630acc640802c214c21fbecb8", "addresses": {"tempest-network-smoke--1216718139": [{"OS-EXT-IPS-MAC:mac_addr": "fa:16:3e:f8:0b:1b", "version": 4, "addr": "10.100.0.3", "OS-EXT-IPS:type": "fixed"}]}, "links": [{"href": "http://10.0.2.15:8774/v2.1/a42de93b44a04ea482247cf33ff2dcfe/servers/b37788ee-8dc5-4e75-9199-94cb6bb5fde5", "rel": "self"}, {"href": "http://10.0.2.15:8774/a42de93b44a04ea482247cf33ff2dcfe/servers/b37788ee-8dc5-4e75-9199-94cb6bb5fde5", "rel": "bookmark"}], "key_name": "tempest-TestNetworkAdvancedServerOps-806937580", "image": {"id": "8b5e3e42-2a6e-410c-ae62-748d6bd6b709", "links": [{"href": "http://10.0.2.15:8774/a42de93b44a04ea482247cf33ff2dcfe/images/8b5e3e42-2a6e-410c-ae62-748d6bd6b709", "rel": "bookmark"}]}, "OS-EXT-STS:task_state": null, "OS-EXT-STS:vm_state": "active", "OS-SRV-USG:launched_at": "2015-12-18T05:32:05.000000", "flavor": {"id": "42", "links": [{"href": "http://10.0.2.15:8774/a42de93b44a04ea482247cf33ff2dcfe/flavors/42", "rel": "bookmark"}]}, "id": "b37788ee-8dc5-4e75-9199-94cb6bb5fde5", "security_groups": [{"name": "tempest-secgroup-smoke-691839791"}], "OS-SRV-USG:terminated_at": null, "OS-EXT-AZ:availability_zone": "nova", "user_id": "a0b86c6b9aea4f1b873076603c619795", "name": "tempest.common.compute-instance-146355260", "created": "2015-12-18T05:32:01Z", "tenant_id": "a42de93b44a04ea482247cf33ff2dcfe", "OS-DCF:diskConfig": "MANUAL", "os-extended-volumes:volumes_attached": [], "accessIPv4": "", "accessIPv6": "", "progress": 0, "OS-EXT-STS:power_state": 1, "config_drive": "True", "metadata": {}}}
2015-12-18 05:32:06,981 21677 INFO     [tempest.common.waiters] State transition "BUILD/spawning" ==&gt; "ACTIVE/None" after 5 second wait
2015-12-18 05:32:07,177 21677 INFO     [tempest_lib.common.rest_client] Request (TestNetworkAdvancedServerOps:test_server_connectivity_pause_unpause): 200 GET http://10.0.2.15:8774/v2.1/a42de93b44a04ea482247cf33ff2dcfe/servers/b37788ee-8dc5-4e75-9199-94cb6bb5fde5 0.196s
2015-12-18 05:32:07,177 21677 DEBUG    [tempest_lib.common.rest_client] Request - Headers: {'Content-Type': 'application/json', 'Accept': 'application/json', 'X-Auth-Token': '&lt;omitted&gt;'}
        Body: None
    Response - Headers: {'status': '200', 'content-length': '1660', 'content-location': 'http://10.0.2.15:8774/v2.1/a42de93b44a04ea482247cf33ff2dcfe/servers/b37788ee-8dc5-4e75-9199-94cb6bb5fde5', 'x-compute-request-id': 'req-0dfc6533-c12d-4057-888c-41186e392a46', 'vary': 'X-OpenStack-Nova-API-Version', 'connection': 'close', 'x-openstack-nova-api-version': '2.1', 'date': 'Fri, 18 Dec 2015 05:32:07 GMT', 'content-type': 'application/json'}
        Body: {"server": {"status": "ACTIVE", "updated": "2015-12-18T05:32:05Z", "hostId": "070c2ab01e29b86fa349f41a634d26b630acc640802c214c21fbecb8", "addresses": {"tempest-network-smoke--1216718139": [{"OS-EXT-IPS-MAC:mac_addr": "fa:16:3e:f8:0b:1b", "version": 4, "addr": "10.100.0.3", "OS-EXT-IPS:type": "fixed"}]}, "links": [{"href": "http://10.0.2.15:8774/v2.1/a42de93b44a04ea482247cf33ff2dcfe/servers/b37788ee-8dc5-4e75-9199-94cb6bb5fde5", "rel": "self"}, {"href": "http://10.0.2.15:8774/a42de93b44a04ea482247cf33ff2dcfe/servers/b37788ee-8dc5-4e75-9199-94cb6bb5fde5", "rel": "bookmark"}], "key_name": "tempest-TestNetworkAdvancedServerOps-806937580", "image": {"id": "8b5e3e42-2a6e-410c-ae62-748d6bd6b709", "links": [{"href": "http://10.0.2.15:8774/a42de93b44a04ea482247cf33ff2dcfe/images/8b5e3e42-2a6e-410c-ae62-748d6bd6b709", "rel": "bookmark"}]}, "OS-EXT-STS:task_state": null, "OS-EXT-STS:vm_state": "active", "OS-SRV-USG:launched_at": "2015-12-18T05:32:05.000000", "flavor": {"id": "42", "links": [{"href": "http://10.0.2.15:8774/a42de93b44a04ea482247cf33ff2dcfe/flavors/42", "rel": "bookmark"}]}, "id": "b37788ee-8dc5-4e75-9199-94cb6bb5fde5", "security_groups": [{"name": "tempest-secgroup-smoke-691839791"}], "OS-SRV-USG:terminated_at": null, "OS-EXT-AZ:availability_zone": "nova", "user_id": "a0b86c6b9aea4f1b873076603c619795", "name": "tempest.common.compute-instance-146355260", "created": "2015-12-18T05:32:01Z", "tenant_id": "a42de93b44a04ea482247cf33ff2dcfe", "OS-DCF:diskConfig": "MANUAL", "os-extended-volumes:volumes_attached": [], "accessIPv4": "", "accessIPv6": "", "progress": 0, "OS-EXT-STS:power_state": 1, "config_drive": "True", "metadata": {}}}
2015-12-18 05:32:07,216 21677 INFO     [tempest_lib.common.rest_client] Request (TestNetworkAdvancedServerOps:test_server_connectivity_pause_unpause): 200 GET http://10.0.2.15:9696/v2.0/ports?status=ACTIVE&amp;fixed_ip=None&amp;device_id=b37788ee-8dc5-4e75-9199-94cb6bb5fde5 0.029s
2015-12-18 05:32:07,216 21677 DEBUG    [tempest_lib.common.rest_client] Request - Headers: {'Content-Type': 'application/json', 'Accept': 'application/json', 'X-Auth-Token': '&lt;omitted&gt;'}
        Body: None
    Response - Headers: {'status': '200', 'content-length': '895', 'content-location': 'http://10.0.2.15:9696/v2.0/ports?status=ACTIVE&amp;fixed_ip=None&amp;device_id=b37788ee-8dc5-4e75-9199-94cb6bb5fde5', 'connection': 'close', 'date': 'Fri, 18 Dec 2015 05:32:07 GMT', 'content-type': 'application/json; charset=UTF-8', 'x-openstack-request-id': 'req-dc1f9652-ad69-446e-bb5c-114ec4a2ea5d'}
        Body: {"ports": [{"status": "ACTIVE", "binding:host_id": "vagrant-ubuntu-trusty-64", "allowed_address_pairs": [], "extra_dhcp_opts": [], "dns_assignment": [{"hostname": "host-10-100-0-3", "ip_address": "10.100.0.3", "fqdn": "host-10-100-0-3.openstacklocal."}], "device_owner": "compute:None", "port_security_enabled": true, "binding:profile": {}, "fixed_ips": [{"subnet_id": "6b630c5e-6246-4cf7-bd39-4367db4208b9", "ip_address": "10.100.0.3"}], "id": "08f3c4a4-a967-42e1-b405-65985355744e", "security_groups": ["b65ca85a-a2b8-4ba6-a0a7-58ad99ce9210"], "device_id": "b37788ee-8dc5-4e75-9199-94cb6bb5fde5", "name": "", "admin_state_up": true, "network_id": "feb712e2-9b41-4303-8195-6e9cd8bfe83c", "dns_name": "", "binding:vif_details": {"port_filter": true}, "binding:vnic_type": "normal", "binding:vif_type": "ovs", "tenant_id": "a42de93b44a04ea482247cf33ff2dcfe", "mac_address": "fa:16:3e:f8:0b:1b"}]}
2015-12-18 05:32:07,714 21677 INFO     [tempest_lib.common.rest_client] Request (TestNetworkAdvancedServerOps:test_server_connectivity_pause_unpause): 201 POST http://10.0.2.15:9696/v2.0/floatingips 0.497s
2015-12-18 05:32:07,714 21677 DEBUG    [tempest_lib.common.rest_client] Request - Headers: {'Content-Type': 'application/json', 'Accept': 'application/json', 'X-Auth-Token': '&lt;omitted&gt;'}
        Body: {"floatingip": {"floating_network_id": "d2c10c70-602f-47f9-8223-c648e22a65c8", "tenant_id": "a42de93b44a04ea482247cf33ff2dcfe", "fixed_ip_address": "10.100.0.3", "port_id": "08f3c4a4-a967-42e1-b405-65985355744e"}}
    Response - Headers: {'status': '201', 'content-length': '367', 'connection': 'close', 'date': 'Fri, 18 Dec 2015 05:32:07 GMT', 'content-type': 'application/json; charset=UTF-8', 'x-openstack-request-id': 'req-7fed9d46-3e28-417f-a441-0132fac76de7'}
        Body: {"floatingip": {"floating_network_id": "d2c10c70-602f-47f9-8223-c648e22a65c8", "router_id": "e6c3a17a-fb52-4573-b290-07d02532f8b8", "fixed_ip_address": "10.100.0.3", "floating_ip_address": "172.24.4.4", "tenant_id": "a42de93b44a04ea482247cf33ff2dcfe", "status": "DOWN", "port_id": "08f3c4a4-a967-42e1-b405-65985355744e", "id": "945ff499-7666-40f9-a51f-d54e650d24fb"}}
2015-12-18 05:32:07,912 21677 INFO     [tempest_lib.common.rest_client] Request (TestNetworkAdvancedServerOps:test_server_connectivity_pause_unpause): 200 GET http://10.0.2.15:8774/v2.1/a42de93b44a04ea482247cf33ff2dcfe/servers/b37788ee-8dc5-4e75-9199-94cb6bb5fde5 0.197s
2015-12-18 05:32:07,913 21677 DEBUG    [tempest_lib.common.rest_client] Request - Headers: {'Content-Type': 'application/json', 'Accept': 'application/json', 'X-Auth-Token': '&lt;omitted&gt;'}
        Body: None
    Response - Headers: {'status': '200', 'content-length': '1660', 'content-location': 'http://10.0.2.15:8774/v2.1/a42de93b44a04ea482247cf33ff2dcfe/servers/b37788ee-8dc5-4e75-9199-94cb6bb5fde5', 'x-compute-request-id': 'req-f9e018e2-3983-463c-93bc-abf5c48af89d', 'vary': 'X-OpenStack-Nova-API-Version', 'connection': 'close', 'x-openstack-nova-api-version': '2.1', 'date': 'Fri, 18 Dec 2015 05:32:07 GMT', 'content-type': 'application/json'}
        Body: {"server": {"status": "ACTIVE", "updated": "2015-12-18T05:32:05Z", "hostId": "070c2ab01e29b86fa349f41a634d26b630acc640802c214c21fbecb8", "addresses": {"tempest-network-smoke--1216718139": [{"OS-EXT-IPS-MAC:mac_addr": "fa:16:3e:f8:0b:1b", "version": 4, "addr": "10.100.0.3", "OS-EXT-IPS:type": "fixed"}]}, "links": [{"href": "http://10.0.2.15:8774/v2.1/a42de93b44a04ea482247cf33ff2dcfe/servers/b37788ee-8dc5-4e75-9199-94cb6bb5fde5", "rel": "self"}, {"href": "http://10.0.2.15:8774/a42de93b44a04ea482247cf33ff2dcfe/servers/b37788ee-8dc5-4e75-9199-94cb6bb5fde5", "rel": "bookmark"}], "key_name": "tempest-TestNetworkAdvancedServerOps-806937580", "image": {"id": "8b5e3e42-2a6e-410c-ae62-748d6bd6b709", "links": [{"href": "http://10.0.2.15:8774/a42de93b44a04ea482247cf33ff2dcfe/images/8b5e3e42-2a6e-410c-ae62-748d6bd6b709", "rel": "bookmark"}]}, "OS-EXT-STS:task_state": null, "OS-EXT-STS:vm_state": "active", "OS-SRV-USG:launched_at": "2015-12-18T05:32:05.000000", "flavor": {"id": "42", "links": [{"href": "http://10.0.2.15:8774/a42de93b44a04ea482247cf33ff2dcfe/flavors/42", "rel": "bookmark"}]}, "id": "b37788ee-8dc5-4e75-9199-94cb6bb5fde5", "security_groups": [{"name": "tempest-secgroup-smoke-691839791"}], "OS-SRV-USG:terminated_at": null, "OS-EXT-AZ:availability_zone": "nova", "user_id": "a0b86c6b9aea4f1b873076603c619795", "name": "tempest.common.compute-instance-146355260", "created": "2015-12-18T05:32:01Z", "tenant_id": "a42de93b44a04ea482247cf33ff2dcfe", "OS-DCF:diskConfig": "MANUAL", "os-extended-volumes:volumes_attached": [], "accessIPv4": "", "accessIPv6": "", "progress": 0, "OS-EXT-STS:power_state": 1, "config_drive": "True", "metadata": {}}}
2015-12-18 05:32:07,922 21677 INFO     [tempest.scenario.manager] Tenant networks not configured to be reachable.
2015-12-18 05:32:07,936 21677 INFO     [tempest_lib.common.rest_client] Request (TestNetworkAdvancedServerOps:test_server_connectivity_pause_unpause): 200 GET http://10.0.2.15:9696/v2.0/floatingips/945ff499-7666-40f9-a51f-d54e650d24fb 0.014s
2015-12-18 05:32:07,937 21677 DEBUG    [tempest_lib.common.rest_client] Request - Headers: {'Content-Type': 'application/json', 'Accept': 'application/json', 'X-Auth-Token': '&lt;omitted&gt;'}
        Body: None
    Response - Headers: {'status': '200', 'content-length': '367', 'content-location': 'http://10.0.2.15:9696/v2.0/floatingips/945ff499-7666-40f9-a51f-d54e650d24fb', 'connection': 'close', 'date': 'Fri, 18 Dec 2015 05:32:07 GMT', 'content-type': 'application/json; charset=UTF-8', 'x-openstack-request-id': 'req-af8f873a-7a93-490f-a4ac-d93b85356d76'}
        Body: {"floatingip": {"floating_network_id": "d2c10c70-602f-47f9-8223-c648e22a65c8", "router_id": "e6c3a17a-fb52-4573-b290-07d02532f8b8", "fixed_ip_address": "10.100.0.3", "floating_ip_address": "172.24.4.4", "tenant_id": "a42de93b44a04ea482247cf33ff2dcfe", "status": "DOWN", "port_id": "08f3c4a4-a967-42e1-b405-65985355744e", "id": "945ff499-7666-40f9-a51f-d54e650d24fb"}}
2015-12-18 05:32:08,951 21677 INFO     [tempest_lib.common.rest_client] Request (TestNetworkAdvancedServerOps:test_server_connectivity_pause_unpause): 200 GET http://10.0.2.15:9696/v2.0/floatingips/945ff499-7666-40f9-a51f-d54e650d24fb 0.012s
2015-12-18 05:32:08,951 21677 DEBUG    [tempest_lib.common.rest_client] Request - Headers: {'Content-Type': 'application/json', 'Accept': 'application/json', 'X-Auth-Token': '&lt;omitted&gt;'}
        Body: None
    Response - Headers: {'status': '200', 'content-length': '369', 'content-location': 'http://10.0.2.15:9696/v2.0/floatingips/945ff499-7666-40f9-a51f-d54e650d24fb', 'connection': 'close', 'date': 'Fri, 18 Dec 2015 05:32:08 GMT', 'content-type': 'application/json; charset=UTF-8', 'x-openstack-request-id': 'req-228ba128-52ef-4671-bad3-1597b999b330'}
        Body: {"floatingip": {"floating_network_id": "d2c10c70-602f-47f9-8223-c648e22a65c8", "router_id": "e6c3a17a-fb52-4573-b290-07d02532f8b8", "fixed_ip_address": "10.100.0.3", "floating_ip_address": "172.24.4.4", "tenant_id": "a42de93b44a04ea482247cf33ff2dcfe", "status": "ACTIVE", "port_id": "08f3c4a4-a967-42e1-b405-65985355744e", "id": "945ff499-7666-40f9-a51f-d54e650d24fb"}}
2015-12-18 05:32:08,952 21677 INFO     [tempest.scenario.manager] FloatingIP: &lt;"FloatingIP" addr="172.24.4.4" id="945ff499-7666-40f9-a51f-d54e650d24fb"&gt; is at status: ACTIVE
2015-12-18 05:32:08,952 21677 DEBUG    [tempest.scenario.manager] checking network connections to IP 172.24.4.4 with user: cirros
2015-12-18 05:32:08,952 21677 DEBUG    [tempest.scenario.manager] TestNetworkAdvancedServerOps:test_server_connectivity_pause_unpause begins to ping 172.24.4.4 in 120 sec and the expected result is reachable
2015-12-18 05:34:10,311 21677 DEBUG    [tempest.scenario.manager] TestNetworkAdvancedServerOps:test_server_connectivity_pause_unpause finishes ping 172.24.4.4 in 120 sec and the ping result is unexpected
2015-12-18 05:34:10,312 21677 ERROR    [tempest.scenario.manager] Public network connectivity check failed
2015-12-18 05:34:10.312 21677 ERROR tempest.scenario.manager Traceback (most recent call last):
2015-12-18 05:34:10.312 21677 ERROR tempest.scenario.manager   File "tempest/scenario/manager.py", line 608, in check_public_network_connectivity
2015-12-18 05:34:10.312 21677 ERROR tempest.scenario.manager     should_connect=should_connect)
2015-12-18 05:34:10.312 21677 ERROR tempest.scenario.manager   File "tempest/scenario/manager.py", line 592, in check_vm_connectivity
2015-12-18 05:34:10.312 21677 ERROR tempest.scenario.manager     msg=msg)
2015-12-18 05:34:10.312 21677 ERROR tempest.scenario.manager   File "/usr/local/lib/python2.7/dist-packages/unittest2/case.py", line 702, in assertTrue
2015-12-18 05:34:10.312 21677 ERROR tempest.scenario.manager     raise self.failureException(msg)
2015-12-18 05:34:10.312 21677 ERROR tempest.scenario.manager AssertionError: False is not true : Timed out waiting for 172.24.4.4 to become reachable
2015-12-18 05:34:10.312 21677 ERROR tempest.scenario.manager 
2015-12-18 05:34:10,526 21677 INFO     [tempest_lib.common.rest_client] Request (TestNetworkAdvancedServerOps:test_server_connectivity_pause_unpause): 200 POST http://10.0.2.15:8774/v2.1/a42de93b44a04ea482247cf33ff2dcfe/servers/b37788ee-8dc5-4e75-9199-94cb6bb5fde5/action 0.209s
2015-12-18 05:34:10,526 21677 DEBUG    [tempest_lib.common.rest_client] Request - Headers: {'Content-Type': 'application/json', 'Accept': 'application/json', 'X-Auth-Token': '&lt;omitted&gt;'}
        Body: {"os-getConsoleOutput": {}}
    Response - Headers: {'status': '200', 'content-length': '17429', 'x-compute-request-id': 'req-f0322096-f168-4d9b-b4f6-48e3a3be1668', 'vary': 'X-OpenStack-Nova-API-Version', 'connection': 'close', 'x-openstack-nova-api-version': '2.1', 'date': 'Fri, 18 Dec 2015 05:34:10 GMT', 'content-type': 'application/json'}
        Body: {"output": "[    0.000000] Initializing cgroup subsys cpuset\n[    0.000000] Initializing cgroup subsys cpu\n[    0.000000] Linux version 3.2.0-80-virtual (buildd@batsu) (gcc version 4.6.3 (Ubuntu/Linaro 4.6.3-1ubuntu5) ) #116-Ubuntu SMP Mon Mar 23 17:28:52 UTC 2015 (Ubuntu 3.2.0-80.116-virtual 3.2.68)\n[    0.000000] Command line: root=/dev/vda console=tty0 console=ttyS0 no_timer_check\n[    0.000000] KERNEL supported cpus:\n[    0.000000]   Intel GenuineIntel\n[    0.000000]   AMD AuthenticAMD\n[    0.000000]   Centaur CentaurHauls\n[    0.000000] BIOS-provided physical RAM map:\n[    0.000000]  BIOS-e820: 0000000000000000 - 000000000009fc00 (usable)\n[    0.000000]  BIOS-e820: 000000000009fc00 - 00000000000a0000 (reserved)\n[    0.000000]  BIOS-e820: 00000000000f0000 - 0000000000100000 (reserved)\n[    0.000000]  BIOS-e820: 0000000000100000 - 0000000003ffe000 (usable)\n[    0.000000]  BIOS-e820: 0000000003ffe000 - 0000000004000000 (reserved)\n[    0.000000]  BIOS-e820: 00000000fffc0000 - 0000000100000000 (reserved)\n[    0.000000] NX (Execute Disable) protection: active\n[    0.000000] SMBIOS 2.4 present.\n[    0.000000] No AGP bridge found\n[    0.000000] last_pfn = 0x3ffe max_arch_pfn = 0x400000000\n[    0.000000] x86 PAT enabled: cpu 0, old 0x7040600070406, new 0x7010600070106\n[    0.000000] found SMP MP-table at [ffff8800000f0b00] f0b00\n[    0.000000] init_memory_mapping: 0000000000000000-0000000003ffe000\n[    0.000000] RAMDISK: 03c5e000 - 03ff0000\n[    0.000000] ACPI: RSDP 00000000000f0950 00014 (v00 BOCHS )\n[    0.000000] ACPI: RSDT 0000000003fffbc1 00034 (v01 BOCHS  BXPCRSDT 00000001 BXPC 00000001)\n[    0.000000] ACPI: FACP 0000000003fff1c0 00074 (v01 BOCHS  BXPCFACP 00000001 BXPC 00000001)\n[    0.000000] ACPI: DSDT 0000000003ffe040 01180 (v01 BOCHS  BXPCDSDT 00000001 BXPC 00000001)\n[    0.000000] ACPI: FACS 0000000003ffe000 00040\n[    0.000000] ACPI: SSDT 0000000003fff234 008DD (v01 BOCHS  BXPCSSDT 00000001 BXPC 00000001)\n[    0.000000] ACPI: APIC 0000000003fffb11 00078 (v01 BOCHS  BXPCAPIC 00000001 BXPC 00000001)\n[    0.000000] ACPI: HPET 0000000003fffb89 00038 (v01 BOCHS  BXPCHPET 00000001 BXPC 00000001)\n[    0.000000] No NUMA configuration found\n[    0.000000] Faking a node at 0000000000000000-0000000003ffe000\n[    0.000000] Initmem setup node 0 0000000000000000-0000000003ffe000\n[    0.000000]   NODE_DATA [0000000003ff6000 - 0000000003ffafff]\n[    0.000000] Zone PFN ranges:\n[    0.000000]   DMA      0x00000010 -&gt; 0x00001000\n[    0.000000]   DMA32    0x00001000 -&gt; 0x00100000\n[    0.000000]   Normal   empty\n[    0.000000] Movable zone start PFN for each node\n[    0.000000] early_node_map[2] active PFN ranges\n[    0.000000]     0: 0x00000010 -&gt; 0x0000009f\n[    0.000000]     0: 0x00000100 -&gt; 0x00003ffe\n[    0.000000] ACPI: PM-Timer IO Port: 0xb008\n[    0.000000] ACPI: LAPIC (acpi_id[0x00] lapic_id[0x00] enabled)\n[    0.000000] ACPI: LAPIC_NMI (acpi_id[0xff] dfl dfl lint[0x1])\n[    0.000000] ACPI: IOAPIC (id[0x00] address[0xfec00000] gsi_base[0])\n[    0.000000] IOAPIC[0]: apic_id 0, version 17, address 0xfec00000, GSI 0-23\n[    0.000000] ACPI: INT_SRC_OVR (bus 0 bus_irq 0 global_irq 2 dfl dfl)\n[    0.000000] ACPI: INT_SRC_OVR (bus 0 bus_irq 5 global_irq 5 high level)\n[    0.000000] ACPI: INT_SRC_OVR (bus 0 bus_irq 9 global_irq 9 high level)\n[    0.000000] ACPI: INT_SRC_OVR (bus 0 bus_irq 10 global_irq 10 high level)\n[    0.000000] ACPI: INT_SRC_OVR (bus 0 bus_irq 11 global_irq 11 high level)\n[    0.000000] Using ACPI (MADT) for SMP configuration information\n[    0.000000] ACPI: HPET id: 0x8086a201 base: 0xfed00000\n[    0.000000] SMP: Allowing 1 CPUs, 0 hotplug CPUs\n[    0.000000] PM: Registered nosave memory: 000000000009f000 - 00000000000a0000\n[    0.000000] PM: Registered nosave memory: 00000000000a0000 - 00000000000f0000\n[    0.000000] PM: Registered nosave memory: 00000000000f0000 - 0000000000100000\n[    0.000000] Allocating PCI resources starting at 4000000 (gap: 4000000:fbfc0000)\n[    0.000000] Booting paravirtualized kernel on bare hardware\n[    0.000000] setup_pe
2015-12-18 05:34:10,529 21677 DEBUG    [tempest.scenario.manager] Console output for b37788ee-8dc5-4e75-9199-94cb6bb5fde5
body=
[    0.000000] Initializing cgroup subsys cpuset
[    0.000000] Initializing cgroup subsys cpu
[    0.000000] Linux version 3.2.0-80-virtual (buildd@batsu) (gcc version 4.6.3 (Ubuntu/Linaro 4.6.3-1ubuntu5) ) #116-Ubuntu SMP Mon Mar 23 17:28:52 UTC 2015 (Ubuntu 3.2.0-80.116-virtual 3.2.68)
[    0.000000] Command line: root=/dev/vda console=tty0 console=ttyS0 no_timer_check
[    0.000000] KERNEL supported cpus:
[    0.000000]   Intel GenuineIntel
[    0.000000]   AMD AuthenticAMD
[    0.000000]   Centaur CentaurHauls
[    0.000000] BIOS-provided physical RAM map:
[    0.000000]  BIOS-e820: 0000000000000000 - 000000000009fc00 (usable)
[    0.000000]  BIOS-e820: 000000000009fc00 - 00000000000a0000 (reserved)
[    0.000000]  BIOS-e820: 00000000000f0000 - 0000000000100000 (reserved)
[    0.000000]  BIOS-e820: 0000000000100000 - 0000000003ffe000 (usable)
[    0.000000]  BIOS-e820: 0000000003ffe000 - 0000000004000000 (reserved)
[    0.000000]  BIOS-e820: 00000000fffc0000 - 0000000100000000 (reserved)
[    0.000000] NX (Execute Disable) protection: active
[    0.000000] SMBIOS 2.4 present.
[    0.000000] No AGP bridge found
[    0.000000] last_pfn = 0x3ffe max_arch_pfn = 0x400000000
[    0.000000] x86 PAT enabled: cpu 0, old 0x7040600070406, new 0x7010600070106
[    0.000000] found SMP MP-table at [ffff8800000f0b00] f0b00
[    0.000000] init_memory_mapping: 0000000000000000-0000000003ffe000
[    0.000000] RAMDISK: 03c5e000 - 03ff0000
[    0.000000] ACPI: RSDP 00000000000f0950 00014 (v00 BOCHS )
[    0.000000] ACPI: RSDT 0000000003fffbc1 00034 (v01 BOCHS  BXPCRSDT 00000001 BXPC 00000001)
[    0.000000] ACPI: FACP 0000000003fff1c0 00074 (v01 BOCHS  BXPCFACP 00000001 BXPC 00000001)
[    0.000000] ACPI: DSDT 0000000003ffe040 01180 (v01 BOCHS  BXPCDSDT 00000001 BXPC 00000001)
[    0.000000] ACPI: FACS 0000000003ffe000 00040
[    0.000000] ACPI: SSDT 0000000003fff234 008DD (v01 BOCHS  BXPCSSDT 00000001 BXPC 00000001)
[    0.000000] ACPI: APIC 0000000003fffb11 00078 (v01 BOCHS  BXPCAPIC 00000001 BXPC 00000001)
[    0.000000] ACPI: HPET 0000000003fffb89 00038 (v01 BOCHS  BXPCHPET 00000001 BXPC 00000001)
[    0.000000] No NUMA configuration found
[    0.000000] Faking a node at 0000000000000000-0000000003ffe000
[    0.000000] Initmem setup node 0 0000000000000000-0000000003ffe000
[    0.000000]   NODE_DATA [0000000003ff6000 - 0000000003ffafff]
[    0.000000] Zone PFN ranges:
[    0.000000]   DMA      0x00000010 -&gt; 0x00001000
[    0.000000]   DMA32    0x00001000 -&gt; 0x00100000
[    0.000000]   Normal   empty
[    0.000000] Movable zone start PFN for each node
[    0.000000] early_node_map[2] active PFN ranges
[    0.000000]     0: 0x00000010 -&gt; 0x0000009f
[    0.000000]     0: 0x00000100 -&gt; 0x00003ffe
[    0.000000] ACPI: PM-Timer IO Port: 0xb008
[    0.000000] ACPI: LAPIC (acpi_id[0x00] lapic_id[0x00] enabled)
[    0.000000] ACPI: LAPIC_NMI (acpi_id[0xff] dfl dfl lint[0x1])
[    0.000000] ACPI: IOAPIC (id[0x00] address[0xfec00000] gsi_base[0])
[    0.000000] IOAPIC[0]: apic_id 0, version 17, address 0xfec00000, GSI 0-23
[    0.000000] ACPI: INT_SRC_OVR (bus 0 bus_irq 0 global_irq 2 dfl dfl)
[    0.000000] ACPI: INT_SRC_OVR (bus 0 bus_irq 5 global_irq 5 high level)
[    0.000000] ACPI: INT_SRC_OVR (bus 0 bus_irq 9 global_irq 9 high level)
[    0.000000] ACPI: INT_SRC_OVR (bus 0 bus_irq 10 global_irq 10 high level)
[    0.000000] ACPI: INT_SRC_OVR (bus 0 bus_irq 11 global_irq 11 high level)
[    0.000000] Using ACPI (MADT) for SMP configuration information
[    0.000000] ACPI: HPET id: 0x8086a201 base: 0xfed00000
[    0.000000] SMP: Allowing 1 CPUs, 0 hotplug CPUs
[    0.000000] PM: Registered nosave memory: 000000000009f000 - 00000000000a0000
[    0.000000] PM: Registered nosave memory: 00000000000a0000 - 00000000000f0000
[    0.000000] PM: Registered nosave memory: 00000000000f0000 - 0000000000100000
[    0.000000] Allocating PCI resources starting at 4000000 (gap: 4000000:fbfc0000)
[    0.000000] Booting paravirtualized kernel on bare hardware
[    0.000000] setup_percpu: NR_CPUS:64 nr_cpumask_bits:64 nr_cpu_ids:1 nr_node_ids:1
[    0.000000] PERCPU: Embedded 27 pages/cpu @ffff880003a00000 s78848 r8192 d23552 u2097152
[    0.000000] Built 1 zonelists in Node order, mobility grouping on.  Total pages: 16008
[    0.000000] Policy zone: DMA32
[    0.000000] Kernel command line: root=/dev/vda console=tty0 console=ttyS0 no_timer_check
[    0.000000] PID hash table entries: 256 (order: -1, 2048 bytes)
[    0.000000] Checking aperture...
[    0.000000] No AGP bridge found
[    0.000000] Memory: 43492k/65528k available (6576k kernel code, 452k absent, 21584k reserved, 6620k data, 928k init)
[    0.000000] SLUB: Genslabs=15, HWalign=64, Order=0-3, MinObjects=0, CPUs=1, Nodes=1
[    0.000000] Hierarchical RCU implementation.
[    0.000000] 	RCU dyntick-idle grace-period acceleration is enabled.
[    0.000000] NR_IRQS:4352 nr_irqs:256 16
[    0.000000] Console: colour VGA+ 80x25
[    0.000000] console [tty0] enabled
[    0.000000] console [ttyS0] enabled
[    0.000000] allocated 1048576 bytes of page_cgroup
[    0.000000] please try 'cgroup_disable=memory' option if you don't want memory cgroups
[    0.000000] Fast TSC calibration failed
[    0.000000] TSC: Unable to calibrate against PIT
[    0.000000] TSC: using HPET reference calibration
[    0.000000] Detected 2294.532 MHz processor.
[    0.028200] Calibrating delay loop (skipped), value calculated using timer frequency.. 4589.06 BogoMIPS (lpj=9178128)
[    0.032842] pid_max: default: 32768 minimum: 301
[    0.041778] Security Framework initialized
[    0.046527] AppArmor: AppArmor initialized
[    0.048161] Yama: becoming mindful.
[    0.054966] Dentry cache hash table entries: 8192 (order: 4, 65536 bytes)
[    0.056512] Inode-cache hash table entries: 4096 (order: 3, 32768 bytes)
[    0.058067] Mount-cache hash table entries: 256
[    0.074509] Initializing cgroup subsys cpuacct
[    0.076144] Initializing cgroup subsys memory
[    0.077464] Initializing cgroup subsys devices
[    0.078167] Initializing cgroup subsys freezer
[    0.078864] Initializing cgroup subsys blkio
[    0.080088] Initializing cgroup subsys perf_event
[    0.084691] mce: CPU supports 10 MCE banks
[    0.088083] SMP alternatives: switching to UP code
[    0.474001] Freeing SMP alternatives: 24k freed
[    0.477115] ACPI: Core revision 20110623
[    0.524427] ftrace: allocating 26610 entries in 105 pages
[    0.559943] ..TIMER: vector=0x30 apic1=0 pin1=2 apic2=-1 pin2=-1
[    0.560161] CPU0: AMD QEMU Virtual CPU version 2.0.0 stepping 03
[    0.564034] Performance Events: Broken PMU hardware detected, using software events only.
[    0.571402] NMI watchdog disabled (cpu0): hardware events not enabled
[    0.572947] Brought up 1 CPUs
[    0.573484] Total of 1 processors activated (4589.06 BogoMIPS).
[    0.597456] devtmpfs: initialized
[    0.628805] EVM: security.selinux
[    0.630084] EVM: security.SMACK64
[    0.631157] EVM: security.capability
[    0.654955] print_constraints: dummy: 
[    0.658554] RTC time:  5:32:09, date: 12/18/15
[    0.662457] NET: Registered protocol family 16
[    0.671052] ACPI: bus type pci registered
[    0.676657] PCI: Using configuration type 1 for base access
[    0.708809] bio: create slab &lt;bio-0&gt; at 0
[    0.716980] ACPI: Added _OSI(Module Device)
[    0.717616] ACPI: Added _OSI(Processor Device)
[    0.718208] ACPI: Added _OSI(3.0 _SCP Extensions)
[    0.718774] ACPI: Added _OSI(Processor Aggregator Device)
[    0.806709] ACPI: Interpreter enabled
[    0.808157] ACPI: (supports S0 S3 S4 S5)
[    0.809945] ACPI: Using IOAPIC for interrupt routing
[    0.894815] ACPI: No dock devices found.
[    0.895484] HEST: Table not found.
[    0.896290] PCI: Using host bridge windows from ACPI; if necessary, use "pci=nocrs" and report a bug
[    0.902767] ACPI: PCI Root Bridge [PCI0] (domain 0000 [bus 00-ff])
[    0.908340] pci_root PNP0A03:00: host bridge window [io  0x0000-0x0cf7]
[    0.909177] pci_root PNP0A03:00: host bridge window [io  0x0d00-0xadff]
[    0.909997] pci_root PNP0A03:00: host bridge window [io  0xae0f-0xaeff]
[    0.911033] pci_root PNP0A03:00: host bridge window [io  0xaf20-0xafdf]
[    0.912111] pci_root PNP0A03:00: host bridge window [io  0xafe4-0xffff]
[    0.912959] pci_root PNP0A03:00: host bridge window [mem 0x000a0000-0x000bffff]
[    0.913868] pci_root PNP0A03:00: host bridge window [mem 0x04000000-0xfebfffff]
[    0.936776] pci 0000:00:01.3: quirk: [io  0xb000-0xb03f] claimed by PIIX4 ACPI
[    0.938006] pci 0000:00:01.3: quirk: [io  0xb100-0xb10f] claimed by PIIX4 SMB
[    1.004453]  pci0000:00: Unable to request _OSC control (_OSC support mask: 0x1e)
[    1.065369] ACPI: PCI Interrupt Link [LNKA] (IRQs 5 *10 11)
[    1.068340] ACPI: PCI Interrupt Link [LNKB] (IRQs 5 *10 11)
[    1.070380] ACPI: PCI Interrupt Link [LNKC] (IRQs 5 10 *11)
[    1.073556] ACPI: PCI Interrupt Link [LNKD] (IRQs 5 10 *11)
[    1.076947] ACPI: PCI Interrupt Link [LNKS] (IRQs *9)
[    1.090651] vgaarb: device added: PCI:0000:00:02.0,decodes=io+mem,owns=io+mem,locks=none
[    1.092192] vgaarb: loaded
[    1.092684] vgaarb: bridge control possible 0000:00:02.0
[    1.097785] i2c-core: driver [aat2870] using legacy suspend method
[    1.098646] i2c-core: driver [aat2870] using legacy resume method
[    1.101363] SCSI subsystem initialized
[    1.106233] usbcore: registered new interface driver usbfs
[    1.109141] usbcore: registered new interface driver hub
[    1.112403] usbcore: registered new device driver usb
[    1.117618] PCI: Using ACPI for IRQ routing
[    1.132960] NetLabel: Initializing
[    1.133819] NetLabel:  domain hash size = 128
[    1.134341] NetLabel:  protocols = UNLABELED CIPSOv4
[    1.137013] NetLabel:  unlabeled traffic allowed by default
[    1.139054] HPET: 3 timers in total, 0 timers will be used for per-cpu timer
[    1.140453] hpet0: at MMIO 0xfed00000, IRQs 2, 8, 0
[    1.141443] hpet0: 3 comparators, 64-bit 100.000000 MHz counter
[    1.154567] Switching to clocksource hpet
[    1.427008] AppArmor: AppArmor Filesystem Enabled
[    1.429226] pnp: PnP ACPI init
[    1.429835] ACPI: bus type pnp registered
[    1.449800] pnp: PnP ACPI: found 9 devices
[    1.450428] ACPI: ACPI bus type pnp unregistered
[    1.517274] NET: Registered protocol family 2
[    1.557949] IP route cache hash table entries: 512 (order: 0, 4096 bytes)
[    1.567243] TCP established hash table entries: 2048 (order: 3, 32768 bytes)
[    1.569659] TCP bind hash table entries: 2048 (order: 3, 32768 bytes)
[    1.571228] TCP: Hash tables configured (established 2048 bind 2048)
[    1.572122] TCP reno registered
[    1.573719] UDP hash table entries: 128 (order: 0, 4096 bytes)
[    1.574881] UDP-Lite hash table entries: 128 (order: 0, 4096 bytes)
[    1.579712] NET: Registered protocol family 1
[    1.581919] pci 0000:00:00.0: Limiting direct PCI/PCI transfers
[    1.583389] pci 0000:00:01.0: PIIX3: Enabling Passive Release
[    1.585518] pci 0000:00:01.0: Activating ISA DMA hang workarounds
[    1.591113] ACPI: PCI Interrupt Link [LNKD] enabled at IRQ 11
[    1.592173] pci 0000:00:01.2: PCI INT D -&gt; Link[LNKD] -&gt; GSI 11 (level, high) -&gt; IRQ 11
[    1.595764] pci 0000:00:01.2: PCI INT D disabled
[    1.621276] Trying to unpack rootfs image as initramfs...
[    1.644184] audit: initializing netlink socket (disabled)
[    1.646813] type=2000 audit(1450416729.644:1): initialized
[    1.950512] HugeTLB registered 2 MB page size, pre-allocated 0 pages
[    2.043107] VFS: Disk quotas dquot_6.5.2
[    2.045303] Dquot-cache hash table entries: 512 (order 0, 4096 bytes)
[    2.062762] fuse init (API version 7.17)
[    2.064263] msgmni has been set to 84
[    2.103221] Block layer SCSI generic (bsg) driver version 0.4 loaded (major 253)
[    2.110209] io scheduler noop registered
[    2.110817] io scheduler deadline registered (default)
[    2.113507] io scheduler cfq registered
[    2.117353] pci_hotplug: PCI Hot Plug PCI Core version: 0.5
[    2.121011] pciehp: PCI Express Hot Plug Controller Driver version: 0.4
[    2.126564] input: Power Button as /devices/LNXSYSTM:00/LNXPWRBN:00/input/input0
[    2.128052] ACPI: Power Button [PWRF]
[    2.183160] ERST: Table is not found!
[    2.183749] GHES: HEST is not enabled!
[    2.191537] ACPI: PCI Interrupt Link [LNKC] enabled at IRQ 10
[    2.193107] virtio-pci 0000:00:03.0: PCI INT A -&gt; Link[LNKC] -&gt; GSI 10 (level, high) -&gt; IRQ 10
[    2.196092] virtio-pci 0000:00:04.0: PCI INT A -&gt; Link[LNKD] -&gt; GSI 11 (level, high) -&gt; IRQ 11
[    2.210646] ACPI: PCI Interrupt Link [LNKA] enabled at IRQ 10
[    2.211333] virtio-pci 0000:00:05.0: PCI INT A -&gt; Link[LNKA] -&gt; GSI 10 (level, high) -&gt; IRQ 10
[    2.223487] Serial: 8250/16550 driver, 32 ports, IRQ sharing enabled
[    2.265318] serial8250: ttyS0 at I/O 0x3f8 (irq = 4) is a 16550A
[    2.359001] serial8250: ttyS1 at I/O 0x2f8 (irq = 3) is a 16550A
[    2.505758] 00:05: ttyS0 at I/O 0x3f8 (irq = 4) is a 16550A
[    2.591955] 00:06: ttyS1 at I/O 0x2f8 (irq = 3) is a 16550A
[    2.605285] Refined TSC clocksource calibration: 2294.523 MHz.
[    2.606091] Switching to clocksource tsc
[    2.641241] Linux agpgart interface v0.103
[    2.714853] brd: module loaded
[    2.743403] loop: module loaded
[    2.794042]  vda: unknown partition table
[    2.845767] scsi0 : ata_piix
[    2.849050] scsi1 : ata_piix
[    2.850403] ata1: PATA max MWDMA2 cmd 0x1f0 ctl 0x3f6 bmdma 0xc0a0 irq 14
[    2.851452] ata2: PATA max MWDMA2 cmd 0x170 ctl 0x376 bmdma 0xc0a8 irq 15
[    2.861433] Fixed MDIO Bus: probed
[    2.862394] tun: Universal TUN/TAP device driver, 1.6
[    2.862984] tun: (C) 1999-2004 Max Krasnyansky &lt;maxk@qualcomm.com&gt;
[    2.878740] PPP generic driver version 2.4.2
[    2.899723] ehci_hcd: USB 2.0 'Enhanced' Host Controller (EHCI) Driver
[    2.901462] ohci_hcd: USB 1.1 'Open' Host Controller (OHCI) Driver
[    2.902438] uhci_hcd: USB Universal Host Controller Interface driver
[    2.903463] uhci_hcd 0000:00:01.2: PCI INT D -&gt; Link[LNKD] -&gt; GSI 11 (level, high) -&gt; IRQ 11
[    2.906747] uhci_hcd 0000:00:01.2: UHCI Host Controller
[    2.921966] uhci_hcd 0000:00:01.2: new USB bus registered, assigned bus number 1
[    2.925191] uhci_hcd 0000:00:01.2: irq 11, io base 0x0000c040
[    2.951445] hub 1-0:1.0: USB hub found
[    2.952853] hub 1-0:1.0: 2 ports detected
[    2.963695] usbcore: registered new interface driver libusual
[    2.975322] i8042: PNP: PS/2 Controller [PNP0303:KBD,PNP0f13:MOU] at 0x60,0x64 irq 1,12
[    2.986912] serio: i8042 KBD port at 0x60,0x64 irq 1
[    2.988150] serio: i8042 AUX port at 0x60,0x64 irq 12
[    3.040085] mousedev: PS/2 mouse device common for all mice
[    3.074915] ata2.01: ATAPI: QEMU DVD-ROM, 2.0.0, max UDMA/100
[    3.097517] input: AT Translated Set 2 keyboard as /devices/platform/i8042/serio0/input/input1
[    3.102777] rtc_cmos 00:01: RTC can wake from S4
[    3.119491] rtc_cmos 00:01: rtc core: registered rtc_cmos as rtc0
[    3.123166] rtc0: alarms up to one day, 114 bytes nvram, hpet irqs
[    3.127579] device-mapper: uevent: version 1.0.3
[    3.142153] ata2.01: configured for MWDMA2
[    3.171266] scsi 1:0:1:0: CD-ROM            QEMU     QEMU DVD-ROM     2.0. PQ: 0 ANSI: 5
[    3.179009] device-mapper: ioctl: 4.22.0-ioctl (2011-10-19) initialised: dm-devel@redhat.com
[    3.181742] cpuidle: using governor ladder
[    3.183008] cpuidle: using governor menu
[    3.183533] EFI Variables Facility v0.08 2004-May-17
[    3.191021] TCP cubic registered
[    3.195257] NET: Registered protocol family 10
[    3.243105] NET: Registered protocol family 17
[    3.245548] Registering the dns_resolver key type
[    3.270288] sr0: scsi3-mmc drive: 4x/4x cd/rw xa/form2 tray
[    3.271886] cdrom: Uniform CD-ROM driver Revision: 3.20
[    3.289322] sr 1:0:1:0: Attached scsi generic sg0 type 5
[    3.357437] registered taskstats version 1
[    3.413790] Freeing initrd memory: 3656k freed
[    3.955241]   Magic number: 11:395:517
[    3.966002] rtc_cmos 00:01: setting system clock to 2015-12-18 05:32:12 UTC (1450416732)
[    3.968881] powernow-k8: Processor cpuid 663 not supported
[    3.975756] BIOS EDD facility v0.16 2004-Jun-25, 0 devices found
[    3.977521] EDD information not available.
[    4.046981] Freeing unused kernel memory: 928k freed
[    4.056027] Write protecting the kernel read-only data: 12288k
[    4.163961] Freeing unused kernel memory: 1596k freed
[    4.230826] Freeing unused kernel memory: 1184k freed

info: initramfs: up at 4.42
modprobe: module virtio_blk not found in modules.dep
modprobe: module virtio_net not found in modules.dep
info: copying initramfs to /dev/vda
info: initramfs loading root from /dev/vda
info: /etc/init.d/rc.sysinit: up at 8.85
info: container: none
Starting logging: OK
modprobe: module virtio_blk not found in modules.dep
modprobe: module virtio_net not found in modules.dep
WARN: /etc/rc3.d/S10-load-modules failed
Initializing random number generator... done.
Starting acpid: OK
cirros-ds 'local' up at 11.35
found datasource (configdrive, local)
Starting network...
udhcpc (v1.20.1) started
Sending discover...
Sending discover...

2015-12-18 05:34:10,897 21677 INFO     [tempest_lib.common.rest_client] Request (TestNetworkAdvancedServerOps:_run_cleanups): 204 DELETE http://10.0.2.15:9696/v2.0/floatingips/945ff499-7666-40f9-a51f-d54e650d24fb 0.362s
2015-12-18 05:34:10,897 21677 DEBUG    [tempest_lib.common.rest_client] Request - Headers: {'Content-Type': 'application/json', 'Accept': 'application/json', 'X-Auth-Token': '&lt;omitted&gt;'}
        Body: None
    Response - Headers: {'date': 'Fri, 18 Dec 2015 05:34:10 GMT', 'status': '204', 'connection': 'close', 'content-length': '0', 'x-openstack-request-id': 'req-b8909955-8ca9-418e-9f11-db7ef951e79c'}
        Body: 
2015-12-18 05:34:11,110 21677 INFO     [tempest_lib.common.rest_client] Request (TestNetworkAdvancedServerOps:_run_cleanups): 204 DELETE http://10.0.2.15:8774/v2.1/a42de93b44a04ea482247cf33ff2dcfe/servers/b37788ee-8dc5-4e75-9199-94cb6bb5fde5 0.212s
2015-12-18 05:34:11,110 21677 DEBUG    [tempest_lib.common.rest_client] Request - Headers: {'Content-Type': 'application/json', 'Accept': 'application/json', 'X-Auth-Token': '&lt;omitted&gt;'}
        Body: None
    Response - Headers: {'status': '204', 'content-length': '0', 'x-compute-request-id': 'req-f184dfff-ead6-4976-9627-4ec1f35a7cac', 'vary': 'X-OpenStack-Nova-API-Version', 'connection': 'close', 'x-openstack-nova-api-version': '2.1', 'date': 'Fri, 18 Dec 2015 05:34:11 GMT', 'content-type': 'application/json'}
        Body: 
2015-12-18 05:34:11,333 21677 INFO     [tempest_lib.common.rest_client] Request (TestNetworkAdvancedServerOps:_run_cleanups): 200 GET http://10.0.2.15:8774/v2.1/a42de93b44a04ea482247cf33ff2dcfe/servers/b37788ee-8dc5-4e75-9199-94cb6bb5fde5 0.222s
2015-12-18 05:34:11,334 21677 DEBUG    [tempest_lib.common.rest_client] Request - Headers: {'Content-Type': 'application/json', 'Accept': 'application/json', 'X-Auth-Token': '&lt;omitted&gt;'}
        Body: None
    Response - Headers: {'status': '200', 'content-length': '1783', 'content-location': 'http://10.0.2.15:8774/v2.1/a42de93b44a04ea482247cf33ff2dcfe/servers/b37788ee-8dc5-4e75-9199-94cb6bb5fde5', 'x-compute-request-id': 'req-1387d7f4-32e6-441b-9f1e-82f90f83272a', 'vary': 'X-OpenStack-Nova-API-Version', 'connection': 'close', 'x-openstack-nova-api-version': '2.1', 'date': 'Fri, 18 Dec 2015 05:34:11 GMT', 'content-type': 'application/json'}
        Body: {"server": {"status": "ACTIVE", "updated": "2015-12-18T05:34:11Z", "hostId": "070c2ab01e29b86fa349f41a634d26b630acc640802c214c21fbecb8", "addresses": {"tempest-network-smoke--1216718139": [{"OS-EXT-IPS-MAC:mac_addr": "fa:16:3e:f8:0b:1b", "version": 4, "addr": "10.100.0.3", "OS-EXT-IPS:type": "fixed"}, {"OS-EXT-IPS-MAC:mac_addr": "fa:16:3e:f8:0b:1b", "version": 4, "addr": "172.24.4.4", "OS-EXT-IPS:type": "floating"}]}, "links": [{"href": "http://10.0.2.15:8774/v2.1/a42de93b44a04ea482247cf33ff2dcfe/servers/b37788ee-8dc5-4e75-9199-94cb6bb5fde5", "rel": "self"}, {"href": "http://10.0.2.15:8774/a42de93b44a04ea482247cf33ff2dcfe/servers/b37788ee-8dc5-4e75-9199-94cb6bb5fde5", "rel": "bookmark"}], "key_name": "tempest-TestNetworkAdvancedServerOps-806937580", "image": {"id": "8b5e3e42-2a6e-410c-ae62-748d6bd6b709", "links": [{"href": "http://10.0.2.15:8774/a42de93b44a04ea482247cf33ff2dcfe/images/8b5e3e42-2a6e-410c-ae62-748d6bd6b709", "rel": "bookmark"}]}, "OS-EXT-STS:task_state": "deleting", "OS-EXT-STS:vm_state": "active", "OS-SRV-USG:launched_at": "2015-12-18T05:32:05.000000", "flavor": {"id": "42", "links": [{"href": "http://10.0.2.15:8774/a42de93b44a04ea482247cf33ff2dcfe/flavors/42", "rel": "bookmark"}]}, "id": "b37788ee-8dc5-4e75-9199-94cb6bb5fde5", "security_groups": [{"name": "tempest-secgroup-smoke-691839791"}], "OS-SRV-USG:terminated_at": null, "OS-EXT-AZ:availability_zone": "nova", "user_id": "a0b86c6b9aea4f1b873076603c619795", "name": "tempest.common.compute-instance-146355260", "created": "2015-12-18T05:32:01Z", "tenant_id": "a42de93b44a04ea482247cf33ff2dcfe", "OS-DCF:diskConfig": "MANUAL", "os-extended-volumes:volumes_attached": [], "accessIPv4": "", "accessIPv6": "", "progress": 0, "OS-EXT-STS:power_state": 1, "config_drive": "True", "metadata": {}}}
2015-12-18 05:34:12,524 21677 INFO     [tempest_lib.common.rest_client] Request (TestNetworkAdvancedServerOps:_run_cleanups): 200 GET http://10.0.2.15:8774/v2.1/a42de93b44a04ea482247cf33ff2dcfe/servers/b37788ee-8dc5-4e75-9199-94cb6bb5fde5 0.175s
2015-12-18 05:34:12,525 21677 DEBUG    [tempest_lib.common.rest_client] Request - Headers: {'Content-Type': 'application/json', 'Accept': 'application/json', 'X-Auth-Token': '&lt;omitted&gt;'}
        Body: None
    Response - Headers: {'status': '200', 'content-length': '1448', 'content-location': 'http://10.0.2.15:8774/v2.1/a42de93b44a04ea482247cf33ff2dcfe/servers/b37788ee-8dc5-4e75-9199-94cb6bb5fde5', 'x-compute-request-id': 'req-5517da94-09b9-4014-8837-a0386668f851', 'vary': 'X-OpenStack-Nova-API-Version', 'connection': 'close', 'x-openstack-nova-api-version': '2.1', 'date': 'Fri, 18 Dec 2015 05:34:12 GMT', 'content-type': 'application/json'}
        Body: {"server": {"status": "ACTIVE", "updated": "2015-12-18T05:34:11Z", "hostId": "070c2ab01e29b86fa349f41a634d26b630acc640802c214c21fbecb8", "addresses": {}, "links": [{"href": "http://10.0.2.15:8774/v2.1/a42de93b44a04ea482247cf33ff2dcfe/servers/b37788ee-8dc5-4e75-9199-94cb6bb5fde5", "rel": "self"}, {"href": "http://10.0.2.15:8774/a42de93b44a04ea482247cf33ff2dcfe/servers/b37788ee-8dc5-4e75-9199-94cb6bb5fde5", "rel": "bookmark"}], "key_name": "tempest-TestNetworkAdvancedServerOps-806937580", "image": {"id": "8b5e3e42-2a6e-410c-ae62-748d6bd6b709", "links": [{"href": "http://10.0.2.15:8774/a42de93b44a04ea482247cf33ff2dcfe/images/8b5e3e42-2a6e-410c-ae62-748d6bd6b709", "rel": "bookmark"}]}, "OS-EXT-STS:task_state": "deleting", "OS-EXT-STS:vm_state": "active", "OS-SRV-USG:launched_at": "2015-12-18T05:32:05.000000", "flavor": {"id": "42", "links": [{"href": "http://10.0.2.15:8774/a42de93b44a04ea482247cf33ff2dcfe/flavors/42", "rel": "bookmark"}]}, "id": "b37788ee-8dc5-4e75-9199-94cb6bb5fde5", "OS-SRV-USG:terminated_at": null, "OS-EXT-AZ:availability_zone": "nova", "user_id": "a0b86c6b9aea4f1b873076603c619795", "name": "tempest.common.compute-instance-146355260", "created": "2015-12-18T05:32:01Z", "tenant_id": "a42de93b44a04ea482247cf33ff2dcfe", "OS-DCF:diskConfig": "MANUAL", "os-extended-volumes:volumes_attached": [], "accessIPv4": "", "accessIPv6": "", "progress": 0, "OS-EXT-STS:power_state": 1, "config_drive": "True", "metadata": {}}}
2015-12-18 05:34:13,622 21677 INFO     [tempest_lib.common.rest_client] Request (TestNetworkAdvancedServerOps:_run_cleanups): 404 GET http://10.0.2.15:8774/v2.1/a42de93b44a04ea482247cf33ff2dcfe/servers/b37788ee-8dc5-4e75-9199-94cb6bb5fde5 0.088s
2015-12-18 05:34:13,623 21677 DEBUG    [tempest_lib.common.rest_client] Request - Headers: {'Content-Type': 'application/json', 'Accept': 'application/json', 'X-Auth-Token': '&lt;omitted&gt;'}
        Body: None
    Response - Headers: {'status': '404', 'content-length': '111', 'x-compute-request-id': 'req-46fbea9c-339f-499a-813d-79912d31e571', 'vary': 'X-OpenStack-Nova-API-Version', 'connection': 'close', 'x-openstack-nova-api-version': '2.1', 'date': 'Fri, 18 Dec 2015 05:34:13 GMT', 'content-type': 'application/json; charset=UTF-8'}
        Body: {"itemNotFound": {"message": "Instance b37788ee-8dc5-4e75-9199-94cb6bb5fde5 could not be found.", "code": 404}}
2015-12-18 05:34:14,127 21677 INFO     [tempest_lib.common.rest_client] Request (TestNetworkAdvancedServerOps:_run_cleanups): 200 PUT http://10.0.2.15:9696/v2.0/routers/e6c3a17a-fb52-4573-b290-07d02532f8b8/remove_router_interface 0.503s
2015-12-18 05:34:14,128 21677 DEBUG    [tempest_lib.common.rest_client] Request - Headers: {'Content-Type': 'application/json', 'Accept': 'application/json', 'X-Auth-Token': '&lt;omitted&gt;'}
        Body: {"subnet_id": "6b630c5e-6246-4cf7-bd39-4367db4208b9"}
    Response - Headers: {'status': '200', 'content-length': '255', 'connection': 'close', 'date': 'Fri, 18 Dec 2015 05:34:14 GMT', 'content-type': 'application/json; charset=UTF-8', 'x-openstack-request-id': 'req-450f77ee-999d-4bb7-8394-9d422a8b2ec8'}
        Body: {"subnet_id": "6b630c5e-6246-4cf7-bd39-4367db4208b9", "tenant_id": "a42de93b44a04ea482247cf33ff2dcfe", "subnet_ids": ["6b630c5e-6246-4cf7-bd39-4367db4208b9"], "port_id": "ee3e7f37-c8cd-49f2-b1a5-093aeb9fc6b1", "id": "e6c3a17a-fb52-4573-b290-07d02532f8b8"}
2015-12-18 05:34:14,722 21677 INFO     [tempest_lib.common.rest_client] Request (TestNetworkAdvancedServerOps:_run_cleanups): 204 DELETE http://10.0.2.15:9696/v2.0/subnets/6b630c5e-6246-4cf7-bd39-4367db4208b9 0.593s
2015-12-18 05:34:14,723 21677 DEBUG    [tempest_lib.common.rest_client] Request - Headers: {'Content-Type': 'application/json', 'Accept': 'application/json', 'X-Auth-Token': '&lt;omitted&gt;'}
        Body: None
    Response - Headers: {'date': 'Fri, 18 Dec 2015 05:34:14 GMT', 'status': '204', 'connection': 'close', 'content-length': '0', 'x-openstack-request-id': 'req-f4bfa588-2811-4f4f-b638-10e9d9f5e908'}
        Body: 
2015-12-18 05:34:14,781 21677 INFO     [tempest_lib.common.rest_client] Request (TestNetworkAdvancedServerOps:_run_cleanups): 200 GET http://10.0.2.15:9696/v2.0/routers/e6c3a17a-fb52-4573-b290-07d02532f8b8 0.057s
2015-12-18 05:34:14,781 21677 DEBUG    [tempest_lib.common.rest_client] Request - Headers: {'Content-Type': 'application/json', 'Accept': 'application/json', 'X-Auth-Token': '&lt;omitted&gt;'}
        Body: None
    Response - Headers: {'status': '200', 'content-length': '564', 'content-location': 'http://10.0.2.15:9696/v2.0/routers/e6c3a17a-fb52-4573-b290-07d02532f8b8', 'connection': 'close', 'date': 'Fri, 18 Dec 2015 05:34:14 GMT', 'content-type': 'application/json; charset=UTF-8', 'x-openstack-request-id': 'req-3ecef011-2d8b-4b94-b8a8-59f4ca23a7e5'}
        Body: {"router": {"status": "ACTIVE", "external_gateway_info": {"network_id": "d2c10c70-602f-47f9-8223-c648e22a65c8", "enable_snat": true, "external_fixed_ips": [{"subnet_id": "cb39c617-0f78-49b8-930f-83dee3aaee0a", "ip_address": "172.24.4.3"}, {"subnet_id": "124723b0-2b5f-4b2d-a88e-9301a1be0408", "ip_address": "2001:db8::4"}]}, "availability_zone_hints": [], "availability_zones": ["nova"], "name": "tempest-router-smoke-2110365288", "admin_state_up": true, "tenant_id": "a42de93b44a04ea482247cf33ff2dcfe", "routes": [], "id": "e6c3a17a-fb52-4573-b290-07d02532f8b8"}}
2015-12-18 05:34:15,198 21677 INFO     [tempest_lib.common.rest_client] Request (TestNetworkAdvancedServerOps:_run_cleanups): 200 PUT http://10.0.2.15:9696/v2.0/routers/e6c3a17a-fb52-4573-b290-07d02532f8b8 0.416s
2015-12-18 05:34:15,198 21677 DEBUG    [tempest_lib.common.rest_client] Request - Headers: {'Content-Type': 'application/json', 'Accept': 'application/json', 'X-Auth-Token': '&lt;omitted&gt;'}
        Body: {"router": {"external_gateway_info": {}, "name": "tempest-router-smoke-2110365288", "admin_state_up": true}}
    Response - Headers: {'status': '200', 'content-length': '302', 'connection': 'close', 'date': 'Fri, 18 Dec 2015 05:34:15 GMT', 'content-type': 'application/json; charset=UTF-8', 'x-openstack-request-id': 'req-2c36ea9b-cd70-4d9e-8390-bc0984c29c68'}
        Body: {"router": {"status": "ACTIVE", "external_gateway_info": null, "availability_zone_hints": [], "availability_zones": ["nova"], "name": "tempest-router-smoke-2110365288", "admin_state_up": true, "tenant_id": "a42de93b44a04ea482247cf33ff2dcfe", "routes": [], "id": "e6c3a17a-fb52-4573-b290-07d02532f8b8"}}
2015-12-18 05:34:15,425 21677 INFO     [tempest_lib.common.rest_client] Request (TestNetworkAdvancedServerOps:_run_cleanups): 204 DELETE http://10.0.2.15:9696/v2.0/routers/e6c3a17a-fb52-4573-b290-07d02532f8b8 0.226s
2015-12-18 05:34:15,426 21677 DEBUG    [tempest_lib.common.rest_client] Request - Headers: {'Content-Type': 'application/json', 'Accept': 'application/json', 'X-Auth-Token': '&lt;omitted&gt;'}
        Body: None
    Response - Headers: {'date': 'Fri, 18 Dec 2015 05:34:15 GMT', 'status': '204', 'connection': 'close', 'content-length': '0', 'x-openstack-request-id': 'req-be00fe32-e307-4dab-aae8-ada109ca8120'}
        Body: 
2015-12-18 05:34:15,664 21677 INFO     [tempest_lib.common.rest_client] Request (TestNetworkAdvancedServerOps:_run_cleanups): 204 DELETE http://10.0.2.15:9696/v2.0/networks/feb712e2-9b41-4303-8195-6e9cd8bfe83c 0.238s
2015-12-18 05:34:15,665 21677 DEBUG    [tempest_lib.common.rest_client] Request - Headers: {'Content-Type': 'application/json', 'Accept': 'application/json', 'X-Auth-Token': '&lt;omitted&gt;'}
        Body: None
    Response - Headers: {'date': 'Fri, 18 Dec 2015 05:34:15 GMT', 'status': '204', 'connection': 'close', 'content-length': '0', 'x-openstack-request-id': 'req-5a6d4b57-c950-4d2f-8659-bb3ed38f4228'}
        Body: 
2015-12-18 05:34:15,719 21677 INFO     [tempest_lib.common.rest_client] Request (TestNetworkAdvancedServerOps:_run_cleanups): 204 DELETE http://10.0.2.15:9696/v2.0/security-group-rules/e56f9e54-cf1c-4232-9832-118774dc5e88 0.054s
2015-12-18 05:34:15,720 21677 DEBUG    [tempest_lib.common.rest_client] Request - Headers: {'Content-Type': 'application/json', 'Accept': 'application/json', 'X-Auth-Token': '&lt;omitted&gt;'}
        Body: None
    Response - Headers: {'date': 'Fri, 18 Dec 2015 05:34:15 GMT', 'status': '204', 'connection': 'close', 'content-length': '0', 'x-openstack-request-id': 'req-abd4711b-99cf-43d2-9e53-56434c21cabd'}
        Body: 
2015-12-18 05:34:15,770 21677 INFO     [tempest_lib.common.rest_client] Request (TestNetworkAdvancedServerOps:_run_cleanups): 204 DELETE http://10.0.2.15:9696/v2.0/security-group-rules/f0815d37-824d-41f2-8c1f-873eddf95f2d 0.049s
2015-12-18 05:34:15,770 21677 DEBUG    [tempest_lib.common.rest_client] Request - Headers: {'Content-Type': 'application/json', 'Accept': 'application/json', 'X-Auth-Token': '&lt;omitted&gt;'}
        Body: None
    Response - Headers: {'date': 'Fri, 18 Dec 2015 05:34:15 GMT', 'status': '204', 'connection': 'close', 'content-length': '0', 'x-openstack-request-id': 'req-8936cd4f-154f-4988-84a4-53b9082958f4'}
        Body: 
2015-12-18 05:34:15,831 21677 INFO     [tempest_lib.common.rest_client] Request (TestNetworkAdvancedServerOps:_run_cleanups): 204 DELETE http://10.0.2.15:9696/v2.0/security-group-rules/cb786294-3b03-43dc-bbca-d9ae90fc2c00 0.060s
2015-12-18 05:34:15,831 21677 DEBUG    [tempest_lib.common.rest_client] Request - Headers: {'Content-Type': 'application/json', 'Accept': 'application/json', 'X-Auth-Token': '&lt;omitted&gt;'}
        Body: None
    Response - Headers: {'date': 'Fri, 18 Dec 2015 05:34:15 GMT', 'status': '204', 'connection': 'close', 'content-length': '0', 'x-openstack-request-id': 'req-2739a60e-75ed-4a6b-999c-58cd02d4ae75'}
        Body: 
2015-12-18 05:34:15,891 21677 INFO     [tempest_lib.common.rest_client] Request (TestNetworkAdvancedServerOps:_run_cleanups): 204 DELETE http://10.0.2.15:9696/v2.0/security-group-rules/580a9fc2-deca-476d-8026-141c76606b44 0.059s
2015-12-18 05:34:15,891 21677 DEBUG    [tempest_lib.common.rest_client] Request - Headers: {'Content-Type': 'application/json', 'Accept': 'application/json', 'X-Auth-Token': '&lt;omitted&gt;'}
        Body: None
    Response - Headers: {'date': 'Fri, 18 Dec 2015 05:34:15 GMT', 'status': '204', 'connection': 'close', 'content-length': '0', 'x-openstack-request-id': 'req-4860655f-6771-4315-abd9-86f2817e326d'}
        Body: 
2015-12-18 05:34:15,949 21677 INFO     [tempest_lib.common.rest_client] Request (TestNetworkAdvancedServerOps:_run_cleanups): 204 DELETE http://10.0.2.15:9696/v2.0/security-group-rules/be2d3d20-7742-4303-b5ef-6e8d61f88f45 0.056s
2015-12-18 05:34:15,949 21677 DEBUG    [tempest_lib.common.rest_client] Request - Headers: {'Content-Type': 'application/json', 'Accept': 'application/json', 'X-Auth-Token': '&lt;omitted&gt;'}
        Body: None
    Response - Headers: {'date': 'Fri, 18 Dec 2015 05:34:15 GMT', 'status': '204', 'connection': 'close', 'content-length': '0', 'x-openstack-request-id': 'req-a87bddc9-12e8-4a5e-9ed3-ab2e7e47368a'}
        Body: 
2015-12-18 05:34:16,014 21677 INFO     [tempest_lib.common.rest_client] Request (TestNetworkAdvancedServerOps:_run_cleanups): 204 DELETE http://10.0.2.15:9696/v2.0/security-group-rules/a895cd36-62fe-4ba7-9a69-0bddcb60eb56 0.064s
2015-12-18 05:34:16,015 21677 DEBUG    [tempest_lib.common.rest_client] Request - Headers: {'Content-Type': 'application/json', 'Accept': 'application/json', 'X-Auth-Token': '&lt;omitted&gt;'}
        Body: None
    Response - Headers: {'date': 'Fri, 18 Dec 2015 05:34:16 GMT', 'status': '204', 'connection': 'close', 'content-length': '0', 'x-openstack-request-id': 'req-2260b1f1-5276-4e87-885d-d76e1e09ac21'}
        Body: 
2015-12-18 05:34:16,122 21677 INFO     [tempest_lib.common.rest_client] Request (TestNetworkAdvancedServerOps:_run_cleanups): 204 DELETE http://10.0.2.15:9696/v2.0/security-groups/b65ca85a-a2b8-4ba6-a0a7-58ad99ce9210 0.105s
2015-12-18 05:34:16,122 21677 DEBUG    [tempest_lib.common.rest_client] Request - Headers: {'Content-Type': 'application/json', 'Accept': 'application/json', 'X-Auth-Token': '&lt;omitted&gt;'}
        Body: None
    Response - Headers: {'date': 'Fri, 18 Dec 2015 05:34:16 GMT', 'status': '204', 'connection': 'close', 'content-length': '0', 'x-openstack-request-id': 'req-0703d896-010f-41bc-92bc-1e088b8e8275'}
        Body: 
2015-12-18 05:34:16,146 21677 INFO     [tempest_lib.common.rest_client] Request (TestNetworkAdvancedServerOps:_run_cleanups): 202 DELETE http://10.0.2.15:8774/v2.1/a42de93b44a04ea482247cf33ff2dcfe/os-keypairs/tempest-TestNetworkAdvancedServerOps-806937580 0.022s
2015-12-18 05:34:16,146 21677 DEBUG    [tempest_lib.common.rest_client] Request - Headers: {'Content-Type': 'application/json', 'Accept': 'application/json', 'X-Auth-Token': '&lt;omitted&gt;'}
        Body: None
    Response - Headers: {'status': '202', 'content-length': '0', 'x-compute-request-id': 'req-46dbf25d-648d-4893-af14-181e7e438c43', 'vary': 'X-OpenStack-Nova-API-Version', 'connection': 'close', 'x-openstack-nova-api-version': '2.1', 'date': 'Fri, 18 Dec 2015 05:34:16 GMT', 'content-type': 'application/json'}
        Body: 
2015-12-18 05:34:16,240 21677 INFO     [tempest_lib.common.rest_client] Request (TestNetworkAdvancedServerOps:_run_cleanups): 404 GET http://10.0.2.15:8774/v2.1/a42de93b44a04ea482247cf33ff2dcfe/servers/b37788ee-8dc5-4e75-9199-94cb6bb5fde5 0.092s
2015-12-18 05:34:16,241 21677 DEBUG    [tempest_lib.common.rest_client] Request - Headers: {'Content-Type': 'application/json', 'Accept': 'application/json', 'X-Auth-Token': '&lt;omitted&gt;'}
        Body: None
