<?xml version="1.0" encoding="UTF-8"?>
<!DOCTYPE html PUBLIC "-//W3C//DTD XHTML 1.0 Strict//EN"
     "http://www.w3.org/TR/xhtml1/DTD/xhtml1-strict.dtd">
<html xmlns="http://www.w3.org/1999/xhtml">
<head>
    <title>Unit Test Report</title>
    <meta name="generator" content="subunit2html 0.1"/>
    <meta http-equiv="Content-Type" content="text/html; charset=UTF-8"/>
    
<style type="text/css" media="screen">
body        { font-family: verdana, arial, helvetica, sans-serif;
    font-size: 80%; }
table       { font-size: 100%; width: 100%;}
pre         { font-size: 80%; }

/* -- heading -------------------------------------------------------------- */
h1 {
        font-size: 16pt;
        color: gray;
}
.heading {
    margin-top: 0ex;
    margin-bottom: 1ex;
}

.heading .attribute {
    margin-top: 1ex;
    margin-bottom: 0;
}

.heading .description {
    margin-top: 4ex;
    margin-bottom: 6ex;
}

/* -- css div popup -------------------------------------------------------- */
a.popup_link {
}

a.popup_link:hover {
    color: red;
}

.popup_window {
    display: none;
    overflow-x: scroll;
    /*border: solid #627173 1px; */
    padding: 10px;
    background-color: #E6E6D6;
    font-family: "Ubuntu Mono", "Lucida Console", "Courier New", monospace;
    text-align: left;
    font-size: 8pt;
}

}
/* -- report --------------------------------------------------------------- */
#show_detail_line {
    margin-top: 3ex;
    margin-bottom: 1ex;
}
#result_table {
    width: 100%;
    border-collapse: collapse;
    border: 1px solid #777;
}
#header_row {
    font-weight: bold;
    color: white;
    background-color: #777;
}
#result_table td {
    border: 1px solid #777;
    padding: 2px;
}
#total_row  { font-weight: bold; }
.passClass  { background-color: #6c6; }
.failClass  { background-color: #c60; }
.errorClass { background-color: #c00; }
.passCase   { color: #6c6; }
.failCase   { color: #c60; font-weight: bold; }
.errorCase  { color: #c00; font-weight: bold; }
.hiddenRow  { display: none; }
.testcase   { margin-left: 2em; }
td.testname {width: 40%}
td.small {width: 40px}

/* -- ending --------------------------------------------------------------- */
#ending {
}

</style>

</head>
<body>
<script language="javascript" type="text/javascript"><!--
output_list = Array();

/* level - 0:Summary; 1:Failed; 2:All */
function showCase(level) {
    trs = document.getElementsByTagName("tr");
    for (var i = 0; i < trs.length; i++) {
        tr = trs[i];
        id = tr.id;
        if (id.substr(0,2) == 'ft') {
            if (level < 1) {
                tr.className = 'hiddenRow';
            }
            else {
                tr.className = '';
            }
        }
        if (id.substr(0,2) == 'pt') {
            if (level > 1) {
                tr.className = '';
            }
            else {
                tr.className = 'hiddenRow';
            }
        }
    }
}


function showClassDetail(cid, count) {
    var id_list = Array(count);
    var toHide = 1;
    for (var i = 0; i < count; i++) {
        tid0 = 't' + cid.substr(1) + '.' + (i+1);
        tid = 'f' + tid0;
        tr = document.getElementById(tid);
        if (!tr) {
            tid = 'p' + tid0;
            tr = document.getElementById(tid);
        }
        id_list[i] = tid;
        if (tr.className) {
            toHide = 0;
        }
    }
    for (var i = 0; i < count; i++) {
        tid = id_list[i];
        if (toHide) {
            document.getElementById('div_'+tid).style.display = 'none'
            document.getElementById(tid).className = 'hiddenRow';
        }
        else {
            document.getElementById(tid).className = '';
        }
    }
}


function showTestDetail(div_id){
    var details_div = document.getElementById(div_id)
    var displayState = details_div.style.display
    // alert(displayState)
    if (displayState != 'block' ) {
        displayState = 'block'
        details_div.style.display = 'block'
    }
    else {
        details_div.style.display = 'none'
    }
}


function html_escape(s) {
    s = s.replace(/&/g,'&amp;');
    s = s.replace(/</g,'&lt;');
    s = s.replace(/>/g,'&gt;');
    return s;
}

/* obsoleted by detail in <div>
function showOutput(id, name) {
    var w = window.open("", //url
                    name,
                    "resizable,scrollbars,status,width=800,height=450");
    d = w.document;
    d.write("<pre>");
    d.write(html_escape(output_list[id]));
    d.write("\n");
    d.write("<a href='javascript:window.close()'>close</a>\n");
    d.write("</pre>\n");
    d.close();
}
*/
--></script>

<div class='heading'>
<h1>Unit Test Report</h1>

<p class='attribute'><strong>Status:</strong> Failure 6</p>

<p class='description'></p>
</div>



<p id='show_detail_line'>Show
<a href='javascript:showCase(0)'>Summary</a>
<a href='javascript:showCase(1)'>Failed</a>
<a href='javascript:showCase(2)'>All</a>
</p>
<table id='result_table'>
<colgroup>
<col align='left' />
<col align='right' />
<col align='right' />
<col align='right' />
<col align='right' />
<col align='right' />
<col align='right' />
<col align='right' />
</colgroup>
<tr id='header_row'>
    <td>Test Group/Test case</td>
    <td>Count</td>
    <td>Pass</td>
    <td>Fail</td>
    <td>Error</td>
    <td>Skip</td>
    <td>View</td>
    <td> </td>
</tr>

<tr class='failClass'>
    <td class="testname">tempest.scenario.test_network_advanced_server_ops.TestNetworkAdvancedServerOps</td>
    <td class="small">6</td>
    <td class="small">0</td>
    <td class="small">6</td>
    <td class="small">0</td>
    <td class="small">0</td>
    <td class="small"><a href="javascript:showClassDetail('c1',6)"
>Detail</a></td>
    <td> </td>
</tr>

<tr id='ft1.1' class='none'>
    <td class='failCase'><div class='testcase'>test_server_connectivity_pause_unpause[compute,id-2b2642db-6568-4b35-b812-eceed3fa20ce,network]</div></td>
    <td colspan='7' align='left'>

    <!--css div popup start-->
    <a class="popup_link" onfocus='this.blur();'
    href="javascript:showTestDetail('div_ft1.1')" >
        fail</a>

    <div id='div_ft1.1' class="popup_window">
        <div style='text-align: right; color:red;cursor:pointer'>
        <a onfocus='this.blur();'
onclick="document.getElementById('div_ft1.1').style.display = 'none' " >
           [x]</a>
        </div>
        <pre>
        
ft1.1: tempest.scenario.test_network_advanced_server_ops.TestNetworkAdvancedServerOps.test_server_connectivity_pause_unpause[compute,id-2b2642db-6568-4b35-b812-eceed3fa20ce,network]_StringException: Empty attachments:
  stderr
  stdout

pythonlogging:'': {{{
2016-01-06 10:15:20,463 5845 INFO     [tempest_lib.common.rest_client] Request (TestNetworkAdvancedServerOps:test_server_connectivity_pause_unpause): 200 POST http://10.0.2.15:8774/v2.1/c4a4a9155c264e9987363aa9ea91c8f2/os-keypairs 0.433s
2016-01-06 10:15:20,464 5845 DEBUG    [tempest_lib.common.rest_client] Request - Headers: {'Content-Type': 'application/json', 'Accept': 'application/json', 'X-Auth-Token': '&lt;omitted&gt;'}
        Body: {"keypair": {"name": "tempest-TestNetworkAdvancedServerOps-1953782063"}}
    Response - Headers: {'status': '200', 'content-length': '2330', 'x-compute-request-id': 'req-c7618ee5-e22d-492f-a62f-dbb2c6635c27', 'vary': 'X-OpenStack-Nova-API-Version', 'connection': 'close', 'x-openstack-nova-api-version': '2.1', 'date': 'Wed, 06 Jan 2016 10:15:20 GMT', 'content-type': 'application/json'}
        Body: {"keypair": {"public_key": "ssh-rsa AAAAB3NzaC1yc2EAAAADAQABAAABAQCzDoZpPnSZLQsz7XPXq0eDahmrtbv4sV+trskumHXQ+wmS9gxc+zzYugBUxm4CmMrwAHGbgmP+6kqXa9Z1S7DJeV/HCm0dx1KZQBoBbPMBLNTXY78X7kXUnfYgs7iT2xRHslZjaI8KowcI6+KUzn6uR8UcaXQFh1bZq6XY5qpBlkVKmYZ7XUnAT5fr7maj8w5jzYEGypkeSdkR/+oI/I4/dotSh6ueHFkTQK8UQePc5ce8CwUS7ni1ZG3PEGjoBF3lzk2955AF6Koa0jVsU0LB6A05Qu28sKHPeLi5M77r/o0WuLt4h3IO1Nb+KbsQ2qwpd29K+4K2U9vGPSjRgJCn Generated-by-Nova", "private_key": "-----BEGIN RSA PRIVATE KEY-----\nMIIEqQIBAAKCAQEAsw6GaT50mS0LM+1z16tHg2oZq7W7+LFfra7JLph10PsJkvYM\nXPs82LoAVMZuApjK8ABxm4Jj/upKl2vWdUuwyXlfxwptHcdSmUAaAWzzASzU12O/\nF+5F1J32ILO4k9sUR7JWY2iPCqMHCOvilM5+rkfFHGl0BYdW2aul2OaqQZZFSpmG\ne11JwE+X6+5mo/MOY82BBsqZHknZEf/qCPyOP3aLUoernhxZE0CvFEHj3OXHvAsF\nEu54tWRtzxBo6ARd5c5NveeQBeiqGtI1bFNCwegNOULtvLChz3i4uTO+6/6NFri7\neIdyDtTW/im7ENqsKXdvSvuCtlPbxj0o0YCQpwIDAQABAoIBAQCsSKOHjDKAV9jZ\no/W8Y+8xQNtmXjx486HN6cllbgiehY0WvGv040AOgBlleG/NS9qnxqWJLZKtah1P\nSNFWlveJQ6GmUB/hcTHGhuj+yieez9YTUMRDcF38T+jMWmCU00zWF4ALskU/xNE2\nAlFHQNCfPCsqRUT/NNOaKRAwfPEAnMbWPUDQYw/2cenYttceGGiOOjGxalsrG2cC\n4JGc6YzPazgueaKsj8Ms0im+kM/V581WtUt+cwj5wpr2v30kHjjVLv8Dx9/Em1Jd\nllU6xVYZexsDOMzBtY2cOBvAVaWr49rlvlPhV5cTOy7wZpBVNqRoxO57YH3FOUKX\nv5mlek2xAoIAgQC2gmQHdyHRK8XDolCFoDEdfMlpZ4WB1nmsVEk2KRRD2tRuYJWF\nv5wEfDtx+MvhXXYRsFM3tBKNywWGanLeIhXA2JkiDzPV70DmXIxPg9LH2eCrPrnv\nyxSarnTJp1SMaNFWBISLOgmM5t6jbar04DhCDysyH7qHjG6zJ4KaYmNZjQKCAIEA\n+yg6299pLJ/M9+GFlgkLmTvFwlYe+9SkzMRwNxaH3UuiFx/pQrFOa76QrkxjCnwH\nE/yGGAGQUbi0k/e7HzUfi8BXS87kbfdVfmpKRWvwLTlEi4RIihWeRYc/zqepuvZv\nWnte8oNIS+vgVbunBQUHWYAvIBuk6U9czOXhE+oVlAMCggCAIHZ25mEJUdRQW+je\nG7aPpegRRz9TnvGQONfRIeISqbMdv/hMADtBvAaA6FfRo+dk3eaYFrtf5XqsI+mB\nPwOfDOs56bX8iVwCFjd1+Zq//i5B6RPCLOXZZ14KhefOgR8PxRYOoVkUY8yY40bZ\ndq7/MrjR/RtpqTyQYCtx7pX7h+0CggCBANDdKt2Q1GE033rBBJu6F/gtmg88GXYp\n54cWUY+uX/xrmneKpSw+UU4O4zjf83lTnXtEhKtQGZmsdheba/TO89X/dVloy9Sb\nXHDNqchDtC+XsWYo8z5KLh36FNkh22fM6tufP12EScpBdYU2kfX9sZf/nrEf7CvO\nQQlwnpY2FA3LAoIAgA2uejr4gZrL9kotLVQWPPTlg0qOLb66XFCYhk/rauwthc31\npyyCIA3EL3uuMK57wu09vmrRFE/tD9ln+yikHecyGeITF8TiGXVOz6IL3AfQRbhR\n8EP0gliBvYH6m4MdCbCjJq4zqle8hyfqUz2N1FPq7DSBchcEBihXUWMGAVdS\n-----END RSA PRIVATE KEY-----\n", "user_id": "f860f9125eb3472d880bfe85b64df458", "name": "tempest-TestNetworkAdvancedServerOps-1953782063", "fingerprint": "16:19:01:85:26:54:7f:7b:c9:05:54:0d:74:98:b0:60"}}
2016-01-06 10:15:20,862 5845 INFO     [tempest_lib.common.rest_client] Request (TestNetworkAdvancedServerOps:test_server_connectivity_pause_unpause): 201 POST http://10.0.2.15:9696/v2.0/security-groups 0.393s
2016-01-06 10:15:20,863 5845 DEBUG    [tempest_lib.common.rest_client] Request - Headers: {'Content-Type': 'application/json', 'Accept': 'application/json', 'X-Auth-Token': '&lt;omitted&gt;'}
        Body: {"security_group": {"tenant_id": "c4a4a9155c264e9987363aa9ea91c8f2", "description": "tempest-secgroup-smoke-1269203180 description", "name": "tempest-secgroup-smoke-1269203180"}}
    Response - Headers: {'status': '201', 'content-length': '888', 'connection': 'close', 'date': 'Wed, 06 Jan 2016 10:15:20 GMT', 'content-type': 'application/json; charset=UTF-8', 'x-openstack-request-id': 'req-efc11d6f-d22a-48e1-b46c-5a90f0276fd9'}
        Body: {"security_group": {"tenant_id": "c4a4a9155c264e9987363aa9ea91c8f2", "description": "tempest-secgroup-smoke-1269203180 description", "id": "b595c677-39fc-4712-a727-a5b329217df3", "security_group_rules": [{"remote_group_id": null, "direction": "egress", "remote_ip_prefix": null, "protocol": null, "ethertype": "IPv4", "tenant_id": "c4a4a9155c264e9987363aa9ea91c8f2", "port_range_max": null, "port_range_min": null, "id": "e811b305-22ad-455c-9647-f132fad50f8b", "security_group_id": "b595c677-39fc-4712-a727-a5b329217df3"}, {"remote_group_id": null, "direction": "egress", "remote_ip_prefix": null, "protocol": null, "ethertype": "IPv6", "tenant_id": "c4a4a9155c264e9987363aa9ea91c8f2", "port_range_max": null, "port_range_min": null, "id": "4b204279-33e5-41cf-81e9-2612958ebdd1", "security_group_id": "b595c677-39fc-4712-a727-a5b329217df3"}], "name": "tempest-secgroup-smoke-1269203180"}}
2016-01-06 10:15:20,996 5845 INFO     [tempest_lib.common.rest_client] Request (TestNetworkAdvancedServerOps:test_server_connectivity_pause_unpause): 201 POST http://10.0.2.15:9696/v2.0/security-group-rules 0.131s
2016-01-06 10:15:20,997 5845 DEBUG    [tempest_lib.common.rest_client] Request - Headers: {'Content-Type': 'application/json', 'Accept': 'application/json', 'X-Auth-Token': '&lt;omitted&gt;'}
        Body: {"security_group_rule": {"direction": "ingress", "protocol": "tcp", "tenant_id": "c4a4a9155c264e9987363aa9ea91c8f2", "port_range_max": 22, "security_group_id": "b595c677-39fc-4712-a727-a5b329217df3", "port_range_min": 22}}
    Response - Headers: {'status': '201', 'content-length': '340', 'connection': 'close', 'date': 'Wed, 06 Jan 2016 10:15:20 GMT', 'content-type': 'application/json; charset=UTF-8', 'x-openstack-request-id': 'req-d7a8eefd-3e5d-4d19-90dc-e7cd10324df0'}
        Body: {"security_group_rule": {"remote_group_id": null, "direction": "ingress", "remote_ip_prefix": null, "protocol": "tcp", "ethertype": "IPv4", "tenant_id": "c4a4a9155c264e9987363aa9ea91c8f2", "port_range_max": 22, "port_range_min": 22, "id": "863ee13d-3964-4fb5-b3e6-eaec949b2b1b", "security_group_id": "b595c677-39fc-4712-a727-a5b329217df3"}}
2016-01-06 10:15:21,153 5845 INFO     [tempest_lib.common.rest_client] Request (TestNetworkAdvancedServerOps:test_server_connectivity_pause_unpause): 201 POST http://10.0.2.15:9696/v2.0/security-group-rules 0.156s
2016-01-06 10:15:21,154 5845 DEBUG    [tempest_lib.common.rest_client] Request - Headers: {'Content-Type': 'application/json', 'Accept': 'application/json', 'X-Auth-Token': '&lt;omitted&gt;'}
        Body: {"security_group_rule": {"direction": "egress", "protocol": "tcp", "tenant_id": "c4a4a9155c264e9987363aa9ea91c8f2", "port_range_max": 22, "security_group_id": "b595c677-39fc-4712-a727-a5b329217df3", "port_range_min": 22}}
    Response - Headers: {'status': '201', 'content-length': '339', 'connection': 'close', 'date': 'Wed, 06 Jan 2016 10:15:21 GMT', 'content-type': 'application/json; charset=UTF-8', 'x-openstack-request-id': 'req-94cae0c1-8c64-491f-a136-c4485eee492d'}
        Body: {"security_group_rule": {"remote_group_id": null, "direction": "egress", "remote_ip_prefix": null, "protocol": "tcp", "ethertype": "IPv4", "tenant_id": "c4a4a9155c264e9987363aa9ea91c8f2", "port_range_max": 22, "port_range_min": 22, "id": "15f05469-2265-4467-b0f3-170e0e6d0116", "security_group_id": "b595c677-39fc-4712-a727-a5b329217df3"}}
2016-01-06 10:15:21,274 5845 INFO     [tempest_lib.common.rest_client] Request (TestNetworkAdvancedServerOps:test_server_connectivity_pause_unpause): 201 POST http://10.0.2.15:9696/v2.0/security-group-rules 0.119s
2016-01-06 10:15:21,275 5845 DEBUG    [tempest_lib.common.rest_client] Request - Headers: {'Content-Type': 'application/json', 'Accept': 'application/json', 'X-Auth-Token': '&lt;omitted&gt;'}
        Body: {"security_group_rule": {"tenant_id": "c4a4a9155c264e9987363aa9ea91c8f2", "direction": "ingress", "protocol": "icmp", "security_group_id": "b595c677-39fc-4712-a727-a5b329217df3"}}
    Response - Headers: {'status': '201', 'content-length': '345', 'connection': 'close', 'date': 'Wed, 06 Jan 2016 10:15:21 GMT', 'content-type': 'application/json; charset=UTF-8', 'x-openstack-request-id': 'req-360a74ee-c782-4836-a15c-63cadbb8d0ee'}
        Body: {"security_group_rule": {"remote_group_id": null, "direction": "ingress", "remote_ip_prefix": null, "protocol": "icmp", "ethertype": "IPv4", "tenant_id": "c4a4a9155c264e9987363aa9ea91c8f2", "port_range_max": null, "port_range_min": null, "id": "29151757-4826-4e67-8a0d-3acafa69a292", "security_group_id": "b595c677-39fc-4712-a727-a5b329217df3"}}
2016-01-06 10:15:21,381 5845 INFO     [tempest_lib.common.rest_client] Request (TestNetworkAdvancedServerOps:test_server_connectivity_pause_unpause): 201 POST http://10.0.2.15:9696/v2.0/security-group-rules 0.105s
2016-01-06 10:15:21,381 5845 DEBUG    [tempest_lib.common.rest_client] Request - Headers: {'Content-Type': 'application/json', 'Accept': 'application/json', 'X-Auth-Token': '&lt;omitted&gt;'}
        Body: {"security_group_rule": {"tenant_id": "c4a4a9155c264e9987363aa9ea91c8f2", "direction": "egress", "protocol": "icmp", "security_group_id": "b595c677-39fc-4712-a727-a5b329217df3"}}
    Response - Headers: {'status': '201', 'content-length': '344', 'connection': 'close', 'date': 'Wed, 06 Jan 2016 10:15:21 GMT', 'content-type': 'application/json; charset=UTF-8', 'x-openstack-request-id': 'req-dc53149c-4923-42a8-9054-1b78b64c18f7'}
        Body: {"security_group_rule": {"remote_group_id": null, "direction": "egress", "remote_ip_prefix": null, "protocol": "icmp", "ethertype": "IPv4", "tenant_id": "c4a4a9155c264e9987363aa9ea91c8f2", "port_range_max": null, "port_range_min": null, "id": "e7e09116-0986-4284-a188-1a37d146da74", "security_group_id": "b595c677-39fc-4712-a727-a5b329217df3"}}
2016-01-06 10:15:21,481 5845 INFO     [tempest_lib.common.rest_client] Request (TestNetworkAdvancedServerOps:test_server_connectivity_pause_unpause): 201 POST http://10.0.2.15:9696/v2.0/security-group-rules 0.100s
2016-01-06 10:15:21,482 5845 DEBUG    [tempest_lib.common.rest_client] Request - Headers: {'Content-Type': 'application/json', 'Accept': 'application/json', 'X-Auth-Token': '&lt;omitted&gt;'}
        Body: {"security_group_rule": {"tenant_id": "c4a4a9155c264e9987363aa9ea91c8f2", "direction": "ingress", "security_group_id": "b595c677-39fc-4712-a727-a5b329217df3", "protocol": "icmp", "ethertype": "IPv6"}}
    Response - Headers: {'status': '201', 'content-length': '345', 'connection': 'close', 'date': 'Wed, 06 Jan 2016 10:15:21 GMT', 'content-type': 'application/json; charset=UTF-8', 'x-openstack-request-id': 'req-e391c484-d925-4151-a405-58f617a6b28b'}
        Body: {"security_group_rule": {"remote_group_id": null, "direction": "ingress", "remote_ip_prefix": null, "protocol": "icmp", "ethertype": "IPv6", "tenant_id": "c4a4a9155c264e9987363aa9ea91c8f2", "port_range_max": null, "port_range_min": null, "id": "8faf22a7-fc19-4936-b5f7-85722b227336", "security_group_id": "b595c677-39fc-4712-a727-a5b329217df3"}}
2016-01-06 10:15:21,596 5845 INFO     [tempest_lib.common.rest_client] Request (TestNetworkAdvancedServerOps:test_server_connectivity_pause_unpause): 201 POST http://10.0.2.15:9696/v2.0/security-group-rules 0.112s
2016-01-06 10:15:21,597 5845 DEBUG    [tempest_lib.common.rest_client] Request - Headers: {'Content-Type': 'application/json', 'Accept': 'application/json', 'X-Auth-Token': '&lt;omitted&gt;'}
        Body: {"security_group_rule": {"tenant_id": "c4a4a9155c264e9987363aa9ea91c8f2", "direction": "egress", "security_group_id": "b595c677-39fc-4712-a727-a5b329217df3", "protocol": "icmp", "ethertype": "IPv6"}}
    Response - Headers: {'status': '201', 'content-length': '344', 'connection': 'close', 'date': 'Wed, 06 Jan 2016 10:15:21 GMT', 'content-type': 'application/json; charset=UTF-8', 'x-openstack-request-id': 'req-78729072-1c06-4bf5-ac67-b30ec1e725b3'}
        Body: {"security_group_rule": {"remote_group_id": null, "direction": "egress", "remote_ip_prefix": null, "protocol": "icmp", "ethertype": "IPv6", "tenant_id": "c4a4a9155c264e9987363aa9ea91c8f2", "port_range_max": null, "port_range_min": null, "id": "f10a28a9-3eb0-4f53-a48e-4ea8c12ad7d7", "security_group_id": "b595c677-39fc-4712-a727-a5b329217df3"}}
2016-01-06 10:15:21,786 5845 INFO     [tempest_lib.common.rest_client] Request (TestNetworkAdvancedServerOps:test_server_connectivity_pause_unpause): 201 POST http://10.0.2.15:9696/v2.0/networks 0.187s
2016-01-06 10:15:21,787 5845 DEBUG    [tempest_lib.common.rest_client] Request - Headers: {'Content-Type': 'application/json', 'Accept': 'application/json', 'X-Auth-Token': '&lt;omitted&gt;'}
        Body: {"network": {"tenant_id": "c4a4a9155c264e9987363aa9ea91c8f2", "name": "tempest-network-smoke--1453261249"}}
    Response - Headers: {'status': '201', 'content-length': '327', 'connection': 'close', 'date': 'Wed, 06 Jan 2016 10:15:21 GMT', 'content-type': 'application/json; charset=UTF-8', 'x-openstack-request-id': 'req-b849db01-c8d1-4f8d-a461-a364a29e02c6'}
        Body: {"network": {"status": "ACTIVE", "subnets": [], "availability_zone_hints": [], "name": "tempest-network-smoke--1453261249", "admin_state_up": true, "tenant_id": "c4a4a9155c264e9987363aa9ea91c8f2", "mtu": 0, "router:external": false, "shared": false, "port_security_enabled": true, "id": "935105b3-760c-4d20-998b-c756c4c87a6f"}}
2016-01-06 10:15:21,877 5845 INFO     [tempest_lib.common.rest_client] Request (TestNetworkAdvancedServerOps:test_server_connectivity_pause_unpause): 201 POST http://10.0.2.15:9696/v2.0/routers 0.089s
2016-01-06 10:15:21,878 5845 DEBUG    [tempest_lib.common.rest_client] Request - Headers: {'Content-Type': 'application/json', 'Accept': 'application/json', 'X-Auth-Token': '&lt;omitted&gt;'}
        Body: {"router": {"tenant_id": "c4a4a9155c264e9987363aa9ea91c8f2", "name": "tempest-router-smoke-2140878802", "admin_state_up": true}}
    Response - Headers: {'status': '201', 'content-length': '296', 'connection': 'close', 'date': 'Wed, 06 Jan 2016 10:15:21 GMT', 'content-type': 'application/json; charset=UTF-8', 'x-openstack-request-id': 'req-1d711a3d-9ea3-44ec-b71e-9e90f296ec15'}
        Body: {"router": {"status": "ACTIVE", "external_gateway_info": null, "availability_zone_hints": [], "availability_zones": [], "name": "tempest-router-smoke-2140878802", "admin_state_up": true, "tenant_id": "c4a4a9155c264e9987363aa9ea91c8f2", "routes": [], "id": "6b05ee90-89e5-4ddb-abff-e0320557c503"}}
2016-01-06 10:15:22,015 5845 INFO     [tempest_lib.common.rest_client] Request (TestNetworkAdvancedServerOps:test_server_connectivity_pause_unpause): 200 GET http://10.0.2.15:9696/v2.0/routers/6b05ee90-89e5-4ddb-abff-e0320557c503 0.136s
2016-01-06 10:15:22,016 5845 DEBUG    [tempest_lib.common.rest_client] Request - Headers: {'Content-Type': 'application/json', 'Accept': 'application/json', 'X-Auth-Token': '&lt;omitted&gt;'}
        Body: None
    Response - Headers: {'status': '200', 'content-length': '296', 'content-location': 'http://10.0.2.15:9696/v2.0/routers/6b05ee90-89e5-4ddb-abff-e0320557c503', 'connection': 'close', 'date': 'Wed, 06 Jan 2016 10:15:22 GMT', 'content-type': 'application/json; charset=UTF-8', 'x-openstack-request-id': 'req-9e040892-abc7-4b5c-ae21-d082d1f8fa43'}
        Body: {"router": {"status": "ACTIVE", "external_gateway_info": null, "availability_zone_hints": [], "availability_zones": [], "name": "tempest-router-smoke-2140878802", "admin_state_up": true, "tenant_id": "c4a4a9155c264e9987363aa9ea91c8f2", "routes": [], "id": "6b05ee90-89e5-4ddb-abff-e0320557c503"}}
2016-01-06 10:15:22,671 5845 INFO     [tempest_lib.common.rest_client] Request (TestNetworkAdvancedServerOps:test_server_connectivity_pause_unpause): 200 PUT http://10.0.2.15:9696/v2.0/routers/6b05ee90-89e5-4ddb-abff-e0320557c503 0.653s
2016-01-06 10:15:22,671 5845 DEBUG    [tempest_lib.common.rest_client] Request - Headers: {'Content-Type': 'application/json', 'Accept': 'application/json', 'X-Auth-Token': '&lt;omitted&gt;'}
        Body: {"router": {"external_gateway_info": {"network_id": "7987c582-2b70-42b9-9af7-6ffb44c6fd33"}, "name": "tempest-router-smoke-2140878802", "admin_state_up": true}}
    Response - Headers: {'status': '200', 'content-length': '558', 'connection': 'close', 'date': 'Wed, 06 Jan 2016 10:15:22 GMT', 'content-type': 'application/json; charset=UTF-8', 'x-openstack-request-id': 'req-186a48c0-603a-4a8d-8c37-4cc913ddf4a7'}
        Body: {"router": {"status": "ACTIVE", "external_gateway_info": {"network_id": "7987c582-2b70-42b9-9af7-6ffb44c6fd33", "enable_snat": true, "external_fixed_ips": [{"subnet_id": "56bfa4ec-2b76-4013-b8d3-2cf75c49fba8", "ip_address": "172.24.4.3"}, {"subnet_id": "5101a4c2-3f9e-485c-9112-f2084f9ec039", "ip_address": "2001:db8::3"}]}, "availability_zone_hints": [], "availability_zones": [], "name": "tempest-router-smoke-2140878802", "admin_state_up": true, "tenant_id": "c4a4a9155c264e9987363aa9ea91c8f2", "routes": [], "id": "6b05ee90-89e5-4ddb-abff-e0320557c503"}}
2016-01-06 10:15:22,835 5845 INFO     [tempest_lib.common.rest_client] Request (TestNetworkAdvancedServerOps:test_server_connectivity_pause_unpause): 200 GET http://10.0.2.15:9696/v2.0/subnets?tenant_id=c4a4a9155c264e9987363aa9ea91c8f2&amp;cidr=10.100.0.0%2F28 0.163s
2016-01-06 10:15:22,835 5845 DEBUG    [tempest_lib.common.rest_client] Request - Headers: {'Content-Type': 'application/json', 'Accept': 'application/json', 'X-Auth-Token': '&lt;omitted&gt;'}
        Body: None
    Response - Headers: {'status': '200', 'content-length': '15', 'content-location': 'http://10.0.2.15:9696/v2.0/subnets?tenant_id=c4a4a9155c264e9987363aa9ea91c8f2&amp;cidr=10.100.0.0%2F28', 'connection': 'close', 'date': 'Wed, 06 Jan 2016 10:15:22 GMT', 'content-type': 'application/json; charset=UTF-8', 'x-openstack-request-id': 'req-3d876ac5-5fbf-410d-ba35-4d1784d7d64b'}
        Body: {"subnets": []}
2016-01-06 10:15:24,491 5845 INFO     [tempest_lib.common.rest_client] Request (TestNetworkAdvancedServerOps:test_server_connectivity_pause_unpause): 201 POST http://10.0.2.15:9696/v2.0/subnets 1.655s
2016-01-06 10:15:24,492 5845 DEBUG    [tempest_lib.common.rest_client] Request - Headers: {'Content-Type': 'application/json', 'Accept': 'application/json', 'X-Auth-Token': '&lt;omitted&gt;'}
        Body: {"subnet": {"ip_version": 4, "tenant_id": "c4a4a9155c264e9987363aa9ea91c8f2", "cidr": "10.100.0.0/28", "network_id": "935105b3-760c-4d20-998b-c756c4c87a6f", "name": "tempest-subnet-smoke-2141270054"}}
    Response - Headers: {'status': '201', 'content-length': '478', 'connection': 'close', 'date': 'Wed, 06 Jan 2016 10:15:24 GMT', 'content-type': 'application/json; charset=UTF-8', 'x-openstack-request-id': 'req-f3cccb4a-7f85-45f7-b7ea-a0dc36e1cb18'}
        Body: {"subnet": {"name": "tempest-subnet-smoke-2141270054", "enable_dhcp": true, "network_id": "935105b3-760c-4d20-998b-c756c4c87a6f", "tenant_id": "c4a4a9155c264e9987363aa9ea91c8f2", "dns_nameservers": [], "gateway_ip": "10.100.0.1", "ipv6_ra_mode": null, "allocation_pools": [{"start": "10.100.0.2", "end": "10.100.0.14"}], "host_routes": [], "ip_version": 4, "ipv6_address_mode": null, "cidr": "10.100.0.0/28", "id": "b8105be8-7595-4bc2-92b5-c685092ca1bb", "subnetpool_id": null}}
2016-01-06 10:15:25,283 5845 INFO     [tempest_lib.common.rest_client] Request (TestNetworkAdvancedServerOps:test_server_connectivity_pause_unpause): 200 PUT http://10.0.2.15:9696/v2.0/routers/6b05ee90-89e5-4ddb-abff-e0320557c503/add_router_interface 0.790s
2016-01-06 10:15:25,283 5845 DEBUG    [tempest_lib.common.rest_client] Request - Headers: {'Content-Type': 'application/json', 'Accept': 'application/json', 'X-Auth-Token': '&lt;omitted&gt;'}
        Body: {"subnet_id": "b8105be8-7595-4bc2-92b5-c685092ca1bb"}
    Response - Headers: {'status': '200', 'content-length': '255', 'connection': 'close', 'date': 'Wed, 06 Jan 2016 10:15:25 GMT', 'content-type': 'application/json; charset=UTF-8', 'x-openstack-request-id': 'req-3cbf454e-9aa7-43d7-a672-53a0e3b6fcb0'}
        Body: {"subnet_id": "b8105be8-7595-4bc2-92b5-c685092ca1bb", "tenant_id": "c4a4a9155c264e9987363aa9ea91c8f2", "subnet_ids": ["b8105be8-7595-4bc2-92b5-c685092ca1bb"], "port_id": "4a00ec0c-7ba8-4a61-abc1-a38f2097a8cd", "id": "6b05ee90-89e5-4ddb-abff-e0320557c503"}
2016-01-06 10:15:25,386 5845 INFO     [tempest_lib.common.rest_client] Request (TestNetworkAdvancedServerOps:test_server_connectivity_pause_unpause): 200 POST http://10.0.2.15:5000/v2.0/tokens
2016-01-06 10:15:25,386 5845 DEBUG    [tempest_lib.common.rest_client] Request - Headers: {'Content-Type': 'application/json', 'Accept': 'application/json'}
        Body: &lt;omitted&gt;
    Response - Headers: {'status': '200', 'content-length': '2309', 'vary': 'X-Auth-Token', 'server': 'Apache/2.4.7 (Ubuntu)', 'connection': 'close', 'date': 'Wed, 06 Jan 2016 10:15:25 GMT', 'content-type': 'application/json', 'x-openstack-request-id': 'req-3b83141f-5887-42eb-978b-7b54f61e139e'}
        Body: {"access": {"token": {"issued_at": "2016-01-06T10:15:25.377123", "expires": "2016-01-06T11:15:25Z", "id": "e3082729878b44abae2ee4e4a849f841", "tenant": {"description": "tempest-TestNetworkAdvancedServerOps-594107489-desc", "enabled": true, "id": "c4a4a9155c264e9987363aa9ea91c8f2", "name": "tempest-TestNetworkAdvancedServerOps-594107489"}, "audit_ids": ["2VvRReSHQwmpiTUdZPB5zA"]}, "serviceCatalog": [{"endpoints": [{"adminURL": "http://10.0.2.15:9292", "region": "RegionOne", "internalURL": "http://10.0.2.15:9292", "id": "3b576807ef7f4ba091abb8dee3f4379b", "publicURL": "http://10.0.2.15:9292"}], "endpoints_links": [], "type": "image", "name": "glance"}, {"endpoints": [{"adminURL": "http://10.0.2.15:8774/v2.1/c4a4a9155c264e9987363aa9ea91c8f2", "region": "RegionOne", "internalURL": "http://10.0.2.15:8774/v2.1/c4a4a9155c264e9987363aa9ea91c8f2", "id": "6cccaaeba31f4f8fba4187d8857666ac", "publicURL": "http://10.0.2.15:8774/v2.1/c4a4a9155c264e9987363aa9ea91c8f2"}], "endpoints_links": [], "type": "compute", "name": "nova"}, {"endpoints": [{"adminURL": "http://10.0.2.15:8774/v2/c4a4a9155c264e9987363aa9ea91c8f2", "region": "RegionOne", "internalURL": "http://10.0.2.15:8774/v2/c4a4a9155c264e9987363aa9ea91c8f2", "id": "0718dfb6e9e448e99706413a05be0bef", "publicURL": "http://10.0.2.15:8774/v2/c4a4a9155c264e9987363aa9ea91c8f2"}], "endpoints_links": [], "type": "compute_legacy", "name": "nova_legacy"}, {"endpoints": [{"adminURL": "http://10.0.2.15:35357/v2.0", "region": "RegionOne", "internalURL": "http://10.0.2.15:5000/v2.0", "id": "538a556f4da441ee9019631f99e9defd", "publicURL": "http://10.0.2.15:5000/v2.0"}], "endpoints_links": [], "type": "identity", "name": "keystone"}, {"endpoints": [{"adminURL": "http://10.0.2.15:9696/", "region": "RegionOne", "internalURL": "http://10.0.2.15:9696/", "id": "6a33f857ea62471fba24313f1745c40d", "publicURL": "http://10.0.2.15:9696/"}], "endpoints_links": [], "type": "network", "name": "neutron"}], "user": {"username": "tempest-TestNetworkAdvancedServerOps-1923892791", "roles_links": [], "id": "f860f9125eb3472d880bfe85b64df458", "roles": [{"name": "Member"}, {"name": "_member_"}], "name": "tempest-TestNetworkAdvancedServerOps-1923892791"}, "metadata": {"is_admin": 0, "roles": ["6250b33d999c46eea9afa5c5840c9f21", "9fe2ff9ee4384b1894a90878d3e92bab"]}}}
2016-01-06 10:15:25,392 5845 DEBUG    [tempest.common.fixed_network] (TestNetworkAdvancedServerOps:test_server_connectivity_pause_unpause) No valid network provided or created, defaulting to fixed_network_name
2016-01-06 10:15:25,757 5845 INFO     [tempest_lib.common.rest_client] Request (TestNetworkAdvancedServerOps:test_server_connectivity_pause_unpause): 200 GET http://10.0.2.15:8774/v2.1/c4a4a9155c264e9987363aa9ea91c8f2/os-networks 0.365s
2016-01-06 10:15:25,758 5845 DEBUG    [tempest_lib.common.rest_client] Request - Headers: {'Content-Type': 'application/json', 'Accept': 'application/json', 'X-Auth-Token': '&lt;omitted&gt;'}
        Body: None
    Response - Headers: {'status': '200', 'content-length': '479', 'content-location': 'http://10.0.2.15:8774/v2.1/c4a4a9155c264e9987363aa9ea91c8f2/os-networks', 'x-compute-request-id': 'req-ad542bd4-9cd1-4e0a-a6d3-0267fab57b27', 'vary': 'X-OpenStack-Nova-API-Version', 'connection': 'close', 'x-openstack-nova-api-version': '2.1', 'date': 'Wed, 06 Jan 2016 10:15:25 GMT', 'content-type': 'application/json'}
        Body: {"networks": [{"cidr_v6": null, "dns2": null, "dns1": null, "gateway": null, "broadcast": null, "netmask": null, "gateway_v6": null, "cidr": null, "label": "public", "id": "7987c582-2b70-42b9-9af7-6ffb44c6fd33", "netmask_v6": null}, {"cidr_v6": null, "dns2": null, "dns1": null, "gateway": null, "broadcast": null, "netmask": null, "gateway_v6": null, "cidr": null, "label": "tempest-network-smoke--1453261249", "id": "935105b3-760c-4d20-998b-c756c4c87a6f", "netmask_v6": null}]}
2016-01-06 10:15:25,758 5845 WARNING  [tempest.common.fixed_network] (TestNetworkAdvancedServerOps:test_server_connectivity_pause_unpause) Network with name: private not found
2016-01-06 10:15:25,758 5845 INFO     [tempest.common.fixed_network] (TestNetworkAdvancedServerOps:test_server_connectivity_pause_unpause) Found network {} available for tenant
2016-01-06 10:15:26,989 5845 INFO     [tempest_lib.common.rest_client] Request (TestNetworkAdvancedServerOps:test_server_connectivity_pause_unpause): 202 POST http://10.0.2.15:8774/v2.1/c4a4a9155c264e9987363aa9ea91c8f2/servers 1.230s
2016-01-06 10:15:26,989 5845 DEBUG    [tempest_lib.common.rest_client] Request - Headers: {'Content-Type': 'application/json', 'Accept': 'application/json', 'X-Auth-Token': '&lt;omitted&gt;'}
        Body: {"server": {"name": "tempest.common.compute-instance-1346424989", "imageRef": "a844f040-7d30-4aba-a852-6034abf4ad7b", "key_name": "tempest-TestNetworkAdvancedServerOps-1953782063", "flavorRef": "42", "networks": [{"uuid": "935105b3-760c-4d20-998b-c756c4c87a6f"}], "security_groups": [{"name": "tempest-secgroup-smoke-1269203180"}]}}
    Response - Headers: {'status': '202', 'content-length': '462', 'x-compute-request-id': 'req-230c3488-d4a6-44a1-8d73-e3adc9426aa7', 'vary': 'X-OpenStack-Nova-API-Version', 'connection': 'close', 'location': 'http://10.0.2.15:8774/v2.1/c4a4a9155c264e9987363aa9ea91c8f2/servers/ee1757db-24cc-4148-8a2b-7996529ad5cc', 'x-openstack-nova-api-version': '2.1', 'date': 'Wed, 06 Jan 2016 10:15:26 GMT', 'content-type': 'application/json'}
        Body: {"server": {"security_groups": [{"name": "tempest-secgroup-smoke-1269203180"}], "OS-DCF:diskConfig": "MANUAL", "id": "ee1757db-24cc-4148-8a2b-7996529ad5cc", "links": [{"href": "http://10.0.2.15:8774/v2.1/c4a4a9155c264e9987363aa9ea91c8f2/servers/ee1757db-24cc-4148-8a2b-7996529ad5cc", "rel": "self"}, {"href": "http://10.0.2.15:8774/c4a4a9155c264e9987363aa9ea91c8f2/servers/ee1757db-24cc-4148-8a2b-7996529ad5cc", "rel": "bookmark"}], "adminPass": "ryXMx3ffzJJe"}}
2016-01-06 10:15:27,122 5845 INFO     [tempest_lib.common.rest_client] Request (TestNetworkAdvancedServerOps:test_server_connectivity_pause_unpause): 200 GET http://10.0.2.15:8774/v2.1/c4a4a9155c264e9987363aa9ea91c8f2/servers/ee1757db-24cc-4148-8a2b-7996529ad5cc 0.127s
2016-01-06 10:15:27,122 5845 DEBUG    [tempest_lib.common.rest_client] Request - Headers: {'Content-Type': 'application/json', 'Accept': 'application/json', 'X-Auth-Token': '&lt;omitted&gt;'}
        Body: None
    Response - Headers: {'status': '200', 'content-length': '1365', 'content-location': 'http://10.0.2.15:8774/v2.1/c4a4a9155c264e9987363aa9ea91c8f2/servers/ee1757db-24cc-4148-8a2b-7996529ad5cc', 'x-compute-request-id': 'req-59ab849f-1c5b-47a1-aea0-318cf7ded52a', 'vary': 'X-OpenStack-Nova-API-Version', 'connection': 'close', 'x-openstack-nova-api-version': '2.1', 'date': 'Wed, 06 Jan 2016 10:15:27 GMT', 'content-type': 'application/json'}
        Body: {"server": {"status": "BUILD", "updated": "2016-01-06T10:15:27Z", "hostId": "", "addresses": {}, "links": [{"href": "http://10.0.2.15:8774/v2.1/c4a4a9155c264e9987363aa9ea91c8f2/servers/ee1757db-24cc-4148-8a2b-7996529ad5cc", "rel": "self"}, {"href": "http://10.0.2.15:8774/c4a4a9155c264e9987363aa9ea91c8f2/servers/ee1757db-24cc-4148-8a2b-7996529ad5cc", "rel": "bookmark"}], "key_name": "tempest-TestNetworkAdvancedServerOps-1953782063", "image": {"id": "a844f040-7d30-4aba-a852-6034abf4ad7b", "links": [{"href": "http://10.0.2.15:8774/c4a4a9155c264e9987363aa9ea91c8f2/images/a844f040-7d30-4aba-a852-6034abf4ad7b", "rel": "bookmark"}]}, "OS-EXT-STS:task_state": "scheduling", "OS-EXT-STS:vm_state": "building", "OS-SRV-USG:launched_at": null, "flavor": {"id": "42", "links": [{"href": "http://10.0.2.15:8774/c4a4a9155c264e9987363aa9ea91c8f2/flavors/42", "rel": "bookmark"}]}, "id": "ee1757db-24cc-4148-8a2b-7996529ad5cc", "OS-SRV-USG:terminated_at": null, "OS-EXT-AZ:availability_zone": "", "user_id": "f860f9125eb3472d880bfe85b64df458", "name": "tempest.common.compute-instance-1346424989", "created": "2016-01-06T10:15:26Z", "tenant_id": "c4a4a9155c264e9987363aa9ea91c8f2", "OS-DCF:diskConfig": "MANUAL", "os-extended-volumes:volumes_attached": [], "accessIPv4": "", "accessIPv6": "", "progress": 0, "OS-EXT-STS:power_state": 0, "config_drive": "", "metadata": {}}}
2016-01-06 10:15:28,435 5845 INFO     [tempest_lib.common.rest_client] Request (TestNetworkAdvancedServerOps:test_server_connectivity_pause_unpause): 200 GET http://10.0.2.15:8774/v2.1/c4a4a9155c264e9987363aa9ea91c8f2/servers/ee1757db-24cc-4148-8a2b-7996529ad5cc 0.303s
2016-01-06 10:15:28,435 5845 DEBUG    [tempest_lib.common.rest_client] Request - Headers: {'Content-Type': 'application/json', 'Accept': 'application/json', 'X-Auth-Token': '&lt;omitted&gt;'}
        Body: None
    Response - Headers: {'status': '200', 'content-length': '1491', 'content-location': 'http://10.0.2.15:8774/v2.1/c4a4a9155c264e9987363aa9ea91c8f2/servers/ee1757db-24cc-4148-8a2b-7996529ad5cc', 'x-compute-request-id': 'req-63699794-261f-4fb8-90ba-6abcd8785672', 'vary': 'X-OpenStack-Nova-API-Version', 'connection': 'close', 'x-openstack-nova-api-version': '2.1', 'date': 'Wed, 06 Jan 2016 10:15:28 GMT', 'content-type': 'application/json'}
        Body: {"server": {"status": "BUILD", "updated": "2016-01-06T10:15:27Z", "hostId": "49a82353661c21e3ae0a4a7277d23d99b2948c115ac966aed994d062", "addresses": {}, "links": [{"href": "http://10.0.2.15:8774/v2.1/c4a4a9155c264e9987363aa9ea91c8f2/servers/ee1757db-24cc-4148-8a2b-7996529ad5cc", "rel": "self"}, {"href": "http://10.0.2.15:8774/c4a4a9155c264e9987363aa9ea91c8f2/servers/ee1757db-24cc-4148-8a2b-7996529ad5cc", "rel": "bookmark"}], "key_name": "tempest-TestNetworkAdvancedServerOps-1953782063", "image": {"id": "a844f040-7d30-4aba-a852-6034abf4ad7b", "links": [{"href": "http://10.0.2.15:8774/c4a4a9155c264e9987363aa9ea91c8f2/images/a844f040-7d30-4aba-a852-6034abf4ad7b", "rel": "bookmark"}]}, "OS-EXT-STS:task_state": "spawning", "OS-EXT-STS:vm_state": "building", "OS-SRV-USG:launched_at": null, "flavor": {"id": "42", "links": [{"href": "http://10.0.2.15:8774/c4a4a9155c264e9987363aa9ea91c8f2/flavors/42", "rel": "bookmark"}]}, "id": "ee1757db-24cc-4148-8a2b-7996529ad5cc", "security_groups": [{"name": "tempest-secgroup-smoke-1269203180"}], "OS-SRV-USG:terminated_at": null, "OS-EXT-AZ:availability_zone": "nova", "user_id": "f860f9125eb3472d880bfe85b64df458", "name": "tempest.common.compute-instance-1346424989", "created": "2016-01-06T10:15:26Z", "tenant_id": "c4a4a9155c264e9987363aa9ea91c8f2", "OS-DCF:diskConfig": "MANUAL", "os-extended-volumes:volumes_attached": [], "accessIPv4": "", "accessIPv6": "", "progress": 0, "OS-EXT-STS:power_state": 0, "config_drive": "", "metadata": {}}}
2016-01-06 10:15:28,444 5845 INFO     [tempest.common.waiters] State transition "BUILD/scheduling" ==&gt; "BUILD/spawning" after 1 second wait
2016-01-06 10:15:29,701 5845 INFO     [tempest_lib.common.rest_client] Request (TestNetworkAdvancedServerOps:test_server_connectivity_pause_unpause): 200 GET http://10.0.2.15:8774/v2.1/c4a4a9155c264e9987363aa9ea91c8f2/servers/ee1757db-24cc-4148-8a2b-7996529ad5cc 0.256s
2016-01-06 10:15:29,702 5845 DEBUG    [tempest_lib.common.rest_client] Request - Headers: {'Content-Type': 'application/json', 'Accept': 'application/json', 'X-Auth-Token': '&lt;omitted&gt;'}
        Body: None
    Response - Headers: {'status': '200', 'content-length': '1491', 'content-location': 'http://10.0.2.15:8774/v2.1/c4a4a9155c264e9987363aa9ea91c8f2/servers/ee1757db-24cc-4148-8a2b-7996529ad5cc', 'x-compute-request-id': 'req-39d51a0e-dca9-499f-b0ac-6519774f551b', 'vary': 'X-OpenStack-Nova-API-Version', 'connection': 'close', 'x-openstack-nova-api-version': '2.1', 'date': 'Wed, 06 Jan 2016 10:15:29 GMT', 'content-type': 'application/json'}
        Body: {"server": {"status": "BUILD", "updated": "2016-01-06T10:15:27Z", "hostId": "49a82353661c21e3ae0a4a7277d23d99b2948c115ac966aed994d062", "addresses": {}, "links": [{"href": "http://10.0.2.15:8774/v2.1/c4a4a9155c264e9987363aa9ea91c8f2/servers/ee1757db-24cc-4148-8a2b-7996529ad5cc", "rel": "self"}, {"href": "http://10.0.2.15:8774/c4a4a9155c264e9987363aa9ea91c8f2/servers/ee1757db-24cc-4148-8a2b-7996529ad5cc", "rel": "bookmark"}], "key_name": "tempest-TestNetworkAdvancedServerOps-1953782063", "image": {"id": "a844f040-7d30-4aba-a852-6034abf4ad7b", "links": [{"href": "http://10.0.2.15:8774/c4a4a9155c264e9987363aa9ea91c8f2/images/a844f040-7d30-4aba-a852-6034abf4ad7b", "rel": "bookmark"}]}, "OS-EXT-STS:task_state": "spawning", "OS-EXT-STS:vm_state": "building", "OS-SRV-USG:launched_at": null, "flavor": {"id": "42", "links": [{"href": "http://10.0.2.15:8774/c4a4a9155c264e9987363aa9ea91c8f2/flavors/42", "rel": "bookmark"}]}, "id": "ee1757db-24cc-4148-8a2b-7996529ad5cc", "security_groups": [{"name": "tempest-secgroup-smoke-1269203180"}], "OS-SRV-USG:terminated_at": null, "OS-EXT-AZ:availability_zone": "nova", "user_id": "f860f9125eb3472d880bfe85b64df458", "name": "tempest.common.compute-instance-1346424989", "created": "2016-01-06T10:15:26Z", "tenant_id": "c4a4a9155c264e9987363aa9ea91c8f2", "OS-DCF:diskConfig": "MANUAL", "os-extended-volumes:volumes_attached": [], "accessIPv4": "", "accessIPv6": "", "progress": 0, "OS-EXT-STS:power_state": 0, "config_drive": "", "metadata": {}}}
2016-01-06 10:15:30,910 5845 INFO     [tempest_lib.common.rest_client] Request (TestNetworkAdvancedServerOps:test_server_connectivity_pause_unpause): 200 GET http://10.0.2.15:8774/v2.1/c4a4a9155c264e9987363aa9ea91c8f2/servers/ee1757db-24cc-4148-8a2b-7996529ad5cc 0.198s
2016-01-06 10:15:30,910 5845 DEBUG    [tempest_lib.common.rest_client] Request - Headers: {'Content-Type': 'application/json', 'Accept': 'application/json', 'X-Auth-Token': '&lt;omitted&gt;'}
        Body: None
    Response - Headers: {'status': '200', 'content-length': '1663', 'content-location': 'http://10.0.2.15:8774/v2.1/c4a4a9155c264e9987363aa9ea91c8f2/servers/ee1757db-24cc-4148-8a2b-7996529ad5cc', 'x-compute-request-id': 'req-d53aec1f-183b-41b2-ba23-941d3a8fd18e', 'vary': 'X-OpenStack-Nova-API-Version', 'connection': 'close', 'x-openstack-nova-api-version': '2.1', 'date': 'Wed, 06 Jan 2016 10:15:30 GMT', 'content-type': 'application/json'}
        Body: {"server": {"status": "ACTIVE", "updated": "2016-01-06T10:15:30Z", "hostId": "49a82353661c21e3ae0a4a7277d23d99b2948c115ac966aed994d062", "addresses": {"tempest-network-smoke--1453261249": [{"OS-EXT-IPS-MAC:mac_addr": "fa:16:3e:bc:d1:19", "version": 4, "addr": "10.100.0.3", "OS-EXT-IPS:type": "fixed"}]}, "links": [{"href": "http://10.0.2.15:8774/v2.1/c4a4a9155c264e9987363aa9ea91c8f2/servers/ee1757db-24cc-4148-8a2b-7996529ad5cc", "rel": "self"}, {"href": "http://10.0.2.15:8774/c4a4a9155c264e9987363aa9ea91c8f2/servers/ee1757db-24cc-4148-8a2b-7996529ad5cc", "rel": "bookmark"}], "key_name": "tempest-TestNetworkAdvancedServerOps-1953782063", "image": {"id": "a844f040-7d30-4aba-a852-6034abf4ad7b", "links": [{"href": "http://10.0.2.15:8774/c4a4a9155c264e9987363aa9ea91c8f2/images/a844f040-7d30-4aba-a852-6034abf4ad7b", "rel": "bookmark"}]}, "OS-EXT-STS:task_state": null, "OS-EXT-STS:vm_state": "active", "OS-SRV-USG:launched_at": "2016-01-06T10:15:30.000000", "flavor": {"id": "42", "links": [{"href": "http://10.0.2.15:8774/c4a4a9155c264e9987363aa9ea91c8f2/flavors/42", "rel": "bookmark"}]}, "id": "ee1757db-24cc-4148-8a2b-7996529ad5cc", "security_groups": [{"name": "tempest-secgroup-smoke-1269203180"}], "OS-SRV-USG:terminated_at": null, "OS-EXT-AZ:availability_zone": "nova", "user_id": "f860f9125eb3472d880bfe85b64df458", "name": "tempest.common.compute-instance-1346424989", "created": "2016-01-06T10:15:26Z", "tenant_id": "c4a4a9155c264e9987363aa9ea91c8f2", "OS-DCF:diskConfig": "MANUAL", "os-extended-volumes:volumes_attached": [], "accessIPv4": "", "accessIPv6": "", "progress": 0, "OS-EXT-STS:power_state": 1, "config_drive": "True", "metadata": {}}}
2016-01-06 10:15:30,920 5845 INFO     [tempest.common.waiters] State transition "BUILD/spawning" ==&gt; "ACTIVE/None" after 3 second wait
2016-01-06 10:15:31,202 5845 INFO     [tempest_lib.common.rest_client] Request (TestNetworkAdvancedServerOps:test_server_connectivity_pause_unpause): 200 GET http://10.0.2.15:8774/v2.1/c4a4a9155c264e9987363aa9ea91c8f2/servers/ee1757db-24cc-4148-8a2b-7996529ad5cc 0.282s
2016-01-06 10:15:31,202 5845 DEBUG    [tempest_lib.common.rest_client] Request - Headers: {'Content-Type': 'application/json', 'Accept': 'application/json', 'X-Auth-Token': '&lt;omitted&gt;'}
        Body: None
    Response - Headers: {'status': '200', 'content-length': '1663', 'content-location': 'http://10.0.2.15:8774/v2.1/c4a4a9155c264e9987363aa9ea91c8f2/servers/ee1757db-24cc-4148-8a2b-7996529ad5cc', 'x-compute-request-id': 'req-65b45f0f-adc3-499b-946d-cb421e4dc4c1', 'vary': 'X-OpenStack-Nova-API-Version', 'connection': 'close', 'x-openstack-nova-api-version': '2.1', 'date': 'Wed, 06 Jan 2016 10:15:31 GMT', 'content-type': 'application/json'}
        Body: {"server": {"status": "ACTIVE", "updated": "2016-01-06T10:15:30Z", "hostId": "49a82353661c21e3ae0a4a7277d23d99b2948c115ac966aed994d062", "addresses": {"tempest-network-smoke--1453261249": [{"OS-EXT-IPS-MAC:mac_addr": "fa:16:3e:bc:d1:19", "version": 4, "addr": "10.100.0.3", "OS-EXT-IPS:type": "fixed"}]}, "links": [{"href": "http://10.0.2.15:8774/v2.1/c4a4a9155c264e9987363aa9ea91c8f2/servers/ee1757db-24cc-4148-8a2b-7996529ad5cc", "rel": "self"}, {"href": "http://10.0.2.15:8774/c4a4a9155c264e9987363aa9ea91c8f2/servers/ee1757db-24cc-4148-8a2b-7996529ad5cc", "rel": "bookmark"}], "key_name": "tempest-TestNetworkAdvancedServerOps-1953782063", "image": {"id": "a844f040-7d30-4aba-a852-6034abf4ad7b", "links": [{"href": "http://10.0.2.15:8774/c4a4a9155c264e9987363aa9ea91c8f2/images/a844f040-7d30-4aba-a852-6034abf4ad7b", "rel": "bookmark"}]}, "OS-EXT-STS:task_state": null, "OS-EXT-STS:vm_state": "active", "OS-SRV-USG:launched_at": "2016-01-06T10:15:30.000000", "flavor": {"id": "42", "links": [{"href": "http://10.0.2.15:8774/c4a4a9155c264e9987363aa9ea91c8f2/flavors/42", "rel": "bookmark"}]}, "id": "ee1757db-24cc-4148-8a2b-7996529ad5cc", "security_groups": [{"name": "tempest-secgroup-smoke-1269203180"}], "OS-SRV-USG:terminated_at": null, "OS-EXT-AZ:availability_zone": "nova", "user_id": "f860f9125eb3472d880bfe85b64df458", "name": "tempest.common.compute-instance-1346424989", "created": "2016-01-06T10:15:26Z", "tenant_id": "c4a4a9155c264e9987363aa9ea91c8f2", "OS-DCF:diskConfig": "MANUAL", "os-extended-volumes:volumes_attached": [], "accessIPv4": "", "accessIPv6": "", "progress": 0, "OS-EXT-STS:power_state": 1, "config_drive": "True", "metadata": {}}}
2016-01-06 10:15:31,242 5845 INFO     [tempest_lib.common.rest_client] Request (TestNetworkAdvancedServerOps:test_server_connectivity_pause_unpause): 200 GET http://10.0.2.15:9696/v2.0/ports?status=ACTIVE&amp;fixed_ip=None&amp;device_id=ee1757db-24cc-4148-8a2b-7996529ad5cc 0.032s
2016-01-06 10:15:31,243 5845 DEBUG    [tempest_lib.common.rest_client] Request - Headers: {'Content-Type': 'application/json', 'Accept': 'application/json', 'X-Auth-Token': '&lt;omitted&gt;'}
        Body: None
    Response - Headers: {'status': '200', 'content-length': '895', 'content-location': 'http://10.0.2.15:9696/v2.0/ports?status=ACTIVE&amp;fixed_ip=None&amp;device_id=ee1757db-24cc-4148-8a2b-7996529ad5cc', 'connection': 'close', 'date': 'Wed, 06 Jan 2016 10:15:31 GMT', 'content-type': 'application/json; charset=UTF-8', 'x-openstack-request-id': 'req-8adb59b5-5c3f-4ff3-8b01-c25489b0357a'}
        Body: {"ports": [{"status": "ACTIVE", "binding:host_id": "vagrant-ubuntu-trusty-64", "allowed_address_pairs": [], "extra_dhcp_opts": [], "dns_assignment": [{"hostname": "host-10-100-0-3", "ip_address": "10.100.0.3", "fqdn": "host-10-100-0-3.openstacklocal."}], "device_owner": "compute:None", "port_security_enabled": true, "binding:profile": {}, "fixed_ips": [{"subnet_id": "b8105be8-7595-4bc2-92b5-c685092ca1bb", "ip_address": "10.100.0.3"}], "id": "6cab2909-b820-41c9-aecb-01bdc3d9b317", "security_groups": ["b595c677-39fc-4712-a727-a5b329217df3"], "device_id": "ee1757db-24cc-4148-8a2b-7996529ad5cc", "name": "", "admin_state_up": true, "network_id": "935105b3-760c-4d20-998b-c756c4c87a6f", "dns_name": "", "binding:vif_details": {"port_filter": true}, "binding:vnic_type": "normal", "binding:vif_type": "ovs", "tenant_id": "c4a4a9155c264e9987363aa9ea91c8f2", "mac_address": "fa:16:3e:bc:d1:19"}]}
2016-01-06 10:15:31,760 5845 INFO     [tempest_lib.common.rest_client] Request (TestNetworkAdvancedServerOps:test_server_connectivity_pause_unpause): 201 POST http://10.0.2.15:9696/v2.0/floatingips 0.516s
2016-01-06 10:15:31,760 5845 DEBUG    [tempest_lib.common.rest_client] Request - Headers: {'Content-Type': 'application/json', 'Accept': 'application/json', 'X-Auth-Token': '&lt;omitted&gt;'}
        Body: {"floatingip": {"floating_network_id": "7987c582-2b70-42b9-9af7-6ffb44c6fd33", "tenant_id": "c4a4a9155c264e9987363aa9ea91c8f2", "fixed_ip_address": "10.100.0.3", "port_id": "6cab2909-b820-41c9-aecb-01bdc3d9b317"}}
    Response - Headers: {'status': '201', 'content-length': '367', 'connection': 'close', 'date': 'Wed, 06 Jan 2016 10:15:31 GMT', 'content-type': 'application/json; charset=UTF-8', 'x-openstack-request-id': 'req-9ee7baa0-d257-41ab-972b-183c8ff2bd6c'}
        Body: {"floatingip": {"floating_network_id": "7987c582-2b70-42b9-9af7-6ffb44c6fd33", "router_id": "6b05ee90-89e5-4ddb-abff-e0320557c503", "fixed_ip_address": "10.100.0.3", "floating_ip_address": "172.24.4.4", "tenant_id": "c4a4a9155c264e9987363aa9ea91c8f2", "status": "DOWN", "port_id": "6cab2909-b820-41c9-aecb-01bdc3d9b317", "id": "38622b0b-5d1e-4264-a3b4-740a63e6f4cc"}}
2016-01-06 10:15:32,097 5845 INFO     [tempest_lib.common.rest_client] Request (TestNetworkAdvancedServerOps:test_server_connectivity_pause_unpause): 200 GET http://10.0.2.15:8774/v2.1/c4a4a9155c264e9987363aa9ea91c8f2/servers/ee1757db-24cc-4148-8a2b-7996529ad5cc 0.336s
2016-01-06 10:15:32,098 5845 DEBUG    [tempest_lib.common.rest_client] Request - Headers: {'Content-Type': 'application/json', 'Accept': 'application/json', 'X-Auth-Token': '&lt;omitted&gt;'}
        Body: None
    Response - Headers: {'status': '200', 'content-length': '1663', 'content-location': 'http://10.0.2.15:8774/v2.1/c4a4a9155c264e9987363aa9ea91c8f2/servers/ee1757db-24cc-4148-8a2b-7996529ad5cc', 'x-compute-request-id': 'req-fd412b80-f038-4e25-aed6-4da1873251e8', 'vary': 'X-OpenStack-Nova-API-Version', 'connection': 'close', 'x-openstack-nova-api-version': '2.1', 'date': 'Wed, 06 Jan 2016 10:15:32 GMT', 'content-type': 'application/json'}
        Body: {"server": {"status": "ACTIVE", "updated": "2016-01-06T10:15:30Z", "hostId": "49a82353661c21e3ae0a4a7277d23d99b2948c115ac966aed994d062", "addresses": {"tempest-network-smoke--1453261249": [{"OS-EXT-IPS-MAC:mac_addr": "fa:16:3e:bc:d1:19", "version": 4, "addr": "10.100.0.3", "OS-EXT-IPS:type": "fixed"}]}, "links": [{"href": "http://10.0.2.15:8774/v2.1/c4a4a9155c264e9987363aa9ea91c8f2/servers/ee1757db-24cc-4148-8a2b-7996529ad5cc", "rel": "self"}, {"href": "http://10.0.2.15:8774/c4a4a9155c264e9987363aa9ea91c8f2/servers/ee1757db-24cc-4148-8a2b-7996529ad5cc", "rel": "bookmark"}], "key_name": "tempest-TestNetworkAdvancedServerOps-1953782063", "image": {"id": "a844f040-7d30-4aba-a852-6034abf4ad7b", "links": [{"href": "http://10.0.2.15:8774/c4a4a9155c264e9987363aa9ea91c8f2/images/a844f040-7d30-4aba-a852-6034abf4ad7b", "rel": "bookmark"}]}, "OS-EXT-STS:task_state": null, "OS-EXT-STS:vm_state": "active", "OS-SRV-USG:launched_at": "2016-01-06T10:15:30.000000", "flavor": {"id": "42", "links": [{"href": "http://10.0.2.15:8774/c4a4a9155c264e9987363aa9ea91c8f2/flavors/42", "rel": "bookmark"}]}, "id": "ee1757db-24cc-4148-8a2b-7996529ad5cc", "security_groups": [{"name": "tempest-secgroup-smoke-1269203180"}], "OS-SRV-USG:terminated_at": null, "OS-EXT-AZ:availability_zone": "nova", "user_id": "f860f9125eb3472d880bfe85b64df458", "name": "tempest.common.compute-instance-1346424989", "created": "2016-01-06T10:15:26Z", "tenant_id": "c4a4a9155c264e9987363aa9ea91c8f2", "OS-DCF:diskConfig": "MANUAL", "os-extended-volumes:volumes_attached": [], "accessIPv4": "", "accessIPv6": "", "progress": 0, "OS-EXT-STS:power_state": 1, "config_drive": "True", "metadata": {}}}
2016-01-06 10:15:32,107 5845 INFO     [tempest.scenario.manager] Tenant networks not configured to be reachable.
2016-01-06 10:15:32,240 5845 INFO     [tempest_lib.common.rest_client] Request (TestNetworkAdvancedServerOps:test_server_connectivity_pause_unpause): 200 GET http://10.0.2.15:9696/v2.0/floatingips/38622b0b-5d1e-4264-a3b4-740a63e6f4cc 0.133s
2016-01-06 10:15:32,240 5845 DEBUG    [tempest_lib.common.rest_client] Request - Headers: {'Content-Type': 'application/json', 'Accept': 'application/json', 'X-Auth-Token': '&lt;omitted&gt;'}
        Body: None
    Response - Headers: {'status': '200', 'content-length': '367', 'content-location': 'http://10.0.2.15:9696/v2.0/floatingips/38622b0b-5d1e-4264-a3b4-740a63e6f4cc', 'connection': 'close', 'date': 'Wed, 06 Jan 2016 10:15:32 GMT', 'content-type': 'application/json; charset=UTF-8', 'x-openstack-request-id': 'req-2a077b35-0ae6-4b20-a6e6-cbbb011925e9'}
        Body: {"floatingip": {"floating_network_id": "7987c582-2b70-42b9-9af7-6ffb44c6fd33", "router_id": "6b05ee90-89e5-4ddb-abff-e0320557c503", "fixed_ip_address": "10.100.0.3", "floating_ip_address": "172.24.4.4", "tenant_id": "c4a4a9155c264e9987363aa9ea91c8f2", "status": "DOWN", "port_id": "6cab2909-b820-41c9-aecb-01bdc3d9b317", "id": "38622b0b-5d1e-4264-a3b4-740a63e6f4cc"}}
2016-01-06 10:15:33,254 5845 INFO     [tempest_lib.common.rest_client] Request (TestNetworkAdvancedServerOps:test_server_connectivity_pause_unpause): 200 GET http://10.0.2.15:9696/v2.0/floatingips/38622b0b-5d1e-4264-a3b4-740a63e6f4cc 0.013s
2016-01-06 10:15:33,255 5845 DEBUG    [tempest_lib.common.rest_client] Request - Headers: {'Content-Type': 'application/json', 'Accept': 'application/json', 'X-Auth-Token': '&lt;omitted&gt;'}
        Body: None
    Response - Headers: {'status': '200', 'content-length': '369', 'content-location': 'http://10.0.2.15:9696/v2.0/floatingips/38622b0b-5d1e-4264-a3b4-740a63e6f4cc', 'connection': 'close', 'date': 'Wed, 06 Jan 2016 10:15:33 GMT', 'content-type': 'application/json; charset=UTF-8', 'x-openstack-request-id': 'req-3249651a-813f-4542-8c8b-deb79d76d2d3'}
        Body: {"floatingip": {"floating_network_id": "7987c582-2b70-42b9-9af7-6ffb44c6fd33", "router_id": "6b05ee90-89e5-4ddb-abff-e0320557c503", "fixed_ip_address": "10.100.0.3", "floating_ip_address": "172.24.4.4", "tenant_id": "c4a4a9155c264e9987363aa9ea91c8f2", "status": "ACTIVE", "port_id": "6cab2909-b820-41c9-aecb-01bdc3d9b317", "id": "38622b0b-5d1e-4264-a3b4-740a63e6f4cc"}}
2016-01-06 10:15:33,255 5845 INFO     [tempest.scenario.manager] FloatingIP: &lt;"FloatingIP" addr="172.24.4.4" id="38622b0b-5d1e-4264-a3b4-740a63e6f4cc"&gt; is at status: ACTIVE
2016-01-06 10:15:33,255 5845 DEBUG    [tempest.scenario.manager] checking network connections to IP 172.24.4.4 with user: cirros
2016-01-06 10:15:33,256 5845 DEBUG    [tempest.scenario.manager] TestNetworkAdvancedServerOps:test_server_connectivity_pause_unpause begins to ping 172.24.4.4 in 120 sec and the expected result is reachable
2016-01-06 10:17:33,485 5845 DEBUG    [tempest.scenario.manager] TestNetworkAdvancedServerOps:test_server_connectivity_pause_unpause finishes ping 172.24.4.4 in 120 sec and the ping result is unexpected
2016-01-06 10:17:33,486 5845 ERROR    [tempest.scenario.manager] Public network connectivity check failed
2016-01-06 10:17:33.486 5845 ERROR tempest.scenario.manager Traceback (most recent call last):
2016-01-06 10:17:33.486 5845 ERROR tempest.scenario.manager   File "tempest/scenario/manager.py", line 609, in check_public_network_connectivity
2016-01-06 10:17:33.486 5845 ERROR tempest.scenario.manager     should_connect=should_connect)
2016-01-06 10:17:33.486 5845 ERROR tempest.scenario.manager   File "tempest/scenario/manager.py", line 593, in check_vm_connectivity
2016-01-06 10:17:33.486 5845 ERROR tempest.scenario.manager     msg=msg)
2016-01-06 10:17:33.486 5845 ERROR tempest.scenario.manager   File "/usr/local/lib/python2.7/dist-packages/unittest2/case.py", line 702, in assertTrue
2016-01-06 10:17:33.486 5845 ERROR tempest.scenario.manager     raise self.failureException(msg)
2016-01-06 10:17:33.486 5845 ERROR tempest.scenario.manager AssertionError: False is not true : Timed out waiting for 172.24.4.4 to become reachable
2016-01-06 10:17:33.486 5845 ERROR tempest.scenario.manager 
2016-01-06 10:17:33,681 5845 INFO     [tempest_lib.common.rest_client] Request (TestNetworkAdvancedServerOps:test_server_connectivity_pause_unpause): 200 POST http://10.0.2.15:8774/v2.1/c4a4a9155c264e9987363aa9ea91c8f2/servers/ee1757db-24cc-4148-8a2b-7996529ad5cc/action 0.190s
2016-01-06 10:17:33,682 5845 DEBUG    [tempest_lib.common.rest_client] Request - Headers: {'Content-Type': 'application/json', 'Accept': 'application/json', 'X-Auth-Token': '&lt;omitted&gt;'}
        Body: {"os-getConsoleOutput": {}}
    Response - Headers: {'status': '200', 'content-length': '17468', 'x-compute-request-id': 'req-2c1c9d81-f2f0-400d-b8e0-d9f680474781', 'vary': 'X-OpenStack-Nova-API-Version', 'connection': 'close', 'x-openstack-nova-api-version': '2.1', 'date': 'Wed, 06 Jan 2016 10:17:33 GMT', 'content-type': 'application/json'}
        Body: {"output": "[    0.000000] Initializing cgroup subsys cpuset\n[    0.000000] Initializing cgroup subsys cpu\n[    0.000000] Linux version 3.2.0-80-virtual (buildd@batsu) (gcc version 4.6.3 (Ubuntu/Linaro 4.6.3-1ubuntu5) ) #116-Ubuntu SMP Mon Mar 23 17:28:52 UTC 2015 (Ubuntu 3.2.0-80.116-virtual 3.2.68)\n[    0.000000] Command line: root=/dev/vda console=tty0 console=ttyS0 no_timer_check\n[    0.000000] KERNEL supported cpus:\n[    0.000000]   Intel GenuineIntel\n[    0.000000]   AMD AuthenticAMD\n[    0.000000]   Centaur CentaurHauls\n[    0.000000] BIOS-provided physical RAM map:\n[    0.000000]  BIOS-e820: 0000000000000000 - 000000000009fc00 (usable)\n[    0.000000]  BIOS-e820: 000000000009fc00 - 00000000000a0000 (reserved)\n[    0.000000]  BIOS-e820: 00000000000f0000 - 0000000000100000 (reserved)\n[    0.000000]  BIOS-e820: 0000000000100000 - 0000000003ffe000 (usable)\n[    0.000000]  BIOS-e820: 0000000003ffe000 - 0000000004000000 (reserved)\n[    0.000000]  BIOS-e820: 00000000fffc0000 - 0000000100000000 (reserved)\n[    0.000000] NX (Execute Disable) protection: active\n[    0.000000] SMBIOS 2.4 present.\n[    0.000000] No AGP bridge found\n[    0.000000] last_pfn = 0x3ffe max_arch_pfn = 0x400000000\n[    0.000000] x86 PAT enabled: cpu 0, old 0x7040600070406, new 0x7010600070106\n[    0.000000] found SMP MP-table at [ffff8800000f0b00] f0b00\n[    0.000000] init_memory_mapping: 0000000000000000-0000000003ffe000\n[    0.000000] RAMDISK: 03c5e000 - 03ff0000\n[    0.000000] ACPI: RSDP 00000000000f0950 00014 (v00 BOCHS )\n[    0.000000] ACPI: RSDT 0000000003fffbc1 00034 (v01 BOCHS  BXPCRSDT 00000001 BXPC 00000001)\n[    0.000000] ACPI: FACP 0000000003fff1c0 00074 (v01 BOCHS  BXPCFACP 00000001 BXPC 00000001)\n[    0.000000] ACPI: DSDT 0000000003ffe040 01180 (v01 BOCHS  BXPCDSDT 00000001 BXPC 00000001)\n[    0.000000] ACPI: FACS 0000000003ffe000 00040\n[    0.000000] ACPI: SSDT 0000000003fff234 008DD (v01 BOCHS  BXPCSSDT 00000001 BXPC 00000001)\n[    0.000000] ACPI: APIC 0000000003fffb11 00078 (v01 BOCHS  BXPCAPIC 00000001 BXPC 00000001)\n[    0.000000] ACPI: HPET 0000000003fffb89 00038 (v01 BOCHS  BXPCHPET 00000001 BXPC 00000001)\n[    0.000000] No NUMA configuration found\n[    0.000000] Faking a node at 0000000000000000-0000000003ffe000\n[    0.000000] Initmem setup node 0 0000000000000000-0000000003ffe000\n[    0.000000]   NODE_DATA [0000000003ff6000 - 0000000003ffafff]\n[    0.000000] Zone PFN ranges:\n[    0.000000]   DMA      0x00000010 -&gt; 0x00001000\n[    0.000000]   DMA32    0x00001000 -&gt; 0x00100000\n[    0.000000]   Normal   empty\n[    0.000000] Movable zone start PFN for each node\n[    0.000000] early_node_map[2] active PFN ranges\n[    0.000000]     0: 0x00000010 -&gt; 0x0000009f\n[    0.000000]     0: 0x00000100 -&gt; 0x00003ffe\n[    0.000000] ACPI: PM-Timer IO Port: 0xb008\n[    0.000000] ACPI: LAPIC (acpi_id[0x00] lapic_id[0x00] enabled)\n[    0.000000] ACPI: LAPIC_NMI (acpi_id[0xff] dfl dfl lint[0x1])\n[    0.000000] ACPI: IOAPIC (id[0x00] address[0xfec00000] gsi_base[0])\n[    0.000000] IOAPIC[0]: apic_id 0, version 17, address 0xfec00000, GSI 0-23\n[    0.000000] ACPI: INT_SRC_OVR (bus 0 bus_irq 0 global_irq 2 dfl dfl)\n[    0.000000] ACPI: INT_SRC_OVR (bus 0 bus_irq 5 global_irq 5 high level)\n[    0.000000] ACPI: INT_SRC_OVR (bus 0 bus_irq 9 global_irq 9 high level)\n[    0.000000] ACPI: INT_SRC_OVR (bus 0 bus_irq 10 global_irq 10 high level)\n[    0.000000] ACPI: INT_SRC_OVR (bus 0 bus_irq 11 global_irq 11 high level)\n[    0.000000] Using ACPI (MADT) for SMP configuration information\n[    0.000000] ACPI: HPET id: 0x8086a201 base: 0xfed00000\n[    0.000000] SMP: Allowing 1 CPUs, 0 hotplug CPUs\n[    0.000000] PM: Registered nosave memory: 000000000009f000 - 00000000000a0000\n[    0.000000] PM: Registered nosave memory: 00000000000a0000 - 00000000000f0000\n[    0.000000] PM: Registered nosave memory: 00000000000f0000 - 0000000000100000\n[    0.000000] Allocating PCI resources starting at 4000000 (gap: 4000000:fbfc0000)\n[    0.000000] Booting paravirtualized kernel on bare hardware\n[    0.000000] setup_pe
2016-01-06 10:17:33,684 5845 DEBUG    [tempest.scenario.manager] Console output for ee1757db-24cc-4148-8a2b-7996529ad5cc
body=
[    0.000000] Initializing cgroup subsys cpuset
[    0.000000] Initializing cgroup subsys cpu
[    0.000000] Linux version 3.2.0-80-virtual (buildd@batsu) (gcc version 4.6.3 (Ubuntu/Linaro 4.6.3-1ubuntu5) ) #116-Ubuntu SMP Mon Mar 23 17:28:52 UTC 2015 (Ubuntu 3.2.0-80.116-virtual 3.2.68)
[    0.000000] Command line: root=/dev/vda console=tty0 console=ttyS0 no_timer_check
[    0.000000] KERNEL supported cpus:
[    0.000000]   Intel GenuineIntel
[    0.000000]   AMD AuthenticAMD
[    0.000000]   Centaur CentaurHauls
[    0.000000] BIOS-provided physical RAM map:
[    0.000000]  BIOS-e820: 0000000000000000 - 000000000009fc00 (usable)
[    0.000000]  BIOS-e820: 000000000009fc00 - 00000000000a0000 (reserved)
[    0.000000]  BIOS-e820: 00000000000f0000 - 0000000000100000 (reserved)
[    0.000000]  BIOS-e820: 0000000000100000 - 0000000003ffe000 (usable)
[    0.000000]  BIOS-e820: 0000000003ffe000 - 0000000004000000 (reserved)
[    0.000000]  BIOS-e820: 00000000fffc0000 - 0000000100000000 (reserved)
[    0.000000] NX (Execute Disable) protection: active
[    0.000000] SMBIOS 2.4 present.
[    0.000000] No AGP bridge found
[    0.000000] last_pfn = 0x3ffe max_arch_pfn = 0x400000000
[    0.000000] x86 PAT enabled: cpu 0, old 0x7040600070406, new 0x7010600070106
[    0.000000] found SMP MP-table at [ffff8800000f0b00] f0b00
[    0.000000] init_memory_mapping: 0000000000000000-0000000003ffe000
[    0.000000] RAMDISK: 03c5e000 - 03ff0000
[    0.000000] ACPI: RSDP 00000000000f0950 00014 (v00 BOCHS )
[    0.000000] ACPI: RSDT 0000000003fffbc1 00034 (v01 BOCHS  BXPCRSDT 00000001 BXPC 00000001)
[    0.000000] ACPI: FACP 0000000003fff1c0 00074 (v01 BOCHS  BXPCFACP 00000001 BXPC 00000001)
[    0.000000] ACPI: DSDT 0000000003ffe040 01180 (v01 BOCHS  BXPCDSDT 00000001 BXPC 00000001)
[    0.000000] ACPI: FACS 0000000003ffe000 00040
[    0.000000] ACPI: SSDT 0000000003fff234 008DD (v01 BOCHS  BXPCSSDT 00000001 BXPC 00000001)
[    0.000000] ACPI: APIC 0000000003fffb11 00078 (v01 BOCHS  BXPCAPIC 00000001 BXPC 00000001)
[    0.000000] ACPI: HPET 0000000003fffb89 00038 (v01 BOCHS  BXPCHPET 00000001 BXPC 00000001)
[    0.000000] No NUMA configuration found
[    0.000000] Faking a node at 0000000000000000-0000000003ffe000
[    0.000000] Initmem setup node 0 0000000000000000-0000000003ffe000
[    0.000000]   NODE_DATA [0000000003ff6000 - 0000000003ffafff]
[    0.000000] Zone PFN ranges:
[    0.000000]   DMA      0x00000010 -&gt; 0x00001000
[    0.000000]   DMA32    0x00001000 -&gt; 0x00100000
[    0.000000]   Normal   empty
[    0.000000] Movable zone start PFN for each node
[    0.000000] early_node_map[2] active PFN ranges
[    0.000000]     0: 0x00000010 -&gt; 0x0000009f
[    0.000000]     0: 0x00000100 -&gt; 0x00003ffe
[    0.000000] ACPI: PM-Timer IO Port: 0xb008
[    0.000000] ACPI: LAPIC (acpi_id[0x00] lapic_id[0x00] enabled)
[    0.000000] ACPI: LAPIC_NMI (acpi_id[0xff] dfl dfl lint[0x1])
[    0.000000] ACPI: IOAPIC (id[0x00] address[0xfec00000] gsi_base[0])
[    0.000000] IOAPIC[0]: apic_id 0, version 17, address 0xfec00000, GSI 0-23
[    0.000000] ACPI: INT_SRC_OVR (bus 0 bus_irq 0 global_irq 2 dfl dfl)
[    0.000000] ACPI: INT_SRC_OVR (bus 0 bus_irq 5 global_irq 5 high level)
[    0.000000] ACPI: INT_SRC_OVR (bus 0 bus_irq 9 global_irq 9 high level)
[    0.000000] ACPI: INT_SRC_OVR (bus 0 bus_irq 10 global_irq 10 high level)
[    0.000000] ACPI: INT_SRC_OVR (bus 0 bus_irq 11 global_irq 11 high level)
[    0.000000] Using ACPI (MADT) for SMP configuration information
[    0.000000] ACPI: HPET id: 0x8086a201 base: 0xfed00000
[    0.000000] SMP: Allowing 1 CPUs, 0 hotplug CPUs
[    0.000000] PM: Registered nosave memory: 000000000009f000 - 00000000000a0000
[    0.000000] PM: Registered nosave memory: 00000000000a0000 - 00000000000f0000
[    0.000000] PM: Registered nosave memory: 00000000000f0000 - 0000000000100000
[    0.000000] Allocating PCI resources starting at 4000000 (gap: 4000000:fbfc0000)
[    0.000000] Booting paravirtualized kernel on bare hardware
[    0.000000] setup_percpu: NR_CPUS:64 nr_cpumask_bits:64 nr_cpu_ids:1 nr_node_ids:1
[    0.000000] PERCPU: Embedded 27 pages/cpu @ffff880003a00000 s78848 r8192 d23552 u2097152
[    0.000000] Built 1 zonelists in Node order, mobility grouping on.  Total pages: 16008
[    0.000000] Policy zone: DMA32
[    0.000000] Kernel command line: root=/dev/vda console=tty0 console=ttyS0 no_timer_check
[    0.000000] PID hash table entries: 256 (order: -1, 2048 bytes)
[    0.000000] Checking aperture...
[    0.000000] No AGP bridge found
[    0.000000] Memory: 43492k/65528k available (6576k kernel code, 452k absent, 21584k reserved, 6620k data, 928k init)
[    0.000000] SLUB: Genslabs=15, HWalign=64, Order=0-3, MinObjects=0, CPUs=1, Nodes=1
[    0.000000] Hierarchical RCU implementation.
[    0.000000] 	RCU dyntick-idle grace-period acceleration is enabled.
[    0.000000] NR_IRQS:4352 nr_irqs:256 16
[    0.000000] Console: colour VGA+ 80x25
[    0.000000] console [tty0] enabled
[    0.000000] console [ttyS0] enabled
[    0.000000] allocated 1048576 bytes of page_cgroup
[    0.000000] please try 'cgroup_disable=memory' option if you don't want memory cgroups
[    0.000000] Fast TSC calibration failed
[    0.000000] TSC: Unable to calibrate against PIT
[    0.000000] TSC: using HPET reference calibration
[    0.000000] Detected 2293.619 MHz processor.
[    0.033207] Calibrating delay loop (skipped), value calculated using timer frequency.. 4587.23 BogoMIPS (lpj=9174476)
[    0.036920] pid_max: default: 32768 minimum: 301
[    0.045507] Security Framework initialized
[    0.050242] AppArmor: AppArmor initialized
[    0.051009] Yama: becoming mindful.
[    0.057944] Dentry cache hash table entries: 8192 (order: 4, 65536 bytes)
[    0.059497] Inode-cache hash table entries: 4096 (order: 3, 32768 bytes)
[    0.060653] Mount-cache hash table entries: 256
[    0.077483] Initializing cgroup subsys cpuacct
[    0.078475] Initializing cgroup subsys memory
[    0.080486] Initializing cgroup subsys devices
[    0.081208] Initializing cgroup subsys freezer
[    0.081856] Initializing cgroup subsys blkio
[    0.082624] Initializing cgroup subsys perf_event
[    0.087081] mce: CPU supports 10 MCE banks
[    0.090378] SMP alternatives: switching to UP code
[    0.474558] Freeing SMP alternatives: 24k freed
[    0.476697] ACPI: Core revision 20110623
[    0.524500] ftrace: allocating 26610 entries in 105 pages
[    0.558871] ..TIMER: vector=0x30 apic1=0 pin1=2 apic2=-1 pin2=-1
[    0.560324] CPU0: AMD QEMU Virtual CPU version 2.0.0 stepping 03
[    0.564034] Performance Events: Broken PMU hardware detected, using software events only.
[    0.572262] NMI watchdog disabled (cpu0): hardware events not enabled
[    0.573879] Brought up 1 CPUs
[    0.574400] Total of 1 processors activated (4587.23 BogoMIPS).
[    0.596628] devtmpfs: initialized
[    0.625611] EVM: security.selinux
[    0.626077] EVM: security.SMACK64
[    0.626517] EVM: security.capability
[    0.648714] print_constraints: dummy: 
[    0.650365] RTC time: 10:15:34, date: 01/06/16
[    0.653018] NET: Registered protocol family 16
[    0.665509] ACPI: bus type pci registered
[    0.669468] PCI: Using configuration type 1 for base access
[    0.710462] bio: create slab &lt;bio-0&gt; at 0
[    0.715254] ACPI: Added _OSI(Module Device)
[    0.716129] ACPI: Added _OSI(Processor Device)
[    0.716734] ACPI: Added _OSI(3.0 _SCP Extensions)
[    0.717287] ACPI: Added _OSI(Processor Aggregator Device)
[    0.812271] ACPI: Interpreter enabled
[    0.812865] ACPI: (supports S0 S3 S4 S5)
[    0.814595] ACPI: Using IOAPIC for interrupt routing
[    0.893488] ACPI: No dock devices found.
[    0.894091] HEST: Table not found.
[    0.894674] PCI: Using host bridge windows from ACPI; if necessary, use "pci=nocrs" and report a bug
[    0.900902] ACPI: PCI Root Bridge [PCI0] (domain 0000 [bus 00-ff])
[    0.906125] pci_root PNP0A03:00: host bridge window [io  0x0000-0x0cf7]
[    0.908180] pci_root PNP0A03:00: host bridge window [io  0x0d00-0xadff]
[    0.908968] pci_root PNP0A03:00: host bridge window [io  0xae0f-0xaeff]
[    0.909820] pci_root PNP0A03:00: host bridge window [io  0xaf20-0xafdf]
[    0.910627] pci_root PNP0A03:00: host bridge window [io  0xafe4-0xffff]
[    0.912167] pci_root PNP0A03:00: host bridge window [mem 0x000a0000-0x000bffff]
[    0.913076] pci_root PNP0A03:00: host bridge window [mem 0x04000000-0xfebfffff]
[    0.941556] pci 0000:00:01.3: quirk: [io  0xb000-0xb03f] claimed by PIIX4 ACPI
[    0.942464] pci 0000:00:01.3: quirk: [io  0xb100-0xb10f] claimed by PIIX4 SMB
[    1.010518]  pci0000:00: Unable to request _OSC control (_OSC support mask: 0x1e)
[    1.078777] ACPI: PCI Interrupt Link [LNKA] (IRQs 5 *10 11)
[    1.082738] ACPI: PCI Interrupt Link [LNKB] (IRQs 5 *10 11)
[    1.088598] ACPI: PCI Interrupt Link [LNKC] (IRQs 5 10 *11)
[    1.092792] ACPI: PCI Interrupt Link [LNKD] (IRQs 5 10 *11)
[    1.094266] ACPI: PCI Interrupt Link [LNKS] (IRQs *9)
[    1.101816] vgaarb: device added: PCI:0000:00:02.0,decodes=io+mem,owns=io+mem,locks=none
[    1.102746] vgaarb: loaded
[    1.104208] vgaarb: bridge control possible 0000:00:02.0
[    1.107242] i2c-core: driver [aat2870] using legacy suspend method
[    1.108148] i2c-core: driver [aat2870] using legacy resume method
[    1.110352] SCSI subsystem initialized
[    1.114501] usbcore: registered new interface driver usbfs
[    1.116694] usbcore: registered new interface driver hub
[    1.117856] usbcore: registered new device driver usb
[    1.122082] PCI: Using ACPI for IRQ routing
[    1.133231] NetLabel: Initializing
[    1.133665] NetLabel:  domain hash size = 128
[    1.134159] NetLabel:  protocols = UNLABELED CIPSOv4
[    1.137028] NetLabel:  unlabeled traffic allowed by default
[    1.138933] HPET: 3 timers in total, 0 timers will be used for per-cpu timer
[    1.140428] hpet0: at MMIO 0xfed00000, IRQs 2, 8, 0
[    1.141275] hpet0: 3 comparators, 64-bit 100.000000 MHz counter
[    1.149939] Switching to clocksource hpet
[    1.389820] AppArmor: AppArmor Filesystem Enabled
[    1.391762] pnp: PnP ACPI init
[    1.394037] ACPI: bus type pnp registered
[    1.417642] pnp: PnP ACPI: found 9 devices
[    1.418210] ACPI: ACPI bus type pnp unregistered
[    1.475001] NET: Registered protocol family 2
[    1.514740] IP route cache hash table entries: 512 (order: 0, 4096 bytes)
[    1.522195] TCP established hash table entries: 2048 (order: 3, 32768 bytes)
[    1.523508] TCP bind hash table entries: 2048 (order: 3, 32768 bytes)
[    1.525186] TCP: Hash tables configured (established 2048 bind 2048)
[    1.526094] TCP reno registered
[    1.526475] UDP hash table entries: 128 (order: 0, 4096 bytes)
[    1.527290] UDP-Lite hash table entries: 128 (order: 0, 4096 bytes)
[    1.531184] NET: Registered protocol family 1
[    1.532060] pci 0000:00:00.0: Limiting direct PCI/PCI transfers
[    1.534221] pci 0000:00:01.0: PIIX3: Enabling Passive Release
[    1.535147] pci 0000:00:01.0: Activating ISA DMA hang workarounds
[    1.541554] ACPI: PCI Interrupt Link [LNKD] enabled at IRQ 11
[    1.542584] pci 0000:00:01.2: PCI INT D -&gt; Link[LNKD] -&gt; GSI 11 (level, high) -&gt; IRQ 11
[    1.544591] pci 0000:00:01.2: PCI INT D disabled
[    1.565590] Trying to unpack rootfs image as initramfs...
[    1.581697] audit: initializing netlink socket (disabled)
[    1.582674] type=2000 audit(1452075334.580:1): initialized
[    1.903674] HugeTLB registered 2 MB page size, pre-allocated 0 pages
[    1.984076] VFS: Disk quotas dquot_6.5.2
[    1.987172] Dquot-cache hash table entries: 512 (order 0, 4096 bytes)
[    2.005311] fuse init (API version 7.17)
[    2.007372] msgmni has been set to 84
[    2.039586] Block layer SCSI generic (bsg) driver version 0.4 loaded (major 253)
[    2.049833] io scheduler noop registered
[    2.050415] io scheduler deadline registered (default)
[    2.051511] io scheduler cfq registered
[    2.055078] pci_hotplug: PCI Hot Plug PCI Core version: 0.5
[    2.057376] pciehp: PCI Express Hot Plug Controller Driver version: 0.4
[    2.062126] input: Power Button as /devices/LNXSYSTM:00/LNXPWRBN:00/input/input0
[    2.063503] ACPI: Power Button [PWRF]
[    2.128299] ERST: Table is not found!
[    2.129665] GHES: HEST is not enabled!
[    2.142317] ACPI: PCI Interrupt Link [LNKC] enabled at IRQ 10
[    2.143156] virtio-pci 0000:00:03.0: PCI INT A -&gt; Link[LNKC] -&gt; GSI 10 (level, high) -&gt; IRQ 10
[    2.147018] virtio-pci 0000:00:04.0: PCI INT A -&gt; Link[LNKD] -&gt; GSI 11 (level, high) -&gt; IRQ 11
[    2.162992] ACPI: PCI Interrupt Link [LNKA] enabled at IRQ 10
[    2.163713] virtio-pci 0000:00:05.0: PCI INT A -&gt; Link[LNKA] -&gt; GSI 10 (level, high) -&gt; IRQ 10
[    2.173971] Serial: 8250/16550 driver, 32 ports, IRQ sharing enabled
[    2.217848] serial8250: ttyS0 at I/O 0x3f8 (irq = 4) is a 16550A
[    2.307765] serial8250: ttyS1 at I/O 0x2f8 (irq = 3) is a 16550A
[    2.462781] 00:05: ttyS0 at I/O 0x3f8 (irq = 4) is a 16550A
[    2.551965] 00:06: ttyS1 at I/O 0x2f8 (irq = 3) is a 16550A
[    2.553644] Refined TSC clocksource calibration: 2293.681 MHz.
[    2.554504] Switching to clocksource tsc
[    2.599624] Linux agpgart interface v0.103
[    2.693398] brd: module loaded
[    2.734675] loop: module loaded
[    2.778614]  vda: unknown partition table
[    2.833122] scsi0 : ata_piix
[    2.841049] scsi1 : ata_piix
[    2.842369] ata1: PATA max MWDMA2 cmd 0x1f0 ctl 0x3f6 bmdma 0xc0a0 irq 14
[    2.843268] ata2: PATA max MWDMA2 cmd 0x170 ctl 0x376 bmdma 0xc0a8 irq 15
[    2.853841] Fixed MDIO Bus: probed
[    2.854628] tun: Universal TUN/TAP device driver, 1.6
[    2.855390] tun: (C) 1999-2004 Max Krasnyansky &lt;maxk@qualcomm.com&gt;
[    2.867790] PPP generic driver version 2.4.2
[    2.891538] ehci_hcd: USB 2.0 'Enhanced' Host Controller (EHCI) Driver
[    2.893640] ohci_hcd: USB 1.1 'Open' Host Controller (OHCI) Driver
[    2.894559] uhci_hcd: USB Universal Host Controller Interface driver
[    2.895471] uhci_hcd 0000:00:01.2: PCI INT D -&gt; Link[LNKD] -&gt; GSI 11 (level, high) -&gt; IRQ 11
[    2.898462] uhci_hcd 0000:00:01.2: UHCI Host Controller
[    2.911687] uhci_hcd 0000:00:01.2: new USB bus registered, assigned bus number 1
[    2.914192] uhci_hcd 0000:00:01.2: irq 11, io base 0x0000c040
[    2.946464] hub 1-0:1.0: USB hub found
[    2.948611] hub 1-0:1.0: 2 ports detected
[    2.961192] usbcore: registered new interface driver libusual
[    2.965525] i8042: PNP: PS/2 Controller [PNP0303:KBD,PNP0f13:MOU] at 0x60,0x64 irq 1,12
[    2.975010] serio: i8042 KBD port at 0x60,0x64 irq 1
[    2.976103] serio: i8042 AUX port at 0x60,0x64 irq 12
[    3.031769] mousedev: PS/2 mouse device common for all mice
[    3.050307] input: AT Translated Set 2 keyboard as /devices/platform/i8042/serio0/input/input1
[    3.070259] rtc_cmos 00:01: RTC can wake from S4
[    3.079111] ata2.01: ATAPI: QEMU DVD-ROM, 2.0.0, max UDMA/100
[    3.093040] rtc_cmos 00:01: rtc core: registered rtc_cmos as rtc0
[    3.099219] rtc0: alarms up to one day, 114 bytes nvram, hpet irqs
[    3.107334] device-mapper: uevent: version 1.0.3
[    3.111338] ata2.01: configured for MWDMA2
[    3.147564] scsi 1:0:1:0: CD-ROM            QEMU     QEMU DVD-ROM     2.0. PQ: 0 ANSI: 5
[    3.154181] device-mapper: ioctl: 4.22.0-ioctl (2011-10-19) initialised: dm-devel@redhat.com
[    3.158292] cpuidle: using governor ladder
[    3.159563] cpuidle: using governor menu
[    3.160412] EFI Variables Facility v0.08 2004-May-17
[    3.167880] TCP cubic registered
[    3.171729] NET: Registered protocol family 10
[    3.200325] NET: Registered protocol family 17
[    3.203330] Registering the dns_resolver key type
[    3.221524] sr0: scsi3-mmc drive: 4x/4x cd/rw xa/form2 tray
[    3.223481] cdrom: Uniform CD-ROM driver Revision: 3.20
[    3.240769] sr 1:0:1:0: Attached scsi generic sg0 type 5
[    3.290025] Freeing initrd memory: 3656k freed
[    3.310350] registered taskstats version 1
[    3.788834]   Magic number: 0:198:274
[    3.798573] tty tty11: hash matches
[    3.803208] rtc_cmos 00:01: setting system clock to 2016-01-06 10:15:37 UTC (1452075337)
[    3.806218] powernow-k8: Processor cpuid 663 not supported
[    3.813118] BIOS EDD facility v0.16 2004-Jun-25, 0 devices found
[    3.814718] EDD information not available.
[    3.891885] Freeing unused kernel memory: 928k freed
[    3.898753] Write protecting the kernel read-only data: 12288k
[    4.033125] Freeing unused kernel memory: 1596k freed
[    4.126717] Freeing unused kernel memory: 1184k freed

info: initramfs: up at 4.31
modprobe: module virtio_blk not found in modules.dep
modprobe: module virtio_net not found in modules.dep
info: copying initramfs to /dev/vda
info: initramfs loading root from /dev/vda
info: /etc/init.d/rc.sysinit: up at 9.01
info: container: none
Starting logging: OK
modprobe: module virtio_blk not found in modules.dep
modprobe: module virtio_net not found in modules.dep
WARN: /etc/rc3.d/S10-load-modules failed
Initializing random number generator... done.
Starting acpid: OK
cirros-ds 'local' up at 11.54
found datasource (configdrive, local)
Starting network...
udhcpc (v1.20.1) started
Sending discover...
Sending discover...

2016-01-06 10:17:33,977 5845 INFO     [tempest_lib.common.rest_client] Request (TestNetworkAdvancedServerOps:_run_cleanups): 204 DELETE http://10.0.2.15:9696/v2.0/floatingips/38622b0b-5d1e-4264-a3b4-740a63e6f4cc 0.288s
2016-01-06 10:17:33,978 5845 DEBUG    [tempest_lib.common.rest_client] Request - Headers: {'Content-Type': 'application/json', 'Accept': 'application/json', 'X-Auth-Token': '&lt;omitted&gt;'}
        Body: None
    Response - Headers: {'date': 'Wed, 06 Jan 2016 10:17:33 GMT', 'status': '204', 'connection': 'close', 'content-length': '0', 'x-openstack-request-id': 'req-c8a06bdb-86bc-4b50-8884-9feec29d714a'}
        Body: 
2016-01-06 10:17:34,337 5845 INFO     [tempest_lib.common.rest_client] Request (TestNetworkAdvancedServerOps:_run_cleanups): 204 DELETE http://10.0.2.15:8774/v2.1/c4a4a9155c264e9987363aa9ea91c8f2/servers/ee1757db-24cc-4148-8a2b-7996529ad5cc 0.358s
2016-01-06 10:17:34,338 5845 DEBUG    [tempest_lib.common.rest_client] Request - Headers: {'Content-Type': 'application/json', 'Accept': 'application/json', 'X-Auth-Token': '&lt;omitted&gt;'}
        Body: None
    Response - Headers: {'status': '204', 'content-length': '0', 'x-compute-request-id': 'req-d2360b65-56ce-4a8f-a7b2-f4e4dbd1085d', 'vary': 'X-OpenStack-Nova-API-Version', 'connection': 'close', 'x-openstack-nova-api-version': '2.1', 'date': 'Wed, 06 Jan 2016 10:17:34 GMT', 'content-type': 'application/json'}
        Body: 
2016-01-06 10:17:34,693 5845 INFO     [tempest_lib.common.rest_client] Request (TestNetworkAdvancedServerOps:_run_cleanups): 200 GET http://10.0.2.15:8774/v2.1/c4a4a9155c264e9987363aa9ea91c8f2/servers/ee1757db-24cc-4148-8a2b-7996529ad5cc 0.354s
2016-01-06 10:17:34,693 5845 DEBUG    [tempest_lib.common.rest_client] Request - Headers: {'Content-Type': 'application/json', 'Accept': 'application/json', 'X-Auth-Token': '&lt;omitted&gt;'}
        Body: None
    Response - Headers: {'status': '200', 'content-length': '1786', 'content-location': 'http://10.0.2.15:8774/v2.1/c4a4a9155c264e9987363aa9ea91c8f2/servers/ee1757db-24cc-4148-8a2b-7996529ad5cc', 'x-compute-request-id': 'req-9c1a1854-c35b-4b18-b9ff-2d0699720c25', 'vary': 'X-OpenStack-Nova-API-Version', 'connection': 'close', 'x-openstack-nova-api-version': '2.1', 'date': 'Wed, 06 Jan 2016 10:17:34 GMT', 'content-type': 'application/json'}
        Body: {"server": {"status": "ACTIVE", "updated": "2016-01-06T10:17:34Z", "hostId": "49a82353661c21e3ae0a4a7277d23d99b2948c115ac966aed994d062", "addresses": {"tempest-network-smoke--1453261249": [{"OS-EXT-IPS-MAC:mac_addr": "fa:16:3e:bc:d1:19", "version": 4, "addr": "10.100.0.3", "OS-EXT-IPS:type": "fixed"}, {"OS-EXT-IPS-MAC:mac_addr": "fa:16:3e:bc:d1:19", "version": 4, "addr": "172.24.4.4", "OS-EXT-IPS:type": "floating"}]}, "links": [{"href": "http://10.0.2.15:8774/v2.1/c4a4a9155c264e9987363aa9ea91c8f2/servers/ee1757db-24cc-4148-8a2b-7996529ad5cc", "rel": "self"}, {"href": "http://10.0.2.15:8774/c4a4a9155c264e9987363aa9ea91c8f2/servers/ee1757db-24cc-4148-8a2b-7996529ad5cc", "rel": "bookmark"}], "key_name": "tempest-TestNetworkAdvancedServerOps-1953782063", "image": {"id": "a844f040-7d30-4aba-a852-6034abf4ad7b", "links": [{"href": "http://10.0.2.15:8774/c4a4a9155c264e9987363aa9ea91c8f2/images/a844f040-7d30-4aba-a852-6034abf4ad7b", "rel": "bookmark"}]}, "OS-EXT-STS:task_state": "deleting", "OS-EXT-STS:vm_state": "active", "OS-SRV-USG:launched_at": "2016-01-06T10:15:30.000000", "flavor": {"id": "42", "links": [{"href": "http://10.0.2.15:8774/c4a4a9155c264e9987363aa9ea91c8f2/flavors/42", "rel": "bookmark"}]}, "id": "ee1757db-24cc-4148-8a2b-7996529ad5cc", "security_groups": [{"name": "tempest-secgroup-smoke-1269203180"}], "OS-SRV-USG:terminated_at": null, "OS-EXT-AZ:availability_zone": "nova", "user_id": "f860f9125eb3472d880bfe85b64df458", "name": "tempest.common.compute-instance-1346424989", "created": "2016-01-06T10:15:26Z", "tenant_id": "c4a4a9155c264e9987363aa9ea91c8f2", "OS-DCF:diskConfig": "MANUAL", "os-extended-volumes:volumes_attached": [], "accessIPv4": "", "accessIPv6": "", "progress": 0, "OS-EXT-STS:power_state": 1, "config_drive": "True", "metadata": {}}}
2016-01-06 10:17:35,862 5845 INFO     [tempest_lib.common.rest_client] Request (TestNetworkAdvancedServerOps:_run_cleanups): 200 GET http://10.0.2.15:8774/v2.1/c4a4a9155c264e9987363aa9ea91c8f2/servers/ee1757db-24cc-4148-8a2b-7996529ad5cc 0.157s
2016-01-06 10:17:35,862 5845 DEBUG    [tempest_lib.common.rest_client] Request - Headers: {'Content-Type': 'application/json', 'Accept': 'application/json', 'X-Auth-Token': '&lt;omitted&gt;'}
        Body: None
    Response - Headers: {'status': '200', 'content-length': '1455', 'content-location': 'http://10.0.2.15:8774/v2.1/c4a4a9155c264e9987363aa9ea91c8f2/servers/ee1757db-24cc-4148-8a2b-7996529ad5cc', 'x-compute-request-id': 'req-7bdf7ecc-fa7b-4f98-a87a-f031b64c5886', 'vary': 'X-OpenStack-Nova-API-Version', 'connection': 'close', 'x-openstack-nova-api-version': '2.1', 'date': 'Wed, 06 Jan 2016 10:17:35 GMT', 'content-type': 'application/json'}
        Body: {"server": {"status": "DELETED", "updated": "2016-01-06T10:17:35Z", "hostId": "49a82353661c21e3ae0a4a7277d23d99b2948c115ac966aed994d062", "addresses": {}, "links": [{"href": "http://10.0.2.15:8774/v2.1/c4a4a9155c264e9987363aa9ea91c8f2/servers/ee1757db-24cc-4148-8a2b-7996529ad5cc", "rel": "self"}, {"href": "http://10.0.2.15:8774/c4a4a9155c264e9987363aa9ea91c8f2/servers/ee1757db-24cc-4148-8a2b-7996529ad5cc", "rel": "bookmark"}], "key_name": "tempest-TestNetworkAdvancedServerOps-1953782063", "image": {"id": "a844f040-7d30-4aba-a852-6034abf4ad7b", "links": [{"href": "http://10.0.2.15:8774/c4a4a9155c264e9987363aa9ea91c8f2/images/a844f040-7d30-4aba-a852-6034abf4ad7b", "rel": "bookmark"}]}, "OS-EXT-STS:task_state": null, "OS-EXT-STS:vm_state": "deleted", "OS-SRV-USG:launched_at": "2016-01-06T10:15:30.000000", "flavor": {"id": "42", "links": [{"href": "http://10.0.2.15:8774/c4a4a9155c264e9987363aa9ea91c8f2/flavors/42", "rel": "bookmark"}]}, "id": "ee1757db-24cc-4148-8a2b-7996529ad5cc", "OS-SRV-USG:terminated_at": "2016-01-06T10:17:35.000000", "OS-EXT-AZ:availability_zone": "nova", "user_id": "f860f9125eb3472d880bfe85b64df458", "name": "tempest.common.compute-instance-1346424989", "created": "2016-01-06T10:15:26Z", "tenant_id": "c4a4a9155c264e9987363aa9ea91c8f2", "OS-DCF:diskConfig": "MANUAL", "os-extended-volumes:volumes_attached": [], "accessIPv4": "", "accessIPv6": "", "OS-EXT-STS:power_state": 0, "config_drive": "True", "metadata": {}}}
2016-01-06 10:17:36,963 5845 INFO     [tempest_lib.common.rest_client] Request (TestNetworkAdvancedServerOps:_run_cleanups): 404 GET http://10.0.2.15:8774/v2.1/c4a4a9155c264e9987363aa9ea91c8f2/servers/ee1757db-24cc-4148-8a2b-7996529ad5cc 0.090s
2016-01-06 10:17:36,965 5845 DEBUG    [tempest_lib.common.rest_client] Request - Headers: {'Content-Type': 'application/json', 'Accept': 'application/json', 'X-Auth-Token': '&lt;omitted&gt;'}
        Body: None
    Response - Headers: {'status': '404', 'content-length': '111', 'x-compute-request-id': 'req-f5fba97d-5d07-4bb1-9851-73127e6e8878', 'vary': 'X-OpenStack-Nova-API-Version', 'connection': 'close', 'x-openstack-nova-api-version': '2.1', 'date': 'Wed, 06 Jan 2016 10:17:36 GMT', 'content-type': 'application/json; charset=UTF-8'}
        Body: {"itemNotFound": {"message": "Instance ee1757db-24cc-4148-8a2b-7996529ad5cc could not be found.", "code": 404}}
2016-01-06 10:17:37,390 5845 INFO     [tempest_lib.common.rest_client] Request (TestNetworkAdvancedServerOps:_run_cleanups): 200 PUT http://10.0.2.15:9696/v2.0/routers/6b05ee90-89e5-4ddb-abff-e0320557c503/remove_router_interface 0.424s
2016-01-06 10:17:37,390 5845 DEBUG    [tempest_lib.common.rest_client] Request - Headers: {'Content-Type': 'application/json', 'Accept': 'application/json', 'X-Auth-Token': '&lt;omitted&gt;'}
        Body: {"subnet_id": "b8105be8-7595-4bc2-92b5-c685092ca1bb"}
    Response - Headers: {'status': '200', 'content-length': '255', 'connection': 'close', 'date': 'Wed, 06 Jan 2016 10:17:37 GMT', 'content-type': 'application/json; charset=UTF-8', 'x-openstack-request-id': 'req-36c1fb6a-7bf4-427c-b49e-9704464868fc'}
        Body: {"subnet_id": "b8105be8-7595-4bc2-92b5-c685092ca1bb", "tenant_id": "c4a4a9155c264e9987363aa9ea91c8f2", "subnet_ids": ["b8105be8-7595-4bc2-92b5-c685092ca1bb"], "port_id": "4a00ec0c-7ba8-4a61-abc1-a38f2097a8cd", "id": "6b05ee90-89e5-4ddb-abff-e0320557c503"}
2016-01-06 10:17:37,951 5845 INFO     [tempest_lib.common.rest_client] Request (TestNetworkAdvancedServerOps:_run_cleanups): 204 DELETE http://10.0.2.15:9696/v2.0/subnets/b8105be8-7595-4bc2-92b5-c685092ca1bb 0.559s
2016-01-06 10:17:37,951 5845 DEBUG    [tempest_lib.common.rest_client] Request - Headers: {'Content-Type': 'application/json', 'Accept': 'application/json', 'X-Auth-Token': '&lt;omitted&gt;'}
        Body: None
    Response - Headers: {'date': 'Wed, 06 Jan 2016 10:17:37 GMT', 'status': '204', 'connection': 'close', 'content-length': '0', 'x-openstack-request-id': 'req-01675735-0d60-4e19-bda2-f29b831ce1c5'}
        Body: 
2016-01-06 10:17:38,014 5845 INFO     [tempest_lib.common.rest_client] Request (TestNetworkAdvancedServerOps:_run_cleanups): 200 GET http://10.0.2.15:9696/v2.0/routers/6b05ee90-89e5-4ddb-abff-e0320557c503 0.061s
2016-01-06 10:17:38,014 5845 DEBUG    [tempest_lib.common.rest_client] Request - Headers: {'Content-Type': 'application/json', 'Accept': 'application/json', 'X-Auth-Token': '&lt;omitted&gt;'}
        Body: None
    Response - Headers: {'status': '200', 'content-length': '564', 'content-location': 'http://10.0.2.15:9696/v2.0/routers/6b05ee90-89e5-4ddb-abff-e0320557c503', 'connection': 'close', 'date': 'Wed, 06 Jan 2016 10:17:38 GMT', 'content-type': 'application/json; charset=UTF-8', 'x-openstack-request-id': 'req-1762f7b1-f445-4256-8eb2-1043f3844dda'}
        Body: {"router": {"status": "ACTIVE", "external_gateway_info": {"network_id": "7987c582-2b70-42b9-9af7-6ffb44c6fd33", "enable_snat": true, "external_fixed_ips": [{"subnet_id": "56bfa4ec-2b76-4013-b8d3-2cf75c49fba8", "ip_address": "172.24.4.3"}, {"subnet_id": "5101a4c2-3f9e-485c-9112-f2084f9ec039", "ip_address": "2001:db8::3"}]}, "availability_zone_hints": [], "availability_zones": ["nova"], "name": "tempest-router-smoke-2140878802", "admin_state_up": true, "tenant_id": "c4a4a9155c264e9987363aa9ea91c8f2", "routes": [], "id": "6b05ee90-89e5-4ddb-abff-e0320557c503"}}
2016-01-06 10:17:38,468 5845 INFO     [tempest_lib.common.rest_client] Request (TestNetworkAdvancedServerOps:_run_cleanups): 200 PUT http://10.0.2.15:9696/v2.0/routers/6b05ee90-89e5-4ddb-abff-e0320557c503 0.452s
2016-01-06 10:17:38,468 5845 DEBUG    [tempest_lib.common.rest_client] Request - Headers: {'Content-Type': 'application/json', 'Accept': 'application/json', 'X-Auth-Token': '&lt;omitted&gt;'}
        Body: {"router": {"external_gateway_info": {}, "name": "tempest-router-smoke-2140878802", "admin_state_up": true}}
    Response - Headers: {'status': '200', 'content-length': '302', 'connection': 'close', 'date': 'Wed, 06 Jan 2016 10:17:38 GMT', 'content-type': 'application/json; charset=UTF-8', 'x-openstack-request-id': 'req-4988d6c3-ab41-4cc9-9287-c1293da7f11f'}
        Body: {"router": {"status": "ACTIVE", "external_gateway_info": null, "availability_zone_hints": [], "availability_zones": ["nova"], "name": "tempest-router-smoke-2140878802", "admin_state_up": true, "tenant_id": "c4a4a9155c264e9987363aa9ea91c8f2", "routes": [], "id": "6b05ee90-89e5-4ddb-abff-e0320557c503"}}
2016-01-06 10:17:38,734 5845 INFO     [tempest_lib.common.rest_client] Request (TestNetworkAdvancedServerOps:_run_cleanups): 204 DELETE http://10.0.2.15:9696/v2.0/routers/6b05ee90-89e5-4ddb-abff-e0320557c503 0.265s
2016-01-06 10:17:38,735 5845 DEBUG    [tempest_lib.common.rest_client] Request - Headers: {'Content-Type': 'application/json', 'Accept': 'application/json', 'X-Auth-Token': '&lt;omitted&gt;'}
        Body: None
    Response - Headers: {'date': 'Wed, 06 Jan 2016 10:17:38 GMT', 'status': '204', 'connection': 'close', 'content-length': '0', 'x-openstack-request-id': 'req-0400793c-b1ad-4532-a47c-310c36d1e46f'}
        Body: 
2016-01-06 10:17:38,951 5845 INFO     [tempest_lib.common.rest_client] Request (TestNetworkAdvancedServerOps:_run_cleanups): 204 DELETE http://10.0.2.15:9696/v2.0/networks/935105b3-760c-4d20-998b-c756c4c87a6f 0.216s
2016-01-06 10:17:38,952 5845 DEBUG    [tempest_lib.common.rest_client] Request - Headers: {'Content-Type': 'application/json', 'Accept': 'application/json', 'X-Auth-Token': '&lt;omitted&gt;'}
        Body: None
    Response - Headers: {'date': 'Wed, 06 Jan 2016 10:17:38 GMT', 'status': '204', 'connection': 'close', 'content-length': '0', 'x-openstack-request-id': 'req-dcbdddb8-9925-4fa5-a339-8756bb2c26d1'}
        Body: 
2016-01-06 10:17:39,017 5845 INFO     [tempest_lib.common.rest_client] Request (TestNetworkAdvancedServerOps:_run_cleanups): 204 DELETE http://10.0.2.15:9696/v2.0/security-group-rules/f10a28a9-3eb0-4f53-a48e-4ea8c12ad7d7 0.064s
2016-01-06 10:17:39,018 5845 DEBUG    [tempest_lib.common.rest_client] Request - Headers: {'Content-Type': 'application/json', 'Accept': 'application/json', 'X-Auth-Token': '&lt;omitted&gt;'}
        Body: None
    Response - Headers: {'date': 'Wed, 06 Jan 2016 10:17:39 GMT', 'status': '204', 'connection': 'close', 'content-length': '0', 'x-openstack-request-id': 'req-2b92683b-8878-4463-89bb-c7eecb9dd738'}
        Body: 
2016-01-06 10:17:39,077 5845 INFO     [tempest_lib.common.rest_client] Request (TestNetworkAdvancedServerOps:_run_cleanups): 204 DELETE http://10.0.2.15:9696/v2.0/security-group-rules/8faf22a7-fc19-4936-b5f7-85722b227336 0.058s
2016-01-06 10:17:39,077 5845 DEBUG    [tempest_lib.common.rest_client] Request - Headers: {'Content-Type': 'application/json', 'Accept': 'application/json', 'X-Auth-Token': '&lt;omitted&gt;'}
        Body: None
    Response - Headers: {'date': 'Wed, 06 Jan 2016 10:17:39 GMT', 'status': '204', 'connection': 'close', 'content-length': '0', 'x-openstack-request-id': 'req-cd42ee74-0604-4029-befb-872a05ab3e9e'}
        Body: 
2016-01-06 10:17:39,138 5845 INFO     [tempest_lib.common.rest_client] Request (TestNetworkAdvancedServerOps:_run_cleanups): 204 DELETE http://10.0.2.15:9696/v2.0/security-group-rules/e7e09116-0986-4284-a188-1a37d146da74 0.059s
2016-01-06 10:17:39,139 5845 DEBUG    [tempest_lib.common.rest_client] Request - Headers: {'Content-Type': 'application/json', 'Accept': 'application/json', 'X-Auth-Token': '&lt;omitted&gt;'}
        Body: None
    Response - Headers: {'date': 'Wed, 06 Jan 2016 10:17:39 GMT', 'status': '204', 'connection': 'close', 'content-length': '0', 'x-openstack-request-id': 'req-93029ce8-2a1f-4e52-aedf-d851a35e433c'}
        Body: 
2016-01-06 10:17:39,196 5845 INFO     [tempest_lib.common.rest_client] Request (TestNetworkAdvancedServerOps:_run_cleanups): 204 DELETE http://10.0.2.15:9696/v2.0/security-group-rules/29151757-4826-4e67-8a0d-3acafa69a292 0.056s
2016-01-06 10:17:39,197 5845 DEBUG    [tempest_lib.common.rest_client] Request - Headers: {'Content-Type': 'application/json', 'Accept': 'application/json', 'X-Auth-Token': '&lt;omitted&gt;'}
        Body: None
    Response - Headers: {'date': 'Wed, 06 Jan 2016 10:17:39 GMT', 'status': '204', 'connection': 'close', 'content-length': '0', 'x-openstack-request-id': 'req-b6812397-275a-483b-8995-8c0a5a420646'}
        Body: 
2016-01-06 10:17:39,247 5845 INFO     [tempest_lib.common.rest_client] Request (TestNetworkAdvancedServerOps:_run_cleanups): 204 DELETE http://10.0.2.15:9696/v2.0/security-group-rules/15f05469-2265-4467-b0f3-170e0e6d0116 0.049s
2016-01-06 10:17:39,247 5845 DEBUG    [tempest_lib.common.rest_client] Request - Headers: {'Content-Type': 'application/json', 'Accept': 'application/json', 'X-Auth-Token': '&lt;omitted&gt;'}
        Body: None
    Response - Headers: {'date': 'Wed, 06 Jan 2016 10:17:39 GMT', 'status': '204', 'connection': 'close', 'content-length': '0', 'x-openstack-request-id': 'req-9929289c-3d82-487c-9bef-da47bc472d1e'}
        Body: 
2016-01-06 10:17:39,303 5845 INFO     [tempest_lib.common.rest_client] Request (TestNetworkAdvancedServerOps:_run_cleanups): 204 DELETE http://10.0.2.15:9696/v2.0/security-group-rules/863ee13d-3964-4fb5-b3e6-eaec949b2b1b 0.055s
2016-01-06 10:17:39,304 5845 DEBUG    [tempest_lib.common.rest_client] Request - Headers: {'Content-Type': 'application/json', 'Accept': 'application/json', 'X-Auth-Token': '&lt;omitted&gt;'}
        Body: None
    Response - Headers: {'date': 'Wed, 06 Jan 2016 10:17:39 GMT', 'status': '204', 'connection': 'close', 'content-length': '0', 'x-openstack-request-id': 'req-e17f9b38-3cef-4591-bdf9-2fee05add597'}
        Body: 
2016-01-06 10:17:39,390 5845 INFO     [tempest_lib.common.rest_client] Request (TestNetworkAdvancedServerOps:_run_cleanups): 204 DELETE http://10.0.2.15:9696/v2.0/security-groups/b595c677-39fc-4712-a727-a5b329217df3 0.085s
2016-01-06 10:17:39,390 5845 DEBUG    [tempest_lib.common.rest_client] Request - Headers: {'Content-Type': 'application/json', 'Accept': 'application/json', 'X-Auth-Token': '&lt;omitted&gt;'}
        Body: None
    Response - Headers: {'date': 'Wed, 06 Jan 2016 10:17:39 GMT', 'status': '204', 'connection': 'close', 'content-length': '0', 'x-openstack-request-id': 'req-137abe14-245a-4caa-b594-28d71d24ca57'}
        Body: 
2016-01-06 10:17:39,412 5845 INFO     [tempest_lib.common.rest_client] Request (TestNetworkAdvancedServerOps:_run_cleanups): 202 DELETE http://10.0.2.15:8774/v2.1/c4a4a9155c264e9987363aa9ea91c8f2/os-keypairs/tempest-TestNetworkAdvancedServerOps-1953782063 0.021s
2016-01-06 10:17:39,413 5845 DEBUG    [tempest_lib.common.rest_client] Request - Headers: {'Content-Type': 'application/json', 'Accept': 'application/json', 'X-Auth-Token': '&lt;omitted&gt;'}
        Body: None
    Response - Headers: {'status': '202', 'content-length': '0', 'x-compute-request-id': 'req-38927226-11f7-4085-8474-1df78b608980', 'vary': 'X-OpenStack-Nova-API-Version', 'connection': 'close', 'x-openstack-nova-api-version': '2.1', 'date': 'Wed, 06 Jan 2016 10:17:39 GMT', 'content-type': 'application/json'}
        Body: 
2016-01-06 10:17:39,500 5845 INFO     [tempest_lib.common.rest_client] Request (TestNetworkAdvancedServerOps:_run_cleanups): 404 GET http://10.0.2.15:8774/v2.1/c4a4a9155c264e9987363aa9ea91c8f2/servers/ee1757db-24cc-4148-8a2b-7996529ad5cc 0.085s
2016-01-06 10:17:39,501 5845 DEBUG    [tempest_lib.common.rest_client] Request - Headers: {'Content-Type': 'application/json', 'Accept': 'application/json', 'X-Auth-Token': '&lt;omitted&gt;'}
        Body: None
    Response - Headers: {'status': '404', 'content-length': '111', 'x-compute-request-id': 'req-a45b94d0-d09d-444b-a976-299c1104d14c', 'vary': 'X-OpenStack-Nova-API-Version', 'connection': 'close', 'x-openstack-nova-api-version': '2.1', 'date': 'Wed, 06 Jan 2016 10:17:39 GMT', 'content-type': 'application/json; charset=UTF-8'}
        Body: {"itemNotFound": {"message": "Instance ee1757db-24cc-4148-8a2b-7996529ad5cc could not be found.", "code": 404}}
}}}

Traceback (most recent call last):
  File "tempest/test.py", line 113, in wrapper
    return f(self, *func_args, **func_kwargs)
  File "tempest/scenario/test_network_advanced_server_ops.py", line 134, in test_server_connectivity_pause_unpause
    server, keypair, floating_ip = self._setup_network_and_servers()
  File "tempest/scenario/test_network_advanced_server_ops.py", line 71, in _setup_network_and_servers
    server, keypair, floating_ip)
  File "tempest/scenario/test_network_advanced_server_ops.py", line 95, in _wait_server_status_and_check_network_connectivity
    self._check_network_connectivity(server, keypair, floating_ip)
  File "tempest/scenario/test_network_advanced_server_ops.py", line 88, in _check_network_connectivity
    servers=[server])
  File "tempest/scenario/manager.py", line 609, in check_public_network_connectivity
    should_connect=should_connect)
  File "tempest/scenario/manager.py", line 593, in check_vm_connectivity
    msg=msg)
  File "/usr/local/lib/python2.7/dist-packages/unittest2/case.py", line 702, in assertTrue
    raise self.failureException(msg)
AssertionError: False is not true : Timed out waiting for 172.24.4.4 to become reachable



        </pre>
    </div>
    <!--css div popup end-->

    </td>
</tr>

<tr id='ft1.2' class='none'>
    <td class='failCase'><div class='testcase'>test_server_connectivity_reboot[compute,id-7b6860c2-afa3-4846-9522-adeb38dfbe08,network]</div></td>
    <td colspan='7' align='left'>

    <!--css div popup start-->
    <a class="popup_link" onfocus='this.blur();'
    href="javascript:showTestDetail('div_ft1.2')" >
        fail</a>

    <div id='div_ft1.2' class="popup_window">
        <div style='text-align: right; color:red;cursor:pointer'>
        <a onfocus='this.blur();'
onclick="document.getElementById('div_ft1.2').style.display = 'none' " >
           [x]</a>
        </div>
        <pre>
        
ft1.2: tempest.scenario.test_network_advanced_server_ops.TestNetworkAdvancedServerOps.test_server_connectivity_reboot[compute,id-7b6860c2-afa3-4846-9522-adeb38dfbe08,network]_StringException: Empty attachments:
  stderr
  stdout

pythonlogging:'': {{{
2016-01-06 10:17:39,713 5845 INFO     [tempest_lib.common.rest_client] Request (TestNetworkAdvancedServerOps:test_server_connectivity_reboot): 200 POST http://10.0.2.15:8774/v2.1/c4a4a9155c264e9987363aa9ea91c8f2/os-keypairs 0.193s
