<?xml version="1.0" encoding="UTF-8"?>
<!DOCTYPE html PUBLIC "-//W3C//DTD XHTML 1.0 Strict//EN"
     "http://www.w3.org/TR/xhtml1/DTD/xhtml1-strict.dtd">
<html xmlns="http://www.w3.org/1999/xhtml">
<head>
    <title>Unit Test Report</title>
    <meta name="generator" content="subunit2html 0.1"/>
    <meta http-equiv="Content-Type" content="text/html; charset=UTF-8"/>
    
<style type="text/css" media="screen">
body        { font-family: verdana, arial, helvetica, sans-serif;
    font-size: 80%; }
table       { font-size: 100%; width: 100%;}
pre         { font-size: 80%; }

/* -- heading -------------------------------------------------------------- */
h1 {
        font-size: 16pt;
        color: gray;
}
.heading {
    margin-top: 0ex;
    margin-bottom: 1ex;
}

.heading .attribute {
    margin-top: 1ex;
    margin-bottom: 0;
}

.heading .description {
    margin-top: 4ex;
    margin-bottom: 6ex;
}

/* -- css div popup -------------------------------------------------------- */
a.popup_link {
}

a.popup_link:hover {
    color: red;
}

.popup_window {
    display: none;
    overflow-x: scroll;
    /*border: solid #627173 1px; */
    padding: 10px;
    background-color: #E6E6D6;
    font-family: "Ubuntu Mono", "Lucida Console", "Courier New", monospace;
    text-align: left;
    font-size: 8pt;
}

}
/* -- report --------------------------------------------------------------- */
#show_detail_line {
    margin-top: 3ex;
    margin-bottom: 1ex;
}
#result_table {
    width: 100%;
    border-collapse: collapse;
    border: 1px solid #777;
}
#header_row {
    font-weight: bold;
    color: white;
    background-color: #777;
}
#result_table td {
    border: 1px solid #777;
    padding: 2px;
}
#total_row  { font-weight: bold; }
.passClass  { background-color: #6c6; }
.failClass  { background-color: #c60; }
.errorClass { background-color: #c00; }
.passCase   { color: #6c6; }
.failCase   { color: #c60; font-weight: bold; }
.errorCase  { color: #c00; font-weight: bold; }
.hiddenRow  { display: none; }
.testcase   { margin-left: 2em; }
td.testname {width: 40%}
td.small {width: 40px}

/* -- ending --------------------------------------------------------------- */
#ending {
}

</style>

</head>
<body>
<script language="javascript" type="text/javascript"><!--
output_list = Array();

/* level - 0:Summary; 1:Failed; 2:All */
function showCase(level) {
    trs = document.getElementsByTagName("tr");
    for (var i = 0; i < trs.length; i++) {
        tr = trs[i];
        id = tr.id;
        if (id.substr(0,2) == 'ft') {
            if (level < 1) {
                tr.className = 'hiddenRow';
            }
            else {
                tr.className = '';
            }
        }
        if (id.substr(0,2) == 'pt') {
            if (level > 1) {
                tr.className = '';
            }
            else {
                tr.className = 'hiddenRow';
            }
        }
    }
}


function showClassDetail(cid, count) {
    var id_list = Array(count);
    var toHide = 1;
    for (var i = 0; i < count; i++) {
        tid0 = 't' + cid.substr(1) + '.' + (i+1);
        tid = 'f' + tid0;
        tr = document.getElementById(tid);
        if (!tr) {
            tid = 'p' + tid0;
            tr = document.getElementById(tid);
        }
        id_list[i] = tid;
        if (tr.className) {
            toHide = 0;
        }
    }
    for (var i = 0; i < count; i++) {
        tid = id_list[i];
        if (toHide) {
            document.getElementById('div_'+tid).style.display = 'none'
            document.getElementById(tid).className = 'hiddenRow';
        }
        else {
            document.getElementById(tid).className = '';
        }
    }
}


function showTestDetail(div_id){
    var details_div = document.getElementById(div_id)
    var displayState = details_div.style.display
    // alert(displayState)
    if (displayState != 'block' ) {
        displayState = 'block'
        details_div.style.display = 'block'
    }
    else {
        details_div.style.display = 'none'
    }
}


function html_escape(s) {
    s = s.replace(/&/g,'&amp;');
    s = s.replace(/</g,'&lt;');
    s = s.replace(/>/g,'&gt;');
    return s;
}

/* obsoleted by detail in <div>
function showOutput(id, name) {
    var w = window.open("", //url
                    name,
                    "resizable,scrollbars,status,width=800,height=450");
    d = w.document;
    d.write("<pre>");
    d.write(html_escape(output_list[id]));
    d.write("\n");
    d.write("<a href='javascript:window.close()'>close</a>\n");
    d.write("</pre>\n");
    d.close();
}
*/
--></script>

<div class='heading'>
<h1>Unit Test Report</h1>

<p class='attribute'><strong>Status:</strong> Failure 6</p>

<p class='description'></p>
</div>



<p id='show_detail_line'>Show
<a href='javascript:showCase(0)'>Summary</a>
<a href='javascript:showCase(1)'>Failed</a>
<a href='javascript:showCase(2)'>All</a>
</p>
<table id='result_table'>
<colgroup>
<col align='left' />
<col align='right' />
<col align='right' />
<col align='right' />
<col align='right' />
<col align='right' />
<col align='right' />
<col align='right' />
</colgroup>
<tr id='header_row'>
    <td>Test Group/Test case</td>
    <td>Count</td>
    <td>Pass</td>
    <td>Fail</td>
    <td>Error</td>
    <td>Skip</td>
    <td>View</td>
    <td> </td>
</tr>

<tr class='failClass'>
    <td class="testname">tempest.scenario.test_network_advanced_server_ops.TestNetworkAdvancedServerOps</td>
    <td class="small">6</td>
    <td class="small">0</td>
    <td class="small">6</td>
    <td class="small">0</td>
    <td class="small">0</td>
    <td class="small"><a href="javascript:showClassDetail('c1',6)"
>Detail</a></td>
    <td> </td>
</tr>

<tr id='ft1.1' class='none'>
    <td class='failCase'><div class='testcase'>test_server_connectivity_pause_unpause[compute,id-2b2642db-6568-4b35-b812-eceed3fa20ce,network]</div></td>
    <td colspan='7' align='left'>

    <!--css div popup start-->
    <a class="popup_link" onfocus='this.blur();'
    href="javascript:showTestDetail('div_ft1.1')" >
        fail</a>

    <div id='div_ft1.1' class="popup_window">
        <div style='text-align: right; color:red;cursor:pointer'>
        <a onfocus='this.blur();'
onclick="document.getElementById('div_ft1.1').style.display = 'none' " >
           [x]</a>
        </div>
        <pre>
        
ft1.1: tempest.scenario.test_network_advanced_server_ops.TestNetworkAdvancedServerOps.test_server_connectivity_pause_unpause[compute,id-2b2642db-6568-4b35-b812-eceed3fa20ce,network]_StringException: Empty attachments:
  stderr
  stdout

pythonlogging:'': {{{
2015-12-09 08:34:49,733 24450 INFO     [tempest_lib.common.rest_client] Request (TestNetworkAdvancedServerOps:test_server_connectivity_pause_unpause): 200 POST http://10.0.2.15:8774/v2.1/7a0a831fbe5c41afb3b2bd7dc03ecc3f/os-keypairs 0.380s
2015-12-09 08:34:49,734 24450 DEBUG    [tempest_lib.common.rest_client] Request - Headers: {'Content-Type': 'application/json', 'Accept': 'application/json', 'X-Auth-Token': '&lt;omitted&gt;'}
        Body: {"keypair": {"name": "tempest-TestNetworkAdvancedServerOps-1812466072"}}
    Response - Headers: {'status': '200', 'content-length': '2334', 'x-compute-request-id': 'req-1b984a75-04ab-417f-bc44-10fc1fab2ed9', 'vary': 'X-OpenStack-Nova-API-Version', 'connection': 'close', 'x-openstack-nova-api-version': '2.1', 'date': 'Wed, 09 Dec 2015 08:34:49 GMT', 'content-type': 'application/json'}
        Body: {"keypair": {"public_key": "ssh-rsa AAAAB3NzaC1yc2EAAAADAQABAAABAQDDKNkTYhuSHqw53WKddCG20rgjK/2baBbCZml903GiwDP9qz4coHSUTaQHnbI0opAhJQe+z1l4rLeagUlS/rHVpj8Uo9EWTAYCEYz9jydyuvS20y38C56jyiW47LVCo/XS1JjEgLWmfSlDmsRbQ9RdRbe3GXU3KtvrJWGfF7Aeflom8NvNpGSCldfSuUzXTN63CAz9iZ2/qObZ5OBA432NOOBcJCkL1H8ZXhWHnUgWS2yqSbqzHyqoNHrS41ZpjqR85R8vz1vmf/j1TQhXqTVd80XioQbHfpbtoyEiAqyIAt9BODCNCgI9BwkIXSiMvqmqPxVszt1DA/xFZ9KnMA4z Generated-by-Nova", "private_key": "-----BEGIN RSA PRIVATE KEY-----\nMIIEqgIBAAKCAQEAwyjZE2Ibkh6sOd1inXQhttK4Iyv9m2gWwmZpfdNxosAz/as+\nHKB0lE2kB52yNKKQISUHvs9ZeKy3moFJUv6x1aY/FKPRFkwGAhGM/Y8ncrr0ttMt\n/Aueo8oluOy1QqP10tSYxIC1pn0pQ5rEW0PUXUW3txl1Nyrb6yVhnxewHn5aJvDb\nzaRkgpXX0rlM10zetwgM/Ymdv6jm2eTgQON9jTjgXCQpC9R/GV4Vh51IFktsqkm6\nsx8qqDR60uNWaY6kfOUfL89b5n/49U0IV6k1XfNF4qEGx36W7aMhIgKsiALfQTgw\njQoCPQcJCF0ojL6pqj8VbM7dQwP8RWfSpzAOMwIDAQABAoIBAQCBUz9OdfP5R3Qv\nwEIKPxvcUBUP0aX0Zuy2FDGR3R1vkViin+jABaBbanvpRBoEgTlrjWNtkXAj5Kii\nrUwOwJLOFqW0or36vZQ5qLG6kTO99qAVyyms3XJZ7apDujB/obFT7efyR6yYUFaY\n4yV9qRxAVuPgZPFlBnTHhXUEfSkLetsLHge+Q5J/7GisDXIYdso23y9UtrNcVkYx\noDHyY9QT1VLaq9Mw+olsHNJ74Mw/N6phcLehGm3nSbaWzIQKxXmk6gmp0DXXg/vP\nTQPyjhuoCQaYcah7AlbkgZC7XQ8YWgMtPl5ypAYgSBztQGIkx3vCPLkCT0cLi1T/\n3I48FokJAoIAgQDF87IQaJ74wC5QBQCiZ6tUQn3BUuD3GucIjcyrLkggOpqenCAc\najEI/B/pNn30CBAlDXAE0aHNYCgTYQWpnnNSyHRuhOomd+zYIBVZi/Dd1pFZzQtH\n+hLiPC2KvDaLLnCxr/iR5aVEs9rOkU8Q907SFaW8G39YAvTYywgOctSqzQKCAIEA\n/GOHNiI7jBm/FKR2u6AfDuGVYdxWxf9FsZ29TVZusSEeQvnnSLwVajoK9mfqWiUL\nY0mfdXb/AAd/gpw/f4PBJVPRBf/zTg+/gGDH7JMVbGy0fz4A1ZrhfOyvtSaN+t92\nTIfWX0ArRMUOLpXLQYR8aYvQJ/qdq4mHN0Pr8nxZnP8CggCBAJjaes8s2kSesaRc\nmIbPon6n8U9M3iYxgeEbDcXJMSyh1C9Rw4Hthfu4JDQDPfMoHr9dxvgRn+1kqM1+\nB89YaRitbSrCO8SEqkChVZsV8mJ6gzZinKlxsw87BLeyajPDIoYyqbCPMbUBZJ5J\nmlIxhY235YiBey3M6qBU9t2hUhKpAoIAgQCJTYfwTj1A4XzPOQ2S0vAyg0xmGZ1n\nR5FdqCek3CGJ4S96VkOZkSDBUmRGWo/mjIKeeB30pFDjbjDTGDd/Imk/6lIrRmvR\nisWujHgW3oloG9cx5cREcGa9NHH+RcQ1t72+sqNP3DPtzJoDg+A4e1/Hd5U9Opzu\nBfp2eU/x8e46dwKCAIAdDlPSgTKOffb3w011eVLy0QhPGaJ0kQ9vZ7DeXzZwygPM\naVEFhPPSie9imURVd2QLpYJNzunD2QVU8OxvwVBcj+6ctSTtGzuZ9Hny2MfUX0sf\nXqIlXU1KdR2OTS1Tpgh8vdoayYOfYQQY0V2w6xDEWzoDtfwF4NGEIdtcQq75GA==\n-----END RSA PRIVATE KEY-----\n", "user_id": "9ff97265184c443ab21d427d19dc279e", "name": "tempest-TestNetworkAdvancedServerOps-1812466072", "fingerprint": "2c:d5:7e:9a:62:8c:bb:d5:78:95:12:4e:d2:01:e0:76"}}
2015-12-09 08:34:51,675 24450 INFO     [tempest_lib.common.rest_client] Request (TestNetworkAdvancedServerOps:test_server_connectivity_pause_unpause): 201 POST http://10.0.2.15:9696/v2.0/security-groups 1.937s
2015-12-09 08:34:51,676 24450 DEBUG    [tempest_lib.common.rest_client] Request - Headers: {'Content-Type': 'application/json', 'Accept': 'application/json', 'X-Auth-Token': '&lt;omitted&gt;'}
        Body: {"security_group": {"tenant_id": "7a0a831fbe5c41afb3b2bd7dc03ecc3f", "description": "tempest-secgroup-smoke-1332314974 description", "name": "tempest-secgroup-smoke-1332314974"}}
    Response - Headers: {'status': '201', 'content-length': '888', 'connection': 'close', 'date': 'Wed, 09 Dec 2015 08:34:51 GMT', 'content-type': 'application/json; charset=UTF-8', 'x-openstack-request-id': 'req-917e4ca8-c461-4791-869d-4537b0c8df04'}
        Body: {"security_group": {"tenant_id": "7a0a831fbe5c41afb3b2bd7dc03ecc3f", "description": "tempest-secgroup-smoke-1332314974 description", "id": "fc583cd8-71cf-4899-bd7a-a40eda752016", "security_group_rules": [{"remote_group_id": null, "direction": "egress", "remote_ip_prefix": null, "protocol": null, "ethertype": "IPv4", "tenant_id": "7a0a831fbe5c41afb3b2bd7dc03ecc3f", "port_range_max": null, "port_range_min": null, "id": "42aeda04-9e4b-4025-ac17-c1a856103e2f", "security_group_id": "fc583cd8-71cf-4899-bd7a-a40eda752016"}, {"remote_group_id": null, "direction": "egress", "remote_ip_prefix": null, "protocol": null, "ethertype": "IPv6", "tenant_id": "7a0a831fbe5c41afb3b2bd7dc03ecc3f", "port_range_max": null, "port_range_min": null, "id": "d572a2d5-cb11-464f-abdd-2942aef5beb4", "security_group_id": "fc583cd8-71cf-4899-bd7a-a40eda752016"}], "name": "tempest-secgroup-smoke-1332314974"}}
2015-12-09 08:34:51,794 24450 INFO     [tempest_lib.common.rest_client] Request (TestNetworkAdvancedServerOps:test_server_connectivity_pause_unpause): 201 POST http://10.0.2.15:9696/v2.0/security-group-rules 0.117s
2015-12-09 08:34:51,795 24450 DEBUG    [tempest_lib.common.rest_client] Request - Headers: {'Content-Type': 'application/json', 'Accept': 'application/json', 'X-Auth-Token': '&lt;omitted&gt;'}
        Body: {"security_group_rule": {"direction": "ingress", "protocol": "tcp", "tenant_id": "7a0a831fbe5c41afb3b2bd7dc03ecc3f", "port_range_max": 22, "security_group_id": "fc583cd8-71cf-4899-bd7a-a40eda752016", "port_range_min": 22}}
    Response - Headers: {'status': '201', 'content-length': '340', 'connection': 'close', 'date': 'Wed, 09 Dec 2015 08:34:51 GMT', 'content-type': 'application/json; charset=UTF-8', 'x-openstack-request-id': 'req-d37707e2-d04c-4d44-a794-d6dca0fe2406'}
        Body: {"security_group_rule": {"remote_group_id": null, "direction": "ingress", "remote_ip_prefix": null, "protocol": "tcp", "ethertype": "IPv4", "tenant_id": "7a0a831fbe5c41afb3b2bd7dc03ecc3f", "port_range_max": 22, "port_range_min": 22, "id": "f535dcb7-c1d3-4954-a634-5dc9b24e559b", "security_group_id": "fc583cd8-71cf-4899-bd7a-a40eda752016"}}
2015-12-09 08:34:51,916 24450 INFO     [tempest_lib.common.rest_client] Request (TestNetworkAdvancedServerOps:test_server_connectivity_pause_unpause): 201 POST http://10.0.2.15:9696/v2.0/security-group-rules 0.120s
2015-12-09 08:34:51,917 24450 DEBUG    [tempest_lib.common.rest_client] Request - Headers: {'Content-Type': 'application/json', 'Accept': 'application/json', 'X-Auth-Token': '&lt;omitted&gt;'}
        Body: {"security_group_rule": {"direction": "egress", "protocol": "tcp", "tenant_id": "7a0a831fbe5c41afb3b2bd7dc03ecc3f", "port_range_max": 22, "security_group_id": "fc583cd8-71cf-4899-bd7a-a40eda752016", "port_range_min": 22}}
    Response - Headers: {'status': '201', 'content-length': '339', 'connection': 'close', 'date': 'Wed, 09 Dec 2015 08:34:51 GMT', 'content-type': 'application/json; charset=UTF-8', 'x-openstack-request-id': 'req-f7ea5d7a-7130-4d56-86dd-ae1d8794d351'}
        Body: {"security_group_rule": {"remote_group_id": null, "direction": "egress", "remote_ip_prefix": null, "protocol": "tcp", "ethertype": "IPv4", "tenant_id": "7a0a831fbe5c41afb3b2bd7dc03ecc3f", "port_range_max": 22, "port_range_min": 22, "id": "fa5a6dfc-290c-4465-8f7c-285f4c5afb97", "security_group_id": "fc583cd8-71cf-4899-bd7a-a40eda752016"}}
2015-12-09 08:34:52,045 24450 INFO     [tempest_lib.common.rest_client] Request (TestNetworkAdvancedServerOps:test_server_connectivity_pause_unpause): 201 POST http://10.0.2.15:9696/v2.0/security-group-rules 0.125s
2015-12-09 08:34:52,045 24450 DEBUG    [tempest_lib.common.rest_client] Request - Headers: {'Content-Type': 'application/json', 'Accept': 'application/json', 'X-Auth-Token': '&lt;omitted&gt;'}
        Body: {"security_group_rule": {"tenant_id": "7a0a831fbe5c41afb3b2bd7dc03ecc3f", "direction": "ingress", "protocol": "icmp", "security_group_id": "fc583cd8-71cf-4899-bd7a-a40eda752016"}}
    Response - Headers: {'status': '201', 'content-length': '345', 'connection': 'close', 'date': 'Wed, 09 Dec 2015 08:34:52 GMT', 'content-type': 'application/json; charset=UTF-8', 'x-openstack-request-id': 'req-64951897-445a-43b7-806b-64ef866ff55d'}
        Body: {"security_group_rule": {"remote_group_id": null, "direction": "ingress", "remote_ip_prefix": null, "protocol": "icmp", "ethertype": "IPv4", "tenant_id": "7a0a831fbe5c41afb3b2bd7dc03ecc3f", "port_range_max": null, "port_range_min": null, "id": "bdc29193-0c4f-4203-96a5-29c6f524e3d3", "security_group_id": "fc583cd8-71cf-4899-bd7a-a40eda752016"}}
2015-12-09 08:34:52,283 24450 INFO     [tempest_lib.common.rest_client] Request (TestNetworkAdvancedServerOps:test_server_connectivity_pause_unpause): 201 POST http://10.0.2.15:9696/v2.0/security-group-rules 0.236s
2015-12-09 08:34:52,284 24450 DEBUG    [tempest_lib.common.rest_client] Request - Headers: {'Content-Type': 'application/json', 'Accept': 'application/json', 'X-Auth-Token': '&lt;omitted&gt;'}
        Body: {"security_group_rule": {"tenant_id": "7a0a831fbe5c41afb3b2bd7dc03ecc3f", "direction": "egress", "protocol": "icmp", "security_group_id": "fc583cd8-71cf-4899-bd7a-a40eda752016"}}
    Response - Headers: {'status': '201', 'content-length': '344', 'connection': 'close', 'date': 'Wed, 09 Dec 2015 08:34:52 GMT', 'content-type': 'application/json; charset=UTF-8', 'x-openstack-request-id': 'req-d27bb508-ea35-4ae9-afd4-2e8d9e357fa4'}
        Body: {"security_group_rule": {"remote_group_id": null, "direction": "egress", "remote_ip_prefix": null, "protocol": "icmp", "ethertype": "IPv4", "tenant_id": "7a0a831fbe5c41afb3b2bd7dc03ecc3f", "port_range_max": null, "port_range_min": null, "id": "c3abce23-1ef4-4a93-be8e-5d56fc2ec209", "security_group_id": "fc583cd8-71cf-4899-bd7a-a40eda752016"}}
2015-12-09 08:34:52,405 24450 INFO     [tempest_lib.common.rest_client] Request (TestNetworkAdvancedServerOps:test_server_connectivity_pause_unpause): 201 POST http://10.0.2.15:9696/v2.0/security-group-rules 0.120s
2015-12-09 08:34:52,405 24450 DEBUG    [tempest_lib.common.rest_client] Request - Headers: {'Content-Type': 'application/json', 'Accept': 'application/json', 'X-Auth-Token': '&lt;omitted&gt;'}
        Body: {"security_group_rule": {"tenant_id": "7a0a831fbe5c41afb3b2bd7dc03ecc3f", "direction": "ingress", "security_group_id": "fc583cd8-71cf-4899-bd7a-a40eda752016", "protocol": "icmp", "ethertype": "IPv6"}}
    Response - Headers: {'status': '201', 'content-length': '345', 'connection': 'close', 'date': 'Wed, 09 Dec 2015 08:34:52 GMT', 'content-type': 'application/json; charset=UTF-8', 'x-openstack-request-id': 'req-cc6ff830-9645-4972-aeac-313b751ea9b4'}
        Body: {"security_group_rule": {"remote_group_id": null, "direction": "ingress", "remote_ip_prefix": null, "protocol": "icmp", "ethertype": "IPv6", "tenant_id": "7a0a831fbe5c41afb3b2bd7dc03ecc3f", "port_range_max": null, "port_range_min": null, "id": "0086e63b-bd5f-46a0-8c1d-6e9fffeda554", "security_group_id": "fc583cd8-71cf-4899-bd7a-a40eda752016"}}
2015-12-09 08:34:52,534 24450 INFO     [tempest_lib.common.rest_client] Request (TestNetworkAdvancedServerOps:test_server_connectivity_pause_unpause): 201 POST http://10.0.2.15:9696/v2.0/security-group-rules 0.127s
2015-12-09 08:34:52,534 24450 DEBUG    [tempest_lib.common.rest_client] Request - Headers: {'Content-Type': 'application/json', 'Accept': 'application/json', 'X-Auth-Token': '&lt;omitted&gt;'}
        Body: {"security_group_rule": {"tenant_id": "7a0a831fbe5c41afb3b2bd7dc03ecc3f", "direction": "egress", "security_group_id": "fc583cd8-71cf-4899-bd7a-a40eda752016", "protocol": "icmp", "ethertype": "IPv6"}}
    Response - Headers: {'status': '201', 'content-length': '344', 'connection': 'close', 'date': 'Wed, 09 Dec 2015 08:34:52 GMT', 'content-type': 'application/json; charset=UTF-8', 'x-openstack-request-id': 'req-758b2be5-36e6-4293-a5ec-7d4ba5717513'}
        Body: {"security_group_rule": {"remote_group_id": null, "direction": "egress", "remote_ip_prefix": null, "protocol": "icmp", "ethertype": "IPv6", "tenant_id": "7a0a831fbe5c41afb3b2bd7dc03ecc3f", "port_range_max": null, "port_range_min": null, "id": "6cc9f81a-e7ee-4430-bc02-14a82d953cd1", "security_group_id": "fc583cd8-71cf-4899-bd7a-a40eda752016"}}
2015-12-09 08:34:52,712 24450 INFO     [tempest_lib.common.rest_client] Request (TestNetworkAdvancedServerOps:test_server_connectivity_pause_unpause): 201 POST http://10.0.2.15:9696/v2.0/networks 0.176s
2015-12-09 08:34:52,712 24450 DEBUG    [tempest_lib.common.rest_client] Request - Headers: {'Content-Type': 'application/json', 'Accept': 'application/json', 'X-Auth-Token': '&lt;omitted&gt;'}
        Body: {"network": {"tenant_id": "7a0a831fbe5c41afb3b2bd7dc03ecc3f", "name": "tempest-network-smoke--2043559741"}}
    Response - Headers: {'status': '201', 'content-length': '329', 'connection': 'close', 'date': 'Wed, 09 Dec 2015 08:34:52 GMT', 'content-type': 'application/json; charset=UTF-8', 'x-openstack-request-id': 'req-7472ab1e-362c-416b-8be5-cca56612de05'}
        Body: {"network": {"status": "ACTIVE", "subnets": [], "availability_zone_hints": "[]", "name": "tempest-network-smoke--2043559741", "admin_state_up": true, "tenant_id": "7a0a831fbe5c41afb3b2bd7dc03ecc3f", "mtu": 0, "router:external": false, "shared": false, "port_security_enabled": true, "id": "34d14eed-0c4e-4730-9ea9-cefcf8783bb5"}}
2015-12-09 08:34:52,804 24450 INFO     [tempest_lib.common.rest_client] Request (TestNetworkAdvancedServerOps:test_server_connectivity_pause_unpause): 201 POST http://10.0.2.15:9696/v2.0/routers 0.091s
2015-12-09 08:34:52,805 24450 DEBUG    [tempest_lib.common.rest_client] Request - Headers: {'Content-Type': 'application/json', 'Accept': 'application/json', 'X-Auth-Token': '&lt;omitted&gt;'}
        Body: {"router": {"tenant_id": "7a0a831fbe5c41afb3b2bd7dc03ecc3f", "name": "tempest-router-smoke-1418952230", "admin_state_up": true}}
    Response - Headers: {'status': '201', 'content-length': '296', 'connection': 'close', 'date': 'Wed, 09 Dec 2015 08:34:52 GMT', 'content-type': 'application/json; charset=UTF-8', 'x-openstack-request-id': 'req-d4873073-1494-4de8-9554-e304c7e7864f'}
        Body: {"router": {"status": "ACTIVE", "external_gateway_info": null, "availability_zone_hints": [], "availability_zones": [], "name": "tempest-router-smoke-1418952230", "admin_state_up": true, "tenant_id": "7a0a831fbe5c41afb3b2bd7dc03ecc3f", "routes": [], "id": "cc44a0cd-8784-4075-99d3-1005b040812c"}}
2015-12-09 08:34:52,861 24450 INFO     [tempest_lib.common.rest_client] Request (TestNetworkAdvancedServerOps:test_server_connectivity_pause_unpause): 200 GET http://10.0.2.15:9696/v2.0/routers/cc44a0cd-8784-4075-99d3-1005b040812c 0.053s
2015-12-09 08:34:52,862 24450 DEBUG    [tempest_lib.common.rest_client] Request - Headers: {'Content-Type': 'application/json', 'Accept': 'application/json', 'X-Auth-Token': '&lt;omitted&gt;'}
        Body: None
    Response - Headers: {'status': '200', 'content-length': '296', 'content-location': 'http://10.0.2.15:9696/v2.0/routers/cc44a0cd-8784-4075-99d3-1005b040812c', 'connection': 'close', 'date': 'Wed, 09 Dec 2015 08:34:52 GMT', 'content-type': 'application/json; charset=UTF-8', 'x-openstack-request-id': 'req-2bf96f57-8b76-44df-8e91-750e87d18259'}
        Body: {"router": {"status": "ACTIVE", "external_gateway_info": null, "availability_zone_hints": [], "availability_zones": [], "name": "tempest-router-smoke-1418952230", "admin_state_up": true, "tenant_id": "7a0a831fbe5c41afb3b2bd7dc03ecc3f", "routes": [], "id": "cc44a0cd-8784-4075-99d3-1005b040812c"}}
2015-12-09 08:34:53,531 24450 INFO     [tempest_lib.common.rest_client] Request (TestNetworkAdvancedServerOps:test_server_connectivity_pause_unpause): 200 PUT http://10.0.2.15:9696/v2.0/routers/cc44a0cd-8784-4075-99d3-1005b040812c 0.668s
2015-12-09 08:34:53,532 24450 DEBUG    [tempest_lib.common.rest_client] Request - Headers: {'Content-Type': 'application/json', 'Accept': 'application/json', 'X-Auth-Token': '&lt;omitted&gt;'}
        Body: {"router": {"external_gateway_info": {"network_id": "2a8c6224-6c66-41eb-8129-4cbaeb649974"}, "name": "tempest-router-smoke-1418952230", "admin_state_up": true}}
    Response - Headers: {'status': '200', 'content-length': '558', 'connection': 'close', 'date': 'Wed, 09 Dec 2015 08:34:53 GMT', 'content-type': 'application/json; charset=UTF-8', 'x-openstack-request-id': 'req-f0db1655-2795-4291-95c0-018415a739aa'}
        Body: {"router": {"status": "ACTIVE", "external_gateway_info": {"network_id": "2a8c6224-6c66-41eb-8129-4cbaeb649974", "enable_snat": true, "external_fixed_ips": [{"subnet_id": "6de6b85f-c6c5-4fab-a5c7-19f40f172eb5", "ip_address": "172.24.4.3"}, {"subnet_id": "8a78eb6d-0029-45e9-b391-ab77f26d363e", "ip_address": "2001:db8::4"}]}, "availability_zone_hints": [], "availability_zones": [], "name": "tempest-router-smoke-1418952230", "admin_state_up": true, "tenant_id": "7a0a831fbe5c41afb3b2bd7dc03ecc3f", "routes": [], "id": "cc44a0cd-8784-4075-99d3-1005b040812c"}}
2015-12-09 08:34:53,673 24450 INFO     [tempest_lib.common.rest_client] Request (TestNetworkAdvancedServerOps:test_server_connectivity_pause_unpause): 200 GET http://10.0.2.15:9696/v2.0/subnets?tenant_id=7a0a831fbe5c41afb3b2bd7dc03ecc3f&amp;cidr=10.100.0.0%2F28 0.139s
2015-12-09 08:34:53,673 24450 DEBUG    [tempest_lib.common.rest_client] Request - Headers: {'Content-Type': 'application/json', 'Accept': 'application/json', 'X-Auth-Token': '&lt;omitted&gt;'}
        Body: None
    Response - Headers: {'status': '200', 'content-length': '15', 'content-location': 'http://10.0.2.15:9696/v2.0/subnets?tenant_id=7a0a831fbe5c41afb3b2bd7dc03ecc3f&amp;cidr=10.100.0.0%2F28', 'connection': 'close', 'date': 'Wed, 09 Dec 2015 08:34:53 GMT', 'content-type': 'application/json; charset=UTF-8', 'x-openstack-request-id': 'req-83eb2322-5b37-450d-b161-d002f73d5339'}
        Body: {"subnets": []}
2015-12-09 08:34:54,219 24450 INFO     [tempest_lib.common.rest_client] Request (TestNetworkAdvancedServerOps:test_server_connectivity_pause_unpause): 201 POST http://10.0.2.15:9696/v2.0/subnets 0.545s
2015-12-09 08:34:54,220 24450 DEBUG    [tempest_lib.common.rest_client] Request - Headers: {'Content-Type': 'application/json', 'Accept': 'application/json', 'X-Auth-Token': '&lt;omitted&gt;'}
        Body: {"subnet": {"ip_version": 4, "tenant_id": "7a0a831fbe5c41afb3b2bd7dc03ecc3f", "cidr": "10.100.0.0/28", "network_id": "34d14eed-0c4e-4730-9ea9-cefcf8783bb5", "name": "tempest-subnet-smoke-895332861"}}
    Response - Headers: {'status': '201', 'content-length': '477', 'connection': 'close', 'date': 'Wed, 09 Dec 2015 08:34:54 GMT', 'content-type': 'application/json; charset=UTF-8', 'x-openstack-request-id': 'req-b1a7d1fc-663d-435c-a9b2-f198480e4697'}
        Body: {"subnet": {"name": "tempest-subnet-smoke-895332861", "enable_dhcp": true, "network_id": "34d14eed-0c4e-4730-9ea9-cefcf8783bb5", "tenant_id": "7a0a831fbe5c41afb3b2bd7dc03ecc3f", "dns_nameservers": [], "gateway_ip": "10.100.0.1", "ipv6_ra_mode": null, "allocation_pools": [{"start": "10.100.0.2", "end": "10.100.0.14"}], "host_routes": [], "ip_version": 4, "ipv6_address_mode": null, "cidr": "10.100.0.0/28", "id": "6d4d1615-e534-480c-9133-02ddafa17146", "subnetpool_id": null}}
2015-12-09 08:34:54,961 24450 INFO     [tempest_lib.common.rest_client] Request (TestNetworkAdvancedServerOps:test_server_connectivity_pause_unpause): 200 PUT http://10.0.2.15:9696/v2.0/routers/cc44a0cd-8784-4075-99d3-1005b040812c/add_router_interface 0.740s
2015-12-09 08:34:54,962 24450 DEBUG    [tempest_lib.common.rest_client] Request - Headers: {'Content-Type': 'application/json', 'Accept': 'application/json', 'X-Auth-Token': '&lt;omitted&gt;'}
        Body: {"subnet_id": "6d4d1615-e534-480c-9133-02ddafa17146"}
    Response - Headers: {'status': '200', 'content-length': '255', 'connection': 'close', 'date': 'Wed, 09 Dec 2015 08:34:54 GMT', 'content-type': 'application/json; charset=UTF-8', 'x-openstack-request-id': 'req-2868c6ae-0feb-4ebf-9cb9-308da89b6bbf'}
        Body: {"subnet_id": "6d4d1615-e534-480c-9133-02ddafa17146", "tenant_id": "7a0a831fbe5c41afb3b2bd7dc03ecc3f", "subnet_ids": ["6d4d1615-e534-480c-9133-02ddafa17146"], "port_id": "9443bf13-af7a-4518-aa35-f2d530a5eba0", "id": "cc44a0cd-8784-4075-99d3-1005b040812c"}
2015-12-09 08:34:55,058 24450 INFO     [tempest_lib.common.rest_client] Request (TestNetworkAdvancedServerOps:test_server_connectivity_pause_unpause): 200 POST http://10.0.2.15:5000/v2.0/tokens
2015-12-09 08:34:55,058 24450 DEBUG    [tempest_lib.common.rest_client] Request - Headers: {'Content-Type': 'application/json', 'Accept': 'application/json'}
        Body: &lt;omitted&gt;
    Response - Headers: {'status': '200', 'content-length': '2566', 'vary': 'X-Auth-Token', 'server': 'Apache/2.4.7 (Ubuntu)', 'connection': 'close', 'date': 'Wed, 09 Dec 2015 08:34:54 GMT', 'content-type': 'application/json', 'x-openstack-request-id': 'req-86ad0f26-e438-431f-96c0-e371cd0016a4'}
        Body: {"access": {"token": {"issued_at": "2015-12-09T08:34:55.046745", "expires": "2015-12-09T09:34:55Z", "id": "97475497acc7473e9b3a6832287f425b", "tenant": {"description": "tempest-TestNetworkAdvancedServerOps-1862342074-desc", "enabled": true, "id": "7a0a831fbe5c41afb3b2bd7dc03ecc3f", "name": "tempest-TestNetworkAdvancedServerOps-1862342074"}, "audit_ids": ["KUAvV9LDStGPCBQ-s9AA2A"]}, "serviceCatalog": [{"endpoints": [{"adminURL": "http://10.0.2.15:8774/v2.1/7a0a831fbe5c41afb3b2bd7dc03ecc3f", "region": "RegionOne", "internalURL": "http://10.0.2.15:8774/v2.1/7a0a831fbe5c41afb3b2bd7dc03ecc3f", "id": "12ff369e04da4ceea32d992ea4e6c29c", "publicURL": "http://10.0.2.15:8774/v2.1/7a0a831fbe5c41afb3b2bd7dc03ecc3f"}], "endpoints_links": [], "type": "compute", "name": "nova"}, {"endpoints": [{"adminURL": "http://10.0.2.15:9696/", "region": "RegionOne", "internalURL": "http://10.0.2.15:9696/", "id": "26b2065e2c2540878d5e9deb397eb5e2", "publicURL": "http://10.0.2.15:9696/"}], "endpoints_links": [], "type": "network", "name": "neutron"}, {"endpoints": [{"adminURL": "http://10.0.2.15:9292", "region": "RegionOne", "internalURL": "http://10.0.2.15:9292", "id": "502748b8d517435a9ea3699dd5faf1e2", "publicURL": "http://10.0.2.15:9292"}], "endpoints_links": [], "type": "image", "name": "glance"}, {"endpoints": [{"adminURL": "http://10.0.2.15:8774/v2/7a0a831fbe5c41afb3b2bd7dc03ecc3f", "region": "RegionOne", "internalURL": "http://10.0.2.15:8774/v2/7a0a831fbe5c41afb3b2bd7dc03ecc3f", "id": "13759d03be8c442f9b6a27b82b3ec690", "publicURL": "http://10.0.2.15:8774/v2/7a0a831fbe5c41afb3b2bd7dc03ecc3f"}], "endpoints_links": [], "type": "compute_legacy", "name": "nova_legacy"}, {"endpoints": [{"adminURL": "http://10.0.2.15:8773/", "region": "RegionOne", "internalURL": "http://10.0.2.15:8773/", "id": "3853ef66fa19448d96299a0712af7ea0", "publicURL": "http://10.0.2.15:8773/"}], "endpoints_links": [], "type": "ec2", "name": "ec2"}, {"endpoints": [{"adminURL": "http://10.0.2.15:35357/v2.0", "region": "RegionOne", "internalURL": "http://10.0.2.15:5000/v2.0", "id": "2f070dbd58fa4479aef32b269458b3e1", "publicURL": "http://10.0.2.15:5000/v2.0"}], "endpoints_links": [], "type": "identity", "name": "keystone"}], "user": {"username": "tempest-TestNetworkAdvancedServerOps-1436543125", "roles_links": [], "id": "9ff97265184c443ab21d427d19dc279e", "roles": [{"name": "_member_"}, {"name": "Member"}], "name": "tempest-TestNetworkAdvancedServerOps-1436543125"}, "metadata": {"is_admin": 0, "roles": ["9fe2ff9ee4384b1894a90878d3e92bab", "e84a12530eb646d2951f42997ca3bff7"]}}}
2015-12-09 08:34:55,062 24450 DEBUG    [tempest.common.fixed_network] (TestNetworkAdvancedServerOps:test_server_connectivity_pause_unpause) No valid network provided or created, defaulting to fixed_network_name
2015-12-09 08:34:55,409 24450 INFO     [tempest_lib.common.rest_client] Request (TestNetworkAdvancedServerOps:test_server_connectivity_pause_unpause): 200 GET http://10.0.2.15:8774/v2.1/7a0a831fbe5c41afb3b2bd7dc03ecc3f/os-networks 0.347s
2015-12-09 08:34:55,411 24450 DEBUG    [tempest_lib.common.rest_client] Request - Headers: {'Content-Type': 'application/json', 'Accept': 'application/json', 'X-Auth-Token': '&lt;omitted&gt;'}
        Body: None
    Response - Headers: {'status': '200', 'content-length': '479', 'content-location': 'http://10.0.2.15:8774/v2.1/7a0a831fbe5c41afb3b2bd7dc03ecc3f/os-networks', 'x-compute-request-id': 'req-5d28d774-3bbd-4c31-a720-3cd27909a20d', 'vary': 'X-OpenStack-Nova-API-Version', 'connection': 'close', 'x-openstack-nova-api-version': '2.1', 'date': 'Wed, 09 Dec 2015 08:34:55 GMT', 'content-type': 'application/json'}
        Body: {"networks": [{"cidr_v6": null, "dns2": null, "dns1": null, "gateway": null, "broadcast": null, "netmask": null, "gateway_v6": null, "cidr": null, "label": "public", "id": "2a8c6224-6c66-41eb-8129-4cbaeb649974", "netmask_v6": null}, {"cidr_v6": null, "dns2": null, "dns1": null, "gateway": null, "broadcast": null, "netmask": null, "gateway_v6": null, "cidr": null, "label": "tempest-network-smoke--2043559741", "id": "34d14eed-0c4e-4730-9ea9-cefcf8783bb5", "netmask_v6": null}]}
2015-12-09 08:34:55,411 24450 WARNING  [tempest.common.fixed_network] (TestNetworkAdvancedServerOps:test_server_connectivity_pause_unpause) Network with name: private not found
2015-12-09 08:34:55,412 24450 INFO     [tempest.common.fixed_network] (TestNetworkAdvancedServerOps:test_server_connectivity_pause_unpause) Found network {} available for tenant
2015-12-09 08:34:57,040 24450 INFO     [tempest_lib.common.rest_client] Request (TestNetworkAdvancedServerOps:test_server_connectivity_pause_unpause): 202 POST http://10.0.2.15:8774/v2.1/7a0a831fbe5c41afb3b2bd7dc03ecc3f/servers 1.627s
2015-12-09 08:34:57,040 24450 DEBUG    [tempest_lib.common.rest_client] Request - Headers: {'Content-Type': 'application/json', 'Accept': 'application/json', 'X-Auth-Token': '&lt;omitted&gt;'}
        Body: {"server": {"name": "tempest.common.compute-instance-1251671431", "imageRef": "f5997553-2588-4134-b56e-0524e0c9bc32", "key_name": "tempest-TestNetworkAdvancedServerOps-1812466072", "flavorRef": "42", "networks": [{"uuid": "34d14eed-0c4e-4730-9ea9-cefcf8783bb5"}], "security_groups": [{"name": "tempest-secgroup-smoke-1332314974"}]}}
    Response - Headers: {'status': '202', 'content-length': '462', 'x-compute-request-id': 'req-4764b601-0e48-4f6e-854c-08579ebb7823', 'vary': 'X-OpenStack-Nova-API-Version', 'connection': 'close', 'location': 'http://10.0.2.15:8774/v2.1/7a0a831fbe5c41afb3b2bd7dc03ecc3f/servers/737d9544-2ada-4388-8a46-b87f4167651b', 'x-openstack-nova-api-version': '2.1', 'date': 'Wed, 09 Dec 2015 08:34:57 GMT', 'content-type': 'application/json'}
        Body: {"server": {"security_groups": [{"name": "tempest-secgroup-smoke-1332314974"}], "OS-DCF:diskConfig": "MANUAL", "id": "737d9544-2ada-4388-8a46-b87f4167651b", "links": [{"href": "http://10.0.2.15:8774/v2.1/7a0a831fbe5c41afb3b2bd7dc03ecc3f/servers/737d9544-2ada-4388-8a46-b87f4167651b", "rel": "self"}, {"href": "http://10.0.2.15:8774/7a0a831fbe5c41afb3b2bd7dc03ecc3f/servers/737d9544-2ada-4388-8a46-b87f4167651b", "rel": "bookmark"}], "adminPass": "46kk4er6LSGZ"}}
2015-12-09 08:34:57,330 24450 INFO     [tempest_lib.common.rest_client] Request (TestNetworkAdvancedServerOps:test_server_connectivity_pause_unpause): 200 GET http://10.0.2.15:8774/v2.1/7a0a831fbe5c41afb3b2bd7dc03ecc3f/servers/737d9544-2ada-4388-8a46-b87f4167651b 0.287s
2015-12-09 08:34:57,330 24450 DEBUG    [tempest_lib.common.rest_client] Request - Headers: {'Content-Type': 'application/json', 'Accept': 'application/json', 'X-Auth-Token': '&lt;omitted&gt;'}
        Body: None
    Response - Headers: {'status': '200', 'content-length': '1365', 'content-location': 'http://10.0.2.15:8774/v2.1/7a0a831fbe5c41afb3b2bd7dc03ecc3f/servers/737d9544-2ada-4388-8a46-b87f4167651b', 'x-compute-request-id': 'req-3772987c-da95-4cc8-a19e-e2ce1fc1f0a6', 'vary': 'X-OpenStack-Nova-API-Version', 'connection': 'close', 'x-openstack-nova-api-version': '2.1', 'date': 'Wed, 09 Dec 2015 08:34:57 GMT', 'content-type': 'application/json'}
        Body: {"server": {"status": "BUILD", "updated": "2015-12-09T08:34:57Z", "hostId": "", "addresses": {}, "links": [{"href": "http://10.0.2.15:8774/v2.1/7a0a831fbe5c41afb3b2bd7dc03ecc3f/servers/737d9544-2ada-4388-8a46-b87f4167651b", "rel": "self"}, {"href": "http://10.0.2.15:8774/7a0a831fbe5c41afb3b2bd7dc03ecc3f/servers/737d9544-2ada-4388-8a46-b87f4167651b", "rel": "bookmark"}], "key_name": "tempest-TestNetworkAdvancedServerOps-1812466072", "image": {"id": "f5997553-2588-4134-b56e-0524e0c9bc32", "links": [{"href": "http://10.0.2.15:8774/7a0a831fbe5c41afb3b2bd7dc03ecc3f/images/f5997553-2588-4134-b56e-0524e0c9bc32", "rel": "bookmark"}]}, "OS-EXT-STS:task_state": "scheduling", "OS-EXT-STS:vm_state": "building", "OS-SRV-USG:launched_at": null, "flavor": {"id": "42", "links": [{"href": "http://10.0.2.15:8774/7a0a831fbe5c41afb3b2bd7dc03ecc3f/flavors/42", "rel": "bookmark"}]}, "id": "737d9544-2ada-4388-8a46-b87f4167651b", "OS-SRV-USG:terminated_at": null, "OS-EXT-AZ:availability_zone": "", "user_id": "9ff97265184c443ab21d427d19dc279e", "name": "tempest.common.compute-instance-1251671431", "created": "2015-12-09T08:34:56Z", "tenant_id": "7a0a831fbe5c41afb3b2bd7dc03ecc3f", "OS-DCF:diskConfig": "MANUAL", "os-extended-volumes:volumes_attached": [], "accessIPv4": "", "accessIPv6": "", "progress": 0, "OS-EXT-STS:power_state": 0, "config_drive": "", "metadata": {}}}
2015-12-09 08:34:58,716 24450 INFO     [tempest_lib.common.rest_client] Request (TestNetworkAdvancedServerOps:test_server_connectivity_pause_unpause): 200 GET http://10.0.2.15:8774/v2.1/7a0a831fbe5c41afb3b2bd7dc03ecc3f/servers/737d9544-2ada-4388-8a46-b87f4167651b 0.377s
2015-12-09 08:34:58,717 24450 DEBUG    [tempest_lib.common.rest_client] Request - Headers: {'Content-Type': 'application/json', 'Accept': 'application/json', 'X-Auth-Token': '&lt;omitted&gt;'}
        Body: None
    Response - Headers: {'status': '200', 'content-length': '1491', 'content-location': 'http://10.0.2.15:8774/v2.1/7a0a831fbe5c41afb3b2bd7dc03ecc3f/servers/737d9544-2ada-4388-8a46-b87f4167651b', 'x-compute-request-id': 'req-386cfa8b-1515-480c-92dc-f4cebc3910a5', 'vary': 'X-OpenStack-Nova-API-Version', 'connection': 'close', 'x-openstack-nova-api-version': '2.1', 'date': 'Wed, 09 Dec 2015 08:34:58 GMT', 'content-type': 'application/json'}
        Body: {"server": {"status": "BUILD", "updated": "2015-12-09T08:34:58Z", "hostId": "7116730268c06c8a53400d3b3a36dc6223095dbed91662a72c5930f6", "addresses": {}, "links": [{"href": "http://10.0.2.15:8774/v2.1/7a0a831fbe5c41afb3b2bd7dc03ecc3f/servers/737d9544-2ada-4388-8a46-b87f4167651b", "rel": "self"}, {"href": "http://10.0.2.15:8774/7a0a831fbe5c41afb3b2bd7dc03ecc3f/servers/737d9544-2ada-4388-8a46-b87f4167651b", "rel": "bookmark"}], "key_name": "tempest-TestNetworkAdvancedServerOps-1812466072", "image": {"id": "f5997553-2588-4134-b56e-0524e0c9bc32", "links": [{"href": "http://10.0.2.15:8774/7a0a831fbe5c41afb3b2bd7dc03ecc3f/images/f5997553-2588-4134-b56e-0524e0c9bc32", "rel": "bookmark"}]}, "OS-EXT-STS:task_state": "spawning", "OS-EXT-STS:vm_state": "building", "OS-SRV-USG:launched_at": null, "flavor": {"id": "42", "links": [{"href": "http://10.0.2.15:8774/7a0a831fbe5c41afb3b2bd7dc03ecc3f/flavors/42", "rel": "bookmark"}]}, "id": "737d9544-2ada-4388-8a46-b87f4167651b", "security_groups": [{"name": "tempest-secgroup-smoke-1332314974"}], "OS-SRV-USG:terminated_at": null, "OS-EXT-AZ:availability_zone": "nova", "user_id": "9ff97265184c443ab21d427d19dc279e", "name": "tempest.common.compute-instance-1251671431", "created": "2015-12-09T08:34:56Z", "tenant_id": "7a0a831fbe5c41afb3b2bd7dc03ecc3f", "OS-DCF:diskConfig": "MANUAL", "os-extended-volumes:volumes_attached": [], "accessIPv4": "", "accessIPv6": "", "progress": 0, "OS-EXT-STS:power_state": 0, "config_drive": "", "metadata": {}}}
2015-12-09 08:34:58,725 24450 INFO     [tempest.common.waiters] State transition "BUILD/scheduling" ==&gt; "BUILD/spawning" after 1 second wait
2015-12-09 08:35:00,058 24450 INFO     [tempest_lib.common.rest_client] Request (TestNetworkAdvancedServerOps:test_server_connectivity_pause_unpause): 200 GET http://10.0.2.15:8774/v2.1/7a0a831fbe5c41afb3b2bd7dc03ecc3f/servers/737d9544-2ada-4388-8a46-b87f4167651b 0.331s
2015-12-09 08:35:00,058 24450 DEBUG    [tempest_lib.common.rest_client] Request - Headers: {'Content-Type': 'application/json', 'Accept': 'application/json', 'X-Auth-Token': '&lt;omitted&gt;'}
        Body: None
    Response - Headers: {'status': '200', 'content-length': '1491', 'content-location': 'http://10.0.2.15:8774/v2.1/7a0a831fbe5c41afb3b2bd7dc03ecc3f/servers/737d9544-2ada-4388-8a46-b87f4167651b', 'x-compute-request-id': 'req-aa6461b5-626d-46ae-b448-b6bde44040e1', 'vary': 'X-OpenStack-Nova-API-Version', 'connection': 'close', 'x-openstack-nova-api-version': '2.1', 'date': 'Wed, 09 Dec 2015 08:35:00 GMT', 'content-type': 'application/json'}
        Body: {"server": {"status": "BUILD", "updated": "2015-12-09T08:34:58Z", "hostId": "7116730268c06c8a53400d3b3a36dc6223095dbed91662a72c5930f6", "addresses": {}, "links": [{"href": "http://10.0.2.15:8774/v2.1/7a0a831fbe5c41afb3b2bd7dc03ecc3f/servers/737d9544-2ada-4388-8a46-b87f4167651b", "rel": "self"}, {"href": "http://10.0.2.15:8774/7a0a831fbe5c41afb3b2bd7dc03ecc3f/servers/737d9544-2ada-4388-8a46-b87f4167651b", "rel": "bookmark"}], "key_name": "tempest-TestNetworkAdvancedServerOps-1812466072", "image": {"id": "f5997553-2588-4134-b56e-0524e0c9bc32", "links": [{"href": "http://10.0.2.15:8774/7a0a831fbe5c41afb3b2bd7dc03ecc3f/images/f5997553-2588-4134-b56e-0524e0c9bc32", "rel": "bookmark"}]}, "OS-EXT-STS:task_state": "spawning", "OS-EXT-STS:vm_state": "building", "OS-SRV-USG:launched_at": null, "flavor": {"id": "42", "links": [{"href": "http://10.0.2.15:8774/7a0a831fbe5c41afb3b2bd7dc03ecc3f/flavors/42", "rel": "bookmark"}]}, "id": "737d9544-2ada-4388-8a46-b87f4167651b", "security_groups": [{"name": "tempest-secgroup-smoke-1332314974"}], "OS-SRV-USG:terminated_at": null, "OS-EXT-AZ:availability_zone": "nova", "user_id": "9ff97265184c443ab21d427d19dc279e", "name": "tempest.common.compute-instance-1251671431", "created": "2015-12-09T08:34:56Z", "tenant_id": "7a0a831fbe5c41afb3b2bd7dc03ecc3f", "OS-DCF:diskConfig": "MANUAL", "os-extended-volumes:volumes_attached": [], "accessIPv4": "", "accessIPv6": "", "progress": 0, "OS-EXT-STS:power_state": 0, "config_drive": "", "metadata": {}}}
2015-12-09 08:35:01,263 24450 INFO     [tempest_lib.common.rest_client] Request (TestNetworkAdvancedServerOps:test_server_connectivity_pause_unpause): 200 GET http://10.0.2.15:8774/v2.1/7a0a831fbe5c41afb3b2bd7dc03ecc3f/servers/737d9544-2ada-4388-8a46-b87f4167651b 0.196s
2015-12-09 08:35:01,264 24450 DEBUG    [tempest_lib.common.rest_client] Request - Headers: {'Content-Type': 'application/json', 'Accept': 'application/json', 'X-Auth-Token': '&lt;omitted&gt;'}
        Body: None
    Response - Headers: {'status': '200', 'content-length': '1663', 'content-location': 'http://10.0.2.15:8774/v2.1/7a0a831fbe5c41afb3b2bd7dc03ecc3f/servers/737d9544-2ada-4388-8a46-b87f4167651b', 'x-compute-request-id': 'req-a513f8b3-63da-4519-a310-1c629649d0cc', 'vary': 'X-OpenStack-Nova-API-Version', 'connection': 'close', 'x-openstack-nova-api-version': '2.1', 'date': 'Wed, 09 Dec 2015 08:35:01 GMT', 'content-type': 'application/json'}
        Body: {"server": {"status": "ACTIVE", "updated": "2015-12-09T08:35:00Z", "hostId": "7116730268c06c8a53400d3b3a36dc6223095dbed91662a72c5930f6", "addresses": {"tempest-network-smoke--2043559741": [{"OS-EXT-IPS-MAC:mac_addr": "fa:16:3e:69:a5:dd", "version": 4, "addr": "10.100.0.3", "OS-EXT-IPS:type": "fixed"}]}, "links": [{"href": "http://10.0.2.15:8774/v2.1/7a0a831fbe5c41afb3b2bd7dc03ecc3f/servers/737d9544-2ada-4388-8a46-b87f4167651b", "rel": "self"}, {"href": "http://10.0.2.15:8774/7a0a831fbe5c41afb3b2bd7dc03ecc3f/servers/737d9544-2ada-4388-8a46-b87f4167651b", "rel": "bookmark"}], "key_name": "tempest-TestNetworkAdvancedServerOps-1812466072", "image": {"id": "f5997553-2588-4134-b56e-0524e0c9bc32", "links": [{"href": "http://10.0.2.15:8774/7a0a831fbe5c41afb3b2bd7dc03ecc3f/images/f5997553-2588-4134-b56e-0524e0c9bc32", "rel": "bookmark"}]}, "OS-EXT-STS:task_state": null, "OS-EXT-STS:vm_state": "active", "OS-SRV-USG:launched_at": "2015-12-09T08:35:00.000000", "flavor": {"id": "42", "links": [{"href": "http://10.0.2.15:8774/7a0a831fbe5c41afb3b2bd7dc03ecc3f/flavors/42", "rel": "bookmark"}]}, "id": "737d9544-2ada-4388-8a46-b87f4167651b", "security_groups": [{"name": "tempest-secgroup-smoke-1332314974"}], "OS-SRV-USG:terminated_at": null, "OS-EXT-AZ:availability_zone": "nova", "user_id": "9ff97265184c443ab21d427d19dc279e", "name": "tempest.common.compute-instance-1251671431", "created": "2015-12-09T08:34:56Z", "tenant_id": "7a0a831fbe5c41afb3b2bd7dc03ecc3f", "OS-DCF:diskConfig": "MANUAL", "os-extended-volumes:volumes_attached": [], "accessIPv4": "", "accessIPv6": "", "progress": 0, "OS-EXT-STS:power_state": 1, "config_drive": "True", "metadata": {}}}
2015-12-09 08:35:01,273 24450 INFO     [tempest.common.waiters] State transition "BUILD/spawning" ==&gt; "ACTIVE/None" after 4 second wait
2015-12-09 08:35:01,475 24450 INFO     [tempest_lib.common.rest_client] Request (TestNetworkAdvancedServerOps:test_server_connectivity_pause_unpause): 200 GET http://10.0.2.15:8774/v2.1/7a0a831fbe5c41afb3b2bd7dc03ecc3f/servers/737d9544-2ada-4388-8a46-b87f4167651b 0.201s
2015-12-09 08:35:01,475 24450 DEBUG    [tempest_lib.common.rest_client] Request - Headers: {'Content-Type': 'application/json', 'Accept': 'application/json', 'X-Auth-Token': '&lt;omitted&gt;'}
        Body: None
    Response - Headers: {'status': '200', 'content-length': '1663', 'content-location': 'http://10.0.2.15:8774/v2.1/7a0a831fbe5c41afb3b2bd7dc03ecc3f/servers/737d9544-2ada-4388-8a46-b87f4167651b', 'x-compute-request-id': 'req-4f74c0d8-854b-41ab-b676-2394579f50d5', 'vary': 'X-OpenStack-Nova-API-Version', 'connection': 'close', 'x-openstack-nova-api-version': '2.1', 'date': 'Wed, 09 Dec 2015 08:35:01 GMT', 'content-type': 'application/json'}
        Body: {"server": {"status": "ACTIVE", "updated": "2015-12-09T08:35:00Z", "hostId": "7116730268c06c8a53400d3b3a36dc6223095dbed91662a72c5930f6", "addresses": {"tempest-network-smoke--2043559741": [{"OS-EXT-IPS-MAC:mac_addr": "fa:16:3e:69:a5:dd", "version": 4, "addr": "10.100.0.3", "OS-EXT-IPS:type": "fixed"}]}, "links": [{"href": "http://10.0.2.15:8774/v2.1/7a0a831fbe5c41afb3b2bd7dc03ecc3f/servers/737d9544-2ada-4388-8a46-b87f4167651b", "rel": "self"}, {"href": "http://10.0.2.15:8774/7a0a831fbe5c41afb3b2bd7dc03ecc3f/servers/737d9544-2ada-4388-8a46-b87f4167651b", "rel": "bookmark"}], "key_name": "tempest-TestNetworkAdvancedServerOps-1812466072", "image": {"id": "f5997553-2588-4134-b56e-0524e0c9bc32", "links": [{"href": "http://10.0.2.15:8774/7a0a831fbe5c41afb3b2bd7dc03ecc3f/images/f5997553-2588-4134-b56e-0524e0c9bc32", "rel": "bookmark"}]}, "OS-EXT-STS:task_state": null, "OS-EXT-STS:vm_state": "active", "OS-SRV-USG:launched_at": "2015-12-09T08:35:00.000000", "flavor": {"id": "42", "links": [{"href": "http://10.0.2.15:8774/7a0a831fbe5c41afb3b2bd7dc03ecc3f/flavors/42", "rel": "bookmark"}]}, "id": "737d9544-2ada-4388-8a46-b87f4167651b", "security_groups": [{"name": "tempest-secgroup-smoke-1332314974"}], "OS-SRV-USG:terminated_at": null, "OS-EXT-AZ:availability_zone": "nova", "user_id": "9ff97265184c443ab21d427d19dc279e", "name": "tempest.common.compute-instance-1251671431", "created": "2015-12-09T08:34:56Z", "tenant_id": "7a0a831fbe5c41afb3b2bd7dc03ecc3f", "OS-DCF:diskConfig": "MANUAL", "os-extended-volumes:volumes_attached": [], "accessIPv4": "", "accessIPv6": "", "progress": 0, "OS-EXT-STS:power_state": 1, "config_drive": "True", "metadata": {}}}
2015-12-09 08:35:01,610 24450 INFO     [tempest_lib.common.rest_client] Request (TestNetworkAdvancedServerOps:test_server_connectivity_pause_unpause): 200 GET http://10.0.2.15:9696/v2.0/ports?status=ACTIVE&amp;fixed_ip=None&amp;device_id=737d9544-2ada-4388-8a46-b87f4167651b 0.126s
2015-12-09 08:35:01,610 24450 DEBUG    [tempest_lib.common.rest_client] Request - Headers: {'Content-Type': 'application/json', 'Accept': 'application/json', 'X-Auth-Token': '&lt;omitted&gt;'}
        Body: None
    Response - Headers: {'status': '200', 'content-length': '895', 'content-location': 'http://10.0.2.15:9696/v2.0/ports?status=ACTIVE&amp;fixed_ip=None&amp;device_id=737d9544-2ada-4388-8a46-b87f4167651b', 'connection': 'close', 'date': 'Wed, 09 Dec 2015 08:35:01 GMT', 'content-type': 'application/json; charset=UTF-8', 'x-openstack-request-id': 'req-7da0e3e2-44e0-4464-b1d4-65a7105fad0f'}
        Body: {"ports": [{"status": "ACTIVE", "binding:host_id": "vagrant-ubuntu-trusty-64", "allowed_address_pairs": [], "extra_dhcp_opts": [], "dns_assignment": [{"hostname": "host-10-100-0-3", "ip_address": "10.100.0.3", "fqdn": "host-10-100-0-3.openstacklocal."}], "device_owner": "compute:None", "port_security_enabled": true, "binding:profile": {}, "fixed_ips": [{"subnet_id": "6d4d1615-e534-480c-9133-02ddafa17146", "ip_address": "10.100.0.3"}], "id": "a7861d20-6172-4111-be9e-ea12c7bd379a", "security_groups": ["fc583cd8-71cf-4899-bd7a-a40eda752016"], "device_id": "737d9544-2ada-4388-8a46-b87f4167651b", "name": "", "admin_state_up": true, "network_id": "34d14eed-0c4e-4730-9ea9-cefcf8783bb5", "dns_name": "", "binding:vif_details": {"port_filter": true}, "binding:vnic_type": "normal", "binding:vif_type": "ovs", "tenant_id": "7a0a831fbe5c41afb3b2bd7dc03ecc3f", "mac_address": "fa:16:3e:69:a5:dd"}]}
2015-12-09 08:35:02,115 24450 INFO     [tempest_lib.common.rest_client] Request (TestNetworkAdvancedServerOps:test_server_connectivity_pause_unpause): 201 POST http://10.0.2.15:9696/v2.0/floatingips 0.504s
2015-12-09 08:35:02,116 24450 DEBUG    [tempest_lib.common.rest_client] Request - Headers: {'Content-Type': 'application/json', 'Accept': 'application/json', 'X-Auth-Token': '&lt;omitted&gt;'}
        Body: {"floatingip": {"floating_network_id": "2a8c6224-6c66-41eb-8129-4cbaeb649974", "tenant_id": "7a0a831fbe5c41afb3b2bd7dc03ecc3f", "fixed_ip_address": "10.100.0.3", "port_id": "a7861d20-6172-4111-be9e-ea12c7bd379a"}}
    Response - Headers: {'status': '201', 'content-length': '367', 'connection': 'close', 'date': 'Wed, 09 Dec 2015 08:35:02 GMT', 'content-type': 'application/json; charset=UTF-8', 'x-openstack-request-id': 'req-19292f30-1626-4979-84c5-421286f70f2c'}
        Body: {"floatingip": {"floating_network_id": "2a8c6224-6c66-41eb-8129-4cbaeb649974", "router_id": "cc44a0cd-8784-4075-99d3-1005b040812c", "fixed_ip_address": "10.100.0.3", "floating_ip_address": "172.24.4.4", "tenant_id": "7a0a831fbe5c41afb3b2bd7dc03ecc3f", "status": "DOWN", "port_id": "a7861d20-6172-4111-be9e-ea12c7bd379a", "id": "c0558edb-6140-4f0e-98fd-002c864d4b40"}}
2015-12-09 08:35:02,313 24450 INFO     [tempest_lib.common.rest_client] Request (TestNetworkAdvancedServerOps:test_server_connectivity_pause_unpause): 200 GET http://10.0.2.15:8774/v2.1/7a0a831fbe5c41afb3b2bd7dc03ecc3f/servers/737d9544-2ada-4388-8a46-b87f4167651b 0.197s
2015-12-09 08:35:02,314 24450 DEBUG    [tempest_lib.common.rest_client] Request - Headers: {'Content-Type': 'application/json', 'Accept': 'application/json', 'X-Auth-Token': '&lt;omitted&gt;'}
        Body: None
    Response - Headers: {'status': '200', 'content-length': '1663', 'content-location': 'http://10.0.2.15:8774/v2.1/7a0a831fbe5c41afb3b2bd7dc03ecc3f/servers/737d9544-2ada-4388-8a46-b87f4167651b', 'x-compute-request-id': 'req-701e6bff-e8c5-4892-9642-fb60ae3972a5', 'vary': 'X-OpenStack-Nova-API-Version', 'connection': 'close', 'x-openstack-nova-api-version': '2.1', 'date': 'Wed, 09 Dec 2015 08:35:02 GMT', 'content-type': 'application/json'}
        Body: {"server": {"status": "ACTIVE", "updated": "2015-12-09T08:35:00Z", "hostId": "7116730268c06c8a53400d3b3a36dc6223095dbed91662a72c5930f6", "addresses": {"tempest-network-smoke--2043559741": [{"OS-EXT-IPS-MAC:mac_addr": "fa:16:3e:69:a5:dd", "version": 4, "addr": "10.100.0.3", "OS-EXT-IPS:type": "fixed"}]}, "links": [{"href": "http://10.0.2.15:8774/v2.1/7a0a831fbe5c41afb3b2bd7dc03ecc3f/servers/737d9544-2ada-4388-8a46-b87f4167651b", "rel": "self"}, {"href": "http://10.0.2.15:8774/7a0a831fbe5c41afb3b2bd7dc03ecc3f/servers/737d9544-2ada-4388-8a46-b87f4167651b", "rel": "bookmark"}], "key_name": "tempest-TestNetworkAdvancedServerOps-1812466072", "image": {"id": "f5997553-2588-4134-b56e-0524e0c9bc32", "links": [{"href": "http://10.0.2.15:8774/7a0a831fbe5c41afb3b2bd7dc03ecc3f/images/f5997553-2588-4134-b56e-0524e0c9bc32", "rel": "bookmark"}]}, "OS-EXT-STS:task_state": null, "OS-EXT-STS:vm_state": "active", "OS-SRV-USG:launched_at": "2015-12-09T08:35:00.000000", "flavor": {"id": "42", "links": [{"href": "http://10.0.2.15:8774/7a0a831fbe5c41afb3b2bd7dc03ecc3f/flavors/42", "rel": "bookmark"}]}, "id": "737d9544-2ada-4388-8a46-b87f4167651b", "security_groups": [{"name": "tempest-secgroup-smoke-1332314974"}], "OS-SRV-USG:terminated_at": null, "OS-EXT-AZ:availability_zone": "nova", "user_id": "9ff97265184c443ab21d427d19dc279e", "name": "tempest.common.compute-instance-1251671431", "created": "2015-12-09T08:34:56Z", "tenant_id": "7a0a831fbe5c41afb3b2bd7dc03ecc3f", "OS-DCF:diskConfig": "MANUAL", "os-extended-volumes:volumes_attached": [], "accessIPv4": "", "accessIPv6": "", "progress": 0, "OS-EXT-STS:power_state": 1, "config_drive": "True", "metadata": {}}}
2015-12-09 08:35:02,323 24450 INFO     [tempest.scenario.manager] Tenant networks not configured to be reachable.
2015-12-09 08:35:02,337 24450 INFO     [tempest_lib.common.rest_client] Request (TestNetworkAdvancedServerOps:test_server_connectivity_pause_unpause): 200 GET http://10.0.2.15:9696/v2.0/floatingips/c0558edb-6140-4f0e-98fd-002c864d4b40 0.013s
2015-12-09 08:35:02,337 24450 DEBUG    [tempest_lib.common.rest_client] Request - Headers: {'Content-Type': 'application/json', 'Accept': 'application/json', 'X-Auth-Token': '&lt;omitted&gt;'}
        Body: None
    Response - Headers: {'status': '200', 'content-length': '367', 'content-location': 'http://10.0.2.15:9696/v2.0/floatingips/c0558edb-6140-4f0e-98fd-002c864d4b40', 'connection': 'close', 'date': 'Wed, 09 Dec 2015 08:35:02 GMT', 'content-type': 'application/json; charset=UTF-8', 'x-openstack-request-id': 'req-3f48f61e-76d8-442b-aa35-69a1fe64601c'}
        Body: {"floatingip": {"floating_network_id": "2a8c6224-6c66-41eb-8129-4cbaeb649974", "router_id": "cc44a0cd-8784-4075-99d3-1005b040812c", "fixed_ip_address": "10.100.0.3", "floating_ip_address": "172.24.4.4", "tenant_id": "7a0a831fbe5c41afb3b2bd7dc03ecc3f", "status": "DOWN", "port_id": "a7861d20-6172-4111-be9e-ea12c7bd379a", "id": "c0558edb-6140-4f0e-98fd-002c864d4b40"}}
2015-12-09 08:35:03,352 24450 INFO     [tempest_lib.common.rest_client] Request (TestNetworkAdvancedServerOps:test_server_connectivity_pause_unpause): 200 GET http://10.0.2.15:9696/v2.0/floatingips/c0558edb-6140-4f0e-98fd-002c864d4b40 0.014s
2015-12-09 08:35:03,352 24450 DEBUG    [tempest_lib.common.rest_client] Request - Headers: {'Content-Type': 'application/json', 'Accept': 'application/json', 'X-Auth-Token': '&lt;omitted&gt;'}
        Body: None
    Response - Headers: {'status': '200', 'content-length': '369', 'content-location': 'http://10.0.2.15:9696/v2.0/floatingips/c0558edb-6140-4f0e-98fd-002c864d4b40', 'connection': 'close', 'date': 'Wed, 09 Dec 2015 08:35:03 GMT', 'content-type': 'application/json; charset=UTF-8', 'x-openstack-request-id': 'req-ca7f9e6a-b875-48a6-8470-427c07d4c68a'}
        Body: {"floatingip": {"floating_network_id": "2a8c6224-6c66-41eb-8129-4cbaeb649974", "router_id": "cc44a0cd-8784-4075-99d3-1005b040812c", "fixed_ip_address": "10.100.0.3", "floating_ip_address": "172.24.4.4", "tenant_id": "7a0a831fbe5c41afb3b2bd7dc03ecc3f", "status": "ACTIVE", "port_id": "a7861d20-6172-4111-be9e-ea12c7bd379a", "id": "c0558edb-6140-4f0e-98fd-002c864d4b40"}}
2015-12-09 08:35:03,353 24450 INFO     [tempest.scenario.manager] FloatingIP: &lt;"FloatingIP" addr="172.24.4.4" id="c0558edb-6140-4f0e-98fd-002c864d4b40"&gt; is at status: ACTIVE
2015-12-09 08:35:03,353 24450 DEBUG    [tempest.scenario.manager] checking network connections to IP 172.24.4.4 with user: cirros
2015-12-09 08:35:03,353 24450 DEBUG    [tempest.scenario.manager] TestNetworkAdvancedServerOps:test_server_connectivity_pause_unpause begins to ping 172.24.4.4 in 120 sec and the expected result is reachable
2015-12-09 08:37:03,662 24450 DEBUG    [tempest.scenario.manager] TestNetworkAdvancedServerOps:test_server_connectivity_pause_unpause finishes ping 172.24.4.4 in 120 sec and the ping result is unexpected
2015-12-09 08:37:03,663 24450 ERROR    [tempest.scenario.manager] Public network connectivity check failed
2015-12-09 08:37:03.663 24450 ERROR tempest.scenario.manager Traceback (most recent call last):
2015-12-09 08:37:03.663 24450 ERROR tempest.scenario.manager   File "tempest/scenario/manager.py", line 606, in check_public_network_connectivity
2015-12-09 08:37:03.663 24450 ERROR tempest.scenario.manager     should_connect=should_connect)
2015-12-09 08:37:03.663 24450 ERROR tempest.scenario.manager   File "tempest/scenario/manager.py", line 590, in check_vm_connectivity
2015-12-09 08:37:03.663 24450 ERROR tempest.scenario.manager     msg=msg)
2015-12-09 08:37:03.663 24450 ERROR tempest.scenario.manager   File "/usr/local/lib/python2.7/dist-packages/unittest2/case.py", line 702, in assertTrue
2015-12-09 08:37:03.663 24450 ERROR tempest.scenario.manager     raise self.failureException(msg)
2015-12-09 08:37:03.663 24450 ERROR tempest.scenario.manager AssertionError: False is not true : Timed out waiting for 172.24.4.4 to become reachable
2015-12-09 08:37:03.663 24450 ERROR tempest.scenario.manager 
2015-12-09 08:37:03,883 24450 INFO     [tempest_lib.common.rest_client] Request (TestNetworkAdvancedServerOps:test_server_connectivity_pause_unpause): 200 POST http://10.0.2.15:8774/v2.1/7a0a831fbe5c41afb3b2bd7dc03ecc3f/servers/737d9544-2ada-4388-8a46-b87f4167651b/action 0.218s
2015-12-09 08:37:03,884 24450 DEBUG    [tempest_lib.common.rest_client] Request - Headers: {'Content-Type': 'application/json', 'Accept': 'application/json', 'X-Auth-Token': '&lt;omitted&gt;'}
        Body: {"os-getConsoleOutput": {}}
    Response - Headers: {'status': '200', 'content-length': '17362', 'x-compute-request-id': 'req-61705965-6ec7-4669-bfa4-ed2e1394910a', 'vary': 'X-OpenStack-Nova-API-Version', 'connection': 'close', 'x-openstack-nova-api-version': '2.1', 'date': 'Wed, 09 Dec 2015 08:37:03 GMT', 'content-type': 'application/json'}
        Body: {"output": "[    0.000000] Initializing cgroup subsys cpuset\n[    0.000000] Initializing cgroup subsys cpu\n[    0.000000] Linux version 3.2.0-80-virtual (buildd@batsu) (gcc version 4.6.3 (Ubuntu/Linaro 4.6.3-1ubuntu5) ) #116-Ubuntu SMP Mon Mar 23 17:28:52 UTC 2015 (Ubuntu 3.2.0-80.116-virtual 3.2.68)\n[    0.000000] Command line: root=/dev/vda console=tty0 console=ttyS0 no_timer_check\n[    0.000000] KERNEL supported cpus:\n[    0.000000]   Intel GenuineIntel\n[    0.000000]   AMD AuthenticAMD\n[    0.000000]   Centaur CentaurHauls\n[    0.000000] BIOS-provided physical RAM map:\n[    0.000000]  BIOS-e820: 0000000000000000 - 000000000009fc00 (usable)\n[    0.000000]  BIOS-e820: 000000000009fc00 - 00000000000a0000 (reserved)\n[    0.000000]  BIOS-e820: 00000000000f0000 - 0000000000100000 (reserved)\n[    0.000000]  BIOS-e820: 0000000000100000 - 0000000003ffe000 (usable)\n[    0.000000]  BIOS-e820: 0000000003ffe000 - 0000000004000000 (reserved)\n[    0.000000]  BIOS-e820: 00000000fffc0000 - 0000000100000000 (reserved)\n[    0.000000] NX (Execute Disable) protection: active\n[    0.000000] SMBIOS 2.4 present.\n[    0.000000] No AGP bridge found\n[    0.000000] last_pfn = 0x3ffe max_arch_pfn = 0x400000000\n[    0.000000] x86 PAT enabled: cpu 0, old 0x7040600070406, new 0x7010600070106\n[    0.000000] found SMP MP-table at [ffff8800000f0b00] f0b00\n[    0.000000] init_memory_mapping: 0000000000000000-0000000003ffe000\n[    0.000000] RAMDISK: 03c5e000 - 03ff0000\n[    0.000000] ACPI: RSDP 00000000000f0950 00014 (v00 BOCHS )\n[    0.000000] ACPI: RSDT 0000000003fffbc1 00034 (v01 BOCHS  BXPCRSDT 00000001 BXPC 00000001)\n[    0.000000] ACPI: FACP 0000000003fff1c0 00074 (v01 BOCHS  BXPCFACP 00000001 BXPC 00000001)\n[    0.000000] ACPI: DSDT 0000000003ffe040 01180 (v01 BOCHS  BXPCDSDT 00000001 BXPC 00000001)\n[    0.000000] ACPI: FACS 0000000003ffe000 00040\n[    0.000000] ACPI: SSDT 0000000003fff234 008DD (v01 BOCHS  BXPCSSDT 00000001 BXPC 00000001)\n[    0.000000] ACPI: APIC 0000000003fffb11 00078 (v01 BOCHS  BXPCAPIC 00000001 BXPC 00000001)\n[    0.000000] ACPI: HPET 0000000003fffb89 00038 (v01 BOCHS  BXPCHPET 00000001 BXPC 00000001)\n[    0.000000] No NUMA configuration found\n[    0.000000] Faking a node at 0000000000000000-0000000003ffe000\n[    0.000000] Initmem setup node 0 0000000000000000-0000000003ffe000\n[    0.000000]   NODE_DATA [0000000003ff6000 - 0000000003ffafff]\n[    0.000000] Zone PFN ranges:\n[    0.000000]   DMA      0x00000010 -&gt; 0x00001000\n[    0.000000]   DMA32    0x00001000 -&gt; 0x00100000\n[    0.000000]   Normal   empty\n[    0.000000] Movable zone start PFN for each node\n[    0.000000] early_node_map[2] active PFN ranges\n[    0.000000]     0: 0x00000010 -&gt; 0x0000009f\n[    0.000000]     0: 0x00000100 -&gt; 0x00003ffe\n[    0.000000] ACPI: PM-Timer IO Port: 0xb008\n[    0.000000] ACPI: LAPIC (acpi_id[0x00] lapic_id[0x00] enabled)\n[    0.000000] ACPI: LAPIC_NMI (acpi_id[0xff] dfl dfl lint[0x1])\n[    0.000000] ACPI: IOAPIC (id[0x00] address[0xfec00000] gsi_base[0])\n[    0.000000] IOAPIC[0]: apic_id 0, version 17, address 0xfec00000, GSI 0-23\n[    0.000000] ACPI: INT_SRC_OVR (bus 0 bus_irq 0 global_irq 2 dfl dfl)\n[    0.000000] ACPI: INT_SRC_OVR (bus 0 bus_irq 5 global_irq 5 high level)\n[    0.000000] ACPI: INT_SRC_OVR (bus 0 bus_irq 9 global_irq 9 high level)\n[    0.000000] ACPI: INT_SRC_OVR (bus 0 bus_irq 10 global_irq 10 high level)\n[    0.000000] ACPI: INT_SRC_OVR (bus 0 bus_irq 11 global_irq 11 high level)\n[    0.000000] Using ACPI (MADT) for SMP configuration information\n[    0.000000] ACPI: HPET id: 0x8086a201 base: 0xfed00000\n[    0.000000] SMP: Allowing 1 CPUs, 0 hotplug CPUs\n[    0.000000] PM: Registered nosave memory: 000000000009f000 - 00000000000a0000\n[    0.000000] PM: Registered nosave memory: 00000000000a0000 - 00000000000f0000\n[    0.000000] PM: Registered nosave memory: 00000000000f0000 - 0000000000100000\n[    0.000000] Allocating PCI resources starting at 4000000 (gap: 4000000:fbfc0000)\n[    0.000000] Booting paravirtualized kernel on bare hardware\n[    0.000000] setup_pe
2015-12-09 08:37:03,887 24450 DEBUG    [tempest.scenario.manager] Console output for 737d9544-2ada-4388-8a46-b87f4167651b
body=
[    0.000000] Initializing cgroup subsys cpuset
[    0.000000] Initializing cgroup subsys cpu
[    0.000000] Linux version 3.2.0-80-virtual (buildd@batsu) (gcc version 4.6.3 (Ubuntu/Linaro 4.6.3-1ubuntu5) ) #116-Ubuntu SMP Mon Mar 23 17:28:52 UTC 2015 (Ubuntu 3.2.0-80.116-virtual 3.2.68)
[    0.000000] Command line: root=/dev/vda console=tty0 console=ttyS0 no_timer_check
[    0.000000] KERNEL supported cpus:
[    0.000000]   Intel GenuineIntel
[    0.000000]   AMD AuthenticAMD
[    0.000000]   Centaur CentaurHauls
[    0.000000] BIOS-provided physical RAM map:
[    0.000000]  BIOS-e820: 0000000000000000 - 000000000009fc00 (usable)
[    0.000000]  BIOS-e820: 000000000009fc00 - 00000000000a0000 (reserved)
[    0.000000]  BIOS-e820: 00000000000f0000 - 0000000000100000 (reserved)
[    0.000000]  BIOS-e820: 0000000000100000 - 0000000003ffe000 (usable)
[    0.000000]  BIOS-e820: 0000000003ffe000 - 0000000004000000 (reserved)
[    0.000000]  BIOS-e820: 00000000fffc0000 - 0000000100000000 (reserved)
[    0.000000] NX (Execute Disable) protection: active
[    0.000000] SMBIOS 2.4 present.
[    0.000000] No AGP bridge found
[    0.000000] last_pfn = 0x3ffe max_arch_pfn = 0x400000000
[    0.000000] x86 PAT enabled: cpu 0, old 0x7040600070406, new 0x7010600070106
[    0.000000] found SMP MP-table at [ffff8800000f0b00] f0b00
[    0.000000] init_memory_mapping: 0000000000000000-0000000003ffe000
[    0.000000] RAMDISK: 03c5e000 - 03ff0000
[    0.000000] ACPI: RSDP 00000000000f0950 00014 (v00 BOCHS )
[    0.000000] ACPI: RSDT 0000000003fffbc1 00034 (v01 BOCHS  BXPCRSDT 00000001 BXPC 00000001)
[    0.000000] ACPI: FACP 0000000003fff1c0 00074 (v01 BOCHS  BXPCFACP 00000001 BXPC 00000001)
[    0.000000] ACPI: DSDT 0000000003ffe040 01180 (v01 BOCHS  BXPCDSDT 00000001 BXPC 00000001)
[    0.000000] ACPI: FACS 0000000003ffe000 00040
[    0.000000] ACPI: SSDT 0000000003fff234 008DD (v01 BOCHS  BXPCSSDT 00000001 BXPC 00000001)
[    0.000000] ACPI: APIC 0000000003fffb11 00078 (v01 BOCHS  BXPCAPIC 00000001 BXPC 00000001)
[    0.000000] ACPI: HPET 0000000003fffb89 00038 (v01 BOCHS  BXPCHPET 00000001 BXPC 00000001)
[    0.000000] No NUMA configuration found
[    0.000000] Faking a node at 0000000000000000-0000000003ffe000
[    0.000000] Initmem setup node 0 0000000000000000-0000000003ffe000
[    0.000000]   NODE_DATA [0000000003ff6000 - 0000000003ffafff]
[    0.000000] Zone PFN ranges:
[    0.000000]   DMA      0x00000010 -&gt; 0x00001000
[    0.000000]   DMA32    0x00001000 -&gt; 0x00100000
[    0.000000]   Normal   empty
[    0.000000] Movable zone start PFN for each node
[    0.000000] early_node_map[2] active PFN ranges
[    0.000000]     0: 0x00000010 -&gt; 0x0000009f
[    0.000000]     0: 0x00000100 -&gt; 0x00003ffe
[    0.000000] ACPI: PM-Timer IO Port: 0xb008
[    0.000000] ACPI: LAPIC (acpi_id[0x00] lapic_id[0x00] enabled)
[    0.000000] ACPI: LAPIC_NMI (acpi_id[0xff] dfl dfl lint[0x1])
[    0.000000] ACPI: IOAPIC (id[0x00] address[0xfec00000] gsi_base[0])
[    0.000000] IOAPIC[0]: apic_id 0, version 17, address 0xfec00000, GSI 0-23
[    0.000000] ACPI: INT_SRC_OVR (bus 0 bus_irq 0 global_irq 2 dfl dfl)
[    0.000000] ACPI: INT_SRC_OVR (bus 0 bus_irq 5 global_irq 5 high level)
[    0.000000] ACPI: INT_SRC_OVR (bus 0 bus_irq 9 global_irq 9 high level)
[    0.000000] ACPI: INT_SRC_OVR (bus 0 bus_irq 10 global_irq 10 high level)
[    0.000000] ACPI: INT_SRC_OVR (bus 0 bus_irq 11 global_irq 11 high level)
[    0.000000] Using ACPI (MADT) for SMP configuration information
[    0.000000] ACPI: HPET id: 0x8086a201 base: 0xfed00000
[    0.000000] SMP: Allowing 1 CPUs, 0 hotplug CPUs
[    0.000000] PM: Registered nosave memory: 000000000009f000 - 00000000000a0000
[    0.000000] PM: Registered nosave memory: 00000000000a0000 - 00000000000f0000
[    0.000000] PM: Registered nosave memory: 00000000000f0000 - 0000000000100000
[    0.000000] Allocating PCI resources starting at 4000000 (gap: 4000000:fbfc0000)
[    0.000000] Booting paravirtualized kernel on bare hardware
[    0.000000] setup_percpu: NR_CPUS:64 nr_cpumask_bits:64 nr_cpu_ids:1 nr_node_ids:1
[    0.000000] PERCPU: Embedded 27 pages/cpu @ffff880003a00000 s78848 r8192 d23552 u2097152
[    0.000000] Built 1 zonelists in Node order, mobility grouping on.  Total pages: 16008
[    0.000000] Policy zone: DMA32
[    0.000000] Kernel command line: root=/dev/vda console=tty0 console=ttyS0 no_timer_check
[    0.000000] PID hash table entries: 256 (order: -1, 2048 bytes)
[    0.000000] Checking aperture...
[    0.000000] No AGP bridge found
[    0.000000] Memory: 43492k/65528k available (6576k kernel code, 452k absent, 21584k reserved, 6620k data, 928k init)
[    0.000000] SLUB: Genslabs=15, HWalign=64, Order=0-3, MinObjects=0, CPUs=1, Nodes=1
[    0.000000] Hierarchical RCU implementation.
[    0.000000] 	RCU dyntick-idle grace-period acceleration is enabled.
[    0.000000] NR_IRQS:4352 nr_irqs:256 16
[    0.000000] Console: colour VGA+ 80x25
[    0.000000] console [tty0] enabled
[    0.000000] console [ttyS0] enabled
[    0.000000] allocated 1048576 bytes of page_cgroup
[    0.000000] please try 'cgroup_disable=memory' option if you don't want memory cgroups
[    0.000000] Fast TSC calibration failed
[    0.000000] TSC: Unable to calibrate against PIT
[    0.000000] TSC: using HPET reference calibration
[    0.000000] Detected 2293.299 MHz processor.
[    0.032808] Calibrating delay loop (skipped), value calculated using timer frequency.. 4586.59 BogoMIPS (lpj=9173196)
[    0.037966] pid_max: default: 32768 minimum: 301
[    0.050082] Security Framework initialized
[    0.057053] AppArmor: AppArmor initialized
[    0.058724] Yama: becoming mindful.
[    0.068600] Dentry cache hash table entries: 8192 (order: 4, 65536 bytes)
[    0.072132] Inode-cache hash table entries: 4096 (order: 3, 32768 bytes)
[    0.076199] Mount-cache hash table entries: 256
[    0.096574] Initializing cgroup subsys cpuacct
[    0.097637] Initializing cgroup subsys memory
[    0.099027] Initializing cgroup subsys devices
[    0.100249] Initializing cgroup subsys freezer
[    0.100983] Initializing cgroup subsys blkio
[    0.101678] Initializing cgroup subsys perf_event
[    0.108725] mce: CPU supports 10 MCE banks
[    0.113068] SMP alternatives: switching to UP code
[    0.477267] Freeing SMP alternatives: 24k freed
[    0.478977] ACPI: Core revision 20110623
[    0.528435] ftrace: allocating 26610 entries in 105 pages
[    0.561132] ..TIMER: vector=0x30 apic1=0 pin1=2 apic2=-1 pin2=-1
[    0.562701] CPU0: AMD QEMU Virtual CPU version 2.0.0 stepping 03
[    0.568034] Performance Events: Broken PMU hardware detected, using software events only.
[    0.576125] NMI watchdog disabled (cpu0): hardware events not enabled
[    0.577847] Brought up 1 CPUs
[    0.578478] Total of 1 processors activated (4586.59 BogoMIPS).
[    0.607273] devtmpfs: initialized
[    0.640707] EVM: security.selinux
[    0.641219] EVM: security.SMACK64
[    0.641660] EVM: security.capability
[    0.664638] print_constraints: dummy: 
[    0.669041] RTC time:  8:35:04, date: 12/09/15
[    0.672257] NET: Registered protocol family 16
[    0.679320] ACPI: bus type pci registered
[    0.682962] PCI: Using configuration type 1 for base access
[    0.720523] bio: create slab &lt;bio-0&gt; at 0
[    0.725746] ACPI: Added _OSI(Module Device)
[    0.726341] ACPI: Added _OSI(Processor Device)
[    0.726935] ACPI: Added _OSI(3.0 _SCP Extensions)
[    0.728106] ACPI: Added _OSI(Processor Aggregator Device)
[    0.794458] ACPI: Interpreter enabled
[    0.795026] ACPI: (supports S0 S3 S4 S5)
[    0.797012] ACPI: Using IOAPIC for interrupt routing
[    0.860917] ACPI: No dock devices found.
[    0.861535] HEST: Table not found.
[    0.862079] PCI: Using host bridge windows from ACPI; if necessary, use "pci=nocrs" and report a bug
[    0.868758] ACPI: PCI Root Bridge [PCI0] (domain 0000 [bus 00-ff])
[    0.874414] pci_root PNP0A03:00: host bridge window [io  0x0000-0x0cf7]
[    0.875273] pci_root PNP0A03:00: host bridge window [io  0x0d00-0xadff]
[    0.876113] pci_root PNP0A03:00: host bridge window [io  0xae0f-0xaeff]
[    0.876992] pci_root PNP0A03:00: host bridge window [io  0xaf20-0xafdf]
[    0.877808] pci_root PNP0A03:00: host bridge window [io  0xafe4-0xffff]
[    0.878663] pci_root PNP0A03:00: host bridge window [mem 0x000a0000-0x000bffff]
[    0.880107] pci_root PNP0A03:00: host bridge window [mem 0x04000000-0xfebfffff]
[    0.902961] pci 0000:00:01.3: quirk: [io  0xb000-0xb03f] claimed by PIIX4 ACPI
[    0.904216] pci 0000:00:01.3: quirk: [io  0xb100-0xb10f] claimed by PIIX4 SMB
[    0.969418]  pci0000:00: Unable to request _OSC control (_OSC support mask: 0x1e)
[    1.020695] ACPI: PCI Interrupt Link [LNKA] (IRQs 5 *10 11)
[    1.022781] ACPI: PCI Interrupt Link [LNKB] (IRQs 5 *10 11)
[    1.025319] ACPI: PCI Interrupt Link [LNKC] (IRQs 5 10 *11)
[    1.027003] ACPI: PCI Interrupt Link [LNKD] (IRQs 5 10 *11)
[    1.028920] ACPI: PCI Interrupt Link [LNKS] (IRQs *9)
[    1.036064] vgaarb: device added: PCI:0000:00:02.0,decodes=io+mem,owns=io+mem,locks=none
[    1.036188] vgaarb: loaded
[    1.036633] vgaarb: bridge control possible 0000:00:02.0
[    1.041738] i2c-core: driver [aat2870] using legacy suspend method
[    1.042504] i2c-core: driver [aat2870] using legacy resume method
[    1.045487] SCSI subsystem initialized
[    1.049175] usbcore: registered new interface driver usbfs
[    1.050345] usbcore: registered new interface driver hub
[    1.052225] usbcore: registered new device driver usb
[    1.057368] PCI: Using ACPI for IRQ routing
[    1.070393] NetLabel: Initializing
[    1.070856] NetLabel:  domain hash size = 128
[    1.071390] NetLabel:  protocols = UNLABELED CIPSOv4
[    1.074016] NetLabel:  unlabeled traffic allowed by default
[    1.076524] HPET: 3 timers in total, 0 timers will be used for per-cpu timer
[    1.077658] hpet0: at MMIO 0xfed00000, IRQs 2, 8, 0
[    1.078542] hpet0: 3 comparators, 64-bit 100.000000 MHz counter
[    1.093974] Switching to clocksource hpet
[    1.346743] AppArmor: AppArmor Filesystem Enabled
[    1.348113] pnp: PnP ACPI init
[    1.349544] ACPI: bus type pnp registered
[    1.369088] pnp: PnP ACPI: found 9 devices
[    1.369654] ACPI: ACPI bus type pnp unregistered
[    1.430192] NET: Registered protocol family 2
[    1.465158] IP route cache hash table entries: 512 (order: 0, 4096 bytes)
[    1.479011] TCP established hash table entries: 2048 (order: 3, 32768 bytes)
[    1.480530] TCP bind hash table entries: 2048 (order: 3, 32768 bytes)
[    1.482466] TCP: Hash tables configured (established 2048 bind 2048)
[    1.483337] TCP reno registered
[    1.483876] UDP hash table entries: 128 (order: 0, 4096 bytes)
[    1.486214] UDP-Lite hash table entries: 128 (order: 0, 4096 bytes)
[    1.489853] NET: Registered protocol family 1
[    1.490851] pci 0000:00:00.0: Limiting direct PCI/PCI transfers
[    1.491760] pci 0000:00:01.0: PIIX3: Enabling Passive Release
[    1.493730] pci 0000:00:01.0: Activating ISA DMA hang workarounds
[    1.500355] ACPI: PCI Interrupt Link [LNKD] enabled at IRQ 11
[    1.502215] pci 0000:00:01.2: PCI INT D -&gt; Link[LNKD] -&gt; GSI 11 (level, high) -&gt; IRQ 11
[    1.504047] pci 0000:00:01.2: PCI INT D disabled
[    1.522713] Trying to unpack rootfs image as initramfs...
[    1.538907] audit: initializing netlink socket (disabled)
[    1.541300] type=2000 audit(1449650104.536:1): initialized
[    1.827239] HugeTLB registered 2 MB page size, pre-allocated 0 pages
[    1.902855] VFS: Disk quotas dquot_6.5.2
[    1.904148] Dquot-cache hash table entries: 512 (order 0, 4096 bytes)
[    1.918764] fuse init (API version 7.17)
[    1.921936] msgmni has been set to 84
[    1.951758] Block layer SCSI generic (bsg) driver version 0.4 loaded (major 253)
[    1.954295] io scheduler noop registered
[    1.954840] io scheduler deadline registered (default)
[    1.955793] io scheduler cfq registered
[    1.959669] pci_hotplug: PCI Hot Plug PCI Core version: 0.5
[    1.962716] pciehp: PCI Express Hot Plug Controller Driver version: 0.4
[    1.968108] input: Power Button as /devices/LNXSYSTM:00/LNXPWRBN:00/input/input0
[    1.970584] ACPI: Power Button [PWRF]
[    2.025132] ERST: Table is not found!
[    2.025643] GHES: HEST is not enabled!
[    2.038382] ACPI: PCI Interrupt Link [LNKC] enabled at IRQ 10
[    2.039856] virtio-pci 0000:00:03.0: PCI INT A -&gt; Link[LNKC] -&gt; GSI 10 (level, high) -&gt; IRQ 10
[    2.047265] virtio-pci 0000:00:04.0: PCI INT A -&gt; Link[LNKD] -&gt; GSI 11 (level, high) -&gt; IRQ 11
[    2.071606] ACPI: PCI Interrupt Link [LNKA] enabled at IRQ 10
[    2.073137] virtio-pci 0000:00:05.0: PCI INT A -&gt; Link[LNKA] -&gt; GSI 10 (level, high) -&gt; IRQ 10
[    2.082124] Serial: 8250/16550 driver, 32 ports, IRQ sharing enabled
[    2.125145] serial8250: ttyS0 at I/O 0x3f8 (irq = 4) is a 16550A
[    2.213958] serial8250: ttyS1 at I/O 0x2f8 (irq = 3) is a 16550A
[    2.370383] 00:05: ttyS0 at I/O 0x3f8 (irq = 4) is a 16550A
[    2.478516] 00:06: ttyS1 at I/O 0x2f8 (irq = 3) is a 16550A
[    2.510790] Switching to clocksource tsc
[    2.530859] Linux agpgart interface v0.103
[    2.599230] brd: module loaded
[    2.630519] loop: module loaded
[    2.694287]  vda: unknown partition table
[    2.747727] scsi0 : ata_piix
[    2.762096] scsi1 : ata_piix
[    2.763618] ata1: PATA max MWDMA2 cmd 0x1f0 ctl 0x3f6 bmdma 0xc0a0 irq 14
[    2.765472] ata2: PATA max MWDMA2 cmd 0x170 ctl 0x376 bmdma 0xc0a8 irq 15
[    2.779265] Fixed MDIO Bus: probed
[    2.780087] tun: Universal TUN/TAP device driver, 1.6
[    2.781985] tun: (C) 1999-2004 Max Krasnyansky &lt;maxk@qualcomm.com&gt;
[    2.794031] PPP generic driver version 2.4.2
[    2.809600] ehci_hcd: USB 2.0 'Enhanced' Host Controller (EHCI) Driver
[    2.810705] ohci_hcd: USB 1.1 'Open' Host Controller (OHCI) Driver
[    2.811677] uhci_hcd: USB Universal Host Controller Interface driver
[    2.813901] uhci_hcd 0000:00:01.2: PCI INT D -&gt; Link[LNKD] -&gt; GSI 11 (level, high) -&gt; IRQ 11
[    2.817544] uhci_hcd 0000:00:01.2: UHCI Host Controller
[    2.833399] uhci_hcd 0000:00:01.2: new USB bus registered, assigned bus number 1
[    2.835106] uhci_hcd 0000:00:01.2: irq 11, io base 0x0000c040
[    2.864891] hub 1-0:1.0: USB hub found
[    2.867325] hub 1-0:1.0: 2 ports detected
[    2.873957] usbcore: registered new interface driver libusual
[    2.876428] i8042: PNP: PS/2 Controller [PNP0303:KBD,PNP0f13:MOU] at 0x60,0x64 irq 1,12
[    2.886844] serio: i8042 KBD port at 0x60,0x64 irq 1
[    2.890942] serio: i8042 AUX port at 0x60,0x64 irq 12
[    2.931430] mousedev: PS/2 mouse device common for all mice
[    2.945444] input: AT Translated Set 2 keyboard as /devices/platform/i8042/serio0/input/input1
[    2.951340] rtc_cmos 00:01: RTC can wake from S4
[    2.962616] rtc_cmos 00:01: rtc core: registered rtc_cmos as rtc0
[    2.967274] rtc0: alarms up to one day, 114 bytes nvram, hpet irqs
[    2.970708] device-mapper: uevent: version 1.0.3
[    3.013942] device-mapper: ioctl: 4.22.0-ioctl (2011-10-19) initialised: dm-devel@redhat.com
[    3.016701] cpuidle: using governor ladder
[    3.016701] cpuidle: using governor menu
[    3.016701] EFI Variables Facility v0.08 2004-May-17
[    3.032021] TCP cubic registered
[    3.038568] NET: Registered protocol family 10
[    3.081067] NET: Registered protocol family 17
[    3.083776] Registering the dns_resolver key type
[    3.092140] ata2.01: ATAPI: QEMU DVD-ROM, 2.0.0, max UDMA/100
[    3.114984] ata2.01: configured for MWDMA2
[    3.158831] scsi 1:0:1:0: CD-ROM            QEMU     QEMU DVD-ROM     2.0. PQ: 0 ANSI: 5
[    3.198736] sr0: scsi3-mmc drive: 4x/4x cd/rw xa/form2 tray
[    3.200039] cdrom: Uniform CD-ROM driver Revision: 3.20
[    3.221843] sr 1:0:1:0: Attached scsi generic sg0 type 5
[    3.263566] registered taskstats version 1
[    3.403286] Freeing initrd memory: 3656k freed
[    3.919242]   Magic number: 11:588:573
[    3.926191] rtc_cmos 00:01: setting system clock to 2015-12-09 08:35:07 UTC (1449650107)
[    3.927445] powernow-k8: Processor cpuid 663 not supported
[    3.930470] BIOS EDD facility v0.16 2004-Jun-25, 0 devices found
[    3.933036] EDD information not available.
[    3.990102] Freeing unused kernel memory: 928k freed
[    3.995727] Write protecting the kernel read-only data: 12288k
[    4.103727] Freeing unused kernel memory: 1596k freed
[    4.166424] Freeing unused kernel memory: 1184k freed

info: initramfs: up at 4.34
modprobe: module virtio_blk not found in modules.dep
modprobe: module virtio_net not found in modules.dep
info: copying initramfs to /dev/vda
info: initramfs loading root from /dev/vda
info: /etc/init.d/rc.sysinit: up at 9.15
info: container: none
Starting logging: OK
modprobe: module virtio_blk not found in modules.dep
modprobe: module virtio_net not found in modules.dep
WARN: /etc/rc3.d/S10-load-modules failed
Initializing random number generator... done.
Starting acpid: OK
cirros-ds 'local' up at 11.76
found datasource (configdrive, local)
Starting network...
udhcpc (v1.20.1) started
Sending discover...
Sending discover...

2015-12-09 08:37:04,174 24450 INFO     [tempest_lib.common.rest_client] Request (TestNetworkAdvancedServerOps:_run_cleanups): 204 DELETE http://10.0.2.15:9696/v2.0/floatingips/c0558edb-6140-4f0e-98fd-002c864d4b40 0.281s
2015-12-09 08:37:04,174 24450 DEBUG    [tempest_lib.common.rest_client] Request - Headers: {'Content-Type': 'application/json', 'Accept': 'application/json', 'X-Auth-Token': '&lt;omitted&gt;'}
        Body: None
    Response - Headers: {'date': 'Wed, 09 Dec 2015 08:37:04 GMT', 'status': '204', 'connection': 'close', 'content-length': '0', 'x-openstack-request-id': 'req-12469e1c-6f3c-40d2-8888-8e21408ac463'}
        Body: 
2015-12-09 08:37:04,404 24450 INFO     [tempest_lib.common.rest_client] Request (TestNetworkAdvancedServerOps:_run_cleanups): 204 DELETE http://10.0.2.15:8774/v2.1/7a0a831fbe5c41afb3b2bd7dc03ecc3f/servers/737d9544-2ada-4388-8a46-b87f4167651b 0.229s
2015-12-09 08:37:04,404 24450 DEBUG    [tempest_lib.common.rest_client] Request - Headers: {'Content-Type': 'application/json', 'Accept': 'application/json', 'X-Auth-Token': '&lt;omitted&gt;'}
        Body: None
    Response - Headers: {'status': '204', 'content-length': '0', 'x-compute-request-id': 'req-bc06d8cb-6eed-42c6-968d-12806f96c813', 'vary': 'X-OpenStack-Nova-API-Version', 'connection': 'close', 'x-openstack-nova-api-version': '2.1', 'date': 'Wed, 09 Dec 2015 08:37:04 GMT', 'content-type': 'application/json'}
        Body: 
2015-12-09 08:37:04,700 24450 INFO     [tempest_lib.common.rest_client] Request (TestNetworkAdvancedServerOps:_run_cleanups): 200 GET http://10.0.2.15:8774/v2.1/7a0a831fbe5c41afb3b2bd7dc03ecc3f/servers/737d9544-2ada-4388-8a46-b87f4167651b 0.295s
2015-12-09 08:37:04,700 24450 DEBUG    [tempest_lib.common.rest_client] Request - Headers: {'Content-Type': 'application/json', 'Accept': 'application/json', 'X-Auth-Token': '&lt;omitted&gt;'}
        Body: None
    Response - Headers: {'status': '200', 'content-length': '1786', 'content-location': 'http://10.0.2.15:8774/v2.1/7a0a831fbe5c41afb3b2bd7dc03ecc3f/servers/737d9544-2ada-4388-8a46-b87f4167651b', 'x-compute-request-id': 'req-9d06a577-3fbc-4a3b-ade7-de453945bda6', 'vary': 'X-OpenStack-Nova-API-Version', 'connection': 'close', 'x-openstack-nova-api-version': '2.1', 'date': 'Wed, 09 Dec 2015 08:37:04 GMT', 'content-type': 'application/json'}
        Body: {"server": {"status": "ACTIVE", "updated": "2015-12-09T08:37:04Z", "hostId": "7116730268c06c8a53400d3b3a36dc6223095dbed91662a72c5930f6", "addresses": {"tempest-network-smoke--2043559741": [{"OS-EXT-IPS-MAC:mac_addr": "fa:16:3e:69:a5:dd", "version": 4, "addr": "10.100.0.3", "OS-EXT-IPS:type": "fixed"}, {"OS-EXT-IPS-MAC:mac_addr": "fa:16:3e:69:a5:dd", "version": 4, "addr": "172.24.4.4", "OS-EXT-IPS:type": "floating"}]}, "links": [{"href": "http://10.0.2.15:8774/v2.1/7a0a831fbe5c41afb3b2bd7dc03ecc3f/servers/737d9544-2ada-4388-8a46-b87f4167651b", "rel": "self"}, {"href": "http://10.0.2.15:8774/7a0a831fbe5c41afb3b2bd7dc03ecc3f/servers/737d9544-2ada-4388-8a46-b87f4167651b", "rel": "bookmark"}], "key_name": "tempest-TestNetworkAdvancedServerOps-1812466072", "image": {"id": "f5997553-2588-4134-b56e-0524e0c9bc32", "links": [{"href": "http://10.0.2.15:8774/7a0a831fbe5c41afb3b2bd7dc03ecc3f/images/f5997553-2588-4134-b56e-0524e0c9bc32", "rel": "bookmark"}]}, "OS-EXT-STS:task_state": "deleting", "OS-EXT-STS:vm_state": "active", "OS-SRV-USG:launched_at": "2015-12-09T08:35:00.000000", "flavor": {"id": "42", "links": [{"href": "http://10.0.2.15:8774/7a0a831fbe5c41afb3b2bd7dc03ecc3f/flavors/42", "rel": "bookmark"}]}, "id": "737d9544-2ada-4388-8a46-b87f4167651b", "security_groups": [{"name": "tempest-secgroup-smoke-1332314974"}], "OS-SRV-USG:terminated_at": null, "OS-EXT-AZ:availability_zone": "nova", "user_id": "9ff97265184c443ab21d427d19dc279e", "name": "tempest.common.compute-instance-1251671431", "created": "2015-12-09T08:34:56Z", "tenant_id": "7a0a831fbe5c41afb3b2bd7dc03ecc3f", "OS-DCF:diskConfig": "MANUAL", "os-extended-volumes:volumes_attached": [], "accessIPv4": "", "accessIPv6": "", "progress": 0, "OS-EXT-STS:power_state": 1, "config_drive": "True", "metadata": {}}}
2015-12-09 08:37:05,882 24450 INFO     [tempest_lib.common.rest_client] Request (TestNetworkAdvancedServerOps:_run_cleanups): 200 GET http://10.0.2.15:8774/v2.1/7a0a831fbe5c41afb3b2bd7dc03ecc3f/servers/737d9544-2ada-4388-8a46-b87f4167651b 0.171s
2015-12-09 08:37:05,883 24450 DEBUG    [tempest_lib.common.rest_client] Request - Headers: {'Content-Type': 'application/json', 'Accept': 'application/json', 'X-Auth-Token': '&lt;omitted&gt;'}
        Body: None
    Response - Headers: {'status': '200', 'content-length': '1450', 'content-location': 'http://10.0.2.15:8774/v2.1/7a0a831fbe5c41afb3b2bd7dc03ecc3f/servers/737d9544-2ada-4388-8a46-b87f4167651b', 'x-compute-request-id': 'req-e1e3faa0-b268-4890-96b3-95561d9f361f', 'vary': 'X-OpenStack-Nova-API-Version', 'connection': 'close', 'x-openstack-nova-api-version': '2.1', 'date': 'Wed, 09 Dec 2015 08:37:05 GMT', 'content-type': 'application/json'}
        Body: {"server": {"status": "ACTIVE", "updated": "2015-12-09T08:37:05Z", "hostId": "7116730268c06c8a53400d3b3a36dc6223095dbed91662a72c5930f6", "addresses": {}, "links": [{"href": "http://10.0.2.15:8774/v2.1/7a0a831fbe5c41afb3b2bd7dc03ecc3f/servers/737d9544-2ada-4388-8a46-b87f4167651b", "rel": "self"}, {"href": "http://10.0.2.15:8774/7a0a831fbe5c41afb3b2bd7dc03ecc3f/servers/737d9544-2ada-4388-8a46-b87f4167651b", "rel": "bookmark"}], "key_name": "tempest-TestNetworkAdvancedServerOps-1812466072", "image": {"id": "f5997553-2588-4134-b56e-0524e0c9bc32", "links": [{"href": "http://10.0.2.15:8774/7a0a831fbe5c41afb3b2bd7dc03ecc3f/images/f5997553-2588-4134-b56e-0524e0c9bc32", "rel": "bookmark"}]}, "OS-EXT-STS:task_state": "deleting", "OS-EXT-STS:vm_state": "active", "OS-SRV-USG:launched_at": "2015-12-09T08:35:00.000000", "flavor": {"id": "42", "links": [{"href": "http://10.0.2.15:8774/7a0a831fbe5c41afb3b2bd7dc03ecc3f/flavors/42", "rel": "bookmark"}]}, "id": "737d9544-2ada-4388-8a46-b87f4167651b", "OS-SRV-USG:terminated_at": null, "OS-EXT-AZ:availability_zone": "nova", "user_id": "9ff97265184c443ab21d427d19dc279e", "name": "tempest.common.compute-instance-1251671431", "created": "2015-12-09T08:34:56Z", "tenant_id": "7a0a831fbe5c41afb3b2bd7dc03ecc3f", "OS-DCF:diskConfig": "MANUAL", "os-extended-volumes:volumes_attached": [], "accessIPv4": "", "accessIPv6": "", "progress": 0, "OS-EXT-STS:power_state": 1, "config_drive": "True", "metadata": {}}}
2015-12-09 08:37:06,993 24450 INFO     [tempest_lib.common.rest_client] Request (TestNetworkAdvancedServerOps:_run_cleanups): 404 GET http://10.0.2.15:8774/v2.1/7a0a831fbe5c41afb3b2bd7dc03ecc3f/servers/737d9544-2ada-4388-8a46-b87f4167651b 0.089s
2015-12-09 08:37:06,993 24450 DEBUG    [tempest_lib.common.rest_client] Request - Headers: {'Content-Type': 'application/json', 'Accept': 'application/json', 'X-Auth-Token': '&lt;omitted&gt;'}
        Body: None
    Response - Headers: {'status': '404', 'content-length': '111', 'x-compute-request-id': 'req-7e4054f8-37f4-40c0-a781-0fa19141f028', 'vary': 'X-OpenStack-Nova-API-Version', 'connection': 'close', 'x-openstack-nova-api-version': '2.1', 'date': 'Wed, 09 Dec 2015 08:37:06 GMT', 'content-type': 'application/json; charset=UTF-8'}
        Body: {"itemNotFound": {"message": "Instance 737d9544-2ada-4388-8a46-b87f4167651b could not be found.", "code": 404}}
2015-12-09 08:37:07,434 24450 INFO     [tempest_lib.common.rest_client] Request (TestNetworkAdvancedServerOps:_run_cleanups): 200 PUT http://10.0.2.15:9696/v2.0/routers/cc44a0cd-8784-4075-99d3-1005b040812c/remove_router_interface 0.440s
2015-12-09 08:37:07,435 24450 DEBUG    [tempest_lib.common.rest_client] Request - Headers: {'Content-Type': 'application/json', 'Accept': 'application/json', 'X-Auth-Token': '&lt;omitted&gt;'}
        Body: {"subnet_id": "6d4d1615-e534-480c-9133-02ddafa17146"}
    Response - Headers: {'status': '200', 'content-length': '255', 'connection': 'close', 'date': 'Wed, 09 Dec 2015 08:37:07 GMT', 'content-type': 'application/json; charset=UTF-8', 'x-openstack-request-id': 'req-363c02f6-d433-483a-8f5d-16240ff5679d'}
        Body: {"subnet_id": "6d4d1615-e534-480c-9133-02ddafa17146", "tenant_id": "7a0a831fbe5c41afb3b2bd7dc03ecc3f", "subnet_ids": ["6d4d1615-e534-480c-9133-02ddafa17146"], "port_id": "9443bf13-af7a-4518-aa35-f2d530a5eba0", "id": "cc44a0cd-8784-4075-99d3-1005b040812c"}
2015-12-09 08:37:08,213 24450 INFO     [tempest_lib.common.rest_client] Request (TestNetworkAdvancedServerOps:_run_cleanups): 204 DELETE http://10.0.2.15:9696/v2.0/subnets/6d4d1615-e534-480c-9133-02ddafa17146 0.777s
2015-12-09 08:37:08,214 24450 DEBUG    [tempest_lib.common.rest_client] Request - Headers: {'Content-Type': 'application/json', 'Accept': 'application/json', 'X-Auth-Token': '&lt;omitted&gt;'}
        Body: None
    Response - Headers: {'date': 'Wed, 09 Dec 2015 08:37:08 GMT', 'status': '204', 'connection': 'close', 'content-length': '0', 'x-openstack-request-id': 'req-2de41cba-4250-43eb-9985-e42c36626fae'}
        Body: 
2015-12-09 08:37:08,271 24450 INFO     [tempest_lib.common.rest_client] Request (TestNetworkAdvancedServerOps:_run_cleanups): 200 GET http://10.0.2.15:9696/v2.0/routers/cc44a0cd-8784-4075-99d3-1005b040812c 0.055s
2015-12-09 08:37:08,271 24450 DEBUG    [tempest_lib.common.rest_client] Request - Headers: {'Content-Type': 'application/json', 'Accept': 'application/json', 'X-Auth-Token': '&lt;omitted&gt;'}
        Body: None
    Response - Headers: {'status': '200', 'content-length': '564', 'content-location': 'http://10.0.2.15:9696/v2.0/routers/cc44a0cd-8784-4075-99d3-1005b040812c', 'connection': 'close', 'date': 'Wed, 09 Dec 2015 08:37:08 GMT', 'content-type': 'application/json; charset=UTF-8', 'x-openstack-request-id': 'req-3fc7320c-4a2f-45c4-bdd4-2425b1209018'}
        Body: {"router": {"status": "ACTIVE", "external_gateway_info": {"network_id": "2a8c6224-6c66-41eb-8129-4cbaeb649974", "enable_snat": true, "external_fixed_ips": [{"subnet_id": "6de6b85f-c6c5-4fab-a5c7-19f40f172eb5", "ip_address": "172.24.4.3"}, {"subnet_id": "8a78eb6d-0029-45e9-b391-ab77f26d363e", "ip_address": "2001:db8::4"}]}, "availability_zone_hints": [], "availability_zones": ["nova"], "name": "tempest-router-smoke-1418952230", "admin_state_up": true, "tenant_id": "7a0a831fbe5c41afb3b2bd7dc03ecc3f", "routes": [], "id": "cc44a0cd-8784-4075-99d3-1005b040812c"}}
2015-12-09 08:37:08,723 24450 INFO     [tempest_lib.common.rest_client] Request (TestNetworkAdvancedServerOps:_run_cleanups): 200 PUT http://10.0.2.15:9696/v2.0/routers/cc44a0cd-8784-4075-99d3-1005b040812c 0.451s
2015-12-09 08:37:08,724 24450 DEBUG    [tempest_lib.common.rest_client] Request - Headers: {'Content-Type': 'application/json', 'Accept': 'application/json', 'X-Auth-Token': '&lt;omitted&gt;'}
        Body: {"router": {"external_gateway_info": {}, "name": "tempest-router-smoke-1418952230", "admin_state_up": true}}
    Response - Headers: {'status': '200', 'content-length': '302', 'connection': 'close', 'date': 'Wed, 09 Dec 2015 08:37:08 GMT', 'content-type': 'application/json; charset=UTF-8', 'x-openstack-request-id': 'req-b6d274aa-3992-4388-abb7-1004d1c333e1'}
        Body: {"router": {"status": "ACTIVE", "external_gateway_info": null, "availability_zone_hints": [], "availability_zones": ["nova"], "name": "tempest-router-smoke-1418952230", "admin_state_up": true, "tenant_id": "7a0a831fbe5c41afb3b2bd7dc03ecc3f", "routes": [], "id": "cc44a0cd-8784-4075-99d3-1005b040812c"}}
2015-12-09 08:37:08,976 24450 INFO     [tempest_lib.common.rest_client] Request (TestNetworkAdvancedServerOps:_run_cleanups): 204 DELETE http://10.0.2.15:9696/v2.0/routers/cc44a0cd-8784-4075-99d3-1005b040812c 0.251s
2015-12-09 08:37:08,976 24450 DEBUG    [tempest_lib.common.rest_client] Request - Headers: {'Content-Type': 'application/json', 'Accept': 'application/json', 'X-Auth-Token': '&lt;omitted&gt;'}
        Body: None
    Response - Headers: {'date': 'Wed, 09 Dec 2015 08:37:08 GMT', 'status': '204', 'connection': 'close', 'content-length': '0', 'x-openstack-request-id': 'req-95af5a9c-3e54-4efd-99f7-01c9f12a7a64'}
        Body: 
2015-12-09 08:37:09,168 24450 INFO     [tempest_lib.common.rest_client] Request (TestNetworkAdvancedServerOps:_run_cleanups): 204 DELETE http://10.0.2.15:9696/v2.0/networks/34d14eed-0c4e-4730-9ea9-cefcf8783bb5 0.191s
2015-12-09 08:37:09,169 24450 DEBUG    [tempest_lib.common.rest_client] Request - Headers: {'Content-Type': 'application/json', 'Accept': 'application/json', 'X-Auth-Token': '&lt;omitted&gt;'}
        Body: None
    Response - Headers: {'date': 'Wed, 09 Dec 2015 08:37:09 GMT', 'status': '204', 'connection': 'close', 'content-length': '0', 'x-openstack-request-id': 'req-46c7cf7c-5c3f-472e-b033-54ac62030ca8'}
        Body: 
2015-12-09 08:37:09,222 24450 INFO     [tempest_lib.common.rest_client] Request (TestNetworkAdvancedServerOps:_run_cleanups): 204 DELETE http://10.0.2.15:9696/v2.0/security-group-rules/6cc9f81a-e7ee-4430-bc02-14a82d953cd1 0.052s
2015-12-09 08:37:09,222 24450 DEBUG    [tempest_lib.common.rest_client] Request - Headers: {'Content-Type': 'application/json', 'Accept': 'application/json', 'X-Auth-Token': '&lt;omitted&gt;'}
        Body: None
    Response - Headers: {'date': 'Wed, 09 Dec 2015 08:37:09 GMT', 'status': '204', 'connection': 'close', 'content-length': '0', 'x-openstack-request-id': 'req-a2aa86da-46b6-4694-adaf-dcfd318e48c2'}
        Body: 
2015-12-09 08:37:09,283 24450 INFO     [tempest_lib.common.rest_client] Request (TestNetworkAdvancedServerOps:_run_cleanups): 204 DELETE http://10.0.2.15:9696/v2.0/security-group-rules/0086e63b-bd5f-46a0-8c1d-6e9fffeda554 0.060s
2015-12-09 08:37:09,283 24450 DEBUG    [tempest_lib.common.rest_client] Request - Headers: {'Content-Type': 'application/json', 'Accept': 'application/json', 'X-Auth-Token': '&lt;omitted&gt;'}
        Body: None
    Response - Headers: {'date': 'Wed, 09 Dec 2015 08:37:09 GMT', 'status': '204', 'connection': 'close', 'content-length': '0', 'x-openstack-request-id': 'req-285ed412-5124-4e4f-95dc-0adf03cf4ab1'}
        Body: 
2015-12-09 08:37:09,339 24450 INFO     [tempest_lib.common.rest_client] Request (TestNetworkAdvancedServerOps:_run_cleanups): 204 DELETE http://10.0.2.15:9696/v2.0/security-group-rules/c3abce23-1ef4-4a93-be8e-5d56fc2ec209 0.055s
2015-12-09 08:37:09,340 24450 DEBUG    [tempest_lib.common.rest_client] Request - Headers: {'Content-Type': 'application/json', 'Accept': 'application/json', 'X-Auth-Token': '&lt;omitted&gt;'}
        Body: None
    Response - Headers: {'date': 'Wed, 09 Dec 2015 08:37:09 GMT', 'status': '204', 'connection': 'close', 'content-length': '0', 'x-openstack-request-id': 'req-194758c8-91cd-4f11-a1d0-90d0f83aad17'}
        Body: 
2015-12-09 08:37:09,396 24450 INFO     [tempest_lib.common.rest_client] Request (TestNetworkAdvancedServerOps:_run_cleanups): 204 DELETE http://10.0.2.15:9696/v2.0/security-group-rules/bdc29193-0c4f-4203-96a5-29c6f524e3d3 0.055s
2015-12-09 08:37:09,397 24450 DEBUG    [tempest_lib.common.rest_client] Request - Headers: {'Content-Type': 'application/json', 'Accept': 'application/json', 'X-Auth-Token': '&lt;omitted&gt;'}
        Body: None
    Response - Headers: {'date': 'Wed, 09 Dec 2015 08:37:09 GMT', 'status': '204', 'connection': 'close', 'content-length': '0', 'x-openstack-request-id': 'req-21f2c293-575f-473d-8b87-ae25e79be742'}
        Body: 
2015-12-09 08:37:09,454 24450 INFO     [tempest_lib.common.rest_client] Request (TestNetworkAdvancedServerOps:_run_cleanups): 204 DELETE http://10.0.2.15:9696/v2.0/security-group-rules/fa5a6dfc-290c-4465-8f7c-285f4c5afb97 0.056s
2015-12-09 08:37:09,454 24450 DEBUG    [tempest_lib.common.rest_client] Request - Headers: {'Content-Type': 'application/json', 'Accept': 'application/json', 'X-Auth-Token': '&lt;omitted&gt;'}
        Body: None
    Response - Headers: {'date': 'Wed, 09 Dec 2015 08:37:09 GMT', 'status': '204', 'connection': 'close', 'content-length': '0', 'x-openstack-request-id': 'req-0e4e8f68-6ac1-42f1-94ba-a02802ec849a'}
        Body: 
2015-12-09 08:37:09,518 24450 INFO     [tempest_lib.common.rest_client] Request (TestNetworkAdvancedServerOps:_run_cleanups): 204 DELETE http://10.0.2.15:9696/v2.0/security-group-rules/f535dcb7-c1d3-4954-a634-5dc9b24e559b 0.062s
2015-12-09 08:37:09,518 24450 DEBUG    [tempest_lib.common.rest_client] Request - Headers: {'Content-Type': 'application/json', 'Accept': 'application/json', 'X-Auth-Token': '&lt;omitted&gt;'}
        Body: None
    Response - Headers: {'date': 'Wed, 09 Dec 2015 08:37:09 GMT', 'status': '204', 'connection': 'close', 'content-length': '0', 'x-openstack-request-id': 'req-6023399b-1f99-4893-8269-57448fe6b10a'}
        Body: 
2015-12-09 08:37:09,613 24450 INFO     [tempest_lib.common.rest_client] Request (TestNetworkAdvancedServerOps:_run_cleanups): 204 DELETE http://10.0.2.15:9696/v2.0/security-groups/fc583cd8-71cf-4899-bd7a-a40eda752016 0.094s
2015-12-09 08:37:09,615 24450 DEBUG    [tempest_lib.common.rest_client] Request - Headers: {'Content-Type': 'application/json', 'Accept': 'application/json', 'X-Auth-Token': '&lt;omitted&gt;'}
        Body: None
    Response - Headers: {'date': 'Wed, 09 Dec 2015 08:37:09 GMT', 'status': '204', 'connection': 'close', 'content-length': '0', 'x-openstack-request-id': 'req-94f70bd0-84cc-4119-98df-d1dd014eeba6'}
        Body: 
2015-12-09 08:37:09,637 24450 INFO     [tempest_lib.common.rest_client] Request (TestNetworkAdvancedServerOps:_run_cleanups): 202 DELETE http://10.0.2.15:8774/v2.1/7a0a831fbe5c41afb3b2bd7dc03ecc3f/os-keypairs/tempest-TestNetworkAdvancedServerOps-1812466072 0.021s
2015-12-09 08:37:09,637 24450 DEBUG    [tempest_lib.common.rest_client] Request - Headers: {'Content-Type': 'application/json', 'Accept': 'application/json', 'X-Auth-Token': '&lt;omitted&gt;'}
        Body: None
    Response - Headers: {'status': '202', 'content-length': '0', 'x-compute-request-id': 'req-568e5083-91d7-43b0-b7f7-fb8e7e9e90e3', 'vary': 'X-OpenStack-Nova-API-Version', 'connection': 'close', 'x-openstack-nova-api-version': '2.1', 'date': 'Wed, 09 Dec 2015 08:37:09 GMT', 'content-type': 'application/json'}
        Body: 
2015-12-09 08:37:09,735 24450 INFO     [tempest_lib.common.rest_client] Request (TestNetworkAdvancedServerOps:_run_cleanups): 404 GET http://10.0.2.15:8774/v2.1/7a0a831fbe5c41afb3b2bd7dc03ecc3f/servers/737d9544-2ada-4388-8a46-b87f4167651b 0.097s
2015-12-09 08:37:09,736 24450 DEBUG    [tempest_lib.common.rest_client] Request - Headers: {'Content-Type': 'application/json', 'Accept': 'application/json', 'X-Auth-Token': '&lt;omitted&gt;'}
        Body: None
    Response - Headers: {'status': '404', 'content-length': '111', 'x-compute-request-id': 'req-bb1404f0-29e5-40a9-939b-3476395f87c3', 'vary': 'X-OpenStack-Nova-API-Version', 'connection': 'close', 'x-openstack-nova-api-version': '2.1', 'date': 'Wed, 09 Dec 2015 08:37:09 GMT', 'content-type': 'application/json; charset=UTF-8'}
        Body: {"itemNotFound": {"message": "Instance 737d9544-2ada-4388-8a46-b87f4167651b could not be found.", "code": 404}}
}}}

Traceback (most recent call last):
  File "tempest/test.py", line 113, in wrapper
    return f(self, *func_args, **func_kwargs)
  File "tempest/scenario/test_network_advanced_server_ops.py", line 134, in test_server_connectivity_pause_unpause
    server, keypair, floating_ip = self._setup_network_and_servers()
  File "tempest/scenario/test_network_advanced_server_ops.py", line 71, in _setup_network_and_servers
    server, keypair, floating_ip)
  File "tempest/scenario/test_network_advanced_server_ops.py", line 95, in _wait_server_status_and_check_network_connectivity
    self._check_network_connectivity(server, keypair, floating_ip)
  File "tempest/scenario/test_network_advanced_server_ops.py", line 88, in _check_network_connectivity
    servers=[server])
  File "tempest/scenario/manager.py", line 606, in check_public_network_connectivity
    should_connect=should_connect)
  File "tempest/scenario/manager.py", line 590, in check_vm_connectivity
    msg=msg)
  File "/usr/local/lib/python2.7/dist-packages/unittest2/case.py", line 702, in assertTrue
    raise self.failureException(msg)
AssertionError: False is not true : Timed out waiting for 172.24.4.4 to become reachable



        </pre>
    </div>
    <!--css div popup end-->

    </td>
</tr>

<tr id='ft1.2' class='none'>
    <td class='failCase'><div class='testcase'>test_server_connectivity_reboot[compute,id-7b6860c2-afa3-4846-9522-adeb38dfbe08,network]</div></td>
    <td colspan='7' align='left'>

    <!--css div popup start-->
    <a class="popup_link" onfocus='this.blur();'
    href="javascript:showTestDetail('div_ft1.2')" >
        fail</a>

    <div id='div_ft1.2' class="popup_window">
        <div style='text-align: right; color:red;cursor:pointer'>
        <a onfocus='this.blur();'
onclick="document.getElementById('div_ft1.2').style.display = 'none' " >
           [x]</a>
        </div>
        <pre>
        
ft1.2: tempest.scenario.test_network_advanced_server_ops.TestNetworkAdvancedServerOps.test_server_connectivity_reboot[compute,id-7b6860c2-afa3-4846-9522-adeb38dfbe08,network]_StringException: Empty attachments:
  stderr
  stdout

pythonlogging:'': {{{
