<?xml version="1.0" encoding="UTF-8"?>
<!DOCTYPE html PUBLIC "-//W3C//DTD XHTML 1.0 Strict//EN"
     "http://www.w3.org/TR/xhtml1/DTD/xhtml1-strict.dtd">
<html xmlns="http://www.w3.org/1999/xhtml">
<head>
    <title>Unit Test Report</title>
    <meta name="generator" content="subunit2html 0.1"/>
    <meta http-equiv="Content-Type" content="text/html; charset=UTF-8"/>
    
<style type="text/css" media="screen">
body        { font-family: verdana, arial, helvetica, sans-serif;
    font-size: 80%; }
table       { font-size: 100%; width: 100%;}
pre         { font-size: 80%; }

/* -- heading -------------------------------------------------------------- */
h1 {
        font-size: 16pt;
        color: gray;
}
.heading {
    margin-top: 0ex;
    margin-bottom: 1ex;
}

.heading .attribute {
    margin-top: 1ex;
    margin-bottom: 0;
}

.heading .description {
    margin-top: 4ex;
    margin-bottom: 6ex;
}

/* -- css div popup -------------------------------------------------------- */
a.popup_link {
}

a.popup_link:hover {
    color: red;
}

.popup_window {
    display: none;
    overflow-x: scroll;
    /*border: solid #627173 1px; */
    padding: 10px;
    background-color: #E6E6D6;
    font-family: "Ubuntu Mono", "Lucida Console", "Courier New", monospace;
    text-align: left;
    font-size: 8pt;
}

}
/* -- report --------------------------------------------------------------- */
#show_detail_line {
    margin-top: 3ex;
    margin-bottom: 1ex;
}
#result_table {
    width: 100%;
    border-collapse: collapse;
    border: 1px solid #777;
}
#header_row {
    font-weight: bold;
    color: white;
    background-color: #777;
}
#result_table td {
    border: 1px solid #777;
    padding: 2px;
}
#total_row  { font-weight: bold; }
.passClass  { background-color: #6c6; }
.failClass  { background-color: #c60; }
.errorClass { background-color: #c00; }
.passCase   { color: #6c6; }
.failCase   { color: #c60; font-weight: bold; }
.errorCase  { color: #c00; font-weight: bold; }
.hiddenRow  { display: none; }
.testcase   { margin-left: 2em; }
td.testname {width: 40%}
td.small {width: 40px}

/* -- ending --------------------------------------------------------------- */
#ending {
}

</style>

</head>
<body>
<script language="javascript" type="text/javascript"><!--
output_list = Array();

/* level - 0:Summary; 1:Failed; 2:All */
function showCase(level) {
    trs = document.getElementsByTagName("tr");
    for (var i = 0; i < trs.length; i++) {
        tr = trs[i];
        id = tr.id;
        if (id.substr(0,2) == 'ft') {
            if (level < 1) {
                tr.className = 'hiddenRow';
            }
            else {
                tr.className = '';
            }
        }
        if (id.substr(0,2) == 'pt') {
            if (level > 1) {
                tr.className = '';
            }
            else {
                tr.className = 'hiddenRow';
            }
        }
    }
}


function showClassDetail(cid, count) {
    var id_list = Array(count);
    var toHide = 1;
    for (var i = 0; i < count; i++) {
        tid0 = 't' + cid.substr(1) + '.' + (i+1);
        tid = 'f' + tid0;
        tr = document.getElementById(tid);
        if (!tr) {
            tid = 'p' + tid0;
            tr = document.getElementById(tid);
        }
        id_list[i] = tid;
        if (tr.className) {
            toHide = 0;
        }
    }
    for (var i = 0; i < count; i++) {
        tid = id_list[i];
        if (toHide) {
            document.getElementById('div_'+tid).style.display = 'none'
            document.getElementById(tid).className = 'hiddenRow';
        }
        else {
            document.getElementById(tid).className = '';
        }
    }
}


function showTestDetail(div_id){
    var details_div = document.getElementById(div_id)
    var displayState = details_div.style.display
    // alert(displayState)
    if (displayState != 'block' ) {
        displayState = 'block'
        details_div.style.display = 'block'
    }
    else {
        details_div.style.display = 'none'
    }
}


function html_escape(s) {
    s = s.replace(/&/g,'&amp;');
    s = s.replace(/</g,'&lt;');
    s = s.replace(/>/g,'&gt;');
    return s;
}

/* obsoleted by detail in <div>
function showOutput(id, name) {
    var w = window.open("", //url
                    name,
                    "resizable,scrollbars,status,width=800,height=450");
    d = w.document;
    d.write("<pre>");
    d.write(html_escape(output_list[id]));
    d.write("\n");
    d.write("<a href='javascript:window.close()'>close</a>\n");
    d.write("</pre>\n");
    d.close();
}
*/
--></script>

<div class='heading'>
<h1>Unit Test Report</h1>

<p class='attribute'><strong>Status:</strong> Failure 6</p>

<p class='description'></p>
</div>



<p id='show_detail_line'>Show
<a href='javascript:showCase(0)'>Summary</a>
<a href='javascript:showCase(1)'>Failed</a>
<a href='javascript:showCase(2)'>All</a>
</p>
<table id='result_table'>
<colgroup>
<col align='left' />
<col align='right' />
<col align='right' />
<col align='right' />
<col align='right' />
<col align='right' />
<col align='right' />
<col align='right' />
</colgroup>
<tr id='header_row'>
    <td>Test Group/Test case</td>
    <td>Count</td>
    <td>Pass</td>
    <td>Fail</td>
    <td>Error</td>
    <td>Skip</td>
    <td>View</td>
    <td> </td>
</tr>

<tr class='failClass'>
    <td class="testname">tempest.scenario.test_network_advanced_server_ops.TestNetworkAdvancedServerOps</td>
    <td class="small">6</td>
    <td class="small">0</td>
    <td class="small">6</td>
    <td class="small">0</td>
    <td class="small">0</td>
    <td class="small"><a href="javascript:showClassDetail('c1',6)"
>Detail</a></td>
    <td> </td>
</tr>

<tr id='ft1.1' class='none'>
    <td class='failCase'><div class='testcase'>test_server_connectivity_pause_unpause[compute,id-2b2642db-6568-4b35-b812-eceed3fa20ce,network]</div></td>
    <td colspan='7' align='left'>

    <!--css div popup start-->
    <a class="popup_link" onfocus='this.blur();'
    href="javascript:showTestDetail('div_ft1.1')" >
        fail</a>

    <div id='div_ft1.1' class="popup_window">
        <div style='text-align: right; color:red;cursor:pointer'>
        <a onfocus='this.blur();'
onclick="document.getElementById('div_ft1.1').style.display = 'none' " >
           [x]</a>
        </div>
        <pre>
        
ft1.1: tempest.scenario.test_network_advanced_server_ops.TestNetworkAdvancedServerOps.test_server_connectivity_pause_unpause[compute,id-2b2642db-6568-4b35-b812-eceed3fa20ce,network]_StringException: Empty attachments:
  stderr
  stdout

pythonlogging:'': {{{
2015-12-09 01:43:04,607 24500 INFO     [tempest_lib.common.rest_client] Request (TestNetworkAdvancedServerOps:test_server_connectivity_pause_unpause): 200 POST http://10.0.2.15:8774/v2.1/a3c989eb7c4e4a7e9aa712c2363a695d/os-keypairs 0.283s
2015-12-09 01:43:04,608 24500 DEBUG    [tempest_lib.common.rest_client] Request - Headers: {'Content-Type': 'application/json', 'Accept': 'application/json', 'X-Auth-Token': '&lt;omitted&gt;'}
        Body: {"keypair": {"name": "tempest-TestNetworkAdvancedServerOps-1485801990"}}
    Response - Headers: {'status': '200', 'content-length': '2330', 'x-compute-request-id': 'req-9d6fa092-c737-48df-9c1c-371b10291164', 'vary': 'X-OpenStack-Nova-API-Version', 'connection': 'close', 'x-openstack-nova-api-version': '2.1', 'date': 'Wed, 09 Dec 2015 01:43:04 GMT', 'content-type': 'application/json'}
        Body: {"keypair": {"public_key": "ssh-rsa AAAAB3NzaC1yc2EAAAADAQABAAABAQDq1qGXk5j5Rczj5JmQOSMES/gTQgsoMkDSuFqvptT33M7juoSlrZQcSwexiIJK9wzWuQ6QLZzNrcxFiKAqyKY8URUmwbvWhHSWg4XeXGatc0UkVlt+MwxFGJArBPFxpnp/pyusouTR9NWGHwf7wIvS8r0mKoZ+E4nOD+MfQiMeY8sLxxakDqduAVq6oOnsV14x4nNpuL7vgftBOacQiVW0bl85qzVqq0jbPUpfa8YBGvFNBHPGoePoG3TzOGeYUtcBFnuyYG7F63wIvjGoMNcjiMgHY0sIejZQk5WXN+Lci8PpTc0XFEg+GB1Z1LOCxykwpFq0+zS9Cciwm8fUtHyv Generated-by-Nova", "private_key": "-----BEGIN RSA PRIVATE KEY-----\nMIIEqQIBAAKCAQEA6tahl5OY+UXM4+SZkDkjBEv4E0ILKDJA0rhar6bU99zO47qE\npa2UHEsHsYiCSvcM1rkOkC2cza3MRYigKsimPFEVJsG71oR0loOF3lxmrXNFJFZb\nfjMMRRiQKwTxcaZ6f6crrKLk0fTVhh8H+8CL0vK9JiqGfhOJzg/jH0IjHmPLC8cW\npA6nbgFauqDp7FdeMeJzabi+74H7QTmnEIlVtG5fOas1aqtI2z1KX2vGARrxTQRz\nxqHj6Bt08zhnmFLXARZ7smBuxet8CL4xqDDXI4jIB2NLCHo2UJOVlzfi3IvD6U3N\nFxRIPhgdWdSzgscpMKRatPs0vQnIsJvH1LR8rwIDAQABAoIBABa9VcRhrGxmz+I5\nXo1Smwttd8YVnRL1WsWMyGs90l116iqvAu0wE6lxsnsEZulvZrTcEobvg8F+1Mre\n4fOCnmY0y8GG/PNWvBte/PV9KQwen1FXc2CS/Nsr97nSrrZ8klwOCfKbi2CxPoPQ\nOWutR1zT2HD7qS5IIg3sB+gc9V2ZyLAAiMbge/TIPeDrdrwTZT+CumL43f7lIRJf\nxEcc+0Kki6PEWyyBXczOZa2L4K7uDSFWampK9l/0i1s03NERPY3ggywzEsKjMRFn\nQGdiSUUPtFEFeHHmDOy/YSXOVHj0hWfIOPDlD0mzSzh0Ms5gldh011cSLYn1h14d\nY5bNzSECggCBAPF3l2Gi7KnBNKen/IHSeoumDDyC6IBZSiXzGfxf1tSBdRi+l0zA\n/S91yu5fu1jUJyZPd9XzlSFpn2EJ+YyUbAYubowgj1Gz/wgNnPlr9SdZVKGP+9HI\nm4P6H8HNd6tRoZ9CO0OhEVs0IVmz37tDJbs8j/KNTO65xjN7l57RsA65AoIAgQD4\n+OhF7kiF0CE57JZh05WbzuIoy2l/tKuH3ydixKfCUtm3vnJEcVfW0+QE3ajp9MTV\nlZHzjzjyI66H8KjJ1UQOvZh7w5ZCMeAKQ+QSSim/yny1FKjYuGMPfeSfijIL166/\nYtTeIXU+QPb4GdaAk2bYpuvVKIHLNgy/QZJpjHDypwKCAIEA5EE3YX1AmEthueZr\nJFFRtDa3tG/O1p0RIYSHGPGDw4fIqCZqIY0BCN8hgGoQUCzkASv3zNCgNWCB35ot\nQr1+y+0SZPXWZNZwiy1LKN/rc1HXVY4k7i7jC0PixzGyIMlerYxPN2PHY16I9CG7\nqWoU/cSHEjKN+dC00i/PqLrw4UkCggCAC2SghGq2COGQU60+6HUdOIcMFF/SkRR8\ncPhGPh/PqXXPHrhpVDZ3lY4Wth5Kl4Iq67cveZzJN1NorjHWF35Z4e7NJoS5wIe1\nv+KBclDQfkVO1Z5/Z4NwjQnux1o0lhQlm/5yzUNssQ+Z/Zp5FWMpZqqkyhlTbzAm\n/y2J/Kh/lqsCggCBAJsSqsoUVEgcw3EIpxogs/aEb0zmiFE70D8fNBw2UGvsazh3\nTqL7ij14YC56cgNMUU3JQtn0O3RBiDCPUyxOcVvoH7sVz4z5ihpLlwkbUkQ2KDaX\ncv7h1HpHveV7Cym0kkpBHGR1/Yz/k6Mq/Pr57TwuNoqh93o9PnJ7v0VuLCUG\n-----END RSA PRIVATE KEY-----\n", "user_id": "5993bdf363714e078dbe73ffcea5054a", "name": "tempest-TestNetworkAdvancedServerOps-1485801990", "fingerprint": "12:ad:a6:ba:35:6e:ec:92:a9:eb:e0:27:ef:b2:76:27"}}
2015-12-09 01:43:04,964 24500 INFO     [tempest_lib.common.rest_client] Request (TestNetworkAdvancedServerOps:test_server_connectivity_pause_unpause): 201 POST http://10.0.2.15:9696/v2.0/security-groups 0.352s
2015-12-09 01:43:04,964 24500 DEBUG    [tempest_lib.common.rest_client] Request - Headers: {'Content-Type': 'application/json', 'Accept': 'application/json', 'X-Auth-Token': '&lt;omitted&gt;'}
        Body: {"security_group": {"tenant_id": "a3c989eb7c4e4a7e9aa712c2363a695d", "description": "tempest-secgroup-smoke-1409897511 description", "name": "tempest-secgroup-smoke-1409897511"}}
    Response - Headers: {'status': '201', 'content-length': '888', 'connection': 'close', 'date': 'Wed, 09 Dec 2015 01:43:04 GMT', 'content-type': 'application/json; charset=UTF-8', 'x-openstack-request-id': 'req-1f8b9014-2009-40db-8bc2-c2a9b54149d5'}
        Body: {"security_group": {"tenant_id": "a3c989eb7c4e4a7e9aa712c2363a695d", "description": "tempest-secgroup-smoke-1409897511 description", "id": "95b4e0df-cb3d-4183-b576-4d6ff9b7924e", "security_group_rules": [{"remote_group_id": null, "direction": "egress", "remote_ip_prefix": null, "protocol": null, "ethertype": "IPv4", "tenant_id": "a3c989eb7c4e4a7e9aa712c2363a695d", "port_range_max": null, "port_range_min": null, "id": "1be95700-1815-4f00-be26-5c6c320281f3", "security_group_id": "95b4e0df-cb3d-4183-b576-4d6ff9b7924e"}, {"remote_group_id": null, "direction": "egress", "remote_ip_prefix": null, "protocol": null, "ethertype": "IPv6", "tenant_id": "a3c989eb7c4e4a7e9aa712c2363a695d", "port_range_max": null, "port_range_min": null, "id": "82afd834-a7e1-4491-a306-93aca8e5fa82", "security_group_id": "95b4e0df-cb3d-4183-b576-4d6ff9b7924e"}], "name": "tempest-secgroup-smoke-1409897511"}}
2015-12-09 01:43:05,217 24500 INFO     [tempest_lib.common.rest_client] Request (TestNetworkAdvancedServerOps:test_server_connectivity_pause_unpause): 201 POST http://10.0.2.15:9696/v2.0/security-group-rules 0.251s
2015-12-09 01:43:05,218 24500 DEBUG    [tempest_lib.common.rest_client] Request - Headers: {'Content-Type': 'application/json', 'Accept': 'application/json', 'X-Auth-Token': '&lt;omitted&gt;'}
        Body: {"security_group_rule": {"direction": "ingress", "protocol": "tcp", "tenant_id": "a3c989eb7c4e4a7e9aa712c2363a695d", "port_range_max": 22, "security_group_id": "95b4e0df-cb3d-4183-b576-4d6ff9b7924e", "port_range_min": 22}}
    Response - Headers: {'status': '201', 'content-length': '340', 'connection': 'close', 'date': 'Wed, 09 Dec 2015 01:43:05 GMT', 'content-type': 'application/json; charset=UTF-8', 'x-openstack-request-id': 'req-60e1a57a-507e-4a5e-93d2-1f83570fc32a'}
        Body: {"security_group_rule": {"remote_group_id": null, "direction": "ingress", "remote_ip_prefix": null, "protocol": "tcp", "ethertype": "IPv4", "tenant_id": "a3c989eb7c4e4a7e9aa712c2363a695d", "port_range_max": 22, "port_range_min": 22, "id": "bdae3ae0-4a3d-4652-9c87-32caa87caf25", "security_group_id": "95b4e0df-cb3d-4183-b576-4d6ff9b7924e"}}
2015-12-09 01:43:05,338 24500 INFO     [tempest_lib.common.rest_client] Request (TestNetworkAdvancedServerOps:test_server_connectivity_pause_unpause): 201 POST http://10.0.2.15:9696/v2.0/security-group-rules 0.119s
2015-12-09 01:43:05,339 24500 DEBUG    [tempest_lib.common.rest_client] Request - Headers: {'Content-Type': 'application/json', 'Accept': 'application/json', 'X-Auth-Token': '&lt;omitted&gt;'}
        Body: {"security_group_rule": {"direction": "egress", "protocol": "tcp", "tenant_id": "a3c989eb7c4e4a7e9aa712c2363a695d", "port_range_max": 22, "security_group_id": "95b4e0df-cb3d-4183-b576-4d6ff9b7924e", "port_range_min": 22}}
    Response - Headers: {'status': '201', 'content-length': '339', 'connection': 'close', 'date': 'Wed, 09 Dec 2015 01:43:05 GMT', 'content-type': 'application/json; charset=UTF-8', 'x-openstack-request-id': 'req-a213ce65-6d29-4641-9562-2a86569b737d'}
        Body: {"security_group_rule": {"remote_group_id": null, "direction": "egress", "remote_ip_prefix": null, "protocol": "tcp", "ethertype": "IPv4", "tenant_id": "a3c989eb7c4e4a7e9aa712c2363a695d", "port_range_max": 22, "port_range_min": 22, "id": "a513fa03-1ba3-4c2a-a291-dfc2d9495946", "security_group_id": "95b4e0df-cb3d-4183-b576-4d6ff9b7924e"}}
2015-12-09 01:43:05,480 24500 INFO     [tempest_lib.common.rest_client] Request (TestNetworkAdvancedServerOps:test_server_connectivity_pause_unpause): 201 POST http://10.0.2.15:9696/v2.0/security-group-rules 0.139s
2015-12-09 01:43:05,481 24500 DEBUG    [tempest_lib.common.rest_client] Request - Headers: {'Content-Type': 'application/json', 'Accept': 'application/json', 'X-Auth-Token': '&lt;omitted&gt;'}
        Body: {"security_group_rule": {"tenant_id": "a3c989eb7c4e4a7e9aa712c2363a695d", "direction": "ingress", "protocol": "icmp", "security_group_id": "95b4e0df-cb3d-4183-b576-4d6ff9b7924e"}}
    Response - Headers: {'status': '201', 'content-length': '345', 'connection': 'close', 'date': 'Wed, 09 Dec 2015 01:43:05 GMT', 'content-type': 'application/json; charset=UTF-8', 'x-openstack-request-id': 'req-200ea20b-3d66-4e9c-968a-2ff8cf082f89'}
        Body: {"security_group_rule": {"remote_group_id": null, "direction": "ingress", "remote_ip_prefix": null, "protocol": "icmp", "ethertype": "IPv4", "tenant_id": "a3c989eb7c4e4a7e9aa712c2363a695d", "port_range_max": null, "port_range_min": null, "id": "4240704a-77cb-415b-af1c-7d60209a2aaf", "security_group_id": "95b4e0df-cb3d-4183-b576-4d6ff9b7924e"}}
2015-12-09 01:43:05,600 24500 INFO     [tempest_lib.common.rest_client] Request (TestNetworkAdvancedServerOps:test_server_connectivity_pause_unpause): 201 POST http://10.0.2.15:9696/v2.0/security-group-rules 0.117s
2015-12-09 01:43:05,600 24500 DEBUG    [tempest_lib.common.rest_client] Request - Headers: {'Content-Type': 'application/json', 'Accept': 'application/json', 'X-Auth-Token': '&lt;omitted&gt;'}
        Body: {"security_group_rule": {"tenant_id": "a3c989eb7c4e4a7e9aa712c2363a695d", "direction": "egress", "protocol": "icmp", "security_group_id": "95b4e0df-cb3d-4183-b576-4d6ff9b7924e"}}
    Response - Headers: {'status': '201', 'content-length': '344', 'connection': 'close', 'date': 'Wed, 09 Dec 2015 01:43:05 GMT', 'content-type': 'application/json; charset=UTF-8', 'x-openstack-request-id': 'req-e8b15e5a-bedb-43c2-955d-76cbbb4baa17'}
        Body: {"security_group_rule": {"remote_group_id": null, "direction": "egress", "remote_ip_prefix": null, "protocol": "icmp", "ethertype": "IPv4", "tenant_id": "a3c989eb7c4e4a7e9aa712c2363a695d", "port_range_max": null, "port_range_min": null, "id": "9ae9ba66-5d3f-4b14-b6b5-c40a7f84cd7d", "security_group_id": "95b4e0df-cb3d-4183-b576-4d6ff9b7924e"}}
2015-12-09 01:43:05,728 24500 INFO     [tempest_lib.common.rest_client] Request (TestNetworkAdvancedServerOps:test_server_connectivity_pause_unpause): 201 POST http://10.0.2.15:9696/v2.0/security-group-rules 0.126s
2015-12-09 01:43:05,729 24500 DEBUG    [tempest_lib.common.rest_client] Request - Headers: {'Content-Type': 'application/json', 'Accept': 'application/json', 'X-Auth-Token': '&lt;omitted&gt;'}
        Body: {"security_group_rule": {"tenant_id": "a3c989eb7c4e4a7e9aa712c2363a695d", "direction": "ingress", "security_group_id": "95b4e0df-cb3d-4183-b576-4d6ff9b7924e", "protocol": "icmp", "ethertype": "IPv6"}}
    Response - Headers: {'status': '201', 'content-length': '345', 'connection': 'close', 'date': 'Wed, 09 Dec 2015 01:43:05 GMT', 'content-type': 'application/json; charset=UTF-8', 'x-openstack-request-id': 'req-bc6da31b-1c92-4d6f-bc06-dad9da6ea42e'}
        Body: {"security_group_rule": {"remote_group_id": null, "direction": "ingress", "remote_ip_prefix": null, "protocol": "icmp", "ethertype": "IPv6", "tenant_id": "a3c989eb7c4e4a7e9aa712c2363a695d", "port_range_max": null, "port_range_min": null, "id": "c18c2f43-a810-4525-9ced-3872852cd179", "security_group_id": "95b4e0df-cb3d-4183-b576-4d6ff9b7924e"}}
2015-12-09 01:43:05,853 24500 INFO     [tempest_lib.common.rest_client] Request (TestNetworkAdvancedServerOps:test_server_connectivity_pause_unpause): 201 POST http://10.0.2.15:9696/v2.0/security-group-rules 0.123s
2015-12-09 01:43:05,854 24500 DEBUG    [tempest_lib.common.rest_client] Request - Headers: {'Content-Type': 'application/json', 'Accept': 'application/json', 'X-Auth-Token': '&lt;omitted&gt;'}
        Body: {"security_group_rule": {"tenant_id": "a3c989eb7c4e4a7e9aa712c2363a695d", "direction": "egress", "security_group_id": "95b4e0df-cb3d-4183-b576-4d6ff9b7924e", "protocol": "icmp", "ethertype": "IPv6"}}
    Response - Headers: {'status': '201', 'content-length': '344', 'connection': 'close', 'date': 'Wed, 09 Dec 2015 01:43:05 GMT', 'content-type': 'application/json; charset=UTF-8', 'x-openstack-request-id': 'req-e3697da1-08d6-4bc6-b939-38506610515c'}
        Body: {"security_group_rule": {"remote_group_id": null, "direction": "egress", "remote_ip_prefix": null, "protocol": "icmp", "ethertype": "IPv6", "tenant_id": "a3c989eb7c4e4a7e9aa712c2363a695d", "port_range_max": null, "port_range_min": null, "id": "f4f5d788-8627-4600-b19c-9224d02757c1", "security_group_id": "95b4e0df-cb3d-4183-b576-4d6ff9b7924e"}}
2015-12-09 01:43:06,035 24500 INFO     [tempest_lib.common.rest_client] Request (TestNetworkAdvancedServerOps:test_server_connectivity_pause_unpause): 201 POST http://10.0.2.15:9696/v2.0/networks 0.180s
2015-12-09 01:43:06,036 24500 DEBUG    [tempest_lib.common.rest_client] Request - Headers: {'Content-Type': 'application/json', 'Accept': 'application/json', 'X-Auth-Token': '&lt;omitted&gt;'}
        Body: {"network": {"tenant_id": "a3c989eb7c4e4a7e9aa712c2363a695d", "name": "tempest-network-smoke--966132010"}}
    Response - Headers: {'status': '201', 'content-length': '328', 'connection': 'close', 'date': 'Wed, 09 Dec 2015 01:43:06 GMT', 'content-type': 'application/json; charset=UTF-8', 'x-openstack-request-id': 'req-5886ff17-d2e3-4cb4-972b-8b6a168a0bd8'}
        Body: {"network": {"status": "ACTIVE", "subnets": [], "availability_zone_hints": "[]", "name": "tempest-network-smoke--966132010", "admin_state_up": true, "tenant_id": "a3c989eb7c4e4a7e9aa712c2363a695d", "mtu": 0, "router:external": false, "shared": false, "port_security_enabled": true, "id": "b63148f9-9254-4629-9b79-888cc5ab6898"}}
2015-12-09 01:43:06,125 24500 INFO     [tempest_lib.common.rest_client] Request (TestNetworkAdvancedServerOps:test_server_connectivity_pause_unpause): 201 POST http://10.0.2.15:9696/v2.0/routers 0.088s
2015-12-09 01:43:06,126 24500 DEBUG    [tempest_lib.common.rest_client] Request - Headers: {'Content-Type': 'application/json', 'Accept': 'application/json', 'X-Auth-Token': '&lt;omitted&gt;'}
        Body: {"router": {"tenant_id": "a3c989eb7c4e4a7e9aa712c2363a695d", "name": "tempest-router-smoke-1194363026", "admin_state_up": true}}
    Response - Headers: {'status': '201', 'content-length': '296', 'connection': 'close', 'date': 'Wed, 09 Dec 2015 01:43:06 GMT', 'content-type': 'application/json; charset=UTF-8', 'x-openstack-request-id': 'req-5d0828c2-2fb7-4cea-9506-a79120e17d6b'}
        Body: {"router": {"status": "ACTIVE", "external_gateway_info": null, "availability_zone_hints": [], "availability_zones": [], "name": "tempest-router-smoke-1194363026", "admin_state_up": true, "tenant_id": "a3c989eb7c4e4a7e9aa712c2363a695d", "routes": [], "id": "bb609536-62a2-446c-8d29-52d0cf4cfc47"}}
2015-12-09 01:43:06,177 24500 INFO     [tempest_lib.common.rest_client] Request (TestNetworkAdvancedServerOps:test_server_connectivity_pause_unpause): 200 GET http://10.0.2.15:9696/v2.0/routers/bb609536-62a2-446c-8d29-52d0cf4cfc47 0.050s
2015-12-09 01:43:06,178 24500 DEBUG    [tempest_lib.common.rest_client] Request - Headers: {'Content-Type': 'application/json', 'Accept': 'application/json', 'X-Auth-Token': '&lt;omitted&gt;'}
        Body: None
    Response - Headers: {'status': '200', 'content-length': '296', 'content-location': 'http://10.0.2.15:9696/v2.0/routers/bb609536-62a2-446c-8d29-52d0cf4cfc47', 'connection': 'close', 'date': 'Wed, 09 Dec 2015 01:43:06 GMT', 'content-type': 'application/json; charset=UTF-8', 'x-openstack-request-id': 'req-42bc5e80-da8e-4ae5-ac20-86147db3b5f7'}
        Body: {"router": {"status": "ACTIVE", "external_gateway_info": null, "availability_zone_hints": [], "availability_zones": [], "name": "tempest-router-smoke-1194363026", "admin_state_up": true, "tenant_id": "a3c989eb7c4e4a7e9aa712c2363a695d", "routes": [], "id": "bb609536-62a2-446c-8d29-52d0cf4cfc47"}}
2015-12-09 01:43:06,957 24500 INFO     [tempest_lib.common.rest_client] Request (TestNetworkAdvancedServerOps:test_server_connectivity_pause_unpause): 200 PUT http://10.0.2.15:9696/v2.0/routers/bb609536-62a2-446c-8d29-52d0cf4cfc47 0.778s
2015-12-09 01:43:06,957 24500 DEBUG    [tempest_lib.common.rest_client] Request - Headers: {'Content-Type': 'application/json', 'Accept': 'application/json', 'X-Auth-Token': '&lt;omitted&gt;'}
        Body: {"router": {"external_gateway_info": {"network_id": "9a138d2b-28b7-4d47-81f3-eef13c4f2fe9"}, "name": "tempest-router-smoke-1194363026", "admin_state_up": true}}
    Response - Headers: {'status': '200', 'content-length': '558', 'connection': 'close', 'date': 'Wed, 09 Dec 2015 01:43:06 GMT', 'content-type': 'application/json; charset=UTF-8', 'x-openstack-request-id': 'req-efedaec2-28aa-46d4-b945-5d3a4280383f'}
        Body: {"router": {"status": "ACTIVE", "external_gateway_info": {"network_id": "9a138d2b-28b7-4d47-81f3-eef13c4f2fe9", "enable_snat": true, "external_fixed_ips": [{"subnet_id": "202b9839-5088-4751-90a1-1b9ceaf21ef1", "ip_address": "172.24.4.3"}, {"subnet_id": "8403c21d-424d-4c32-ba32-42bed9aabccb", "ip_address": "2001:db8::3"}]}, "availability_zone_hints": [], "availability_zones": [], "name": "tempest-router-smoke-1194363026", "admin_state_up": true, "tenant_id": "a3c989eb7c4e4a7e9aa712c2363a695d", "routes": [], "id": "bb609536-62a2-446c-8d29-52d0cf4cfc47"}}
2015-12-09 01:43:07,102 24500 INFO     [tempest_lib.common.rest_client] Request (TestNetworkAdvancedServerOps:test_server_connectivity_pause_unpause): 200 GET http://10.0.2.15:9696/v2.0/subnets?tenant_id=a3c989eb7c4e4a7e9aa712c2363a695d&amp;cidr=10.100.0.0%2F28 0.143s
2015-12-09 01:43:07,102 24500 DEBUG    [tempest_lib.common.rest_client] Request - Headers: {'Content-Type': 'application/json', 'Accept': 'application/json', 'X-Auth-Token': '&lt;omitted&gt;'}
        Body: None
    Response - Headers: {'status': '200', 'content-length': '15', 'content-location': 'http://10.0.2.15:9696/v2.0/subnets?tenant_id=a3c989eb7c4e4a7e9aa712c2363a695d&amp;cidr=10.100.0.0%2F28', 'connection': 'close', 'date': 'Wed, 09 Dec 2015 01:43:07 GMT', 'content-type': 'application/json; charset=UTF-8', 'x-openstack-request-id': 'req-d5ae649c-f752-4882-b872-b4fed3cadf25'}
        Body: {"subnets": []}
2015-12-09 01:43:07,478 24500 INFO     [tempest_lib.common.rest_client] Request (TestNetworkAdvancedServerOps:test_server_connectivity_pause_unpause): 201 POST http://10.0.2.15:9696/v2.0/subnets 0.374s
2015-12-09 01:43:07,478 24500 DEBUG    [tempest_lib.common.rest_client] Request - Headers: {'Content-Type': 'application/json', 'Accept': 'application/json', 'X-Auth-Token': '&lt;omitted&gt;'}
        Body: {"subnet": {"ip_version": 4, "tenant_id": "a3c989eb7c4e4a7e9aa712c2363a695d", "cidr": "10.100.0.0/28", "network_id": "b63148f9-9254-4629-9b79-888cc5ab6898", "name": "tempest-subnet-smoke-1345037694"}}
    Response - Headers: {'status': '201', 'content-length': '478', 'connection': 'close', 'date': 'Wed, 09 Dec 2015 01:43:07 GMT', 'content-type': 'application/json; charset=UTF-8', 'x-openstack-request-id': 'req-f69129c0-ec97-499b-bc3f-d86d178bb6bd'}
        Body: {"subnet": {"name": "tempest-subnet-smoke-1345037694", "enable_dhcp": true, "network_id": "b63148f9-9254-4629-9b79-888cc5ab6898", "tenant_id": "a3c989eb7c4e4a7e9aa712c2363a695d", "dns_nameservers": [], "gateway_ip": "10.100.0.1", "ipv6_ra_mode": null, "allocation_pools": [{"start": "10.100.0.2", "end": "10.100.0.14"}], "host_routes": [], "ip_version": 4, "ipv6_address_mode": null, "cidr": "10.100.0.0/28", "id": "9839f1e1-5915-4da8-8ab5-885e3ad85cf1", "subnetpool_id": null}}
2015-12-09 01:43:08,064 24500 INFO     [tempest_lib.common.rest_client] Request (TestNetworkAdvancedServerOps:test_server_connectivity_pause_unpause): 200 PUT http://10.0.2.15:9696/v2.0/routers/bb609536-62a2-446c-8d29-52d0cf4cfc47/add_router_interface 0.584s
2015-12-09 01:43:08,065 24500 DEBUG    [tempest_lib.common.rest_client] Request - Headers: {'Content-Type': 'application/json', 'Accept': 'application/json', 'X-Auth-Token': '&lt;omitted&gt;'}
        Body: {"subnet_id": "9839f1e1-5915-4da8-8ab5-885e3ad85cf1"}
    Response - Headers: {'status': '200', 'content-length': '255', 'connection': 'close', 'date': 'Wed, 09 Dec 2015 01:43:08 GMT', 'content-type': 'application/json; charset=UTF-8', 'x-openstack-request-id': 'req-30d02e50-625e-40bc-aba6-98e590dd9ad4'}
        Body: {"subnet_id": "9839f1e1-5915-4da8-8ab5-885e3ad85cf1", "tenant_id": "a3c989eb7c4e4a7e9aa712c2363a695d", "subnet_ids": ["9839f1e1-5915-4da8-8ab5-885e3ad85cf1"], "port_id": "31c57771-55f8-44e4-a19a-0d386d1b6901", "id": "bb609536-62a2-446c-8d29-52d0cf4cfc47"}
2015-12-09 01:43:08,179 24500 INFO     [tempest_lib.common.rest_client] Request (TestNetworkAdvancedServerOps:test_server_connectivity_pause_unpause): 200 POST http://10.0.2.15:5000/v2.0/tokens
2015-12-09 01:43:08,179 24500 DEBUG    [tempest_lib.common.rest_client] Request - Headers: {'Content-Type': 'application/json', 'Accept': 'application/json'}
        Body: &lt;omitted&gt;
    Response - Headers: {'status': '200', 'content-length': '2562', 'vary': 'X-Auth-Token', 'server': 'Apache/2.4.7 (Ubuntu)', 'connection': 'close', 'date': 'Wed, 09 Dec 2015 01:43:08 GMT', 'content-type': 'application/json', 'x-openstack-request-id': 'req-eb7fa353-6506-4ce7-af14-cd7a905199eb'}
        Body: {"access": {"token": {"issued_at": "2015-12-09T01:43:08.170312", "expires": "2015-12-09T02:43:08Z", "id": "5f9482e4ddf64c23ba4dd0f8f469b0f1", "tenant": {"description": "tempest-TestNetworkAdvancedServerOps-397029934-desc", "enabled": true, "id": "a3c989eb7c4e4a7e9aa712c2363a695d", "name": "tempest-TestNetworkAdvancedServerOps-397029934"}, "audit_ids": ["-si6v3WIRtWQPLePUquL4w"]}, "serviceCatalog": [{"endpoints": [{"adminURL": "http://10.0.2.15:8774/v2.1/a3c989eb7c4e4a7e9aa712c2363a695d", "region": "RegionOne", "internalURL": "http://10.0.2.15:8774/v2.1/a3c989eb7c4e4a7e9aa712c2363a695d", "id": "61a3bd31ae4043f1b0382789a4f684ad", "publicURL": "http://10.0.2.15:8774/v2.1/a3c989eb7c4e4a7e9aa712c2363a695d"}], "endpoints_links": [], "type": "compute", "name": "nova"}, {"endpoints": [{"adminURL": "http://10.0.2.15:9696/", "region": "RegionOne", "internalURL": "http://10.0.2.15:9696/", "id": "5dcd86ec27e24b159d8eb9bcf2664fc9", "publicURL": "http://10.0.2.15:9696/"}], "endpoints_links": [], "type": "network", "name": "neutron"}, {"endpoints": [{"adminURL": "http://10.0.2.15:9292", "region": "RegionOne", "internalURL": "http://10.0.2.15:9292", "id": "3c7dea87ffa841e38714f81f6693613d", "publicURL": "http://10.0.2.15:9292"}], "endpoints_links": [], "type": "image", "name": "glance"}, {"endpoints": [{"adminURL": "http://10.0.2.15:8774/v2/a3c989eb7c4e4a7e9aa712c2363a695d", "region": "RegionOne", "internalURL": "http://10.0.2.15:8774/v2/a3c989eb7c4e4a7e9aa712c2363a695d", "id": "1ca38532ae684077a6c7b6cf1d257b43", "publicURL": "http://10.0.2.15:8774/v2/a3c989eb7c4e4a7e9aa712c2363a695d"}], "endpoints_links": [], "type": "compute_legacy", "name": "nova_legacy"}, {"endpoints": [{"adminURL": "http://10.0.2.15:8773/", "region": "RegionOne", "internalURL": "http://10.0.2.15:8773/", "id": "368c82e9e5464d7e825d4ee8ef1a51a9", "publicURL": "http://10.0.2.15:8773/"}], "endpoints_links": [], "type": "ec2", "name": "ec2"}, {"endpoints": [{"adminURL": "http://10.0.2.15:35357/v2.0", "region": "RegionOne", "internalURL": "http://10.0.2.15:5000/v2.0", "id": "7d182d2f0a9c49f39dc973d143f3719e", "publicURL": "http://10.0.2.15:5000/v2.0"}], "endpoints_links": [], "type": "identity", "name": "keystone"}], "user": {"username": "tempest-TestNetworkAdvancedServerOps-447237074", "roles_links": [], "id": "5993bdf363714e078dbe73ffcea5054a", "roles": [{"name": "Member"}, {"name": "_member_"}], "name": "tempest-TestNetworkAdvancedServerOps-447237074"}, "metadata": {"is_admin": 0, "roles": ["cf7f02c7ec0341559ee8b5f8b5c5e6a1", "9fe2ff9ee4384b1894a90878d3e92bab"]}}}
2015-12-09 01:43:08,183 24500 DEBUG    [tempest.common.fixed_network] (TestNetworkAdvancedServerOps:test_server_connectivity_pause_unpause) No valid network provided or created, defaulting to fixed_network_name
2015-12-09 01:43:08,521 24500 INFO     [tempest_lib.common.rest_client] Request (TestNetworkAdvancedServerOps:test_server_connectivity_pause_unpause): 200 GET http://10.0.2.15:8774/v2.1/a3c989eb7c4e4a7e9aa712c2363a695d/os-networks 0.337s
2015-12-09 01:43:08,521 24500 DEBUG    [tempest_lib.common.rest_client] Request - Headers: {'Content-Type': 'application/json', 'Accept': 'application/json', 'X-Auth-Token': '&lt;omitted&gt;'}
        Body: None
    Response - Headers: {'status': '200', 'content-length': '478', 'content-location': 'http://10.0.2.15:8774/v2.1/a3c989eb7c4e4a7e9aa712c2363a695d/os-networks', 'x-compute-request-id': 'req-c4dd27fd-6988-4bff-82a4-84388a460438', 'vary': 'X-OpenStack-Nova-API-Version', 'connection': 'close', 'x-openstack-nova-api-version': '2.1', 'date': 'Wed, 09 Dec 2015 01:43:08 GMT', 'content-type': 'application/json'}
        Body: {"networks": [{"cidr_v6": null, "dns2": null, "dns1": null, "gateway": null, "broadcast": null, "netmask": null, "gateway_v6": null, "cidr": null, "label": "public", "id": "9a138d2b-28b7-4d47-81f3-eef13c4f2fe9", "netmask_v6": null}, {"cidr_v6": null, "dns2": null, "dns1": null, "gateway": null, "broadcast": null, "netmask": null, "gateway_v6": null, "cidr": null, "label": "tempest-network-smoke--966132010", "id": "b63148f9-9254-4629-9b79-888cc5ab6898", "netmask_v6": null}]}
2015-12-09 01:43:08,522 24500 WARNING  [tempest.common.fixed_network] (TestNetworkAdvancedServerOps:test_server_connectivity_pause_unpause) Network with name: private not found
2015-12-09 01:43:08,522 24500 INFO     [tempest.common.fixed_network] (TestNetworkAdvancedServerOps:test_server_connectivity_pause_unpause) Found network {} available for tenant
2015-12-09 01:43:09,778 24500 INFO     [tempest_lib.common.rest_client] Request (TestNetworkAdvancedServerOps:test_server_connectivity_pause_unpause): 202 POST http://10.0.2.15:8774/v2.1/a3c989eb7c4e4a7e9aa712c2363a695d/servers 1.254s
2015-12-09 01:43:09,778 24500 DEBUG    [tempest_lib.common.rest_client] Request - Headers: {'Content-Type': 'application/json', 'Accept': 'application/json', 'X-Auth-Token': '&lt;omitted&gt;'}
        Body: {"server": {"name": "tempest.common.compute-instance-805879048", "imageRef": "4ebd4ff7-df8b-469e-80e0-f6bf1d520d75", "key_name": "tempest-TestNetworkAdvancedServerOps-1485801990", "flavorRef": "42", "networks": [{"uuid": "b63148f9-9254-4629-9b79-888cc5ab6898"}], "security_groups": [{"name": "tempest-secgroup-smoke-1409897511"}]}}
    Response - Headers: {'status': '202', 'content-length': '462', 'x-compute-request-id': 'req-83ca6a8c-beba-4013-b0de-3ce1932df7fb', 'vary': 'X-OpenStack-Nova-API-Version', 'connection': 'close', 'location': 'http://10.0.2.15:8774/v2.1/a3c989eb7c4e4a7e9aa712c2363a695d/servers/53904141-e8be-4fe9-8ed1-d43ea7c84ce2', 'x-openstack-nova-api-version': '2.1', 'date': 'Wed, 09 Dec 2015 01:43:09 GMT', 'content-type': 'application/json'}
        Body: {"server": {"security_groups": [{"name": "tempest-secgroup-smoke-1409897511"}], "OS-DCF:diskConfig": "MANUAL", "id": "53904141-e8be-4fe9-8ed1-d43ea7c84ce2", "links": [{"href": "http://10.0.2.15:8774/v2.1/a3c989eb7c4e4a7e9aa712c2363a695d/servers/53904141-e8be-4fe9-8ed1-d43ea7c84ce2", "rel": "self"}, {"href": "http://10.0.2.15:8774/a3c989eb7c4e4a7e9aa712c2363a695d/servers/53904141-e8be-4fe9-8ed1-d43ea7c84ce2", "rel": "bookmark"}], "adminPass": "DrqGqW6C8THn"}}
2015-12-09 01:43:09,919 24500 INFO     [tempest_lib.common.rest_client] Request (TestNetworkAdvancedServerOps:test_server_connectivity_pause_unpause): 200 GET http://10.0.2.15:8774/v2.1/a3c989eb7c4e4a7e9aa712c2363a695d/servers/53904141-e8be-4fe9-8ed1-d43ea7c84ce2 0.135s
2015-12-09 01:43:09,919 24500 DEBUG    [tempest_lib.common.rest_client] Request - Headers: {'Content-Type': 'application/json', 'Accept': 'application/json', 'X-Auth-Token': '&lt;omitted&gt;'}
        Body: None
    Response - Headers: {'status': '200', 'content-length': '1364', 'content-location': 'http://10.0.2.15:8774/v2.1/a3c989eb7c4e4a7e9aa712c2363a695d/servers/53904141-e8be-4fe9-8ed1-d43ea7c84ce2', 'x-compute-request-id': 'req-b728aca8-3952-4033-bf75-bb54d601a88c', 'vary': 'X-OpenStack-Nova-API-Version', 'connection': 'close', 'x-openstack-nova-api-version': '2.1', 'date': 'Wed, 09 Dec 2015 01:43:09 GMT', 'content-type': 'application/json'}
        Body: {"server": {"status": "BUILD", "updated": "2015-12-09T01:43:09Z", "hostId": "", "addresses": {}, "links": [{"href": "http://10.0.2.15:8774/v2.1/a3c989eb7c4e4a7e9aa712c2363a695d/servers/53904141-e8be-4fe9-8ed1-d43ea7c84ce2", "rel": "self"}, {"href": "http://10.0.2.15:8774/a3c989eb7c4e4a7e9aa712c2363a695d/servers/53904141-e8be-4fe9-8ed1-d43ea7c84ce2", "rel": "bookmark"}], "key_name": "tempest-TestNetworkAdvancedServerOps-1485801990", "image": {"id": "4ebd4ff7-df8b-469e-80e0-f6bf1d520d75", "links": [{"href": "http://10.0.2.15:8774/a3c989eb7c4e4a7e9aa712c2363a695d/images/4ebd4ff7-df8b-469e-80e0-f6bf1d520d75", "rel": "bookmark"}]}, "OS-EXT-STS:task_state": "scheduling", "OS-EXT-STS:vm_state": "building", "OS-SRV-USG:launched_at": null, "flavor": {"id": "42", "links": [{"href": "http://10.0.2.15:8774/a3c989eb7c4e4a7e9aa712c2363a695d/flavors/42", "rel": "bookmark"}]}, "id": "53904141-e8be-4fe9-8ed1-d43ea7c84ce2", "OS-SRV-USG:terminated_at": null, "OS-EXT-AZ:availability_zone": "", "user_id": "5993bdf363714e078dbe73ffcea5054a", "name": "tempest.common.compute-instance-805879048", "created": "2015-12-09T01:43:09Z", "tenant_id": "a3c989eb7c4e4a7e9aa712c2363a695d", "OS-DCF:diskConfig": "MANUAL", "os-extended-volumes:volumes_attached": [], "accessIPv4": "", "accessIPv6": "", "progress": 0, "OS-EXT-STS:power_state": 0, "config_drive": "", "metadata": {}}}
2015-12-09 01:43:11,251 24500 INFO     [tempest_lib.common.rest_client] Request (TestNetworkAdvancedServerOps:test_server_connectivity_pause_unpause): 200 GET http://10.0.2.15:8774/v2.1/a3c989eb7c4e4a7e9aa712c2363a695d/servers/53904141-e8be-4fe9-8ed1-d43ea7c84ce2 0.322s
2015-12-09 01:43:11,251 24500 DEBUG    [tempest_lib.common.rest_client] Request - Headers: {'Content-Type': 'application/json', 'Accept': 'application/json', 'X-Auth-Token': '&lt;omitted&gt;'}
        Body: None
    Response - Headers: {'status': '200', 'content-length': '1422', 'content-location': 'http://10.0.2.15:8774/v2.1/a3c989eb7c4e4a7e9aa712c2363a695d/servers/53904141-e8be-4fe9-8ed1-d43ea7c84ce2', 'x-compute-request-id': 'req-55a991ba-db82-4203-bd96-5976fc25c22a', 'vary': 'X-OpenStack-Nova-API-Version', 'connection': 'close', 'x-openstack-nova-api-version': '2.1', 'date': 'Wed, 09 Dec 2015 01:43:11 GMT', 'content-type': 'application/json'}
        Body: {"server": {"status": "BUILD", "updated": "2015-12-09T01:43:10Z", "hostId": "2659e3b2156bcba4b97565176ec0702f5f3ca826180d9a2095026fbf", "addresses": {}, "links": [{"href": "http://10.0.2.15:8774/v2.1/a3c989eb7c4e4a7e9aa712c2363a695d/servers/53904141-e8be-4fe9-8ed1-d43ea7c84ce2", "rel": "self"}, {"href": "http://10.0.2.15:8774/a3c989eb7c4e4a7e9aa712c2363a695d/servers/53904141-e8be-4fe9-8ed1-d43ea7c84ce2", "rel": "bookmark"}], "key_name": "tempest-TestNetworkAdvancedServerOps-1485801990", "image": {"id": "4ebd4ff7-df8b-469e-80e0-f6bf1d520d75", "links": [{"href": "http://10.0.2.15:8774/a3c989eb7c4e4a7e9aa712c2363a695d/images/4ebd4ff7-df8b-469e-80e0-f6bf1d520d75", "rel": "bookmark"}]}, "OS-EXT-STS:task_state": "spawning", "OS-EXT-STS:vm_state": "building", "OS-SRV-USG:launched_at": null, "flavor": {"id": "42", "links": [{"href": "http://10.0.2.15:8774/a3c989eb7c4e4a7e9aa712c2363a695d/flavors/42", "rel": "bookmark"}]}, "id": "53904141-e8be-4fe9-8ed1-d43ea7c84ce2", "OS-SRV-USG:terminated_at": null, "OS-EXT-AZ:availability_zone": "nova", "user_id": "5993bdf363714e078dbe73ffcea5054a", "name": "tempest.common.compute-instance-805879048", "created": "2015-12-09T01:43:09Z", "tenant_id": "a3c989eb7c4e4a7e9aa712c2363a695d", "OS-DCF:diskConfig": "MANUAL", "os-extended-volumes:volumes_attached": [], "accessIPv4": "", "accessIPv6": "", "progress": 0, "OS-EXT-STS:power_state": 0, "config_drive": "", "metadata": {}}}
2015-12-09 01:43:11,260 24500 INFO     [tempest.common.waiters] State transition "BUILD/scheduling" ==&gt; "BUILD/spawning" after 2 second wait
2015-12-09 01:43:12,505 24500 INFO     [tempest_lib.common.rest_client] Request (TestNetworkAdvancedServerOps:test_server_connectivity_pause_unpause): 200 GET http://10.0.2.15:8774/v2.1/a3c989eb7c4e4a7e9aa712c2363a695d/servers/53904141-e8be-4fe9-8ed1-d43ea7c84ce2 0.244s
2015-12-09 01:43:12,506 24500 DEBUG    [tempest_lib.common.rest_client] Request - Headers: {'Content-Type': 'application/json', 'Accept': 'application/json', 'X-Auth-Token': '&lt;omitted&gt;'}
        Body: None
    Response - Headers: {'status': '200', 'content-length': '1490', 'content-location': 'http://10.0.2.15:8774/v2.1/a3c989eb7c4e4a7e9aa712c2363a695d/servers/53904141-e8be-4fe9-8ed1-d43ea7c84ce2', 'x-compute-request-id': 'req-76b3de9b-0732-43bb-8fe0-d519f7df727b', 'vary': 'X-OpenStack-Nova-API-Version', 'connection': 'close', 'x-openstack-nova-api-version': '2.1', 'date': 'Wed, 09 Dec 2015 01:43:12 GMT', 'content-type': 'application/json'}
        Body: {"server": {"status": "BUILD", "updated": "2015-12-09T01:43:10Z", "hostId": "2659e3b2156bcba4b97565176ec0702f5f3ca826180d9a2095026fbf", "addresses": {}, "links": [{"href": "http://10.0.2.15:8774/v2.1/a3c989eb7c4e4a7e9aa712c2363a695d/servers/53904141-e8be-4fe9-8ed1-d43ea7c84ce2", "rel": "self"}, {"href": "http://10.0.2.15:8774/a3c989eb7c4e4a7e9aa712c2363a695d/servers/53904141-e8be-4fe9-8ed1-d43ea7c84ce2", "rel": "bookmark"}], "key_name": "tempest-TestNetworkAdvancedServerOps-1485801990", "image": {"id": "4ebd4ff7-df8b-469e-80e0-f6bf1d520d75", "links": [{"href": "http://10.0.2.15:8774/a3c989eb7c4e4a7e9aa712c2363a695d/images/4ebd4ff7-df8b-469e-80e0-f6bf1d520d75", "rel": "bookmark"}]}, "OS-EXT-STS:task_state": "spawning", "OS-EXT-STS:vm_state": "building", "OS-SRV-USG:launched_at": null, "flavor": {"id": "42", "links": [{"href": "http://10.0.2.15:8774/a3c989eb7c4e4a7e9aa712c2363a695d/flavors/42", "rel": "bookmark"}]}, "id": "53904141-e8be-4fe9-8ed1-d43ea7c84ce2", "security_groups": [{"name": "tempest-secgroup-smoke-1409897511"}], "OS-SRV-USG:terminated_at": null, "OS-EXT-AZ:availability_zone": "nova", "user_id": "5993bdf363714e078dbe73ffcea5054a", "name": "tempest.common.compute-instance-805879048", "created": "2015-12-09T01:43:09Z", "tenant_id": "a3c989eb7c4e4a7e9aa712c2363a695d", "OS-DCF:diskConfig": "MANUAL", "os-extended-volumes:volumes_attached": [], "accessIPv4": "", "accessIPv6": "", "progress": 0, "OS-EXT-STS:power_state": 0, "config_drive": "", "metadata": {}}}
2015-12-09 01:43:13,923 24500 INFO     [tempest_lib.common.rest_client] Request (TestNetworkAdvancedServerOps:test_server_connectivity_pause_unpause): 200 GET http://10.0.2.15:8774/v2.1/a3c989eb7c4e4a7e9aa712c2363a695d/servers/53904141-e8be-4fe9-8ed1-d43ea7c84ce2 0.402s
2015-12-09 01:43:13,924 24500 DEBUG    [tempest_lib.common.rest_client] Request - Headers: {'Content-Type': 'application/json', 'Accept': 'application/json', 'X-Auth-Token': '&lt;omitted&gt;'}
        Body: None
    Response - Headers: {'status': '200', 'content-length': '1661', 'content-location': 'http://10.0.2.15:8774/v2.1/a3c989eb7c4e4a7e9aa712c2363a695d/servers/53904141-e8be-4fe9-8ed1-d43ea7c84ce2', 'x-compute-request-id': 'req-12248851-31e4-4d17-afe8-c928d5a8b322', 'vary': 'X-OpenStack-Nova-API-Version', 'connection': 'close', 'x-openstack-nova-api-version': '2.1', 'date': 'Wed, 09 Dec 2015 01:43:13 GMT', 'content-type': 'application/json'}
        Body: {"server": {"status": "ACTIVE", "updated": "2015-12-09T01:43:13Z", "hostId": "2659e3b2156bcba4b97565176ec0702f5f3ca826180d9a2095026fbf", "addresses": {"tempest-network-smoke--966132010": [{"OS-EXT-IPS-MAC:mac_addr": "fa:16:3e:d3:9f:d1", "version": 4, "addr": "10.100.0.3", "OS-EXT-IPS:type": "fixed"}]}, "links": [{"href": "http://10.0.2.15:8774/v2.1/a3c989eb7c4e4a7e9aa712c2363a695d/servers/53904141-e8be-4fe9-8ed1-d43ea7c84ce2", "rel": "self"}, {"href": "http://10.0.2.15:8774/a3c989eb7c4e4a7e9aa712c2363a695d/servers/53904141-e8be-4fe9-8ed1-d43ea7c84ce2", "rel": "bookmark"}], "key_name": "tempest-TestNetworkAdvancedServerOps-1485801990", "image": {"id": "4ebd4ff7-df8b-469e-80e0-f6bf1d520d75", "links": [{"href": "http://10.0.2.15:8774/a3c989eb7c4e4a7e9aa712c2363a695d/images/4ebd4ff7-df8b-469e-80e0-f6bf1d520d75", "rel": "bookmark"}]}, "OS-EXT-STS:task_state": null, "OS-EXT-STS:vm_state": "active", "OS-SRV-USG:launched_at": "2015-12-09T01:43:13.000000", "flavor": {"id": "42", "links": [{"href": "http://10.0.2.15:8774/a3c989eb7c4e4a7e9aa712c2363a695d/flavors/42", "rel": "bookmark"}]}, "id": "53904141-e8be-4fe9-8ed1-d43ea7c84ce2", "security_groups": [{"name": "tempest-secgroup-smoke-1409897511"}], "OS-SRV-USG:terminated_at": null, "OS-EXT-AZ:availability_zone": "nova", "user_id": "5993bdf363714e078dbe73ffcea5054a", "name": "tempest.common.compute-instance-805879048", "created": "2015-12-09T01:43:09Z", "tenant_id": "a3c989eb7c4e4a7e9aa712c2363a695d", "OS-DCF:diskConfig": "MANUAL", "os-extended-volumes:volumes_attached": [], "accessIPv4": "", "accessIPv6": "", "progress": 0, "OS-EXT-STS:power_state": 1, "config_drive": "True", "metadata": {}}}
2015-12-09 01:43:13,933 24500 INFO     [tempest.common.waiters] State transition "BUILD/spawning" ==&gt; "ACTIVE/None" after 4 second wait
2015-12-09 01:43:14,270 24500 INFO     [tempest_lib.common.rest_client] Request (TestNetworkAdvancedServerOps:test_server_connectivity_pause_unpause): 200 GET http://10.0.2.15:8774/v2.1/a3c989eb7c4e4a7e9aa712c2363a695d/servers/53904141-e8be-4fe9-8ed1-d43ea7c84ce2 0.337s
2015-12-09 01:43:14,271 24500 DEBUG    [tempest_lib.common.rest_client] Request - Headers: {'Content-Type': 'application/json', 'Accept': 'application/json', 'X-Auth-Token': '&lt;omitted&gt;'}
        Body: None
    Response - Headers: {'status': '200', 'content-length': '1661', 'content-location': 'http://10.0.2.15:8774/v2.1/a3c989eb7c4e4a7e9aa712c2363a695d/servers/53904141-e8be-4fe9-8ed1-d43ea7c84ce2', 'x-compute-request-id': 'req-2a06ce2d-1887-4660-8477-9dea11d4e5fc', 'vary': 'X-OpenStack-Nova-API-Version', 'connection': 'close', 'x-openstack-nova-api-version': '2.1', 'date': 'Wed, 09 Dec 2015 01:43:14 GMT', 'content-type': 'application/json'}
        Body: {"server": {"status": "ACTIVE", "updated": "2015-12-09T01:43:13Z", "hostId": "2659e3b2156bcba4b97565176ec0702f5f3ca826180d9a2095026fbf", "addresses": {"tempest-network-smoke--966132010": [{"OS-EXT-IPS-MAC:mac_addr": "fa:16:3e:d3:9f:d1", "version": 4, "addr": "10.100.0.3", "OS-EXT-IPS:type": "fixed"}]}, "links": [{"href": "http://10.0.2.15:8774/v2.1/a3c989eb7c4e4a7e9aa712c2363a695d/servers/53904141-e8be-4fe9-8ed1-d43ea7c84ce2", "rel": "self"}, {"href": "http://10.0.2.15:8774/a3c989eb7c4e4a7e9aa712c2363a695d/servers/53904141-e8be-4fe9-8ed1-d43ea7c84ce2", "rel": "bookmark"}], "key_name": "tempest-TestNetworkAdvancedServerOps-1485801990", "image": {"id": "4ebd4ff7-df8b-469e-80e0-f6bf1d520d75", "links": [{"href": "http://10.0.2.15:8774/a3c989eb7c4e4a7e9aa712c2363a695d/images/4ebd4ff7-df8b-469e-80e0-f6bf1d520d75", "rel": "bookmark"}]}, "OS-EXT-STS:task_state": null, "OS-EXT-STS:vm_state": "active", "OS-SRV-USG:launched_at": "2015-12-09T01:43:13.000000", "flavor": {"id": "42", "links": [{"href": "http://10.0.2.15:8774/a3c989eb7c4e4a7e9aa712c2363a695d/flavors/42", "rel": "bookmark"}]}, "id": "53904141-e8be-4fe9-8ed1-d43ea7c84ce2", "security_groups": [{"name": "tempest-secgroup-smoke-1409897511"}], "OS-SRV-USG:terminated_at": null, "OS-EXT-AZ:availability_zone": "nova", "user_id": "5993bdf363714e078dbe73ffcea5054a", "name": "tempest.common.compute-instance-805879048", "created": "2015-12-09T01:43:09Z", "tenant_id": "a3c989eb7c4e4a7e9aa712c2363a695d", "OS-DCF:diskConfig": "MANUAL", "os-extended-volumes:volumes_attached": [], "accessIPv4": "", "accessIPv6": "", "progress": 0, "OS-EXT-STS:power_state": 1, "config_drive": "True", "metadata": {}}}
2015-12-09 01:43:14,321 24500 INFO     [tempest_lib.common.rest_client] Request (TestNetworkAdvancedServerOps:test_server_connectivity_pause_unpause): 200 GET http://10.0.2.15:9696/v2.0/ports?status=ACTIVE&amp;fixed_ip=None&amp;device_id=53904141-e8be-4fe9-8ed1-d43ea7c84ce2 0.042s
2015-12-09 01:43:14,322 24500 DEBUG    [tempest_lib.common.rest_client] Request - Headers: {'Content-Type': 'application/json', 'Accept': 'application/json', 'X-Auth-Token': '&lt;omitted&gt;'}
        Body: None
    Response - Headers: {'status': '200', 'content-length': '895', 'content-location': 'http://10.0.2.15:9696/v2.0/ports?status=ACTIVE&amp;fixed_ip=None&amp;device_id=53904141-e8be-4fe9-8ed1-d43ea7c84ce2', 'connection': 'close', 'date': 'Wed, 09 Dec 2015 01:43:14 GMT', 'content-type': 'application/json; charset=UTF-8', 'x-openstack-request-id': 'req-61c3251e-1015-4364-ad34-5a56ad359496'}
        Body: {"ports": [{"status": "ACTIVE", "binding:host_id": "vagrant-ubuntu-trusty-64", "allowed_address_pairs": [], "extra_dhcp_opts": [], "dns_assignment": [{"hostname": "host-10-100-0-3", "ip_address": "10.100.0.3", "fqdn": "host-10-100-0-3.openstacklocal."}], "device_owner": "compute:None", "port_security_enabled": true, "binding:profile": {}, "fixed_ips": [{"subnet_id": "9839f1e1-5915-4da8-8ab5-885e3ad85cf1", "ip_address": "10.100.0.3"}], "id": "2e1e16b4-2d05-42bf-8309-2315a8f9a4d9", "security_groups": ["95b4e0df-cb3d-4183-b576-4d6ff9b7924e"], "device_id": "53904141-e8be-4fe9-8ed1-d43ea7c84ce2", "name": "", "admin_state_up": true, "network_id": "b63148f9-9254-4629-9b79-888cc5ab6898", "dns_name": "", "binding:vif_details": {"port_filter": true}, "binding:vnic_type": "normal", "binding:vif_type": "ovs", "tenant_id": "a3c989eb7c4e4a7e9aa712c2363a695d", "mac_address": "fa:16:3e:d3:9f:d1"}]}
2015-12-09 01:43:14,893 24500 INFO     [tempest_lib.common.rest_client] Request (TestNetworkAdvancedServerOps:test_server_connectivity_pause_unpause): 201 POST http://10.0.2.15:9696/v2.0/floatingips 0.570s
2015-12-09 01:43:14,893 24500 DEBUG    [tempest_lib.common.rest_client] Request - Headers: {'Content-Type': 'application/json', 'Accept': 'application/json', 'X-Auth-Token': '&lt;omitted&gt;'}
        Body: {"floatingip": {"floating_network_id": "9a138d2b-28b7-4d47-81f3-eef13c4f2fe9", "tenant_id": "a3c989eb7c4e4a7e9aa712c2363a695d", "fixed_ip_address": "10.100.0.3", "port_id": "2e1e16b4-2d05-42bf-8309-2315a8f9a4d9"}}
    Response - Headers: {'status': '201', 'content-length': '367', 'connection': 'close', 'date': 'Wed, 09 Dec 2015 01:43:14 GMT', 'content-type': 'application/json; charset=UTF-8', 'x-openstack-request-id': 'req-dd0fdcf7-1261-415c-ab00-2e76afb1954c'}
        Body: {"floatingip": {"floating_network_id": "9a138d2b-28b7-4d47-81f3-eef13c4f2fe9", "router_id": "bb609536-62a2-446c-8d29-52d0cf4cfc47", "fixed_ip_address": "10.100.0.3", "floating_ip_address": "172.24.4.4", "tenant_id": "a3c989eb7c4e4a7e9aa712c2363a695d", "status": "DOWN", "port_id": "2e1e16b4-2d05-42bf-8309-2315a8f9a4d9", "id": "4aeb9041-6adc-461e-9f48-cb676abf2937"}}
2015-12-09 01:43:15,146 24500 INFO     [tempest_lib.common.rest_client] Request (TestNetworkAdvancedServerOps:test_server_connectivity_pause_unpause): 200 GET http://10.0.2.15:8774/v2.1/a3c989eb7c4e4a7e9aa712c2363a695d/servers/53904141-e8be-4fe9-8ed1-d43ea7c84ce2 0.252s
2015-12-09 01:43:15,147 24500 DEBUG    [tempest_lib.common.rest_client] Request - Headers: {'Content-Type': 'application/json', 'Accept': 'application/json', 'X-Auth-Token': '&lt;omitted&gt;'}
        Body: None
    Response - Headers: {'status': '200', 'content-length': '1661', 'content-location': 'http://10.0.2.15:8774/v2.1/a3c989eb7c4e4a7e9aa712c2363a695d/servers/53904141-e8be-4fe9-8ed1-d43ea7c84ce2', 'x-compute-request-id': 'req-3908cbd8-c49a-413b-9469-af1a7ec23fe2', 'vary': 'X-OpenStack-Nova-API-Version', 'connection': 'close', 'x-openstack-nova-api-version': '2.1', 'date': 'Wed, 09 Dec 2015 01:43:15 GMT', 'content-type': 'application/json'}
        Body: {"server": {"status": "ACTIVE", "updated": "2015-12-09T01:43:13Z", "hostId": "2659e3b2156bcba4b97565176ec0702f5f3ca826180d9a2095026fbf", "addresses": {"tempest-network-smoke--966132010": [{"OS-EXT-IPS-MAC:mac_addr": "fa:16:3e:d3:9f:d1", "version": 4, "addr": "10.100.0.3", "OS-EXT-IPS:type": "fixed"}]}, "links": [{"href": "http://10.0.2.15:8774/v2.1/a3c989eb7c4e4a7e9aa712c2363a695d/servers/53904141-e8be-4fe9-8ed1-d43ea7c84ce2", "rel": "self"}, {"href": "http://10.0.2.15:8774/a3c989eb7c4e4a7e9aa712c2363a695d/servers/53904141-e8be-4fe9-8ed1-d43ea7c84ce2", "rel": "bookmark"}], "key_name": "tempest-TestNetworkAdvancedServerOps-1485801990", "image": {"id": "4ebd4ff7-df8b-469e-80e0-f6bf1d520d75", "links": [{"href": "http://10.0.2.15:8774/a3c989eb7c4e4a7e9aa712c2363a695d/images/4ebd4ff7-df8b-469e-80e0-f6bf1d520d75", "rel": "bookmark"}]}, "OS-EXT-STS:task_state": null, "OS-EXT-STS:vm_state": "active", "OS-SRV-USG:launched_at": "2015-12-09T01:43:13.000000", "flavor": {"id": "42", "links": [{"href": "http://10.0.2.15:8774/a3c989eb7c4e4a7e9aa712c2363a695d/flavors/42", "rel": "bookmark"}]}, "id": "53904141-e8be-4fe9-8ed1-d43ea7c84ce2", "security_groups": [{"name": "tempest-secgroup-smoke-1409897511"}], "OS-SRV-USG:terminated_at": null, "OS-EXT-AZ:availability_zone": "nova", "user_id": "5993bdf363714e078dbe73ffcea5054a", "name": "tempest.common.compute-instance-805879048", "created": "2015-12-09T01:43:09Z", "tenant_id": "a3c989eb7c4e4a7e9aa712c2363a695d", "OS-DCF:diskConfig": "MANUAL", "os-extended-volumes:volumes_attached": [], "accessIPv4": "", "accessIPv6": "", "progress": 0, "OS-EXT-STS:power_state": 1, "config_drive": "True", "metadata": {}}}
2015-12-09 01:43:15,155 24500 INFO     [tempest.scenario.manager] Tenant networks not configured to be reachable.
2015-12-09 01:43:15,168 24500 INFO     [tempest_lib.common.rest_client] Request (TestNetworkAdvancedServerOps:test_server_connectivity_pause_unpause): 200 GET http://10.0.2.15:9696/v2.0/floatingips/4aeb9041-6adc-461e-9f48-cb676abf2937 0.012s
2015-12-09 01:43:15,169 24500 DEBUG    [tempest_lib.common.rest_client] Request - Headers: {'Content-Type': 'application/json', 'Accept': 'application/json', 'X-Auth-Token': '&lt;omitted&gt;'}
        Body: None
    Response - Headers: {'status': '200', 'content-length': '367', 'content-location': 'http://10.0.2.15:9696/v2.0/floatingips/4aeb9041-6adc-461e-9f48-cb676abf2937', 'connection': 'close', 'date': 'Wed, 09 Dec 2015 01:43:15 GMT', 'content-type': 'application/json; charset=UTF-8', 'x-openstack-request-id': 'req-e9c1a1c0-e8b7-49c0-a988-4219c2c6f151'}
        Body: {"floatingip": {"floating_network_id": "9a138d2b-28b7-4d47-81f3-eef13c4f2fe9", "router_id": "bb609536-62a2-446c-8d29-52d0cf4cfc47", "fixed_ip_address": "10.100.0.3", "floating_ip_address": "172.24.4.4", "tenant_id": "a3c989eb7c4e4a7e9aa712c2363a695d", "status": "DOWN", "port_id": "2e1e16b4-2d05-42bf-8309-2315a8f9a4d9", "id": "4aeb9041-6adc-461e-9f48-cb676abf2937"}}
2015-12-09 01:43:16,185 24500 INFO     [tempest_lib.common.rest_client] Request (TestNetworkAdvancedServerOps:test_server_connectivity_pause_unpause): 200 GET http://10.0.2.15:9696/v2.0/floatingips/4aeb9041-6adc-461e-9f48-cb676abf2937 0.014s
2015-12-09 01:43:16,185 24500 DEBUG    [tempest_lib.common.rest_client] Request - Headers: {'Content-Type': 'application/json', 'Accept': 'application/json', 'X-Auth-Token': '&lt;omitted&gt;'}
        Body: None
    Response - Headers: {'status': '200', 'content-length': '369', 'content-location': 'http://10.0.2.15:9696/v2.0/floatingips/4aeb9041-6adc-461e-9f48-cb676abf2937', 'connection': 'close', 'date': 'Wed, 09 Dec 2015 01:43:16 GMT', 'content-type': 'application/json; charset=UTF-8', 'x-openstack-request-id': 'req-ae171b6e-1486-4ecb-af55-327f45bb3b8f'}
        Body: {"floatingip": {"floating_network_id": "9a138d2b-28b7-4d47-81f3-eef13c4f2fe9", "router_id": "bb609536-62a2-446c-8d29-52d0cf4cfc47", "fixed_ip_address": "10.100.0.3", "floating_ip_address": "172.24.4.4", "tenant_id": "a3c989eb7c4e4a7e9aa712c2363a695d", "status": "ACTIVE", "port_id": "2e1e16b4-2d05-42bf-8309-2315a8f9a4d9", "id": "4aeb9041-6adc-461e-9f48-cb676abf2937"}}
2015-12-09 01:43:16,185 24500 INFO     [tempest.scenario.manager] FloatingIP: &lt;"FloatingIP" addr="172.24.4.4" id="4aeb9041-6adc-461e-9f48-cb676abf2937"&gt; is at status: ACTIVE
2015-12-09 01:43:16,186 24500 DEBUG    [tempest.scenario.manager] checking network connections to IP 172.24.4.4 with user: cirros
2015-12-09 01:43:16,186 24500 DEBUG    [tempest.scenario.manager] TestNetworkAdvancedServerOps:test_server_connectivity_pause_unpause begins to ping 172.24.4.4 in 120 sec and the expected result is reachable
2015-12-09 01:45:16,488 24500 DEBUG    [tempest.scenario.manager] TestNetworkAdvancedServerOps:test_server_connectivity_pause_unpause finishes ping 172.24.4.4 in 120 sec and the ping result is unexpected
2015-12-09 01:45:16,489 24500 ERROR    [tempest.scenario.manager] Public network connectivity check failed
2015-12-09 01:45:16.489 24500 ERROR tempest.scenario.manager Traceback (most recent call last):
2015-12-09 01:45:16.489 24500 ERROR tempest.scenario.manager   File "tempest/scenario/manager.py", line 606, in check_public_network_connectivity
2015-12-09 01:45:16.489 24500 ERROR tempest.scenario.manager     should_connect=should_connect)
2015-12-09 01:45:16.489 24500 ERROR tempest.scenario.manager   File "tempest/scenario/manager.py", line 590, in check_vm_connectivity
2015-12-09 01:45:16.489 24500 ERROR tempest.scenario.manager     msg=msg)
2015-12-09 01:45:16.489 24500 ERROR tempest.scenario.manager   File "/usr/local/lib/python2.7/dist-packages/unittest2/case.py", line 702, in assertTrue
2015-12-09 01:45:16.489 24500 ERROR tempest.scenario.manager     raise self.failureException(msg)
2015-12-09 01:45:16.489 24500 ERROR tempest.scenario.manager AssertionError: False is not true : Timed out waiting for 172.24.4.4 to become reachable
2015-12-09 01:45:16.489 24500 ERROR tempest.scenario.manager 
2015-12-09 01:45:16,693 24500 INFO     [tempest_lib.common.rest_client] Request (TestNetworkAdvancedServerOps:test_server_connectivity_pause_unpause): 200 POST http://10.0.2.15:8774/v2.1/a3c989eb7c4e4a7e9aa712c2363a695d/servers/53904141-e8be-4fe9-8ed1-d43ea7c84ce2/action 0.202s
2015-12-09 01:45:16,694 24500 DEBUG    [tempest_lib.common.rest_client] Request - Headers: {'Content-Type': 'application/json', 'Accept': 'application/json', 'X-Auth-Token': '&lt;omitted&gt;'}
        Body: {"os-getConsoleOutput": {}}
    Response - Headers: {'status': '200', 'content-length': '17429', 'x-compute-request-id': 'req-3e806054-5ffa-4f5f-87e7-ea9aedb9e09b', 'vary': 'X-OpenStack-Nova-API-Version', 'connection': 'close', 'x-openstack-nova-api-version': '2.1', 'date': 'Wed, 09 Dec 2015 01:45:16 GMT', 'content-type': 'application/json'}
        Body: {"output": "[    0.000000] Initializing cgroup subsys cpuset\n[    0.000000] Initializing cgroup subsys cpu\n[    0.000000] Linux version 3.2.0-80-virtual (buildd@batsu) (gcc version 4.6.3 (Ubuntu/Linaro 4.6.3-1ubuntu5) ) #116-Ubuntu SMP Mon Mar 23 17:28:52 UTC 2015 (Ubuntu 3.2.0-80.116-virtual 3.2.68)\n[    0.000000] Command line: root=/dev/vda console=tty0 console=ttyS0 no_timer_check\n[    0.000000] KERNEL supported cpus:\n[    0.000000]   Intel GenuineIntel\n[    0.000000]   AMD AuthenticAMD\n[    0.000000]   Centaur CentaurHauls\n[    0.000000] BIOS-provided physical RAM map:\n[    0.000000]  BIOS-e820: 0000000000000000 - 000000000009fc00 (usable)\n[    0.000000]  BIOS-e820: 000000000009fc00 - 00000000000a0000 (reserved)\n[    0.000000]  BIOS-e820: 00000000000f0000 - 0000000000100000 (reserved)\n[    0.000000]  BIOS-e820: 0000000000100000 - 0000000003ffe000 (usable)\n[    0.000000]  BIOS-e820: 0000000003ffe000 - 0000000004000000 (reserved)\n[    0.000000]  BIOS-e820: 00000000fffc0000 - 0000000100000000 (reserved)\n[    0.000000] NX (Execute Disable) protection: active\n[    0.000000] SMBIOS 2.4 present.\n[    0.000000] No AGP bridge found\n[    0.000000] last_pfn = 0x3ffe max_arch_pfn = 0x400000000\n[    0.000000] x86 PAT enabled: cpu 0, old 0x7040600070406, new 0x7010600070106\n[    0.000000] found SMP MP-table at [ffff8800000f0b00] f0b00\n[    0.000000] init_memory_mapping: 0000000000000000-0000000003ffe000\n[    0.000000] RAMDISK: 03c5e000 - 03ff0000\n[    0.000000] ACPI: RSDP 00000000000f0950 00014 (v00 BOCHS )\n[    0.000000] ACPI: RSDT 0000000003fffbc1 00034 (v01 BOCHS  BXPCRSDT 00000001 BXPC 00000001)\n[    0.000000] ACPI: FACP 0000000003fff1c0 00074 (v01 BOCHS  BXPCFACP 00000001 BXPC 00000001)\n[    0.000000] ACPI: DSDT 0000000003ffe040 01180 (v01 BOCHS  BXPCDSDT 00000001 BXPC 00000001)\n[    0.000000] ACPI: FACS 0000000003ffe000 00040\n[    0.000000] ACPI: SSDT 0000000003fff234 008DD (v01 BOCHS  BXPCSSDT 00000001 BXPC 00000001)\n[    0.000000] ACPI: APIC 0000000003fffb11 00078 (v01 BOCHS  BXPCAPIC 00000001 BXPC 00000001)\n[    0.000000] ACPI: HPET 0000000003fffb89 00038 (v01 BOCHS  BXPCHPET 00000001 BXPC 00000001)\n[    0.000000] No NUMA configuration found\n[    0.000000] Faking a node at 0000000000000000-0000000003ffe000\n[    0.000000] Initmem setup node 0 0000000000000000-0000000003ffe000\n[    0.000000]   NODE_DATA [0000000003ff6000 - 0000000003ffafff]\n[    0.000000] Zone PFN ranges:\n[    0.000000]   DMA      0x00000010 -&gt; 0x00001000\n[    0.000000]   DMA32    0x00001000 -&gt; 0x00100000\n[    0.000000]   Normal   empty\n[    0.000000] Movable zone start PFN for each node\n[    0.000000] early_node_map[2] active PFN ranges\n[    0.000000]     0: 0x00000010 -&gt; 0x0000009f\n[    0.000000]     0: 0x00000100 -&gt; 0x00003ffe\n[    0.000000] ACPI: PM-Timer IO Port: 0xb008\n[    0.000000] ACPI: LAPIC (acpi_id[0x00] lapic_id[0x00] enabled)\n[    0.000000] ACPI: LAPIC_NMI (acpi_id[0xff] dfl dfl lint[0x1])\n[    0.000000] ACPI: IOAPIC (id[0x00] address[0xfec00000] gsi_base[0])\n[    0.000000] IOAPIC[0]: apic_id 0, version 17, address 0xfec00000, GSI 0-23\n[    0.000000] ACPI: INT_SRC_OVR (bus 0 bus_irq 0 global_irq 2 dfl dfl)\n[    0.000000] ACPI: INT_SRC_OVR (bus 0 bus_irq 5 global_irq 5 high level)\n[    0.000000] ACPI: INT_SRC_OVR (bus 0 bus_irq 9 global_irq 9 high level)\n[    0.000000] ACPI: INT_SRC_OVR (bus 0 bus_irq 10 global_irq 10 high level)\n[    0.000000] ACPI: INT_SRC_OVR (bus 0 bus_irq 11 global_irq 11 high level)\n[    0.000000] Using ACPI (MADT) for SMP configuration information\n[    0.000000] ACPI: HPET id: 0x8086a201 base: 0xfed00000\n[    0.000000] SMP: Allowing 1 CPUs, 0 hotplug CPUs\n[    0.000000] PM: Registered nosave memory: 000000000009f000 - 00000000000a0000\n[    0.000000] PM: Registered nosave memory: 00000000000a0000 - 00000000000f0000\n[    0.000000] PM: Registered nosave memory: 00000000000f0000 - 0000000000100000\n[    0.000000] Allocating PCI resources starting at 4000000 (gap: 4000000:fbfc0000)\n[    0.000000] Booting paravirtualized kernel on bare hardware\n[    0.000000] setup_pe
2015-12-09 01:45:16,698 24500 DEBUG    [tempest.scenario.manager] Console output for 53904141-e8be-4fe9-8ed1-d43ea7c84ce2
body=
[    0.000000] Initializing cgroup subsys cpuset
[    0.000000] Initializing cgroup subsys cpu
[    0.000000] Linux version 3.2.0-80-virtual (buildd@batsu) (gcc version 4.6.3 (Ubuntu/Linaro 4.6.3-1ubuntu5) ) #116-Ubuntu SMP Mon Mar 23 17:28:52 UTC 2015 (Ubuntu 3.2.0-80.116-virtual 3.2.68)
[    0.000000] Command line: root=/dev/vda console=tty0 console=ttyS0 no_timer_check
[    0.000000] KERNEL supported cpus:
[    0.000000]   Intel GenuineIntel
[    0.000000]   AMD AuthenticAMD
[    0.000000]   Centaur CentaurHauls
[    0.000000] BIOS-provided physical RAM map:
[    0.000000]  BIOS-e820: 0000000000000000 - 000000000009fc00 (usable)
[    0.000000]  BIOS-e820: 000000000009fc00 - 00000000000a0000 (reserved)
[    0.000000]  BIOS-e820: 00000000000f0000 - 0000000000100000 (reserved)
[    0.000000]  BIOS-e820: 0000000000100000 - 0000000003ffe000 (usable)
[    0.000000]  BIOS-e820: 0000000003ffe000 - 0000000004000000 (reserved)
[    0.000000]  BIOS-e820: 00000000fffc0000 - 0000000100000000 (reserved)
[    0.000000] NX (Execute Disable) protection: active
[    0.000000] SMBIOS 2.4 present.
[    0.000000] No AGP bridge found
[    0.000000] last_pfn = 0x3ffe max_arch_pfn = 0x400000000
[    0.000000] x86 PAT enabled: cpu 0, old 0x7040600070406, new 0x7010600070106
[    0.000000] found SMP MP-table at [ffff8800000f0b00] f0b00
[    0.000000] init_memory_mapping: 0000000000000000-0000000003ffe000
[    0.000000] RAMDISK: 03c5e000 - 03ff0000
[    0.000000] ACPI: RSDP 00000000000f0950 00014 (v00 BOCHS )
[    0.000000] ACPI: RSDT 0000000003fffbc1 00034 (v01 BOCHS  BXPCRSDT 00000001 BXPC 00000001)
[    0.000000] ACPI: FACP 0000000003fff1c0 00074 (v01 BOCHS  BXPCFACP 00000001 BXPC 00000001)
[    0.000000] ACPI: DSDT 0000000003ffe040 01180 (v01 BOCHS  BXPCDSDT 00000001 BXPC 00000001)
[    0.000000] ACPI: FACS 0000000003ffe000 00040
[    0.000000] ACPI: SSDT 0000000003fff234 008DD (v01 BOCHS  BXPCSSDT 00000001 BXPC 00000001)
[    0.000000] ACPI: APIC 0000000003fffb11 00078 (v01 BOCHS  BXPCAPIC 00000001 BXPC 00000001)
[    0.000000] ACPI: HPET 0000000003fffb89 00038 (v01 BOCHS  BXPCHPET 00000001 BXPC 00000001)
[    0.000000] No NUMA configuration found
[    0.000000] Faking a node at 0000000000000000-0000000003ffe000
[    0.000000] Initmem setup node 0 0000000000000000-0000000003ffe000
[    0.000000]   NODE_DATA [0000000003ff6000 - 0000000003ffafff]
[    0.000000] Zone PFN ranges:
[    0.000000]   DMA      0x00000010 -&gt; 0x00001000
[    0.000000]   DMA32    0x00001000 -&gt; 0x00100000
[    0.000000]   Normal   empty
[    0.000000] Movable zone start PFN for each node
[    0.000000] early_node_map[2] active PFN ranges
[    0.000000]     0: 0x00000010 -&gt; 0x0000009f
[    0.000000]     0: 0x00000100 -&gt; 0x00003ffe
[    0.000000] ACPI: PM-Timer IO Port: 0xb008
[    0.000000] ACPI: LAPIC (acpi_id[0x00] lapic_id[0x00] enabled)
[    0.000000] ACPI: LAPIC_NMI (acpi_id[0xff] dfl dfl lint[0x1])
[    0.000000] ACPI: IOAPIC (id[0x00] address[0xfec00000] gsi_base[0])
[    0.000000] IOAPIC[0]: apic_id 0, version 17, address 0xfec00000, GSI 0-23
[    0.000000] ACPI: INT_SRC_OVR (bus 0 bus_irq 0 global_irq 2 dfl dfl)
[    0.000000] ACPI: INT_SRC_OVR (bus 0 bus_irq 5 global_irq 5 high level)
[    0.000000] ACPI: INT_SRC_OVR (bus 0 bus_irq 9 global_irq 9 high level)
[    0.000000] ACPI: INT_SRC_OVR (bus 0 bus_irq 10 global_irq 10 high level)
[    0.000000] ACPI: INT_SRC_OVR (bus 0 bus_irq 11 global_irq 11 high level)
[    0.000000] Using ACPI (MADT) for SMP configuration information
[    0.000000] ACPI: HPET id: 0x8086a201 base: 0xfed00000
[    0.000000] SMP: Allowing 1 CPUs, 0 hotplug CPUs
[    0.000000] PM: Registered nosave memory: 000000000009f000 - 00000000000a0000
[    0.000000] PM: Registered nosave memory: 00000000000a0000 - 00000000000f0000
[    0.000000] PM: Registered nosave memory: 00000000000f0000 - 0000000000100000
[    0.000000] Allocating PCI resources starting at 4000000 (gap: 4000000:fbfc0000)
[    0.000000] Booting paravirtualized kernel on bare hardware
[    0.000000] setup_percpu: NR_CPUS:64 nr_cpumask_bits:64 nr_cpu_ids:1 nr_node_ids:1
[    0.000000] PERCPU: Embedded 27 pages/cpu @ffff880003a00000 s78848 r8192 d23552 u2097152
[    0.000000] Built 1 zonelists in Node order, mobility grouping on.  Total pages: 16008
[    0.000000] Policy zone: DMA32
[    0.000000] Kernel command line: root=/dev/vda console=tty0 console=ttyS0 no_timer_check
[    0.000000] PID hash table entries: 256 (order: -1, 2048 bytes)
[    0.000000] Checking aperture...
[    0.000000] No AGP bridge found
[    0.000000] Memory: 43492k/65528k available (6576k kernel code, 452k absent, 21584k reserved, 6620k data, 928k init)
[    0.000000] SLUB: Genslabs=15, HWalign=64, Order=0-3, MinObjects=0, CPUs=1, Nodes=1
[    0.000000] Hierarchical RCU implementation.
[    0.000000] 	RCU dyntick-idle grace-period acceleration is enabled.
[    0.000000] NR_IRQS:4352 nr_irqs:256 16
[    0.000000] Console: colour VGA+ 80x25
[    0.000000] console [tty0] enabled
[    0.000000] console [ttyS0] enabled
[    0.000000] allocated 1048576 bytes of page_cgroup
[    0.000000] please try 'cgroup_disable=memory' option if you don't want memory cgroups
[    0.000000] Fast TSC calibration failed
[    0.000000] TSC: Unable to calibrate against PIT
[    0.000000] TSC: using HPET reference calibration
[    0.000000] Detected 2292.444 MHz processor.
[    0.037164] Calibrating delay loop (skipped), value calculated using timer frequency.. 4584.88 BogoMIPS (lpj=9169776)
[    0.040868] pid_max: default: 32768 minimum: 301
[    0.053401] Security Framework initialized
[    0.056612] AppArmor: AppArmor initialized
[    0.057271] Yama: becoming mindful.
[    0.065059] Dentry cache hash table entries: 8192 (order: 4, 65536 bytes)
[    0.066529] Inode-cache hash table entries: 4096 (order: 3, 32768 bytes)
[    0.068721] Mount-cache hash table entries: 256
[    0.085432] Initializing cgroup subsys cpuacct
[    0.086383] Initializing cgroup subsys memory
[    0.088712] Initializing cgroup subsys devices
[    0.089468] Initializing cgroup subsys freezer
[    0.090188] Initializing cgroup subsys blkio
[    0.090949] Initializing cgroup subsys perf_event
[    0.096949] mce: CPU supports 10 MCE banks
[    0.100281] SMP alternatives: switching to UP code
[    0.489642] Freeing SMP alternatives: 24k freed
[    0.493492] ACPI: Core revision 20110623
[    0.540434] ftrace: allocating 26610 entries in 105 pages
[    0.569552] ..TIMER: vector=0x30 apic1=0 pin1=2 apic2=-1 pin2=-1
[    0.570900] CPU0: AMD QEMU Virtual CPU version 2.0.0 stepping 03
[    0.576035] Performance Events: Broken PMU hardware detected, using software events only.
[    0.585007] NMI watchdog disabled (cpu0): hardware events not enabled
[    0.586569] Brought up 1 CPUs
[    0.587082] Total of 1 processors activated (4584.88 BogoMIPS).
[    0.608522] devtmpfs: initialized
[    0.640475] EVM: security.selinux
[    0.640954] EVM: security.SMACK64
[    0.641381] EVM: security.capability
[    0.666042] print_constraints: dummy: 
[    0.668673] RTC time:  1:43:17, date: 12/09/15
[    0.671024] NET: Registered protocol family 16
[    0.684129] ACPI: bus type pci registered
[    0.688615] PCI: Using configuration type 1 for base access
[    0.718821] bio: create slab &lt;bio-0&gt; at 0
[    0.724845] ACPI: Added _OSI(Module Device)
[    0.725429] ACPI: Added _OSI(Processor Device)
[    0.725987] ACPI: Added _OSI(3.0 _SCP Extensions)
[    0.727242] ACPI: Added _OSI(Processor Aggregator Device)
[    0.805026] ACPI: Interpreter enabled
[    0.805669] ACPI: (supports S0 S3 S4 S5)
[    0.809025] ACPI: Using IOAPIC for interrupt routing
[    0.905634] ACPI: No dock devices found.
[    0.906508] HEST: Table not found.
[    0.907038] PCI: Using host bridge windows from ACPI; if necessary, use "pci=nocrs" and report a bug
[    0.913367] ACPI: PCI Root Bridge [PCI0] (domain 0000 [bus 00-ff])
[    0.920489] pci_root PNP0A03:00: host bridge window [io  0x0000-0x0cf7]
[    0.921289] pci_root PNP0A03:00: host bridge window [io  0x0d00-0xadff]
[    0.922164] pci_root PNP0A03:00: host bridge window [io  0xae0f-0xaeff]
[    0.923037] pci_root PNP0A03:00: host bridge window [io  0xaf20-0xafdf]
[    0.924133] pci_root PNP0A03:00: host bridge window [io  0xafe4-0xffff]
[    0.925504] pci_root PNP0A03:00: host bridge window [mem 0x000a0000-0x000bffff]
[    0.927706] pci_root PNP0A03:00: host bridge window [mem 0x04000000-0xfebfffff]
[    0.952351] pci 0000:00:01.3: quirk: [io  0xb000-0xb03f] claimed by PIIX4 ACPI
[    0.953427] pci 0000:00:01.3: quirk: [io  0xb100-0xb10f] claimed by PIIX4 SMB
[    1.024794]  pci0000:00: Unable to request _OSC control (_OSC support mask: 0x1e)
[    1.084718] ACPI: PCI Interrupt Link [LNKA] (IRQs 5 *10 11)
[    1.088732] ACPI: PCI Interrupt Link [LNKB] (IRQs 5 *10 11)
[    1.090377] ACPI: PCI Interrupt Link [LNKC] (IRQs 5 10 *11)
[    1.092511] ACPI: PCI Interrupt Link [LNKD] (IRQs 5 10 *11)
[    1.093661] ACPI: PCI Interrupt Link [LNKS] (IRQs *9)
[    1.101073] vgaarb: device added: PCI:0000:00:02.0,decodes=io+mem,owns=io+mem,locks=none
[    1.102205] vgaarb: loaded
[    1.102582] vgaarb: bridge control possible 0000:00:02.0
[    1.108351] i2c-core: driver [aat2870] using legacy suspend method
[    1.109267] i2c-core: driver [aat2870] using legacy resume method
[    1.112296] SCSI subsystem initialized
[    1.114941] usbcore: registered new interface driver usbfs
[    1.116666] usbcore: registered new interface driver hub
[    1.118506] usbcore: registered new device driver usb
[    1.124137] PCI: Using ACPI for IRQ routing
[    1.135046] NetLabel: Initializing
[    1.136153] NetLabel:  domain hash size = 128
[    1.136644] NetLabel:  protocols = UNLABELED CIPSOv4
[    1.138468] NetLabel:  unlabeled traffic allowed by default
[    1.142048] HPET: 3 timers in total, 0 timers will be used for per-cpu timer
[    1.143215] hpet0: at MMIO 0xfed00000, IRQs 2, 8, 0
[    1.144534] hpet0: 3 comparators, 64-bit 100.000000 MHz counter
[    1.160731] Switching to clocksource hpet
[    1.407480] AppArmor: AppArmor Filesystem Enabled
[    1.409892] pnp: PnP ACPI init
[    1.410624] ACPI: bus type pnp registered
[    1.431780] pnp: PnP ACPI: found 9 devices
[    1.432900] ACPI: ACPI bus type pnp unregistered
[    1.491902] NET: Registered protocol family 2
[    1.527064] IP route cache hash table entries: 512 (order: 0, 4096 bytes)
[    1.534460] TCP established hash table entries: 2048 (order: 3, 32768 bytes)
[    1.535506] TCP bind hash table entries: 2048 (order: 3, 32768 bytes)
[    1.538415] TCP: Hash tables configured (established 2048 bind 2048)
[    1.539446] TCP reno registered
[    1.539961] UDP hash table entries: 128 (order: 0, 4096 bytes)
[    1.541574] UDP-Lite hash table entries: 128 (order: 0, 4096 bytes)
[    1.543888] NET: Registered protocol family 1
[    1.545425] pci 0000:00:00.0: Limiting direct PCI/PCI transfers
[    1.546179] pci 0000:00:01.0: PIIX3: Enabling Passive Release
[    1.547175] pci 0000:00:01.0: Activating ISA DMA hang workarounds
[    1.551576] ACPI: PCI Interrupt Link [LNKD] enabled at IRQ 11
[    1.553419] pci 0000:00:01.2: PCI INT D -&gt; Link[LNKD] -&gt; GSI 11 (level, high) -&gt; IRQ 11
[    1.555286] pci 0000:00:01.2: PCI INT D disabled
[    1.577445] Trying to unpack rootfs image as initramfs...
[    1.598949] audit: initializing netlink socket (disabled)
[    1.600985] type=2000 audit(1449625397.596:1): initialized
[    1.886710] HugeTLB registered 2 MB page size, pre-allocated 0 pages
[    2.003005] VFS: Disk quotas dquot_6.5.2
[    2.005632] Dquot-cache hash table entries: 512 (order 0, 4096 bytes)
[    2.031355] fuse init (API version 7.17)
[    2.035501] msgmni has been set to 84
[    2.071747] Block layer SCSI generic (bsg) driver version 0.4 loaded (major 253)
[    2.081836] io scheduler noop registered
[    2.082770] io scheduler deadline registered (default)
[    2.083977] io scheduler cfq registered
[    2.089207] pci_hotplug: PCI Hot Plug PCI Core version: 0.5
[    2.091681] pciehp: PCI Express Hot Plug Controller Driver version: 0.4
[    2.097931] input: Power Button as /devices/LNXSYSTM:00/LNXPWRBN:00/input/input0
[    2.099429] ACPI: Power Button [PWRF]
[    2.159581] ERST: Table is not found!
[    2.160136] GHES: HEST is not enabled!
[    2.163787] ACPI: PCI Interrupt Link [LNKC] enabled at IRQ 10
[    2.164836] virtio-pci 0000:00:03.0: PCI INT A -&gt; Link[LNKC] -&gt; GSI 10 (level, high) -&gt; IRQ 10
[    2.168475] virtio-pci 0000:00:04.0: PCI INT A -&gt; Link[LNKD] -&gt; GSI 11 (level, high) -&gt; IRQ 11
[    2.191102] ACPI: PCI Interrupt Link [LNKA] enabled at IRQ 10
[    2.191837] virtio-pci 0000:00:05.0: PCI INT A -&gt; Link[LNKA] -&gt; GSI 10 (level, high) -&gt; IRQ 10
[    2.211961] Serial: 8250/16550 driver, 32 ports, IRQ sharing enabled
[    2.261363] serial8250: ttyS0 at I/O 0x3f8 (irq = 4) is a 16550A
[    2.352137] serial8250: ttyS1 at I/O 0x2f8 (irq = 3) is a 16550A
[    2.497111] 00:05: ttyS0 at I/O 0x3f8 (irq = 4) is a 16550A
[    2.592949] 00:06: ttyS1 at I/O 0x2f8 (irq = 3) is a 16550A
[    2.593870] Refined TSC clocksource calibration: 2292.635 MHz.
[    2.594642] Switching to clocksource tsc
[    2.653657] Linux agpgart interface v0.103
[    2.726064] brd: module loaded
[    2.761675] loop: module loaded
[    2.814859]  vda: unknown partition table
[    2.876022] scsi0 : ata_piix
[    2.879435] scsi1 : ata_piix
[    2.881593] ata1: PATA max MWDMA2 cmd 0x1f0 ctl 0x3f6 bmdma 0xc0a0 irq 14
[    2.882575] ata2: PATA max MWDMA2 cmd 0x170 ctl 0x376 bmdma 0xc0a8 irq 15
[    2.892027] Fixed MDIO Bus: probed
[    2.893562] tun: Universal TUN/TAP device driver, 1.6
[    2.894139] tun: (C) 1999-2004 Max Krasnyansky &lt;maxk@qualcomm.com&gt;
[    2.911081] PPP generic driver version 2.4.2
[    2.933489] ehci_hcd: USB 2.0 'Enhanced' Host Controller (EHCI) Driver
[    2.934193] ohci_hcd: USB 1.1 'Open' Host Controller (OHCI) Driver
[    2.934918] uhci_hcd: USB Universal Host Controller Interface driver
[    2.935590] uhci_hcd 0000:00:01.2: PCI INT D -&gt; Link[LNKD] -&gt; GSI 11 (level, high) -&gt; IRQ 11
[    2.939959] uhci_hcd 0000:00:01.2: UHCI Host Controller
[    2.951169] uhci_hcd 0000:00:01.2: new USB bus registered, assigned bus number 1
[    2.953540] uhci_hcd 0000:00:01.2: irq 11, io base 0x0000c040
[    2.982905] hub 1-0:1.0: USB hub found
[    2.987841] hub 1-0:1.0: 2 ports detected
[    2.999537] usbcore: registered new interface driver libusual
[    3.002292] i8042: PNP: PS/2 Controller [PNP0303:KBD,PNP0f13:MOU] at 0x60,0x64 irq 1,12
[    3.011425] serio: i8042 KBD port at 0x60,0x64 irq 1
[    3.012077] serio: i8042 AUX port at 0x60,0x64 irq 12
[    3.057956] mousedev: PS/2 mouse device common for all mice
[    3.076806] input: AT Translated Set 2 keyboard as /devices/platform/i8042/serio0/input/input1
[    3.103844] rtc_cmos 00:01: RTC can wake from S4
[    3.138258] ata2.01: ATAPI: QEMU DVD-ROM, 2.0.0, max UDMA/100
[    3.146915] rtc_cmos 00:01: rtc core: registered rtc_cmos as rtc0
[    3.149744] rtc0: alarms up to one day, 114 bytes nvram, hpet irqs
[    3.153492] device-mapper: uevent: version 1.0.3
[    3.163781] ata2.01: configured for MWDMA2
[    3.203139] device-mapper: ioctl: 4.22.0-ioctl (2011-10-19) initialised: dm-devel@redhat.com
[    3.209738] cpuidle: using governor ladder
[    3.211911] cpuidle: using governor menu
[    3.213709] EFI Variables Facility v0.08 2004-May-17
[    3.225691] TCP cubic registered
[    3.233170] NET: Registered protocol family 10
[    3.271597] NET: Registered protocol family 17
[    3.273194] Registering the dns_resolver key type
[    3.299956] scsi 1:0:1:0: CD-ROM            QEMU     QEMU DVD-ROM     2.0. PQ: 0 ANSI: 5
[    3.332236] sr0: scsi3-mmc drive: 4x/4x cd/rw xa/form2 tray
[    3.333852] cdrom: Uniform CD-ROM driver Revision: 3.20
[    3.356026] sr 1:0:1:0: Attached scsi generic sg0 type 5
[    3.419039] registered taskstats version 1
[    3.454489] Freeing initrd memory: 3656k freed
[    3.973074]   Magic number: 11:499:710
[    3.985578] rtc_cmos 00:01: setting system clock to 2015-12-09 01:43:21 UTC (1449625401)
[    3.988021] powernow-k8: Processor cpuid 663 not supported
[    3.997421] BIOS EDD facility v0.16 2004-Jun-25, 0 devices found
[    4.001132] EDD information not available.
[    4.071219] Freeing unused kernel memory: 928k freed
[    4.076636] Write protecting the kernel read-only data: 12288k
[    4.173648] Freeing unused kernel memory: 1596k freed
[    4.237616] Freeing unused kernel memory: 1184k freed

info: initramfs: up at 4.41
modprobe: module virtio_blk not found in modules.dep
modprobe: module virtio_net not found in modules.dep
info: copying initramfs to /dev/vda
info: initramfs loading root from /dev/vda
info: /etc/init.d/rc.sysinit: up at 9.27
info: container: none
Starting logging: OK
modprobe: module virtio_blk not found in modules.dep
modprobe: module virtio_net not found in modules.dep
WARN: /etc/rc3.d/S10-load-modules failed
Initializing random number generator... done.
Starting acpid: OK
cirros-ds 'local' up at 11.70
found datasource (configdrive, local)
Starting network...
udhcpc (v1.20.1) started
Sending discover...
Sending discover...

2015-12-09 01:45:16,973 24500 INFO     [tempest_lib.common.rest_client] Request (TestNetworkAdvancedServerOps:_run_cleanups): 204 DELETE http://10.0.2.15:9696/v2.0/floatingips/4aeb9041-6adc-461e-9f48-cb676abf2937 0.269s
2015-12-09 01:45:16,973 24500 DEBUG    [tempest_lib.common.rest_client] Request - Headers: {'Content-Type': 'application/json', 'Accept': 'application/json', 'X-Auth-Token': '&lt;omitted&gt;'}
        Body: None
    Response - Headers: {'date': 'Wed, 09 Dec 2015 01:45:16 GMT', 'status': '204', 'connection': 'close', 'content-length': '0', 'x-openstack-request-id': 'req-8fba00d2-f8b1-45fe-8c39-f74819cb49bc'}
        Body: 
2015-12-09 01:45:17,194 24500 INFO     [tempest_lib.common.rest_client] Request (TestNetworkAdvancedServerOps:_run_cleanups): 204 DELETE http://10.0.2.15:8774/v2.1/a3c989eb7c4e4a7e9aa712c2363a695d/servers/53904141-e8be-4fe9-8ed1-d43ea7c84ce2 0.220s
2015-12-09 01:45:17,194 24500 DEBUG    [tempest_lib.common.rest_client] Request - Headers: {'Content-Type': 'application/json', 'Accept': 'application/json', 'X-Auth-Token': '&lt;omitted&gt;'}
        Body: None
    Response - Headers: {'status': '204', 'content-length': '0', 'x-compute-request-id': 'req-54222db4-11e8-41b4-acf4-7d959c3d6ab4', 'vary': 'X-OpenStack-Nova-API-Version', 'connection': 'close', 'x-openstack-nova-api-version': '2.1', 'date': 'Wed, 09 Dec 2015 01:45:17 GMT', 'content-type': 'application/json'}
        Body: 
2015-12-09 01:45:17,449 24500 INFO     [tempest_lib.common.rest_client] Request (TestNetworkAdvancedServerOps:_run_cleanups): 200 GET http://10.0.2.15:8774/v2.1/a3c989eb7c4e4a7e9aa712c2363a695d/servers/53904141-e8be-4fe9-8ed1-d43ea7c84ce2 0.253s
2015-12-09 01:45:17,449 24500 DEBUG    [tempest_lib.common.rest_client] Request - Headers: {'Content-Type': 'application/json', 'Accept': 'application/json', 'X-Auth-Token': '&lt;omitted&gt;'}
        Body: None
    Response - Headers: {'status': '200', 'content-length': '1784', 'content-location': 'http://10.0.2.15:8774/v2.1/a3c989eb7c4e4a7e9aa712c2363a695d/servers/53904141-e8be-4fe9-8ed1-d43ea7c84ce2', 'x-compute-request-id': 'req-5b21aad9-7aff-4c06-92fe-ffb20da51e4b', 'vary': 'X-OpenStack-Nova-API-Version', 'connection': 'close', 'x-openstack-nova-api-version': '2.1', 'date': 'Wed, 09 Dec 2015 01:45:17 GMT', 'content-type': 'application/json'}
        Body: {"server": {"status": "ACTIVE", "updated": "2015-12-09T01:45:17Z", "hostId": "2659e3b2156bcba4b97565176ec0702f5f3ca826180d9a2095026fbf", "addresses": {"tempest-network-smoke--966132010": [{"OS-EXT-IPS-MAC:mac_addr": "fa:16:3e:d3:9f:d1", "version": 4, "addr": "10.100.0.3", "OS-EXT-IPS:type": "fixed"}, {"OS-EXT-IPS-MAC:mac_addr": "fa:16:3e:d3:9f:d1", "version": 4, "addr": "172.24.4.4", "OS-EXT-IPS:type": "floating"}]}, "links": [{"href": "http://10.0.2.15:8774/v2.1/a3c989eb7c4e4a7e9aa712c2363a695d/servers/53904141-e8be-4fe9-8ed1-d43ea7c84ce2", "rel": "self"}, {"href": "http://10.0.2.15:8774/a3c989eb7c4e4a7e9aa712c2363a695d/servers/53904141-e8be-4fe9-8ed1-d43ea7c84ce2", "rel": "bookmark"}], "key_name": "tempest-TestNetworkAdvancedServerOps-1485801990", "image": {"id": "4ebd4ff7-df8b-469e-80e0-f6bf1d520d75", "links": [{"href": "http://10.0.2.15:8774/a3c989eb7c4e4a7e9aa712c2363a695d/images/4ebd4ff7-df8b-469e-80e0-f6bf1d520d75", "rel": "bookmark"}]}, "OS-EXT-STS:task_state": "deleting", "OS-EXT-STS:vm_state": "active", "OS-SRV-USG:launched_at": "2015-12-09T01:43:13.000000", "flavor": {"id": "42", "links": [{"href": "http://10.0.2.15:8774/a3c989eb7c4e4a7e9aa712c2363a695d/flavors/42", "rel": "bookmark"}]}, "id": "53904141-e8be-4fe9-8ed1-d43ea7c84ce2", "security_groups": [{"name": "tempest-secgroup-smoke-1409897511"}], "OS-SRV-USG:terminated_at": null, "OS-EXT-AZ:availability_zone": "nova", "user_id": "5993bdf363714e078dbe73ffcea5054a", "name": "tempest.common.compute-instance-805879048", "created": "2015-12-09T01:43:09Z", "tenant_id": "a3c989eb7c4e4a7e9aa712c2363a695d", "OS-DCF:diskConfig": "MANUAL", "os-extended-volumes:volumes_attached": [], "accessIPv4": "", "accessIPv6": "", "progress": 0, "OS-EXT-STS:power_state": 1, "config_drive": "True", "metadata": {}}}
2015-12-09 01:45:18,614 24500 INFO     [tempest_lib.common.rest_client] Request (TestNetworkAdvancedServerOps:_run_cleanups): 200 GET http://10.0.2.15:8774/v2.1/a3c989eb7c4e4a7e9aa712c2363a695d/servers/53904141-e8be-4fe9-8ed1-d43ea7c84ce2 0.150s
2015-12-09 01:45:18,614 24500 DEBUG    [tempest_lib.common.rest_client] Request - Headers: {'Content-Type': 'application/json', 'Accept': 'application/json', 'X-Auth-Token': '&lt;omitted&gt;'}
        Body: None
    Response - Headers: {'status': '200', 'content-length': '1449', 'content-location': 'http://10.0.2.15:8774/v2.1/a3c989eb7c4e4a7e9aa712c2363a695d/servers/53904141-e8be-4fe9-8ed1-d43ea7c84ce2', 'x-compute-request-id': 'req-33222a18-ff9a-4d9e-b85e-a961a9c63dd9', 'vary': 'X-OpenStack-Nova-API-Version', 'connection': 'close', 'x-openstack-nova-api-version': '2.1', 'date': 'Wed, 09 Dec 2015 01:45:18 GMT', 'content-type': 'application/json'}
        Body: {"server": {"status": "ACTIVE", "updated": "2015-12-09T01:45:17Z", "hostId": "2659e3b2156bcba4b97565176ec0702f5f3ca826180d9a2095026fbf", "addresses": {}, "links": [{"href": "http://10.0.2.15:8774/v2.1/a3c989eb7c4e4a7e9aa712c2363a695d/servers/53904141-e8be-4fe9-8ed1-d43ea7c84ce2", "rel": "self"}, {"href": "http://10.0.2.15:8774/a3c989eb7c4e4a7e9aa712c2363a695d/servers/53904141-e8be-4fe9-8ed1-d43ea7c84ce2", "rel": "bookmark"}], "key_name": "tempest-TestNetworkAdvancedServerOps-1485801990", "image": {"id": "4ebd4ff7-df8b-469e-80e0-f6bf1d520d75", "links": [{"href": "http://10.0.2.15:8774/a3c989eb7c4e4a7e9aa712c2363a695d/images/4ebd4ff7-df8b-469e-80e0-f6bf1d520d75", "rel": "bookmark"}]}, "OS-EXT-STS:task_state": "deleting", "OS-EXT-STS:vm_state": "active", "OS-SRV-USG:launched_at": "2015-12-09T01:43:13.000000", "flavor": {"id": "42", "links": [{"href": "http://10.0.2.15:8774/a3c989eb7c4e4a7e9aa712c2363a695d/flavors/42", "rel": "bookmark"}]}, "id": "53904141-e8be-4fe9-8ed1-d43ea7c84ce2", "OS-SRV-USG:terminated_at": null, "OS-EXT-AZ:availability_zone": "nova", "user_id": "5993bdf363714e078dbe73ffcea5054a", "name": "tempest.common.compute-instance-805879048", "created": "2015-12-09T01:43:09Z", "tenant_id": "a3c989eb7c4e4a7e9aa712c2363a695d", "OS-DCF:diskConfig": "MANUAL", "os-extended-volumes:volumes_attached": [], "accessIPv4": "", "accessIPv6": "", "progress": 0, "OS-EXT-STS:power_state": 1, "config_drive": "True", "metadata": {}}}
2015-12-09 01:45:19,706 24500 INFO     [tempest_lib.common.rest_client] Request (TestNetworkAdvancedServerOps:_run_cleanups): 404 GET http://10.0.2.15:8774/v2.1/a3c989eb7c4e4a7e9aa712c2363a695d/servers/53904141-e8be-4fe9-8ed1-d43ea7c84ce2 0.080s
2015-12-09 01:45:19,707 24500 DEBUG    [tempest_lib.common.rest_client] Request - Headers: {'Content-Type': 'application/json', 'Accept': 'application/json', 'X-Auth-Token': '&lt;omitted&gt;'}
        Body: None
    Response - Headers: {'status': '404', 'content-length': '111', 'x-compute-request-id': 'req-418125a8-0cbe-4e1c-987a-1850387fd904', 'vary': 'X-OpenStack-Nova-API-Version', 'connection': 'close', 'x-openstack-nova-api-version': '2.1', 'date': 'Wed, 09 Dec 2015 01:45:19 GMT', 'content-type': 'application/json; charset=UTF-8'}
        Body: {"itemNotFound": {"message": "Instance 53904141-e8be-4fe9-8ed1-d43ea7c84ce2 could not be found.", "code": 404}}
2015-12-09 01:45:20,154 24500 INFO     [tempest_lib.common.rest_client] Request (TestNetworkAdvancedServerOps:_run_cleanups): 200 PUT http://10.0.2.15:9696/v2.0/routers/bb609536-62a2-446c-8d29-52d0cf4cfc47/remove_router_interface 0.447s
2015-12-09 01:45:20,154 24500 DEBUG    [tempest_lib.common.rest_client] Request - Headers: {'Content-Type': 'application/json', 'Accept': 'application/json', 'X-Auth-Token': '&lt;omitted&gt;'}
        Body: {"subnet_id": "9839f1e1-5915-4da8-8ab5-885e3ad85cf1"}
    Response - Headers: {'status': '200', 'content-length': '255', 'connection': 'close', 'date': 'Wed, 09 Dec 2015 01:45:20 GMT', 'content-type': 'application/json; charset=UTF-8', 'x-openstack-request-id': 'req-5f1ef5fa-2ecc-4021-ae1d-6435da0ecdc0'}
        Body: {"subnet_id": "9839f1e1-5915-4da8-8ab5-885e3ad85cf1", "tenant_id": "a3c989eb7c4e4a7e9aa712c2363a695d", "subnet_ids": ["9839f1e1-5915-4da8-8ab5-885e3ad85cf1"], "port_id": "31c57771-55f8-44e4-a19a-0d386d1b6901", "id": "bb609536-62a2-446c-8d29-52d0cf4cfc47"}
2015-12-09 01:45:20,655 24500 INFO     [tempest_lib.common.rest_client] Request (TestNetworkAdvancedServerOps:_run_cleanups): 204 DELETE http://10.0.2.15:9696/v2.0/subnets/9839f1e1-5915-4da8-8ab5-885e3ad85cf1 0.500s
2015-12-09 01:45:20,656 24500 DEBUG    [tempest_lib.common.rest_client] Request - Headers: {'Content-Type': 'application/json', 'Accept': 'application/json', 'X-Auth-Token': '&lt;omitted&gt;'}
        Body: None
    Response - Headers: {'date': 'Wed, 09 Dec 2015 01:45:20 GMT', 'status': '204', 'connection': 'close', 'content-length': '0', 'x-openstack-request-id': 'req-9e5b86a0-ce1e-4b00-a43d-c4c888981bbf'}
        Body: 
2015-12-09 01:45:20,708 24500 INFO     [tempest_lib.common.rest_client] Request (TestNetworkAdvancedServerOps:_run_cleanups): 200 GET http://10.0.2.15:9696/v2.0/routers/bb609536-62a2-446c-8d29-52d0cf4cfc47 0.051s
2015-12-09 01:45:20,708 24500 DEBUG    [tempest_lib.common.rest_client] Request - Headers: {'Content-Type': 'application/json', 'Accept': 'application/json', 'X-Auth-Token': '&lt;omitted&gt;'}
        Body: None
    Response - Headers: {'status': '200', 'content-length': '564', 'content-location': 'http://10.0.2.15:9696/v2.0/routers/bb609536-62a2-446c-8d29-52d0cf4cfc47', 'connection': 'close', 'date': 'Wed, 09 Dec 2015 01:45:20 GMT', 'content-type': 'application/json; charset=UTF-8', 'x-openstack-request-id': 'req-0bf7fa38-62ec-4dbc-b304-cb395eb70115'}
        Body: {"router": {"status": "ACTIVE", "external_gateway_info": {"network_id": "9a138d2b-28b7-4d47-81f3-eef13c4f2fe9", "enable_snat": true, "external_fixed_ips": [{"subnet_id": "202b9839-5088-4751-90a1-1b9ceaf21ef1", "ip_address": "172.24.4.3"}, {"subnet_id": "8403c21d-424d-4c32-ba32-42bed9aabccb", "ip_address": "2001:db8::3"}]}, "availability_zone_hints": [], "availability_zones": ["nova"], "name": "tempest-router-smoke-1194363026", "admin_state_up": true, "tenant_id": "a3c989eb7c4e4a7e9aa712c2363a695d", "routes": [], "id": "bb609536-62a2-446c-8d29-52d0cf4cfc47"}}
2015-12-09 01:45:21,138 24500 INFO     [tempest_lib.common.rest_client] Request (TestNetworkAdvancedServerOps:_run_cleanups): 200 PUT http://10.0.2.15:9696/v2.0/routers/bb609536-62a2-446c-8d29-52d0cf4cfc47 0.429s
2015-12-09 01:45:21,139 24500 DEBUG    [tempest_lib.common.rest_client] Request - Headers: {'Content-Type': 'application/json', 'Accept': 'application/json', 'X-Auth-Token': '&lt;omitted&gt;'}
        Body: {"router": {"external_gateway_info": {}, "name": "tempest-router-smoke-1194363026", "admin_state_up": true}}
    Response - Headers: {'status': '200', 'content-length': '302', 'connection': 'close', 'date': 'Wed, 09 Dec 2015 01:45:21 GMT', 'content-type': 'application/json; charset=UTF-8', 'x-openstack-request-id': 'req-86bfcfe0-7072-42f3-b156-1ecb10936e6b'}
        Body: {"router": {"status": "ACTIVE", "external_gateway_info": null, "availability_zone_hints": [], "availability_zones": ["nova"], "name": "tempest-router-smoke-1194363026", "admin_state_up": true, "tenant_id": "a3c989eb7c4e4a7e9aa712c2363a695d", "routes": [], "id": "bb609536-62a2-446c-8d29-52d0cf4cfc47"}}
2015-12-09 01:45:21,347 24500 INFO     [tempest_lib.common.rest_client] Request (TestNetworkAdvancedServerOps:_run_cleanups): 204 DELETE http://10.0.2.15:9696/v2.0/routers/bb609536-62a2-446c-8d29-52d0cf4cfc47 0.207s
2015-12-09 01:45:21,348 24500 DEBUG    [tempest_lib.common.rest_client] Request - Headers: {'Content-Type': 'application/json', 'Accept': 'application/json', 'X-Auth-Token': '&lt;omitted&gt;'}
        Body: None
    Response - Headers: {'date': 'Wed, 09 Dec 2015 01:45:21 GMT', 'status': '204', 'connection': 'close', 'content-length': '0', 'x-openstack-request-id': 'req-149575d0-d95f-4ddb-8f23-67b49fec9bcd'}
        Body: 
2015-12-09 01:45:21,697 24500 INFO     [tempest_lib.common.rest_client] Request (TestNetworkAdvancedServerOps:_run_cleanups): 204 DELETE http://10.0.2.15:9696/v2.0/networks/b63148f9-9254-4629-9b79-888cc5ab6898 0.349s
2015-12-09 01:45:21,698 24500 DEBUG    [tempest_lib.common.rest_client] Request - Headers: {'Content-Type': 'application/json', 'Accept': 'application/json', 'X-Auth-Token': '&lt;omitted&gt;'}
        Body: None
    Response - Headers: {'date': 'Wed, 09 Dec 2015 01:45:21 GMT', 'status': '204', 'connection': 'close', 'content-length': '0', 'x-openstack-request-id': 'req-3e2881a7-4b3a-4ed7-937e-7bf5d8ddc2e3'}
        Body: 
2015-12-09 01:45:21,761 24500 INFO     [tempest_lib.common.rest_client] Request (TestNetworkAdvancedServerOps:_run_cleanups): 204 DELETE http://10.0.2.15:9696/v2.0/security-group-rules/f4f5d788-8627-4600-b19c-9224d02757c1 0.062s
2015-12-09 01:45:21,761 24500 DEBUG    [tempest_lib.common.rest_client] Request - Headers: {'Content-Type': 'application/json', 'Accept': 'application/json', 'X-Auth-Token': '&lt;omitted&gt;'}
        Body: None
    Response - Headers: {'date': 'Wed, 09 Dec 2015 01:45:21 GMT', 'status': '204', 'connection': 'close', 'content-length': '0', 'x-openstack-request-id': 'req-fea82098-cb8c-4f18-b39d-8dd816807a5f'}
        Body: 
2015-12-09 01:45:21,826 24500 INFO     [tempest_lib.common.rest_client] Request (TestNetworkAdvancedServerOps:_run_cleanups): 204 DELETE http://10.0.2.15:9696/v2.0/security-group-rules/c18c2f43-a810-4525-9ced-3872852cd179 0.064s
2015-12-09 01:45:21,827 24500 DEBUG    [tempest_lib.common.rest_client] Request - Headers: {'Content-Type': 'application/json', 'Accept': 'application/json', 'X-Auth-Token': '&lt;omitted&gt;'}
        Body: None
    Response - Headers: {'date': 'Wed, 09 Dec 2015 01:45:21 GMT', 'status': '204', 'connection': 'close', 'content-length': '0', 'x-openstack-request-id': 'req-0f51fd36-c192-4311-988e-1a5150744c20'}
        Body: 
2015-12-09 01:45:21,889 24500 INFO     [tempest_lib.common.rest_client] Request (TestNetworkAdvancedServerOps:_run_cleanups): 204 DELETE http://10.0.2.15:9696/v2.0/security-group-rules/9ae9ba66-5d3f-4b14-b6b5-c40a7f84cd7d 0.061s
2015-12-09 01:45:21,890 24500 DEBUG    [tempest_lib.common.rest_client] Request - Headers: {'Content-Type': 'application/json', 'Accept': 'application/json', 'X-Auth-Token': '&lt;omitted&gt;'}
        Body: None
    Response - Headers: {'date': 'Wed, 09 Dec 2015 01:45:21 GMT', 'status': '204', 'connection': 'close', 'content-length': '0', 'x-openstack-request-id': 'req-a1e89b3a-75b2-45cf-9467-093024322b92'}
        Body: 
2015-12-09 01:45:21,949 24500 INFO     [tempest_lib.common.rest_client] Request (TestNetworkAdvancedServerOps:_run_cleanups): 204 DELETE http://10.0.2.15:9696/v2.0/security-group-rules/4240704a-77cb-415b-af1c-7d60209a2aaf 0.058s
2015-12-09 01:45:21,950 24500 DEBUG    [tempest_lib.common.rest_client] Request - Headers: {'Content-Type': 'application/json', 'Accept': 'application/json', 'X-Auth-Token': '&lt;omitted&gt;'}
        Body: None
    Response - Headers: {'date': 'Wed, 09 Dec 2015 01:45:21 GMT', 'status': '204', 'connection': 'close', 'content-length': '0', 'x-openstack-request-id': 'req-b5991d70-d67c-4117-bbad-5e91bb4c5c28'}
        Body: 
2015-12-09 01:45:22,001 24500 INFO     [tempest_lib.common.rest_client] Request (TestNetworkAdvancedServerOps:_run_cleanups): 204 DELETE http://10.0.2.15:9696/v2.0/security-group-rules/a513fa03-1ba3-4c2a-a291-dfc2d9495946 0.051s
2015-12-09 01:45:22,002 24500 DEBUG    [tempest_lib.common.rest_client] Request - Headers: {'Content-Type': 'application/json', 'Accept': 'application/json', 'X-Auth-Token': '&lt;omitted&gt;'}
        Body: None
    Response - Headers: {'date': 'Wed, 09 Dec 2015 01:45:22 GMT', 'status': '204', 'connection': 'close', 'content-length': '0', 'x-openstack-request-id': 'req-d5b79a92-2cae-437a-8c93-d05aa86b8368'}
        Body: 
2015-12-09 01:45:22,061 24500 INFO     [tempest_lib.common.rest_client] Request (TestNetworkAdvancedServerOps:_run_cleanups): 204 DELETE http://10.0.2.15:9696/v2.0/security-group-rules/bdae3ae0-4a3d-4652-9c87-32caa87caf25 0.058s
2015-12-09 01:45:22,062 24500 DEBUG    [tempest_lib.common.rest_client] Request - Headers: {'Content-Type': 'application/json', 'Accept': 'application/json', 'X-Auth-Token': '&lt;omitted&gt;'}
        Body: None
    Response - Headers: {'date': 'Wed, 09 Dec 2015 01:45:22 GMT', 'status': '204', 'connection': 'close', 'content-length': '0', 'x-openstack-request-id': 'req-5e0fa640-e7c1-4875-ae3b-533e7a0a94ab'}
        Body: 
2015-12-09 01:45:22,151 24500 INFO     [tempest_lib.common.rest_client] Request (TestNetworkAdvancedServerOps:_run_cleanups): 204 DELETE http://10.0.2.15:9696/v2.0/security-groups/95b4e0df-cb3d-4183-b576-4d6ff9b7924e 0.088s
2015-12-09 01:45:22,152 24500 DEBUG    [tempest_lib.common.rest_client] Request - Headers: {'Content-Type': 'application/json', 'Accept': 'application/json', 'X-Auth-Token': '&lt;omitted&gt;'}
        Body: None
    Response - Headers: {'date': 'Wed, 09 Dec 2015 01:45:22 GMT', 'status': '204', 'connection': 'close', 'content-length': '0', 'x-openstack-request-id': 'req-2c625c45-a0ec-40c5-9b4a-99842e0dcce8'}
        Body: 
2015-12-09 01:45:22,171 24500 INFO     [tempest_lib.common.rest_client] Request (TestNetworkAdvancedServerOps:_run_cleanups): 202 DELETE http://10.0.2.15:8774/v2.1/a3c989eb7c4e4a7e9aa712c2363a695d/os-keypairs/tempest-TestNetworkAdvancedServerOps-1485801990 0.019s
2015-12-09 01:45:22,172 24500 DEBUG    [tempest_lib.common.rest_client] Request - Headers: {'Content-Type': 'application/json', 'Accept': 'application/json', 'X-Auth-Token': '&lt;omitted&gt;'}
        Body: None
    Response - Headers: {'status': '202', 'content-length': '0', 'x-compute-request-id': 'req-7ec7a9fc-7773-4da9-8a1f-501ecdbbcf43', 'vary': 'X-OpenStack-Nova-API-Version', 'connection': 'close', 'x-openstack-nova-api-version': '2.1', 'date': 'Wed, 09 Dec 2015 01:45:22 GMT', 'content-type': 'application/json'}
        Body: 
2015-12-09 01:45:22,254 24500 INFO     [tempest_lib.common.rest_client] Request (TestNetworkAdvancedServerOps:_run_cleanups): 404 GET http://10.0.2.15:8774/v2.1/a3c989eb7c4e4a7e9aa712c2363a695d/servers/53904141-e8be-4fe9-8ed1-d43ea7c84ce2 0.081s
2015-12-09 01:45:22,255 24500 DEBUG    [tempest_lib.common.rest_client] Request - Headers: {'Content-Type': 'application/json', 'Accept': 'application/json', 'X-Auth-Token': '&lt;omitted&gt;'}
        Body: None
    Response - Headers: {'status': '404', 'content-length': '111', 'x-compute-request-id': 'req-c39fca31-36e9-4dd2-874c-ea09d5c76b51', 'vary': 'X-OpenStack-Nova-API-Version', 'connection': 'close', 'x-openstack-nova-api-version': '2.1', 'date': 'Wed, 09 Dec 2015 01:45:22 GMT', 'content-type': 'application/json; charset=UTF-8'}
        Body: {"itemNotFound": {"message": "Instance 53904141-e8be-4fe9-8ed1-d43ea7c84ce2 could not be found.", "code": 404}}
}}}

Traceback (most recent call last):
  File "tempest/test.py", line 113, in wrapper
    return f(self, *func_args, **func_kwargs)
  File "tempest/scenario/test_network_advanced_server_ops.py", line 134, in test_server_connectivity_pause_unpause
    server, keypair, floating_ip = self._setup_network_and_servers()
  File "tempest/scenario/test_network_advanced_server_ops.py", line 71, in _setup_network_and_servers
    server, keypair, floating_ip)
  File "tempest/scenario/test_network_advanced_server_ops.py", line 95, in _wait_server_status_and_check_network_connectivity
    self._check_network_connectivity(server, keypair, floating_ip)
  File "tempest/scenario/test_network_advanced_server_ops.py", line 88, in _check_network_connectivity
    servers=[server])
  File "tempest/scenario/manager.py", line 606, in check_public_network_connectivity
    should_connect=should_connect)
  File "tempest/scenario/manager.py", line 590, in check_vm_connectivity
    msg=msg)
  File "/usr/local/lib/python2.7/dist-packages/unittest2/case.py", line 702, in assertTrue
    raise self.failureException(msg)
AssertionError: False is not true : Timed out waiting for 172.24.4.4 to become reachable



        </pre>
    </div>
    <!--css div popup end-->

    </td>
</tr>

<tr id='ft1.2' class='none'>
    <td class='failCase'><div class='testcase'>test_server_connectivity_reboot[compute,id-7b6860c2-afa3-4846-9522-adeb38dfbe08,network]</div></td>
    <td colspan='7' align='left'>

    <!--css div popup start-->
    <a class="popup_link" onfocus='this.blur();'
    href="javascript:showTestDetail('div_ft1.2')" >
        fail</a>

    <div id='div_ft1.2' class="popup_window">
        <div style='text-align: right; color:red;cursor:pointer'>
        <a onfocus='this.blur();'
onclick="document.getElementById('div_ft1.2').style.display = 'none' " >
           [x]</a>
        </div>
        <pre>
        
ft1.2: tempest.scenario.test_network_advanced_server_ops.TestNetworkAdvancedServerOps.test_server_connectivity_reboot[compute,id-7b6860c2-afa3-4846-9522-adeb38dfbe08,network]_StringException: Empty attachments:
  stderr
  stdout

pythonlogging:'': {{{
