<?xml version="1.0" encoding="UTF-8"?>
<!DOCTYPE html PUBLIC "-//W3C//DTD XHTML 1.0 Strict//EN"
     "http://www.w3.org/TR/xhtml1/DTD/xhtml1-strict.dtd">
<html xmlns="http://www.w3.org/1999/xhtml">
<head>
    <title>Unit Test Report</title>
    <meta name="generator" content="subunit2html 0.1"/>
    <meta http-equiv="Content-Type" content="text/html; charset=UTF-8"/>
    
<style type="text/css" media="screen">
body        { font-family: verdana, arial, helvetica, sans-serif;
    font-size: 80%; }
table       { font-size: 100%; width: 100%;}
pre         { font-size: 80%; }

/* -- heading -------------------------------------------------------------- */
h1 {
        font-size: 16pt;
        color: gray;
}
.heading {
    margin-top: 0ex;
    margin-bottom: 1ex;
}

.heading .attribute {
    margin-top: 1ex;
    margin-bottom: 0;
}

.heading .description {
    margin-top: 4ex;
    margin-bottom: 6ex;
}

/* -- css div popup -------------------------------------------------------- */
a.popup_link {
}

a.popup_link:hover {
    color: red;
}

.popup_window {
    display: none;
    overflow-x: scroll;
    /*border: solid #627173 1px; */
    padding: 10px;
    background-color: #E6E6D6;
    font-family: "Ubuntu Mono", "Lucida Console", "Courier New", monospace;
    text-align: left;
    font-size: 8pt;
}

}
/* -- report --------------------------------------------------------------- */
#show_detail_line {
    margin-top: 3ex;
    margin-bottom: 1ex;
}
#result_table {
    width: 100%;
    border-collapse: collapse;
    border: 1px solid #777;
}
#header_row {
    font-weight: bold;
    color: white;
    background-color: #777;
}
#result_table td {
    border: 1px solid #777;
    padding: 2px;
}
#total_row  { font-weight: bold; }
.passClass  { background-color: #6c6; }
.failClass  { background-color: #c60; }
.errorClass { background-color: #c00; }
.passCase   { color: #6c6; }
.failCase   { color: #c60; font-weight: bold; }
.errorCase  { color: #c00; font-weight: bold; }
.hiddenRow  { display: none; }
.testcase   { margin-left: 2em; }
td.testname {width: 40%}
td.small {width: 40px}

/* -- ending --------------------------------------------------------------- */
#ending {
}

</style>

</head>
<body>
<script language="javascript" type="text/javascript"><!--
output_list = Array();

/* level - 0:Summary; 1:Failed; 2:All */
function showCase(level) {
    trs = document.getElementsByTagName("tr");
    for (var i = 0; i < trs.length; i++) {
        tr = trs[i];
        id = tr.id;
        if (id.substr(0,2) == 'ft') {
            if (level < 1) {
                tr.className = 'hiddenRow';
            }
            else {
                tr.className = '';
            }
        }
        if (id.substr(0,2) == 'pt') {
            if (level > 1) {
                tr.className = '';
            }
            else {
                tr.className = 'hiddenRow';
            }
        }
    }
}


function showClassDetail(cid, count) {
    var id_list = Array(count);
    var toHide = 1;
    for (var i = 0; i < count; i++) {
        tid0 = 't' + cid.substr(1) + '.' + (i+1);
        tid = 'f' + tid0;
        tr = document.getElementById(tid);
        if (!tr) {
            tid = 'p' + tid0;
            tr = document.getElementById(tid);
        }
        id_list[i] = tid;
        if (tr.className) {
            toHide = 0;
        }
    }
    for (var i = 0; i < count; i++) {
        tid = id_list[i];
        if (toHide) {
            document.getElementById('div_'+tid).style.display = 'none'
            document.getElementById(tid).className = 'hiddenRow';
        }
        else {
            document.getElementById(tid).className = '';
        }
    }
}


function showTestDetail(div_id){
    var details_div = document.getElementById(div_id)
    var displayState = details_div.style.display
    // alert(displayState)
    if (displayState != 'block' ) {
        displayState = 'block'
        details_div.style.display = 'block'
    }
    else {
        details_div.style.display = 'none'
    }
}


function html_escape(s) {
    s = s.replace(/&/g,'&amp;');
    s = s.replace(/</g,'&lt;');
    s = s.replace(/>/g,'&gt;');
    return s;
}

/* obsoleted by detail in <div>
function showOutput(id, name) {
    var w = window.open("", //url
                    name,
                    "resizable,scrollbars,status,width=800,height=450");
    d = w.document;
    d.write("<pre>");
    d.write(html_escape(output_list[id]));
    d.write("\n");
    d.write("<a href='javascript:window.close()'>close</a>\n");
    d.write("</pre>\n");
    d.close();
}
*/
--></script>

<div class='heading'>
<h1>Unit Test Report</h1>

<p class='attribute'><strong>Status:</strong> Failure 6</p>

<p class='description'></p>
</div>



<p id='show_detail_line'>Show
<a href='javascript:showCase(0)'>Summary</a>
<a href='javascript:showCase(1)'>Failed</a>
<a href='javascript:showCase(2)'>All</a>
</p>
<table id='result_table'>
<colgroup>
<col align='left' />
<col align='right' />
<col align='right' />
<col align='right' />
<col align='right' />
<col align='right' />
<col align='right' />
<col align='right' />
</colgroup>
<tr id='header_row'>
    <td>Test Group/Test case</td>
    <td>Count</td>
    <td>Pass</td>
    <td>Fail</td>
    <td>Error</td>
    <td>Skip</td>
    <td>View</td>
    <td> </td>
</tr>

<tr class='failClass'>
    <td class="testname">tempest.scenario.test_network_advanced_server_ops.TestNetworkAdvancedServerOps</td>
    <td class="small">6</td>
    <td class="small">0</td>
    <td class="small">6</td>
    <td class="small">0</td>
    <td class="small">0</td>
    <td class="small"><a href="javascript:showClassDetail('c1',6)"
>Detail</a></td>
    <td> </td>
</tr>

<tr id='ft1.1' class='none'>
    <td class='failCase'><div class='testcase'>test_server_connectivity_pause_unpause[compute,id-2b2642db-6568-4b35-b812-eceed3fa20ce,network]</div></td>
    <td colspan='7' align='left'>

    <!--css div popup start-->
    <a class="popup_link" onfocus='this.blur();'
    href="javascript:showTestDetail('div_ft1.1')" >
        fail</a>

    <div id='div_ft1.1' class="popup_window">
        <div style='text-align: right; color:red;cursor:pointer'>
        <a onfocus='this.blur();'
onclick="document.getElementById('div_ft1.1').style.display = 'none' " >
           [x]</a>
        </div>
        <pre>
        
ft1.1: tempest.scenario.test_network_advanced_server_ops.TestNetworkAdvancedServerOps.test_server_connectivity_pause_unpause[compute,id-2b2642db-6568-4b35-b812-eceed3fa20ce,network]_StringException: Empty attachments:
  stderr
  stdout

pythonlogging:'': {{{
2015-12-10 19:42:51,663 24866 INFO     [tempest_lib.common.rest_client] Request (TestNetworkAdvancedServerOps:test_server_connectivity_pause_unpause): 200 POST http://10.0.2.15:8774/v2.1/43c62832348243c2b74f4c6198733679/os-keypairs 0.477s
2015-12-10 19:42:51,664 24866 DEBUG    [tempest_lib.common.rest_client] Request - Headers: {'Content-Type': 'application/json', 'Accept': 'application/json', 'X-Auth-Token': '&lt;omitted&gt;'}
        Body: {"keypair": {"name": "tempest-TestNetworkAdvancedServerOps-1389511722"}}
    Response - Headers: {'status': '200', 'content-length': '2330', 'x-compute-request-id': 'req-625a4b76-0636-430b-9e84-af69bdef7b9a', 'vary': 'X-OpenStack-Nova-API-Version', 'connection': 'close', 'x-openstack-nova-api-version': '2.1', 'date': 'Thu, 10 Dec 2015 19:42:51 GMT', 'content-type': 'application/json'}
        Body: {"keypair": {"public_key": "ssh-rsa AAAAB3NzaC1yc2EAAAADAQABAAABAQCwMGTHEa4FOkEyCPF3XkdVubpomDWvym/CneKH6BbLIqyXTGtegDKstyJEMJk4/FgQXbb+NJpd/cNE4G4fCVjsExSoHYor+GNqOwRzMnAISsFBzhz/lqywohnKcING+Tq7PWZmpPJE7B7GBh2If8kgzpJ/2s8EwysyCjpONZG2/Qp+FYLdT1GbIUfy/6q2b9KEKeE/5MAdK4D4q+GYbMFQsBIFn+rLI82ZPkOcAtUiJ1d/z3Q9P+b2749AJ7P7eVa9nESmP3OgiVZ2p+7JKYFMcKbEnaDz+snIXThhVGsfQpCQuslS6pDOsZRcyPr0Roxj5ve5zZT//MdZ3ASnMnkR Generated-by-Nova", "private_key": "-----BEGIN RSA PRIVATE KEY-----\nMIIEqAIBAAKCAQEAsDBkxxGuBTpBMgjxd15HVbm6aJg1r8pvwp3ih+gWyyKsl0xr\nXoAyrLciRDCZOPxYEF22/jSaXf3DROBuHwlY7BMUqB2KK/hjajsEczJwCErBQc4c\n/5assKIZynCDRvk6uz1mZqTyROwexgYdiH/JIM6Sf9rPBMMrMgo6TjWRtv0KfhWC\n3U9RmyFH8v+qtm/ShCnhP+TAHSuA+KvhmGzBULASBZ/qyyPNmT5DnALVIidXf890\nPT/m9u+PQCez+3lWvZxEpj9zoIlWdqfuySmBTHCmxJ2g8/rJyF04YVRrH0KQkLrJ\nUuqQzrGUXMj69EaMY+b3uc2U//zHWdwEpzJ5EQIDAQABAoIBAHfTAcbtPDer7cj0\nkhwHj2Y64Q7fbau3dpiaPgUGD/JpC43+WAs2DsCt7+0GTD6YR+AhjCGIbu+7dMD0\nDZCoD8TGGUdYh67tx9boeldKFy1cgeCaJ9ifhaS/KeEm8fEj8RCEao8mYOoE18z/\nPbimh4f7VWEE08Q+Y7Mth4fHIOmcPIHHYo/1+XOEdlKvHezyRsuR8+FwE5gzYCjZ\nU6Zuhm/7ZKC6pd9IpKV8pdYOb96skTC82Idr2v+yIuS9MJ50D2DiJW8fMuRnUiy3\n3ZuBOOGRupPpH34U98/oOGg6i6V3OxaIe5E2Psaoo6hWzRpYaEbedict5VFw70bc\nlrB0F80CggCBALitGVjtrn9iPdw8I4EfEPImD6jqIqe4wDv/rMo/XUMEMFaaE4gI\nlha2CCfSSDNEhEE82vimMjtTk40H5EEPrCZef9mjjIhMV1XZ4iqzoZzZCmbNhxoS\nBKaa4FXnMKoAq36P1U0C9Sf79FpFEqsfidQu4DigjbkfuwpTpx8VfZ/fAoIAgQD0\nPCxs+sj3hj0QD+a1xTQoHMIn6WMojCvD/3Aif2jquu1f8jTgvdFeg9wDClOEXaMt\n/J49i7C1CBRF3QfrcqKrclllfr8bcKAJK5IfewiTl8sbgDgf+PwvouklE+0QaRMM\nqcvol+GyhTzfMxbn6ogJB7XjJ09Cr3CqYyUzsyFFDwKCAIAa/WFY99Oq1kbIKxnd\nQxcM7LcZLq7F6GBf5GvyWvRcWP5ficEU/nxA8XWbrEXVCExz5Fr0QAXTWdGUqPSY\n9ZtpOCJjQl3FhbK131QIfZw++hFlGOCH1N5NIxFqPJGGJvbpVkgMK0R9BXuevb2O\nuNtB4V/vprdPuO1zAurHxjJH7QKCAIEA1tESVixilOv6S2VhDCHO1TUuRIKP17sq\nR3MmAwHDmyoc3RYhEkeCnrolynrLqJHfk/Qsjn+ORjw78JMPgzTKBThHjvDjUFRI\nPqiXFp9VlNOfLqohM2YBEjkdDaKwEY4J1kqGciccubNdLgg2rndnfWHNxmTt3v6G\nfydDMmzs51sCggCAaFGNX5V80w0nRglxwKHAUiecKB1GQuozbZrhaSJPi7epyJ0U\nC3texc7LT4A/HaAV3rMybrVFFF6ZCH44jXBKr7YghJtGo3qUTqm/RkPKXQ954uoq\n3nJc/AlnpqTSVwM/oPlVxxSyrblQpswJo9KwQRNmsEXbRsbEpufpHteRq08=\n-----END RSA PRIVATE KEY-----\n", "user_id": "90b7e82662274aa89071750cefc7443c", "name": "tempest-TestNetworkAdvancedServerOps-1389511722", "fingerprint": "89:c8:4b:07:1d:c3:e0:e6:18:a5:94:41:54:c0:68:66"}}
2015-12-10 19:42:52,023 24866 INFO     [tempest_lib.common.rest_client] Request (TestNetworkAdvancedServerOps:test_server_connectivity_pause_unpause): 201 POST http://10.0.2.15:9696/v2.0/security-groups 0.356s
2015-12-10 19:42:52,023 24866 DEBUG    [tempest_lib.common.rest_client] Request - Headers: {'Content-Type': 'application/json', 'Accept': 'application/json', 'X-Auth-Token': '&lt;omitted&gt;'}
        Body: {"security_group": {"tenant_id": "43c62832348243c2b74f4c6198733679", "description": "tempest-secgroup-smoke-1387075018 description", "name": "tempest-secgroup-smoke-1387075018"}}
    Response - Headers: {'status': '201', 'content-length': '888', 'connection': 'close', 'date': 'Thu, 10 Dec 2015 19:42:52 GMT', 'content-type': 'application/json; charset=UTF-8', 'x-openstack-request-id': 'req-17dac449-4a26-4951-b0b0-5a305366dec7'}
        Body: {"security_group": {"tenant_id": "43c62832348243c2b74f4c6198733679", "description": "tempest-secgroup-smoke-1387075018 description", "id": "11916021-b8bc-404b-a54a-36f59c1b95f4", "security_group_rules": [{"remote_group_id": null, "direction": "egress", "remote_ip_prefix": null, "protocol": null, "ethertype": "IPv4", "tenant_id": "43c62832348243c2b74f4c6198733679", "port_range_max": null, "port_range_min": null, "id": "f6955153-2b2b-40bc-82d2-3d9ebbf76e10", "security_group_id": "11916021-b8bc-404b-a54a-36f59c1b95f4"}, {"remote_group_id": null, "direction": "egress", "remote_ip_prefix": null, "protocol": null, "ethertype": "IPv6", "tenant_id": "43c62832348243c2b74f4c6198733679", "port_range_max": null, "port_range_min": null, "id": "27161049-ed55-41fa-a54c-b8b287f99bf4", "security_group_id": "11916021-b8bc-404b-a54a-36f59c1b95f4"}], "name": "tempest-secgroup-smoke-1387075018"}}
2015-12-10 19:42:52,141 24866 INFO     [tempest_lib.common.rest_client] Request (TestNetworkAdvancedServerOps:test_server_connectivity_pause_unpause): 201 POST http://10.0.2.15:9696/v2.0/security-group-rules 0.117s
2015-12-10 19:42:52,142 24866 DEBUG    [tempest_lib.common.rest_client] Request - Headers: {'Content-Type': 'application/json', 'Accept': 'application/json', 'X-Auth-Token': '&lt;omitted&gt;'}
        Body: {"security_group_rule": {"direction": "ingress", "protocol": "tcp", "tenant_id": "43c62832348243c2b74f4c6198733679", "port_range_max": 22, "security_group_id": "11916021-b8bc-404b-a54a-36f59c1b95f4", "port_range_min": 22}}
    Response - Headers: {'status': '201', 'content-length': '340', 'connection': 'close', 'date': 'Thu, 10 Dec 2015 19:42:52 GMT', 'content-type': 'application/json; charset=UTF-8', 'x-openstack-request-id': 'req-e68fb791-a461-4485-ac30-25f38ee94d5b'}
        Body: {"security_group_rule": {"remote_group_id": null, "direction": "ingress", "remote_ip_prefix": null, "protocol": "tcp", "ethertype": "IPv4", "tenant_id": "43c62832348243c2b74f4c6198733679", "port_range_max": 22, "port_range_min": 22, "id": "2898be16-db02-4bdd-ae5e-00d1a0d18546", "security_group_id": "11916021-b8bc-404b-a54a-36f59c1b95f4"}}
2015-12-10 19:42:52,263 24866 INFO     [tempest_lib.common.rest_client] Request (TestNetworkAdvancedServerOps:test_server_connectivity_pause_unpause): 201 POST http://10.0.2.15:9696/v2.0/security-group-rules 0.119s
2015-12-10 19:42:52,263 24866 DEBUG    [tempest_lib.common.rest_client] Request - Headers: {'Content-Type': 'application/json', 'Accept': 'application/json', 'X-Auth-Token': '&lt;omitted&gt;'}
        Body: {"security_group_rule": {"direction": "egress", "protocol": "tcp", "tenant_id": "43c62832348243c2b74f4c6198733679", "port_range_max": 22, "security_group_id": "11916021-b8bc-404b-a54a-36f59c1b95f4", "port_range_min": 22}}
    Response - Headers: {'status': '201', 'content-length': '339', 'connection': 'close', 'date': 'Thu, 10 Dec 2015 19:42:52 GMT', 'content-type': 'application/json; charset=UTF-8', 'x-openstack-request-id': 'req-732b3675-9fb5-4103-97fa-04cd94e199e2'}
        Body: {"security_group_rule": {"remote_group_id": null, "direction": "egress", "remote_ip_prefix": null, "protocol": "tcp", "ethertype": "IPv4", "tenant_id": "43c62832348243c2b74f4c6198733679", "port_range_max": 22, "port_range_min": 22, "id": "8e5931b4-da45-426f-8ffb-8ca5c0bf4e7f", "security_group_id": "11916021-b8bc-404b-a54a-36f59c1b95f4"}}
2015-12-10 19:42:52,379 24866 INFO     [tempest_lib.common.rest_client] Request (TestNetworkAdvancedServerOps:test_server_connectivity_pause_unpause): 201 POST http://10.0.2.15:9696/v2.0/security-group-rules 0.115s
2015-12-10 19:42:52,380 24866 DEBUG    [tempest_lib.common.rest_client] Request - Headers: {'Content-Type': 'application/json', 'Accept': 'application/json', 'X-Auth-Token': '&lt;omitted&gt;'}
        Body: {"security_group_rule": {"tenant_id": "43c62832348243c2b74f4c6198733679", "direction": "ingress", "protocol": "icmp", "security_group_id": "11916021-b8bc-404b-a54a-36f59c1b95f4"}}
    Response - Headers: {'status': '201', 'content-length': '345', 'connection': 'close', 'date': 'Thu, 10 Dec 2015 19:42:52 GMT', 'content-type': 'application/json; charset=UTF-8', 'x-openstack-request-id': 'req-7557b14f-dcfc-41b0-8b7e-77e86da8cfdd'}
        Body: {"security_group_rule": {"remote_group_id": null, "direction": "ingress", "remote_ip_prefix": null, "protocol": "icmp", "ethertype": "IPv4", "tenant_id": "43c62832348243c2b74f4c6198733679", "port_range_max": null, "port_range_min": null, "id": "11cb516b-7e34-4344-a0b0-cd9ceb2015bc", "security_group_id": "11916021-b8bc-404b-a54a-36f59c1b95f4"}}
2015-12-10 19:42:52,505 24866 INFO     [tempest_lib.common.rest_client] Request (TestNetworkAdvancedServerOps:test_server_connectivity_pause_unpause): 201 POST http://10.0.2.15:9696/v2.0/security-group-rules 0.124s
2015-12-10 19:42:52,505 24866 DEBUG    [tempest_lib.common.rest_client] Request - Headers: {'Content-Type': 'application/json', 'Accept': 'application/json', 'X-Auth-Token': '&lt;omitted&gt;'}
        Body: {"security_group_rule": {"tenant_id": "43c62832348243c2b74f4c6198733679", "direction": "egress", "protocol": "icmp", "security_group_id": "11916021-b8bc-404b-a54a-36f59c1b95f4"}}
    Response - Headers: {'status': '201', 'content-length': '344', 'connection': 'close', 'date': 'Thu, 10 Dec 2015 19:42:52 GMT', 'content-type': 'application/json; charset=UTF-8', 'x-openstack-request-id': 'req-8dd3e4f5-e44d-400f-949e-8acaa8c9efd7'}
        Body: {"security_group_rule": {"remote_group_id": null, "direction": "egress", "remote_ip_prefix": null, "protocol": "icmp", "ethertype": "IPv4", "tenant_id": "43c62832348243c2b74f4c6198733679", "port_range_max": null, "port_range_min": null, "id": "c4ecc24e-d76c-4ffe-a0c9-c0ac30b963ab", "security_group_id": "11916021-b8bc-404b-a54a-36f59c1b95f4"}}
2015-12-10 19:42:52,748 24866 INFO     [tempest_lib.common.rest_client] Request (TestNetworkAdvancedServerOps:test_server_connectivity_pause_unpause): 201 POST http://10.0.2.15:9696/v2.0/security-group-rules 0.242s
2015-12-10 19:42:52,749 24866 DEBUG    [tempest_lib.common.rest_client] Request - Headers: {'Content-Type': 'application/json', 'Accept': 'application/json', 'X-Auth-Token': '&lt;omitted&gt;'}
        Body: {"security_group_rule": {"tenant_id": "43c62832348243c2b74f4c6198733679", "direction": "ingress", "security_group_id": "11916021-b8bc-404b-a54a-36f59c1b95f4", "protocol": "icmp", "ethertype": "IPv6"}}
    Response - Headers: {'status': '201', 'content-length': '345', 'connection': 'close', 'date': 'Thu, 10 Dec 2015 19:42:52 GMT', 'content-type': 'application/json; charset=UTF-8', 'x-openstack-request-id': 'req-1df7982d-cc42-469d-b08f-93dad0d1a48e'}
        Body: {"security_group_rule": {"remote_group_id": null, "direction": "ingress", "remote_ip_prefix": null, "protocol": "icmp", "ethertype": "IPv6", "tenant_id": "43c62832348243c2b74f4c6198733679", "port_range_max": null, "port_range_min": null, "id": "c6bec647-6548-4721-9d87-1d2edd9bd82e", "security_group_id": "11916021-b8bc-404b-a54a-36f59c1b95f4"}}
2015-12-10 19:42:52,875 24866 INFO     [tempest_lib.common.rest_client] Request (TestNetworkAdvancedServerOps:test_server_connectivity_pause_unpause): 201 POST http://10.0.2.15:9696/v2.0/security-group-rules 0.125s
2015-12-10 19:42:52,875 24866 DEBUG    [tempest_lib.common.rest_client] Request - Headers: {'Content-Type': 'application/json', 'Accept': 'application/json', 'X-Auth-Token': '&lt;omitted&gt;'}
        Body: {"security_group_rule": {"tenant_id": "43c62832348243c2b74f4c6198733679", "direction": "egress", "security_group_id": "11916021-b8bc-404b-a54a-36f59c1b95f4", "protocol": "icmp", "ethertype": "IPv6"}}
    Response - Headers: {'status': '201', 'content-length': '344', 'connection': 'close', 'date': 'Thu, 10 Dec 2015 19:42:52 GMT', 'content-type': 'application/json; charset=UTF-8', 'x-openstack-request-id': 'req-cf67b44d-4ac9-4f5b-89a8-d1f5cf6d7311'}
        Body: {"security_group_rule": {"remote_group_id": null, "direction": "egress", "remote_ip_prefix": null, "protocol": "icmp", "ethertype": "IPv6", "tenant_id": "43c62832348243c2b74f4c6198733679", "port_range_max": null, "port_range_min": null, "id": "2bd19dfc-d03c-4416-8536-6d8d7c23d7a5", "security_group_id": "11916021-b8bc-404b-a54a-36f59c1b95f4"}}
2015-12-10 19:42:53,063 24866 INFO     [tempest_lib.common.rest_client] Request (TestNetworkAdvancedServerOps:test_server_connectivity_pause_unpause): 201 POST http://10.0.2.15:9696/v2.0/networks 0.186s
2015-12-10 19:42:53,064 24866 DEBUG    [tempest_lib.common.rest_client] Request - Headers: {'Content-Type': 'application/json', 'Accept': 'application/json', 'X-Auth-Token': '&lt;omitted&gt;'}
        Body: {"network": {"tenant_id": "43c62832348243c2b74f4c6198733679", "name": "tempest-network-smoke--514862804"}}
    Response - Headers: {'status': '201', 'content-length': '328', 'connection': 'close', 'date': 'Thu, 10 Dec 2015 19:42:53 GMT', 'content-type': 'application/json; charset=UTF-8', 'x-openstack-request-id': 'req-ccdb2af6-c805-412f-af41-30c6750f9e1e'}
        Body: {"network": {"status": "ACTIVE", "subnets": [], "availability_zone_hints": "[]", "name": "tempest-network-smoke--514862804", "admin_state_up": true, "tenant_id": "43c62832348243c2b74f4c6198733679", "mtu": 0, "router:external": false, "shared": false, "port_security_enabled": true, "id": "eebe0e07-5c37-481b-ada3-138421be0b33"}}
2015-12-10 19:42:53,147 24866 INFO     [tempest_lib.common.rest_client] Request (TestNetworkAdvancedServerOps:test_server_connectivity_pause_unpause): 201 POST http://10.0.2.15:9696/v2.0/routers 0.081s
2015-12-10 19:42:53,147 24866 DEBUG    [tempest_lib.common.rest_client] Request - Headers: {'Content-Type': 'application/json', 'Accept': 'application/json', 'X-Auth-Token': '&lt;omitted&gt;'}
        Body: {"router": {"tenant_id": "43c62832348243c2b74f4c6198733679", "name": "tempest-router-smoke-1587123235", "admin_state_up": true}}
    Response - Headers: {'status': '201', 'content-length': '296', 'connection': 'close', 'date': 'Thu, 10 Dec 2015 19:42:53 GMT', 'content-type': 'application/json; charset=UTF-8', 'x-openstack-request-id': 'req-c123cb38-372f-467c-b286-05a711775053'}
        Body: {"router": {"status": "ACTIVE", "external_gateway_info": null, "availability_zone_hints": [], "availability_zones": [], "name": "tempest-router-smoke-1587123235", "admin_state_up": true, "tenant_id": "43c62832348243c2b74f4c6198733679", "routes": [], "id": "305f3ada-a63d-4091-afd7-a4c8d905b182"}}
2015-12-10 19:42:53,201 24866 INFO     [tempest_lib.common.rest_client] Request (TestNetworkAdvancedServerOps:test_server_connectivity_pause_unpause): 200 GET http://10.0.2.15:9696/v2.0/routers/305f3ada-a63d-4091-afd7-a4c8d905b182 0.052s
2015-12-10 19:42:53,201 24866 DEBUG    [tempest_lib.common.rest_client] Request - Headers: {'Content-Type': 'application/json', 'Accept': 'application/json', 'X-Auth-Token': '&lt;omitted&gt;'}
        Body: None
    Response - Headers: {'status': '200', 'content-length': '296', 'content-location': 'http://10.0.2.15:9696/v2.0/routers/305f3ada-a63d-4091-afd7-a4c8d905b182', 'connection': 'close', 'date': 'Thu, 10 Dec 2015 19:42:53 GMT', 'content-type': 'application/json; charset=UTF-8', 'x-openstack-request-id': 'req-4fb2d990-7c18-44fb-9eb1-53f8caf920fa'}
        Body: {"router": {"status": "ACTIVE", "external_gateway_info": null, "availability_zone_hints": [], "availability_zones": [], "name": "tempest-router-smoke-1587123235", "admin_state_up": true, "tenant_id": "43c62832348243c2b74f4c6198733679", "routes": [], "id": "305f3ada-a63d-4091-afd7-a4c8d905b182"}}
2015-12-10 19:42:53,890 24866 INFO     [tempest_lib.common.rest_client] Request (TestNetworkAdvancedServerOps:test_server_connectivity_pause_unpause): 200 PUT http://10.0.2.15:9696/v2.0/routers/305f3ada-a63d-4091-afd7-a4c8d905b182 0.686s
2015-12-10 19:42:53,890 24866 DEBUG    [tempest_lib.common.rest_client] Request - Headers: {'Content-Type': 'application/json', 'Accept': 'application/json', 'X-Auth-Token': '&lt;omitted&gt;'}
        Body: {"router": {"external_gateway_info": {"network_id": "9bd6157a-7d2d-4efd-b641-6ef3e37c9750"}, "name": "tempest-router-smoke-1587123235", "admin_state_up": true}}
    Response - Headers: {'status': '200', 'content-length': '558', 'connection': 'close', 'date': 'Thu, 10 Dec 2015 19:42:53 GMT', 'content-type': 'application/json; charset=UTF-8', 'x-openstack-request-id': 'req-abb85ce9-eb70-4f0a-9d84-af1e552afd48'}
        Body: {"router": {"status": "ACTIVE", "external_gateway_info": {"network_id": "9bd6157a-7d2d-4efd-b641-6ef3e37c9750", "enable_snat": true, "external_fixed_ips": [{"subnet_id": "e2dd15e3-0ad5-4692-a694-69fbf43b87bd", "ip_address": "172.24.4.3"}, {"subnet_id": "7c0a4c9e-de0c-4824-9093-49d7eedcca24", "ip_address": "2001:db8::4"}]}, "availability_zone_hints": [], "availability_zones": [], "name": "tempest-router-smoke-1587123235", "admin_state_up": true, "tenant_id": "43c62832348243c2b74f4c6198733679", "routes": [], "id": "305f3ada-a63d-4091-afd7-a4c8d905b182"}}
2015-12-10 19:42:54,026 24866 INFO     [tempest_lib.common.rest_client] Request (TestNetworkAdvancedServerOps:test_server_connectivity_pause_unpause): 200 GET http://10.0.2.15:9696/v2.0/subnets?tenant_id=43c62832348243c2b74f4c6198733679&amp;cidr=10.100.0.0%2F28 0.134s
2015-12-10 19:42:54,026 24866 DEBUG    [tempest_lib.common.rest_client] Request - Headers: {'Content-Type': 'application/json', 'Accept': 'application/json', 'X-Auth-Token': '&lt;omitted&gt;'}
        Body: None
    Response - Headers: {'status': '200', 'content-length': '15', 'content-location': 'http://10.0.2.15:9696/v2.0/subnets?tenant_id=43c62832348243c2b74f4c6198733679&amp;cidr=10.100.0.0%2F28', 'connection': 'close', 'date': 'Thu, 10 Dec 2015 19:42:54 GMT', 'content-type': 'application/json; charset=UTF-8', 'x-openstack-request-id': 'req-3e7a3af0-7c8c-4e84-985f-74c299a91479'}
        Body: {"subnets": []}
2015-12-10 19:42:54,476 24866 INFO     [tempest_lib.common.rest_client] Request (TestNetworkAdvancedServerOps:test_server_connectivity_pause_unpause): 201 POST http://10.0.2.15:9696/v2.0/subnets 0.448s
2015-12-10 19:42:54,476 24866 DEBUG    [tempest_lib.common.rest_client] Request - Headers: {'Content-Type': 'application/json', 'Accept': 'application/json', 'X-Auth-Token': '&lt;omitted&gt;'}
        Body: {"subnet": {"ip_version": 4, "tenant_id": "43c62832348243c2b74f4c6198733679", "cidr": "10.100.0.0/28", "network_id": "eebe0e07-5c37-481b-ada3-138421be0b33", "name": "tempest-subnet-smoke-430375671"}}
    Response - Headers: {'status': '201', 'content-length': '477', 'connection': 'close', 'date': 'Thu, 10 Dec 2015 19:42:54 GMT', 'content-type': 'application/json; charset=UTF-8', 'x-openstack-request-id': 'req-3ccbf835-db71-4431-8b71-b23372a029a2'}
        Body: {"subnet": {"name": "tempest-subnet-smoke-430375671", "enable_dhcp": true, "network_id": "eebe0e07-5c37-481b-ada3-138421be0b33", "tenant_id": "43c62832348243c2b74f4c6198733679", "dns_nameservers": [], "gateway_ip": "10.100.0.1", "ipv6_ra_mode": null, "allocation_pools": [{"start": "10.100.0.2", "end": "10.100.0.14"}], "host_routes": [], "ip_version": 4, "ipv6_address_mode": null, "cidr": "10.100.0.0/28", "id": "5359e247-063b-4b33-9811-d76769acf38a", "subnetpool_id": null}}
2015-12-10 19:42:55,046 24866 INFO     [tempest_lib.common.rest_client] Request (TestNetworkAdvancedServerOps:test_server_connectivity_pause_unpause): 200 PUT http://10.0.2.15:9696/v2.0/routers/305f3ada-a63d-4091-afd7-a4c8d905b182/add_router_interface 0.569s
2015-12-10 19:42:55,047 24866 DEBUG    [tempest_lib.common.rest_client] Request - Headers: {'Content-Type': 'application/json', 'Accept': 'application/json', 'X-Auth-Token': '&lt;omitted&gt;'}
        Body: {"subnet_id": "5359e247-063b-4b33-9811-d76769acf38a"}
    Response - Headers: {'status': '200', 'content-length': '255', 'connection': 'close', 'date': 'Thu, 10 Dec 2015 19:42:55 GMT', 'content-type': 'application/json; charset=UTF-8', 'x-openstack-request-id': 'req-41e97620-fcb0-445a-888e-f476f96f14a3'}
        Body: {"subnet_id": "5359e247-063b-4b33-9811-d76769acf38a", "tenant_id": "43c62832348243c2b74f4c6198733679", "subnet_ids": ["5359e247-063b-4b33-9811-d76769acf38a"], "port_id": "5d609644-6ad0-4ece-9b74-84fa28f2590a", "id": "305f3ada-a63d-4091-afd7-a4c8d905b182"}
2015-12-10 19:42:55,152 24866 INFO     [tempest_lib.common.rest_client] Request (TestNetworkAdvancedServerOps:test_server_connectivity_pause_unpause): 200 POST http://10.0.2.15:5000/v2.0/tokens
2015-12-10 19:42:55,153 24866 DEBUG    [tempest_lib.common.rest_client] Request - Headers: {'Content-Type': 'application/json', 'Accept': 'application/json'}
        Body: &lt;omitted&gt;
    Response - Headers: {'status': '200', 'content-length': '2566', 'vary': 'X-Auth-Token', 'server': 'Apache/2.4.7 (Ubuntu)', 'connection': 'close', 'date': 'Thu, 10 Dec 2015 19:42:55 GMT', 'content-type': 'application/json', 'x-openstack-request-id': 'req-df7d1d22-81d7-4a6f-b0cc-99d1f407d041'}
        Body: {"access": {"token": {"issued_at": "2015-12-10T19:42:55.139916", "expires": "2015-12-10T20:42:55Z", "id": "b641db3cc1634317a791693539a6a2b0", "tenant": {"description": "tempest-TestNetworkAdvancedServerOps-1257778718-desc", "enabled": true, "id": "43c62832348243c2b74f4c6198733679", "name": "tempest-TestNetworkAdvancedServerOps-1257778718"}, "audit_ids": ["aMXDQ_jsSGSxjVW4R1Eg9w"]}, "serviceCatalog": [{"endpoints": [{"adminURL": "http://10.0.2.15:8774/v2.1/43c62832348243c2b74f4c6198733679", "region": "RegionOne", "internalURL": "http://10.0.2.15:8774/v2.1/43c62832348243c2b74f4c6198733679", "id": "041b228124e6405ea4dd055c996fd38a", "publicURL": "http://10.0.2.15:8774/v2.1/43c62832348243c2b74f4c6198733679"}], "endpoints_links": [], "type": "compute", "name": "nova"}, {"endpoints": [{"adminURL": "http://10.0.2.15:9696/", "region": "RegionOne", "internalURL": "http://10.0.2.15:9696/", "id": "0e160753e68443eeb28474679fac0335", "publicURL": "http://10.0.2.15:9696/"}], "endpoints_links": [], "type": "network", "name": "neutron"}, {"endpoints": [{"adminURL": "http://10.0.2.15:9292", "region": "RegionOne", "internalURL": "http://10.0.2.15:9292", "id": "1a4c747b8b704201a2946c6394d9fe70", "publicURL": "http://10.0.2.15:9292"}], "endpoints_links": [], "type": "image", "name": "glance"}, {"endpoints": [{"adminURL": "http://10.0.2.15:8774/v2/43c62832348243c2b74f4c6198733679", "region": "RegionOne", "internalURL": "http://10.0.2.15:8774/v2/43c62832348243c2b74f4c6198733679", "id": "71972e4877fc4b6499ba2a3742d5f4cf", "publicURL": "http://10.0.2.15:8774/v2/43c62832348243c2b74f4c6198733679"}], "endpoints_links": [], "type": "compute_legacy", "name": "nova_legacy"}, {"endpoints": [{"adminURL": "http://10.0.2.15:8773/", "region": "RegionOne", "internalURL": "http://10.0.2.15:8773/", "id": "4bfad89443894e20882adb274af46b17", "publicURL": "http://10.0.2.15:8773/"}], "endpoints_links": [], "type": "ec2", "name": "ec2"}, {"endpoints": [{"adminURL": "http://10.0.2.15:35357/v2.0", "region": "RegionOne", "internalURL": "http://10.0.2.15:5000/v2.0", "id": "0b911607e38d43b0a28df87fd4651104", "publicURL": "http://10.0.2.15:5000/v2.0"}], "endpoints_links": [], "type": "identity", "name": "keystone"}], "user": {"username": "tempest-TestNetworkAdvancedServerOps-1125437704", "roles_links": [], "id": "90b7e82662274aa89071750cefc7443c", "roles": [{"name": "_member_"}, {"name": "Member"}], "name": "tempest-TestNetworkAdvancedServerOps-1125437704"}, "metadata": {"is_admin": 0, "roles": ["9fe2ff9ee4384b1894a90878d3e92bab", "ecf465c441e34180b1366cc8fc6c976b"]}}}
2015-12-10 19:42:55,157 24866 DEBUG    [tempest.common.fixed_network] (TestNetworkAdvancedServerOps:test_server_connectivity_pause_unpause) No valid network provided or created, defaulting to fixed_network_name
2015-12-10 19:42:55,439 24866 INFO     [tempest_lib.common.rest_client] Request (TestNetworkAdvancedServerOps:test_server_connectivity_pause_unpause): 200 GET http://10.0.2.15:8774/v2.1/43c62832348243c2b74f4c6198733679/os-networks 0.281s
2015-12-10 19:42:55,440 24866 DEBUG    [tempest_lib.common.rest_client] Request - Headers: {'Content-Type': 'application/json', 'Accept': 'application/json', 'X-Auth-Token': '&lt;omitted&gt;'}
        Body: None
    Response - Headers: {'status': '200', 'content-length': '478', 'content-location': 'http://10.0.2.15:8774/v2.1/43c62832348243c2b74f4c6198733679/os-networks', 'x-compute-request-id': 'req-91947136-3dbf-4449-a110-f346e792ae7c', 'vary': 'X-OpenStack-Nova-API-Version', 'connection': 'close', 'x-openstack-nova-api-version': '2.1', 'date': 'Thu, 10 Dec 2015 19:42:55 GMT', 'content-type': 'application/json'}
        Body: {"networks": [{"cidr_v6": null, "dns2": null, "dns1": null, "gateway": null, "broadcast": null, "netmask": null, "gateway_v6": null, "cidr": null, "label": "public", "id": "9bd6157a-7d2d-4efd-b641-6ef3e37c9750", "netmask_v6": null}, {"cidr_v6": null, "dns2": null, "dns1": null, "gateway": null, "broadcast": null, "netmask": null, "gateway_v6": null, "cidr": null, "label": "tempest-network-smoke--514862804", "id": "eebe0e07-5c37-481b-ada3-138421be0b33", "netmask_v6": null}]}
2015-12-10 19:42:55,440 24866 WARNING  [tempest.common.fixed_network] (TestNetworkAdvancedServerOps:test_server_connectivity_pause_unpause) Network with name: private not found
2015-12-10 19:42:55,440 24866 INFO     [tempest.common.fixed_network] (TestNetworkAdvancedServerOps:test_server_connectivity_pause_unpause) Found network {} available for tenant
2015-12-10 19:42:56,952 24866 INFO     [tempest_lib.common.rest_client] Request (TestNetworkAdvancedServerOps:test_server_connectivity_pause_unpause): 202 POST http://10.0.2.15:8774/v2.1/43c62832348243c2b74f4c6198733679/servers 1.511s
2015-12-10 19:42:56,953 24866 DEBUG    [tempest_lib.common.rest_client] Request - Headers: {'Content-Type': 'application/json', 'Accept': 'application/json', 'X-Auth-Token': '&lt;omitted&gt;'}
        Body: {"server": {"name": "tempest.common.compute-instance-474594138", "imageRef": "1dbee528-ceb8-44d6-b5e7-7372a72a6db1", "key_name": "tempest-TestNetworkAdvancedServerOps-1389511722", "flavorRef": "42", "networks": [{"uuid": "eebe0e07-5c37-481b-ada3-138421be0b33"}], "security_groups": [{"name": "tempest-secgroup-smoke-1387075018"}]}}
    Response - Headers: {'status': '202', 'content-length': '462', 'x-compute-request-id': 'req-4b8800e4-e1a7-44c4-8c8b-5acb05f0fc2b', 'vary': 'X-OpenStack-Nova-API-Version', 'connection': 'close', 'location': 'http://10.0.2.15:8774/v2.1/43c62832348243c2b74f4c6198733679/servers/6e5b361e-b2e1-45e1-aa7b-fd875f2c615d', 'x-openstack-nova-api-version': '2.1', 'date': 'Thu, 10 Dec 2015 19:42:56 GMT', 'content-type': 'application/json'}
        Body: {"server": {"security_groups": [{"name": "tempest-secgroup-smoke-1387075018"}], "OS-DCF:diskConfig": "MANUAL", "id": "6e5b361e-b2e1-45e1-aa7b-fd875f2c615d", "links": [{"href": "http://10.0.2.15:8774/v2.1/43c62832348243c2b74f4c6198733679/servers/6e5b361e-b2e1-45e1-aa7b-fd875f2c615d", "rel": "self"}, {"href": "http://10.0.2.15:8774/43c62832348243c2b74f4c6198733679/servers/6e5b361e-b2e1-45e1-aa7b-fd875f2c615d", "rel": "bookmark"}], "adminPass": "xjog94k7qrtJ"}}
2015-12-10 19:42:57,347 24866 INFO     [tempest_lib.common.rest_client] Request (TestNetworkAdvancedServerOps:test_server_connectivity_pause_unpause): 200 GET http://10.0.2.15:8774/v2.1/43c62832348243c2b74f4c6198733679/servers/6e5b361e-b2e1-45e1-aa7b-fd875f2c615d 0.391s
2015-12-10 19:42:57,347 24866 DEBUG    [tempest_lib.common.rest_client] Request - Headers: {'Content-Type': 'application/json', 'Accept': 'application/json', 'X-Auth-Token': '&lt;omitted&gt;'}
        Body: None
    Response - Headers: {'status': '200', 'content-length': '1364', 'content-location': 'http://10.0.2.15:8774/v2.1/43c62832348243c2b74f4c6198733679/servers/6e5b361e-b2e1-45e1-aa7b-fd875f2c615d', 'x-compute-request-id': 'req-aa11121b-2bd3-4a83-b372-e12a050b3626', 'vary': 'X-OpenStack-Nova-API-Version', 'connection': 'close', 'x-openstack-nova-api-version': '2.1', 'date': 'Thu, 10 Dec 2015 19:42:57 GMT', 'content-type': 'application/json'}
        Body: {"server": {"status": "BUILD", "updated": "2015-12-10T19:42:57Z", "hostId": "", "addresses": {}, "links": [{"href": "http://10.0.2.15:8774/v2.1/43c62832348243c2b74f4c6198733679/servers/6e5b361e-b2e1-45e1-aa7b-fd875f2c615d", "rel": "self"}, {"href": "http://10.0.2.15:8774/43c62832348243c2b74f4c6198733679/servers/6e5b361e-b2e1-45e1-aa7b-fd875f2c615d", "rel": "bookmark"}], "key_name": "tempest-TestNetworkAdvancedServerOps-1389511722", "image": {"id": "1dbee528-ceb8-44d6-b5e7-7372a72a6db1", "links": [{"href": "http://10.0.2.15:8774/43c62832348243c2b74f4c6198733679/images/1dbee528-ceb8-44d6-b5e7-7372a72a6db1", "rel": "bookmark"}]}, "OS-EXT-STS:task_state": "scheduling", "OS-EXT-STS:vm_state": "building", "OS-SRV-USG:launched_at": null, "flavor": {"id": "42", "links": [{"href": "http://10.0.2.15:8774/43c62832348243c2b74f4c6198733679/flavors/42", "rel": "bookmark"}]}, "id": "6e5b361e-b2e1-45e1-aa7b-fd875f2c615d", "OS-SRV-USG:terminated_at": null, "OS-EXT-AZ:availability_zone": "", "user_id": "90b7e82662274aa89071750cefc7443c", "name": "tempest.common.compute-instance-474594138", "created": "2015-12-10T19:42:56Z", "tenant_id": "43c62832348243c2b74f4c6198733679", "OS-DCF:diskConfig": "MANUAL", "os-extended-volumes:volumes_attached": [], "accessIPv4": "", "accessIPv6": "", "progress": 0, "OS-EXT-STS:power_state": 0, "config_drive": "", "metadata": {}}}
2015-12-10 19:42:58,507 24866 INFO     [tempest_lib.common.rest_client] Request (TestNetworkAdvancedServerOps:test_server_connectivity_pause_unpause): 200 GET http://10.0.2.15:8774/v2.1/43c62832348243c2b74f4c6198733679/servers/6e5b361e-b2e1-45e1-aa7b-fd875f2c615d 0.148s
2015-12-10 19:42:58,508 24866 DEBUG    [tempest_lib.common.rest_client] Request - Headers: {'Content-Type': 'application/json', 'Accept': 'application/json', 'X-Auth-Token': '&lt;omitted&gt;'}
        Body: None
    Response - Headers: {'status': '200', 'content-length': '1422', 'content-location': 'http://10.0.2.15:8774/v2.1/43c62832348243c2b74f4c6198733679/servers/6e5b361e-b2e1-45e1-aa7b-fd875f2c615d', 'x-compute-request-id': 'req-7ade244e-4be9-442b-94f4-e318da78b823', 'vary': 'X-OpenStack-Nova-API-Version', 'connection': 'close', 'x-openstack-nova-api-version': '2.1', 'date': 'Thu, 10 Dec 2015 19:42:58 GMT', 'content-type': 'application/json'}
        Body: {"server": {"status": "BUILD", "updated": "2015-12-10T19:42:57Z", "hostId": "b8ef2b9c3cba563b3e19ff6bd35860bb382e9ca6936e1ca061dee38c", "addresses": {}, "links": [{"href": "http://10.0.2.15:8774/v2.1/43c62832348243c2b74f4c6198733679/servers/6e5b361e-b2e1-45e1-aa7b-fd875f2c615d", "rel": "self"}, {"href": "http://10.0.2.15:8774/43c62832348243c2b74f4c6198733679/servers/6e5b361e-b2e1-45e1-aa7b-fd875f2c615d", "rel": "bookmark"}], "key_name": "tempest-TestNetworkAdvancedServerOps-1389511722", "image": {"id": "1dbee528-ceb8-44d6-b5e7-7372a72a6db1", "links": [{"href": "http://10.0.2.15:8774/43c62832348243c2b74f4c6198733679/images/1dbee528-ceb8-44d6-b5e7-7372a72a6db1", "rel": "bookmark"}]}, "OS-EXT-STS:task_state": "spawning", "OS-EXT-STS:vm_state": "building", "OS-SRV-USG:launched_at": null, "flavor": {"id": "42", "links": [{"href": "http://10.0.2.15:8774/43c62832348243c2b74f4c6198733679/flavors/42", "rel": "bookmark"}]}, "id": "6e5b361e-b2e1-45e1-aa7b-fd875f2c615d", "OS-SRV-USG:terminated_at": null, "OS-EXT-AZ:availability_zone": "nova", "user_id": "90b7e82662274aa89071750cefc7443c", "name": "tempest.common.compute-instance-474594138", "created": "2015-12-10T19:42:56Z", "tenant_id": "43c62832348243c2b74f4c6198733679", "OS-DCF:diskConfig": "MANUAL", "os-extended-volumes:volumes_attached": [], "accessIPv4": "", "accessIPv6": "", "progress": 0, "OS-EXT-STS:power_state": 0, "config_drive": "", "metadata": {}}}
2015-12-10 19:42:58,517 24866 INFO     [tempest.common.waiters] State transition "BUILD/scheduling" ==&gt; "BUILD/spawning" after 1 second wait
2015-12-10 19:42:59,772 24866 INFO     [tempest_lib.common.rest_client] Request (TestNetworkAdvancedServerOps:test_server_connectivity_pause_unpause): 200 GET http://10.0.2.15:8774/v2.1/43c62832348243c2b74f4c6198733679/servers/6e5b361e-b2e1-45e1-aa7b-fd875f2c615d 0.252s
2015-12-10 19:42:59,773 24866 DEBUG    [tempest_lib.common.rest_client] Request - Headers: {'Content-Type': 'application/json', 'Accept': 'application/json', 'X-Auth-Token': '&lt;omitted&gt;'}
        Body: None
    Response - Headers: {'status': '200', 'content-length': '1490', 'content-location': 'http://10.0.2.15:8774/v2.1/43c62832348243c2b74f4c6198733679/servers/6e5b361e-b2e1-45e1-aa7b-fd875f2c615d', 'x-compute-request-id': 'req-7c1f8243-066f-49af-b292-7cdc0e6def8c', 'vary': 'X-OpenStack-Nova-API-Version', 'connection': 'close', 'x-openstack-nova-api-version': '2.1', 'date': 'Thu, 10 Dec 2015 19:42:59 GMT', 'content-type': 'application/json'}
        Body: {"server": {"status": "BUILD", "updated": "2015-12-10T19:42:57Z", "hostId": "b8ef2b9c3cba563b3e19ff6bd35860bb382e9ca6936e1ca061dee38c", "addresses": {}, "links": [{"href": "http://10.0.2.15:8774/v2.1/43c62832348243c2b74f4c6198733679/servers/6e5b361e-b2e1-45e1-aa7b-fd875f2c615d", "rel": "self"}, {"href": "http://10.0.2.15:8774/43c62832348243c2b74f4c6198733679/servers/6e5b361e-b2e1-45e1-aa7b-fd875f2c615d", "rel": "bookmark"}], "key_name": "tempest-TestNetworkAdvancedServerOps-1389511722", "image": {"id": "1dbee528-ceb8-44d6-b5e7-7372a72a6db1", "links": [{"href": "http://10.0.2.15:8774/43c62832348243c2b74f4c6198733679/images/1dbee528-ceb8-44d6-b5e7-7372a72a6db1", "rel": "bookmark"}]}, "OS-EXT-STS:task_state": "spawning", "OS-EXT-STS:vm_state": "building", "OS-SRV-USG:launched_at": null, "flavor": {"id": "42", "links": [{"href": "http://10.0.2.15:8774/43c62832348243c2b74f4c6198733679/flavors/42", "rel": "bookmark"}]}, "id": "6e5b361e-b2e1-45e1-aa7b-fd875f2c615d", "security_groups": [{"name": "tempest-secgroup-smoke-1387075018"}], "OS-SRV-USG:terminated_at": null, "OS-EXT-AZ:availability_zone": "nova", "user_id": "90b7e82662274aa89071750cefc7443c", "name": "tempest.common.compute-instance-474594138", "created": "2015-12-10T19:42:56Z", "tenant_id": "43c62832348243c2b74f4c6198733679", "OS-DCF:diskConfig": "MANUAL", "os-extended-volumes:volumes_attached": [], "accessIPv4": "", "accessIPv6": "", "progress": 0, "OS-EXT-STS:power_state": 0, "config_drive": "", "metadata": {}}}
2015-12-10 19:43:01,016 24866 INFO     [tempest_lib.common.rest_client] Request (TestNetworkAdvancedServerOps:test_server_connectivity_pause_unpause): 200 GET http://10.0.2.15:8774/v2.1/43c62832348243c2b74f4c6198733679/servers/6e5b361e-b2e1-45e1-aa7b-fd875f2c615d 0.226s
2015-12-10 19:43:01,017 24866 DEBUG    [tempest_lib.common.rest_client] Request - Headers: {'Content-Type': 'application/json', 'Accept': 'application/json', 'X-Auth-Token': '&lt;omitted&gt;'}
        Body: None
    Response - Headers: {'status': '200', 'content-length': '1661', 'content-location': 'http://10.0.2.15:8774/v2.1/43c62832348243c2b74f4c6198733679/servers/6e5b361e-b2e1-45e1-aa7b-fd875f2c615d', 'x-compute-request-id': 'req-93d6a91c-86d1-4c80-b8bf-4bf5644ebbb6', 'vary': 'X-OpenStack-Nova-API-Version', 'connection': 'close', 'x-openstack-nova-api-version': '2.1', 'date': 'Thu, 10 Dec 2015 19:43:01 GMT', 'content-type': 'application/json'}
        Body: {"server": {"status": "ACTIVE", "updated": "2015-12-10T19:43:00Z", "hostId": "b8ef2b9c3cba563b3e19ff6bd35860bb382e9ca6936e1ca061dee38c", "addresses": {"tempest-network-smoke--514862804": [{"OS-EXT-IPS-MAC:mac_addr": "fa:16:3e:19:dd:8c", "version": 4, "addr": "10.100.0.3", "OS-EXT-IPS:type": "fixed"}]}, "links": [{"href": "http://10.0.2.15:8774/v2.1/43c62832348243c2b74f4c6198733679/servers/6e5b361e-b2e1-45e1-aa7b-fd875f2c615d", "rel": "self"}, {"href": "http://10.0.2.15:8774/43c62832348243c2b74f4c6198733679/servers/6e5b361e-b2e1-45e1-aa7b-fd875f2c615d", "rel": "bookmark"}], "key_name": "tempest-TestNetworkAdvancedServerOps-1389511722", "image": {"id": "1dbee528-ceb8-44d6-b5e7-7372a72a6db1", "links": [{"href": "http://10.0.2.15:8774/43c62832348243c2b74f4c6198733679/images/1dbee528-ceb8-44d6-b5e7-7372a72a6db1", "rel": "bookmark"}]}, "OS-EXT-STS:task_state": null, "OS-EXT-STS:vm_state": "active", "OS-SRV-USG:launched_at": "2015-12-10T19:43:00.000000", "flavor": {"id": "42", "links": [{"href": "http://10.0.2.15:8774/43c62832348243c2b74f4c6198733679/flavors/42", "rel": "bookmark"}]}, "id": "6e5b361e-b2e1-45e1-aa7b-fd875f2c615d", "security_groups": [{"name": "tempest-secgroup-smoke-1387075018"}], "OS-SRV-USG:terminated_at": null, "OS-EXT-AZ:availability_zone": "nova", "user_id": "90b7e82662274aa89071750cefc7443c", "name": "tempest.common.compute-instance-474594138", "created": "2015-12-10T19:42:56Z", "tenant_id": "43c62832348243c2b74f4c6198733679", "OS-DCF:diskConfig": "MANUAL", "os-extended-volumes:volumes_attached": [], "accessIPv4": "", "accessIPv6": "", "progress": 0, "OS-EXT-STS:power_state": 1, "config_drive": "True", "metadata": {}}}
2015-12-10 19:43:01,027 24866 INFO     [tempest.common.waiters] State transition "BUILD/spawning" ==&gt; "ACTIVE/None" after 4 second wait
2015-12-10 19:43:01,477 24866 INFO     [tempest_lib.common.rest_client] Request (TestNetworkAdvancedServerOps:test_server_connectivity_pause_unpause): 200 GET http://10.0.2.15:8774/v2.1/43c62832348243c2b74f4c6198733679/servers/6e5b361e-b2e1-45e1-aa7b-fd875f2c615d 0.449s
2015-12-10 19:43:01,477 24866 DEBUG    [tempest_lib.common.rest_client] Request - Headers: {'Content-Type': 'application/json', 'Accept': 'application/json', 'X-Auth-Token': '&lt;omitted&gt;'}
        Body: None
    Response - Headers: {'status': '200', 'content-length': '1661', 'content-location': 'http://10.0.2.15:8774/v2.1/43c62832348243c2b74f4c6198733679/servers/6e5b361e-b2e1-45e1-aa7b-fd875f2c615d', 'x-compute-request-id': 'req-6ba51832-cdcc-4302-a3ef-6e40b0b8f61b', 'vary': 'X-OpenStack-Nova-API-Version', 'connection': 'close', 'x-openstack-nova-api-version': '2.1', 'date': 'Thu, 10 Dec 2015 19:43:01 GMT', 'content-type': 'application/json'}
        Body: {"server": {"status": "ACTIVE", "updated": "2015-12-10T19:43:00Z", "hostId": "b8ef2b9c3cba563b3e19ff6bd35860bb382e9ca6936e1ca061dee38c", "addresses": {"tempest-network-smoke--514862804": [{"OS-EXT-IPS-MAC:mac_addr": "fa:16:3e:19:dd:8c", "version": 4, "addr": "10.100.0.3", "OS-EXT-IPS:type": "fixed"}]}, "links": [{"href": "http://10.0.2.15:8774/v2.1/43c62832348243c2b74f4c6198733679/servers/6e5b361e-b2e1-45e1-aa7b-fd875f2c615d", "rel": "self"}, {"href": "http://10.0.2.15:8774/43c62832348243c2b74f4c6198733679/servers/6e5b361e-b2e1-45e1-aa7b-fd875f2c615d", "rel": "bookmark"}], "key_name": "tempest-TestNetworkAdvancedServerOps-1389511722", "image": {"id": "1dbee528-ceb8-44d6-b5e7-7372a72a6db1", "links": [{"href": "http://10.0.2.15:8774/43c62832348243c2b74f4c6198733679/images/1dbee528-ceb8-44d6-b5e7-7372a72a6db1", "rel": "bookmark"}]}, "OS-EXT-STS:task_state": null, "OS-EXT-STS:vm_state": "active", "OS-SRV-USG:launched_at": "2015-12-10T19:43:00.000000", "flavor": {"id": "42", "links": [{"href": "http://10.0.2.15:8774/43c62832348243c2b74f4c6198733679/flavors/42", "rel": "bookmark"}]}, "id": "6e5b361e-b2e1-45e1-aa7b-fd875f2c615d", "security_groups": [{"name": "tempest-secgroup-smoke-1387075018"}], "OS-SRV-USG:terminated_at": null, "OS-EXT-AZ:availability_zone": "nova", "user_id": "90b7e82662274aa89071750cefc7443c", "name": "tempest.common.compute-instance-474594138", "created": "2015-12-10T19:42:56Z", "tenant_id": "43c62832348243c2b74f4c6198733679", "OS-DCF:diskConfig": "MANUAL", "os-extended-volumes:volumes_attached": [], "accessIPv4": "", "accessIPv6": "", "progress": 0, "OS-EXT-STS:power_state": 1, "config_drive": "True", "metadata": {}}}
2015-12-10 19:43:01,626 24866 INFO     [tempest_lib.common.rest_client] Request (TestNetworkAdvancedServerOps:test_server_connectivity_pause_unpause): 200 GET http://10.0.2.15:9696/v2.0/ports?status=ACTIVE&amp;fixed_ip=None&amp;device_id=6e5b361e-b2e1-45e1-aa7b-fd875f2c615d 0.140s
2015-12-10 19:43:01,626 24866 DEBUG    [tempest_lib.common.rest_client] Request - Headers: {'Content-Type': 'application/json', 'Accept': 'application/json', 'X-Auth-Token': '&lt;omitted&gt;'}
        Body: None
    Response - Headers: {'status': '200', 'content-length': '895', 'content-location': 'http://10.0.2.15:9696/v2.0/ports?status=ACTIVE&amp;fixed_ip=None&amp;device_id=6e5b361e-b2e1-45e1-aa7b-fd875f2c615d', 'connection': 'close', 'date': 'Thu, 10 Dec 2015 19:43:01 GMT', 'content-type': 'application/json; charset=UTF-8', 'x-openstack-request-id': 'req-01e1a6fc-ee76-42b2-ac43-d09965ebd650'}
        Body: {"ports": [{"status": "ACTIVE", "binding:host_id": "vagrant-ubuntu-trusty-64", "allowed_address_pairs": [], "extra_dhcp_opts": [], "dns_assignment": [{"hostname": "host-10-100-0-3", "ip_address": "10.100.0.3", "fqdn": "host-10-100-0-3.openstacklocal."}], "device_owner": "compute:None", "port_security_enabled": true, "binding:profile": {}, "fixed_ips": [{"subnet_id": "5359e247-063b-4b33-9811-d76769acf38a", "ip_address": "10.100.0.3"}], "id": "2d9bbc8e-7b88-4a92-80a6-e37043f5f277", "security_groups": ["11916021-b8bc-404b-a54a-36f59c1b95f4"], "device_id": "6e5b361e-b2e1-45e1-aa7b-fd875f2c615d", "name": "", "admin_state_up": true, "network_id": "eebe0e07-5c37-481b-ada3-138421be0b33", "dns_name": "", "binding:vif_details": {"port_filter": true}, "binding:vnic_type": "normal", "binding:vif_type": "ovs", "tenant_id": "43c62832348243c2b74f4c6198733679", "mac_address": "fa:16:3e:19:dd:8c"}]}
2015-12-10 19:43:02,165 24866 INFO     [tempest_lib.common.rest_client] Request (TestNetworkAdvancedServerOps:test_server_connectivity_pause_unpause): 201 POST http://10.0.2.15:9696/v2.0/floatingips 0.538s
2015-12-10 19:43:02,166 24866 DEBUG    [tempest_lib.common.rest_client] Request - Headers: {'Content-Type': 'application/json', 'Accept': 'application/json', 'X-Auth-Token': '&lt;omitted&gt;'}
        Body: {"floatingip": {"floating_network_id": "9bd6157a-7d2d-4efd-b641-6ef3e37c9750", "tenant_id": "43c62832348243c2b74f4c6198733679", "fixed_ip_address": "10.100.0.3", "port_id": "2d9bbc8e-7b88-4a92-80a6-e37043f5f277"}}
    Response - Headers: {'status': '201', 'content-length': '367', 'connection': 'close', 'date': 'Thu, 10 Dec 2015 19:43:02 GMT', 'content-type': 'application/json; charset=UTF-8', 'x-openstack-request-id': 'req-f46b64f7-6b30-4e25-be29-a7b81ac002e0'}
        Body: {"floatingip": {"floating_network_id": "9bd6157a-7d2d-4efd-b641-6ef3e37c9750", "router_id": "305f3ada-a63d-4091-afd7-a4c8d905b182", "fixed_ip_address": "10.100.0.3", "floating_ip_address": "172.24.4.4", "tenant_id": "43c62832348243c2b74f4c6198733679", "status": "DOWN", "port_id": "2d9bbc8e-7b88-4a92-80a6-e37043f5f277", "id": "8f3734ea-559a-404b-95be-f0c44463400f"}}
2015-12-10 19:43:02,369 24866 INFO     [tempest_lib.common.rest_client] Request (TestNetworkAdvancedServerOps:test_server_connectivity_pause_unpause): 200 GET http://10.0.2.15:8774/v2.1/43c62832348243c2b74f4c6198733679/servers/6e5b361e-b2e1-45e1-aa7b-fd875f2c615d 0.201s
2015-12-10 19:43:02,369 24866 DEBUG    [tempest_lib.common.rest_client] Request - Headers: {'Content-Type': 'application/json', 'Accept': 'application/json', 'X-Auth-Token': '&lt;omitted&gt;'}
        Body: None
    Response - Headers: {'status': '200', 'content-length': '1661', 'content-location': 'http://10.0.2.15:8774/v2.1/43c62832348243c2b74f4c6198733679/servers/6e5b361e-b2e1-45e1-aa7b-fd875f2c615d', 'x-compute-request-id': 'req-f90884a6-5ce6-4e23-9d97-afced8fcfc92', 'vary': 'X-OpenStack-Nova-API-Version', 'connection': 'close', 'x-openstack-nova-api-version': '2.1', 'date': 'Thu, 10 Dec 2015 19:43:02 GMT', 'content-type': 'application/json'}
        Body: {"server": {"status": "ACTIVE", "updated": "2015-12-10T19:43:00Z", "hostId": "b8ef2b9c3cba563b3e19ff6bd35860bb382e9ca6936e1ca061dee38c", "addresses": {"tempest-network-smoke--514862804": [{"OS-EXT-IPS-MAC:mac_addr": "fa:16:3e:19:dd:8c", "version": 4, "addr": "10.100.0.3", "OS-EXT-IPS:type": "fixed"}]}, "links": [{"href": "http://10.0.2.15:8774/v2.1/43c62832348243c2b74f4c6198733679/servers/6e5b361e-b2e1-45e1-aa7b-fd875f2c615d", "rel": "self"}, {"href": "http://10.0.2.15:8774/43c62832348243c2b74f4c6198733679/servers/6e5b361e-b2e1-45e1-aa7b-fd875f2c615d", "rel": "bookmark"}], "key_name": "tempest-TestNetworkAdvancedServerOps-1389511722", "image": {"id": "1dbee528-ceb8-44d6-b5e7-7372a72a6db1", "links": [{"href": "http://10.0.2.15:8774/43c62832348243c2b74f4c6198733679/images/1dbee528-ceb8-44d6-b5e7-7372a72a6db1", "rel": "bookmark"}]}, "OS-EXT-STS:task_state": null, "OS-EXT-STS:vm_state": "active", "OS-SRV-USG:launched_at": "2015-12-10T19:43:00.000000", "flavor": {"id": "42", "links": [{"href": "http://10.0.2.15:8774/43c62832348243c2b74f4c6198733679/flavors/42", "rel": "bookmark"}]}, "id": "6e5b361e-b2e1-45e1-aa7b-fd875f2c615d", "security_groups": [{"name": "tempest-secgroup-smoke-1387075018"}], "OS-SRV-USG:terminated_at": null, "OS-EXT-AZ:availability_zone": "nova", "user_id": "90b7e82662274aa89071750cefc7443c", "name": "tempest.common.compute-instance-474594138", "created": "2015-12-10T19:42:56Z", "tenant_id": "43c62832348243c2b74f4c6198733679", "OS-DCF:diskConfig": "MANUAL", "os-extended-volumes:volumes_attached": [], "accessIPv4": "", "accessIPv6": "", "progress": 0, "OS-EXT-STS:power_state": 1, "config_drive": "True", "metadata": {}}}
2015-12-10 19:43:02,378 24866 INFO     [tempest.scenario.manager] Tenant networks not configured to be reachable.
2015-12-10 19:43:02,392 24866 INFO     [tempest_lib.common.rest_client] Request (TestNetworkAdvancedServerOps:test_server_connectivity_pause_unpause): 200 GET http://10.0.2.15:9696/v2.0/floatingips/8f3734ea-559a-404b-95be-f0c44463400f 0.013s
2015-12-10 19:43:02,392 24866 DEBUG    [tempest_lib.common.rest_client] Request - Headers: {'Content-Type': 'application/json', 'Accept': 'application/json', 'X-Auth-Token': '&lt;omitted&gt;'}
        Body: None
    Response - Headers: {'status': '200', 'content-length': '367', 'content-location': 'http://10.0.2.15:9696/v2.0/floatingips/8f3734ea-559a-404b-95be-f0c44463400f', 'connection': 'close', 'date': 'Thu, 10 Dec 2015 19:43:02 GMT', 'content-type': 'application/json; charset=UTF-8', 'x-openstack-request-id': 'req-39128fdb-2285-4778-8e1d-ee0c438ecd51'}
        Body: {"floatingip": {"floating_network_id": "9bd6157a-7d2d-4efd-b641-6ef3e37c9750", "router_id": "305f3ada-a63d-4091-afd7-a4c8d905b182", "fixed_ip_address": "10.100.0.3", "floating_ip_address": "172.24.4.4", "tenant_id": "43c62832348243c2b74f4c6198733679", "status": "DOWN", "port_id": "2d9bbc8e-7b88-4a92-80a6-e37043f5f277", "id": "8f3734ea-559a-404b-95be-f0c44463400f"}}
2015-12-10 19:43:03,415 24866 INFO     [tempest_lib.common.rest_client] Request (TestNetworkAdvancedServerOps:test_server_connectivity_pause_unpause): 200 GET http://10.0.2.15:9696/v2.0/floatingips/8f3734ea-559a-404b-95be-f0c44463400f 0.020s
2015-12-10 19:43:03,415 24866 DEBUG    [tempest_lib.common.rest_client] Request - Headers: {'Content-Type': 'application/json', 'Accept': 'application/json', 'X-Auth-Token': '&lt;omitted&gt;'}
        Body: None
    Response - Headers: {'status': '200', 'content-length': '369', 'content-location': 'http://10.0.2.15:9696/v2.0/floatingips/8f3734ea-559a-404b-95be-f0c44463400f', 'connection': 'close', 'date': 'Thu, 10 Dec 2015 19:43:03 GMT', 'content-type': 'application/json; charset=UTF-8', 'x-openstack-request-id': 'req-5cc7221b-213c-4a4e-a215-78ae82e7027a'}
        Body: {"floatingip": {"floating_network_id": "9bd6157a-7d2d-4efd-b641-6ef3e37c9750", "router_id": "305f3ada-a63d-4091-afd7-a4c8d905b182", "fixed_ip_address": "10.100.0.3", "floating_ip_address": "172.24.4.4", "tenant_id": "43c62832348243c2b74f4c6198733679", "status": "ACTIVE", "port_id": "2d9bbc8e-7b88-4a92-80a6-e37043f5f277", "id": "8f3734ea-559a-404b-95be-f0c44463400f"}}
2015-12-10 19:43:03,416 24866 INFO     [tempest.scenario.manager] FloatingIP: &lt;"FloatingIP" addr="172.24.4.4" id="8f3734ea-559a-404b-95be-f0c44463400f"&gt; is at status: ACTIVE
2015-12-10 19:43:03,416 24866 DEBUG    [tempest.scenario.manager] checking network connections to IP 172.24.4.4 with user: cirros
2015-12-10 19:43:03,416 24866 DEBUG    [tempest.scenario.manager] TestNetworkAdvancedServerOps:test_server_connectivity_pause_unpause begins to ping 172.24.4.4 in 120 sec and the expected result is reachable
2015-12-10 19:45:04,751 24866 DEBUG    [tempest.scenario.manager] TestNetworkAdvancedServerOps:test_server_connectivity_pause_unpause finishes ping 172.24.4.4 in 120 sec and the ping result is unexpected
2015-12-10 19:45:04,753 24866 ERROR    [tempest.scenario.manager] Public network connectivity check failed
2015-12-10 19:45:04.753 24866 ERROR tempest.scenario.manager Traceback (most recent call last):
2015-12-10 19:45:04.753 24866 ERROR tempest.scenario.manager   File "tempest/scenario/manager.py", line 606, in check_public_network_connectivity
2015-12-10 19:45:04.753 24866 ERROR tempest.scenario.manager     should_connect=should_connect)
2015-12-10 19:45:04.753 24866 ERROR tempest.scenario.manager   File "tempest/scenario/manager.py", line 590, in check_vm_connectivity
2015-12-10 19:45:04.753 24866 ERROR tempest.scenario.manager     msg=msg)
2015-12-10 19:45:04.753 24866 ERROR tempest.scenario.manager   File "/usr/local/lib/python2.7/dist-packages/unittest2/case.py", line 702, in assertTrue
2015-12-10 19:45:04.753 24866 ERROR tempest.scenario.manager     raise self.failureException(msg)
2015-12-10 19:45:04.753 24866 ERROR tempest.scenario.manager AssertionError: False is not true : Timed out waiting for 172.24.4.4 to become reachable
2015-12-10 19:45:04.753 24866 ERROR tempest.scenario.manager 
2015-12-10 19:45:05,015 24866 INFO     [tempest_lib.common.rest_client] Request (TestNetworkAdvancedServerOps:test_server_connectivity_pause_unpause): 200 POST http://10.0.2.15:8774/v2.1/43c62832348243c2b74f4c6198733679/servers/6e5b361e-b2e1-45e1-aa7b-fd875f2c615d/action 0.258s
2015-12-10 19:45:05,016 24866 DEBUG    [tempest_lib.common.rest_client] Request - Headers: {'Content-Type': 'application/json', 'Accept': 'application/json', 'X-Auth-Token': '&lt;omitted&gt;'}
        Body: {"os-getConsoleOutput": {}}
    Response - Headers: {'status': '200', 'content-length': '17429', 'x-compute-request-id': 'req-d044e374-5586-4114-9327-c4f67120f882', 'vary': 'X-OpenStack-Nova-API-Version', 'connection': 'close', 'x-openstack-nova-api-version': '2.1', 'date': 'Thu, 10 Dec 2015 19:45:05 GMT', 'content-type': 'application/json'}
        Body: {"output": "[    0.000000] Initializing cgroup subsys cpuset\n[    0.000000] Initializing cgroup subsys cpu\n[    0.000000] Linux version 3.2.0-80-virtual (buildd@batsu) (gcc version 4.6.3 (Ubuntu/Linaro 4.6.3-1ubuntu5) ) #116-Ubuntu SMP Mon Mar 23 17:28:52 UTC 2015 (Ubuntu 3.2.0-80.116-virtual 3.2.68)\n[    0.000000] Command line: root=/dev/vda console=tty0 console=ttyS0 no_timer_check\n[    0.000000] KERNEL supported cpus:\n[    0.000000]   Intel GenuineIntel\n[    0.000000]   AMD AuthenticAMD\n[    0.000000]   Centaur CentaurHauls\n[    0.000000] BIOS-provided physical RAM map:\n[    0.000000]  BIOS-e820: 0000000000000000 - 000000000009fc00 (usable)\n[    0.000000]  BIOS-e820: 000000000009fc00 - 00000000000a0000 (reserved)\n[    0.000000]  BIOS-e820: 00000000000f0000 - 0000000000100000 (reserved)\n[    0.000000]  BIOS-e820: 0000000000100000 - 0000000003ffe000 (usable)\n[    0.000000]  BIOS-e820: 0000000003ffe000 - 0000000004000000 (reserved)\n[    0.000000]  BIOS-e820: 00000000fffc0000 - 0000000100000000 (reserved)\n[    0.000000] NX (Execute Disable) protection: active\n[    0.000000] SMBIOS 2.4 present.\n[    0.000000] No AGP bridge found\n[    0.000000] last_pfn = 0x3ffe max_arch_pfn = 0x400000000\n[    0.000000] x86 PAT enabled: cpu 0, old 0x7040600070406, new 0x7010600070106\n[    0.000000] found SMP MP-table at [ffff8800000f0b00] f0b00\n[    0.000000] init_memory_mapping: 0000000000000000-0000000003ffe000\n[    0.000000] RAMDISK: 03c5e000 - 03ff0000\n[    0.000000] ACPI: RSDP 00000000000f0950 00014 (v00 BOCHS )\n[    0.000000] ACPI: RSDT 0000000003fffbc1 00034 (v01 BOCHS  BXPCRSDT 00000001 BXPC 00000001)\n[    0.000000] ACPI: FACP 0000000003fff1c0 00074 (v01 BOCHS  BXPCFACP 00000001 BXPC 00000001)\n[    0.000000] ACPI: DSDT 0000000003ffe040 01180 (v01 BOCHS  BXPCDSDT 00000001 BXPC 00000001)\n[    0.000000] ACPI: FACS 0000000003ffe000 00040\n[    0.000000] ACPI: SSDT 0000000003fff234 008DD (v01 BOCHS  BXPCSSDT 00000001 BXPC 00000001)\n[    0.000000] ACPI: APIC 0000000003fffb11 00078 (v01 BOCHS  BXPCAPIC 00000001 BXPC 00000001)\n[    0.000000] ACPI: HPET 0000000003fffb89 00038 (v01 BOCHS  BXPCHPET 00000001 BXPC 00000001)\n[    0.000000] No NUMA configuration found\n[    0.000000] Faking a node at 0000000000000000-0000000003ffe000\n[    0.000000] Initmem setup node 0 0000000000000000-0000000003ffe000\n[    0.000000]   NODE_DATA [0000000003ff6000 - 0000000003ffafff]\n[    0.000000] Zone PFN ranges:\n[    0.000000]   DMA      0x00000010 -&gt; 0x00001000\n[    0.000000]   DMA32    0x00001000 -&gt; 0x00100000\n[    0.000000]   Normal   empty\n[    0.000000] Movable zone start PFN for each node\n[    0.000000] early_node_map[2] active PFN ranges\n[    0.000000]     0: 0x00000010 -&gt; 0x0000009f\n[    0.000000]     0: 0x00000100 -&gt; 0x00003ffe\n[    0.000000] ACPI: PM-Timer IO Port: 0xb008\n[    0.000000] ACPI: LAPIC (acpi_id[0x00] lapic_id[0x00] enabled)\n[    0.000000] ACPI: LAPIC_NMI (acpi_id[0xff] dfl dfl lint[0x1])\n[    0.000000] ACPI: IOAPIC (id[0x00] address[0xfec00000] gsi_base[0])\n[    0.000000] IOAPIC[0]: apic_id 0, version 17, address 0xfec00000, GSI 0-23\n[    0.000000] ACPI: INT_SRC_OVR (bus 0 bus_irq 0 global_irq 2 dfl dfl)\n[    0.000000] ACPI: INT_SRC_OVR (bus 0 bus_irq 5 global_irq 5 high level)\n[    0.000000] ACPI: INT_SRC_OVR (bus 0 bus_irq 9 global_irq 9 high level)\n[    0.000000] ACPI: INT_SRC_OVR (bus 0 bus_irq 10 global_irq 10 high level)\n[    0.000000] ACPI: INT_SRC_OVR (bus 0 bus_irq 11 global_irq 11 high level)\n[    0.000000] Using ACPI (MADT) for SMP configuration information\n[    0.000000] ACPI: HPET id: 0x8086a201 base: 0xfed00000\n[    0.000000] SMP: Allowing 1 CPUs, 0 hotplug CPUs\n[    0.000000] PM: Registered nosave memory: 000000000009f000 - 00000000000a0000\n[    0.000000] PM: Registered nosave memory: 00000000000a0000 - 00000000000f0000\n[    0.000000] PM: Registered nosave memory: 00000000000f0000 - 0000000000100000\n[    0.000000] Allocating PCI resources starting at 4000000 (gap: 4000000:fbfc0000)\n[    0.000000] Booting paravirtualized kernel on bare hardware\n[    0.000000] setup_pe
2015-12-10 19:45:05,019 24866 DEBUG    [tempest.scenario.manager] Console output for 6e5b361e-b2e1-45e1-aa7b-fd875f2c615d
body=
[    0.000000] Initializing cgroup subsys cpuset
[    0.000000] Initializing cgroup subsys cpu
[    0.000000] Linux version 3.2.0-80-virtual (buildd@batsu) (gcc version 4.6.3 (Ubuntu/Linaro 4.6.3-1ubuntu5) ) #116-Ubuntu SMP Mon Mar 23 17:28:52 UTC 2015 (Ubuntu 3.2.0-80.116-virtual 3.2.68)
[    0.000000] Command line: root=/dev/vda console=tty0 console=ttyS0 no_timer_check
[    0.000000] KERNEL supported cpus:
[    0.000000]   Intel GenuineIntel
[    0.000000]   AMD AuthenticAMD
[    0.000000]   Centaur CentaurHauls
[    0.000000] BIOS-provided physical RAM map:
[    0.000000]  BIOS-e820: 0000000000000000 - 000000000009fc00 (usable)
[    0.000000]  BIOS-e820: 000000000009fc00 - 00000000000a0000 (reserved)
[    0.000000]  BIOS-e820: 00000000000f0000 - 0000000000100000 (reserved)
[    0.000000]  BIOS-e820: 0000000000100000 - 0000000003ffe000 (usable)
[    0.000000]  BIOS-e820: 0000000003ffe000 - 0000000004000000 (reserved)
[    0.000000]  BIOS-e820: 00000000fffc0000 - 0000000100000000 (reserved)
[    0.000000] NX (Execute Disable) protection: active
[    0.000000] SMBIOS 2.4 present.
[    0.000000] No AGP bridge found
[    0.000000] last_pfn = 0x3ffe max_arch_pfn = 0x400000000
[    0.000000] x86 PAT enabled: cpu 0, old 0x7040600070406, new 0x7010600070106
[    0.000000] found SMP MP-table at [ffff8800000f0b00] f0b00
[    0.000000] init_memory_mapping: 0000000000000000-0000000003ffe000
[    0.000000] RAMDISK: 03c5e000 - 03ff0000
[    0.000000] ACPI: RSDP 00000000000f0950 00014 (v00 BOCHS )
[    0.000000] ACPI: RSDT 0000000003fffbc1 00034 (v01 BOCHS  BXPCRSDT 00000001 BXPC 00000001)
[    0.000000] ACPI: FACP 0000000003fff1c0 00074 (v01 BOCHS  BXPCFACP 00000001 BXPC 00000001)
[    0.000000] ACPI: DSDT 0000000003ffe040 01180 (v01 BOCHS  BXPCDSDT 00000001 BXPC 00000001)
[    0.000000] ACPI: FACS 0000000003ffe000 00040
[    0.000000] ACPI: SSDT 0000000003fff234 008DD (v01 BOCHS  BXPCSSDT 00000001 BXPC 00000001)
[    0.000000] ACPI: APIC 0000000003fffb11 00078 (v01 BOCHS  BXPCAPIC 00000001 BXPC 00000001)
[    0.000000] ACPI: HPET 0000000003fffb89 00038 (v01 BOCHS  BXPCHPET 00000001 BXPC 00000001)
[    0.000000] No NUMA configuration found
[    0.000000] Faking a node at 0000000000000000-0000000003ffe000
[    0.000000] Initmem setup node 0 0000000000000000-0000000003ffe000
[    0.000000]   NODE_DATA [0000000003ff6000 - 0000000003ffafff]
[    0.000000] Zone PFN ranges:
[    0.000000]   DMA      0x00000010 -&gt; 0x00001000
[    0.000000]   DMA32    0x00001000 -&gt; 0x00100000
[    0.000000]   Normal   empty
[    0.000000] Movable zone start PFN for each node
[    0.000000] early_node_map[2] active PFN ranges
[    0.000000]     0: 0x00000010 -&gt; 0x0000009f
[    0.000000]     0: 0x00000100 -&gt; 0x00003ffe
[    0.000000] ACPI: PM-Timer IO Port: 0xb008
[    0.000000] ACPI: LAPIC (acpi_id[0x00] lapic_id[0x00] enabled)
[    0.000000] ACPI: LAPIC_NMI (acpi_id[0xff] dfl dfl lint[0x1])
[    0.000000] ACPI: IOAPIC (id[0x00] address[0xfec00000] gsi_base[0])
[    0.000000] IOAPIC[0]: apic_id 0, version 17, address 0xfec00000, GSI 0-23
[    0.000000] ACPI: INT_SRC_OVR (bus 0 bus_irq 0 global_irq 2 dfl dfl)
[    0.000000] ACPI: INT_SRC_OVR (bus 0 bus_irq 5 global_irq 5 high level)
[    0.000000] ACPI: INT_SRC_OVR (bus 0 bus_irq 9 global_irq 9 high level)
[    0.000000] ACPI: INT_SRC_OVR (bus 0 bus_irq 10 global_irq 10 high level)
[    0.000000] ACPI: INT_SRC_OVR (bus 0 bus_irq 11 global_irq 11 high level)
[    0.000000] Using ACPI (MADT) for SMP configuration information
[    0.000000] ACPI: HPET id: 0x8086a201 base: 0xfed00000
[    0.000000] SMP: Allowing 1 CPUs, 0 hotplug CPUs
[    0.000000] PM: Registered nosave memory: 000000000009f000 - 00000000000a0000
[    0.000000] PM: Registered nosave memory: 00000000000a0000 - 00000000000f0000
[    0.000000] PM: Registered nosave memory: 00000000000f0000 - 0000000000100000
[    0.000000] Allocating PCI resources starting at 4000000 (gap: 4000000:fbfc0000)
[    0.000000] Booting paravirtualized kernel on bare hardware
[    0.000000] setup_percpu: NR_CPUS:64 nr_cpumask_bits:64 nr_cpu_ids:1 nr_node_ids:1
[    0.000000] PERCPU: Embedded 27 pages/cpu @ffff880003a00000 s78848 r8192 d23552 u2097152
[    0.000000] Built 1 zonelists in Node order, mobility grouping on.  Total pages: 16008
[    0.000000] Policy zone: DMA32
[    0.000000] Kernel command line: root=/dev/vda console=tty0 console=ttyS0 no_timer_check
[    0.000000] PID hash table entries: 256 (order: -1, 2048 bytes)
[    0.000000] Checking aperture...
[    0.000000] No AGP bridge found
[    0.000000] Memory: 43492k/65528k available (6576k kernel code, 452k absent, 21584k reserved, 6620k data, 928k init)
[    0.000000] SLUB: Genslabs=15, HWalign=64, Order=0-3, MinObjects=0, CPUs=1, Nodes=1
[    0.000000] Hierarchical RCU implementation.
[    0.000000] 	RCU dyntick-idle grace-period acceleration is enabled.
[    0.000000] NR_IRQS:4352 nr_irqs:256 16
[    0.000000] Console: colour VGA+ 80x25
[    0.000000] console [tty0] enabled
[    0.000000] console [ttyS0] enabled
[    0.000000] allocated 1048576 bytes of page_cgroup
[    0.000000] please try 'cgroup_disable=memory' option if you don't want memory cgroups
[    0.000000] Fast TSC calibration failed
[    0.000000] TSC: Unable to calibrate against PIT
[    0.000000] TSC: using HPET reference calibration
[    0.000000] Detected 2292.964 MHz processor.
[    0.029290] Calibrating delay loop (skipped), value calculated using timer frequency.. 4585.92 BogoMIPS (lpj=9171856)
[    0.032794] pid_max: default: 32768 minimum: 301
[    0.043064] Security Framework initialized
[    0.048531] AppArmor: AppArmor initialized
[    0.049185] Yama: becoming mindful.
[    0.056141] Dentry cache hash table entries: 8192 (order: 4, 65536 bytes)
[    0.057656] Inode-cache hash table entries: 4096 (order: 3, 32768 bytes)
[    0.059242] Mount-cache hash table entries: 256
[    0.081941] Initializing cgroup subsys cpuacct
[    0.082955] Initializing cgroup subsys memory
[    0.084885] Initializing cgroup subsys devices
[    0.085772] Initializing cgroup subsys freezer
[    0.088139] Initializing cgroup subsys blkio
[    0.089056] Initializing cgroup subsys perf_event
[    0.093997] mce: CPU supports 10 MCE banks
[    0.097469] SMP alternatives: switching to UP code
[    0.530108] Freeing SMP alternatives: 24k freed
[    0.532371] ACPI: Core revision 20110623
[    0.584506] ftrace: allocating 26610 entries in 105 pages
[    0.629661] ..TIMER: vector=0x30 apic1=0 pin1=2 apic2=-1 pin2=-1
[    0.632120] CPU0: AMD QEMU Virtual CPU version 2.0.0 stepping 03
[    0.636039] Performance Events: Broken PMU hardware detected, using software events only.
[    0.645222] NMI watchdog disabled (cpu0): hardware events not enabled
[    0.647016] Brought up 1 CPUs
[    0.648245] Total of 1 processors activated (4585.92 BogoMIPS).
[    0.677101] devtmpfs: initialized
[    0.707047] EVM: security.selinux
[    0.708089] EVM: security.SMACK64
[    0.708535] EVM: security.capability
[    0.726790] print_constraints: dummy: 
[    0.729262] RTC time: 19:43:04, date: 12/10/15
[    0.732661] NET: Registered protocol family 16
[    0.741565] ACPI: bus type pci registered
[    0.744417] PCI: Using configuration type 1 for base access
[    0.774266] bio: create slab &lt;bio-0&gt; at 0
[    0.780456] ACPI: Added _OSI(Module Device)
[    0.781209] ACPI: Added _OSI(Processor Device)
[    0.781866] ACPI: Added _OSI(3.0 _SCP Extensions)
[    0.782494] ACPI: Added _OSI(Processor Aggregator Device)
[    0.852998] ACPI: Interpreter enabled
[    0.853685] ACPI: (supports S0 S3 S4 S5)
[    0.855053] ACPI: Using IOAPIC for interrupt routing
[    0.929691] ACPI: No dock devices found.
[    0.930286] HEST: Table not found.
[    0.930845] PCI: Using host bridge windows from ACPI; if necessary, use "pci=nocrs" and report a bug
[    0.938201] ACPI: PCI Root Bridge [PCI0] (domain 0000 [bus 00-ff])
[    0.943398] pci_root PNP0A03:00: host bridge window [io  0x0000-0x0cf7]
[    0.944171] pci_root PNP0A03:00: host bridge window [io  0x0d00-0xadff]
[    0.945118] pci_root PNP0A03:00: host bridge window [io  0xae0f-0xaeff]
[    0.945952] pci_root PNP0A03:00: host bridge window [io  0xaf20-0xafdf]
[    0.948110] pci_root PNP0A03:00: host bridge window [io  0xafe4-0xffff]
[    0.948979] pci_root PNP0A03:00: host bridge window [mem 0x000a0000-0x000bffff]
[    0.950789] pci_root PNP0A03:00: host bridge window [mem 0x04000000-0xfebfffff]
[    0.982327] pci 0000:00:01.3: quirk: [io  0xb000-0xb03f] claimed by PIIX4 ACPI
[    0.984192] pci 0000:00:01.3: quirk: [io  0xb100-0xb10f] claimed by PIIX4 SMB
[    1.064157]  pci0000:00: Unable to request _OSC control (_OSC support mask: 0x1e)
[    1.126412] ACPI: PCI Interrupt Link [LNKA] (IRQs 5 *10 11)
[    1.130293] ACPI: PCI Interrupt Link [LNKB] (IRQs 5 *10 11)
[    1.134256] ACPI: PCI Interrupt Link [LNKC] (IRQs 5 10 *11)
[    1.140205] ACPI: PCI Interrupt Link [LNKD] (IRQs 5 10 *11)
[    1.142842] ACPI: PCI Interrupt Link [LNKS] (IRQs *9)
[    1.152783] vgaarb: device added: PCI:0000:00:02.0,decodes=io+mem,owns=io+mem,locks=none
[    1.154089] vgaarb: loaded
[    1.154520] vgaarb: bridge control possible 0000:00:02.0
[    1.158467] i2c-core: driver [aat2870] using legacy suspend method
[    1.159216] i2c-core: driver [aat2870] using legacy resume method
[    1.162014] SCSI subsystem initialized
[    1.165995] usbcore: registered new interface driver usbfs
[    1.167033] usbcore: registered new interface driver hub
[    1.168745] usbcore: registered new device driver usb
[    1.173357] PCI: Using ACPI for IRQ routing
[    1.184420] NetLabel: Initializing
[    1.185041] NetLabel:  domain hash size = 128
[    1.185778] NetLabel:  protocols = UNLABELED CIPSOv4
[    1.188716] NetLabel:  unlabeled traffic allowed by default
[    1.193296] HPET: 3 timers in total, 0 timers will be used for per-cpu timer
[    1.194992] hpet0: at MMIO 0xfed00000, IRQs 2, 8, 0
[    1.196790] hpet0: 3 comparators, 64-bit 100.000000 MHz counter
[    1.212719] Switching to clocksource hpet
[    1.485941] AppArmor: AppArmor Filesystem Enabled
[    1.487509] pnp: PnP ACPI init
[    1.488124] ACPI: bus type pnp registered
[    1.521641] pnp: PnP ACPI: found 9 devices
[    1.522753] ACPI: ACPI bus type pnp unregistered
[    1.602495] NET: Registered protocol family 2
[    1.646667] IP route cache hash table entries: 512 (order: 0, 4096 bytes)
[    1.657848] TCP established hash table entries: 2048 (order: 3, 32768 bytes)
[    1.659290] TCP bind hash table entries: 2048 (order: 3, 32768 bytes)
[    1.661211] TCP: Hash tables configured (established 2048 bind 2048)
[    1.662433] TCP reno registered
[    1.663346] UDP hash table entries: 128 (order: 0, 4096 bytes)
[    1.666176] UDP-Lite hash table entries: 128 (order: 0, 4096 bytes)
[    1.670403] NET: Registered protocol family 1
[    1.671589] pci 0000:00:00.0: Limiting direct PCI/PCI transfers
[    1.673141] pci 0000:00:01.0: PIIX3: Enabling Passive Release
[    1.674413] pci 0000:00:01.0: Activating ISA DMA hang workarounds
[    1.679622] ACPI: PCI Interrupt Link [LNKD] enabled at IRQ 11
[    1.681233] pci 0000:00:01.2: PCI INT D -&gt; Link[LNKD] -&gt; GSI 11 (level, high) -&gt; IRQ 11
[    1.683529] pci 0000:00:01.2: PCI INT D disabled
[    1.710167] Trying to unpack rootfs image as initramfs...
[    1.728070] audit: initializing netlink socket (disabled)
[    1.731108] type=2000 audit(1449776584.728:1): initialized
[    2.015419] HugeTLB registered 2 MB page size, pre-allocated 0 pages
[    2.115476] VFS: Disk quotas dquot_6.5.2
[    2.117717] Dquot-cache hash table entries: 512 (order 0, 4096 bytes)
[    2.134561] fuse init (API version 7.17)
[    2.137889] msgmni has been set to 84
[    2.173112] Block layer SCSI generic (bsg) driver version 0.4 loaded (major 253)
[    2.181772] io scheduler noop registered
[    2.182356] io scheduler deadline registered (default)
[    2.183577] io scheduler cfq registered
[    2.187735] pci_hotplug: PCI Hot Plug PCI Core version: 0.5
[    2.191089] pciehp: PCI Express Hot Plug Controller Driver version: 0.4
[    2.197426] input: Power Button as /devices/LNXSYSTM:00/LNXPWRBN:00/input/input0
[    2.199222] ACPI: Power Button [PWRF]
[    2.254326] ERST: Table is not found!
[    2.254848] GHES: HEST is not enabled!
[    2.263303] ACPI: PCI Interrupt Link [LNKC] enabled at IRQ 10
[    2.264186] virtio-pci 0000:00:03.0: PCI INT A -&gt; Link[LNKC] -&gt; GSI 10 (level, high) -&gt; IRQ 10
[    2.267223] virtio-pci 0000:00:04.0: PCI INT A -&gt; Link[LNKD] -&gt; GSI 11 (level, high) -&gt; IRQ 11
[    2.286558] ACPI: PCI Interrupt Link [LNKA] enabled at IRQ 10
[    2.287435] virtio-pci 0000:00:05.0: PCI INT A -&gt; Link[LNKA] -&gt; GSI 10 (level, high) -&gt; IRQ 10
[    2.298497] Serial: 8250/16550 driver, 32 ports, IRQ sharing enabled
[    2.346360] serial8250: ttyS0 at I/O 0x3f8 (irq = 4) is a 16550A
[    2.441016] serial8250: ttyS1 at I/O 0x2f8 (irq = 3) is a 16550A
[    2.591083] 00:05: ttyS0 at I/O 0x3f8 (irq = 4) is a 16550A
[    2.679030] 00:06: ttyS1 at I/O 0x2f8 (irq = 3) is a 16550A
[    2.694089] Refined TSC clocksource calibration: 2293.051 MHz.
[    2.694964] Switching to clocksource tsc
[    2.718551] Linux agpgart interface v0.103
[    2.844263] brd: module loaded
[    2.886212] loop: module loaded
[    2.954987]  vda: unknown partition table
[    3.002949] scsi0 : ata_piix
[    3.006810] scsi1 : ata_piix
[    3.007875] ata1: PATA max MWDMA2 cmd 0x1f0 ctl 0x3f6 bmdma 0xc0a0 irq 14
[    3.009062] ata2: PATA max MWDMA2 cmd 0x170 ctl 0x376 bmdma 0xc0a8 irq 15
[    3.018930] Fixed MDIO Bus: probed
[    3.019504] tun: Universal TUN/TAP device driver, 1.6
[    3.021830] tun: (C) 1999-2004 Max Krasnyansky &lt;maxk@qualcomm.com&gt;
[    3.034990] PPP generic driver version 2.4.2
[    3.059857] ehci_hcd: USB 2.0 'Enhanced' Host Controller (EHCI) Driver
[    3.062357] ohci_hcd: USB 1.1 'Open' Host Controller (OHCI) Driver
[    3.063294] uhci_hcd: USB Universal Host Controller Interface driver
[    3.065560] uhci_hcd 0000:00:01.2: PCI INT D -&gt; Link[LNKD] -&gt; GSI 11 (level, high) -&gt; IRQ 11
[    3.069429] uhci_hcd 0000:00:01.2: UHCI Host Controller
[    3.085209] uhci_hcd 0000:00:01.2: new USB bus registered, assigned bus number 1
[    3.087275] uhci_hcd 0000:00:01.2: irq 11, io base 0x0000c040
[    3.118638] hub 1-0:1.0: USB hub found
[    3.119973] hub 1-0:1.0: 2 ports detected
[    3.127925] usbcore: registered new interface driver libusual
[    3.131991] i8042: PNP: PS/2 Controller [PNP0303:KBD,PNP0f13:MOU] at 0x60,0x64 irq 1,12
[    3.144694] serio: i8042 KBD port at 0x60,0x64 irq 1
[    3.147337] serio: i8042 AUX port at 0x60,0x64 irq 12
[    3.194776] mousedev: PS/2 mouse device common for all mice
[    3.206840] input: AT Translated Set 2 keyboard as /devices/platform/i8042/serio0/input/input1
[    3.211327] rtc_cmos 00:01: RTC can wake from S4
[    3.240019] rtc_cmos 00:01: rtc core: registered rtc_cmos as rtc0
[    3.244553] rtc0: alarms up to one day, 114 bytes nvram, hpet irqs
[    3.248879] device-mapper: uevent: version 1.0.3
[    3.269934] ata2.01: ATAPI: QEMU DVD-ROM, 2.0.0, max UDMA/100
[    3.283021] ata2.01: configured for MWDMA2
[    3.287618] device-mapper: ioctl: 4.22.0-ioctl (2011-10-19) initialised: dm-devel@redhat.com
[    3.290749] cpuidle: using governor ladder
[    3.291810] cpuidle: using governor menu
[    3.293333] EFI Variables Facility v0.08 2004-May-17
[    3.306344] TCP cubic registered
[    3.310421] NET: Registered protocol family 10
[    3.338970] NET: Registered protocol family 17
[    3.339962] Registering the dns_resolver key type
[    3.373568] scsi 1:0:1:0: CD-ROM            QEMU     QEMU DVD-ROM     2.0. PQ: 0 ANSI: 5
[    3.393990] sr0: scsi3-mmc drive: 4x/4x cd/rw xa/form2 tray
[    3.398908] cdrom: Uniform CD-ROM driver Revision: 3.20
[    3.459957] Freeing initrd memory: 3656k freed
[    3.479490] sr 1:0:1:0: Attached scsi generic sg0 type 5
[    3.488567] registered taskstats version 1
[    3.986311]   Magic number: 11:488:748
[    3.998828] rtc_cmos 00:01: setting system clock to 2015-12-10 19:43:07 UTC (1449776587)
[    4.001803] powernow-k8: Processor cpuid 663 not supported
[    4.010539] BIOS EDD facility v0.16 2004-Jun-25, 0 devices found
[    4.013424] EDD information not available.
[    4.097305] Freeing unused kernel memory: 928k freed
[    4.106716] Write protecting the kernel read-only data: 12288k
[    4.258598] Freeing unused kernel memory: 1596k freed
[    4.356474] Freeing unused kernel memory: 1184k freed

info: initramfs: up at 4.56
modprobe: module virtio_blk not found in modules.dep
modprobe: module virtio_net not found in modules.dep
info: copying initramfs to /dev/vda
info: initramfs loading root from /dev/vda
info: /etc/init.d/rc.sysinit: up at 9.32
info: container: none
Starting logging: OK
modprobe: module virtio_blk not found in modules.dep
modprobe: module virtio_net not found in modules.dep
WARN: /etc/rc3.d/S10-load-modules failed
Initializing random number generator... done.
Starting acpid: OK
cirros-ds 'local' up at 11.84
found datasource (configdrive, local)
Starting network...
udhcpc (v1.20.1) started
Sending discover...
Sending discover...

2015-12-10 19:45:05,288 24866 INFO     [tempest_lib.common.rest_client] Request (TestNetworkAdvancedServerOps:_run_cleanups): 204 DELETE http://10.0.2.15:9696/v2.0/floatingips/8f3734ea-559a-404b-95be-f0c44463400f 0.261s
2015-12-10 19:45:05,288 24866 DEBUG    [tempest_lib.common.rest_client] Request - Headers: {'Content-Type': 'application/json', 'Accept': 'application/json', 'X-Auth-Token': '&lt;omitted&gt;'}
        Body: None
    Response - Headers: {'date': 'Thu, 10 Dec 2015 19:45:05 GMT', 'status': '204', 'connection': 'close', 'content-length': '0', 'x-openstack-request-id': 'req-5956c96a-4a8c-4efd-be60-7ec97a849737'}
        Body: 
2015-12-10 19:45:05,492 24866 INFO     [tempest_lib.common.rest_client] Request (TestNetworkAdvancedServerOps:_run_cleanups): 204 DELETE http://10.0.2.15:8774/v2.1/43c62832348243c2b74f4c6198733679/servers/6e5b361e-b2e1-45e1-aa7b-fd875f2c615d 0.202s
2015-12-10 19:45:05,492 24866 DEBUG    [tempest_lib.common.rest_client] Request - Headers: {'Content-Type': 'application/json', 'Accept': 'application/json', 'X-Auth-Token': '&lt;omitted&gt;'}
        Body: None
    Response - Headers: {'status': '204', 'content-length': '0', 'x-compute-request-id': 'req-45c5680d-b634-4be3-8654-382e17abb0f9', 'vary': 'X-OpenStack-Nova-API-Version', 'connection': 'close', 'x-openstack-nova-api-version': '2.1', 'date': 'Thu, 10 Dec 2015 19:45:05 GMT', 'content-type': 'application/json'}
        Body: 
2015-12-10 19:45:05,712 24866 INFO     [tempest_lib.common.rest_client] Request (TestNetworkAdvancedServerOps:_run_cleanups): 200 GET http://10.0.2.15:8774/v2.1/43c62832348243c2b74f4c6198733679/servers/6e5b361e-b2e1-45e1-aa7b-fd875f2c615d 0.219s
2015-12-10 19:45:05,713 24866 DEBUG    [tempest_lib.common.rest_client] Request - Headers: {'Content-Type': 'application/json', 'Accept': 'application/json', 'X-Auth-Token': '&lt;omitted&gt;'}
        Body: None
    Response - Headers: {'status': '200', 'content-length': '1784', 'content-location': 'http://10.0.2.15:8774/v2.1/43c62832348243c2b74f4c6198733679/servers/6e5b361e-b2e1-45e1-aa7b-fd875f2c615d', 'x-compute-request-id': 'req-31f01167-c211-4414-bf90-ba6ed2674bee', 'vary': 'X-OpenStack-Nova-API-Version', 'connection': 'close', 'x-openstack-nova-api-version': '2.1', 'date': 'Thu, 10 Dec 2015 19:45:05 GMT', 'content-type': 'application/json'}
        Body: {"server": {"status": "ACTIVE", "updated": "2015-12-10T19:45:05Z", "hostId": "b8ef2b9c3cba563b3e19ff6bd35860bb382e9ca6936e1ca061dee38c", "addresses": {"tempest-network-smoke--514862804": [{"OS-EXT-IPS-MAC:mac_addr": "fa:16:3e:19:dd:8c", "version": 4, "addr": "10.100.0.3", "OS-EXT-IPS:type": "fixed"}, {"OS-EXT-IPS-MAC:mac_addr": "fa:16:3e:19:dd:8c", "version": 4, "addr": "172.24.4.4", "OS-EXT-IPS:type": "floating"}]}, "links": [{"href": "http://10.0.2.15:8774/v2.1/43c62832348243c2b74f4c6198733679/servers/6e5b361e-b2e1-45e1-aa7b-fd875f2c615d", "rel": "self"}, {"href": "http://10.0.2.15:8774/43c62832348243c2b74f4c6198733679/servers/6e5b361e-b2e1-45e1-aa7b-fd875f2c615d", "rel": "bookmark"}], "key_name": "tempest-TestNetworkAdvancedServerOps-1389511722", "image": {"id": "1dbee528-ceb8-44d6-b5e7-7372a72a6db1", "links": [{"href": "http://10.0.2.15:8774/43c62832348243c2b74f4c6198733679/images/1dbee528-ceb8-44d6-b5e7-7372a72a6db1", "rel": "bookmark"}]}, "OS-EXT-STS:task_state": "deleting", "OS-EXT-STS:vm_state": "active", "OS-SRV-USG:launched_at": "2015-12-10T19:43:00.000000", "flavor": {"id": "42", "links": [{"href": "http://10.0.2.15:8774/43c62832348243c2b74f4c6198733679/flavors/42", "rel": "bookmark"}]}, "id": "6e5b361e-b2e1-45e1-aa7b-fd875f2c615d", "security_groups": [{"name": "tempest-secgroup-smoke-1387075018"}], "OS-SRV-USG:terminated_at": null, "OS-EXT-AZ:availability_zone": "nova", "user_id": "90b7e82662274aa89071750cefc7443c", "name": "tempest.common.compute-instance-474594138", "created": "2015-12-10T19:42:56Z", "tenant_id": "43c62832348243c2b74f4c6198733679", "OS-DCF:diskConfig": "MANUAL", "os-extended-volumes:volumes_attached": [], "accessIPv4": "", "accessIPv6": "", "progress": 0, "OS-EXT-STS:power_state": 1, "config_drive": "True", "metadata": {}}}
2015-12-10 19:45:06,859 24866 INFO     [tempest_lib.common.rest_client] Request (TestNetworkAdvancedServerOps:_run_cleanups): 200 GET http://10.0.2.15:8774/v2.1/43c62832348243c2b74f4c6198733679/servers/6e5b361e-b2e1-45e1-aa7b-fd875f2c615d 0.129s
2015-12-10 19:45:06,860 24866 DEBUG    [tempest_lib.common.rest_client] Request - Headers: {'Content-Type': 'application/json', 'Accept': 'application/json', 'X-Auth-Token': '&lt;omitted&gt;'}
        Body: None
    Response - Headers: {'status': '200', 'content-length': '1449', 'content-location': 'http://10.0.2.15:8774/v2.1/43c62832348243c2b74f4c6198733679/servers/6e5b361e-b2e1-45e1-aa7b-fd875f2c615d', 'x-compute-request-id': 'req-343b2de6-7277-4970-a9bc-4455508cf854', 'vary': 'X-OpenStack-Nova-API-Version', 'connection': 'close', 'x-openstack-nova-api-version': '2.1', 'date': 'Thu, 10 Dec 2015 19:45:06 GMT', 'content-type': 'application/json'}
        Body: {"server": {"status": "ACTIVE", "updated": "2015-12-10T19:45:06Z", "hostId": "b8ef2b9c3cba563b3e19ff6bd35860bb382e9ca6936e1ca061dee38c", "addresses": {}, "links": [{"href": "http://10.0.2.15:8774/v2.1/43c62832348243c2b74f4c6198733679/servers/6e5b361e-b2e1-45e1-aa7b-fd875f2c615d", "rel": "self"}, {"href": "http://10.0.2.15:8774/43c62832348243c2b74f4c6198733679/servers/6e5b361e-b2e1-45e1-aa7b-fd875f2c615d", "rel": "bookmark"}], "key_name": "tempest-TestNetworkAdvancedServerOps-1389511722", "image": {"id": "1dbee528-ceb8-44d6-b5e7-7372a72a6db1", "links": [{"href": "http://10.0.2.15:8774/43c62832348243c2b74f4c6198733679/images/1dbee528-ceb8-44d6-b5e7-7372a72a6db1", "rel": "bookmark"}]}, "OS-EXT-STS:task_state": "deleting", "OS-EXT-STS:vm_state": "active", "OS-SRV-USG:launched_at": "2015-12-10T19:43:00.000000", "flavor": {"id": "42", "links": [{"href": "http://10.0.2.15:8774/43c62832348243c2b74f4c6198733679/flavors/42", "rel": "bookmark"}]}, "id": "6e5b361e-b2e1-45e1-aa7b-fd875f2c615d", "OS-SRV-USG:terminated_at": null, "OS-EXT-AZ:availability_zone": "nova", "user_id": "90b7e82662274aa89071750cefc7443c", "name": "tempest.common.compute-instance-474594138", "created": "2015-12-10T19:42:56Z", "tenant_id": "43c62832348243c2b74f4c6198733679", "OS-DCF:diskConfig": "MANUAL", "os-extended-volumes:volumes_attached": [], "accessIPv4": "", "accessIPv6": "", "progress": 0, "OS-EXT-STS:power_state": 1, "config_drive": "True", "metadata": {}}}
2015-12-10 19:45:07,961 24866 INFO     [tempest_lib.common.rest_client] Request (TestNetworkAdvancedServerOps:_run_cleanups): 404 GET http://10.0.2.15:8774/v2.1/43c62832348243c2b74f4c6198733679/servers/6e5b361e-b2e1-45e1-aa7b-fd875f2c615d 0.090s
2015-12-10 19:45:07,961 24866 DEBUG    [tempest_lib.common.rest_client] Request - Headers: {'Content-Type': 'application/json', 'Accept': 'application/json', 'X-Auth-Token': '&lt;omitted&gt;'}
        Body: None
    Response - Headers: {'status': '404', 'content-length': '111', 'x-compute-request-id': 'req-7f2d0cbe-b1a7-40ac-99ed-90c07f921a69', 'vary': 'X-OpenStack-Nova-API-Version', 'connection': 'close', 'x-openstack-nova-api-version': '2.1', 'date': 'Thu, 10 Dec 2015 19:45:07 GMT', 'content-type': 'application/json; charset=UTF-8'}
        Body: {"itemNotFound": {"message": "Instance 6e5b361e-b2e1-45e1-aa7b-fd875f2c615d could not be found.", "code": 404}}
2015-12-10 19:45:08,419 24866 INFO     [tempest_lib.common.rest_client] Request (TestNetworkAdvancedServerOps:_run_cleanups): 200 PUT http://10.0.2.15:9696/v2.0/routers/305f3ada-a63d-4091-afd7-a4c8d905b182/remove_router_interface 0.457s
2015-12-10 19:45:08,420 24866 DEBUG    [tempest_lib.common.rest_client] Request - Headers: {'Content-Type': 'application/json', 'Accept': 'application/json', 'X-Auth-Token': '&lt;omitted&gt;'}
        Body: {"subnet_id": "5359e247-063b-4b33-9811-d76769acf38a"}
    Response - Headers: {'status': '200', 'content-length': '255', 'connection': 'close', 'date': 'Thu, 10 Dec 2015 19:45:08 GMT', 'content-type': 'application/json; charset=UTF-8', 'x-openstack-request-id': 'req-fdd57148-98e0-4e2e-ae2d-4cd709b8eb09'}
        Body: {"subnet_id": "5359e247-063b-4b33-9811-d76769acf38a", "tenant_id": "43c62832348243c2b74f4c6198733679", "subnet_ids": ["5359e247-063b-4b33-9811-d76769acf38a"], "port_id": "5d609644-6ad0-4ece-9b74-84fa28f2590a", "id": "305f3ada-a63d-4091-afd7-a4c8d905b182"}
2015-12-10 19:45:08,972 24866 INFO     [tempest_lib.common.rest_client] Request (TestNetworkAdvancedServerOps:_run_cleanups): 204 DELETE http://10.0.2.15:9696/v2.0/subnets/5359e247-063b-4b33-9811-d76769acf38a 0.551s
2015-12-10 19:45:08,972 24866 DEBUG    [tempest_lib.common.rest_client] Request - Headers: {'Content-Type': 'application/json', 'Accept': 'application/json', 'X-Auth-Token': '&lt;omitted&gt;'}
        Body: None
    Response - Headers: {'date': 'Thu, 10 Dec 2015 19:45:08 GMT', 'status': '204', 'connection': 'close', 'content-length': '0', 'x-openstack-request-id': 'req-041f5f34-9544-4959-9f3e-906eec10da87'}
        Body: 
2015-12-10 19:45:09,188 24866 INFO     [tempest_lib.common.rest_client] Request (TestNetworkAdvancedServerOps:_run_cleanups): 200 GET http://10.0.2.15:9696/v2.0/routers/305f3ada-a63d-4091-afd7-a4c8d905b182 0.215s
2015-12-10 19:45:09,189 24866 DEBUG    [tempest_lib.common.rest_client] Request - Headers: {'Content-Type': 'application/json', 'Accept': 'application/json', 'X-Auth-Token': '&lt;omitted&gt;'}
        Body: None
    Response - Headers: {'status': '200', 'content-length': '564', 'content-location': 'http://10.0.2.15:9696/v2.0/routers/305f3ada-a63d-4091-afd7-a4c8d905b182', 'connection': 'close', 'date': 'Thu, 10 Dec 2015 19:45:09 GMT', 'content-type': 'application/json; charset=UTF-8', 'x-openstack-request-id': 'req-7a348b32-c66b-4263-b0ef-eb5903b86599'}
        Body: {"router": {"status": "ACTIVE", "external_gateway_info": {"network_id": "9bd6157a-7d2d-4efd-b641-6ef3e37c9750", "enable_snat": true, "external_fixed_ips": [{"subnet_id": "e2dd15e3-0ad5-4692-a694-69fbf43b87bd", "ip_address": "172.24.4.3"}, {"subnet_id": "7c0a4c9e-de0c-4824-9093-49d7eedcca24", "ip_address": "2001:db8::4"}]}, "availability_zone_hints": [], "availability_zones": ["nova"], "name": "tempest-router-smoke-1587123235", "admin_state_up": true, "tenant_id": "43c62832348243c2b74f4c6198733679", "routes": [], "id": "305f3ada-a63d-4091-afd7-a4c8d905b182"}}
2015-12-10 19:45:09,640 24866 INFO     [tempest_lib.common.rest_client] Request (TestNetworkAdvancedServerOps:_run_cleanups): 200 PUT http://10.0.2.15:9696/v2.0/routers/305f3ada-a63d-4091-afd7-a4c8d905b182 0.450s
2015-12-10 19:45:09,640 24866 DEBUG    [tempest_lib.common.rest_client] Request - Headers: {'Content-Type': 'application/json', 'Accept': 'application/json', 'X-Auth-Token': '&lt;omitted&gt;'}
        Body: {"router": {"external_gateway_info": {}, "name": "tempest-router-smoke-1587123235", "admin_state_up": true}}
    Response - Headers: {'status': '200', 'content-length': '302', 'connection': 'close', 'date': 'Thu, 10 Dec 2015 19:45:09 GMT', 'content-type': 'application/json; charset=UTF-8', 'x-openstack-request-id': 'req-5055f6c6-562f-4eb3-9b83-3c0ae370bf78'}
        Body: {"router": {"status": "ACTIVE", "external_gateway_info": null, "availability_zone_hints": [], "availability_zones": ["nova"], "name": "tempest-router-smoke-1587123235", "admin_state_up": true, "tenant_id": "43c62832348243c2b74f4c6198733679", "routes": [], "id": "305f3ada-a63d-4091-afd7-a4c8d905b182"}}
2015-12-10 19:45:09,863 24866 INFO     [tempest_lib.common.rest_client] Request (TestNetworkAdvancedServerOps:_run_cleanups): 204 DELETE http://10.0.2.15:9696/v2.0/routers/305f3ada-a63d-4091-afd7-a4c8d905b182 0.222s
2015-12-10 19:45:09,864 24866 DEBUG    [tempest_lib.common.rest_client] Request - Headers: {'Content-Type': 'application/json', 'Accept': 'application/json', 'X-Auth-Token': '&lt;omitted&gt;'}
        Body: None
    Response - Headers: {'date': 'Thu, 10 Dec 2015 19:45:09 GMT', 'status': '204', 'connection': 'close', 'content-length': '0', 'x-openstack-request-id': 'req-5459a8dc-4972-4e48-82e4-3af3c8b85b69'}
        Body: 
2015-12-10 19:45:10,078 24866 INFO     [tempest_lib.common.rest_client] Request (TestNetworkAdvancedServerOps:_run_cleanups): 204 DELETE http://10.0.2.15:9696/v2.0/networks/eebe0e07-5c37-481b-ada3-138421be0b33 0.214s
2015-12-10 19:45:10,079 24866 DEBUG    [tempest_lib.common.rest_client] Request - Headers: {'Content-Type': 'application/json', 'Accept': 'application/json', 'X-Auth-Token': '&lt;omitted&gt;'}
        Body: None
    Response - Headers: {'date': 'Thu, 10 Dec 2015 19:45:10 GMT', 'status': '204', 'connection': 'close', 'content-length': '0', 'x-openstack-request-id': 'req-b78217a3-c874-4e74-bb0a-14ab6e0b8707'}
        Body: 
2015-12-10 19:45:10,144 24866 INFO     [tempest_lib.common.rest_client] Request (TestNetworkAdvancedServerOps:_run_cleanups): 204 DELETE http://10.0.2.15:9696/v2.0/security-group-rules/2bd19dfc-d03c-4416-8536-6d8d7c23d7a5 0.063s
2015-12-10 19:45:10,144 24866 DEBUG    [tempest_lib.common.rest_client] Request - Headers: {'Content-Type': 'application/json', 'Accept': 'application/json', 'X-Auth-Token': '&lt;omitted&gt;'}
        Body: None
    Response - Headers: {'date': 'Thu, 10 Dec 2015 19:45:10 GMT', 'status': '204', 'connection': 'close', 'content-length': '0', 'x-openstack-request-id': 'req-e8f59c98-c43d-4165-a03a-4da998538da8'}
        Body: 
2015-12-10 19:45:10,207 24866 INFO     [tempest_lib.common.rest_client] Request (TestNetworkAdvancedServerOps:_run_cleanups): 204 DELETE http://10.0.2.15:9696/v2.0/security-group-rules/c6bec647-6548-4721-9d87-1d2edd9bd82e 0.061s
2015-12-10 19:45:10,207 24866 DEBUG    [tempest_lib.common.rest_client] Request - Headers: {'Content-Type': 'application/json', 'Accept': 'application/json', 'X-Auth-Token': '&lt;omitted&gt;'}
        Body: None
    Response - Headers: {'date': 'Thu, 10 Dec 2015 19:45:10 GMT', 'status': '204', 'connection': 'close', 'content-length': '0', 'x-openstack-request-id': 'req-2e73926a-2caf-4327-a774-d6ddfee75a99'}
        Body: 
2015-12-10 19:45:10,262 24866 INFO     [tempest_lib.common.rest_client] Request (TestNetworkAdvancedServerOps:_run_cleanups): 204 DELETE http://10.0.2.15:9696/v2.0/security-group-rules/c4ecc24e-d76c-4ffe-a0c9-c0ac30b963ab 0.053s
2015-12-10 19:45:10,262 24866 DEBUG    [tempest_lib.common.rest_client] Request - Headers: {'Content-Type': 'application/json', 'Accept': 'application/json', 'X-Auth-Token': '&lt;omitted&gt;'}
        Body: None
    Response - Headers: {'date': 'Thu, 10 Dec 2015 19:45:10 GMT', 'status': '204', 'connection': 'close', 'content-length': '0', 'x-openstack-request-id': 'req-6a6aa36a-d40b-43af-bd13-1e213b7078fb'}
        Body: 
2015-12-10 19:45:10,317 24866 INFO     [tempest_lib.common.rest_client] Request (TestNetworkAdvancedServerOps:_run_cleanups): 204 DELETE http://10.0.2.15:9696/v2.0/security-group-rules/11cb516b-7e34-4344-a0b0-cd9ceb2015bc 0.055s
2015-12-10 19:45:10,318 24866 DEBUG    [tempest_lib.common.rest_client] Request - Headers: {'Content-Type': 'application/json', 'Accept': 'application/json', 'X-Auth-Token': '&lt;omitted&gt;'}
        Body: None
    Response - Headers: {'date': 'Thu, 10 Dec 2015 19:45:10 GMT', 'status': '204', 'connection': 'close', 'content-length': '0', 'x-openstack-request-id': 'req-7924deca-64c7-41cb-934a-23fbb8601511'}
        Body: 
2015-12-10 19:45:10,372 24866 INFO     [tempest_lib.common.rest_client] Request (TestNetworkAdvancedServerOps:_run_cleanups): 204 DELETE http://10.0.2.15:9696/v2.0/security-group-rules/8e5931b4-da45-426f-8ffb-8ca5c0bf4e7f 0.054s
2015-12-10 19:45:10,373 24866 DEBUG    [tempest_lib.common.rest_client] Request - Headers: {'Content-Type': 'application/json', 'Accept': 'application/json', 'X-Auth-Token': '&lt;omitted&gt;'}
        Body: None
    Response - Headers: {'date': 'Thu, 10 Dec 2015 19:45:10 GMT', 'status': '204', 'connection': 'close', 'content-length': '0', 'x-openstack-request-id': 'req-5dc11130-93e0-4950-b318-29a92800a953'}
        Body: 
2015-12-10 19:45:10,436 24866 INFO     [tempest_lib.common.rest_client] Request (TestNetworkAdvancedServerOps:_run_cleanups): 204 DELETE http://10.0.2.15:9696/v2.0/security-group-rules/2898be16-db02-4bdd-ae5e-00d1a0d18546 0.062s
2015-12-10 19:45:10,437 24866 DEBUG    [tempest_lib.common.rest_client] Request - Headers: {'Content-Type': 'application/json', 'Accept': 'application/json', 'X-Auth-Token': '&lt;omitted&gt;'}
        Body: None
    Response - Headers: {'date': 'Thu, 10 Dec 2015 19:45:10 GMT', 'status': '204', 'connection': 'close', 'content-length': '0', 'x-openstack-request-id': 'req-18226b3b-6f36-43b4-a4cf-474249345d55'}
        Body: 
2015-12-10 19:45:10,533 24866 INFO     [tempest_lib.common.rest_client] Request (TestNetworkAdvancedServerOps:_run_cleanups): 204 DELETE http://10.0.2.15:9696/v2.0/security-groups/11916021-b8bc-404b-a54a-36f59c1b95f4 0.095s
2015-12-10 19:45:10,534 24866 DEBUG    [tempest_lib.common.rest_client] Request - Headers: {'Content-Type': 'application/json', 'Accept': 'application/json', 'X-Auth-Token': '&lt;omitted&gt;'}
        Body: None
    Response - Headers: {'date': 'Thu, 10 Dec 2015 19:45:10 GMT', 'status': '204', 'connection': 'close', 'content-length': '0', 'x-openstack-request-id': 'req-3b6318b4-2876-4259-aa20-48b6182badf1'}
        Body: 
2015-12-10 19:45:10,556 24866 INFO     [tempest_lib.common.rest_client] Request (TestNetworkAdvancedServerOps:_run_cleanups): 202 DELETE http://10.0.2.15:8774/v2.1/43c62832348243c2b74f4c6198733679/os-keypairs/tempest-TestNetworkAdvancedServerOps-1389511722 0.021s
2015-12-10 19:45:10,557 24866 DEBUG    [tempest_lib.common.rest_client] Request - Headers: {'Content-Type': 'application/json', 'Accept': 'application/json', 'X-Auth-Token': '&lt;omitted&gt;'}
        Body: None
    Response - Headers: {'status': '202', 'content-length': '0', 'x-compute-request-id': 'req-5104c937-02c4-4cae-be4b-140f5cffa41a', 'vary': 'X-OpenStack-Nova-API-Version', 'connection': 'close', 'x-openstack-nova-api-version': '2.1', 'date': 'Thu, 10 Dec 2015 19:45:10 GMT', 'content-type': 'application/json'}
        Body: 
2015-12-10 19:45:10,641 24866 INFO     [tempest_lib.common.rest_client] Request (TestNetworkAdvancedServerOps:_run_cleanups): 404 GET http://10.0.2.15:8774/v2.1/43c62832348243c2b74f4c6198733679/servers/6e5b361e-b2e1-45e1-aa7b-fd875f2c615d 0.083s
2015-12-10 19:45:10,641 24866 DEBUG    [tempest_lib.common.rest_client] Request - Headers: {'Content-Type': 'application/json', 'Accept': 'application/json', 'X-Auth-Token': '&lt;omitted&gt;'}
        Body: None
    Response - Headers: {'status': '404', 'content-length': '111', 'x-compute-request-id': 'req-a92eb855-69cb-4e47-aa2d-803a9dfe834a', 'vary': 'X-OpenStack-Nova-API-Version', 'connection': 'close', 'x-openstack-nova-api-version': '2.1', 'date': 'Thu, 10 Dec 2015 19:45:10 GMT', 'content-type': 'application/json; charset=UTF-8'}
        Body: {"itemNotFound": {"message": "Instance 6e5b361e-b2e1-45e1-aa7b-fd875f2c615d could not be found.", "code": 404}}
}}}

Traceback (most recent call last):
  File "tempest/test.py", line 113, in wrapper
    return f(self, *func_args, **func_kwargs)
  File "tempest/scenario/test_network_advanced_server_ops.py", line 134, in test_server_connectivity_pause_unpause
    server, keypair, floating_ip = self._setup_network_and_servers()
  File "tempest/scenario/test_network_advanced_server_ops.py", line 71, in _setup_network_and_servers
    server, keypair, floating_ip)
  File "tempest/scenario/test_network_advanced_server_ops.py", line 95, in _wait_server_status_and_check_network_connectivity
    self._check_network_connectivity(server, keypair, floating_ip)
  File "tempest/scenario/test_network_advanced_server_ops.py", line 88, in _check_network_connectivity
    servers=[server])
  File "tempest/scenario/manager.py", line 606, in check_public_network_connectivity
    should_connect=should_connect)
  File "tempest/scenario/manager.py", line 590, in check_vm_connectivity
    msg=msg)
  File "/usr/local/lib/python2.7/dist-packages/unittest2/case.py", line 702, in assertTrue
    raise self.failureException(msg)
AssertionError: False is not true : Timed out waiting for 172.24.4.4 to become reachable



        </pre>
    </div>
    <!--css div popup end-->

    </td>
</tr>

<tr id='ft1.2' class='none'>
    <td class='failCase'><div class='testcase'>test_server_connectivity_reboot[compute,id-7b6860c2-afa3-4846-9522-adeb38dfbe08,network]</div></td>
    <td colspan='7' align='left'>

    <!--css div popup start-->
    <a class="popup_link" onfocus='this.blur();'
    href="javascript:showTestDetail('div_ft1.2')" >
        fail</a>

    <div id='div_ft1.2' class="popup_window">
        <div style='text-align: right; color:red;cursor:pointer'>
        <a onfocus='this.blur();'
onclick="document.getElementById('div_ft1.2').style.display = 'none' " >
           [x]</a>
        </div>
        <pre>
        
ft1.2: tempest.scenario.test_network_advanced_server_ops.TestNetworkAdvancedServerOps.test_server_connectivity_reboot[compute,id-7b6860c2-afa3-4846-9522-adeb38dfbe08,network]_StringException: Empty attachments:
  stderr
  stdout

pythonlogging:'': {{{
