<?xml version="1.0" encoding="UTF-8"?>
<!DOCTYPE html PUBLIC "-//W3C//DTD XHTML 1.0 Strict//EN"
     "http://www.w3.org/TR/xhtml1/DTD/xhtml1-strict.dtd">
<html xmlns="http://www.w3.org/1999/xhtml">
<head>
    <title>Unit Test Report</title>
    <meta name="generator" content="subunit2html 0.1"/>
    <meta http-equiv="Content-Type" content="text/html; charset=UTF-8"/>
    
<style type="text/css" media="screen">
body        { font-family: verdana, arial, helvetica, sans-serif;
    font-size: 80%; }
table       { font-size: 100%; width: 100%;}
pre         { font-size: 80%; }

/* -- heading -------------------------------------------------------------- */
h1 {
        font-size: 16pt;
        color: gray;
}
.heading {
    margin-top: 0ex;
    margin-bottom: 1ex;
}

.heading .attribute {
    margin-top: 1ex;
    margin-bottom: 0;
}

.heading .description {
    margin-top: 4ex;
    margin-bottom: 6ex;
}

/* -- css div popup -------------------------------------------------------- */
a.popup_link {
}

a.popup_link:hover {
    color: red;
}

.popup_window {
    display: none;
    overflow-x: scroll;
    /*border: solid #627173 1px; */
    padding: 10px;
    background-color: #E6E6D6;
    font-family: "Ubuntu Mono", "Lucida Console", "Courier New", monospace;
    text-align: left;
    font-size: 8pt;
}

}
/* -- report --------------------------------------------------------------- */
#show_detail_line {
    margin-top: 3ex;
    margin-bottom: 1ex;
}
#result_table {
    width: 100%;
    border-collapse: collapse;
    border: 1px solid #777;
}
#header_row {
    font-weight: bold;
    color: white;
    background-color: #777;
}
#result_table td {
    border: 1px solid #777;
    padding: 2px;
}
#total_row  { font-weight: bold; }
.passClass  { background-color: #6c6; }
.failClass  { background-color: #c60; }
.errorClass { background-color: #c00; }
.passCase   { color: #6c6; }
.failCase   { color: #c60; font-weight: bold; }
.errorCase  { color: #c00; font-weight: bold; }
.hiddenRow  { display: none; }
.testcase   { margin-left: 2em; }
td.testname {width: 40%}
td.small {width: 40px}

/* -- ending --------------------------------------------------------------- */
#ending {
}

</style>

</head>
<body>
<script language="javascript" type="text/javascript"><!--
output_list = Array();

/* level - 0:Summary; 1:Failed; 2:All */
function showCase(level) {
    trs = document.getElementsByTagName("tr");
    for (var i = 0; i < trs.length; i++) {
        tr = trs[i];
        id = tr.id;
        if (id.substr(0,2) == 'ft') {
            if (level < 1) {
                tr.className = 'hiddenRow';
            }
            else {
                tr.className = '';
            }
        }
        if (id.substr(0,2) == 'pt') {
            if (level > 1) {
                tr.className = '';
            }
            else {
                tr.className = 'hiddenRow';
            }
        }
    }
}


function showClassDetail(cid, count) {
    var id_list = Array(count);
    var toHide = 1;
    for (var i = 0; i < count; i++) {
        tid0 = 't' + cid.substr(1) + '.' + (i+1);
        tid = 'f' + tid0;
        tr = document.getElementById(tid);
        if (!tr) {
            tid = 'p' + tid0;
            tr = document.getElementById(tid);
        }
        id_list[i] = tid;
        if (tr.className) {
            toHide = 0;
        }
    }
    for (var i = 0; i < count; i++) {
        tid = id_list[i];
        if (toHide) {
            document.getElementById('div_'+tid).style.display = 'none'
            document.getElementById(tid).className = 'hiddenRow';
        }
        else {
            document.getElementById(tid).className = '';
        }
    }
}


function showTestDetail(div_id){
    var details_div = document.getElementById(div_id)
    var displayState = details_div.style.display
    // alert(displayState)
    if (displayState != 'block' ) {
        displayState = 'block'
        details_div.style.display = 'block'
    }
    else {
        details_div.style.display = 'none'
    }
}


function html_escape(s) {
    s = s.replace(/&/g,'&amp;');
    s = s.replace(/</g,'&lt;');
    s = s.replace(/>/g,'&gt;');
    return s;
}

/* obsoleted by detail in <div>
function showOutput(id, name) {
    var w = window.open("", //url
                    name,
                    "resizable,scrollbars,status,width=800,height=450");
    d = w.document;
    d.write("<pre>");
    d.write(html_escape(output_list[id]));
    d.write("\n");
    d.write("<a href='javascript:window.close()'>close</a>\n");
    d.write("</pre>\n");
    d.close();
}
*/
--></script>

<div class='heading'>
<h1>Unit Test Report</h1>

<p class='attribute'><strong>Status:</strong> Failure 6</p>

<p class='description'></p>
</div>



<p id='show_detail_line'>Show
<a href='javascript:showCase(0)'>Summary</a>
<a href='javascript:showCase(1)'>Failed</a>
<a href='javascript:showCase(2)'>All</a>
</p>
<table id='result_table'>
<colgroup>
<col align='left' />
<col align='right' />
<col align='right' />
<col align='right' />
<col align='right' />
<col align='right' />
<col align='right' />
<col align='right' />
</colgroup>
<tr id='header_row'>
    <td>Test Group/Test case</td>
    <td>Count</td>
    <td>Pass</td>
    <td>Fail</td>
    <td>Error</td>
    <td>Skip</td>
    <td>View</td>
    <td> </td>
</tr>

<tr class='failClass'>
    <td class="testname">tempest.scenario.test_network_advanced_server_ops.TestNetworkAdvancedServerOps</td>
    <td class="small">6</td>
    <td class="small">0</td>
    <td class="small">6</td>
    <td class="small">0</td>
    <td class="small">0</td>
    <td class="small"><a href="javascript:showClassDetail('c1',6)"
>Detail</a></td>
    <td> </td>
</tr>

<tr id='ft1.1' class='none'>
    <td class='failCase'><div class='testcase'>test_server_connectivity_pause_unpause[compute,id-2b2642db-6568-4b35-b812-eceed3fa20ce,network]</div></td>
    <td colspan='7' align='left'>

    <!--css div popup start-->
    <a class="popup_link" onfocus='this.blur();'
    href="javascript:showTestDetail('div_ft1.1')" >
        fail</a>

    <div id='div_ft1.1' class="popup_window">
        <div style='text-align: right; color:red;cursor:pointer'>
        <a onfocus='this.blur();'
onclick="document.getElementById('div_ft1.1').style.display = 'none' " >
           [x]</a>
        </div>
        <pre>
        
ft1.1: tempest.scenario.test_network_advanced_server_ops.TestNetworkAdvancedServerOps.test_server_connectivity_pause_unpause[compute,id-2b2642db-6568-4b35-b812-eceed3fa20ce,network]_StringException: Empty attachments:
  stderr
  stdout

pythonlogging:'': {{{
2015-12-24 18:43:43,013 21903 INFO     [tempest_lib.common.rest_client] Request (TestNetworkAdvancedServerOps:test_server_connectivity_pause_unpause): 200 POST http://10.0.2.15:8774/v2.1/f7ad799bfcca41daa613e6e012c0d6a6/os-keypairs 0.885s
2015-12-24 18:43:43,014 21903 DEBUG    [tempest_lib.common.rest_client] Request - Headers: {'Content-Type': 'application/json', 'Accept': 'application/json', 'X-Auth-Token': '&lt;omitted&gt;'}
        Body: {"keypair": {"name": "tempest-TestNetworkAdvancedServerOps-2050571381"}}
    Response - Headers: {'status': '200', 'content-length': '2330', 'x-compute-request-id': 'req-af33ca43-4073-48a9-a8a2-9130bf720db2', 'vary': 'X-OpenStack-Nova-API-Version', 'connection': 'close', 'x-openstack-nova-api-version': '2.1', 'date': 'Thu, 24 Dec 2015 18:43:43 GMT', 'content-type': 'application/json'}
        Body: {"keypair": {"public_key": "ssh-rsa AAAAB3NzaC1yc2EAAAADAQABAAABAQDFMiH+GJNPZQDUVYRmY1HTACLual/1Oghy/uBGbOZEyV8ma79ms0KMcsG73J3RpLalUuU0ZQaB87fUnyrsYGw6eV256CT40UalcgNgdvsBwreptk2BLBTAKw1Ru4++Pr6Z7nY610JHPupXIqsLkNimjOFVPO9SsBty/siod29pY8OxMUE6Y/kE9XIoufnMYeoCxsWxhLLScbWMXafEARE3nm7zKvexf4JgTHRz4IPAxCWwmKXHkCjEftQo08jIG2ozzn8QmJ9g0L6QZc86bPX9BHUlZSvnBdMS9SYxBo/J113EQ7gXCuDpjPjE5O+ghP8R4T6Ud7F0ETdIjP1/I87V Generated-by-Nova", "private_key": "-----BEGIN RSA PRIVATE KEY-----\nMIIEqAIBAAKCAQEAxTIh/hiTT2UA1FWEZmNR0wAi7mpf9ToIcv7gRmzmRMlfJmu/\nZrNCjHLBu9yd0aS2pVLlNGUGgfO31J8q7GBsOnlduegk+NFGpXIDYHb7AcK3qbZN\ngSwUwCsNUbuPvj6+me52OtdCRz7qVyKrC5DYpozhVTzvUrAbcv7IqHdvaWPDsTFB\nOmP5BPVyKLn5zGHqAsbFsYSy0nG1jF2nxAERN55u8yr3sX+CYEx0c+CDwMQlsJil\nx5AoxH7UKNPIyBtqM85/EJifYNC+kGXPOmz1/QR1JWUr5wXTEvUmMQaPydddxEO4\nFwrg6Yz4xOTvoIT/EeE+lHexdBE3SIz9fyPO1QIDAQABAoIBAAmsduxvKjLX4p2I\nAHHBZ48xT4VgpIp0KVvy0u/Bgd5X/pn06TPRkW8wZf6gSQGy0d70XRgf6JzRZvBA\nSqvD4ytPLuDi2YV3Rr7xA+dkjtW8RqRFtDGlBvOSaRncWKXdkB4fC5/BVZgHJxnV\nMozjsy0gdiFnVto4l3AhvZg+G7IQw6TWQA+Napb32tjEPMW7bKsfkKLVbgHPtkG6\nwg8X7bSNNK2a7UMPS92M2ud7F1N7K0L6Iqa4mUlVHrOF/pyGfwvgLEQ47aQHT6s9\nNVfEjjm2FDd1gvyyZk1HwyYkX3QlmqSljtK/ScaeZ5qo6ashsfy75hOP/4JLCf/Q\n9xTWrtUCggCBAMgwztWAViwk0ra7CJG6qvcIv5jJmKs2J4oUIq9b8YCYq3GTp36k\nRG5tp52PFe2pjBd4nJ1wTAL4/Iq1q2Y3P+fGMqGeI2Qd5jyZRRpX5N5LrkJru83d\n+UZXwmWBjunnmHyXH1lHVyTR4hh5OH/GpNzfMqTJFPkB0J3IHp+g21lbAoIAgQD8\nK5ckUTokHabZAApOgu2e7UTnwhgTdKhxRGRkoY1kJqPm7vPqmbo/b64enFTVbZMW\n4ulZklRPryEjvDMft7Tss0PJWYTtybpbips0sA5sZPNOtgU4mBuFCG5b4rSYOej6\now2jqgeeo1GEZrScwcydldOQCxTCnYaReI0H93a/jwKCAIBRn1zlviLkcssbSB0R\nVfvZJ07/W8sMm9L5QIZ321QXa6gTcfGL+CwSnlEGM83sDgIZm8q3go7rc1t8rt/I\nmGRM+wmvzct+SZaTRKbhO88MN+1AFa8IHCZD4QpY2r9LbWtF+VQF0cmdMJowAlTf\n/D1B9RswBvCvKmdFvc+GpE5rGwKCAIBJtCfp6n/W3H/Ovw9EIUp4gBr6riVBUoCF\nEptROlLMKesP7VmHgUUJk4fN1J2LAArUzp+rmXRhEevauQAsThJoeIDgkfSjV6nL\nZbi1bpvYnKzsnZDrGLI6cNtoqdtk/tAUqaGr619sw4lo7GfvxUkb6hW67TI1K7uQ\nOy7lXDPuCwKCAIEAng00GWoxWP9i91LR7WsyRADgSbz1Gy7uBYpyHDWQ6PGIpibq\n5uuGQqrYnZwVBzoBs7uMd9zhEqtnAdE2HMYXsQp4AyUWITRk9Mo5PMUZwG8isp6f\nmEmg6Bq5RV/OveeelXMkHpm0zptMy0bCiu1S1FJpue5/bgDHKAI4UGCTINo=\n-----END RSA PRIVATE KEY-----\n", "user_id": "85b0d6d3c65146958eae38d90f9eb161", "name": "tempest-TestNetworkAdvancedServerOps-2050571381", "fingerprint": "9e:6e:51:b4:7c:99:d9:4e:a1:c2:ce:34:8c:bf:b7:78"}}
2015-12-24 18:43:43,398 21903 INFO     [tempest_lib.common.rest_client] Request (TestNetworkAdvancedServerOps:test_server_connectivity_pause_unpause): 201 POST http://10.0.2.15:9696/v2.0/security-groups 0.380s
2015-12-24 18:43:43,399 21903 DEBUG    [tempest_lib.common.rest_client] Request - Headers: {'Content-Type': 'application/json', 'Accept': 'application/json', 'X-Auth-Token': '&lt;omitted&gt;'}
        Body: {"security_group": {"tenant_id": "f7ad799bfcca41daa613e6e012c0d6a6", "description": "tempest-secgroup-smoke-1401923563 description", "name": "tempest-secgroup-smoke-1401923563"}}
    Response - Headers: {'status': '201', 'content-length': '888', 'connection': 'close', 'date': 'Thu, 24 Dec 2015 18:43:43 GMT', 'content-type': 'application/json; charset=UTF-8', 'x-openstack-request-id': 'req-8ea79505-3bba-427d-af99-8b3d44cdcd89'}
        Body: {"security_group": {"tenant_id": "f7ad799bfcca41daa613e6e012c0d6a6", "description": "tempest-secgroup-smoke-1401923563 description", "id": "db9489d2-a1a3-497d-8357-c1861af8d276", "security_group_rules": [{"remote_group_id": null, "direction": "egress", "remote_ip_prefix": null, "protocol": null, "ethertype": "IPv4", "tenant_id": "f7ad799bfcca41daa613e6e012c0d6a6", "port_range_max": null, "port_range_min": null, "id": "c36a1c61-7a28-4721-9fda-50916d3cf2a4", "security_group_id": "db9489d2-a1a3-497d-8357-c1861af8d276"}, {"remote_group_id": null, "direction": "egress", "remote_ip_prefix": null, "protocol": null, "ethertype": "IPv6", "tenant_id": "f7ad799bfcca41daa613e6e012c0d6a6", "port_range_max": null, "port_range_min": null, "id": "68956ae2-3152-474d-90dd-6038d7fffb21", "security_group_id": "db9489d2-a1a3-497d-8357-c1861af8d276"}], "name": "tempest-secgroup-smoke-1401923563"}}
2015-12-24 18:43:43,525 21903 INFO     [tempest_lib.common.rest_client] Request (TestNetworkAdvancedServerOps:test_server_connectivity_pause_unpause): 201 POST http://10.0.2.15:9696/v2.0/security-group-rules 0.125s
2015-12-24 18:43:43,526 21903 DEBUG    [tempest_lib.common.rest_client] Request - Headers: {'Content-Type': 'application/json', 'Accept': 'application/json', 'X-Auth-Token': '&lt;omitted&gt;'}
        Body: {"security_group_rule": {"direction": "ingress", "protocol": "tcp", "tenant_id": "f7ad799bfcca41daa613e6e012c0d6a6", "port_range_max": 22, "security_group_id": "db9489d2-a1a3-497d-8357-c1861af8d276", "port_range_min": 22}}
    Response - Headers: {'status': '201', 'content-length': '340', 'connection': 'close', 'date': 'Thu, 24 Dec 2015 18:43:43 GMT', 'content-type': 'application/json; charset=UTF-8', 'x-openstack-request-id': 'req-bb74da91-ef2b-444a-a801-4868b1835eda'}
        Body: {"security_group_rule": {"remote_group_id": null, "direction": "ingress", "remote_ip_prefix": null, "protocol": "tcp", "ethertype": "IPv4", "tenant_id": "f7ad799bfcca41daa613e6e012c0d6a6", "port_range_max": 22, "port_range_min": 22, "id": "14cb020c-dd89-4808-8331-385c1b44b0bd", "security_group_id": "db9489d2-a1a3-497d-8357-c1861af8d276"}}
2015-12-24 18:43:43,648 21903 INFO     [tempest_lib.common.rest_client] Request (TestNetworkAdvancedServerOps:test_server_connectivity_pause_unpause): 201 POST http://10.0.2.15:9696/v2.0/security-group-rules 0.120s
2015-12-24 18:43:43,648 21903 DEBUG    [tempest_lib.common.rest_client] Request - Headers: {'Content-Type': 'application/json', 'Accept': 'application/json', 'X-Auth-Token': '&lt;omitted&gt;'}
        Body: {"security_group_rule": {"direction": "egress", "protocol": "tcp", "tenant_id": "f7ad799bfcca41daa613e6e012c0d6a6", "port_range_max": 22, "security_group_id": "db9489d2-a1a3-497d-8357-c1861af8d276", "port_range_min": 22}}
    Response - Headers: {'status': '201', 'content-length': '339', 'connection': 'close', 'date': 'Thu, 24 Dec 2015 18:43:43 GMT', 'content-type': 'application/json; charset=UTF-8', 'x-openstack-request-id': 'req-1a80962a-c8e8-4844-95e4-cbb072ac6403'}
        Body: {"security_group_rule": {"remote_group_id": null, "direction": "egress", "remote_ip_prefix": null, "protocol": "tcp", "ethertype": "IPv4", "tenant_id": "f7ad799bfcca41daa613e6e012c0d6a6", "port_range_max": 22, "port_range_min": 22, "id": "1f2cae74-71a6-4d61-b380-ac478d591829", "security_group_id": "db9489d2-a1a3-497d-8357-c1861af8d276"}}
2015-12-24 18:43:43,772 21903 INFO     [tempest_lib.common.rest_client] Request (TestNetworkAdvancedServerOps:test_server_connectivity_pause_unpause): 201 POST http://10.0.2.15:9696/v2.0/security-group-rules 0.121s
2015-12-24 18:43:43,772 21903 DEBUG    [tempest_lib.common.rest_client] Request - Headers: {'Content-Type': 'application/json', 'Accept': 'application/json', 'X-Auth-Token': '&lt;omitted&gt;'}
        Body: {"security_group_rule": {"tenant_id": "f7ad799bfcca41daa613e6e012c0d6a6", "direction": "ingress", "protocol": "icmp", "security_group_id": "db9489d2-a1a3-497d-8357-c1861af8d276"}}
    Response - Headers: {'status': '201', 'content-length': '345', 'connection': 'close', 'date': 'Thu, 24 Dec 2015 18:43:43 GMT', 'content-type': 'application/json; charset=UTF-8', 'x-openstack-request-id': 'req-3a0e80f6-56df-4fe9-890e-e622a415ce8f'}
        Body: {"security_group_rule": {"remote_group_id": null, "direction": "ingress", "remote_ip_prefix": null, "protocol": "icmp", "ethertype": "IPv4", "tenant_id": "f7ad799bfcca41daa613e6e012c0d6a6", "port_range_max": null, "port_range_min": null, "id": "99a88443-aefb-45f0-860f-d7c2b9c8451d", "security_group_id": "db9489d2-a1a3-497d-8357-c1861af8d276"}}
2015-12-24 18:43:43,894 21903 INFO     [tempest_lib.common.rest_client] Request (TestNetworkAdvancedServerOps:test_server_connectivity_pause_unpause): 201 POST http://10.0.2.15:9696/v2.0/security-group-rules 0.120s
2015-12-24 18:43:43,894 21903 DEBUG    [tempest_lib.common.rest_client] Request - Headers: {'Content-Type': 'application/json', 'Accept': 'application/json', 'X-Auth-Token': '&lt;omitted&gt;'}
        Body: {"security_group_rule": {"tenant_id": "f7ad799bfcca41daa613e6e012c0d6a6", "direction": "egress", "protocol": "icmp", "security_group_id": "db9489d2-a1a3-497d-8357-c1861af8d276"}}
    Response - Headers: {'status': '201', 'content-length': '344', 'connection': 'close', 'date': 'Thu, 24 Dec 2015 18:43:43 GMT', 'content-type': 'application/json; charset=UTF-8', 'x-openstack-request-id': 'req-6f2a1ff2-1196-435d-a450-6045cf6242f4'}
        Body: {"security_group_rule": {"remote_group_id": null, "direction": "egress", "remote_ip_prefix": null, "protocol": "icmp", "ethertype": "IPv4", "tenant_id": "f7ad799bfcca41daa613e6e012c0d6a6", "port_range_max": null, "port_range_min": null, "id": "7c12755a-2d98-4212-aa1b-22e4317476b5", "security_group_id": "db9489d2-a1a3-497d-8357-c1861af8d276"}}
2015-12-24 18:43:44,014 21903 INFO     [tempest_lib.common.rest_client] Request (TestNetworkAdvancedServerOps:test_server_connectivity_pause_unpause): 201 POST http://10.0.2.15:9696/v2.0/security-group-rules 0.118s
2015-12-24 18:43:44,015 21903 DEBUG    [tempest_lib.common.rest_client] Request - Headers: {'Content-Type': 'application/json', 'Accept': 'application/json', 'X-Auth-Token': '&lt;omitted&gt;'}
        Body: {"security_group_rule": {"tenant_id": "f7ad799bfcca41daa613e6e012c0d6a6", "direction": "ingress", "security_group_id": "db9489d2-a1a3-497d-8357-c1861af8d276", "protocol": "icmp", "ethertype": "IPv6"}}
    Response - Headers: {'status': '201', 'content-length': '345', 'connection': 'close', 'date': 'Thu, 24 Dec 2015 18:43:44 GMT', 'content-type': 'application/json; charset=UTF-8', 'x-openstack-request-id': 'req-f8d20139-af92-4629-950b-bbe3a20f808e'}
        Body: {"security_group_rule": {"remote_group_id": null, "direction": "ingress", "remote_ip_prefix": null, "protocol": "icmp", "ethertype": "IPv6", "tenant_id": "f7ad799bfcca41daa613e6e012c0d6a6", "port_range_max": null, "port_range_min": null, "id": "34fe6289-e292-4ba6-98ab-2cb0a3c938ee", "security_group_id": "db9489d2-a1a3-497d-8357-c1861af8d276"}}
2015-12-24 18:43:44,290 21903 INFO     [tempest_lib.common.rest_client] Request (TestNetworkAdvancedServerOps:test_server_connectivity_pause_unpause): 201 POST http://10.0.2.15:9696/v2.0/security-group-rules 0.273s
2015-12-24 18:43:44,290 21903 DEBUG    [tempest_lib.common.rest_client] Request - Headers: {'Content-Type': 'application/json', 'Accept': 'application/json', 'X-Auth-Token': '&lt;omitted&gt;'}
        Body: {"security_group_rule": {"tenant_id": "f7ad799bfcca41daa613e6e012c0d6a6", "direction": "egress", "security_group_id": "db9489d2-a1a3-497d-8357-c1861af8d276", "protocol": "icmp", "ethertype": "IPv6"}}
    Response - Headers: {'status': '201', 'content-length': '344', 'connection': 'close', 'date': 'Thu, 24 Dec 2015 18:43:44 GMT', 'content-type': 'application/json; charset=UTF-8', 'x-openstack-request-id': 'req-39877490-46aa-41ed-822e-f757300cc3dd'}
        Body: {"security_group_rule": {"remote_group_id": null, "direction": "egress", "remote_ip_prefix": null, "protocol": "icmp", "ethertype": "IPv6", "tenant_id": "f7ad799bfcca41daa613e6e012c0d6a6", "port_range_max": null, "port_range_min": null, "id": "f82ddaa1-19b1-4e57-9d7b-e64f8edc4f7f", "security_group_id": "db9489d2-a1a3-497d-8357-c1861af8d276"}}
2015-12-24 18:43:44,473 21903 INFO     [tempest_lib.common.rest_client] Request (TestNetworkAdvancedServerOps:test_server_connectivity_pause_unpause): 201 POST http://10.0.2.15:9696/v2.0/networks 0.181s
2015-12-24 18:43:44,475 21903 DEBUG    [tempest_lib.common.rest_client] Request - Headers: {'Content-Type': 'application/json', 'Accept': 'application/json', 'X-Auth-Token': '&lt;omitted&gt;'}
        Body: {"network": {"tenant_id": "f7ad799bfcca41daa613e6e012c0d6a6", "name": "tempest-network-smoke--2130678673"}}
    Response - Headers: {'status': '201', 'content-length': '327', 'connection': 'close', 'date': 'Thu, 24 Dec 2015 18:43:44 GMT', 'content-type': 'application/json; charset=UTF-8', 'x-openstack-request-id': 'req-231c6661-c3a4-4e83-9294-17167afe4785'}
        Body: {"network": {"status": "ACTIVE", "subnets": [], "availability_zone_hints": [], "name": "tempest-network-smoke--2130678673", "admin_state_up": true, "tenant_id": "f7ad799bfcca41daa613e6e012c0d6a6", "mtu": 0, "router:external": false, "shared": false, "port_security_enabled": true, "id": "b80b8169-48d5-4704-bb58-232cb14990da"}}
2015-12-24 18:43:44,550 21903 INFO     [tempest_lib.common.rest_client] Request (TestNetworkAdvancedServerOps:test_server_connectivity_pause_unpause): 201 POST http://10.0.2.15:9696/v2.0/routers 0.074s
2015-12-24 18:43:44,550 21903 DEBUG    [tempest_lib.common.rest_client] Request - Headers: {'Content-Type': 'application/json', 'Accept': 'application/json', 'X-Auth-Token': '&lt;omitted&gt;'}
        Body: {"router": {"tenant_id": "f7ad799bfcca41daa613e6e012c0d6a6", "name": "tempest-router-smoke-1417305230", "admin_state_up": true}}
    Response - Headers: {'status': '201', 'content-length': '296', 'connection': 'close', 'date': 'Thu, 24 Dec 2015 18:43:44 GMT', 'content-type': 'application/json; charset=UTF-8', 'x-openstack-request-id': 'req-942670ab-2bf4-46f0-942b-4ff0645a91f8'}
        Body: {"router": {"status": "ACTIVE", "external_gateway_info": null, "availability_zone_hints": [], "availability_zones": [], "name": "tempest-router-smoke-1417305230", "admin_state_up": true, "tenant_id": "f7ad799bfcca41daa613e6e012c0d6a6", "routes": [], "id": "f7feca49-e035-4e71-8037-bc166bcacc28"}}
2015-12-24 18:43:44,614 21903 INFO     [tempest_lib.common.rest_client] Request (TestNetworkAdvancedServerOps:test_server_connectivity_pause_unpause): 200 GET http://10.0.2.15:9696/v2.0/routers/f7feca49-e035-4e71-8037-bc166bcacc28 0.062s
2015-12-24 18:43:44,614 21903 DEBUG    [tempest_lib.common.rest_client] Request - Headers: {'Content-Type': 'application/json', 'Accept': 'application/json', 'X-Auth-Token': '&lt;omitted&gt;'}
        Body: None
    Response - Headers: {'status': '200', 'content-length': '296', 'content-location': 'http://10.0.2.15:9696/v2.0/routers/f7feca49-e035-4e71-8037-bc166bcacc28', 'connection': 'close', 'date': 'Thu, 24 Dec 2015 18:43:44 GMT', 'content-type': 'application/json; charset=UTF-8', 'x-openstack-request-id': 'req-dc4c3374-8211-4201-9bda-5ab3fd3bb280'}
        Body: {"router": {"status": "ACTIVE", "external_gateway_info": null, "availability_zone_hints": [], "availability_zones": [], "name": "tempest-router-smoke-1417305230", "admin_state_up": true, "tenant_id": "f7ad799bfcca41daa613e6e012c0d6a6", "routes": [], "id": "f7feca49-e035-4e71-8037-bc166bcacc28"}}
2015-12-24 18:43:45,311 21903 INFO     [tempest_lib.common.rest_client] Request (TestNetworkAdvancedServerOps:test_server_connectivity_pause_unpause): 200 PUT http://10.0.2.15:9696/v2.0/routers/f7feca49-e035-4e71-8037-bc166bcacc28 0.696s
2015-12-24 18:43:45,311 21903 DEBUG    [tempest_lib.common.rest_client] Request - Headers: {'Content-Type': 'application/json', 'Accept': 'application/json', 'X-Auth-Token': '&lt;omitted&gt;'}
        Body: {"router": {"external_gateway_info": {"network_id": "c6651c66-12df-4423-bb10-abcfefe60cdb"}, "name": "tempest-router-smoke-1417305230", "admin_state_up": true}}
    Response - Headers: {'status': '200', 'content-length': '558', 'connection': 'close', 'date': 'Thu, 24 Dec 2015 18:43:45 GMT', 'content-type': 'application/json; charset=UTF-8', 'x-openstack-request-id': 'req-5de70e77-9d01-4600-8cb3-72d7a0363182'}
        Body: {"router": {"status": "ACTIVE", "external_gateway_info": {"network_id": "c6651c66-12df-4423-bb10-abcfefe60cdb", "enable_snat": true, "external_fixed_ips": [{"subnet_id": "557d5a70-0d46-4f6b-95e9-8cb3819c4242", "ip_address": "172.24.4.3"}, {"subnet_id": "37884cdc-df6a-468f-aa6c-9c71e7a5af0d", "ip_address": "2001:db8::4"}]}, "availability_zone_hints": [], "availability_zones": [], "name": "tempest-router-smoke-1417305230", "admin_state_up": true, "tenant_id": "f7ad799bfcca41daa613e6e012c0d6a6", "routes": [], "id": "f7feca49-e035-4e71-8037-bc166bcacc28"}}
2015-12-24 18:43:45,475 21903 INFO     [tempest_lib.common.rest_client] Request (TestNetworkAdvancedServerOps:test_server_connectivity_pause_unpause): 200 GET http://10.0.2.15:9696/v2.0/subnets?tenant_id=f7ad799bfcca41daa613e6e012c0d6a6&amp;cidr=10.100.0.0%2F28 0.163s
2015-12-24 18:43:45,476 21903 DEBUG    [tempest_lib.common.rest_client] Request - Headers: {'Content-Type': 'application/json', 'Accept': 'application/json', 'X-Auth-Token': '&lt;omitted&gt;'}
        Body: None
    Response - Headers: {'status': '200', 'content-length': '15', 'content-location': 'http://10.0.2.15:9696/v2.0/subnets?tenant_id=f7ad799bfcca41daa613e6e012c0d6a6&amp;cidr=10.100.0.0%2F28', 'connection': 'close', 'date': 'Thu, 24 Dec 2015 18:43:45 GMT', 'content-type': 'application/json; charset=UTF-8', 'x-openstack-request-id': 'req-02bd9663-82e6-4fa4-8a36-5742a6b877d3'}
        Body: {"subnets": []}
2015-12-24 18:43:45,883 21903 INFO     [tempest_lib.common.rest_client] Request (TestNetworkAdvancedServerOps:test_server_connectivity_pause_unpause): 201 POST http://10.0.2.15:9696/v2.0/subnets 0.406s
2015-12-24 18:43:45,884 21903 DEBUG    [tempest_lib.common.rest_client] Request - Headers: {'Content-Type': 'application/json', 'Accept': 'application/json', 'X-Auth-Token': '&lt;omitted&gt;'}
        Body: {"subnet": {"ip_version": 4, "tenant_id": "f7ad799bfcca41daa613e6e012c0d6a6", "cidr": "10.100.0.0/28", "network_id": "b80b8169-48d5-4704-bb58-232cb14990da", "name": "tempest-subnet-smoke-1106575689"}}
    Response - Headers: {'status': '201', 'content-length': '478', 'connection': 'close', 'date': 'Thu, 24 Dec 2015 18:43:45 GMT', 'content-type': 'application/json; charset=UTF-8', 'x-openstack-request-id': 'req-f82f3e1f-22ea-47b1-9ca4-b20d972dfe8f'}
        Body: {"subnet": {"name": "tempest-subnet-smoke-1106575689", "enable_dhcp": true, "network_id": "b80b8169-48d5-4704-bb58-232cb14990da", "tenant_id": "f7ad799bfcca41daa613e6e012c0d6a6", "dns_nameservers": [], "gateway_ip": "10.100.0.1", "ipv6_ra_mode": null, "allocation_pools": [{"start": "10.100.0.2", "end": "10.100.0.14"}], "host_routes": [], "ip_version": 4, "ipv6_address_mode": null, "cidr": "10.100.0.0/28", "id": "f6f90119-c36d-48ed-8d8d-cdd94ca02f32", "subnetpool_id": null}}
2015-12-24 18:43:46,563 21903 INFO     [tempest_lib.common.rest_client] Request (TestNetworkAdvancedServerOps:test_server_connectivity_pause_unpause): 200 PUT http://10.0.2.15:9696/v2.0/routers/f7feca49-e035-4e71-8037-bc166bcacc28/add_router_interface 0.678s
2015-12-24 18:43:46,563 21903 DEBUG    [tempest_lib.common.rest_client] Request - Headers: {'Content-Type': 'application/json', 'Accept': 'application/json', 'X-Auth-Token': '&lt;omitted&gt;'}
        Body: {"subnet_id": "f6f90119-c36d-48ed-8d8d-cdd94ca02f32"}
    Response - Headers: {'status': '200', 'content-length': '255', 'connection': 'close', 'date': 'Thu, 24 Dec 2015 18:43:46 GMT', 'content-type': 'application/json; charset=UTF-8', 'x-openstack-request-id': 'req-83768008-81cd-4a3b-b128-9f9a58d8158b'}
        Body: {"subnet_id": "f6f90119-c36d-48ed-8d8d-cdd94ca02f32", "tenant_id": "f7ad799bfcca41daa613e6e012c0d6a6", "subnet_ids": ["f6f90119-c36d-48ed-8d8d-cdd94ca02f32"], "port_id": "086ed687-3097-4625-9d7e-0fdcbd62f2e0", "id": "f7feca49-e035-4e71-8037-bc166bcacc28"}
2015-12-24 18:43:46,698 21903 INFO     [tempest_lib.common.rest_client] Request (TestNetworkAdvancedServerOps:test_server_connectivity_pause_unpause): 200 POST http://10.0.2.15:5000/v2.0/tokens
2015-12-24 18:43:46,699 21903 DEBUG    [tempest_lib.common.rest_client] Request - Headers: {'Content-Type': 'application/json', 'Accept': 'application/json'}
        Body: &lt;omitted&gt;
    Response - Headers: {'status': '200', 'content-length': '2564', 'vary': 'X-Auth-Token', 'server': 'Apache/2.4.7 (Ubuntu)', 'connection': 'close', 'date': 'Thu, 24 Dec 2015 18:43:46 GMT', 'content-type': 'application/json', 'x-openstack-request-id': 'req-64c8e34f-e285-4908-a690-5dfb4472218e'}
        Body: {"access": {"token": {"issued_at": "2015-12-24T18:43:46.684263", "expires": "2015-12-24T19:43:46Z", "id": "4ba3095fcca442dcab88c86df281e990", "tenant": {"description": "tempest-TestNetworkAdvancedServerOps-940172716-desc", "enabled": true, "id": "f7ad799bfcca41daa613e6e012c0d6a6", "name": "tempest-TestNetworkAdvancedServerOps-940172716"}, "audit_ids": ["an-qqyCPTjGItO57SlKTmg"]}, "serviceCatalog": [{"endpoints": [{"adminURL": "http://10.0.2.15:8774/v2.1/f7ad799bfcca41daa613e6e012c0d6a6", "region": "RegionOne", "internalURL": "http://10.0.2.15:8774/v2.1/f7ad799bfcca41daa613e6e012c0d6a6", "id": "2a70d7f565ae4dd99a67e3bd492bea96", "publicURL": "http://10.0.2.15:8774/v2.1/f7ad799bfcca41daa613e6e012c0d6a6"}], "endpoints_links": [], "type": "compute", "name": "nova"}, {"endpoints": [{"adminURL": "http://10.0.2.15:9696/", "region": "RegionOne", "internalURL": "http://10.0.2.15:9696/", "id": "35432e4a02b14f89939367981483c5a6", "publicURL": "http://10.0.2.15:9696/"}], "endpoints_links": [], "type": "network", "name": "neutron"}, {"endpoints": [{"adminURL": "http://10.0.2.15:9292", "region": "RegionOne", "internalURL": "http://10.0.2.15:9292", "id": "27f3850e6f1946919fcfe5ccdb040f08", "publicURL": "http://10.0.2.15:9292"}], "endpoints_links": [], "type": "image", "name": "glance"}, {"endpoints": [{"adminURL": "http://10.0.2.15:8774/v2/f7ad799bfcca41daa613e6e012c0d6a6", "region": "RegionOne", "internalURL": "http://10.0.2.15:8774/v2/f7ad799bfcca41daa613e6e012c0d6a6", "id": "39be19d55deb4afa9c17dcdcfae60682", "publicURL": "http://10.0.2.15:8774/v2/f7ad799bfcca41daa613e6e012c0d6a6"}], "endpoints_links": [], "type": "compute_legacy", "name": "nova_legacy"}, {"endpoints": [{"adminURL": "http://10.0.2.15:8773/", "region": "RegionOne", "internalURL": "http://10.0.2.15:8773/", "id": "0618ed8268374860a5f5b809b84e890e", "publicURL": "http://10.0.2.15:8773/"}], "endpoints_links": [], "type": "ec2", "name": "ec2"}, {"endpoints": [{"adminURL": "http://10.0.2.15:35357/v2.0", "region": "RegionOne", "internalURL": "http://10.0.2.15:5000/v2.0", "id": "27e3b51b9d2f4e0c94a1f17580ddb39d", "publicURL": "http://10.0.2.15:5000/v2.0"}], "endpoints_links": [], "type": "identity", "name": "keystone"}], "user": {"username": "tempest-TestNetworkAdvancedServerOps-1620361371", "roles_links": [], "id": "85b0d6d3c65146958eae38d90f9eb161", "roles": [{"name": "_member_"}, {"name": "Member"}], "name": "tempest-TestNetworkAdvancedServerOps-1620361371"}, "metadata": {"is_admin": 0, "roles": ["9fe2ff9ee4384b1894a90878d3e92bab", "af806eda2e804633abebbccfc38b53c2"]}}}
2015-12-24 18:43:46,705 21903 DEBUG    [tempest.common.fixed_network] (TestNetworkAdvancedServerOps:test_server_connectivity_pause_unpause) No valid network provided or created, defaulting to fixed_network_name
2015-12-24 18:43:47,105 21903 INFO     [tempest_lib.common.rest_client] Request (TestNetworkAdvancedServerOps:test_server_connectivity_pause_unpause): 200 GET http://10.0.2.15:8774/v2.1/f7ad799bfcca41daa613e6e012c0d6a6/os-networks 0.399s
2015-12-24 18:43:47,106 21903 DEBUG    [tempest_lib.common.rest_client] Request - Headers: {'Content-Type': 'application/json', 'Accept': 'application/json', 'X-Auth-Token': '&lt;omitted&gt;'}
        Body: None
    Response - Headers: {'status': '200', 'content-length': '479', 'content-location': 'http://10.0.2.15:8774/v2.1/f7ad799bfcca41daa613e6e012c0d6a6/os-networks', 'x-compute-request-id': 'req-2a5b7408-4fb8-422f-8bd6-f14b54f4e743', 'vary': 'X-OpenStack-Nova-API-Version', 'connection': 'close', 'x-openstack-nova-api-version': '2.1', 'date': 'Thu, 24 Dec 2015 18:43:47 GMT', 'content-type': 'application/json'}
        Body: {"networks": [{"cidr_v6": null, "dns2": null, "dns1": null, "gateway": null, "broadcast": null, "netmask": null, "gateway_v6": null, "cidr": null, "label": "public", "id": "c6651c66-12df-4423-bb10-abcfefe60cdb", "netmask_v6": null}, {"cidr_v6": null, "dns2": null, "dns1": null, "gateway": null, "broadcast": null, "netmask": null, "gateway_v6": null, "cidr": null, "label": "tempest-network-smoke--2130678673", "id": "b80b8169-48d5-4704-bb58-232cb14990da", "netmask_v6": null}]}
2015-12-24 18:43:47,107 21903 WARNING  [tempest.common.fixed_network] (TestNetworkAdvancedServerOps:test_server_connectivity_pause_unpause) Network with name: private not found
2015-12-24 18:43:47,107 21903 INFO     [tempest.common.fixed_network] (TestNetworkAdvancedServerOps:test_server_connectivity_pause_unpause) Found network {} available for tenant
2015-12-24 18:43:48,584 21903 INFO     [tempest_lib.common.rest_client] Request (TestNetworkAdvancedServerOps:test_server_connectivity_pause_unpause): 202 POST http://10.0.2.15:8774/v2.1/f7ad799bfcca41daa613e6e012c0d6a6/servers 1.475s
2015-12-24 18:43:48,585 21903 DEBUG    [tempest_lib.common.rest_client] Request - Headers: {'Content-Type': 'application/json', 'Accept': 'application/json', 'X-Auth-Token': '&lt;omitted&gt;'}
        Body: {"server": {"name": "tempest.common.compute-instance-129577319", "imageRef": "7f0e85c8-407d-4a4e-8408-2e9ce3ee1bbb", "key_name": "tempest-TestNetworkAdvancedServerOps-2050571381", "flavorRef": "42", "networks": [{"uuid": "b80b8169-48d5-4704-bb58-232cb14990da"}], "security_groups": [{"name": "tempest-secgroup-smoke-1401923563"}]}}
    Response - Headers: {'status': '202', 'content-length': '462', 'x-compute-request-id': 'req-7ba7845a-e800-4bcc-877e-4f8ab4e3b29a', 'vary': 'X-OpenStack-Nova-API-Version', 'connection': 'close', 'location': 'http://10.0.2.15:8774/v2.1/f7ad799bfcca41daa613e6e012c0d6a6/servers/ea3e2aa8-ff7f-44d0-ba16-ddc06635f142', 'x-openstack-nova-api-version': '2.1', 'date': 'Thu, 24 Dec 2015 18:43:48 GMT', 'content-type': 'application/json'}
        Body: {"server": {"security_groups": [{"name": "tempest-secgroup-smoke-1401923563"}], "OS-DCF:diskConfig": "MANUAL", "id": "ea3e2aa8-ff7f-44d0-ba16-ddc06635f142", "links": [{"href": "http://10.0.2.15:8774/v2.1/f7ad799bfcca41daa613e6e012c0d6a6/servers/ea3e2aa8-ff7f-44d0-ba16-ddc06635f142", "rel": "self"}, {"href": "http://10.0.2.15:8774/f7ad799bfcca41daa613e6e012c0d6a6/servers/ea3e2aa8-ff7f-44d0-ba16-ddc06635f142", "rel": "bookmark"}], "adminPass": "n89yR4msWX8Z"}}
2015-12-24 18:43:48,807 21903 INFO     [tempest_lib.common.rest_client] Request (TestNetworkAdvancedServerOps:test_server_connectivity_pause_unpause): 200 GET http://10.0.2.15:8774/v2.1/f7ad799bfcca41daa613e6e012c0d6a6/servers/ea3e2aa8-ff7f-44d0-ba16-ddc06635f142 0.217s
2015-12-24 18:43:48,807 21903 DEBUG    [tempest_lib.common.rest_client] Request - Headers: {'Content-Type': 'application/json', 'Accept': 'application/json', 'X-Auth-Token': '&lt;omitted&gt;'}
        Body: None
    Response - Headers: {'status': '200', 'content-length': '1364', 'content-location': 'http://10.0.2.15:8774/v2.1/f7ad799bfcca41daa613e6e012c0d6a6/servers/ea3e2aa8-ff7f-44d0-ba16-ddc06635f142', 'x-compute-request-id': 'req-66410128-d28b-48e6-a3ad-80d7f9098445', 'vary': 'X-OpenStack-Nova-API-Version', 'connection': 'close', 'x-openstack-nova-api-version': '2.1', 'date': 'Thu, 24 Dec 2015 18:43:48 GMT', 'content-type': 'application/json'}
        Body: {"server": {"status": "BUILD", "updated": "2015-12-24T18:43:48Z", "hostId": "", "addresses": {}, "links": [{"href": "http://10.0.2.15:8774/v2.1/f7ad799bfcca41daa613e6e012c0d6a6/servers/ea3e2aa8-ff7f-44d0-ba16-ddc06635f142", "rel": "self"}, {"href": "http://10.0.2.15:8774/f7ad799bfcca41daa613e6e012c0d6a6/servers/ea3e2aa8-ff7f-44d0-ba16-ddc06635f142", "rel": "bookmark"}], "key_name": "tempest-TestNetworkAdvancedServerOps-2050571381", "image": {"id": "7f0e85c8-407d-4a4e-8408-2e9ce3ee1bbb", "links": [{"href": "http://10.0.2.15:8774/f7ad799bfcca41daa613e6e012c0d6a6/images/7f0e85c8-407d-4a4e-8408-2e9ce3ee1bbb", "rel": "bookmark"}]}, "OS-EXT-STS:task_state": "scheduling", "OS-EXT-STS:vm_state": "building", "OS-SRV-USG:launched_at": null, "flavor": {"id": "42", "links": [{"href": "http://10.0.2.15:8774/f7ad799bfcca41daa613e6e012c0d6a6/flavors/42", "rel": "bookmark"}]}, "id": "ea3e2aa8-ff7f-44d0-ba16-ddc06635f142", "OS-SRV-USG:terminated_at": null, "OS-EXT-AZ:availability_zone": "", "user_id": "85b0d6d3c65146958eae38d90f9eb161", "name": "tempest.common.compute-instance-129577319", "created": "2015-12-24T18:43:48Z", "tenant_id": "f7ad799bfcca41daa613e6e012c0d6a6", "OS-DCF:diskConfig": "MANUAL", "os-extended-volumes:volumes_attached": [], "accessIPv4": "", "accessIPv6": "", "progress": 0, "OS-EXT-STS:power_state": 0, "config_drive": "", "metadata": {}}}
2015-12-24 18:43:50,158 21903 INFO     [tempest_lib.common.rest_client] Request (TestNetworkAdvancedServerOps:test_server_connectivity_pause_unpause): 200 GET http://10.0.2.15:8774/v2.1/f7ad799bfcca41daa613e6e012c0d6a6/servers/ea3e2aa8-ff7f-44d0-ba16-ddc06635f142 0.338s
2015-12-24 18:43:50,159 21903 DEBUG    [tempest_lib.common.rest_client] Request - Headers: {'Content-Type': 'application/json', 'Accept': 'application/json', 'X-Auth-Token': '&lt;omitted&gt;'}
        Body: None
    Response - Headers: {'status': '200', 'content-length': '1490', 'content-location': 'http://10.0.2.15:8774/v2.1/f7ad799bfcca41daa613e6e012c0d6a6/servers/ea3e2aa8-ff7f-44d0-ba16-ddc06635f142', 'x-compute-request-id': 'req-42d78b5c-398c-42be-8ad4-5a259249f0ff', 'vary': 'X-OpenStack-Nova-API-Version', 'connection': 'close', 'x-openstack-nova-api-version': '2.1', 'date': 'Thu, 24 Dec 2015 18:43:50 GMT', 'content-type': 'application/json'}
        Body: {"server": {"status": "BUILD", "updated": "2015-12-24T18:43:49Z", "hostId": "aec3c76eff7a1e19d14f834189a173b4af862d25937d695ce69beeba", "addresses": {}, "links": [{"href": "http://10.0.2.15:8774/v2.1/f7ad799bfcca41daa613e6e012c0d6a6/servers/ea3e2aa8-ff7f-44d0-ba16-ddc06635f142", "rel": "self"}, {"href": "http://10.0.2.15:8774/f7ad799bfcca41daa613e6e012c0d6a6/servers/ea3e2aa8-ff7f-44d0-ba16-ddc06635f142", "rel": "bookmark"}], "key_name": "tempest-TestNetworkAdvancedServerOps-2050571381", "image": {"id": "7f0e85c8-407d-4a4e-8408-2e9ce3ee1bbb", "links": [{"href": "http://10.0.2.15:8774/f7ad799bfcca41daa613e6e012c0d6a6/images/7f0e85c8-407d-4a4e-8408-2e9ce3ee1bbb", "rel": "bookmark"}]}, "OS-EXT-STS:task_state": "spawning", "OS-EXT-STS:vm_state": "building", "OS-SRV-USG:launched_at": null, "flavor": {"id": "42", "links": [{"href": "http://10.0.2.15:8774/f7ad799bfcca41daa613e6e012c0d6a6/flavors/42", "rel": "bookmark"}]}, "id": "ea3e2aa8-ff7f-44d0-ba16-ddc06635f142", "security_groups": [{"name": "tempest-secgroup-smoke-1401923563"}], "OS-SRV-USG:terminated_at": null, "OS-EXT-AZ:availability_zone": "nova", "user_id": "85b0d6d3c65146958eae38d90f9eb161", "name": "tempest.common.compute-instance-129577319", "created": "2015-12-24T18:43:48Z", "tenant_id": "f7ad799bfcca41daa613e6e012c0d6a6", "OS-DCF:diskConfig": "MANUAL", "os-extended-volumes:volumes_attached": [], "accessIPv4": "", "accessIPv6": "", "progress": 0, "OS-EXT-STS:power_state": 0, "config_drive": "", "metadata": {}}}
2015-12-24 18:43:50,168 21903 INFO     [tempest.common.waiters] State transition "BUILD/scheduling" ==&gt; "BUILD/spawning" after 2 second wait
2015-12-24 18:43:51,376 21903 INFO     [tempest_lib.common.rest_client] Request (TestNetworkAdvancedServerOps:test_server_connectivity_pause_unpause): 200 GET http://10.0.2.15:8774/v2.1/f7ad799bfcca41daa613e6e012c0d6a6/servers/ea3e2aa8-ff7f-44d0-ba16-ddc06635f142 0.206s
2015-12-24 18:43:51,377 21903 DEBUG    [tempest_lib.common.rest_client] Request - Headers: {'Content-Type': 'application/json', 'Accept': 'application/json', 'X-Auth-Token': '&lt;omitted&gt;'}
        Body: None
    Response - Headers: {'status': '200', 'content-length': '1490', 'content-location': 'http://10.0.2.15:8774/v2.1/f7ad799bfcca41daa613e6e012c0d6a6/servers/ea3e2aa8-ff7f-44d0-ba16-ddc06635f142', 'x-compute-request-id': 'req-10b2c771-abc5-4f77-96a5-6e6f5cc968d0', 'vary': 'X-OpenStack-Nova-API-Version', 'connection': 'close', 'x-openstack-nova-api-version': '2.1', 'date': 'Thu, 24 Dec 2015 18:43:51 GMT', 'content-type': 'application/json'}
        Body: {"server": {"status": "BUILD", "updated": "2015-12-24T18:43:49Z", "hostId": "aec3c76eff7a1e19d14f834189a173b4af862d25937d695ce69beeba", "addresses": {}, "links": [{"href": "http://10.0.2.15:8774/v2.1/f7ad799bfcca41daa613e6e012c0d6a6/servers/ea3e2aa8-ff7f-44d0-ba16-ddc06635f142", "rel": "self"}, {"href": "http://10.0.2.15:8774/f7ad799bfcca41daa613e6e012c0d6a6/servers/ea3e2aa8-ff7f-44d0-ba16-ddc06635f142", "rel": "bookmark"}], "key_name": "tempest-TestNetworkAdvancedServerOps-2050571381", "image": {"id": "7f0e85c8-407d-4a4e-8408-2e9ce3ee1bbb", "links": [{"href": "http://10.0.2.15:8774/f7ad799bfcca41daa613e6e012c0d6a6/images/7f0e85c8-407d-4a4e-8408-2e9ce3ee1bbb", "rel": "bookmark"}]}, "OS-EXT-STS:task_state": "spawning", "OS-EXT-STS:vm_state": "building", "OS-SRV-USG:launched_at": null, "flavor": {"id": "42", "links": [{"href": "http://10.0.2.15:8774/f7ad799bfcca41daa613e6e012c0d6a6/flavors/42", "rel": "bookmark"}]}, "id": "ea3e2aa8-ff7f-44d0-ba16-ddc06635f142", "security_groups": [{"name": "tempest-secgroup-smoke-1401923563"}], "OS-SRV-USG:terminated_at": null, "OS-EXT-AZ:availability_zone": "nova", "user_id": "85b0d6d3c65146958eae38d90f9eb161", "name": "tempest.common.compute-instance-129577319", "created": "2015-12-24T18:43:48Z", "tenant_id": "f7ad799bfcca41daa613e6e012c0d6a6", "OS-DCF:diskConfig": "MANUAL", "os-extended-volumes:volumes_attached": [], "accessIPv4": "", "accessIPv6": "", "progress": 0, "OS-EXT-STS:power_state": 0, "config_drive": "", "metadata": {}}}
2015-12-24 18:43:52,723 21903 INFO     [tempest_lib.common.rest_client] Request (TestNetworkAdvancedServerOps:test_server_connectivity_pause_unpause): 200 GET http://10.0.2.15:8774/v2.1/f7ad799bfcca41daa613e6e012c0d6a6/servers/ea3e2aa8-ff7f-44d0-ba16-ddc06635f142 0.336s
2015-12-24 18:43:52,723 21903 DEBUG    [tempest_lib.common.rest_client] Request - Headers: {'Content-Type': 'application/json', 'Accept': 'application/json', 'X-Auth-Token': '&lt;omitted&gt;'}
        Body: None
    Response - Headers: {'status': '200', 'content-length': '1662', 'content-location': 'http://10.0.2.15:8774/v2.1/f7ad799bfcca41daa613e6e012c0d6a6/servers/ea3e2aa8-ff7f-44d0-ba16-ddc06635f142', 'x-compute-request-id': 'req-732cb433-cfd9-49ed-868f-13e6a6e865cc', 'vary': 'X-OpenStack-Nova-API-Version', 'connection': 'close', 'x-openstack-nova-api-version': '2.1', 'date': 'Thu, 24 Dec 2015 18:43:52 GMT', 'content-type': 'application/json'}
        Body: {"server": {"status": "ACTIVE", "updated": "2015-12-24T18:43:52Z", "hostId": "aec3c76eff7a1e19d14f834189a173b4af862d25937d695ce69beeba", "addresses": {"tempest-network-smoke--2130678673": [{"OS-EXT-IPS-MAC:mac_addr": "fa:16:3e:47:f1:46", "version": 4, "addr": "10.100.0.3", "OS-EXT-IPS:type": "fixed"}]}, "links": [{"href": "http://10.0.2.15:8774/v2.1/f7ad799bfcca41daa613e6e012c0d6a6/servers/ea3e2aa8-ff7f-44d0-ba16-ddc06635f142", "rel": "self"}, {"href": "http://10.0.2.15:8774/f7ad799bfcca41daa613e6e012c0d6a6/servers/ea3e2aa8-ff7f-44d0-ba16-ddc06635f142", "rel": "bookmark"}], "key_name": "tempest-TestNetworkAdvancedServerOps-2050571381", "image": {"id": "7f0e85c8-407d-4a4e-8408-2e9ce3ee1bbb", "links": [{"href": "http://10.0.2.15:8774/f7ad799bfcca41daa613e6e012c0d6a6/images/7f0e85c8-407d-4a4e-8408-2e9ce3ee1bbb", "rel": "bookmark"}]}, "OS-EXT-STS:task_state": null, "OS-EXT-STS:vm_state": "active", "OS-SRV-USG:launched_at": "2015-12-24T18:43:52.000000", "flavor": {"id": "42", "links": [{"href": "http://10.0.2.15:8774/f7ad799bfcca41daa613e6e012c0d6a6/flavors/42", "rel": "bookmark"}]}, "id": "ea3e2aa8-ff7f-44d0-ba16-ddc06635f142", "security_groups": [{"name": "tempest-secgroup-smoke-1401923563"}], "OS-SRV-USG:terminated_at": null, "OS-EXT-AZ:availability_zone": "nova", "user_id": "85b0d6d3c65146958eae38d90f9eb161", "name": "tempest.common.compute-instance-129577319", "created": "2015-12-24T18:43:48Z", "tenant_id": "f7ad799bfcca41daa613e6e012c0d6a6", "OS-DCF:diskConfig": "MANUAL", "os-extended-volumes:volumes_attached": [], "accessIPv4": "", "accessIPv6": "", "progress": 0, "OS-EXT-STS:power_state": 1, "config_drive": "True", "metadata": {}}}
2015-12-24 18:43:52,732 21903 INFO     [tempest.common.waiters] State transition "BUILD/spawning" ==&gt; "ACTIVE/None" after 4 second wait
2015-12-24 18:43:52,926 21903 INFO     [tempest_lib.common.rest_client] Request (TestNetworkAdvancedServerOps:test_server_connectivity_pause_unpause): 200 GET http://10.0.2.15:8774/v2.1/f7ad799bfcca41daa613e6e012c0d6a6/servers/ea3e2aa8-ff7f-44d0-ba16-ddc06635f142 0.193s
2015-12-24 18:43:52,926 21903 DEBUG    [tempest_lib.common.rest_client] Request - Headers: {'Content-Type': 'application/json', 'Accept': 'application/json', 'X-Auth-Token': '&lt;omitted&gt;'}
        Body: None
    Response - Headers: {'status': '200', 'content-length': '1662', 'content-location': 'http://10.0.2.15:8774/v2.1/f7ad799bfcca41daa613e6e012c0d6a6/servers/ea3e2aa8-ff7f-44d0-ba16-ddc06635f142', 'x-compute-request-id': 'req-83f66201-c624-476d-af9e-cb7ddf1cd673', 'vary': 'X-OpenStack-Nova-API-Version', 'connection': 'close', 'x-openstack-nova-api-version': '2.1', 'date': 'Thu, 24 Dec 2015 18:43:52 GMT', 'content-type': 'application/json'}
        Body: {"server": {"status": "ACTIVE", "updated": "2015-12-24T18:43:52Z", "hostId": "aec3c76eff7a1e19d14f834189a173b4af862d25937d695ce69beeba", "addresses": {"tempest-network-smoke--2130678673": [{"OS-EXT-IPS-MAC:mac_addr": "fa:16:3e:47:f1:46", "version": 4, "addr": "10.100.0.3", "OS-EXT-IPS:type": "fixed"}]}, "links": [{"href": "http://10.0.2.15:8774/v2.1/f7ad799bfcca41daa613e6e012c0d6a6/servers/ea3e2aa8-ff7f-44d0-ba16-ddc06635f142", "rel": "self"}, {"href": "http://10.0.2.15:8774/f7ad799bfcca41daa613e6e012c0d6a6/servers/ea3e2aa8-ff7f-44d0-ba16-ddc06635f142", "rel": "bookmark"}], "key_name": "tempest-TestNetworkAdvancedServerOps-2050571381", "image": {"id": "7f0e85c8-407d-4a4e-8408-2e9ce3ee1bbb", "links": [{"href": "http://10.0.2.15:8774/f7ad799bfcca41daa613e6e012c0d6a6/images/7f0e85c8-407d-4a4e-8408-2e9ce3ee1bbb", "rel": "bookmark"}]}, "OS-EXT-STS:task_state": null, "OS-EXT-STS:vm_state": "active", "OS-SRV-USG:launched_at": "2015-12-24T18:43:52.000000", "flavor": {"id": "42", "links": [{"href": "http://10.0.2.15:8774/f7ad799bfcca41daa613e6e012c0d6a6/flavors/42", "rel": "bookmark"}]}, "id": "ea3e2aa8-ff7f-44d0-ba16-ddc06635f142", "security_groups": [{"name": "tempest-secgroup-smoke-1401923563"}], "OS-SRV-USG:terminated_at": null, "OS-EXT-AZ:availability_zone": "nova", "user_id": "85b0d6d3c65146958eae38d90f9eb161", "name": "tempest.common.compute-instance-129577319", "created": "2015-12-24T18:43:48Z", "tenant_id": "f7ad799bfcca41daa613e6e012c0d6a6", "OS-DCF:diskConfig": "MANUAL", "os-extended-volumes:volumes_attached": [], "accessIPv4": "", "accessIPv6": "", "progress": 0, "OS-EXT-STS:power_state": 1, "config_drive": "True", "metadata": {}}}
2015-12-24 18:43:53,090 21903 INFO     [tempest_lib.common.rest_client] Request (TestNetworkAdvancedServerOps:test_server_connectivity_pause_unpause): 200 GET http://10.0.2.15:9696/v2.0/ports?status=ACTIVE&amp;fixed_ip=None&amp;device_id=ea3e2aa8-ff7f-44d0-ba16-ddc06635f142 0.156s
2015-12-24 18:43:53,091 21903 DEBUG    [tempest_lib.common.rest_client] Request - Headers: {'Content-Type': 'application/json', 'Accept': 'application/json', 'X-Auth-Token': '&lt;omitted&gt;'}
        Body: None
    Response - Headers: {'status': '200', 'content-length': '895', 'content-location': 'http://10.0.2.15:9696/v2.0/ports?status=ACTIVE&amp;fixed_ip=None&amp;device_id=ea3e2aa8-ff7f-44d0-ba16-ddc06635f142', 'connection': 'close', 'date': 'Thu, 24 Dec 2015 18:43:53 GMT', 'content-type': 'application/json; charset=UTF-8', 'x-openstack-request-id': 'req-247a5ab1-0dae-46c0-94d5-f54573d42dc4'}
        Body: {"ports": [{"status": "ACTIVE", "binding:host_id": "vagrant-ubuntu-trusty-64", "allowed_address_pairs": [], "extra_dhcp_opts": [], "dns_assignment": [{"hostname": "host-10-100-0-3", "ip_address": "10.100.0.3", "fqdn": "host-10-100-0-3.openstacklocal."}], "device_owner": "compute:None", "port_security_enabled": true, "binding:profile": {}, "fixed_ips": [{"subnet_id": "f6f90119-c36d-48ed-8d8d-cdd94ca02f32", "ip_address": "10.100.0.3"}], "id": "45bf7532-8752-48d7-b496-0e2f85b1847a", "security_groups": ["db9489d2-a1a3-497d-8357-c1861af8d276"], "device_id": "ea3e2aa8-ff7f-44d0-ba16-ddc06635f142", "name": "", "admin_state_up": true, "network_id": "b80b8169-48d5-4704-bb58-232cb14990da", "dns_name": "", "binding:vif_details": {"port_filter": true}, "binding:vnic_type": "normal", "binding:vif_type": "ovs", "tenant_id": "f7ad799bfcca41daa613e6e012c0d6a6", "mac_address": "fa:16:3e:47:f1:46"}]}
2015-12-24 18:43:53,749 21903 INFO     [tempest_lib.common.rest_client] Request (TestNetworkAdvancedServerOps:test_server_connectivity_pause_unpause): 201 POST http://10.0.2.15:9696/v2.0/floatingips 0.657s
2015-12-24 18:43:53,749 21903 DEBUG    [tempest_lib.common.rest_client] Request - Headers: {'Content-Type': 'application/json', 'Accept': 'application/json', 'X-Auth-Token': '&lt;omitted&gt;'}
        Body: {"floatingip": {"floating_network_id": "c6651c66-12df-4423-bb10-abcfefe60cdb", "tenant_id": "f7ad799bfcca41daa613e6e012c0d6a6", "fixed_ip_address": "10.100.0.3", "port_id": "45bf7532-8752-48d7-b496-0e2f85b1847a"}}
    Response - Headers: {'status': '201', 'content-length': '367', 'connection': 'close', 'date': 'Thu, 24 Dec 2015 18:43:53 GMT', 'content-type': 'application/json; charset=UTF-8', 'x-openstack-request-id': 'req-62e1696c-09cb-4735-8cb7-30a1183ef40c'}
        Body: {"floatingip": {"floating_network_id": "c6651c66-12df-4423-bb10-abcfefe60cdb", "router_id": "f7feca49-e035-4e71-8037-bc166bcacc28", "fixed_ip_address": "10.100.0.3", "floating_ip_address": "172.24.4.4", "tenant_id": "f7ad799bfcca41daa613e6e012c0d6a6", "status": "DOWN", "port_id": "45bf7532-8752-48d7-b496-0e2f85b1847a", "id": "00e7a491-11c0-43cd-9b3b-7202ec0136f6"}}
2015-12-24 18:43:53,961 21903 INFO     [tempest_lib.common.rest_client] Request (TestNetworkAdvancedServerOps:test_server_connectivity_pause_unpause): 200 GET http://10.0.2.15:8774/v2.1/f7ad799bfcca41daa613e6e012c0d6a6/servers/ea3e2aa8-ff7f-44d0-ba16-ddc06635f142 0.211s
2015-12-24 18:43:53,961 21903 DEBUG    [tempest_lib.common.rest_client] Request - Headers: {'Content-Type': 'application/json', 'Accept': 'application/json', 'X-Auth-Token': '&lt;omitted&gt;'}
        Body: None
    Response - Headers: {'status': '200', 'content-length': '1662', 'content-location': 'http://10.0.2.15:8774/v2.1/f7ad799bfcca41daa613e6e012c0d6a6/servers/ea3e2aa8-ff7f-44d0-ba16-ddc06635f142', 'x-compute-request-id': 'req-a8529b59-1274-429b-90eb-d0aaf7ad0fce', 'vary': 'X-OpenStack-Nova-API-Version', 'connection': 'close', 'x-openstack-nova-api-version': '2.1', 'date': 'Thu, 24 Dec 2015 18:43:53 GMT', 'content-type': 'application/json'}
        Body: {"server": {"status": "ACTIVE", "updated": "2015-12-24T18:43:52Z", "hostId": "aec3c76eff7a1e19d14f834189a173b4af862d25937d695ce69beeba", "addresses": {"tempest-network-smoke--2130678673": [{"OS-EXT-IPS-MAC:mac_addr": "fa:16:3e:47:f1:46", "version": 4, "addr": "10.100.0.3", "OS-EXT-IPS:type": "fixed"}]}, "links": [{"href": "http://10.0.2.15:8774/v2.1/f7ad799bfcca41daa613e6e012c0d6a6/servers/ea3e2aa8-ff7f-44d0-ba16-ddc06635f142", "rel": "self"}, {"href": "http://10.0.2.15:8774/f7ad799bfcca41daa613e6e012c0d6a6/servers/ea3e2aa8-ff7f-44d0-ba16-ddc06635f142", "rel": "bookmark"}], "key_name": "tempest-TestNetworkAdvancedServerOps-2050571381", "image": {"id": "7f0e85c8-407d-4a4e-8408-2e9ce3ee1bbb", "links": [{"href": "http://10.0.2.15:8774/f7ad799bfcca41daa613e6e012c0d6a6/images/7f0e85c8-407d-4a4e-8408-2e9ce3ee1bbb", "rel": "bookmark"}]}, "OS-EXT-STS:task_state": null, "OS-EXT-STS:vm_state": "active", "OS-SRV-USG:launched_at": "2015-12-24T18:43:52.000000", "flavor": {"id": "42", "links": [{"href": "http://10.0.2.15:8774/f7ad799bfcca41daa613e6e012c0d6a6/flavors/42", "rel": "bookmark"}]}, "id": "ea3e2aa8-ff7f-44d0-ba16-ddc06635f142", "security_groups": [{"name": "tempest-secgroup-smoke-1401923563"}], "OS-SRV-USG:terminated_at": null, "OS-EXT-AZ:availability_zone": "nova", "user_id": "85b0d6d3c65146958eae38d90f9eb161", "name": "tempest.common.compute-instance-129577319", "created": "2015-12-24T18:43:48Z", "tenant_id": "f7ad799bfcca41daa613e6e012c0d6a6", "OS-DCF:diskConfig": "MANUAL", "os-extended-volumes:volumes_attached": [], "accessIPv4": "", "accessIPv6": "", "progress": 0, "OS-EXT-STS:power_state": 1, "config_drive": "True", "metadata": {}}}
2015-12-24 18:43:53,971 21903 INFO     [tempest.scenario.manager] Tenant networks not configured to be reachable.
2015-12-24 18:43:53,989 21903 INFO     [tempest_lib.common.rest_client] Request (TestNetworkAdvancedServerOps:test_server_connectivity_pause_unpause): 200 GET http://10.0.2.15:9696/v2.0/floatingips/00e7a491-11c0-43cd-9b3b-7202ec0136f6 0.017s
2015-12-24 18:43:53,989 21903 DEBUG    [tempest_lib.common.rest_client] Request - Headers: {'Content-Type': 'application/json', 'Accept': 'application/json', 'X-Auth-Token': '&lt;omitted&gt;'}
        Body: None
    Response - Headers: {'status': '200', 'content-length': '367', 'content-location': 'http://10.0.2.15:9696/v2.0/floatingips/00e7a491-11c0-43cd-9b3b-7202ec0136f6', 'connection': 'close', 'date': 'Thu, 24 Dec 2015 18:43:53 GMT', 'content-type': 'application/json; charset=UTF-8', 'x-openstack-request-id': 'req-6311c71d-9016-46db-a918-e06106fecfd1'}
        Body: {"floatingip": {"floating_network_id": "c6651c66-12df-4423-bb10-abcfefe60cdb", "router_id": "f7feca49-e035-4e71-8037-bc166bcacc28", "fixed_ip_address": "10.100.0.3", "floating_ip_address": "172.24.4.4", "tenant_id": "f7ad799bfcca41daa613e6e012c0d6a6", "status": "DOWN", "port_id": "45bf7532-8752-48d7-b496-0e2f85b1847a", "id": "00e7a491-11c0-43cd-9b3b-7202ec0136f6"}}
2015-12-24 18:43:55,004 21903 INFO     [tempest_lib.common.rest_client] Request (TestNetworkAdvancedServerOps:test_server_connectivity_pause_unpause): 200 GET http://10.0.2.15:9696/v2.0/floatingips/00e7a491-11c0-43cd-9b3b-7202ec0136f6 0.013s
2015-12-24 18:43:55,005 21903 DEBUG    [tempest_lib.common.rest_client] Request - Headers: {'Content-Type': 'application/json', 'Accept': 'application/json', 'X-Auth-Token': '&lt;omitted&gt;'}
        Body: None
    Response - Headers: {'status': '200', 'content-length': '369', 'content-location': 'http://10.0.2.15:9696/v2.0/floatingips/00e7a491-11c0-43cd-9b3b-7202ec0136f6', 'connection': 'close', 'date': 'Thu, 24 Dec 2015 18:43:55 GMT', 'content-type': 'application/json; charset=UTF-8', 'x-openstack-request-id': 'req-67c5caa9-dd0c-4fd9-930d-4c41bdfa956d'}
        Body: {"floatingip": {"floating_network_id": "c6651c66-12df-4423-bb10-abcfefe60cdb", "router_id": "f7feca49-e035-4e71-8037-bc166bcacc28", "fixed_ip_address": "10.100.0.3", "floating_ip_address": "172.24.4.4", "tenant_id": "f7ad799bfcca41daa613e6e012c0d6a6", "status": "ACTIVE", "port_id": "45bf7532-8752-48d7-b496-0e2f85b1847a", "id": "00e7a491-11c0-43cd-9b3b-7202ec0136f6"}}
2015-12-24 18:43:55,005 21903 INFO     [tempest.scenario.manager] FloatingIP: &lt;"FloatingIP" addr="172.24.4.4" id="00e7a491-11c0-43cd-9b3b-7202ec0136f6"&gt; is at status: ACTIVE
2015-12-24 18:43:55,006 21903 DEBUG    [tempest.scenario.manager] checking network connections to IP 172.24.4.4 with user: cirros
2015-12-24 18:43:55,006 21903 DEBUG    [tempest.scenario.manager] TestNetworkAdvancedServerOps:test_server_connectivity_pause_unpause begins to ping 172.24.4.4 in 120 sec and the expected result is reachable
2015-12-24 18:45:56,296 21903 DEBUG    [tempest.scenario.manager] TestNetworkAdvancedServerOps:test_server_connectivity_pause_unpause finishes ping 172.24.4.4 in 120 sec and the ping result is unexpected
2015-12-24 18:45:56,297 21903 ERROR    [tempest.scenario.manager] Public network connectivity check failed
2015-12-24 18:45:56.297 21903 ERROR tempest.scenario.manager Traceback (most recent call last):
2015-12-24 18:45:56.297 21903 ERROR tempest.scenario.manager   File "tempest/scenario/manager.py", line 609, in check_public_network_connectivity
2015-12-24 18:45:56.297 21903 ERROR tempest.scenario.manager     should_connect=should_connect)
2015-12-24 18:45:56.297 21903 ERROR tempest.scenario.manager   File "tempest/scenario/manager.py", line 593, in check_vm_connectivity
2015-12-24 18:45:56.297 21903 ERROR tempest.scenario.manager     msg=msg)
2015-12-24 18:45:56.297 21903 ERROR tempest.scenario.manager   File "/usr/local/lib/python2.7/dist-packages/unittest2/case.py", line 702, in assertTrue
2015-12-24 18:45:56.297 21903 ERROR tempest.scenario.manager     raise self.failureException(msg)
2015-12-24 18:45:56.297 21903 ERROR tempest.scenario.manager AssertionError: False is not true : Timed out waiting for 172.24.4.4 to become reachable
2015-12-24 18:45:56.297 21903 ERROR tempest.scenario.manager 
2015-12-24 18:45:56,513 21903 INFO     [tempest_lib.common.rest_client] Request (TestNetworkAdvancedServerOps:test_server_connectivity_pause_unpause): 200 POST http://10.0.2.15:8774/v2.1/f7ad799bfcca41daa613e6e012c0d6a6/servers/ea3e2aa8-ff7f-44d0-ba16-ddc06635f142/action 0.213s
2015-12-24 18:45:56,514 21903 DEBUG    [tempest_lib.common.rest_client] Request - Headers: {'Content-Type': 'application/json', 'Accept': 'application/json', 'X-Auth-Token': '&lt;omitted&gt;'}
        Body: {"os-getConsoleOutput": {}}
    Response - Headers: {'status': '200', 'content-length': '17429', 'x-compute-request-id': 'req-964a70e8-2e87-47ba-bb7e-311780ab48a4', 'vary': 'X-OpenStack-Nova-API-Version', 'connection': 'close', 'x-openstack-nova-api-version': '2.1', 'date': 'Thu, 24 Dec 2015 18:45:56 GMT', 'content-type': 'application/json'}
        Body: {"output": "[    0.000000] Initializing cgroup subsys cpuset\n[    0.000000] Initializing cgroup subsys cpu\n[    0.000000] Linux version 3.2.0-80-virtual (buildd@batsu) (gcc version 4.6.3 (Ubuntu/Linaro 4.6.3-1ubuntu5) ) #116-Ubuntu SMP Mon Mar 23 17:28:52 UTC 2015 (Ubuntu 3.2.0-80.116-virtual 3.2.68)\n[    0.000000] Command line: root=/dev/vda console=tty0 console=ttyS0 no_timer_check\n[    0.000000] KERNEL supported cpus:\n[    0.000000]   Intel GenuineIntel\n[    0.000000]   AMD AuthenticAMD\n[    0.000000]   Centaur CentaurHauls\n[    0.000000] BIOS-provided physical RAM map:\n[    0.000000]  BIOS-e820: 0000000000000000 - 000000000009fc00 (usable)\n[    0.000000]  BIOS-e820: 000000000009fc00 - 00000000000a0000 (reserved)\n[    0.000000]  BIOS-e820: 00000000000f0000 - 0000000000100000 (reserved)\n[    0.000000]  BIOS-e820: 0000000000100000 - 0000000003ffe000 (usable)\n[    0.000000]  BIOS-e820: 0000000003ffe000 - 0000000004000000 (reserved)\n[    0.000000]  BIOS-e820: 00000000fffc0000 - 0000000100000000 (reserved)\n[    0.000000] NX (Execute Disable) protection: active\n[    0.000000] SMBIOS 2.4 present.\n[    0.000000] No AGP bridge found\n[    0.000000] last_pfn = 0x3ffe max_arch_pfn = 0x400000000\n[    0.000000] x86 PAT enabled: cpu 0, old 0x7040600070406, new 0x7010600070106\n[    0.000000] found SMP MP-table at [ffff8800000f0b00] f0b00\n[    0.000000] init_memory_mapping: 0000000000000000-0000000003ffe000\n[    0.000000] RAMDISK: 03c5e000 - 03ff0000\n[    0.000000] ACPI: RSDP 00000000000f0950 00014 (v00 BOCHS )\n[    0.000000] ACPI: RSDT 0000000003fffbc1 00034 (v01 BOCHS  BXPCRSDT 00000001 BXPC 00000001)\n[    0.000000] ACPI: FACP 0000000003fff1c0 00074 (v01 BOCHS  BXPCFACP 00000001 BXPC 00000001)\n[    0.000000] ACPI: DSDT 0000000003ffe040 01180 (v01 BOCHS  BXPCDSDT 00000001 BXPC 00000001)\n[    0.000000] ACPI: FACS 0000000003ffe000 00040\n[    0.000000] ACPI: SSDT 0000000003fff234 008DD (v01 BOCHS  BXPCSSDT 00000001 BXPC 00000001)\n[    0.000000] ACPI: APIC 0000000003fffb11 00078 (v01 BOCHS  BXPCAPIC 00000001 BXPC 00000001)\n[    0.000000] ACPI: HPET 0000000003fffb89 00038 (v01 BOCHS  BXPCHPET 00000001 BXPC 00000001)\n[    0.000000] No NUMA configuration found\n[    0.000000] Faking a node at 0000000000000000-0000000003ffe000\n[    0.000000] Initmem setup node 0 0000000000000000-0000000003ffe000\n[    0.000000]   NODE_DATA [0000000003ff6000 - 0000000003ffafff]\n[    0.000000] Zone PFN ranges:\n[    0.000000]   DMA      0x00000010 -&gt; 0x00001000\n[    0.000000]   DMA32    0x00001000 -&gt; 0x00100000\n[    0.000000]   Normal   empty\n[    0.000000] Movable zone start PFN for each node\n[    0.000000] early_node_map[2] active PFN ranges\n[    0.000000]     0: 0x00000010 -&gt; 0x0000009f\n[    0.000000]     0: 0x00000100 -&gt; 0x00003ffe\n[    0.000000] ACPI: PM-Timer IO Port: 0xb008\n[    0.000000] ACPI: LAPIC (acpi_id[0x00] lapic_id[0x00] enabled)\n[    0.000000] ACPI: LAPIC_NMI (acpi_id[0xff] dfl dfl lint[0x1])\n[    0.000000] ACPI: IOAPIC (id[0x00] address[0xfec00000] gsi_base[0])\n[    0.000000] IOAPIC[0]: apic_id 0, version 17, address 0xfec00000, GSI 0-23\n[    0.000000] ACPI: INT_SRC_OVR (bus 0 bus_irq 0 global_irq 2 dfl dfl)\n[    0.000000] ACPI: INT_SRC_OVR (bus 0 bus_irq 5 global_irq 5 high level)\n[    0.000000] ACPI: INT_SRC_OVR (bus 0 bus_irq 9 global_irq 9 high level)\n[    0.000000] ACPI: INT_SRC_OVR (bus 0 bus_irq 10 global_irq 10 high level)\n[    0.000000] ACPI: INT_SRC_OVR (bus 0 bus_irq 11 global_irq 11 high level)\n[    0.000000] Using ACPI (MADT) for SMP configuration information\n[    0.000000] ACPI: HPET id: 0x8086a201 base: 0xfed00000\n[    0.000000] SMP: Allowing 1 CPUs, 0 hotplug CPUs\n[    0.000000] PM: Registered nosave memory: 000000000009f000 - 00000000000a0000\n[    0.000000] PM: Registered nosave memory: 00000000000a0000 - 00000000000f0000\n[    0.000000] PM: Registered nosave memory: 00000000000f0000 - 0000000000100000\n[    0.000000] Allocating PCI resources starting at 4000000 (gap: 4000000:fbfc0000)\n[    0.000000] Booting paravirtualized kernel on bare hardware\n[    0.000000] setup_pe
2015-12-24 18:45:56,518 21903 DEBUG    [tempest.scenario.manager] Console output for ea3e2aa8-ff7f-44d0-ba16-ddc06635f142
body=
[    0.000000] Initializing cgroup subsys cpuset
[    0.000000] Initializing cgroup subsys cpu
[    0.000000] Linux version 3.2.0-80-virtual (buildd@batsu) (gcc version 4.6.3 (Ubuntu/Linaro 4.6.3-1ubuntu5) ) #116-Ubuntu SMP Mon Mar 23 17:28:52 UTC 2015 (Ubuntu 3.2.0-80.116-virtual 3.2.68)
[    0.000000] Command line: root=/dev/vda console=tty0 console=ttyS0 no_timer_check
[    0.000000] KERNEL supported cpus:
[    0.000000]   Intel GenuineIntel
[    0.000000]   AMD AuthenticAMD
[    0.000000]   Centaur CentaurHauls
[    0.000000] BIOS-provided physical RAM map:
[    0.000000]  BIOS-e820: 0000000000000000 - 000000000009fc00 (usable)
[    0.000000]  BIOS-e820: 000000000009fc00 - 00000000000a0000 (reserved)
[    0.000000]  BIOS-e820: 00000000000f0000 - 0000000000100000 (reserved)
[    0.000000]  BIOS-e820: 0000000000100000 - 0000000003ffe000 (usable)
[    0.000000]  BIOS-e820: 0000000003ffe000 - 0000000004000000 (reserved)
[    0.000000]  BIOS-e820: 00000000fffc0000 - 0000000100000000 (reserved)
[    0.000000] NX (Execute Disable) protection: active
[    0.000000] SMBIOS 2.4 present.
[    0.000000] No AGP bridge found
[    0.000000] last_pfn = 0x3ffe max_arch_pfn = 0x400000000
[    0.000000] x86 PAT enabled: cpu 0, old 0x7040600070406, new 0x7010600070106
[    0.000000] found SMP MP-table at [ffff8800000f0b00] f0b00
[    0.000000] init_memory_mapping: 0000000000000000-0000000003ffe000
[    0.000000] RAMDISK: 03c5e000 - 03ff0000
[    0.000000] ACPI: RSDP 00000000000f0950 00014 (v00 BOCHS )
[    0.000000] ACPI: RSDT 0000000003fffbc1 00034 (v01 BOCHS  BXPCRSDT 00000001 BXPC 00000001)
[    0.000000] ACPI: FACP 0000000003fff1c0 00074 (v01 BOCHS  BXPCFACP 00000001 BXPC 00000001)
[    0.000000] ACPI: DSDT 0000000003ffe040 01180 (v01 BOCHS  BXPCDSDT 00000001 BXPC 00000001)
[    0.000000] ACPI: FACS 0000000003ffe000 00040
[    0.000000] ACPI: SSDT 0000000003fff234 008DD (v01 BOCHS  BXPCSSDT 00000001 BXPC 00000001)
[    0.000000] ACPI: APIC 0000000003fffb11 00078 (v01 BOCHS  BXPCAPIC 00000001 BXPC 00000001)
[    0.000000] ACPI: HPET 0000000003fffb89 00038 (v01 BOCHS  BXPCHPET 00000001 BXPC 00000001)
[    0.000000] No NUMA configuration found
[    0.000000] Faking a node at 0000000000000000-0000000003ffe000
[    0.000000] Initmem setup node 0 0000000000000000-0000000003ffe000
[    0.000000]   NODE_DATA [0000000003ff6000 - 0000000003ffafff]
[    0.000000] Zone PFN ranges:
[    0.000000]   DMA      0x00000010 -&gt; 0x00001000
[    0.000000]   DMA32    0x00001000 -&gt; 0x00100000
[    0.000000]   Normal   empty
[    0.000000] Movable zone start PFN for each node
[    0.000000] early_node_map[2] active PFN ranges
[    0.000000]     0: 0x00000010 -&gt; 0x0000009f
[    0.000000]     0: 0x00000100 -&gt; 0x00003ffe
[    0.000000] ACPI: PM-Timer IO Port: 0xb008
[    0.000000] ACPI: LAPIC (acpi_id[0x00] lapic_id[0x00] enabled)
[    0.000000] ACPI: LAPIC_NMI (acpi_id[0xff] dfl dfl lint[0x1])
[    0.000000] ACPI: IOAPIC (id[0x00] address[0xfec00000] gsi_base[0])
[    0.000000] IOAPIC[0]: apic_id 0, version 17, address 0xfec00000, GSI 0-23
[    0.000000] ACPI: INT_SRC_OVR (bus 0 bus_irq 0 global_irq 2 dfl dfl)
[    0.000000] ACPI: INT_SRC_OVR (bus 0 bus_irq 5 global_irq 5 high level)
[    0.000000] ACPI: INT_SRC_OVR (bus 0 bus_irq 9 global_irq 9 high level)
[    0.000000] ACPI: INT_SRC_OVR (bus 0 bus_irq 10 global_irq 10 high level)
[    0.000000] ACPI: INT_SRC_OVR (bus 0 bus_irq 11 global_irq 11 high level)
[    0.000000] Using ACPI (MADT) for SMP configuration information
[    0.000000] ACPI: HPET id: 0x8086a201 base: 0xfed00000
[    0.000000] SMP: Allowing 1 CPUs, 0 hotplug CPUs
[    0.000000] PM: Registered nosave memory: 000000000009f000 - 00000000000a0000
[    0.000000] PM: Registered nosave memory: 00000000000a0000 - 00000000000f0000
[    0.000000] PM: Registered nosave memory: 00000000000f0000 - 0000000000100000
[    0.000000] Allocating PCI resources starting at 4000000 (gap: 4000000:fbfc0000)
[    0.000000] Booting paravirtualized kernel on bare hardware
[    0.000000] setup_percpu: NR_CPUS:64 nr_cpumask_bits:64 nr_cpu_ids:1 nr_node_ids:1
[    0.000000] PERCPU: Embedded 27 pages/cpu @ffff880003a00000 s78848 r8192 d23552 u2097152
[    0.000000] Built 1 zonelists in Node order, mobility grouping on.  Total pages: 16008
[    0.000000] Policy zone: DMA32
[    0.000000] Kernel command line: root=/dev/vda console=tty0 console=ttyS0 no_timer_check
[    0.000000] PID hash table entries: 256 (order: -1, 2048 bytes)
[    0.000000] Checking aperture...
[    0.000000] No AGP bridge found
[    0.000000] Memory: 43492k/65528k available (6576k kernel code, 452k absent, 21584k reserved, 6620k data, 928k init)
[    0.000000] SLUB: Genslabs=15, HWalign=64, Order=0-3, MinObjects=0, CPUs=1, Nodes=1
[    0.000000] Hierarchical RCU implementation.
[    0.000000] 	RCU dyntick-idle grace-period acceleration is enabled.
[    0.000000] NR_IRQS:4352 nr_irqs:256 16
[    0.000000] Console: colour VGA+ 80x25
[    0.000000] console [tty0] enabled
[    0.000000] console [ttyS0] enabled
[    0.000000] allocated 1048576 bytes of page_cgroup
[    0.000000] please try 'cgroup_disable=memory' option if you don't want memory cgroups
[    0.000000] Fast TSC calibration failed
[    0.000000] TSC: Unable to calibrate against PIT
[    0.000000] TSC: using HPET reference calibration
[    0.000000] Detected 2293.338 MHz processor.
[    0.032862] Calibrating delay loop (skipped), value calculated using timer frequency.. 4586.67 BogoMIPS (lpj=9173352)
[    0.036217] pid_max: default: 32768 minimum: 301
[    0.044726] Security Framework initialized
[    0.050463] AppArmor: AppArmor initialized
[    0.052124] Yama: becoming mindful.
[    0.058370] Dentry cache hash table entries: 8192 (order: 4, 65536 bytes)
[    0.060686] Inode-cache hash table entries: 4096 (order: 3, 32768 bytes)
[    0.064650] Mount-cache hash table entries: 256
[    0.080881] Initializing cgroup subsys cpuacct
[    0.082088] Initializing cgroup subsys memory
[    0.084444] Initializing cgroup subsys devices
[    0.085575] Initializing cgroup subsys freezer
[    0.086250] Initializing cgroup subsys blkio
[    0.088168] Initializing cgroup subsys perf_event
[    0.092842] mce: CPU supports 10 MCE banks
[    0.096664] SMP alternatives: switching to UP code
[    0.486702] Freeing SMP alternatives: 24k freed
[    0.488784] ACPI: Core revision 20110623
[    0.536604] ftrace: allocating 26610 entries in 105 pages
[    0.564852] ..TIMER: vector=0x30 apic1=0 pin1=2 apic2=-1 pin2=-1
[    0.566375] CPU0: AMD QEMU Virtual CPU version 2.0.0 stepping 03
[    0.572035] Performance Events: Broken PMU hardware detected, using software events only.
[    0.581568] NMI watchdog disabled (cpu0): hardware events not enabled
[    0.584652] Brought up 1 CPUs
[    0.585480] Total of 1 processors activated (4586.67 BogoMIPS).
[    0.609257] devtmpfs: initialized
[    0.646330] EVM: security.selinux
[    0.646915] EVM: security.SMACK64
[    0.648096] EVM: security.capability
[    0.668669] print_constraints: dummy: 
[    0.670889] RTC time: 18:43:55, date: 12/24/15
[    0.673668] NET: Registered protocol family 16
[    0.681718] ACPI: bus type pci registered
[    0.689124] PCI: Using configuration type 1 for base access
[    0.722776] bio: create slab &lt;bio-0&gt; at 0
[    0.728180] ACPI: Added _OSI(Module Device)
[    0.728785] ACPI: Added _OSI(Processor Device)
[    0.729802] ACPI: Added _OSI(3.0 _SCP Extensions)
[    0.730441] ACPI: Added _OSI(Processor Aggregator Device)
[    0.813359] ACPI: Interpreter enabled
[    0.814035] ACPI: (supports S0 S3 S4 S5)
[    0.816570] ACPI: Using IOAPIC for interrupt routing
[    0.893704] ACPI: No dock devices found.
[    0.894601] HEST: Table not found.
[    0.895135] PCI: Using host bridge windows from ACPI; if necessary, use "pci=nocrs" and report a bug
[    0.900993] ACPI: PCI Root Bridge [PCI0] (domain 0000 [bus 00-ff])
[    0.906877] pci_root PNP0A03:00: host bridge window [io  0x0000-0x0cf7]
[    0.908197] pci_root PNP0A03:00: host bridge window [io  0x0d00-0xadff]
[    0.909277] pci_root PNP0A03:00: host bridge window [io  0xae0f-0xaeff]
[    0.910161] pci_root PNP0A03:00: host bridge window [io  0xaf20-0xafdf]
[    0.912107] pci_root PNP0A03:00: host bridge window [io  0xafe4-0xffff]
[    0.913111] pci_root PNP0A03:00: host bridge window [mem 0x000a0000-0x000bffff]
[    0.913990] pci_root PNP0A03:00: host bridge window [mem 0x04000000-0xfebfffff]
[    0.934710] pci 0000:00:01.3: quirk: [io  0xb000-0xb03f] claimed by PIIX4 ACPI
[    0.936174] pci 0000:00:01.3: quirk: [io  0xb100-0xb10f] claimed by PIIX4 SMB
[    1.002295]  pci0000:00: Unable to request _OSC control (_OSC support mask: 0x1e)
[    1.057687] ACPI: PCI Interrupt Link [LNKA] (IRQs 5 *10 11)
[    1.060163] ACPI: PCI Interrupt Link [LNKB] (IRQs 5 *10 11)
[    1.061642] ACPI: PCI Interrupt Link [LNKC] (IRQs 5 10 *11)
[    1.064215] ACPI: PCI Interrupt Link [LNKD] (IRQs 5 10 *11)
[    1.065485] ACPI: PCI Interrupt Link [LNKS] (IRQs *9)
[    1.072066] vgaarb: device added: PCI:0000:00:02.0,decodes=io+mem,owns=io+mem,locks=none
[    1.073069] vgaarb: loaded
[    1.073447] vgaarb: bridge control possible 0000:00:02.0
[    1.078534] i2c-core: driver [aat2870] using legacy suspend method
[    1.080113] i2c-core: driver [aat2870] using legacy resume method
[    1.082136] SCSI subsystem initialized
[    1.085951] usbcore: registered new interface driver usbfs
[    1.087057] usbcore: registered new interface driver hub
[    1.088743] usbcore: registered new device driver usb
[    1.093313] PCI: Using ACPI for IRQ routing
[    1.104381] NetLabel: Initializing
[    1.104840] NetLabel:  domain hash size = 128
[    1.105340] NetLabel:  protocols = UNLABELED CIPSOv4
[    1.108387] NetLabel:  unlabeled traffic allowed by default
[    1.110552] HPET: 3 timers in total, 0 timers will be used for per-cpu timer
[    1.112456] hpet0: at MMIO 0xfed00000, IRQs 2, 8, 0
[    1.113331] hpet0: 3 comparators, 64-bit 100.000000 MHz counter
[    1.125982] Switching to clocksource hpet
[    1.379755] AppArmor: AppArmor Filesystem Enabled
[    1.382179] pnp: PnP ACPI init
[    1.383028] ACPI: bus type pnp registered
[    1.403633] pnp: PnP ACPI: found 9 devices
[    1.405062] ACPI: ACPI bus type pnp unregistered
[    1.463944] NET: Registered protocol family 2
[    1.497847] IP route cache hash table entries: 512 (order: 0, 4096 bytes)
[    1.507211] TCP established hash table entries: 2048 (order: 3, 32768 bytes)
[    1.509228] TCP bind hash table entries: 2048 (order: 3, 32768 bytes)
[    1.510086] TCP: Hash tables configured (established 2048 bind 2048)
[    1.511018] TCP reno registered
[    1.511600] UDP hash table entries: 128 (order: 0, 4096 bytes)
[    1.514139] UDP-Lite hash table entries: 128 (order: 0, 4096 bytes)
[    1.518347] NET: Registered protocol family 1
[    1.519413] pci 0000:00:00.0: Limiting direct PCI/PCI transfers
[    1.520046] pci 0000:00:01.0: PIIX3: Enabling Passive Release
[    1.521761] pci 0000:00:01.0: Activating ISA DMA hang workarounds
[    1.526687] ACPI: PCI Interrupt Link [LNKD] enabled at IRQ 11
[    1.527801] pci 0000:00:01.2: PCI INT D -&gt; Link[LNKD] -&gt; GSI 11 (level, high) -&gt; IRQ 11
[    1.530616] pci 0000:00:01.2: PCI INT D disabled
[    1.555399] Trying to unpack rootfs image as initramfs...
[    1.577683] audit: initializing netlink socket (disabled)
[    1.579173] type=2000 audit(1450982635.576:1): initialized
[    1.843581] HugeTLB registered 2 MB page size, pre-allocated 0 pages
[    1.945068] VFS: Disk quotas dquot_6.5.2
[    1.946381] Dquot-cache hash table entries: 512 (order 0, 4096 bytes)
[    1.966390] fuse init (API version 7.17)
[    1.969738] msgmni has been set to 84
[    2.011193] Block layer SCSI generic (bsg) driver version 0.4 loaded (major 253)
[    2.021987] io scheduler noop registered
[    2.022549] io scheduler deadline registered (default)
[    2.023755] io scheduler cfq registered
[    2.027238] pci_hotplug: PCI Hot Plug PCI Core version: 0.5
[    2.029452] pciehp: PCI Express Hot Plug Controller Driver version: 0.4
[    2.035624] input: Power Button as /devices/LNXSYSTM:00/LNXPWRBN:00/input/input0
[    2.037697] ACPI: Power Button [PWRF]
[    2.093233] ERST: Table is not found!
[    2.093771] GHES: HEST is not enabled!
[    2.102441] ACPI: PCI Interrupt Link [LNKC] enabled at IRQ 10
[    2.103451] virtio-pci 0000:00:03.0: PCI INT A -&gt; Link[LNKC] -&gt; GSI 10 (level, high) -&gt; IRQ 10
[    2.107035] virtio-pci 0000:00:04.0: PCI INT A -&gt; Link[LNKD] -&gt; GSI 11 (level, high) -&gt; IRQ 11
[    2.119522] ACPI: PCI Interrupt Link [LNKA] enabled at IRQ 10
[    2.121279] virtio-pci 0000:00:05.0: PCI INT A -&gt; Link[LNKA] -&gt; GSI 10 (level, high) -&gt; IRQ 10
[    2.133729] Serial: 8250/16550 driver, 32 ports, IRQ sharing enabled
[    2.177507] serial8250: ttyS0 at I/O 0x3f8 (irq = 4) is a 16550A
[    2.264780] serial8250: ttyS1 at I/O 0x2f8 (irq = 3) is a 16550A
[    2.399126] 00:05: ttyS0 at I/O 0x3f8 (irq = 4) is a 16550A
[    2.470896] 00:06: ttyS1 at I/O 0x2f8 (irq = 3) is a 16550A
[    2.521481] Linux agpgart interface v0.103
[    2.538661] Refined TSC clocksource calibration: 2293.342 MHz.
[    2.539265] Switching to clocksource tsc
[    2.587369] brd: module loaded
[    2.614516] loop: module loaded
[    2.657422]  vda: unknown partition table
[    2.701674] scsi0 : ata_piix
[    2.709492] scsi1 : ata_piix
[    2.710574] ata1: PATA max MWDMA2 cmd 0x1f0 ctl 0x3f6 bmdma 0xc0a0 irq 14
[    2.711336] ata2: PATA max MWDMA2 cmd 0x170 ctl 0x376 bmdma 0xc0a8 irq 15
[    2.721324] Fixed MDIO Bus: probed
[    2.722154] tun: Universal TUN/TAP device driver, 1.6
[    2.722672] tun: (C) 1999-2004 Max Krasnyansky &lt;maxk@qualcomm.com&gt;
[    2.739105] PPP generic driver version 2.4.2
[    2.763552] ehci_hcd: USB 2.0 'Enhanced' Host Controller (EHCI) Driver
[    2.765667] ohci_hcd: USB 1.1 'Open' Host Controller (OHCI) Driver
[    2.766598] uhci_hcd: USB Universal Host Controller Interface driver
[    2.767595] uhci_hcd 0000:00:01.2: PCI INT D -&gt; Link[LNKD] -&gt; GSI 11 (level, high) -&gt; IRQ 11
[    2.771306] uhci_hcd 0000:00:01.2: UHCI Host Controller
[    2.789634] uhci_hcd 0000:00:01.2: new USB bus registered, assigned bus number 1
[    2.791296] uhci_hcd 0000:00:01.2: irq 11, io base 0x0000c040
[    2.818829] hub 1-0:1.0: USB hub found
[    2.820497] hub 1-0:1.0: 2 ports detected
[    2.829464] usbcore: registered new interface driver libusual
[    2.833232] i8042: PNP: PS/2 Controller [PNP0303:KBD,PNP0f13:MOU] at 0x60,0x64 irq 1,12
[    2.843301] serio: i8042 KBD port at 0x60,0x64 irq 1
[    2.845216] serio: i8042 AUX port at 0x60,0x64 irq 12
[    2.855321] mousedev: PS/2 mouse device common for all mice
[    2.875634] rtc_cmos 00:01: RTC can wake from S4
[    2.894314] rtc_cmos 00:01: rtc core: registered rtc_cmos as rtc0
[    2.899776] rtc0: alarms up to one day, 114 bytes nvram, hpet irqs
[    2.908101] device-mapper: uevent: version 1.0.3
[    2.934815] input: AT Translated Set 2 keyboard as /devices/platform/i8042/serio0/input/input1
[    2.955917] device-mapper: ioctl: 4.22.0-ioctl (2011-10-19) initialised: dm-devel@redhat.com
[    2.959653] cpuidle: using governor ladder
[    2.960924] cpuidle: using governor menu
[    2.961427] EFI Variables Facility v0.08 2004-May-17
[    2.977519] TCP cubic registered
[    2.986264] NET: Registered protocol family 10
[    3.019997] NET: Registered protocol family 17
[    3.022896] Registering the dns_resolver key type
[    3.038933] ata2.01: ATAPI: QEMU DVD-ROM, 2.0.0, max UDMA/100
[    3.058540] ata2.01: configured for MWDMA2
[    3.095949] scsi 1:0:1:0: CD-ROM            QEMU     QEMU DVD-ROM     2.0. PQ: 0 ANSI: 5
[    3.121412] sr0: scsi3-mmc drive: 4x/4x cd/rw xa/form2 tray
[    3.123231] cdrom: Uniform CD-ROM driver Revision: 3.20
[    3.140844] sr 1:0:1:0: Attached scsi generic sg0 type 5
[    3.194900] registered taskstats version 1
[    3.241553] Freeing initrd memory: 3656k freed
[    3.754730]   Magic number: 11:435:747
[    3.767542] rtc_cmos 00:01: setting system clock to 2015-12-24 18:43:58 UTC (1450982638)
[    3.771043] powernow-k8: Processor cpuid 663 not supported
[    3.778645] BIOS EDD facility v0.16 2004-Jun-25, 0 devices found
[    3.779605] EDD information not available.
[    3.844978] Freeing unused kernel memory: 928k freed
[    3.850330] Write protecting the kernel read-only data: 12288k
[    3.942637] Freeing unused kernel memory: 1596k freed
[    3.999526] Freeing unused kernel memory: 1184k freed

info: initramfs: up at 4.15
modprobe: module virtio_blk not found in modules.dep
modprobe: module virtio_net not found in modules.dep
info: copying initramfs to /dev/vda
info: initramfs loading root from /dev/vda
info: /etc/init.d/rc.sysinit: up at 8.74
info: container: none
Starting logging: OK
modprobe: module virtio_blk not found in modules.dep
modprobe: module virtio_net not found in modules.dep
WARN: /etc/rc3.d/S10-load-modules failed
Initializing random number generator... done.
Starting acpid: OK
cirros-ds 'local' up at 11.18
found datasource (configdrive, local)
Starting network...
udhcpc (v1.20.1) started
Sending discover...
Sending discover...

2015-12-24 18:45:56,805 21903 INFO     [tempest_lib.common.rest_client] Request (TestNetworkAdvancedServerOps:_run_cleanups): 204 DELETE http://10.0.2.15:9696/v2.0/floatingips/00e7a491-11c0-43cd-9b3b-7202ec0136f6 0.281s
2015-12-24 18:45:56,806 21903 DEBUG    [tempest_lib.common.rest_client] Request - Headers: {'Content-Type': 'application/json', 'Accept': 'application/json', 'X-Auth-Token': '&lt;omitted&gt;'}
        Body: None
    Response - Headers: {'date': 'Thu, 24 Dec 2015 18:45:56 GMT', 'status': '204', 'connection': 'close', 'content-length': '0', 'x-openstack-request-id': 'req-74d8a2ec-30b2-4262-9ae5-3dffa77b2db0'}
        Body: 
2015-12-24 18:45:57,149 21903 INFO     [tempest_lib.common.rest_client] Request (TestNetworkAdvancedServerOps:_run_cleanups): 204 DELETE http://10.0.2.15:8774/v2.1/f7ad799bfcca41daa613e6e012c0d6a6/servers/ea3e2aa8-ff7f-44d0-ba16-ddc06635f142 0.343s
2015-12-24 18:45:57,150 21903 DEBUG    [tempest_lib.common.rest_client] Request - Headers: {'Content-Type': 'application/json', 'Accept': 'application/json', 'X-Auth-Token': '&lt;omitted&gt;'}
        Body: None
    Response - Headers: {'status': '204', 'content-length': '0', 'x-compute-request-id': 'req-c40fe117-c904-4ee4-9246-c14e8e46ed53', 'vary': 'X-OpenStack-Nova-API-Version', 'connection': 'close', 'x-openstack-nova-api-version': '2.1', 'date': 'Thu, 24 Dec 2015 18:45:57 GMT', 'content-type': 'application/json'}
        Body: 
2015-12-24 18:45:57,395 21903 INFO     [tempest_lib.common.rest_client] Request (TestNetworkAdvancedServerOps:_run_cleanups): 200 GET http://10.0.2.15:8774/v2.1/f7ad799bfcca41daa613e6e012c0d6a6/servers/ea3e2aa8-ff7f-44d0-ba16-ddc06635f142 0.244s
2015-12-24 18:45:57,396 21903 DEBUG    [tempest_lib.common.rest_client] Request - Headers: {'Content-Type': 'application/json', 'Accept': 'application/json', 'X-Auth-Token': '&lt;omitted&gt;'}
        Body: None
    Response - Headers: {'status': '200', 'content-length': '1785', 'content-location': 'http://10.0.2.15:8774/v2.1/f7ad799bfcca41daa613e6e012c0d6a6/servers/ea3e2aa8-ff7f-44d0-ba16-ddc06635f142', 'x-compute-request-id': 'req-d6166c09-d5d4-4788-b7a8-81118d1c5b39', 'vary': 'X-OpenStack-Nova-API-Version', 'connection': 'close', 'x-openstack-nova-api-version': '2.1', 'date': 'Thu, 24 Dec 2015 18:45:57 GMT', 'content-type': 'application/json'}
        Body: {"server": {"status": "ACTIVE", "updated": "2015-12-24T18:45:57Z", "hostId": "aec3c76eff7a1e19d14f834189a173b4af862d25937d695ce69beeba", "addresses": {"tempest-network-smoke--2130678673": [{"OS-EXT-IPS-MAC:mac_addr": "fa:16:3e:47:f1:46", "version": 4, "addr": "10.100.0.3", "OS-EXT-IPS:type": "fixed"}, {"OS-EXT-IPS-MAC:mac_addr": "fa:16:3e:47:f1:46", "version": 4, "addr": "172.24.4.4", "OS-EXT-IPS:type": "floating"}]}, "links": [{"href": "http://10.0.2.15:8774/v2.1/f7ad799bfcca41daa613e6e012c0d6a6/servers/ea3e2aa8-ff7f-44d0-ba16-ddc06635f142", "rel": "self"}, {"href": "http://10.0.2.15:8774/f7ad799bfcca41daa613e6e012c0d6a6/servers/ea3e2aa8-ff7f-44d0-ba16-ddc06635f142", "rel": "bookmark"}], "key_name": "tempest-TestNetworkAdvancedServerOps-2050571381", "image": {"id": "7f0e85c8-407d-4a4e-8408-2e9ce3ee1bbb", "links": [{"href": "http://10.0.2.15:8774/f7ad799bfcca41daa613e6e012c0d6a6/images/7f0e85c8-407d-4a4e-8408-2e9ce3ee1bbb", "rel": "bookmark"}]}, "OS-EXT-STS:task_state": "deleting", "OS-EXT-STS:vm_state": "active", "OS-SRV-USG:launched_at": "2015-12-24T18:43:52.000000", "flavor": {"id": "42", "links": [{"href": "http://10.0.2.15:8774/f7ad799bfcca41daa613e6e012c0d6a6/flavors/42", "rel": "bookmark"}]}, "id": "ea3e2aa8-ff7f-44d0-ba16-ddc06635f142", "security_groups": [{"name": "tempest-secgroup-smoke-1401923563"}], "OS-SRV-USG:terminated_at": null, "OS-EXT-AZ:availability_zone": "nova", "user_id": "85b0d6d3c65146958eae38d90f9eb161", "name": "tempest.common.compute-instance-129577319", "created": "2015-12-24T18:43:48Z", "tenant_id": "f7ad799bfcca41daa613e6e012c0d6a6", "OS-DCF:diskConfig": "MANUAL", "os-extended-volumes:volumes_attached": [], "accessIPv4": "", "accessIPv6": "", "progress": 0, "OS-EXT-STS:power_state": 1, "config_drive": "True", "metadata": {}}}
2015-12-24 18:45:58,560 21903 INFO     [tempest_lib.common.rest_client] Request (TestNetworkAdvancedServerOps:_run_cleanups): 200 GET http://10.0.2.15:8774/v2.1/f7ad799bfcca41daa613e6e012c0d6a6/servers/ea3e2aa8-ff7f-44d0-ba16-ddc06635f142 0.144s
2015-12-24 18:45:58,562 21903 DEBUG    [tempest_lib.common.rest_client] Request - Headers: {'Content-Type': 'application/json', 'Accept': 'application/json', 'X-Auth-Token': '&lt;omitted&gt;'}
        Body: None
    Response - Headers: {'status': '200', 'content-length': '1449', 'content-location': 'http://10.0.2.15:8774/v2.1/f7ad799bfcca41daa613e6e012c0d6a6/servers/ea3e2aa8-ff7f-44d0-ba16-ddc06635f142', 'x-compute-request-id': 'req-f3473858-f965-4581-a5c7-e707b88c1a20', 'vary': 'X-OpenStack-Nova-API-Version', 'connection': 'close', 'x-openstack-nova-api-version': '2.1', 'date': 'Thu, 24 Dec 2015 18:45:58 GMT', 'content-type': 'application/json'}
        Body: {"server": {"status": "ACTIVE", "updated": "2015-12-24T18:45:57Z", "hostId": "aec3c76eff7a1e19d14f834189a173b4af862d25937d695ce69beeba", "addresses": {}, "links": [{"href": "http://10.0.2.15:8774/v2.1/f7ad799bfcca41daa613e6e012c0d6a6/servers/ea3e2aa8-ff7f-44d0-ba16-ddc06635f142", "rel": "self"}, {"href": "http://10.0.2.15:8774/f7ad799bfcca41daa613e6e012c0d6a6/servers/ea3e2aa8-ff7f-44d0-ba16-ddc06635f142", "rel": "bookmark"}], "key_name": "tempest-TestNetworkAdvancedServerOps-2050571381", "image": {"id": "7f0e85c8-407d-4a4e-8408-2e9ce3ee1bbb", "links": [{"href": "http://10.0.2.15:8774/f7ad799bfcca41daa613e6e012c0d6a6/images/7f0e85c8-407d-4a4e-8408-2e9ce3ee1bbb", "rel": "bookmark"}]}, "OS-EXT-STS:task_state": "deleting", "OS-EXT-STS:vm_state": "active", "OS-SRV-USG:launched_at": "2015-12-24T18:43:52.000000", "flavor": {"id": "42", "links": [{"href": "http://10.0.2.15:8774/f7ad799bfcca41daa613e6e012c0d6a6/flavors/42", "rel": "bookmark"}]}, "id": "ea3e2aa8-ff7f-44d0-ba16-ddc06635f142", "OS-SRV-USG:terminated_at": null, "OS-EXT-AZ:availability_zone": "nova", "user_id": "85b0d6d3c65146958eae38d90f9eb161", "name": "tempest.common.compute-instance-129577319", "created": "2015-12-24T18:43:48Z", "tenant_id": "f7ad799bfcca41daa613e6e012c0d6a6", "OS-DCF:diskConfig": "MANUAL", "os-extended-volumes:volumes_attached": [], "accessIPv4": "", "accessIPv6": "", "progress": 0, "OS-EXT-STS:power_state": 1, "config_drive": "True", "metadata": {}}}
2015-12-24 18:45:59,658 21903 INFO     [tempest_lib.common.rest_client] Request (TestNetworkAdvancedServerOps:_run_cleanups): 404 GET http://10.0.2.15:8774/v2.1/f7ad799bfcca41daa613e6e012c0d6a6/servers/ea3e2aa8-ff7f-44d0-ba16-ddc06635f142 0.081s
2015-12-24 18:45:59,658 21903 DEBUG    [tempest_lib.common.rest_client] Request - Headers: {'Content-Type': 'application/json', 'Accept': 'application/json', 'X-Auth-Token': '&lt;omitted&gt;'}
        Body: None
    Response - Headers: {'status': '404', 'content-length': '111', 'x-compute-request-id': 'req-d09c9e9c-7526-437b-8ec8-ac46a22b3ea2', 'vary': 'X-OpenStack-Nova-API-Version', 'connection': 'close', 'x-openstack-nova-api-version': '2.1', 'date': 'Thu, 24 Dec 2015 18:45:59 GMT', 'content-type': 'application/json; charset=UTF-8'}
        Body: {"itemNotFound": {"message": "Instance ea3e2aa8-ff7f-44d0-ba16-ddc06635f142 could not be found.", "code": 404}}
2015-12-24 18:46:00,138 21903 INFO     [tempest_lib.common.rest_client] Request (TestNetworkAdvancedServerOps:_run_cleanups): 200 PUT http://10.0.2.15:9696/v2.0/routers/f7feca49-e035-4e71-8037-bc166bcacc28/remove_router_interface 0.478s
2015-12-24 18:46:00,139 21903 DEBUG    [tempest_lib.common.rest_client] Request - Headers: {'Content-Type': 'application/json', 'Accept': 'application/json', 'X-Auth-Token': '&lt;omitted&gt;'}
        Body: {"subnet_id": "f6f90119-c36d-48ed-8d8d-cdd94ca02f32"}
    Response - Headers: {'status': '200', 'content-length': '255', 'connection': 'close', 'date': 'Thu, 24 Dec 2015 18:46:00 GMT', 'content-type': 'application/json; charset=UTF-8', 'x-openstack-request-id': 'req-e3211895-b648-4632-8fb9-fd170a6b1dea'}
        Body: {"subnet_id": "f6f90119-c36d-48ed-8d8d-cdd94ca02f32", "tenant_id": "f7ad799bfcca41daa613e6e012c0d6a6", "subnet_ids": ["f6f90119-c36d-48ed-8d8d-cdd94ca02f32"], "port_id": "086ed687-3097-4625-9d7e-0fdcbd62f2e0", "id": "f7feca49-e035-4e71-8037-bc166bcacc28"}
2015-12-24 18:46:00,543 21903 INFO     [tempest_lib.common.rest_client] Request (TestNetworkAdvancedServerOps:_run_cleanups): 204 DELETE http://10.0.2.15:9696/v2.0/subnets/f6f90119-c36d-48ed-8d8d-cdd94ca02f32 0.403s
2015-12-24 18:46:00,544 21903 DEBUG    [tempest_lib.common.rest_client] Request - Headers: {'Content-Type': 'application/json', 'Accept': 'application/json', 'X-Auth-Token': '&lt;omitted&gt;'}
        Body: None
    Response - Headers: {'date': 'Thu, 24 Dec 2015 18:46:00 GMT', 'status': '204', 'connection': 'close', 'content-length': '0', 'x-openstack-request-id': 'req-6244a7e3-61f2-4952-b6bf-fd0d7a2d5557'}
        Body: 
2015-12-24 18:46:00,598 21903 INFO     [tempest_lib.common.rest_client] Request (TestNetworkAdvancedServerOps:_run_cleanups): 200 GET http://10.0.2.15:9696/v2.0/routers/f7feca49-e035-4e71-8037-bc166bcacc28 0.053s
2015-12-24 18:46:00,598 21903 DEBUG    [tempest_lib.common.rest_client] Request - Headers: {'Content-Type': 'application/json', 'Accept': 'application/json', 'X-Auth-Token': '&lt;omitted&gt;'}
        Body: None
    Response - Headers: {'status': '200', 'content-length': '564', 'content-location': 'http://10.0.2.15:9696/v2.0/routers/f7feca49-e035-4e71-8037-bc166bcacc28', 'connection': 'close', 'date': 'Thu, 24 Dec 2015 18:46:00 GMT', 'content-type': 'application/json; charset=UTF-8', 'x-openstack-request-id': 'req-27b610bb-6d47-4de9-9ca9-75b1a70f4fe9'}
        Body: {"router": {"status": "ACTIVE", "external_gateway_info": {"network_id": "c6651c66-12df-4423-bb10-abcfefe60cdb", "enable_snat": true, "external_fixed_ips": [{"subnet_id": "557d5a70-0d46-4f6b-95e9-8cb3819c4242", "ip_address": "172.24.4.3"}, {"subnet_id": "37884cdc-df6a-468f-aa6c-9c71e7a5af0d", "ip_address": "2001:db8::4"}]}, "availability_zone_hints": [], "availability_zones": ["nova"], "name": "tempest-router-smoke-1417305230", "admin_state_up": true, "tenant_id": "f7ad799bfcca41daa613e6e012c0d6a6", "routes": [], "id": "f7feca49-e035-4e71-8037-bc166bcacc28"}}
2015-12-24 18:46:01,014 21903 INFO     [tempest_lib.common.rest_client] Request (TestNetworkAdvancedServerOps:_run_cleanups): 200 PUT http://10.0.2.15:9696/v2.0/routers/f7feca49-e035-4e71-8037-bc166bcacc28 0.414s
2015-12-24 18:46:01,014 21903 DEBUG    [tempest_lib.common.rest_client] Request - Headers: {'Content-Type': 'application/json', 'Accept': 'application/json', 'X-Auth-Token': '&lt;omitted&gt;'}
        Body: {"router": {"external_gateway_info": {}, "name": "tempest-router-smoke-1417305230", "admin_state_up": true}}
    Response - Headers: {'status': '200', 'content-length': '302', 'connection': 'close', 'date': 'Thu, 24 Dec 2015 18:46:01 GMT', 'content-type': 'application/json; charset=UTF-8', 'x-openstack-request-id': 'req-dd2b9264-2853-4580-99bc-599dae8dbc31'}
        Body: {"router": {"status": "ACTIVE", "external_gateway_info": null, "availability_zone_hints": [], "availability_zones": ["nova"], "name": "tempest-router-smoke-1417305230", "admin_state_up": true, "tenant_id": "f7ad799bfcca41daa613e6e012c0d6a6", "routes": [], "id": "f7feca49-e035-4e71-8037-bc166bcacc28"}}
2015-12-24 18:46:01,249 21903 INFO     [tempest_lib.common.rest_client] Request (TestNetworkAdvancedServerOps:_run_cleanups): 204 DELETE http://10.0.2.15:9696/v2.0/routers/f7feca49-e035-4e71-8037-bc166bcacc28 0.234s
2015-12-24 18:46:01,249 21903 DEBUG    [tempest_lib.common.rest_client] Request - Headers: {'Content-Type': 'application/json', 'Accept': 'application/json', 'X-Auth-Token': '&lt;omitted&gt;'}
        Body: None
    Response - Headers: {'date': 'Thu, 24 Dec 2015 18:46:01 GMT', 'status': '204', 'connection': 'close', 'content-length': '0', 'x-openstack-request-id': 'req-db127322-09ca-47c2-bc63-c78f3921cee7'}
        Body: 
2015-12-24 18:46:01,468 21903 INFO     [tempest_lib.common.rest_client] Request (TestNetworkAdvancedServerOps:_run_cleanups): 204 DELETE http://10.0.2.15:9696/v2.0/networks/b80b8169-48d5-4704-bb58-232cb14990da 0.217s
2015-12-24 18:46:01,468 21903 DEBUG    [tempest_lib.common.rest_client] Request - Headers: {'Content-Type': 'application/json', 'Accept': 'application/json', 'X-Auth-Token': '&lt;omitted&gt;'}
        Body: None
    Response - Headers: {'date': 'Thu, 24 Dec 2015 18:46:01 GMT', 'status': '204', 'connection': 'close', 'content-length': '0', 'x-openstack-request-id': 'req-28aad245-eea0-47c8-ad8a-28200feaa7f3'}
        Body: 
2015-12-24 18:46:01,524 21903 INFO     [tempest_lib.common.rest_client] Request (TestNetworkAdvancedServerOps:_run_cleanups): 204 DELETE http://10.0.2.15:9696/v2.0/security-group-rules/f82ddaa1-19b1-4e57-9d7b-e64f8edc4f7f 0.055s
2015-12-24 18:46:01,525 21903 DEBUG    [tempest_lib.common.rest_client] Request - Headers: {'Content-Type': 'application/json', 'Accept': 'application/json', 'X-Auth-Token': '&lt;omitted&gt;'}
        Body: None
    Response - Headers: {'date': 'Thu, 24 Dec 2015 18:46:01 GMT', 'status': '204', 'connection': 'close', 'content-length': '0', 'x-openstack-request-id': 'req-2c326e02-6166-44ea-9e8f-ed7cab7f3712'}
        Body: 
2015-12-24 18:46:01,594 21903 INFO     [tempest_lib.common.rest_client] Request (TestNetworkAdvancedServerOps:_run_cleanups): 204 DELETE http://10.0.2.15:9696/v2.0/security-group-rules/34fe6289-e292-4ba6-98ab-2cb0a3c938ee 0.069s
2015-12-24 18:46:01,595 21903 DEBUG    [tempest_lib.common.rest_client] Request - Headers: {'Content-Type': 'application/json', 'Accept': 'application/json', 'X-Auth-Token': '&lt;omitted&gt;'}
        Body: None
    Response - Headers: {'date': 'Thu, 24 Dec 2015 18:46:01 GMT', 'status': '204', 'connection': 'close', 'content-length': '0', 'x-openstack-request-id': 'req-070e5c30-9ab6-4afe-a26f-c79d99306ae9'}
        Body: 
2015-12-24 18:46:01,653 21903 INFO     [tempest_lib.common.rest_client] Request (TestNetworkAdvancedServerOps:_run_cleanups): 204 DELETE http://10.0.2.15:9696/v2.0/security-group-rules/7c12755a-2d98-4212-aa1b-22e4317476b5 0.057s
2015-12-24 18:46:01,654 21903 DEBUG    [tempest_lib.common.rest_client] Request - Headers: {'Content-Type': 'application/json', 'Accept': 'application/json', 'X-Auth-Token': '&lt;omitted&gt;'}
        Body: None
    Response - Headers: {'date': 'Thu, 24 Dec 2015 18:46:01 GMT', 'status': '204', 'connection': 'close', 'content-length': '0', 'x-openstack-request-id': 'req-3f1418b9-c8ef-4835-9441-a0f2c16d0a8b'}
        Body: 
2015-12-24 18:46:01,714 21903 INFO     [tempest_lib.common.rest_client] Request (TestNetworkAdvancedServerOps:_run_cleanups): 204 DELETE http://10.0.2.15:9696/v2.0/security-group-rules/99a88443-aefb-45f0-860f-d7c2b9c8451d 0.060s
2015-12-24 18:46:01,715 21903 DEBUG    [tempest_lib.common.rest_client] Request - Headers: {'Content-Type': 'application/json', 'Accept': 'application/json', 'X-Auth-Token': '&lt;omitted&gt;'}
        Body: None
    Response - Headers: {'date': 'Thu, 24 Dec 2015 18:46:01 GMT', 'status': '204', 'connection': 'close', 'content-length': '0', 'x-openstack-request-id': 'req-545b659e-08ad-4ccb-b506-382276137256'}
        Body: 
2015-12-24 18:46:01,780 21903 INFO     [tempest_lib.common.rest_client] Request (TestNetworkAdvancedServerOps:_run_cleanups): 204 DELETE http://10.0.2.15:9696/v2.0/security-group-rules/1f2cae74-71a6-4d61-b380-ac478d591829 0.064s
2015-12-24 18:46:01,780 21903 DEBUG    [tempest_lib.common.rest_client] Request - Headers: {'Content-Type': 'application/json', 'Accept': 'application/json', 'X-Auth-Token': '&lt;omitted&gt;'}
        Body: None
    Response - Headers: {'date': 'Thu, 24 Dec 2015 18:46:01 GMT', 'status': '204', 'connection': 'close', 'content-length': '0', 'x-openstack-request-id': 'req-f9081440-d49a-40df-a359-456994de3dc9'}
        Body: 
2015-12-24 18:46:01,838 21903 INFO     [tempest_lib.common.rest_client] Request (TestNetworkAdvancedServerOps:_run_cleanups): 204 DELETE http://10.0.2.15:9696/v2.0/security-group-rules/14cb020c-dd89-4808-8331-385c1b44b0bd 0.057s
2015-12-24 18:46:01,839 21903 DEBUG    [tempest_lib.common.rest_client] Request - Headers: {'Content-Type': 'application/json', 'Accept': 'application/json', 'X-Auth-Token': '&lt;omitted&gt;'}
        Body: None
    Response - Headers: {'date': 'Thu, 24 Dec 2015 18:46:01 GMT', 'status': '204', 'connection': 'close', 'content-length': '0', 'x-openstack-request-id': 'req-c9237344-6dd5-4fc4-80a5-0818769a51d7'}
        Body: 
2015-12-24 18:46:01,937 21903 INFO     [tempest_lib.common.rest_client] Request (TestNetworkAdvancedServerOps:_run_cleanups): 204 DELETE http://10.0.2.15:9696/v2.0/security-groups/db9489d2-a1a3-497d-8357-c1861af8d276 0.097s
2015-12-24 18:46:01,938 21903 DEBUG    [tempest_lib.common.rest_client] Request - Headers: {'Content-Type': 'application/json', 'Accept': 'application/json', 'X-Auth-Token': '&lt;omitted&gt;'}
        Body: None
    Response - Headers: {'date': 'Thu, 24 Dec 2015 18:46:01 GMT', 'status': '204', 'connection': 'close', 'content-length': '0', 'x-openstack-request-id': 'req-11b42801-bdcf-4806-bd8a-47f32cd88527'}
        Body: 
2015-12-24 18:46:01,957 21903 INFO     [tempest_lib.common.rest_client] Request (TestNetworkAdvancedServerOps:_run_cleanups): 202 DELETE http://10.0.2.15:8774/v2.1/f7ad799bfcca41daa613e6e012c0d6a6/os-keypairs/tempest-TestNetworkAdvancedServerOps-2050571381 0.018s
2015-12-24 18:46:01,958 21903 DEBUG    [tempest_lib.common.rest_client] Request - Headers: {'Content-Type': 'application/json', 'Accept': 'application/json', 'X-Auth-Token': '&lt;omitted&gt;'}
        Body: None
    Response - Headers: {'status': '202', 'content-length': '0', 'x-compute-request-id': 'req-14b46f88-6394-48a3-8d51-2cb5485ed3e7', 'vary': 'X-OpenStack-Nova-API-Version', 'connection': 'close', 'x-openstack-nova-api-version': '2.1', 'date': 'Thu, 24 Dec 2015 18:46:01 GMT', 'content-type': 'application/json'}
        Body: 
2015-12-24 18:46:02,045 21903 INFO     [tempest_lib.common.rest_client] Request (TestNetworkAdvancedServerOps:_run_cleanups): 404 GET http://10.0.2.15:8774/v2.1/f7ad799bfcca41daa613e6e012c0d6a6/servers/ea3e2aa8-ff7f-44d0-ba16-ddc06635f142 0.085s
2015-12-24 18:46:02,045 21903 DEBUG    [tempest_lib.common.rest_client] Request - Headers: {'Content-Type': 'application/json', 'Accept': 'application/json', 'X-Auth-Token': '&lt;omitted&gt;'}
        Body: None
    Response - Headers: {'status': '404', 'content-length': '111', 'x-compute-request-id': 'req-2212089d-bff8-4254-903a-a41a48fb5a18', 'vary': 'X-OpenStack-Nova-API-Version', 'connection': 'close', 'x-openstack-nova-api-version': '2.1', 'date': 'Thu, 24 Dec 2015 18:46:02 GMT', 'content-type': 'application/json; charset=UTF-8'}
        Body: {"itemNotFound": {"message": "Instance ea3e2aa8-ff7f-44d0-ba16-ddc06635f142 could not be found.", "code": 404}}
}}}

Traceback (most recent call last):
  File "tempest/test.py", line 113, in wrapper
    return f(self, *func_args, **func_kwargs)
  File "tempest/scenario/test_network_advanced_server_ops.py", line 134, in test_server_connectivity_pause_unpause
    server, keypair, floating_ip = self._setup_network_and_servers()
  File "tempest/scenario/test_network_advanced_server_ops.py", line 71, in _setup_network_and_servers
    server, keypair, floating_ip)
  File "tempest/scenario/test_network_advanced_server_ops.py", line 95, in _wait_server_status_and_check_network_connectivity
    self._check_network_connectivity(server, keypair, floating_ip)
  File "tempest/scenario/test_network_advanced_server_ops.py", line 88, in _check_network_connectivity
    servers=[server])
  File "tempest/scenario/manager.py", line 609, in check_public_network_connectivity
    should_connect=should_connect)
  File "tempest/scenario/manager.py", line 593, in check_vm_connectivity
    msg=msg)
  File "/usr/local/lib/python2.7/dist-packages/unittest2/case.py", line 702, in assertTrue
    raise self.failureException(msg)
AssertionError: False is not true : Timed out waiting for 172.24.4.4 to become reachable



        </pre>
    </div>
    <!--css div popup end-->

    </td>
</tr>

<tr id='ft1.2' class='none'>
    <td class='failCase'><div class='testcase'>test_server_connectivity_reboot[compute,id-7b6860c2-afa3-4846-9522-adeb38dfbe08,network]</div></td>
    <td colspan='7' align='left'>

    <!--css div popup start-->
    <a class="popup_link" onfocus='this.blur();'
    href="javascript:showTestDetail('div_ft1.2')" >
        fail</a>

    <div id='div_ft1.2' class="popup_window">
        <div style='text-align: right; color:red;cursor:pointer'>
        <a onfocus='this.blur();'
onclick="document.getElementById('div_ft1.2').style.display = 'none' " >
           [x]</a>
        </div>
        <pre>
        
ft1.2: tempest.scenario.test_network_advanced_server_ops.TestNetworkAdvancedServerOps.test_server_connectivity_reboot[compute,id-7b6860c2-afa3-4846-9522-adeb38dfbe08,network]_StringException: Empty attachments:
  stderr
  stdout

