<?xml version="1.0" encoding="UTF-8"?>
<!DOCTYPE html PUBLIC "-//W3C//DTD XHTML 1.0 Strict//EN"
     "http://www.w3.org/TR/xhtml1/DTD/xhtml1-strict.dtd">
<html xmlns="http://www.w3.org/1999/xhtml">
<head>
    <title>Unit Test Report</title>
    <meta name="generator" content="subunit2html 0.1"/>
    <meta http-equiv="Content-Type" content="text/html; charset=UTF-8"/>
    
<style type="text/css" media="screen">
body        { font-family: verdana, arial, helvetica, sans-serif;
    font-size: 80%; }
table       { font-size: 100%; width: 100%;}
pre         { font-size: 80%; }

/* -- heading -------------------------------------------------------------- */
h1 {
        font-size: 16pt;
        color: gray;
}
.heading {
    margin-top: 0ex;
    margin-bottom: 1ex;
}

.heading .attribute {
    margin-top: 1ex;
    margin-bottom: 0;
}

.heading .description {
    margin-top: 4ex;
    margin-bottom: 6ex;
}

/* -- css div popup -------------------------------------------------------- */
a.popup_link {
}

a.popup_link:hover {
    color: red;
}

.popup_window {
    display: none;
    overflow-x: scroll;
    /*border: solid #627173 1px; */
    padding: 10px;
    background-color: #E6E6D6;
    font-family: "Ubuntu Mono", "Lucida Console", "Courier New", monospace;
    text-align: left;
    font-size: 8pt;
}

}
/* -- report --------------------------------------------------------------- */
#show_detail_line {
    margin-top: 3ex;
    margin-bottom: 1ex;
}
#result_table {
    width: 100%;
    border-collapse: collapse;
    border: 1px solid #777;
}
#header_row {
    font-weight: bold;
    color: white;
    background-color: #777;
}
#result_table td {
    border: 1px solid #777;
    padding: 2px;
}
#total_row  { font-weight: bold; }
.passClass  { background-color: #6c6; }
.failClass  { background-color: #c60; }
.errorClass { background-color: #c00; }
.passCase   { color: #6c6; }
.failCase   { color: #c60; font-weight: bold; }
.errorCase  { color: #c00; font-weight: bold; }
.hiddenRow  { display: none; }
.testcase   { margin-left: 2em; }
td.testname {width: 40%}
td.small {width: 40px}

/* -- ending --------------------------------------------------------------- */
#ending {
}

</style>

</head>
<body>
<script language="javascript" type="text/javascript"><!--
output_list = Array();

/* level - 0:Summary; 1:Failed; 2:All */
function showCase(level) {
    trs = document.getElementsByTagName("tr");
    for (var i = 0; i < trs.length; i++) {
        tr = trs[i];
        id = tr.id;
        if (id.substr(0,2) == 'ft') {
            if (level < 1) {
                tr.className = 'hiddenRow';
            }
            else {
                tr.className = '';
            }
        }
        if (id.substr(0,2) == 'pt') {
            if (level > 1) {
                tr.className = '';
            }
            else {
                tr.className = 'hiddenRow';
            }
        }
    }
}


function showClassDetail(cid, count) {
    var id_list = Array(count);
    var toHide = 1;
    for (var i = 0; i < count; i++) {
        tid0 = 't' + cid.substr(1) + '.' + (i+1);
        tid = 'f' + tid0;
        tr = document.getElementById(tid);
        if (!tr) {
            tid = 'p' + tid0;
            tr = document.getElementById(tid);
        }
        id_list[i] = tid;
        if (tr.className) {
            toHide = 0;
        }
    }
    for (var i = 0; i < count; i++) {
        tid = id_list[i];
        if (toHide) {
            document.getElementById('div_'+tid).style.display = 'none'
            document.getElementById(tid).className = 'hiddenRow';
        }
        else {
            document.getElementById(tid).className = '';
        }
    }
}


function showTestDetail(div_id){
    var details_div = document.getElementById(div_id)
    var displayState = details_div.style.display
    // alert(displayState)
    if (displayState != 'block' ) {
        displayState = 'block'
        details_div.style.display = 'block'
    }
    else {
        details_div.style.display = 'none'
    }
}


function html_escape(s) {
    s = s.replace(/&/g,'&amp;');
    s = s.replace(/</g,'&lt;');
    s = s.replace(/>/g,'&gt;');
    return s;
}

/* obsoleted by detail in <div>
function showOutput(id, name) {
    var w = window.open("", //url
                    name,
                    "resizable,scrollbars,status,width=800,height=450");
    d = w.document;
    d.write("<pre>");
    d.write(html_escape(output_list[id]));
    d.write("\n");
    d.write("<a href='javascript:window.close()'>close</a>\n");
    d.write("</pre>\n");
    d.close();
}
*/
--></script>

<div class='heading'>
<h1>Unit Test Report</h1>

<p class='attribute'><strong>Status:</strong> Failure 6</p>

<p class='description'></p>
</div>



<p id='show_detail_line'>Show
<a href='javascript:showCase(0)'>Summary</a>
<a href='javascript:showCase(1)'>Failed</a>
<a href='javascript:showCase(2)'>All</a>
</p>
<table id='result_table'>
<colgroup>
<col align='left' />
<col align='right' />
<col align='right' />
<col align='right' />
<col align='right' />
<col align='right' />
<col align='right' />
<col align='right' />
</colgroup>
<tr id='header_row'>
    <td>Test Group/Test case</td>
    <td>Count</td>
    <td>Pass</td>
    <td>Fail</td>
    <td>Error</td>
    <td>Skip</td>
    <td>View</td>
    <td> </td>
</tr>

<tr class='failClass'>
    <td class="testname">tempest.scenario.test_network_advanced_server_ops.TestNetworkAdvancedServerOps</td>
    <td class="small">6</td>
    <td class="small">0</td>
    <td class="small">6</td>
    <td class="small">0</td>
    <td class="small">0</td>
    <td class="small"><a href="javascript:showClassDetail('c1',6)"
>Detail</a></td>
    <td> </td>
</tr>

<tr id='ft1.1' class='none'>
    <td class='failCase'><div class='testcase'>test_server_connectivity_pause_unpause[compute,id-2b2642db-6568-4b35-b812-eceed3fa20ce,network]</div></td>
    <td colspan='7' align='left'>

    <!--css div popup start-->
    <a class="popup_link" onfocus='this.blur();'
    href="javascript:showTestDetail('div_ft1.1')" >
        fail</a>

    <div id='div_ft1.1' class="popup_window">
        <div style='text-align: right; color:red;cursor:pointer'>
        <a onfocus='this.blur();'
onclick="document.getElementById('div_ft1.1').style.display = 'none' " >
           [x]</a>
        </div>
        <pre>
        
ft1.1: tempest.scenario.test_network_advanced_server_ops.TestNetworkAdvancedServerOps.test_server_connectivity_pause_unpause[compute,id-2b2642db-6568-4b35-b812-eceed3fa20ce,network]_StringException: Empty attachments:
  stderr
  stdout

pythonlogging:'': {{{
2015-12-08 05:52:24,114 20885 INFO     [tempest_lib.common.rest_client] Request (TestNetworkAdvancedServerOps:test_server_connectivity_pause_unpause): 200 POST http://10.0.2.15:8774/v2.1/7b50d0ef8e134be3a7d9015fefd659a4/os-keypairs 0.435s
2015-12-08 05:52:24,115 20885 DEBUG    [tempest_lib.common.rest_client] Request - Headers: {'Content-Type': 'application/json', 'Accept': 'application/json', 'X-Auth-Token': '&lt;omitted&gt;'}
        Body: {"keypair": {"name": "tempest-TestNetworkAdvancedServerOps-390149573"}}
    Response - Headers: {'status': '200', 'content-length': '2329', 'x-compute-request-id': 'req-4d02870a-9965-4c10-baee-2477f3f0c81b', 'vary': 'X-OpenStack-Nova-API-Version', 'connection': 'close', 'x-openstack-nova-api-version': '2.1', 'date': 'Tue, 08 Dec 2015 05:52:24 GMT', 'content-type': 'application/json'}
        Body: {"keypair": {"public_key": "ssh-rsa AAAAB3NzaC1yc2EAAAADAQABAAABAQCUQxfOKaJeiY9U6BfV79s8DQhyZwD3ewFM6BS+VV2+TJiN+BMY2BTkQvVTXudmgt5/lNNCLa5I5qYH3mtxOpu3PvBOpcSDeLYaypd7zh12qHcoJsq6WOhpMTuc0ADFNzBktOAPsPpCwX3S7R8sgQBd6WNyfagliOgiaQOGscidAuhzb2uM3whw/EolR6Tr7z5/SgSlqUwSYQw2zY5IA7uzlH4vx/8cKTLw7KHpT3Xxegw4O+UBhPOnwve0QKjqR7mAzAhKYNI8YXYAdubrjhQgH9cIbKLrB5/dM6+8hV9pdIDCLZaUZCOQSQhhGLrUU1Dm5ckS1BKvemV+b7QXIK7d Generated-by-Nova", "private_key": "-----BEGIN RSA PRIVATE KEY-----\nMIIEpwIBAAKCAQEAlEMXzimiXomPVOgX1e/bPA0IcmcA93sBTOgUvlVdvkyYjfgT\nGNgU5EL1U17nZoLef5TTQi2uSOamB95rcTqbtz7wTqXEg3i2GsqXe84ddqh3KCbK\nuljoaTE7nNAAxTcwZLTgD7D6QsF90u0fLIEAXeljcn2oJYjoImkDhrHInQLoc29r\njN8IcPxKJUek6+8+f0oEpalMEmEMNs2OSAO7s5R+L8f/HCky8Oyh6U918XoMODvl\nAYTzp8L3tECo6ke5gMwISmDSPGF2AHbm644UIB/XCGyi6wef3TOvvIVfaXSAwi2W\nlGQjkEkIYRi61FNQ5uXJEtQSr3plfm+0FyCu3QIDAQABAoIBAEB89mvMHD32o4uQ\n8F0z2S5DlPr95qO+sxAamns3cnEFrA2Ea/oQcvXeUgsTap9iKRlhSIquh/JZsLoX\nerBjh7uq+qea3uE4riz1FfLZ8mLcYAfs550qctzed0l8B/nASaJkMllg51oGA46t\naTPYYKp4i7MPCQZaiG3/M3Nw/QudwFFpyXH9Cro8XwKI6G6h+7XUXqarjnG+lH7e\nVigVGWuk0+lK1ioNSkk541G/PDa71kS+hVSIwXiMZ4Cc/HI5mHJOlVymg95REnJY\nDUh1fpzrLhy5vmLkuF2e7aMyBem6zj5BVngciKI71dRGy1LPF8pOAED26U+09hDT\nOy6foFkCggCBALXySZdmWbYX6HJMspC3KMilvVMV2Xjtt0/TQ8d4mnU9VAELRY7w\nb1WVedNrdFWO6I1tk5sVBiRrBFhpUGXTuWpeEvdFFJ9q5ZqBy3rF/+vd2CkxqxNp\nK79Dr2OziOLzGGMYzNjd70A5Z6mFR2ripjsAd+Me/7ykbK2Vjvu2kckbAoIAgQDQ\nmxnE4rH3dAJkRqYdiDgLIF6edbHIpGlOoiAQ7pkzM28sfv2xPGq0+dia+301Rivc\nuR7HFeCEnXLOzwnLFDPeaZaaH/iVtG6mLGc1nLPUgJ/8FBOiCZTLOQ3LzznwcIiy\nFThk0/nGmDyYNSH6tD7Mf5XyUap3WwObuweEJcOfZwKCAIAadSMSawW8nvlkNZb5\nyEib9M31GQZIuXigmP4QMY90YPioNjVlNb1a2qOehM+j6WYTus1uDb6Y6R72pEnW\npNUfjJKBdoArNmYw85LdRZGTgO0AAIL6DZ8Y7wTAIMlVBziSoHaZSpyR4EcctY7P\nEipOBiFo24cgrWBIVak3HTNR5QKCAIBBnWefnEaqNR1DeU1q4JvwNABPC2oeWEif\naTN43/PkPPttHYyioQRXZHcTWKNrjGTjin751BHI5NVl442LCRG/laq/U+sW+6gK\nMNFN9bpCzyqDWbVLNIRO3+VNBCOPU3ZLvYz9egeIxf3ZSm0jtGpEXKVHkRRzcndS\nFqQoltBPZQKCAIBrAZjyldGIGyl3M5zvloNLUKg4UhlSPReSOC1owbAXZ0ijSwEg\ncR9o2abI2ETQdWnwRkyJQQFKm0oueR9U4CTwmSW22ped+AJHYiPBMpmw4thkPdAU\nqMR3+AXupvePCX8sGYWm6kw0G0dIVf3JUtxr48S+QaMx9l9MOcydKoirHw==\n-----END RSA PRIVATE KEY-----\n", "user_id": "40fe1b9c51eb424fadf8474ec91f0b7d", "name": "tempest-TestNetworkAdvancedServerOps-390149573", "fingerprint": "9d:47:80:85:ce:65:12:97:24:04:35:68:5f:16:56:82"}}
2015-12-08 05:52:24,437 20885 INFO     [tempest_lib.common.rest_client] Request (TestNetworkAdvancedServerOps:test_server_connectivity_pause_unpause): 201 POST http://10.0.2.15:9696/v2.0/security-groups 0.317s
2015-12-08 05:52:24,438 20885 DEBUG    [tempest_lib.common.rest_client] Request - Headers: {'Content-Type': 'application/json', 'Accept': 'application/json', 'X-Auth-Token': '&lt;omitted&gt;'}
        Body: {"security_group": {"tenant_id": "7b50d0ef8e134be3a7d9015fefd659a4", "description": "tempest-secgroup-smoke-1054315022 description", "name": "tempest-secgroup-smoke-1054315022"}}
    Response - Headers: {'status': '201', 'content-length': '888', 'connection': 'close', 'date': 'Tue, 08 Dec 2015 05:52:24 GMT', 'content-type': 'application/json; charset=UTF-8', 'x-openstack-request-id': 'req-75819174-2126-48e5-9a7b-95895048d4aa'}
        Body: {"security_group": {"tenant_id": "7b50d0ef8e134be3a7d9015fefd659a4", "description": "tempest-secgroup-smoke-1054315022 description", "id": "403d63a2-3075-402e-8b70-4ce96c610dd9", "security_group_rules": [{"remote_group_id": null, "direction": "egress", "remote_ip_prefix": null, "protocol": null, "ethertype": "IPv4", "tenant_id": "7b50d0ef8e134be3a7d9015fefd659a4", "port_range_max": null, "port_range_min": null, "id": "ee0b451b-468b-43c3-8094-f81eee71e1c7", "security_group_id": "403d63a2-3075-402e-8b70-4ce96c610dd9"}, {"remote_group_id": null, "direction": "egress", "remote_ip_prefix": null, "protocol": null, "ethertype": "IPv6", "tenant_id": "7b50d0ef8e134be3a7d9015fefd659a4", "port_range_max": null, "port_range_min": null, "id": "97e02282-6d66-4b5f-bb18-37c1f49b4c9d", "security_group_id": "403d63a2-3075-402e-8b70-4ce96c610dd9"}], "name": "tempest-secgroup-smoke-1054315022"}}
2015-12-08 05:52:24,561 20885 INFO     [tempest_lib.common.rest_client] Request (TestNetworkAdvancedServerOps:test_server_connectivity_pause_unpause): 201 POST http://10.0.2.15:9696/v2.0/security-group-rules 0.122s
2015-12-08 05:52:24,562 20885 DEBUG    [tempest_lib.common.rest_client] Request - Headers: {'Content-Type': 'application/json', 'Accept': 'application/json', 'X-Auth-Token': '&lt;omitted&gt;'}
        Body: {"security_group_rule": {"direction": "ingress", "protocol": "tcp", "tenant_id": "7b50d0ef8e134be3a7d9015fefd659a4", "port_range_max": 22, "security_group_id": "403d63a2-3075-402e-8b70-4ce96c610dd9", "port_range_min": 22}}
    Response - Headers: {'status': '201', 'content-length': '340', 'connection': 'close', 'date': 'Tue, 08 Dec 2015 05:52:24 GMT', 'content-type': 'application/json; charset=UTF-8', 'x-openstack-request-id': 'req-89f25230-c378-44fe-a4ba-9ae7f2ca32c1'}
        Body: {"security_group_rule": {"remote_group_id": null, "direction": "ingress", "remote_ip_prefix": null, "protocol": "tcp", "ethertype": "IPv4", "tenant_id": "7b50d0ef8e134be3a7d9015fefd659a4", "port_range_max": 22, "port_range_min": 22, "id": "737d7126-a736-4e20-948a-83a6015b77a4", "security_group_id": "403d63a2-3075-402e-8b70-4ce96c610dd9"}}
2015-12-08 05:52:24,672 20885 INFO     [tempest_lib.common.rest_client] Request (TestNetworkAdvancedServerOps:test_server_connectivity_pause_unpause): 201 POST http://10.0.2.15:9696/v2.0/security-group-rules 0.109s
2015-12-08 05:52:24,673 20885 DEBUG    [tempest_lib.common.rest_client] Request - Headers: {'Content-Type': 'application/json', 'Accept': 'application/json', 'X-Auth-Token': '&lt;omitted&gt;'}
        Body: {"security_group_rule": {"direction": "egress", "protocol": "tcp", "tenant_id": "7b50d0ef8e134be3a7d9015fefd659a4", "port_range_max": 22, "security_group_id": "403d63a2-3075-402e-8b70-4ce96c610dd9", "port_range_min": 22}}
    Response - Headers: {'status': '201', 'content-length': '339', 'connection': 'close', 'date': 'Tue, 08 Dec 2015 05:52:24 GMT', 'content-type': 'application/json; charset=UTF-8', 'x-openstack-request-id': 'req-7e7681e4-4b1a-4ebe-91b1-600f24220587'}
        Body: {"security_group_rule": {"remote_group_id": null, "direction": "egress", "remote_ip_prefix": null, "protocol": "tcp", "ethertype": "IPv4", "tenant_id": "7b50d0ef8e134be3a7d9015fefd659a4", "port_range_max": 22, "port_range_min": 22, "id": "314a0c34-c8af-4cfb-99f0-7c9d5859694e", "security_group_id": "403d63a2-3075-402e-8b70-4ce96c610dd9"}}
2015-12-08 05:52:24,781 20885 INFO     [tempest_lib.common.rest_client] Request (TestNetworkAdvancedServerOps:test_server_connectivity_pause_unpause): 201 POST http://10.0.2.15:9696/v2.0/security-group-rules 0.108s
2015-12-08 05:52:24,782 20885 DEBUG    [tempest_lib.common.rest_client] Request - Headers: {'Content-Type': 'application/json', 'Accept': 'application/json', 'X-Auth-Token': '&lt;omitted&gt;'}
        Body: {"security_group_rule": {"tenant_id": "7b50d0ef8e134be3a7d9015fefd659a4", "direction": "ingress", "protocol": "icmp", "security_group_id": "403d63a2-3075-402e-8b70-4ce96c610dd9"}}
    Response - Headers: {'status': '201', 'content-length': '345', 'connection': 'close', 'date': 'Tue, 08 Dec 2015 05:52:24 GMT', 'content-type': 'application/json; charset=UTF-8', 'x-openstack-request-id': 'req-9246823b-57cd-4cd0-a444-9b30cf0f327b'}
        Body: {"security_group_rule": {"remote_group_id": null, "direction": "ingress", "remote_ip_prefix": null, "protocol": "icmp", "ethertype": "IPv4", "tenant_id": "7b50d0ef8e134be3a7d9015fefd659a4", "port_range_max": null, "port_range_min": null, "id": "adbfa87b-7d13-4ed3-96ec-117ec7b876b8", "security_group_id": "403d63a2-3075-402e-8b70-4ce96c610dd9"}}
2015-12-08 05:52:25,060 20885 INFO     [tempest_lib.common.rest_client] Request (TestNetworkAdvancedServerOps:test_server_connectivity_pause_unpause): 201 POST http://10.0.2.15:9696/v2.0/security-group-rules 0.276s
2015-12-08 05:52:25,060 20885 DEBUG    [tempest_lib.common.rest_client] Request - Headers: {'Content-Type': 'application/json', 'Accept': 'application/json', 'X-Auth-Token': '&lt;omitted&gt;'}
        Body: {"security_group_rule": {"tenant_id": "7b50d0ef8e134be3a7d9015fefd659a4", "direction": "egress", "protocol": "icmp", "security_group_id": "403d63a2-3075-402e-8b70-4ce96c610dd9"}}
    Response - Headers: {'status': '201', 'content-length': '344', 'connection': 'close', 'date': 'Tue, 08 Dec 2015 05:52:25 GMT', 'content-type': 'application/json; charset=UTF-8', 'x-openstack-request-id': 'req-dae5b112-e66b-4df6-8342-869908e76e07'}
        Body: {"security_group_rule": {"remote_group_id": null, "direction": "egress", "remote_ip_prefix": null, "protocol": "icmp", "ethertype": "IPv4", "tenant_id": "7b50d0ef8e134be3a7d9015fefd659a4", "port_range_max": null, "port_range_min": null, "id": "7794209c-3070-48ad-b14c-4cad82c62644", "security_group_id": "403d63a2-3075-402e-8b70-4ce96c610dd9"}}
2015-12-08 05:52:25,183 20885 INFO     [tempest_lib.common.rest_client] Request (TestNetworkAdvancedServerOps:test_server_connectivity_pause_unpause): 201 POST http://10.0.2.15:9696/v2.0/security-group-rules 0.121s
2015-12-08 05:52:25,184 20885 DEBUG    [tempest_lib.common.rest_client] Request - Headers: {'Content-Type': 'application/json', 'Accept': 'application/json', 'X-Auth-Token': '&lt;omitted&gt;'}
        Body: {"security_group_rule": {"tenant_id": "7b50d0ef8e134be3a7d9015fefd659a4", "direction": "ingress", "security_group_id": "403d63a2-3075-402e-8b70-4ce96c610dd9", "protocol": "icmp", "ethertype": "IPv6"}}
    Response - Headers: {'status': '201', 'content-length': '345', 'connection': 'close', 'date': 'Tue, 08 Dec 2015 05:52:25 GMT', 'content-type': 'application/json; charset=UTF-8', 'x-openstack-request-id': 'req-8fc1ebca-16d5-41eb-8361-7d70bbac0200'}
        Body: {"security_group_rule": {"remote_group_id": null, "direction": "ingress", "remote_ip_prefix": null, "protocol": "icmp", "ethertype": "IPv6", "tenant_id": "7b50d0ef8e134be3a7d9015fefd659a4", "port_range_max": null, "port_range_min": null, "id": "2393bc23-225b-48d2-a99c-29d59dc347ed", "security_group_id": "403d63a2-3075-402e-8b70-4ce96c610dd9"}}
2015-12-08 05:52:25,303 20885 INFO     [tempest_lib.common.rest_client] Request (TestNetworkAdvancedServerOps:test_server_connectivity_pause_unpause): 201 POST http://10.0.2.15:9696/v2.0/security-group-rules 0.117s
2015-12-08 05:52:25,303 20885 DEBUG    [tempest_lib.common.rest_client] Request - Headers: {'Content-Type': 'application/json', 'Accept': 'application/json', 'X-Auth-Token': '&lt;omitted&gt;'}
        Body: {"security_group_rule": {"tenant_id": "7b50d0ef8e134be3a7d9015fefd659a4", "direction": "egress", "security_group_id": "403d63a2-3075-402e-8b70-4ce96c610dd9", "protocol": "icmp", "ethertype": "IPv6"}}
    Response - Headers: {'status': '201', 'content-length': '344', 'connection': 'close', 'date': 'Tue, 08 Dec 2015 05:52:25 GMT', 'content-type': 'application/json; charset=UTF-8', 'x-openstack-request-id': 'req-b752ac56-0039-4c4a-9a58-1d798e143ae9'}
        Body: {"security_group_rule": {"remote_group_id": null, "direction": "egress", "remote_ip_prefix": null, "protocol": "icmp", "ethertype": "IPv6", "tenant_id": "7b50d0ef8e134be3a7d9015fefd659a4", "port_range_max": null, "port_range_min": null, "id": "71d5a246-bee2-42a0-8e07-69522203cc11", "security_group_id": "403d63a2-3075-402e-8b70-4ce96c610dd9"}}
2015-12-08 05:52:26,069 20885 INFO     [tempest_lib.common.rest_client] Request (TestNetworkAdvancedServerOps:test_server_connectivity_pause_unpause): 201 POST http://10.0.2.15:9696/v2.0/networks 0.764s
2015-12-08 05:52:26,070 20885 DEBUG    [tempest_lib.common.rest_client] Request - Headers: {'Content-Type': 'application/json', 'Accept': 'application/json', 'X-Auth-Token': '&lt;omitted&gt;'}
        Body: {"network": {"tenant_id": "7b50d0ef8e134be3a7d9015fefd659a4", "name": "tempest-network-smoke--1799143769"}}
    Response - Headers: {'status': '201', 'content-length': '329', 'connection': 'close', 'date': 'Tue, 08 Dec 2015 05:52:26 GMT', 'content-type': 'application/json; charset=UTF-8', 'x-openstack-request-id': 'req-21c4893e-1c58-40b9-986a-e7c6f92dad1a'}
        Body: {"network": {"status": "ACTIVE", "subnets": [], "availability_zone_hints": "[]", "name": "tempest-network-smoke--1799143769", "admin_state_up": true, "tenant_id": "7b50d0ef8e134be3a7d9015fefd659a4", "mtu": 0, "router:external": false, "shared": false, "port_security_enabled": true, "id": "e0c357f4-e640-431b-8d00-2857dc283615"}}
2015-12-08 05:52:26,167 20885 INFO     [tempest_lib.common.rest_client] Request (TestNetworkAdvancedServerOps:test_server_connectivity_pause_unpause): 201 POST http://10.0.2.15:9696/v2.0/routers 0.095s
2015-12-08 05:52:26,167 20885 DEBUG    [tempest_lib.common.rest_client] Request - Headers: {'Content-Type': 'application/json', 'Accept': 'application/json', 'X-Auth-Token': '&lt;omitted&gt;'}
        Body: {"router": {"tenant_id": "7b50d0ef8e134be3a7d9015fefd659a4", "name": "tempest-router-smoke-922620763", "admin_state_up": true}}
    Response - Headers: {'status': '201', 'content-length': '295', 'connection': 'close', 'date': 'Tue, 08 Dec 2015 05:52:26 GMT', 'content-type': 'application/json; charset=UTF-8', 'x-openstack-request-id': 'req-71af1a17-6b4f-4f5a-9979-843287308ad8'}
        Body: {"router": {"status": "ACTIVE", "external_gateway_info": null, "availability_zone_hints": [], "availability_zones": [], "name": "tempest-router-smoke-922620763", "admin_state_up": true, "tenant_id": "7b50d0ef8e134be3a7d9015fefd659a4", "routes": [], "id": "4865feba-9c85-433c-b647-5bd4d3c726ac"}}
2015-12-08 05:52:26,223 20885 INFO     [tempest_lib.common.rest_client] Request (TestNetworkAdvancedServerOps:test_server_connectivity_pause_unpause): 200 GET http://10.0.2.15:9696/v2.0/routers/4865feba-9c85-433c-b647-5bd4d3c726ac 0.054s
2015-12-08 05:52:26,224 20885 DEBUG    [tempest_lib.common.rest_client] Request - Headers: {'Content-Type': 'application/json', 'Accept': 'application/json', 'X-Auth-Token': '&lt;omitted&gt;'}
        Body: None
    Response - Headers: {'status': '200', 'content-length': '295', 'content-location': 'http://10.0.2.15:9696/v2.0/routers/4865feba-9c85-433c-b647-5bd4d3c726ac', 'connection': 'close', 'date': 'Tue, 08 Dec 2015 05:52:26 GMT', 'content-type': 'application/json; charset=UTF-8', 'x-openstack-request-id': 'req-961b12f3-ede1-45b8-9bbe-9e22b8d1837a'}
        Body: {"router": {"status": "ACTIVE", "external_gateway_info": null, "availability_zone_hints": [], "availability_zones": [], "name": "tempest-router-smoke-922620763", "admin_state_up": true, "tenant_id": "7b50d0ef8e134be3a7d9015fefd659a4", "routes": [], "id": "4865feba-9c85-433c-b647-5bd4d3c726ac"}}
2015-12-08 05:52:26,910 20885 INFO     [tempest_lib.common.rest_client] Request (TestNetworkAdvancedServerOps:test_server_connectivity_pause_unpause): 200 PUT http://10.0.2.15:9696/v2.0/routers/4865feba-9c85-433c-b647-5bd4d3c726ac 0.684s
2015-12-08 05:52:26,910 20885 DEBUG    [tempest_lib.common.rest_client] Request - Headers: {'Content-Type': 'application/json', 'Accept': 'application/json', 'X-Auth-Token': '&lt;omitted&gt;'}
        Body: {"router": {"external_gateway_info": {"network_id": "53a4271d-d782-4aac-b6b2-efbd41e0d34b"}, "name": "tempest-router-smoke-922620763", "admin_state_up": true}}
    Response - Headers: {'status': '200', 'content-length': '557', 'connection': 'close', 'date': 'Tue, 08 Dec 2015 05:52:26 GMT', 'content-type': 'application/json; charset=UTF-8', 'x-openstack-request-id': 'req-da766788-256f-4163-8e09-74781cfb40cb'}
        Body: {"router": {"status": "ACTIVE", "external_gateway_info": {"network_id": "53a4271d-d782-4aac-b6b2-efbd41e0d34b", "enable_snat": true, "external_fixed_ips": [{"subnet_id": "6ca67dd7-3139-4469-a4bc-02a9edebdcd4", "ip_address": "172.24.4.3"}, {"subnet_id": "8827f373-a441-4922-b105-8484b273e03b", "ip_address": "2001:db8::4"}]}, "availability_zone_hints": [], "availability_zones": [], "name": "tempest-router-smoke-922620763", "admin_state_up": true, "tenant_id": "7b50d0ef8e134be3a7d9015fefd659a4", "routes": [], "id": "4865feba-9c85-433c-b647-5bd4d3c726ac"}}
2015-12-08 05:52:27,041 20885 INFO     [tempest_lib.common.rest_client] Request (TestNetworkAdvancedServerOps:test_server_connectivity_pause_unpause): 200 GET http://10.0.2.15:9696/v2.0/subnets?tenant_id=7b50d0ef8e134be3a7d9015fefd659a4&amp;cidr=10.100.0.0%2F28 0.129s
2015-12-08 05:52:27,041 20885 DEBUG    [tempest_lib.common.rest_client] Request - Headers: {'Content-Type': 'application/json', 'Accept': 'application/json', 'X-Auth-Token': '&lt;omitted&gt;'}
        Body: None
    Response - Headers: {'status': '200', 'content-length': '15', 'content-location': 'http://10.0.2.15:9696/v2.0/subnets?tenant_id=7b50d0ef8e134be3a7d9015fefd659a4&amp;cidr=10.100.0.0%2F28', 'connection': 'close', 'date': 'Tue, 08 Dec 2015 05:52:27 GMT', 'content-type': 'application/json; charset=UTF-8', 'x-openstack-request-id': 'req-77230262-cca8-4674-a8e1-17123804f310'}
        Body: {"subnets": []}
2015-12-08 05:52:27,354 20885 INFO     [tempest_lib.common.rest_client] Request (TestNetworkAdvancedServerOps:test_server_connectivity_pause_unpause): 201 POST http://10.0.2.15:9696/v2.0/subnets 0.312s
2015-12-08 05:52:27,354 20885 DEBUG    [tempest_lib.common.rest_client] Request - Headers: {'Content-Type': 'application/json', 'Accept': 'application/json', 'X-Auth-Token': '&lt;omitted&gt;'}
        Body: {"subnet": {"ip_version": 4, "tenant_id": "7b50d0ef8e134be3a7d9015fefd659a4", "cidr": "10.100.0.0/28", "network_id": "e0c357f4-e640-431b-8d00-2857dc283615", "name": "tempest-subnet-smoke-1908441825"}}
    Response - Headers: {'status': '201', 'content-length': '478', 'connection': 'close', 'date': 'Tue, 08 Dec 2015 05:52:27 GMT', 'content-type': 'application/json; charset=UTF-8', 'x-openstack-request-id': 'req-ea1a25e8-1447-40e2-9674-167c5a775823'}
        Body: {"subnet": {"name": "tempest-subnet-smoke-1908441825", "enable_dhcp": true, "network_id": "e0c357f4-e640-431b-8d00-2857dc283615", "tenant_id": "7b50d0ef8e134be3a7d9015fefd659a4", "dns_nameservers": [], "gateway_ip": "10.100.0.1", "ipv6_ra_mode": null, "allocation_pools": [{"start": "10.100.0.2", "end": "10.100.0.14"}], "host_routes": [], "ip_version": 4, "ipv6_address_mode": null, "cidr": "10.100.0.0/28", "id": "6c3c199a-4c39-42b1-a8ab-845d98a72a44", "subnetpool_id": null}}
2015-12-08 05:52:28,017 20885 INFO     [tempest_lib.common.rest_client] Request (TestNetworkAdvancedServerOps:test_server_connectivity_pause_unpause): 200 PUT http://10.0.2.15:9696/v2.0/routers/4865feba-9c85-433c-b647-5bd4d3c726ac/add_router_interface 0.662s
2015-12-08 05:52:28,018 20885 DEBUG    [tempest_lib.common.rest_client] Request - Headers: {'Content-Type': 'application/json', 'Accept': 'application/json', 'X-Auth-Token': '&lt;omitted&gt;'}
        Body: {"subnet_id": "6c3c199a-4c39-42b1-a8ab-845d98a72a44"}
    Response - Headers: {'status': '200', 'content-length': '255', 'connection': 'close', 'date': 'Tue, 08 Dec 2015 05:52:28 GMT', 'content-type': 'application/json; charset=UTF-8', 'x-openstack-request-id': 'req-35293690-9e72-4f39-81a7-86087de92411'}
        Body: {"subnet_id": "6c3c199a-4c39-42b1-a8ab-845d98a72a44", "tenant_id": "7b50d0ef8e134be3a7d9015fefd659a4", "subnet_ids": ["6c3c199a-4c39-42b1-a8ab-845d98a72a44"], "port_id": "cf6ea798-2155-4ec2-85ee-8b25aef0bed6", "id": "4865feba-9c85-433c-b647-5bd4d3c726ac"}
2015-12-08 05:52:28,111 20885 INFO     [tempest_lib.common.rest_client] Request (TestNetworkAdvancedServerOps:test_server_connectivity_pause_unpause): 200 POST http://10.0.2.15:5000/v2.0/tokens
2015-12-08 05:52:28,112 20885 DEBUG    [tempest_lib.common.rest_client] Request - Headers: {'Content-Type': 'application/json', 'Accept': 'application/json'}
        Body: &lt;omitted&gt;
    Response - Headers: {'status': '200', 'content-length': '2566', 'vary': 'X-Auth-Token', 'server': 'Apache/2.4.7 (Ubuntu)', 'connection': 'close', 'date': 'Tue, 08 Dec 2015 05:52:28 GMT', 'content-type': 'application/json', 'x-openstack-request-id': 'req-24e8bcb0-fd2b-47a9-81ce-ae770e3a3a74'}
        Body: {"access": {"token": {"issued_at": "2015-12-08T05:52:28.101424", "expires": "2015-12-08T06:52:28Z", "id": "ea88602dc6d44ce294e533366e9d2c5b", "tenant": {"description": "tempest-TestNetworkAdvancedServerOps-1252932554-desc", "enabled": true, "id": "7b50d0ef8e134be3a7d9015fefd659a4", "name": "tempest-TestNetworkAdvancedServerOps-1252932554"}, "audit_ids": ["ASyENZCrSsGngIjgDoR7aw"]}, "serviceCatalog": [{"endpoints": [{"adminURL": "http://10.0.2.15:8774/v2.1/7b50d0ef8e134be3a7d9015fefd659a4", "region": "RegionOne", "internalURL": "http://10.0.2.15:8774/v2.1/7b50d0ef8e134be3a7d9015fefd659a4", "id": "2dcbe5c395194ae99c697cff9d865590", "publicURL": "http://10.0.2.15:8774/v2.1/7b50d0ef8e134be3a7d9015fefd659a4"}], "endpoints_links": [], "type": "compute", "name": "nova"}, {"endpoints": [{"adminURL": "http://10.0.2.15:9696/", "region": "RegionOne", "internalURL": "http://10.0.2.15:9696/", "id": "4da5b1efe8f64a738ca0dd8504505f75", "publicURL": "http://10.0.2.15:9696/"}], "endpoints_links": [], "type": "network", "name": "neutron"}, {"endpoints": [{"adminURL": "http://10.0.2.15:9292", "region": "RegionOne", "internalURL": "http://10.0.2.15:9292", "id": "247b740c958446a68759a88bad5f28e1", "publicURL": "http://10.0.2.15:9292"}], "endpoints_links": [], "type": "image", "name": "glance"}, {"endpoints": [{"adminURL": "http://10.0.2.15:8774/v2/7b50d0ef8e134be3a7d9015fefd659a4", "region": "RegionOne", "internalURL": "http://10.0.2.15:8774/v2/7b50d0ef8e134be3a7d9015fefd659a4", "id": "7ff1d66bc8b44e348c1047d06a00ae9d", "publicURL": "http://10.0.2.15:8774/v2/7b50d0ef8e134be3a7d9015fefd659a4"}], "endpoints_links": [], "type": "compute_legacy", "name": "nova_legacy"}, {"endpoints": [{"adminURL": "http://10.0.2.15:8773/", "region": "RegionOne", "internalURL": "http://10.0.2.15:8773/", "id": "1884d06d0cf742c7bf51f7fff5f2acd6", "publicURL": "http://10.0.2.15:8773/"}], "endpoints_links": [], "type": "ec2", "name": "ec2"}, {"endpoints": [{"adminURL": "http://10.0.2.15:35357/v2.0", "region": "RegionOne", "internalURL": "http://10.0.2.15:5000/v2.0", "id": "3be93321f50741fd8a6b7f6f7093df9b", "publicURL": "http://10.0.2.15:5000/v2.0"}], "endpoints_links": [], "type": "identity", "name": "keystone"}], "user": {"username": "tempest-TestNetworkAdvancedServerOps-1820378956", "roles_links": [], "id": "40fe1b9c51eb424fadf8474ec91f0b7d", "roles": [{"name": "_member_"}, {"name": "Member"}], "name": "tempest-TestNetworkAdvancedServerOps-1820378956"}, "metadata": {"is_admin": 0, "roles": ["9fe2ff9ee4384b1894a90878d3e92bab", "9c8d464e0edd4dbebdfdb728bd89596d"]}}}
2015-12-08 05:52:28,117 20885 DEBUG    [tempest.common.fixed_network] (TestNetworkAdvancedServerOps:test_server_connectivity_pause_unpause) No valid network provided or created, defaulting to fixed_network_name
2015-12-08 05:52:28,478 20885 INFO     [tempest_lib.common.rest_client] Request (TestNetworkAdvancedServerOps:test_server_connectivity_pause_unpause): 200 GET http://10.0.2.15:8774/v2.1/7b50d0ef8e134be3a7d9015fefd659a4/os-networks 0.360s
2015-12-08 05:52:28,479 20885 DEBUG    [tempest_lib.common.rest_client] Request - Headers: {'Content-Type': 'application/json', 'Accept': 'application/json', 'X-Auth-Token': '&lt;omitted&gt;'}
        Body: None
    Response - Headers: {'status': '200', 'content-length': '479', 'content-location': 'http://10.0.2.15:8774/v2.1/7b50d0ef8e134be3a7d9015fefd659a4/os-networks', 'x-compute-request-id': 'req-4c897333-ca6a-402b-9877-0c9a31cd0dd0', 'vary': 'X-OpenStack-Nova-API-Version', 'connection': 'close', 'x-openstack-nova-api-version': '2.1', 'date': 'Tue, 08 Dec 2015 05:52:28 GMT', 'content-type': 'application/json'}
        Body: {"networks": [{"cidr_v6": null, "dns2": null, "dns1": null, "gateway": null, "broadcast": null, "netmask": null, "gateway_v6": null, "cidr": null, "label": "public", "id": "53a4271d-d782-4aac-b6b2-efbd41e0d34b", "netmask_v6": null}, {"cidr_v6": null, "dns2": null, "dns1": null, "gateway": null, "broadcast": null, "netmask": null, "gateway_v6": null, "cidr": null, "label": "tempest-network-smoke--1799143769", "id": "e0c357f4-e640-431b-8d00-2857dc283615", "netmask_v6": null}]}
2015-12-08 05:52:28,479 20885 WARNING  [tempest.common.fixed_network] (TestNetworkAdvancedServerOps:test_server_connectivity_pause_unpause) Network with name: private not found
2015-12-08 05:52:28,480 20885 INFO     [tempest.common.fixed_network] (TestNetworkAdvancedServerOps:test_server_connectivity_pause_unpause) Found network {} available for tenant
2015-12-08 05:52:30,238 20885 INFO     [tempest_lib.common.rest_client] Request (TestNetworkAdvancedServerOps:test_server_connectivity_pause_unpause): 202 POST http://10.0.2.15:8774/v2.1/7b50d0ef8e134be3a7d9015fefd659a4/servers 1.756s
2015-12-08 05:52:30,238 20885 DEBUG    [tempest_lib.common.rest_client] Request - Headers: {'Content-Type': 'application/json', 'Accept': 'application/json', 'X-Auth-Token': '&lt;omitted&gt;'}
        Body: {"server": {"name": "tempest.common.compute-instance-810965160", "imageRef": "dbad13ee-833e-455f-bcbf-11e6fe4d9d2b", "key_name": "tempest-TestNetworkAdvancedServerOps-390149573", "flavorRef": "42", "networks": [{"uuid": "e0c357f4-e640-431b-8d00-2857dc283615"}], "security_groups": [{"name": "tempest-secgroup-smoke-1054315022"}]}}
    Response - Headers: {'status': '202', 'content-length': '462', 'x-compute-request-id': 'req-b57b9bbd-2299-438d-9b63-41ce6580ea2e', 'vary': 'X-OpenStack-Nova-API-Version', 'connection': 'close', 'location': 'http://10.0.2.15:8774/v2.1/7b50d0ef8e134be3a7d9015fefd659a4/servers/819a19c4-e212-47b1-8b90-ca3098ea50d9', 'x-openstack-nova-api-version': '2.1', 'date': 'Tue, 08 Dec 2015 05:52:30 GMT', 'content-type': 'application/json'}
        Body: {"server": {"security_groups": [{"name": "tempest-secgroup-smoke-1054315022"}], "OS-DCF:diskConfig": "MANUAL", "id": "819a19c4-e212-47b1-8b90-ca3098ea50d9", "links": [{"href": "http://10.0.2.15:8774/v2.1/7b50d0ef8e134be3a7d9015fefd659a4/servers/819a19c4-e212-47b1-8b90-ca3098ea50d9", "rel": "self"}, {"href": "http://10.0.2.15:8774/7b50d0ef8e134be3a7d9015fefd659a4/servers/819a19c4-e212-47b1-8b90-ca3098ea50d9", "rel": "bookmark"}], "adminPass": "3vS5gyZP2pHx"}}
2015-12-08 05:52:30,404 20885 INFO     [tempest_lib.common.rest_client] Request (TestNetworkAdvancedServerOps:test_server_connectivity_pause_unpause): 200 GET http://10.0.2.15:8774/v2.1/7b50d0ef8e134be3a7d9015fefd659a4/servers/819a19c4-e212-47b1-8b90-ca3098ea50d9 0.161s
2015-12-08 05:52:30,405 20885 DEBUG    [tempest_lib.common.rest_client] Request - Headers: {'Content-Type': 'application/json', 'Accept': 'application/json', 'X-Auth-Token': '&lt;omitted&gt;'}
        Body: None
    Response - Headers: {'status': '200', 'content-length': '1363', 'content-location': 'http://10.0.2.15:8774/v2.1/7b50d0ef8e134be3a7d9015fefd659a4/servers/819a19c4-e212-47b1-8b90-ca3098ea50d9', 'x-compute-request-id': 'req-a90f0479-f586-4114-a7eb-529a1b08c87e', 'vary': 'X-OpenStack-Nova-API-Version', 'connection': 'close', 'x-openstack-nova-api-version': '2.1', 'date': 'Tue, 08 Dec 2015 05:52:30 GMT', 'content-type': 'application/json'}
        Body: {"server": {"status": "BUILD", "updated": "2015-12-08T05:52:30Z", "hostId": "", "addresses": {}, "links": [{"href": "http://10.0.2.15:8774/v2.1/7b50d0ef8e134be3a7d9015fefd659a4/servers/819a19c4-e212-47b1-8b90-ca3098ea50d9", "rel": "self"}, {"href": "http://10.0.2.15:8774/7b50d0ef8e134be3a7d9015fefd659a4/servers/819a19c4-e212-47b1-8b90-ca3098ea50d9", "rel": "bookmark"}], "key_name": "tempest-TestNetworkAdvancedServerOps-390149573", "image": {"id": "dbad13ee-833e-455f-bcbf-11e6fe4d9d2b", "links": [{"href": "http://10.0.2.15:8774/7b50d0ef8e134be3a7d9015fefd659a4/images/dbad13ee-833e-455f-bcbf-11e6fe4d9d2b", "rel": "bookmark"}]}, "OS-EXT-STS:task_state": "scheduling", "OS-EXT-STS:vm_state": "building", "OS-SRV-USG:launched_at": null, "flavor": {"id": "42", "links": [{"href": "http://10.0.2.15:8774/7b50d0ef8e134be3a7d9015fefd659a4/flavors/42", "rel": "bookmark"}]}, "id": "819a19c4-e212-47b1-8b90-ca3098ea50d9", "OS-SRV-USG:terminated_at": null, "OS-EXT-AZ:availability_zone": "", "user_id": "40fe1b9c51eb424fadf8474ec91f0b7d", "name": "tempest.common.compute-instance-810965160", "created": "2015-12-08T05:52:30Z", "tenant_id": "7b50d0ef8e134be3a7d9015fefd659a4", "OS-DCF:diskConfig": "MANUAL", "os-extended-volumes:volumes_attached": [], "accessIPv4": "", "accessIPv6": "", "progress": 0, "OS-EXT-STS:power_state": 0, "config_drive": "", "metadata": {}}}
2015-12-08 05:52:31,685 20885 INFO     [tempest_lib.common.rest_client] Request (TestNetworkAdvancedServerOps:test_server_connectivity_pause_unpause): 200 GET http://10.0.2.15:8774/v2.1/7b50d0ef8e134be3a7d9015fefd659a4/servers/819a19c4-e212-47b1-8b90-ca3098ea50d9 0.269s
2015-12-08 05:52:31,685 20885 DEBUG    [tempest_lib.common.rest_client] Request - Headers: {'Content-Type': 'application/json', 'Accept': 'application/json', 'X-Auth-Token': '&lt;omitted&gt;'}
        Body: None
    Response - Headers: {'status': '200', 'content-length': '1421', 'content-location': 'http://10.0.2.15:8774/v2.1/7b50d0ef8e134be3a7d9015fefd659a4/servers/819a19c4-e212-47b1-8b90-ca3098ea50d9', 'x-compute-request-id': 'req-e61c8ecd-c8cf-4817-8d89-d0fc29d67e78', 'vary': 'X-OpenStack-Nova-API-Version', 'connection': 'close', 'x-openstack-nova-api-version': '2.1', 'date': 'Tue, 08 Dec 2015 05:52:31 GMT', 'content-type': 'application/json'}
        Body: {"server": {"status": "BUILD", "updated": "2015-12-08T05:52:31Z", "hostId": "1517fe1e831174d26ffc10cb940f3d609de1d6db0797c0d33e325a86", "addresses": {}, "links": [{"href": "http://10.0.2.15:8774/v2.1/7b50d0ef8e134be3a7d9015fefd659a4/servers/819a19c4-e212-47b1-8b90-ca3098ea50d9", "rel": "self"}, {"href": "http://10.0.2.15:8774/7b50d0ef8e134be3a7d9015fefd659a4/servers/819a19c4-e212-47b1-8b90-ca3098ea50d9", "rel": "bookmark"}], "key_name": "tempest-TestNetworkAdvancedServerOps-390149573", "image": {"id": "dbad13ee-833e-455f-bcbf-11e6fe4d9d2b", "links": [{"href": "http://10.0.2.15:8774/7b50d0ef8e134be3a7d9015fefd659a4/images/dbad13ee-833e-455f-bcbf-11e6fe4d9d2b", "rel": "bookmark"}]}, "OS-EXT-STS:task_state": "spawning", "OS-EXT-STS:vm_state": "building", "OS-SRV-USG:launched_at": null, "flavor": {"id": "42", "links": [{"href": "http://10.0.2.15:8774/7b50d0ef8e134be3a7d9015fefd659a4/flavors/42", "rel": "bookmark"}]}, "id": "819a19c4-e212-47b1-8b90-ca3098ea50d9", "OS-SRV-USG:terminated_at": null, "OS-EXT-AZ:availability_zone": "nova", "user_id": "40fe1b9c51eb424fadf8474ec91f0b7d", "name": "tempest.common.compute-instance-810965160", "created": "2015-12-08T05:52:30Z", "tenant_id": "7b50d0ef8e134be3a7d9015fefd659a4", "OS-DCF:diskConfig": "MANUAL", "os-extended-volumes:volumes_attached": [], "accessIPv4": "", "accessIPv6": "", "progress": 0, "OS-EXT-STS:power_state": 0, "config_drive": "", "metadata": {}}}
2015-12-08 05:52:31,696 20885 INFO     [tempest.common.waiters] State transition "BUILD/scheduling" ==&gt; "BUILD/spawning" after 1 second wait
2015-12-08 05:52:32,923 20885 INFO     [tempest_lib.common.rest_client] Request (TestNetworkAdvancedServerOps:test_server_connectivity_pause_unpause): 200 GET http://10.0.2.15:8774/v2.1/7b50d0ef8e134be3a7d9015fefd659a4/servers/819a19c4-e212-47b1-8b90-ca3098ea50d9 0.225s
2015-12-08 05:52:32,923 20885 DEBUG    [tempest_lib.common.rest_client] Request - Headers: {'Content-Type': 'application/json', 'Accept': 'application/json', 'X-Auth-Token': '&lt;omitted&gt;'}
        Body: None
    Response - Headers: {'status': '200', 'content-length': '1489', 'content-location': 'http://10.0.2.15:8774/v2.1/7b50d0ef8e134be3a7d9015fefd659a4/servers/819a19c4-e212-47b1-8b90-ca3098ea50d9', 'x-compute-request-id': 'req-63905e80-94fc-44e8-aa4b-0c090a9c4403', 'vary': 'X-OpenStack-Nova-API-Version', 'connection': 'close', 'x-openstack-nova-api-version': '2.1', 'date': 'Tue, 08 Dec 2015 05:52:32 GMT', 'content-type': 'application/json'}
        Body: {"server": {"status": "BUILD", "updated": "2015-12-08T05:52:31Z", "hostId": "1517fe1e831174d26ffc10cb940f3d609de1d6db0797c0d33e325a86", "addresses": {}, "links": [{"href": "http://10.0.2.15:8774/v2.1/7b50d0ef8e134be3a7d9015fefd659a4/servers/819a19c4-e212-47b1-8b90-ca3098ea50d9", "rel": "self"}, {"href": "http://10.0.2.15:8774/7b50d0ef8e134be3a7d9015fefd659a4/servers/819a19c4-e212-47b1-8b90-ca3098ea50d9", "rel": "bookmark"}], "key_name": "tempest-TestNetworkAdvancedServerOps-390149573", "image": {"id": "dbad13ee-833e-455f-bcbf-11e6fe4d9d2b", "links": [{"href": "http://10.0.2.15:8774/7b50d0ef8e134be3a7d9015fefd659a4/images/dbad13ee-833e-455f-bcbf-11e6fe4d9d2b", "rel": "bookmark"}]}, "OS-EXT-STS:task_state": "spawning", "OS-EXT-STS:vm_state": "building", "OS-SRV-USG:launched_at": null, "flavor": {"id": "42", "links": [{"href": "http://10.0.2.15:8774/7b50d0ef8e134be3a7d9015fefd659a4/flavors/42", "rel": "bookmark"}]}, "id": "819a19c4-e212-47b1-8b90-ca3098ea50d9", "security_groups": [{"name": "tempest-secgroup-smoke-1054315022"}], "OS-SRV-USG:terminated_at": null, "OS-EXT-AZ:availability_zone": "nova", "user_id": "40fe1b9c51eb424fadf8474ec91f0b7d", "name": "tempest.common.compute-instance-810965160", "created": "2015-12-08T05:52:30Z", "tenant_id": "7b50d0ef8e134be3a7d9015fefd659a4", "OS-DCF:diskConfig": "MANUAL", "os-extended-volumes:volumes_attached": [], "accessIPv4": "", "accessIPv6": "", "progress": 0, "OS-EXT-STS:power_state": 0, "config_drive": "", "metadata": {}}}
2015-12-08 05:52:34,141 20885 INFO     [tempest_lib.common.rest_client] Request (TestNetworkAdvancedServerOps:test_server_connectivity_pause_unpause): 200 GET http://10.0.2.15:8774/v2.1/7b50d0ef8e134be3a7d9015fefd659a4/servers/819a19c4-e212-47b1-8b90-ca3098ea50d9 0.208s
2015-12-08 05:52:34,141 20885 DEBUG    [tempest_lib.common.rest_client] Request - Headers: {'Content-Type': 'application/json', 'Accept': 'application/json', 'X-Auth-Token': '&lt;omitted&gt;'}
        Body: None
    Response - Headers: {'status': '200', 'content-length': '1661', 'content-location': 'http://10.0.2.15:8774/v2.1/7b50d0ef8e134be3a7d9015fefd659a4/servers/819a19c4-e212-47b1-8b90-ca3098ea50d9', 'x-compute-request-id': 'req-a2e4595f-c501-4663-9bfb-c95e922fba12', 'vary': 'X-OpenStack-Nova-API-Version', 'connection': 'close', 'x-openstack-nova-api-version': '2.1', 'date': 'Tue, 08 Dec 2015 05:52:34 GMT', 'content-type': 'application/json'}
        Body: {"server": {"status": "ACTIVE", "updated": "2015-12-08T05:52:33Z", "hostId": "1517fe1e831174d26ffc10cb940f3d609de1d6db0797c0d33e325a86", "addresses": {"tempest-network-smoke--1799143769": [{"OS-EXT-IPS-MAC:mac_addr": "fa:16:3e:6d:26:9c", "version": 4, "addr": "10.100.0.3", "OS-EXT-IPS:type": "fixed"}]}, "links": [{"href": "http://10.0.2.15:8774/v2.1/7b50d0ef8e134be3a7d9015fefd659a4/servers/819a19c4-e212-47b1-8b90-ca3098ea50d9", "rel": "self"}, {"href": "http://10.0.2.15:8774/7b50d0ef8e134be3a7d9015fefd659a4/servers/819a19c4-e212-47b1-8b90-ca3098ea50d9", "rel": "bookmark"}], "key_name": "tempest-TestNetworkAdvancedServerOps-390149573", "image": {"id": "dbad13ee-833e-455f-bcbf-11e6fe4d9d2b", "links": [{"href": "http://10.0.2.15:8774/7b50d0ef8e134be3a7d9015fefd659a4/images/dbad13ee-833e-455f-bcbf-11e6fe4d9d2b", "rel": "bookmark"}]}, "OS-EXT-STS:task_state": null, "OS-EXT-STS:vm_state": "active", "OS-SRV-USG:launched_at": "2015-12-08T05:52:33.000000", "flavor": {"id": "42", "links": [{"href": "http://10.0.2.15:8774/7b50d0ef8e134be3a7d9015fefd659a4/flavors/42", "rel": "bookmark"}]}, "id": "819a19c4-e212-47b1-8b90-ca3098ea50d9", "security_groups": [{"name": "tempest-secgroup-smoke-1054315022"}], "OS-SRV-USG:terminated_at": null, "OS-EXT-AZ:availability_zone": "nova", "user_id": "40fe1b9c51eb424fadf8474ec91f0b7d", "name": "tempest.common.compute-instance-810965160", "created": "2015-12-08T05:52:30Z", "tenant_id": "7b50d0ef8e134be3a7d9015fefd659a4", "OS-DCF:diskConfig": "MANUAL", "os-extended-volumes:volumes_attached": [], "accessIPv4": "", "accessIPv6": "", "progress": 0, "OS-EXT-STS:power_state": 1, "config_drive": "True", "metadata": {}}}
2015-12-08 05:52:34,150 20885 INFO     [tempest.common.waiters] State transition "BUILD/spawning" ==&gt; "ACTIVE/None" after 4 second wait
2015-12-08 05:52:34,347 20885 INFO     [tempest_lib.common.rest_client] Request (TestNetworkAdvancedServerOps:test_server_connectivity_pause_unpause): 200 GET http://10.0.2.15:8774/v2.1/7b50d0ef8e134be3a7d9015fefd659a4/servers/819a19c4-e212-47b1-8b90-ca3098ea50d9 0.197s
2015-12-08 05:52:34,348 20885 DEBUG    [tempest_lib.common.rest_client] Request - Headers: {'Content-Type': 'application/json', 'Accept': 'application/json', 'X-Auth-Token': '&lt;omitted&gt;'}
        Body: None
    Response - Headers: {'status': '200', 'content-length': '1661', 'content-location': 'http://10.0.2.15:8774/v2.1/7b50d0ef8e134be3a7d9015fefd659a4/servers/819a19c4-e212-47b1-8b90-ca3098ea50d9', 'x-compute-request-id': 'req-fb8832d6-664c-4d54-b6f8-3811d0cea3f7', 'vary': 'X-OpenStack-Nova-API-Version', 'connection': 'close', 'x-openstack-nova-api-version': '2.1', 'date': 'Tue, 08 Dec 2015 05:52:34 GMT', 'content-type': 'application/json'}
        Body: {"server": {"status": "ACTIVE", "updated": "2015-12-08T05:52:33Z", "hostId": "1517fe1e831174d26ffc10cb940f3d609de1d6db0797c0d33e325a86", "addresses": {"tempest-network-smoke--1799143769": [{"OS-EXT-IPS-MAC:mac_addr": "fa:16:3e:6d:26:9c", "version": 4, "addr": "10.100.0.3", "OS-EXT-IPS:type": "fixed"}]}, "links": [{"href": "http://10.0.2.15:8774/v2.1/7b50d0ef8e134be3a7d9015fefd659a4/servers/819a19c4-e212-47b1-8b90-ca3098ea50d9", "rel": "self"}, {"href": "http://10.0.2.15:8774/7b50d0ef8e134be3a7d9015fefd659a4/servers/819a19c4-e212-47b1-8b90-ca3098ea50d9", "rel": "bookmark"}], "key_name": "tempest-TestNetworkAdvancedServerOps-390149573", "image": {"id": "dbad13ee-833e-455f-bcbf-11e6fe4d9d2b", "links": [{"href": "http://10.0.2.15:8774/7b50d0ef8e134be3a7d9015fefd659a4/images/dbad13ee-833e-455f-bcbf-11e6fe4d9d2b", "rel": "bookmark"}]}, "OS-EXT-STS:task_state": null, "OS-EXT-STS:vm_state": "active", "OS-SRV-USG:launched_at": "2015-12-08T05:52:33.000000", "flavor": {"id": "42", "links": [{"href": "http://10.0.2.15:8774/7b50d0ef8e134be3a7d9015fefd659a4/flavors/42", "rel": "bookmark"}]}, "id": "819a19c4-e212-47b1-8b90-ca3098ea50d9", "security_groups": [{"name": "tempest-secgroup-smoke-1054315022"}], "OS-SRV-USG:terminated_at": null, "OS-EXT-AZ:availability_zone": "nova", "user_id": "40fe1b9c51eb424fadf8474ec91f0b7d", "name": "tempest.common.compute-instance-810965160", "created": "2015-12-08T05:52:30Z", "tenant_id": "7b50d0ef8e134be3a7d9015fefd659a4", "OS-DCF:diskConfig": "MANUAL", "os-extended-volumes:volumes_attached": [], "accessIPv4": "", "accessIPv6": "", "progress": 0, "OS-EXT-STS:power_state": 1, "config_drive": "True", "metadata": {}}}
2015-12-08 05:52:34,492 20885 INFO     [tempest_lib.common.rest_client] Request (TestNetworkAdvancedServerOps:test_server_connectivity_pause_unpause): 200 GET http://10.0.2.15:9696/v2.0/ports?status=ACTIVE&amp;fixed_ip=None&amp;device_id=819a19c4-e212-47b1-8b90-ca3098ea50d9 0.135s
2015-12-08 05:52:34,492 20885 DEBUG    [tempest_lib.common.rest_client] Request - Headers: {'Content-Type': 'application/json', 'Accept': 'application/json', 'X-Auth-Token': '&lt;omitted&gt;'}
        Body: None
    Response - Headers: {'status': '200', 'content-length': '895', 'content-location': 'http://10.0.2.15:9696/v2.0/ports?status=ACTIVE&amp;fixed_ip=None&amp;device_id=819a19c4-e212-47b1-8b90-ca3098ea50d9', 'connection': 'close', 'date': 'Tue, 08 Dec 2015 05:52:34 GMT', 'content-type': 'application/json; charset=UTF-8', 'x-openstack-request-id': 'req-4f57fca6-04fa-4943-bfdf-5ef63df7a38e'}
        Body: {"ports": [{"status": "ACTIVE", "binding:host_id": "vagrant-ubuntu-trusty-64", "allowed_address_pairs": [], "extra_dhcp_opts": [], "dns_assignment": [{"hostname": "host-10-100-0-3", "ip_address": "10.100.0.3", "fqdn": "host-10-100-0-3.openstacklocal."}], "device_owner": "compute:None", "port_security_enabled": true, "binding:profile": {}, "fixed_ips": [{"subnet_id": "6c3c199a-4c39-42b1-a8ab-845d98a72a44", "ip_address": "10.100.0.3"}], "id": "8dd1bce0-5611-466f-b893-41e7f13f4e5b", "security_groups": ["403d63a2-3075-402e-8b70-4ce96c610dd9"], "device_id": "819a19c4-e212-47b1-8b90-ca3098ea50d9", "name": "", "admin_state_up": true, "network_id": "e0c357f4-e640-431b-8d00-2857dc283615", "dns_name": "", "binding:vif_details": {"port_filter": true}, "binding:vnic_type": "normal", "binding:vif_type": "ovs", "tenant_id": "7b50d0ef8e134be3a7d9015fefd659a4", "mac_address": "fa:16:3e:6d:26:9c"}]}
2015-12-08 05:52:35,033 20885 INFO     [tempest_lib.common.rest_client] Request (TestNetworkAdvancedServerOps:test_server_connectivity_pause_unpause): 201 POST http://10.0.2.15:9696/v2.0/floatingips 0.540s
2015-12-08 05:52:35,034 20885 DEBUG    [tempest_lib.common.rest_client] Request - Headers: {'Content-Type': 'application/json', 'Accept': 'application/json', 'X-Auth-Token': '&lt;omitted&gt;'}
        Body: {"floatingip": {"floating_network_id": "53a4271d-d782-4aac-b6b2-efbd41e0d34b", "tenant_id": "7b50d0ef8e134be3a7d9015fefd659a4", "fixed_ip_address": "10.100.0.3", "port_id": "8dd1bce0-5611-466f-b893-41e7f13f4e5b"}}
    Response - Headers: {'status': '201', 'content-length': '367', 'connection': 'close', 'date': 'Tue, 08 Dec 2015 05:52:35 GMT', 'content-type': 'application/json; charset=UTF-8', 'x-openstack-request-id': 'req-5d4de939-a74c-460e-aaad-177c78a16027'}
        Body: {"floatingip": {"floating_network_id": "53a4271d-d782-4aac-b6b2-efbd41e0d34b", "router_id": "4865feba-9c85-433c-b647-5bd4d3c726ac", "fixed_ip_address": "10.100.0.3", "floating_ip_address": "172.24.4.4", "tenant_id": "7b50d0ef8e134be3a7d9015fefd659a4", "status": "DOWN", "port_id": "8dd1bce0-5611-466f-b893-41e7f13f4e5b", "id": "83df8903-08b3-4ccd-9052-db7a3f880714"}}
2015-12-08 05:52:35,368 20885 INFO     [tempest_lib.common.rest_client] Request (TestNetworkAdvancedServerOps:test_server_connectivity_pause_unpause): 200 GET http://10.0.2.15:8774/v2.1/7b50d0ef8e134be3a7d9015fefd659a4/servers/819a19c4-e212-47b1-8b90-ca3098ea50d9 0.334s
2015-12-08 05:52:35,369 20885 DEBUG    [tempest_lib.common.rest_client] Request - Headers: {'Content-Type': 'application/json', 'Accept': 'application/json', 'X-Auth-Token': '&lt;omitted&gt;'}
        Body: None
    Response - Headers: {'status': '200', 'content-length': '1661', 'content-location': 'http://10.0.2.15:8774/v2.1/7b50d0ef8e134be3a7d9015fefd659a4/servers/819a19c4-e212-47b1-8b90-ca3098ea50d9', 'x-compute-request-id': 'req-1a663ae4-fdfa-4537-b179-4b69f703ecd4', 'vary': 'X-OpenStack-Nova-API-Version', 'connection': 'close', 'x-openstack-nova-api-version': '2.1', 'date': 'Tue, 08 Dec 2015 05:52:35 GMT', 'content-type': 'application/json'}
        Body: {"server": {"status": "ACTIVE", "updated": "2015-12-08T05:52:33Z", "hostId": "1517fe1e831174d26ffc10cb940f3d609de1d6db0797c0d33e325a86", "addresses": {"tempest-network-smoke--1799143769": [{"OS-EXT-IPS-MAC:mac_addr": "fa:16:3e:6d:26:9c", "version": 4, "addr": "10.100.0.3", "OS-EXT-IPS:type": "fixed"}]}, "links": [{"href": "http://10.0.2.15:8774/v2.1/7b50d0ef8e134be3a7d9015fefd659a4/servers/819a19c4-e212-47b1-8b90-ca3098ea50d9", "rel": "self"}, {"href": "http://10.0.2.15:8774/7b50d0ef8e134be3a7d9015fefd659a4/servers/819a19c4-e212-47b1-8b90-ca3098ea50d9", "rel": "bookmark"}], "key_name": "tempest-TestNetworkAdvancedServerOps-390149573", "image": {"id": "dbad13ee-833e-455f-bcbf-11e6fe4d9d2b", "links": [{"href": "http://10.0.2.15:8774/7b50d0ef8e134be3a7d9015fefd659a4/images/dbad13ee-833e-455f-bcbf-11e6fe4d9d2b", "rel": "bookmark"}]}, "OS-EXT-STS:task_state": null, "OS-EXT-STS:vm_state": "active", "OS-SRV-USG:launched_at": "2015-12-08T05:52:33.000000", "flavor": {"id": "42", "links": [{"href": "http://10.0.2.15:8774/7b50d0ef8e134be3a7d9015fefd659a4/flavors/42", "rel": "bookmark"}]}, "id": "819a19c4-e212-47b1-8b90-ca3098ea50d9", "security_groups": [{"name": "tempest-secgroup-smoke-1054315022"}], "OS-SRV-USG:terminated_at": null, "OS-EXT-AZ:availability_zone": "nova", "user_id": "40fe1b9c51eb424fadf8474ec91f0b7d", "name": "tempest.common.compute-instance-810965160", "created": "2015-12-08T05:52:30Z", "tenant_id": "7b50d0ef8e134be3a7d9015fefd659a4", "OS-DCF:diskConfig": "MANUAL", "os-extended-volumes:volumes_attached": [], "accessIPv4": "", "accessIPv6": "", "progress": 0, "OS-EXT-STS:power_state": 1, "config_drive": "True", "metadata": {}}}
2015-12-08 05:52:35,381 20885 INFO     [tempest.scenario.manager] Tenant networks not configured to be reachable.
2015-12-08 05:52:35,395 20885 INFO     [tempest_lib.common.rest_client] Request (TestNetworkAdvancedServerOps:test_server_connectivity_pause_unpause): 200 GET http://10.0.2.15:9696/v2.0/floatingips/83df8903-08b3-4ccd-9052-db7a3f880714 0.014s
2015-12-08 05:52:35,395 20885 DEBUG    [tempest_lib.common.rest_client] Request - Headers: {'Content-Type': 'application/json', 'Accept': 'application/json', 'X-Auth-Token': '&lt;omitted&gt;'}
        Body: None
    Response - Headers: {'status': '200', 'content-length': '367', 'content-location': 'http://10.0.2.15:9696/v2.0/floatingips/83df8903-08b3-4ccd-9052-db7a3f880714', 'connection': 'close', 'date': 'Tue, 08 Dec 2015 05:52:35 GMT', 'content-type': 'application/json; charset=UTF-8', 'x-openstack-request-id': 'req-b8795828-73d5-4451-9082-5c248988ec55'}
        Body: {"floatingip": {"floating_network_id": "53a4271d-d782-4aac-b6b2-efbd41e0d34b", "router_id": "4865feba-9c85-433c-b647-5bd4d3c726ac", "fixed_ip_address": "10.100.0.3", "floating_ip_address": "172.24.4.4", "tenant_id": "7b50d0ef8e134be3a7d9015fefd659a4", "status": "DOWN", "port_id": "8dd1bce0-5611-466f-b893-41e7f13f4e5b", "id": "83df8903-08b3-4ccd-9052-db7a3f880714"}}
2015-12-08 05:52:36,412 20885 INFO     [tempest_lib.common.rest_client] Request (TestNetworkAdvancedServerOps:test_server_connectivity_pause_unpause): 200 GET http://10.0.2.15:9696/v2.0/floatingips/83df8903-08b3-4ccd-9052-db7a3f880714 0.014s
2015-12-08 05:52:36,412 20885 DEBUG    [tempest_lib.common.rest_client] Request - Headers: {'Content-Type': 'application/json', 'Accept': 'application/json', 'X-Auth-Token': '&lt;omitted&gt;'}
        Body: None
    Response - Headers: {'status': '200', 'content-length': '369', 'content-location': 'http://10.0.2.15:9696/v2.0/floatingips/83df8903-08b3-4ccd-9052-db7a3f880714', 'connection': 'close', 'date': 'Tue, 08 Dec 2015 05:52:36 GMT', 'content-type': 'application/json; charset=UTF-8', 'x-openstack-request-id': 'req-63d08998-cbbe-4bfd-be63-13b224464508'}
        Body: {"floatingip": {"floating_network_id": "53a4271d-d782-4aac-b6b2-efbd41e0d34b", "router_id": "4865feba-9c85-433c-b647-5bd4d3c726ac", "fixed_ip_address": "10.100.0.3", "floating_ip_address": "172.24.4.4", "tenant_id": "7b50d0ef8e134be3a7d9015fefd659a4", "status": "ACTIVE", "port_id": "8dd1bce0-5611-466f-b893-41e7f13f4e5b", "id": "83df8903-08b3-4ccd-9052-db7a3f880714"}}
2015-12-08 05:52:36,412 20885 INFO     [tempest.scenario.manager] FloatingIP: &lt;"FloatingIP" addr="172.24.4.4" id="83df8903-08b3-4ccd-9052-db7a3f880714"&gt; is at status: ACTIVE
2015-12-08 05:52:36,413 20885 DEBUG    [tempest.scenario.manager] checking network connections to IP 172.24.4.4 with user: cirros
2015-12-08 05:52:36,413 20885 DEBUG    [tempest.scenario.manager] TestNetworkAdvancedServerOps:test_server_connectivity_pause_unpause begins to ping 172.24.4.4 in 120 sec and the expected result is reachable
2015-12-08 05:54:36,699 20885 DEBUG    [tempest.scenario.manager] TestNetworkAdvancedServerOps:test_server_connectivity_pause_unpause finishes ping 172.24.4.4 in 120 sec and the ping result is unexpected
2015-12-08 05:54:36,700 20885 ERROR    [tempest.scenario.manager] Public network connectivity check failed
2015-12-08 05:54:36.700 20885 ERROR tempest.scenario.manager Traceback (most recent call last):
2015-12-08 05:54:36.700 20885 ERROR tempest.scenario.manager   File "tempest/scenario/manager.py", line 606, in check_public_network_connectivity
2015-12-08 05:54:36.700 20885 ERROR tempest.scenario.manager     should_connect=should_connect)
2015-12-08 05:54:36.700 20885 ERROR tempest.scenario.manager   File "tempest/scenario/manager.py", line 590, in check_vm_connectivity
2015-12-08 05:54:36.700 20885 ERROR tempest.scenario.manager     msg=msg)
2015-12-08 05:54:36.700 20885 ERROR tempest.scenario.manager   File "/usr/local/lib/python2.7/dist-packages/unittest2/case.py", line 702, in assertTrue
2015-12-08 05:54:36.700 20885 ERROR tempest.scenario.manager     raise self.failureException(msg)
2015-12-08 05:54:36.700 20885 ERROR tempest.scenario.manager AssertionError: False is not true : Timed out waiting for 172.24.4.4 to become reachable
2015-12-08 05:54:36.700 20885 ERROR tempest.scenario.manager 
2015-12-08 05:54:36,903 20885 INFO     [tempest_lib.common.rest_client] Request (TestNetworkAdvancedServerOps:test_server_connectivity_pause_unpause): 200 POST http://10.0.2.15:8774/v2.1/7b50d0ef8e134be3a7d9015fefd659a4/servers/819a19c4-e212-47b1-8b90-ca3098ea50d9/action 0.200s
2015-12-08 05:54:36,904 20885 DEBUG    [tempest_lib.common.rest_client] Request - Headers: {'Content-Type': 'application/json', 'Accept': 'application/json', 'X-Auth-Token': '&lt;omitted&gt;'}
        Body: {"os-getConsoleOutput": {}}
    Response - Headers: {'status': '200', 'content-length': '17429', 'x-compute-request-id': 'req-ad17ddc3-3afd-425c-a9cb-ad66b55ed7e3', 'vary': 'X-OpenStack-Nova-API-Version', 'connection': 'close', 'x-openstack-nova-api-version': '2.1', 'date': 'Tue, 08 Dec 2015 05:54:36 GMT', 'content-type': 'application/json'}
        Body: {"output": "[    0.000000] Initializing cgroup subsys cpuset\n[    0.000000] Initializing cgroup subsys cpu\n[    0.000000] Linux version 3.2.0-80-virtual (buildd@batsu) (gcc version 4.6.3 (Ubuntu/Linaro 4.6.3-1ubuntu5) ) #116-Ubuntu SMP Mon Mar 23 17:28:52 UTC 2015 (Ubuntu 3.2.0-80.116-virtual 3.2.68)\n[    0.000000] Command line: root=/dev/vda console=tty0 console=ttyS0 no_timer_check\n[    0.000000] KERNEL supported cpus:\n[    0.000000]   Intel GenuineIntel\n[    0.000000]   AMD AuthenticAMD\n[    0.000000]   Centaur CentaurHauls\n[    0.000000] BIOS-provided physical RAM map:\n[    0.000000]  BIOS-e820: 0000000000000000 - 000000000009fc00 (usable)\n[    0.000000]  BIOS-e820: 000000000009fc00 - 00000000000a0000 (reserved)\n[    0.000000]  BIOS-e820: 00000000000f0000 - 0000000000100000 (reserved)\n[    0.000000]  BIOS-e820: 0000000000100000 - 0000000003ffe000 (usable)\n[    0.000000]  BIOS-e820: 0000000003ffe000 - 0000000004000000 (reserved)\n[    0.000000]  BIOS-e820: 00000000fffc0000 - 0000000100000000 (reserved)\n[    0.000000] NX (Execute Disable) protection: active\n[    0.000000] SMBIOS 2.4 present.\n[    0.000000] No AGP bridge found\n[    0.000000] last_pfn = 0x3ffe max_arch_pfn = 0x400000000\n[    0.000000] x86 PAT enabled: cpu 0, old 0x7040600070406, new 0x7010600070106\n[    0.000000] found SMP MP-table at [ffff8800000f0b00] f0b00\n[    0.000000] init_memory_mapping: 0000000000000000-0000000003ffe000\n[    0.000000] RAMDISK: 03c5e000 - 03ff0000\n[    0.000000] ACPI: RSDP 00000000000f0950 00014 (v00 BOCHS )\n[    0.000000] ACPI: RSDT 0000000003fffbc1 00034 (v01 BOCHS  BXPCRSDT 00000001 BXPC 00000001)\n[    0.000000] ACPI: FACP 0000000003fff1c0 00074 (v01 BOCHS  BXPCFACP 00000001 BXPC 00000001)\n[    0.000000] ACPI: DSDT 0000000003ffe040 01180 (v01 BOCHS  BXPCDSDT 00000001 BXPC 00000001)\n[    0.000000] ACPI: FACS 0000000003ffe000 00040\n[    0.000000] ACPI: SSDT 0000000003fff234 008DD (v01 BOCHS  BXPCSSDT 00000001 BXPC 00000001)\n[    0.000000] ACPI: APIC 0000000003fffb11 00078 (v01 BOCHS  BXPCAPIC 00000001 BXPC 00000001)\n[    0.000000] ACPI: HPET 0000000003fffb89 00038 (v01 BOCHS  BXPCHPET 00000001 BXPC 00000001)\n[    0.000000] No NUMA configuration found\n[    0.000000] Faking a node at 0000000000000000-0000000003ffe000\n[    0.000000] Initmem setup node 0 0000000000000000-0000000003ffe000\n[    0.000000]   NODE_DATA [0000000003ff6000 - 0000000003ffafff]\n[    0.000000] Zone PFN ranges:\n[    0.000000]   DMA      0x00000010 -&gt; 0x00001000\n[    0.000000]   DMA32    0x00001000 -&gt; 0x00100000\n[    0.000000]   Normal   empty\n[    0.000000] Movable zone start PFN for each node\n[    0.000000] early_node_map[2] active PFN ranges\n[    0.000000]     0: 0x00000010 -&gt; 0x0000009f\n[    0.000000]     0: 0x00000100 -&gt; 0x00003ffe\n[    0.000000] ACPI: PM-Timer IO Port: 0xb008\n[    0.000000] ACPI: LAPIC (acpi_id[0x00] lapic_id[0x00] enabled)\n[    0.000000] ACPI: LAPIC_NMI (acpi_id[0xff] dfl dfl lint[0x1])\n[    0.000000] ACPI: IOAPIC (id[0x00] address[0xfec00000] gsi_base[0])\n[    0.000000] IOAPIC[0]: apic_id 0, version 17, address 0xfec00000, GSI 0-23\n[    0.000000] ACPI: INT_SRC_OVR (bus 0 bus_irq 0 global_irq 2 dfl dfl)\n[    0.000000] ACPI: INT_SRC_OVR (bus 0 bus_irq 5 global_irq 5 high level)\n[    0.000000] ACPI: INT_SRC_OVR (bus 0 bus_irq 9 global_irq 9 high level)\n[    0.000000] ACPI: INT_SRC_OVR (bus 0 bus_irq 10 global_irq 10 high level)\n[    0.000000] ACPI: INT_SRC_OVR (bus 0 bus_irq 11 global_irq 11 high level)\n[    0.000000] Using ACPI (MADT) for SMP configuration information\n[    0.000000] ACPI: HPET id: 0x8086a201 base: 0xfed00000\n[    0.000000] SMP: Allowing 1 CPUs, 0 hotplug CPUs\n[    0.000000] PM: Registered nosave memory: 000000000009f000 - 00000000000a0000\n[    0.000000] PM: Registered nosave memory: 00000000000a0000 - 00000000000f0000\n[    0.000000] PM: Registered nosave memory: 00000000000f0000 - 0000000000100000\n[    0.000000] Allocating PCI resources starting at 4000000 (gap: 4000000:fbfc0000)\n[    0.000000] Booting paravirtualized kernel on bare hardware\n[    0.000000] setup_pe
2015-12-08 05:54:36,906 20885 DEBUG    [tempest.scenario.manager] Console output for 819a19c4-e212-47b1-8b90-ca3098ea50d9
body=
[    0.000000] Initializing cgroup subsys cpuset
[    0.000000] Initializing cgroup subsys cpu
[    0.000000] Linux version 3.2.0-80-virtual (buildd@batsu) (gcc version 4.6.3 (Ubuntu/Linaro 4.6.3-1ubuntu5) ) #116-Ubuntu SMP Mon Mar 23 17:28:52 UTC 2015 (Ubuntu 3.2.0-80.116-virtual 3.2.68)
[    0.000000] Command line: root=/dev/vda console=tty0 console=ttyS0 no_timer_check
[    0.000000] KERNEL supported cpus:
[    0.000000]   Intel GenuineIntel
[    0.000000]   AMD AuthenticAMD
[    0.000000]   Centaur CentaurHauls
[    0.000000] BIOS-provided physical RAM map:
[    0.000000]  BIOS-e820: 0000000000000000 - 000000000009fc00 (usable)
[    0.000000]  BIOS-e820: 000000000009fc00 - 00000000000a0000 (reserved)
[    0.000000]  BIOS-e820: 00000000000f0000 - 0000000000100000 (reserved)
[    0.000000]  BIOS-e820: 0000000000100000 - 0000000003ffe000 (usable)
[    0.000000]  BIOS-e820: 0000000003ffe000 - 0000000004000000 (reserved)
[    0.000000]  BIOS-e820: 00000000fffc0000 - 0000000100000000 (reserved)
[    0.000000] NX (Execute Disable) protection: active
[    0.000000] SMBIOS 2.4 present.
[    0.000000] No AGP bridge found
[    0.000000] last_pfn = 0x3ffe max_arch_pfn = 0x400000000
[    0.000000] x86 PAT enabled: cpu 0, old 0x7040600070406, new 0x7010600070106
[    0.000000] found SMP MP-table at [ffff8800000f0b00] f0b00
[    0.000000] init_memory_mapping: 0000000000000000-0000000003ffe000
[    0.000000] RAMDISK: 03c5e000 - 03ff0000
[    0.000000] ACPI: RSDP 00000000000f0950 00014 (v00 BOCHS )
[    0.000000] ACPI: RSDT 0000000003fffbc1 00034 (v01 BOCHS  BXPCRSDT 00000001 BXPC 00000001)
[    0.000000] ACPI: FACP 0000000003fff1c0 00074 (v01 BOCHS  BXPCFACP 00000001 BXPC 00000001)
[    0.000000] ACPI: DSDT 0000000003ffe040 01180 (v01 BOCHS  BXPCDSDT 00000001 BXPC 00000001)
[    0.000000] ACPI: FACS 0000000003ffe000 00040
[    0.000000] ACPI: SSDT 0000000003fff234 008DD (v01 BOCHS  BXPCSSDT 00000001 BXPC 00000001)
[    0.000000] ACPI: APIC 0000000003fffb11 00078 (v01 BOCHS  BXPCAPIC 00000001 BXPC 00000001)
[    0.000000] ACPI: HPET 0000000003fffb89 00038 (v01 BOCHS  BXPCHPET 00000001 BXPC 00000001)
[    0.000000] No NUMA configuration found
[    0.000000] Faking a node at 0000000000000000-0000000003ffe000
[    0.000000] Initmem setup node 0 0000000000000000-0000000003ffe000
[    0.000000]   NODE_DATA [0000000003ff6000 - 0000000003ffafff]
[    0.000000] Zone PFN ranges:
[    0.000000]   DMA      0x00000010 -&gt; 0x00001000
[    0.000000]   DMA32    0x00001000 -&gt; 0x00100000
[    0.000000]   Normal   empty
[    0.000000] Movable zone start PFN for each node
[    0.000000] early_node_map[2] active PFN ranges
[    0.000000]     0: 0x00000010 -&gt; 0x0000009f
[    0.000000]     0: 0x00000100 -&gt; 0x00003ffe
[    0.000000] ACPI: PM-Timer IO Port: 0xb008
[    0.000000] ACPI: LAPIC (acpi_id[0x00] lapic_id[0x00] enabled)
[    0.000000] ACPI: LAPIC_NMI (acpi_id[0xff] dfl dfl lint[0x1])
[    0.000000] ACPI: IOAPIC (id[0x00] address[0xfec00000] gsi_base[0])
[    0.000000] IOAPIC[0]: apic_id 0, version 17, address 0xfec00000, GSI 0-23
[    0.000000] ACPI: INT_SRC_OVR (bus 0 bus_irq 0 global_irq 2 dfl dfl)
[    0.000000] ACPI: INT_SRC_OVR (bus 0 bus_irq 5 global_irq 5 high level)
[    0.000000] ACPI: INT_SRC_OVR (bus 0 bus_irq 9 global_irq 9 high level)
[    0.000000] ACPI: INT_SRC_OVR (bus 0 bus_irq 10 global_irq 10 high level)
[    0.000000] ACPI: INT_SRC_OVR (bus 0 bus_irq 11 global_irq 11 high level)
[    0.000000] Using ACPI (MADT) for SMP configuration information
[    0.000000] ACPI: HPET id: 0x8086a201 base: 0xfed00000
[    0.000000] SMP: Allowing 1 CPUs, 0 hotplug CPUs
[    0.000000] PM: Registered nosave memory: 000000000009f000 - 00000000000a0000
[    0.000000] PM: Registered nosave memory: 00000000000a0000 - 00000000000f0000
[    0.000000] PM: Registered nosave memory: 00000000000f0000 - 0000000000100000
[    0.000000] Allocating PCI resources starting at 4000000 (gap: 4000000:fbfc0000)
[    0.000000] Booting paravirtualized kernel on bare hardware
[    0.000000] setup_percpu: NR_CPUS:64 nr_cpumask_bits:64 nr_cpu_ids:1 nr_node_ids:1
[    0.000000] PERCPU: Embedded 27 pages/cpu @ffff880003a00000 s78848 r8192 d23552 u2097152
[    0.000000] Built 1 zonelists in Node order, mobility grouping on.  Total pages: 16008
[    0.000000] Policy zone: DMA32
[    0.000000] Kernel command line: root=/dev/vda console=tty0 console=ttyS0 no_timer_check
[    0.000000] PID hash table entries: 256 (order: -1, 2048 bytes)
[    0.000000] Checking aperture...
[    0.000000] No AGP bridge found
[    0.000000] Memory: 43492k/65528k available (6576k kernel code, 452k absent, 21584k reserved, 6620k data, 928k init)
[    0.000000] SLUB: Genslabs=15, HWalign=64, Order=0-3, MinObjects=0, CPUs=1, Nodes=1
[    0.000000] Hierarchical RCU implementation.
[    0.000000] 	RCU dyntick-idle grace-period acceleration is enabled.
[    0.000000] NR_IRQS:4352 nr_irqs:256 16
[    0.000000] Console: colour VGA+ 80x25
[    0.000000] console [tty0] enabled
[    0.000000] console [ttyS0] enabled
[    0.000000] allocated 1048576 bytes of page_cgroup
[    0.000000] please try 'cgroup_disable=memory' option if you don't want memory cgroups
[    0.000000] Fast TSC calibration failed
[    0.000000] TSC: Unable to calibrate against PIT
[    0.000000] TSC: using HPET reference calibration
[    0.000000] Detected 2293.228 MHz processor.
[    0.028832] Calibrating delay loop (skipped), value calculated using timer frequency.. 4586.45 BogoMIPS (lpj=9172912)
[    0.032790] pid_max: default: 32768 minimum: 301
[    0.040316] Security Framework initialized
[    0.044729] AppArmor: AppArmor initialized
[    0.045562] Yama: becoming mindful.
[    0.052858] Dentry cache hash table entries: 8192 (order: 4, 65536 bytes)
[    0.054366] Inode-cache hash table entries: 4096 (order: 3, 32768 bytes)
[    0.056670] Mount-cache hash table entries: 256
[    0.071373] Initializing cgroup subsys cpuacct
[    0.072344] Initializing cgroup subsys memory
[    0.073758] Initializing cgroup subsys devices
[    0.074547] Initializing cgroup subsys freezer
[    0.076135] Initializing cgroup subsys blkio
[    0.076927] Initializing cgroup subsys perf_event
[    0.082433] mce: CPU supports 10 MCE banks
[    0.087115] SMP alternatives: switching to UP code
[    0.493993] Freeing SMP alternatives: 24k freed
[    0.496955] ACPI: Core revision 20110623
[    0.560249] ftrace: allocating 26610 entries in 105 pages
[    0.592681] ..TIMER: vector=0x30 apic1=0 pin1=2 apic2=-1 pin2=-1
[    0.594930] CPU0: AMD QEMU Virtual CPU version 2.0.0 stepping 03
[    0.600036] Performance Events: Broken PMU hardware detected, using software events only.
[    0.609289] NMI watchdog disabled (cpu0): hardware events not enabled
[    0.610971] Brought up 1 CPUs
[    0.612396] Total of 1 processors activated (4586.45 BogoMIPS).
[    0.637571] devtmpfs: initialized
[    0.669456] EVM: security.selinux
[    0.669974] EVM: security.SMACK64
[    0.670485] EVM: security.capability
[    0.691276] print_constraints: dummy: 
[    0.693197] RTC time:  5:52:37, date: 12/08/15
[    0.697225] NET: Registered protocol family 16
[    0.705816] ACPI: bus type pci registered
[    0.709835] PCI: Using configuration type 1 for base access
[    0.741533] bio: create slab &lt;bio-0&gt; at 0
[    0.746485] ACPI: Added _OSI(Module Device)
[    0.747083] ACPI: Added _OSI(Processor Device)
[    0.748105] ACPI: Added _OSI(3.0 _SCP Extensions)
[    0.748754] ACPI: Added _OSI(Processor Aggregator Device)
[    0.833857] ACPI: Interpreter enabled
[    0.836318] ACPI: (supports S0 S3 S4 S5)
[    0.841599] ACPI: Using IOAPIC for interrupt routing
[    0.924163] ACPI: No dock devices found.
[    0.924876] HEST: Table not found.
[    0.925426] PCI: Using host bridge windows from ACPI; if necessary, use "pci=nocrs" and report a bug
[    0.929537] ACPI: PCI Root Bridge [PCI0] (domain 0000 [bus 00-ff])
[    0.937677] pci_root PNP0A03:00: host bridge window [io  0x0000-0x0cf7]
[    0.938524] pci_root PNP0A03:00: host bridge window [io  0x0d00-0xadff]
[    0.940164] pci_root PNP0A03:00: host bridge window [io  0xae0f-0xaeff]
[    0.940959] pci_root PNP0A03:00: host bridge window [io  0xaf20-0xafdf]
[    0.941705] pci_root PNP0A03:00: host bridge window [io  0xafe4-0xffff]
[    0.944167] pci_root PNP0A03:00: host bridge window [mem 0x000a0000-0x000bffff]
[    0.945488] pci_root PNP0A03:00: host bridge window [mem 0x04000000-0xfebfffff]
[    0.967094] pci 0000:00:01.3: quirk: [io  0xb000-0xb03f] claimed by PIIX4 ACPI
[    0.968179] pci 0000:00:01.3: quirk: [io  0xb100-0xb10f] claimed by PIIX4 SMB
[    1.052347]  pci0000:00: Unable to request _OSC control (_OSC support mask: 0x1e)
[    1.114337] ACPI: PCI Interrupt Link [LNKA] (IRQs 5 *10 11)
[    1.117886] ACPI: PCI Interrupt Link [LNKB] (IRQs 5 *10 11)
[    1.120478] ACPI: PCI Interrupt Link [LNKC] (IRQs 5 10 *11)
[    1.121987] ACPI: PCI Interrupt Link [LNKD] (IRQs 5 10 *11)
[    1.125299] ACPI: PCI Interrupt Link [LNKS] (IRQs *9)
[    1.134859] vgaarb: device added: PCI:0000:00:02.0,decodes=io+mem,owns=io+mem,locks=none
[    1.136190] vgaarb: loaded
[    1.136573] vgaarb: bridge control possible 0000:00:02.0
[    1.140778] i2c-core: driver [aat2870] using legacy suspend method
[    1.141472] i2c-core: driver [aat2870] using legacy resume method
[    1.145302] SCSI subsystem initialized
[    1.148603] usbcore: registered new interface driver usbfs
[    1.149978] usbcore: registered new interface driver hub
[    1.151133] usbcore: registered new device driver usb
[    1.154553] PCI: Using ACPI for IRQ routing
[    1.165051] NetLabel: Initializing
[    1.165471] NetLabel:  domain hash size = 128
[    1.165973] NetLabel:  protocols = UNLABELED CIPSOv4
[    1.168254] NetLabel:  unlabeled traffic allowed by default
[    1.170382] HPET: 3 timers in total, 0 timers will be used for per-cpu timer
[    1.171594] hpet0: at MMIO 0xfed00000, IRQs 2, 8, 0
[    1.172646] hpet0: 3 comparators, 64-bit 100.000000 MHz counter
[    1.186437] Switching to clocksource hpet
[    1.442732] AppArmor: AppArmor Filesystem Enabled
[    1.446431] pnp: PnP ACPI init
[    1.447097] ACPI: bus type pnp registered
[    1.469430] pnp: PnP ACPI: found 9 devices
[    1.470206] ACPI: ACPI bus type pnp unregistered
[    1.523111] NET: Registered protocol family 2
[    1.554888] IP route cache hash table entries: 512 (order: 0, 4096 bytes)
[    1.561928] TCP established hash table entries: 2048 (order: 3, 32768 bytes)
[    1.563112] TCP bind hash table entries: 2048 (order: 3, 32768 bytes)
[    1.563948] TCP: Hash tables configured (established 2048 bind 2048)
[    1.565680] TCP reno registered
[    1.566182] UDP hash table entries: 128 (order: 0, 4096 bytes)
[    1.567053] UDP-Lite hash table entries: 128 (order: 0, 4096 bytes)
[    1.570108] NET: Registered protocol family 1
[    1.570902] pci 0000:00:00.0: Limiting direct PCI/PCI transfers
[    1.571633] pci 0000:00:01.0: PIIX3: Enabling Passive Release
[    1.573284] pci 0000:00:01.0: Activating ISA DMA hang workarounds
[    1.578086] ACPI: PCI Interrupt Link [LNKD] enabled at IRQ 11
[    1.578984] pci 0000:00:01.2: PCI INT D -&gt; Link[LNKD] -&gt; GSI 11 (level, high) -&gt; IRQ 11
[    1.581701] pci 0000:00:01.2: PCI INT D disabled
[    1.598448] Trying to unpack rootfs image as initramfs...
[    1.614156] audit: initializing netlink socket (disabled)
[    1.615517] type=2000 audit(1449553957.612:1): initialized
[    1.878036] HugeTLB registered 2 MB page size, pre-allocated 0 pages
[    1.970350] VFS: Disk quotas dquot_6.5.2
[    1.972963] Dquot-cache hash table entries: 512 (order 0, 4096 bytes)
[    1.987760] fuse init (API version 7.17)
[    1.991031] msgmni has been set to 84
[    2.029140] Block layer SCSI generic (bsg) driver version 0.4 loaded (major 253)
[    2.030770] io scheduler noop registered
[    2.031307] io scheduler deadline registered (default)
[    2.033696] io scheduler cfq registered
[    2.038215] pci_hotplug: PCI Hot Plug PCI Core version: 0.5
[    2.040017] pciehp: PCI Express Hot Plug Controller Driver version: 0.4
[    2.046471] input: Power Button as /devices/LNXSYSTM:00/LNXPWRBN:00/input/input0
[    2.048011] ACPI: Power Button [PWRF]
[    2.106738] ERST: Table is not found!
[    2.107293] GHES: HEST is not enabled!
[    2.114885] ACPI: PCI Interrupt Link [LNKC] enabled at IRQ 10
[    2.115630] virtio-pci 0000:00:03.0: PCI INT A -&gt; Link[LNKC] -&gt; GSI 10 (level, high) -&gt; IRQ 10
[    2.119715] virtio-pci 0000:00:04.0: PCI INT A -&gt; Link[LNKD] -&gt; GSI 11 (level, high) -&gt; IRQ 11
[    2.138958] ACPI: PCI Interrupt Link [LNKA] enabled at IRQ 10
[    2.139745] virtio-pci 0000:00:05.0: PCI INT A -&gt; Link[LNKA] -&gt; GSI 10 (level, high) -&gt; IRQ 10
[    2.145317] Serial: 8250/16550 driver, 32 ports, IRQ sharing enabled
[    2.185534] serial8250: ttyS0 at I/O 0x3f8 (irq = 4) is a 16550A
[    2.275871] serial8250: ttyS1 at I/O 0x2f8 (irq = 3) is a 16550A
[    2.421197] 00:05: ttyS0 at I/O 0x3f8 (irq = 4) is a 16550A
[    2.506654] 00:06: ttyS1 at I/O 0x2f8 (irq = 3) is a 16550A
[    2.565755] Linux agpgart interface v0.103
[    2.585693] Refined TSC clocksource calibration: 2293.322 MHz.
[    2.586622] Switching to clocksource tsc
[    2.623630] brd: module loaded
[    2.657091] loop: module loaded
[    2.702594]  vda: unknown partition table
[    2.757118] scsi0 : ata_piix
[    2.759237] scsi1 : ata_piix
[    2.761089] ata1: PATA max MWDMA2 cmd 0x1f0 ctl 0x3f6 bmdma 0xc0a0 irq 14
[    2.761896] ata2: PATA max MWDMA2 cmd 0x170 ctl 0x376 bmdma 0xc0a8 irq 15
[    2.770973] Fixed MDIO Bus: probed
[    2.771738] tun: Universal TUN/TAP device driver, 1.6
[    2.772925] tun: (C) 1999-2004 Max Krasnyansky &lt;maxk@qualcomm.com&gt;
[    2.785364] PPP generic driver version 2.4.2
[    2.807588] ehci_hcd: USB 2.0 'Enhanced' Host Controller (EHCI) Driver
[    2.809880] ohci_hcd: USB 1.1 'Open' Host Controller (OHCI) Driver
[    2.811191] uhci_hcd: USB Universal Host Controller Interface driver
[    2.812281] uhci_hcd 0000:00:01.2: PCI INT D -&gt; Link[LNKD] -&gt; GSI 11 (level, high) -&gt; IRQ 11
[    2.812871] uhci_hcd 0000:00:01.2: UHCI Host Controller
[    2.826308] uhci_hcd 0000:00:01.2: new USB bus registered, assigned bus number 1
[    2.828007] uhci_hcd 0000:00:01.2: irq 11, io base 0x0000c040
[    2.861480] hub 1-0:1.0: USB hub found
[    2.864225] hub 1-0:1.0: 2 ports detected
[    2.875819] usbcore: registered new interface driver libusual
[    2.879248] i8042: PNP: PS/2 Controller [PNP0303:KBD,PNP0f13:MOU] at 0x60,0x64 irq 1,12
[    2.887532] serio: i8042 KBD port at 0x60,0x64 irq 1
[    2.889561] serio: i8042 AUX port at 0x60,0x64 irq 12
[    2.933672] mousedev: PS/2 mouse device common for all mice
[    2.953523] input: AT Translated Set 2 keyboard as /devices/platform/i8042/serio0/input/input1
[    2.958057] rtc_cmos 00:01: RTC can wake from S4
[    2.983004] rtc_cmos 00:01: rtc core: registered rtc_cmos as rtc0
[    2.987387] rtc0: alarms up to one day, 114 bytes nvram, hpet irqs
[    2.991234] device-mapper: uevent: version 1.0.3
[    3.013394] ata2.01: ATAPI: QEMU DVD-ROM, 2.0.0, max UDMA/100
[    3.028609] ata2.01: configured for MWDMA2
[    3.031496] device-mapper: ioctl: 4.22.0-ioctl (2011-10-19) initialised: dm-devel@redhat.com
[    3.034770] cpuidle: using governor ladder
[    3.035671] cpuidle: using governor menu
[    3.036965] EFI Variables Facility v0.08 2004-May-17
[    3.048716] TCP cubic registered
[    3.051693] NET: Registered protocol family 10
[    3.077151] NET: Registered protocol family 17
[    3.078368] Registering the dns_resolver key type
[    3.110128] scsi 1:0:1:0: CD-ROM            QEMU     QEMU DVD-ROM     2.0. PQ: 0 ANSI: 5
[    3.127600] sr0: scsi3-mmc drive: 4x/4x cd/rw xa/form2 tray
[    3.129251] cdrom: Uniform CD-ROM driver Revision: 3.20
[    3.145090] sr 1:0:1:0: Attached scsi generic sg0 type 5
[    3.180018] registered taskstats version 1
[    3.261199] Freeing initrd memory: 3656k freed
[    3.823959]   Magic number: 11:504:870
[    3.839563] rtc_cmos 00:01: setting system clock to 2015-12-08 05:52:40 UTC (1449553960)
[    3.842941] powernow-k8: Processor cpuid 663 not supported
[    3.850322] BIOS EDD facility v0.16 2004-Jun-25, 0 devices found
[    3.853257] EDD information not available.
[    3.917950] Freeing unused kernel memory: 928k freed
[    3.921860] Write protecting the kernel read-only data: 12288k
[    3.999568] Freeing unused kernel memory: 1596k freed
[    4.061397] Freeing unused kernel memory: 1184k freed

info: initramfs: up at 4.24
modprobe: module virtio_blk not found in modules.dep
modprobe: module virtio_net not found in modules.dep
info: copying initramfs to /dev/vda
info: initramfs loading root from /dev/vda
info: /etc/init.d/rc.sysinit: up at 9.02
info: container: none
Starting logging: OK
modprobe: module virtio_blk not found in modules.dep
modprobe: module virtio_net not found in modules.dep
WARN: /etc/rc3.d/S10-load-modules failed
Initializing random number generator... done.
Starting acpid: OK
cirros-ds 'local' up at 11.54
found datasource (configdrive, local)
Starting network...
udhcpc (v1.20.1) started
Sending discover...
Sending discover...

2015-12-08 05:54:37,264 20885 INFO     [tempest_lib.common.rest_client] Request (TestNetworkAdvancedServerOps:_run_cleanups): 204 DELETE http://10.0.2.15:9696/v2.0/floatingips/83df8903-08b3-4ccd-9052-db7a3f880714 0.352s
2015-12-08 05:54:37,265 20885 DEBUG    [tempest_lib.common.rest_client] Request - Headers: {'Content-Type': 'application/json', 'Accept': 'application/json', 'X-Auth-Token': '&lt;omitted&gt;'}
        Body: None
    Response - Headers: {'date': 'Tue, 08 Dec 2015 05:54:37 GMT', 'status': '204', 'connection': 'close', 'content-length': '0', 'x-openstack-request-id': 'req-dac6cf22-bc62-404c-9672-8bb67e0596b8'}
        Body: 
2015-12-08 05:54:37,477 20885 INFO     [tempest_lib.common.rest_client] Request (TestNetworkAdvancedServerOps:_run_cleanups): 204 DELETE http://10.0.2.15:8774/v2.1/7b50d0ef8e134be3a7d9015fefd659a4/servers/819a19c4-e212-47b1-8b90-ca3098ea50d9 0.212s
2015-12-08 05:54:37,477 20885 DEBUG    [tempest_lib.common.rest_client] Request - Headers: {'Content-Type': 'application/json', 'Accept': 'application/json', 'X-Auth-Token': '&lt;omitted&gt;'}
        Body: None
    Response - Headers: {'status': '204', 'content-length': '0', 'x-compute-request-id': 'req-f73f5b98-bc27-4105-8ddb-bcc9026da819', 'vary': 'X-OpenStack-Nova-API-Version', 'connection': 'close', 'x-openstack-nova-api-version': '2.1', 'date': 'Tue, 08 Dec 2015 05:54:37 GMT', 'content-type': 'application/json'}
        Body: 
2015-12-08 05:54:37,698 20885 INFO     [tempest_lib.common.rest_client] Request (TestNetworkAdvancedServerOps:_run_cleanups): 200 GET http://10.0.2.15:8774/v2.1/7b50d0ef8e134be3a7d9015fefd659a4/servers/819a19c4-e212-47b1-8b90-ca3098ea50d9 0.219s
2015-12-08 05:54:37,698 20885 DEBUG    [tempest_lib.common.rest_client] Request - Headers: {'Content-Type': 'application/json', 'Accept': 'application/json', 'X-Auth-Token': '&lt;omitted&gt;'}
        Body: None
    Response - Headers: {'status': '200', 'content-length': '1784', 'content-location': 'http://10.0.2.15:8774/v2.1/7b50d0ef8e134be3a7d9015fefd659a4/servers/819a19c4-e212-47b1-8b90-ca3098ea50d9', 'x-compute-request-id': 'req-a0b3e45e-a004-44f4-8dc4-1f58d14df126', 'vary': 'X-OpenStack-Nova-API-Version', 'connection': 'close', 'x-openstack-nova-api-version': '2.1', 'date': 'Tue, 08 Dec 2015 05:54:37 GMT', 'content-type': 'application/json'}
        Body: {"server": {"status": "ACTIVE", "updated": "2015-12-08T05:54:37Z", "hostId": "1517fe1e831174d26ffc10cb940f3d609de1d6db0797c0d33e325a86", "addresses": {"tempest-network-smoke--1799143769": [{"OS-EXT-IPS-MAC:mac_addr": "fa:16:3e:6d:26:9c", "version": 4, "addr": "10.100.0.3", "OS-EXT-IPS:type": "fixed"}, {"OS-EXT-IPS-MAC:mac_addr": "fa:16:3e:6d:26:9c", "version": 4, "addr": "172.24.4.4", "OS-EXT-IPS:type": "floating"}]}, "links": [{"href": "http://10.0.2.15:8774/v2.1/7b50d0ef8e134be3a7d9015fefd659a4/servers/819a19c4-e212-47b1-8b90-ca3098ea50d9", "rel": "self"}, {"href": "http://10.0.2.15:8774/7b50d0ef8e134be3a7d9015fefd659a4/servers/819a19c4-e212-47b1-8b90-ca3098ea50d9", "rel": "bookmark"}], "key_name": "tempest-TestNetworkAdvancedServerOps-390149573", "image": {"id": "dbad13ee-833e-455f-bcbf-11e6fe4d9d2b", "links": [{"href": "http://10.0.2.15:8774/7b50d0ef8e134be3a7d9015fefd659a4/images/dbad13ee-833e-455f-bcbf-11e6fe4d9d2b", "rel": "bookmark"}]}, "OS-EXT-STS:task_state": "deleting", "OS-EXT-STS:vm_state": "active", "OS-SRV-USG:launched_at": "2015-12-08T05:52:33.000000", "flavor": {"id": "42", "links": [{"href": "http://10.0.2.15:8774/7b50d0ef8e134be3a7d9015fefd659a4/flavors/42", "rel": "bookmark"}]}, "id": "819a19c4-e212-47b1-8b90-ca3098ea50d9", "security_groups": [{"name": "tempest-secgroup-smoke-1054315022"}], "OS-SRV-USG:terminated_at": null, "OS-EXT-AZ:availability_zone": "nova", "user_id": "40fe1b9c51eb424fadf8474ec91f0b7d", "name": "tempest.common.compute-instance-810965160", "created": "2015-12-08T05:52:30Z", "tenant_id": "7b50d0ef8e134be3a7d9015fefd659a4", "OS-DCF:diskConfig": "MANUAL", "os-extended-volumes:volumes_attached": [], "accessIPv4": "", "accessIPv6": "", "progress": 0, "OS-EXT-STS:power_state": 1, "config_drive": "True", "metadata": {}}}
2015-12-08 05:54:38,915 20885 INFO     [tempest_lib.common.rest_client] Request (TestNetworkAdvancedServerOps:_run_cleanups): 200 GET http://10.0.2.15:8774/v2.1/7b50d0ef8e134be3a7d9015fefd659a4/servers/819a19c4-e212-47b1-8b90-ca3098ea50d9 0.205s
2015-12-08 05:54:38,916 20885 DEBUG    [tempest_lib.common.rest_client] Request - Headers: {'Content-Type': 'application/json', 'Accept': 'application/json', 'X-Auth-Token': '&lt;omitted&gt;'}
        Body: None
    Response - Headers: {'status': '200', 'content-length': '1448', 'content-location': 'http://10.0.2.15:8774/v2.1/7b50d0ef8e134be3a7d9015fefd659a4/servers/819a19c4-e212-47b1-8b90-ca3098ea50d9', 'x-compute-request-id': 'req-f3a0b1ff-78ff-4031-89d3-9a5041c5b37e', 'vary': 'X-OpenStack-Nova-API-Version', 'connection': 'close', 'x-openstack-nova-api-version': '2.1', 'date': 'Tue, 08 Dec 2015 05:54:38 GMT', 'content-type': 'application/json'}
        Body: {"server": {"status": "ACTIVE", "updated": "2015-12-08T05:54:38Z", "hostId": "1517fe1e831174d26ffc10cb940f3d609de1d6db0797c0d33e325a86", "addresses": {}, "links": [{"href": "http://10.0.2.15:8774/v2.1/7b50d0ef8e134be3a7d9015fefd659a4/servers/819a19c4-e212-47b1-8b90-ca3098ea50d9", "rel": "self"}, {"href": "http://10.0.2.15:8774/7b50d0ef8e134be3a7d9015fefd659a4/servers/819a19c4-e212-47b1-8b90-ca3098ea50d9", "rel": "bookmark"}], "key_name": "tempest-TestNetworkAdvancedServerOps-390149573", "image": {"id": "dbad13ee-833e-455f-bcbf-11e6fe4d9d2b", "links": [{"href": "http://10.0.2.15:8774/7b50d0ef8e134be3a7d9015fefd659a4/images/dbad13ee-833e-455f-bcbf-11e6fe4d9d2b", "rel": "bookmark"}]}, "OS-EXT-STS:task_state": "deleting", "OS-EXT-STS:vm_state": "active", "OS-SRV-USG:launched_at": "2015-12-08T05:52:33.000000", "flavor": {"id": "42", "links": [{"href": "http://10.0.2.15:8774/7b50d0ef8e134be3a7d9015fefd659a4/flavors/42", "rel": "bookmark"}]}, "id": "819a19c4-e212-47b1-8b90-ca3098ea50d9", "OS-SRV-USG:terminated_at": null, "OS-EXT-AZ:availability_zone": "nova", "user_id": "40fe1b9c51eb424fadf8474ec91f0b7d", "name": "tempest.common.compute-instance-810965160", "created": "2015-12-08T05:52:30Z", "tenant_id": "7b50d0ef8e134be3a7d9015fefd659a4", "OS-DCF:diskConfig": "MANUAL", "os-extended-volumes:volumes_attached": [], "accessIPv4": "", "accessIPv6": "", "progress": 0, "OS-EXT-STS:power_state": 1, "config_drive": "True", "metadata": {}}}
2015-12-08 05:54:40,021 20885 INFO     [tempest_lib.common.rest_client] Request (TestNetworkAdvancedServerOps:_run_cleanups): 404 GET http://10.0.2.15:8774/v2.1/7b50d0ef8e134be3a7d9015fefd659a4/servers/819a19c4-e212-47b1-8b90-ca3098ea50d9 0.091s
2015-12-08 05:54:40,022 20885 DEBUG    [tempest_lib.common.rest_client] Request - Headers: {'Content-Type': 'application/json', 'Accept': 'application/json', 'X-Auth-Token': '&lt;omitted&gt;'}
        Body: None
    Response - Headers: {'status': '404', 'content-length': '111', 'x-compute-request-id': 'req-4a73e0e8-4d2b-4ccd-8acb-51466619f6df', 'vary': 'X-OpenStack-Nova-API-Version', 'connection': 'close', 'x-openstack-nova-api-version': '2.1', 'date': 'Tue, 08 Dec 2015 05:54:40 GMT', 'content-type': 'application/json; charset=UTF-8'}
        Body: {"itemNotFound": {"message": "Instance 819a19c4-e212-47b1-8b90-ca3098ea50d9 could not be found.", "code": 404}}
2015-12-08 05:54:40,475 20885 INFO     [tempest_lib.common.rest_client] Request (TestNetworkAdvancedServerOps:_run_cleanups): 200 PUT http://10.0.2.15:9696/v2.0/routers/4865feba-9c85-433c-b647-5bd4d3c726ac/remove_router_interface 0.451s
2015-12-08 05:54:40,476 20885 DEBUG    [tempest_lib.common.rest_client] Request - Headers: {'Content-Type': 'application/json', 'Accept': 'application/json', 'X-Auth-Token': '&lt;omitted&gt;'}
        Body: {"subnet_id": "6c3c199a-4c39-42b1-a8ab-845d98a72a44"}
    Response - Headers: {'status': '200', 'content-length': '255', 'connection': 'close', 'date': 'Tue, 08 Dec 2015 05:54:40 GMT', 'content-type': 'application/json; charset=UTF-8', 'x-openstack-request-id': 'req-601cc265-372a-415c-bb39-56b52e95c8bf'}
        Body: {"subnet_id": "6c3c199a-4c39-42b1-a8ab-845d98a72a44", "tenant_id": "7b50d0ef8e134be3a7d9015fefd659a4", "subnet_ids": ["6c3c199a-4c39-42b1-a8ab-845d98a72a44"], "port_id": "cf6ea798-2155-4ec2-85ee-8b25aef0bed6", "id": "4865feba-9c85-433c-b647-5bd4d3c726ac"}
2015-12-08 05:54:41,120 20885 INFO     [tempest_lib.common.rest_client] Request (TestNetworkAdvancedServerOps:_run_cleanups): 204 DELETE http://10.0.2.15:9696/v2.0/subnets/6c3c199a-4c39-42b1-a8ab-845d98a72a44 0.643s
2015-12-08 05:54:41,121 20885 DEBUG    [tempest_lib.common.rest_client] Request - Headers: {'Content-Type': 'application/json', 'Accept': 'application/json', 'X-Auth-Token': '&lt;omitted&gt;'}
        Body: None
    Response - Headers: {'date': 'Tue, 08 Dec 2015 05:54:41 GMT', 'status': '204', 'connection': 'close', 'content-length': '0', 'x-openstack-request-id': 'req-6ef2414b-44c8-4dfd-a28d-a7ce794d685a'}
        Body: 
2015-12-08 05:54:41,175 20885 INFO     [tempest_lib.common.rest_client] Request (TestNetworkAdvancedServerOps:_run_cleanups): 200 GET http://10.0.2.15:9696/v2.0/routers/4865feba-9c85-433c-b647-5bd4d3c726ac 0.053s
2015-12-08 05:54:41,175 20885 DEBUG    [tempest_lib.common.rest_client] Request - Headers: {'Content-Type': 'application/json', 'Accept': 'application/json', 'X-Auth-Token': '&lt;omitted&gt;'}
        Body: None
    Response - Headers: {'status': '200', 'content-length': '563', 'content-location': 'http://10.0.2.15:9696/v2.0/routers/4865feba-9c85-433c-b647-5bd4d3c726ac', 'connection': 'close', 'date': 'Tue, 08 Dec 2015 05:54:41 GMT', 'content-type': 'application/json; charset=UTF-8', 'x-openstack-request-id': 'req-24111be4-ffbb-4b67-be3e-876f6f0841d2'}
        Body: {"router": {"status": "ACTIVE", "external_gateway_info": {"network_id": "53a4271d-d782-4aac-b6b2-efbd41e0d34b", "enable_snat": true, "external_fixed_ips": [{"subnet_id": "6ca67dd7-3139-4469-a4bc-02a9edebdcd4", "ip_address": "172.24.4.3"}, {"subnet_id": "8827f373-a441-4922-b105-8484b273e03b", "ip_address": "2001:db8::4"}]}, "availability_zone_hints": [], "availability_zones": ["nova"], "name": "tempest-router-smoke-922620763", "admin_state_up": true, "tenant_id": "7b50d0ef8e134be3a7d9015fefd659a4", "routes": [], "id": "4865feba-9c85-433c-b647-5bd4d3c726ac"}}
2015-12-08 05:54:41,573 20885 INFO     [tempest_lib.common.rest_client] Request (TestNetworkAdvancedServerOps:_run_cleanups): 200 PUT http://10.0.2.15:9696/v2.0/routers/4865feba-9c85-433c-b647-5bd4d3c726ac 0.397s
2015-12-08 05:54:41,574 20885 DEBUG    [tempest_lib.common.rest_client] Request - Headers: {'Content-Type': 'application/json', 'Accept': 'application/json', 'X-Auth-Token': '&lt;omitted&gt;'}
        Body: {"router": {"external_gateway_info": {}, "name": "tempest-router-smoke-922620763", "admin_state_up": true}}
    Response - Headers: {'status': '200', 'content-length': '301', 'connection': 'close', 'date': 'Tue, 08 Dec 2015 05:54:41 GMT', 'content-type': 'application/json; charset=UTF-8', 'x-openstack-request-id': 'req-142f9f3a-0556-4fa0-a7e5-9d22fb05a46f'}
        Body: {"router": {"status": "ACTIVE", "external_gateway_info": null, "availability_zone_hints": [], "availability_zones": ["nova"], "name": "tempest-router-smoke-922620763", "admin_state_up": true, "tenant_id": "7b50d0ef8e134be3a7d9015fefd659a4", "routes": [], "id": "4865feba-9c85-433c-b647-5bd4d3c726ac"}}
2015-12-08 05:54:41,822 20885 INFO     [tempest_lib.common.rest_client] Request (TestNetworkAdvancedServerOps:_run_cleanups): 204 DELETE http://10.0.2.15:9696/v2.0/routers/4865feba-9c85-433c-b647-5bd4d3c726ac 0.247s
2015-12-08 05:54:41,823 20885 DEBUG    [tempest_lib.common.rest_client] Request - Headers: {'Content-Type': 'application/json', 'Accept': 'application/json', 'X-Auth-Token': '&lt;omitted&gt;'}
        Body: None
    Response - Headers: {'date': 'Tue, 08 Dec 2015 05:54:41 GMT', 'status': '204', 'connection': 'close', 'content-length': '0', 'x-openstack-request-id': 'req-3b4e68be-fb43-48e0-915b-08bdf95f14c1'}
        Body: 
2015-12-08 05:54:42,036 20885 INFO     [tempest_lib.common.rest_client] Request (TestNetworkAdvancedServerOps:_run_cleanups): 204 DELETE http://10.0.2.15:9696/v2.0/networks/e0c357f4-e640-431b-8d00-2857dc283615 0.212s
2015-12-08 05:54:42,037 20885 DEBUG    [tempest_lib.common.rest_client] Request - Headers: {'Content-Type': 'application/json', 'Accept': 'application/json', 'X-Auth-Token': '&lt;omitted&gt;'}
        Body: None
    Response - Headers: {'date': 'Tue, 08 Dec 2015 05:54:42 GMT', 'status': '204', 'connection': 'close', 'content-length': '0', 'x-openstack-request-id': 'req-5c66242c-9c3f-4379-b1ba-8b12e02cc3ba'}
        Body: 
2015-12-08 05:54:42,094 20885 INFO     [tempest_lib.common.rest_client] Request (TestNetworkAdvancedServerOps:_run_cleanups): 204 DELETE http://10.0.2.15:9696/v2.0/security-group-rules/71d5a246-bee2-42a0-8e07-69522203cc11 0.056s
2015-12-08 05:54:42,095 20885 DEBUG    [tempest_lib.common.rest_client] Request - Headers: {'Content-Type': 'application/json', 'Accept': 'application/json', 'X-Auth-Token': '&lt;omitted&gt;'}
        Body: None
    Response - Headers: {'date': 'Tue, 08 Dec 2015 05:54:42 GMT', 'status': '204', 'connection': 'close', 'content-length': '0', 'x-openstack-request-id': 'req-8d8a63d4-e90c-41dd-851f-9897ffdf42a9'}
        Body: 
2015-12-08 05:54:42,148 20885 INFO     [tempest_lib.common.rest_client] Request (TestNetworkAdvancedServerOps:_run_cleanups): 204 DELETE http://10.0.2.15:9696/v2.0/security-group-rules/2393bc23-225b-48d2-a99c-29d59dc347ed 0.053s
2015-12-08 05:54:42,149 20885 DEBUG    [tempest_lib.common.rest_client] Request - Headers: {'Content-Type': 'application/json', 'Accept': 'application/json', 'X-Auth-Token': '&lt;omitted&gt;'}
        Body: None
    Response - Headers: {'date': 'Tue, 08 Dec 2015 05:54:42 GMT', 'status': '204', 'connection': 'close', 'content-length': '0', 'x-openstack-request-id': 'req-d12d44a4-9440-41b4-8fa9-809f5a870d6f'}
        Body: 
2015-12-08 05:54:42,202 20885 INFO     [tempest_lib.common.rest_client] Request (TestNetworkAdvancedServerOps:_run_cleanups): 204 DELETE http://10.0.2.15:9696/v2.0/security-group-rules/7794209c-3070-48ad-b14c-4cad82c62644 0.053s
2015-12-08 05:54:42,203 20885 DEBUG    [tempest_lib.common.rest_client] Request - Headers: {'Content-Type': 'application/json', 'Accept': 'application/json', 'X-Auth-Token': '&lt;omitted&gt;'}
        Body: None
    Response - Headers: {'date': 'Tue, 08 Dec 2015 05:54:42 GMT', 'status': '204', 'connection': 'close', 'content-length': '0', 'x-openstack-request-id': 'req-92f0e23a-d301-4f9f-b057-3d49ae967272'}
        Body: 
2015-12-08 05:54:42,268 20885 INFO     [tempest_lib.common.rest_client] Request (TestNetworkAdvancedServerOps:_run_cleanups): 204 DELETE http://10.0.2.15:9696/v2.0/security-group-rules/adbfa87b-7d13-4ed3-96ec-117ec7b876b8 0.063s
2015-12-08 05:54:42,268 20885 DEBUG    [tempest_lib.common.rest_client] Request - Headers: {'Content-Type': 'application/json', 'Accept': 'application/json', 'X-Auth-Token': '&lt;omitted&gt;'}
        Body: None
    Response - Headers: {'date': 'Tue, 08 Dec 2015 05:54:42 GMT', 'status': '204', 'connection': 'close', 'content-length': '0', 'x-openstack-request-id': 'req-5b5b9fd6-0288-4907-921d-72c594c6e268'}
        Body: 
2015-12-08 05:54:42,333 20885 INFO     [tempest_lib.common.rest_client] Request (TestNetworkAdvancedServerOps:_run_cleanups): 204 DELETE http://10.0.2.15:9696/v2.0/security-group-rules/314a0c34-c8af-4cfb-99f0-7c9d5859694e 0.064s
2015-12-08 05:54:42,333 20885 DEBUG    [tempest_lib.common.rest_client] Request - Headers: {'Content-Type': 'application/json', 'Accept': 'application/json', 'X-Auth-Token': '&lt;omitted&gt;'}
        Body: None
    Response - Headers: {'date': 'Tue, 08 Dec 2015 05:54:42 GMT', 'status': '204', 'connection': 'close', 'content-length': '0', 'x-openstack-request-id': 'req-12fadfa9-57f8-41e0-9c3d-4d5967afe2f9'}
        Body: 
2015-12-08 05:54:42,391 20885 INFO     [tempest_lib.common.rest_client] Request (TestNetworkAdvancedServerOps:_run_cleanups): 204 DELETE http://10.0.2.15:9696/v2.0/security-group-rules/737d7126-a736-4e20-948a-83a6015b77a4 0.056s
2015-12-08 05:54:42,391 20885 DEBUG    [tempest_lib.common.rest_client] Request - Headers: {'Content-Type': 'application/json', 'Accept': 'application/json', 'X-Auth-Token': '&lt;omitted&gt;'}
        Body: None
    Response - Headers: {'date': 'Tue, 08 Dec 2015 05:54:42 GMT', 'status': '204', 'connection': 'close', 'content-length': '0', 'x-openstack-request-id': 'req-a868076c-6a03-40eb-84dc-6ac1e397d8c5'}
        Body: 
2015-12-08 05:54:42,491 20885 INFO     [tempest_lib.common.rest_client] Request (TestNetworkAdvancedServerOps:_run_cleanups): 204 DELETE http://10.0.2.15:9696/v2.0/security-groups/403d63a2-3075-402e-8b70-4ce96c610dd9 0.098s
2015-12-08 05:54:42,492 20885 DEBUG    [tempest_lib.common.rest_client] Request - Headers: {'Content-Type': 'application/json', 'Accept': 'application/json', 'X-Auth-Token': '&lt;omitted&gt;'}
        Body: None
    Response - Headers: {'date': 'Tue, 08 Dec 2015 05:54:42 GMT', 'status': '204', 'connection': 'close', 'content-length': '0', 'x-openstack-request-id': 'req-9938e253-a492-472f-bdf4-4993be14b735'}
        Body: 
2015-12-08 05:54:42,508 20885 INFO     [tempest_lib.common.rest_client] Request (TestNetworkAdvancedServerOps:_run_cleanups): 202 DELETE http://10.0.2.15:8774/v2.1/7b50d0ef8e134be3a7d9015fefd659a4/os-keypairs/tempest-TestNetworkAdvancedServerOps-390149573 0.015s
2015-12-08 05:54:42,509 20885 DEBUG    [tempest_lib.common.rest_client] Request - Headers: {'Content-Type': 'application/json', 'Accept': 'application/json', 'X-Auth-Token': '&lt;omitted&gt;'}
        Body: None
    Response - Headers: {'status': '202', 'content-length': '0', 'x-compute-request-id': 'req-36d0e54d-6f02-4002-ade1-01a932841315', 'vary': 'X-OpenStack-Nova-API-Version', 'connection': 'close', 'x-openstack-nova-api-version': '2.1', 'date': 'Tue, 08 Dec 2015 05:54:42 GMT', 'content-type': 'application/json'}
        Body: 
2015-12-08 05:54:42,599 20885 INFO     [tempest_lib.common.rest_client] Request (TestNetworkAdvancedServerOps:_run_cleanups): 404 GET http://10.0.2.15:8774/v2.1/7b50d0ef8e134be3a7d9015fefd659a4/servers/819a19c4-e212-47b1-8b90-ca3098ea50d9 0.089s
2015-12-08 05:54:42,601 20885 DEBUG    [tempest_lib.common.rest_client] Request - Headers: {'Content-Type': 'application/json', 'Accept': 'application/json', 'X-Auth-Token': '&lt;omitted&gt;'}
        Body: None
    Response - Headers: {'status': '404', 'content-length': '111', 'x-compute-request-id': 'req-e178b5a2-1fdd-454d-ad37-628a9782488d', 'vary': 'X-OpenStack-Nova-API-Version', 'connection': 'close', 'x-openstack-nova-api-version': '2.1', 'date': 'Tue, 08 Dec 2015 05:54:42 GMT', 'content-type': 'application/json; charset=UTF-8'}
        Body: {"itemNotFound": {"message": "Instance 819a19c4-e212-47b1-8b90-ca3098ea50d9 could not be found.", "code": 404}}
}}}

Traceback (most recent call last):
  File "tempest/test.py", line 113, in wrapper
    return f(self, *func_args, **func_kwargs)
  File "tempest/scenario/test_network_advanced_server_ops.py", line 134, in test_server_connectivity_pause_unpause
    server, keypair, floating_ip = self._setup_network_and_servers()
  File "tempest/scenario/test_network_advanced_server_ops.py", line 71, in _setup_network_and_servers
    server, keypair, floating_ip)
  File "tempest/scenario/test_network_advanced_server_ops.py", line 95, in _wait_server_status_and_check_network_connectivity
    self._check_network_connectivity(server, keypair, floating_ip)
  File "tempest/scenario/test_network_advanced_server_ops.py", line 88, in _check_network_connectivity
    servers=[server])
  File "tempest/scenario/manager.py", line 606, in check_public_network_connectivity
    should_connect=should_connect)
  File "tempest/scenario/manager.py", line 590, in check_vm_connectivity
    msg=msg)
  File "/usr/local/lib/python2.7/dist-packages/unittest2/case.py", line 702, in assertTrue
    raise self.failureException(msg)
AssertionError: False is not true : Timed out waiting for 172.24.4.4 to become reachable



        </pre>
    </div>
    <!--css div popup end-->

    </td>
</tr>

<tr id='ft1.2' class='none'>
    <td class='failCase'><div class='testcase'>test_server_connectivity_reboot[compute,id-7b6860c2-afa3-4846-9522-adeb38dfbe08,network]</div></td>
    <td colspan='7' align='left'>

    <!--css div popup start-->
    <a class="popup_link" onfocus='this.blur();'
    href="javascript:showTestDetail('div_ft1.2')" >
        fail</a>

    <div id='div_ft1.2' class="popup_window">
        <div style='text-align: right; color:red;cursor:pointer'>
        <a onfocus='this.blur();'
onclick="document.getElementById('div_ft1.2').style.display = 'none' " >
           [x]</a>
        </div>
        <pre>
        
ft1.2: tempest.scenario.test_network_advanced_server_ops.TestNetworkAdvancedServerOps.test_server_connectivity_reboot[compute,id-7b6860c2-afa3-4846-9522-adeb38dfbe08,network]_StringException: Empty attachments:
  stderr
  stdout

pythonlogging:'': {{{
