<?xml version="1.0" encoding="UTF-8"?>
<!DOCTYPE html PUBLIC "-//W3C//DTD XHTML 1.0 Strict//EN"
     "http://www.w3.org/TR/xhtml1/DTD/xhtml1-strict.dtd">
<html xmlns="http://www.w3.org/1999/xhtml">
<head>
    <title>Unit Test Report</title>
    <meta name="generator" content="subunit2html 0.1"/>
    <meta http-equiv="Content-Type" content="text/html; charset=UTF-8"/>
    
<style type="text/css" media="screen">
body        { font-family: verdana, arial, helvetica, sans-serif;
    font-size: 80%; }
table       { font-size: 100%; width: 100%;}
pre         { font-size: 80%; }

/* -- heading -------------------------------------------------------------- */
h1 {
        font-size: 16pt;
        color: gray;
}
.heading {
    margin-top: 0ex;
    margin-bottom: 1ex;
}

.heading .attribute {
    margin-top: 1ex;
    margin-bottom: 0;
}

.heading .description {
    margin-top: 4ex;
    margin-bottom: 6ex;
}

/* -- css div popup -------------------------------------------------------- */
a.popup_link {
}

a.popup_link:hover {
    color: red;
}

.popup_window {
    display: none;
    overflow-x: scroll;
    /*border: solid #627173 1px; */
    padding: 10px;
    background-color: #E6E6D6;
    font-family: "Ubuntu Mono", "Lucida Console", "Courier New", monospace;
    text-align: left;
    font-size: 8pt;
}

}
/* -- report --------------------------------------------------------------- */
#show_detail_line {
    margin-top: 3ex;
    margin-bottom: 1ex;
}
#result_table {
    width: 100%;
    border-collapse: collapse;
    border: 1px solid #777;
}
#header_row {
    font-weight: bold;
    color: white;
    background-color: #777;
}
#result_table td {
    border: 1px solid #777;
    padding: 2px;
}
#total_row  { font-weight: bold; }
.passClass  { background-color: #6c6; }
.failClass  { background-color: #c60; }
.errorClass { background-color: #c00; }
.passCase   { color: #6c6; }
.failCase   { color: #c60; font-weight: bold; }
.errorCase  { color: #c00; font-weight: bold; }
.hiddenRow  { display: none; }
.testcase   { margin-left: 2em; }
td.testname {width: 40%}
td.small {width: 40px}

/* -- ending --------------------------------------------------------------- */
#ending {
}

</style>

</head>
<body>
<script language="javascript" type="text/javascript"><!--
output_list = Array();

/* level - 0:Summary; 1:Failed; 2:All */
function showCase(level) {
    trs = document.getElementsByTagName("tr");
    for (var i = 0; i < trs.length; i++) {
        tr = trs[i];
        id = tr.id;
        if (id.substr(0,2) == 'ft') {
            if (level < 1) {
                tr.className = 'hiddenRow';
            }
            else {
                tr.className = '';
            }
        }
        if (id.substr(0,2) == 'pt') {
            if (level > 1) {
                tr.className = '';
            }
            else {
                tr.className = 'hiddenRow';
            }
        }
    }
}


function showClassDetail(cid, count) {
    var id_list = Array(count);
    var toHide = 1;
    for (var i = 0; i < count; i++) {
        tid0 = 't' + cid.substr(1) + '.' + (i+1);
        tid = 'f' + tid0;
        tr = document.getElementById(tid);
        if (!tr) {
            tid = 'p' + tid0;
            tr = document.getElementById(tid);
        }
        id_list[i] = tid;
        if (tr.className) {
            toHide = 0;
        }
    }
    for (var i = 0; i < count; i++) {
        tid = id_list[i];
        if (toHide) {
            document.getElementById('div_'+tid).style.display = 'none'
            document.getElementById(tid).className = 'hiddenRow';
        }
        else {
            document.getElementById(tid).className = '';
        }
    }
}


function showTestDetail(div_id){
    var details_div = document.getElementById(div_id)
    var displayState = details_div.style.display
    // alert(displayState)
    if (displayState != 'block' ) {
        displayState = 'block'
        details_div.style.display = 'block'
    }
    else {
        details_div.style.display = 'none'
    }
}


function html_escape(s) {
    s = s.replace(/&/g,'&amp;');
    s = s.replace(/</g,'&lt;');
    s = s.replace(/>/g,'&gt;');
    return s;
}

/* obsoleted by detail in <div>
function showOutput(id, name) {
    var w = window.open("", //url
                    name,
                    "resizable,scrollbars,status,width=800,height=450");
    d = w.document;
    d.write("<pre>");
    d.write(html_escape(output_list[id]));
    d.write("\n");
    d.write("<a href='javascript:window.close()'>close</a>\n");
    d.write("</pre>\n");
    d.close();
}
*/
--></script>

<div class='heading'>
<h1>Unit Test Report</h1>

<p class='attribute'><strong>Status:</strong> Failure 6</p>

<p class='description'></p>
</div>



<p id='show_detail_line'>Show
<a href='javascript:showCase(0)'>Summary</a>
<a href='javascript:showCase(1)'>Failed</a>
<a href='javascript:showCase(2)'>All</a>
</p>
<table id='result_table'>
<colgroup>
<col align='left' />
<col align='right' />
<col align='right' />
<col align='right' />
<col align='right' />
<col align='right' />
<col align='right' />
<col align='right' />
</colgroup>
<tr id='header_row'>
    <td>Test Group/Test case</td>
    <td>Count</td>
    <td>Pass</td>
    <td>Fail</td>
    <td>Error</td>
    <td>Skip</td>
    <td>View</td>
    <td> </td>
</tr>

<tr class='failClass'>
    <td class="testname">tempest.scenario.test_network_advanced_server_ops.TestNetworkAdvancedServerOps</td>
    <td class="small">6</td>
    <td class="small">0</td>
    <td class="small">6</td>
    <td class="small">0</td>
    <td class="small">0</td>
    <td class="small"><a href="javascript:showClassDetail('c1',6)"
>Detail</a></td>
    <td> </td>
</tr>

<tr id='ft1.1' class='none'>
    <td class='failCase'><div class='testcase'>test_server_connectivity_pause_unpause[compute,id-2b2642db-6568-4b35-b812-eceed3fa20ce,network]</div></td>
    <td colspan='7' align='left'>

    <!--css div popup start-->
    <a class="popup_link" onfocus='this.blur();'
    href="javascript:showTestDetail('div_ft1.1')" >
        fail</a>

    <div id='div_ft1.1' class="popup_window">
        <div style='text-align: right; color:red;cursor:pointer'>
        <a onfocus='this.blur();'
onclick="document.getElementById('div_ft1.1').style.display = 'none' " >
           [x]</a>
        </div>
        <pre>
        
ft1.1: tempest.scenario.test_network_advanced_server_ops.TestNetworkAdvancedServerOps.test_server_connectivity_pause_unpause[compute,id-2b2642db-6568-4b35-b812-eceed3fa20ce,network]_StringException: Empty attachments:
  stderr
  stdout

pythonlogging:'': {{{
2015-12-19 16:45:37,540 21542 INFO     [tempest_lib.common.rest_client] Request (TestNetworkAdvancedServerOps:test_server_connectivity_pause_unpause): 200 POST http://10.0.2.15:8774/v2.1/6c2ed14ed978496681cf276074e979f5/os-keypairs 0.316s
2015-12-19 16:45:37,541 21542 DEBUG    [tempest_lib.common.rest_client] Request - Headers: {'Content-Type': 'application/json', 'Accept': 'application/json', 'X-Auth-Token': '&lt;omitted&gt;'}
        Body: {"keypair": {"name": "tempest-TestNetworkAdvancedServerOps-1554021747"}}
    Response - Headers: {'status': '200', 'content-length': '2334', 'x-compute-request-id': 'req-05c91089-7b2c-44e0-8da6-2ee1284561ff', 'vary': 'X-OpenStack-Nova-API-Version', 'connection': 'close', 'x-openstack-nova-api-version': '2.1', 'date': 'Sat, 19 Dec 2015 16:45:37 GMT', 'content-type': 'application/json'}
        Body: {"keypair": {"public_key": "ssh-rsa AAAAB3NzaC1yc2EAAAADAQABAAABAQDC3cJ3j7gQgHFViUVEdJixdrmCXeYKD4F2kjnx6DQn+OP4QDst22c9WyuegOv0DNEY0ZGv04/K/RbuOAtoUSrRIl3+beCiWPm7a0QEJZqGqx30RP51mct0bYqNKD6ApTPzcHKcTn5nKSBs0KuVa8SC00n5nUsOzP34vUqeDsqblh6QiLgvBGZqNg3K4ClI+DsMQHwDpfHPzwp9pNgzKNxGtoNIsPLw6qnJ1hHiXkGmFWIuzEyfSWpRRiZBX6FGf/uSlu7dKGtlnpu7dVPbXZ1V/oDsCshMosiOruLfAWCdf71vF7gENjaIEJlDjARM0I3K2GJ0GnwJDQ35BcWjb1dL Generated-by-Nova", "private_key": "-----BEGIN RSA PRIVATE KEY-----\nMIIEqgIBAAKCAQEAwt3Cd4+4EIBxVYlFRHSYsXa5gl3mCg+BdpI58eg0J/jj+EA7\nLdtnPVsrnoDr9AzRGNGRr9OPyv0W7jgLaFEq0SJd/m3golj5u2tEBCWahqsd9ET+\ndZnLdG2KjSg+gKUz83BynE5+ZykgbNCrlWvEgtNJ+Z1LDsz9+L1Kng7Km5YekIi4\nLwRmajYNyuApSPg7DEB8A6Xxz88KfaTYMyjcRraDSLDy8OqpydYR4l5BphViLsxM\nn0lqUUYmQV+hRn/7kpbu3ShrZZ6bu3VT212dVf6A7ArITKLIjq7i3wFgnX+9bxe4\nBDY2iBCZQ4wETNCNythidBp8CQ0N+QXFo29XSwIDAQABAoIBAQCsYOuERHh48IZR\nOksyEUp5wiK8dj/mqmzF7PihS93Hdl6D3p37JNkg56OgZT9U9nmJ0Olldmr/D//W\n33EH6LVNp28qgRxzwO25o1vZp0IY2wp2aQoIEfJunfAwimcv+fQI53IbXzxmGXV7\njOQcG+cMK8iGrWQWRbRs81Ysl70W/5v4zZoZp7g163d4ekdOdHx2n+E7xB9Qpmjy\n7HPTiH31nzl31LnsZ4Tg9/1dl6aKrjwAv7wSWycbgk2RCKu9V+jU9ZW5B+q++RRf\nwYeQAEC8xgrO1B7rhlv5JGIZq2m5l739bvlz9mJhSWcUg1wI8E6OKePyTRmn2+sp\nF+4miW3RAoIAgQDb2Zl/sV2Jl/hl/4zQdLfz5woP6yz2+pXLKwVKpE1ots5hBnDu\nQcJHOCaxPkgJf3Papm4XqAO6ErpwVPpyM0k2lDB1OSmGNX/c7/ExdoZtBG8UUN/Y\nk/iiHUkRsga6E9Oc0/CNV2QT7u/lwhN3YwxWRd6XIr8inemnZ0SzyZPFBQKCAIEA\n4uh9eac7RLnZe18vNZIBr0gzn47+qHvyXf0i9Ecd/9VDtk5f+xIMCfgHrsIA6sR3\nBSp43+Hk/ENqHpkKxZ4VLGzK8tnRFASJhYTLJt1f08Apv55p44bLzPI/lrOpjZoV\nb8INO74Iw/y9XMM/Df5i+ZcvNzrHXjx97+m/M2ZlXA8CggCBAJMsN/WjZlqVwVOG\nn11sxTghkjrV1GQBnAVF52TwWGGg/sc06KSWoNfMXxqH9vFkwMm+YDS15MjLgMNy\nH7YTXw+KZGYUvhd5+P6OIYhbL+IK9dFD0pXJeMgNkryl0JsAasixmHcF6Zjueunz\n4dQqGjgmzbufJxSlYaUPHI6+go2BAoIAgEsVT1/P/IazUMnIJ2D8nV4Y8CweLxol\nWX/MYaKfXcfoE+3hZVU5FY6+6hvjylXlCNVGxpSetRzcWeMiFTRrKOp4XXeap9qN\n3cu2s1p66lixP59Olg9Z7Vo11uDRNovKrsk6VxKrwU7I9Qga+2RwBuQ8KL2Hz6zZ\nK3sVx9UETwn1AoIAgQCszjCqsaa3Pc7TYVh1++IDCsN3xmkF8WmoGcf0kqnGhFZO\nrLvNULZELS/DIESKcXWKkTEyaT8W0aRMoE8huoCti7rd3GaV5EQ425Gv5J53GFqQ\nR/cySvcvTsTNOtTDD0oQpyWs2ROQU9946zlGvjpGVQrBhW5xWpESJ1OrFBg/Ig==\n-----END RSA PRIVATE KEY-----\n", "user_id": "c6a43569149348f6b2d33dee758815c1", "name": "tempest-TestNetworkAdvancedServerOps-1554021747", "fingerprint": "e6:83:08:7e:9d:52:28:60:45:6a:4d:36:ed:0b:76:ee"}}
2015-12-19 16:45:37,887 21542 INFO     [tempest_lib.common.rest_client] Request (TestNetworkAdvancedServerOps:test_server_connectivity_pause_unpause): 201 POST http://10.0.2.15:9696/v2.0/security-groups 0.341s
2015-12-19 16:45:37,888 21542 DEBUG    [tempest_lib.common.rest_client] Request - Headers: {'Content-Type': 'application/json', 'Accept': 'application/json', 'X-Auth-Token': '&lt;omitted&gt;'}
        Body: {"security_group": {"tenant_id": "6c2ed14ed978496681cf276074e979f5", "description": "tempest-secgroup-smoke-1780310454 description", "name": "tempest-secgroup-smoke-1780310454"}}
    Response - Headers: {'status': '201', 'content-length': '888', 'connection': 'close', 'date': 'Sat, 19 Dec 2015 16:45:37 GMT', 'content-type': 'application/json; charset=UTF-8', 'x-openstack-request-id': 'req-3b1b37ee-f767-4161-ac99-33586c1ea335'}
        Body: {"security_group": {"tenant_id": "6c2ed14ed978496681cf276074e979f5", "description": "tempest-secgroup-smoke-1780310454 description", "id": "ff4cee7f-1996-4eb4-a93a-a8135b1e3364", "security_group_rules": [{"remote_group_id": null, "direction": "egress", "remote_ip_prefix": null, "protocol": null, "ethertype": "IPv4", "tenant_id": "6c2ed14ed978496681cf276074e979f5", "port_range_max": null, "port_range_min": null, "id": "790855f6-9e69-49ed-b508-60862db21297", "security_group_id": "ff4cee7f-1996-4eb4-a93a-a8135b1e3364"}, {"remote_group_id": null, "direction": "egress", "remote_ip_prefix": null, "protocol": null, "ethertype": "IPv6", "tenant_id": "6c2ed14ed978496681cf276074e979f5", "port_range_max": null, "port_range_min": null, "id": "bc91a5f5-6ebd-42a8-99cc-983246805bae", "security_group_id": "ff4cee7f-1996-4eb4-a93a-a8135b1e3364"}], "name": "tempest-secgroup-smoke-1780310454"}}
2015-12-19 16:45:38,018 21542 INFO     [tempest_lib.common.rest_client] Request (TestNetworkAdvancedServerOps:test_server_connectivity_pause_unpause): 201 POST http://10.0.2.15:9696/v2.0/security-group-rules 0.129s
2015-12-19 16:45:38,018 21542 DEBUG    [tempest_lib.common.rest_client] Request - Headers: {'Content-Type': 'application/json', 'Accept': 'application/json', 'X-Auth-Token': '&lt;omitted&gt;'}
        Body: {"security_group_rule": {"direction": "ingress", "protocol": "tcp", "tenant_id": "6c2ed14ed978496681cf276074e979f5", "port_range_max": 22, "security_group_id": "ff4cee7f-1996-4eb4-a93a-a8135b1e3364", "port_range_min": 22}}
    Response - Headers: {'status': '201', 'content-length': '340', 'connection': 'close', 'date': 'Sat, 19 Dec 2015 16:45:38 GMT', 'content-type': 'application/json; charset=UTF-8', 'x-openstack-request-id': 'req-3f14aa7f-639c-4670-8816-4db372f83002'}
        Body: {"security_group_rule": {"remote_group_id": null, "direction": "ingress", "remote_ip_prefix": null, "protocol": "tcp", "ethertype": "IPv4", "tenant_id": "6c2ed14ed978496681cf276074e979f5", "port_range_max": 22, "port_range_min": 22, "id": "5047d8fe-b629-4fa6-b249-1c9e658a420b", "security_group_id": "ff4cee7f-1996-4eb4-a93a-a8135b1e3364"}}
2015-12-19 16:45:38,263 21542 INFO     [tempest_lib.common.rest_client] Request (TestNetworkAdvancedServerOps:test_server_connectivity_pause_unpause): 201 POST http://10.0.2.15:9696/v2.0/security-group-rules 0.243s
2015-12-19 16:45:38,264 21542 DEBUG    [tempest_lib.common.rest_client] Request - Headers: {'Content-Type': 'application/json', 'Accept': 'application/json', 'X-Auth-Token': '&lt;omitted&gt;'}
        Body: {"security_group_rule": {"direction": "egress", "protocol": "tcp", "tenant_id": "6c2ed14ed978496681cf276074e979f5", "port_range_max": 22, "security_group_id": "ff4cee7f-1996-4eb4-a93a-a8135b1e3364", "port_range_min": 22}}
    Response - Headers: {'status': '201', 'content-length': '339', 'connection': 'close', 'date': 'Sat, 19 Dec 2015 16:45:38 GMT', 'content-type': 'application/json; charset=UTF-8', 'x-openstack-request-id': 'req-f97f8e9f-4231-4ecd-b995-da3474558463'}
        Body: {"security_group_rule": {"remote_group_id": null, "direction": "egress", "remote_ip_prefix": null, "protocol": "tcp", "ethertype": "IPv4", "tenant_id": "6c2ed14ed978496681cf276074e979f5", "port_range_max": 22, "port_range_min": 22, "id": "97820b48-abbd-4bec-9050-843aff70d218", "security_group_id": "ff4cee7f-1996-4eb4-a93a-a8135b1e3364"}}
2015-12-19 16:45:38,382 21542 INFO     [tempest_lib.common.rest_client] Request (TestNetworkAdvancedServerOps:test_server_connectivity_pause_unpause): 201 POST http://10.0.2.15:9696/v2.0/security-group-rules 0.116s
2015-12-19 16:45:38,383 21542 DEBUG    [tempest_lib.common.rest_client] Request - Headers: {'Content-Type': 'application/json', 'Accept': 'application/json', 'X-Auth-Token': '&lt;omitted&gt;'}
        Body: {"security_group_rule": {"tenant_id": "6c2ed14ed978496681cf276074e979f5", "direction": "ingress", "protocol": "icmp", "security_group_id": "ff4cee7f-1996-4eb4-a93a-a8135b1e3364"}}
    Response - Headers: {'status': '201', 'content-length': '345', 'connection': 'close', 'date': 'Sat, 19 Dec 2015 16:45:38 GMT', 'content-type': 'application/json; charset=UTF-8', 'x-openstack-request-id': 'req-78cc457c-8afc-4a91-908d-d7cbff673bdb'}
        Body: {"security_group_rule": {"remote_group_id": null, "direction": "ingress", "remote_ip_prefix": null, "protocol": "icmp", "ethertype": "IPv4", "tenant_id": "6c2ed14ed978496681cf276074e979f5", "port_range_max": null, "port_range_min": null, "id": "afafb015-543d-404e-a237-f48b728b8ae4", "security_group_id": "ff4cee7f-1996-4eb4-a93a-a8135b1e3364"}}
2015-12-19 16:45:38,506 21542 INFO     [tempest_lib.common.rest_client] Request (TestNetworkAdvancedServerOps:test_server_connectivity_pause_unpause): 201 POST http://10.0.2.15:9696/v2.0/security-group-rules 0.122s
2015-12-19 16:45:38,507 21542 DEBUG    [tempest_lib.common.rest_client] Request - Headers: {'Content-Type': 'application/json', 'Accept': 'application/json', 'X-Auth-Token': '&lt;omitted&gt;'}
        Body: {"security_group_rule": {"tenant_id": "6c2ed14ed978496681cf276074e979f5", "direction": "egress", "protocol": "icmp", "security_group_id": "ff4cee7f-1996-4eb4-a93a-a8135b1e3364"}}
    Response - Headers: {'status': '201', 'content-length': '344', 'connection': 'close', 'date': 'Sat, 19 Dec 2015 16:45:38 GMT', 'content-type': 'application/json; charset=UTF-8', 'x-openstack-request-id': 'req-5b86d995-0c7c-4e5f-ad42-86ee99e44a6a'}
        Body: {"security_group_rule": {"remote_group_id": null, "direction": "egress", "remote_ip_prefix": null, "protocol": "icmp", "ethertype": "IPv4", "tenant_id": "6c2ed14ed978496681cf276074e979f5", "port_range_max": null, "port_range_min": null, "id": "8b499d40-2989-4ab7-a20e-f23ada39c138", "security_group_id": "ff4cee7f-1996-4eb4-a93a-a8135b1e3364"}}
2015-12-19 16:45:38,621 21542 INFO     [tempest_lib.common.rest_client] Request (TestNetworkAdvancedServerOps:test_server_connectivity_pause_unpause): 201 POST http://10.0.2.15:9696/v2.0/security-group-rules 0.113s
2015-12-19 16:45:38,622 21542 DEBUG    [tempest_lib.common.rest_client] Request - Headers: {'Content-Type': 'application/json', 'Accept': 'application/json', 'X-Auth-Token': '&lt;omitted&gt;'}
        Body: {"security_group_rule": {"tenant_id": "6c2ed14ed978496681cf276074e979f5", "direction": "ingress", "security_group_id": "ff4cee7f-1996-4eb4-a93a-a8135b1e3364", "protocol": "icmp", "ethertype": "IPv6"}}
    Response - Headers: {'status': '201', 'content-length': '345', 'connection': 'close', 'date': 'Sat, 19 Dec 2015 16:45:38 GMT', 'content-type': 'application/json; charset=UTF-8', 'x-openstack-request-id': 'req-69443aae-70d6-4ccd-beff-529aaf967941'}
        Body: {"security_group_rule": {"remote_group_id": null, "direction": "ingress", "remote_ip_prefix": null, "protocol": "icmp", "ethertype": "IPv6", "tenant_id": "6c2ed14ed978496681cf276074e979f5", "port_range_max": null, "port_range_min": null, "id": "af49ae8f-7754-42c3-acda-d1fd5ea028cd", "security_group_id": "ff4cee7f-1996-4eb4-a93a-a8135b1e3364"}}
2015-12-19 16:45:38,735 21542 INFO     [tempest_lib.common.rest_client] Request (TestNetworkAdvancedServerOps:test_server_connectivity_pause_unpause): 201 POST http://10.0.2.15:9696/v2.0/security-group-rules 0.112s
2015-12-19 16:45:38,735 21542 DEBUG    [tempest_lib.common.rest_client] Request - Headers: {'Content-Type': 'application/json', 'Accept': 'application/json', 'X-Auth-Token': '&lt;omitted&gt;'}
        Body: {"security_group_rule": {"tenant_id": "6c2ed14ed978496681cf276074e979f5", "direction": "egress", "security_group_id": "ff4cee7f-1996-4eb4-a93a-a8135b1e3364", "protocol": "icmp", "ethertype": "IPv6"}}
    Response - Headers: {'status': '201', 'content-length': '344', 'connection': 'close', 'date': 'Sat, 19 Dec 2015 16:45:38 GMT', 'content-type': 'application/json; charset=UTF-8', 'x-openstack-request-id': 'req-13974fe9-4f72-4a53-a30c-fbbd7bc19095'}
        Body: {"security_group_rule": {"remote_group_id": null, "direction": "egress", "remote_ip_prefix": null, "protocol": "icmp", "ethertype": "IPv6", "tenant_id": "6c2ed14ed978496681cf276074e979f5", "port_range_max": null, "port_range_min": null, "id": "455ca455-ed50-4db5-b2de-b9f4358ce7ed", "security_group_id": "ff4cee7f-1996-4eb4-a93a-a8135b1e3364"}}
2015-12-19 16:45:38,921 21542 INFO     [tempest_lib.common.rest_client] Request (TestNetworkAdvancedServerOps:test_server_connectivity_pause_unpause): 201 POST http://10.0.2.15:9696/v2.0/networks 0.184s
2015-12-19 16:45:38,922 21542 DEBUG    [tempest_lib.common.rest_client] Request - Headers: {'Content-Type': 'application/json', 'Accept': 'application/json', 'X-Auth-Token': '&lt;omitted&gt;'}
        Body: {"network": {"tenant_id": "6c2ed14ed978496681cf276074e979f5", "name": "tempest-network-smoke--1398742724"}}
    Response - Headers: {'status': '201', 'content-length': '329', 'connection': 'close', 'date': 'Sat, 19 Dec 2015 16:45:38 GMT', 'content-type': 'application/json; charset=UTF-8', 'x-openstack-request-id': 'req-8d3aed90-261d-4fc7-a662-43a356c20ae2'}
        Body: {"network": {"status": "ACTIVE", "subnets": [], "availability_zone_hints": "[]", "name": "tempest-network-smoke--1398742724", "admin_state_up": true, "tenant_id": "6c2ed14ed978496681cf276074e979f5", "mtu": 0, "router:external": false, "shared": false, "port_security_enabled": true, "id": "a2901559-307a-4944-9514-6816e0d5e1cc"}}
2015-12-19 16:45:39,010 21542 INFO     [tempest_lib.common.rest_client] Request (TestNetworkAdvancedServerOps:test_server_connectivity_pause_unpause): 201 POST http://10.0.2.15:9696/v2.0/routers 0.087s
2015-12-19 16:45:39,011 21542 DEBUG    [tempest_lib.common.rest_client] Request - Headers: {'Content-Type': 'application/json', 'Accept': 'application/json', 'X-Auth-Token': '&lt;omitted&gt;'}
        Body: {"router": {"tenant_id": "6c2ed14ed978496681cf276074e979f5", "name": "tempest-router-smoke-518332062", "admin_state_up": true}}
    Response - Headers: {'status': '201', 'content-length': '295', 'connection': 'close', 'date': 'Sat, 19 Dec 2015 16:45:39 GMT', 'content-type': 'application/json; charset=UTF-8', 'x-openstack-request-id': 'req-675d3596-0173-4963-a00e-b79166481a59'}
        Body: {"router": {"status": "ACTIVE", "external_gateway_info": null, "availability_zone_hints": [], "availability_zones": [], "name": "tempest-router-smoke-518332062", "admin_state_up": true, "tenant_id": "6c2ed14ed978496681cf276074e979f5", "routes": [], "id": "a6174879-01cd-4d11-93c3-29853fcd187a"}}
2015-12-19 16:45:39,065 21542 INFO     [tempest_lib.common.rest_client] Request (TestNetworkAdvancedServerOps:test_server_connectivity_pause_unpause): 200 GET http://10.0.2.15:9696/v2.0/routers/a6174879-01cd-4d11-93c3-29853fcd187a 0.053s
2015-12-19 16:45:39,066 21542 DEBUG    [tempest_lib.common.rest_client] Request - Headers: {'Content-Type': 'application/json', 'Accept': 'application/json', 'X-Auth-Token': '&lt;omitted&gt;'}
        Body: None
    Response - Headers: {'status': '200', 'content-length': '295', 'content-location': 'http://10.0.2.15:9696/v2.0/routers/a6174879-01cd-4d11-93c3-29853fcd187a', 'connection': 'close', 'date': 'Sat, 19 Dec 2015 16:45:39 GMT', 'content-type': 'application/json; charset=UTF-8', 'x-openstack-request-id': 'req-d7e2d66b-1214-4999-a40b-6ddc26f6e96d'}
        Body: {"router": {"status": "ACTIVE", "external_gateway_info": null, "availability_zone_hints": [], "availability_zones": [], "name": "tempest-router-smoke-518332062", "admin_state_up": true, "tenant_id": "6c2ed14ed978496681cf276074e979f5", "routes": [], "id": "a6174879-01cd-4d11-93c3-29853fcd187a"}}
2015-12-19 16:45:39,795 21542 INFO     [tempest_lib.common.rest_client] Request (TestNetworkAdvancedServerOps:test_server_connectivity_pause_unpause): 200 PUT http://10.0.2.15:9696/v2.0/routers/a6174879-01cd-4d11-93c3-29853fcd187a 0.727s
2015-12-19 16:45:39,795 21542 DEBUG    [tempest_lib.common.rest_client] Request - Headers: {'Content-Type': 'application/json', 'Accept': 'application/json', 'X-Auth-Token': '&lt;omitted&gt;'}
        Body: {"router": {"external_gateway_info": {"network_id": "bb6c4bf1-d191-436d-ab19-e36ab733ed6e"}, "name": "tempest-router-smoke-518332062", "admin_state_up": true}}
    Response - Headers: {'status': '200', 'content-length': '557', 'connection': 'close', 'date': 'Sat, 19 Dec 2015 16:45:39 GMT', 'content-type': 'application/json; charset=UTF-8', 'x-openstack-request-id': 'req-0edd722d-5406-4bc9-8718-1ebb6a233547'}
        Body: {"router": {"status": "ACTIVE", "external_gateway_info": {"network_id": "bb6c4bf1-d191-436d-ab19-e36ab733ed6e", "enable_snat": true, "external_fixed_ips": [{"subnet_id": "be4e3f15-bb0a-40aa-a68a-58c455d148a0", "ip_address": "172.24.4.3"}, {"subnet_id": "1a2b3b77-1996-497b-8431-2dca075f7563", "ip_address": "2001:db8::3"}]}, "availability_zone_hints": [], "availability_zones": [], "name": "tempest-router-smoke-518332062", "admin_state_up": true, "tenant_id": "6c2ed14ed978496681cf276074e979f5", "routes": [], "id": "a6174879-01cd-4d11-93c3-29853fcd187a"}}
2015-12-19 16:45:39,977 21542 INFO     [tempest_lib.common.rest_client] Request (TestNetworkAdvancedServerOps:test_server_connectivity_pause_unpause): 200 GET http://10.0.2.15:9696/v2.0/subnets?tenant_id=6c2ed14ed978496681cf276074e979f5&amp;cidr=10.100.0.0%2F28 0.181s
2015-12-19 16:45:39,978 21542 DEBUG    [tempest_lib.common.rest_client] Request - Headers: {'Content-Type': 'application/json', 'Accept': 'application/json', 'X-Auth-Token': '&lt;omitted&gt;'}
        Body: None
    Response - Headers: {'status': '200', 'content-length': '15', 'content-location': 'http://10.0.2.15:9696/v2.0/subnets?tenant_id=6c2ed14ed978496681cf276074e979f5&amp;cidr=10.100.0.0%2F28', 'connection': 'close', 'date': 'Sat, 19 Dec 2015 16:45:39 GMT', 'content-type': 'application/json; charset=UTF-8', 'x-openstack-request-id': 'req-010dc71d-d070-446c-a64a-73d17f6196b0'}
        Body: {"subnets": []}
2015-12-19 16:45:40,386 21542 INFO     [tempest_lib.common.rest_client] Request (TestNetworkAdvancedServerOps:test_server_connectivity_pause_unpause): 201 POST http://10.0.2.15:9696/v2.0/subnets 0.407s
2015-12-19 16:45:40,386 21542 DEBUG    [tempest_lib.common.rest_client] Request - Headers: {'Content-Type': 'application/json', 'Accept': 'application/json', 'X-Auth-Token': '&lt;omitted&gt;'}
        Body: {"subnet": {"ip_version": 4, "tenant_id": "6c2ed14ed978496681cf276074e979f5", "cidr": "10.100.0.0/28", "network_id": "a2901559-307a-4944-9514-6816e0d5e1cc", "name": "tempest-subnet-smoke-1484402290"}}
    Response - Headers: {'status': '201', 'content-length': '478', 'connection': 'close', 'date': 'Sat, 19 Dec 2015 16:45:40 GMT', 'content-type': 'application/json; charset=UTF-8', 'x-openstack-request-id': 'req-00c4e686-80c6-4360-b54b-792d7d0f13e7'}
        Body: {"subnet": {"name": "tempest-subnet-smoke-1484402290", "enable_dhcp": true, "network_id": "a2901559-307a-4944-9514-6816e0d5e1cc", "tenant_id": "6c2ed14ed978496681cf276074e979f5", "dns_nameservers": [], "gateway_ip": "10.100.0.1", "ipv6_ra_mode": null, "allocation_pools": [{"start": "10.100.0.2", "end": "10.100.0.14"}], "host_routes": [], "ip_version": 4, "ipv6_address_mode": null, "cidr": "10.100.0.0/28", "id": "25216a96-6b87-4ec6-a900-176da31d1c9a", "subnetpool_id": null}}
2015-12-19 16:45:41,042 21542 INFO     [tempest_lib.common.rest_client] Request (TestNetworkAdvancedServerOps:test_server_connectivity_pause_unpause): 200 PUT http://10.0.2.15:9696/v2.0/routers/a6174879-01cd-4d11-93c3-29853fcd187a/add_router_interface 0.654s
2015-12-19 16:45:41,043 21542 DEBUG    [tempest_lib.common.rest_client] Request - Headers: {'Content-Type': 'application/json', 'Accept': 'application/json', 'X-Auth-Token': '&lt;omitted&gt;'}
        Body: {"subnet_id": "25216a96-6b87-4ec6-a900-176da31d1c9a"}
    Response - Headers: {'status': '200', 'content-length': '255', 'connection': 'close', 'date': 'Sat, 19 Dec 2015 16:45:41 GMT', 'content-type': 'application/json; charset=UTF-8', 'x-openstack-request-id': 'req-b1533be7-adaa-43cc-8cca-c88d1ee47b5b'}
        Body: {"subnet_id": "25216a96-6b87-4ec6-a900-176da31d1c9a", "tenant_id": "6c2ed14ed978496681cf276074e979f5", "subnet_ids": ["25216a96-6b87-4ec6-a900-176da31d1c9a"], "port_id": "04e4847d-9dc8-4667-a0cd-64a455404035", "id": "a6174879-01cd-4d11-93c3-29853fcd187a"}
2015-12-19 16:45:41,149 21542 INFO     [tempest_lib.common.rest_client] Request (TestNetworkAdvancedServerOps:test_server_connectivity_pause_unpause): 200 POST http://10.0.2.15:5000/v2.0/tokens
2015-12-19 16:45:41,149 21542 DEBUG    [tempest_lib.common.rest_client] Request - Headers: {'Content-Type': 'application/json', 'Accept': 'application/json'}
        Body: &lt;omitted&gt;
    Response - Headers: {'status': '200', 'content-length': '2564', 'vary': 'X-Auth-Token', 'server': 'Apache/2.4.7 (Ubuntu)', 'connection': 'close', 'date': 'Sat, 19 Dec 2015 16:45:41 GMT', 'content-type': 'application/json', 'x-openstack-request-id': 'req-18425b72-4254-43ac-8171-2bcfc14d0d90'}
        Body: {"access": {"token": {"issued_at": "2015-12-19T16:45:41.140387", "expires": "2015-12-19T17:45:41Z", "id": "914e8ed0882f43c1a55306f49fc69521", "tenant": {"description": "tempest-TestNetworkAdvancedServerOps-1926387581-desc", "enabled": true, "id": "6c2ed14ed978496681cf276074e979f5", "name": "tempest-TestNetworkAdvancedServerOps-1926387581"}, "audit_ids": ["Pls5lNEkTnyUXRZ-xnQ_JA"]}, "serviceCatalog": [{"endpoints": [{"adminURL": "http://10.0.2.15:8774/v2.1/6c2ed14ed978496681cf276074e979f5", "region": "RegionOne", "internalURL": "http://10.0.2.15:8774/v2.1/6c2ed14ed978496681cf276074e979f5", "id": "3f16e2b199e146eda552c6e537419892", "publicURL": "http://10.0.2.15:8774/v2.1/6c2ed14ed978496681cf276074e979f5"}], "endpoints_links": [], "type": "compute", "name": "nova"}, {"endpoints": [{"adminURL": "http://10.0.2.15:9696/", "region": "RegionOne", "internalURL": "http://10.0.2.15:9696/", "id": "004b00a2bb414e41a4c7dca32e2ddc09", "publicURL": "http://10.0.2.15:9696/"}], "endpoints_links": [], "type": "network", "name": "neutron"}, {"endpoints": [{"adminURL": "http://10.0.2.15:9292", "region": "RegionOne", "internalURL": "http://10.0.2.15:9292", "id": "515799a76c3346e7be44c17b238b334c", "publicURL": "http://10.0.2.15:9292"}], "endpoints_links": [], "type": "image", "name": "glance"}, {"endpoints": [{"adminURL": "http://10.0.2.15:8774/v2/6c2ed14ed978496681cf276074e979f5", "region": "RegionOne", "internalURL": "http://10.0.2.15:8774/v2/6c2ed14ed978496681cf276074e979f5", "id": "b8497ab77d3d4b20b6d64627cb8279e8", "publicURL": "http://10.0.2.15:8774/v2/6c2ed14ed978496681cf276074e979f5"}], "endpoints_links": [], "type": "compute_legacy", "name": "nova_legacy"}, {"endpoints": [{"adminURL": "http://10.0.2.15:8773/", "region": "RegionOne", "internalURL": "http://10.0.2.15:8773/", "id": "4d318626be424766b5090f4d54b45c85", "publicURL": "http://10.0.2.15:8773/"}], "endpoints_links": [], "type": "ec2", "name": "ec2"}, {"endpoints": [{"adminURL": "http://10.0.2.15:35357/v2.0", "region": "RegionOne", "internalURL": "http://10.0.2.15:5000/v2.0", "id": "55f1b6407ba34427a964abb8c9c74782", "publicURL": "http://10.0.2.15:5000/v2.0"}], "endpoints_links": [], "type": "identity", "name": "keystone"}], "user": {"username": "tempest-TestNetworkAdvancedServerOps-985720496", "roles_links": [], "id": "c6a43569149348f6b2d33dee758815c1", "roles": [{"name": "_member_"}, {"name": "Member"}], "name": "tempest-TestNetworkAdvancedServerOps-985720496"}, "metadata": {"is_admin": 0, "roles": ["9fe2ff9ee4384b1894a90878d3e92bab", "6d371b2e6c5844d39650ce4b23ae0069"]}}}
2015-12-19 16:45:41,154 21542 DEBUG    [tempest.common.fixed_network] (TestNetworkAdvancedServerOps:test_server_connectivity_pause_unpause) No valid network provided or created, defaulting to fixed_network_name
2015-12-19 16:45:41,591 21542 INFO     [tempest_lib.common.rest_client] Request (TestNetworkAdvancedServerOps:test_server_connectivity_pause_unpause): 200 GET http://10.0.2.15:8774/v2.1/6c2ed14ed978496681cf276074e979f5/os-networks 0.437s
2015-12-19 16:45:41,592 21542 DEBUG    [tempest_lib.common.rest_client] Request - Headers: {'Content-Type': 'application/json', 'Accept': 'application/json', 'X-Auth-Token': '&lt;omitted&gt;'}
        Body: None
    Response - Headers: {'status': '200', 'content-length': '479', 'content-location': 'http://10.0.2.15:8774/v2.1/6c2ed14ed978496681cf276074e979f5/os-networks', 'x-compute-request-id': 'req-48c75635-0054-43fd-865d-c038aa08061d', 'vary': 'X-OpenStack-Nova-API-Version', 'connection': 'close', 'x-openstack-nova-api-version': '2.1', 'date': 'Sat, 19 Dec 2015 16:45:41 GMT', 'content-type': 'application/json'}
        Body: {"networks": [{"cidr_v6": null, "dns2": null, "dns1": null, "gateway": null, "broadcast": null, "netmask": null, "gateway_v6": null, "cidr": null, "label": "public", "id": "bb6c4bf1-d191-436d-ab19-e36ab733ed6e", "netmask_v6": null}, {"cidr_v6": null, "dns2": null, "dns1": null, "gateway": null, "broadcast": null, "netmask": null, "gateway_v6": null, "cidr": null, "label": "tempest-network-smoke--1398742724", "id": "a2901559-307a-4944-9514-6816e0d5e1cc", "netmask_v6": null}]}
2015-12-19 16:45:41,592 21542 WARNING  [tempest.common.fixed_network] (TestNetworkAdvancedServerOps:test_server_connectivity_pause_unpause) Network with name: private not found
2015-12-19 16:45:41,593 21542 INFO     [tempest.common.fixed_network] (TestNetworkAdvancedServerOps:test_server_connectivity_pause_unpause) Found network {} available for tenant
2015-12-19 16:45:43,122 21542 INFO     [tempest_lib.common.rest_client] Request (TestNetworkAdvancedServerOps:test_server_connectivity_pause_unpause): 202 POST http://10.0.2.15:8774/v2.1/6c2ed14ed978496681cf276074e979f5/servers 1.528s
2015-12-19 16:45:43,122 21542 DEBUG    [tempest_lib.common.rest_client] Request - Headers: {'Content-Type': 'application/json', 'Accept': 'application/json', 'X-Auth-Token': '&lt;omitted&gt;'}
        Body: {"server": {"name": "tempest.common.compute-instance-1647757479", "imageRef": "8d792c24-d97e-4b86-93e5-0f8d91d995e6", "key_name": "tempest-TestNetworkAdvancedServerOps-1554021747", "flavorRef": "42", "networks": [{"uuid": "a2901559-307a-4944-9514-6816e0d5e1cc"}], "security_groups": [{"name": "tempest-secgroup-smoke-1780310454"}]}}
    Response - Headers: {'status': '202', 'content-length': '462', 'x-compute-request-id': 'req-f7df51de-eccf-43c2-8ca3-d1729ae26fae', 'vary': 'X-OpenStack-Nova-API-Version', 'connection': 'close', 'location': 'http://10.0.2.15:8774/v2.1/6c2ed14ed978496681cf276074e979f5/servers/9d5b76ec-6565-4e56-959b-d79719d23e75', 'x-openstack-nova-api-version': '2.1', 'date': 'Sat, 19 Dec 2015 16:45:43 GMT', 'content-type': 'application/json'}
        Body: {"server": {"security_groups": [{"name": "tempest-secgroup-smoke-1780310454"}], "OS-DCF:diskConfig": "MANUAL", "id": "9d5b76ec-6565-4e56-959b-d79719d23e75", "links": [{"href": "http://10.0.2.15:8774/v2.1/6c2ed14ed978496681cf276074e979f5/servers/9d5b76ec-6565-4e56-959b-d79719d23e75", "rel": "self"}, {"href": "http://10.0.2.15:8774/6c2ed14ed978496681cf276074e979f5/servers/9d5b76ec-6565-4e56-959b-d79719d23e75", "rel": "bookmark"}], "adminPass": "u4Q6QYcuG2Vx"}}
2015-12-19 16:45:43,264 21542 INFO     [tempest_lib.common.rest_client] Request (TestNetworkAdvancedServerOps:test_server_connectivity_pause_unpause): 200 GET http://10.0.2.15:8774/v2.1/6c2ed14ed978496681cf276074e979f5/servers/9d5b76ec-6565-4e56-959b-d79719d23e75 0.139s
2015-12-19 16:45:43,264 21542 DEBUG    [tempest_lib.common.rest_client] Request - Headers: {'Content-Type': 'application/json', 'Accept': 'application/json', 'X-Auth-Token': '&lt;omitted&gt;'}
        Body: None
    Response - Headers: {'status': '200', 'content-length': '1365', 'content-location': 'http://10.0.2.15:8774/v2.1/6c2ed14ed978496681cf276074e979f5/servers/9d5b76ec-6565-4e56-959b-d79719d23e75', 'x-compute-request-id': 'req-0547706d-cbef-4582-9bc2-b4697cad0a1c', 'vary': 'X-OpenStack-Nova-API-Version', 'connection': 'close', 'x-openstack-nova-api-version': '2.1', 'date': 'Sat, 19 Dec 2015 16:45:43 GMT', 'content-type': 'application/json'}
        Body: {"server": {"status": "BUILD", "updated": "2015-12-19T16:45:43Z", "hostId": "", "addresses": {}, "links": [{"href": "http://10.0.2.15:8774/v2.1/6c2ed14ed978496681cf276074e979f5/servers/9d5b76ec-6565-4e56-959b-d79719d23e75", "rel": "self"}, {"href": "http://10.0.2.15:8774/6c2ed14ed978496681cf276074e979f5/servers/9d5b76ec-6565-4e56-959b-d79719d23e75", "rel": "bookmark"}], "key_name": "tempest-TestNetworkAdvancedServerOps-1554021747", "image": {"id": "8d792c24-d97e-4b86-93e5-0f8d91d995e6", "links": [{"href": "http://10.0.2.15:8774/6c2ed14ed978496681cf276074e979f5/images/8d792c24-d97e-4b86-93e5-0f8d91d995e6", "rel": "bookmark"}]}, "OS-EXT-STS:task_state": "scheduling", "OS-EXT-STS:vm_state": "building", "OS-SRV-USG:launched_at": null, "flavor": {"id": "42", "links": [{"href": "http://10.0.2.15:8774/6c2ed14ed978496681cf276074e979f5/flavors/42", "rel": "bookmark"}]}, "id": "9d5b76ec-6565-4e56-959b-d79719d23e75", "OS-SRV-USG:terminated_at": null, "OS-EXT-AZ:availability_zone": "", "user_id": "c6a43569149348f6b2d33dee758815c1", "name": "tempest.common.compute-instance-1647757479", "created": "2015-12-19T16:45:43Z", "tenant_id": "6c2ed14ed978496681cf276074e979f5", "OS-DCF:diskConfig": "MANUAL", "os-extended-volumes:volumes_attached": [], "accessIPv4": "", "accessIPv6": "", "progress": 0, "OS-EXT-STS:power_state": 0, "config_drive": "", "metadata": {}}}
2015-12-19 16:45:44,598 21542 INFO     [tempest_lib.common.rest_client] Request (TestNetworkAdvancedServerOps:test_server_connectivity_pause_unpause): 200 GET http://10.0.2.15:8774/v2.1/6c2ed14ed978496681cf276074e979f5/servers/9d5b76ec-6565-4e56-959b-d79719d23e75 0.318s
2015-12-19 16:45:44,598 21542 DEBUG    [tempest_lib.common.rest_client] Request - Headers: {'Content-Type': 'application/json', 'Accept': 'application/json', 'X-Auth-Token': '&lt;omitted&gt;'}
        Body: None
    Response - Headers: {'status': '200', 'content-length': '1491', 'content-location': 'http://10.0.2.15:8774/v2.1/6c2ed14ed978496681cf276074e979f5/servers/9d5b76ec-6565-4e56-959b-d79719d23e75', 'x-compute-request-id': 'req-546a436f-e451-4e11-bc7e-b60a9feb180c', 'vary': 'X-OpenStack-Nova-API-Version', 'connection': 'close', 'x-openstack-nova-api-version': '2.1', 'date': 'Sat, 19 Dec 2015 16:45:44 GMT', 'content-type': 'application/json'}
        Body: {"server": {"status": "BUILD", "updated": "2015-12-19T16:45:44Z", "hostId": "4f45732f03100220f2fd796e2e122faaeb05e7464d182950c9380bbb", "addresses": {}, "links": [{"href": "http://10.0.2.15:8774/v2.1/6c2ed14ed978496681cf276074e979f5/servers/9d5b76ec-6565-4e56-959b-d79719d23e75", "rel": "self"}, {"href": "http://10.0.2.15:8774/6c2ed14ed978496681cf276074e979f5/servers/9d5b76ec-6565-4e56-959b-d79719d23e75", "rel": "bookmark"}], "key_name": "tempest-TestNetworkAdvancedServerOps-1554021747", "image": {"id": "8d792c24-d97e-4b86-93e5-0f8d91d995e6", "links": [{"href": "http://10.0.2.15:8774/6c2ed14ed978496681cf276074e979f5/images/8d792c24-d97e-4b86-93e5-0f8d91d995e6", "rel": "bookmark"}]}, "OS-EXT-STS:task_state": "spawning", "OS-EXT-STS:vm_state": "building", "OS-SRV-USG:launched_at": null, "flavor": {"id": "42", "links": [{"href": "http://10.0.2.15:8774/6c2ed14ed978496681cf276074e979f5/flavors/42", "rel": "bookmark"}]}, "id": "9d5b76ec-6565-4e56-959b-d79719d23e75", "security_groups": [{"name": "tempest-secgroup-smoke-1780310454"}], "OS-SRV-USG:terminated_at": null, "OS-EXT-AZ:availability_zone": "nova", "user_id": "c6a43569149348f6b2d33dee758815c1", "name": "tempest.common.compute-instance-1647757479", "created": "2015-12-19T16:45:43Z", "tenant_id": "6c2ed14ed978496681cf276074e979f5", "OS-DCF:diskConfig": "MANUAL", "os-extended-volumes:volumes_attached": [], "accessIPv4": "", "accessIPv6": "", "progress": 0, "OS-EXT-STS:power_state": 0, "config_drive": "", "metadata": {}}}
2015-12-19 16:45:44,614 21542 INFO     [tempest.common.waiters] State transition "BUILD/scheduling" ==&gt; "BUILD/spawning" after 1 second wait
2015-12-19 16:45:45,948 21542 INFO     [tempest_lib.common.rest_client] Request (TestNetworkAdvancedServerOps:test_server_connectivity_pause_unpause): 200 GET http://10.0.2.15:8774/v2.1/6c2ed14ed978496681cf276074e979f5/servers/9d5b76ec-6565-4e56-959b-d79719d23e75 0.331s
2015-12-19 16:45:45,948 21542 DEBUG    [tempest_lib.common.rest_client] Request - Headers: {'Content-Type': 'application/json', 'Accept': 'application/json', 'X-Auth-Token': '&lt;omitted&gt;'}
        Body: None
    Response - Headers: {'status': '200', 'content-length': '1491', 'content-location': 'http://10.0.2.15:8774/v2.1/6c2ed14ed978496681cf276074e979f5/servers/9d5b76ec-6565-4e56-959b-d79719d23e75', 'x-compute-request-id': 'req-8db5559f-bf9d-44b8-922b-d81d0156ed91', 'vary': 'X-OpenStack-Nova-API-Version', 'connection': 'close', 'x-openstack-nova-api-version': '2.1', 'date': 'Sat, 19 Dec 2015 16:45:45 GMT', 'content-type': 'application/json'}
        Body: {"server": {"status": "BUILD", "updated": "2015-12-19T16:45:44Z", "hostId": "4f45732f03100220f2fd796e2e122faaeb05e7464d182950c9380bbb", "addresses": {}, "links": [{"href": "http://10.0.2.15:8774/v2.1/6c2ed14ed978496681cf276074e979f5/servers/9d5b76ec-6565-4e56-959b-d79719d23e75", "rel": "self"}, {"href": "http://10.0.2.15:8774/6c2ed14ed978496681cf276074e979f5/servers/9d5b76ec-6565-4e56-959b-d79719d23e75", "rel": "bookmark"}], "key_name": "tempest-TestNetworkAdvancedServerOps-1554021747", "image": {"id": "8d792c24-d97e-4b86-93e5-0f8d91d995e6", "links": [{"href": "http://10.0.2.15:8774/6c2ed14ed978496681cf276074e979f5/images/8d792c24-d97e-4b86-93e5-0f8d91d995e6", "rel": "bookmark"}]}, "OS-EXT-STS:task_state": "spawning", "OS-EXT-STS:vm_state": "building", "OS-SRV-USG:launched_at": null, "flavor": {"id": "42", "links": [{"href": "http://10.0.2.15:8774/6c2ed14ed978496681cf276074e979f5/flavors/42", "rel": "bookmark"}]}, "id": "9d5b76ec-6565-4e56-959b-d79719d23e75", "security_groups": [{"name": "tempest-secgroup-smoke-1780310454"}], "OS-SRV-USG:terminated_at": null, "OS-EXT-AZ:availability_zone": "nova", "user_id": "c6a43569149348f6b2d33dee758815c1", "name": "tempest.common.compute-instance-1647757479", "created": "2015-12-19T16:45:43Z", "tenant_id": "6c2ed14ed978496681cf276074e979f5", "OS-DCF:diskConfig": "MANUAL", "os-extended-volumes:volumes_attached": [], "accessIPv4": "", "accessIPv6": "", "progress": 0, "OS-EXT-STS:power_state": 0, "config_drive": "", "metadata": {}}}
2015-12-19 16:45:47,318 21542 INFO     [tempest_lib.common.rest_client] Request (TestNetworkAdvancedServerOps:test_server_connectivity_pause_unpause): 200 GET http://10.0.2.15:8774/v2.1/6c2ed14ed978496681cf276074e979f5/servers/9d5b76ec-6565-4e56-959b-d79719d23e75 0.357s
2015-12-19 16:45:47,318 21542 DEBUG    [tempest_lib.common.rest_client] Request - Headers: {'Content-Type': 'application/json', 'Accept': 'application/json', 'X-Auth-Token': '&lt;omitted&gt;'}
        Body: None
    Response - Headers: {'status': '200', 'content-length': '1663', 'content-location': 'http://10.0.2.15:8774/v2.1/6c2ed14ed978496681cf276074e979f5/servers/9d5b76ec-6565-4e56-959b-d79719d23e75', 'x-compute-request-id': 'req-241f78ef-f65d-408d-b258-ba4cf48628c4', 'vary': 'X-OpenStack-Nova-API-Version', 'connection': 'close', 'x-openstack-nova-api-version': '2.1', 'date': 'Sat, 19 Dec 2015 16:45:47 GMT', 'content-type': 'application/json'}
        Body: {"server": {"status": "ACTIVE", "updated": "2015-12-19T16:45:46Z", "hostId": "4f45732f03100220f2fd796e2e122faaeb05e7464d182950c9380bbb", "addresses": {"tempest-network-smoke--1398742724": [{"OS-EXT-IPS-MAC:mac_addr": "fa:16:3e:bd:aa:d2", "version": 4, "addr": "10.100.0.3", "OS-EXT-IPS:type": "fixed"}]}, "links": [{"href": "http://10.0.2.15:8774/v2.1/6c2ed14ed978496681cf276074e979f5/servers/9d5b76ec-6565-4e56-959b-d79719d23e75", "rel": "self"}, {"href": "http://10.0.2.15:8774/6c2ed14ed978496681cf276074e979f5/servers/9d5b76ec-6565-4e56-959b-d79719d23e75", "rel": "bookmark"}], "key_name": "tempest-TestNetworkAdvancedServerOps-1554021747", "image": {"id": "8d792c24-d97e-4b86-93e5-0f8d91d995e6", "links": [{"href": "http://10.0.2.15:8774/6c2ed14ed978496681cf276074e979f5/images/8d792c24-d97e-4b86-93e5-0f8d91d995e6", "rel": "bookmark"}]}, "OS-EXT-STS:task_state": null, "OS-EXT-STS:vm_state": "active", "OS-SRV-USG:launched_at": "2015-12-19T16:45:46.000000", "flavor": {"id": "42", "links": [{"href": "http://10.0.2.15:8774/6c2ed14ed978496681cf276074e979f5/flavors/42", "rel": "bookmark"}]}, "id": "9d5b76ec-6565-4e56-959b-d79719d23e75", "security_groups": [{"name": "tempest-secgroup-smoke-1780310454"}], "OS-SRV-USG:terminated_at": null, "OS-EXT-AZ:availability_zone": "nova", "user_id": "c6a43569149348f6b2d33dee758815c1", "name": "tempest.common.compute-instance-1647757479", "created": "2015-12-19T16:45:43Z", "tenant_id": "6c2ed14ed978496681cf276074e979f5", "OS-DCF:diskConfig": "MANUAL", "os-extended-volumes:volumes_attached": [], "accessIPv4": "", "accessIPv6": "", "progress": 0, "OS-EXT-STS:power_state": 1, "config_drive": "True", "metadata": {}}}
2015-12-19 16:45:47,326 21542 INFO     [tempest.common.waiters] State transition "BUILD/spawning" ==&gt; "ACTIVE/None" after 4 second wait
2015-12-19 16:45:47,540 21542 INFO     [tempest_lib.common.rest_client] Request (TestNetworkAdvancedServerOps:test_server_connectivity_pause_unpause): 200 GET http://10.0.2.15:8774/v2.1/6c2ed14ed978496681cf276074e979f5/servers/9d5b76ec-6565-4e56-959b-d79719d23e75 0.213s
2015-12-19 16:45:47,541 21542 DEBUG    [tempest_lib.common.rest_client] Request - Headers: {'Content-Type': 'application/json', 'Accept': 'application/json', 'X-Auth-Token': '&lt;omitted&gt;'}
        Body: None
    Response - Headers: {'status': '200', 'content-length': '1663', 'content-location': 'http://10.0.2.15:8774/v2.1/6c2ed14ed978496681cf276074e979f5/servers/9d5b76ec-6565-4e56-959b-d79719d23e75', 'x-compute-request-id': 'req-fee296be-8b27-43e4-961b-0af49e7f05c3', 'vary': 'X-OpenStack-Nova-API-Version', 'connection': 'close', 'x-openstack-nova-api-version': '2.1', 'date': 'Sat, 19 Dec 2015 16:45:47 GMT', 'content-type': 'application/json'}
        Body: {"server": {"status": "ACTIVE", "updated": "2015-12-19T16:45:46Z", "hostId": "4f45732f03100220f2fd796e2e122faaeb05e7464d182950c9380bbb", "addresses": {"tempest-network-smoke--1398742724": [{"OS-EXT-IPS-MAC:mac_addr": "fa:16:3e:bd:aa:d2", "version": 4, "addr": "10.100.0.3", "OS-EXT-IPS:type": "fixed"}]}, "links": [{"href": "http://10.0.2.15:8774/v2.1/6c2ed14ed978496681cf276074e979f5/servers/9d5b76ec-6565-4e56-959b-d79719d23e75", "rel": "self"}, {"href": "http://10.0.2.15:8774/6c2ed14ed978496681cf276074e979f5/servers/9d5b76ec-6565-4e56-959b-d79719d23e75", "rel": "bookmark"}], "key_name": "tempest-TestNetworkAdvancedServerOps-1554021747", "image": {"id": "8d792c24-d97e-4b86-93e5-0f8d91d995e6", "links": [{"href": "http://10.0.2.15:8774/6c2ed14ed978496681cf276074e979f5/images/8d792c24-d97e-4b86-93e5-0f8d91d995e6", "rel": "bookmark"}]}, "OS-EXT-STS:task_state": null, "OS-EXT-STS:vm_state": "active", "OS-SRV-USG:launched_at": "2015-12-19T16:45:46.000000", "flavor": {"id": "42", "links": [{"href": "http://10.0.2.15:8774/6c2ed14ed978496681cf276074e979f5/flavors/42", "rel": "bookmark"}]}, "id": "9d5b76ec-6565-4e56-959b-d79719d23e75", "security_groups": [{"name": "tempest-secgroup-smoke-1780310454"}], "OS-SRV-USG:terminated_at": null, "OS-EXT-AZ:availability_zone": "nova", "user_id": "c6a43569149348f6b2d33dee758815c1", "name": "tempest.common.compute-instance-1647757479", "created": "2015-12-19T16:45:43Z", "tenant_id": "6c2ed14ed978496681cf276074e979f5", "OS-DCF:diskConfig": "MANUAL", "os-extended-volumes:volumes_attached": [], "accessIPv4": "", "accessIPv6": "", "progress": 0, "OS-EXT-STS:power_state": 1, "config_drive": "True", "metadata": {}}}
2015-12-19 16:45:47,586 21542 INFO     [tempest_lib.common.rest_client] Request (TestNetworkAdvancedServerOps:test_server_connectivity_pause_unpause): 200 GET http://10.0.2.15:9696/v2.0/ports?status=ACTIVE&amp;fixed_ip=None&amp;device_id=9d5b76ec-6565-4e56-959b-d79719d23e75 0.035s
2015-12-19 16:45:47,587 21542 DEBUG    [tempest_lib.common.rest_client] Request - Headers: {'Content-Type': 'application/json', 'Accept': 'application/json', 'X-Auth-Token': '&lt;omitted&gt;'}
        Body: None
    Response - Headers: {'status': '200', 'content-length': '895', 'content-location': 'http://10.0.2.15:9696/v2.0/ports?status=ACTIVE&amp;fixed_ip=None&amp;device_id=9d5b76ec-6565-4e56-959b-d79719d23e75', 'connection': 'close', 'date': 'Sat, 19 Dec 2015 16:45:47 GMT', 'content-type': 'application/json; charset=UTF-8', 'x-openstack-request-id': 'req-40732fc8-a51d-45ab-b1e7-8162639b8b34'}
        Body: {"ports": [{"status": "ACTIVE", "binding:host_id": "vagrant-ubuntu-trusty-64", "allowed_address_pairs": [], "extra_dhcp_opts": [], "dns_assignment": [{"hostname": "host-10-100-0-3", "ip_address": "10.100.0.3", "fqdn": "host-10-100-0-3.openstacklocal."}], "device_owner": "compute:None", "port_security_enabled": true, "binding:profile": {}, "fixed_ips": [{"subnet_id": "25216a96-6b87-4ec6-a900-176da31d1c9a", "ip_address": "10.100.0.3"}], "id": "9cac68ad-1dd8-42d5-b1fd-a1e8b3322b39", "security_groups": ["ff4cee7f-1996-4eb4-a93a-a8135b1e3364"], "device_id": "9d5b76ec-6565-4e56-959b-d79719d23e75", "name": "", "admin_state_up": true, "network_id": "a2901559-307a-4944-9514-6816e0d5e1cc", "dns_name": "", "binding:vif_details": {"port_filter": true}, "binding:vnic_type": "normal", "binding:vif_type": "ovs", "tenant_id": "6c2ed14ed978496681cf276074e979f5", "mac_address": "fa:16:3e:bd:aa:d2"}]}
2015-12-19 16:45:48,262 21542 INFO     [tempest_lib.common.rest_client] Request (TestNetworkAdvancedServerOps:test_server_connectivity_pause_unpause): 201 POST http://10.0.2.15:9696/v2.0/floatingips 0.675s
2015-12-19 16:45:48,262 21542 DEBUG    [tempest_lib.common.rest_client] Request - Headers: {'Content-Type': 'application/json', 'Accept': 'application/json', 'X-Auth-Token': '&lt;omitted&gt;'}
        Body: {"floatingip": {"floating_network_id": "bb6c4bf1-d191-436d-ab19-e36ab733ed6e", "tenant_id": "6c2ed14ed978496681cf276074e979f5", "fixed_ip_address": "10.100.0.3", "port_id": "9cac68ad-1dd8-42d5-b1fd-a1e8b3322b39"}}
    Response - Headers: {'status': '201', 'content-length': '367', 'connection': 'close', 'date': 'Sat, 19 Dec 2015 16:45:48 GMT', 'content-type': 'application/json; charset=UTF-8', 'x-openstack-request-id': 'req-10c8ae63-bdf5-499e-9c87-426ab7559c95'}
        Body: {"floatingip": {"floating_network_id": "bb6c4bf1-d191-436d-ab19-e36ab733ed6e", "router_id": "a6174879-01cd-4d11-93c3-29853fcd187a", "fixed_ip_address": "10.100.0.3", "floating_ip_address": "172.24.4.4", "tenant_id": "6c2ed14ed978496681cf276074e979f5", "status": "DOWN", "port_id": "9cac68ad-1dd8-42d5-b1fd-a1e8b3322b39", "id": "e403f583-c721-47b1-b22a-d30f9712be92"}}
2015-12-19 16:45:48,457 21542 INFO     [tempest_lib.common.rest_client] Request (TestNetworkAdvancedServerOps:test_server_connectivity_pause_unpause): 200 GET http://10.0.2.15:8774/v2.1/6c2ed14ed978496681cf276074e979f5/servers/9d5b76ec-6565-4e56-959b-d79719d23e75 0.194s
2015-12-19 16:45:48,458 21542 DEBUG    [tempest_lib.common.rest_client] Request - Headers: {'Content-Type': 'application/json', 'Accept': 'application/json', 'X-Auth-Token': '&lt;omitted&gt;'}
        Body: None
    Response - Headers: {'status': '200', 'content-length': '1663', 'content-location': 'http://10.0.2.15:8774/v2.1/6c2ed14ed978496681cf276074e979f5/servers/9d5b76ec-6565-4e56-959b-d79719d23e75', 'x-compute-request-id': 'req-90f7802b-f9ef-467d-a930-e53d241f106e', 'vary': 'X-OpenStack-Nova-API-Version', 'connection': 'close', 'x-openstack-nova-api-version': '2.1', 'date': 'Sat, 19 Dec 2015 16:45:48 GMT', 'content-type': 'application/json'}
        Body: {"server": {"status": "ACTIVE", "updated": "2015-12-19T16:45:46Z", "hostId": "4f45732f03100220f2fd796e2e122faaeb05e7464d182950c9380bbb", "addresses": {"tempest-network-smoke--1398742724": [{"OS-EXT-IPS-MAC:mac_addr": "fa:16:3e:bd:aa:d2", "version": 4, "addr": "10.100.0.3", "OS-EXT-IPS:type": "fixed"}]}, "links": [{"href": "http://10.0.2.15:8774/v2.1/6c2ed14ed978496681cf276074e979f5/servers/9d5b76ec-6565-4e56-959b-d79719d23e75", "rel": "self"}, {"href": "http://10.0.2.15:8774/6c2ed14ed978496681cf276074e979f5/servers/9d5b76ec-6565-4e56-959b-d79719d23e75", "rel": "bookmark"}], "key_name": "tempest-TestNetworkAdvancedServerOps-1554021747", "image": {"id": "8d792c24-d97e-4b86-93e5-0f8d91d995e6", "links": [{"href": "http://10.0.2.15:8774/6c2ed14ed978496681cf276074e979f5/images/8d792c24-d97e-4b86-93e5-0f8d91d995e6", "rel": "bookmark"}]}, "OS-EXT-STS:task_state": null, "OS-EXT-STS:vm_state": "active", "OS-SRV-USG:launched_at": "2015-12-19T16:45:46.000000", "flavor": {"id": "42", "links": [{"href": "http://10.0.2.15:8774/6c2ed14ed978496681cf276074e979f5/flavors/42", "rel": "bookmark"}]}, "id": "9d5b76ec-6565-4e56-959b-d79719d23e75", "security_groups": [{"name": "tempest-secgroup-smoke-1780310454"}], "OS-SRV-USG:terminated_at": null, "OS-EXT-AZ:availability_zone": "nova", "user_id": "c6a43569149348f6b2d33dee758815c1", "name": "tempest.common.compute-instance-1647757479", "created": "2015-12-19T16:45:43Z", "tenant_id": "6c2ed14ed978496681cf276074e979f5", "OS-DCF:diskConfig": "MANUAL", "os-extended-volumes:volumes_attached": [], "accessIPv4": "", "accessIPv6": "", "progress": 0, "OS-EXT-STS:power_state": 1, "config_drive": "True", "metadata": {}}}
2015-12-19 16:45:48,468 21542 INFO     [tempest.scenario.manager] Tenant networks not configured to be reachable.
2015-12-19 16:45:48,482 21542 INFO     [tempest_lib.common.rest_client] Request (TestNetworkAdvancedServerOps:test_server_connectivity_pause_unpause): 200 GET http://10.0.2.15:9696/v2.0/floatingips/e403f583-c721-47b1-b22a-d30f9712be92 0.013s
2015-12-19 16:45:48,482 21542 DEBUG    [tempest_lib.common.rest_client] Request - Headers: {'Content-Type': 'application/json', 'Accept': 'application/json', 'X-Auth-Token': '&lt;omitted&gt;'}
        Body: None
    Response - Headers: {'status': '200', 'content-length': '367', 'content-location': 'http://10.0.2.15:9696/v2.0/floatingips/e403f583-c721-47b1-b22a-d30f9712be92', 'connection': 'close', 'date': 'Sat, 19 Dec 2015 16:45:48 GMT', 'content-type': 'application/json; charset=UTF-8', 'x-openstack-request-id': 'req-6091e51e-b609-410e-8ab9-63edd04c6151'}
        Body: {"floatingip": {"floating_network_id": "bb6c4bf1-d191-436d-ab19-e36ab733ed6e", "router_id": "a6174879-01cd-4d11-93c3-29853fcd187a", "fixed_ip_address": "10.100.0.3", "floating_ip_address": "172.24.4.4", "tenant_id": "6c2ed14ed978496681cf276074e979f5", "status": "DOWN", "port_id": "9cac68ad-1dd8-42d5-b1fd-a1e8b3322b39", "id": "e403f583-c721-47b1-b22a-d30f9712be92"}}
2015-12-19 16:45:49,499 21542 INFO     [tempest_lib.common.rest_client] Request (TestNetworkAdvancedServerOps:test_server_connectivity_pause_unpause): 200 GET http://10.0.2.15:9696/v2.0/floatingips/e403f583-c721-47b1-b22a-d30f9712be92 0.015s
2015-12-19 16:45:49,500 21542 DEBUG    [tempest_lib.common.rest_client] Request - Headers: {'Content-Type': 'application/json', 'Accept': 'application/json', 'X-Auth-Token': '&lt;omitted&gt;'}
        Body: None
    Response - Headers: {'status': '200', 'content-length': '369', 'content-location': 'http://10.0.2.15:9696/v2.0/floatingips/e403f583-c721-47b1-b22a-d30f9712be92', 'connection': 'close', 'date': 'Sat, 19 Dec 2015 16:45:49 GMT', 'content-type': 'application/json; charset=UTF-8', 'x-openstack-request-id': 'req-3a4e839d-8da3-4150-9b5e-3bb6a2b20042'}
        Body: {"floatingip": {"floating_network_id": "bb6c4bf1-d191-436d-ab19-e36ab733ed6e", "router_id": "a6174879-01cd-4d11-93c3-29853fcd187a", "fixed_ip_address": "10.100.0.3", "floating_ip_address": "172.24.4.4", "tenant_id": "6c2ed14ed978496681cf276074e979f5", "status": "ACTIVE", "port_id": "9cac68ad-1dd8-42d5-b1fd-a1e8b3322b39", "id": "e403f583-c721-47b1-b22a-d30f9712be92"}}
2015-12-19 16:45:49,500 21542 INFO     [tempest.scenario.manager] FloatingIP: &lt;"FloatingIP" addr="172.24.4.4" id="e403f583-c721-47b1-b22a-d30f9712be92"&gt; is at status: ACTIVE
2015-12-19 16:45:49,501 21542 DEBUG    [tempest.scenario.manager] checking network connections to IP 172.24.4.4 with user: cirros
2015-12-19 16:45:49,501 21542 DEBUG    [tempest.scenario.manager] TestNetworkAdvancedServerOps:test_server_connectivity_pause_unpause begins to ping 172.24.4.4 in 120 sec and the expected result is reachable
2015-12-19 16:47:49,768 21542 DEBUG    [tempest.scenario.manager] TestNetworkAdvancedServerOps:test_server_connectivity_pause_unpause finishes ping 172.24.4.4 in 120 sec and the ping result is unexpected
2015-12-19 16:47:49,769 21542 ERROR    [tempest.scenario.manager] Public network connectivity check failed
2015-12-19 16:47:49.769 21542 ERROR tempest.scenario.manager Traceback (most recent call last):
2015-12-19 16:47:49.769 21542 ERROR tempest.scenario.manager   File "tempest/scenario/manager.py", line 608, in check_public_network_connectivity
2015-12-19 16:47:49.769 21542 ERROR tempest.scenario.manager     should_connect=should_connect)
2015-12-19 16:47:49.769 21542 ERROR tempest.scenario.manager   File "tempest/scenario/manager.py", line 592, in check_vm_connectivity
2015-12-19 16:47:49.769 21542 ERROR tempest.scenario.manager     msg=msg)
2015-12-19 16:47:49.769 21542 ERROR tempest.scenario.manager   File "/usr/local/lib/python2.7/dist-packages/unittest2/case.py", line 702, in assertTrue
2015-12-19 16:47:49.769 21542 ERROR tempest.scenario.manager     raise self.failureException(msg)
2015-12-19 16:47:49.769 21542 ERROR tempest.scenario.manager AssertionError: False is not true : Timed out waiting for 172.24.4.4 to become reachable
2015-12-19 16:47:49.769 21542 ERROR tempest.scenario.manager 
2015-12-19 16:47:49,979 21542 INFO     [tempest_lib.common.rest_client] Request (TestNetworkAdvancedServerOps:test_server_connectivity_pause_unpause): 200 POST http://10.0.2.15:8774/v2.1/6c2ed14ed978496681cf276074e979f5/servers/9d5b76ec-6565-4e56-959b-d79719d23e75/action 0.206s
2015-12-19 16:47:49,980 21542 DEBUG    [tempest_lib.common.rest_client] Request - Headers: {'Content-Type': 'application/json', 'Accept': 'application/json', 'X-Auth-Token': '&lt;omitted&gt;'}
        Body: {"os-getConsoleOutput": {}}
    Response - Headers: {'status': '200', 'content-length': '17429', 'x-compute-request-id': 'req-67b14a0f-0045-4ab9-9d15-22252a4664b1', 'vary': 'X-OpenStack-Nova-API-Version', 'connection': 'close', 'x-openstack-nova-api-version': '2.1', 'date': 'Sat, 19 Dec 2015 16:47:49 GMT', 'content-type': 'application/json'}
        Body: {"output": "[    0.000000] Initializing cgroup subsys cpuset\n[    0.000000] Initializing cgroup subsys cpu\n[    0.000000] Linux version 3.2.0-80-virtual (buildd@batsu) (gcc version 4.6.3 (Ubuntu/Linaro 4.6.3-1ubuntu5) ) #116-Ubuntu SMP Mon Mar 23 17:28:52 UTC 2015 (Ubuntu 3.2.0-80.116-virtual 3.2.68)\n[    0.000000] Command line: root=/dev/vda console=tty0 console=ttyS0 no_timer_check\n[    0.000000] KERNEL supported cpus:\n[    0.000000]   Intel GenuineIntel\n[    0.000000]   AMD AuthenticAMD\n[    0.000000]   Centaur CentaurHauls\n[    0.000000] BIOS-provided physical RAM map:\n[    0.000000]  BIOS-e820: 0000000000000000 - 000000000009fc00 (usable)\n[    0.000000]  BIOS-e820: 000000000009fc00 - 00000000000a0000 (reserved)\n[    0.000000]  BIOS-e820: 00000000000f0000 - 0000000000100000 (reserved)\n[    0.000000]  BIOS-e820: 0000000000100000 - 0000000003ffe000 (usable)\n[    0.000000]  BIOS-e820: 0000000003ffe000 - 0000000004000000 (reserved)\n[    0.000000]  BIOS-e820: 00000000fffc0000 - 0000000100000000 (reserved)\n[    0.000000] NX (Execute Disable) protection: active\n[    0.000000] SMBIOS 2.4 present.\n[    0.000000] No AGP bridge found\n[    0.000000] last_pfn = 0x3ffe max_arch_pfn = 0x400000000\n[    0.000000] x86 PAT enabled: cpu 0, old 0x7040600070406, new 0x7010600070106\n[    0.000000] found SMP MP-table at [ffff8800000f0b00] f0b00\n[    0.000000] init_memory_mapping: 0000000000000000-0000000003ffe000\n[    0.000000] RAMDISK: 03c5e000 - 03ff0000\n[    0.000000] ACPI: RSDP 00000000000f0950 00014 (v00 BOCHS )\n[    0.000000] ACPI: RSDT 0000000003fffbc1 00034 (v01 BOCHS  BXPCRSDT 00000001 BXPC 00000001)\n[    0.000000] ACPI: FACP 0000000003fff1c0 00074 (v01 BOCHS  BXPCFACP 00000001 BXPC 00000001)\n[    0.000000] ACPI: DSDT 0000000003ffe040 01180 (v01 BOCHS  BXPCDSDT 00000001 BXPC 00000001)\n[    0.000000] ACPI: FACS 0000000003ffe000 00040\n[    0.000000] ACPI: SSDT 0000000003fff234 008DD (v01 BOCHS  BXPCSSDT 00000001 BXPC 00000001)\n[    0.000000] ACPI: APIC 0000000003fffb11 00078 (v01 BOCHS  BXPCAPIC 00000001 BXPC 00000001)\n[    0.000000] ACPI: HPET 0000000003fffb89 00038 (v01 BOCHS  BXPCHPET 00000001 BXPC 00000001)\n[    0.000000] No NUMA configuration found\n[    0.000000] Faking a node at 0000000000000000-0000000003ffe000\n[    0.000000] Initmem setup node 0 0000000000000000-0000000003ffe000\n[    0.000000]   NODE_DATA [0000000003ff6000 - 0000000003ffafff]\n[    0.000000] Zone PFN ranges:\n[    0.000000]   DMA      0x00000010 -&gt; 0x00001000\n[    0.000000]   DMA32    0x00001000 -&gt; 0x00100000\n[    0.000000]   Normal   empty\n[    0.000000] Movable zone start PFN for each node\n[    0.000000] early_node_map[2] active PFN ranges\n[    0.000000]     0: 0x00000010 -&gt; 0x0000009f\n[    0.000000]     0: 0x00000100 -&gt; 0x00003ffe\n[    0.000000] ACPI: PM-Timer IO Port: 0xb008\n[    0.000000] ACPI: LAPIC (acpi_id[0x00] lapic_id[0x00] enabled)\n[    0.000000] ACPI: LAPIC_NMI (acpi_id[0xff] dfl dfl lint[0x1])\n[    0.000000] ACPI: IOAPIC (id[0x00] address[0xfec00000] gsi_base[0])\n[    0.000000] IOAPIC[0]: apic_id 0, version 17, address 0xfec00000, GSI 0-23\n[    0.000000] ACPI: INT_SRC_OVR (bus 0 bus_irq 0 global_irq 2 dfl dfl)\n[    0.000000] ACPI: INT_SRC_OVR (bus 0 bus_irq 5 global_irq 5 high level)\n[    0.000000] ACPI: INT_SRC_OVR (bus 0 bus_irq 9 global_irq 9 high level)\n[    0.000000] ACPI: INT_SRC_OVR (bus 0 bus_irq 10 global_irq 10 high level)\n[    0.000000] ACPI: INT_SRC_OVR (bus 0 bus_irq 11 global_irq 11 high level)\n[    0.000000] Using ACPI (MADT) for SMP configuration information\n[    0.000000] ACPI: HPET id: 0x8086a201 base: 0xfed00000\n[    0.000000] SMP: Allowing 1 CPUs, 0 hotplug CPUs\n[    0.000000] PM: Registered nosave memory: 000000000009f000 - 00000000000a0000\n[    0.000000] PM: Registered nosave memory: 00000000000a0000 - 00000000000f0000\n[    0.000000] PM: Registered nosave memory: 00000000000f0000 - 0000000000100000\n[    0.000000] Allocating PCI resources starting at 4000000 (gap: 4000000:fbfc0000)\n[    0.000000] Booting paravirtualized kernel on bare hardware\n[    0.000000] setup_pe
2015-12-19 16:47:49,984 21542 DEBUG    [tempest.scenario.manager] Console output for 9d5b76ec-6565-4e56-959b-d79719d23e75
body=
[    0.000000] Initializing cgroup subsys cpuset
[    0.000000] Initializing cgroup subsys cpu
[    0.000000] Linux version 3.2.0-80-virtual (buildd@batsu) (gcc version 4.6.3 (Ubuntu/Linaro 4.6.3-1ubuntu5) ) #116-Ubuntu SMP Mon Mar 23 17:28:52 UTC 2015 (Ubuntu 3.2.0-80.116-virtual 3.2.68)
[    0.000000] Command line: root=/dev/vda console=tty0 console=ttyS0 no_timer_check
[    0.000000] KERNEL supported cpus:
[    0.000000]   Intel GenuineIntel
[    0.000000]   AMD AuthenticAMD
[    0.000000]   Centaur CentaurHauls
[    0.000000] BIOS-provided physical RAM map:
[    0.000000]  BIOS-e820: 0000000000000000 - 000000000009fc00 (usable)
[    0.000000]  BIOS-e820: 000000000009fc00 - 00000000000a0000 (reserved)
[    0.000000]  BIOS-e820: 00000000000f0000 - 0000000000100000 (reserved)
[    0.000000]  BIOS-e820: 0000000000100000 - 0000000003ffe000 (usable)
[    0.000000]  BIOS-e820: 0000000003ffe000 - 0000000004000000 (reserved)
[    0.000000]  BIOS-e820: 00000000fffc0000 - 0000000100000000 (reserved)
[    0.000000] NX (Execute Disable) protection: active
[    0.000000] SMBIOS 2.4 present.
[    0.000000] No AGP bridge found
[    0.000000] last_pfn = 0x3ffe max_arch_pfn = 0x400000000
[    0.000000] x86 PAT enabled: cpu 0, old 0x7040600070406, new 0x7010600070106
[    0.000000] found SMP MP-table at [ffff8800000f0b00] f0b00
[    0.000000] init_memory_mapping: 0000000000000000-0000000003ffe000
[    0.000000] RAMDISK: 03c5e000 - 03ff0000
[    0.000000] ACPI: RSDP 00000000000f0950 00014 (v00 BOCHS )
[    0.000000] ACPI: RSDT 0000000003fffbc1 00034 (v01 BOCHS  BXPCRSDT 00000001 BXPC 00000001)
[    0.000000] ACPI: FACP 0000000003fff1c0 00074 (v01 BOCHS  BXPCFACP 00000001 BXPC 00000001)
[    0.000000] ACPI: DSDT 0000000003ffe040 01180 (v01 BOCHS  BXPCDSDT 00000001 BXPC 00000001)
[    0.000000] ACPI: FACS 0000000003ffe000 00040
[    0.000000] ACPI: SSDT 0000000003fff234 008DD (v01 BOCHS  BXPCSSDT 00000001 BXPC 00000001)
[    0.000000] ACPI: APIC 0000000003fffb11 00078 (v01 BOCHS  BXPCAPIC 00000001 BXPC 00000001)
[    0.000000] ACPI: HPET 0000000003fffb89 00038 (v01 BOCHS  BXPCHPET 00000001 BXPC 00000001)
[    0.000000] No NUMA configuration found
[    0.000000] Faking a node at 0000000000000000-0000000003ffe000
[    0.000000] Initmem setup node 0 0000000000000000-0000000003ffe000
[    0.000000]   NODE_DATA [0000000003ff6000 - 0000000003ffafff]
[    0.000000] Zone PFN ranges:
[    0.000000]   DMA      0x00000010 -&gt; 0x00001000
[    0.000000]   DMA32    0x00001000 -&gt; 0x00100000
[    0.000000]   Normal   empty
[    0.000000] Movable zone start PFN for each node
[    0.000000] early_node_map[2] active PFN ranges
[    0.000000]     0: 0x00000010 -&gt; 0x0000009f
[    0.000000]     0: 0x00000100 -&gt; 0x00003ffe
[    0.000000] ACPI: PM-Timer IO Port: 0xb008
[    0.000000] ACPI: LAPIC (acpi_id[0x00] lapic_id[0x00] enabled)
[    0.000000] ACPI: LAPIC_NMI (acpi_id[0xff] dfl dfl lint[0x1])
[    0.000000] ACPI: IOAPIC (id[0x00] address[0xfec00000] gsi_base[0])
[    0.000000] IOAPIC[0]: apic_id 0, version 17, address 0xfec00000, GSI 0-23
[    0.000000] ACPI: INT_SRC_OVR (bus 0 bus_irq 0 global_irq 2 dfl dfl)
[    0.000000] ACPI: INT_SRC_OVR (bus 0 bus_irq 5 global_irq 5 high level)
[    0.000000] ACPI: INT_SRC_OVR (bus 0 bus_irq 9 global_irq 9 high level)
[    0.000000] ACPI: INT_SRC_OVR (bus 0 bus_irq 10 global_irq 10 high level)
[    0.000000] ACPI: INT_SRC_OVR (bus 0 bus_irq 11 global_irq 11 high level)
[    0.000000] Using ACPI (MADT) for SMP configuration information
[    0.000000] ACPI: HPET id: 0x8086a201 base: 0xfed00000
[    0.000000] SMP: Allowing 1 CPUs, 0 hotplug CPUs
[    0.000000] PM: Registered nosave memory: 000000000009f000 - 00000000000a0000
[    0.000000] PM: Registered nosave memory: 00000000000a0000 - 00000000000f0000
[    0.000000] PM: Registered nosave memory: 00000000000f0000 - 0000000000100000
[    0.000000] Allocating PCI resources starting at 4000000 (gap: 4000000:fbfc0000)
[    0.000000] Booting paravirtualized kernel on bare hardware
[    0.000000] setup_percpu: NR_CPUS:64 nr_cpumask_bits:64 nr_cpu_ids:1 nr_node_ids:1
[    0.000000] PERCPU: Embedded 27 pages/cpu @ffff880003a00000 s78848 r8192 d23552 u2097152
[    0.000000] Built 1 zonelists in Node order, mobility grouping on.  Total pages: 16008
[    0.000000] Policy zone: DMA32
[    0.000000] Kernel command line: root=/dev/vda console=tty0 console=ttyS0 no_timer_check
[    0.000000] PID hash table entries: 256 (order: -1, 2048 bytes)
[    0.000000] Checking aperture...
[    0.000000] No AGP bridge found
[    0.000000] Memory: 43492k/65528k available (6576k kernel code, 452k absent, 21584k reserved, 6620k data, 928k init)
[    0.000000] SLUB: Genslabs=15, HWalign=64, Order=0-3, MinObjects=0, CPUs=1, Nodes=1
[    0.000000] Hierarchical RCU implementation.
[    0.000000] 	RCU dyntick-idle grace-period acceleration is enabled.
[    0.000000] NR_IRQS:4352 nr_irqs:256 16
[    0.000000] Console: colour VGA+ 80x25
[    0.000000] console [tty0] enabled
[    0.000000] console [ttyS0] enabled
[    0.000000] allocated 1048576 bytes of page_cgroup
[    0.000000] please try 'cgroup_disable=memory' option if you don't want memory cgroups
[    0.000000] Fast TSC calibration failed
[    0.000000] TSC: Unable to calibrate against PIT
[    0.000000] TSC: using HPET reference calibration
[    0.000000] Detected 2292.714 MHz processor.
[    0.032851] Calibrating delay loop (skipped), value calculated using timer frequency.. 4585.42 BogoMIPS (lpj=9170856)
[    0.034811] pid_max: default: 32768 minimum: 301
[    0.044726] Security Framework initialized
[    0.048785] AppArmor: AppArmor initialized
[    0.049673] Yama: becoming mindful.
[    0.056640] Dentry cache hash table entries: 8192 (order: 4, 65536 bytes)
[    0.058058] Inode-cache hash table entries: 4096 (order: 3, 32768 bytes)
[    0.060122] Mount-cache hash table entries: 256
[    0.073485] Initializing cgroup subsys cpuacct
[    0.074298] Initializing cgroup subsys memory
[    0.076808] Initializing cgroup subsys devices
[    0.077834] Initializing cgroup subsys freezer
[    0.078935] Initializing cgroup subsys blkio
[    0.080182] Initializing cgroup subsys perf_event
[    0.085673] mce: CPU supports 10 MCE banks
[    0.090037] SMP alternatives: switching to UP code
[    0.501892] Freeing SMP alternatives: 24k freed
[    0.505490] ACPI: Core revision 20110623
[    0.565765] ftrace: allocating 26610 entries in 105 pages
[    0.597915] ..TIMER: vector=0x30 apic1=0 pin1=2 apic2=-1 pin2=-1
[    0.599325] CPU0: AMD QEMU Virtual CPU version 2.0.0 stepping 03
[    0.604037] Performance Events: Broken PMU hardware detected, using software events only.
[    0.622408] NMI watchdog disabled (cpu0): hardware events not enabled
[    0.625025] Brought up 1 CPUs
[    0.625795] Total of 1 processors activated (4585.42 BogoMIPS).
[    0.651312] devtmpfs: initialized
[    0.683243] EVM: security.selinux
[    0.684082] EVM: security.SMACK64
[    0.684630] EVM: security.capability
[    0.703530] print_constraints: dummy: 
[    0.708813] RTC time: 16:45:50, date: 12/19/15
[    0.717139] NET: Registered protocol family 16
[    0.728044] ACPI: bus type pci registered
[    0.737092] PCI: Using configuration type 1 for base access
[    0.769224] bio: create slab &lt;bio-0&gt; at 0
[    0.773824] ACPI: Added _OSI(Module Device)
[    0.774572] ACPI: Added _OSI(Processor Device)
[    0.775265] ACPI: Added _OSI(3.0 _SCP Extensions)
[    0.776104] ACPI: Added _OSI(Processor Aggregator Device)
[    0.856885] ACPI: Interpreter enabled
[    0.857470] ACPI: (supports S0 S3 S4 S5)
[    0.860190] ACPI: Using IOAPIC for interrupt routing
[    0.930755] ACPI: No dock devices found.
[    0.932182] HEST: Table not found.
[    0.932847] PCI: Using host bridge windows from ACPI; if necessary, use "pci=nocrs" and report a bug
[    0.939050] ACPI: PCI Root Bridge [PCI0] (domain 0000 [bus 00-ff])
[    0.946115] pci_root PNP0A03:00: host bridge window [io  0x0000-0x0cf7]
[    0.948168] pci_root PNP0A03:00: host bridge window [io  0x0d00-0xadff]
[    0.948942] pci_root PNP0A03:00: host bridge window [io  0xae0f-0xaeff]
[    0.949765] pci_root PNP0A03:00: host bridge window [io  0xaf20-0xafdf]
[    0.952127] pci_root PNP0A03:00: host bridge window [io  0xafe4-0xffff]
[    0.953043] pci_root PNP0A03:00: host bridge window [mem 0x000a0000-0x000bffff]
[    0.953923] pci_root PNP0A03:00: host bridge window [mem 0x04000000-0xfebfffff]
[    0.977555] pci 0000:00:01.3: quirk: [io  0xb000-0xb03f] claimed by PIIX4 ACPI
[    0.978619] pci 0000:00:01.3: quirk: [io  0xb100-0xb10f] claimed by PIIX4 SMB
[    1.053544]  pci0000:00: Unable to request _OSC control (_OSC support mask: 0x1e)
[    1.116796] ACPI: PCI Interrupt Link [LNKA] (IRQs 5 *10 11)
[    1.118593] ACPI: PCI Interrupt Link [LNKB] (IRQs 5 *10 11)
[    1.121582] ACPI: PCI Interrupt Link [LNKC] (IRQs 5 10 *11)
[    1.124178] ACPI: PCI Interrupt Link [LNKD] (IRQs 5 10 *11)
[    1.125105] ACPI: PCI Interrupt Link [LNKS] (IRQs *9)
[    1.131228] vgaarb: device added: PCI:0000:00:02.0,decodes=io+mem,owns=io+mem,locks=none
[    1.132194] vgaarb: loaded
[    1.132694] vgaarb: bridge control possible 0000:00:02.0
[    1.138040] i2c-core: driver [aat2870] using legacy suspend method
[    1.138979] i2c-core: driver [aat2870] using legacy resume method
[    1.142245] SCSI subsystem initialized
[    1.145828] usbcore: registered new interface driver usbfs
[    1.147124] usbcore: registered new interface driver hub
[    1.148685] usbcore: registered new device driver usb
[    1.153410] PCI: Using ACPI for IRQ routing
[    1.163502] NetLabel: Initializing
[    1.164162] NetLabel:  domain hash size = 128
[    1.164764] NetLabel:  protocols = UNLABELED CIPSOv4
[    1.168140] NetLabel:  unlabeled traffic allowed by default
[    1.170377] HPET: 3 timers in total, 0 timers will be used for per-cpu timer
[    1.171375] hpet0: at MMIO 0xfed00000, IRQs 2, 8, 0
[    1.172562] hpet0: 3 comparators, 64-bit 100.000000 MHz counter
[    1.189363] Switching to clocksource hpet
[    1.436972] AppArmor: AppArmor Filesystem Enabled
[    1.438336] pnp: PnP ACPI init
[    1.440157] ACPI: bus type pnp registered
[    1.460064] pnp: PnP ACPI: found 9 devices
[    1.461283] ACPI: ACPI bus type pnp unregistered
[    1.535766] NET: Registered protocol family 2
[    1.582053] IP route cache hash table entries: 512 (order: 0, 4096 bytes)
[    1.591027] TCP established hash table entries: 2048 (order: 3, 32768 bytes)
[    1.593682] TCP bind hash table entries: 2048 (order: 3, 32768 bytes)
[    1.595114] TCP: Hash tables configured (established 2048 bind 2048)
[    1.596175] TCP reno registered
[    1.597492] UDP hash table entries: 128 (order: 0, 4096 bytes)
[    1.598530] UDP-Lite hash table entries: 128 (order: 0, 4096 bytes)
[    1.601959] NET: Registered protocol family 1
[    1.602892] pci 0000:00:00.0: Limiting direct PCI/PCI transfers
[    1.603843] pci 0000:00:01.0: PIIX3: Enabling Passive Release
[    1.605626] pci 0000:00:01.0: Activating ISA DMA hang workarounds
[    1.610494] ACPI: PCI Interrupt Link [LNKD] enabled at IRQ 11
[    1.611751] pci 0000:00:01.2: PCI INT D -&gt; Link[LNKD] -&gt; GSI 11 (level, high) -&gt; IRQ 11
[    1.614429] pci 0000:00:01.2: PCI INT D disabled
[    1.634262] Trying to unpack rootfs image as initramfs...
[    1.650762] audit: initializing netlink socket (disabled)
[    1.652483] type=2000 audit(1450543550.648:1): initialized
[    1.914353] HugeTLB registered 2 MB page size, pre-allocated 0 pages
[    1.991800] VFS: Disk quotas dquot_6.5.2
[    1.994318] Dquot-cache hash table entries: 512 (order 0, 4096 bytes)
[    2.010479] fuse init (API version 7.17)
[    2.023157] msgmni has been set to 84
[    2.054958] Block layer SCSI generic (bsg) driver version 0.4 loaded (major 253)
[    2.062680] io scheduler noop registered
[    2.063236] io scheduler deadline registered (default)
[    2.065308] io scheduler cfq registered
[    2.068129] pci_hotplug: PCI Hot Plug PCI Core version: 0.5
[    2.071101] pciehp: PCI Express Hot Plug Controller Driver version: 0.4
[    2.079476] input: Power Button as /devices/LNXSYSTM:00/LNXPWRBN:00/input/input0
[    2.082502] ACPI: Power Button [PWRF]
[    2.134604] ERST: Table is not found!
[    2.135140] GHES: HEST is not enabled!
[    2.147101] ACPI: PCI Interrupt Link [LNKC] enabled at IRQ 10
[    2.147960] virtio-pci 0000:00:03.0: PCI INT A -&gt; Link[LNKC] -&gt; GSI 10 (level, high) -&gt; IRQ 10
[    2.151749] virtio-pci 0000:00:04.0: PCI INT A -&gt; Link[LNKD] -&gt; GSI 11 (level, high) -&gt; IRQ 11
[    2.163335] ACPI: PCI Interrupt Link [LNKA] enabled at IRQ 10
[    2.164125] virtio-pci 0000:00:05.0: PCI INT A -&gt; Link[LNKA] -&gt; GSI 10 (level, high) -&gt; IRQ 10
[    2.183775] Serial: 8250/16550 driver, 32 ports, IRQ sharing enabled
[    2.226205] serial8250: ttyS0 at I/O 0x3f8 (irq = 4) is a 16550A
[    2.306485] serial8250: ttyS1 at I/O 0x2f8 (irq = 3) is a 16550A
[    2.458572] 00:05: ttyS0 at I/O 0x3f8 (irq = 4) is a 16550A
[    2.546284] 00:06: ttyS1 at I/O 0x2f8 (irq = 3) is a 16550A
[    2.594568] Linux agpgart interface v0.103
[    2.617431] Refined TSC clocksource calibration: 2292.763 MHz.
[    2.618160] Switching to clocksource tsc
[    2.651935] brd: module loaded
[    2.685435] loop: module loaded
[    2.734886]  vda: unknown partition table
[    2.789175] scsi0 : ata_piix
[    2.797198] scsi1 : ata_piix
[    2.798268] ata1: PATA max MWDMA2 cmd 0x1f0 ctl 0x3f6 bmdma 0xc0a0 irq 14
[    2.799049] ata2: PATA max MWDMA2 cmd 0x170 ctl 0x376 bmdma 0xc0a8 irq 15
[    2.810768] Fixed MDIO Bus: probed
[    2.811777] tun: Universal TUN/TAP device driver, 1.6
[    2.812904] tun: (C) 1999-2004 Max Krasnyansky &lt;maxk@qualcomm.com&gt;
[    2.825479] PPP generic driver version 2.4.2
[    2.834772] ehci_hcd: USB 2.0 'Enhanced' Host Controller (EHCI) Driver
[    2.835979] ohci_hcd: USB 1.1 'Open' Host Controller (OHCI) Driver
[    2.837897] uhci_hcd: USB Universal Host Controller Interface driver
[    2.838942] uhci_hcd 0000:00:01.2: PCI INT D -&gt; Link[LNKD] -&gt; GSI 11 (level, high) -&gt; IRQ 11
[    2.842490] uhci_hcd 0000:00:01.2: UHCI Host Controller
[    2.857125] uhci_hcd 0000:00:01.2: new USB bus registered, assigned bus number 1
[    2.858828] uhci_hcd 0000:00:01.2: irq 11, io base 0x0000c040
[    2.897476] hub 1-0:1.0: USB hub found
[    2.900640] hub 1-0:1.0: 2 ports detected
[    2.909268] usbcore: registered new interface driver libusual
[    2.911848] i8042: PNP: PS/2 Controller [PNP0303:KBD,PNP0f13:MOU] at 0x60,0x64 irq 1,12
[    2.922307] serio: i8042 KBD port at 0x60,0x64 irq 1
[    2.925083] serio: i8042 AUX port at 0x60,0x64 irq 12
[    2.975375] mousedev: PS/2 mouse device common for all mice
[    2.988557] input: AT Translated Set 2 keyboard as /devices/platform/i8042/serio0/input/input1
[    2.999033] rtc_cmos 00:01: RTC can wake from S4
[    3.037495] rtc_cmos 00:01: rtc core: registered rtc_cmos as rtc0
[    3.046545] rtc0: alarms up to one day, 114 bytes nvram, hpet irqs
[    3.053643] device-mapper: uevent: version 1.0.3
[    3.077380] ata2.01: ATAPI: QEMU DVD-ROM, 2.0.0, max UDMA/100
[    3.096356] ata2.01: configured for MWDMA2
[    3.124010] device-mapper: ioctl: 4.22.0-ioctl (2011-10-19) initialised: dm-devel@redhat.com
[    3.131190] cpuidle: using governor ladder
[    3.134163] cpuidle: using governor menu
[    3.136164] EFI Variables Facility v0.08 2004-May-17
[    3.149017] TCP cubic registered
[    3.154497] NET: Registered protocol family 10
[    3.199117] NET: Registered protocol family 17
[    3.202098] Registering the dns_resolver key type
[    3.218709] scsi 1:0:1:0: CD-ROM            QEMU     QEMU DVD-ROM     2.0. PQ: 0 ANSI: 5
[    3.234722] sr0: scsi3-mmc drive: 4x/4x cd/rw xa/form2 tray
[    3.236067] cdrom: Uniform CD-ROM driver Revision: 3.20
[    3.253405] sr 1:0:1:0: Attached scsi generic sg0 type 5
[    3.348842] registered taskstats version 1
[    3.399452] Freeing initrd memory: 3656k freed
[    3.886262]   Magic number: 11:398:793
[    3.896009] rtc_cmos 00:01: setting system clock to 2015-12-19 16:45:53 UTC (1450543553)
[    3.898725] powernow-k8: Processor cpuid 663 not supported
[    3.905500] BIOS EDD facility v0.16 2004-Jun-25, 0 devices found
[    3.909854] EDD information not available.
[    3.982079] Freeing unused kernel memory: 928k freed
[    3.989629] Write protecting the kernel read-only data: 12288k
[    4.123921] Freeing unused kernel memory: 1596k freed
[    4.195329] Freeing unused kernel memory: 1184k freed

info: initramfs: up at 4.39
modprobe: module virtio_blk not found in modules.dep
modprobe: module virtio_net not found in modules.dep
info: copying initramfs to /dev/vda
info: initramfs loading root from /dev/vda
info: /etc/init.d/rc.sysinit: up at 9.11
info: container: none
Starting logging: OK
modprobe: module virtio_blk not found in modules.dep
modprobe: module virtio_net not found in modules.dep
WARN: /etc/rc3.d/S10-load-modules failed
Initializing random number generator... done.
Starting acpid: OK
cirros-ds 'local' up at 11.68
found datasource (configdrive, local)
Starting network...
udhcpc (v1.20.1) started
Sending discover...
Sending discover...

2015-12-19 16:47:50,262 21542 INFO     [tempest_lib.common.rest_client] Request (TestNetworkAdvancedServerOps:_run_cleanups): 204 DELETE http://10.0.2.15:9696/v2.0/floatingips/e403f583-c721-47b1-b22a-d30f9712be92 0.271s
2015-12-19 16:47:50,262 21542 DEBUG    [tempest_lib.common.rest_client] Request - Headers: {'Content-Type': 'application/json', 'Accept': 'application/json', 'X-Auth-Token': '&lt;omitted&gt;'}
        Body: None
    Response - Headers: {'date': 'Sat, 19 Dec 2015 16:47:50 GMT', 'status': '204', 'connection': 'close', 'content-length': '0', 'x-openstack-request-id': 'req-0f74385f-e3ca-4adc-ba43-cade2b549614'}
        Body: 
2015-12-19 16:47:50,514 21542 INFO     [tempest_lib.common.rest_client] Request (TestNetworkAdvancedServerOps:_run_cleanups): 204 DELETE http://10.0.2.15:8774/v2.1/6c2ed14ed978496681cf276074e979f5/servers/9d5b76ec-6565-4e56-959b-d79719d23e75 0.251s
2015-12-19 16:47:50,515 21542 DEBUG    [tempest_lib.common.rest_client] Request - Headers: {'Content-Type': 'application/json', 'Accept': 'application/json', 'X-Auth-Token': '&lt;omitted&gt;'}
        Body: None
    Response - Headers: {'status': '204', 'content-length': '0', 'x-compute-request-id': 'req-753dfc1f-a058-440a-a43f-8c8e4c95c9f5', 'vary': 'X-OpenStack-Nova-API-Version', 'connection': 'close', 'x-openstack-nova-api-version': '2.1', 'date': 'Sat, 19 Dec 2015 16:47:50 GMT', 'content-type': 'application/json'}
        Body: 
2015-12-19 16:47:50,801 21542 INFO     [tempest_lib.common.rest_client] Request (TestNetworkAdvancedServerOps:_run_cleanups): 200 GET http://10.0.2.15:8774/v2.1/6c2ed14ed978496681cf276074e979f5/servers/9d5b76ec-6565-4e56-959b-d79719d23e75 0.286s
2015-12-19 16:47:50,802 21542 DEBUG    [tempest_lib.common.rest_client] Request - Headers: {'Content-Type': 'application/json', 'Accept': 'application/json', 'X-Auth-Token': '&lt;omitted&gt;'}
        Body: None
    Response - Headers: {'status': '200', 'content-length': '1786', 'content-location': 'http://10.0.2.15:8774/v2.1/6c2ed14ed978496681cf276074e979f5/servers/9d5b76ec-6565-4e56-959b-d79719d23e75', 'x-compute-request-id': 'req-545d484c-efe2-4b0e-b4bd-6b6073a1919d', 'vary': 'X-OpenStack-Nova-API-Version', 'connection': 'close', 'x-openstack-nova-api-version': '2.1', 'date': 'Sat, 19 Dec 2015 16:47:50 GMT', 'content-type': 'application/json'}
        Body: {"server": {"status": "ACTIVE", "updated": "2015-12-19T16:47:50Z", "hostId": "4f45732f03100220f2fd796e2e122faaeb05e7464d182950c9380bbb", "addresses": {"tempest-network-smoke--1398742724": [{"OS-EXT-IPS-MAC:mac_addr": "fa:16:3e:bd:aa:d2", "version": 4, "addr": "10.100.0.3", "OS-EXT-IPS:type": "fixed"}, {"OS-EXT-IPS-MAC:mac_addr": "fa:16:3e:bd:aa:d2", "version": 4, "addr": "172.24.4.4", "OS-EXT-IPS:type": "floating"}]}, "links": [{"href": "http://10.0.2.15:8774/v2.1/6c2ed14ed978496681cf276074e979f5/servers/9d5b76ec-6565-4e56-959b-d79719d23e75", "rel": "self"}, {"href": "http://10.0.2.15:8774/6c2ed14ed978496681cf276074e979f5/servers/9d5b76ec-6565-4e56-959b-d79719d23e75", "rel": "bookmark"}], "key_name": "tempest-TestNetworkAdvancedServerOps-1554021747", "image": {"id": "8d792c24-d97e-4b86-93e5-0f8d91d995e6", "links": [{"href": "http://10.0.2.15:8774/6c2ed14ed978496681cf276074e979f5/images/8d792c24-d97e-4b86-93e5-0f8d91d995e6", "rel": "bookmark"}]}, "OS-EXT-STS:task_state": "deleting", "OS-EXT-STS:vm_state": "active", "OS-SRV-USG:launched_at": "2015-12-19T16:45:46.000000", "flavor": {"id": "42", "links": [{"href": "http://10.0.2.15:8774/6c2ed14ed978496681cf276074e979f5/flavors/42", "rel": "bookmark"}]}, "id": "9d5b76ec-6565-4e56-959b-d79719d23e75", "security_groups": [{"name": "tempest-secgroup-smoke-1780310454"}], "OS-SRV-USG:terminated_at": null, "OS-EXT-AZ:availability_zone": "nova", "user_id": "c6a43569149348f6b2d33dee758815c1", "name": "tempest.common.compute-instance-1647757479", "created": "2015-12-19T16:45:43Z", "tenant_id": "6c2ed14ed978496681cf276074e979f5", "OS-DCF:diskConfig": "MANUAL", "os-extended-volumes:volumes_attached": [], "accessIPv4": "", "accessIPv6": "", "progress": 0, "OS-EXT-STS:power_state": 1, "config_drive": "True", "metadata": {}}}
2015-12-19 16:47:51,962 21542 INFO     [tempest_lib.common.rest_client] Request (TestNetworkAdvancedServerOps:_run_cleanups): 200 GET http://10.0.2.15:8774/v2.1/6c2ed14ed978496681cf276074e979f5/servers/9d5b76ec-6565-4e56-959b-d79719d23e75 0.149s
2015-12-19 16:47:51,963 21542 DEBUG    [tempest_lib.common.rest_client] Request - Headers: {'Content-Type': 'application/json', 'Accept': 'application/json', 'X-Auth-Token': '&lt;omitted&gt;'}
        Body: None
    Response - Headers: {'status': '200', 'content-length': '1450', 'content-location': 'http://10.0.2.15:8774/v2.1/6c2ed14ed978496681cf276074e979f5/servers/9d5b76ec-6565-4e56-959b-d79719d23e75', 'x-compute-request-id': 'req-e78dafe5-e679-4473-84f7-395c9812e3f9', 'vary': 'X-OpenStack-Nova-API-Version', 'connection': 'close', 'x-openstack-nova-api-version': '2.1', 'date': 'Sat, 19 Dec 2015 16:47:51 GMT', 'content-type': 'application/json'}
        Body: {"server": {"status": "ACTIVE", "updated": "2015-12-19T16:47:51Z", "hostId": "4f45732f03100220f2fd796e2e122faaeb05e7464d182950c9380bbb", "addresses": {}, "links": [{"href": "http://10.0.2.15:8774/v2.1/6c2ed14ed978496681cf276074e979f5/servers/9d5b76ec-6565-4e56-959b-d79719d23e75", "rel": "self"}, {"href": "http://10.0.2.15:8774/6c2ed14ed978496681cf276074e979f5/servers/9d5b76ec-6565-4e56-959b-d79719d23e75", "rel": "bookmark"}], "key_name": "tempest-TestNetworkAdvancedServerOps-1554021747", "image": {"id": "8d792c24-d97e-4b86-93e5-0f8d91d995e6", "links": [{"href": "http://10.0.2.15:8774/6c2ed14ed978496681cf276074e979f5/images/8d792c24-d97e-4b86-93e5-0f8d91d995e6", "rel": "bookmark"}]}, "OS-EXT-STS:task_state": "deleting", "OS-EXT-STS:vm_state": "active", "OS-SRV-USG:launched_at": "2015-12-19T16:45:46.000000", "flavor": {"id": "42", "links": [{"href": "http://10.0.2.15:8774/6c2ed14ed978496681cf276074e979f5/flavors/42", "rel": "bookmark"}]}, "id": "9d5b76ec-6565-4e56-959b-d79719d23e75", "OS-SRV-USG:terminated_at": null, "OS-EXT-AZ:availability_zone": "nova", "user_id": "c6a43569149348f6b2d33dee758815c1", "name": "tempest.common.compute-instance-1647757479", "created": "2015-12-19T16:45:43Z", "tenant_id": "6c2ed14ed978496681cf276074e979f5", "OS-DCF:diskConfig": "MANUAL", "os-extended-volumes:volumes_attached": [], "accessIPv4": "", "accessIPv6": "", "progress": 0, "OS-EXT-STS:power_state": 1, "config_drive": "True", "metadata": {}}}
2015-12-19 16:47:53,060 21542 INFO     [tempest_lib.common.rest_client] Request (TestNetworkAdvancedServerOps:_run_cleanups): 404 GET http://10.0.2.15:8774/v2.1/6c2ed14ed978496681cf276074e979f5/servers/9d5b76ec-6565-4e56-959b-d79719d23e75 0.084s
2015-12-19 16:47:53,061 21542 DEBUG    [tempest_lib.common.rest_client] Request - Headers: {'Content-Type': 'application/json', 'Accept': 'application/json', 'X-Auth-Token': '&lt;omitted&gt;'}
        Body: None
    Response - Headers: {'status': '404', 'content-length': '111', 'x-compute-request-id': 'req-a258d2d5-4db6-4574-87b1-8cbb699c5193', 'vary': 'X-OpenStack-Nova-API-Version', 'connection': 'close', 'x-openstack-nova-api-version': '2.1', 'date': 'Sat, 19 Dec 2015 16:47:53 GMT', 'content-type': 'application/json; charset=UTF-8'}
        Body: {"itemNotFound": {"message": "Instance 9d5b76ec-6565-4e56-959b-d79719d23e75 could not be found.", "code": 404}}
2015-12-19 16:47:53,547 21542 INFO     [tempest_lib.common.rest_client] Request (TestNetworkAdvancedServerOps:_run_cleanups): 200 PUT http://10.0.2.15:9696/v2.0/routers/a6174879-01cd-4d11-93c3-29853fcd187a/remove_router_interface 0.485s
2015-12-19 16:47:53,548 21542 DEBUG    [tempest_lib.common.rest_client] Request - Headers: {'Content-Type': 'application/json', 'Accept': 'application/json', 'X-Auth-Token': '&lt;omitted&gt;'}
        Body: {"subnet_id": "25216a96-6b87-4ec6-a900-176da31d1c9a"}
    Response - Headers: {'status': '200', 'content-length': '255', 'connection': 'close', 'date': 'Sat, 19 Dec 2015 16:47:53 GMT', 'content-type': 'application/json; charset=UTF-8', 'x-openstack-request-id': 'req-da155810-e0d4-4b4f-9b1b-f1d2a88d0ae6'}
        Body: {"subnet_id": "25216a96-6b87-4ec6-a900-176da31d1c9a", "tenant_id": "6c2ed14ed978496681cf276074e979f5", "subnet_ids": ["25216a96-6b87-4ec6-a900-176da31d1c9a"], "port_id": "04e4847d-9dc8-4667-a0cd-64a455404035", "id": "a6174879-01cd-4d11-93c3-29853fcd187a"}
2015-12-19 16:47:54,003 21542 INFO     [tempest_lib.common.rest_client] Request (TestNetworkAdvancedServerOps:_run_cleanups): 204 DELETE http://10.0.2.15:9696/v2.0/subnets/25216a96-6b87-4ec6-a900-176da31d1c9a 0.454s
2015-12-19 16:47:54,004 21542 DEBUG    [tempest_lib.common.rest_client] Request - Headers: {'Content-Type': 'application/json', 'Accept': 'application/json', 'X-Auth-Token': '&lt;omitted&gt;'}
        Body: None
    Response - Headers: {'date': 'Sat, 19 Dec 2015 16:47:54 GMT', 'status': '204', 'connection': 'close', 'content-length': '0', 'x-openstack-request-id': 'req-6ff4aa37-dd1a-47c1-8c07-74aeb5663f66'}
        Body: 
2015-12-19 16:47:54,062 21542 INFO     [tempest_lib.common.rest_client] Request (TestNetworkAdvancedServerOps:_run_cleanups): 200 GET http://10.0.2.15:9696/v2.0/routers/a6174879-01cd-4d11-93c3-29853fcd187a 0.057s
2015-12-19 16:47:54,062 21542 DEBUG    [tempest_lib.common.rest_client] Request - Headers: {'Content-Type': 'application/json', 'Accept': 'application/json', 'X-Auth-Token': '&lt;omitted&gt;'}
        Body: None
    Response - Headers: {'status': '200', 'content-length': '563', 'content-location': 'http://10.0.2.15:9696/v2.0/routers/a6174879-01cd-4d11-93c3-29853fcd187a', 'connection': 'close', 'date': 'Sat, 19 Dec 2015 16:47:54 GMT', 'content-type': 'application/json; charset=UTF-8', 'x-openstack-request-id': 'req-f41f4e58-69ee-4f25-887d-5776a505a836'}
        Body: {"router": {"status": "ACTIVE", "external_gateway_info": {"network_id": "bb6c4bf1-d191-436d-ab19-e36ab733ed6e", "enable_snat": true, "external_fixed_ips": [{"subnet_id": "be4e3f15-bb0a-40aa-a68a-58c455d148a0", "ip_address": "172.24.4.3"}, {"subnet_id": "1a2b3b77-1996-497b-8431-2dca075f7563", "ip_address": "2001:db8::3"}]}, "availability_zone_hints": [], "availability_zones": ["nova"], "name": "tempest-router-smoke-518332062", "admin_state_up": true, "tenant_id": "6c2ed14ed978496681cf276074e979f5", "routes": [], "id": "a6174879-01cd-4d11-93c3-29853fcd187a"}}
2015-12-19 16:47:54,516 21542 INFO     [tempest_lib.common.rest_client] Request (TestNetworkAdvancedServerOps:_run_cleanups): 200 PUT http://10.0.2.15:9696/v2.0/routers/a6174879-01cd-4d11-93c3-29853fcd187a 0.453s
2015-12-19 16:47:54,516 21542 DEBUG    [tempest_lib.common.rest_client] Request - Headers: {'Content-Type': 'application/json', 'Accept': 'application/json', 'X-Auth-Token': '&lt;omitted&gt;'}
        Body: {"router": {"external_gateway_info": {}, "name": "tempest-router-smoke-518332062", "admin_state_up": true}}
    Response - Headers: {'status': '200', 'content-length': '301', 'connection': 'close', 'date': 'Sat, 19 Dec 2015 16:47:54 GMT', 'content-type': 'application/json; charset=UTF-8', 'x-openstack-request-id': 'req-92e2e08a-7e7d-4a1e-ab0f-468dabacf8e1'}
        Body: {"router": {"status": "ACTIVE", "external_gateway_info": null, "availability_zone_hints": [], "availability_zones": ["nova"], "name": "tempest-router-smoke-518332062", "admin_state_up": true, "tenant_id": "6c2ed14ed978496681cf276074e979f5", "routes": [], "id": "a6174879-01cd-4d11-93c3-29853fcd187a"}}
2015-12-19 16:47:54,760 21542 INFO     [tempest_lib.common.rest_client] Request (TestNetworkAdvancedServerOps:_run_cleanups): 204 DELETE http://10.0.2.15:9696/v2.0/routers/a6174879-01cd-4d11-93c3-29853fcd187a 0.243s
2015-12-19 16:47:54,761 21542 DEBUG    [tempest_lib.common.rest_client] Request - Headers: {'Content-Type': 'application/json', 'Accept': 'application/json', 'X-Auth-Token': '&lt;omitted&gt;'}
        Body: None
    Response - Headers: {'date': 'Sat, 19 Dec 2015 16:47:54 GMT', 'status': '204', 'connection': 'close', 'content-length': '0', 'x-openstack-request-id': 'req-055d825f-29a5-4c05-b318-286f12038260'}
        Body: 
2015-12-19 16:47:55,137 21542 INFO     [tempest_lib.common.rest_client] Request (TestNetworkAdvancedServerOps:_run_cleanups): 204 DELETE http://10.0.2.15:9696/v2.0/networks/a2901559-307a-4944-9514-6816e0d5e1cc 0.375s
2015-12-19 16:47:55,138 21542 DEBUG    [tempest_lib.common.rest_client] Request - Headers: {'Content-Type': 'application/json', 'Accept': 'application/json', 'X-Auth-Token': '&lt;omitted&gt;'}
        Body: None
    Response - Headers: {'date': 'Sat, 19 Dec 2015 16:47:55 GMT', 'status': '204', 'connection': 'close', 'content-length': '0', 'x-openstack-request-id': 'req-d9d7671c-60a1-4d2f-9533-94d6372c21f2'}
        Body: 
2015-12-19 16:47:55,201 21542 INFO     [tempest_lib.common.rest_client] Request (TestNetworkAdvancedServerOps:_run_cleanups): 204 DELETE http://10.0.2.15:9696/v2.0/security-group-rules/455ca455-ed50-4db5-b2de-b9f4358ce7ed 0.062s
2015-12-19 16:47:55,201 21542 DEBUG    [tempest_lib.common.rest_client] Request - Headers: {'Content-Type': 'application/json', 'Accept': 'application/json', 'X-Auth-Token': '&lt;omitted&gt;'}
        Body: None
    Response - Headers: {'date': 'Sat, 19 Dec 2015 16:47:55 GMT', 'status': '204', 'connection': 'close', 'content-length': '0', 'x-openstack-request-id': 'req-824aabfc-1e81-4d93-add6-a3358ea4b157'}
        Body: 
2015-12-19 16:47:55,263 21542 INFO     [tempest_lib.common.rest_client] Request (TestNetworkAdvancedServerOps:_run_cleanups): 204 DELETE http://10.0.2.15:9696/v2.0/security-group-rules/af49ae8f-7754-42c3-acda-d1fd5ea028cd 0.060s
2015-12-19 16:47:55,263 21542 DEBUG    [tempest_lib.common.rest_client] Request - Headers: {'Content-Type': 'application/json', 'Accept': 'application/json', 'X-Auth-Token': '&lt;omitted&gt;'}
        Body: None
    Response - Headers: {'date': 'Sat, 19 Dec 2015 16:47:55 GMT', 'status': '204', 'connection': 'close', 'content-length': '0', 'x-openstack-request-id': 'req-908408da-aa00-4106-b716-270454cbc41b'}
        Body: 
2015-12-19 16:47:55,315 21542 INFO     [tempest_lib.common.rest_client] Request (TestNetworkAdvancedServerOps:_run_cleanups): 204 DELETE http://10.0.2.15:9696/v2.0/security-group-rules/8b499d40-2989-4ab7-a20e-f23ada39c138 0.051s
2015-12-19 16:47:55,315 21542 DEBUG    [tempest_lib.common.rest_client] Request - Headers: {'Content-Type': 'application/json', 'Accept': 'application/json', 'X-Auth-Token': '&lt;omitted&gt;'}
        Body: None
    Response - Headers: {'date': 'Sat, 19 Dec 2015 16:47:55 GMT', 'status': '204', 'connection': 'close', 'content-length': '0', 'x-openstack-request-id': 'req-6d7089da-3a11-49ea-a54f-14760b9af969'}
        Body: 
2015-12-19 16:47:55,362 21542 INFO     [tempest_lib.common.rest_client] Request (TestNetworkAdvancedServerOps:_run_cleanups): 204 DELETE http://10.0.2.15:9696/v2.0/security-group-rules/afafb015-543d-404e-a237-f48b728b8ae4 0.046s
2015-12-19 16:47:55,362 21542 DEBUG    [tempest_lib.common.rest_client] Request - Headers: {'Content-Type': 'application/json', 'Accept': 'application/json', 'X-Auth-Token': '&lt;omitted&gt;'}
        Body: None
    Response - Headers: {'date': 'Sat, 19 Dec 2015 16:47:55 GMT', 'status': '204', 'connection': 'close', 'content-length': '0', 'x-openstack-request-id': 'req-98710434-4b41-4542-8c59-7f134b17b196'}
        Body: 
2015-12-19 16:47:55,424 21542 INFO     [tempest_lib.common.rest_client] Request (TestNetworkAdvancedServerOps:_run_cleanups): 204 DELETE http://10.0.2.15:9696/v2.0/security-group-rules/97820b48-abbd-4bec-9050-843aff70d218 0.060s
2015-12-19 16:47:55,424 21542 DEBUG    [tempest_lib.common.rest_client] Request - Headers: {'Content-Type': 'application/json', 'Accept': 'application/json', 'X-Auth-Token': '&lt;omitted&gt;'}
        Body: None
    Response - Headers: {'date': 'Sat, 19 Dec 2015 16:47:55 GMT', 'status': '204', 'connection': 'close', 'content-length': '0', 'x-openstack-request-id': 'req-49f1e6dd-011e-485b-b62e-d026afdc756a'}
        Body: 
2015-12-19 16:47:55,479 21542 INFO     [tempest_lib.common.rest_client] Request (TestNetworkAdvancedServerOps:_run_cleanups): 204 DELETE http://10.0.2.15:9696/v2.0/security-group-rules/5047d8fe-b629-4fa6-b249-1c9e658a420b 0.054s
2015-12-19 16:47:55,479 21542 DEBUG    [tempest_lib.common.rest_client] Request - Headers: {'Content-Type': 'application/json', 'Accept': 'application/json', 'X-Auth-Token': '&lt;omitted&gt;'}
        Body: None
    Response - Headers: {'date': 'Sat, 19 Dec 2015 16:47:55 GMT', 'status': '204', 'connection': 'close', 'content-length': '0', 'x-openstack-request-id': 'req-38c89d49-5fb2-4d61-99a2-7048e79add00'}
        Body: 
2015-12-19 16:47:55,567 21542 INFO     [tempest_lib.common.rest_client] Request (TestNetworkAdvancedServerOps:_run_cleanups): 204 DELETE http://10.0.2.15:9696/v2.0/security-groups/ff4cee7f-1996-4eb4-a93a-a8135b1e3364 0.087s
2015-12-19 16:47:55,568 21542 DEBUG    [tempest_lib.common.rest_client] Request - Headers: {'Content-Type': 'application/json', 'Accept': 'application/json', 'X-Auth-Token': '&lt;omitted&gt;'}
        Body: None
    Response - Headers: {'date': 'Sat, 19 Dec 2015 16:47:55 GMT', 'status': '204', 'connection': 'close', 'content-length': '0', 'x-openstack-request-id': 'req-94b7fd4d-ad78-4795-8515-f0b202c5af9c'}
        Body: 
2015-12-19 16:47:55,590 21542 INFO     [tempest_lib.common.rest_client] Request (TestNetworkAdvancedServerOps:_run_cleanups): 202 DELETE http://10.0.2.15:8774/v2.1/6c2ed14ed978496681cf276074e979f5/os-keypairs/tempest-TestNetworkAdvancedServerOps-1554021747 0.021s
2015-12-19 16:47:55,591 21542 DEBUG    [tempest_lib.common.rest_client] Request - Headers: {'Content-Type': 'application/json', 'Accept': 'application/json', 'X-Auth-Token': '&lt;omitted&gt;'}
        Body: None
    Response - Headers: {'status': '202', 'content-length': '0', 'x-compute-request-id': 'req-03081d52-08ca-4cb7-b3b3-00db537924ee', 'vary': 'X-OpenStack-Nova-API-Version', 'connection': 'close', 'x-openstack-nova-api-version': '2.1', 'date': 'Sat, 19 Dec 2015 16:47:55 GMT', 'content-type': 'application/json'}
        Body: 
2015-12-19 16:47:55,677 21542 INFO     [tempest_lib.common.rest_client] Request (TestNetworkAdvancedServerOps:_run_cleanups): 404 GET http://10.0.2.15:8774/v2.1/6c2ed14ed978496681cf276074e979f5/servers/9d5b76ec-6565-4e56-959b-d79719d23e75 0.085s
2015-12-19 16:47:55,678 21542 DEBUG    [tempest_lib.common.rest_client] Request - Headers: {'Content-Type': 'application/json', 'Accept': 'application/json', 'X-Auth-Token': '&lt;omitted&gt;'}
        Body: None
    Response - Headers: {'status': '404', 'content-length': '111', 'x-compute-request-id': 'req-253007ed-457e-4c4f-aa3d-acf0c1e498f0', 'vary': 'X-OpenStack-Nova-API-Version', 'connection': 'close', 'x-openstack-nova-api-version': '2.1', 'date': 'Sat, 19 Dec 2015 16:47:55 GMT', 'content-type': 'application/json; charset=UTF-8'}
        Body: {"itemNotFound": {"message": "Instance 9d5b76ec-6565-4e56-959b-d79719d23e75 could not be found.", "code": 404}}
}}}

Traceback (most recent call last):
  File "tempest/test.py", line 113, in wrapper
    return f(self, *func_args, **func_kwargs)
  File "tempest/scenario/test_network_advanced_server_ops.py", line 134, in test_server_connectivity_pause_unpause
    server, keypair, floating_ip = self._setup_network_and_servers()
  File "tempest/scenario/test_network_advanced_server_ops.py", line 71, in _setup_network_and_servers
    server, keypair, floating_ip)
  File "tempest/scenario/test_network_advanced_server_ops.py", line 95, in _wait_server_status_and_check_network_connectivity
    self._check_network_connectivity(server, keypair, floating_ip)
  File "tempest/scenario/test_network_advanced_server_ops.py", line 88, in _check_network_connectivity
    servers=[server])
  File "tempest/scenario/manager.py", line 608, in check_public_network_connectivity
    should_connect=should_connect)
  File "tempest/scenario/manager.py", line 592, in check_vm_connectivity
    msg=msg)
  File "/usr/local/lib/python2.7/dist-packages/unittest2/case.py", line 702, in assertTrue
    raise self.failureException(msg)
AssertionError: False is not true : Timed out waiting for 172.24.4.4 to become reachable



        </pre>
    </div>
    <!--css div popup end-->

    </td>
</tr>

<tr id='ft1.2' class='none'>
    <td class='failCase'><div class='testcase'>test_server_connectivity_reboot[compute,id-7b6860c2-afa3-4846-9522-adeb38dfbe08,network]</div></td>
    <td colspan='7' align='left'>

    <!--css div popup start-->
    <a class="popup_link" onfocus='this.blur();'
    href="javascript:showTestDetail('div_ft1.2')" >
        fail</a>

    <div id='div_ft1.2' class="popup_window">
        <div style='text-align: right; color:red;cursor:pointer'>
        <a onfocus='this.blur();'
onclick="document.getElementById('div_ft1.2').style.display = 'none' " >
           [x]</a>
        </div>
        <pre>
        
ft1.2: tempest.scenario.test_network_advanced_server_ops.TestNetworkAdvancedServerOps.test_server_connectivity_reboot[compute,id-7b6860c2-afa3-4846-9522-adeb38dfbe08,network]_StringException: Empty attachments:
  stderr
