<?xml version="1.0" encoding="UTF-8"?>
<!DOCTYPE html PUBLIC "-//W3C//DTD XHTML 1.0 Strict//EN"
     "http://www.w3.org/TR/xhtml1/DTD/xhtml1-strict.dtd">
<html xmlns="http://www.w3.org/1999/xhtml">
<head>
    <title>Unit Test Report</title>
    <meta name="generator" content="subunit2html 0.1"/>
    <meta http-equiv="Content-Type" content="text/html; charset=UTF-8"/>
    
<style type="text/css" media="screen">
body        { font-family: verdana, arial, helvetica, sans-serif;
    font-size: 80%; }
table       { font-size: 100%; width: 100%;}
pre         { font-size: 80%; }

/* -- heading -------------------------------------------------------------- */
h1 {
        font-size: 16pt;
        color: gray;
}
.heading {
    margin-top: 0ex;
    margin-bottom: 1ex;
}

.heading .attribute {
    margin-top: 1ex;
    margin-bottom: 0;
}

.heading .description {
    margin-top: 4ex;
    margin-bottom: 6ex;
}

/* -- css div popup -------------------------------------------------------- */
a.popup_link {
}

a.popup_link:hover {
    color: red;
}

.popup_window {
    display: none;
    overflow-x: scroll;
    /*border: solid #627173 1px; */
    padding: 10px;
    background-color: #E6E6D6;
    font-family: "Ubuntu Mono", "Lucida Console", "Courier New", monospace;
    text-align: left;
    font-size: 8pt;
}

}
/* -- report --------------------------------------------------------------- */
#show_detail_line {
    margin-top: 3ex;
    margin-bottom: 1ex;
}
#result_table {
    width: 100%;
    border-collapse: collapse;
    border: 1px solid #777;
}
#header_row {
    font-weight: bold;
    color: white;
    background-color: #777;
}
#result_table td {
    border: 1px solid #777;
    padding: 2px;
}
#total_row  { font-weight: bold; }
.passClass  { background-color: #6c6; }
.failClass  { background-color: #c60; }
.errorClass { background-color: #c00; }
.passCase   { color: #6c6; }
.failCase   { color: #c60; font-weight: bold; }
.errorCase  { color: #c00; font-weight: bold; }
.hiddenRow  { display: none; }
.testcase   { margin-left: 2em; }
td.testname {width: 40%}
td.small {width: 40px}

/* -- ending --------------------------------------------------------------- */
#ending {
}

</style>

</head>
<body>
<script language="javascript" type="text/javascript"><!--
output_list = Array();

/* level - 0:Summary; 1:Failed; 2:All */
function showCase(level) {
    trs = document.getElementsByTagName("tr");
    for (var i = 0; i < trs.length; i++) {
        tr = trs[i];
        id = tr.id;
        if (id.substr(0,2) == 'ft') {
            if (level < 1) {
                tr.className = 'hiddenRow';
            }
            else {
                tr.className = '';
            }
        }
        if (id.substr(0,2) == 'pt') {
            if (level > 1) {
                tr.className = '';
            }
            else {
                tr.className = 'hiddenRow';
            }
        }
    }
}


function showClassDetail(cid, count) {
    var id_list = Array(count);
    var toHide = 1;
    for (var i = 0; i < count; i++) {
        tid0 = 't' + cid.substr(1) + '.' + (i+1);
        tid = 'f' + tid0;
        tr = document.getElementById(tid);
        if (!tr) {
            tid = 'p' + tid0;
            tr = document.getElementById(tid);
        }
        id_list[i] = tid;
        if (tr.className) {
            toHide = 0;
        }
    }
    for (var i = 0; i < count; i++) {
        tid = id_list[i];
        if (toHide) {
            document.getElementById('div_'+tid).style.display = 'none'
            document.getElementById(tid).className = 'hiddenRow';
        }
        else {
            document.getElementById(tid).className = '';
        }
    }
}


function showTestDetail(div_id){
    var details_div = document.getElementById(div_id)
    var displayState = details_div.style.display
    // alert(displayState)
    if (displayState != 'block' ) {
        displayState = 'block'
        details_div.style.display = 'block'
    }
    else {
        details_div.style.display = 'none'
    }
}


function html_escape(s) {
    s = s.replace(/&/g,'&amp;');
    s = s.replace(/</g,'&lt;');
    s = s.replace(/>/g,'&gt;');
    return s;
}

/* obsoleted by detail in <div>
function showOutput(id, name) {
    var w = window.open("", //url
                    name,
                    "resizable,scrollbars,status,width=800,height=450");
    d = w.document;
    d.write("<pre>");
    d.write(html_escape(output_list[id]));
    d.write("\n");
    d.write("<a href='javascript:window.close()'>close</a>\n");
    d.write("</pre>\n");
    d.close();
}
*/
--></script>

<div class='heading'>
<h1>Unit Test Report</h1>

<p class='attribute'><strong>Status:</strong> Failure 6</p>

<p class='description'></p>
</div>



<p id='show_detail_line'>Show
<a href='javascript:showCase(0)'>Summary</a>
<a href='javascript:showCase(1)'>Failed</a>
<a href='javascript:showCase(2)'>All</a>
</p>
<table id='result_table'>
<colgroup>
<col align='left' />
<col align='right' />
<col align='right' />
<col align='right' />
<col align='right' />
<col align='right' />
<col align='right' />
<col align='right' />
</colgroup>
<tr id='header_row'>
    <td>Test Group/Test case</td>
    <td>Count</td>
    <td>Pass</td>
    <td>Fail</td>
    <td>Error</td>
    <td>Skip</td>
    <td>View</td>
    <td> </td>
</tr>

<tr class='failClass'>
    <td class="testname">tempest.scenario.test_network_advanced_server_ops.TestNetworkAdvancedServerOps</td>
    <td class="small">6</td>
    <td class="small">0</td>
    <td class="small">6</td>
    <td class="small">0</td>
    <td class="small">0</td>
    <td class="small"><a href="javascript:showClassDetail('c1',6)"
>Detail</a></td>
    <td> </td>
</tr>

<tr id='ft1.1' class='none'>
    <td class='failCase'><div class='testcase'>test_server_connectivity_pause_unpause[compute,id-2b2642db-6568-4b35-b812-eceed3fa20ce,network]</div></td>
    <td colspan='7' align='left'>

    <!--css div popup start-->
    <a class="popup_link" onfocus='this.blur();'
    href="javascript:showTestDetail('div_ft1.1')" >
        fail</a>

    <div id='div_ft1.1' class="popup_window">
        <div style='text-align: right; color:red;cursor:pointer'>
        <a onfocus='this.blur();'
onclick="document.getElementById('div_ft1.1').style.display = 'none' " >
           [x]</a>
        </div>
        <pre>
        
ft1.1: tempest.scenario.test_network_advanced_server_ops.TestNetworkAdvancedServerOps.test_server_connectivity_pause_unpause[compute,id-2b2642db-6568-4b35-b812-eceed3fa20ce,network]_StringException: Empty attachments:
  stderr
  stdout

pythonlogging:'': {{{
2016-01-08 06:36:46,618 4578 INFO     [tempest_lib.common.rest_client] Request (TestNetworkAdvancedServerOps:test_server_connectivity_pause_unpause): 200 POST http://10.0.2.15:8774/v2.1/c4d1b22a0faf4550b1c85040435301fa/os-keypairs 0.365s
2016-01-08 06:36:46,619 4578 DEBUG    [tempest_lib.common.rest_client] Request - Headers: {'Content-Type': 'application/json', 'Accept': 'application/json', 'X-Auth-Token': '&lt;omitted&gt;'}
        Body: {"keypair": {"name": "tempest-TestNetworkAdvancedServerOps-1981158067"}}
    Response - Headers: {'status': '200', 'content-length': '2334', 'x-compute-request-id': 'req-26d28b4d-a43f-4db6-8963-7af619fbb61f', 'vary': 'X-OpenStack-Nova-API-Version', 'connection': 'close', 'x-openstack-nova-api-version': '2.1', 'date': 'Fri, 08 Jan 2016 06:36:46 GMT', 'content-type': 'application/json'}
        Body: {"keypair": {"public_key": "ssh-rsa AAAAB3NzaC1yc2EAAAADAQABAAABAQCkNCCXgzb1W9/crHcF3d7wmNVanjUL/zpHaD3Af3OamTNQR5QrvjD51HkjViqVwJwXPxZV2j0CpCqIfmmYDYQLVmmZLPicWsB7hEaYwlo7z/HcTtLF21bvvXcCzjY2K6qJuNoH+wwRFCSvH8xKiOkn2cAWlo5AVg+zDPFoXWHH4UX9WxUsnwLaisJMZsksOlxKFKXYcFUWuxoVw1zfh8cn/+HyxAVrc9HUECRqjwjSMM2WXPNO5echNFgoTDfx80dXJ9HT6+ZS+re6YMFUQzxlv767Ies/U4jSokickAQqUOO16jK8Sm5H89dB6V4UelEkwKI6kG/Mq6ougOw6t2lT Generated-by-Nova", "private_key": "-----BEGIN RSA PRIVATE KEY-----\nMIIEqgIBAAKCAQEApDQgl4M29Vvf3Kx3Bd3e8JjVWp41C/86R2g9wH9zmpkzUEeU\nK74w+dR5I1YqlcCcFz8WVdo9AqQqiH5pmA2EC1ZpmSz4nFrAe4RGmMJaO8/x3E7S\nxdtW7713As42NiuqibjaB/sMERQkrx/MSojpJ9nAFpaOQFYPswzxaF1hx+FF/VsV\nLJ8C2orCTGbJLDpcShSl2HBVFrsaFcNc34fHJ//h8sQFa3PR1BAkao8I0jDNllzz\nTuXnITRYKEw38fNHVyfR0+vmUvq3umDBVEM8Zb++uyHrP1OI0qJInJAEKlDjteoy\nvEpuR/PXQeleFHpRJMCiOpBvzKuqLoDsOrdpUwIDAQABAoIBAA6+s5KHcN71ghOx\n1PpM4yEdyELb5A2QvK3+2VS43SuryCTUWKTY7lLw1nPq3+YUpq+btai98S6UiVE6\ncMb7p7jQ6KidljGMIK62wRQkl6+5S5Gp7llgCd17WP2CgPG6WBUH6WRAEeRSt7yW\nEWU8CBvQ/OPKXzm9wKkmZ2Mkx4wINMQTqjAZ7TVz9Kj7nLcTiqpLkhDU8AgbnYI8\nXgAg23zkZtoPGoq6NT3YDgyram3xxkEnWgFZ7oxrmXd5F3uKDwzjkrX+DoQpsQbN\nZ6ZezdCsNIRnQ+1N6b+TWSk0m5VAHozt4s17mG8Dlx+3aj1mQ4DRga+KxZ6lwPPL\nH0mcaQECggCBAMUo+hnoV+l3Rr5y5zDkXVoDrex977/esdJXPW8kBck+AF6whIqe\nVsgU9+fV8MZzpbmMqM+UW+0PqqQpsoMWtpWudf6WfPcs4HQtG+4BaryXxM5qUFZF\nQE6ioRTL6bT6wNPve5ew+jeJMx8PlSwOyqilHZZwfTPXWqk34yRfjGqBAoIAgQDV\nNUdvbEsLUhNrjqp0tf7GxgVw/qw4QapKwJK1Helz2scak6OikWXyNeGl81eF9Aud\nBhw6qpO5rCzr7tQ3as71048V8e08vnm9M3cXoQorLPDWn7znpXlG6XFboyiD6hsC\nuQ71uf5kp7JQm9Zk4d0Ii0BHNXUwrGS6E81HlcEh0wKCAIEAi3lzhERjfJuOhkgO\n2P2UNIuJzFVC9774mM5yfV9EYJrl9BZ3jQB6b8y1m2IzlJBXWq3w9fgEF+4PT1bY\nG/hDbhwfCN04xjsPBeCrc3G5KnVLGqMG9iDDX12ZCnc+e3MwWj1+d08Rk5wReBWz\n95j3MNqt1bD6QWRFlJQesaqOUQECggCBAJYNhVUZ9kblYN2V7sltPP5QZ4v68OI2\n9M7fcWEeyCrNkstVlRjZE9K/sSvGc5bHB1Vf84Ymfwlx77usvpayCS5h0pYzSjAy\nLiPGkM6EfE+etXGXwq+VeiE6Mpm33s/Yd2IXNDwkxrG4hHrO8rjVbWaR+o8jRHMZ\nIVsEjLkQ4HgZAoIAgQCPucD/MW5YHelvfkP4WWEhnd0z+P7z7tCqfN565E3kRrrR\nI+ajvfvoLp7uxT3+NZEogldVpvW8lWJBVcPSAfLMqiyx1UYBEXyfDek5iLYGoAQc\nDMzDH5GYPg5HUz54SH+t89dV34sFWI4OY7huTuR5LyAbQBfVxrcTo/KrW1M0vg==\n-----END RSA PRIVATE KEY-----\n", "user_id": "e2dd9d2d922b449394c89f2886705cab", "name": "tempest-TestNetworkAdvancedServerOps-1981158067", "fingerprint": "b7:35:a3:ea:e4:9a:85:35:4e:4c:87:7a:6e:63:3e:83"}}
2016-01-08 06:36:47,003 4578 INFO     [tempest_lib.common.rest_client] Request (TestNetworkAdvancedServerOps:test_server_connectivity_pause_unpause): 201 POST http://10.0.2.15:9696/v2.0/security-groups 0.381s
2016-01-08 06:36:47,004 4578 DEBUG    [tempest_lib.common.rest_client] Request - Headers: {'Content-Type': 'application/json', 'Accept': 'application/json', 'X-Auth-Token': '&lt;omitted&gt;'}
        Body: {"security_group": {"tenant_id": "c4d1b22a0faf4550b1c85040435301fa", "description": "tempest-secgroup-smoke-566682519 description", "name": "tempest-secgroup-smoke-566682519"}}
    Response - Headers: {'status': '201', 'content-length': '886', 'connection': 'close', 'date': 'Fri, 08 Jan 2016 06:36:47 GMT', 'content-type': 'application/json; charset=UTF-8', 'x-openstack-request-id': 'req-c3d1d285-ffd0-40c3-93a0-18a481bfa21d'}
        Body: {"security_group": {"tenant_id": "c4d1b22a0faf4550b1c85040435301fa", "description": "tempest-secgroup-smoke-566682519 description", "id": "bfc5606e-ff08-4f3e-adc8-0d075ba3f358", "security_group_rules": [{"remote_group_id": null, "direction": "egress", "remote_ip_prefix": null, "protocol": null, "ethertype": "IPv4", "tenant_id": "c4d1b22a0faf4550b1c85040435301fa", "port_range_max": null, "port_range_min": null, "id": "0e5d0d9e-9b21-4a57-b01a-111b81971a2f", "security_group_id": "bfc5606e-ff08-4f3e-adc8-0d075ba3f358"}, {"remote_group_id": null, "direction": "egress", "remote_ip_prefix": null, "protocol": null, "ethertype": "IPv6", "tenant_id": "c4d1b22a0faf4550b1c85040435301fa", "port_range_max": null, "port_range_min": null, "id": "a4d29a8c-04b3-4edc-a620-878e29124a2c", "security_group_id": "bfc5606e-ff08-4f3e-adc8-0d075ba3f358"}], "name": "tempest-secgroup-smoke-566682519"}}
2016-01-08 06:36:47,286 4578 INFO     [tempest_lib.common.rest_client] Request (TestNetworkAdvancedServerOps:test_server_connectivity_pause_unpause): 201 POST http://10.0.2.15:9696/v2.0/security-group-rules 0.281s
2016-01-08 06:36:47,286 4578 DEBUG    [tempest_lib.common.rest_client] Request - Headers: {'Content-Type': 'application/json', 'Accept': 'application/json', 'X-Auth-Token': '&lt;omitted&gt;'}
        Body: {"security_group_rule": {"direction": "ingress", "protocol": "tcp", "tenant_id": "c4d1b22a0faf4550b1c85040435301fa", "port_range_max": 22, "security_group_id": "bfc5606e-ff08-4f3e-adc8-0d075ba3f358", "port_range_min": 22}}
    Response - Headers: {'status': '201', 'content-length': '340', 'connection': 'close', 'date': 'Fri, 08 Jan 2016 06:36:47 GMT', 'content-type': 'application/json; charset=UTF-8', 'x-openstack-request-id': 'req-18e616a2-2b10-4e13-8f19-63b58b07ec69'}
        Body: {"security_group_rule": {"remote_group_id": null, "direction": "ingress", "remote_ip_prefix": null, "protocol": "tcp", "ethertype": "IPv4", "tenant_id": "c4d1b22a0faf4550b1c85040435301fa", "port_range_max": 22, "port_range_min": 22, "id": "d5d7f61e-358e-4d67-8704-724f0e2aeb57", "security_group_id": "bfc5606e-ff08-4f3e-adc8-0d075ba3f358"}}
2016-01-08 06:36:47,403 4578 INFO     [tempest_lib.common.rest_client] Request (TestNetworkAdvancedServerOps:test_server_connectivity_pause_unpause): 201 POST http://10.0.2.15:9696/v2.0/security-group-rules 0.114s
2016-01-08 06:36:47,404 4578 DEBUG    [tempest_lib.common.rest_client] Request - Headers: {'Content-Type': 'application/json', 'Accept': 'application/json', 'X-Auth-Token': '&lt;omitted&gt;'}
        Body: {"security_group_rule": {"direction": "egress", "protocol": "tcp", "tenant_id": "c4d1b22a0faf4550b1c85040435301fa", "port_range_max": 22, "security_group_id": "bfc5606e-ff08-4f3e-adc8-0d075ba3f358", "port_range_min": 22}}
    Response - Headers: {'status': '201', 'content-length': '339', 'connection': 'close', 'date': 'Fri, 08 Jan 2016 06:36:47 GMT', 'content-type': 'application/json; charset=UTF-8', 'x-openstack-request-id': 'req-4900ecaa-06fb-4e89-be84-a454da3f95b2'}
        Body: {"security_group_rule": {"remote_group_id": null, "direction": "egress", "remote_ip_prefix": null, "protocol": "tcp", "ethertype": "IPv4", "tenant_id": "c4d1b22a0faf4550b1c85040435301fa", "port_range_max": 22, "port_range_min": 22, "id": "8f6dfc00-00bb-4d56-87b5-062c87e7fbac", "security_group_id": "bfc5606e-ff08-4f3e-adc8-0d075ba3f358"}}
2016-01-08 06:36:47,530 4578 INFO     [tempest_lib.common.rest_client] Request (TestNetworkAdvancedServerOps:test_server_connectivity_pause_unpause): 201 POST http://10.0.2.15:9696/v2.0/security-group-rules 0.125s
2016-01-08 06:36:47,531 4578 DEBUG    [tempest_lib.common.rest_client] Request - Headers: {'Content-Type': 'application/json', 'Accept': 'application/json', 'X-Auth-Token': '&lt;omitted&gt;'}
        Body: {"security_group_rule": {"tenant_id": "c4d1b22a0faf4550b1c85040435301fa", "direction": "ingress", "protocol": "icmp", "security_group_id": "bfc5606e-ff08-4f3e-adc8-0d075ba3f358"}}
    Response - Headers: {'status': '201', 'content-length': '345', 'connection': 'close', 'date': 'Fri, 08 Jan 2016 06:36:47 GMT', 'content-type': 'application/json; charset=UTF-8', 'x-openstack-request-id': 'req-e5d20498-4605-4653-b1f1-8824756cad02'}
        Body: {"security_group_rule": {"remote_group_id": null, "direction": "ingress", "remote_ip_prefix": null, "protocol": "icmp", "ethertype": "IPv4", "tenant_id": "c4d1b22a0faf4550b1c85040435301fa", "port_range_max": null, "port_range_min": null, "id": "684faed2-e75e-4590-8963-0bcc54859e93", "security_group_id": "bfc5606e-ff08-4f3e-adc8-0d075ba3f358"}}
2016-01-08 06:36:47,650 4578 INFO     [tempest_lib.common.rest_client] Request (TestNetworkAdvancedServerOps:test_server_connectivity_pause_unpause): 201 POST http://10.0.2.15:9696/v2.0/security-group-rules 0.117s
2016-01-08 06:36:47,651 4578 DEBUG    [tempest_lib.common.rest_client] Request - Headers: {'Content-Type': 'application/json', 'Accept': 'application/json', 'X-Auth-Token': '&lt;omitted&gt;'}
        Body: {"security_group_rule": {"tenant_id": "c4d1b22a0faf4550b1c85040435301fa", "direction": "egress", "protocol": "icmp", "security_group_id": "bfc5606e-ff08-4f3e-adc8-0d075ba3f358"}}
    Response - Headers: {'status': '201', 'content-length': '344', 'connection': 'close', 'date': 'Fri, 08 Jan 2016 06:36:47 GMT', 'content-type': 'application/json; charset=UTF-8', 'x-openstack-request-id': 'req-6b4a57b5-8109-4f76-b10e-284699c07683'}
        Body: {"security_group_rule": {"remote_group_id": null, "direction": "egress", "remote_ip_prefix": null, "protocol": "icmp", "ethertype": "IPv4", "tenant_id": "c4d1b22a0faf4550b1c85040435301fa", "port_range_max": null, "port_range_min": null, "id": "29f1156d-d0d7-437d-a0fc-efe8f26afa56", "security_group_id": "bfc5606e-ff08-4f3e-adc8-0d075ba3f358"}}
2016-01-08 06:36:47,777 4578 INFO     [tempest_lib.common.rest_client] Request (TestNetworkAdvancedServerOps:test_server_connectivity_pause_unpause): 201 POST http://10.0.2.15:9696/v2.0/security-group-rules 0.124s
2016-01-08 06:36:47,777 4578 DEBUG    [tempest_lib.common.rest_client] Request - Headers: {'Content-Type': 'application/json', 'Accept': 'application/json', 'X-Auth-Token': '&lt;omitted&gt;'}
        Body: {"security_group_rule": {"tenant_id": "c4d1b22a0faf4550b1c85040435301fa", "direction": "ingress", "security_group_id": "bfc5606e-ff08-4f3e-adc8-0d075ba3f358", "protocol": "icmp", "ethertype": "IPv6"}}
    Response - Headers: {'status': '201', 'content-length': '345', 'connection': 'close', 'date': 'Fri, 08 Jan 2016 06:36:47 GMT', 'content-type': 'application/json; charset=UTF-8', 'x-openstack-request-id': 'req-ea26b400-fae0-48b5-9998-c79f7ff35498'}
        Body: {"security_group_rule": {"remote_group_id": null, "direction": "ingress", "remote_ip_prefix": null, "protocol": "icmp", "ethertype": "IPv6", "tenant_id": "c4d1b22a0faf4550b1c85040435301fa", "port_range_max": null, "port_range_min": null, "id": "2aff3c7e-7323-4072-bf92-3b4709e561b5", "security_group_id": "bfc5606e-ff08-4f3e-adc8-0d075ba3f358"}}
2016-01-08 06:36:47,902 4578 INFO     [tempest_lib.common.rest_client] Request (TestNetworkAdvancedServerOps:test_server_connectivity_pause_unpause): 201 POST http://10.0.2.15:9696/v2.0/security-group-rules 0.123s
2016-01-08 06:36:47,904 4578 DEBUG    [tempest_lib.common.rest_client] Request - Headers: {'Content-Type': 'application/json', 'Accept': 'application/json', 'X-Auth-Token': '&lt;omitted&gt;'}
        Body: {"security_group_rule": {"tenant_id": "c4d1b22a0faf4550b1c85040435301fa", "direction": "egress", "security_group_id": "bfc5606e-ff08-4f3e-adc8-0d075ba3f358", "protocol": "icmp", "ethertype": "IPv6"}}
    Response - Headers: {'status': '201', 'content-length': '344', 'connection': 'close', 'date': 'Fri, 08 Jan 2016 06:36:47 GMT', 'content-type': 'application/json; charset=UTF-8', 'x-openstack-request-id': 'req-e520599d-1b98-42e1-8f4f-8d46875bcacf'}
        Body: {"security_group_rule": {"remote_group_id": null, "direction": "egress", "remote_ip_prefix": null, "protocol": "icmp", "ethertype": "IPv6", "tenant_id": "c4d1b22a0faf4550b1c85040435301fa", "port_range_max": null, "port_range_min": null, "id": "96f6a4bc-457f-4d7c-8690-52d1f576ba7d", "security_group_id": "bfc5606e-ff08-4f3e-adc8-0d075ba3f358"}}
2016-01-08 06:36:48,070 4578 INFO     [tempest_lib.common.rest_client] Request (TestNetworkAdvancedServerOps:test_server_connectivity_pause_unpause): 201 POST http://10.0.2.15:9696/v2.0/networks 0.165s
2016-01-08 06:36:48,070 4578 DEBUG    [tempest_lib.common.rest_client] Request - Headers: {'Content-Type': 'application/json', 'Accept': 'application/json', 'X-Auth-Token': '&lt;omitted&gt;'}
        Body: {"network": {"tenant_id": "c4d1b22a0faf4550b1c85040435301fa", "name": "tempest-network-smoke--363248432"}}
    Response - Headers: {'status': '201', 'content-length': '326', 'connection': 'close', 'date': 'Fri, 08 Jan 2016 06:36:48 GMT', 'content-type': 'application/json; charset=UTF-8', 'x-openstack-request-id': 'req-6ab226b5-60c5-4287-9915-56e06bc815af'}
        Body: {"network": {"status": "ACTIVE", "subnets": [], "availability_zone_hints": [], "name": "tempest-network-smoke--363248432", "admin_state_up": true, "tenant_id": "c4d1b22a0faf4550b1c85040435301fa", "mtu": 0, "router:external": false, "shared": false, "port_security_enabled": true, "id": "aee3ae89-50c6-43e1-84a3-7544c03539d7"}}
2016-01-08 06:36:48,160 4578 INFO     [tempest_lib.common.rest_client] Request (TestNetworkAdvancedServerOps:test_server_connectivity_pause_unpause): 201 POST http://10.0.2.15:9696/v2.0/routers 0.089s
2016-01-08 06:36:48,161 4578 DEBUG    [tempest_lib.common.rest_client] Request - Headers: {'Content-Type': 'application/json', 'Accept': 'application/json', 'X-Auth-Token': '&lt;omitted&gt;'}
        Body: {"router": {"tenant_id": "c4d1b22a0faf4550b1c85040435301fa", "name": "tempest-router-smoke-2106812752", "admin_state_up": true}}
    Response - Headers: {'status': '201', 'content-length': '296', 'connection': 'close', 'date': 'Fri, 08 Jan 2016 06:36:48 GMT', 'content-type': 'application/json; charset=UTF-8', 'x-openstack-request-id': 'req-2e341435-61f2-42a5-b233-45abbed8d83d'}
        Body: {"router": {"status": "ACTIVE", "external_gateway_info": null, "availability_zone_hints": [], "availability_zones": [], "name": "tempest-router-smoke-2106812752", "admin_state_up": true, "tenant_id": "c4d1b22a0faf4550b1c85040435301fa", "routes": [], "id": "597f2a8e-8f5e-4683-9a70-e5502a92cd30"}}
2016-01-08 06:36:48,219 4578 INFO     [tempest_lib.common.rest_client] Request (TestNetworkAdvancedServerOps:test_server_connectivity_pause_unpause): 200 GET http://10.0.2.15:9696/v2.0/routers/597f2a8e-8f5e-4683-9a70-e5502a92cd30 0.057s
2016-01-08 06:36:48,219 4578 DEBUG    [tempest_lib.common.rest_client] Request - Headers: {'Content-Type': 'application/json', 'Accept': 'application/json', 'X-Auth-Token': '&lt;omitted&gt;'}
        Body: None
    Response - Headers: {'status': '200', 'content-length': '296', 'content-location': 'http://10.0.2.15:9696/v2.0/routers/597f2a8e-8f5e-4683-9a70-e5502a92cd30', 'connection': 'close', 'date': 'Fri, 08 Jan 2016 06:36:48 GMT', 'content-type': 'application/json; charset=UTF-8', 'x-openstack-request-id': 'req-6a128f89-b91f-486c-a516-5a848af60950'}
        Body: {"router": {"status": "ACTIVE", "external_gateway_info": null, "availability_zone_hints": [], "availability_zones": [], "name": "tempest-router-smoke-2106812752", "admin_state_up": true, "tenant_id": "c4d1b22a0faf4550b1c85040435301fa", "routes": [], "id": "597f2a8e-8f5e-4683-9a70-e5502a92cd30"}}
2016-01-08 06:36:49,010 4578 INFO     [tempest_lib.common.rest_client] Request (TestNetworkAdvancedServerOps:test_server_connectivity_pause_unpause): 200 PUT http://10.0.2.15:9696/v2.0/routers/597f2a8e-8f5e-4683-9a70-e5502a92cd30 0.790s
2016-01-08 06:36:49,010 4578 DEBUG    [tempest_lib.common.rest_client] Request - Headers: {'Content-Type': 'application/json', 'Accept': 'application/json', 'X-Auth-Token': '&lt;omitted&gt;'}
        Body: {"router": {"external_gateway_info": {"network_id": "35537b47-22b5-4a60-bd38-9e5965feead6"}, "name": "tempest-router-smoke-2106812752", "admin_state_up": true}}
    Response - Headers: {'status': '200', 'content-length': '558', 'connection': 'close', 'date': 'Fri, 08 Jan 2016 06:36:49 GMT', 'content-type': 'application/json; charset=UTF-8', 'x-openstack-request-id': 'req-149ea15a-ffda-4c53-bde2-ed53bb08eff2'}
        Body: {"router": {"status": "ACTIVE", "external_gateway_info": {"network_id": "35537b47-22b5-4a60-bd38-9e5965feead6", "enable_snat": true, "external_fixed_ips": [{"subnet_id": "a511a63a-fb8c-4de5-8b3e-1ad1edd14194", "ip_address": "172.24.4.3"}, {"subnet_id": "ae889d3a-4a0f-4e18-949e-33c542b79994", "ip_address": "2001:db8::4"}]}, "availability_zone_hints": [], "availability_zones": [], "name": "tempest-router-smoke-2106812752", "admin_state_up": true, "tenant_id": "c4d1b22a0faf4550b1c85040435301fa", "routes": [], "id": "597f2a8e-8f5e-4683-9a70-e5502a92cd30"}}
2016-01-08 06:36:49,177 4578 INFO     [tempest_lib.common.rest_client] Request (TestNetworkAdvancedServerOps:test_server_connectivity_pause_unpause): 200 GET http://10.0.2.15:9696/v2.0/subnets?tenant_id=c4d1b22a0faf4550b1c85040435301fa&amp;cidr=10.100.0.0%2F28 0.166s
2016-01-08 06:36:49,178 4578 DEBUG    [tempest_lib.common.rest_client] Request - Headers: {'Content-Type': 'application/json', 'Accept': 'application/json', 'X-Auth-Token': '&lt;omitted&gt;'}
        Body: None
    Response - Headers: {'status': '200', 'content-length': '15', 'content-location': 'http://10.0.2.15:9696/v2.0/subnets?tenant_id=c4d1b22a0faf4550b1c85040435301fa&amp;cidr=10.100.0.0%2F28', 'connection': 'close', 'date': 'Fri, 08 Jan 2016 06:36:49 GMT', 'content-type': 'application/json; charset=UTF-8', 'x-openstack-request-id': 'req-cf00f0f8-dd81-4a46-b447-beb29d0af505'}
        Body: {"subnets": []}
2016-01-08 06:36:49,525 4578 INFO     [tempest_lib.common.rest_client] Request (TestNetworkAdvancedServerOps:test_server_connectivity_pause_unpause): 201 POST http://10.0.2.15:9696/v2.0/subnets 0.347s
2016-01-08 06:36:49,526 4578 DEBUG    [tempest_lib.common.rest_client] Request - Headers: {'Content-Type': 'application/json', 'Accept': 'application/json', 'X-Auth-Token': '&lt;omitted&gt;'}
        Body: {"subnet": {"ip_version": 4, "tenant_id": "c4d1b22a0faf4550b1c85040435301fa", "cidr": "10.100.0.0/28", "network_id": "aee3ae89-50c6-43e1-84a3-7544c03539d7", "name": "tempest-subnet-smoke-1261754633"}}
    Response - Headers: {'status': '201', 'content-length': '478', 'connection': 'close', 'date': 'Fri, 08 Jan 2016 06:36:49 GMT', 'content-type': 'application/json; charset=UTF-8', 'x-openstack-request-id': 'req-776877e6-79f9-400e-a237-7b73bdb12a2d'}
        Body: {"subnet": {"name": "tempest-subnet-smoke-1261754633", "enable_dhcp": true, "network_id": "aee3ae89-50c6-43e1-84a3-7544c03539d7", "tenant_id": "c4d1b22a0faf4550b1c85040435301fa", "dns_nameservers": [], "gateway_ip": "10.100.0.1", "ipv6_ra_mode": null, "allocation_pools": [{"start": "10.100.0.2", "end": "10.100.0.14"}], "host_routes": [], "ip_version": 4, "ipv6_address_mode": null, "cidr": "10.100.0.0/28", "id": "b25f6204-6293-498c-9b5c-a9ccf1d1ec51", "subnetpool_id": null}}
2016-01-08 06:36:50,282 4578 INFO     [tempest_lib.common.rest_client] Request (TestNetworkAdvancedServerOps:test_server_connectivity_pause_unpause): 200 PUT http://10.0.2.15:9696/v2.0/routers/597f2a8e-8f5e-4683-9a70-e5502a92cd30/add_router_interface 0.755s
2016-01-08 06:36:50,283 4578 DEBUG    [tempest_lib.common.rest_client] Request - Headers: {'Content-Type': 'application/json', 'Accept': 'application/json', 'X-Auth-Token': '&lt;omitted&gt;'}
        Body: {"subnet_id": "b25f6204-6293-498c-9b5c-a9ccf1d1ec51"}
    Response - Headers: {'status': '200', 'content-length': '255', 'connection': 'close', 'date': 'Fri, 08 Jan 2016 06:36:50 GMT', 'content-type': 'application/json; charset=UTF-8', 'x-openstack-request-id': 'req-738bd7c3-a626-4568-bd29-3889a792f042'}
        Body: {"subnet_id": "b25f6204-6293-498c-9b5c-a9ccf1d1ec51", "tenant_id": "c4d1b22a0faf4550b1c85040435301fa", "subnet_ids": ["b25f6204-6293-498c-9b5c-a9ccf1d1ec51"], "port_id": "de0092ca-5b61-4a32-bd1d-4953485d75ad", "id": "597f2a8e-8f5e-4683-9a70-e5502a92cd30"}
2016-01-08 06:36:50,427 4578 INFO     [tempest_lib.common.rest_client] Request (TestNetworkAdvancedServerOps:test_server_connectivity_pause_unpause): 200 POST http://10.0.2.15:5000/v2.0/tokens
2016-01-08 06:36:50,428 4578 DEBUG    [tempest_lib.common.rest_client] Request - Headers: {'Content-Type': 'application/json', 'Accept': 'application/json'}
        Body: &lt;omitted&gt;
    Response - Headers: {'status': '200', 'content-length': '2309', 'vary': 'X-Auth-Token', 'server': 'Apache/2.4.7 (Ubuntu)', 'connection': 'close', 'date': 'Fri, 08 Jan 2016 06:36:50 GMT', 'content-type': 'application/json', 'x-openstack-request-id': 'req-3ffa6f25-7bba-4c20-a779-b960ef0e6a04'}
        Body: {"access": {"token": {"issued_at": "2016-01-08T06:36:50.413791", "expires": "2016-01-08T07:36:50Z", "id": "7bbe46dc27764cc98a6c9672e9081bd0", "tenant": {"description": "tempest-TestNetworkAdvancedServerOps-158769488-desc", "enabled": true, "id": "c4d1b22a0faf4550b1c85040435301fa", "name": "tempest-TestNetworkAdvancedServerOps-158769488"}, "audit_ids": ["GMpp2_xbSkeIVHTUO_cXvg"]}, "serviceCatalog": [{"endpoints": [{"adminURL": "http://10.0.2.15:9292", "region": "RegionOne", "internalURL": "http://10.0.2.15:9292", "id": "2463a06c5cba4ac39b7fca116b38c04b", "publicURL": "http://10.0.2.15:9292"}], "endpoints_links": [], "type": "image", "name": "glance"}, {"endpoints": [{"adminURL": "http://10.0.2.15:8774/v2.1/c4d1b22a0faf4550b1c85040435301fa", "region": "RegionOne", "internalURL": "http://10.0.2.15:8774/v2.1/c4d1b22a0faf4550b1c85040435301fa", "id": "1778f83ed2704745bec6b7896c6fb2b4", "publicURL": "http://10.0.2.15:8774/v2.1/c4d1b22a0faf4550b1c85040435301fa"}], "endpoints_links": [], "type": "compute", "name": "nova"}, {"endpoints": [{"adminURL": "http://10.0.2.15:8774/v2/c4d1b22a0faf4550b1c85040435301fa", "region": "RegionOne", "internalURL": "http://10.0.2.15:8774/v2/c4d1b22a0faf4550b1c85040435301fa", "id": "023e5514ca284a088cd2195568346ebd", "publicURL": "http://10.0.2.15:8774/v2/c4d1b22a0faf4550b1c85040435301fa"}], "endpoints_links": [], "type": "compute_legacy", "name": "nova_legacy"}, {"endpoints": [{"adminURL": "http://10.0.2.15:35357/v2.0", "region": "RegionOne", "internalURL": "http://10.0.2.15:5000/v2.0", "id": "48fd0bb71be94a4e8614a659859852de", "publicURL": "http://10.0.2.15:5000/v2.0"}], "endpoints_links": [], "type": "identity", "name": "keystone"}, {"endpoints": [{"adminURL": "http://10.0.2.15:9696/", "region": "RegionOne", "internalURL": "http://10.0.2.15:9696/", "id": "061f57a5b991411fa37fab4c5141af97", "publicURL": "http://10.0.2.15:9696/"}], "endpoints_links": [], "type": "network", "name": "neutron"}], "user": {"username": "tempest-TestNetworkAdvancedServerOps-2092229015", "roles_links": [], "id": "e2dd9d2d922b449394c89f2886705cab", "roles": [{"name": "_member_"}, {"name": "Member"}], "name": "tempest-TestNetworkAdvancedServerOps-2092229015"}, "metadata": {"is_admin": 0, "roles": ["9fe2ff9ee4384b1894a90878d3e92bab", "5bd6d25b4405469d86f68d538a184dd5"]}}}
2016-01-08 06:36:50,433 4578 DEBUG    [tempest.common.fixed_network] (TestNetworkAdvancedServerOps:test_server_connectivity_pause_unpause) No valid network provided or created, defaulting to fixed_network_name
2016-01-08 06:36:50,844 4578 INFO     [tempest_lib.common.rest_client] Request (TestNetworkAdvancedServerOps:test_server_connectivity_pause_unpause): 200 GET http://10.0.2.15:8774/v2.1/c4d1b22a0faf4550b1c85040435301fa/os-networks 0.410s
2016-01-08 06:36:50,845 4578 DEBUG    [tempest_lib.common.rest_client] Request - Headers: {'Content-Type': 'application/json', 'Accept': 'application/json', 'X-Auth-Token': '&lt;omitted&gt;'}
        Body: None
    Response - Headers: {'status': '200', 'content-length': '478', 'content-location': 'http://10.0.2.15:8774/v2.1/c4d1b22a0faf4550b1c85040435301fa/os-networks', 'x-compute-request-id': 'req-7d8a8fd1-a3db-46dc-9bc2-ea2352a88f8e', 'vary': 'X-OpenStack-Nova-API-Version', 'connection': 'close', 'x-openstack-nova-api-version': '2.1', 'date': 'Fri, 08 Jan 2016 06:36:50 GMT', 'content-type': 'application/json'}
        Body: {"networks": [{"cidr_v6": null, "dns2": null, "dns1": null, "gateway": null, "broadcast": null, "netmask": null, "gateway_v6": null, "cidr": null, "label": "public", "id": "35537b47-22b5-4a60-bd38-9e5965feead6", "netmask_v6": null}, {"cidr_v6": null, "dns2": null, "dns1": null, "gateway": null, "broadcast": null, "netmask": null, "gateway_v6": null, "cidr": null, "label": "tempest-network-smoke--363248432", "id": "aee3ae89-50c6-43e1-84a3-7544c03539d7", "netmask_v6": null}]}
2016-01-08 06:36:50,845 4578 WARNING  [tempest.common.fixed_network] (TestNetworkAdvancedServerOps:test_server_connectivity_pause_unpause) Network with name: private not found
2016-01-08 06:36:50,846 4578 INFO     [tempest.common.fixed_network] (TestNetworkAdvancedServerOps:test_server_connectivity_pause_unpause) Found network {} available for tenant
2016-01-08 06:36:51,819 4578 INFO     [tempest_lib.common.rest_client] Request (TestNetworkAdvancedServerOps:test_server_connectivity_pause_unpause): 202 POST http://10.0.2.15:8774/v2.1/c4d1b22a0faf4550b1c85040435301fa/servers 0.972s
2016-01-08 06:36:51,820 4578 DEBUG    [tempest_lib.common.rest_client] Request - Headers: {'Content-Type': 'application/json', 'Accept': 'application/json', 'X-Auth-Token': '&lt;omitted&gt;'}
        Body: {"server": {"name": "tempest.common.compute-instance-631605162", "imageRef": "1ad10f43-d4f3-4a0a-9891-3a7e2a0b4d0f", "key_name": "tempest-TestNetworkAdvancedServerOps-1981158067", "flavorRef": "42", "networks": [{"uuid": "aee3ae89-50c6-43e1-84a3-7544c03539d7"}], "security_groups": [{"name": "tempest-secgroup-smoke-566682519"}]}}
    Response - Headers: {'status': '202', 'content-length': '461', 'x-compute-request-id': 'req-0800028c-c593-438b-939b-97e295a9a0cc', 'vary': 'X-OpenStack-Nova-API-Version', 'connection': 'close', 'location': 'http://10.0.2.15:8774/v2.1/c4d1b22a0faf4550b1c85040435301fa/servers/73623535-ebce-4300-b1e7-2a0591dbaa9c', 'x-openstack-nova-api-version': '2.1', 'date': 'Fri, 08 Jan 2016 06:36:51 GMT', 'content-type': 'application/json'}
        Body: {"server": {"security_groups": [{"name": "tempest-secgroup-smoke-566682519"}], "OS-DCF:diskConfig": "MANUAL", "id": "73623535-ebce-4300-b1e7-2a0591dbaa9c", "links": [{"href": "http://10.0.2.15:8774/v2.1/c4d1b22a0faf4550b1c85040435301fa/servers/73623535-ebce-4300-b1e7-2a0591dbaa9c", "rel": "self"}, {"href": "http://10.0.2.15:8774/c4d1b22a0faf4550b1c85040435301fa/servers/73623535-ebce-4300-b1e7-2a0591dbaa9c", "rel": "bookmark"}], "adminPass": "2p2XVeSR2AY2"}}
2016-01-08 06:36:52,088 4578 INFO     [tempest_lib.common.rest_client] Request (TestNetworkAdvancedServerOps:test_server_connectivity_pause_unpause): 200 GET http://10.0.2.15:8774/v2.1/c4d1b22a0faf4550b1c85040435301fa/servers/73623535-ebce-4300-b1e7-2a0591dbaa9c 0.265s
2016-01-08 06:36:52,088 4578 DEBUG    [tempest_lib.common.rest_client] Request - Headers: {'Content-Type': 'application/json', 'Accept': 'application/json', 'X-Auth-Token': '&lt;omitted&gt;'}
        Body: None
    Response - Headers: {'status': '200', 'content-length': '1364', 'content-location': 'http://10.0.2.15:8774/v2.1/c4d1b22a0faf4550b1c85040435301fa/servers/73623535-ebce-4300-b1e7-2a0591dbaa9c', 'x-compute-request-id': 'req-f40ee108-c013-4430-9ab2-a111240bccd0', 'vary': 'X-OpenStack-Nova-API-Version', 'connection': 'close', 'x-openstack-nova-api-version': '2.1', 'date': 'Fri, 08 Jan 2016 06:36:52 GMT', 'content-type': 'application/json'}
        Body: {"server": {"status": "BUILD", "updated": "2016-01-08T06:36:52Z", "hostId": "", "addresses": {}, "links": [{"href": "http://10.0.2.15:8774/v2.1/c4d1b22a0faf4550b1c85040435301fa/servers/73623535-ebce-4300-b1e7-2a0591dbaa9c", "rel": "self"}, {"href": "http://10.0.2.15:8774/c4d1b22a0faf4550b1c85040435301fa/servers/73623535-ebce-4300-b1e7-2a0591dbaa9c", "rel": "bookmark"}], "key_name": "tempest-TestNetworkAdvancedServerOps-1981158067", "image": {"id": "1ad10f43-d4f3-4a0a-9891-3a7e2a0b4d0f", "links": [{"href": "http://10.0.2.15:8774/c4d1b22a0faf4550b1c85040435301fa/images/1ad10f43-d4f3-4a0a-9891-3a7e2a0b4d0f", "rel": "bookmark"}]}, "OS-EXT-STS:task_state": "scheduling", "OS-EXT-STS:vm_state": "building", "OS-SRV-USG:launched_at": null, "flavor": {"id": "42", "links": [{"href": "http://10.0.2.15:8774/c4d1b22a0faf4550b1c85040435301fa/flavors/42", "rel": "bookmark"}]}, "id": "73623535-ebce-4300-b1e7-2a0591dbaa9c", "OS-SRV-USG:terminated_at": null, "OS-EXT-AZ:availability_zone": "", "user_id": "e2dd9d2d922b449394c89f2886705cab", "name": "tempest.common.compute-instance-631605162", "created": "2016-01-08T06:36:51Z", "tenant_id": "c4d1b22a0faf4550b1c85040435301fa", "OS-DCF:diskConfig": "MANUAL", "os-extended-volumes:volumes_attached": [], "accessIPv4": "", "accessIPv6": "", "progress": 0, "OS-EXT-STS:power_state": 0, "config_drive": "", "metadata": {}}}
2016-01-08 06:36:53,320 4578 INFO     [tempest_lib.common.rest_client] Request (TestNetworkAdvancedServerOps:test_server_connectivity_pause_unpause): 200 GET http://10.0.2.15:8774/v2.1/c4d1b22a0faf4550b1c85040435301fa/servers/73623535-ebce-4300-b1e7-2a0591dbaa9c 0.222s
2016-01-08 06:36:53,321 4578 DEBUG    [tempest_lib.common.rest_client] Request - Headers: {'Content-Type': 'application/json', 'Accept': 'application/json', 'X-Auth-Token': '&lt;omitted&gt;'}
        Body: None
    Response - Headers: {'status': '200', 'content-length': '1422', 'content-location': 'http://10.0.2.15:8774/v2.1/c4d1b22a0faf4550b1c85040435301fa/servers/73623535-ebce-4300-b1e7-2a0591dbaa9c', 'x-compute-request-id': 'req-f1801bdd-d2e2-4fde-84b3-0ddab1db91e3', 'vary': 'X-OpenStack-Nova-API-Version', 'connection': 'close', 'x-openstack-nova-api-version': '2.1', 'date': 'Fri, 08 Jan 2016 06:36:53 GMT', 'content-type': 'application/json'}
        Body: {"server": {"status": "BUILD", "updated": "2016-01-08T06:36:53Z", "hostId": "78bb95743aa4c8514f48517294c5847ab5e79d807c1c96b32ee375b0", "addresses": {}, "links": [{"href": "http://10.0.2.15:8774/v2.1/c4d1b22a0faf4550b1c85040435301fa/servers/73623535-ebce-4300-b1e7-2a0591dbaa9c", "rel": "self"}, {"href": "http://10.0.2.15:8774/c4d1b22a0faf4550b1c85040435301fa/servers/73623535-ebce-4300-b1e7-2a0591dbaa9c", "rel": "bookmark"}], "key_name": "tempest-TestNetworkAdvancedServerOps-1981158067", "image": {"id": "1ad10f43-d4f3-4a0a-9891-3a7e2a0b4d0f", "links": [{"href": "http://10.0.2.15:8774/c4d1b22a0faf4550b1c85040435301fa/images/1ad10f43-d4f3-4a0a-9891-3a7e2a0b4d0f", "rel": "bookmark"}]}, "OS-EXT-STS:task_state": "spawning", "OS-EXT-STS:vm_state": "building", "OS-SRV-USG:launched_at": null, "flavor": {"id": "42", "links": [{"href": "http://10.0.2.15:8774/c4d1b22a0faf4550b1c85040435301fa/flavors/42", "rel": "bookmark"}]}, "id": "73623535-ebce-4300-b1e7-2a0591dbaa9c", "OS-SRV-USG:terminated_at": null, "OS-EXT-AZ:availability_zone": "nova", "user_id": "e2dd9d2d922b449394c89f2886705cab", "name": "tempest.common.compute-instance-631605162", "created": "2016-01-08T06:36:51Z", "tenant_id": "c4d1b22a0faf4550b1c85040435301fa", "OS-DCF:diskConfig": "MANUAL", "os-extended-volumes:volumes_attached": [], "accessIPv4": "", "accessIPv6": "", "progress": 0, "OS-EXT-STS:power_state": 0, "config_drive": "", "metadata": {}}}
2016-01-08 06:36:53,330 4578 INFO     [tempest.common.waiters] State transition "BUILD/scheduling" ==&gt; "BUILD/spawning" after 1 second wait
2016-01-08 06:36:54,588 4578 INFO     [tempest_lib.common.rest_client] Request (TestNetworkAdvancedServerOps:test_server_connectivity_pause_unpause): 200 GET http://10.0.2.15:8774/v2.1/c4d1b22a0faf4550b1c85040435301fa/servers/73623535-ebce-4300-b1e7-2a0591dbaa9c 0.256s
2016-01-08 06:36:54,588 4578 DEBUG    [tempest_lib.common.rest_client] Request - Headers: {'Content-Type': 'application/json', 'Accept': 'application/json', 'X-Auth-Token': '&lt;omitted&gt;'}
        Body: None
    Response - Headers: {'status': '200', 'content-length': '1489', 'content-location': 'http://10.0.2.15:8774/v2.1/c4d1b22a0faf4550b1c85040435301fa/servers/73623535-ebce-4300-b1e7-2a0591dbaa9c', 'x-compute-request-id': 'req-20de0965-d790-44b7-913f-312efe29b6d9', 'vary': 'X-OpenStack-Nova-API-Version', 'connection': 'close', 'x-openstack-nova-api-version': '2.1', 'date': 'Fri, 08 Jan 2016 06:36:54 GMT', 'content-type': 'application/json'}
        Body: {"server": {"status": "BUILD", "updated": "2016-01-08T06:36:53Z", "hostId": "78bb95743aa4c8514f48517294c5847ab5e79d807c1c96b32ee375b0", "addresses": {}, "links": [{"href": "http://10.0.2.15:8774/v2.1/c4d1b22a0faf4550b1c85040435301fa/servers/73623535-ebce-4300-b1e7-2a0591dbaa9c", "rel": "self"}, {"href": "http://10.0.2.15:8774/c4d1b22a0faf4550b1c85040435301fa/servers/73623535-ebce-4300-b1e7-2a0591dbaa9c", "rel": "bookmark"}], "key_name": "tempest-TestNetworkAdvancedServerOps-1981158067", "image": {"id": "1ad10f43-d4f3-4a0a-9891-3a7e2a0b4d0f", "links": [{"href": "http://10.0.2.15:8774/c4d1b22a0faf4550b1c85040435301fa/images/1ad10f43-d4f3-4a0a-9891-3a7e2a0b4d0f", "rel": "bookmark"}]}, "OS-EXT-STS:task_state": "spawning", "OS-EXT-STS:vm_state": "building", "OS-SRV-USG:launched_at": null, "flavor": {"id": "42", "links": [{"href": "http://10.0.2.15:8774/c4d1b22a0faf4550b1c85040435301fa/flavors/42", "rel": "bookmark"}]}, "id": "73623535-ebce-4300-b1e7-2a0591dbaa9c", "security_groups": [{"name": "tempest-secgroup-smoke-566682519"}], "OS-SRV-USG:terminated_at": null, "OS-EXT-AZ:availability_zone": "nova", "user_id": "e2dd9d2d922b449394c89f2886705cab", "name": "tempest.common.compute-instance-631605162", "created": "2016-01-08T06:36:51Z", "tenant_id": "c4d1b22a0faf4550b1c85040435301fa", "OS-DCF:diskConfig": "MANUAL", "os-extended-volumes:volumes_attached": [], "accessIPv4": "", "accessIPv6": "", "progress": 0, "OS-EXT-STS:power_state": 0, "config_drive": "", "metadata": {}}}
2016-01-08 06:36:55,905 4578 INFO     [tempest_lib.common.rest_client] Request (TestNetworkAdvancedServerOps:test_server_connectivity_pause_unpause): 200 GET http://10.0.2.15:8774/v2.1/c4d1b22a0faf4550b1c85040435301fa/servers/73623535-ebce-4300-b1e7-2a0591dbaa9c 0.298s
2016-01-08 06:36:55,905 4578 DEBUG    [tempest_lib.common.rest_client] Request - Headers: {'Content-Type': 'application/json', 'Accept': 'application/json', 'X-Auth-Token': '&lt;omitted&gt;'}
        Body: None
    Response - Headers: {'status': '200', 'content-length': '1489', 'content-location': 'http://10.0.2.15:8774/v2.1/c4d1b22a0faf4550b1c85040435301fa/servers/73623535-ebce-4300-b1e7-2a0591dbaa9c', 'x-compute-request-id': 'req-86ca3e24-dc72-405e-b9a0-43222aae3071', 'vary': 'X-OpenStack-Nova-API-Version', 'connection': 'close', 'x-openstack-nova-api-version': '2.1', 'date': 'Fri, 08 Jan 2016 06:36:55 GMT', 'content-type': 'application/json'}
        Body: {"server": {"status": "BUILD", "updated": "2016-01-08T06:36:53Z", "hostId": "78bb95743aa4c8514f48517294c5847ab5e79d807c1c96b32ee375b0", "addresses": {}, "links": [{"href": "http://10.0.2.15:8774/v2.1/c4d1b22a0faf4550b1c85040435301fa/servers/73623535-ebce-4300-b1e7-2a0591dbaa9c", "rel": "self"}, {"href": "http://10.0.2.15:8774/c4d1b22a0faf4550b1c85040435301fa/servers/73623535-ebce-4300-b1e7-2a0591dbaa9c", "rel": "bookmark"}], "key_name": "tempest-TestNetworkAdvancedServerOps-1981158067", "image": {"id": "1ad10f43-d4f3-4a0a-9891-3a7e2a0b4d0f", "links": [{"href": "http://10.0.2.15:8774/c4d1b22a0faf4550b1c85040435301fa/images/1ad10f43-d4f3-4a0a-9891-3a7e2a0b4d0f", "rel": "bookmark"}]}, "OS-EXT-STS:task_state": "spawning", "OS-EXT-STS:vm_state": "building", "OS-SRV-USG:launched_at": null, "flavor": {"id": "42", "links": [{"href": "http://10.0.2.15:8774/c4d1b22a0faf4550b1c85040435301fa/flavors/42", "rel": "bookmark"}]}, "id": "73623535-ebce-4300-b1e7-2a0591dbaa9c", "security_groups": [{"name": "tempest-secgroup-smoke-566682519"}], "OS-SRV-USG:terminated_at": null, "OS-EXT-AZ:availability_zone": "nova", "user_id": "e2dd9d2d922b449394c89f2886705cab", "name": "tempest.common.compute-instance-631605162", "created": "2016-01-08T06:36:51Z", "tenant_id": "c4d1b22a0faf4550b1c85040435301fa", "OS-DCF:diskConfig": "MANUAL", "os-extended-volumes:volumes_attached": [], "accessIPv4": "", "accessIPv6": "", "progress": 0, "OS-EXT-STS:power_state": 0, "config_drive": "", "metadata": {}}}
2016-01-08 06:36:57,130 4578 INFO     [tempest_lib.common.rest_client] Request (TestNetworkAdvancedServerOps:test_server_connectivity_pause_unpause): 200 GET http://10.0.2.15:8774/v2.1/c4d1b22a0faf4550b1c85040435301fa/servers/73623535-ebce-4300-b1e7-2a0591dbaa9c 0.211s
2016-01-08 06:36:57,131 4578 DEBUG    [tempest_lib.common.rest_client] Request - Headers: {'Content-Type': 'application/json', 'Accept': 'application/json', 'X-Auth-Token': '&lt;omitted&gt;'}
        Body: None
    Response - Headers: {'status': '200', 'content-length': '1660', 'content-location': 'http://10.0.2.15:8774/v2.1/c4d1b22a0faf4550b1c85040435301fa/servers/73623535-ebce-4300-b1e7-2a0591dbaa9c', 'x-compute-request-id': 'req-ab8610d5-f378-405d-bcc1-d070e2dff7de', 'vary': 'X-OpenStack-Nova-API-Version', 'connection': 'close', 'x-openstack-nova-api-version': '2.1', 'date': 'Fri, 08 Jan 2016 06:36:57 GMT', 'content-type': 'application/json'}
        Body: {"server": {"status": "ACTIVE", "updated": "2016-01-08T06:36:55Z", "hostId": "78bb95743aa4c8514f48517294c5847ab5e79d807c1c96b32ee375b0", "addresses": {"tempest-network-smoke--363248432": [{"OS-EXT-IPS-MAC:mac_addr": "fa:16:3e:89:f8:4d", "version": 4, "addr": "10.100.0.3", "OS-EXT-IPS:type": "fixed"}]}, "links": [{"href": "http://10.0.2.15:8774/v2.1/c4d1b22a0faf4550b1c85040435301fa/servers/73623535-ebce-4300-b1e7-2a0591dbaa9c", "rel": "self"}, {"href": "http://10.0.2.15:8774/c4d1b22a0faf4550b1c85040435301fa/servers/73623535-ebce-4300-b1e7-2a0591dbaa9c", "rel": "bookmark"}], "key_name": "tempest-TestNetworkAdvancedServerOps-1981158067", "image": {"id": "1ad10f43-d4f3-4a0a-9891-3a7e2a0b4d0f", "links": [{"href": "http://10.0.2.15:8774/c4d1b22a0faf4550b1c85040435301fa/images/1ad10f43-d4f3-4a0a-9891-3a7e2a0b4d0f", "rel": "bookmark"}]}, "OS-EXT-STS:task_state": null, "OS-EXT-STS:vm_state": "active", "OS-SRV-USG:launched_at": "2016-01-08T06:36:55.000000", "flavor": {"id": "42", "links": [{"href": "http://10.0.2.15:8774/c4d1b22a0faf4550b1c85040435301fa/flavors/42", "rel": "bookmark"}]}, "id": "73623535-ebce-4300-b1e7-2a0591dbaa9c", "security_groups": [{"name": "tempest-secgroup-smoke-566682519"}], "OS-SRV-USG:terminated_at": null, "OS-EXT-AZ:availability_zone": "nova", "user_id": "e2dd9d2d922b449394c89f2886705cab", "name": "tempest.common.compute-instance-631605162", "created": "2016-01-08T06:36:51Z", "tenant_id": "c4d1b22a0faf4550b1c85040435301fa", "OS-DCF:diskConfig": "MANUAL", "os-extended-volumes:volumes_attached": [], "accessIPv4": "", "accessIPv6": "", "progress": 0, "OS-EXT-STS:power_state": 1, "config_drive": "True", "metadata": {}}}
2016-01-08 06:36:57,139 4578 INFO     [tempest.common.waiters] State transition "BUILD/spawning" ==&gt; "ACTIVE/None" after 5 second wait
2016-01-08 06:36:57,442 4578 INFO     [tempest_lib.common.rest_client] Request (TestNetworkAdvancedServerOps:test_server_connectivity_pause_unpause): 200 GET http://10.0.2.15:8774/v2.1/c4d1b22a0faf4550b1c85040435301fa/servers/73623535-ebce-4300-b1e7-2a0591dbaa9c 0.302s
2016-01-08 06:36:57,442 4578 DEBUG    [tempest_lib.common.rest_client] Request - Headers: {'Content-Type': 'application/json', 'Accept': 'application/json', 'X-Auth-Token': '&lt;omitted&gt;'}
        Body: None
    Response - Headers: {'status': '200', 'content-length': '1660', 'content-location': 'http://10.0.2.15:8774/v2.1/c4d1b22a0faf4550b1c85040435301fa/servers/73623535-ebce-4300-b1e7-2a0591dbaa9c', 'x-compute-request-id': 'req-694b88a3-406d-4c44-af0c-c8210834f68d', 'vary': 'X-OpenStack-Nova-API-Version', 'connection': 'close', 'x-openstack-nova-api-version': '2.1', 'date': 'Fri, 08 Jan 2016 06:36:57 GMT', 'content-type': 'application/json'}
        Body: {"server": {"status": "ACTIVE", "updated": "2016-01-08T06:36:55Z", "hostId": "78bb95743aa4c8514f48517294c5847ab5e79d807c1c96b32ee375b0", "addresses": {"tempest-network-smoke--363248432": [{"OS-EXT-IPS-MAC:mac_addr": "fa:16:3e:89:f8:4d", "version": 4, "addr": "10.100.0.3", "OS-EXT-IPS:type": "fixed"}]}, "links": [{"href": "http://10.0.2.15:8774/v2.1/c4d1b22a0faf4550b1c85040435301fa/servers/73623535-ebce-4300-b1e7-2a0591dbaa9c", "rel": "self"}, {"href": "http://10.0.2.15:8774/c4d1b22a0faf4550b1c85040435301fa/servers/73623535-ebce-4300-b1e7-2a0591dbaa9c", "rel": "bookmark"}], "key_name": "tempest-TestNetworkAdvancedServerOps-1981158067", "image": {"id": "1ad10f43-d4f3-4a0a-9891-3a7e2a0b4d0f", "links": [{"href": "http://10.0.2.15:8774/c4d1b22a0faf4550b1c85040435301fa/images/1ad10f43-d4f3-4a0a-9891-3a7e2a0b4d0f", "rel": "bookmark"}]}, "OS-EXT-STS:task_state": null, "OS-EXT-STS:vm_state": "active", "OS-SRV-USG:launched_at": "2016-01-08T06:36:55.000000", "flavor": {"id": "42", "links": [{"href": "http://10.0.2.15:8774/c4d1b22a0faf4550b1c85040435301fa/flavors/42", "rel": "bookmark"}]}, "id": "73623535-ebce-4300-b1e7-2a0591dbaa9c", "security_groups": [{"name": "tempest-secgroup-smoke-566682519"}], "OS-SRV-USG:terminated_at": null, "OS-EXT-AZ:availability_zone": "nova", "user_id": "e2dd9d2d922b449394c89f2886705cab", "name": "tempest.common.compute-instance-631605162", "created": "2016-01-08T06:36:51Z", "tenant_id": "c4d1b22a0faf4550b1c85040435301fa", "OS-DCF:diskConfig": "MANUAL", "os-extended-volumes:volumes_attached": [], "accessIPv4": "", "accessIPv6": "", "progress": 0, "OS-EXT-STS:power_state": 1, "config_drive": "True", "metadata": {}}}
2016-01-08 06:36:57,481 4578 INFO     [tempest_lib.common.rest_client] Request (TestNetworkAdvancedServerOps:test_server_connectivity_pause_unpause): 200 GET http://10.0.2.15:9696/v2.0/ports?status=ACTIVE&amp;fixed_ip=None&amp;device_id=73623535-ebce-4300-b1e7-2a0591dbaa9c 0.031s
2016-01-08 06:36:57,482 4578 DEBUG    [tempest_lib.common.rest_client] Request - Headers: {'Content-Type': 'application/json', 'Accept': 'application/json', 'X-Auth-Token': '&lt;omitted&gt;'}
        Body: None
    Response - Headers: {'status': '200', 'content-length': '895', 'content-location': 'http://10.0.2.15:9696/v2.0/ports?status=ACTIVE&amp;fixed_ip=None&amp;device_id=73623535-ebce-4300-b1e7-2a0591dbaa9c', 'connection': 'close', 'date': 'Fri, 08 Jan 2016 06:36:57 GMT', 'content-type': 'application/json; charset=UTF-8', 'x-openstack-request-id': 'req-88c618a2-aa5f-488a-9869-2b548960c180'}
        Body: {"ports": [{"status": "ACTIVE", "binding:host_id": "vagrant-ubuntu-trusty-64", "allowed_address_pairs": [], "extra_dhcp_opts": [], "dns_assignment": [{"hostname": "host-10-100-0-3", "ip_address": "10.100.0.3", "fqdn": "host-10-100-0-3.openstacklocal."}], "device_owner": "compute:None", "port_security_enabled": true, "binding:profile": {}, "fixed_ips": [{"subnet_id": "b25f6204-6293-498c-9b5c-a9ccf1d1ec51", "ip_address": "10.100.0.3"}], "id": "3c0956df-12c2-4567-8b9e-bdd652338b37", "security_groups": ["bfc5606e-ff08-4f3e-adc8-0d075ba3f358"], "device_id": "73623535-ebce-4300-b1e7-2a0591dbaa9c", "name": "", "admin_state_up": true, "network_id": "aee3ae89-50c6-43e1-84a3-7544c03539d7", "dns_name": "", "binding:vif_details": {"port_filter": true}, "binding:vnic_type": "normal", "binding:vif_type": "ovs", "tenant_id": "c4d1b22a0faf4550b1c85040435301fa", "mac_address": "fa:16:3e:89:f8:4d"}]}
2016-01-08 06:36:58,072 4578 INFO     [tempest_lib.common.rest_client] Request (TestNetworkAdvancedServerOps:test_server_connectivity_pause_unpause): 201 POST http://10.0.2.15:9696/v2.0/floatingips 0.590s
2016-01-08 06:36:58,074 4578 DEBUG    [tempest_lib.common.rest_client] Request - Headers: {'Content-Type': 'application/json', 'Accept': 'application/json', 'X-Auth-Token': '&lt;omitted&gt;'}
        Body: {"floatingip": {"floating_network_id": "35537b47-22b5-4a60-bd38-9e5965feead6", "tenant_id": "c4d1b22a0faf4550b1c85040435301fa", "fixed_ip_address": "10.100.0.3", "port_id": "3c0956df-12c2-4567-8b9e-bdd652338b37"}}
    Response - Headers: {'status': '201', 'content-length': '367', 'connection': 'close', 'date': 'Fri, 08 Jan 2016 06:36:58 GMT', 'content-type': 'application/json; charset=UTF-8', 'x-openstack-request-id': 'req-5db70e61-273d-4978-949f-7756d4ba3c05'}
        Body: {"floatingip": {"floating_network_id": "35537b47-22b5-4a60-bd38-9e5965feead6", "router_id": "597f2a8e-8f5e-4683-9a70-e5502a92cd30", "fixed_ip_address": "10.100.0.3", "floating_ip_address": "172.24.4.4", "tenant_id": "c4d1b22a0faf4550b1c85040435301fa", "status": "DOWN", "port_id": "3c0956df-12c2-4567-8b9e-bdd652338b37", "id": "35495e33-f9cf-43b4-b611-d49d76960efc"}}
2016-01-08 06:36:58,319 4578 INFO     [tempest_lib.common.rest_client] Request (TestNetworkAdvancedServerOps:test_server_connectivity_pause_unpause): 200 GET http://10.0.2.15:8774/v2.1/c4d1b22a0faf4550b1c85040435301fa/servers/73623535-ebce-4300-b1e7-2a0591dbaa9c 0.244s
2016-01-08 06:36:58,319 4578 DEBUG    [tempest_lib.common.rest_client] Request - Headers: {'Content-Type': 'application/json', 'Accept': 'application/json', 'X-Auth-Token': '&lt;omitted&gt;'}
        Body: None
    Response - Headers: {'status': '200', 'content-length': '1660', 'content-location': 'http://10.0.2.15:8774/v2.1/c4d1b22a0faf4550b1c85040435301fa/servers/73623535-ebce-4300-b1e7-2a0591dbaa9c', 'x-compute-request-id': 'req-7ec6bef3-a59d-46b0-bcf8-c058772f36b3', 'vary': 'X-OpenStack-Nova-API-Version', 'connection': 'close', 'x-openstack-nova-api-version': '2.1', 'date': 'Fri, 08 Jan 2016 06:36:58 GMT', 'content-type': 'application/json'}
        Body: {"server": {"status": "ACTIVE", "updated": "2016-01-08T06:36:55Z", "hostId": "78bb95743aa4c8514f48517294c5847ab5e79d807c1c96b32ee375b0", "addresses": {"tempest-network-smoke--363248432": [{"OS-EXT-IPS-MAC:mac_addr": "fa:16:3e:89:f8:4d", "version": 4, "addr": "10.100.0.3", "OS-EXT-IPS:type": "fixed"}]}, "links": [{"href": "http://10.0.2.15:8774/v2.1/c4d1b22a0faf4550b1c85040435301fa/servers/73623535-ebce-4300-b1e7-2a0591dbaa9c", "rel": "self"}, {"href": "http://10.0.2.15:8774/c4d1b22a0faf4550b1c85040435301fa/servers/73623535-ebce-4300-b1e7-2a0591dbaa9c", "rel": "bookmark"}], "key_name": "tempest-TestNetworkAdvancedServerOps-1981158067", "image": {"id": "1ad10f43-d4f3-4a0a-9891-3a7e2a0b4d0f", "links": [{"href": "http://10.0.2.15:8774/c4d1b22a0faf4550b1c85040435301fa/images/1ad10f43-d4f3-4a0a-9891-3a7e2a0b4d0f", "rel": "bookmark"}]}, "OS-EXT-STS:task_state": null, "OS-EXT-STS:vm_state": "active", "OS-SRV-USG:launched_at": "2016-01-08T06:36:55.000000", "flavor": {"id": "42", "links": [{"href": "http://10.0.2.15:8774/c4d1b22a0faf4550b1c85040435301fa/flavors/42", "rel": "bookmark"}]}, "id": "73623535-ebce-4300-b1e7-2a0591dbaa9c", "security_groups": [{"name": "tempest-secgroup-smoke-566682519"}], "OS-SRV-USG:terminated_at": null, "OS-EXT-AZ:availability_zone": "nova", "user_id": "e2dd9d2d922b449394c89f2886705cab", "name": "tempest.common.compute-instance-631605162", "created": "2016-01-08T06:36:51Z", "tenant_id": "c4d1b22a0faf4550b1c85040435301fa", "OS-DCF:diskConfig": "MANUAL", "os-extended-volumes:volumes_attached": [], "accessIPv4": "", "accessIPv6": "", "progress": 0, "OS-EXT-STS:power_state": 1, "config_drive": "True", "metadata": {}}}
2016-01-08 06:36:58,328 4578 INFO     [tempest.scenario.manager] Tenant networks not configured to be reachable.
2016-01-08 06:36:58,344 4578 INFO     [tempest_lib.common.rest_client] Request (TestNetworkAdvancedServerOps:test_server_connectivity_pause_unpause): 200 GET http://10.0.2.15:9696/v2.0/floatingips/35495e33-f9cf-43b4-b611-d49d76960efc 0.015s
2016-01-08 06:36:58,344 4578 DEBUG    [tempest_lib.common.rest_client] Request - Headers: {'Content-Type': 'application/json', 'Accept': 'application/json', 'X-Auth-Token': '&lt;omitted&gt;'}
        Body: None
    Response - Headers: {'status': '200', 'content-length': '367', 'content-location': 'http://10.0.2.15:9696/v2.0/floatingips/35495e33-f9cf-43b4-b611-d49d76960efc', 'connection': 'close', 'date': 'Fri, 08 Jan 2016 06:36:58 GMT', 'content-type': 'application/json; charset=UTF-8', 'x-openstack-request-id': 'req-96447e08-eb05-498a-b4b8-6a6735fe85c4'}
        Body: {"floatingip": {"floating_network_id": "35537b47-22b5-4a60-bd38-9e5965feead6", "router_id": "597f2a8e-8f5e-4683-9a70-e5502a92cd30", "fixed_ip_address": "10.100.0.3", "floating_ip_address": "172.24.4.4", "tenant_id": "c4d1b22a0faf4550b1c85040435301fa", "status": "DOWN", "port_id": "3c0956df-12c2-4567-8b9e-bdd652338b37", "id": "35495e33-f9cf-43b4-b611-d49d76960efc"}}
2016-01-08 06:36:59,360 4578 INFO     [tempest_lib.common.rest_client] Request (TestNetworkAdvancedServerOps:test_server_connectivity_pause_unpause): 200 GET http://10.0.2.15:9696/v2.0/floatingips/35495e33-f9cf-43b4-b611-d49d76960efc 0.014s
2016-01-08 06:36:59,360 4578 DEBUG    [tempest_lib.common.rest_client] Request - Headers: {'Content-Type': 'application/json', 'Accept': 'application/json', 'X-Auth-Token': '&lt;omitted&gt;'}
        Body: None
    Response - Headers: {'status': '200', 'content-length': '369', 'content-location': 'http://10.0.2.15:9696/v2.0/floatingips/35495e33-f9cf-43b4-b611-d49d76960efc', 'connection': 'close', 'date': 'Fri, 08 Jan 2016 06:36:59 GMT', 'content-type': 'application/json; charset=UTF-8', 'x-openstack-request-id': 'req-8e1bdf2a-94ff-46a7-828c-d545237f52c8'}
        Body: {"floatingip": {"floating_network_id": "35537b47-22b5-4a60-bd38-9e5965feead6", "router_id": "597f2a8e-8f5e-4683-9a70-e5502a92cd30", "fixed_ip_address": "10.100.0.3", "floating_ip_address": "172.24.4.4", "tenant_id": "c4d1b22a0faf4550b1c85040435301fa", "status": "ACTIVE", "port_id": "3c0956df-12c2-4567-8b9e-bdd652338b37", "id": "35495e33-f9cf-43b4-b611-d49d76960efc"}}
2016-01-08 06:36:59,360 4578 INFO     [tempest.scenario.manager] FloatingIP: &lt;"FloatingIP" addr="172.24.4.4" id="35495e33-f9cf-43b4-b611-d49d76960efc"&gt; is at status: ACTIVE
2016-01-08 06:36:59,361 4578 DEBUG    [tempest.scenario.manager] checking network connections to IP 172.24.4.4 with user: cirros
2016-01-08 06:36:59,361 4578 DEBUG    [tempest.scenario.manager] TestNetworkAdvancedServerOps:test_server_connectivity_pause_unpause begins to ping 172.24.4.4 in 120 sec and the expected result is reachable
2016-01-08 06:38:59,647 4578 DEBUG    [tempest.scenario.manager] TestNetworkAdvancedServerOps:test_server_connectivity_pause_unpause finishes ping 172.24.4.4 in 120 sec and the ping result is unexpected
2016-01-08 06:38:59,649 4578 ERROR    [tempest.scenario.manager] Public network connectivity check failed
2016-01-08 06:38:59.649 4578 ERROR tempest.scenario.manager Traceback (most recent call last):
2016-01-08 06:38:59.649 4578 ERROR tempest.scenario.manager   File "tempest/scenario/manager.py", line 606, in check_public_network_connectivity
2016-01-08 06:38:59.649 4578 ERROR tempest.scenario.manager     should_connect=should_connect)
2016-01-08 06:38:59.649 4578 ERROR tempest.scenario.manager   File "tempest/scenario/manager.py", line 590, in check_vm_connectivity
2016-01-08 06:38:59.649 4578 ERROR tempest.scenario.manager     msg=msg)
2016-01-08 06:38:59.649 4578 ERROR tempest.scenario.manager   File "/usr/local/lib/python2.7/dist-packages/unittest2/case.py", line 702, in assertTrue
2016-01-08 06:38:59.649 4578 ERROR tempest.scenario.manager     raise self.failureException(msg)
2016-01-08 06:38:59.649 4578 ERROR tempest.scenario.manager AssertionError: False is not true : Timed out waiting for 172.24.4.4 to become reachable
2016-01-08 06:38:59.649 4578 ERROR tempest.scenario.manager 
2016-01-08 06:38:59,898 4578 INFO     [tempest_lib.common.rest_client] Request (TestNetworkAdvancedServerOps:test_server_connectivity_pause_unpause): 200 POST http://10.0.2.15:8774/v2.1/c4d1b22a0faf4550b1c85040435301fa/servers/73623535-ebce-4300-b1e7-2a0591dbaa9c/action 0.244s
2016-01-08 06:38:59,899 4578 DEBUG    [tempest_lib.common.rest_client] Request - Headers: {'Content-Type': 'application/json', 'Accept': 'application/json', 'X-Auth-Token': '&lt;omitted&gt;'}
        Body: {"os-getConsoleOutput": {}}
    Response - Headers: {'status': '200', 'content-length': '17428', 'x-compute-request-id': 'req-dfd461c3-1035-47fc-a333-24ec8e63a7c1', 'vary': 'X-OpenStack-Nova-API-Version', 'connection': 'close', 'x-openstack-nova-api-version': '2.1', 'date': 'Fri, 08 Jan 2016 06:38:59 GMT', 'content-type': 'application/json'}
        Body: {"output": "[    0.000000] Initializing cgroup subsys cpuset\n[    0.000000] Initializing cgroup subsys cpu\n[    0.000000] Linux version 3.2.0-80-virtual (buildd@batsu) (gcc version 4.6.3 (Ubuntu/Linaro 4.6.3-1ubuntu5) ) #116-Ubuntu SMP Mon Mar 23 17:28:52 UTC 2015 (Ubuntu 3.2.0-80.116-virtual 3.2.68)\n[    0.000000] Command line: root=/dev/vda console=tty0 console=ttyS0 no_timer_check\n[    0.000000] KERNEL supported cpus:\n[    0.000000]   Intel GenuineIntel\n[    0.000000]   AMD AuthenticAMD\n[    0.000000]   Centaur CentaurHauls\n[    0.000000] BIOS-provided physical RAM map:\n[    0.000000]  BIOS-e820: 0000000000000000 - 000000000009fc00 (usable)\n[    0.000000]  BIOS-e820: 000000000009fc00 - 00000000000a0000 (reserved)\n[    0.000000]  BIOS-e820: 00000000000f0000 - 0000000000100000 (reserved)\n[    0.000000]  BIOS-e820: 0000000000100000 - 0000000003ffe000 (usable)\n[    0.000000]  BIOS-e820: 0000000003ffe000 - 0000000004000000 (reserved)\n[    0.000000]  BIOS-e820: 00000000fffc0000 - 0000000100000000 (reserved)\n[    0.000000] NX (Execute Disable) protection: active\n[    0.000000] SMBIOS 2.4 present.\n[    0.000000] No AGP bridge found\n[    0.000000] last_pfn = 0x3ffe max_arch_pfn = 0x400000000\n[    0.000000] x86 PAT enabled: cpu 0, old 0x7040600070406, new 0x7010600070106\n[    0.000000] found SMP MP-table at [ffff8800000f0b00] f0b00\n[    0.000000] init_memory_mapping: 0000000000000000-0000000003ffe000\n[    0.000000] RAMDISK: 03c5e000 - 03ff0000\n[    0.000000] ACPI: RSDP 00000000000f0950 00014 (v00 BOCHS )\n[    0.000000] ACPI: RSDT 0000000003fffbc1 00034 (v01 BOCHS  BXPCRSDT 00000001 BXPC 00000001)\n[    0.000000] ACPI: FACP 0000000003fff1c0 00074 (v01 BOCHS  BXPCFACP 00000001 BXPC 00000001)\n[    0.000000] ACPI: DSDT 0000000003ffe040 01180 (v01 BOCHS  BXPCDSDT 00000001 BXPC 00000001)\n[    0.000000] ACPI: FACS 0000000003ffe000 00040\n[    0.000000] ACPI: SSDT 0000000003fff234 008DD (v01 BOCHS  BXPCSSDT 00000001 BXPC 00000001)\n[    0.000000] ACPI: APIC 0000000003fffb11 00078 (v01 BOCHS  BXPCAPIC 00000001 BXPC 00000001)\n[    0.000000] ACPI: HPET 0000000003fffb89 00038 (v01 BOCHS  BXPCHPET 00000001 BXPC 00000001)\n[    0.000000] No NUMA configuration found\n[    0.000000] Faking a node at 0000000000000000-0000000003ffe000\n[    0.000000] Initmem setup node 0 0000000000000000-0000000003ffe000\n[    0.000000]   NODE_DATA [0000000003ff6000 - 0000000003ffafff]\n[    0.000000] Zone PFN ranges:\n[    0.000000]   DMA      0x00000010 -&gt; 0x00001000\n[    0.000000]   DMA32    0x00001000 -&gt; 0x00100000\n[    0.000000]   Normal   empty\n[    0.000000] Movable zone start PFN for each node\n[    0.000000] early_node_map[2] active PFN ranges\n[    0.000000]     0: 0x00000010 -&gt; 0x0000009f\n[    0.000000]     0: 0x00000100 -&gt; 0x00003ffe\n[    0.000000] ACPI: PM-Timer IO Port: 0xb008\n[    0.000000] ACPI: LAPIC (acpi_id[0x00] lapic_id[0x00] enabled)\n[    0.000000] ACPI: LAPIC_NMI (acpi_id[0xff] dfl dfl lint[0x1])\n[    0.000000] ACPI: IOAPIC (id[0x00] address[0xfec00000] gsi_base[0])\n[    0.000000] IOAPIC[0]: apic_id 0, version 17, address 0xfec00000, GSI 0-23\n[    0.000000] ACPI: INT_SRC_OVR (bus 0 bus_irq 0 global_irq 2 dfl dfl)\n[    0.000000] ACPI: INT_SRC_OVR (bus 0 bus_irq 5 global_irq 5 high level)\n[    0.000000] ACPI: INT_SRC_OVR (bus 0 bus_irq 9 global_irq 9 high level)\n[    0.000000] ACPI: INT_SRC_OVR (bus 0 bus_irq 10 global_irq 10 high level)\n[    0.000000] ACPI: INT_SRC_OVR (bus 0 bus_irq 11 global_irq 11 high level)\n[    0.000000] Using ACPI (MADT) for SMP configuration information\n[    0.000000] ACPI: HPET id: 0x8086a201 base: 0xfed00000\n[    0.000000] SMP: Allowing 1 CPUs, 0 hotplug CPUs\n[    0.000000] PM: Registered nosave memory: 000000000009f000 - 00000000000a0000\n[    0.000000] PM: Registered nosave memory: 00000000000a0000 - 00000000000f0000\n[    0.000000] PM: Registered nosave memory: 00000000000f0000 - 0000000000100000\n[    0.000000] Allocating PCI resources starting at 4000000 (gap: 4000000:fbfc0000)\n[    0.000000] Booting paravirtualized kernel on bare hardware\n[    0.000000] setup_pe
2016-01-08 06:38:59,904 4578 DEBUG    [tempest.scenario.manager] Console output for 73623535-ebce-4300-b1e7-2a0591dbaa9c
body=
[    0.000000] Initializing cgroup subsys cpuset
[    0.000000] Initializing cgroup subsys cpu
[    0.000000] Linux version 3.2.0-80-virtual (buildd@batsu) (gcc version 4.6.3 (Ubuntu/Linaro 4.6.3-1ubuntu5) ) #116-Ubuntu SMP Mon Mar 23 17:28:52 UTC 2015 (Ubuntu 3.2.0-80.116-virtual 3.2.68)
[    0.000000] Command line: root=/dev/vda console=tty0 console=ttyS0 no_timer_check
[    0.000000] KERNEL supported cpus:
[    0.000000]   Intel GenuineIntel
[    0.000000]   AMD AuthenticAMD
[    0.000000]   Centaur CentaurHauls
[    0.000000] BIOS-provided physical RAM map:
[    0.000000]  BIOS-e820: 0000000000000000 - 000000000009fc00 (usable)
[    0.000000]  BIOS-e820: 000000000009fc00 - 00000000000a0000 (reserved)
[    0.000000]  BIOS-e820: 00000000000f0000 - 0000000000100000 (reserved)
[    0.000000]  BIOS-e820: 0000000000100000 - 0000000003ffe000 (usable)
[    0.000000]  BIOS-e820: 0000000003ffe000 - 0000000004000000 (reserved)
[    0.000000]  BIOS-e820: 00000000fffc0000 - 0000000100000000 (reserved)
[    0.000000] NX (Execute Disable) protection: active
[    0.000000] SMBIOS 2.4 present.
[    0.000000] No AGP bridge found
[    0.000000] last_pfn = 0x3ffe max_arch_pfn = 0x400000000
[    0.000000] x86 PAT enabled: cpu 0, old 0x7040600070406, new 0x7010600070106
[    0.000000] found SMP MP-table at [ffff8800000f0b00] f0b00
[    0.000000] init_memory_mapping: 0000000000000000-0000000003ffe000
[    0.000000] RAMDISK: 03c5e000 - 03ff0000
[    0.000000] ACPI: RSDP 00000000000f0950 00014 (v00 BOCHS )
[    0.000000] ACPI: RSDT 0000000003fffbc1 00034 (v01 BOCHS  BXPCRSDT 00000001 BXPC 00000001)
[    0.000000] ACPI: FACP 0000000003fff1c0 00074 (v01 BOCHS  BXPCFACP 00000001 BXPC 00000001)
[    0.000000] ACPI: DSDT 0000000003ffe040 01180 (v01 BOCHS  BXPCDSDT 00000001 BXPC 00000001)
[    0.000000] ACPI: FACS 0000000003ffe000 00040
[    0.000000] ACPI: SSDT 0000000003fff234 008DD (v01 BOCHS  BXPCSSDT 00000001 BXPC 00000001)
[    0.000000] ACPI: APIC 0000000003fffb11 00078 (v01 BOCHS  BXPCAPIC 00000001 BXPC 00000001)
[    0.000000] ACPI: HPET 0000000003fffb89 00038 (v01 BOCHS  BXPCHPET 00000001 BXPC 00000001)
[    0.000000] No NUMA configuration found
[    0.000000] Faking a node at 0000000000000000-0000000003ffe000
[    0.000000] Initmem setup node 0 0000000000000000-0000000003ffe000
[    0.000000]   NODE_DATA [0000000003ff6000 - 0000000003ffafff]
[    0.000000] Zone PFN ranges:
[    0.000000]   DMA      0x00000010 -&gt; 0x00001000
[    0.000000]   DMA32    0x00001000 -&gt; 0x00100000
[    0.000000]   Normal   empty
[    0.000000] Movable zone start PFN for each node
[    0.000000] early_node_map[2] active PFN ranges
[    0.000000]     0: 0x00000010 -&gt; 0x0000009f
[    0.000000]     0: 0x00000100 -&gt; 0x00003ffe
[    0.000000] ACPI: PM-Timer IO Port: 0xb008
[    0.000000] ACPI: LAPIC (acpi_id[0x00] lapic_id[0x00] enabled)
[    0.000000] ACPI: LAPIC_NMI (acpi_id[0xff] dfl dfl lint[0x1])
[    0.000000] ACPI: IOAPIC (id[0x00] address[0xfec00000] gsi_base[0])
[    0.000000] IOAPIC[0]: apic_id 0, version 17, address 0xfec00000, GSI 0-23
[    0.000000] ACPI: INT_SRC_OVR (bus 0 bus_irq 0 global_irq 2 dfl dfl)
[    0.000000] ACPI: INT_SRC_OVR (bus 0 bus_irq 5 global_irq 5 high level)
[    0.000000] ACPI: INT_SRC_OVR (bus 0 bus_irq 9 global_irq 9 high level)
[    0.000000] ACPI: INT_SRC_OVR (bus 0 bus_irq 10 global_irq 10 high level)
[    0.000000] ACPI: INT_SRC_OVR (bus 0 bus_irq 11 global_irq 11 high level)
[    0.000000] Using ACPI (MADT) for SMP configuration information
[    0.000000] ACPI: HPET id: 0x8086a201 base: 0xfed00000
[    0.000000] SMP: Allowing 1 CPUs, 0 hotplug CPUs
[    0.000000] PM: Registered nosave memory: 000000000009f000 - 00000000000a0000
[    0.000000] PM: Registered nosave memory: 00000000000a0000 - 00000000000f0000
[    0.000000] PM: Registered nosave memory: 00000000000f0000 - 0000000000100000
[    0.000000] Allocating PCI resources starting at 4000000 (gap: 4000000:fbfc0000)
[    0.000000] Booting paravirtualized kernel on bare hardware
[    0.000000] setup_percpu: NR_CPUS:64 nr_cpumask_bits:64 nr_cpu_ids:1 nr_node_ids:1
[    0.000000] PERCPU: Embedded 27 pages/cpu @ffff880003a00000 s78848 r8192 d23552 u2097152
[    0.000000] Built 1 zonelists in Node order, mobility grouping on.  Total pages: 16008
[    0.000000] Policy zone: DMA32
[    0.000000] Kernel command line: root=/dev/vda console=tty0 console=ttyS0 no_timer_check
[    0.000000] PID hash table entries: 256 (order: -1, 2048 bytes)
[    0.000000] Checking aperture...
[    0.000000] No AGP bridge found
[    0.000000] Memory: 43492k/65528k available (6576k kernel code, 452k absent, 21584k reserved, 6620k data, 928k init)
[    0.000000] SLUB: Genslabs=15, HWalign=64, Order=0-3, MinObjects=0, CPUs=1, Nodes=1
[    0.000000] Hierarchical RCU implementation.
[    0.000000] 	RCU dyntick-idle grace-period acceleration is enabled.
[    0.000000] NR_IRQS:4352 nr_irqs:256 16
[    0.000000] Console: colour VGA+ 80x25
[    0.000000] console [tty0] enabled
[    0.000000] console [ttyS0] enabled
[    0.000000] allocated 1048576 bytes of page_cgroup
[    0.000000] please try 'cgroup_disable=memory' option if you don't want memory cgroups
[    0.000000] Fast TSC calibration failed
[    0.000000] TSC: Unable to calibrate against PIT
[    0.000000] TSC: using HPET reference calibration
[    0.000000] Detected 2294.523 MHz processor.
[    0.036914] Calibrating delay loop (skipped), value calculated using timer frequency.. 4589.04 BogoMIPS (lpj=9178092)
[    0.040775] pid_max: default: 32768 minimum: 301
[    0.049594] Security Framework initialized
[    0.055468] AppArmor: AppArmor initialized
[    0.056172] Yama: becoming mindful.
[    0.066063] Dentry cache hash table entries: 8192 (order: 4, 65536 bytes)
[    0.067740] Inode-cache hash table entries: 4096 (order: 3, 32768 bytes)
[    0.068748] Mount-cache hash table entries: 256
[    0.085850] Initializing cgroup subsys cpuacct
[    0.086818] Initializing cgroup subsys memory
[    0.088727] Initializing cgroup subsys devices
[    0.089338] Initializing cgroup subsys freezer
[    0.090258] Initializing cgroup subsys blkio
[    0.091118] Initializing cgroup subsys perf_event
[    0.094683] mce: CPU supports 10 MCE banks
[    0.101051] SMP alternatives: switching to UP code
[    0.521629] Freeing SMP alternatives: 24k freed
[    0.525032] ACPI: Core revision 20110623
[    0.572159] ftrace: allocating 26610 entries in 105 pages
[    0.607689] ..TIMER: vector=0x30 apic1=0 pin1=2 apic2=-1 pin2=-1
[    0.608156] CPU0: AMD QEMU Virtual CPU version 2.0.0 stepping 03
[    0.612037] Performance Events: Broken PMU hardware detected, using software events only.
[    0.621469] NMI watchdog disabled (cpu0): hardware events not enabled
[    0.625609] Brought up 1 CPUs
[    0.626414] Total of 1 processors activated (4589.04 BogoMIPS).
[    0.659306] devtmpfs: initialized
[    0.689524] EVM: security.selinux
[    0.689966] EVM: security.SMACK64
[    0.690374] EVM: security.capability
[    0.714589] print_constraints: dummy: 
[    0.717182] RTC time:  6:36:59, date: 01/08/16
[    0.719135] NET: Registered protocol family 16
[    0.728584] ACPI: bus type pci registered
[    0.732462] PCI: Using configuration type 1 for base access
[    0.762411] bio: create slab &lt;bio-0&gt; at 0
[    0.767049] ACPI: Added _OSI(Module Device)
[    0.768145] ACPI: Added _OSI(Processor Device)
[    0.768713] ACPI: Added _OSI(3.0 _SCP Extensions)
[    0.769291] ACPI: Added _OSI(Processor Aggregator Device)
[    0.849323] ACPI: Interpreter enabled
[    0.850243] ACPI: (supports S0 S3 S4 S5)
[    0.853338] ACPI: Using IOAPIC for interrupt routing
[    0.949698] ACPI: No dock devices found.
[    0.950379] HEST: Table not found.
[    0.950902] PCI: Using host bridge windows from ACPI; if necessary, use "pci=nocrs" and report a bug
[    0.957975] ACPI: PCI Root Bridge [PCI0] (domain 0000 [bus 00-ff])
[    0.964719] pci_root PNP0A03:00: host bridge window [io  0x0000-0x0cf7]
[    0.965620] pci_root PNP0A03:00: host bridge window [io  0x0d00-0xadff]
[    0.966542] pci_root PNP0A03:00: host bridge window [io  0xae0f-0xaeff]
[    0.967319] pci_root PNP0A03:00: host bridge window [io  0xaf20-0xafdf]
[    0.968110] pci_root PNP0A03:00: host bridge window [io  0xafe4-0xffff]
[    0.968994] pci_root PNP0A03:00: host bridge window [mem 0x000a0000-0x000bffff]
[    0.969916] pci_root PNP0A03:00: host bridge window [mem 0x04000000-0xfebfffff]
[    0.991096] pci 0000:00:01.3: quirk: [io  0xb000-0xb03f] claimed by PIIX4 ACPI
[    0.992243] pci 0000:00:01.3: quirk: [io  0xb100-0xb10f] claimed by PIIX4 SMB
[    1.061470]  pci0000:00: Unable to request _OSC control (_OSC support mask: 0x1e)
[    1.121741] ACPI: PCI Interrupt Link [LNKA] (IRQs 5 *10 11)
[    1.124281] ACPI: PCI Interrupt Link [LNKB] (IRQs 5 *10 11)
[    1.126531] ACPI: PCI Interrupt Link [LNKC] (IRQs 5 10 *11)
[    1.129290] ACPI: PCI Interrupt Link [LNKD] (IRQs 5 10 *11)
[    1.130481] ACPI: PCI Interrupt Link [LNKS] (IRQs *9)
[    1.137008] vgaarb: device added: PCI:0000:00:02.0,decodes=io+mem,owns=io+mem,locks=none
[    1.139021] vgaarb: loaded
[    1.140135] vgaarb: bridge control possible 0000:00:02.0
[    1.143252] i2c-core: driver [aat2870] using legacy suspend method
[    1.144140] i2c-core: driver [aat2870] using legacy resume method
[    1.148689] SCSI subsystem initialized
[    1.152203] usbcore: registered new interface driver usbfs
[    1.153268] usbcore: registered new interface driver hub
[    1.154368] usbcore: registered new device driver usb
[    1.158235] PCI: Using ACPI for IRQ routing
[    1.171197] NetLabel: Initializing
[    1.172223] NetLabel:  domain hash size = 128
[    1.172861] NetLabel:  protocols = UNLABELED CIPSOv4
[    1.176833] NetLabel:  unlabeled traffic allowed by default
[    1.180706] HPET: 3 timers in total, 0 timers will be used for per-cpu timer
[    1.181817] hpet0: at MMIO 0xfed00000, IRQs 2, 8, 0
[    1.182679] hpet0: 3 comparators, 64-bit 100.000000 MHz counter
[    1.196701] Switching to clocksource hpet
[    1.428942] AppArmor: AppArmor Filesystem Enabled
[    1.430165] pnp: PnP ACPI init
[    1.430837] ACPI: bus type pnp registered
[    1.449680] pnp: PnP ACPI: found 9 devices
[    1.450267] ACPI: ACPI bus type pnp unregistered
[    1.505796] NET: Registered protocol family 2
[    1.537903] IP route cache hash table entries: 512 (order: 0, 4096 bytes)
[    1.545589] TCP established hash table entries: 2048 (order: 3, 32768 bytes)
[    1.547031] TCP bind hash table entries: 2048 (order: 3, 32768 bytes)
[    1.548036] TCP: Hash tables configured (established 2048 bind 2048)
[    1.549402] TCP reno registered
[    1.549959] UDP hash table entries: 128 (order: 0, 4096 bytes)
[    1.550853] UDP-Lite hash table entries: 128 (order: 0, 4096 bytes)
[    1.553161] NET: Registered protocol family 1
[    1.553940] pci 0000:00:00.0: Limiting direct PCI/PCI transfers
[    1.554825] pci 0000:00:01.0: PIIX3: Enabling Passive Release
[    1.555723] pci 0000:00:01.0: Activating ISA DMA hang workarounds
[    1.561169] ACPI: PCI Interrupt Link [LNKD] enabled at IRQ 11
[    1.562075] pci 0000:00:01.2: PCI INT D -&gt; Link[LNKD] -&gt; GSI 11 (level, high) -&gt; IRQ 11
[    1.564089] pci 0000:00:01.2: PCI INT D disabled
[    1.583573] Trying to unpack rootfs image as initramfs...
[    1.600004] audit: initializing netlink socket (disabled)
[    1.602007] type=2000 audit(1452235019.600:1): initialized
[    1.859083] HugeTLB registered 2 MB page size, pre-allocated 0 pages
[    1.951522] VFS: Disk quotas dquot_6.5.2
[    1.954036] Dquot-cache hash table entries: 512 (order 0, 4096 bytes)
[    1.978778] fuse init (API version 7.17)
[    1.982088] msgmni has been set to 84
[    2.015760] Block layer SCSI generic (bsg) driver version 0.4 loaded (major 253)
[    2.025550] io scheduler noop registered
[    2.026157] io scheduler deadline registered (default)
[    2.027330] io scheduler cfq registered
[    2.032193] pci_hotplug: PCI Hot Plug PCI Core version: 0.5
[    2.037709] pciehp: PCI Express Hot Plug Controller Driver version: 0.4
[    2.042829] input: Power Button as /devices/LNXSYSTM:00/LNXPWRBN:00/input/input0
[    2.045043] ACPI: Power Button [PWRF]
[    2.093528] ERST: Table is not found!
[    2.094133] GHES: HEST is not enabled!
[    2.103253] ACPI: PCI Interrupt Link [LNKC] enabled at IRQ 10
[    2.104047] virtio-pci 0000:00:03.0: PCI INT A -&gt; Link[LNKC] -&gt; GSI 10 (level, high) -&gt; IRQ 10
[    2.108031] virtio-pci 0000:00:04.0: PCI INT A -&gt; Link[LNKD] -&gt; GSI 11 (level, high) -&gt; IRQ 11
[    2.127923] ACPI: PCI Interrupt Link [LNKA] enabled at IRQ 10
[    2.128504] virtio-pci 0000:00:05.0: PCI INT A -&gt; Link[LNKA] -&gt; GSI 10 (level, high) -&gt; IRQ 10
[    2.142214] Serial: 8250/16550 driver, 32 ports, IRQ sharing enabled
[    2.179268] serial8250: ttyS0 at I/O 0x3f8 (irq = 4) is a 16550A
[    2.252697] serial8250: ttyS1 at I/O 0x2f8 (irq = 3) is a 16550A
[    2.370632] 00:05: ttyS0 at I/O 0x3f8 (irq = 4) is a 16550A
[    2.446926] 00:06: ttyS1 at I/O 0x2f8 (irq = 3) is a 16550A
[    2.489165] Linux agpgart interface v0.103
[    2.551587] brd: module loaded
[    2.569773] Refined TSC clocksource calibration: 2294.492 MHz.
[    2.570605] Switching to clocksource tsc
[    2.581169] loop: module loaded
[    2.630178]  vda: unknown partition table
[    2.682251] scsi0 : ata_piix
[    2.685631] scsi1 : ata_piix
[    2.686537] ata1: PATA max MWDMA2 cmd 0x1f0 ctl 0x3f6 bmdma 0xc0a0 irq 14
[    2.687310] ata2: PATA max MWDMA2 cmd 0x170 ctl 0x376 bmdma 0xc0a8 irq 15
[    2.698060] Fixed MDIO Bus: probed
[    2.699000] tun: Universal TUN/TAP device driver, 1.6
[    2.699666] tun: (C) 1999-2004 Max Krasnyansky &lt;maxk@qualcomm.com&gt;
[    2.712449] PPP generic driver version 2.4.2
[    2.739300] ehci_hcd: USB 2.0 'Enhanced' Host Controller (EHCI) Driver
[    2.740321] ohci_hcd: USB 1.1 'Open' Host Controller (OHCI) Driver
[    2.741633] uhci_hcd: USB Universal Host Controller Interface driver
[    2.743238] uhci_hcd 0000:00:01.2: PCI INT D -&gt; Link[LNKD] -&gt; GSI 11 (level, high) -&gt; IRQ 11
[    2.746707] uhci_hcd 0000:00:01.2: UHCI Host Controller
[    2.757924] uhci_hcd 0000:00:01.2: new USB bus registered, assigned bus number 1
[    2.761901] uhci_hcd 0000:00:01.2: irq 11, io base 0x0000c040
[    2.801817] hub 1-0:1.0: USB hub found
[    2.803744] hub 1-0:1.0: 2 ports detected
[    2.811754] usbcore: registered new interface driver libusual
[    2.814527] i8042: PNP: PS/2 Controller [PNP0303:KBD,PNP0f13:MOU] at 0x60,0x64 irq 1,12
[    2.825176] serio: i8042 KBD port at 0x60,0x64 irq 1
[    2.827502] serio: i8042 AUX port at 0x60,0x64 irq 12
[    2.861225] mousedev: PS/2 mouse device common for all mice
[    2.876302] input: AT Translated Set 2 keyboard as /devices/platform/i8042/serio0/input/input1
[    2.881828] rtc_cmos 00:01: RTC can wake from S4
[    2.916028] rtc_cmos 00:01: rtc core: registered rtc_cmos as rtc0
[    2.920578] rtc0: alarms up to one day, 114 bytes nvram, hpet irqs
[    2.923754] device-mapper: uevent: version 1.0.3
[    2.937955] ata2.01: ATAPI: QEMU DVD-ROM, 2.0.0, max UDMA/100
[    2.947427] ata2.01: configured for MWDMA2
[    2.980090] device-mapper: ioctl: 4.22.0-ioctl (2011-10-19) initialised: dm-devel@redhat.com
[    2.985684] cpuidle: using governor ladder
[    2.987200] cpuidle: using governor menu
[    2.988316] EFI Variables Facility v0.08 2004-May-17
[    2.996671] TCP cubic registered
[    3.002171] NET: Registered protocol family 10
[    3.030727] NET: Registered protocol family 17
[    3.031728] Registering the dns_resolver key type
[    3.052110] scsi 1:0:1:0: CD-ROM            QEMU     QEMU DVD-ROM     2.0. PQ: 0 ANSI: 5
[    3.072822] sr0: scsi3-mmc drive: 4x/4x cd/rw xa/form2 tray
[    3.075062] cdrom: Uniform CD-ROM driver Revision: 3.20
[    3.095490] sr 1:0:1:0: Attached scsi generic sg0 type 5
[    3.136030] registered taskstats version 1
[    3.197601] Freeing initrd memory: 3656k freed
[    3.746611]   Magic number: 0:783:619
[    3.756039] rtc_cmos 00:01: setting system clock to 2016-01-08 06:37:02 UTC (1452235022)
[    3.758513] powernow-k8: Processor cpuid 663 not supported
[    3.763538] BIOS EDD facility v0.16 2004-Jun-25, 0 devices found
[    3.765421] EDD information not available.
[    3.837359] Freeing unused kernel memory: 928k freed
[    3.844513] Write protecting the kernel read-only data: 12288k
[    3.934593] Freeing unused kernel memory: 1596k freed
[    3.988475] Freeing unused kernel memory: 1184k freed

info: initramfs: up at 4.18
modprobe: module virtio_blk not found in modules.dep
modprobe: module virtio_net not found in modules.dep
info: copying initramfs to /dev/vda
info: initramfs loading root from /dev/vda
info: /etc/init.d/rc.sysinit: up at 9.13
info: container: none
Starting logging: OK
modprobe: module virtio_blk not found in modules.dep
modprobe: module virtio_net not found in modules.dep
WARN: /etc/rc3.d/S10-load-modules failed
Initializing random number generator... done.
Starting acpid: OK
cirros-ds 'local' up at 11.73
found datasource (configdrive, local)
Starting network...
udhcpc (v1.20.1) started
Sending discover...
Sending discover...

2016-01-08 06:39:00,825 4578 INFO     [tempest_lib.common.rest_client] Request (TestNetworkAdvancedServerOps:_run_cleanups): 204 DELETE http://10.0.2.15:9696/v2.0/floatingips/35495e33-f9cf-43b4-b611-d49d76960efc 0.913s
2016-01-08 06:39:00,826 4578 DEBUG    [tempest_lib.common.rest_client] Request - Headers: {'Content-Type': 'application/json', 'Accept': 'application/json', 'X-Auth-Token': '&lt;omitted&gt;'}
        Body: None
    Response - Headers: {'date': 'Fri, 08 Jan 2016 06:39:00 GMT', 'status': '204', 'connection': 'close', 'content-length': '0', 'x-openstack-request-id': 'req-b1ba08f1-7550-46c9-9b37-da82006fefcf'}
        Body: 
2016-01-08 06:39:01,160 4578 INFO     [tempest_lib.common.rest_client] Request (TestNetworkAdvancedServerOps:_run_cleanups): 204 DELETE http://10.0.2.15:8774/v2.1/c4d1b22a0faf4550b1c85040435301fa/servers/73623535-ebce-4300-b1e7-2a0591dbaa9c 0.333s
2016-01-08 06:39:01,160 4578 DEBUG    [tempest_lib.common.rest_client] Request - Headers: {'Content-Type': 'application/json', 'Accept': 'application/json', 'X-Auth-Token': '&lt;omitted&gt;'}
        Body: None
    Response - Headers: {'status': '204', 'content-length': '0', 'x-compute-request-id': 'req-53ce45bb-8d3e-4503-9229-2d7a6976cc33', 'vary': 'X-OpenStack-Nova-API-Version', 'connection': 'close', 'x-openstack-nova-api-version': '2.1', 'date': 'Fri, 08 Jan 2016 06:39:01 GMT', 'content-type': 'application/json'}
        Body: 
2016-01-08 06:39:01,381 4578 INFO     [tempest_lib.common.rest_client] Request (TestNetworkAdvancedServerOps:_run_cleanups): 200 GET http://10.0.2.15:8774/v2.1/c4d1b22a0faf4550b1c85040435301fa/servers/73623535-ebce-4300-b1e7-2a0591dbaa9c 0.220s
2016-01-08 06:39:01,382 4578 DEBUG    [tempest_lib.common.rest_client] Request - Headers: {'Content-Type': 'application/json', 'Accept': 'application/json', 'X-Auth-Token': '&lt;omitted&gt;'}
        Body: None
    Response - Headers: {'status': '200', 'content-length': '1783', 'content-location': 'http://10.0.2.15:8774/v2.1/c4d1b22a0faf4550b1c85040435301fa/servers/73623535-ebce-4300-b1e7-2a0591dbaa9c', 'x-compute-request-id': 'req-49d4f1fc-79cc-49d4-abed-eb8ddee5e731', 'vary': 'X-OpenStack-Nova-API-Version', 'connection': 'close', 'x-openstack-nova-api-version': '2.1', 'date': 'Fri, 08 Jan 2016 06:39:01 GMT', 'content-type': 'application/json'}
        Body: {"server": {"status": "ACTIVE", "updated": "2016-01-08T06:39:01Z", "hostId": "78bb95743aa4c8514f48517294c5847ab5e79d807c1c96b32ee375b0", "addresses": {"tempest-network-smoke--363248432": [{"OS-EXT-IPS-MAC:mac_addr": "fa:16:3e:89:f8:4d", "version": 4, "addr": "10.100.0.3", "OS-EXT-IPS:type": "fixed"}, {"OS-EXT-IPS-MAC:mac_addr": "fa:16:3e:89:f8:4d", "version": 4, "addr": "172.24.4.4", "OS-EXT-IPS:type": "floating"}]}, "links": [{"href": "http://10.0.2.15:8774/v2.1/c4d1b22a0faf4550b1c85040435301fa/servers/73623535-ebce-4300-b1e7-2a0591dbaa9c", "rel": "self"}, {"href": "http://10.0.2.15:8774/c4d1b22a0faf4550b1c85040435301fa/servers/73623535-ebce-4300-b1e7-2a0591dbaa9c", "rel": "bookmark"}], "key_name": "tempest-TestNetworkAdvancedServerOps-1981158067", "image": {"id": "1ad10f43-d4f3-4a0a-9891-3a7e2a0b4d0f", "links": [{"href": "http://10.0.2.15:8774/c4d1b22a0faf4550b1c85040435301fa/images/1ad10f43-d4f3-4a0a-9891-3a7e2a0b4d0f", "rel": "bookmark"}]}, "OS-EXT-STS:task_state": "deleting", "OS-EXT-STS:vm_state": "active", "OS-SRV-USG:launched_at": "2016-01-08T06:36:55.000000", "flavor": {"id": "42", "links": [{"href": "http://10.0.2.15:8774/c4d1b22a0faf4550b1c85040435301fa/flavors/42", "rel": "bookmark"}]}, "id": "73623535-ebce-4300-b1e7-2a0591dbaa9c", "security_groups": [{"name": "tempest-secgroup-smoke-566682519"}], "OS-SRV-USG:terminated_at": null, "OS-EXT-AZ:availability_zone": "nova", "user_id": "e2dd9d2d922b449394c89f2886705cab", "name": "tempest.common.compute-instance-631605162", "created": "2016-01-08T06:36:51Z", "tenant_id": "c4d1b22a0faf4550b1c85040435301fa", "OS-DCF:diskConfig": "MANUAL", "os-extended-volumes:volumes_attached": [], "accessIPv4": "", "accessIPv6": "", "progress": 0, "OS-EXT-STS:power_state": 1, "config_drive": "True", "metadata": {}}}
2016-01-08 06:39:02,533 4578 INFO     [tempest_lib.common.rest_client] Request (TestNetworkAdvancedServerOps:_run_cleanups): 200 GET http://10.0.2.15:8774/v2.1/c4d1b22a0faf4550b1c85040435301fa/servers/73623535-ebce-4300-b1e7-2a0591dbaa9c 0.140s
2016-01-08 06:39:02,533 4578 DEBUG    [tempest_lib.common.rest_client] Request - Headers: {'Content-Type': 'application/json', 'Accept': 'application/json', 'X-Auth-Token': '&lt;omitted&gt;'}
        Body: None
    Response - Headers: {'status': '200', 'content-length': '1716', 'content-location': 'http://10.0.2.15:8774/v2.1/c4d1b22a0faf4550b1c85040435301fa/servers/73623535-ebce-4300-b1e7-2a0591dbaa9c', 'x-compute-request-id': 'req-a3ee011c-5b1f-4bdc-bb41-5f4d88a8cab8', 'vary': 'X-OpenStack-Nova-API-Version', 'connection': 'close', 'x-openstack-nova-api-version': '2.1', 'date': 'Fri, 08 Jan 2016 06:39:02 GMT', 'content-type': 'application/json'}
        Body: {"server": {"status": "ACTIVE", "updated": "2016-01-08T06:39:01Z", "hostId": "78bb95743aa4c8514f48517294c5847ab5e79d807c1c96b32ee375b0", "addresses": {"tempest-network-smoke--363248432": [{"OS-EXT-IPS-MAC:mac_addr": "fa:16:3e:89:f8:4d", "version": 4, "addr": "10.100.0.3", "OS-EXT-IPS:type": "fixed"}, {"OS-EXT-IPS-MAC:mac_addr": "fa:16:3e:89:f8:4d", "version": 4, "addr": "172.24.4.4", "OS-EXT-IPS:type": "floating"}]}, "links": [{"href": "http://10.0.2.15:8774/v2.1/c4d1b22a0faf4550b1c85040435301fa/servers/73623535-ebce-4300-b1e7-2a0591dbaa9c", "rel": "self"}, {"href": "http://10.0.2.15:8774/c4d1b22a0faf4550b1c85040435301fa/servers/73623535-ebce-4300-b1e7-2a0591dbaa9c", "rel": "bookmark"}], "key_name": "tempest-TestNetworkAdvancedServerOps-1981158067", "image": {"id": "1ad10f43-d4f3-4a0a-9891-3a7e2a0b4d0f", "links": [{"href": "http://10.0.2.15:8774/c4d1b22a0faf4550b1c85040435301fa/images/1ad10f43-d4f3-4a0a-9891-3a7e2a0b4d0f", "rel": "bookmark"}]}, "OS-EXT-STS:task_state": "deleting", "OS-EXT-STS:vm_state": "active", "OS-SRV-USG:launched_at": "2016-01-08T06:36:55.000000", "flavor": {"id": "42", "links": [{"href": "http://10.0.2.15:8774/c4d1b22a0faf4550b1c85040435301fa/flavors/42", "rel": "bookmark"}]}, "id": "73623535-ebce-4300-b1e7-2a0591dbaa9c", "OS-SRV-USG:terminated_at": null, "OS-EXT-AZ:availability_zone": "nova", "user_id": "e2dd9d2d922b449394c89f2886705cab", "name": "tempest.common.compute-instance-631605162", "created": "2016-01-08T06:36:51Z", "tenant_id": "c4d1b22a0faf4550b1c85040435301fa", "OS-DCF:diskConfig": "MANUAL", "os-extended-volumes:volumes_attached": [], "accessIPv4": "", "accessIPv6": "", "progress": 0, "OS-EXT-STS:power_state": 1, "config_drive": "True", "metadata": {}}}
2016-01-08 06:39:03,630 4578 INFO     [tempest_lib.common.rest_client] Request (TestNetworkAdvancedServerOps:_run_cleanups): 404 GET http://10.0.2.15:8774/v2.1/c4d1b22a0faf4550b1c85040435301fa/servers/73623535-ebce-4300-b1e7-2a0591dbaa9c 0.086s
2016-01-08 06:39:03,631 4578 DEBUG    [tempest_lib.common.rest_client] Request - Headers: {'Content-Type': 'application/json', 'Accept': 'application/json', 'X-Auth-Token': '&lt;omitted&gt;'}
        Body: None
    Response - Headers: {'status': '404', 'content-length': '111', 'x-compute-request-id': 'req-4e05345d-edbf-489c-ab11-14784d283bbc', 'vary': 'X-OpenStack-Nova-API-Version', 'connection': 'close', 'x-openstack-nova-api-version': '2.1', 'date': 'Fri, 08 Jan 2016 06:39:03 GMT', 'content-type': 'application/json; charset=UTF-8'}
        Body: {"itemNotFound": {"message": "Instance 73623535-ebce-4300-b1e7-2a0591dbaa9c could not be found.", "code": 404}}
2016-01-08 06:39:04,046 4578 INFO     [tempest_lib.common.rest_client] Request (TestNetworkAdvancedServerOps:_run_cleanups): 200 PUT http://10.0.2.15:9696/v2.0/routers/597f2a8e-8f5e-4683-9a70-e5502a92cd30/remove_router_interface 0.413s
2016-01-08 06:39:04,046 4578 DEBUG    [tempest_lib.common.rest_client] Request - Headers: {'Content-Type': 'application/json', 'Accept': 'application/json', 'X-Auth-Token': '&lt;omitted&gt;'}
        Body: {"subnet_id": "b25f6204-6293-498c-9b5c-a9ccf1d1ec51"}
    Response - Headers: {'status': '200', 'content-length': '255', 'connection': 'close', 'date': 'Fri, 08 Jan 2016 06:39:04 GMT', 'content-type': 'application/json; charset=UTF-8', 'x-openstack-request-id': 'req-9aa201fc-a25f-40bd-be5e-30009ed07fb5'}
        Body: {"subnet_id": "b25f6204-6293-498c-9b5c-a9ccf1d1ec51", "tenant_id": "c4d1b22a0faf4550b1c85040435301fa", "subnet_ids": ["b25f6204-6293-498c-9b5c-a9ccf1d1ec51"], "port_id": "de0092ca-5b61-4a32-bd1d-4953485d75ad", "id": "597f2a8e-8f5e-4683-9a70-e5502a92cd30"}
2016-01-08 06:39:04,571 4578 INFO     [tempest_lib.common.rest_client] Request (TestNetworkAdvancedServerOps:_run_cleanups): 204 DELETE http://10.0.2.15:9696/v2.0/subnets/b25f6204-6293-498c-9b5c-a9ccf1d1ec51 0.524s
2016-01-08 06:39:04,571 4578 DEBUG    [tempest_lib.common.rest_client] Request - Headers: {'Content-Type': 'application/json', 'Accept': 'application/json', 'X-Auth-Token': '&lt;omitted&gt;'}
        Body: None
    Response - Headers: {'date': 'Fri, 08 Jan 2016 06:39:04 GMT', 'status': '204', 'connection': 'close', 'content-length': '0', 'x-openstack-request-id': 'req-d7580044-bc99-4f37-b56f-67adc0d858d1'}
        Body: 
2016-01-08 06:39:04,653 4578 INFO     [tempest_lib.common.rest_client] Request (TestNetworkAdvancedServerOps:_run_cleanups): 200 GET http://10.0.2.15:9696/v2.0/routers/597f2a8e-8f5e-4683-9a70-e5502a92cd30 0.081s
2016-01-08 06:39:04,653 4578 DEBUG    [tempest_lib.common.rest_client] Request - Headers: {'Content-Type': 'application/json', 'Accept': 'application/json', 'X-Auth-Token': '&lt;omitted&gt;'}
        Body: None
    Response - Headers: {'status': '200', 'content-length': '564', 'content-location': 'http://10.0.2.15:9696/v2.0/routers/597f2a8e-8f5e-4683-9a70-e5502a92cd30', 'connection': 'close', 'date': 'Fri, 08 Jan 2016 06:39:04 GMT', 'content-type': 'application/json; charset=UTF-8', 'x-openstack-request-id': 'req-3b374e9c-6637-47b9-8012-ee92ef0af4f3'}
        Body: {"router": {"status": "ACTIVE", "external_gateway_info": {"network_id": "35537b47-22b5-4a60-bd38-9e5965feead6", "enable_snat": true, "external_fixed_ips": [{"subnet_id": "a511a63a-fb8c-4de5-8b3e-1ad1edd14194", "ip_address": "172.24.4.3"}, {"subnet_id": "ae889d3a-4a0f-4e18-949e-33c542b79994", "ip_address": "2001:db8::4"}]}, "availability_zone_hints": [], "availability_zones": ["nova"], "name": "tempest-router-smoke-2106812752", "admin_state_up": true, "tenant_id": "c4d1b22a0faf4550b1c85040435301fa", "routes": [], "id": "597f2a8e-8f5e-4683-9a70-e5502a92cd30"}}
2016-01-08 06:39:05,207 4578 INFO     [tempest_lib.common.rest_client] Request (TestNetworkAdvancedServerOps:_run_cleanups): 200 PUT http://10.0.2.15:9696/v2.0/routers/597f2a8e-8f5e-4683-9a70-e5502a92cd30 0.553s
2016-01-08 06:39:05,208 4578 DEBUG    [tempest_lib.common.rest_client] Request - Headers: {'Content-Type': 'application/json', 'Accept': 'application/json', 'X-Auth-Token': '&lt;omitted&gt;'}
        Body: {"router": {"external_gateway_info": {}, "name": "tempest-router-smoke-2106812752", "admin_state_up": true}}
    Response - Headers: {'status': '200', 'content-length': '302', 'connection': 'close', 'date': 'Fri, 08 Jan 2016 06:39:05 GMT', 'content-type': 'application/json; charset=UTF-8', 'x-openstack-request-id': 'req-6797d3d6-67c4-4094-b52b-733fac384f79'}
        Body: {"router": {"status": "ACTIVE", "external_gateway_info": null, "availability_zone_hints": [], "availability_zones": ["nova"], "name": "tempest-router-smoke-2106812752", "admin_state_up": true, "tenant_id": "c4d1b22a0faf4550b1c85040435301fa", "routes": [], "id": "597f2a8e-8f5e-4683-9a70-e5502a92cd30"}}
2016-01-08 06:39:05,460 4578 INFO     [tempest_lib.common.rest_client] Request (TestNetworkAdvancedServerOps:_run_cleanups): 204 DELETE http://10.0.2.15:9696/v2.0/routers/597f2a8e-8f5e-4683-9a70-e5502a92cd30 0.251s
2016-01-08 06:39:05,461 4578 DEBUG    [tempest_lib.common.rest_client] Request - Headers: {'Content-Type': 'application/json', 'Accept': 'application/json', 'X-Auth-Token': '&lt;omitted&gt;'}
        Body: None
    Response - Headers: {'date': 'Fri, 08 Jan 2016 06:39:05 GMT', 'status': '204', 'connection': 'close', 'content-length': '0', 'x-openstack-request-id': 'req-0d5c4b75-ae37-40cb-953c-933f7fc974bb'}
        Body: 
2016-01-08 06:39:05,696 4578 INFO     [tempest_lib.common.rest_client] Request (TestNetworkAdvancedServerOps:_run_cleanups): 204 DELETE http://10.0.2.15:9696/v2.0/networks/aee3ae89-50c6-43e1-84a3-7544c03539d7 0.234s
2016-01-08 06:39:05,696 4578 DEBUG    [tempest_lib.common.rest_client] Request - Headers: {'Content-Type': 'application/json', 'Accept': 'application/json', 'X-Auth-Token': '&lt;omitted&gt;'}
        Body: None
    Response - Headers: {'date': 'Fri, 08 Jan 2016 06:39:05 GMT', 'status': '204', 'connection': 'close', 'content-length': '0', 'x-openstack-request-id': 'req-606a953c-ab96-4b3b-9635-74cc335a2afe'}
        Body: 
2016-01-08 06:39:05,747 4578 INFO     [tempest_lib.common.rest_client] Request (TestNetworkAdvancedServerOps:_run_cleanups): 204 DELETE http://10.0.2.15:9696/v2.0/security-group-rules/96f6a4bc-457f-4d7c-8690-52d1f576ba7d 0.050s
2016-01-08 06:39:05,747 4578 DEBUG    [tempest_lib.common.rest_client] Request - Headers: {'Content-Type': 'application/json', 'Accept': 'application/json', 'X-Auth-Token': '&lt;omitted&gt;'}
        Body: None
    Response - Headers: {'date': 'Fri, 08 Jan 2016 06:39:05 GMT', 'status': '204', 'connection': 'close', 'content-length': '0', 'x-openstack-request-id': 'req-9190330a-1b00-44aa-88e7-5c158a2d804b'}
        Body: 
2016-01-08 06:39:05,806 4578 INFO     [tempest_lib.common.rest_client] Request (TestNetworkAdvancedServerOps:_run_cleanups): 204 DELETE http://10.0.2.15:9696/v2.0/security-group-rules/2aff3c7e-7323-4072-bf92-3b4709e561b5 0.058s
2016-01-08 06:39:05,806 4578 DEBUG    [tempest_lib.common.rest_client] Request - Headers: {'Content-Type': 'application/json', 'Accept': 'application/json', 'X-Auth-Token': '&lt;omitted&gt;'}
        Body: None
    Response - Headers: {'date': 'Fri, 08 Jan 2016 06:39:05 GMT', 'status': '204', 'connection': 'close', 'content-length': '0', 'x-openstack-request-id': 'req-3c6f6212-e335-480d-8865-041d53901931'}
        Body: 
2016-01-08 06:39:05,866 4578 INFO     [tempest_lib.common.rest_client] Request (TestNetworkAdvancedServerOps:_run_cleanups): 204 DELETE http://10.0.2.15:9696/v2.0/security-group-rules/29f1156d-d0d7-437d-a0fc-efe8f26afa56 0.058s
2016-01-08 06:39:05,867 4578 DEBUG    [tempest_lib.common.rest_client] Request - Headers: {'Content-Type': 'application/json', 'Accept': 'application/json', 'X-Auth-Token': '&lt;omitted&gt;'}
        Body: None
    Response - Headers: {'date': 'Fri, 08 Jan 2016 06:39:05 GMT', 'status': '204', 'connection': 'close', 'content-length': '0', 'x-openstack-request-id': 'req-71995f21-fe5b-4367-a29a-029f00a34d7d'}
        Body: 
2016-01-08 06:39:05,923 4578 INFO     [tempest_lib.common.rest_client] Request (TestNetworkAdvancedServerOps:_run_cleanups): 204 DELETE http://10.0.2.15:9696/v2.0/security-group-rules/684faed2-e75e-4590-8963-0bcc54859e93 0.055s
2016-01-08 06:39:05,923 4578 DEBUG    [tempest_lib.common.rest_client] Request - Headers: {'Content-Type': 'application/json', 'Accept': 'application/json', 'X-Auth-Token': '&lt;omitted&gt;'}
        Body: None
    Response - Headers: {'date': 'Fri, 08 Jan 2016 06:39:05 GMT', 'status': '204', 'connection': 'close', 'content-length': '0', 'x-openstack-request-id': 'req-96bd6e62-600d-4e13-a4eb-c9895ab9f792'}
        Body: 
2016-01-08 06:39:05,985 4578 INFO     [tempest_lib.common.rest_client] Request (TestNetworkAdvancedServerOps:_run_cleanups): 204 DELETE http://10.0.2.15:9696/v2.0/security-group-rules/8f6dfc00-00bb-4d56-87b5-062c87e7fbac 0.061s
2016-01-08 06:39:05,985 4578 DEBUG    [tempest_lib.common.rest_client] Request - Headers: {'Content-Type': 'application/json', 'Accept': 'application/json', 'X-Auth-Token': '&lt;omitted&gt;'}
        Body: None
    Response - Headers: {'date': 'Fri, 08 Jan 2016 06:39:05 GMT', 'status': '204', 'connection': 'close', 'content-length': '0', 'x-openstack-request-id': 'req-c0e48ef7-52df-418e-b336-74791553261e'}
        Body: 
2016-01-08 06:39:06,044 4578 INFO     [tempest_lib.common.rest_client] Request (TestNetworkAdvancedServerOps:_run_cleanups): 204 DELETE http://10.0.2.15:9696/v2.0/security-group-rules/d5d7f61e-358e-4d67-8704-724f0e2aeb57 0.057s
2016-01-08 06:39:06,044 4578 DEBUG    [tempest_lib.common.rest_client] Request - Headers: {'Content-Type': 'application/json', 'Accept': 'application/json', 'X-Auth-Token': '&lt;omitted&gt;'}
        Body: None
    Response - Headers: {'date': 'Fri, 08 Jan 2016 06:39:06 GMT', 'status': '204', 'connection': 'close', 'content-length': '0', 'x-openstack-request-id': 'req-f1158aa8-4e46-48ac-8cd5-63bd10403c67'}
        Body: 
2016-01-08 06:39:06,132 4578 INFO     [tempest_lib.common.rest_client] Request (TestNetworkAdvancedServerOps:_run_cleanups): 204 DELETE http://10.0.2.15:9696/v2.0/security-groups/bfc5606e-ff08-4f3e-adc8-0d075ba3f358 0.087s
2016-01-08 06:39:06,132 4578 DEBUG    [tempest_lib.common.rest_client] Request - Headers: {'Content-Type': 'application/json', 'Accept': 'application/json', 'X-Auth-Token': '&lt;omitted&gt;'}
        Body: None
    Response - Headers: {'date': 'Fri, 08 Jan 2016 06:39:06 GMT', 'status': '204', 'connection': 'close', 'content-length': '0', 'x-openstack-request-id': 'req-bb952278-9794-4cac-9984-a8319cfeab27'}
        Body: 
2016-01-08 06:39:06,151 4578 INFO     [tempest_lib.common.rest_client] Request (TestNetworkAdvancedServerOps:_run_cleanups): 202 DELETE http://10.0.2.15:8774/v2.1/c4d1b22a0faf4550b1c85040435301fa/os-keypairs/tempest-TestNetworkAdvancedServerOps-1981158067 0.018s
2016-01-08 06:39:06,152 4578 DEBUG    [tempest_lib.common.rest_client] Request - Headers: {'Content-Type': 'application/json', 'Accept': 'application/json', 'X-Auth-Token': '&lt;omitted&gt;'}
        Body: None
    Response - Headers: {'status': '202', 'content-length': '0', 'x-compute-request-id': 'req-4cfeebc2-d705-4185-8e54-32198bebb349', 'vary': 'X-OpenStack-Nova-API-Version', 'connection': 'close', 'x-openstack-nova-api-version': '2.1', 'date': 'Fri, 08 Jan 2016 06:39:06 GMT', 'content-type': 'application/json'}
        Body: 
2016-01-08 06:39:06,228 4578 INFO     [tempest_lib.common.rest_client] Request (TestNetworkAdvancedServerOps:_run_cleanups): 404 GET http://10.0.2.15:8774/v2.1/c4d1b22a0faf4550b1c85040435301fa/servers/73623535-ebce-4300-b1e7-2a0591dbaa9c 0.076s
2016-01-08 06:39:06,229 4578 DEBUG    [tempest_lib.common.rest_client] Request - Headers: {'Content-Type': 'application/json', 'Accept': 'application/json', 'X-Auth-Token': '&lt;omitted&gt;'}
        Body: None
    Response - Headers: {'status': '404', 'content-length': '111', 'x-compute-request-id': 'req-4dc27089-b168-406e-8d37-ffbd84e87647', 'vary': 'X-OpenStack-Nova-API-Version', 'connection': 'close', 'x-openstack-nova-api-version': '2.1', 'date': 'Fri, 08 Jan 2016 06:39:06 GMT', 'content-type': 'application/json; charset=UTF-8'}
