<?xml version="1.0" encoding="UTF-8"?>
<!DOCTYPE html PUBLIC "-//W3C//DTD XHTML 1.0 Strict//EN"
     "http://www.w3.org/TR/xhtml1/DTD/xhtml1-strict.dtd">
<html xmlns="http://www.w3.org/1999/xhtml">
<head>
    <title>Unit Test Report</title>
    <meta name="generator" content="subunit2html 0.1"/>
    <meta http-equiv="Content-Type" content="text/html; charset=UTF-8"/>
    
<style type="text/css" media="screen">
body        { font-family: verdana, arial, helvetica, sans-serif;
    font-size: 80%; }
table       { font-size: 100%; width: 100%;}
pre         { font-size: 80%; }

/* -- heading -------------------------------------------------------------- */
h1 {
        font-size: 16pt;
        color: gray;
}
.heading {
    margin-top: 0ex;
    margin-bottom: 1ex;
}

.heading .attribute {
    margin-top: 1ex;
    margin-bottom: 0;
}

.heading .description {
    margin-top: 4ex;
    margin-bottom: 6ex;
}

/* -- css div popup -------------------------------------------------------- */
a.popup_link {
}

a.popup_link:hover {
    color: red;
}

.popup_window {
    display: none;
    overflow-x: scroll;
    /*border: solid #627173 1px; */
    padding: 10px;
    background-color: #E6E6D6;
    font-family: "Ubuntu Mono", "Lucida Console", "Courier New", monospace;
    text-align: left;
    font-size: 8pt;
}

}
/* -- report --------------------------------------------------------------- */
#show_detail_line {
    margin-top: 3ex;
    margin-bottom: 1ex;
}
#result_table {
    width: 100%;
    border-collapse: collapse;
    border: 1px solid #777;
}
#header_row {
    font-weight: bold;
    color: white;
    background-color: #777;
}
#result_table td {
    border: 1px solid #777;
    padding: 2px;
}
#total_row  { font-weight: bold; }
.passClass  { background-color: #6c6; }
.failClass  { background-color: #c60; }
.errorClass { background-color: #c00; }
.passCase   { color: #6c6; }
.failCase   { color: #c60; font-weight: bold; }
.errorCase  { color: #c00; font-weight: bold; }
.hiddenRow  { display: none; }
.testcase   { margin-left: 2em; }
td.testname {width: 40%}
td.small {width: 40px}

/* -- ending --------------------------------------------------------------- */
#ending {
}

</style>

</head>
<body>
<script language="javascript" type="text/javascript"><!--
output_list = Array();

/* level - 0:Summary; 1:Failed; 2:All */
function showCase(level) {
    trs = document.getElementsByTagName("tr");
    for (var i = 0; i < trs.length; i++) {
        tr = trs[i];
        id = tr.id;
        if (id.substr(0,2) == 'ft') {
            if (level < 1) {
                tr.className = 'hiddenRow';
            }
            else {
                tr.className = '';
            }
        }
        if (id.substr(0,2) == 'pt') {
            if (level > 1) {
                tr.className = '';
            }
            else {
                tr.className = 'hiddenRow';
            }
        }
    }
}


function showClassDetail(cid, count) {
    var id_list = Array(count);
    var toHide = 1;
    for (var i = 0; i < count; i++) {
        tid0 = 't' + cid.substr(1) + '.' + (i+1);
        tid = 'f' + tid0;
        tr = document.getElementById(tid);
        if (!tr) {
            tid = 'p' + tid0;
            tr = document.getElementById(tid);
        }
        id_list[i] = tid;
        if (tr.className) {
            toHide = 0;
        }
    }
    for (var i = 0; i < count; i++) {
        tid = id_list[i];
        if (toHide) {
            document.getElementById('div_'+tid).style.display = 'none'
            document.getElementById(tid).className = 'hiddenRow';
        }
        else {
            document.getElementById(tid).className = '';
        }
    }
}


function showTestDetail(div_id){
    var details_div = document.getElementById(div_id)
    var displayState = details_div.style.display
    // alert(displayState)
    if (displayState != 'block' ) {
        displayState = 'block'
        details_div.style.display = 'block'
    }
    else {
        details_div.style.display = 'none'
    }
}


function html_escape(s) {
    s = s.replace(/&/g,'&amp;');
    s = s.replace(/</g,'&lt;');
    s = s.replace(/>/g,'&gt;');
    return s;
}

/* obsoleted by detail in <div>
function showOutput(id, name) {
    var w = window.open("", //url
                    name,
                    "resizable,scrollbars,status,width=800,height=450");
    d = w.document;
    d.write("<pre>");
    d.write(html_escape(output_list[id]));
    d.write("\n");
    d.write("<a href='javascript:window.close()'>close</a>\n");
    d.write("</pre>\n");
    d.close();
}
*/
--></script>

<div class='heading'>
<h1>Unit Test Report</h1>

<p class='attribute'><strong>Status:</strong> Failure 6</p>

<p class='description'></p>
</div>



<p id='show_detail_line'>Show
<a href='javascript:showCase(0)'>Summary</a>
<a href='javascript:showCase(1)'>Failed</a>
<a href='javascript:showCase(2)'>All</a>
</p>
<table id='result_table'>
<colgroup>
<col align='left' />
<col align='right' />
<col align='right' />
<col align='right' />
<col align='right' />
<col align='right' />
<col align='right' />
<col align='right' />
</colgroup>
<tr id='header_row'>
    <td>Test Group/Test case</td>
    <td>Count</td>
    <td>Pass</td>
    <td>Fail</td>
    <td>Error</td>
    <td>Skip</td>
    <td>View</td>
    <td> </td>
</tr>

<tr class='failClass'>
    <td class="testname">tempest.scenario.test_network_advanced_server_ops.TestNetworkAdvancedServerOps</td>
    <td class="small">6</td>
    <td class="small">0</td>
    <td class="small">6</td>
    <td class="small">0</td>
    <td class="small">0</td>
    <td class="small"><a href="javascript:showClassDetail('c1',6)"
>Detail</a></td>
    <td> </td>
</tr>

<tr id='ft1.1' class='none'>
    <td class='failCase'><div class='testcase'>test_server_connectivity_pause_unpause[compute,id-2b2642db-6568-4b35-b812-eceed3fa20ce,network]</div></td>
    <td colspan='7' align='left'>

    <!--css div popup start-->
    <a class="popup_link" onfocus='this.blur();'
    href="javascript:showTestDetail('div_ft1.1')" >
        fail</a>

    <div id='div_ft1.1' class="popup_window">
        <div style='text-align: right; color:red;cursor:pointer'>
        <a onfocus='this.blur();'
onclick="document.getElementById('div_ft1.1').style.display = 'none' " >
           [x]</a>
        </div>
        <pre>
        
ft1.1: tempest.scenario.test_network_advanced_server_ops.TestNetworkAdvancedServerOps.test_server_connectivity_pause_unpause[compute,id-2b2642db-6568-4b35-b812-eceed3fa20ce,network]_StringException: Empty attachments:
  stderr
  stdout

pythonlogging:'': {{{
2015-12-23 10:33:23,786 21244 INFO     [tempest_lib.common.rest_client] Request (TestNetworkAdvancedServerOps:test_server_connectivity_pause_unpause): 200 POST http://10.0.2.15:8774/v2.1/c0a9514dcdaf4e68aa4a59af4b37f3eb/os-keypairs 0.475s
2015-12-23 10:33:23,787 21244 DEBUG    [tempest_lib.common.rest_client] Request - Headers: {'Content-Type': 'application/json', 'Accept': 'application/json', 'X-Auth-Token': '&lt;omitted&gt;'}
        Body: {"keypair": {"name": "tempest-TestNetworkAdvancedServerOps-440683065"}}
    Response - Headers: {'status': '200', 'content-length': '2329', 'x-compute-request-id': 'req-c7959c21-4768-4b30-84a3-b575263fbdc9', 'vary': 'X-OpenStack-Nova-API-Version', 'connection': 'close', 'x-openstack-nova-api-version': '2.1', 'date': 'Wed, 23 Dec 2015 10:33:23 GMT', 'content-type': 'application/json'}
        Body: {"keypair": {"public_key": "ssh-rsa AAAAB3NzaC1yc2EAAAADAQABAAABAQC4B0hQn+9/x1q401PfSPnf1GsIiI05rAMZOVt8RfbV25yQH0sw9EbB/AHVd7FcSazUqwbFZjW0OA+BO9apcGOLv4cndD061AsmO6k5PdJ1HNYLUCpAjhnCrSTEP0k6ahblUNZTZxpy97980rE9aoEHSrI1ZTtlCSpOTA5sUNiV6t0ZQB6jDQQzN5KtoAJyM/CLoYGWebz94fGglMkmNVQoof+BSuJmjg1jiBwLWewDXc2ygHjHmXsHUUbUGyFNS573UsxE5nN8oJR0iYXek4GbGxZjwVdCxUWhAlqbv10yFKlg8sXI+TBpDRX9bY0N5sd505KiMTmu/2ApUw+SXN4n Generated-by-Nova", "private_key": "-----BEGIN RSA PRIVATE KEY-----\nMIIEpwIBAAKCAQEAuAdIUJ/vf8dauNNT30j539RrCIiNOawDGTlbfEX21duckB9L\nMPRGwfwB1XexXEms1KsGxWY1tDgPgTvWqXBji7+HJ3Q9OtQLJjupOT3SdRzWC1Aq\nQI4Zwq0kxD9JOmoW5VDWU2cacve/fNKxPWqBB0qyNWU7ZQkqTkwObFDYlerdGUAe\now0EMzeSraACcjPwi6GBlnm8/eHxoJTJJjVUKKH/gUriZo4NY4gcC1nsA13NsoB4\nx5l7B1FG1BshTUue91LMROZzfKCUdImF3pOBmxsWY8FXQsVFoQJam79dMhSpYPLF\nyPkwaQ0V/W2NDebHedOSojE5rv9gKVMPklzeJwIDAQABAoIBAGwbuxvCGQxTrLQP\nUaJGWKRpQUeOEIjkyB01WM00vMD9dogkGiP0HO0wglNJMWQp0+JLZnrohHwOwu0E\nniKD57bdGSTQYHgCwVoAinUaIFy0R/n1ahzqXa/Dz2mKVBaA5Fpqlr4AP8VyTYei\nroSJ4KrL8szzX2UHcVb1zzNKezH1/DA2D2tdIiCalxoytTvihO9Vx8ndke02KCNh\nXRvz/W2Sq2WeiFXVuPau3WdUjqFqWErTpwRYAdPRwz+PkCTXSaceyy4jCW+hUUfn\nb89hOAGTnC/fyEshClO6Jcrf/+vehY1EoW18rvj9lRhfum1U188YgKjA9jT884Tf\ntZveYcECggCBANJcl74F4/hl3gxJuf7OV8p34jMDmPafSp/owghDhFT4QxOflR/g\nOhv5tNkbvIQHRcPPjX77VjYeOLrLARLBf5gytU/Z65BsLb7NTf5EfgAl8e4F3KMh\n/xWH4e7LQFAfvY7Bv3oD8dv1Fc3K58RhVxYqbJqeR2Xp9PisYDgrWc7JAoIAgQDf\n9CbMHHOrIrj8KIVjvvAQkvihUhPlfx6BPMYQMLG7fPh9BZO6kdS1g2m/vjXgRYyo\nKO1gyHdArsVACbiviZfaM4zLTLKLfOT8DUFiDeHbjRMLI8BsdIwQGKvceWeMBZxG\nPjY0KeYG4kL9r12F/MHf1FV+9k+zwpKbLmlemYwNbwKCAIAbmRY3UeKEtiiZiBqk\nuUF/SJcehjxNLrzFme3K08DKvP9f1bHkyrAU93+odCEZWTLn65Tusd6vnutmZjev\n1D7/Irfyz+49tlOSErFGyImXT2McDRzTMiSbGIalo3i+ikt+LSEHyviyGMdRhms9\nsl+QguRYrKdFUZpX/ZVqCRXxMQKCAIA7RKH/4oe6ArZyBUdH3oAp4rtp9g7N7ZZl\nHXBNWJWwyKH6dD9kYLOqVdzmobAgakePOUWZF3R36cjJ6ci2q/NEC+B27RVTVPpE\nuj1TddkQAYXIrO1/xlhK6jyRXI/KvrFc5ZnytCPsLnUMLhzSGNI2Kjt2Hjl5mUSz\nTNUV9AzcgQKCAIBeLO70Oj6BoDV6aZvax2cX6Gyc35lSsuwA4taffrYH056mK2M2\neWE+HOIVUVKuvq3x7Qd8QAsLqjoR1c9sa/lfHn6eWaY+ZYTNZ3RhfRoEzBYhRiks\n9quoizr36oDWQEjEQS8TuoxCmifl/njziaujbqf8ErCs43cMKjSxH6716g==\n-----END RSA PRIVATE KEY-----\n", "user_id": "bedcbd37060b4cd7a954a6c0fa3f6fc7", "name": "tempest-TestNetworkAdvancedServerOps-440683065", "fingerprint": "6e:a6:7d:cd:70:9a:71:ba:81:58:ba:4f:d3:f7:af:5a"}}
2015-12-23 10:33:24,113 21244 INFO     [tempest_lib.common.rest_client] Request (TestNetworkAdvancedServerOps:test_server_connectivity_pause_unpause): 201 POST http://10.0.2.15:9696/v2.0/security-groups 0.321s
2015-12-23 10:33:24,114 21244 DEBUG    [tempest_lib.common.rest_client] Request - Headers: {'Content-Type': 'application/json', 'Accept': 'application/json', 'X-Auth-Token': '&lt;omitted&gt;'}
        Body: {"security_group": {"tenant_id": "c0a9514dcdaf4e68aa4a59af4b37f3eb", "description": "tempest-secgroup-smoke-1915506040 description", "name": "tempest-secgroup-smoke-1915506040"}}
    Response - Headers: {'status': '201', 'content-length': '888', 'connection': 'close', 'date': 'Wed, 23 Dec 2015 10:33:24 GMT', 'content-type': 'application/json; charset=UTF-8', 'x-openstack-request-id': 'req-a0300f1a-a450-4edd-a2d8-efed7702d68e'}
        Body: {"security_group": {"tenant_id": "c0a9514dcdaf4e68aa4a59af4b37f3eb", "description": "tempest-secgroup-smoke-1915506040 description", "id": "acdde903-bd66-420b-af1f-a6f859b3ffb0", "security_group_rules": [{"remote_group_id": null, "direction": "egress", "remote_ip_prefix": null, "protocol": null, "ethertype": "IPv4", "tenant_id": "c0a9514dcdaf4e68aa4a59af4b37f3eb", "port_range_max": null, "port_range_min": null, "id": "d0b3a289-b7fe-45e7-8238-7618e5742f43", "security_group_id": "acdde903-bd66-420b-af1f-a6f859b3ffb0"}, {"remote_group_id": null, "direction": "egress", "remote_ip_prefix": null, "protocol": null, "ethertype": "IPv6", "tenant_id": "c0a9514dcdaf4e68aa4a59af4b37f3eb", "port_range_max": null, "port_range_min": null, "id": "6e642606-9c5a-419d-987b-c3571a0de559", "security_group_id": "acdde903-bd66-420b-af1f-a6f859b3ffb0"}], "name": "tempest-secgroup-smoke-1915506040"}}
2015-12-23 10:33:24,235 21244 INFO     [tempest_lib.common.rest_client] Request (TestNetworkAdvancedServerOps:test_server_connectivity_pause_unpause): 201 POST http://10.0.2.15:9696/v2.0/security-group-rules 0.119s
2015-12-23 10:33:24,236 21244 DEBUG    [tempest_lib.common.rest_client] Request - Headers: {'Content-Type': 'application/json', 'Accept': 'application/json', 'X-Auth-Token': '&lt;omitted&gt;'}
        Body: {"security_group_rule": {"direction": "ingress", "protocol": "tcp", "tenant_id": "c0a9514dcdaf4e68aa4a59af4b37f3eb", "port_range_max": 22, "security_group_id": "acdde903-bd66-420b-af1f-a6f859b3ffb0", "port_range_min": 22}}
    Response - Headers: {'status': '201', 'content-length': '340', 'connection': 'close', 'date': 'Wed, 23 Dec 2015 10:33:24 GMT', 'content-type': 'application/json; charset=UTF-8', 'x-openstack-request-id': 'req-3aae01a8-37fe-4e7f-b722-197f6a1d7e38'}
        Body: {"security_group_rule": {"remote_group_id": null, "direction": "ingress", "remote_ip_prefix": null, "protocol": "tcp", "ethertype": "IPv4", "tenant_id": "c0a9514dcdaf4e68aa4a59af4b37f3eb", "port_range_max": 22, "port_range_min": 22, "id": "e18c0b7e-4e9f-46fc-8eaa-ba78cb8fb6d0", "security_group_id": "acdde903-bd66-420b-af1f-a6f859b3ffb0"}}
2015-12-23 10:33:24,358 21244 INFO     [tempest_lib.common.rest_client] Request (TestNetworkAdvancedServerOps:test_server_connectivity_pause_unpause): 201 POST http://10.0.2.15:9696/v2.0/security-group-rules 0.121s
2015-12-23 10:33:24,359 21244 DEBUG    [tempest_lib.common.rest_client] Request - Headers: {'Content-Type': 'application/json', 'Accept': 'application/json', 'X-Auth-Token': '&lt;omitted&gt;'}
        Body: {"security_group_rule": {"direction": "egress", "protocol": "tcp", "tenant_id": "c0a9514dcdaf4e68aa4a59af4b37f3eb", "port_range_max": 22, "security_group_id": "acdde903-bd66-420b-af1f-a6f859b3ffb0", "port_range_min": 22}}
    Response - Headers: {'status': '201', 'content-length': '339', 'connection': 'close', 'date': 'Wed, 23 Dec 2015 10:33:24 GMT', 'content-type': 'application/json; charset=UTF-8', 'x-openstack-request-id': 'req-d1a85b50-4202-4a05-ae90-6d8d335bf38a'}
        Body: {"security_group_rule": {"remote_group_id": null, "direction": "egress", "remote_ip_prefix": null, "protocol": "tcp", "ethertype": "IPv4", "tenant_id": "c0a9514dcdaf4e68aa4a59af4b37f3eb", "port_range_max": 22, "port_range_min": 22, "id": "bb7cdca1-ef5e-49c2-b70d-1d4f8e1e6177", "security_group_id": "acdde903-bd66-420b-af1f-a6f859b3ffb0"}}
2015-12-23 10:33:24,485 21244 INFO     [tempest_lib.common.rest_client] Request (TestNetworkAdvancedServerOps:test_server_connectivity_pause_unpause): 201 POST http://10.0.2.15:9696/v2.0/security-group-rules 0.124s
2015-12-23 10:33:24,485 21244 DEBUG    [tempest_lib.common.rest_client] Request - Headers: {'Content-Type': 'application/json', 'Accept': 'application/json', 'X-Auth-Token': '&lt;omitted&gt;'}
        Body: {"security_group_rule": {"tenant_id": "c0a9514dcdaf4e68aa4a59af4b37f3eb", "direction": "ingress", "protocol": "icmp", "security_group_id": "acdde903-bd66-420b-af1f-a6f859b3ffb0"}}
    Response - Headers: {'status': '201', 'content-length': '345', 'connection': 'close', 'date': 'Wed, 23 Dec 2015 10:33:24 GMT', 'content-type': 'application/json; charset=UTF-8', 'x-openstack-request-id': 'req-5c85d8be-b0cd-4331-bd20-01f64a884dac'}
        Body: {"security_group_rule": {"remote_group_id": null, "direction": "ingress", "remote_ip_prefix": null, "protocol": "icmp", "ethertype": "IPv4", "tenant_id": "c0a9514dcdaf4e68aa4a59af4b37f3eb", "port_range_max": null, "port_range_min": null, "id": "497e3cec-b28a-4080-aab6-ba543063b3aa", "security_group_id": "acdde903-bd66-420b-af1f-a6f859b3ffb0"}}
2015-12-23 10:33:24,604 21244 INFO     [tempest_lib.common.rest_client] Request (TestNetworkAdvancedServerOps:test_server_connectivity_pause_unpause): 201 POST http://10.0.2.15:9696/v2.0/security-group-rules 0.117s
2015-12-23 10:33:24,605 21244 DEBUG    [tempest_lib.common.rest_client] Request - Headers: {'Content-Type': 'application/json', 'Accept': 'application/json', 'X-Auth-Token': '&lt;omitted&gt;'}
        Body: {"security_group_rule": {"tenant_id": "c0a9514dcdaf4e68aa4a59af4b37f3eb", "direction": "egress", "protocol": "icmp", "security_group_id": "acdde903-bd66-420b-af1f-a6f859b3ffb0"}}
    Response - Headers: {'status': '201', 'content-length': '344', 'connection': 'close', 'date': 'Wed, 23 Dec 2015 10:33:24 GMT', 'content-type': 'application/json; charset=UTF-8', 'x-openstack-request-id': 'req-62fd18cc-c450-400f-8a2e-a2332331668e'}
        Body: {"security_group_rule": {"remote_group_id": null, "direction": "egress", "remote_ip_prefix": null, "protocol": "icmp", "ethertype": "IPv4", "tenant_id": "c0a9514dcdaf4e68aa4a59af4b37f3eb", "port_range_max": null, "port_range_min": null, "id": "6d4da979-1837-479d-a6b4-5a35e99c5977", "security_group_id": "acdde903-bd66-420b-af1f-a6f859b3ffb0"}}
2015-12-23 10:33:24,718 21244 INFO     [tempest_lib.common.rest_client] Request (TestNetworkAdvancedServerOps:test_server_connectivity_pause_unpause): 201 POST http://10.0.2.15:9696/v2.0/security-group-rules 0.111s
2015-12-23 10:33:24,718 21244 DEBUG    [tempest_lib.common.rest_client] Request - Headers: {'Content-Type': 'application/json', 'Accept': 'application/json', 'X-Auth-Token': '&lt;omitted&gt;'}
        Body: {"security_group_rule": {"tenant_id": "c0a9514dcdaf4e68aa4a59af4b37f3eb", "direction": "ingress", "security_group_id": "acdde903-bd66-420b-af1f-a6f859b3ffb0", "protocol": "icmp", "ethertype": "IPv6"}}
    Response - Headers: {'status': '201', 'content-length': '345', 'connection': 'close', 'date': 'Wed, 23 Dec 2015 10:33:24 GMT', 'content-type': 'application/json; charset=UTF-8', 'x-openstack-request-id': 'req-f85cece0-2402-4943-8a5f-29e7436a6e51'}
        Body: {"security_group_rule": {"remote_group_id": null, "direction": "ingress", "remote_ip_prefix": null, "protocol": "icmp", "ethertype": "IPv6", "tenant_id": "c0a9514dcdaf4e68aa4a59af4b37f3eb", "port_range_max": null, "port_range_min": null, "id": "12763560-3e86-4d25-b962-354c1e8cbc35", "security_group_id": "acdde903-bd66-420b-af1f-a6f859b3ffb0"}}
2015-12-23 10:33:24,841 21244 INFO     [tempest_lib.common.rest_client] Request (TestNetworkAdvancedServerOps:test_server_connectivity_pause_unpause): 201 POST http://10.0.2.15:9696/v2.0/security-group-rules 0.121s
2015-12-23 10:33:24,841 21244 DEBUG    [tempest_lib.common.rest_client] Request - Headers: {'Content-Type': 'application/json', 'Accept': 'application/json', 'X-Auth-Token': '&lt;omitted&gt;'}
        Body: {"security_group_rule": {"tenant_id": "c0a9514dcdaf4e68aa4a59af4b37f3eb", "direction": "egress", "security_group_id": "acdde903-bd66-420b-af1f-a6f859b3ffb0", "protocol": "icmp", "ethertype": "IPv6"}}
    Response - Headers: {'status': '201', 'content-length': '344', 'connection': 'close', 'date': 'Wed, 23 Dec 2015 10:33:24 GMT', 'content-type': 'application/json; charset=UTF-8', 'x-openstack-request-id': 'req-01e0189b-3e6d-424a-9300-692ce1e00239'}
        Body: {"security_group_rule": {"remote_group_id": null, "direction": "egress", "remote_ip_prefix": null, "protocol": "icmp", "ethertype": "IPv6", "tenant_id": "c0a9514dcdaf4e68aa4a59af4b37f3eb", "port_range_max": null, "port_range_min": null, "id": "248b681a-53f5-4d46-8c0b-9f0d251afbbd", "security_group_id": "acdde903-bd66-420b-af1f-a6f859b3ffb0"}}
2015-12-23 10:33:25,168 21244 INFO     [tempest_lib.common.rest_client] Request (TestNetworkAdvancedServerOps:test_server_connectivity_pause_unpause): 201 POST http://10.0.2.15:9696/v2.0/networks 0.325s
2015-12-23 10:33:25,168 21244 DEBUG    [tempest_lib.common.rest_client] Request - Headers: {'Content-Type': 'application/json', 'Accept': 'application/json', 'X-Auth-Token': '&lt;omitted&gt;'}
        Body: {"network": {"tenant_id": "c0a9514dcdaf4e68aa4a59af4b37f3eb", "name": "tempest-network-smoke--1728674935"}}
    Response - Headers: {'status': '201', 'content-length': '329', 'connection': 'close', 'date': 'Wed, 23 Dec 2015 10:33:25 GMT', 'content-type': 'application/json; charset=UTF-8', 'x-openstack-request-id': 'req-7a8eeb4f-5145-499d-8371-9d3dcad9677e'}
        Body: {"network": {"status": "ACTIVE", "subnets": [], "availability_zone_hints": "[]", "name": "tempest-network-smoke--1728674935", "admin_state_up": true, "tenant_id": "c0a9514dcdaf4e68aa4a59af4b37f3eb", "mtu": 0, "router:external": false, "shared": false, "port_security_enabled": true, "id": "f143d1b2-33c8-4ec4-b772-7380736b75ed"}}
2015-12-23 10:33:25,248 21244 INFO     [tempest_lib.common.rest_client] Request (TestNetworkAdvancedServerOps:test_server_connectivity_pause_unpause): 201 POST http://10.0.2.15:9696/v2.0/routers 0.077s
2015-12-23 10:33:25,248 21244 DEBUG    [tempest_lib.common.rest_client] Request - Headers: {'Content-Type': 'application/json', 'Accept': 'application/json', 'X-Auth-Token': '&lt;omitted&gt;'}
        Body: {"router": {"tenant_id": "c0a9514dcdaf4e68aa4a59af4b37f3eb", "name": "tempest-router-smoke-1092874459", "admin_state_up": true}}
    Response - Headers: {'status': '201', 'content-length': '296', 'connection': 'close', 'date': 'Wed, 23 Dec 2015 10:33:25 GMT', 'content-type': 'application/json; charset=UTF-8', 'x-openstack-request-id': 'req-93630f95-653a-4296-9ba1-4f8348066977'}
        Body: {"router": {"status": "ACTIVE", "external_gateway_info": null, "availability_zone_hints": [], "availability_zones": [], "name": "tempest-router-smoke-1092874459", "admin_state_up": true, "tenant_id": "c0a9514dcdaf4e68aa4a59af4b37f3eb", "routes": [], "id": "bfc4e031-067f-47fd-99bd-19ea170e32aa"}}
2015-12-23 10:33:25,305 21244 INFO     [tempest_lib.common.rest_client] Request (TestNetworkAdvancedServerOps:test_server_connectivity_pause_unpause): 200 GET http://10.0.2.15:9696/v2.0/routers/bfc4e031-067f-47fd-99bd-19ea170e32aa 0.055s
2015-12-23 10:33:25,306 21244 DEBUG    [tempest_lib.common.rest_client] Request - Headers: {'Content-Type': 'application/json', 'Accept': 'application/json', 'X-Auth-Token': '&lt;omitted&gt;'}
        Body: None
    Response - Headers: {'status': '200', 'content-length': '296', 'content-location': 'http://10.0.2.15:9696/v2.0/routers/bfc4e031-067f-47fd-99bd-19ea170e32aa', 'connection': 'close', 'date': 'Wed, 23 Dec 2015 10:33:25 GMT', 'content-type': 'application/json; charset=UTF-8', 'x-openstack-request-id': 'req-9e06bbbd-b74f-4069-96be-1234e90e0b73'}
        Body: {"router": {"status": "ACTIVE", "external_gateway_info": null, "availability_zone_hints": [], "availability_zones": [], "name": "tempest-router-smoke-1092874459", "admin_state_up": true, "tenant_id": "c0a9514dcdaf4e68aa4a59af4b37f3eb", "routes": [], "id": "bfc4e031-067f-47fd-99bd-19ea170e32aa"}}
2015-12-23 10:33:25,974 21244 INFO     [tempest_lib.common.rest_client] Request (TestNetworkAdvancedServerOps:test_server_connectivity_pause_unpause): 200 PUT http://10.0.2.15:9696/v2.0/routers/bfc4e031-067f-47fd-99bd-19ea170e32aa 0.667s
2015-12-23 10:33:25,975 21244 DEBUG    [tempest_lib.common.rest_client] Request - Headers: {'Content-Type': 'application/json', 'Accept': 'application/json', 'X-Auth-Token': '&lt;omitted&gt;'}
        Body: {"router": {"external_gateway_info": {"network_id": "3d0f7678-9a91-4a53-b881-64d4f3aa3d42"}, "name": "tempest-router-smoke-1092874459", "admin_state_up": true}}
    Response - Headers: {'status': '200', 'content-length': '558', 'connection': 'close', 'date': 'Wed, 23 Dec 2015 10:33:25 GMT', 'content-type': 'application/json; charset=UTF-8', 'x-openstack-request-id': 'req-94f7fbf8-7c35-40f9-a06f-ac0f348975cb'}
        Body: {"router": {"status": "ACTIVE", "external_gateway_info": {"network_id": "3d0f7678-9a91-4a53-b881-64d4f3aa3d42", "enable_snat": true, "external_fixed_ips": [{"subnet_id": "41b97678-9746-40e3-8be1-2c657baf7b4d", "ip_address": "172.24.4.3"}, {"subnet_id": "030c8cef-d2fb-4609-800d-dea11efb102d", "ip_address": "2001:db8::3"}]}, "availability_zone_hints": [], "availability_zones": [], "name": "tempest-router-smoke-1092874459", "admin_state_up": true, "tenant_id": "c0a9514dcdaf4e68aa4a59af4b37f3eb", "routes": [], "id": "bfc4e031-067f-47fd-99bd-19ea170e32aa"}}
2015-12-23 10:33:26,131 21244 INFO     [tempest_lib.common.rest_client] Request (TestNetworkAdvancedServerOps:test_server_connectivity_pause_unpause): 200 GET http://10.0.2.15:9696/v2.0/subnets?tenant_id=c0a9514dcdaf4e68aa4a59af4b37f3eb&amp;cidr=10.100.0.0%2F28 0.155s
2015-12-23 10:33:26,131 21244 DEBUG    [tempest_lib.common.rest_client] Request - Headers: {'Content-Type': 'application/json', 'Accept': 'application/json', 'X-Auth-Token': '&lt;omitted&gt;'}
        Body: None
    Response - Headers: {'status': '200', 'content-length': '15', 'content-location': 'http://10.0.2.15:9696/v2.0/subnets?tenant_id=c0a9514dcdaf4e68aa4a59af4b37f3eb&amp;cidr=10.100.0.0%2F28', 'connection': 'close', 'date': 'Wed, 23 Dec 2015 10:33:26 GMT', 'content-type': 'application/json; charset=UTF-8', 'x-openstack-request-id': 'req-3e0664a5-1a34-417e-81a9-6fd4a020d142'}
        Body: {"subnets": []}
2015-12-23 10:33:26,465 21244 INFO     [tempest_lib.common.rest_client] Request (TestNetworkAdvancedServerOps:test_server_connectivity_pause_unpause): 201 POST http://10.0.2.15:9696/v2.0/subnets 0.332s
2015-12-23 10:33:26,465 21244 DEBUG    [tempest_lib.common.rest_client] Request - Headers: {'Content-Type': 'application/json', 'Accept': 'application/json', 'X-Auth-Token': '&lt;omitted&gt;'}
        Body: {"subnet": {"ip_version": 4, "tenant_id": "c0a9514dcdaf4e68aa4a59af4b37f3eb", "cidr": "10.100.0.0/28", "network_id": "f143d1b2-33c8-4ec4-b772-7380736b75ed", "name": "tempest-subnet-smoke-176992428"}}
    Response - Headers: {'status': '201', 'content-length': '477', 'connection': 'close', 'date': 'Wed, 23 Dec 2015 10:33:26 GMT', 'content-type': 'application/json; charset=UTF-8', 'x-openstack-request-id': 'req-cfcd2044-a555-4ef1-9f7a-652c9994102f'}
        Body: {"subnet": {"name": "tempest-subnet-smoke-176992428", "enable_dhcp": true, "network_id": "f143d1b2-33c8-4ec4-b772-7380736b75ed", "tenant_id": "c0a9514dcdaf4e68aa4a59af4b37f3eb", "dns_nameservers": [], "gateway_ip": "10.100.0.1", "ipv6_ra_mode": null, "allocation_pools": [{"start": "10.100.0.2", "end": "10.100.0.14"}], "host_routes": [], "ip_version": 4, "ipv6_address_mode": null, "cidr": "10.100.0.0/28", "id": "4cba04c1-80d4-454d-b373-f170a19d9fa0", "subnetpool_id": null}}
2015-12-23 10:33:27,225 21244 INFO     [tempest_lib.common.rest_client] Request (TestNetworkAdvancedServerOps:test_server_connectivity_pause_unpause): 200 PUT http://10.0.2.15:9696/v2.0/routers/bfc4e031-067f-47fd-99bd-19ea170e32aa/add_router_interface 0.759s
2015-12-23 10:33:27,226 21244 DEBUG    [tempest_lib.common.rest_client] Request - Headers: {'Content-Type': 'application/json', 'Accept': 'application/json', 'X-Auth-Token': '&lt;omitted&gt;'}
        Body: {"subnet_id": "4cba04c1-80d4-454d-b373-f170a19d9fa0"}
    Response - Headers: {'status': '200', 'content-length': '255', 'connection': 'close', 'date': 'Wed, 23 Dec 2015 10:33:27 GMT', 'content-type': 'application/json; charset=UTF-8', 'x-openstack-request-id': 'req-25471693-3766-42e0-9b6a-44a317c87412'}
        Body: {"subnet_id": "4cba04c1-80d4-454d-b373-f170a19d9fa0", "tenant_id": "c0a9514dcdaf4e68aa4a59af4b37f3eb", "subnet_ids": ["4cba04c1-80d4-454d-b373-f170a19d9fa0"], "port_id": "1cdad378-3c92-41da-a905-a087a56996c3", "id": "bfc4e031-067f-47fd-99bd-19ea170e32aa"}
2015-12-23 10:33:27,353 21244 INFO     [tempest_lib.common.rest_client] Request (TestNetworkAdvancedServerOps:test_server_connectivity_pause_unpause): 200 POST http://10.0.2.15:5000/v2.0/tokens
2015-12-23 10:33:27,354 21244 DEBUG    [tempest_lib.common.rest_client] Request - Headers: {'Content-Type': 'application/json', 'Accept': 'application/json'}
        Body: &lt;omitted&gt;
    Response - Headers: {'status': '200', 'content-length': '2562', 'vary': 'X-Auth-Token', 'server': 'Apache/2.4.7 (Ubuntu)', 'connection': 'close', 'date': 'Wed, 23 Dec 2015 10:33:27 GMT', 'content-type': 'application/json', 'x-openstack-request-id': 'req-ff570e56-d393-46b9-b75d-d18b90e58dac'}
        Body: {"access": {"token": {"issued_at": "2015-12-23T10:33:27.344972", "expires": "2015-12-23T11:33:27Z", "id": "62526f7dcab9435dab9fb2bb25ccb281", "tenant": {"description": "tempest-TestNetworkAdvancedServerOps-594272956-desc", "enabled": true, "id": "c0a9514dcdaf4e68aa4a59af4b37f3eb", "name": "tempest-TestNetworkAdvancedServerOps-594272956"}, "audit_ids": ["l2NAoVg-QBKZucc671hpmA"]}, "serviceCatalog": [{"endpoints": [{"adminURL": "http://10.0.2.15:8774/v2.1/c0a9514dcdaf4e68aa4a59af4b37f3eb", "region": "RegionOne", "internalURL": "http://10.0.2.15:8774/v2.1/c0a9514dcdaf4e68aa4a59af4b37f3eb", "id": "499023c0936848938b8d43de3f46fb67", "publicURL": "http://10.0.2.15:8774/v2.1/c0a9514dcdaf4e68aa4a59af4b37f3eb"}], "endpoints_links": [], "type": "compute", "name": "nova"}, {"endpoints": [{"adminURL": "http://10.0.2.15:9696/", "region": "RegionOne", "internalURL": "http://10.0.2.15:9696/", "id": "1275c917e72540d882036db91885c154", "publicURL": "http://10.0.2.15:9696/"}], "endpoints_links": [], "type": "network", "name": "neutron"}, {"endpoints": [{"adminURL": "http://10.0.2.15:9292", "region": "RegionOne", "internalURL": "http://10.0.2.15:9292", "id": "2a5b1f8388f5493d8d9dfeab7d27fcd3", "publicURL": "http://10.0.2.15:9292"}], "endpoints_links": [], "type": "image", "name": "glance"}, {"endpoints": [{"adminURL": "http://10.0.2.15:8774/v2/c0a9514dcdaf4e68aa4a59af4b37f3eb", "region": "RegionOne", "internalURL": "http://10.0.2.15:8774/v2/c0a9514dcdaf4e68aa4a59af4b37f3eb", "id": "2797706722b749b59ea2f2b923ddb0b1", "publicURL": "http://10.0.2.15:8774/v2/c0a9514dcdaf4e68aa4a59af4b37f3eb"}], "endpoints_links": [], "type": "compute_legacy", "name": "nova_legacy"}, {"endpoints": [{"adminURL": "http://10.0.2.15:8773/", "region": "RegionOne", "internalURL": "http://10.0.2.15:8773/", "id": "7b0736d4571d4ef48c15ffae2f371005", "publicURL": "http://10.0.2.15:8773/"}], "endpoints_links": [], "type": "ec2", "name": "ec2"}, {"endpoints": [{"adminURL": "http://10.0.2.15:35357/v2.0", "region": "RegionOne", "internalURL": "http://10.0.2.15:5000/v2.0", "id": "454016559e9643538f7a6d294cb36519", "publicURL": "http://10.0.2.15:5000/v2.0"}], "endpoints_links": [], "type": "identity", "name": "keystone"}], "user": {"username": "tempest-TestNetworkAdvancedServerOps-861217652", "roles_links": [], "id": "bedcbd37060b4cd7a954a6c0fa3f6fc7", "roles": [{"name": "Member"}, {"name": "_member_"}], "name": "tempest-TestNetworkAdvancedServerOps-861217652"}, "metadata": {"is_admin": 0, "roles": ["50f2195f11b243dba87d509a6026badd", "9fe2ff9ee4384b1894a90878d3e92bab"]}}}
2015-12-23 10:33:27,357 21244 DEBUG    [tempest.common.fixed_network] (TestNetworkAdvancedServerOps:test_server_connectivity_pause_unpause) No valid network provided or created, defaulting to fixed_network_name
2015-12-23 10:33:27,713 21244 INFO     [tempest_lib.common.rest_client] Request (TestNetworkAdvancedServerOps:test_server_connectivity_pause_unpause): 200 GET http://10.0.2.15:8774/v2.1/c0a9514dcdaf4e68aa4a59af4b37f3eb/os-networks 0.354s
2015-12-23 10:33:27,713 21244 DEBUG    [tempest_lib.common.rest_client] Request - Headers: {'Content-Type': 'application/json', 'Accept': 'application/json', 'X-Auth-Token': '&lt;omitted&gt;'}
        Body: None
    Response - Headers: {'status': '200', 'content-length': '479', 'content-location': 'http://10.0.2.15:8774/v2.1/c0a9514dcdaf4e68aa4a59af4b37f3eb/os-networks', 'x-compute-request-id': 'req-904b0665-8b3a-47df-a888-806c6be48ccc', 'vary': 'X-OpenStack-Nova-API-Version', 'connection': 'close', 'x-openstack-nova-api-version': '2.1', 'date': 'Wed, 23 Dec 2015 10:33:27 GMT', 'content-type': 'application/json'}
        Body: {"networks": [{"cidr_v6": null, "dns2": null, "dns1": null, "gateway": null, "broadcast": null, "netmask": null, "gateway_v6": null, "cidr": null, "label": "tempest-network-smoke--1728674935", "id": "f143d1b2-33c8-4ec4-b772-7380736b75ed", "netmask_v6": null}, {"cidr_v6": null, "dns2": null, "dns1": null, "gateway": null, "broadcast": null, "netmask": null, "gateway_v6": null, "cidr": null, "label": "public", "id": "3d0f7678-9a91-4a53-b881-64d4f3aa3d42", "netmask_v6": null}]}
2015-12-23 10:33:27,713 21244 WARNING  [tempest.common.fixed_network] (TestNetworkAdvancedServerOps:test_server_connectivity_pause_unpause) Network with name: private not found
2015-12-23 10:33:27,714 21244 INFO     [tempest.common.fixed_network] (TestNetworkAdvancedServerOps:test_server_connectivity_pause_unpause) Found network {} available for tenant
2015-12-23 10:33:29,296 21244 INFO     [tempest_lib.common.rest_client] Request (TestNetworkAdvancedServerOps:test_server_connectivity_pause_unpause): 202 POST http://10.0.2.15:8774/v2.1/c0a9514dcdaf4e68aa4a59af4b37f3eb/servers 1.580s
2015-12-23 10:33:29,296 21244 DEBUG    [tempest_lib.common.rest_client] Request - Headers: {'Content-Type': 'application/json', 'Accept': 'application/json', 'X-Auth-Token': '&lt;omitted&gt;'}
        Body: {"server": {"name": "tempest.common.compute-instance-1930394141", "imageRef": "b14e75d7-21e8-4dbb-b394-73213198eb8a", "key_name": "tempest-TestNetworkAdvancedServerOps-440683065", "flavorRef": "42", "networks": [{"uuid": "f143d1b2-33c8-4ec4-b772-7380736b75ed"}], "security_groups": [{"name": "tempest-secgroup-smoke-1915506040"}]}}
    Response - Headers: {'status': '202', 'content-length': '462', 'x-compute-request-id': 'req-77008919-66a2-4793-9079-85969641b463', 'vary': 'X-OpenStack-Nova-API-Version', 'connection': 'close', 'location': 'http://10.0.2.15:8774/v2.1/c0a9514dcdaf4e68aa4a59af4b37f3eb/servers/20610006-d5c4-4913-a983-e2bb9cdb176d', 'x-openstack-nova-api-version': '2.1', 'date': 'Wed, 23 Dec 2015 10:33:29 GMT', 'content-type': 'application/json'}
        Body: {"server": {"security_groups": [{"name": "tempest-secgroup-smoke-1915506040"}], "OS-DCF:diskConfig": "MANUAL", "id": "20610006-d5c4-4913-a983-e2bb9cdb176d", "links": [{"href": "http://10.0.2.15:8774/v2.1/c0a9514dcdaf4e68aa4a59af4b37f3eb/servers/20610006-d5c4-4913-a983-e2bb9cdb176d", "rel": "self"}, {"href": "http://10.0.2.15:8774/c0a9514dcdaf4e68aa4a59af4b37f3eb/servers/20610006-d5c4-4913-a983-e2bb9cdb176d", "rel": "bookmark"}], "adminPass": "nE9YNgYDPcQB"}}
2015-12-23 10:33:29,508 21244 INFO     [tempest_lib.common.rest_client] Request (TestNetworkAdvancedServerOps:test_server_connectivity_pause_unpause): 200 GET http://10.0.2.15:8774/v2.1/c0a9514dcdaf4e68aa4a59af4b37f3eb/servers/20610006-d5c4-4913-a983-e2bb9cdb176d 0.208s
2015-12-23 10:33:29,509 21244 DEBUG    [tempest_lib.common.rest_client] Request - Headers: {'Content-Type': 'application/json', 'Accept': 'application/json', 'X-Auth-Token': '&lt;omitted&gt;'}
        Body: None
    Response - Headers: {'status': '200', 'content-length': '1364', 'content-location': 'http://10.0.2.15:8774/v2.1/c0a9514dcdaf4e68aa4a59af4b37f3eb/servers/20610006-d5c4-4913-a983-e2bb9cdb176d', 'x-compute-request-id': 'req-4583cd94-c6f3-4013-a281-8f20e5446d58', 'vary': 'X-OpenStack-Nova-API-Version', 'connection': 'close', 'x-openstack-nova-api-version': '2.1', 'date': 'Wed, 23 Dec 2015 10:33:29 GMT', 'content-type': 'application/json'}
        Body: {"server": {"status": "BUILD", "updated": "2015-12-23T10:33:29Z", "hostId": "", "addresses": {}, "links": [{"href": "http://10.0.2.15:8774/v2.1/c0a9514dcdaf4e68aa4a59af4b37f3eb/servers/20610006-d5c4-4913-a983-e2bb9cdb176d", "rel": "self"}, {"href": "http://10.0.2.15:8774/c0a9514dcdaf4e68aa4a59af4b37f3eb/servers/20610006-d5c4-4913-a983-e2bb9cdb176d", "rel": "bookmark"}], "key_name": "tempest-TestNetworkAdvancedServerOps-440683065", "image": {"id": "b14e75d7-21e8-4dbb-b394-73213198eb8a", "links": [{"href": "http://10.0.2.15:8774/c0a9514dcdaf4e68aa4a59af4b37f3eb/images/b14e75d7-21e8-4dbb-b394-73213198eb8a", "rel": "bookmark"}]}, "OS-EXT-STS:task_state": "scheduling", "OS-EXT-STS:vm_state": "building", "OS-SRV-USG:launched_at": null, "flavor": {"id": "42", "links": [{"href": "http://10.0.2.15:8774/c0a9514dcdaf4e68aa4a59af4b37f3eb/flavors/42", "rel": "bookmark"}]}, "id": "20610006-d5c4-4913-a983-e2bb9cdb176d", "OS-SRV-USG:terminated_at": null, "OS-EXT-AZ:availability_zone": "", "user_id": "bedcbd37060b4cd7a954a6c0fa3f6fc7", "name": "tempest.common.compute-instance-1930394141", "created": "2015-12-23T10:33:29Z", "tenant_id": "c0a9514dcdaf4e68aa4a59af4b37f3eb", "OS-DCF:diskConfig": "MANUAL", "os-extended-volumes:volumes_attached": [], "accessIPv4": "", "accessIPv6": "", "progress": 0, "OS-EXT-STS:power_state": 0, "config_drive": "", "metadata": {}}}
2015-12-23 10:33:30,947 21244 INFO     [tempest_lib.common.rest_client] Request (TestNetworkAdvancedServerOps:test_server_connectivity_pause_unpause): 200 GET http://10.0.2.15:8774/v2.1/c0a9514dcdaf4e68aa4a59af4b37f3eb/servers/20610006-d5c4-4913-a983-e2bb9cdb176d 0.426s
2015-12-23 10:33:30,949 21244 DEBUG    [tempest_lib.common.rest_client] Request - Headers: {'Content-Type': 'application/json', 'Accept': 'application/json', 'X-Auth-Token': '&lt;omitted&gt;'}
        Body: None
    Response - Headers: {'status': '200', 'content-length': '1490', 'content-location': 'http://10.0.2.15:8774/v2.1/c0a9514dcdaf4e68aa4a59af4b37f3eb/servers/20610006-d5c4-4913-a983-e2bb9cdb176d', 'x-compute-request-id': 'req-cc57b538-bc92-491f-9dc3-71ab0f589196', 'vary': 'X-OpenStack-Nova-API-Version', 'connection': 'close', 'x-openstack-nova-api-version': '2.1', 'date': 'Wed, 23 Dec 2015 10:33:30 GMT', 'content-type': 'application/json'}
        Body: {"server": {"status": "BUILD", "updated": "2015-12-23T10:33:30Z", "hostId": "8a0336b25c1dd370649fcc2e1c46db2a44efe1a69c5167262557e8e1", "addresses": {}, "links": [{"href": "http://10.0.2.15:8774/v2.1/c0a9514dcdaf4e68aa4a59af4b37f3eb/servers/20610006-d5c4-4913-a983-e2bb9cdb176d", "rel": "self"}, {"href": "http://10.0.2.15:8774/c0a9514dcdaf4e68aa4a59af4b37f3eb/servers/20610006-d5c4-4913-a983-e2bb9cdb176d", "rel": "bookmark"}], "key_name": "tempest-TestNetworkAdvancedServerOps-440683065", "image": {"id": "b14e75d7-21e8-4dbb-b394-73213198eb8a", "links": [{"href": "http://10.0.2.15:8774/c0a9514dcdaf4e68aa4a59af4b37f3eb/images/b14e75d7-21e8-4dbb-b394-73213198eb8a", "rel": "bookmark"}]}, "OS-EXT-STS:task_state": "spawning", "OS-EXT-STS:vm_state": "building", "OS-SRV-USG:launched_at": null, "flavor": {"id": "42", "links": [{"href": "http://10.0.2.15:8774/c0a9514dcdaf4e68aa4a59af4b37f3eb/flavors/42", "rel": "bookmark"}]}, "id": "20610006-d5c4-4913-a983-e2bb9cdb176d", "security_groups": [{"name": "tempest-secgroup-smoke-1915506040"}], "OS-SRV-USG:terminated_at": null, "OS-EXT-AZ:availability_zone": "nova", "user_id": "bedcbd37060b4cd7a954a6c0fa3f6fc7", "name": "tempest.common.compute-instance-1930394141", "created": "2015-12-23T10:33:29Z", "tenant_id": "c0a9514dcdaf4e68aa4a59af4b37f3eb", "OS-DCF:diskConfig": "MANUAL", "os-extended-volumes:volumes_attached": [], "accessIPv4": "", "accessIPv6": "", "progress": 0, "OS-EXT-STS:power_state": 0, "config_drive": "", "metadata": {}}}
2015-12-23 10:33:30,957 21244 INFO     [tempest.common.waiters] State transition "BUILD/scheduling" ==&gt; "BUILD/spawning" after 1 second wait
2015-12-23 10:33:32,319 21244 INFO     [tempest_lib.common.rest_client] Request (TestNetworkAdvancedServerOps:test_server_connectivity_pause_unpause): 200 GET http://10.0.2.15:8774/v2.1/c0a9514dcdaf4e68aa4a59af4b37f3eb/servers/20610006-d5c4-4913-a983-e2bb9cdb176d 0.359s
2015-12-23 10:33:32,319 21244 DEBUG    [tempest_lib.common.rest_client] Request - Headers: {'Content-Type': 'application/json', 'Accept': 'application/json', 'X-Auth-Token': '&lt;omitted&gt;'}
        Body: None
    Response - Headers: {'status': '200', 'content-length': '1490', 'content-location': 'http://10.0.2.15:8774/v2.1/c0a9514dcdaf4e68aa4a59af4b37f3eb/servers/20610006-d5c4-4913-a983-e2bb9cdb176d', 'x-compute-request-id': 'req-4b6fdeb7-d675-4444-8344-df4d7c57e700', 'vary': 'X-OpenStack-Nova-API-Version', 'connection': 'close', 'x-openstack-nova-api-version': '2.1', 'date': 'Wed, 23 Dec 2015 10:33:32 GMT', 'content-type': 'application/json'}
        Body: {"server": {"status": "BUILD", "updated": "2015-12-23T10:33:30Z", "hostId": "8a0336b25c1dd370649fcc2e1c46db2a44efe1a69c5167262557e8e1", "addresses": {}, "links": [{"href": "http://10.0.2.15:8774/v2.1/c0a9514dcdaf4e68aa4a59af4b37f3eb/servers/20610006-d5c4-4913-a983-e2bb9cdb176d", "rel": "self"}, {"href": "http://10.0.2.15:8774/c0a9514dcdaf4e68aa4a59af4b37f3eb/servers/20610006-d5c4-4913-a983-e2bb9cdb176d", "rel": "bookmark"}], "key_name": "tempest-TestNetworkAdvancedServerOps-440683065", "image": {"id": "b14e75d7-21e8-4dbb-b394-73213198eb8a", "links": [{"href": "http://10.0.2.15:8774/c0a9514dcdaf4e68aa4a59af4b37f3eb/images/b14e75d7-21e8-4dbb-b394-73213198eb8a", "rel": "bookmark"}]}, "OS-EXT-STS:task_state": "spawning", "OS-EXT-STS:vm_state": "building", "OS-SRV-USG:launched_at": null, "flavor": {"id": "42", "links": [{"href": "http://10.0.2.15:8774/c0a9514dcdaf4e68aa4a59af4b37f3eb/flavors/42", "rel": "bookmark"}]}, "id": "20610006-d5c4-4913-a983-e2bb9cdb176d", "security_groups": [{"name": "tempest-secgroup-smoke-1915506040"}], "OS-SRV-USG:terminated_at": null, "OS-EXT-AZ:availability_zone": "nova", "user_id": "bedcbd37060b4cd7a954a6c0fa3f6fc7", "name": "tempest.common.compute-instance-1930394141", "created": "2015-12-23T10:33:29Z", "tenant_id": "c0a9514dcdaf4e68aa4a59af4b37f3eb", "OS-DCF:diskConfig": "MANUAL", "os-extended-volumes:volumes_attached": [], "accessIPv4": "", "accessIPv6": "", "progress": 0, "OS-EXT-STS:power_state": 0, "config_drive": "", "metadata": {}}}
2015-12-23 10:33:33,528 21244 INFO     [tempest_lib.common.rest_client] Request (TestNetworkAdvancedServerOps:test_server_connectivity_pause_unpause): 200 GET http://10.0.2.15:8774/v2.1/c0a9514dcdaf4e68aa4a59af4b37f3eb/servers/20610006-d5c4-4913-a983-e2bb9cdb176d 0.197s
2015-12-23 10:33:33,528 21244 DEBUG    [tempest_lib.common.rest_client] Request - Headers: {'Content-Type': 'application/json', 'Accept': 'application/json', 'X-Auth-Token': '&lt;omitted&gt;'}
        Body: None
    Response - Headers: {'status': '200', 'content-length': '1662', 'content-location': 'http://10.0.2.15:8774/v2.1/c0a9514dcdaf4e68aa4a59af4b37f3eb/servers/20610006-d5c4-4913-a983-e2bb9cdb176d', 'x-compute-request-id': 'req-ff85625e-d9dc-4a7d-8847-3bd4bfe62986', 'vary': 'X-OpenStack-Nova-API-Version', 'connection': 'close', 'x-openstack-nova-api-version': '2.1', 'date': 'Wed, 23 Dec 2015 10:33:33 GMT', 'content-type': 'application/json'}
        Body: {"server": {"status": "ACTIVE", "updated": "2015-12-23T10:33:32Z", "hostId": "8a0336b25c1dd370649fcc2e1c46db2a44efe1a69c5167262557e8e1", "addresses": {"tempest-network-smoke--1728674935": [{"OS-EXT-IPS-MAC:mac_addr": "fa:16:3e:df:aa:68", "version": 4, "addr": "10.100.0.3", "OS-EXT-IPS:type": "fixed"}]}, "links": [{"href": "http://10.0.2.15:8774/v2.1/c0a9514dcdaf4e68aa4a59af4b37f3eb/servers/20610006-d5c4-4913-a983-e2bb9cdb176d", "rel": "self"}, {"href": "http://10.0.2.15:8774/c0a9514dcdaf4e68aa4a59af4b37f3eb/servers/20610006-d5c4-4913-a983-e2bb9cdb176d", "rel": "bookmark"}], "key_name": "tempest-TestNetworkAdvancedServerOps-440683065", "image": {"id": "b14e75d7-21e8-4dbb-b394-73213198eb8a", "links": [{"href": "http://10.0.2.15:8774/c0a9514dcdaf4e68aa4a59af4b37f3eb/images/b14e75d7-21e8-4dbb-b394-73213198eb8a", "rel": "bookmark"}]}, "OS-EXT-STS:task_state": null, "OS-EXT-STS:vm_state": "active", "OS-SRV-USG:launched_at": "2015-12-23T10:33:32.000000", "flavor": {"id": "42", "links": [{"href": "http://10.0.2.15:8774/c0a9514dcdaf4e68aa4a59af4b37f3eb/flavors/42", "rel": "bookmark"}]}, "id": "20610006-d5c4-4913-a983-e2bb9cdb176d", "security_groups": [{"name": "tempest-secgroup-smoke-1915506040"}], "OS-SRV-USG:terminated_at": null, "OS-EXT-AZ:availability_zone": "nova", "user_id": "bedcbd37060b4cd7a954a6c0fa3f6fc7", "name": "tempest.common.compute-instance-1930394141", "created": "2015-12-23T10:33:29Z", "tenant_id": "c0a9514dcdaf4e68aa4a59af4b37f3eb", "OS-DCF:diskConfig": "MANUAL", "os-extended-volumes:volumes_attached": [], "accessIPv4": "", "accessIPv6": "", "progress": 0, "OS-EXT-STS:power_state": 1, "config_drive": "True", "metadata": {}}}
2015-12-23 10:33:33,537 21244 INFO     [tempest.common.waiters] State transition "BUILD/spawning" ==&gt; "ACTIVE/None" after 4 second wait
2015-12-23 10:33:33,764 21244 INFO     [tempest_lib.common.rest_client] Request (TestNetworkAdvancedServerOps:test_server_connectivity_pause_unpause): 200 GET http://10.0.2.15:8774/v2.1/c0a9514dcdaf4e68aa4a59af4b37f3eb/servers/20610006-d5c4-4913-a983-e2bb9cdb176d 0.226s
2015-12-23 10:33:33,765 21244 DEBUG    [tempest_lib.common.rest_client] Request - Headers: {'Content-Type': 'application/json', 'Accept': 'application/json', 'X-Auth-Token': '&lt;omitted&gt;'}
        Body: None
    Response - Headers: {'status': '200', 'content-length': '1662', 'content-location': 'http://10.0.2.15:8774/v2.1/c0a9514dcdaf4e68aa4a59af4b37f3eb/servers/20610006-d5c4-4913-a983-e2bb9cdb176d', 'x-compute-request-id': 'req-8b2607ea-81e4-43ba-b861-8486e144e910', 'vary': 'X-OpenStack-Nova-API-Version', 'connection': 'close', 'x-openstack-nova-api-version': '2.1', 'date': 'Wed, 23 Dec 2015 10:33:33 GMT', 'content-type': 'application/json'}
        Body: {"server": {"status": "ACTIVE", "updated": "2015-12-23T10:33:32Z", "hostId": "8a0336b25c1dd370649fcc2e1c46db2a44efe1a69c5167262557e8e1", "addresses": {"tempest-network-smoke--1728674935": [{"OS-EXT-IPS-MAC:mac_addr": "fa:16:3e:df:aa:68", "version": 4, "addr": "10.100.0.3", "OS-EXT-IPS:type": "fixed"}]}, "links": [{"href": "http://10.0.2.15:8774/v2.1/c0a9514dcdaf4e68aa4a59af4b37f3eb/servers/20610006-d5c4-4913-a983-e2bb9cdb176d", "rel": "self"}, {"href": "http://10.0.2.15:8774/c0a9514dcdaf4e68aa4a59af4b37f3eb/servers/20610006-d5c4-4913-a983-e2bb9cdb176d", "rel": "bookmark"}], "key_name": "tempest-TestNetworkAdvancedServerOps-440683065", "image": {"id": "b14e75d7-21e8-4dbb-b394-73213198eb8a", "links": [{"href": "http://10.0.2.15:8774/c0a9514dcdaf4e68aa4a59af4b37f3eb/images/b14e75d7-21e8-4dbb-b394-73213198eb8a", "rel": "bookmark"}]}, "OS-EXT-STS:task_state": null, "OS-EXT-STS:vm_state": "active", "OS-SRV-USG:launched_at": "2015-12-23T10:33:32.000000", "flavor": {"id": "42", "links": [{"href": "http://10.0.2.15:8774/c0a9514dcdaf4e68aa4a59af4b37f3eb/flavors/42", "rel": "bookmark"}]}, "id": "20610006-d5c4-4913-a983-e2bb9cdb176d", "security_groups": [{"name": "tempest-secgroup-smoke-1915506040"}], "OS-SRV-USG:terminated_at": null, "OS-EXT-AZ:availability_zone": "nova", "user_id": "bedcbd37060b4cd7a954a6c0fa3f6fc7", "name": "tempest.common.compute-instance-1930394141", "created": "2015-12-23T10:33:29Z", "tenant_id": "c0a9514dcdaf4e68aa4a59af4b37f3eb", "OS-DCF:diskConfig": "MANUAL", "os-extended-volumes:volumes_attached": [], "accessIPv4": "", "accessIPv6": "", "progress": 0, "OS-EXT-STS:power_state": 1, "config_drive": "True", "metadata": {}}}
2015-12-23 10:33:33,920 21244 INFO     [tempest_lib.common.rest_client] Request (TestNetworkAdvancedServerOps:test_server_connectivity_pause_unpause): 200 GET http://10.0.2.15:9696/v2.0/ports?status=ACTIVE&amp;fixed_ip=None&amp;device_id=20610006-d5c4-4913-a983-e2bb9cdb176d 0.147s
2015-12-23 10:33:33,921 21244 DEBUG    [tempest_lib.common.rest_client] Request - Headers: {'Content-Type': 'application/json', 'Accept': 'application/json', 'X-Auth-Token': '&lt;omitted&gt;'}
        Body: None
    Response - Headers: {'status': '200', 'content-length': '895', 'content-location': 'http://10.0.2.15:9696/v2.0/ports?status=ACTIVE&amp;fixed_ip=None&amp;device_id=20610006-d5c4-4913-a983-e2bb9cdb176d', 'connection': 'close', 'date': 'Wed, 23 Dec 2015 10:33:33 GMT', 'content-type': 'application/json; charset=UTF-8', 'x-openstack-request-id': 'req-af992485-ccd9-414a-9ad9-fb5f794be669'}
        Body: {"ports": [{"status": "ACTIVE", "binding:host_id": "vagrant-ubuntu-trusty-64", "allowed_address_pairs": [], "extra_dhcp_opts": [], "dns_assignment": [{"hostname": "host-10-100-0-3", "ip_address": "10.100.0.3", "fqdn": "host-10-100-0-3.openstacklocal."}], "device_owner": "compute:None", "port_security_enabled": true, "binding:profile": {}, "fixed_ips": [{"subnet_id": "4cba04c1-80d4-454d-b373-f170a19d9fa0", "ip_address": "10.100.0.3"}], "id": "d352ddc9-2c8a-4d39-b0a3-e25f228ec205", "security_groups": ["acdde903-bd66-420b-af1f-a6f859b3ffb0"], "device_id": "20610006-d5c4-4913-a983-e2bb9cdb176d", "name": "", "admin_state_up": true, "network_id": "f143d1b2-33c8-4ec4-b772-7380736b75ed", "dns_name": "", "binding:vif_details": {"port_filter": true}, "binding:vnic_type": "normal", "binding:vif_type": "ovs", "tenant_id": "c0a9514dcdaf4e68aa4a59af4b37f3eb", "mac_address": "fa:16:3e:df:aa:68"}]}
2015-12-23 10:33:34,584 21244 INFO     [tempest_lib.common.rest_client] Request (TestNetworkAdvancedServerOps:test_server_connectivity_pause_unpause): 201 POST http://10.0.2.15:9696/v2.0/floatingips 0.663s
2015-12-23 10:33:34,585 21244 DEBUG    [tempest_lib.common.rest_client] Request - Headers: {'Content-Type': 'application/json', 'Accept': 'application/json', 'X-Auth-Token': '&lt;omitted&gt;'}
        Body: {"floatingip": {"floating_network_id": "3d0f7678-9a91-4a53-b881-64d4f3aa3d42", "tenant_id": "c0a9514dcdaf4e68aa4a59af4b37f3eb", "fixed_ip_address": "10.100.0.3", "port_id": "d352ddc9-2c8a-4d39-b0a3-e25f228ec205"}}
    Response - Headers: {'status': '201', 'content-length': '367', 'connection': 'close', 'date': 'Wed, 23 Dec 2015 10:33:34 GMT', 'content-type': 'application/json; charset=UTF-8', 'x-openstack-request-id': 'req-45527dbe-f606-476b-9f86-bbc53b36ba72'}
        Body: {"floatingip": {"floating_network_id": "3d0f7678-9a91-4a53-b881-64d4f3aa3d42", "router_id": "bfc4e031-067f-47fd-99bd-19ea170e32aa", "fixed_ip_address": "10.100.0.3", "floating_ip_address": "172.24.4.4", "tenant_id": "c0a9514dcdaf4e68aa4a59af4b37f3eb", "status": "DOWN", "port_id": "d352ddc9-2c8a-4d39-b0a3-e25f228ec205", "id": "f9510077-23d5-45ca-920d-f8dbe41dbd9d"}}
2015-12-23 10:33:34,795 21244 INFO     [tempest_lib.common.rest_client] Request (TestNetworkAdvancedServerOps:test_server_connectivity_pause_unpause): 200 GET http://10.0.2.15:8774/v2.1/c0a9514dcdaf4e68aa4a59af4b37f3eb/servers/20610006-d5c4-4913-a983-e2bb9cdb176d 0.209s
2015-12-23 10:33:34,795 21244 DEBUG    [tempest_lib.common.rest_client] Request - Headers: {'Content-Type': 'application/json', 'Accept': 'application/json', 'X-Auth-Token': '&lt;omitted&gt;'}
        Body: None
    Response - Headers: {'status': '200', 'content-length': '1662', 'content-location': 'http://10.0.2.15:8774/v2.1/c0a9514dcdaf4e68aa4a59af4b37f3eb/servers/20610006-d5c4-4913-a983-e2bb9cdb176d', 'x-compute-request-id': 'req-8afa2694-7955-489d-bbaf-6491910a6677', 'vary': 'X-OpenStack-Nova-API-Version', 'connection': 'close', 'x-openstack-nova-api-version': '2.1', 'date': 'Wed, 23 Dec 2015 10:33:34 GMT', 'content-type': 'application/json'}
        Body: {"server": {"status": "ACTIVE", "updated": "2015-12-23T10:33:32Z", "hostId": "8a0336b25c1dd370649fcc2e1c46db2a44efe1a69c5167262557e8e1", "addresses": {"tempest-network-smoke--1728674935": [{"OS-EXT-IPS-MAC:mac_addr": "fa:16:3e:df:aa:68", "version": 4, "addr": "10.100.0.3", "OS-EXT-IPS:type": "fixed"}]}, "links": [{"href": "http://10.0.2.15:8774/v2.1/c0a9514dcdaf4e68aa4a59af4b37f3eb/servers/20610006-d5c4-4913-a983-e2bb9cdb176d", "rel": "self"}, {"href": "http://10.0.2.15:8774/c0a9514dcdaf4e68aa4a59af4b37f3eb/servers/20610006-d5c4-4913-a983-e2bb9cdb176d", "rel": "bookmark"}], "key_name": "tempest-TestNetworkAdvancedServerOps-440683065", "image": {"id": "b14e75d7-21e8-4dbb-b394-73213198eb8a", "links": [{"href": "http://10.0.2.15:8774/c0a9514dcdaf4e68aa4a59af4b37f3eb/images/b14e75d7-21e8-4dbb-b394-73213198eb8a", "rel": "bookmark"}]}, "OS-EXT-STS:task_state": null, "OS-EXT-STS:vm_state": "active", "OS-SRV-USG:launched_at": "2015-12-23T10:33:32.000000", "flavor": {"id": "42", "links": [{"href": "http://10.0.2.15:8774/c0a9514dcdaf4e68aa4a59af4b37f3eb/flavors/42", "rel": "bookmark"}]}, "id": "20610006-d5c4-4913-a983-e2bb9cdb176d", "security_groups": [{"name": "tempest-secgroup-smoke-1915506040"}], "OS-SRV-USG:terminated_at": null, "OS-EXT-AZ:availability_zone": "nova", "user_id": "bedcbd37060b4cd7a954a6c0fa3f6fc7", "name": "tempest.common.compute-instance-1930394141", "created": "2015-12-23T10:33:29Z", "tenant_id": "c0a9514dcdaf4e68aa4a59af4b37f3eb", "OS-DCF:diskConfig": "MANUAL", "os-extended-volumes:volumes_attached": [], "accessIPv4": "", "accessIPv6": "", "progress": 0, "OS-EXT-STS:power_state": 1, "config_drive": "True", "metadata": {}}}
2015-12-23 10:33:34,804 21244 INFO     [tempest.scenario.manager] Tenant networks not configured to be reachable.
2015-12-23 10:33:34,817 21244 INFO     [tempest_lib.common.rest_client] Request (TestNetworkAdvancedServerOps:test_server_connectivity_pause_unpause): 200 GET http://10.0.2.15:9696/v2.0/floatingips/f9510077-23d5-45ca-920d-f8dbe41dbd9d 0.013s
2015-12-23 10:33:34,817 21244 DEBUG    [tempest_lib.common.rest_client] Request - Headers: {'Content-Type': 'application/json', 'Accept': 'application/json', 'X-Auth-Token': '&lt;omitted&gt;'}
        Body: None
    Response - Headers: {'status': '200', 'content-length': '367', 'content-location': 'http://10.0.2.15:9696/v2.0/floatingips/f9510077-23d5-45ca-920d-f8dbe41dbd9d', 'connection': 'close', 'date': 'Wed, 23 Dec 2015 10:33:34 GMT', 'content-type': 'application/json; charset=UTF-8', 'x-openstack-request-id': 'req-9fecfc85-8eaa-4c1c-b053-1609967202a3'}
        Body: {"floatingip": {"floating_network_id": "3d0f7678-9a91-4a53-b881-64d4f3aa3d42", "router_id": "bfc4e031-067f-47fd-99bd-19ea170e32aa", "fixed_ip_address": "10.100.0.3", "floating_ip_address": "172.24.4.4", "tenant_id": "c0a9514dcdaf4e68aa4a59af4b37f3eb", "status": "DOWN", "port_id": "d352ddc9-2c8a-4d39-b0a3-e25f228ec205", "id": "f9510077-23d5-45ca-920d-f8dbe41dbd9d"}}
2015-12-23 10:33:35,833 21244 INFO     [tempest_lib.common.rest_client] Request (TestNetworkAdvancedServerOps:test_server_connectivity_pause_unpause): 200 GET http://10.0.2.15:9696/v2.0/floatingips/f9510077-23d5-45ca-920d-f8dbe41dbd9d 0.013s
2015-12-23 10:33:35,833 21244 DEBUG    [tempest_lib.common.rest_client] Request - Headers: {'Content-Type': 'application/json', 'Accept': 'application/json', 'X-Auth-Token': '&lt;omitted&gt;'}
        Body: None
    Response - Headers: {'status': '200', 'content-length': '369', 'content-location': 'http://10.0.2.15:9696/v2.0/floatingips/f9510077-23d5-45ca-920d-f8dbe41dbd9d', 'connection': 'close', 'date': 'Wed, 23 Dec 2015 10:33:35 GMT', 'content-type': 'application/json; charset=UTF-8', 'x-openstack-request-id': 'req-ba292ad8-5e26-41b9-b1a7-9eb1f841c049'}
        Body: {"floatingip": {"floating_network_id": "3d0f7678-9a91-4a53-b881-64d4f3aa3d42", "router_id": "bfc4e031-067f-47fd-99bd-19ea170e32aa", "fixed_ip_address": "10.100.0.3", "floating_ip_address": "172.24.4.4", "tenant_id": "c0a9514dcdaf4e68aa4a59af4b37f3eb", "status": "ACTIVE", "port_id": "d352ddc9-2c8a-4d39-b0a3-e25f228ec205", "id": "f9510077-23d5-45ca-920d-f8dbe41dbd9d"}}
2015-12-23 10:33:35,833 21244 INFO     [tempest.scenario.manager] FloatingIP: &lt;"FloatingIP" addr="172.24.4.4" id="f9510077-23d5-45ca-920d-f8dbe41dbd9d"&gt; is at status: ACTIVE
2015-12-23 10:33:35,834 21244 DEBUG    [tempest.scenario.manager] checking network connections to IP 172.24.4.4 with user: cirros
2015-12-23 10:33:35,834 21244 DEBUG    [tempest.scenario.manager] TestNetworkAdvancedServerOps:test_server_connectivity_pause_unpause begins to ping 172.24.4.4 in 120 sec and the expected result is reachable
2015-12-23 10:35:36,158 21244 DEBUG    [tempest.scenario.manager] TestNetworkAdvancedServerOps:test_server_connectivity_pause_unpause finishes ping 172.24.4.4 in 120 sec and the ping result is unexpected
2015-12-23 10:35:36,159 21244 ERROR    [tempest.scenario.manager] Public network connectivity check failed
2015-12-23 10:35:36.159 21244 ERROR tempest.scenario.manager Traceback (most recent call last):
2015-12-23 10:35:36.159 21244 ERROR tempest.scenario.manager   File "tempest/scenario/manager.py", line 609, in check_public_network_connectivity
2015-12-23 10:35:36.159 21244 ERROR tempest.scenario.manager     should_connect=should_connect)
2015-12-23 10:35:36.159 21244 ERROR tempest.scenario.manager   File "tempest/scenario/manager.py", line 593, in check_vm_connectivity
2015-12-23 10:35:36.159 21244 ERROR tempest.scenario.manager     msg=msg)
2015-12-23 10:35:36.159 21244 ERROR tempest.scenario.manager   File "/usr/local/lib/python2.7/dist-packages/unittest2/case.py", line 702, in assertTrue
2015-12-23 10:35:36.159 21244 ERROR tempest.scenario.manager     raise self.failureException(msg)
2015-12-23 10:35:36.159 21244 ERROR tempest.scenario.manager AssertionError: False is not true : Timed out waiting for 172.24.4.4 to become reachable
2015-12-23 10:35:36.159 21244 ERROR tempest.scenario.manager 
2015-12-23 10:35:36,388 21244 INFO     [tempest_lib.common.rest_client] Request (TestNetworkAdvancedServerOps:test_server_connectivity_pause_unpause): 200 POST http://10.0.2.15:8774/v2.1/c0a9514dcdaf4e68aa4a59af4b37f3eb/servers/20610006-d5c4-4913-a983-e2bb9cdb176d/action 0.225s
2015-12-23 10:35:36,389 21244 DEBUG    [tempest_lib.common.rest_client] Request - Headers: {'Content-Type': 'application/json', 'Accept': 'application/json', 'X-Auth-Token': '&lt;omitted&gt;'}
        Body: {"os-getConsoleOutput": {}}
    Response - Headers: {'status': '200', 'content-length': '17627', 'x-compute-request-id': 'req-e5906ef8-e732-4d3f-a540-5265104de2f4', 'vary': 'X-OpenStack-Nova-API-Version', 'connection': 'close', 'x-openstack-nova-api-version': '2.1', 'date': 'Wed, 23 Dec 2015 10:35:36 GMT', 'content-type': 'application/json'}
        Body: {"output": "[    0.000000] Initializing cgroup subsys cpuset\n[    0.000000] Initializing cgroup subsys cpu\n[    0.000000] Linux version 3.2.0-80-virtual (buildd@batsu) (gcc version 4.6.3 (Ubuntu/Linaro 4.6.3-1ubuntu5) ) #116-Ubuntu SMP Mon Mar 23 17:28:52 UTC 2015 (Ubuntu 3.2.0-80.116-virtual 3.2.68)\n[    0.000000] Command line: root=/dev/vda console=tty0 console=ttyS0 no_timer_check\n[    0.000000] KERNEL supported cpus:\n[    0.000000]   Intel GenuineIntel\n[    0.000000]   AMD AuthenticAMD\n[    0.000000]   Centaur CentaurHauls\n[    0.000000] BIOS-provided physical RAM map:\n[    0.000000]  BIOS-e820: 0000000000000000 - 000000000009fc00 (usable)\n[    0.000000]  BIOS-e820: 000000000009fc00 - 00000000000a0000 (reserved)\n[    0.000000]  BIOS-e820: 00000000000f0000 - 0000000000100000 (reserved)\n[    0.000000]  BIOS-e820: 0000000000100000 - 0000000003ffe000 (usable)\n[    0.000000]  BIOS-e820: 0000000003ffe000 - 0000000004000000 (reserved)\n[    0.000000]  BIOS-e820: 00000000fffc0000 - 0000000100000000 (reserved)\n[    0.000000] NX (Execute Disable) protection: active\n[    0.000000] SMBIOS 2.4 present.\n[    0.000000] No AGP bridge found\n[    0.000000] last_pfn = 0x3ffe max_arch_pfn = 0x400000000\n[    0.000000] x86 PAT enabled: cpu 0, old 0x7040600070406, new 0x7010600070106\n[    0.000000] found SMP MP-table at [ffff8800000f0b00] f0b00\n[    0.000000] init_memory_mapping: 0000000000000000-0000000003ffe000\n[    0.000000] RAMDISK: 03c5e000 - 03ff0000\n[    0.000000] ACPI: RSDP 00000000000f0950 00014 (v00 BOCHS )\n[    0.000000] ACPI: RSDT 0000000003fffbc1 00034 (v01 BOCHS  BXPCRSDT 00000001 BXPC 00000001)\n[    0.000000] ACPI: FACP 0000000003fff1c0 00074 (v01 BOCHS  BXPCFACP 00000001 BXPC 00000001)\n[    0.000000] ACPI: DSDT 0000000003ffe040 01180 (v01 BOCHS  BXPCDSDT 00000001 BXPC 00000001)\n[    0.000000] ACPI: FACS 0000000003ffe000 00040\n[    0.000000] ACPI: SSDT 0000000003fff234 008DD (v01 BOCHS  BXPCSSDT 00000001 BXPC 00000001)\n[    0.000000] ACPI: APIC 0000000003fffb11 00078 (v01 BOCHS  BXPCAPIC 00000001 BXPC 00000001)\n[    0.000000] ACPI: HPET 0000000003fffb89 00038 (v01 BOCHS  BXPCHPET 00000001 BXPC 00000001)\n[    0.000000] No NUMA configuration found\n[    0.000000] Faking a node at 0000000000000000-0000000003ffe000\n[    0.000000] Initmem setup node 0 0000000000000000-0000000003ffe000\n[    0.000000]   NODE_DATA [0000000003ff6000 - 0000000003ffafff]\n[    0.000000] Zone PFN ranges:\n[    0.000000]   DMA      0x00000010 -&gt; 0x00001000\n[    0.000000]   DMA32    0x00001000 -&gt; 0x00100000\n[    0.000000]   Normal   empty\n[    0.000000] Movable zone start PFN for each node\n[    0.000000] early_node_map[2] active PFN ranges\n[    0.000000]     0: 0x00000010 -&gt; 0x0000009f\n[    0.000000]     0: 0x00000100 -&gt; 0x00003ffe\n[    0.000000] ACPI: PM-Timer IO Port: 0xb008\n[    0.000000] ACPI: LAPIC (acpi_id[0x00] lapic_id[0x00] enabled)\n[    0.000000] ACPI: LAPIC_NMI (acpi_id[0xff] dfl dfl lint[0x1])\n[    0.000000] ACPI: IOAPIC (id[0x00] address[0xfec00000] gsi_base[0])\n[    0.000000] IOAPIC[0]: apic_id 0, version 17, address 0xfec00000, GSI 0-23\n[    0.000000] ACPI: INT_SRC_OVR (bus 0 bus_irq 0 global_irq 2 dfl dfl)\n[    0.000000] ACPI: INT_SRC_OVR (bus 0 bus_irq 5 global_irq 5 high level)\n[    0.000000] ACPI: INT_SRC_OVR (bus 0 bus_irq 9 global_irq 9 high level)\n[    0.000000] ACPI: INT_SRC_OVR (bus 0 bus_irq 10 global_irq 10 high level)\n[    0.000000] ACPI: INT_SRC_OVR (bus 0 bus_irq 11 global_irq 11 high level)\n[    0.000000] Using ACPI (MADT) for SMP configuration information\n[    0.000000] ACPI: HPET id: 0x8086a201 base: 0xfed00000\n[    0.000000] SMP: Allowing 1 CPUs, 0 hotplug CPUs\n[    0.000000] PM: Registered nosave memory: 000000000009f000 - 00000000000a0000\n[    0.000000] PM: Registered nosave memory: 00000000000a0000 - 00000000000f0000\n[    0.000000] PM: Registered nosave memory: 00000000000f0000 - 0000000000100000\n[    0.000000] Allocating PCI resources starting at 4000000 (gap: 4000000:fbfc0000)\n[    0.000000] Booting paravirtualized kernel on bare hardware\n[    0.000000] setup_pe
2015-12-23 10:35:36,393 21244 DEBUG    [tempest.scenario.manager] Console output for 20610006-d5c4-4913-a983-e2bb9cdb176d
body=
[    0.000000] Initializing cgroup subsys cpuset
[    0.000000] Initializing cgroup subsys cpu
[    0.000000] Linux version 3.2.0-80-virtual (buildd@batsu) (gcc version 4.6.3 (Ubuntu/Linaro 4.6.3-1ubuntu5) ) #116-Ubuntu SMP Mon Mar 23 17:28:52 UTC 2015 (Ubuntu 3.2.0-80.116-virtual 3.2.68)
[    0.000000] Command line: root=/dev/vda console=tty0 console=ttyS0 no_timer_check
[    0.000000] KERNEL supported cpus:
[    0.000000]   Intel GenuineIntel
[    0.000000]   AMD AuthenticAMD
[    0.000000]   Centaur CentaurHauls
[    0.000000] BIOS-provided physical RAM map:
[    0.000000]  BIOS-e820: 0000000000000000 - 000000000009fc00 (usable)
[    0.000000]  BIOS-e820: 000000000009fc00 - 00000000000a0000 (reserved)
[    0.000000]  BIOS-e820: 00000000000f0000 - 0000000000100000 (reserved)
[    0.000000]  BIOS-e820: 0000000000100000 - 0000000003ffe000 (usable)
[    0.000000]  BIOS-e820: 0000000003ffe000 - 0000000004000000 (reserved)
[    0.000000]  BIOS-e820: 00000000fffc0000 - 0000000100000000 (reserved)
[    0.000000] NX (Execute Disable) protection: active
[    0.000000] SMBIOS 2.4 present.
[    0.000000] No AGP bridge found
[    0.000000] last_pfn = 0x3ffe max_arch_pfn = 0x400000000
[    0.000000] x86 PAT enabled: cpu 0, old 0x7040600070406, new 0x7010600070106
[    0.000000] found SMP MP-table at [ffff8800000f0b00] f0b00
[    0.000000] init_memory_mapping: 0000000000000000-0000000003ffe000
[    0.000000] RAMDISK: 03c5e000 - 03ff0000
[    0.000000] ACPI: RSDP 00000000000f0950 00014 (v00 BOCHS )
[    0.000000] ACPI: RSDT 0000000003fffbc1 00034 (v01 BOCHS  BXPCRSDT 00000001 BXPC 00000001)
[    0.000000] ACPI: FACP 0000000003fff1c0 00074 (v01 BOCHS  BXPCFACP 00000001 BXPC 00000001)
[    0.000000] ACPI: DSDT 0000000003ffe040 01180 (v01 BOCHS  BXPCDSDT 00000001 BXPC 00000001)
[    0.000000] ACPI: FACS 0000000003ffe000 00040
[    0.000000] ACPI: SSDT 0000000003fff234 008DD (v01 BOCHS  BXPCSSDT 00000001 BXPC 00000001)
[    0.000000] ACPI: APIC 0000000003fffb11 00078 (v01 BOCHS  BXPCAPIC 00000001 BXPC 00000001)
[    0.000000] ACPI: HPET 0000000003fffb89 00038 (v01 BOCHS  BXPCHPET 00000001 BXPC 00000001)
[    0.000000] No NUMA configuration found
[    0.000000] Faking a node at 0000000000000000-0000000003ffe000
[    0.000000] Initmem setup node 0 0000000000000000-0000000003ffe000
[    0.000000]   NODE_DATA [0000000003ff6000 - 0000000003ffafff]
[    0.000000] Zone PFN ranges:
[    0.000000]   DMA      0x00000010 -&gt; 0x00001000
[    0.000000]   DMA32    0x00001000 -&gt; 0x00100000
[    0.000000]   Normal   empty
[    0.000000] Movable zone start PFN for each node
[    0.000000] early_node_map[2] active PFN ranges
[    0.000000]     0: 0x00000010 -&gt; 0x0000009f
[    0.000000]     0: 0x00000100 -&gt; 0x00003ffe
[    0.000000] ACPI: PM-Timer IO Port: 0xb008
[    0.000000] ACPI: LAPIC (acpi_id[0x00] lapic_id[0x00] enabled)
[    0.000000] ACPI: LAPIC_NMI (acpi_id[0xff] dfl dfl lint[0x1])
[    0.000000] ACPI: IOAPIC (id[0x00] address[0xfec00000] gsi_base[0])
[    0.000000] IOAPIC[0]: apic_id 0, version 17, address 0xfec00000, GSI 0-23
[    0.000000] ACPI: INT_SRC_OVR (bus 0 bus_irq 0 global_irq 2 dfl dfl)
[    0.000000] ACPI: INT_SRC_OVR (bus 0 bus_irq 5 global_irq 5 high level)
[    0.000000] ACPI: INT_SRC_OVR (bus 0 bus_irq 9 global_irq 9 high level)
[    0.000000] ACPI: INT_SRC_OVR (bus 0 bus_irq 10 global_irq 10 high level)
[    0.000000] ACPI: INT_SRC_OVR (bus 0 bus_irq 11 global_irq 11 high level)
[    0.000000] Using ACPI (MADT) for SMP configuration information
[    0.000000] ACPI: HPET id: 0x8086a201 base: 0xfed00000
[    0.000000] SMP: Allowing 1 CPUs, 0 hotplug CPUs
[    0.000000] PM: Registered nosave memory: 000000000009f000 - 00000000000a0000
[    0.000000] PM: Registered nosave memory: 00000000000a0000 - 00000000000f0000
[    0.000000] PM: Registered nosave memory: 00000000000f0000 - 0000000000100000
[    0.000000] Allocating PCI resources starting at 4000000 (gap: 4000000:fbfc0000)
[    0.000000] Booting paravirtualized kernel on bare hardware
[    0.000000] setup_percpu: NR_CPUS:64 nr_cpumask_bits:64 nr_cpu_ids:1 nr_node_ids:1
[    0.000000] PERCPU: Embedded 27 pages/cpu @ffff880003a00000 s78848 r8192 d23552 u2097152
[    0.000000] Built 1 zonelists in Node order, mobility grouping on.  Total pages: 16008
[    0.000000] Policy zone: DMA32
[    0.000000] Kernel command line: root=/dev/vda console=tty0 console=ttyS0 no_timer_check
[    0.000000] PID hash table entries: 256 (order: -1, 2048 bytes)
[    0.000000] Checking aperture...
[    0.000000] No AGP bridge found
[    0.000000] Memory: 43492k/65528k available (6576k kernel code, 452k absent, 21584k reserved, 6620k data, 928k init)
[    0.000000] SLUB: Genslabs=15, HWalign=64, Order=0-3, MinObjects=0, CPUs=1, Nodes=1
[    0.000000] Hierarchical RCU implementation.
[    0.000000] 	RCU dyntick-idle grace-period acceleration is enabled.
[    0.000000] NR_IRQS:4352 nr_irqs:256 16
[    0.000000] Console: colour VGA+ 80x25
[    0.000000] console [tty0] enabled
[    0.000000] console [ttyS0] enabled
[    0.000000] allocated 1048576 bytes of page_cgroup
[    0.000000] please try 'cgroup_disable=memory' option if you don't want memory cgroups
[    0.000000] Fast TSC calibration failed
[    0.000000] TSC: Unable to calibrate against PIT
[    0.000000] TSC: using HPET reference calibration
[    0.000000] Detected 2295.879 MHz processor.
[    0.037076] Calibrating delay loop (skipped), value calculated using timer frequency.. 4591.75 BogoMIPS (lpj=9183516)
[    0.038726] pid_max: default: 32768 minimum: 301
[    0.049021] Security Framework initialized
[    0.054349] AppArmor: AppArmor initialized
[    0.054980] Yama: becoming mindful.
[    0.061911] Dentry cache hash table entries: 8192 (order: 4, 65536 bytes)
[    0.063468] Inode-cache hash table entries: 4096 (order: 3, 32768 bytes)
[    0.064637] Mount-cache hash table entries: 256
[    0.082208] Initializing cgroup subsys cpuacct
[    0.083005] Initializing cgroup subsys memory
[    0.085107] Initializing cgroup subsys devices
[    0.085876] Initializing cgroup subsys freezer
[    0.088062] Initializing cgroup subsys blkio
[    0.088926] Initializing cgroup subsys perf_event
[    0.093120] mce: CPU supports 10 MCE banks
[    0.097631] SMP alternatives: switching to UP code
[    0.470084] Freeing SMP alternatives: 24k freed
[    0.472878] ACPI: Core revision 20110623
[    0.530304] ftrace: allocating 26610 entries in 105 pages
[    0.562525] ..TIMER: vector=0x30 apic1=0 pin1=2 apic2=-1 pin2=-1
[    0.564249] CPU0: AMD QEMU Virtual CPU version 2.0.0 stepping 03
[    0.568034] APIC calibration not consistent with PM-Timer: 98ms instead of 100ms
[    0.568034] APIC delta adjusted to PM-Timer: 6249855 (6184311)
[    0.570582] Performance Events: Broken PMU hardware detected, using software events only.
[    0.588438] NMI watchdog disabled (cpu0): hardware events not enabled
[    0.592262] Brought up 1 CPUs
[    0.593301] Total of 1 processors activated (4591.75 BogoMIPS).
[    0.620968] devtmpfs: initialized
[    0.648811] EVM: security.selinux
[    0.649400] EVM: security.SMACK64
[    0.650008] EVM: security.capability
[    0.670594] print_constraints: dummy: 
[    0.672729] RTC time: 10:33:36, date: 12/23/15
[    0.675330] NET: Registered protocol family 16
[    0.684676] ACPI: bus type pci registered
[    0.687156] PCI: Using configuration type 1 for base access
[    0.722539] bio: create slab &lt;bio-0&gt; at 0
[    0.728380] ACPI: Added _OSI(Module Device)
[    0.729067] ACPI: Added _OSI(Processor Device)
[    0.729708] ACPI: Added _OSI(3.0 _SCP Extensions)
[    0.730359] ACPI: Added _OSI(Processor Aggregator Device)
[    0.793688] ACPI: Interpreter enabled
[    0.796162] ACPI: (supports S0 S3 S4 S5)
[    0.797796] ACPI: Using IOAPIC for interrupt routing
[    0.866917] ACPI: No dock devices found.
[    0.868187] HEST: Table not found.
[    0.868845] PCI: Using host bridge windows from ACPI; if necessary, use "pci=nocrs" and report a bug
[    0.874929] ACPI: PCI Root Bridge [PCI0] (domain 0000 [bus 00-ff])
[    0.881588] pci_root PNP0A03:00: host bridge window [io  0x0000-0x0cf7]
[    0.882495] pci_root PNP0A03:00: host bridge window [io  0x0d00-0xadff]
[    0.884109] pci_root PNP0A03:00: host bridge window [io  0xae0f-0xaeff]
[    0.885174] pci_root PNP0A03:00: host bridge window [io  0xaf20-0xafdf]
[    0.886119] pci_root PNP0A03:00: host bridge window [io  0xafe4-0xffff]
[    0.886957] pci_root PNP0A03:00: host bridge window [mem 0x000a0000-0x000bffff]
[    0.888107] pci_root PNP0A03:00: host bridge window [mem 0x04000000-0xfebfffff]
[    0.912933] pci 0000:00:01.3: quirk: [io  0xb000-0xb03f] claimed by PIIX4 ACPI
[    0.914130] pci 0000:00:01.3: quirk: [io  0xb100-0xb10f] claimed by PIIX4 SMB
[    0.981603]  pci0000:00: Unable to request _OSC control (_OSC support mask: 0x1e)
[    1.034606] ACPI: PCI Interrupt Link [LNKA] (IRQs 5 *10 11)
[    1.037068] ACPI: PCI Interrupt Link [LNKB] (IRQs 5 *10 11)
[    1.038663] ACPI: PCI Interrupt Link [LNKC] (IRQs 5 10 *11)
[    1.040900] ACPI: PCI Interrupt Link [LNKD] (IRQs 5 10 *11)
[    1.042139] ACPI: PCI Interrupt Link [LNKS] (IRQs *9)
[    1.049452] vgaarb: device added: PCI:0000:00:02.0,decodes=io+mem,owns=io+mem,locks=none
[    1.050521] vgaarb: loaded
[    1.050915] vgaarb: bridge control possible 0000:00:02.0
[    1.054653] i2c-core: driver [aat2870] using legacy suspend method
[    1.056137] i2c-core: driver [aat2870] using legacy resume method
[    1.058571] SCSI subsystem initialized
[    1.062391] usbcore: registered new interface driver usbfs
[    1.063505] usbcore: registered new interface driver hub
[    1.064775] usbcore: registered new device driver usb
[    1.069047] PCI: Using ACPI for IRQ routing
[    1.079193] NetLabel: Initializing
[    1.080136] NetLabel:  domain hash size = 128
[    1.080705] NetLabel:  protocols = UNLABELED CIPSOv4
[    1.082662] NetLabel:  unlabeled traffic allowed by default
[    1.085631] HPET: 3 timers in total, 0 timers will be used for per-cpu timer
[    1.086805] hpet0: at MMIO 0xfed00000, IRQs 2, 8, 0
[    1.088172] hpet0: 3 comparators, 64-bit 100.000000 MHz counter
[    1.098023] Switching to clocksource hpet
[    1.370312] AppArmor: AppArmor Filesystem Enabled
[    1.371797] pnp: PnP ACPI init
[    1.373514] ACPI: bus type pnp registered
[    1.392578] pnp: PnP ACPI: found 9 devices
[    1.393652] ACPI: ACPI bus type pnp unregistered
[    1.462297] NET: Registered protocol family 2
[    1.506445] IP route cache hash table entries: 512 (order: 0, 4096 bytes)
[    1.515445] TCP established hash table entries: 2048 (order: 3, 32768 bytes)
[    1.517650] TCP bind hash table entries: 2048 (order: 3, 32768 bytes)
[    1.518730] TCP: Hash tables configured (established 2048 bind 2048)
[    1.519669] TCP reno registered
[    1.520730] UDP hash table entries: 128 (order: 0, 4096 bytes)
[    1.522206] UDP-Lite hash table entries: 128 (order: 0, 4096 bytes)
[    1.525823] NET: Registered protocol family 1
[    1.526655] pci 0000:00:00.0: Limiting direct PCI/PCI transfers
[    1.527596] pci 0000:00:01.0: PIIX3: Enabling Passive Release
[    1.529873] pci 0000:00:01.0: Activating ISA DMA hang workarounds
[    1.535280] ACPI: PCI Interrupt Link [LNKD] enabled at IRQ 11
[    1.536577] pci 0000:00:01.2: PCI INT D -&gt; Link[LNKD] -&gt; GSI 11 (level, high) -&gt; IRQ 11
[    1.539200] pci 0000:00:01.2: PCI INT D disabled
[    1.559397] Trying to unpack rootfs image as initramfs...
[    1.577555] audit: initializing netlink socket (disabled)
[    1.579079] type=2000 audit(1450866816.576:1): initialized
[    1.875668] HugeTLB registered 2 MB page size, pre-allocated 0 pages
[    1.961015] VFS: Disk quotas dquot_6.5.2
[    1.962082] Dquot-cache hash table entries: 512 (order 0, 4096 bytes)
[    1.976040] fuse init (API version 7.17)
[    1.982019] msgmni has been set to 84
[    2.023618] Block layer SCSI generic (bsg) driver version 0.4 loaded (major 253)
[    2.026589] io scheduler noop registered
[    2.027008] io scheduler deadline registered (default)
[    2.030061] io scheduler cfq registered
[    2.033943] pci_hotplug: PCI Hot Plug PCI Core version: 0.5
[    2.035941] pciehp: PCI Express Hot Plug Controller Driver version: 0.4
[    2.045064] input: Power Button as /devices/LNXSYSTM:00/LNXPWRBN:00/input/input0
[    2.049021] ACPI: Power Button [PWRF]
[    2.119442] ERST: Table is not found!
[    2.120121] GHES: HEST is not enabled!
[    2.131101] ACPI: PCI Interrupt Link [LNKC] enabled at IRQ 10
[    2.132015] virtio-pci 0000:00:03.0: PCI INT A -&gt; Link[LNKC] -&gt; GSI 10 (level, high) -&gt; IRQ 10
[    2.137192] virtio-pci 0000:00:04.0: PCI INT A -&gt; Link[LNKD] -&gt; GSI 11 (level, high) -&gt; IRQ 11
[    2.158412] ACPI: PCI Interrupt Link [LNKA] enabled at IRQ 10
[    2.159231] virtio-pci 0000:00:05.0: PCI INT A -&gt; Link[LNKA] -&gt; GSI 10 (level, high) -&gt; IRQ 10
[    2.165694] Serial: 8250/16550 driver, 32 ports, IRQ sharing enabled
[    2.219276] serial8250: ttyS0 at I/O 0x3f8 (irq = 4) is a 16550A
[    2.319963] serial8250: ttyS1 at I/O 0x2f8 (irq = 3) is a 16550A
[    2.449961] 00:05: ttyS0 at I/O 0x3f8 (irq = 4) is a 16550A
[    2.522996] 00:06: ttyS1 at I/O 0x2f8 (irq = 3) is a 16550A
[    2.546411] Refined TSC clocksource calibration: 2295.873 MHz.
[    2.547261] Switching to clocksource tsc
[    2.577232] Linux agpgart interface v0.103
[    2.637140] brd: module loaded
[    2.671925] loop: module loaded
[    2.726871]  vda: unknown partition table
[    2.777177] scsi0 : ata_piix
[    2.786827] scsi1 : ata_piix
[    2.790349] ata1: PATA max MWDMA2 cmd 0x1f0 ctl 0x3f6 bmdma 0xc0a0 irq 14
[    2.791988] ata2: PATA max MWDMA2 cmd 0x170 ctl 0x376 bmdma 0xc0a8 irq 15
[    2.807650] Fixed MDIO Bus: probed
[    2.809579] tun: Universal TUN/TAP device driver, 1.6
[    2.810314] tun: (C) 1999-2004 Max Krasnyansky &lt;maxk@qualcomm.com&gt;
[    2.829934] PPP generic driver version 2.4.2
[    2.855244] ehci_hcd: USB 2.0 'Enhanced' Host Controller (EHCI) Driver
[    2.857404] ohci_hcd: USB 1.1 'Open' Host Controller (OHCI) Driver
[    2.858290] uhci_hcd: USB Universal Host Controller Interface driver
[    2.859577] uhci_hcd 0000:00:01.2: PCI INT D -&gt; Link[LNKD] -&gt; GSI 11 (level, high) -&gt; IRQ 11
[    2.862898] uhci_hcd 0000:00:01.2: UHCI Host Controller
[    2.878135] uhci_hcd 0000:00:01.2: new USB bus registered, assigned bus number 1
[    2.879981] uhci_hcd 0000:00:01.2: irq 11, io base 0x0000c040
[    2.920066] hub 1-0:1.0: USB hub found
[    2.923043] hub 1-0:1.0: 2 ports detected
[    2.937379] usbcore: registered new interface driver libusual
[    2.946248] i8042: PNP: PS/2 Controller [PNP0303:KBD,PNP0f13:MOU] at 0x60,0x64 irq 1,12
[    2.954120] serio: i8042 KBD port at 0x60,0x64 irq 1
[    2.955426] serio: i8042 AUX port at 0x60,0x64 irq 12
[    3.051718] ata2.01: ATAPI: QEMU DVD-ROM, 2.0.0, max UDMA/100
[    3.060002] mousedev: PS/2 mouse device common for all mice
[    3.080134] input: AT Translated Set 2 keyboard as /devices/platform/i8042/serio0/input/input1
[    3.088606] rtc_cmos 00:01: RTC can wake from S4
[    3.107575] rtc_cmos 00:01: rtc core: registered rtc_cmos as rtc0
[    3.111563] rtc0: alarms up to one day, 114 bytes nvram, hpet irqs
[    3.115470] device-mapper: uevent: version 1.0.3
[    3.130649] ata2.01: configured for MWDMA2
[    3.149893] device-mapper: ioctl: 4.22.0-ioctl (2011-10-19) initialised: dm-devel@redhat.com
[    3.154125] cpuidle: using governor ladder
[    3.155882] cpuidle: using governor menu
[    3.157591] EFI Variables Facility v0.08 2004-May-17
[    3.166971] TCP cubic registered
[    3.174540] NET: Registered protocol family 10
[    3.200860] NET: Registered protocol family 17
[    3.202089] Registering the dns_resolver key type
[    3.215512] scsi 1:0:1:0: CD-ROM            QEMU     QEMU DVD-ROM     2.0. PQ: 0 ANSI: 5
[    3.239557] sr0: scsi3-mmc drive: 4x/4x cd/rw xa/form2 tray
[    3.241496] cdrom: Uniform CD-ROM driver Revision: 3.20
[    3.264081] sr 1:0:1:0: Attached scsi generic sg0 type 5
[    3.320584] registered taskstats version 1
[    3.358595] Freeing initrd memory: 3656k freed
[    3.876451]   Magic number: 11:853:578
[    3.884774] platform pcspkr: hash matches
[    3.892928] rtc_cmos 00:01: setting system clock to 2015-12-23 10:33:39 UTC (1450866819)
[    3.899604] powernow-k8: Processor cpuid 663 not supported
[    3.909552] BIOS EDD facility v0.16 2004-Jun-25, 0 devices found
[    3.911829] EDD information not available.
[    3.976598] Freeing unused kernel memory: 928k freed
[    3.982308] Write protecting the kernel read-only data: 12288k
[    4.116138] Freeing unused kernel memory: 1596k freed
[    4.188112] Freeing unused kernel memory: 1184k freed

info: initramfs: up at 4.38
modprobe: module virtio_blk not found in modules.dep
modprobe: module virtio_net not found in modules.dep
info: copying initramfs to /dev/vda
info: initramfs loading root from /dev/vda
info: /etc/init.d/rc.sysinit: up at 8.92
info: container: none
Starting logging: OK
modprobe: module virtio_blk not found in modules.dep
modprobe: module virtio_net not found in modules.dep
WARN: /etc/rc3.d/S10-load-modules failed
Initializing random number generator... done.
Starting acpid: OK
cirros-ds 'local' up at 11.53
found datasource (configdrive, local)
Starting network...
udhcpc (v1.20.1) started
Sending discover...
Sending discover...

2015-12-23 10:35:36,665 21244 INFO     [tempest_lib.common.rest_client] Request (TestNetworkAdvancedServerOps:_run_cleanups): 204 DELETE http://10.0.2.15:9696/v2.0/floatingips/f9510077-23d5-45ca-920d-f8dbe41dbd9d 0.267s
2015-12-23 10:35:36,665 21244 DEBUG    [tempest_lib.common.rest_client] Request - Headers: {'Content-Type': 'application/json', 'Accept': 'application/json', 'X-Auth-Token': '&lt;omitted&gt;'}
        Body: None
    Response - Headers: {'date': 'Wed, 23 Dec 2015 10:35:36 GMT', 'status': '204', 'connection': 'close', 'content-length': '0', 'x-openstack-request-id': 'req-bf061f90-940b-4b51-ac3a-20dda2ead326'}
        Body: 
2015-12-23 10:35:37,027 21244 INFO     [tempest_lib.common.rest_client] Request (TestNetworkAdvancedServerOps:_run_cleanups): 204 DELETE http://10.0.2.15:8774/v2.1/c0a9514dcdaf4e68aa4a59af4b37f3eb/servers/20610006-d5c4-4913-a983-e2bb9cdb176d 0.360s
2015-12-23 10:35:37,028 21244 DEBUG    [tempest_lib.common.rest_client] Request - Headers: {'Content-Type': 'application/json', 'Accept': 'application/json', 'X-Auth-Token': '&lt;omitted&gt;'}
        Body: None
    Response - Headers: {'status': '204', 'content-length': '0', 'x-compute-request-id': 'req-6f724203-11f6-499d-ab20-38677dd3492a', 'vary': 'X-OpenStack-Nova-API-Version', 'connection': 'close', 'x-openstack-nova-api-version': '2.1', 'date': 'Wed, 23 Dec 2015 10:35:37 GMT', 'content-type': 'application/json'}
        Body: 
2015-12-23 10:35:37,255 21244 INFO     [tempest_lib.common.rest_client] Request (TestNetworkAdvancedServerOps:_run_cleanups): 200 GET http://10.0.2.15:8774/v2.1/c0a9514dcdaf4e68aa4a59af4b37f3eb/servers/20610006-d5c4-4913-a983-e2bb9cdb176d 0.225s
2015-12-23 10:35:37,256 21244 DEBUG    [tempest_lib.common.rest_client] Request - Headers: {'Content-Type': 'application/json', 'Accept': 'application/json', 'X-Auth-Token': '&lt;omitted&gt;'}
        Body: None
    Response - Headers: {'status': '200', 'content-length': '1785', 'content-location': 'http://10.0.2.15:8774/v2.1/c0a9514dcdaf4e68aa4a59af4b37f3eb/servers/20610006-d5c4-4913-a983-e2bb9cdb176d', 'x-compute-request-id': 'req-59204594-b6ef-4d5d-b679-045046d81ca4', 'vary': 'X-OpenStack-Nova-API-Version', 'connection': 'close', 'x-openstack-nova-api-version': '2.1', 'date': 'Wed, 23 Dec 2015 10:35:37 GMT', 'content-type': 'application/json'}
        Body: {"server": {"status": "ACTIVE", "updated": "2015-12-23T10:35:36Z", "hostId": "8a0336b25c1dd370649fcc2e1c46db2a44efe1a69c5167262557e8e1", "addresses": {"tempest-network-smoke--1728674935": [{"OS-EXT-IPS-MAC:mac_addr": "fa:16:3e:df:aa:68", "version": 4, "addr": "10.100.0.3", "OS-EXT-IPS:type": "fixed"}, {"OS-EXT-IPS-MAC:mac_addr": "fa:16:3e:df:aa:68", "version": 4, "addr": "172.24.4.4", "OS-EXT-IPS:type": "floating"}]}, "links": [{"href": "http://10.0.2.15:8774/v2.1/c0a9514dcdaf4e68aa4a59af4b37f3eb/servers/20610006-d5c4-4913-a983-e2bb9cdb176d", "rel": "self"}, {"href": "http://10.0.2.15:8774/c0a9514dcdaf4e68aa4a59af4b37f3eb/servers/20610006-d5c4-4913-a983-e2bb9cdb176d", "rel": "bookmark"}], "key_name": "tempest-TestNetworkAdvancedServerOps-440683065", "image": {"id": "b14e75d7-21e8-4dbb-b394-73213198eb8a", "links": [{"href": "http://10.0.2.15:8774/c0a9514dcdaf4e68aa4a59af4b37f3eb/images/b14e75d7-21e8-4dbb-b394-73213198eb8a", "rel": "bookmark"}]}, "OS-EXT-STS:task_state": "deleting", "OS-EXT-STS:vm_state": "active", "OS-SRV-USG:launched_at": "2015-12-23T10:33:32.000000", "flavor": {"id": "42", "links": [{"href": "http://10.0.2.15:8774/c0a9514dcdaf4e68aa4a59af4b37f3eb/flavors/42", "rel": "bookmark"}]}, "id": "20610006-d5c4-4913-a983-e2bb9cdb176d", "security_groups": [{"name": "tempest-secgroup-smoke-1915506040"}], "OS-SRV-USG:terminated_at": null, "OS-EXT-AZ:availability_zone": "nova", "user_id": "bedcbd37060b4cd7a954a6c0fa3f6fc7", "name": "tempest.common.compute-instance-1930394141", "created": "2015-12-23T10:33:29Z", "tenant_id": "c0a9514dcdaf4e68aa4a59af4b37f3eb", "OS-DCF:diskConfig": "MANUAL", "os-extended-volumes:volumes_attached": [], "accessIPv4": "", "accessIPv6": "", "progress": 0, "OS-EXT-STS:power_state": 1, "config_drive": "True", "metadata": {}}}
2015-12-23 10:35:38,409 21244 INFO     [tempest_lib.common.rest_client] Request (TestNetworkAdvancedServerOps:_run_cleanups): 200 GET http://10.0.2.15:8774/v2.1/c0a9514dcdaf4e68aa4a59af4b37f3eb/servers/20610006-d5c4-4913-a983-e2bb9cdb176d 0.135s
2015-12-23 10:35:38,410 21244 DEBUG    [tempest_lib.common.rest_client] Request - Headers: {'Content-Type': 'application/json', 'Accept': 'application/json', 'X-Auth-Token': '&lt;omitted&gt;'}
        Body: None
    Response - Headers: {'status': '200', 'content-length': '1449', 'content-location': 'http://10.0.2.15:8774/v2.1/c0a9514dcdaf4e68aa4a59af4b37f3eb/servers/20610006-d5c4-4913-a983-e2bb9cdb176d', 'x-compute-request-id': 'req-308bbdae-7e36-4804-8ce9-7098fef9de1c', 'vary': 'X-OpenStack-Nova-API-Version', 'connection': 'close', 'x-openstack-nova-api-version': '2.1', 'date': 'Wed, 23 Dec 2015 10:35:38 GMT', 'content-type': 'application/json'}
        Body: {"server": {"status": "ACTIVE", "updated": "2015-12-23T10:35:37Z", "hostId": "8a0336b25c1dd370649fcc2e1c46db2a44efe1a69c5167262557e8e1", "addresses": {}, "links": [{"href": "http://10.0.2.15:8774/v2.1/c0a9514dcdaf4e68aa4a59af4b37f3eb/servers/20610006-d5c4-4913-a983-e2bb9cdb176d", "rel": "self"}, {"href": "http://10.0.2.15:8774/c0a9514dcdaf4e68aa4a59af4b37f3eb/servers/20610006-d5c4-4913-a983-e2bb9cdb176d", "rel": "bookmark"}], "key_name": "tempest-TestNetworkAdvancedServerOps-440683065", "image": {"id": "b14e75d7-21e8-4dbb-b394-73213198eb8a", "links": [{"href": "http://10.0.2.15:8774/c0a9514dcdaf4e68aa4a59af4b37f3eb/images/b14e75d7-21e8-4dbb-b394-73213198eb8a", "rel": "bookmark"}]}, "OS-EXT-STS:task_state": "deleting", "OS-EXT-STS:vm_state": "active", "OS-SRV-USG:launched_at": "2015-12-23T10:33:32.000000", "flavor": {"id": "42", "links": [{"href": "http://10.0.2.15:8774/c0a9514dcdaf4e68aa4a59af4b37f3eb/flavors/42", "rel": "bookmark"}]}, "id": "20610006-d5c4-4913-a983-e2bb9cdb176d", "OS-SRV-USG:terminated_at": null, "OS-EXT-AZ:availability_zone": "nova", "user_id": "bedcbd37060b4cd7a954a6c0fa3f6fc7", "name": "tempest.common.compute-instance-1930394141", "created": "2015-12-23T10:33:29Z", "tenant_id": "c0a9514dcdaf4e68aa4a59af4b37f3eb", "OS-DCF:diskConfig": "MANUAL", "os-extended-volumes:volumes_attached": [], "accessIPv4": "", "accessIPv6": "", "progress": 0, "OS-EXT-STS:power_state": 1, "config_drive": "True", "metadata": {}}}
2015-12-23 10:35:39,514 21244 INFO     [tempest_lib.common.rest_client] Request (TestNetworkAdvancedServerOps:_run_cleanups): 404 GET http://10.0.2.15:8774/v2.1/c0a9514dcdaf4e68aa4a59af4b37f3eb/servers/20610006-d5c4-4913-a983-e2bb9cdb176d 0.094s
2015-12-23 10:35:39,514 21244 DEBUG    [tempest_lib.common.rest_client] Request - Headers: {'Content-Type': 'application/json', 'Accept': 'application/json', 'X-Auth-Token': '&lt;omitted&gt;'}
        Body: None
    Response - Headers: {'status': '404', 'content-length': '111', 'x-compute-request-id': 'req-a3621274-ebb6-4ffe-ad91-607f8749d22e', 'vary': 'X-OpenStack-Nova-API-Version', 'connection': 'close', 'x-openstack-nova-api-version': '2.1', 'date': 'Wed, 23 Dec 2015 10:35:39 GMT', 'content-type': 'application/json; charset=UTF-8'}
        Body: {"itemNotFound": {"message": "Instance 20610006-d5c4-4913-a983-e2bb9cdb176d could not be found.", "code": 404}}
2015-12-23 10:35:40,019 21244 INFO     [tempest_lib.common.rest_client] Request (TestNetworkAdvancedServerOps:_run_cleanups): 200 PUT http://10.0.2.15:9696/v2.0/routers/bfc4e031-067f-47fd-99bd-19ea170e32aa/remove_router_interface 0.503s
2015-12-23 10:35:40,019 21244 DEBUG    [tempest_lib.common.rest_client] Request - Headers: {'Content-Type': 'application/json', 'Accept': 'application/json', 'X-Auth-Token': '&lt;omitted&gt;'}
        Body: {"subnet_id": "4cba04c1-80d4-454d-b373-f170a19d9fa0"}
    Response - Headers: {'status': '200', 'content-length': '255', 'connection': 'close', 'date': 'Wed, 23 Dec 2015 10:35:40 GMT', 'content-type': 'application/json; charset=UTF-8', 'x-openstack-request-id': 'req-dce48759-e180-4715-a1d1-82d48251af65'}
        Body: {"subnet_id": "4cba04c1-80d4-454d-b373-f170a19d9fa0", "tenant_id": "c0a9514dcdaf4e68aa4a59af4b37f3eb", "subnet_ids": ["4cba04c1-80d4-454d-b373-f170a19d9fa0"], "port_id": "1cdad378-3c92-41da-a905-a087a56996c3", "id": "bfc4e031-067f-47fd-99bd-19ea170e32aa"}
2015-12-23 10:35:40,443 21244 INFO     [tempest_lib.common.rest_client] Request (TestNetworkAdvancedServerOps:_run_cleanups): 204 DELETE http://10.0.2.15:9696/v2.0/subnets/4cba04c1-80d4-454d-b373-f170a19d9fa0 0.422s
2015-12-23 10:35:40,444 21244 DEBUG    [tempest_lib.common.rest_client] Request - Headers: {'Content-Type': 'application/json', 'Accept': 'application/json', 'X-Auth-Token': '&lt;omitted&gt;'}
        Body: None
    Response - Headers: {'date': 'Wed, 23 Dec 2015 10:35:40 GMT', 'status': '204', 'connection': 'close', 'content-length': '0', 'x-openstack-request-id': 'req-23178eb5-bfa6-490a-9ae5-2e4e895723c6'}
        Body: 
2015-12-23 10:35:40,497 21244 INFO     [tempest_lib.common.rest_client] Request (TestNetworkAdvancedServerOps:_run_cleanups): 200 GET http://10.0.2.15:9696/v2.0/routers/bfc4e031-067f-47fd-99bd-19ea170e32aa 0.052s
2015-12-23 10:35:40,497 21244 DEBUG    [tempest_lib.common.rest_client] Request - Headers: {'Content-Type': 'application/json', 'Accept': 'application/json', 'X-Auth-Token': '&lt;omitted&gt;'}
        Body: None
    Response - Headers: {'status': '200', 'content-length': '564', 'content-location': 'http://10.0.2.15:9696/v2.0/routers/bfc4e031-067f-47fd-99bd-19ea170e32aa', 'connection': 'close', 'date': 'Wed, 23 Dec 2015 10:35:40 GMT', 'content-type': 'application/json; charset=UTF-8', 'x-openstack-request-id': 'req-128f7141-0d99-420e-81d0-fcfe61c4b6f3'}
        Body: {"router": {"status": "ACTIVE", "external_gateway_info": {"network_id": "3d0f7678-9a91-4a53-b881-64d4f3aa3d42", "enable_snat": true, "external_fixed_ips": [{"subnet_id": "41b97678-9746-40e3-8be1-2c657baf7b4d", "ip_address": "172.24.4.3"}, {"subnet_id": "030c8cef-d2fb-4609-800d-dea11efb102d", "ip_address": "2001:db8::3"}]}, "availability_zone_hints": [], "availability_zones": ["nova"], "name": "tempest-router-smoke-1092874459", "admin_state_up": true, "tenant_id": "c0a9514dcdaf4e68aa4a59af4b37f3eb", "routes": [], "id": "bfc4e031-067f-47fd-99bd-19ea170e32aa"}}
2015-12-23 10:35:41,044 21244 INFO     [tempest_lib.common.rest_client] Request (TestNetworkAdvancedServerOps:_run_cleanups): 200 PUT http://10.0.2.15:9696/v2.0/routers/bfc4e031-067f-47fd-99bd-19ea170e32aa 0.545s
2015-12-23 10:35:41,045 21244 DEBUG    [tempest_lib.common.rest_client] Request - Headers: {'Content-Type': 'application/json', 'Accept': 'application/json', 'X-Auth-Token': '&lt;omitted&gt;'}
        Body: {"router": {"external_gateway_info": {}, "name": "tempest-router-smoke-1092874459", "admin_state_up": true}}
    Response - Headers: {'status': '200', 'content-length': '302', 'connection': 'close', 'date': 'Wed, 23 Dec 2015 10:35:41 GMT', 'content-type': 'application/json; charset=UTF-8', 'x-openstack-request-id': 'req-5f182fff-6b4b-4abd-ba90-182b0bf0cba5'}
        Body: {"router": {"status": "ACTIVE", "external_gateway_info": null, "availability_zone_hints": [], "availability_zones": ["nova"], "name": "tempest-router-smoke-1092874459", "admin_state_up": true, "tenant_id": "c0a9514dcdaf4e68aa4a59af4b37f3eb", "routes": [], "id": "bfc4e031-067f-47fd-99bd-19ea170e32aa"}}
2015-12-23 10:35:41,307 21244 INFO     [tempest_lib.common.rest_client] Request (TestNetworkAdvancedServerOps:_run_cleanups): 204 DELETE http://10.0.2.15:9696/v2.0/routers/bfc4e031-067f-47fd-99bd-19ea170e32aa 0.261s
2015-12-23 10:35:41,308 21244 DEBUG    [tempest_lib.common.rest_client] Request - Headers: {'Content-Type': 'application/json', 'Accept': 'application/json', 'X-Auth-Token': '&lt;omitted&gt;'}
        Body: None
    Response - Headers: {'date': 'Wed, 23 Dec 2015 10:35:41 GMT', 'status': '204', 'connection': 'close', 'content-length': '0', 'x-openstack-request-id': 'req-0834cbc8-fbdc-4cfb-96f2-23a035d6aacc'}
        Body: 
2015-12-23 10:35:41,537 21244 INFO     [tempest_lib.common.rest_client] Request (TestNetworkAdvancedServerOps:_run_cleanups): 204 DELETE http://10.0.2.15:9696/v2.0/networks/f143d1b2-33c8-4ec4-b772-7380736b75ed 0.228s
2015-12-23 10:35:41,538 21244 DEBUG    [tempest_lib.common.rest_client] Request - Headers: {'Content-Type': 'application/json', 'Accept': 'application/json', 'X-Auth-Token': '&lt;omitted&gt;'}
        Body: None
    Response - Headers: {'date': 'Wed, 23 Dec 2015 10:35:41 GMT', 'status': '204', 'connection': 'close', 'content-length': '0', 'x-openstack-request-id': 'req-8734ccba-17c7-4ee3-a197-7df8156a7e26'}
        Body: 
2015-12-23 10:35:41,598 21244 INFO     [tempest_lib.common.rest_client] Request (TestNetworkAdvancedServerOps:_run_cleanups): 204 DELETE http://10.0.2.15:9696/v2.0/security-group-rules/248b681a-53f5-4d46-8c0b-9f0d251afbbd 0.058s
2015-12-23 10:35:41,598 21244 DEBUG    [tempest_lib.common.rest_client] Request - Headers: {'Content-Type': 'application/json', 'Accept': 'application/json', 'X-Auth-Token': '&lt;omitted&gt;'}
        Body: None
    Response - Headers: {'date': 'Wed, 23 Dec 2015 10:35:41 GMT', 'status': '204', 'connection': 'close', 'content-length': '0', 'x-openstack-request-id': 'req-7696a399-468f-4a00-bce9-f088030d2d8a'}
        Body: 
2015-12-23 10:35:41,665 21244 INFO     [tempest_lib.common.rest_client] Request (TestNetworkAdvancedServerOps:_run_cleanups): 204 DELETE http://10.0.2.15:9696/v2.0/security-group-rules/12763560-3e86-4d25-b962-354c1e8cbc35 0.065s
2015-12-23 10:35:41,666 21244 DEBUG    [tempest_lib.common.rest_client] Request - Headers: {'Content-Type': 'application/json', 'Accept': 'application/json', 'X-Auth-Token': '&lt;omitted&gt;'}
        Body: None
    Response - Headers: {'date': 'Wed, 23 Dec 2015 10:35:41 GMT', 'status': '204', 'connection': 'close', 'content-length': '0', 'x-openstack-request-id': 'req-5351ab26-ff45-46ee-9aaf-fb62b9ddaea0'}
        Body: 
2015-12-23 10:35:41,726 21244 INFO     [tempest_lib.common.rest_client] Request (TestNetworkAdvancedServerOps:_run_cleanups): 204 DELETE http://10.0.2.15:9696/v2.0/security-group-rules/6d4da979-1837-479d-a6b4-5a35e99c5977 0.058s
2015-12-23 10:35:41,726 21244 DEBUG    [tempest_lib.common.rest_client] Request - Headers: {'Content-Type': 'application/json', 'Accept': 'application/json', 'X-Auth-Token': '&lt;omitted&gt;'}
        Body: None
    Response - Headers: {'date': 'Wed, 23 Dec 2015 10:35:41 GMT', 'status': '204', 'connection': 'close', 'content-length': '0', 'x-openstack-request-id': 'req-334369e6-392e-4017-83f4-8a4eb1d0ada8'}
        Body: 
2015-12-23 10:35:41,781 21244 INFO     [tempest_lib.common.rest_client] Request (TestNetworkAdvancedServerOps:_run_cleanups): 204 DELETE http://10.0.2.15:9696/v2.0/security-group-rules/497e3cec-b28a-4080-aab6-ba543063b3aa 0.054s
2015-12-23 10:35:41,782 21244 DEBUG    [tempest_lib.common.rest_client] Request - Headers: {'Content-Type': 'application/json', 'Accept': 'application/json', 'X-Auth-Token': '&lt;omitted&gt;'}
        Body: None
    Response - Headers: {'date': 'Wed, 23 Dec 2015 10:35:41 GMT', 'status': '204', 'connection': 'close', 'content-length': '0', 'x-openstack-request-id': 'req-b2997838-f9ef-4b9c-a8d7-d91963565cc3'}
        Body: 
2015-12-23 10:35:41,847 21244 INFO     [tempest_lib.common.rest_client] Request (TestNetworkAdvancedServerOps:_run_cleanups): 204 DELETE http://10.0.2.15:9696/v2.0/security-group-rules/bb7cdca1-ef5e-49c2-b70d-1d4f8e1e6177 0.063s
2015-12-23 10:35:41,848 21244 DEBUG    [tempest_lib.common.rest_client] Request - Headers: {'Content-Type': 'application/json', 'Accept': 'application/json', 'X-Auth-Token': '&lt;omitted&gt;'}
        Body: None
    Response - Headers: {'date': 'Wed, 23 Dec 2015 10:35:41 GMT', 'status': '204', 'connection': 'close', 'content-length': '0', 'x-openstack-request-id': 'req-50556b96-d09b-4a7a-add2-9469e575e121'}
        Body: 
2015-12-23 10:35:41,909 21244 INFO     [tempest_lib.common.rest_client] Request (TestNetworkAdvancedServerOps:_run_cleanups): 204 DELETE http://10.0.2.15:9696/v2.0/security-group-rules/e18c0b7e-4e9f-46fc-8eaa-ba78cb8fb6d0 0.060s
2015-12-23 10:35:41,909 21244 DEBUG    [tempest_lib.common.rest_client] Request - Headers: {'Content-Type': 'application/json', 'Accept': 'application/json', 'X-Auth-Token': '&lt;omitted&gt;'}
        Body: None
    Response - Headers: {'date': 'Wed, 23 Dec 2015 10:35:41 GMT', 'status': '204', 'connection': 'close', 'content-length': '0', 'x-openstack-request-id': 'req-9da46e98-befa-41d2-9c0e-324141da9614'}
        Body: 
2015-12-23 10:35:42,008 21244 INFO     [tempest_lib.common.rest_client] Request (TestNetworkAdvancedServerOps:_run_cleanups): 204 DELETE http://10.0.2.15:9696/v2.0/security-groups/acdde903-bd66-420b-af1f-a6f859b3ffb0 0.097s
2015-12-23 10:35:42,008 21244 DEBUG    [tempest_lib.common.rest_client] Request - Headers: {'Content-Type': 'application/json', 'Accept': 'application/json', 'X-Auth-Token': '&lt;omitted&gt;'}
        Body: None
    Response - Headers: {'date': 'Wed, 23 Dec 2015 10:35:42 GMT', 'status': '204', 'connection': 'close', 'content-length': '0', 'x-openstack-request-id': 'req-978ad031-9f10-45fa-80fb-92b9fb840416'}
        Body: 
2015-12-23 10:35:42,033 21244 INFO     [tempest_lib.common.rest_client] Request (TestNetworkAdvancedServerOps:_run_cleanups): 202 DELETE http://10.0.2.15:8774/v2.1/c0a9514dcdaf4e68aa4a59af4b37f3eb/os-keypairs/tempest-TestNetworkAdvancedServerOps-440683065 0.024s
2015-12-23 10:35:42,034 21244 DEBUG    [tempest_lib.common.rest_client] Request - Headers: {'Content-Type': 'application/json', 'Accept': 'application/json', 'X-Auth-Token': '&lt;omitted&gt;'}
        Body: None
    Response - Headers: {'status': '202', 'content-length': '0', 'x-compute-request-id': 'req-0c5e6a45-e97e-4363-8ea3-8b962fbf3e9b', 'vary': 'X-OpenStack-Nova-API-Version', 'connection': 'close', 'x-openstack-nova-api-version': '2.1', 'date': 'Wed, 23 Dec 2015 10:35:42 GMT', 'content-type': 'application/json'}
        Body: 
2015-12-23 10:35:42,122 21244 INFO     [tempest_lib.common.rest_client] Request (TestNetworkAdvancedServerOps:_run_cleanups): 404 GET http://10.0.2.15:8774/v2.1/c0a9514dcdaf4e68aa4a59af4b37f3eb/servers/20610006-d5c4-4913-a983-e2bb9cdb176d 0.086s
2015-12-23 10:35:42,122 21244 DEBUG    [tempest_lib.common.rest_client] Request - Headers: {'Content-Type': 'application/json', 'Accept': 'application/json', 'X-Auth-Token': '&lt;omitted&gt;'}
        Body: None
    Response - Headers: {'status': '404', 'content-length': '111', 'x-compute-request-id': 'req-fddbdf5d-ec8f-4ac4-894b-85724ccb46ab', 'vary': 'X-OpenStack-Nova-API-Version', 'connection': 'close', 'x-openstack-nova-api-version': '2.1', 'date': 'Wed, 23 Dec 2015 10:35:42 GMT', 'content-type': 'application/json; charset=UTF-8'}
        Body: {"itemNotFound": {"message": "Instance 20610006-d5c4-4913-a983-e2bb9cdb176d could not be found.", "code": 404}}
}}}

Traceback (most recent call last):
  File "tempest/test.py", line 113, in wrapper
    return f(self, *func_args, **func_kwargs)
  File "tempest/scenario/test_network_advanced_server_ops.py", line 134, in test_server_connectivity_pause_unpause
    server, keypair, floating_ip = self._setup_network_and_servers()
  File "tempest/scenario/test_network_advanced_server_ops.py", line 71, in _setup_network_and_servers
    server, keypair, floating_ip)
  File "tempest/scenario/test_network_advanced_server_ops.py", line 95, in _wait_server_status_and_check_network_connectivity
    self._check_network_connectivity(server, keypair, floating_ip)
  File "tempest/scenario/test_network_advanced_server_ops.py", line 88, in _check_network_connectivity
    servers=[server])
  File "tempest/scenario/manager.py", line 609, in check_public_network_connectivity
    should_connect=should_connect)
  File "tempest/scenario/manager.py", line 593, in check_vm_connectivity
    msg=msg)
  File "/usr/local/lib/python2.7/dist-packages/unittest2/case.py", line 702, in assertTrue
    raise self.failureException(msg)
AssertionError: False is not true : Timed out waiting for 172.24.4.4 to become reachable



        </pre>
    </div>
    <!--css div popup end-->

    </td>
</tr>

<tr id='ft1.2' class='none'>
    <td class='failCase'><div class='testcase'>test_server_connectivity_reboot[compute,id-7b6860c2-afa3-4846-9522-adeb38dfbe08,network]</div></td>
    <td colspan='7' align='left'>

    <!--css div popup start-->
    <a class="popup_link" onfocus='this.blur();'
    href="javascript:showTestDetail('div_ft1.2')" >
        fail</a>

    <div id='div_ft1.2' class="popup_window">
        <div style='text-align: right; color:red;cursor:pointer'>
        <a onfocus='this.blur();'
onclick="document.getElementById('div_ft1.2').style.display = 'none' " >
           [x]</a>
        </div>
        <pre>
        
