<?xml version="1.0" encoding="UTF-8"?>
<!DOCTYPE html PUBLIC "-//W3C//DTD XHTML 1.0 Strict//EN"
     "http://www.w3.org/TR/xhtml1/DTD/xhtml1-strict.dtd">
<html xmlns="http://www.w3.org/1999/xhtml">
<head>
    <title>Unit Test Report</title>
    <meta name="generator" content="subunit2html 0.1"/>
    <meta http-equiv="Content-Type" content="text/html; charset=UTF-8"/>
    
<style type="text/css" media="screen">
body        { font-family: verdana, arial, helvetica, sans-serif;
    font-size: 80%; }
table       { font-size: 100%; width: 100%;}
pre         { font-size: 80%; }

/* -- heading -------------------------------------------------------------- */
h1 {
        font-size: 16pt;
        color: gray;
}
.heading {
    margin-top: 0ex;
    margin-bottom: 1ex;
}

.heading .attribute {
    margin-top: 1ex;
    margin-bottom: 0;
}

.heading .description {
    margin-top: 4ex;
    margin-bottom: 6ex;
}

/* -- css div popup -------------------------------------------------------- */
a.popup_link {
}

a.popup_link:hover {
    color: red;
}

.popup_window {
    display: none;
    overflow-x: scroll;
    /*border: solid #627173 1px; */
    padding: 10px;
    background-color: #E6E6D6;
    font-family: "Ubuntu Mono", "Lucida Console", "Courier New", monospace;
    text-align: left;
    font-size: 8pt;
}

}
/* -- report --------------------------------------------------------------- */
#show_detail_line {
    margin-top: 3ex;
    margin-bottom: 1ex;
}
#result_table {
    width: 100%;
    border-collapse: collapse;
    border: 1px solid #777;
}
#header_row {
    font-weight: bold;
    color: white;
    background-color: #777;
}
#result_table td {
    border: 1px solid #777;
    padding: 2px;
}
#total_row  { font-weight: bold; }
.passClass  { background-color: #6c6; }
.failClass  { background-color: #c60; }
.errorClass { background-color: #c00; }
.passCase   { color: #6c6; }
.failCase   { color: #c60; font-weight: bold; }
.errorCase  { color: #c00; font-weight: bold; }
.hiddenRow  { display: none; }
.testcase   { margin-left: 2em; }
td.testname {width: 40%}
td.small {width: 40px}

/* -- ending --------------------------------------------------------------- */
#ending {
}

</style>

</head>
<body>
<script language="javascript" type="text/javascript"><!--
output_list = Array();

/* level - 0:Summary; 1:Failed; 2:All */
function showCase(level) {
    trs = document.getElementsByTagName("tr");
    for (var i = 0; i < trs.length; i++) {
        tr = trs[i];
        id = tr.id;
        if (id.substr(0,2) == 'ft') {
            if (level < 1) {
                tr.className = 'hiddenRow';
            }
            else {
                tr.className = '';
            }
        }
        if (id.substr(0,2) == 'pt') {
            if (level > 1) {
                tr.className = '';
            }
            else {
                tr.className = 'hiddenRow';
            }
        }
    }
}


function showClassDetail(cid, count) {
    var id_list = Array(count);
    var toHide = 1;
    for (var i = 0; i < count; i++) {
        tid0 = 't' + cid.substr(1) + '.' + (i+1);
        tid = 'f' + tid0;
        tr = document.getElementById(tid);
        if (!tr) {
            tid = 'p' + tid0;
            tr = document.getElementById(tid);
        }
        id_list[i] = tid;
        if (tr.className) {
            toHide = 0;
        }
    }
    for (var i = 0; i < count; i++) {
        tid = id_list[i];
        if (toHide) {
            document.getElementById('div_'+tid).style.display = 'none'
            document.getElementById(tid).className = 'hiddenRow';
        }
        else {
            document.getElementById(tid).className = '';
        }
    }
}


function showTestDetail(div_id){
    var details_div = document.getElementById(div_id)
    var displayState = details_div.style.display
    // alert(displayState)
    if (displayState != 'block' ) {
        displayState = 'block'
        details_div.style.display = 'block'
    }
    else {
        details_div.style.display = 'none'
    }
}


function html_escape(s) {
    s = s.replace(/&/g,'&amp;');
    s = s.replace(/</g,'&lt;');
    s = s.replace(/>/g,'&gt;');
    return s;
}

/* obsoleted by detail in <div>
function showOutput(id, name) {
    var w = window.open("", //url
                    name,
                    "resizable,scrollbars,status,width=800,height=450");
    d = w.document;
    d.write("<pre>");
    d.write(html_escape(output_list[id]));
    d.write("\n");
    d.write("<a href='javascript:window.close()'>close</a>\n");
    d.write("</pre>\n");
    d.close();
}
*/
--></script>

<div class='heading'>
<h1>Unit Test Report</h1>

<p class='attribute'><strong>Status:</strong> Failure 6</p>

<p class='description'></p>
</div>



<p id='show_detail_line'>Show
<a href='javascript:showCase(0)'>Summary</a>
<a href='javascript:showCase(1)'>Failed</a>
<a href='javascript:showCase(2)'>All</a>
</p>
<table id='result_table'>
<colgroup>
<col align='left' />
<col align='right' />
<col align='right' />
<col align='right' />
<col align='right' />
<col align='right' />
<col align='right' />
<col align='right' />
</colgroup>
<tr id='header_row'>
    <td>Test Group/Test case</td>
    <td>Count</td>
    <td>Pass</td>
    <td>Fail</td>
    <td>Error</td>
    <td>Skip</td>
    <td>View</td>
    <td> </td>
</tr>

<tr class='failClass'>
    <td class="testname">tempest.scenario.test_network_advanced_server_ops.TestNetworkAdvancedServerOps</td>
    <td class="small">6</td>
    <td class="small">0</td>
    <td class="small">6</td>
    <td class="small">0</td>
    <td class="small">0</td>
    <td class="small"><a href="javascript:showClassDetail('c1',6)"
>Detail</a></td>
    <td> </td>
</tr>

<tr id='ft1.1' class='none'>
    <td class='failCase'><div class='testcase'>test_server_connectivity_pause_unpause[compute,id-2b2642db-6568-4b35-b812-eceed3fa20ce,network]</div></td>
    <td colspan='7' align='left'>

    <!--css div popup start-->
    <a class="popup_link" onfocus='this.blur();'
    href="javascript:showTestDetail('div_ft1.1')" >
        fail</a>

    <div id='div_ft1.1' class="popup_window">
        <div style='text-align: right; color:red;cursor:pointer'>
        <a onfocus='this.blur();'
onclick="document.getElementById('div_ft1.1').style.display = 'none' " >
           [x]</a>
        </div>
        <pre>
        
ft1.1: tempest.scenario.test_network_advanced_server_ops.TestNetworkAdvancedServerOps.test_server_connectivity_pause_unpause[compute,id-2b2642db-6568-4b35-b812-eceed3fa20ce,network]_StringException: Empty attachments:
  stderr
  stdout

pythonlogging:'': {{{
2016-01-06 21:05:29,507 4668 INFO     [tempest_lib.common.rest_client] Request (TestNetworkAdvancedServerOps:test_server_connectivity_pause_unpause): 200 POST http://10.0.2.15:8774/v2.1/e28af6136857491aa92093eb629a0771/os-keypairs 0.425s
2016-01-06 21:05:29,508 4668 DEBUG    [tempest_lib.common.rest_client] Request - Headers: {'Content-Type': 'application/json', 'Accept': 'application/json', 'X-Auth-Token': '&lt;omitted&gt;'}
        Body: {"keypair": {"name": "tempest-TestNetworkAdvancedServerOps-294034690"}}
    Response - Headers: {'status': '200', 'content-length': '2329', 'x-compute-request-id': 'req-f926b399-8de6-4be7-a8d8-28985f66383e', 'vary': 'X-OpenStack-Nova-API-Version', 'connection': 'close', 'x-openstack-nova-api-version': '2.1', 'date': 'Wed, 06 Jan 2016 21:05:29 GMT', 'content-type': 'application/json'}
        Body: {"keypair": {"public_key": "ssh-rsa AAAAB3NzaC1yc2EAAAADAQABAAABAQCWSwQodrb6zQcl9OQRAhB1ZxHzD3D5zfqeHMn0jUseVr5/1LjbLAq65yw3Oln7tt3hCwUob6idG2yMmN8AYo1oHjNglrF6GPN/uily9KvkwLOXaQJj80ZhYaWxkg17Kg2uIXS+L9RuXWt9sOZtJuZjkdxO+XxYWTSXxgIpQve3kFnUbOoBDH4R6DKapFOBopong0Ov1Dz6AiyiabvOThjiPTHEj2Tr5sX829HBxlgwLXQTkKoViGDaC3/YLw/Ja/UnLk9SNQi981mDEKsuCFVvj39w8Dtf5eZ4qYJODrVESkof8RlmHm0karFycPSn+T5g3pWj+Lcsyx6vM1abXSIR Generated-by-Nova", "private_key": "-----BEGIN RSA PRIVATE KEY-----\nMIIEqQIBAAKCAQEAlksEKHa2+s0HJfTkEQIQdWcR8w9w+c36nhzJ9I1LHla+f9S4\n2ywKuucsNzpZ+7bd4QsFKG+onRtsjJjfAGKNaB4zYJaxehjzf7opcvSr5MCzl2kC\nY/NGYWGlsZINeyoNriF0vi/Ubl1rfbDmbSbmY5HcTvl8WFk0l8YCKUL3t5BZ1Gzq\nAQx+EegymqRTgaKaJ4NDr9Q8+gIsomm7zk4Y4j0xxI9k6+bF/NvRwcZYMC10E5Cq\nFYhg2gt/2C8PyWv1Jy5PUjUIvfNZgxCrLghVb49/cPA7X+XmeKmCTg61REpKH/EZ\nZh5tJGqxcnD0p/k+YN6Vo/i3LMserzNWm10iEQIDAQABAoIBABiozFDbUaCK/W5D\n5RvJS+wHclGAKhhCrKk+rgA7IqUitHUC8SW87zHFdmLFZzg+w98F0N3WnELS2hej\niYtloDACLInfj9UpvOIrKFvdO0r4Nz9TknnV06lsvSQKg72+o6n7gU0nSeKl31or\nKVOle03BA/XNR5KzaEayzW35t+1dOI3cszfx6ZTlSzFfX1MJASGuHgmDTVqdSAmX\n5uvy4qNq2DTtC53f35yrd9adH6GewJuoe8trY0537ofyXSEeOShGvrYxjcSMTH3C\nqkPI2pgRU91lA2LqHJg/+nzGEGIs+D+217yWN3ntnxKOd7fE1Kg70hjqAow/i4eS\niwFaXgECggCBAL/nsbGxeBe4gNHkyzhi7+sBERRz50wkT+vDP9Beu0XF3bCLz7Nj\n+rEkbAsP/xV8q8N36KMzkW634R8TqbrR2dm8VMuNfOKhn9DfvbIYFrf5IrQQsjup\nDnSdNCTOhEIkCB0qhlmAU1vjxPiv5MpXnHkRBuQMedoanu7TUg1hQUYhAoIAgQDI\nfWb831lSQqu5+M34qTmSipLa2JHPPp+xJmWLcsSv3mo6HV1I8oUIJKps3hWtDfca\nItUDDVA60hJzoD2xozBxZcHZvPOrBkFeKhHcAZwK6BtT0n8RySM2F6EzY5Px8RyS\n4qF+5LkXZDB4f/IT7e4Ofng+CZPf2az3SjmlICx98QKCAIBdLBXHCz4ebjMFNUtB\nji+j7rmnL3rOKhcvhXWXKldMUfwHemoWU+VkWiWm3VZgzU3rsm0dx6zFj7taRkay\n8K4Pm/OjfId01TntxKOqMy3clrY1rKGMe9EL50No12e5YRsbZgkirT5Lr/NzNpsj\nbpQG57Brym7i6OffVnRRELYLYQKCAIEAoDG68YBQsW6+IgmQIgitDM8WijCTSOHD\n3VtNtb+NMuznOeoumFPXQetyFSzaav0GnOaKBzdDDMy/m43E3cQDuAfTfXQBynxk\nDKZWwNC0au6Mr0w45fAt51G4JwSAuMeryh21ZlvBHNSb+hxZQ91P4lrhHsiuVCVs\nk+bF6o+rnTECggCBAI6AxnDl9ipSs9snfgnq3+MvFzRx+Lq10XeQTW1l15p8BEZN\noOXgwABRpkD98Bu/+wogKKqMwgYWLPU84hPZRa9+0ViuIo1kjb00hZzuWXNEL+nD\n8sWXlFdpiAS7j4F18uFzm5Cs6m2G2C6vYg6hxMxE+FWhYPS7AWrYIxvX9MLn\n-----END RSA PRIVATE KEY-----\n", "user_id": "986587af9e73475faa1fe11fb925a8af", "name": "tempest-TestNetworkAdvancedServerOps-294034690", "fingerprint": "b4:03:66:80:26:1f:0b:e7:03:67:0f:34:ac:45:ef:6b"}}
2016-01-06 21:05:29,867 4668 INFO     [tempest_lib.common.rest_client] Request (TestNetworkAdvancedServerOps:test_server_connectivity_pause_unpause): 201 POST http://10.0.2.15:9696/v2.0/security-groups 0.354s
2016-01-06 21:05:29,868 4668 DEBUG    [tempest_lib.common.rest_client] Request - Headers: {'Content-Type': 'application/json', 'Accept': 'application/json', 'X-Auth-Token': '&lt;omitted&gt;'}
        Body: {"security_group": {"tenant_id": "e28af6136857491aa92093eb629a0771", "description": "tempest-secgroup-smoke-33064005 description", "name": "tempest-secgroup-smoke-33064005"}}
    Response - Headers: {'status': '201', 'content-length': '884', 'connection': 'close', 'date': 'Wed, 06 Jan 2016 21:05:29 GMT', 'content-type': 'application/json; charset=UTF-8', 'x-openstack-request-id': 'req-739d5448-2e7b-4af5-9368-84170bdb4719'}
        Body: {"security_group": {"tenant_id": "e28af6136857491aa92093eb629a0771", "description": "tempest-secgroup-smoke-33064005 description", "id": "b04e150b-554e-401f-bcaf-7c121f687f78", "security_group_rules": [{"remote_group_id": null, "direction": "egress", "remote_ip_prefix": null, "protocol": null, "ethertype": "IPv4", "tenant_id": "e28af6136857491aa92093eb629a0771", "port_range_max": null, "port_range_min": null, "id": "4d58022d-ee14-4346-80b8-1f5371a05bf7", "security_group_id": "b04e150b-554e-401f-bcaf-7c121f687f78"}, {"remote_group_id": null, "direction": "egress", "remote_ip_prefix": null, "protocol": null, "ethertype": "IPv6", "tenant_id": "e28af6136857491aa92093eb629a0771", "port_range_max": null, "port_range_min": null, "id": "6a7dc21c-df8f-499a-9e61-548e5391d2f0", "security_group_id": "b04e150b-554e-401f-bcaf-7c121f687f78"}], "name": "tempest-secgroup-smoke-33064005"}}
2016-01-06 21:05:30,144 4668 INFO     [tempest_lib.common.rest_client] Request (TestNetworkAdvancedServerOps:test_server_connectivity_pause_unpause): 201 POST http://10.0.2.15:9696/v2.0/security-group-rules 0.275s
2016-01-06 21:05:30,145 4668 DEBUG    [tempest_lib.common.rest_client] Request - Headers: {'Content-Type': 'application/json', 'Accept': 'application/json', 'X-Auth-Token': '&lt;omitted&gt;'}
        Body: {"security_group_rule": {"direction": "ingress", "protocol": "tcp", "tenant_id": "e28af6136857491aa92093eb629a0771", "port_range_max": 22, "security_group_id": "b04e150b-554e-401f-bcaf-7c121f687f78", "port_range_min": 22}}
    Response - Headers: {'status': '201', 'content-length': '340', 'connection': 'close', 'date': 'Wed, 06 Jan 2016 21:05:30 GMT', 'content-type': 'application/json; charset=UTF-8', 'x-openstack-request-id': 'req-f9ee2a48-de0d-4835-b639-5a3553992abe'}
        Body: {"security_group_rule": {"remote_group_id": null, "direction": "ingress", "remote_ip_prefix": null, "protocol": "tcp", "ethertype": "IPv4", "tenant_id": "e28af6136857491aa92093eb629a0771", "port_range_max": 22, "port_range_min": 22, "id": "0453bf17-95a9-4da9-bbf7-83fc3a3f8db9", "security_group_id": "b04e150b-554e-401f-bcaf-7c121f687f78"}}
2016-01-06 21:05:30,267 4668 INFO     [tempest_lib.common.rest_client] Request (TestNetworkAdvancedServerOps:test_server_connectivity_pause_unpause): 201 POST http://10.0.2.15:9696/v2.0/security-group-rules 0.120s
2016-01-06 21:05:30,268 4668 DEBUG    [tempest_lib.common.rest_client] Request - Headers: {'Content-Type': 'application/json', 'Accept': 'application/json', 'X-Auth-Token': '&lt;omitted&gt;'}
        Body: {"security_group_rule": {"direction": "egress", "protocol": "tcp", "tenant_id": "e28af6136857491aa92093eb629a0771", "port_range_max": 22, "security_group_id": "b04e150b-554e-401f-bcaf-7c121f687f78", "port_range_min": 22}}
    Response - Headers: {'status': '201', 'content-length': '339', 'connection': 'close', 'date': 'Wed, 06 Jan 2016 21:05:30 GMT', 'content-type': 'application/json; charset=UTF-8', 'x-openstack-request-id': 'req-47fe5298-d7cb-4b4c-9c55-d11281db225a'}
        Body: {"security_group_rule": {"remote_group_id": null, "direction": "egress", "remote_ip_prefix": null, "protocol": "tcp", "ethertype": "IPv4", "tenant_id": "e28af6136857491aa92093eb629a0771", "port_range_max": 22, "port_range_min": 22, "id": "8aeb9ced-5f12-4f1c-91c1-48732c448072", "security_group_id": "b04e150b-554e-401f-bcaf-7c121f687f78"}}
2016-01-06 21:05:30,394 4668 INFO     [tempest_lib.common.rest_client] Request (TestNetworkAdvancedServerOps:test_server_connectivity_pause_unpause): 201 POST http://10.0.2.15:9696/v2.0/security-group-rules 0.124s
2016-01-06 21:05:30,394 4668 DEBUG    [tempest_lib.common.rest_client] Request - Headers: {'Content-Type': 'application/json', 'Accept': 'application/json', 'X-Auth-Token': '&lt;omitted&gt;'}
        Body: {"security_group_rule": {"tenant_id": "e28af6136857491aa92093eb629a0771", "direction": "ingress", "protocol": "icmp", "security_group_id": "b04e150b-554e-401f-bcaf-7c121f687f78"}}
    Response - Headers: {'status': '201', 'content-length': '345', 'connection': 'close', 'date': 'Wed, 06 Jan 2016 21:05:30 GMT', 'content-type': 'application/json; charset=UTF-8', 'x-openstack-request-id': 'req-2a312fc8-c108-49f3-a0ce-02e36abb6859'}
        Body: {"security_group_rule": {"remote_group_id": null, "direction": "ingress", "remote_ip_prefix": null, "protocol": "icmp", "ethertype": "IPv4", "tenant_id": "e28af6136857491aa92093eb629a0771", "port_range_max": null, "port_range_min": null, "id": "d94bdcd2-17c0-409f-b736-e31ab6bd63a6", "security_group_id": "b04e150b-554e-401f-bcaf-7c121f687f78"}}
2016-01-06 21:05:30,511 4668 INFO     [tempest_lib.common.rest_client] Request (TestNetworkAdvancedServerOps:test_server_connectivity_pause_unpause): 201 POST http://10.0.2.15:9696/v2.0/security-group-rules 0.115s
2016-01-06 21:05:30,511 4668 DEBUG    [tempest_lib.common.rest_client] Request - Headers: {'Content-Type': 'application/json', 'Accept': 'application/json', 'X-Auth-Token': '&lt;omitted&gt;'}
        Body: {"security_group_rule": {"tenant_id": "e28af6136857491aa92093eb629a0771", "direction": "egress", "protocol": "icmp", "security_group_id": "b04e150b-554e-401f-bcaf-7c121f687f78"}}
    Response - Headers: {'status': '201', 'content-length': '344', 'connection': 'close', 'date': 'Wed, 06 Jan 2016 21:05:30 GMT', 'content-type': 'application/json; charset=UTF-8', 'x-openstack-request-id': 'req-f2b11e10-18be-46ae-b14d-40c9e9cbdb0e'}
        Body: {"security_group_rule": {"remote_group_id": null, "direction": "egress", "remote_ip_prefix": null, "protocol": "icmp", "ethertype": "IPv4", "tenant_id": "e28af6136857491aa92093eb629a0771", "port_range_max": null, "port_range_min": null, "id": "ed8f5ba4-1de6-4ab4-aed1-d5da5a7c7f4a", "security_group_id": "b04e150b-554e-401f-bcaf-7c121f687f78"}}
2016-01-06 21:05:30,638 4668 INFO     [tempest_lib.common.rest_client] Request (TestNetworkAdvancedServerOps:test_server_connectivity_pause_unpause): 201 POST http://10.0.2.15:9696/v2.0/security-group-rules 0.125s
2016-01-06 21:05:30,639 4668 DEBUG    [tempest_lib.common.rest_client] Request - Headers: {'Content-Type': 'application/json', 'Accept': 'application/json', 'X-Auth-Token': '&lt;omitted&gt;'}
        Body: {"security_group_rule": {"tenant_id": "e28af6136857491aa92093eb629a0771", "direction": "ingress", "security_group_id": "b04e150b-554e-401f-bcaf-7c121f687f78", "protocol": "icmp", "ethertype": "IPv6"}}
    Response - Headers: {'status': '201', 'content-length': '345', 'connection': 'close', 'date': 'Wed, 06 Jan 2016 21:05:30 GMT', 'content-type': 'application/json; charset=UTF-8', 'x-openstack-request-id': 'req-8d10c398-a393-49dc-9967-6fbecb1130cc'}
        Body: {"security_group_rule": {"remote_group_id": null, "direction": "ingress", "remote_ip_prefix": null, "protocol": "icmp", "ethertype": "IPv6", "tenant_id": "e28af6136857491aa92093eb629a0771", "port_range_max": null, "port_range_min": null, "id": "581770e4-292d-43e5-9bcf-aa20be1347fb", "security_group_id": "b04e150b-554e-401f-bcaf-7c121f687f78"}}
2016-01-06 21:05:30,772 4668 INFO     [tempest_lib.common.rest_client] Request (TestNetworkAdvancedServerOps:test_server_connectivity_pause_unpause): 201 POST http://10.0.2.15:9696/v2.0/security-group-rules 0.131s
2016-01-06 21:05:30,772 4668 DEBUG    [tempest_lib.common.rest_client] Request - Headers: {'Content-Type': 'application/json', 'Accept': 'application/json', 'X-Auth-Token': '&lt;omitted&gt;'}
        Body: {"security_group_rule": {"tenant_id": "e28af6136857491aa92093eb629a0771", "direction": "egress", "security_group_id": "b04e150b-554e-401f-bcaf-7c121f687f78", "protocol": "icmp", "ethertype": "IPv6"}}
    Response - Headers: {'status': '201', 'content-length': '344', 'connection': 'close', 'date': 'Wed, 06 Jan 2016 21:05:30 GMT', 'content-type': 'application/json; charset=UTF-8', 'x-openstack-request-id': 'req-638dbe89-56fa-4ce9-960a-753cd7e407c1'}
        Body: {"security_group_rule": {"remote_group_id": null, "direction": "egress", "remote_ip_prefix": null, "protocol": "icmp", "ethertype": "IPv6", "tenant_id": "e28af6136857491aa92093eb629a0771", "port_range_max": null, "port_range_min": null, "id": "e5dcb302-3904-4f6a-899a-9f3cb3fb24af", "security_group_id": "b04e150b-554e-401f-bcaf-7c121f687f78"}}
2016-01-06 21:05:30,959 4668 INFO     [tempest_lib.common.rest_client] Request (TestNetworkAdvancedServerOps:test_server_connectivity_pause_unpause): 201 POST http://10.0.2.15:9696/v2.0/networks 0.186s
2016-01-06 21:05:30,960 4668 DEBUG    [tempest_lib.common.rest_client] Request - Headers: {'Content-Type': 'application/json', 'Accept': 'application/json', 'X-Auth-Token': '&lt;omitted&gt;'}
        Body: {"network": {"tenant_id": "e28af6136857491aa92093eb629a0771", "name": "tempest-network-smoke--753003404"}}
    Response - Headers: {'status': '201', 'content-length': '326', 'connection': 'close', 'date': 'Wed, 06 Jan 2016 21:05:30 GMT', 'content-type': 'application/json; charset=UTF-8', 'x-openstack-request-id': 'req-d23bbd7b-abfe-45ef-aa6c-7ad4d7b874ea'}
        Body: {"network": {"status": "ACTIVE", "subnets": [], "availability_zone_hints": [], "name": "tempest-network-smoke--753003404", "admin_state_up": true, "tenant_id": "e28af6136857491aa92093eb629a0771", "mtu": 0, "router:external": false, "shared": false, "port_security_enabled": true, "id": "75f25e26-db0b-413a-9d94-1dd1302301ef"}}
2016-01-06 21:05:31,046 4668 INFO     [tempest_lib.common.rest_client] Request (TestNetworkAdvancedServerOps:test_server_connectivity_pause_unpause): 201 POST http://10.0.2.15:9696/v2.0/routers 0.085s
2016-01-06 21:05:31,046 4668 DEBUG    [tempest_lib.common.rest_client] Request - Headers: {'Content-Type': 'application/json', 'Accept': 'application/json', 'X-Auth-Token': '&lt;omitted&gt;'}
        Body: {"router": {"tenant_id": "e28af6136857491aa92093eb629a0771", "name": "tempest-router-smoke-1046355985", "admin_state_up": true}}
    Response - Headers: {'status': '201', 'content-length': '296', 'connection': 'close', 'date': 'Wed, 06 Jan 2016 21:05:31 GMT', 'content-type': 'application/json; charset=UTF-8', 'x-openstack-request-id': 'req-eb4bb606-2a16-4172-ace8-950140761c1e'}
        Body: {"router": {"status": "ACTIVE", "external_gateway_info": null, "availability_zone_hints": [], "availability_zones": [], "name": "tempest-router-smoke-1046355985", "admin_state_up": true, "tenant_id": "e28af6136857491aa92093eb629a0771", "routes": [], "id": "effeba8f-cf12-4456-b086-1e6b9335134c"}}
2016-01-06 21:05:31,108 4668 INFO     [tempest_lib.common.rest_client] Request (TestNetworkAdvancedServerOps:test_server_connectivity_pause_unpause): 200 GET http://10.0.2.15:9696/v2.0/routers/effeba8f-cf12-4456-b086-1e6b9335134c 0.060s
2016-01-06 21:05:31,108 4668 DEBUG    [tempest_lib.common.rest_client] Request - Headers: {'Content-Type': 'application/json', 'Accept': 'application/json', 'X-Auth-Token': '&lt;omitted&gt;'}
        Body: None
    Response - Headers: {'status': '200', 'content-length': '296', 'content-location': 'http://10.0.2.15:9696/v2.0/routers/effeba8f-cf12-4456-b086-1e6b9335134c', 'connection': 'close', 'date': 'Wed, 06 Jan 2016 21:05:31 GMT', 'content-type': 'application/json; charset=UTF-8', 'x-openstack-request-id': 'req-d842e5ea-4847-4000-b150-b5ac4924999a'}
        Body: {"router": {"status": "ACTIVE", "external_gateway_info": null, "availability_zone_hints": [], "availability_zones": [], "name": "tempest-router-smoke-1046355985", "admin_state_up": true, "tenant_id": "e28af6136857491aa92093eb629a0771", "routes": [], "id": "effeba8f-cf12-4456-b086-1e6b9335134c"}}
2016-01-06 21:05:31,860 4668 INFO     [tempest_lib.common.rest_client] Request (TestNetworkAdvancedServerOps:test_server_connectivity_pause_unpause): 200 PUT http://10.0.2.15:9696/v2.0/routers/effeba8f-cf12-4456-b086-1e6b9335134c 0.752s
2016-01-06 21:05:31,861 4668 DEBUG    [tempest_lib.common.rest_client] Request - Headers: {'Content-Type': 'application/json', 'Accept': 'application/json', 'X-Auth-Token': '&lt;omitted&gt;'}
        Body: {"router": {"external_gateway_info": {"network_id": "72eb9806-50a0-4fa0-a9d9-300b0aa0b72c"}, "name": "tempest-router-smoke-1046355985", "admin_state_up": true}}
    Response - Headers: {'status': '200', 'content-length': '558', 'connection': 'close', 'date': 'Wed, 06 Jan 2016 21:05:31 GMT', 'content-type': 'application/json; charset=UTF-8', 'x-openstack-request-id': 'req-eb7a3e0c-2c9b-4783-89fa-97f3d3e6acc4'}
        Body: {"router": {"status": "ACTIVE", "external_gateway_info": {"network_id": "72eb9806-50a0-4fa0-a9d9-300b0aa0b72c", "enable_snat": true, "external_fixed_ips": [{"subnet_id": "aeee07d8-f303-4823-a4f3-39d4905f9a8f", "ip_address": "172.24.4.3"}, {"subnet_id": "4dfd814d-583f-4168-881e-b9277ba7295e", "ip_address": "2001:db8::3"}]}, "availability_zone_hints": [], "availability_zones": [], "name": "tempest-router-smoke-1046355985", "admin_state_up": true, "tenant_id": "e28af6136857491aa92093eb629a0771", "routes": [], "id": "effeba8f-cf12-4456-b086-1e6b9335134c"}}
2016-01-06 21:05:32,029 4668 INFO     [tempest_lib.common.rest_client] Request (TestNetworkAdvancedServerOps:test_server_connectivity_pause_unpause): 200 GET http://10.0.2.15:9696/v2.0/subnets?tenant_id=e28af6136857491aa92093eb629a0771&amp;cidr=10.100.0.0%2F28 0.167s
2016-01-06 21:05:32,029 4668 DEBUG    [tempest_lib.common.rest_client] Request - Headers: {'Content-Type': 'application/json', 'Accept': 'application/json', 'X-Auth-Token': '&lt;omitted&gt;'}
        Body: None
    Response - Headers: {'status': '200', 'content-length': '15', 'content-location': 'http://10.0.2.15:9696/v2.0/subnets?tenant_id=e28af6136857491aa92093eb629a0771&amp;cidr=10.100.0.0%2F28', 'connection': 'close', 'date': 'Wed, 06 Jan 2016 21:05:32 GMT', 'content-type': 'application/json; charset=UTF-8', 'x-openstack-request-id': 'req-13deb6f1-764f-4930-aa37-74970c1c29b4'}
        Body: {"subnets": []}
2016-01-06 21:05:32,348 4668 INFO     [tempest_lib.common.rest_client] Request (TestNetworkAdvancedServerOps:test_server_connectivity_pause_unpause): 201 POST http://10.0.2.15:9696/v2.0/subnets 0.318s
2016-01-06 21:05:32,349 4668 DEBUG    [tempest_lib.common.rest_client] Request - Headers: {'Content-Type': 'application/json', 'Accept': 'application/json', 'X-Auth-Token': '&lt;omitted&gt;'}
        Body: {"subnet": {"ip_version": 4, "tenant_id": "e28af6136857491aa92093eb629a0771", "cidr": "10.100.0.0/28", "network_id": "75f25e26-db0b-413a-9d94-1dd1302301ef", "name": "tempest-subnet-smoke-712659088"}}
    Response - Headers: {'status': '201', 'content-length': '477', 'connection': 'close', 'date': 'Wed, 06 Jan 2016 21:05:32 GMT', 'content-type': 'application/json; charset=UTF-8', 'x-openstack-request-id': 'req-4b4f8f3f-59b1-4a33-9cbb-8c8d874ef3ee'}
        Body: {"subnet": {"name": "tempest-subnet-smoke-712659088", "enable_dhcp": true, "network_id": "75f25e26-db0b-413a-9d94-1dd1302301ef", "tenant_id": "e28af6136857491aa92093eb629a0771", "dns_nameservers": [], "gateway_ip": "10.100.0.1", "ipv6_ra_mode": null, "allocation_pools": [{"start": "10.100.0.2", "end": "10.100.0.14"}], "host_routes": [], "ip_version": 4, "ipv6_address_mode": null, "cidr": "10.100.0.0/28", "id": "e0b43d51-280e-4c76-bfc6-9bd09cc78a15", "subnetpool_id": null}}
2016-01-06 21:05:32,893 4668 INFO     [tempest_lib.common.rest_client] Request (TestNetworkAdvancedServerOps:test_server_connectivity_pause_unpause): 200 PUT http://10.0.2.15:9696/v2.0/routers/effeba8f-cf12-4456-b086-1e6b9335134c/add_router_interface 0.543s
2016-01-06 21:05:32,893 4668 DEBUG    [tempest_lib.common.rest_client] Request - Headers: {'Content-Type': 'application/json', 'Accept': 'application/json', 'X-Auth-Token': '&lt;omitted&gt;'}
        Body: {"subnet_id": "e0b43d51-280e-4c76-bfc6-9bd09cc78a15"}
    Response - Headers: {'status': '200', 'content-length': '255', 'connection': 'close', 'date': 'Wed, 06 Jan 2016 21:05:32 GMT', 'content-type': 'application/json; charset=UTF-8', 'x-openstack-request-id': 'req-f946a52c-f9ff-472d-adc9-e65a000998dc'}
        Body: {"subnet_id": "e0b43d51-280e-4c76-bfc6-9bd09cc78a15", "tenant_id": "e28af6136857491aa92093eb629a0771", "subnet_ids": ["e0b43d51-280e-4c76-bfc6-9bd09cc78a15"], "port_id": "4408a0b3-3f77-4523-8290-4314cd5fcb93", "id": "effeba8f-cf12-4456-b086-1e6b9335134c"}
2016-01-06 21:05:33,011 4668 INFO     [tempest_lib.common.rest_client] Request (TestNetworkAdvancedServerOps:test_server_connectivity_pause_unpause): 200 POST http://10.0.2.15:5000/v2.0/tokens
2016-01-06 21:05:33,012 4668 DEBUG    [tempest_lib.common.rest_client] Request - Headers: {'Content-Type': 'application/json', 'Accept': 'application/json'}
        Body: &lt;omitted&gt;
    Response - Headers: {'status': '200', 'content-length': '2305', 'vary': 'X-Auth-Token', 'server': 'Apache/2.4.7 (Ubuntu)', 'connection': 'close', 'date': 'Wed, 06 Jan 2016 21:05:32 GMT', 'content-type': 'application/json', 'x-openstack-request-id': 'req-1bdb6d74-f88a-43d9-9315-10d58f36f657'}
        Body: {"access": {"token": {"issued_at": "2016-01-06T21:05:32.999047", "expires": "2016-01-06T22:05:32Z", "id": "9a971dc21a38401481d66c453aa7bc6d", "tenant": {"description": "tempest-TestNetworkAdvancedServerOps-501723990-desc", "enabled": true, "id": "e28af6136857491aa92093eb629a0771", "name": "tempest-TestNetworkAdvancedServerOps-501723990"}, "audit_ids": ["TYCIMYIwSC-0m-GEbL4-Ng"]}, "serviceCatalog": [{"endpoints": [{"adminURL": "http://10.0.2.15:9292", "region": "RegionOne", "internalURL": "http://10.0.2.15:9292", "id": "5bf8dec5896b43a88b9469c0c564bf90", "publicURL": "http://10.0.2.15:9292"}], "endpoints_links": [], "type": "image", "name": "glance"}, {"endpoints": [{"adminURL": "http://10.0.2.15:8774/v2.1/e28af6136857491aa92093eb629a0771", "region": "RegionOne", "internalURL": "http://10.0.2.15:8774/v2.1/e28af6136857491aa92093eb629a0771", "id": "527b2878485d4c49bbec985e9b96e1db", "publicURL": "http://10.0.2.15:8774/v2.1/e28af6136857491aa92093eb629a0771"}], "endpoints_links": [], "type": "compute", "name": "nova"}, {"endpoints": [{"adminURL": "http://10.0.2.15:8774/v2/e28af6136857491aa92093eb629a0771", "region": "RegionOne", "internalURL": "http://10.0.2.15:8774/v2/e28af6136857491aa92093eb629a0771", "id": "07a628e2366f440886d9b55ba9d60ac0", "publicURL": "http://10.0.2.15:8774/v2/e28af6136857491aa92093eb629a0771"}], "endpoints_links": [], "type": "compute_legacy", "name": "nova_legacy"}, {"endpoints": [{"adminURL": "http://10.0.2.15:35357/v2.0", "region": "RegionOne", "internalURL": "http://10.0.2.15:5000/v2.0", "id": "19986f66f67647398d35351d451f6ec0", "publicURL": "http://10.0.2.15:5000/v2.0"}], "endpoints_links": [], "type": "identity", "name": "keystone"}, {"endpoints": [{"adminURL": "http://10.0.2.15:9696/", "region": "RegionOne", "internalURL": "http://10.0.2.15:9696/", "id": "159d5719c7584eecbbc788f1d536a48a", "publicURL": "http://10.0.2.15:9696/"}], "endpoints_links": [], "type": "network", "name": "neutron"}], "user": {"username": "tempest-TestNetworkAdvancedServerOps-17714181", "roles_links": [], "id": "986587af9e73475faa1fe11fb925a8af", "roles": [{"name": "_member_"}, {"name": "Member"}], "name": "tempest-TestNetworkAdvancedServerOps-17714181"}, "metadata": {"is_admin": 0, "roles": ["9fe2ff9ee4384b1894a90878d3e92bab", "e184a2965ea341d09899ee3c839589d9"]}}}
2016-01-06 21:05:33,018 4668 DEBUG    [tempest.common.fixed_network] (TestNetworkAdvancedServerOps:test_server_connectivity_pause_unpause) No valid network provided or created, defaulting to fixed_network_name
2016-01-06 21:05:33,405 4668 INFO     [tempest_lib.common.rest_client] Request (TestNetworkAdvancedServerOps:test_server_connectivity_pause_unpause): 200 GET http://10.0.2.15:8774/v2.1/e28af6136857491aa92093eb629a0771/os-networks 0.386s
2016-01-06 21:05:33,405 4668 DEBUG    [tempest_lib.common.rest_client] Request - Headers: {'Content-Type': 'application/json', 'Accept': 'application/json', 'X-Auth-Token': '&lt;omitted&gt;'}
        Body: None
    Response - Headers: {'status': '200', 'content-length': '478', 'content-location': 'http://10.0.2.15:8774/v2.1/e28af6136857491aa92093eb629a0771/os-networks', 'x-compute-request-id': 'req-39d031dc-fb3c-45d9-aa5d-4516d5f1fd5e', 'vary': 'X-OpenStack-Nova-API-Version', 'connection': 'close', 'x-openstack-nova-api-version': '2.1', 'date': 'Wed, 06 Jan 2016 21:05:33 GMT', 'content-type': 'application/json'}
        Body: {"networks": [{"cidr_v6": null, "dns2": null, "dns1": null, "gateway": null, "broadcast": null, "netmask": null, "gateway_v6": null, "cidr": null, "label": "public", "id": "72eb9806-50a0-4fa0-a9d9-300b0aa0b72c", "netmask_v6": null}, {"cidr_v6": null, "dns2": null, "dns1": null, "gateway": null, "broadcast": null, "netmask": null, "gateway_v6": null, "cidr": null, "label": "tempest-network-smoke--753003404", "id": "75f25e26-db0b-413a-9d94-1dd1302301ef", "netmask_v6": null}]}
2016-01-06 21:05:33,406 4668 WARNING  [tempest.common.fixed_network] (TestNetworkAdvancedServerOps:test_server_connectivity_pause_unpause) Network with name: private not found
2016-01-06 21:05:33,407 4668 INFO     [tempest.common.fixed_network] (TestNetworkAdvancedServerOps:test_server_connectivity_pause_unpause) Found network {} available for tenant
2016-01-06 21:05:34,770 4668 INFO     [tempest_lib.common.rest_client] Request (TestNetworkAdvancedServerOps:test_server_connectivity_pause_unpause): 202 POST http://10.0.2.15:8774/v2.1/e28af6136857491aa92093eb629a0771/servers 1.362s
2016-01-06 21:05:34,771 4668 DEBUG    [tempest_lib.common.rest_client] Request - Headers: {'Content-Type': 'application/json', 'Accept': 'application/json', 'X-Auth-Token': '&lt;omitted&gt;'}
        Body: {"server": {"name": "tempest.common.compute-instance-350743361", "imageRef": "250db8b0-9bc1-4710-9bad-b9d50fd51da1", "key_name": "tempest-TestNetworkAdvancedServerOps-294034690", "flavorRef": "42", "networks": [{"uuid": "75f25e26-db0b-413a-9d94-1dd1302301ef"}], "security_groups": [{"name": "tempest-secgroup-smoke-33064005"}]}}
    Response - Headers: {'status': '202', 'content-length': '460', 'x-compute-request-id': 'req-bc555e41-68b8-40fc-84a0-5883a03a8987', 'vary': 'X-OpenStack-Nova-API-Version', 'connection': 'close', 'location': 'http://10.0.2.15:8774/v2.1/e28af6136857491aa92093eb629a0771/servers/42eab324-cd87-4ce9-bed6-ac1f4bc78262', 'x-openstack-nova-api-version': '2.1', 'date': 'Wed, 06 Jan 2016 21:05:34 GMT', 'content-type': 'application/json'}
        Body: {"server": {"security_groups": [{"name": "tempest-secgroup-smoke-33064005"}], "OS-DCF:diskConfig": "MANUAL", "id": "42eab324-cd87-4ce9-bed6-ac1f4bc78262", "links": [{"href": "http://10.0.2.15:8774/v2.1/e28af6136857491aa92093eb629a0771/servers/42eab324-cd87-4ce9-bed6-ac1f4bc78262", "rel": "self"}, {"href": "http://10.0.2.15:8774/e28af6136857491aa92093eb629a0771/servers/42eab324-cd87-4ce9-bed6-ac1f4bc78262", "rel": "bookmark"}], "adminPass": "A2cv3PUz77uj"}}
2016-01-06 21:05:35,108 4668 INFO     [tempest_lib.common.rest_client] Request (TestNetworkAdvancedServerOps:test_server_connectivity_pause_unpause): 200 GET http://10.0.2.15:8774/v2.1/e28af6136857491aa92093eb629a0771/servers/42eab324-cd87-4ce9-bed6-ac1f4bc78262 0.335s
2016-01-06 21:05:35,109 4668 DEBUG    [tempest_lib.common.rest_client] Request - Headers: {'Content-Type': 'application/json', 'Accept': 'application/json', 'X-Auth-Token': '&lt;omitted&gt;'}
        Body: None
    Response - Headers: {'status': '200', 'content-length': '1363', 'content-location': 'http://10.0.2.15:8774/v2.1/e28af6136857491aa92093eb629a0771/servers/42eab324-cd87-4ce9-bed6-ac1f4bc78262', 'x-compute-request-id': 'req-af6f177d-521e-4ba9-a70b-fed82d043df1', 'vary': 'X-OpenStack-Nova-API-Version', 'connection': 'close', 'x-openstack-nova-api-version': '2.1', 'date': 'Wed, 06 Jan 2016 21:05:35 GMT', 'content-type': 'application/json'}
        Body: {"server": {"status": "BUILD", "updated": "2016-01-06T21:05:34Z", "hostId": "", "addresses": {}, "links": [{"href": "http://10.0.2.15:8774/v2.1/e28af6136857491aa92093eb629a0771/servers/42eab324-cd87-4ce9-bed6-ac1f4bc78262", "rel": "self"}, {"href": "http://10.0.2.15:8774/e28af6136857491aa92093eb629a0771/servers/42eab324-cd87-4ce9-bed6-ac1f4bc78262", "rel": "bookmark"}], "key_name": "tempest-TestNetworkAdvancedServerOps-294034690", "image": {"id": "250db8b0-9bc1-4710-9bad-b9d50fd51da1", "links": [{"href": "http://10.0.2.15:8774/e28af6136857491aa92093eb629a0771/images/250db8b0-9bc1-4710-9bad-b9d50fd51da1", "rel": "bookmark"}]}, "OS-EXT-STS:task_state": "scheduling", "OS-EXT-STS:vm_state": "building", "OS-SRV-USG:launched_at": null, "flavor": {"id": "42", "links": [{"href": "http://10.0.2.15:8774/e28af6136857491aa92093eb629a0771/flavors/42", "rel": "bookmark"}]}, "id": "42eab324-cd87-4ce9-bed6-ac1f4bc78262", "OS-SRV-USG:terminated_at": null, "OS-EXT-AZ:availability_zone": "", "user_id": "986587af9e73475faa1fe11fb925a8af", "name": "tempest.common.compute-instance-350743361", "created": "2016-01-06T21:05:34Z", "tenant_id": "e28af6136857491aa92093eb629a0771", "OS-DCF:diskConfig": "MANUAL", "os-extended-volumes:volumes_attached": [], "accessIPv4": "", "accessIPv6": "", "progress": 0, "OS-EXT-STS:power_state": 0, "config_drive": "", "metadata": {}}}
2016-01-06 21:05:36,415 4668 INFO     [tempest_lib.common.rest_client] Request (TestNetworkAdvancedServerOps:test_server_connectivity_pause_unpause): 200 GET http://10.0.2.15:8774/v2.1/e28af6136857491aa92093eb629a0771/servers/42eab324-cd87-4ce9-bed6-ac1f4bc78262 0.297s
2016-01-06 21:05:36,416 4668 DEBUG    [tempest_lib.common.rest_client] Request - Headers: {'Content-Type': 'application/json', 'Accept': 'application/json', 'X-Auth-Token': '&lt;omitted&gt;'}
        Body: None
    Response - Headers: {'status': '200', 'content-length': '1487', 'content-location': 'http://10.0.2.15:8774/v2.1/e28af6136857491aa92093eb629a0771/servers/42eab324-cd87-4ce9-bed6-ac1f4bc78262', 'x-compute-request-id': 'req-5bcc0bce-8e0a-449c-b9aa-a5e31896f30b', 'vary': 'X-OpenStack-Nova-API-Version', 'connection': 'close', 'x-openstack-nova-api-version': '2.1', 'date': 'Wed, 06 Jan 2016 21:05:36 GMT', 'content-type': 'application/json'}
        Body: {"server": {"status": "BUILD", "updated": "2016-01-06T21:05:35Z", "hostId": "4034677c1604a09e5ab61c2747a2effc98debeb353fa24eb9f2e549f", "addresses": {}, "links": [{"href": "http://10.0.2.15:8774/v2.1/e28af6136857491aa92093eb629a0771/servers/42eab324-cd87-4ce9-bed6-ac1f4bc78262", "rel": "self"}, {"href": "http://10.0.2.15:8774/e28af6136857491aa92093eb629a0771/servers/42eab324-cd87-4ce9-bed6-ac1f4bc78262", "rel": "bookmark"}], "key_name": "tempest-TestNetworkAdvancedServerOps-294034690", "image": {"id": "250db8b0-9bc1-4710-9bad-b9d50fd51da1", "links": [{"href": "http://10.0.2.15:8774/e28af6136857491aa92093eb629a0771/images/250db8b0-9bc1-4710-9bad-b9d50fd51da1", "rel": "bookmark"}]}, "OS-EXT-STS:task_state": "spawning", "OS-EXT-STS:vm_state": "building", "OS-SRV-USG:launched_at": null, "flavor": {"id": "42", "links": [{"href": "http://10.0.2.15:8774/e28af6136857491aa92093eb629a0771/flavors/42", "rel": "bookmark"}]}, "id": "42eab324-cd87-4ce9-bed6-ac1f4bc78262", "security_groups": [{"name": "tempest-secgroup-smoke-33064005"}], "OS-SRV-USG:terminated_at": null, "OS-EXT-AZ:availability_zone": "nova", "user_id": "986587af9e73475faa1fe11fb925a8af", "name": "tempest.common.compute-instance-350743361", "created": "2016-01-06T21:05:34Z", "tenant_id": "e28af6136857491aa92093eb629a0771", "OS-DCF:diskConfig": "MANUAL", "os-extended-volumes:volumes_attached": [], "accessIPv4": "", "accessIPv6": "", "progress": 0, "OS-EXT-STS:power_state": 0, "config_drive": "", "metadata": {}}}
2016-01-06 21:05:36,424 4668 INFO     [tempest.common.waiters] State transition "BUILD/scheduling" ==&gt; "BUILD/spawning" after 1 second wait
2016-01-06 21:05:37,622 4668 INFO     [tempest_lib.common.rest_client] Request (TestNetworkAdvancedServerOps:test_server_connectivity_pause_unpause): 200 GET http://10.0.2.15:8774/v2.1/e28af6136857491aa92093eb629a0771/servers/42eab324-cd87-4ce9-bed6-ac1f4bc78262 0.196s
2016-01-06 21:05:37,623 4668 DEBUG    [tempest_lib.common.rest_client] Request - Headers: {'Content-Type': 'application/json', 'Accept': 'application/json', 'X-Auth-Token': '&lt;omitted&gt;'}
        Body: None
    Response - Headers: {'status': '200', 'content-length': '1487', 'content-location': 'http://10.0.2.15:8774/v2.1/e28af6136857491aa92093eb629a0771/servers/42eab324-cd87-4ce9-bed6-ac1f4bc78262', 'x-compute-request-id': 'req-4c3f473a-5756-40b9-a17e-38a3a47da81c', 'vary': 'X-OpenStack-Nova-API-Version', 'connection': 'close', 'x-openstack-nova-api-version': '2.1', 'date': 'Wed, 06 Jan 2016 21:05:37 GMT', 'content-type': 'application/json'}
        Body: {"server": {"status": "BUILD", "updated": "2016-01-06T21:05:35Z", "hostId": "4034677c1604a09e5ab61c2747a2effc98debeb353fa24eb9f2e549f", "addresses": {}, "links": [{"href": "http://10.0.2.15:8774/v2.1/e28af6136857491aa92093eb629a0771/servers/42eab324-cd87-4ce9-bed6-ac1f4bc78262", "rel": "self"}, {"href": "http://10.0.2.15:8774/e28af6136857491aa92093eb629a0771/servers/42eab324-cd87-4ce9-bed6-ac1f4bc78262", "rel": "bookmark"}], "key_name": "tempest-TestNetworkAdvancedServerOps-294034690", "image": {"id": "250db8b0-9bc1-4710-9bad-b9d50fd51da1", "links": [{"href": "http://10.0.2.15:8774/e28af6136857491aa92093eb629a0771/images/250db8b0-9bc1-4710-9bad-b9d50fd51da1", "rel": "bookmark"}]}, "OS-EXT-STS:task_state": "spawning", "OS-EXT-STS:vm_state": "building", "OS-SRV-USG:launched_at": null, "flavor": {"id": "42", "links": [{"href": "http://10.0.2.15:8774/e28af6136857491aa92093eb629a0771/flavors/42", "rel": "bookmark"}]}, "id": "42eab324-cd87-4ce9-bed6-ac1f4bc78262", "security_groups": [{"name": "tempest-secgroup-smoke-33064005"}], "OS-SRV-USG:terminated_at": null, "OS-EXT-AZ:availability_zone": "nova", "user_id": "986587af9e73475faa1fe11fb925a8af", "name": "tempest.common.compute-instance-350743361", "created": "2016-01-06T21:05:34Z", "tenant_id": "e28af6136857491aa92093eb629a0771", "OS-DCF:diskConfig": "MANUAL", "os-extended-volumes:volumes_attached": [], "accessIPv4": "", "accessIPv6": "", "progress": 0, "OS-EXT-STS:power_state": 0, "config_drive": "", "metadata": {}}}
2016-01-06 21:05:38,831 4668 INFO     [tempest_lib.common.rest_client] Request (TestNetworkAdvancedServerOps:test_server_connectivity_pause_unpause): 200 GET http://10.0.2.15:8774/v2.1/e28af6136857491aa92093eb629a0771/servers/42eab324-cd87-4ce9-bed6-ac1f4bc78262 0.199s
2016-01-06 21:05:38,831 4668 DEBUG    [tempest_lib.common.rest_client] Request - Headers: {'Content-Type': 'application/json', 'Accept': 'application/json', 'X-Auth-Token': '&lt;omitted&gt;'}
        Body: None
    Response - Headers: {'status': '200', 'content-length': '1658', 'content-location': 'http://10.0.2.15:8774/v2.1/e28af6136857491aa92093eb629a0771/servers/42eab324-cd87-4ce9-bed6-ac1f4bc78262', 'x-compute-request-id': 'req-1e35a897-3afd-4d85-b714-27a406562253', 'vary': 'X-OpenStack-Nova-API-Version', 'connection': 'close', 'x-openstack-nova-api-version': '2.1', 'date': 'Wed, 06 Jan 2016 21:05:38 GMT', 'content-type': 'application/json'}
        Body: {"server": {"status": "ACTIVE", "updated": "2016-01-06T21:05:38Z", "hostId": "4034677c1604a09e5ab61c2747a2effc98debeb353fa24eb9f2e549f", "addresses": {"tempest-network-smoke--753003404": [{"OS-EXT-IPS-MAC:mac_addr": "fa:16:3e:ee:8f:83", "version": 4, "addr": "10.100.0.3", "OS-EXT-IPS:type": "fixed"}]}, "links": [{"href": "http://10.0.2.15:8774/v2.1/e28af6136857491aa92093eb629a0771/servers/42eab324-cd87-4ce9-bed6-ac1f4bc78262", "rel": "self"}, {"href": "http://10.0.2.15:8774/e28af6136857491aa92093eb629a0771/servers/42eab324-cd87-4ce9-bed6-ac1f4bc78262", "rel": "bookmark"}], "key_name": "tempest-TestNetworkAdvancedServerOps-294034690", "image": {"id": "250db8b0-9bc1-4710-9bad-b9d50fd51da1", "links": [{"href": "http://10.0.2.15:8774/e28af6136857491aa92093eb629a0771/images/250db8b0-9bc1-4710-9bad-b9d50fd51da1", "rel": "bookmark"}]}, "OS-EXT-STS:task_state": null, "OS-EXT-STS:vm_state": "active", "OS-SRV-USG:launched_at": "2016-01-06T21:05:38.000000", "flavor": {"id": "42", "links": [{"href": "http://10.0.2.15:8774/e28af6136857491aa92093eb629a0771/flavors/42", "rel": "bookmark"}]}, "id": "42eab324-cd87-4ce9-bed6-ac1f4bc78262", "security_groups": [{"name": "tempest-secgroup-smoke-33064005"}], "OS-SRV-USG:terminated_at": null, "OS-EXT-AZ:availability_zone": "nova", "user_id": "986587af9e73475faa1fe11fb925a8af", "name": "tempest.common.compute-instance-350743361", "created": "2016-01-06T21:05:34Z", "tenant_id": "e28af6136857491aa92093eb629a0771", "OS-DCF:diskConfig": "MANUAL", "os-extended-volumes:volumes_attached": [], "accessIPv4": "", "accessIPv6": "", "progress": 0, "OS-EXT-STS:power_state": 1, "config_drive": "True", "metadata": {}}}
2016-01-06 21:05:38,840 4668 INFO     [tempest.common.waiters] State transition "BUILD/spawning" ==&gt; "ACTIVE/None" after 3 second wait
2016-01-06 21:05:39,153 4668 INFO     [tempest_lib.common.rest_client] Request (TestNetworkAdvancedServerOps:test_server_connectivity_pause_unpause): 200 GET http://10.0.2.15:8774/v2.1/e28af6136857491aa92093eb629a0771/servers/42eab324-cd87-4ce9-bed6-ac1f4bc78262 0.313s
2016-01-06 21:05:39,154 4668 DEBUG    [tempest_lib.common.rest_client] Request - Headers: {'Content-Type': 'application/json', 'Accept': 'application/json', 'X-Auth-Token': '&lt;omitted&gt;'}
        Body: None
    Response - Headers: {'status': '200', 'content-length': '1658', 'content-location': 'http://10.0.2.15:8774/v2.1/e28af6136857491aa92093eb629a0771/servers/42eab324-cd87-4ce9-bed6-ac1f4bc78262', 'x-compute-request-id': 'req-3a2bbc2f-cc3d-4e37-a2b9-060ee1d2710b', 'vary': 'X-OpenStack-Nova-API-Version', 'connection': 'close', 'x-openstack-nova-api-version': '2.1', 'date': 'Wed, 06 Jan 2016 21:05:39 GMT', 'content-type': 'application/json'}
        Body: {"server": {"status": "ACTIVE", "updated": "2016-01-06T21:05:38Z", "hostId": "4034677c1604a09e5ab61c2747a2effc98debeb353fa24eb9f2e549f", "addresses": {"tempest-network-smoke--753003404": [{"OS-EXT-IPS-MAC:mac_addr": "fa:16:3e:ee:8f:83", "version": 4, "addr": "10.100.0.3", "OS-EXT-IPS:type": "fixed"}]}, "links": [{"href": "http://10.0.2.15:8774/v2.1/e28af6136857491aa92093eb629a0771/servers/42eab324-cd87-4ce9-bed6-ac1f4bc78262", "rel": "self"}, {"href": "http://10.0.2.15:8774/e28af6136857491aa92093eb629a0771/servers/42eab324-cd87-4ce9-bed6-ac1f4bc78262", "rel": "bookmark"}], "key_name": "tempest-TestNetworkAdvancedServerOps-294034690", "image": {"id": "250db8b0-9bc1-4710-9bad-b9d50fd51da1", "links": [{"href": "http://10.0.2.15:8774/e28af6136857491aa92093eb629a0771/images/250db8b0-9bc1-4710-9bad-b9d50fd51da1", "rel": "bookmark"}]}, "OS-EXT-STS:task_state": null, "OS-EXT-STS:vm_state": "active", "OS-SRV-USG:launched_at": "2016-01-06T21:05:38.000000", "flavor": {"id": "42", "links": [{"href": "http://10.0.2.15:8774/e28af6136857491aa92093eb629a0771/flavors/42", "rel": "bookmark"}]}, "id": "42eab324-cd87-4ce9-bed6-ac1f4bc78262", "security_groups": [{"name": "tempest-secgroup-smoke-33064005"}], "OS-SRV-USG:terminated_at": null, "OS-EXT-AZ:availability_zone": "nova", "user_id": "986587af9e73475faa1fe11fb925a8af", "name": "tempest.common.compute-instance-350743361", "created": "2016-01-06T21:05:34Z", "tenant_id": "e28af6136857491aa92093eb629a0771", "OS-DCF:diskConfig": "MANUAL", "os-extended-volumes:volumes_attached": [], "accessIPv4": "", "accessIPv6": "", "progress": 0, "OS-EXT-STS:power_state": 1, "config_drive": "True", "metadata": {}}}
2016-01-06 21:05:39,315 4668 INFO     [tempest_lib.common.rest_client] Request (TestNetworkAdvancedServerOps:test_server_connectivity_pause_unpause): 200 GET http://10.0.2.15:9696/v2.0/ports?status=ACTIVE&amp;fixed_ip=None&amp;device_id=42eab324-cd87-4ce9-bed6-ac1f4bc78262 0.153s
2016-01-06 21:05:39,315 4668 DEBUG    [tempest_lib.common.rest_client] Request - Headers: {'Content-Type': 'application/json', 'Accept': 'application/json', 'X-Auth-Token': '&lt;omitted&gt;'}
        Body: None
    Response - Headers: {'status': '200', 'content-length': '895', 'content-location': 'http://10.0.2.15:9696/v2.0/ports?status=ACTIVE&amp;fixed_ip=None&amp;device_id=42eab324-cd87-4ce9-bed6-ac1f4bc78262', 'connection': 'close', 'date': 'Wed, 06 Jan 2016 21:05:39 GMT', 'content-type': 'application/json; charset=UTF-8', 'x-openstack-request-id': 'req-d95e83ea-70d2-4d4f-bd9f-7784df1751ed'}
        Body: {"ports": [{"status": "ACTIVE", "binding:host_id": "vagrant-ubuntu-trusty-64", "allowed_address_pairs": [], "extra_dhcp_opts": [], "dns_assignment": [{"hostname": "host-10-100-0-3", "ip_address": "10.100.0.3", "fqdn": "host-10-100-0-3.openstacklocal."}], "device_owner": "compute:None", "port_security_enabled": true, "binding:profile": {}, "fixed_ips": [{"subnet_id": "e0b43d51-280e-4c76-bfc6-9bd09cc78a15", "ip_address": "10.100.0.3"}], "id": "ccc5abff-f94e-48e1-9454-811c6188dc66", "security_groups": ["b04e150b-554e-401f-bcaf-7c121f687f78"], "device_id": "42eab324-cd87-4ce9-bed6-ac1f4bc78262", "name": "", "admin_state_up": true, "network_id": "75f25e26-db0b-413a-9d94-1dd1302301ef", "dns_name": "", "binding:vif_details": {"port_filter": true}, "binding:vnic_type": "normal", "binding:vif_type": "ovs", "tenant_id": "e28af6136857491aa92093eb629a0771", "mac_address": "fa:16:3e:ee:8f:83"}]}
2016-01-06 21:05:39,899 4668 INFO     [tempest_lib.common.rest_client] Request (TestNetworkAdvancedServerOps:test_server_connectivity_pause_unpause): 201 POST http://10.0.2.15:9696/v2.0/floatingips 0.582s
2016-01-06 21:05:39,899 4668 DEBUG    [tempest_lib.common.rest_client] Request - Headers: {'Content-Type': 'application/json', 'Accept': 'application/json', 'X-Auth-Token': '&lt;omitted&gt;'}
        Body: {"floatingip": {"floating_network_id": "72eb9806-50a0-4fa0-a9d9-300b0aa0b72c", "tenant_id": "e28af6136857491aa92093eb629a0771", "fixed_ip_address": "10.100.0.3", "port_id": "ccc5abff-f94e-48e1-9454-811c6188dc66"}}
    Response - Headers: {'status': '201', 'content-length': '367', 'connection': 'close', 'date': 'Wed, 06 Jan 2016 21:05:39 GMT', 'content-type': 'application/json; charset=UTF-8', 'x-openstack-request-id': 'req-457942e8-d9db-4edb-b472-63ed871bb52a'}
        Body: {"floatingip": {"floating_network_id": "72eb9806-50a0-4fa0-a9d9-300b0aa0b72c", "router_id": "effeba8f-cf12-4456-b086-1e6b9335134c", "fixed_ip_address": "10.100.0.3", "floating_ip_address": "172.24.4.4", "tenant_id": "e28af6136857491aa92093eb629a0771", "status": "DOWN", "port_id": "ccc5abff-f94e-48e1-9454-811c6188dc66", "id": "fd1a604c-8b6e-4a40-8c18-97687546ef89"}}
2016-01-06 21:05:40,114 4668 INFO     [tempest_lib.common.rest_client] Request (TestNetworkAdvancedServerOps:test_server_connectivity_pause_unpause): 200 GET http://10.0.2.15:8774/v2.1/e28af6136857491aa92093eb629a0771/servers/42eab324-cd87-4ce9-bed6-ac1f4bc78262 0.214s
2016-01-06 21:05:40,114 4668 DEBUG    [tempest_lib.common.rest_client] Request - Headers: {'Content-Type': 'application/json', 'Accept': 'application/json', 'X-Auth-Token': '&lt;omitted&gt;'}
        Body: None
    Response - Headers: {'status': '200', 'content-length': '1658', 'content-location': 'http://10.0.2.15:8774/v2.1/e28af6136857491aa92093eb629a0771/servers/42eab324-cd87-4ce9-bed6-ac1f4bc78262', 'x-compute-request-id': 'req-fe99e912-2b10-4a66-8415-589be03c91c7', 'vary': 'X-OpenStack-Nova-API-Version', 'connection': 'close', 'x-openstack-nova-api-version': '2.1', 'date': 'Wed, 06 Jan 2016 21:05:40 GMT', 'content-type': 'application/json'}
        Body: {"server": {"status": "ACTIVE", "updated": "2016-01-06T21:05:38Z", "hostId": "4034677c1604a09e5ab61c2747a2effc98debeb353fa24eb9f2e549f", "addresses": {"tempest-network-smoke--753003404": [{"OS-EXT-IPS-MAC:mac_addr": "fa:16:3e:ee:8f:83", "version": 4, "addr": "10.100.0.3", "OS-EXT-IPS:type": "fixed"}]}, "links": [{"href": "http://10.0.2.15:8774/v2.1/e28af6136857491aa92093eb629a0771/servers/42eab324-cd87-4ce9-bed6-ac1f4bc78262", "rel": "self"}, {"href": "http://10.0.2.15:8774/e28af6136857491aa92093eb629a0771/servers/42eab324-cd87-4ce9-bed6-ac1f4bc78262", "rel": "bookmark"}], "key_name": "tempest-TestNetworkAdvancedServerOps-294034690", "image": {"id": "250db8b0-9bc1-4710-9bad-b9d50fd51da1", "links": [{"href": "http://10.0.2.15:8774/e28af6136857491aa92093eb629a0771/images/250db8b0-9bc1-4710-9bad-b9d50fd51da1", "rel": "bookmark"}]}, "OS-EXT-STS:task_state": null, "OS-EXT-STS:vm_state": "active", "OS-SRV-USG:launched_at": "2016-01-06T21:05:38.000000", "flavor": {"id": "42", "links": [{"href": "http://10.0.2.15:8774/e28af6136857491aa92093eb629a0771/flavors/42", "rel": "bookmark"}]}, "id": "42eab324-cd87-4ce9-bed6-ac1f4bc78262", "security_groups": [{"name": "tempest-secgroup-smoke-33064005"}], "OS-SRV-USG:terminated_at": null, "OS-EXT-AZ:availability_zone": "nova", "user_id": "986587af9e73475faa1fe11fb925a8af", "name": "tempest.common.compute-instance-350743361", "created": "2016-01-06T21:05:34Z", "tenant_id": "e28af6136857491aa92093eb629a0771", "OS-DCF:diskConfig": "MANUAL", "os-extended-volumes:volumes_attached": [], "accessIPv4": "", "accessIPv6": "", "progress": 0, "OS-EXT-STS:power_state": 1, "config_drive": "True", "metadata": {}}}
2016-01-06 21:05:40,125 4668 INFO     [tempest.scenario.manager] Tenant networks not configured to be reachable.
2016-01-06 21:05:40,140 4668 INFO     [tempest_lib.common.rest_client] Request (TestNetworkAdvancedServerOps:test_server_connectivity_pause_unpause): 200 GET http://10.0.2.15:9696/v2.0/floatingips/fd1a604c-8b6e-4a40-8c18-97687546ef89 0.014s
2016-01-06 21:05:40,140 4668 DEBUG    [tempest_lib.common.rest_client] Request - Headers: {'Content-Type': 'application/json', 'Accept': 'application/json', 'X-Auth-Token': '&lt;omitted&gt;'}
        Body: None
    Response - Headers: {'status': '200', 'content-length': '367', 'content-location': 'http://10.0.2.15:9696/v2.0/floatingips/fd1a604c-8b6e-4a40-8c18-97687546ef89', 'connection': 'close', 'date': 'Wed, 06 Jan 2016 21:05:40 GMT', 'content-type': 'application/json; charset=UTF-8', 'x-openstack-request-id': 'req-08cdbb4a-0927-4080-b3b3-f272e0266842'}
        Body: {"floatingip": {"floating_network_id": "72eb9806-50a0-4fa0-a9d9-300b0aa0b72c", "router_id": "effeba8f-cf12-4456-b086-1e6b9335134c", "fixed_ip_address": "10.100.0.3", "floating_ip_address": "172.24.4.4", "tenant_id": "e28af6136857491aa92093eb629a0771", "status": "DOWN", "port_id": "ccc5abff-f94e-48e1-9454-811c6188dc66", "id": "fd1a604c-8b6e-4a40-8c18-97687546ef89"}}
2016-01-06 21:05:41,154 4668 INFO     [tempest_lib.common.rest_client] Request (TestNetworkAdvancedServerOps:test_server_connectivity_pause_unpause): 200 GET http://10.0.2.15:9696/v2.0/floatingips/fd1a604c-8b6e-4a40-8c18-97687546ef89 0.013s
2016-01-06 21:05:41,155 4668 DEBUG    [tempest_lib.common.rest_client] Request - Headers: {'Content-Type': 'application/json', 'Accept': 'application/json', 'X-Auth-Token': '&lt;omitted&gt;'}
        Body: None
    Response - Headers: {'status': '200', 'content-length': '369', 'content-location': 'http://10.0.2.15:9696/v2.0/floatingips/fd1a604c-8b6e-4a40-8c18-97687546ef89', 'connection': 'close', 'date': 'Wed, 06 Jan 2016 21:05:41 GMT', 'content-type': 'application/json; charset=UTF-8', 'x-openstack-request-id': 'req-56e2b3e5-7fa7-4843-aa47-33d0442e0f05'}
        Body: {"floatingip": {"floating_network_id": "72eb9806-50a0-4fa0-a9d9-300b0aa0b72c", "router_id": "effeba8f-cf12-4456-b086-1e6b9335134c", "fixed_ip_address": "10.100.0.3", "floating_ip_address": "172.24.4.4", "tenant_id": "e28af6136857491aa92093eb629a0771", "status": "ACTIVE", "port_id": "ccc5abff-f94e-48e1-9454-811c6188dc66", "id": "fd1a604c-8b6e-4a40-8c18-97687546ef89"}}
2016-01-06 21:05:41,155 4668 INFO     [tempest.scenario.manager] FloatingIP: &lt;"FloatingIP" addr="172.24.4.4" id="fd1a604c-8b6e-4a40-8c18-97687546ef89"&gt; is at status: ACTIVE
2016-01-06 21:05:41,155 4668 DEBUG    [tempest.scenario.manager] checking network connections to IP 172.24.4.4 with user: cirros
2016-01-06 21:05:41,156 4668 DEBUG    [tempest.scenario.manager] TestNetworkAdvancedServerOps:test_server_connectivity_pause_unpause begins to ping 172.24.4.4 in 120 sec and the expected result is reachable
2016-01-06 21:07:41,418 4668 DEBUG    [tempest.scenario.manager] TestNetworkAdvancedServerOps:test_server_connectivity_pause_unpause finishes ping 172.24.4.4 in 120 sec and the ping result is unexpected
2016-01-06 21:07:41,419 4668 ERROR    [tempest.scenario.manager] Public network connectivity check failed
2016-01-06 21:07:41.419 4668 ERROR tempest.scenario.manager Traceback (most recent call last):
2016-01-06 21:07:41.419 4668 ERROR tempest.scenario.manager   File "tempest/scenario/manager.py", line 609, in check_public_network_connectivity
2016-01-06 21:07:41.419 4668 ERROR tempest.scenario.manager     should_connect=should_connect)
2016-01-06 21:07:41.419 4668 ERROR tempest.scenario.manager   File "tempest/scenario/manager.py", line 593, in check_vm_connectivity
2016-01-06 21:07:41.419 4668 ERROR tempest.scenario.manager     msg=msg)
2016-01-06 21:07:41.419 4668 ERROR tempest.scenario.manager   File "/usr/local/lib/python2.7/dist-packages/unittest2/case.py", line 702, in assertTrue
2016-01-06 21:07:41.419 4668 ERROR tempest.scenario.manager     raise self.failureException(msg)
2016-01-06 21:07:41.419 4668 ERROR tempest.scenario.manager AssertionError: False is not true : Timed out waiting for 172.24.4.4 to become reachable
2016-01-06 21:07:41.419 4668 ERROR tempest.scenario.manager 
2016-01-06 21:07:41,658 4668 INFO     [tempest_lib.common.rest_client] Request (TestNetworkAdvancedServerOps:test_server_connectivity_pause_unpause): 200 POST http://10.0.2.15:8774/v2.1/e28af6136857491aa92093eb629a0771/servers/42eab324-cd87-4ce9-bed6-ac1f4bc78262/action 0.235s
2016-01-06 21:07:41,659 4668 DEBUG    [tempest_lib.common.rest_client] Request - Headers: {'Content-Type': 'application/json', 'Accept': 'application/json', 'X-Auth-Token': '&lt;omitted&gt;'}
        Body: {"os-getConsoleOutput": {}}
    Response - Headers: {'status': '200', 'content-length': '17427', 'x-compute-request-id': 'req-a2107f2d-d9b0-462f-8675-f313589aed77', 'vary': 'X-OpenStack-Nova-API-Version', 'connection': 'close', 'x-openstack-nova-api-version': '2.1', 'date': 'Wed, 06 Jan 2016 21:07:41 GMT', 'content-type': 'application/json'}
        Body: {"output": "[    0.000000] Initializing cgroup subsys cpuset\n[    0.000000] Initializing cgroup subsys cpu\n[    0.000000] Linux version 3.2.0-80-virtual (buildd@batsu) (gcc version 4.6.3 (Ubuntu/Linaro 4.6.3-1ubuntu5) ) #116-Ubuntu SMP Mon Mar 23 17:28:52 UTC 2015 (Ubuntu 3.2.0-80.116-virtual 3.2.68)\n[    0.000000] Command line: root=/dev/vda console=tty0 console=ttyS0 no_timer_check\n[    0.000000] KERNEL supported cpus:\n[    0.000000]   Intel GenuineIntel\n[    0.000000]   AMD AuthenticAMD\n[    0.000000]   Centaur CentaurHauls\n[    0.000000] BIOS-provided physical RAM map:\n[    0.000000]  BIOS-e820: 0000000000000000 - 000000000009fc00 (usable)\n[    0.000000]  BIOS-e820: 000000000009fc00 - 00000000000a0000 (reserved)\n[    0.000000]  BIOS-e820: 00000000000f0000 - 0000000000100000 (reserved)\n[    0.000000]  BIOS-e820: 0000000000100000 - 0000000003ffe000 (usable)\n[    0.000000]  BIOS-e820: 0000000003ffe000 - 0000000004000000 (reserved)\n[    0.000000]  BIOS-e820: 00000000fffc0000 - 0000000100000000 (reserved)\n[    0.000000] NX (Execute Disable) protection: active\n[    0.000000] SMBIOS 2.4 present.\n[    0.000000] No AGP bridge found\n[    0.000000] last_pfn = 0x3ffe max_arch_pfn = 0x400000000\n[    0.000000] x86 PAT enabled: cpu 0, old 0x7040600070406, new 0x7010600070106\n[    0.000000] found SMP MP-table at [ffff8800000f0b00] f0b00\n[    0.000000] init_memory_mapping: 0000000000000000-0000000003ffe000\n[    0.000000] RAMDISK: 03c5e000 - 03ff0000\n[    0.000000] ACPI: RSDP 00000000000f0950 00014 (v00 BOCHS )\n[    0.000000] ACPI: RSDT 0000000003fffbc1 00034 (v01 BOCHS  BXPCRSDT 00000001 BXPC 00000001)\n[    0.000000] ACPI: FACP 0000000003fff1c0 00074 (v01 BOCHS  BXPCFACP 00000001 BXPC 00000001)\n[    0.000000] ACPI: DSDT 0000000003ffe040 01180 (v01 BOCHS  BXPCDSDT 00000001 BXPC 00000001)\n[    0.000000] ACPI: FACS 0000000003ffe000 00040\n[    0.000000] ACPI: SSDT 0000000003fff234 008DD (v01 BOCHS  BXPCSSDT 00000001 BXPC 00000001)\n[    0.000000] ACPI: APIC 0000000003fffb11 00078 (v01 BOCHS  BXPCAPIC 00000001 BXPC 00000001)\n[    0.000000] ACPI: HPET 0000000003fffb89 00038 (v01 BOCHS  BXPCHPET 00000001 BXPC 00000001)\n[    0.000000] No NUMA configuration found\n[    0.000000] Faking a node at 0000000000000000-0000000003ffe000\n[    0.000000] Initmem setup node 0 0000000000000000-0000000003ffe000\n[    0.000000]   NODE_DATA [0000000003ff6000 - 0000000003ffafff]\n[    0.000000] Zone PFN ranges:\n[    0.000000]   DMA      0x00000010 -&gt; 0x00001000\n[    0.000000]   DMA32    0x00001000 -&gt; 0x00100000\n[    0.000000]   Normal   empty\n[    0.000000] Movable zone start PFN for each node\n[    0.000000] early_node_map[2] active PFN ranges\n[    0.000000]     0: 0x00000010 -&gt; 0x0000009f\n[    0.000000]     0: 0x00000100 -&gt; 0x00003ffe\n[    0.000000] ACPI: PM-Timer IO Port: 0xb008\n[    0.000000] ACPI: LAPIC (acpi_id[0x00] lapic_id[0x00] enabled)\n[    0.000000] ACPI: LAPIC_NMI (acpi_id[0xff] dfl dfl lint[0x1])\n[    0.000000] ACPI: IOAPIC (id[0x00] address[0xfec00000] gsi_base[0])\n[    0.000000] IOAPIC[0]: apic_id 0, version 17, address 0xfec00000, GSI 0-23\n[    0.000000] ACPI: INT_SRC_OVR (bus 0 bus_irq 0 global_irq 2 dfl dfl)\n[    0.000000] ACPI: INT_SRC_OVR (bus 0 bus_irq 5 global_irq 5 high level)\n[    0.000000] ACPI: INT_SRC_OVR (bus 0 bus_irq 9 global_irq 9 high level)\n[    0.000000] ACPI: INT_SRC_OVR (bus 0 bus_irq 10 global_irq 10 high level)\n[    0.000000] ACPI: INT_SRC_OVR (bus 0 bus_irq 11 global_irq 11 high level)\n[    0.000000] Using ACPI (MADT) for SMP configuration information\n[    0.000000] ACPI: HPET id: 0x8086a201 base: 0xfed00000\n[    0.000000] SMP: Allowing 1 CPUs, 0 hotplug CPUs\n[    0.000000] PM: Registered nosave memory: 000000000009f000 - 00000000000a0000\n[    0.000000] PM: Registered nosave memory: 00000000000a0000 - 00000000000f0000\n[    0.000000] PM: Registered nosave memory: 00000000000f0000 - 0000000000100000\n[    0.000000] Allocating PCI resources starting at 4000000 (gap: 4000000:fbfc0000)\n[    0.000000] Booting paravirtualized kernel on bare hardware\n[    0.000000] setup_pe
2016-01-06 21:07:41,664 4668 DEBUG    [tempest.scenario.manager] Console output for 42eab324-cd87-4ce9-bed6-ac1f4bc78262
body=
[    0.000000] Initializing cgroup subsys cpuset
[    0.000000] Initializing cgroup subsys cpu
[    0.000000] Linux version 3.2.0-80-virtual (buildd@batsu) (gcc version 4.6.3 (Ubuntu/Linaro 4.6.3-1ubuntu5) ) #116-Ubuntu SMP Mon Mar 23 17:28:52 UTC 2015 (Ubuntu 3.2.0-80.116-virtual 3.2.68)
[    0.000000] Command line: root=/dev/vda console=tty0 console=ttyS0 no_timer_check
[    0.000000] KERNEL supported cpus:
[    0.000000]   Intel GenuineIntel
[    0.000000]   AMD AuthenticAMD
[    0.000000]   Centaur CentaurHauls
[    0.000000] BIOS-provided physical RAM map:
[    0.000000]  BIOS-e820: 0000000000000000 - 000000000009fc00 (usable)
[    0.000000]  BIOS-e820: 000000000009fc00 - 00000000000a0000 (reserved)
[    0.000000]  BIOS-e820: 00000000000f0000 - 0000000000100000 (reserved)
[    0.000000]  BIOS-e820: 0000000000100000 - 0000000003ffe000 (usable)
[    0.000000]  BIOS-e820: 0000000003ffe000 - 0000000004000000 (reserved)
[    0.000000]  BIOS-e820: 00000000fffc0000 - 0000000100000000 (reserved)
[    0.000000] NX (Execute Disable) protection: active
[    0.000000] SMBIOS 2.4 present.
[    0.000000] No AGP bridge found
[    0.000000] last_pfn = 0x3ffe max_arch_pfn = 0x400000000
[    0.000000] x86 PAT enabled: cpu 0, old 0x7040600070406, new 0x7010600070106
[    0.000000] found SMP MP-table at [ffff8800000f0b00] f0b00
[    0.000000] init_memory_mapping: 0000000000000000-0000000003ffe000
[    0.000000] RAMDISK: 03c5e000 - 03ff0000
[    0.000000] ACPI: RSDP 00000000000f0950 00014 (v00 BOCHS )
[    0.000000] ACPI: RSDT 0000000003fffbc1 00034 (v01 BOCHS  BXPCRSDT 00000001 BXPC 00000001)
[    0.000000] ACPI: FACP 0000000003fff1c0 00074 (v01 BOCHS  BXPCFACP 00000001 BXPC 00000001)
[    0.000000] ACPI: DSDT 0000000003ffe040 01180 (v01 BOCHS  BXPCDSDT 00000001 BXPC 00000001)
[    0.000000] ACPI: FACS 0000000003ffe000 00040
[    0.000000] ACPI: SSDT 0000000003fff234 008DD (v01 BOCHS  BXPCSSDT 00000001 BXPC 00000001)
[    0.000000] ACPI: APIC 0000000003fffb11 00078 (v01 BOCHS  BXPCAPIC 00000001 BXPC 00000001)
[    0.000000] ACPI: HPET 0000000003fffb89 00038 (v01 BOCHS  BXPCHPET 00000001 BXPC 00000001)
[    0.000000] No NUMA configuration found
[    0.000000] Faking a node at 0000000000000000-0000000003ffe000
[    0.000000] Initmem setup node 0 0000000000000000-0000000003ffe000
[    0.000000]   NODE_DATA [0000000003ff6000 - 0000000003ffafff]
[    0.000000] Zone PFN ranges:
[    0.000000]   DMA      0x00000010 -&gt; 0x00001000
[    0.000000]   DMA32    0x00001000 -&gt; 0x00100000
[    0.000000]   Normal   empty
[    0.000000] Movable zone start PFN for each node
[    0.000000] early_node_map[2] active PFN ranges
[    0.000000]     0: 0x00000010 -&gt; 0x0000009f
[    0.000000]     0: 0x00000100 -&gt; 0x00003ffe
[    0.000000] ACPI: PM-Timer IO Port: 0xb008
[    0.000000] ACPI: LAPIC (acpi_id[0x00] lapic_id[0x00] enabled)
[    0.000000] ACPI: LAPIC_NMI (acpi_id[0xff] dfl dfl lint[0x1])
[    0.000000] ACPI: IOAPIC (id[0x00] address[0xfec00000] gsi_base[0])
[    0.000000] IOAPIC[0]: apic_id 0, version 17, address 0xfec00000, GSI 0-23
[    0.000000] ACPI: INT_SRC_OVR (bus 0 bus_irq 0 global_irq 2 dfl dfl)
[    0.000000] ACPI: INT_SRC_OVR (bus 0 bus_irq 5 global_irq 5 high level)
[    0.000000] ACPI: INT_SRC_OVR (bus 0 bus_irq 9 global_irq 9 high level)
[    0.000000] ACPI: INT_SRC_OVR (bus 0 bus_irq 10 global_irq 10 high level)
[    0.000000] ACPI: INT_SRC_OVR (bus 0 bus_irq 11 global_irq 11 high level)
[    0.000000] Using ACPI (MADT) for SMP configuration information
[    0.000000] ACPI: HPET id: 0x8086a201 base: 0xfed00000
[    0.000000] SMP: Allowing 1 CPUs, 0 hotplug CPUs
[    0.000000] PM: Registered nosave memory: 000000000009f000 - 00000000000a0000
[    0.000000] PM: Registered nosave memory: 00000000000a0000 - 00000000000f0000
[    0.000000] PM: Registered nosave memory: 00000000000f0000 - 0000000000100000
[    0.000000] Allocating PCI resources starting at 4000000 (gap: 4000000:fbfc0000)
[    0.000000] Booting paravirtualized kernel on bare hardware
[    0.000000] setup_percpu: NR_CPUS:64 nr_cpumask_bits:64 nr_cpu_ids:1 nr_node_ids:1
[    0.000000] PERCPU: Embedded 27 pages/cpu @ffff880003a00000 s78848 r8192 d23552 u2097152
[    0.000000] Built 1 zonelists in Node order, mobility grouping on.  Total pages: 16008
[    0.000000] Policy zone: DMA32
[    0.000000] Kernel command line: root=/dev/vda console=tty0 console=ttyS0 no_timer_check
[    0.000000] PID hash table entries: 256 (order: -1, 2048 bytes)
[    0.000000] Checking aperture...
[    0.000000] No AGP bridge found
[    0.000000] Memory: 43492k/65528k available (6576k kernel code, 452k absent, 21584k reserved, 6620k data, 928k init)
[    0.000000] SLUB: Genslabs=15, HWalign=64, Order=0-3, MinObjects=0, CPUs=1, Nodes=1
[    0.000000] Hierarchical RCU implementation.
[    0.000000] 	RCU dyntick-idle grace-period acceleration is enabled.
[    0.000000] NR_IRQS:4352 nr_irqs:256 16
[    0.000000] Console: colour VGA+ 80x25
[    0.000000] console [tty0] enabled
[    0.000000] console [ttyS0] enabled
[    0.000000] allocated 1048576 bytes of page_cgroup
[    0.000000] please try 'cgroup_disable=memory' option if you don't want memory cgroups
[    0.000000] Fast TSC calibration failed
[    0.000000] TSC: Unable to calibrate against PIT
[    0.000000] TSC: using HPET reference calibration
[    0.000000] Detected 2294.663 MHz processor.
[    0.032617] Calibrating delay loop (skipped), value calculated using timer frequency.. 4589.32 BogoMIPS (lpj=9178652)
[    0.036882] pid_max: default: 32768 minimum: 301
[    0.048586] Security Framework initialized
[    0.054245] AppArmor: AppArmor initialized
[    0.056140] Yama: becoming mindful.
[    0.062652] Dentry cache hash table entries: 8192 (order: 4, 65536 bytes)
[    0.064682] Inode-cache hash table entries: 4096 (order: 3, 32768 bytes)
[    0.066192] Mount-cache hash table entries: 256
[    0.082437] Initializing cgroup subsys cpuacct
[    0.084311] Initializing cgroup subsys memory
[    0.085714] Initializing cgroup subsys devices
[    0.086437] Initializing cgroup subsys freezer
[    0.087194] Initializing cgroup subsys blkio
[    0.088214] Initializing cgroup subsys perf_event
[    0.094606] mce: CPU supports 10 MCE banks
[    0.101250] SMP alternatives: switching to UP code
[    0.523314] Freeing SMP alternatives: 24k freed
[    0.524932] ACPI: Core revision 20110623
[    0.571073] ftrace: allocating 26610 entries in 105 pages
[    0.602105] ..TIMER: vector=0x30 apic1=0 pin1=2 apic2=-1 pin2=-1
[    0.604157] CPU0: AMD QEMU Virtual CPU version 2.0.0 stepping 03
[    0.608037] Performance Events: Broken PMU hardware detected, using software events only.
[    0.618289] NMI watchdog disabled (cpu0): hardware events not enabled
[    0.620602] Brought up 1 CPUs
[    0.621163] Total of 1 processors activated (4589.32 BogoMIPS).
[    0.648451] devtmpfs: initialized
[    0.689270] EVM: security.selinux
[    0.690393] EVM: security.SMACK64
[    0.690822] EVM: security.capability
[    0.716351] print_constraints: dummy: 
[    0.718252] RTC time: 21:05:41, date: 01/06/16
[    0.721965] NET: Registered protocol family 16
[    0.730745] ACPI: bus type pci registered
[    0.735036] PCI: Using configuration type 1 for base access
[    0.765320] bio: create slab &lt;bio-0&gt; at 0
[    0.769894] ACPI: Added _OSI(Module Device)
[    0.770495] ACPI: Added _OSI(Processor Device)
[    0.771100] ACPI: Added _OSI(3.0 _SCP Extensions)
[    0.771743] ACPI: Added _OSI(Processor Aggregator Device)
[    0.848441] ACPI: Interpreter enabled
[    0.849096] ACPI: (supports S0 S3 S4 S5)
[    0.850913] ACPI: Using IOAPIC for interrupt routing
[    0.925713] ACPI: No dock devices found.
[    0.926367] HEST: Table not found.
[    0.926946] PCI: Using host bridge windows from ACPI; if necessary, use "pci=nocrs" and report a bug
[    0.933142] ACPI: PCI Root Bridge [PCI0] (domain 0000 [bus 00-ff])
[    0.937496] pci_root PNP0A03:00: host bridge window [io  0x0000-0x0cf7]
[    0.940154] pci_root PNP0A03:00: host bridge window [io  0x0d00-0xadff]
[    0.940975] pci_root PNP0A03:00: host bridge window [io  0xae0f-0xaeff]
[    0.941913] pci_root PNP0A03:00: host bridge window [io  0xaf20-0xafdf]
[    0.942872] pci_root PNP0A03:00: host bridge window [io  0xafe4-0xffff]
[    0.944167] pci_root PNP0A03:00: host bridge window [mem 0x000a0000-0x000bffff]
[    0.945152] pci_root PNP0A03:00: host bridge window [mem 0x04000000-0xfebfffff]
[    0.965549] pci 0000:00:01.3: quirk: [io  0xb000-0xb03f] claimed by PIIX4 ACPI
[    0.968169] pci 0000:00:01.3: quirk: [io  0xb100-0xb10f] claimed by PIIX4 SMB
[    1.050439]  pci0000:00: Unable to request _OSC control (_OSC support mask: 0x1e)
[    1.115240] ACPI: PCI Interrupt Link [LNKA] (IRQs 5 *10 11)
[    1.118806] ACPI: PCI Interrupt Link [LNKB] (IRQs 5 *10 11)
[    1.124570] ACPI: PCI Interrupt Link [LNKC] (IRQs 5 10 *11)
[    1.127189] ACPI: PCI Interrupt Link [LNKD] (IRQs 5 10 *11)
[    1.129404] ACPI: PCI Interrupt Link [LNKS] (IRQs *9)
[    1.141237] vgaarb: device added: PCI:0000:00:02.0,decodes=io+mem,owns=io+mem,locks=none
[    1.142394] vgaarb: loaded
[    1.142930] vgaarb: bridge control possible 0000:00:02.0
[    1.152728] i2c-core: driver [aat2870] using legacy suspend method
[    1.153754] i2c-core: driver [aat2870] using legacy resume method
[    1.158491] SCSI subsystem initialized
[    1.162549] usbcore: registered new interface driver usbfs
[    1.164681] usbcore: registered new interface driver hub
[    1.165990] usbcore: registered new device driver usb
[    1.170361] PCI: Using ACPI for IRQ routing
[    1.182887] NetLabel: Initializing
[    1.184154] NetLabel:  domain hash size = 128
[    1.184808] NetLabel:  protocols = UNLABELED CIPSOv4
[    1.188259] NetLabel:  unlabeled traffic allowed by default
[    1.190624] HPET: 3 timers in total, 0 timers will be used for per-cpu timer
[    1.192456] hpet0: at MMIO 0xfed00000, IRQs 2, 8, 0
[    1.193543] hpet0: 3 comparators, 64-bit 100.000000 MHz counter
[    1.205589] Switching to clocksource hpet
[    1.454404] AppArmor: AppArmor Filesystem Enabled
[    1.455987] pnp: PnP ACPI init
[    1.458594] ACPI: bus type pnp registered
[    1.494669] pnp: PnP ACPI: found 9 devices
[    1.495231] ACPI: ACPI bus type pnp unregistered
[    1.557864] NET: Registered protocol family 2
[    1.610908] IP route cache hash table entries: 512 (order: 0, 4096 bytes)
[    1.624039] TCP established hash table entries: 2048 (order: 3, 32768 bytes)
[    1.627701] TCP bind hash table entries: 2048 (order: 3, 32768 bytes)
[    1.629539] TCP: Hash tables configured (established 2048 bind 2048)
[    1.630298] TCP reno registered
[    1.630836] UDP hash table entries: 128 (order: 0, 4096 bytes)
[    1.631900] UDP-Lite hash table entries: 128 (order: 0, 4096 bytes)
[    1.634948] NET: Registered protocol family 1
[    1.635948] pci 0000:00:00.0: Limiting direct PCI/PCI transfers
[    1.637462] pci 0000:00:01.0: PIIX3: Enabling Passive Release
[    1.638338] pci 0000:00:01.0: Activating ISA DMA hang workarounds
[    1.646072] ACPI: PCI Interrupt Link [LNKD] enabled at IRQ 11
[    1.648066] pci 0000:00:01.2: PCI INT D -&gt; Link[LNKD] -&gt; GSI 11 (level, high) -&gt; IRQ 11
[    1.653259] pci 0000:00:01.2: PCI INT D disabled
[    1.683651] Trying to unpack rootfs image as initramfs...
[    1.710642] audit: initializing netlink socket (disabled)
[    1.713483] type=2000 audit(1452114341.712:1): initialized
[    1.979956] HugeTLB registered 2 MB page size, pre-allocated 0 pages
[    2.054000] VFS: Disk quotas dquot_6.5.2
[    2.057627] Dquot-cache hash table entries: 512 (order 0, 4096 bytes)
[    2.078289] fuse init (API version 7.17)
[    2.081284] msgmni has been set to 84
[    2.110161] Block layer SCSI generic (bsg) driver version 0.4 loaded (major 253)
[    2.121603] io scheduler noop registered
[    2.122182] io scheduler deadline registered (default)
[    2.123782] io scheduler cfq registered
[    2.127598] pci_hotplug: PCI Hot Plug PCI Core version: 0.5
[    2.132120] pciehp: PCI Express Hot Plug Controller Driver version: 0.4
[    2.144119] input: Power Button as /devices/LNXSYSTM:00/LNXPWRBN:00/input/input0
[    2.145962] ACPI: Power Button [PWRF]
[    2.210804] ERST: Table is not found!
[    2.211356] GHES: HEST is not enabled!
[    2.231143] ACPI: PCI Interrupt Link [LNKC] enabled at IRQ 10
[    2.232331] virtio-pci 0000:00:03.0: PCI INT A -&gt; Link[LNKC] -&gt; GSI 10 (level, high) -&gt; IRQ 10
[    2.238801] virtio-pci 0000:00:04.0: PCI INT A -&gt; Link[LNKD] -&gt; GSI 11 (level, high) -&gt; IRQ 11
[    2.259637] ACPI: PCI Interrupt Link [LNKA] enabled at IRQ 10
[    2.260768] virtio-pci 0000:00:05.0: PCI INT A -&gt; Link[LNKA] -&gt; GSI 10 (level, high) -&gt; IRQ 10
[    2.273574] Serial: 8250/16550 driver, 32 ports, IRQ sharing enabled
[    2.317423] serial8250: ttyS0 at I/O 0x3f8 (irq = 4) is a 16550A
[    2.412867] serial8250: ttyS1 at I/O 0x2f8 (irq = 3) is a 16550A
[    2.547546] 00:05: ttyS0 at I/O 0x3f8 (irq = 4) is a 16550A
[    2.630341] 00:06: ttyS1 at I/O 0x2f8 (irq = 3) is a 16550A
[    2.658239] Refined TSC clocksource calibration: 2294.663 MHz.
[    2.659661] Switching to clocksource tsc
[    2.686785] Linux agpgart interface v0.103
[    2.763723] brd: module loaded
[    2.797490] loop: module loaded
[    2.857373]  vda: unknown partition table
[    2.906371] scsi0 : ata_piix
[    2.914529] scsi1 : ata_piix
[    2.917955] ata1: PATA max MWDMA2 cmd 0x1f0 ctl 0x3f6 bmdma 0xc0a0 irq 14
[    2.919697] ata2: PATA max MWDMA2 cmd 0x170 ctl 0x376 bmdma 0xc0a8 irq 15
[    2.930622] Fixed MDIO Bus: probed
[    2.931687] tun: Universal TUN/TAP device driver, 1.6
[    2.932637] tun: (C) 1999-2004 Max Krasnyansky &lt;maxk@qualcomm.com&gt;
[    2.950389] PPP generic driver version 2.4.2
[    2.971181] ehci_hcd: USB 2.0 'Enhanced' Host Controller (EHCI) Driver
[    2.972981] ohci_hcd: USB 1.1 'Open' Host Controller (OHCI) Driver
[    2.973950] uhci_hcd: USB Universal Host Controller Interface driver
[    2.975161] uhci_hcd 0000:00:01.2: PCI INT D -&gt; Link[LNKD] -&gt; GSI 11 (level, high) -&gt; IRQ 11
[    2.978469] uhci_hcd 0000:00:01.2: UHCI Host Controller
[    2.989443] uhci_hcd 0000:00:01.2: new USB bus registered, assigned bus number 1
[    2.991253] uhci_hcd 0000:00:01.2: irq 11, io base 0x0000c040
[    3.027759] hub 1-0:1.0: USB hub found
[    3.031137] hub 1-0:1.0: 2 ports detected
[    3.045075] usbcore: registered new interface driver libusual
[    3.048923] i8042: PNP: PS/2 Controller [PNP0303:KBD,PNP0f13:MOU] at 0x60,0x64 irq 1,12
[    3.059318] serio: i8042 KBD port at 0x60,0x64 irq 1
[    3.062875] serio: i8042 AUX port at 0x60,0x64 irq 12
[    3.106045] mousedev: PS/2 mouse device common for all mice
[    3.125119] input: AT Translated Set 2 keyboard as /devices/platform/i8042/serio0/input/input1
[    3.149338] rtc_cmos 00:01: RTC can wake from S4
[    3.166242] ata2.01: ATAPI: QEMU DVD-ROM, 2.0.0, max UDMA/100
[    3.173055] rtc_cmos 00:01: rtc core: registered rtc_cmos as rtc0
[    3.176730] rtc0: alarms up to one day, 114 bytes nvram, hpet irqs
[    3.181096] device-mapper: uevent: version 1.0.3
[    3.186118] ata2.01: configured for MWDMA2
[    3.225303] device-mapper: ioctl: 4.22.0-ioctl (2011-10-19) initialised: dm-devel@redhat.com
[    3.228133] cpuidle: using governor ladder
[    3.228707] cpuidle: using governor menu
[    3.230026] EFI Variables Facility v0.08 2004-May-17
[    3.237223] TCP cubic registered
[    3.241852] NET: Registered protocol family 10
[    3.267245] NET: Registered protocol family 17
[    3.268671] Registering the dns_resolver key type
[    3.283801] scsi 1:0:1:0: CD-ROM            QEMU     QEMU DVD-ROM     2.0. PQ: 0 ANSI: 5
[    3.308992] sr0: scsi3-mmc drive: 4x/4x cd/rw xa/form2 tray
[    3.311699] cdrom: Uniform CD-ROM driver Revision: 3.20
[    3.331790] sr 1:0:1:0: Attached scsi generic sg0 type 5
[    3.363327] registered taskstats version 1
[    3.392552] Freeing initrd memory: 3656k freed
[    3.927008]   Magic number: 0:161:95
[    3.942474] rtc_cmos 00:01: setting system clock to 2016-01-06 21:05:44 UTC (1452114344)
[    3.946509] powernow-k8: Processor cpuid 663 not supported
[    3.958232] BIOS EDD facility v0.16 2004-Jun-25, 0 devices found
[    3.959995] EDD information not available.
[    4.032150] Freeing unused kernel memory: 928k freed
[    4.040561] Write protecting the kernel read-only data: 12288k
[    4.152108] Freeing unused kernel memory: 1596k freed
[    4.209428] Freeing unused kernel memory: 1184k freed

info: initramfs: up at 4.39
modprobe: module virtio_blk not found in modules.dep
modprobe: module virtio_net not found in modules.dep
info: copying initramfs to /dev/vda
info: initramfs loading root from /dev/vda
info: /etc/init.d/rc.sysinit: up at 9.21
info: container: none
Starting logging: OK
modprobe: module virtio_blk not found in modules.dep
modprobe: module virtio_net not found in modules.dep
WARN: /etc/rc3.d/S10-load-modules failed
Initializing random number generator... done.
Starting acpid: OK
cirros-ds 'local' up at 11.77
found datasource (configdrive, local)
Starting network...
udhcpc (v1.20.1) started
Sending discover...
Sending discover...

2016-01-06 21:07:41,964 4668 INFO     [tempest_lib.common.rest_client] Request (TestNetworkAdvancedServerOps:_run_cleanups): 204 DELETE http://10.0.2.15:9696/v2.0/floatingips/fd1a604c-8b6e-4a40-8c18-97687546ef89 0.292s
2016-01-06 21:07:41,965 4668 DEBUG    [tempest_lib.common.rest_client] Request - Headers: {'Content-Type': 'application/json', 'Accept': 'application/json', 'X-Auth-Token': '&lt;omitted&gt;'}
        Body: None
    Response - Headers: {'date': 'Wed, 06 Jan 2016 21:07:41 GMT', 'status': '204', 'connection': 'close', 'content-length': '0', 'x-openstack-request-id': 'req-f8ca6ed7-31f5-4571-b0cd-c5022d6d25e9'}
        Body: 
2016-01-06 21:07:42,175 4668 INFO     [tempest_lib.common.rest_client] Request (TestNetworkAdvancedServerOps:_run_cleanups): 204 DELETE http://10.0.2.15:8774/v2.1/e28af6136857491aa92093eb629a0771/servers/42eab324-cd87-4ce9-bed6-ac1f4bc78262 0.209s
2016-01-06 21:07:42,176 4668 DEBUG    [tempest_lib.common.rest_client] Request - Headers: {'Content-Type': 'application/json', 'Accept': 'application/json', 'X-Auth-Token': '&lt;omitted&gt;'}
        Body: None
    Response - Headers: {'status': '204', 'content-length': '0', 'x-compute-request-id': 'req-2883de05-b8ae-4ba6-ab07-8126db1c0aed', 'vary': 'X-OpenStack-Nova-API-Version', 'connection': 'close', 'x-openstack-nova-api-version': '2.1', 'date': 'Wed, 06 Jan 2016 21:07:42 GMT', 'content-type': 'application/json'}
        Body: 
2016-01-06 21:07:42,409 4668 INFO     [tempest_lib.common.rest_client] Request (TestNetworkAdvancedServerOps:_run_cleanups): 200 GET http://10.0.2.15:8774/v2.1/e28af6136857491aa92093eb629a0771/servers/42eab324-cd87-4ce9-bed6-ac1f4bc78262 0.233s
2016-01-06 21:07:42,410 4668 DEBUG    [tempest_lib.common.rest_client] Request - Headers: {'Content-Type': 'application/json', 'Accept': 'application/json', 'X-Auth-Token': '&lt;omitted&gt;'}
        Body: None
    Response - Headers: {'status': '200', 'content-length': '1781', 'content-location': 'http://10.0.2.15:8774/v2.1/e28af6136857491aa92093eb629a0771/servers/42eab324-cd87-4ce9-bed6-ac1f4bc78262', 'x-compute-request-id': 'req-eb374dc5-af26-4a47-8e24-cc0daced3e2b', 'vary': 'X-OpenStack-Nova-API-Version', 'connection': 'close', 'x-openstack-nova-api-version': '2.1', 'date': 'Wed, 06 Jan 2016 21:07:42 GMT', 'content-type': 'application/json'}
        Body: {"server": {"status": "ACTIVE", "updated": "2016-01-06T21:07:42Z", "hostId": "4034677c1604a09e5ab61c2747a2effc98debeb353fa24eb9f2e549f", "addresses": {"tempest-network-smoke--753003404": [{"OS-EXT-IPS-MAC:mac_addr": "fa:16:3e:ee:8f:83", "version": 4, "addr": "10.100.0.3", "OS-EXT-IPS:type": "fixed"}, {"OS-EXT-IPS-MAC:mac_addr": "fa:16:3e:ee:8f:83", "version": 4, "addr": "172.24.4.4", "OS-EXT-IPS:type": "floating"}]}, "links": [{"href": "http://10.0.2.15:8774/v2.1/e28af6136857491aa92093eb629a0771/servers/42eab324-cd87-4ce9-bed6-ac1f4bc78262", "rel": "self"}, {"href": "http://10.0.2.15:8774/e28af6136857491aa92093eb629a0771/servers/42eab324-cd87-4ce9-bed6-ac1f4bc78262", "rel": "bookmark"}], "key_name": "tempest-TestNetworkAdvancedServerOps-294034690", "image": {"id": "250db8b0-9bc1-4710-9bad-b9d50fd51da1", "links": [{"href": "http://10.0.2.15:8774/e28af6136857491aa92093eb629a0771/images/250db8b0-9bc1-4710-9bad-b9d50fd51da1", "rel": "bookmark"}]}, "OS-EXT-STS:task_state": "deleting", "OS-EXT-STS:vm_state": "active", "OS-SRV-USG:launched_at": "2016-01-06T21:05:38.000000", "flavor": {"id": "42", "links": [{"href": "http://10.0.2.15:8774/e28af6136857491aa92093eb629a0771/flavors/42", "rel": "bookmark"}]}, "id": "42eab324-cd87-4ce9-bed6-ac1f4bc78262", "security_groups": [{"name": "tempest-secgroup-smoke-33064005"}], "OS-SRV-USG:terminated_at": null, "OS-EXT-AZ:availability_zone": "nova", "user_id": "986587af9e73475faa1fe11fb925a8af", "name": "tempest.common.compute-instance-350743361", "created": "2016-01-06T21:05:34Z", "tenant_id": "e28af6136857491aa92093eb629a0771", "OS-DCF:diskConfig": "MANUAL", "os-extended-volumes:volumes_attached": [], "accessIPv4": "", "accessIPv6": "", "progress": 0, "OS-EXT-STS:power_state": 1, "config_drive": "True", "metadata": {}}}
2016-01-06 21:07:43,553 4668 INFO     [tempest_lib.common.rest_client] Request (TestNetworkAdvancedServerOps:_run_cleanups): 200 GET http://10.0.2.15:8774/v2.1/e28af6136857491aa92093eb629a0771/servers/42eab324-cd87-4ce9-bed6-ac1f4bc78262 0.129s
2016-01-06 21:07:43,553 4668 DEBUG    [tempest_lib.common.rest_client] Request - Headers: {'Content-Type': 'application/json', 'Accept': 'application/json', 'X-Auth-Token': '&lt;omitted&gt;'}
        Body: None
    Response - Headers: {'status': '200', 'content-length': '1715', 'content-location': 'http://10.0.2.15:8774/v2.1/e28af6136857491aa92093eb629a0771/servers/42eab324-cd87-4ce9-bed6-ac1f4bc78262', 'x-compute-request-id': 'req-6ec41e29-8a7f-486b-b0de-1fd39ad943c5', 'vary': 'X-OpenStack-Nova-API-Version', 'connection': 'close', 'x-openstack-nova-api-version': '2.1', 'date': 'Wed, 06 Jan 2016 21:07:43 GMT', 'content-type': 'application/json'}
        Body: {"server": {"status": "ACTIVE", "updated": "2016-01-06T21:07:42Z", "hostId": "4034677c1604a09e5ab61c2747a2effc98debeb353fa24eb9f2e549f", "addresses": {"tempest-network-smoke--753003404": [{"OS-EXT-IPS-MAC:mac_addr": "fa:16:3e:ee:8f:83", "version": 4, "addr": "10.100.0.3", "OS-EXT-IPS:type": "fixed"}, {"OS-EXT-IPS-MAC:mac_addr": "fa:16:3e:ee:8f:83", "version": 4, "addr": "172.24.4.4", "OS-EXT-IPS:type": "floating"}]}, "links": [{"href": "http://10.0.2.15:8774/v2.1/e28af6136857491aa92093eb629a0771/servers/42eab324-cd87-4ce9-bed6-ac1f4bc78262", "rel": "self"}, {"href": "http://10.0.2.15:8774/e28af6136857491aa92093eb629a0771/servers/42eab324-cd87-4ce9-bed6-ac1f4bc78262", "rel": "bookmark"}], "key_name": "tempest-TestNetworkAdvancedServerOps-294034690", "image": {"id": "250db8b0-9bc1-4710-9bad-b9d50fd51da1", "links": [{"href": "http://10.0.2.15:8774/e28af6136857491aa92093eb629a0771/images/250db8b0-9bc1-4710-9bad-b9d50fd51da1", "rel": "bookmark"}]}, "OS-EXT-STS:task_state": "deleting", "OS-EXT-STS:vm_state": "active", "OS-SRV-USG:launched_at": "2016-01-06T21:05:38.000000", "flavor": {"id": "42", "links": [{"href": "http://10.0.2.15:8774/e28af6136857491aa92093eb629a0771/flavors/42", "rel": "bookmark"}]}, "id": "42eab324-cd87-4ce9-bed6-ac1f4bc78262", "OS-SRV-USG:terminated_at": null, "OS-EXT-AZ:availability_zone": "nova", "user_id": "986587af9e73475faa1fe11fb925a8af", "name": "tempest.common.compute-instance-350743361", "created": "2016-01-06T21:05:34Z", "tenant_id": "e28af6136857491aa92093eb629a0771", "OS-DCF:diskConfig": "MANUAL", "os-extended-volumes:volumes_attached": [], "accessIPv4": "", "accessIPv6": "", "progress": 0, "OS-EXT-STS:power_state": 1, "config_drive": "True", "metadata": {}}}
2016-01-06 21:07:44,650 4668 INFO     [tempest_lib.common.rest_client] Request (TestNetworkAdvancedServerOps:_run_cleanups): 404 GET http://10.0.2.15:8774/v2.1/e28af6136857491aa92093eb629a0771/servers/42eab324-cd87-4ce9-bed6-ac1f4bc78262 0.084s
2016-01-06 21:07:44,650 4668 DEBUG    [tempest_lib.common.rest_client] Request - Headers: {'Content-Type': 'application/json', 'Accept': 'application/json', 'X-Auth-Token': '&lt;omitted&gt;'}
        Body: None
    Response - Headers: {'status': '404', 'content-length': '111', 'x-compute-request-id': 'req-e88781e1-c41c-4331-9dc5-df635565fa9b', 'vary': 'X-OpenStack-Nova-API-Version', 'connection': 'close', 'x-openstack-nova-api-version': '2.1', 'date': 'Wed, 06 Jan 2016 21:07:44 GMT', 'content-type': 'application/json; charset=UTF-8'}
        Body: {"itemNotFound": {"message": "Instance 42eab324-cd87-4ce9-bed6-ac1f4bc78262 could not be found.", "code": 404}}
2016-01-06 21:07:45,058 4668 INFO     [tempest_lib.common.rest_client] Request (TestNetworkAdvancedServerOps:_run_cleanups): 200 PUT http://10.0.2.15:9696/v2.0/routers/effeba8f-cf12-4456-b086-1e6b9335134c/remove_router_interface 0.406s
2016-01-06 21:07:45,058 4668 DEBUG    [tempest_lib.common.rest_client] Request - Headers: {'Content-Type': 'application/json', 'Accept': 'application/json', 'X-Auth-Token': '&lt;omitted&gt;'}
        Body: {"subnet_id": "e0b43d51-280e-4c76-bfc6-9bd09cc78a15"}
    Response - Headers: {'status': '200', 'content-length': '255', 'connection': 'close', 'date': 'Wed, 06 Jan 2016 21:07:45 GMT', 'content-type': 'application/json; charset=UTF-8', 'x-openstack-request-id': 'req-b7770d9f-2b95-43e2-b603-5b4de32a123f'}
        Body: {"subnet_id": "e0b43d51-280e-4c76-bfc6-9bd09cc78a15", "tenant_id": "e28af6136857491aa92093eb629a0771", "subnet_ids": ["e0b43d51-280e-4c76-bfc6-9bd09cc78a15"], "port_id": "4408a0b3-3f77-4523-8290-4314cd5fcb93", "id": "effeba8f-cf12-4456-b086-1e6b9335134c"}
2016-01-06 21:07:45,476 4668 INFO     [tempest_lib.common.rest_client] Request (TestNetworkAdvancedServerOps:_run_cleanups): 204 DELETE http://10.0.2.15:9696/v2.0/subnets/e0b43d51-280e-4c76-bfc6-9bd09cc78a15 0.417s
2016-01-06 21:07:45,477 4668 DEBUG    [tempest_lib.common.rest_client] Request - Headers: {'Content-Type': 'application/json', 'Accept': 'application/json', 'X-Auth-Token': '&lt;omitted&gt;'}
        Body: None
    Response - Headers: {'date': 'Wed, 06 Jan 2016 21:07:45 GMT', 'status': '204', 'connection': 'close', 'content-length': '0', 'x-openstack-request-id': 'req-589a3c42-0f90-42e4-8e21-b676c3a30e94'}
        Body: 
2016-01-06 21:07:45,530 4668 INFO     [tempest_lib.common.rest_client] Request (TestNetworkAdvancedServerOps:_run_cleanups): 200 GET http://10.0.2.15:9696/v2.0/routers/effeba8f-cf12-4456-b086-1e6b9335134c 0.052s
2016-01-06 21:07:45,530 4668 DEBUG    [tempest_lib.common.rest_client] Request - Headers: {'Content-Type': 'application/json', 'Accept': 'application/json', 'X-Auth-Token': '&lt;omitted&gt;'}
        Body: None
    Response - Headers: {'status': '200', 'content-length': '564', 'content-location': 'http://10.0.2.15:9696/v2.0/routers/effeba8f-cf12-4456-b086-1e6b9335134c', 'connection': 'close', 'date': 'Wed, 06 Jan 2016 21:07:45 GMT', 'content-type': 'application/json; charset=UTF-8', 'x-openstack-request-id': 'req-cd3c815c-f68a-40ea-a698-054fdb5f492d'}
        Body: {"router": {"status": "ACTIVE", "external_gateway_info": {"network_id": "72eb9806-50a0-4fa0-a9d9-300b0aa0b72c", "enable_snat": true, "external_fixed_ips": [{"subnet_id": "aeee07d8-f303-4823-a4f3-39d4905f9a8f", "ip_address": "172.24.4.3"}, {"subnet_id": "4dfd814d-583f-4168-881e-b9277ba7295e", "ip_address": "2001:db8::3"}]}, "availability_zone_hints": [], "availability_zones": ["nova"], "name": "tempest-router-smoke-1046355985", "admin_state_up": true, "tenant_id": "e28af6136857491aa92093eb629a0771", "routes": [], "id": "effeba8f-cf12-4456-b086-1e6b9335134c"}}
2016-01-06 21:07:46,050 4668 INFO     [tempest_lib.common.rest_client] Request (TestNetworkAdvancedServerOps:_run_cleanups): 200 PUT http://10.0.2.15:9696/v2.0/routers/effeba8f-cf12-4456-b086-1e6b9335134c 0.519s
2016-01-06 21:07:46,050 4668 DEBUG    [tempest_lib.common.rest_client] Request - Headers: {'Content-Type': 'application/json', 'Accept': 'application/json', 'X-Auth-Token': '&lt;omitted&gt;'}
        Body: {"router": {"external_gateway_info": {}, "name": "tempest-router-smoke-1046355985", "admin_state_up": true}}
    Response - Headers: {'status': '200', 'content-length': '302', 'connection': 'close', 'date': 'Wed, 06 Jan 2016 21:07:46 GMT', 'content-type': 'application/json; charset=UTF-8', 'x-openstack-request-id': 'req-44c81183-bf10-438b-b2ee-ca733345e7ee'}
        Body: {"router": {"status": "ACTIVE", "external_gateway_info": null, "availability_zone_hints": [], "availability_zones": ["nova"], "name": "tempest-router-smoke-1046355985", "admin_state_up": true, "tenant_id": "e28af6136857491aa92093eb629a0771", "routes": [], "id": "effeba8f-cf12-4456-b086-1e6b9335134c"}}
2016-01-06 21:07:46,287 4668 INFO     [tempest_lib.common.rest_client] Request (TestNetworkAdvancedServerOps:_run_cleanups): 204 DELETE http://10.0.2.15:9696/v2.0/routers/effeba8f-cf12-4456-b086-1e6b9335134c 0.235s
2016-01-06 21:07:46,288 4668 DEBUG    [tempest_lib.common.rest_client] Request - Headers: {'Content-Type': 'application/json', 'Accept': 'application/json', 'X-Auth-Token': '&lt;omitted&gt;'}
        Body: None
    Response - Headers: {'date': 'Wed, 06 Jan 2016 21:07:46 GMT', 'status': '204', 'connection': 'close', 'content-length': '0', 'x-openstack-request-id': 'req-034bfd74-3a77-47fd-ad45-32b486b16fda'}
        Body: 
2016-01-06 21:07:46,514 4668 INFO     [tempest_lib.common.rest_client] Request (TestNetworkAdvancedServerOps:_run_cleanups): 204 DELETE http://10.0.2.15:9696/v2.0/networks/75f25e26-db0b-413a-9d94-1dd1302301ef 0.225s
2016-01-06 21:07:46,515 4668 DEBUG    [tempest_lib.common.rest_client] Request - Headers: {'Content-Type': 'application/json', 'Accept': 'application/json', 'X-Auth-Token': '&lt;omitted&gt;'}
        Body: None
    Response - Headers: {'date': 'Wed, 06 Jan 2016 21:07:46 GMT', 'status': '204', 'connection': 'close', 'content-length': '0', 'x-openstack-request-id': 'req-9f4788b8-1730-4c67-8bb3-50f28e95fd4c'}
        Body: 
2016-01-06 21:07:46,575 4668 INFO     [tempest_lib.common.rest_client] Request (TestNetworkAdvancedServerOps:_run_cleanups): 204 DELETE http://10.0.2.15:9696/v2.0/security-group-rules/e5dcb302-3904-4f6a-899a-9f3cb3fb24af 0.059s
2016-01-06 21:07:46,576 4668 DEBUG    [tempest_lib.common.rest_client] Request - Headers: {'Content-Type': 'application/json', 'Accept': 'application/json', 'X-Auth-Token': '&lt;omitted&gt;'}
        Body: None
    Response - Headers: {'date': 'Wed, 06 Jan 2016 21:07:46 GMT', 'status': '204', 'connection': 'close', 'content-length': '0', 'x-openstack-request-id': 'req-9f7f2b67-0e35-4dff-8a18-3919cfa3034b'}
        Body: 
2016-01-06 21:07:46,632 4668 INFO     [tempest_lib.common.rest_client] Request (TestNetworkAdvancedServerOps:_run_cleanups): 204 DELETE http://10.0.2.15:9696/v2.0/security-group-rules/581770e4-292d-43e5-9bcf-aa20be1347fb 0.056s
2016-01-06 21:07:46,633 4668 DEBUG    [tempest_lib.common.rest_client] Request - Headers: {'Content-Type': 'application/json', 'Accept': 'application/json', 'X-Auth-Token': '&lt;omitted&gt;'}
        Body: None
    Response - Headers: {'date': 'Wed, 06 Jan 2016 21:07:46 GMT', 'status': '204', 'connection': 'close', 'content-length': '0', 'x-openstack-request-id': 'req-2b3739b1-d5da-4d4e-88bf-1854e2d147f3'}
        Body: 
2016-01-06 21:07:46,698 4668 INFO     [tempest_lib.common.rest_client] Request (TestNetworkAdvancedServerOps:_run_cleanups): 204 DELETE http://10.0.2.15:9696/v2.0/security-group-rules/ed8f5ba4-1de6-4ab4-aed1-d5da5a7c7f4a 0.063s
2016-01-06 21:07:46,699 4668 DEBUG    [tempest_lib.common.rest_client] Request - Headers: {'Content-Type': 'application/json', 'Accept': 'application/json', 'X-Auth-Token': '&lt;omitted&gt;'}
        Body: None
    Response - Headers: {'date': 'Wed, 06 Jan 2016 21:07:46 GMT', 'status': '204', 'connection': 'close', 'content-length': '0', 'x-openstack-request-id': 'req-c6d6aa20-5a09-4b5e-bacb-ffb7c508402c'}
        Body: 
2016-01-06 21:07:46,765 4668 INFO     [tempest_lib.common.rest_client] Request (TestNetworkAdvancedServerOps:_run_cleanups): 204 DELETE http://10.0.2.15:9696/v2.0/security-group-rules/d94bdcd2-17c0-409f-b736-e31ab6bd63a6 0.065s
2016-01-06 21:07:46,765 4668 DEBUG    [tempest_lib.common.rest_client] Request - Headers: {'Content-Type': 'application/json', 'Accept': 'application/json', 'X-Auth-Token': '&lt;omitted&gt;'}
        Body: None
    Response - Headers: {'date': 'Wed, 06 Jan 2016 21:07:46 GMT', 'status': '204', 'connection': 'close', 'content-length': '0', 'x-openstack-request-id': 'req-ce56f121-0e16-4827-917b-bacf0a313624'}
        Body: 
2016-01-06 21:07:46,819 4668 INFO     [tempest_lib.common.rest_client] Request (TestNetworkAdvancedServerOps:_run_cleanups): 204 DELETE http://10.0.2.15:9696/v2.0/security-group-rules/8aeb9ced-5f12-4f1c-91c1-48732c448072 0.052s
2016-01-06 21:07:46,819 4668 DEBUG    [tempest_lib.common.rest_client] Request - Headers: {'Content-Type': 'application/json', 'Accept': 'application/json', 'X-Auth-Token': '&lt;omitted&gt;'}
        Body: None
    Response - Headers: {'date': 'Wed, 06 Jan 2016 21:07:46 GMT', 'status': '204', 'connection': 'close', 'content-length': '0', 'x-openstack-request-id': 'req-7ffcf332-b1d5-40d3-8410-177b4cb5311b'}
        Body: 
2016-01-06 21:07:46,875 4668 INFO     [tempest_lib.common.rest_client] Request (TestNetworkAdvancedServerOps:_run_cleanups): 204 DELETE http://10.0.2.15:9696/v2.0/security-group-rules/0453bf17-95a9-4da9-bbf7-83fc3a3f8db9 0.055s
2016-01-06 21:07:46,876 4668 DEBUG    [tempest_lib.common.rest_client] Request - Headers: {'Content-Type': 'application/json', 'Accept': 'application/json', 'X-Auth-Token': '&lt;omitted&gt;'}
        Body: None
    Response - Headers: {'date': 'Wed, 06 Jan 2016 21:07:46 GMT', 'status': '204', 'connection': 'close', 'content-length': '0', 'x-openstack-request-id': 'req-27360619-62f2-4742-8ca7-6870db9266e7'}
        Body: 
2016-01-06 21:07:46,966 4668 INFO     [tempest_lib.common.rest_client] Request (TestNetworkAdvancedServerOps:_run_cleanups): 204 DELETE http://10.0.2.15:9696/v2.0/security-groups/b04e150b-554e-401f-bcaf-7c121f687f78 0.089s
2016-01-06 21:07:46,967 4668 DEBUG    [tempest_lib.common.rest_client] Request - Headers: {'Content-Type': 'application/json', 'Accept': 'application/json', 'X-Auth-Token': '&lt;omitted&gt;'}
        Body: None
    Response - Headers: {'date': 'Wed, 06 Jan 2016 21:07:46 GMT', 'status': '204', 'connection': 'close', 'content-length': '0', 'x-openstack-request-id': 'req-12a9a90e-c2d9-43c7-9926-62bbb12d9469'}
        Body: 
2016-01-06 21:07:46,989 4668 INFO     [tempest_lib.common.rest_client] Request (TestNetworkAdvancedServerOps:_run_cleanups): 202 DELETE http://10.0.2.15:8774/v2.1/e28af6136857491aa92093eb629a0771/os-keypairs/tempest-TestNetworkAdvancedServerOps-294034690 0.021s
2016-01-06 21:07:46,990 4668 DEBUG    [tempest_lib.common.rest_client] Request - Headers: {'Content-Type': 'application/json', 'Accept': 'application/json', 'X-Auth-Token': '&lt;omitted&gt;'}
        Body: None
    Response - Headers: {'status': '202', 'content-length': '0', 'x-compute-request-id': 'req-d177f254-e5e9-4829-9a1e-8b6bda41acb5', 'vary': 'X-OpenStack-Nova-API-Version', 'connection': 'close', 'x-openstack-nova-api-version': '2.1', 'date': 'Wed, 06 Jan 2016 21:07:46 GMT', 'content-type': 'application/json'}
        Body: 
2016-01-06 21:07:47,082 4668 INFO     [tempest_lib.common.rest_client] Request (TestNetworkAdvancedServerOps:_run_cleanups): 404 GET http://10.0.2.15:8774/v2.1/e28af6136857491aa92093eb629a0771/servers/42eab324-cd87-4ce9-bed6-ac1f4bc78262 0.090s
2016-01-06 21:07:47,082 4668 DEBUG    [tempest_lib.common.rest_client] Request - Headers: {'Content-Type': 'application/json', 'Accept': 'application/json', 'X-Auth-Token': '&lt;omitted&gt;'}
        Body: None
    Response - Headers: {'status': '404', 'content-length': '111', 'x-compute-request-id': 'req-8cf910c8-4c33-4df4-ae73-40369f443748', 'vary': 'X-OpenStack-Nova-API-Version', 'connection': 'close', 'x-openstack-nova-api-version': '2.1', 'date': 'Wed, 06 Jan 2016 21:07:47 GMT', 'content-type': 'application/json; charset=UTF-8'}
        Body: {"itemNotFound": {"message": "Instance 42eab324-cd87-4ce9-bed6-ac1f4bc78262 could not be found.", "code": 404}}
}}}

Traceback (most recent call last):
  File "tempest/test.py", line 113, in wrapper
    return f(self, *func_args, **func_kwargs)
  File "tempest/scenario/test_network_advanced_server_ops.py", line 134, in test_server_connectivity_pause_unpause
    server, keypair, floating_ip = self._setup_network_and_servers()
  File "tempest/scenario/test_network_advanced_server_ops.py", line 71, in _setup_network_and_servers
    server, keypair, floating_ip)
  File "tempest/scenario/test_network_advanced_server_ops.py", line 95, in _wait_server_status_and_check_network_connectivity
    self._check_network_connectivity(server, keypair, floating_ip)
  File "tempest/scenario/test_network_advanced_server_ops.py", line 88, in _check_network_connectivity
    servers=[server])
  File "tempest/scenario/manager.py", line 609, in check_public_network_connectivity
    should_connect=should_connect)
  File "tempest/scenario/manager.py", line 593, in check_vm_connectivity
    msg=msg)
  File "/usr/local/lib/python2.7/dist-packages/unittest2/case.py", line 702, in assertTrue
    raise self.failureException(msg)
AssertionError: False is not true : Timed out waiting for 172.24.4.4 to become reachable



        </pre>
    </div>
    <!--css div popup end-->

    </td>
</tr>

<tr id='ft1.2' class='none'>
    <td class='failCase'><div class='testcase'>test_server_connectivity_reboot[compute,id-7b6860c2-afa3-4846-9522-adeb38dfbe08,network]</div></td>
    <td colspan='7' align='left'>

    <!--css div popup start-->
    <a class="popup_link" onfocus='this.blur();'
    href="javascript:showTestDetail('div_ft1.2')" >
        fail</a>

    <div id='div_ft1.2' class="popup_window">
        <div style='text-align: right; color:red;cursor:pointer'>
        <a onfocus='this.blur();'
onclick="document.getElementById('div_ft1.2').style.display = 'none' " >
           [x]</a>
        </div>
        <pre>
        
ft1.2: tempest.scenario.test_network_advanced_server_ops.TestNetworkAdvancedServerOps.test_server_connectivity_reboot[compute,id-7b6860c2-afa3-4846-9522-adeb38dfbe08,network]_StringException: Empty attachments:
  stderr
  stdout

pythonlogging:'': {{{
