<?xml version="1.0" encoding="UTF-8"?>
<!DOCTYPE html PUBLIC "-//W3C//DTD XHTML 1.0 Strict//EN"
     "http://www.w3.org/TR/xhtml1/DTD/xhtml1-strict.dtd">
<html xmlns="http://www.w3.org/1999/xhtml">
<head>
    <title>Unit Test Report</title>
    <meta name="generator" content="subunit2html 0.1"/>
    <meta http-equiv="Content-Type" content="text/html; charset=UTF-8"/>
    
<style type="text/css" media="screen">
body        { font-family: verdana, arial, helvetica, sans-serif;
    font-size: 80%; }
table       { font-size: 100%; width: 100%;}
pre         { font-size: 80%; }

/* -- heading -------------------------------------------------------------- */
h1 {
        font-size: 16pt;
        color: gray;
}
.heading {
    margin-top: 0ex;
    margin-bottom: 1ex;
}

.heading .attribute {
    margin-top: 1ex;
    margin-bottom: 0;
}

.heading .description {
    margin-top: 4ex;
    margin-bottom: 6ex;
}

/* -- css div popup -------------------------------------------------------- */
a.popup_link {
}

a.popup_link:hover {
    color: red;
}

.popup_window {
    display: none;
    overflow-x: scroll;
    /*border: solid #627173 1px; */
    padding: 10px;
    background-color: #E6E6D6;
    font-family: "Ubuntu Mono", "Lucida Console", "Courier New", monospace;
    text-align: left;
    font-size: 8pt;
}

}
/* -- report --------------------------------------------------------------- */
#show_detail_line {
    margin-top: 3ex;
    margin-bottom: 1ex;
}
#result_table {
    width: 100%;
    border-collapse: collapse;
    border: 1px solid #777;
}
#header_row {
    font-weight: bold;
    color: white;
    background-color: #777;
}
#result_table td {
    border: 1px solid #777;
    padding: 2px;
}
#total_row  { font-weight: bold; }
.passClass  { background-color: #6c6; }
.failClass  { background-color: #c60; }
.errorClass { background-color: #c00; }
.passCase   { color: #6c6; }
.failCase   { color: #c60; font-weight: bold; }
.errorCase  { color: #c00; font-weight: bold; }
.hiddenRow  { display: none; }
.testcase   { margin-left: 2em; }
td.testname {width: 40%}
td.small {width: 40px}

/* -- ending --------------------------------------------------------------- */
#ending {
}

</style>

</head>
<body>
<script language="javascript" type="text/javascript"><!--
output_list = Array();

/* level - 0:Summary; 1:Failed; 2:All */
function showCase(level) {
    trs = document.getElementsByTagName("tr");
    for (var i = 0; i < trs.length; i++) {
        tr = trs[i];
        id = tr.id;
        if (id.substr(0,2) == 'ft') {
            if (level < 1) {
                tr.className = 'hiddenRow';
            }
            else {
                tr.className = '';
            }
        }
        if (id.substr(0,2) == 'pt') {
            if (level > 1) {
                tr.className = '';
            }
            else {
                tr.className = 'hiddenRow';
            }
        }
    }
}


function showClassDetail(cid, count) {
    var id_list = Array(count);
    var toHide = 1;
    for (var i = 0; i < count; i++) {
        tid0 = 't' + cid.substr(1) + '.' + (i+1);
        tid = 'f' + tid0;
        tr = document.getElementById(tid);
        if (!tr) {
            tid = 'p' + tid0;
            tr = document.getElementById(tid);
        }
        id_list[i] = tid;
        if (tr.className) {
            toHide = 0;
        }
    }
    for (var i = 0; i < count; i++) {
        tid = id_list[i];
        if (toHide) {
            document.getElementById('div_'+tid).style.display = 'none'
            document.getElementById(tid).className = 'hiddenRow';
        }
        else {
            document.getElementById(tid).className = '';
        }
    }
}


function showTestDetail(div_id){
    var details_div = document.getElementById(div_id)
    var displayState = details_div.style.display
    // alert(displayState)
    if (displayState != 'block' ) {
        displayState = 'block'
        details_div.style.display = 'block'
    }
    else {
        details_div.style.display = 'none'
    }
}


function html_escape(s) {
    s = s.replace(/&/g,'&amp;');
    s = s.replace(/</g,'&lt;');
    s = s.replace(/>/g,'&gt;');
    return s;
}

/* obsoleted by detail in <div>
function showOutput(id, name) {
    var w = window.open("", //url
                    name,
                    "resizable,scrollbars,status,width=800,height=450");
    d = w.document;
    d.write("<pre>");
    d.write(html_escape(output_list[id]));
    d.write("\n");
    d.write("<a href='javascript:window.close()'>close</a>\n");
    d.write("</pre>\n");
    d.close();
}
*/
--></script>

<div class='heading'>
<h1>Unit Test Report</h1>

<p class='attribute'><strong>Status:</strong> Failure 6</p>

<p class='description'></p>
</div>



<p id='show_detail_line'>Show
<a href='javascript:showCase(0)'>Summary</a>
<a href='javascript:showCase(1)'>Failed</a>
<a href='javascript:showCase(2)'>All</a>
</p>
<table id='result_table'>
<colgroup>
<col align='left' />
<col align='right' />
<col align='right' />
<col align='right' />
<col align='right' />
<col align='right' />
<col align='right' />
<col align='right' />
</colgroup>
<tr id='header_row'>
    <td>Test Group/Test case</td>
    <td>Count</td>
    <td>Pass</td>
    <td>Fail</td>
    <td>Error</td>
    <td>Skip</td>
    <td>View</td>
    <td> </td>
</tr>

<tr class='failClass'>
    <td class="testname">tempest.scenario.test_network_advanced_server_ops.TestNetworkAdvancedServerOps</td>
    <td class="small">6</td>
    <td class="small">0</td>
    <td class="small">6</td>
    <td class="small">0</td>
    <td class="small">0</td>
    <td class="small"><a href="javascript:showClassDetail('c1',6)"
>Detail</a></td>
    <td> </td>
</tr>

<tr id='ft1.1' class='none'>
    <td class='failCase'><div class='testcase'>test_server_connectivity_pause_unpause[compute,id-2b2642db-6568-4b35-b812-eceed3fa20ce,network]</div></td>
    <td colspan='7' align='left'>

    <!--css div popup start-->
    <a class="popup_link" onfocus='this.blur();'
    href="javascript:showTestDetail('div_ft1.1')" >
        fail</a>

    <div id='div_ft1.1' class="popup_window">
        <div style='text-align: right; color:red;cursor:pointer'>
        <a onfocus='this.blur();'
onclick="document.getElementById('div_ft1.1').style.display = 'none' " >
           [x]</a>
        </div>
        <pre>
        
ft1.1: tempest.scenario.test_network_advanced_server_ops.TestNetworkAdvancedServerOps.test_server_connectivity_pause_unpause[compute,id-2b2642db-6568-4b35-b812-eceed3fa20ce,network]_StringException: Empty attachments:
  stderr
  stdout

pythonlogging:'': {{{
2016-01-05 01:21:02,574 24710 INFO     [tempest_lib.common.rest_client] Request (TestNetworkAdvancedServerOps:test_server_connectivity_pause_unpause): 200 POST http://10.0.2.15:8774/v2.1/d8af938014754cff84b500e3e9f36a00/os-keypairs 0.562s
2016-01-05 01:21:02,574 24710 DEBUG    [tempest_lib.common.rest_client] Request - Headers: {'Content-Type': 'application/json', 'Accept': 'application/json', 'X-Auth-Token': '&lt;omitted&gt;'}
        Body: {"keypair": {"name": "tempest-TestNetworkAdvancedServerOps-1169410681"}}
    Response - Headers: {'status': '200', 'content-length': '2330', 'x-compute-request-id': 'req-dbb8565b-ad3f-41f3-99c0-c6644b92daef', 'vary': 'X-OpenStack-Nova-API-Version', 'connection': 'close', 'x-openstack-nova-api-version': '2.1', 'date': 'Tue, 05 Jan 2016 01:21:02 GMT', 'content-type': 'application/json'}
        Body: {"keypair": {"public_key": "ssh-rsa AAAAB3NzaC1yc2EAAAADAQABAAABAQCpDF5xFnjJ0qsp/koO/HfgzkaYnDc3xLqv8xl7eet/NZdKRgwuV1yW34TyaHRDVhKQu87Ak/3oZGU6QMCVIN+fJD00cjxNyjHaPpsnuvhSTEBCRnC5W5lW7W7z3jhfv7cMgQ97CNZSeVF5zJLGRm7pncUcCXYf83nC4tTt2NVIpEayA8L0lIQVOXp3ykHEl+rtnMgMWLWDAEU64u7b1+YH2WUNE/wX9/7in99uIy4Ol354PjUIcCx0luqtClpCczNkx51hRtK57TJoviYDFtEqKew6XclepVYN7T1OHRPGn5qEeI20KvwloBSUnqoYXmxWUjfTNI0+aWQGPKba6pE9 Generated-by-Nova", "private_key": "-----BEGIN RSA PRIVATE KEY-----\nMIIEqQIBAAKCAQEAqQxecRZ4ydKrKf5KDvx34M5GmJw3N8S6r/MZe3nrfzWXSkYM\nLldclt+E8mh0Q1YSkLvOwJP96GRlOkDAlSDfnyQ9NHI8Tcox2j6bJ7r4UkxAQkZw\nuVuZVu1u8944X7+3DIEPewjWUnlRecySxkZu6Z3FHAl2H/N5wuLU7djVSKRGsgPC\n9JSEFTl6d8pBxJfq7ZzIDFi1gwBFOuLu29fmB9llDRP8F/f+4p/fbiMuDpd+eD41\nCHAsdJbqrQpaQnMzZMedYUbSue0yaL4mAxbRKinsOl3JXqVWDe09Th0Txp+ahHiN\ntCr8JaAUlJ6qGF5sVlI30zSNPmlkBjym2uqRPQIDAQABAoIBAQCM0FfO/bgJ7elU\nJpUMHLPC2DCoKOA6HS6hJ+/fEfTf1wU6AlVdOLpQlsoInofSG12FoFudwOjs7sv/\nlTaWQnbj+mzdRhcDeVzDfgkCNFVrQEb6rfByBmIZrdgRXdc5stnIma0KgJb+xj3f\nJlBQxxTWluw86YizHr4bX5WctlUblxkDkLtHgZhr65LC5vaHcsSodi/sRLFDQ8yB\n5moUpscDPHXUFdMH8UHpNlAmrsbDlcwKCneDe3ZIgIekIzgXsfo5G3TSABpGp4TH\nTtPN0Otkkw62CJA6URmAPbBmfFYloFNMRTwMLkqp45XxkAGamzGbO+cLgWicUFS/\nuPYCppmBAoIAgQDL56lT55hHddgKQkWrz6yPCz08b7EtnmczcuXT0zpC2cw3xnNa\ntNqLrvv34rgKsiHxcK09NmGmN11tj00hBIkoAaZJ0LmzfDVzr1nPVwma6Jv+4EcG\nj58s+hAmP10pArNgx6NYfZTxUYNjX5iPbnkf6ioVb4pGinqhUs2qY12XYQKCAIEA\n1Dzr7t57HmRlq28lv+k3xvToEj4ztFSAT3ZoQkY+qNcHGVywKBKx4oRUe5gfWuQ9\nF5HdPSPGTvXhcbolXXfPOK1ert/2U+xTEhC5jdvbWS9rFo/k3UWJxkZPvkpye3/r\nVu+TFLV8HrOTYwiphSvpJviF0XZNrt7FUK/VW4Eqc10CggCAMls25SLH57YBsZ7m\nR+UUz4rOB7PpxMNe50TT33lF5SaWmZun91m8s0x2q6RRIUsWuOLD1d8tRHhd2WXP\nfXz6RmgJ4ibrBZmCNdyzSFJNa/VQOSS4RbWIcPocrOVvI2aoWBlVjNAOzX38/bip\nG5sDzM7ur7aJJpyiZl7lrdO2VGECggCBAK22o4Gi9fC9Sf4Ufjhi4fVldSGhad56\nn37qspE0P4sgXL4kgEZ8br6xgxiaPWe+kkZdbFDjnCf61qioLHchXinMtUe7Jjow\nnxmVONrkjdekmSkhY7i8dvUjjZd6BdQRsoU4mBEGLm5Omx8e8ul+NFpiZd040IKF\n8ciF8sLvqNg9AoIAgFhFUe4eSwVqgqE5RKCbMoRxEe4wszrojGEA0ED/GKAhKyje\nJDMq4UJRIkY74YVjOqJxCVHvAPBcA18sAlJ+p69EGY4rQBQkwRBOnjX6Z0LYKxCa\nTpL/ZzLOzOmFa2RQdaajMPlh8Q3jE4r1OMwmSGNVYOPBW2UJXxL3gbohiUzA\n-----END RSA PRIVATE KEY-----\n", "user_id": "de02d526d8c849299a9f75b2f68d2846", "name": "tempest-TestNetworkAdvancedServerOps-1169410681", "fingerprint": "8f:b0:86:30:06:d6:cf:2b:42:74:2b:37:35:1d:bd:02"}}
2016-01-05 01:21:02,917 24710 INFO     [tempest_lib.common.rest_client] Request (TestNetworkAdvancedServerOps:test_server_connectivity_pause_unpause): 201 POST http://10.0.2.15:9696/v2.0/security-groups 0.339s
2016-01-05 01:21:02,918 24710 DEBUG    [tempest_lib.common.rest_client] Request - Headers: {'Content-Type': 'application/json', 'Accept': 'application/json', 'X-Auth-Token': '&lt;omitted&gt;'}
        Body: {"security_group": {"tenant_id": "d8af938014754cff84b500e3e9f36a00", "description": "tempest-secgroup-smoke-655119399 description", "name": "tempest-secgroup-smoke-655119399"}}
    Response - Headers: {'status': '201', 'content-length': '886', 'connection': 'close', 'date': 'Tue, 05 Jan 2016 01:21:02 GMT', 'content-type': 'application/json; charset=UTF-8', 'x-openstack-request-id': 'req-dde2ed30-6f5c-4baf-ab00-a8db0162fda6'}
        Body: {"security_group": {"tenant_id": "d8af938014754cff84b500e3e9f36a00", "description": "tempest-secgroup-smoke-655119399 description", "id": "127575f0-5717-4850-858a-6a27507cefce", "security_group_rules": [{"remote_group_id": null, "direction": "egress", "remote_ip_prefix": null, "protocol": null, "ethertype": "IPv4", "tenant_id": "d8af938014754cff84b500e3e9f36a00", "port_range_max": null, "port_range_min": null, "id": "78c167a2-c0cc-4764-8f68-c76bb842c8dd", "security_group_id": "127575f0-5717-4850-858a-6a27507cefce"}, {"remote_group_id": null, "direction": "egress", "remote_ip_prefix": null, "protocol": null, "ethertype": "IPv6", "tenant_id": "d8af938014754cff84b500e3e9f36a00", "port_range_max": null, "port_range_min": null, "id": "4bd3f4da-3319-4536-a0d1-7b4d162db412", "security_group_id": "127575f0-5717-4850-858a-6a27507cefce"}], "name": "tempest-secgroup-smoke-655119399"}}
2016-01-05 01:21:03,022 24710 INFO     [tempest_lib.common.rest_client] Request (TestNetworkAdvancedServerOps:test_server_connectivity_pause_unpause): 201 POST http://10.0.2.15:9696/v2.0/security-group-rules 0.103s
2016-01-05 01:21:03,022 24710 DEBUG    [tempest_lib.common.rest_client] Request - Headers: {'Content-Type': 'application/json', 'Accept': 'application/json', 'X-Auth-Token': '&lt;omitted&gt;'}
        Body: {"security_group_rule": {"direction": "ingress", "protocol": "tcp", "tenant_id": "d8af938014754cff84b500e3e9f36a00", "port_range_max": 22, "security_group_id": "127575f0-5717-4850-858a-6a27507cefce", "port_range_min": 22}}
    Response - Headers: {'status': '201', 'content-length': '340', 'connection': 'close', 'date': 'Tue, 05 Jan 2016 01:21:03 GMT', 'content-type': 'application/json; charset=UTF-8', 'x-openstack-request-id': 'req-0b1a662c-780e-4b3b-be9b-fd21a950be87'}
        Body: {"security_group_rule": {"remote_group_id": null, "direction": "ingress", "remote_ip_prefix": null, "protocol": "tcp", "ethertype": "IPv4", "tenant_id": "d8af938014754cff84b500e3e9f36a00", "port_range_max": 22, "port_range_min": 22, "id": "ae2f11b1-d24e-44fc-8a29-911afb069e2a", "security_group_id": "127575f0-5717-4850-858a-6a27507cefce"}}
2016-01-05 01:21:03,118 24710 INFO     [tempest_lib.common.rest_client] Request (TestNetworkAdvancedServerOps:test_server_connectivity_pause_unpause): 201 POST http://10.0.2.15:9696/v2.0/security-group-rules 0.094s
2016-01-05 01:21:03,118 24710 DEBUG    [tempest_lib.common.rest_client] Request - Headers: {'Content-Type': 'application/json', 'Accept': 'application/json', 'X-Auth-Token': '&lt;omitted&gt;'}
        Body: {"security_group_rule": {"direction": "egress", "protocol": "tcp", "tenant_id": "d8af938014754cff84b500e3e9f36a00", "port_range_max": 22, "security_group_id": "127575f0-5717-4850-858a-6a27507cefce", "port_range_min": 22}}
    Response - Headers: {'status': '201', 'content-length': '339', 'connection': 'close', 'date': 'Tue, 05 Jan 2016 01:21:03 GMT', 'content-type': 'application/json; charset=UTF-8', 'x-openstack-request-id': 'req-5cc88423-3441-4e18-b1bd-b143c898d4cf'}
        Body: {"security_group_rule": {"remote_group_id": null, "direction": "egress", "remote_ip_prefix": null, "protocol": "tcp", "ethertype": "IPv4", "tenant_id": "d8af938014754cff84b500e3e9f36a00", "port_range_max": 22, "port_range_min": 22, "id": "6db64268-0b2d-460a-bc20-417f57928253", "security_group_id": "127575f0-5717-4850-858a-6a27507cefce"}}
2016-01-05 01:21:03,221 24710 INFO     [tempest_lib.common.rest_client] Request (TestNetworkAdvancedServerOps:test_server_connectivity_pause_unpause): 201 POST http://10.0.2.15:9696/v2.0/security-group-rules 0.102s
2016-01-05 01:21:03,221 24710 DEBUG    [tempest_lib.common.rest_client] Request - Headers: {'Content-Type': 'application/json', 'Accept': 'application/json', 'X-Auth-Token': '&lt;omitted&gt;'}
        Body: {"security_group_rule": {"tenant_id": "d8af938014754cff84b500e3e9f36a00", "direction": "ingress", "protocol": "icmp", "security_group_id": "127575f0-5717-4850-858a-6a27507cefce"}}
    Response - Headers: {'status': '201', 'content-length': '345', 'connection': 'close', 'date': 'Tue, 05 Jan 2016 01:21:03 GMT', 'content-type': 'application/json; charset=UTF-8', 'x-openstack-request-id': 'req-cac8c09f-9496-4110-a44f-63bfcf75f150'}
        Body: {"security_group_rule": {"remote_group_id": null, "direction": "ingress", "remote_ip_prefix": null, "protocol": "icmp", "ethertype": "IPv4", "tenant_id": "d8af938014754cff84b500e3e9f36a00", "port_range_max": null, "port_range_min": null, "id": "42a2bd68-2116-43cb-ba43-33b1e47aa0e5", "security_group_id": "127575f0-5717-4850-858a-6a27507cefce"}}
2016-01-05 01:21:03,318 24710 INFO     [tempest_lib.common.rest_client] Request (TestNetworkAdvancedServerOps:test_server_connectivity_pause_unpause): 201 POST http://10.0.2.15:9696/v2.0/security-group-rules 0.095s
2016-01-05 01:21:03,318 24710 DEBUG    [tempest_lib.common.rest_client] Request - Headers: {'Content-Type': 'application/json', 'Accept': 'application/json', 'X-Auth-Token': '&lt;omitted&gt;'}
        Body: {"security_group_rule": {"tenant_id": "d8af938014754cff84b500e3e9f36a00", "direction": "egress", "protocol": "icmp", "security_group_id": "127575f0-5717-4850-858a-6a27507cefce"}}
    Response - Headers: {'status': '201', 'content-length': '344', 'connection': 'close', 'date': 'Tue, 05 Jan 2016 01:21:03 GMT', 'content-type': 'application/json; charset=UTF-8', 'x-openstack-request-id': 'req-4d66424e-8125-4193-9c56-4f01bd3c3740'}
        Body: {"security_group_rule": {"remote_group_id": null, "direction": "egress", "remote_ip_prefix": null, "protocol": "icmp", "ethertype": "IPv4", "tenant_id": "d8af938014754cff84b500e3e9f36a00", "port_range_max": null, "port_range_min": null, "id": "94c566a2-e8cf-44b3-a0c5-08b027a7b9f6", "security_group_id": "127575f0-5717-4850-858a-6a27507cefce"}}
2016-01-05 01:21:03,580 24710 INFO     [tempest_lib.common.rest_client] Request (TestNetworkAdvancedServerOps:test_server_connectivity_pause_unpause): 201 POST http://10.0.2.15:9696/v2.0/security-group-rules 0.261s
2016-01-05 01:21:03,581 24710 DEBUG    [tempest_lib.common.rest_client] Request - Headers: {'Content-Type': 'application/json', 'Accept': 'application/json', 'X-Auth-Token': '&lt;omitted&gt;'}
        Body: {"security_group_rule": {"tenant_id": "d8af938014754cff84b500e3e9f36a00", "direction": "ingress", "security_group_id": "127575f0-5717-4850-858a-6a27507cefce", "protocol": "icmp", "ethertype": "IPv6"}}
    Response - Headers: {'status': '201', 'content-length': '345', 'connection': 'close', 'date': 'Tue, 05 Jan 2016 01:21:03 GMT', 'content-type': 'application/json; charset=UTF-8', 'x-openstack-request-id': 'req-b71c1593-b1a6-4784-8409-e98f5cb58bb3'}
        Body: {"security_group_rule": {"remote_group_id": null, "direction": "ingress", "remote_ip_prefix": null, "protocol": "icmp", "ethertype": "IPv6", "tenant_id": "d8af938014754cff84b500e3e9f36a00", "port_range_max": null, "port_range_min": null, "id": "bc945c32-00c4-4d77-8bb9-376008dec4fb", "security_group_id": "127575f0-5717-4850-858a-6a27507cefce"}}
2016-01-05 01:21:03,705 24710 INFO     [tempest_lib.common.rest_client] Request (TestNetworkAdvancedServerOps:test_server_connectivity_pause_unpause): 201 POST http://10.0.2.15:9696/v2.0/security-group-rules 0.123s
2016-01-05 01:21:03,706 24710 DEBUG    [tempest_lib.common.rest_client] Request - Headers: {'Content-Type': 'application/json', 'Accept': 'application/json', 'X-Auth-Token': '&lt;omitted&gt;'}
        Body: {"security_group_rule": {"tenant_id": "d8af938014754cff84b500e3e9f36a00", "direction": "egress", "security_group_id": "127575f0-5717-4850-858a-6a27507cefce", "protocol": "icmp", "ethertype": "IPv6"}}
    Response - Headers: {'status': '201', 'content-length': '344', 'connection': 'close', 'date': 'Tue, 05 Jan 2016 01:21:03 GMT', 'content-type': 'application/json; charset=UTF-8', 'x-openstack-request-id': 'req-ea0773c4-3378-4d49-8b19-7524f480f092'}
        Body: {"security_group_rule": {"remote_group_id": null, "direction": "egress", "remote_ip_prefix": null, "protocol": "icmp", "ethertype": "IPv6", "tenant_id": "d8af938014754cff84b500e3e9f36a00", "port_range_max": null, "port_range_min": null, "id": "6ac80690-76f8-4848-8ba0-41730fd06e2a", "security_group_id": "127575f0-5717-4850-858a-6a27507cefce"}}
2016-01-05 01:21:03,884 24710 INFO     [tempest_lib.common.rest_client] Request (TestNetworkAdvancedServerOps:test_server_connectivity_pause_unpause): 201 POST http://10.0.2.15:9696/v2.0/networks 0.177s
2016-01-05 01:21:03,885 24710 DEBUG    [tempest_lib.common.rest_client] Request - Headers: {'Content-Type': 'application/json', 'Accept': 'application/json', 'X-Auth-Token': '&lt;omitted&gt;'}
        Body: {"network": {"tenant_id": "d8af938014754cff84b500e3e9f36a00", "name": "tempest-network-smoke--708562025"}}
    Response - Headers: {'status': '201', 'content-length': '326', 'connection': 'close', 'date': 'Tue, 05 Jan 2016 01:21:03 GMT', 'content-type': 'application/json; charset=UTF-8', 'x-openstack-request-id': 'req-6eb94dad-8524-4098-b8fd-c2bb2d34efe6'}
        Body: {"network": {"status": "ACTIVE", "subnets": [], "availability_zone_hints": [], "name": "tempest-network-smoke--708562025", "admin_state_up": true, "tenant_id": "d8af938014754cff84b500e3e9f36a00", "mtu": 0, "router:external": false, "shared": false, "port_security_enabled": true, "id": "7e6f04f0-58d1-4ab1-8597-1caeed4d5100"}}
2016-01-05 01:21:03,977 24710 INFO     [tempest_lib.common.rest_client] Request (TestNetworkAdvancedServerOps:test_server_connectivity_pause_unpause): 201 POST http://10.0.2.15:9696/v2.0/routers 0.091s
2016-01-05 01:21:03,977 24710 DEBUG    [tempest_lib.common.rest_client] Request - Headers: {'Content-Type': 'application/json', 'Accept': 'application/json', 'X-Auth-Token': '&lt;omitted&gt;'}
        Body: {"router": {"tenant_id": "d8af938014754cff84b500e3e9f36a00", "name": "tempest-router-smoke-153425615", "admin_state_up": true}}
    Response - Headers: {'status': '201', 'content-length': '295', 'connection': 'close', 'date': 'Tue, 05 Jan 2016 01:21:03 GMT', 'content-type': 'application/json; charset=UTF-8', 'x-openstack-request-id': 'req-e0ce5e05-9748-4824-a3f0-061bcd8314c7'}
        Body: {"router": {"status": "ACTIVE", "external_gateway_info": null, "availability_zone_hints": [], "availability_zones": [], "name": "tempest-router-smoke-153425615", "admin_state_up": true, "tenant_id": "d8af938014754cff84b500e3e9f36a00", "routes": [], "id": "7ce8ae35-bad9-4486-897b-8e72bb03b96c"}}
2016-01-05 01:21:04,037 24710 INFO     [tempest_lib.common.rest_client] Request (TestNetworkAdvancedServerOps:test_server_connectivity_pause_unpause): 200 GET http://10.0.2.15:9696/v2.0/routers/7ce8ae35-bad9-4486-897b-8e72bb03b96c 0.058s
2016-01-05 01:21:04,037 24710 DEBUG    [tempest_lib.common.rest_client] Request - Headers: {'Content-Type': 'application/json', 'Accept': 'application/json', 'X-Auth-Token': '&lt;omitted&gt;'}
        Body: None
    Response - Headers: {'status': '200', 'content-length': '295', 'content-location': 'http://10.0.2.15:9696/v2.0/routers/7ce8ae35-bad9-4486-897b-8e72bb03b96c', 'connection': 'close', 'date': 'Tue, 05 Jan 2016 01:21:04 GMT', 'content-type': 'application/json; charset=UTF-8', 'x-openstack-request-id': 'req-79066418-2050-4a0b-8467-36970d7ec4bb'}
        Body: {"router": {"status": "ACTIVE", "external_gateway_info": null, "availability_zone_hints": [], "availability_zones": [], "name": "tempest-router-smoke-153425615", "admin_state_up": true, "tenant_id": "d8af938014754cff84b500e3e9f36a00", "routes": [], "id": "7ce8ae35-bad9-4486-897b-8e72bb03b96c"}}
2016-01-05 01:21:04,744 24710 INFO     [tempest_lib.common.rest_client] Request (TestNetworkAdvancedServerOps:test_server_connectivity_pause_unpause): 200 PUT http://10.0.2.15:9696/v2.0/routers/7ce8ae35-bad9-4486-897b-8e72bb03b96c 0.705s
2016-01-05 01:21:04,745 24710 DEBUG    [tempest_lib.common.rest_client] Request - Headers: {'Content-Type': 'application/json', 'Accept': 'application/json', 'X-Auth-Token': '&lt;omitted&gt;'}
        Body: {"router": {"external_gateway_info": {"network_id": "78d1006d-d2c9-4c3e-9f37-fbaa09a19db2"}, "name": "tempest-router-smoke-153425615", "admin_state_up": true}}
    Response - Headers: {'status': '200', 'content-length': '557', 'connection': 'close', 'date': 'Tue, 05 Jan 2016 01:21:04 GMT', 'content-type': 'application/json; charset=UTF-8', 'x-openstack-request-id': 'req-efd0d1b6-7f11-412e-884d-de83165bda66'}
        Body: {"router": {"status": "ACTIVE", "external_gateway_info": {"network_id": "78d1006d-d2c9-4c3e-9f37-fbaa09a19db2", "enable_snat": true, "external_fixed_ips": [{"subnet_id": "d711eeb5-92cf-41f5-acc9-13bb4f361e2b", "ip_address": "172.24.4.3"}, {"subnet_id": "97f511b4-add3-4301-9a27-1635d256fd4b", "ip_address": "2001:db8::3"}]}, "availability_zone_hints": [], "availability_zones": [], "name": "tempest-router-smoke-153425615", "admin_state_up": true, "tenant_id": "d8af938014754cff84b500e3e9f36a00", "routes": [], "id": "7ce8ae35-bad9-4486-897b-8e72bb03b96c"}}
2016-01-05 01:21:04,915 24710 INFO     [tempest_lib.common.rest_client] Request (TestNetworkAdvancedServerOps:test_server_connectivity_pause_unpause): 200 GET http://10.0.2.15:9696/v2.0/subnets?tenant_id=d8af938014754cff84b500e3e9f36a00&amp;cidr=10.100.0.0%2F28 0.169s
2016-01-05 01:21:04,915 24710 DEBUG    [tempest_lib.common.rest_client] Request - Headers: {'Content-Type': 'application/json', 'Accept': 'application/json', 'X-Auth-Token': '&lt;omitted&gt;'}
        Body: None
    Response - Headers: {'status': '200', 'content-length': '15', 'content-location': 'http://10.0.2.15:9696/v2.0/subnets?tenant_id=d8af938014754cff84b500e3e9f36a00&amp;cidr=10.100.0.0%2F28', 'connection': 'close', 'date': 'Tue, 05 Jan 2016 01:21:04 GMT', 'content-type': 'application/json; charset=UTF-8', 'x-openstack-request-id': 'req-4cde91bc-c6dd-4966-9195-228d520d58fa'}
        Body: {"subnets": []}
2016-01-05 01:21:05,318 24710 INFO     [tempest_lib.common.rest_client] Request (TestNetworkAdvancedServerOps:test_server_connectivity_pause_unpause): 201 POST http://10.0.2.15:9696/v2.0/subnets 0.402s
2016-01-05 01:21:05,319 24710 DEBUG    [tempest_lib.common.rest_client] Request - Headers: {'Content-Type': 'application/json', 'Accept': 'application/json', 'X-Auth-Token': '&lt;omitted&gt;'}
        Body: {"subnet": {"ip_version": 4, "tenant_id": "d8af938014754cff84b500e3e9f36a00", "cidr": "10.100.0.0/28", "network_id": "7e6f04f0-58d1-4ab1-8597-1caeed4d5100", "name": "tempest-subnet-smoke-1527001330"}}
    Response - Headers: {'status': '201', 'content-length': '478', 'connection': 'close', 'date': 'Tue, 05 Jan 2016 01:21:05 GMT', 'content-type': 'application/json; charset=UTF-8', 'x-openstack-request-id': 'req-ccd1d077-2ee2-4ffa-944d-5a0e75e1d27c'}
        Body: {"subnet": {"name": "tempest-subnet-smoke-1527001330", "enable_dhcp": true, "network_id": "7e6f04f0-58d1-4ab1-8597-1caeed4d5100", "tenant_id": "d8af938014754cff84b500e3e9f36a00", "dns_nameservers": [], "gateway_ip": "10.100.0.1", "ipv6_ra_mode": null, "allocation_pools": [{"start": "10.100.0.2", "end": "10.100.0.14"}], "host_routes": [], "ip_version": 4, "ipv6_address_mode": null, "cidr": "10.100.0.0/28", "id": "71c5e066-2a95-4262-936d-70e9c3de120a", "subnetpool_id": null}}
2016-01-05 01:21:05,943 24710 INFO     [tempest_lib.common.rest_client] Request (TestNetworkAdvancedServerOps:test_server_connectivity_pause_unpause): 200 PUT http://10.0.2.15:9696/v2.0/routers/7ce8ae35-bad9-4486-897b-8e72bb03b96c/add_router_interface 0.624s
2016-01-05 01:21:05,943 24710 DEBUG    [tempest_lib.common.rest_client] Request - Headers: {'Content-Type': 'application/json', 'Accept': 'application/json', 'X-Auth-Token': '&lt;omitted&gt;'}
        Body: {"subnet_id": "71c5e066-2a95-4262-936d-70e9c3de120a"}
    Response - Headers: {'status': '200', 'content-length': '255', 'connection': 'close', 'date': 'Tue, 05 Jan 2016 01:21:05 GMT', 'content-type': 'application/json; charset=UTF-8', 'x-openstack-request-id': 'req-b2bbc823-033f-4448-8a85-a21bd5696cbc'}
        Body: {"subnet_id": "71c5e066-2a95-4262-936d-70e9c3de120a", "tenant_id": "d8af938014754cff84b500e3e9f36a00", "subnet_ids": ["71c5e066-2a95-4262-936d-70e9c3de120a"], "port_id": "e7b6f766-9afa-46b2-b3b9-25417f444e80", "id": "7ce8ae35-bad9-4486-897b-8e72bb03b96c"}
2016-01-05 01:21:06,078 24710 INFO     [tempest_lib.common.rest_client] Request (TestNetworkAdvancedServerOps:test_server_connectivity_pause_unpause): 200 POST http://10.0.2.15:5000/v2.0/tokens
2016-01-05 01:21:06,078 24710 DEBUG    [tempest_lib.common.rest_client] Request - Headers: {'Content-Type': 'application/json', 'Accept': 'application/json'}
        Body: &lt;omitted&gt;
    Response - Headers: {'status': '200', 'content-length': '2562', 'vary': 'X-Auth-Token', 'server': 'Apache/2.4.7 (Ubuntu)', 'connection': 'close', 'date': 'Tue, 05 Jan 2016 01:21:05 GMT', 'content-type': 'application/json', 'x-openstack-request-id': 'req-4da97c66-bcec-49e6-9973-16fa2838db15'}
        Body: {"access": {"token": {"issued_at": "2016-01-05T01:21:06.064726", "expires": "2016-01-05T02:21:06Z", "id": "d4fe6d98c3214178a90363f6d53f602b", "tenant": {"description": "tempest-TestNetworkAdvancedServerOps-1245030980-desc", "enabled": true, "id": "d8af938014754cff84b500e3e9f36a00", "name": "tempest-TestNetworkAdvancedServerOps-1245030980"}, "audit_ids": ["0XjB7CnmRFiQCH17rwiOgg"]}, "serviceCatalog": [{"endpoints": [{"adminURL": "http://10.0.2.15:8774/v2.1/d8af938014754cff84b500e3e9f36a00", "region": "RegionOne", "internalURL": "http://10.0.2.15:8774/v2.1/d8af938014754cff84b500e3e9f36a00", "id": "3a3a863fd5f5483597d4b51a83b88f0c", "publicURL": "http://10.0.2.15:8774/v2.1/d8af938014754cff84b500e3e9f36a00"}], "endpoints_links": [], "type": "compute", "name": "nova"}, {"endpoints": [{"adminURL": "http://10.0.2.15:9696/", "region": "RegionOne", "internalURL": "http://10.0.2.15:9696/", "id": "8f391dfab15b4752918fb254c70659b0", "publicURL": "http://10.0.2.15:9696/"}], "endpoints_links": [], "type": "network", "name": "neutron"}, {"endpoints": [{"adminURL": "http://10.0.2.15:9292", "region": "RegionOne", "internalURL": "http://10.0.2.15:9292", "id": "39bb03d4b408490691f1c68919b15b36", "publicURL": "http://10.0.2.15:9292"}], "endpoints_links": [], "type": "image", "name": "glance"}, {"endpoints": [{"adminURL": "http://10.0.2.15:8774/v2/d8af938014754cff84b500e3e9f36a00", "region": "RegionOne", "internalURL": "http://10.0.2.15:8774/v2/d8af938014754cff84b500e3e9f36a00", "id": "77481dbf74814c8ea66ba16f7ad8f587", "publicURL": "http://10.0.2.15:8774/v2/d8af938014754cff84b500e3e9f36a00"}], "endpoints_links": [], "type": "compute_legacy", "name": "nova_legacy"}, {"endpoints": [{"adminURL": "http://10.0.2.15:8773/", "region": "RegionOne", "internalURL": "http://10.0.2.15:8773/", "id": "4761110ffc2b418d8c0e0d3ff2f18d9e", "publicURL": "http://10.0.2.15:8773/"}], "endpoints_links": [], "type": "ec2", "name": "ec2"}, {"endpoints": [{"adminURL": "http://10.0.2.15:35357/v2.0", "region": "RegionOne", "internalURL": "http://10.0.2.15:5000/v2.0", "id": "01b61757566049928b023045a3ef3519", "publicURL": "http://10.0.2.15:5000/v2.0"}], "endpoints_links": [], "type": "identity", "name": "keystone"}], "user": {"username": "tempest-TestNetworkAdvancedServerOps-14200831", "roles_links": [], "id": "de02d526d8c849299a9f75b2f68d2846", "roles": [{"name": "Member"}, {"name": "_member_"}], "name": "tempest-TestNetworkAdvancedServerOps-14200831"}, "metadata": {"is_admin": 0, "roles": ["4c2dfb0544504ff6b7cb69cf82090497", "9fe2ff9ee4384b1894a90878d3e92bab"]}}}
2016-01-05 01:21:06,083 24710 DEBUG    [tempest.common.fixed_network] (TestNetworkAdvancedServerOps:test_server_connectivity_pause_unpause) No valid network provided or created, defaulting to fixed_network_name
2016-01-05 01:21:06,785 24710 INFO     [tempest_lib.common.rest_client] Request (TestNetworkAdvancedServerOps:test_server_connectivity_pause_unpause): 200 GET http://10.0.2.15:8774/v2.1/d8af938014754cff84b500e3e9f36a00/os-networks 0.702s
2016-01-05 01:21:06,786 24710 DEBUG    [tempest_lib.common.rest_client] Request - Headers: {'Content-Type': 'application/json', 'Accept': 'application/json', 'X-Auth-Token': '&lt;omitted&gt;'}
        Body: None
    Response - Headers: {'status': '200', 'content-length': '478', 'content-location': 'http://10.0.2.15:8774/v2.1/d8af938014754cff84b500e3e9f36a00/os-networks', 'x-compute-request-id': 'req-1afa74a3-7b31-4394-a8b7-f85dd3013c4c', 'vary': 'X-OpenStack-Nova-API-Version', 'connection': 'close', 'x-openstack-nova-api-version': '2.1', 'date': 'Tue, 05 Jan 2016 01:21:06 GMT', 'content-type': 'application/json'}
        Body: {"networks": [{"cidr_v6": null, "dns2": null, "dns1": null, "gateway": null, "broadcast": null, "netmask": null, "gateway_v6": null, "cidr": null, "label": "public", "id": "78d1006d-d2c9-4c3e-9f37-fbaa09a19db2", "netmask_v6": null}, {"cidr_v6": null, "dns2": null, "dns1": null, "gateway": null, "broadcast": null, "netmask": null, "gateway_v6": null, "cidr": null, "label": "tempest-network-smoke--708562025", "id": "7e6f04f0-58d1-4ab1-8597-1caeed4d5100", "netmask_v6": null}]}
2016-01-05 01:21:06,786 24710 WARNING  [tempest.common.fixed_network] (TestNetworkAdvancedServerOps:test_server_connectivity_pause_unpause) Network with name: private not found
2016-01-05 01:21:06,786 24710 INFO     [tempest.common.fixed_network] (TestNetworkAdvancedServerOps:test_server_connectivity_pause_unpause) Found network {} available for tenant
2016-01-05 01:21:07,780 24710 INFO     [tempest_lib.common.rest_client] Request (TestNetworkAdvancedServerOps:test_server_connectivity_pause_unpause): 202 POST http://10.0.2.15:8774/v2.1/d8af938014754cff84b500e3e9f36a00/servers 0.992s
2016-01-05 01:21:07,780 24710 DEBUG    [tempest_lib.common.rest_client] Request - Headers: {'Content-Type': 'application/json', 'Accept': 'application/json', 'X-Auth-Token': '&lt;omitted&gt;'}
        Body: {"server": {"name": "tempest.common.compute-instance-528899268", "imageRef": "18bfad08-b5e9-4a48-bdc0-04fffd0b7e48", "key_name": "tempest-TestNetworkAdvancedServerOps-1169410681", "flavorRef": "42", "networks": [{"uuid": "7e6f04f0-58d1-4ab1-8597-1caeed4d5100"}], "security_groups": [{"name": "tempest-secgroup-smoke-655119399"}]}}
    Response - Headers: {'status': '202', 'content-length': '461', 'x-compute-request-id': 'req-657e5e3b-21db-4c35-8b71-6ef629b07722', 'vary': 'X-OpenStack-Nova-API-Version', 'connection': 'close', 'location': 'http://10.0.2.15:8774/v2.1/d8af938014754cff84b500e3e9f36a00/servers/e20cd692-9bc9-4331-934a-26e47c97e221', 'x-openstack-nova-api-version': '2.1', 'date': 'Tue, 05 Jan 2016 01:21:07 GMT', 'content-type': 'application/json'}
        Body: {"server": {"security_groups": [{"name": "tempest-secgroup-smoke-655119399"}], "OS-DCF:diskConfig": "MANUAL", "id": "e20cd692-9bc9-4331-934a-26e47c97e221", "links": [{"href": "http://10.0.2.15:8774/v2.1/d8af938014754cff84b500e3e9f36a00/servers/e20cd692-9bc9-4331-934a-26e47c97e221", "rel": "self"}, {"href": "http://10.0.2.15:8774/d8af938014754cff84b500e3e9f36a00/servers/e20cd692-9bc9-4331-934a-26e47c97e221", "rel": "bookmark"}], "adminPass": "Kz8WDLFoxXa7"}}
2016-01-05 01:21:08,151 24710 INFO     [tempest_lib.common.rest_client] Request (TestNetworkAdvancedServerOps:test_server_connectivity_pause_unpause): 200 GET http://10.0.2.15:8774/v2.1/d8af938014754cff84b500e3e9f36a00/servers/e20cd692-9bc9-4331-934a-26e47c97e221 0.368s
2016-01-05 01:21:08,151 24710 DEBUG    [tempest_lib.common.rest_client] Request - Headers: {'Content-Type': 'application/json', 'Accept': 'application/json', 'X-Auth-Token': '&lt;omitted&gt;'}
        Body: None
    Response - Headers: {'status': '200', 'content-length': '1364', 'content-location': 'http://10.0.2.15:8774/v2.1/d8af938014754cff84b500e3e9f36a00/servers/e20cd692-9bc9-4331-934a-26e47c97e221', 'x-compute-request-id': 'req-1c71006d-cbad-400d-bf0f-4325c861ddf3', 'vary': 'X-OpenStack-Nova-API-Version', 'connection': 'close', 'x-openstack-nova-api-version': '2.1', 'date': 'Tue, 05 Jan 2016 01:21:08 GMT', 'content-type': 'application/json'}
        Body: {"server": {"status": "BUILD", "updated": "2016-01-05T01:21:08Z", "hostId": "", "addresses": {}, "links": [{"href": "http://10.0.2.15:8774/v2.1/d8af938014754cff84b500e3e9f36a00/servers/e20cd692-9bc9-4331-934a-26e47c97e221", "rel": "self"}, {"href": "http://10.0.2.15:8774/d8af938014754cff84b500e3e9f36a00/servers/e20cd692-9bc9-4331-934a-26e47c97e221", "rel": "bookmark"}], "key_name": "tempest-TestNetworkAdvancedServerOps-1169410681", "image": {"id": "18bfad08-b5e9-4a48-bdc0-04fffd0b7e48", "links": [{"href": "http://10.0.2.15:8774/d8af938014754cff84b500e3e9f36a00/images/18bfad08-b5e9-4a48-bdc0-04fffd0b7e48", "rel": "bookmark"}]}, "OS-EXT-STS:task_state": "scheduling", "OS-EXT-STS:vm_state": "building", "OS-SRV-USG:launched_at": null, "flavor": {"id": "42", "links": [{"href": "http://10.0.2.15:8774/d8af938014754cff84b500e3e9f36a00/flavors/42", "rel": "bookmark"}]}, "id": "e20cd692-9bc9-4331-934a-26e47c97e221", "OS-SRV-USG:terminated_at": null, "OS-EXT-AZ:availability_zone": "", "user_id": "de02d526d8c849299a9f75b2f68d2846", "name": "tempest.common.compute-instance-528899268", "created": "2016-01-05T01:21:07Z", "tenant_id": "d8af938014754cff84b500e3e9f36a00", "OS-DCF:diskConfig": "MANUAL", "os-extended-volumes:volumes_attached": [], "accessIPv4": "", "accessIPv6": "", "progress": 0, "OS-EXT-STS:power_state": 0, "config_drive": "", "metadata": {}}}
2016-01-05 01:21:09,615 24710 INFO     [tempest_lib.common.rest_client] Request (TestNetworkAdvancedServerOps:test_server_connectivity_pause_unpause): 200 GET http://10.0.2.15:8774/v2.1/d8af938014754cff84b500e3e9f36a00/servers/e20cd692-9bc9-4331-934a-26e47c97e221 0.454s
2016-01-05 01:21:09,615 24710 DEBUG    [tempest_lib.common.rest_client] Request - Headers: {'Content-Type': 'application/json', 'Accept': 'application/json', 'X-Auth-Token': '&lt;omitted&gt;'}
        Body: None
    Response - Headers: {'status': '200', 'content-length': '1489', 'content-location': 'http://10.0.2.15:8774/v2.1/d8af938014754cff84b500e3e9f36a00/servers/e20cd692-9bc9-4331-934a-26e47c97e221', 'x-compute-request-id': 'req-16431c35-2268-4d0b-b006-9c3653783d99', 'vary': 'X-OpenStack-Nova-API-Version', 'connection': 'close', 'x-openstack-nova-api-version': '2.1', 'date': 'Tue, 05 Jan 2016 01:21:09 GMT', 'content-type': 'application/json'}
        Body: {"server": {"status": "BUILD", "updated": "2016-01-05T01:21:08Z", "hostId": "f1d82f6535877d777a76deacb2705407cd1dec7cf0f4341086dc33c3", "addresses": {}, "links": [{"href": "http://10.0.2.15:8774/v2.1/d8af938014754cff84b500e3e9f36a00/servers/e20cd692-9bc9-4331-934a-26e47c97e221", "rel": "self"}, {"href": "http://10.0.2.15:8774/d8af938014754cff84b500e3e9f36a00/servers/e20cd692-9bc9-4331-934a-26e47c97e221", "rel": "bookmark"}], "key_name": "tempest-TestNetworkAdvancedServerOps-1169410681", "image": {"id": "18bfad08-b5e9-4a48-bdc0-04fffd0b7e48", "links": [{"href": "http://10.0.2.15:8774/d8af938014754cff84b500e3e9f36a00/images/18bfad08-b5e9-4a48-bdc0-04fffd0b7e48", "rel": "bookmark"}]}, "OS-EXT-STS:task_state": "spawning", "OS-EXT-STS:vm_state": "building", "OS-SRV-USG:launched_at": null, "flavor": {"id": "42", "links": [{"href": "http://10.0.2.15:8774/d8af938014754cff84b500e3e9f36a00/flavors/42", "rel": "bookmark"}]}, "id": "e20cd692-9bc9-4331-934a-26e47c97e221", "security_groups": [{"name": "tempest-secgroup-smoke-655119399"}], "OS-SRV-USG:terminated_at": null, "OS-EXT-AZ:availability_zone": "nova", "user_id": "de02d526d8c849299a9f75b2f68d2846", "name": "tempest.common.compute-instance-528899268", "created": "2016-01-05T01:21:07Z", "tenant_id": "d8af938014754cff84b500e3e9f36a00", "OS-DCF:diskConfig": "MANUAL", "os-extended-volumes:volumes_attached": [], "accessIPv4": "", "accessIPv6": "", "progress": 0, "OS-EXT-STS:power_state": 0, "config_drive": "", "metadata": {}}}
2016-01-05 01:21:09,624 24710 INFO     [tempest.common.waiters] State transition "BUILD/scheduling" ==&gt; "BUILD/spawning" after 1 second wait
2016-01-05 01:21:10,826 24710 INFO     [tempest_lib.common.rest_client] Request (TestNetworkAdvancedServerOps:test_server_connectivity_pause_unpause): 200 GET http://10.0.2.15:8774/v2.1/d8af938014754cff84b500e3e9f36a00/servers/e20cd692-9bc9-4331-934a-26e47c97e221 0.200s
2016-01-05 01:21:10,826 24710 DEBUG    [tempest_lib.common.rest_client] Request - Headers: {'Content-Type': 'application/json', 'Accept': 'application/json', 'X-Auth-Token': '&lt;omitted&gt;'}
        Body: None
    Response - Headers: {'status': '200', 'content-length': '1489', 'content-location': 'http://10.0.2.15:8774/v2.1/d8af938014754cff84b500e3e9f36a00/servers/e20cd692-9bc9-4331-934a-26e47c97e221', 'x-compute-request-id': 'req-6a68741d-7867-40ee-a076-dcbbc5016497', 'vary': 'X-OpenStack-Nova-API-Version', 'connection': 'close', 'x-openstack-nova-api-version': '2.1', 'date': 'Tue, 05 Jan 2016 01:21:10 GMT', 'content-type': 'application/json'}
        Body: {"server": {"status": "BUILD", "updated": "2016-01-05T01:21:08Z", "hostId": "f1d82f6535877d777a76deacb2705407cd1dec7cf0f4341086dc33c3", "addresses": {}, "links": [{"href": "http://10.0.2.15:8774/v2.1/d8af938014754cff84b500e3e9f36a00/servers/e20cd692-9bc9-4331-934a-26e47c97e221", "rel": "self"}, {"href": "http://10.0.2.15:8774/d8af938014754cff84b500e3e9f36a00/servers/e20cd692-9bc9-4331-934a-26e47c97e221", "rel": "bookmark"}], "key_name": "tempest-TestNetworkAdvancedServerOps-1169410681", "image": {"id": "18bfad08-b5e9-4a48-bdc0-04fffd0b7e48", "links": [{"href": "http://10.0.2.15:8774/d8af938014754cff84b500e3e9f36a00/images/18bfad08-b5e9-4a48-bdc0-04fffd0b7e48", "rel": "bookmark"}]}, "OS-EXT-STS:task_state": "spawning", "OS-EXT-STS:vm_state": "building", "OS-SRV-USG:launched_at": null, "flavor": {"id": "42", "links": [{"href": "http://10.0.2.15:8774/d8af938014754cff84b500e3e9f36a00/flavors/42", "rel": "bookmark"}]}, "id": "e20cd692-9bc9-4331-934a-26e47c97e221", "security_groups": [{"name": "tempest-secgroup-smoke-655119399"}], "OS-SRV-USG:terminated_at": null, "OS-EXT-AZ:availability_zone": "nova", "user_id": "de02d526d8c849299a9f75b2f68d2846", "name": "tempest.common.compute-instance-528899268", "created": "2016-01-05T01:21:07Z", "tenant_id": "d8af938014754cff84b500e3e9f36a00", "OS-DCF:diskConfig": "MANUAL", "os-extended-volumes:volumes_attached": [], "accessIPv4": "", "accessIPv6": "", "progress": 0, "OS-EXT-STS:power_state": 0, "config_drive": "", "metadata": {}}}
2016-01-05 01:21:12,066 24710 INFO     [tempest_lib.common.rest_client] Request (TestNetworkAdvancedServerOps:test_server_connectivity_pause_unpause): 200 GET http://10.0.2.15:8774/v2.1/d8af938014754cff84b500e3e9f36a00/servers/e20cd692-9bc9-4331-934a-26e47c97e221 0.225s
2016-01-05 01:21:12,067 24710 DEBUG    [tempest_lib.common.rest_client] Request - Headers: {'Content-Type': 'application/json', 'Accept': 'application/json', 'X-Auth-Token': '&lt;omitted&gt;'}
        Body: None
    Response - Headers: {'status': '200', 'content-length': '1660', 'content-location': 'http://10.0.2.15:8774/v2.1/d8af938014754cff84b500e3e9f36a00/servers/e20cd692-9bc9-4331-934a-26e47c97e221', 'x-compute-request-id': 'req-2d2290be-9552-476a-b5d3-cd6b24128e31', 'vary': 'X-OpenStack-Nova-API-Version', 'connection': 'close', 'x-openstack-nova-api-version': '2.1', 'date': 'Tue, 05 Jan 2016 01:21:12 GMT', 'content-type': 'application/json'}
        Body: {"server": {"status": "ACTIVE", "updated": "2016-01-05T01:21:11Z", "hostId": "f1d82f6535877d777a76deacb2705407cd1dec7cf0f4341086dc33c3", "addresses": {"tempest-network-smoke--708562025": [{"OS-EXT-IPS-MAC:mac_addr": "fa:16:3e:16:89:5f", "version": 4, "addr": "10.100.0.3", "OS-EXT-IPS:type": "fixed"}]}, "links": [{"href": "http://10.0.2.15:8774/v2.1/d8af938014754cff84b500e3e9f36a00/servers/e20cd692-9bc9-4331-934a-26e47c97e221", "rel": "self"}, {"href": "http://10.0.2.15:8774/d8af938014754cff84b500e3e9f36a00/servers/e20cd692-9bc9-4331-934a-26e47c97e221", "rel": "bookmark"}], "key_name": "tempest-TestNetworkAdvancedServerOps-1169410681", "image": {"id": "18bfad08-b5e9-4a48-bdc0-04fffd0b7e48", "links": [{"href": "http://10.0.2.15:8774/d8af938014754cff84b500e3e9f36a00/images/18bfad08-b5e9-4a48-bdc0-04fffd0b7e48", "rel": "bookmark"}]}, "OS-EXT-STS:task_state": null, "OS-EXT-STS:vm_state": "active", "OS-SRV-USG:launched_at": "2016-01-05T01:21:11.000000", "flavor": {"id": "42", "links": [{"href": "http://10.0.2.15:8774/d8af938014754cff84b500e3e9f36a00/flavors/42", "rel": "bookmark"}]}, "id": "e20cd692-9bc9-4331-934a-26e47c97e221", "security_groups": [{"name": "tempest-secgroup-smoke-655119399"}], "OS-SRV-USG:terminated_at": null, "OS-EXT-AZ:availability_zone": "nova", "user_id": "de02d526d8c849299a9f75b2f68d2846", "name": "tempest.common.compute-instance-528899268", "created": "2016-01-05T01:21:07Z", "tenant_id": "d8af938014754cff84b500e3e9f36a00", "OS-DCF:diskConfig": "MANUAL", "os-extended-volumes:volumes_attached": [], "accessIPv4": "", "accessIPv6": "", "progress": 0, "OS-EXT-STS:power_state": 1, "config_drive": "True", "metadata": {}}}
2016-01-05 01:21:12,075 24710 INFO     [tempest.common.waiters] State transition "BUILD/spawning" ==&gt; "ACTIVE/None" after 4 second wait
2016-01-05 01:21:12,313 24710 INFO     [tempest_lib.common.rest_client] Request (TestNetworkAdvancedServerOps:test_server_connectivity_pause_unpause): 200 GET http://10.0.2.15:8774/v2.1/d8af938014754cff84b500e3e9f36a00/servers/e20cd692-9bc9-4331-934a-26e47c97e221 0.237s
2016-01-05 01:21:12,314 24710 DEBUG    [tempest_lib.common.rest_client] Request - Headers: {'Content-Type': 'application/json', 'Accept': 'application/json', 'X-Auth-Token': '&lt;omitted&gt;'}
        Body: None
    Response - Headers: {'status': '200', 'content-length': '1660', 'content-location': 'http://10.0.2.15:8774/v2.1/d8af938014754cff84b500e3e9f36a00/servers/e20cd692-9bc9-4331-934a-26e47c97e221', 'x-compute-request-id': 'req-3c737a03-4b45-4758-a755-4ff18e54b60e', 'vary': 'X-OpenStack-Nova-API-Version', 'connection': 'close', 'x-openstack-nova-api-version': '2.1', 'date': 'Tue, 05 Jan 2016 01:21:12 GMT', 'content-type': 'application/json'}
        Body: {"server": {"status": "ACTIVE", "updated": "2016-01-05T01:21:11Z", "hostId": "f1d82f6535877d777a76deacb2705407cd1dec7cf0f4341086dc33c3", "addresses": {"tempest-network-smoke--708562025": [{"OS-EXT-IPS-MAC:mac_addr": "fa:16:3e:16:89:5f", "version": 4, "addr": "10.100.0.3", "OS-EXT-IPS:type": "fixed"}]}, "links": [{"href": "http://10.0.2.15:8774/v2.1/d8af938014754cff84b500e3e9f36a00/servers/e20cd692-9bc9-4331-934a-26e47c97e221", "rel": "self"}, {"href": "http://10.0.2.15:8774/d8af938014754cff84b500e3e9f36a00/servers/e20cd692-9bc9-4331-934a-26e47c97e221", "rel": "bookmark"}], "key_name": "tempest-TestNetworkAdvancedServerOps-1169410681", "image": {"id": "18bfad08-b5e9-4a48-bdc0-04fffd0b7e48", "links": [{"href": "http://10.0.2.15:8774/d8af938014754cff84b500e3e9f36a00/images/18bfad08-b5e9-4a48-bdc0-04fffd0b7e48", "rel": "bookmark"}]}, "OS-EXT-STS:task_state": null, "OS-EXT-STS:vm_state": "active", "OS-SRV-USG:launched_at": "2016-01-05T01:21:11.000000", "flavor": {"id": "42", "links": [{"href": "http://10.0.2.15:8774/d8af938014754cff84b500e3e9f36a00/flavors/42", "rel": "bookmark"}]}, "id": "e20cd692-9bc9-4331-934a-26e47c97e221", "security_groups": [{"name": "tempest-secgroup-smoke-655119399"}], "OS-SRV-USG:terminated_at": null, "OS-EXT-AZ:availability_zone": "nova", "user_id": "de02d526d8c849299a9f75b2f68d2846", "name": "tempest.common.compute-instance-528899268", "created": "2016-01-05T01:21:07Z", "tenant_id": "d8af938014754cff84b500e3e9f36a00", "OS-DCF:diskConfig": "MANUAL", "os-extended-volumes:volumes_attached": [], "accessIPv4": "", "accessIPv6": "", "progress": 0, "OS-EXT-STS:power_state": 1, "config_drive": "True", "metadata": {}}}
2016-01-05 01:21:12,472 24710 INFO     [tempest_lib.common.rest_client] Request (TestNetworkAdvancedServerOps:test_server_connectivity_pause_unpause): 200 GET http://10.0.2.15:9696/v2.0/ports?status=ACTIVE&amp;fixed_ip=None&amp;device_id=e20cd692-9bc9-4331-934a-26e47c97e221 0.149s
2016-01-05 01:21:12,473 24710 DEBUG    [tempest_lib.common.rest_client] Request - Headers: {'Content-Type': 'application/json', 'Accept': 'application/json', 'X-Auth-Token': '&lt;omitted&gt;'}
        Body: None
    Response - Headers: {'status': '200', 'content-length': '895', 'content-location': 'http://10.0.2.15:9696/v2.0/ports?status=ACTIVE&amp;fixed_ip=None&amp;device_id=e20cd692-9bc9-4331-934a-26e47c97e221', 'connection': 'close', 'date': 'Tue, 05 Jan 2016 01:21:12 GMT', 'content-type': 'application/json; charset=UTF-8', 'x-openstack-request-id': 'req-93ffbdde-edb6-4d3f-9990-5a32c43833f9'}
        Body: {"ports": [{"status": "ACTIVE", "binding:host_id": "vagrant-ubuntu-trusty-64", "allowed_address_pairs": [], "extra_dhcp_opts": [], "dns_assignment": [{"hostname": "host-10-100-0-3", "ip_address": "10.100.0.3", "fqdn": "host-10-100-0-3.openstacklocal."}], "device_owner": "compute:None", "port_security_enabled": true, "binding:profile": {}, "fixed_ips": [{"subnet_id": "71c5e066-2a95-4262-936d-70e9c3de120a", "ip_address": "10.100.0.3"}], "id": "9f676d4f-b16e-4ba4-9964-06439bbff96d", "security_groups": ["127575f0-5717-4850-858a-6a27507cefce"], "device_id": "e20cd692-9bc9-4331-934a-26e47c97e221", "name": "", "admin_state_up": true, "network_id": "7e6f04f0-58d1-4ab1-8597-1caeed4d5100", "dns_name": "", "binding:vif_details": {"port_filter": true}, "binding:vnic_type": "normal", "binding:vif_type": "ovs", "tenant_id": "d8af938014754cff84b500e3e9f36a00", "mac_address": "fa:16:3e:16:89:5f"}]}
2016-01-05 01:21:13,126 24710 INFO     [tempest_lib.common.rest_client] Request (TestNetworkAdvancedServerOps:test_server_connectivity_pause_unpause): 201 POST http://10.0.2.15:9696/v2.0/floatingips 0.652s
2016-01-05 01:21:13,127 24710 DEBUG    [tempest_lib.common.rest_client] Request - Headers: {'Content-Type': 'application/json', 'Accept': 'application/json', 'X-Auth-Token': '&lt;omitted&gt;'}
        Body: {"floatingip": {"floating_network_id": "78d1006d-d2c9-4c3e-9f37-fbaa09a19db2", "tenant_id": "d8af938014754cff84b500e3e9f36a00", "fixed_ip_address": "10.100.0.3", "port_id": "9f676d4f-b16e-4ba4-9964-06439bbff96d"}}
    Response - Headers: {'status': '201', 'content-length': '367', 'connection': 'close', 'date': 'Tue, 05 Jan 2016 01:21:13 GMT', 'content-type': 'application/json; charset=UTF-8', 'x-openstack-request-id': 'req-fc108a64-1bee-4d9f-904c-ae5381bc740f'}
        Body: {"floatingip": {"floating_network_id": "78d1006d-d2c9-4c3e-9f37-fbaa09a19db2", "router_id": "7ce8ae35-bad9-4486-897b-8e72bb03b96c", "fixed_ip_address": "10.100.0.3", "floating_ip_address": "172.24.4.4", "tenant_id": "d8af938014754cff84b500e3e9f36a00", "status": "DOWN", "port_id": "9f676d4f-b16e-4ba4-9964-06439bbff96d", "id": "375169a7-f235-4753-a8d9-15fc7a2f8022"}}
2016-01-05 01:21:13,535 24710 INFO     [tempest_lib.common.rest_client] Request (TestNetworkAdvancedServerOps:test_server_connectivity_pause_unpause): 200 GET http://10.0.2.15:8774/v2.1/d8af938014754cff84b500e3e9f36a00/servers/e20cd692-9bc9-4331-934a-26e47c97e221 0.407s
2016-01-05 01:21:13,535 24710 DEBUG    [tempest_lib.common.rest_client] Request - Headers: {'Content-Type': 'application/json', 'Accept': 'application/json', 'X-Auth-Token': '&lt;omitted&gt;'}
        Body: None
    Response - Headers: {'status': '200', 'content-length': '1660', 'content-location': 'http://10.0.2.15:8774/v2.1/d8af938014754cff84b500e3e9f36a00/servers/e20cd692-9bc9-4331-934a-26e47c97e221', 'x-compute-request-id': 'req-6d2c513e-62e0-482e-8a24-a235576007d6', 'vary': 'X-OpenStack-Nova-API-Version', 'connection': 'close', 'x-openstack-nova-api-version': '2.1', 'date': 'Tue, 05 Jan 2016 01:21:13 GMT', 'content-type': 'application/json'}
        Body: {"server": {"status": "ACTIVE", "updated": "2016-01-05T01:21:11Z", "hostId": "f1d82f6535877d777a76deacb2705407cd1dec7cf0f4341086dc33c3", "addresses": {"tempest-network-smoke--708562025": [{"OS-EXT-IPS-MAC:mac_addr": "fa:16:3e:16:89:5f", "version": 4, "addr": "10.100.0.3", "OS-EXT-IPS:type": "fixed"}]}, "links": [{"href": "http://10.0.2.15:8774/v2.1/d8af938014754cff84b500e3e9f36a00/servers/e20cd692-9bc9-4331-934a-26e47c97e221", "rel": "self"}, {"href": "http://10.0.2.15:8774/d8af938014754cff84b500e3e9f36a00/servers/e20cd692-9bc9-4331-934a-26e47c97e221", "rel": "bookmark"}], "key_name": "tempest-TestNetworkAdvancedServerOps-1169410681", "image": {"id": "18bfad08-b5e9-4a48-bdc0-04fffd0b7e48", "links": [{"href": "http://10.0.2.15:8774/d8af938014754cff84b500e3e9f36a00/images/18bfad08-b5e9-4a48-bdc0-04fffd0b7e48", "rel": "bookmark"}]}, "OS-EXT-STS:task_state": null, "OS-EXT-STS:vm_state": "active", "OS-SRV-USG:launched_at": "2016-01-05T01:21:11.000000", "flavor": {"id": "42", "links": [{"href": "http://10.0.2.15:8774/d8af938014754cff84b500e3e9f36a00/flavors/42", "rel": "bookmark"}]}, "id": "e20cd692-9bc9-4331-934a-26e47c97e221", "security_groups": [{"name": "tempest-secgroup-smoke-655119399"}], "OS-SRV-USG:terminated_at": null, "OS-EXT-AZ:availability_zone": "nova", "user_id": "de02d526d8c849299a9f75b2f68d2846", "name": "tempest.common.compute-instance-528899268", "created": "2016-01-05T01:21:07Z", "tenant_id": "d8af938014754cff84b500e3e9f36a00", "OS-DCF:diskConfig": "MANUAL", "os-extended-volumes:volumes_attached": [], "accessIPv4": "", "accessIPv6": "", "progress": 0, "OS-EXT-STS:power_state": 1, "config_drive": "True", "metadata": {}}}
2016-01-05 01:21:13,545 24710 INFO     [tempest.scenario.manager] Tenant networks not configured to be reachable.
2016-01-05 01:21:13,565 24710 INFO     [tempest_lib.common.rest_client] Request (TestNetworkAdvancedServerOps:test_server_connectivity_pause_unpause): 200 GET http://10.0.2.15:9696/v2.0/floatingips/375169a7-f235-4753-a8d9-15fc7a2f8022 0.019s
2016-01-05 01:21:13,566 24710 DEBUG    [tempest_lib.common.rest_client] Request - Headers: {'Content-Type': 'application/json', 'Accept': 'application/json', 'X-Auth-Token': '&lt;omitted&gt;'}
        Body: None
    Response - Headers: {'status': '200', 'content-length': '367', 'content-location': 'http://10.0.2.15:9696/v2.0/floatingips/375169a7-f235-4753-a8d9-15fc7a2f8022', 'connection': 'close', 'date': 'Tue, 05 Jan 2016 01:21:13 GMT', 'content-type': 'application/json; charset=UTF-8', 'x-openstack-request-id': 'req-0d1ea1e3-855c-4c26-812c-83fffab53b47'}
        Body: {"floatingip": {"floating_network_id": "78d1006d-d2c9-4c3e-9f37-fbaa09a19db2", "router_id": "7ce8ae35-bad9-4486-897b-8e72bb03b96c", "fixed_ip_address": "10.100.0.3", "floating_ip_address": "172.24.4.4", "tenant_id": "d8af938014754cff84b500e3e9f36a00", "status": "DOWN", "port_id": "9f676d4f-b16e-4ba4-9964-06439bbff96d", "id": "375169a7-f235-4753-a8d9-15fc7a2f8022"}}
2016-01-05 01:21:14,582 24710 INFO     [tempest_lib.common.rest_client] Request (TestNetworkAdvancedServerOps:test_server_connectivity_pause_unpause): 200 GET http://10.0.2.15:9696/v2.0/floatingips/375169a7-f235-4753-a8d9-15fc7a2f8022 0.015s
2016-01-05 01:21:14,583 24710 DEBUG    [tempest_lib.common.rest_client] Request - Headers: {'Content-Type': 'application/json', 'Accept': 'application/json', 'X-Auth-Token': '&lt;omitted&gt;'}
        Body: None
    Response - Headers: {'status': '200', 'content-length': '369', 'content-location': 'http://10.0.2.15:9696/v2.0/floatingips/375169a7-f235-4753-a8d9-15fc7a2f8022', 'connection': 'close', 'date': 'Tue, 05 Jan 2016 01:21:14 GMT', 'content-type': 'application/json; charset=UTF-8', 'x-openstack-request-id': 'req-d688f70e-2882-4e68-b745-93bae00824e2'}
        Body: {"floatingip": {"floating_network_id": "78d1006d-d2c9-4c3e-9f37-fbaa09a19db2", "router_id": "7ce8ae35-bad9-4486-897b-8e72bb03b96c", "fixed_ip_address": "10.100.0.3", "floating_ip_address": "172.24.4.4", "tenant_id": "d8af938014754cff84b500e3e9f36a00", "status": "ACTIVE", "port_id": "9f676d4f-b16e-4ba4-9964-06439bbff96d", "id": "375169a7-f235-4753-a8d9-15fc7a2f8022"}}
2016-01-05 01:21:14,583 24710 INFO     [tempest.scenario.manager] FloatingIP: &lt;"FloatingIP" addr="172.24.4.4" id="375169a7-f235-4753-a8d9-15fc7a2f8022"&gt; is at status: ACTIVE
2016-01-05 01:21:14,584 24710 DEBUG    [tempest.scenario.manager] checking network connections to IP 172.24.4.4 with user: cirros
2016-01-05 01:21:14,584 24710 DEBUG    [tempest.scenario.manager] TestNetworkAdvancedServerOps:test_server_connectivity_pause_unpause begins to ping 172.24.4.4 in 120 sec and the expected result is reachable
2016-01-05 01:23:14,831 24710 DEBUG    [tempest.scenario.manager] TestNetworkAdvancedServerOps:test_server_connectivity_pause_unpause finishes ping 172.24.4.4 in 120 sec and the ping result is unexpected
2016-01-05 01:23:14,832 24710 ERROR    [tempest.scenario.manager] Public network connectivity check failed
2016-01-05 01:23:14.832 24710 ERROR tempest.scenario.manager Traceback (most recent call last):
2016-01-05 01:23:14.832 24710 ERROR tempest.scenario.manager   File "tempest/scenario/manager.py", line 609, in check_public_network_connectivity
2016-01-05 01:23:14.832 24710 ERROR tempest.scenario.manager     should_connect=should_connect)
2016-01-05 01:23:14.832 24710 ERROR tempest.scenario.manager   File "tempest/scenario/manager.py", line 593, in check_vm_connectivity
2016-01-05 01:23:14.832 24710 ERROR tempest.scenario.manager     msg=msg)
2016-01-05 01:23:14.832 24710 ERROR tempest.scenario.manager   File "/usr/local/lib/python2.7/dist-packages/unittest2/case.py", line 702, in assertTrue
2016-01-05 01:23:14.832 24710 ERROR tempest.scenario.manager     raise self.failureException(msg)
2016-01-05 01:23:14.832 24710 ERROR tempest.scenario.manager AssertionError: False is not true : Timed out waiting for 172.24.4.4 to become reachable
2016-01-05 01:23:14.832 24710 ERROR tempest.scenario.manager 
2016-01-05 01:23:15,029 24710 INFO     [tempest_lib.common.rest_client] Request (TestNetworkAdvancedServerOps:test_server_connectivity_pause_unpause): 200 POST http://10.0.2.15:8774/v2.1/d8af938014754cff84b500e3e9f36a00/servers/e20cd692-9bc9-4331-934a-26e47c97e221/action 0.195s
2016-01-05 01:23:15,029 24710 DEBUG    [tempest_lib.common.rest_client] Request - Headers: {'Content-Type': 'application/json', 'Accept': 'application/json', 'X-Auth-Token': '&lt;omitted&gt;'}
        Body: {"os-getConsoleOutput": {}}
    Response - Headers: {'status': '200', 'content-length': '17428', 'x-compute-request-id': 'req-b2e04aa8-4c88-486b-b9a0-41ab09ecb615', 'vary': 'X-OpenStack-Nova-API-Version', 'connection': 'close', 'x-openstack-nova-api-version': '2.1', 'date': 'Tue, 05 Jan 2016 01:23:15 GMT', 'content-type': 'application/json'}
        Body: {"output": "[    0.000000] Initializing cgroup subsys cpuset\n[    0.000000] Initializing cgroup subsys cpu\n[    0.000000] Linux version 3.2.0-80-virtual (buildd@batsu) (gcc version 4.6.3 (Ubuntu/Linaro 4.6.3-1ubuntu5) ) #116-Ubuntu SMP Mon Mar 23 17:28:52 UTC 2015 (Ubuntu 3.2.0-80.116-virtual 3.2.68)\n[    0.000000] Command line: root=/dev/vda console=tty0 console=ttyS0 no_timer_check\n[    0.000000] KERNEL supported cpus:\n[    0.000000]   Intel GenuineIntel\n[    0.000000]   AMD AuthenticAMD\n[    0.000000]   Centaur CentaurHauls\n[    0.000000] BIOS-provided physical RAM map:\n[    0.000000]  BIOS-e820: 0000000000000000 - 000000000009fc00 (usable)\n[    0.000000]  BIOS-e820: 000000000009fc00 - 00000000000a0000 (reserved)\n[    0.000000]  BIOS-e820: 00000000000f0000 - 0000000000100000 (reserved)\n[    0.000000]  BIOS-e820: 0000000000100000 - 0000000003ffe000 (usable)\n[    0.000000]  BIOS-e820: 0000000003ffe000 - 0000000004000000 (reserved)\n[    0.000000]  BIOS-e820: 00000000fffc0000 - 0000000100000000 (reserved)\n[    0.000000] NX (Execute Disable) protection: active\n[    0.000000] SMBIOS 2.4 present.\n[    0.000000] No AGP bridge found\n[    0.000000] last_pfn = 0x3ffe max_arch_pfn = 0x400000000\n[    0.000000] x86 PAT enabled: cpu 0, old 0x7040600070406, new 0x7010600070106\n[    0.000000] found SMP MP-table at [ffff8800000f0b00] f0b00\n[    0.000000] init_memory_mapping: 0000000000000000-0000000003ffe000\n[    0.000000] RAMDISK: 03c5e000 - 03ff0000\n[    0.000000] ACPI: RSDP 00000000000f0950 00014 (v00 BOCHS )\n[    0.000000] ACPI: RSDT 0000000003fffbc1 00034 (v01 BOCHS  BXPCRSDT 00000001 BXPC 00000001)\n[    0.000000] ACPI: FACP 0000000003fff1c0 00074 (v01 BOCHS  BXPCFACP 00000001 BXPC 00000001)\n[    0.000000] ACPI: DSDT 0000000003ffe040 01180 (v01 BOCHS  BXPCDSDT 00000001 BXPC 00000001)\n[    0.000000] ACPI: FACS 0000000003ffe000 00040\n[    0.000000] ACPI: SSDT 0000000003fff234 008DD (v01 BOCHS  BXPCSSDT 00000001 BXPC 00000001)\n[    0.000000] ACPI: APIC 0000000003fffb11 00078 (v01 BOCHS  BXPCAPIC 00000001 BXPC 00000001)\n[    0.000000] ACPI: HPET 0000000003fffb89 00038 (v01 BOCHS  BXPCHPET 00000001 BXPC 00000001)\n[    0.000000] No NUMA configuration found\n[    0.000000] Faking a node at 0000000000000000-0000000003ffe000\n[    0.000000] Initmem setup node 0 0000000000000000-0000000003ffe000\n[    0.000000]   NODE_DATA [0000000003ff6000 - 0000000003ffafff]\n[    0.000000] Zone PFN ranges:\n[    0.000000]   DMA      0x00000010 -&gt; 0x00001000\n[    0.000000]   DMA32    0x00001000 -&gt; 0x00100000\n[    0.000000]   Normal   empty\n[    0.000000] Movable zone start PFN for each node\n[    0.000000] early_node_map[2] active PFN ranges\n[    0.000000]     0: 0x00000010 -&gt; 0x0000009f\n[    0.000000]     0: 0x00000100 -&gt; 0x00003ffe\n[    0.000000] ACPI: PM-Timer IO Port: 0xb008\n[    0.000000] ACPI: LAPIC (acpi_id[0x00] lapic_id[0x00] enabled)\n[    0.000000] ACPI: LAPIC_NMI (acpi_id[0xff] dfl dfl lint[0x1])\n[    0.000000] ACPI: IOAPIC (id[0x00] address[0xfec00000] gsi_base[0])\n[    0.000000] IOAPIC[0]: apic_id 0, version 17, address 0xfec00000, GSI 0-23\n[    0.000000] ACPI: INT_SRC_OVR (bus 0 bus_irq 0 global_irq 2 dfl dfl)\n[    0.000000] ACPI: INT_SRC_OVR (bus 0 bus_irq 5 global_irq 5 high level)\n[    0.000000] ACPI: INT_SRC_OVR (bus 0 bus_irq 9 global_irq 9 high level)\n[    0.000000] ACPI: INT_SRC_OVR (bus 0 bus_irq 10 global_irq 10 high level)\n[    0.000000] ACPI: INT_SRC_OVR (bus 0 bus_irq 11 global_irq 11 high level)\n[    0.000000] Using ACPI (MADT) for SMP configuration information\n[    0.000000] ACPI: HPET id: 0x8086a201 base: 0xfed00000\n[    0.000000] SMP: Allowing 1 CPUs, 0 hotplug CPUs\n[    0.000000] PM: Registered nosave memory: 000000000009f000 - 00000000000a0000\n[    0.000000] PM: Registered nosave memory: 00000000000a0000 - 00000000000f0000\n[    0.000000] PM: Registered nosave memory: 00000000000f0000 - 0000000000100000\n[    0.000000] Allocating PCI resources starting at 4000000 (gap: 4000000:fbfc0000)\n[    0.000000] Booting paravirtualized kernel on bare hardware\n[    0.000000] setup_pe
2016-01-05 01:23:15,032 24710 DEBUG    [tempest.scenario.manager] Console output for e20cd692-9bc9-4331-934a-26e47c97e221
body=
[    0.000000] Initializing cgroup subsys cpuset
[    0.000000] Initializing cgroup subsys cpu
[    0.000000] Linux version 3.2.0-80-virtual (buildd@batsu) (gcc version 4.6.3 (Ubuntu/Linaro 4.6.3-1ubuntu5) ) #116-Ubuntu SMP Mon Mar 23 17:28:52 UTC 2015 (Ubuntu 3.2.0-80.116-virtual 3.2.68)
[    0.000000] Command line: root=/dev/vda console=tty0 console=ttyS0 no_timer_check
[    0.000000] KERNEL supported cpus:
[    0.000000]   Intel GenuineIntel
[    0.000000]   AMD AuthenticAMD
[    0.000000]   Centaur CentaurHauls
[    0.000000] BIOS-provided physical RAM map:
[    0.000000]  BIOS-e820: 0000000000000000 - 000000000009fc00 (usable)
[    0.000000]  BIOS-e820: 000000000009fc00 - 00000000000a0000 (reserved)
[    0.000000]  BIOS-e820: 00000000000f0000 - 0000000000100000 (reserved)
[    0.000000]  BIOS-e820: 0000000000100000 - 0000000003ffe000 (usable)
[    0.000000]  BIOS-e820: 0000000003ffe000 - 0000000004000000 (reserved)
[    0.000000]  BIOS-e820: 00000000fffc0000 - 0000000100000000 (reserved)
[    0.000000] NX (Execute Disable) protection: active
[    0.000000] SMBIOS 2.4 present.
[    0.000000] No AGP bridge found
[    0.000000] last_pfn = 0x3ffe max_arch_pfn = 0x400000000
[    0.000000] x86 PAT enabled: cpu 0, old 0x7040600070406, new 0x7010600070106
[    0.000000] found SMP MP-table at [ffff8800000f0b00] f0b00
[    0.000000] init_memory_mapping: 0000000000000000-0000000003ffe000
[    0.000000] RAMDISK: 03c5e000 - 03ff0000
[    0.000000] ACPI: RSDP 00000000000f0950 00014 (v00 BOCHS )
[    0.000000] ACPI: RSDT 0000000003fffbc1 00034 (v01 BOCHS  BXPCRSDT 00000001 BXPC 00000001)
[    0.000000] ACPI: FACP 0000000003fff1c0 00074 (v01 BOCHS  BXPCFACP 00000001 BXPC 00000001)
[    0.000000] ACPI: DSDT 0000000003ffe040 01180 (v01 BOCHS  BXPCDSDT 00000001 BXPC 00000001)
[    0.000000] ACPI: FACS 0000000003ffe000 00040
[    0.000000] ACPI: SSDT 0000000003fff234 008DD (v01 BOCHS  BXPCSSDT 00000001 BXPC 00000001)
[    0.000000] ACPI: APIC 0000000003fffb11 00078 (v01 BOCHS  BXPCAPIC 00000001 BXPC 00000001)
[    0.000000] ACPI: HPET 0000000003fffb89 00038 (v01 BOCHS  BXPCHPET 00000001 BXPC 00000001)
[    0.000000] No NUMA configuration found
[    0.000000] Faking a node at 0000000000000000-0000000003ffe000
[    0.000000] Initmem setup node 0 0000000000000000-0000000003ffe000
[    0.000000]   NODE_DATA [0000000003ff6000 - 0000000003ffafff]
[    0.000000] Zone PFN ranges:
[    0.000000]   DMA      0x00000010 -&gt; 0x00001000
[    0.000000]   DMA32    0x00001000 -&gt; 0x00100000
[    0.000000]   Normal   empty
[    0.000000] Movable zone start PFN for each node
[    0.000000] early_node_map[2] active PFN ranges
[    0.000000]     0: 0x00000010 -&gt; 0x0000009f
[    0.000000]     0: 0x00000100 -&gt; 0x00003ffe
[    0.000000] ACPI: PM-Timer IO Port: 0xb008
[    0.000000] ACPI: LAPIC (acpi_id[0x00] lapic_id[0x00] enabled)
[    0.000000] ACPI: LAPIC_NMI (acpi_id[0xff] dfl dfl lint[0x1])
[    0.000000] ACPI: IOAPIC (id[0x00] address[0xfec00000] gsi_base[0])
[    0.000000] IOAPIC[0]: apic_id 0, version 17, address 0xfec00000, GSI 0-23
[    0.000000] ACPI: INT_SRC_OVR (bus 0 bus_irq 0 global_irq 2 dfl dfl)
[    0.000000] ACPI: INT_SRC_OVR (bus 0 bus_irq 5 global_irq 5 high level)
[    0.000000] ACPI: INT_SRC_OVR (bus 0 bus_irq 9 global_irq 9 high level)
[    0.000000] ACPI: INT_SRC_OVR (bus 0 bus_irq 10 global_irq 10 high level)
[    0.000000] ACPI: INT_SRC_OVR (bus 0 bus_irq 11 global_irq 11 high level)
[    0.000000] Using ACPI (MADT) for SMP configuration information
[    0.000000] ACPI: HPET id: 0x8086a201 base: 0xfed00000
[    0.000000] SMP: Allowing 1 CPUs, 0 hotplug CPUs
[    0.000000] PM: Registered nosave memory: 000000000009f000 - 00000000000a0000
[    0.000000] PM: Registered nosave memory: 00000000000a0000 - 00000000000f0000
[    0.000000] PM: Registered nosave memory: 00000000000f0000 - 0000000000100000
[    0.000000] Allocating PCI resources starting at 4000000 (gap: 4000000:fbfc0000)
[    0.000000] Booting paravirtualized kernel on bare hardware
[    0.000000] setup_percpu: NR_CPUS:64 nr_cpumask_bits:64 nr_cpu_ids:1 nr_node_ids:1
[    0.000000] PERCPU: Embedded 27 pages/cpu @ffff880003a00000 s78848 r8192 d23552 u2097152
[    0.000000] Built 1 zonelists in Node order, mobility grouping on.  Total pages: 16008
[    0.000000] Policy zone: DMA32
[    0.000000] Kernel command line: root=/dev/vda console=tty0 console=ttyS0 no_timer_check
[    0.000000] PID hash table entries: 256 (order: -1, 2048 bytes)
[    0.000000] Checking aperture...
[    0.000000] No AGP bridge found
[    0.000000] Memory: 43492k/65528k available (6576k kernel code, 452k absent, 21584k reserved, 6620k data, 928k init)
[    0.000000] SLUB: Genslabs=15, HWalign=64, Order=0-3, MinObjects=0, CPUs=1, Nodes=1
[    0.000000] Hierarchical RCU implementation.
[    0.000000] 	RCU dyntick-idle grace-period acceleration is enabled.
[    0.000000] NR_IRQS:4352 nr_irqs:256 16
[    0.000000] Console: colour VGA+ 80x25
[    0.000000] console [tty0] enabled
[    0.000000] console [ttyS0] enabled
[    0.000000] allocated 1048576 bytes of page_cgroup
[    0.000000] please try 'cgroup_disable=memory' option if you don't want memory cgroups
[    0.000000] Fast TSC calibration failed
[    0.000000] TSC: Unable to calibrate against PIT
[    0.000000] TSC: using HPET reference calibration
[    0.000000] Detected 2291.621 MHz processor.
[    0.037703] Calibrating delay loop (skipped), value calculated using timer frequency.. 4583.24 BogoMIPS (lpj=9166484)
[    0.039792] pid_max: default: 32768 minimum: 301
[    0.046972] Security Framework initialized
[    0.053731] AppArmor: AppArmor initialized
[    0.054475] Yama: becoming mindful.
[    0.062775] Dentry cache hash table entries: 8192 (order: 4, 65536 bytes)
[    0.064353] Inode-cache hash table entries: 4096 (order: 3, 32768 bytes)
[    0.065945] Mount-cache hash table entries: 256
[    0.089458] Initializing cgroup subsys cpuacct
[    0.090296] Initializing cgroup subsys memory
[    0.092504] Initializing cgroup subsys devices
[    0.093289] Initializing cgroup subsys freezer
[    0.093925] Initializing cgroup subsys blkio
[    0.096162] Initializing cgroup subsys perf_event
[    0.100881] mce: CPU supports 10 MCE banks
[    0.104257] SMP alternatives: switching to UP code
[    0.529797] Freeing SMP alternatives: 24k freed
[    0.531932] ACPI: Core revision 20110623
[    0.590684] ftrace: allocating 26610 entries in 105 pages
[    0.629089] ..TIMER: vector=0x30 apic1=0 pin1=2 apic2=-1 pin2=-1
[    0.630680] CPU0: AMD QEMU Virtual CPU version 2.0.0 stepping 03
[    0.636039] Performance Events: Broken PMU hardware detected, using software events only.
[    0.645249] NMI watchdog disabled (cpu0): hardware events not enabled
[    0.646916] Brought up 1 CPUs
[    0.648193] Total of 1 processors activated (4583.24 BogoMIPS).
[    0.674250] devtmpfs: initialized
[    0.716178] EVM: security.selinux
[    0.716769] EVM: security.SMACK64
[    0.717189] EVM: security.capability
[    0.738058] print_constraints: dummy: 
[    0.741017] RTC time:  1:21:15, date: 01/05/16
[    0.744298] NET: Registered protocol family 16
[    0.752922] ACPI: bus type pci registered
[    0.756622] PCI: Using configuration type 1 for base access
[    0.790044] bio: create slab &lt;bio-0&gt; at 0
[    0.794853] ACPI: Added _OSI(Module Device)
[    0.796137] ACPI: Added _OSI(Processor Device)
[    0.796819] ACPI: Added _OSI(3.0 _SCP Extensions)
[    0.797324] ACPI: Added _OSI(Processor Aggregator Device)
[    0.876635] ACPI: Interpreter enabled
[    0.877455] ACPI: (supports S0 S3 S4 S5)
[    0.881989] ACPI: Using IOAPIC for interrupt routing
[    0.964642] ACPI: No dock devices found.
[    0.966042] HEST: Table not found.
[    0.967208] PCI: Using host bridge windows from ACPI; if necessary, use "pci=nocrs" and report a bug
[    0.976060] ACPI: PCI Root Bridge [PCI0] (domain 0000 [bus 00-ff])
[    0.982497] pci_root PNP0A03:00: host bridge window [io  0x0000-0x0cf7]
[    0.984161] pci_root PNP0A03:00: host bridge window [io  0x0d00-0xadff]
[    0.985030] pci_root PNP0A03:00: host bridge window [io  0xae0f-0xaeff]
[    0.985991] pci_root PNP0A03:00: host bridge window [io  0xaf20-0xafdf]
[    0.986979] pci_root PNP0A03:00: host bridge window [io  0xafe4-0xffff]
[    0.988367] pci_root PNP0A03:00: host bridge window [mem 0x000a0000-0x000bffff]
[    0.989311] pci_root PNP0A03:00: host bridge window [mem 0x04000000-0xfebfffff]
[    1.013909] pci 0000:00:01.3: quirk: [io  0xb000-0xb03f] claimed by PIIX4 ACPI
[    1.016170] pci 0000:00:01.3: quirk: [io  0xb100-0xb10f] claimed by PIIX4 SMB
[    1.088518]  pci0000:00: Unable to request _OSC control (_OSC support mask: 0x1e)
[    1.148408] ACPI: PCI Interrupt Link [LNKA] (IRQs 5 *10 11)
[    1.149974] ACPI: PCI Interrupt Link [LNKB] (IRQs 5 *10 11)
[    1.152366] ACPI: PCI Interrupt Link [LNKC] (IRQs 5 10 *11)
[    1.154341] ACPI: PCI Interrupt Link [LNKD] (IRQs 5 10 *11)
[    1.156559] ACPI: PCI Interrupt Link [LNKS] (IRQs *9)
[    1.163299] vgaarb: device added: PCI:0000:00:02.0,decodes=io+mem,owns=io+mem,locks=none
[    1.164192] vgaarb: loaded
[    1.164655] vgaarb: bridge control possible 0000:00:02.0
[    1.170052] i2c-core: driver [aat2870] using legacy suspend method
[    1.170896] i2c-core: driver [aat2870] using legacy resume method
[    1.174206] SCSI subsystem initialized
[    1.179027] usbcore: registered new interface driver usbfs
[    1.180651] usbcore: registered new interface driver hub
[    1.181883] usbcore: registered new device driver usb
[    1.187004] PCI: Using ACPI for IRQ routing
[    1.205814] NetLabel: Initializing
[    1.206367] NetLabel:  domain hash size = 128
[    1.206854] NetLabel:  protocols = UNLABELED CIPSOv4
[    1.209363] NetLabel:  unlabeled traffic allowed by default
[    1.212196] HPET: 3 timers in total, 0 timers will be used for per-cpu timer
[    1.213309] hpet0: at MMIO 0xfed00000, IRQs 2, 8, 0
[    1.214282] hpet0: 3 comparators, 64-bit 100.000000 MHz counter
[    1.233044] Switching to clocksource hpet
[    1.502306] AppArmor: AppArmor Filesystem Enabled
[    1.504667] pnp: PnP ACPI init
[    1.505663] ACPI: bus type pnp registered
[    1.527397] pnp: PnP ACPI: found 9 devices
[    1.527934] ACPI: ACPI bus type pnp unregistered
[    1.590768] NET: Registered protocol family 2
[    1.626689] IP route cache hash table entries: 512 (order: 0, 4096 bytes)
[    1.636108] TCP established hash table entries: 2048 (order: 3, 32768 bytes)
[    1.638435] TCP bind hash table entries: 2048 (order: 3, 32768 bytes)
[    1.639712] TCP: Hash tables configured (established 2048 bind 2048)
[    1.641845] TCP reno registered
[    1.643467] UDP hash table entries: 128 (order: 0, 4096 bytes)
[    1.646780] UDP-Lite hash table entries: 128 (order: 0, 4096 bytes)
[    1.652193] NET: Registered protocol family 1
[    1.655438] pci 0000:00:00.0: Limiting direct PCI/PCI transfers
[    1.656206] pci 0000:00:01.0: PIIX3: Enabling Passive Release
[    1.657886] pci 0000:00:01.0: Activating ISA DMA hang workarounds
[    1.663040] ACPI: PCI Interrupt Link [LNKD] enabled at IRQ 11
[    1.664061] pci 0000:00:01.2: PCI INT D -&gt; Link[LNKD] -&gt; GSI 11 (level, high) -&gt; IRQ 11
[    1.667061] pci 0000:00:01.2: PCI INT D disabled
[    1.694764] Trying to unpack rootfs image as initramfs...
[    1.722533] audit: initializing netlink socket (disabled)
[    1.725991] type=2000 audit(1451956875.724:1): initialized
[    2.015254] HugeTLB registered 2 MB page size, pre-allocated 0 pages
[    2.139436] VFS: Disk quotas dquot_6.5.2
[    2.141706] Dquot-cache hash table entries: 512 (order 0, 4096 bytes)
[    2.164226] fuse init (API version 7.17)
[    2.175017] msgmni has been set to 84
[    2.215566] Block layer SCSI generic (bsg) driver version 0.4 loaded (major 253)
[    2.225912] io scheduler noop registered
[    2.226492] io scheduler deadline registered (default)
[    2.228063] io scheduler cfq registered
[    2.233441] pci_hotplug: PCI Hot Plug PCI Core version: 0.5
[    2.235096] pciehp: PCI Express Hot Plug Controller Driver version: 0.4
[    2.242410] input: Power Button as /devices/LNXSYSTM:00/LNXPWRBN:00/input/input0
[    2.244000] ACPI: Power Button [PWRF]
[    2.295238] ERST: Table is not found!
[    2.295924] GHES: HEST is not enabled!
[    2.307615] ACPI: PCI Interrupt Link [LNKC] enabled at IRQ 10
[    2.309508] virtio-pci 0000:00:03.0: PCI INT A -&gt; Link[LNKC] -&gt; GSI 10 (level, high) -&gt; IRQ 10
[    2.313314] virtio-pci 0000:00:04.0: PCI INT A -&gt; Link[LNKD] -&gt; GSI 11 (level, high) -&gt; IRQ 11
[    2.330784] ACPI: PCI Interrupt Link [LNKA] enabled at IRQ 10
[    2.331424] virtio-pci 0000:00:05.0: PCI INT A -&gt; Link[LNKA] -&gt; GSI 10 (level, high) -&gt; IRQ 10
[    2.341499] Serial: 8250/16550 driver, 32 ports, IRQ sharing enabled
[    2.383243] serial8250: ttyS0 at I/O 0x3f8 (irq = 4) is a 16550A
[    2.462423] serial8250: ttyS1 at I/O 0x2f8 (irq = 3) is a 16550A
[    2.593792] 00:05: ttyS0 at I/O 0x3f8 (irq = 4) is a 16550A
[    2.665429] 00:06: ttyS1 at I/O 0x2f8 (irq = 3) is a 16550A
[    2.674818] Refined TSC clocksource calibration: 2291.783 MHz.
[    2.675547] Switching to clocksource tsc
[    2.715616] Linux agpgart interface v0.103
[    2.792086] brd: module loaded
[    2.827377] loop: module loaded
[    2.878502]  vda: unknown partition table
[    2.934920] scsi0 : ata_piix
[    2.939981] scsi1 : ata_piix
[    2.942989] ata1: PATA max MWDMA2 cmd 0x1f0 ctl 0x3f6 bmdma 0xc0a0 irq 14
[    2.943848] ata2: PATA max MWDMA2 cmd 0x170 ctl 0x376 bmdma 0xc0a8 irq 15
[    2.954677] Fixed MDIO Bus: probed
[    2.955493] tun: Universal TUN/TAP device driver, 1.6
[    2.956056] tun: (C) 1999-2004 Max Krasnyansky &lt;maxk@qualcomm.com&gt;
[    2.973379] PPP generic driver version 2.4.2
[    2.999912] ehci_hcd: USB 2.0 'Enhanced' Host Controller (EHCI) Driver
[    3.001879] ohci_hcd: USB 1.1 'Open' Host Controller (OHCI) Driver
[    3.002979] uhci_hcd: USB Universal Host Controller Interface driver
[    3.004204] uhci_hcd 0000:00:01.2: PCI INT D -&gt; Link[LNKD] -&gt; GSI 11 (level, high) -&gt; IRQ 11
[    3.007716] uhci_hcd 0000:00:01.2: UHCI Host Controller
[    3.017630] uhci_hcd 0000:00:01.2: new USB bus registered, assigned bus number 1
[    3.019213] uhci_hcd 0000:00:01.2: irq 11, io base 0x0000c040
[    3.061456] hub 1-0:1.0: USB hub found
[    3.064736] hub 1-0:1.0: 2 ports detected
[    3.071948] usbcore: registered new interface driver libusual
[    3.078357] i8042: PNP: PS/2 Controller [PNP0303:KBD,PNP0f13:MOU] at 0x60,0x64 irq 1,12
[    3.095539] serio: i8042 KBD port at 0x60,0x64 irq 1
[    3.097293] serio: i8042 AUX port at 0x60,0x64 irq 12
[    3.175449] mousedev: PS/2 mouse device common for all mice
[    3.185240] input: AT Translated Set 2 keyboard as /devices/platform/i8042/serio0/input/input1
[    3.190492] rtc_cmos 00:01: RTC can wake from S4
[    3.204443] ata2.01: ATAPI: QEMU DVD-ROM, 2.0.0, max UDMA/100
[    3.208713] rtc_cmos 00:01: rtc core: registered rtc_cmos as rtc0
[    3.215397] rtc0: alarms up to one day, 114 bytes nvram, hpet irqs
[    3.220007] device-mapper: uevent: version 1.0.3
[    3.239655] ata2.01: configured for MWDMA2
[    3.277449] device-mapper: ioctl: 4.22.0-ioctl (2011-10-19) initialised: dm-devel@redhat.com
[    3.281213] cpuidle: using governor ladder
[    3.282840] cpuidle: using governor menu
[    3.283791] EFI Variables Facility v0.08 2004-May-17
[    3.294411] TCP cubic registered
[    3.301677] NET: Registered protocol family 10
[    3.339578] NET: Registered protocol family 17
[    3.341055] Registering the dns_resolver key type
[    3.348030] scsi 1:0:1:0: CD-ROM            QEMU     QEMU DVD-ROM     2.0. PQ: 0 ANSI: 5
[    3.374047] sr0: scsi3-mmc drive: 4x/4x cd/rw xa/form2 tray
[    3.375754] cdrom: Uniform CD-ROM driver Revision: 3.20
[    3.395517] sr 1:0:1:0: Attached scsi generic sg0 type 5
[    3.475241] Freeing initrd memory: 3656k freed
[    3.499289] registered taskstats version 1
[    3.980117]   Magic number: 0:269:356
[    3.997813] rtc_cmos 00:01: setting system clock to 2016-01-05 01:21:18 UTC (1451956878)
[    4.000843] powernow-k8: Processor cpuid 663 not supported
[    4.012179] BIOS EDD facility v0.16 2004-Jun-25, 0 devices found
[    4.014177] EDD information not available.
[    4.095676] Freeing unused kernel memory: 928k freed
[    4.099878] Write protecting the kernel read-only data: 12288k
[    4.193679] Freeing unused kernel memory: 1596k freed
[    4.250541] Freeing unused kernel memory: 1184k freed

info: initramfs: up at 4.41
modprobe: module virtio_blk not found in modules.dep
modprobe: module virtio_net not found in modules.dep
info: copying initramfs to /dev/vda
info: initramfs loading root from /dev/vda
info: /etc/init.d/rc.sysinit: up at 9.10
info: container: none
Starting logging: OK
modprobe: module virtio_blk not found in modules.dep
modprobe: module virtio_net not found in modules.dep
WARN: /etc/rc3.d/S10-load-modules failed
Initializing random number generator... done.
Starting acpid: OK
cirros-ds 'local' up at 11.67
found datasource (configdrive, local)
Starting network...
udhcpc (v1.20.1) started
Sending discover...
Sending discover...

2016-01-05 01:23:15,331 24710 INFO     [tempest_lib.common.rest_client] Request (TestNetworkAdvancedServerOps:_run_cleanups): 204 DELETE http://10.0.2.15:9696/v2.0/floatingips/375169a7-f235-4753-a8d9-15fc7a2f8022 0.293s
2016-01-05 01:23:15,331 24710 DEBUG    [tempest_lib.common.rest_client] Request - Headers: {'Content-Type': 'application/json', 'Accept': 'application/json', 'X-Auth-Token': '&lt;omitted&gt;'}
        Body: None
    Response - Headers: {'date': 'Tue, 05 Jan 2016 01:23:15 GMT', 'status': '204', 'connection': 'close', 'content-length': '0', 'x-openstack-request-id': 'req-312ffc6d-fe62-48ae-85ab-383338257635'}
        Body: 
2016-01-05 01:23:15,675 24710 INFO     [tempest_lib.common.rest_client] Request (TestNetworkAdvancedServerOps:_run_cleanups): 204 DELETE http://10.0.2.15:8774/v2.1/d8af938014754cff84b500e3e9f36a00/servers/e20cd692-9bc9-4331-934a-26e47c97e221 0.343s
2016-01-05 01:23:15,675 24710 DEBUG    [tempest_lib.common.rest_client] Request - Headers: {'Content-Type': 'application/json', 'Accept': 'application/json', 'X-Auth-Token': '&lt;omitted&gt;'}
        Body: None
    Response - Headers: {'status': '204', 'content-length': '0', 'x-compute-request-id': 'req-ddf70652-daa3-44bd-bac8-27aef6968339', 'vary': 'X-OpenStack-Nova-API-Version', 'connection': 'close', 'x-openstack-nova-api-version': '2.1', 'date': 'Tue, 05 Jan 2016 01:23:15 GMT', 'content-type': 'application/json'}
        Body: 
2016-01-05 01:23:15,900 24710 INFO     [tempest_lib.common.rest_client] Request (TestNetworkAdvancedServerOps:_run_cleanups): 200 GET http://10.0.2.15:8774/v2.1/d8af938014754cff84b500e3e9f36a00/servers/e20cd692-9bc9-4331-934a-26e47c97e221 0.223s
2016-01-05 01:23:15,900 24710 DEBUG    [tempest_lib.common.rest_client] Request - Headers: {'Content-Type': 'application/json', 'Accept': 'application/json', 'X-Auth-Token': '&lt;omitted&gt;'}
        Body: None
    Response - Headers: {'status': '200', 'content-length': '1783', 'content-location': 'http://10.0.2.15:8774/v2.1/d8af938014754cff84b500e3e9f36a00/servers/e20cd692-9bc9-4331-934a-26e47c97e221', 'x-compute-request-id': 'req-4e5910c7-05e6-4fc7-8952-ac0e67f9f5fb', 'vary': 'X-OpenStack-Nova-API-Version', 'connection': 'close', 'x-openstack-nova-api-version': '2.1', 'date': 'Tue, 05 Jan 2016 01:23:15 GMT', 'content-type': 'application/json'}
        Body: {"server": {"status": "ACTIVE", "updated": "2016-01-05T01:23:15Z", "hostId": "f1d82f6535877d777a76deacb2705407cd1dec7cf0f4341086dc33c3", "addresses": {"tempest-network-smoke--708562025": [{"OS-EXT-IPS-MAC:mac_addr": "fa:16:3e:16:89:5f", "version": 4, "addr": "10.100.0.3", "OS-EXT-IPS:type": "fixed"}, {"OS-EXT-IPS-MAC:mac_addr": "fa:16:3e:16:89:5f", "version": 4, "addr": "172.24.4.4", "OS-EXT-IPS:type": "floating"}]}, "links": [{"href": "http://10.0.2.15:8774/v2.1/d8af938014754cff84b500e3e9f36a00/servers/e20cd692-9bc9-4331-934a-26e47c97e221", "rel": "self"}, {"href": "http://10.0.2.15:8774/d8af938014754cff84b500e3e9f36a00/servers/e20cd692-9bc9-4331-934a-26e47c97e221", "rel": "bookmark"}], "key_name": "tempest-TestNetworkAdvancedServerOps-1169410681", "image": {"id": "18bfad08-b5e9-4a48-bdc0-04fffd0b7e48", "links": [{"href": "http://10.0.2.15:8774/d8af938014754cff84b500e3e9f36a00/images/18bfad08-b5e9-4a48-bdc0-04fffd0b7e48", "rel": "bookmark"}]}, "OS-EXT-STS:task_state": "deleting", "OS-EXT-STS:vm_state": "active", "OS-SRV-USG:launched_at": "2016-01-05T01:21:11.000000", "flavor": {"id": "42", "links": [{"href": "http://10.0.2.15:8774/d8af938014754cff84b500e3e9f36a00/flavors/42", "rel": "bookmark"}]}, "id": "e20cd692-9bc9-4331-934a-26e47c97e221", "security_groups": [{"name": "tempest-secgroup-smoke-655119399"}], "OS-SRV-USG:terminated_at": null, "OS-EXT-AZ:availability_zone": "nova", "user_id": "de02d526d8c849299a9f75b2f68d2846", "name": "tempest.common.compute-instance-528899268", "created": "2016-01-05T01:21:07Z", "tenant_id": "d8af938014754cff84b500e3e9f36a00", "OS-DCF:diskConfig": "MANUAL", "os-extended-volumes:volumes_attached": [], "accessIPv4": "", "accessIPv6": "", "progress": 0, "OS-EXT-STS:power_state": 1, "config_drive": "True", "metadata": {}}}
2016-01-05 01:23:17,044 24710 INFO     [tempest_lib.common.rest_client] Request (TestNetworkAdvancedServerOps:_run_cleanups): 200 GET http://10.0.2.15:8774/v2.1/d8af938014754cff84b500e3e9f36a00/servers/e20cd692-9bc9-4331-934a-26e47c97e221 0.128s
2016-01-05 01:23:17,045 24710 DEBUG    [tempest_lib.common.rest_client] Request - Headers: {'Content-Type': 'application/json', 'Accept': 'application/json', 'X-Auth-Token': '&lt;omitted&gt;'}
        Body: None
    Response - Headers: {'status': '200', 'content-length': '1449', 'content-location': 'http://10.0.2.15:8774/v2.1/d8af938014754cff84b500e3e9f36a00/servers/e20cd692-9bc9-4331-934a-26e47c97e221', 'x-compute-request-id': 'req-f4106d2d-6477-40cc-8135-c007c5ae4922', 'vary': 'X-OpenStack-Nova-API-Version', 'connection': 'close', 'x-openstack-nova-api-version': '2.1', 'date': 'Tue, 05 Jan 2016 01:23:17 GMT', 'content-type': 'application/json'}
        Body: {"server": {"status": "ACTIVE", "updated": "2016-01-05T01:23:16Z", "hostId": "f1d82f6535877d777a76deacb2705407cd1dec7cf0f4341086dc33c3", "addresses": {}, "links": [{"href": "http://10.0.2.15:8774/v2.1/d8af938014754cff84b500e3e9f36a00/servers/e20cd692-9bc9-4331-934a-26e47c97e221", "rel": "self"}, {"href": "http://10.0.2.15:8774/d8af938014754cff84b500e3e9f36a00/servers/e20cd692-9bc9-4331-934a-26e47c97e221", "rel": "bookmark"}], "key_name": "tempest-TestNetworkAdvancedServerOps-1169410681", "image": {"id": "18bfad08-b5e9-4a48-bdc0-04fffd0b7e48", "links": [{"href": "http://10.0.2.15:8774/d8af938014754cff84b500e3e9f36a00/images/18bfad08-b5e9-4a48-bdc0-04fffd0b7e48", "rel": "bookmark"}]}, "OS-EXT-STS:task_state": "deleting", "OS-EXT-STS:vm_state": "active", "OS-SRV-USG:launched_at": "2016-01-05T01:21:11.000000", "flavor": {"id": "42", "links": [{"href": "http://10.0.2.15:8774/d8af938014754cff84b500e3e9f36a00/flavors/42", "rel": "bookmark"}]}, "id": "e20cd692-9bc9-4331-934a-26e47c97e221", "OS-SRV-USG:terminated_at": null, "OS-EXT-AZ:availability_zone": "nova", "user_id": "de02d526d8c849299a9f75b2f68d2846", "name": "tempest.common.compute-instance-528899268", "created": "2016-01-05T01:21:07Z", "tenant_id": "d8af938014754cff84b500e3e9f36a00", "OS-DCF:diskConfig": "MANUAL", "os-extended-volumes:volumes_attached": [], "accessIPv4": "", "accessIPv6": "", "progress": 0, "OS-EXT-STS:power_state": 1, "config_drive": "True", "metadata": {}}}
2016-01-05 01:23:18,154 24710 INFO     [tempest_lib.common.rest_client] Request (TestNetworkAdvancedServerOps:_run_cleanups): 404 GET http://10.0.2.15:8774/v2.1/d8af938014754cff84b500e3e9f36a00/servers/e20cd692-9bc9-4331-934a-26e47c97e221 0.090s
2016-01-05 01:23:18,155 24710 DEBUG    [tempest_lib.common.rest_client] Request - Headers: {'Content-Type': 'application/json', 'Accept': 'application/json', 'X-Auth-Token': '&lt;omitted&gt;'}
        Body: None
    Response - Headers: {'status': '404', 'content-length': '111', 'x-compute-request-id': 'req-efe10402-f266-48ca-8622-dedabae8e857', 'vary': 'X-OpenStack-Nova-API-Version', 'connection': 'close', 'x-openstack-nova-api-version': '2.1', 'date': 'Tue, 05 Jan 2016 01:23:18 GMT', 'content-type': 'application/json; charset=UTF-8'}
        Body: {"itemNotFound": {"message": "Instance e20cd692-9bc9-4331-934a-26e47c97e221 could not be found.", "code": 404}}
2016-01-05 01:23:18,600 24710 INFO     [tempest_lib.common.rest_client] Request (TestNetworkAdvancedServerOps:_run_cleanups): 200 PUT http://10.0.2.15:9696/v2.0/routers/7ce8ae35-bad9-4486-897b-8e72bb03b96c/remove_router_interface 0.444s
2016-01-05 01:23:18,600 24710 DEBUG    [tempest_lib.common.rest_client] Request - Headers: {'Content-Type': 'application/json', 'Accept': 'application/json', 'X-Auth-Token': '&lt;omitted&gt;'}
        Body: {"subnet_id": "71c5e066-2a95-4262-936d-70e9c3de120a"}
    Response - Headers: {'status': '200', 'content-length': '255', 'connection': 'close', 'date': 'Tue, 05 Jan 2016 01:23:18 GMT', 'content-type': 'application/json; charset=UTF-8', 'x-openstack-request-id': 'req-bd10acfe-29d9-41e5-ab5e-4df0c50a2f88'}
        Body: {"subnet_id": "71c5e066-2a95-4262-936d-70e9c3de120a", "tenant_id": "d8af938014754cff84b500e3e9f36a00", "subnet_ids": ["71c5e066-2a95-4262-936d-70e9c3de120a"], "port_id": "e7b6f766-9afa-46b2-b3b9-25417f444e80", "id": "7ce8ae35-bad9-4486-897b-8e72bb03b96c"}
2016-01-05 01:23:19,107 24710 INFO     [tempest_lib.common.rest_client] Request (TestNetworkAdvancedServerOps:_run_cleanups): 204 DELETE http://10.0.2.15:9696/v2.0/subnets/71c5e066-2a95-4262-936d-70e9c3de120a 0.505s
2016-01-05 01:23:19,107 24710 DEBUG    [tempest_lib.common.rest_client] Request - Headers: {'Content-Type': 'application/json', 'Accept': 'application/json', 'X-Auth-Token': '&lt;omitted&gt;'}
        Body: None
    Response - Headers: {'date': 'Tue, 05 Jan 2016 01:23:19 GMT', 'status': '204', 'connection': 'close', 'content-length': '0', 'x-openstack-request-id': 'req-225067d0-5de8-4e0b-bc11-ccede5f729f5'}
        Body: 
2016-01-05 01:23:19,160 24710 INFO     [tempest_lib.common.rest_client] Request (TestNetworkAdvancedServerOps:_run_cleanups): 200 GET http://10.0.2.15:9696/v2.0/routers/7ce8ae35-bad9-4486-897b-8e72bb03b96c 0.052s
2016-01-05 01:23:19,160 24710 DEBUG    [tempest_lib.common.rest_client] Request - Headers: {'Content-Type': 'application/json', 'Accept': 'application/json', 'X-Auth-Token': '&lt;omitted&gt;'}
        Body: None
    Response - Headers: {'status': '200', 'content-length': '563', 'content-location': 'http://10.0.2.15:9696/v2.0/routers/7ce8ae35-bad9-4486-897b-8e72bb03b96c', 'connection': 'close', 'date': 'Tue, 05 Jan 2016 01:23:19 GMT', 'content-type': 'application/json; charset=UTF-8', 'x-openstack-request-id': 'req-868ecc25-bf45-450e-ad18-6bddefeda42c'}
        Body: {"router": {"status": "ACTIVE", "external_gateway_info": {"network_id": "78d1006d-d2c9-4c3e-9f37-fbaa09a19db2", "enable_snat": true, "external_fixed_ips": [{"subnet_id": "d711eeb5-92cf-41f5-acc9-13bb4f361e2b", "ip_address": "172.24.4.3"}, {"subnet_id": "97f511b4-add3-4301-9a27-1635d256fd4b", "ip_address": "2001:db8::3"}]}, "availability_zone_hints": [], "availability_zones": ["nova"], "name": "tempest-router-smoke-153425615", "admin_state_up": true, "tenant_id": "d8af938014754cff84b500e3e9f36a00", "routes": [], "id": "7ce8ae35-bad9-4486-897b-8e72bb03b96c"}}
2016-01-05 01:23:19,582 24710 INFO     [tempest_lib.common.rest_client] Request (TestNetworkAdvancedServerOps:_run_cleanups): 200 PUT http://10.0.2.15:9696/v2.0/routers/7ce8ae35-bad9-4486-897b-8e72bb03b96c 0.420s
2016-01-05 01:23:19,582 24710 DEBUG    [tempest_lib.common.rest_client] Request - Headers: {'Content-Type': 'application/json', 'Accept': 'application/json', 'X-Auth-Token': '&lt;omitted&gt;'}
        Body: {"router": {"external_gateway_info": {}, "name": "tempest-router-smoke-153425615", "admin_state_up": true}}
    Response - Headers: {'status': '200', 'content-length': '301', 'connection': 'close', 'date': 'Tue, 05 Jan 2016 01:23:19 GMT', 'content-type': 'application/json; charset=UTF-8', 'x-openstack-request-id': 'req-90d5f6f8-e8e5-4181-ab45-274214221c86'}
        Body: {"router": {"status": "ACTIVE", "external_gateway_info": null, "availability_zone_hints": [], "availability_zones": ["nova"], "name": "tempest-router-smoke-153425615", "admin_state_up": true, "tenant_id": "d8af938014754cff84b500e3e9f36a00", "routes": [], "id": "7ce8ae35-bad9-4486-897b-8e72bb03b96c"}}
2016-01-05 01:23:19,817 24710 INFO     [tempest_lib.common.rest_client] Request (TestNetworkAdvancedServerOps:_run_cleanups): 204 DELETE http://10.0.2.15:9696/v2.0/routers/7ce8ae35-bad9-4486-897b-8e72bb03b96c 0.233s
2016-01-05 01:23:19,817 24710 DEBUG    [tempest_lib.common.rest_client] Request - Headers: {'Content-Type': 'application/json', 'Accept': 'application/json', 'X-Auth-Token': '&lt;omitted&gt;'}
        Body: None
    Response - Headers: {'date': 'Tue, 05 Jan 2016 01:23:19 GMT', 'status': '204', 'connection': 'close', 'content-length': '0', 'x-openstack-request-id': 'req-dc269f5b-c2c8-4f0e-b288-1364bc71ff2b'}
        Body: 
2016-01-05 01:23:20,030 24710 INFO     [tempest_lib.common.rest_client] Request (TestNetworkAdvancedServerOps:_run_cleanups): 204 DELETE http://10.0.2.15:9696/v2.0/networks/7e6f04f0-58d1-4ab1-8597-1caeed4d5100 0.211s
2016-01-05 01:23:20,031 24710 DEBUG    [tempest_lib.common.rest_client] Request - Headers: {'Content-Type': 'application/json', 'Accept': 'application/json', 'X-Auth-Token': '&lt;omitted&gt;'}
        Body: None
    Response - Headers: {'date': 'Tue, 05 Jan 2016 01:23:20 GMT', 'status': '204', 'connection': 'close', 'content-length': '0', 'x-openstack-request-id': 'req-d78fa202-f092-4e28-ab0b-cec050893f4b'}
        Body: 
2016-01-05 01:23:20,099 24710 INFO     [tempest_lib.common.rest_client] Request (TestNetworkAdvancedServerOps:_run_cleanups): 204 DELETE http://10.0.2.15:9696/v2.0/security-group-rules/6ac80690-76f8-4848-8ba0-41730fd06e2a 0.067s
2016-01-05 01:23:20,099 24710 DEBUG    [tempest_lib.common.rest_client] Request - Headers: {'Content-Type': 'application/json', 'Accept': 'application/json', 'X-Auth-Token': '&lt;omitted&gt;'}
        Body: None
    Response - Headers: {'date': 'Tue, 05 Jan 2016 01:23:20 GMT', 'status': '204', 'connection': 'close', 'content-length': '0', 'x-openstack-request-id': 'req-ea48e377-1f76-4c16-88d5-220f7d038a19'}
        Body: 
2016-01-05 01:23:20,165 24710 INFO     [tempest_lib.common.rest_client] Request (TestNetworkAdvancedServerOps:_run_cleanups): 204 DELETE http://10.0.2.15:9696/v2.0/security-group-rules/bc945c32-00c4-4d77-8bb9-376008dec4fb 0.064s
2016-01-05 01:23:20,166 24710 DEBUG    [tempest_lib.common.rest_client] Request - Headers: {'Content-Type': 'application/json', 'Accept': 'application/json', 'X-Auth-Token': '&lt;omitted&gt;'}
        Body: None
    Response - Headers: {'date': 'Tue, 05 Jan 2016 01:23:20 GMT', 'status': '204', 'connection': 'close', 'content-length': '0', 'x-openstack-request-id': 'req-38c25e0a-e792-4fe8-8844-041bdcc68b04'}
        Body: 
2016-01-05 01:23:20,229 24710 INFO     [tempest_lib.common.rest_client] Request (TestNetworkAdvancedServerOps:_run_cleanups): 204 DELETE http://10.0.2.15:9696/v2.0/security-group-rules/94c566a2-e8cf-44b3-a0c5-08b027a7b9f6 0.062s
2016-01-05 01:23:20,230 24710 DEBUG    [tempest_lib.common.rest_client] Request - Headers: {'Content-Type': 'application/json', 'Accept': 'application/json', 'X-Auth-Token': '&lt;omitted&gt;'}
        Body: None
    Response - Headers: {'date': 'Tue, 05 Jan 2016 01:23:20 GMT', 'status': '204', 'connection': 'close', 'content-length': '0', 'x-openstack-request-id': 'req-431361d9-cd16-48c3-bda7-cb6cbd7cd697'}
        Body: 
2016-01-05 01:23:20,291 24710 INFO     [tempest_lib.common.rest_client] Request (TestNetworkAdvancedServerOps:_run_cleanups): 204 DELETE http://10.0.2.15:9696/v2.0/security-group-rules/42a2bd68-2116-43cb-ba43-33b1e47aa0e5 0.060s
2016-01-05 01:23:20,292 24710 DEBUG    [tempest_lib.common.rest_client] Request - Headers: {'Content-Type': 'application/json', 'Accept': 'application/json', 'X-Auth-Token': '&lt;omitted&gt;'}
        Body: None
    Response - Headers: {'date': 'Tue, 05 Jan 2016 01:23:20 GMT', 'status': '204', 'connection': 'close', 'content-length': '0', 'x-openstack-request-id': 'req-1cc68a96-9bad-4d25-8de7-7fd5feb0f260'}
        Body: 
2016-01-05 01:23:20,347 24710 INFO     [tempest_lib.common.rest_client] Request (TestNetworkAdvancedServerOps:_run_cleanups): 204 DELETE http://10.0.2.15:9696/v2.0/security-group-rules/6db64268-0b2d-460a-bc20-417f57928253 0.054s
2016-01-05 01:23:20,348 24710 DEBUG    [tempest_lib.common.rest_client] Request - Headers: {'Content-Type': 'application/json', 'Accept': 'application/json', 'X-Auth-Token': '&lt;omitted&gt;'}
        Body: None
    Response - Headers: {'date': 'Tue, 05 Jan 2016 01:23:20 GMT', 'status': '204', 'connection': 'close', 'content-length': '0', 'x-openstack-request-id': 'req-5c649be0-c7a2-4863-906d-68691e3bdbb3'}
        Body: 
2016-01-05 01:23:20,411 24710 INFO     [tempest_lib.common.rest_client] Request (TestNetworkAdvancedServerOps:_run_cleanups): 204 DELETE http://10.0.2.15:9696/v2.0/security-group-rules/ae2f11b1-d24e-44fc-8a29-911afb069e2a 0.062s
2016-01-05 01:23:20,412 24710 DEBUG    [tempest_lib.common.rest_client] Request - Headers: {'Content-Type': 'application/json', 'Accept': 'application/json', 'X-Auth-Token': '&lt;omitted&gt;'}
        Body: None
    Response - Headers: {'date': 'Tue, 05 Jan 2016 01:23:20 GMT', 'status': '204', 'connection': 'close', 'content-length': '0', 'x-openstack-request-id': 'req-b877d32d-9521-4331-9d97-c4cbdb25b357'}
        Body: 
2016-01-05 01:23:20,516 24710 INFO     [tempest_lib.common.rest_client] Request (TestNetworkAdvancedServerOps:_run_cleanups): 204 DELETE http://10.0.2.15:9696/v2.0/security-groups/127575f0-5717-4850-858a-6a27507cefce 0.103s
2016-01-05 01:23:20,516 24710 DEBUG    [tempest_lib.common.rest_client] Request - Headers: {'Content-Type': 'application/json', 'Accept': 'application/json', 'X-Auth-Token': '&lt;omitted&gt;'}
        Body: None
    Response - Headers: {'date': 'Tue, 05 Jan 2016 01:23:20 GMT', 'status': '204', 'connection': 'close', 'content-length': '0', 'x-openstack-request-id': 'req-aaa41df0-c3eb-4d99-b937-9970f43ae8fe'}
        Body: 
2016-01-05 01:23:20,543 24710 INFO     [tempest_lib.common.rest_client] Request (TestNetworkAdvancedServerOps:_run_cleanups): 202 DELETE http://10.0.2.15:8774/v2.1/d8af938014754cff84b500e3e9f36a00/os-keypairs/tempest-TestNetworkAdvancedServerOps-1169410681 0.026s
2016-01-05 01:23:20,544 24710 DEBUG    [tempest_lib.common.rest_client] Request - Headers: {'Content-Type': 'application/json', 'Accept': 'application/json', 'X-Auth-Token': '&lt;omitted&gt;'}
        Body: None
    Response - Headers: {'status': '202', 'content-length': '0', 'x-compute-request-id': 'req-0205deda-4e11-4087-8229-abcd79ae4af1', 'vary': 'X-OpenStack-Nova-API-Version', 'connection': 'close', 'x-openstack-nova-api-version': '2.1', 'date': 'Tue, 05 Jan 2016 01:23:20 GMT', 'content-type': 'application/json'}
        Body: 
2016-01-05 01:23:20,625 24710 INFO     [tempest_lib.common.rest_client] Request (TestNetworkAdvancedServerOps:_run_cleanups): 404 GET http://10.0.2.15:8774/v2.1/d8af938014754cff84b500e3e9f36a00/servers/e20cd692-9bc9-4331-934a-26e47c97e221 0.081s
2016-01-05 01:23:20,626 24710 DEBUG    [tempest_lib.common.rest_client] Request - Headers: {'Content-Type': 'application/json', 'Accept': 'application/json', 'X-Auth-Token': '&lt;omitted&gt;'}
        Body: None
    Response - Headers: {'status': '404', 'content-length': '111', 'x-compute-request-id': 'req-ea1239a2-c643-4a3b-a86f-8e6ec5d2c2d7', 'vary': 'X-OpenStack-Nova-API-Version', 'connection': 'close', 'x-openstack-nova-api-version': '2.1', 'date': 'Tue, 05 Jan 2016 01:23:20 GMT', 'content-type': 'application/json; charset=UTF-8'}
        Body: {"itemNotFound": {"message": "Instance e20cd692-9bc9-4331-934a-26e47c97e221 could not be found.", "code": 404}}
}}}

Traceback (most recent call last):
  File "tempest/test.py", line 113, in wrapper
    return f(self, *func_args, **func_kwargs)
  File "tempest/scenario/test_network_advanced_server_ops.py", line 134, in test_server_connectivity_pause_unpause
    server, keypair, floating_ip = self._setup_network_and_servers()
  File "tempest/scenario/test_network_advanced_server_ops.py", line 71, in _setup_network_and_servers
    server, keypair, floating_ip)
  File "tempest/scenario/test_network_advanced_server_ops.py", line 95, in _wait_server_status_and_check_network_connectivity
    self._check_network_connectivity(server, keypair, floating_ip)
  File "tempest/scenario/test_network_advanced_server_ops.py", line 88, in _check_network_connectivity
    servers=[server])
  File "tempest/scenario/manager.py", line 609, in check_public_network_connectivity
    should_connect=should_connect)
  File "tempest/scenario/manager.py", line 593, in check_vm_connectivity
    msg=msg)
  File "/usr/local/lib/python2.7/dist-packages/unittest2/case.py", line 702, in assertTrue
    raise self.failureException(msg)
AssertionError: False is not true : Timed out waiting for 172.24.4.4 to become reachable



        </pre>
    </div>
    <!--css div popup end-->

    </td>
</tr>

<tr id='ft1.2' class='none'>
    <td class='failCase'><div class='testcase'>test_server_connectivity_reboot[compute,id-7b6860c2-afa3-4846-9522-adeb38dfbe08,network]</div></td>
    <td colspan='7' align='left'>

    <!--css div popup start-->
    <a class="popup_link" onfocus='this.blur();'
    href="javascript:showTestDetail('div_ft1.2')" >
        fail</a>

    <div id='div_ft1.2' class="popup_window">
        <div style='text-align: right; color:red;cursor:pointer'>
        <a onfocus='this.blur();'
onclick="document.getElementById('div_ft1.2').style.display = 'none' " >
           [x]</a>
        </div>
        <pre>
        
ft1.2: tempest.scenario.test_network_advanced_server_ops.TestNetworkAdvancedServerOps.test_server_connectivity_reboot[compute,id-7b6860c2-afa3-4846-9522-adeb38dfbe08,network]_StringException: Empty attachments:
  stderr
  stdout

pythonlogging:'': {{{
