<?xml version="1.0" encoding="UTF-8"?>
<!DOCTYPE html PUBLIC "-//W3C//DTD XHTML 1.0 Strict//EN"
     "http://www.w3.org/TR/xhtml1/DTD/xhtml1-strict.dtd">
<html xmlns="http://www.w3.org/1999/xhtml">
<head>
    <title>Unit Test Report</title>
    <meta name="generator" content="subunit2html 0.1"/>
    <meta http-equiv="Content-Type" content="text/html; charset=UTF-8"/>
    
<style type="text/css" media="screen">
body        { font-family: verdana, arial, helvetica, sans-serif;
    font-size: 80%; }
table       { font-size: 100%; width: 100%;}
pre         { font-size: 80%; }

/* -- heading -------------------------------------------------------------- */
h1 {
        font-size: 16pt;
        color: gray;
}
.heading {
    margin-top: 0ex;
    margin-bottom: 1ex;
}

.heading .attribute {
    margin-top: 1ex;
    margin-bottom: 0;
}

.heading .description {
    margin-top: 4ex;
    margin-bottom: 6ex;
}

/* -- css div popup -------------------------------------------------------- */
a.popup_link {
}

a.popup_link:hover {
    color: red;
}

.popup_window {
    display: none;
    overflow-x: scroll;
    /*border: solid #627173 1px; */
    padding: 10px;
    background-color: #E6E6D6;
    font-family: "Ubuntu Mono", "Lucida Console", "Courier New", monospace;
    text-align: left;
    font-size: 8pt;
}

}
/* -- report --------------------------------------------------------------- */
#show_detail_line {
    margin-top: 3ex;
    margin-bottom: 1ex;
}
#result_table {
    width: 100%;
    border-collapse: collapse;
    border: 1px solid #777;
}
#header_row {
    font-weight: bold;
    color: white;
    background-color: #777;
}
#result_table td {
    border: 1px solid #777;
    padding: 2px;
}
#total_row  { font-weight: bold; }
.passClass  { background-color: #6c6; }
.failClass  { background-color: #c60; }
.errorClass { background-color: #c00; }
.passCase   { color: #6c6; }
.failCase   { color: #c60; font-weight: bold; }
.errorCase  { color: #c00; font-weight: bold; }
.hiddenRow  { display: none; }
.testcase   { margin-left: 2em; }
td.testname {width: 40%}
td.small {width: 40px}

/* -- ending --------------------------------------------------------------- */
#ending {
}

</style>

</head>
<body>
<script language="javascript" type="text/javascript"><!--
output_list = Array();

/* level - 0:Summary; 1:Failed; 2:All */
function showCase(level) {
    trs = document.getElementsByTagName("tr");
    for (var i = 0; i < trs.length; i++) {
        tr = trs[i];
        id = tr.id;
        if (id.substr(0,2) == 'ft') {
            if (level < 1) {
                tr.className = 'hiddenRow';
            }
            else {
                tr.className = '';
            }
        }
        if (id.substr(0,2) == 'pt') {
            if (level > 1) {
                tr.className = '';
            }
            else {
                tr.className = 'hiddenRow';
            }
        }
    }
}


function showClassDetail(cid, count) {
    var id_list = Array(count);
    var toHide = 1;
    for (var i = 0; i < count; i++) {
        tid0 = 't' + cid.substr(1) + '.' + (i+1);
        tid = 'f' + tid0;
        tr = document.getElementById(tid);
        if (!tr) {
            tid = 'p' + tid0;
            tr = document.getElementById(tid);
        }
        id_list[i] = tid;
        if (tr.className) {
            toHide = 0;
        }
    }
    for (var i = 0; i < count; i++) {
        tid = id_list[i];
        if (toHide) {
            document.getElementById('div_'+tid).style.display = 'none'
            document.getElementById(tid).className = 'hiddenRow';
        }
        else {
            document.getElementById(tid).className = '';
        }
    }
}


function showTestDetail(div_id){
    var details_div = document.getElementById(div_id)
    var displayState = details_div.style.display
    // alert(displayState)
    if (displayState != 'block' ) {
        displayState = 'block'
        details_div.style.display = 'block'
    }
    else {
        details_div.style.display = 'none'
    }
}


function html_escape(s) {
    s = s.replace(/&/g,'&amp;');
    s = s.replace(/</g,'&lt;');
    s = s.replace(/>/g,'&gt;');
    return s;
}

/* obsoleted by detail in <div>
function showOutput(id, name) {
    var w = window.open("", //url
                    name,
                    "resizable,scrollbars,status,width=800,height=450");
    d = w.document;
    d.write("<pre>");
    d.write(html_escape(output_list[id]));
    d.write("\n");
    d.write("<a href='javascript:window.close()'>close</a>\n");
    d.write("</pre>\n");
    d.close();
}
*/
--></script>

<div class='heading'>
<h1>Unit Test Report</h1>

<p class='attribute'><strong>Status:</strong> Failure 6</p>

<p class='description'></p>
</div>



<p id='show_detail_line'>Show
<a href='javascript:showCase(0)'>Summary</a>
<a href='javascript:showCase(1)'>Failed</a>
<a href='javascript:showCase(2)'>All</a>
</p>
<table id='result_table'>
<colgroup>
<col align='left' />
<col align='right' />
<col align='right' />
<col align='right' />
<col align='right' />
<col align='right' />
<col align='right' />
<col align='right' />
</colgroup>
<tr id='header_row'>
    <td>Test Group/Test case</td>
    <td>Count</td>
    <td>Pass</td>
    <td>Fail</td>
    <td>Error</td>
    <td>Skip</td>
    <td>View</td>
    <td> </td>
</tr>

<tr class='failClass'>
    <td class="testname">tempest.scenario.test_network_advanced_server_ops.TestNetworkAdvancedServerOps</td>
    <td class="small">6</td>
    <td class="small">0</td>
    <td class="small">6</td>
    <td class="small">0</td>
    <td class="small">0</td>
    <td class="small"><a href="javascript:showClassDetail('c1',6)"
>Detail</a></td>
    <td> </td>
</tr>

<tr id='ft1.1' class='none'>
    <td class='failCase'><div class='testcase'>test_server_connectivity_pause_unpause[compute,id-2b2642db-6568-4b35-b812-eceed3fa20ce,network]</div></td>
    <td colspan='7' align='left'>

    <!--css div popup start-->
    <a class="popup_link" onfocus='this.blur();'
    href="javascript:showTestDetail('div_ft1.1')" >
        fail</a>

    <div id='div_ft1.1' class="popup_window">
        <div style='text-align: right; color:red;cursor:pointer'>
        <a onfocus='this.blur();'
onclick="document.getElementById('div_ft1.1').style.display = 'none' " >
           [x]</a>
        </div>
        <pre>
        
ft1.1: tempest.scenario.test_network_advanced_server_ops.TestNetworkAdvancedServerOps.test_server_connectivity_pause_unpause[compute,id-2b2642db-6568-4b35-b812-eceed3fa20ce,network]_StringException: Empty attachments:
  stderr
  stdout

pythonlogging:'': {{{
2015-12-05 13:40:49,163 20311 INFO     [tempest_lib.common.rest_client] Request (TestNetworkAdvancedServerOps:test_server_connectivity_pause_unpause): 200 POST http://10.0.2.15:8774/v2.1/c3f1376d1fb54826b7afa13039c5c5cf/os-keypairs 0.598s
2015-12-05 13:40:49,164 20311 DEBUG    [tempest_lib.common.rest_client] Request - Headers: {'Content-Type': 'application/json', 'Accept': 'application/json', 'X-Auth-Token': '&lt;omitted&gt;'}
        Body: {"keypair": {"name": "tempest-TestNetworkAdvancedServerOps-1621291472"}}
    Response - Headers: {'status': '200', 'content-length': '2330', 'x-compute-request-id': 'req-c676496f-3c96-49a5-9b40-7a252c6729d7', 'vary': 'X-OpenStack-Nova-API-Version', 'connection': 'close', 'x-openstack-nova-api-version': '2.1', 'date': 'Sat, 05 Dec 2015 13:40:49 GMT', 'content-type': 'application/json'}
        Body: {"keypair": {"public_key": "ssh-rsa AAAAB3NzaC1yc2EAAAADAQABAAABAQCVkUdtAHjYY8QnJG4YzL2GOkiWVBl/TlrrgxxJJS2TF5t8dW7WRFC2cHB6R5p7CRG5Lh+25Vets2UQmwrYx/iOvEWvmhUWrzWgh7ibTm9jzAlxbVd7L9SIMjP/9SjBsW4in+hdwJ5cKzn8HAdEdsPjtRnHUb9l/o+YWauCVCWO5s+Pa7F3gtWIeRQKGMacFQDxn5Ncx8U5CimsdmKpc5Z8uM/1TV0A8MUHwKjbzAsZOXQPxe4SPmWuoYkYnTfj6+rFprST2+guKCR5WBTs1Bd5zbkEOCl7eq8QDm5lScleGOu+CtVFlXY9am3eE1Fsm6JWB4P4y7quzjik9+MKfdmz Generated-by-Nova", "private_key": "-----BEGIN RSA PRIVATE KEY-----\nMIIEqAIBAAKCAQEAlZFHbQB42GPEJyRuGMy9hjpIllQZf05a64McSSUtkxebfHVu\n1kRQtnBwekeaewkRuS4ftuVXrbNlEJsK2Mf4jrxFr5oVFq81oIe4m05vY8wJcW1X\ney/UiDIz//UowbFuIp/oXcCeXCs5/BwHRHbD47UZx1G/Zf6PmFmrglQljubPj2ux\nd4LViHkUChjGnBUA8Z+TXMfFOQoprHZiqXOWfLjP9U1dAPDFB8Co28wLGTl0D8Xu\nEj5lrqGJGJ034+vqxaa0k9voLigkeVgU7NQXec25BDgpe3qvEA5uZUnJXhjrvgrV\nRZV2PWpt3hNRbJuiVgeD+Mu6rs44pPfjCn3ZswIDAQABAoIBABRaPpPwmoEnokuJ\nQ4oQYkHfsHz0WLvgF7MwlirF6lu3vKrE+B4kEa+hwUyCbd0MMOM4CYzDzJiQbtJB\npso0+/fAWuM4XmJF2VBM56wKklHMNATBUkQrEAqwei78V110HX6Mr/wB+Aqmvy81\nSS/h0Wos/KMI1ri0WSnsGdCUTsARJxa12Ap1N/U4P8giof7kGYUQQdXYtS+cvGtQ\nJklW/s1w8Qymx4prT9hZdxDETw2aPutqRwbLyIpi2dHq1KTdXCtSWZ5oz6zB5dYN\nC8zK6z14iXVybGzxd7RSnrYWUSfRhoxDQhI/8XT7AIrPMEmBftk+HMLfSQ79n8yt\nCz8tebECggCBALgO/mOujsNFAz1nf6zUVoIeYSS7zxMSzrp8fpIWSOFUCsKp3oIN\nb1Xm/IuN2+R6nI3QjiZi2UKntyyhm0LCnl58KHGzNDdvwaHsIO9XLfQf8PmIiFgd\nCDJtDtdvBik9lnwCUW8grzaQ3DnvLNWaU+wRI2EDUpa5QghzNfTJixWPAoIAgQDQ\nBxa0fIB9NZ46SpLWy00JnSsO+jtDn0JD9Gpc9jkdLUe6zio+ETh0tOilMSKfA9mv\nBr9f2nz7WbiUP0yiaH5gO4b1+yrCcGPLaK0TRlenrKghxd3O+c6dT2WyJ6qWP4zC\nlbkaM8TJNOVPfxHMWbihlGEQnb8R+zY4R+T0Ro3PnQKCAIBrh9b3RbQCQP9zkFP3\nFNa1jioS2+ZOrl44dSM9FefePMtMjxF/yXmSJjDFF0uwYDG2aHGj23wyhOlvGbsr\ndagwazj1tEx9Vr05bEqRic0/IqoWHr4JPGzdiPlyw1pGHcUdDf2lfuLebiM7dZAr\n+s2szRZuRxKpG/KIHUcYi+bF4QKCAIEAqaK+Lxu/o1rP1nTtXN6XyZkyfZosLa52\n2Pc8rOXUGSjNb1WjOM3OHc1QUTTKKKV5I7L65+1BMa4uSCV+FonjVBH2sivI6JnB\npyOKz0bzP7YZvMCfaaJni/wsz6RtBOx5mkuBkA5bEEBkJflWyC750jkvFd+s6brS\nsf5eg5vtFDkCggCAfu3yG0MtqBNTmE47yOmOUSo/Os6NU6czCpDHtMUoEHTfdeTW\n7i4nRimzZpsi/Cqtgg+PIhYEZB6Mxf+jmNXVdRByxElDScwlUl13SilmcyLDwLGE\n7sOLTY58XQ5h+HIXLJozSsJR4b+vAlUBjH6SGkDU9gCnrB5k7Di3HgYoegk=\n-----END RSA PRIVATE KEY-----\n", "user_id": "3521038353cf471980d66b3f008a1878", "name": "tempest-TestNetworkAdvancedServerOps-1621291472", "fingerprint": "7a:55:e5:2c:52:4c:f3:27:8b:e2:b0:2e:71:34:05:9f"}}
2015-12-05 13:40:49,515 20311 INFO     [tempest_lib.common.rest_client] Request (TestNetworkAdvancedServerOps:test_server_connectivity_pause_unpause): 201 POST http://10.0.2.15:9696/v2.0/security-groups 0.345s
2015-12-05 13:40:49,515 20311 DEBUG    [tempest_lib.common.rest_client] Request - Headers: {'Content-Type': 'application/json', 'Accept': 'application/json', 'X-Auth-Token': '&lt;omitted&gt;'}
        Body: {"security_group": {"tenant_id": "c3f1376d1fb54826b7afa13039c5c5cf", "description": "tempest-secgroup-smoke-144553443 description", "name": "tempest-secgroup-smoke-144553443"}}
    Response - Headers: {'status': '201', 'content-length': '886', 'connection': 'close', 'date': 'Sat, 05 Dec 2015 13:40:49 GMT', 'content-type': 'application/json; charset=UTF-8', 'x-openstack-request-id': 'req-175f85d1-3927-4e3d-b6d6-d63f59621637'}
        Body: {"security_group": {"tenant_id": "c3f1376d1fb54826b7afa13039c5c5cf", "description": "tempest-secgroup-smoke-144553443 description", "id": "c578f99c-49c3-4ee7-b90c-794891576d79", "security_group_rules": [{"remote_group_id": null, "direction": "egress", "remote_ip_prefix": null, "protocol": null, "ethertype": "IPv4", "tenant_id": "c3f1376d1fb54826b7afa13039c5c5cf", "port_range_max": null, "port_range_min": null, "id": "1c5d8338-608f-46e2-a16a-ba18a683d0c1", "security_group_id": "c578f99c-49c3-4ee7-b90c-794891576d79"}, {"remote_group_id": null, "direction": "egress", "remote_ip_prefix": null, "protocol": null, "ethertype": "IPv6", "tenant_id": "c3f1376d1fb54826b7afa13039c5c5cf", "port_range_max": null, "port_range_min": null, "id": "12727708-c11a-410c-bde4-66b23d5a2c4a", "security_group_id": "c578f99c-49c3-4ee7-b90c-794891576d79"}], "name": "tempest-secgroup-smoke-144553443"}}
2015-12-05 13:40:49,642 20311 INFO     [tempest_lib.common.rest_client] Request (TestNetworkAdvancedServerOps:test_server_connectivity_pause_unpause): 201 POST http://10.0.2.15:9696/v2.0/security-group-rules 0.125s
2015-12-05 13:40:49,643 20311 DEBUG    [tempest_lib.common.rest_client] Request - Headers: {'Content-Type': 'application/json', 'Accept': 'application/json', 'X-Auth-Token': '&lt;omitted&gt;'}
        Body: {"security_group_rule": {"direction": "ingress", "protocol": "tcp", "tenant_id": "c3f1376d1fb54826b7afa13039c5c5cf", "port_range_max": 22, "security_group_id": "c578f99c-49c3-4ee7-b90c-794891576d79", "port_range_min": 22}}
    Response - Headers: {'status': '201', 'content-length': '340', 'connection': 'close', 'date': 'Sat, 05 Dec 2015 13:40:49 GMT', 'content-type': 'application/json; charset=UTF-8', 'x-openstack-request-id': 'req-0ebbd728-7a61-4bcf-8996-0739e59f7957'}
        Body: {"security_group_rule": {"remote_group_id": null, "direction": "ingress", "remote_ip_prefix": null, "protocol": "tcp", "ethertype": "IPv4", "tenant_id": "c3f1376d1fb54826b7afa13039c5c5cf", "port_range_max": 22, "port_range_min": 22, "id": "0c164ae4-9cb8-45c0-8956-32d2e5ccf16a", "security_group_id": "c578f99c-49c3-4ee7-b90c-794891576d79"}}
2015-12-05 13:40:49,771 20311 INFO     [tempest_lib.common.rest_client] Request (TestNetworkAdvancedServerOps:test_server_connectivity_pause_unpause): 201 POST http://10.0.2.15:9696/v2.0/security-group-rules 0.127s
2015-12-05 13:40:49,772 20311 DEBUG    [tempest_lib.common.rest_client] Request - Headers: {'Content-Type': 'application/json', 'Accept': 'application/json', 'X-Auth-Token': '&lt;omitted&gt;'}
        Body: {"security_group_rule": {"direction": "egress", "protocol": "tcp", "tenant_id": "c3f1376d1fb54826b7afa13039c5c5cf", "port_range_max": 22, "security_group_id": "c578f99c-49c3-4ee7-b90c-794891576d79", "port_range_min": 22}}
    Response - Headers: {'status': '201', 'content-length': '339', 'connection': 'close', 'date': 'Sat, 05 Dec 2015 13:40:49 GMT', 'content-type': 'application/json; charset=UTF-8', 'x-openstack-request-id': 'req-d0a94cea-5664-4ad3-8f3d-b3ad4aff9813'}
        Body: {"security_group_rule": {"remote_group_id": null, "direction": "egress", "remote_ip_prefix": null, "protocol": "tcp", "ethertype": "IPv4", "tenant_id": "c3f1376d1fb54826b7afa13039c5c5cf", "port_range_max": 22, "port_range_min": 22, "id": "d0e1a03d-67ef-44a4-afc4-6e953c916a75", "security_group_id": "c578f99c-49c3-4ee7-b90c-794891576d79"}}
2015-12-05 13:40:49,898 20311 INFO     [tempest_lib.common.rest_client] Request (TestNetworkAdvancedServerOps:test_server_connectivity_pause_unpause): 201 POST http://10.0.2.15:9696/v2.0/security-group-rules 0.124s
2015-12-05 13:40:49,899 20311 DEBUG    [tempest_lib.common.rest_client] Request - Headers: {'Content-Type': 'application/json', 'Accept': 'application/json', 'X-Auth-Token': '&lt;omitted&gt;'}
        Body: {"security_group_rule": {"tenant_id": "c3f1376d1fb54826b7afa13039c5c5cf", "direction": "ingress", "protocol": "icmp", "security_group_id": "c578f99c-49c3-4ee7-b90c-794891576d79"}}
    Response - Headers: {'status': '201', 'content-length': '345', 'connection': 'close', 'date': 'Sat, 05 Dec 2015 13:40:49 GMT', 'content-type': 'application/json; charset=UTF-8', 'x-openstack-request-id': 'req-cfed431a-3f9f-4817-b4b0-1a8db9b0008b'}
        Body: {"security_group_rule": {"remote_group_id": null, "direction": "ingress", "remote_ip_prefix": null, "protocol": "icmp", "ethertype": "IPv4", "tenant_id": "c3f1376d1fb54826b7afa13039c5c5cf", "port_range_max": null, "port_range_min": null, "id": "9d2d7356-bd62-41c0-97bc-7543c68fe16e", "security_group_id": "c578f99c-49c3-4ee7-b90c-794891576d79"}}
2015-12-05 13:40:50,024 20311 INFO     [tempest_lib.common.rest_client] Request (TestNetworkAdvancedServerOps:test_server_connectivity_pause_unpause): 201 POST http://10.0.2.15:9696/v2.0/security-group-rules 0.124s
2015-12-05 13:40:50,024 20311 DEBUG    [tempest_lib.common.rest_client] Request - Headers: {'Content-Type': 'application/json', 'Accept': 'application/json', 'X-Auth-Token': '&lt;omitted&gt;'}
        Body: {"security_group_rule": {"tenant_id": "c3f1376d1fb54826b7afa13039c5c5cf", "direction": "egress", "protocol": "icmp", "security_group_id": "c578f99c-49c3-4ee7-b90c-794891576d79"}}
    Response - Headers: {'status': '201', 'content-length': '344', 'connection': 'close', 'date': 'Sat, 05 Dec 2015 13:40:50 GMT', 'content-type': 'application/json; charset=UTF-8', 'x-openstack-request-id': 'req-5dd65a47-325a-4c8a-abdf-18494c326478'}
        Body: {"security_group_rule": {"remote_group_id": null, "direction": "egress", "remote_ip_prefix": null, "protocol": "icmp", "ethertype": "IPv4", "tenant_id": "c3f1376d1fb54826b7afa13039c5c5cf", "port_range_max": null, "port_range_min": null, "id": "44f84022-c5e5-46ad-8fc2-a62cb660dbd3", "security_group_id": "c578f99c-49c3-4ee7-b90c-794891576d79"}}
2015-12-05 13:40:50,137 20311 INFO     [tempest_lib.common.rest_client] Request (TestNetworkAdvancedServerOps:test_server_connectivity_pause_unpause): 201 POST http://10.0.2.15:9696/v2.0/security-group-rules 0.112s
2015-12-05 13:40:50,138 20311 DEBUG    [tempest_lib.common.rest_client] Request - Headers: {'Content-Type': 'application/json', 'Accept': 'application/json', 'X-Auth-Token': '&lt;omitted&gt;'}
        Body: {"security_group_rule": {"tenant_id": "c3f1376d1fb54826b7afa13039c5c5cf", "direction": "ingress", "security_group_id": "c578f99c-49c3-4ee7-b90c-794891576d79", "protocol": "icmp", "ethertype": "IPv6"}}
    Response - Headers: {'status': '201', 'content-length': '345', 'connection': 'close', 'date': 'Sat, 05 Dec 2015 13:40:50 GMT', 'content-type': 'application/json; charset=UTF-8', 'x-openstack-request-id': 'req-971dafb8-8309-40bb-bb23-9a5bea8d527e'}
        Body: {"security_group_rule": {"remote_group_id": null, "direction": "ingress", "remote_ip_prefix": null, "protocol": "icmp", "ethertype": "IPv6", "tenant_id": "c3f1376d1fb54826b7afa13039c5c5cf", "port_range_max": null, "port_range_min": null, "id": "33e823fd-af48-4ec0-aa8b-3482070f5fd8", "security_group_id": "c578f99c-49c3-4ee7-b90c-794891576d79"}}
2015-12-05 13:40:50,368 20311 INFO     [tempest_lib.common.rest_client] Request (TestNetworkAdvancedServerOps:test_server_connectivity_pause_unpause): 201 POST http://10.0.2.15:9696/v2.0/security-group-rules 0.229s
2015-12-05 13:40:50,368 20311 DEBUG    [tempest_lib.common.rest_client] Request - Headers: {'Content-Type': 'application/json', 'Accept': 'application/json', 'X-Auth-Token': '&lt;omitted&gt;'}
        Body: {"security_group_rule": {"tenant_id": "c3f1376d1fb54826b7afa13039c5c5cf", "direction": "egress", "security_group_id": "c578f99c-49c3-4ee7-b90c-794891576d79", "protocol": "icmp", "ethertype": "IPv6"}}
    Response - Headers: {'status': '201', 'content-length': '344', 'connection': 'close', 'date': 'Sat, 05 Dec 2015 13:40:50 GMT', 'content-type': 'application/json; charset=UTF-8', 'x-openstack-request-id': 'req-0eb58b13-00b9-4a90-ad6f-31704c055c66'}
        Body: {"security_group_rule": {"remote_group_id": null, "direction": "egress", "remote_ip_prefix": null, "protocol": "icmp", "ethertype": "IPv6", "tenant_id": "c3f1376d1fb54826b7afa13039c5c5cf", "port_range_max": null, "port_range_min": null, "id": "26323aac-379a-48f3-8459-d77914727d09", "security_group_id": "c578f99c-49c3-4ee7-b90c-794891576d79"}}
2015-12-05 13:40:50,538 20311 INFO     [tempest_lib.common.rest_client] Request (TestNetworkAdvancedServerOps:test_server_connectivity_pause_unpause): 201 POST http://10.0.2.15:9696/v2.0/networks 0.169s
2015-12-05 13:40:50,539 20311 DEBUG    [tempest_lib.common.rest_client] Request - Headers: {'Content-Type': 'application/json', 'Accept': 'application/json', 'X-Auth-Token': '&lt;omitted&gt;'}
        Body: {"network": {"tenant_id": "c3f1376d1fb54826b7afa13039c5c5cf", "name": "tempest-network-smoke--694266755"}}
    Response - Headers: {'status': '201', 'content-length': '328', 'connection': 'close', 'date': 'Sat, 05 Dec 2015 13:40:50 GMT', 'content-type': 'application/json; charset=UTF-8', 'x-openstack-request-id': 'req-5802d4c7-dab5-4723-aac2-c88b8fcac248'}
        Body: {"network": {"status": "ACTIVE", "subnets": [], "availability_zone_hints": "[]", "name": "tempest-network-smoke--694266755", "admin_state_up": true, "tenant_id": "c3f1376d1fb54826b7afa13039c5c5cf", "mtu": 0, "router:external": false, "shared": false, "port_security_enabled": true, "id": "c4c1046d-4a27-498b-a690-4c2f4ac50a26"}}
2015-12-05 13:40:50,626 20311 INFO     [tempest_lib.common.rest_client] Request (TestNetworkAdvancedServerOps:test_server_connectivity_pause_unpause): 201 POST http://10.0.2.15:9696/v2.0/routers 0.087s
2015-12-05 13:40:50,627 20311 DEBUG    [tempest_lib.common.rest_client] Request - Headers: {'Content-Type': 'application/json', 'Accept': 'application/json', 'X-Auth-Token': '&lt;omitted&gt;'}
        Body: {"router": {"tenant_id": "c3f1376d1fb54826b7afa13039c5c5cf", "name": "tempest-router-smoke-1578628016", "admin_state_up": true}}
    Response - Headers: {'status': '201', 'content-length': '296', 'connection': 'close', 'date': 'Sat, 05 Dec 2015 13:40:50 GMT', 'content-type': 'application/json; charset=UTF-8', 'x-openstack-request-id': 'req-4bb891e0-f1bb-4bb5-9a81-549958e5a127'}
        Body: {"router": {"status": "ACTIVE", "external_gateway_info": null, "availability_zone_hints": [], "availability_zones": [], "name": "tempest-router-smoke-1578628016", "admin_state_up": true, "tenant_id": "c3f1376d1fb54826b7afa13039c5c5cf", "routes": [], "id": "c4b44456-5016-4338-9896-2fdfccdec382"}}
2015-12-05 13:40:50,686 20311 INFO     [tempest_lib.common.rest_client] Request (TestNetworkAdvancedServerOps:test_server_connectivity_pause_unpause): 200 GET http://10.0.2.15:9696/v2.0/routers/c4b44456-5016-4338-9896-2fdfccdec382 0.058s
2015-12-05 13:40:50,687 20311 DEBUG    [tempest_lib.common.rest_client] Request - Headers: {'Content-Type': 'application/json', 'Accept': 'application/json', 'X-Auth-Token': '&lt;omitted&gt;'}
        Body: None
    Response - Headers: {'status': '200', 'content-length': '296', 'content-location': 'http://10.0.2.15:9696/v2.0/routers/c4b44456-5016-4338-9896-2fdfccdec382', 'connection': 'close', 'date': 'Sat, 05 Dec 2015 13:40:50 GMT', 'content-type': 'application/json; charset=UTF-8', 'x-openstack-request-id': 'req-7b7c724c-7c67-4ffc-9fd8-dd196d571cdf'}
        Body: {"router": {"status": "ACTIVE", "external_gateway_info": null, "availability_zone_hints": [], "availability_zones": [], "name": "tempest-router-smoke-1578628016", "admin_state_up": true, "tenant_id": "c3f1376d1fb54826b7afa13039c5c5cf", "routes": [], "id": "c4b44456-5016-4338-9896-2fdfccdec382"}}
2015-12-05 13:40:51,486 20311 INFO     [tempest_lib.common.rest_client] Request (TestNetworkAdvancedServerOps:test_server_connectivity_pause_unpause): 200 PUT http://10.0.2.15:9696/v2.0/routers/c4b44456-5016-4338-9896-2fdfccdec382 0.798s
2015-12-05 13:40:51,487 20311 DEBUG    [tempest_lib.common.rest_client] Request - Headers: {'Content-Type': 'application/json', 'Accept': 'application/json', 'X-Auth-Token': '&lt;omitted&gt;'}
        Body: {"router": {"external_gateway_info": {"network_id": "df4fdd34-9b96-46f3-bd30-ef97033ac24f"}, "name": "tempest-router-smoke-1578628016", "admin_state_up": true}}
    Response - Headers: {'status': '200', 'content-length': '558', 'connection': 'close', 'date': 'Sat, 05 Dec 2015 13:40:51 GMT', 'content-type': 'application/json; charset=UTF-8', 'x-openstack-request-id': 'req-e991dccb-94d2-4bc9-b3b4-c1f3c49e011e'}
        Body: {"router": {"status": "ACTIVE", "external_gateway_info": {"network_id": "df4fdd34-9b96-46f3-bd30-ef97033ac24f", "enable_snat": true, "external_fixed_ips": [{"subnet_id": "348f60cc-13ec-4093-967e-1b7afa17d338", "ip_address": "172.24.4.3"}, {"subnet_id": "9687c3a1-67f3-4807-bac6-7e8d034855d0", "ip_address": "2001:db8::4"}]}, "availability_zone_hints": [], "availability_zones": [], "name": "tempest-router-smoke-1578628016", "admin_state_up": true, "tenant_id": "c3f1376d1fb54826b7afa13039c5c5cf", "routes": [], "id": "c4b44456-5016-4338-9896-2fdfccdec382"}}
2015-12-05 13:40:51,625 20311 INFO     [tempest_lib.common.rest_client] Request (TestNetworkAdvancedServerOps:test_server_connectivity_pause_unpause): 200 GET http://10.0.2.15:9696/v2.0/subnets?tenant_id=c3f1376d1fb54826b7afa13039c5c5cf&amp;cidr=10.100.0.0%2F28 0.136s
2015-12-05 13:40:51,625 20311 DEBUG    [tempest_lib.common.rest_client] Request - Headers: {'Content-Type': 'application/json', 'Accept': 'application/json', 'X-Auth-Token': '&lt;omitted&gt;'}
        Body: None
    Response - Headers: {'status': '200', 'content-length': '15', 'content-location': 'http://10.0.2.15:9696/v2.0/subnets?tenant_id=c3f1376d1fb54826b7afa13039c5c5cf&amp;cidr=10.100.0.0%2F28', 'connection': 'close', 'date': 'Sat, 05 Dec 2015 13:40:51 GMT', 'content-type': 'application/json; charset=UTF-8', 'x-openstack-request-id': 'req-e37c10ab-a025-4e24-86b3-849524172a54'}
        Body: {"subnets": []}
2015-12-05 13:40:51,924 20311 INFO     [tempest_lib.common.rest_client] Request (TestNetworkAdvancedServerOps:test_server_connectivity_pause_unpause): 201 POST http://10.0.2.15:9696/v2.0/subnets 0.298s
2015-12-05 13:40:51,924 20311 DEBUG    [tempest_lib.common.rest_client] Request - Headers: {'Content-Type': 'application/json', 'Accept': 'application/json', 'X-Auth-Token': '&lt;omitted&gt;'}
        Body: {"subnet": {"ip_version": 4, "tenant_id": "c3f1376d1fb54826b7afa13039c5c5cf", "cidr": "10.100.0.0/28", "network_id": "c4c1046d-4a27-498b-a690-4c2f4ac50a26", "name": "tempest-subnet-smoke-653895855"}}
    Response - Headers: {'status': '201', 'content-length': '477', 'connection': 'close', 'date': 'Sat, 05 Dec 2015 13:40:51 GMT', 'content-type': 'application/json; charset=UTF-8', 'x-openstack-request-id': 'req-49e9ca56-a23e-43c5-9917-2b095613d03c'}
        Body: {"subnet": {"name": "tempest-subnet-smoke-653895855", "enable_dhcp": true, "network_id": "c4c1046d-4a27-498b-a690-4c2f4ac50a26", "tenant_id": "c3f1376d1fb54826b7afa13039c5c5cf", "dns_nameservers": [], "gateway_ip": "10.100.0.1", "ipv6_ra_mode": null, "allocation_pools": [{"start": "10.100.0.2", "end": "10.100.0.14"}], "host_routes": [], "ip_version": 4, "ipv6_address_mode": null, "cidr": "10.100.0.0/28", "id": "b66b089a-bd4e-4915-b082-f679b72ff0ec", "subnetpool_id": null}}
2015-12-05 13:40:52,637 20311 INFO     [tempest_lib.common.rest_client] Request (TestNetworkAdvancedServerOps:test_server_connectivity_pause_unpause): 200 PUT http://10.0.2.15:9696/v2.0/routers/c4b44456-5016-4338-9896-2fdfccdec382/add_router_interface 0.712s
2015-12-05 13:40:52,638 20311 DEBUG    [tempest_lib.common.rest_client] Request - Headers: {'Content-Type': 'application/json', 'Accept': 'application/json', 'X-Auth-Token': '&lt;omitted&gt;'}
        Body: {"subnet_id": "b66b089a-bd4e-4915-b082-f679b72ff0ec"}
    Response - Headers: {'status': '200', 'content-length': '255', 'connection': 'close', 'date': 'Sat, 05 Dec 2015 13:40:52 GMT', 'content-type': 'application/json; charset=UTF-8', 'x-openstack-request-id': 'req-0d131f90-c0e4-49af-9be1-d674ff9e7e37'}
        Body: {"subnet_id": "b66b089a-bd4e-4915-b082-f679b72ff0ec", "tenant_id": "c3f1376d1fb54826b7afa13039c5c5cf", "subnet_ids": ["b66b089a-bd4e-4915-b082-f679b72ff0ec"], "port_id": "cc6de5c0-a7c8-48e0-b424-a48524d69608", "id": "c4b44456-5016-4338-9896-2fdfccdec382"}
2015-12-05 13:40:52,740 20311 INFO     [tempest_lib.common.rest_client] Request (TestNetworkAdvancedServerOps:test_server_connectivity_pause_unpause): 200 POST http://10.0.2.15:5000/v2.0/tokens
2015-12-05 13:40:52,740 20311 DEBUG    [tempest_lib.common.rest_client] Request - Headers: {'Content-Type': 'application/json', 'Accept': 'application/json'}
        Body: &lt;omitted&gt;
    Response - Headers: {'status': '200', 'content-length': '2566', 'vary': 'X-Auth-Token', 'server': 'Apache/2.4.7 (Ubuntu)', 'connection': 'close', 'date': 'Sat, 05 Dec 2015 13:40:52 GMT', 'content-type': 'application/json', 'x-openstack-request-id': 'req-3060ee32-0bd7-4947-abcc-9c4f40fd3f67'}
        Body: {"access": {"token": {"issued_at": "2015-12-05T13:40:52.730260", "expires": "2015-12-05T14:40:52Z", "id": "57e15e7b167e4f31a1eeaade363366b6", "tenant": {"description": "tempest-TestNetworkAdvancedServerOps-1056100333-desc", "enabled": true, "id": "c3f1376d1fb54826b7afa13039c5c5cf", "name": "tempest-TestNetworkAdvancedServerOps-1056100333"}, "audit_ids": ["w-pOHr03Qfme3Otn75aUHw"]}, "serviceCatalog": [{"endpoints": [{"adminURL": "http://10.0.2.15:8774/v2.1/c3f1376d1fb54826b7afa13039c5c5cf", "region": "RegionOne", "internalURL": "http://10.0.2.15:8774/v2.1/c3f1376d1fb54826b7afa13039c5c5cf", "id": "09834a83aa1e488c83a4f91c88f57ba1", "publicURL": "http://10.0.2.15:8774/v2.1/c3f1376d1fb54826b7afa13039c5c5cf"}], "endpoints_links": [], "type": "compute", "name": "nova"}, {"endpoints": [{"adminURL": "http://10.0.2.15:9696/", "region": "RegionOne", "internalURL": "http://10.0.2.15:9696/", "id": "18fed6b331254a7281fa9d5593679aab", "publicURL": "http://10.0.2.15:9696/"}], "endpoints_links": [], "type": "network", "name": "neutron"}, {"endpoints": [{"adminURL": "http://10.0.2.15:9292", "region": "RegionOne", "internalURL": "http://10.0.2.15:9292", "id": "beea008a50ba44bcb94d5b293253d889", "publicURL": "http://10.0.2.15:9292"}], "endpoints_links": [], "type": "image", "name": "glance"}, {"endpoints": [{"adminURL": "http://10.0.2.15:8774/v2/c3f1376d1fb54826b7afa13039c5c5cf", "region": "RegionOne", "internalURL": "http://10.0.2.15:8774/v2/c3f1376d1fb54826b7afa13039c5c5cf", "id": "47391438694549e3b8d7952541263c6c", "publicURL": "http://10.0.2.15:8774/v2/c3f1376d1fb54826b7afa13039c5c5cf"}], "endpoints_links": [], "type": "compute_legacy", "name": "nova_legacy"}, {"endpoints": [{"adminURL": "http://10.0.2.15:8773/", "region": "RegionOne", "internalURL": "http://10.0.2.15:8773/", "id": "1b55f5303c4f4d95adcc65f72434b80b", "publicURL": "http://10.0.2.15:8773/"}], "endpoints_links": [], "type": "ec2", "name": "ec2"}, {"endpoints": [{"adminURL": "http://10.0.2.15:35357/v2.0", "region": "RegionOne", "internalURL": "http://10.0.2.15:5000/v2.0", "id": "33620859e49248f3afbd3a8396bc6053", "publicURL": "http://10.0.2.15:5000/v2.0"}], "endpoints_links": [], "type": "identity", "name": "keystone"}], "user": {"username": "tempest-TestNetworkAdvancedServerOps-1382208314", "roles_links": [], "id": "3521038353cf471980d66b3f008a1878", "roles": [{"name": "_member_"}, {"name": "Member"}], "name": "tempest-TestNetworkAdvancedServerOps-1382208314"}, "metadata": {"is_admin": 0, "roles": ["9fe2ff9ee4384b1894a90878d3e92bab", "117197ef30d643259b4815524c7b4696"]}}}
2015-12-05 13:40:52,747 20311 DEBUG    [tempest.common.fixed_network] (TestNetworkAdvancedServerOps:test_server_connectivity_pause_unpause) No valid network provided or created, defaulting to fixed_network_name
2015-12-05 13:40:53,035 20311 INFO     [tempest_lib.common.rest_client] Request (TestNetworkAdvancedServerOps:test_server_connectivity_pause_unpause): 200 GET http://10.0.2.15:8774/v2.1/c3f1376d1fb54826b7afa13039c5c5cf/os-networks 0.287s
2015-12-05 13:40:53,035 20311 DEBUG    [tempest_lib.common.rest_client] Request - Headers: {'Content-Type': 'application/json', 'Accept': 'application/json', 'X-Auth-Token': '&lt;omitted&gt;'}
        Body: None
    Response - Headers: {'status': '200', 'content-length': '478', 'content-location': 'http://10.0.2.15:8774/v2.1/c3f1376d1fb54826b7afa13039c5c5cf/os-networks', 'x-compute-request-id': 'req-34c6be7b-a6ed-4cb0-91d2-af4e2b6eeac0', 'vary': 'X-OpenStack-Nova-API-Version', 'connection': 'close', 'x-openstack-nova-api-version': '2.1', 'date': 'Sat, 05 Dec 2015 13:40:53 GMT', 'content-type': 'application/json'}
        Body: {"networks": [{"cidr_v6": null, "dns2": null, "dns1": null, "gateway": null, "broadcast": null, "netmask": null, "gateway_v6": null, "cidr": null, "label": "public", "id": "df4fdd34-9b96-46f3-bd30-ef97033ac24f", "netmask_v6": null}, {"cidr_v6": null, "dns2": null, "dns1": null, "gateway": null, "broadcast": null, "netmask": null, "gateway_v6": null, "cidr": null, "label": "tempest-network-smoke--694266755", "id": "c4c1046d-4a27-498b-a690-4c2f4ac50a26", "netmask_v6": null}]}
2015-12-05 13:40:53,036 20311 WARNING  [tempest.common.fixed_network] (TestNetworkAdvancedServerOps:test_server_connectivity_pause_unpause) Network with name: private not found
2015-12-05 13:40:53,037 20311 INFO     [tempest.common.fixed_network] (TestNetworkAdvancedServerOps:test_server_connectivity_pause_unpause) Found network {} available for tenant
2015-12-05 13:40:54,559 20311 INFO     [tempest_lib.common.rest_client] Request (TestNetworkAdvancedServerOps:test_server_connectivity_pause_unpause): 202 POST http://10.0.2.15:8774/v2.1/c3f1376d1fb54826b7afa13039c5c5cf/servers 1.522s
2015-12-05 13:40:54,560 20311 DEBUG    [tempest_lib.common.rest_client] Request - Headers: {'Content-Type': 'application/json', 'Accept': 'application/json', 'X-Auth-Token': '&lt;omitted&gt;'}
        Body: {"server": {"name": "tempest.common.compute-instance-1483309972", "imageRef": "23b39548-e3df-4e9f-aa9c-1ce4c59c9e42", "key_name": "tempest-TestNetworkAdvancedServerOps-1621291472", "flavorRef": "42", "networks": [{"uuid": "c4c1046d-4a27-498b-a690-4c2f4ac50a26"}], "security_groups": [{"name": "tempest-secgroup-smoke-144553443"}]}}
    Response - Headers: {'status': '202', 'content-length': '461', 'x-compute-request-id': 'req-085c856e-3040-43df-a955-95b23db9bcba', 'vary': 'X-OpenStack-Nova-API-Version', 'connection': 'close', 'location': 'http://10.0.2.15:8774/v2.1/c3f1376d1fb54826b7afa13039c5c5cf/servers/1b723b8f-0971-46d7-93d0-51a205d26c1e', 'x-openstack-nova-api-version': '2.1', 'date': 'Sat, 05 Dec 2015 13:40:54 GMT', 'content-type': 'application/json'}
        Body: {"server": {"security_groups": [{"name": "tempest-secgroup-smoke-144553443"}], "OS-DCF:diskConfig": "MANUAL", "id": "1b723b8f-0971-46d7-93d0-51a205d26c1e", "links": [{"href": "http://10.0.2.15:8774/v2.1/c3f1376d1fb54826b7afa13039c5c5cf/servers/1b723b8f-0971-46d7-93d0-51a205d26c1e", "rel": "self"}, {"href": "http://10.0.2.15:8774/c3f1376d1fb54826b7afa13039c5c5cf/servers/1b723b8f-0971-46d7-93d0-51a205d26c1e", "rel": "bookmark"}], "adminPass": "WwmNH8VEE9kt"}}
2015-12-05 13:40:54,728 20311 INFO     [tempest_lib.common.rest_client] Request (TestNetworkAdvancedServerOps:test_server_connectivity_pause_unpause): 200 GET http://10.0.2.15:8774/v2.1/c3f1376d1fb54826b7afa13039c5c5cf/servers/1b723b8f-0971-46d7-93d0-51a205d26c1e 0.165s
2015-12-05 13:40:54,728 20311 DEBUG    [tempest_lib.common.rest_client] Request - Headers: {'Content-Type': 'application/json', 'Accept': 'application/json', 'X-Auth-Token': '&lt;omitted&gt;'}
        Body: None
    Response - Headers: {'status': '200', 'content-length': '1365', 'content-location': 'http://10.0.2.15:8774/v2.1/c3f1376d1fb54826b7afa13039c5c5cf/servers/1b723b8f-0971-46d7-93d0-51a205d26c1e', 'x-compute-request-id': 'req-49aed2dd-e0ee-4477-b0ed-faae70387ecd', 'vary': 'X-OpenStack-Nova-API-Version', 'connection': 'close', 'x-openstack-nova-api-version': '2.1', 'date': 'Sat, 05 Dec 2015 13:40:54 GMT', 'content-type': 'application/json'}
        Body: {"server": {"status": "BUILD", "updated": "2015-12-05T13:40:54Z", "hostId": "", "addresses": {}, "links": [{"href": "http://10.0.2.15:8774/v2.1/c3f1376d1fb54826b7afa13039c5c5cf/servers/1b723b8f-0971-46d7-93d0-51a205d26c1e", "rel": "self"}, {"href": "http://10.0.2.15:8774/c3f1376d1fb54826b7afa13039c5c5cf/servers/1b723b8f-0971-46d7-93d0-51a205d26c1e", "rel": "bookmark"}], "key_name": "tempest-TestNetworkAdvancedServerOps-1621291472", "image": {"id": "23b39548-e3df-4e9f-aa9c-1ce4c59c9e42", "links": [{"href": "http://10.0.2.15:8774/c3f1376d1fb54826b7afa13039c5c5cf/images/23b39548-e3df-4e9f-aa9c-1ce4c59c9e42", "rel": "bookmark"}]}, "OS-EXT-STS:task_state": "scheduling", "OS-EXT-STS:vm_state": "building", "OS-SRV-USG:launched_at": null, "flavor": {"id": "42", "links": [{"href": "http://10.0.2.15:8774/c3f1376d1fb54826b7afa13039c5c5cf/flavors/42", "rel": "bookmark"}]}, "id": "1b723b8f-0971-46d7-93d0-51a205d26c1e", "OS-SRV-USG:terminated_at": null, "OS-EXT-AZ:availability_zone": "", "user_id": "3521038353cf471980d66b3f008a1878", "name": "tempest.common.compute-instance-1483309972", "created": "2015-12-05T13:40:54Z", "tenant_id": "c3f1376d1fb54826b7afa13039c5c5cf", "OS-DCF:diskConfig": "MANUAL", "os-extended-volumes:volumes_attached": [], "accessIPv4": "", "accessIPv6": "", "progress": 0, "OS-EXT-STS:power_state": 0, "config_drive": "", "metadata": {}}}
2015-12-05 13:40:56,171 20311 INFO     [tempest_lib.common.rest_client] Request (TestNetworkAdvancedServerOps:test_server_connectivity_pause_unpause): 200 GET http://10.0.2.15:8774/v2.1/c3f1376d1fb54826b7afa13039c5c5cf/servers/1b723b8f-0971-46d7-93d0-51a205d26c1e 0.433s
2015-12-05 13:40:56,171 20311 DEBUG    [tempest_lib.common.rest_client] Request - Headers: {'Content-Type': 'application/json', 'Accept': 'application/json', 'X-Auth-Token': '&lt;omitted&gt;'}
        Body: None
    Response - Headers: {'status': '200', 'content-length': '1490', 'content-location': 'http://10.0.2.15:8774/v2.1/c3f1376d1fb54826b7afa13039c5c5cf/servers/1b723b8f-0971-46d7-93d0-51a205d26c1e', 'x-compute-request-id': 'req-f52b0c39-7c50-4214-bc81-85f2a111cf7f', 'vary': 'X-OpenStack-Nova-API-Version', 'connection': 'close', 'x-openstack-nova-api-version': '2.1', 'date': 'Sat, 05 Dec 2015 13:40:56 GMT', 'content-type': 'application/json'}
        Body: {"server": {"status": "BUILD", "updated": "2015-12-05T13:40:55Z", "hostId": "1da7613b0cf9deb4d0d70f0b8e77e0bdd3cddc54be0f481a09a96015", "addresses": {}, "links": [{"href": "http://10.0.2.15:8774/v2.1/c3f1376d1fb54826b7afa13039c5c5cf/servers/1b723b8f-0971-46d7-93d0-51a205d26c1e", "rel": "self"}, {"href": "http://10.0.2.15:8774/c3f1376d1fb54826b7afa13039c5c5cf/servers/1b723b8f-0971-46d7-93d0-51a205d26c1e", "rel": "bookmark"}], "key_name": "tempest-TestNetworkAdvancedServerOps-1621291472", "image": {"id": "23b39548-e3df-4e9f-aa9c-1ce4c59c9e42", "links": [{"href": "http://10.0.2.15:8774/c3f1376d1fb54826b7afa13039c5c5cf/images/23b39548-e3df-4e9f-aa9c-1ce4c59c9e42", "rel": "bookmark"}]}, "OS-EXT-STS:task_state": "spawning", "OS-EXT-STS:vm_state": "building", "OS-SRV-USG:launched_at": null, "flavor": {"id": "42", "links": [{"href": "http://10.0.2.15:8774/c3f1376d1fb54826b7afa13039c5c5cf/flavors/42", "rel": "bookmark"}]}, "id": "1b723b8f-0971-46d7-93d0-51a205d26c1e", "security_groups": [{"name": "tempest-secgroup-smoke-144553443"}], "OS-SRV-USG:terminated_at": null, "OS-EXT-AZ:availability_zone": "nova", "user_id": "3521038353cf471980d66b3f008a1878", "name": "tempest.common.compute-instance-1483309972", "created": "2015-12-05T13:40:54Z", "tenant_id": "c3f1376d1fb54826b7afa13039c5c5cf", "OS-DCF:diskConfig": "MANUAL", "os-extended-volumes:volumes_attached": [], "accessIPv4": "", "accessIPv6": "", "progress": 0, "OS-EXT-STS:power_state": 0, "config_drive": "", "metadata": {}}}
2015-12-05 13:40:56,181 20311 INFO     [tempest.common.waiters] State transition "BUILD/scheduling" ==&gt; "BUILD/spawning" after 2 second wait
2015-12-05 13:40:57,500 20311 INFO     [tempest_lib.common.rest_client] Request (TestNetworkAdvancedServerOps:test_server_connectivity_pause_unpause): 200 GET http://10.0.2.15:8774/v2.1/c3f1376d1fb54826b7afa13039c5c5cf/servers/1b723b8f-0971-46d7-93d0-51a205d26c1e 0.317s
2015-12-05 13:40:57,500 20311 DEBUG    [tempest_lib.common.rest_client] Request - Headers: {'Content-Type': 'application/json', 'Accept': 'application/json', 'X-Auth-Token': '&lt;omitted&gt;'}
        Body: None
    Response - Headers: {'status': '200', 'content-length': '1490', 'content-location': 'http://10.0.2.15:8774/v2.1/c3f1376d1fb54826b7afa13039c5c5cf/servers/1b723b8f-0971-46d7-93d0-51a205d26c1e', 'x-compute-request-id': 'req-3ca80d63-1f8b-4327-9734-28b27971cb6e', 'vary': 'X-OpenStack-Nova-API-Version', 'connection': 'close', 'x-openstack-nova-api-version': '2.1', 'date': 'Sat, 05 Dec 2015 13:40:57 GMT', 'content-type': 'application/json'}
        Body: {"server": {"status": "BUILD", "updated": "2015-12-05T13:40:55Z", "hostId": "1da7613b0cf9deb4d0d70f0b8e77e0bdd3cddc54be0f481a09a96015", "addresses": {}, "links": [{"href": "http://10.0.2.15:8774/v2.1/c3f1376d1fb54826b7afa13039c5c5cf/servers/1b723b8f-0971-46d7-93d0-51a205d26c1e", "rel": "self"}, {"href": "http://10.0.2.15:8774/c3f1376d1fb54826b7afa13039c5c5cf/servers/1b723b8f-0971-46d7-93d0-51a205d26c1e", "rel": "bookmark"}], "key_name": "tempest-TestNetworkAdvancedServerOps-1621291472", "image": {"id": "23b39548-e3df-4e9f-aa9c-1ce4c59c9e42", "links": [{"href": "http://10.0.2.15:8774/c3f1376d1fb54826b7afa13039c5c5cf/images/23b39548-e3df-4e9f-aa9c-1ce4c59c9e42", "rel": "bookmark"}]}, "OS-EXT-STS:task_state": "spawning", "OS-EXT-STS:vm_state": "building", "OS-SRV-USG:launched_at": null, "flavor": {"id": "42", "links": [{"href": "http://10.0.2.15:8774/c3f1376d1fb54826b7afa13039c5c5cf/flavors/42", "rel": "bookmark"}]}, "id": "1b723b8f-0971-46d7-93d0-51a205d26c1e", "security_groups": [{"name": "tempest-secgroup-smoke-144553443"}], "OS-SRV-USG:terminated_at": null, "OS-EXT-AZ:availability_zone": "nova", "user_id": "3521038353cf471980d66b3f008a1878", "name": "tempest.common.compute-instance-1483309972", "created": "2015-12-05T13:40:54Z", "tenant_id": "c3f1376d1fb54826b7afa13039c5c5cf", "OS-DCF:diskConfig": "MANUAL", "os-extended-volumes:volumes_attached": [], "accessIPv4": "", "accessIPv6": "", "progress": 0, "OS-EXT-STS:power_state": 0, "config_drive": "", "metadata": {}}}
2015-12-05 13:40:58,721 20311 INFO     [tempest_lib.common.rest_client] Request (TestNetworkAdvancedServerOps:test_server_connectivity_pause_unpause): 200 GET http://10.0.2.15:8774/v2.1/c3f1376d1fb54826b7afa13039c5c5cf/servers/1b723b8f-0971-46d7-93d0-51a205d26c1e 0.210s
2015-12-05 13:40:58,721 20311 DEBUG    [tempest_lib.common.rest_client] Request - Headers: {'Content-Type': 'application/json', 'Accept': 'application/json', 'X-Auth-Token': '&lt;omitted&gt;'}
        Body: None
    Response - Headers: {'status': '200', 'content-length': '1661', 'content-location': 'http://10.0.2.15:8774/v2.1/c3f1376d1fb54826b7afa13039c5c5cf/servers/1b723b8f-0971-46d7-93d0-51a205d26c1e', 'x-compute-request-id': 'req-6b964784-ea51-464d-93af-05a53c9bb2da', 'vary': 'X-OpenStack-Nova-API-Version', 'connection': 'close', 'x-openstack-nova-api-version': '2.1', 'date': 'Sat, 05 Dec 2015 13:40:58 GMT', 'content-type': 'application/json'}
        Body: {"server": {"status": "ACTIVE", "updated": "2015-12-05T13:40:58Z", "hostId": "1da7613b0cf9deb4d0d70f0b8e77e0bdd3cddc54be0f481a09a96015", "addresses": {"tempest-network-smoke--694266755": [{"OS-EXT-IPS-MAC:mac_addr": "fa:16:3e:6b:47:3d", "version": 4, "addr": "10.100.0.3", "OS-EXT-IPS:type": "fixed"}]}, "links": [{"href": "http://10.0.2.15:8774/v2.1/c3f1376d1fb54826b7afa13039c5c5cf/servers/1b723b8f-0971-46d7-93d0-51a205d26c1e", "rel": "self"}, {"href": "http://10.0.2.15:8774/c3f1376d1fb54826b7afa13039c5c5cf/servers/1b723b8f-0971-46d7-93d0-51a205d26c1e", "rel": "bookmark"}], "key_name": "tempest-TestNetworkAdvancedServerOps-1621291472", "image": {"id": "23b39548-e3df-4e9f-aa9c-1ce4c59c9e42", "links": [{"href": "http://10.0.2.15:8774/c3f1376d1fb54826b7afa13039c5c5cf/images/23b39548-e3df-4e9f-aa9c-1ce4c59c9e42", "rel": "bookmark"}]}, "OS-EXT-STS:task_state": null, "OS-EXT-STS:vm_state": "active", "OS-SRV-USG:launched_at": "2015-12-05T13:40:58.000000", "flavor": {"id": "42", "links": [{"href": "http://10.0.2.15:8774/c3f1376d1fb54826b7afa13039c5c5cf/flavors/42", "rel": "bookmark"}]}, "id": "1b723b8f-0971-46d7-93d0-51a205d26c1e", "security_groups": [{"name": "tempest-secgroup-smoke-144553443"}], "OS-SRV-USG:terminated_at": null, "OS-EXT-AZ:availability_zone": "nova", "user_id": "3521038353cf471980d66b3f008a1878", "name": "tempest.common.compute-instance-1483309972", "created": "2015-12-05T13:40:54Z", "tenant_id": "c3f1376d1fb54826b7afa13039c5c5cf", "OS-DCF:diskConfig": "MANUAL", "os-extended-volumes:volumes_attached": [], "accessIPv4": "", "accessIPv6": "", "progress": 0, "OS-EXT-STS:power_state": 1, "config_drive": "True", "metadata": {}}}
2015-12-05 13:40:58,729 20311 INFO     [tempest.common.waiters] State transition "BUILD/spawning" ==&gt; "ACTIVE/None" after 4 second wait
2015-12-05 13:40:58,928 20311 INFO     [tempest_lib.common.rest_client] Request (TestNetworkAdvancedServerOps:test_server_connectivity_pause_unpause): 200 GET http://10.0.2.15:8774/v2.1/c3f1376d1fb54826b7afa13039c5c5cf/servers/1b723b8f-0971-46d7-93d0-51a205d26c1e 0.198s
2015-12-05 13:40:58,928 20311 DEBUG    [tempest_lib.common.rest_client] Request - Headers: {'Content-Type': 'application/json', 'Accept': 'application/json', 'X-Auth-Token': '&lt;omitted&gt;'}
        Body: None
    Response - Headers: {'status': '200', 'content-length': '1661', 'content-location': 'http://10.0.2.15:8774/v2.1/c3f1376d1fb54826b7afa13039c5c5cf/servers/1b723b8f-0971-46d7-93d0-51a205d26c1e', 'x-compute-request-id': 'req-7b25e7f8-d6f7-4acd-93d3-128b75805e4e', 'vary': 'X-OpenStack-Nova-API-Version', 'connection': 'close', 'x-openstack-nova-api-version': '2.1', 'date': 'Sat, 05 Dec 2015 13:40:58 GMT', 'content-type': 'application/json'}
        Body: {"server": {"status": "ACTIVE", "updated": "2015-12-05T13:40:58Z", "hostId": "1da7613b0cf9deb4d0d70f0b8e77e0bdd3cddc54be0f481a09a96015", "addresses": {"tempest-network-smoke--694266755": [{"OS-EXT-IPS-MAC:mac_addr": "fa:16:3e:6b:47:3d", "version": 4, "addr": "10.100.0.3", "OS-EXT-IPS:type": "fixed"}]}, "links": [{"href": "http://10.0.2.15:8774/v2.1/c3f1376d1fb54826b7afa13039c5c5cf/servers/1b723b8f-0971-46d7-93d0-51a205d26c1e", "rel": "self"}, {"href": "http://10.0.2.15:8774/c3f1376d1fb54826b7afa13039c5c5cf/servers/1b723b8f-0971-46d7-93d0-51a205d26c1e", "rel": "bookmark"}], "key_name": "tempest-TestNetworkAdvancedServerOps-1621291472", "image": {"id": "23b39548-e3df-4e9f-aa9c-1ce4c59c9e42", "links": [{"href": "http://10.0.2.15:8774/c3f1376d1fb54826b7afa13039c5c5cf/images/23b39548-e3df-4e9f-aa9c-1ce4c59c9e42", "rel": "bookmark"}]}, "OS-EXT-STS:task_state": null, "OS-EXT-STS:vm_state": "active", "OS-SRV-USG:launched_at": "2015-12-05T13:40:58.000000", "flavor": {"id": "42", "links": [{"href": "http://10.0.2.15:8774/c3f1376d1fb54826b7afa13039c5c5cf/flavors/42", "rel": "bookmark"}]}, "id": "1b723b8f-0971-46d7-93d0-51a205d26c1e", "security_groups": [{"name": "tempest-secgroup-smoke-144553443"}], "OS-SRV-USG:terminated_at": null, "OS-EXT-AZ:availability_zone": "nova", "user_id": "3521038353cf471980d66b3f008a1878", "name": "tempest.common.compute-instance-1483309972", "created": "2015-12-05T13:40:54Z", "tenant_id": "c3f1376d1fb54826b7afa13039c5c5cf", "OS-DCF:diskConfig": "MANUAL", "os-extended-volumes:volumes_attached": [], "accessIPv4": "", "accessIPv6": "", "progress": 0, "OS-EXT-STS:power_state": 1, "config_drive": "True", "metadata": {}}}
2015-12-05 13:40:59,071 20311 INFO     [tempest_lib.common.rest_client] Request (TestNetworkAdvancedServerOps:test_server_connectivity_pause_unpause): 200 GET http://10.0.2.15:9696/v2.0/ports?status=ACTIVE&amp;fixed_ip=None&amp;device_id=1b723b8f-0971-46d7-93d0-51a205d26c1e 0.134s
2015-12-05 13:40:59,072 20311 DEBUG    [tempest_lib.common.rest_client] Request - Headers: {'Content-Type': 'application/json', 'Accept': 'application/json', 'X-Auth-Token': '&lt;omitted&gt;'}
        Body: None
    Response - Headers: {'status': '200', 'content-length': '895', 'content-location': 'http://10.0.2.15:9696/v2.0/ports?status=ACTIVE&amp;fixed_ip=None&amp;device_id=1b723b8f-0971-46d7-93d0-51a205d26c1e', 'connection': 'close', 'date': 'Sat, 05 Dec 2015 13:40:59 GMT', 'content-type': 'application/json; charset=UTF-8', 'x-openstack-request-id': 'req-be618b78-bfdd-4f63-9176-cc10f40008e6'}
        Body: {"ports": [{"status": "ACTIVE", "binding:host_id": "vagrant-ubuntu-trusty-64", "allowed_address_pairs": [], "extra_dhcp_opts": [], "dns_assignment": [{"hostname": "host-10-100-0-3", "ip_address": "10.100.0.3", "fqdn": "host-10-100-0-3.openstacklocal."}], "device_owner": "compute:None", "port_security_enabled": true, "binding:profile": {}, "fixed_ips": [{"subnet_id": "b66b089a-bd4e-4915-b082-f679b72ff0ec", "ip_address": "10.100.0.3"}], "id": "51c8bd40-b76c-49c0-8015-a6fc7d5bbb83", "security_groups": ["c578f99c-49c3-4ee7-b90c-794891576d79"], "device_id": "1b723b8f-0971-46d7-93d0-51a205d26c1e", "name": "", "admin_state_up": true, "network_id": "c4c1046d-4a27-498b-a690-4c2f4ac50a26", "dns_name": "", "binding:vif_details": {"port_filter": true}, "binding:vnic_type": "normal", "binding:vif_type": "ovs", "tenant_id": "c3f1376d1fb54826b7afa13039c5c5cf", "mac_address": "fa:16:3e:6b:47:3d"}]}
2015-12-05 13:40:59,690 20311 INFO     [tempest_lib.common.rest_client] Request (TestNetworkAdvancedServerOps:test_server_connectivity_pause_unpause): 201 POST http://10.0.2.15:9696/v2.0/floatingips 0.617s
2015-12-05 13:40:59,690 20311 DEBUG    [tempest_lib.common.rest_client] Request - Headers: {'Content-Type': 'application/json', 'Accept': 'application/json', 'X-Auth-Token': '&lt;omitted&gt;'}
        Body: {"floatingip": {"floating_network_id": "df4fdd34-9b96-46f3-bd30-ef97033ac24f", "tenant_id": "c3f1376d1fb54826b7afa13039c5c5cf", "fixed_ip_address": "10.100.0.3", "port_id": "51c8bd40-b76c-49c0-8015-a6fc7d5bbb83"}}
    Response - Headers: {'status': '201', 'content-length': '367', 'connection': 'close', 'date': 'Sat, 05 Dec 2015 13:40:59 GMT', 'content-type': 'application/json; charset=UTF-8', 'x-openstack-request-id': 'req-a7c7f3b4-218c-4253-8ba0-e7cb25a380d6'}
        Body: {"floatingip": {"floating_network_id": "df4fdd34-9b96-46f3-bd30-ef97033ac24f", "router_id": "c4b44456-5016-4338-9896-2fdfccdec382", "fixed_ip_address": "10.100.0.3", "floating_ip_address": "172.24.4.4", "tenant_id": "c3f1376d1fb54826b7afa13039c5c5cf", "status": "DOWN", "port_id": "51c8bd40-b76c-49c0-8015-a6fc7d5bbb83", "id": "8041c16c-51dd-4ca1-bb12-d38f11dc0962"}}
2015-12-05 13:40:59,936 20311 INFO     [tempest_lib.common.rest_client] Request (TestNetworkAdvancedServerOps:test_server_connectivity_pause_unpause): 200 GET http://10.0.2.15:8774/v2.1/c3f1376d1fb54826b7afa13039c5c5cf/servers/1b723b8f-0971-46d7-93d0-51a205d26c1e 0.244s
2015-12-05 13:40:59,936 20311 DEBUG    [tempest_lib.common.rest_client] Request - Headers: {'Content-Type': 'application/json', 'Accept': 'application/json', 'X-Auth-Token': '&lt;omitted&gt;'}
        Body: None
    Response - Headers: {'status': '200', 'content-length': '1661', 'content-location': 'http://10.0.2.15:8774/v2.1/c3f1376d1fb54826b7afa13039c5c5cf/servers/1b723b8f-0971-46d7-93d0-51a205d26c1e', 'x-compute-request-id': 'req-28f00ad8-b444-4883-93f7-ac0c22f15659', 'vary': 'X-OpenStack-Nova-API-Version', 'connection': 'close', 'x-openstack-nova-api-version': '2.1', 'date': 'Sat, 05 Dec 2015 13:40:59 GMT', 'content-type': 'application/json'}
        Body: {"server": {"status": "ACTIVE", "updated": "2015-12-05T13:40:58Z", "hostId": "1da7613b0cf9deb4d0d70f0b8e77e0bdd3cddc54be0f481a09a96015", "addresses": {"tempest-network-smoke--694266755": [{"OS-EXT-IPS-MAC:mac_addr": "fa:16:3e:6b:47:3d", "version": 4, "addr": "10.100.0.3", "OS-EXT-IPS:type": "fixed"}]}, "links": [{"href": "http://10.0.2.15:8774/v2.1/c3f1376d1fb54826b7afa13039c5c5cf/servers/1b723b8f-0971-46d7-93d0-51a205d26c1e", "rel": "self"}, {"href": "http://10.0.2.15:8774/c3f1376d1fb54826b7afa13039c5c5cf/servers/1b723b8f-0971-46d7-93d0-51a205d26c1e", "rel": "bookmark"}], "key_name": "tempest-TestNetworkAdvancedServerOps-1621291472", "image": {"id": "23b39548-e3df-4e9f-aa9c-1ce4c59c9e42", "links": [{"href": "http://10.0.2.15:8774/c3f1376d1fb54826b7afa13039c5c5cf/images/23b39548-e3df-4e9f-aa9c-1ce4c59c9e42", "rel": "bookmark"}]}, "OS-EXT-STS:task_state": null, "OS-EXT-STS:vm_state": "active", "OS-SRV-USG:launched_at": "2015-12-05T13:40:58.000000", "flavor": {"id": "42", "links": [{"href": "http://10.0.2.15:8774/c3f1376d1fb54826b7afa13039c5c5cf/flavors/42", "rel": "bookmark"}]}, "id": "1b723b8f-0971-46d7-93d0-51a205d26c1e", "security_groups": [{"name": "tempest-secgroup-smoke-144553443"}], "OS-SRV-USG:terminated_at": null, "OS-EXT-AZ:availability_zone": "nova", "user_id": "3521038353cf471980d66b3f008a1878", "name": "tempest.common.compute-instance-1483309972", "created": "2015-12-05T13:40:54Z", "tenant_id": "c3f1376d1fb54826b7afa13039c5c5cf", "OS-DCF:diskConfig": "MANUAL", "os-extended-volumes:volumes_attached": [], "accessIPv4": "", "accessIPv6": "", "progress": 0, "OS-EXT-STS:power_state": 1, "config_drive": "True", "metadata": {}}}
2015-12-05 13:40:59,945 20311 INFO     [tempest.scenario.manager] Tenant networks not configured to be reachable.
2015-12-05 13:40:59,959 20311 INFO     [tempest_lib.common.rest_client] Request (TestNetworkAdvancedServerOps:test_server_connectivity_pause_unpause): 200 GET http://10.0.2.15:9696/v2.0/floatingips/8041c16c-51dd-4ca1-bb12-d38f11dc0962 0.014s
2015-12-05 13:40:59,960 20311 DEBUG    [tempest_lib.common.rest_client] Request - Headers: {'Content-Type': 'application/json', 'Accept': 'application/json', 'X-Auth-Token': '&lt;omitted&gt;'}
        Body: None
    Response - Headers: {'status': '200', 'content-length': '367', 'content-location': 'http://10.0.2.15:9696/v2.0/floatingips/8041c16c-51dd-4ca1-bb12-d38f11dc0962', 'connection': 'close', 'date': 'Sat, 05 Dec 2015 13:40:59 GMT', 'content-type': 'application/json; charset=UTF-8', 'x-openstack-request-id': 'req-3d5b2e90-1759-45e1-a89c-082f7c6f84b1'}
        Body: {"floatingip": {"floating_network_id": "df4fdd34-9b96-46f3-bd30-ef97033ac24f", "router_id": "c4b44456-5016-4338-9896-2fdfccdec382", "fixed_ip_address": "10.100.0.3", "floating_ip_address": "172.24.4.4", "tenant_id": "c3f1376d1fb54826b7afa13039c5c5cf", "status": "DOWN", "port_id": "51c8bd40-b76c-49c0-8015-a6fc7d5bbb83", "id": "8041c16c-51dd-4ca1-bb12-d38f11dc0962"}}
2015-12-05 13:41:00,975 20311 INFO     [tempest_lib.common.rest_client] Request (TestNetworkAdvancedServerOps:test_server_connectivity_pause_unpause): 200 GET http://10.0.2.15:9696/v2.0/floatingips/8041c16c-51dd-4ca1-bb12-d38f11dc0962 0.013s
2015-12-05 13:41:00,975 20311 DEBUG    [tempest_lib.common.rest_client] Request - Headers: {'Content-Type': 'application/json', 'Accept': 'application/json', 'X-Auth-Token': '&lt;omitted&gt;'}
        Body: None
    Response - Headers: {'status': '200', 'content-length': '369', 'content-location': 'http://10.0.2.15:9696/v2.0/floatingips/8041c16c-51dd-4ca1-bb12-d38f11dc0962', 'connection': 'close', 'date': 'Sat, 05 Dec 2015 13:41:00 GMT', 'content-type': 'application/json; charset=UTF-8', 'x-openstack-request-id': 'req-d549a1f0-bfa7-4ae6-8dd8-c62aedfdea9c'}
        Body: {"floatingip": {"floating_network_id": "df4fdd34-9b96-46f3-bd30-ef97033ac24f", "router_id": "c4b44456-5016-4338-9896-2fdfccdec382", "fixed_ip_address": "10.100.0.3", "floating_ip_address": "172.24.4.4", "tenant_id": "c3f1376d1fb54826b7afa13039c5c5cf", "status": "ACTIVE", "port_id": "51c8bd40-b76c-49c0-8015-a6fc7d5bbb83", "id": "8041c16c-51dd-4ca1-bb12-d38f11dc0962"}}
2015-12-05 13:41:00,975 20311 INFO     [tempest.scenario.manager] FloatingIP: &lt;"FloatingIP" addr="172.24.4.4" id="8041c16c-51dd-4ca1-bb12-d38f11dc0962"&gt; is at status: ACTIVE
2015-12-05 13:41:00,976 20311 DEBUG    [tempest.scenario.manager] checking network connections to IP 172.24.4.4 with user: cirros
2015-12-05 13:41:00,976 20311 DEBUG    [tempest.scenario.manager] TestNetworkAdvancedServerOps:test_server_connectivity_pause_unpause begins to ping 172.24.4.4 in 120 sec and the expected result is reachable
2015-12-05 13:43:01,299 20311 DEBUG    [tempest.scenario.manager] TestNetworkAdvancedServerOps:test_server_connectivity_pause_unpause finishes ping 172.24.4.4 in 120 sec and the ping result is unexpected
2015-12-05 13:43:01,300 20311 ERROR    [tempest.scenario.manager] Public network connectivity check failed
2015-12-05 13:43:01.300 20311 ERROR tempest.scenario.manager Traceback (most recent call last):
2015-12-05 13:43:01.300 20311 ERROR tempest.scenario.manager   File "tempest/scenario/manager.py", line 606, in check_public_network_connectivity
2015-12-05 13:43:01.300 20311 ERROR tempest.scenario.manager     should_connect=should_connect)
2015-12-05 13:43:01.300 20311 ERROR tempest.scenario.manager   File "tempest/scenario/manager.py", line 590, in check_vm_connectivity
2015-12-05 13:43:01.300 20311 ERROR tempest.scenario.manager     msg=msg)
2015-12-05 13:43:01.300 20311 ERROR tempest.scenario.manager   File "/usr/local/lib/python2.7/dist-packages/unittest2/case.py", line 702, in assertTrue
2015-12-05 13:43:01.300 20311 ERROR tempest.scenario.manager     raise self.failureException(msg)
2015-12-05 13:43:01.300 20311 ERROR tempest.scenario.manager AssertionError: False is not true : Timed out waiting for 172.24.4.4 to become reachable
2015-12-05 13:43:01.300 20311 ERROR tempest.scenario.manager 
2015-12-05 13:43:01,510 20311 INFO     [tempest_lib.common.rest_client] Request (TestNetworkAdvancedServerOps:test_server_connectivity_pause_unpause): 200 POST http://10.0.2.15:8774/v2.1/c3f1376d1fb54826b7afa13039c5c5cf/servers/1b723b8f-0971-46d7-93d0-51a205d26c1e/action 0.205s
2015-12-05 13:43:01,511 20311 DEBUG    [tempest_lib.common.rest_client] Request - Headers: {'Content-Type': 'application/json', 'Accept': 'application/json', 'X-Auth-Token': '&lt;omitted&gt;'}
        Body: {"os-getConsoleOutput": {}}
    Response - Headers: {'status': '200', 'content-length': '17468', 'x-compute-request-id': 'req-336698a2-92f7-47a9-8637-03e3f7767ccf', 'vary': 'X-OpenStack-Nova-API-Version', 'connection': 'close', 'x-openstack-nova-api-version': '2.1', 'date': 'Sat, 05 Dec 2015 13:43:01 GMT', 'content-type': 'application/json'}
        Body: {"output": "[    0.000000] Initializing cgroup subsys cpuset\n[    0.000000] Initializing cgroup subsys cpu\n[    0.000000] Linux version 3.2.0-80-virtual (buildd@batsu) (gcc version 4.6.3 (Ubuntu/Linaro 4.6.3-1ubuntu5) ) #116-Ubuntu SMP Mon Mar 23 17:28:52 UTC 2015 (Ubuntu 3.2.0-80.116-virtual 3.2.68)\n[    0.000000] Command line: root=/dev/vda console=tty0 console=ttyS0 no_timer_check\n[    0.000000] KERNEL supported cpus:\n[    0.000000]   Intel GenuineIntel\n[    0.000000]   AMD AuthenticAMD\n[    0.000000]   Centaur CentaurHauls\n[    0.000000] BIOS-provided physical RAM map:\n[    0.000000]  BIOS-e820: 0000000000000000 - 000000000009fc00 (usable)\n[    0.000000]  BIOS-e820: 000000000009fc00 - 00000000000a0000 (reserved)\n[    0.000000]  BIOS-e820: 00000000000f0000 - 0000000000100000 (reserved)\n[    0.000000]  BIOS-e820: 0000000000100000 - 0000000003ffe000 (usable)\n[    0.000000]  BIOS-e820: 0000000003ffe000 - 0000000004000000 (reserved)\n[    0.000000]  BIOS-e820: 00000000fffc0000 - 0000000100000000 (reserved)\n[    0.000000] NX (Execute Disable) protection: active\n[    0.000000] SMBIOS 2.4 present.\n[    0.000000] No AGP bridge found\n[    0.000000] last_pfn = 0x3ffe max_arch_pfn = 0x400000000\n[    0.000000] x86 PAT enabled: cpu 0, old 0x7040600070406, new 0x7010600070106\n[    0.000000] found SMP MP-table at [ffff8800000f0b00] f0b00\n[    0.000000] init_memory_mapping: 0000000000000000-0000000003ffe000\n[    0.000000] RAMDISK: 03c5e000 - 03ff0000\n[    0.000000] ACPI: RSDP 00000000000f0950 00014 (v00 BOCHS )\n[    0.000000] ACPI: RSDT 0000000003fffbc1 00034 (v01 BOCHS  BXPCRSDT 00000001 BXPC 00000001)\n[    0.000000] ACPI: FACP 0000000003fff1c0 00074 (v01 BOCHS  BXPCFACP 00000001 BXPC 00000001)\n[    0.000000] ACPI: DSDT 0000000003ffe040 01180 (v01 BOCHS  BXPCDSDT 00000001 BXPC 00000001)\n[    0.000000] ACPI: FACS 0000000003ffe000 00040\n[    0.000000] ACPI: SSDT 0000000003fff234 008DD (v01 BOCHS  BXPCSSDT 00000001 BXPC 00000001)\n[    0.000000] ACPI: APIC 0000000003fffb11 00078 (v01 BOCHS  BXPCAPIC 00000001 BXPC 00000001)\n[    0.000000] ACPI: HPET 0000000003fffb89 00038 (v01 BOCHS  BXPCHPET 00000001 BXPC 00000001)\n[    0.000000] No NUMA configuration found\n[    0.000000] Faking a node at 0000000000000000-0000000003ffe000\n[    0.000000] Initmem setup node 0 0000000000000000-0000000003ffe000\n[    0.000000]   NODE_DATA [0000000003ff6000 - 0000000003ffafff]\n[    0.000000] Zone PFN ranges:\n[    0.000000]   DMA      0x00000010 -&gt; 0x00001000\n[    0.000000]   DMA32    0x00001000 -&gt; 0x00100000\n[    0.000000]   Normal   empty\n[    0.000000] Movable zone start PFN for each node\n[    0.000000] early_node_map[2] active PFN ranges\n[    0.000000]     0: 0x00000010 -&gt; 0x0000009f\n[    0.000000]     0: 0x00000100 -&gt; 0x00003ffe\n[    0.000000] ACPI: PM-Timer IO Port: 0xb008\n[    0.000000] ACPI: LAPIC (acpi_id[0x00] lapic_id[0x00] enabled)\n[    0.000000] ACPI: LAPIC_NMI (acpi_id[0xff] dfl dfl lint[0x1])\n[    0.000000] ACPI: IOAPIC (id[0x00] address[0xfec00000] gsi_base[0])\n[    0.000000] IOAPIC[0]: apic_id 0, version 17, address 0xfec00000, GSI 0-23\n[    0.000000] ACPI: INT_SRC_OVR (bus 0 bus_irq 0 global_irq 2 dfl dfl)\n[    0.000000] ACPI: INT_SRC_OVR (bus 0 bus_irq 5 global_irq 5 high level)\n[    0.000000] ACPI: INT_SRC_OVR (bus 0 bus_irq 9 global_irq 9 high level)\n[    0.000000] ACPI: INT_SRC_OVR (bus 0 bus_irq 10 global_irq 10 high level)\n[    0.000000] ACPI: INT_SRC_OVR (bus 0 bus_irq 11 global_irq 11 high level)\n[    0.000000] Using ACPI (MADT) for SMP configuration information\n[    0.000000] ACPI: HPET id: 0x8086a201 base: 0xfed00000\n[    0.000000] SMP: Allowing 1 CPUs, 0 hotplug CPUs\n[    0.000000] PM: Registered nosave memory: 000000000009f000 - 00000000000a0000\n[    0.000000] PM: Registered nosave memory: 00000000000a0000 - 00000000000f0000\n[    0.000000] PM: Registered nosave memory: 00000000000f0000 - 0000000000100000\n[    0.000000] Allocating PCI resources starting at 4000000 (gap: 4000000:fbfc0000)\n[    0.000000] Booting paravirtualized kernel on bare hardware\n[    0.000000] setup_pe
2015-12-05 13:43:01,514 20311 DEBUG    [tempest.scenario.manager] Console output for 1b723b8f-0971-46d7-93d0-51a205d26c1e
body=
[    0.000000] Initializing cgroup subsys cpuset
[    0.000000] Initializing cgroup subsys cpu
[    0.000000] Linux version 3.2.0-80-virtual (buildd@batsu) (gcc version 4.6.3 (Ubuntu/Linaro 4.6.3-1ubuntu5) ) #116-Ubuntu SMP Mon Mar 23 17:28:52 UTC 2015 (Ubuntu 3.2.0-80.116-virtual 3.2.68)
[    0.000000] Command line: root=/dev/vda console=tty0 console=ttyS0 no_timer_check
[    0.000000] KERNEL supported cpus:
[    0.000000]   Intel GenuineIntel
[    0.000000]   AMD AuthenticAMD
[    0.000000]   Centaur CentaurHauls
[    0.000000] BIOS-provided physical RAM map:
[    0.000000]  BIOS-e820: 0000000000000000 - 000000000009fc00 (usable)
[    0.000000]  BIOS-e820: 000000000009fc00 - 00000000000a0000 (reserved)
[    0.000000]  BIOS-e820: 00000000000f0000 - 0000000000100000 (reserved)
[    0.000000]  BIOS-e820: 0000000000100000 - 0000000003ffe000 (usable)
[    0.000000]  BIOS-e820: 0000000003ffe000 - 0000000004000000 (reserved)
[    0.000000]  BIOS-e820: 00000000fffc0000 - 0000000100000000 (reserved)
[    0.000000] NX (Execute Disable) protection: active
[    0.000000] SMBIOS 2.4 present.
[    0.000000] No AGP bridge found
[    0.000000] last_pfn = 0x3ffe max_arch_pfn = 0x400000000
[    0.000000] x86 PAT enabled: cpu 0, old 0x7040600070406, new 0x7010600070106
[    0.000000] found SMP MP-table at [ffff8800000f0b00] f0b00
[    0.000000] init_memory_mapping: 0000000000000000-0000000003ffe000
[    0.000000] RAMDISK: 03c5e000 - 03ff0000
[    0.000000] ACPI: RSDP 00000000000f0950 00014 (v00 BOCHS )
[    0.000000] ACPI: RSDT 0000000003fffbc1 00034 (v01 BOCHS  BXPCRSDT 00000001 BXPC 00000001)
[    0.000000] ACPI: FACP 0000000003fff1c0 00074 (v01 BOCHS  BXPCFACP 00000001 BXPC 00000001)
[    0.000000] ACPI: DSDT 0000000003ffe040 01180 (v01 BOCHS  BXPCDSDT 00000001 BXPC 00000001)
[    0.000000] ACPI: FACS 0000000003ffe000 00040
[    0.000000] ACPI: SSDT 0000000003fff234 008DD (v01 BOCHS  BXPCSSDT 00000001 BXPC 00000001)
[    0.000000] ACPI: APIC 0000000003fffb11 00078 (v01 BOCHS  BXPCAPIC 00000001 BXPC 00000001)
[    0.000000] ACPI: HPET 0000000003fffb89 00038 (v01 BOCHS  BXPCHPET 00000001 BXPC 00000001)
[    0.000000] No NUMA configuration found
[    0.000000] Faking a node at 0000000000000000-0000000003ffe000
[    0.000000] Initmem setup node 0 0000000000000000-0000000003ffe000
[    0.000000]   NODE_DATA [0000000003ff6000 - 0000000003ffafff]
[    0.000000] Zone PFN ranges:
[    0.000000]   DMA      0x00000010 -&gt; 0x00001000
[    0.000000]   DMA32    0x00001000 -&gt; 0x00100000
[    0.000000]   Normal   empty
[    0.000000] Movable zone start PFN for each node
[    0.000000] early_node_map[2] active PFN ranges
[    0.000000]     0: 0x00000010 -&gt; 0x0000009f
[    0.000000]     0: 0x00000100 -&gt; 0x00003ffe
[    0.000000] ACPI: PM-Timer IO Port: 0xb008
[    0.000000] ACPI: LAPIC (acpi_id[0x00] lapic_id[0x00] enabled)
[    0.000000] ACPI: LAPIC_NMI (acpi_id[0xff] dfl dfl lint[0x1])
[    0.000000] ACPI: IOAPIC (id[0x00] address[0xfec00000] gsi_base[0])
[    0.000000] IOAPIC[0]: apic_id 0, version 17, address 0xfec00000, GSI 0-23
[    0.000000] ACPI: INT_SRC_OVR (bus 0 bus_irq 0 global_irq 2 dfl dfl)
[    0.000000] ACPI: INT_SRC_OVR (bus 0 bus_irq 5 global_irq 5 high level)
[    0.000000] ACPI: INT_SRC_OVR (bus 0 bus_irq 9 global_irq 9 high level)
[    0.000000] ACPI: INT_SRC_OVR (bus 0 bus_irq 10 global_irq 10 high level)
[    0.000000] ACPI: INT_SRC_OVR (bus 0 bus_irq 11 global_irq 11 high level)
[    0.000000] Using ACPI (MADT) for SMP configuration information
[    0.000000] ACPI: HPET id: 0x8086a201 base: 0xfed00000
[    0.000000] SMP: Allowing 1 CPUs, 0 hotplug CPUs
[    0.000000] PM: Registered nosave memory: 000000000009f000 - 00000000000a0000
[    0.000000] PM: Registered nosave memory: 00000000000a0000 - 00000000000f0000
[    0.000000] PM: Registered nosave memory: 00000000000f0000 - 0000000000100000
[    0.000000] Allocating PCI resources starting at 4000000 (gap: 4000000:fbfc0000)
[    0.000000] Booting paravirtualized kernel on bare hardware
[    0.000000] setup_percpu: NR_CPUS:64 nr_cpumask_bits:64 nr_cpu_ids:1 nr_node_ids:1
[    0.000000] PERCPU: Embedded 27 pages/cpu @ffff880003a00000 s78848 r8192 d23552 u2097152
[    0.000000] Built 1 zonelists in Node order, mobility grouping on.  Total pages: 16008
[    0.000000] Policy zone: DMA32
[    0.000000] Kernel command line: root=/dev/vda console=tty0 console=ttyS0 no_timer_check
[    0.000000] PID hash table entries: 256 (order: -1, 2048 bytes)
[    0.000000] Checking aperture...
[    0.000000] No AGP bridge found
[    0.000000] Memory: 43492k/65528k available (6576k kernel code, 452k absent, 21584k reserved, 6620k data, 928k init)
[    0.000000] SLUB: Genslabs=15, HWalign=64, Order=0-3, MinObjects=0, CPUs=1, Nodes=1
[    0.000000] Hierarchical RCU implementation.
[    0.000000] 	RCU dyntick-idle grace-period acceleration is enabled.
[    0.000000] NR_IRQS:4352 nr_irqs:256 16
[    0.000000] Console: colour VGA+ 80x25
[    0.000000] console [tty0] enabled
[    0.000000] console [ttyS0] enabled
[    0.000000] allocated 1048576 bytes of page_cgroup
[    0.000000] please try 'cgroup_disable=memory' option if you don't want memory cgroups
[    0.000000] Fast TSC calibration failed
[    0.000000] TSC: Unable to calibrate against PIT
[    0.000000] TSC: using HPET reference calibration
[    0.000000] Detected 2294.420 MHz processor.
[    0.032795] Calibrating delay loop (skipped), value calculated using timer frequency.. 4588.84 BogoMIPS (lpj=9177680)
[    0.036860] pid_max: default: 32768 minimum: 301
[    0.045060] Security Framework initialized
[    0.048786] AppArmor: AppArmor initialized
[    0.049505] Yama: becoming mindful.
[    0.060601] Dentry cache hash table entries: 8192 (order: 4, 65536 bytes)
[    0.062617] Inode-cache hash table entries: 4096 (order: 3, 32768 bytes)
[    0.065622] Mount-cache hash table entries: 256
[    0.085591] Initializing cgroup subsys cpuacct
[    0.086622] Initializing cgroup subsys memory
[    0.088211] Initializing cgroup subsys devices
[    0.088948] Initializing cgroup subsys freezer
[    0.089633] Initializing cgroup subsys blkio
[    0.090462] Initializing cgroup subsys perf_event
[    0.096164] mce: CPU supports 10 MCE banks
[    0.099006] SMP alternatives: switching to UP code
[    0.493443] Freeing SMP alternatives: 24k freed
[    0.495248] ACPI: Core revision 20110623
[    0.540457] ftrace: allocating 26610 entries in 105 pages
[    0.572035] ..TIMER: vector=0x30 apic1=0 pin1=2 apic2=-1 pin2=-1
[    0.572136] CPU0: AMD QEMU Virtual CPU version 2.0.0 stepping 03
[    0.580035] Performance Events: Broken PMU hardware detected, using software events only.
[    0.589022] NMI watchdog disabled (cpu0): hardware events not enabled
[    0.590704] Brought up 1 CPUs
[    0.592102] Total of 1 processors activated (4588.84 BogoMIPS).
[    0.614085] devtmpfs: initialized
[    0.642347] EVM: security.selinux
[    0.642756] EVM: security.SMACK64
[    0.643191] EVM: security.capability
[    0.664313] print_constraints: dummy: 
[    0.665585] RTC time: 13:41:01, date: 12/05/15
[    0.668237] NET: Registered protocol family 16
[    0.676264] ACPI: bus type pci registered
[    0.679089] PCI: Using configuration type 1 for base access
[    0.714600] bio: create slab &lt;bio-0&gt; at 0
[    0.724388] ACPI: Added _OSI(Module Device)
[    0.724998] ACPI: Added _OSI(Processor Device)
[    0.725593] ACPI: Added _OSI(3.0 _SCP Extensions)
[    0.726177] ACPI: Added _OSI(Processor Aggregator Device)
[    0.796409] ACPI: Interpreter enabled
[    0.797034] ACPI: (supports S0 S3 S4 S5)
[    0.798517] ACPI: Using IOAPIC for interrupt routing
[    0.865787] ACPI: No dock devices found.
[    0.866868] HEST: Table not found.
[    0.868079] PCI: Using host bridge windows from ACPI; if necessary, use "pci=nocrs" and report a bug
[    0.881078] ACPI: PCI Root Bridge [PCI0] (domain 0000 [bus 00-ff])
[    0.892675] pci_root PNP0A03:00: host bridge window [io  0x0000-0x0cf7]
[    0.893694] pci_root PNP0A03:00: host bridge window [io  0x0d00-0xadff]
[    0.894897] pci_root PNP0A03:00: host bridge window [io  0xae0f-0xaeff]
[    0.896115] pci_root PNP0A03:00: host bridge window [io  0xaf20-0xafdf]
[    0.896893] pci_root PNP0A03:00: host bridge window [io  0xafe4-0xffff]
[    0.897833] pci_root PNP0A03:00: host bridge window [mem 0x000a0000-0x000bffff]
[    0.900147] pci_root PNP0A03:00: host bridge window [mem 0x04000000-0xfebfffff]
[    0.924913] pci 0000:00:01.3: quirk: [io  0xb000-0xb03f] claimed by PIIX4 ACPI
[    0.925875] pci 0000:00:01.3: quirk: [io  0xb100-0xb10f] claimed by PIIX4 SMB
[    1.004253]  pci0000:00: Unable to request _OSC control (_OSC support mask: 0x1e)
[    1.068689] ACPI: PCI Interrupt Link [LNKA] (IRQs 5 *10 11)
[    1.070642] ACPI: PCI Interrupt Link [LNKB] (IRQs 5 *10 11)
[    1.072911] ACPI: PCI Interrupt Link [LNKC] (IRQs 5 10 *11)
[    1.074478] ACPI: PCI Interrupt Link [LNKD] (IRQs 5 10 *11)
[    1.076533] ACPI: PCI Interrupt Link [LNKS] (IRQs *9)
[    1.082511] vgaarb: device added: PCI:0000:00:02.0,decodes=io+mem,owns=io+mem,locks=none
[    1.083447] vgaarb: loaded
[    1.084176] vgaarb: bridge control possible 0000:00:02.0
[    1.088350] i2c-core: driver [aat2870] using legacy suspend method
[    1.089039] i2c-core: driver [aat2870] using legacy resume method
[    1.092311] SCSI subsystem initialized
[    1.095007] usbcore: registered new interface driver usbfs
[    1.096650] usbcore: registered new interface driver hub
[    1.097832] usbcore: registered new device driver usb
[    1.102149] PCI: Using ACPI for IRQ routing
[    1.113273] NetLabel: Initializing
[    1.113713] NetLabel:  domain hash size = 128
[    1.114347] NetLabel:  protocols = UNLABELED CIPSOv4
[    1.117071] NetLabel:  unlabeled traffic allowed by default
[    1.119019] HPET: 3 timers in total, 0 timers will be used for per-cpu timer
[    1.120470] hpet0: at MMIO 0xfed00000, IRQs 2, 8, 0
[    1.121301] hpet0: 3 comparators, 64-bit 100.000000 MHz counter
[    1.134454] Switching to clocksource hpet
[    1.415628] AppArmor: AppArmor Filesystem Enabled
[    1.418482] pnp: PnP ACPI init
[    1.419165] ACPI: bus type pnp registered
[    1.440091] pnp: PnP ACPI: found 9 devices
[    1.441116] ACPI: ACPI bus type pnp unregistered
[    1.509811] NET: Registered protocol family 2
[    1.543458] IP route cache hash table entries: 512 (order: 0, 4096 bytes)
[    1.550822] TCP established hash table entries: 2048 (order: 3, 32768 bytes)
[    1.552210] TCP bind hash table entries: 2048 (order: 3, 32768 bytes)
[    1.554291] TCP: Hash tables configured (established 2048 bind 2048)
[    1.555205] TCP reno registered
[    1.555732] UDP hash table entries: 128 (order: 0, 4096 bytes)
[    1.557424] UDP-Lite hash table entries: 128 (order: 0, 4096 bytes)
[    1.559376] NET: Registered protocol family 1
[    1.561827] pci 0000:00:00.0: Limiting direct PCI/PCI transfers
[    1.562626] pci 0000:00:01.0: PIIX3: Enabling Passive Release
[    1.563526] pci 0000:00:01.0: Activating ISA DMA hang workarounds
[    1.569212] ACPI: PCI Interrupt Link [LNKD] enabled at IRQ 11
[    1.570204] pci 0000:00:01.2: PCI INT D -&gt; Link[LNKD] -&gt; GSI 11 (level, high) -&gt; IRQ 11
[    1.572365] pci 0000:00:01.2: PCI INT D disabled
[    1.590554] Trying to unpack rootfs image as initramfs...
[    1.605949] audit: initializing netlink socket (disabled)
[    1.607424] type=2000 audit(1449322861.604:1): initialized
[    1.879040] HugeTLB registered 2 MB page size, pre-allocated 0 pages
[    1.959187] VFS: Disk quotas dquot_6.5.2
[    1.960081] Dquot-cache hash table entries: 512 (order 0, 4096 bytes)
[    1.976171] fuse init (API version 7.17)
[    1.979892] msgmni has been set to 84
[    2.018248] Block layer SCSI generic (bsg) driver version 0.4 loaded (major 253)
[    2.022827] io scheduler noop registered
[    2.023326] io scheduler deadline registered (default)
[    2.025397] io scheduler cfq registered
[    2.029476] pci_hotplug: PCI Hot Plug PCI Core version: 0.5
[    2.031292] pciehp: PCI Express Hot Plug Controller Driver version: 0.4
[    2.038023] input: Power Button as /devices/LNXSYSTM:00/LNXPWRBN:00/input/input0
[    2.039745] ACPI: Power Button [PWRF]
[    2.094326] ERST: Table is not found!
[    2.094881] GHES: HEST is not enabled!
[    2.103902] ACPI: PCI Interrupt Link [LNKC] enabled at IRQ 10
[    2.105806] virtio-pci 0000:00:03.0: PCI INT A -&gt; Link[LNKC] -&gt; GSI 10 (level, high) -&gt; IRQ 10
[    2.109053] virtio-pci 0000:00:04.0: PCI INT A -&gt; Link[LNKD] -&gt; GSI 11 (level, high) -&gt; IRQ 11
[    2.122208] ACPI: PCI Interrupt Link [LNKA] enabled at IRQ 10
[    2.122947] virtio-pci 0000:00:05.0: PCI INT A -&gt; Link[LNKA] -&gt; GSI 10 (level, high) -&gt; IRQ 10
[    2.135556] Serial: 8250/16550 driver, 32 ports, IRQ sharing enabled
[    2.186830] serial8250: ttyS0 at I/O 0x3f8 (irq = 4) is a 16550A
[    2.279396] serial8250: ttyS1 at I/O 0x2f8 (irq = 3) is a 16550A
[    2.398862] 00:05: ttyS0 at I/O 0x3f8 (irq = 4) is a 16550A
[    2.481390] 00:06: ttyS1 at I/O 0x2f8 (irq = 3) is a 16550A
[    2.528302] Linux agpgart interface v0.103
[    2.577682] Refined TSC clocksource calibration: 2294.478 MHz.
[    2.578517] Switching to clocksource tsc
[    2.607694] brd: module loaded
[    2.638292] loop: module loaded
[    2.686436]  vda: unknown partition table
[    2.738171] scsi0 : ata_piix
[    2.750624] scsi1 : ata_piix
[    2.752092] ata1: PATA max MWDMA2 cmd 0x1f0 ctl 0x3f6 bmdma 0xc0a0 irq 14
[    2.754390] ata2: PATA max MWDMA2 cmd 0x170 ctl 0x376 bmdma 0xc0a8 irq 15
[    2.765819] Fixed MDIO Bus: probed
[    2.766703] tun: Universal TUN/TAP device driver, 1.6
[    2.767322] tun: (C) 1999-2004 Max Krasnyansky &lt;maxk@qualcomm.com&gt;
[    2.782137] PPP generic driver version 2.4.2
[    2.805261] ehci_hcd: USB 2.0 'Enhanced' Host Controller (EHCI) Driver
[    2.806402] ohci_hcd: USB 1.1 'Open' Host Controller (OHCI) Driver
[    2.807340] uhci_hcd: USB Universal Host Controller Interface driver
[    2.809167] uhci_hcd 0000:00:01.2: PCI INT D -&gt; Link[LNKD] -&gt; GSI 11 (level, high) -&gt; IRQ 11
[    2.811404] uhci_hcd 0000:00:01.2: UHCI Host Controller
[    2.825544] uhci_hcd 0000:00:01.2: new USB bus registered, assigned bus number 1
[    2.827127] uhci_hcd 0000:00:01.2: irq 11, io base 0x0000c040
[    2.860783] hub 1-0:1.0: USB hub found
[    2.863180] hub 1-0:1.0: 2 ports detected
[    2.869833] usbcore: registered new interface driver libusual
[    2.876097] i8042: PNP: PS/2 Controller [PNP0303:KBD,PNP0f13:MOU] at 0x60,0x64 irq 1,12
[    2.892033] serio: i8042 KBD port at 0x60,0x64 irq 1
[    2.895484] serio: i8042 AUX port at 0x60,0x64 irq 12
[    2.960014] mousedev: PS/2 mouse device common for all mice
[    2.964903] ata2.01: ATAPI: QEMU DVD-ROM, 2.0.0, max UDMA/100
[    2.977858] input: AT Translated Set 2 keyboard as /devices/platform/i8042/serio0/input/input1
[    2.983343] rtc_cmos 00:01: RTC can wake from S4
[    2.999096] rtc_cmos 00:01: rtc core: registered rtc_cmos as rtc0
[    3.006710] rtc0: alarms up to one day, 114 bytes nvram, hpet irqs
[    3.015470] device-mapper: uevent: version 1.0.3
[    3.029298] ata2.01: configured for MWDMA2
[    3.074396] scsi 1:0:1:0: CD-ROM            QEMU     QEMU DVD-ROM     2.0. PQ: 0 ANSI: 5
[    3.093384] device-mapper: ioctl: 4.22.0-ioctl (2011-10-19) initialised: dm-devel@redhat.com
[    3.097308] cpuidle: using governor ladder
[    3.098331] cpuidle: using governor menu
[    3.098832] EFI Variables Facility v0.08 2004-May-17
[    3.109815] TCP cubic registered
[    3.116797] NET: Registered protocol family 10
[    3.155883] NET: Registered protocol family 17
[    3.157587] Registering the dns_resolver key type
[    3.200017] sr0: scsi3-mmc drive: 4x/4x cd/rw xa/form2 tray
[    3.202476] cdrom: Uniform CD-ROM driver Revision: 3.20
[    3.214228] sr 1:0:1:0: Attached scsi generic sg0 type 5
[    3.272068] registered taskstats version 1
[    3.363033] Freeing initrd memory: 3656k freed
[    3.884059]   Magic number: 11:921:684
[    3.889575] mem full: hash matches
[    3.894687] rtc_cmos 00:01: setting system clock to 2015-12-05 13:41:04 UTC (1449322864)
[    3.899773] powernow-k8: Processor cpuid 663 not supported
[    3.905069] BIOS EDD facility v0.16 2004-Jun-25, 0 devices found
[    3.905781] EDD information not available.
[    3.955738] Freeing unused kernel memory: 928k freed
[    3.959996] Write protecting the kernel read-only data: 12288k
[    4.034965] Freeing unused kernel memory: 1596k freed
[    4.093873] Freeing unused kernel memory: 1184k freed

info: initramfs: up at 4.29
modprobe: module virtio_blk not found in modules.dep
modprobe: module virtio_net not found in modules.dep
info: copying initramfs to /dev/vda
info: initramfs loading root from /dev/vda
info: /etc/init.d/rc.sysinit: up at 8.41
info: container: none
Starting logging: OK
modprobe: module virtio_blk not found in modules.dep
modprobe: module virtio_net not found in modules.dep
WARN: /etc/rc3.d/S10-load-modules failed
Initializing random number generator... done.
Starting acpid: OK
cirros-ds 'local' up at 11.01
found datasource (configdrive, local)
Starting network...
udhcpc (v1.20.1) started
Sending discover...
Sending discover...

2015-12-05 13:43:01,794 20311 INFO     [tempest_lib.common.rest_client] Request (TestNetworkAdvancedServerOps:_run_cleanups): 204 DELETE http://10.0.2.15:9696/v2.0/floatingips/8041c16c-51dd-4ca1-bb12-d38f11dc0962 0.274s
2015-12-05 13:43:01,794 20311 DEBUG    [tempest_lib.common.rest_client] Request - Headers: {'Content-Type': 'application/json', 'Accept': 'application/json', 'X-Auth-Token': '&lt;omitted&gt;'}
        Body: None
    Response - Headers: {'date': 'Sat, 05 Dec 2015 13:43:01 GMT', 'status': '204', 'connection': 'close', 'content-length': '0', 'x-openstack-request-id': 'req-83919e2f-add5-42b1-b8e8-48eb997df9e6'}
        Body: 
2015-12-05 13:43:02,001 20311 INFO     [tempest_lib.common.rest_client] Request (TestNetworkAdvancedServerOps:_run_cleanups): 204 DELETE http://10.0.2.15:8774/v2.1/c3f1376d1fb54826b7afa13039c5c5cf/servers/1b723b8f-0971-46d7-93d0-51a205d26c1e 0.207s
2015-12-05 13:43:02,002 20311 DEBUG    [tempest_lib.common.rest_client] Request - Headers: {'Content-Type': 'application/json', 'Accept': 'application/json', 'X-Auth-Token': '&lt;omitted&gt;'}
        Body: None
    Response - Headers: {'status': '204', 'content-length': '0', 'x-compute-request-id': 'req-54cd0ce6-9707-4ee3-a902-4c91c20def20', 'vary': 'X-OpenStack-Nova-API-Version', 'connection': 'close', 'x-openstack-nova-api-version': '2.1', 'date': 'Sat, 05 Dec 2015 13:43:02 GMT', 'content-type': 'application/json'}
        Body: 
2015-12-05 13:43:02,212 20311 INFO     [tempest_lib.common.rest_client] Request (TestNetworkAdvancedServerOps:_run_cleanups): 200 GET http://10.0.2.15:8774/v2.1/c3f1376d1fb54826b7afa13039c5c5cf/servers/1b723b8f-0971-46d7-93d0-51a205d26c1e 0.210s
2015-12-05 13:43:02,213 20311 DEBUG    [tempest_lib.common.rest_client] Request - Headers: {'Content-Type': 'application/json', 'Accept': 'application/json', 'X-Auth-Token': '&lt;omitted&gt;'}
        Body: None
    Response - Headers: {'status': '200', 'content-length': '1784', 'content-location': 'http://10.0.2.15:8774/v2.1/c3f1376d1fb54826b7afa13039c5c5cf/servers/1b723b8f-0971-46d7-93d0-51a205d26c1e', 'x-compute-request-id': 'req-31add730-6365-444b-bfb7-e865e2540365', 'vary': 'X-OpenStack-Nova-API-Version', 'connection': 'close', 'x-openstack-nova-api-version': '2.1', 'date': 'Sat, 05 Dec 2015 13:43:02 GMT', 'content-type': 'application/json'}
        Body: {"server": {"status": "ACTIVE", "updated": "2015-12-05T13:43:01Z", "hostId": "1da7613b0cf9deb4d0d70f0b8e77e0bdd3cddc54be0f481a09a96015", "addresses": {"tempest-network-smoke--694266755": [{"OS-EXT-IPS-MAC:mac_addr": "fa:16:3e:6b:47:3d", "version": 4, "addr": "10.100.0.3", "OS-EXT-IPS:type": "fixed"}, {"OS-EXT-IPS-MAC:mac_addr": "fa:16:3e:6b:47:3d", "version": 4, "addr": "172.24.4.4", "OS-EXT-IPS:type": "floating"}]}, "links": [{"href": "http://10.0.2.15:8774/v2.1/c3f1376d1fb54826b7afa13039c5c5cf/servers/1b723b8f-0971-46d7-93d0-51a205d26c1e", "rel": "self"}, {"href": "http://10.0.2.15:8774/c3f1376d1fb54826b7afa13039c5c5cf/servers/1b723b8f-0971-46d7-93d0-51a205d26c1e", "rel": "bookmark"}], "key_name": "tempest-TestNetworkAdvancedServerOps-1621291472", "image": {"id": "23b39548-e3df-4e9f-aa9c-1ce4c59c9e42", "links": [{"href": "http://10.0.2.15:8774/c3f1376d1fb54826b7afa13039c5c5cf/images/23b39548-e3df-4e9f-aa9c-1ce4c59c9e42", "rel": "bookmark"}]}, "OS-EXT-STS:task_state": "deleting", "OS-EXT-STS:vm_state": "active", "OS-SRV-USG:launched_at": "2015-12-05T13:40:58.000000", "flavor": {"id": "42", "links": [{"href": "http://10.0.2.15:8774/c3f1376d1fb54826b7afa13039c5c5cf/flavors/42", "rel": "bookmark"}]}, "id": "1b723b8f-0971-46d7-93d0-51a205d26c1e", "security_groups": [{"name": "tempest-secgroup-smoke-144553443"}], "OS-SRV-USG:terminated_at": null, "OS-EXT-AZ:availability_zone": "nova", "user_id": "3521038353cf471980d66b3f008a1878", "name": "tempest.common.compute-instance-1483309972", "created": "2015-12-05T13:40:54Z", "tenant_id": "c3f1376d1fb54826b7afa13039c5c5cf", "OS-DCF:diskConfig": "MANUAL", "os-extended-volumes:volumes_attached": [], "accessIPv4": "", "accessIPv6": "", "progress": 0, "OS-EXT-STS:power_state": 1, "config_drive": "True", "metadata": {}}}
2015-12-05 13:43:03,399 20311 INFO     [tempest_lib.common.rest_client] Request (TestNetworkAdvancedServerOps:_run_cleanups): 200 GET http://10.0.2.15:8774/v2.1/c3f1376d1fb54826b7afa13039c5c5cf/servers/1b723b8f-0971-46d7-93d0-51a205d26c1e 0.173s
2015-12-05 13:43:03,399 20311 DEBUG    [tempest_lib.common.rest_client] Request - Headers: {'Content-Type': 'application/json', 'Accept': 'application/json', 'X-Auth-Token': '&lt;omitted&gt;'}
        Body: None
    Response - Headers: {'status': '200', 'content-length': '1450', 'content-location': 'http://10.0.2.15:8774/v2.1/c3f1376d1fb54826b7afa13039c5c5cf/servers/1b723b8f-0971-46d7-93d0-51a205d26c1e', 'x-compute-request-id': 'req-24da3ee7-ce41-4e67-9431-6df55f53d453', 'vary': 'X-OpenStack-Nova-API-Version', 'connection': 'close', 'x-openstack-nova-api-version': '2.1', 'date': 'Sat, 05 Dec 2015 13:43:03 GMT', 'content-type': 'application/json'}
        Body: {"server": {"status": "ACTIVE", "updated": "2015-12-05T13:43:02Z", "hostId": "1da7613b0cf9deb4d0d70f0b8e77e0bdd3cddc54be0f481a09a96015", "addresses": {}, "links": [{"href": "http://10.0.2.15:8774/v2.1/c3f1376d1fb54826b7afa13039c5c5cf/servers/1b723b8f-0971-46d7-93d0-51a205d26c1e", "rel": "self"}, {"href": "http://10.0.2.15:8774/c3f1376d1fb54826b7afa13039c5c5cf/servers/1b723b8f-0971-46d7-93d0-51a205d26c1e", "rel": "bookmark"}], "key_name": "tempest-TestNetworkAdvancedServerOps-1621291472", "image": {"id": "23b39548-e3df-4e9f-aa9c-1ce4c59c9e42", "links": [{"href": "http://10.0.2.15:8774/c3f1376d1fb54826b7afa13039c5c5cf/images/23b39548-e3df-4e9f-aa9c-1ce4c59c9e42", "rel": "bookmark"}]}, "OS-EXT-STS:task_state": "deleting", "OS-EXT-STS:vm_state": "active", "OS-SRV-USG:launched_at": "2015-12-05T13:40:58.000000", "flavor": {"id": "42", "links": [{"href": "http://10.0.2.15:8774/c3f1376d1fb54826b7afa13039c5c5cf/flavors/42", "rel": "bookmark"}]}, "id": "1b723b8f-0971-46d7-93d0-51a205d26c1e", "OS-SRV-USG:terminated_at": null, "OS-EXT-AZ:availability_zone": "nova", "user_id": "3521038353cf471980d66b3f008a1878", "name": "tempest.common.compute-instance-1483309972", "created": "2015-12-05T13:40:54Z", "tenant_id": "c3f1376d1fb54826b7afa13039c5c5cf", "OS-DCF:diskConfig": "MANUAL", "os-extended-volumes:volumes_attached": [], "accessIPv4": "", "accessIPv6": "", "progress": 0, "OS-EXT-STS:power_state": 1, "config_drive": "True", "metadata": {}}}
2015-12-05 13:43:04,493 20311 INFO     [tempest_lib.common.rest_client] Request (TestNetworkAdvancedServerOps:_run_cleanups): 404 GET http://10.0.2.15:8774/v2.1/c3f1376d1fb54826b7afa13039c5c5cf/servers/1b723b8f-0971-46d7-93d0-51a205d26c1e 0.082s
2015-12-05 13:43:04,497 20311 DEBUG    [tempest_lib.common.rest_client] Request - Headers: {'Content-Type': 'application/json', 'Accept': 'application/json', 'X-Auth-Token': '&lt;omitted&gt;'}
        Body: None
    Response - Headers: {'status': '404', 'content-length': '111', 'x-compute-request-id': 'req-368141b7-99c4-4db9-90a0-713505d7d3a4', 'vary': 'X-OpenStack-Nova-API-Version', 'connection': 'close', 'x-openstack-nova-api-version': '2.1', 'date': 'Sat, 05 Dec 2015 13:43:04 GMT', 'content-type': 'application/json; charset=UTF-8'}
        Body: {"itemNotFound": {"message": "Instance 1b723b8f-0971-46d7-93d0-51a205d26c1e could not be found.", "code": 404}}
2015-12-05 13:43:04,922 20311 INFO     [tempest_lib.common.rest_client] Request (TestNetworkAdvancedServerOps:_run_cleanups): 200 PUT http://10.0.2.15:9696/v2.0/routers/c4b44456-5016-4338-9896-2fdfccdec382/remove_router_interface 0.423s
2015-12-05 13:43:04,923 20311 DEBUG    [tempest_lib.common.rest_client] Request - Headers: {'Content-Type': 'application/json', 'Accept': 'application/json', 'X-Auth-Token': '&lt;omitted&gt;'}
        Body: {"subnet_id": "b66b089a-bd4e-4915-b082-f679b72ff0ec"}
    Response - Headers: {'status': '200', 'content-length': '255', 'connection': 'close', 'date': 'Sat, 05 Dec 2015 13:43:04 GMT', 'content-type': 'application/json; charset=UTF-8', 'x-openstack-request-id': 'req-24578cdf-c7c7-4a48-8d92-d1899629b3fd'}
        Body: {"subnet_id": "b66b089a-bd4e-4915-b082-f679b72ff0ec", "tenant_id": "c3f1376d1fb54826b7afa13039c5c5cf", "subnet_ids": ["b66b089a-bd4e-4915-b082-f679b72ff0ec"], "port_id": "cc6de5c0-a7c8-48e0-b424-a48524d69608", "id": "c4b44456-5016-4338-9896-2fdfccdec382"}
2015-12-05 13:43:05,450 20311 INFO     [tempest_lib.common.rest_client] Request (TestNetworkAdvancedServerOps:_run_cleanups): 204 DELETE http://10.0.2.15:9696/v2.0/subnets/b66b089a-bd4e-4915-b082-f679b72ff0ec 0.525s
2015-12-05 13:43:05,450 20311 DEBUG    [tempest_lib.common.rest_client] Request - Headers: {'Content-Type': 'application/json', 'Accept': 'application/json', 'X-Auth-Token': '&lt;omitted&gt;'}
        Body: None
    Response - Headers: {'date': 'Sat, 05 Dec 2015 13:43:05 GMT', 'status': '204', 'connection': 'close', 'content-length': '0', 'x-openstack-request-id': 'req-65012aae-6678-48e9-8f0e-b7894199e135'}
        Body: 
2015-12-05 13:43:05,505 20311 INFO     [tempest_lib.common.rest_client] Request (TestNetworkAdvancedServerOps:_run_cleanups): 200 GET http://10.0.2.15:9696/v2.0/routers/c4b44456-5016-4338-9896-2fdfccdec382 0.053s
2015-12-05 13:43:05,505 20311 DEBUG    [tempest_lib.common.rest_client] Request - Headers: {'Content-Type': 'application/json', 'Accept': 'application/json', 'X-Auth-Token': '&lt;omitted&gt;'}
        Body: None
    Response - Headers: {'status': '200', 'content-length': '564', 'content-location': 'http://10.0.2.15:9696/v2.0/routers/c4b44456-5016-4338-9896-2fdfccdec382', 'connection': 'close', 'date': 'Sat, 05 Dec 2015 13:43:05 GMT', 'content-type': 'application/json; charset=UTF-8', 'x-openstack-request-id': 'req-a044a7a8-c010-4c3d-b003-bed0a9bca2ec'}
        Body: {"router": {"status": "ACTIVE", "external_gateway_info": {"network_id": "df4fdd34-9b96-46f3-bd30-ef97033ac24f", "enable_snat": true, "external_fixed_ips": [{"subnet_id": "348f60cc-13ec-4093-967e-1b7afa17d338", "ip_address": "172.24.4.3"}, {"subnet_id": "9687c3a1-67f3-4807-bac6-7e8d034855d0", "ip_address": "2001:db8::4"}]}, "availability_zone_hints": [], "availability_zones": ["nova"], "name": "tempest-router-smoke-1578628016", "admin_state_up": true, "tenant_id": "c3f1376d1fb54826b7afa13039c5c5cf", "routes": [], "id": "c4b44456-5016-4338-9896-2fdfccdec382"}}
2015-12-05 13:43:05,903 20311 INFO     [tempest_lib.common.rest_client] Request (TestNetworkAdvancedServerOps:_run_cleanups): 200 PUT http://10.0.2.15:9696/v2.0/routers/c4b44456-5016-4338-9896-2fdfccdec382 0.397s
2015-12-05 13:43:05,903 20311 DEBUG    [tempest_lib.common.rest_client] Request - Headers: {'Content-Type': 'application/json', 'Accept': 'application/json', 'X-Auth-Token': '&lt;omitted&gt;'}
        Body: {"router": {"external_gateway_info": {}, "name": "tempest-router-smoke-1578628016", "admin_state_up": true}}
    Response - Headers: {'status': '200', 'content-length': '302', 'connection': 'close', 'date': 'Sat, 05 Dec 2015 13:43:05 GMT', 'content-type': 'application/json; charset=UTF-8', 'x-openstack-request-id': 'req-8d36229a-b3d9-4425-91ce-33c1bbe144d3'}
        Body: {"router": {"status": "ACTIVE", "external_gateway_info": null, "availability_zone_hints": [], "availability_zones": ["nova"], "name": "tempest-router-smoke-1578628016", "admin_state_up": true, "tenant_id": "c3f1376d1fb54826b7afa13039c5c5cf", "routes": [], "id": "c4b44456-5016-4338-9896-2fdfccdec382"}}
2015-12-05 13:43:06,119 20311 INFO     [tempest_lib.common.rest_client] Request (TestNetworkAdvancedServerOps:_run_cleanups): 204 DELETE http://10.0.2.15:9696/v2.0/routers/c4b44456-5016-4338-9896-2fdfccdec382 0.215s
2015-12-05 13:43:06,120 20311 DEBUG    [tempest_lib.common.rest_client] Request - Headers: {'Content-Type': 'application/json', 'Accept': 'application/json', 'X-Auth-Token': '&lt;omitted&gt;'}
        Body: None
    Response - Headers: {'date': 'Sat, 05 Dec 2015 13:43:06 GMT', 'status': '204', 'connection': 'close', 'content-length': '0', 'x-openstack-request-id': 'req-243f61cb-da1d-40ab-bdc9-f6452bedcfb2'}
        Body: 
2015-12-05 13:43:06,310 20311 INFO     [tempest_lib.common.rest_client] Request (TestNetworkAdvancedServerOps:_run_cleanups): 204 DELETE http://10.0.2.15:9696/v2.0/networks/c4c1046d-4a27-498b-a690-4c2f4ac50a26 0.189s
2015-12-05 13:43:06,311 20311 DEBUG    [tempest_lib.common.rest_client] Request - Headers: {'Content-Type': 'application/json', 'Accept': 'application/json', 'X-Auth-Token': '&lt;omitted&gt;'}
        Body: None
    Response - Headers: {'date': 'Sat, 05 Dec 2015 13:43:06 GMT', 'status': '204', 'connection': 'close', 'content-length': '0', 'x-openstack-request-id': 'req-23240210-f1c0-4c00-bd95-b7ad56723936'}
        Body: 
2015-12-05 13:43:06,370 20311 INFO     [tempest_lib.common.rest_client] Request (TestNetworkAdvancedServerOps:_run_cleanups): 204 DELETE http://10.0.2.15:9696/v2.0/security-group-rules/26323aac-379a-48f3-8459-d77914727d09 0.059s
2015-12-05 13:43:06,371 20311 DEBUG    [tempest_lib.common.rest_client] Request - Headers: {'Content-Type': 'application/json', 'Accept': 'application/json', 'X-Auth-Token': '&lt;omitted&gt;'}
        Body: None
    Response - Headers: {'date': 'Sat, 05 Dec 2015 13:43:06 GMT', 'status': '204', 'connection': 'close', 'content-length': '0', 'x-openstack-request-id': 'req-dcc0ac91-f481-44da-8d99-40dd546f5f00'}
        Body: 
2015-12-05 13:43:06,419 20311 INFO     [tempest_lib.common.rest_client] Request (TestNetworkAdvancedServerOps:_run_cleanups): 204 DELETE http://10.0.2.15:9696/v2.0/security-group-rules/33e823fd-af48-4ec0-aa8b-3482070f5fd8 0.048s
2015-12-05 13:43:06,420 20311 DEBUG    [tempest_lib.common.rest_client] Request - Headers: {'Content-Type': 'application/json', 'Accept': 'application/json', 'X-Auth-Token': '&lt;omitted&gt;'}
        Body: None
    Response - Headers: {'date': 'Sat, 05 Dec 2015 13:43:06 GMT', 'status': '204', 'connection': 'close', 'content-length': '0', 'x-openstack-request-id': 'req-4e4e3c7c-525c-41f2-b11d-6aa5d3bcfd39'}
        Body: 
2015-12-05 13:43:06,480 20311 INFO     [tempest_lib.common.rest_client] Request (TestNetworkAdvancedServerOps:_run_cleanups): 204 DELETE http://10.0.2.15:9696/v2.0/security-group-rules/44f84022-c5e5-46ad-8fc2-a62cb660dbd3 0.059s
2015-12-05 13:43:06,481 20311 DEBUG    [tempest_lib.common.rest_client] Request - Headers: {'Content-Type': 'application/json', 'Accept': 'application/json', 'X-Auth-Token': '&lt;omitted&gt;'}
        Body: None
    Response - Headers: {'date': 'Sat, 05 Dec 2015 13:43:06 GMT', 'status': '204', 'connection': 'close', 'content-length': '0', 'x-openstack-request-id': 'req-f4500558-5887-4ae6-9c85-79417918263d'}
        Body: 
2015-12-05 13:43:06,542 20311 INFO     [tempest_lib.common.rest_client] Request (TestNetworkAdvancedServerOps:_run_cleanups): 204 DELETE http://10.0.2.15:9696/v2.0/security-group-rules/9d2d7356-bd62-41c0-97bc-7543c68fe16e 0.060s
2015-12-05 13:43:06,543 20311 DEBUG    [tempest_lib.common.rest_client] Request - Headers: {'Content-Type': 'application/json', 'Accept': 'application/json', 'X-Auth-Token': '&lt;omitted&gt;'}
        Body: None
    Response - Headers: {'date': 'Sat, 05 Dec 2015 13:43:06 GMT', 'status': '204', 'connection': 'close', 'content-length': '0', 'x-openstack-request-id': 'req-bc04f2d1-7e41-4e9e-bac0-43d364fd2293'}
        Body: 
2015-12-05 13:43:06,603 20311 INFO     [tempest_lib.common.rest_client] Request (TestNetworkAdvancedServerOps:_run_cleanups): 204 DELETE http://10.0.2.15:9696/v2.0/security-group-rules/d0e1a03d-67ef-44a4-afc4-6e953c916a75 0.059s
2015-12-05 13:43:06,603 20311 DEBUG    [tempest_lib.common.rest_client] Request - Headers: {'Content-Type': 'application/json', 'Accept': 'application/json', 'X-Auth-Token': '&lt;omitted&gt;'}
        Body: None
    Response - Headers: {'date': 'Sat, 05 Dec 2015 13:43:06 GMT', 'status': '204', 'connection': 'close', 'content-length': '0', 'x-openstack-request-id': 'req-bdf8dad9-b804-43d1-a2c1-5687b7b2cae7'}
        Body: 
2015-12-05 13:43:06,659 20311 INFO     [tempest_lib.common.rest_client] Request (TestNetworkAdvancedServerOps:_run_cleanups): 204 DELETE http://10.0.2.15:9696/v2.0/security-group-rules/0c164ae4-9cb8-45c0-8956-32d2e5ccf16a 0.055s
2015-12-05 13:43:06,660 20311 DEBUG    [tempest_lib.common.rest_client] Request - Headers: {'Content-Type': 'application/json', 'Accept': 'application/json', 'X-Auth-Token': '&lt;omitted&gt;'}
        Body: None
    Response - Headers: {'date': 'Sat, 05 Dec 2015 13:43:06 GMT', 'status': '204', 'connection': 'close', 'content-length': '0', 'x-openstack-request-id': 'req-42664c9a-058d-48aa-9823-2739b8a0ddaf'}
        Body: 
2015-12-05 13:43:06,751 20311 INFO     [tempest_lib.common.rest_client] Request (TestNetworkAdvancedServerOps:_run_cleanups): 204 DELETE http://10.0.2.15:9696/v2.0/security-groups/c578f99c-49c3-4ee7-b90c-794891576d79 0.091s
2015-12-05 13:43:06,752 20311 DEBUG    [tempest_lib.common.rest_client] Request - Headers: {'Content-Type': 'application/json', 'Accept': 'application/json', 'X-Auth-Token': '&lt;omitted&gt;'}
        Body: None
    Response - Headers: {'date': 'Sat, 05 Dec 2015 13:43:06 GMT', 'status': '204', 'connection': 'close', 'content-length': '0', 'x-openstack-request-id': 'req-45b23d92-8150-401a-b32d-c63b618cc93c'}
        Body: 
2015-12-05 13:43:06,774 20311 INFO     [tempest_lib.common.rest_client] Request (TestNetworkAdvancedServerOps:_run_cleanups): 202 DELETE http://10.0.2.15:8774/v2.1/c3f1376d1fb54826b7afa13039c5c5cf/os-keypairs/tempest-TestNetworkAdvancedServerOps-1621291472 0.020s
2015-12-05 13:43:06,774 20311 DEBUG    [tempest_lib.common.rest_client] Request - Headers: {'Content-Type': 'application/json', 'Accept': 'application/json', 'X-Auth-Token': '&lt;omitted&gt;'}
        Body: None
    Response - Headers: {'status': '202', 'content-length': '0', 'x-compute-request-id': 'req-6d483eb7-5797-4363-9f2f-60b8bf94c3f6', 'vary': 'X-OpenStack-Nova-API-Version', 'connection': 'close', 'x-openstack-nova-api-version': '2.1', 'date': 'Sat, 05 Dec 2015 13:43:06 GMT', 'content-type': 'application/json'}
        Body: 
2015-12-05 13:43:06,859 20311 INFO     [tempest_lib.common.rest_client] Request (TestNetworkAdvancedServerOps:_run_cleanups): 404 GET http://10.0.2.15:8774/v2.1/c3f1376d1fb54826b7afa13039c5c5cf/servers/1b723b8f-0971-46d7-93d0-51a205d26c1e 0.083s
2015-12-05 13:43:06,859 20311 DEBUG    [tempest_lib.common.rest_client] Request - Headers: {'Content-Type': 'application/json', 'Accept': 'application/json', 'X-Auth-Token': '&lt;omitted&gt;'}
        Body: None
    Response - Headers: {'status': '404', 'content-length': '111', 'x-compute-request-id': 'req-f0b8fc65-54fd-40f3-9fb1-a77deca480ca', 'vary': 'X-OpenStack-Nova-API-Version', 'connection': 'close', 'x-openstack-nova-api-version': '2.1', 'date': 'Sat, 05 Dec 2015 13:43:06 GMT', 'content-type': 'application/json; charset=UTF-8'}
        Body: {"itemNotFound": {"message": "Instance 1b723b8f-0971-46d7-93d0-51a205d26c1e could not be found.", "code": 404}}
}}}

Traceback (most recent call last):
  File "tempest/test.py", line 113, in wrapper
    return f(self, *func_args, **func_kwargs)
  File "tempest/scenario/test_network_advanced_server_ops.py", line 134, in test_server_connectivity_pause_unpause
    server, keypair, floating_ip = self._setup_network_and_servers()
  File "tempest/scenario/test_network_advanced_server_ops.py", line 71, in _setup_network_and_servers
    server, keypair, floating_ip)
  File "tempest/scenario/test_network_advanced_server_ops.py", line 95, in _wait_server_status_and_check_network_connectivity
    self._check_network_connectivity(server, keypair, floating_ip)
  File "tempest/scenario/test_network_advanced_server_ops.py", line 88, in _check_network_connectivity
    servers=[server])
  File "tempest/scenario/manager.py", line 606, in check_public_network_connectivity
    should_connect=should_connect)
  File "tempest/scenario/manager.py", line 590, in check_vm_connectivity
    msg=msg)
  File "/usr/local/lib/python2.7/dist-packages/unittest2/case.py", line 702, in assertTrue
    raise self.failureException(msg)
AssertionError: False is not true : Timed out waiting for 172.24.4.4 to become reachable



        </pre>
    </div>
    <!--css div popup end-->

    </td>
</tr>

<tr id='ft1.2' class='none'>
    <td class='failCase'><div class='testcase'>test_server_connectivity_reboot[compute,id-7b6860c2-afa3-4846-9522-adeb38dfbe08,network]</div></td>
    <td colspan='7' align='left'>

    <!--css div popup start-->
    <a class="popup_link" onfocus='this.blur();'
    href="javascript:showTestDetail('div_ft1.2')" >
        fail</a>

    <div id='div_ft1.2' class="popup_window">
        <div style='text-align: right; color:red;cursor:pointer'>
        <a onfocus='this.blur();'
onclick="document.getElementById('div_ft1.2').style.display = 'none' " >
           [x]</a>
        </div>
        <pre>
        
