<?xml version="1.0" encoding="UTF-8"?>
<!DOCTYPE html PUBLIC "-//W3C//DTD XHTML 1.0 Strict//EN"
     "http://www.w3.org/TR/xhtml1/DTD/xhtml1-strict.dtd">
<html xmlns="http://www.w3.org/1999/xhtml">
<head>
    <title>Unit Test Report</title>
    <meta name="generator" content="subunit2html 0.1"/>
    <meta http-equiv="Content-Type" content="text/html; charset=UTF-8"/>
    
<style type="text/css" media="screen">
body        { font-family: verdana, arial, helvetica, sans-serif;
    font-size: 80%; }
table       { font-size: 100%; width: 100%;}
pre         { font-size: 80%; }

/* -- heading -------------------------------------------------------------- */
h1 {
        font-size: 16pt;
        color: gray;
}
.heading {
    margin-top: 0ex;
    margin-bottom: 1ex;
}

.heading .attribute {
    margin-top: 1ex;
    margin-bottom: 0;
}

.heading .description {
    margin-top: 4ex;
    margin-bottom: 6ex;
}

/* -- css div popup -------------------------------------------------------- */
a.popup_link {
}

a.popup_link:hover {
    color: red;
}

.popup_window {
    display: none;
    overflow-x: scroll;
    /*border: solid #627173 1px; */
    padding: 10px;
    background-color: #E6E6D6;
    font-family: "Ubuntu Mono", "Lucida Console", "Courier New", monospace;
    text-align: left;
    font-size: 8pt;
}

}
/* -- report --------------------------------------------------------------- */
#show_detail_line {
    margin-top: 3ex;
    margin-bottom: 1ex;
}
#result_table {
    width: 100%;
    border-collapse: collapse;
    border: 1px solid #777;
}
#header_row {
    font-weight: bold;
    color: white;
    background-color: #777;
}
#result_table td {
    border: 1px solid #777;
    padding: 2px;
}
#total_row  { font-weight: bold; }
.passClass  { background-color: #6c6; }
.failClass  { background-color: #c60; }
.errorClass { background-color: #c00; }
.passCase   { color: #6c6; }
.failCase   { color: #c60; font-weight: bold; }
.errorCase  { color: #c00; font-weight: bold; }
.hiddenRow  { display: none; }
.testcase   { margin-left: 2em; }
td.testname {width: 40%}
td.small {width: 40px}

/* -- ending --------------------------------------------------------------- */
#ending {
}

</style>

</head>
<body>
<script language="javascript" type="text/javascript"><!--
output_list = Array();

/* level - 0:Summary; 1:Failed; 2:All */
function showCase(level) {
    trs = document.getElementsByTagName("tr");
    for (var i = 0; i < trs.length; i++) {
        tr = trs[i];
        id = tr.id;
        if (id.substr(0,2) == 'ft') {
            if (level < 1) {
                tr.className = 'hiddenRow';
            }
            else {
                tr.className = '';
            }
        }
        if (id.substr(0,2) == 'pt') {
            if (level > 1) {
                tr.className = '';
            }
            else {
                tr.className = 'hiddenRow';
            }
        }
    }
}


function showClassDetail(cid, count) {
    var id_list = Array(count);
    var toHide = 1;
    for (var i = 0; i < count; i++) {
        tid0 = 't' + cid.substr(1) + '.' + (i+1);
        tid = 'f' + tid0;
        tr = document.getElementById(tid);
        if (!tr) {
            tid = 'p' + tid0;
            tr = document.getElementById(tid);
        }
        id_list[i] = tid;
        if (tr.className) {
            toHide = 0;
        }
    }
    for (var i = 0; i < count; i++) {
        tid = id_list[i];
        if (toHide) {
            document.getElementById('div_'+tid).style.display = 'none'
            document.getElementById(tid).className = 'hiddenRow';
        }
        else {
            document.getElementById(tid).className = '';
        }
    }
}


function showTestDetail(div_id){
    var details_div = document.getElementById(div_id)
    var displayState = details_div.style.display
    // alert(displayState)
    if (displayState != 'block' ) {
        displayState = 'block'
        details_div.style.display = 'block'
    }
    else {
        details_div.style.display = 'none'
    }
}


function html_escape(s) {
    s = s.replace(/&/g,'&amp;');
    s = s.replace(/</g,'&lt;');
    s = s.replace(/>/g,'&gt;');
    return s;
}

/* obsoleted by detail in <div>
function showOutput(id, name) {
    var w = window.open("", //url
                    name,
                    "resizable,scrollbars,status,width=800,height=450");
    d = w.document;
    d.write("<pre>");
    d.write(html_escape(output_list[id]));
    d.write("\n");
    d.write("<a href='javascript:window.close()'>close</a>\n");
    d.write("</pre>\n");
    d.close();
}
*/
--></script>

<div class='heading'>
<h1>Unit Test Report</h1>

<p class='attribute'><strong>Status:</strong> Failure 6</p>

<p class='description'></p>
</div>



<p id='show_detail_line'>Show
<a href='javascript:showCase(0)'>Summary</a>
<a href='javascript:showCase(1)'>Failed</a>
<a href='javascript:showCase(2)'>All</a>
</p>
<table id='result_table'>
<colgroup>
<col align='left' />
<col align='right' />
<col align='right' />
<col align='right' />
<col align='right' />
<col align='right' />
<col align='right' />
<col align='right' />
</colgroup>
<tr id='header_row'>
    <td>Test Group/Test case</td>
    <td>Count</td>
    <td>Pass</td>
    <td>Fail</td>
    <td>Error</td>
    <td>Skip</td>
    <td>View</td>
    <td> </td>
</tr>

<tr class='failClass'>
    <td class="testname">tempest.scenario.test_network_advanced_server_ops.TestNetworkAdvancedServerOps</td>
    <td class="small">6</td>
    <td class="small">0</td>
    <td class="small">6</td>
    <td class="small">0</td>
    <td class="small">0</td>
    <td class="small"><a href="javascript:showClassDetail('c1',6)"
>Detail</a></td>
    <td> </td>
</tr>

<tr id='ft1.1' class='none'>
    <td class='failCase'><div class='testcase'>test_server_connectivity_pause_unpause[compute,id-2b2642db-6568-4b35-b812-eceed3fa20ce,network]</div></td>
    <td colspan='7' align='left'>

    <!--css div popup start-->
    <a class="popup_link" onfocus='this.blur();'
    href="javascript:showTestDetail('div_ft1.1')" >
        fail</a>

    <div id='div_ft1.1' class="popup_window">
        <div style='text-align: right; color:red;cursor:pointer'>
        <a onfocus='this.blur();'
onclick="document.getElementById('div_ft1.1').style.display = 'none' " >
           [x]</a>
        </div>
        <pre>
        
ft1.1: tempest.scenario.test_network_advanced_server_ops.TestNetworkAdvancedServerOps.test_server_connectivity_pause_unpause[compute,id-2b2642db-6568-4b35-b812-eceed3fa20ce,network]_StringException: Empty attachments:
  stderr
  stdout

pythonlogging:'': {{{
2015-12-15 17:06:46,528 25049 INFO     [tempest_lib.common.rest_client] Request (TestNetworkAdvancedServerOps:test_server_connectivity_pause_unpause): 200 POST http://10.0.2.15:8774/v2.1/5af185d384ee4bb684884beda3acc0b9/os-keypairs 0.334s
2015-12-15 17:06:46,529 25049 DEBUG    [tempest_lib.common.rest_client] Request - Headers: {'Content-Type': 'application/json', 'Accept': 'application/json', 'X-Auth-Token': '&lt;omitted&gt;'}
        Body: {"keypair": {"name": "tempest-TestNetworkAdvancedServerOps-915790748"}}
    Response - Headers: {'status': '200', 'content-length': '2329', 'x-compute-request-id': 'req-36501f9d-ff02-4274-ac5e-e25d19e55f4c', 'vary': 'X-OpenStack-Nova-API-Version', 'connection': 'close', 'x-openstack-nova-api-version': '2.1', 'date': 'Tue, 15 Dec 2015 17:06:46 GMT', 'content-type': 'application/json'}
        Body: {"keypair": {"public_key": "ssh-rsa AAAAB3NzaC1yc2EAAAADAQABAAABAQDPSHi7NorvX4evl06i/0M6WPgDoDWMWkWMFl9iS+adURFAuiyxBD0vByp2CUeV7L24km2rslTwAMQ4Tm65pEtqxU5AqBUe2+ZbX64MbmiIA2ItdN+FlLkYEmLMsoIoEF8NE9kANZCM5p8P6BZvgjnH7PSEevduhe9xwuHveyQUJez5UE62lwFQOeld839u1QkuLEcp/wcOvTY5lh0P+5XK+9i8Fa3dKzIaJ9pqZhcExGyCEC2u94OMNOq8aX/Oje9itcgW5diftW2P8qxVjgOz6bbOw2rkxg8J0Xe5hL0kZe2reBhT/33j9FeWAjp62Asgt0LElefqYSafNLZRkEw/ Generated-by-Nova", "private_key": "-----BEGIN RSA PRIVATE KEY-----\nMIIEqQIBAAKCAQEAz0h4uzaK71+Hr5dOov9DOlj4A6A1jFpFjBZfYkvmnVERQLos\nsQQ9LwcqdglHley9uJJtq7JU8ADEOE5uuaRLasVOQKgVHtvmW1+uDG5oiANiLXTf\nhZS5GBJizLKCKBBfDRPZADWQjOafD+gWb4I5x+z0hHr3boXvccLh73skFCXs+VBO\ntpcBUDnpXfN/btUJLixHKf8HDr02OZYdD/uVyvvYvBWt3SsyGifaamYXBMRsghAt\nrveDjDTqvGl/zo3vYrXIFuXYn7Vtj/KsVY4Ds+m2zsNq5MYPCdF3uYS9JGXtq3gY\nU/994/RXlgI6etgLILdCxJXn6mEmnzS2UZBMPwIDAQABAoIBAGiTf5W0JtQtth74\nj0vczOYbDMWHhnyQ7pWGlAjbkjW8OKAXTYThRpz7WIjElcEl93GvLnV5OzD6sgRW\nTbaLFSGA+cHVCxLOjqF63CyZZ1N3oYiddkfGiLuESyRKyy+7UrkeUlSwsYTktUsp\nJGiNoukiuxo7j6nLGMqkL6jKz6D5uD97V5ia1XldnY1+Wjy743kghPtbrMRTzgzE\ntoxAwBRcnMqkDSaMvVgBFKTyed/pwoiFGnpHC+NJFfHc20kMbj8AW/VSXfKmEMKP\n8AimJM2UbHQBoB5hogT3+ezfNYRoNXHBAD4vNUZmo9K8o1TssXOe1WmXZuMCDbxk\nytmfEkECggCBANVvRz6OzIyehYz63o41Y7q3Ar4FMeXulsACftUke2Mntka0JF1+\nUCuQkab0VzlqkHHJBx9DYErKGTMXbVOHxDOqD8R1l/igSniXPJVGNBAECShHIyIY\ndMVdKVjcx8BHiDf2jS3QA61z5OmNDFYzpj1fzNvwAftul4bJY5OHN1fVAoIAgQD4\nnyEaaDCsKQo4AP/yUL8qAXHF4JmIMcyBe+Kq9IytHdDNv1eEcTy8yqLsvYtQLHpy\n3qLU0gdJRz3mI5HX3iw5XzedAz68d40fJewk3j8mwlNwy4caxrq1Fw4VSS/uR1v9\n+d6TD9l47zGajz5wYBgsRba8PjYErwFNlx0UriZRwwKCAIBEmWeEq9ECwVCbZ2Zw\nvqg3Musmt/S5ul2piSPKzdb6n6DuSKgHhLmvxt+Jka8XPTD/4WTwn28rmplO2pDA\n8DoXgOlgc4tM1fgZmkJWmCHTo/htga/BHasqZC8N6KgrHNKjahMmTl1gOoewqSz1\n59PelhP5/MImVf1NzRy8JhGboQKCAIEAhiwaiU3BNqfPQ/oGJpc9E0ZESC21rbJy\nU06wPOJNKP/2N5MTf/48cQZKdsiz7kiSrHtKFOBj3j/8P77ibkUQSMYCFVIzATLj\njfPBRQRLwHcO4Mh12RV2nVQb3ZDptQX9t0qpu2PKUWGEu4yifbLeWMYmn+BS9qQb\nZ+wtXYO+WlECggCBAMjqzCujP1UFq7CFFjjBTL4kAOb76Z9njJ/5sexre6vzaVKb\nTGNal6y7g3z2g9Kj94KAShJRB1nDYR2Uy73tdoqF7yrlyxEhUDB3NO2WSw4ZIFhs\nFc6yhzRV4w66tsGAUE7UTfTLxCgTdN+bnirM4RAcOaV015FMxA/L6ueLpP1Y\n-----END RSA PRIVATE KEY-----\n", "user_id": "10915cd54d704fc996418f760fef93f8", "name": "tempest-TestNetworkAdvancedServerOps-915790748", "fingerprint": "45:6a:e8:61:f1:39:4e:e2:cb:47:48:cf:c4:fb:9e:dd"}}
2015-12-15 17:06:46,851 25049 INFO     [tempest_lib.common.rest_client] Request (TestNetworkAdvancedServerOps:test_server_connectivity_pause_unpause): 201 POST http://10.0.2.15:9696/v2.0/security-groups 0.318s
2015-12-15 17:06:46,852 25049 DEBUG    [tempest_lib.common.rest_client] Request - Headers: {'Content-Type': 'application/json', 'Accept': 'application/json', 'X-Auth-Token': '&lt;omitted&gt;'}
        Body: {"security_group": {"tenant_id": "5af185d384ee4bb684884beda3acc0b9", "description": "tempest-secgroup-smoke-2122234901 description", "name": "tempest-secgroup-smoke-2122234901"}}
    Response - Headers: {'status': '201', 'content-length': '888', 'connection': 'close', 'date': 'Tue, 15 Dec 2015 17:06:46 GMT', 'content-type': 'application/json; charset=UTF-8', 'x-openstack-request-id': 'req-d1c87d10-32c8-4a17-b8dc-b8a3a3877028'}
        Body: {"security_group": {"tenant_id": "5af185d384ee4bb684884beda3acc0b9", "description": "tempest-secgroup-smoke-2122234901 description", "id": "ecb21cdb-5607-4a08-84c7-af34db5a4004", "security_group_rules": [{"remote_group_id": null, "direction": "egress", "remote_ip_prefix": null, "protocol": null, "ethertype": "IPv4", "tenant_id": "5af185d384ee4bb684884beda3acc0b9", "port_range_max": null, "port_range_min": null, "id": "1133b602-8f9b-43c8-9573-04fdf443d081", "security_group_id": "ecb21cdb-5607-4a08-84c7-af34db5a4004"}, {"remote_group_id": null, "direction": "egress", "remote_ip_prefix": null, "protocol": null, "ethertype": "IPv6", "tenant_id": "5af185d384ee4bb684884beda3acc0b9", "port_range_max": null, "port_range_min": null, "id": "3a135920-99b9-4bbc-ba74-22d9adc1640f", "security_group_id": "ecb21cdb-5607-4a08-84c7-af34db5a4004"}], "name": "tempest-secgroup-smoke-2122234901"}}
2015-12-15 17:06:46,971 25049 INFO     [tempest_lib.common.rest_client] Request (TestNetworkAdvancedServerOps:test_server_connectivity_pause_unpause): 201 POST http://10.0.2.15:9696/v2.0/security-group-rules 0.117s
2015-12-15 17:06:46,971 25049 DEBUG    [tempest_lib.common.rest_client] Request - Headers: {'Content-Type': 'application/json', 'Accept': 'application/json', 'X-Auth-Token': '&lt;omitted&gt;'}
        Body: {"security_group_rule": {"direction": "ingress", "protocol": "tcp", "tenant_id": "5af185d384ee4bb684884beda3acc0b9", "port_range_max": 22, "security_group_id": "ecb21cdb-5607-4a08-84c7-af34db5a4004", "port_range_min": 22}}
    Response - Headers: {'status': '201', 'content-length': '340', 'connection': 'close', 'date': 'Tue, 15 Dec 2015 17:06:46 GMT', 'content-type': 'application/json; charset=UTF-8', 'x-openstack-request-id': 'req-3ee81f7a-a402-40de-b2ab-c23c5772c59d'}
        Body: {"security_group_rule": {"remote_group_id": null, "direction": "ingress", "remote_ip_prefix": null, "protocol": "tcp", "ethertype": "IPv4", "tenant_id": "5af185d384ee4bb684884beda3acc0b9", "port_range_max": 22, "port_range_min": 22, "id": "980b3c13-b426-4931-ab8e-5c8216628e4a", "security_group_id": "ecb21cdb-5607-4a08-84c7-af34db5a4004"}}
2015-12-15 17:06:47,096 25049 INFO     [tempest_lib.common.rest_client] Request (TestNetworkAdvancedServerOps:test_server_connectivity_pause_unpause): 201 POST http://10.0.2.15:9696/v2.0/security-group-rules 0.124s
2015-12-15 17:06:47,097 25049 DEBUG    [tempest_lib.common.rest_client] Request - Headers: {'Content-Type': 'application/json', 'Accept': 'application/json', 'X-Auth-Token': '&lt;omitted&gt;'}
        Body: {"security_group_rule": {"direction": "egress", "protocol": "tcp", "tenant_id": "5af185d384ee4bb684884beda3acc0b9", "port_range_max": 22, "security_group_id": "ecb21cdb-5607-4a08-84c7-af34db5a4004", "port_range_min": 22}}
    Response - Headers: {'status': '201', 'content-length': '339', 'connection': 'close', 'date': 'Tue, 15 Dec 2015 17:06:47 GMT', 'content-type': 'application/json; charset=UTF-8', 'x-openstack-request-id': 'req-226936a5-f567-4a87-b21a-3bbbed68437d'}
        Body: {"security_group_rule": {"remote_group_id": null, "direction": "egress", "remote_ip_prefix": null, "protocol": "tcp", "ethertype": "IPv4", "tenant_id": "5af185d384ee4bb684884beda3acc0b9", "port_range_max": 22, "port_range_min": 22, "id": "9d884368-8032-47f9-8689-2619ed057e6d", "security_group_id": "ecb21cdb-5607-4a08-84c7-af34db5a4004"}}
2015-12-15 17:06:47,227 25049 INFO     [tempest_lib.common.rest_client] Request (TestNetworkAdvancedServerOps:test_server_connectivity_pause_unpause): 201 POST http://10.0.2.15:9696/v2.0/security-group-rules 0.129s
2015-12-15 17:06:47,228 25049 DEBUG    [tempest_lib.common.rest_client] Request - Headers: {'Content-Type': 'application/json', 'Accept': 'application/json', 'X-Auth-Token': '&lt;omitted&gt;'}
        Body: {"security_group_rule": {"tenant_id": "5af185d384ee4bb684884beda3acc0b9", "direction": "ingress", "protocol": "icmp", "security_group_id": "ecb21cdb-5607-4a08-84c7-af34db5a4004"}}
    Response - Headers: {'status': '201', 'content-length': '345', 'connection': 'close', 'date': 'Tue, 15 Dec 2015 17:06:47 GMT', 'content-type': 'application/json; charset=UTF-8', 'x-openstack-request-id': 'req-7cf5cd00-1f81-44a9-a3fb-2e63a6674b56'}
        Body: {"security_group_rule": {"remote_group_id": null, "direction": "ingress", "remote_ip_prefix": null, "protocol": "icmp", "ethertype": "IPv4", "tenant_id": "5af185d384ee4bb684884beda3acc0b9", "port_range_max": null, "port_range_min": null, "id": "624bbf54-5390-4412-a3c5-c2b947285eff", "security_group_id": "ecb21cdb-5607-4a08-84c7-af34db5a4004"}}
2015-12-15 17:06:47,344 25049 INFO     [tempest_lib.common.rest_client] Request (TestNetworkAdvancedServerOps:test_server_connectivity_pause_unpause): 201 POST http://10.0.2.15:9696/v2.0/security-group-rules 0.114s
2015-12-15 17:06:47,345 25049 DEBUG    [tempest_lib.common.rest_client] Request - Headers: {'Content-Type': 'application/json', 'Accept': 'application/json', 'X-Auth-Token': '&lt;omitted&gt;'}
        Body: {"security_group_rule": {"tenant_id": "5af185d384ee4bb684884beda3acc0b9", "direction": "egress", "protocol": "icmp", "security_group_id": "ecb21cdb-5607-4a08-84c7-af34db5a4004"}}
    Response - Headers: {'status': '201', 'content-length': '344', 'connection': 'close', 'date': 'Tue, 15 Dec 2015 17:06:47 GMT', 'content-type': 'application/json; charset=UTF-8', 'x-openstack-request-id': 'req-0975d47c-b0ab-4ce9-9eac-ca709ad62f87'}
        Body: {"security_group_rule": {"remote_group_id": null, "direction": "egress", "remote_ip_prefix": null, "protocol": "icmp", "ethertype": "IPv4", "tenant_id": "5af185d384ee4bb684884beda3acc0b9", "port_range_max": null, "port_range_min": null, "id": "220b5610-f974-4bdd-8b63-3dc68da98ec2", "security_group_id": "ecb21cdb-5607-4a08-84c7-af34db5a4004"}}
2015-12-15 17:06:47,473 25049 INFO     [tempest_lib.common.rest_client] Request (TestNetworkAdvancedServerOps:test_server_connectivity_pause_unpause): 201 POST http://10.0.2.15:9696/v2.0/security-group-rules 0.126s
2015-12-15 17:06:47,474 25049 DEBUG    [tempest_lib.common.rest_client] Request - Headers: {'Content-Type': 'application/json', 'Accept': 'application/json', 'X-Auth-Token': '&lt;omitted&gt;'}
        Body: {"security_group_rule": {"tenant_id": "5af185d384ee4bb684884beda3acc0b9", "direction": "ingress", "security_group_id": "ecb21cdb-5607-4a08-84c7-af34db5a4004", "protocol": "icmp", "ethertype": "IPv6"}}
    Response - Headers: {'status': '201', 'content-length': '345', 'connection': 'close', 'date': 'Tue, 15 Dec 2015 17:06:47 GMT', 'content-type': 'application/json; charset=UTF-8', 'x-openstack-request-id': 'req-5fc54448-caff-470e-a486-abaf2bd3962e'}
        Body: {"security_group_rule": {"remote_group_id": null, "direction": "ingress", "remote_ip_prefix": null, "protocol": "icmp", "ethertype": "IPv6", "tenant_id": "5af185d384ee4bb684884beda3acc0b9", "port_range_max": null, "port_range_min": null, "id": "2dabf415-10b2-4942-9953-4c5e36e5bbe1", "security_group_id": "ecb21cdb-5607-4a08-84c7-af34db5a4004"}}
2015-12-15 17:06:47,607 25049 INFO     [tempest_lib.common.rest_client] Request (TestNetworkAdvancedServerOps:test_server_connectivity_pause_unpause): 201 POST http://10.0.2.15:9696/v2.0/security-group-rules 0.131s
2015-12-15 17:06:47,608 25049 DEBUG    [tempest_lib.common.rest_client] Request - Headers: {'Content-Type': 'application/json', 'Accept': 'application/json', 'X-Auth-Token': '&lt;omitted&gt;'}
        Body: {"security_group_rule": {"tenant_id": "5af185d384ee4bb684884beda3acc0b9", "direction": "egress", "security_group_id": "ecb21cdb-5607-4a08-84c7-af34db5a4004", "protocol": "icmp", "ethertype": "IPv6"}}
    Response - Headers: {'status': '201', 'content-length': '344', 'connection': 'close', 'date': 'Tue, 15 Dec 2015 17:06:47 GMT', 'content-type': 'application/json; charset=UTF-8', 'x-openstack-request-id': 'req-d9b8c1b0-4fd9-4e1e-80b5-9ae606fd7031'}
        Body: {"security_group_rule": {"remote_group_id": null, "direction": "egress", "remote_ip_prefix": null, "protocol": "icmp", "ethertype": "IPv6", "tenant_id": "5af185d384ee4bb684884beda3acc0b9", "port_range_max": null, "port_range_min": null, "id": "db37775a-4d6a-4e8c-8e1d-177e391d88b7", "security_group_id": "ecb21cdb-5607-4a08-84c7-af34db5a4004"}}
2015-12-15 17:06:47,795 25049 INFO     [tempest_lib.common.rest_client] Request (TestNetworkAdvancedServerOps:test_server_connectivity_pause_unpause): 201 POST http://10.0.2.15:9696/v2.0/networks 0.186s
2015-12-15 17:06:47,796 25049 DEBUG    [tempest_lib.common.rest_client] Request - Headers: {'Content-Type': 'application/json', 'Accept': 'application/json', 'X-Auth-Token': '&lt;omitted&gt;'}
        Body: {"network": {"tenant_id": "5af185d384ee4bb684884beda3acc0b9", "name": "tempest-network-smoke--1051372939"}}
    Response - Headers: {'status': '201', 'content-length': '329', 'connection': 'close', 'date': 'Tue, 15 Dec 2015 17:06:47 GMT', 'content-type': 'application/json; charset=UTF-8', 'x-openstack-request-id': 'req-76706b14-0613-45e8-a23e-e977fec12e9f'}
        Body: {"network": {"status": "ACTIVE", "subnets": [], "availability_zone_hints": "[]", "name": "tempest-network-smoke--1051372939", "admin_state_up": true, "tenant_id": "5af185d384ee4bb684884beda3acc0b9", "mtu": 0, "router:external": false, "shared": false, "port_security_enabled": true, "id": "82b9bc27-cba2-45bc-972e-19d1ad507a0e"}}
2015-12-15 17:06:47,881 25049 INFO     [tempest_lib.common.rest_client] Request (TestNetworkAdvancedServerOps:test_server_connectivity_pause_unpause): 201 POST http://10.0.2.15:9696/v2.0/routers 0.083s
2015-12-15 17:06:47,882 25049 DEBUG    [tempest_lib.common.rest_client] Request - Headers: {'Content-Type': 'application/json', 'Accept': 'application/json', 'X-Auth-Token': '&lt;omitted&gt;'}
        Body: {"router": {"tenant_id": "5af185d384ee4bb684884beda3acc0b9", "name": "tempest-router-smoke-980813046", "admin_state_up": true}}
    Response - Headers: {'status': '201', 'content-length': '295', 'connection': 'close', 'date': 'Tue, 15 Dec 2015 17:06:47 GMT', 'content-type': 'application/json; charset=UTF-8', 'x-openstack-request-id': 'req-e5ae7b41-f0fb-40f1-be9e-85e972db9d43'}
        Body: {"router": {"status": "ACTIVE", "external_gateway_info": null, "availability_zone_hints": [], "availability_zones": [], "name": "tempest-router-smoke-980813046", "admin_state_up": true, "tenant_id": "5af185d384ee4bb684884beda3acc0b9", "routes": [], "id": "a94997ab-1550-4e6d-91b6-6711d419c09d"}}
2015-12-15 17:06:47,933 25049 INFO     [tempest_lib.common.rest_client] Request (TestNetworkAdvancedServerOps:test_server_connectivity_pause_unpause): 200 GET http://10.0.2.15:9696/v2.0/routers/a94997ab-1550-4e6d-91b6-6711d419c09d 0.050s
2015-12-15 17:06:47,934 25049 DEBUG    [tempest_lib.common.rest_client] Request - Headers: {'Content-Type': 'application/json', 'Accept': 'application/json', 'X-Auth-Token': '&lt;omitted&gt;'}
        Body: None
    Response - Headers: {'status': '200', 'content-length': '295', 'content-location': 'http://10.0.2.15:9696/v2.0/routers/a94997ab-1550-4e6d-91b6-6711d419c09d', 'connection': 'close', 'date': 'Tue, 15 Dec 2015 17:06:47 GMT', 'content-type': 'application/json; charset=UTF-8', 'x-openstack-request-id': 'req-3b88201b-e9a4-4152-bc9a-bdda7401b3ff'}
        Body: {"router": {"status": "ACTIVE", "external_gateway_info": null, "availability_zone_hints": [], "availability_zones": [], "name": "tempest-router-smoke-980813046", "admin_state_up": true, "tenant_id": "5af185d384ee4bb684884beda3acc0b9", "routes": [], "id": "a94997ab-1550-4e6d-91b6-6711d419c09d"}}
2015-12-15 17:06:48,870 25049 INFO     [tempest_lib.common.rest_client] Request (TestNetworkAdvancedServerOps:test_server_connectivity_pause_unpause): 200 PUT http://10.0.2.15:9696/v2.0/routers/a94997ab-1550-4e6d-91b6-6711d419c09d 0.935s
2015-12-15 17:06:48,870 25049 DEBUG    [tempest_lib.common.rest_client] Request - Headers: {'Content-Type': 'application/json', 'Accept': 'application/json', 'X-Auth-Token': '&lt;omitted&gt;'}
        Body: {"router": {"external_gateway_info": {"network_id": "01ea5c79-67a2-4fe8-984c-3f6a30d15017"}, "name": "tempest-router-smoke-980813046", "admin_state_up": true}}
    Response - Headers: {'status': '200', 'content-length': '557', 'connection': 'close', 'date': 'Tue, 15 Dec 2015 17:06:48 GMT', 'content-type': 'application/json; charset=UTF-8', 'x-openstack-request-id': 'req-c16d5753-a8f5-40f2-bc8e-93c2a308e828'}
        Body: {"router": {"status": "ACTIVE", "external_gateway_info": {"network_id": "01ea5c79-67a2-4fe8-984c-3f6a30d15017", "enable_snat": true, "external_fixed_ips": [{"subnet_id": "1cc43648-5d69-4096-91c4-a63fac9c5b06", "ip_address": "172.24.4.3"}, {"subnet_id": "3048a54c-e5ca-4356-98e0-dc1a43f6bedb", "ip_address": "2001:db8::3"}]}, "availability_zone_hints": [], "availability_zones": [], "name": "tempest-router-smoke-980813046", "admin_state_up": true, "tenant_id": "5af185d384ee4bb684884beda3acc0b9", "routes": [], "id": "a94997ab-1550-4e6d-91b6-6711d419c09d"}}
2015-12-15 17:06:49,018 25049 INFO     [tempest_lib.common.rest_client] Request (TestNetworkAdvancedServerOps:test_server_connectivity_pause_unpause): 200 GET http://10.0.2.15:9696/v2.0/subnets?tenant_id=5af185d384ee4bb684884beda3acc0b9&amp;cidr=10.100.0.0%2F28 0.146s
2015-12-15 17:06:49,018 25049 DEBUG    [tempest_lib.common.rest_client] Request - Headers: {'Content-Type': 'application/json', 'Accept': 'application/json', 'X-Auth-Token': '&lt;omitted&gt;'}
        Body: None
    Response - Headers: {'status': '200', 'content-length': '15', 'content-location': 'http://10.0.2.15:9696/v2.0/subnets?tenant_id=5af185d384ee4bb684884beda3acc0b9&amp;cidr=10.100.0.0%2F28', 'connection': 'close', 'date': 'Tue, 15 Dec 2015 17:06:49 GMT', 'content-type': 'application/json; charset=UTF-8', 'x-openstack-request-id': 'req-a1b76603-d95b-4c43-934a-22d43e98c791'}
        Body: {"subnets": []}
2015-12-15 17:06:49,339 25049 INFO     [tempest_lib.common.rest_client] Request (TestNetworkAdvancedServerOps:test_server_connectivity_pause_unpause): 201 POST http://10.0.2.15:9696/v2.0/subnets 0.320s
2015-12-15 17:06:49,340 25049 DEBUG    [tempest_lib.common.rest_client] Request - Headers: {'Content-Type': 'application/json', 'Accept': 'application/json', 'X-Auth-Token': '&lt;omitted&gt;'}
        Body: {"subnet": {"ip_version": 4, "tenant_id": "5af185d384ee4bb684884beda3acc0b9", "cidr": "10.100.0.0/28", "network_id": "82b9bc27-cba2-45bc-972e-19d1ad507a0e", "name": "tempest-subnet-smoke-1597659929"}}
    Response - Headers: {'status': '201', 'content-length': '478', 'connection': 'close', 'date': 'Tue, 15 Dec 2015 17:06:49 GMT', 'content-type': 'application/json; charset=UTF-8', 'x-openstack-request-id': 'req-ec549246-09db-4137-9929-b353740516b8'}
        Body: {"subnet": {"name": "tempest-subnet-smoke-1597659929", "enable_dhcp": true, "network_id": "82b9bc27-cba2-45bc-972e-19d1ad507a0e", "tenant_id": "5af185d384ee4bb684884beda3acc0b9", "dns_nameservers": [], "gateway_ip": "10.100.0.1", "ipv6_ra_mode": null, "allocation_pools": [{"start": "10.100.0.2", "end": "10.100.0.14"}], "host_routes": [], "ip_version": 4, "ipv6_address_mode": null, "cidr": "10.100.0.0/28", "id": "ac9c3447-b43a-4545-877e-3bed7594270c", "subnetpool_id": null}}
2015-12-15 17:06:49,938 25049 INFO     [tempest_lib.common.rest_client] Request (TestNetworkAdvancedServerOps:test_server_connectivity_pause_unpause): 200 PUT http://10.0.2.15:9696/v2.0/routers/a94997ab-1550-4e6d-91b6-6711d419c09d/add_router_interface 0.598s
2015-12-15 17:06:49,939 25049 DEBUG    [tempest_lib.common.rest_client] Request - Headers: {'Content-Type': 'application/json', 'Accept': 'application/json', 'X-Auth-Token': '&lt;omitted&gt;'}
        Body: {"subnet_id": "ac9c3447-b43a-4545-877e-3bed7594270c"}
    Response - Headers: {'status': '200', 'content-length': '255', 'connection': 'close', 'date': 'Tue, 15 Dec 2015 17:06:49 GMT', 'content-type': 'application/json; charset=UTF-8', 'x-openstack-request-id': 'req-1f467427-90d9-4ba0-bfd7-991a03dc178e'}
        Body: {"subnet_id": "ac9c3447-b43a-4545-877e-3bed7594270c", "tenant_id": "5af185d384ee4bb684884beda3acc0b9", "subnet_ids": ["ac9c3447-b43a-4545-877e-3bed7594270c"], "port_id": "33202d0f-9543-4dc2-ae0c-f61e561d49fb", "id": "a94997ab-1550-4e6d-91b6-6711d419c09d"}
2015-12-15 17:06:50,047 25049 INFO     [tempest_lib.common.rest_client] Request (TestNetworkAdvancedServerOps:test_server_connectivity_pause_unpause): 200 POST http://10.0.2.15:5000/v2.0/tokens
2015-12-15 17:06:50,047 25049 DEBUG    [tempest_lib.common.rest_client] Request - Headers: {'Content-Type': 'application/json', 'Accept': 'application/json'}
        Body: &lt;omitted&gt;
    Response - Headers: {'status': '200', 'content-length': '2562', 'vary': 'X-Auth-Token', 'server': 'Apache/2.4.7 (Ubuntu)', 'connection': 'close', 'date': 'Tue, 15 Dec 2015 17:06:49 GMT', 'content-type': 'application/json', 'x-openstack-request-id': 'req-5310c5b9-460b-4988-a1fa-0301ed754924'}
        Body: {"access": {"token": {"issued_at": "2015-12-15T17:06:50.031871", "expires": "2015-12-15T18:06:50Z", "id": "107232dcb79448e6a8f0e0f4908e2bc4", "tenant": {"description": "tempest-TestNetworkAdvancedServerOps-500991908-desc", "enabled": true, "id": "5af185d384ee4bb684884beda3acc0b9", "name": "tempest-TestNetworkAdvancedServerOps-500991908"}, "audit_ids": ["_FEyKeUIQFWz8DR4mknpRg"]}, "serviceCatalog": [{"endpoints": [{"adminURL": "http://10.0.2.15:8774/v2.1/5af185d384ee4bb684884beda3acc0b9", "region": "RegionOne", "internalURL": "http://10.0.2.15:8774/v2.1/5af185d384ee4bb684884beda3acc0b9", "id": "1cd3a921900e441a9fec2b3861252884", "publicURL": "http://10.0.2.15:8774/v2.1/5af185d384ee4bb684884beda3acc0b9"}], "endpoints_links": [], "type": "compute", "name": "nova"}, {"endpoints": [{"adminURL": "http://10.0.2.15:9696/", "region": "RegionOne", "internalURL": "http://10.0.2.15:9696/", "id": "0d7776c831824bdbb775d5f81e134abc", "publicURL": "http://10.0.2.15:9696/"}], "endpoints_links": [], "type": "network", "name": "neutron"}, {"endpoints": [{"adminURL": "http://10.0.2.15:9292", "region": "RegionOne", "internalURL": "http://10.0.2.15:9292", "id": "319141fc518641f29e7c2252a581bebc", "publicURL": "http://10.0.2.15:9292"}], "endpoints_links": [], "type": "image", "name": "glance"}, {"endpoints": [{"adminURL": "http://10.0.2.15:8774/v2/5af185d384ee4bb684884beda3acc0b9", "region": "RegionOne", "internalURL": "http://10.0.2.15:8774/v2/5af185d384ee4bb684884beda3acc0b9", "id": "39fe78b71cf242ec896ba42d712c7b81", "publicURL": "http://10.0.2.15:8774/v2/5af185d384ee4bb684884beda3acc0b9"}], "endpoints_links": [], "type": "compute_legacy", "name": "nova_legacy"}, {"endpoints": [{"adminURL": "http://10.0.2.15:8773/", "region": "RegionOne", "internalURL": "http://10.0.2.15:8773/", "id": "0ddfab342c524d259e48b06dd2d3cbd1", "publicURL": "http://10.0.2.15:8773/"}], "endpoints_links": [], "type": "ec2", "name": "ec2"}, {"endpoints": [{"adminURL": "http://10.0.2.15:35357/v2.0", "region": "RegionOne", "internalURL": "http://10.0.2.15:5000/v2.0", "id": "284dca7e9af142b9babafacc734c31e5", "publicURL": "http://10.0.2.15:5000/v2.0"}], "endpoints_links": [], "type": "identity", "name": "keystone"}], "user": {"username": "tempest-TestNetworkAdvancedServerOps-784739618", "roles_links": [], "id": "10915cd54d704fc996418f760fef93f8", "roles": [{"name": "Member"}, {"name": "_member_"}], "name": "tempest-TestNetworkAdvancedServerOps-784739618"}, "metadata": {"is_admin": 0, "roles": ["b08003bc5a2d4bf38d7179744f3e2e47", "9fe2ff9ee4384b1894a90878d3e92bab"]}}}
2015-12-15 17:06:50,051 25049 DEBUG    [tempest.common.fixed_network] (TestNetworkAdvancedServerOps:test_server_connectivity_pause_unpause) No valid network provided or created, defaulting to fixed_network_name
2015-12-15 17:06:50,368 25049 INFO     [tempest_lib.common.rest_client] Request (TestNetworkAdvancedServerOps:test_server_connectivity_pause_unpause): 200 GET http://10.0.2.15:8774/v2.1/5af185d384ee4bb684884beda3acc0b9/os-networks 0.316s
2015-12-15 17:06:50,368 25049 DEBUG    [tempest_lib.common.rest_client] Request - Headers: {'Content-Type': 'application/json', 'Accept': 'application/json', 'X-Auth-Token': '&lt;omitted&gt;'}
        Body: None
    Response - Headers: {'status': '200', 'content-length': '479', 'content-location': 'http://10.0.2.15:8774/v2.1/5af185d384ee4bb684884beda3acc0b9/os-networks', 'x-compute-request-id': 'req-0176047f-5b10-4408-9ce3-a43059ba7e3f', 'vary': 'X-OpenStack-Nova-API-Version', 'connection': 'close', 'x-openstack-nova-api-version': '2.1', 'date': 'Tue, 15 Dec 2015 17:06:50 GMT', 'content-type': 'application/json'}
        Body: {"networks": [{"cidr_v6": null, "dns2": null, "dns1": null, "gateway": null, "broadcast": null, "netmask": null, "gateway_v6": null, "cidr": null, "label": "public", "id": "01ea5c79-67a2-4fe8-984c-3f6a30d15017", "netmask_v6": null}, {"cidr_v6": null, "dns2": null, "dns1": null, "gateway": null, "broadcast": null, "netmask": null, "gateway_v6": null, "cidr": null, "label": "tempest-network-smoke--1051372939", "id": "82b9bc27-cba2-45bc-972e-19d1ad507a0e", "netmask_v6": null}]}
2015-12-15 17:06:50,369 25049 WARNING  [tempest.common.fixed_network] (TestNetworkAdvancedServerOps:test_server_connectivity_pause_unpause) Network with name: private not found
2015-12-15 17:06:50,369 25049 INFO     [tempest.common.fixed_network] (TestNetworkAdvancedServerOps:test_server_connectivity_pause_unpause) Found network {} available for tenant
2015-12-15 17:06:52,059 25049 INFO     [tempest_lib.common.rest_client] Request (TestNetworkAdvancedServerOps:test_server_connectivity_pause_unpause): 202 POST http://10.0.2.15:8774/v2.1/5af185d384ee4bb684884beda3acc0b9/servers 1.688s
2015-12-15 17:06:52,059 25049 DEBUG    [tempest_lib.common.rest_client] Request - Headers: {'Content-Type': 'application/json', 'Accept': 'application/json', 'X-Auth-Token': '&lt;omitted&gt;'}
        Body: {"server": {"name": "tempest.common.compute-instance-1647024730", "imageRef": "df593269-22e6-4bb6-8c7f-31c8c5f39f79", "key_name": "tempest-TestNetworkAdvancedServerOps-915790748", "flavorRef": "42", "networks": [{"uuid": "82b9bc27-cba2-45bc-972e-19d1ad507a0e"}], "security_groups": [{"name": "tempest-secgroup-smoke-2122234901"}]}}
    Response - Headers: {'status': '202', 'content-length': '462', 'x-compute-request-id': 'req-ec5843b6-e8e9-42e2-9856-bcb40e26d734', 'vary': 'X-OpenStack-Nova-API-Version', 'connection': 'close', 'location': 'http://10.0.2.15:8774/v2.1/5af185d384ee4bb684884beda3acc0b9/servers/6cc9be41-2e0d-453b-9842-ac34aa74db26', 'x-openstack-nova-api-version': '2.1', 'date': 'Tue, 15 Dec 2015 17:06:52 GMT', 'content-type': 'application/json'}
        Body: {"server": {"security_groups": [{"name": "tempest-secgroup-smoke-2122234901"}], "OS-DCF:diskConfig": "MANUAL", "id": "6cc9be41-2e0d-453b-9842-ac34aa74db26", "links": [{"href": "http://10.0.2.15:8774/v2.1/5af185d384ee4bb684884beda3acc0b9/servers/6cc9be41-2e0d-453b-9842-ac34aa74db26", "rel": "self"}, {"href": "http://10.0.2.15:8774/5af185d384ee4bb684884beda3acc0b9/servers/6cc9be41-2e0d-453b-9842-ac34aa74db26", "rel": "bookmark"}], "adminPass": "np8mrCoGQW5H"}}
2015-12-15 17:06:52,323 25049 INFO     [tempest_lib.common.rest_client] Request (TestNetworkAdvancedServerOps:test_server_connectivity_pause_unpause): 200 GET http://10.0.2.15:8774/v2.1/5af185d384ee4bb684884beda3acc0b9/servers/6cc9be41-2e0d-453b-9842-ac34aa74db26 0.261s
2015-12-15 17:06:52,324 25049 DEBUG    [tempest_lib.common.rest_client] Request - Headers: {'Content-Type': 'application/json', 'Accept': 'application/json', 'X-Auth-Token': '&lt;omitted&gt;'}
        Body: None
    Response - Headers: {'status': '200', 'content-length': '1364', 'content-location': 'http://10.0.2.15:8774/v2.1/5af185d384ee4bb684884beda3acc0b9/servers/6cc9be41-2e0d-453b-9842-ac34aa74db26', 'x-compute-request-id': 'req-e9163bcf-bd3d-4abe-889c-a97ac0e1ca11', 'vary': 'X-OpenStack-Nova-API-Version', 'connection': 'close', 'x-openstack-nova-api-version': '2.1', 'date': 'Tue, 15 Dec 2015 17:06:52 GMT', 'content-type': 'application/json'}
        Body: {"server": {"status": "BUILD", "updated": "2015-12-15T17:06:52Z", "hostId": "", "addresses": {}, "links": [{"href": "http://10.0.2.15:8774/v2.1/5af185d384ee4bb684884beda3acc0b9/servers/6cc9be41-2e0d-453b-9842-ac34aa74db26", "rel": "self"}, {"href": "http://10.0.2.15:8774/5af185d384ee4bb684884beda3acc0b9/servers/6cc9be41-2e0d-453b-9842-ac34aa74db26", "rel": "bookmark"}], "key_name": "tempest-TestNetworkAdvancedServerOps-915790748", "image": {"id": "df593269-22e6-4bb6-8c7f-31c8c5f39f79", "links": [{"href": "http://10.0.2.15:8774/5af185d384ee4bb684884beda3acc0b9/images/df593269-22e6-4bb6-8c7f-31c8c5f39f79", "rel": "bookmark"}]}, "OS-EXT-STS:task_state": "scheduling", "OS-EXT-STS:vm_state": "building", "OS-SRV-USG:launched_at": null, "flavor": {"id": "42", "links": [{"href": "http://10.0.2.15:8774/5af185d384ee4bb684884beda3acc0b9/flavors/42", "rel": "bookmark"}]}, "id": "6cc9be41-2e0d-453b-9842-ac34aa74db26", "OS-SRV-USG:terminated_at": null, "OS-EXT-AZ:availability_zone": "", "user_id": "10915cd54d704fc996418f760fef93f8", "name": "tempest.common.compute-instance-1647024730", "created": "2015-12-15T17:06:51Z", "tenant_id": "5af185d384ee4bb684884beda3acc0b9", "OS-DCF:diskConfig": "MANUAL", "os-extended-volumes:volumes_attached": [], "accessIPv4": "", "accessIPv6": "", "progress": 0, "OS-EXT-STS:power_state": 0, "config_drive": "", "metadata": {}}}
2015-12-15 17:06:53,668 25049 INFO     [tempest_lib.common.rest_client] Request (TestNetworkAdvancedServerOps:test_server_connectivity_pause_unpause): 200 GET http://10.0.2.15:8774/v2.1/5af185d384ee4bb684884beda3acc0b9/servers/6cc9be41-2e0d-453b-9842-ac34aa74db26 0.330s
2015-12-15 17:06:53,668 25049 DEBUG    [tempest_lib.common.rest_client] Request - Headers: {'Content-Type': 'application/json', 'Accept': 'application/json', 'X-Auth-Token': '&lt;omitted&gt;'}
        Body: None
    Response - Headers: {'status': '200', 'content-length': '1490', 'content-location': 'http://10.0.2.15:8774/v2.1/5af185d384ee4bb684884beda3acc0b9/servers/6cc9be41-2e0d-453b-9842-ac34aa74db26', 'x-compute-request-id': 'req-5334bd86-3fe8-4ec6-a842-0daa7df218aa', 'vary': 'X-OpenStack-Nova-API-Version', 'connection': 'close', 'x-openstack-nova-api-version': '2.1', 'date': 'Tue, 15 Dec 2015 17:06:53 GMT', 'content-type': 'application/json'}
        Body: {"server": {"status": "BUILD", "updated": "2015-12-15T17:06:53Z", "hostId": "822f751bfd4e4d7db5d38c8632699137e1486dafe542870db7cb79bd", "addresses": {}, "links": [{"href": "http://10.0.2.15:8774/v2.1/5af185d384ee4bb684884beda3acc0b9/servers/6cc9be41-2e0d-453b-9842-ac34aa74db26", "rel": "self"}, {"href": "http://10.0.2.15:8774/5af185d384ee4bb684884beda3acc0b9/servers/6cc9be41-2e0d-453b-9842-ac34aa74db26", "rel": "bookmark"}], "key_name": "tempest-TestNetworkAdvancedServerOps-915790748", "image": {"id": "df593269-22e6-4bb6-8c7f-31c8c5f39f79", "links": [{"href": "http://10.0.2.15:8774/5af185d384ee4bb684884beda3acc0b9/images/df593269-22e6-4bb6-8c7f-31c8c5f39f79", "rel": "bookmark"}]}, "OS-EXT-STS:task_state": "spawning", "OS-EXT-STS:vm_state": "building", "OS-SRV-USG:launched_at": null, "flavor": {"id": "42", "links": [{"href": "http://10.0.2.15:8774/5af185d384ee4bb684884beda3acc0b9/flavors/42", "rel": "bookmark"}]}, "id": "6cc9be41-2e0d-453b-9842-ac34aa74db26", "security_groups": [{"name": "tempest-secgroup-smoke-2122234901"}], "OS-SRV-USG:terminated_at": null, "OS-EXT-AZ:availability_zone": "nova", "user_id": "10915cd54d704fc996418f760fef93f8", "name": "tempest.common.compute-instance-1647024730", "created": "2015-12-15T17:06:51Z", "tenant_id": "5af185d384ee4bb684884beda3acc0b9", "OS-DCF:diskConfig": "MANUAL", "os-extended-volumes:volumes_attached": [], "accessIPv4": "", "accessIPv6": "", "progress": 0, "OS-EXT-STS:power_state": 0, "config_drive": "", "metadata": {}}}
2015-12-15 17:06:53,676 25049 INFO     [tempest.common.waiters] State transition "BUILD/scheduling" ==&gt; "BUILD/spawning" after 1 second wait
2015-12-15 17:06:54,908 25049 INFO     [tempest_lib.common.rest_client] Request (TestNetworkAdvancedServerOps:test_server_connectivity_pause_unpause): 200 GET http://10.0.2.15:8774/v2.1/5af185d384ee4bb684884beda3acc0b9/servers/6cc9be41-2e0d-453b-9842-ac34aa74db26 0.231s
2015-12-15 17:06:54,909 25049 DEBUG    [tempest_lib.common.rest_client] Request - Headers: {'Content-Type': 'application/json', 'Accept': 'application/json', 'X-Auth-Token': '&lt;omitted&gt;'}
        Body: None
    Response - Headers: {'status': '200', 'content-length': '1490', 'content-location': 'http://10.0.2.15:8774/v2.1/5af185d384ee4bb684884beda3acc0b9/servers/6cc9be41-2e0d-453b-9842-ac34aa74db26', 'x-compute-request-id': 'req-72c0cbc3-1a6b-4929-8b7d-6863f42c90ca', 'vary': 'X-OpenStack-Nova-API-Version', 'connection': 'close', 'x-openstack-nova-api-version': '2.1', 'date': 'Tue, 15 Dec 2015 17:06:54 GMT', 'content-type': 'application/json'}
        Body: {"server": {"status": "BUILD", "updated": "2015-12-15T17:06:53Z", "hostId": "822f751bfd4e4d7db5d38c8632699137e1486dafe542870db7cb79bd", "addresses": {}, "links": [{"href": "http://10.0.2.15:8774/v2.1/5af185d384ee4bb684884beda3acc0b9/servers/6cc9be41-2e0d-453b-9842-ac34aa74db26", "rel": "self"}, {"href": "http://10.0.2.15:8774/5af185d384ee4bb684884beda3acc0b9/servers/6cc9be41-2e0d-453b-9842-ac34aa74db26", "rel": "bookmark"}], "key_name": "tempest-TestNetworkAdvancedServerOps-915790748", "image": {"id": "df593269-22e6-4bb6-8c7f-31c8c5f39f79", "links": [{"href": "http://10.0.2.15:8774/5af185d384ee4bb684884beda3acc0b9/images/df593269-22e6-4bb6-8c7f-31c8c5f39f79", "rel": "bookmark"}]}, "OS-EXT-STS:task_state": "spawning", "OS-EXT-STS:vm_state": "building", "OS-SRV-USG:launched_at": null, "flavor": {"id": "42", "links": [{"href": "http://10.0.2.15:8774/5af185d384ee4bb684884beda3acc0b9/flavors/42", "rel": "bookmark"}]}, "id": "6cc9be41-2e0d-453b-9842-ac34aa74db26", "security_groups": [{"name": "tempest-secgroup-smoke-2122234901"}], "OS-SRV-USG:terminated_at": null, "OS-EXT-AZ:availability_zone": "nova", "user_id": "10915cd54d704fc996418f760fef93f8", "name": "tempest.common.compute-instance-1647024730", "created": "2015-12-15T17:06:51Z", "tenant_id": "5af185d384ee4bb684884beda3acc0b9", "OS-DCF:diskConfig": "MANUAL", "os-extended-volumes:volumes_attached": [], "accessIPv4": "", "accessIPv6": "", "progress": 0, "OS-EXT-STS:power_state": 0, "config_drive": "", "metadata": {}}}
2015-12-15 17:06:56,121 25049 INFO     [tempest_lib.common.rest_client] Request (TestNetworkAdvancedServerOps:test_server_connectivity_pause_unpause): 200 GET http://10.0.2.15:8774/v2.1/5af185d384ee4bb684884beda3acc0b9/servers/6cc9be41-2e0d-453b-9842-ac34aa74db26 0.203s
2015-12-15 17:06:56,122 25049 DEBUG    [tempest_lib.common.rest_client] Request - Headers: {'Content-Type': 'application/json', 'Accept': 'application/json', 'X-Auth-Token': '&lt;omitted&gt;'}
        Body: None
    Response - Headers: {'status': '200', 'content-length': '1662', 'content-location': 'http://10.0.2.15:8774/v2.1/5af185d384ee4bb684884beda3acc0b9/servers/6cc9be41-2e0d-453b-9842-ac34aa74db26', 'x-compute-request-id': 'req-2e4b360f-922f-464e-9af4-d402d2fb3924', 'vary': 'X-OpenStack-Nova-API-Version', 'connection': 'close', 'x-openstack-nova-api-version': '2.1', 'date': 'Tue, 15 Dec 2015 17:06:56 GMT', 'content-type': 'application/json'}
        Body: {"server": {"status": "ACTIVE", "updated": "2015-12-15T17:06:55Z", "hostId": "822f751bfd4e4d7db5d38c8632699137e1486dafe542870db7cb79bd", "addresses": {"tempest-network-smoke--1051372939": [{"OS-EXT-IPS-MAC:mac_addr": "fa:16:3e:b3:7a:1f", "version": 4, "addr": "10.100.0.3", "OS-EXT-IPS:type": "fixed"}]}, "links": [{"href": "http://10.0.2.15:8774/v2.1/5af185d384ee4bb684884beda3acc0b9/servers/6cc9be41-2e0d-453b-9842-ac34aa74db26", "rel": "self"}, {"href": "http://10.0.2.15:8774/5af185d384ee4bb684884beda3acc0b9/servers/6cc9be41-2e0d-453b-9842-ac34aa74db26", "rel": "bookmark"}], "key_name": "tempest-TestNetworkAdvancedServerOps-915790748", "image": {"id": "df593269-22e6-4bb6-8c7f-31c8c5f39f79", "links": [{"href": "http://10.0.2.15:8774/5af185d384ee4bb684884beda3acc0b9/images/df593269-22e6-4bb6-8c7f-31c8c5f39f79", "rel": "bookmark"}]}, "OS-EXT-STS:task_state": null, "OS-EXT-STS:vm_state": "active", "OS-SRV-USG:launched_at": "2015-12-15T17:06:55.000000", "flavor": {"id": "42", "links": [{"href": "http://10.0.2.15:8774/5af185d384ee4bb684884beda3acc0b9/flavors/42", "rel": "bookmark"}]}, "id": "6cc9be41-2e0d-453b-9842-ac34aa74db26", "security_groups": [{"name": "tempest-secgroup-smoke-2122234901"}], "OS-SRV-USG:terminated_at": null, "OS-EXT-AZ:availability_zone": "nova", "user_id": "10915cd54d704fc996418f760fef93f8", "name": "tempest.common.compute-instance-1647024730", "created": "2015-12-15T17:06:51Z", "tenant_id": "5af185d384ee4bb684884beda3acc0b9", "OS-DCF:diskConfig": "MANUAL", "os-extended-volumes:volumes_attached": [], "accessIPv4": "", "accessIPv6": "", "progress": 0, "OS-EXT-STS:power_state": 1, "config_drive": "True", "metadata": {}}}
2015-12-15 17:06:56,130 25049 INFO     [tempest.common.waiters] State transition "BUILD/spawning" ==&gt; "ACTIVE/None" after 4 second wait
2015-12-15 17:06:56,333 25049 INFO     [tempest_lib.common.rest_client] Request (TestNetworkAdvancedServerOps:test_server_connectivity_pause_unpause): 200 GET http://10.0.2.15:8774/v2.1/5af185d384ee4bb684884beda3acc0b9/servers/6cc9be41-2e0d-453b-9842-ac34aa74db26 0.202s
2015-12-15 17:06:56,334 25049 DEBUG    [tempest_lib.common.rest_client] Request - Headers: {'Content-Type': 'application/json', 'Accept': 'application/json', 'X-Auth-Token': '&lt;omitted&gt;'}
        Body: None
    Response - Headers: {'status': '200', 'content-length': '1662', 'content-location': 'http://10.0.2.15:8774/v2.1/5af185d384ee4bb684884beda3acc0b9/servers/6cc9be41-2e0d-453b-9842-ac34aa74db26', 'x-compute-request-id': 'req-c8daad1f-f5b8-4dca-969a-2b0ddb1f943d', 'vary': 'X-OpenStack-Nova-API-Version', 'connection': 'close', 'x-openstack-nova-api-version': '2.1', 'date': 'Tue, 15 Dec 2015 17:06:56 GMT', 'content-type': 'application/json'}
        Body: {"server": {"status": "ACTIVE", "updated": "2015-12-15T17:06:55Z", "hostId": "822f751bfd4e4d7db5d38c8632699137e1486dafe542870db7cb79bd", "addresses": {"tempest-network-smoke--1051372939": [{"OS-EXT-IPS-MAC:mac_addr": "fa:16:3e:b3:7a:1f", "version": 4, "addr": "10.100.0.3", "OS-EXT-IPS:type": "fixed"}]}, "links": [{"href": "http://10.0.2.15:8774/v2.1/5af185d384ee4bb684884beda3acc0b9/servers/6cc9be41-2e0d-453b-9842-ac34aa74db26", "rel": "self"}, {"href": "http://10.0.2.15:8774/5af185d384ee4bb684884beda3acc0b9/servers/6cc9be41-2e0d-453b-9842-ac34aa74db26", "rel": "bookmark"}], "key_name": "tempest-TestNetworkAdvancedServerOps-915790748", "image": {"id": "df593269-22e6-4bb6-8c7f-31c8c5f39f79", "links": [{"href": "http://10.0.2.15:8774/5af185d384ee4bb684884beda3acc0b9/images/df593269-22e6-4bb6-8c7f-31c8c5f39f79", "rel": "bookmark"}]}, "OS-EXT-STS:task_state": null, "OS-EXT-STS:vm_state": "active", "OS-SRV-USG:launched_at": "2015-12-15T17:06:55.000000", "flavor": {"id": "42", "links": [{"href": "http://10.0.2.15:8774/5af185d384ee4bb684884beda3acc0b9/flavors/42", "rel": "bookmark"}]}, "id": "6cc9be41-2e0d-453b-9842-ac34aa74db26", "security_groups": [{"name": "tempest-secgroup-smoke-2122234901"}], "OS-SRV-USG:terminated_at": null, "OS-EXT-AZ:availability_zone": "nova", "user_id": "10915cd54d704fc996418f760fef93f8", "name": "tempest.common.compute-instance-1647024730", "created": "2015-12-15T17:06:51Z", "tenant_id": "5af185d384ee4bb684884beda3acc0b9", "OS-DCF:diskConfig": "MANUAL", "os-extended-volumes:volumes_attached": [], "accessIPv4": "", "accessIPv6": "", "progress": 0, "OS-EXT-STS:power_state": 1, "config_drive": "True", "metadata": {}}}
2015-12-15 17:06:56,374 25049 INFO     [tempest_lib.common.rest_client] Request (TestNetworkAdvancedServerOps:test_server_connectivity_pause_unpause): 200 GET http://10.0.2.15:9696/v2.0/ports?status=ACTIVE&amp;fixed_ip=None&amp;device_id=6cc9be41-2e0d-453b-9842-ac34aa74db26 0.032s
2015-12-15 17:06:56,375 25049 DEBUG    [tempest_lib.common.rest_client] Request - Headers: {'Content-Type': 'application/json', 'Accept': 'application/json', 'X-Auth-Token': '&lt;omitted&gt;'}
        Body: None
    Response - Headers: {'status': '200', 'content-length': '895', 'content-location': 'http://10.0.2.15:9696/v2.0/ports?status=ACTIVE&amp;fixed_ip=None&amp;device_id=6cc9be41-2e0d-453b-9842-ac34aa74db26', 'connection': 'close', 'date': 'Tue, 15 Dec 2015 17:06:56 GMT', 'content-type': 'application/json; charset=UTF-8', 'x-openstack-request-id': 'req-5e54a22f-5e71-43d7-a599-03a9f9cb1489'}
        Body: {"ports": [{"status": "ACTIVE", "binding:host_id": "vagrant-ubuntu-trusty-64", "allowed_address_pairs": [], "extra_dhcp_opts": [], "dns_assignment": [{"hostname": "host-10-100-0-3", "ip_address": "10.100.0.3", "fqdn": "host-10-100-0-3.openstacklocal."}], "device_owner": "compute:None", "port_security_enabled": true, "binding:profile": {}, "fixed_ips": [{"subnet_id": "ac9c3447-b43a-4545-877e-3bed7594270c", "ip_address": "10.100.0.3"}], "id": "0eb65eb9-d9fc-40aa-8872-0fad7c559cb2", "security_groups": ["ecb21cdb-5607-4a08-84c7-af34db5a4004"], "device_id": "6cc9be41-2e0d-453b-9842-ac34aa74db26", "name": "", "admin_state_up": true, "network_id": "82b9bc27-cba2-45bc-972e-19d1ad507a0e", "dns_name": "", "binding:vif_details": {"port_filter": true}, "binding:vnic_type": "normal", "binding:vif_type": "ovs", "tenant_id": "5af185d384ee4bb684884beda3acc0b9", "mac_address": "fa:16:3e:b3:7a:1f"}]}
2015-12-15 17:06:57,100 25049 INFO     [tempest_lib.common.rest_client] Request (TestNetworkAdvancedServerOps:test_server_connectivity_pause_unpause): 201 POST http://10.0.2.15:9696/v2.0/floatingips 0.724s
2015-12-15 17:06:57,100 25049 DEBUG    [tempest_lib.common.rest_client] Request - Headers: {'Content-Type': 'application/json', 'Accept': 'application/json', 'X-Auth-Token': '&lt;omitted&gt;'}
        Body: {"floatingip": {"floating_network_id": "01ea5c79-67a2-4fe8-984c-3f6a30d15017", "tenant_id": "5af185d384ee4bb684884beda3acc0b9", "fixed_ip_address": "10.100.0.3", "port_id": "0eb65eb9-d9fc-40aa-8872-0fad7c559cb2"}}
    Response - Headers: {'status': '201', 'content-length': '367', 'connection': 'close', 'date': 'Tue, 15 Dec 2015 17:06:57 GMT', 'content-type': 'application/json; charset=UTF-8', 'x-openstack-request-id': 'req-417cb386-f936-41d6-9f2e-a21e6919f14f'}
        Body: {"floatingip": {"floating_network_id": "01ea5c79-67a2-4fe8-984c-3f6a30d15017", "router_id": "a94997ab-1550-4e6d-91b6-6711d419c09d", "fixed_ip_address": "10.100.0.3", "floating_ip_address": "172.24.4.4", "tenant_id": "5af185d384ee4bb684884beda3acc0b9", "status": "DOWN", "port_id": "0eb65eb9-d9fc-40aa-8872-0fad7c559cb2", "id": "f24f4763-a50e-440d-8793-9b895bf8df75"}}
2015-12-15 17:06:57,322 25049 INFO     [tempest_lib.common.rest_client] Request (TestNetworkAdvancedServerOps:test_server_connectivity_pause_unpause): 200 GET http://10.0.2.15:8774/v2.1/5af185d384ee4bb684884beda3acc0b9/servers/6cc9be41-2e0d-453b-9842-ac34aa74db26 0.221s
2015-12-15 17:06:57,323 25049 DEBUG    [tempest_lib.common.rest_client] Request - Headers: {'Content-Type': 'application/json', 'Accept': 'application/json', 'X-Auth-Token': '&lt;omitted&gt;'}
        Body: None
    Response - Headers: {'status': '200', 'content-length': '1662', 'content-location': 'http://10.0.2.15:8774/v2.1/5af185d384ee4bb684884beda3acc0b9/servers/6cc9be41-2e0d-453b-9842-ac34aa74db26', 'x-compute-request-id': 'req-5ebfc5f0-b540-4111-8591-a7df1a062566', 'vary': 'X-OpenStack-Nova-API-Version', 'connection': 'close', 'x-openstack-nova-api-version': '2.1', 'date': 'Tue, 15 Dec 2015 17:06:57 GMT', 'content-type': 'application/json'}
        Body: {"server": {"status": "ACTIVE", "updated": "2015-12-15T17:06:55Z", "hostId": "822f751bfd4e4d7db5d38c8632699137e1486dafe542870db7cb79bd", "addresses": {"tempest-network-smoke--1051372939": [{"OS-EXT-IPS-MAC:mac_addr": "fa:16:3e:b3:7a:1f", "version": 4, "addr": "10.100.0.3", "OS-EXT-IPS:type": "fixed"}]}, "links": [{"href": "http://10.0.2.15:8774/v2.1/5af185d384ee4bb684884beda3acc0b9/servers/6cc9be41-2e0d-453b-9842-ac34aa74db26", "rel": "self"}, {"href": "http://10.0.2.15:8774/5af185d384ee4bb684884beda3acc0b9/servers/6cc9be41-2e0d-453b-9842-ac34aa74db26", "rel": "bookmark"}], "key_name": "tempest-TestNetworkAdvancedServerOps-915790748", "image": {"id": "df593269-22e6-4bb6-8c7f-31c8c5f39f79", "links": [{"href": "http://10.0.2.15:8774/5af185d384ee4bb684884beda3acc0b9/images/df593269-22e6-4bb6-8c7f-31c8c5f39f79", "rel": "bookmark"}]}, "OS-EXT-STS:task_state": null, "OS-EXT-STS:vm_state": "active", "OS-SRV-USG:launched_at": "2015-12-15T17:06:55.000000", "flavor": {"id": "42", "links": [{"href": "http://10.0.2.15:8774/5af185d384ee4bb684884beda3acc0b9/flavors/42", "rel": "bookmark"}]}, "id": "6cc9be41-2e0d-453b-9842-ac34aa74db26", "security_groups": [{"name": "tempest-secgroup-smoke-2122234901"}], "OS-SRV-USG:terminated_at": null, "OS-EXT-AZ:availability_zone": "nova", "user_id": "10915cd54d704fc996418f760fef93f8", "name": "tempest.common.compute-instance-1647024730", "created": "2015-12-15T17:06:51Z", "tenant_id": "5af185d384ee4bb684884beda3acc0b9", "OS-DCF:diskConfig": "MANUAL", "os-extended-volumes:volumes_attached": [], "accessIPv4": "", "accessIPv6": "", "progress": 0, "OS-EXT-STS:power_state": 1, "config_drive": "True", "metadata": {}}}
2015-12-15 17:06:57,331 25049 INFO     [tempest.scenario.manager] Tenant networks not configured to be reachable.
2015-12-15 17:06:57,349 25049 INFO     [tempest_lib.common.rest_client] Request (TestNetworkAdvancedServerOps:test_server_connectivity_pause_unpause): 200 GET http://10.0.2.15:9696/v2.0/floatingips/f24f4763-a50e-440d-8793-9b895bf8df75 0.017s
2015-12-15 17:06:57,350 25049 DEBUG    [tempest_lib.common.rest_client] Request - Headers: {'Content-Type': 'application/json', 'Accept': 'application/json', 'X-Auth-Token': '&lt;omitted&gt;'}
        Body: None
    Response - Headers: {'status': '200', 'content-length': '367', 'content-location': 'http://10.0.2.15:9696/v2.0/floatingips/f24f4763-a50e-440d-8793-9b895bf8df75', 'connection': 'close', 'date': 'Tue, 15 Dec 2015 17:06:57 GMT', 'content-type': 'application/json; charset=UTF-8', 'x-openstack-request-id': 'req-540c863e-bfa7-498c-9cc7-39bf3d98ffb5'}
        Body: {"floatingip": {"floating_network_id": "01ea5c79-67a2-4fe8-984c-3f6a30d15017", "router_id": "a94997ab-1550-4e6d-91b6-6711d419c09d", "fixed_ip_address": "10.100.0.3", "floating_ip_address": "172.24.4.4", "tenant_id": "5af185d384ee4bb684884beda3acc0b9", "status": "DOWN", "port_id": "0eb65eb9-d9fc-40aa-8872-0fad7c559cb2", "id": "f24f4763-a50e-440d-8793-9b895bf8df75"}}
2015-12-15 17:06:58,367 25049 INFO     [tempest_lib.common.rest_client] Request (TestNetworkAdvancedServerOps:test_server_connectivity_pause_unpause): 200 GET http://10.0.2.15:9696/v2.0/floatingips/f24f4763-a50e-440d-8793-9b895bf8df75 0.015s
2015-12-15 17:06:58,367 25049 DEBUG    [tempest_lib.common.rest_client] Request - Headers: {'Content-Type': 'application/json', 'Accept': 'application/json', 'X-Auth-Token': '&lt;omitted&gt;'}
        Body: None
    Response - Headers: {'status': '200', 'content-length': '369', 'content-location': 'http://10.0.2.15:9696/v2.0/floatingips/f24f4763-a50e-440d-8793-9b895bf8df75', 'connection': 'close', 'date': 'Tue, 15 Dec 2015 17:06:58 GMT', 'content-type': 'application/json; charset=UTF-8', 'x-openstack-request-id': 'req-29577673-293b-42c7-af67-1f1936169a7d'}
        Body: {"floatingip": {"floating_network_id": "01ea5c79-67a2-4fe8-984c-3f6a30d15017", "router_id": "a94997ab-1550-4e6d-91b6-6711d419c09d", "fixed_ip_address": "10.100.0.3", "floating_ip_address": "172.24.4.4", "tenant_id": "5af185d384ee4bb684884beda3acc0b9", "status": "ACTIVE", "port_id": "0eb65eb9-d9fc-40aa-8872-0fad7c559cb2", "id": "f24f4763-a50e-440d-8793-9b895bf8df75"}}
2015-12-15 17:06:58,367 25049 INFO     [tempest.scenario.manager] FloatingIP: &lt;"FloatingIP" addr="172.24.4.4" id="f24f4763-a50e-440d-8793-9b895bf8df75"&gt; is at status: ACTIVE
2015-12-15 17:06:58,368 25049 DEBUG    [tempest.scenario.manager] checking network connections to IP 172.24.4.4 with user: cirros
2015-12-15 17:06:58,369 25049 DEBUG    [tempest.scenario.manager] TestNetworkAdvancedServerOps:test_server_connectivity_pause_unpause begins to ping 172.24.4.4 in 120 sec and the expected result is reachable
2015-12-15 17:08:59,708 25049 DEBUG    [tempest.scenario.manager] TestNetworkAdvancedServerOps:test_server_connectivity_pause_unpause finishes ping 172.24.4.4 in 120 sec and the ping result is unexpected
2015-12-15 17:08:59,709 25049 ERROR    [tempest.scenario.manager] Public network connectivity check failed
2015-12-15 17:08:59.709 25049 ERROR tempest.scenario.manager Traceback (most recent call last):
2015-12-15 17:08:59.709 25049 ERROR tempest.scenario.manager   File "tempest/scenario/manager.py", line 608, in check_public_network_connectivity
2015-12-15 17:08:59.709 25049 ERROR tempest.scenario.manager     should_connect=should_connect)
2015-12-15 17:08:59.709 25049 ERROR tempest.scenario.manager   File "tempest/scenario/manager.py", line 592, in check_vm_connectivity
2015-12-15 17:08:59.709 25049 ERROR tempest.scenario.manager     msg=msg)
2015-12-15 17:08:59.709 25049 ERROR tempest.scenario.manager   File "/usr/local/lib/python2.7/dist-packages/unittest2/case.py", line 702, in assertTrue
2015-12-15 17:08:59.709 25049 ERROR tempest.scenario.manager     raise self.failureException(msg)
2015-12-15 17:08:59.709 25049 ERROR tempest.scenario.manager AssertionError: False is not true : Timed out waiting for 172.24.4.4 to become reachable
2015-12-15 17:08:59.709 25049 ERROR tempest.scenario.manager 
2015-12-15 17:08:59,920 25049 INFO     [tempest_lib.common.rest_client] Request (TestNetworkAdvancedServerOps:test_server_connectivity_pause_unpause): 200 POST http://10.0.2.15:8774/v2.1/5af185d384ee4bb684884beda3acc0b9/servers/6cc9be41-2e0d-453b-9842-ac34aa74db26/action 0.205s
2015-12-15 17:08:59,920 25049 DEBUG    [tempest_lib.common.rest_client] Request - Headers: {'Content-Type': 'application/json', 'Accept': 'application/json', 'X-Auth-Token': '&lt;omitted&gt;'}
        Body: {"os-getConsoleOutput": {}}
    Response - Headers: {'status': '200', 'content-length': '17469', 'x-compute-request-id': 'req-18b05caa-a6ff-4716-bc9e-a62f446a4424', 'vary': 'X-OpenStack-Nova-API-Version', 'connection': 'close', 'x-openstack-nova-api-version': '2.1', 'date': 'Tue, 15 Dec 2015 17:08:59 GMT', 'content-type': 'application/json'}
        Body: {"output": "[    0.000000] Initializing cgroup subsys cpuset\n[    0.000000] Initializing cgroup subsys cpu\n[    0.000000] Linux version 3.2.0-80-virtual (buildd@batsu) (gcc version 4.6.3 (Ubuntu/Linaro 4.6.3-1ubuntu5) ) #116-Ubuntu SMP Mon Mar 23 17:28:52 UTC 2015 (Ubuntu 3.2.0-80.116-virtual 3.2.68)\n[    0.000000] Command line: root=/dev/vda console=tty0 console=ttyS0 no_timer_check\n[    0.000000] KERNEL supported cpus:\n[    0.000000]   Intel GenuineIntel\n[    0.000000]   AMD AuthenticAMD\n[    0.000000]   Centaur CentaurHauls\n[    0.000000] BIOS-provided physical RAM map:\n[    0.000000]  BIOS-e820: 0000000000000000 - 000000000009fc00 (usable)\n[    0.000000]  BIOS-e820: 000000000009fc00 - 00000000000a0000 (reserved)\n[    0.000000]  BIOS-e820: 00000000000f0000 - 0000000000100000 (reserved)\n[    0.000000]  BIOS-e820: 0000000000100000 - 0000000003ffe000 (usable)\n[    0.000000]  BIOS-e820: 0000000003ffe000 - 0000000004000000 (reserved)\n[    0.000000]  BIOS-e820: 00000000fffc0000 - 0000000100000000 (reserved)\n[    0.000000] NX (Execute Disable) protection: active\n[    0.000000] SMBIOS 2.4 present.\n[    0.000000] No AGP bridge found\n[    0.000000] last_pfn = 0x3ffe max_arch_pfn = 0x400000000\n[    0.000000] x86 PAT enabled: cpu 0, old 0x7040600070406, new 0x7010600070106\n[    0.000000] found SMP MP-table at [ffff8800000f0b00] f0b00\n[    0.000000] init_memory_mapping: 0000000000000000-0000000003ffe000\n[    0.000000] RAMDISK: 03c5e000 - 03ff0000\n[    0.000000] ACPI: RSDP 00000000000f0950 00014 (v00 BOCHS )\n[    0.000000] ACPI: RSDT 0000000003fffbc1 00034 (v01 BOCHS  BXPCRSDT 00000001 BXPC 00000001)\n[    0.000000] ACPI: FACP 0000000003fff1c0 00074 (v01 BOCHS  BXPCFACP 00000001 BXPC 00000001)\n[    0.000000] ACPI: DSDT 0000000003ffe040 01180 (v01 BOCHS  BXPCDSDT 00000001 BXPC 00000001)\n[    0.000000] ACPI: FACS 0000000003ffe000 00040\n[    0.000000] ACPI: SSDT 0000000003fff234 008DD (v01 BOCHS  BXPCSSDT 00000001 BXPC 00000001)\n[    0.000000] ACPI: APIC 0000000003fffb11 00078 (v01 BOCHS  BXPCAPIC 00000001 BXPC 00000001)\n[    0.000000] ACPI: HPET 0000000003fffb89 00038 (v01 BOCHS  BXPCHPET 00000001 BXPC 00000001)\n[    0.000000] No NUMA configuration found\n[    0.000000] Faking a node at 0000000000000000-0000000003ffe000\n[    0.000000] Initmem setup node 0 0000000000000000-0000000003ffe000\n[    0.000000]   NODE_DATA [0000000003ff6000 - 0000000003ffafff]\n[    0.000000] Zone PFN ranges:\n[    0.000000]   DMA      0x00000010 -&gt; 0x00001000\n[    0.000000]   DMA32    0x00001000 -&gt; 0x00100000\n[    0.000000]   Normal   empty\n[    0.000000] Movable zone start PFN for each node\n[    0.000000] early_node_map[2] active PFN ranges\n[    0.000000]     0: 0x00000010 -&gt; 0x0000009f\n[    0.000000]     0: 0x00000100 -&gt; 0x00003ffe\n[    0.000000] ACPI: PM-Timer IO Port: 0xb008\n[    0.000000] ACPI: LAPIC (acpi_id[0x00] lapic_id[0x00] enabled)\n[    0.000000] ACPI: LAPIC_NMI (acpi_id[0xff] dfl dfl lint[0x1])\n[    0.000000] ACPI: IOAPIC (id[0x00] address[0xfec00000] gsi_base[0])\n[    0.000000] IOAPIC[0]: apic_id 0, version 17, address 0xfec00000, GSI 0-23\n[    0.000000] ACPI: INT_SRC_OVR (bus 0 bus_irq 0 global_irq 2 dfl dfl)\n[    0.000000] ACPI: INT_SRC_OVR (bus 0 bus_irq 5 global_irq 5 high level)\n[    0.000000] ACPI: INT_SRC_OVR (bus 0 bus_irq 9 global_irq 9 high level)\n[    0.000000] ACPI: INT_SRC_OVR (bus 0 bus_irq 10 global_irq 10 high level)\n[    0.000000] ACPI: INT_SRC_OVR (bus 0 bus_irq 11 global_irq 11 high level)\n[    0.000000] Using ACPI (MADT) for SMP configuration information\n[    0.000000] ACPI: HPET id: 0x8086a201 base: 0xfed00000\n[    0.000000] SMP: Allowing 1 CPUs, 0 hotplug CPUs\n[    0.000000] PM: Registered nosave memory: 000000000009f000 - 00000000000a0000\n[    0.000000] PM: Registered nosave memory: 00000000000a0000 - 00000000000f0000\n[    0.000000] PM: Registered nosave memory: 00000000000f0000 - 0000000000100000\n[    0.000000] Allocating PCI resources starting at 4000000 (gap: 4000000:fbfc0000)\n[    0.000000] Booting paravirtualized kernel on bare hardware\n[    0.000000] setup_pe
2015-12-15 17:08:59,925 25049 DEBUG    [tempest.scenario.manager] Console output for 6cc9be41-2e0d-453b-9842-ac34aa74db26
body=
[    0.000000] Initializing cgroup subsys cpuset
[    0.000000] Initializing cgroup subsys cpu
[    0.000000] Linux version 3.2.0-80-virtual (buildd@batsu) (gcc version 4.6.3 (Ubuntu/Linaro 4.6.3-1ubuntu5) ) #116-Ubuntu SMP Mon Mar 23 17:28:52 UTC 2015 (Ubuntu 3.2.0-80.116-virtual 3.2.68)
[    0.000000] Command line: root=/dev/vda console=tty0 console=ttyS0 no_timer_check
[    0.000000] KERNEL supported cpus:
[    0.000000]   Intel GenuineIntel
[    0.000000]   AMD AuthenticAMD
[    0.000000]   Centaur CentaurHauls
[    0.000000] BIOS-provided physical RAM map:
[    0.000000]  BIOS-e820: 0000000000000000 - 000000000009fc00 (usable)
[    0.000000]  BIOS-e820: 000000000009fc00 - 00000000000a0000 (reserved)
[    0.000000]  BIOS-e820: 00000000000f0000 - 0000000000100000 (reserved)
[    0.000000]  BIOS-e820: 0000000000100000 - 0000000003ffe000 (usable)
[    0.000000]  BIOS-e820: 0000000003ffe000 - 0000000004000000 (reserved)
[    0.000000]  BIOS-e820: 00000000fffc0000 - 0000000100000000 (reserved)
[    0.000000] NX (Execute Disable) protection: active
[    0.000000] SMBIOS 2.4 present.
[    0.000000] No AGP bridge found
[    0.000000] last_pfn = 0x3ffe max_arch_pfn = 0x400000000
[    0.000000] x86 PAT enabled: cpu 0, old 0x7040600070406, new 0x7010600070106
[    0.000000] found SMP MP-table at [ffff8800000f0b00] f0b00
[    0.000000] init_memory_mapping: 0000000000000000-0000000003ffe000
[    0.000000] RAMDISK: 03c5e000 - 03ff0000
[    0.000000] ACPI: RSDP 00000000000f0950 00014 (v00 BOCHS )
[    0.000000] ACPI: RSDT 0000000003fffbc1 00034 (v01 BOCHS  BXPCRSDT 00000001 BXPC 00000001)
[    0.000000] ACPI: FACP 0000000003fff1c0 00074 (v01 BOCHS  BXPCFACP 00000001 BXPC 00000001)
[    0.000000] ACPI: DSDT 0000000003ffe040 01180 (v01 BOCHS  BXPCDSDT 00000001 BXPC 00000001)
[    0.000000] ACPI: FACS 0000000003ffe000 00040
[    0.000000] ACPI: SSDT 0000000003fff234 008DD (v01 BOCHS  BXPCSSDT 00000001 BXPC 00000001)
[    0.000000] ACPI: APIC 0000000003fffb11 00078 (v01 BOCHS  BXPCAPIC 00000001 BXPC 00000001)
[    0.000000] ACPI: HPET 0000000003fffb89 00038 (v01 BOCHS  BXPCHPET 00000001 BXPC 00000001)
[    0.000000] No NUMA configuration found
[    0.000000] Faking a node at 0000000000000000-0000000003ffe000
[    0.000000] Initmem setup node 0 0000000000000000-0000000003ffe000
[    0.000000]   NODE_DATA [0000000003ff6000 - 0000000003ffafff]
[    0.000000] Zone PFN ranges:
[    0.000000]   DMA      0x00000010 -&gt; 0x00001000
[    0.000000]   DMA32    0x00001000 -&gt; 0x00100000
[    0.000000]   Normal   empty
[    0.000000] Movable zone start PFN for each node
[    0.000000] early_node_map[2] active PFN ranges
[    0.000000]     0: 0x00000010 -&gt; 0x0000009f
[    0.000000]     0: 0x00000100 -&gt; 0x00003ffe
[    0.000000] ACPI: PM-Timer IO Port: 0xb008
[    0.000000] ACPI: LAPIC (acpi_id[0x00] lapic_id[0x00] enabled)
[    0.000000] ACPI: LAPIC_NMI (acpi_id[0xff] dfl dfl lint[0x1])
[    0.000000] ACPI: IOAPIC (id[0x00] address[0xfec00000] gsi_base[0])
[    0.000000] IOAPIC[0]: apic_id 0, version 17, address 0xfec00000, GSI 0-23
[    0.000000] ACPI: INT_SRC_OVR (bus 0 bus_irq 0 global_irq 2 dfl dfl)
[    0.000000] ACPI: INT_SRC_OVR (bus 0 bus_irq 5 global_irq 5 high level)
[    0.000000] ACPI: INT_SRC_OVR (bus 0 bus_irq 9 global_irq 9 high level)
[    0.000000] ACPI: INT_SRC_OVR (bus 0 bus_irq 10 global_irq 10 high level)
[    0.000000] ACPI: INT_SRC_OVR (bus 0 bus_irq 11 global_irq 11 high level)
[    0.000000] Using ACPI (MADT) for SMP configuration information
[    0.000000] ACPI: HPET id: 0x8086a201 base: 0xfed00000
[    0.000000] SMP: Allowing 1 CPUs, 0 hotplug CPUs
[    0.000000] PM: Registered nosave memory: 000000000009f000 - 00000000000a0000
[    0.000000] PM: Registered nosave memory: 00000000000a0000 - 00000000000f0000
[    0.000000] PM: Registered nosave memory: 00000000000f0000 - 0000000000100000
[    0.000000] Allocating PCI resources starting at 4000000 (gap: 4000000:fbfc0000)
[    0.000000] Booting paravirtualized kernel on bare hardware
[    0.000000] setup_percpu: NR_CPUS:64 nr_cpumask_bits:64 nr_cpu_ids:1 nr_node_ids:1
[    0.000000] PERCPU: Embedded 27 pages/cpu @ffff880003a00000 s78848 r8192 d23552 u2097152
[    0.000000] Built 1 zonelists in Node order, mobility grouping on.  Total pages: 16008
[    0.000000] Policy zone: DMA32
[    0.000000] Kernel command line: root=/dev/vda console=tty0 console=ttyS0 no_timer_check
[    0.000000] PID hash table entries: 256 (order: -1, 2048 bytes)
[    0.000000] Checking aperture...
[    0.000000] No AGP bridge found
[    0.000000] Memory: 43492k/65528k available (6576k kernel code, 452k absent, 21584k reserved, 6620k data, 928k init)
[    0.000000] SLUB: Genslabs=15, HWalign=64, Order=0-3, MinObjects=0, CPUs=1, Nodes=1
[    0.000000] Hierarchical RCU implementation.
[    0.000000] 	RCU dyntick-idle grace-period acceleration is enabled.
[    0.000000] NR_IRQS:4352 nr_irqs:256 16
[    0.000000] Console: colour VGA+ 80x25
[    0.000000] console [tty0] enabled
[    0.000000] console [ttyS0] enabled
[    0.000000] allocated 1048576 bytes of page_cgroup
[    0.000000] please try 'cgroup_disable=memory' option if you don't want memory cgroups
[    0.000000] Fast TSC calibration failed
[    0.000000] TSC: Unable to calibrate against PIT
[    0.000000] TSC: using HPET reference calibration
[    0.000000] Detected 2294.030 MHz processor.
[    0.032812] Calibrating delay loop (skipped), value calculated using timer frequency.. 4588.06 BogoMIPS (lpj=9176120)
[    0.036304] pid_max: default: 32768 minimum: 301
[    0.045909] Security Framework initialized
[    0.050953] AppArmor: AppArmor initialized
[    0.052178] Yama: becoming mindful.
[    0.058158] Dentry cache hash table entries: 8192 (order: 4, 65536 bytes)
[    0.060334] Inode-cache hash table entries: 4096 (order: 3, 32768 bytes)
[    0.062224] Mount-cache hash table entries: 256
[    0.083249] Initializing cgroup subsys cpuacct
[    0.084358] Initializing cgroup subsys memory
[    0.085937] Initializing cgroup subsys devices
[    0.086831] Initializing cgroup subsys freezer
[    0.088144] Initializing cgroup subsys blkio
[    0.088848] Initializing cgroup subsys perf_event
[    0.093573] mce: CPU supports 10 MCE banks
[    0.097979] SMP alternatives: switching to UP code
[    0.525046] Freeing SMP alternatives: 24k freed
[    0.528263] ACPI: Core revision 20110623
[    0.581787] ftrace: allocating 26610 entries in 105 pages
[    0.615109] ..TIMER: vector=0x30 apic1=0 pin1=2 apic2=-1 pin2=-1
[    0.616209] CPU0: AMD QEMU Virtual CPU version 2.0.0 stepping 03
[    0.620038] Performance Events: Broken PMU hardware detected, using software events only.
[    0.628403] NMI watchdog disabled (cpu0): hardware events not enabled
[    0.629883] Brought up 1 CPUs
[    0.630398] Total of 1 processors activated (4588.06 BogoMIPS).
[    0.658032] devtmpfs: initialized
[    0.689577] EVM: security.selinux
[    0.690025] EVM: security.SMACK64
[    0.690468] EVM: security.capability
[    0.716188] print_constraints: dummy: 
[    0.718011] RTC time: 17:06:59, date: 12/15/15
[    0.721322] NET: Registered protocol family 16
[    0.730439] ACPI: bus type pci registered
[    0.734976] PCI: Using configuration type 1 for base access
[    0.769402] bio: create slab &lt;bio-0&gt; at 0
[    0.774685] ACPI: Added _OSI(Module Device)
[    0.776134] ACPI: Added _OSI(Processor Device)
[    0.776706] ACPI: Added _OSI(3.0 _SCP Extensions)
[    0.777278] ACPI: Added _OSI(Processor Aggregator Device)
[    0.849388] ACPI: Interpreter enabled
[    0.850856] ACPI: (supports S0 S3 S4 S5)
[    0.853209] ACPI: Using IOAPIC for interrupt routing
[    0.936556] ACPI: No dock devices found.
[    0.937261] HEST: Table not found.
[    0.937836] PCI: Using host bridge windows from ACPI; if necessary, use "pci=nocrs" and report a bug
[    0.944880] ACPI: PCI Root Bridge [PCI0] (domain 0000 [bus 00-ff])
[    0.950611] pci_root PNP0A03:00: host bridge window [io  0x0000-0x0cf7]
[    0.952158] pci_root PNP0A03:00: host bridge window [io  0x0d00-0xadff]
[    0.952964] pci_root PNP0A03:00: host bridge window [io  0xae0f-0xaeff]
[    0.953772] pci_root PNP0A03:00: host bridge window [io  0xaf20-0xafdf]
[    0.954699] pci_root PNP0A03:00: host bridge window [io  0xafe4-0xffff]
[    0.956266] pci_root PNP0A03:00: host bridge window [mem 0x000a0000-0x000bffff]
[    0.960171] pci_root PNP0A03:00: host bridge window [mem 0x04000000-0xfebfffff]
[    0.995006] pci 0000:00:01.3: quirk: [io  0xb000-0xb03f] claimed by PIIX4 ACPI
[    0.996193] pci 0000:00:01.3: quirk: [io  0xb100-0xb10f] claimed by PIIX4 SMB
[    1.076927]  pci0000:00: Unable to request _OSC control (_OSC support mask: 0x1e)
[    1.147273] ACPI: PCI Interrupt Link [LNKA] (IRQs 5 *10 11)
[    1.149761] ACPI: PCI Interrupt Link [LNKB] (IRQs 5 *10 11)
[    1.152593] ACPI: PCI Interrupt Link [LNKC] (IRQs 5 10 *11)
[    1.154351] ACPI: PCI Interrupt Link [LNKD] (IRQs 5 10 *11)
[    1.156337] ACPI: PCI Interrupt Link [LNKS] (IRQs *9)
[    1.163060] vgaarb: device added: PCI:0000:00:02.0,decodes=io+mem,owns=io+mem,locks=none
[    1.164234] vgaarb: loaded
[    1.164622] vgaarb: bridge control possible 0000:00:02.0
[    1.169365] i2c-core: driver [aat2870] using legacy suspend method
[    1.170040] i2c-core: driver [aat2870] using legacy resume method
[    1.172891] SCSI subsystem initialized
[    1.176804] usbcore: registered new interface driver usbfs
[    1.177949] usbcore: registered new interface driver hub
[    1.180577] usbcore: registered new device driver usb
[    1.185157] PCI: Using ACPI for IRQ routing
[    1.197384] NetLabel: Initializing
[    1.197804] NetLabel:  domain hash size = 128
[    1.198318] NetLabel:  protocols = UNLABELED CIPSOv4
[    1.201427] NetLabel:  unlabeled traffic allowed by default
[    1.204396] HPET: 3 timers in total, 0 timers will be used for per-cpu timer
[    1.205502] hpet0: at MMIO 0xfed00000, IRQs 2, 8, 0
[    1.206312] hpet0: 3 comparators, 64-bit 100.000000 MHz counter
[    1.218021] Switching to clocksource hpet
[    1.518704] AppArmor: AppArmor Filesystem Enabled
[    1.521332] pnp: PnP ACPI init
[    1.522433] ACPI: bus type pnp registered
[    1.552036] pnp: PnP ACPI: found 9 devices
[    1.553551] ACPI: ACPI bus type pnp unregistered
[    1.623479] NET: Registered protocol family 2
[    1.667041] IP route cache hash table entries: 512 (order: 0, 4096 bytes)
[    1.675815] TCP established hash table entries: 2048 (order: 3, 32768 bytes)
[    1.678636] TCP bind hash table entries: 2048 (order: 3, 32768 bytes)
[    1.680220] TCP: Hash tables configured (established 2048 bind 2048)
[    1.681752] TCP reno registered
[    1.682257] UDP hash table entries: 128 (order: 0, 4096 bytes)
[    1.683300] UDP-Lite hash table entries: 128 (order: 0, 4096 bytes)
[    1.686699] NET: Registered protocol family 1
[    1.687598] pci 0000:00:00.0: Limiting direct PCI/PCI transfers
[    1.689465] pci 0000:00:01.0: PIIX3: Enabling Passive Release
[    1.690517] pci 0000:00:01.0: Activating ISA DMA hang workarounds
[    1.695994] ACPI: PCI Interrupt Link [LNKD] enabled at IRQ 11
[    1.698094] pci 0000:00:01.2: PCI INT D -&gt; Link[LNKD] -&gt; GSI 11 (level, high) -&gt; IRQ 11
[    1.701351] pci 0000:00:01.2: PCI INT D disabled
[    1.721005] Trying to unpack rootfs image as initramfs...
[    1.739124] audit: initializing netlink socket (disabled)
[    1.741815] type=2000 audit(1450199219.740:1): initialized
[    2.012847] HugeTLB registered 2 MB page size, pre-allocated 0 pages
[    2.094867] VFS: Disk quotas dquot_6.5.2
[    2.096499] Dquot-cache hash table entries: 512 (order 0, 4096 bytes)
[    2.110848] fuse init (API version 7.17)
[    2.114567] msgmni has been set to 84
[    2.154166] Block layer SCSI generic (bsg) driver version 0.4 loaded (major 253)
[    2.155613] io scheduler noop registered
[    2.156179] io scheduler deadline registered (default)
[    2.158410] io scheduler cfq registered
[    2.162065] pci_hotplug: PCI Hot Plug PCI Core version: 0.5
[    2.163980] pciehp: PCI Express Hot Plug Controller Driver version: 0.4
[    2.169751] input: Power Button as /devices/LNXSYSTM:00/LNXPWRBN:00/input/input0
[    2.170914] ACPI: Power Button [PWRF]
[    2.238219] ERST: Table is not found!
[    2.238715] GHES: HEST is not enabled!
[    2.247607] ACPI: PCI Interrupt Link [LNKC] enabled at IRQ 10
[    2.249129] virtio-pci 0000:00:03.0: PCI INT A -&gt; Link[LNKC] -&gt; GSI 10 (level, high) -&gt; IRQ 10
[    2.251900] virtio-pci 0000:00:04.0: PCI INT A -&gt; Link[LNKD] -&gt; GSI 11 (level, high) -&gt; IRQ 11
[    2.263238] ACPI: PCI Interrupt Link [LNKA] enabled at IRQ 10
[    2.263923] virtio-pci 0000:00:05.0: PCI INT A -&gt; Link[LNKA] -&gt; GSI 10 (level, high) -&gt; IRQ 10
[    2.281712] Serial: 8250/16550 driver, 32 ports, IRQ sharing enabled
[    2.331937] serial8250: ttyS0 at I/O 0x3f8 (irq = 4) is a 16550A
[    2.429972] serial8250: ttyS1 at I/O 0x2f8 (irq = 3) is a 16550A
[    2.572904] 00:05: ttyS0 at I/O 0x3f8 (irq = 4) is a 16550A
[    2.657183] 00:06: ttyS1 at I/O 0x2f8 (irq = 3) is a 16550A
[    2.706708] Linux agpgart interface v0.103
[    2.717297] Refined TSC clocksource calibration: 2294.345 MHz.
[    2.718151] Switching to clocksource tsc
[    2.782836] brd: module loaded
[    2.811237] loop: module loaded
[    2.857488]  vda: unknown partition table
[    2.925670] scsi0 : ata_piix
[    2.933887] scsi1 : ata_piix
[    2.935663] ata1: PATA max MWDMA2 cmd 0x1f0 ctl 0x3f6 bmdma 0xc0a0 irq 14
[    2.938830] ata2: PATA max MWDMA2 cmd 0x170 ctl 0x376 bmdma 0xc0a8 irq 15
[    2.957882] Fixed MDIO Bus: probed
[    2.958553] tun: Universal TUN/TAP device driver, 1.6
[    2.959252] tun: (C) 1999-2004 Max Krasnyansky &lt;maxk@qualcomm.com&gt;
[    2.980049] PPP generic driver version 2.4.2
[    3.003142] ehci_hcd: USB 2.0 'Enhanced' Host Controller (EHCI) Driver
[    3.005110] ohci_hcd: USB 1.1 'Open' Host Controller (OHCI) Driver
[    3.006028] uhci_hcd: USB Universal Host Controller Interface driver
[    3.007299] uhci_hcd 0000:00:01.2: PCI INT D -&gt; Link[LNKD] -&gt; GSI 11 (level, high) -&gt; IRQ 11
[    3.011043] uhci_hcd 0000:00:01.2: UHCI Host Controller
[    3.026077] uhci_hcd 0000:00:01.2: new USB bus registered, assigned bus number 1
[    3.027780] uhci_hcd 0000:00:01.2: irq 11, io base 0x0000c040
[    3.060435] hub 1-0:1.0: USB hub found
[    3.062838] hub 1-0:1.0: 2 ports detected
[    3.071644] usbcore: registered new interface driver libusual
[    3.080952] i8042: PNP: PS/2 Controller [PNP0303:KBD,PNP0f13:MOU] at 0x60,0x64 irq 1,12
[    3.101014] serio: i8042 KBD port at 0x60,0x64 irq 1
[    3.103701] serio: i8042 AUX port at 0x60,0x64 irq 12
[    3.170181] ata2.01: ATAPI: QEMU DVD-ROM, 2.0.0, max UDMA/100
[    3.177653] ata2.01: configured for MWDMA2
[    3.198133] mousedev: PS/2 mouse device common for all mice
[    3.225282] input: AT Translated Set 2 keyboard as /devices/platform/i8042/serio0/input/input1
[    3.233197] scsi 1:0:1:0: CD-ROM            QEMU     QEMU DVD-ROM     2.0. PQ: 0 ANSI: 5
[    3.247566] rtc_cmos 00:01: RTC can wake from S4
[    3.277158] rtc_cmos 00:01: rtc core: registered rtc_cmos as rtc0
[    3.281943] rtc0: alarms up to one day, 114 bytes nvram, hpet irqs
[    3.285419] device-mapper: uevent: version 1.0.3
[    3.303880] sr0: scsi3-mmc drive: 4x/4x cd/rw xa/form2 tray
[    3.308156] cdrom: Uniform CD-ROM driver Revision: 3.20
[    3.319902] device-mapper: ioctl: 4.22.0-ioctl (2011-10-19) initialised: dm-devel@redhat.com
[    3.323767] cpuidle: using governor ladder
[    3.325382] cpuidle: using governor menu
[    3.326726] EFI Variables Facility v0.08 2004-May-17
[    3.339016] TCP cubic registered
[    3.350003] NET: Registered protocol family 10
[    3.378603] NET: Registered protocol family 17
[    3.381087] Registering the dns_resolver key type
[    3.403683] sr 1:0:1:0: Attached scsi generic sg0 type 5
[    3.482247] registered taskstats version 1
[    3.545490] Freeing initrd memory: 3656k freed
[    4.087798]   Magic number: 11:33:138
[    4.093573] block ram3: hash matches
[    4.098323] rtc_cmos 00:01: setting system clock to 2015-12-15 17:07:02 UTC (1450199222)
[    4.100156] powernow-k8: Processor cpuid 663 not supported
[    4.107598] BIOS EDD facility v0.16 2004-Jun-25, 0 devices found
[    4.109382] EDD information not available.
[    4.157499] Freeing unused kernel memory: 928k freed
[    4.160958] Write protecting the kernel read-only data: 12288k
[    4.265712] Freeing unused kernel memory: 1596k freed
[    4.345152] Freeing unused kernel memory: 1184k freed

info: initramfs: up at 4.51
modprobe: module virtio_blk not found in modules.dep
modprobe: module virtio_net not found in modules.dep
info: copying initramfs to /dev/vda
info: initramfs loading root from /dev/vda
info: /etc/init.d/rc.sysinit: up at 9.11
info: container: none
Starting logging: OK
modprobe: module virtio_blk not found in modules.dep
modprobe: module virtio_net not found in modules.dep
WARN: /etc/rc3.d/S10-load-modules failed
Initializing random number generator... done.
Starting acpid: OK
cirros-ds 'local' up at 11.63
found datasource (configdrive, local)
Starting network...
udhcpc (v1.20.1) started
Sending discover...
Sending discover...

2015-12-15 17:09:00,211 25049 INFO     [tempest_lib.common.rest_client] Request (TestNetworkAdvancedServerOps:_run_cleanups): 204 DELETE http://10.0.2.15:9696/v2.0/floatingips/f24f4763-a50e-440d-8793-9b895bf8df75 0.280s
2015-12-15 17:09:00,212 25049 DEBUG    [tempest_lib.common.rest_client] Request - Headers: {'Content-Type': 'application/json', 'Accept': 'application/json', 'X-Auth-Token': '&lt;omitted&gt;'}
        Body: None
    Response - Headers: {'date': 'Tue, 15 Dec 2015 17:09:00 GMT', 'status': '204', 'connection': 'close', 'content-length': '0', 'x-openstack-request-id': 'req-e1141b28-fa9b-47af-83f1-740110c29574'}
        Body: 
2015-12-15 17:09:00,425 25049 INFO     [tempest_lib.common.rest_client] Request (TestNetworkAdvancedServerOps:_run_cleanups): 204 DELETE http://10.0.2.15:8774/v2.1/5af185d384ee4bb684884beda3acc0b9/servers/6cc9be41-2e0d-453b-9842-ac34aa74db26 0.213s
2015-12-15 17:09:00,426 25049 DEBUG    [tempest_lib.common.rest_client] Request - Headers: {'Content-Type': 'application/json', 'Accept': 'application/json', 'X-Auth-Token': '&lt;omitted&gt;'}
        Body: None
    Response - Headers: {'status': '204', 'content-length': '0', 'x-compute-request-id': 'req-8c249563-43bf-408a-b753-c6b78bc9a6ed', 'vary': 'X-OpenStack-Nova-API-Version', 'connection': 'close', 'x-openstack-nova-api-version': '2.1', 'date': 'Tue, 15 Dec 2015 17:09:00 GMT', 'content-type': 'application/json'}
        Body: 
2015-12-15 17:09:00,882 25049 INFO     [tempest_lib.common.rest_client] Request (TestNetworkAdvancedServerOps:_run_cleanups): 200 GET http://10.0.2.15:8774/v2.1/5af185d384ee4bb684884beda3acc0b9/servers/6cc9be41-2e0d-453b-9842-ac34aa74db26 0.456s
2015-12-15 17:09:00,883 25049 DEBUG    [tempest_lib.common.rest_client] Request - Headers: {'Content-Type': 'application/json', 'Accept': 'application/json', 'X-Auth-Token': '&lt;omitted&gt;'}
        Body: None
    Response - Headers: {'status': '200', 'content-length': '1785', 'content-location': 'http://10.0.2.15:8774/v2.1/5af185d384ee4bb684884beda3acc0b9/servers/6cc9be41-2e0d-453b-9842-ac34aa74db26', 'x-compute-request-id': 'req-230341c3-49e4-4c7d-992c-059f99143ca9', 'vary': 'X-OpenStack-Nova-API-Version', 'connection': 'close', 'x-openstack-nova-api-version': '2.1', 'date': 'Tue, 15 Dec 2015 17:09:00 GMT', 'content-type': 'application/json'}
        Body: {"server": {"status": "ACTIVE", "updated": "2015-12-15T17:09:00Z", "hostId": "822f751bfd4e4d7db5d38c8632699137e1486dafe542870db7cb79bd", "addresses": {"tempest-network-smoke--1051372939": [{"OS-EXT-IPS-MAC:mac_addr": "fa:16:3e:b3:7a:1f", "version": 4, "addr": "10.100.0.3", "OS-EXT-IPS:type": "fixed"}, {"OS-EXT-IPS-MAC:mac_addr": "fa:16:3e:b3:7a:1f", "version": 4, "addr": "172.24.4.4", "OS-EXT-IPS:type": "floating"}]}, "links": [{"href": "http://10.0.2.15:8774/v2.1/5af185d384ee4bb684884beda3acc0b9/servers/6cc9be41-2e0d-453b-9842-ac34aa74db26", "rel": "self"}, {"href": "http://10.0.2.15:8774/5af185d384ee4bb684884beda3acc0b9/servers/6cc9be41-2e0d-453b-9842-ac34aa74db26", "rel": "bookmark"}], "key_name": "tempest-TestNetworkAdvancedServerOps-915790748", "image": {"id": "df593269-22e6-4bb6-8c7f-31c8c5f39f79", "links": [{"href": "http://10.0.2.15:8774/5af185d384ee4bb684884beda3acc0b9/images/df593269-22e6-4bb6-8c7f-31c8c5f39f79", "rel": "bookmark"}]}, "OS-EXT-STS:task_state": "deleting", "OS-EXT-STS:vm_state": "active", "OS-SRV-USG:launched_at": "2015-12-15T17:06:55.000000", "flavor": {"id": "42", "links": [{"href": "http://10.0.2.15:8774/5af185d384ee4bb684884beda3acc0b9/flavors/42", "rel": "bookmark"}]}, "id": "6cc9be41-2e0d-453b-9842-ac34aa74db26", "security_groups": [{"name": "tempest-secgroup-smoke-2122234901"}], "OS-SRV-USG:terminated_at": null, "OS-EXT-AZ:availability_zone": "nova", "user_id": "10915cd54d704fc996418f760fef93f8", "name": "tempest.common.compute-instance-1647024730", "created": "2015-12-15T17:06:51Z", "tenant_id": "5af185d384ee4bb684884beda3acc0b9", "OS-DCF:diskConfig": "MANUAL", "os-extended-volumes:volumes_attached": [], "accessIPv4": "", "accessIPv6": "", "progress": 0, "OS-EXT-STS:power_state": 1, "config_drive": "True", "metadata": {}}}
2015-12-15 17:09:02,042 25049 INFO     [tempest_lib.common.rest_client] Request (TestNetworkAdvancedServerOps:_run_cleanups): 200 GET http://10.0.2.15:8774/v2.1/5af185d384ee4bb684884beda3acc0b9/servers/6cc9be41-2e0d-453b-9842-ac34aa74db26 0.143s
2015-12-15 17:09:02,043 25049 DEBUG    [tempest_lib.common.rest_client] Request - Headers: {'Content-Type': 'application/json', 'Accept': 'application/json', 'X-Auth-Token': '&lt;omitted&gt;'}
        Body: None
    Response - Headers: {'status': '200', 'content-length': '1454', 'content-location': 'http://10.0.2.15:8774/v2.1/5af185d384ee4bb684884beda3acc0b9/servers/6cc9be41-2e0d-453b-9842-ac34aa74db26', 'x-compute-request-id': 'req-b97a563f-af1d-436a-b915-a08ef87aa08f', 'vary': 'X-OpenStack-Nova-API-Version', 'connection': 'close', 'x-openstack-nova-api-version': '2.1', 'date': 'Tue, 15 Dec 2015 17:09:02 GMT', 'content-type': 'application/json'}
        Body: {"server": {"status": "DELETED", "updated": "2015-12-15T17:09:01Z", "hostId": "822f751bfd4e4d7db5d38c8632699137e1486dafe542870db7cb79bd", "addresses": {}, "links": [{"href": "http://10.0.2.15:8774/v2.1/5af185d384ee4bb684884beda3acc0b9/servers/6cc9be41-2e0d-453b-9842-ac34aa74db26", "rel": "self"}, {"href": "http://10.0.2.15:8774/5af185d384ee4bb684884beda3acc0b9/servers/6cc9be41-2e0d-453b-9842-ac34aa74db26", "rel": "bookmark"}], "key_name": "tempest-TestNetworkAdvancedServerOps-915790748", "image": {"id": "df593269-22e6-4bb6-8c7f-31c8c5f39f79", "links": [{"href": "http://10.0.2.15:8774/5af185d384ee4bb684884beda3acc0b9/images/df593269-22e6-4bb6-8c7f-31c8c5f39f79", "rel": "bookmark"}]}, "OS-EXT-STS:task_state": null, "OS-EXT-STS:vm_state": "deleted", "OS-SRV-USG:launched_at": "2015-12-15T17:06:55.000000", "flavor": {"id": "42", "links": [{"href": "http://10.0.2.15:8774/5af185d384ee4bb684884beda3acc0b9/flavors/42", "rel": "bookmark"}]}, "id": "6cc9be41-2e0d-453b-9842-ac34aa74db26", "OS-SRV-USG:terminated_at": "2015-12-15T17:09:01.000000", "OS-EXT-AZ:availability_zone": "nova", "user_id": "10915cd54d704fc996418f760fef93f8", "name": "tempest.common.compute-instance-1647024730", "created": "2015-12-15T17:06:51Z", "tenant_id": "5af185d384ee4bb684884beda3acc0b9", "OS-DCF:diskConfig": "MANUAL", "os-extended-volumes:volumes_attached": [], "accessIPv4": "", "accessIPv6": "", "OS-EXT-STS:power_state": 0, "config_drive": "True", "metadata": {}}}
2015-12-15 17:09:03,140 25049 INFO     [tempest_lib.common.rest_client] Request (TestNetworkAdvancedServerOps:_run_cleanups): 404 GET http://10.0.2.15:8774/v2.1/5af185d384ee4bb684884beda3acc0b9/servers/6cc9be41-2e0d-453b-9842-ac34aa74db26 0.083s
2015-12-15 17:09:03,140 25049 DEBUG    [tempest_lib.common.rest_client] Request - Headers: {'Content-Type': 'application/json', 'Accept': 'application/json', 'X-Auth-Token': '&lt;omitted&gt;'}
        Body: None
    Response - Headers: {'status': '404', 'content-length': '111', 'x-compute-request-id': 'req-f25653e1-8916-404f-8122-a3d6ffc71333', 'vary': 'X-OpenStack-Nova-API-Version', 'connection': 'close', 'x-openstack-nova-api-version': '2.1', 'date': 'Tue, 15 Dec 2015 17:09:03 GMT', 'content-type': 'application/json; charset=UTF-8'}
        Body: {"itemNotFound": {"message": "Instance 6cc9be41-2e0d-453b-9842-ac34aa74db26 could not be found.", "code": 404}}
2015-12-15 17:09:03,606 25049 INFO     [tempest_lib.common.rest_client] Request (TestNetworkAdvancedServerOps:_run_cleanups): 200 PUT http://10.0.2.15:9696/v2.0/routers/a94997ab-1550-4e6d-91b6-6711d419c09d/remove_router_interface 0.464s
2015-12-15 17:09:03,607 25049 DEBUG    [tempest_lib.common.rest_client] Request - Headers: {'Content-Type': 'application/json', 'Accept': 'application/json', 'X-Auth-Token': '&lt;omitted&gt;'}
        Body: {"subnet_id": "ac9c3447-b43a-4545-877e-3bed7594270c"}
    Response - Headers: {'status': '200', 'content-length': '255', 'connection': 'close', 'date': 'Tue, 15 Dec 2015 17:09:03 GMT', 'content-type': 'application/json; charset=UTF-8', 'x-openstack-request-id': 'req-cfb4c7dc-309d-4118-92ba-ee3a94c3797c'}
        Body: {"subnet_id": "ac9c3447-b43a-4545-877e-3bed7594270c", "tenant_id": "5af185d384ee4bb684884beda3acc0b9", "subnet_ids": ["ac9c3447-b43a-4545-877e-3bed7594270c"], "port_id": "33202d0f-9543-4dc2-ae0c-f61e561d49fb", "id": "a94997ab-1550-4e6d-91b6-6711d419c09d"}
2015-12-15 17:09:04,180 25049 INFO     [tempest_lib.common.rest_client] Request (TestNetworkAdvancedServerOps:_run_cleanups): 204 DELETE http://10.0.2.15:9696/v2.0/subnets/ac9c3447-b43a-4545-877e-3bed7594270c 0.572s
2015-12-15 17:09:04,181 25049 DEBUG    [tempest_lib.common.rest_client] Request - Headers: {'Content-Type': 'application/json', 'Accept': 'application/json', 'X-Auth-Token': '&lt;omitted&gt;'}
        Body: None
    Response - Headers: {'date': 'Tue, 15 Dec 2015 17:09:04 GMT', 'status': '204', 'connection': 'close', 'content-length': '0', 'x-openstack-request-id': 'req-f891ce54-67b0-4273-99f3-219347097dd8'}
        Body: 
2015-12-15 17:09:04,233 25049 INFO     [tempest_lib.common.rest_client] Request (TestNetworkAdvancedServerOps:_run_cleanups): 200 GET http://10.0.2.15:9696/v2.0/routers/a94997ab-1550-4e6d-91b6-6711d419c09d 0.051s
2015-12-15 17:09:04,233 25049 DEBUG    [tempest_lib.common.rest_client] Request - Headers: {'Content-Type': 'application/json', 'Accept': 'application/json', 'X-Auth-Token': '&lt;omitted&gt;'}
        Body: None
    Response - Headers: {'status': '200', 'content-length': '563', 'content-location': 'http://10.0.2.15:9696/v2.0/routers/a94997ab-1550-4e6d-91b6-6711d419c09d', 'connection': 'close', 'date': 'Tue, 15 Dec 2015 17:09:04 GMT', 'content-type': 'application/json; charset=UTF-8', 'x-openstack-request-id': 'req-dc79ce5b-adc0-482b-83e4-ae2a620f92eb'}
        Body: {"router": {"status": "ACTIVE", "external_gateway_info": {"network_id": "01ea5c79-67a2-4fe8-984c-3f6a30d15017", "enable_snat": true, "external_fixed_ips": [{"subnet_id": "1cc43648-5d69-4096-91c4-a63fac9c5b06", "ip_address": "172.24.4.3"}, {"subnet_id": "3048a54c-e5ca-4356-98e0-dc1a43f6bedb", "ip_address": "2001:db8::3"}]}, "availability_zone_hints": [], "availability_zones": ["nova"], "name": "tempest-router-smoke-980813046", "admin_state_up": true, "tenant_id": "5af185d384ee4bb684884beda3acc0b9", "routes": [], "id": "a94997ab-1550-4e6d-91b6-6711d419c09d"}}
2015-12-15 17:09:04,690 25049 INFO     [tempest_lib.common.rest_client] Request (TestNetworkAdvancedServerOps:_run_cleanups): 200 PUT http://10.0.2.15:9696/v2.0/routers/a94997ab-1550-4e6d-91b6-6711d419c09d 0.456s
2015-12-15 17:09:04,691 25049 DEBUG    [tempest_lib.common.rest_client] Request - Headers: {'Content-Type': 'application/json', 'Accept': 'application/json', 'X-Auth-Token': '&lt;omitted&gt;'}
        Body: {"router": {"external_gateway_info": {}, "name": "tempest-router-smoke-980813046", "admin_state_up": true}}
    Response - Headers: {'status': '200', 'content-length': '301', 'connection': 'close', 'date': 'Tue, 15 Dec 2015 17:09:04 GMT', 'content-type': 'application/json; charset=UTF-8', 'x-openstack-request-id': 'req-1607bdf7-e9f3-4cd3-a8f9-881ebee064b6'}
        Body: {"router": {"status": "ACTIVE", "external_gateway_info": null, "availability_zone_hints": [], "availability_zones": ["nova"], "name": "tempest-router-smoke-980813046", "admin_state_up": true, "tenant_id": "5af185d384ee4bb684884beda3acc0b9", "routes": [], "id": "a94997ab-1550-4e6d-91b6-6711d419c09d"}}
2015-12-15 17:09:04,939 25049 INFO     [tempest_lib.common.rest_client] Request (TestNetworkAdvancedServerOps:_run_cleanups): 204 DELETE http://10.0.2.15:9696/v2.0/routers/a94997ab-1550-4e6d-91b6-6711d419c09d 0.247s
2015-12-15 17:09:04,940 25049 DEBUG    [tempest_lib.common.rest_client] Request - Headers: {'Content-Type': 'application/json', 'Accept': 'application/json', 'X-Auth-Token': '&lt;omitted&gt;'}
        Body: None
    Response - Headers: {'date': 'Tue, 15 Dec 2015 17:09:04 GMT', 'status': '204', 'connection': 'close', 'content-length': '0', 'x-openstack-request-id': 'req-099f883d-4d04-4d0c-b9b4-7ad702dfed23'}
        Body: 
2015-12-15 17:09:05,158 25049 INFO     [tempest_lib.common.rest_client] Request (TestNetworkAdvancedServerOps:_run_cleanups): 204 DELETE http://10.0.2.15:9696/v2.0/networks/82b9bc27-cba2-45bc-972e-19d1ad507a0e 0.217s
2015-12-15 17:09:05,158 25049 DEBUG    [tempest_lib.common.rest_client] Request - Headers: {'Content-Type': 'application/json', 'Accept': 'application/json', 'X-Auth-Token': '&lt;omitted&gt;'}
        Body: None
    Response - Headers: {'date': 'Tue, 15 Dec 2015 17:09:05 GMT', 'status': '204', 'connection': 'close', 'content-length': '0', 'x-openstack-request-id': 'req-a4fc9b1d-343f-42da-918e-ac8decaa53c1'}
        Body: 
2015-12-15 17:09:05,218 25049 INFO     [tempest_lib.common.rest_client] Request (TestNetworkAdvancedServerOps:_run_cleanups): 204 DELETE http://10.0.2.15:9696/v2.0/security-group-rules/db37775a-4d6a-4e8c-8e1d-177e391d88b7 0.059s
2015-12-15 17:09:05,218 25049 DEBUG    [tempest_lib.common.rest_client] Request - Headers: {'Content-Type': 'application/json', 'Accept': 'application/json', 'X-Auth-Token': '&lt;omitted&gt;'}
        Body: None
    Response - Headers: {'date': 'Tue, 15 Dec 2015 17:09:05 GMT', 'status': '204', 'connection': 'close', 'content-length': '0', 'x-openstack-request-id': 'req-98021b91-dd9e-4d13-a2ff-96d184c5b289'}
        Body: 
2015-12-15 17:09:05,283 25049 INFO     [tempest_lib.common.rest_client] Request (TestNetworkAdvancedServerOps:_run_cleanups): 204 DELETE http://10.0.2.15:9696/v2.0/security-group-rules/2dabf415-10b2-4942-9953-4c5e36e5bbe1 0.063s
2015-12-15 17:09:05,283 25049 DEBUG    [tempest_lib.common.rest_client] Request - Headers: {'Content-Type': 'application/json', 'Accept': 'application/json', 'X-Auth-Token': '&lt;omitted&gt;'}
        Body: None
    Response - Headers: {'date': 'Tue, 15 Dec 2015 17:09:05 GMT', 'status': '204', 'connection': 'close', 'content-length': '0', 'x-openstack-request-id': 'req-0f86d3d2-a421-4532-aacd-1dfda51ffbe2'}
        Body: 
2015-12-15 17:09:05,346 25049 INFO     [tempest_lib.common.rest_client] Request (TestNetworkAdvancedServerOps:_run_cleanups): 204 DELETE http://10.0.2.15:9696/v2.0/security-group-rules/220b5610-f974-4bdd-8b63-3dc68da98ec2 0.061s
2015-12-15 17:09:05,346 25049 DEBUG    [tempest_lib.common.rest_client] Request - Headers: {'Content-Type': 'application/json', 'Accept': 'application/json', 'X-Auth-Token': '&lt;omitted&gt;'}
        Body: None
    Response - Headers: {'date': 'Tue, 15 Dec 2015 17:09:05 GMT', 'status': '204', 'connection': 'close', 'content-length': '0', 'x-openstack-request-id': 'req-ad438ee9-9c5a-4f88-afef-395a8bbc5b0e'}
        Body: 
2015-12-15 17:09:05,409 25049 INFO     [tempest_lib.common.rest_client] Request (TestNetworkAdvancedServerOps:_run_cleanups): 204 DELETE http://10.0.2.15:9696/v2.0/security-group-rules/624bbf54-5390-4412-a3c5-c2b947285eff 0.061s
2015-12-15 17:09:05,409 25049 DEBUG    [tempest_lib.common.rest_client] Request - Headers: {'Content-Type': 'application/json', 'Accept': 'application/json', 'X-Auth-Token': '&lt;omitted&gt;'}
        Body: None
    Response - Headers: {'date': 'Tue, 15 Dec 2015 17:09:05 GMT', 'status': '204', 'connection': 'close', 'content-length': '0', 'x-openstack-request-id': 'req-b9bc841e-5256-4d5d-b067-9daae536e476'}
        Body: 
2015-12-15 17:09:05,469 25049 INFO     [tempest_lib.common.rest_client] Request (TestNetworkAdvancedServerOps:_run_cleanups): 204 DELETE http://10.0.2.15:9696/v2.0/security-group-rules/9d884368-8032-47f9-8689-2619ed057e6d 0.058s
2015-12-15 17:09:05,470 25049 DEBUG    [tempest_lib.common.rest_client] Request - Headers: {'Content-Type': 'application/json', 'Accept': 'application/json', 'X-Auth-Token': '&lt;omitted&gt;'}
        Body: None
    Response - Headers: {'date': 'Tue, 15 Dec 2015 17:09:05 GMT', 'status': '204', 'connection': 'close', 'content-length': '0', 'x-openstack-request-id': 'req-daeb7881-af17-40d9-bf73-5f2dd0f727bf'}
        Body: 
2015-12-15 17:09:05,533 25049 INFO     [tempest_lib.common.rest_client] Request (TestNetworkAdvancedServerOps:_run_cleanups): 204 DELETE http://10.0.2.15:9696/v2.0/security-group-rules/980b3c13-b426-4931-ab8e-5c8216628e4a 0.061s
2015-12-15 17:09:05,534 25049 DEBUG    [tempest_lib.common.rest_client] Request - Headers: {'Content-Type': 'application/json', 'Accept': 'application/json', 'X-Auth-Token': '&lt;omitted&gt;'}
        Body: None
    Response - Headers: {'date': 'Tue, 15 Dec 2015 17:09:05 GMT', 'status': '204', 'connection': 'close', 'content-length': '0', 'x-openstack-request-id': 'req-370f3418-9db1-4aba-87ce-805ae6897a3d'}
        Body: 
2015-12-15 17:09:05,631 25049 INFO     [tempest_lib.common.rest_client] Request (TestNetworkAdvancedServerOps:_run_cleanups): 204 DELETE http://10.0.2.15:9696/v2.0/security-groups/ecb21cdb-5607-4a08-84c7-af34db5a4004 0.096s
2015-12-15 17:09:05,631 25049 DEBUG    [tempest_lib.common.rest_client] Request - Headers: {'Content-Type': 'application/json', 'Accept': 'application/json', 'X-Auth-Token': '&lt;omitted&gt;'}
        Body: None
    Response - Headers: {'date': 'Tue, 15 Dec 2015 17:09:05 GMT', 'status': '204', 'connection': 'close', 'content-length': '0', 'x-openstack-request-id': 'req-761866e3-0bb4-40b9-8c17-350569bdb882'}
        Body: 
2015-12-15 17:09:05,654 25049 INFO     [tempest_lib.common.rest_client] Request (TestNetworkAdvancedServerOps:_run_cleanups): 202 DELETE http://10.0.2.15:8774/v2.1/5af185d384ee4bb684884beda3acc0b9/os-keypairs/tempest-TestNetworkAdvancedServerOps-915790748 0.022s
2015-12-15 17:09:05,655 25049 DEBUG    [tempest_lib.common.rest_client] Request - Headers: {'Content-Type': 'application/json', 'Accept': 'application/json', 'X-Auth-Token': '&lt;omitted&gt;'}
        Body: None
    Response - Headers: {'status': '202', 'content-length': '0', 'x-compute-request-id': 'req-a4262ffa-4780-4231-8ce9-f21d35a26ff8', 'vary': 'X-OpenStack-Nova-API-Version', 'connection': 'close', 'x-openstack-nova-api-version': '2.1', 'date': 'Tue, 15 Dec 2015 17:09:05 GMT', 'content-type': 'application/json'}
        Body: 
2015-12-15 17:09:05,741 25049 INFO     [tempest_lib.common.rest_client] Request (TestNetworkAdvancedServerOps:_run_cleanups): 404 GET http://10.0.2.15:8774/v2.1/5af185d384ee4bb684884beda3acc0b9/servers/6cc9be41-2e0d-453b-9842-ac34aa74db26 0.084s
2015-12-15 17:09:05,741 25049 DEBUG    [tempest_lib.common.rest_client] Request - Headers: {'Content-Type': 'application/json', 'Accept': 'application/json', 'X-Auth-Token': '&lt;omitted&gt;'}
        Body: None
    Response - Headers: {'status': '404', 'content-length': '111', 'x-compute-request-id': 'req-aaccf448-76da-4cdd-83e1-eac07e153f51', 'vary': 'X-OpenStack-Nova-API-Version', 'connection': 'close', 'x-openstack-nova-api-version': '2.1', 'date': 'Tue, 15 Dec 2015 17:09:05 GMT', 'content-type': 'application/json; charset=UTF-8'}
        Body: {"itemNotFound": {"message": "Instance 6cc9be41-2e0d-453b-9842-ac34aa74db26 could not be found.", "code": 404}}
}}}

Traceback (most recent call last):
  File "tempest/test.py", line 113, in wrapper
    return f(self, *func_args, **func_kwargs)
  File "tempest/scenario/test_network_advanced_server_ops.py", line 134, in test_server_connectivity_pause_unpause
    server, keypair, floating_ip = self._setup_network_and_servers()
  File "tempest/scenario/test_network_advanced_server_ops.py", line 71, in _setup_network_and_servers
    server, keypair, floating_ip)
  File "tempest/scenario/test_network_advanced_server_ops.py", line 95, in _wait_server_status_and_check_network_connectivity
    self._check_network_connectivity(server, keypair, floating_ip)
  File "tempest/scenario/test_network_advanced_server_ops.py", line 88, in _check_network_connectivity
    servers=[server])
  File "tempest/scenario/manager.py", line 608, in check_public_network_connectivity
    should_connect=should_connect)
  File "tempest/scenario/manager.py", line 592, in check_vm_connectivity
    msg=msg)
  File "/usr/local/lib/python2.7/dist-packages/unittest2/case.py", line 702, in assertTrue
    raise self.failureException(msg)
AssertionError: False is not true : Timed out waiting for 172.24.4.4 to become reachable



        </pre>
    </div>
    <!--css div popup end-->

    </td>
</tr>

<tr id='ft1.2' class='none'>
    <td class='failCase'><div class='testcase'>test_server_connectivity_reboot[compute,id-7b6860c2-afa3-4846-9522-adeb38dfbe08,network]</div></td>
    <td colspan='7' align='left'>

    <!--css div popup start-->
    <a class="popup_link" onfocus='this.blur();'
    href="javascript:showTestDetail('div_ft1.2')" >
        fail</a>

    <div id='div_ft1.2' class="popup_window">
        <div style='text-align: right; color:red;cursor:pointer'>
        <a onfocus='this.blur();'
onclick="document.getElementById('div_ft1.2').style.display = 'none' " >
           [x]</a>
        </div>
        <pre>
        
