<?xml version="1.0" encoding="UTF-8"?>
<!DOCTYPE html PUBLIC "-//W3C//DTD XHTML 1.0 Strict//EN"
     "http://www.w3.org/TR/xhtml1/DTD/xhtml1-strict.dtd">
<html xmlns="http://www.w3.org/1999/xhtml">
<head>
    <title>Unit Test Report</title>
    <meta name="generator" content="subunit2html 0.1"/>
    <meta http-equiv="Content-Type" content="text/html; charset=UTF-8"/>
    
<style type="text/css" media="screen">
body        { font-family: verdana, arial, helvetica, sans-serif;
    font-size: 80%; }
table       { font-size: 100%; width: 100%;}
pre         { font-size: 80%; }

/* -- heading -------------------------------------------------------------- */
h1 {
        font-size: 16pt;
        color: gray;
}
.heading {
    margin-top: 0ex;
    margin-bottom: 1ex;
}

.heading .attribute {
    margin-top: 1ex;
    margin-bottom: 0;
}

.heading .description {
    margin-top: 4ex;
    margin-bottom: 6ex;
}

/* -- css div popup -------------------------------------------------------- */
a.popup_link {
}

a.popup_link:hover {
    color: red;
}

.popup_window {
    display: none;
    overflow-x: scroll;
    /*border: solid #627173 1px; */
    padding: 10px;
    background-color: #E6E6D6;
    font-family: "Ubuntu Mono", "Lucida Console", "Courier New", monospace;
    text-align: left;
    font-size: 8pt;
}

}
/* -- report --------------------------------------------------------------- */
#show_detail_line {
    margin-top: 3ex;
    margin-bottom: 1ex;
}
#result_table {
    width: 100%;
    border-collapse: collapse;
    border: 1px solid #777;
}
#header_row {
    font-weight: bold;
    color: white;
    background-color: #777;
}
#result_table td {
    border: 1px solid #777;
    padding: 2px;
}
#total_row  { font-weight: bold; }
.passClass  { background-color: #6c6; }
.failClass  { background-color: #c60; }
.errorClass { background-color: #c00; }
.passCase   { color: #6c6; }
.failCase   { color: #c60; font-weight: bold; }
.errorCase  { color: #c00; font-weight: bold; }
.hiddenRow  { display: none; }
.testcase   { margin-left: 2em; }
td.testname {width: 40%}
td.small {width: 40px}

/* -- ending --------------------------------------------------------------- */
#ending {
}

</style>

</head>
<body>
<script language="javascript" type="text/javascript"><!--
output_list = Array();

/* level - 0:Summary; 1:Failed; 2:All */
function showCase(level) {
    trs = document.getElementsByTagName("tr");
    for (var i = 0; i < trs.length; i++) {
        tr = trs[i];
        id = tr.id;
        if (id.substr(0,2) == 'ft') {
            if (level < 1) {
                tr.className = 'hiddenRow';
            }
            else {
                tr.className = '';
            }
        }
        if (id.substr(0,2) == 'pt') {
            if (level > 1) {
                tr.className = '';
            }
            else {
                tr.className = 'hiddenRow';
            }
        }
    }
}


function showClassDetail(cid, count) {
    var id_list = Array(count);
    var toHide = 1;
    for (var i = 0; i < count; i++) {
        tid0 = 't' + cid.substr(1) + '.' + (i+1);
        tid = 'f' + tid0;
        tr = document.getElementById(tid);
        if (!tr) {
            tid = 'p' + tid0;
            tr = document.getElementById(tid);
        }
        id_list[i] = tid;
        if (tr.className) {
            toHide = 0;
        }
    }
    for (var i = 0; i < count; i++) {
        tid = id_list[i];
        if (toHide) {
            document.getElementById('div_'+tid).style.display = 'none'
            document.getElementById(tid).className = 'hiddenRow';
        }
        else {
            document.getElementById(tid).className = '';
        }
    }
}


function showTestDetail(div_id){
    var details_div = document.getElementById(div_id)
    var displayState = details_div.style.display
    // alert(displayState)
    if (displayState != 'block' ) {
        displayState = 'block'
        details_div.style.display = 'block'
    }
    else {
        details_div.style.display = 'none'
    }
}


function html_escape(s) {
    s = s.replace(/&/g,'&amp;');
    s = s.replace(/</g,'&lt;');
    s = s.replace(/>/g,'&gt;');
    return s;
}

/* obsoleted by detail in <div>
function showOutput(id, name) {
    var w = window.open("", //url
                    name,
                    "resizable,scrollbars,status,width=800,height=450");
    d = w.document;
    d.write("<pre>");
    d.write(html_escape(output_list[id]));
    d.write("\n");
    d.write("<a href='javascript:window.close()'>close</a>\n");
    d.write("</pre>\n");
    d.close();
}
*/
--></script>

<div class='heading'>
<h1>Unit Test Report</h1>

<p class='attribute'><strong>Status:</strong> Failure 6</p>

<p class='description'></p>
</div>



<p id='show_detail_line'>Show
<a href='javascript:showCase(0)'>Summary</a>
<a href='javascript:showCase(1)'>Failed</a>
<a href='javascript:showCase(2)'>All</a>
</p>
<table id='result_table'>
<colgroup>
<col align='left' />
<col align='right' />
<col align='right' />
<col align='right' />
<col align='right' />
<col align='right' />
<col align='right' />
<col align='right' />
</colgroup>
<tr id='header_row'>
    <td>Test Group/Test case</td>
    <td>Count</td>
    <td>Pass</td>
    <td>Fail</td>
    <td>Error</td>
    <td>Skip</td>
    <td>View</td>
    <td> </td>
</tr>

<tr class='failClass'>
    <td class="testname">tempest.scenario.test_network_advanced_server_ops.TestNetworkAdvancedServerOps</td>
    <td class="small">6</td>
    <td class="small">0</td>
    <td class="small">6</td>
    <td class="small">0</td>
    <td class="small">0</td>
    <td class="small"><a href="javascript:showClassDetail('c1',6)"
>Detail</a></td>
    <td> </td>
</tr>

<tr id='ft1.1' class='none'>
    <td class='failCase'><div class='testcase'>test_server_connectivity_pause_unpause[compute,id-2b2642db-6568-4b35-b812-eceed3fa20ce,network]</div></td>
    <td colspan='7' align='left'>

    <!--css div popup start-->
    <a class="popup_link" onfocus='this.blur();'
    href="javascript:showTestDetail('div_ft1.1')" >
        fail</a>

    <div id='div_ft1.1' class="popup_window">
        <div style='text-align: right; color:red;cursor:pointer'>
        <a onfocus='this.blur();'
onclick="document.getElementById('div_ft1.1').style.display = 'none' " >
           [x]</a>
        </div>
        <pre>
        
ft1.1: tempest.scenario.test_network_advanced_server_ops.TestNetworkAdvancedServerOps.test_server_connectivity_pause_unpause[compute,id-2b2642db-6568-4b35-b812-eceed3fa20ce,network]_StringException: Empty attachments:
  stderr
  stdout

pythonlogging:'': {{{
2016-01-21 14:07:44,168 13768 INFO     [tempest_lib.common.rest_client] Request (TestNetworkAdvancedServerOps:test_server_connectivity_pause_unpause): 200 POST http://10.4.1.3:8774/v2.1/20c857ea8ea64bdbba6355b6297f33b9/os-keypairs 0.695s
2016-01-21 14:07:44,169 13768 DEBUG    [tempest_lib.common.rest_client] Request - Headers: {'Content-Type': 'application/json', 'Accept': 'application/json', 'X-Auth-Token': '&lt;omitted&gt;'}
        Body: {"keypair": {"name": "tempest-TestNetworkAdvancedServerOps-1421708886"}}
    Response - Headers: {'status': '200', 'content-length': '2330', 'x-compute-request-id': 'req-549462fb-b9ef-4f63-baef-bfc653dc24cd', 'vary': 'X-OpenStack-Nova-API-Version', 'connection': 'close', 'x-openstack-nova-api-version': '2.1', 'date': 'Thu, 21 Jan 2016 14:07:44 GMT', 'content-type': 'application/json'}
        Body: {"keypair": {"public_key": "ssh-rsa AAAAB3NzaC1yc2EAAAADAQABAAABAQDY47hEv8wgk2fu80lDctOam0+V/3b+AcWYt1LjvrBUeneEojj6yTBDzXS5P+aMLS39TPiTX2g6Hrw9ZucT4J89wK+ec46bQPIGDMrvw4TVH4suyFP6hdvtL187ss8uItglmUGG1Zm1aGORDOz4/lZF0mNQdBO/5q/a4fDhKQQO9/RY/8QUwxTk0GhxXG4cVMWeFe8HhKDu3vCMTp6AB6uDgaWxRSn7JnIbYt6fO4PQmYBOMNHpQz4kmwzSzur6rrrIBrD/dMPRcMYCUoeoui1BZ/56QHvn2i7KHnQcOnCsGw9VTihDefQwrwAGH64W3hhpnnareasWZf5kpHFuDJr/ Generated-by-Nova", "private_key": "-----BEGIN RSA PRIVATE KEY-----\nMIIEqQIBAAKCAQEA2OO4RL/MIJNn7vNJQ3LTmptPlf92/gHFmLdS476wVHp3hKI4\n+skwQ810uT/mjC0t/Uz4k19oOh68PWbnE+CfPcCvnnOOm0DyBgzK78OE1R+LLshT\n+oXb7S9fO7LPLiLYJZlBhtWZtWhjkQzs+P5WRdJjUHQTv+av2uHw4SkEDvf0WP/E\nFMMU5NBocVxuHFTFnhXvB4Sg7t7wjE6egAerg4GlsUUp+yZyG2LenzuD0JmATjDR\n6UM+JJsM0s7q+q66yAaw/3TD0XDGAlKHqLotQWf+ekB759ouyh50HDpwrBsPVU4o\nQ3n0MK8ABh+uFt4YaZ52q3mrFmX+ZKRxbgya/wIDAQABAoIBAHZD9f7G9u/scQgC\n8TguLORpPAR2wNPQ84ZKsJAvMsdd4D4alydo/UB7j+JTzcsx95nflswFgjfu+oYg\nznAwU6TApQKp0GEoENDruNz0qEHuaV6hLem1hC7ZXfyXjBGEPoiCAREc+CvLOD+n\n5LABP9ni1vTP1tUVXV7lRQwB6Yye9tpjBxncngn/Q67wBeLVmhCeGUdrqdQcCoWj\nQvoSce8BmYHQCcHmqx0rfTGu+E/qYwwyI7BFVmTcHe1d+yoWBSxQ+reHQ1LZE+8y\nFqo7DbtpOhfofOdybUkMhbDe7GDB+54SP/jbLSJy4Cel6uxHr/MZsaMSR5YsnCdM\nRyF/QMECggCBAN4tYmpL1nwEuXoe9PVoOKQEXG8AD2f5J39COiNzB/3PlD7xZi6K\nTOWh7PUvfgwb5nW1kiQrE+mJEuAOPxEYiWdMC3IH5BJ+PE7F9RIL0fTJ5LZPsMem\nfSzdVoA+7h7SOVw0qInXEq75m6EzfEa/oQr2cDhOqgMrgvV/eeAnj9JTAoIAgQD5\n6ENOsG0zGq3JBslvg3ya0nWh6qc+k+e05vN3WEOeVWY0lFzADf0LYwFiqmUVJGAm\nsBRV0Drb9L6KkoDGZdVxRLD67/x4hDrkoxPGcfhhzDkkSFf3FAlcDB3A4MLMJrAJ\n5KjXmIJHAjyOmb5+E6b8o2xVMdvJU1TVhKeR6/NXJQKCAIEAz4gzMrlOSyAapND/\n3bARoFuWf/TdbzCTzVJufih4IYRhpH3XBcgX1jPv5IMNSYBSQEdvkCtQ+UcaA4Ir\nNOvnhT7KPiTSzNdvu+E7bzTtVKu14PoFVijVKjBCGZ8uzElwXQmvGLp2cE0mK2it\nQGTFqDjUUDRiqH1fYbRGgrRRqpMCggCBAI8Itu1k4Ttsu6bhcY2Xzku2xYklCxAw\nC2BpB1R5eko3SsYxXFy4JOrNgc99A1n0devuv9TV17po/F3HuFjVlDK+RCV8Eh7Q\nX/zYscrVFHq1LsdreJ18JFdAwA7TFetPAVbIPzMWoQoPZ6WerX7vtJXI24pvfQJf\n5aBHyrkkOSTZAoIAgCjEiXtfJbs50JaJKP1l66gPsvL3UyHKIiKCGuxlZeHVuRig\nzpmCAbcVV8A9ns3f43eBeJeZh0YHTS29qeBgPl8K8hEYglFsnbsVaM0rmYJJLe8c\nLUNi/i2yliaAKEw00kQY1Js3bgF+6XOPvip9G1X81x8zSV9UthC1mgu60OCI\n-----END RSA PRIVATE KEY-----\n", "user_id": "a54a1d4b341743b991a708fa72dc6c41", "name": "tempest-TestNetworkAdvancedServerOps-1421708886", "fingerprint": "41:42:93:de:a8:c9:17:06:7e:2d:42:82:f7:5e:a7:1d"}}
2016-01-21 14:07:44,487 13768 INFO     [tempest_lib.common.rest_client] Request (TestNetworkAdvancedServerOps:test_server_connectivity_pause_unpause): 201 POST http://10.4.1.3:9696/v2.0/security-groups 0.314s
2016-01-21 14:07:44,488 13768 DEBUG    [tempest_lib.common.rest_client] Request - Headers: {'Content-Type': 'application/json', 'Accept': 'application/json', 'X-Auth-Token': '&lt;omitted&gt;'}
        Body: {"security_group": {"tenant_id": "20c857ea8ea64bdbba6355b6297f33b9", "description": "tempest-secgroup-smoke-1999981774 description", "name": "tempest-secgroup-smoke-1999981774"}}
    Response - Headers: {'status': '201', 'content-length': '888', 'connection': 'close', 'date': 'Thu, 21 Jan 2016 14:07:44 GMT', 'content-type': 'application/json; charset=UTF-8', 'x-openstack-request-id': 'req-c6784eb9-01bb-479f-adc6-1cb4a5d6a3e4'}
        Body: {"security_group": {"tenant_id": "20c857ea8ea64bdbba6355b6297f33b9", "description": "tempest-secgroup-smoke-1999981774 description", "id": "eeaf09c0-9626-4199-965e-355cca8a04d7", "security_group_rules": [{"remote_group_id": null, "direction": "egress", "remote_ip_prefix": null, "protocol": null, "ethertype": "IPv4", "tenant_id": "20c857ea8ea64bdbba6355b6297f33b9", "port_range_max": null, "port_range_min": null, "id": "ad5b1286-45ab-498e-9c5b-fa86b264165d", "security_group_id": "eeaf09c0-9626-4199-965e-355cca8a04d7"}, {"remote_group_id": null, "direction": "egress", "remote_ip_prefix": null, "protocol": null, "ethertype": "IPv6", "tenant_id": "20c857ea8ea64bdbba6355b6297f33b9", "port_range_max": null, "port_range_min": null, "id": "10117ba0-a23d-48d8-83df-ea59ac95fd9f", "security_group_id": "eeaf09c0-9626-4199-965e-355cca8a04d7"}], "name": "tempest-secgroup-smoke-1999981774"}}
2016-01-21 14:07:44,785 13768 INFO     [tempest_lib.common.rest_client] Request (TestNetworkAdvancedServerOps:test_server_connectivity_pause_unpause): 201 POST http://10.4.1.3:9696/v2.0/security-group-rules 0.295s
2016-01-21 14:07:44,785 13768 DEBUG    [tempest_lib.common.rest_client] Request - Headers: {'Content-Type': 'application/json', 'Accept': 'application/json', 'X-Auth-Token': '&lt;omitted&gt;'}
        Body: {"security_group_rule": {"direction": "ingress", "protocol": "tcp", "tenant_id": "20c857ea8ea64bdbba6355b6297f33b9", "port_range_max": 22, "security_group_id": "eeaf09c0-9626-4199-965e-355cca8a04d7", "port_range_min": 22}}
    Response - Headers: {'status': '201', 'content-length': '340', 'connection': 'close', 'date': 'Thu, 21 Jan 2016 14:07:44 GMT', 'content-type': 'application/json; charset=UTF-8', 'x-openstack-request-id': 'req-27840f81-ad9d-4f02-9dca-96dfee25c9de'}
        Body: {"security_group_rule": {"remote_group_id": null, "direction": "ingress", "remote_ip_prefix": null, "protocol": "tcp", "ethertype": "IPv4", "tenant_id": "20c857ea8ea64bdbba6355b6297f33b9", "port_range_max": 22, "port_range_min": 22, "id": "57985998-60f7-4d34-abcd-1f45fdccfd81", "security_group_id": "eeaf09c0-9626-4199-965e-355cca8a04d7"}}
2016-01-21 14:07:45,067 13768 INFO     [tempest_lib.common.rest_client] Request (TestNetworkAdvancedServerOps:test_server_connectivity_pause_unpause): 201 POST http://10.4.1.3:9696/v2.0/security-group-rules 0.280s
2016-01-21 14:07:45,068 13768 DEBUG    [tempest_lib.common.rest_client] Request - Headers: {'Content-Type': 'application/json', 'Accept': 'application/json', 'X-Auth-Token': '&lt;omitted&gt;'}
        Body: {"security_group_rule": {"direction": "egress", "protocol": "tcp", "tenant_id": "20c857ea8ea64bdbba6355b6297f33b9", "port_range_max": 22, "security_group_id": "eeaf09c0-9626-4199-965e-355cca8a04d7", "port_range_min": 22}}
    Response - Headers: {'status': '201', 'content-length': '339', 'connection': 'close', 'date': 'Thu, 21 Jan 2016 14:07:45 GMT', 'content-type': 'application/json; charset=UTF-8', 'x-openstack-request-id': 'req-8d28c20b-c34e-42ad-a886-bb9946c06a44'}
        Body: {"security_group_rule": {"remote_group_id": null, "direction": "egress", "remote_ip_prefix": null, "protocol": "tcp", "ethertype": "IPv4", "tenant_id": "20c857ea8ea64bdbba6355b6297f33b9", "port_range_max": 22, "port_range_min": 22, "id": "84207bf8-1730-40a3-a0a8-7290a95df3d7", "security_group_id": "eeaf09c0-9626-4199-965e-355cca8a04d7"}}
2016-01-21 14:07:45,378 13768 INFO     [tempest_lib.common.rest_client] Request (TestNetworkAdvancedServerOps:test_server_connectivity_pause_unpause): 201 POST http://10.4.1.3:9696/v2.0/security-group-rules 0.309s
2016-01-21 14:07:45,379 13768 DEBUG    [tempest_lib.common.rest_client] Request - Headers: {'Content-Type': 'application/json', 'Accept': 'application/json', 'X-Auth-Token': '&lt;omitted&gt;'}
        Body: {"security_group_rule": {"tenant_id": "20c857ea8ea64bdbba6355b6297f33b9", "direction": "ingress", "protocol": "icmp", "security_group_id": "eeaf09c0-9626-4199-965e-355cca8a04d7"}}
    Response - Headers: {'status': '201', 'content-length': '345', 'connection': 'close', 'date': 'Thu, 21 Jan 2016 14:07:45 GMT', 'content-type': 'application/json; charset=UTF-8', 'x-openstack-request-id': 'req-f69f2b2f-eaab-4dd5-8a6c-8a5a2d0b0cb8'}
        Body: {"security_group_rule": {"remote_group_id": null, "direction": "ingress", "remote_ip_prefix": null, "protocol": "icmp", "ethertype": "IPv4", "tenant_id": "20c857ea8ea64bdbba6355b6297f33b9", "port_range_max": null, "port_range_min": null, "id": "f797ac87-0a8a-4f23-a734-ee379030f125", "security_group_id": "eeaf09c0-9626-4199-965e-355cca8a04d7"}}
2016-01-21 14:07:45,665 13768 INFO     [tempest_lib.common.rest_client] Request (TestNetworkAdvancedServerOps:test_server_connectivity_pause_unpause): 201 POST http://10.4.1.3:9696/v2.0/security-group-rules 0.285s
2016-01-21 14:07:45,666 13768 DEBUG    [tempest_lib.common.rest_client] Request - Headers: {'Content-Type': 'application/json', 'Accept': 'application/json', 'X-Auth-Token': '&lt;omitted&gt;'}
        Body: {"security_group_rule": {"tenant_id": "20c857ea8ea64bdbba6355b6297f33b9", "direction": "egress", "protocol": "icmp", "security_group_id": "eeaf09c0-9626-4199-965e-355cca8a04d7"}}
    Response - Headers: {'status': '201', 'content-length': '344', 'connection': 'close', 'date': 'Thu, 21 Jan 2016 14:07:45 GMT', 'content-type': 'application/json; charset=UTF-8', 'x-openstack-request-id': 'req-bb637ce4-7664-48bf-b8b6-60c34e51f5f7'}
        Body: {"security_group_rule": {"remote_group_id": null, "direction": "egress", "remote_ip_prefix": null, "protocol": "icmp", "ethertype": "IPv4", "tenant_id": "20c857ea8ea64bdbba6355b6297f33b9", "port_range_max": null, "port_range_min": null, "id": "6707cdab-96b1-4419-8cc2-ac72560c84dd", "security_group_id": "eeaf09c0-9626-4199-965e-355cca8a04d7"}}
2016-01-21 14:07:45,943 13768 INFO     [tempest_lib.common.rest_client] Request (TestNetworkAdvancedServerOps:test_server_connectivity_pause_unpause): 201 POST http://10.4.1.3:9696/v2.0/security-group-rules 0.276s
2016-01-21 14:07:45,944 13768 DEBUG    [tempest_lib.common.rest_client] Request - Headers: {'Content-Type': 'application/json', 'Accept': 'application/json', 'X-Auth-Token': '&lt;omitted&gt;'}
        Body: {"security_group_rule": {"tenant_id": "20c857ea8ea64bdbba6355b6297f33b9", "direction": "ingress", "security_group_id": "eeaf09c0-9626-4199-965e-355cca8a04d7", "protocol": "icmp", "ethertype": "IPv6"}}
    Response - Headers: {'status': '201', 'content-length': '345', 'connection': 'close', 'date': 'Thu, 21 Jan 2016 14:07:45 GMT', 'content-type': 'application/json; charset=UTF-8', 'x-openstack-request-id': 'req-35b1edf5-47fc-4498-93d5-5ad7dfd8dac2'}
        Body: {"security_group_rule": {"remote_group_id": null, "direction": "ingress", "remote_ip_prefix": null, "protocol": "icmp", "ethertype": "IPv6", "tenant_id": "20c857ea8ea64bdbba6355b6297f33b9", "port_range_max": null, "port_range_min": null, "id": "506efa8c-99da-4acb-b470-3919e37301e2", "security_group_id": "eeaf09c0-9626-4199-965e-355cca8a04d7"}}
2016-01-21 14:07:46,246 13768 INFO     [tempest_lib.common.rest_client] Request (TestNetworkAdvancedServerOps:test_server_connectivity_pause_unpause): 201 POST http://10.4.1.3:9696/v2.0/security-group-rules 0.300s
2016-01-21 14:07:46,247 13768 DEBUG    [tempest_lib.common.rest_client] Request - Headers: {'Content-Type': 'application/json', 'Accept': 'application/json', 'X-Auth-Token': '&lt;omitted&gt;'}
        Body: {"security_group_rule": {"tenant_id": "20c857ea8ea64bdbba6355b6297f33b9", "direction": "egress", "security_group_id": "eeaf09c0-9626-4199-965e-355cca8a04d7", "protocol": "icmp", "ethertype": "IPv6"}}
    Response - Headers: {'status': '201', 'content-length': '344', 'connection': 'close', 'date': 'Thu, 21 Jan 2016 14:07:46 GMT', 'content-type': 'application/json; charset=UTF-8', 'x-openstack-request-id': 'req-17c29d7d-8e63-400d-8e47-9f66dc4df953'}
        Body: {"security_group_rule": {"remote_group_id": null, "direction": "egress", "remote_ip_prefix": null, "protocol": "icmp", "ethertype": "IPv6", "tenant_id": "20c857ea8ea64bdbba6355b6297f33b9", "port_range_max": null, "port_range_min": null, "id": "d5864a82-ed2c-4a60-8c5f-781395a0034a", "security_group_id": "eeaf09c0-9626-4199-965e-355cca8a04d7"}}
2016-01-21 14:07:46,594 13768 INFO     [tempest_lib.common.rest_client] Request (TestNetworkAdvancedServerOps:test_server_connectivity_pause_unpause): 201 POST http://10.4.1.3:9696/v2.0/networks 0.346s
2016-01-21 14:07:46,595 13768 DEBUG    [tempest_lib.common.rest_client] Request - Headers: {'Content-Type': 'application/json', 'Accept': 'application/json', 'X-Auth-Token': '&lt;omitted&gt;'}
        Body: {"network": {"tenant_id": "20c857ea8ea64bdbba6355b6297f33b9", "name": "tempest-network-smoke--1811317976"}}
    Response - Headers: {'status': '201', 'content-length': '327', 'connection': 'close', 'date': 'Thu, 21 Jan 2016 14:07:46 GMT', 'content-type': 'application/json; charset=UTF-8', 'x-openstack-request-id': 'req-86dbc9b7-edca-4024-b2b5-6156baaf49a1'}
        Body: {"network": {"status": "ACTIVE", "subnets": [], "availability_zone_hints": [], "name": "tempest-network-smoke--1811317976", "admin_state_up": true, "tenant_id": "20c857ea8ea64bdbba6355b6297f33b9", "mtu": 0, "router:external": false, "shared": false, "port_security_enabled": true, "id": "56f382bb-9f5c-499d-beba-513d6e129caa"}}
2016-01-21 14:07:46,800 13768 INFO     [tempest_lib.common.rest_client] Request (TestNetworkAdvancedServerOps:test_server_connectivity_pause_unpause): 201 POST http://10.4.1.3:9696/v2.0/routers 0.204s
2016-01-21 14:07:46,801 13768 DEBUG    [tempest_lib.common.rest_client] Request - Headers: {'Content-Type': 'application/json', 'Accept': 'application/json', 'X-Auth-Token': '&lt;omitted&gt;'}
        Body: {"router": {"tenant_id": "20c857ea8ea64bdbba6355b6297f33b9", "name": "tempest-router-smoke-2085135035", "admin_state_up": true}}
    Response - Headers: {'status': '201', 'content-length': '296', 'connection': 'close', 'date': 'Thu, 21 Jan 2016 14:07:46 GMT', 'content-type': 'application/json; charset=UTF-8', 'x-openstack-request-id': 'req-817de8af-7d8e-49de-912a-3517c4c30670'}
        Body: {"router": {"status": "ACTIVE", "external_gateway_info": null, "availability_zone_hints": [], "availability_zones": [], "name": "tempest-router-smoke-2085135035", "admin_state_up": true, "tenant_id": "20c857ea8ea64bdbba6355b6297f33b9", "routes": [], "id": "99a95f84-075c-4775-9b28-ea39de1a623a"}}
2016-01-21 14:07:46,999 13768 INFO     [tempest_lib.common.rest_client] Request (TestNetworkAdvancedServerOps:test_server_connectivity_pause_unpause): 200 GET http://10.4.1.3:9696/v2.0/routers/99a95f84-075c-4775-9b28-ea39de1a623a 0.197s
2016-01-21 14:07:47,000 13768 DEBUG    [tempest_lib.common.rest_client] Request - Headers: {'Content-Type': 'application/json', 'Accept': 'application/json', 'X-Auth-Token': '&lt;omitted&gt;'}
        Body: None
    Response - Headers: {'status': '200', 'content-length': '296', 'content-location': 'http://10.4.1.3:9696/v2.0/routers/99a95f84-075c-4775-9b28-ea39de1a623a', 'connection': 'close', 'date': 'Thu, 21 Jan 2016 14:07:46 GMT', 'content-type': 'application/json; charset=UTF-8', 'x-openstack-request-id': 'req-3c02b817-0ddb-4226-96ef-5fe719b1ff2a'}
        Body: {"router": {"status": "ACTIVE", "external_gateway_info": null, "availability_zone_hints": [], "availability_zones": [], "name": "tempest-router-smoke-2085135035", "admin_state_up": true, "tenant_id": "20c857ea8ea64bdbba6355b6297f33b9", "routes": [], "id": "99a95f84-075c-4775-9b28-ea39de1a623a"}}
2016-01-21 14:07:48,008 13768 INFO     [tempest_lib.common.rest_client] Request (TestNetworkAdvancedServerOps:test_server_connectivity_pause_unpause): 200 PUT http://10.4.1.3:9696/v2.0/routers/99a95f84-075c-4775-9b28-ea39de1a623a 1.007s
2016-01-21 14:07:48,009 13768 DEBUG    [tempest_lib.common.rest_client] Request - Headers: {'Content-Type': 'application/json', 'Accept': 'application/json', 'X-Auth-Token': '&lt;omitted&gt;'}
        Body: {"router": {"external_gateway_info": {"network_id": "cb043f9b-74ab-4cee-8a44-55c0445679e2"}, "name": "tempest-router-smoke-2085135035", "admin_state_up": true}}
    Response - Headers: {'status': '200', 'content-length': '558', 'connection': 'close', 'date': 'Thu, 21 Jan 2016 14:07:48 GMT', 'content-type': 'application/json; charset=UTF-8', 'x-openstack-request-id': 'req-2178acdb-af65-48d4-92f6-f071697987f2'}
        Body: {"router": {"status": "ACTIVE", "external_gateway_info": {"network_id": "cb043f9b-74ab-4cee-8a44-55c0445679e2", "enable_snat": true, "external_fixed_ips": [{"subnet_id": "0f08ef39-08e3-45d7-bec5-625a825058aa", "ip_address": "172.24.4.3"}, {"subnet_id": "44d2994d-e813-451c-aac4-edb8814934c2", "ip_address": "2001:db8::4"}]}, "availability_zone_hints": [], "availability_zones": [], "name": "tempest-router-smoke-2085135035", "admin_state_up": true, "tenant_id": "20c857ea8ea64bdbba6355b6297f33b9", "routes": [], "id": "99a95f84-075c-4775-9b28-ea39de1a623a"}}
2016-01-21 14:07:48,205 13768 INFO     [tempest_lib.common.rest_client] Request (TestNetworkAdvancedServerOps:test_server_connectivity_pause_unpause): 200 GET http://10.4.1.3:9696/v2.0/subnets?tenant_id=20c857ea8ea64bdbba6355b6297f33b9&amp;cidr=10.100.0.0%2F28 0.196s
2016-01-21 14:07:48,206 13768 DEBUG    [tempest_lib.common.rest_client] Request - Headers: {'Content-Type': 'application/json', 'Accept': 'application/json', 'X-Auth-Token': '&lt;omitted&gt;'}
        Body: None
    Response - Headers: {'status': '200', 'content-length': '15', 'content-location': 'http://10.4.1.3:9696/v2.0/subnets?tenant_id=20c857ea8ea64bdbba6355b6297f33b9&amp;cidr=10.100.0.0%2F28', 'connection': 'close', 'date': 'Thu, 21 Jan 2016 14:07:48 GMT', 'content-type': 'application/json; charset=UTF-8', 'x-openstack-request-id': 'req-6e9ff0eb-da62-4a4e-adc7-4c9f9721cb33'}
        Body: {"subnets": []}
2016-01-21 14:07:48,744 13768 INFO     [tempest_lib.common.rest_client] Request (TestNetworkAdvancedServerOps:test_server_connectivity_pause_unpause): 201 POST http://10.4.1.3:9696/v2.0/subnets 0.537s
2016-01-21 14:07:48,744 13768 DEBUG    [tempest_lib.common.rest_client] Request - Headers: {'Content-Type': 'application/json', 'Accept': 'application/json', 'X-Auth-Token': '&lt;omitted&gt;'}
        Body: {"subnet": {"ip_version": 4, "tenant_id": "20c857ea8ea64bdbba6355b6297f33b9", "cidr": "10.100.0.0/28", "network_id": "56f382bb-9f5c-499d-beba-513d6e129caa", "name": "tempest-subnet-smoke-165306340"}}
    Response - Headers: {'status': '201', 'content-length': '477', 'connection': 'close', 'date': 'Thu, 21 Jan 2016 14:07:48 GMT', 'content-type': 'application/json; charset=UTF-8', 'x-openstack-request-id': 'req-977bcbe9-d173-4e72-bacb-750dcf3bbf94'}
        Body: {"subnet": {"name": "tempest-subnet-smoke-165306340", "enable_dhcp": true, "network_id": "56f382bb-9f5c-499d-beba-513d6e129caa", "tenant_id": "20c857ea8ea64bdbba6355b6297f33b9", "dns_nameservers": [], "gateway_ip": "10.100.0.1", "ipv6_ra_mode": null, "allocation_pools": [{"start": "10.100.0.2", "end": "10.100.0.14"}], "host_routes": [], "ip_version": 4, "ipv6_address_mode": null, "cidr": "10.100.0.0/28", "id": "6da6d8f0-adc5-4a2b-adf7-f124a7ed48d7", "subnetpool_id": null}}
2016-01-21 14:07:49,761 13768 INFO     [tempest_lib.common.rest_client] Request (TestNetworkAdvancedServerOps:test_server_connectivity_pause_unpause): 200 PUT http://10.4.1.3:9696/v2.0/routers/99a95f84-075c-4775-9b28-ea39de1a623a/add_router_interface 1.016s
2016-01-21 14:07:49,762 13768 DEBUG    [tempest_lib.common.rest_client] Request - Headers: {'Content-Type': 'application/json', 'Accept': 'application/json', 'X-Auth-Token': '&lt;omitted&gt;'}
        Body: {"subnet_id": "6da6d8f0-adc5-4a2b-adf7-f124a7ed48d7"}
    Response - Headers: {'status': '200', 'content-length': '255', 'connection': 'close', 'date': 'Thu, 21 Jan 2016 14:07:49 GMT', 'content-type': 'application/json; charset=UTF-8', 'x-openstack-request-id': 'req-a98a2e9a-8176-4868-8e07-cc26601d1b8e'}
        Body: {"subnet_id": "6da6d8f0-adc5-4a2b-adf7-f124a7ed48d7", "tenant_id": "20c857ea8ea64bdbba6355b6297f33b9", "subnet_ids": ["6da6d8f0-adc5-4a2b-adf7-f124a7ed48d7"], "port_id": "3cc6c89b-2096-47fa-93ea-7e58e962735c", "id": "99a95f84-075c-4775-9b28-ea39de1a623a"}
2016-01-21 14:07:49,891 13768 INFO     [tempest_lib.common.rest_client] Request (TestNetworkAdvancedServerOps:test_server_connectivity_pause_unpause): 200 POST http://10.4.1.3:5000/v2.0/tokens
2016-01-21 14:07:49,892 13768 DEBUG    [tempest_lib.common.rest_client] Request - Headers: {'Content-Type': 'application/json', 'Accept': 'application/json'}
        Body: &lt;omitted&gt;
    Response - Headers: {'status': '200', 'content-length': '2294', 'vary': 'X-Auth-Token', 'server': 'Apache/2.4.7 (Ubuntu)', 'connection': 'close', 'date': 'Thu, 21 Jan 2016 14:07:49 GMT', 'content-type': 'application/json', 'x-openstack-request-id': 'req-da86a8ac-cece-4641-bd2a-35beac1f4b91'}
        Body: {"access": {"token": {"issued_at": "2016-01-21T14:07:49.882926", "expires": "2016-01-21T15:07:49Z", "id": "7883d05f13854c34bf161dd9a586ff8c", "tenant": {"description": "tempest-TestNetworkAdvancedServerOps-575407897-desc", "enabled": true, "id": "20c857ea8ea64bdbba6355b6297f33b9", "name": "tempest-TestNetworkAdvancedServerOps-575407897"}, "audit_ids": ["7tEimvmhTUy6M8VBIiPtuw"]}, "serviceCatalog": [{"endpoints": [{"adminURL": "http://10.4.1.3:9292", "region": "RegionOne", "internalURL": "http://10.4.1.3:9292", "id": "12709c7485c64c42ac239b24acfeb561", "publicURL": "http://10.4.1.3:9292"}], "endpoints_links": [], "type": "image", "name": "glance"}, {"endpoints": [{"adminURL": "http://10.4.1.3:8774/v2.1/20c857ea8ea64bdbba6355b6297f33b9", "region": "RegionOne", "internalURL": "http://10.4.1.3:8774/v2.1/20c857ea8ea64bdbba6355b6297f33b9", "id": "74408390480f4d0d8c51a1948cf2bc18", "publicURL": "http://10.4.1.3:8774/v2.1/20c857ea8ea64bdbba6355b6297f33b9"}], "endpoints_links": [], "type": "compute", "name": "nova"}, {"endpoints": [{"adminURL": "http://10.4.1.3:9696/", "region": "RegionOne", "internalURL": "http://10.4.1.3:9696/", "id": "16a288ab185942f4880a94bacd3b321e", "publicURL": "http://10.4.1.3:9696/"}], "endpoints_links": [], "type": "network", "name": "neutron"}, {"endpoints": [{"adminURL": "http://10.4.1.3:35357/v2.0", "region": "RegionOne", "internalURL": "http://10.4.1.3:5000/v2.0", "id": "1a85c9bfff3a40a89cffc310dbb4a115", "publicURL": "http://10.4.1.3:5000/v2.0"}], "endpoints_links": [], "type": "identity", "name": "keystone"}, {"endpoints": [{"adminURL": "http://10.4.1.3:8774/v2/20c857ea8ea64bdbba6355b6297f33b9", "region": "RegionOne", "internalURL": "http://10.4.1.3:8774/v2/20c857ea8ea64bdbba6355b6297f33b9", "id": "26dc3f12f19c40f7930a38fd87943d77", "publicURL": "http://10.4.1.3:8774/v2/20c857ea8ea64bdbba6355b6297f33b9"}], "endpoints_links": [], "type": "compute_legacy", "name": "nova_legacy"}], "user": {"username": "tempest-TestNetworkAdvancedServerOps-1688100687", "roles_links": [], "id": "a54a1d4b341743b991a708fa72dc6c41", "roles": [{"name": "_member_"}, {"name": "Member"}], "name": "tempest-TestNetworkAdvancedServerOps-1688100687"}, "metadata": {"is_admin": 0, "roles": ["9fe2ff9ee4384b1894a90878d3e92bab", "e5f70b86b39c44a2a0ae9caf5956f595"]}}}
2016-01-21 14:07:49,896 13768 DEBUG    [tempest.common.fixed_network] (TestNetworkAdvancedServerOps:test_server_connectivity_pause_unpause) No valid network provided or created, defaulting to fixed_network_name
2016-01-21 14:07:50,299 13768 INFO     [tempest_lib.common.rest_client] Request (TestNetworkAdvancedServerOps:test_server_connectivity_pause_unpause): 200 GET http://10.4.1.3:8774/v2.1/20c857ea8ea64bdbba6355b6297f33b9/os-networks 0.402s
2016-01-21 14:07:50,300 13768 DEBUG    [tempest_lib.common.rest_client] Request - Headers: {'Content-Type': 'application/json', 'Accept': 'application/json', 'X-Auth-Token': '&lt;omitted&gt;'}
        Body: None
    Response - Headers: {'status': '200', 'content-length': '479', 'content-location': 'http://10.4.1.3:8774/v2.1/20c857ea8ea64bdbba6355b6297f33b9/os-networks', 'x-compute-request-id': 'req-7b8b81f8-4e51-4aa5-b894-28a01171ca7e', 'vary': 'X-OpenStack-Nova-API-Version', 'connection': 'close', 'x-openstack-nova-api-version': '2.1', 'date': 'Thu, 21 Jan 2016 14:07:50 GMT', 'content-type': 'application/json'}
        Body: {"networks": [{"cidr_v6": null, "dns2": null, "dns1": null, "gateway": null, "broadcast": null, "netmask": null, "gateway_v6": null, "cidr": null, "label": "tempest-network-smoke--1811317976", "id": "56f382bb-9f5c-499d-beba-513d6e129caa", "netmask_v6": null}, {"cidr_v6": null, "dns2": null, "dns1": null, "gateway": null, "broadcast": null, "netmask": null, "gateway_v6": null, "cidr": null, "label": "public", "id": "cb043f9b-74ab-4cee-8a44-55c0445679e2", "netmask_v6": null}]}
2016-01-21 14:07:50,300 13768 WARNING  [tempest.common.fixed_network] (TestNetworkAdvancedServerOps:test_server_connectivity_pause_unpause) Network with name: private not found
2016-01-21 14:07:50,300 13768 INFO     [tempest.common.fixed_network] (TestNetworkAdvancedServerOps:test_server_connectivity_pause_unpause) Found network {} available for tenant
2016-01-21 14:07:53,093 13768 INFO     [tempest_lib.common.rest_client] Request (TestNetworkAdvancedServerOps:test_server_connectivity_pause_unpause): 202 POST http://10.4.1.3:8774/v2.1/20c857ea8ea64bdbba6355b6297f33b9/servers 2.792s
2016-01-21 14:07:53,094 13768 DEBUG    [tempest_lib.common.rest_client] Request - Headers: {'Content-Type': 'application/json', 'Accept': 'application/json', 'X-Auth-Token': '&lt;omitted&gt;'}
        Body: {"server": {"name": "tempest.common.compute-instance-1507033603", "imageRef": "2ce717a6-7af9-4f53-acdb-825b2a7ece7b", "key_name": "tempest-TestNetworkAdvancedServerOps-1421708886", "flavorRef": "42", "networks": [{"uuid": "56f382bb-9f5c-499d-beba-513d6e129caa"}], "security_groups": [{"name": "tempest-secgroup-smoke-1999981774"}]}}
    Response - Headers: {'status': '202', 'content-length': '460', 'x-compute-request-id': 'req-412a8f31-d50f-4587-a317-a5f426f798f4', 'vary': 'X-OpenStack-Nova-API-Version', 'connection': 'close', 'location': 'http://10.4.1.3:8774/v2.1/20c857ea8ea64bdbba6355b6297f33b9/servers/597e01de-e5c2-4f9c-a31c-bd8d66e7404c', 'x-openstack-nova-api-version': '2.1', 'date': 'Thu, 21 Jan 2016 14:07:53 GMT', 'content-type': 'application/json'}
        Body: {"server": {"security_groups": [{"name": "tempest-secgroup-smoke-1999981774"}], "OS-DCF:diskConfig": "MANUAL", "id": "597e01de-e5c2-4f9c-a31c-bd8d66e7404c", "links": [{"href": "http://10.4.1.3:8774/v2.1/20c857ea8ea64bdbba6355b6297f33b9/servers/597e01de-e5c2-4f9c-a31c-bd8d66e7404c", "rel": "self"}, {"href": "http://10.4.1.3:8774/20c857ea8ea64bdbba6355b6297f33b9/servers/597e01de-e5c2-4f9c-a31c-bd8d66e7404c", "rel": "bookmark"}], "adminPass": "bNNCRLJ8TG9W"}}
2016-01-21 14:07:53,500 13768 INFO     [tempest_lib.common.rest_client] Request (TestNetworkAdvancedServerOps:test_server_connectivity_pause_unpause): 200 GET http://10.4.1.3:8774/v2.1/20c857ea8ea64bdbba6355b6297f33b9/servers/597e01de-e5c2-4f9c-a31c-bd8d66e7404c 0.401s
2016-01-21 14:07:53,500 13768 DEBUG    [tempest_lib.common.rest_client] Request - Headers: {'Content-Type': 'application/json', 'Accept': 'application/json', 'X-Auth-Token': '&lt;omitted&gt;'}
        Body: None
    Response - Headers: {'status': '200', 'content-length': '1361', 'content-location': 'http://10.4.1.3:8774/v2.1/20c857ea8ea64bdbba6355b6297f33b9/servers/597e01de-e5c2-4f9c-a31c-bd8d66e7404c', 'x-compute-request-id': 'req-cfaddadb-0c21-4759-a4b6-1dd77dc18199', 'vary': 'X-OpenStack-Nova-API-Version', 'connection': 'close', 'x-openstack-nova-api-version': '2.1', 'date': 'Thu, 21 Jan 2016 14:07:53 GMT', 'content-type': 'application/json'}
        Body: {"server": {"status": "BUILD", "updated": "2016-01-21T14:07:53Z", "hostId": "", "addresses": {}, "links": [{"href": "http://10.4.1.3:8774/v2.1/20c857ea8ea64bdbba6355b6297f33b9/servers/597e01de-e5c2-4f9c-a31c-bd8d66e7404c", "rel": "self"}, {"href": "http://10.4.1.3:8774/20c857ea8ea64bdbba6355b6297f33b9/servers/597e01de-e5c2-4f9c-a31c-bd8d66e7404c", "rel": "bookmark"}], "key_name": "tempest-TestNetworkAdvancedServerOps-1421708886", "image": {"id": "2ce717a6-7af9-4f53-acdb-825b2a7ece7b", "links": [{"href": "http://10.4.1.3:8774/20c857ea8ea64bdbba6355b6297f33b9/images/2ce717a6-7af9-4f53-acdb-825b2a7ece7b", "rel": "bookmark"}]}, "OS-EXT-STS:task_state": "scheduling", "OS-EXT-STS:vm_state": "building", "OS-SRV-USG:launched_at": null, "flavor": {"id": "42", "links": [{"href": "http://10.4.1.3:8774/20c857ea8ea64bdbba6355b6297f33b9/flavors/42", "rel": "bookmark"}]}, "id": "597e01de-e5c2-4f9c-a31c-bd8d66e7404c", "OS-SRV-USG:terminated_at": null, "OS-EXT-AZ:availability_zone": "", "user_id": "a54a1d4b341743b991a708fa72dc6c41", "name": "tempest.common.compute-instance-1507033603", "created": "2016-01-21T14:07:52Z", "tenant_id": "20c857ea8ea64bdbba6355b6297f33b9", "OS-DCF:diskConfig": "MANUAL", "os-extended-volumes:volumes_attached": [], "accessIPv4": "", "accessIPv6": "", "progress": 0, "OS-EXT-STS:power_state": 0, "config_drive": "", "metadata": {}}}
2016-01-21 14:07:55,186 13768 INFO     [tempest_lib.common.rest_client] Request (TestNetworkAdvancedServerOps:test_server_connectivity_pause_unpause): 200 GET http://10.4.1.3:8774/v2.1/20c857ea8ea64bdbba6355b6297f33b9/servers/597e01de-e5c2-4f9c-a31c-bd8d66e7404c 0.675s
2016-01-21 14:07:55,186 13768 DEBUG    [tempest_lib.common.rest_client] Request - Headers: {'Content-Type': 'application/json', 'Accept': 'application/json', 'X-Auth-Token': '&lt;omitted&gt;'}
        Body: None
    Response - Headers: {'status': '200', 'content-length': '1487', 'content-location': 'http://10.4.1.3:8774/v2.1/20c857ea8ea64bdbba6355b6297f33b9/servers/597e01de-e5c2-4f9c-a31c-bd8d66e7404c', 'x-compute-request-id': 'req-0ae79fe4-3b88-445e-991a-c110dea1e631', 'vary': 'X-OpenStack-Nova-API-Version', 'connection': 'close', 'x-openstack-nova-api-version': '2.1', 'date': 'Thu, 21 Jan 2016 14:07:55 GMT', 'content-type': 'application/json'}
        Body: {"server": {"status": "BUILD", "updated": "2016-01-21T14:07:54Z", "hostId": "c655554db5f1e2b6b2c102bdd260a6304a8179b3fde010bc0ff7068f", "addresses": {}, "links": [{"href": "http://10.4.1.3:8774/v2.1/20c857ea8ea64bdbba6355b6297f33b9/servers/597e01de-e5c2-4f9c-a31c-bd8d66e7404c", "rel": "self"}, {"href": "http://10.4.1.3:8774/20c857ea8ea64bdbba6355b6297f33b9/servers/597e01de-e5c2-4f9c-a31c-bd8d66e7404c", "rel": "bookmark"}], "key_name": "tempest-TestNetworkAdvancedServerOps-1421708886", "image": {"id": "2ce717a6-7af9-4f53-acdb-825b2a7ece7b", "links": [{"href": "http://10.4.1.3:8774/20c857ea8ea64bdbba6355b6297f33b9/images/2ce717a6-7af9-4f53-acdb-825b2a7ece7b", "rel": "bookmark"}]}, "OS-EXT-STS:task_state": "spawning", "OS-EXT-STS:vm_state": "building", "OS-SRV-USG:launched_at": null, "flavor": {"id": "42", "links": [{"href": "http://10.4.1.3:8774/20c857ea8ea64bdbba6355b6297f33b9/flavors/42", "rel": "bookmark"}]}, "id": "597e01de-e5c2-4f9c-a31c-bd8d66e7404c", "security_groups": [{"name": "tempest-secgroup-smoke-1999981774"}], "OS-SRV-USG:terminated_at": null, "OS-EXT-AZ:availability_zone": "nova", "user_id": "a54a1d4b341743b991a708fa72dc6c41", "name": "tempest.common.compute-instance-1507033603", "created": "2016-01-21T14:07:52Z", "tenant_id": "20c857ea8ea64bdbba6355b6297f33b9", "OS-DCF:diskConfig": "MANUAL", "os-extended-volumes:volumes_attached": [], "accessIPv4": "", "accessIPv6": "", "progress": 0, "OS-EXT-STS:power_state": 0, "config_drive": "", "metadata": {}}}
2016-01-21 14:07:55,201 13768 INFO     [tempest.common.waiters] State transition "BUILD/scheduling" ==&gt; "BUILD/spawning" after 2 second wait
2016-01-21 14:07:56,799 13768 INFO     [tempest_lib.common.rest_client] Request (TestNetworkAdvancedServerOps:test_server_connectivity_pause_unpause): 200 GET http://10.4.1.3:8774/v2.1/20c857ea8ea64bdbba6355b6297f33b9/servers/597e01de-e5c2-4f9c-a31c-bd8d66e7404c 0.595s
2016-01-21 14:07:56,799 13768 DEBUG    [tempest_lib.common.rest_client] Request - Headers: {'Content-Type': 'application/json', 'Accept': 'application/json', 'X-Auth-Token': '&lt;omitted&gt;'}
        Body: None
    Response - Headers: {'status': '200', 'content-length': '1487', 'content-location': 'http://10.4.1.3:8774/v2.1/20c857ea8ea64bdbba6355b6297f33b9/servers/597e01de-e5c2-4f9c-a31c-bd8d66e7404c', 'x-compute-request-id': 'req-f2c27384-f1e4-48e0-92a1-6dbbe75a6fc2', 'vary': 'X-OpenStack-Nova-API-Version', 'connection': 'close', 'x-openstack-nova-api-version': '2.1', 'date': 'Thu, 21 Jan 2016 14:07:56 GMT', 'content-type': 'application/json'}
        Body: {"server": {"status": "BUILD", "updated": "2016-01-21T14:07:54Z", "hostId": "c655554db5f1e2b6b2c102bdd260a6304a8179b3fde010bc0ff7068f", "addresses": {}, "links": [{"href": "http://10.4.1.3:8774/v2.1/20c857ea8ea64bdbba6355b6297f33b9/servers/597e01de-e5c2-4f9c-a31c-bd8d66e7404c", "rel": "self"}, {"href": "http://10.4.1.3:8774/20c857ea8ea64bdbba6355b6297f33b9/servers/597e01de-e5c2-4f9c-a31c-bd8d66e7404c", "rel": "bookmark"}], "key_name": "tempest-TestNetworkAdvancedServerOps-1421708886", "image": {"id": "2ce717a6-7af9-4f53-acdb-825b2a7ece7b", "links": [{"href": "http://10.4.1.3:8774/20c857ea8ea64bdbba6355b6297f33b9/images/2ce717a6-7af9-4f53-acdb-825b2a7ece7b", "rel": "bookmark"}]}, "OS-EXT-STS:task_state": "spawning", "OS-EXT-STS:vm_state": "building", "OS-SRV-USG:launched_at": null, "flavor": {"id": "42", "links": [{"href": "http://10.4.1.3:8774/20c857ea8ea64bdbba6355b6297f33b9/flavors/42", "rel": "bookmark"}]}, "id": "597e01de-e5c2-4f9c-a31c-bd8d66e7404c", "security_groups": [{"name": "tempest-secgroup-smoke-1999981774"}], "OS-SRV-USG:terminated_at": null, "OS-EXT-AZ:availability_zone": "nova", "user_id": "a54a1d4b341743b991a708fa72dc6c41", "name": "tempest.common.compute-instance-1507033603", "created": "2016-01-21T14:07:52Z", "tenant_id": "20c857ea8ea64bdbba6355b6297f33b9", "OS-DCF:diskConfig": "MANUAL", "os-extended-volumes:volumes_attached": [], "accessIPv4": "", "accessIPv6": "", "progress": 0, "OS-EXT-STS:power_state": 0, "config_drive": "", "metadata": {}}}
2016-01-21 14:07:58,535 13768 INFO     [tempest_lib.common.rest_client] Request (TestNetworkAdvancedServerOps:test_server_connectivity_pause_unpause): 200 GET http://10.4.1.3:8774/v2.1/20c857ea8ea64bdbba6355b6297f33b9/servers/597e01de-e5c2-4f9c-a31c-bd8d66e7404c 0.726s
2016-01-21 14:07:58,535 13768 DEBUG    [tempest_lib.common.rest_client] Request - Headers: {'Content-Type': 'application/json', 'Accept': 'application/json', 'X-Auth-Token': '&lt;omitted&gt;'}
        Body: None
    Response - Headers: {'status': '200', 'content-length': '1659', 'content-location': 'http://10.4.1.3:8774/v2.1/20c857ea8ea64bdbba6355b6297f33b9/servers/597e01de-e5c2-4f9c-a31c-bd8d66e7404c', 'x-compute-request-id': 'req-62472662-bf3f-4657-b437-aa7264fb7177', 'vary': 'X-OpenStack-Nova-API-Version', 'connection': 'close', 'x-openstack-nova-api-version': '2.1', 'date': 'Thu, 21 Jan 2016 14:07:58 GMT', 'content-type': 'application/json'}
        Body: {"server": {"status": "ACTIVE", "updated": "2016-01-21T14:07:57Z", "hostId": "c655554db5f1e2b6b2c102bdd260a6304a8179b3fde010bc0ff7068f", "addresses": {"tempest-network-smoke--1811317976": [{"OS-EXT-IPS-MAC:mac_addr": "fa:16:3e:c9:72:cb", "version": 4, "addr": "10.100.0.3", "OS-EXT-IPS:type": "fixed"}]}, "links": [{"href": "http://10.4.1.3:8774/v2.1/20c857ea8ea64bdbba6355b6297f33b9/servers/597e01de-e5c2-4f9c-a31c-bd8d66e7404c", "rel": "self"}, {"href": "http://10.4.1.3:8774/20c857ea8ea64bdbba6355b6297f33b9/servers/597e01de-e5c2-4f9c-a31c-bd8d66e7404c", "rel": "bookmark"}], "key_name": "tempest-TestNetworkAdvancedServerOps-1421708886", "image": {"id": "2ce717a6-7af9-4f53-acdb-825b2a7ece7b", "links": [{"href": "http://10.4.1.3:8774/20c857ea8ea64bdbba6355b6297f33b9/images/2ce717a6-7af9-4f53-acdb-825b2a7ece7b", "rel": "bookmark"}]}, "OS-EXT-STS:task_state": null, "OS-EXT-STS:vm_state": "active", "OS-SRV-USG:launched_at": "2016-01-21T14:07:57.000000", "flavor": {"id": "42", "links": [{"href": "http://10.4.1.3:8774/20c857ea8ea64bdbba6355b6297f33b9/flavors/42", "rel": "bookmark"}]}, "id": "597e01de-e5c2-4f9c-a31c-bd8d66e7404c", "security_groups": [{"name": "tempest-secgroup-smoke-1999981774"}], "OS-SRV-USG:terminated_at": null, "OS-EXT-AZ:availability_zone": "nova", "user_id": "a54a1d4b341743b991a708fa72dc6c41", "name": "tempest.common.compute-instance-1507033603", "created": "2016-01-21T14:07:52Z", "tenant_id": "20c857ea8ea64bdbba6355b6297f33b9", "OS-DCF:diskConfig": "MANUAL", "os-extended-volumes:volumes_attached": [], "accessIPv4": "", "accessIPv6": "", "progress": 0, "OS-EXT-STS:power_state": 1, "config_drive": "True", "metadata": {}}}
2016-01-21 14:07:58,544 13768 INFO     [tempest.common.waiters] State transition "BUILD/spawning" ==&gt; "ACTIVE/None" after 5 second wait
2016-01-21 14:07:59,368 13768 INFO     [tempest_lib.common.rest_client] Request (TestNetworkAdvancedServerOps:test_server_connectivity_pause_unpause): 200 GET http://10.4.1.3:8774/v2.1/20c857ea8ea64bdbba6355b6297f33b9/servers/597e01de-e5c2-4f9c-a31c-bd8d66e7404c 0.824s
2016-01-21 14:07:59,369 13768 DEBUG    [tempest_lib.common.rest_client] Request - Headers: {'Content-Type': 'application/json', 'Accept': 'application/json', 'X-Auth-Token': '&lt;omitted&gt;'}
        Body: None
    Response - Headers: {'status': '200', 'content-length': '1659', 'content-location': 'http://10.4.1.3:8774/v2.1/20c857ea8ea64bdbba6355b6297f33b9/servers/597e01de-e5c2-4f9c-a31c-bd8d66e7404c', 'x-compute-request-id': 'req-a4ecdb00-a4a2-4e12-95fb-2c1c3cb56e28', 'vary': 'X-OpenStack-Nova-API-Version', 'connection': 'close', 'x-openstack-nova-api-version': '2.1', 'date': 'Thu, 21 Jan 2016 14:07:59 GMT', 'content-type': 'application/json'}
        Body: {"server": {"status": "ACTIVE", "updated": "2016-01-21T14:07:57Z", "hostId": "c655554db5f1e2b6b2c102bdd260a6304a8179b3fde010bc0ff7068f", "addresses": {"tempest-network-smoke--1811317976": [{"OS-EXT-IPS-MAC:mac_addr": "fa:16:3e:c9:72:cb", "version": 4, "addr": "10.100.0.3", "OS-EXT-IPS:type": "fixed"}]}, "links": [{"href": "http://10.4.1.3:8774/v2.1/20c857ea8ea64bdbba6355b6297f33b9/servers/597e01de-e5c2-4f9c-a31c-bd8d66e7404c", "rel": "self"}, {"href": "http://10.4.1.3:8774/20c857ea8ea64bdbba6355b6297f33b9/servers/597e01de-e5c2-4f9c-a31c-bd8d66e7404c", "rel": "bookmark"}], "key_name": "tempest-TestNetworkAdvancedServerOps-1421708886", "image": {"id": "2ce717a6-7af9-4f53-acdb-825b2a7ece7b", "links": [{"href": "http://10.4.1.3:8774/20c857ea8ea64bdbba6355b6297f33b9/images/2ce717a6-7af9-4f53-acdb-825b2a7ece7b", "rel": "bookmark"}]}, "OS-EXT-STS:task_state": null, "OS-EXT-STS:vm_state": "active", "OS-SRV-USG:launched_at": "2016-01-21T14:07:57.000000", "flavor": {"id": "42", "links": [{"href": "http://10.4.1.3:8774/20c857ea8ea64bdbba6355b6297f33b9/flavors/42", "rel": "bookmark"}]}, "id": "597e01de-e5c2-4f9c-a31c-bd8d66e7404c", "security_groups": [{"name": "tempest-secgroup-smoke-1999981774"}], "OS-SRV-USG:terminated_at": null, "OS-EXT-AZ:availability_zone": "nova", "user_id": "a54a1d4b341743b991a708fa72dc6c41", "name": "tempest.common.compute-instance-1507033603", "created": "2016-01-21T14:07:52Z", "tenant_id": "20c857ea8ea64bdbba6355b6297f33b9", "OS-DCF:diskConfig": "MANUAL", "os-extended-volumes:volumes_attached": [], "accessIPv4": "", "accessIPv6": "", "progress": 0, "OS-EXT-STS:power_state": 1, "config_drive": "True", "metadata": {}}}
2016-01-21 14:07:59,547 13768 INFO     [tempest_lib.common.rest_client] Request (TestNetworkAdvancedServerOps:test_server_connectivity_pause_unpause): 200 GET http://10.4.1.3:9696/v2.0/ports?status=ACTIVE&amp;fixed_ip=None&amp;device_id=597e01de-e5c2-4f9c-a31c-bd8d66e7404c 0.170s
2016-01-21 14:07:59,547 13768 DEBUG    [tempest_lib.common.rest_client] Request - Headers: {'Content-Type': 'application/json', 'Accept': 'application/json', 'X-Auth-Token': '&lt;omitted&gt;'}
        Body: None
    Response - Headers: {'status': '200', 'content-length': '895', 'content-location': 'http://10.4.1.3:9696/v2.0/ports?status=ACTIVE&amp;fixed_ip=None&amp;device_id=597e01de-e5c2-4f9c-a31c-bd8d66e7404c', 'connection': 'close', 'date': 'Thu, 21 Jan 2016 14:07:59 GMT', 'content-type': 'application/json; charset=UTF-8', 'x-openstack-request-id': 'req-babf3b6a-668d-469a-be7e-a62a4c805852'}
        Body: {"ports": [{"status": "ACTIVE", "binding:host_id": "vagrant-ubuntu-trusty-64", "allowed_address_pairs": [], "extra_dhcp_opts": [], "dns_assignment": [{"hostname": "host-10-100-0-3", "ip_address": "10.100.0.3", "fqdn": "host-10-100-0-3.openstacklocal."}], "device_owner": "compute:None", "port_security_enabled": true, "binding:profile": {}, "fixed_ips": [{"subnet_id": "6da6d8f0-adc5-4a2b-adf7-f124a7ed48d7", "ip_address": "10.100.0.3"}], "id": "c3f85d33-9988-4f12-a0c4-a615261cd8a0", "security_groups": ["eeaf09c0-9626-4199-965e-355cca8a04d7"], "device_id": "597e01de-e5c2-4f9c-a31c-bd8d66e7404c", "name": "", "admin_state_up": true, "network_id": "56f382bb-9f5c-499d-beba-513d6e129caa", "dns_name": "", "binding:vif_details": {"port_filter": true}, "binding:vnic_type": "normal", "binding:vif_type": "ovs", "tenant_id": "20c857ea8ea64bdbba6355b6297f33b9", "mac_address": "fa:16:3e:c9:72:cb"}]}
2016-01-21 14:08:00,173 13768 INFO     [tempest_lib.common.rest_client] Request (TestNetworkAdvancedServerOps:test_server_connectivity_pause_unpause): 201 POST http://10.4.1.3:9696/v2.0/floatingips 0.624s
2016-01-21 14:08:00,173 13768 DEBUG    [tempest_lib.common.rest_client] Request - Headers: {'Content-Type': 'application/json', 'Accept': 'application/json', 'X-Auth-Token': '&lt;omitted&gt;'}
        Body: {"floatingip": {"floating_network_id": "cb043f9b-74ab-4cee-8a44-55c0445679e2", "tenant_id": "20c857ea8ea64bdbba6355b6297f33b9", "fixed_ip_address": "10.100.0.3", "port_id": "c3f85d33-9988-4f12-a0c4-a615261cd8a0"}}
    Response - Headers: {'status': '201', 'content-length': '367', 'connection': 'close', 'date': 'Thu, 21 Jan 2016 14:08:00 GMT', 'content-type': 'application/json; charset=UTF-8', 'x-openstack-request-id': 'req-65b58564-f6ef-4112-af18-841c111a3a58'}
        Body: {"floatingip": {"floating_network_id": "cb043f9b-74ab-4cee-8a44-55c0445679e2", "router_id": "99a95f84-075c-4775-9b28-ea39de1a623a", "fixed_ip_address": "10.100.0.3", "floating_ip_address": "172.24.4.4", "tenant_id": "20c857ea8ea64bdbba6355b6297f33b9", "status": "DOWN", "port_id": "c3f85d33-9988-4f12-a0c4-a615261cd8a0", "id": "0a5b035b-c992-4431-9d71-69b2720e6f0e"}}
2016-01-21 14:08:00,743 13768 INFO     [tempest_lib.common.rest_client] Request (TestNetworkAdvancedServerOps:test_server_connectivity_pause_unpause): 200 GET http://10.4.1.3:8774/v2.1/20c857ea8ea64bdbba6355b6297f33b9/servers/597e01de-e5c2-4f9c-a31c-bd8d66e7404c 0.569s
2016-01-21 14:08:00,744 13768 DEBUG    [tempest_lib.common.rest_client] Request - Headers: {'Content-Type': 'application/json', 'Accept': 'application/json', 'X-Auth-Token': '&lt;omitted&gt;'}
        Body: None
    Response - Headers: {'status': '200', 'content-length': '1659', 'content-location': 'http://10.4.1.3:8774/v2.1/20c857ea8ea64bdbba6355b6297f33b9/servers/597e01de-e5c2-4f9c-a31c-bd8d66e7404c', 'x-compute-request-id': 'req-07d2d56f-a9ef-4156-975a-8a1ba1ab95d1', 'vary': 'X-OpenStack-Nova-API-Version', 'connection': 'close', 'x-openstack-nova-api-version': '2.1', 'date': 'Thu, 21 Jan 2016 14:08:00 GMT', 'content-type': 'application/json'}
        Body: {"server": {"status": "ACTIVE", "updated": "2016-01-21T14:07:57Z", "hostId": "c655554db5f1e2b6b2c102bdd260a6304a8179b3fde010bc0ff7068f", "addresses": {"tempest-network-smoke--1811317976": [{"OS-EXT-IPS-MAC:mac_addr": "fa:16:3e:c9:72:cb", "version": 4, "addr": "10.100.0.3", "OS-EXT-IPS:type": "fixed"}]}, "links": [{"href": "http://10.4.1.3:8774/v2.1/20c857ea8ea64bdbba6355b6297f33b9/servers/597e01de-e5c2-4f9c-a31c-bd8d66e7404c", "rel": "self"}, {"href": "http://10.4.1.3:8774/20c857ea8ea64bdbba6355b6297f33b9/servers/597e01de-e5c2-4f9c-a31c-bd8d66e7404c", "rel": "bookmark"}], "key_name": "tempest-TestNetworkAdvancedServerOps-1421708886", "image": {"id": "2ce717a6-7af9-4f53-acdb-825b2a7ece7b", "links": [{"href": "http://10.4.1.3:8774/20c857ea8ea64bdbba6355b6297f33b9/images/2ce717a6-7af9-4f53-acdb-825b2a7ece7b", "rel": "bookmark"}]}, "OS-EXT-STS:task_state": null, "OS-EXT-STS:vm_state": "active", "OS-SRV-USG:launched_at": "2016-01-21T14:07:57.000000", "flavor": {"id": "42", "links": [{"href": "http://10.4.1.3:8774/20c857ea8ea64bdbba6355b6297f33b9/flavors/42", "rel": "bookmark"}]}, "id": "597e01de-e5c2-4f9c-a31c-bd8d66e7404c", "security_groups": [{"name": "tempest-secgroup-smoke-1999981774"}], "OS-SRV-USG:terminated_at": null, "OS-EXT-AZ:availability_zone": "nova", "user_id": "a54a1d4b341743b991a708fa72dc6c41", "name": "tempest.common.compute-instance-1507033603", "created": "2016-01-21T14:07:52Z", "tenant_id": "20c857ea8ea64bdbba6355b6297f33b9", "OS-DCF:diskConfig": "MANUAL", "os-extended-volumes:volumes_attached": [], "accessIPv4": "", "accessIPv6": "", "progress": 0, "OS-EXT-STS:power_state": 1, "config_drive": "True", "metadata": {}}}
2016-01-21 14:08:00,755 13768 INFO     [tempest.scenario.manager] Tenant networks not configured to be reachable.
2016-01-21 14:08:00,896 13768 INFO     [tempest_lib.common.rest_client] Request (TestNetworkAdvancedServerOps:test_server_connectivity_pause_unpause): 200 GET http://10.4.1.3:9696/v2.0/floatingips/0a5b035b-c992-4431-9d71-69b2720e6f0e 0.141s
2016-01-21 14:08:00,897 13768 DEBUG    [tempest_lib.common.rest_client] Request - Headers: {'Content-Type': 'application/json', 'Accept': 'application/json', 'X-Auth-Token': '&lt;omitted&gt;'}
        Body: None
    Response - Headers: {'status': '200', 'content-length': '369', 'content-location': 'http://10.4.1.3:9696/v2.0/floatingips/0a5b035b-c992-4431-9d71-69b2720e6f0e', 'connection': 'close', 'date': 'Thu, 21 Jan 2016 14:08:00 GMT', 'content-type': 'application/json; charset=UTF-8', 'x-openstack-request-id': 'req-8fa11cd5-7644-4de3-a313-a337fc6fb119'}
        Body: {"floatingip": {"floating_network_id": "cb043f9b-74ab-4cee-8a44-55c0445679e2", "router_id": "99a95f84-075c-4775-9b28-ea39de1a623a", "fixed_ip_address": "10.100.0.3", "floating_ip_address": "172.24.4.4", "tenant_id": "20c857ea8ea64bdbba6355b6297f33b9", "status": "ACTIVE", "port_id": "c3f85d33-9988-4f12-a0c4-a615261cd8a0", "id": "0a5b035b-c992-4431-9d71-69b2720e6f0e"}}
2016-01-21 14:08:00,897 13768 INFO     [tempest.scenario.manager] FloatingIP: &lt;"FloatingIP" addr="172.24.4.4" id="0a5b035b-c992-4431-9d71-69b2720e6f0e"&gt; is at status: ACTIVE
2016-01-21 14:08:00,898 13768 DEBUG    [tempest.scenario.manager] checking network connections to IP 172.24.4.4 with user: cirros
2016-01-21 14:08:00,898 13768 DEBUG    [tempest.scenario.manager] TestNetworkAdvancedServerOps:test_server_connectivity_pause_unpause begins to ping 172.24.4.4 in 120 sec and the expected result is reachable
2016-01-21 14:10:01,174 13768 DEBUG    [tempest.scenario.manager] TestNetworkAdvancedServerOps:test_server_connectivity_pause_unpause finishes ping 172.24.4.4 in 120 sec and the ping result is unexpected
2016-01-21 14:10:01,176 13768 ERROR    [tempest.scenario.manager] Public network connectivity check failed
2016-01-21 14:10:01.176 13768 ERROR tempest.scenario.manager Traceback (most recent call last):
2016-01-21 14:10:01.176 13768 ERROR tempest.scenario.manager   File "tempest/scenario/manager.py", line 607, in check_public_network_connectivity
2016-01-21 14:10:01.176 13768 ERROR tempest.scenario.manager     should_connect=should_connect)
2016-01-21 14:10:01.176 13768 ERROR tempest.scenario.manager   File "tempest/scenario/manager.py", line 591, in check_vm_connectivity
2016-01-21 14:10:01.176 13768 ERROR tempest.scenario.manager     msg=msg)
2016-01-21 14:10:01.176 13768 ERROR tempest.scenario.manager   File "/usr/local/lib/python2.7/dist-packages/unittest2/case.py", line 702, in assertTrue
2016-01-21 14:10:01.176 13768 ERROR tempest.scenario.manager     raise self.failureException(msg)
2016-01-21 14:10:01.176 13768 ERROR tempest.scenario.manager AssertionError: False is not true : Timed out waiting for 172.24.4.4 to become reachable
2016-01-21 14:10:01.176 13768 ERROR tempest.scenario.manager 
2016-01-21 14:10:01,553 13768 INFO     [tempest_lib.common.rest_client] Request (TestNetworkAdvancedServerOps:test_server_connectivity_pause_unpause): 200 POST http://10.4.1.3:8774/v2.1/20c857ea8ea64bdbba6355b6297f33b9/servers/597e01de-e5c2-4f9c-a31c-bd8d66e7404c/action 0.372s
2016-01-21 14:10:01,554 13768 DEBUG    [tempest_lib.common.rest_client] Request - Headers: {'Content-Type': 'application/json', 'Accept': 'application/json', 'X-Auth-Token': '&lt;omitted&gt;'}
        Body: {"os-getConsoleOutput": {}}
    Response - Headers: {'status': '200', 'content-length': '17624', 'x-compute-request-id': 'req-22a1aa17-f6f6-4a54-9878-201d921b0c89', 'vary': 'X-OpenStack-Nova-API-Version', 'connection': 'close', 'x-openstack-nova-api-version': '2.1', 'date': 'Thu, 21 Jan 2016 14:10:01 GMT', 'content-type': 'application/json'}
        Body: {"output": "[    0.000000] Initializing cgroup subsys cpuset\n[    0.000000] Initializing cgroup subsys cpu\n[    0.000000] Linux version 3.2.0-80-virtual (buildd@batsu) (gcc version 4.6.3 (Ubuntu/Linaro 4.6.3-1ubuntu5) ) #116-Ubuntu SMP Mon Mar 23 17:28:52 UTC 2015 (Ubuntu 3.2.0-80.116-virtual 3.2.68)\n[    0.000000] Command line: root=/dev/vda console=tty0 console=ttyS0 no_timer_check\n[    0.000000] KERNEL supported cpus:\n[    0.000000]   Intel GenuineIntel\n[    0.000000]   AMD AuthenticAMD\n[    0.000000]   Centaur CentaurHauls\n[    0.000000] BIOS-provided physical RAM map:\n[    0.000000]  BIOS-e820: 0000000000000000 - 000000000009fc00 (usable)\n[    0.000000]  BIOS-e820: 000000000009fc00 - 00000000000a0000 (reserved)\n[    0.000000]  BIOS-e820: 00000000000f0000 - 0000000000100000 (reserved)\n[    0.000000]  BIOS-e820: 0000000000100000 - 0000000003ffe000 (usable)\n[    0.000000]  BIOS-e820: 0000000003ffe000 - 0000000004000000 (reserved)\n[    0.000000]  BIOS-e820: 00000000fffc0000 - 0000000100000000 (reserved)\n[    0.000000] NX (Execute Disable) protection: active\n[    0.000000] SMBIOS 2.4 present.\n[    0.000000] No AGP bridge found\n[    0.000000] last_pfn = 0x3ffe max_arch_pfn = 0x400000000\n[    0.000000] x86 PAT enabled: cpu 0, old 0x7040600070406, new 0x7010600070106\n[    0.000000] found SMP MP-table at [ffff8800000f0b00] f0b00\n[    0.000000] init_memory_mapping: 0000000000000000-0000000003ffe000\n[    0.000000] RAMDISK: 03c5e000 - 03ff0000\n[    0.000000] ACPI: RSDP 00000000000f0950 00014 (v00 BOCHS )\n[    0.000000] ACPI: RSDT 0000000003fffbc1 00034 (v01 BOCHS  BXPCRSDT 00000001 BXPC 00000001)\n[    0.000000] ACPI: FACP 0000000003fff1c0 00074 (v01 BOCHS  BXPCFACP 00000001 BXPC 00000001)\n[    0.000000] ACPI: DSDT 0000000003ffe040 01180 (v01 BOCHS  BXPCDSDT 00000001 BXPC 00000001)\n[    0.000000] ACPI: FACS 0000000003ffe000 00040\n[    0.000000] ACPI: SSDT 0000000003fff234 008DD (v01 BOCHS  BXPCSSDT 00000001 BXPC 00000001)\n[    0.000000] ACPI: APIC 0000000003fffb11 00078 (v01 BOCHS  BXPCAPIC 00000001 BXPC 00000001)\n[    0.000000] ACPI: HPET 0000000003fffb89 00038 (v01 BOCHS  BXPCHPET 00000001 BXPC 00000001)\n[    0.000000] No NUMA configuration found\n[    0.000000] Faking a node at 0000000000000000-0000000003ffe000\n[    0.000000] Initmem setup node 0 0000000000000000-0000000003ffe000\n[    0.000000]   NODE_DATA [0000000003ff6000 - 0000000003ffafff]\n[    0.000000] Zone PFN ranges:\n[    0.000000]   DMA      0x00000010 -&gt; 0x00001000\n[    0.000000]   DMA32    0x00001000 -&gt; 0x00100000\n[    0.000000]   Normal   empty\n[    0.000000] Movable zone start PFN for each node\n[    0.000000] early_node_map[2] active PFN ranges\n[    0.000000]     0: 0x00000010 -&gt; 0x0000009f\n[    0.000000]     0: 0x00000100 -&gt; 0x00003ffe\n[    0.000000] ACPI: PM-Timer IO Port: 0xb008\n[    0.000000] ACPI: LAPIC (acpi_id[0x00] lapic_id[0x00] enabled)\n[    0.000000] ACPI: LAPIC_NMI (acpi_id[0xff] dfl dfl lint[0x1])\n[    0.000000] ACPI: IOAPIC (id[0x00] address[0xfec00000] gsi_base[0])\n[    0.000000] IOAPIC[0]: apic_id 0, version 17, address 0xfec00000, GSI 0-23\n[    0.000000] ACPI: INT_SRC_OVR (bus 0 bus_irq 0 global_irq 2 dfl dfl)\n[    0.000000] ACPI: INT_SRC_OVR (bus 0 bus_irq 5 global_irq 5 high level)\n[    0.000000] ACPI: INT_SRC_OVR (bus 0 bus_irq 9 global_irq 9 high level)\n[    0.000000] ACPI: INT_SRC_OVR (bus 0 bus_irq 10 global_irq 10 high level)\n[    0.000000] ACPI: INT_SRC_OVR (bus 0 bus_irq 11 global_irq 11 high level)\n[    0.000000] Using ACPI (MADT) for SMP configuration information\n[    0.000000] ACPI: HPET id: 0x8086a201 base: 0xfed00000\n[    0.000000] SMP: Allowing 1 CPUs, 0 hotplug CPUs\n[    0.000000] PM: Registered nosave memory: 000000000009f000 - 00000000000a0000\n[    0.000000] PM: Registered nosave memory: 00000000000a0000 - 00000000000f0000\n[    0.000000] PM: Registered nosave memory: 00000000000f0000 - 0000000000100000\n[    0.000000] Allocating PCI resources starting at 4000000 (gap: 4000000:fbfc0000)\n[    0.000000] Booting paravirtualized kernel on bare hardware\n[    0.000000] setup_pe
2016-01-21 14:10:01,558 13768 DEBUG    [tempest.scenario.manager] Console output for 597e01de-e5c2-4f9c-a31c-bd8d66e7404c
body=
[    0.000000] Initializing cgroup subsys cpuset
[    0.000000] Initializing cgroup subsys cpu
[    0.000000] Linux version 3.2.0-80-virtual (buildd@batsu) (gcc version 4.6.3 (Ubuntu/Linaro 4.6.3-1ubuntu5) ) #116-Ubuntu SMP Mon Mar 23 17:28:52 UTC 2015 (Ubuntu 3.2.0-80.116-virtual 3.2.68)
[    0.000000] Command line: root=/dev/vda console=tty0 console=ttyS0 no_timer_check
[    0.000000] KERNEL supported cpus:
[    0.000000]   Intel GenuineIntel
[    0.000000]   AMD AuthenticAMD
[    0.000000]   Centaur CentaurHauls
[    0.000000] BIOS-provided physical RAM map:
[    0.000000]  BIOS-e820: 0000000000000000 - 000000000009fc00 (usable)
[    0.000000]  BIOS-e820: 000000000009fc00 - 00000000000a0000 (reserved)
[    0.000000]  BIOS-e820: 00000000000f0000 - 0000000000100000 (reserved)
[    0.000000]  BIOS-e820: 0000000000100000 - 0000000003ffe000 (usable)
[    0.000000]  BIOS-e820: 0000000003ffe000 - 0000000004000000 (reserved)
[    0.000000]  BIOS-e820: 00000000fffc0000 - 0000000100000000 (reserved)
[    0.000000] NX (Execute Disable) protection: active
[    0.000000] SMBIOS 2.4 present.
[    0.000000] No AGP bridge found
[    0.000000] last_pfn = 0x3ffe max_arch_pfn = 0x400000000
[    0.000000] x86 PAT enabled: cpu 0, old 0x7040600070406, new 0x7010600070106
[    0.000000] found SMP MP-table at [ffff8800000f0b00] f0b00
[    0.000000] init_memory_mapping: 0000000000000000-0000000003ffe000
[    0.000000] RAMDISK: 03c5e000 - 03ff0000
[    0.000000] ACPI: RSDP 00000000000f0950 00014 (v00 BOCHS )
[    0.000000] ACPI: RSDT 0000000003fffbc1 00034 (v01 BOCHS  BXPCRSDT 00000001 BXPC 00000001)
[    0.000000] ACPI: FACP 0000000003fff1c0 00074 (v01 BOCHS  BXPCFACP 00000001 BXPC 00000001)
[    0.000000] ACPI: DSDT 0000000003ffe040 01180 (v01 BOCHS  BXPCDSDT 00000001 BXPC 00000001)
[    0.000000] ACPI: FACS 0000000003ffe000 00040
[    0.000000] ACPI: SSDT 0000000003fff234 008DD (v01 BOCHS  BXPCSSDT 00000001 BXPC 00000001)
[    0.000000] ACPI: APIC 0000000003fffb11 00078 (v01 BOCHS  BXPCAPIC 00000001 BXPC 00000001)
[    0.000000] ACPI: HPET 0000000003fffb89 00038 (v01 BOCHS  BXPCHPET 00000001 BXPC 00000001)
[    0.000000] No NUMA configuration found
[    0.000000] Faking a node at 0000000000000000-0000000003ffe000
[    0.000000] Initmem setup node 0 0000000000000000-0000000003ffe000
[    0.000000]   NODE_DATA [0000000003ff6000 - 0000000003ffafff]
[    0.000000] Zone PFN ranges:
[    0.000000]   DMA      0x00000010 -&gt; 0x00001000
[    0.000000]   DMA32    0x00001000 -&gt; 0x00100000
[    0.000000]   Normal   empty
[    0.000000] Movable zone start PFN for each node
[    0.000000] early_node_map[2] active PFN ranges
[    0.000000]     0: 0x00000010 -&gt; 0x0000009f
[    0.000000]     0: 0x00000100 -&gt; 0x00003ffe
[    0.000000] ACPI: PM-Timer IO Port: 0xb008
[    0.000000] ACPI: LAPIC (acpi_id[0x00] lapic_id[0x00] enabled)
[    0.000000] ACPI: LAPIC_NMI (acpi_id[0xff] dfl dfl lint[0x1])
[    0.000000] ACPI: IOAPIC (id[0x00] address[0xfec00000] gsi_base[0])
[    0.000000] IOAPIC[0]: apic_id 0, version 17, address 0xfec00000, GSI 0-23
[    0.000000] ACPI: INT_SRC_OVR (bus 0 bus_irq 0 global_irq 2 dfl dfl)
[    0.000000] ACPI: INT_SRC_OVR (bus 0 bus_irq 5 global_irq 5 high level)
[    0.000000] ACPI: INT_SRC_OVR (bus 0 bus_irq 9 global_irq 9 high level)
[    0.000000] ACPI: INT_SRC_OVR (bus 0 bus_irq 10 global_irq 10 high level)
[    0.000000] ACPI: INT_SRC_OVR (bus 0 bus_irq 11 global_irq 11 high level)
[    0.000000] Using ACPI (MADT) for SMP configuration information
[    0.000000] ACPI: HPET id: 0x8086a201 base: 0xfed00000
[    0.000000] SMP: Allowing 1 CPUs, 0 hotplug CPUs
[    0.000000] PM: Registered nosave memory: 000000000009f000 - 00000000000a0000
[    0.000000] PM: Registered nosave memory: 00000000000a0000 - 00000000000f0000
[    0.000000] PM: Registered nosave memory: 00000000000f0000 - 0000000000100000
[    0.000000] Allocating PCI resources starting at 4000000 (gap: 4000000:fbfc0000)
[    0.000000] Booting paravirtualized kernel on bare hardware
[    0.000000] setup_percpu: NR_CPUS:64 nr_cpumask_bits:64 nr_cpu_ids:1 nr_node_ids:1
[    0.000000] PERCPU: Embedded 27 pages/cpu @ffff880003a00000 s78848 r8192 d23552 u2097152
[    0.000000] Built 1 zonelists in Node order, mobility grouping on.  Total pages: 16008
[    0.000000] Policy zone: DMA32
[    0.000000] Kernel command line: root=/dev/vda console=tty0 console=ttyS0 no_timer_check
[    0.000000] PID hash table entries: 256 (order: -1, 2048 bytes)
[    0.000000] Checking aperture...
[    0.000000] No AGP bridge found
[    0.000000] Memory: 43492k/65528k available (6576k kernel code, 452k absent, 21584k reserved, 6620k data, 928k init)
[    0.000000] SLUB: Genslabs=15, HWalign=64, Order=0-3, MinObjects=0, CPUs=1, Nodes=1
[    0.000000] Hierarchical RCU implementation.
[    0.000000] 	RCU dyntick-idle grace-period acceleration is enabled.
[    0.000000] NR_IRQS:4352 nr_irqs:256 16
[    0.000000] Console: colour VGA+ 80x25
[    0.000000] console [tty0] enabled
[    0.000000] console [ttyS0] enabled
[    0.000000] allocated 1048576 bytes of page_cgroup
[    0.000000] please try 'cgroup_disable=memory' option if you don't want memory cgroups
[    0.000000] Fast TSC calibration failed
[    0.000000] TSC: Unable to calibrate against PIT
[    0.000000] TSC: using HPET reference calibration
[    0.000000] Detected 2292.460 MHz processor.
[    0.028850] Calibrating delay loop (skipped), value calculated using timer frequency.. 4584.92 BogoMIPS (lpj=9169840)
[    0.032758] pid_max: default: 32768 minimum: 301
[    0.041378] Security Framework initialized
[    0.045652] AppArmor: AppArmor initialized
[    0.046336] Yama: becoming mindful.
[    0.052702] Dentry cache hash table entries: 8192 (order: 4, 65536 bytes)
[    0.054337] Inode-cache hash table entries: 4096 (order: 3, 32768 bytes)
[    0.056556] Mount-cache hash table entries: 256
[    0.071342] Initializing cgroup subsys cpuacct
[    0.072345] Initializing cgroup subsys memory
[    0.073742] Initializing cgroup subsys devices
[    0.074496] Initializing cgroup subsys freezer
[    0.076142] Initializing cgroup subsys blkio
[    0.076868] Initializing cgroup subsys perf_event
[    0.081387] mce: CPU supports 10 MCE banks
[    0.084720] SMP alternatives: switching to UP code
[    0.449185] Freeing SMP alternatives: 24k freed
[    0.450873] ACPI: Core revision 20110623
[    0.494490] ftrace: allocating 26610 entries in 105 pages
[    0.531622] ..TIMER: vector=0x30 apic1=0 pin1=2 apic2=-1 pin2=-1
[    0.532240] CPU0: AMD QEMU Virtual CPU version 2.0.0 stepping 03
[    0.536032] APIC calibration not consistent with PM-Timer: 98ms instead of 100ms
[    0.536032] APIC delta adjusted to PM-Timer: 6248054 (6162491)
[    0.536032] Performance Events: Broken PMU hardware detected, using software events only.
[    0.545509] NMI watchdog disabled (cpu0): hardware events not enabled
[    0.547393] Brought up 1 CPUs
[    0.548442] Total of 1 processors activated (4584.92 BogoMIPS).
[    0.578525] devtmpfs: initialized
[    0.615354] EVM: security.selinux
[    0.616084] EVM: security.SMACK64
[    0.616574] EVM: security.capability
[    0.637372] print_constraints: dummy: 
[    0.639352] RTC time: 14:08:01, date: 01/21/16
[    0.644912] NET: Registered protocol family 16
[    0.659046] ACPI: bus type pci registered
[    0.662283] PCI: Using configuration type 1 for base access
[    0.695357] bio: create slab &lt;bio-0&gt; at 0
[    0.700662] ACPI: Added _OSI(Module Device)
[    0.701241] ACPI: Added _OSI(Processor Device)
[    0.701778] ACPI: Added _OSI(3.0 _SCP Extensions)
[    0.702364] ACPI: Added _OSI(Processor Aggregator Device)
[    0.785260] ACPI: Interpreter enabled
[    0.785811] ACPI: (supports S0 S3 S4 S5)
[    0.788436] ACPI: Using IOAPIC for interrupt routing
[    0.861447] ACPI: No dock devices found.
[    0.862141] HEST: Table not found.
[    0.862719] PCI: Using host bridge windows from ACPI; if necessary, use "pci=nocrs" and report a bug
[    0.869526] ACPI: PCI Root Bridge [PCI0] (domain 0000 [bus 00-ff])
[    0.875041] pci_root PNP0A03:00: host bridge window [io  0x0000-0x0cf7]
[    0.876154] pci_root PNP0A03:00: host bridge window [io  0x0d00-0xadff]
[    0.877000] pci_root PNP0A03:00: host bridge window [io  0xae0f-0xaeff]
[    0.877893] pci_root PNP0A03:00: host bridge window [io  0xaf20-0xafdf]
[    0.880112] pci_root PNP0A03:00: host bridge window [io  0xafe4-0xffff]
[    0.881143] pci_root PNP0A03:00: host bridge window [mem 0x000a0000-0x000bffff]
[    0.882056] pci_root PNP0A03:00: host bridge window [mem 0x04000000-0xfebfffff]
[    0.906293] pci 0000:00:01.3: quirk: [io  0xb000-0xb03f] claimed by PIIX4 ACPI
[    0.908172] pci 0000:00:01.3: quirk: [io  0xb100-0xb10f] claimed by PIIX4 SMB
[    0.977845]  pci0000:00: Unable to request _OSC control (_OSC support mask: 0x1e)
[    1.044255] ACPI: PCI Interrupt Link [LNKA] (IRQs 5 *10 11)
[    1.046341] ACPI: PCI Interrupt Link [LNKB] (IRQs 5 *10 11)
[    1.048583] ACPI: PCI Interrupt Link [LNKC] (IRQs 5 10 *11)
[    1.050314] ACPI: PCI Interrupt Link [LNKD] (IRQs 5 10 *11)
[    1.052161] ACPI: PCI Interrupt Link [LNKS] (IRQs *9)
[    1.058260] vgaarb: device added: PCI:0000:00:02.0,decodes=io+mem,owns=io+mem,locks=none
[    1.059239] vgaarb: loaded
[    1.060178] vgaarb: bridge control possible 0000:00:02.0
[    1.064381] i2c-core: driver [aat2870] using legacy suspend method
[    1.065282] i2c-core: driver [aat2870] using legacy resume method
[    1.068221] SCSI subsystem initialized
[    1.071300] usbcore: registered new interface driver usbfs
[    1.072716] usbcore: registered new interface driver hub
[    1.073884] usbcore: registered new device driver usb
[    1.078837] PCI: Using ACPI for IRQ routing
[    1.093949] NetLabel: Initializing
[    1.094547] NetLabel:  domain hash size = 128
[    1.095279] NetLabel:  protocols = UNLABELED CIPSOv4
[    1.098037] NetLabel:  unlabeled traffic allowed by default
[    1.101725] HPET: 3 timers in total, 0 timers will be used for per-cpu timer
[    1.102831] hpet0: at MMIO 0xfed00000, IRQs 2, 8, 0
[    1.105966] hpet0: 3 comparators, 64-bit 100.000000 MHz counter
[    1.126068] Switching to clocksource hpet
[    1.384138] AppArmor: AppArmor Filesystem Enabled
[    1.386957] pnp: PnP ACPI init
[    1.387690] ACPI: bus type pnp registered
[    1.416251] pnp: PnP ACPI: found 9 devices
[    1.418061] ACPI: ACPI bus type pnp unregistered
[    1.478405] NET: Registered protocol family 2
[    1.513857] IP route cache hash table entries: 512 (order: 0, 4096 bytes)
[    1.521420] TCP established hash table entries: 2048 (order: 3, 32768 bytes)
[    1.522488] TCP bind hash table entries: 2048 (order: 3, 32768 bytes)
[    1.523411] TCP: Hash tables configured (established 2048 bind 2048)
[    1.524842] TCP reno registered
[    1.526784] UDP hash table entries: 128 (order: 0, 4096 bytes)
[    1.527674] UDP-Lite hash table entries: 128 (order: 0, 4096 bytes)
[    1.530985] NET: Registered protocol family 1
[    1.531821] pci 0000:00:00.0: Limiting direct PCI/PCI transfers
[    1.533219] pci 0000:00:01.0: PIIX3: Enabling Passive Release
[    1.534148] pci 0000:00:01.0: Activating ISA DMA hang workarounds
[    1.538779] ACPI: PCI Interrupt Link [LNKD] enabled at IRQ 11
[    1.539699] pci 0000:00:01.2: PCI INT D -&gt; Link[LNKD] -&gt; GSI 11 (level, high) -&gt; IRQ 11
[    1.542448] pci 0000:00:01.2: PCI INT D disabled
[    1.559767] Trying to unpack rootfs image as initramfs...
[    1.586815] audit: initializing netlink socket (disabled)
[    1.588378] type=2000 audit(1453385281.584:1): initialized
[    1.831988] HugeTLB registered 2 MB page size, pre-allocated 0 pages
[    1.910882] VFS: Disk quotas dquot_6.5.2
[    1.912849] Dquot-cache hash table entries: 512 (order 0, 4096 bytes)
[    1.935061] fuse init (API version 7.17)
[    1.938546] msgmni has been set to 84
[    1.972146] Block layer SCSI generic (bsg) driver version 0.4 loaded (major 253)
[    1.981798] io scheduler noop registered
[    1.982307] io scheduler deadline registered (default)
[    1.983479] io scheduler cfq registered
[    1.991207] pci_hotplug: PCI Hot Plug PCI Core version: 0.5
[    1.995964] pciehp: PCI Express Hot Plug Controller Driver version: 0.4
[    2.003897] input: Power Button as /devices/LNXSYSTM:00/LNXPWRBN:00/input/input0
[    2.006735] ACPI: Power Button [PWRF]
[    2.058330] ERST: Table is not found!
[    2.058836] GHES: HEST is not enabled!
[    2.067386] ACPI: PCI Interrupt Link [LNKC] enabled at IRQ 10
[    2.068585] virtio-pci 0000:00:03.0: PCI INT A -&gt; Link[LNKC] -&gt; GSI 10 (level, high) -&gt; IRQ 10
[    2.073274] virtio-pci 0000:00:04.0: PCI INT A -&gt; Link[LNKD] -&gt; GSI 11 (level, high) -&gt; IRQ 11
[    2.099533] ACPI: PCI Interrupt Link [LNKA] enabled at IRQ 10
[    2.100850] virtio-pci 0000:00:05.0: PCI INT A -&gt; Link[LNKA] -&gt; GSI 10 (level, high) -&gt; IRQ 10
[    2.106926] Serial: 8250/16550 driver, 32 ports, IRQ sharing enabled
[    2.149100] serial8250: ttyS0 at I/O 0x3f8 (irq = 4) is a 16550A
[    2.233173] serial8250: ttyS1 at I/O 0x2f8 (irq = 3) is a 16550A
[    2.383534] 00:05: ttyS0 at I/O 0x3f8 (irq = 4) is a 16550A
[    2.467057] 00:06: ttyS1 at I/O 0x2f8 (irq = 3) is a 16550A
[    2.522849] Linux agpgart interface v0.103
[    2.549138] Refined TSC clocksource calibration: 2293.297 MHz.
[    2.550255] Switching to clocksource tsc
[    2.595874] brd: module loaded
[    2.627338] loop: module loaded
[    2.686541]  vda: unknown partition table
[    2.745053] scsi0 : ata_piix
[    2.747532] scsi1 : ata_piix
[    2.749781] ata1: PATA max MWDMA2 cmd 0x1f0 ctl 0x3f6 bmdma 0xc0a0 irq 14
[    2.750693] ata2: PATA max MWDMA2 cmd 0x170 ctl 0x376 bmdma 0xc0a8 irq 15
[    2.761398] Fixed MDIO Bus: probed
[    2.762341] tun: Universal TUN/TAP device driver, 1.6
[    2.763030] tun: (C) 1999-2004 Max Krasnyansky &lt;maxk@qualcomm.com&gt;
[    2.779411] PPP generic driver version 2.4.2
[    2.806574] ehci_hcd: USB 2.0 'Enhanced' Host Controller (EHCI) Driver
[    2.809011] ohci_hcd: USB 1.1 'Open' Host Controller (OHCI) Driver
[    2.812064] uhci_hcd: USB Universal Host Controller Interface driver
[    2.814771] uhci_hcd 0000:00:01.2: PCI INT D -&gt; Link[LNKD] -&gt; GSI 11 (level, high) -&gt; IRQ 11
[    2.818235] uhci_hcd 0000:00:01.2: UHCI Host Controller
[    2.834092] uhci_hcd 0000:00:01.2: new USB bus registered, assigned bus number 1
[    2.835524] uhci_hcd 0000:00:01.2: irq 11, io base 0x0000c040
[    2.859786] hub 1-0:1.0: USB hub found
[    2.862701] hub 1-0:1.0: 2 ports detected
[    2.871988] usbcore: registered new interface driver libusual
[    2.879104] i8042: PNP: PS/2 Controller [PNP0303:KBD,PNP0f13:MOU] at 0x60,0x64 irq 1,12
[    2.891888] serio: i8042 KBD port at 0x60,0x64 irq 1
[    2.894531] serio: i8042 AUX port at 0x60,0x64 irq 12
[    2.939448] mousedev: PS/2 mouse device common for all mice
[    2.971520] rtc_cmos 00:01: RTC can wake from S4
[    2.983732] ata2.01: ATAPI: QEMU DVD-ROM, 2.0.0, max UDMA/100
[    2.999659] input: AT Translated Set 2 keyboard as /devices/platform/i8042/serio0/input/input1
[    3.019540] rtc_cmos 00:01: rtc core: registered rtc_cmos as rtc0
[    3.024096] rtc0: alarms up to one day, 114 bytes nvram, hpet irqs
[    3.027567] device-mapper: uevent: version 1.0.3
[    3.047622] ata2.01: configured for MWDMA2
[    3.054530] device-mapper: ioctl: 4.22.0-ioctl (2011-10-19) initialised: dm-devel@redhat.com
[    3.058896] cpuidle: using governor ladder
[    3.061291] cpuidle: using governor menu
[    3.063955] EFI Variables Facility v0.08 2004-May-17
[    3.075608] TCP cubic registered
[    3.079889] NET: Registered protocol family 10
[    3.114361] NET: Registered protocol family 17
[    3.115450] Registering the dns_resolver key type
[    3.141880] scsi 1:0:1:0: CD-ROM            QEMU     QEMU DVD-ROM     2.0. PQ: 0 ANSI: 5
[    3.162570] sr0: scsi3-mmc drive: 4x/4x cd/rw xa/form2 tray
[    3.164517] cdrom: Uniform CD-ROM driver Revision: 3.20
[    3.179820] sr 1:0:1:0: Attached scsi generic sg0 type 5
[    3.248051] registered taskstats version 1
[    3.269547] Freeing initrd memory: 3656k freed
[    3.756452]   Magic number: 0:97:132
[    3.763475] acpi device:07: hash matches
[    3.768995] rtc_cmos 00:01: setting system clock to 2016-01-21 14:08:04 UTC (1453385284)
[    3.776177] powernow-k8: Processor cpuid 663 not supported
[    3.784834] BIOS EDD facility v0.16 2004-Jun-25, 0 devices found
[    3.786577] EDD information not available.
[    3.863361] Freeing unused kernel memory: 928k freed
[    3.868933] Write protecting the kernel read-only data: 12288k
[    3.954756] Freeing unused kernel memory: 1596k freed
[    4.012118] Freeing unused kernel memory: 1184k freed

info: initramfs: up at 4.17
modprobe: module virtio_blk not found in modules.dep
modprobe: module virtio_net not found in modules.dep
info: copying initramfs to /dev/vda
info: initramfs loading root from /dev/vda
info: /etc/init.d/rc.sysinit: up at 8.61
info: container: none
Starting logging: OK
modprobe: module virtio_blk not found in modules.dep
modprobe: module virtio_net not found in modules.dep
WARN: /etc/rc3.d/S10-load-modules failed
Initializing random number generator... done.
Starting acpid: OK
cirros-ds 'local' up at 11.09
found datasource (configdrive, local)
Starting network...
udhcpc (v1.20.1) started
Sending discover...
Sending discover...

2016-01-21 14:10:02,033 13768 INFO     [tempest_lib.common.rest_client] Request (TestNetworkAdvancedServerOps:_run_cleanups): 204 DELETE http://10.4.1.3:9696/v2.0/floatingips/0a5b035b-c992-4431-9d71-69b2720e6f0e 0.467s
2016-01-21 14:10:02,034 13768 DEBUG    [tempest_lib.common.rest_client] Request - Headers: {'Content-Type': 'application/json', 'Accept': 'application/json', 'X-Auth-Token': '&lt;omitted&gt;'}
        Body: None
    Response - Headers: {'date': 'Thu, 21 Jan 2016 14:10:02 GMT', 'status': '204', 'connection': 'close', 'content-length': '0', 'x-openstack-request-id': 'req-d64d83be-7832-466b-8a82-605aa5453839'}
        Body: 
2016-01-21 14:10:02,380 13768 INFO     [tempest_lib.common.rest_client] Request (TestNetworkAdvancedServerOps:_run_cleanups): 204 DELETE http://10.4.1.3:8774/v2.1/20c857ea8ea64bdbba6355b6297f33b9/servers/597e01de-e5c2-4f9c-a31c-bd8d66e7404c 0.346s
2016-01-21 14:10:02,381 13768 DEBUG    [tempest_lib.common.rest_client] Request - Headers: {'Content-Type': 'application/json', 'Accept': 'application/json', 'X-Auth-Token': '&lt;omitted&gt;'}
        Body: None
    Response - Headers: {'status': '204', 'content-length': '0', 'x-compute-request-id': 'req-5f16c715-fa0d-459a-9427-56edc7257e2d', 'vary': 'X-OpenStack-Nova-API-Version', 'connection': 'close', 'x-openstack-nova-api-version': '2.1', 'date': 'Thu, 21 Jan 2016 14:10:02 GMT', 'content-type': 'application/json'}
        Body: 
2016-01-21 14:10:03,237 13768 INFO     [tempest_lib.common.rest_client] Request (TestNetworkAdvancedServerOps:_run_cleanups): 200 GET http://10.4.1.3:8774/v2.1/20c857ea8ea64bdbba6355b6297f33b9/servers/597e01de-e5c2-4f9c-a31c-bd8d66e7404c 0.855s
2016-01-21 14:10:03,238 13768 DEBUG    [tempest_lib.common.rest_client] Request - Headers: {'Content-Type': 'application/json', 'Accept': 'application/json', 'X-Auth-Token': '&lt;omitted&gt;'}
        Body: None
    Response - Headers: {'status': '200', 'content-length': '1782', 'content-location': 'http://10.4.1.3:8774/v2.1/20c857ea8ea64bdbba6355b6297f33b9/servers/597e01de-e5c2-4f9c-a31c-bd8d66e7404c', 'x-compute-request-id': 'req-264461f5-2a0e-4733-a3f0-e86cfb9d35c7', 'vary': 'X-OpenStack-Nova-API-Version', 'connection': 'close', 'x-openstack-nova-api-version': '2.1', 'date': 'Thu, 21 Jan 2016 14:10:03 GMT', 'content-type': 'application/json'}
        Body: {"server": {"status": "ACTIVE", "updated": "2016-01-21T14:10:02Z", "hostId": "c655554db5f1e2b6b2c102bdd260a6304a8179b3fde010bc0ff7068f", "addresses": {"tempest-network-smoke--1811317976": [{"OS-EXT-IPS-MAC:mac_addr": "fa:16:3e:c9:72:cb", "version": 4, "addr": "10.100.0.3", "OS-EXT-IPS:type": "fixed"}, {"OS-EXT-IPS-MAC:mac_addr": "fa:16:3e:c9:72:cb", "version": 4, "addr": "172.24.4.4", "OS-EXT-IPS:type": "floating"}]}, "links": [{"href": "http://10.4.1.3:8774/v2.1/20c857ea8ea64bdbba6355b6297f33b9/servers/597e01de-e5c2-4f9c-a31c-bd8d66e7404c", "rel": "self"}, {"href": "http://10.4.1.3:8774/20c857ea8ea64bdbba6355b6297f33b9/servers/597e01de-e5c2-4f9c-a31c-bd8d66e7404c", "rel": "bookmark"}], "key_name": "tempest-TestNetworkAdvancedServerOps-1421708886", "image": {"id": "2ce717a6-7af9-4f53-acdb-825b2a7ece7b", "links": [{"href": "http://10.4.1.3:8774/20c857ea8ea64bdbba6355b6297f33b9/images/2ce717a6-7af9-4f53-acdb-825b2a7ece7b", "rel": "bookmark"}]}, "OS-EXT-STS:task_state": "deleting", "OS-EXT-STS:vm_state": "active", "OS-SRV-USG:launched_at": "2016-01-21T14:07:57.000000", "flavor": {"id": "42", "links": [{"href": "http://10.4.1.3:8774/20c857ea8ea64bdbba6355b6297f33b9/flavors/42", "rel": "bookmark"}]}, "id": "597e01de-e5c2-4f9c-a31c-bd8d66e7404c", "security_groups": [{"name": "tempest-secgroup-smoke-1999981774"}], "OS-SRV-USG:terminated_at": null, "OS-EXT-AZ:availability_zone": "nova", "user_id": "a54a1d4b341743b991a708fa72dc6c41", "name": "tempest.common.compute-instance-1507033603", "created": "2016-01-21T14:07:52Z", "tenant_id": "20c857ea8ea64bdbba6355b6297f33b9", "OS-DCF:diskConfig": "MANUAL", "os-extended-volumes:volumes_attached": [], "accessIPv4": "", "accessIPv6": "", "progress": 0, "OS-EXT-STS:power_state": 1, "config_drive": "True", "metadata": {}}}
2016-01-21 14:10:04,496 13768 INFO     [tempest_lib.common.rest_client] Request (TestNetworkAdvancedServerOps:_run_cleanups): 404 GET http://10.4.1.3:8774/v2.1/20c857ea8ea64bdbba6355b6297f33b9/servers/597e01de-e5c2-4f9c-a31c-bd8d66e7404c 0.246s
2016-01-21 14:10:04,497 13768 DEBUG    [tempest_lib.common.rest_client] Request - Headers: {'Content-Type': 'application/json', 'Accept': 'application/json', 'X-Auth-Token': '&lt;omitted&gt;'}
        Body: None
    Response - Headers: {'status': '404', 'content-length': '111', 'x-compute-request-id': 'req-8db6ab02-3f94-4496-b281-db7b918fae23', 'vary': 'X-OpenStack-Nova-API-Version', 'connection': 'close', 'x-openstack-nova-api-version': '2.1', 'date': 'Thu, 21 Jan 2016 14:10:04 GMT', 'content-type': 'application/json; charset=UTF-8'}
        Body: {"itemNotFound": {"message": "Instance 597e01de-e5c2-4f9c-a31c-bd8d66e7404c could not be found.", "code": 404}}
2016-01-21 14:10:05,115 13768 INFO     [tempest_lib.common.rest_client] Request (TestNetworkAdvancedServerOps:_run_cleanups): 200 PUT http://10.4.1.3:9696/v2.0/routers/99a95f84-075c-4775-9b28-ea39de1a623a/remove_router_interface 0.617s
2016-01-21 14:10:05,116 13768 DEBUG    [tempest_lib.common.rest_client] Request - Headers: {'Content-Type': 'application/json', 'Accept': 'application/json', 'X-Auth-Token': '&lt;omitted&gt;'}
        Body: {"subnet_id": "6da6d8f0-adc5-4a2b-adf7-f124a7ed48d7"}
    Response - Headers: {'status': '200', 'content-length': '255', 'connection': 'close', 'date': 'Thu, 21 Jan 2016 14:10:05 GMT', 'content-type': 'application/json; charset=UTF-8', 'x-openstack-request-id': 'req-d5d4549e-c365-464e-9cf0-02c52dac81e9'}
        Body: {"subnet_id": "6da6d8f0-adc5-4a2b-adf7-f124a7ed48d7", "tenant_id": "20c857ea8ea64bdbba6355b6297f33b9", "subnet_ids": ["6da6d8f0-adc5-4a2b-adf7-f124a7ed48d7"], "port_id": "3cc6c89b-2096-47fa-93ea-7e58e962735c", "id": "99a95f84-075c-4775-9b28-ea39de1a623a"}
2016-01-21 14:10:05,785 13768 INFO     [tempest_lib.common.rest_client] Request (TestNetworkAdvancedServerOps:_run_cleanups): 204 DELETE http://10.4.1.3:9696/v2.0/subnets/6da6d8f0-adc5-4a2b-adf7-f124a7ed48d7 0.668s
2016-01-21 14:10:05,786 13768 DEBUG    [tempest_lib.common.rest_client] Request - Headers: {'Content-Type': 'application/json', 'Accept': 'application/json', 'X-Auth-Token': '&lt;omitted&gt;'}
        Body: None
    Response - Headers: {'date': 'Thu, 21 Jan 2016 14:10:05 GMT', 'status': '204', 'connection': 'close', 'content-length': '0', 'x-openstack-request-id': 'req-9e520759-87df-4f0b-9521-ac962713479a'}
        Body: 
2016-01-21 14:10:05,972 13768 INFO     [tempest_lib.common.rest_client] Request (TestNetworkAdvancedServerOps:_run_cleanups): 200 GET http://10.4.1.3:9696/v2.0/routers/99a95f84-075c-4775-9b28-ea39de1a623a 0.186s
2016-01-21 14:10:05,973 13768 DEBUG    [tempest_lib.common.rest_client] Request - Headers: {'Content-Type': 'application/json', 'Accept': 'application/json', 'X-Auth-Token': '&lt;omitted&gt;'}
        Body: None
    Response - Headers: {'status': '200', 'content-length': '564', 'content-location': 'http://10.4.1.3:9696/v2.0/routers/99a95f84-075c-4775-9b28-ea39de1a623a', 'connection': 'close', 'date': 'Thu, 21 Jan 2016 14:10:05 GMT', 'content-type': 'application/json; charset=UTF-8', 'x-openstack-request-id': 'req-a7123a57-9c38-4d37-8920-6d857051b427'}
        Body: {"router": {"status": "ACTIVE", "external_gateway_info": {"network_id": "cb043f9b-74ab-4cee-8a44-55c0445679e2", "enable_snat": true, "external_fixed_ips": [{"subnet_id": "0f08ef39-08e3-45d7-bec5-625a825058aa", "ip_address": "172.24.4.3"}, {"subnet_id": "44d2994d-e813-451c-aac4-edb8814934c2", "ip_address": "2001:db8::4"}]}, "availability_zone_hints": [], "availability_zones": ["nova"], "name": "tempest-router-smoke-2085135035", "admin_state_up": true, "tenant_id": "20c857ea8ea64bdbba6355b6297f33b9", "routes": [], "id": "99a95f84-075c-4775-9b28-ea39de1a623a"}}
2016-01-21 14:10:06,824 13768 INFO     [tempest_lib.common.rest_client] Request (TestNetworkAdvancedServerOps:_run_cleanups): 200 PUT http://10.4.1.3:9696/v2.0/routers/99a95f84-075c-4775-9b28-ea39de1a623a 0.850s
2016-01-21 14:10:06,824 13768 DEBUG    [tempest_lib.common.rest_client] Request - Headers: {'Content-Type': 'application/json', 'Accept': 'application/json', 'X-Auth-Token': '&lt;omitted&gt;'}
        Body: {"router": {"external_gateway_info": {}, "name": "tempest-router-smoke-2085135035", "admin_state_up": true}}
    Response - Headers: {'status': '200', 'content-length': '302', 'connection': 'close', 'date': 'Thu, 21 Jan 2016 14:10:06 GMT', 'content-type': 'application/json; charset=UTF-8', 'x-openstack-request-id': 'req-3cc92a52-c045-4cf0-bc6a-7f26fd08738b'}
        Body: {"router": {"status": "ACTIVE", "external_gateway_info": null, "availability_zone_hints": [], "availability_zones": ["nova"], "name": "tempest-router-smoke-2085135035", "admin_state_up": true, "tenant_id": "20c857ea8ea64bdbba6355b6297f33b9", "routes": [], "id": "99a95f84-075c-4775-9b28-ea39de1a623a"}}
2016-01-21 14:10:07,223 13768 INFO     [tempest_lib.common.rest_client] Request (TestNetworkAdvancedServerOps:_run_cleanups): 204 DELETE http://10.4.1.3:9696/v2.0/routers/99a95f84-075c-4775-9b28-ea39de1a623a 0.397s
2016-01-21 14:10:07,223 13768 DEBUG    [tempest_lib.common.rest_client] Request - Headers: {'Content-Type': 'application/json', 'Accept': 'application/json', 'X-Auth-Token': '&lt;omitted&gt;'}
        Body: None
    Response - Headers: {'date': 'Thu, 21 Jan 2016 14:10:07 GMT', 'status': '204', 'connection': 'close', 'content-length': '0', 'x-openstack-request-id': 'req-2b5f0df9-e1a1-430d-84bb-bbb6b05fcd54'}
        Body: 
2016-01-21 14:10:07,617 13768 INFO     [tempest_lib.common.rest_client] Request (TestNetworkAdvancedServerOps:_run_cleanups): 204 DELETE http://10.4.1.3:9696/v2.0/networks/56f382bb-9f5c-499d-beba-513d6e129caa 0.393s
2016-01-21 14:10:07,618 13768 DEBUG    [tempest_lib.common.rest_client] Request - Headers: {'Content-Type': 'application/json', 'Accept': 'application/json', 'X-Auth-Token': '&lt;omitted&gt;'}
        Body: None
    Response - Headers: {'date': 'Thu, 21 Jan 2016 14:10:07 GMT', 'status': '204', 'connection': 'close', 'content-length': '0', 'x-openstack-request-id': 'req-4a4b81be-3c49-4024-a10e-051ad810c8cf'}
        Body: 
2016-01-21 14:10:07,857 13768 INFO     [tempest_lib.common.rest_client] Request (TestNetworkAdvancedServerOps:_run_cleanups): 204 DELETE http://10.4.1.3:9696/v2.0/security-group-rules/d5864a82-ed2c-4a60-8c5f-781395a0034a 0.238s
2016-01-21 14:10:07,857 13768 DEBUG    [tempest_lib.common.rest_client] Request - Headers: {'Content-Type': 'application/json', 'Accept': 'application/json', 'X-Auth-Token': '&lt;omitted&gt;'}
        Body: None
    Response - Headers: {'date': 'Thu, 21 Jan 2016 14:10:07 GMT', 'status': '204', 'connection': 'close', 'content-length': '0', 'x-openstack-request-id': 'req-9d1ca3b3-6fa2-490c-825c-dfb7c4542638'}
        Body: 
2016-01-21 14:10:08,086 13768 INFO     [tempest_lib.common.rest_client] Request (TestNetworkAdvancedServerOps:_run_cleanups): 204 DELETE http://10.4.1.3:9696/v2.0/security-group-rules/506efa8c-99da-4acb-b470-3919e37301e2 0.227s
2016-01-21 14:10:08,087 13768 DEBUG    [tempest_lib.common.rest_client] Request - Headers: {'Content-Type': 'application/json', 'Accept': 'application/json', 'X-Auth-Token': '&lt;omitted&gt;'}
        Body: None
    Response - Headers: {'date': 'Thu, 21 Jan 2016 14:10:08 GMT', 'status': '204', 'connection': 'close', 'content-length': '0', 'x-openstack-request-id': 'req-ffa4a199-d7b3-4813-ab28-e9be6d661dd0'}
        Body: 
2016-01-21 14:10:08,307 13768 INFO     [tempest_lib.common.rest_client] Request (TestNetworkAdvancedServerOps:_run_cleanups): 204 DELETE http://10.4.1.3:9696/v2.0/security-group-rules/6707cdab-96b1-4419-8cc2-ac72560c84dd 0.220s
2016-01-21 14:10:08,308 13768 DEBUG    [tempest_lib.common.rest_client] Request - Headers: {'Content-Type': 'application/json', 'Accept': 'application/json', 'X-Auth-Token': '&lt;omitted&gt;'}
        Body: None
    Response - Headers: {'date': 'Thu, 21 Jan 2016 14:10:08 GMT', 'status': '204', 'connection': 'close', 'content-length': '0', 'x-openstack-request-id': 'req-672dd068-c644-469c-8862-603db14a8bda'}
        Body: 
2016-01-21 14:10:08,540 13768 INFO     [tempest_lib.common.rest_client] Request (TestNetworkAdvancedServerOps:_run_cleanups): 204 DELETE http://10.4.1.3:9696/v2.0/security-group-rules/f797ac87-0a8a-4f23-a734-ee379030f125 0.229s
2016-01-21 14:10:08,540 13768 DEBUG    [tempest_lib.common.rest_client] Request - Headers: {'Content-Type': 'application/json', 'Accept': 'application/json', 'X-Auth-Token': '&lt;omitted&gt;'}
        Body: None
    Response - Headers: {'date': 'Thu, 21 Jan 2016 14:10:08 GMT', 'status': '204', 'connection': 'close', 'content-length': '0', 'x-openstack-request-id': 'req-cb6c8a33-88fd-4778-b321-ffcf393ab31e'}
        Body: 
2016-01-21 14:10:08,769 13768 INFO     [tempest_lib.common.rest_client] Request (TestNetworkAdvancedServerOps:_run_cleanups): 204 DELETE http://10.4.1.3:9696/v2.0/security-group-rules/84207bf8-1730-40a3-a0a8-7290a95df3d7 0.228s
2016-01-21 14:10:08,770 13768 DEBUG    [tempest_lib.common.rest_client] Request - Headers: {'Content-Type': 'application/json', 'Accept': 'application/json', 'X-Auth-Token': '&lt;omitted&gt;'}
        Body: None
    Response - Headers: {'date': 'Thu, 21 Jan 2016 14:10:08 GMT', 'status': '204', 'connection': 'close', 'content-length': '0', 'x-openstack-request-id': 'req-3aeb410f-8385-4a6d-a325-9c7925f8f933'}
        Body: 
2016-01-21 14:10:08,993 13768 INFO     [tempest_lib.common.rest_client] Request (TestNetworkAdvancedServerOps:_run_cleanups): 204 DELETE http://10.4.1.3:9696/v2.0/security-group-rules/57985998-60f7-4d34-abcd-1f45fdccfd81 0.221s
2016-01-21 14:10:08,993 13768 DEBUG    [tempest_lib.common.rest_client] Request - Headers: {'Content-Type': 'application/json', 'Accept': 'application/json', 'X-Auth-Token': '&lt;omitted&gt;'}
        Body: None
    Response - Headers: {'date': 'Thu, 21 Jan 2016 14:10:08 GMT', 'status': '204', 'connection': 'close', 'content-length': '0', 'x-openstack-request-id': 'req-22ea96e3-5dbd-4383-8efb-df7420be9554'}
        Body: 
2016-01-21 14:10:09,253 13768 INFO     [tempest_lib.common.rest_client] Request (TestNetworkAdvancedServerOps:_run_cleanups): 204 DELETE http://10.4.1.3:9696/v2.0/security-groups/eeaf09c0-9626-4199-965e-355cca8a04d7 0.258s
2016-01-21 14:10:09,253 13768 DEBUG    [tempest_lib.common.rest_client] Request - Headers: {'Content-Type': 'application/json', 'Accept': 'application/json', 'X-Auth-Token': '&lt;omitted&gt;'}
        Body: None
    Response - Headers: {'date': 'Thu, 21 Jan 2016 14:10:09 GMT', 'status': '204', 'connection': 'close', 'content-length': '0', 'x-openstack-request-id': 'req-8284e107-f8be-4dfd-b9f0-3a14be5e53c9'}
        Body: 
2016-01-21 14:10:09,438 13768 INFO     [tempest_lib.common.rest_client] Request (TestNetworkAdvancedServerOps:_run_cleanups): 202 DELETE http://10.4.1.3:8774/v2.1/20c857ea8ea64bdbba6355b6297f33b9/os-keypairs/tempest-TestNetworkAdvancedServerOps-1421708886 0.184s
2016-01-21 14:10:09,439 13768 DEBUG    [tempest_lib.common.rest_client] Request - Headers: {'Content-Type': 'application/json', 'Accept': 'application/json', 'X-Auth-Token': '&lt;omitted&gt;'}
        Body: None
    Response - Headers: {'status': '202', 'content-length': '0', 'x-compute-request-id': 'req-66fdec36-8ecb-4cdb-bf8a-41cb4ab38431', 'vary': 'X-OpenStack-Nova-API-Version', 'connection': 'close', 'x-openstack-nova-api-version': '2.1', 'date': 'Thu, 21 Jan 2016 14:10:09 GMT', 'content-type': 'application/json'}
        Body: 
2016-01-21 14:10:09,697 13768 INFO     [tempest_lib.common.rest_client] Request (TestNetworkAdvancedServerOps:_run_cleanups): 404 GET http://10.4.1.3:8774/v2.1/20c857ea8ea64bdbba6355b6297f33b9/servers/597e01de-e5c2-4f9c-a31c-bd8d66e7404c 0.256s
2016-01-21 14:10:09,697 13768 DEBUG    [tempest_lib.common.rest_client] Request - Headers: {'Content-Type': 'application/json', 'Accept': 'application/json', 'X-Auth-Token': '&lt;omitted&gt;'}
        Body: None
    Response - Headers: {'status': '404', 'content-length': '111', 'x-compute-request-id': 'req-0cbb54d1-51fa-4801-bff2-db5e0e3954c4', 'vary': 'X-OpenStack-Nova-API-Version', 'connection': 'close', 'x-openstack-nova-api-version': '2.1', 'date': 'Thu, 21 Jan 2016 14:10:09 GMT', 'content-type': 'application/json; charset=UTF-8'}
        Body: {"itemNotFound": {"message": "Instance 597e01de-e5c2-4f9c-a31c-bd8d66e7404c could not be found.", "code": 404}}
}}}

Traceback (most recent call last):
  File "tempest/test.py", line 113, in wrapper
    return f(self, *func_args, **func_kwargs)
  File "tempest/scenario/test_network_advanced_server_ops.py", line 132, in test_server_connectivity_pause_unpause
    server, keypair, floating_ip = self._setup_network_and_servers()
  File "tempest/scenario/test_network_advanced_server_ops.py", line 69, in _setup_network_and_servers
    server, keypair, floating_ip)
  File "tempest/scenario/test_network_advanced_server_ops.py", line 93, in _wait_server_status_and_check_network_connectivity
    self._check_network_connectivity(server, keypair, floating_ip)
  File "tempest/scenario/test_network_advanced_server_ops.py", line 86, in _check_network_connectivity
    servers=[server])
  File "tempest/scenario/manager.py", line 607, in check_public_network_connectivity
    should_connect=should_connect)
  File "tempest/scenario/manager.py", line 591, in check_vm_connectivity
    msg=msg)
  File "/usr/local/lib/python2.7/dist-packages/unittest2/case.py", line 702, in assertTrue
    raise self.failureException(msg)
AssertionError: False is not true : Timed out waiting for 172.24.4.4 to become reachable



        </pre>
    </div>
    <!--css div popup end-->

    </td>
</tr>

<tr id='ft1.2' class='none'>
    <td class='failCase'><div class='testcase'>test_server_connectivity_reboot[compute,id-7b6860c2-afa3-4846-9522-adeb38dfbe08,network]</div></td>
    <td colspan='7' align='left'>

    <!--css div popup start-->
    <a class="popup_link" onfocus='this.blur();'
    href="javascript:showTestDetail('div_ft1.2')" >
        fail</a>

    <div id='div_ft1.2' class="popup_window">
        <div style='text-align: right; color:red;cursor:pointer'>
        <a onfocus='this.blur();'
onclick="document.getElementById('div_ft1.2').style.display = 'none' " >
           [x]</a>
        </div>
        <pre>
        
ft1.2: tempest.scenario.test_network_advanced_server_ops.TestNetworkAdvancedServerOps.test_server_connectivity_reboot[compute,id-7b6860c2-afa3-4846-9522-adeb38dfbe08,network]_StringException: Empty attachments:
  stderr
  stdout

pythonlogging:'': {{{
2016-01-21 14:10:10,088 13768 INFO     [tempest_lib.common.rest_client] Request (TestNetworkAdvancedServerOps:test_server_connectivity_reboot): 200 POST http://10.4.1.3:8774/v2.1/20c857ea8ea64bdbba6355b6297f33b9/os-keypairs 0.371s
2016-01-21 14:10:10,088 13768 DEBUG    [tempest_lib.common.rest_client] Request - Headers: {'Content-Type': 'application/json', 'Accept': 'application/json', 'X-Auth-Token': '&lt;omitted&gt;'}
        Body: {"keypair": {"name": "tempest-TestNetworkAdvancedServerOps-1672894925"}}
    Response - Headers: {'status': '200', 'content-length': '2330', 'x-compute-request-id': 'req-c18d67cb-5a0d-4993-a612-f7242c88a972', 'vary': 'X-OpenStack-Nova-API-Version', 'connection': 'close', 'x-openstack-nova-api-version': '2.1', 'date': 'Thu, 21 Jan 2016 14:10:10 GMT', 'content-type': 'application/json'}
        Body: {"keypair": {"public_key": "ssh-rsa AAAAB3NzaC1yc2EAAAADAQABAAABAQDGkM/HkHNeFmPsmKvDPFRaHAe3ZzN59NVTQLnokrpeT2Vf19KbLwfjvP5ycvijs2eGzHdHlaQKyRH1tsArAZcnsHmBuDkhURfRlCK5o2w5dRYeYI1KAN73LSSal+cx0EQWuq+bemiAK4GpCjRNBGN0077x/5yKsBj3Djd3ulTjKo2IsfYmeJa6N0yH6YvR5ED61YtSn9dyZHeO8bSAgLnST4drfqgYUsbLMUv0KyVqcGorF0iyn97YNTAmrSh8jzcvI6aJAHVywkDjsirwnf3q5pXPrLk50t7jSpjJ96X5Iz2WnH+Y3VboQOTMWmXrEO/HMnHgD/2TFmFXdcCRzqGH Generated-by-Nova", "private_key": "-----BEGIN RSA PRIVATE KEY-----\nMIIEqAIBAAKCAQEAxpDPx5BzXhZj7JirwzxUWhwHt2czefTVU0C56JK6Xk9lX9fS\nmy8H47z+cnL4o7Nnhsx3R5WkCskR9bbAKwGXJ7B5gbg5IVEX0ZQiuaNsOXUWHmCN\nSgDe9y0kmpfnMdBEFrqvm3pogCuBqQo0TQRjdNO+8f+cirAY9w43d7pU4yqNiLH2\nJniWujdMh+mL0eRA+tWLUp/XcmR3jvG0gIC50k+Ha36oGFLGyzFL9CslanBqKxdI\nsp/e2DUwJq0ofI83LyOmiQB1csJA47Iq8J396uaVz6y5OdLe40qYyfel+SM9lpx/\nmN1W6EDkzFpl6xDvxzJx4A/9kxZhV3XAkc6hhwIDAQABAoIBABHgP5RrwLcbtOs7\n41q0N7PVCizMsamtDPdtwE7bxsNuymWSfHdUCJXMEewjxZaXNB7CkYp0QkxmRaOl\nTC+S+RStooK3Hw2My2QmvemQeNHDZLZfYtjisy/1dHImcr3dTgPt0plgr7+6KvYY\n4RR97KY72djXdjRWHik/smao87NvnJae4UANDaUFivygHPg0ANC7mtFLZ2gts/qD\nCQdu9TVmr6MklbBsl5MQYx+lO7XZvdqqRpCpSle4ba862DRLm3c3JnNLMz4y0LIf\n/81oMLGSMD7PnsowwSVlalGMtJJqlAfD6jYKXHQRPSi5hpvRIEktaPJqrznqI2LL\nksVxH0ECggCBANLaaMQ7PJVlw8riG9a/maWxctjGPjZkXLDlFH7+keoVATbnAc8q\nzBZnyXuWpckJqtySRcY5atGhfeqw9mYP5LHHVdVjgbP8GIjRcRokSOiAhPjEPMFh\neefF+pRsVEo7D3U5FmVnAvKkPU26VSlr9f2DUCxSpBYsdTZftIA63chPAoIAgQDx\nFOHuzD2qzqwWHtA90o2OaU1egbKmoHdeK+cfL1G2Yl2K7Xs/zgNN/r4my+Ohqv35\nAzRila1fFwIDshbvllQZVEB3qEmJV9qJhECihuixBZeC96hOMvcbS4qxRpjaTisb\nZgfWxNVAD1oknA6jL3P6UpAWATOZcl9VGiovzrONSQKCAIBAE3d7CrVigUZ6xTPI\nkvlSTRalobkONnmkmDkeTqZxCGkSEimOl2bl+CxWjnVbHsD5vsnNb21yvyzQwW5f\nnbzV+cmvy0mDNL0P9vX0B8rQPR4rqxb7fW/aa2O27yS+WixcZzjTH/bZXefzUwjG\nSbS7kcgvb/3Fb0U/fN4RidIUKQKCAIA3Jh/JEM/KkxyqssHQYqofOdeJFwJXO74S\nvNhSOfDnV/kuHsVjAy2eWfgFx/56rTMME7+YDcVrS0gasFKu3CTA5pUYylaIJKDJ\ndIeUpmf0luLiAuVtfhspE07W3t94kQkra1u/tadS0DA+z7RJgEF3sgtj/UJgh9ln\nDmU4KoDIgQKCAIEAlhiN3eql+DkUdMMZjq5XXRhjHN95JPdS/2mFj42sqXNlaJLO\nWq9Th3osoGTrh3POuvj6R+blWaysTSDZBpR1GCQQebSk40ruqGEI4LV390tsSa9X\nWpqpRr3yQLgMa4Cf0ehN4vlY6bd3x6GhKK6aMB1/YM4qGaZGe/jmEjDperQ=\n-----END RSA PRIVATE KEY-----\n", "user_id": "a54a1d4b341743b991a708fa72dc6c41", "name": "tempest-TestNetworkAdvancedServerOps-1672894925", "fingerprint": "06:e1:a9:f3:f9:df:dc:74:d4:58:d9:60:ba:25:39:96"}}
2016-01-21 14:10:10,344 13768 INFO     [tempest_lib.common.rest_client] Request (TestNetworkAdvancedServerOps:test_server_connectivity_reboot): 201 POST http://10.4.1.3:9696/v2.0/security-groups 0.249s
2016-01-21 14:10:10,345 13768 DEBUG    [tempest_lib.common.rest_client] Request - Headers: {'Content-Type': 'application/json', 'Accept': 'application/json', 'X-Auth-Token': '&lt;omitted&gt;'}
