<?xml version="1.0" encoding="UTF-8"?>
<!DOCTYPE html PUBLIC "-//W3C//DTD XHTML 1.0 Strict//EN"
     "http://www.w3.org/TR/xhtml1/DTD/xhtml1-strict.dtd">
<html xmlns="http://www.w3.org/1999/xhtml">
<head>
    <title>Unit Test Report</title>
    <meta name="generator" content="subunit2html 0.1"/>
    <meta http-equiv="Content-Type" content="text/html; charset=UTF-8"/>
    
<style type="text/css" media="screen">
body        { font-family: verdana, arial, helvetica, sans-serif;
    font-size: 80%; }
table       { font-size: 100%; width: 100%;}
pre         { font-size: 80%; }

/* -- heading -------------------------------------------------------------- */
h1 {
        font-size: 16pt;
        color: gray;
}
.heading {
    margin-top: 0ex;
    margin-bottom: 1ex;
}

.heading .attribute {
    margin-top: 1ex;
    margin-bottom: 0;
}

.heading .description {
    margin-top: 4ex;
    margin-bottom: 6ex;
}

/* -- css div popup -------------------------------------------------------- */
a.popup_link {
}

a.popup_link:hover {
    color: red;
}

.popup_window {
    display: none;
    overflow-x: scroll;
    /*border: solid #627173 1px; */
    padding: 10px;
    background-color: #E6E6D6;
    font-family: "Ubuntu Mono", "Lucida Console", "Courier New", monospace;
    text-align: left;
    font-size: 8pt;
}

}
/* -- report --------------------------------------------------------------- */
#show_detail_line {
    margin-top: 3ex;
    margin-bottom: 1ex;
}
#result_table {
    width: 100%;
    border-collapse: collapse;
    border: 1px solid #777;
}
#header_row {
    font-weight: bold;
    color: white;
    background-color: #777;
}
#result_table td {
    border: 1px solid #777;
    padding: 2px;
}
#total_row  { font-weight: bold; }
.passClass  { background-color: #6c6; }
.failClass  { background-color: #c60; }
.errorClass { background-color: #c00; }
.passCase   { color: #6c6; }
.failCase   { color: #c60; font-weight: bold; }
.errorCase  { color: #c00; font-weight: bold; }
.hiddenRow  { display: none; }
.testcase   { margin-left: 2em; }
td.testname {width: 40%}
td.small {width: 40px}

/* -- ending --------------------------------------------------------------- */
#ending {
}

</style>

</head>
<body>
<script language="javascript" type="text/javascript"><!--
output_list = Array();

/* level - 0:Summary; 1:Failed; 2:All */
function showCase(level) {
    trs = document.getElementsByTagName("tr");
    for (var i = 0; i < trs.length; i++) {
        tr = trs[i];
        id = tr.id;
        if (id.substr(0,2) == 'ft') {
            if (level < 1) {
                tr.className = 'hiddenRow';
            }
            else {
                tr.className = '';
            }
        }
        if (id.substr(0,2) == 'pt') {
            if (level > 1) {
                tr.className = '';
            }
            else {
                tr.className = 'hiddenRow';
            }
        }
    }
}


function showClassDetail(cid, count) {
    var id_list = Array(count);
    var toHide = 1;
    for (var i = 0; i < count; i++) {
        tid0 = 't' + cid.substr(1) + '.' + (i+1);
        tid = 'f' + tid0;
        tr = document.getElementById(tid);
        if (!tr) {
            tid = 'p' + tid0;
            tr = document.getElementById(tid);
        }
        id_list[i] = tid;
        if (tr.className) {
            toHide = 0;
        }
    }
    for (var i = 0; i < count; i++) {
        tid = id_list[i];
        if (toHide) {
            document.getElementById('div_'+tid).style.display = 'none'
            document.getElementById(tid).className = 'hiddenRow';
        }
        else {
            document.getElementById(tid).className = '';
        }
    }
}


function showTestDetail(div_id){
    var details_div = document.getElementById(div_id)
    var displayState = details_div.style.display
    // alert(displayState)
    if (displayState != 'block' ) {
        displayState = 'block'
        details_div.style.display = 'block'
    }
    else {
        details_div.style.display = 'none'
    }
}


function html_escape(s) {
    s = s.replace(/&/g,'&amp;');
    s = s.replace(/</g,'&lt;');
    s = s.replace(/>/g,'&gt;');
    return s;
}

/* obsoleted by detail in <div>
function showOutput(id, name) {
    var w = window.open("", //url
                    name,
                    "resizable,scrollbars,status,width=800,height=450");
    d = w.document;
    d.write("<pre>");
    d.write(html_escape(output_list[id]));
    d.write("\n");
    d.write("<a href='javascript:window.close()'>close</a>\n");
    d.write("</pre>\n");
    d.close();
}
*/
--></script>

<div class='heading'>
<h1>Unit Test Report</h1>

<p class='attribute'><strong>Status:</strong> Failure 6</p>

<p class='description'></p>
</div>



<p id='show_detail_line'>Show
<a href='javascript:showCase(0)'>Summary</a>
<a href='javascript:showCase(1)'>Failed</a>
<a href='javascript:showCase(2)'>All</a>
</p>
<table id='result_table'>
<colgroup>
<col align='left' />
<col align='right' />
<col align='right' />
<col align='right' />
<col align='right' />
<col align='right' />
<col align='right' />
<col align='right' />
</colgroup>
<tr id='header_row'>
    <td>Test Group/Test case</td>
    <td>Count</td>
    <td>Pass</td>
    <td>Fail</td>
    <td>Error</td>
    <td>Skip</td>
    <td>View</td>
    <td> </td>
</tr>

<tr class='failClass'>
    <td class="testname">tempest.scenario.test_network_advanced_server_ops.TestNetworkAdvancedServerOps</td>
    <td class="small">6</td>
    <td class="small">0</td>
    <td class="small">6</td>
    <td class="small">0</td>
    <td class="small">0</td>
    <td class="small"><a href="javascript:showClassDetail('c1',6)"
>Detail</a></td>
    <td> </td>
</tr>

<tr id='ft1.1' class='none'>
    <td class='failCase'><div class='testcase'>test_server_connectivity_pause_unpause[compute,id-2b2642db-6568-4b35-b812-eceed3fa20ce,network]</div></td>
    <td colspan='7' align='left'>

    <!--css div popup start-->
    <a class="popup_link" onfocus='this.blur();'
    href="javascript:showTestDetail('div_ft1.1')" >
        fail</a>

    <div id='div_ft1.1' class="popup_window">
        <div style='text-align: right; color:red;cursor:pointer'>
        <a onfocus='this.blur();'
onclick="document.getElementById('div_ft1.1').style.display = 'none' " >
           [x]</a>
        </div>
        <pre>
        
ft1.1: tempest.scenario.test_network_advanced_server_ops.TestNetworkAdvancedServerOps.test_server_connectivity_pause_unpause[compute,id-2b2642db-6568-4b35-b812-eceed3fa20ce,network]_StringException: Empty attachments:
  stderr
  stdout

pythonlogging:'': {{{
2015-12-05 07:20:51,506 20269 INFO     [tempest_lib.common.rest_client] Request (TestNetworkAdvancedServerOps:test_server_connectivity_pause_unpause): 200 POST http://10.0.2.15:8774/v2.1/17d8006148ee4592a5cbb08e71db03ea/os-keypairs 0.507s
2015-12-05 07:20:51,506 20269 DEBUG    [tempest_lib.common.rest_client] Request - Headers: {'Content-Type': 'application/json', 'Accept': 'application/json', 'X-Auth-Token': '&lt;omitted&gt;'}
        Body: {"keypair": {"name": "tempest-TestNetworkAdvancedServerOps-1132386843"}}
    Response - Headers: {'status': '200', 'content-length': '2330', 'x-compute-request-id': 'req-27ee4fc5-db8c-4a9f-8f41-0fa2fa50c098', 'vary': 'X-OpenStack-Nova-API-Version', 'connection': 'close', 'x-openstack-nova-api-version': '2.1', 'date': 'Sat, 05 Dec 2015 07:20:51 GMT', 'content-type': 'application/json'}
        Body: {"keypair": {"public_key": "ssh-rsa AAAAB3NzaC1yc2EAAAADAQABAAABAQCTFv08usRyQzvlhnwckt0LI+YtIe6S+IU7KbzNo4ZhRk+3zrO87VpHEfL2sjCLG0eM8YBs48pEH+oNbic9OyGPeCqSOaUoG3tdxqp9hcFaXbdiXszkElJX1nAXcytAClr5QDBVx54SB8XxVLdF78uKTzb6ppXNzQ9KGQhx07iwv1P5V7XB6WTrWh4RRGGAqsoHb/m/ZcYv75EEhh8rykuDuZ5ZNhSdKlVqpN6Iki/JhNd/GjWCKMMsYrHAJKw6Bedwm81B9m3WoKbtZC7INjCnLvO+kx9aPTvw4EFL5EdsEIRtKPfZp6YkNb0QYGGRxvkSSHX2SVxFMHvp1Ydo6z+d Generated-by-Nova", "private_key": "-----BEGIN RSA PRIVATE KEY-----\nMIIEqQIBAAKCAQEAkxb9PLrEckM75YZ8HJLdCyPmLSHukviFOym8zaOGYUZPt86z\nvO1aRxHy9rIwixtHjPGAbOPKRB/qDW4nPTshj3gqkjmlKBt7XcaqfYXBWl23Yl7M\n5BJSV9ZwF3MrQApa+UAwVceeEgfF8VS3Re/Lik82+qaVzc0PShkIcdO4sL9T+Ve1\nwelk61oeEURhgKrKB2/5v2XGL++RBIYfK8pLg7meWTYUnSpVaqTeiJIvyYTXfxo1\ngijDLGKxwCSsOgXncJvNQfZt1qCm7WQuyDYwpy7zvpMfWj078OBBS+RHbBCEbSj3\n2aemJDW9EGBhkcb5Ekh19klcRTB76dWHaOs/nQIDAQABAoIBABoKDda8cZ6QzH+7\nqSkdzsf0GQGQaj3WhS+OGgCFnHqICgDONP+TPVIrmUmXDgTyVV5cOpIMWXhp9fNe\nts+eMjjF2zN7xQMuqk5Vp0UFcs9em+JsSfVuUOl/6uQb3WI+8xABDw2AgzlJ6v7o\nMnHNG8lmcKM67nY6gSRq/hW4l4+iao0y2Ejbh0BvkzMgnNjWBzVpzxUNPMZp176A\nquXTFhmEZjCf7i7ChO/TYnhih61Wtxw28a5uL+s8gPykayKqzcTXwm/AHQO7DCNe\nl9bMShYvPJ72izkejzI12P/+8MFWcZG6U0UqGWjRbhkHSD8eGIxbuGlLQ9bhRHSk\n04mDFjkCggCBALV9Dlu5b5vrPpfHQtYCeNiyKBy0zPmxqSF+95j7Qa0XZiJGjPtT\nit+KvL0UR9FG3lu9dPqmLeQ4DLybbbji6+9VTUvvnMEuPi3SFVKb3FbJ3yuqsVPh\nG7EBbwX6jA/mcXieHk0mozkywroCvnpfDI835WwZpH2u/rOC2Q/8iNvfAoIAgQDP\neojd22Dv9+GLnQTxiM+p2rVW/6U/U/wSk1xF4X8h6w6xI5qbMSjBrtOlzmHu86jP\n+w7KvOpFLEigFDkYhKUw0mntDfr0MkphfN0yo1LQljBBNgNftt/IFT0s4/2wY4a1\n1s+ZMNjEnCB3z90ZDn1YMOBaBjjQPbud0YhbCkTUAwKCAIEAoNDnYC+4zhhtpmBS\nwP//xURYdtdeqgLbM2smStCZKZ+KSOTrF+i3Lc3p4EGQQcjiT7hZZ6DJGWjxIE85\nspKhLboQfDEeXa90OXXmnwStAdpvfmoKJ6FYwEfc8RdJ9Ozlr1Os1gBesdhg5CJ6\nVkTTBDUrfdZbA2OFHdvcK2ZCf1ECggCAetMSZSwy1byL1AevXoFcVjQ4N/l9TOEe\nD60W6fOVPHIXr3vhUdAnTYl+l+B2j2vFWuJIHnL5yNtvXvy51C7qT92wgXpOPvPq\nno25sPmI1BylEmW0V5w+HAeewI1zqFEy9UDmgsys9q9qdSMjw2qVf3jnx8N5LKXv\nBH1/WE3a8xsCggCBAKpAnhM5tCExrqFbnaX8GpSx9jwZfjNBC9ZM388W2Gr+fLCt\nlFOk+fgwx4FDtS0KmJxPr5BdIMWn2C68o6/mHUD/PuumMgT5dMKMFyjnemOdXYhO\nwNJjeyC3tg73pj00MGOErnSbKRfPWc/cS0g01nzesvBrMufWo/vtNTDsmrin\n-----END RSA PRIVATE KEY-----\n", "user_id": "e1d6423a880144aba73b195f7dd5d00f", "name": "tempest-TestNetworkAdvancedServerOps-1132386843", "fingerprint": "dc:95:bc:1a:75:4c:9e:8f:10:c1:e8:ee:fd:0b:6f:77"}}
2015-12-05 07:20:51,856 20269 INFO     [tempest_lib.common.rest_client] Request (TestNetworkAdvancedServerOps:test_server_connectivity_pause_unpause): 201 POST http://10.0.2.15:9696/v2.0/security-groups 0.344s
2015-12-05 07:20:51,857 20269 DEBUG    [tempest_lib.common.rest_client] Request - Headers: {'Content-Type': 'application/json', 'Accept': 'application/json', 'X-Auth-Token': '&lt;omitted&gt;'}
        Body: {"security_group": {"tenant_id": "17d8006148ee4592a5cbb08e71db03ea", "description": "tempest-secgroup-smoke-100583108 description", "name": "tempest-secgroup-smoke-100583108"}}
    Response - Headers: {'status': '201', 'content-length': '886', 'connection': 'close', 'date': 'Sat, 05 Dec 2015 07:20:51 GMT', 'content-type': 'application/json; charset=UTF-8', 'x-openstack-request-id': 'req-733a54ba-8ba3-4fff-9463-58395466fe9f'}
        Body: {"security_group": {"tenant_id": "17d8006148ee4592a5cbb08e71db03ea", "description": "tempest-secgroup-smoke-100583108 description", "id": "51d23c57-df8c-450e-94dd-84e2dac2e365", "security_group_rules": [{"remote_group_id": null, "direction": "egress", "remote_ip_prefix": null, "protocol": null, "ethertype": "IPv4", "tenant_id": "17d8006148ee4592a5cbb08e71db03ea", "port_range_max": null, "port_range_min": null, "id": "6884dda2-49ec-40d4-9fa2-dc5fce6ffa65", "security_group_id": "51d23c57-df8c-450e-94dd-84e2dac2e365"}, {"remote_group_id": null, "direction": "egress", "remote_ip_prefix": null, "protocol": null, "ethertype": "IPv6", "tenant_id": "17d8006148ee4592a5cbb08e71db03ea", "port_range_max": null, "port_range_min": null, "id": "23fe93f7-9d2d-4d24-9c7c-02ef2fc6d5f3", "security_group_id": "51d23c57-df8c-450e-94dd-84e2dac2e365"}], "name": "tempest-secgroup-smoke-100583108"}}
2015-12-05 07:20:51,973 20269 INFO     [tempest_lib.common.rest_client] Request (TestNetworkAdvancedServerOps:test_server_connectivity_pause_unpause): 201 POST http://10.0.2.15:9696/v2.0/security-group-rules 0.116s
2015-12-05 07:20:51,974 20269 DEBUG    [tempest_lib.common.rest_client] Request - Headers: {'Content-Type': 'application/json', 'Accept': 'application/json', 'X-Auth-Token': '&lt;omitted&gt;'}
        Body: {"security_group_rule": {"direction": "ingress", "protocol": "tcp", "tenant_id": "17d8006148ee4592a5cbb08e71db03ea", "port_range_max": 22, "security_group_id": "51d23c57-df8c-450e-94dd-84e2dac2e365", "port_range_min": 22}}
    Response - Headers: {'status': '201', 'content-length': '340', 'connection': 'close', 'date': 'Sat, 05 Dec 2015 07:20:51 GMT', 'content-type': 'application/json; charset=UTF-8', 'x-openstack-request-id': 'req-7b04cedb-bcd1-496c-8c01-ec20cbb3a679'}
        Body: {"security_group_rule": {"remote_group_id": null, "direction": "ingress", "remote_ip_prefix": null, "protocol": "tcp", "ethertype": "IPv4", "tenant_id": "17d8006148ee4592a5cbb08e71db03ea", "port_range_max": 22, "port_range_min": 22, "id": "7e45c66b-c339-4f8b-8eae-880f419a3b8e", "security_group_id": "51d23c57-df8c-450e-94dd-84e2dac2e365"}}
2015-12-05 07:20:52,094 20269 INFO     [tempest_lib.common.rest_client] Request (TestNetworkAdvancedServerOps:test_server_connectivity_pause_unpause): 201 POST http://10.0.2.15:9696/v2.0/security-group-rules 0.119s
2015-12-05 07:20:52,095 20269 DEBUG    [tempest_lib.common.rest_client] Request - Headers: {'Content-Type': 'application/json', 'Accept': 'application/json', 'X-Auth-Token': '&lt;omitted&gt;'}
        Body: {"security_group_rule": {"direction": "egress", "protocol": "tcp", "tenant_id": "17d8006148ee4592a5cbb08e71db03ea", "port_range_max": 22, "security_group_id": "51d23c57-df8c-450e-94dd-84e2dac2e365", "port_range_min": 22}}
    Response - Headers: {'status': '201', 'content-length': '339', 'connection': 'close', 'date': 'Sat, 05 Dec 2015 07:20:52 GMT', 'content-type': 'application/json; charset=UTF-8', 'x-openstack-request-id': 'req-1974ea0c-a2dc-4999-8554-f1b13d47269f'}
        Body: {"security_group_rule": {"remote_group_id": null, "direction": "egress", "remote_ip_prefix": null, "protocol": "tcp", "ethertype": "IPv4", "tenant_id": "17d8006148ee4592a5cbb08e71db03ea", "port_range_max": 22, "port_range_min": 22, "id": "28c00705-1911-4991-a235-cc1f5494044e", "security_group_id": "51d23c57-df8c-450e-94dd-84e2dac2e365"}}
2015-12-05 07:20:52,213 20269 INFO     [tempest_lib.common.rest_client] Request (TestNetworkAdvancedServerOps:test_server_connectivity_pause_unpause): 201 POST http://10.0.2.15:9696/v2.0/security-group-rules 0.117s
2015-12-05 07:20:52,214 20269 DEBUG    [tempest_lib.common.rest_client] Request - Headers: {'Content-Type': 'application/json', 'Accept': 'application/json', 'X-Auth-Token': '&lt;omitted&gt;'}
        Body: {"security_group_rule": {"tenant_id": "17d8006148ee4592a5cbb08e71db03ea", "direction": "ingress", "protocol": "icmp", "security_group_id": "51d23c57-df8c-450e-94dd-84e2dac2e365"}}
    Response - Headers: {'status': '201', 'content-length': '345', 'connection': 'close', 'date': 'Sat, 05 Dec 2015 07:20:52 GMT', 'content-type': 'application/json; charset=UTF-8', 'x-openstack-request-id': 'req-e8652597-18ee-45e6-840a-0b9920b3a766'}
        Body: {"security_group_rule": {"remote_group_id": null, "direction": "ingress", "remote_ip_prefix": null, "protocol": "icmp", "ethertype": "IPv4", "tenant_id": "17d8006148ee4592a5cbb08e71db03ea", "port_range_max": null, "port_range_min": null, "id": "f912aafd-0e78-43c2-8689-0f9f1b6e43e6", "security_group_id": "51d23c57-df8c-450e-94dd-84e2dac2e365"}}
2015-12-05 07:20:52,336 20269 INFO     [tempest_lib.common.rest_client] Request (TestNetworkAdvancedServerOps:test_server_connectivity_pause_unpause): 201 POST http://10.0.2.15:9696/v2.0/security-group-rules 0.121s
2015-12-05 07:20:52,337 20269 DEBUG    [tempest_lib.common.rest_client] Request - Headers: {'Content-Type': 'application/json', 'Accept': 'application/json', 'X-Auth-Token': '&lt;omitted&gt;'}
        Body: {"security_group_rule": {"tenant_id": "17d8006148ee4592a5cbb08e71db03ea", "direction": "egress", "protocol": "icmp", "security_group_id": "51d23c57-df8c-450e-94dd-84e2dac2e365"}}
    Response - Headers: {'status': '201', 'content-length': '344', 'connection': 'close', 'date': 'Sat, 05 Dec 2015 07:20:52 GMT', 'content-type': 'application/json; charset=UTF-8', 'x-openstack-request-id': 'req-318dadbf-d113-42b3-aa2e-d9d84caa882b'}
        Body: {"security_group_rule": {"remote_group_id": null, "direction": "egress", "remote_ip_prefix": null, "protocol": "icmp", "ethertype": "IPv4", "tenant_id": "17d8006148ee4592a5cbb08e71db03ea", "port_range_max": null, "port_range_min": null, "id": "ae6f297b-744d-4cb1-8a67-ab2b26adc684", "security_group_id": "51d23c57-df8c-450e-94dd-84e2dac2e365"}}
2015-12-05 07:20:52,445 20269 INFO     [tempest_lib.common.rest_client] Request (TestNetworkAdvancedServerOps:test_server_connectivity_pause_unpause): 201 POST http://10.0.2.15:9696/v2.0/security-group-rules 0.107s
2015-12-05 07:20:52,445 20269 DEBUG    [tempest_lib.common.rest_client] Request - Headers: {'Content-Type': 'application/json', 'Accept': 'application/json', 'X-Auth-Token': '&lt;omitted&gt;'}
        Body: {"security_group_rule": {"tenant_id": "17d8006148ee4592a5cbb08e71db03ea", "direction": "ingress", "security_group_id": "51d23c57-df8c-450e-94dd-84e2dac2e365", "protocol": "icmp", "ethertype": "IPv6"}}
    Response - Headers: {'status': '201', 'content-length': '345', 'connection': 'close', 'date': 'Sat, 05 Dec 2015 07:20:52 GMT', 'content-type': 'application/json; charset=UTF-8', 'x-openstack-request-id': 'req-9b157f74-e290-4747-94b9-50f488f50cd4'}
        Body: {"security_group_rule": {"remote_group_id": null, "direction": "ingress", "remote_ip_prefix": null, "protocol": "icmp", "ethertype": "IPv6", "tenant_id": "17d8006148ee4592a5cbb08e71db03ea", "port_range_max": null, "port_range_min": null, "id": "26fff9cc-292e-4512-bf8e-0378e6d69b9d", "security_group_id": "51d23c57-df8c-450e-94dd-84e2dac2e365"}}
2015-12-05 07:20:52,563 20269 INFO     [tempest_lib.common.rest_client] Request (TestNetworkAdvancedServerOps:test_server_connectivity_pause_unpause): 201 POST http://10.0.2.15:9696/v2.0/security-group-rules 0.117s
2015-12-05 07:20:52,564 20269 DEBUG    [tempest_lib.common.rest_client] Request - Headers: {'Content-Type': 'application/json', 'Accept': 'application/json', 'X-Auth-Token': '&lt;omitted&gt;'}
        Body: {"security_group_rule": {"tenant_id": "17d8006148ee4592a5cbb08e71db03ea", "direction": "egress", "security_group_id": "51d23c57-df8c-450e-94dd-84e2dac2e365", "protocol": "icmp", "ethertype": "IPv6"}}
    Response - Headers: {'status': '201', 'content-length': '344', 'connection': 'close', 'date': 'Sat, 05 Dec 2015 07:20:52 GMT', 'content-type': 'application/json; charset=UTF-8', 'x-openstack-request-id': 'req-df11d410-4275-46b7-b5e6-11d0957f4231'}
        Body: {"security_group_rule": {"remote_group_id": null, "direction": "egress", "remote_ip_prefix": null, "protocol": "icmp", "ethertype": "IPv6", "tenant_id": "17d8006148ee4592a5cbb08e71db03ea", "port_range_max": null, "port_range_min": null, "id": "92cf582b-4b32-45ce-9eed-3492a4376668", "security_group_id": "51d23c57-df8c-450e-94dd-84e2dac2e365"}}
2015-12-05 07:20:52,742 20269 INFO     [tempest_lib.common.rest_client] Request (TestNetworkAdvancedServerOps:test_server_connectivity_pause_unpause): 201 POST http://10.0.2.15:9696/v2.0/networks 0.176s
2015-12-05 07:20:52,742 20269 DEBUG    [tempest_lib.common.rest_client] Request - Headers: {'Content-Type': 'application/json', 'Accept': 'application/json', 'X-Auth-Token': '&lt;omitted&gt;'}
        Body: {"network": {"tenant_id": "17d8006148ee4592a5cbb08e71db03ea", "name": "tempest-network-smoke--470573381"}}
    Response - Headers: {'status': '201', 'content-length': '328', 'connection': 'close', 'date': 'Sat, 05 Dec 2015 07:20:52 GMT', 'content-type': 'application/json; charset=UTF-8', 'x-openstack-request-id': 'req-7302688f-b481-423b-94a0-fdae56354ddc'}
        Body: {"network": {"status": "ACTIVE", "subnets": [], "availability_zone_hints": "[]", "name": "tempest-network-smoke--470573381", "admin_state_up": true, "tenant_id": "17d8006148ee4592a5cbb08e71db03ea", "mtu": 0, "router:external": false, "shared": false, "port_security_enabled": true, "id": "69137ee6-87df-41a6-9d94-ca4b0c033bec"}}
2015-12-05 07:20:52,835 20269 INFO     [tempest_lib.common.rest_client] Request (TestNetworkAdvancedServerOps:test_server_connectivity_pause_unpause): 201 POST http://10.0.2.15:9696/v2.0/routers 0.091s
2015-12-05 07:20:52,835 20269 DEBUG    [tempest_lib.common.rest_client] Request - Headers: {'Content-Type': 'application/json', 'Accept': 'application/json', 'X-Auth-Token': '&lt;omitted&gt;'}
        Body: {"router": {"tenant_id": "17d8006148ee4592a5cbb08e71db03ea", "name": "tempest-router-smoke-592049129", "admin_state_up": true}}
    Response - Headers: {'status': '201', 'content-length': '295', 'connection': 'close', 'date': 'Sat, 05 Dec 2015 07:20:52 GMT', 'content-type': 'application/json; charset=UTF-8', 'x-openstack-request-id': 'req-091eba0a-d931-46ba-a7ff-e51a29ea37af'}
        Body: {"router": {"status": "ACTIVE", "external_gateway_info": null, "availability_zone_hints": [], "availability_zones": [], "name": "tempest-router-smoke-592049129", "admin_state_up": true, "tenant_id": "17d8006148ee4592a5cbb08e71db03ea", "routes": [], "id": "4141f6e9-92d8-41f5-a3f1-958552e1a41c"}}
2015-12-05 07:20:52,889 20269 INFO     [tempest_lib.common.rest_client] Request (TestNetworkAdvancedServerOps:test_server_connectivity_pause_unpause): 200 GET http://10.0.2.15:9696/v2.0/routers/4141f6e9-92d8-41f5-a3f1-958552e1a41c 0.053s
2015-12-05 07:20:52,891 20269 DEBUG    [tempest_lib.common.rest_client] Request - Headers: {'Content-Type': 'application/json', 'Accept': 'application/json', 'X-Auth-Token': '&lt;omitted&gt;'}
        Body: None
    Response - Headers: {'status': '200', 'content-length': '295', 'content-location': 'http://10.0.2.15:9696/v2.0/routers/4141f6e9-92d8-41f5-a3f1-958552e1a41c', 'connection': 'close', 'date': 'Sat, 05 Dec 2015 07:20:52 GMT', 'content-type': 'application/json; charset=UTF-8', 'x-openstack-request-id': 'req-616dd14e-316c-4d0b-950c-39c3a22ec4ad'}
        Body: {"router": {"status": "ACTIVE", "external_gateway_info": null, "availability_zone_hints": [], "availability_zones": [], "name": "tempest-router-smoke-592049129", "admin_state_up": true, "tenant_id": "17d8006148ee4592a5cbb08e71db03ea", "routes": [], "id": "4141f6e9-92d8-41f5-a3f1-958552e1a41c"}}
2015-12-05 07:20:53,584 20269 INFO     [tempest_lib.common.rest_client] Request (TestNetworkAdvancedServerOps:test_server_connectivity_pause_unpause): 200 PUT http://10.0.2.15:9696/v2.0/routers/4141f6e9-92d8-41f5-a3f1-958552e1a41c 0.692s
2015-12-05 07:20:53,585 20269 DEBUG    [tempest_lib.common.rest_client] Request - Headers: {'Content-Type': 'application/json', 'Accept': 'application/json', 'X-Auth-Token': '&lt;omitted&gt;'}
        Body: {"router": {"external_gateway_info": {"network_id": "fe4366a4-8673-4500-ad52-2ea3b8e70edf"}, "name": "tempest-router-smoke-592049129", "admin_state_up": true}}
    Response - Headers: {'status': '200', 'content-length': '557', 'connection': 'close', 'date': 'Sat, 05 Dec 2015 07:20:53 GMT', 'content-type': 'application/json; charset=UTF-8', 'x-openstack-request-id': 'req-d62717a2-d57f-43cd-990b-6d7296c5cd74'}
        Body: {"router": {"status": "ACTIVE", "external_gateway_info": {"network_id": "fe4366a4-8673-4500-ad52-2ea3b8e70edf", "enable_snat": true, "external_fixed_ips": [{"subnet_id": "02ad937e-6f7d-462c-b24e-56acb1f939dd", "ip_address": "172.24.4.3"}, {"subnet_id": "8bd0e7a7-6ef0-4b71-ac9b-1e6ef40a3da6", "ip_address": "2001:db8::3"}]}, "availability_zone_hints": [], "availability_zones": [], "name": "tempest-router-smoke-592049129", "admin_state_up": true, "tenant_id": "17d8006148ee4592a5cbb08e71db03ea", "routes": [], "id": "4141f6e9-92d8-41f5-a3f1-958552e1a41c"}}
2015-12-05 07:20:53,754 20269 INFO     [tempest_lib.common.rest_client] Request (TestNetworkAdvancedServerOps:test_server_connectivity_pause_unpause): 200 GET http://10.0.2.15:9696/v2.0/subnets?tenant_id=17d8006148ee4592a5cbb08e71db03ea&amp;cidr=10.100.0.0%2F28 0.167s
2015-12-05 07:20:53,755 20269 DEBUG    [tempest_lib.common.rest_client] Request - Headers: {'Content-Type': 'application/json', 'Accept': 'application/json', 'X-Auth-Token': '&lt;omitted&gt;'}
        Body: None
    Response - Headers: {'status': '200', 'content-length': '15', 'content-location': 'http://10.0.2.15:9696/v2.0/subnets?tenant_id=17d8006148ee4592a5cbb08e71db03ea&amp;cidr=10.100.0.0%2F28', 'connection': 'close', 'date': 'Sat, 05 Dec 2015 07:20:53 GMT', 'content-type': 'application/json; charset=UTF-8', 'x-openstack-request-id': 'req-9f67e3ce-ad6f-4401-85b9-5097c6f7a0d7'}
        Body: {"subnets": []}
2015-12-05 07:20:54,208 20269 INFO     [tempest_lib.common.rest_client] Request (TestNetworkAdvancedServerOps:test_server_connectivity_pause_unpause): 201 POST http://10.0.2.15:9696/v2.0/subnets 0.451s
2015-12-05 07:20:54,208 20269 DEBUG    [tempest_lib.common.rest_client] Request - Headers: {'Content-Type': 'application/json', 'Accept': 'application/json', 'X-Auth-Token': '&lt;omitted&gt;'}
        Body: {"subnet": {"ip_version": 4, "tenant_id": "17d8006148ee4592a5cbb08e71db03ea", "cidr": "10.100.0.0/28", "network_id": "69137ee6-87df-41a6-9d94-ca4b0c033bec", "name": "tempest-subnet-smoke-1226599054"}}
    Response - Headers: {'status': '201', 'content-length': '478', 'connection': 'close', 'date': 'Sat, 05 Dec 2015 07:20:54 GMT', 'content-type': 'application/json; charset=UTF-8', 'x-openstack-request-id': 'req-43e738b3-abe5-4fea-9ed3-0daba2145635'}
        Body: {"subnet": {"name": "tempest-subnet-smoke-1226599054", "enable_dhcp": true, "network_id": "69137ee6-87df-41a6-9d94-ca4b0c033bec", "tenant_id": "17d8006148ee4592a5cbb08e71db03ea", "dns_nameservers": [], "gateway_ip": "10.100.0.1", "ipv6_ra_mode": null, "allocation_pools": [{"start": "10.100.0.2", "end": "10.100.0.14"}], "host_routes": [], "ip_version": 4, "ipv6_address_mode": null, "cidr": "10.100.0.0/28", "id": "318dcb6c-a01b-4497-9c17-268d828f820b", "subnetpool_id": null}}
2015-12-05 07:20:55,072 20269 INFO     [tempest_lib.common.rest_client] Request (TestNetworkAdvancedServerOps:test_server_connectivity_pause_unpause): 200 PUT http://10.0.2.15:9696/v2.0/routers/4141f6e9-92d8-41f5-a3f1-958552e1a41c/add_router_interface 0.862s
2015-12-05 07:20:55,072 20269 DEBUG    [tempest_lib.common.rest_client] Request - Headers: {'Content-Type': 'application/json', 'Accept': 'application/json', 'X-Auth-Token': '&lt;omitted&gt;'}
        Body: {"subnet_id": "318dcb6c-a01b-4497-9c17-268d828f820b"}
    Response - Headers: {'status': '200', 'content-length': '255', 'connection': 'close', 'date': 'Sat, 05 Dec 2015 07:20:55 GMT', 'content-type': 'application/json; charset=UTF-8', 'x-openstack-request-id': 'req-9c29da97-ef50-4c9c-8d81-6e3c42bab4bb'}
        Body: {"subnet_id": "318dcb6c-a01b-4497-9c17-268d828f820b", "tenant_id": "17d8006148ee4592a5cbb08e71db03ea", "subnet_ids": ["318dcb6c-a01b-4497-9c17-268d828f820b"], "port_id": "40d588ee-1c39-45a6-9087-247eabd8da07", "id": "4141f6e9-92d8-41f5-a3f1-958552e1a41c"}
2015-12-05 07:20:55,194 20269 INFO     [tempest_lib.common.rest_client] Request (TestNetworkAdvancedServerOps:test_server_connectivity_pause_unpause): 200 POST http://10.0.2.15:5000/v2.0/tokens
2015-12-05 07:20:55,195 20269 DEBUG    [tempest_lib.common.rest_client] Request - Headers: {'Content-Type': 'application/json', 'Accept': 'application/json'}
        Body: &lt;omitted&gt;
    Response - Headers: {'status': '200', 'content-length': '2564', 'vary': 'X-Auth-Token', 'server': 'Apache/2.4.7 (Ubuntu)', 'connection': 'close', 'date': 'Sat, 05 Dec 2015 07:20:55 GMT', 'content-type': 'application/json', 'x-openstack-request-id': 'req-eaa94fe5-8310-41ce-a866-ce079ea95c66'}
        Body: {"access": {"token": {"issued_at": "2015-12-05T07:20:55.182633", "expires": "2015-12-05T08:20:55Z", "id": "15675d593fbf48e7b4722d4506f0ae1a", "tenant": {"description": "tempest-TestNetworkAdvancedServerOps-774806592-desc", "enabled": true, "id": "17d8006148ee4592a5cbb08e71db03ea", "name": "tempest-TestNetworkAdvancedServerOps-774806592"}, "audit_ids": ["PxV703thTf-FTe-0qBEnZg"]}, "serviceCatalog": [{"endpoints": [{"adminURL": "http://10.0.2.15:8774/v2.1/17d8006148ee4592a5cbb08e71db03ea", "region": "RegionOne", "internalURL": "http://10.0.2.15:8774/v2.1/17d8006148ee4592a5cbb08e71db03ea", "id": "5abe0235d07a42b49ebf7b06d9dbd902", "publicURL": "http://10.0.2.15:8774/v2.1/17d8006148ee4592a5cbb08e71db03ea"}], "endpoints_links": [], "type": "compute", "name": "nova"}, {"endpoints": [{"adminURL": "http://10.0.2.15:9696/", "region": "RegionOne", "internalURL": "http://10.0.2.15:9696/", "id": "40f3fdb9f6ca47e48874f42313984e03", "publicURL": "http://10.0.2.15:9696/"}], "endpoints_links": [], "type": "network", "name": "neutron"}, {"endpoints": [{"adminURL": "http://10.0.2.15:9292", "region": "RegionOne", "internalURL": "http://10.0.2.15:9292", "id": "206b9cf4cea64525a2051eca7a5878b1", "publicURL": "http://10.0.2.15:9292"}], "endpoints_links": [], "type": "image", "name": "glance"}, {"endpoints": [{"adminURL": "http://10.0.2.15:8774/v2/17d8006148ee4592a5cbb08e71db03ea", "region": "RegionOne", "internalURL": "http://10.0.2.15:8774/v2/17d8006148ee4592a5cbb08e71db03ea", "id": "11e4fbf944354aa1b95377a00090e975", "publicURL": "http://10.0.2.15:8774/v2/17d8006148ee4592a5cbb08e71db03ea"}], "endpoints_links": [], "type": "compute_legacy", "name": "nova_legacy"}, {"endpoints": [{"adminURL": "http://10.0.2.15:8773/", "region": "RegionOne", "internalURL": "http://10.0.2.15:8773/", "id": "3ac226e64849458ea6cb49dffc4a3ff5", "publicURL": "http://10.0.2.15:8773/"}], "endpoints_links": [], "type": "ec2", "name": "ec2"}, {"endpoints": [{"adminURL": "http://10.0.2.15:35357/v2.0", "region": "RegionOne", "internalURL": "http://10.0.2.15:5000/v2.0", "id": "0ed6d8dac94c4fbbbd28a8c43c7db43f", "publicURL": "http://10.0.2.15:5000/v2.0"}], "endpoints_links": [], "type": "identity", "name": "keystone"}], "user": {"username": "tempest-TestNetworkAdvancedServerOps-2010825037", "roles_links": [], "id": "e1d6423a880144aba73b195f7dd5d00f", "roles": [{"name": "_member_"}, {"name": "Member"}], "name": "tempest-TestNetworkAdvancedServerOps-2010825037"}, "metadata": {"is_admin": 0, "roles": ["9fe2ff9ee4384b1894a90878d3e92bab", "629f315c9e14475180a2a738b5c3ff34"]}}}
2015-12-05 07:20:55,203 20269 DEBUG    [tempest.common.fixed_network] (TestNetworkAdvancedServerOps:test_server_connectivity_pause_unpause) No valid network provided or created, defaulting to fixed_network_name
2015-12-05 07:20:55,537 20269 INFO     [tempest_lib.common.rest_client] Request (TestNetworkAdvancedServerOps:test_server_connectivity_pause_unpause): 200 GET http://10.0.2.15:8774/v2.1/17d8006148ee4592a5cbb08e71db03ea/os-networks 0.332s
2015-12-05 07:20:55,538 20269 DEBUG    [tempest_lib.common.rest_client] Request - Headers: {'Content-Type': 'application/json', 'Accept': 'application/json', 'X-Auth-Token': '&lt;omitted&gt;'}
        Body: None
    Response - Headers: {'status': '200', 'content-length': '478', 'content-location': 'http://10.0.2.15:8774/v2.1/17d8006148ee4592a5cbb08e71db03ea/os-networks', 'x-compute-request-id': 'req-61b7fdcc-fd42-4351-b095-6badca07ce70', 'vary': 'X-OpenStack-Nova-API-Version', 'connection': 'close', 'x-openstack-nova-api-version': '2.1', 'date': 'Sat, 05 Dec 2015 07:20:55 GMT', 'content-type': 'application/json'}
        Body: {"networks": [{"cidr_v6": null, "dns2": null, "dns1": null, "gateway": null, "broadcast": null, "netmask": null, "gateway_v6": null, "cidr": null, "label": "tempest-network-smoke--470573381", "id": "69137ee6-87df-41a6-9d94-ca4b0c033bec", "netmask_v6": null}, {"cidr_v6": null, "dns2": null, "dns1": null, "gateway": null, "broadcast": null, "netmask": null, "gateway_v6": null, "cidr": null, "label": "public", "id": "fe4366a4-8673-4500-ad52-2ea3b8e70edf", "netmask_v6": null}]}
2015-12-05 07:20:55,539 20269 WARNING  [tempest.common.fixed_network] (TestNetworkAdvancedServerOps:test_server_connectivity_pause_unpause) Network with name: private not found
2015-12-05 07:20:55,539 20269 INFO     [tempest.common.fixed_network] (TestNetworkAdvancedServerOps:test_server_connectivity_pause_unpause) Found network {} available for tenant
2015-12-05 07:20:57,172 20269 INFO     [tempest_lib.common.rest_client] Request (TestNetworkAdvancedServerOps:test_server_connectivity_pause_unpause): 202 POST http://10.0.2.15:8774/v2.1/17d8006148ee4592a5cbb08e71db03ea/servers 1.631s
2015-12-05 07:20:57,173 20269 DEBUG    [tempest_lib.common.rest_client] Request - Headers: {'Content-Type': 'application/json', 'Accept': 'application/json', 'X-Auth-Token': '&lt;omitted&gt;'}
        Body: {"server": {"name": "tempest.common.compute-instance-1430850068", "imageRef": "f43b71bb-35c7-4481-b19e-ad50ff44be50", "key_name": "tempest-TestNetworkAdvancedServerOps-1132386843", "flavorRef": "42", "networks": [{"uuid": "69137ee6-87df-41a6-9d94-ca4b0c033bec"}], "security_groups": [{"name": "tempest-secgroup-smoke-100583108"}]}}
    Response - Headers: {'status': '202', 'content-length': '461', 'x-compute-request-id': 'req-180fa6bf-f496-44de-83fc-3daae0d5856b', 'vary': 'X-OpenStack-Nova-API-Version', 'connection': 'close', 'location': 'http://10.0.2.15:8774/v2.1/17d8006148ee4592a5cbb08e71db03ea/servers/db0a6e22-42a4-475c-b90b-9adc25feec96', 'x-openstack-nova-api-version': '2.1', 'date': 'Sat, 05 Dec 2015 07:20:57 GMT', 'content-type': 'application/json'}
        Body: {"server": {"security_groups": [{"name": "tempest-secgroup-smoke-100583108"}], "OS-DCF:diskConfig": "MANUAL", "id": "db0a6e22-42a4-475c-b90b-9adc25feec96", "links": [{"href": "http://10.0.2.15:8774/v2.1/17d8006148ee4592a5cbb08e71db03ea/servers/db0a6e22-42a4-475c-b90b-9adc25feec96", "rel": "self"}, {"href": "http://10.0.2.15:8774/17d8006148ee4592a5cbb08e71db03ea/servers/db0a6e22-42a4-475c-b90b-9adc25feec96", "rel": "bookmark"}], "adminPass": "YesCmfm9Y5Vq"}}
2015-12-05 07:20:57,425 20269 INFO     [tempest_lib.common.rest_client] Request (TestNetworkAdvancedServerOps:test_server_connectivity_pause_unpause): 200 GET http://10.0.2.15:8774/v2.1/17d8006148ee4592a5cbb08e71db03ea/servers/db0a6e22-42a4-475c-b90b-9adc25feec96 0.248s
2015-12-05 07:20:57,426 20269 DEBUG    [tempest_lib.common.rest_client] Request - Headers: {'Content-Type': 'application/json', 'Accept': 'application/json', 'X-Auth-Token': '&lt;omitted&gt;'}
        Body: None
    Response - Headers: {'status': '200', 'content-length': '1365', 'content-location': 'http://10.0.2.15:8774/v2.1/17d8006148ee4592a5cbb08e71db03ea/servers/db0a6e22-42a4-475c-b90b-9adc25feec96', 'x-compute-request-id': 'req-3efaeca9-aa67-40b4-a5eb-d6dfca7dc210', 'vary': 'X-OpenStack-Nova-API-Version', 'connection': 'close', 'x-openstack-nova-api-version': '2.1', 'date': 'Sat, 05 Dec 2015 07:20:57 GMT', 'content-type': 'application/json'}
        Body: {"server": {"status": "BUILD", "updated": "2015-12-05T07:20:57Z", "hostId": "", "addresses": {}, "links": [{"href": "http://10.0.2.15:8774/v2.1/17d8006148ee4592a5cbb08e71db03ea/servers/db0a6e22-42a4-475c-b90b-9adc25feec96", "rel": "self"}, {"href": "http://10.0.2.15:8774/17d8006148ee4592a5cbb08e71db03ea/servers/db0a6e22-42a4-475c-b90b-9adc25feec96", "rel": "bookmark"}], "key_name": "tempest-TestNetworkAdvancedServerOps-1132386843", "image": {"id": "f43b71bb-35c7-4481-b19e-ad50ff44be50", "links": [{"href": "http://10.0.2.15:8774/17d8006148ee4592a5cbb08e71db03ea/images/f43b71bb-35c7-4481-b19e-ad50ff44be50", "rel": "bookmark"}]}, "OS-EXT-STS:task_state": "scheduling", "OS-EXT-STS:vm_state": "building", "OS-SRV-USG:launched_at": null, "flavor": {"id": "42", "links": [{"href": "http://10.0.2.15:8774/17d8006148ee4592a5cbb08e71db03ea/flavors/42", "rel": "bookmark"}]}, "id": "db0a6e22-42a4-475c-b90b-9adc25feec96", "OS-SRV-USG:terminated_at": null, "OS-EXT-AZ:availability_zone": "", "user_id": "e1d6423a880144aba73b195f7dd5d00f", "name": "tempest.common.compute-instance-1430850068", "created": "2015-12-05T07:20:57Z", "tenant_id": "17d8006148ee4592a5cbb08e71db03ea", "OS-DCF:diskConfig": "MANUAL", "os-extended-volumes:volumes_attached": [], "accessIPv4": "", "accessIPv6": "", "progress": 0, "OS-EXT-STS:power_state": 0, "config_drive": "", "metadata": {}}}
2015-12-05 07:20:58,685 20269 INFO     [tempest_lib.common.rest_client] Request (TestNetworkAdvancedServerOps:test_server_connectivity_pause_unpause): 200 GET http://10.0.2.15:8774/v2.1/17d8006148ee4592a5cbb08e71db03ea/servers/db0a6e22-42a4-475c-b90b-9adc25feec96 0.249s
2015-12-05 07:20:58,685 20269 DEBUG    [tempest_lib.common.rest_client] Request - Headers: {'Content-Type': 'application/json', 'Accept': 'application/json', 'X-Auth-Token': '&lt;omitted&gt;'}
        Body: None
    Response - Headers: {'status': '200', 'content-length': '1490', 'content-location': 'http://10.0.2.15:8774/v2.1/17d8006148ee4592a5cbb08e71db03ea/servers/db0a6e22-42a4-475c-b90b-9adc25feec96', 'x-compute-request-id': 'req-3c42510c-dd57-4ec0-a3e0-324b11cd13a8', 'vary': 'X-OpenStack-Nova-API-Version', 'connection': 'close', 'x-openstack-nova-api-version': '2.1', 'date': 'Sat, 05 Dec 2015 07:20:58 GMT', 'content-type': 'application/json'}
        Body: {"server": {"status": "BUILD", "updated": "2015-12-05T07:20:58Z", "hostId": "2f2d6ff4b8eaa046e5cf6faa5695076d6fa8d173432722827099695b", "addresses": {}, "links": [{"href": "http://10.0.2.15:8774/v2.1/17d8006148ee4592a5cbb08e71db03ea/servers/db0a6e22-42a4-475c-b90b-9adc25feec96", "rel": "self"}, {"href": "http://10.0.2.15:8774/17d8006148ee4592a5cbb08e71db03ea/servers/db0a6e22-42a4-475c-b90b-9adc25feec96", "rel": "bookmark"}], "key_name": "tempest-TestNetworkAdvancedServerOps-1132386843", "image": {"id": "f43b71bb-35c7-4481-b19e-ad50ff44be50", "links": [{"href": "http://10.0.2.15:8774/17d8006148ee4592a5cbb08e71db03ea/images/f43b71bb-35c7-4481-b19e-ad50ff44be50", "rel": "bookmark"}]}, "OS-EXT-STS:task_state": "spawning", "OS-EXT-STS:vm_state": "building", "OS-SRV-USG:launched_at": null, "flavor": {"id": "42", "links": [{"href": "http://10.0.2.15:8774/17d8006148ee4592a5cbb08e71db03ea/flavors/42", "rel": "bookmark"}]}, "id": "db0a6e22-42a4-475c-b90b-9adc25feec96", "security_groups": [{"name": "tempest-secgroup-smoke-100583108"}], "OS-SRV-USG:terminated_at": null, "OS-EXT-AZ:availability_zone": "nova", "user_id": "e1d6423a880144aba73b195f7dd5d00f", "name": "tempest.common.compute-instance-1430850068", "created": "2015-12-05T07:20:57Z", "tenant_id": "17d8006148ee4592a5cbb08e71db03ea", "OS-DCF:diskConfig": "MANUAL", "os-extended-volumes:volumes_attached": [], "accessIPv4": "", "accessIPv6": "", "progress": 0, "OS-EXT-STS:power_state": 0, "config_drive": "", "metadata": {}}}
2015-12-05 07:20:58,694 20269 INFO     [tempest.common.waiters] State transition "BUILD/scheduling" ==&gt; "BUILD/spawning" after 1 second wait
2015-12-05 07:21:00,142 20269 INFO     [tempest_lib.common.rest_client] Request (TestNetworkAdvancedServerOps:test_server_connectivity_pause_unpause): 200 GET http://10.0.2.15:8774/v2.1/17d8006148ee4592a5cbb08e71db03ea/servers/db0a6e22-42a4-475c-b90b-9adc25feec96 0.446s
2015-12-05 07:21:00,143 20269 DEBUG    [tempest_lib.common.rest_client] Request - Headers: {'Content-Type': 'application/json', 'Accept': 'application/json', 'X-Auth-Token': '&lt;omitted&gt;'}
        Body: None
    Response - Headers: {'status': '200', 'content-length': '1490', 'content-location': 'http://10.0.2.15:8774/v2.1/17d8006148ee4592a5cbb08e71db03ea/servers/db0a6e22-42a4-475c-b90b-9adc25feec96', 'x-compute-request-id': 'req-bd2a8265-0111-41d9-a7d3-ec4a7c1493aa', 'vary': 'X-OpenStack-Nova-API-Version', 'connection': 'close', 'x-openstack-nova-api-version': '2.1', 'date': 'Sat, 05 Dec 2015 07:21:00 GMT', 'content-type': 'application/json'}
        Body: {"server": {"status": "BUILD", "updated": "2015-12-05T07:20:58Z", "hostId": "2f2d6ff4b8eaa046e5cf6faa5695076d6fa8d173432722827099695b", "addresses": {}, "links": [{"href": "http://10.0.2.15:8774/v2.1/17d8006148ee4592a5cbb08e71db03ea/servers/db0a6e22-42a4-475c-b90b-9adc25feec96", "rel": "self"}, {"href": "http://10.0.2.15:8774/17d8006148ee4592a5cbb08e71db03ea/servers/db0a6e22-42a4-475c-b90b-9adc25feec96", "rel": "bookmark"}], "key_name": "tempest-TestNetworkAdvancedServerOps-1132386843", "image": {"id": "f43b71bb-35c7-4481-b19e-ad50ff44be50", "links": [{"href": "http://10.0.2.15:8774/17d8006148ee4592a5cbb08e71db03ea/images/f43b71bb-35c7-4481-b19e-ad50ff44be50", "rel": "bookmark"}]}, "OS-EXT-STS:task_state": "spawning", "OS-EXT-STS:vm_state": "building", "OS-SRV-USG:launched_at": null, "flavor": {"id": "42", "links": [{"href": "http://10.0.2.15:8774/17d8006148ee4592a5cbb08e71db03ea/flavors/42", "rel": "bookmark"}]}, "id": "db0a6e22-42a4-475c-b90b-9adc25feec96", "security_groups": [{"name": "tempest-secgroup-smoke-100583108"}], "OS-SRV-USG:terminated_at": null, "OS-EXT-AZ:availability_zone": "nova", "user_id": "e1d6423a880144aba73b195f7dd5d00f", "name": "tempest.common.compute-instance-1430850068", "created": "2015-12-05T07:20:57Z", "tenant_id": "17d8006148ee4592a5cbb08e71db03ea", "OS-DCF:diskConfig": "MANUAL", "os-extended-volumes:volumes_attached": [], "accessIPv4": "", "accessIPv6": "", "progress": 0, "OS-EXT-STS:power_state": 0, "config_drive": "", "metadata": {}}}
2015-12-05 07:21:01,386 20269 INFO     [tempest_lib.common.rest_client] Request (TestNetworkAdvancedServerOps:test_server_connectivity_pause_unpause): 200 GET http://10.0.2.15:8774/v2.1/17d8006148ee4592a5cbb08e71db03ea/servers/db0a6e22-42a4-475c-b90b-9adc25feec96 0.226s
2015-12-05 07:21:01,387 20269 DEBUG    [tempest_lib.common.rest_client] Request - Headers: {'Content-Type': 'application/json', 'Accept': 'application/json', 'X-Auth-Token': '&lt;omitted&gt;'}
        Body: None
    Response - Headers: {'status': '200', 'content-length': '1661', 'content-location': 'http://10.0.2.15:8774/v2.1/17d8006148ee4592a5cbb08e71db03ea/servers/db0a6e22-42a4-475c-b90b-9adc25feec96', 'x-compute-request-id': 'req-f094407a-75aa-411a-928c-c1e7f0065370', 'vary': 'X-OpenStack-Nova-API-Version', 'connection': 'close', 'x-openstack-nova-api-version': '2.1', 'date': 'Sat, 05 Dec 2015 07:21:01 GMT', 'content-type': 'application/json'}
        Body: {"server": {"status": "ACTIVE", "updated": "2015-12-05T07:21:00Z", "hostId": "2f2d6ff4b8eaa046e5cf6faa5695076d6fa8d173432722827099695b", "addresses": {"tempest-network-smoke--470573381": [{"OS-EXT-IPS-MAC:mac_addr": "fa:16:3e:80:6e:b0", "version": 4, "addr": "10.100.0.3", "OS-EXT-IPS:type": "fixed"}]}, "links": [{"href": "http://10.0.2.15:8774/v2.1/17d8006148ee4592a5cbb08e71db03ea/servers/db0a6e22-42a4-475c-b90b-9adc25feec96", "rel": "self"}, {"href": "http://10.0.2.15:8774/17d8006148ee4592a5cbb08e71db03ea/servers/db0a6e22-42a4-475c-b90b-9adc25feec96", "rel": "bookmark"}], "key_name": "tempest-TestNetworkAdvancedServerOps-1132386843", "image": {"id": "f43b71bb-35c7-4481-b19e-ad50ff44be50", "links": [{"href": "http://10.0.2.15:8774/17d8006148ee4592a5cbb08e71db03ea/images/f43b71bb-35c7-4481-b19e-ad50ff44be50", "rel": "bookmark"}]}, "OS-EXT-STS:task_state": null, "OS-EXT-STS:vm_state": "active", "OS-SRV-USG:launched_at": "2015-12-05T07:21:00.000000", "flavor": {"id": "42", "links": [{"href": "http://10.0.2.15:8774/17d8006148ee4592a5cbb08e71db03ea/flavors/42", "rel": "bookmark"}]}, "id": "db0a6e22-42a4-475c-b90b-9adc25feec96", "security_groups": [{"name": "tempest-secgroup-smoke-100583108"}], "OS-SRV-USG:terminated_at": null, "OS-EXT-AZ:availability_zone": "nova", "user_id": "e1d6423a880144aba73b195f7dd5d00f", "name": "tempest.common.compute-instance-1430850068", "created": "2015-12-05T07:20:57Z", "tenant_id": "17d8006148ee4592a5cbb08e71db03ea", "OS-DCF:diskConfig": "MANUAL", "os-extended-volumes:volumes_attached": [], "accessIPv4": "", "accessIPv6": "", "progress": 0, "OS-EXT-STS:power_state": 1, "config_drive": "True", "metadata": {}}}
2015-12-05 07:21:01,397 20269 INFO     [tempest.common.waiters] State transition "BUILD/spawning" ==&gt; "ACTIVE/None" after 4 second wait
2015-12-05 07:21:01,591 20269 INFO     [tempest_lib.common.rest_client] Request (TestNetworkAdvancedServerOps:test_server_connectivity_pause_unpause): 200 GET http://10.0.2.15:8774/v2.1/17d8006148ee4592a5cbb08e71db03ea/servers/db0a6e22-42a4-475c-b90b-9adc25feec96 0.194s
2015-12-05 07:21:01,592 20269 DEBUG    [tempest_lib.common.rest_client] Request - Headers: {'Content-Type': 'application/json', 'Accept': 'application/json', 'X-Auth-Token': '&lt;omitted&gt;'}
        Body: None
    Response - Headers: {'status': '200', 'content-length': '1661', 'content-location': 'http://10.0.2.15:8774/v2.1/17d8006148ee4592a5cbb08e71db03ea/servers/db0a6e22-42a4-475c-b90b-9adc25feec96', 'x-compute-request-id': 'req-6e6488be-0331-4c3a-88bd-bab7802ab5cd', 'vary': 'X-OpenStack-Nova-API-Version', 'connection': 'close', 'x-openstack-nova-api-version': '2.1', 'date': 'Sat, 05 Dec 2015 07:21:01 GMT', 'content-type': 'application/json'}
        Body: {"server": {"status": "ACTIVE", "updated": "2015-12-05T07:21:00Z", "hostId": "2f2d6ff4b8eaa046e5cf6faa5695076d6fa8d173432722827099695b", "addresses": {"tempest-network-smoke--470573381": [{"OS-EXT-IPS-MAC:mac_addr": "fa:16:3e:80:6e:b0", "version": 4, "addr": "10.100.0.3", "OS-EXT-IPS:type": "fixed"}]}, "links": [{"href": "http://10.0.2.15:8774/v2.1/17d8006148ee4592a5cbb08e71db03ea/servers/db0a6e22-42a4-475c-b90b-9adc25feec96", "rel": "self"}, {"href": "http://10.0.2.15:8774/17d8006148ee4592a5cbb08e71db03ea/servers/db0a6e22-42a4-475c-b90b-9adc25feec96", "rel": "bookmark"}], "key_name": "tempest-TestNetworkAdvancedServerOps-1132386843", "image": {"id": "f43b71bb-35c7-4481-b19e-ad50ff44be50", "links": [{"href": "http://10.0.2.15:8774/17d8006148ee4592a5cbb08e71db03ea/images/f43b71bb-35c7-4481-b19e-ad50ff44be50", "rel": "bookmark"}]}, "OS-EXT-STS:task_state": null, "OS-EXT-STS:vm_state": "active", "OS-SRV-USG:launched_at": "2015-12-05T07:21:00.000000", "flavor": {"id": "42", "links": [{"href": "http://10.0.2.15:8774/17d8006148ee4592a5cbb08e71db03ea/flavors/42", "rel": "bookmark"}]}, "id": "db0a6e22-42a4-475c-b90b-9adc25feec96", "security_groups": [{"name": "tempest-secgroup-smoke-100583108"}], "OS-SRV-USG:terminated_at": null, "OS-EXT-AZ:availability_zone": "nova", "user_id": "e1d6423a880144aba73b195f7dd5d00f", "name": "tempest.common.compute-instance-1430850068", "created": "2015-12-05T07:20:57Z", "tenant_id": "17d8006148ee4592a5cbb08e71db03ea", "OS-DCF:diskConfig": "MANUAL", "os-extended-volumes:volumes_attached": [], "accessIPv4": "", "accessIPv6": "", "progress": 0, "OS-EXT-STS:power_state": 1, "config_drive": "True", "metadata": {}}}
2015-12-05 07:21:01,631 20269 INFO     [tempest_lib.common.rest_client] Request (TestNetworkAdvancedServerOps:test_server_connectivity_pause_unpause): 200 GET http://10.0.2.15:9696/v2.0/ports?status=ACTIVE&amp;fixed_ip=None&amp;device_id=db0a6e22-42a4-475c-b90b-9adc25feec96 0.031s
2015-12-05 07:21:01,631 20269 DEBUG    [tempest_lib.common.rest_client] Request - Headers: {'Content-Type': 'application/json', 'Accept': 'application/json', 'X-Auth-Token': '&lt;omitted&gt;'}
        Body: None
    Response - Headers: {'status': '200', 'content-length': '895', 'content-location': 'http://10.0.2.15:9696/v2.0/ports?status=ACTIVE&amp;fixed_ip=None&amp;device_id=db0a6e22-42a4-475c-b90b-9adc25feec96', 'connection': 'close', 'date': 'Sat, 05 Dec 2015 07:21:01 GMT', 'content-type': 'application/json; charset=UTF-8', 'x-openstack-request-id': 'req-1ff8a88a-27ef-4890-8d82-557c0d899dfe'}
        Body: {"ports": [{"status": "ACTIVE", "binding:host_id": "vagrant-ubuntu-trusty-64", "allowed_address_pairs": [], "extra_dhcp_opts": [], "dns_assignment": [{"hostname": "host-10-100-0-3", "ip_address": "10.100.0.3", "fqdn": "host-10-100-0-3.openstacklocal."}], "device_owner": "compute:None", "port_security_enabled": true, "binding:profile": {}, "fixed_ips": [{"subnet_id": "318dcb6c-a01b-4497-9c17-268d828f820b", "ip_address": "10.100.0.3"}], "id": "34947a87-8677-4fd5-b71e-1a923fc2dc13", "security_groups": ["51d23c57-df8c-450e-94dd-84e2dac2e365"], "device_id": "db0a6e22-42a4-475c-b90b-9adc25feec96", "name": "", "admin_state_up": true, "network_id": "69137ee6-87df-41a6-9d94-ca4b0c033bec", "dns_name": "", "binding:vif_details": {"port_filter": true}, "binding:vnic_type": "normal", "binding:vif_type": "ovs", "tenant_id": "17d8006148ee4592a5cbb08e71db03ea", "mac_address": "fa:16:3e:80:6e:b0"}]}
2015-12-05 07:21:02,159 20269 INFO     [tempest_lib.common.rest_client] Request (TestNetworkAdvancedServerOps:test_server_connectivity_pause_unpause): 201 POST http://10.0.2.15:9696/v2.0/floatingips 0.527s
2015-12-05 07:21:02,160 20269 DEBUG    [tempest_lib.common.rest_client] Request - Headers: {'Content-Type': 'application/json', 'Accept': 'application/json', 'X-Auth-Token': '&lt;omitted&gt;'}
        Body: {"floatingip": {"floating_network_id": "fe4366a4-8673-4500-ad52-2ea3b8e70edf", "tenant_id": "17d8006148ee4592a5cbb08e71db03ea", "fixed_ip_address": "10.100.0.3", "port_id": "34947a87-8677-4fd5-b71e-1a923fc2dc13"}}
    Response - Headers: {'status': '201', 'content-length': '367', 'connection': 'close', 'date': 'Sat, 05 Dec 2015 07:21:02 GMT', 'content-type': 'application/json; charset=UTF-8', 'x-openstack-request-id': 'req-f82b51f6-ee5a-4a06-aa4c-cc0920a539ad'}
        Body: {"floatingip": {"floating_network_id": "fe4366a4-8673-4500-ad52-2ea3b8e70edf", "router_id": "4141f6e9-92d8-41f5-a3f1-958552e1a41c", "fixed_ip_address": "10.100.0.3", "floating_ip_address": "172.24.4.4", "tenant_id": "17d8006148ee4592a5cbb08e71db03ea", "status": "DOWN", "port_id": "34947a87-8677-4fd5-b71e-1a923fc2dc13", "id": "7c7f5f83-f5e4-4fc6-bdee-105fab890c0a"}}
2015-12-05 07:21:02,393 20269 INFO     [tempest_lib.common.rest_client] Request (TestNetworkAdvancedServerOps:test_server_connectivity_pause_unpause): 200 GET http://10.0.2.15:8774/v2.1/17d8006148ee4592a5cbb08e71db03ea/servers/db0a6e22-42a4-475c-b90b-9adc25feec96 0.232s
2015-12-05 07:21:02,393 20269 DEBUG    [tempest_lib.common.rest_client] Request - Headers: {'Content-Type': 'application/json', 'Accept': 'application/json', 'X-Auth-Token': '&lt;omitted&gt;'}
        Body: None
    Response - Headers: {'status': '200', 'content-length': '1661', 'content-location': 'http://10.0.2.15:8774/v2.1/17d8006148ee4592a5cbb08e71db03ea/servers/db0a6e22-42a4-475c-b90b-9adc25feec96', 'x-compute-request-id': 'req-e0afdeec-1a1a-4a5d-9f24-309ffde474b4', 'vary': 'X-OpenStack-Nova-API-Version', 'connection': 'close', 'x-openstack-nova-api-version': '2.1', 'date': 'Sat, 05 Dec 2015 07:21:02 GMT', 'content-type': 'application/json'}
        Body: {"server": {"status": "ACTIVE", "updated": "2015-12-05T07:21:00Z", "hostId": "2f2d6ff4b8eaa046e5cf6faa5695076d6fa8d173432722827099695b", "addresses": {"tempest-network-smoke--470573381": [{"OS-EXT-IPS-MAC:mac_addr": "fa:16:3e:80:6e:b0", "version": 4, "addr": "10.100.0.3", "OS-EXT-IPS:type": "fixed"}]}, "links": [{"href": "http://10.0.2.15:8774/v2.1/17d8006148ee4592a5cbb08e71db03ea/servers/db0a6e22-42a4-475c-b90b-9adc25feec96", "rel": "self"}, {"href": "http://10.0.2.15:8774/17d8006148ee4592a5cbb08e71db03ea/servers/db0a6e22-42a4-475c-b90b-9adc25feec96", "rel": "bookmark"}], "key_name": "tempest-TestNetworkAdvancedServerOps-1132386843", "image": {"id": "f43b71bb-35c7-4481-b19e-ad50ff44be50", "links": [{"href": "http://10.0.2.15:8774/17d8006148ee4592a5cbb08e71db03ea/images/f43b71bb-35c7-4481-b19e-ad50ff44be50", "rel": "bookmark"}]}, "OS-EXT-STS:task_state": null, "OS-EXT-STS:vm_state": "active", "OS-SRV-USG:launched_at": "2015-12-05T07:21:00.000000", "flavor": {"id": "42", "links": [{"href": "http://10.0.2.15:8774/17d8006148ee4592a5cbb08e71db03ea/flavors/42", "rel": "bookmark"}]}, "id": "db0a6e22-42a4-475c-b90b-9adc25feec96", "security_groups": [{"name": "tempest-secgroup-smoke-100583108"}], "OS-SRV-USG:terminated_at": null, "OS-EXT-AZ:availability_zone": "nova", "user_id": "e1d6423a880144aba73b195f7dd5d00f", "name": "tempest.common.compute-instance-1430850068", "created": "2015-12-05T07:20:57Z", "tenant_id": "17d8006148ee4592a5cbb08e71db03ea", "OS-DCF:diskConfig": "MANUAL", "os-extended-volumes:volumes_attached": [], "accessIPv4": "", "accessIPv6": "", "progress": 0, "OS-EXT-STS:power_state": 1, "config_drive": "True", "metadata": {}}}
2015-12-05 07:21:02,402 20269 INFO     [tempest.scenario.manager] Tenant networks not configured to be reachable.
2015-12-05 07:21:02,417 20269 INFO     [tempest_lib.common.rest_client] Request (TestNetworkAdvancedServerOps:test_server_connectivity_pause_unpause): 200 GET http://10.0.2.15:9696/v2.0/floatingips/7c7f5f83-f5e4-4fc6-bdee-105fab890c0a 0.015s
2015-12-05 07:21:02,417 20269 DEBUG    [tempest_lib.common.rest_client] Request - Headers: {'Content-Type': 'application/json', 'Accept': 'application/json', 'X-Auth-Token': '&lt;omitted&gt;'}
        Body: None
    Response - Headers: {'status': '200', 'content-length': '367', 'content-location': 'http://10.0.2.15:9696/v2.0/floatingips/7c7f5f83-f5e4-4fc6-bdee-105fab890c0a', 'connection': 'close', 'date': 'Sat, 05 Dec 2015 07:21:02 GMT', 'content-type': 'application/json; charset=UTF-8', 'x-openstack-request-id': 'req-c932900b-59b9-4d39-9374-d801655a8b56'}
        Body: {"floatingip": {"floating_network_id": "fe4366a4-8673-4500-ad52-2ea3b8e70edf", "router_id": "4141f6e9-92d8-41f5-a3f1-958552e1a41c", "fixed_ip_address": "10.100.0.3", "floating_ip_address": "172.24.4.4", "tenant_id": "17d8006148ee4592a5cbb08e71db03ea", "status": "DOWN", "port_id": "34947a87-8677-4fd5-b71e-1a923fc2dc13", "id": "7c7f5f83-f5e4-4fc6-bdee-105fab890c0a"}}
2015-12-05 07:21:03,434 20269 INFO     [tempest_lib.common.rest_client] Request (TestNetworkAdvancedServerOps:test_server_connectivity_pause_unpause): 200 GET http://10.0.2.15:9696/v2.0/floatingips/7c7f5f83-f5e4-4fc6-bdee-105fab890c0a 0.014s
2015-12-05 07:21:03,434 20269 DEBUG    [tempest_lib.common.rest_client] Request - Headers: {'Content-Type': 'application/json', 'Accept': 'application/json', 'X-Auth-Token': '&lt;omitted&gt;'}
        Body: None
    Response - Headers: {'status': '200', 'content-length': '369', 'content-location': 'http://10.0.2.15:9696/v2.0/floatingips/7c7f5f83-f5e4-4fc6-bdee-105fab890c0a', 'connection': 'close', 'date': 'Sat, 05 Dec 2015 07:21:03 GMT', 'content-type': 'application/json; charset=UTF-8', 'x-openstack-request-id': 'req-e239d4d8-8944-4d7f-87e9-0171ae1b7020'}
        Body: {"floatingip": {"floating_network_id": "fe4366a4-8673-4500-ad52-2ea3b8e70edf", "router_id": "4141f6e9-92d8-41f5-a3f1-958552e1a41c", "fixed_ip_address": "10.100.0.3", "floating_ip_address": "172.24.4.4", "tenant_id": "17d8006148ee4592a5cbb08e71db03ea", "status": "ACTIVE", "port_id": "34947a87-8677-4fd5-b71e-1a923fc2dc13", "id": "7c7f5f83-f5e4-4fc6-bdee-105fab890c0a"}}
2015-12-05 07:21:03,435 20269 INFO     [tempest.scenario.manager] FloatingIP: &lt;"FloatingIP" addr="172.24.4.4" id="7c7f5f83-f5e4-4fc6-bdee-105fab890c0a"&gt; is at status: ACTIVE
2015-12-05 07:21:03,435 20269 DEBUG    [tempest.scenario.manager] checking network connections to IP 172.24.4.4 with user: cirros
2015-12-05 07:21:03,435 20269 DEBUG    [tempest.scenario.manager] TestNetworkAdvancedServerOps:test_server_connectivity_pause_unpause begins to ping 172.24.4.4 in 120 sec and the expected result is reachable
2015-12-05 07:23:03,758 20269 DEBUG    [tempest.scenario.manager] TestNetworkAdvancedServerOps:test_server_connectivity_pause_unpause finishes ping 172.24.4.4 in 120 sec and the ping result is unexpected
2015-12-05 07:23:03,760 20269 ERROR    [tempest.scenario.manager] Public network connectivity check failed
2015-12-05 07:23:03.760 20269 ERROR tempest.scenario.manager Traceback (most recent call last):
2015-12-05 07:23:03.760 20269 ERROR tempest.scenario.manager   File "tempest/scenario/manager.py", line 606, in check_public_network_connectivity
2015-12-05 07:23:03.760 20269 ERROR tempest.scenario.manager     should_connect=should_connect)
2015-12-05 07:23:03.760 20269 ERROR tempest.scenario.manager   File "tempest/scenario/manager.py", line 590, in check_vm_connectivity
2015-12-05 07:23:03.760 20269 ERROR tempest.scenario.manager     msg=msg)
2015-12-05 07:23:03.760 20269 ERROR tempest.scenario.manager   File "/usr/local/lib/python2.7/dist-packages/unittest2/case.py", line 702, in assertTrue
2015-12-05 07:23:03.760 20269 ERROR tempest.scenario.manager     raise self.failureException(msg)
2015-12-05 07:23:03.760 20269 ERROR tempest.scenario.manager AssertionError: False is not true : Timed out waiting for 172.24.4.4 to become reachable
2015-12-05 07:23:03.760 20269 ERROR tempest.scenario.manager 
2015-12-05 07:23:03,961 20269 INFO     [tempest_lib.common.rest_client] Request (TestNetworkAdvancedServerOps:test_server_connectivity_pause_unpause): 200 POST http://10.0.2.15:8774/v2.1/17d8006148ee4592a5cbb08e71db03ea/servers/db0a6e22-42a4-475c-b90b-9adc25feec96/action 0.197s
2015-12-05 07:23:03,961 20269 DEBUG    [tempest_lib.common.rest_client] Request - Headers: {'Content-Type': 'application/json', 'Accept': 'application/json', 'X-Auth-Token': '&lt;omitted&gt;'}
        Body: {"os-getConsoleOutput": {}}
    Response - Headers: {'status': '200', 'content-length': '17429', 'x-compute-request-id': 'req-77a68202-e78a-457e-8858-662479ec9c64', 'vary': 'X-OpenStack-Nova-API-Version', 'connection': 'close', 'x-openstack-nova-api-version': '2.1', 'date': 'Sat, 05 Dec 2015 07:23:03 GMT', 'content-type': 'application/json'}
        Body: {"output": "[    0.000000] Initializing cgroup subsys cpuset\n[    0.000000] Initializing cgroup subsys cpu\n[    0.000000] Linux version 3.2.0-80-virtual (buildd@batsu) (gcc version 4.6.3 (Ubuntu/Linaro 4.6.3-1ubuntu5) ) #116-Ubuntu SMP Mon Mar 23 17:28:52 UTC 2015 (Ubuntu 3.2.0-80.116-virtual 3.2.68)\n[    0.000000] Command line: root=/dev/vda console=tty0 console=ttyS0 no_timer_check\n[    0.000000] KERNEL supported cpus:\n[    0.000000]   Intel GenuineIntel\n[    0.000000]   AMD AuthenticAMD\n[    0.000000]   Centaur CentaurHauls\n[    0.000000] BIOS-provided physical RAM map:\n[    0.000000]  BIOS-e820: 0000000000000000 - 000000000009fc00 (usable)\n[    0.000000]  BIOS-e820: 000000000009fc00 - 00000000000a0000 (reserved)\n[    0.000000]  BIOS-e820: 00000000000f0000 - 0000000000100000 (reserved)\n[    0.000000]  BIOS-e820: 0000000000100000 - 0000000003ffe000 (usable)\n[    0.000000]  BIOS-e820: 0000000003ffe000 - 0000000004000000 (reserved)\n[    0.000000]  BIOS-e820: 00000000fffc0000 - 0000000100000000 (reserved)\n[    0.000000] NX (Execute Disable) protection: active\n[    0.000000] SMBIOS 2.4 present.\n[    0.000000] No AGP bridge found\n[    0.000000] last_pfn = 0x3ffe max_arch_pfn = 0x400000000\n[    0.000000] x86 PAT enabled: cpu 0, old 0x7040600070406, new 0x7010600070106\n[    0.000000] found SMP MP-table at [ffff8800000f0b00] f0b00\n[    0.000000] init_memory_mapping: 0000000000000000-0000000003ffe000\n[    0.000000] RAMDISK: 03c5e000 - 03ff0000\n[    0.000000] ACPI: RSDP 00000000000f0950 00014 (v00 BOCHS )\n[    0.000000] ACPI: RSDT 0000000003fffbc1 00034 (v01 BOCHS  BXPCRSDT 00000001 BXPC 00000001)\n[    0.000000] ACPI: FACP 0000000003fff1c0 00074 (v01 BOCHS  BXPCFACP 00000001 BXPC 00000001)\n[    0.000000] ACPI: DSDT 0000000003ffe040 01180 (v01 BOCHS  BXPCDSDT 00000001 BXPC 00000001)\n[    0.000000] ACPI: FACS 0000000003ffe000 00040\n[    0.000000] ACPI: SSDT 0000000003fff234 008DD (v01 BOCHS  BXPCSSDT 00000001 BXPC 00000001)\n[    0.000000] ACPI: APIC 0000000003fffb11 00078 (v01 BOCHS  BXPCAPIC 00000001 BXPC 00000001)\n[    0.000000] ACPI: HPET 0000000003fffb89 00038 (v01 BOCHS  BXPCHPET 00000001 BXPC 00000001)\n[    0.000000] No NUMA configuration found\n[    0.000000] Faking a node at 0000000000000000-0000000003ffe000\n[    0.000000] Initmem setup node 0 0000000000000000-0000000003ffe000\n[    0.000000]   NODE_DATA [0000000003ff6000 - 0000000003ffafff]\n[    0.000000] Zone PFN ranges:\n[    0.000000]   DMA      0x00000010 -&gt; 0x00001000\n[    0.000000]   DMA32    0x00001000 -&gt; 0x00100000\n[    0.000000]   Normal   empty\n[    0.000000] Movable zone start PFN for each node\n[    0.000000] early_node_map[2] active PFN ranges\n[    0.000000]     0: 0x00000010 -&gt; 0x0000009f\n[    0.000000]     0: 0x00000100 -&gt; 0x00003ffe\n[    0.000000] ACPI: PM-Timer IO Port: 0xb008\n[    0.000000] ACPI: LAPIC (acpi_id[0x00] lapic_id[0x00] enabled)\n[    0.000000] ACPI: LAPIC_NMI (acpi_id[0xff] dfl dfl lint[0x1])\n[    0.000000] ACPI: IOAPIC (id[0x00] address[0xfec00000] gsi_base[0])\n[    0.000000] IOAPIC[0]: apic_id 0, version 17, address 0xfec00000, GSI 0-23\n[    0.000000] ACPI: INT_SRC_OVR (bus 0 bus_irq 0 global_irq 2 dfl dfl)\n[    0.000000] ACPI: INT_SRC_OVR (bus 0 bus_irq 5 global_irq 5 high level)\n[    0.000000] ACPI: INT_SRC_OVR (bus 0 bus_irq 9 global_irq 9 high level)\n[    0.000000] ACPI: INT_SRC_OVR (bus 0 bus_irq 10 global_irq 10 high level)\n[    0.000000] ACPI: INT_SRC_OVR (bus 0 bus_irq 11 global_irq 11 high level)\n[    0.000000] Using ACPI (MADT) for SMP configuration information\n[    0.000000] ACPI: HPET id: 0x8086a201 base: 0xfed00000\n[    0.000000] SMP: Allowing 1 CPUs, 0 hotplug CPUs\n[    0.000000] PM: Registered nosave memory: 000000000009f000 - 00000000000a0000\n[    0.000000] PM: Registered nosave memory: 00000000000a0000 - 00000000000f0000\n[    0.000000] PM: Registered nosave memory: 00000000000f0000 - 0000000000100000\n[    0.000000] Allocating PCI resources starting at 4000000 (gap: 4000000:fbfc0000)\n[    0.000000] Booting paravirtualized kernel on bare hardware\n[    0.000000] setup_pe
2015-12-05 07:23:03,963 20269 DEBUG    [tempest.scenario.manager] Console output for db0a6e22-42a4-475c-b90b-9adc25feec96
body=
[    0.000000] Initializing cgroup subsys cpuset
[    0.000000] Initializing cgroup subsys cpu
[    0.000000] Linux version 3.2.0-80-virtual (buildd@batsu) (gcc version 4.6.3 (Ubuntu/Linaro 4.6.3-1ubuntu5) ) #116-Ubuntu SMP Mon Mar 23 17:28:52 UTC 2015 (Ubuntu 3.2.0-80.116-virtual 3.2.68)
[    0.000000] Command line: root=/dev/vda console=tty0 console=ttyS0 no_timer_check
[    0.000000] KERNEL supported cpus:
[    0.000000]   Intel GenuineIntel
[    0.000000]   AMD AuthenticAMD
[    0.000000]   Centaur CentaurHauls
[    0.000000] BIOS-provided physical RAM map:
[    0.000000]  BIOS-e820: 0000000000000000 - 000000000009fc00 (usable)
[    0.000000]  BIOS-e820: 000000000009fc00 - 00000000000a0000 (reserved)
[    0.000000]  BIOS-e820: 00000000000f0000 - 0000000000100000 (reserved)
[    0.000000]  BIOS-e820: 0000000000100000 - 0000000003ffe000 (usable)
[    0.000000]  BIOS-e820: 0000000003ffe000 - 0000000004000000 (reserved)
[    0.000000]  BIOS-e820: 00000000fffc0000 - 0000000100000000 (reserved)
[    0.000000] NX (Execute Disable) protection: active
[    0.000000] SMBIOS 2.4 present.
[    0.000000] No AGP bridge found
[    0.000000] last_pfn = 0x3ffe max_arch_pfn = 0x400000000
[    0.000000] x86 PAT enabled: cpu 0, old 0x7040600070406, new 0x7010600070106
[    0.000000] found SMP MP-table at [ffff8800000f0b00] f0b00
[    0.000000] init_memory_mapping: 0000000000000000-0000000003ffe000
[    0.000000] RAMDISK: 03c5e000 - 03ff0000
[    0.000000] ACPI: RSDP 00000000000f0950 00014 (v00 BOCHS )
[    0.000000] ACPI: RSDT 0000000003fffbc1 00034 (v01 BOCHS  BXPCRSDT 00000001 BXPC 00000001)
[    0.000000] ACPI: FACP 0000000003fff1c0 00074 (v01 BOCHS  BXPCFACP 00000001 BXPC 00000001)
[    0.000000] ACPI: DSDT 0000000003ffe040 01180 (v01 BOCHS  BXPCDSDT 00000001 BXPC 00000001)
[    0.000000] ACPI: FACS 0000000003ffe000 00040
[    0.000000] ACPI: SSDT 0000000003fff234 008DD (v01 BOCHS  BXPCSSDT 00000001 BXPC 00000001)
[    0.000000] ACPI: APIC 0000000003fffb11 00078 (v01 BOCHS  BXPCAPIC 00000001 BXPC 00000001)
[    0.000000] ACPI: HPET 0000000003fffb89 00038 (v01 BOCHS  BXPCHPET 00000001 BXPC 00000001)
[    0.000000] No NUMA configuration found
[    0.000000] Faking a node at 0000000000000000-0000000003ffe000
[    0.000000] Initmem setup node 0 0000000000000000-0000000003ffe000
[    0.000000]   NODE_DATA [0000000003ff6000 - 0000000003ffafff]
[    0.000000] Zone PFN ranges:
[    0.000000]   DMA      0x00000010 -&gt; 0x00001000
[    0.000000]   DMA32    0x00001000 -&gt; 0x00100000
[    0.000000]   Normal   empty
[    0.000000] Movable zone start PFN for each node
[    0.000000] early_node_map[2] active PFN ranges
[    0.000000]     0: 0x00000010 -&gt; 0x0000009f
[    0.000000]     0: 0x00000100 -&gt; 0x00003ffe
[    0.000000] ACPI: PM-Timer IO Port: 0xb008
[    0.000000] ACPI: LAPIC (acpi_id[0x00] lapic_id[0x00] enabled)
[    0.000000] ACPI: LAPIC_NMI (acpi_id[0xff] dfl dfl lint[0x1])
[    0.000000] ACPI: IOAPIC (id[0x00] address[0xfec00000] gsi_base[0])
[    0.000000] IOAPIC[0]: apic_id 0, version 17, address 0xfec00000, GSI 0-23
[    0.000000] ACPI: INT_SRC_OVR (bus 0 bus_irq 0 global_irq 2 dfl dfl)
[    0.000000] ACPI: INT_SRC_OVR (bus 0 bus_irq 5 global_irq 5 high level)
[    0.000000] ACPI: INT_SRC_OVR (bus 0 bus_irq 9 global_irq 9 high level)
[    0.000000] ACPI: INT_SRC_OVR (bus 0 bus_irq 10 global_irq 10 high level)
[    0.000000] ACPI: INT_SRC_OVR (bus 0 bus_irq 11 global_irq 11 high level)
[    0.000000] Using ACPI (MADT) for SMP configuration information
[    0.000000] ACPI: HPET id: 0x8086a201 base: 0xfed00000
[    0.000000] SMP: Allowing 1 CPUs, 0 hotplug CPUs
[    0.000000] PM: Registered nosave memory: 000000000009f000 - 00000000000a0000
[    0.000000] PM: Registered nosave memory: 00000000000a0000 - 00000000000f0000
[    0.000000] PM: Registered nosave memory: 00000000000f0000 - 0000000000100000
[    0.000000] Allocating PCI resources starting at 4000000 (gap: 4000000:fbfc0000)
[    0.000000] Booting paravirtualized kernel on bare hardware
[    0.000000] setup_percpu: NR_CPUS:64 nr_cpumask_bits:64 nr_cpu_ids:1 nr_node_ids:1
[    0.000000] PERCPU: Embedded 27 pages/cpu @ffff880003a00000 s78848 r8192 d23552 u2097152
[    0.000000] Built 1 zonelists in Node order, mobility grouping on.  Total pages: 16008
[    0.000000] Policy zone: DMA32
[    0.000000] Kernel command line: root=/dev/vda console=tty0 console=ttyS0 no_timer_check
[    0.000000] PID hash table entries: 256 (order: -1, 2048 bytes)
[    0.000000] Checking aperture...
[    0.000000] No AGP bridge found
[    0.000000] Memory: 43492k/65528k available (6576k kernel code, 452k absent, 21584k reserved, 6620k data, 928k init)
[    0.000000] SLUB: Genslabs=15, HWalign=64, Order=0-3, MinObjects=0, CPUs=1, Nodes=1
[    0.000000] Hierarchical RCU implementation.
[    0.000000] 	RCU dyntick-idle grace-period acceleration is enabled.
[    0.000000] NR_IRQS:4352 nr_irqs:256 16
[    0.000000] Console: colour VGA+ 80x25
[    0.000000] console [tty0] enabled
[    0.000000] console [ttyS0] enabled
[    0.000000] allocated 1048576 bytes of page_cgroup
[    0.000000] please try 'cgroup_disable=memory' option if you don't want memory cgroups
[    0.000000] Fast TSC calibration failed
[    0.000000] TSC: Unable to calibrate against PIT
[    0.000000] TSC: using HPET reference calibration
[    0.000000] Detected 2294.431 MHz processor.
[    0.032273] Calibrating delay loop (skipped), value calculated using timer frequency.. 4588.86 BogoMIPS (lpj=9177724)
[    0.033598] pid_max: default: 32768 minimum: 301
[    0.041606] Security Framework initialized
[    0.045750] AppArmor: AppArmor initialized
[    0.046408] Yama: becoming mindful.
[    0.057788] Dentry cache hash table entries: 8192 (order: 4, 65536 bytes)
[    0.059330] Inode-cache hash table entries: 4096 (order: 3, 32768 bytes)
[    0.060663] Mount-cache hash table entries: 256
[    0.076525] Initializing cgroup subsys cpuacct
[    0.077692] Initializing cgroup subsys memory
[    0.078750] Initializing cgroup subsys devices
[    0.079383] Initializing cgroup subsys freezer
[    0.080052] Initializing cgroup subsys blkio
[    0.080793] Initializing cgroup subsys perf_event
[    0.085752] mce: CPU supports 10 MCE banks
[    0.089629] SMP alternatives: switching to UP code
[    0.454130] Freeing SMP alternatives: 24k freed
[    0.456928] ACPI: Core revision 20110623
[    0.500030] ftrace: allocating 26610 entries in 105 pages
[    0.532032] ..TIMER: vector=0x30 apic1=0 pin1=2 apic2=-1 pin2=-1
[    0.532133] CPU0: AMD QEMU Virtual CPU version 2.0.0 stepping 03
[    0.540033] Performance Events: Broken PMU hardware detected, using software events only.
[    0.548872] NMI watchdog disabled (cpu0): hardware events not enabled
[    0.550395] Brought up 1 CPUs
[    0.550932] Total of 1 processors activated (4588.86 BogoMIPS).
[    0.573441] devtmpfs: initialized
[    0.608542] EVM: security.selinux
[    0.609193] EVM: security.SMACK64
[    0.609685] EVM: security.capability
[    0.632753] print_constraints: dummy: 
[    0.634519] RTC time:  7:21:04, date: 12/05/15
[    0.637092] NET: Registered protocol family 16
[    0.644175] ACPI: bus type pci registered
[    0.648239] PCI: Using configuration type 1 for base access
[    0.682071] bio: create slab &lt;bio-0&gt; at 0
[    0.688863] ACPI: Added _OSI(Module Device)
[    0.689441] ACPI: Added _OSI(Processor Device)
[    0.690032] ACPI: Added _OSI(3.0 _SCP Extensions)
[    0.690607] ACPI: Added _OSI(Processor Aggregator Device)
[    0.771122] ACPI: Interpreter enabled
[    0.772175] ACPI: (supports S0 S3 S4 S5)
[    0.773929] ACPI: Using IOAPIC for interrupt routing
[    0.850614] ACPI: No dock devices found.
[    0.851293] HEST: Table not found.
[    0.852217] PCI: Using host bridge windows from ACPI; if necessary, use "pci=nocrs" and report a bug
[    0.858450] ACPI: PCI Root Bridge [PCI0] (domain 0000 [bus 00-ff])
[    0.864452] pci_root PNP0A03:00: host bridge window [io  0x0000-0x0cf7]
[    0.865293] pci_root PNP0A03:00: host bridge window [io  0x0d00-0xadff]
[    0.866830] pci_root PNP0A03:00: host bridge window [io  0xae0f-0xaeff]
[    0.868106] pci_root PNP0A03:00: host bridge window [io  0xaf20-0xafdf]
[    0.868922] pci_root PNP0A03:00: host bridge window [io  0xafe4-0xffff]
[    0.869750] pci_root PNP0A03:00: host bridge window [mem 0x000a0000-0x000bffff]
[    0.870697] pci_root PNP0A03:00: host bridge window [mem 0x04000000-0xfebfffff]
[    0.892549] pci 0000:00:01.3: quirk: [io  0xb000-0xb03f] claimed by PIIX4 ACPI
[    0.893544] pci 0000:00:01.3: quirk: [io  0xb100-0xb10f] claimed by PIIX4 SMB
[    0.961842]  pci0000:00: Unable to request _OSC control (_OSC support mask: 0x1e)
[    1.026637] ACPI: PCI Interrupt Link [LNKA] (IRQs 5 *10 11)
[    1.029246] ACPI: PCI Interrupt Link [LNKB] (IRQs 5 *10 11)
[    1.031018] ACPI: PCI Interrupt Link [LNKC] (IRQs 5 10 *11)
[    1.033323] ACPI: PCI Interrupt Link [LNKD] (IRQs 5 10 *11)
[    1.034620] ACPI: PCI Interrupt Link [LNKS] (IRQs *9)
[    1.042451] vgaarb: device added: PCI:0000:00:02.0,decodes=io+mem,owns=io+mem,locks=none
[    1.044233] vgaarb: loaded
[    1.044637] vgaarb: bridge control possible 0000:00:02.0
[    1.049516] i2c-core: driver [aat2870] using legacy suspend method
[    1.050268] i2c-core: driver [aat2870] using legacy resume method
[    1.052961] SCSI subsystem initialized
[    1.056900] usbcore: registered new interface driver usbfs
[    1.058240] usbcore: registered new interface driver hub
[    1.059453] usbcore: registered new device driver usb
[    1.064243] PCI: Using ACPI for IRQ routing
[    1.079012] NetLabel: Initializing
[    1.080179] NetLabel:  domain hash size = 128
[    1.081598] NetLabel:  protocols = UNLABELED CIPSOv4
[    1.088274] NetLabel:  unlabeled traffic allowed by default
[    1.090992] HPET: 3 timers in total, 0 timers will be used for per-cpu timer
[    1.092520] hpet0: at MMIO 0xfed00000, IRQs 2, 8, 0
[    1.093714] hpet0: 3 comparators, 64-bit 100.000000 MHz counter
[    1.108679] Switching to clocksource hpet
[    1.370427] AppArmor: AppArmor Filesystem Enabled
[    1.371627] pnp: PnP ACPI init
[    1.373092] ACPI: bus type pnp registered
[    1.394574] pnp: PnP ACPI: found 9 devices
[    1.395115] ACPI: ACPI bus type pnp unregistered
[    1.455105] NET: Registered protocol family 2
[    1.501861] IP route cache hash table entries: 512 (order: 0, 4096 bytes)
[    1.509972] TCP established hash table entries: 2048 (order: 3, 32768 bytes)
[    1.511480] TCP bind hash table entries: 2048 (order: 3, 32768 bytes)
[    1.512652] TCP: Hash tables configured (established 2048 bind 2048)
[    1.514582] TCP reno registered
[    1.515121] UDP hash table entries: 128 (order: 0, 4096 bytes)
[    1.516067] UDP-Lite hash table entries: 128 (order: 0, 4096 bytes)
[    1.518791] NET: Registered protocol family 1
[    1.519853] pci 0000:00:00.0: Limiting direct PCI/PCI transfers
[    1.521909] pci 0000:00:01.0: PIIX3: Enabling Passive Release
[    1.522903] pci 0000:00:01.0: Activating ISA DMA hang workarounds
[    1.528835] ACPI: PCI Interrupt Link [LNKD] enabled at IRQ 11
[    1.530395] pci 0000:00:01.2: PCI INT D -&gt; Link[LNKD] -&gt; GSI 11 (level, high) -&gt; IRQ 11
[    1.531894] pci 0000:00:01.2: PCI INT D disabled
[    1.551747] Trying to unpack rootfs image as initramfs...
[    1.566840] audit: initializing netlink socket (disabled)
[    1.569919] type=2000 audit(1449300064.568:1): initialized
[    1.837236] HugeTLB registered 2 MB page size, pre-allocated 0 pages
[    1.916061] VFS: Disk quotas dquot_6.5.2
[    1.918627] Dquot-cache hash table entries: 512 (order 0, 4096 bytes)
[    1.934649] fuse init (API version 7.17)
[    1.938245] msgmni has been set to 84
[    1.982789] Block layer SCSI generic (bsg) driver version 0.4 loaded (major 253)
[    1.984336] io scheduler noop registered
[    1.986010] io scheduler deadline registered (default)
[    1.987430] io scheduler cfq registered
[    1.991193] pci_hotplug: PCI Hot Plug PCI Core version: 0.5
[    1.993809] pciehp: PCI Express Hot Plug Controller Driver version: 0.4
[    1.999300] input: Power Button as /devices/LNXSYSTM:00/LNXPWRBN:00/input/input0
[    2.001941] ACPI: Power Button [PWRF]
[    2.055372] ERST: Table is not found!
[    2.057632] GHES: HEST is not enabled!
[    2.074526] ACPI: PCI Interrupt Link [LNKC] enabled at IRQ 10
[    2.075368] virtio-pci 0000:00:03.0: PCI INT A -&gt; Link[LNKC] -&gt; GSI 10 (level, high) -&gt; IRQ 10
[    2.079441] virtio-pci 0000:00:04.0: PCI INT A -&gt; Link[LNKD] -&gt; GSI 11 (level, high) -&gt; IRQ 11
[    2.090985] ACPI: PCI Interrupt Link [LNKA] enabled at IRQ 10
[    2.091850] virtio-pci 0000:00:05.0: PCI INT A -&gt; Link[LNKA] -&gt; GSI 10 (level, high) -&gt; IRQ 10
[    2.106316] Serial: 8250/16550 driver, 32 ports, IRQ sharing enabled
[    2.147320] serial8250: ttyS0 at I/O 0x3f8 (irq = 4) is a 16550A
[    2.230588] serial8250: ttyS1 at I/O 0x2f8 (irq = 3) is a 16550A
[    2.360430] 00:05: ttyS0 at I/O 0x3f8 (irq = 4) is a 16550A
[    2.432619] 00:06: ttyS1 at I/O 0x2f8 (irq = 3) is a 16550A
[    2.479711] Linux agpgart interface v0.103
[    2.537446] Refined TSC clocksource calibration: 2294.448 MHz.
[    2.538363] Switching to clocksource tsc
[    2.547692] brd: module loaded
[    2.578448] loop: module loaded
[    2.625871]  vda: unknown partition table
[    2.666368] scsi0 : ata_piix
[    2.674015] scsi1 : ata_piix
[    2.675270] ata1: PATA max MWDMA2 cmd 0x1f0 ctl 0x3f6 bmdma 0xc0a0 irq 14
[    2.676118] ata2: PATA max MWDMA2 cmd 0x170 ctl 0x376 bmdma 0xc0a8 irq 15
[    2.686318] Fixed MDIO Bus: probed
[    2.687091] tun: Universal TUN/TAP device driver, 1.6
[    2.687676] tun: (C) 1999-2004 Max Krasnyansky &lt;maxk@qualcomm.com&gt;
[    2.703149] PPP generic driver version 2.4.2
[    2.727613] ehci_hcd: USB 2.0 'Enhanced' Host Controller (EHCI) Driver
[    2.729785] ohci_hcd: USB 1.1 'Open' Host Controller (OHCI) Driver
[    2.730892] uhci_hcd: USB Universal Host Controller Interface driver
[    2.733708] uhci_hcd 0000:00:01.2: PCI INT D -&gt; Link[LNKD] -&gt; GSI 11 (level, high) -&gt; IRQ 11
[    2.739092] uhci_hcd 0000:00:01.2: UHCI Host Controller
[    2.757640] uhci_hcd 0000:00:01.2: new USB bus registered, assigned bus number 1
[    2.759520] uhci_hcd 0000:00:01.2: irq 11, io base 0x0000c040
[    2.789160] hub 1-0:1.0: USB hub found
[    2.790966] hub 1-0:1.0: 2 ports detected
[    2.802990] usbcore: registered new interface driver libusual
[    2.807669] i8042: PNP: PS/2 Controller [PNP0303:KBD,PNP0f13:MOU] at 0x60,0x64 irq 1,12
[    2.816989] serio: i8042 KBD port at 0x60,0x64 irq 1
[    2.818812] serio: i8042 AUX port at 0x60,0x64 irq 12
[    2.862624] mousedev: PS/2 mouse device common for all mice
[    2.874693] input: AT Translated Set 2 keyboard as /devices/platform/i8042/serio0/input/input1
[    2.902050] rtc_cmos 00:01: RTC can wake from S4
[    2.921980] ata2.01: ATAPI: QEMU DVD-ROM, 2.0.0, max UDMA/100
[    2.935634] rtc_cmos 00:01: rtc core: registered rtc_cmos as rtc0
[    2.939681] rtc0: alarms up to one day, 114 bytes nvram, hpet irqs
[    2.943682] device-mapper: uevent: version 1.0.3
[    2.950324] ata2.01: configured for MWDMA2
[    2.982408] device-mapper: ioctl: 4.22.0-ioctl (2011-10-19) initialised: dm-devel@redhat.com
[    2.985527] cpuidle: using governor ladder
[    2.986798] cpuidle: using governor menu
[    2.987883] EFI Variables Facility v0.08 2004-May-17
[    2.996686] TCP cubic registered
[    3.001865] NET: Registered protocol family 10
[    3.052024] NET: Registered protocol family 17
[    3.054145] Registering the dns_resolver key type
[    3.066790] scsi 1:0:1:0: CD-ROM            QEMU     QEMU DVD-ROM     2.0. PQ: 0 ANSI: 5
[    3.098307] sr0: scsi3-mmc drive: 4x/4x cd/rw xa/form2 tray
[    3.099518] cdrom: Uniform CD-ROM driver Revision: 3.20
[    3.115531] sr 1:0:1:0: Attached scsi generic sg0 type 5
[    3.184610] registered taskstats version 1
[    3.291297] Freeing initrd memory: 3656k freed
[    3.808980]   Magic number: 11:973:368
[    3.823771] rtc_cmos 00:01: setting system clock to 2015-12-05 07:21:07 UTC (1449300067)
[    3.826451] powernow-k8: Processor cpuid 663 not supported
[    3.832025] BIOS EDD facility v0.16 2004-Jun-25, 0 devices found
[    3.835350] EDD information not available.
[    3.899413] Freeing unused kernel memory: 928k freed
[    3.903053] Write protecting the kernel read-only data: 12288k
[    3.979183] Freeing unused kernel memory: 1596k freed
[    4.038874] Freeing unused kernel memory: 1184k freed

info: initramfs: up at 4.20
modprobe: module virtio_blk not found in modules.dep
modprobe: module virtio_net not found in modules.dep
info: copying initramfs to /dev/vda
info: initramfs loading root from /dev/vda
info: /etc/init.d/rc.sysinit: up at 8.94
info: container: none
Starting logging: OK
modprobe: module virtio_blk not found in modules.dep
modprobe: module virtio_net not found in modules.dep
WARN: /etc/rc3.d/S10-load-modules failed
Initializing random number generator... done.
Starting acpid: OK
cirros-ds 'local' up at 11.47
found datasource (configdrive, local)
Starting network...
udhcpc (v1.20.1) started
Sending discover...
Sending discover...

2015-12-05 07:23:04,225 20269 INFO     [tempest_lib.common.rest_client] Request (TestNetworkAdvancedServerOps:_run_cleanups): 204 DELETE http://10.0.2.15:9696/v2.0/floatingips/7c7f5f83-f5e4-4fc6-bdee-105fab890c0a 0.258s
2015-12-05 07:23:04,226 20269 DEBUG    [tempest_lib.common.rest_client] Request - Headers: {'Content-Type': 'application/json', 'Accept': 'application/json', 'X-Auth-Token': '&lt;omitted&gt;'}
        Body: None
    Response - Headers: {'date': 'Sat, 05 Dec 2015 07:23:04 GMT', 'status': '204', 'connection': 'close', 'content-length': '0', 'x-openstack-request-id': 'req-798151fc-d798-4c53-916f-f5a51d9ded94'}
        Body: 
2015-12-05 07:23:04,439 20269 INFO     [tempest_lib.common.rest_client] Request (TestNetworkAdvancedServerOps:_run_cleanups): 204 DELETE http://10.0.2.15:8774/v2.1/17d8006148ee4592a5cbb08e71db03ea/servers/db0a6e22-42a4-475c-b90b-9adc25feec96 0.213s
2015-12-05 07:23:04,439 20269 DEBUG    [tempest_lib.common.rest_client] Request - Headers: {'Content-Type': 'application/json', 'Accept': 'application/json', 'X-Auth-Token': '&lt;omitted&gt;'}
        Body: None
    Response - Headers: {'status': '204', 'content-length': '0', 'x-compute-request-id': 'req-bab43a2d-2bbf-4b12-8d53-692008529ac4', 'vary': 'X-OpenStack-Nova-API-Version', 'connection': 'close', 'x-openstack-nova-api-version': '2.1', 'date': 'Sat, 05 Dec 2015 07:23:04 GMT', 'content-type': 'application/json'}
        Body: 
2015-12-05 07:23:04,657 20269 INFO     [tempest_lib.common.rest_client] Request (TestNetworkAdvancedServerOps:_run_cleanups): 200 GET http://10.0.2.15:8774/v2.1/17d8006148ee4592a5cbb08e71db03ea/servers/db0a6e22-42a4-475c-b90b-9adc25feec96 0.216s
2015-12-05 07:23:04,657 20269 DEBUG    [tempest_lib.common.rest_client] Request - Headers: {'Content-Type': 'application/json', 'Accept': 'application/json', 'X-Auth-Token': '&lt;omitted&gt;'}
        Body: None
    Response - Headers: {'status': '200', 'content-length': '1784', 'content-location': 'http://10.0.2.15:8774/v2.1/17d8006148ee4592a5cbb08e71db03ea/servers/db0a6e22-42a4-475c-b90b-9adc25feec96', 'x-compute-request-id': 'req-99feb95b-a4df-4321-9fb1-ae6d02107835', 'vary': 'X-OpenStack-Nova-API-Version', 'connection': 'close', 'x-openstack-nova-api-version': '2.1', 'date': 'Sat, 05 Dec 2015 07:23:04 GMT', 'content-type': 'application/json'}
        Body: {"server": {"status": "ACTIVE", "updated": "2015-12-05T07:23:04Z", "hostId": "2f2d6ff4b8eaa046e5cf6faa5695076d6fa8d173432722827099695b", "addresses": {"tempest-network-smoke--470573381": [{"OS-EXT-IPS-MAC:mac_addr": "fa:16:3e:80:6e:b0", "version": 4, "addr": "10.100.0.3", "OS-EXT-IPS:type": "fixed"}, {"OS-EXT-IPS-MAC:mac_addr": "fa:16:3e:80:6e:b0", "version": 4, "addr": "172.24.4.4", "OS-EXT-IPS:type": "floating"}]}, "links": [{"href": "http://10.0.2.15:8774/v2.1/17d8006148ee4592a5cbb08e71db03ea/servers/db0a6e22-42a4-475c-b90b-9adc25feec96", "rel": "self"}, {"href": "http://10.0.2.15:8774/17d8006148ee4592a5cbb08e71db03ea/servers/db0a6e22-42a4-475c-b90b-9adc25feec96", "rel": "bookmark"}], "key_name": "tempest-TestNetworkAdvancedServerOps-1132386843", "image": {"id": "f43b71bb-35c7-4481-b19e-ad50ff44be50", "links": [{"href": "http://10.0.2.15:8774/17d8006148ee4592a5cbb08e71db03ea/images/f43b71bb-35c7-4481-b19e-ad50ff44be50", "rel": "bookmark"}]}, "OS-EXT-STS:task_state": "deleting", "OS-EXT-STS:vm_state": "active", "OS-SRV-USG:launched_at": "2015-12-05T07:21:00.000000", "flavor": {"id": "42", "links": [{"href": "http://10.0.2.15:8774/17d8006148ee4592a5cbb08e71db03ea/flavors/42", "rel": "bookmark"}]}, "id": "db0a6e22-42a4-475c-b90b-9adc25feec96", "security_groups": [{"name": "tempest-secgroup-smoke-100583108"}], "OS-SRV-USG:terminated_at": null, "OS-EXT-AZ:availability_zone": "nova", "user_id": "e1d6423a880144aba73b195f7dd5d00f", "name": "tempest.common.compute-instance-1430850068", "created": "2015-12-05T07:20:57Z", "tenant_id": "17d8006148ee4592a5cbb08e71db03ea", "OS-DCF:diskConfig": "MANUAL", "os-extended-volumes:volumes_attached": [], "accessIPv4": "", "accessIPv6": "", "progress": 0, "OS-EXT-STS:power_state": 1, "config_drive": "True", "metadata": {}}}
2015-12-05 07:23:05,897 20269 INFO     [tempest_lib.common.rest_client] Request (TestNetworkAdvancedServerOps:_run_cleanups): 200 GET http://10.0.2.15:8774/v2.1/17d8006148ee4592a5cbb08e71db03ea/servers/db0a6e22-42a4-475c-b90b-9adc25feec96 0.225s
2015-12-05 07:23:05,897 20269 DEBUG    [tempest_lib.common.rest_client] Request - Headers: {'Content-Type': 'application/json', 'Accept': 'application/json', 'X-Auth-Token': '&lt;omitted&gt;'}
        Body: None
    Response - Headers: {'status': '200', 'content-length': '1717', 'content-location': 'http://10.0.2.15:8774/v2.1/17d8006148ee4592a5cbb08e71db03ea/servers/db0a6e22-42a4-475c-b90b-9adc25feec96', 'x-compute-request-id': 'req-c9d89dd5-675f-44a3-ba4c-9d12fae8f6a6', 'vary': 'X-OpenStack-Nova-API-Version', 'connection': 'close', 'x-openstack-nova-api-version': '2.1', 'date': 'Sat, 05 Dec 2015 07:23:05 GMT', 'content-type': 'application/json'}
        Body: {"server": {"status": "ACTIVE", "updated": "2015-12-05T07:23:05Z", "hostId": "2f2d6ff4b8eaa046e5cf6faa5695076d6fa8d173432722827099695b", "addresses": {"tempest-network-smoke--470573381": [{"OS-EXT-IPS-MAC:mac_addr": "fa:16:3e:80:6e:b0", "version": 4, "addr": "10.100.0.3", "OS-EXT-IPS:type": "fixed"}, {"OS-EXT-IPS-MAC:mac_addr": "fa:16:3e:80:6e:b0", "version": 4, "addr": "172.24.4.4", "OS-EXT-IPS:type": "floating"}]}, "links": [{"href": "http://10.0.2.15:8774/v2.1/17d8006148ee4592a5cbb08e71db03ea/servers/db0a6e22-42a4-475c-b90b-9adc25feec96", "rel": "self"}, {"href": "http://10.0.2.15:8774/17d8006148ee4592a5cbb08e71db03ea/servers/db0a6e22-42a4-475c-b90b-9adc25feec96", "rel": "bookmark"}], "key_name": "tempest-TestNetworkAdvancedServerOps-1132386843", "image": {"id": "f43b71bb-35c7-4481-b19e-ad50ff44be50", "links": [{"href": "http://10.0.2.15:8774/17d8006148ee4592a5cbb08e71db03ea/images/f43b71bb-35c7-4481-b19e-ad50ff44be50", "rel": "bookmark"}]}, "OS-EXT-STS:task_state": "deleting", "OS-EXT-STS:vm_state": "active", "OS-SRV-USG:launched_at": "2015-12-05T07:21:00.000000", "flavor": {"id": "42", "links": [{"href": "http://10.0.2.15:8774/17d8006148ee4592a5cbb08e71db03ea/flavors/42", "rel": "bookmark"}]}, "id": "db0a6e22-42a4-475c-b90b-9adc25feec96", "OS-SRV-USG:terminated_at": null, "OS-EXT-AZ:availability_zone": "nova", "user_id": "e1d6423a880144aba73b195f7dd5d00f", "name": "tempest.common.compute-instance-1430850068", "created": "2015-12-05T07:20:57Z", "tenant_id": "17d8006148ee4592a5cbb08e71db03ea", "OS-DCF:diskConfig": "MANUAL", "os-extended-volumes:volumes_attached": [], "accessIPv4": "", "accessIPv6": "", "progress": 0, "OS-EXT-STS:power_state": 1, "config_drive": "True", "metadata": {}}}
2015-12-05 07:23:06,991 20269 INFO     [tempest_lib.common.rest_client] Request (TestNetworkAdvancedServerOps:_run_cleanups): 404 GET http://10.0.2.15:8774/v2.1/17d8006148ee4592a5cbb08e71db03ea/servers/db0a6e22-42a4-475c-b90b-9adc25feec96 0.083s
2015-12-05 07:23:06,992 20269 DEBUG    [tempest_lib.common.rest_client] Request - Headers: {'Content-Type': 'application/json', 'Accept': 'application/json', 'X-Auth-Token': '&lt;omitted&gt;'}
        Body: None
    Response - Headers: {'status': '404', 'content-length': '111', 'x-compute-request-id': 'req-b4e84196-6723-4eb5-b43f-7dc05fae1e1c', 'vary': 'X-OpenStack-Nova-API-Version', 'connection': 'close', 'x-openstack-nova-api-version': '2.1', 'date': 'Sat, 05 Dec 2015 07:23:06 GMT', 'content-type': 'application/json; charset=UTF-8'}
        Body: {"itemNotFound": {"message": "Instance db0a6e22-42a4-475c-b90b-9adc25feec96 could not be found.", "code": 404}}
2015-12-05 07:23:07,417 20269 INFO     [tempest_lib.common.rest_client] Request (TestNetworkAdvancedServerOps:_run_cleanups): 200 PUT http://10.0.2.15:9696/v2.0/routers/4141f6e9-92d8-41f5-a3f1-958552e1a41c/remove_router_interface 0.424s
2015-12-05 07:23:07,417 20269 DEBUG    [tempest_lib.common.rest_client] Request - Headers: {'Content-Type': 'application/json', 'Accept': 'application/json', 'X-Auth-Token': '&lt;omitted&gt;'}
        Body: {"subnet_id": "318dcb6c-a01b-4497-9c17-268d828f820b"}
    Response - Headers: {'status': '200', 'content-length': '255', 'connection': 'close', 'date': 'Sat, 05 Dec 2015 07:23:07 GMT', 'content-type': 'application/json; charset=UTF-8', 'x-openstack-request-id': 'req-63e441c7-8233-427f-8d27-044342d03fb4'}
        Body: {"subnet_id": "318dcb6c-a01b-4497-9c17-268d828f820b", "tenant_id": "17d8006148ee4592a5cbb08e71db03ea", "subnet_ids": ["318dcb6c-a01b-4497-9c17-268d828f820b"], "port_id": "40d588ee-1c39-45a6-9087-247eabd8da07", "id": "4141f6e9-92d8-41f5-a3f1-958552e1a41c"}
2015-12-05 07:23:07,842 20269 INFO     [tempest_lib.common.rest_client] Request (TestNetworkAdvancedServerOps:_run_cleanups): 204 DELETE http://10.0.2.15:9696/v2.0/subnets/318dcb6c-a01b-4497-9c17-268d828f820b 0.424s
2015-12-05 07:23:07,843 20269 DEBUG    [tempest_lib.common.rest_client] Request - Headers: {'Content-Type': 'application/json', 'Accept': 'application/json', 'X-Auth-Token': '&lt;omitted&gt;'}
        Body: None
    Response - Headers: {'date': 'Sat, 05 Dec 2015 07:23:07 GMT', 'status': '204', 'connection': 'close', 'content-length': '0', 'x-openstack-request-id': 'req-d180fbdc-3c85-4d28-9b54-4af540662592'}
        Body: 
2015-12-05 07:23:07,899 20269 INFO     [tempest_lib.common.rest_client] Request (TestNetworkAdvancedServerOps:_run_cleanups): 200 GET http://10.0.2.15:9696/v2.0/routers/4141f6e9-92d8-41f5-a3f1-958552e1a41c 0.055s
2015-12-05 07:23:07,899 20269 DEBUG    [tempest_lib.common.rest_client] Request - Headers: {'Content-Type': 'application/json', 'Accept': 'application/json', 'X-Auth-Token': '&lt;omitted&gt;'}
        Body: None
    Response - Headers: {'status': '200', 'content-length': '563', 'content-location': 'http://10.0.2.15:9696/v2.0/routers/4141f6e9-92d8-41f5-a3f1-958552e1a41c', 'connection': 'close', 'date': 'Sat, 05 Dec 2015 07:23:07 GMT', 'content-type': 'application/json; charset=UTF-8', 'x-openstack-request-id': 'req-8187fb90-5f7d-40ce-95bf-2df40a53b37d'}
        Body: {"router": {"status": "ACTIVE", "external_gateway_info": {"network_id": "fe4366a4-8673-4500-ad52-2ea3b8e70edf", "enable_snat": true, "external_fixed_ips": [{"subnet_id": "02ad937e-6f7d-462c-b24e-56acb1f939dd", "ip_address": "172.24.4.3"}, {"subnet_id": "8bd0e7a7-6ef0-4b71-ac9b-1e6ef40a3da6", "ip_address": "2001:db8::3"}]}, "availability_zone_hints": [], "availability_zones": ["nova"], "name": "tempest-router-smoke-592049129", "admin_state_up": true, "tenant_id": "17d8006148ee4592a5cbb08e71db03ea", "routes": [], "id": "4141f6e9-92d8-41f5-a3f1-958552e1a41c"}}
2015-12-05 07:23:08,301 20269 INFO     [tempest_lib.common.rest_client] Request (TestNetworkAdvancedServerOps:_run_cleanups): 200 PUT http://10.0.2.15:9696/v2.0/routers/4141f6e9-92d8-41f5-a3f1-958552e1a41c 0.401s
2015-12-05 07:23:08,302 20269 DEBUG    [tempest_lib.common.rest_client] Request - Headers: {'Content-Type': 'application/json', 'Accept': 'application/json', 'X-Auth-Token': '&lt;omitted&gt;'}
        Body: {"router": {"external_gateway_info": {}, "name": "tempest-router-smoke-592049129", "admin_state_up": true}}
    Response - Headers: {'status': '200', 'content-length': '301', 'connection': 'close', 'date': 'Sat, 05 Dec 2015 07:23:08 GMT', 'content-type': 'application/json; charset=UTF-8', 'x-openstack-request-id': 'req-c95bdb9d-24b1-46d1-ba01-cdef358ef65c'}
        Body: {"router": {"status": "ACTIVE", "external_gateway_info": null, "availability_zone_hints": [], "availability_zones": ["nova"], "name": "tempest-router-smoke-592049129", "admin_state_up": true, "tenant_id": "17d8006148ee4592a5cbb08e71db03ea", "routes": [], "id": "4141f6e9-92d8-41f5-a3f1-958552e1a41c"}}
2015-12-05 07:23:08,607 20269 INFO     [tempest_lib.common.rest_client] Request (TestNetworkAdvancedServerOps:_run_cleanups): 204 DELETE http://10.0.2.15:9696/v2.0/routers/4141f6e9-92d8-41f5-a3f1-958552e1a41c 0.304s
2015-12-05 07:23:08,608 20269 DEBUG    [tempest_lib.common.rest_client] Request - Headers: {'Content-Type': 'application/json', 'Accept': 'application/json', 'X-Auth-Token': '&lt;omitted&gt;'}
        Body: None
    Response - Headers: {'date': 'Sat, 05 Dec 2015 07:23:08 GMT', 'status': '204', 'connection': 'close', 'content-length': '0', 'x-openstack-request-id': 'req-ff422ba9-8fb4-4b99-bd3c-d3dce8178a1d'}
        Body: 
2015-12-05 07:23:08,813 20269 INFO     [tempest_lib.common.rest_client] Request (TestNetworkAdvancedServerOps:_run_cleanups): 204 DELETE http://10.0.2.15:9696/v2.0/networks/69137ee6-87df-41a6-9d94-ca4b0c033bec 0.204s
2015-12-05 07:23:08,814 20269 DEBUG    [tempest_lib.common.rest_client] Request - Headers: {'Content-Type': 'application/json', 'Accept': 'application/json', 'X-Auth-Token': '&lt;omitted&gt;'}
        Body: None
    Response - Headers: {'date': 'Sat, 05 Dec 2015 07:23:08 GMT', 'status': '204', 'connection': 'close', 'content-length': '0', 'x-openstack-request-id': 'req-3e81ffee-1589-4211-ab9f-6cea4ba8e370'}
        Body: 
2015-12-05 07:23:08,867 20269 INFO     [tempest_lib.common.rest_client] Request (TestNetworkAdvancedServerOps:_run_cleanups): 204 DELETE http://10.0.2.15:9696/v2.0/security-group-rules/92cf582b-4b32-45ce-9eed-3492a4376668 0.052s
2015-12-05 07:23:08,868 20269 DEBUG    [tempest_lib.common.rest_client] Request - Headers: {'Content-Type': 'application/json', 'Accept': 'application/json', 'X-Auth-Token': '&lt;omitted&gt;'}
        Body: None
    Response - Headers: {'date': 'Sat, 05 Dec 2015 07:23:08 GMT', 'status': '204', 'connection': 'close', 'content-length': '0', 'x-openstack-request-id': 'req-579737d4-83ab-4afd-8477-d60822f9a4db'}
        Body: 
2015-12-05 07:23:08,920 20269 INFO     [tempest_lib.common.rest_client] Request (TestNetworkAdvancedServerOps:_run_cleanups): 204 DELETE http://10.0.2.15:9696/v2.0/security-group-rules/26fff9cc-292e-4512-bf8e-0378e6d69b9d 0.051s
2015-12-05 07:23:08,920 20269 DEBUG    [tempest_lib.common.rest_client] Request - Headers: {'Content-Type': 'application/json', 'Accept': 'application/json', 'X-Auth-Token': '&lt;omitted&gt;'}
        Body: None
    Response - Headers: {'date': 'Sat, 05 Dec 2015 07:23:08 GMT', 'status': '204', 'connection': 'close', 'content-length': '0', 'x-openstack-request-id': 'req-e29ea0a3-f916-4d0d-bd99-ef7fdefc8ee1'}
        Body: 
2015-12-05 07:23:08,971 20269 INFO     [tempest_lib.common.rest_client] Request (TestNetworkAdvancedServerOps:_run_cleanups): 204 DELETE http://10.0.2.15:9696/v2.0/security-group-rules/ae6f297b-744d-4cb1-8a67-ab2b26adc684 0.049s
2015-12-05 07:23:08,971 20269 DEBUG    [tempest_lib.common.rest_client] Request - Headers: {'Content-Type': 'application/json', 'Accept': 'application/json', 'X-Auth-Token': '&lt;omitted&gt;'}
        Body: None
    Response - Headers: {'date': 'Sat, 05 Dec 2015 07:23:08 GMT', 'status': '204', 'connection': 'close', 'content-length': '0', 'x-openstack-request-id': 'req-d675851c-ceff-4e76-b8fb-7f7cded6eebe'}
        Body: 
2015-12-05 07:23:09,027 20269 INFO     [tempest_lib.common.rest_client] Request (TestNetworkAdvancedServerOps:_run_cleanups): 204 DELETE http://10.0.2.15:9696/v2.0/security-group-rules/f912aafd-0e78-43c2-8689-0f9f1b6e43e6 0.055s
2015-12-05 07:23:09,027 20269 DEBUG    [tempest_lib.common.rest_client] Request - Headers: {'Content-Type': 'application/json', 'Accept': 'application/json', 'X-Auth-Token': '&lt;omitted&gt;'}
        Body: None
    Response - Headers: {'date': 'Sat, 05 Dec 2015 07:23:09 GMT', 'status': '204', 'connection': 'close', 'content-length': '0', 'x-openstack-request-id': 'req-a107de4e-dad8-4067-89e0-2367a6b30be6'}
        Body: 
2015-12-05 07:23:09,089 20269 INFO     [tempest_lib.common.rest_client] Request (TestNetworkAdvancedServerOps:_run_cleanups): 204 DELETE http://10.0.2.15:9696/v2.0/security-group-rules/28c00705-1911-4991-a235-cc1f5494044e 0.060s
2015-12-05 07:23:09,090 20269 DEBUG    [tempest_lib.common.rest_client] Request - Headers: {'Content-Type': 'application/json', 'Accept': 'application/json', 'X-Auth-Token': '&lt;omitted&gt;'}
        Body: None
    Response - Headers: {'date': 'Sat, 05 Dec 2015 07:23:09 GMT', 'status': '204', 'connection': 'close', 'content-length': '0', 'x-openstack-request-id': 'req-29a890c0-299d-4e59-8b99-35fdf500d72b'}
        Body: 
2015-12-05 07:23:09,145 20269 INFO     [tempest_lib.common.rest_client] Request (TestNetworkAdvancedServerOps:_run_cleanups): 204 DELETE http://10.0.2.15:9696/v2.0/security-group-rules/7e45c66b-c339-4f8b-8eae-880f419a3b8e 0.054s
2015-12-05 07:23:09,145 20269 DEBUG    [tempest_lib.common.rest_client] Request - Headers: {'Content-Type': 'application/json', 'Accept': 'application/json', 'X-Auth-Token': '&lt;omitted&gt;'}
        Body: None
    Response - Headers: {'date': 'Sat, 05 Dec 2015 07:23:09 GMT', 'status': '204', 'connection': 'close', 'content-length': '0', 'x-openstack-request-id': 'req-f2ffc268-aab4-4a8e-9756-b874a2747e96'}
        Body: 
2015-12-05 07:23:09,244 20269 INFO     [tempest_lib.common.rest_client] Request (TestNetworkAdvancedServerOps:_run_cleanups): 204 DELETE http://10.0.2.15:9696/v2.0/security-groups/51d23c57-df8c-450e-94dd-84e2dac2e365 0.097s
2015-12-05 07:23:09,244 20269 DEBUG    [tempest_lib.common.rest_client] Request - Headers: {'Content-Type': 'application/json', 'Accept': 'application/json', 'X-Auth-Token': '&lt;omitted&gt;'}
        Body: None
    Response - Headers: {'date': 'Sat, 05 Dec 2015 07:23:09 GMT', 'status': '204', 'connection': 'close', 'content-length': '0', 'x-openstack-request-id': 'req-de0d646a-d17e-485e-be7e-d668474ae040'}
        Body: 
2015-12-05 07:23:09,265 20269 INFO     [tempest_lib.common.rest_client] Request (TestNetworkAdvancedServerOps:_run_cleanups): 202 DELETE http://10.0.2.15:8774/v2.1/17d8006148ee4592a5cbb08e71db03ea/os-keypairs/tempest-TestNetworkAdvancedServerOps-1132386843 0.020s
2015-12-05 07:23:09,265 20269 DEBUG    [tempest_lib.common.rest_client] Request - Headers: {'Content-Type': 'application/json', 'Accept': 'application/json', 'X-Auth-Token': '&lt;omitted&gt;'}
        Body: None
    Response - Headers: {'status': '202', 'content-length': '0', 'x-compute-request-id': 'req-84bcfb4e-51a6-4141-9eca-abb7f0e111b3', 'vary': 'X-OpenStack-Nova-API-Version', 'connection': 'close', 'x-openstack-nova-api-version': '2.1', 'date': 'Sat, 05 Dec 2015 07:23:09 GMT', 'content-type': 'application/json'}
        Body: 
2015-12-05 07:23:09,353 20269 INFO     [tempest_lib.common.rest_client] Request (TestNetworkAdvancedServerOps:_run_cleanups): 404 GET http://10.0.2.15:8774/v2.1/17d8006148ee4592a5cbb08e71db03ea/servers/db0a6e22-42a4-475c-b90b-9adc25feec96 0.086s
2015-12-05 07:23:09,353 20269 DEBUG    [tempest_lib.common.rest_client] Request - Headers: {'Content-Type': 'application/json', 'Accept': 'application/json', 'X-Auth-Token': '&lt;omitted&gt;'}
        Body: None
    Response - Headers: {'status': '404', 'content-length': '111', 'x-compute-request-id': 'req-9d406781-dce6-4e0d-8e53-4cd9a77e0158', 'vary': 'X-OpenStack-Nova-API-Version', 'connection': 'close', 'x-openstack-nova-api-version': '2.1', 'date': 'Sat, 05 Dec 2015 07:23:09 GMT', 'content-type': 'application/json; charset=UTF-8'}
        Body: {"itemNotFound": {"message": "Instance db0a6e22-42a4-475c-b90b-9adc25feec96 could not be found.", "code": 404}}
}}}

Traceback (most recent call last):
  File "tempest/test.py", line 113, in wrapper
    return f(self, *func_args, **func_kwargs)
  File "tempest/scenario/test_network_advanced_server_ops.py", line 134, in test_server_connectivity_pause_unpause
    server, keypair, floating_ip = self._setup_network_and_servers()
  File "tempest/scenario/test_network_advanced_server_ops.py", line 71, in _setup_network_and_servers
    server, keypair, floating_ip)
  File "tempest/scenario/test_network_advanced_server_ops.py", line 95, in _wait_server_status_and_check_network_connectivity
    self._check_network_connectivity(server, keypair, floating_ip)
  File "tempest/scenario/test_network_advanced_server_ops.py", line 88, in _check_network_connectivity
    servers=[server])
  File "tempest/scenario/manager.py", line 606, in check_public_network_connectivity
    should_connect=should_connect)
  File "tempest/scenario/manager.py", line 590, in check_vm_connectivity
    msg=msg)
  File "/usr/local/lib/python2.7/dist-packages/unittest2/case.py", line 702, in assertTrue
    raise self.failureException(msg)
AssertionError: False is not true : Timed out waiting for 172.24.4.4 to become reachable



        </pre>
    </div>
    <!--css div popup end-->

    </td>
</tr>

<tr id='ft1.2' class='none'>
    <td class='failCase'><div class='testcase'>test_server_connectivity_reboot[compute,id-7b6860c2-afa3-4846-9522-adeb38dfbe08,network]</div></td>
    <td colspan='7' align='left'>

    <!--css div popup start-->
    <a class="popup_link" onfocus='this.blur();'
    href="javascript:showTestDetail('div_ft1.2')" >
        fail</a>

    <div id='div_ft1.2' class="popup_window">
        <div style='text-align: right; color:red;cursor:pointer'>
        <a onfocus='this.blur();'
onclick="document.getElementById('div_ft1.2').style.display = 'none' " >
           [x]</a>
        </div>
