<?xml version="1.0" encoding="UTF-8"?>
<!DOCTYPE html PUBLIC "-//W3C//DTD XHTML 1.0 Strict//EN"
     "http://www.w3.org/TR/xhtml1/DTD/xhtml1-strict.dtd">
<html xmlns="http://www.w3.org/1999/xhtml">
<head>
    <title>Unit Test Report</title>
    <meta name="generator" content="subunit2html 0.1"/>
    <meta http-equiv="Content-Type" content="text/html; charset=UTF-8"/>
    
<style type="text/css" media="screen">
body        { font-family: verdana, arial, helvetica, sans-serif;
    font-size: 80%; }
table       { font-size: 100%; width: 100%;}
pre         { font-size: 80%; }

/* -- heading -------------------------------------------------------------- */
h1 {
        font-size: 16pt;
        color: gray;
}
.heading {
    margin-top: 0ex;
    margin-bottom: 1ex;
}

.heading .attribute {
    margin-top: 1ex;
    margin-bottom: 0;
}

.heading .description {
    margin-top: 4ex;
    margin-bottom: 6ex;
}

/* -- css div popup -------------------------------------------------------- */
a.popup_link {
}

a.popup_link:hover {
    color: red;
}

.popup_window {
    display: none;
    overflow-x: scroll;
    /*border: solid #627173 1px; */
    padding: 10px;
    background-color: #E6E6D6;
    font-family: "Ubuntu Mono", "Lucida Console", "Courier New", monospace;
    text-align: left;
    font-size: 8pt;
}

}
/* -- report --------------------------------------------------------------- */
#show_detail_line {
    margin-top: 3ex;
    margin-bottom: 1ex;
}
#result_table {
    width: 100%;
    border-collapse: collapse;
    border: 1px solid #777;
}
#header_row {
    font-weight: bold;
    color: white;
    background-color: #777;
}
#result_table td {
    border: 1px solid #777;
    padding: 2px;
}
#total_row  { font-weight: bold; }
.passClass  { background-color: #6c6; }
.failClass  { background-color: #c60; }
.errorClass { background-color: #c00; }
.passCase   { color: #6c6; }
.failCase   { color: #c60; font-weight: bold; }
.errorCase  { color: #c00; font-weight: bold; }
.hiddenRow  { display: none; }
.testcase   { margin-left: 2em; }
td.testname {width: 40%}
td.small {width: 40px}

/* -- ending --------------------------------------------------------------- */
#ending {
}

</style>

</head>
<body>
<script language="javascript" type="text/javascript"><!--
output_list = Array();

/* level - 0:Summary; 1:Failed; 2:All */
function showCase(level) {
    trs = document.getElementsByTagName("tr");
    for (var i = 0; i < trs.length; i++) {
        tr = trs[i];
        id = tr.id;
        if (id.substr(0,2) == 'ft') {
            if (level < 1) {
                tr.className = 'hiddenRow';
            }
            else {
                tr.className = '';
            }
        }
        if (id.substr(0,2) == 'pt') {
            if (level > 1) {
                tr.className = '';
            }
            else {
                tr.className = 'hiddenRow';
            }
        }
    }
}


function showClassDetail(cid, count) {
    var id_list = Array(count);
    var toHide = 1;
    for (var i = 0; i < count; i++) {
        tid0 = 't' + cid.substr(1) + '.' + (i+1);
        tid = 'f' + tid0;
        tr = document.getElementById(tid);
        if (!tr) {
            tid = 'p' + tid0;
            tr = document.getElementById(tid);
        }
        id_list[i] = tid;
        if (tr.className) {
            toHide = 0;
        }
    }
    for (var i = 0; i < count; i++) {
        tid = id_list[i];
        if (toHide) {
            document.getElementById('div_'+tid).style.display = 'none'
            document.getElementById(tid).className = 'hiddenRow';
        }
        else {
            document.getElementById(tid).className = '';
        }
    }
}


function showTestDetail(div_id){
    var details_div = document.getElementById(div_id)
    var displayState = details_div.style.display
    // alert(displayState)
    if (displayState != 'block' ) {
        displayState = 'block'
        details_div.style.display = 'block'
    }
    else {
        details_div.style.display = 'none'
    }
}


function html_escape(s) {
    s = s.replace(/&/g,'&amp;');
    s = s.replace(/</g,'&lt;');
    s = s.replace(/>/g,'&gt;');
    return s;
}

/* obsoleted by detail in <div>
function showOutput(id, name) {
    var w = window.open("", //url
                    name,
                    "resizable,scrollbars,status,width=800,height=450");
    d = w.document;
    d.write("<pre>");
    d.write(html_escape(output_list[id]));
    d.write("\n");
    d.write("<a href='javascript:window.close()'>close</a>\n");
    d.write("</pre>\n");
    d.close();
}
*/
--></script>

<div class='heading'>
<h1>Unit Test Report</h1>

<p class='attribute'><strong>Status:</strong> Failure 6</p>

<p class='description'></p>
</div>



<p id='show_detail_line'>Show
<a href='javascript:showCase(0)'>Summary</a>
<a href='javascript:showCase(1)'>Failed</a>
<a href='javascript:showCase(2)'>All</a>
</p>
<table id='result_table'>
<colgroup>
<col align='left' />
<col align='right' />
<col align='right' />
<col align='right' />
<col align='right' />
<col align='right' />
<col align='right' />
<col align='right' />
</colgroup>
<tr id='header_row'>
    <td>Test Group/Test case</td>
    <td>Count</td>
    <td>Pass</td>
    <td>Fail</td>
    <td>Error</td>
    <td>Skip</td>
    <td>View</td>
    <td> </td>
</tr>

<tr class='failClass'>
    <td class="testname">tempest.scenario.test_network_advanced_server_ops.TestNetworkAdvancedServerOps</td>
    <td class="small">6</td>
    <td class="small">0</td>
    <td class="small">6</td>
    <td class="small">0</td>
    <td class="small">0</td>
    <td class="small"><a href="javascript:showClassDetail('c1',6)"
>Detail</a></td>
    <td> </td>
</tr>

<tr id='ft1.1' class='none'>
    <td class='failCase'><div class='testcase'>test_server_connectivity_pause_unpause[compute,id-2b2642db-6568-4b35-b812-eceed3fa20ce,network]</div></td>
    <td colspan='7' align='left'>

    <!--css div popup start-->
    <a class="popup_link" onfocus='this.blur();'
    href="javascript:showTestDetail('div_ft1.1')" >
        fail</a>

    <div id='div_ft1.1' class="popup_window">
        <div style='text-align: right; color:red;cursor:pointer'>
        <a onfocus='this.blur();'
onclick="document.getElementById('div_ft1.1').style.display = 'none' " >
           [x]</a>
        </div>
        <pre>
        
ft1.1: tempest.scenario.test_network_advanced_server_ops.TestNetworkAdvancedServerOps.test_server_connectivity_pause_unpause[compute,id-2b2642db-6568-4b35-b812-eceed3fa20ce,network]_StringException: Empty attachments:
  stderr
  stdout

pythonlogging:'': {{{
2015-12-23 16:16:01,735 21546 INFO     [tempest_lib.common.rest_client] Request (TestNetworkAdvancedServerOps:test_server_connectivity_pause_unpause): 200 POST http://10.0.2.15:8774/v2.1/b9c02c0a86504f88ba7ddbc98c928737/os-keypairs 0.435s
2015-12-23 16:16:01,735 21546 DEBUG    [tempest_lib.common.rest_client] Request - Headers: {'Content-Type': 'application/json', 'Accept': 'application/json', 'X-Auth-Token': '&lt;omitted&gt;'}
        Body: {"keypair": {"name": "tempest-TestNetworkAdvancedServerOps-970572718"}}
    Response - Headers: {'status': '200', 'content-length': '2329', 'x-compute-request-id': 'req-f414e65b-f2f8-49b6-b2a3-c12833638f70', 'vary': 'X-OpenStack-Nova-API-Version', 'connection': 'close', 'x-openstack-nova-api-version': '2.1', 'date': 'Wed, 23 Dec 2015 16:16:01 GMT', 'content-type': 'application/json'}
        Body: {"keypair": {"public_key": "ssh-rsa AAAAB3NzaC1yc2EAAAADAQABAAABAQCwaC1KIQddTdhVxIpwcP6KN55YSjPER8T+wi1udL8vAZfbt5Hm0c1305DkIY4rZEXVwFom8m9wRbpDdy+bfZYNAIZ4QXVi9Qkv3FNdjcqiAGjqn9l1ZXXgF0IQk8CEyCddsQO1UWLCxO4WC781sHJON+/JHCkrz2xdPR36jScHeL3jNu0RDyjAI7B6ySUTpOGzmWyVRPCmT9hSJbpyWAPpLSpvNZOlnypZiosrEX+r2I86PMSCxYNc9IbkeWPAAfQrpPnJTxFA8A46Stav20v8PRvLp3Svv+2P4rMyINFWbqzqRHl8mfF8Kk6mH9270RiIYNnD6KGT/SZeKfn1Eos5 Generated-by-Nova", "private_key": "-----BEGIN RSA PRIVATE KEY-----\nMIIEpwIBAAKCAQEAsGgtSiEHXU3YVcSKcHD+ijeeWEozxEfE/sItbnS/LwGX27eR\n5tHNd9OQ5CGOK2RF1cBaJvJvcEW6Q3cvm32WDQCGeEF1YvUJL9xTXY3KogBo6p/Z\ndWV14BdCEJPAhMgnXbEDtVFiwsTuFgu/NbByTjfvyRwpK89sXT0d+o0nB3i94zbt\nEQ8owCOwesklE6Ths5lslUTwpk/YUiW6clgD6S0qbzWTpZ8qWYqLKxF/q9iPOjzE\ngsWDXPSG5HljwAH0K6T5yU8RQPAOOkrWr9tL/D0by6d0r7/tj+KzMiDRVm6s6kR5\nfJnxfCpOph/du9EYiGDZw+ihk/0mXin59RKLOQIDAQABAoIBAD2W0aEc8PZJdGtV\naEQjnyrgij8nAPXZXNTZNIVo60rdEojaiWz9+O+KBP8xG/LYWm1rb85DPFcFcSeW\n2B9AdH/rnAcmS3aWOHPmR5DVLVbsL7UixAhxuPrZA+7HtyJkwyG56KKIXKPFn55A\n0axMA0x9yRD87P7nt1zCNtJAL80ybF6JBPI5ezoosl36OhieRoqftASxwOUWrGgy\nNOMt0hlOXOBCIHgTDSmPK3BVfJw/drVtW/lardxtPcuqcJJojpigldxWY0dIvtoB\nVJqJXNNlZkDbGD1Wt0v8pHuLWOmbU6i8XESCURfC8+KdGJHHRhwUPSrM/B6unmuO\nQTJ/TFECggCBAL9wGHWykAEkrTu551dEme5gEEWzZbz6SjKhU7MXRdm4NWbxzPkm\nGCcLZvy2SbKViYH/LiG7dZq7ZzhtuMAK4m19DNSryFMjbLd+DZg+RnFjn2qPX1No\nxAzm4vV5Is84FkpQriUiO5cD9wsiGyLwlcwBBzb4K8g8klxLn+yKANZNAoIAgQDr\n5mBzGoi3NqJousn41GAdPSgHsi254K3brQJwjiNB6LsZOBMVQRF/0w1tDatzVl9P\nDYUawQ/O8+K88DuQG3YXELPi9au2kRxK983Hb1r4/1301Rw/kgZDsPoY0NvbPVht\nS5fcvXfbJUK9uwgbQtBt6SSzgsErJ3plWmqsA/aWnQKCAIBPDAU9jDbEEhXp5JBu\ny2fYMxhk/3eR+bNrhoveFk0EYnjCgjOF6UHt1Vp4HPj/YZm+8NRmn1YnRxyPA1dX\nDOeEGC+VHT2Bfs4kUktgws4pgd5QjNTqxwa04R10CMnj0J/7nabatHDwoXV/xlx4\nJ+lirEYDX6QMcV5p99wYOr+vvQKCAIBZKqdiWrE6r4gMFi6pw3zhEHDFF/B4xhhx\nZJ/7c36YNyQhkDSGYCYBLwFwKy6XVhqIgw/A4SDclQsrZ5LcEcU9Sq70JvBU/dy3\n6Zr6u3ijjcMx/CvFS6jahVbDco7n+/Qku+IXKfbX+umTVdLmmwa1xN5+i/oAGdgF\n33tasdTPcQKCAIABq9b4cIQ/Ph5cJw3CzfCadr1Oh39owTiTVlm/GFYGPYCnFjBK\ngHj2oXwL8hEw6aYbB/YRVKF03cmAERnmkqTxN2Xc3LNyKOCNbGOSaQPg5Z0/9S14\nw4UEq/DSzohKMmolVi49VzjD+GJ5EpdqYcase0dPjTGVF03nhWf/mKyJeg==\n-----END RSA PRIVATE KEY-----\n", "user_id": "96d8d88fd94942b7beccb8730038bb7b", "name": "tempest-TestNetworkAdvancedServerOps-970572718", "fingerprint": "bf:ca:9c:6a:e6:26:a5:a7:7d:9a:f6:82:da:8a:f7:ff"}}
2015-12-23 16:16:02,134 21546 INFO     [tempest_lib.common.rest_client] Request (TestNetworkAdvancedServerOps:test_server_connectivity_pause_unpause): 201 POST http://10.0.2.15:9696/v2.0/security-groups 0.396s
2015-12-23 16:16:02,135 21546 DEBUG    [tempest_lib.common.rest_client] Request - Headers: {'Content-Type': 'application/json', 'Accept': 'application/json', 'X-Auth-Token': '&lt;omitted&gt;'}
        Body: {"security_group": {"tenant_id": "b9c02c0a86504f88ba7ddbc98c928737", "description": "tempest-secgroup-smoke-1062254876 description", "name": "tempest-secgroup-smoke-1062254876"}}
    Response - Headers: {'status': '201', 'content-length': '888', 'connection': 'close', 'date': 'Wed, 23 Dec 2015 16:16:02 GMT', 'content-type': 'application/json; charset=UTF-8', 'x-openstack-request-id': 'req-bf905a8f-4823-4bc1-b4c4-6b156223716a'}
        Body: {"security_group": {"tenant_id": "b9c02c0a86504f88ba7ddbc98c928737", "description": "tempest-secgroup-smoke-1062254876 description", "id": "1ba85299-67f7-4199-9d61-40ee5b2847dd", "security_group_rules": [{"remote_group_id": null, "direction": "egress", "remote_ip_prefix": null, "protocol": null, "ethertype": "IPv4", "tenant_id": "b9c02c0a86504f88ba7ddbc98c928737", "port_range_max": null, "port_range_min": null, "id": "9316d84b-443d-4b29-8fae-b1fb569beb88", "security_group_id": "1ba85299-67f7-4199-9d61-40ee5b2847dd"}, {"remote_group_id": null, "direction": "egress", "remote_ip_prefix": null, "protocol": null, "ethertype": "IPv6", "tenant_id": "b9c02c0a86504f88ba7ddbc98c928737", "port_range_max": null, "port_range_min": null, "id": "e6e840a6-716d-4669-a272-47a216864615", "security_group_id": "1ba85299-67f7-4199-9d61-40ee5b2847dd"}], "name": "tempest-secgroup-smoke-1062254876"}}
2015-12-23 16:16:02,427 21546 INFO     [tempest_lib.common.rest_client] Request (TestNetworkAdvancedServerOps:test_server_connectivity_pause_unpause): 201 POST http://10.0.2.15:9696/v2.0/security-group-rules 0.291s
2015-12-23 16:16:02,427 21546 DEBUG    [tempest_lib.common.rest_client] Request - Headers: {'Content-Type': 'application/json', 'Accept': 'application/json', 'X-Auth-Token': '&lt;omitted&gt;'}
        Body: {"security_group_rule": {"direction": "ingress", "protocol": "tcp", "tenant_id": "b9c02c0a86504f88ba7ddbc98c928737", "port_range_max": 22, "security_group_id": "1ba85299-67f7-4199-9d61-40ee5b2847dd", "port_range_min": 22}}
    Response - Headers: {'status': '201', 'content-length': '340', 'connection': 'close', 'date': 'Wed, 23 Dec 2015 16:16:02 GMT', 'content-type': 'application/json; charset=UTF-8', 'x-openstack-request-id': 'req-7991a4f6-d920-420b-9914-bbe31501b5c8'}
        Body: {"security_group_rule": {"remote_group_id": null, "direction": "ingress", "remote_ip_prefix": null, "protocol": "tcp", "ethertype": "IPv4", "tenant_id": "b9c02c0a86504f88ba7ddbc98c928737", "port_range_max": 22, "port_range_min": 22, "id": "0cf89778-a6f1-4918-894b-86576f369b21", "security_group_id": "1ba85299-67f7-4199-9d61-40ee5b2847dd"}}
2015-12-23 16:16:02,557 21546 INFO     [tempest_lib.common.rest_client] Request (TestNetworkAdvancedServerOps:test_server_connectivity_pause_unpause): 201 POST http://10.0.2.15:9696/v2.0/security-group-rules 0.128s
2015-12-23 16:16:02,557 21546 DEBUG    [tempest_lib.common.rest_client] Request - Headers: {'Content-Type': 'application/json', 'Accept': 'application/json', 'X-Auth-Token': '&lt;omitted&gt;'}
        Body: {"security_group_rule": {"direction": "egress", "protocol": "tcp", "tenant_id": "b9c02c0a86504f88ba7ddbc98c928737", "port_range_max": 22, "security_group_id": "1ba85299-67f7-4199-9d61-40ee5b2847dd", "port_range_min": 22}}
    Response - Headers: {'status': '201', 'content-length': '339', 'connection': 'close', 'date': 'Wed, 23 Dec 2015 16:16:02 GMT', 'content-type': 'application/json; charset=UTF-8', 'x-openstack-request-id': 'req-a02c91e7-196c-41ed-844a-d7db826c6570'}
        Body: {"security_group_rule": {"remote_group_id": null, "direction": "egress", "remote_ip_prefix": null, "protocol": "tcp", "ethertype": "IPv4", "tenant_id": "b9c02c0a86504f88ba7ddbc98c928737", "port_range_max": 22, "port_range_min": 22, "id": "45c97c49-1bc0-495d-8bae-81b5762e2ed7", "security_group_id": "1ba85299-67f7-4199-9d61-40ee5b2847dd"}}
2015-12-23 16:16:02,681 21546 INFO     [tempest_lib.common.rest_client] Request (TestNetworkAdvancedServerOps:test_server_connectivity_pause_unpause): 201 POST http://10.0.2.15:9696/v2.0/security-group-rules 0.121s
2015-12-23 16:16:02,681 21546 DEBUG    [tempest_lib.common.rest_client] Request - Headers: {'Content-Type': 'application/json', 'Accept': 'application/json', 'X-Auth-Token': '&lt;omitted&gt;'}
        Body: {"security_group_rule": {"tenant_id": "b9c02c0a86504f88ba7ddbc98c928737", "direction": "ingress", "protocol": "icmp", "security_group_id": "1ba85299-67f7-4199-9d61-40ee5b2847dd"}}
    Response - Headers: {'status': '201', 'content-length': '345', 'connection': 'close', 'date': 'Wed, 23 Dec 2015 16:16:02 GMT', 'content-type': 'application/json; charset=UTF-8', 'x-openstack-request-id': 'req-cf689b70-b9a1-4559-87c2-d6582119d2ea'}
        Body: {"security_group_rule": {"remote_group_id": null, "direction": "ingress", "remote_ip_prefix": null, "protocol": "icmp", "ethertype": "IPv4", "tenant_id": "b9c02c0a86504f88ba7ddbc98c928737", "port_range_max": null, "port_range_min": null, "id": "61d8bea5-392f-4426-95c9-90a46b330a70", "security_group_id": "1ba85299-67f7-4199-9d61-40ee5b2847dd"}}
2015-12-23 16:16:02,803 21546 INFO     [tempest_lib.common.rest_client] Request (TestNetworkAdvancedServerOps:test_server_connectivity_pause_unpause): 201 POST http://10.0.2.15:9696/v2.0/security-group-rules 0.121s
2015-12-23 16:16:02,804 21546 DEBUG    [tempest_lib.common.rest_client] Request - Headers: {'Content-Type': 'application/json', 'Accept': 'application/json', 'X-Auth-Token': '&lt;omitted&gt;'}
        Body: {"security_group_rule": {"tenant_id": "b9c02c0a86504f88ba7ddbc98c928737", "direction": "egress", "protocol": "icmp", "security_group_id": "1ba85299-67f7-4199-9d61-40ee5b2847dd"}}
    Response - Headers: {'status': '201', 'content-length': '344', 'connection': 'close', 'date': 'Wed, 23 Dec 2015 16:16:02 GMT', 'content-type': 'application/json; charset=UTF-8', 'x-openstack-request-id': 'req-c76b45ec-bbc8-4262-9fb5-e085ead30fb2'}
        Body: {"security_group_rule": {"remote_group_id": null, "direction": "egress", "remote_ip_prefix": null, "protocol": "icmp", "ethertype": "IPv4", "tenant_id": "b9c02c0a86504f88ba7ddbc98c928737", "port_range_max": null, "port_range_min": null, "id": "0d80903a-5903-4500-a5ce-de5ff6bc4c10", "security_group_id": "1ba85299-67f7-4199-9d61-40ee5b2847dd"}}
2015-12-23 16:16:02,926 21546 INFO     [tempest_lib.common.rest_client] Request (TestNetworkAdvancedServerOps:test_server_connectivity_pause_unpause): 201 POST http://10.0.2.15:9696/v2.0/security-group-rules 0.121s
2015-12-23 16:16:02,927 21546 DEBUG    [tempest_lib.common.rest_client] Request - Headers: {'Content-Type': 'application/json', 'Accept': 'application/json', 'X-Auth-Token': '&lt;omitted&gt;'}
        Body: {"security_group_rule": {"tenant_id": "b9c02c0a86504f88ba7ddbc98c928737", "direction": "ingress", "security_group_id": "1ba85299-67f7-4199-9d61-40ee5b2847dd", "protocol": "icmp", "ethertype": "IPv6"}}
    Response - Headers: {'status': '201', 'content-length': '345', 'connection': 'close', 'date': 'Wed, 23 Dec 2015 16:16:02 GMT', 'content-type': 'application/json; charset=UTF-8', 'x-openstack-request-id': 'req-bdef607d-53d7-431f-9d23-43c55f3257e3'}
        Body: {"security_group_rule": {"remote_group_id": null, "direction": "ingress", "remote_ip_prefix": null, "protocol": "icmp", "ethertype": "IPv6", "tenant_id": "b9c02c0a86504f88ba7ddbc98c928737", "port_range_max": null, "port_range_min": null, "id": "234d6a82-3773-4bd9-9029-98152d2bdcb6", "security_group_id": "1ba85299-67f7-4199-9d61-40ee5b2847dd"}}
2015-12-23 16:16:03,043 21546 INFO     [tempest_lib.common.rest_client] Request (TestNetworkAdvancedServerOps:test_server_connectivity_pause_unpause): 201 POST http://10.0.2.15:9696/v2.0/security-group-rules 0.115s
2015-12-23 16:16:03,043 21546 DEBUG    [tempest_lib.common.rest_client] Request - Headers: {'Content-Type': 'application/json', 'Accept': 'application/json', 'X-Auth-Token': '&lt;omitted&gt;'}
        Body: {"security_group_rule": {"tenant_id": "b9c02c0a86504f88ba7ddbc98c928737", "direction": "egress", "security_group_id": "1ba85299-67f7-4199-9d61-40ee5b2847dd", "protocol": "icmp", "ethertype": "IPv6"}}
    Response - Headers: {'status': '201', 'content-length': '344', 'connection': 'close', 'date': 'Wed, 23 Dec 2015 16:16:03 GMT', 'content-type': 'application/json; charset=UTF-8', 'x-openstack-request-id': 'req-736b1b50-c90a-45a3-9e15-420a7ce44cfd'}
        Body: {"security_group_rule": {"remote_group_id": null, "direction": "egress", "remote_ip_prefix": null, "protocol": "icmp", "ethertype": "IPv6", "tenant_id": "b9c02c0a86504f88ba7ddbc98c928737", "port_range_max": null, "port_range_min": null, "id": "507f264d-3254-4f60-bd4a-f18f301832fb", "security_group_id": "1ba85299-67f7-4199-9d61-40ee5b2847dd"}}
2015-12-23 16:16:03,231 21546 INFO     [tempest_lib.common.rest_client] Request (TestNetworkAdvancedServerOps:test_server_connectivity_pause_unpause): 201 POST http://10.0.2.15:9696/v2.0/networks 0.186s
2015-12-23 16:16:03,232 21546 DEBUG    [tempest_lib.common.rest_client] Request - Headers: {'Content-Type': 'application/json', 'Accept': 'application/json', 'X-Auth-Token': '&lt;omitted&gt;'}
        Body: {"network": {"tenant_id": "b9c02c0a86504f88ba7ddbc98c928737", "name": "tempest-network-smoke--227123237"}}
    Response - Headers: {'status': '201', 'content-length': '328', 'connection': 'close', 'date': 'Wed, 23 Dec 2015 16:16:03 GMT', 'content-type': 'application/json; charset=UTF-8', 'x-openstack-request-id': 'req-6c7c0555-16b1-4ff2-89ab-9fcb3b94a58c'}
        Body: {"network": {"status": "ACTIVE", "subnets": [], "availability_zone_hints": "[]", "name": "tempest-network-smoke--227123237", "admin_state_up": true, "tenant_id": "b9c02c0a86504f88ba7ddbc98c928737", "mtu": 0, "router:external": false, "shared": false, "port_security_enabled": true, "id": "da9d230b-3378-4e0c-b4f1-875905933764"}}
2015-12-23 16:16:03,321 21546 INFO     [tempest_lib.common.rest_client] Request (TestNetworkAdvancedServerOps:test_server_connectivity_pause_unpause): 201 POST http://10.0.2.15:9696/v2.0/routers 0.088s
2015-12-23 16:16:03,321 21546 DEBUG    [tempest_lib.common.rest_client] Request - Headers: {'Content-Type': 'application/json', 'Accept': 'application/json', 'X-Auth-Token': '&lt;omitted&gt;'}
        Body: {"router": {"tenant_id": "b9c02c0a86504f88ba7ddbc98c928737", "name": "tempest-router-smoke-1200914140", "admin_state_up": true}}
    Response - Headers: {'status': '201', 'content-length': '296', 'connection': 'close', 'date': 'Wed, 23 Dec 2015 16:16:03 GMT', 'content-type': 'application/json; charset=UTF-8', 'x-openstack-request-id': 'req-3a6cfdb5-d39a-45bb-a2ee-2a777bcd95c0'}
        Body: {"router": {"status": "ACTIVE", "external_gateway_info": null, "availability_zone_hints": [], "availability_zones": [], "name": "tempest-router-smoke-1200914140", "admin_state_up": true, "tenant_id": "b9c02c0a86504f88ba7ddbc98c928737", "routes": [], "id": "3f0a234a-deae-4b93-901f-1983acc21e9c"}}
2015-12-23 16:16:03,382 21546 INFO     [tempest_lib.common.rest_client] Request (TestNetworkAdvancedServerOps:test_server_connectivity_pause_unpause): 200 GET http://10.0.2.15:9696/v2.0/routers/3f0a234a-deae-4b93-901f-1983acc21e9c 0.059s
2015-12-23 16:16:03,383 21546 DEBUG    [tempest_lib.common.rest_client] Request - Headers: {'Content-Type': 'application/json', 'Accept': 'application/json', 'X-Auth-Token': '&lt;omitted&gt;'}
        Body: None
    Response - Headers: {'status': '200', 'content-length': '296', 'content-location': 'http://10.0.2.15:9696/v2.0/routers/3f0a234a-deae-4b93-901f-1983acc21e9c', 'connection': 'close', 'date': 'Wed, 23 Dec 2015 16:16:03 GMT', 'content-type': 'application/json; charset=UTF-8', 'x-openstack-request-id': 'req-3332a83a-2fc5-48b1-a092-ba89009a7366'}
        Body: {"router": {"status": "ACTIVE", "external_gateway_info": null, "availability_zone_hints": [], "availability_zones": [], "name": "tempest-router-smoke-1200914140", "admin_state_up": true, "tenant_id": "b9c02c0a86504f88ba7ddbc98c928737", "routes": [], "id": "3f0a234a-deae-4b93-901f-1983acc21e9c"}}
2015-12-23 16:16:04,156 21546 INFO     [tempest_lib.common.rest_client] Request (TestNetworkAdvancedServerOps:test_server_connectivity_pause_unpause): 200 PUT http://10.0.2.15:9696/v2.0/routers/3f0a234a-deae-4b93-901f-1983acc21e9c 0.772s
2015-12-23 16:16:04,157 21546 DEBUG    [tempest_lib.common.rest_client] Request - Headers: {'Content-Type': 'application/json', 'Accept': 'application/json', 'X-Auth-Token': '&lt;omitted&gt;'}
        Body: {"router": {"external_gateway_info": {"network_id": "788d5a84-bff3-4fe6-962a-2032d7954b78"}, "name": "tempest-router-smoke-1200914140", "admin_state_up": true}}
    Response - Headers: {'status': '200', 'content-length': '558', 'connection': 'close', 'date': 'Wed, 23 Dec 2015 16:16:04 GMT', 'content-type': 'application/json; charset=UTF-8', 'x-openstack-request-id': 'req-b475db47-03bf-43e1-a73e-29a87caf4704'}
        Body: {"router": {"status": "ACTIVE", "external_gateway_info": {"network_id": "788d5a84-bff3-4fe6-962a-2032d7954b78", "enable_snat": true, "external_fixed_ips": [{"subnet_id": "78d15701-b2b9-4eff-a62c-045bad352208", "ip_address": "172.24.4.3"}, {"subnet_id": "4d85b04e-9488-42e1-8421-db95e8264ad1", "ip_address": "2001:db8::3"}]}, "availability_zone_hints": [], "availability_zones": [], "name": "tempest-router-smoke-1200914140", "admin_state_up": true, "tenant_id": "b9c02c0a86504f88ba7ddbc98c928737", "routes": [], "id": "3f0a234a-deae-4b93-901f-1983acc21e9c"}}
2015-12-23 16:16:04,335 21546 INFO     [tempest_lib.common.rest_client] Request (TestNetworkAdvancedServerOps:test_server_connectivity_pause_unpause): 200 GET http://10.0.2.15:9696/v2.0/subnets?tenant_id=b9c02c0a86504f88ba7ddbc98c928737&amp;cidr=10.100.0.0%2F28 0.177s
2015-12-23 16:16:04,335 21546 DEBUG    [tempest_lib.common.rest_client] Request - Headers: {'Content-Type': 'application/json', 'Accept': 'application/json', 'X-Auth-Token': '&lt;omitted&gt;'}
        Body: None
    Response - Headers: {'status': '200', 'content-length': '15', 'content-location': 'http://10.0.2.15:9696/v2.0/subnets?tenant_id=b9c02c0a86504f88ba7ddbc98c928737&amp;cidr=10.100.0.0%2F28', 'connection': 'close', 'date': 'Wed, 23 Dec 2015 16:16:04 GMT', 'content-type': 'application/json; charset=UTF-8', 'x-openstack-request-id': 'req-c1217e7f-6806-4c25-b4b2-9e196e16ce16'}
        Body: {"subnets": []}
2015-12-23 16:16:04,676 21546 INFO     [tempest_lib.common.rest_client] Request (TestNetworkAdvancedServerOps:test_server_connectivity_pause_unpause): 201 POST http://10.0.2.15:9696/v2.0/subnets 0.340s
2015-12-23 16:16:04,676 21546 DEBUG    [tempest_lib.common.rest_client] Request - Headers: {'Content-Type': 'application/json', 'Accept': 'application/json', 'X-Auth-Token': '&lt;omitted&gt;'}
        Body: {"subnet": {"ip_version": 4, "tenant_id": "b9c02c0a86504f88ba7ddbc98c928737", "cidr": "10.100.0.0/28", "network_id": "da9d230b-3378-4e0c-b4f1-875905933764", "name": "tempest-subnet-smoke-1480825797"}}
    Response - Headers: {'status': '201', 'content-length': '478', 'connection': 'close', 'date': 'Wed, 23 Dec 2015 16:16:04 GMT', 'content-type': 'application/json; charset=UTF-8', 'x-openstack-request-id': 'req-bb30f491-0d8f-4584-b1b5-4ea7bb854a38'}
        Body: {"subnet": {"name": "tempest-subnet-smoke-1480825797", "enable_dhcp": true, "network_id": "da9d230b-3378-4e0c-b4f1-875905933764", "tenant_id": "b9c02c0a86504f88ba7ddbc98c928737", "dns_nameservers": [], "gateway_ip": "10.100.0.1", "ipv6_ra_mode": null, "allocation_pools": [{"start": "10.100.0.2", "end": "10.100.0.14"}], "host_routes": [], "ip_version": 4, "ipv6_address_mode": null, "cidr": "10.100.0.0/28", "id": "084a9613-a5e1-43a2-a1d4-a144aa21adbc", "subnetpool_id": null}}
2015-12-23 16:16:05,330 21546 INFO     [tempest_lib.common.rest_client] Request (TestNetworkAdvancedServerOps:test_server_connectivity_pause_unpause): 200 PUT http://10.0.2.15:9696/v2.0/routers/3f0a234a-deae-4b93-901f-1983acc21e9c/add_router_interface 0.652s
2015-12-23 16:16:05,330 21546 DEBUG    [tempest_lib.common.rest_client] Request - Headers: {'Content-Type': 'application/json', 'Accept': 'application/json', 'X-Auth-Token': '&lt;omitted&gt;'}
        Body: {"subnet_id": "084a9613-a5e1-43a2-a1d4-a144aa21adbc"}
    Response - Headers: {'status': '200', 'content-length': '255', 'connection': 'close', 'date': 'Wed, 23 Dec 2015 16:16:05 GMT', 'content-type': 'application/json; charset=UTF-8', 'x-openstack-request-id': 'req-1a4e6515-3dab-44fd-b74d-9d92d0e7d86d'}
        Body: {"subnet_id": "084a9613-a5e1-43a2-a1d4-a144aa21adbc", "tenant_id": "b9c02c0a86504f88ba7ddbc98c928737", "subnet_ids": ["084a9613-a5e1-43a2-a1d4-a144aa21adbc"], "port_id": "de43336e-7ddc-4e50-82c8-33e477ddeb09", "id": "3f0a234a-deae-4b93-901f-1983acc21e9c"}
2015-12-23 16:16:05,460 21546 INFO     [tempest_lib.common.rest_client] Request (TestNetworkAdvancedServerOps:test_server_connectivity_pause_unpause): 200 POST http://10.0.2.15:5000/v2.0/tokens
2015-12-23 16:16:05,461 21546 DEBUG    [tempest_lib.common.rest_client] Request - Headers: {'Content-Type': 'application/json', 'Accept': 'application/json'}
        Body: &lt;omitted&gt;
    Response - Headers: {'status': '200', 'content-length': '2562', 'vary': 'X-Auth-Token', 'server': 'Apache/2.4.7 (Ubuntu)', 'connection': 'close', 'date': 'Wed, 23 Dec 2015 16:16:05 GMT', 'content-type': 'application/json', 'x-openstack-request-id': 'req-90c8c88f-25c8-470e-8ee0-82c4267a7055'}
        Body: {"access": {"token": {"issued_at": "2015-12-23T16:16:05.449413", "expires": "2015-12-23T17:16:05Z", "id": "831e17d3bbca46e793ef8c8f775d74e0", "tenant": {"description": "tempest-TestNetworkAdvancedServerOps-612797126-desc", "enabled": true, "id": "b9c02c0a86504f88ba7ddbc98c928737", "name": "tempest-TestNetworkAdvancedServerOps-612797126"}, "audit_ids": ["65VQOzvMRpCbUK9utTenCw"]}, "serviceCatalog": [{"endpoints": [{"adminURL": "http://10.0.2.15:8774/v2.1/b9c02c0a86504f88ba7ddbc98c928737", "region": "RegionOne", "internalURL": "http://10.0.2.15:8774/v2.1/b9c02c0a86504f88ba7ddbc98c928737", "id": "5cfb0ee8e0514179996ed23dae6c2647", "publicURL": "http://10.0.2.15:8774/v2.1/b9c02c0a86504f88ba7ddbc98c928737"}], "endpoints_links": [], "type": "compute", "name": "nova"}, {"endpoints": [{"adminURL": "http://10.0.2.15:9696/", "region": "RegionOne", "internalURL": "http://10.0.2.15:9696/", "id": "13aaf0a8555e4d34be1f80662e138f5d", "publicURL": "http://10.0.2.15:9696/"}], "endpoints_links": [], "type": "network", "name": "neutron"}, {"endpoints": [{"adminURL": "http://10.0.2.15:9292", "region": "RegionOne", "internalURL": "http://10.0.2.15:9292", "id": "3c1765c9d070441d9dfb8092a11e71ac", "publicURL": "http://10.0.2.15:9292"}], "endpoints_links": [], "type": "image", "name": "glance"}, {"endpoints": [{"adminURL": "http://10.0.2.15:8774/v2/b9c02c0a86504f88ba7ddbc98c928737", "region": "RegionOne", "internalURL": "http://10.0.2.15:8774/v2/b9c02c0a86504f88ba7ddbc98c928737", "id": "1bb22f16452f4f25bd5667234fbacad6", "publicURL": "http://10.0.2.15:8774/v2/b9c02c0a86504f88ba7ddbc98c928737"}], "endpoints_links": [], "type": "compute_legacy", "name": "nova_legacy"}, {"endpoints": [{"adminURL": "http://10.0.2.15:8773/", "region": "RegionOne", "internalURL": "http://10.0.2.15:8773/", "id": "3f755c011e8349e2a2b8cf66b1ccf0d4", "publicURL": "http://10.0.2.15:8773/"}], "endpoints_links": [], "type": "ec2", "name": "ec2"}, {"endpoints": [{"adminURL": "http://10.0.2.15:35357/v2.0", "region": "RegionOne", "internalURL": "http://10.0.2.15:5000/v2.0", "id": "09058fe3f77c4b5892ece7dc3131eea8", "publicURL": "http://10.0.2.15:5000/v2.0"}], "endpoints_links": [], "type": "identity", "name": "keystone"}], "user": {"username": "tempest-TestNetworkAdvancedServerOps-372283833", "roles_links": [], "id": "96d8d88fd94942b7beccb8730038bb7b", "roles": [{"name": "_member_"}, {"name": "Member"}], "name": "tempest-TestNetworkAdvancedServerOps-372283833"}, "metadata": {"is_admin": 0, "roles": ["9fe2ff9ee4384b1894a90878d3e92bab", "d787d325c05c447a8312be6539dd1756"]}}}
2015-12-23 16:16:05,465 21546 DEBUG    [tempest.common.fixed_network] (TestNetworkAdvancedServerOps:test_server_connectivity_pause_unpause) No valid network provided or created, defaulting to fixed_network_name
2015-12-23 16:16:05,870 21546 INFO     [tempest_lib.common.rest_client] Request (TestNetworkAdvancedServerOps:test_server_connectivity_pause_unpause): 200 GET http://10.0.2.15:8774/v2.1/b9c02c0a86504f88ba7ddbc98c928737/os-networks 0.404s
2015-12-23 16:16:05,870 21546 DEBUG    [tempest_lib.common.rest_client] Request - Headers: {'Content-Type': 'application/json', 'Accept': 'application/json', 'X-Auth-Token': '&lt;omitted&gt;'}
        Body: None
    Response - Headers: {'status': '200', 'content-length': '478', 'content-location': 'http://10.0.2.15:8774/v2.1/b9c02c0a86504f88ba7ddbc98c928737/os-networks', 'x-compute-request-id': 'req-3f35358d-e89e-4db6-94e1-75c8933c5fec', 'vary': 'X-OpenStack-Nova-API-Version', 'connection': 'close', 'x-openstack-nova-api-version': '2.1', 'date': 'Wed, 23 Dec 2015 16:16:05 GMT', 'content-type': 'application/json'}
        Body: {"networks": [{"cidr_v6": null, "dns2": null, "dns1": null, "gateway": null, "broadcast": null, "netmask": null, "gateway_v6": null, "cidr": null, "label": "public", "id": "788d5a84-bff3-4fe6-962a-2032d7954b78", "netmask_v6": null}, {"cidr_v6": null, "dns2": null, "dns1": null, "gateway": null, "broadcast": null, "netmask": null, "gateway_v6": null, "cidr": null, "label": "tempest-network-smoke--227123237", "id": "da9d230b-3378-4e0c-b4f1-875905933764", "netmask_v6": null}]}
2015-12-23 16:16:05,870 21546 WARNING  [tempest.common.fixed_network] (TestNetworkAdvancedServerOps:test_server_connectivity_pause_unpause) Network with name: private not found
2015-12-23 16:16:05,871 21546 INFO     [tempest.common.fixed_network] (TestNetworkAdvancedServerOps:test_server_connectivity_pause_unpause) Found network {} available for tenant
2015-12-23 16:16:07,145 21546 INFO     [tempest_lib.common.rest_client] Request (TestNetworkAdvancedServerOps:test_server_connectivity_pause_unpause): 202 POST http://10.0.2.15:8774/v2.1/b9c02c0a86504f88ba7ddbc98c928737/servers 1.273s
2015-12-23 16:16:07,146 21546 DEBUG    [tempest_lib.common.rest_client] Request - Headers: {'Content-Type': 'application/json', 'Accept': 'application/json', 'X-Auth-Token': '&lt;omitted&gt;'}
        Body: {"server": {"name": "tempest.common.compute-instance-1861265324", "imageRef": "bd869a71-c158-4f1b-ae57-d70d1a5a5cba", "key_name": "tempest-TestNetworkAdvancedServerOps-970572718", "flavorRef": "42", "networks": [{"uuid": "da9d230b-3378-4e0c-b4f1-875905933764"}], "security_groups": [{"name": "tempest-secgroup-smoke-1062254876"}]}}
    Response - Headers: {'status': '202', 'content-length': '462', 'x-compute-request-id': 'req-51fc1b0c-012e-47f2-ba05-e963f22c0481', 'vary': 'X-OpenStack-Nova-API-Version', 'connection': 'close', 'location': 'http://10.0.2.15:8774/v2.1/b9c02c0a86504f88ba7ddbc98c928737/servers/b57d26e1-1cfd-435e-b046-831fa4be337e', 'x-openstack-nova-api-version': '2.1', 'date': 'Wed, 23 Dec 2015 16:16:07 GMT', 'content-type': 'application/json'}
        Body: {"server": {"security_groups": [{"name": "tempest-secgroup-smoke-1062254876"}], "OS-DCF:diskConfig": "MANUAL", "id": "b57d26e1-1cfd-435e-b046-831fa4be337e", "links": [{"href": "http://10.0.2.15:8774/v2.1/b9c02c0a86504f88ba7ddbc98c928737/servers/b57d26e1-1cfd-435e-b046-831fa4be337e", "rel": "self"}, {"href": "http://10.0.2.15:8774/b9c02c0a86504f88ba7ddbc98c928737/servers/b57d26e1-1cfd-435e-b046-831fa4be337e", "rel": "bookmark"}], "adminPass": "9d34JJFER4ya"}}
2015-12-23 16:16:07,326 21546 INFO     [tempest_lib.common.rest_client] Request (TestNetworkAdvancedServerOps:test_server_connectivity_pause_unpause): 200 GET http://10.0.2.15:8774/v2.1/b9c02c0a86504f88ba7ddbc98c928737/servers/b57d26e1-1cfd-435e-b046-831fa4be337e 0.176s
2015-12-23 16:16:07,326 21546 DEBUG    [tempest_lib.common.rest_client] Request - Headers: {'Content-Type': 'application/json', 'Accept': 'application/json', 'X-Auth-Token': '&lt;omitted&gt;'}
        Body: None
    Response - Headers: {'status': '200', 'content-length': '1364', 'content-location': 'http://10.0.2.15:8774/v2.1/b9c02c0a86504f88ba7ddbc98c928737/servers/b57d26e1-1cfd-435e-b046-831fa4be337e', 'x-compute-request-id': 'req-4d8115cd-a438-4332-8c26-799715819701', 'vary': 'X-OpenStack-Nova-API-Version', 'connection': 'close', 'x-openstack-nova-api-version': '2.1', 'date': 'Wed, 23 Dec 2015 16:16:07 GMT', 'content-type': 'application/json'}
        Body: {"server": {"status": "BUILD", "updated": "2015-12-23T16:16:07Z", "hostId": "", "addresses": {}, "links": [{"href": "http://10.0.2.15:8774/v2.1/b9c02c0a86504f88ba7ddbc98c928737/servers/b57d26e1-1cfd-435e-b046-831fa4be337e", "rel": "self"}, {"href": "http://10.0.2.15:8774/b9c02c0a86504f88ba7ddbc98c928737/servers/b57d26e1-1cfd-435e-b046-831fa4be337e", "rel": "bookmark"}], "key_name": "tempest-TestNetworkAdvancedServerOps-970572718", "image": {"id": "bd869a71-c158-4f1b-ae57-d70d1a5a5cba", "links": [{"href": "http://10.0.2.15:8774/b9c02c0a86504f88ba7ddbc98c928737/images/bd869a71-c158-4f1b-ae57-d70d1a5a5cba", "rel": "bookmark"}]}, "OS-EXT-STS:task_state": "scheduling", "OS-EXT-STS:vm_state": "building", "OS-SRV-USG:launched_at": null, "flavor": {"id": "42", "links": [{"href": "http://10.0.2.15:8774/b9c02c0a86504f88ba7ddbc98c928737/flavors/42", "rel": "bookmark"}]}, "id": "b57d26e1-1cfd-435e-b046-831fa4be337e", "OS-SRV-USG:terminated_at": null, "OS-EXT-AZ:availability_zone": "", "user_id": "96d8d88fd94942b7beccb8730038bb7b", "name": "tempest.common.compute-instance-1861265324", "created": "2015-12-23T16:16:07Z", "tenant_id": "b9c02c0a86504f88ba7ddbc98c928737", "OS-DCF:diskConfig": "MANUAL", "os-extended-volumes:volumes_attached": [], "accessIPv4": "", "accessIPv6": "", "progress": 0, "OS-EXT-STS:power_state": 0, "config_drive": "", "metadata": {}}}
2015-12-23 16:16:08,811 21546 INFO     [tempest_lib.common.rest_client] Request (TestNetworkAdvancedServerOps:test_server_connectivity_pause_unpause): 200 GET http://10.0.2.15:8774/v2.1/b9c02c0a86504f88ba7ddbc98c928737/servers/b57d26e1-1cfd-435e-b046-831fa4be337e 0.473s
2015-12-23 16:16:08,811 21546 DEBUG    [tempest_lib.common.rest_client] Request - Headers: {'Content-Type': 'application/json', 'Accept': 'application/json', 'X-Auth-Token': '&lt;omitted&gt;'}
        Body: None
    Response - Headers: {'status': '200', 'content-length': '1490', 'content-location': 'http://10.0.2.15:8774/v2.1/b9c02c0a86504f88ba7ddbc98c928737/servers/b57d26e1-1cfd-435e-b046-831fa4be337e', 'x-compute-request-id': 'req-e21ea347-2d45-48f6-ad9c-133bbfe7e513', 'vary': 'X-OpenStack-Nova-API-Version', 'connection': 'close', 'x-openstack-nova-api-version': '2.1', 'date': 'Wed, 23 Dec 2015 16:16:08 GMT', 'content-type': 'application/json'}
        Body: {"server": {"status": "BUILD", "updated": "2015-12-23T16:16:08Z", "hostId": "a303c6562dfd0436d020e913146da59ff709ad721ae611b81eccb046", "addresses": {}, "links": [{"href": "http://10.0.2.15:8774/v2.1/b9c02c0a86504f88ba7ddbc98c928737/servers/b57d26e1-1cfd-435e-b046-831fa4be337e", "rel": "self"}, {"href": "http://10.0.2.15:8774/b9c02c0a86504f88ba7ddbc98c928737/servers/b57d26e1-1cfd-435e-b046-831fa4be337e", "rel": "bookmark"}], "key_name": "tempest-TestNetworkAdvancedServerOps-970572718", "image": {"id": "bd869a71-c158-4f1b-ae57-d70d1a5a5cba", "links": [{"href": "http://10.0.2.15:8774/b9c02c0a86504f88ba7ddbc98c928737/images/bd869a71-c158-4f1b-ae57-d70d1a5a5cba", "rel": "bookmark"}]}, "OS-EXT-STS:task_state": "spawning", "OS-EXT-STS:vm_state": "building", "OS-SRV-USG:launched_at": null, "flavor": {"id": "42", "links": [{"href": "http://10.0.2.15:8774/b9c02c0a86504f88ba7ddbc98c928737/flavors/42", "rel": "bookmark"}]}, "id": "b57d26e1-1cfd-435e-b046-831fa4be337e", "security_groups": [{"name": "tempest-secgroup-smoke-1062254876"}], "OS-SRV-USG:terminated_at": null, "OS-EXT-AZ:availability_zone": "nova", "user_id": "96d8d88fd94942b7beccb8730038bb7b", "name": "tempest.common.compute-instance-1861265324", "created": "2015-12-23T16:16:07Z", "tenant_id": "b9c02c0a86504f88ba7ddbc98c928737", "OS-DCF:diskConfig": "MANUAL", "os-extended-volumes:volumes_attached": [], "accessIPv4": "", "accessIPv6": "", "progress": 0, "OS-EXT-STS:power_state": 0, "config_drive": "", "metadata": {}}}
2015-12-23 16:16:08,827 21546 INFO     [tempest.common.waiters] State transition "BUILD/scheduling" ==&gt; "BUILD/spawning" after 1 second wait
2015-12-23 16:16:10,143 21546 INFO     [tempest_lib.common.rest_client] Request (TestNetworkAdvancedServerOps:test_server_connectivity_pause_unpause): 200 GET http://10.0.2.15:8774/v2.1/b9c02c0a86504f88ba7ddbc98c928737/servers/b57d26e1-1cfd-435e-b046-831fa4be337e 0.313s
2015-12-23 16:16:10,143 21546 DEBUG    [tempest_lib.common.rest_client] Request - Headers: {'Content-Type': 'application/json', 'Accept': 'application/json', 'X-Auth-Token': '&lt;omitted&gt;'}
        Body: None
    Response - Headers: {'status': '200', 'content-length': '1490', 'content-location': 'http://10.0.2.15:8774/v2.1/b9c02c0a86504f88ba7ddbc98c928737/servers/b57d26e1-1cfd-435e-b046-831fa4be337e', 'x-compute-request-id': 'req-70ea4394-845c-4e2c-905d-9758e2908775', 'vary': 'X-OpenStack-Nova-API-Version', 'connection': 'close', 'x-openstack-nova-api-version': '2.1', 'date': 'Wed, 23 Dec 2015 16:16:10 GMT', 'content-type': 'application/json'}
        Body: {"server": {"status": "BUILD", "updated": "2015-12-23T16:16:08Z", "hostId": "a303c6562dfd0436d020e913146da59ff709ad721ae611b81eccb046", "addresses": {}, "links": [{"href": "http://10.0.2.15:8774/v2.1/b9c02c0a86504f88ba7ddbc98c928737/servers/b57d26e1-1cfd-435e-b046-831fa4be337e", "rel": "self"}, {"href": "http://10.0.2.15:8774/b9c02c0a86504f88ba7ddbc98c928737/servers/b57d26e1-1cfd-435e-b046-831fa4be337e", "rel": "bookmark"}], "key_name": "tempest-TestNetworkAdvancedServerOps-970572718", "image": {"id": "bd869a71-c158-4f1b-ae57-d70d1a5a5cba", "links": [{"href": "http://10.0.2.15:8774/b9c02c0a86504f88ba7ddbc98c928737/images/bd869a71-c158-4f1b-ae57-d70d1a5a5cba", "rel": "bookmark"}]}, "OS-EXT-STS:task_state": "spawning", "OS-EXT-STS:vm_state": "building", "OS-SRV-USG:launched_at": null, "flavor": {"id": "42", "links": [{"href": "http://10.0.2.15:8774/b9c02c0a86504f88ba7ddbc98c928737/flavors/42", "rel": "bookmark"}]}, "id": "b57d26e1-1cfd-435e-b046-831fa4be337e", "security_groups": [{"name": "tempest-secgroup-smoke-1062254876"}], "OS-SRV-USG:terminated_at": null, "OS-EXT-AZ:availability_zone": "nova", "user_id": "96d8d88fd94942b7beccb8730038bb7b", "name": "tempest.common.compute-instance-1861265324", "created": "2015-12-23T16:16:07Z", "tenant_id": "b9c02c0a86504f88ba7ddbc98c928737", "OS-DCF:diskConfig": "MANUAL", "os-extended-volumes:volumes_attached": [], "accessIPv4": "", "accessIPv6": "", "progress": 0, "OS-EXT-STS:power_state": 0, "config_drive": "", "metadata": {}}}
2015-12-23 16:16:11,357 21546 INFO     [tempest_lib.common.rest_client] Request (TestNetworkAdvancedServerOps:test_server_connectivity_pause_unpause): 200 GET http://10.0.2.15:8774/v2.1/b9c02c0a86504f88ba7ddbc98c928737/servers/b57d26e1-1cfd-435e-b046-831fa4be337e 0.202s
2015-12-23 16:16:11,357 21546 DEBUG    [tempest_lib.common.rest_client] Request - Headers: {'Content-Type': 'application/json', 'Accept': 'application/json', 'X-Auth-Token': '&lt;omitted&gt;'}
        Body: None
    Response - Headers: {'status': '200', 'content-length': '1661', 'content-location': 'http://10.0.2.15:8774/v2.1/b9c02c0a86504f88ba7ddbc98c928737/servers/b57d26e1-1cfd-435e-b046-831fa4be337e', 'x-compute-request-id': 'req-02e6abc0-65db-49ae-82d3-478473b80b5e', 'vary': 'X-OpenStack-Nova-API-Version', 'connection': 'close', 'x-openstack-nova-api-version': '2.1', 'date': 'Wed, 23 Dec 2015 16:16:11 GMT', 'content-type': 'application/json'}
        Body: {"server": {"status": "ACTIVE", "updated": "2015-12-23T16:16:11Z", "hostId": "a303c6562dfd0436d020e913146da59ff709ad721ae611b81eccb046", "addresses": {"tempest-network-smoke--227123237": [{"OS-EXT-IPS-MAC:mac_addr": "fa:16:3e:04:fa:97", "version": 4, "addr": "10.100.0.3", "OS-EXT-IPS:type": "fixed"}]}, "links": [{"href": "http://10.0.2.15:8774/v2.1/b9c02c0a86504f88ba7ddbc98c928737/servers/b57d26e1-1cfd-435e-b046-831fa4be337e", "rel": "self"}, {"href": "http://10.0.2.15:8774/b9c02c0a86504f88ba7ddbc98c928737/servers/b57d26e1-1cfd-435e-b046-831fa4be337e", "rel": "bookmark"}], "key_name": "tempest-TestNetworkAdvancedServerOps-970572718", "image": {"id": "bd869a71-c158-4f1b-ae57-d70d1a5a5cba", "links": [{"href": "http://10.0.2.15:8774/b9c02c0a86504f88ba7ddbc98c928737/images/bd869a71-c158-4f1b-ae57-d70d1a5a5cba", "rel": "bookmark"}]}, "OS-EXT-STS:task_state": null, "OS-EXT-STS:vm_state": "active", "OS-SRV-USG:launched_at": "2015-12-23T16:16:10.000000", "flavor": {"id": "42", "links": [{"href": "http://10.0.2.15:8774/b9c02c0a86504f88ba7ddbc98c928737/flavors/42", "rel": "bookmark"}]}, "id": "b57d26e1-1cfd-435e-b046-831fa4be337e", "security_groups": [{"name": "tempest-secgroup-smoke-1062254876"}], "OS-SRV-USG:terminated_at": null, "OS-EXT-AZ:availability_zone": "nova", "user_id": "96d8d88fd94942b7beccb8730038bb7b", "name": "tempest.common.compute-instance-1861265324", "created": "2015-12-23T16:16:07Z", "tenant_id": "b9c02c0a86504f88ba7ddbc98c928737", "OS-DCF:diskConfig": "MANUAL", "os-extended-volumes:volumes_attached": [], "accessIPv4": "", "accessIPv6": "", "progress": 0, "OS-EXT-STS:power_state": 1, "config_drive": "True", "metadata": {}}}
2015-12-23 16:16:11,366 21546 INFO     [tempest.common.waiters] State transition "BUILD/spawning" ==&gt; "ACTIVE/None" after 4 second wait
2015-12-23 16:16:11,679 21546 INFO     [tempest_lib.common.rest_client] Request (TestNetworkAdvancedServerOps:test_server_connectivity_pause_unpause): 200 GET http://10.0.2.15:8774/v2.1/b9c02c0a86504f88ba7ddbc98c928737/servers/b57d26e1-1cfd-435e-b046-831fa4be337e 0.312s
2015-12-23 16:16:11,679 21546 DEBUG    [tempest_lib.common.rest_client] Request - Headers: {'Content-Type': 'application/json', 'Accept': 'application/json', 'X-Auth-Token': '&lt;omitted&gt;'}
        Body: None
    Response - Headers: {'status': '200', 'content-length': '1661', 'content-location': 'http://10.0.2.15:8774/v2.1/b9c02c0a86504f88ba7ddbc98c928737/servers/b57d26e1-1cfd-435e-b046-831fa4be337e', 'x-compute-request-id': 'req-f607254b-949f-44b0-8ea4-fc06dfdf7107', 'vary': 'X-OpenStack-Nova-API-Version', 'connection': 'close', 'x-openstack-nova-api-version': '2.1', 'date': 'Wed, 23 Dec 2015 16:16:11 GMT', 'content-type': 'application/json'}
        Body: {"server": {"status": "ACTIVE", "updated": "2015-12-23T16:16:11Z", "hostId": "a303c6562dfd0436d020e913146da59ff709ad721ae611b81eccb046", "addresses": {"tempest-network-smoke--227123237": [{"OS-EXT-IPS-MAC:mac_addr": "fa:16:3e:04:fa:97", "version": 4, "addr": "10.100.0.3", "OS-EXT-IPS:type": "fixed"}]}, "links": [{"href": "http://10.0.2.15:8774/v2.1/b9c02c0a86504f88ba7ddbc98c928737/servers/b57d26e1-1cfd-435e-b046-831fa4be337e", "rel": "self"}, {"href": "http://10.0.2.15:8774/b9c02c0a86504f88ba7ddbc98c928737/servers/b57d26e1-1cfd-435e-b046-831fa4be337e", "rel": "bookmark"}], "key_name": "tempest-TestNetworkAdvancedServerOps-970572718", "image": {"id": "bd869a71-c158-4f1b-ae57-d70d1a5a5cba", "links": [{"href": "http://10.0.2.15:8774/b9c02c0a86504f88ba7ddbc98c928737/images/bd869a71-c158-4f1b-ae57-d70d1a5a5cba", "rel": "bookmark"}]}, "OS-EXT-STS:task_state": null, "OS-EXT-STS:vm_state": "active", "OS-SRV-USG:launched_at": "2015-12-23T16:16:10.000000", "flavor": {"id": "42", "links": [{"href": "http://10.0.2.15:8774/b9c02c0a86504f88ba7ddbc98c928737/flavors/42", "rel": "bookmark"}]}, "id": "b57d26e1-1cfd-435e-b046-831fa4be337e", "security_groups": [{"name": "tempest-secgroup-smoke-1062254876"}], "OS-SRV-USG:terminated_at": null, "OS-EXT-AZ:availability_zone": "nova", "user_id": "96d8d88fd94942b7beccb8730038bb7b", "name": "tempest.common.compute-instance-1861265324", "created": "2015-12-23T16:16:07Z", "tenant_id": "b9c02c0a86504f88ba7ddbc98c928737", "OS-DCF:diskConfig": "MANUAL", "os-extended-volumes:volumes_attached": [], "accessIPv4": "", "accessIPv6": "", "progress": 0, "OS-EXT-STS:power_state": 1, "config_drive": "True", "metadata": {}}}
2015-12-23 16:16:11,836 21546 INFO     [tempest_lib.common.rest_client] Request (TestNetworkAdvancedServerOps:test_server_connectivity_pause_unpause): 200 GET http://10.0.2.15:9696/v2.0/ports?status=ACTIVE&amp;fixed_ip=None&amp;device_id=b57d26e1-1cfd-435e-b046-831fa4be337e 0.147s
2015-12-23 16:16:11,836 21546 DEBUG    [tempest_lib.common.rest_client] Request - Headers: {'Content-Type': 'application/json', 'Accept': 'application/json', 'X-Auth-Token': '&lt;omitted&gt;'}
        Body: None
    Response - Headers: {'status': '200', 'content-length': '895', 'content-location': 'http://10.0.2.15:9696/v2.0/ports?status=ACTIVE&amp;fixed_ip=None&amp;device_id=b57d26e1-1cfd-435e-b046-831fa4be337e', 'connection': 'close', 'date': 'Wed, 23 Dec 2015 16:16:11 GMT', 'content-type': 'application/json; charset=UTF-8', 'x-openstack-request-id': 'req-7af1e9df-30d1-4d25-8279-ca5d8b671f8d'}
        Body: {"ports": [{"status": "ACTIVE", "binding:host_id": "vagrant-ubuntu-trusty-64", "allowed_address_pairs": [], "extra_dhcp_opts": [], "dns_assignment": [{"hostname": "host-10-100-0-3", "ip_address": "10.100.0.3", "fqdn": "host-10-100-0-3.openstacklocal."}], "device_owner": "compute:None", "port_security_enabled": true, "binding:profile": {}, "fixed_ips": [{"subnet_id": "084a9613-a5e1-43a2-a1d4-a144aa21adbc", "ip_address": "10.100.0.3"}], "id": "9bffba96-c98b-4070-bcc2-3c99ff131c1e", "security_groups": ["1ba85299-67f7-4199-9d61-40ee5b2847dd"], "device_id": "b57d26e1-1cfd-435e-b046-831fa4be337e", "name": "", "admin_state_up": true, "network_id": "da9d230b-3378-4e0c-b4f1-875905933764", "dns_name": "", "binding:vif_details": {"port_filter": true}, "binding:vnic_type": "normal", "binding:vif_type": "ovs", "tenant_id": "b9c02c0a86504f88ba7ddbc98c928737", "mac_address": "fa:16:3e:04:fa:97"}]}
2015-12-23 16:16:12,469 21546 INFO     [tempest_lib.common.rest_client] Request (TestNetworkAdvancedServerOps:test_server_connectivity_pause_unpause): 201 POST http://10.0.2.15:9696/v2.0/floatingips 0.631s
2015-12-23 16:16:12,469 21546 DEBUG    [tempest_lib.common.rest_client] Request - Headers: {'Content-Type': 'application/json', 'Accept': 'application/json', 'X-Auth-Token': '&lt;omitted&gt;'}
        Body: {"floatingip": {"floating_network_id": "788d5a84-bff3-4fe6-962a-2032d7954b78", "tenant_id": "b9c02c0a86504f88ba7ddbc98c928737", "fixed_ip_address": "10.100.0.3", "port_id": "9bffba96-c98b-4070-bcc2-3c99ff131c1e"}}
    Response - Headers: {'status': '201', 'content-length': '367', 'connection': 'close', 'date': 'Wed, 23 Dec 2015 16:16:12 GMT', 'content-type': 'application/json; charset=UTF-8', 'x-openstack-request-id': 'req-a6dc2091-d862-4f70-8812-a9cba33749fb'}
        Body: {"floatingip": {"floating_network_id": "788d5a84-bff3-4fe6-962a-2032d7954b78", "router_id": "3f0a234a-deae-4b93-901f-1983acc21e9c", "fixed_ip_address": "10.100.0.3", "floating_ip_address": "172.24.4.4", "tenant_id": "b9c02c0a86504f88ba7ddbc98c928737", "status": "DOWN", "port_id": "9bffba96-c98b-4070-bcc2-3c99ff131c1e", "id": "94efc0c9-230f-4efd-942a-b0b18a39cc0e"}}
2015-12-23 16:16:12,673 21546 INFO     [tempest_lib.common.rest_client] Request (TestNetworkAdvancedServerOps:test_server_connectivity_pause_unpause): 200 GET http://10.0.2.15:8774/v2.1/b9c02c0a86504f88ba7ddbc98c928737/servers/b57d26e1-1cfd-435e-b046-831fa4be337e 0.203s
2015-12-23 16:16:12,673 21546 DEBUG    [tempest_lib.common.rest_client] Request - Headers: {'Content-Type': 'application/json', 'Accept': 'application/json', 'X-Auth-Token': '&lt;omitted&gt;'}
        Body: None
    Response - Headers: {'status': '200', 'content-length': '1661', 'content-location': 'http://10.0.2.15:8774/v2.1/b9c02c0a86504f88ba7ddbc98c928737/servers/b57d26e1-1cfd-435e-b046-831fa4be337e', 'x-compute-request-id': 'req-7fa4d28f-81b8-4ebf-82e9-96600c0096e5', 'vary': 'X-OpenStack-Nova-API-Version', 'connection': 'close', 'x-openstack-nova-api-version': '2.1', 'date': 'Wed, 23 Dec 2015 16:16:12 GMT', 'content-type': 'application/json'}
        Body: {"server": {"status": "ACTIVE", "updated": "2015-12-23T16:16:11Z", "hostId": "a303c6562dfd0436d020e913146da59ff709ad721ae611b81eccb046", "addresses": {"tempest-network-smoke--227123237": [{"OS-EXT-IPS-MAC:mac_addr": "fa:16:3e:04:fa:97", "version": 4, "addr": "10.100.0.3", "OS-EXT-IPS:type": "fixed"}]}, "links": [{"href": "http://10.0.2.15:8774/v2.1/b9c02c0a86504f88ba7ddbc98c928737/servers/b57d26e1-1cfd-435e-b046-831fa4be337e", "rel": "self"}, {"href": "http://10.0.2.15:8774/b9c02c0a86504f88ba7ddbc98c928737/servers/b57d26e1-1cfd-435e-b046-831fa4be337e", "rel": "bookmark"}], "key_name": "tempest-TestNetworkAdvancedServerOps-970572718", "image": {"id": "bd869a71-c158-4f1b-ae57-d70d1a5a5cba", "links": [{"href": "http://10.0.2.15:8774/b9c02c0a86504f88ba7ddbc98c928737/images/bd869a71-c158-4f1b-ae57-d70d1a5a5cba", "rel": "bookmark"}]}, "OS-EXT-STS:task_state": null, "OS-EXT-STS:vm_state": "active", "OS-SRV-USG:launched_at": "2015-12-23T16:16:10.000000", "flavor": {"id": "42", "links": [{"href": "http://10.0.2.15:8774/b9c02c0a86504f88ba7ddbc98c928737/flavors/42", "rel": "bookmark"}]}, "id": "b57d26e1-1cfd-435e-b046-831fa4be337e", "security_groups": [{"name": "tempest-secgroup-smoke-1062254876"}], "OS-SRV-USG:terminated_at": null, "OS-EXT-AZ:availability_zone": "nova", "user_id": "96d8d88fd94942b7beccb8730038bb7b", "name": "tempest.common.compute-instance-1861265324", "created": "2015-12-23T16:16:07Z", "tenant_id": "b9c02c0a86504f88ba7ddbc98c928737", "OS-DCF:diskConfig": "MANUAL", "os-extended-volumes:volumes_attached": [], "accessIPv4": "", "accessIPv6": "", "progress": 0, "OS-EXT-STS:power_state": 1, "config_drive": "True", "metadata": {}}}
2015-12-23 16:16:12,681 21546 INFO     [tempest.scenario.manager] Tenant networks not configured to be reachable.
2015-12-23 16:16:12,695 21546 INFO     [tempest_lib.common.rest_client] Request (TestNetworkAdvancedServerOps:test_server_connectivity_pause_unpause): 200 GET http://10.0.2.15:9696/v2.0/floatingips/94efc0c9-230f-4efd-942a-b0b18a39cc0e 0.012s
2015-12-23 16:16:12,695 21546 DEBUG    [tempest_lib.common.rest_client] Request - Headers: {'Content-Type': 'application/json', 'Accept': 'application/json', 'X-Auth-Token': '&lt;omitted&gt;'}
        Body: None
    Response - Headers: {'status': '200', 'content-length': '367', 'content-location': 'http://10.0.2.15:9696/v2.0/floatingips/94efc0c9-230f-4efd-942a-b0b18a39cc0e', 'connection': 'close', 'date': 'Wed, 23 Dec 2015 16:16:12 GMT', 'content-type': 'application/json; charset=UTF-8', 'x-openstack-request-id': 'req-4452229e-85cd-4fd3-911d-b67bc8ecb947'}
        Body: {"floatingip": {"floating_network_id": "788d5a84-bff3-4fe6-962a-2032d7954b78", "router_id": "3f0a234a-deae-4b93-901f-1983acc21e9c", "fixed_ip_address": "10.100.0.3", "floating_ip_address": "172.24.4.4", "tenant_id": "b9c02c0a86504f88ba7ddbc98c928737", "status": "DOWN", "port_id": "9bffba96-c98b-4070-bcc2-3c99ff131c1e", "id": "94efc0c9-230f-4efd-942a-b0b18a39cc0e"}}
2015-12-23 16:16:13,712 21546 INFO     [tempest_lib.common.rest_client] Request (TestNetworkAdvancedServerOps:test_server_connectivity_pause_unpause): 200 GET http://10.0.2.15:9696/v2.0/floatingips/94efc0c9-230f-4efd-942a-b0b18a39cc0e 0.015s
2015-12-23 16:16:13,712 21546 DEBUG    [tempest_lib.common.rest_client] Request - Headers: {'Content-Type': 'application/json', 'Accept': 'application/json', 'X-Auth-Token': '&lt;omitted&gt;'}
        Body: None
    Response - Headers: {'status': '200', 'content-length': '369', 'content-location': 'http://10.0.2.15:9696/v2.0/floatingips/94efc0c9-230f-4efd-942a-b0b18a39cc0e', 'connection': 'close', 'date': 'Wed, 23 Dec 2015 16:16:13 GMT', 'content-type': 'application/json; charset=UTF-8', 'x-openstack-request-id': 'req-0eb9b710-d204-4dfd-b0cc-dfd890b77930'}
        Body: {"floatingip": {"floating_network_id": "788d5a84-bff3-4fe6-962a-2032d7954b78", "router_id": "3f0a234a-deae-4b93-901f-1983acc21e9c", "fixed_ip_address": "10.100.0.3", "floating_ip_address": "172.24.4.4", "tenant_id": "b9c02c0a86504f88ba7ddbc98c928737", "status": "ACTIVE", "port_id": "9bffba96-c98b-4070-bcc2-3c99ff131c1e", "id": "94efc0c9-230f-4efd-942a-b0b18a39cc0e"}}
2015-12-23 16:16:13,713 21546 INFO     [tempest.scenario.manager] FloatingIP: &lt;"FloatingIP" addr="172.24.4.4" id="94efc0c9-230f-4efd-942a-b0b18a39cc0e"&gt; is at status: ACTIVE
2015-12-23 16:16:13,713 21546 DEBUG    [tempest.scenario.manager] checking network connections to IP 172.24.4.4 with user: cirros
2015-12-23 16:16:13,713 21546 DEBUG    [tempest.scenario.manager] TestNetworkAdvancedServerOps:test_server_connectivity_pause_unpause begins to ping 172.24.4.4 in 120 sec and the expected result is reachable
2015-12-23 16:18:14,027 21546 DEBUG    [tempest.scenario.manager] TestNetworkAdvancedServerOps:test_server_connectivity_pause_unpause finishes ping 172.24.4.4 in 120 sec and the ping result is unexpected
2015-12-23 16:18:14,029 21546 ERROR    [tempest.scenario.manager] Public network connectivity check failed
2015-12-23 16:18:14.029 21546 ERROR tempest.scenario.manager Traceback (most recent call last):
2015-12-23 16:18:14.029 21546 ERROR tempest.scenario.manager   File "tempest/scenario/manager.py", line 609, in check_public_network_connectivity
2015-12-23 16:18:14.029 21546 ERROR tempest.scenario.manager     should_connect=should_connect)
2015-12-23 16:18:14.029 21546 ERROR tempest.scenario.manager   File "tempest/scenario/manager.py", line 593, in check_vm_connectivity
2015-12-23 16:18:14.029 21546 ERROR tempest.scenario.manager     msg=msg)
2015-12-23 16:18:14.029 21546 ERROR tempest.scenario.manager   File "/usr/local/lib/python2.7/dist-packages/unittest2/case.py", line 702, in assertTrue
2015-12-23 16:18:14.029 21546 ERROR tempest.scenario.manager     raise self.failureException(msg)
2015-12-23 16:18:14.029 21546 ERROR tempest.scenario.manager AssertionError: False is not true : Timed out waiting for 172.24.4.4 to become reachable
2015-12-23 16:18:14.029 21546 ERROR tempest.scenario.manager 
2015-12-23 16:18:14,230 21546 INFO     [tempest_lib.common.rest_client] Request (TestNetworkAdvancedServerOps:test_server_connectivity_pause_unpause): 200 POST http://10.0.2.15:8774/v2.1/b9c02c0a86504f88ba7ddbc98c928737/servers/b57d26e1-1cfd-435e-b046-831fa4be337e/action 0.195s
2015-12-23 16:18:14,230 21546 DEBUG    [tempest_lib.common.rest_client] Request - Headers: {'Content-Type': 'application/json', 'Accept': 'application/json', 'X-Auth-Token': '&lt;omitted&gt;'}
        Body: {"os-getConsoleOutput": {}}
    Response - Headers: {'status': '200', 'content-length': '17469', 'x-compute-request-id': 'req-a6300bc5-7d30-433d-9021-4b7d12fc7c8c', 'vary': 'X-OpenStack-Nova-API-Version', 'connection': 'close', 'x-openstack-nova-api-version': '2.1', 'date': 'Wed, 23 Dec 2015 16:18:14 GMT', 'content-type': 'application/json'}
        Body: {"output": "[    0.000000] Initializing cgroup subsys cpuset\n[    0.000000] Initializing cgroup subsys cpu\n[    0.000000] Linux version 3.2.0-80-virtual (buildd@batsu) (gcc version 4.6.3 (Ubuntu/Linaro 4.6.3-1ubuntu5) ) #116-Ubuntu SMP Mon Mar 23 17:28:52 UTC 2015 (Ubuntu 3.2.0-80.116-virtual 3.2.68)\n[    0.000000] Command line: root=/dev/vda console=tty0 console=ttyS0 no_timer_check\n[    0.000000] KERNEL supported cpus:\n[    0.000000]   Intel GenuineIntel\n[    0.000000]   AMD AuthenticAMD\n[    0.000000]   Centaur CentaurHauls\n[    0.000000] BIOS-provided physical RAM map:\n[    0.000000]  BIOS-e820: 0000000000000000 - 000000000009fc00 (usable)\n[    0.000000]  BIOS-e820: 000000000009fc00 - 00000000000a0000 (reserved)\n[    0.000000]  BIOS-e820: 00000000000f0000 - 0000000000100000 (reserved)\n[    0.000000]  BIOS-e820: 0000000000100000 - 0000000003ffe000 (usable)\n[    0.000000]  BIOS-e820: 0000000003ffe000 - 0000000004000000 (reserved)\n[    0.000000]  BIOS-e820: 00000000fffc0000 - 0000000100000000 (reserved)\n[    0.000000] NX (Execute Disable) protection: active\n[    0.000000] SMBIOS 2.4 present.\n[    0.000000] No AGP bridge found\n[    0.000000] last_pfn = 0x3ffe max_arch_pfn = 0x400000000\n[    0.000000] x86 PAT enabled: cpu 0, old 0x7040600070406, new 0x7010600070106\n[    0.000000] found SMP MP-table at [ffff8800000f0b00] f0b00\n[    0.000000] init_memory_mapping: 0000000000000000-0000000003ffe000\n[    0.000000] RAMDISK: 03c5e000 - 03ff0000\n[    0.000000] ACPI: RSDP 00000000000f0950 00014 (v00 BOCHS )\n[    0.000000] ACPI: RSDT 0000000003fffbc1 00034 (v01 BOCHS  BXPCRSDT 00000001 BXPC 00000001)\n[    0.000000] ACPI: FACP 0000000003fff1c0 00074 (v01 BOCHS  BXPCFACP 00000001 BXPC 00000001)\n[    0.000000] ACPI: DSDT 0000000003ffe040 01180 (v01 BOCHS  BXPCDSDT 00000001 BXPC 00000001)\n[    0.000000] ACPI: FACS 0000000003ffe000 00040\n[    0.000000] ACPI: SSDT 0000000003fff234 008DD (v01 BOCHS  BXPCSSDT 00000001 BXPC 00000001)\n[    0.000000] ACPI: APIC 0000000003fffb11 00078 (v01 BOCHS  BXPCAPIC 00000001 BXPC 00000001)\n[    0.000000] ACPI: HPET 0000000003fffb89 00038 (v01 BOCHS  BXPCHPET 00000001 BXPC 00000001)\n[    0.000000] No NUMA configuration found\n[    0.000000] Faking a node at 0000000000000000-0000000003ffe000\n[    0.000000] Initmem setup node 0 0000000000000000-0000000003ffe000\n[    0.000000]   NODE_DATA [0000000003ff6000 - 0000000003ffafff]\n[    0.000000] Zone PFN ranges:\n[    0.000000]   DMA      0x00000010 -&gt; 0x00001000\n[    0.000000]   DMA32    0x00001000 -&gt; 0x00100000\n[    0.000000]   Normal   empty\n[    0.000000] Movable zone start PFN for each node\n[    0.000000] early_node_map[2] active PFN ranges\n[    0.000000]     0: 0x00000010 -&gt; 0x0000009f\n[    0.000000]     0: 0x00000100 -&gt; 0x00003ffe\n[    0.000000] ACPI: PM-Timer IO Port: 0xb008\n[    0.000000] ACPI: LAPIC (acpi_id[0x00] lapic_id[0x00] enabled)\n[    0.000000] ACPI: LAPIC_NMI (acpi_id[0xff] dfl dfl lint[0x1])\n[    0.000000] ACPI: IOAPIC (id[0x00] address[0xfec00000] gsi_base[0])\n[    0.000000] IOAPIC[0]: apic_id 0, version 17, address 0xfec00000, GSI 0-23\n[    0.000000] ACPI: INT_SRC_OVR (bus 0 bus_irq 0 global_irq 2 dfl dfl)\n[    0.000000] ACPI: INT_SRC_OVR (bus 0 bus_irq 5 global_irq 5 high level)\n[    0.000000] ACPI: INT_SRC_OVR (bus 0 bus_irq 9 global_irq 9 high level)\n[    0.000000] ACPI: INT_SRC_OVR (bus 0 bus_irq 10 global_irq 10 high level)\n[    0.000000] ACPI: INT_SRC_OVR (bus 0 bus_irq 11 global_irq 11 high level)\n[    0.000000] Using ACPI (MADT) for SMP configuration information\n[    0.000000] ACPI: HPET id: 0x8086a201 base: 0xfed00000\n[    0.000000] SMP: Allowing 1 CPUs, 0 hotplug CPUs\n[    0.000000] PM: Registered nosave memory: 000000000009f000 - 00000000000a0000\n[    0.000000] PM: Registered nosave memory: 00000000000a0000 - 00000000000f0000\n[    0.000000] PM: Registered nosave memory: 00000000000f0000 - 0000000000100000\n[    0.000000] Allocating PCI resources starting at 4000000 (gap: 4000000:fbfc0000)\n[    0.000000] Booting paravirtualized kernel on bare hardware\n[    0.000000] setup_pe
2015-12-23 16:18:14,232 21546 DEBUG    [tempest.scenario.manager] Console output for b57d26e1-1cfd-435e-b046-831fa4be337e
body=
[    0.000000] Initializing cgroup subsys cpuset
[    0.000000] Initializing cgroup subsys cpu
[    0.000000] Linux version 3.2.0-80-virtual (buildd@batsu) (gcc version 4.6.3 (Ubuntu/Linaro 4.6.3-1ubuntu5) ) #116-Ubuntu SMP Mon Mar 23 17:28:52 UTC 2015 (Ubuntu 3.2.0-80.116-virtual 3.2.68)
[    0.000000] Command line: root=/dev/vda console=tty0 console=ttyS0 no_timer_check
[    0.000000] KERNEL supported cpus:
[    0.000000]   Intel GenuineIntel
[    0.000000]   AMD AuthenticAMD
[    0.000000]   Centaur CentaurHauls
[    0.000000] BIOS-provided physical RAM map:
[    0.000000]  BIOS-e820: 0000000000000000 - 000000000009fc00 (usable)
[    0.000000]  BIOS-e820: 000000000009fc00 - 00000000000a0000 (reserved)
[    0.000000]  BIOS-e820: 00000000000f0000 - 0000000000100000 (reserved)
[    0.000000]  BIOS-e820: 0000000000100000 - 0000000003ffe000 (usable)
[    0.000000]  BIOS-e820: 0000000003ffe000 - 0000000004000000 (reserved)
[    0.000000]  BIOS-e820: 00000000fffc0000 - 0000000100000000 (reserved)
[    0.000000] NX (Execute Disable) protection: active
[    0.000000] SMBIOS 2.4 present.
[    0.000000] No AGP bridge found
[    0.000000] last_pfn = 0x3ffe max_arch_pfn = 0x400000000
[    0.000000] x86 PAT enabled: cpu 0, old 0x7040600070406, new 0x7010600070106
[    0.000000] found SMP MP-table at [ffff8800000f0b00] f0b00
[    0.000000] init_memory_mapping: 0000000000000000-0000000003ffe000
[    0.000000] RAMDISK: 03c5e000 - 03ff0000
[    0.000000] ACPI: RSDP 00000000000f0950 00014 (v00 BOCHS )
[    0.000000] ACPI: RSDT 0000000003fffbc1 00034 (v01 BOCHS  BXPCRSDT 00000001 BXPC 00000001)
[    0.000000] ACPI: FACP 0000000003fff1c0 00074 (v01 BOCHS  BXPCFACP 00000001 BXPC 00000001)
[    0.000000] ACPI: DSDT 0000000003ffe040 01180 (v01 BOCHS  BXPCDSDT 00000001 BXPC 00000001)
[    0.000000] ACPI: FACS 0000000003ffe000 00040
[    0.000000] ACPI: SSDT 0000000003fff234 008DD (v01 BOCHS  BXPCSSDT 00000001 BXPC 00000001)
[    0.000000] ACPI: APIC 0000000003fffb11 00078 (v01 BOCHS  BXPCAPIC 00000001 BXPC 00000001)
[    0.000000] ACPI: HPET 0000000003fffb89 00038 (v01 BOCHS  BXPCHPET 00000001 BXPC 00000001)
[    0.000000] No NUMA configuration found
[    0.000000] Faking a node at 0000000000000000-0000000003ffe000
[    0.000000] Initmem setup node 0 0000000000000000-0000000003ffe000
[    0.000000]   NODE_DATA [0000000003ff6000 - 0000000003ffafff]
[    0.000000] Zone PFN ranges:
[    0.000000]   DMA      0x00000010 -&gt; 0x00001000
[    0.000000]   DMA32    0x00001000 -&gt; 0x00100000
[    0.000000]   Normal   empty
[    0.000000] Movable zone start PFN for each node
[    0.000000] early_node_map[2] active PFN ranges
[    0.000000]     0: 0x00000010 -&gt; 0x0000009f
[    0.000000]     0: 0x00000100 -&gt; 0x00003ffe
[    0.000000] ACPI: PM-Timer IO Port: 0xb008
[    0.000000] ACPI: LAPIC (acpi_id[0x00] lapic_id[0x00] enabled)
[    0.000000] ACPI: LAPIC_NMI (acpi_id[0xff] dfl dfl lint[0x1])
[    0.000000] ACPI: IOAPIC (id[0x00] address[0xfec00000] gsi_base[0])
[    0.000000] IOAPIC[0]: apic_id 0, version 17, address 0xfec00000, GSI 0-23
[    0.000000] ACPI: INT_SRC_OVR (bus 0 bus_irq 0 global_irq 2 dfl dfl)
[    0.000000] ACPI: INT_SRC_OVR (bus 0 bus_irq 5 global_irq 5 high level)
[    0.000000] ACPI: INT_SRC_OVR (bus 0 bus_irq 9 global_irq 9 high level)
[    0.000000] ACPI: INT_SRC_OVR (bus 0 bus_irq 10 global_irq 10 high level)
[    0.000000] ACPI: INT_SRC_OVR (bus 0 bus_irq 11 global_irq 11 high level)
[    0.000000] Using ACPI (MADT) for SMP configuration information
[    0.000000] ACPI: HPET id: 0x8086a201 base: 0xfed00000
[    0.000000] SMP: Allowing 1 CPUs, 0 hotplug CPUs
[    0.000000] PM: Registered nosave memory: 000000000009f000 - 00000000000a0000
[    0.000000] PM: Registered nosave memory: 00000000000a0000 - 00000000000f0000
[    0.000000] PM: Registered nosave memory: 00000000000f0000 - 0000000000100000
[    0.000000] Allocating PCI resources starting at 4000000 (gap: 4000000:fbfc0000)
[    0.000000] Booting paravirtualized kernel on bare hardware
[    0.000000] setup_percpu: NR_CPUS:64 nr_cpumask_bits:64 nr_cpu_ids:1 nr_node_ids:1
[    0.000000] PERCPU: Embedded 27 pages/cpu @ffff880003a00000 s78848 r8192 d23552 u2097152
[    0.000000] Built 1 zonelists in Node order, mobility grouping on.  Total pages: 16008
[    0.000000] Policy zone: DMA32
[    0.000000] Kernel command line: root=/dev/vda console=tty0 console=ttyS0 no_timer_check
[    0.000000] PID hash table entries: 256 (order: -1, 2048 bytes)
[    0.000000] Checking aperture...
[    0.000000] No AGP bridge found
[    0.000000] Memory: 43492k/65528k available (6576k kernel code, 452k absent, 21584k reserved, 6620k data, 928k init)
[    0.000000] SLUB: Genslabs=15, HWalign=64, Order=0-3, MinObjects=0, CPUs=1, Nodes=1
[    0.000000] Hierarchical RCU implementation.
[    0.000000] 	RCU dyntick-idle grace-period acceleration is enabled.
[    0.000000] NR_IRQS:4352 nr_irqs:256 16
[    0.000000] Console: colour VGA+ 80x25
[    0.000000] console [tty0] enabled
[    0.000000] console [ttyS0] enabled
[    0.000000] allocated 1048576 bytes of page_cgroup
[    0.000000] please try 'cgroup_disable=memory' option if you don't want memory cgroups
[    0.000000] Fast TSC calibration failed
[    0.000000] TSC: Unable to calibrate against PIT
[    0.000000] TSC: using HPET reference calibration
[    0.000000] Detected 2293.440 MHz processor.
[    0.032884] Calibrating delay loop (skipped), value calculated using timer frequency.. 4586.88 BogoMIPS (lpj=9173760)
[    0.036645] pid_max: default: 32768 minimum: 301
[    0.045286] Security Framework initialized
[    0.049751] AppArmor: AppArmor initialized
[    0.050375] Yama: becoming mindful.
[    0.057336] Dentry cache hash table entries: 8192 (order: 4, 65536 bytes)
[    0.060446] Inode-cache hash table entries: 4096 (order: 3, 32768 bytes)
[    0.062005] Mount-cache hash table entries: 256
[    0.076314] Initializing cgroup subsys cpuacct
[    0.077194] Initializing cgroup subsys memory
[    0.078461] Initializing cgroup subsys devices
[    0.080135] Initializing cgroup subsys freezer
[    0.080779] Initializing cgroup subsys blkio
[    0.081683] Initializing cgroup subsys perf_event
[    0.085847] mce: CPU supports 10 MCE banks
[    0.089078] SMP alternatives: switching to UP code
[    0.496428] Freeing SMP alternatives: 24k freed
[    0.498130] ACPI: Core revision 20110623
[    0.568784] ftrace: allocating 26610 entries in 105 pages
[    0.605957] ..TIMER: vector=0x30 apic1=0 pin1=2 apic2=-1 pin2=-1
[    0.607292] CPU0: AMD QEMU Virtual CPU version 2.0.0 stepping 03
[    0.612037] Performance Events: Broken PMU hardware detected, using software events only.
[    0.622672] NMI watchdog disabled (cpu0): hardware events not enabled
[    0.624681] Brought up 1 CPUs
[    0.625205] Total of 1 processors activated (4586.88 BogoMIPS).
[    0.649223] devtmpfs: initialized
[    0.682050] EVM: security.selinux
[    0.682534] EVM: security.SMACK64
[    0.684082] EVM: security.capability
[    0.705882] print_constraints: dummy: 
[    0.708424] RTC time: 16:16:14, date: 12/23/15
[    0.711213] NET: Registered protocol family 16
[    0.719397] ACPI: bus type pci registered
[    0.727152] PCI: Using configuration type 1 for base access
[    0.762811] bio: create slab &lt;bio-0&gt; at 0
[    0.768447] ACPI: Added _OSI(Module Device)
[    0.769048] ACPI: Added _OSI(Processor Device)
[    0.769672] ACPI: Added _OSI(3.0 _SCP Extensions)
[    0.770292] ACPI: Added _OSI(Processor Aggregator Device)
[    0.848998] ACPI: Interpreter enabled
[    0.849612] ACPI: (supports S0 S3 S4 S5)
[    0.852600] ACPI: Using IOAPIC for interrupt routing
[    0.943320] ACPI: No dock devices found.
[    0.944342] HEST: Table not found.
[    0.945046] PCI: Using host bridge windows from ACPI; if necessary, use "pci=nocrs" and report a bug
[    0.954351] ACPI: PCI Root Bridge [PCI0] (domain 0000 [bus 00-ff])
[    0.962533] pci_root PNP0A03:00: host bridge window [io  0x0000-0x0cf7]
[    0.964192] pci_root PNP0A03:00: host bridge window [io  0x0d00-0xadff]
[    0.965208] pci_root PNP0A03:00: host bridge window [io  0xae0f-0xaeff]
[    0.966090] pci_root PNP0A03:00: host bridge window [io  0xaf20-0xafdf]
[    0.966953] pci_root PNP0A03:00: host bridge window [io  0xafe4-0xffff]
[    0.968176] pci_root PNP0A03:00: host bridge window [mem 0x000a0000-0x000bffff]
[    0.969241] pci_root PNP0A03:00: host bridge window [mem 0x04000000-0xfebfffff]
[    0.994777] pci 0000:00:01.3: quirk: [io  0xb000-0xb03f] claimed by PIIX4 ACPI
[    0.996198] pci 0000:00:01.3: quirk: [io  0xb100-0xb10f] claimed by PIIX4 SMB
[    1.077308]  pci0000:00: Unable to request _OSC control (_OSC support mask: 0x1e)
[    1.140565] ACPI: PCI Interrupt Link [LNKA] (IRQs 5 *10 11)
[    1.143538] ACPI: PCI Interrupt Link [LNKB] (IRQs 5 *10 11)
[    1.145476] ACPI: PCI Interrupt Link [LNKC] (IRQs 5 10 *11)
[    1.148513] ACPI: PCI Interrupt Link [LNKD] (IRQs 5 10 *11)
[    1.149881] ACPI: PCI Interrupt Link [LNKS] (IRQs *9)
[    1.156028] vgaarb: device added: PCI:0000:00:02.0,decodes=io+mem,owns=io+mem,locks=none
[    1.156211] vgaarb: loaded
[    1.156587] vgaarb: bridge control possible 0000:00:02.0
[    1.162233] i2c-core: driver [aat2870] using legacy suspend method
[    1.163056] i2c-core: driver [aat2870] using legacy resume method
[    1.165885] SCSI subsystem initialized
[    1.170061] usbcore: registered new interface driver usbfs
[    1.171384] usbcore: registered new interface driver hub
[    1.172802] usbcore: registered new device driver usb
[    1.177482] PCI: Using ACPI for IRQ routing
[    1.188676] NetLabel: Initializing
[    1.189145] NetLabel:  domain hash size = 128
[    1.189726] NetLabel:  protocols = UNLABELED CIPSOv4
[    1.192600] NetLabel:  unlabeled traffic allowed by default
[    1.194471] HPET: 3 timers in total, 0 timers will be used for per-cpu timer
[    1.196344] hpet0: at MMIO 0xfed00000, IRQs 2, 8, 0
[    1.197243] hpet0: 3 comparators, 64-bit 100.000000 MHz counter
[    1.210776] Switching to clocksource hpet
[    1.479177] AppArmor: AppArmor Filesystem Enabled
[    1.481432] pnp: PnP ACPI init
[    1.482054] ACPI: bus type pnp registered
[    1.499945] pnp: PnP ACPI: found 9 devices
[    1.501401] ACPI: ACPI bus type pnp unregistered
[    1.561459] NET: Registered protocol family 2
[    1.594501] IP route cache hash table entries: 512 (order: 0, 4096 bytes)
[    1.602622] TCP established hash table entries: 2048 (order: 3, 32768 bytes)
[    1.604176] TCP bind hash table entries: 2048 (order: 3, 32768 bytes)
[    1.606161] TCP: Hash tables configured (established 2048 bind 2048)
[    1.607008] TCP reno registered
[    1.607593] UDP hash table entries: 128 (order: 0, 4096 bytes)
[    1.609343] UDP-Lite hash table entries: 128 (order: 0, 4096 bytes)
[    1.611530] NET: Registered protocol family 1
[    1.613137] pci 0000:00:00.0: Limiting direct PCI/PCI transfers
[    1.613900] pci 0000:00:01.0: PIIX3: Enabling Passive Release
[    1.614761] pci 0000:00:01.0: Activating ISA DMA hang workarounds
[    1.619206] ACPI: PCI Interrupt Link [LNKD] enabled at IRQ 11
[    1.620172] pci 0000:00:01.2: PCI INT D -&gt; Link[LNKD] -&gt; GSI 11 (level, high) -&gt; IRQ 11
[    1.622591] pci 0000:00:01.2: PCI INT D disabled
[    1.642434] Trying to unpack rootfs image as initramfs...
[    1.672221] audit: initializing netlink socket (disabled)
[    1.674904] type=2000 audit(1450887374.672:1): initialized
[    1.971312] HugeTLB registered 2 MB page size, pre-allocated 0 pages
[    2.047026] VFS: Disk quotas dquot_6.5.2
[    2.049385] Dquot-cache hash table entries: 512 (order 0, 4096 bytes)
[    2.063339] fuse init (API version 7.17)
[    2.066568] msgmni has been set to 84
[    2.111124] Block layer SCSI generic (bsg) driver version 0.4 loaded (major 253)
[    2.122806] io scheduler noop registered
[    2.124153] io scheduler deadline registered (default)
[    2.127698] io scheduler cfq registered
[    2.134638] pci_hotplug: PCI Hot Plug PCI Core version: 0.5
[    2.137351] pciehp: PCI Express Hot Plug Controller Driver version: 0.4
[    2.142630] input: Power Button as /devices/LNXSYSTM:00/LNXPWRBN:00/input/input0
[    2.145115] ACPI: Power Button [PWRF]
[    2.198897] ERST: Table is not found!
[    2.199440] GHES: HEST is not enabled!
[    2.210795] ACPI: PCI Interrupt Link [LNKC] enabled at IRQ 10
[    2.211682] virtio-pci 0000:00:03.0: PCI INT A -&gt; Link[LNKC] -&gt; GSI 10 (level, high) -&gt; IRQ 10
[    2.215707] virtio-pci 0000:00:04.0: PCI INT A -&gt; Link[LNKD] -&gt; GSI 11 (level, high) -&gt; IRQ 11
[    2.235893] ACPI: PCI Interrupt Link [LNKA] enabled at IRQ 10
[    2.237397] virtio-pci 0000:00:05.0: PCI INT A -&gt; Link[LNKA] -&gt; GSI 10 (level, high) -&gt; IRQ 10
[    2.249782] Serial: 8250/16550 driver, 32 ports, IRQ sharing enabled
[    2.290154] serial8250: ttyS0 at I/O 0x3f8 (irq = 4) is a 16550A
[    2.383496] serial8250: ttyS1 at I/O 0x2f8 (irq = 3) is a 16550A
[    2.520740] 00:05: ttyS0 at I/O 0x3f8 (irq = 4) is a 16550A
[    2.610867] 00:06: ttyS1 at I/O 0x2f8 (irq = 3) is a 16550A
[    2.631829] Refined TSC clocksource calibration: 2293.481 MHz.
[    2.634522] Switching to clocksource tsc
[    2.669206] Linux agpgart interface v0.103
[    2.753030] brd: module loaded
[    2.775485] loop: module loaded
[    2.845134]  vda: unknown partition table
[    2.910766] scsi0 : ata_piix
[    2.915123] scsi1 : ata_piix
[    2.918379] ata1: PATA max MWDMA2 cmd 0x1f0 ctl 0x3f6 bmdma 0xc0a0 irq 14
[    2.919856] ata2: PATA max MWDMA2 cmd 0x170 ctl 0x376 bmdma 0xc0a8 irq 15
[    2.938936] Fixed MDIO Bus: probed
[    2.939839] tun: Universal TUN/TAP device driver, 1.6
[    2.940794] tun: (C) 1999-2004 Max Krasnyansky &lt;maxk@qualcomm.com&gt;
[    2.970153] PPP generic driver version 2.4.2
[    3.008094] ehci_hcd: USB 2.0 'Enhanced' Host Controller (EHCI) Driver
[    3.010490] ohci_hcd: USB 1.1 'Open' Host Controller (OHCI) Driver
[    3.011477] uhci_hcd: USB Universal Host Controller Interface driver
[    3.013499] uhci_hcd 0000:00:01.2: PCI INT D -&gt; Link[LNKD] -&gt; GSI 11 (level, high) -&gt; IRQ 11
[    3.016065] uhci_hcd 0000:00:01.2: UHCI Host Controller
[    3.025696] uhci_hcd 0000:00:01.2: new USB bus registered, assigned bus number 1
[    3.027590] uhci_hcd 0000:00:01.2: irq 11, io base 0x0000c040
[    3.072300] hub 1-0:1.0: USB hub found
[    3.076188] hub 1-0:1.0: 2 ports detected
[    3.083864] usbcore: registered new interface driver libusual
[    3.087734] i8042: PNP: PS/2 Controller [PNP0303:KBD,PNP0f13:MOU] at 0x60,0x64 irq 1,12
[    3.100039] serio: i8042 KBD port at 0x60,0x64 irq 1
[    3.102452] serio: i8042 AUX port at 0x60,0x64 irq 12
[    3.168865] ata2.01: ATAPI: QEMU DVD-ROM, 2.0.0, max UDMA/100
[    3.172712] mousedev: PS/2 mouse device common for all mice
[    3.194050] input: AT Translated Set 2 keyboard as /devices/platform/i8042/serio0/input/input1
[    3.198128] rtc_cmos 00:01: RTC can wake from S4
[    3.209346] rtc_cmos 00:01: rtc core: registered rtc_cmos as rtc0
[    3.212044] rtc0: alarms up to one day, 114 bytes nvram, hpet irqs
[    3.216979] device-mapper: uevent: version 1.0.3
[    3.229882] ata2.01: configured for MWDMA2
[    3.255174] device-mapper: ioctl: 4.22.0-ioctl (2011-10-19) initialised: dm-devel@redhat.com
[    3.258252] cpuidle: using governor ladder
[    3.259532] cpuidle: using governor menu
[    3.260887] EFI Variables Facility v0.08 2004-May-17
[    3.268879] TCP cubic registered
[    3.275156] NET: Registered protocol family 10
[    3.297239] NET: Registered protocol family 17
[    3.298869] Registering the dns_resolver key type
[    3.310700] scsi 1:0:1:0: CD-ROM            QEMU     QEMU DVD-ROM     2.0. PQ: 0 ANSI: 5
[    3.332836] sr0: scsi3-mmc drive: 4x/4x cd/rw xa/form2 tray
[    3.334503] cdrom: Uniform CD-ROM driver Revision: 3.20
[    3.351771] sr 1:0:1:0: Attached scsi generic sg0 type 5
[    3.394014] registered taskstats version 1
[    3.422356] Freeing initrd memory: 3656k freed
[    3.943705]   Magic number: 11:183:288
[    3.952167] tty tty21: hash matches
[    3.959315] rtc_cmos 00:01: setting system clock to 2015-12-23 16:16:17 UTC (1450887377)
[    3.962134] powernow-k8: Processor cpuid 663 not supported
[    3.970367] BIOS EDD facility v0.16 2004-Jun-25, 0 devices found
[    3.971650] EDD information not available.
[    4.042857] Freeing unused kernel memory: 928k freed
[    4.048809] Write protecting the kernel read-only data: 12288k
[    4.149388] Freeing unused kernel memory: 1596k freed
[    4.209581] Freeing unused kernel memory: 1184k freed

info: initramfs: up at 4.36
modprobe: module virtio_blk not found in modules.dep
modprobe: module virtio_net not found in modules.dep
info: copying initramfs to /dev/vda
info: initramfs loading root from /dev/vda
info: /etc/init.d/rc.sysinit: up at 8.85
info: container: none
Starting logging: OK
modprobe: module virtio_blk not found in modules.dep
modprobe: module virtio_net not found in modules.dep
WARN: /etc/rc3.d/S10-load-modules failed
Initializing random number generator... done.
Starting acpid: OK
cirros-ds 'local' up at 11.42
found datasource (configdrive, local)
Starting network...
udhcpc (v1.20.1) started
Sending discover...
Sending discover...

2015-12-23 16:18:14,497 21546 INFO     [tempest_lib.common.rest_client] Request (TestNetworkAdvancedServerOps:_run_cleanups): 204 DELETE http://10.0.2.15:9696/v2.0/floatingips/94efc0c9-230f-4efd-942a-b0b18a39cc0e 0.261s
2015-12-23 16:18:14,498 21546 DEBUG    [tempest_lib.common.rest_client] Request - Headers: {'Content-Type': 'application/json', 'Accept': 'application/json', 'X-Auth-Token': '&lt;omitted&gt;'}
        Body: None
    Response - Headers: {'date': 'Wed, 23 Dec 2015 16:18:14 GMT', 'status': '204', 'connection': 'close', 'content-length': '0', 'x-openstack-request-id': 'req-e07ddf94-4d0d-4add-8260-5a99e30bd343'}
        Body: 
2015-12-23 16:18:14,832 21546 INFO     [tempest_lib.common.rest_client] Request (TestNetworkAdvancedServerOps:_run_cleanups): 204 DELETE http://10.0.2.15:8774/v2.1/b9c02c0a86504f88ba7ddbc98c928737/servers/b57d26e1-1cfd-435e-b046-831fa4be337e 0.334s
2015-12-23 16:18:14,833 21546 DEBUG    [tempest_lib.common.rest_client] Request - Headers: {'Content-Type': 'application/json', 'Accept': 'application/json', 'X-Auth-Token': '&lt;omitted&gt;'}
        Body: None
    Response - Headers: {'status': '204', 'content-length': '0', 'x-compute-request-id': 'req-bf687a41-fe82-4ad6-b3a4-c4b6ac6984a7', 'vary': 'X-OpenStack-Nova-API-Version', 'connection': 'close', 'x-openstack-nova-api-version': '2.1', 'date': 'Wed, 23 Dec 2015 16:18:14 GMT', 'content-type': 'application/json'}
        Body: 
2015-12-23 16:18:15,056 21546 INFO     [tempest_lib.common.rest_client] Request (TestNetworkAdvancedServerOps:_run_cleanups): 200 GET http://10.0.2.15:8774/v2.1/b9c02c0a86504f88ba7ddbc98c928737/servers/b57d26e1-1cfd-435e-b046-831fa4be337e 0.222s
2015-12-23 16:18:15,056 21546 DEBUG    [tempest_lib.common.rest_client] Request - Headers: {'Content-Type': 'application/json', 'Accept': 'application/json', 'X-Auth-Token': '&lt;omitted&gt;'}
        Body: None
    Response - Headers: {'status': '200', 'content-length': '1784', 'content-location': 'http://10.0.2.15:8774/v2.1/b9c02c0a86504f88ba7ddbc98c928737/servers/b57d26e1-1cfd-435e-b046-831fa4be337e', 'x-compute-request-id': 'req-2a61a842-ca27-465d-b33e-261b036dea70', 'vary': 'X-OpenStack-Nova-API-Version', 'connection': 'close', 'x-openstack-nova-api-version': '2.1', 'date': 'Wed, 23 Dec 2015 16:18:15 GMT', 'content-type': 'application/json'}
        Body: {"server": {"status": "ACTIVE", "updated": "2015-12-23T16:18:14Z", "hostId": "a303c6562dfd0436d020e913146da59ff709ad721ae611b81eccb046", "addresses": {"tempest-network-smoke--227123237": [{"OS-EXT-IPS-MAC:mac_addr": "fa:16:3e:04:fa:97", "version": 4, "addr": "10.100.0.3", "OS-EXT-IPS:type": "fixed"}, {"OS-EXT-IPS-MAC:mac_addr": "fa:16:3e:04:fa:97", "version": 4, "addr": "172.24.4.4", "OS-EXT-IPS:type": "floating"}]}, "links": [{"href": "http://10.0.2.15:8774/v2.1/b9c02c0a86504f88ba7ddbc98c928737/servers/b57d26e1-1cfd-435e-b046-831fa4be337e", "rel": "self"}, {"href": "http://10.0.2.15:8774/b9c02c0a86504f88ba7ddbc98c928737/servers/b57d26e1-1cfd-435e-b046-831fa4be337e", "rel": "bookmark"}], "key_name": "tempest-TestNetworkAdvancedServerOps-970572718", "image": {"id": "bd869a71-c158-4f1b-ae57-d70d1a5a5cba", "links": [{"href": "http://10.0.2.15:8774/b9c02c0a86504f88ba7ddbc98c928737/images/bd869a71-c158-4f1b-ae57-d70d1a5a5cba", "rel": "bookmark"}]}, "OS-EXT-STS:task_state": "deleting", "OS-EXT-STS:vm_state": "active", "OS-SRV-USG:launched_at": "2015-12-23T16:16:10.000000", "flavor": {"id": "42", "links": [{"href": "http://10.0.2.15:8774/b9c02c0a86504f88ba7ddbc98c928737/flavors/42", "rel": "bookmark"}]}, "id": "b57d26e1-1cfd-435e-b046-831fa4be337e", "security_groups": [{"name": "tempest-secgroup-smoke-1062254876"}], "OS-SRV-USG:terminated_at": null, "OS-EXT-AZ:availability_zone": "nova", "user_id": "96d8d88fd94942b7beccb8730038bb7b", "name": "tempest.common.compute-instance-1861265324", "created": "2015-12-23T16:16:07Z", "tenant_id": "b9c02c0a86504f88ba7ddbc98c928737", "OS-DCF:diskConfig": "MANUAL", "os-extended-volumes:volumes_attached": [], "accessIPv4": "", "accessIPv6": "", "progress": 0, "OS-EXT-STS:power_state": 1, "config_drive": "True", "metadata": {}}}
2015-12-23 16:18:16,243 21546 INFO     [tempest_lib.common.rest_client] Request (TestNetworkAdvancedServerOps:_run_cleanups): 200 GET http://10.0.2.15:8774/v2.1/b9c02c0a86504f88ba7ddbc98c928737/servers/b57d26e1-1cfd-435e-b046-831fa4be337e 0.172s
2015-12-23 16:18:16,244 21546 DEBUG    [tempest_lib.common.rest_client] Request - Headers: {'Content-Type': 'application/json', 'Accept': 'application/json', 'X-Auth-Token': '&lt;omitted&gt;'}
        Body: None
    Response - Headers: {'status': '200', 'content-length': '1716', 'content-location': 'http://10.0.2.15:8774/v2.1/b9c02c0a86504f88ba7ddbc98c928737/servers/b57d26e1-1cfd-435e-b046-831fa4be337e', 'x-compute-request-id': 'req-8e52047b-3260-4dc1-8c5e-2bcec8300d51', 'vary': 'X-OpenStack-Nova-API-Version', 'connection': 'close', 'x-openstack-nova-api-version': '2.1', 'date': 'Wed, 23 Dec 2015 16:18:16 GMT', 'content-type': 'application/json'}
        Body: {"server": {"status": "ACTIVE", "updated": "2015-12-23T16:18:15Z", "hostId": "a303c6562dfd0436d020e913146da59ff709ad721ae611b81eccb046", "addresses": {"tempest-network-smoke--227123237": [{"OS-EXT-IPS-MAC:mac_addr": "fa:16:3e:04:fa:97", "version": 4, "addr": "10.100.0.3", "OS-EXT-IPS:type": "fixed"}, {"OS-EXT-IPS-MAC:mac_addr": "fa:16:3e:04:fa:97", "version": 4, "addr": "172.24.4.4", "OS-EXT-IPS:type": "floating"}]}, "links": [{"href": "http://10.0.2.15:8774/v2.1/b9c02c0a86504f88ba7ddbc98c928737/servers/b57d26e1-1cfd-435e-b046-831fa4be337e", "rel": "self"}, {"href": "http://10.0.2.15:8774/b9c02c0a86504f88ba7ddbc98c928737/servers/b57d26e1-1cfd-435e-b046-831fa4be337e", "rel": "bookmark"}], "key_name": "tempest-TestNetworkAdvancedServerOps-970572718", "image": {"id": "bd869a71-c158-4f1b-ae57-d70d1a5a5cba", "links": [{"href": "http://10.0.2.15:8774/b9c02c0a86504f88ba7ddbc98c928737/images/bd869a71-c158-4f1b-ae57-d70d1a5a5cba", "rel": "bookmark"}]}, "OS-EXT-STS:task_state": "deleting", "OS-EXT-STS:vm_state": "active", "OS-SRV-USG:launched_at": "2015-12-23T16:16:10.000000", "flavor": {"id": "42", "links": [{"href": "http://10.0.2.15:8774/b9c02c0a86504f88ba7ddbc98c928737/flavors/42", "rel": "bookmark"}]}, "id": "b57d26e1-1cfd-435e-b046-831fa4be337e", "OS-SRV-USG:terminated_at": null, "OS-EXT-AZ:availability_zone": "nova", "user_id": "96d8d88fd94942b7beccb8730038bb7b", "name": "tempest.common.compute-instance-1861265324", "created": "2015-12-23T16:16:07Z", "tenant_id": "b9c02c0a86504f88ba7ddbc98c928737", "OS-DCF:diskConfig": "MANUAL", "os-extended-volumes:volumes_attached": [], "accessIPv4": "", "accessIPv6": "", "progress": 0, "OS-EXT-STS:power_state": 1, "config_drive": "True", "metadata": {}}}
2015-12-23 16:18:17,350 21546 INFO     [tempest_lib.common.rest_client] Request (TestNetworkAdvancedServerOps:_run_cleanups): 404 GET http://10.0.2.15:8774/v2.1/b9c02c0a86504f88ba7ddbc98c928737/servers/b57d26e1-1cfd-435e-b046-831fa4be337e 0.096s
2015-12-23 16:18:17,350 21546 DEBUG    [tempest_lib.common.rest_client] Request - Headers: {'Content-Type': 'application/json', 'Accept': 'application/json', 'X-Auth-Token': '&lt;omitted&gt;'}
        Body: None
    Response - Headers: {'status': '404', 'content-length': '111', 'x-compute-request-id': 'req-172d4eba-c7bd-4b5f-a159-34d95a714851', 'vary': 'X-OpenStack-Nova-API-Version', 'connection': 'close', 'x-openstack-nova-api-version': '2.1', 'date': 'Wed, 23 Dec 2015 16:18:17 GMT', 'content-type': 'application/json; charset=UTF-8'}
        Body: {"itemNotFound": {"message": "Instance b57d26e1-1cfd-435e-b046-831fa4be337e could not be found.", "code": 404}}
2015-12-23 16:18:17,783 21546 INFO     [tempest_lib.common.rest_client] Request (TestNetworkAdvancedServerOps:_run_cleanups): 200 PUT http://10.0.2.15:9696/v2.0/routers/3f0a234a-deae-4b93-901f-1983acc21e9c/remove_router_interface 0.431s
2015-12-23 16:18:17,784 21546 DEBUG    [tempest_lib.common.rest_client] Request - Headers: {'Content-Type': 'application/json', 'Accept': 'application/json', 'X-Auth-Token': '&lt;omitted&gt;'}
        Body: {"subnet_id": "084a9613-a5e1-43a2-a1d4-a144aa21adbc"}
    Response - Headers: {'status': '200', 'content-length': '255', 'connection': 'close', 'date': 'Wed, 23 Dec 2015 16:18:17 GMT', 'content-type': 'application/json; charset=UTF-8', 'x-openstack-request-id': 'req-1cb3772b-2583-4858-a01b-b85ecbecf98e'}
        Body: {"subnet_id": "084a9613-a5e1-43a2-a1d4-a144aa21adbc", "tenant_id": "b9c02c0a86504f88ba7ddbc98c928737", "subnet_ids": ["084a9613-a5e1-43a2-a1d4-a144aa21adbc"], "port_id": "de43336e-7ddc-4e50-82c8-33e477ddeb09", "id": "3f0a234a-deae-4b93-901f-1983acc21e9c"}
2015-12-23 16:18:18,255 21546 INFO     [tempest_lib.common.rest_client] Request (TestNetworkAdvancedServerOps:_run_cleanups): 204 DELETE http://10.0.2.15:9696/v2.0/subnets/084a9613-a5e1-43a2-a1d4-a144aa21adbc 0.470s
2015-12-23 16:18:18,256 21546 DEBUG    [tempest_lib.common.rest_client] Request - Headers: {'Content-Type': 'application/json', 'Accept': 'application/json', 'X-Auth-Token': '&lt;omitted&gt;'}
        Body: None
    Response - Headers: {'date': 'Wed, 23 Dec 2015 16:18:18 GMT', 'status': '204', 'connection': 'close', 'content-length': '0', 'x-openstack-request-id': 'req-7015b12e-45a7-4712-8375-b11c678edcb8'}
        Body: 
2015-12-23 16:18:18,310 21546 INFO     [tempest_lib.common.rest_client] Request (TestNetworkAdvancedServerOps:_run_cleanups): 200 GET http://10.0.2.15:9696/v2.0/routers/3f0a234a-deae-4b93-901f-1983acc21e9c 0.053s
2015-12-23 16:18:18,310 21546 DEBUG    [tempest_lib.common.rest_client] Request - Headers: {'Content-Type': 'application/json', 'Accept': 'application/json', 'X-Auth-Token': '&lt;omitted&gt;'}
        Body: None
    Response - Headers: {'status': '200', 'content-length': '564', 'content-location': 'http://10.0.2.15:9696/v2.0/routers/3f0a234a-deae-4b93-901f-1983acc21e9c', 'connection': 'close', 'date': 'Wed, 23 Dec 2015 16:18:18 GMT', 'content-type': 'application/json; charset=UTF-8', 'x-openstack-request-id': 'req-d20db5b9-547b-4cf0-a8ff-05a4922ada64'}
        Body: {"router": {"status": "ACTIVE", "external_gateway_info": {"network_id": "788d5a84-bff3-4fe6-962a-2032d7954b78", "enable_snat": true, "external_fixed_ips": [{"subnet_id": "78d15701-b2b9-4eff-a62c-045bad352208", "ip_address": "172.24.4.3"}, {"subnet_id": "4d85b04e-9488-42e1-8421-db95e8264ad1", "ip_address": "2001:db8::3"}]}, "availability_zone_hints": [], "availability_zones": ["nova"], "name": "tempest-router-smoke-1200914140", "admin_state_up": true, "tenant_id": "b9c02c0a86504f88ba7ddbc98c928737", "routes": [], "id": "3f0a234a-deae-4b93-901f-1983acc21e9c"}}
2015-12-23 16:18:18,778 21546 INFO     [tempest_lib.common.rest_client] Request (TestNetworkAdvancedServerOps:_run_cleanups): 200 PUT http://10.0.2.15:9696/v2.0/routers/3f0a234a-deae-4b93-901f-1983acc21e9c 0.467s
2015-12-23 16:18:18,779 21546 DEBUG    [tempest_lib.common.rest_client] Request - Headers: {'Content-Type': 'application/json', 'Accept': 'application/json', 'X-Auth-Token': '&lt;omitted&gt;'}
        Body: {"router": {"external_gateway_info": {}, "name": "tempest-router-smoke-1200914140", "admin_state_up": true}}
    Response - Headers: {'status': '200', 'content-length': '302', 'connection': 'close', 'date': 'Wed, 23 Dec 2015 16:18:18 GMT', 'content-type': 'application/json; charset=UTF-8', 'x-openstack-request-id': 'req-b64afa29-7231-4937-8607-0c1cf8464539'}
        Body: {"router": {"status": "ACTIVE", "external_gateway_info": null, "availability_zone_hints": [], "availability_zones": ["nova"], "name": "tempest-router-smoke-1200914140", "admin_state_up": true, "tenant_id": "b9c02c0a86504f88ba7ddbc98c928737", "routes": [], "id": "3f0a234a-deae-4b93-901f-1983acc21e9c"}}
2015-12-23 16:18:19,095 21546 INFO     [tempest_lib.common.rest_client] Request (TestNetworkAdvancedServerOps:_run_cleanups): 204 DELETE http://10.0.2.15:9696/v2.0/routers/3f0a234a-deae-4b93-901f-1983acc21e9c 0.316s
2015-12-23 16:18:19,095 21546 DEBUG    [tempest_lib.common.rest_client] Request - Headers: {'Content-Type': 'application/json', 'Accept': 'application/json', 'X-Auth-Token': '&lt;omitted&gt;'}
        Body: None
    Response - Headers: {'date': 'Wed, 23 Dec 2015 16:18:19 GMT', 'status': '204', 'connection': 'close', 'content-length': '0', 'x-openstack-request-id': 'req-79e94f5e-95e4-4ada-98d3-92b0c140e246'}
        Body: 
2015-12-23 16:18:19,307 21546 INFO     [tempest_lib.common.rest_client] Request (TestNetworkAdvancedServerOps:_run_cleanups): 204 DELETE http://10.0.2.15:9696/v2.0/networks/da9d230b-3378-4e0c-b4f1-875905933764 0.210s
2015-12-23 16:18:19,307 21546 DEBUG    [tempest_lib.common.rest_client] Request - Headers: {'Content-Type': 'application/json', 'Accept': 'application/json', 'X-Auth-Token': '&lt;omitted&gt;'}
        Body: None
    Response - Headers: {'date': 'Wed, 23 Dec 2015 16:18:19 GMT', 'status': '204', 'connection': 'close', 'content-length': '0', 'x-openstack-request-id': 'req-bce86a95-ce9d-4836-a8fc-96116d111888'}
        Body: 
2015-12-23 16:18:19,370 21546 INFO     [tempest_lib.common.rest_client] Request (TestNetworkAdvancedServerOps:_run_cleanups): 204 DELETE http://10.0.2.15:9696/v2.0/security-group-rules/507f264d-3254-4f60-bd4a-f18f301832fb 0.062s
2015-12-23 16:18:19,370 21546 DEBUG    [tempest_lib.common.rest_client] Request - Headers: {'Content-Type': 'application/json', 'Accept': 'application/json', 'X-Auth-Token': '&lt;omitted&gt;'}
        Body: None
    Response - Headers: {'date': 'Wed, 23 Dec 2015 16:18:19 GMT', 'status': '204', 'connection': 'close', 'content-length': '0', 'x-openstack-request-id': 'req-cb3159d4-c472-4a82-97b6-25d280a00de2'}
        Body: 
2015-12-23 16:18:19,427 21546 INFO     [tempest_lib.common.rest_client] Request (TestNetworkAdvancedServerOps:_run_cleanups): 204 DELETE http://10.0.2.15:9696/v2.0/security-group-rules/234d6a82-3773-4bd9-9029-98152d2bdcb6 0.056s
2015-12-23 16:18:19,428 21546 DEBUG    [tempest_lib.common.rest_client] Request - Headers: {'Content-Type': 'application/json', 'Accept': 'application/json', 'X-Auth-Token': '&lt;omitted&gt;'}
        Body: None
    Response - Headers: {'date': 'Wed, 23 Dec 2015 16:18:19 GMT', 'status': '204', 'connection': 'close', 'content-length': '0', 'x-openstack-request-id': 'req-4ff86766-321b-4ad1-999a-8da02b31fad5'}
        Body: 
2015-12-23 16:18:19,491 21546 INFO     [tempest_lib.common.rest_client] Request (TestNetworkAdvancedServerOps:_run_cleanups): 204 DELETE http://10.0.2.15:9696/v2.0/security-group-rules/0d80903a-5903-4500-a5ce-de5ff6bc4c10 0.062s
2015-12-23 16:18:19,492 21546 DEBUG    [tempest_lib.common.rest_client] Request - Headers: {'Content-Type': 'application/json', 'Accept': 'application/json', 'X-Auth-Token': '&lt;omitted&gt;'}
        Body: None
    Response - Headers: {'date': 'Wed, 23 Dec 2015 16:18:19 GMT', 'status': '204', 'connection': 'close', 'content-length': '0', 'x-openstack-request-id': 'req-9b723d4b-42b1-4ad2-a004-e47d1ce253e6'}
        Body: 
2015-12-23 16:18:19,551 21546 INFO     [tempest_lib.common.rest_client] Request (TestNetworkAdvancedServerOps:_run_cleanups): 204 DELETE http://10.0.2.15:9696/v2.0/security-group-rules/61d8bea5-392f-4426-95c9-90a46b330a70 0.058s
2015-12-23 16:18:19,551 21546 DEBUG    [tempest_lib.common.rest_client] Request - Headers: {'Content-Type': 'application/json', 'Accept': 'application/json', 'X-Auth-Token': '&lt;omitted&gt;'}
        Body: None
    Response - Headers: {'date': 'Wed, 23 Dec 2015 16:18:19 GMT', 'status': '204', 'connection': 'close', 'content-length': '0', 'x-openstack-request-id': 'req-eca7f358-afa8-4674-8e70-6949f7281515'}
        Body: 
2015-12-23 16:18:19,612 21546 INFO     [tempest_lib.common.rest_client] Request (TestNetworkAdvancedServerOps:_run_cleanups): 204 DELETE http://10.0.2.15:9696/v2.0/security-group-rules/45c97c49-1bc0-495d-8bae-81b5762e2ed7 0.059s
2015-12-23 16:18:19,613 21546 DEBUG    [tempest_lib.common.rest_client] Request - Headers: {'Content-Type': 'application/json', 'Accept': 'application/json', 'X-Auth-Token': '&lt;omitted&gt;'}
        Body: None
    Response - Headers: {'date': 'Wed, 23 Dec 2015 16:18:19 GMT', 'status': '204', 'connection': 'close', 'content-length': '0', 'x-openstack-request-id': 'req-3cfbc68e-a7d1-4d21-9544-4b38e1a10221'}
        Body: 
2015-12-23 16:18:19,672 21546 INFO     [tempest_lib.common.rest_client] Request (TestNetworkAdvancedServerOps:_run_cleanups): 204 DELETE http://10.0.2.15:9696/v2.0/security-group-rules/0cf89778-a6f1-4918-894b-86576f369b21 0.058s
2015-12-23 16:18:19,673 21546 DEBUG    [tempest_lib.common.rest_client] Request - Headers: {'Content-Type': 'application/json', 'Accept': 'application/json', 'X-Auth-Token': '&lt;omitted&gt;'}
        Body: None
    Response - Headers: {'date': 'Wed, 23 Dec 2015 16:18:19 GMT', 'status': '204', 'connection': 'close', 'content-length': '0', 'x-openstack-request-id': 'req-d4a6acd2-0698-4047-b64b-8ed16fce29aa'}
        Body: 
2015-12-23 16:18:19,779 21546 INFO     [tempest_lib.common.rest_client] Request (TestNetworkAdvancedServerOps:_run_cleanups): 204 DELETE http://10.0.2.15:9696/v2.0/security-groups/1ba85299-67f7-4199-9d61-40ee5b2847dd 0.104s
2015-12-23 16:18:19,779 21546 DEBUG    [tempest_lib.common.rest_client] Request - Headers: {'Content-Type': 'application/json', 'Accept': 'application/json', 'X-Auth-Token': '&lt;omitted&gt;'}
        Body: None
    Response - Headers: {'date': 'Wed, 23 Dec 2015 16:18:19 GMT', 'status': '204', 'connection': 'close', 'content-length': '0', 'x-openstack-request-id': 'req-aaee00df-84d9-4d07-bf73-a11aa2a2dfab'}
        Body: 
2015-12-23 16:18:19,801 21546 INFO     [tempest_lib.common.rest_client] Request (TestNetworkAdvancedServerOps:_run_cleanups): 202 DELETE http://10.0.2.15:8774/v2.1/b9c02c0a86504f88ba7ddbc98c928737/os-keypairs/tempest-TestNetworkAdvancedServerOps-970572718 0.021s
2015-12-23 16:18:19,801 21546 DEBUG    [tempest_lib.common.rest_client] Request - Headers: {'Content-Type': 'application/json', 'Accept': 'application/json', 'X-Auth-Token': '&lt;omitted&gt;'}
        Body: None
    Response - Headers: {'status': '202', 'content-length': '0', 'x-compute-request-id': 'req-bb53dce6-6de7-4e5c-b73e-6eb202476fc0', 'vary': 'X-OpenStack-Nova-API-Version', 'connection': 'close', 'x-openstack-nova-api-version': '2.1', 'date': 'Wed, 23 Dec 2015 16:18:19 GMT', 'content-type': 'application/json'}
        Body: 
2015-12-23 16:18:19,892 21546 INFO     [tempest_lib.common.rest_client] Request (TestNetworkAdvancedServerOps:_run_cleanups): 404 GET http://10.0.2.15:8774/v2.1/b9c02c0a86504f88ba7ddbc98c928737/servers/b57d26e1-1cfd-435e-b046-831fa4be337e 0.089s
2015-12-23 16:18:19,893 21546 DEBUG    [tempest_lib.common.rest_client] Request - Headers: {'Content-Type': 'application/json', 'Accept': 'application/json', 'X-Auth-Token': '&lt;omitted&gt;'}
        Body: None
    Response - Headers: {'status': '404', 'content-length': '111', 'x-compute-request-id': 'req-ffb86173-3000-42e4-a8be-195cee0f7fd3', 'vary': 'X-OpenStack-Nova-API-Version', 'connection': 'close', 'x-openstack-nova-api-version': '2.1', 'date': 'Wed, 23 Dec 2015 16:18:19 GMT', 'content-type': 'application/json; charset=UTF-8'}
        Body: {"itemNotFound": {"message": "Instance b57d26e1-1cfd-435e-b046-831fa4be337e could not be found.", "code": 404}}
}}}

Traceback (most recent call last):
  File "tempest/test.py", line 113, in wrapper
    return f(self, *func_args, **func_kwargs)
  File "tempest/scenario/test_network_advanced_server_ops.py", line 134, in test_server_connectivity_pause_unpause
    server, keypair, floating_ip = self._setup_network_and_servers()
  File "tempest/scenario/test_network_advanced_server_ops.py", line 71, in _setup_network_and_servers
    server, keypair, floating_ip)
  File "tempest/scenario/test_network_advanced_server_ops.py", line 95, in _wait_server_status_and_check_network_connectivity
    self._check_network_connectivity(server, keypair, floating_ip)
  File "tempest/scenario/test_network_advanced_server_ops.py", line 88, in _check_network_connectivity
    servers=[server])
  File "tempest/scenario/manager.py", line 609, in check_public_network_connectivity
    should_connect=should_connect)
  File "tempest/scenario/manager.py", line 593, in check_vm_connectivity
    msg=msg)
  File "/usr/local/lib/python2.7/dist-packages/unittest2/case.py", line 702, in assertTrue
    raise self.failureException(msg)
AssertionError: False is not true : Timed out waiting for 172.24.4.4 to become reachable



        </pre>
    </div>
    <!--css div popup end-->

    </td>
</tr>

<tr id='ft1.2' class='none'>
    <td class='failCase'><div class='testcase'>test_server_connectivity_reboot[compute,id-7b6860c2-afa3-4846-9522-adeb38dfbe08,network]</div></td>
    <td colspan='7' align='left'>

    <!--css div popup start-->
    <a class="popup_link" onfocus='this.blur();'
    href="javascript:showTestDetail('div_ft1.2')" >
        fail</a>

    <div id='div_ft1.2' class="popup_window">
        <div style='text-align: right; color:red;cursor:pointer'>
        <a onfocus='this.blur();'
