<?xml version="1.0" encoding="UTF-8"?>
<!DOCTYPE html PUBLIC "-//W3C//DTD XHTML 1.0 Strict//EN"
     "http://www.w3.org/TR/xhtml1/DTD/xhtml1-strict.dtd">
<html xmlns="http://www.w3.org/1999/xhtml">
<head>
    <title>Unit Test Report</title>
    <meta name="generator" content="subunit2html 0.1"/>
    <meta http-equiv="Content-Type" content="text/html; charset=UTF-8"/>
    
<style type="text/css" media="screen">
body        { font-family: verdana, arial, helvetica, sans-serif;
    font-size: 80%; }
table       { font-size: 100%; width: 100%;}
pre         { font-size: 80%; }

/* -- heading -------------------------------------------------------------- */
h1 {
        font-size: 16pt;
        color: gray;
}
.heading {
    margin-top: 0ex;
    margin-bottom: 1ex;
}

.heading .attribute {
    margin-top: 1ex;
    margin-bottom: 0;
}

.heading .description {
    margin-top: 4ex;
    margin-bottom: 6ex;
}

/* -- css div popup -------------------------------------------------------- */
a.popup_link {
}

a.popup_link:hover {
    color: red;
}

.popup_window {
    display: none;
    overflow-x: scroll;
    /*border: solid #627173 1px; */
    padding: 10px;
    background-color: #E6E6D6;
    font-family: "Ubuntu Mono", "Lucida Console", "Courier New", monospace;
    text-align: left;
    font-size: 8pt;
}

}
/* -- report --------------------------------------------------------------- */
#show_detail_line {
    margin-top: 3ex;
    margin-bottom: 1ex;
}
#result_table {
    width: 100%;
    border-collapse: collapse;
    border: 1px solid #777;
}
#header_row {
    font-weight: bold;
    color: white;
    background-color: #777;
}
#result_table td {
    border: 1px solid #777;
    padding: 2px;
}
#total_row  { font-weight: bold; }
.passClass  { background-color: #6c6; }
.failClass  { background-color: #c60; }
.errorClass { background-color: #c00; }
.passCase   { color: #6c6; }
.failCase   { color: #c60; font-weight: bold; }
.errorCase  { color: #c00; font-weight: bold; }
.hiddenRow  { display: none; }
.testcase   { margin-left: 2em; }
td.testname {width: 40%}
td.small {width: 40px}

/* -- ending --------------------------------------------------------------- */
#ending {
}

</style>

</head>
<body>
<script language="javascript" type="text/javascript"><!--
output_list = Array();

/* level - 0:Summary; 1:Failed; 2:All */
function showCase(level) {
    trs = document.getElementsByTagName("tr");
    for (var i = 0; i < trs.length; i++) {
        tr = trs[i];
        id = tr.id;
        if (id.substr(0,2) == 'ft') {
            if (level < 1) {
                tr.className = 'hiddenRow';
            }
            else {
                tr.className = '';
            }
        }
        if (id.substr(0,2) == 'pt') {
            if (level > 1) {
                tr.className = '';
            }
            else {
                tr.className = 'hiddenRow';
            }
        }
    }
}


function showClassDetail(cid, count) {
    var id_list = Array(count);
    var toHide = 1;
    for (var i = 0; i < count; i++) {
        tid0 = 't' + cid.substr(1) + '.' + (i+1);
        tid = 'f' + tid0;
        tr = document.getElementById(tid);
        if (!tr) {
            tid = 'p' + tid0;
            tr = document.getElementById(tid);
        }
        id_list[i] = tid;
        if (tr.className) {
            toHide = 0;
        }
    }
    for (var i = 0; i < count; i++) {
        tid = id_list[i];
        if (toHide) {
            document.getElementById('div_'+tid).style.display = 'none'
            document.getElementById(tid).className = 'hiddenRow';
        }
        else {
            document.getElementById(tid).className = '';
        }
    }
}


function showTestDetail(div_id){
    var details_div = document.getElementById(div_id)
    var displayState = details_div.style.display
    // alert(displayState)
    if (displayState != 'block' ) {
        displayState = 'block'
        details_div.style.display = 'block'
    }
    else {
        details_div.style.display = 'none'
    }
}


function html_escape(s) {
    s = s.replace(/&/g,'&amp;');
    s = s.replace(/</g,'&lt;');
    s = s.replace(/>/g,'&gt;');
    return s;
}

/* obsoleted by detail in <div>
function showOutput(id, name) {
    var w = window.open("", //url
                    name,
                    "resizable,scrollbars,status,width=800,height=450");
    d = w.document;
    d.write("<pre>");
    d.write(html_escape(output_list[id]));
    d.write("\n");
    d.write("<a href='javascript:window.close()'>close</a>\n");
    d.write("</pre>\n");
    d.close();
}
*/
--></script>

<div class='heading'>
<h1>Unit Test Report</h1>

<p class='attribute'><strong>Status:</strong> Failure 6</p>

<p class='description'></p>
</div>



<p id='show_detail_line'>Show
<a href='javascript:showCase(0)'>Summary</a>
<a href='javascript:showCase(1)'>Failed</a>
<a href='javascript:showCase(2)'>All</a>
</p>
<table id='result_table'>
<colgroup>
<col align='left' />
<col align='right' />
<col align='right' />
<col align='right' />
<col align='right' />
<col align='right' />
<col align='right' />
<col align='right' />
</colgroup>
<tr id='header_row'>
    <td>Test Group/Test case</td>
    <td>Count</td>
    <td>Pass</td>
    <td>Fail</td>
    <td>Error</td>
    <td>Skip</td>
    <td>View</td>
    <td> </td>
</tr>

<tr class='failClass'>
    <td class="testname">tempest.scenario.test_network_advanced_server_ops.TestNetworkAdvancedServerOps</td>
    <td class="small">6</td>
    <td class="small">0</td>
    <td class="small">6</td>
    <td class="small">0</td>
    <td class="small">0</td>
    <td class="small"><a href="javascript:showClassDetail('c1',6)"
>Detail</a></td>
    <td> </td>
</tr>

<tr id='ft1.1' class='none'>
    <td class='failCase'><div class='testcase'>test_server_connectivity_pause_unpause[compute,id-2b2642db-6568-4b35-b812-eceed3fa20ce,network]</div></td>
    <td colspan='7' align='left'>

    <!--css div popup start-->
    <a class="popup_link" onfocus='this.blur();'
    href="javascript:showTestDetail('div_ft1.1')" >
        fail</a>

    <div id='div_ft1.1' class="popup_window">
        <div style='text-align: right; color:red;cursor:pointer'>
        <a onfocus='this.blur();'
onclick="document.getElementById('div_ft1.1').style.display = 'none' " >
           [x]</a>
        </div>
        <pre>
        
ft1.1: tempest.scenario.test_network_advanced_server_ops.TestNetworkAdvancedServerOps.test_server_connectivity_pause_unpause[compute,id-2b2642db-6568-4b35-b812-eceed3fa20ce,network]_StringException: Empty attachments:
  stderr
  stdout

pythonlogging:'': {{{
2015-12-20 20:01:49,898 21676 INFO     [tempest_lib.common.rest_client] Request (TestNetworkAdvancedServerOps:test_server_connectivity_pause_unpause): 200 POST http://10.0.2.15:8774/v2.1/1a9b3e18f706444fb0ca217f409274d2/os-keypairs 0.333s
2015-12-20 20:01:49,899 21676 DEBUG    [tempest_lib.common.rest_client] Request - Headers: {'Content-Type': 'application/json', 'Accept': 'application/json', 'X-Auth-Token': '&lt;omitted&gt;'}
        Body: {"keypair": {"name": "tempest-TestNetworkAdvancedServerOps-76558322"}}
    Response - Headers: {'status': '200', 'content-length': '2328', 'x-compute-request-id': 'req-e269207c-a52e-4bd8-aa36-40fa7058e820', 'vary': 'X-OpenStack-Nova-API-Version', 'connection': 'close', 'x-openstack-nova-api-version': '2.1', 'date': 'Sun, 20 Dec 2015 20:01:49 GMT', 'content-type': 'application/json'}
        Body: {"keypair": {"public_key": "ssh-rsa AAAAB3NzaC1yc2EAAAADAQABAAABAQDcve44XxSO0JbC2ufSZgn+CDrZXvOoW/ysMWn9GF7MPi6+XxbE1lOABfc/W8R7/s9Xo1xLbiZ2TIhqaCBbRBIbz3Rb/vul+IbAAbGok4FLUBHiJQ5AX8hsXHW4SQ3p3XAur5gQnDHw7dLsi76OfDbr4pUoyH8Db6G8dM5xRYL9nK5o2LAwLjlrPvg+TrrwsSMQaXJHwyRcgk75SZfQXQhc2/Lu2kWiwJtdIwUMDgt8GScoKKP/8Zv33U7DeTWJIe6l+g07Et+DPEg3R0yvWetRVsi4g0WOE4AVZgMX+nHPf7Dstd/4MVzdmdESahRdeYzrpytje1TtV80k4Eytzsa9 Generated-by-Nova", "private_key": "-----BEGIN RSA PRIVATE KEY-----\nMIIEpwIBAAKCAQEA3L3uOF8UjtCWwtrn0mYJ/gg62V7zqFv8rDFp/RhezD4uvl8W\nxNZTgAX3P1vEe/7PV6NcS24mdkyIamggW0QSG890W/77pfiGwAGxqJOBS1AR4iUO\nQF/IbFx1uEkN6d1wLq+YEJwx8O3S7Iu+jnw26+KVKMh/A2+hvHTOcUWC/ZyuaNiw\nMC45az74Pk668LEjEGlyR8MkXIJO+UmX0F0IXNvy7tpFosCbXSMFDA4LfBknKCij\n//Gb991Ow3k1iSHupfoNOxLfgzxIN0dMr1nrUVbIuINFjhOAFWYDF/pxz3+w7LXf\n+DFc3ZnREmoUXXmM66crY3tU7VfNJOBMrc7GvQIDAQABAoIBAE3NV7hgssM/e9PE\nCi9bLaxuxCc3U1QE0AL1C7FcNJVyWVFZ/JF2JUobUDDxrEgz4Gq4NmCTu1S41uAC\nQV1JmcRZk16Veabe+MeWEUMkck7UMultPB+uYtrmn8tLXG8QUGj0FPnNw8ByYoRj\nIM/hsg3j98S/Hh1c7DmbReQgpvGx7texLAOU5eXCL6mg9staaJQ6cCS6xWpI21FQ\nKPca/HxpHRFckFBZ1TZ+cd5OaYAULxiyDDQWhyWKFthy9TIY9NufdIv43nw7OT2M\nvQiCb2RCOSXcdPfp3BW5NFrTtLkjpacNWmxnVldEY2JP2CJQp8/0/88ZEF7i6+av\noH5TT8ECggCBAN+WR5KYj//yKcbP8nGwpVW/jjch0bVHI5WDAAnhB0Gl5M/tYtJW\nK4GT2A+AkBlFFLgY2SdyVthCNVu+qF6DdC0woiLWtJOXJh4qfpRUGBu4RGPT1Nk6\nELWDXhbgaOzqMxPVYKGfnI/5vWgyTNzhlEV9zdtl0r26cU8WQn7MTSzxAoIAgQD8\nvhBLDm0ItngXOPT6tA7ROJLsVklzjJhTaQ9x0KiaHQfa854Fmm0HyMlrkVGBrOhn\nViN9PR/uloLOiiHTTDrOXQNrQd/QvI5UPpFjgRxJMKHpNYXtwl/ojch2TrsNFP7I\nLE0rh72tIaDHASCGiQrFPprz2RNsRqWER2MssbVmjQKCAIByXhmgR/+oqUNrWeUm\n+HeqBAEH/Hmbo5b1HHxBkWS31NbU8RWSh9dbQbfMPjP3aRmvDa7OebMojb1jf4P6\nTH15vB3DelYGBNPPrGbxEo7+ZuQ8uBdxQj1Xy6muQ/4H6chUxdnW8qEQGGwlR01/\n0reYUECjkFMbD6p0DOvYlkKH0QKCAIADO1LuAsM2J08lzN6lDgRafIS0bO4Hgja4\nalF+PRLK1bAyBodwvubCALlCnNsT82gNWjad9VghLt+BUJbaItFlrh7LEk6QVrjj\nLuGhCheYf/yyBLMvtRqQ2K9FhAA0TJ5tZNOfyN6OBi4OHV+TGNGAcCp/D7mF2ulm\n5ZrJCYSuSQKCAIBqu8dS7CJcOmJX3uNSTpWgs6wqgb1Ya+psflSGrHj/qLQ/tPdA\n7Vm/ILI45SfmQn5GE2FNagE2G4agdysNU4L81Br7PJpTFcbZL5gXBZQGV3CXyFkM\n3PlozmNoRzvddWR5FrKGbPGbC4iv6HIF2ytWV2CLacOlsLUIynygPwXQyA==\n-----END RSA PRIVATE KEY-----\n", "user_id": "9eea6f7614d6443797360a44bbfb2df3", "name": "tempest-TestNetworkAdvancedServerOps-76558322", "fingerprint": "b9:56:29:a4:01:b7:7b:7e:3c:8b:9a:45:bb:b0:86:57"}}
2015-12-20 20:01:50,204 21676 INFO     [tempest_lib.common.rest_client] Request (TestNetworkAdvancedServerOps:test_server_connectivity_pause_unpause): 201 POST http://10.0.2.15:9696/v2.0/security-groups 0.301s
2015-12-20 20:01:50,204 21676 DEBUG    [tempest_lib.common.rest_client] Request - Headers: {'Content-Type': 'application/json', 'Accept': 'application/json', 'X-Auth-Token': '&lt;omitted&gt;'}
        Body: {"security_group": {"tenant_id": "1a9b3e18f706444fb0ca217f409274d2", "description": "tempest-secgroup-smoke-1111829313 description", "name": "tempest-secgroup-smoke-1111829313"}}
    Response - Headers: {'status': '201', 'content-length': '888', 'connection': 'close', 'date': 'Sun, 20 Dec 2015 20:01:50 GMT', 'content-type': 'application/json; charset=UTF-8', 'x-openstack-request-id': 'req-ba1a426d-29ea-4ab0-9b86-84ebc9739847'}
        Body: {"security_group": {"tenant_id": "1a9b3e18f706444fb0ca217f409274d2", "description": "tempest-secgroup-smoke-1111829313 description", "id": "fa482555-07d0-4230-8c17-d1713067f31b", "security_group_rules": [{"remote_group_id": null, "direction": "egress", "remote_ip_prefix": null, "protocol": null, "ethertype": "IPv4", "tenant_id": "1a9b3e18f706444fb0ca217f409274d2", "port_range_max": null, "port_range_min": null, "id": "c5b99e6f-cb69-4536-8fbf-a009f501d104", "security_group_id": "fa482555-07d0-4230-8c17-d1713067f31b"}, {"remote_group_id": null, "direction": "egress", "remote_ip_prefix": null, "protocol": null, "ethertype": "IPv6", "tenant_id": "1a9b3e18f706444fb0ca217f409274d2", "port_range_max": null, "port_range_min": null, "id": "12ae9f4c-4f31-4c91-9615-daf96a9fb605", "security_group_id": "fa482555-07d0-4230-8c17-d1713067f31b"}], "name": "tempest-secgroup-smoke-1111829313"}}
2015-12-20 20:01:50,298 21676 INFO     [tempest_lib.common.rest_client] Request (TestNetworkAdvancedServerOps:test_server_connectivity_pause_unpause): 201 POST http://10.0.2.15:9696/v2.0/security-group-rules 0.093s
2015-12-20 20:01:50,299 21676 DEBUG    [tempest_lib.common.rest_client] Request - Headers: {'Content-Type': 'application/json', 'Accept': 'application/json', 'X-Auth-Token': '&lt;omitted&gt;'}
        Body: {"security_group_rule": {"direction": "ingress", "protocol": "tcp", "tenant_id": "1a9b3e18f706444fb0ca217f409274d2", "port_range_max": 22, "security_group_id": "fa482555-07d0-4230-8c17-d1713067f31b", "port_range_min": 22}}
    Response - Headers: {'status': '201', 'content-length': '340', 'connection': 'close', 'date': 'Sun, 20 Dec 2015 20:01:50 GMT', 'content-type': 'application/json; charset=UTF-8', 'x-openstack-request-id': 'req-b46ee46f-7c75-4d71-a3b0-7eab18da3552'}
        Body: {"security_group_rule": {"remote_group_id": null, "direction": "ingress", "remote_ip_prefix": null, "protocol": "tcp", "ethertype": "IPv4", "tenant_id": "1a9b3e18f706444fb0ca217f409274d2", "port_range_max": 22, "port_range_min": 22, "id": "0861888c-8ab7-482e-8418-8c30a2cf3e29", "security_group_id": "fa482555-07d0-4230-8c17-d1713067f31b"}}
2015-12-20 20:01:50,391 21676 INFO     [tempest_lib.common.rest_client] Request (TestNetworkAdvancedServerOps:test_server_connectivity_pause_unpause): 201 POST http://10.0.2.15:9696/v2.0/security-group-rules 0.092s
2015-12-20 20:01:50,392 21676 DEBUG    [tempest_lib.common.rest_client] Request - Headers: {'Content-Type': 'application/json', 'Accept': 'application/json', 'X-Auth-Token': '&lt;omitted&gt;'}
        Body: {"security_group_rule": {"direction": "egress", "protocol": "tcp", "tenant_id": "1a9b3e18f706444fb0ca217f409274d2", "port_range_max": 22, "security_group_id": "fa482555-07d0-4230-8c17-d1713067f31b", "port_range_min": 22}}
    Response - Headers: {'status': '201', 'content-length': '339', 'connection': 'close', 'date': 'Sun, 20 Dec 2015 20:01:50 GMT', 'content-type': 'application/json; charset=UTF-8', 'x-openstack-request-id': 'req-ef0cd7af-add8-44b8-8abc-248c01f27bd2'}
        Body: {"security_group_rule": {"remote_group_id": null, "direction": "egress", "remote_ip_prefix": null, "protocol": "tcp", "ethertype": "IPv4", "tenant_id": "1a9b3e18f706444fb0ca217f409274d2", "port_range_max": 22, "port_range_min": 22, "id": "52231efb-ba25-45f6-bd6d-0e89a0b2ccc7", "security_group_id": "fa482555-07d0-4230-8c17-d1713067f31b"}}
2015-12-20 20:01:50,489 21676 INFO     [tempest_lib.common.rest_client] Request (TestNetworkAdvancedServerOps:test_server_connectivity_pause_unpause): 201 POST http://10.0.2.15:9696/v2.0/security-group-rules 0.097s
2015-12-20 20:01:50,489 21676 DEBUG    [tempest_lib.common.rest_client] Request - Headers: {'Content-Type': 'application/json', 'Accept': 'application/json', 'X-Auth-Token': '&lt;omitted&gt;'}
        Body: {"security_group_rule": {"tenant_id": "1a9b3e18f706444fb0ca217f409274d2", "direction": "ingress", "protocol": "icmp", "security_group_id": "fa482555-07d0-4230-8c17-d1713067f31b"}}
    Response - Headers: {'status': '201', 'content-length': '345', 'connection': 'close', 'date': 'Sun, 20 Dec 2015 20:01:50 GMT', 'content-type': 'application/json; charset=UTF-8', 'x-openstack-request-id': 'req-cc049a66-e625-4897-8334-07f5b6e50c7d'}
        Body: {"security_group_rule": {"remote_group_id": null, "direction": "ingress", "remote_ip_prefix": null, "protocol": "icmp", "ethertype": "IPv4", "tenant_id": "1a9b3e18f706444fb0ca217f409274d2", "port_range_max": null, "port_range_min": null, "id": "817dcf97-b7db-4aac-851c-4e1989ebfcd2", "security_group_id": "fa482555-07d0-4230-8c17-d1713067f31b"}}
2015-12-20 20:01:50,584 21676 INFO     [tempest_lib.common.rest_client] Request (TestNetworkAdvancedServerOps:test_server_connectivity_pause_unpause): 201 POST http://10.0.2.15:9696/v2.0/security-group-rules 0.094s
2015-12-20 20:01:50,584 21676 DEBUG    [tempest_lib.common.rest_client] Request - Headers: {'Content-Type': 'application/json', 'Accept': 'application/json', 'X-Auth-Token': '&lt;omitted&gt;'}
        Body: {"security_group_rule": {"tenant_id": "1a9b3e18f706444fb0ca217f409274d2", "direction": "egress", "protocol": "icmp", "security_group_id": "fa482555-07d0-4230-8c17-d1713067f31b"}}
    Response - Headers: {'status': '201', 'content-length': '344', 'connection': 'close', 'date': 'Sun, 20 Dec 2015 20:01:50 GMT', 'content-type': 'application/json; charset=UTF-8', 'x-openstack-request-id': 'req-39adb258-b6e1-496d-b7cd-74fa21555bd2'}
        Body: {"security_group_rule": {"remote_group_id": null, "direction": "egress", "remote_ip_prefix": null, "protocol": "icmp", "ethertype": "IPv4", "tenant_id": "1a9b3e18f706444fb0ca217f409274d2", "port_range_max": null, "port_range_min": null, "id": "a718b6db-0c8c-4521-9f5d-5b3899cdcead", "security_group_id": "fa482555-07d0-4230-8c17-d1713067f31b"}}
2015-12-20 20:01:50,685 21676 INFO     [tempest_lib.common.rest_client] Request (TestNetworkAdvancedServerOps:test_server_connectivity_pause_unpause): 201 POST http://10.0.2.15:9696/v2.0/security-group-rules 0.099s
2015-12-20 20:01:50,685 21676 DEBUG    [tempest_lib.common.rest_client] Request - Headers: {'Content-Type': 'application/json', 'Accept': 'application/json', 'X-Auth-Token': '&lt;omitted&gt;'}
        Body: {"security_group_rule": {"tenant_id": "1a9b3e18f706444fb0ca217f409274d2", "direction": "ingress", "security_group_id": "fa482555-07d0-4230-8c17-d1713067f31b", "protocol": "icmp", "ethertype": "IPv6"}}
    Response - Headers: {'status': '201', 'content-length': '345', 'connection': 'close', 'date': 'Sun, 20 Dec 2015 20:01:50 GMT', 'content-type': 'application/json; charset=UTF-8', 'x-openstack-request-id': 'req-f726af79-fa88-44fa-b1e0-b3ef49854c03'}
        Body: {"security_group_rule": {"remote_group_id": null, "direction": "ingress", "remote_ip_prefix": null, "protocol": "icmp", "ethertype": "IPv6", "tenant_id": "1a9b3e18f706444fb0ca217f409274d2", "port_range_max": null, "port_range_min": null, "id": "7e1f41f8-72d5-4bdc-bfc0-06d5c02ee70f", "security_group_id": "fa482555-07d0-4230-8c17-d1713067f31b"}}
2015-12-20 20:01:50,813 21676 INFO     [tempest_lib.common.rest_client] Request (TestNetworkAdvancedServerOps:test_server_connectivity_pause_unpause): 201 POST http://10.0.2.15:9696/v2.0/security-group-rules 0.126s
2015-12-20 20:01:50,814 21676 DEBUG    [tempest_lib.common.rest_client] Request - Headers: {'Content-Type': 'application/json', 'Accept': 'application/json', 'X-Auth-Token': '&lt;omitted&gt;'}
        Body: {"security_group_rule": {"tenant_id": "1a9b3e18f706444fb0ca217f409274d2", "direction": "egress", "security_group_id": "fa482555-07d0-4230-8c17-d1713067f31b", "protocol": "icmp", "ethertype": "IPv6"}}
    Response - Headers: {'status': '201', 'content-length': '344', 'connection': 'close', 'date': 'Sun, 20 Dec 2015 20:01:50 GMT', 'content-type': 'application/json; charset=UTF-8', 'x-openstack-request-id': 'req-affeab19-dc23-4e8b-b076-639e4c781651'}
        Body: {"security_group_rule": {"remote_group_id": null, "direction": "egress", "remote_ip_prefix": null, "protocol": "icmp", "ethertype": "IPv6", "tenant_id": "1a9b3e18f706444fb0ca217f409274d2", "port_range_max": null, "port_range_min": null, "id": "ee8547de-a0bf-4a64-b1c0-263bf4e7d346", "security_group_id": "fa482555-07d0-4230-8c17-d1713067f31b"}}
2015-12-20 20:01:51,004 21676 INFO     [tempest_lib.common.rest_client] Request (TestNetworkAdvancedServerOps:test_server_connectivity_pause_unpause): 201 POST http://10.0.2.15:9696/v2.0/networks 0.188s
2015-12-20 20:01:51,005 21676 DEBUG    [tempest_lib.common.rest_client] Request - Headers: {'Content-Type': 'application/json', 'Accept': 'application/json', 'X-Auth-Token': '&lt;omitted&gt;'}
        Body: {"network": {"tenant_id": "1a9b3e18f706444fb0ca217f409274d2", "name": "tempest-network-smoke--923314589"}}
    Response - Headers: {'status': '201', 'content-length': '328', 'connection': 'close', 'date': 'Sun, 20 Dec 2015 20:01:51 GMT', 'content-type': 'application/json; charset=UTF-8', 'x-openstack-request-id': 'req-36263fba-cffb-42d4-8ea7-1f1e71688d80'}
        Body: {"network": {"status": "ACTIVE", "subnets": [], "availability_zone_hints": "[]", "name": "tempest-network-smoke--923314589", "admin_state_up": true, "tenant_id": "1a9b3e18f706444fb0ca217f409274d2", "mtu": 0, "router:external": false, "shared": false, "port_security_enabled": true, "id": "91a0e9c7-f89e-487c-aa64-511db235d00f"}}
2015-12-20 20:01:51,219 21676 INFO     [tempest_lib.common.rest_client] Request (TestNetworkAdvancedServerOps:test_server_connectivity_pause_unpause): 201 POST http://10.0.2.15:9696/v2.0/routers 0.213s
2015-12-20 20:01:51,219 21676 DEBUG    [tempest_lib.common.rest_client] Request - Headers: {'Content-Type': 'application/json', 'Accept': 'application/json', 'X-Auth-Token': '&lt;omitted&gt;'}
        Body: {"router": {"tenant_id": "1a9b3e18f706444fb0ca217f409274d2", "name": "tempest-router-smoke-77281401", "admin_state_up": true}}
    Response - Headers: {'status': '201', 'content-length': '294', 'connection': 'close', 'date': 'Sun, 20 Dec 2015 20:01:51 GMT', 'content-type': 'application/json; charset=UTF-8', 'x-openstack-request-id': 'req-cdaaf0dc-aa29-4212-adcb-d636501ba384'}
        Body: {"router": {"status": "ACTIVE", "external_gateway_info": null, "availability_zone_hints": [], "availability_zones": [], "name": "tempest-router-smoke-77281401", "admin_state_up": true, "tenant_id": "1a9b3e18f706444fb0ca217f409274d2", "routes": [], "id": "69cea97f-d5e5-49b3-8b31-39426c0d8934"}}
2015-12-20 20:01:51,276 21676 INFO     [tempest_lib.common.rest_client] Request (TestNetworkAdvancedServerOps:test_server_connectivity_pause_unpause): 200 GET http://10.0.2.15:9696/v2.0/routers/69cea97f-d5e5-49b3-8b31-39426c0d8934 0.055s
2015-12-20 20:01:51,276 21676 DEBUG    [tempest_lib.common.rest_client] Request - Headers: {'Content-Type': 'application/json', 'Accept': 'application/json', 'X-Auth-Token': '&lt;omitted&gt;'}
        Body: None
    Response - Headers: {'status': '200', 'content-length': '294', 'content-location': 'http://10.0.2.15:9696/v2.0/routers/69cea97f-d5e5-49b3-8b31-39426c0d8934', 'connection': 'close', 'date': 'Sun, 20 Dec 2015 20:01:51 GMT', 'content-type': 'application/json; charset=UTF-8', 'x-openstack-request-id': 'req-8b51c7fc-9182-4902-b826-25dadae8a96a'}
        Body: {"router": {"status": "ACTIVE", "external_gateway_info": null, "availability_zone_hints": [], "availability_zones": [], "name": "tempest-router-smoke-77281401", "admin_state_up": true, "tenant_id": "1a9b3e18f706444fb0ca217f409274d2", "routes": [], "id": "69cea97f-d5e5-49b3-8b31-39426c0d8934"}}
2015-12-20 20:01:52,020 21676 INFO     [tempest_lib.common.rest_client] Request (TestNetworkAdvancedServerOps:test_server_connectivity_pause_unpause): 200 PUT http://10.0.2.15:9696/v2.0/routers/69cea97f-d5e5-49b3-8b31-39426c0d8934 0.743s
2015-12-20 20:01:52,021 21676 DEBUG    [tempest_lib.common.rest_client] Request - Headers: {'Content-Type': 'application/json', 'Accept': 'application/json', 'X-Auth-Token': '&lt;omitted&gt;'}
        Body: {"router": {"external_gateway_info": {"network_id": "e3af8e4e-0a2f-4359-b9b9-1fe1cce48c40"}, "name": "tempest-router-smoke-77281401", "admin_state_up": true}}
    Response - Headers: {'status': '200', 'content-length': '556', 'connection': 'close', 'date': 'Sun, 20 Dec 2015 20:01:52 GMT', 'content-type': 'application/json; charset=UTF-8', 'x-openstack-request-id': 'req-2a327d8d-3f6a-4916-ab6a-ef979025a52a'}
        Body: {"router": {"status": "ACTIVE", "external_gateway_info": {"network_id": "e3af8e4e-0a2f-4359-b9b9-1fe1cce48c40", "enable_snat": true, "external_fixed_ips": [{"subnet_id": "6308e561-b541-47f9-820b-34b8c0841ace", "ip_address": "172.24.4.3"}, {"subnet_id": "b0c32081-6c98-48da-9411-7e0e7d29f5ea", "ip_address": "2001:db8::3"}]}, "availability_zone_hints": [], "availability_zones": [], "name": "tempest-router-smoke-77281401", "admin_state_up": true, "tenant_id": "1a9b3e18f706444fb0ca217f409274d2", "routes": [], "id": "69cea97f-d5e5-49b3-8b31-39426c0d8934"}}
2015-12-20 20:01:52,173 21676 INFO     [tempest_lib.common.rest_client] Request (TestNetworkAdvancedServerOps:test_server_connectivity_pause_unpause): 200 GET http://10.0.2.15:9696/v2.0/subnets?tenant_id=1a9b3e18f706444fb0ca217f409274d2&amp;cidr=10.100.0.0%2F28 0.151s
2015-12-20 20:01:52,174 21676 DEBUG    [tempest_lib.common.rest_client] Request - Headers: {'Content-Type': 'application/json', 'Accept': 'application/json', 'X-Auth-Token': '&lt;omitted&gt;'}
        Body: None
    Response - Headers: {'status': '200', 'content-length': '15', 'content-location': 'http://10.0.2.15:9696/v2.0/subnets?tenant_id=1a9b3e18f706444fb0ca217f409274d2&amp;cidr=10.100.0.0%2F28', 'connection': 'close', 'date': 'Sun, 20 Dec 2015 20:01:52 GMT', 'content-type': 'application/json; charset=UTF-8', 'x-openstack-request-id': 'req-1e3c817b-6976-422a-896f-aec8ad711805'}
        Body: {"subnets": []}
2015-12-20 20:01:52,539 21676 INFO     [tempest_lib.common.rest_client] Request (TestNetworkAdvancedServerOps:test_server_connectivity_pause_unpause): 201 POST http://10.0.2.15:9696/v2.0/subnets 0.363s
2015-12-20 20:01:52,540 21676 DEBUG    [tempest_lib.common.rest_client] Request - Headers: {'Content-Type': 'application/json', 'Accept': 'application/json', 'X-Auth-Token': '&lt;omitted&gt;'}
        Body: {"subnet": {"ip_version": 4, "tenant_id": "1a9b3e18f706444fb0ca217f409274d2", "cidr": "10.100.0.0/28", "network_id": "91a0e9c7-f89e-487c-aa64-511db235d00f", "name": "tempest-subnet-smoke-1652869952"}}
    Response - Headers: {'status': '201', 'content-length': '478', 'connection': 'close', 'date': 'Sun, 20 Dec 2015 20:01:52 GMT', 'content-type': 'application/json; charset=UTF-8', 'x-openstack-request-id': 'req-5eb76ebd-8bce-48a9-aeae-9c45eac71602'}
        Body: {"subnet": {"name": "tempest-subnet-smoke-1652869952", "enable_dhcp": true, "network_id": "91a0e9c7-f89e-487c-aa64-511db235d00f", "tenant_id": "1a9b3e18f706444fb0ca217f409274d2", "dns_nameservers": [], "gateway_ip": "10.100.0.1", "ipv6_ra_mode": null, "allocation_pools": [{"start": "10.100.0.2", "end": "10.100.0.14"}], "host_routes": [], "ip_version": 4, "ipv6_address_mode": null, "cidr": "10.100.0.0/28", "id": "92ce4f5b-e089-4430-bb0f-d27c506785fa", "subnetpool_id": null}}
2015-12-20 20:01:53,345 21676 INFO     [tempest_lib.common.rest_client] Request (TestNetworkAdvancedServerOps:test_server_connectivity_pause_unpause): 200 PUT http://10.0.2.15:9696/v2.0/routers/69cea97f-d5e5-49b3-8b31-39426c0d8934/add_router_interface 0.804s
2015-12-20 20:01:53,346 21676 DEBUG    [tempest_lib.common.rest_client] Request - Headers: {'Content-Type': 'application/json', 'Accept': 'application/json', 'X-Auth-Token': '&lt;omitted&gt;'}
        Body: {"subnet_id": "92ce4f5b-e089-4430-bb0f-d27c506785fa"}
    Response - Headers: {'status': '200', 'content-length': '255', 'connection': 'close', 'date': 'Sun, 20 Dec 2015 20:01:53 GMT', 'content-type': 'application/json; charset=UTF-8', 'x-openstack-request-id': 'req-510bf4bc-84e9-4add-b41d-682dc8f41f67'}
        Body: {"subnet_id": "92ce4f5b-e089-4430-bb0f-d27c506785fa", "tenant_id": "1a9b3e18f706444fb0ca217f409274d2", "subnet_ids": ["92ce4f5b-e089-4430-bb0f-d27c506785fa"], "port_id": "687967a6-3868-425c-9509-eede79db0dc4", "id": "69cea97f-d5e5-49b3-8b31-39426c0d8934"}
2015-12-20 20:01:53,469 21676 INFO     [tempest_lib.common.rest_client] Request (TestNetworkAdvancedServerOps:test_server_connectivity_pause_unpause): 200 POST http://10.0.2.15:5000/v2.0/tokens
2015-12-20 20:01:53,469 21676 DEBUG    [tempest_lib.common.rest_client] Request - Headers: {'Content-Type': 'application/json', 'Accept': 'application/json'}
        Body: &lt;omitted&gt;
    Response - Headers: {'status': '200', 'content-length': '2564', 'vary': 'X-Auth-Token', 'server': 'Apache/2.4.7 (Ubuntu)', 'connection': 'close', 'date': 'Sun, 20 Dec 2015 20:01:53 GMT', 'content-type': 'application/json', 'x-openstack-request-id': 'req-5ed084d6-218e-4d26-92a7-e39e63131eb6'}
        Body: {"access": {"token": {"issued_at": "2015-12-20T20:01:53.452307", "expires": "2015-12-20T21:01:53Z", "id": "ef3329796b374b8a9b0e7b59742cf9fe", "tenant": {"description": "tempest-TestNetworkAdvancedServerOps-571626364-desc", "enabled": true, "id": "1a9b3e18f706444fb0ca217f409274d2", "name": "tempest-TestNetworkAdvancedServerOps-571626364"}, "audit_ids": ["CLwe-J23SBO4S20uzIlkXQ"]}, "serviceCatalog": [{"endpoints": [{"adminURL": "http://10.0.2.15:8774/v2.1/1a9b3e18f706444fb0ca217f409274d2", "region": "RegionOne", "internalURL": "http://10.0.2.15:8774/v2.1/1a9b3e18f706444fb0ca217f409274d2", "id": "061ac3adebe94d9da41ae3fd6e75c025", "publicURL": "http://10.0.2.15:8774/v2.1/1a9b3e18f706444fb0ca217f409274d2"}], "endpoints_links": [], "type": "compute", "name": "nova"}, {"endpoints": [{"adminURL": "http://10.0.2.15:9696/", "region": "RegionOne", "internalURL": "http://10.0.2.15:9696/", "id": "70875a430b6448e2ad05fb7f7b3789ce", "publicURL": "http://10.0.2.15:9696/"}], "endpoints_links": [], "type": "network", "name": "neutron"}, {"endpoints": [{"adminURL": "http://10.0.2.15:9292", "region": "RegionOne", "internalURL": "http://10.0.2.15:9292", "id": "10bd9052eda54067ba9e7add0a9e4ac4", "publicURL": "http://10.0.2.15:9292"}], "endpoints_links": [], "type": "image", "name": "glance"}, {"endpoints": [{"adminURL": "http://10.0.2.15:8774/v2/1a9b3e18f706444fb0ca217f409274d2", "region": "RegionOne", "internalURL": "http://10.0.2.15:8774/v2/1a9b3e18f706444fb0ca217f409274d2", "id": "95f53aa2daf841aa80e7f41c9d051780", "publicURL": "http://10.0.2.15:8774/v2/1a9b3e18f706444fb0ca217f409274d2"}], "endpoints_links": [], "type": "compute_legacy", "name": "nova_legacy"}, {"endpoints": [{"adminURL": "http://10.0.2.15:8773/", "region": "RegionOne", "internalURL": "http://10.0.2.15:8773/", "id": "08b2f296213f408499ecbf28e66b3c78", "publicURL": "http://10.0.2.15:8773/"}], "endpoints_links": [], "type": "ec2", "name": "ec2"}, {"endpoints": [{"adminURL": "http://10.0.2.15:35357/v2.0", "region": "RegionOne", "internalURL": "http://10.0.2.15:5000/v2.0", "id": "4173e5fee81a47b5a2033b7f640e77c3", "publicURL": "http://10.0.2.15:5000/v2.0"}], "endpoints_links": [], "type": "identity", "name": "keystone"}], "user": {"username": "tempest-TestNetworkAdvancedServerOps-1788161774", "roles_links": [], "id": "9eea6f7614d6443797360a44bbfb2df3", "roles": [{"name": "_member_"}, {"name": "Member"}], "name": "tempest-TestNetworkAdvancedServerOps-1788161774"}, "metadata": {"is_admin": 0, "roles": ["9fe2ff9ee4384b1894a90878d3e92bab", "7b051e20abc044969e57dc83388897aa"]}}}
2015-12-20 20:01:53,477 21676 DEBUG    [tempest.common.fixed_network] (TestNetworkAdvancedServerOps:test_server_connectivity_pause_unpause) No valid network provided or created, defaulting to fixed_network_name
2015-12-20 20:01:53,810 21676 INFO     [tempest_lib.common.rest_client] Request (TestNetworkAdvancedServerOps:test_server_connectivity_pause_unpause): 200 GET http://10.0.2.15:8774/v2.1/1a9b3e18f706444fb0ca217f409274d2/os-networks 0.332s
2015-12-20 20:01:53,810 21676 DEBUG    [tempest_lib.common.rest_client] Request - Headers: {'Content-Type': 'application/json', 'Accept': 'application/json', 'X-Auth-Token': '&lt;omitted&gt;'}
        Body: None
    Response - Headers: {'status': '200', 'content-length': '478', 'content-location': 'http://10.0.2.15:8774/v2.1/1a9b3e18f706444fb0ca217f409274d2/os-networks', 'x-compute-request-id': 'req-ed344280-2307-4fa4-9aea-929ae119d0d9', 'vary': 'X-OpenStack-Nova-API-Version', 'connection': 'close', 'x-openstack-nova-api-version': '2.1', 'date': 'Sun, 20 Dec 2015 20:01:53 GMT', 'content-type': 'application/json'}
        Body: {"networks": [{"cidr_v6": null, "dns2": null, "dns1": null, "gateway": null, "broadcast": null, "netmask": null, "gateway_v6": null, "cidr": null, "label": "public", "id": "e3af8e4e-0a2f-4359-b9b9-1fe1cce48c40", "netmask_v6": null}, {"cidr_v6": null, "dns2": null, "dns1": null, "gateway": null, "broadcast": null, "netmask": null, "gateway_v6": null, "cidr": null, "label": "tempest-network-smoke--923314589", "id": "91a0e9c7-f89e-487c-aa64-511db235d00f", "netmask_v6": null}]}
2015-12-20 20:01:53,811 21676 WARNING  [tempest.common.fixed_network] (TestNetworkAdvancedServerOps:test_server_connectivity_pause_unpause) Network with name: private not found
2015-12-20 20:01:53,811 21676 INFO     [tempest.common.fixed_network] (TestNetworkAdvancedServerOps:test_server_connectivity_pause_unpause) Found network {} available for tenant
2015-12-20 20:01:54,954 21676 INFO     [tempest_lib.common.rest_client] Request (TestNetworkAdvancedServerOps:test_server_connectivity_pause_unpause): 202 POST http://10.0.2.15:8774/v2.1/1a9b3e18f706444fb0ca217f409274d2/servers 1.142s
2015-12-20 20:01:54,955 21676 DEBUG    [tempest_lib.common.rest_client] Request - Headers: {'Content-Type': 'application/json', 'Accept': 'application/json', 'X-Auth-Token': '&lt;omitted&gt;'}
        Body: {"server": {"name": "tempest.common.compute-instance-1355151628", "imageRef": "f3989b8f-3ae6-4844-83af-74d78def7cc4", "key_name": "tempest-TestNetworkAdvancedServerOps-76558322", "flavorRef": "42", "networks": [{"uuid": "91a0e9c7-f89e-487c-aa64-511db235d00f"}], "security_groups": [{"name": "tempest-secgroup-smoke-1111829313"}]}}
    Response - Headers: {'status': '202', 'content-length': '462', 'x-compute-request-id': 'req-e5067b64-ca03-42b6-b838-30272c60b10f', 'vary': 'X-OpenStack-Nova-API-Version', 'connection': 'close', 'location': 'http://10.0.2.15:8774/v2.1/1a9b3e18f706444fb0ca217f409274d2/servers/fda895ef-f890-4132-b3ce-7e00de3c0bfe', 'x-openstack-nova-api-version': '2.1', 'date': 'Sun, 20 Dec 2015 20:01:54 GMT', 'content-type': 'application/json'}
        Body: {"server": {"security_groups": [{"name": "tempest-secgroup-smoke-1111829313"}], "OS-DCF:diskConfig": "MANUAL", "id": "fda895ef-f890-4132-b3ce-7e00de3c0bfe", "links": [{"href": "http://10.0.2.15:8774/v2.1/1a9b3e18f706444fb0ca217f409274d2/servers/fda895ef-f890-4132-b3ce-7e00de3c0bfe", "rel": "self"}, {"href": "http://10.0.2.15:8774/1a9b3e18f706444fb0ca217f409274d2/servers/fda895ef-f890-4132-b3ce-7e00de3c0bfe", "rel": "bookmark"}], "adminPass": "ZmyRtzWWxTs5"}}
2015-12-20 20:01:55,087 21676 INFO     [tempest_lib.common.rest_client] Request (TestNetworkAdvancedServerOps:test_server_connectivity_pause_unpause): 200 GET http://10.0.2.15:8774/v2.1/1a9b3e18f706444fb0ca217f409274d2/servers/fda895ef-f890-4132-b3ce-7e00de3c0bfe 0.129s
2015-12-20 20:01:55,088 21676 DEBUG    [tempest_lib.common.rest_client] Request - Headers: {'Content-Type': 'application/json', 'Accept': 'application/json', 'X-Auth-Token': '&lt;omitted&gt;'}
        Body: None
    Response - Headers: {'status': '200', 'content-length': '1363', 'content-location': 'http://10.0.2.15:8774/v2.1/1a9b3e18f706444fb0ca217f409274d2/servers/fda895ef-f890-4132-b3ce-7e00de3c0bfe', 'x-compute-request-id': 'req-56dd3645-fc0c-44cf-99c2-9987be7c5bb6', 'vary': 'X-OpenStack-Nova-API-Version', 'connection': 'close', 'x-openstack-nova-api-version': '2.1', 'date': 'Sun, 20 Dec 2015 20:01:55 GMT', 'content-type': 'application/json'}
        Body: {"server": {"status": "BUILD", "updated": "2015-12-20T20:01:55Z", "hostId": "", "addresses": {}, "links": [{"href": "http://10.0.2.15:8774/v2.1/1a9b3e18f706444fb0ca217f409274d2/servers/fda895ef-f890-4132-b3ce-7e00de3c0bfe", "rel": "self"}, {"href": "http://10.0.2.15:8774/1a9b3e18f706444fb0ca217f409274d2/servers/fda895ef-f890-4132-b3ce-7e00de3c0bfe", "rel": "bookmark"}], "key_name": "tempest-TestNetworkAdvancedServerOps-76558322", "image": {"id": "f3989b8f-3ae6-4844-83af-74d78def7cc4", "links": [{"href": "http://10.0.2.15:8774/1a9b3e18f706444fb0ca217f409274d2/images/f3989b8f-3ae6-4844-83af-74d78def7cc4", "rel": "bookmark"}]}, "OS-EXT-STS:task_state": "scheduling", "OS-EXT-STS:vm_state": "building", "OS-SRV-USG:launched_at": null, "flavor": {"id": "42", "links": [{"href": "http://10.0.2.15:8774/1a9b3e18f706444fb0ca217f409274d2/flavors/42", "rel": "bookmark"}]}, "id": "fda895ef-f890-4132-b3ce-7e00de3c0bfe", "OS-SRV-USG:terminated_at": null, "OS-EXT-AZ:availability_zone": "", "user_id": "9eea6f7614d6443797360a44bbfb2df3", "name": "tempest.common.compute-instance-1355151628", "created": "2015-12-20T20:01:54Z", "tenant_id": "1a9b3e18f706444fb0ca217f409274d2", "OS-DCF:diskConfig": "MANUAL", "os-extended-volumes:volumes_attached": [], "accessIPv4": "", "accessIPv6": "", "progress": 0, "OS-EXT-STS:power_state": 0, "config_drive": "", "metadata": {}}}
2015-12-20 20:01:56,314 21676 INFO     [tempest_lib.common.rest_client] Request (TestNetworkAdvancedServerOps:test_server_connectivity_pause_unpause): 200 GET http://10.0.2.15:8774/v2.1/1a9b3e18f706444fb0ca217f409274d2/servers/fda895ef-f890-4132-b3ce-7e00de3c0bfe 0.217s
2015-12-20 20:01:56,314 21676 DEBUG    [tempest_lib.common.rest_client] Request - Headers: {'Content-Type': 'application/json', 'Accept': 'application/json', 'X-Auth-Token': '&lt;omitted&gt;'}
        Body: None
    Response - Headers: {'status': '200', 'content-length': '1489', 'content-location': 'http://10.0.2.15:8774/v2.1/1a9b3e18f706444fb0ca217f409274d2/servers/fda895ef-f890-4132-b3ce-7e00de3c0bfe', 'x-compute-request-id': 'req-d1dd1736-5b6a-4319-bd44-4e0cdd1536c8', 'vary': 'X-OpenStack-Nova-API-Version', 'connection': 'close', 'x-openstack-nova-api-version': '2.1', 'date': 'Sun, 20 Dec 2015 20:01:56 GMT', 'content-type': 'application/json'}
        Body: {"server": {"status": "BUILD", "updated": "2015-12-20T20:01:55Z", "hostId": "c4d02a0980325db591f5d7a83d2f5d0e2a7eb6b92256e51c47cd6de8", "addresses": {}, "links": [{"href": "http://10.0.2.15:8774/v2.1/1a9b3e18f706444fb0ca217f409274d2/servers/fda895ef-f890-4132-b3ce-7e00de3c0bfe", "rel": "self"}, {"href": "http://10.0.2.15:8774/1a9b3e18f706444fb0ca217f409274d2/servers/fda895ef-f890-4132-b3ce-7e00de3c0bfe", "rel": "bookmark"}], "key_name": "tempest-TestNetworkAdvancedServerOps-76558322", "image": {"id": "f3989b8f-3ae6-4844-83af-74d78def7cc4", "links": [{"href": "http://10.0.2.15:8774/1a9b3e18f706444fb0ca217f409274d2/images/f3989b8f-3ae6-4844-83af-74d78def7cc4", "rel": "bookmark"}]}, "OS-EXT-STS:task_state": "spawning", "OS-EXT-STS:vm_state": "building", "OS-SRV-USG:launched_at": null, "flavor": {"id": "42", "links": [{"href": "http://10.0.2.15:8774/1a9b3e18f706444fb0ca217f409274d2/flavors/42", "rel": "bookmark"}]}, "id": "fda895ef-f890-4132-b3ce-7e00de3c0bfe", "security_groups": [{"name": "tempest-secgroup-smoke-1111829313"}], "OS-SRV-USG:terminated_at": null, "OS-EXT-AZ:availability_zone": "nova", "user_id": "9eea6f7614d6443797360a44bbfb2df3", "name": "tempest.common.compute-instance-1355151628", "created": "2015-12-20T20:01:54Z", "tenant_id": "1a9b3e18f706444fb0ca217f409274d2", "OS-DCF:diskConfig": "MANUAL", "os-extended-volumes:volumes_attached": [], "accessIPv4": "", "accessIPv6": "", "progress": 0, "OS-EXT-STS:power_state": 0, "config_drive": "", "metadata": {}}}
2015-12-20 20:01:56,323 21676 INFO     [tempest.common.waiters] State transition "BUILD/scheduling" ==&gt; "BUILD/spawning" after 1 second wait
2015-12-20 20:01:57,674 21676 INFO     [tempest_lib.common.rest_client] Request (TestNetworkAdvancedServerOps:test_server_connectivity_pause_unpause): 200 GET http://10.0.2.15:8774/v2.1/1a9b3e18f706444fb0ca217f409274d2/servers/fda895ef-f890-4132-b3ce-7e00de3c0bfe 0.350s
2015-12-20 20:01:57,675 21676 DEBUG    [tempest_lib.common.rest_client] Request - Headers: {'Content-Type': 'application/json', 'Accept': 'application/json', 'X-Auth-Token': '&lt;omitted&gt;'}
        Body: None
    Response - Headers: {'status': '200', 'content-length': '1489', 'content-location': 'http://10.0.2.15:8774/v2.1/1a9b3e18f706444fb0ca217f409274d2/servers/fda895ef-f890-4132-b3ce-7e00de3c0bfe', 'x-compute-request-id': 'req-5c43c84e-c828-4cdf-a96b-59cd4d35471b', 'vary': 'X-OpenStack-Nova-API-Version', 'connection': 'close', 'x-openstack-nova-api-version': '2.1', 'date': 'Sun, 20 Dec 2015 20:01:57 GMT', 'content-type': 'application/json'}
        Body: {"server": {"status": "BUILD", "updated": "2015-12-20T20:01:55Z", "hostId": "c4d02a0980325db591f5d7a83d2f5d0e2a7eb6b92256e51c47cd6de8", "addresses": {}, "links": [{"href": "http://10.0.2.15:8774/v2.1/1a9b3e18f706444fb0ca217f409274d2/servers/fda895ef-f890-4132-b3ce-7e00de3c0bfe", "rel": "self"}, {"href": "http://10.0.2.15:8774/1a9b3e18f706444fb0ca217f409274d2/servers/fda895ef-f890-4132-b3ce-7e00de3c0bfe", "rel": "bookmark"}], "key_name": "tempest-TestNetworkAdvancedServerOps-76558322", "image": {"id": "f3989b8f-3ae6-4844-83af-74d78def7cc4", "links": [{"href": "http://10.0.2.15:8774/1a9b3e18f706444fb0ca217f409274d2/images/f3989b8f-3ae6-4844-83af-74d78def7cc4", "rel": "bookmark"}]}, "OS-EXT-STS:task_state": "spawning", "OS-EXT-STS:vm_state": "building", "OS-SRV-USG:launched_at": null, "flavor": {"id": "42", "links": [{"href": "http://10.0.2.15:8774/1a9b3e18f706444fb0ca217f409274d2/flavors/42", "rel": "bookmark"}]}, "id": "fda895ef-f890-4132-b3ce-7e00de3c0bfe", "security_groups": [{"name": "tempest-secgroup-smoke-1111829313"}], "OS-SRV-USG:terminated_at": null, "OS-EXT-AZ:availability_zone": "nova", "user_id": "9eea6f7614d6443797360a44bbfb2df3", "name": "tempest.common.compute-instance-1355151628", "created": "2015-12-20T20:01:54Z", "tenant_id": "1a9b3e18f706444fb0ca217f409274d2", "OS-DCF:diskConfig": "MANUAL", "os-extended-volumes:volumes_attached": [], "accessIPv4": "", "accessIPv6": "", "progress": 0, "OS-EXT-STS:power_state": 0, "config_drive": "", "metadata": {}}}
2015-12-20 20:01:58,909 21676 INFO     [tempest_lib.common.rest_client] Request (TestNetworkAdvancedServerOps:test_server_connectivity_pause_unpause): 200 GET http://10.0.2.15:8774/v2.1/1a9b3e18f706444fb0ca217f409274d2/servers/fda895ef-f890-4132-b3ce-7e00de3c0bfe 0.218s
2015-12-20 20:01:58,910 21676 DEBUG    [tempest_lib.common.rest_client] Request - Headers: {'Content-Type': 'application/json', 'Accept': 'application/json', 'X-Auth-Token': '&lt;omitted&gt;'}
        Body: None
    Response - Headers: {'status': '200', 'content-length': '1489', 'content-location': 'http://10.0.2.15:8774/v2.1/1a9b3e18f706444fb0ca217f409274d2/servers/fda895ef-f890-4132-b3ce-7e00de3c0bfe', 'x-compute-request-id': 'req-615fb6af-8c4f-427d-b7a9-7266a264cb26', 'vary': 'X-OpenStack-Nova-API-Version', 'connection': 'close', 'x-openstack-nova-api-version': '2.1', 'date': 'Sun, 20 Dec 2015 20:01:58 GMT', 'content-type': 'application/json'}
        Body: {"server": {"status": "BUILD", "updated": "2015-12-20T20:01:55Z", "hostId": "c4d02a0980325db591f5d7a83d2f5d0e2a7eb6b92256e51c47cd6de8", "addresses": {}, "links": [{"href": "http://10.0.2.15:8774/v2.1/1a9b3e18f706444fb0ca217f409274d2/servers/fda895ef-f890-4132-b3ce-7e00de3c0bfe", "rel": "self"}, {"href": "http://10.0.2.15:8774/1a9b3e18f706444fb0ca217f409274d2/servers/fda895ef-f890-4132-b3ce-7e00de3c0bfe", "rel": "bookmark"}], "key_name": "tempest-TestNetworkAdvancedServerOps-76558322", "image": {"id": "f3989b8f-3ae6-4844-83af-74d78def7cc4", "links": [{"href": "http://10.0.2.15:8774/1a9b3e18f706444fb0ca217f409274d2/images/f3989b8f-3ae6-4844-83af-74d78def7cc4", "rel": "bookmark"}]}, "OS-EXT-STS:task_state": "spawning", "OS-EXT-STS:vm_state": "building", "OS-SRV-USG:launched_at": null, "flavor": {"id": "42", "links": [{"href": "http://10.0.2.15:8774/1a9b3e18f706444fb0ca217f409274d2/flavors/42", "rel": "bookmark"}]}, "id": "fda895ef-f890-4132-b3ce-7e00de3c0bfe", "security_groups": [{"name": "tempest-secgroup-smoke-1111829313"}], "OS-SRV-USG:terminated_at": null, "OS-EXT-AZ:availability_zone": "nova", "user_id": "9eea6f7614d6443797360a44bbfb2df3", "name": "tempest.common.compute-instance-1355151628", "created": "2015-12-20T20:01:54Z", "tenant_id": "1a9b3e18f706444fb0ca217f409274d2", "OS-DCF:diskConfig": "MANUAL", "os-extended-volumes:volumes_attached": [], "accessIPv4": "", "accessIPv6": "", "progress": 0, "OS-EXT-STS:power_state": 0, "config_drive": "", "metadata": {}}}
2015-12-20 20:02:00,173 21676 INFO     [tempest_lib.common.rest_client] Request (TestNetworkAdvancedServerOps:test_server_connectivity_pause_unpause): 200 GET http://10.0.2.15:8774/v2.1/1a9b3e18f706444fb0ca217f409274d2/servers/fda895ef-f890-4132-b3ce-7e00de3c0bfe 0.253s
2015-12-20 20:02:00,174 21676 DEBUG    [tempest_lib.common.rest_client] Request - Headers: {'Content-Type': 'application/json', 'Accept': 'application/json', 'X-Auth-Token': '&lt;omitted&gt;'}
        Body: None
    Response - Headers: {'status': '200', 'content-length': '1489', 'content-location': 'http://10.0.2.15:8774/v2.1/1a9b3e18f706444fb0ca217f409274d2/servers/fda895ef-f890-4132-b3ce-7e00de3c0bfe', 'x-compute-request-id': 'req-4b4924ef-c5f6-416c-908c-3b9fcf47807d', 'vary': 'X-OpenStack-Nova-API-Version', 'connection': 'close', 'x-openstack-nova-api-version': '2.1', 'date': 'Sun, 20 Dec 2015 20:02:00 GMT', 'content-type': 'application/json'}
        Body: {"server": {"status": "BUILD", "updated": "2015-12-20T20:01:55Z", "hostId": "c4d02a0980325db591f5d7a83d2f5d0e2a7eb6b92256e51c47cd6de8", "addresses": {}, "links": [{"href": "http://10.0.2.15:8774/v2.1/1a9b3e18f706444fb0ca217f409274d2/servers/fda895ef-f890-4132-b3ce-7e00de3c0bfe", "rel": "self"}, {"href": "http://10.0.2.15:8774/1a9b3e18f706444fb0ca217f409274d2/servers/fda895ef-f890-4132-b3ce-7e00de3c0bfe", "rel": "bookmark"}], "key_name": "tempest-TestNetworkAdvancedServerOps-76558322", "image": {"id": "f3989b8f-3ae6-4844-83af-74d78def7cc4", "links": [{"href": "http://10.0.2.15:8774/1a9b3e18f706444fb0ca217f409274d2/images/f3989b8f-3ae6-4844-83af-74d78def7cc4", "rel": "bookmark"}]}, "OS-EXT-STS:task_state": "spawning", "OS-EXT-STS:vm_state": "building", "OS-SRV-USG:launched_at": null, "flavor": {"id": "42", "links": [{"href": "http://10.0.2.15:8774/1a9b3e18f706444fb0ca217f409274d2/flavors/42", "rel": "bookmark"}]}, "id": "fda895ef-f890-4132-b3ce-7e00de3c0bfe", "security_groups": [{"name": "tempest-secgroup-smoke-1111829313"}], "OS-SRV-USG:terminated_at": null, "OS-EXT-AZ:availability_zone": "nova", "user_id": "9eea6f7614d6443797360a44bbfb2df3", "name": "tempest.common.compute-instance-1355151628", "created": "2015-12-20T20:01:54Z", "tenant_id": "1a9b3e18f706444fb0ca217f409274d2", "OS-DCF:diskConfig": "MANUAL", "os-extended-volumes:volumes_attached": [], "accessIPv4": "", "accessIPv6": "", "progress": 0, "OS-EXT-STS:power_state": 0, "config_drive": "", "metadata": {}}}
2015-12-20 20:02:01,384 21676 INFO     [tempest_lib.common.rest_client] Request (TestNetworkAdvancedServerOps:test_server_connectivity_pause_unpause): 200 GET http://10.0.2.15:8774/v2.1/1a9b3e18f706444fb0ca217f409274d2/servers/fda895ef-f890-4132-b3ce-7e00de3c0bfe 0.200s
2015-12-20 20:02:01,385 21676 DEBUG    [tempest_lib.common.rest_client] Request - Headers: {'Content-Type': 'application/json', 'Accept': 'application/json', 'X-Auth-Token': '&lt;omitted&gt;'}
        Body: None
    Response - Headers: {'status': '200', 'content-length': '1660', 'content-location': 'http://10.0.2.15:8774/v2.1/1a9b3e18f706444fb0ca217f409274d2/servers/fda895ef-f890-4132-b3ce-7e00de3c0bfe', 'x-compute-request-id': 'req-b9441189-b325-4d5e-a198-769e0a6196a4', 'vary': 'X-OpenStack-Nova-API-Version', 'connection': 'close', 'x-openstack-nova-api-version': '2.1', 'date': 'Sun, 20 Dec 2015 20:02:01 GMT', 'content-type': 'application/json'}
        Body: {"server": {"status": "ACTIVE", "updated": "2015-12-20T20:02:00Z", "hostId": "c4d02a0980325db591f5d7a83d2f5d0e2a7eb6b92256e51c47cd6de8", "addresses": {"tempest-network-smoke--923314589": [{"OS-EXT-IPS-MAC:mac_addr": "fa:16:3e:8a:af:d8", "version": 4, "addr": "10.100.0.3", "OS-EXT-IPS:type": "fixed"}]}, "links": [{"href": "http://10.0.2.15:8774/v2.1/1a9b3e18f706444fb0ca217f409274d2/servers/fda895ef-f890-4132-b3ce-7e00de3c0bfe", "rel": "self"}, {"href": "http://10.0.2.15:8774/1a9b3e18f706444fb0ca217f409274d2/servers/fda895ef-f890-4132-b3ce-7e00de3c0bfe", "rel": "bookmark"}], "key_name": "tempest-TestNetworkAdvancedServerOps-76558322", "image": {"id": "f3989b8f-3ae6-4844-83af-74d78def7cc4", "links": [{"href": "http://10.0.2.15:8774/1a9b3e18f706444fb0ca217f409274d2/images/f3989b8f-3ae6-4844-83af-74d78def7cc4", "rel": "bookmark"}]}, "OS-EXT-STS:task_state": null, "OS-EXT-STS:vm_state": "active", "OS-SRV-USG:launched_at": "2015-12-20T20:02:00.000000", "flavor": {"id": "42", "links": [{"href": "http://10.0.2.15:8774/1a9b3e18f706444fb0ca217f409274d2/flavors/42", "rel": "bookmark"}]}, "id": "fda895ef-f890-4132-b3ce-7e00de3c0bfe", "security_groups": [{"name": "tempest-secgroup-smoke-1111829313"}], "OS-SRV-USG:terminated_at": null, "OS-EXT-AZ:availability_zone": "nova", "user_id": "9eea6f7614d6443797360a44bbfb2df3", "name": "tempest.common.compute-instance-1355151628", "created": "2015-12-20T20:01:54Z", "tenant_id": "1a9b3e18f706444fb0ca217f409274d2", "OS-DCF:diskConfig": "MANUAL", "os-extended-volumes:volumes_attached": [], "accessIPv4": "", "accessIPv6": "", "progress": 0, "OS-EXT-STS:power_state": 1, "config_drive": "True", "metadata": {}}}
2015-12-20 20:02:01,394 21676 INFO     [tempest.common.waiters] State transition "BUILD/spawning" ==&gt; "ACTIVE/None" after 6 second wait
2015-12-20 20:02:01,610 21676 INFO     [tempest_lib.common.rest_client] Request (TestNetworkAdvancedServerOps:test_server_connectivity_pause_unpause): 200 GET http://10.0.2.15:8774/v2.1/1a9b3e18f706444fb0ca217f409274d2/servers/fda895ef-f890-4132-b3ce-7e00de3c0bfe 0.215s
2015-12-20 20:02:01,611 21676 DEBUG    [tempest_lib.common.rest_client] Request - Headers: {'Content-Type': 'application/json', 'Accept': 'application/json', 'X-Auth-Token': '&lt;omitted&gt;'}
        Body: None
    Response - Headers: {'status': '200', 'content-length': '1660', 'content-location': 'http://10.0.2.15:8774/v2.1/1a9b3e18f706444fb0ca217f409274d2/servers/fda895ef-f890-4132-b3ce-7e00de3c0bfe', 'x-compute-request-id': 'req-45b7f888-00d4-4239-a961-de4032d1a8e3', 'vary': 'X-OpenStack-Nova-API-Version', 'connection': 'close', 'x-openstack-nova-api-version': '2.1', 'date': 'Sun, 20 Dec 2015 20:02:01 GMT', 'content-type': 'application/json'}
        Body: {"server": {"status": "ACTIVE", "updated": "2015-12-20T20:02:00Z", "hostId": "c4d02a0980325db591f5d7a83d2f5d0e2a7eb6b92256e51c47cd6de8", "addresses": {"tempest-network-smoke--923314589": [{"OS-EXT-IPS-MAC:mac_addr": "fa:16:3e:8a:af:d8", "version": 4, "addr": "10.100.0.3", "OS-EXT-IPS:type": "fixed"}]}, "links": [{"href": "http://10.0.2.15:8774/v2.1/1a9b3e18f706444fb0ca217f409274d2/servers/fda895ef-f890-4132-b3ce-7e00de3c0bfe", "rel": "self"}, {"href": "http://10.0.2.15:8774/1a9b3e18f706444fb0ca217f409274d2/servers/fda895ef-f890-4132-b3ce-7e00de3c0bfe", "rel": "bookmark"}], "key_name": "tempest-TestNetworkAdvancedServerOps-76558322", "image": {"id": "f3989b8f-3ae6-4844-83af-74d78def7cc4", "links": [{"href": "http://10.0.2.15:8774/1a9b3e18f706444fb0ca217f409274d2/images/f3989b8f-3ae6-4844-83af-74d78def7cc4", "rel": "bookmark"}]}, "OS-EXT-STS:task_state": null, "OS-EXT-STS:vm_state": "active", "OS-SRV-USG:launched_at": "2015-12-20T20:02:00.000000", "flavor": {"id": "42", "links": [{"href": "http://10.0.2.15:8774/1a9b3e18f706444fb0ca217f409274d2/flavors/42", "rel": "bookmark"}]}, "id": "fda895ef-f890-4132-b3ce-7e00de3c0bfe", "security_groups": [{"name": "tempest-secgroup-smoke-1111829313"}], "OS-SRV-USG:terminated_at": null, "OS-EXT-AZ:availability_zone": "nova", "user_id": "9eea6f7614d6443797360a44bbfb2df3", "name": "tempest.common.compute-instance-1355151628", "created": "2015-12-20T20:01:54Z", "tenant_id": "1a9b3e18f706444fb0ca217f409274d2", "OS-DCF:diskConfig": "MANUAL", "os-extended-volumes:volumes_attached": [], "accessIPv4": "", "accessIPv6": "", "progress": 0, "OS-EXT-STS:power_state": 1, "config_drive": "True", "metadata": {}}}
2015-12-20 20:02:01,651 21676 INFO     [tempest_lib.common.rest_client] Request (TestNetworkAdvancedServerOps:test_server_connectivity_pause_unpause): 200 GET http://10.0.2.15:9696/v2.0/ports?status=ACTIVE&amp;fixed_ip=None&amp;device_id=fda895ef-f890-4132-b3ce-7e00de3c0bfe 0.031s
2015-12-20 20:02:01,651 21676 DEBUG    [tempest_lib.common.rest_client] Request - Headers: {'Content-Type': 'application/json', 'Accept': 'application/json', 'X-Auth-Token': '&lt;omitted&gt;'}
        Body: None
    Response - Headers: {'status': '200', 'content-length': '895', 'content-location': 'http://10.0.2.15:9696/v2.0/ports?status=ACTIVE&amp;fixed_ip=None&amp;device_id=fda895ef-f890-4132-b3ce-7e00de3c0bfe', 'connection': 'close', 'date': 'Sun, 20 Dec 2015 20:02:01 GMT', 'content-type': 'application/json; charset=UTF-8', 'x-openstack-request-id': 'req-8afe3027-6346-4866-a66c-0db0acc83a46'}
        Body: {"ports": [{"status": "ACTIVE", "binding:host_id": "vagrant-ubuntu-trusty-64", "allowed_address_pairs": [], "extra_dhcp_opts": [], "dns_assignment": [{"hostname": "host-10-100-0-3", "ip_address": "10.100.0.3", "fqdn": "host-10-100-0-3.openstacklocal."}], "device_owner": "compute:None", "port_security_enabled": true, "binding:profile": {}, "fixed_ips": [{"subnet_id": "92ce4f5b-e089-4430-bb0f-d27c506785fa", "ip_address": "10.100.0.3"}], "id": "db805b76-e4b0-47bb-beb7-398cd509de29", "security_groups": ["fa482555-07d0-4230-8c17-d1713067f31b"], "device_id": "fda895ef-f890-4132-b3ce-7e00de3c0bfe", "name": "", "admin_state_up": true, "network_id": "91a0e9c7-f89e-487c-aa64-511db235d00f", "dns_name": "", "binding:vif_details": {"port_filter": true}, "binding:vnic_type": "normal", "binding:vif_type": "ovs", "tenant_id": "1a9b3e18f706444fb0ca217f409274d2", "mac_address": "fa:16:3e:8a:af:d8"}]}
2015-12-20 20:02:02,211 21676 INFO     [tempest_lib.common.rest_client] Request (TestNetworkAdvancedServerOps:test_server_connectivity_pause_unpause): 201 POST http://10.0.2.15:9696/v2.0/floatingips 0.559s
2015-12-20 20:02:02,212 21676 DEBUG    [tempest_lib.common.rest_client] Request - Headers: {'Content-Type': 'application/json', 'Accept': 'application/json', 'X-Auth-Token': '&lt;omitted&gt;'}
        Body: {"floatingip": {"floating_network_id": "e3af8e4e-0a2f-4359-b9b9-1fe1cce48c40", "tenant_id": "1a9b3e18f706444fb0ca217f409274d2", "fixed_ip_address": "10.100.0.3", "port_id": "db805b76-e4b0-47bb-beb7-398cd509de29"}}
    Response - Headers: {'status': '201', 'content-length': '367', 'connection': 'close', 'date': 'Sun, 20 Dec 2015 20:02:02 GMT', 'content-type': 'application/json; charset=UTF-8', 'x-openstack-request-id': 'req-aca4cb98-fb08-4b9c-be9e-f76d031a4084'}
        Body: {"floatingip": {"floating_network_id": "e3af8e4e-0a2f-4359-b9b9-1fe1cce48c40", "router_id": "69cea97f-d5e5-49b3-8b31-39426c0d8934", "fixed_ip_address": "10.100.0.3", "floating_ip_address": "172.24.4.4", "tenant_id": "1a9b3e18f706444fb0ca217f409274d2", "status": "DOWN", "port_id": "db805b76-e4b0-47bb-beb7-398cd509de29", "id": "2b6f7d9e-50b0-497d-8576-ce68c2304bc2"}}
2015-12-20 20:02:02,424 21676 INFO     [tempest_lib.common.rest_client] Request (TestNetworkAdvancedServerOps:test_server_connectivity_pause_unpause): 200 GET http://10.0.2.15:8774/v2.1/1a9b3e18f706444fb0ca217f409274d2/servers/fda895ef-f890-4132-b3ce-7e00de3c0bfe 0.211s
2015-12-20 20:02:02,424 21676 DEBUG    [tempest_lib.common.rest_client] Request - Headers: {'Content-Type': 'application/json', 'Accept': 'application/json', 'X-Auth-Token': '&lt;omitted&gt;'}
        Body: None
    Response - Headers: {'status': '200', 'content-length': '1660', 'content-location': 'http://10.0.2.15:8774/v2.1/1a9b3e18f706444fb0ca217f409274d2/servers/fda895ef-f890-4132-b3ce-7e00de3c0bfe', 'x-compute-request-id': 'req-2b718d9c-54de-424c-ac87-11a334040b9c', 'vary': 'X-OpenStack-Nova-API-Version', 'connection': 'close', 'x-openstack-nova-api-version': '2.1', 'date': 'Sun, 20 Dec 2015 20:02:02 GMT', 'content-type': 'application/json'}
        Body: {"server": {"status": "ACTIVE", "updated": "2015-12-20T20:02:00Z", "hostId": "c4d02a0980325db591f5d7a83d2f5d0e2a7eb6b92256e51c47cd6de8", "addresses": {"tempest-network-smoke--923314589": [{"OS-EXT-IPS-MAC:mac_addr": "fa:16:3e:8a:af:d8", "version": 4, "addr": "10.100.0.3", "OS-EXT-IPS:type": "fixed"}]}, "links": [{"href": "http://10.0.2.15:8774/v2.1/1a9b3e18f706444fb0ca217f409274d2/servers/fda895ef-f890-4132-b3ce-7e00de3c0bfe", "rel": "self"}, {"href": "http://10.0.2.15:8774/1a9b3e18f706444fb0ca217f409274d2/servers/fda895ef-f890-4132-b3ce-7e00de3c0bfe", "rel": "bookmark"}], "key_name": "tempest-TestNetworkAdvancedServerOps-76558322", "image": {"id": "f3989b8f-3ae6-4844-83af-74d78def7cc4", "links": [{"href": "http://10.0.2.15:8774/1a9b3e18f706444fb0ca217f409274d2/images/f3989b8f-3ae6-4844-83af-74d78def7cc4", "rel": "bookmark"}]}, "OS-EXT-STS:task_state": null, "OS-EXT-STS:vm_state": "active", "OS-SRV-USG:launched_at": "2015-12-20T20:02:00.000000", "flavor": {"id": "42", "links": [{"href": "http://10.0.2.15:8774/1a9b3e18f706444fb0ca217f409274d2/flavors/42", "rel": "bookmark"}]}, "id": "fda895ef-f890-4132-b3ce-7e00de3c0bfe", "security_groups": [{"name": "tempest-secgroup-smoke-1111829313"}], "OS-SRV-USG:terminated_at": null, "OS-EXT-AZ:availability_zone": "nova", "user_id": "9eea6f7614d6443797360a44bbfb2df3", "name": "tempest.common.compute-instance-1355151628", "created": "2015-12-20T20:01:54Z", "tenant_id": "1a9b3e18f706444fb0ca217f409274d2", "OS-DCF:diskConfig": "MANUAL", "os-extended-volumes:volumes_attached": [], "accessIPv4": "", "accessIPv6": "", "progress": 0, "OS-EXT-STS:power_state": 1, "config_drive": "True", "metadata": {}}}
2015-12-20 20:02:02,439 21676 INFO     [tempest.scenario.manager] Tenant networks not configured to be reachable.
2015-12-20 20:02:02,459 21676 INFO     [tempest_lib.common.rest_client] Request (TestNetworkAdvancedServerOps:test_server_connectivity_pause_unpause): 200 GET http://10.0.2.15:9696/v2.0/floatingips/2b6f7d9e-50b0-497d-8576-ce68c2304bc2 0.019s
2015-12-20 20:02:02,459 21676 DEBUG    [tempest_lib.common.rest_client] Request - Headers: {'Content-Type': 'application/json', 'Accept': 'application/json', 'X-Auth-Token': '&lt;omitted&gt;'}
        Body: None
    Response - Headers: {'status': '200', 'content-length': '367', 'content-location': 'http://10.0.2.15:9696/v2.0/floatingips/2b6f7d9e-50b0-497d-8576-ce68c2304bc2', 'connection': 'close', 'date': 'Sun, 20 Dec 2015 20:02:02 GMT', 'content-type': 'application/json; charset=UTF-8', 'x-openstack-request-id': 'req-39f24c88-d8fe-4035-a844-e83acf64098b'}
        Body: {"floatingip": {"floating_network_id": "e3af8e4e-0a2f-4359-b9b9-1fe1cce48c40", "router_id": "69cea97f-d5e5-49b3-8b31-39426c0d8934", "fixed_ip_address": "10.100.0.3", "floating_ip_address": "172.24.4.4", "tenant_id": "1a9b3e18f706444fb0ca217f409274d2", "status": "DOWN", "port_id": "db805b76-e4b0-47bb-beb7-398cd509de29", "id": "2b6f7d9e-50b0-497d-8576-ce68c2304bc2"}}
2015-12-20 20:02:03,474 21676 INFO     [tempest_lib.common.rest_client] Request (TestNetworkAdvancedServerOps:test_server_connectivity_pause_unpause): 200 GET http://10.0.2.15:9696/v2.0/floatingips/2b6f7d9e-50b0-497d-8576-ce68c2304bc2 0.013s
2015-12-20 20:02:03,474 21676 DEBUG    [tempest_lib.common.rest_client] Request - Headers: {'Content-Type': 'application/json', 'Accept': 'application/json', 'X-Auth-Token': '&lt;omitted&gt;'}
        Body: None
    Response - Headers: {'status': '200', 'content-length': '369', 'content-location': 'http://10.0.2.15:9696/v2.0/floatingips/2b6f7d9e-50b0-497d-8576-ce68c2304bc2', 'connection': 'close', 'date': 'Sun, 20 Dec 2015 20:02:03 GMT', 'content-type': 'application/json; charset=UTF-8', 'x-openstack-request-id': 'req-3a9e6e32-3c06-4b47-91fd-79f91ac4c6e6'}
        Body: {"floatingip": {"floating_network_id": "e3af8e4e-0a2f-4359-b9b9-1fe1cce48c40", "router_id": "69cea97f-d5e5-49b3-8b31-39426c0d8934", "fixed_ip_address": "10.100.0.3", "floating_ip_address": "172.24.4.4", "tenant_id": "1a9b3e18f706444fb0ca217f409274d2", "status": "ACTIVE", "port_id": "db805b76-e4b0-47bb-beb7-398cd509de29", "id": "2b6f7d9e-50b0-497d-8576-ce68c2304bc2"}}
2015-12-20 20:02:03,475 21676 INFO     [tempest.scenario.manager] FloatingIP: &lt;"FloatingIP" addr="172.24.4.4" id="2b6f7d9e-50b0-497d-8576-ce68c2304bc2"&gt; is at status: ACTIVE
2015-12-20 20:02:03,475 21676 DEBUG    [tempest.scenario.manager] checking network connections to IP 172.24.4.4 with user: cirros
2015-12-20 20:02:03,476 21676 DEBUG    [tempest.scenario.manager] TestNetworkAdvancedServerOps:test_server_connectivity_pause_unpause begins to ping 172.24.4.4 in 120 sec and the expected result is reachable
2015-12-20 20:04:03,795 21676 DEBUG    [tempest.scenario.manager] TestNetworkAdvancedServerOps:test_server_connectivity_pause_unpause finishes ping 172.24.4.4 in 120 sec and the ping result is unexpected
2015-12-20 20:04:03,796 21676 ERROR    [tempest.scenario.manager] Public network connectivity check failed
2015-12-20 20:04:03.796 21676 ERROR tempest.scenario.manager Traceback (most recent call last):
2015-12-20 20:04:03.796 21676 ERROR tempest.scenario.manager   File "tempest/scenario/manager.py", line 608, in check_public_network_connectivity
2015-12-20 20:04:03.796 21676 ERROR tempest.scenario.manager     should_connect=should_connect)
2015-12-20 20:04:03.796 21676 ERROR tempest.scenario.manager   File "tempest/scenario/manager.py", line 592, in check_vm_connectivity
2015-12-20 20:04:03.796 21676 ERROR tempest.scenario.manager     msg=msg)
2015-12-20 20:04:03.796 21676 ERROR tempest.scenario.manager   File "/usr/local/lib/python2.7/dist-packages/unittest2/case.py", line 702, in assertTrue
2015-12-20 20:04:03.796 21676 ERROR tempest.scenario.manager     raise self.failureException(msg)
2015-12-20 20:04:03.796 21676 ERROR tempest.scenario.manager AssertionError: False is not true : Timed out waiting for 172.24.4.4 to become reachable
2015-12-20 20:04:03.796 21676 ERROR tempest.scenario.manager 
2015-12-20 20:04:04,017 21676 INFO     [tempest_lib.common.rest_client] Request (TestNetworkAdvancedServerOps:test_server_connectivity_pause_unpause): 200 POST http://10.0.2.15:8774/v2.1/1a9b3e18f706444fb0ca217f409274d2/servers/fda895ef-f890-4132-b3ce-7e00de3c0bfe/action 0.217s
2015-12-20 20:04:04,018 21676 DEBUG    [tempest_lib.common.rest_client] Request - Headers: {'Content-Type': 'application/json', 'Accept': 'application/json', 'X-Auth-Token': '&lt;omitted&gt;'}
        Body: {"os-getConsoleOutput": {}}
    Response - Headers: {'status': '200', 'content-length': '17428', 'x-compute-request-id': 'req-7ab090ab-6bfb-4939-8918-a340a3f3c012', 'vary': 'X-OpenStack-Nova-API-Version', 'connection': 'close', 'x-openstack-nova-api-version': '2.1', 'date': 'Sun, 20 Dec 2015 20:04:04 GMT', 'content-type': 'application/json'}
        Body: {"output": "[    0.000000] Initializing cgroup subsys cpuset\n[    0.000000] Initializing cgroup subsys cpu\n[    0.000000] Linux version 3.2.0-80-virtual (buildd@batsu) (gcc version 4.6.3 (Ubuntu/Linaro 4.6.3-1ubuntu5) ) #116-Ubuntu SMP Mon Mar 23 17:28:52 UTC 2015 (Ubuntu 3.2.0-80.116-virtual 3.2.68)\n[    0.000000] Command line: root=/dev/vda console=tty0 console=ttyS0 no_timer_check\n[    0.000000] KERNEL supported cpus:\n[    0.000000]   Intel GenuineIntel\n[    0.000000]   AMD AuthenticAMD\n[    0.000000]   Centaur CentaurHauls\n[    0.000000] BIOS-provided physical RAM map:\n[    0.000000]  BIOS-e820: 0000000000000000 - 000000000009fc00 (usable)\n[    0.000000]  BIOS-e820: 000000000009fc00 - 00000000000a0000 (reserved)\n[    0.000000]  BIOS-e820: 00000000000f0000 - 0000000000100000 (reserved)\n[    0.000000]  BIOS-e820: 0000000000100000 - 0000000003ffe000 (usable)\n[    0.000000]  BIOS-e820: 0000000003ffe000 - 0000000004000000 (reserved)\n[    0.000000]  BIOS-e820: 00000000fffc0000 - 0000000100000000 (reserved)\n[    0.000000] NX (Execute Disable) protection: active\n[    0.000000] SMBIOS 2.4 present.\n[    0.000000] No AGP bridge found\n[    0.000000] last_pfn = 0x3ffe max_arch_pfn = 0x400000000\n[    0.000000] x86 PAT enabled: cpu 0, old 0x7040600070406, new 0x7010600070106\n[    0.000000] found SMP MP-table at [ffff8800000f0b00] f0b00\n[    0.000000] init_memory_mapping: 0000000000000000-0000000003ffe000\n[    0.000000] RAMDISK: 03c5e000 - 03ff0000\n[    0.000000] ACPI: RSDP 00000000000f0950 00014 (v00 BOCHS )\n[    0.000000] ACPI: RSDT 0000000003fffbc1 00034 (v01 BOCHS  BXPCRSDT 00000001 BXPC 00000001)\n[    0.000000] ACPI: FACP 0000000003fff1c0 00074 (v01 BOCHS  BXPCFACP 00000001 BXPC 00000001)\n[    0.000000] ACPI: DSDT 0000000003ffe040 01180 (v01 BOCHS  BXPCDSDT 00000001 BXPC 00000001)\n[    0.000000] ACPI: FACS 0000000003ffe000 00040\n[    0.000000] ACPI: SSDT 0000000003fff234 008DD (v01 BOCHS  BXPCSSDT 00000001 BXPC 00000001)\n[    0.000000] ACPI: APIC 0000000003fffb11 00078 (v01 BOCHS  BXPCAPIC 00000001 BXPC 00000001)\n[    0.000000] ACPI: HPET 0000000003fffb89 00038 (v01 BOCHS  BXPCHPET 00000001 BXPC 00000001)\n[    0.000000] No NUMA configuration found\n[    0.000000] Faking a node at 0000000000000000-0000000003ffe000\n[    0.000000] Initmem setup node 0 0000000000000000-0000000003ffe000\n[    0.000000]   NODE_DATA [0000000003ff6000 - 0000000003ffafff]\n[    0.000000] Zone PFN ranges:\n[    0.000000]   DMA      0x00000010 -&gt; 0x00001000\n[    0.000000]   DMA32    0x00001000 -&gt; 0x00100000\n[    0.000000]   Normal   empty\n[    0.000000] Movable zone start PFN for each node\n[    0.000000] early_node_map[2] active PFN ranges\n[    0.000000]     0: 0x00000010 -&gt; 0x0000009f\n[    0.000000]     0: 0x00000100 -&gt; 0x00003ffe\n[    0.000000] ACPI: PM-Timer IO Port: 0xb008\n[    0.000000] ACPI: LAPIC (acpi_id[0x00] lapic_id[0x00] enabled)\n[    0.000000] ACPI: LAPIC_NMI (acpi_id[0xff] dfl dfl lint[0x1])\n[    0.000000] ACPI: IOAPIC (id[0x00] address[0xfec00000] gsi_base[0])\n[    0.000000] IOAPIC[0]: apic_id 0, version 17, address 0xfec00000, GSI 0-23\n[    0.000000] ACPI: INT_SRC_OVR (bus 0 bus_irq 0 global_irq 2 dfl dfl)\n[    0.000000] ACPI: INT_SRC_OVR (bus 0 bus_irq 5 global_irq 5 high level)\n[    0.000000] ACPI: INT_SRC_OVR (bus 0 bus_irq 9 global_irq 9 high level)\n[    0.000000] ACPI: INT_SRC_OVR (bus 0 bus_irq 10 global_irq 10 high level)\n[    0.000000] ACPI: INT_SRC_OVR (bus 0 bus_irq 11 global_irq 11 high level)\n[    0.000000] Using ACPI (MADT) for SMP configuration information\n[    0.000000] ACPI: HPET id: 0x8086a201 base: 0xfed00000\n[    0.000000] SMP: Allowing 1 CPUs, 0 hotplug CPUs\n[    0.000000] PM: Registered nosave memory: 000000000009f000 - 00000000000a0000\n[    0.000000] PM: Registered nosave memory: 00000000000a0000 - 00000000000f0000\n[    0.000000] PM: Registered nosave memory: 00000000000f0000 - 0000000000100000\n[    0.000000] Allocating PCI resources starting at 4000000 (gap: 4000000:fbfc0000)\n[    0.000000] Booting paravirtualized kernel on bare hardware\n[    0.000000] setup_pe
2015-12-20 20:04:04,021 21676 DEBUG    [tempest.scenario.manager] Console output for fda895ef-f890-4132-b3ce-7e00de3c0bfe
body=
[    0.000000] Initializing cgroup subsys cpuset
[    0.000000] Initializing cgroup subsys cpu
[    0.000000] Linux version 3.2.0-80-virtual (buildd@batsu) (gcc version 4.6.3 (Ubuntu/Linaro 4.6.3-1ubuntu5) ) #116-Ubuntu SMP Mon Mar 23 17:28:52 UTC 2015 (Ubuntu 3.2.0-80.116-virtual 3.2.68)
[    0.000000] Command line: root=/dev/vda console=tty0 console=ttyS0 no_timer_check
[    0.000000] KERNEL supported cpus:
[    0.000000]   Intel GenuineIntel
[    0.000000]   AMD AuthenticAMD
[    0.000000]   Centaur CentaurHauls
[    0.000000] BIOS-provided physical RAM map:
[    0.000000]  BIOS-e820: 0000000000000000 - 000000000009fc00 (usable)
[    0.000000]  BIOS-e820: 000000000009fc00 - 00000000000a0000 (reserved)
[    0.000000]  BIOS-e820: 00000000000f0000 - 0000000000100000 (reserved)
[    0.000000]  BIOS-e820: 0000000000100000 - 0000000003ffe000 (usable)
[    0.000000]  BIOS-e820: 0000000003ffe000 - 0000000004000000 (reserved)
[    0.000000]  BIOS-e820: 00000000fffc0000 - 0000000100000000 (reserved)
[    0.000000] NX (Execute Disable) protection: active
[    0.000000] SMBIOS 2.4 present.
[    0.000000] No AGP bridge found
[    0.000000] last_pfn = 0x3ffe max_arch_pfn = 0x400000000
[    0.000000] x86 PAT enabled: cpu 0, old 0x7040600070406, new 0x7010600070106
[    0.000000] found SMP MP-table at [ffff8800000f0b00] f0b00
[    0.000000] init_memory_mapping: 0000000000000000-0000000003ffe000
[    0.000000] RAMDISK: 03c5e000 - 03ff0000
[    0.000000] ACPI: RSDP 00000000000f0950 00014 (v00 BOCHS )
[    0.000000] ACPI: RSDT 0000000003fffbc1 00034 (v01 BOCHS  BXPCRSDT 00000001 BXPC 00000001)
[    0.000000] ACPI: FACP 0000000003fff1c0 00074 (v01 BOCHS  BXPCFACP 00000001 BXPC 00000001)
[    0.000000] ACPI: DSDT 0000000003ffe040 01180 (v01 BOCHS  BXPCDSDT 00000001 BXPC 00000001)
[    0.000000] ACPI: FACS 0000000003ffe000 00040
[    0.000000] ACPI: SSDT 0000000003fff234 008DD (v01 BOCHS  BXPCSSDT 00000001 BXPC 00000001)
[    0.000000] ACPI: APIC 0000000003fffb11 00078 (v01 BOCHS  BXPCAPIC 00000001 BXPC 00000001)
[    0.000000] ACPI: HPET 0000000003fffb89 00038 (v01 BOCHS  BXPCHPET 00000001 BXPC 00000001)
[    0.000000] No NUMA configuration found
[    0.000000] Faking a node at 0000000000000000-0000000003ffe000
[    0.000000] Initmem setup node 0 0000000000000000-0000000003ffe000
[    0.000000]   NODE_DATA [0000000003ff6000 - 0000000003ffafff]
[    0.000000] Zone PFN ranges:
[    0.000000]   DMA      0x00000010 -&gt; 0x00001000
[    0.000000]   DMA32    0x00001000 -&gt; 0x00100000
[    0.000000]   Normal   empty
[    0.000000] Movable zone start PFN for each node
[    0.000000] early_node_map[2] active PFN ranges
[    0.000000]     0: 0x00000010 -&gt; 0x0000009f
[    0.000000]     0: 0x00000100 -&gt; 0x00003ffe
[    0.000000] ACPI: PM-Timer IO Port: 0xb008
[    0.000000] ACPI: LAPIC (acpi_id[0x00] lapic_id[0x00] enabled)
[    0.000000] ACPI: LAPIC_NMI (acpi_id[0xff] dfl dfl lint[0x1])
[    0.000000] ACPI: IOAPIC (id[0x00] address[0xfec00000] gsi_base[0])
[    0.000000] IOAPIC[0]: apic_id 0, version 17, address 0xfec00000, GSI 0-23
[    0.000000] ACPI: INT_SRC_OVR (bus 0 bus_irq 0 global_irq 2 dfl dfl)
[    0.000000] ACPI: INT_SRC_OVR (bus 0 bus_irq 5 global_irq 5 high level)
[    0.000000] ACPI: INT_SRC_OVR (bus 0 bus_irq 9 global_irq 9 high level)
[    0.000000] ACPI: INT_SRC_OVR (bus 0 bus_irq 10 global_irq 10 high level)
[    0.000000] ACPI: INT_SRC_OVR (bus 0 bus_irq 11 global_irq 11 high level)
[    0.000000] Using ACPI (MADT) for SMP configuration information
[    0.000000] ACPI: HPET id: 0x8086a201 base: 0xfed00000
[    0.000000] SMP: Allowing 1 CPUs, 0 hotplug CPUs
[    0.000000] PM: Registered nosave memory: 000000000009f000 - 00000000000a0000
[    0.000000] PM: Registered nosave memory: 00000000000a0000 - 00000000000f0000
[    0.000000] PM: Registered nosave memory: 00000000000f0000 - 0000000000100000
[    0.000000] Allocating PCI resources starting at 4000000 (gap: 4000000:fbfc0000)
[    0.000000] Booting paravirtualized kernel on bare hardware
[    0.000000] setup_percpu: NR_CPUS:64 nr_cpumask_bits:64 nr_cpu_ids:1 nr_node_ids:1
[    0.000000] PERCPU: Embedded 27 pages/cpu @ffff880003a00000 s78848 r8192 d23552 u2097152
[    0.000000] Built 1 zonelists in Node order, mobility grouping on.  Total pages: 16008
[    0.000000] Policy zone: DMA32
[    0.000000] Kernel command line: root=/dev/vda console=tty0 console=ttyS0 no_timer_check
[    0.000000] PID hash table entries: 256 (order: -1, 2048 bytes)
[    0.000000] Checking aperture...
[    0.000000] No AGP bridge found
[    0.000000] Memory: 43492k/65528k available (6576k kernel code, 452k absent, 21584k reserved, 6620k data, 928k init)
[    0.000000] SLUB: Genslabs=15, HWalign=64, Order=0-3, MinObjects=0, CPUs=1, Nodes=1
[    0.000000] Hierarchical RCU implementation.
[    0.000000] 	RCU dyntick-idle grace-period acceleration is enabled.
[    0.000000] NR_IRQS:4352 nr_irqs:256 16
[    0.000000] Console: colour VGA+ 80x25
[    0.000000] console [tty0] enabled
[    0.000000] console [ttyS0] enabled
[    0.000000] allocated 1048576 bytes of page_cgroup
[    0.000000] please try 'cgroup_disable=memory' option if you don't want memory cgroups
[    0.000000] Fast TSC calibration failed
[    0.000000] TSC: Unable to calibrate against PIT
[    0.000000] TSC: using HPET reference calibration
[    0.000000] Detected 2294.518 MHz processor.
[    0.041667] Calibrating delay loop (skipped), value calculated using timer frequency.. 4589.03 BogoMIPS (lpj=9178072)
[    0.043668] pid_max: default: 32768 minimum: 301
[    0.054394] Security Framework initialized
[    0.061219] AppArmor: AppArmor initialized
[    0.062154] Yama: becoming mindful.
[    0.070056] Dentry cache hash table entries: 8192 (order: 4, 65536 bytes)
[    0.071482] Inode-cache hash table entries: 4096 (order: 3, 32768 bytes)
[    0.072685] Mount-cache hash table entries: 256
[    0.088204] Initializing cgroup subsys cpuacct
[    0.089091] Initializing cgroup subsys memory
[    0.090544] Initializing cgroup subsys devices
[    0.091265] Initializing cgroup subsys freezer
[    0.092144] Initializing cgroup subsys blkio
[    0.092960] Initializing cgroup subsys perf_event
[    0.097112] mce: CPU supports 10 MCE banks
[    0.101587] SMP alternatives: switching to UP code
[    0.492778] Freeing SMP alternatives: 24k freed
[    0.494198] ACPI: Core revision 20110623
[    0.548754] ftrace: allocating 26610 entries in 105 pages
[    0.584035] ..TIMER: vector=0x30 apic1=0 pin1=2 apic2=-1 pin2=-1
[    0.584158] CPU0: AMD QEMU Virtual CPU version 2.0.0 stepping 03
[    0.592036] Performance Events: Broken PMU hardware detected, using software events only.
[    0.600543] NMI watchdog disabled (cpu0): hardware events not enabled
[    0.602159] Brought up 1 CPUs
[    0.602779] Total of 1 processors activated (4589.03 BogoMIPS).
[    0.627160] devtmpfs: initialized
[    0.659184] EVM: security.selinux
[    0.660085] EVM: security.SMACK64
[    0.660517] EVM: security.capability
[    0.689277] print_constraints: dummy: 
[    0.691192] RTC time: 20:02:03, date: 12/20/15
[    0.693862] NET: Registered protocol family 16
[    0.701880] ACPI: bus type pci registered
[    0.705698] PCI: Using configuration type 1 for base access
[    0.733997] bio: create slab &lt;bio-0&gt; at 0
[    0.740271] ACPI: Added _OSI(Module Device)
[    0.740919] ACPI: Added _OSI(Processor Device)
[    0.741511] ACPI: Added _OSI(3.0 _SCP Extensions)
[    0.742149] ACPI: Added _OSI(Processor Aggregator Device)
[    0.814175] ACPI: Interpreter enabled
[    0.816188] ACPI: (supports S0 S3 S4 S5)
[    0.818003] ACPI: Using IOAPIC for interrupt routing
[    0.892761] ACPI: No dock devices found.
[    0.893361] HEST: Table not found.
[    0.893973] PCI: Using host bridge windows from ACPI; if necessary, use "pci=nocrs" and report a bug
[    0.898990] ACPI: PCI Root Bridge [PCI0] (domain 0000 [bus 00-ff])
[    0.904686] pci_root PNP0A03:00: host bridge window [io  0x0000-0x0cf7]
[    0.905835] pci_root PNP0A03:00: host bridge window [io  0x0d00-0xadff]
[    0.906622] pci_root PNP0A03:00: host bridge window [io  0xae0f-0xaeff]
[    0.908132] pci_root PNP0A03:00: host bridge window [io  0xaf20-0xafdf]
[    0.908928] pci_root PNP0A03:00: host bridge window [io  0xafe4-0xffff]
[    0.909765] pci_root PNP0A03:00: host bridge window [mem 0x000a0000-0x000bffff]
[    0.910649] pci_root PNP0A03:00: host bridge window [mem 0x04000000-0xfebfffff]
[    0.934951] pci 0000:00:01.3: quirk: [io  0xb000-0xb03f] claimed by PIIX4 ACPI
[    0.936321] pci 0000:00:01.3: quirk: [io  0xb100-0xb10f] claimed by PIIX4 SMB
[    1.007329]  pci0000:00: Unable to request _OSC control (_OSC support mask: 0x1e)
[    1.073907] ACPI: PCI Interrupt Link [LNKA] (IRQs 5 *10 11)
[    1.076693] ACPI: PCI Interrupt Link [LNKB] (IRQs 5 *10 11)
[    1.078360] ACPI: PCI Interrupt Link [LNKC] (IRQs 5 10 *11)
[    1.080637] ACPI: PCI Interrupt Link [LNKD] (IRQs 5 10 *11)
[    1.081949] ACPI: PCI Interrupt Link [LNKS] (IRQs *9)
[    1.088355] vgaarb: device added: PCI:0000:00:02.0,decodes=io+mem,owns=io+mem,locks=none
[    1.089312] vgaarb: loaded
[    1.089672] vgaarb: bridge control possible 0000:00:02.0
[    1.093837] i2c-core: driver [aat2870] using legacy suspend method
[    1.094626] i2c-core: driver [aat2870] using legacy resume method
[    1.097384] SCSI subsystem initialized
[    1.100519] usbcore: registered new interface driver usbfs
[    1.101632] usbcore: registered new interface driver hub
[    1.103405] usbcore: registered new device driver usb
[    1.110870] PCI: Using ACPI for IRQ routing
[    1.129609] NetLabel: Initializing
[    1.130535] NetLabel:  domain hash size = 128
[    1.131149] NetLabel:  protocols = UNLABELED CIPSOv4
[    1.133465] NetLabel:  unlabeled traffic allowed by default
[    1.137945] HPET: 3 timers in total, 0 timers will be used for per-cpu timer
[    1.140480] hpet0: at MMIO 0xfed00000, IRQs 2, 8, 0
[    1.141618] hpet0: 3 comparators, 64-bit 100.000000 MHz counter
[    1.157154] Switching to clocksource hpet
[    1.401475] AppArmor: AppArmor Filesystem Enabled
[    1.402959] pnp: PnP ACPI init
[    1.403731] ACPI: bus type pnp registered
[    1.426246] pnp: PnP ACPI: found 9 devices
[    1.426763] ACPI: ACPI bus type pnp unregistered
[    1.490059] NET: Registered protocol family 2
[    1.529680] IP route cache hash table entries: 512 (order: 0, 4096 bytes)
[    1.537216] TCP established hash table entries: 2048 (order: 3, 32768 bytes)
[    1.539141] TCP bind hash table entries: 2048 (order: 3, 32768 bytes)
[    1.540076] TCP: Hash tables configured (established 2048 bind 2048)
[    1.541619] TCP reno registered
[    1.542146] UDP hash table entries: 128 (order: 0, 4096 bytes)
[    1.543034] UDP-Lite hash table entries: 128 (order: 0, 4096 bytes)
[    1.546216] NET: Registered protocol family 1
[    1.547218] pci 0000:00:00.0: Limiting direct PCI/PCI transfers
[    1.548033] pci 0000:00:01.0: PIIX3: Enabling Passive Release
[    1.549851] pci 0000:00:01.0: Activating ISA DMA hang workarounds
[    1.558464] ACPI: PCI Interrupt Link [LNKD] enabled at IRQ 11
[    1.560473] pci 0000:00:01.2: PCI INT D -&gt; Link[LNKD] -&gt; GSI 11 (level, high) -&gt; IRQ 11
[    1.565763] pci 0000:00:01.2: PCI INT D disabled
[    1.583746] Trying to unpack rootfs image as initramfs...
[    1.602482] audit: initializing netlink socket (disabled)
[    1.603553] type=2000 audit(1450641723.600:1): initialized
[    1.892634] HugeTLB registered 2 MB page size, pre-allocated 0 pages
[    1.959219] VFS: Disk quotas dquot_6.5.2
[    1.961303] Dquot-cache hash table entries: 512 (order 0, 4096 bytes)
[    1.975348] fuse init (API version 7.17)
[    1.982706] msgmni has been set to 84
[    2.022937] Block layer SCSI generic (bsg) driver version 0.4 loaded (major 253)
[    2.025615] io scheduler noop registered
[    2.026137] io scheduler deadline registered (default)
[    2.027262] io scheduler cfq registered
[    2.030569] pci_hotplug: PCI Hot Plug PCI Core version: 0.5
[    2.033450] pciehp: PCI Express Hot Plug Controller Driver version: 0.4
[    2.038152] input: Power Button as /devices/LNXSYSTM:00/LNXPWRBN:00/input/input0
[    2.040114] ACPI: Power Button [PWRF]
[    2.091452] ERST: Table is not found!
[    2.091945] GHES: HEST is not enabled!
[    2.102089] ACPI: PCI Interrupt Link [LNKC] enabled at IRQ 10
[    2.103659] virtio-pci 0000:00:03.0: PCI INT A -&gt; Link[LNKC] -&gt; GSI 10 (level, high) -&gt; IRQ 10
[    2.107527] virtio-pci 0000:00:04.0: PCI INT A -&gt; Link[LNKD] -&gt; GSI 11 (level, high) -&gt; IRQ 11
[    2.119042] ACPI: PCI Interrupt Link [LNKA] enabled at IRQ 10
[    2.119747] virtio-pci 0000:00:05.0: PCI INT A -&gt; Link[LNKA] -&gt; GSI 10 (level, high) -&gt; IRQ 10
[    2.130008] Serial: 8250/16550 driver, 32 ports, IRQ sharing enabled
[    2.170127] serial8250: ttyS0 at I/O 0x3f8 (irq = 4) is a 16550A
[    2.261043] serial8250: ttyS1 at I/O 0x2f8 (irq = 3) is a 16550A
[    2.404642] 00:05: ttyS0 at I/O 0x3f8 (irq = 4) is a 16550A
[    2.482866] 00:06: ttyS1 at I/O 0x2f8 (irq = 3) is a 16550A
[    2.531337] Linux agpgart interface v0.103
[    2.569496] Refined TSC clocksource calibration: 2294.701 MHz.
[    2.570356] Switching to clocksource tsc
[    2.583904] brd: module loaded
[    2.614238] loop: module loaded
[    2.690022]  vda: unknown partition table
[    2.754659] scsi0 : ata_piix
[    2.765337] scsi1 : ata_piix
[    2.766870] ata1: PATA max MWDMA2 cmd 0x1f0 ctl 0x3f6 bmdma 0xc0a0 irq 14
[    2.767904] ata2: PATA max MWDMA2 cmd 0x170 ctl 0x376 bmdma 0xc0a8 irq 15
[    2.783689] Fixed MDIO Bus: probed
[    2.786667] tun: Universal TUN/TAP device driver, 1.6
[    2.787600] tun: (C) 1999-2004 Max Krasnyansky &lt;maxk@qualcomm.com&gt;
[    2.804013] PPP generic driver version 2.4.2
[    2.825989] ehci_hcd: USB 2.0 'Enhanced' Host Controller (EHCI) Driver
[    2.827007] ohci_hcd: USB 1.1 'Open' Host Controller (OHCI) Driver
[    2.828101] uhci_hcd: USB Universal Host Controller Interface driver
[    2.830892] uhci_hcd 0000:00:01.2: PCI INT D -&gt; Link[LNKD] -&gt; GSI 11 (level, high) -&gt; IRQ 11
[    2.834476] uhci_hcd 0000:00:01.2: UHCI Host Controller
[    2.849678] uhci_hcd 0000:00:01.2: new USB bus registered, assigned bus number 1
[    2.852035] uhci_hcd 0000:00:01.2: irq 11, io base 0x0000c040
[    2.889135] hub 1-0:1.0: USB hub found
[    2.890690] hub 1-0:1.0: 2 ports detected
[    2.897740] usbcore: registered new interface driver libusual
[    2.900011] i8042: PNP: PS/2 Controller [PNP0303:KBD,PNP0f13:MOU] at 0x60,0x64 irq 1,12
[    2.908117] serio: i8042 KBD port at 0x60,0x64 irq 1
[    2.910987] serio: i8042 AUX port at 0x60,0x64 irq 12
[    2.952022] mousedev: PS/2 mouse device common for all mice
[    2.963223] input: AT Translated Set 2 keyboard as /devices/platform/i8042/serio0/input/input1
[    2.969443] rtc_cmos 00:01: RTC can wake from S4
[    3.015463] rtc_cmos 00:01: rtc core: registered rtc_cmos as rtc0
[    3.020749] rtc0: alarms up to one day, 114 bytes nvram, hpet irqs
[    3.025362] device-mapper: uevent: version 1.0.3
[    3.046679] ata2.01: ATAPI: QEMU DVD-ROM, 2.0.0, max UDMA/100
[    3.063436] ata2.01: configured for MWDMA2
[    3.069534] device-mapper: ioctl: 4.22.0-ioctl (2011-10-19) initialised: dm-devel@redhat.com
[    3.073659] cpuidle: using governor ladder
[    3.075075] cpuidle: using governor menu
[    3.075851] EFI Variables Facility v0.08 2004-May-17
[    3.092170] TCP cubic registered
[    3.102245] NET: Registered protocol family 10
[    3.138434] NET: Registered protocol family 17
[    3.139612] Registering the dns_resolver key type
[    3.179421] scsi 1:0:1:0: CD-ROM            QEMU     QEMU DVD-ROM     2.0. PQ: 0 ANSI: 5
[    3.206592] sr0: scsi3-mmc drive: 4x/4x cd/rw xa/form2 tray
[    3.208139] cdrom: Uniform CD-ROM driver Revision: 3.20
[    3.233884] sr 1:0:1:0: Attached scsi generic sg0 type 5
[    3.294061] registered taskstats version 1
[    3.423198] Freeing initrd memory: 3656k freed
[    3.980019]   Magic number: 11:623:43
[    3.994539] rtc_cmos 00:01: setting system clock to 2015-12-20 20:02:06 UTC (1450641726)
[    3.995749] powernow-k8: Processor cpuid 663 not supported
[    4.005402] BIOS EDD facility v0.16 2004-Jun-25, 0 devices found
[    4.007875] EDD information not available.
[    4.084244] Freeing unused kernel memory: 928k freed
[    4.093511] Write protecting the kernel read-only data: 12288k
[    4.174211] Freeing unused kernel memory: 1596k freed
[    4.250465] Freeing unused kernel memory: 1184k freed

info: initramfs: up at 4.44
modprobe: module virtio_blk not found in modules.dep
modprobe: module virtio_net not found in modules.dep
info: copying initramfs to /dev/vda
info: initramfs loading root from /dev/vda
info: /etc/init.d/rc.sysinit: up at 9.18
info: container: none
Starting logging: OK
modprobe: module virtio_blk not found in modules.dep
modprobe: module virtio_net not found in modules.dep
WARN: /etc/rc3.d/S10-load-modules failed
Initializing random number generator... done.
Starting acpid: OK
cirros-ds 'local' up at 11.70
found datasource (configdrive, local)
Starting network...
udhcpc (v1.20.1) started
Sending discover...
Sending discover...

2015-12-20 20:04:04,425 21676 INFO     [tempest_lib.common.rest_client] Request (TestNetworkAdvancedServerOps:_run_cleanups): 204 DELETE http://10.0.2.15:9696/v2.0/floatingips/2b6f7d9e-50b0-497d-8576-ce68c2304bc2 0.399s
2015-12-20 20:04:04,425 21676 DEBUG    [tempest_lib.common.rest_client] Request - Headers: {'Content-Type': 'application/json', 'Accept': 'application/json', 'X-Auth-Token': '&lt;omitted&gt;'}
        Body: None
    Response - Headers: {'date': 'Sun, 20 Dec 2015 20:04:04 GMT', 'status': '204', 'connection': 'close', 'content-length': '0', 'x-openstack-request-id': 'req-bd12e703-d5d3-42ab-be74-44373d7cb964'}
        Body: 
2015-12-20 20:04:04,638 21676 INFO     [tempest_lib.common.rest_client] Request (TestNetworkAdvancedServerOps:_run_cleanups): 204 DELETE http://10.0.2.15:8774/v2.1/1a9b3e18f706444fb0ca217f409274d2/servers/fda895ef-f890-4132-b3ce-7e00de3c0bfe 0.211s
2015-12-20 20:04:04,638 21676 DEBUG    [tempest_lib.common.rest_client] Request - Headers: {'Content-Type': 'application/json', 'Accept': 'application/json', 'X-Auth-Token': '&lt;omitted&gt;'}
        Body: None
    Response - Headers: {'status': '204', 'content-length': '0', 'x-compute-request-id': 'req-db6856d1-d36a-4773-90b9-d14826c3d046', 'vary': 'X-OpenStack-Nova-API-Version', 'connection': 'close', 'x-openstack-nova-api-version': '2.1', 'date': 'Sun, 20 Dec 2015 20:04:04 GMT', 'content-type': 'application/json'}
        Body: 
2015-12-20 20:04:04,937 21676 INFO     [tempest_lib.common.rest_client] Request (TestNetworkAdvancedServerOps:_run_cleanups): 200 GET http://10.0.2.15:8774/v2.1/1a9b3e18f706444fb0ca217f409274d2/servers/fda895ef-f890-4132-b3ce-7e00de3c0bfe 0.297s
2015-12-20 20:04:04,937 21676 DEBUG    [tempest_lib.common.rest_client] Request - Headers: {'Content-Type': 'application/json', 'Accept': 'application/json', 'X-Auth-Token': '&lt;omitted&gt;'}
        Body: None
    Response - Headers: {'status': '200', 'content-length': '1783', 'content-location': 'http://10.0.2.15:8774/v2.1/1a9b3e18f706444fb0ca217f409274d2/servers/fda895ef-f890-4132-b3ce-7e00de3c0bfe', 'x-compute-request-id': 'req-626f22c1-3331-4662-9e0c-fee58a027a0a', 'vary': 'X-OpenStack-Nova-API-Version', 'connection': 'close', 'x-openstack-nova-api-version': '2.1', 'date': 'Sun, 20 Dec 2015 20:04:04 GMT', 'content-type': 'application/json'}
        Body: {"server": {"status": "ACTIVE", "updated": "2015-12-20T20:04:04Z", "hostId": "c4d02a0980325db591f5d7a83d2f5d0e2a7eb6b92256e51c47cd6de8", "addresses": {"tempest-network-smoke--923314589": [{"OS-EXT-IPS-MAC:mac_addr": "fa:16:3e:8a:af:d8", "version": 4, "addr": "10.100.0.3", "OS-EXT-IPS:type": "fixed"}, {"OS-EXT-IPS-MAC:mac_addr": "fa:16:3e:8a:af:d8", "version": 4, "addr": "172.24.4.4", "OS-EXT-IPS:type": "floating"}]}, "links": [{"href": "http://10.0.2.15:8774/v2.1/1a9b3e18f706444fb0ca217f409274d2/servers/fda895ef-f890-4132-b3ce-7e00de3c0bfe", "rel": "self"}, {"href": "http://10.0.2.15:8774/1a9b3e18f706444fb0ca217f409274d2/servers/fda895ef-f890-4132-b3ce-7e00de3c0bfe", "rel": "bookmark"}], "key_name": "tempest-TestNetworkAdvancedServerOps-76558322", "image": {"id": "f3989b8f-3ae6-4844-83af-74d78def7cc4", "links": [{"href": "http://10.0.2.15:8774/1a9b3e18f706444fb0ca217f409274d2/images/f3989b8f-3ae6-4844-83af-74d78def7cc4", "rel": "bookmark"}]}, "OS-EXT-STS:task_state": "deleting", "OS-EXT-STS:vm_state": "active", "OS-SRV-USG:launched_at": "2015-12-20T20:02:00.000000", "flavor": {"id": "42", "links": [{"href": "http://10.0.2.15:8774/1a9b3e18f706444fb0ca217f409274d2/flavors/42", "rel": "bookmark"}]}, "id": "fda895ef-f890-4132-b3ce-7e00de3c0bfe", "security_groups": [{"name": "tempest-secgroup-smoke-1111829313"}], "OS-SRV-USG:terminated_at": null, "OS-EXT-AZ:availability_zone": "nova", "user_id": "9eea6f7614d6443797360a44bbfb2df3", "name": "tempest.common.compute-instance-1355151628", "created": "2015-12-20T20:01:54Z", "tenant_id": "1a9b3e18f706444fb0ca217f409274d2", "OS-DCF:diskConfig": "MANUAL", "os-extended-volumes:volumes_attached": [], "accessIPv4": "", "accessIPv6": "", "progress": 0, "OS-EXT-STS:power_state": 1, "config_drive": "True", "metadata": {}}}
2015-12-20 20:04:06,080 21676 INFO     [tempest_lib.common.rest_client] Request (TestNetworkAdvancedServerOps:_run_cleanups): 200 GET http://10.0.2.15:8774/v2.1/1a9b3e18f706444fb0ca217f409274d2/servers/fda895ef-f890-4132-b3ce-7e00de3c0bfe 0.121s
2015-12-20 20:04:06,080 21676 DEBUG    [tempest_lib.common.rest_client] Request - Headers: {'Content-Type': 'application/json', 'Accept': 'application/json', 'X-Auth-Token': '&lt;omitted&gt;'}
        Body: None
    Response - Headers: {'status': '200', 'content-length': '1448', 'content-location': 'http://10.0.2.15:8774/v2.1/1a9b3e18f706444fb0ca217f409274d2/servers/fda895ef-f890-4132-b3ce-7e00de3c0bfe', 'x-compute-request-id': 'req-7db4e588-865c-4612-91fc-cd10e12d162d', 'vary': 'X-OpenStack-Nova-API-Version', 'connection': 'close', 'x-openstack-nova-api-version': '2.1', 'date': 'Sun, 20 Dec 2015 20:04:06 GMT', 'content-type': 'application/json'}
        Body: {"server": {"status": "ACTIVE", "updated": "2015-12-20T20:04:05Z", "hostId": "c4d02a0980325db591f5d7a83d2f5d0e2a7eb6b92256e51c47cd6de8", "addresses": {}, "links": [{"href": "http://10.0.2.15:8774/v2.1/1a9b3e18f706444fb0ca217f409274d2/servers/fda895ef-f890-4132-b3ce-7e00de3c0bfe", "rel": "self"}, {"href": "http://10.0.2.15:8774/1a9b3e18f706444fb0ca217f409274d2/servers/fda895ef-f890-4132-b3ce-7e00de3c0bfe", "rel": "bookmark"}], "key_name": "tempest-TestNetworkAdvancedServerOps-76558322", "image": {"id": "f3989b8f-3ae6-4844-83af-74d78def7cc4", "links": [{"href": "http://10.0.2.15:8774/1a9b3e18f706444fb0ca217f409274d2/images/f3989b8f-3ae6-4844-83af-74d78def7cc4", "rel": "bookmark"}]}, "OS-EXT-STS:task_state": "deleting", "OS-EXT-STS:vm_state": "active", "OS-SRV-USG:launched_at": "2015-12-20T20:02:00.000000", "flavor": {"id": "42", "links": [{"href": "http://10.0.2.15:8774/1a9b3e18f706444fb0ca217f409274d2/flavors/42", "rel": "bookmark"}]}, "id": "fda895ef-f890-4132-b3ce-7e00de3c0bfe", "OS-SRV-USG:terminated_at": null, "OS-EXT-AZ:availability_zone": "nova", "user_id": "9eea6f7614d6443797360a44bbfb2df3", "name": "tempest.common.compute-instance-1355151628", "created": "2015-12-20T20:01:54Z", "tenant_id": "1a9b3e18f706444fb0ca217f409274d2", "OS-DCF:diskConfig": "MANUAL", "os-extended-volumes:volumes_attached": [], "accessIPv4": "", "accessIPv6": "", "progress": 0, "OS-EXT-STS:power_state": 1, "config_drive": "True", "metadata": {}}}
2015-12-20 20:04:07,186 21676 INFO     [tempest_lib.common.rest_client] Request (TestNetworkAdvancedServerOps:_run_cleanups): 404 GET http://10.0.2.15:8774/v2.1/1a9b3e18f706444fb0ca217f409274d2/servers/fda895ef-f890-4132-b3ce-7e00de3c0bfe 0.092s
2015-12-20 20:04:07,186 21676 DEBUG    [tempest_lib.common.rest_client] Request - Headers: {'Content-Type': 'application/json', 'Accept': 'application/json', 'X-Auth-Token': '&lt;omitted&gt;'}
        Body: None
    Response - Headers: {'status': '404', 'content-length': '111', 'x-compute-request-id': 'req-e52845ba-8f59-4800-9569-4984c9092d1c', 'vary': 'X-OpenStack-Nova-API-Version', 'connection': 'close', 'x-openstack-nova-api-version': '2.1', 'date': 'Sun, 20 Dec 2015 20:04:07 GMT', 'content-type': 'application/json; charset=UTF-8'}
        Body: {"itemNotFound": {"message": "Instance fda895ef-f890-4132-b3ce-7e00de3c0bfe could not be found.", "code": 404}}
2015-12-20 20:04:07,656 21676 INFO     [tempest_lib.common.rest_client] Request (TestNetworkAdvancedServerOps:_run_cleanups): 200 PUT http://10.0.2.15:9696/v2.0/routers/69cea97f-d5e5-49b3-8b31-39426c0d8934/remove_router_interface 0.468s
2015-12-20 20:04:07,656 21676 DEBUG    [tempest_lib.common.rest_client] Request - Headers: {'Content-Type': 'application/json', 'Accept': 'application/json', 'X-Auth-Token': '&lt;omitted&gt;'}
        Body: {"subnet_id": "92ce4f5b-e089-4430-bb0f-d27c506785fa"}
    Response - Headers: {'status': '200', 'content-length': '255', 'connection': 'close', 'date': 'Sun, 20 Dec 2015 20:04:07 GMT', 'content-type': 'application/json; charset=UTF-8', 'x-openstack-request-id': 'req-e545d8e0-ea7d-4c6b-a847-1804139150e3'}
        Body: {"subnet_id": "92ce4f5b-e089-4430-bb0f-d27c506785fa", "tenant_id": "1a9b3e18f706444fb0ca217f409274d2", "subnet_ids": ["92ce4f5b-e089-4430-bb0f-d27c506785fa"], "port_id": "687967a6-3868-425c-9509-eede79db0dc4", "id": "69cea97f-d5e5-49b3-8b31-39426c0d8934"}
2015-12-20 20:04:08,087 21676 INFO     [tempest_lib.common.rest_client] Request (TestNetworkAdvancedServerOps:_run_cleanups): 204 DELETE http://10.0.2.15:9696/v2.0/subnets/92ce4f5b-e089-4430-bb0f-d27c506785fa 0.430s
2015-12-20 20:04:08,087 21676 DEBUG    [tempest_lib.common.rest_client] Request - Headers: {'Content-Type': 'application/json', 'Accept': 'application/json', 'X-Auth-Token': '&lt;omitted&gt;'}
        Body: None
    Response - Headers: {'date': 'Sun, 20 Dec 2015 20:04:08 GMT', 'status': '204', 'connection': 'close', 'content-length': '0', 'x-openstack-request-id': 'req-b1dfb0c3-8b94-4076-a9f0-c5a537afdca0'}
        Body: 
2015-12-20 20:04:08,148 21676 INFO     [tempest_lib.common.rest_client] Request (TestNetworkAdvancedServerOps:_run_cleanups): 200 GET http://10.0.2.15:9696/v2.0/routers/69cea97f-d5e5-49b3-8b31-39426c0d8934 0.059s
2015-12-20 20:04:08,148 21676 DEBUG    [tempest_lib.common.rest_client] Request - Headers: {'Content-Type': 'application/json', 'Accept': 'application/json', 'X-Auth-Token': '&lt;omitted&gt;'}
        Body: None
    Response - Headers: {'status': '200', 'content-length': '562', 'content-location': 'http://10.0.2.15:9696/v2.0/routers/69cea97f-d5e5-49b3-8b31-39426c0d8934', 'connection': 'close', 'date': 'Sun, 20 Dec 2015 20:04:08 GMT', 'content-type': 'application/json; charset=UTF-8', 'x-openstack-request-id': 'req-b84d2e56-79a5-41e7-b390-b10ee390c057'}
        Body: {"router": {"status": "ACTIVE", "external_gateway_info": {"network_id": "e3af8e4e-0a2f-4359-b9b9-1fe1cce48c40", "enable_snat": true, "external_fixed_ips": [{"subnet_id": "6308e561-b541-47f9-820b-34b8c0841ace", "ip_address": "172.24.4.3"}, {"subnet_id": "b0c32081-6c98-48da-9411-7e0e7d29f5ea", "ip_address": "2001:db8::3"}]}, "availability_zone_hints": [], "availability_zones": ["nova"], "name": "tempest-router-smoke-77281401", "admin_state_up": true, "tenant_id": "1a9b3e18f706444fb0ca217f409274d2", "routes": [], "id": "69cea97f-d5e5-49b3-8b31-39426c0d8934"}}
2015-12-20 20:04:08,614 21676 INFO     [tempest_lib.common.rest_client] Request (TestNetworkAdvancedServerOps:_run_cleanups): 200 PUT http://10.0.2.15:9696/v2.0/routers/69cea97f-d5e5-49b3-8b31-39426c0d8934 0.465s
2015-12-20 20:04:08,614 21676 DEBUG    [tempest_lib.common.rest_client] Request - Headers: {'Content-Type': 'application/json', 'Accept': 'application/json', 'X-Auth-Token': '&lt;omitted&gt;'}
        Body: {"router": {"external_gateway_info": {}, "name": "tempest-router-smoke-77281401", "admin_state_up": true}}
    Response - Headers: {'status': '200', 'content-length': '300', 'connection': 'close', 'date': 'Sun, 20 Dec 2015 20:04:08 GMT', 'content-type': 'application/json; charset=UTF-8', 'x-openstack-request-id': 'req-c27e7eda-fb5a-482b-8ba6-74db65834716'}
        Body: {"router": {"status": "ACTIVE", "external_gateway_info": null, "availability_zone_hints": [], "availability_zones": ["nova"], "name": "tempest-router-smoke-77281401", "admin_state_up": true, "tenant_id": "1a9b3e18f706444fb0ca217f409274d2", "routes": [], "id": "69cea97f-d5e5-49b3-8b31-39426c0d8934"}}
2015-12-20 20:04:08,936 21676 INFO     [tempest_lib.common.rest_client] Request (TestNetworkAdvancedServerOps:_run_cleanups): 204 DELETE http://10.0.2.15:9696/v2.0/routers/69cea97f-d5e5-49b3-8b31-39426c0d8934 0.321s
2015-12-20 20:04:08,936 21676 DEBUG    [tempest_lib.common.rest_client] Request - Headers: {'Content-Type': 'application/json', 'Accept': 'application/json', 'X-Auth-Token': '&lt;omitted&gt;'}
        Body: None
    Response - Headers: {'date': 'Sun, 20 Dec 2015 20:04:08 GMT', 'status': '204', 'connection': 'close', 'content-length': '0', 'x-openstack-request-id': 'req-4780c896-a2d8-4fa2-b1ef-1dae811be726'}
        Body: 
2015-12-20 20:04:09,153 21676 INFO     [tempest_lib.common.rest_client] Request (TestNetworkAdvancedServerOps:_run_cleanups): 204 DELETE http://10.0.2.15:9696/v2.0/networks/91a0e9c7-f89e-487c-aa64-511db235d00f 0.216s
2015-12-20 20:04:09,154 21676 DEBUG    [tempest_lib.common.rest_client] Request - Headers: {'Content-Type': 'application/json', 'Accept': 'application/json', 'X-Auth-Token': '&lt;omitted&gt;'}
        Body: None
    Response - Headers: {'date': 'Sun, 20 Dec 2015 20:04:09 GMT', 'status': '204', 'connection': 'close', 'content-length': '0', 'x-openstack-request-id': 'req-dbf38128-6149-49d8-9409-e1b98cd6140d'}
        Body: 
2015-12-20 20:04:09,218 21676 INFO     [tempest_lib.common.rest_client] Request (TestNetworkAdvancedServerOps:_run_cleanups): 204 DELETE http://10.0.2.15:9696/v2.0/security-group-rules/ee8547de-a0bf-4a64-b1c0-263bf4e7d346 0.064s
2015-12-20 20:04:09,220 21676 DEBUG    [tempest_lib.common.rest_client] Request - Headers: {'Content-Type': 'application/json', 'Accept': 'application/json', 'X-Auth-Token': '&lt;omitted&gt;'}
        Body: None
    Response - Headers: {'date': 'Sun, 20 Dec 2015 20:04:09 GMT', 'status': '204', 'connection': 'close', 'content-length': '0', 'x-openstack-request-id': 'req-9c3fae15-5a71-4349-864f-2f29c2795521'}
        Body: 
2015-12-20 20:04:09,283 21676 INFO     [tempest_lib.common.rest_client] Request (TestNetworkAdvancedServerOps:_run_cleanups): 204 DELETE http://10.0.2.15:9696/v2.0/security-group-rules/7e1f41f8-72d5-4bdc-bfc0-06d5c02ee70f 0.062s
2015-12-20 20:04:09,284 21676 DEBUG    [tempest_lib.common.rest_client] Request - Headers: {'Content-Type': 'application/json', 'Accept': 'application/json', 'X-Auth-Token': '&lt;omitted&gt;'}
        Body: None
    Response - Headers: {'date': 'Sun, 20 Dec 2015 20:04:09 GMT', 'status': '204', 'connection': 'close', 'content-length': '0', 'x-openstack-request-id': 'req-7e581ad9-5c21-4d86-84e7-8e63eb5d4647'}
        Body: 
2015-12-20 20:04:09,335 21676 INFO     [tempest_lib.common.rest_client] Request (TestNetworkAdvancedServerOps:_run_cleanups): 204 DELETE http://10.0.2.15:9696/v2.0/security-group-rules/a718b6db-0c8c-4521-9f5d-5b3899cdcead 0.050s
2015-12-20 20:04:09,335 21676 DEBUG    [tempest_lib.common.rest_client] Request - Headers: {'Content-Type': 'application/json', 'Accept': 'application/json', 'X-Auth-Token': '&lt;omitted&gt;'}
        Body: None
    Response - Headers: {'date': 'Sun, 20 Dec 2015 20:04:09 GMT', 'status': '204', 'connection': 'close', 'content-length': '0', 'x-openstack-request-id': 'req-37b78cd3-5aff-40a6-a085-b97542febf0c'}
        Body: 
2015-12-20 20:04:09,394 21676 INFO     [tempest_lib.common.rest_client] Request (TestNetworkAdvancedServerOps:_run_cleanups): 204 DELETE http://10.0.2.15:9696/v2.0/security-group-rules/817dcf97-b7db-4aac-851c-4e1989ebfcd2 0.058s
2015-12-20 20:04:09,394 21676 DEBUG    [tempest_lib.common.rest_client] Request - Headers: {'Content-Type': 'application/json', 'Accept': 'application/json', 'X-Auth-Token': '&lt;omitted&gt;'}
        Body: None
    Response - Headers: {'date': 'Sun, 20 Dec 2015 20:04:09 GMT', 'status': '204', 'connection': 'close', 'content-length': '0', 'x-openstack-request-id': 'req-1fa1034a-1bff-4c1b-b41d-79bd1592ee3b'}
        Body: 
2015-12-20 20:04:09,451 21676 INFO     [tempest_lib.common.rest_client] Request (TestNetworkAdvancedServerOps:_run_cleanups): 204 DELETE http://10.0.2.15:9696/v2.0/security-group-rules/52231efb-ba25-45f6-bd6d-0e89a0b2ccc7 0.056s
2015-12-20 20:04:09,451 21676 DEBUG    [tempest_lib.common.rest_client] Request - Headers: {'Content-Type': 'application/json', 'Accept': 'application/json', 'X-Auth-Token': '&lt;omitted&gt;'}
        Body: None
    Response - Headers: {'date': 'Sun, 20 Dec 2015 20:04:09 GMT', 'status': '204', 'connection': 'close', 'content-length': '0', 'x-openstack-request-id': 'req-e85519d3-e271-406b-8581-f7958f58ea45'}
        Body: 
2015-12-20 20:04:09,515 21676 INFO     [tempest_lib.common.rest_client] Request (TestNetworkAdvancedServerOps:_run_cleanups): 204 DELETE http://10.0.2.15:9696/v2.0/security-group-rules/0861888c-8ab7-482e-8418-8c30a2cf3e29 0.063s
