<?xml version="1.0" encoding="UTF-8"?>
<!DOCTYPE html PUBLIC "-//W3C//DTD XHTML 1.0 Strict//EN"
     "http://www.w3.org/TR/xhtml1/DTD/xhtml1-strict.dtd">
<html xmlns="http://www.w3.org/1999/xhtml">
<head>
    <title>Unit Test Report</title>
    <meta name="generator" content="subunit2html 0.1"/>
    <meta http-equiv="Content-Type" content="text/html; charset=UTF-8"/>
    
<style type="text/css" media="screen">
body        { font-family: verdana, arial, helvetica, sans-serif;
    font-size: 80%; }
table       { font-size: 100%; width: 100%;}
pre         { font-size: 80%; }

/* -- heading -------------------------------------------------------------- */
h1 {
        font-size: 16pt;
        color: gray;
}
.heading {
    margin-top: 0ex;
    margin-bottom: 1ex;
}

.heading .attribute {
    margin-top: 1ex;
    margin-bottom: 0;
}

.heading .description {
    margin-top: 4ex;
    margin-bottom: 6ex;
}

/* -- css div popup -------------------------------------------------------- */
a.popup_link {
}

a.popup_link:hover {
    color: red;
}

.popup_window {
    display: none;
    overflow-x: scroll;
    /*border: solid #627173 1px; */
    padding: 10px;
    background-color: #E6E6D6;
    font-family: "Ubuntu Mono", "Lucida Console", "Courier New", monospace;
    text-align: left;
    font-size: 8pt;
}

}
/* -- report --------------------------------------------------------------- */
#show_detail_line {
    margin-top: 3ex;
    margin-bottom: 1ex;
}
#result_table {
    width: 100%;
    border-collapse: collapse;
    border: 1px solid #777;
}
#header_row {
    font-weight: bold;
    color: white;
    background-color: #777;
}
#result_table td {
    border: 1px solid #777;
    padding: 2px;
}
#total_row  { font-weight: bold; }
.passClass  { background-color: #6c6; }
.failClass  { background-color: #c60; }
.errorClass { background-color: #c00; }
.passCase   { color: #6c6; }
.failCase   { color: #c60; font-weight: bold; }
.errorCase  { color: #c00; font-weight: bold; }
.hiddenRow  { display: none; }
.testcase   { margin-left: 2em; }
td.testname {width: 40%}
td.small {width: 40px}

/* -- ending --------------------------------------------------------------- */
#ending {
}

</style>

</head>
<body>
<script language="javascript" type="text/javascript"><!--
output_list = Array();

/* level - 0:Summary; 1:Failed; 2:All */
function showCase(level) {
    trs = document.getElementsByTagName("tr");
    for (var i = 0; i < trs.length; i++) {
        tr = trs[i];
        id = tr.id;
        if (id.substr(0,2) == 'ft') {
            if (level < 1) {
                tr.className = 'hiddenRow';
            }
            else {
                tr.className = '';
            }
        }
        if (id.substr(0,2) == 'pt') {
            if (level > 1) {
                tr.className = '';
            }
            else {
                tr.className = 'hiddenRow';
            }
        }
    }
}


function showClassDetail(cid, count) {
    var id_list = Array(count);
    var toHide = 1;
    for (var i = 0; i < count; i++) {
        tid0 = 't' + cid.substr(1) + '.' + (i+1);
        tid = 'f' + tid0;
        tr = document.getElementById(tid);
        if (!tr) {
            tid = 'p' + tid0;
            tr = document.getElementById(tid);
        }
        id_list[i] = tid;
        if (tr.className) {
            toHide = 0;
        }
    }
    for (var i = 0; i < count; i++) {
        tid = id_list[i];
        if (toHide) {
            document.getElementById('div_'+tid).style.display = 'none'
            document.getElementById(tid).className = 'hiddenRow';
        }
        else {
            document.getElementById(tid).className = '';
        }
    }
}


function showTestDetail(div_id){
    var details_div = document.getElementById(div_id)
    var displayState = details_div.style.display
    // alert(displayState)
    if (displayState != 'block' ) {
        displayState = 'block'
        details_div.style.display = 'block'
    }
    else {
        details_div.style.display = 'none'
    }
}


function html_escape(s) {
    s = s.replace(/&/g,'&amp;');
    s = s.replace(/</g,'&lt;');
    s = s.replace(/>/g,'&gt;');
    return s;
}

/* obsoleted by detail in <div>
function showOutput(id, name) {
    var w = window.open("", //url
                    name,
                    "resizable,scrollbars,status,width=800,height=450");
    d = w.document;
    d.write("<pre>");
    d.write(html_escape(output_list[id]));
    d.write("\n");
    d.write("<a href='javascript:window.close()'>close</a>\n");
    d.write("</pre>\n");
    d.close();
}
*/
--></script>

<div class='heading'>
<h1>Unit Test Report</h1>

<p class='attribute'><strong>Status:</strong> Failure 6</p>

<p class='description'></p>
</div>



<p id='show_detail_line'>Show
<a href='javascript:showCase(0)'>Summary</a>
<a href='javascript:showCase(1)'>Failed</a>
<a href='javascript:showCase(2)'>All</a>
</p>
<table id='result_table'>
<colgroup>
<col align='left' />
<col align='right' />
<col align='right' />
<col align='right' />
<col align='right' />
<col align='right' />
<col align='right' />
<col align='right' />
</colgroup>
<tr id='header_row'>
    <td>Test Group/Test case</td>
    <td>Count</td>
    <td>Pass</td>
    <td>Fail</td>
    <td>Error</td>
    <td>Skip</td>
    <td>View</td>
    <td> </td>
</tr>

<tr class='failClass'>
    <td class="testname">tempest.scenario.test_network_advanced_server_ops.TestNetworkAdvancedServerOps</td>
    <td class="small">6</td>
    <td class="small">0</td>
    <td class="small">6</td>
    <td class="small">0</td>
    <td class="small">0</td>
    <td class="small"><a href="javascript:showClassDetail('c1',6)"
>Detail</a></td>
    <td> </td>
</tr>

<tr id='ft1.1' class='none'>
    <td class='failCase'><div class='testcase'>test_server_connectivity_pause_unpause[compute,id-2b2642db-6568-4b35-b812-eceed3fa20ce,network]</div></td>
    <td colspan='7' align='left'>

    <!--css div popup start-->
    <a class="popup_link" onfocus='this.blur();'
    href="javascript:showTestDetail('div_ft1.1')" >
        fail</a>

    <div id='div_ft1.1' class="popup_window">
        <div style='text-align: right; color:red;cursor:pointer'>
        <a onfocus='this.blur();'
onclick="document.getElementById('div_ft1.1').style.display = 'none' " >
           [x]</a>
        </div>
        <pre>
        
ft1.1: tempest.scenario.test_network_advanced_server_ops.TestNetworkAdvancedServerOps.test_server_connectivity_pause_unpause[compute,id-2b2642db-6568-4b35-b812-eceed3fa20ce,network]_StringException: Empty attachments:
  stderr
  stdout

pythonlogging:'': {{{
2015-12-03 23:23:12,543 20436 INFO     [tempest_lib.common.rest_client] Request (TestNetworkAdvancedServerOps:test_server_connectivity_pause_unpause): 200 POST http://10.0.2.15:8774/v2.1/c20a48a3eb4e4a35a0f64fe6e9ddbfb6/os-keypairs 0.337s
2015-12-03 23:23:12,544 20436 DEBUG    [tempest_lib.common.rest_client] Request - Headers: {'Content-Type': 'application/json', 'Accept': 'application/json', 'X-Auth-Token': '&lt;omitted&gt;'}
        Body: {"keypair": {"name": "tempest-TestNetworkAdvancedServerOps-696338217"}}
    Response - Headers: {'status': '200', 'content-length': '2333', 'x-compute-request-id': 'req-85a19618-f882-47a4-8bdc-63732734066a', 'vary': 'X-OpenStack-Nova-API-Version', 'connection': 'close', 'x-openstack-nova-api-version': '2.1', 'date': 'Thu, 03 Dec 2015 23:23:12 GMT', 'content-type': 'application/json'}
        Body: {"keypair": {"public_key": "ssh-rsa AAAAB3NzaC1yc2EAAAADAQABAAABAQDPfcKTeyuqqKuJgT7D3/L5Q16ujiwI+yiX9N47IYf7ROghpQBtNsuNu+X+IndzypE8MgfxoFMQSffPyRLGNtnjZDf53BYuCgHomLo5nsBnz2TVR+vd7LIgbWqrP6quKFv1ITvYBwWZscXpnAXClXm7suOMKTmtQfvxVLK3NY7JRBhc9YKExhOq30zTrsc/du9M721WPce/YMA6dV487rxHpyiSk7qao0wlSDkgkspyOaHH3f/XncBL+KQeCopvnf5triJ8BXNZrTmsFEiytE4ncAHxKag1OPzrku2VrAwCf83yBncbHoHb8yJ0761YCFsxC/7KVx1YNRPKx5Xpe+Dv Generated-by-Nova", "private_key": "-----BEGIN RSA PRIVATE KEY-----\nMIIEqgIBAAKCAQEAz33Ck3srqqiriYE+w9/y+UNero4sCPsol/TeOyGH+0ToIaUA\nbTbLjbvl/iJ3c8qRPDIH8aBTEEn3z8kSxjbZ42Q3+dwWLgoB6Ji6OZ7AZ89k1Ufr\n3eyyIG1qqz+qrihb9SE72AcFmbHF6ZwFwpV5u7LjjCk5rUH78VSytzWOyUQYXPWC\nhMYTqt9M067HP3bvTO9tVj3Hv2DAOnVePO68R6cokpO6mqNMJUg5IJLKcjmhx93/\n153AS/ikHgqKb53+ba4ifAVzWa05rBRIsrROJ3AB8SmoNTj865LtlawMAn/N8gZ3\nGx6B2/MidO+tWAhbMQv+ylcdWDUTyseV6Xvg7wIDAQABAoIBAQCvdE6m246vPvXe\nzrW+eI9DjF5yCLLf3VIUPPH22oHcTgZk/NwBfkZeUbdIUOjltzNczYm+Hq5epc2x\nnPwNNLDHAiX7WMpAoCHBB/ThaIaWwd8oIysmfFKb7So4KRwxLNulyzaJlFZ+Ar+y\nrUaJplBMEhcsnGezRIrBJbgCCH33XeD0YyQxLSzS2PFMdtZoHNhIuSaRO2D75rJt\nZsYaKG1cIWG1ATT/UM4wgJsHRImbMaPXLHkGpkH5SPVs5H+/vhHT4LbtCUqNWb1X\nLbn/pzcq+Dd5wgp5kdstBFMDKP6wn15hDnwls6fUW376sJ45EJKoPfzAxT54Y0ha\nLzDiByDhAoIAgQDXSg2qRWuVjnrpEcARcvuUNPBwMmOHuDIZxt/HnmVU8BtFDv14\ns624eSYGuGRII5R6ZpMMWxQg/cnhMNtW+9DimWCumz59TwFDJLrxjhV4avQDjaMg\nDCu1TsPtBao/l5NBxqmFM46epPwPU4putHEzc4IuNU0YjpfvWG0Yrrf4SQKCAIEA\n9ro2RVaxnX7JiUUmzfj2FU4l0Fkkgt2LSXF7R0DHNselxH9QeefksMJzdtcDYxvY\nEuAO1TSbZR7+061hjMXOadL6mD5PgRyML/QMdVHw1dsDLyIZGKh9y+sen2itVl/T\n7jg4NwBQXPunmILgcNzutp2m6aJvfiav+h3bWRvxv3cCggCAaZ9qTuRaIPjTMm/D\n9IueBBto7xK5pAdphR3+Ajii7GYUavAsyUAV9dByKI/km0Phf5+9ey1gFcONfQ70\nPZuz4shvF5sQsHfHXcKyePpFbFvEtc2Sf5GZDA3FsA68dRCPbZDi8HfX+9tj0r0g\nyKl8dEqyTqtV1Lt4rTOL6rUliwkCggCBALju/KzefYWCukdlCOAMg0+W4usXVjGt\nI7EqGXBgErJx1UPC9ixZ7+W56tgh9Az+mugS/6s5olyabgF2DQ96WOyjUmh5FBi/\nsChlck0h3TY+0lUq5sq/yILnum1cBckfTPhbNW+skZAQpR/AwcB3KYrCApFOyukw\n0GjWpkpVks+jAoIAgQCUnkmgGcz0RgOtwzbtdwWztTbYVjnKwOczIiSL1IseCuMv\nRzmyzF3cCqTOsJQNZbvqaHZQcj9LnqDgEAI1Vv9dbjSrjjOEihbYDRnlHbTXmB/1\nytk/zvkNdOSWHv/3Lg/Z/iIhyXsUU/UsVNl+GAcgOyoSRRruVfZIe20WVAqaHQ==\n-----END RSA PRIVATE KEY-----\n", "user_id": "397dcb3743d04b11bcfd074c36f7f0e3", "name": "tempest-TestNetworkAdvancedServerOps-696338217", "fingerprint": "80:70:e6:31:d0:39:2d:81:d2:90:f7:ac:50:73:15:66"}}
2015-12-03 23:23:12,905 20436 INFO     [tempest_lib.common.rest_client] Request (TestNetworkAdvancedServerOps:test_server_connectivity_pause_unpause): 201 POST http://10.0.2.15:9696/v2.0/security-groups 0.355s
2015-12-03 23:23:12,906 20436 DEBUG    [tempest_lib.common.rest_client] Request - Headers: {'Content-Type': 'application/json', 'Accept': 'application/json', 'X-Auth-Token': '&lt;omitted&gt;'}
        Body: {"security_group": {"tenant_id": "c20a48a3eb4e4a35a0f64fe6e9ddbfb6", "description": "tempest-secgroup-smoke-1747629121 description", "name": "tempest-secgroup-smoke-1747629121"}}
    Response - Headers: {'status': '201', 'content-length': '888', 'connection': 'close', 'date': 'Thu, 03 Dec 2015 23:23:12 GMT', 'content-type': 'application/json; charset=UTF-8', 'x-openstack-request-id': 'req-151c72a0-27bd-49ea-a708-352efa374618'}
        Body: {"security_group": {"tenant_id": "c20a48a3eb4e4a35a0f64fe6e9ddbfb6", "description": "tempest-secgroup-smoke-1747629121 description", "id": "b27c80ac-8540-4a71-b02b-cbef6fcd77e4", "security_group_rules": [{"remote_group_id": null, "direction": "egress", "remote_ip_prefix": null, "protocol": null, "ethertype": "IPv4", "tenant_id": "c20a48a3eb4e4a35a0f64fe6e9ddbfb6", "port_range_max": null, "port_range_min": null, "id": "ac0ccdd4-dd0a-48bd-a005-9ada363fdd3d", "security_group_id": "b27c80ac-8540-4a71-b02b-cbef6fcd77e4"}, {"remote_group_id": null, "direction": "egress", "remote_ip_prefix": null, "protocol": null, "ethertype": "IPv6", "tenant_id": "c20a48a3eb4e4a35a0f64fe6e9ddbfb6", "port_range_max": null, "port_range_min": null, "id": "c32c1d02-499e-48ae-8049-947992d7c106", "security_group_id": "b27c80ac-8540-4a71-b02b-cbef6fcd77e4"}], "name": "tempest-secgroup-smoke-1747629121"}}
2015-12-03 23:23:13,024 20436 INFO     [tempest_lib.common.rest_client] Request (TestNetworkAdvancedServerOps:test_server_connectivity_pause_unpause): 201 POST http://10.0.2.15:9696/v2.0/security-group-rules 0.116s
2015-12-03 23:23:13,024 20436 DEBUG    [tempest_lib.common.rest_client] Request - Headers: {'Content-Type': 'application/json', 'Accept': 'application/json', 'X-Auth-Token': '&lt;omitted&gt;'}
        Body: {"security_group_rule": {"direction": "ingress", "protocol": "tcp", "tenant_id": "c20a48a3eb4e4a35a0f64fe6e9ddbfb6", "port_range_max": 22, "security_group_id": "b27c80ac-8540-4a71-b02b-cbef6fcd77e4", "port_range_min": 22}}
    Response - Headers: {'status': '201', 'content-length': '340', 'connection': 'close', 'date': 'Thu, 03 Dec 2015 23:23:13 GMT', 'content-type': 'application/json; charset=UTF-8', 'x-openstack-request-id': 'req-93b273d3-74a9-4d64-99b6-25081668f85f'}
        Body: {"security_group_rule": {"remote_group_id": null, "direction": "ingress", "remote_ip_prefix": null, "protocol": "tcp", "ethertype": "IPv4", "tenant_id": "c20a48a3eb4e4a35a0f64fe6e9ddbfb6", "port_range_max": 22, "port_range_min": 22, "id": "859bbbeb-54d4-4b4a-b3c6-8f4e7f5c93db", "security_group_id": "b27c80ac-8540-4a71-b02b-cbef6fcd77e4"}}
2015-12-03 23:23:13,153 20436 INFO     [tempest_lib.common.rest_client] Request (TestNetworkAdvancedServerOps:test_server_connectivity_pause_unpause): 201 POST http://10.0.2.15:9696/v2.0/security-group-rules 0.127s
2015-12-03 23:23:13,154 20436 DEBUG    [tempest_lib.common.rest_client] Request - Headers: {'Content-Type': 'application/json', 'Accept': 'application/json', 'X-Auth-Token': '&lt;omitted&gt;'}
        Body: {"security_group_rule": {"direction": "egress", "protocol": "tcp", "tenant_id": "c20a48a3eb4e4a35a0f64fe6e9ddbfb6", "port_range_max": 22, "security_group_id": "b27c80ac-8540-4a71-b02b-cbef6fcd77e4", "port_range_min": 22}}
    Response - Headers: {'status': '201', 'content-length': '339', 'connection': 'close', 'date': 'Thu, 03 Dec 2015 23:23:13 GMT', 'content-type': 'application/json; charset=UTF-8', 'x-openstack-request-id': 'req-2a496254-f6d6-4f90-a9f4-117585016330'}
        Body: {"security_group_rule": {"remote_group_id": null, "direction": "egress", "remote_ip_prefix": null, "protocol": "tcp", "ethertype": "IPv4", "tenant_id": "c20a48a3eb4e4a35a0f64fe6e9ddbfb6", "port_range_max": 22, "port_range_min": 22, "id": "c2d4d72f-3ebc-474c-8091-c2564c5c1a8f", "security_group_id": "b27c80ac-8540-4a71-b02b-cbef6fcd77e4"}}
2015-12-03 23:23:13,269 20436 INFO     [tempest_lib.common.rest_client] Request (TestNetworkAdvancedServerOps:test_server_connectivity_pause_unpause): 201 POST http://10.0.2.15:9696/v2.0/security-group-rules 0.113s
2015-12-03 23:23:13,269 20436 DEBUG    [tempest_lib.common.rest_client] Request - Headers: {'Content-Type': 'application/json', 'Accept': 'application/json', 'X-Auth-Token': '&lt;omitted&gt;'}
        Body: {"security_group_rule": {"tenant_id": "c20a48a3eb4e4a35a0f64fe6e9ddbfb6", "direction": "ingress", "protocol": "icmp", "security_group_id": "b27c80ac-8540-4a71-b02b-cbef6fcd77e4"}}
    Response - Headers: {'status': '201', 'content-length': '345', 'connection': 'close', 'date': 'Thu, 03 Dec 2015 23:23:13 GMT', 'content-type': 'application/json; charset=UTF-8', 'x-openstack-request-id': 'req-ac8f8e86-e21e-4674-a036-612d2402085e'}
        Body: {"security_group_rule": {"remote_group_id": null, "direction": "ingress", "remote_ip_prefix": null, "protocol": "icmp", "ethertype": "IPv4", "tenant_id": "c20a48a3eb4e4a35a0f64fe6e9ddbfb6", "port_range_max": null, "port_range_min": null, "id": "5c169c34-12e6-47b5-ac18-a1a78f95b800", "security_group_id": "b27c80ac-8540-4a71-b02b-cbef6fcd77e4"}}
2015-12-03 23:23:13,394 20436 INFO     [tempest_lib.common.rest_client] Request (TestNetworkAdvancedServerOps:test_server_connectivity_pause_unpause): 201 POST http://10.0.2.15:9696/v2.0/security-group-rules 0.123s
2015-12-03 23:23:13,395 20436 DEBUG    [tempest_lib.common.rest_client] Request - Headers: {'Content-Type': 'application/json', 'Accept': 'application/json', 'X-Auth-Token': '&lt;omitted&gt;'}
        Body: {"security_group_rule": {"tenant_id": "c20a48a3eb4e4a35a0f64fe6e9ddbfb6", "direction": "egress", "protocol": "icmp", "security_group_id": "b27c80ac-8540-4a71-b02b-cbef6fcd77e4"}}
    Response - Headers: {'status': '201', 'content-length': '344', 'connection': 'close', 'date': 'Thu, 03 Dec 2015 23:23:13 GMT', 'content-type': 'application/json; charset=UTF-8', 'x-openstack-request-id': 'req-0834d8b5-3c8b-41d5-8c88-ffffd8bd70f1'}
        Body: {"security_group_rule": {"remote_group_id": null, "direction": "egress", "remote_ip_prefix": null, "protocol": "icmp", "ethertype": "IPv4", "tenant_id": "c20a48a3eb4e4a35a0f64fe6e9ddbfb6", "port_range_max": null, "port_range_min": null, "id": "81c9b251-4479-43ff-9458-2613e0dd2d97", "security_group_id": "b27c80ac-8540-4a71-b02b-cbef6fcd77e4"}}
2015-12-03 23:23:13,633 20436 INFO     [tempest_lib.common.rest_client] Request (TestNetworkAdvancedServerOps:test_server_connectivity_pause_unpause): 201 POST http://10.0.2.15:9696/v2.0/security-group-rules 0.236s
2015-12-03 23:23:13,633 20436 DEBUG    [tempest_lib.common.rest_client] Request - Headers: {'Content-Type': 'application/json', 'Accept': 'application/json', 'X-Auth-Token': '&lt;omitted&gt;'}
        Body: {"security_group_rule": {"tenant_id": "c20a48a3eb4e4a35a0f64fe6e9ddbfb6", "direction": "ingress", "security_group_id": "b27c80ac-8540-4a71-b02b-cbef6fcd77e4", "protocol": "icmp", "ethertype": "IPv6"}}
    Response - Headers: {'status': '201', 'content-length': '345', 'connection': 'close', 'date': 'Thu, 03 Dec 2015 23:23:13 GMT', 'content-type': 'application/json; charset=UTF-8', 'x-openstack-request-id': 'req-8a6135bf-4f01-4b9b-85e2-301b93a4dc26'}
        Body: {"security_group_rule": {"remote_group_id": null, "direction": "ingress", "remote_ip_prefix": null, "protocol": "icmp", "ethertype": "IPv6", "tenant_id": "c20a48a3eb4e4a35a0f64fe6e9ddbfb6", "port_range_max": null, "port_range_min": null, "id": "c9d71a84-b5ab-499b-a247-b19320c3b26f", "security_group_id": "b27c80ac-8540-4a71-b02b-cbef6fcd77e4"}}
2015-12-03 23:23:13,759 20436 INFO     [tempest_lib.common.rest_client] Request (TestNetworkAdvancedServerOps:test_server_connectivity_pause_unpause): 201 POST http://10.0.2.15:9696/v2.0/security-group-rules 0.124s
2015-12-03 23:23:13,759 20436 DEBUG    [tempest_lib.common.rest_client] Request - Headers: {'Content-Type': 'application/json', 'Accept': 'application/json', 'X-Auth-Token': '&lt;omitted&gt;'}
        Body: {"security_group_rule": {"tenant_id": "c20a48a3eb4e4a35a0f64fe6e9ddbfb6", "direction": "egress", "security_group_id": "b27c80ac-8540-4a71-b02b-cbef6fcd77e4", "protocol": "icmp", "ethertype": "IPv6"}}
    Response - Headers: {'status': '201', 'content-length': '344', 'connection': 'close', 'date': 'Thu, 03 Dec 2015 23:23:13 GMT', 'content-type': 'application/json; charset=UTF-8', 'x-openstack-request-id': 'req-8eb9b514-fe5b-4826-9a2d-74dea7fba1a9'}
        Body: {"security_group_rule": {"remote_group_id": null, "direction": "egress", "remote_ip_prefix": null, "protocol": "icmp", "ethertype": "IPv6", "tenant_id": "c20a48a3eb4e4a35a0f64fe6e9ddbfb6", "port_range_max": null, "port_range_min": null, "id": "b8430916-6133-413a-a5a4-5935575057b5", "security_group_id": "b27c80ac-8540-4a71-b02b-cbef6fcd77e4"}}
2015-12-03 23:23:13,956 20436 INFO     [tempest_lib.common.rest_client] Request (TestNetworkAdvancedServerOps:test_server_connectivity_pause_unpause): 201 POST http://10.0.2.15:9696/v2.0/networks 0.195s
2015-12-03 23:23:13,957 20436 DEBUG    [tempest_lib.common.rest_client] Request - Headers: {'Content-Type': 'application/json', 'Accept': 'application/json', 'X-Auth-Token': '&lt;omitted&gt;'}
        Body: {"network": {"tenant_id": "c20a48a3eb4e4a35a0f64fe6e9ddbfb6", "name": "tempest-network-smoke--307138577"}}
    Response - Headers: {'status': '201', 'content-length': '328', 'connection': 'close', 'date': 'Thu, 03 Dec 2015 23:23:13 GMT', 'content-type': 'application/json; charset=UTF-8', 'x-openstack-request-id': 'req-88a22c1a-668e-4b6b-a0f1-9a0df04d575a'}
        Body: {"network": {"status": "ACTIVE", "subnets": [], "availability_zone_hints": "[]", "name": "tempest-network-smoke--307138577", "admin_state_up": true, "tenant_id": "c20a48a3eb4e4a35a0f64fe6e9ddbfb6", "mtu": 0, "router:external": false, "shared": false, "port_security_enabled": true, "id": "a3c7b47b-f247-4be4-912e-a24d58e395f8"}}
2015-12-03 23:23:14,053 20436 INFO     [tempest_lib.common.rest_client] Request (TestNetworkAdvancedServerOps:test_server_connectivity_pause_unpause): 201 POST http://10.0.2.15:9696/v2.0/routers 0.094s
2015-12-03 23:23:14,054 20436 DEBUG    [tempest_lib.common.rest_client] Request - Headers: {'Content-Type': 'application/json', 'Accept': 'application/json', 'X-Auth-Token': '&lt;omitted&gt;'}
        Body: {"router": {"tenant_id": "c20a48a3eb4e4a35a0f64fe6e9ddbfb6", "name": "tempest-router-smoke-122194157", "admin_state_up": true}}
    Response - Headers: {'status': '201', 'content-length': '238', 'connection': 'close', 'date': 'Thu, 03 Dec 2015 23:23:14 GMT', 'content-type': 'application/json; charset=UTF-8', 'x-openstack-request-id': 'req-29b5cc93-7c88-4b9e-b581-6d03b2fba214'}
        Body: {"router": {"status": "ACTIVE", "external_gateway_info": null, "name": "tempest-router-smoke-122194157", "admin_state_up": true, "tenant_id": "c20a48a3eb4e4a35a0f64fe6e9ddbfb6", "routes": [], "id": "ba786887-0e39-49f1-8213-809ddde09b89"}}
2015-12-03 23:23:14,099 20436 INFO     [tempest_lib.common.rest_client] Request (TestNetworkAdvancedServerOps:test_server_connectivity_pause_unpause): 200 GET http://10.0.2.15:9696/v2.0/routers/ba786887-0e39-49f1-8213-809ddde09b89 0.044s
2015-12-03 23:23:14,100 20436 DEBUG    [tempest_lib.common.rest_client] Request - Headers: {'Content-Type': 'application/json', 'Accept': 'application/json', 'X-Auth-Token': '&lt;omitted&gt;'}
        Body: None
    Response - Headers: {'status': '200', 'content-length': '238', 'content-location': 'http://10.0.2.15:9696/v2.0/routers/ba786887-0e39-49f1-8213-809ddde09b89', 'connection': 'close', 'date': 'Thu, 03 Dec 2015 23:23:14 GMT', 'content-type': 'application/json; charset=UTF-8', 'x-openstack-request-id': 'req-4be2f319-94cf-4214-9de7-af1e8c8b1325'}
        Body: {"router": {"status": "ACTIVE", "external_gateway_info": null, "name": "tempest-router-smoke-122194157", "admin_state_up": true, "tenant_id": "c20a48a3eb4e4a35a0f64fe6e9ddbfb6", "routes": [], "id": "ba786887-0e39-49f1-8213-809ddde09b89"}}
2015-12-03 23:23:14,802 20436 INFO     [tempest_lib.common.rest_client] Request (TestNetworkAdvancedServerOps:test_server_connectivity_pause_unpause): 200 PUT http://10.0.2.15:9696/v2.0/routers/ba786887-0e39-49f1-8213-809ddde09b89 0.700s
2015-12-03 23:23:14,802 20436 DEBUG    [tempest_lib.common.rest_client] Request - Headers: {'Content-Type': 'application/json', 'Accept': 'application/json', 'X-Auth-Token': '&lt;omitted&gt;'}
        Body: {"router": {"external_gateway_info": {"network_id": "e6b3874e-353b-41f2-8bf2-2a9665295cd6"}, "name": "tempest-router-smoke-122194157", "admin_state_up": true}}
    Response - Headers: {'status': '200', 'content-length': '500', 'connection': 'close', 'date': 'Thu, 03 Dec 2015 23:23:14 GMT', 'content-type': 'application/json; charset=UTF-8', 'x-openstack-request-id': 'req-c911d475-33ce-4252-8031-7120113c3122'}
        Body: {"router": {"status": "ACTIVE", "external_gateway_info": {"network_id": "e6b3874e-353b-41f2-8bf2-2a9665295cd6", "enable_snat": true, "external_fixed_ips": [{"subnet_id": "6c4f9580-2db4-4661-b198-858a5b8cf82b", "ip_address": "172.24.4.3"}, {"subnet_id": "78a5d8c7-a24d-4e46-b6d7-3284177e37c5", "ip_address": "2001:db8::3"}]}, "name": "tempest-router-smoke-122194157", "admin_state_up": true, "tenant_id": "c20a48a3eb4e4a35a0f64fe6e9ddbfb6", "routes": [], "id": "ba786887-0e39-49f1-8213-809ddde09b89"}}
2015-12-03 23:23:14,940 20436 INFO     [tempest_lib.common.rest_client] Request (TestNetworkAdvancedServerOps:test_server_connectivity_pause_unpause): 200 GET http://10.0.2.15:9696/v2.0/subnets?tenant_id=c20a48a3eb4e4a35a0f64fe6e9ddbfb6&amp;cidr=10.100.0.0%2F28 0.137s
2015-12-03 23:23:14,941 20436 DEBUG    [tempest_lib.common.rest_client] Request - Headers: {'Content-Type': 'application/json', 'Accept': 'application/json', 'X-Auth-Token': '&lt;omitted&gt;'}
        Body: None
    Response - Headers: {'status': '200', 'content-length': '15', 'content-location': 'http://10.0.2.15:9696/v2.0/subnets?tenant_id=c20a48a3eb4e4a35a0f64fe6e9ddbfb6&amp;cidr=10.100.0.0%2F28', 'connection': 'close', 'date': 'Thu, 03 Dec 2015 23:23:14 GMT', 'content-type': 'application/json; charset=UTF-8', 'x-openstack-request-id': 'req-49261ccb-8491-4187-9bf2-f467355112af'}
        Body: {"subnets": []}
2015-12-03 23:23:15,249 20436 INFO     [tempest_lib.common.rest_client] Request (TestNetworkAdvancedServerOps:test_server_connectivity_pause_unpause): 201 POST http://10.0.2.15:9696/v2.0/subnets 0.308s
2015-12-03 23:23:15,250 20436 DEBUG    [tempest_lib.common.rest_client] Request - Headers: {'Content-Type': 'application/json', 'Accept': 'application/json', 'X-Auth-Token': '&lt;omitted&gt;'}
        Body: {"subnet": {"ip_version": 4, "tenant_id": "c20a48a3eb4e4a35a0f64fe6e9ddbfb6", "cidr": "10.100.0.0/28", "network_id": "a3c7b47b-f247-4be4-912e-a24d58e395f8", "name": "tempest-subnet-smoke-1161604889"}}
    Response - Headers: {'status': '201', 'content-length': '478', 'connection': 'close', 'date': 'Thu, 03 Dec 2015 23:23:15 GMT', 'content-type': 'application/json; charset=UTF-8', 'x-openstack-request-id': 'req-c5d8a5c5-33d2-49c6-acff-3d4004ae82f4'}
        Body: {"subnet": {"name": "tempest-subnet-smoke-1161604889", "enable_dhcp": true, "network_id": "a3c7b47b-f247-4be4-912e-a24d58e395f8", "tenant_id": "c20a48a3eb4e4a35a0f64fe6e9ddbfb6", "dns_nameservers": [], "gateway_ip": "10.100.0.1", "ipv6_ra_mode": null, "allocation_pools": [{"start": "10.100.0.2", "end": "10.100.0.14"}], "host_routes": [], "ip_version": 4, "ipv6_address_mode": null, "cidr": "10.100.0.0/28", "id": "800047d2-7bf1-4199-959d-7922971039cd", "subnetpool_id": null}}
2015-12-03 23:23:15,828 20436 INFO     [tempest_lib.common.rest_client] Request (TestNetworkAdvancedServerOps:test_server_connectivity_pause_unpause): 200 PUT http://10.0.2.15:9696/v2.0/routers/ba786887-0e39-49f1-8213-809ddde09b89/add_router_interface 0.577s
2015-12-03 23:23:15,828 20436 DEBUG    [tempest_lib.common.rest_client] Request - Headers: {'Content-Type': 'application/json', 'Accept': 'application/json', 'X-Auth-Token': '&lt;omitted&gt;'}
        Body: {"subnet_id": "800047d2-7bf1-4199-959d-7922971039cd"}
    Response - Headers: {'status': '200', 'content-length': '255', 'connection': 'close', 'date': 'Thu, 03 Dec 2015 23:23:15 GMT', 'content-type': 'application/json; charset=UTF-8', 'x-openstack-request-id': 'req-f6aae476-1770-4dab-b0a7-ec0cb3e8f0f1'}
        Body: {"subnet_id": "800047d2-7bf1-4199-959d-7922971039cd", "tenant_id": "c20a48a3eb4e4a35a0f64fe6e9ddbfb6", "subnet_ids": ["800047d2-7bf1-4199-959d-7922971039cd"], "port_id": "4f570ee6-52c3-44ba-b331-1164288c6476", "id": "ba786887-0e39-49f1-8213-809ddde09b89"}
2015-12-03 23:23:15,923 20436 INFO     [tempest_lib.common.rest_client] Request (TestNetworkAdvancedServerOps:test_server_connectivity_pause_unpause): 200 POST http://10.0.2.15:5000/v2.0/tokens
2015-12-03 23:23:15,923 20436 DEBUG    [tempest_lib.common.rest_client] Request - Headers: {'Content-Type': 'application/json', 'Accept': 'application/json'}
        Body: &lt;omitted&gt;
    Response - Headers: {'status': '200', 'content-length': '2564', 'vary': 'X-Auth-Token', 'server': 'Apache/2.4.7 (Ubuntu)', 'connection': 'close', 'date': 'Thu, 03 Dec 2015 23:23:15 GMT', 'content-type': 'application/json', 'x-openstack-request-id': 'req-7934424d-a391-492b-8dff-8ad9a8c1b8eb'}
        Body: {"access": {"token": {"issued_at": "2015-12-03T23:23:15.913486", "expires": "2015-12-04T00:23:15Z", "id": "07bb0efdb0764bcaa20a9ee29c50f9ed", "tenant": {"description": "tempest-TestNetworkAdvancedServerOps-2072523879-desc", "enabled": true, "id": "c20a48a3eb4e4a35a0f64fe6e9ddbfb6", "name": "tempest-TestNetworkAdvancedServerOps-2072523879"}, "audit_ids": ["e3G45IMIQZSVGO-5yWXoQg"]}, "serviceCatalog": [{"endpoints": [{"adminURL": "http://10.0.2.15:8774/v2.1/c20a48a3eb4e4a35a0f64fe6e9ddbfb6", "region": "RegionOne", "internalURL": "http://10.0.2.15:8774/v2.1/c20a48a3eb4e4a35a0f64fe6e9ddbfb6", "id": "1dc6c0ea07064576b25fec4bdf022aae", "publicURL": "http://10.0.2.15:8774/v2.1/c20a48a3eb4e4a35a0f64fe6e9ddbfb6"}], "endpoints_links": [], "type": "compute", "name": "nova"}, {"endpoints": [{"adminURL": "http://10.0.2.15:9696/", "region": "RegionOne", "internalURL": "http://10.0.2.15:9696/", "id": "01144431e0664cbb9bb132a9053652a0", "publicURL": "http://10.0.2.15:9696/"}], "endpoints_links": [], "type": "network", "name": "neutron"}, {"endpoints": [{"adminURL": "http://10.0.2.15:9292", "region": "RegionOne", "internalURL": "http://10.0.2.15:9292", "id": "46cbb4d391514076aec888ae6c7b1bad", "publicURL": "http://10.0.2.15:9292"}], "endpoints_links": [], "type": "image", "name": "glance"}, {"endpoints": [{"adminURL": "http://10.0.2.15:8774/v2/c20a48a3eb4e4a35a0f64fe6e9ddbfb6", "region": "RegionOne", "internalURL": "http://10.0.2.15:8774/v2/c20a48a3eb4e4a35a0f64fe6e9ddbfb6", "id": "224178c1f82647e489516141a4d6633c", "publicURL": "http://10.0.2.15:8774/v2/c20a48a3eb4e4a35a0f64fe6e9ddbfb6"}], "endpoints_links": [], "type": "compute_legacy", "name": "nova_legacy"}, {"endpoints": [{"adminURL": "http://10.0.2.15:8773/", "region": "RegionOne", "internalURL": "http://10.0.2.15:8773/", "id": "2afc8a76e1ea4964b3ea3735c8c35f92", "publicURL": "http://10.0.2.15:8773/"}], "endpoints_links": [], "type": "ec2", "name": "ec2"}, {"endpoints": [{"adminURL": "http://10.0.2.15:35357/v2.0", "region": "RegionOne", "internalURL": "http://10.0.2.15:5000/v2.0", "id": "8acd019215c6463d875b85efde05968f", "publicURL": "http://10.0.2.15:5000/v2.0"}], "endpoints_links": [], "type": "identity", "name": "keystone"}], "user": {"username": "tempest-TestNetworkAdvancedServerOps-519493188", "roles_links": [], "id": "397dcb3743d04b11bcfd074c36f7f0e3", "roles": [{"name": "_member_"}, {"name": "Member"}], "name": "tempest-TestNetworkAdvancedServerOps-519493188"}, "metadata": {"is_admin": 0, "roles": ["9fe2ff9ee4384b1894a90878d3e92bab", "36a6867d82ce410ab3031b6a4288a068"]}}}
2015-12-03 23:23:15,927 20436 DEBUG    [tempest.common.fixed_network] (TestNetworkAdvancedServerOps:test_server_connectivity_pause_unpause) No valid network provided or created, defaulting to fixed_network_name
2015-12-03 23:23:16,271 20436 INFO     [tempest_lib.common.rest_client] Request (TestNetworkAdvancedServerOps:test_server_connectivity_pause_unpause): 200 GET http://10.0.2.15:8774/v2.1/c20a48a3eb4e4a35a0f64fe6e9ddbfb6/os-networks 0.342s
2015-12-03 23:23:16,271 20436 DEBUG    [tempest_lib.common.rest_client] Request - Headers: {'Content-Type': 'application/json', 'Accept': 'application/json', 'X-Auth-Token': '&lt;omitted&gt;'}
        Body: None
    Response - Headers: {'status': '200', 'content-length': '478', 'content-location': 'http://10.0.2.15:8774/v2.1/c20a48a3eb4e4a35a0f64fe6e9ddbfb6/os-networks', 'x-compute-request-id': 'req-e78f25c5-ff84-4054-baf3-a1a6faff23be', 'vary': 'X-OpenStack-Nova-API-Version', 'connection': 'close', 'x-openstack-nova-api-version': '2.1', 'date': 'Thu, 03 Dec 2015 23:23:16 GMT', 'content-type': 'application/json'}
        Body: {"networks": [{"cidr_v6": null, "dns2": null, "dns1": null, "gateway": null, "broadcast": null, "netmask": null, "gateway_v6": null, "cidr": null, "label": "tempest-network-smoke--307138577", "id": "a3c7b47b-f247-4be4-912e-a24d58e395f8", "netmask_v6": null}, {"cidr_v6": null, "dns2": null, "dns1": null, "gateway": null, "broadcast": null, "netmask": null, "gateway_v6": null, "cidr": null, "label": "public", "id": "e6b3874e-353b-41f2-8bf2-2a9665295cd6", "netmask_v6": null}]}
2015-12-03 23:23:16,272 20436 WARNING  [tempest.common.fixed_network] (TestNetworkAdvancedServerOps:test_server_connectivity_pause_unpause) Network with name: private not found
2015-12-03 23:23:16,272 20436 INFO     [tempest.common.fixed_network] (TestNetworkAdvancedServerOps:test_server_connectivity_pause_unpause) Found network {} available for tenant
2015-12-03 23:23:18,197 20436 INFO     [tempest_lib.common.rest_client] Request (TestNetworkAdvancedServerOps:test_server_connectivity_pause_unpause): 202 POST http://10.0.2.15:8774/v2.1/c20a48a3eb4e4a35a0f64fe6e9ddbfb6/servers 1.923s
2015-12-03 23:23:18,198 20436 DEBUG    [tempest_lib.common.rest_client] Request - Headers: {'Content-Type': 'application/json', 'Accept': 'application/json', 'X-Auth-Token': '&lt;omitted&gt;'}
        Body: {"server": {"name": "tempest.common.compute-instance-1952779825", "imageRef": "7c3afd5a-db39-4444-b1f2-76e075f5501f", "key_name": "tempest-TestNetworkAdvancedServerOps-696338217", "flavorRef": "42", "networks": [{"uuid": "a3c7b47b-f247-4be4-912e-a24d58e395f8"}], "security_groups": [{"name": "tempest-secgroup-smoke-1747629121"}]}}
    Response - Headers: {'status': '202', 'content-length': '462', 'x-compute-request-id': 'req-8b5457cc-73cf-4fb2-a6bc-d286676553f7', 'vary': 'X-OpenStack-Nova-API-Version', 'connection': 'close', 'location': 'http://10.0.2.15:8774/v2.1/c20a48a3eb4e4a35a0f64fe6e9ddbfb6/servers/ba0a5078-0613-4544-8c97-e723f91e5e26', 'x-openstack-nova-api-version': '2.1', 'date': 'Thu, 03 Dec 2015 23:23:18 GMT', 'content-type': 'application/json'}
        Body: {"server": {"security_groups": [{"name": "tempest-secgroup-smoke-1747629121"}], "OS-DCF:diskConfig": "MANUAL", "id": "ba0a5078-0613-4544-8c97-e723f91e5e26", "links": [{"href": "http://10.0.2.15:8774/v2.1/c20a48a3eb4e4a35a0f64fe6e9ddbfb6/servers/ba0a5078-0613-4544-8c97-e723f91e5e26", "rel": "self"}, {"href": "http://10.0.2.15:8774/c20a48a3eb4e4a35a0f64fe6e9ddbfb6/servers/ba0a5078-0613-4544-8c97-e723f91e5e26", "rel": "bookmark"}], "adminPass": "3MpgZgiAvV8X"}}
2015-12-03 23:23:18,361 20436 INFO     [tempest_lib.common.rest_client] Request (TestNetworkAdvancedServerOps:test_server_connectivity_pause_unpause): 200 GET http://10.0.2.15:8774/v2.1/c20a48a3eb4e4a35a0f64fe6e9ddbfb6/servers/ba0a5078-0613-4544-8c97-e723f91e5e26 0.156s
2015-12-03 23:23:18,361 20436 DEBUG    [tempest_lib.common.rest_client] Request - Headers: {'Content-Type': 'application/json', 'Accept': 'application/json', 'X-Auth-Token': '&lt;omitted&gt;'}
        Body: None
    Response - Headers: {'status': '200', 'content-length': '1364', 'content-location': 'http://10.0.2.15:8774/v2.1/c20a48a3eb4e4a35a0f64fe6e9ddbfb6/servers/ba0a5078-0613-4544-8c97-e723f91e5e26', 'x-compute-request-id': 'req-43e50332-8fb7-4b96-84f2-2434e63d21b0', 'vary': 'X-OpenStack-Nova-API-Version', 'connection': 'close', 'x-openstack-nova-api-version': '2.1', 'date': 'Thu, 03 Dec 2015 23:23:18 GMT', 'content-type': 'application/json'}
        Body: {"server": {"status": "BUILD", "updated": "2015-12-03T23:23:18Z", "hostId": "", "addresses": {}, "links": [{"href": "http://10.0.2.15:8774/v2.1/c20a48a3eb4e4a35a0f64fe6e9ddbfb6/servers/ba0a5078-0613-4544-8c97-e723f91e5e26", "rel": "self"}, {"href": "http://10.0.2.15:8774/c20a48a3eb4e4a35a0f64fe6e9ddbfb6/servers/ba0a5078-0613-4544-8c97-e723f91e5e26", "rel": "bookmark"}], "key_name": "tempest-TestNetworkAdvancedServerOps-696338217", "image": {"id": "7c3afd5a-db39-4444-b1f2-76e075f5501f", "links": [{"href": "http://10.0.2.15:8774/c20a48a3eb4e4a35a0f64fe6e9ddbfb6/images/7c3afd5a-db39-4444-b1f2-76e075f5501f", "rel": "bookmark"}]}, "OS-EXT-STS:task_state": "scheduling", "OS-EXT-STS:vm_state": "building", "OS-SRV-USG:launched_at": null, "flavor": {"id": "42", "links": [{"href": "http://10.0.2.15:8774/c20a48a3eb4e4a35a0f64fe6e9ddbfb6/flavors/42", "rel": "bookmark"}]}, "id": "ba0a5078-0613-4544-8c97-e723f91e5e26", "OS-SRV-USG:terminated_at": null, "OS-EXT-AZ:availability_zone": "", "user_id": "397dcb3743d04b11bcfd074c36f7f0e3", "name": "tempest.common.compute-instance-1952779825", "created": "2015-12-03T23:23:18Z", "tenant_id": "c20a48a3eb4e4a35a0f64fe6e9ddbfb6", "OS-DCF:diskConfig": "MANUAL", "os-extended-volumes:volumes_attached": [], "accessIPv4": "", "accessIPv6": "", "progress": 0, "OS-EXT-STS:power_state": 0, "config_drive": "", "metadata": {}}}
2015-12-03 23:23:19,671 20436 INFO     [tempest_lib.common.rest_client] Request (TestNetworkAdvancedServerOps:test_server_connectivity_pause_unpause): 200 GET http://10.0.2.15:8774/v2.1/c20a48a3eb4e4a35a0f64fe6e9ddbfb6/servers/ba0a5078-0613-4544-8c97-e723f91e5e26 0.298s
2015-12-03 23:23:19,672 20436 DEBUG    [tempest_lib.common.rest_client] Request - Headers: {'Content-Type': 'application/json', 'Accept': 'application/json', 'X-Auth-Token': '&lt;omitted&gt;'}
        Body: None
    Response - Headers: {'status': '200', 'content-length': '1422', 'content-location': 'http://10.0.2.15:8774/v2.1/c20a48a3eb4e4a35a0f64fe6e9ddbfb6/servers/ba0a5078-0613-4544-8c97-e723f91e5e26', 'x-compute-request-id': 'req-9cbc7106-71c9-460e-8a26-6145c72b69db', 'vary': 'X-OpenStack-Nova-API-Version', 'connection': 'close', 'x-openstack-nova-api-version': '2.1', 'date': 'Thu, 03 Dec 2015 23:23:19 GMT', 'content-type': 'application/json'}
        Body: {"server": {"status": "BUILD", "updated": "2015-12-03T23:23:19Z", "hostId": "fe2773e104f892b602bec801a1f6c8b2e45639cd9ecc87d0ad7774da", "addresses": {}, "links": [{"href": "http://10.0.2.15:8774/v2.1/c20a48a3eb4e4a35a0f64fe6e9ddbfb6/servers/ba0a5078-0613-4544-8c97-e723f91e5e26", "rel": "self"}, {"href": "http://10.0.2.15:8774/c20a48a3eb4e4a35a0f64fe6e9ddbfb6/servers/ba0a5078-0613-4544-8c97-e723f91e5e26", "rel": "bookmark"}], "key_name": "tempest-TestNetworkAdvancedServerOps-696338217", "image": {"id": "7c3afd5a-db39-4444-b1f2-76e075f5501f", "links": [{"href": "http://10.0.2.15:8774/c20a48a3eb4e4a35a0f64fe6e9ddbfb6/images/7c3afd5a-db39-4444-b1f2-76e075f5501f", "rel": "bookmark"}]}, "OS-EXT-STS:task_state": "spawning", "OS-EXT-STS:vm_state": "building", "OS-SRV-USG:launched_at": null, "flavor": {"id": "42", "links": [{"href": "http://10.0.2.15:8774/c20a48a3eb4e4a35a0f64fe6e9ddbfb6/flavors/42", "rel": "bookmark"}]}, "id": "ba0a5078-0613-4544-8c97-e723f91e5e26", "OS-SRV-USG:terminated_at": null, "OS-EXT-AZ:availability_zone": "nova", "user_id": "397dcb3743d04b11bcfd074c36f7f0e3", "name": "tempest.common.compute-instance-1952779825", "created": "2015-12-03T23:23:18Z", "tenant_id": "c20a48a3eb4e4a35a0f64fe6e9ddbfb6", "OS-DCF:diskConfig": "MANUAL", "os-extended-volumes:volumes_attached": [], "accessIPv4": "", "accessIPv6": "", "progress": 0, "OS-EXT-STS:power_state": 0, "config_drive": "", "metadata": {}}}
2015-12-03 23:23:19,689 20436 INFO     [tempest.common.waiters] State transition "BUILD/scheduling" ==&gt; "BUILD/spawning" after 1 second wait
2015-12-03 23:23:21,026 20436 INFO     [tempest_lib.common.rest_client] Request (TestNetworkAdvancedServerOps:test_server_connectivity_pause_unpause): 200 GET http://10.0.2.15:8774/v2.1/c20a48a3eb4e4a35a0f64fe6e9ddbfb6/servers/ba0a5078-0613-4544-8c97-e723f91e5e26 0.335s
2015-12-03 23:23:21,026 20436 DEBUG    [tempest_lib.common.rest_client] Request - Headers: {'Content-Type': 'application/json', 'Accept': 'application/json', 'X-Auth-Token': '&lt;omitted&gt;'}
        Body: None
    Response - Headers: {'status': '200', 'content-length': '1490', 'content-location': 'http://10.0.2.15:8774/v2.1/c20a48a3eb4e4a35a0f64fe6e9ddbfb6/servers/ba0a5078-0613-4544-8c97-e723f91e5e26', 'x-compute-request-id': 'req-2e74d043-48ac-42e3-9272-e2d514633afc', 'vary': 'X-OpenStack-Nova-API-Version', 'connection': 'close', 'x-openstack-nova-api-version': '2.1', 'date': 'Thu, 03 Dec 2015 23:23:21 GMT', 'content-type': 'application/json'}
        Body: {"server": {"status": "BUILD", "updated": "2015-12-03T23:23:19Z", "hostId": "fe2773e104f892b602bec801a1f6c8b2e45639cd9ecc87d0ad7774da", "addresses": {}, "links": [{"href": "http://10.0.2.15:8774/v2.1/c20a48a3eb4e4a35a0f64fe6e9ddbfb6/servers/ba0a5078-0613-4544-8c97-e723f91e5e26", "rel": "self"}, {"href": "http://10.0.2.15:8774/c20a48a3eb4e4a35a0f64fe6e9ddbfb6/servers/ba0a5078-0613-4544-8c97-e723f91e5e26", "rel": "bookmark"}], "key_name": "tempest-TestNetworkAdvancedServerOps-696338217", "image": {"id": "7c3afd5a-db39-4444-b1f2-76e075f5501f", "links": [{"href": "http://10.0.2.15:8774/c20a48a3eb4e4a35a0f64fe6e9ddbfb6/images/7c3afd5a-db39-4444-b1f2-76e075f5501f", "rel": "bookmark"}]}, "OS-EXT-STS:task_state": "spawning", "OS-EXT-STS:vm_state": "building", "OS-SRV-USG:launched_at": null, "flavor": {"id": "42", "links": [{"href": "http://10.0.2.15:8774/c20a48a3eb4e4a35a0f64fe6e9ddbfb6/flavors/42", "rel": "bookmark"}]}, "id": "ba0a5078-0613-4544-8c97-e723f91e5e26", "security_groups": [{"name": "tempest-secgroup-smoke-1747629121"}], "OS-SRV-USG:terminated_at": null, "OS-EXT-AZ:availability_zone": "nova", "user_id": "397dcb3743d04b11bcfd074c36f7f0e3", "name": "tempest.common.compute-instance-1952779825", "created": "2015-12-03T23:23:18Z", "tenant_id": "c20a48a3eb4e4a35a0f64fe6e9ddbfb6", "OS-DCF:diskConfig": "MANUAL", "os-extended-volumes:volumes_attached": [], "accessIPv4": "", "accessIPv6": "", "progress": 0, "OS-EXT-STS:power_state": 0, "config_drive": "", "metadata": {}}}
2015-12-03 23:23:22,247 20436 INFO     [tempest_lib.common.rest_client] Request (TestNetworkAdvancedServerOps:test_server_connectivity_pause_unpause): 200 GET http://10.0.2.15:8774/v2.1/c20a48a3eb4e4a35a0f64fe6e9ddbfb6/servers/ba0a5078-0613-4544-8c97-e723f91e5e26 0.211s
2015-12-03 23:23:22,247 20436 DEBUG    [tempest_lib.common.rest_client] Request - Headers: {'Content-Type': 'application/json', 'Accept': 'application/json', 'X-Auth-Token': '&lt;omitted&gt;'}
        Body: None
    Response - Headers: {'status': '200', 'content-length': '1661', 'content-location': 'http://10.0.2.15:8774/v2.1/c20a48a3eb4e4a35a0f64fe6e9ddbfb6/servers/ba0a5078-0613-4544-8c97-e723f91e5e26', 'x-compute-request-id': 'req-abee2eb6-61ab-4e39-baa4-5abf498122ca', 'vary': 'X-OpenStack-Nova-API-Version', 'connection': 'close', 'x-openstack-nova-api-version': '2.1', 'date': 'Thu, 03 Dec 2015 23:23:22 GMT', 'content-type': 'application/json'}
        Body: {"server": {"status": "ACTIVE", "updated": "2015-12-03T23:23:21Z", "hostId": "fe2773e104f892b602bec801a1f6c8b2e45639cd9ecc87d0ad7774da", "addresses": {"tempest-network-smoke--307138577": [{"OS-EXT-IPS-MAC:mac_addr": "fa:16:3e:99:ba:96", "version": 4, "addr": "10.100.0.3", "OS-EXT-IPS:type": "fixed"}]}, "links": [{"href": "http://10.0.2.15:8774/v2.1/c20a48a3eb4e4a35a0f64fe6e9ddbfb6/servers/ba0a5078-0613-4544-8c97-e723f91e5e26", "rel": "self"}, {"href": "http://10.0.2.15:8774/c20a48a3eb4e4a35a0f64fe6e9ddbfb6/servers/ba0a5078-0613-4544-8c97-e723f91e5e26", "rel": "bookmark"}], "key_name": "tempest-TestNetworkAdvancedServerOps-696338217", "image": {"id": "7c3afd5a-db39-4444-b1f2-76e075f5501f", "links": [{"href": "http://10.0.2.15:8774/c20a48a3eb4e4a35a0f64fe6e9ddbfb6/images/7c3afd5a-db39-4444-b1f2-76e075f5501f", "rel": "bookmark"}]}, "OS-EXT-STS:task_state": null, "OS-EXT-STS:vm_state": "active", "OS-SRV-USG:launched_at": "2015-12-03T23:23:21.000000", "flavor": {"id": "42", "links": [{"href": "http://10.0.2.15:8774/c20a48a3eb4e4a35a0f64fe6e9ddbfb6/flavors/42", "rel": "bookmark"}]}, "id": "ba0a5078-0613-4544-8c97-e723f91e5e26", "security_groups": [{"name": "tempest-secgroup-smoke-1747629121"}], "OS-SRV-USG:terminated_at": null, "OS-EXT-AZ:availability_zone": "nova", "user_id": "397dcb3743d04b11bcfd074c36f7f0e3", "name": "tempest.common.compute-instance-1952779825", "created": "2015-12-03T23:23:18Z", "tenant_id": "c20a48a3eb4e4a35a0f64fe6e9ddbfb6", "OS-DCF:diskConfig": "MANUAL", "os-extended-volumes:volumes_attached": [], "accessIPv4": "", "accessIPv6": "", "progress": 0, "OS-EXT-STS:power_state": 1, "config_drive": "True", "metadata": {}}}
2015-12-03 23:23:22,256 20436 INFO     [tempest.common.waiters] State transition "BUILD/spawning" ==&gt; "ACTIVE/None" after 4 second wait
2015-12-03 23:23:22,469 20436 INFO     [tempest_lib.common.rest_client] Request (TestNetworkAdvancedServerOps:test_server_connectivity_pause_unpause): 200 GET http://10.0.2.15:8774/v2.1/c20a48a3eb4e4a35a0f64fe6e9ddbfb6/servers/ba0a5078-0613-4544-8c97-e723f91e5e26 0.212s
2015-12-03 23:23:22,470 20436 DEBUG    [tempest_lib.common.rest_client] Request - Headers: {'Content-Type': 'application/json', 'Accept': 'application/json', 'X-Auth-Token': '&lt;omitted&gt;'}
        Body: None
    Response - Headers: {'status': '200', 'content-length': '1661', 'content-location': 'http://10.0.2.15:8774/v2.1/c20a48a3eb4e4a35a0f64fe6e9ddbfb6/servers/ba0a5078-0613-4544-8c97-e723f91e5e26', 'x-compute-request-id': 'req-d91e49dd-e445-4376-b600-49a954666176', 'vary': 'X-OpenStack-Nova-API-Version', 'connection': 'close', 'x-openstack-nova-api-version': '2.1', 'date': 'Thu, 03 Dec 2015 23:23:22 GMT', 'content-type': 'application/json'}
        Body: {"server": {"status": "ACTIVE", "updated": "2015-12-03T23:23:21Z", "hostId": "fe2773e104f892b602bec801a1f6c8b2e45639cd9ecc87d0ad7774da", "addresses": {"tempest-network-smoke--307138577": [{"OS-EXT-IPS-MAC:mac_addr": "fa:16:3e:99:ba:96", "version": 4, "addr": "10.100.0.3", "OS-EXT-IPS:type": "fixed"}]}, "links": [{"href": "http://10.0.2.15:8774/v2.1/c20a48a3eb4e4a35a0f64fe6e9ddbfb6/servers/ba0a5078-0613-4544-8c97-e723f91e5e26", "rel": "self"}, {"href": "http://10.0.2.15:8774/c20a48a3eb4e4a35a0f64fe6e9ddbfb6/servers/ba0a5078-0613-4544-8c97-e723f91e5e26", "rel": "bookmark"}], "key_name": "tempest-TestNetworkAdvancedServerOps-696338217", "image": {"id": "7c3afd5a-db39-4444-b1f2-76e075f5501f", "links": [{"href": "http://10.0.2.15:8774/c20a48a3eb4e4a35a0f64fe6e9ddbfb6/images/7c3afd5a-db39-4444-b1f2-76e075f5501f", "rel": "bookmark"}]}, "OS-EXT-STS:task_state": null, "OS-EXT-STS:vm_state": "active", "OS-SRV-USG:launched_at": "2015-12-03T23:23:21.000000", "flavor": {"id": "42", "links": [{"href": "http://10.0.2.15:8774/c20a48a3eb4e4a35a0f64fe6e9ddbfb6/flavors/42", "rel": "bookmark"}]}, "id": "ba0a5078-0613-4544-8c97-e723f91e5e26", "security_groups": [{"name": "tempest-secgroup-smoke-1747629121"}], "OS-SRV-USG:terminated_at": null, "OS-EXT-AZ:availability_zone": "nova", "user_id": "397dcb3743d04b11bcfd074c36f7f0e3", "name": "tempest.common.compute-instance-1952779825", "created": "2015-12-03T23:23:18Z", "tenant_id": "c20a48a3eb4e4a35a0f64fe6e9ddbfb6", "OS-DCF:diskConfig": "MANUAL", "os-extended-volumes:volumes_attached": [], "accessIPv4": "", "accessIPv6": "", "progress": 0, "OS-EXT-STS:power_state": 1, "config_drive": "True", "metadata": {}}}
2015-12-03 23:23:22,514 20436 INFO     [tempest_lib.common.rest_client] Request (TestNetworkAdvancedServerOps:test_server_connectivity_pause_unpause): 200 GET http://10.0.2.15:9696/v2.0/ports?status=ACTIVE&amp;fixed_ip=None&amp;device_id=ba0a5078-0613-4544-8c97-e723f91e5e26 0.031s
2015-12-03 23:23:22,515 20436 DEBUG    [tempest_lib.common.rest_client] Request - Headers: {'Content-Type': 'application/json', 'Accept': 'application/json', 'X-Auth-Token': '&lt;omitted&gt;'}
        Body: None
    Response - Headers: {'status': '200', 'content-length': '895', 'content-location': 'http://10.0.2.15:9696/v2.0/ports?status=ACTIVE&amp;fixed_ip=None&amp;device_id=ba0a5078-0613-4544-8c97-e723f91e5e26', 'connection': 'close', 'date': 'Thu, 03 Dec 2015 23:23:22 GMT', 'content-type': 'application/json; charset=UTF-8', 'x-openstack-request-id': 'req-6f83c4c5-2b9d-494e-89f6-e48ac5ba0b97'}
        Body: {"ports": [{"status": "ACTIVE", "binding:host_id": "vagrant-ubuntu-trusty-64", "allowed_address_pairs": [], "extra_dhcp_opts": [], "dns_assignment": [{"hostname": "host-10-100-0-3", "ip_address": "10.100.0.3", "fqdn": "host-10-100-0-3.openstacklocal."}], "device_owner": "compute:None", "port_security_enabled": true, "binding:profile": {}, "fixed_ips": [{"subnet_id": "800047d2-7bf1-4199-959d-7922971039cd", "ip_address": "10.100.0.3"}], "id": "ea264660-7fa5-404f-83a8-e23f2cb4eb49", "security_groups": ["b27c80ac-8540-4a71-b02b-cbef6fcd77e4"], "device_id": "ba0a5078-0613-4544-8c97-e723f91e5e26", "name": "", "admin_state_up": true, "network_id": "a3c7b47b-f247-4be4-912e-a24d58e395f8", "dns_name": "", "binding:vif_details": {"port_filter": true}, "binding:vnic_type": "normal", "binding:vif_type": "ovs", "tenant_id": "c20a48a3eb4e4a35a0f64fe6e9ddbfb6", "mac_address": "fa:16:3e:99:ba:96"}]}
2015-12-03 23:23:23,129 20436 INFO     [tempest_lib.common.rest_client] Request (TestNetworkAdvancedServerOps:test_server_connectivity_pause_unpause): 201 POST http://10.0.2.15:9696/v2.0/floatingips 0.613s
2015-12-03 23:23:23,130 20436 DEBUG    [tempest_lib.common.rest_client] Request - Headers: {'Content-Type': 'application/json', 'Accept': 'application/json', 'X-Auth-Token': '&lt;omitted&gt;'}
        Body: {"floatingip": {"floating_network_id": "e6b3874e-353b-41f2-8bf2-2a9665295cd6", "tenant_id": "c20a48a3eb4e4a35a0f64fe6e9ddbfb6", "fixed_ip_address": "10.100.0.3", "port_id": "ea264660-7fa5-404f-83a8-e23f2cb4eb49"}}
    Response - Headers: {'status': '201', 'content-length': '367', 'connection': 'close', 'date': 'Thu, 03 Dec 2015 23:23:23 GMT', 'content-type': 'application/json; charset=UTF-8', 'x-openstack-request-id': 'req-e45e3a63-d154-4eb1-bb0d-ba47c5f8a259'}
        Body: {"floatingip": {"floating_network_id": "e6b3874e-353b-41f2-8bf2-2a9665295cd6", "router_id": "ba786887-0e39-49f1-8213-809ddde09b89", "fixed_ip_address": "10.100.0.3", "floating_ip_address": "172.24.4.4", "tenant_id": "c20a48a3eb4e4a35a0f64fe6e9ddbfb6", "status": "DOWN", "port_id": "ea264660-7fa5-404f-83a8-e23f2cb4eb49", "id": "aa45de01-9215-446d-b6fd-cca8d9a57e79"}}
2015-12-03 23:23:23,399 20436 INFO     [tempest_lib.common.rest_client] Request (TestNetworkAdvancedServerOps:test_server_connectivity_pause_unpause): 200 GET http://10.0.2.15:8774/v2.1/c20a48a3eb4e4a35a0f64fe6e9ddbfb6/servers/ba0a5078-0613-4544-8c97-e723f91e5e26 0.268s
2015-12-03 23:23:23,400 20436 DEBUG    [tempest_lib.common.rest_client] Request - Headers: {'Content-Type': 'application/json', 'Accept': 'application/json', 'X-Auth-Token': '&lt;omitted&gt;'}
        Body: None
    Response - Headers: {'status': '200', 'content-length': '1661', 'content-location': 'http://10.0.2.15:8774/v2.1/c20a48a3eb4e4a35a0f64fe6e9ddbfb6/servers/ba0a5078-0613-4544-8c97-e723f91e5e26', 'x-compute-request-id': 'req-7d42d22d-6fbb-4ea6-86fb-57c909eb6ef0', 'vary': 'X-OpenStack-Nova-API-Version', 'connection': 'close', 'x-openstack-nova-api-version': '2.1', 'date': 'Thu, 03 Dec 2015 23:23:23 GMT', 'content-type': 'application/json'}
        Body: {"server": {"status": "ACTIVE", "updated": "2015-12-03T23:23:21Z", "hostId": "fe2773e104f892b602bec801a1f6c8b2e45639cd9ecc87d0ad7774da", "addresses": {"tempest-network-smoke--307138577": [{"OS-EXT-IPS-MAC:mac_addr": "fa:16:3e:99:ba:96", "version": 4, "addr": "10.100.0.3", "OS-EXT-IPS:type": "fixed"}]}, "links": [{"href": "http://10.0.2.15:8774/v2.1/c20a48a3eb4e4a35a0f64fe6e9ddbfb6/servers/ba0a5078-0613-4544-8c97-e723f91e5e26", "rel": "self"}, {"href": "http://10.0.2.15:8774/c20a48a3eb4e4a35a0f64fe6e9ddbfb6/servers/ba0a5078-0613-4544-8c97-e723f91e5e26", "rel": "bookmark"}], "key_name": "tempest-TestNetworkAdvancedServerOps-696338217", "image": {"id": "7c3afd5a-db39-4444-b1f2-76e075f5501f", "links": [{"href": "http://10.0.2.15:8774/c20a48a3eb4e4a35a0f64fe6e9ddbfb6/images/7c3afd5a-db39-4444-b1f2-76e075f5501f", "rel": "bookmark"}]}, "OS-EXT-STS:task_state": null, "OS-EXT-STS:vm_state": "active", "OS-SRV-USG:launched_at": "2015-12-03T23:23:21.000000", "flavor": {"id": "42", "links": [{"href": "http://10.0.2.15:8774/c20a48a3eb4e4a35a0f64fe6e9ddbfb6/flavors/42", "rel": "bookmark"}]}, "id": "ba0a5078-0613-4544-8c97-e723f91e5e26", "security_groups": [{"name": "tempest-secgroup-smoke-1747629121"}], "OS-SRV-USG:terminated_at": null, "OS-EXT-AZ:availability_zone": "nova", "user_id": "397dcb3743d04b11bcfd074c36f7f0e3", "name": "tempest.common.compute-instance-1952779825", "created": "2015-12-03T23:23:18Z", "tenant_id": "c20a48a3eb4e4a35a0f64fe6e9ddbfb6", "OS-DCF:diskConfig": "MANUAL", "os-extended-volumes:volumes_attached": [], "accessIPv4": "", "accessIPv6": "", "progress": 0, "OS-EXT-STS:power_state": 1, "config_drive": "True", "metadata": {}}}
2015-12-03 23:23:23,411 20436 INFO     [tempest.scenario.manager] Tenant networks not configured to be reachable.
2015-12-03 23:23:23,432 20436 INFO     [tempest_lib.common.rest_client] Request (TestNetworkAdvancedServerOps:test_server_connectivity_pause_unpause): 200 GET http://10.0.2.15:9696/v2.0/floatingips/aa45de01-9215-446d-b6fd-cca8d9a57e79 0.019s
2015-12-03 23:23:23,432 20436 DEBUG    [tempest_lib.common.rest_client] Request - Headers: {'Content-Type': 'application/json', 'Accept': 'application/json', 'X-Auth-Token': '&lt;omitted&gt;'}
        Body: None
    Response - Headers: {'status': '200', 'content-length': '367', 'content-location': 'http://10.0.2.15:9696/v2.0/floatingips/aa45de01-9215-446d-b6fd-cca8d9a57e79', 'connection': 'close', 'date': 'Thu, 03 Dec 2015 23:23:23 GMT', 'content-type': 'application/json; charset=UTF-8', 'x-openstack-request-id': 'req-bca67395-e342-4d2e-801c-d8387d6dbe7a'}
        Body: {"floatingip": {"floating_network_id": "e6b3874e-353b-41f2-8bf2-2a9665295cd6", "router_id": "ba786887-0e39-49f1-8213-809ddde09b89", "fixed_ip_address": "10.100.0.3", "floating_ip_address": "172.24.4.4", "tenant_id": "c20a48a3eb4e4a35a0f64fe6e9ddbfb6", "status": "DOWN", "port_id": "ea264660-7fa5-404f-83a8-e23f2cb4eb49", "id": "aa45de01-9215-446d-b6fd-cca8d9a57e79"}}
2015-12-03 23:23:24,450 20436 INFO     [tempest_lib.common.rest_client] Request (TestNetworkAdvancedServerOps:test_server_connectivity_pause_unpause): 200 GET http://10.0.2.15:9696/v2.0/floatingips/aa45de01-9215-446d-b6fd-cca8d9a57e79 0.015s
2015-12-03 23:23:24,450 20436 DEBUG    [tempest_lib.common.rest_client] Request - Headers: {'Content-Type': 'application/json', 'Accept': 'application/json', 'X-Auth-Token': '&lt;omitted&gt;'}
        Body: None
    Response - Headers: {'status': '200', 'content-length': '369', 'content-location': 'http://10.0.2.15:9696/v2.0/floatingips/aa45de01-9215-446d-b6fd-cca8d9a57e79', 'connection': 'close', 'date': 'Thu, 03 Dec 2015 23:23:24 GMT', 'content-type': 'application/json; charset=UTF-8', 'x-openstack-request-id': 'req-660294fd-16a6-483d-ab40-e0c35f811c62'}
        Body: {"floatingip": {"floating_network_id": "e6b3874e-353b-41f2-8bf2-2a9665295cd6", "router_id": "ba786887-0e39-49f1-8213-809ddde09b89", "fixed_ip_address": "10.100.0.3", "floating_ip_address": "172.24.4.4", "tenant_id": "c20a48a3eb4e4a35a0f64fe6e9ddbfb6", "status": "ACTIVE", "port_id": "ea264660-7fa5-404f-83a8-e23f2cb4eb49", "id": "aa45de01-9215-446d-b6fd-cca8d9a57e79"}}
2015-12-03 23:23:24,451 20436 INFO     [tempest.scenario.manager] FloatingIP: &lt;"FloatingIP" addr="172.24.4.4" id="aa45de01-9215-446d-b6fd-cca8d9a57e79"&gt; is at status: ACTIVE
2015-12-03 23:23:24,451 20436 DEBUG    [tempest.scenario.manager] checking network connections to IP 172.24.4.4 with user: cirros
2015-12-03 23:23:24,451 20436 DEBUG    [tempest.scenario.manager] TestNetworkAdvancedServerOps:test_server_connectivity_pause_unpause begins to ping 172.24.4.4 in 120 sec and the expected result is reachable
2015-12-03 23:25:25,772 20436 DEBUG    [tempest.scenario.manager] TestNetworkAdvancedServerOps:test_server_connectivity_pause_unpause finishes ping 172.24.4.4 in 120 sec and the ping result is unexpected
2015-12-03 23:25:25,774 20436 ERROR    [tempest.scenario.manager] Public network connectivity check failed
2015-12-03 23:25:25.774 20436 ERROR tempest.scenario.manager Traceback (most recent call last):
2015-12-03 23:25:25.774 20436 ERROR tempest.scenario.manager   File "tempest/scenario/manager.py", line 606, in check_public_network_connectivity
2015-12-03 23:25:25.774 20436 ERROR tempest.scenario.manager     should_connect=should_connect)
2015-12-03 23:25:25.774 20436 ERROR tempest.scenario.manager   File "tempest/scenario/manager.py", line 590, in check_vm_connectivity
2015-12-03 23:25:25.774 20436 ERROR tempest.scenario.manager     msg=msg)
2015-12-03 23:25:25.774 20436 ERROR tempest.scenario.manager   File "/usr/local/lib/python2.7/dist-packages/unittest2/case.py", line 702, in assertTrue
2015-12-03 23:25:25.774 20436 ERROR tempest.scenario.manager     raise self.failureException(msg)
2015-12-03 23:25:25.774 20436 ERROR tempest.scenario.manager AssertionError: False is not true : Timed out waiting for 172.24.4.4 to become reachable
2015-12-03 23:25:25.774 20436 ERROR tempest.scenario.manager 
2015-12-03 23:25:25,988 20436 INFO     [tempest_lib.common.rest_client] Request (TestNetworkAdvancedServerOps:test_server_connectivity_pause_unpause): 200 POST http://10.0.2.15:8774/v2.1/c20a48a3eb4e4a35a0f64fe6e9ddbfb6/servers/ba0a5078-0613-4544-8c97-e723f91e5e26/action 0.210s
2015-12-03 23:25:25,989 20436 DEBUG    [tempest_lib.common.rest_client] Request - Headers: {'Content-Type': 'application/json', 'Accept': 'application/json', 'X-Auth-Token': '&lt;omitted&gt;'}
        Body: {"os-getConsoleOutput": {}}
    Response - Headers: {'status': '200', 'content-length': '17429', 'x-compute-request-id': 'req-edd3928b-59b4-43b5-9cdf-ad988f930b13', 'vary': 'X-OpenStack-Nova-API-Version', 'connection': 'close', 'x-openstack-nova-api-version': '2.1', 'date': 'Thu, 03 Dec 2015 23:25:25 GMT', 'content-type': 'application/json'}
        Body: {"output": "[    0.000000] Initializing cgroup subsys cpuset\n[    0.000000] Initializing cgroup subsys cpu\n[    0.000000] Linux version 3.2.0-80-virtual (buildd@batsu) (gcc version 4.6.3 (Ubuntu/Linaro 4.6.3-1ubuntu5) ) #116-Ubuntu SMP Mon Mar 23 17:28:52 UTC 2015 (Ubuntu 3.2.0-80.116-virtual 3.2.68)\n[    0.000000] Command line: root=/dev/vda console=tty0 console=ttyS0 no_timer_check\n[    0.000000] KERNEL supported cpus:\n[    0.000000]   Intel GenuineIntel\n[    0.000000]   AMD AuthenticAMD\n[    0.000000]   Centaur CentaurHauls\n[    0.000000] BIOS-provided physical RAM map:\n[    0.000000]  BIOS-e820: 0000000000000000 - 000000000009fc00 (usable)\n[    0.000000]  BIOS-e820: 000000000009fc00 - 00000000000a0000 (reserved)\n[    0.000000]  BIOS-e820: 00000000000f0000 - 0000000000100000 (reserved)\n[    0.000000]  BIOS-e820: 0000000000100000 - 0000000003ffe000 (usable)\n[    0.000000]  BIOS-e820: 0000000003ffe000 - 0000000004000000 (reserved)\n[    0.000000]  BIOS-e820: 00000000fffc0000 - 0000000100000000 (reserved)\n[    0.000000] NX (Execute Disable) protection: active\n[    0.000000] SMBIOS 2.4 present.\n[    0.000000] No AGP bridge found\n[    0.000000] last_pfn = 0x3ffe max_arch_pfn = 0x400000000\n[    0.000000] x86 PAT enabled: cpu 0, old 0x7040600070406, new 0x7010600070106\n[    0.000000] found SMP MP-table at [ffff8800000f0b00] f0b00\n[    0.000000] init_memory_mapping: 0000000000000000-0000000003ffe000\n[    0.000000] RAMDISK: 03c5e000 - 03ff0000\n[    0.000000] ACPI: RSDP 00000000000f0950 00014 (v00 BOCHS )\n[    0.000000] ACPI: RSDT 0000000003fffbc1 00034 (v01 BOCHS  BXPCRSDT 00000001 BXPC 00000001)\n[    0.000000] ACPI: FACP 0000000003fff1c0 00074 (v01 BOCHS  BXPCFACP 00000001 BXPC 00000001)\n[    0.000000] ACPI: DSDT 0000000003ffe040 01180 (v01 BOCHS  BXPCDSDT 00000001 BXPC 00000001)\n[    0.000000] ACPI: FACS 0000000003ffe000 00040\n[    0.000000] ACPI: SSDT 0000000003fff234 008DD (v01 BOCHS  BXPCSSDT 00000001 BXPC 00000001)\n[    0.000000] ACPI: APIC 0000000003fffb11 00078 (v01 BOCHS  BXPCAPIC 00000001 BXPC 00000001)\n[    0.000000] ACPI: HPET 0000000003fffb89 00038 (v01 BOCHS  BXPCHPET 00000001 BXPC 00000001)\n[    0.000000] No NUMA configuration found\n[    0.000000] Faking a node at 0000000000000000-0000000003ffe000\n[    0.000000] Initmem setup node 0 0000000000000000-0000000003ffe000\n[    0.000000]   NODE_DATA [0000000003ff6000 - 0000000003ffafff]\n[    0.000000] Zone PFN ranges:\n[    0.000000]   DMA      0x00000010 -&gt; 0x00001000\n[    0.000000]   DMA32    0x00001000 -&gt; 0x00100000\n[    0.000000]   Normal   empty\n[    0.000000] Movable zone start PFN for each node\n[    0.000000] early_node_map[2] active PFN ranges\n[    0.000000]     0: 0x00000010 -&gt; 0x0000009f\n[    0.000000]     0: 0x00000100 -&gt; 0x00003ffe\n[    0.000000] ACPI: PM-Timer IO Port: 0xb008\n[    0.000000] ACPI: LAPIC (acpi_id[0x00] lapic_id[0x00] enabled)\n[    0.000000] ACPI: LAPIC_NMI (acpi_id[0xff] dfl dfl lint[0x1])\n[    0.000000] ACPI: IOAPIC (id[0x00] address[0xfec00000] gsi_base[0])\n[    0.000000] IOAPIC[0]: apic_id 0, version 17, address 0xfec00000, GSI 0-23\n[    0.000000] ACPI: INT_SRC_OVR (bus 0 bus_irq 0 global_irq 2 dfl dfl)\n[    0.000000] ACPI: INT_SRC_OVR (bus 0 bus_irq 5 global_irq 5 high level)\n[    0.000000] ACPI: INT_SRC_OVR (bus 0 bus_irq 9 global_irq 9 high level)\n[    0.000000] ACPI: INT_SRC_OVR (bus 0 bus_irq 10 global_irq 10 high level)\n[    0.000000] ACPI: INT_SRC_OVR (bus 0 bus_irq 11 global_irq 11 high level)\n[    0.000000] Using ACPI (MADT) for SMP configuration information\n[    0.000000] ACPI: HPET id: 0x8086a201 base: 0xfed00000\n[    0.000000] SMP: Allowing 1 CPUs, 0 hotplug CPUs\n[    0.000000] PM: Registered nosave memory: 000000000009f000 - 00000000000a0000\n[    0.000000] PM: Registered nosave memory: 00000000000a0000 - 00000000000f0000\n[    0.000000] PM: Registered nosave memory: 00000000000f0000 - 0000000000100000\n[    0.000000] Allocating PCI resources starting at 4000000 (gap: 4000000:fbfc0000)\n[    0.000000] Booting paravirtualized kernel on bare hardware\n[    0.000000] setup_pe
2015-12-03 23:25:25,991 20436 DEBUG    [tempest.scenario.manager] Console output for ba0a5078-0613-4544-8c97-e723f91e5e26
body=
[    0.000000] Initializing cgroup subsys cpuset
[    0.000000] Initializing cgroup subsys cpu
[    0.000000] Linux version 3.2.0-80-virtual (buildd@batsu) (gcc version 4.6.3 (Ubuntu/Linaro 4.6.3-1ubuntu5) ) #116-Ubuntu SMP Mon Mar 23 17:28:52 UTC 2015 (Ubuntu 3.2.0-80.116-virtual 3.2.68)
[    0.000000] Command line: root=/dev/vda console=tty0 console=ttyS0 no_timer_check
[    0.000000] KERNEL supported cpus:
[    0.000000]   Intel GenuineIntel
[    0.000000]   AMD AuthenticAMD
[    0.000000]   Centaur CentaurHauls
[    0.000000] BIOS-provided physical RAM map:
[    0.000000]  BIOS-e820: 0000000000000000 - 000000000009fc00 (usable)
[    0.000000]  BIOS-e820: 000000000009fc00 - 00000000000a0000 (reserved)
[    0.000000]  BIOS-e820: 00000000000f0000 - 0000000000100000 (reserved)
[    0.000000]  BIOS-e820: 0000000000100000 - 0000000003ffe000 (usable)
[    0.000000]  BIOS-e820: 0000000003ffe000 - 0000000004000000 (reserved)
[    0.000000]  BIOS-e820: 00000000fffc0000 - 0000000100000000 (reserved)
[    0.000000] NX (Execute Disable) protection: active
[    0.000000] SMBIOS 2.4 present.
[    0.000000] No AGP bridge found
[    0.000000] last_pfn = 0x3ffe max_arch_pfn = 0x400000000
[    0.000000] x86 PAT enabled: cpu 0, old 0x7040600070406, new 0x7010600070106
[    0.000000] found SMP MP-table at [ffff8800000f0b00] f0b00
[    0.000000] init_memory_mapping: 0000000000000000-0000000003ffe000
[    0.000000] RAMDISK: 03c5e000 - 03ff0000
[    0.000000] ACPI: RSDP 00000000000f0950 00014 (v00 BOCHS )
[    0.000000] ACPI: RSDT 0000000003fffbc1 00034 (v01 BOCHS  BXPCRSDT 00000001 BXPC 00000001)
[    0.000000] ACPI: FACP 0000000003fff1c0 00074 (v01 BOCHS  BXPCFACP 00000001 BXPC 00000001)
[    0.000000] ACPI: DSDT 0000000003ffe040 01180 (v01 BOCHS  BXPCDSDT 00000001 BXPC 00000001)
[    0.000000] ACPI: FACS 0000000003ffe000 00040
[    0.000000] ACPI: SSDT 0000000003fff234 008DD (v01 BOCHS  BXPCSSDT 00000001 BXPC 00000001)
[    0.000000] ACPI: APIC 0000000003fffb11 00078 (v01 BOCHS  BXPCAPIC 00000001 BXPC 00000001)
[    0.000000] ACPI: HPET 0000000003fffb89 00038 (v01 BOCHS  BXPCHPET 00000001 BXPC 00000001)
[    0.000000] No NUMA configuration found
[    0.000000] Faking a node at 0000000000000000-0000000003ffe000
[    0.000000] Initmem setup node 0 0000000000000000-0000000003ffe000
[    0.000000]   NODE_DATA [0000000003ff6000 - 0000000003ffafff]
[    0.000000] Zone PFN ranges:
[    0.000000]   DMA      0x00000010 -&gt; 0x00001000
[    0.000000]   DMA32    0x00001000 -&gt; 0x00100000
[    0.000000]   Normal   empty
[    0.000000] Movable zone start PFN for each node
[    0.000000] early_node_map[2] active PFN ranges
[    0.000000]     0: 0x00000010 -&gt; 0x0000009f
[    0.000000]     0: 0x00000100 -&gt; 0x00003ffe
[    0.000000] ACPI: PM-Timer IO Port: 0xb008
[    0.000000] ACPI: LAPIC (acpi_id[0x00] lapic_id[0x00] enabled)
[    0.000000] ACPI: LAPIC_NMI (acpi_id[0xff] dfl dfl lint[0x1])
[    0.000000] ACPI: IOAPIC (id[0x00] address[0xfec00000] gsi_base[0])
[    0.000000] IOAPIC[0]: apic_id 0, version 17, address 0xfec00000, GSI 0-23
[    0.000000] ACPI: INT_SRC_OVR (bus 0 bus_irq 0 global_irq 2 dfl dfl)
[    0.000000] ACPI: INT_SRC_OVR (bus 0 bus_irq 5 global_irq 5 high level)
[    0.000000] ACPI: INT_SRC_OVR (bus 0 bus_irq 9 global_irq 9 high level)
[    0.000000] ACPI: INT_SRC_OVR (bus 0 bus_irq 10 global_irq 10 high level)
[    0.000000] ACPI: INT_SRC_OVR (bus 0 bus_irq 11 global_irq 11 high level)
[    0.000000] Using ACPI (MADT) for SMP configuration information
[    0.000000] ACPI: HPET id: 0x8086a201 base: 0xfed00000
[    0.000000] SMP: Allowing 1 CPUs, 0 hotplug CPUs
[    0.000000] PM: Registered nosave memory: 000000000009f000 - 00000000000a0000
[    0.000000] PM: Registered nosave memory: 00000000000a0000 - 00000000000f0000
[    0.000000] PM: Registered nosave memory: 00000000000f0000 - 0000000000100000
[    0.000000] Allocating PCI resources starting at 4000000 (gap: 4000000:fbfc0000)
[    0.000000] Booting paravirtualized kernel on bare hardware
[    0.000000] setup_percpu: NR_CPUS:64 nr_cpumask_bits:64 nr_cpu_ids:1 nr_node_ids:1
[    0.000000] PERCPU: Embedded 27 pages/cpu @ffff880003a00000 s78848 r8192 d23552 u2097152
[    0.000000] Built 1 zonelists in Node order, mobility grouping on.  Total pages: 16008
[    0.000000] Policy zone: DMA32
[    0.000000] Kernel command line: root=/dev/vda console=tty0 console=ttyS0 no_timer_check
[    0.000000] PID hash table entries: 256 (order: -1, 2048 bytes)
[    0.000000] Checking aperture...
[    0.000000] No AGP bridge found
[    0.000000] Memory: 43492k/65528k available (6576k kernel code, 452k absent, 21584k reserved, 6620k data, 928k init)
[    0.000000] SLUB: Genslabs=15, HWalign=64, Order=0-3, MinObjects=0, CPUs=1, Nodes=1
[    0.000000] Hierarchical RCU implementation.
[    0.000000] 	RCU dyntick-idle grace-period acceleration is enabled.
[    0.000000] NR_IRQS:4352 nr_irqs:256 16
[    0.000000] Console: colour VGA+ 80x25
[    0.000000] console [tty0] enabled
[    0.000000] console [ttyS0] enabled
[    0.000000] allocated 1048576 bytes of page_cgroup
[    0.000000] please try 'cgroup_disable=memory' option if you don't want memory cgroups
[    0.000000] Fast TSC calibration failed
[    0.000000] TSC: Unable to calibrate against PIT
[    0.000000] TSC: using HPET reference calibration
[    0.000000] Detected 2293.995 MHz processor.
[    0.032370] Calibrating delay loop (skipped), value calculated using timer frequency.. 4587.99 BogoMIPS (lpj=9175980)
[    0.036288] pid_max: default: 32768 minimum: 301
[    0.044247] Security Framework initialized
[    0.048412] AppArmor: AppArmor initialized
[    0.049086] Yama: becoming mindful.
[    0.056399] Dentry cache hash table entries: 8192 (order: 4, 65536 bytes)
[    0.057956] Inode-cache hash table entries: 4096 (order: 3, 32768 bytes)
[    0.060154] Mount-cache hash table entries: 256
[    0.073743] Initializing cgroup subsys cpuacct
[    0.074674] Initializing cgroup subsys memory
[    0.076673] Initializing cgroup subsys devices
[    0.077392] Initializing cgroup subsys freezer
[    0.078047] Initializing cgroup subsys blkio
[    0.078859] Initializing cgroup subsys perf_event
[    0.084430] mce: CPU supports 10 MCE banks
[    0.087294] SMP alternatives: switching to UP code
[    0.472751] Freeing SMP alternatives: 24k freed
[    0.474650] ACPI: Core revision 20110623
[    0.524176] ftrace: allocating 26610 entries in 105 pages
[    0.553977] ..TIMER: vector=0x30 apic1=0 pin1=2 apic2=-1 pin2=-1
[    0.555352] CPU0: AMD QEMU Virtual CPU version 2.0.0 stepping 03
[    0.560034] Performance Events: Broken PMU hardware detected, using software events only.
[    0.568451] NMI watchdog disabled (cpu0): hardware events not enabled
[    0.570050] Brought up 1 CPUs
[    0.570609] Total of 1 processors activated (4587.99 BogoMIPS).
[    0.595348] devtmpfs: initialized
[    0.630258] EVM: security.selinux
[    0.630727] EVM: security.SMACK64
[    0.631160] EVM: security.capability
[    0.655231] print_constraints: dummy: 
[    0.657350] RTC time: 23:23:25, date: 12/03/15
[    0.660703] NET: Registered protocol family 16
[    0.674213] ACPI: bus type pci registered
[    0.678357] PCI: Using configuration type 1 for base access
[    0.710319] bio: create slab &lt;bio-0&gt; at 0
[    0.715431] ACPI: Added _OSI(Module Device)
[    0.716223] ACPI: Added _OSI(Processor Device)
[    0.717007] ACPI: Added _OSI(3.0 _SCP Extensions)
[    0.717671] ACPI: Added _OSI(Processor Aggregator Device)
[    0.807303] ACPI: Interpreter enabled
[    0.808167] ACPI: (supports S0 S3 S4 S5)
[    0.809911] ACPI: Using IOAPIC for interrupt routing
[    0.878739] ACPI: No dock devices found.
[    0.880182] HEST: Table not found.
[    0.880802] PCI: Using host bridge windows from ACPI; if necessary, use "pci=nocrs" and report a bug
[    0.887961] ACPI: PCI Root Bridge [PCI0] (domain 0000 [bus 00-ff])
[    0.893117] pci_root PNP0A03:00: host bridge window [io  0x0000-0x0cf7]
[    0.894090] pci_root PNP0A03:00: host bridge window [io  0x0d00-0xadff]
[    0.894918] pci_root PNP0A03:00: host bridge window [io  0xae0f-0xaeff]
[    0.896110] pci_root PNP0A03:00: host bridge window [io  0xaf20-0xafdf]
[    0.896923] pci_root PNP0A03:00: host bridge window [io  0xafe4-0xffff]
[    0.897815] pci_root PNP0A03:00: host bridge window [mem 0x000a0000-0x000bffff]
[    0.900109] pci_root PNP0A03:00: host bridge window [mem 0x04000000-0xfebfffff]
[    0.929009] pci 0000:00:01.3: quirk: [io  0xb000-0xb03f] claimed by PIIX4 ACPI
[    0.930564] pci 0000:00:01.3: quirk: [io  0xb100-0xb10f] claimed by PIIX4 SMB
[    1.010578]  pci0000:00: Unable to request _OSC control (_OSC support mask: 0x1e)
[    1.088248] ACPI: PCI Interrupt Link [LNKA] (IRQs 5 *10 11)
[    1.090163] ACPI: PCI Interrupt Link [LNKB] (IRQs 5 *10 11)
[    1.092917] ACPI: PCI Interrupt Link [LNKC] (IRQs 5 10 *11)
[    1.094514] ACPI: PCI Interrupt Link [LNKD] (IRQs 5 10 *11)
[    1.096703] ACPI: PCI Interrupt Link [LNKS] (IRQs *9)
[    1.104439] vgaarb: device added: PCI:0000:00:02.0,decodes=io+mem,owns=io+mem,locks=none
[    1.105450] vgaarb: loaded
[    1.105928] vgaarb: bridge control possible 0000:00:02.0
[    1.109581] i2c-core: driver [aat2870] using legacy suspend method
[    1.110278] i2c-core: driver [aat2870] using legacy resume method
[    1.113657] SCSI subsystem initialized
[    1.117683] usbcore: registered new interface driver usbfs
[    1.118545] usbcore: registered new interface driver hub
[    1.120985] usbcore: registered new device driver usb
[    1.125207] PCI: Using ACPI for IRQ routing
[    1.141886] NetLabel: Initializing
[    1.142315] NetLabel:  domain hash size = 128
[    1.142839] NetLabel:  protocols = UNLABELED CIPSOv4
[    1.145692] NetLabel:  unlabeled traffic allowed by default
[    1.149494] HPET: 3 timers in total, 0 timers will be used for per-cpu timer
[    1.150535] hpet0: at MMIO 0xfed00000, IRQs 2, 8, 0
[    1.151338] hpet0: 3 comparators, 64-bit 100.000000 MHz counter
[    1.166392] Switching to clocksource hpet
[    1.467326] AppArmor: AppArmor Filesystem Enabled
[    1.469836] pnp: PnP ACPI init
[    1.470515] ACPI: bus type pnp registered
[    1.497991] pnp: PnP ACPI: found 9 devices
[    1.498594] ACPI: ACPI bus type pnp unregistered
[    1.567801] NET: Registered protocol family 2
[    1.613891] IP route cache hash table entries: 512 (order: 0, 4096 bytes)
[    1.621793] TCP established hash table entries: 2048 (order: 3, 32768 bytes)
[    1.623444] TCP bind hash table entries: 2048 (order: 3, 32768 bytes)
[    1.625191] TCP: Hash tables configured (established 2048 bind 2048)
[    1.626059] TCP reno registered
[    1.626587] UDP hash table entries: 128 (order: 0, 4096 bytes)
[    1.627657] UDP-Lite hash table entries: 128 (order: 0, 4096 bytes)
[    1.630910] NET: Registered protocol family 1
[    1.632068] pci 0000:00:00.0: Limiting direct PCI/PCI transfers
[    1.633700] pci 0000:00:01.0: PIIX3: Enabling Passive Release
[    1.634827] pci 0000:00:01.0: Activating ISA DMA hang workarounds
[    1.640023] ACPI: PCI Interrupt Link [LNKD] enabled at IRQ 11
[    1.641908] pci 0000:00:01.2: PCI INT D -&gt; Link[LNKD] -&gt; GSI 11 (level, high) -&gt; IRQ 11
[    1.645336] pci 0000:00:01.2: PCI INT D disabled
[    1.663980] Trying to unpack rootfs image as initramfs...
[    1.682669] audit: initializing netlink socket (disabled)
[    1.685294] type=2000 audit(1449185005.680:1): initialized
[    1.979472] HugeTLB registered 2 MB page size, pre-allocated 0 pages
[    2.070591] VFS: Disk quotas dquot_6.5.2
[    2.072526] Dquot-cache hash table entries: 512 (order 0, 4096 bytes)
[    2.099451] fuse init (API version 7.17)
[    2.102845] msgmni has been set to 84
[    2.131697] Block layer SCSI generic (bsg) driver version 0.4 loaded (major 253)
[    2.142680] io scheduler noop registered
[    2.143232] io scheduler deadline registered (default)
[    2.146183] io scheduler cfq registered
[    2.149741] pci_hotplug: PCI Hot Plug PCI Core version: 0.5
[    2.151634] pciehp: PCI Express Hot Plug Controller Driver version: 0.4
[    2.157933] input: Power Button as /devices/LNXSYSTM:00/LNXPWRBN:00/input/input0
[    2.159385] ACPI: Power Button [PWRF]
[    2.214064] ERST: Table is not found!
[    2.214632] GHES: HEST is not enabled!
[    2.230730] ACPI: PCI Interrupt Link [LNKC] enabled at IRQ 10
[    2.231561] virtio-pci 0000:00:03.0: PCI INT A -&gt; Link[LNKC] -&gt; GSI 10 (level, high) -&gt; IRQ 10
[    2.235982] virtio-pci 0000:00:04.0: PCI INT A -&gt; Link[LNKD] -&gt; GSI 11 (level, high) -&gt; IRQ 11
[    2.250784] ACPI: PCI Interrupt Link [LNKA] enabled at IRQ 10
[    2.253242] virtio-pci 0000:00:05.0: PCI INT A -&gt; Link[LNKA] -&gt; GSI 10 (level, high) -&gt; IRQ 10
[    2.265893] Serial: 8250/16550 driver, 32 ports, IRQ sharing enabled
[    2.305092] serial8250: ttyS0 at I/O 0x3f8 (irq = 4) is a 16550A
[    2.397102] serial8250: ttyS1 at I/O 0x2f8 (irq = 3) is a 16550A
[    2.543214] 00:05: ttyS0 at I/O 0x3f8 (irq = 4) is a 16550A
[    2.627226] 00:06: ttyS1 at I/O 0x2f8 (irq = 3) is a 16550A
[    2.651168] Refined TSC clocksource calibration: 2294.512 MHz.
[    2.652094] Switching to clocksource tsc
[    2.682716] Linux agpgart interface v0.103
[    2.745673] brd: module loaded
[    2.774576] loop: module loaded
[    2.842109]  vda: unknown partition table
[    2.913489] scsi0 : ata_piix
[    2.917273] scsi1 : ata_piix
[    2.919204] ata1: PATA max MWDMA2 cmd 0x1f0 ctl 0x3f6 bmdma 0xc0a0 irq 14
[    2.920142] ata2: PATA max MWDMA2 cmd 0x170 ctl 0x376 bmdma 0xc0a8 irq 15
[    2.931407] Fixed MDIO Bus: probed
[    2.933385] tun: Universal TUN/TAP device driver, 1.6
[    2.933982] tun: (C) 1999-2004 Max Krasnyansky &lt;maxk@qualcomm.com&gt;
[    2.951848] PPP generic driver version 2.4.2
[    2.977646] ehci_hcd: USB 2.0 'Enhanced' Host Controller (EHCI) Driver
[    2.978802] ohci_hcd: USB 1.1 'Open' Host Controller (OHCI) Driver
[    2.979759] uhci_hcd: USB Universal Host Controller Interface driver
[    2.981841] uhci_hcd 0000:00:01.2: PCI INT D -&gt; Link[LNKD] -&gt; GSI 11 (level, high) -&gt; IRQ 11
[    2.985970] uhci_hcd 0000:00:01.2: UHCI Host Controller
[    3.001196] uhci_hcd 0000:00:01.2: new USB bus registered, assigned bus number 1
[    3.005912] uhci_hcd 0000:00:01.2: irq 11, io base 0x0000c040
[    3.033801] hub 1-0:1.0: USB hub found
[    3.035490] hub 1-0:1.0: 2 ports detected
[    3.042366] usbcore: registered new interface driver libusual
[    3.045371] i8042: PNP: PS/2 Controller [PNP0303:KBD,PNP0f13:MOU] at 0x60,0x64 irq 1,12
[    3.061395] serio: i8042 KBD port at 0x60,0x64 irq 1
[    3.063994] serio: i8042 AUX port at 0x60,0x64 irq 12
[    3.112545] mousedev: PS/2 mouse device common for all mice
[    3.148976] input: AT Translated Set 2 keyboard as /devices/platform/i8042/serio0/input/input1
[    3.153938] ata2.01: ATAPI: QEMU DVD-ROM, 2.0.0, max UDMA/100
[    3.158704] rtc_cmos 00:01: RTC can wake from S4
[    3.170004] rtc_cmos 00:01: rtc core: registered rtc_cmos as rtc0
[    3.174827] rtc0: alarms up to one day, 114 bytes nvram, hpet irqs
[    3.179338] device-mapper: uevent: version 1.0.3
[    3.195808] ata2.01: configured for MWDMA2
[    3.231460] device-mapper: ioctl: 4.22.0-ioctl (2011-10-19) initialised: dm-devel@redhat.com
[    3.235452] cpuidle: using governor ladder
[    3.237511] cpuidle: using governor menu
[    3.238646] EFI Variables Facility v0.08 2004-May-17
[    3.248065] TCP cubic registered
[    3.253412] NET: Registered protocol family 10
[    3.281076] NET: Registered protocol family 17
[    3.282656] Registering the dns_resolver key type
[    3.291285] scsi 1:0:1:0: CD-ROM            QEMU     QEMU DVD-ROM     2.0. PQ: 0 ANSI: 5
[    3.311566] sr0: scsi3-mmc drive: 4x/4x cd/rw xa/form2 tray
[    3.313708] cdrom: Uniform CD-ROM driver Revision: 3.20
[    3.331844] sr 1:0:1:0: Attached scsi generic sg0 type 5
[    3.390198] registered taskstats version 1
[    3.423673] Freeing initrd memory: 3656k freed
[    3.894284]   Magic number: 11:525:402
[    3.905660] rtc_cmos 00:01: setting system clock to 2015-12-03 23:23:28 UTC (1449185008)
[    3.910295] powernow-k8: Processor cpuid 663 not supported
[    3.916690] BIOS EDD facility v0.16 2004-Jun-25, 0 devices found
[    3.918137] EDD information not available.
[    3.977442] Freeing unused kernel memory: 928k freed
[    3.982185] Write protecting the kernel read-only data: 12288k
[    4.090154] Freeing unused kernel memory: 1596k freed
[    4.167644] Freeing unused kernel memory: 1184k freed

info: initramfs: up at 4.37
modprobe: module virtio_blk not found in modules.dep
modprobe: module virtio_net not found in modules.dep
info: copying initramfs to /dev/vda
info: initramfs loading root from /dev/vda
info: /etc/init.d/rc.sysinit: up at 9.12
info: container: none
Starting logging: OK
modprobe: module virtio_blk not found in modules.dep
modprobe: module virtio_net not found in modules.dep
WARN: /etc/rc3.d/S10-load-modules failed
Initializing random number generator... done.
Starting acpid: OK
cirros-ds 'local' up at 11.55
found datasource (configdrive, local)
Starting network...
udhcpc (v1.20.1) started
Sending discover...
Sending discover...

2015-12-03 23:25:26,336 20436 INFO     [tempest_lib.common.rest_client] Request (TestNetworkAdvancedServerOps:_run_cleanups): 204 DELETE http://10.0.2.15:9696/v2.0/floatingips/aa45de01-9215-446d-b6fd-cca8d9a57e79 0.340s
2015-12-03 23:25:26,337 20436 DEBUG    [tempest_lib.common.rest_client] Request - Headers: {'Content-Type': 'application/json', 'Accept': 'application/json', 'X-Auth-Token': '&lt;omitted&gt;'}
        Body: None
    Response - Headers: {'date': 'Thu, 03 Dec 2015 23:25:26 GMT', 'status': '204', 'connection': 'close', 'content-length': '0', 'x-openstack-request-id': 'req-7e0d464e-e166-4f25-98e0-f12361b7a694'}
        Body: 
2015-12-03 23:25:26,551 20436 INFO     [tempest_lib.common.rest_client] Request (TestNetworkAdvancedServerOps:_run_cleanups): 204 DELETE http://10.0.2.15:8774/v2.1/c20a48a3eb4e4a35a0f64fe6e9ddbfb6/servers/ba0a5078-0613-4544-8c97-e723f91e5e26 0.214s
2015-12-03 23:25:26,552 20436 DEBUG    [tempest_lib.common.rest_client] Request - Headers: {'Content-Type': 'application/json', 'Accept': 'application/json', 'X-Auth-Token': '&lt;omitted&gt;'}
        Body: None
    Response - Headers: {'status': '204', 'content-length': '0', 'x-compute-request-id': 'req-5ae06593-e592-48b2-a5aa-008fbae7c337', 'vary': 'X-OpenStack-Nova-API-Version', 'connection': 'close', 'x-openstack-nova-api-version': '2.1', 'date': 'Thu, 03 Dec 2015 23:25:26 GMT', 'content-type': 'application/json'}
        Body: 
2015-12-03 23:25:26,817 20436 INFO     [tempest_lib.common.rest_client] Request (TestNetworkAdvancedServerOps:_run_cleanups): 200 GET http://10.0.2.15:8774/v2.1/c20a48a3eb4e4a35a0f64fe6e9ddbfb6/servers/ba0a5078-0613-4544-8c97-e723f91e5e26 0.264s
2015-12-03 23:25:26,817 20436 DEBUG    [tempest_lib.common.rest_client] Request - Headers: {'Content-Type': 'application/json', 'Accept': 'application/json', 'X-Auth-Token': '&lt;omitted&gt;'}
        Body: None
    Response - Headers: {'status': '200', 'content-length': '1784', 'content-location': 'http://10.0.2.15:8774/v2.1/c20a48a3eb4e4a35a0f64fe6e9ddbfb6/servers/ba0a5078-0613-4544-8c97-e723f91e5e26', 'x-compute-request-id': 'req-928d4278-4b63-4b5a-af93-7b00dd383a02', 'vary': 'X-OpenStack-Nova-API-Version', 'connection': 'close', 'x-openstack-nova-api-version': '2.1', 'date': 'Thu, 03 Dec 2015 23:25:26 GMT', 'content-type': 'application/json'}
        Body: {"server": {"status": "ACTIVE", "updated": "2015-12-03T23:25:26Z", "hostId": "fe2773e104f892b602bec801a1f6c8b2e45639cd9ecc87d0ad7774da", "addresses": {"tempest-network-smoke--307138577": [{"OS-EXT-IPS-MAC:mac_addr": "fa:16:3e:99:ba:96", "version": 4, "addr": "10.100.0.3", "OS-EXT-IPS:type": "fixed"}, {"OS-EXT-IPS-MAC:mac_addr": "fa:16:3e:99:ba:96", "version": 4, "addr": "172.24.4.4", "OS-EXT-IPS:type": "floating"}]}, "links": [{"href": "http://10.0.2.15:8774/v2.1/c20a48a3eb4e4a35a0f64fe6e9ddbfb6/servers/ba0a5078-0613-4544-8c97-e723f91e5e26", "rel": "self"}, {"href": "http://10.0.2.15:8774/c20a48a3eb4e4a35a0f64fe6e9ddbfb6/servers/ba0a5078-0613-4544-8c97-e723f91e5e26", "rel": "bookmark"}], "key_name": "tempest-TestNetworkAdvancedServerOps-696338217", "image": {"id": "7c3afd5a-db39-4444-b1f2-76e075f5501f", "links": [{"href": "http://10.0.2.15:8774/c20a48a3eb4e4a35a0f64fe6e9ddbfb6/images/7c3afd5a-db39-4444-b1f2-76e075f5501f", "rel": "bookmark"}]}, "OS-EXT-STS:task_state": "deleting", "OS-EXT-STS:vm_state": "active", "OS-SRV-USG:launched_at": "2015-12-03T23:23:21.000000", "flavor": {"id": "42", "links": [{"href": "http://10.0.2.15:8774/c20a48a3eb4e4a35a0f64fe6e9ddbfb6/flavors/42", "rel": "bookmark"}]}, "id": "ba0a5078-0613-4544-8c97-e723f91e5e26", "security_groups": [{"name": "tempest-secgroup-smoke-1747629121"}], "OS-SRV-USG:terminated_at": null, "OS-EXT-AZ:availability_zone": "nova", "user_id": "397dcb3743d04b11bcfd074c36f7f0e3", "name": "tempest.common.compute-instance-1952779825", "created": "2015-12-03T23:23:18Z", "tenant_id": "c20a48a3eb4e4a35a0f64fe6e9ddbfb6", "OS-DCF:diskConfig": "MANUAL", "os-extended-volumes:volumes_attached": [], "accessIPv4": "", "accessIPv6": "", "progress": 0, "OS-EXT-STS:power_state": 1, "config_drive": "True", "metadata": {}}}
2015-12-03 23:25:27,952 20436 INFO     [tempest_lib.common.rest_client] Request (TestNetworkAdvancedServerOps:_run_cleanups): 200 GET http://10.0.2.15:8774/v2.1/c20a48a3eb4e4a35a0f64fe6e9ddbfb6/servers/ba0a5078-0613-4544-8c97-e723f91e5e26 0.123s
2015-12-03 23:25:27,953 20436 DEBUG    [tempest_lib.common.rest_client] Request - Headers: {'Content-Type': 'application/json', 'Accept': 'application/json', 'X-Auth-Token': '&lt;omitted&gt;'}
        Body: None
    Response - Headers: {'status': '200', 'content-length': '1449', 'content-location': 'http://10.0.2.15:8774/v2.1/c20a48a3eb4e4a35a0f64fe6e9ddbfb6/servers/ba0a5078-0613-4544-8c97-e723f91e5e26', 'x-compute-request-id': 'req-a3ec17cf-0eef-4eb8-b129-079df55429c3', 'vary': 'X-OpenStack-Nova-API-Version', 'connection': 'close', 'x-openstack-nova-api-version': '2.1', 'date': 'Thu, 03 Dec 2015 23:25:27 GMT', 'content-type': 'application/json'}
        Body: {"server": {"status": "ACTIVE", "updated": "2015-12-03T23:25:27Z", "hostId": "fe2773e104f892b602bec801a1f6c8b2e45639cd9ecc87d0ad7774da", "addresses": {}, "links": [{"href": "http://10.0.2.15:8774/v2.1/c20a48a3eb4e4a35a0f64fe6e9ddbfb6/servers/ba0a5078-0613-4544-8c97-e723f91e5e26", "rel": "self"}, {"href": "http://10.0.2.15:8774/c20a48a3eb4e4a35a0f64fe6e9ddbfb6/servers/ba0a5078-0613-4544-8c97-e723f91e5e26", "rel": "bookmark"}], "key_name": "tempest-TestNetworkAdvancedServerOps-696338217", "image": {"id": "7c3afd5a-db39-4444-b1f2-76e075f5501f", "links": [{"href": "http://10.0.2.15:8774/c20a48a3eb4e4a35a0f64fe6e9ddbfb6/images/7c3afd5a-db39-4444-b1f2-76e075f5501f", "rel": "bookmark"}]}, "OS-EXT-STS:task_state": "deleting", "OS-EXT-STS:vm_state": "active", "OS-SRV-USG:launched_at": "2015-12-03T23:23:21.000000", "flavor": {"id": "42", "links": [{"href": "http://10.0.2.15:8774/c20a48a3eb4e4a35a0f64fe6e9ddbfb6/flavors/42", "rel": "bookmark"}]}, "id": "ba0a5078-0613-4544-8c97-e723f91e5e26", "OS-SRV-USG:terminated_at": null, "OS-EXT-AZ:availability_zone": "nova", "user_id": "397dcb3743d04b11bcfd074c36f7f0e3", "name": "tempest.common.compute-instance-1952779825", "created": "2015-12-03T23:23:18Z", "tenant_id": "c20a48a3eb4e4a35a0f64fe6e9ddbfb6", "OS-DCF:diskConfig": "MANUAL", "os-extended-volumes:volumes_attached": [], "accessIPv4": "", "accessIPv6": "", "progress": 0, "OS-EXT-STS:power_state": 1, "config_drive": "True", "metadata": {}}}
2015-12-03 23:25:29,050 20436 INFO     [tempest_lib.common.rest_client] Request (TestNetworkAdvancedServerOps:_run_cleanups): 404 GET http://10.0.2.15:8774/v2.1/c20a48a3eb4e4a35a0f64fe6e9ddbfb6/servers/ba0a5078-0613-4544-8c97-e723f91e5e26 0.086s
2015-12-03 23:25:29,051 20436 DEBUG    [tempest_lib.common.rest_client] Request - Headers: {'Content-Type': 'application/json', 'Accept': 'application/json', 'X-Auth-Token': '&lt;omitted&gt;'}
        Body: None
    Response - Headers: {'status': '404', 'content-length': '111', 'x-compute-request-id': 'req-d413f411-f050-4ba5-80d9-f3f1ecd8eba0', 'vary': 'X-OpenStack-Nova-API-Version', 'connection': 'close', 'x-openstack-nova-api-version': '2.1', 'date': 'Thu, 03 Dec 2015 23:25:29 GMT', 'content-type': 'application/json; charset=UTF-8'}
        Body: {"itemNotFound": {"message": "Instance ba0a5078-0613-4544-8c97-e723f91e5e26 could not be found.", "code": 404}}
2015-12-03 23:25:29,491 20436 INFO     [tempest_lib.common.rest_client] Request (TestNetworkAdvancedServerOps:_run_cleanups): 200 PUT http://10.0.2.15:9696/v2.0/routers/ba786887-0e39-49f1-8213-809ddde09b89/remove_router_interface 0.439s
2015-12-03 23:25:29,492 20436 DEBUG    [tempest_lib.common.rest_client] Request - Headers: {'Content-Type': 'application/json', 'Accept': 'application/json', 'X-Auth-Token': '&lt;omitted&gt;'}
        Body: {"subnet_id": "800047d2-7bf1-4199-959d-7922971039cd"}
    Response - Headers: {'status': '200', 'content-length': '255', 'connection': 'close', 'date': 'Thu, 03 Dec 2015 23:25:29 GMT', 'content-type': 'application/json; charset=UTF-8', 'x-openstack-request-id': 'req-65380592-607e-40c7-8fca-18dfaf932db6'}
        Body: {"subnet_id": "800047d2-7bf1-4199-959d-7922971039cd", "tenant_id": "c20a48a3eb4e4a35a0f64fe6e9ddbfb6", "subnet_ids": ["800047d2-7bf1-4199-959d-7922971039cd"], "port_id": "4f570ee6-52c3-44ba-b331-1164288c6476", "id": "ba786887-0e39-49f1-8213-809ddde09b89"}
2015-12-03 23:25:29,950 20436 INFO     [tempest_lib.common.rest_client] Request (TestNetworkAdvancedServerOps:_run_cleanups): 204 DELETE http://10.0.2.15:9696/v2.0/subnets/800047d2-7bf1-4199-959d-7922971039cd 0.457s
2015-12-03 23:25:29,950 20436 DEBUG    [tempest_lib.common.rest_client] Request - Headers: {'Content-Type': 'application/json', 'Accept': 'application/json', 'X-Auth-Token': '&lt;omitted&gt;'}
        Body: None
    Response - Headers: {'date': 'Thu, 03 Dec 2015 23:25:29 GMT', 'status': '204', 'connection': 'close', 'content-length': '0', 'x-openstack-request-id': 'req-c4234aa4-6879-425c-87f7-44d179ac54e8'}
        Body: 
2015-12-03 23:25:29,997 20436 INFO     [tempest_lib.common.rest_client] Request (TestNetworkAdvancedServerOps:_run_cleanups): 200 GET http://10.0.2.15:9696/v2.0/routers/ba786887-0e39-49f1-8213-809ddde09b89 0.046s
2015-12-03 23:25:29,998 20436 DEBUG    [tempest_lib.common.rest_client] Request - Headers: {'Content-Type': 'application/json', 'Accept': 'application/json', 'X-Auth-Token': '&lt;omitted&gt;'}
        Body: None
    Response - Headers: {'status': '200', 'content-length': '500', 'content-location': 'http://10.0.2.15:9696/v2.0/routers/ba786887-0e39-49f1-8213-809ddde09b89', 'connection': 'close', 'date': 'Thu, 03 Dec 2015 23:25:29 GMT', 'content-type': 'application/json; charset=UTF-8', 'x-openstack-request-id': 'req-8a17bab8-a494-4813-9c8e-4bfe932794c1'}
        Body: {"router": {"status": "ACTIVE", "external_gateway_info": {"network_id": "e6b3874e-353b-41f2-8bf2-2a9665295cd6", "enable_snat": true, "external_fixed_ips": [{"subnet_id": "6c4f9580-2db4-4661-b198-858a5b8cf82b", "ip_address": "172.24.4.3"}, {"subnet_id": "78a5d8c7-a24d-4e46-b6d7-3284177e37c5", "ip_address": "2001:db8::3"}]}, "name": "tempest-router-smoke-122194157", "admin_state_up": true, "tenant_id": "c20a48a3eb4e4a35a0f64fe6e9ddbfb6", "routes": [], "id": "ba786887-0e39-49f1-8213-809ddde09b89"}}
2015-12-03 23:25:30,380 20436 INFO     [tempest_lib.common.rest_client] Request (TestNetworkAdvancedServerOps:_run_cleanups): 200 PUT http://10.0.2.15:9696/v2.0/routers/ba786887-0e39-49f1-8213-809ddde09b89 0.381s
2015-12-03 23:25:30,381 20436 DEBUG    [tempest_lib.common.rest_client] Request - Headers: {'Content-Type': 'application/json', 'Accept': 'application/json', 'X-Auth-Token': '&lt;omitted&gt;'}
        Body: {"router": {"external_gateway_info": {}, "name": "tempest-router-smoke-122194157", "admin_state_up": true}}
    Response - Headers: {'status': '200', 'content-length': '238', 'connection': 'close', 'date': 'Thu, 03 Dec 2015 23:25:30 GMT', 'content-type': 'application/json; charset=UTF-8', 'x-openstack-request-id': 'req-861aec39-926d-4531-a12f-ee24dda74f99'}
        Body: {"router": {"status": "ACTIVE", "external_gateway_info": null, "name": "tempest-router-smoke-122194157", "admin_state_up": true, "tenant_id": "c20a48a3eb4e4a35a0f64fe6e9ddbfb6", "routes": [], "id": "ba786887-0e39-49f1-8213-809ddde09b89"}}
2015-12-03 23:25:30,603 20436 INFO     [tempest_lib.common.rest_client] Request (TestNetworkAdvancedServerOps:_run_cleanups): 204 DELETE http://10.0.2.15:9696/v2.0/routers/ba786887-0e39-49f1-8213-809ddde09b89 0.221s
2015-12-03 23:25:30,604 20436 DEBUG    [tempest_lib.common.rest_client] Request - Headers: {'Content-Type': 'application/json', 'Accept': 'application/json', 'X-Auth-Token': '&lt;omitted&gt;'}
        Body: None
    Response - Headers: {'date': 'Thu, 03 Dec 2015 23:25:30 GMT', 'status': '204', 'connection': 'close', 'content-length': '0', 'x-openstack-request-id': 'req-e6a3dcd9-a9dc-42a8-8618-9685e4598e34'}
        Body: 
2015-12-03 23:25:30,799 20436 INFO     [tempest_lib.common.rest_client] Request (TestNetworkAdvancedServerOps:_run_cleanups): 204 DELETE http://10.0.2.15:9696/v2.0/networks/a3c7b47b-f247-4be4-912e-a24d58e395f8 0.195s
2015-12-03 23:25:30,800 20436 DEBUG    [tempest_lib.common.rest_client] Request - Headers: {'Content-Type': 'application/json', 'Accept': 'application/json', 'X-Auth-Token': '&lt;omitted&gt;'}
        Body: None
    Response - Headers: {'date': 'Thu, 03 Dec 2015 23:25:30 GMT', 'status': '204', 'connection': 'close', 'content-length': '0', 'x-openstack-request-id': 'req-ae828b27-69e2-45bc-be2d-ab5a2ac57765'}
        Body: 
2015-12-03 23:25:30,861 20436 INFO     [tempest_lib.common.rest_client] Request (TestNetworkAdvancedServerOps:_run_cleanups): 204 DELETE http://10.0.2.15:9696/v2.0/security-group-rules/b8430916-6133-413a-a5a4-5935575057b5 0.061s
2015-12-03 23:25:30,862 20436 DEBUG    [tempest_lib.common.rest_client] Request - Headers: {'Content-Type': 'application/json', 'Accept': 'application/json', 'X-Auth-Token': '&lt;omitted&gt;'}
        Body: None
    Response - Headers: {'date': 'Thu, 03 Dec 2015 23:25:30 GMT', 'status': '204', 'connection': 'close', 'content-length': '0', 'x-openstack-request-id': 'req-4cb2f6cc-ce06-411e-ac1e-c9974783813d'}
        Body: 
2015-12-03 23:25:30,925 20436 INFO     [tempest_lib.common.rest_client] Request (TestNetworkAdvancedServerOps:_run_cleanups): 204 DELETE http://10.0.2.15:9696/v2.0/security-group-rules/c9d71a84-b5ab-499b-a247-b19320c3b26f 0.062s
2015-12-03 23:25:30,926 20436 DEBUG    [tempest_lib.common.rest_client] Request - Headers: {'Content-Type': 'application/json', 'Accept': 'application/json', 'X-Auth-Token': '&lt;omitted&gt;'}
        Body: None
    Response - Headers: {'date': 'Thu, 03 Dec 2015 23:25:30 GMT', 'status': '204', 'connection': 'close', 'content-length': '0', 'x-openstack-request-id': 'req-d34817da-9467-41f1-b0a8-84ccd1aa80cd'}
        Body: 
2015-12-03 23:25:30,988 20436 INFO     [tempest_lib.common.rest_client] Request (TestNetworkAdvancedServerOps:_run_cleanups): 204 DELETE http://10.0.2.15:9696/v2.0/security-group-rules/81c9b251-4479-43ff-9458-2613e0dd2d97 0.060s
2015-12-03 23:25:30,989 20436 DEBUG    [tempest_lib.common.rest_client] Request - Headers: {'Content-Type': 'application/json', 'Accept': 'application/json', 'X-Auth-Token': '&lt;omitted&gt;'}
        Body: None
    Response - Headers: {'date': 'Thu, 03 Dec 2015 23:25:30 GMT', 'status': '204', 'connection': 'close', 'content-length': '0', 'x-openstack-request-id': 'req-d22f9231-88bf-4836-99f0-d6838abfdbba'}
        Body: 
2015-12-03 23:25:31,049 20436 INFO     [tempest_lib.common.rest_client] Request (TestNetworkAdvancedServerOps:_run_cleanups): 204 DELETE http://10.0.2.15:9696/v2.0/security-group-rules/5c169c34-12e6-47b5-ac18-a1a78f95b800 0.060s
2015-12-03 23:25:31,050 20436 DEBUG    [tempest_lib.common.rest_client] Request - Headers: {'Content-Type': 'application/json', 'Accept': 'application/json', 'X-Auth-Token': '&lt;omitted&gt;'}
        Body: None
    Response - Headers: {'date': 'Thu, 03 Dec 2015 23:25:31 GMT', 'status': '204', 'connection': 'close', 'content-length': '0', 'x-openstack-request-id': 'req-4c1fbe4e-bd9e-4b56-8772-9f6e91fe06d7'}
        Body: 
2015-12-03 23:25:31,115 20436 INFO     [tempest_lib.common.rest_client] Request (TestNetworkAdvancedServerOps:_run_cleanups): 204 DELETE http://10.0.2.15:9696/v2.0/security-group-rules/c2d4d72f-3ebc-474c-8091-c2564c5c1a8f 0.064s
2015-12-03 23:25:31,116 20436 DEBUG    [tempest_lib.common.rest_client] Request - Headers: {'Content-Type': 'application/json', 'Accept': 'application/json', 'X-Auth-Token': '&lt;omitted&gt;'}
        Body: None
    Response - Headers: {'date': 'Thu, 03 Dec 2015 23:25:31 GMT', 'status': '204', 'connection': 'close', 'content-length': '0', 'x-openstack-request-id': 'req-c389812d-5927-4885-be48-35d340169865'}
        Body: 
2015-12-03 23:25:31,178 20436 INFO     [tempest_lib.common.rest_client] Request (TestNetworkAdvancedServerOps:_run_cleanups): 204 DELETE http://10.0.2.15:9696/v2.0/security-group-rules/859bbbeb-54d4-4b4a-b3c6-8f4e7f5c93db 0.061s
2015-12-03 23:25:31,178 20436 DEBUG    [tempest_lib.common.rest_client] Request - Headers: {'Content-Type': 'application/json', 'Accept': 'application/json', 'X-Auth-Token': '&lt;omitted&gt;'}
        Body: None
    Response - Headers: {'date': 'Thu, 03 Dec 2015 23:25:31 GMT', 'status': '204', 'connection': 'close', 'content-length': '0', 'x-openstack-request-id': 'req-77d43a71-3aea-4a7d-973f-ad2221e8cb78'}
        Body: 
2015-12-03 23:25:31,273 20436 INFO     [tempest_lib.common.rest_client] Request (TestNetworkAdvancedServerOps:_run_cleanups): 204 DELETE http://10.0.2.15:9696/v2.0/security-groups/b27c80ac-8540-4a71-b02b-cbef6fcd77e4 0.094s
2015-12-03 23:25:31,273 20436 DEBUG    [tempest_lib.common.rest_client] Request - Headers: {'Content-Type': 'application/json', 'Accept': 'application/json', 'X-Auth-Token': '&lt;omitted&gt;'}
        Body: None
    Response - Headers: {'date': 'Thu, 03 Dec 2015 23:25:31 GMT', 'status': '204', 'connection': 'close', 'content-length': '0', 'x-openstack-request-id': 'req-a2c8018f-3e09-47a4-b403-9e1ae2a86b94'}
        Body: 
2015-12-03 23:25:31,291 20436 INFO     [tempest_lib.common.rest_client] Request (TestNetworkAdvancedServerOps:_run_cleanups): 202 DELETE http://10.0.2.15:8774/v2.1/c20a48a3eb4e4a35a0f64fe6e9ddbfb6/os-keypairs/tempest-TestNetworkAdvancedServerOps-696338217 0.017s
2015-12-03 23:25:31,291 20436 DEBUG    [tempest_lib.common.rest_client] Request - Headers: {'Content-Type': 'application/json', 'Accept': 'application/json', 'X-Auth-Token': '&lt;omitted&gt;'}
        Body: None
    Response - Headers: {'status': '202', 'content-length': '0', 'x-compute-request-id': 'req-faa8320f-0321-49b5-8134-8f1d3ef1d64d', 'vary': 'X-OpenStack-Nova-API-Version', 'connection': 'close', 'x-openstack-nova-api-version': '2.1', 'date': 'Thu, 03 Dec 2015 23:25:31 GMT', 'content-type': 'application/json'}
        Body: 
2015-12-03 23:25:31,377 20436 INFO     [tempest_lib.common.rest_client] Request (TestNetworkAdvancedServerOps:_run_cleanups): 404 GET http://10.0.2.15:8774/v2.1/c20a48a3eb4e4a35a0f64fe6e9ddbfb6/servers/ba0a5078-0613-4544-8c97-e723f91e5e26 0.084s
2015-12-03 23:25:31,377 20436 DEBUG    [tempest_lib.common.rest_client] Request - Headers: {'Content-Type': 'application/json', 'Accept': 'application/json', 'X-Auth-Token': '&lt;omitted&gt;'}
        Body: None
    Response - Headers: {'status': '404', 'content-length': '111', 'x-compute-request-id': 'req-81d5e287-8fa7-4ddd-bc25-6face8ac70aa', 'vary': 'X-OpenStack-Nova-API-Version', 'connection': 'close', 'x-openstack-nova-api-version': '2.1', 'date': 'Thu, 03 Dec 2015 23:25:31 GMT', 'content-type': 'application/json; charset=UTF-8'}
        Body: {"itemNotFound": {"message": "Instance ba0a5078-0613-4544-8c97-e723f91e5e26 could not be found.", "code": 404}}
}}}

Traceback (most recent call last):
  File "tempest/test.py", line 127, in wrapper
    return f(self, *func_args, **func_kwargs)
  File "tempest/scenario/test_network_advanced_server_ops.py", line 134, in test_server_connectivity_pause_unpause
    server, keypair, floating_ip = self._setup_network_and_servers()
  File "tempest/scenario/test_network_advanced_server_ops.py", line 71, in _setup_network_and_servers
    server, keypair, floating_ip)
  File "tempest/scenario/test_network_advanced_server_ops.py", line 95, in _wait_server_status_and_check_network_connectivity
    self._check_network_connectivity(server, keypair, floating_ip)
  File "tempest/scenario/test_network_advanced_server_ops.py", line 88, in _check_network_connectivity
    servers=[server])
  File "tempest/scenario/manager.py", line 606, in check_public_network_connectivity
    should_connect=should_connect)
  File "tempest/scenario/manager.py", line 590, in check_vm_connectivity
    msg=msg)
  File "/usr/local/lib/python2.7/dist-packages/unittest2/case.py", line 702, in assertTrue
    raise self.failureException(msg)
AssertionError: False is not true : Timed out waiting for 172.24.4.4 to become reachable



        </pre>
    </div>
    <!--css div popup end-->

    </td>
</tr>

<tr id='ft1.2' class='none'>
    <td class='failCase'><div class='testcase'>test_server_connectivity_reboot[compute,id-7b6860c2-afa3-4846-9522-adeb38dfbe08,network]</div></td>
    <td colspan='7' align='left'>

    <!--css div popup start-->
    <a class="popup_link" onfocus='this.blur();'
    href="javascript:showTestDetail('div_ft1.2')" >
        fail</a>

    <div id='div_ft1.2' class="popup_window">
        <div style='text-align: right; color:red;cursor:pointer'>
        <a onfocus='this.blur();'
onclick="document.getElementById('div_ft1.2').style.display = 'none' " >
           [x]</a>
        </div>
        <pre>
        
ft1.2: tempest.scenario.test_network_advanced_server_ops.TestNetworkAdvancedServerOps.test_server_connectivity_reboot[compute,id-7b6860c2-afa3-4846-9522-adeb38dfbe08,network]_StringException: Empty attachments:
  stderr
  stdout

pythonlogging:'': {{{
2015-12-03 23:25:31,584 20436 INFO     [tempest_lib.common.rest_client] Request (TestNetworkAdvancedServerOps:test_server_connectivity_reboot): 200 POST http://10.0.2.15:8774/v2.1/c20a48a3eb4e4a35a0f64fe6e9ddbfb6/os-keypairs 0.189s
