<?xml version="1.0" encoding="UTF-8"?>
<!DOCTYPE html PUBLIC "-//W3C//DTD XHTML 1.0 Strict//EN"
     "http://www.w3.org/TR/xhtml1/DTD/xhtml1-strict.dtd">
<html xmlns="http://www.w3.org/1999/xhtml">
<head>
    <title>Unit Test Report</title>
    <meta name="generator" content="subunit2html 0.1"/>
    <meta http-equiv="Content-Type" content="text/html; charset=UTF-8"/>
    
<style type="text/css" media="screen">
body        { font-family: verdana, arial, helvetica, sans-serif;
    font-size: 80%; }
table       { font-size: 100%; width: 100%;}
pre         { font-size: 80%; }

/* -- heading -------------------------------------------------------------- */
h1 {
        font-size: 16pt;
        color: gray;
}
.heading {
    margin-top: 0ex;
    margin-bottom: 1ex;
}

.heading .attribute {
    margin-top: 1ex;
    margin-bottom: 0;
}

.heading .description {
    margin-top: 4ex;
    margin-bottom: 6ex;
}

/* -- css div popup -------------------------------------------------------- */
a.popup_link {
}

a.popup_link:hover {
    color: red;
}

.popup_window {
    display: none;
    overflow-x: scroll;
    /*border: solid #627173 1px; */
    padding: 10px;
    background-color: #E6E6D6;
    font-family: "Ubuntu Mono", "Lucida Console", "Courier New", monospace;
    text-align: left;
    font-size: 8pt;
}

}
/* -- report --------------------------------------------------------------- */
#show_detail_line {
    margin-top: 3ex;
    margin-bottom: 1ex;
}
#result_table {
    width: 100%;
    border-collapse: collapse;
    border: 1px solid #777;
}
#header_row {
    font-weight: bold;
    color: white;
    background-color: #777;
}
#result_table td {
    border: 1px solid #777;
    padding: 2px;
}
#total_row  { font-weight: bold; }
.passClass  { background-color: #6c6; }
.failClass  { background-color: #c60; }
.errorClass { background-color: #c00; }
.passCase   { color: #6c6; }
.failCase   { color: #c60; font-weight: bold; }
.errorCase  { color: #c00; font-weight: bold; }
.hiddenRow  { display: none; }
.testcase   { margin-left: 2em; }
td.testname {width: 40%}
td.small {width: 40px}

/* -- ending --------------------------------------------------------------- */
#ending {
}

</style>

</head>
<body>
<script language="javascript" type="text/javascript"><!--
output_list = Array();

/* level - 0:Summary; 1:Failed; 2:All */
function showCase(level) {
    trs = document.getElementsByTagName("tr");
    for (var i = 0; i < trs.length; i++) {
        tr = trs[i];
        id = tr.id;
        if (id.substr(0,2) == 'ft') {
            if (level < 1) {
                tr.className = 'hiddenRow';
            }
            else {
                tr.className = '';
            }
        }
        if (id.substr(0,2) == 'pt') {
            if (level > 1) {
                tr.className = '';
            }
            else {
                tr.className = 'hiddenRow';
            }
        }
    }
}


function showClassDetail(cid, count) {
    var id_list = Array(count);
    var toHide = 1;
    for (var i = 0; i < count; i++) {
        tid0 = 't' + cid.substr(1) + '.' + (i+1);
        tid = 'f' + tid0;
        tr = document.getElementById(tid);
        if (!tr) {
            tid = 'p' + tid0;
            tr = document.getElementById(tid);
        }
        id_list[i] = tid;
        if (tr.className) {
            toHide = 0;
        }
    }
    for (var i = 0; i < count; i++) {
        tid = id_list[i];
        if (toHide) {
            document.getElementById('div_'+tid).style.display = 'none'
            document.getElementById(tid).className = 'hiddenRow';
        }
        else {
            document.getElementById(tid).className = '';
        }
    }
}


function showTestDetail(div_id){
    var details_div = document.getElementById(div_id)
    var displayState = details_div.style.display
    // alert(displayState)
    if (displayState != 'block' ) {
        displayState = 'block'
        details_div.style.display = 'block'
    }
    else {
        details_div.style.display = 'none'
    }
}


function html_escape(s) {
    s = s.replace(/&/g,'&amp;');
    s = s.replace(/</g,'&lt;');
    s = s.replace(/>/g,'&gt;');
    return s;
}

/* obsoleted by detail in <div>
function showOutput(id, name) {
    var w = window.open("", //url
                    name,
                    "resizable,scrollbars,status,width=800,height=450");
    d = w.document;
    d.write("<pre>");
    d.write(html_escape(output_list[id]));
    d.write("\n");
    d.write("<a href='javascript:window.close()'>close</a>\n");
    d.write("</pre>\n");
    d.close();
}
*/
--></script>

<div class='heading'>
<h1>Unit Test Report</h1>

<p class='attribute'><strong>Status:</strong> Failure 6</p>

<p class='description'></p>
</div>



<p id='show_detail_line'>Show
<a href='javascript:showCase(0)'>Summary</a>
<a href='javascript:showCase(1)'>Failed</a>
<a href='javascript:showCase(2)'>All</a>
</p>
<table id='result_table'>
<colgroup>
<col align='left' />
<col align='right' />
<col align='right' />
<col align='right' />
<col align='right' />
<col align='right' />
<col align='right' />
<col align='right' />
</colgroup>
<tr id='header_row'>
    <td>Test Group/Test case</td>
    <td>Count</td>
    <td>Pass</td>
    <td>Fail</td>
    <td>Error</td>
    <td>Skip</td>
    <td>View</td>
    <td> </td>
</tr>

<tr class='failClass'>
    <td class="testname">tempest.scenario.test_network_advanced_server_ops.TestNetworkAdvancedServerOps</td>
    <td class="small">6</td>
    <td class="small">0</td>
    <td class="small">6</td>
    <td class="small">0</td>
    <td class="small">0</td>
    <td class="small"><a href="javascript:showClassDetail('c1',6)"
>Detail</a></td>
    <td> </td>
</tr>

<tr id='ft1.1' class='none'>
    <td class='failCase'><div class='testcase'>test_server_connectivity_pause_unpause[compute,id-2b2642db-6568-4b35-b812-eceed3fa20ce,network]</div></td>
    <td colspan='7' align='left'>

    <!--css div popup start-->
    <a class="popup_link" onfocus='this.blur();'
    href="javascript:showTestDetail('div_ft1.1')" >
        fail</a>

    <div id='div_ft1.1' class="popup_window">
        <div style='text-align: right; color:red;cursor:pointer'>
        <a onfocus='this.blur();'
onclick="document.getElementById('div_ft1.1').style.display = 'none' " >
           [x]</a>
        </div>
        <pre>
        
ft1.1: tempest.scenario.test_network_advanced_server_ops.TestNetworkAdvancedServerOps.test_server_connectivity_pause_unpause[compute,id-2b2642db-6568-4b35-b812-eceed3fa20ce,network]_StringException: Empty attachments:
  stderr
  stdout

pythonlogging:'': {{{
2015-12-18 19:38:19,931 21488 INFO     [tempest_lib.common.rest_client] Request (TestNetworkAdvancedServerOps:test_server_connectivity_pause_unpause): 200 POST http://10.0.2.15:8774/v2.1/f6c1229021e14f61a025be18ee4acf4d/os-keypairs 0.661s
2015-12-18 19:38:19,932 21488 DEBUG    [tempest_lib.common.rest_client] Request - Headers: {'Content-Type': 'application/json', 'Accept': 'application/json', 'X-Auth-Token': '&lt;omitted&gt;'}
        Body: {"keypair": {"name": "tempest-TestNetworkAdvancedServerOps-978440185"}}
    Response - Headers: {'status': '200', 'content-length': '2329', 'x-compute-request-id': 'req-a7e48f72-c3c7-4176-8c65-0ca062d0eda1', 'vary': 'X-OpenStack-Nova-API-Version', 'connection': 'close', 'x-openstack-nova-api-version': '2.1', 'date': 'Fri, 18 Dec 2015 19:38:19 GMT', 'content-type': 'application/json'}
        Body: {"keypair": {"public_key": "ssh-rsa AAAAB3NzaC1yc2EAAAADAQABAAABAQC4+JtwzXi0KxGlU38bGMVTgrfpDQaiqoe8G/Ra6HOdVvfuTa89HzU3swufWOH0gBwtXMujll7HyVcIaJgdbb4CfmNJnWJ7wuOUjC5FYjBRa42wKLLPscSxU+/oKocLJ1l66KsCeDYMXYlXM7ih6lgn5gJ2WggpLjV81KHs7eLL01ch0euNjSrbUSfS2hgf/Bhfi8+IiNv+qm6FlS5jkisDHH1GrrSxAcZZDNstPlEfyzD+hTX8jT5x5v8PpQnrD5B17CBLVhVsJBJ9qdROjDO9IGLoOYl//yB/pZCecYfhFxMJCdjqQGlxQ8Jdv7Gg7jfQeDjYRH6bLXl02mpPg19d Generated-by-Nova", "private_key": "-----BEGIN RSA PRIVATE KEY-----\nMIIEqQIBAAKCAQEAuPibcM14tCsRpVN/GxjFU4K36Q0GoqqHvBv0WuhznVb37k2v\nPR81N7MLn1jh9IAcLVzLo5Zex8lXCGiYHW2+An5jSZ1ie8LjlIwuRWIwUWuNsCiy\nz7HEsVPv6CqHCydZeuirAng2DF2JVzO4oepYJ+YCdloIKS41fNSh7O3iy9NXIdHr\njY0q21En0toYH/wYX4vPiIjb/qpuhZUuY5IrAxx9Rq60sQHGWQzbLT5RH8sw/oU1\n/I0+ceb/D6UJ6w+QdewgS1YVbCQSfanUTowzvSBi6DmJf/8gf6WQnnGH4RcTCQnY\n6kBpcUPCXb+xoO430Hg42ER+my15dNpqT4NfXQIDAQABAoIBAQCXmKlMuhnDD8lW\nhigWPSb8WpYAGvzlNH4qXX7XQsv+l9h7JpAIuBsVm1hbMK1/hb+SLgt39zWW6By8\nd3y0Ic0ong0huCuO4xtCE+GYW/DdyhhF2BU0w61A6FonHTOwoH9ljGsbiwpA+Cgn\nn+wiR74YdRpvhTpLBeQwetR7KjxGb3pU4Cn7coUjt9xITwVyDMy+9yPta0noX2+P\nKC5p+2CWghd9BrZIdz0CIxqQUbjkOcOAnIPryWIjnzbVNceFb1AEsNRFF8PTKFLW\n+e/pYKXz7G9qtX8I3BjcpuaOdRGolSjCBoLmDGSjDmrOdxTk8c2c+kuLC4PS9Pld\ngM0xHBIBAoIAgQDPqZwrBSAq3hdrl+sBPJcIHaksoE2OFHkfO9qCu6sH/IgwNtA0\n5Jz9eWwrHy+VwGCot3Bdy/FDo4g5aHbUKW5hW6Lu28dc6L+dMPHczFfvoBQzmR1V\nuYHAlCicdIn3Q1JTK45FRHyPW2tSWZQcPYYWWQQZLwto84w7aT09ZnSpNQKCAIEA\n5AbW99devJ+EnwW6VEVz3QgjmEkVcfe43BFp2Rh9d+R6nIcR4bfkVtKCu9vSI4N5\nSidbl0EYD/Gr5VsDrFx6ayzjkvE3STMvz6te8LSvRjoXOfOADfV8/DVOuczj0+M1\nJfDuoKC8QFnG/Aq4MDZOV9hDqKwWUOo851PbzxptyokCggCAUNaN3JFaPFXIeDHj\nYc/cW2RwftbIWg7ON8JtBYdYxPshaONtmamFE4c4/HBfbcQ93G/MZjcF7Ha0iOSJ\nnX2jYnLxsloL+bcBIIf1HybM9JM0SgHI0Z4tTHJgfMdBDeg/G/FQqNZIRuYnmR8V\n8QhiMkDkv4j4wBpO9LG7DTPdJiECggCAExWTdki7MBQ1uE11a8ooSU5+FCfBuLkf\n6qM2dan8DkW8EU+oqniGjtGtiWV7b+d4BkHHA6C6D9ONLHPymcFfqYqnPUwc8W5s\nSPgxyPmGVd1Uxk/f3ss1+7HGdfx08O3qK9O/VQg+2S/qXHvVMIvLAMUj3IESmRER\nqda15d5zY+kCggCBAJ+58X220HGE3uOaa+SROKvDPrt2Yym5qPbIpNywNjTETF/t\nejkkV8yNZ1JBX/X7XBaB1XIt9njTtmG80HliOidLzvSldhyKLPM6J1wJdQiDw+v2\nuGcnd5h2T64BsG4raxI6ds1q3HTIGgi21I/oiTBNLOsldLJ9jIh2thLVF8pn\n-----END RSA PRIVATE KEY-----\n", "user_id": "471d8eddc5e34d6695813a3951b74b42", "name": "tempest-TestNetworkAdvancedServerOps-978440185", "fingerprint": "5b:de:5f:85:47:02:f2:5b:00:78:97:40:d2:e5:4d:69"}}
2015-12-18 19:38:20,386 21488 INFO     [tempest_lib.common.rest_client] Request (TestNetworkAdvancedServerOps:test_server_connectivity_pause_unpause): 201 POST http://10.0.2.15:9696/v2.0/security-groups 0.449s
2015-12-18 19:38:20,386 21488 DEBUG    [tempest_lib.common.rest_client] Request - Headers: {'Content-Type': 'application/json', 'Accept': 'application/json', 'X-Auth-Token': '&lt;omitted&gt;'}
        Body: {"security_group": {"tenant_id": "f6c1229021e14f61a025be18ee4acf4d", "description": "tempest-secgroup-smoke-1103584632 description", "name": "tempest-secgroup-smoke-1103584632"}}
    Response - Headers: {'status': '201', 'content-length': '888', 'connection': 'close', 'date': 'Fri, 18 Dec 2015 19:38:20 GMT', 'content-type': 'application/json; charset=UTF-8', 'x-openstack-request-id': 'req-b92f00b1-6cea-43d0-857d-1a6339a0bc04'}
        Body: {"security_group": {"tenant_id": "f6c1229021e14f61a025be18ee4acf4d", "description": "tempest-secgroup-smoke-1103584632 description", "id": "a87401c6-4c57-4b6f-8fdf-676a21af20d8", "security_group_rules": [{"remote_group_id": null, "direction": "egress", "remote_ip_prefix": null, "protocol": null, "ethertype": "IPv4", "tenant_id": "f6c1229021e14f61a025be18ee4acf4d", "port_range_max": null, "port_range_min": null, "id": "87a3eb93-bee6-4f88-bd92-db2665bd4294", "security_group_id": "a87401c6-4c57-4b6f-8fdf-676a21af20d8"}, {"remote_group_id": null, "direction": "egress", "remote_ip_prefix": null, "protocol": null, "ethertype": "IPv6", "tenant_id": "f6c1229021e14f61a025be18ee4acf4d", "port_range_max": null, "port_range_min": null, "id": "37d838f7-8d4d-4fb3-9bc7-dc18a264dd86", "security_group_id": "a87401c6-4c57-4b6f-8fdf-676a21af20d8"}], "name": "tempest-secgroup-smoke-1103584632"}}
2015-12-18 19:38:20,505 21488 INFO     [tempest_lib.common.rest_client] Request (TestNetworkAdvancedServerOps:test_server_connectivity_pause_unpause): 201 POST http://10.0.2.15:9696/v2.0/security-group-rules 0.118s
2015-12-18 19:38:20,506 21488 DEBUG    [tempest_lib.common.rest_client] Request - Headers: {'Content-Type': 'application/json', 'Accept': 'application/json', 'X-Auth-Token': '&lt;omitted&gt;'}
        Body: {"security_group_rule": {"direction": "ingress", "protocol": "tcp", "tenant_id": "f6c1229021e14f61a025be18ee4acf4d", "port_range_max": 22, "security_group_id": "a87401c6-4c57-4b6f-8fdf-676a21af20d8", "port_range_min": 22}}
    Response - Headers: {'status': '201', 'content-length': '340', 'connection': 'close', 'date': 'Fri, 18 Dec 2015 19:38:20 GMT', 'content-type': 'application/json; charset=UTF-8', 'x-openstack-request-id': 'req-387610b8-01fc-43c7-a7e3-51bd4d69b7f6'}
        Body: {"security_group_rule": {"remote_group_id": null, "direction": "ingress", "remote_ip_prefix": null, "protocol": "tcp", "ethertype": "IPv4", "tenant_id": "f6c1229021e14f61a025be18ee4acf4d", "port_range_max": 22, "port_range_min": 22, "id": "08707f23-cb74-451d-b414-1786ca287ec2", "security_group_id": "a87401c6-4c57-4b6f-8fdf-676a21af20d8"}}
2015-12-18 19:38:20,610 21488 INFO     [tempest_lib.common.rest_client] Request (TestNetworkAdvancedServerOps:test_server_connectivity_pause_unpause): 201 POST http://10.0.2.15:9696/v2.0/security-group-rules 0.103s
2015-12-18 19:38:20,610 21488 DEBUG    [tempest_lib.common.rest_client] Request - Headers: {'Content-Type': 'application/json', 'Accept': 'application/json', 'X-Auth-Token': '&lt;omitted&gt;'}
        Body: {"security_group_rule": {"direction": "egress", "protocol": "tcp", "tenant_id": "f6c1229021e14f61a025be18ee4acf4d", "port_range_max": 22, "security_group_id": "a87401c6-4c57-4b6f-8fdf-676a21af20d8", "port_range_min": 22}}
    Response - Headers: {'status': '201', 'content-length': '339', 'connection': 'close', 'date': 'Fri, 18 Dec 2015 19:38:20 GMT', 'content-type': 'application/json; charset=UTF-8', 'x-openstack-request-id': 'req-d39f0269-aba2-4372-9f39-1a263b022306'}
        Body: {"security_group_rule": {"remote_group_id": null, "direction": "egress", "remote_ip_prefix": null, "protocol": "tcp", "ethertype": "IPv4", "tenant_id": "f6c1229021e14f61a025be18ee4acf4d", "port_range_max": 22, "port_range_min": 22, "id": "e9187835-330e-4ddd-ba91-fb34ef7b66c2", "security_group_id": "a87401c6-4c57-4b6f-8fdf-676a21af20d8"}}
2015-12-18 19:38:20,714 21488 INFO     [tempest_lib.common.rest_client] Request (TestNetworkAdvancedServerOps:test_server_connectivity_pause_unpause): 201 POST http://10.0.2.15:9696/v2.0/security-group-rules 0.103s
2015-12-18 19:38:20,715 21488 DEBUG    [tempest_lib.common.rest_client] Request - Headers: {'Content-Type': 'application/json', 'Accept': 'application/json', 'X-Auth-Token': '&lt;omitted&gt;'}
        Body: {"security_group_rule": {"tenant_id": "f6c1229021e14f61a025be18ee4acf4d", "direction": "ingress", "protocol": "icmp", "security_group_id": "a87401c6-4c57-4b6f-8fdf-676a21af20d8"}}
    Response - Headers: {'status': '201', 'content-length': '345', 'connection': 'close', 'date': 'Fri, 18 Dec 2015 19:38:20 GMT', 'content-type': 'application/json; charset=UTF-8', 'x-openstack-request-id': 'req-4597814d-def8-4496-ad4d-30de9ad3251e'}
        Body: {"security_group_rule": {"remote_group_id": null, "direction": "ingress", "remote_ip_prefix": null, "protocol": "icmp", "ethertype": "IPv4", "tenant_id": "f6c1229021e14f61a025be18ee4acf4d", "port_range_max": null, "port_range_min": null, "id": "ceb74d5f-7c2b-4143-a20f-d27e1c29c644", "security_group_id": "a87401c6-4c57-4b6f-8fdf-676a21af20d8"}}
2015-12-18 19:38:20,844 21488 INFO     [tempest_lib.common.rest_client] Request (TestNetworkAdvancedServerOps:test_server_connectivity_pause_unpause): 201 POST http://10.0.2.15:9696/v2.0/security-group-rules 0.127s
2015-12-18 19:38:20,844 21488 DEBUG    [tempest_lib.common.rest_client] Request - Headers: {'Content-Type': 'application/json', 'Accept': 'application/json', 'X-Auth-Token': '&lt;omitted&gt;'}
        Body: {"security_group_rule": {"tenant_id": "f6c1229021e14f61a025be18ee4acf4d", "direction": "egress", "protocol": "icmp", "security_group_id": "a87401c6-4c57-4b6f-8fdf-676a21af20d8"}}
    Response - Headers: {'status': '201', 'content-length': '344', 'connection': 'close', 'date': 'Fri, 18 Dec 2015 19:38:20 GMT', 'content-type': 'application/json; charset=UTF-8', 'x-openstack-request-id': 'req-8371c6be-148c-4d50-8413-88b0f7a2e466'}
        Body: {"security_group_rule": {"remote_group_id": null, "direction": "egress", "remote_ip_prefix": null, "protocol": "icmp", "ethertype": "IPv4", "tenant_id": "f6c1229021e14f61a025be18ee4acf4d", "port_range_max": null, "port_range_min": null, "id": "2fc9c992-d5f9-4f2f-bae2-c30cc95a1181", "security_group_id": "a87401c6-4c57-4b6f-8fdf-676a21af20d8"}}
2015-12-18 19:38:20,969 21488 INFO     [tempest_lib.common.rest_client] Request (TestNetworkAdvancedServerOps:test_server_connectivity_pause_unpause): 201 POST http://10.0.2.15:9696/v2.0/security-group-rules 0.123s
2015-12-18 19:38:20,970 21488 DEBUG    [tempest_lib.common.rest_client] Request - Headers: {'Content-Type': 'application/json', 'Accept': 'application/json', 'X-Auth-Token': '&lt;omitted&gt;'}
        Body: {"security_group_rule": {"tenant_id": "f6c1229021e14f61a025be18ee4acf4d", "direction": "ingress", "security_group_id": "a87401c6-4c57-4b6f-8fdf-676a21af20d8", "protocol": "icmp", "ethertype": "IPv6"}}
    Response - Headers: {'status': '201', 'content-length': '345', 'connection': 'close', 'date': 'Fri, 18 Dec 2015 19:38:20 GMT', 'content-type': 'application/json; charset=UTF-8', 'x-openstack-request-id': 'req-3d1732b4-fca8-4178-b287-1c368b3a8012'}
        Body: {"security_group_rule": {"remote_group_id": null, "direction": "ingress", "remote_ip_prefix": null, "protocol": "icmp", "ethertype": "IPv6", "tenant_id": "f6c1229021e14f61a025be18ee4acf4d", "port_range_max": null, "port_range_min": null, "id": "1933f679-c5ee-4eda-b852-f58251e26837", "security_group_id": "a87401c6-4c57-4b6f-8fdf-676a21af20d8"}}
2015-12-18 19:38:21,103 21488 INFO     [tempest_lib.common.rest_client] Request (TestNetworkAdvancedServerOps:test_server_connectivity_pause_unpause): 201 POST http://10.0.2.15:9696/v2.0/security-group-rules 0.131s
2015-12-18 19:38:21,104 21488 DEBUG    [tempest_lib.common.rest_client] Request - Headers: {'Content-Type': 'application/json', 'Accept': 'application/json', 'X-Auth-Token': '&lt;omitted&gt;'}
        Body: {"security_group_rule": {"tenant_id": "f6c1229021e14f61a025be18ee4acf4d", "direction": "egress", "security_group_id": "a87401c6-4c57-4b6f-8fdf-676a21af20d8", "protocol": "icmp", "ethertype": "IPv6"}}
    Response - Headers: {'status': '201', 'content-length': '344', 'connection': 'close', 'date': 'Fri, 18 Dec 2015 19:38:21 GMT', 'content-type': 'application/json; charset=UTF-8', 'x-openstack-request-id': 'req-282da0ce-c8e3-4976-8d29-c28255ca448b'}
        Body: {"security_group_rule": {"remote_group_id": null, "direction": "egress", "remote_ip_prefix": null, "protocol": "icmp", "ethertype": "IPv6", "tenant_id": "f6c1229021e14f61a025be18ee4acf4d", "port_range_max": null, "port_range_min": null, "id": "b00481dd-c058-4ae0-a08a-66e2b7d45273", "security_group_id": "a87401c6-4c57-4b6f-8fdf-676a21af20d8"}}
2015-12-18 19:38:21,286 21488 INFO     [tempest_lib.common.rest_client] Request (TestNetworkAdvancedServerOps:test_server_connectivity_pause_unpause): 201 POST http://10.0.2.15:9696/v2.0/networks 0.181s
2015-12-18 19:38:21,287 21488 DEBUG    [tempest_lib.common.rest_client] Request - Headers: {'Content-Type': 'application/json', 'Accept': 'application/json', 'X-Auth-Token': '&lt;omitted&gt;'}
        Body: {"network": {"tenant_id": "f6c1229021e14f61a025be18ee4acf4d", "name": "tempest-network-smoke--2130245061"}}
    Response - Headers: {'status': '201', 'content-length': '329', 'connection': 'close', 'date': 'Fri, 18 Dec 2015 19:38:21 GMT', 'content-type': 'application/json; charset=UTF-8', 'x-openstack-request-id': 'req-e4f14f8d-7525-4809-b414-b11d700a187e'}
        Body: {"network": {"status": "ACTIVE", "subnets": [], "availability_zone_hints": "[]", "name": "tempest-network-smoke--2130245061", "admin_state_up": true, "tenant_id": "f6c1229021e14f61a025be18ee4acf4d", "mtu": 0, "router:external": false, "shared": false, "port_security_enabled": true, "id": "322567d3-b428-44fa-924d-8524250b3362"}}
2015-12-18 19:38:21,374 21488 INFO     [tempest_lib.common.rest_client] Request (TestNetworkAdvancedServerOps:test_server_connectivity_pause_unpause): 201 POST http://10.0.2.15:9696/v2.0/routers 0.086s
2015-12-18 19:38:21,375 21488 DEBUG    [tempest_lib.common.rest_client] Request - Headers: {'Content-Type': 'application/json', 'Accept': 'application/json', 'X-Auth-Token': '&lt;omitted&gt;'}
        Body: {"router": {"tenant_id": "f6c1229021e14f61a025be18ee4acf4d", "name": "tempest-router-smoke-410068981", "admin_state_up": true}}
    Response - Headers: {'status': '201', 'content-length': '295', 'connection': 'close', 'date': 'Fri, 18 Dec 2015 19:38:21 GMT', 'content-type': 'application/json; charset=UTF-8', 'x-openstack-request-id': 'req-694cbb84-a7f3-432d-b702-cabbb514000d'}
        Body: {"router": {"status": "ACTIVE", "external_gateway_info": null, "availability_zone_hints": [], "availability_zones": [], "name": "tempest-router-smoke-410068981", "admin_state_up": true, "tenant_id": "f6c1229021e14f61a025be18ee4acf4d", "routes": [], "id": "21038793-a37c-4b6f-82ef-a5075f811f98"}}
2015-12-18 19:38:21,427 21488 INFO     [tempest_lib.common.rest_client] Request (TestNetworkAdvancedServerOps:test_server_connectivity_pause_unpause): 200 GET http://10.0.2.15:9696/v2.0/routers/21038793-a37c-4b6f-82ef-a5075f811f98 0.051s
2015-12-18 19:38:21,427 21488 DEBUG    [tempest_lib.common.rest_client] Request - Headers: {'Content-Type': 'application/json', 'Accept': 'application/json', 'X-Auth-Token': '&lt;omitted&gt;'}
        Body: None
    Response - Headers: {'status': '200', 'content-length': '295', 'content-location': 'http://10.0.2.15:9696/v2.0/routers/21038793-a37c-4b6f-82ef-a5075f811f98', 'connection': 'close', 'date': 'Fri, 18 Dec 2015 19:38:21 GMT', 'content-type': 'application/json; charset=UTF-8', 'x-openstack-request-id': 'req-6334431a-4302-4257-9d78-14b0049c74eb'}
        Body: {"router": {"status": "ACTIVE", "external_gateway_info": null, "availability_zone_hints": [], "availability_zones": [], "name": "tempest-router-smoke-410068981", "admin_state_up": true, "tenant_id": "f6c1229021e14f61a025be18ee4acf4d", "routes": [], "id": "21038793-a37c-4b6f-82ef-a5075f811f98"}}
2015-12-18 19:38:22,164 21488 INFO     [tempest_lib.common.rest_client] Request (TestNetworkAdvancedServerOps:test_server_connectivity_pause_unpause): 200 PUT http://10.0.2.15:9696/v2.0/routers/21038793-a37c-4b6f-82ef-a5075f811f98 0.735s
2015-12-18 19:38:22,164 21488 DEBUG    [tempest_lib.common.rest_client] Request - Headers: {'Content-Type': 'application/json', 'Accept': 'application/json', 'X-Auth-Token': '&lt;omitted&gt;'}
        Body: {"router": {"external_gateway_info": {"network_id": "f2ff505a-198b-492d-90a7-04190b1f9769"}, "name": "tempest-router-smoke-410068981", "admin_state_up": true}}
    Response - Headers: {'status': '200', 'content-length': '557', 'connection': 'close', 'date': 'Fri, 18 Dec 2015 19:38:22 GMT', 'content-type': 'application/json; charset=UTF-8', 'x-openstack-request-id': 'req-15f2014b-c6b8-4445-a859-68dc0e35dd68'}
        Body: {"router": {"status": "ACTIVE", "external_gateway_info": {"network_id": "f2ff505a-198b-492d-90a7-04190b1f9769", "enable_snat": true, "external_fixed_ips": [{"subnet_id": "cd746b55-91a0-48ef-aded-df594278ccdd", "ip_address": "172.24.4.3"}, {"subnet_id": "ef293c1f-7d8b-43ff-b305-856a2e7eeb04", "ip_address": "2001:db8::3"}]}, "availability_zone_hints": [], "availability_zones": [], "name": "tempest-router-smoke-410068981", "admin_state_up": true, "tenant_id": "f6c1229021e14f61a025be18ee4acf4d", "routes": [], "id": "21038793-a37c-4b6f-82ef-a5075f811f98"}}
2015-12-18 19:38:22,319 21488 INFO     [tempest_lib.common.rest_client] Request (TestNetworkAdvancedServerOps:test_server_connectivity_pause_unpause): 200 GET http://10.0.2.15:9696/v2.0/subnets?tenant_id=f6c1229021e14f61a025be18ee4acf4d&amp;cidr=10.100.0.0%2F28 0.153s
2015-12-18 19:38:22,319 21488 DEBUG    [tempest_lib.common.rest_client] Request - Headers: {'Content-Type': 'application/json', 'Accept': 'application/json', 'X-Auth-Token': '&lt;omitted&gt;'}
        Body: None
    Response - Headers: {'status': '200', 'content-length': '15', 'content-location': 'http://10.0.2.15:9696/v2.0/subnets?tenant_id=f6c1229021e14f61a025be18ee4acf4d&amp;cidr=10.100.0.0%2F28', 'connection': 'close', 'date': 'Fri, 18 Dec 2015 19:38:22 GMT', 'content-type': 'application/json; charset=UTF-8', 'x-openstack-request-id': 'req-09eddea6-21ec-4e8c-91f4-fba89fe15ce2'}
        Body: {"subnets": []}
2015-12-18 19:38:22,745 21488 INFO     [tempest_lib.common.rest_client] Request (TestNetworkAdvancedServerOps:test_server_connectivity_pause_unpause): 201 POST http://10.0.2.15:9696/v2.0/subnets 0.424s
2015-12-18 19:38:22,745 21488 DEBUG    [tempest_lib.common.rest_client] Request - Headers: {'Content-Type': 'application/json', 'Accept': 'application/json', 'X-Auth-Token': '&lt;omitted&gt;'}
        Body: {"subnet": {"ip_version": 4, "tenant_id": "f6c1229021e14f61a025be18ee4acf4d", "cidr": "10.100.0.0/28", "network_id": "322567d3-b428-44fa-924d-8524250b3362", "name": "tempest-subnet-smoke-237577865"}}
    Response - Headers: {'status': '201', 'content-length': '477', 'connection': 'close', 'date': 'Fri, 18 Dec 2015 19:38:22 GMT', 'content-type': 'application/json; charset=UTF-8', 'x-openstack-request-id': 'req-a78bcbed-428b-4511-a531-77d3d67ff155'}
        Body: {"subnet": {"name": "tempest-subnet-smoke-237577865", "enable_dhcp": true, "network_id": "322567d3-b428-44fa-924d-8524250b3362", "tenant_id": "f6c1229021e14f61a025be18ee4acf4d", "dns_nameservers": [], "gateway_ip": "10.100.0.1", "ipv6_ra_mode": null, "allocation_pools": [{"start": "10.100.0.2", "end": "10.100.0.14"}], "host_routes": [], "ip_version": 4, "ipv6_address_mode": null, "cidr": "10.100.0.0/28", "id": "5cc9c104-a611-4cb5-90c9-0c204c43c428", "subnetpool_id": null}}
2015-12-18 19:38:23,438 21488 INFO     [tempest_lib.common.rest_client] Request (TestNetworkAdvancedServerOps:test_server_connectivity_pause_unpause): 200 PUT http://10.0.2.15:9696/v2.0/routers/21038793-a37c-4b6f-82ef-a5075f811f98/add_router_interface 0.691s
2015-12-18 19:38:23,439 21488 DEBUG    [tempest_lib.common.rest_client] Request - Headers: {'Content-Type': 'application/json', 'Accept': 'application/json', 'X-Auth-Token': '&lt;omitted&gt;'}
        Body: {"subnet_id": "5cc9c104-a611-4cb5-90c9-0c204c43c428"}
    Response - Headers: {'status': '200', 'content-length': '255', 'connection': 'close', 'date': 'Fri, 18 Dec 2015 19:38:23 GMT', 'content-type': 'application/json; charset=UTF-8', 'x-openstack-request-id': 'req-b828f41b-6470-4ba3-8e13-69f3f2a928a4'}
        Body: {"subnet_id": "5cc9c104-a611-4cb5-90c9-0c204c43c428", "tenant_id": "f6c1229021e14f61a025be18ee4acf4d", "subnet_ids": ["5cc9c104-a611-4cb5-90c9-0c204c43c428"], "port_id": "851bcdb4-598d-4bb6-b69a-e1409f49227f", "id": "21038793-a37c-4b6f-82ef-a5075f811f98"}
2015-12-18 19:38:23,534 21488 INFO     [tempest_lib.common.rest_client] Request (TestNetworkAdvancedServerOps:test_server_connectivity_pause_unpause): 200 POST http://10.0.2.15:5000/v2.0/tokens
2015-12-18 19:38:23,535 21488 DEBUG    [tempest_lib.common.rest_client] Request - Headers: {'Content-Type': 'application/json', 'Accept': 'application/json'}
        Body: &lt;omitted&gt;
    Response - Headers: {'status': '200', 'content-length': '2560', 'vary': 'X-Auth-Token', 'server': 'Apache/2.4.7 (Ubuntu)', 'connection': 'close', 'date': 'Fri, 18 Dec 2015 19:38:23 GMT', 'content-type': 'application/json', 'x-openstack-request-id': 'req-ecacad5c-5e52-4c31-b7a1-44cf779fe7e2'}
        Body: {"access": {"token": {"issued_at": "2015-12-18T19:38:23.523948", "expires": "2015-12-18T20:38:23Z", "id": "a343ec5e514640a5b44c6cf0b3c17f24", "tenant": {"description": "tempest-TestNetworkAdvancedServerOps-242208011-desc", "enabled": true, "id": "f6c1229021e14f61a025be18ee4acf4d", "name": "tempest-TestNetworkAdvancedServerOps-242208011"}, "audit_ids": ["SJYiGVBsT4SO87OtrXheRw"]}, "serviceCatalog": [{"endpoints": [{"adminURL": "http://10.0.2.15:8774/v2.1/f6c1229021e14f61a025be18ee4acf4d", "region": "RegionOne", "internalURL": "http://10.0.2.15:8774/v2.1/f6c1229021e14f61a025be18ee4acf4d", "id": "256b581dace34741b6ff16f331025a66", "publicURL": "http://10.0.2.15:8774/v2.1/f6c1229021e14f61a025be18ee4acf4d"}], "endpoints_links": [], "type": "compute", "name": "nova"}, {"endpoints": [{"adminURL": "http://10.0.2.15:9696/", "region": "RegionOne", "internalURL": "http://10.0.2.15:9696/", "id": "1bb21df4d236455d9b55f3b5205a6ebc", "publicURL": "http://10.0.2.15:9696/"}], "endpoints_links": [], "type": "network", "name": "neutron"}, {"endpoints": [{"adminURL": "http://10.0.2.15:9292", "region": "RegionOne", "internalURL": "http://10.0.2.15:9292", "id": "d6792d35a600401091821e5d82a1c94a", "publicURL": "http://10.0.2.15:9292"}], "endpoints_links": [], "type": "image", "name": "glance"}, {"endpoints": [{"adminURL": "http://10.0.2.15:8774/v2/f6c1229021e14f61a025be18ee4acf4d", "region": "RegionOne", "internalURL": "http://10.0.2.15:8774/v2/f6c1229021e14f61a025be18ee4acf4d", "id": "a8c55dc79e494e5ea7c3b67891fcd7fa", "publicURL": "http://10.0.2.15:8774/v2/f6c1229021e14f61a025be18ee4acf4d"}], "endpoints_links": [], "type": "compute_legacy", "name": "nova_legacy"}, {"endpoints": [{"adminURL": "http://10.0.2.15:8773/", "region": "RegionOne", "internalURL": "http://10.0.2.15:8773/", "id": "45ac8de3f9c24bd4a0336bd1ebe25a62", "publicURL": "http://10.0.2.15:8773/"}], "endpoints_links": [], "type": "ec2", "name": "ec2"}, {"endpoints": [{"adminURL": "http://10.0.2.15:35357/v2.0", "region": "RegionOne", "internalURL": "http://10.0.2.15:5000/v2.0", "id": "24f1630e1af5430bbdae1d7706cd54d2", "publicURL": "http://10.0.2.15:5000/v2.0"}], "endpoints_links": [], "type": "identity", "name": "keystone"}], "user": {"username": "tempest-TestNetworkAdvancedServerOps-68423489", "roles_links": [], "id": "471d8eddc5e34d6695813a3951b74b42", "roles": [{"name": "_member_"}, {"name": "Member"}], "name": "tempest-TestNetworkAdvancedServerOps-68423489"}, "metadata": {"is_admin": 0, "roles": ["9fe2ff9ee4384b1894a90878d3e92bab", "4c7631a0873e44918b1f4e2c2ddb0db2"]}}}
2015-12-18 19:38:23,540 21488 DEBUG    [tempest.common.fixed_network] (TestNetworkAdvancedServerOps:test_server_connectivity_pause_unpause) No valid network provided or created, defaulting to fixed_network_name
2015-12-18 19:38:23,882 21488 INFO     [tempest_lib.common.rest_client] Request (TestNetworkAdvancedServerOps:test_server_connectivity_pause_unpause): 200 GET http://10.0.2.15:8774/v2.1/f6c1229021e14f61a025be18ee4acf4d/os-networks 0.341s
2015-12-18 19:38:23,883 21488 DEBUG    [tempest_lib.common.rest_client] Request - Headers: {'Content-Type': 'application/json', 'Accept': 'application/json', 'X-Auth-Token': '&lt;omitted&gt;'}
        Body: None
    Response - Headers: {'status': '200', 'content-length': '479', 'content-location': 'http://10.0.2.15:8774/v2.1/f6c1229021e14f61a025be18ee4acf4d/os-networks', 'x-compute-request-id': 'req-521fdb2a-05da-417c-a9fc-1fe6a0a3dd88', 'vary': 'X-OpenStack-Nova-API-Version', 'connection': 'close', 'x-openstack-nova-api-version': '2.1', 'date': 'Fri, 18 Dec 2015 19:38:23 GMT', 'content-type': 'application/json'}
        Body: {"networks": [{"cidr_v6": null, "dns2": null, "dns1": null, "gateway": null, "broadcast": null, "netmask": null, "gateway_v6": null, "cidr": null, "label": "public", "id": "f2ff505a-198b-492d-90a7-04190b1f9769", "netmask_v6": null}, {"cidr_v6": null, "dns2": null, "dns1": null, "gateway": null, "broadcast": null, "netmask": null, "gateway_v6": null, "cidr": null, "label": "tempest-network-smoke--2130245061", "id": "322567d3-b428-44fa-924d-8524250b3362", "netmask_v6": null}]}
2015-12-18 19:38:23,884 21488 WARNING  [tempest.common.fixed_network] (TestNetworkAdvancedServerOps:test_server_connectivity_pause_unpause) Network with name: private not found
2015-12-18 19:38:23,884 21488 INFO     [tempest.common.fixed_network] (TestNetworkAdvancedServerOps:test_server_connectivity_pause_unpause) Found network {} available for tenant
2015-12-18 19:38:24,918 21488 INFO     [tempest_lib.common.rest_client] Request (TestNetworkAdvancedServerOps:test_server_connectivity_pause_unpause): 202 POST http://10.0.2.15:8774/v2.1/f6c1229021e14f61a025be18ee4acf4d/servers 1.031s
2015-12-18 19:38:24,918 21488 DEBUG    [tempest_lib.common.rest_client] Request - Headers: {'Content-Type': 'application/json', 'Accept': 'application/json', 'X-Auth-Token': '&lt;omitted&gt;'}
        Body: {"server": {"name": "tempest.common.compute-instance-1534835288", "imageRef": "9650b110-3fa3-45bb-a4eb-e88b09440689", "key_name": "tempest-TestNetworkAdvancedServerOps-978440185", "flavorRef": "42", "networks": [{"uuid": "322567d3-b428-44fa-924d-8524250b3362"}], "security_groups": [{"name": "tempest-secgroup-smoke-1103584632"}]}}
    Response - Headers: {'status': '202', 'content-length': '462', 'x-compute-request-id': 'req-7bb1b9a4-e73b-46ed-85b4-58e629415df0', 'vary': 'X-OpenStack-Nova-API-Version', 'connection': 'close', 'location': 'http://10.0.2.15:8774/v2.1/f6c1229021e14f61a025be18ee4acf4d/servers/69e13b03-24fe-4fe4-b061-5f39443c27af', 'x-openstack-nova-api-version': '2.1', 'date': 'Fri, 18 Dec 2015 19:38:24 GMT', 'content-type': 'application/json'}
        Body: {"server": {"security_groups": [{"name": "tempest-secgroup-smoke-1103584632"}], "OS-DCF:diskConfig": "MANUAL", "id": "69e13b03-24fe-4fe4-b061-5f39443c27af", "links": [{"href": "http://10.0.2.15:8774/v2.1/f6c1229021e14f61a025be18ee4acf4d/servers/69e13b03-24fe-4fe4-b061-5f39443c27af", "rel": "self"}, {"href": "http://10.0.2.15:8774/f6c1229021e14f61a025be18ee4acf4d/servers/69e13b03-24fe-4fe4-b061-5f39443c27af", "rel": "bookmark"}], "adminPass": "s5G9aFkrcup7"}}
2015-12-18 19:38:25,177 21488 INFO     [tempest_lib.common.rest_client] Request (TestNetworkAdvancedServerOps:test_server_connectivity_pause_unpause): 200 GET http://10.0.2.15:8774/v2.1/f6c1229021e14f61a025be18ee4acf4d/servers/69e13b03-24fe-4fe4-b061-5f39443c27af 0.256s
2015-12-18 19:38:25,177 21488 DEBUG    [tempest_lib.common.rest_client] Request - Headers: {'Content-Type': 'application/json', 'Accept': 'application/json', 'X-Auth-Token': '&lt;omitted&gt;'}
        Body: None
    Response - Headers: {'status': '200', 'content-length': '1364', 'content-location': 'http://10.0.2.15:8774/v2.1/f6c1229021e14f61a025be18ee4acf4d/servers/69e13b03-24fe-4fe4-b061-5f39443c27af', 'x-compute-request-id': 'req-4bc9d6f8-bc1c-4165-9827-65ab9567dcad', 'vary': 'X-OpenStack-Nova-API-Version', 'connection': 'close', 'x-openstack-nova-api-version': '2.1', 'date': 'Fri, 18 Dec 2015 19:38:25 GMT', 'content-type': 'application/json'}
        Body: {"server": {"status": "BUILD", "updated": "2015-12-18T19:38:25Z", "hostId": "", "addresses": {}, "links": [{"href": "http://10.0.2.15:8774/v2.1/f6c1229021e14f61a025be18ee4acf4d/servers/69e13b03-24fe-4fe4-b061-5f39443c27af", "rel": "self"}, {"href": "http://10.0.2.15:8774/f6c1229021e14f61a025be18ee4acf4d/servers/69e13b03-24fe-4fe4-b061-5f39443c27af", "rel": "bookmark"}], "key_name": "tempest-TestNetworkAdvancedServerOps-978440185", "image": {"id": "9650b110-3fa3-45bb-a4eb-e88b09440689", "links": [{"href": "http://10.0.2.15:8774/f6c1229021e14f61a025be18ee4acf4d/images/9650b110-3fa3-45bb-a4eb-e88b09440689", "rel": "bookmark"}]}, "OS-EXT-STS:task_state": "scheduling", "OS-EXT-STS:vm_state": "building", "OS-SRV-USG:launched_at": null, "flavor": {"id": "42", "links": [{"href": "http://10.0.2.15:8774/f6c1229021e14f61a025be18ee4acf4d/flavors/42", "rel": "bookmark"}]}, "id": "69e13b03-24fe-4fe4-b061-5f39443c27af", "OS-SRV-USG:terminated_at": null, "OS-EXT-AZ:availability_zone": "", "user_id": "471d8eddc5e34d6695813a3951b74b42", "name": "tempest.common.compute-instance-1534835288", "created": "2015-12-18T19:38:24Z", "tenant_id": "f6c1229021e14f61a025be18ee4acf4d", "OS-DCF:diskConfig": "MANUAL", "os-extended-volumes:volumes_attached": [], "accessIPv4": "", "accessIPv6": "", "progress": 0, "OS-EXT-STS:power_state": 0, "config_drive": "", "metadata": {}}}
2015-12-18 19:38:26,542 21488 INFO     [tempest_lib.common.rest_client] Request (TestNetworkAdvancedServerOps:test_server_connectivity_pause_unpause): 200 GET http://10.0.2.15:8774/v2.1/f6c1229021e14f61a025be18ee4acf4d/servers/69e13b03-24fe-4fe4-b061-5f39443c27af 0.355s
2015-12-18 19:38:26,542 21488 DEBUG    [tempest_lib.common.rest_client] Request - Headers: {'Content-Type': 'application/json', 'Accept': 'application/json', 'X-Auth-Token': '&lt;omitted&gt;'}
        Body: None
    Response - Headers: {'status': '200', 'content-length': '1490', 'content-location': 'http://10.0.2.15:8774/v2.1/f6c1229021e14f61a025be18ee4acf4d/servers/69e13b03-24fe-4fe4-b061-5f39443c27af', 'x-compute-request-id': 'req-4b7a2e5f-afdf-4bc5-bbed-6fbde01d5381', 'vary': 'X-OpenStack-Nova-API-Version', 'connection': 'close', 'x-openstack-nova-api-version': '2.1', 'date': 'Fri, 18 Dec 2015 19:38:26 GMT', 'content-type': 'application/json'}
        Body: {"server": {"status": "BUILD", "updated": "2015-12-18T19:38:26Z", "hostId": "c94115169e08af239062cf077bd6f7cba7ad2d5cca3c29bd3627e0f4", "addresses": {}, "links": [{"href": "http://10.0.2.15:8774/v2.1/f6c1229021e14f61a025be18ee4acf4d/servers/69e13b03-24fe-4fe4-b061-5f39443c27af", "rel": "self"}, {"href": "http://10.0.2.15:8774/f6c1229021e14f61a025be18ee4acf4d/servers/69e13b03-24fe-4fe4-b061-5f39443c27af", "rel": "bookmark"}], "key_name": "tempest-TestNetworkAdvancedServerOps-978440185", "image": {"id": "9650b110-3fa3-45bb-a4eb-e88b09440689", "links": [{"href": "http://10.0.2.15:8774/f6c1229021e14f61a025be18ee4acf4d/images/9650b110-3fa3-45bb-a4eb-e88b09440689", "rel": "bookmark"}]}, "OS-EXT-STS:task_state": "spawning", "OS-EXT-STS:vm_state": "building", "OS-SRV-USG:launched_at": null, "flavor": {"id": "42", "links": [{"href": "http://10.0.2.15:8774/f6c1229021e14f61a025be18ee4acf4d/flavors/42", "rel": "bookmark"}]}, "id": "69e13b03-24fe-4fe4-b061-5f39443c27af", "security_groups": [{"name": "tempest-secgroup-smoke-1103584632"}], "OS-SRV-USG:terminated_at": null, "OS-EXT-AZ:availability_zone": "nova", "user_id": "471d8eddc5e34d6695813a3951b74b42", "name": "tempest.common.compute-instance-1534835288", "created": "2015-12-18T19:38:24Z", "tenant_id": "f6c1229021e14f61a025be18ee4acf4d", "OS-DCF:diskConfig": "MANUAL", "os-extended-volumes:volumes_attached": [], "accessIPv4": "", "accessIPv6": "", "progress": 0, "OS-EXT-STS:power_state": 0, "config_drive": "", "metadata": {}}}
2015-12-18 19:38:26,553 21488 INFO     [tempest.common.waiters] State transition "BUILD/scheduling" ==&gt; "BUILD/spawning" after 1 second wait
2015-12-18 19:38:27,750 21488 INFO     [tempest_lib.common.rest_client] Request (TestNetworkAdvancedServerOps:test_server_connectivity_pause_unpause): 200 GET http://10.0.2.15:8774/v2.1/f6c1229021e14f61a025be18ee4acf4d/servers/69e13b03-24fe-4fe4-b061-5f39443c27af 0.195s
2015-12-18 19:38:27,750 21488 DEBUG    [tempest_lib.common.rest_client] Request - Headers: {'Content-Type': 'application/json', 'Accept': 'application/json', 'X-Auth-Token': '&lt;omitted&gt;'}
        Body: None
    Response - Headers: {'status': '200', 'content-length': '1490', 'content-location': 'http://10.0.2.15:8774/v2.1/f6c1229021e14f61a025be18ee4acf4d/servers/69e13b03-24fe-4fe4-b061-5f39443c27af', 'x-compute-request-id': 'req-4bc02ab3-a80d-4e3b-a61a-0fe1a1138fc2', 'vary': 'X-OpenStack-Nova-API-Version', 'connection': 'close', 'x-openstack-nova-api-version': '2.1', 'date': 'Fri, 18 Dec 2015 19:38:27 GMT', 'content-type': 'application/json'}
        Body: {"server": {"status": "BUILD", "updated": "2015-12-18T19:38:26Z", "hostId": "c94115169e08af239062cf077bd6f7cba7ad2d5cca3c29bd3627e0f4", "addresses": {}, "links": [{"href": "http://10.0.2.15:8774/v2.1/f6c1229021e14f61a025be18ee4acf4d/servers/69e13b03-24fe-4fe4-b061-5f39443c27af", "rel": "self"}, {"href": "http://10.0.2.15:8774/f6c1229021e14f61a025be18ee4acf4d/servers/69e13b03-24fe-4fe4-b061-5f39443c27af", "rel": "bookmark"}], "key_name": "tempest-TestNetworkAdvancedServerOps-978440185", "image": {"id": "9650b110-3fa3-45bb-a4eb-e88b09440689", "links": [{"href": "http://10.0.2.15:8774/f6c1229021e14f61a025be18ee4acf4d/images/9650b110-3fa3-45bb-a4eb-e88b09440689", "rel": "bookmark"}]}, "OS-EXT-STS:task_state": "spawning", "OS-EXT-STS:vm_state": "building", "OS-SRV-USG:launched_at": null, "flavor": {"id": "42", "links": [{"href": "http://10.0.2.15:8774/f6c1229021e14f61a025be18ee4acf4d/flavors/42", "rel": "bookmark"}]}, "id": "69e13b03-24fe-4fe4-b061-5f39443c27af", "security_groups": [{"name": "tempest-secgroup-smoke-1103584632"}], "OS-SRV-USG:terminated_at": null, "OS-EXT-AZ:availability_zone": "nova", "user_id": "471d8eddc5e34d6695813a3951b74b42", "name": "tempest.common.compute-instance-1534835288", "created": "2015-12-18T19:38:24Z", "tenant_id": "f6c1229021e14f61a025be18ee4acf4d", "OS-DCF:diskConfig": "MANUAL", "os-extended-volumes:volumes_attached": [], "accessIPv4": "", "accessIPv6": "", "progress": 0, "OS-EXT-STS:power_state": 0, "config_drive": "", "metadata": {}}}
2015-12-18 19:38:29,098 21488 INFO     [tempest_lib.common.rest_client] Request (TestNetworkAdvancedServerOps:test_server_connectivity_pause_unpause): 200 GET http://10.0.2.15:8774/v2.1/f6c1229021e14f61a025be18ee4acf4d/servers/69e13b03-24fe-4fe4-b061-5f39443c27af 0.339s
2015-12-18 19:38:29,099 21488 DEBUG    [tempest_lib.common.rest_client] Request - Headers: {'Content-Type': 'application/json', 'Accept': 'application/json', 'X-Auth-Token': '&lt;omitted&gt;'}
        Body: None
    Response - Headers: {'status': '200', 'content-length': '1662', 'content-location': 'http://10.0.2.15:8774/v2.1/f6c1229021e14f61a025be18ee4acf4d/servers/69e13b03-24fe-4fe4-b061-5f39443c27af', 'x-compute-request-id': 'req-44937bde-0f5c-4518-8249-3b6ba14753fb', 'vary': 'X-OpenStack-Nova-API-Version', 'connection': 'close', 'x-openstack-nova-api-version': '2.1', 'date': 'Fri, 18 Dec 2015 19:38:29 GMT', 'content-type': 'application/json'}
        Body: {"server": {"status": "ACTIVE", "updated": "2015-12-18T19:38:28Z", "hostId": "c94115169e08af239062cf077bd6f7cba7ad2d5cca3c29bd3627e0f4", "addresses": {"tempest-network-smoke--2130245061": [{"OS-EXT-IPS-MAC:mac_addr": "fa:16:3e:2f:78:42", "version": 4, "addr": "10.100.0.3", "OS-EXT-IPS:type": "fixed"}]}, "links": [{"href": "http://10.0.2.15:8774/v2.1/f6c1229021e14f61a025be18ee4acf4d/servers/69e13b03-24fe-4fe4-b061-5f39443c27af", "rel": "self"}, {"href": "http://10.0.2.15:8774/f6c1229021e14f61a025be18ee4acf4d/servers/69e13b03-24fe-4fe4-b061-5f39443c27af", "rel": "bookmark"}], "key_name": "tempest-TestNetworkAdvancedServerOps-978440185", "image": {"id": "9650b110-3fa3-45bb-a4eb-e88b09440689", "links": [{"href": "http://10.0.2.15:8774/f6c1229021e14f61a025be18ee4acf4d/images/9650b110-3fa3-45bb-a4eb-e88b09440689", "rel": "bookmark"}]}, "OS-EXT-STS:task_state": null, "OS-EXT-STS:vm_state": "active", "OS-SRV-USG:launched_at": "2015-12-18T19:38:28.000000", "flavor": {"id": "42", "links": [{"href": "http://10.0.2.15:8774/f6c1229021e14f61a025be18ee4acf4d/flavors/42", "rel": "bookmark"}]}, "id": "69e13b03-24fe-4fe4-b061-5f39443c27af", "security_groups": [{"name": "tempest-secgroup-smoke-1103584632"}], "OS-SRV-USG:terminated_at": null, "OS-EXT-AZ:availability_zone": "nova", "user_id": "471d8eddc5e34d6695813a3951b74b42", "name": "tempest.common.compute-instance-1534835288", "created": "2015-12-18T19:38:24Z", "tenant_id": "f6c1229021e14f61a025be18ee4acf4d", "OS-DCF:diskConfig": "MANUAL", "os-extended-volumes:volumes_attached": [], "accessIPv4": "", "accessIPv6": "", "progress": 0, "OS-EXT-STS:power_state": 1, "config_drive": "True", "metadata": {}}}
2015-12-18 19:38:29,108 21488 INFO     [tempest.common.waiters] State transition "BUILD/spawning" ==&gt; "ACTIVE/None" after 4 second wait
2015-12-18 19:38:29,362 21488 INFO     [tempest_lib.common.rest_client] Request (TestNetworkAdvancedServerOps:test_server_connectivity_pause_unpause): 200 GET http://10.0.2.15:8774/v2.1/f6c1229021e14f61a025be18ee4acf4d/servers/69e13b03-24fe-4fe4-b061-5f39443c27af 0.253s
2015-12-18 19:38:29,362 21488 DEBUG    [tempest_lib.common.rest_client] Request - Headers: {'Content-Type': 'application/json', 'Accept': 'application/json', 'X-Auth-Token': '&lt;omitted&gt;'}
        Body: None
    Response - Headers: {'status': '200', 'content-length': '1662', 'content-location': 'http://10.0.2.15:8774/v2.1/f6c1229021e14f61a025be18ee4acf4d/servers/69e13b03-24fe-4fe4-b061-5f39443c27af', 'x-compute-request-id': 'req-4eb09e47-a7ec-4e95-92da-60ef3be9f14a', 'vary': 'X-OpenStack-Nova-API-Version', 'connection': 'close', 'x-openstack-nova-api-version': '2.1', 'date': 'Fri, 18 Dec 2015 19:38:29 GMT', 'content-type': 'application/json'}
        Body: {"server": {"status": "ACTIVE", "updated": "2015-12-18T19:38:28Z", "hostId": "c94115169e08af239062cf077bd6f7cba7ad2d5cca3c29bd3627e0f4", "addresses": {"tempest-network-smoke--2130245061": [{"OS-EXT-IPS-MAC:mac_addr": "fa:16:3e:2f:78:42", "version": 4, "addr": "10.100.0.3", "OS-EXT-IPS:type": "fixed"}]}, "links": [{"href": "http://10.0.2.15:8774/v2.1/f6c1229021e14f61a025be18ee4acf4d/servers/69e13b03-24fe-4fe4-b061-5f39443c27af", "rel": "self"}, {"href": "http://10.0.2.15:8774/f6c1229021e14f61a025be18ee4acf4d/servers/69e13b03-24fe-4fe4-b061-5f39443c27af", "rel": "bookmark"}], "key_name": "tempest-TestNetworkAdvancedServerOps-978440185", "image": {"id": "9650b110-3fa3-45bb-a4eb-e88b09440689", "links": [{"href": "http://10.0.2.15:8774/f6c1229021e14f61a025be18ee4acf4d/images/9650b110-3fa3-45bb-a4eb-e88b09440689", "rel": "bookmark"}]}, "OS-EXT-STS:task_state": null, "OS-EXT-STS:vm_state": "active", "OS-SRV-USG:launched_at": "2015-12-18T19:38:28.000000", "flavor": {"id": "42", "links": [{"href": "http://10.0.2.15:8774/f6c1229021e14f61a025be18ee4acf4d/flavors/42", "rel": "bookmark"}]}, "id": "69e13b03-24fe-4fe4-b061-5f39443c27af", "security_groups": [{"name": "tempest-secgroup-smoke-1103584632"}], "OS-SRV-USG:terminated_at": null, "OS-EXT-AZ:availability_zone": "nova", "user_id": "471d8eddc5e34d6695813a3951b74b42", "name": "tempest.common.compute-instance-1534835288", "created": "2015-12-18T19:38:24Z", "tenant_id": "f6c1229021e14f61a025be18ee4acf4d", "OS-DCF:diskConfig": "MANUAL", "os-extended-volumes:volumes_attached": [], "accessIPv4": "", "accessIPv6": "", "progress": 0, "OS-EXT-STS:power_state": 1, "config_drive": "True", "metadata": {}}}
2015-12-18 19:38:29,513 21488 INFO     [tempest_lib.common.rest_client] Request (TestNetworkAdvancedServerOps:test_server_connectivity_pause_unpause): 200 GET http://10.0.2.15:9696/v2.0/ports?status=ACTIVE&amp;fixed_ip=None&amp;device_id=69e13b03-24fe-4fe4-b061-5f39443c27af 0.142s
2015-12-18 19:38:29,513 21488 DEBUG    [tempest_lib.common.rest_client] Request - Headers: {'Content-Type': 'application/json', 'Accept': 'application/json', 'X-Auth-Token': '&lt;omitted&gt;'}
        Body: None
    Response - Headers: {'status': '200', 'content-length': '895', 'content-location': 'http://10.0.2.15:9696/v2.0/ports?status=ACTIVE&amp;fixed_ip=None&amp;device_id=69e13b03-24fe-4fe4-b061-5f39443c27af', 'connection': 'close', 'date': 'Fri, 18 Dec 2015 19:38:29 GMT', 'content-type': 'application/json; charset=UTF-8', 'x-openstack-request-id': 'req-17b8d4f7-e5b3-4b5b-bcdb-9ac33a32b615'}
        Body: {"ports": [{"status": "ACTIVE", "binding:host_id": "vagrant-ubuntu-trusty-64", "allowed_address_pairs": [], "extra_dhcp_opts": [], "dns_assignment": [{"hostname": "host-10-100-0-3", "ip_address": "10.100.0.3", "fqdn": "host-10-100-0-3.openstacklocal."}], "device_owner": "compute:None", "port_security_enabled": true, "binding:profile": {}, "fixed_ips": [{"subnet_id": "5cc9c104-a611-4cb5-90c9-0c204c43c428", "ip_address": "10.100.0.3"}], "id": "b268d740-f7eb-49cf-9a1d-abddfc68e517", "security_groups": ["a87401c6-4c57-4b6f-8fdf-676a21af20d8"], "device_id": "69e13b03-24fe-4fe4-b061-5f39443c27af", "name": "", "admin_state_up": true, "network_id": "322567d3-b428-44fa-924d-8524250b3362", "dns_name": "", "binding:vif_details": {"port_filter": true}, "binding:vnic_type": "normal", "binding:vif_type": "ovs", "tenant_id": "f6c1229021e14f61a025be18ee4acf4d", "mac_address": "fa:16:3e:2f:78:42"}]}
2015-12-18 19:38:30,430 21488 INFO     [tempest_lib.common.rest_client] Request (TestNetworkAdvancedServerOps:test_server_connectivity_pause_unpause): 201 POST http://10.0.2.15:9696/v2.0/floatingips 0.915s
2015-12-18 19:38:30,430 21488 DEBUG    [tempest_lib.common.rest_client] Request - Headers: {'Content-Type': 'application/json', 'Accept': 'application/json', 'X-Auth-Token': '&lt;omitted&gt;'}
        Body: {"floatingip": {"floating_network_id": "f2ff505a-198b-492d-90a7-04190b1f9769", "tenant_id": "f6c1229021e14f61a025be18ee4acf4d", "fixed_ip_address": "10.100.0.3", "port_id": "b268d740-f7eb-49cf-9a1d-abddfc68e517"}}
    Response - Headers: {'status': '201', 'content-length': '367', 'connection': 'close', 'date': 'Fri, 18 Dec 2015 19:38:30 GMT', 'content-type': 'application/json; charset=UTF-8', 'x-openstack-request-id': 'req-3ad780ad-72d0-4fb3-8de7-db6a7c70e13c'}
        Body: {"floatingip": {"floating_network_id": "f2ff505a-198b-492d-90a7-04190b1f9769", "router_id": "21038793-a37c-4b6f-82ef-a5075f811f98", "fixed_ip_address": "10.100.0.3", "floating_ip_address": "172.24.4.4", "tenant_id": "f6c1229021e14f61a025be18ee4acf4d", "status": "DOWN", "port_id": "b268d740-f7eb-49cf-9a1d-abddfc68e517", "id": "8d22a59f-612d-436a-a7dc-d4655d45b05a"}}
2015-12-18 19:38:30,671 21488 INFO     [tempest_lib.common.rest_client] Request (TestNetworkAdvancedServerOps:test_server_connectivity_pause_unpause): 200 GET http://10.0.2.15:8774/v2.1/f6c1229021e14f61a025be18ee4acf4d/servers/69e13b03-24fe-4fe4-b061-5f39443c27af 0.240s
2015-12-18 19:38:30,671 21488 DEBUG    [tempest_lib.common.rest_client] Request - Headers: {'Content-Type': 'application/json', 'Accept': 'application/json', 'X-Auth-Token': '&lt;omitted&gt;'}
        Body: None
    Response - Headers: {'status': '200', 'content-length': '1662', 'content-location': 'http://10.0.2.15:8774/v2.1/f6c1229021e14f61a025be18ee4acf4d/servers/69e13b03-24fe-4fe4-b061-5f39443c27af', 'x-compute-request-id': 'req-d1ea8f24-6c9e-42e8-9871-637f187d46a6', 'vary': 'X-OpenStack-Nova-API-Version', 'connection': 'close', 'x-openstack-nova-api-version': '2.1', 'date': 'Fri, 18 Dec 2015 19:38:30 GMT', 'content-type': 'application/json'}
        Body: {"server": {"status": "ACTIVE", "updated": "2015-12-18T19:38:28Z", "hostId": "c94115169e08af239062cf077bd6f7cba7ad2d5cca3c29bd3627e0f4", "addresses": {"tempest-network-smoke--2130245061": [{"OS-EXT-IPS-MAC:mac_addr": "fa:16:3e:2f:78:42", "version": 4, "addr": "10.100.0.3", "OS-EXT-IPS:type": "fixed"}]}, "links": [{"href": "http://10.0.2.15:8774/v2.1/f6c1229021e14f61a025be18ee4acf4d/servers/69e13b03-24fe-4fe4-b061-5f39443c27af", "rel": "self"}, {"href": "http://10.0.2.15:8774/f6c1229021e14f61a025be18ee4acf4d/servers/69e13b03-24fe-4fe4-b061-5f39443c27af", "rel": "bookmark"}], "key_name": "tempest-TestNetworkAdvancedServerOps-978440185", "image": {"id": "9650b110-3fa3-45bb-a4eb-e88b09440689", "links": [{"href": "http://10.0.2.15:8774/f6c1229021e14f61a025be18ee4acf4d/images/9650b110-3fa3-45bb-a4eb-e88b09440689", "rel": "bookmark"}]}, "OS-EXT-STS:task_state": null, "OS-EXT-STS:vm_state": "active", "OS-SRV-USG:launched_at": "2015-12-18T19:38:28.000000", "flavor": {"id": "42", "links": [{"href": "http://10.0.2.15:8774/f6c1229021e14f61a025be18ee4acf4d/flavors/42", "rel": "bookmark"}]}, "id": "69e13b03-24fe-4fe4-b061-5f39443c27af", "security_groups": [{"name": "tempest-secgroup-smoke-1103584632"}], "OS-SRV-USG:terminated_at": null, "OS-EXT-AZ:availability_zone": "nova", "user_id": "471d8eddc5e34d6695813a3951b74b42", "name": "tempest.common.compute-instance-1534835288", "created": "2015-12-18T19:38:24Z", "tenant_id": "f6c1229021e14f61a025be18ee4acf4d", "OS-DCF:diskConfig": "MANUAL", "os-extended-volumes:volumes_attached": [], "accessIPv4": "", "accessIPv6": "", "progress": 0, "OS-EXT-STS:power_state": 1, "config_drive": "True", "metadata": {}}}
2015-12-18 19:38:30,680 21488 INFO     [tempest.scenario.manager] Tenant networks not configured to be reachable.
2015-12-18 19:38:30,694 21488 INFO     [tempest_lib.common.rest_client] Request (TestNetworkAdvancedServerOps:test_server_connectivity_pause_unpause): 200 GET http://10.0.2.15:9696/v2.0/floatingips/8d22a59f-612d-436a-a7dc-d4655d45b05a 0.014s
2015-12-18 19:38:30,695 21488 DEBUG    [tempest_lib.common.rest_client] Request - Headers: {'Content-Type': 'application/json', 'Accept': 'application/json', 'X-Auth-Token': '&lt;omitted&gt;'}
        Body: None
    Response - Headers: {'status': '200', 'content-length': '367', 'content-location': 'http://10.0.2.15:9696/v2.0/floatingips/8d22a59f-612d-436a-a7dc-d4655d45b05a', 'connection': 'close', 'date': 'Fri, 18 Dec 2015 19:38:30 GMT', 'content-type': 'application/json; charset=UTF-8', 'x-openstack-request-id': 'req-b3ba8faf-de59-40e4-989a-855c0224ae6f'}
        Body: {"floatingip": {"floating_network_id": "f2ff505a-198b-492d-90a7-04190b1f9769", "router_id": "21038793-a37c-4b6f-82ef-a5075f811f98", "fixed_ip_address": "10.100.0.3", "floating_ip_address": "172.24.4.4", "tenant_id": "f6c1229021e14f61a025be18ee4acf4d", "status": "DOWN", "port_id": "b268d740-f7eb-49cf-9a1d-abddfc68e517", "id": "8d22a59f-612d-436a-a7dc-d4655d45b05a"}}
2015-12-18 19:38:31,709 21488 INFO     [tempest_lib.common.rest_client] Request (TestNetworkAdvancedServerOps:test_server_connectivity_pause_unpause): 200 GET http://10.0.2.15:9696/v2.0/floatingips/8d22a59f-612d-436a-a7dc-d4655d45b05a 0.013s
2015-12-18 19:38:31,710 21488 DEBUG    [tempest_lib.common.rest_client] Request - Headers: {'Content-Type': 'application/json', 'Accept': 'application/json', 'X-Auth-Token': '&lt;omitted&gt;'}
        Body: None
    Response - Headers: {'status': '200', 'content-length': '369', 'content-location': 'http://10.0.2.15:9696/v2.0/floatingips/8d22a59f-612d-436a-a7dc-d4655d45b05a', 'connection': 'close', 'date': 'Fri, 18 Dec 2015 19:38:31 GMT', 'content-type': 'application/json; charset=UTF-8', 'x-openstack-request-id': 'req-d0855dae-0dba-4703-81ba-804a6fb1fb81'}
        Body: {"floatingip": {"floating_network_id": "f2ff505a-198b-492d-90a7-04190b1f9769", "router_id": "21038793-a37c-4b6f-82ef-a5075f811f98", "fixed_ip_address": "10.100.0.3", "floating_ip_address": "172.24.4.4", "tenant_id": "f6c1229021e14f61a025be18ee4acf4d", "status": "ACTIVE", "port_id": "b268d740-f7eb-49cf-9a1d-abddfc68e517", "id": "8d22a59f-612d-436a-a7dc-d4655d45b05a"}}
2015-12-18 19:38:31,710 21488 INFO     [tempest.scenario.manager] FloatingIP: &lt;"FloatingIP" addr="172.24.4.4" id="8d22a59f-612d-436a-a7dc-d4655d45b05a"&gt; is at status: ACTIVE
2015-12-18 19:38:31,710 21488 DEBUG    [tempest.scenario.manager] checking network connections to IP 172.24.4.4 with user: cirros
2015-12-18 19:38:31,711 21488 DEBUG    [tempest.scenario.manager] TestNetworkAdvancedServerOps:test_server_connectivity_pause_unpause begins to ping 172.24.4.4 in 120 sec and the expected result is reachable
2015-12-18 19:40:33,054 21488 DEBUG    [tempest.scenario.manager] TestNetworkAdvancedServerOps:test_server_connectivity_pause_unpause finishes ping 172.24.4.4 in 120 sec and the ping result is unexpected
2015-12-18 19:40:33,056 21488 ERROR    [tempest.scenario.manager] Public network connectivity check failed
2015-12-18 19:40:33.056 21488 ERROR tempest.scenario.manager Traceback (most recent call last):
2015-12-18 19:40:33.056 21488 ERROR tempest.scenario.manager   File "tempest/scenario/manager.py", line 608, in check_public_network_connectivity
2015-12-18 19:40:33.056 21488 ERROR tempest.scenario.manager     should_connect=should_connect)
2015-12-18 19:40:33.056 21488 ERROR tempest.scenario.manager   File "tempest/scenario/manager.py", line 592, in check_vm_connectivity
2015-12-18 19:40:33.056 21488 ERROR tempest.scenario.manager     msg=msg)
2015-12-18 19:40:33.056 21488 ERROR tempest.scenario.manager   File "/usr/local/lib/python2.7/dist-packages/unittest2/case.py", line 702, in assertTrue
2015-12-18 19:40:33.056 21488 ERROR tempest.scenario.manager     raise self.failureException(msg)
2015-12-18 19:40:33.056 21488 ERROR tempest.scenario.manager AssertionError: False is not true : Timed out waiting for 172.24.4.4 to become reachable
2015-12-18 19:40:33.056 21488 ERROR tempest.scenario.manager 
2015-12-18 19:40:33,279 21488 INFO     [tempest_lib.common.rest_client] Request (TestNetworkAdvancedServerOps:test_server_connectivity_pause_unpause): 200 POST http://10.0.2.15:8774/v2.1/f6c1229021e14f61a025be18ee4acf4d/servers/69e13b03-24fe-4fe4-b061-5f39443c27af/action 0.219s
2015-12-18 19:40:33,280 21488 DEBUG    [tempest_lib.common.rest_client] Request - Headers: {'Content-Type': 'application/json', 'Accept': 'application/json', 'X-Auth-Token': '&lt;omitted&gt;'}
        Body: {"os-getConsoleOutput": {}}
    Response - Headers: {'status': '200', 'content-length': '17566', 'x-compute-request-id': 'req-e0d6ae9e-4f8d-43c5-ab96-39d433d614be', 'vary': 'X-OpenStack-Nova-API-Version', 'connection': 'close', 'x-openstack-nova-api-version': '2.1', 'date': 'Fri, 18 Dec 2015 19:40:33 GMT', 'content-type': 'application/json'}
        Body: {"output": "[    0.000000] Initializing cgroup subsys cpuset\n[    0.000000] Initializing cgroup subsys cpu\n[    0.000000] Linux version 3.2.0-80-virtual (buildd@batsu) (gcc version 4.6.3 (Ubuntu/Linaro 4.6.3-1ubuntu5) ) #116-Ubuntu SMP Mon Mar 23 17:28:52 UTC 2015 (Ubuntu 3.2.0-80.116-virtual 3.2.68)\n[    0.000000] Command line: root=/dev/vda console=tty0 console=ttyS0 no_timer_check\n[    0.000000] KERNEL supported cpus:\n[    0.000000]   Intel GenuineIntel\n[    0.000000]   AMD AuthenticAMD\n[    0.000000]   Centaur CentaurHauls\n[    0.000000] BIOS-provided physical RAM map:\n[    0.000000]  BIOS-e820: 0000000000000000 - 000000000009fc00 (usable)\n[    0.000000]  BIOS-e820: 000000000009fc00 - 00000000000a0000 (reserved)\n[    0.000000]  BIOS-e820: 00000000000f0000 - 0000000000100000 (reserved)\n[    0.000000]  BIOS-e820: 0000000000100000 - 0000000003ffe000 (usable)\n[    0.000000]  BIOS-e820: 0000000003ffe000 - 0000000004000000 (reserved)\n[    0.000000]  BIOS-e820: 00000000fffc0000 - 0000000100000000 (reserved)\n[    0.000000] NX (Execute Disable) protection: active\n[    0.000000] SMBIOS 2.4 present.\n[    0.000000] No AGP bridge found\n[    0.000000] last_pfn = 0x3ffe max_arch_pfn = 0x400000000\n[    0.000000] x86 PAT enabled: cpu 0, old 0x7040600070406, new 0x7010600070106\n[    0.000000] found SMP MP-table at [ffff8800000f0b00] f0b00\n[    0.000000] init_memory_mapping: 0000000000000000-0000000003ffe000\n[    0.000000] RAMDISK: 03c5e000 - 03ff0000\n[    0.000000] ACPI: RSDP 00000000000f0950 00014 (v00 BOCHS )\n[    0.000000] ACPI: RSDT 0000000003fffbc1 00034 (v01 BOCHS  BXPCRSDT 00000001 BXPC 00000001)\n[    0.000000] ACPI: FACP 0000000003fff1c0 00074 (v01 BOCHS  BXPCFACP 00000001 BXPC 00000001)\n[    0.000000] ACPI: DSDT 0000000003ffe040 01180 (v01 BOCHS  BXPCDSDT 00000001 BXPC 00000001)\n[    0.000000] ACPI: FACS 0000000003ffe000 00040\n[    0.000000] ACPI: SSDT 0000000003fff234 008DD (v01 BOCHS  BXPCSSDT 00000001 BXPC 00000001)\n[    0.000000] ACPI: APIC 0000000003fffb11 00078 (v01 BOCHS  BXPCAPIC 00000001 BXPC 00000001)\n[    0.000000] ACPI: HPET 0000000003fffb89 00038 (v01 BOCHS  BXPCHPET 00000001 BXPC 00000001)\n[    0.000000] No NUMA configuration found\n[    0.000000] Faking a node at 0000000000000000-0000000003ffe000\n[    0.000000] Initmem setup node 0 0000000000000000-0000000003ffe000\n[    0.000000]   NODE_DATA [0000000003ff6000 - 0000000003ffafff]\n[    0.000000] Zone PFN ranges:\n[    0.000000]   DMA      0x00000010 -&gt; 0x00001000\n[    0.000000]   DMA32    0x00001000 -&gt; 0x00100000\n[    0.000000]   Normal   empty\n[    0.000000] Movable zone start PFN for each node\n[    0.000000] early_node_map[2] active PFN ranges\n[    0.000000]     0: 0x00000010 -&gt; 0x0000009f\n[    0.000000]     0: 0x00000100 -&gt; 0x00003ffe\n[    0.000000] ACPI: PM-Timer IO Port: 0xb008\n[    0.000000] ACPI: LAPIC (acpi_id[0x00] lapic_id[0x00] enabled)\n[    0.000000] ACPI: LAPIC_NMI (acpi_id[0xff] dfl dfl lint[0x1])\n[    0.000000] ACPI: IOAPIC (id[0x00] address[0xfec00000] gsi_base[0])\n[    0.000000] IOAPIC[0]: apic_id 0, version 17, address 0xfec00000, GSI 0-23\n[    0.000000] ACPI: INT_SRC_OVR (bus 0 bus_irq 0 global_irq 2 dfl dfl)\n[    0.000000] ACPI: INT_SRC_OVR (bus 0 bus_irq 5 global_irq 5 high level)\n[    0.000000] ACPI: INT_SRC_OVR (bus 0 bus_irq 9 global_irq 9 high level)\n[    0.000000] ACPI: INT_SRC_OVR (bus 0 bus_irq 10 global_irq 10 high level)\n[    0.000000] ACPI: INT_SRC_OVR (bus 0 bus_irq 11 global_irq 11 high level)\n[    0.000000] Using ACPI (MADT) for SMP configuration information\n[    0.000000] ACPI: HPET id: 0x8086a201 base: 0xfed00000\n[    0.000000] SMP: Allowing 1 CPUs, 0 hotplug CPUs\n[    0.000000] PM: Registered nosave memory: 000000000009f000 - 00000000000a0000\n[    0.000000] PM: Registered nosave memory: 00000000000a0000 - 00000000000f0000\n[    0.000000] PM: Registered nosave memory: 00000000000f0000 - 0000000000100000\n[    0.000000] Allocating PCI resources starting at 4000000 (gap: 4000000:fbfc0000)\n[    0.000000] Booting paravirtualized kernel on bare hardware\n[    0.000000] setup_pe
2015-12-18 19:40:33,283 21488 DEBUG    [tempest.scenario.manager] Console output for 69e13b03-24fe-4fe4-b061-5f39443c27af
body=
[    0.000000] Initializing cgroup subsys cpuset
[    0.000000] Initializing cgroup subsys cpu
[    0.000000] Linux version 3.2.0-80-virtual (buildd@batsu) (gcc version 4.6.3 (Ubuntu/Linaro 4.6.3-1ubuntu5) ) #116-Ubuntu SMP Mon Mar 23 17:28:52 UTC 2015 (Ubuntu 3.2.0-80.116-virtual 3.2.68)
[    0.000000] Command line: root=/dev/vda console=tty0 console=ttyS0 no_timer_check
[    0.000000] KERNEL supported cpus:
[    0.000000]   Intel GenuineIntel
[    0.000000]   AMD AuthenticAMD
[    0.000000]   Centaur CentaurHauls
[    0.000000] BIOS-provided physical RAM map:
[    0.000000]  BIOS-e820: 0000000000000000 - 000000000009fc00 (usable)
[    0.000000]  BIOS-e820: 000000000009fc00 - 00000000000a0000 (reserved)
[    0.000000]  BIOS-e820: 00000000000f0000 - 0000000000100000 (reserved)
[    0.000000]  BIOS-e820: 0000000000100000 - 0000000003ffe000 (usable)
[    0.000000]  BIOS-e820: 0000000003ffe000 - 0000000004000000 (reserved)
[    0.000000]  BIOS-e820: 00000000fffc0000 - 0000000100000000 (reserved)
[    0.000000] NX (Execute Disable) protection: active
[    0.000000] SMBIOS 2.4 present.
[    0.000000] No AGP bridge found
[    0.000000] last_pfn = 0x3ffe max_arch_pfn = 0x400000000
[    0.000000] x86 PAT enabled: cpu 0, old 0x7040600070406, new 0x7010600070106
[    0.000000] found SMP MP-table at [ffff8800000f0b00] f0b00
[    0.000000] init_memory_mapping: 0000000000000000-0000000003ffe000
[    0.000000] RAMDISK: 03c5e000 - 03ff0000
[    0.000000] ACPI: RSDP 00000000000f0950 00014 (v00 BOCHS )
[    0.000000] ACPI: RSDT 0000000003fffbc1 00034 (v01 BOCHS  BXPCRSDT 00000001 BXPC 00000001)
[    0.000000] ACPI: FACP 0000000003fff1c0 00074 (v01 BOCHS  BXPCFACP 00000001 BXPC 00000001)
[    0.000000] ACPI: DSDT 0000000003ffe040 01180 (v01 BOCHS  BXPCDSDT 00000001 BXPC 00000001)
[    0.000000] ACPI: FACS 0000000003ffe000 00040
[    0.000000] ACPI: SSDT 0000000003fff234 008DD (v01 BOCHS  BXPCSSDT 00000001 BXPC 00000001)
[    0.000000] ACPI: APIC 0000000003fffb11 00078 (v01 BOCHS  BXPCAPIC 00000001 BXPC 00000001)
[    0.000000] ACPI: HPET 0000000003fffb89 00038 (v01 BOCHS  BXPCHPET 00000001 BXPC 00000001)
[    0.000000] No NUMA configuration found
[    0.000000] Faking a node at 0000000000000000-0000000003ffe000
[    0.000000] Initmem setup node 0 0000000000000000-0000000003ffe000
[    0.000000]   NODE_DATA [0000000003ff6000 - 0000000003ffafff]
[    0.000000] Zone PFN ranges:
[    0.000000]   DMA      0x00000010 -&gt; 0x00001000
[    0.000000]   DMA32    0x00001000 -&gt; 0x00100000
[    0.000000]   Normal   empty
[    0.000000] Movable zone start PFN for each node
[    0.000000] early_node_map[2] active PFN ranges
[    0.000000]     0: 0x00000010 -&gt; 0x0000009f
[    0.000000]     0: 0x00000100 -&gt; 0x00003ffe
[    0.000000] ACPI: PM-Timer IO Port: 0xb008
[    0.000000] ACPI: LAPIC (acpi_id[0x00] lapic_id[0x00] enabled)
[    0.000000] ACPI: LAPIC_NMI (acpi_id[0xff] dfl dfl lint[0x1])
[    0.000000] ACPI: IOAPIC (id[0x00] address[0xfec00000] gsi_base[0])
[    0.000000] IOAPIC[0]: apic_id 0, version 17, address 0xfec00000, GSI 0-23
[    0.000000] ACPI: INT_SRC_OVR (bus 0 bus_irq 0 global_irq 2 dfl dfl)
[    0.000000] ACPI: INT_SRC_OVR (bus 0 bus_irq 5 global_irq 5 high level)
[    0.000000] ACPI: INT_SRC_OVR (bus 0 bus_irq 9 global_irq 9 high level)
[    0.000000] ACPI: INT_SRC_OVR (bus 0 bus_irq 10 global_irq 10 high level)
[    0.000000] ACPI: INT_SRC_OVR (bus 0 bus_irq 11 global_irq 11 high level)
[    0.000000] Using ACPI (MADT) for SMP configuration information
[    0.000000] ACPI: HPET id: 0x8086a201 base: 0xfed00000
[    0.000000] SMP: Allowing 1 CPUs, 0 hotplug CPUs
[    0.000000] PM: Registered nosave memory: 000000000009f000 - 00000000000a0000
[    0.000000] PM: Registered nosave memory: 00000000000a0000 - 00000000000f0000
[    0.000000] PM: Registered nosave memory: 00000000000f0000 - 0000000000100000
[    0.000000] Allocating PCI resources starting at 4000000 (gap: 4000000:fbfc0000)
[    0.000000] Booting paravirtualized kernel on bare hardware
[    0.000000] setup_percpu: NR_CPUS:64 nr_cpumask_bits:64 nr_cpu_ids:1 nr_node_ids:1
[    0.000000] PERCPU: Embedded 27 pages/cpu @ffff880003a00000 s78848 r8192 d23552 u2097152
[    0.000000] Built 1 zonelists in Node order, mobility grouping on.  Total pages: 16008
[    0.000000] Policy zone: DMA32
[    0.000000] Kernel command line: root=/dev/vda console=tty0 console=ttyS0 no_timer_check
[    0.000000] PID hash table entries: 256 (order: -1, 2048 bytes)
[    0.000000] Checking aperture...
[    0.000000] No AGP bridge found
[    0.000000] Memory: 43492k/65528k available (6576k kernel code, 452k absent, 21584k reserved, 6620k data, 928k init)
[    0.000000] SLUB: Genslabs=15, HWalign=64, Order=0-3, MinObjects=0, CPUs=1, Nodes=1
[    0.000000] Hierarchical RCU implementation.
[    0.000000] 	RCU dyntick-idle grace-period acceleration is enabled.
[    0.000000] NR_IRQS:4352 nr_irqs:256 16
[    0.000000] Console: colour VGA+ 80x25
[    0.000000] console [tty0] enabled
[    0.000000] console [ttyS0] enabled
[    0.000000] allocated 1048576 bytes of page_cgroup
[    0.000000] please try 'cgroup_disable=memory' option if you don't want memory cgroups
[    0.000000] Fast TSC calibration failed
[    0.000000] TSC: Unable to calibrate against PIT
[    0.000000] TSC: using HPET reference calibration
[    0.000000] Detected 2294.466 MHz processor.
[    0.029037] Calibrating delay loop (skipped), value calculated using timer frequency.. 4588.93 BogoMIPS (lpj=9177864)
[    0.032806] pid_max: default: 32768 minimum: 301
[    0.040542] Security Framework initialized
[    0.044664] AppArmor: AppArmor initialized
[    0.045332] Yama: becoming mindful.
[    0.051019] Dentry cache hash table entries: 8192 (order: 4, 65536 bytes)
[    0.052566] Inode-cache hash table entries: 4096 (order: 3, 32768 bytes)
[    0.054030] Mount-cache hash table entries: 256
[    0.069247] Initializing cgroup subsys cpuacct
[    0.070103] Initializing cgroup subsys memory
[    0.071412] Initializing cgroup subsys devices
[    0.072168] Initializing cgroup subsys freezer
[    0.073004] Initializing cgroup subsys blkio
[    0.073705] Initializing cgroup subsys perf_event
[    0.078364] mce: CPU supports 10 MCE banks
[    0.081473] SMP alternatives: switching to UP code
[    0.431013] Freeing SMP alternatives: 24k freed
[    0.432932] ACPI: Core revision 20110623
[    0.485768] ftrace: allocating 26610 entries in 105 pages
[    0.518394] ..TIMER: vector=0x30 apic1=0 pin1=2 apic2=-1 pin2=-1
[    0.520124] CPU0: AMD QEMU Virtual CPU version 2.0.0 stepping 03
[    0.528032] Performance Events: Broken PMU hardware detected, using software events only.
[    0.538850] NMI watchdog disabled (cpu0): hardware events not enabled
[    0.540795] Brought up 1 CPUs
[    0.541330] Total of 1 processors activated (4588.93 BogoMIPS).
[    0.565297] devtmpfs: initialized
[    0.594480] EVM: security.selinux
[    0.595174] EVM: security.SMACK64
[    0.596083] EVM: security.capability
[    0.620816] print_constraints: dummy: 
[    0.622662] RTC time: 19:38:32, date: 12/18/15
[    0.625997] NET: Registered protocol family 16
[    0.634290] ACPI: bus type pci registered
[    0.638170] PCI: Using configuration type 1 for base access
[    0.672172] bio: create slab &lt;bio-0&gt; at 0
[    0.676511] ACPI: Added _OSI(Module Device)
[    0.677101] ACPI: Added _OSI(Processor Device)
[    0.677699] ACPI: Added _OSI(3.0 _SCP Extensions)
[    0.678416] ACPI: Added _OSI(Processor Aggregator Device)
[    0.745080] ACPI: Interpreter enabled
[    0.745730] ACPI: (supports S0 S3 S4 S5)
[    0.747422] ACPI: Using IOAPIC for interrupt routing
[    0.830503] ACPI: No dock devices found.
[    0.831102] HEST: Table not found.
[    0.831701] PCI: Using host bridge windows from ACPI; if necessary, use "pci=nocrs" and report a bug
[    0.838009] ACPI: PCI Root Bridge [PCI0] (domain 0000 [bus 00-ff])
[    0.845184] pci_root PNP0A03:00: host bridge window [io  0x0000-0x0cf7]
[    0.846521] pci_root PNP0A03:00: host bridge window [io  0x0d00-0xadff]
[    0.848123] pci_root PNP0A03:00: host bridge window [io  0xae0f-0xaeff]
[    0.850210] pci_root PNP0A03:00: host bridge window [io  0xaf20-0xafdf]
[    0.852122] pci_root PNP0A03:00: host bridge window [io  0xafe4-0xffff]
[    0.853318] pci_root PNP0A03:00: host bridge window [mem 0x000a0000-0x000bffff]
[    0.854119] pci_root PNP0A03:00: host bridge window [mem 0x04000000-0xfebfffff]
[    0.876697] pci 0000:00:01.3: quirk: [io  0xb000-0xb03f] claimed by PIIX4 ACPI
[    0.877512] pci 0000:00:01.3: quirk: [io  0xb100-0xb10f] claimed by PIIX4 SMB
[    0.947259]  pci0000:00: Unable to request _OSC control (_OSC support mask: 0x1e)
[    1.026536] ACPI: PCI Interrupt Link [LNKA] (IRQs 5 *10 11)
[    1.029409] ACPI: PCI Interrupt Link [LNKB] (IRQs 5 *10 11)
[    1.031243] ACPI: PCI Interrupt Link [LNKC] (IRQs 5 10 *11)
[    1.033284] ACPI: PCI Interrupt Link [LNKD] (IRQs 5 10 *11)
[    1.034589] ACPI: PCI Interrupt Link [LNKS] (IRQs *9)
[    1.041380] vgaarb: device added: PCI:0000:00:02.0,decodes=io+mem,owns=io+mem,locks=none
[    1.042404] vgaarb: loaded
[    1.043181] vgaarb: bridge control possible 0000:00:02.0
[    1.049467] i2c-core: driver [aat2870] using legacy suspend method
[    1.050563] i2c-core: driver [aat2870] using legacy resume method
[    1.053993] SCSI subsystem initialized
[    1.058073] usbcore: registered new interface driver usbfs
[    1.059219] usbcore: registered new interface driver hub
[    1.060774] usbcore: registered new device driver usb
[    1.065452] PCI: Using ACPI for IRQ routing
[    1.076256] NetLabel: Initializing
[    1.076676] NetLabel:  domain hash size = 128
[    1.077378] NetLabel:  protocols = UNLABELED CIPSOv4
[    1.079199] NetLabel:  unlabeled traffic allowed by default
[    1.081506] HPET: 3 timers in total, 0 timers will be used for per-cpu timer
[    1.082672] hpet0: at MMIO 0xfed00000, IRQs 2, 8, 0
[    1.084640] hpet0: 3 comparators, 64-bit 100.000000 MHz counter
[    1.096691] Switching to clocksource hpet
[    1.330879] AppArmor: AppArmor Filesystem Enabled
[    1.332073] pnp: PnP ACPI init
[    1.334207] ACPI: bus type pnp registered
[    1.362035] pnp: PnP ACPI: found 9 devices
[    1.362579] ACPI: ACPI bus type pnp unregistered
[    1.418805] NET: Registered protocol family 2
[    1.458897] IP route cache hash table entries: 512 (order: 0, 4096 bytes)
[    1.467614] TCP established hash table entries: 2048 (order: 3, 32768 bytes)
[    1.469360] TCP bind hash table entries: 2048 (order: 3, 32768 bytes)
[    1.470183] TCP: Hash tables configured (established 2048 bind 2048)
[    1.470935] TCP reno registered
[    1.471319] UDP hash table entries: 128 (order: 0, 4096 bytes)
[    1.473756] UDP-Lite hash table entries: 128 (order: 0, 4096 bytes)
[    1.476041] NET: Registered protocol family 1
[    1.477490] pci 0000:00:00.0: Limiting direct PCI/PCI transfers
[    1.478164] pci 0000:00:01.0: PIIX3: Enabling Passive Release
[    1.479040] pci 0000:00:01.0: Activating ISA DMA hang workarounds
[    1.485303] ACPI: PCI Interrupt Link [LNKD] enabled at IRQ 11
[    1.486258] pci 0000:00:01.2: PCI INT D -&gt; Link[LNKD] -&gt; GSI 11 (level, high) -&gt; IRQ 11
[    1.488114] pci 0000:00:01.2: PCI INT D disabled
[    1.506117] Trying to unpack rootfs image as initramfs...
[    1.522829] audit: initializing netlink socket (disabled)
[    1.524004] type=2000 audit(1450467512.520:1): initialized
[    1.791065] HugeTLB registered 2 MB page size, pre-allocated 0 pages
[    1.907476] VFS: Disk quotas dquot_6.5.2
[    1.910554] Dquot-cache hash table entries: 512 (order 0, 4096 bytes)
[    1.935048] fuse init (API version 7.17)
[    1.938951] msgmni has been set to 84
[    1.978341] Block layer SCSI generic (bsg) driver version 0.4 loaded (major 253)
[    1.980028] io scheduler noop registered
[    1.981616] io scheduler deadline registered (default)
[    1.983245] io scheduler cfq registered
[    1.986541] pci_hotplug: PCI Hot Plug PCI Core version: 0.5
[    1.990681] pciehp: PCI Express Hot Plug Controller Driver version: 0.4
[    1.996005] input: Power Button as /devices/LNXSYSTM:00/LNXPWRBN:00/input/input0
[    1.998441] ACPI: Power Button [PWRF]
[    2.054568] ERST: Table is not found!
[    2.055095] GHES: HEST is not enabled!
[    2.066127] ACPI: PCI Interrupt Link [LNKC] enabled at IRQ 10
[    2.066827] virtio-pci 0000:00:03.0: PCI INT A -&gt; Link[LNKC] -&gt; GSI 10 (level, high) -&gt; IRQ 10
[    2.069708] virtio-pci 0000:00:04.0: PCI INT A -&gt; Link[LNKD] -&gt; GSI 11 (level, high) -&gt; IRQ 11
[    2.091191] ACPI: PCI Interrupt Link [LNKA] enabled at IRQ 10
[    2.091845] virtio-pci 0000:00:05.0: PCI INT A -&gt; Link[LNKA] -&gt; GSI 10 (level, high) -&gt; IRQ 10
[    2.102000] Serial: 8250/16550 driver, 32 ports, IRQ sharing enabled
[    2.146937] serial8250: ttyS0 at I/O 0x3f8 (irq = 4) is a 16550A
[    2.239198] serial8250: ttyS1 at I/O 0x2f8 (irq = 3) is a 16550A
[    2.371086] 00:05: ttyS0 at I/O 0x3f8 (irq = 4) is a 16550A
[    2.455192] 00:06: ttyS1 at I/O 0x2f8 (irq = 3) is a 16550A
[    2.494942] Refined TSC clocksource calibration: 2294.501 MHz.
[    2.495850] Switching to clocksource tsc
[    2.519593] Linux agpgart interface v0.103
[    2.582973] brd: module loaded
[    2.611522] loop: module loaded
[    2.667648]  vda: unknown partition table
[    2.721939] scsi0 : ata_piix
[    2.729640] scsi1 : ata_piix
[    2.730896] ata1: PATA max MWDMA2 cmd 0x1f0 ctl 0x3f6 bmdma 0xc0a0 irq 14
[    2.731885] ata2: PATA max MWDMA2 cmd 0x170 ctl 0x376 bmdma 0xc0a8 irq 15
[    2.742446] Fixed MDIO Bus: probed
[    2.743543] tun: Universal TUN/TAP device driver, 1.6
[    2.744606] tun: (C) 1999-2004 Max Krasnyansky &lt;maxk@qualcomm.com&gt;
[    2.765612] PPP generic driver version 2.4.2
[    2.801434] ehci_hcd: USB 2.0 'Enhanced' Host Controller (EHCI) Driver
[    2.802253] ohci_hcd: USB 1.1 'Open' Host Controller (OHCI) Driver
[    2.803303] uhci_hcd: USB Universal Host Controller Interface driver
[    2.804099] uhci_hcd 0000:00:01.2: PCI INT D -&gt; Link[LNKD] -&gt; GSI 11 (level, high) -&gt; IRQ 11
[    2.808146] uhci_hcd 0000:00:01.2: UHCI Host Controller
[    2.818325] uhci_hcd 0000:00:01.2: new USB bus registered, assigned bus number 1
[    2.820075] uhci_hcd 0000:00:01.2: irq 11, io base 0x0000c040
[    2.852517] hub 1-0:1.0: USB hub found
[    2.854161] hub 1-0:1.0: 2 ports detected
[    2.861037] usbcore: registered new interface driver libusual
[    2.863927] i8042: PNP: PS/2 Controller [PNP0303:KBD,PNP0f13:MOU] at 0x60,0x64 irq 1,12
[    2.871785] serio: i8042 KBD port at 0x60,0x64 irq 1
[    2.873151] serio: i8042 AUX port at 0x60,0x64 irq 12
[    2.911793] mousedev: PS/2 mouse device common for all mice
[    2.922824] input: AT Translated Set 2 keyboard as /devices/platform/i8042/serio0/input/input1
[    2.927830] rtc_cmos 00:01: RTC can wake from S4
[    2.956092] rtc_cmos 00:01: rtc core: registered rtc_cmos as rtc0
[    2.964747] rtc0: alarms up to one day, 114 bytes nvram, hpet irqs
[    2.968998] device-mapper: uevent: version 1.0.3
[    2.990645] ata2.01: ATAPI: QEMU DVD-ROM, 2.0.0, max UDMA/100
[    3.004309] ata2.01: configured for MWDMA2
[    3.034326] device-mapper: ioctl: 4.22.0-ioctl (2011-10-19) initialised: dm-devel@redhat.com
[    3.037196] cpuidle: using governor ladder
[    3.038536] cpuidle: using governor menu
[    3.039774] EFI Variables Facility v0.08 2004-May-17
[    3.048022] TCP cubic registered
[    3.056156] NET: Registered protocol family 10
[    3.081858] NET: Registered protocol family 17
[    3.082400] Registering the dns_resolver key type
[    3.097982] scsi 1:0:1:0: CD-ROM            QEMU     QEMU DVD-ROM     2.0. PQ: 0 ANSI: 5
[    3.132703] sr0: scsi3-mmc drive: 4x/4x cd/rw xa/form2 tray
[    3.134521] cdrom: Uniform CD-ROM driver Revision: 3.20
[    3.161747] sr 1:0:1:0: Attached scsi generic sg0 type 5
[    3.197235] Freeing initrd memory: 3656k freed
[    3.216096] registered taskstats version 1
[    3.694338]   Magic number: 11:985:647
[    3.710870] scsi_host host1: hash matches
[    3.711974] scsi host1: hash matches
[    3.714974] processor LNXCPU:00: hash matches
[    3.722056] rtc_cmos 00:01: setting system clock to 2015-12-18 19:38:35 UTC (1450467515)
[    3.726355] powernow-k8: Processor cpuid 663 not supported
[    3.733316] BIOS EDD facility v0.16 2004-Jun-25, 0 devices found
[    3.738864] EDD information not available.
[    3.825601] Freeing unused kernel memory: 928k freed
[    3.834906] Write protecting the kernel read-only data: 12288k
[    3.935146] Freeing unused kernel memory: 1596k freed
[    4.002308] Freeing unused kernel memory: 1184k freed

info: initramfs: up at 4.20
modprobe: module virtio_blk not found in modules.dep
modprobe: module virtio_net not found in modules.dep
info: copying initramfs to /dev/vda
info: initramfs loading root from /dev/vda
info: /etc/init.d/rc.sysinit: up at 9.15
info: container: none
Starting logging: OK
modprobe: module virtio_blk not found in modules.dep
modprobe: module virtio_net not found in modules.dep
WARN: /etc/rc3.d/S10-load-modules failed
Initializing random number generator... done.
Starting acpid: OK
cirros-ds 'local' up at 11.68
found datasource (configdrive, local)
Starting network...
udhcpc (v1.20.1) started
Sending discover...
Sending discover...

2015-12-18 19:40:33,654 21488 INFO     [tempest_lib.common.rest_client] Request (TestNetworkAdvancedServerOps:_run_cleanups): 204 DELETE http://10.0.2.15:9696/v2.0/floatingips/8d22a59f-612d-436a-a7dc-d4655d45b05a 0.362s
2015-12-18 19:40:33,654 21488 DEBUG    [tempest_lib.common.rest_client] Request - Headers: {'Content-Type': 'application/json', 'Accept': 'application/json', 'X-Auth-Token': '&lt;omitted&gt;'}
        Body: None
    Response - Headers: {'date': 'Fri, 18 Dec 2015 19:40:33 GMT', 'status': '204', 'connection': 'close', 'content-length': '0', 'x-openstack-request-id': 'req-b118e3e3-c762-472c-b929-0eee640f71b6'}
        Body: 
2015-12-18 19:40:33,867 21488 INFO     [tempest_lib.common.rest_client] Request (TestNetworkAdvancedServerOps:_run_cleanups): 204 DELETE http://10.0.2.15:8774/v2.1/f6c1229021e14f61a025be18ee4acf4d/servers/69e13b03-24fe-4fe4-b061-5f39443c27af 0.212s
2015-12-18 19:40:33,868 21488 DEBUG    [tempest_lib.common.rest_client] Request - Headers: {'Content-Type': 'application/json', 'Accept': 'application/json', 'X-Auth-Token': '&lt;omitted&gt;'}
        Body: None
    Response - Headers: {'status': '204', 'content-length': '0', 'x-compute-request-id': 'req-00a4adc0-ae79-41d5-9a99-f8e7730f81ef', 'vary': 'X-OpenStack-Nova-API-Version', 'connection': 'close', 'x-openstack-nova-api-version': '2.1', 'date': 'Fri, 18 Dec 2015 19:40:33 GMT', 'content-type': 'application/json'}
        Body: 
2015-12-18 19:40:34,094 21488 INFO     [tempest_lib.common.rest_client] Request (TestNetworkAdvancedServerOps:_run_cleanups): 200 GET http://10.0.2.15:8774/v2.1/f6c1229021e14f61a025be18ee4acf4d/servers/69e13b03-24fe-4fe4-b061-5f39443c27af 0.226s
2015-12-18 19:40:34,095 21488 DEBUG    [tempest_lib.common.rest_client] Request - Headers: {'Content-Type': 'application/json', 'Accept': 'application/json', 'X-Auth-Token': '&lt;omitted&gt;'}
        Body: None
    Response - Headers: {'status': '200', 'content-length': '1785', 'content-location': 'http://10.0.2.15:8774/v2.1/f6c1229021e14f61a025be18ee4acf4d/servers/69e13b03-24fe-4fe4-b061-5f39443c27af', 'x-compute-request-id': 'req-30651229-d54d-4c49-9526-d5c4d686c32f', 'vary': 'X-OpenStack-Nova-API-Version', 'connection': 'close', 'x-openstack-nova-api-version': '2.1', 'date': 'Fri, 18 Dec 2015 19:40:34 GMT', 'content-type': 'application/json'}
        Body: {"server": {"status": "ACTIVE", "updated": "2015-12-18T19:40:33Z", "hostId": "c94115169e08af239062cf077bd6f7cba7ad2d5cca3c29bd3627e0f4", "addresses": {"tempest-network-smoke--2130245061": [{"OS-EXT-IPS-MAC:mac_addr": "fa:16:3e:2f:78:42", "version": 4, "addr": "10.100.0.3", "OS-EXT-IPS:type": "fixed"}, {"OS-EXT-IPS-MAC:mac_addr": "fa:16:3e:2f:78:42", "version": 4, "addr": "172.24.4.4", "OS-EXT-IPS:type": "floating"}]}, "links": [{"href": "http://10.0.2.15:8774/v2.1/f6c1229021e14f61a025be18ee4acf4d/servers/69e13b03-24fe-4fe4-b061-5f39443c27af", "rel": "self"}, {"href": "http://10.0.2.15:8774/f6c1229021e14f61a025be18ee4acf4d/servers/69e13b03-24fe-4fe4-b061-5f39443c27af", "rel": "bookmark"}], "key_name": "tempest-TestNetworkAdvancedServerOps-978440185", "image": {"id": "9650b110-3fa3-45bb-a4eb-e88b09440689", "links": [{"href": "http://10.0.2.15:8774/f6c1229021e14f61a025be18ee4acf4d/images/9650b110-3fa3-45bb-a4eb-e88b09440689", "rel": "bookmark"}]}, "OS-EXT-STS:task_state": "deleting", "OS-EXT-STS:vm_state": "active", "OS-SRV-USG:launched_at": "2015-12-18T19:38:28.000000", "flavor": {"id": "42", "links": [{"href": "http://10.0.2.15:8774/f6c1229021e14f61a025be18ee4acf4d/flavors/42", "rel": "bookmark"}]}, "id": "69e13b03-24fe-4fe4-b061-5f39443c27af", "security_groups": [{"name": "tempest-secgroup-smoke-1103584632"}], "OS-SRV-USG:terminated_at": null, "OS-EXT-AZ:availability_zone": "nova", "user_id": "471d8eddc5e34d6695813a3951b74b42", "name": "tempest.common.compute-instance-1534835288", "created": "2015-12-18T19:38:24Z", "tenant_id": "f6c1229021e14f61a025be18ee4acf4d", "OS-DCF:diskConfig": "MANUAL", "os-extended-volumes:volumes_attached": [], "accessIPv4": "", "accessIPv6": "", "progress": 0, "OS-EXT-STS:power_state": 1, "config_drive": "True", "metadata": {}}}
2015-12-18 19:40:35,266 21488 INFO     [tempest_lib.common.rest_client] Request (TestNetworkAdvancedServerOps:_run_cleanups): 200 GET http://10.0.2.15:8774/v2.1/f6c1229021e14f61a025be18ee4acf4d/servers/69e13b03-24fe-4fe4-b061-5f39443c27af 0.153s
2015-12-18 19:40:35,266 21488 DEBUG    [tempest_lib.common.rest_client] Request - Headers: {'Content-Type': 'application/json', 'Accept': 'application/json', 'X-Auth-Token': '&lt;omitted&gt;'}
        Body: None
    Response - Headers: {'status': '200', 'content-length': '1717', 'content-location': 'http://10.0.2.15:8774/v2.1/f6c1229021e14f61a025be18ee4acf4d/servers/69e13b03-24fe-4fe4-b061-5f39443c27af', 'x-compute-request-id': 'req-6197de5d-7975-401d-b639-232687b83648', 'vary': 'X-OpenStack-Nova-API-Version', 'connection': 'close', 'x-openstack-nova-api-version': '2.1', 'date': 'Fri, 18 Dec 2015 19:40:35 GMT', 'content-type': 'application/json'}
        Body: {"server": {"status": "ACTIVE", "updated": "2015-12-18T19:40:34Z", "hostId": "c94115169e08af239062cf077bd6f7cba7ad2d5cca3c29bd3627e0f4", "addresses": {"tempest-network-smoke--2130245061": [{"OS-EXT-IPS-MAC:mac_addr": "fa:16:3e:2f:78:42", "version": 4, "addr": "10.100.0.3", "OS-EXT-IPS:type": "fixed"}, {"OS-EXT-IPS-MAC:mac_addr": "fa:16:3e:2f:78:42", "version": 4, "addr": "172.24.4.4", "OS-EXT-IPS:type": "floating"}]}, "links": [{"href": "http://10.0.2.15:8774/v2.1/f6c1229021e14f61a025be18ee4acf4d/servers/69e13b03-24fe-4fe4-b061-5f39443c27af", "rel": "self"}, {"href": "http://10.0.2.15:8774/f6c1229021e14f61a025be18ee4acf4d/servers/69e13b03-24fe-4fe4-b061-5f39443c27af", "rel": "bookmark"}], "key_name": "tempest-TestNetworkAdvancedServerOps-978440185", "image": {"id": "9650b110-3fa3-45bb-a4eb-e88b09440689", "links": [{"href": "http://10.0.2.15:8774/f6c1229021e14f61a025be18ee4acf4d/images/9650b110-3fa3-45bb-a4eb-e88b09440689", "rel": "bookmark"}]}, "OS-EXT-STS:task_state": "deleting", "OS-EXT-STS:vm_state": "active", "OS-SRV-USG:launched_at": "2015-12-18T19:38:28.000000", "flavor": {"id": "42", "links": [{"href": "http://10.0.2.15:8774/f6c1229021e14f61a025be18ee4acf4d/flavors/42", "rel": "bookmark"}]}, "id": "69e13b03-24fe-4fe4-b061-5f39443c27af", "OS-SRV-USG:terminated_at": null, "OS-EXT-AZ:availability_zone": "nova", "user_id": "471d8eddc5e34d6695813a3951b74b42", "name": "tempest.common.compute-instance-1534835288", "created": "2015-12-18T19:38:24Z", "tenant_id": "f6c1229021e14f61a025be18ee4acf4d", "OS-DCF:diskConfig": "MANUAL", "os-extended-volumes:volumes_attached": [], "accessIPv4": "", "accessIPv6": "", "progress": 0, "OS-EXT-STS:power_state": 1, "config_drive": "True", "metadata": {}}}
2015-12-18 19:40:36,466 21488 INFO     [tempest_lib.common.rest_client] Request (TestNetworkAdvancedServerOps:_run_cleanups): 404 GET http://10.0.2.15:8774/v2.1/f6c1229021e14f61a025be18ee4acf4d/servers/69e13b03-24fe-4fe4-b061-5f39443c27af 0.189s
2015-12-18 19:40:36,466 21488 DEBUG    [tempest_lib.common.rest_client] Request - Headers: {'Content-Type': 'application/json', 'Accept': 'application/json', 'X-Auth-Token': '&lt;omitted&gt;'}
        Body: None
    Response - Headers: {'status': '404', 'content-length': '111', 'x-compute-request-id': 'req-91e1359f-a4db-45e2-a1ce-662ee7ae9129', 'vary': 'X-OpenStack-Nova-API-Version', 'connection': 'close', 'x-openstack-nova-api-version': '2.1', 'date': 'Fri, 18 Dec 2015 19:40:36 GMT', 'content-type': 'application/json; charset=UTF-8'}
        Body: {"itemNotFound": {"message": "Instance 69e13b03-24fe-4fe4-b061-5f39443c27af could not be found.", "code": 404}}
2015-12-18 19:40:36,871 21488 INFO     [tempest_lib.common.rest_client] Request (TestNetworkAdvancedServerOps:_run_cleanups): 200 PUT http://10.0.2.15:9696/v2.0/routers/21038793-a37c-4b6f-82ef-a5075f811f98/remove_router_interface 0.404s
2015-12-18 19:40:36,871 21488 DEBUG    [tempest_lib.common.rest_client] Request - Headers: {'Content-Type': 'application/json', 'Accept': 'application/json', 'X-Auth-Token': '&lt;omitted&gt;'}
        Body: {"subnet_id": "5cc9c104-a611-4cb5-90c9-0c204c43c428"}
    Response - Headers: {'status': '200', 'content-length': '255', 'connection': 'close', 'date': 'Fri, 18 Dec 2015 19:40:36 GMT', 'content-type': 'application/json; charset=UTF-8', 'x-openstack-request-id': 'req-772c8eb6-a6ea-4418-8eb9-d9ed04a5ea05'}
        Body: {"subnet_id": "5cc9c104-a611-4cb5-90c9-0c204c43c428", "tenant_id": "f6c1229021e14f61a025be18ee4acf4d", "subnet_ids": ["5cc9c104-a611-4cb5-90c9-0c204c43c428"], "port_id": "851bcdb4-598d-4bb6-b69a-e1409f49227f", "id": "21038793-a37c-4b6f-82ef-a5075f811f98"}
2015-12-18 19:40:37,349 21488 INFO     [tempest_lib.common.rest_client] Request (TestNetworkAdvancedServerOps:_run_cleanups): 204 DELETE http://10.0.2.15:9696/v2.0/subnets/5cc9c104-a611-4cb5-90c9-0c204c43c428 0.476s
2015-12-18 19:40:37,349 21488 DEBUG    [tempest_lib.common.rest_client] Request - Headers: {'Content-Type': 'application/json', 'Accept': 'application/json', 'X-Auth-Token': '&lt;omitted&gt;'}
        Body: None
    Response - Headers: {'date': 'Fri, 18 Dec 2015 19:40:37 GMT', 'status': '204', 'connection': 'close', 'content-length': '0', 'x-openstack-request-id': 'req-926dbfb4-cef8-4f18-a968-f09d5801b67a'}
        Body: 
2015-12-18 19:40:37,399 21488 INFO     [tempest_lib.common.rest_client] Request (TestNetworkAdvancedServerOps:_run_cleanups): 200 GET http://10.0.2.15:9696/v2.0/routers/21038793-a37c-4b6f-82ef-a5075f811f98 0.049s
2015-12-18 19:40:37,400 21488 DEBUG    [tempest_lib.common.rest_client] Request - Headers: {'Content-Type': 'application/json', 'Accept': 'application/json', 'X-Auth-Token': '&lt;omitted&gt;'}
        Body: None
    Response - Headers: {'status': '200', 'content-length': '563', 'content-location': 'http://10.0.2.15:9696/v2.0/routers/21038793-a37c-4b6f-82ef-a5075f811f98', 'connection': 'close', 'date': 'Fri, 18 Dec 2015 19:40:37 GMT', 'content-type': 'application/json; charset=UTF-8', 'x-openstack-request-id': 'req-8f60b8d3-05cf-4f0a-8810-c649cc7d9da9'}
        Body: {"router": {"status": "ACTIVE", "external_gateway_info": {"network_id": "f2ff505a-198b-492d-90a7-04190b1f9769", "enable_snat": true, "external_fixed_ips": [{"subnet_id": "cd746b55-91a0-48ef-aded-df594278ccdd", "ip_address": "172.24.4.3"}, {"subnet_id": "ef293c1f-7d8b-43ff-b305-856a2e7eeb04", "ip_address": "2001:db8::3"}]}, "availability_zone_hints": [], "availability_zones": ["nova"], "name": "tempest-router-smoke-410068981", "admin_state_up": true, "tenant_id": "f6c1229021e14f61a025be18ee4acf4d", "routes": [], "id": "21038793-a37c-4b6f-82ef-a5075f811f98"}}
2015-12-18 19:40:37,902 21488 INFO     [tempest_lib.common.rest_client] Request (TestNetworkAdvancedServerOps:_run_cleanups): 200 PUT http://10.0.2.15:9696/v2.0/routers/21038793-a37c-4b6f-82ef-a5075f811f98 0.502s
2015-12-18 19:40:37,902 21488 DEBUG    [tempest_lib.common.rest_client] Request - Headers: {'Content-Type': 'application/json', 'Accept': 'application/json', 'X-Auth-Token': '&lt;omitted&gt;'}
        Body: {"router": {"external_gateway_info": {}, "name": "tempest-router-smoke-410068981", "admin_state_up": true}}
    Response - Headers: {'status': '200', 'content-length': '301', 'connection': 'close', 'date': 'Fri, 18 Dec 2015 19:40:37 GMT', 'content-type': 'application/json; charset=UTF-8', 'x-openstack-request-id': 'req-5d369f3c-1937-48a1-91d7-bb1b42997822'}
        Body: {"router": {"status": "ACTIVE", "external_gateway_info": null, "availability_zone_hints": [], "availability_zones": ["nova"], "name": "tempest-router-smoke-410068981", "admin_state_up": true, "tenant_id": "f6c1229021e14f61a025be18ee4acf4d", "routes": [], "id": "21038793-a37c-4b6f-82ef-a5075f811f98"}}
2015-12-18 19:40:38,158 21488 INFO     [tempest_lib.common.rest_client] Request (TestNetworkAdvancedServerOps:_run_cleanups): 204 DELETE http://10.0.2.15:9696/v2.0/routers/21038793-a37c-4b6f-82ef-a5075f811f98 0.255s
2015-12-18 19:40:38,158 21488 DEBUG    [tempest_lib.common.rest_client] Request - Headers: {'Content-Type': 'application/json', 'Accept': 'application/json', 'X-Auth-Token': '&lt;omitted&gt;'}
        Body: None
    Response - Headers: {'date': 'Fri, 18 Dec 2015 19:40:38 GMT', 'status': '204', 'connection': 'close', 'content-length': '0', 'x-openstack-request-id': 'req-f9128377-f6ec-473a-94c3-b199087e698c'}
        Body: 
2015-12-18 19:40:38,389 21488 INFO     [tempest_lib.common.rest_client] Request (TestNetworkAdvancedServerOps:_run_cleanups): 204 DELETE http://10.0.2.15:9696/v2.0/networks/322567d3-b428-44fa-924d-8524250b3362 0.230s
2015-12-18 19:40:38,389 21488 DEBUG    [tempest_lib.common.rest_client] Request - Headers: {'Content-Type': 'application/json', 'Accept': 'application/json', 'X-Auth-Token': '&lt;omitted&gt;'}
        Body: None
    Response - Headers: {'date': 'Fri, 18 Dec 2015 19:40:38 GMT', 'status': '204', 'connection': 'close', 'content-length': '0', 'x-openstack-request-id': 'req-daa83c08-3797-430f-aafe-2becb5a69c44'}
        Body: 
2015-12-18 19:40:38,448 21488 INFO     [tempest_lib.common.rest_client] Request (TestNetworkAdvancedServerOps:_run_cleanups): 204 DELETE http://10.0.2.15:9696/v2.0/security-group-rules/b00481dd-c058-4ae0-a08a-66e2b7d45273 0.058s
2015-12-18 19:40:38,449 21488 DEBUG    [tempest_lib.common.rest_client] Request - Headers: {'Content-Type': 'application/json', 'Accept': 'application/json', 'X-Auth-Token': '&lt;omitted&gt;'}
        Body: None
    Response - Headers: {'date': 'Fri, 18 Dec 2015 19:40:38 GMT', 'status': '204', 'connection': 'close', 'content-length': '0', 'x-openstack-request-id': 'req-115825ef-6b41-4c4f-8eeb-50de39b76f29'}
        Body: 
2015-12-18 19:40:38,506 21488 INFO     [tempest_lib.common.rest_client] Request (TestNetworkAdvancedServerOps:_run_cleanups): 204 DELETE http://10.0.2.15:9696/v2.0/security-group-rules/1933f679-c5ee-4eda-b852-f58251e26837 0.056s
2015-12-18 19:40:38,507 21488 DEBUG    [tempest_lib.common.rest_client] Request - Headers: {'Content-Type': 'application/json', 'Accept': 'application/json', 'X-Auth-Token': '&lt;omitted&gt;'}
        Body: None
    Response - Headers: {'date': 'Fri, 18 Dec 2015 19:40:38 GMT', 'status': '204', 'connection': 'close', 'content-length': '0', 'x-openstack-request-id': 'req-74a0af48-4ee7-4e01-bc42-b03420137393'}
        Body: 
2015-12-18 19:40:38,577 21488 INFO     [tempest_lib.common.rest_client] Request (TestNetworkAdvancedServerOps:_run_cleanups): 204 DELETE http://10.0.2.15:9696/v2.0/security-group-rules/2fc9c992-d5f9-4f2f-bae2-c30cc95a1181 0.069s
2015-12-18 19:40:38,578 21488 DEBUG    [tempest_lib.common.rest_client] Request - Headers: {'Content-Type': 'application/json', 'Accept': 'application/json', 'X-Auth-Token': '&lt;omitted&gt;'}
        Body: None
    Response - Headers: {'date': 'Fri, 18 Dec 2015 19:40:38 GMT', 'status': '204', 'connection': 'close', 'content-length': '0', 'x-openstack-request-id': 'req-351bb013-c299-4934-9cd5-a5369ae92c9d'}
        Body: 
2015-12-18 19:40:38,636 21488 INFO     [tempest_lib.common.rest_client] Request (TestNetworkAdvancedServerOps:_run_cleanups): 204 DELETE http://10.0.2.15:9696/v2.0/security-group-rules/ceb74d5f-7c2b-4143-a20f-d27e1c29c644 0.057s
2015-12-18 19:40:38,637 21488 DEBUG    [tempest_lib.common.rest_client] Request - Headers: {'Content-Type': 'application/json', 'Accept': 'application/json', 'X-Auth-Token': '&lt;omitted&gt;'}
        Body: None
    Response - Headers: {'date': 'Fri, 18 Dec 2015 19:40:38 GMT', 'status': '204', 'connection': 'close', 'content-length': '0', 'x-openstack-request-id': 'req-a15758b8-b82d-4c26-863e-b2c96f33826d'}
        Body: 
2015-12-18 19:40:38,699 21488 INFO     [tempest_lib.common.rest_client] Request (TestNetworkAdvancedServerOps:_run_cleanups): 204 DELETE http://10.0.2.15:9696/v2.0/security-group-rules/e9187835-330e-4ddd-ba91-fb34ef7b66c2 0.061s
2015-12-18 19:40:38,701 21488 DEBUG    [tempest_lib.common.rest_client] Request - Headers: {'Content-Type': 'application/json', 'Accept': 'application/json', 'X-Auth-Token': '&lt;omitted&gt;'}
        Body: None
    Response - Headers: {'date': 'Fri, 18 Dec 2015 19:40:38 GMT', 'status': '204', 'connection': 'close', 'content-length': '0', 'x-openstack-request-id': 'req-0b9fe0cb-0bb2-4066-a4a6-a0c8cb5483c1'}
        Body: 
2015-12-18 19:40:38,761 21488 INFO     [tempest_lib.common.rest_client] Request (TestNetworkAdvancedServerOps:_run_cleanups): 204 DELETE http://10.0.2.15:9696/v2.0/security-group-rules/08707f23-cb74-451d-b414-1786ca287ec2 0.059s
2015-12-18 19:40:38,761 21488 DEBUG    [tempest_lib.common.rest_client] Request - Headers: {'Content-Type': 'application/json', 'Accept': 'application/json', 'X-Auth-Token': '&lt;omitted&gt;'}
        Body: None
    Response - Headers: {'date': 'Fri, 18 Dec 2015 19:40:38 GMT', 'status': '204', 'connection': 'close', 'content-length': '0', 'x-openstack-request-id': 'req-eba587a4-e57a-451f-9c3c-a15355fc68a4'}
        Body: 
2015-12-18 19:40:38,860 21488 INFO     [tempest_lib.common.rest_client] Request (TestNetworkAdvancedServerOps:_run_cleanups): 204 DELETE http://10.0.2.15:9696/v2.0/security-groups/a87401c6-4c57-4b6f-8fdf-676a21af20d8 0.097s
2015-12-18 19:40:38,861 21488 DEBUG    [tempest_lib.common.rest_client] Request - Headers: {'Content-Type': 'application/json', 'Accept': 'application/json', 'X-Auth-Token': '&lt;omitted&gt;'}
        Body: None
    Response - Headers: {'date': 'Fri, 18 Dec 2015 19:40:38 GMT', 'status': '204', 'connection': 'close', 'content-length': '0', 'x-openstack-request-id': 'req-43aa9c85-eff3-42f6-8e03-c5bf1fed9f34'}
        Body: 
2015-12-18 19:40:38,885 21488 INFO     [tempest_lib.common.rest_client] Request (TestNetworkAdvancedServerOps:_run_cleanups): 202 DELETE http://10.0.2.15:8774/v2.1/f6c1229021e14f61a025be18ee4acf4d/os-keypairs/tempest-TestNetworkAdvancedServerOps-978440185 0.023s
2015-12-18 19:40:38,886 21488 DEBUG    [tempest_lib.common.rest_client] Request - Headers: {'Content-Type': 'application/json', 'Accept': 'application/json', 'X-Auth-Token': '&lt;omitted&gt;'}
        Body: None
    Response - Headers: {'status': '202', 'content-length': '0', 'x-compute-request-id': 'req-69840f6e-d015-4ccd-b2a8-6557e1c85afb', 'vary': 'X-OpenStack-Nova-API-Version', 'connection': 'close', 'x-openstack-nova-api-version': '2.1', 'date': 'Fri, 18 Dec 2015 19:40:38 GMT', 'content-type': 'application/json'}
        Body: 
2015-12-18 19:40:38,970 21488 INFO     [tempest_lib.common.rest_client] Request (TestNetworkAdvancedServerOps:_run_cleanups): 404 GET http://10.0.2.15:8774/v2.1/f6c1229021e14f61a025be18ee4acf4d/servers/69e13b03-24fe-4fe4-b061-5f39443c27af 0.083s
2015-12-18 19:40:38,970 21488 DEBUG    [tempest_lib.common.rest_client] Request - Headers: {'Content-Type': 'application/json', 'Accept': 'application/json', 'X-Auth-Token': '&lt;omitted&gt;'}
        Body: None
    Response - Headers: {'status': '404', 'content-length': '111', 'x-compute-request-id': 'req-bb7ff47f-f2fb-406a-9b93-fb2544fffdd0', 'vary': 'X-OpenStack-Nova-API-Version', 'connection': 'close', 'x-openstack-nova-api-version': '2.1', 'date': 'Fri, 18 Dec 2015 19:40:38 GMT', 'content-type': 'application/json; charset=UTF-8'}
        Body: {"itemNotFound": {"message": "Instance 69e13b03-24fe-4fe4-b061-5f39443c27af could not be found.", "code": 404}}
}}}

Traceback (most recent call last):
  File "tempest/test.py", line 113, in wrapper
    return f(self, *func_args, **func_kwargs)
  File "tempest/scenario/test_network_advanced_server_ops.py", line 134, in test_server_connectivity_pause_unpause
    server, keypair, floating_ip = self._setup_network_and_servers()
  File "tempest/scenario/test_network_advanced_server_ops.py", line 71, in _setup_network_and_servers
    server, keypair, floating_ip)
  File "tempest/scenario/test_network_advanced_server_ops.py", line 95, in _wait_server_status_and_check_network_connectivity
    self._check_network_connectivity(server, keypair, floating_ip)
  File "tempest/scenario/test_network_advanced_server_ops.py", line 88, in _check_network_connectivity
    servers=[server])
  File "tempest/scenario/manager.py", line 608, in check_public_network_connectivity
    should_connect=should_connect)
  File "tempest/scenario/manager.py", line 592, in check_vm_connectivity
    msg=msg)
  File "/usr/local/lib/python2.7/dist-packages/unittest2/case.py", line 702, in assertTrue
    raise self.failureException(msg)
AssertionError: False is not true : Timed out waiting for 172.24.4.4 to become reachable



        </pre>
    </div>
    <!--css div popup end-->

    </td>
</tr>

<tr id='ft1.2' class='none'>
    <td class='failCase'><div class='testcase'>test_server_connectivity_reboot[compute,id-7b6860c2-afa3-4846-9522-adeb38dfbe08,network]</div></td>
    <td colspan='7' align='left'>

    <!--css div popup start-->
    <a class="popup_link" onfocus='this.blur();'
    href="javascript:showTestDetail('div_ft1.2')" >
        fail</a>

    <div id='div_ft1.2' class="popup_window">
        <div style='text-align: right; color:red;cursor:pointer'>
