<?xml version="1.0" encoding="UTF-8"?>
<!DOCTYPE html PUBLIC "-//W3C//DTD XHTML 1.0 Strict//EN"
     "http://www.w3.org/TR/xhtml1/DTD/xhtml1-strict.dtd">
<html xmlns="http://www.w3.org/1999/xhtml">
<head>
    <title>Unit Test Report</title>
    <meta name="generator" content="subunit2html 0.1"/>
    <meta http-equiv="Content-Type" content="text/html; charset=UTF-8"/>
    
<style type="text/css" media="screen">
body        { font-family: verdana, arial, helvetica, sans-serif;
    font-size: 80%; }
table       { font-size: 100%; width: 100%;}
pre         { font-size: 80%; }

/* -- heading -------------------------------------------------------------- */
h1 {
        font-size: 16pt;
        color: gray;
}
.heading {
    margin-top: 0ex;
    margin-bottom: 1ex;
}

.heading .attribute {
    margin-top: 1ex;
    margin-bottom: 0;
}

.heading .description {
    margin-top: 4ex;
    margin-bottom: 6ex;
}

/* -- css div popup -------------------------------------------------------- */
a.popup_link {
}

a.popup_link:hover {
    color: red;
}

.popup_window {
    display: none;
    overflow-x: scroll;
    /*border: solid #627173 1px; */
    padding: 10px;
    background-color: #E6E6D6;
    font-family: "Ubuntu Mono", "Lucida Console", "Courier New", monospace;
    text-align: left;
    font-size: 8pt;
}

}
/* -- report --------------------------------------------------------------- */
#show_detail_line {
    margin-top: 3ex;
    margin-bottom: 1ex;
}
#result_table {
    width: 100%;
    border-collapse: collapse;
    border: 1px solid #777;
}
#header_row {
    font-weight: bold;
    color: white;
    background-color: #777;
}
#result_table td {
    border: 1px solid #777;
    padding: 2px;
}
#total_row  { font-weight: bold; }
.passClass  { background-color: #6c6; }
.failClass  { background-color: #c60; }
.errorClass { background-color: #c00; }
.passCase   { color: #6c6; }
.failCase   { color: #c60; font-weight: bold; }
.errorCase  { color: #c00; font-weight: bold; }
.hiddenRow  { display: none; }
.testcase   { margin-left: 2em; }
td.testname {width: 40%}
td.small {width: 40px}

/* -- ending --------------------------------------------------------------- */
#ending {
}

</style>

</head>
<body>
<script language="javascript" type="text/javascript"><!--
output_list = Array();

/* level - 0:Summary; 1:Failed; 2:All */
function showCase(level) {
    trs = document.getElementsByTagName("tr");
    for (var i = 0; i < trs.length; i++) {
        tr = trs[i];
        id = tr.id;
        if (id.substr(0,2) == 'ft') {
            if (level < 1) {
                tr.className = 'hiddenRow';
            }
            else {
                tr.className = '';
            }
        }
        if (id.substr(0,2) == 'pt') {
            if (level > 1) {
                tr.className = '';
            }
            else {
                tr.className = 'hiddenRow';
            }
        }
    }
}


function showClassDetail(cid, count) {
    var id_list = Array(count);
    var toHide = 1;
    for (var i = 0; i < count; i++) {
        tid0 = 't' + cid.substr(1) + '.' + (i+1);
        tid = 'f' + tid0;
        tr = document.getElementById(tid);
        if (!tr) {
            tid = 'p' + tid0;
            tr = document.getElementById(tid);
        }
        id_list[i] = tid;
        if (tr.className) {
            toHide = 0;
        }
    }
    for (var i = 0; i < count; i++) {
        tid = id_list[i];
        if (toHide) {
            document.getElementById('div_'+tid).style.display = 'none'
            document.getElementById(tid).className = 'hiddenRow';
        }
        else {
            document.getElementById(tid).className = '';
        }
    }
}


function showTestDetail(div_id){
    var details_div = document.getElementById(div_id)
    var displayState = details_div.style.display
    // alert(displayState)
    if (displayState != 'block' ) {
        displayState = 'block'
        details_div.style.display = 'block'
    }
    else {
        details_div.style.display = 'none'
    }
}


function html_escape(s) {
    s = s.replace(/&/g,'&amp;');
    s = s.replace(/</g,'&lt;');
    s = s.replace(/>/g,'&gt;');
    return s;
}

/* obsoleted by detail in <div>
function showOutput(id, name) {
    var w = window.open("", //url
                    name,
                    "resizable,scrollbars,status,width=800,height=450");
    d = w.document;
    d.write("<pre>");
    d.write(html_escape(output_list[id]));
    d.write("\n");
    d.write("<a href='javascript:window.close()'>close</a>\n");
    d.write("</pre>\n");
    d.close();
}
*/
--></script>

<div class='heading'>
<h1>Unit Test Report</h1>

<p class='attribute'><strong>Status:</strong> Failure 6</p>

<p class='description'></p>
</div>



<p id='show_detail_line'>Show
<a href='javascript:showCase(0)'>Summary</a>
<a href='javascript:showCase(1)'>Failed</a>
<a href='javascript:showCase(2)'>All</a>
</p>
<table id='result_table'>
<colgroup>
<col align='left' />
<col align='right' />
<col align='right' />
<col align='right' />
<col align='right' />
<col align='right' />
<col align='right' />
<col align='right' />
</colgroup>
<tr id='header_row'>
    <td>Test Group/Test case</td>
    <td>Count</td>
    <td>Pass</td>
    <td>Fail</td>
    <td>Error</td>
    <td>Skip</td>
    <td>View</td>
    <td> </td>
</tr>

<tr class='failClass'>
    <td class="testname">tempest.scenario.test_network_advanced_server_ops.TestNetworkAdvancedServerOps</td>
    <td class="small">6</td>
    <td class="small">0</td>
    <td class="small">6</td>
    <td class="small">0</td>
    <td class="small">0</td>
    <td class="small"><a href="javascript:showClassDetail('c1',6)"
>Detail</a></td>
    <td> </td>
</tr>

<tr id='ft1.1' class='none'>
    <td class='failCase'><div class='testcase'>test_server_connectivity_pause_unpause[compute,id-2b2642db-6568-4b35-b812-eceed3fa20ce,network]</div></td>
    <td colspan='7' align='left'>

    <!--css div popup start-->
    <a class="popup_link" onfocus='this.blur();'
    href="javascript:showTestDetail('div_ft1.1')" >
        fail</a>

    <div id='div_ft1.1' class="popup_window">
        <div style='text-align: right; color:red;cursor:pointer'>
        <a onfocus='this.blur();'
onclick="document.getElementById('div_ft1.1').style.display = 'none' " >
           [x]</a>
        </div>
        <pre>
        
ft1.1: tempest.scenario.test_network_advanced_server_ops.TestNetworkAdvancedServerOps.test_server_connectivity_pause_unpause[compute,id-2b2642db-6568-4b35-b812-eceed3fa20ce,network]_StringException: Empty attachments:
  stderr
  stdout

pythonlogging:'': {{{
2015-12-10 05:27:13,699 24749 INFO     [tempest_lib.common.rest_client] Request (TestNetworkAdvancedServerOps:test_server_connectivity_pause_unpause): 200 POST http://10.0.2.15:8774/v2.1/837ed50bce9c4006855b77e01630c51e/os-keypairs 0.348s
2015-12-10 05:27:13,699 24749 DEBUG    [tempest_lib.common.rest_client] Request - Headers: {'Content-Type': 'application/json', 'Accept': 'application/json', 'X-Auth-Token': '&lt;omitted&gt;'}
        Body: {"keypair": {"name": "tempest-TestNetworkAdvancedServerOps-1867317534"}}
    Response - Headers: {'status': '200', 'content-length': '2330', 'x-compute-request-id': 'req-3b09fcca-bd35-4bcd-8276-956dbd284476', 'vary': 'X-OpenStack-Nova-API-Version', 'connection': 'close', 'x-openstack-nova-api-version': '2.1', 'date': 'Thu, 10 Dec 2015 05:27:13 GMT', 'content-type': 'application/json'}
        Body: {"keypair": {"public_key": "ssh-rsa AAAAB3NzaC1yc2EAAAADAQABAAABAQCiWIG6scuBsWwjXMS5EzbbhMctmeZZy5tw1tqDtf+QvSZtJChqO5jjz+ibTOTOv0ORdOFi0Q68gPebx+WC+6xSqiSNhGkgBPGuS7NCkxG2J1IWVCLcJJNiotWEXIWkR22fpSeD4PTCIVXX0azYc5L+XCQnpmTtGbQwxq92QFvDTy00n2tRVz8mWLuj6iZHknureIy9P6kMKeF29+TY3FRGKs8D/pq7G1xpYXkQSocrpLSgLE8SO9pJeaQEM/BsAqi5hNLNFCyYs3S/orps0mtfn+RQQRZmgCgqORnM2/RRZ9Eig+jfwh5rioewsJGz/SbA+WQmFEbkfb6CZkUERl/5 Generated-by-Nova", "private_key": "-----BEGIN RSA PRIVATE KEY-----\nMIIEqQIBAAKCAQEAoliBurHLgbFsI1zEuRM224THLZnmWcubcNbag7X/kL0mbSQo\najuY48/om0zkzr9DkXThYtEOvID3m8flgvusUqokjYRpIATxrkuzQpMRtidSFlQi\n3CSTYqLVhFyFpEdtn6Ung+D0wiFV19Gs2HOS/lwkJ6Zk7Rm0MMavdkBbw08tNJ9r\nUVc/Jli7o+omR5J7q3iMvT+pDCnhdvfk2NxURirPA/6auxtcaWF5EEqHK6S0oCxP\nEjvaSXmkBDPwbAKouYTSzRQsmLN0v6K6bNJrX5/kUEEWZoAoKjkZzNv0UWfRIoPo\n38Iea4qHsLCRs/0mwPlkJhRG5H2+gmZFBEZf+QIDAQABAoIBAF3MN0APw53uTaVs\nzviDgnl4kL/nIHEXM3sRl/TrbXpJ3u7GKleekWpmUGWSGszdMwPSfPpkAVimRumJ\nqDByipDEXxQowbhPQvfKIws+/8e3ljTybaW1uDYQEL9F2a0d29eWS2tlyOR08C0e\npvf0ZqRxxi3mdH+ND0/zK6Nt8da4d6UvZCbMKzew4g7wnLFpadqB0mDRzyP2Yl9b\nLHy5OQou5apQkqn07mwcNewMO/N14CxZ2m9pUbbl7xtGXQmYR0HaLsXn4nDsv9CL\nmIWv/DyArWLRFgZ/LLcUmHlwzjCFx7FxkUbh9nSqtenWh+wlQ9F+9XNHYS4guqDy\nB3R5ydECggCBAMaaWDVn+wt0LNPtIxD7L60T8op1nhHYSWQmTk0DWq3Sryti9h5J\n/o8y97H/wcG4bJmSuXaiQ+kqhmJGT+PZ9eU5PMiQw1C4JQV8Mkb3jLTz9OUXG6/n\nVz3e0U8awcFt0ZlOVv62mh9jpW8gKdgcUQ+nfu1RLVYSkTWanQ9qcvbtAoIAgQDR\nQ6vZude5ByJyyTyvIMqM9T6mF1SSOK/lndxt186eEJzQ1KoLNRXnKROVShTnVmtH\n9qFqbEBwD7T0l5gYcV9a+HWhiUwd/+syBYVA89o8Vh8mOSnGlbulDgqw46aapU5S\nVi2j1oe21Yg5j4QRz3RvYLEo8Ct48k8hTCPGcTD/vQKCAIEAlXfVySPfmWgu0LSY\n/o+8+uqXUENi2pVH7tqxdV5/4XA9q06IYpVXwxgduNX+Ubhl61K0yCcpKxN5Hf9C\n4v3IBWMFbwEcLeTY3/7vq99lA07TUZMJoGJgk0zdhEZj6hqnc1S1Pm/ZIKSS/kZb\nl60ACOMLMLo2f5/rr0cUy2RW76UCggCALpzKPLc+rAJA1ByrHb9KHtfJ2qk7t05V\nL+pX3UfCyEafB403S0PJ2zG1IP3dZiJDx0XScqgmOk/lWM4jnN40BUluukqg39XP\nh9be9bbbl7D/Qz5cZdWYdI2KKBitVakYpxJ3HBV/KWSq8VdcbbMuFlkNXTcSF+Cx\na5NQLLWt2mkCggCBAK94BGDCSRWIuJ79M27fFX0zyaQ7w6wOp9KwmSZA+X0IqPuI\niOzHZ5+427V0Ow/U0EA5aEQ0XKtyyXFWXUPgtm/qzyfwd7TvBcvYv6xyiQTEMX/H\npr9+cP4KfTqPlwTM1hG15idaKTfbCFCSEMdGDPorbmKJWlcPo9drwJshUDsT\n-----END RSA PRIVATE KEY-----\n", "user_id": "04ffa61d5f924fc2b6be33a38c8b3c03", "name": "tempest-TestNetworkAdvancedServerOps-1867317534", "fingerprint": "71:e9:7d:21:c5:1a:34:b7:9b:81:51:20:04:d1:87:df"}}
2015-12-10 05:27:14,060 24749 INFO     [tempest_lib.common.rest_client] Request (TestNetworkAdvancedServerOps:test_server_connectivity_pause_unpause): 201 POST http://10.0.2.15:9696/v2.0/security-groups 0.356s
2015-12-10 05:27:14,060 24749 DEBUG    [tempest_lib.common.rest_client] Request - Headers: {'Content-Type': 'application/json', 'Accept': 'application/json', 'X-Auth-Token': '&lt;omitted&gt;'}
        Body: {"security_group": {"tenant_id": "837ed50bce9c4006855b77e01630c51e", "description": "tempest-secgroup-smoke-889787061 description", "name": "tempest-secgroup-smoke-889787061"}}
    Response - Headers: {'status': '201', 'content-length': '886', 'connection': 'close', 'date': 'Thu, 10 Dec 2015 05:27:14 GMT', 'content-type': 'application/json; charset=UTF-8', 'x-openstack-request-id': 'req-38acbb9d-7467-400a-8a03-dc2abfd43272'}
        Body: {"security_group": {"tenant_id": "837ed50bce9c4006855b77e01630c51e", "description": "tempest-secgroup-smoke-889787061 description", "id": "11db90a0-3b07-4842-9b5f-5bf4f56bd272", "security_group_rules": [{"remote_group_id": null, "direction": "egress", "remote_ip_prefix": null, "protocol": null, "ethertype": "IPv4", "tenant_id": "837ed50bce9c4006855b77e01630c51e", "port_range_max": null, "port_range_min": null, "id": "2c0f44c1-8450-4bb8-a478-83da1d6dce0d", "security_group_id": "11db90a0-3b07-4842-9b5f-5bf4f56bd272"}, {"remote_group_id": null, "direction": "egress", "remote_ip_prefix": null, "protocol": null, "ethertype": "IPv6", "tenant_id": "837ed50bce9c4006855b77e01630c51e", "port_range_max": null, "port_range_min": null, "id": "4cd77286-699c-4806-a322-f0d23fcaa66a", "security_group_id": "11db90a0-3b07-4842-9b5f-5bf4f56bd272"}], "name": "tempest-secgroup-smoke-889787061"}}
2015-12-10 05:27:14,282 24749 INFO     [tempest_lib.common.rest_client] Request (TestNetworkAdvancedServerOps:test_server_connectivity_pause_unpause): 201 POST http://10.0.2.15:9696/v2.0/security-group-rules 0.220s
2015-12-10 05:27:14,282 24749 DEBUG    [tempest_lib.common.rest_client] Request - Headers: {'Content-Type': 'application/json', 'Accept': 'application/json', 'X-Auth-Token': '&lt;omitted&gt;'}
        Body: {"security_group_rule": {"direction": "ingress", "protocol": "tcp", "tenant_id": "837ed50bce9c4006855b77e01630c51e", "port_range_max": 22, "security_group_id": "11db90a0-3b07-4842-9b5f-5bf4f56bd272", "port_range_min": 22}}
    Response - Headers: {'status': '201', 'content-length': '340', 'connection': 'close', 'date': 'Thu, 10 Dec 2015 05:27:14 GMT', 'content-type': 'application/json; charset=UTF-8', 'x-openstack-request-id': 'req-04779673-6cae-41e9-819f-e481d44affbe'}
        Body: {"security_group_rule": {"remote_group_id": null, "direction": "ingress", "remote_ip_prefix": null, "protocol": "tcp", "ethertype": "IPv4", "tenant_id": "837ed50bce9c4006855b77e01630c51e", "port_range_max": 22, "port_range_min": 22, "id": "dd292bc4-c91d-4fe3-84c1-4189181ce2f4", "security_group_id": "11db90a0-3b07-4842-9b5f-5bf4f56bd272"}}
2015-12-10 05:27:14,390 24749 INFO     [tempest_lib.common.rest_client] Request (TestNetworkAdvancedServerOps:test_server_connectivity_pause_unpause): 201 POST http://10.0.2.15:9696/v2.0/security-group-rules 0.107s
2015-12-10 05:27:14,391 24749 DEBUG    [tempest_lib.common.rest_client] Request - Headers: {'Content-Type': 'application/json', 'Accept': 'application/json', 'X-Auth-Token': '&lt;omitted&gt;'}
        Body: {"security_group_rule": {"direction": "egress", "protocol": "tcp", "tenant_id": "837ed50bce9c4006855b77e01630c51e", "port_range_max": 22, "security_group_id": "11db90a0-3b07-4842-9b5f-5bf4f56bd272", "port_range_min": 22}}
    Response - Headers: {'status': '201', 'content-length': '339', 'connection': 'close', 'date': 'Thu, 10 Dec 2015 05:27:14 GMT', 'content-type': 'application/json; charset=UTF-8', 'x-openstack-request-id': 'req-c898433d-6838-4b75-90d2-9a76ffc91370'}
        Body: {"security_group_rule": {"remote_group_id": null, "direction": "egress", "remote_ip_prefix": null, "protocol": "tcp", "ethertype": "IPv4", "tenant_id": "837ed50bce9c4006855b77e01630c51e", "port_range_max": 22, "port_range_min": 22, "id": "aa96e295-1db1-4801-b035-341552a11289", "security_group_id": "11db90a0-3b07-4842-9b5f-5bf4f56bd272"}}
2015-12-10 05:27:14,515 24749 INFO     [tempest_lib.common.rest_client] Request (TestNetworkAdvancedServerOps:test_server_connectivity_pause_unpause): 201 POST http://10.0.2.15:9696/v2.0/security-group-rules 0.123s
2015-12-10 05:27:14,515 24749 DEBUG    [tempest_lib.common.rest_client] Request - Headers: {'Content-Type': 'application/json', 'Accept': 'application/json', 'X-Auth-Token': '&lt;omitted&gt;'}
        Body: {"security_group_rule": {"tenant_id": "837ed50bce9c4006855b77e01630c51e", "direction": "ingress", "protocol": "icmp", "security_group_id": "11db90a0-3b07-4842-9b5f-5bf4f56bd272"}}
    Response - Headers: {'status': '201', 'content-length': '345', 'connection': 'close', 'date': 'Thu, 10 Dec 2015 05:27:14 GMT', 'content-type': 'application/json; charset=UTF-8', 'x-openstack-request-id': 'req-badba0ca-e1ef-40d4-9feb-881f97f70e3b'}
        Body: {"security_group_rule": {"remote_group_id": null, "direction": "ingress", "remote_ip_prefix": null, "protocol": "icmp", "ethertype": "IPv4", "tenant_id": "837ed50bce9c4006855b77e01630c51e", "port_range_max": null, "port_range_min": null, "id": "4fef0d2a-c82c-4712-b6d0-66bd627535ee", "security_group_id": "11db90a0-3b07-4842-9b5f-5bf4f56bd272"}}
2015-12-10 05:27:14,637 24749 INFO     [tempest_lib.common.rest_client] Request (TestNetworkAdvancedServerOps:test_server_connectivity_pause_unpause): 201 POST http://10.0.2.15:9696/v2.0/security-group-rules 0.120s
2015-12-10 05:27:14,637 24749 DEBUG    [tempest_lib.common.rest_client] Request - Headers: {'Content-Type': 'application/json', 'Accept': 'application/json', 'X-Auth-Token': '&lt;omitted&gt;'}
        Body: {"security_group_rule": {"tenant_id": "837ed50bce9c4006855b77e01630c51e", "direction": "egress", "protocol": "icmp", "security_group_id": "11db90a0-3b07-4842-9b5f-5bf4f56bd272"}}
    Response - Headers: {'status': '201', 'content-length': '344', 'connection': 'close', 'date': 'Thu, 10 Dec 2015 05:27:14 GMT', 'content-type': 'application/json; charset=UTF-8', 'x-openstack-request-id': 'req-6f49f201-414c-4247-9d50-3aa65b32a4d5'}
        Body: {"security_group_rule": {"remote_group_id": null, "direction": "egress", "remote_ip_prefix": null, "protocol": "icmp", "ethertype": "IPv4", "tenant_id": "837ed50bce9c4006855b77e01630c51e", "port_range_max": null, "port_range_min": null, "id": "71ceb772-94cd-44fb-aa3f-0e50b4ca786b", "security_group_id": "11db90a0-3b07-4842-9b5f-5bf4f56bd272"}}
2015-12-10 05:27:14,771 24749 INFO     [tempest_lib.common.rest_client] Request (TestNetworkAdvancedServerOps:test_server_connectivity_pause_unpause): 201 POST http://10.0.2.15:9696/v2.0/security-group-rules 0.132s
2015-12-10 05:27:14,771 24749 DEBUG    [tempest_lib.common.rest_client] Request - Headers: {'Content-Type': 'application/json', 'Accept': 'application/json', 'X-Auth-Token': '&lt;omitted&gt;'}
        Body: {"security_group_rule": {"tenant_id": "837ed50bce9c4006855b77e01630c51e", "direction": "ingress", "security_group_id": "11db90a0-3b07-4842-9b5f-5bf4f56bd272", "protocol": "icmp", "ethertype": "IPv6"}}
    Response - Headers: {'status': '201', 'content-length': '345', 'connection': 'close', 'date': 'Thu, 10 Dec 2015 05:27:14 GMT', 'content-type': 'application/json; charset=UTF-8', 'x-openstack-request-id': 'req-eb8ecb6e-65a7-4896-a751-fc1575ee1835'}
        Body: {"security_group_rule": {"remote_group_id": null, "direction": "ingress", "remote_ip_prefix": null, "protocol": "icmp", "ethertype": "IPv6", "tenant_id": "837ed50bce9c4006855b77e01630c51e", "port_range_max": null, "port_range_min": null, "id": "0ef0b2f7-531b-41f3-93fb-c7d2d5c4ac95", "security_group_id": "11db90a0-3b07-4842-9b5f-5bf4f56bd272"}}
2015-12-10 05:27:14,906 24749 INFO     [tempest_lib.common.rest_client] Request (TestNetworkAdvancedServerOps:test_server_connectivity_pause_unpause): 201 POST http://10.0.2.15:9696/v2.0/security-group-rules 0.133s
2015-12-10 05:27:14,907 24749 DEBUG    [tempest_lib.common.rest_client] Request - Headers: {'Content-Type': 'application/json', 'Accept': 'application/json', 'X-Auth-Token': '&lt;omitted&gt;'}
        Body: {"security_group_rule": {"tenant_id": "837ed50bce9c4006855b77e01630c51e", "direction": "egress", "security_group_id": "11db90a0-3b07-4842-9b5f-5bf4f56bd272", "protocol": "icmp", "ethertype": "IPv6"}}
    Response - Headers: {'status': '201', 'content-length': '344', 'connection': 'close', 'date': 'Thu, 10 Dec 2015 05:27:14 GMT', 'content-type': 'application/json; charset=UTF-8', 'x-openstack-request-id': 'req-283ed269-f671-4761-b078-c82635062f45'}
        Body: {"security_group_rule": {"remote_group_id": null, "direction": "egress", "remote_ip_prefix": null, "protocol": "icmp", "ethertype": "IPv6", "tenant_id": "837ed50bce9c4006855b77e01630c51e", "port_range_max": null, "port_range_min": null, "id": "6f117f92-30e4-4ce2-b04a-d29c46f00a98", "security_group_id": "11db90a0-3b07-4842-9b5f-5bf4f56bd272"}}
2015-12-10 05:27:15,089 24749 INFO     [tempest_lib.common.rest_client] Request (TestNetworkAdvancedServerOps:test_server_connectivity_pause_unpause): 201 POST http://10.0.2.15:9696/v2.0/networks 0.181s
2015-12-10 05:27:15,089 24749 DEBUG    [tempest_lib.common.rest_client] Request - Headers: {'Content-Type': 'application/json', 'Accept': 'application/json', 'X-Auth-Token': '&lt;omitted&gt;'}
        Body: {"network": {"tenant_id": "837ed50bce9c4006855b77e01630c51e", "name": "tempest-network-smoke--2132873782"}}
    Response - Headers: {'status': '201', 'content-length': '329', 'connection': 'close', 'date': 'Thu, 10 Dec 2015 05:27:15 GMT', 'content-type': 'application/json; charset=UTF-8', 'x-openstack-request-id': 'req-4daf002d-9eb4-4e06-8508-56ab12b7c0d5'}
        Body: {"network": {"status": "ACTIVE", "subnets": [], "availability_zone_hints": "[]", "name": "tempest-network-smoke--2132873782", "admin_state_up": true, "tenant_id": "837ed50bce9c4006855b77e01630c51e", "mtu": 0, "router:external": false, "shared": false, "port_security_enabled": true, "id": "cc36ea35-2e1a-4bc9-8c1e-4266dde3c3e3"}}
2015-12-10 05:27:15,172 24749 INFO     [tempest_lib.common.rest_client] Request (TestNetworkAdvancedServerOps:test_server_connectivity_pause_unpause): 201 POST http://10.0.2.15:9696/v2.0/routers 0.081s
2015-12-10 05:27:15,172 24749 DEBUG    [tempest_lib.common.rest_client] Request - Headers: {'Content-Type': 'application/json', 'Accept': 'application/json', 'X-Auth-Token': '&lt;omitted&gt;'}
        Body: {"router": {"tenant_id": "837ed50bce9c4006855b77e01630c51e", "name": "tempest-router-smoke-1307321134", "admin_state_up": true}}
    Response - Headers: {'status': '201', 'content-length': '296', 'connection': 'close', 'date': 'Thu, 10 Dec 2015 05:27:15 GMT', 'content-type': 'application/json; charset=UTF-8', 'x-openstack-request-id': 'req-f501ce1e-4a1f-4869-8c66-a42dbb9c0386'}
        Body: {"router": {"status": "ACTIVE", "external_gateway_info": null, "availability_zone_hints": [], "availability_zones": [], "name": "tempest-router-smoke-1307321134", "admin_state_up": true, "tenant_id": "837ed50bce9c4006855b77e01630c51e", "routes": [], "id": "b839ae8c-7687-44bb-b90c-e93aa3507a13"}}
2015-12-10 05:27:15,227 24749 INFO     [tempest_lib.common.rest_client] Request (TestNetworkAdvancedServerOps:test_server_connectivity_pause_unpause): 200 GET http://10.0.2.15:9696/v2.0/routers/b839ae8c-7687-44bb-b90c-e93aa3507a13 0.052s
2015-12-10 05:27:15,227 24749 DEBUG    [tempest_lib.common.rest_client] Request - Headers: {'Content-Type': 'application/json', 'Accept': 'application/json', 'X-Auth-Token': '&lt;omitted&gt;'}
        Body: None
    Response - Headers: {'status': '200', 'content-length': '296', 'content-location': 'http://10.0.2.15:9696/v2.0/routers/b839ae8c-7687-44bb-b90c-e93aa3507a13', 'connection': 'close', 'date': 'Thu, 10 Dec 2015 05:27:15 GMT', 'content-type': 'application/json; charset=UTF-8', 'x-openstack-request-id': 'req-8a272b60-ba02-42e7-bb62-242afc28159c'}
        Body: {"router": {"status": "ACTIVE", "external_gateway_info": null, "availability_zone_hints": [], "availability_zones": [], "name": "tempest-router-smoke-1307321134", "admin_state_up": true, "tenant_id": "837ed50bce9c4006855b77e01630c51e", "routes": [], "id": "b839ae8c-7687-44bb-b90c-e93aa3507a13"}}
2015-12-10 05:27:16,041 24749 INFO     [tempest_lib.common.rest_client] Request (TestNetworkAdvancedServerOps:test_server_connectivity_pause_unpause): 200 PUT http://10.0.2.15:9696/v2.0/routers/b839ae8c-7687-44bb-b90c-e93aa3507a13 0.812s
2015-12-10 05:27:16,041 24749 DEBUG    [tempest_lib.common.rest_client] Request - Headers: {'Content-Type': 'application/json', 'Accept': 'application/json', 'X-Auth-Token': '&lt;omitted&gt;'}
        Body: {"router": {"external_gateway_info": {"network_id": "565717e2-cef7-43f9-b90e-1b6011e49274"}, "name": "tempest-router-smoke-1307321134", "admin_state_up": true}}
    Response - Headers: {'status': '200', 'content-length': '558', 'connection': 'close', 'date': 'Thu, 10 Dec 2015 05:27:16 GMT', 'content-type': 'application/json; charset=UTF-8', 'x-openstack-request-id': 'req-5cf91878-6e4e-4cc3-a0c9-f7f2238fc713'}
        Body: {"router": {"status": "ACTIVE", "external_gateway_info": {"network_id": "565717e2-cef7-43f9-b90e-1b6011e49274", "enable_snat": true, "external_fixed_ips": [{"subnet_id": "671d93ae-4164-4b4d-a824-0e7bb4fc5330", "ip_address": "172.24.4.3"}, {"subnet_id": "00664243-c5eb-41d6-81dd-6e8e1990bad8", "ip_address": "2001:db8::3"}]}, "availability_zone_hints": [], "availability_zones": [], "name": "tempest-router-smoke-1307321134", "admin_state_up": true, "tenant_id": "837ed50bce9c4006855b77e01630c51e", "routes": [], "id": "b839ae8c-7687-44bb-b90c-e93aa3507a13"}}
2015-12-10 05:27:16,183 24749 INFO     [tempest_lib.common.rest_client] Request (TestNetworkAdvancedServerOps:test_server_connectivity_pause_unpause): 200 GET http://10.0.2.15:9696/v2.0/subnets?tenant_id=837ed50bce9c4006855b77e01630c51e&amp;cidr=10.100.0.0%2F28 0.140s
2015-12-10 05:27:16,183 24749 DEBUG    [tempest_lib.common.rest_client] Request - Headers: {'Content-Type': 'application/json', 'Accept': 'application/json', 'X-Auth-Token': '&lt;omitted&gt;'}
        Body: None
    Response - Headers: {'status': '200', 'content-length': '15', 'content-location': 'http://10.0.2.15:9696/v2.0/subnets?tenant_id=837ed50bce9c4006855b77e01630c51e&amp;cidr=10.100.0.0%2F28', 'connection': 'close', 'date': 'Thu, 10 Dec 2015 05:27:16 GMT', 'content-type': 'application/json; charset=UTF-8', 'x-openstack-request-id': 'req-5d018c69-74a9-4542-8903-01c7a10132f0'}
        Body: {"subnets": []}
2015-12-10 05:27:16,506 24749 INFO     [tempest_lib.common.rest_client] Request (TestNetworkAdvancedServerOps:test_server_connectivity_pause_unpause): 201 POST http://10.0.2.15:9696/v2.0/subnets 0.322s
2015-12-10 05:27:16,506 24749 DEBUG    [tempest_lib.common.rest_client] Request - Headers: {'Content-Type': 'application/json', 'Accept': 'application/json', 'X-Auth-Token': '&lt;omitted&gt;'}
        Body: {"subnet": {"ip_version": 4, "tenant_id": "837ed50bce9c4006855b77e01630c51e", "cidr": "10.100.0.0/28", "network_id": "cc36ea35-2e1a-4bc9-8c1e-4266dde3c3e3", "name": "tempest-subnet-smoke-810404212"}}
    Response - Headers: {'status': '201', 'content-length': '477', 'connection': 'close', 'date': 'Thu, 10 Dec 2015 05:27:16 GMT', 'content-type': 'application/json; charset=UTF-8', 'x-openstack-request-id': 'req-fe32c865-6a2c-48f7-b45c-ac74d554f59c'}
        Body: {"subnet": {"name": "tempest-subnet-smoke-810404212", "enable_dhcp": true, "network_id": "cc36ea35-2e1a-4bc9-8c1e-4266dde3c3e3", "tenant_id": "837ed50bce9c4006855b77e01630c51e", "dns_nameservers": [], "gateway_ip": "10.100.0.1", "ipv6_ra_mode": null, "allocation_pools": [{"start": "10.100.0.2", "end": "10.100.0.14"}], "host_routes": [], "ip_version": 4, "ipv6_address_mode": null, "cidr": "10.100.0.0/28", "id": "7fdc7761-35d9-4b31-a5e9-b6ec564ca3cb", "subnetpool_id": null}}
2015-12-10 05:27:17,189 24749 INFO     [tempest_lib.common.rest_client] Request (TestNetworkAdvancedServerOps:test_server_connectivity_pause_unpause): 200 PUT http://10.0.2.15:9696/v2.0/routers/b839ae8c-7687-44bb-b90c-e93aa3507a13/add_router_interface 0.681s
2015-12-10 05:27:17,189 24749 DEBUG    [tempest_lib.common.rest_client] Request - Headers: {'Content-Type': 'application/json', 'Accept': 'application/json', 'X-Auth-Token': '&lt;omitted&gt;'}
        Body: {"subnet_id": "7fdc7761-35d9-4b31-a5e9-b6ec564ca3cb"}
    Response - Headers: {'status': '200', 'content-length': '255', 'connection': 'close', 'date': 'Thu, 10 Dec 2015 05:27:17 GMT', 'content-type': 'application/json; charset=UTF-8', 'x-openstack-request-id': 'req-eb3d1768-0556-4e38-8380-6ed1c1af3824'}
        Body: {"subnet_id": "7fdc7761-35d9-4b31-a5e9-b6ec564ca3cb", "tenant_id": "837ed50bce9c4006855b77e01630c51e", "subnet_ids": ["7fdc7761-35d9-4b31-a5e9-b6ec564ca3cb"], "port_id": "efb7bc3e-4063-46d8-8b87-447347c24225", "id": "b839ae8c-7687-44bb-b90c-e93aa3507a13"}
2015-12-10 05:27:17,298 24749 INFO     [tempest_lib.common.rest_client] Request (TestNetworkAdvancedServerOps:test_server_connectivity_pause_unpause): 200 POST http://10.0.2.15:5000/v2.0/tokens
2015-12-10 05:27:17,298 24749 DEBUG    [tempest_lib.common.rest_client] Request - Headers: {'Content-Type': 'application/json', 'Accept': 'application/json'}
        Body: &lt;omitted&gt;
    Response - Headers: {'status': '200', 'content-length': '2560', 'vary': 'X-Auth-Token', 'server': 'Apache/2.4.7 (Ubuntu)', 'connection': 'close', 'date': 'Thu, 10 Dec 2015 05:27:17 GMT', 'content-type': 'application/json', 'x-openstack-request-id': 'req-1a294dbd-f354-4ba2-803c-f9c7a6678331'}
        Body: {"access": {"token": {"issued_at": "2015-12-10T05:27:17.286897", "expires": "2015-12-10T06:27:17Z", "id": "9190999419a7455ca45dc6780e77a65c", "tenant": {"description": "tempest-TestNetworkAdvancedServerOps-87204656-desc", "enabled": true, "id": "837ed50bce9c4006855b77e01630c51e", "name": "tempest-TestNetworkAdvancedServerOps-87204656"}, "audit_ids": ["MYjG7nBtQ-KlQWAJqmT9uw"]}, "serviceCatalog": [{"endpoints": [{"adminURL": "http://10.0.2.15:8774/v2.1/837ed50bce9c4006855b77e01630c51e", "region": "RegionOne", "internalURL": "http://10.0.2.15:8774/v2.1/837ed50bce9c4006855b77e01630c51e", "id": "5b167c3791e741eeadee482240acb284", "publicURL": "http://10.0.2.15:8774/v2.1/837ed50bce9c4006855b77e01630c51e"}], "endpoints_links": [], "type": "compute", "name": "nova"}, {"endpoints": [{"adminURL": "http://10.0.2.15:9696/", "region": "RegionOne", "internalURL": "http://10.0.2.15:9696/", "id": "2d86dec3072140adbdc10963315d359d", "publicURL": "http://10.0.2.15:9696/"}], "endpoints_links": [], "type": "network", "name": "neutron"}, {"endpoints": [{"adminURL": "http://10.0.2.15:9292", "region": "RegionOne", "internalURL": "http://10.0.2.15:9292", "id": "04030d73f311412cb3874f6e40e564d9", "publicURL": "http://10.0.2.15:9292"}], "endpoints_links": [], "type": "image", "name": "glance"}, {"endpoints": [{"adminURL": "http://10.0.2.15:8774/v2/837ed50bce9c4006855b77e01630c51e", "region": "RegionOne", "internalURL": "http://10.0.2.15:8774/v2/837ed50bce9c4006855b77e01630c51e", "id": "610c08d446444ecab1d27e1ea57ba51e", "publicURL": "http://10.0.2.15:8774/v2/837ed50bce9c4006855b77e01630c51e"}], "endpoints_links": [], "type": "compute_legacy", "name": "nova_legacy"}, {"endpoints": [{"adminURL": "http://10.0.2.15:8773/", "region": "RegionOne", "internalURL": "http://10.0.2.15:8773/", "id": "50a21d018d5c4090a51c4606b3d7f79a", "publicURL": "http://10.0.2.15:8773/"}], "endpoints_links": [], "type": "ec2", "name": "ec2"}, {"endpoints": [{"adminURL": "http://10.0.2.15:35357/v2.0", "region": "RegionOne", "internalURL": "http://10.0.2.15:5000/v2.0", "id": "350fb04e4da64f93b88e31c313d4b3fb", "publicURL": "http://10.0.2.15:5000/v2.0"}], "endpoints_links": [], "type": "identity", "name": "keystone"}], "user": {"username": "tempest-TestNetworkAdvancedServerOps-791478438", "roles_links": [], "id": "04ffa61d5f924fc2b6be33a38c8b3c03", "roles": [{"name": "Member"}, {"name": "_member_"}], "name": "tempest-TestNetworkAdvancedServerOps-791478438"}, "metadata": {"is_admin": 0, "roles": ["e29157a7faca4c378c288be72808583b", "9fe2ff9ee4384b1894a90878d3e92bab"]}}}
2015-12-10 05:27:17,307 24749 DEBUG    [tempest.common.fixed_network] (TestNetworkAdvancedServerOps:test_server_connectivity_pause_unpause) No valid network provided or created, defaulting to fixed_network_name
2015-12-10 05:27:17,673 24749 INFO     [tempest_lib.common.rest_client] Request (TestNetworkAdvancedServerOps:test_server_connectivity_pause_unpause): 200 GET http://10.0.2.15:8774/v2.1/837ed50bce9c4006855b77e01630c51e/os-networks 0.365s
2015-12-10 05:27:17,674 24749 DEBUG    [tempest_lib.common.rest_client] Request - Headers: {'Content-Type': 'application/json', 'Accept': 'application/json', 'X-Auth-Token': '&lt;omitted&gt;'}
        Body: None
    Response - Headers: {'status': '200', 'content-length': '479', 'content-location': 'http://10.0.2.15:8774/v2.1/837ed50bce9c4006855b77e01630c51e/os-networks', 'x-compute-request-id': 'req-30468965-5df1-42dc-8828-742b1650cc36', 'vary': 'X-OpenStack-Nova-API-Version', 'connection': 'close', 'x-openstack-nova-api-version': '2.1', 'date': 'Thu, 10 Dec 2015 05:27:17 GMT', 'content-type': 'application/json'}
        Body: {"networks": [{"cidr_v6": null, "dns2": null, "dns1": null, "gateway": null, "broadcast": null, "netmask": null, "gateway_v6": null, "cidr": null, "label": "public", "id": "565717e2-cef7-43f9-b90e-1b6011e49274", "netmask_v6": null}, {"cidr_v6": null, "dns2": null, "dns1": null, "gateway": null, "broadcast": null, "netmask": null, "gateway_v6": null, "cidr": null, "label": "tempest-network-smoke--2132873782", "id": "cc36ea35-2e1a-4bc9-8c1e-4266dde3c3e3", "netmask_v6": null}]}
2015-12-10 05:27:17,674 24749 WARNING  [tempest.common.fixed_network] (TestNetworkAdvancedServerOps:test_server_connectivity_pause_unpause) Network with name: private not found
2015-12-10 05:27:17,675 24749 INFO     [tempest.common.fixed_network] (TestNetworkAdvancedServerOps:test_server_connectivity_pause_unpause) Found network {} available for tenant
2015-12-10 05:27:18,737 24749 INFO     [tempest_lib.common.rest_client] Request (TestNetworkAdvancedServerOps:test_server_connectivity_pause_unpause): 202 POST http://10.0.2.15:8774/v2.1/837ed50bce9c4006855b77e01630c51e/servers 1.060s
2015-12-10 05:27:18,737 24749 DEBUG    [tempest_lib.common.rest_client] Request - Headers: {'Content-Type': 'application/json', 'Accept': 'application/json', 'X-Auth-Token': '&lt;omitted&gt;'}
        Body: {"server": {"name": "tempest.common.compute-instance-423447594", "imageRef": "8bf50a76-1ac3-4304-979a-98dd7babfe66", "key_name": "tempest-TestNetworkAdvancedServerOps-1867317534", "flavorRef": "42", "networks": [{"uuid": "cc36ea35-2e1a-4bc9-8c1e-4266dde3c3e3"}], "security_groups": [{"name": "tempest-secgroup-smoke-889787061"}]}}
    Response - Headers: {'status': '202', 'content-length': '461', 'x-compute-request-id': 'req-39cf74d0-fd09-4e82-aa02-66e1725f333d', 'vary': 'X-OpenStack-Nova-API-Version', 'connection': 'close', 'location': 'http://10.0.2.15:8774/v2.1/837ed50bce9c4006855b77e01630c51e/servers/8ff0f3fc-46ac-42b8-8187-d0d7b9589dc0', 'x-openstack-nova-api-version': '2.1', 'date': 'Thu, 10 Dec 2015 05:27:18 GMT', 'content-type': 'application/json'}
        Body: {"server": {"security_groups": [{"name": "tempest-secgroup-smoke-889787061"}], "OS-DCF:diskConfig": "MANUAL", "id": "8ff0f3fc-46ac-42b8-8187-d0d7b9589dc0", "links": [{"href": "http://10.0.2.15:8774/v2.1/837ed50bce9c4006855b77e01630c51e/servers/8ff0f3fc-46ac-42b8-8187-d0d7b9589dc0", "rel": "self"}, {"href": "http://10.0.2.15:8774/837ed50bce9c4006855b77e01630c51e/servers/8ff0f3fc-46ac-42b8-8187-d0d7b9589dc0", "rel": "bookmark"}], "adminPass": "Nqx6B6fTxLDG"}}
2015-12-10 05:27:18,995 24749 INFO     [tempest_lib.common.rest_client] Request (TestNetworkAdvancedServerOps:test_server_connectivity_pause_unpause): 200 GET http://10.0.2.15:8774/v2.1/837ed50bce9c4006855b77e01630c51e/servers/8ff0f3fc-46ac-42b8-8187-d0d7b9589dc0 0.254s
2015-12-10 05:27:18,996 24749 DEBUG    [tempest_lib.common.rest_client] Request - Headers: {'Content-Type': 'application/json', 'Accept': 'application/json', 'X-Auth-Token': '&lt;omitted&gt;'}
        Body: None
    Response - Headers: {'status': '200', 'content-length': '1364', 'content-location': 'http://10.0.2.15:8774/v2.1/837ed50bce9c4006855b77e01630c51e/servers/8ff0f3fc-46ac-42b8-8187-d0d7b9589dc0', 'x-compute-request-id': 'req-d0f442e1-3fb3-418b-9e54-3be5acfbba9c', 'vary': 'X-OpenStack-Nova-API-Version', 'connection': 'close', 'x-openstack-nova-api-version': '2.1', 'date': 'Thu, 10 Dec 2015 05:27:18 GMT', 'content-type': 'application/json'}
        Body: {"server": {"status": "BUILD", "updated": "2015-12-10T05:27:18Z", "hostId": "", "addresses": {}, "links": [{"href": "http://10.0.2.15:8774/v2.1/837ed50bce9c4006855b77e01630c51e/servers/8ff0f3fc-46ac-42b8-8187-d0d7b9589dc0", "rel": "self"}, {"href": "http://10.0.2.15:8774/837ed50bce9c4006855b77e01630c51e/servers/8ff0f3fc-46ac-42b8-8187-d0d7b9589dc0", "rel": "bookmark"}], "key_name": "tempest-TestNetworkAdvancedServerOps-1867317534", "image": {"id": "8bf50a76-1ac3-4304-979a-98dd7babfe66", "links": [{"href": "http://10.0.2.15:8774/837ed50bce9c4006855b77e01630c51e/images/8bf50a76-1ac3-4304-979a-98dd7babfe66", "rel": "bookmark"}]}, "OS-EXT-STS:task_state": "scheduling", "OS-EXT-STS:vm_state": "building", "OS-SRV-USG:launched_at": null, "flavor": {"id": "42", "links": [{"href": "http://10.0.2.15:8774/837ed50bce9c4006855b77e01630c51e/flavors/42", "rel": "bookmark"}]}, "id": "8ff0f3fc-46ac-42b8-8187-d0d7b9589dc0", "OS-SRV-USG:terminated_at": null, "OS-EXT-AZ:availability_zone": "", "user_id": "04ffa61d5f924fc2b6be33a38c8b3c03", "name": "tempest.common.compute-instance-423447594", "created": "2015-12-10T05:27:18Z", "tenant_id": "837ed50bce9c4006855b77e01630c51e", "OS-DCF:diskConfig": "MANUAL", "os-extended-volumes:volumes_attached": [], "accessIPv4": "", "accessIPv6": "", "progress": 0, "OS-EXT-STS:power_state": 0, "config_drive": "", "metadata": {}}}
2015-12-10 05:27:20,396 24749 INFO     [tempest_lib.common.rest_client] Request (TestNetworkAdvancedServerOps:test_server_connectivity_pause_unpause): 200 GET http://10.0.2.15:8774/v2.1/837ed50bce9c4006855b77e01630c51e/servers/8ff0f3fc-46ac-42b8-8187-d0d7b9589dc0 0.390s
2015-12-10 05:27:20,396 24749 DEBUG    [tempest_lib.common.rest_client] Request - Headers: {'Content-Type': 'application/json', 'Accept': 'application/json', 'X-Auth-Token': '&lt;omitted&gt;'}
        Body: None
    Response - Headers: {'status': '200', 'content-length': '1489', 'content-location': 'http://10.0.2.15:8774/v2.1/837ed50bce9c4006855b77e01630c51e/servers/8ff0f3fc-46ac-42b8-8187-d0d7b9589dc0', 'x-compute-request-id': 'req-972be3d9-b75d-40ca-96eb-fdcdcb1534fd', 'vary': 'X-OpenStack-Nova-API-Version', 'connection': 'close', 'x-openstack-nova-api-version': '2.1', 'date': 'Thu, 10 Dec 2015 05:27:20 GMT', 'content-type': 'application/json'}
        Body: {"server": {"status": "BUILD", "updated": "2015-12-10T05:27:19Z", "hostId": "b40c1bdbe3f96c8a63be361445a37c936e8353f1a623eb7957a0b4c5", "addresses": {}, "links": [{"href": "http://10.0.2.15:8774/v2.1/837ed50bce9c4006855b77e01630c51e/servers/8ff0f3fc-46ac-42b8-8187-d0d7b9589dc0", "rel": "self"}, {"href": "http://10.0.2.15:8774/837ed50bce9c4006855b77e01630c51e/servers/8ff0f3fc-46ac-42b8-8187-d0d7b9589dc0", "rel": "bookmark"}], "key_name": "tempest-TestNetworkAdvancedServerOps-1867317534", "image": {"id": "8bf50a76-1ac3-4304-979a-98dd7babfe66", "links": [{"href": "http://10.0.2.15:8774/837ed50bce9c4006855b77e01630c51e/images/8bf50a76-1ac3-4304-979a-98dd7babfe66", "rel": "bookmark"}]}, "OS-EXT-STS:task_state": "spawning", "OS-EXT-STS:vm_state": "building", "OS-SRV-USG:launched_at": null, "flavor": {"id": "42", "links": [{"href": "http://10.0.2.15:8774/837ed50bce9c4006855b77e01630c51e/flavors/42", "rel": "bookmark"}]}, "id": "8ff0f3fc-46ac-42b8-8187-d0d7b9589dc0", "security_groups": [{"name": "tempest-secgroup-smoke-889787061"}], "OS-SRV-USG:terminated_at": null, "OS-EXT-AZ:availability_zone": "nova", "user_id": "04ffa61d5f924fc2b6be33a38c8b3c03", "name": "tempest.common.compute-instance-423447594", "created": "2015-12-10T05:27:18Z", "tenant_id": "837ed50bce9c4006855b77e01630c51e", "OS-DCF:diskConfig": "MANUAL", "os-extended-volumes:volumes_attached": [], "accessIPv4": "", "accessIPv6": "", "progress": 0, "OS-EXT-STS:power_state": 0, "config_drive": "", "metadata": {}}}
2015-12-10 05:27:20,404 24749 INFO     [tempest.common.waiters] State transition "BUILD/scheduling" ==&gt; "BUILD/spawning" after 1 second wait
2015-12-10 05:27:21,774 24749 INFO     [tempest_lib.common.rest_client] Request (TestNetworkAdvancedServerOps:test_server_connectivity_pause_unpause): 200 GET http://10.0.2.15:8774/v2.1/837ed50bce9c4006855b77e01630c51e/servers/8ff0f3fc-46ac-42b8-8187-d0d7b9589dc0 0.368s
2015-12-10 05:27:21,775 24749 DEBUG    [tempest_lib.common.rest_client] Request - Headers: {'Content-Type': 'application/json', 'Accept': 'application/json', 'X-Auth-Token': '&lt;omitted&gt;'}
        Body: None
    Response - Headers: {'status': '200', 'content-length': '1489', 'content-location': 'http://10.0.2.15:8774/v2.1/837ed50bce9c4006855b77e01630c51e/servers/8ff0f3fc-46ac-42b8-8187-d0d7b9589dc0', 'x-compute-request-id': 'req-3929b9b7-9d5f-47a3-b07d-9647865352c2', 'vary': 'X-OpenStack-Nova-API-Version', 'connection': 'close', 'x-openstack-nova-api-version': '2.1', 'date': 'Thu, 10 Dec 2015 05:27:21 GMT', 'content-type': 'application/json'}
        Body: {"server": {"status": "BUILD", "updated": "2015-12-10T05:27:19Z", "hostId": "b40c1bdbe3f96c8a63be361445a37c936e8353f1a623eb7957a0b4c5", "addresses": {}, "links": [{"href": "http://10.0.2.15:8774/v2.1/837ed50bce9c4006855b77e01630c51e/servers/8ff0f3fc-46ac-42b8-8187-d0d7b9589dc0", "rel": "self"}, {"href": "http://10.0.2.15:8774/837ed50bce9c4006855b77e01630c51e/servers/8ff0f3fc-46ac-42b8-8187-d0d7b9589dc0", "rel": "bookmark"}], "key_name": "tempest-TestNetworkAdvancedServerOps-1867317534", "image": {"id": "8bf50a76-1ac3-4304-979a-98dd7babfe66", "links": [{"href": "http://10.0.2.15:8774/837ed50bce9c4006855b77e01630c51e/images/8bf50a76-1ac3-4304-979a-98dd7babfe66", "rel": "bookmark"}]}, "OS-EXT-STS:task_state": "spawning", "OS-EXT-STS:vm_state": "building", "OS-SRV-USG:launched_at": null, "flavor": {"id": "42", "links": [{"href": "http://10.0.2.15:8774/837ed50bce9c4006855b77e01630c51e/flavors/42", "rel": "bookmark"}]}, "id": "8ff0f3fc-46ac-42b8-8187-d0d7b9589dc0", "security_groups": [{"name": "tempest-secgroup-smoke-889787061"}], "OS-SRV-USG:terminated_at": null, "OS-EXT-AZ:availability_zone": "nova", "user_id": "04ffa61d5f924fc2b6be33a38c8b3c03", "name": "tempest.common.compute-instance-423447594", "created": "2015-12-10T05:27:18Z", "tenant_id": "837ed50bce9c4006855b77e01630c51e", "OS-DCF:diskConfig": "MANUAL", "os-extended-volumes:volumes_attached": [], "accessIPv4": "", "accessIPv6": "", "progress": 0, "OS-EXT-STS:power_state": 0, "config_drive": "", "metadata": {}}}
2015-12-10 05:27:22,984 24749 INFO     [tempest_lib.common.rest_client] Request (TestNetworkAdvancedServerOps:test_server_connectivity_pause_unpause): 200 GET http://10.0.2.15:8774/v2.1/837ed50bce9c4006855b77e01630c51e/servers/8ff0f3fc-46ac-42b8-8187-d0d7b9589dc0 0.200s
2015-12-10 05:27:22,984 24749 DEBUG    [tempest_lib.common.rest_client] Request - Headers: {'Content-Type': 'application/json', 'Accept': 'application/json', 'X-Auth-Token': '&lt;omitted&gt;'}
        Body: None
    Response - Headers: {'status': '200', 'content-length': '1661', 'content-location': 'http://10.0.2.15:8774/v2.1/837ed50bce9c4006855b77e01630c51e/servers/8ff0f3fc-46ac-42b8-8187-d0d7b9589dc0', 'x-compute-request-id': 'req-6a13c8a2-4951-4645-90aa-268784bc3a0f', 'vary': 'X-OpenStack-Nova-API-Version', 'connection': 'close', 'x-openstack-nova-api-version': '2.1', 'date': 'Thu, 10 Dec 2015 05:27:22 GMT', 'content-type': 'application/json'}
        Body: {"server": {"status": "ACTIVE", "updated": "2015-12-10T05:27:22Z", "hostId": "b40c1bdbe3f96c8a63be361445a37c936e8353f1a623eb7957a0b4c5", "addresses": {"tempest-network-smoke--2132873782": [{"OS-EXT-IPS-MAC:mac_addr": "fa:16:3e:be:74:52", "version": 4, "addr": "10.100.0.3", "OS-EXT-IPS:type": "fixed"}]}, "links": [{"href": "http://10.0.2.15:8774/v2.1/837ed50bce9c4006855b77e01630c51e/servers/8ff0f3fc-46ac-42b8-8187-d0d7b9589dc0", "rel": "self"}, {"href": "http://10.0.2.15:8774/837ed50bce9c4006855b77e01630c51e/servers/8ff0f3fc-46ac-42b8-8187-d0d7b9589dc0", "rel": "bookmark"}], "key_name": "tempest-TestNetworkAdvancedServerOps-1867317534", "image": {"id": "8bf50a76-1ac3-4304-979a-98dd7babfe66", "links": [{"href": "http://10.0.2.15:8774/837ed50bce9c4006855b77e01630c51e/images/8bf50a76-1ac3-4304-979a-98dd7babfe66", "rel": "bookmark"}]}, "OS-EXT-STS:task_state": null, "OS-EXT-STS:vm_state": "active", "OS-SRV-USG:launched_at": "2015-12-10T05:27:22.000000", "flavor": {"id": "42", "links": [{"href": "http://10.0.2.15:8774/837ed50bce9c4006855b77e01630c51e/flavors/42", "rel": "bookmark"}]}, "id": "8ff0f3fc-46ac-42b8-8187-d0d7b9589dc0", "security_groups": [{"name": "tempest-secgroup-smoke-889787061"}], "OS-SRV-USG:terminated_at": null, "OS-EXT-AZ:availability_zone": "nova", "user_id": "04ffa61d5f924fc2b6be33a38c8b3c03", "name": "tempest.common.compute-instance-423447594", "created": "2015-12-10T05:27:18Z", "tenant_id": "837ed50bce9c4006855b77e01630c51e", "OS-DCF:diskConfig": "MANUAL", "os-extended-volumes:volumes_attached": [], "accessIPv4": "", "accessIPv6": "", "progress": 0, "OS-EXT-STS:power_state": 1, "config_drive": "True", "metadata": {}}}
2015-12-10 05:27:22,993 24749 INFO     [tempest.common.waiters] State transition "BUILD/spawning" ==&gt; "ACTIVE/None" after 3 second wait
2015-12-10 05:27:23,195 24749 INFO     [tempest_lib.common.rest_client] Request (TestNetworkAdvancedServerOps:test_server_connectivity_pause_unpause): 200 GET http://10.0.2.15:8774/v2.1/837ed50bce9c4006855b77e01630c51e/servers/8ff0f3fc-46ac-42b8-8187-d0d7b9589dc0 0.201s
2015-12-10 05:27:23,196 24749 DEBUG    [tempest_lib.common.rest_client] Request - Headers: {'Content-Type': 'application/json', 'Accept': 'application/json', 'X-Auth-Token': '&lt;omitted&gt;'}
        Body: None
    Response - Headers: {'status': '200', 'content-length': '1661', 'content-location': 'http://10.0.2.15:8774/v2.1/837ed50bce9c4006855b77e01630c51e/servers/8ff0f3fc-46ac-42b8-8187-d0d7b9589dc0', 'x-compute-request-id': 'req-a76d5974-9ed4-48d1-b2d2-80fecd2493e4', 'vary': 'X-OpenStack-Nova-API-Version', 'connection': 'close', 'x-openstack-nova-api-version': '2.1', 'date': 'Thu, 10 Dec 2015 05:27:23 GMT', 'content-type': 'application/json'}
        Body: {"server": {"status": "ACTIVE", "updated": "2015-12-10T05:27:22Z", "hostId": "b40c1bdbe3f96c8a63be361445a37c936e8353f1a623eb7957a0b4c5", "addresses": {"tempest-network-smoke--2132873782": [{"OS-EXT-IPS-MAC:mac_addr": "fa:16:3e:be:74:52", "version": 4, "addr": "10.100.0.3", "OS-EXT-IPS:type": "fixed"}]}, "links": [{"href": "http://10.0.2.15:8774/v2.1/837ed50bce9c4006855b77e01630c51e/servers/8ff0f3fc-46ac-42b8-8187-d0d7b9589dc0", "rel": "self"}, {"href": "http://10.0.2.15:8774/837ed50bce9c4006855b77e01630c51e/servers/8ff0f3fc-46ac-42b8-8187-d0d7b9589dc0", "rel": "bookmark"}], "key_name": "tempest-TestNetworkAdvancedServerOps-1867317534", "image": {"id": "8bf50a76-1ac3-4304-979a-98dd7babfe66", "links": [{"href": "http://10.0.2.15:8774/837ed50bce9c4006855b77e01630c51e/images/8bf50a76-1ac3-4304-979a-98dd7babfe66", "rel": "bookmark"}]}, "OS-EXT-STS:task_state": null, "OS-EXT-STS:vm_state": "active", "OS-SRV-USG:launched_at": "2015-12-10T05:27:22.000000", "flavor": {"id": "42", "links": [{"href": "http://10.0.2.15:8774/837ed50bce9c4006855b77e01630c51e/flavors/42", "rel": "bookmark"}]}, "id": "8ff0f3fc-46ac-42b8-8187-d0d7b9589dc0", "security_groups": [{"name": "tempest-secgroup-smoke-889787061"}], "OS-SRV-USG:terminated_at": null, "OS-EXT-AZ:availability_zone": "nova", "user_id": "04ffa61d5f924fc2b6be33a38c8b3c03", "name": "tempest.common.compute-instance-423447594", "created": "2015-12-10T05:27:18Z", "tenant_id": "837ed50bce9c4006855b77e01630c51e", "OS-DCF:diskConfig": "MANUAL", "os-extended-volumes:volumes_attached": [], "accessIPv4": "", "accessIPv6": "", "progress": 0, "OS-EXT-STS:power_state": 1, "config_drive": "True", "metadata": {}}}
2015-12-10 05:27:23,335 24749 INFO     [tempest_lib.common.rest_client] Request (TestNetworkAdvancedServerOps:test_server_connectivity_pause_unpause): 200 GET http://10.0.2.15:9696/v2.0/ports?status=ACTIVE&amp;fixed_ip=None&amp;device_id=8ff0f3fc-46ac-42b8-8187-d0d7b9589dc0 0.129s
2015-12-10 05:27:23,336 24749 DEBUG    [tempest_lib.common.rest_client] Request - Headers: {'Content-Type': 'application/json', 'Accept': 'application/json', 'X-Auth-Token': '&lt;omitted&gt;'}
        Body: None
    Response - Headers: {'status': '200', 'content-length': '895', 'content-location': 'http://10.0.2.15:9696/v2.0/ports?status=ACTIVE&amp;fixed_ip=None&amp;device_id=8ff0f3fc-46ac-42b8-8187-d0d7b9589dc0', 'connection': 'close', 'date': 'Thu, 10 Dec 2015 05:27:23 GMT', 'content-type': 'application/json; charset=UTF-8', 'x-openstack-request-id': 'req-887b8c4a-3663-4ebf-b3f1-2d7443477283'}
        Body: {"ports": [{"status": "ACTIVE", "binding:host_id": "vagrant-ubuntu-trusty-64", "allowed_address_pairs": [], "extra_dhcp_opts": [], "dns_assignment": [{"hostname": "host-10-100-0-3", "ip_address": "10.100.0.3", "fqdn": "host-10-100-0-3.openstacklocal."}], "device_owner": "compute:None", "port_security_enabled": true, "binding:profile": {}, "fixed_ips": [{"subnet_id": "7fdc7761-35d9-4b31-a5e9-b6ec564ca3cb", "ip_address": "10.100.0.3"}], "id": "32277d73-3a31-4539-9cd1-247a6e97eeac", "security_groups": ["11db90a0-3b07-4842-9b5f-5bf4f56bd272"], "device_id": "8ff0f3fc-46ac-42b8-8187-d0d7b9589dc0", "name": "", "admin_state_up": true, "network_id": "cc36ea35-2e1a-4bc9-8c1e-4266dde3c3e3", "dns_name": "", "binding:vif_details": {"port_filter": true}, "binding:vnic_type": "normal", "binding:vif_type": "ovs", "tenant_id": "837ed50bce9c4006855b77e01630c51e", "mac_address": "fa:16:3e:be:74:52"}]}
2015-12-10 05:27:23,867 24749 INFO     [tempest_lib.common.rest_client] Request (TestNetworkAdvancedServerOps:test_server_connectivity_pause_unpause): 201 POST http://10.0.2.15:9696/v2.0/floatingips 0.530s
2015-12-10 05:27:23,867 24749 DEBUG    [tempest_lib.common.rest_client] Request - Headers: {'Content-Type': 'application/json', 'Accept': 'application/json', 'X-Auth-Token': '&lt;omitted&gt;'}
        Body: {"floatingip": {"floating_network_id": "565717e2-cef7-43f9-b90e-1b6011e49274", "tenant_id": "837ed50bce9c4006855b77e01630c51e", "fixed_ip_address": "10.100.0.3", "port_id": "32277d73-3a31-4539-9cd1-247a6e97eeac"}}
    Response - Headers: {'status': '201', 'content-length': '367', 'connection': 'close', 'date': 'Thu, 10 Dec 2015 05:27:23 GMT', 'content-type': 'application/json; charset=UTF-8', 'x-openstack-request-id': 'req-ffec1ef7-c7f7-43cd-9a73-d41a83d5041c'}
        Body: {"floatingip": {"floating_network_id": "565717e2-cef7-43f9-b90e-1b6011e49274", "router_id": "b839ae8c-7687-44bb-b90c-e93aa3507a13", "fixed_ip_address": "10.100.0.3", "floating_ip_address": "172.24.4.4", "tenant_id": "837ed50bce9c4006855b77e01630c51e", "status": "DOWN", "port_id": "32277d73-3a31-4539-9cd1-247a6e97eeac", "id": "eb3e7e15-417f-4e61-8151-42c1e93bc490"}}
2015-12-10 05:27:24,075 24749 INFO     [tempest_lib.common.rest_client] Request (TestNetworkAdvancedServerOps:test_server_connectivity_pause_unpause): 200 GET http://10.0.2.15:8774/v2.1/837ed50bce9c4006855b77e01630c51e/servers/8ff0f3fc-46ac-42b8-8187-d0d7b9589dc0 0.207s
2015-12-10 05:27:24,076 24749 DEBUG    [tempest_lib.common.rest_client] Request - Headers: {'Content-Type': 'application/json', 'Accept': 'application/json', 'X-Auth-Token': '&lt;omitted&gt;'}
        Body: None
    Response - Headers: {'status': '200', 'content-length': '1661', 'content-location': 'http://10.0.2.15:8774/v2.1/837ed50bce9c4006855b77e01630c51e/servers/8ff0f3fc-46ac-42b8-8187-d0d7b9589dc0', 'x-compute-request-id': 'req-435647a3-697f-4ae4-94c0-602533060c45', 'vary': 'X-OpenStack-Nova-API-Version', 'connection': 'close', 'x-openstack-nova-api-version': '2.1', 'date': 'Thu, 10 Dec 2015 05:27:24 GMT', 'content-type': 'application/json'}
        Body: {"server": {"status": "ACTIVE", "updated": "2015-12-10T05:27:22Z", "hostId": "b40c1bdbe3f96c8a63be361445a37c936e8353f1a623eb7957a0b4c5", "addresses": {"tempest-network-smoke--2132873782": [{"OS-EXT-IPS-MAC:mac_addr": "fa:16:3e:be:74:52", "version": 4, "addr": "10.100.0.3", "OS-EXT-IPS:type": "fixed"}]}, "links": [{"href": "http://10.0.2.15:8774/v2.1/837ed50bce9c4006855b77e01630c51e/servers/8ff0f3fc-46ac-42b8-8187-d0d7b9589dc0", "rel": "self"}, {"href": "http://10.0.2.15:8774/837ed50bce9c4006855b77e01630c51e/servers/8ff0f3fc-46ac-42b8-8187-d0d7b9589dc0", "rel": "bookmark"}], "key_name": "tempest-TestNetworkAdvancedServerOps-1867317534", "image": {"id": "8bf50a76-1ac3-4304-979a-98dd7babfe66", "links": [{"href": "http://10.0.2.15:8774/837ed50bce9c4006855b77e01630c51e/images/8bf50a76-1ac3-4304-979a-98dd7babfe66", "rel": "bookmark"}]}, "OS-EXT-STS:task_state": null, "OS-EXT-STS:vm_state": "active", "OS-SRV-USG:launched_at": "2015-12-10T05:27:22.000000", "flavor": {"id": "42", "links": [{"href": "http://10.0.2.15:8774/837ed50bce9c4006855b77e01630c51e/flavors/42", "rel": "bookmark"}]}, "id": "8ff0f3fc-46ac-42b8-8187-d0d7b9589dc0", "security_groups": [{"name": "tempest-secgroup-smoke-889787061"}], "OS-SRV-USG:terminated_at": null, "OS-EXT-AZ:availability_zone": "nova", "user_id": "04ffa61d5f924fc2b6be33a38c8b3c03", "name": "tempest.common.compute-instance-423447594", "created": "2015-12-10T05:27:18Z", "tenant_id": "837ed50bce9c4006855b77e01630c51e", "OS-DCF:diskConfig": "MANUAL", "os-extended-volumes:volumes_attached": [], "accessIPv4": "", "accessIPv6": "", "progress": 0, "OS-EXT-STS:power_state": 1, "config_drive": "True", "metadata": {}}}
2015-12-10 05:27:24,084 24749 INFO     [tempest.scenario.manager] Tenant networks not configured to be reachable.
2015-12-10 05:27:24,103 24749 INFO     [tempest_lib.common.rest_client] Request (TestNetworkAdvancedServerOps:test_server_connectivity_pause_unpause): 200 GET http://10.0.2.15:9696/v2.0/floatingips/eb3e7e15-417f-4e61-8151-42c1e93bc490 0.018s
2015-12-10 05:27:24,104 24749 DEBUG    [tempest_lib.common.rest_client] Request - Headers: {'Content-Type': 'application/json', 'Accept': 'application/json', 'X-Auth-Token': '&lt;omitted&gt;'}
        Body: None
    Response - Headers: {'status': '200', 'content-length': '367', 'content-location': 'http://10.0.2.15:9696/v2.0/floatingips/eb3e7e15-417f-4e61-8151-42c1e93bc490', 'connection': 'close', 'date': 'Thu, 10 Dec 2015 05:27:24 GMT', 'content-type': 'application/json; charset=UTF-8', 'x-openstack-request-id': 'req-e9208946-3b3a-4d9f-86f9-29b7bfe6241f'}
        Body: {"floatingip": {"floating_network_id": "565717e2-cef7-43f9-b90e-1b6011e49274", "router_id": "b839ae8c-7687-44bb-b90c-e93aa3507a13", "fixed_ip_address": "10.100.0.3", "floating_ip_address": "172.24.4.4", "tenant_id": "837ed50bce9c4006855b77e01630c51e", "status": "DOWN", "port_id": "32277d73-3a31-4539-9cd1-247a6e97eeac", "id": "eb3e7e15-417f-4e61-8151-42c1e93bc490"}}
2015-12-10 05:27:25,120 24749 INFO     [tempest_lib.common.rest_client] Request (TestNetworkAdvancedServerOps:test_server_connectivity_pause_unpause): 200 GET http://10.0.2.15:9696/v2.0/floatingips/eb3e7e15-417f-4e61-8151-42c1e93bc490 0.014s
2015-12-10 05:27:25,120 24749 DEBUG    [tempest_lib.common.rest_client] Request - Headers: {'Content-Type': 'application/json', 'Accept': 'application/json', 'X-Auth-Token': '&lt;omitted&gt;'}
        Body: None
    Response - Headers: {'status': '200', 'content-length': '369', 'content-location': 'http://10.0.2.15:9696/v2.0/floatingips/eb3e7e15-417f-4e61-8151-42c1e93bc490', 'connection': 'close', 'date': 'Thu, 10 Dec 2015 05:27:25 GMT', 'content-type': 'application/json; charset=UTF-8', 'x-openstack-request-id': 'req-7386f096-48e1-4dc9-871c-b1bc8ea7a885'}
        Body: {"floatingip": {"floating_network_id": "565717e2-cef7-43f9-b90e-1b6011e49274", "router_id": "b839ae8c-7687-44bb-b90c-e93aa3507a13", "fixed_ip_address": "10.100.0.3", "floating_ip_address": "172.24.4.4", "tenant_id": "837ed50bce9c4006855b77e01630c51e", "status": "ACTIVE", "port_id": "32277d73-3a31-4539-9cd1-247a6e97eeac", "id": "eb3e7e15-417f-4e61-8151-42c1e93bc490"}}
2015-12-10 05:27:25,121 24749 INFO     [tempest.scenario.manager] FloatingIP: &lt;"FloatingIP" addr="172.24.4.4" id="eb3e7e15-417f-4e61-8151-42c1e93bc490"&gt; is at status: ACTIVE
2015-12-10 05:27:25,121 24749 DEBUG    [tempest.scenario.manager] checking network connections to IP 172.24.4.4 with user: cirros
2015-12-10 05:27:25,122 24749 DEBUG    [tempest.scenario.manager] TestNetworkAdvancedServerOps:test_server_connectivity_pause_unpause begins to ping 172.24.4.4 in 120 sec and the expected result is reachable
2015-12-10 05:29:25,439 24749 DEBUG    [tempest.scenario.manager] TestNetworkAdvancedServerOps:test_server_connectivity_pause_unpause finishes ping 172.24.4.4 in 120 sec and the ping result is unexpected
2015-12-10 05:29:25,440 24749 ERROR    [tempest.scenario.manager] Public network connectivity check failed
2015-12-10 05:29:25.440 24749 ERROR tempest.scenario.manager Traceback (most recent call last):
2015-12-10 05:29:25.440 24749 ERROR tempest.scenario.manager   File "tempest/scenario/manager.py", line 606, in check_public_network_connectivity
2015-12-10 05:29:25.440 24749 ERROR tempest.scenario.manager     should_connect=should_connect)
2015-12-10 05:29:25.440 24749 ERROR tempest.scenario.manager   File "tempest/scenario/manager.py", line 590, in check_vm_connectivity
2015-12-10 05:29:25.440 24749 ERROR tempest.scenario.manager     msg=msg)
2015-12-10 05:29:25.440 24749 ERROR tempest.scenario.manager   File "/usr/local/lib/python2.7/dist-packages/unittest2/case.py", line 702, in assertTrue
2015-12-10 05:29:25.440 24749 ERROR tempest.scenario.manager     raise self.failureException(msg)
2015-12-10 05:29:25.440 24749 ERROR tempest.scenario.manager AssertionError: False is not true : Timed out waiting for 172.24.4.4 to become reachable
2015-12-10 05:29:25.440 24749 ERROR tempest.scenario.manager 
2015-12-10 05:29:25,665 24749 INFO     [tempest_lib.common.rest_client] Request (TestNetworkAdvancedServerOps:test_server_connectivity_pause_unpause): 200 POST http://10.0.2.15:8774/v2.1/837ed50bce9c4006855b77e01630c51e/servers/8ff0f3fc-46ac-42b8-8187-d0d7b9589dc0/action 0.221s
2015-12-10 05:29:25,667 24749 DEBUG    [tempest_lib.common.rest_client] Request - Headers: {'Content-Type': 'application/json', 'Accept': 'application/json', 'X-Auth-Token': '&lt;omitted&gt;'}
        Body: {"os-getConsoleOutput": {}}
    Response - Headers: {'status': '200', 'content-length': '17429', 'x-compute-request-id': 'req-39906232-2d0c-4ef8-a3f6-dcedc33d7ead', 'vary': 'X-OpenStack-Nova-API-Version', 'connection': 'close', 'x-openstack-nova-api-version': '2.1', 'date': 'Thu, 10 Dec 2015 05:29:25 GMT', 'content-type': 'application/json'}
        Body: {"output": "[    0.000000] Initializing cgroup subsys cpuset\n[    0.000000] Initializing cgroup subsys cpu\n[    0.000000] Linux version 3.2.0-80-virtual (buildd@batsu) (gcc version 4.6.3 (Ubuntu/Linaro 4.6.3-1ubuntu5) ) #116-Ubuntu SMP Mon Mar 23 17:28:52 UTC 2015 (Ubuntu 3.2.0-80.116-virtual 3.2.68)\n[    0.000000] Command line: root=/dev/vda console=tty0 console=ttyS0 no_timer_check\n[    0.000000] KERNEL supported cpus:\n[    0.000000]   Intel GenuineIntel\n[    0.000000]   AMD AuthenticAMD\n[    0.000000]   Centaur CentaurHauls\n[    0.000000] BIOS-provided physical RAM map:\n[    0.000000]  BIOS-e820: 0000000000000000 - 000000000009fc00 (usable)\n[    0.000000]  BIOS-e820: 000000000009fc00 - 00000000000a0000 (reserved)\n[    0.000000]  BIOS-e820: 00000000000f0000 - 0000000000100000 (reserved)\n[    0.000000]  BIOS-e820: 0000000000100000 - 0000000003ffe000 (usable)\n[    0.000000]  BIOS-e820: 0000000003ffe000 - 0000000004000000 (reserved)\n[    0.000000]  BIOS-e820: 00000000fffc0000 - 0000000100000000 (reserved)\n[    0.000000] NX (Execute Disable) protection: active\n[    0.000000] SMBIOS 2.4 present.\n[    0.000000] No AGP bridge found\n[    0.000000] last_pfn = 0x3ffe max_arch_pfn = 0x400000000\n[    0.000000] x86 PAT enabled: cpu 0, old 0x7040600070406, new 0x7010600070106\n[    0.000000] found SMP MP-table at [ffff8800000f0b00] f0b00\n[    0.000000] init_memory_mapping: 0000000000000000-0000000003ffe000\n[    0.000000] RAMDISK: 03c5e000 - 03ff0000\n[    0.000000] ACPI: RSDP 00000000000f0950 00014 (v00 BOCHS )\n[    0.000000] ACPI: RSDT 0000000003fffbc1 00034 (v01 BOCHS  BXPCRSDT 00000001 BXPC 00000001)\n[    0.000000] ACPI: FACP 0000000003fff1c0 00074 (v01 BOCHS  BXPCFACP 00000001 BXPC 00000001)\n[    0.000000] ACPI: DSDT 0000000003ffe040 01180 (v01 BOCHS  BXPCDSDT 00000001 BXPC 00000001)\n[    0.000000] ACPI: FACS 0000000003ffe000 00040\n[    0.000000] ACPI: SSDT 0000000003fff234 008DD (v01 BOCHS  BXPCSSDT 00000001 BXPC 00000001)\n[    0.000000] ACPI: APIC 0000000003fffb11 00078 (v01 BOCHS  BXPCAPIC 00000001 BXPC 00000001)\n[    0.000000] ACPI: HPET 0000000003fffb89 00038 (v01 BOCHS  BXPCHPET 00000001 BXPC 00000001)\n[    0.000000] No NUMA configuration found\n[    0.000000] Faking a node at 0000000000000000-0000000003ffe000\n[    0.000000] Initmem setup node 0 0000000000000000-0000000003ffe000\n[    0.000000]   NODE_DATA [0000000003ff6000 - 0000000003ffafff]\n[    0.000000] Zone PFN ranges:\n[    0.000000]   DMA      0x00000010 -&gt; 0x00001000\n[    0.000000]   DMA32    0x00001000 -&gt; 0x00100000\n[    0.000000]   Normal   empty\n[    0.000000] Movable zone start PFN for each node\n[    0.000000] early_node_map[2] active PFN ranges\n[    0.000000]     0: 0x00000010 -&gt; 0x0000009f\n[    0.000000]     0: 0x00000100 -&gt; 0x00003ffe\n[    0.000000] ACPI: PM-Timer IO Port: 0xb008\n[    0.000000] ACPI: LAPIC (acpi_id[0x00] lapic_id[0x00] enabled)\n[    0.000000] ACPI: LAPIC_NMI (acpi_id[0xff] dfl dfl lint[0x1])\n[    0.000000] ACPI: IOAPIC (id[0x00] address[0xfec00000] gsi_base[0])\n[    0.000000] IOAPIC[0]: apic_id 0, version 17, address 0xfec00000, GSI 0-23\n[    0.000000] ACPI: INT_SRC_OVR (bus 0 bus_irq 0 global_irq 2 dfl dfl)\n[    0.000000] ACPI: INT_SRC_OVR (bus 0 bus_irq 5 global_irq 5 high level)\n[    0.000000] ACPI: INT_SRC_OVR (bus 0 bus_irq 9 global_irq 9 high level)\n[    0.000000] ACPI: INT_SRC_OVR (bus 0 bus_irq 10 global_irq 10 high level)\n[    0.000000] ACPI: INT_SRC_OVR (bus 0 bus_irq 11 global_irq 11 high level)\n[    0.000000] Using ACPI (MADT) for SMP configuration information\n[    0.000000] ACPI: HPET id: 0x8086a201 base: 0xfed00000\n[    0.000000] SMP: Allowing 1 CPUs, 0 hotplug CPUs\n[    0.000000] PM: Registered nosave memory: 000000000009f000 - 00000000000a0000\n[    0.000000] PM: Registered nosave memory: 00000000000a0000 - 00000000000f0000\n[    0.000000] PM: Registered nosave memory: 00000000000f0000 - 0000000000100000\n[    0.000000] Allocating PCI resources starting at 4000000 (gap: 4000000:fbfc0000)\n[    0.000000] Booting paravirtualized kernel on bare hardware\n[    0.000000] setup_pe
2015-12-10 05:29:25,669 24749 DEBUG    [tempest.scenario.manager] Console output for 8ff0f3fc-46ac-42b8-8187-d0d7b9589dc0
body=
[    0.000000] Initializing cgroup subsys cpuset
[    0.000000] Initializing cgroup subsys cpu
[    0.000000] Linux version 3.2.0-80-virtual (buildd@batsu) (gcc version 4.6.3 (Ubuntu/Linaro 4.6.3-1ubuntu5) ) #116-Ubuntu SMP Mon Mar 23 17:28:52 UTC 2015 (Ubuntu 3.2.0-80.116-virtual 3.2.68)
[    0.000000] Command line: root=/dev/vda console=tty0 console=ttyS0 no_timer_check
[    0.000000] KERNEL supported cpus:
[    0.000000]   Intel GenuineIntel
[    0.000000]   AMD AuthenticAMD
[    0.000000]   Centaur CentaurHauls
[    0.000000] BIOS-provided physical RAM map:
[    0.000000]  BIOS-e820: 0000000000000000 - 000000000009fc00 (usable)
[    0.000000]  BIOS-e820: 000000000009fc00 - 00000000000a0000 (reserved)
[    0.000000]  BIOS-e820: 00000000000f0000 - 0000000000100000 (reserved)
[    0.000000]  BIOS-e820: 0000000000100000 - 0000000003ffe000 (usable)
[    0.000000]  BIOS-e820: 0000000003ffe000 - 0000000004000000 (reserved)
[    0.000000]  BIOS-e820: 00000000fffc0000 - 0000000100000000 (reserved)
[    0.000000] NX (Execute Disable) protection: active
[    0.000000] SMBIOS 2.4 present.
[    0.000000] No AGP bridge found
[    0.000000] last_pfn = 0x3ffe max_arch_pfn = 0x400000000
[    0.000000] x86 PAT enabled: cpu 0, old 0x7040600070406, new 0x7010600070106
[    0.000000] found SMP MP-table at [ffff8800000f0b00] f0b00
[    0.000000] init_memory_mapping: 0000000000000000-0000000003ffe000
[    0.000000] RAMDISK: 03c5e000 - 03ff0000
[    0.000000] ACPI: RSDP 00000000000f0950 00014 (v00 BOCHS )
[    0.000000] ACPI: RSDT 0000000003fffbc1 00034 (v01 BOCHS  BXPCRSDT 00000001 BXPC 00000001)
[    0.000000] ACPI: FACP 0000000003fff1c0 00074 (v01 BOCHS  BXPCFACP 00000001 BXPC 00000001)
[    0.000000] ACPI: DSDT 0000000003ffe040 01180 (v01 BOCHS  BXPCDSDT 00000001 BXPC 00000001)
[    0.000000] ACPI: FACS 0000000003ffe000 00040
[    0.000000] ACPI: SSDT 0000000003fff234 008DD (v01 BOCHS  BXPCSSDT 00000001 BXPC 00000001)
[    0.000000] ACPI: APIC 0000000003fffb11 00078 (v01 BOCHS  BXPCAPIC 00000001 BXPC 00000001)
[    0.000000] ACPI: HPET 0000000003fffb89 00038 (v01 BOCHS  BXPCHPET 00000001 BXPC 00000001)
[    0.000000] No NUMA configuration found
[    0.000000] Faking a node at 0000000000000000-0000000003ffe000
[    0.000000] Initmem setup node 0 0000000000000000-0000000003ffe000
[    0.000000]   NODE_DATA [0000000003ff6000 - 0000000003ffafff]
[    0.000000] Zone PFN ranges:
[    0.000000]   DMA      0x00000010 -&gt; 0x00001000
[    0.000000]   DMA32    0x00001000 -&gt; 0x00100000
[    0.000000]   Normal   empty
[    0.000000] Movable zone start PFN for each node
[    0.000000] early_node_map[2] active PFN ranges
[    0.000000]     0: 0x00000010 -&gt; 0x0000009f
[    0.000000]     0: 0x00000100 -&gt; 0x00003ffe
[    0.000000] ACPI: PM-Timer IO Port: 0xb008
[    0.000000] ACPI: LAPIC (acpi_id[0x00] lapic_id[0x00] enabled)
[    0.000000] ACPI: LAPIC_NMI (acpi_id[0xff] dfl dfl lint[0x1])
[    0.000000] ACPI: IOAPIC (id[0x00] address[0xfec00000] gsi_base[0])
[    0.000000] IOAPIC[0]: apic_id 0, version 17, address 0xfec00000, GSI 0-23
[    0.000000] ACPI: INT_SRC_OVR (bus 0 bus_irq 0 global_irq 2 dfl dfl)
[    0.000000] ACPI: INT_SRC_OVR (bus 0 bus_irq 5 global_irq 5 high level)
[    0.000000] ACPI: INT_SRC_OVR (bus 0 bus_irq 9 global_irq 9 high level)
[    0.000000] ACPI: INT_SRC_OVR (bus 0 bus_irq 10 global_irq 10 high level)
[    0.000000] ACPI: INT_SRC_OVR (bus 0 bus_irq 11 global_irq 11 high level)
[    0.000000] Using ACPI (MADT) for SMP configuration information
[    0.000000] ACPI: HPET id: 0x8086a201 base: 0xfed00000
[    0.000000] SMP: Allowing 1 CPUs, 0 hotplug CPUs
[    0.000000] PM: Registered nosave memory: 000000000009f000 - 00000000000a0000
[    0.000000] PM: Registered nosave memory: 00000000000a0000 - 00000000000f0000
[    0.000000] PM: Registered nosave memory: 00000000000f0000 - 0000000000100000
[    0.000000] Allocating PCI resources starting at 4000000 (gap: 4000000:fbfc0000)
[    0.000000] Booting paravirtualized kernel on bare hardware
[    0.000000] setup_percpu: NR_CPUS:64 nr_cpumask_bits:64 nr_cpu_ids:1 nr_node_ids:1
[    0.000000] PERCPU: Embedded 27 pages/cpu @ffff880003a00000 s78848 r8192 d23552 u2097152
[    0.000000] Built 1 zonelists in Node order, mobility grouping on.  Total pages: 16008
[    0.000000] Policy zone: DMA32
[    0.000000] Kernel command line: root=/dev/vda console=tty0 console=ttyS0 no_timer_check
[    0.000000] PID hash table entries: 256 (order: -1, 2048 bytes)
[    0.000000] Checking aperture...
[    0.000000] No AGP bridge found
[    0.000000] Memory: 43492k/65528k available (6576k kernel code, 452k absent, 21584k reserved, 6620k data, 928k init)
[    0.000000] SLUB: Genslabs=15, HWalign=64, Order=0-3, MinObjects=0, CPUs=1, Nodes=1
[    0.000000] Hierarchical RCU implementation.
[    0.000000] 	RCU dyntick-idle grace-period acceleration is enabled.
[    0.000000] NR_IRQS:4352 nr_irqs:256 16
[    0.000000] Console: colour VGA+ 80x25
[    0.000000] console [tty0] enabled
[    0.000000] console [ttyS0] enabled
[    0.000000] allocated 1048576 bytes of page_cgroup
[    0.000000] please try 'cgroup_disable=memory' option if you don't want memory cgroups
[    0.000000] Fast TSC calibration failed
[    0.000000] TSC: Unable to calibrate against PIT
[    0.000000] TSC: using HPET reference calibration
[    0.000000] Detected 2292.732 MHz processor.
[    0.032875] Calibrating delay loop (skipped), value calculated using timer frequency.. 4585.46 BogoMIPS (lpj=9170928)
[    0.036846] pid_max: default: 32768 minimum: 301
[    0.046920] Security Framework initialized
[    0.052731] AppArmor: AppArmor initialized
[    0.053425] Yama: becoming mindful.
[    0.061129] Dentry cache hash table entries: 8192 (order: 4, 65536 bytes)
[    0.062973] Inode-cache hash table entries: 4096 (order: 3, 32768 bytes)
[    0.068258] Mount-cache hash table entries: 256
[    0.092656] Initializing cgroup subsys cpuacct
[    0.093759] Initializing cgroup subsys memory
[    0.095180] Initializing cgroup subsys devices
[    0.096176] Initializing cgroup subsys freezer
[    0.096966] Initializing cgroup subsys blkio
[    0.097777] Initializing cgroup subsys perf_event
[    0.104255] mce: CPU supports 10 MCE banks
[    0.108233] SMP alternatives: switching to UP code
[    0.521667] Freeing SMP alternatives: 24k freed
[    0.524269] ACPI: Core revision 20110623
[    0.574201] ftrace: allocating 26610 entries in 105 pages
[    0.599290] ..TIMER: vector=0x30 apic1=0 pin1=2 apic2=-1 pin2=-1
[    0.600282] CPU0: AMD QEMU Virtual CPU version 2.0.0 stepping 03
[    0.608037] Performance Events: Broken PMU hardware detected, using software events only.
[    0.617682] NMI watchdog disabled (cpu0): hardware events not enabled
[    0.619262] Brought up 1 CPUs
[    0.620242] Total of 1 processors activated (4585.46 BogoMIPS).
[    0.646085] devtmpfs: initialized
[    0.677493] EVM: security.selinux
[    0.678057] EVM: security.SMACK64
[    0.678628] EVM: security.capability
[    0.699301] print_constraints: dummy: 
[    0.702075] RTC time:  5:27:26, date: 12/10/15
[    0.706229] NET: Registered protocol family 16
[    0.713719] ACPI: bus type pci registered
[    0.718707] PCI: Using configuration type 1 for base access
[    0.753132] bio: create slab &lt;bio-0&gt; at 0
[    0.758192] ACPI: Added _OSI(Module Device)
[    0.758828] ACPI: Added _OSI(Processor Device)
[    0.760112] ACPI: Added _OSI(3.0 _SCP Extensions)
[    0.760756] ACPI: Added _OSI(Processor Aggregator Device)
[    0.831041] ACPI: Interpreter enabled
[    0.832187] ACPI: (supports S0 S3 S4 S5)
[    0.834043] ACPI: Using IOAPIC for interrupt routing
[    0.913126] ACPI: No dock devices found.
[    0.913737] HEST: Table not found.
[    0.914384] PCI: Using host bridge windows from ACPI; if necessary, use "pci=nocrs" and report a bug
[    0.922079] ACPI: PCI Root Bridge [PCI0] (domain 0000 [bus 00-ff])
[    0.930073] pci_root PNP0A03:00: host bridge window [io  0x0000-0x0cf7]
[    0.931138] pci_root PNP0A03:00: host bridge window [io  0x0d00-0xadff]
[    0.932111] pci_root PNP0A03:00: host bridge window [io  0xae0f-0xaeff]
[    0.933108] pci_root PNP0A03:00: host bridge window [io  0xaf20-0xafdf]
[    0.934025] pci_root PNP0A03:00: host bridge window [io  0xafe4-0xffff]
[    0.936217] pci_root PNP0A03:00: host bridge window [mem 0x000a0000-0x000bffff]
[    0.937698] pci_root PNP0A03:00: host bridge window [mem 0x04000000-0xfebfffff]
[    0.969277] pci 0000:00:01.3: quirk: [io  0xb000-0xb03f] claimed by PIIX4 ACPI
[    0.970349] pci 0000:00:01.3: quirk: [io  0xb100-0xb10f] claimed by PIIX4 SMB
[    1.045566]  pci0000:00: Unable to request _OSC control (_OSC support mask: 0x1e)
[    1.102030] ACPI: PCI Interrupt Link [LNKA] (IRQs 5 *10 11)
[    1.105247] ACPI: PCI Interrupt Link [LNKB] (IRQs 5 *10 11)
[    1.107229] ACPI: PCI Interrupt Link [LNKC] (IRQs 5 10 *11)
[    1.109226] ACPI: PCI Interrupt Link [LNKD] (IRQs 5 10 *11)
[    1.112595] ACPI: PCI Interrupt Link [LNKS] (IRQs *9)
[    1.125137] vgaarb: device added: PCI:0000:00:02.0,decodes=io+mem,owns=io+mem,locks=none
[    1.127167] vgaarb: loaded
[    1.128266] vgaarb: bridge control possible 0000:00:02.0
[    1.137041] i2c-core: driver [aat2870] using legacy suspend method
[    1.138016] i2c-core: driver [aat2870] using legacy resume method
[    1.145238] SCSI subsystem initialized
[    1.148322] usbcore: registered new interface driver usbfs
[    1.149841] usbcore: registered new interface driver hub
[    1.151036] usbcore: registered new device driver usb
[    1.154780] PCI: Using ACPI for IRQ routing
[    1.165540] NetLabel: Initializing
[    1.165967] NetLabel:  domain hash size = 128
[    1.166493] NetLabel:  protocols = UNLABELED CIPSOv4
[    1.168871] NetLabel:  unlabeled traffic allowed by default
[    1.170940] HPET: 3 timers in total, 0 timers will be used for per-cpu timer
[    1.172415] hpet0: at MMIO 0xfed00000, IRQs 2, 8, 0
[    1.173362] hpet0: 3 comparators, 64-bit 100.000000 MHz counter
[    1.184949] Switching to clocksource hpet
[    1.426897] AppArmor: AppArmor Filesystem Enabled
[    1.430234] pnp: PnP ACPI init
[    1.431349] ACPI: bus type pnp registered
[    1.451775] pnp: PnP ACPI: found 9 devices
[    1.453593] ACPI: ACPI bus type pnp unregistered
[    1.515063] NET: Registered protocol family 2
[    1.555600] IP route cache hash table entries: 512 (order: 0, 4096 bytes)
[    1.563458] TCP established hash table entries: 2048 (order: 3, 32768 bytes)
[    1.565490] TCP bind hash table entries: 2048 (order: 3, 32768 bytes)
[    1.566456] TCP: Hash tables configured (established 2048 bind 2048)
[    1.567406] TCP reno registered
[    1.567979] UDP hash table entries: 128 (order: 0, 4096 bytes)
[    1.569518] UDP-Lite hash table entries: 128 (order: 0, 4096 bytes)
[    1.573252] NET: Registered protocol family 1
[    1.574125] pci 0000:00:00.0: Limiting direct PCI/PCI transfers
[    1.574941] pci 0000:00:01.0: PIIX3: Enabling Passive Release
[    1.575819] pci 0000:00:01.0: Activating ISA DMA hang workarounds
[    1.581947] ACPI: PCI Interrupt Link [LNKD] enabled at IRQ 11
[    1.583171] pci 0000:00:01.2: PCI INT D -&gt; Link[LNKD] -&gt; GSI 11 (level, high) -&gt; IRQ 11
[    1.585515] pci 0000:00:01.2: PCI INT D disabled
[    1.605878] Trying to unpack rootfs image as initramfs...
[    1.623080] audit: initializing netlink socket (disabled)
[    1.625328] type=2000 audit(1449725246.620:1): initialized
[    1.915500] HugeTLB registered 2 MB page size, pre-allocated 0 pages
[    1.991519] VFS: Disk quotas dquot_6.5.2
[    1.993807] Dquot-cache hash table entries: 512 (order 0, 4096 bytes)
[    2.007808] fuse init (API version 7.17)
[    2.011054] msgmni has been set to 84
[    2.047098] Block layer SCSI generic (bsg) driver version 0.4 loaded (major 253)
[    2.054296] io scheduler noop registered
[    2.054907] io scheduler deadline registered (default)
[    2.055978] io scheduler cfq registered
[    2.059405] pci_hotplug: PCI Hot Plug PCI Core version: 0.5
[    2.063398] pciehp: PCI Express Hot Plug Controller Driver version: 0.4
[    2.070847] input: Power Button as /devices/LNXSYSTM:00/LNXPWRBN:00/input/input0
[    2.073411] ACPI: Power Button [PWRF]
[    2.134714] ERST: Table is not found!
[    2.135272] GHES: HEST is not enabled!
[    2.139085] ACPI: PCI Interrupt Link [LNKC] enabled at IRQ 10
[    2.141109] virtio-pci 0000:00:03.0: PCI INT A -&gt; Link[LNKC] -&gt; GSI 10 (level, high) -&gt; IRQ 10
[    2.146096] virtio-pci 0000:00:04.0: PCI INT A -&gt; Link[LNKD] -&gt; GSI 11 (level, high) -&gt; IRQ 11
[    2.166179] ACPI: PCI Interrupt Link [LNKA] enabled at IRQ 10
[    2.167009] virtio-pci 0000:00:05.0: PCI INT A -&gt; Link[LNKA] -&gt; GSI 10 (level, high) -&gt; IRQ 10
[    2.177631] Serial: 8250/16550 driver, 32 ports, IRQ sharing enabled
[    2.230211] serial8250: ttyS0 at I/O 0x3f8 (irq = 4) is a 16550A
[    2.321006] serial8250: ttyS1 at I/O 0x2f8 (irq = 3) is a 16550A
[    2.446961] 00:05: ttyS0 at I/O 0x3f8 (irq = 4) is a 16550A
[    2.517018] 00:06: ttyS1 at I/O 0x2f8 (irq = 3) is a 16550A
[    2.562779] Linux agpgart interface v0.103
[    2.590353] Refined TSC clocksource calibration: 2292.779 MHz.
[    2.591264] Switching to clocksource tsc
[    2.623674] brd: module loaded
[    2.654790] loop: module loaded
[    2.710341]  vda: unknown partition table
[    2.758255] scsi0 : ata_piix
[    2.761536] scsi1 : ata_piix
[    2.762772] ata1: PATA max MWDMA2 cmd 0x1f0 ctl 0x3f6 bmdma 0xc0a0 irq 14
[    2.763569] ata2: PATA max MWDMA2 cmd 0x170 ctl 0x376 bmdma 0xc0a8 irq 15
[    2.773845] Fixed MDIO Bus: probed
[    2.774712] tun: Universal TUN/TAP device driver, 1.6
[    2.775306] tun: (C) 1999-2004 Max Krasnyansky &lt;maxk@qualcomm.com&gt;
[    2.787108] PPP generic driver version 2.4.2
[    2.815520] ehci_hcd: USB 2.0 'Enhanced' Host Controller (EHCI) Driver
[    2.818235] ohci_hcd: USB 1.1 'Open' Host Controller (OHCI) Driver
[    2.819052] uhci_hcd: USB Universal Host Controller Interface driver
[    2.821237] uhci_hcd 0000:00:01.2: PCI INT D -&gt; Link[LNKD] -&gt; GSI 11 (level, high) -&gt; IRQ 11
[    2.823999] uhci_hcd 0000:00:01.2: UHCI Host Controller
[    2.827403] uhci_hcd 0000:00:01.2: new USB bus registered, assigned bus number 1
[    2.830129] uhci_hcd 0000:00:01.2: irq 11, io base 0x0000c040
[    2.863784] hub 1-0:1.0: USB hub found
[    2.866806] hub 1-0:1.0: 2 ports detected
[    2.876774] usbcore: registered new interface driver libusual
[    2.880485] i8042: PNP: PS/2 Controller [PNP0303:KBD,PNP0f13:MOU] at 0x60,0x64 irq 1,12
[    2.888911] serio: i8042 KBD port at 0x60,0x64 irq 1
[    2.890723] serio: i8042 AUX port at 0x60,0x64 irq 12
[    2.931398] mousedev: PS/2 mouse device common for all mice
[    2.947458] input: AT Translated Set 2 keyboard as /devices/platform/i8042/serio0/input/input1
[    2.952947] rtc_cmos 00:01: RTC can wake from S4
[    2.983403] rtc_cmos 00:01: rtc core: registered rtc_cmos as rtc0
[    2.992154] rtc0: alarms up to one day, 114 bytes nvram, hpet irqs
[    2.998137] device-mapper: uevent: version 1.0.3
[    3.019641] ata2.01: ATAPI: QEMU DVD-ROM, 2.0.0, max UDMA/100
[    3.031384] ata2.01: configured for MWDMA2
[    3.066757] device-mapper: ioctl: 4.22.0-ioctl (2011-10-19) initialised: dm-devel@redhat.com
[    3.070535] cpuidle: using governor ladder
[    3.071799] cpuidle: using governor menu
[    3.072842] EFI Variables Facility v0.08 2004-May-17
[    3.082962] TCP cubic registered
[    3.096092] NET: Registered protocol family 10
[    3.141843] NET: Registered protocol family 17
[    3.143983] Registering the dns_resolver key type
[    3.159685] scsi 1:0:1:0: CD-ROM            QEMU     QEMU DVD-ROM     2.0. PQ: 0 ANSI: 5
[    3.197768] sr0: scsi3-mmc drive: 4x/4x cd/rw xa/form2 tray
[    3.199417] cdrom: Uniform CD-ROM driver Revision: 3.20
[    3.229184] sr 1:0:1:0: Attached scsi generic sg0 type 5
[    3.291479] registered taskstats version 1
[    3.397034] Freeing initrd memory: 3656k freed
[    3.882972]   Magic number: 11:242:466
[    3.890321] rtc_cmos 00:01: setting system clock to 2015-12-10 05:27:29 UTC (1449725249)
[    3.891601] powernow-k8: Processor cpuid 663 not supported
[    3.895701] BIOS EDD facility v0.16 2004-Jun-25, 0 devices found
[    3.896762] EDD information not available.
[    3.943107] Freeing unused kernel memory: 928k freed
[    3.946660] Write protecting the kernel read-only data: 12288k
[    4.022723] Freeing unused kernel memory: 1596k freed
[    4.085668] Freeing unused kernel memory: 1184k freed

info: initramfs: up at 4.26
modprobe: module virtio_blk not found in modules.dep
modprobe: module virtio_net not found in modules.dep
info: copying initramfs to /dev/vda
info: initramfs loading root from /dev/vda
info: /etc/init.d/rc.sysinit: up at 8.79
info: container: none
Starting logging: OK
modprobe: module virtio_blk not found in modules.dep
modprobe: module virtio_net not found in modules.dep
WARN: /etc/rc3.d/S10-load-modules failed
Initializing random number generator... done.
Starting acpid: OK
cirros-ds 'local' up at 11.34
found datasource (configdrive, local)
Starting network...
udhcpc (v1.20.1) started
Sending discover...
Sending discover...

2015-12-10 05:29:25,981 24749 INFO     [tempest_lib.common.rest_client] Request (TestNetworkAdvancedServerOps:_run_cleanups): 204 DELETE http://10.0.2.15:9696/v2.0/floatingips/eb3e7e15-417f-4e61-8151-42c1e93bc490 0.305s
2015-12-10 05:29:25,982 24749 DEBUG    [tempest_lib.common.rest_client] Request - Headers: {'Content-Type': 'application/json', 'Accept': 'application/json', 'X-Auth-Token': '&lt;omitted&gt;'}
        Body: None
    Response - Headers: {'date': 'Thu, 10 Dec 2015 05:29:25 GMT', 'status': '204', 'connection': 'close', 'content-length': '0', 'x-openstack-request-id': 'req-faf923fd-d524-4393-8f4a-763e1c34aea1'}
        Body: 
2015-12-10 05:29:26,206 24749 INFO     [tempest_lib.common.rest_client] Request (TestNetworkAdvancedServerOps:_run_cleanups): 204 DELETE http://10.0.2.15:8774/v2.1/837ed50bce9c4006855b77e01630c51e/servers/8ff0f3fc-46ac-42b8-8187-d0d7b9589dc0 0.224s
2015-12-10 05:29:26,207 24749 DEBUG    [tempest_lib.common.rest_client] Request - Headers: {'Content-Type': 'application/json', 'Accept': 'application/json', 'X-Auth-Token': '&lt;omitted&gt;'}
        Body: None
    Response - Headers: {'status': '204', 'content-length': '0', 'x-compute-request-id': 'req-ef836531-c4a0-491b-b46a-3f24f5da69b2', 'vary': 'X-OpenStack-Nova-API-Version', 'connection': 'close', 'x-openstack-nova-api-version': '2.1', 'date': 'Thu, 10 Dec 2015 05:29:26 GMT', 'content-type': 'application/json'}
        Body: 
2015-12-10 05:29:26,448 24749 INFO     [tempest_lib.common.rest_client] Request (TestNetworkAdvancedServerOps:_run_cleanups): 200 GET http://10.0.2.15:8774/v2.1/837ed50bce9c4006855b77e01630c51e/servers/8ff0f3fc-46ac-42b8-8187-d0d7b9589dc0 0.240s
2015-12-10 05:29:26,449 24749 DEBUG    [tempest_lib.common.rest_client] Request - Headers: {'Content-Type': 'application/json', 'Accept': 'application/json', 'X-Auth-Token': '&lt;omitted&gt;'}
        Body: None
    Response - Headers: {'status': '200', 'content-length': '1784', 'content-location': 'http://10.0.2.15:8774/v2.1/837ed50bce9c4006855b77e01630c51e/servers/8ff0f3fc-46ac-42b8-8187-d0d7b9589dc0', 'x-compute-request-id': 'req-3ea914f5-2908-4516-ab92-9703f16b5f20', 'vary': 'X-OpenStack-Nova-API-Version', 'connection': 'close', 'x-openstack-nova-api-version': '2.1', 'date': 'Thu, 10 Dec 2015 05:29:26 GMT', 'content-type': 'application/json'}
        Body: {"server": {"status": "ACTIVE", "updated": "2015-12-10T05:29:26Z", "hostId": "b40c1bdbe3f96c8a63be361445a37c936e8353f1a623eb7957a0b4c5", "addresses": {"tempest-network-smoke--2132873782": [{"OS-EXT-IPS-MAC:mac_addr": "fa:16:3e:be:74:52", "version": 4, "addr": "10.100.0.3", "OS-EXT-IPS:type": "fixed"}, {"OS-EXT-IPS-MAC:mac_addr": "fa:16:3e:be:74:52", "version": 4, "addr": "172.24.4.4", "OS-EXT-IPS:type": "floating"}]}, "links": [{"href": "http://10.0.2.15:8774/v2.1/837ed50bce9c4006855b77e01630c51e/servers/8ff0f3fc-46ac-42b8-8187-d0d7b9589dc0", "rel": "self"}, {"href": "http://10.0.2.15:8774/837ed50bce9c4006855b77e01630c51e/servers/8ff0f3fc-46ac-42b8-8187-d0d7b9589dc0", "rel": "bookmark"}], "key_name": "tempest-TestNetworkAdvancedServerOps-1867317534", "image": {"id": "8bf50a76-1ac3-4304-979a-98dd7babfe66", "links": [{"href": "http://10.0.2.15:8774/837ed50bce9c4006855b77e01630c51e/images/8bf50a76-1ac3-4304-979a-98dd7babfe66", "rel": "bookmark"}]}, "OS-EXT-STS:task_state": "deleting", "OS-EXT-STS:vm_state": "active", "OS-SRV-USG:launched_at": "2015-12-10T05:27:22.000000", "flavor": {"id": "42", "links": [{"href": "http://10.0.2.15:8774/837ed50bce9c4006855b77e01630c51e/flavors/42", "rel": "bookmark"}]}, "id": "8ff0f3fc-46ac-42b8-8187-d0d7b9589dc0", "security_groups": [{"name": "tempest-secgroup-smoke-889787061"}], "OS-SRV-USG:terminated_at": null, "OS-EXT-AZ:availability_zone": "nova", "user_id": "04ffa61d5f924fc2b6be33a38c8b3c03", "name": "tempest.common.compute-instance-423447594", "created": "2015-12-10T05:27:18Z", "tenant_id": "837ed50bce9c4006855b77e01630c51e", "OS-DCF:diskConfig": "MANUAL", "os-extended-volumes:volumes_attached": [], "accessIPv4": "", "accessIPv6": "", "progress": 0, "OS-EXT-STS:power_state": 1, "config_drive": "True", "metadata": {}}}
2015-12-10 05:29:27,598 24749 INFO     [tempest_lib.common.rest_client] Request (TestNetworkAdvancedServerOps:_run_cleanups): 200 GET http://10.0.2.15:8774/v2.1/837ed50bce9c4006855b77e01630c51e/servers/8ff0f3fc-46ac-42b8-8187-d0d7b9589dc0 0.131s
2015-12-10 05:29:27,598 24749 DEBUG    [tempest_lib.common.rest_client] Request - Headers: {'Content-Type': 'application/json', 'Accept': 'application/json', 'X-Auth-Token': '&lt;omitted&gt;'}
        Body: None
    Response - Headers: {'status': '200', 'content-length': '1717', 'content-location': 'http://10.0.2.15:8774/v2.1/837ed50bce9c4006855b77e01630c51e/servers/8ff0f3fc-46ac-42b8-8187-d0d7b9589dc0', 'x-compute-request-id': 'req-0ecd168a-63e6-4395-bb89-beadb895d014', 'vary': 'X-OpenStack-Nova-API-Version', 'connection': 'close', 'x-openstack-nova-api-version': '2.1', 'date': 'Thu, 10 Dec 2015 05:29:27 GMT', 'content-type': 'application/json'}
        Body: {"server": {"status": "ACTIVE", "updated": "2015-12-10T05:29:26Z", "hostId": "b40c1bdbe3f96c8a63be361445a37c936e8353f1a623eb7957a0b4c5", "addresses": {"tempest-network-smoke--2132873782": [{"OS-EXT-IPS-MAC:mac_addr": "fa:16:3e:be:74:52", "version": 4, "addr": "10.100.0.3", "OS-EXT-IPS:type": "fixed"}, {"OS-EXT-IPS-MAC:mac_addr": "fa:16:3e:be:74:52", "version": 4, "addr": "172.24.4.4", "OS-EXT-IPS:type": "floating"}]}, "links": [{"href": "http://10.0.2.15:8774/v2.1/837ed50bce9c4006855b77e01630c51e/servers/8ff0f3fc-46ac-42b8-8187-d0d7b9589dc0", "rel": "self"}, {"href": "http://10.0.2.15:8774/837ed50bce9c4006855b77e01630c51e/servers/8ff0f3fc-46ac-42b8-8187-d0d7b9589dc0", "rel": "bookmark"}], "key_name": "tempest-TestNetworkAdvancedServerOps-1867317534", "image": {"id": "8bf50a76-1ac3-4304-979a-98dd7babfe66", "links": [{"href": "http://10.0.2.15:8774/837ed50bce9c4006855b77e01630c51e/images/8bf50a76-1ac3-4304-979a-98dd7babfe66", "rel": "bookmark"}]}, "OS-EXT-STS:task_state": "deleting", "OS-EXT-STS:vm_state": "active", "OS-SRV-USG:launched_at": "2015-12-10T05:27:22.000000", "flavor": {"id": "42", "links": [{"href": "http://10.0.2.15:8774/837ed50bce9c4006855b77e01630c51e/flavors/42", "rel": "bookmark"}]}, "id": "8ff0f3fc-46ac-42b8-8187-d0d7b9589dc0", "OS-SRV-USG:terminated_at": null, "OS-EXT-AZ:availability_zone": "nova", "user_id": "04ffa61d5f924fc2b6be33a38c8b3c03", "name": "tempest.common.compute-instance-423447594", "created": "2015-12-10T05:27:18Z", "tenant_id": "837ed50bce9c4006855b77e01630c51e", "OS-DCF:diskConfig": "MANUAL", "os-extended-volumes:volumes_attached": [], "accessIPv4": "", "accessIPv6": "", "progress": 0, "OS-EXT-STS:power_state": 1, "config_drive": "True", "metadata": {}}}
2015-12-10 05:29:28,699 24749 INFO     [tempest_lib.common.rest_client] Request (TestNetworkAdvancedServerOps:_run_cleanups): 404 GET http://10.0.2.15:8774/v2.1/837ed50bce9c4006855b77e01630c51e/servers/8ff0f3fc-46ac-42b8-8187-d0d7b9589dc0 0.089s
2015-12-10 05:29:28,700 24749 DEBUG    [tempest_lib.common.rest_client] Request - Headers: {'Content-Type': 'application/json', 'Accept': 'application/json', 'X-Auth-Token': '&lt;omitted&gt;'}
        Body: None
    Response - Headers: {'status': '404', 'content-length': '111', 'x-compute-request-id': 'req-0d12ea20-368a-4992-aa91-06576fe5ae5d', 'vary': 'X-OpenStack-Nova-API-Version', 'connection': 'close', 'x-openstack-nova-api-version': '2.1', 'date': 'Thu, 10 Dec 2015 05:29:28 GMT', 'content-type': 'application/json; charset=UTF-8'}
        Body: {"itemNotFound": {"message": "Instance 8ff0f3fc-46ac-42b8-8187-d0d7b9589dc0 could not be found.", "code": 404}}
2015-12-10 05:29:29,156 24749 INFO     [tempest_lib.common.rest_client] Request (TestNetworkAdvancedServerOps:_run_cleanups): 200 PUT http://10.0.2.15:9696/v2.0/routers/b839ae8c-7687-44bb-b90c-e93aa3507a13/remove_router_interface 0.455s
2015-12-10 05:29:29,156 24749 DEBUG    [tempest_lib.common.rest_client] Request - Headers: {'Content-Type': 'application/json', 'Accept': 'application/json', 'X-Auth-Token': '&lt;omitted&gt;'}
        Body: {"subnet_id": "7fdc7761-35d9-4b31-a5e9-b6ec564ca3cb"}
    Response - Headers: {'status': '200', 'content-length': '255', 'connection': 'close', 'date': 'Thu, 10 Dec 2015 05:29:29 GMT', 'content-type': 'application/json; charset=UTF-8', 'x-openstack-request-id': 'req-785bff38-24ce-4535-a30a-1a250deb9c55'}
        Body: {"subnet_id": "7fdc7761-35d9-4b31-a5e9-b6ec564ca3cb", "tenant_id": "837ed50bce9c4006855b77e01630c51e", "subnet_ids": ["7fdc7761-35d9-4b31-a5e9-b6ec564ca3cb"], "port_id": "efb7bc3e-4063-46d8-8b87-447347c24225", "id": "b839ae8c-7687-44bb-b90c-e93aa3507a13"}
2015-12-10 05:29:29,679 24749 INFO     [tempest_lib.common.rest_client] Request (TestNetworkAdvancedServerOps:_run_cleanups): 204 DELETE http://10.0.2.15:9696/v2.0/subnets/7fdc7761-35d9-4b31-a5e9-b6ec564ca3cb 0.522s
2015-12-10 05:29:29,679 24749 DEBUG    [tempest_lib.common.rest_client] Request - Headers: {'Content-Type': 'application/json', 'Accept': 'application/json', 'X-Auth-Token': '&lt;omitted&gt;'}
        Body: None
    Response - Headers: {'date': 'Thu, 10 Dec 2015 05:29:29 GMT', 'status': '204', 'connection': 'close', 'content-length': '0', 'x-openstack-request-id': 'req-fa45c124-53f0-44ec-bbb2-7d2aa4775674'}
        Body: 
2015-12-10 05:29:29,765 24749 INFO     [tempest_lib.common.rest_client] Request (TestNetworkAdvancedServerOps:_run_cleanups): 200 GET http://10.0.2.15:9696/v2.0/routers/b839ae8c-7687-44bb-b90c-e93aa3507a13 0.084s
2015-12-10 05:29:29,765 24749 DEBUG    [tempest_lib.common.rest_client] Request - Headers: {'Content-Type': 'application/json', 'Accept': 'application/json', 'X-Auth-Token': '&lt;omitted&gt;'}
        Body: None
    Response - Headers: {'status': '200', 'content-length': '564', 'content-location': 'http://10.0.2.15:9696/v2.0/routers/b839ae8c-7687-44bb-b90c-e93aa3507a13', 'connection': 'close', 'date': 'Thu, 10 Dec 2015 05:29:29 GMT', 'content-type': 'application/json; charset=UTF-8', 'x-openstack-request-id': 'req-96c2c89f-03ce-4266-8578-fbb8ce668abf'}
        Body: {"router": {"status": "ACTIVE", "external_gateway_info": {"network_id": "565717e2-cef7-43f9-b90e-1b6011e49274", "enable_snat": true, "external_fixed_ips": [{"subnet_id": "671d93ae-4164-4b4d-a824-0e7bb4fc5330", "ip_address": "172.24.4.3"}, {"subnet_id": "00664243-c5eb-41d6-81dd-6e8e1990bad8", "ip_address": "2001:db8::3"}]}, "availability_zone_hints": [], "availability_zones": ["nova"], "name": "tempest-router-smoke-1307321134", "admin_state_up": true, "tenant_id": "837ed50bce9c4006855b77e01630c51e", "routes": [], "id": "b839ae8c-7687-44bb-b90c-e93aa3507a13"}}
2015-12-10 05:29:30,366 24749 INFO     [tempest_lib.common.rest_client] Request (TestNetworkAdvancedServerOps:_run_cleanups): 200 PUT http://10.0.2.15:9696/v2.0/routers/b839ae8c-7687-44bb-b90c-e93aa3507a13 0.600s
2015-12-10 05:29:30,366 24749 DEBUG    [tempest_lib.common.rest_client] Request - Headers: {'Content-Type': 'application/json', 'Accept': 'application/json', 'X-Auth-Token': '&lt;omitted&gt;'}
        Body: {"router": {"external_gateway_info": {}, "name": "tempest-router-smoke-1307321134", "admin_state_up": true}}
    Response - Headers: {'status': '200', 'content-length': '302', 'connection': 'close', 'date': 'Thu, 10 Dec 2015 05:29:30 GMT', 'content-type': 'application/json; charset=UTF-8', 'x-openstack-request-id': 'req-01d1b347-4f53-44e1-a70a-7e47318273c8'}
        Body: {"router": {"status": "ACTIVE", "external_gateway_info": null, "availability_zone_hints": [], "availability_zones": ["nova"], "name": "tempest-router-smoke-1307321134", "admin_state_up": true, "tenant_id": "837ed50bce9c4006855b77e01630c51e", "routes": [], "id": "b839ae8c-7687-44bb-b90c-e93aa3507a13"}}
2015-12-10 05:29:30,625 24749 INFO     [tempest_lib.common.rest_client] Request (TestNetworkAdvancedServerOps:_run_cleanups): 204 DELETE http://10.0.2.15:9696/v2.0/routers/b839ae8c-7687-44bb-b90c-e93aa3507a13 0.258s
2015-12-10 05:29:30,626 24749 DEBUG    [tempest_lib.common.rest_client] Request - Headers: {'Content-Type': 'application/json', 'Accept': 'application/json', 'X-Auth-Token': '&lt;omitted&gt;'}
        Body: None
    Response - Headers: {'date': 'Thu, 10 Dec 2015 05:29:30 GMT', 'status': '204', 'connection': 'close', 'content-length': '0', 'x-openstack-request-id': 'req-73b5f556-df95-4b84-9107-d137935c0d3d'}
        Body: 
2015-12-10 05:29:30,846 24749 INFO     [tempest_lib.common.rest_client] Request (TestNetworkAdvancedServerOps:_run_cleanups): 204 DELETE http://10.0.2.15:9696/v2.0/networks/cc36ea35-2e1a-4bc9-8c1e-4266dde3c3e3 0.219s
2015-12-10 05:29:30,846 24749 DEBUG    [tempest_lib.common.rest_client] Request - Headers: {'Content-Type': 'application/json', 'Accept': 'application/json', 'X-Auth-Token': '&lt;omitted&gt;'}
        Body: None
    Response - Headers: {'date': 'Thu, 10 Dec 2015 05:29:30 GMT', 'status': '204', 'connection': 'close', 'content-length': '0', 'x-openstack-request-id': 'req-d452c2a6-b8b9-404b-b7d3-d01f8680019c'}
        Body: 
2015-12-10 05:29:30,914 24749 INFO     [tempest_lib.common.rest_client] Request (TestNetworkAdvancedServerOps:_run_cleanups): 204 DELETE http://10.0.2.15:9696/v2.0/security-group-rules/6f117f92-30e4-4ce2-b04a-d29c46f00a98 0.066s
2015-12-10 05:29:30,914 24749 DEBUG    [tempest_lib.common.rest_client] Request - Headers: {'Content-Type': 'application/json', 'Accept': 'application/json', 'X-Auth-Token': '&lt;omitted&gt;'}
        Body: None
    Response - Headers: {'date': 'Thu, 10 Dec 2015 05:29:30 GMT', 'status': '204', 'connection': 'close', 'content-length': '0', 'x-openstack-request-id': 'req-f45a42f4-40d6-42db-a221-6c5ca8930338'}
        Body: 
2015-12-10 05:29:30,973 24749 INFO     [tempest_lib.common.rest_client] Request (TestNetworkAdvancedServerOps:_run_cleanups): 204 DELETE http://10.0.2.15:9696/v2.0/security-group-rules/0ef0b2f7-531b-41f3-93fb-c7d2d5c4ac95 0.058s
2015-12-10 05:29:30,974 24749 DEBUG    [tempest_lib.common.rest_client] Request - Headers: {'Content-Type': 'application/json', 'Accept': 'application/json', 'X-Auth-Token': '&lt;omitted&gt;'}
        Body: None
    Response - Headers: {'date': 'Thu, 10 Dec 2015 05:29:30 GMT', 'status': '204', 'connection': 'close', 'content-length': '0', 'x-openstack-request-id': 'req-0aa9088a-e4b9-419a-a769-49f2890480c2'}
        Body: 
2015-12-10 05:29:31,037 24749 INFO     [tempest_lib.common.rest_client] Request (TestNetworkAdvancedServerOps:_run_cleanups): 204 DELETE http://10.0.2.15:9696/v2.0/security-group-rules/71ceb772-94cd-44fb-aa3f-0e50b4ca786b 0.062s
2015-12-10 05:29:31,038 24749 DEBUG    [tempest_lib.common.rest_client] Request - Headers: {'Content-Type': 'application/json', 'Accept': 'application/json', 'X-Auth-Token': '&lt;omitted&gt;'}
        Body: None
    Response - Headers: {'date': 'Thu, 10 Dec 2015 05:29:31 GMT', 'status': '204', 'connection': 'close', 'content-length': '0', 'x-openstack-request-id': 'req-3d26596f-a6b7-429e-bfdd-445860a17128'}
        Body: 
2015-12-10 05:29:31,096 24749 INFO     [tempest_lib.common.rest_client] Request (TestNetworkAdvancedServerOps:_run_cleanups): 204 DELETE http://10.0.2.15:9696/v2.0/security-group-rules/4fef0d2a-c82c-4712-b6d0-66bd627535ee 0.056s
2015-12-10 05:29:31,097 24749 DEBUG    [tempest_lib.common.rest_client] Request - Headers: {'Content-Type': 'application/json', 'Accept': 'application/json', 'X-Auth-Token': '&lt;omitted&gt;'}
        Body: None
    Response - Headers: {'date': 'Thu, 10 Dec 2015 05:29:31 GMT', 'status': '204', 'connection': 'close', 'content-length': '0', 'x-openstack-request-id': 'req-24b7a9bf-7f1a-4c40-b482-bd2cf3c0b5c3'}
        Body: 
2015-12-10 05:29:31,159 24749 INFO     [tempest_lib.common.rest_client] Request (TestNetworkAdvancedServerOps:_run_cleanups): 204 DELETE http://10.0.2.15:9696/v2.0/security-group-rules/aa96e295-1db1-4801-b035-341552a11289 0.061s
2015-12-10 05:29:31,159 24749 DEBUG    [tempest_lib.common.rest_client] Request - Headers: {'Content-Type': 'application/json', 'Accept': 'application/json', 'X-Auth-Token': '&lt;omitted&gt;'}
        Body: None
    Response - Headers: {'date': 'Thu, 10 Dec 2015 05:29:31 GMT', 'status': '204', 'connection': 'close', 'content-length': '0', 'x-openstack-request-id': 'req-aa2fd916-edf3-4c48-8ee5-f8f562a32cd3'}
        Body: 
2015-12-10 05:29:31,224 24749 INFO     [tempest_lib.common.rest_client] Request (TestNetworkAdvancedServerOps:_run_cleanups): 204 DELETE http://10.0.2.15:9696/v2.0/security-group-rules/dd292bc4-c91d-4fe3-84c1-4189181ce2f4 0.064s
2015-12-10 05:29:31,224 24749 DEBUG    [tempest_lib.common.rest_client] Request - Headers: {'Content-Type': 'application/json', 'Accept': 'application/json', 'X-Auth-Token': '&lt;omitted&gt;'}
        Body: None
    Response - Headers: {'date': 'Thu, 10 Dec 2015 05:29:31 GMT', 'status': '204', 'connection': 'close', 'content-length': '0', 'x-openstack-request-id': 'req-e2c85ae2-d554-49d4-9fff-22002bb55525'}
        Body: 
2015-12-10 05:29:31,338 24749 INFO     [tempest_lib.common.rest_client] Request (TestNetworkAdvancedServerOps:_run_cleanups): 204 DELETE http://10.0.2.15:9696/v2.0/security-groups/11db90a0-3b07-4842-9b5f-5bf4f56bd272 0.113s
2015-12-10 05:29:31,339 24749 DEBUG    [tempest_lib.common.rest_client] Request - Headers: {'Content-Type': 'application/json', 'Accept': 'application/json', 'X-Auth-Token': '&lt;omitted&gt;'}
        Body: None
    Response - Headers: {'date': 'Thu, 10 Dec 2015 05:29:31 GMT', 'status': '204', 'connection': 'close', 'content-length': '0', 'x-openstack-request-id': 'req-aa936bef-22c6-4e66-aff9-93f894c55e37'}
        Body: 
2015-12-10 05:29:31,358 24749 INFO     [tempest_lib.common.rest_client] Request (TestNetworkAdvancedServerOps:_run_cleanups): 202 DELETE http://10.0.2.15:8774/v2.1/837ed50bce9c4006855b77e01630c51e/os-keypairs/tempest-TestNetworkAdvancedServerOps-1867317534 0.018s
2015-12-10 05:29:31,358 24749 DEBUG    [tempest_lib.common.rest_client] Request - Headers: {'Content-Type': 'application/json', 'Accept': 'application/json', 'X-Auth-Token': '&lt;omitted&gt;'}
        Body: None
    Response - Headers: {'status': '202', 'content-length': '0', 'x-compute-request-id': 'req-00230869-31b9-4a91-b165-780c91ad775e', 'vary': 'X-OpenStack-Nova-API-Version', 'connection': 'close', 'x-openstack-nova-api-version': '2.1', 'date': 'Thu, 10 Dec 2015 05:29:31 GMT', 'content-type': 'application/json'}
        Body: 
2015-12-10 05:29:31,440 24749 INFO     [tempest_lib.common.rest_client] Request (TestNetworkAdvancedServerOps:_run_cleanups): 404 GET http://10.0.2.15:8774/v2.1/837ed50bce9c4006855b77e01630c51e/servers/8ff0f3fc-46ac-42b8-8187-d0d7b9589dc0 0.080s
2015-12-10 05:29:31,440 24749 DEBUG    [tempest_lib.common.rest_client] Request - Headers: {'Content-Type': 'application/json', 'Accept': 'application/json', 'X-Auth-Token': '&lt;omitted&gt;'}
        Body: None
    Response - Headers: {'status': '404', 'content-length': '111', 'x-compute-request-id': 'req-7c669c90-beed-4cba-b611-077e4aa8f216', 'vary': 'X-OpenStack-Nova-API-Version', 'connection': 'close', 'x-openstack-nova-api-version': '2.1', 'date': 'Thu, 10 Dec 2015 05:29:31 GMT', 'content-type': 'application/json; charset=UTF-8'}
        Body: {"itemNotFound": {"message": "Instance 8ff0f3fc-46ac-42b8-8187-d0d7b9589dc0 could not be found.", "code": 404}}
}}}

Traceback (most recent call last):
  File "tempest/test.py", line 113, in wrapper
    return f(self, *func_args, **func_kwargs)
  File "tempest/scenario/test_network_advanced_server_ops.py", line 134, in test_server_connectivity_pause_unpause
    server, keypair, floating_ip = self._setup_network_and_servers()
  File "tempest/scenario/test_network_advanced_server_ops.py", line 71, in _setup_network_and_servers
    server, keypair, floating_ip)
  File "tempest/scenario/test_network_advanced_server_ops.py", line 95, in _wait_server_status_and_check_network_connectivity
    self._check_network_connectivity(server, keypair, floating_ip)
  File "tempest/scenario/test_network_advanced_server_ops.py", line 88, in _check_network_connectivity
    servers=[server])
  File "tempest/scenario/manager.py", line 606, in check_public_network_connectivity
    should_connect=should_connect)
  File "tempest/scenario/manager.py", line 590, in check_vm_connectivity
    msg=msg)
  File "/usr/local/lib/python2.7/dist-packages/unittest2/case.py", line 702, in assertTrue
    raise self.failureException(msg)
AssertionError: False is not true : Timed out waiting for 172.24.4.4 to become reachable



        </pre>
    </div>
    <!--css div popup end-->

    </td>
</tr>

<tr id='ft1.2' class='none'>
    <td class='failCase'><div class='testcase'>test_server_connectivity_reboot[compute,id-7b6860c2-afa3-4846-9522-adeb38dfbe08,network]</div></td>
    <td colspan='7' align='left'>

    <!--css div popup start-->
    <a class="popup_link" onfocus='this.blur();'
    href="javascript:showTestDetail('div_ft1.2')" >
        fail</a>

    <div id='div_ft1.2' class="popup_window">
        <div style='text-align: right; color:red;cursor:pointer'>
        <a onfocus='this.blur();'
onclick="document.getElementById('div_ft1.2').style.display = 'none' " >
           [x]</a>
        </div>
