<?xml version="1.0" encoding="UTF-8"?>
<!DOCTYPE html PUBLIC "-//W3C//DTD XHTML 1.0 Strict//EN"
     "http://www.w3.org/TR/xhtml1/DTD/xhtml1-strict.dtd">
<html xmlns="http://www.w3.org/1999/xhtml">
<head>
    <title>Unit Test Report</title>
    <meta name="generator" content="subunit2html 0.1"/>
    <meta http-equiv="Content-Type" content="text/html; charset=UTF-8"/>
    
<style type="text/css" media="screen">
body        { font-family: verdana, arial, helvetica, sans-serif;
    font-size: 80%; }
table       { font-size: 100%; width: 100%;}
pre         { font-size: 80%; }

/* -- heading -------------------------------------------------------------- */
h1 {
        font-size: 16pt;
        color: gray;
}
.heading {
    margin-top: 0ex;
    margin-bottom: 1ex;
}

.heading .attribute {
    margin-top: 1ex;
    margin-bottom: 0;
}

.heading .description {
    margin-top: 4ex;
    margin-bottom: 6ex;
}

/* -- css div popup -------------------------------------------------------- */
a.popup_link {
}

a.popup_link:hover {
    color: red;
}

.popup_window {
    display: none;
    overflow-x: scroll;
    /*border: solid #627173 1px; */
    padding: 10px;
    background-color: #E6E6D6;
    font-family: "Ubuntu Mono", "Lucida Console", "Courier New", monospace;
    text-align: left;
    font-size: 8pt;
}

}
/* -- report --------------------------------------------------------------- */
#show_detail_line {
    margin-top: 3ex;
    margin-bottom: 1ex;
}
#result_table {
    width: 100%;
    border-collapse: collapse;
    border: 1px solid #777;
}
#header_row {
    font-weight: bold;
    color: white;
    background-color: #777;
}
#result_table td {
    border: 1px solid #777;
    padding: 2px;
}
#total_row  { font-weight: bold; }
.passClass  { background-color: #6c6; }
.failClass  { background-color: #c60; }
.errorClass { background-color: #c00; }
.passCase   { color: #6c6; }
.failCase   { color: #c60; font-weight: bold; }
.errorCase  { color: #c00; font-weight: bold; }
.hiddenRow  { display: none; }
.testcase   { margin-left: 2em; }
td.testname {width: 40%}
td.small {width: 40px}

/* -- ending --------------------------------------------------------------- */
#ending {
}

</style>

</head>
<body>
<script language="javascript" type="text/javascript"><!--
output_list = Array();

/* level - 0:Summary; 1:Failed; 2:All */
function showCase(level) {
    trs = document.getElementsByTagName("tr");
    for (var i = 0; i < trs.length; i++) {
        tr = trs[i];
        id = tr.id;
        if (id.substr(0,2) == 'ft') {
            if (level < 1) {
                tr.className = 'hiddenRow';
            }
            else {
                tr.className = '';
            }
        }
        if (id.substr(0,2) == 'pt') {
            if (level > 1) {
                tr.className = '';
            }
            else {
                tr.className = 'hiddenRow';
            }
        }
    }
}


function showClassDetail(cid, count) {
    var id_list = Array(count);
    var toHide = 1;
    for (var i = 0; i < count; i++) {
        tid0 = 't' + cid.substr(1) + '.' + (i+1);
        tid = 'f' + tid0;
        tr = document.getElementById(tid);
        if (!tr) {
            tid = 'p' + tid0;
            tr = document.getElementById(tid);
        }
        id_list[i] = tid;
        if (tr.className) {
            toHide = 0;
        }
    }
    for (var i = 0; i < count; i++) {
        tid = id_list[i];
        if (toHide) {
            document.getElementById('div_'+tid).style.display = 'none'
            document.getElementById(tid).className = 'hiddenRow';
        }
        else {
            document.getElementById(tid).className = '';
        }
    }
}


function showTestDetail(div_id){
    var details_div = document.getElementById(div_id)
    var displayState = details_div.style.display
    // alert(displayState)
    if (displayState != 'block' ) {
        displayState = 'block'
        details_div.style.display = 'block'
    }
    else {
        details_div.style.display = 'none'
    }
}


function html_escape(s) {
    s = s.replace(/&/g,'&amp;');
    s = s.replace(/</g,'&lt;');
    s = s.replace(/>/g,'&gt;');
    return s;
}

/* obsoleted by detail in <div>
function showOutput(id, name) {
    var w = window.open("", //url
                    name,
                    "resizable,scrollbars,status,width=800,height=450");
    d = w.document;
    d.write("<pre>");
    d.write(html_escape(output_list[id]));
    d.write("\n");
    d.write("<a href='javascript:window.close()'>close</a>\n");
    d.write("</pre>\n");
    d.close();
}
*/
--></script>

<div class='heading'>
<h1>Unit Test Report</h1>

<p class='attribute'><strong>Status:</strong> Failure 6</p>

<p class='description'></p>
</div>



<p id='show_detail_line'>Show
<a href='javascript:showCase(0)'>Summary</a>
<a href='javascript:showCase(1)'>Failed</a>
<a href='javascript:showCase(2)'>All</a>
</p>
<table id='result_table'>
<colgroup>
<col align='left' />
<col align='right' />
<col align='right' />
<col align='right' />
<col align='right' />
<col align='right' />
<col align='right' />
<col align='right' />
</colgroup>
<tr id='header_row'>
    <td>Test Group/Test case</td>
    <td>Count</td>
    <td>Pass</td>
    <td>Fail</td>
    <td>Error</td>
    <td>Skip</td>
    <td>View</td>
    <td> </td>
</tr>

<tr class='failClass'>
    <td class="testname">tempest.scenario.test_network_advanced_server_ops.TestNetworkAdvancedServerOps</td>
    <td class="small">6</td>
    <td class="small">0</td>
    <td class="small">6</td>
    <td class="small">0</td>
    <td class="small">0</td>
    <td class="small"><a href="javascript:showClassDetail('c1',6)"
>Detail</a></td>
    <td> </td>
</tr>

<tr id='ft1.1' class='none'>
    <td class='failCase'><div class='testcase'>test_server_connectivity_pause_unpause[compute,id-2b2642db-6568-4b35-b812-eceed3fa20ce,network]</div></td>
    <td colspan='7' align='left'>

    <!--css div popup start-->
    <a class="popup_link" onfocus='this.blur();'
    href="javascript:showTestDetail('div_ft1.1')" >
        fail</a>

    <div id='div_ft1.1' class="popup_window">
        <div style='text-align: right; color:red;cursor:pointer'>
        <a onfocus='this.blur();'
onclick="document.getElementById('div_ft1.1').style.display = 'none' " >
           [x]</a>
        </div>
        <pre>
        
ft1.1: tempest.scenario.test_network_advanced_server_ops.TestNetworkAdvancedServerOps.test_server_connectivity_pause_unpause[compute,id-2b2642db-6568-4b35-b812-eceed3fa20ce,network]_StringException: Empty attachments:
  stderr
  stdout

pythonlogging:'': {{{
2015-12-09 22:28:20,120 24528 INFO     [tempest_lib.common.rest_client] Request (TestNetworkAdvancedServerOps:test_server_connectivity_pause_unpause): 200 POST http://10.0.2.15:8774/v2.1/ea180a99955c47de806ceddf113fff53/os-keypairs 0.312s
2015-12-09 22:28:20,122 24528 DEBUG    [tempest_lib.common.rest_client] Request - Headers: {'Content-Type': 'application/json', 'Accept': 'application/json', 'X-Auth-Token': '&lt;omitted&gt;'}
        Body: {"keypair": {"name": "tempest-TestNetworkAdvancedServerOps-1233638946"}}
    Response - Headers: {'status': '200', 'content-length': '2334', 'x-compute-request-id': 'req-39534ed7-fa0f-451e-aaef-f956f975f84f', 'vary': 'X-OpenStack-Nova-API-Version', 'connection': 'close', 'x-openstack-nova-api-version': '2.1', 'date': 'Wed, 09 Dec 2015 22:28:20 GMT', 'content-type': 'application/json'}
        Body: {"keypair": {"public_key": "ssh-rsa AAAAB3NzaC1yc2EAAAADAQABAAABAQDVrHWanvWthri0hOOhvw+DW14XnS+q6OmQBNTWFmxnI9vp3VPCUkgzKtgg6gKJuxwSZGdsB1XI2m31Ql09ZtvhXUC2uxG/mtjvRNhri0kp2XJ9yiXvGpWQtbwEs0Jo6xXvGL70VoULDBR4ooGL5sWz8Ky/BuGX1gsupuhAzntSTwLvWPsUXg1JmZXUcw2avPwCIwL5lZqCEcD/bwVDE6EOm0r0IGzPCPXG0OsiW45jQfwoS6FJ6HAtXKqwEcCh+HSZZtQdKbkYIz/lRkwoBrQVxp0kCxI9+8t3jkwq/LFpnBSL/2/x1k+hfFC4BsQDQfy+dwQyljeLT4q9vDGwEWff Generated-by-Nova", "private_key": "-----BEGIN RSA PRIVATE KEY-----\nMIIEqgIBAAKCAQEA1ax1mp71rYa4tITjob8Pg1teF50vqujpkATU1hZsZyPb6d1T\nwlJIMyrYIOoCibscEmRnbAdVyNpt9UJdPWbb4V1AtrsRv5rY70TYa4tJKdlyfcol\n7xqVkLW8BLNCaOsV7xi+9FaFCwwUeKKBi+bFs/Csvwbhl9YLLqboQM57Uk8C71j7\nFF4NSZmV1HMNmrz8AiMC+ZWaghHA/28FQxOhDptK9CBszwj1xtDrIluOY0H8KEuh\nSehwLVyqsBHAofh0mWbUHSm5GCM/5UZMKAa0FcadJAsSPfvLd45MKvyxaZwUi/9v\n8dZPoXxQuAbEA0H8vncEMpY3i0+KvbwxsBFn3wIDAQABAoIBAQDFPqhpjafZAe5r\npejEHS1i4use/VlNeihxbCRVZOm45F9TqZ5yWaaQpVJSP/ML1Y/6YnkePj8wZILw\nzsxnrBX6Gi1tAY9GwtjTN0hZLoDhgvuvpvYRnQbISRtBc4EwfSMITl2oDF5QblxP\naCQSU3vZuaidxuplUY+NB0KK4JDyzpFgrGBVrk6IBaOlbbcATVezuBlUrY/BbP/t\nK8LE76Duy77ByVZETWR5uHQtnBl3INe+kfJ8D7aY2PCcNZNh4QfII45ShWShgKXq\n9xF+viiKcxvQ4fMCTK/is3k8RHYL/uK9vFUFMqwVabAgmIaXifaAJuD28mnFyllj\nXCJDYDqBAoIAgQDnWYTX+H//XZlJ/Ei/DAUG4LQvUuxtsuog+y2515JUKOtppmbw\nOZ7owcTAbMfLarpMwwN0hHSukJNEv5r+fzmHktnBgwX8VZJlxe8XjwJWc5w+c1qf\nvu4QRhhRGUgD7s95xwleUdQkJTO8dTLXy8sBOiIfZZK3cZRGpsvQI62OPwKCAIEA\n7HDLk6JEWvXCJQ20mbOBlQlDX3DocXl6z79q6Gpv4kcEpfZgaZO7Rru4KaJbOT7q\njkPe9zvXbF6tlRLoa1uF3oGmRhdaKsSXcFO0wSdMy8Cq/89+8nUI3TnTOjJKOkLh\nMTCQmgbRw5ecnpw2U5Wl7VURYQOrwq/vFJq8mNTU/mECggCAWBbT6FAsnJWNGoi/\nQk9XUqkYsrRGZfasA2bgoFSe2QDDsnSz2WB3S3UMb6B76s52pWfT1vfgXd+a06CJ\nacITq7WUyIQVMWF73tihEz1WzIg0w+q0ZQMULooiFC8mJqk1ws6wmINb3W905ZtS\ngqyMXak++Ol6FfNfXA+Cp3wOR40CggCBAIpr/sMP3LTj7CWFQJY7YUG/ipH1qB/G\n3v+BMTWgGqB+s1n2Q7uLobhnbgnx4zZAf1GKqp5TimsHgtgjma5Ahr8daBrg0Qj4\nzzAT0V7Dg1JGGdZpxAhuPCJIGEGZ75rsTKpfpEiIdYXs3OR+z89fbSTlCKejXos8\nNNv7Oy6+a3QBAoIAgQCd9OnovT1zWmfsHxoRjYhLxWgOovAmHJwO/MrL+yLYVoDn\nbG8CYREGaUpZ5y6jX5ZK2xWZITpC2yIsrjpagOWn5WpKn2tyd5g9iY1x3kbqLnNP\n6wmqEEvx5AIZNpYNw1n5kEIDljgpik/Yadmyu3impfJg1Tk8tLRIK/JvL3DfDw==\n-----END RSA PRIVATE KEY-----\n", "user_id": "319cee0a6bba40f699c3446f85e9175c", "name": "tempest-TestNetworkAdvancedServerOps-1233638946", "fingerprint": "1b:92:26:9c:42:45:06:72:d6:f5:7e:ac:54:4d:30:5c"}}
2015-12-09 22:28:20,481 24528 INFO     [tempest_lib.common.rest_client] Request (TestNetworkAdvancedServerOps:test_server_connectivity_pause_unpause): 201 POST http://10.0.2.15:9696/v2.0/security-groups 0.354s
2015-12-09 22:28:20,482 24528 DEBUG    [tempest_lib.common.rest_client] Request - Headers: {'Content-Type': 'application/json', 'Accept': 'application/json', 'X-Auth-Token': '&lt;omitted&gt;'}
        Body: {"security_group": {"tenant_id": "ea180a99955c47de806ceddf113fff53", "description": "tempest-secgroup-smoke-484737912 description", "name": "tempest-secgroup-smoke-484737912"}}
    Response - Headers: {'status': '201', 'content-length': '886', 'connection': 'close', 'date': 'Wed, 09 Dec 2015 22:28:20 GMT', 'content-type': 'application/json; charset=UTF-8', 'x-openstack-request-id': 'req-56699fc8-5782-462c-9557-46c5f8738f00'}
        Body: {"security_group": {"tenant_id": "ea180a99955c47de806ceddf113fff53", "description": "tempest-secgroup-smoke-484737912 description", "id": "b9af8072-ed85-4b40-83cd-66b980e4ffe1", "security_group_rules": [{"remote_group_id": null, "direction": "egress", "remote_ip_prefix": null, "protocol": null, "ethertype": "IPv4", "tenant_id": "ea180a99955c47de806ceddf113fff53", "port_range_max": null, "port_range_min": null, "id": "db440e55-d732-4b2f-b4c7-100464e232a2", "security_group_id": "b9af8072-ed85-4b40-83cd-66b980e4ffe1"}, {"remote_group_id": null, "direction": "egress", "remote_ip_prefix": null, "protocol": null, "ethertype": "IPv6", "tenant_id": "ea180a99955c47de806ceddf113fff53", "port_range_max": null, "port_range_min": null, "id": "85f92c16-c0ac-436e-8f46-fa0ea3551634", "security_group_id": "b9af8072-ed85-4b40-83cd-66b980e4ffe1"}], "name": "tempest-secgroup-smoke-484737912"}}
2015-12-09 22:28:20,745 24528 INFO     [tempest_lib.common.rest_client] Request (TestNetworkAdvancedServerOps:test_server_connectivity_pause_unpause): 201 POST http://10.0.2.15:9696/v2.0/security-group-rules 0.261s
2015-12-09 22:28:20,745 24528 DEBUG    [tempest_lib.common.rest_client] Request - Headers: {'Content-Type': 'application/json', 'Accept': 'application/json', 'X-Auth-Token': '&lt;omitted&gt;'}
        Body: {"security_group_rule": {"direction": "ingress", "protocol": "tcp", "tenant_id": "ea180a99955c47de806ceddf113fff53", "port_range_max": 22, "security_group_id": "b9af8072-ed85-4b40-83cd-66b980e4ffe1", "port_range_min": 22}}
    Response - Headers: {'status': '201', 'content-length': '340', 'connection': 'close', 'date': 'Wed, 09 Dec 2015 22:28:20 GMT', 'content-type': 'application/json; charset=UTF-8', 'x-openstack-request-id': 'req-47191d15-4b15-4725-a200-9fd83c73778a'}
        Body: {"security_group_rule": {"remote_group_id": null, "direction": "ingress", "remote_ip_prefix": null, "protocol": "tcp", "ethertype": "IPv4", "tenant_id": "ea180a99955c47de806ceddf113fff53", "port_range_max": 22, "port_range_min": 22, "id": "25e3c520-bc2c-4707-8ed8-00fb6ea63564", "security_group_id": "b9af8072-ed85-4b40-83cd-66b980e4ffe1"}}
2015-12-09 22:28:20,858 24528 INFO     [tempest_lib.common.rest_client] Request (TestNetworkAdvancedServerOps:test_server_connectivity_pause_unpause): 201 POST http://10.0.2.15:9696/v2.0/security-group-rules 0.111s
2015-12-09 22:28:20,860 24528 DEBUG    [tempest_lib.common.rest_client] Request - Headers: {'Content-Type': 'application/json', 'Accept': 'application/json', 'X-Auth-Token': '&lt;omitted&gt;'}
        Body: {"security_group_rule": {"direction": "egress", "protocol": "tcp", "tenant_id": "ea180a99955c47de806ceddf113fff53", "port_range_max": 22, "security_group_id": "b9af8072-ed85-4b40-83cd-66b980e4ffe1", "port_range_min": 22}}
    Response - Headers: {'status': '201', 'content-length': '339', 'connection': 'close', 'date': 'Wed, 09 Dec 2015 22:28:20 GMT', 'content-type': 'application/json; charset=UTF-8', 'x-openstack-request-id': 'req-081d810d-bdf3-4de6-9b32-25564912e0fb'}
        Body: {"security_group_rule": {"remote_group_id": null, "direction": "egress", "remote_ip_prefix": null, "protocol": "tcp", "ethertype": "IPv4", "tenant_id": "ea180a99955c47de806ceddf113fff53", "port_range_max": 22, "port_range_min": 22, "id": "795ce7bf-0d29-486b-b7f0-92cabfc39053", "security_group_id": "b9af8072-ed85-4b40-83cd-66b980e4ffe1"}}
2015-12-09 22:28:20,975 24528 INFO     [tempest_lib.common.rest_client] Request (TestNetworkAdvancedServerOps:test_server_connectivity_pause_unpause): 201 POST http://10.0.2.15:9696/v2.0/security-group-rules 0.114s
2015-12-09 22:28:20,975 24528 DEBUG    [tempest_lib.common.rest_client] Request - Headers: {'Content-Type': 'application/json', 'Accept': 'application/json', 'X-Auth-Token': '&lt;omitted&gt;'}
        Body: {"security_group_rule": {"tenant_id": "ea180a99955c47de806ceddf113fff53", "direction": "ingress", "protocol": "icmp", "security_group_id": "b9af8072-ed85-4b40-83cd-66b980e4ffe1"}}
    Response - Headers: {'status': '201', 'content-length': '345', 'connection': 'close', 'date': 'Wed, 09 Dec 2015 22:28:20 GMT', 'content-type': 'application/json; charset=UTF-8', 'x-openstack-request-id': 'req-1d50eda9-af31-42d8-80a4-e215e2fe7462'}
        Body: {"security_group_rule": {"remote_group_id": null, "direction": "ingress", "remote_ip_prefix": null, "protocol": "icmp", "ethertype": "IPv4", "tenant_id": "ea180a99955c47de806ceddf113fff53", "port_range_max": null, "port_range_min": null, "id": "c030774e-f9c6-4ecc-b890-7f975fcbe1a2", "security_group_id": "b9af8072-ed85-4b40-83cd-66b980e4ffe1"}}
2015-12-09 22:28:21,088 24528 INFO     [tempest_lib.common.rest_client] Request (TestNetworkAdvancedServerOps:test_server_connectivity_pause_unpause): 201 POST http://10.0.2.15:9696/v2.0/security-group-rules 0.112s
2015-12-09 22:28:21,090 24528 DEBUG    [tempest_lib.common.rest_client] Request - Headers: {'Content-Type': 'application/json', 'Accept': 'application/json', 'X-Auth-Token': '&lt;omitted&gt;'}
        Body: {"security_group_rule": {"tenant_id": "ea180a99955c47de806ceddf113fff53", "direction": "egress", "protocol": "icmp", "security_group_id": "b9af8072-ed85-4b40-83cd-66b980e4ffe1"}}
    Response - Headers: {'status': '201', 'content-length': '344', 'connection': 'close', 'date': 'Wed, 09 Dec 2015 22:28:21 GMT', 'content-type': 'application/json; charset=UTF-8', 'x-openstack-request-id': 'req-6e496c58-90e4-49c8-806b-39fde7aa1766'}
        Body: {"security_group_rule": {"remote_group_id": null, "direction": "egress", "remote_ip_prefix": null, "protocol": "icmp", "ethertype": "IPv4", "tenant_id": "ea180a99955c47de806ceddf113fff53", "port_range_max": null, "port_range_min": null, "id": "685dac15-e7ea-48df-9020-1b7c8c1b7620", "security_group_id": "b9af8072-ed85-4b40-83cd-66b980e4ffe1"}}
2015-12-09 22:28:21,226 24528 INFO     [tempest_lib.common.rest_client] Request (TestNetworkAdvancedServerOps:test_server_connectivity_pause_unpause): 201 POST http://10.0.2.15:9696/v2.0/security-group-rules 0.135s
2015-12-09 22:28:21,227 24528 DEBUG    [tempest_lib.common.rest_client] Request - Headers: {'Content-Type': 'application/json', 'Accept': 'application/json', 'X-Auth-Token': '&lt;omitted&gt;'}
        Body: {"security_group_rule": {"tenant_id": "ea180a99955c47de806ceddf113fff53", "direction": "ingress", "security_group_id": "b9af8072-ed85-4b40-83cd-66b980e4ffe1", "protocol": "icmp", "ethertype": "IPv6"}}
    Response - Headers: {'status': '201', 'content-length': '345', 'connection': 'close', 'date': 'Wed, 09 Dec 2015 22:28:21 GMT', 'content-type': 'application/json; charset=UTF-8', 'x-openstack-request-id': 'req-819bb59f-5e07-4fa3-9a23-1d4953d7dedb'}
        Body: {"security_group_rule": {"remote_group_id": null, "direction": "ingress", "remote_ip_prefix": null, "protocol": "icmp", "ethertype": "IPv6", "tenant_id": "ea180a99955c47de806ceddf113fff53", "port_range_max": null, "port_range_min": null, "id": "007ac9ce-5979-45ea-8aa2-ebe1a0367722", "security_group_id": "b9af8072-ed85-4b40-83cd-66b980e4ffe1"}}
2015-12-09 22:28:21,350 24528 INFO     [tempest_lib.common.rest_client] Request (TestNetworkAdvancedServerOps:test_server_connectivity_pause_unpause): 201 POST http://10.0.2.15:9696/v2.0/security-group-rules 0.121s
2015-12-09 22:28:21,350 24528 DEBUG    [tempest_lib.common.rest_client] Request - Headers: {'Content-Type': 'application/json', 'Accept': 'application/json', 'X-Auth-Token': '&lt;omitted&gt;'}
        Body: {"security_group_rule": {"tenant_id": "ea180a99955c47de806ceddf113fff53", "direction": "egress", "security_group_id": "b9af8072-ed85-4b40-83cd-66b980e4ffe1", "protocol": "icmp", "ethertype": "IPv6"}}
    Response - Headers: {'status': '201', 'content-length': '344', 'connection': 'close', 'date': 'Wed, 09 Dec 2015 22:28:21 GMT', 'content-type': 'application/json; charset=UTF-8', 'x-openstack-request-id': 'req-25140cf5-ac2c-45da-b8e8-7ba396b7eb25'}
        Body: {"security_group_rule": {"remote_group_id": null, "direction": "egress", "remote_ip_prefix": null, "protocol": "icmp", "ethertype": "IPv6", "tenant_id": "ea180a99955c47de806ceddf113fff53", "port_range_max": null, "port_range_min": null, "id": "2d9176bf-c6cc-4985-9790-d69645d50959", "security_group_id": "b9af8072-ed85-4b40-83cd-66b980e4ffe1"}}
2015-12-09 22:28:21,543 24528 INFO     [tempest_lib.common.rest_client] Request (TestNetworkAdvancedServerOps:test_server_connectivity_pause_unpause): 201 POST http://10.0.2.15:9696/v2.0/networks 0.190s
2015-12-09 22:28:21,544 24528 DEBUG    [tempest_lib.common.rest_client] Request - Headers: {'Content-Type': 'application/json', 'Accept': 'application/json', 'X-Auth-Token': '&lt;omitted&gt;'}
        Body: {"network": {"tenant_id": "ea180a99955c47de806ceddf113fff53", "name": "tempest-network-smoke--21683813"}}
    Response - Headers: {'status': '201', 'content-length': '327', 'connection': 'close', 'date': 'Wed, 09 Dec 2015 22:28:21 GMT', 'content-type': 'application/json; charset=UTF-8', 'x-openstack-request-id': 'req-d058e994-a515-440f-a923-44b690d1c8ed'}
        Body: {"network": {"status": "ACTIVE", "subnets": [], "availability_zone_hints": "[]", "name": "tempest-network-smoke--21683813", "admin_state_up": true, "tenant_id": "ea180a99955c47de806ceddf113fff53", "mtu": 0, "router:external": false, "shared": false, "port_security_enabled": true, "id": "fb2e88d3-7fb9-4241-8bda-c3b02465cb42"}}
2015-12-09 22:28:21,636 24528 INFO     [tempest_lib.common.rest_client] Request (TestNetworkAdvancedServerOps:test_server_connectivity_pause_unpause): 201 POST http://10.0.2.15:9696/v2.0/routers 0.090s
2015-12-09 22:28:21,636 24528 DEBUG    [tempest_lib.common.rest_client] Request - Headers: {'Content-Type': 'application/json', 'Accept': 'application/json', 'X-Auth-Token': '&lt;omitted&gt;'}
        Body: {"router": {"tenant_id": "ea180a99955c47de806ceddf113fff53", "name": "tempest-router-smoke-208188013", "admin_state_up": true}}
    Response - Headers: {'status': '201', 'content-length': '295', 'connection': 'close', 'date': 'Wed, 09 Dec 2015 22:28:21 GMT', 'content-type': 'application/json; charset=UTF-8', 'x-openstack-request-id': 'req-a28f7b7d-0804-4240-aafe-5bac9649c1c8'}
        Body: {"router": {"status": "ACTIVE", "external_gateway_info": null, "availability_zone_hints": [], "availability_zones": [], "name": "tempest-router-smoke-208188013", "admin_state_up": true, "tenant_id": "ea180a99955c47de806ceddf113fff53", "routes": [], "id": "abdaafed-fa16-424c-9931-5f3cd10f6ee1"}}
2015-12-09 22:28:21,695 24528 INFO     [tempest_lib.common.rest_client] Request (TestNetworkAdvancedServerOps:test_server_connectivity_pause_unpause): 200 GET http://10.0.2.15:9696/v2.0/routers/abdaafed-fa16-424c-9931-5f3cd10f6ee1 0.057s
2015-12-09 22:28:21,695 24528 DEBUG    [tempest_lib.common.rest_client] Request - Headers: {'Content-Type': 'application/json', 'Accept': 'application/json', 'X-Auth-Token': '&lt;omitted&gt;'}
        Body: None
    Response - Headers: {'status': '200', 'content-length': '295', 'content-location': 'http://10.0.2.15:9696/v2.0/routers/abdaafed-fa16-424c-9931-5f3cd10f6ee1', 'connection': 'close', 'date': 'Wed, 09 Dec 2015 22:28:21 GMT', 'content-type': 'application/json; charset=UTF-8', 'x-openstack-request-id': 'req-f82f4a86-c2c4-4317-9052-ee380f44c6de'}
        Body: {"router": {"status": "ACTIVE", "external_gateway_info": null, "availability_zone_hints": [], "availability_zones": [], "name": "tempest-router-smoke-208188013", "admin_state_up": true, "tenant_id": "ea180a99955c47de806ceddf113fff53", "routes": [], "id": "abdaafed-fa16-424c-9931-5f3cd10f6ee1"}}
2015-12-09 22:28:22,409 24528 INFO     [tempest_lib.common.rest_client] Request (TestNetworkAdvancedServerOps:test_server_connectivity_pause_unpause): 200 PUT http://10.0.2.15:9696/v2.0/routers/abdaafed-fa16-424c-9931-5f3cd10f6ee1 0.712s
2015-12-09 22:28:22,410 24528 DEBUG    [tempest_lib.common.rest_client] Request - Headers: {'Content-Type': 'application/json', 'Accept': 'application/json', 'X-Auth-Token': '&lt;omitted&gt;'}
        Body: {"router": {"external_gateway_info": {"network_id": "fbf03017-dea2-410d-b763-10de6f78aca7"}, "name": "tempest-router-smoke-208188013", "admin_state_up": true}}
    Response - Headers: {'status': '200', 'content-length': '557', 'connection': 'close', 'date': 'Wed, 09 Dec 2015 22:28:22 GMT', 'content-type': 'application/json; charset=UTF-8', 'x-openstack-request-id': 'req-d5e128a1-826e-45d9-b5c8-3dcbcaee41c9'}
        Body: {"router": {"status": "ACTIVE", "external_gateway_info": {"network_id": "fbf03017-dea2-410d-b763-10de6f78aca7", "enable_snat": true, "external_fixed_ips": [{"subnet_id": "ccbee733-b5dc-49ca-8ec9-5c83b38f518e", "ip_address": "172.24.4.3"}, {"subnet_id": "ae12be5d-f2bc-44ca-953d-6a6d7d76fe5d", "ip_address": "2001:db8::4"}]}, "availability_zone_hints": [], "availability_zones": [], "name": "tempest-router-smoke-208188013", "admin_state_up": true, "tenant_id": "ea180a99955c47de806ceddf113fff53", "routes": [], "id": "abdaafed-fa16-424c-9931-5f3cd10f6ee1"}}
2015-12-09 22:28:22,606 24528 INFO     [tempest_lib.common.rest_client] Request (TestNetworkAdvancedServerOps:test_server_connectivity_pause_unpause): 200 GET http://10.0.2.15:9696/v2.0/subnets?tenant_id=ea180a99955c47de806ceddf113fff53&amp;cidr=10.100.0.0%2F28 0.195s
2015-12-09 22:28:22,607 24528 DEBUG    [tempest_lib.common.rest_client] Request - Headers: {'Content-Type': 'application/json', 'Accept': 'application/json', 'X-Auth-Token': '&lt;omitted&gt;'}
        Body: None
    Response - Headers: {'status': '200', 'content-length': '15', 'content-location': 'http://10.0.2.15:9696/v2.0/subnets?tenant_id=ea180a99955c47de806ceddf113fff53&amp;cidr=10.100.0.0%2F28', 'connection': 'close', 'date': 'Wed, 09 Dec 2015 22:28:22 GMT', 'content-type': 'application/json; charset=UTF-8', 'x-openstack-request-id': 'req-1765f3ed-0669-44aa-8ad2-fd353281ba62'}
        Body: {"subnets": []}
2015-12-09 22:28:22,995 24528 INFO     [tempest_lib.common.rest_client] Request (TestNetworkAdvancedServerOps:test_server_connectivity_pause_unpause): 201 POST http://10.0.2.15:9696/v2.0/subnets 0.387s
2015-12-09 22:28:22,995 24528 DEBUG    [tempest_lib.common.rest_client] Request - Headers: {'Content-Type': 'application/json', 'Accept': 'application/json', 'X-Auth-Token': '&lt;omitted&gt;'}
        Body: {"subnet": {"ip_version": 4, "tenant_id": "ea180a99955c47de806ceddf113fff53", "cidr": "10.100.0.0/28", "network_id": "fb2e88d3-7fb9-4241-8bda-c3b02465cb42", "name": "tempest-subnet-smoke-2006090293"}}
    Response - Headers: {'status': '201', 'content-length': '478', 'connection': 'close', 'date': 'Wed, 09 Dec 2015 22:28:22 GMT', 'content-type': 'application/json; charset=UTF-8', 'x-openstack-request-id': 'req-80ef0044-1f21-4602-b972-97e2467f0253'}
        Body: {"subnet": {"name": "tempest-subnet-smoke-2006090293", "enable_dhcp": true, "network_id": "fb2e88d3-7fb9-4241-8bda-c3b02465cb42", "tenant_id": "ea180a99955c47de806ceddf113fff53", "dns_nameservers": [], "gateway_ip": "10.100.0.1", "ipv6_ra_mode": null, "allocation_pools": [{"start": "10.100.0.2", "end": "10.100.0.14"}], "host_routes": [], "ip_version": 4, "ipv6_address_mode": null, "cidr": "10.100.0.0/28", "id": "1364ab0c-6113-463f-b574-ed8d506cd2b7", "subnetpool_id": null}}
2015-12-09 22:28:23,592 24528 INFO     [tempest_lib.common.rest_client] Request (TestNetworkAdvancedServerOps:test_server_connectivity_pause_unpause): 200 PUT http://10.0.2.15:9696/v2.0/routers/abdaafed-fa16-424c-9931-5f3cd10f6ee1/add_router_interface 0.597s
2015-12-09 22:28:23,593 24528 DEBUG    [tempest_lib.common.rest_client] Request - Headers: {'Content-Type': 'application/json', 'Accept': 'application/json', 'X-Auth-Token': '&lt;omitted&gt;'}
        Body: {"subnet_id": "1364ab0c-6113-463f-b574-ed8d506cd2b7"}
    Response - Headers: {'status': '200', 'content-length': '255', 'connection': 'close', 'date': 'Wed, 09 Dec 2015 22:28:23 GMT', 'content-type': 'application/json; charset=UTF-8', 'x-openstack-request-id': 'req-4cc6d99b-531f-45d9-a971-af8774387a1c'}
        Body: {"subnet_id": "1364ab0c-6113-463f-b574-ed8d506cd2b7", "tenant_id": "ea180a99955c47de806ceddf113fff53", "subnet_ids": ["1364ab0c-6113-463f-b574-ed8d506cd2b7"], "port_id": "4c35436d-328a-42ff-8cf6-c7dc6b45b809", "id": "abdaafed-fa16-424c-9931-5f3cd10f6ee1"}
2015-12-09 22:28:23,702 24528 INFO     [tempest_lib.common.rest_client] Request (TestNetworkAdvancedServerOps:test_server_connectivity_pause_unpause): 200 POST http://10.0.2.15:5000/v2.0/tokens
2015-12-09 22:28:23,703 24528 DEBUG    [tempest_lib.common.rest_client] Request - Headers: {'Content-Type': 'application/json', 'Accept': 'application/json'}
        Body: &lt;omitted&gt;
    Response - Headers: {'status': '200', 'content-length': '2564', 'vary': 'X-Auth-Token', 'server': 'Apache/2.4.7 (Ubuntu)', 'connection': 'close', 'date': 'Wed, 09 Dec 2015 22:28:23 GMT', 'content-type': 'application/json', 'x-openstack-request-id': 'req-ef27ff28-dc40-4031-9e74-4e58887fc4c7'}
        Body: {"access": {"token": {"issued_at": "2015-12-09T22:28:23.692179", "expires": "2015-12-09T23:28:23Z", "id": "5d340a1e10ae42cd8d6a82ec2e024b5d", "tenant": {"description": "tempest-TestNetworkAdvancedServerOps-777465162-desc", "enabled": true, "id": "ea180a99955c47de806ceddf113fff53", "name": "tempest-TestNetworkAdvancedServerOps-777465162"}, "audit_ids": ["lK3PB-WhSEywQFc2OPsJjw"]}, "serviceCatalog": [{"endpoints": [{"adminURL": "http://10.0.2.15:8774/v2.1/ea180a99955c47de806ceddf113fff53", "region": "RegionOne", "internalURL": "http://10.0.2.15:8774/v2.1/ea180a99955c47de806ceddf113fff53", "id": "5b588280026548b38f77717b609ef36e", "publicURL": "http://10.0.2.15:8774/v2.1/ea180a99955c47de806ceddf113fff53"}], "endpoints_links": [], "type": "compute", "name": "nova"}, {"endpoints": [{"adminURL": "http://10.0.2.15:9696/", "region": "RegionOne", "internalURL": "http://10.0.2.15:9696/", "id": "b3d6e274957c4523bd229c1369cad652", "publicURL": "http://10.0.2.15:9696/"}], "endpoints_links": [], "type": "network", "name": "neutron"}, {"endpoints": [{"adminURL": "http://10.0.2.15:9292", "region": "RegionOne", "internalURL": "http://10.0.2.15:9292", "id": "9e26ebcbb8bd42d5abb8cde0438914a9", "publicURL": "http://10.0.2.15:9292"}], "endpoints_links": [], "type": "image", "name": "glance"}, {"endpoints": [{"adminURL": "http://10.0.2.15:8774/v2/ea180a99955c47de806ceddf113fff53", "region": "RegionOne", "internalURL": "http://10.0.2.15:8774/v2/ea180a99955c47de806ceddf113fff53", "id": "24f3f3e16bed43e2b17b88c3298d3cb6", "publicURL": "http://10.0.2.15:8774/v2/ea180a99955c47de806ceddf113fff53"}], "endpoints_links": [], "type": "compute_legacy", "name": "nova_legacy"}, {"endpoints": [{"adminURL": "http://10.0.2.15:8773/", "region": "RegionOne", "internalURL": "http://10.0.2.15:8773/", "id": "0f1ecafb4374484fbae931739ee6be87", "publicURL": "http://10.0.2.15:8773/"}], "endpoints_links": [], "type": "ec2", "name": "ec2"}, {"endpoints": [{"adminURL": "http://10.0.2.15:35357/v2.0", "region": "RegionOne", "internalURL": "http://10.0.2.15:5000/v2.0", "id": "270992cf1cec48f1b3505690b6bc5922", "publicURL": "http://10.0.2.15:5000/v2.0"}], "endpoints_links": [], "type": "identity", "name": "keystone"}], "user": {"username": "tempest-TestNetworkAdvancedServerOps-1715098528", "roles_links": [], "id": "319cee0a6bba40f699c3446f85e9175c", "roles": [{"name": "Member"}, {"name": "_member_"}], "name": "tempest-TestNetworkAdvancedServerOps-1715098528"}, "metadata": {"is_admin": 0, "roles": ["25530a7249e944fe9a78051f33686750", "9fe2ff9ee4384b1894a90878d3e92bab"]}}}
2015-12-09 22:28:23,708 24528 DEBUG    [tempest.common.fixed_network] (TestNetworkAdvancedServerOps:test_server_connectivity_pause_unpause) No valid network provided or created, defaulting to fixed_network_name
2015-12-09 22:28:24,163 24528 INFO     [tempest_lib.common.rest_client] Request (TestNetworkAdvancedServerOps:test_server_connectivity_pause_unpause): 200 GET http://10.0.2.15:8774/v2.1/ea180a99955c47de806ceddf113fff53/os-networks 0.454s
2015-12-09 22:28:24,164 24528 DEBUG    [tempest_lib.common.rest_client] Request - Headers: {'Content-Type': 'application/json', 'Accept': 'application/json', 'X-Auth-Token': '&lt;omitted&gt;'}
        Body: None
    Response - Headers: {'status': '200', 'content-length': '477', 'content-location': 'http://10.0.2.15:8774/v2.1/ea180a99955c47de806ceddf113fff53/os-networks', 'x-compute-request-id': 'req-0582cfb4-03c5-4cb6-8c45-061d2df905bb', 'vary': 'X-OpenStack-Nova-API-Version', 'connection': 'close', 'x-openstack-nova-api-version': '2.1', 'date': 'Wed, 09 Dec 2015 22:28:24 GMT', 'content-type': 'application/json'}
        Body: {"networks": [{"cidr_v6": null, "dns2": null, "dns1": null, "gateway": null, "broadcast": null, "netmask": null, "gateway_v6": null, "cidr": null, "label": "tempest-network-smoke--21683813", "id": "fb2e88d3-7fb9-4241-8bda-c3b02465cb42", "netmask_v6": null}, {"cidr_v6": null, "dns2": null, "dns1": null, "gateway": null, "broadcast": null, "netmask": null, "gateway_v6": null, "cidr": null, "label": "public", "id": "fbf03017-dea2-410d-b763-10de6f78aca7", "netmask_v6": null}]}
2015-12-09 22:28:24,164 24528 WARNING  [tempest.common.fixed_network] (TestNetworkAdvancedServerOps:test_server_connectivity_pause_unpause) Network with name: private not found
2015-12-09 22:28:24,165 24528 INFO     [tempest.common.fixed_network] (TestNetworkAdvancedServerOps:test_server_connectivity_pause_unpause) Found network {} available for tenant
2015-12-09 22:28:26,176 24528 INFO     [tempest_lib.common.rest_client] Request (TestNetworkAdvancedServerOps:test_server_connectivity_pause_unpause): 202 POST http://10.0.2.15:8774/v2.1/ea180a99955c47de806ceddf113fff53/servers 2.009s
2015-12-09 22:28:26,176 24528 DEBUG    [tempest_lib.common.rest_client] Request - Headers: {'Content-Type': 'application/json', 'Accept': 'application/json', 'X-Auth-Token': '&lt;omitted&gt;'}
        Body: {"server": {"name": "tempest.common.compute-instance-1178521313", "imageRef": "913571a2-d776-4a5f-93db-f1171144203e", "key_name": "tempest-TestNetworkAdvancedServerOps-1233638946", "flavorRef": "42", "networks": [{"uuid": "fb2e88d3-7fb9-4241-8bda-c3b02465cb42"}], "security_groups": [{"name": "tempest-secgroup-smoke-484737912"}]}}
    Response - Headers: {'status': '202', 'content-length': '461', 'x-compute-request-id': 'req-1558d234-8feb-4e21-9fd0-c1795f426c7d', 'vary': 'X-OpenStack-Nova-API-Version', 'connection': 'close', 'location': 'http://10.0.2.15:8774/v2.1/ea180a99955c47de806ceddf113fff53/servers/498f0f19-af0a-4f53-b9a4-9e4586ec0cdf', 'x-openstack-nova-api-version': '2.1', 'date': 'Wed, 09 Dec 2015 22:28:26 GMT', 'content-type': 'application/json'}
        Body: {"server": {"security_groups": [{"name": "tempest-secgroup-smoke-484737912"}], "OS-DCF:diskConfig": "MANUAL", "id": "498f0f19-af0a-4f53-b9a4-9e4586ec0cdf", "links": [{"href": "http://10.0.2.15:8774/v2.1/ea180a99955c47de806ceddf113fff53/servers/498f0f19-af0a-4f53-b9a4-9e4586ec0cdf", "rel": "self"}, {"href": "http://10.0.2.15:8774/ea180a99955c47de806ceddf113fff53/servers/498f0f19-af0a-4f53-b9a4-9e4586ec0cdf", "rel": "bookmark"}], "adminPass": "GcPy5mZC78QD"}}
2015-12-09 22:28:26,513 24528 INFO     [tempest_lib.common.rest_client] Request (TestNetworkAdvancedServerOps:test_server_connectivity_pause_unpause): 200 GET http://10.0.2.15:8774/v2.1/ea180a99955c47de806ceddf113fff53/servers/498f0f19-af0a-4f53-b9a4-9e4586ec0cdf 0.329s
2015-12-09 22:28:26,514 24528 DEBUG    [tempest_lib.common.rest_client] Request - Headers: {'Content-Type': 'application/json', 'Accept': 'application/json', 'X-Auth-Token': '&lt;omitted&gt;'}
        Body: None
    Response - Headers: {'status': '200', 'content-length': '1365', 'content-location': 'http://10.0.2.15:8774/v2.1/ea180a99955c47de806ceddf113fff53/servers/498f0f19-af0a-4f53-b9a4-9e4586ec0cdf', 'x-compute-request-id': 'req-fc2f92c9-ad48-4831-b5d4-8af63ccdea33', 'vary': 'X-OpenStack-Nova-API-Version', 'connection': 'close', 'x-openstack-nova-api-version': '2.1', 'date': 'Wed, 09 Dec 2015 22:28:26 GMT', 'content-type': 'application/json'}
        Body: {"server": {"status": "BUILD", "updated": "2015-12-09T22:28:26Z", "hostId": "", "addresses": {}, "links": [{"href": "http://10.0.2.15:8774/v2.1/ea180a99955c47de806ceddf113fff53/servers/498f0f19-af0a-4f53-b9a4-9e4586ec0cdf", "rel": "self"}, {"href": "http://10.0.2.15:8774/ea180a99955c47de806ceddf113fff53/servers/498f0f19-af0a-4f53-b9a4-9e4586ec0cdf", "rel": "bookmark"}], "key_name": "tempest-TestNetworkAdvancedServerOps-1233638946", "image": {"id": "913571a2-d776-4a5f-93db-f1171144203e", "links": [{"href": "http://10.0.2.15:8774/ea180a99955c47de806ceddf113fff53/images/913571a2-d776-4a5f-93db-f1171144203e", "rel": "bookmark"}]}, "OS-EXT-STS:task_state": "scheduling", "OS-EXT-STS:vm_state": "building", "OS-SRV-USG:launched_at": null, "flavor": {"id": "42", "links": [{"href": "http://10.0.2.15:8774/ea180a99955c47de806ceddf113fff53/flavors/42", "rel": "bookmark"}]}, "id": "498f0f19-af0a-4f53-b9a4-9e4586ec0cdf", "OS-SRV-USG:terminated_at": null, "OS-EXT-AZ:availability_zone": "", "user_id": "319cee0a6bba40f699c3446f85e9175c", "name": "tempest.common.compute-instance-1178521313", "created": "2015-12-09T22:28:26Z", "tenant_id": "ea180a99955c47de806ceddf113fff53", "OS-DCF:diskConfig": "MANUAL", "os-extended-volumes:volumes_attached": [], "accessIPv4": "", "accessIPv6": "", "progress": 0, "OS-EXT-STS:power_state": 0, "config_drive": "", "metadata": {}}}
2015-12-09 22:28:27,949 24528 INFO     [tempest_lib.common.rest_client] Request (TestNetworkAdvancedServerOps:test_server_connectivity_pause_unpause): 200 GET http://10.0.2.15:8774/v2.1/ea180a99955c47de806ceddf113fff53/servers/498f0f19-af0a-4f53-b9a4-9e4586ec0cdf 0.416s
2015-12-09 22:28:27,949 24528 DEBUG    [tempest_lib.common.rest_client] Request - Headers: {'Content-Type': 'application/json', 'Accept': 'application/json', 'X-Auth-Token': '&lt;omitted&gt;'}
        Body: None
    Response - Headers: {'status': '200', 'content-length': '1490', 'content-location': 'http://10.0.2.15:8774/v2.1/ea180a99955c47de806ceddf113fff53/servers/498f0f19-af0a-4f53-b9a4-9e4586ec0cdf', 'x-compute-request-id': 'req-9b5dd87a-129d-44d3-9a3f-c5b341ace3a2', 'vary': 'X-OpenStack-Nova-API-Version', 'connection': 'close', 'x-openstack-nova-api-version': '2.1', 'date': 'Wed, 09 Dec 2015 22:28:27 GMT', 'content-type': 'application/json'}
        Body: {"server": {"status": "BUILD", "updated": "2015-12-09T22:28:27Z", "hostId": "4b535839c769494469ab87aff3ebdc9af4d5b71a6a869fe5aeae87d4", "addresses": {}, "links": [{"href": "http://10.0.2.15:8774/v2.1/ea180a99955c47de806ceddf113fff53/servers/498f0f19-af0a-4f53-b9a4-9e4586ec0cdf", "rel": "self"}, {"href": "http://10.0.2.15:8774/ea180a99955c47de806ceddf113fff53/servers/498f0f19-af0a-4f53-b9a4-9e4586ec0cdf", "rel": "bookmark"}], "key_name": "tempest-TestNetworkAdvancedServerOps-1233638946", "image": {"id": "913571a2-d776-4a5f-93db-f1171144203e", "links": [{"href": "http://10.0.2.15:8774/ea180a99955c47de806ceddf113fff53/images/913571a2-d776-4a5f-93db-f1171144203e", "rel": "bookmark"}]}, "OS-EXT-STS:task_state": "spawning", "OS-EXT-STS:vm_state": "building", "OS-SRV-USG:launched_at": null, "flavor": {"id": "42", "links": [{"href": "http://10.0.2.15:8774/ea180a99955c47de806ceddf113fff53/flavors/42", "rel": "bookmark"}]}, "id": "498f0f19-af0a-4f53-b9a4-9e4586ec0cdf", "security_groups": [{"name": "tempest-secgroup-smoke-484737912"}], "OS-SRV-USG:terminated_at": null, "OS-EXT-AZ:availability_zone": "nova", "user_id": "319cee0a6bba40f699c3446f85e9175c", "name": "tempest.common.compute-instance-1178521313", "created": "2015-12-09T22:28:26Z", "tenant_id": "ea180a99955c47de806ceddf113fff53", "OS-DCF:diskConfig": "MANUAL", "os-extended-volumes:volumes_attached": [], "accessIPv4": "", "accessIPv6": "", "progress": 0, "OS-EXT-STS:power_state": 0, "config_drive": "", "metadata": {}}}
2015-12-09 22:28:27,958 24528 INFO     [tempest.common.waiters] State transition "BUILD/scheduling" ==&gt; "BUILD/spawning" after 1 second wait
2015-12-09 22:28:29,157 24528 INFO     [tempest_lib.common.rest_client] Request (TestNetworkAdvancedServerOps:test_server_connectivity_pause_unpause): 200 GET http://10.0.2.15:8774/v2.1/ea180a99955c47de806ceddf113fff53/servers/498f0f19-af0a-4f53-b9a4-9e4586ec0cdf 0.198s
2015-12-09 22:28:29,157 24528 DEBUG    [tempest_lib.common.rest_client] Request - Headers: {'Content-Type': 'application/json', 'Accept': 'application/json', 'X-Auth-Token': '&lt;omitted&gt;'}
        Body: None
    Response - Headers: {'status': '200', 'content-length': '1490', 'content-location': 'http://10.0.2.15:8774/v2.1/ea180a99955c47de806ceddf113fff53/servers/498f0f19-af0a-4f53-b9a4-9e4586ec0cdf', 'x-compute-request-id': 'req-cc5c4583-c624-4083-8cc4-accdfab3e6b8', 'vary': 'X-OpenStack-Nova-API-Version', 'connection': 'close', 'x-openstack-nova-api-version': '2.1', 'date': 'Wed, 09 Dec 2015 22:28:29 GMT', 'content-type': 'application/json'}
        Body: {"server": {"status": "BUILD", "updated": "2015-12-09T22:28:27Z", "hostId": "4b535839c769494469ab87aff3ebdc9af4d5b71a6a869fe5aeae87d4", "addresses": {}, "links": [{"href": "http://10.0.2.15:8774/v2.1/ea180a99955c47de806ceddf113fff53/servers/498f0f19-af0a-4f53-b9a4-9e4586ec0cdf", "rel": "self"}, {"href": "http://10.0.2.15:8774/ea180a99955c47de806ceddf113fff53/servers/498f0f19-af0a-4f53-b9a4-9e4586ec0cdf", "rel": "bookmark"}], "key_name": "tempest-TestNetworkAdvancedServerOps-1233638946", "image": {"id": "913571a2-d776-4a5f-93db-f1171144203e", "links": [{"href": "http://10.0.2.15:8774/ea180a99955c47de806ceddf113fff53/images/913571a2-d776-4a5f-93db-f1171144203e", "rel": "bookmark"}]}, "OS-EXT-STS:task_state": "spawning", "OS-EXT-STS:vm_state": "building", "OS-SRV-USG:launched_at": null, "flavor": {"id": "42", "links": [{"href": "http://10.0.2.15:8774/ea180a99955c47de806ceddf113fff53/flavors/42", "rel": "bookmark"}]}, "id": "498f0f19-af0a-4f53-b9a4-9e4586ec0cdf", "security_groups": [{"name": "tempest-secgroup-smoke-484737912"}], "OS-SRV-USG:terminated_at": null, "OS-EXT-AZ:availability_zone": "nova", "user_id": "319cee0a6bba40f699c3446f85e9175c", "name": "tempest.common.compute-instance-1178521313", "created": "2015-12-09T22:28:26Z", "tenant_id": "ea180a99955c47de806ceddf113fff53", "OS-DCF:diskConfig": "MANUAL", "os-extended-volumes:volumes_attached": [], "accessIPv4": "", "accessIPv6": "", "progress": 0, "OS-EXT-STS:power_state": 0, "config_drive": "", "metadata": {}}}
2015-12-09 22:28:30,373 24528 INFO     [tempest_lib.common.rest_client] Request (TestNetworkAdvancedServerOps:test_server_connectivity_pause_unpause): 200 GET http://10.0.2.15:8774/v2.1/ea180a99955c47de806ceddf113fff53/servers/498f0f19-af0a-4f53-b9a4-9e4586ec0cdf 0.205s
2015-12-09 22:28:30,374 24528 DEBUG    [tempest_lib.common.rest_client] Request - Headers: {'Content-Type': 'application/json', 'Accept': 'application/json', 'X-Auth-Token': '&lt;omitted&gt;'}
        Body: None
    Response - Headers: {'status': '200', 'content-length': '1660', 'content-location': 'http://10.0.2.15:8774/v2.1/ea180a99955c47de806ceddf113fff53/servers/498f0f19-af0a-4f53-b9a4-9e4586ec0cdf', 'x-compute-request-id': 'req-beb4c924-f8f7-457c-82be-ac3fd089a1d9', 'vary': 'X-OpenStack-Nova-API-Version', 'connection': 'close', 'x-openstack-nova-api-version': '2.1', 'date': 'Wed, 09 Dec 2015 22:28:30 GMT', 'content-type': 'application/json'}
        Body: {"server": {"status": "ACTIVE", "updated": "2015-12-09T22:28:29Z", "hostId": "4b535839c769494469ab87aff3ebdc9af4d5b71a6a869fe5aeae87d4", "addresses": {"tempest-network-smoke--21683813": [{"OS-EXT-IPS-MAC:mac_addr": "fa:16:3e:44:b3:3d", "version": 4, "addr": "10.100.0.3", "OS-EXT-IPS:type": "fixed"}]}, "links": [{"href": "http://10.0.2.15:8774/v2.1/ea180a99955c47de806ceddf113fff53/servers/498f0f19-af0a-4f53-b9a4-9e4586ec0cdf", "rel": "self"}, {"href": "http://10.0.2.15:8774/ea180a99955c47de806ceddf113fff53/servers/498f0f19-af0a-4f53-b9a4-9e4586ec0cdf", "rel": "bookmark"}], "key_name": "tempest-TestNetworkAdvancedServerOps-1233638946", "image": {"id": "913571a2-d776-4a5f-93db-f1171144203e", "links": [{"href": "http://10.0.2.15:8774/ea180a99955c47de806ceddf113fff53/images/913571a2-d776-4a5f-93db-f1171144203e", "rel": "bookmark"}]}, "OS-EXT-STS:task_state": null, "OS-EXT-STS:vm_state": "active", "OS-SRV-USG:launched_at": "2015-12-09T22:28:29.000000", "flavor": {"id": "42", "links": [{"href": "http://10.0.2.15:8774/ea180a99955c47de806ceddf113fff53/flavors/42", "rel": "bookmark"}]}, "id": "498f0f19-af0a-4f53-b9a4-9e4586ec0cdf", "security_groups": [{"name": "tempest-secgroup-smoke-484737912"}], "OS-SRV-USG:terminated_at": null, "OS-EXT-AZ:availability_zone": "nova", "user_id": "319cee0a6bba40f699c3446f85e9175c", "name": "tempest.common.compute-instance-1178521313", "created": "2015-12-09T22:28:26Z", "tenant_id": "ea180a99955c47de806ceddf113fff53", "OS-DCF:diskConfig": "MANUAL", "os-extended-volumes:volumes_attached": [], "accessIPv4": "", "accessIPv6": "", "progress": 0, "OS-EXT-STS:power_state": 1, "config_drive": "True", "metadata": {}}}
2015-12-09 22:28:30,384 24528 INFO     [tempest.common.waiters] State transition "BUILD/spawning" ==&gt; "ACTIVE/None" after 4 second wait
2015-12-09 22:28:30,607 24528 INFO     [tempest_lib.common.rest_client] Request (TestNetworkAdvancedServerOps:test_server_connectivity_pause_unpause): 200 GET http://10.0.2.15:8774/v2.1/ea180a99955c47de806ceddf113fff53/servers/498f0f19-af0a-4f53-b9a4-9e4586ec0cdf 0.222s
2015-12-09 22:28:30,609 24528 DEBUG    [tempest_lib.common.rest_client] Request - Headers: {'Content-Type': 'application/json', 'Accept': 'application/json', 'X-Auth-Token': '&lt;omitted&gt;'}
        Body: None
    Response - Headers: {'status': '200', 'content-length': '1660', 'content-location': 'http://10.0.2.15:8774/v2.1/ea180a99955c47de806ceddf113fff53/servers/498f0f19-af0a-4f53-b9a4-9e4586ec0cdf', 'x-compute-request-id': 'req-3fa5c9e5-18ef-46b6-9436-99634d8a9a22', 'vary': 'X-OpenStack-Nova-API-Version', 'connection': 'close', 'x-openstack-nova-api-version': '2.1', 'date': 'Wed, 09 Dec 2015 22:28:30 GMT', 'content-type': 'application/json'}
        Body: {"server": {"status": "ACTIVE", "updated": "2015-12-09T22:28:29Z", "hostId": "4b535839c769494469ab87aff3ebdc9af4d5b71a6a869fe5aeae87d4", "addresses": {"tempest-network-smoke--21683813": [{"OS-EXT-IPS-MAC:mac_addr": "fa:16:3e:44:b3:3d", "version": 4, "addr": "10.100.0.3", "OS-EXT-IPS:type": "fixed"}]}, "links": [{"href": "http://10.0.2.15:8774/v2.1/ea180a99955c47de806ceddf113fff53/servers/498f0f19-af0a-4f53-b9a4-9e4586ec0cdf", "rel": "self"}, {"href": "http://10.0.2.15:8774/ea180a99955c47de806ceddf113fff53/servers/498f0f19-af0a-4f53-b9a4-9e4586ec0cdf", "rel": "bookmark"}], "key_name": "tempest-TestNetworkAdvancedServerOps-1233638946", "image": {"id": "913571a2-d776-4a5f-93db-f1171144203e", "links": [{"href": "http://10.0.2.15:8774/ea180a99955c47de806ceddf113fff53/images/913571a2-d776-4a5f-93db-f1171144203e", "rel": "bookmark"}]}, "OS-EXT-STS:task_state": null, "OS-EXT-STS:vm_state": "active", "OS-SRV-USG:launched_at": "2015-12-09T22:28:29.000000", "flavor": {"id": "42", "links": [{"href": "http://10.0.2.15:8774/ea180a99955c47de806ceddf113fff53/flavors/42", "rel": "bookmark"}]}, "id": "498f0f19-af0a-4f53-b9a4-9e4586ec0cdf", "security_groups": [{"name": "tempest-secgroup-smoke-484737912"}], "OS-SRV-USG:terminated_at": null, "OS-EXT-AZ:availability_zone": "nova", "user_id": "319cee0a6bba40f699c3446f85e9175c", "name": "tempest.common.compute-instance-1178521313", "created": "2015-12-09T22:28:26Z", "tenant_id": "ea180a99955c47de806ceddf113fff53", "OS-DCF:diskConfig": "MANUAL", "os-extended-volumes:volumes_attached": [], "accessIPv4": "", "accessIPv6": "", "progress": 0, "OS-EXT-STS:power_state": 1, "config_drive": "True", "metadata": {}}}
2015-12-09 22:28:30,650 24528 INFO     [tempest_lib.common.rest_client] Request (TestNetworkAdvancedServerOps:test_server_connectivity_pause_unpause): 200 GET http://10.0.2.15:9696/v2.0/ports?status=ACTIVE&amp;fixed_ip=None&amp;device_id=498f0f19-af0a-4f53-b9a4-9e4586ec0cdf 0.033s
2015-12-09 22:28:30,651 24528 DEBUG    [tempest_lib.common.rest_client] Request - Headers: {'Content-Type': 'application/json', 'Accept': 'application/json', 'X-Auth-Token': '&lt;omitted&gt;'}
        Body: None
    Response - Headers: {'status': '200', 'content-length': '895', 'content-location': 'http://10.0.2.15:9696/v2.0/ports?status=ACTIVE&amp;fixed_ip=None&amp;device_id=498f0f19-af0a-4f53-b9a4-9e4586ec0cdf', 'connection': 'close', 'date': 'Wed, 09 Dec 2015 22:28:30 GMT', 'content-type': 'application/json; charset=UTF-8', 'x-openstack-request-id': 'req-6f5b2069-4325-4089-af2b-e5a4e7c73c0e'}
        Body: {"ports": [{"status": "ACTIVE", "binding:host_id": "vagrant-ubuntu-trusty-64", "allowed_address_pairs": [], "extra_dhcp_opts": [], "dns_assignment": [{"hostname": "host-10-100-0-3", "ip_address": "10.100.0.3", "fqdn": "host-10-100-0-3.openstacklocal."}], "device_owner": "compute:None", "port_security_enabled": true, "binding:profile": {}, "fixed_ips": [{"subnet_id": "1364ab0c-6113-463f-b574-ed8d506cd2b7", "ip_address": "10.100.0.3"}], "id": "deb29375-dea8-4609-85ca-652e6d1fd65e", "security_groups": ["b9af8072-ed85-4b40-83cd-66b980e4ffe1"], "device_id": "498f0f19-af0a-4f53-b9a4-9e4586ec0cdf", "name": "", "admin_state_up": true, "network_id": "fb2e88d3-7fb9-4241-8bda-c3b02465cb42", "dns_name": "", "binding:vif_details": {"port_filter": true}, "binding:vnic_type": "normal", "binding:vif_type": "ovs", "tenant_id": "ea180a99955c47de806ceddf113fff53", "mac_address": "fa:16:3e:44:b3:3d"}]}
2015-12-09 22:28:31,422 24528 INFO     [tempest_lib.common.rest_client] Request (TestNetworkAdvancedServerOps:test_server_connectivity_pause_unpause): 201 POST http://10.0.2.15:9696/v2.0/floatingips 0.770s
2015-12-09 22:28:31,422 24528 DEBUG    [tempest_lib.common.rest_client] Request - Headers: {'Content-Type': 'application/json', 'Accept': 'application/json', 'X-Auth-Token': '&lt;omitted&gt;'}
        Body: {"floatingip": {"floating_network_id": "fbf03017-dea2-410d-b763-10de6f78aca7", "tenant_id": "ea180a99955c47de806ceddf113fff53", "fixed_ip_address": "10.100.0.3", "port_id": "deb29375-dea8-4609-85ca-652e6d1fd65e"}}
    Response - Headers: {'status': '201', 'content-length': '367', 'connection': 'close', 'date': 'Wed, 09 Dec 2015 22:28:31 GMT', 'content-type': 'application/json; charset=UTF-8', 'x-openstack-request-id': 'req-42b38ba6-3919-4a3c-8f6e-f29513522e25'}
        Body: {"floatingip": {"floating_network_id": "fbf03017-dea2-410d-b763-10de6f78aca7", "router_id": "abdaafed-fa16-424c-9931-5f3cd10f6ee1", "fixed_ip_address": "10.100.0.3", "floating_ip_address": "172.24.4.4", "tenant_id": "ea180a99955c47de806ceddf113fff53", "status": "DOWN", "port_id": "deb29375-dea8-4609-85ca-652e6d1fd65e", "id": "0a1a48d2-09c3-4a3d-83e7-d17c72d89f17"}}
2015-12-09 22:28:31,772 24528 INFO     [tempest_lib.common.rest_client] Request (TestNetworkAdvancedServerOps:test_server_connectivity_pause_unpause): 200 GET http://10.0.2.15:8774/v2.1/ea180a99955c47de806ceddf113fff53/servers/498f0f19-af0a-4f53-b9a4-9e4586ec0cdf 0.348s
2015-12-09 22:28:31,772 24528 DEBUG    [tempest_lib.common.rest_client] Request - Headers: {'Content-Type': 'application/json', 'Accept': 'application/json', 'X-Auth-Token': '&lt;omitted&gt;'}
        Body: None
    Response - Headers: {'status': '200', 'content-length': '1660', 'content-location': 'http://10.0.2.15:8774/v2.1/ea180a99955c47de806ceddf113fff53/servers/498f0f19-af0a-4f53-b9a4-9e4586ec0cdf', 'x-compute-request-id': 'req-400d91c0-ffe4-4c05-a050-f66fffa0c653', 'vary': 'X-OpenStack-Nova-API-Version', 'connection': 'close', 'x-openstack-nova-api-version': '2.1', 'date': 'Wed, 09 Dec 2015 22:28:31 GMT', 'content-type': 'application/json'}
        Body: {"server": {"status": "ACTIVE", "updated": "2015-12-09T22:28:29Z", "hostId": "4b535839c769494469ab87aff3ebdc9af4d5b71a6a869fe5aeae87d4", "addresses": {"tempest-network-smoke--21683813": [{"OS-EXT-IPS-MAC:mac_addr": "fa:16:3e:44:b3:3d", "version": 4, "addr": "10.100.0.3", "OS-EXT-IPS:type": "fixed"}]}, "links": [{"href": "http://10.0.2.15:8774/v2.1/ea180a99955c47de806ceddf113fff53/servers/498f0f19-af0a-4f53-b9a4-9e4586ec0cdf", "rel": "self"}, {"href": "http://10.0.2.15:8774/ea180a99955c47de806ceddf113fff53/servers/498f0f19-af0a-4f53-b9a4-9e4586ec0cdf", "rel": "bookmark"}], "key_name": "tempest-TestNetworkAdvancedServerOps-1233638946", "image": {"id": "913571a2-d776-4a5f-93db-f1171144203e", "links": [{"href": "http://10.0.2.15:8774/ea180a99955c47de806ceddf113fff53/images/913571a2-d776-4a5f-93db-f1171144203e", "rel": "bookmark"}]}, "OS-EXT-STS:task_state": null, "OS-EXT-STS:vm_state": "active", "OS-SRV-USG:launched_at": "2015-12-09T22:28:29.000000", "flavor": {"id": "42", "links": [{"href": "http://10.0.2.15:8774/ea180a99955c47de806ceddf113fff53/flavors/42", "rel": "bookmark"}]}, "id": "498f0f19-af0a-4f53-b9a4-9e4586ec0cdf", "security_groups": [{"name": "tempest-secgroup-smoke-484737912"}], "OS-SRV-USG:terminated_at": null, "OS-EXT-AZ:availability_zone": "nova", "user_id": "319cee0a6bba40f699c3446f85e9175c", "name": "tempest.common.compute-instance-1178521313", "created": "2015-12-09T22:28:26Z", "tenant_id": "ea180a99955c47de806ceddf113fff53", "OS-DCF:diskConfig": "MANUAL", "os-extended-volumes:volumes_attached": [], "accessIPv4": "", "accessIPv6": "", "progress": 0, "OS-EXT-STS:power_state": 1, "config_drive": "True", "metadata": {}}}
2015-12-09 22:28:31,784 24528 INFO     [tempest.scenario.manager] Tenant networks not configured to be reachable.
2015-12-09 22:28:31,799 24528 INFO     [tempest_lib.common.rest_client] Request (TestNetworkAdvancedServerOps:test_server_connectivity_pause_unpause): 200 GET http://10.0.2.15:9696/v2.0/floatingips/0a1a48d2-09c3-4a3d-83e7-d17c72d89f17 0.014s
2015-12-09 22:28:31,799 24528 DEBUG    [tempest_lib.common.rest_client] Request - Headers: {'Content-Type': 'application/json', 'Accept': 'application/json', 'X-Auth-Token': '&lt;omitted&gt;'}
        Body: None
    Response - Headers: {'status': '200', 'content-length': '367', 'content-location': 'http://10.0.2.15:9696/v2.0/floatingips/0a1a48d2-09c3-4a3d-83e7-d17c72d89f17', 'connection': 'close', 'date': 'Wed, 09 Dec 2015 22:28:31 GMT', 'content-type': 'application/json; charset=UTF-8', 'x-openstack-request-id': 'req-2861c9cd-2098-425e-b3fe-abdd75ba37ce'}
        Body: {"floatingip": {"floating_network_id": "fbf03017-dea2-410d-b763-10de6f78aca7", "router_id": "abdaafed-fa16-424c-9931-5f3cd10f6ee1", "fixed_ip_address": "10.100.0.3", "floating_ip_address": "172.24.4.4", "tenant_id": "ea180a99955c47de806ceddf113fff53", "status": "DOWN", "port_id": "deb29375-dea8-4609-85ca-652e6d1fd65e", "id": "0a1a48d2-09c3-4a3d-83e7-d17c72d89f17"}}
2015-12-09 22:28:32,815 24528 INFO     [tempest_lib.common.rest_client] Request (TestNetworkAdvancedServerOps:test_server_connectivity_pause_unpause): 200 GET http://10.0.2.15:9696/v2.0/floatingips/0a1a48d2-09c3-4a3d-83e7-d17c72d89f17 0.014s
2015-12-09 22:28:32,815 24528 DEBUG    [tempest_lib.common.rest_client] Request - Headers: {'Content-Type': 'application/json', 'Accept': 'application/json', 'X-Auth-Token': '&lt;omitted&gt;'}
        Body: None
    Response - Headers: {'status': '200', 'content-length': '369', 'content-location': 'http://10.0.2.15:9696/v2.0/floatingips/0a1a48d2-09c3-4a3d-83e7-d17c72d89f17', 'connection': 'close', 'date': 'Wed, 09 Dec 2015 22:28:32 GMT', 'content-type': 'application/json; charset=UTF-8', 'x-openstack-request-id': 'req-f0bcd336-c2df-4b01-aee5-51d14903385b'}
        Body: {"floatingip": {"floating_network_id": "fbf03017-dea2-410d-b763-10de6f78aca7", "router_id": "abdaafed-fa16-424c-9931-5f3cd10f6ee1", "fixed_ip_address": "10.100.0.3", "floating_ip_address": "172.24.4.4", "tenant_id": "ea180a99955c47de806ceddf113fff53", "status": "ACTIVE", "port_id": "deb29375-dea8-4609-85ca-652e6d1fd65e", "id": "0a1a48d2-09c3-4a3d-83e7-d17c72d89f17"}}
2015-12-09 22:28:32,816 24528 INFO     [tempest.scenario.manager] FloatingIP: &lt;"FloatingIP" addr="172.24.4.4" id="0a1a48d2-09c3-4a3d-83e7-d17c72d89f17"&gt; is at status: ACTIVE
2015-12-09 22:28:32,816 24528 DEBUG    [tempest.scenario.manager] checking network connections to IP 172.24.4.4 with user: cirros
2015-12-09 22:28:32,817 24528 DEBUG    [tempest.scenario.manager] TestNetworkAdvancedServerOps:test_server_connectivity_pause_unpause begins to ping 172.24.4.4 in 120 sec and the expected result is reachable
2015-12-09 22:30:34,090 24528 DEBUG    [tempest.scenario.manager] TestNetworkAdvancedServerOps:test_server_connectivity_pause_unpause finishes ping 172.24.4.4 in 120 sec and the ping result is unexpected
2015-12-09 22:30:34,092 24528 ERROR    [tempest.scenario.manager] Public network connectivity check failed
2015-12-09 22:30:34.092 24528 ERROR tempest.scenario.manager Traceback (most recent call last):
2015-12-09 22:30:34.092 24528 ERROR tempest.scenario.manager   File "tempest/scenario/manager.py", line 606, in check_public_network_connectivity
2015-12-09 22:30:34.092 24528 ERROR tempest.scenario.manager     should_connect=should_connect)
2015-12-09 22:30:34.092 24528 ERROR tempest.scenario.manager   File "tempest/scenario/manager.py", line 590, in check_vm_connectivity
2015-12-09 22:30:34.092 24528 ERROR tempest.scenario.manager     msg=msg)
2015-12-09 22:30:34.092 24528 ERROR tempest.scenario.manager   File "/usr/local/lib/python2.7/dist-packages/unittest2/case.py", line 702, in assertTrue
2015-12-09 22:30:34.092 24528 ERROR tempest.scenario.manager     raise self.failureException(msg)
2015-12-09 22:30:34.092 24528 ERROR tempest.scenario.manager AssertionError: False is not true : Timed out waiting for 172.24.4.4 to become reachable
2015-12-09 22:30:34.092 24528 ERROR tempest.scenario.manager 
2015-12-09 22:30:34,302 24528 INFO     [tempest_lib.common.rest_client] Request (TestNetworkAdvancedServerOps:test_server_connectivity_pause_unpause): 200 POST http://10.0.2.15:8774/v2.1/ea180a99955c47de806ceddf113fff53/servers/498f0f19-af0a-4f53-b9a4-9e4586ec0cdf/action 0.207s
2015-12-09 22:30:34,303 24528 DEBUG    [tempest_lib.common.rest_client] Request - Headers: {'Content-Type': 'application/json', 'Accept': 'application/json', 'X-Auth-Token': '&lt;omitted&gt;'}
        Body: {"os-getConsoleOutput": {}}
    Response - Headers: {'status': '200', 'content-length': '17429', 'x-compute-request-id': 'req-984009e8-d00c-4682-ae14-7789fa03ddb7', 'vary': 'X-OpenStack-Nova-API-Version', 'connection': 'close', 'x-openstack-nova-api-version': '2.1', 'date': 'Wed, 09 Dec 2015 22:30:34 GMT', 'content-type': 'application/json'}
        Body: {"output": "[    0.000000] Initializing cgroup subsys cpuset\n[    0.000000] Initializing cgroup subsys cpu\n[    0.000000] Linux version 3.2.0-80-virtual (buildd@batsu) (gcc version 4.6.3 (Ubuntu/Linaro 4.6.3-1ubuntu5) ) #116-Ubuntu SMP Mon Mar 23 17:28:52 UTC 2015 (Ubuntu 3.2.0-80.116-virtual 3.2.68)\n[    0.000000] Command line: root=/dev/vda console=tty0 console=ttyS0 no_timer_check\n[    0.000000] KERNEL supported cpus:\n[    0.000000]   Intel GenuineIntel\n[    0.000000]   AMD AuthenticAMD\n[    0.000000]   Centaur CentaurHauls\n[    0.000000] BIOS-provided physical RAM map:\n[    0.000000]  BIOS-e820: 0000000000000000 - 000000000009fc00 (usable)\n[    0.000000]  BIOS-e820: 000000000009fc00 - 00000000000a0000 (reserved)\n[    0.000000]  BIOS-e820: 00000000000f0000 - 0000000000100000 (reserved)\n[    0.000000]  BIOS-e820: 0000000000100000 - 0000000003ffe000 (usable)\n[    0.000000]  BIOS-e820: 0000000003ffe000 - 0000000004000000 (reserved)\n[    0.000000]  BIOS-e820: 00000000fffc0000 - 0000000100000000 (reserved)\n[    0.000000] NX (Execute Disable) protection: active\n[    0.000000] SMBIOS 2.4 present.\n[    0.000000] No AGP bridge found\n[    0.000000] last_pfn = 0x3ffe max_arch_pfn = 0x400000000\n[    0.000000] x86 PAT enabled: cpu 0, old 0x7040600070406, new 0x7010600070106\n[    0.000000] found SMP MP-table at [ffff8800000f0b00] f0b00\n[    0.000000] init_memory_mapping: 0000000000000000-0000000003ffe000\n[    0.000000] RAMDISK: 03c5e000 - 03ff0000\n[    0.000000] ACPI: RSDP 00000000000f0950 00014 (v00 BOCHS )\n[    0.000000] ACPI: RSDT 0000000003fffbc1 00034 (v01 BOCHS  BXPCRSDT 00000001 BXPC 00000001)\n[    0.000000] ACPI: FACP 0000000003fff1c0 00074 (v01 BOCHS  BXPCFACP 00000001 BXPC 00000001)\n[    0.000000] ACPI: DSDT 0000000003ffe040 01180 (v01 BOCHS  BXPCDSDT 00000001 BXPC 00000001)\n[    0.000000] ACPI: FACS 0000000003ffe000 00040\n[    0.000000] ACPI: SSDT 0000000003fff234 008DD (v01 BOCHS  BXPCSSDT 00000001 BXPC 00000001)\n[    0.000000] ACPI: APIC 0000000003fffb11 00078 (v01 BOCHS  BXPCAPIC 00000001 BXPC 00000001)\n[    0.000000] ACPI: HPET 0000000003fffb89 00038 (v01 BOCHS  BXPCHPET 00000001 BXPC 00000001)\n[    0.000000] No NUMA configuration found\n[    0.000000] Faking a node at 0000000000000000-0000000003ffe000\n[    0.000000] Initmem setup node 0 0000000000000000-0000000003ffe000\n[    0.000000]   NODE_DATA [0000000003ff6000 - 0000000003ffafff]\n[    0.000000] Zone PFN ranges:\n[    0.000000]   DMA      0x00000010 -&gt; 0x00001000\n[    0.000000]   DMA32    0x00001000 -&gt; 0x00100000\n[    0.000000]   Normal   empty\n[    0.000000] Movable zone start PFN for each node\n[    0.000000] early_node_map[2] active PFN ranges\n[    0.000000]     0: 0x00000010 -&gt; 0x0000009f\n[    0.000000]     0: 0x00000100 -&gt; 0x00003ffe\n[    0.000000] ACPI: PM-Timer IO Port: 0xb008\n[    0.000000] ACPI: LAPIC (acpi_id[0x00] lapic_id[0x00] enabled)\n[    0.000000] ACPI: LAPIC_NMI (acpi_id[0xff] dfl dfl lint[0x1])\n[    0.000000] ACPI: IOAPIC (id[0x00] address[0xfec00000] gsi_base[0])\n[    0.000000] IOAPIC[0]: apic_id 0, version 17, address 0xfec00000, GSI 0-23\n[    0.000000] ACPI: INT_SRC_OVR (bus 0 bus_irq 0 global_irq 2 dfl dfl)\n[    0.000000] ACPI: INT_SRC_OVR (bus 0 bus_irq 5 global_irq 5 high level)\n[    0.000000] ACPI: INT_SRC_OVR (bus 0 bus_irq 9 global_irq 9 high level)\n[    0.000000] ACPI: INT_SRC_OVR (bus 0 bus_irq 10 global_irq 10 high level)\n[    0.000000] ACPI: INT_SRC_OVR (bus 0 bus_irq 11 global_irq 11 high level)\n[    0.000000] Using ACPI (MADT) for SMP configuration information\n[    0.000000] ACPI: HPET id: 0x8086a201 base: 0xfed00000\n[    0.000000] SMP: Allowing 1 CPUs, 0 hotplug CPUs\n[    0.000000] PM: Registered nosave memory: 000000000009f000 - 00000000000a0000\n[    0.000000] PM: Registered nosave memory: 00000000000a0000 - 00000000000f0000\n[    0.000000] PM: Registered nosave memory: 00000000000f0000 - 0000000000100000\n[    0.000000] Allocating PCI resources starting at 4000000 (gap: 4000000:fbfc0000)\n[    0.000000] Booting paravirtualized kernel on bare hardware\n[    0.000000] setup_pe
2015-12-09 22:30:34,306 24528 DEBUG    [tempest.scenario.manager] Console output for 498f0f19-af0a-4f53-b9a4-9e4586ec0cdf
body=
[    0.000000] Initializing cgroup subsys cpuset
[    0.000000] Initializing cgroup subsys cpu
[    0.000000] Linux version 3.2.0-80-virtual (buildd@batsu) (gcc version 4.6.3 (Ubuntu/Linaro 4.6.3-1ubuntu5) ) #116-Ubuntu SMP Mon Mar 23 17:28:52 UTC 2015 (Ubuntu 3.2.0-80.116-virtual 3.2.68)
[    0.000000] Command line: root=/dev/vda console=tty0 console=ttyS0 no_timer_check
[    0.000000] KERNEL supported cpus:
[    0.000000]   Intel GenuineIntel
[    0.000000]   AMD AuthenticAMD
[    0.000000]   Centaur CentaurHauls
[    0.000000] BIOS-provided physical RAM map:
[    0.000000]  BIOS-e820: 0000000000000000 - 000000000009fc00 (usable)
[    0.000000]  BIOS-e820: 000000000009fc00 - 00000000000a0000 (reserved)
[    0.000000]  BIOS-e820: 00000000000f0000 - 0000000000100000 (reserved)
[    0.000000]  BIOS-e820: 0000000000100000 - 0000000003ffe000 (usable)
[    0.000000]  BIOS-e820: 0000000003ffe000 - 0000000004000000 (reserved)
[    0.000000]  BIOS-e820: 00000000fffc0000 - 0000000100000000 (reserved)
[    0.000000] NX (Execute Disable) protection: active
[    0.000000] SMBIOS 2.4 present.
[    0.000000] No AGP bridge found
[    0.000000] last_pfn = 0x3ffe max_arch_pfn = 0x400000000
[    0.000000] x86 PAT enabled: cpu 0, old 0x7040600070406, new 0x7010600070106
[    0.000000] found SMP MP-table at [ffff8800000f0b00] f0b00
[    0.000000] init_memory_mapping: 0000000000000000-0000000003ffe000
[    0.000000] RAMDISK: 03c5e000 - 03ff0000
[    0.000000] ACPI: RSDP 00000000000f0950 00014 (v00 BOCHS )
[    0.000000] ACPI: RSDT 0000000003fffbc1 00034 (v01 BOCHS  BXPCRSDT 00000001 BXPC 00000001)
[    0.000000] ACPI: FACP 0000000003fff1c0 00074 (v01 BOCHS  BXPCFACP 00000001 BXPC 00000001)
[    0.000000] ACPI: DSDT 0000000003ffe040 01180 (v01 BOCHS  BXPCDSDT 00000001 BXPC 00000001)
[    0.000000] ACPI: FACS 0000000003ffe000 00040
[    0.000000] ACPI: SSDT 0000000003fff234 008DD (v01 BOCHS  BXPCSSDT 00000001 BXPC 00000001)
[    0.000000] ACPI: APIC 0000000003fffb11 00078 (v01 BOCHS  BXPCAPIC 00000001 BXPC 00000001)
[    0.000000] ACPI: HPET 0000000003fffb89 00038 (v01 BOCHS  BXPCHPET 00000001 BXPC 00000001)
[    0.000000] No NUMA configuration found
[    0.000000] Faking a node at 0000000000000000-0000000003ffe000
[    0.000000] Initmem setup node 0 0000000000000000-0000000003ffe000
[    0.000000]   NODE_DATA [0000000003ff6000 - 0000000003ffafff]
[    0.000000] Zone PFN ranges:
[    0.000000]   DMA      0x00000010 -&gt; 0x00001000
[    0.000000]   DMA32    0x00001000 -&gt; 0x00100000
[    0.000000]   Normal   empty
[    0.000000] Movable zone start PFN for each node
[    0.000000] early_node_map[2] active PFN ranges
[    0.000000]     0: 0x00000010 -&gt; 0x0000009f
[    0.000000]     0: 0x00000100 -&gt; 0x00003ffe
[    0.000000] ACPI: PM-Timer IO Port: 0xb008
[    0.000000] ACPI: LAPIC (acpi_id[0x00] lapic_id[0x00] enabled)
[    0.000000] ACPI: LAPIC_NMI (acpi_id[0xff] dfl dfl lint[0x1])
[    0.000000] ACPI: IOAPIC (id[0x00] address[0xfec00000] gsi_base[0])
[    0.000000] IOAPIC[0]: apic_id 0, version 17, address 0xfec00000, GSI 0-23
[    0.000000] ACPI: INT_SRC_OVR (bus 0 bus_irq 0 global_irq 2 dfl dfl)
[    0.000000] ACPI: INT_SRC_OVR (bus 0 bus_irq 5 global_irq 5 high level)
[    0.000000] ACPI: INT_SRC_OVR (bus 0 bus_irq 9 global_irq 9 high level)
[    0.000000] ACPI: INT_SRC_OVR (bus 0 bus_irq 10 global_irq 10 high level)
[    0.000000] ACPI: INT_SRC_OVR (bus 0 bus_irq 11 global_irq 11 high level)
[    0.000000] Using ACPI (MADT) for SMP configuration information
[    0.000000] ACPI: HPET id: 0x8086a201 base: 0xfed00000
[    0.000000] SMP: Allowing 1 CPUs, 0 hotplug CPUs
[    0.000000] PM: Registered nosave memory: 000000000009f000 - 00000000000a0000
[    0.000000] PM: Registered nosave memory: 00000000000a0000 - 00000000000f0000
[    0.000000] PM: Registered nosave memory: 00000000000f0000 - 0000000000100000
[    0.000000] Allocating PCI resources starting at 4000000 (gap: 4000000:fbfc0000)
[    0.000000] Booting paravirtualized kernel on bare hardware
[    0.000000] setup_percpu: NR_CPUS:64 nr_cpumask_bits:64 nr_cpu_ids:1 nr_node_ids:1
[    0.000000] PERCPU: Embedded 27 pages/cpu @ffff880003a00000 s78848 r8192 d23552 u2097152
[    0.000000] Built 1 zonelists in Node order, mobility grouping on.  Total pages: 16008
[    0.000000] Policy zone: DMA32
[    0.000000] Kernel command line: root=/dev/vda console=tty0 console=ttyS0 no_timer_check
[    0.000000] PID hash table entries: 256 (order: -1, 2048 bytes)
[    0.000000] Checking aperture...
[    0.000000] No AGP bridge found
[    0.000000] Memory: 43492k/65528k available (6576k kernel code, 452k absent, 21584k reserved, 6620k data, 928k init)
[    0.000000] SLUB: Genslabs=15, HWalign=64, Order=0-3, MinObjects=0, CPUs=1, Nodes=1
[    0.000000] Hierarchical RCU implementation.
[    0.000000] 	RCU dyntick-idle grace-period acceleration is enabled.
[    0.000000] NR_IRQS:4352 nr_irqs:256 16
[    0.000000] Console: colour VGA+ 80x25
[    0.000000] console [tty0] enabled
[    0.000000] console [ttyS0] enabled
[    0.000000] allocated 1048576 bytes of page_cgroup
[    0.000000] please try 'cgroup_disable=memory' option if you don't want memory cgroups
[    0.000000] Fast TSC calibration failed
[    0.000000] TSC: Unable to calibrate against PIT
[    0.000000] TSC: using HPET reference calibration
[    0.000000] Detected 2294.999 MHz processor.
[    0.036937] Calibrating delay loop (skipped), value calculated using timer frequency.. 4589.99 BogoMIPS (lpj=9179996)
[    0.038834] pid_max: default: 32768 minimum: 301
[    0.048491] Security Framework initialized
[    0.052978] AppArmor: AppArmor initialized
[    0.054025] Yama: becoming mindful.
[    0.061835] Dentry cache hash table entries: 8192 (order: 4, 65536 bytes)
[    0.064145] Inode-cache hash table entries: 4096 (order: 3, 32768 bytes)
[    0.065617] Mount-cache hash table entries: 256
[    0.082053] Initializing cgroup subsys cpuacct
[    0.083386] Initializing cgroup subsys memory
[    0.084782] Initializing cgroup subsys devices
[    0.085544] Initializing cgroup subsys freezer
[    0.088292] Initializing cgroup subsys blkio
[    0.089596] Initializing cgroup subsys perf_event
[    0.097573] mce: CPU supports 10 MCE banks
[    0.104222] SMP alternatives: switching to UP code
[    0.525263] Freeing SMP alternatives: 24k freed
[    0.528602] ACPI: Core revision 20110623
[    0.577753] ftrace: allocating 26610 entries in 105 pages
[    0.613286] ..TIMER: vector=0x30 apic1=0 pin1=2 apic2=-1 pin2=-1
[    0.614597] CPU0: AMD QEMU Virtual CPU version 2.0.0 stepping 03
[    0.620038] Performance Events: Broken PMU hardware detected, using software events only.
[    0.632393] NMI watchdog disabled (cpu0): hardware events not enabled
[    0.636132] Brought up 1 CPUs
[    0.636644] Total of 1 processors activated (4589.99 BogoMIPS).
[    0.659204] devtmpfs: initialized
[    0.695109] EVM: security.selinux
[    0.696086] EVM: security.SMACK64
[    0.696980] EVM: security.capability
[    0.725991] print_constraints: dummy: 
[    0.728642] RTC time: 22:28:33, date: 12/09/15
[    0.730837] NET: Registered protocol family 16
[    0.741347] ACPI: bus type pci registered
[    0.745235] PCI: Using configuration type 1 for base access
[    0.780948] bio: create slab &lt;bio-0&gt; at 0
[    0.786446] ACPI: Added _OSI(Module Device)
[    0.787059] ACPI: Added _OSI(Processor Device)
[    0.788103] ACPI: Added _OSI(3.0 _SCP Extensions)
[    0.788651] ACPI: Added _OSI(Processor Aggregator Device)
[    0.866499] ACPI: Interpreter enabled
[    0.867020] ACPI: (supports S0 S3 S4 S5)
[    0.869545] ACPI: Using IOAPIC for interrupt routing
[    0.962905] ACPI: No dock devices found.
[    0.964312] HEST: Table not found.
[    0.965744] PCI: Using host bridge windows from ACPI; if necessary, use "pci=nocrs" and report a bug
[    0.974914] ACPI: PCI Root Bridge [PCI0] (domain 0000 [bus 00-ff])
[    0.981753] pci_root PNP0A03:00: host bridge window [io  0x0000-0x0cf7]
[    0.982753] pci_root PNP0A03:00: host bridge window [io  0x0d00-0xadff]
[    0.984121] pci_root PNP0A03:00: host bridge window [io  0xae0f-0xaeff]
[    0.985372] pci_root PNP0A03:00: host bridge window [io  0xaf20-0xafdf]
[    0.986409] pci_root PNP0A03:00: host bridge window [io  0xafe4-0xffff]
[    0.988182] pci_root PNP0A03:00: host bridge window [mem 0x000a0000-0x000bffff]
[    0.989068] pci_root PNP0A03:00: host bridge window [mem 0x04000000-0xfebfffff]
[    1.014113] pci 0000:00:01.3: quirk: [io  0xb000-0xb03f] claimed by PIIX4 ACPI
[    1.017216] pci 0000:00:01.3: quirk: [io  0xb100-0xb10f] claimed by PIIX4 SMB
[    1.086975]  pci0000:00: Unable to request _OSC control (_OSC support mask: 0x1e)
[    1.152604] ACPI: PCI Interrupt Link [LNKA] (IRQs 5 *10 11)
[    1.155195] ACPI: PCI Interrupt Link [LNKB] (IRQs 5 *10 11)
[    1.157253] ACPI: PCI Interrupt Link [LNKC] (IRQs 5 10 *11)
[    1.158395] ACPI: PCI Interrupt Link [LNKD] (IRQs 5 10 *11)
[    1.161015] ACPI: PCI Interrupt Link [LNKS] (IRQs *9)
[    1.168644] vgaarb: device added: PCI:0000:00:02.0,decodes=io+mem,owns=io+mem,locks=none
[    1.169626] vgaarb: loaded
[    1.169999] vgaarb: bridge control possible 0000:00:02.0
[    1.173825] i2c-core: driver [aat2870] using legacy suspend method
[    1.175067] i2c-core: driver [aat2870] using legacy resume method
[    1.177610] SCSI subsystem initialized
[    1.181560] usbcore: registered new interface driver usbfs
[    1.182680] usbcore: registered new interface driver hub
[    1.184755] usbcore: registered new device driver usb
[    1.188832] PCI: Using ACPI for IRQ routing
[    1.200694] NetLabel: Initializing
[    1.201194] NetLabel:  domain hash size = 128
[    1.201775] NetLabel:  protocols = UNLABELED CIPSOv4
[    1.204333] NetLabel:  unlabeled traffic allowed by default
[    1.206394] HPET: 3 timers in total, 0 timers will be used for per-cpu timer
[    1.207474] hpet0: at MMIO 0xfed00000, IRQs 2, 8, 0
[    1.208633] hpet0: 3 comparators, 64-bit 100.000000 MHz counter
[    1.221026] Switching to clocksource hpet
[    1.461789] AppArmor: AppArmor Filesystem Enabled
[    1.463228] pnp: PnP ACPI init
[    1.463843] ACPI: bus type pnp registered
[    1.489914] pnp: PnP ACPI: found 9 devices
[    1.490511] ACPI: ACPI bus type pnp unregistered
[    1.549461] NET: Registered protocol family 2
[    1.586431] IP route cache hash table entries: 512 (order: 0, 4096 bytes)
[    1.595186] TCP established hash table entries: 2048 (order: 3, 32768 bytes)
[    1.597694] TCP bind hash table entries: 2048 (order: 3, 32768 bytes)
[    1.598580] TCP: Hash tables configured (established 2048 bind 2048)
[    1.599615] TCP reno registered
[    1.600102] UDP hash table entries: 128 (order: 0, 4096 bytes)
[    1.601831] UDP-Lite hash table entries: 128 (order: 0, 4096 bytes)
[    1.604180] NET: Registered protocol family 1
[    1.605738] pci 0000:00:00.0: Limiting direct PCI/PCI transfers
[    1.606477] pci 0000:00:01.0: PIIX3: Enabling Passive Release
[    1.607337] pci 0000:00:01.0: Activating ISA DMA hang workarounds
[    1.613546] ACPI: PCI Interrupt Link [LNKD] enabled at IRQ 11
[    1.614630] pci 0000:00:01.2: PCI INT D -&gt; Link[LNKD] -&gt; GSI 11 (level, high) -&gt; IRQ 11
[    1.617492] pci 0000:00:01.2: PCI INT D disabled
[    1.637271] Trying to unpack rootfs image as initramfs...
[    1.657201] audit: initializing netlink socket (disabled)
[    1.658607] type=2000 audit(1449700113.656:1): initialized
[    1.947200] HugeTLB registered 2 MB page size, pre-allocated 0 pages
[    2.023422] VFS: Disk quotas dquot_6.5.2
[    2.025967] Dquot-cache hash table entries: 512 (order 0, 4096 bytes)
[    2.040070] fuse init (API version 7.17)
[    2.043809] msgmni has been set to 84
[    2.078257] Block layer SCSI generic (bsg) driver version 0.4 loaded (major 253)
[    2.079824] io scheduler noop registered
[    2.081235] io scheduler deadline registered (default)
[    2.082249] io scheduler cfq registered
[    2.085780] pci_hotplug: PCI Hot Plug PCI Core version: 0.5
[    2.087512] pciehp: PCI Express Hot Plug Controller Driver version: 0.4
[    2.093132] input: Power Button as /devices/LNXSYSTM:00/LNXPWRBN:00/input/input0
[    2.094594] ACPI: Power Button [PWRF]
[    2.146542] ERST: Table is not found!
[    2.147051] GHES: HEST is not enabled!
[    2.154290] ACPI: PCI Interrupt Link [LNKC] enabled at IRQ 10
[    2.155120] virtio-pci 0000:00:03.0: PCI INT A -&gt; Link[LNKC] -&gt; GSI 10 (level, high) -&gt; IRQ 10
[    2.160176] virtio-pci 0000:00:04.0: PCI INT A -&gt; Link[LNKD] -&gt; GSI 11 (level, high) -&gt; IRQ 11
[    2.207434] ACPI: PCI Interrupt Link [LNKA] enabled at IRQ 10
[    2.208979] virtio-pci 0000:00:05.0: PCI INT A -&gt; Link[LNKA] -&gt; GSI 10 (level, high) -&gt; IRQ 10
[    2.215639] Serial: 8250/16550 driver, 32 ports, IRQ sharing enabled
[    2.257184] serial8250: ttyS0 at I/O 0x3f8 (irq = 4) is a 16550A
[    2.324151] serial8250: ttyS1 at I/O 0x2f8 (irq = 3) is a 16550A
[    2.461956] 00:05: ttyS0 at I/O 0x3f8 (irq = 4) is a 16550A
[    2.543431] 00:06: ttyS1 at I/O 0x2f8 (irq = 3) is a 16550A
[    2.602836] Linux agpgart interface v0.103
[    2.623149] Refined TSC clocksource calibration: 2295.125 MHz.
[    2.623927] Switching to clocksource tsc
[    2.668605] brd: module loaded
[    2.696944] loop: module loaded
[    2.739826]  vda: unknown partition table
[    2.797943] scsi0 : ata_piix
[    2.800194] scsi1 : ata_piix
[    2.802269] ata1: PATA max MWDMA2 cmd 0x1f0 ctl 0x3f6 bmdma 0xc0a0 irq 14
[    2.803066] ata2: PATA max MWDMA2 cmd 0x170 ctl 0x376 bmdma 0xc0a8 irq 15
[    2.812706] Fixed MDIO Bus: probed
[    2.813905] tun: Universal TUN/TAP device driver, 1.6
[    2.814466] tun: (C) 1999-2004 Max Krasnyansky &lt;maxk@qualcomm.com&gt;
[    2.826922] PPP generic driver version 2.4.2
[    2.830862] ehci_hcd: USB 2.0 'Enhanced' Host Controller (EHCI) Driver
[    2.831918] ohci_hcd: USB 1.1 'Open' Host Controller (OHCI) Driver
[    2.834013] uhci_hcd: USB Universal Host Controller Interface driver
[    2.834987] uhci_hcd 0000:00:01.2: PCI INT D -&gt; Link[LNKD] -&gt; GSI 11 (level, high) -&gt; IRQ 11
[    2.838545] uhci_hcd 0000:00:01.2: UHCI Host Controller
[    2.857975] uhci_hcd 0000:00:01.2: new USB bus registered, assigned bus number 1
[    2.859751] uhci_hcd 0000:00:01.2: irq 11, io base 0x0000c040
[    2.882424] hub 1-0:1.0: USB hub found
[    2.883858] hub 1-0:1.0: 2 ports detected
[    2.896030] usbcore: registered new interface driver libusual
[    2.903419] i8042: PNP: PS/2 Controller [PNP0303:KBD,PNP0f13:MOU] at 0x60,0x64 irq 1,12
[    2.915434] serio: i8042 KBD port at 0x60,0x64 irq 1
[    2.917940] serio: i8042 AUX port at 0x60,0x64 irq 12
[    2.975122] mousedev: PS/2 mouse device common for all mice
[    2.989361] input: AT Translated Set 2 keyboard as /devices/platform/i8042/serio0/input/input1
[    2.994316] rtc_cmos 00:01: RTC can wake from S4
[    3.021721] rtc_cmos 00:01: rtc core: registered rtc_cmos as rtc0
[    3.027834] rtc0: alarms up to one day, 114 bytes nvram, hpet irqs
[    3.034585] device-mapper: uevent: version 1.0.3
[    3.062599] ata2.01: ATAPI: QEMU DVD-ROM, 2.0.0, max UDMA/100
[    3.069351] ata2.01: configured for MWDMA2
[    3.102910] device-mapper: ioctl: 4.22.0-ioctl (2011-10-19) initialised: dm-devel@redhat.com
[    3.106993] cpuidle: using governor ladder
[    3.107902] cpuidle: using governor menu
[    3.109690] EFI Variables Facility v0.08 2004-May-17
[    3.118451] TCP cubic registered
[    3.122861] NET: Registered protocol family 10
[    3.156821] NET: Registered protocol family 17
[    3.158020] Registering the dns_resolver key type
[    3.171436] scsi 1:0:1:0: CD-ROM            QEMU     QEMU DVD-ROM     2.0. PQ: 0 ANSI: 5
[    3.195458] sr0: scsi3-mmc drive: 4x/4x cd/rw xa/form2 tray
[    3.197046] cdrom: Uniform CD-ROM driver Revision: 3.20
[    3.212253] sr 1:0:1:0: Attached scsi generic sg0 type 5
[    3.270580] registered taskstats version 1
[    3.300618] Freeing initrd memory: 3656k freed
[    3.779796]   Magic number: 11:972:501
[    3.796091] rtc_cmos 00:01: setting system clock to 2015-12-09 22:28:36 UTC (1449700116)
[    3.801427] powernow-k8: Processor cpuid 663 not supported
[    3.810014] BIOS EDD facility v0.16 2004-Jun-25, 0 devices found
[    3.811918] EDD information not available.
[    3.872739] Freeing unused kernel memory: 928k freed
[    3.877728] Write protecting the kernel read-only data: 12288k
[    4.003421] Freeing unused kernel memory: 1596k freed
[    4.103753] Freeing unused kernel memory: 1184k freed

info: initramfs: up at 4.29
modprobe: module virtio_blk not found in modules.dep
modprobe: module virtio_net not found in modules.dep
info: copying initramfs to /dev/vda
info: initramfs loading root from /dev/vda
info: /etc/init.d/rc.sysinit: up at 8.99
info: container: none
Starting logging: OK
modprobe: module virtio_blk not found in modules.dep
modprobe: module virtio_net not found in modules.dep
WARN: /etc/rc3.d/S10-load-modules failed
Initializing random number generator... done.
Starting acpid: OK
cirros-ds 'local' up at 11.55
found datasource (configdrive, local)
Starting network...
udhcpc (v1.20.1) started
Sending discover...
Sending discover...

2015-12-09 22:30:34,604 24528 INFO     [tempest_lib.common.rest_client] Request (TestNetworkAdvancedServerOps:_run_cleanups): 204 DELETE http://10.0.2.15:9696/v2.0/floatingips/0a1a48d2-09c3-4a3d-83e7-d17c72d89f17 0.292s
2015-12-09 22:30:34,604 24528 DEBUG    [tempest_lib.common.rest_client] Request - Headers: {'Content-Type': 'application/json', 'Accept': 'application/json', 'X-Auth-Token': '&lt;omitted&gt;'}
        Body: None
    Response - Headers: {'date': 'Wed, 09 Dec 2015 22:30:34 GMT', 'status': '204', 'connection': 'close', 'content-length': '0', 'x-openstack-request-id': 'req-6ecaef15-baaa-4161-86c2-78a78a34d58d'}
        Body: 
2015-12-09 22:30:34,839 24528 INFO     [tempest_lib.common.rest_client] Request (TestNetworkAdvancedServerOps:_run_cleanups): 204 DELETE http://10.0.2.15:8774/v2.1/ea180a99955c47de806ceddf113fff53/servers/498f0f19-af0a-4f53-b9a4-9e4586ec0cdf 0.234s
2015-12-09 22:30:34,840 24528 DEBUG    [tempest_lib.common.rest_client] Request - Headers: {'Content-Type': 'application/json', 'Accept': 'application/json', 'X-Auth-Token': '&lt;omitted&gt;'}
        Body: None
    Response - Headers: {'status': '204', 'content-length': '0', 'x-compute-request-id': 'req-eff2629b-ad58-4e4b-a26f-649765878cc9', 'vary': 'X-OpenStack-Nova-API-Version', 'connection': 'close', 'x-openstack-nova-api-version': '2.1', 'date': 'Wed, 09 Dec 2015 22:30:34 GMT', 'content-type': 'application/json'}
        Body: 
2015-12-09 22:30:35,133 24528 INFO     [tempest_lib.common.rest_client] Request (TestNetworkAdvancedServerOps:_run_cleanups): 200 GET http://10.0.2.15:8774/v2.1/ea180a99955c47de806ceddf113fff53/servers/498f0f19-af0a-4f53-b9a4-9e4586ec0cdf 0.293s
2015-12-09 22:30:35,133 24528 DEBUG    [tempest_lib.common.rest_client] Request - Headers: {'Content-Type': 'application/json', 'Accept': 'application/json', 'X-Auth-Token': '&lt;omitted&gt;'}
        Body: None
    Response - Headers: {'status': '200', 'content-length': '1783', 'content-location': 'http://10.0.2.15:8774/v2.1/ea180a99955c47de806ceddf113fff53/servers/498f0f19-af0a-4f53-b9a4-9e4586ec0cdf', 'x-compute-request-id': 'req-e3c0ab04-d6dd-4ce0-bb24-92824c99c827', 'vary': 'X-OpenStack-Nova-API-Version', 'connection': 'close', 'x-openstack-nova-api-version': '2.1', 'date': 'Wed, 09 Dec 2015 22:30:35 GMT', 'content-type': 'application/json'}
        Body: {"server": {"status": "ACTIVE", "updated": "2015-12-09T22:30:34Z", "hostId": "4b535839c769494469ab87aff3ebdc9af4d5b71a6a869fe5aeae87d4", "addresses": {"tempest-network-smoke--21683813": [{"OS-EXT-IPS-MAC:mac_addr": "fa:16:3e:44:b3:3d", "version": 4, "addr": "10.100.0.3", "OS-EXT-IPS:type": "fixed"}, {"OS-EXT-IPS-MAC:mac_addr": "fa:16:3e:44:b3:3d", "version": 4, "addr": "172.24.4.4", "OS-EXT-IPS:type": "floating"}]}, "links": [{"href": "http://10.0.2.15:8774/v2.1/ea180a99955c47de806ceddf113fff53/servers/498f0f19-af0a-4f53-b9a4-9e4586ec0cdf", "rel": "self"}, {"href": "http://10.0.2.15:8774/ea180a99955c47de806ceddf113fff53/servers/498f0f19-af0a-4f53-b9a4-9e4586ec0cdf", "rel": "bookmark"}], "key_name": "tempest-TestNetworkAdvancedServerOps-1233638946", "image": {"id": "913571a2-d776-4a5f-93db-f1171144203e", "links": [{"href": "http://10.0.2.15:8774/ea180a99955c47de806ceddf113fff53/images/913571a2-d776-4a5f-93db-f1171144203e", "rel": "bookmark"}]}, "OS-EXT-STS:task_state": "deleting", "OS-EXT-STS:vm_state": "active", "OS-SRV-USG:launched_at": "2015-12-09T22:28:29.000000", "flavor": {"id": "42", "links": [{"href": "http://10.0.2.15:8774/ea180a99955c47de806ceddf113fff53/flavors/42", "rel": "bookmark"}]}, "id": "498f0f19-af0a-4f53-b9a4-9e4586ec0cdf", "security_groups": [{"name": "tempest-secgroup-smoke-484737912"}], "OS-SRV-USG:terminated_at": null, "OS-EXT-AZ:availability_zone": "nova", "user_id": "319cee0a6bba40f699c3446f85e9175c", "name": "tempest.common.compute-instance-1178521313", "created": "2015-12-09T22:28:26Z", "tenant_id": "ea180a99955c47de806ceddf113fff53", "OS-DCF:diskConfig": "MANUAL", "os-extended-volumes:volumes_attached": [], "accessIPv4": "", "accessIPv6": "", "progress": 0, "OS-EXT-STS:power_state": 1, "config_drive": "True", "metadata": {}}}
2015-12-09 22:30:36,272 24528 INFO     [tempest_lib.common.rest_client] Request (TestNetworkAdvancedServerOps:_run_cleanups): 200 GET http://10.0.2.15:8774/v2.1/ea180a99955c47de806ceddf113fff53/servers/498f0f19-af0a-4f53-b9a4-9e4586ec0cdf 0.126s
2015-12-09 22:30:36,273 24528 DEBUG    [tempest_lib.common.rest_client] Request - Headers: {'Content-Type': 'application/json', 'Accept': 'application/json', 'X-Auth-Token': '&lt;omitted&gt;'}
        Body: None
    Response - Headers: {'status': '200', 'content-length': '1450', 'content-location': 'http://10.0.2.15:8774/v2.1/ea180a99955c47de806ceddf113fff53/servers/498f0f19-af0a-4f53-b9a4-9e4586ec0cdf', 'x-compute-request-id': 'req-24e36fc4-dcc9-4774-b35e-4cb0c84e570d', 'vary': 'X-OpenStack-Nova-API-Version', 'connection': 'close', 'x-openstack-nova-api-version': '2.1', 'date': 'Wed, 09 Dec 2015 22:30:36 GMT', 'content-type': 'application/json'}
        Body: {"server": {"status": "ACTIVE", "updated": "2015-12-09T22:30:35Z", "hostId": "4b535839c769494469ab87aff3ebdc9af4d5b71a6a869fe5aeae87d4", "addresses": {}, "links": [{"href": "http://10.0.2.15:8774/v2.1/ea180a99955c47de806ceddf113fff53/servers/498f0f19-af0a-4f53-b9a4-9e4586ec0cdf", "rel": "self"}, {"href": "http://10.0.2.15:8774/ea180a99955c47de806ceddf113fff53/servers/498f0f19-af0a-4f53-b9a4-9e4586ec0cdf", "rel": "bookmark"}], "key_name": "tempest-TestNetworkAdvancedServerOps-1233638946", "image": {"id": "913571a2-d776-4a5f-93db-f1171144203e", "links": [{"href": "http://10.0.2.15:8774/ea180a99955c47de806ceddf113fff53/images/913571a2-d776-4a5f-93db-f1171144203e", "rel": "bookmark"}]}, "OS-EXT-STS:task_state": "deleting", "OS-EXT-STS:vm_state": "active", "OS-SRV-USG:launched_at": "2015-12-09T22:28:29.000000", "flavor": {"id": "42", "links": [{"href": "http://10.0.2.15:8774/ea180a99955c47de806ceddf113fff53/flavors/42", "rel": "bookmark"}]}, "id": "498f0f19-af0a-4f53-b9a4-9e4586ec0cdf", "OS-SRV-USG:terminated_at": null, "OS-EXT-AZ:availability_zone": "nova", "user_id": "319cee0a6bba40f699c3446f85e9175c", "name": "tempest.common.compute-instance-1178521313", "created": "2015-12-09T22:28:26Z", "tenant_id": "ea180a99955c47de806ceddf113fff53", "OS-DCF:diskConfig": "MANUAL", "os-extended-volumes:volumes_attached": [], "accessIPv4": "", "accessIPv6": "", "progress": 0, "OS-EXT-STS:power_state": 1, "config_drive": "True", "metadata": {}}}
2015-12-09 22:30:37,371 24528 INFO     [tempest_lib.common.rest_client] Request (TestNetworkAdvancedServerOps:_run_cleanups): 404 GET http://10.0.2.15:8774/v2.1/ea180a99955c47de806ceddf113fff53/servers/498f0f19-af0a-4f53-b9a4-9e4586ec0cdf 0.087s
2015-12-09 22:30:37,372 24528 DEBUG    [tempest_lib.common.rest_client] Request - Headers: {'Content-Type': 'application/json', 'Accept': 'application/json', 'X-Auth-Token': '&lt;omitted&gt;'}
        Body: None
    Response - Headers: {'status': '404', 'content-length': '111', 'x-compute-request-id': 'req-72b03bfd-9b20-4461-9a10-870406f68318', 'vary': 'X-OpenStack-Nova-API-Version', 'connection': 'close', 'x-openstack-nova-api-version': '2.1', 'date': 'Wed, 09 Dec 2015 22:30:37 GMT', 'content-type': 'application/json; charset=UTF-8'}
        Body: {"itemNotFound": {"message": "Instance 498f0f19-af0a-4f53-b9a4-9e4586ec0cdf could not be found.", "code": 404}}
2015-12-09 22:30:37,812 24528 INFO     [tempest_lib.common.rest_client] Request (TestNetworkAdvancedServerOps:_run_cleanups): 200 PUT http://10.0.2.15:9696/v2.0/routers/abdaafed-fa16-424c-9931-5f3cd10f6ee1/remove_router_interface 0.439s
2015-12-09 22:30:37,813 24528 DEBUG    [tempest_lib.common.rest_client] Request - Headers: {'Content-Type': 'application/json', 'Accept': 'application/json', 'X-Auth-Token': '&lt;omitted&gt;'}
        Body: {"subnet_id": "1364ab0c-6113-463f-b574-ed8d506cd2b7"}
    Response - Headers: {'status': '200', 'content-length': '255', 'connection': 'close', 'date': 'Wed, 09 Dec 2015 22:30:37 GMT', 'content-type': 'application/json; charset=UTF-8', 'x-openstack-request-id': 'req-7f4d8d80-e495-41e2-b5d1-cf060f910aa8'}
        Body: {"subnet_id": "1364ab0c-6113-463f-b574-ed8d506cd2b7", "tenant_id": "ea180a99955c47de806ceddf113fff53", "subnet_ids": ["1364ab0c-6113-463f-b574-ed8d506cd2b7"], "port_id": "4c35436d-328a-42ff-8cf6-c7dc6b45b809", "id": "abdaafed-fa16-424c-9931-5f3cd10f6ee1"}
2015-12-09 22:30:38,411 24528 INFO     [tempest_lib.common.rest_client] Request (TestNetworkAdvancedServerOps:_run_cleanups): 204 DELETE http://10.0.2.15:9696/v2.0/subnets/1364ab0c-6113-463f-b574-ed8d506cd2b7 0.597s
2015-12-09 22:30:38,411 24528 DEBUG    [tempest_lib.common.rest_client] Request - Headers: {'Content-Type': 'application/json', 'Accept': 'application/json', 'X-Auth-Token': '&lt;omitted&gt;'}
        Body: None
    Response - Headers: {'date': 'Wed, 09 Dec 2015 22:30:38 GMT', 'status': '204', 'connection': 'close', 'content-length': '0', 'x-openstack-request-id': 'req-f0aecf46-6060-4e8a-9202-49c14ca6cb0f'}
        Body: 
2015-12-09 22:30:38,468 24528 INFO     [tempest_lib.common.rest_client] Request (TestNetworkAdvancedServerOps:_run_cleanups): 200 GET http://10.0.2.15:9696/v2.0/routers/abdaafed-fa16-424c-9931-5f3cd10f6ee1 0.056s
2015-12-09 22:30:38,469 24528 DEBUG    [tempest_lib.common.rest_client] Request - Headers: {'Content-Type': 'application/json', 'Accept': 'application/json', 'X-Auth-Token': '&lt;omitted&gt;'}
        Body: None
    Response - Headers: {'status': '200', 'content-length': '563', 'content-location': 'http://10.0.2.15:9696/v2.0/routers/abdaafed-fa16-424c-9931-5f3cd10f6ee1', 'connection': 'close', 'date': 'Wed, 09 Dec 2015 22:30:38 GMT', 'content-type': 'application/json; charset=UTF-8', 'x-openstack-request-id': 'req-7c0ab7ee-a73d-4210-8256-b0c5ded75484'}
        Body: {"router": {"status": "ACTIVE", "external_gateway_info": {"network_id": "fbf03017-dea2-410d-b763-10de6f78aca7", "enable_snat": true, "external_fixed_ips": [{"subnet_id": "ccbee733-b5dc-49ca-8ec9-5c83b38f518e", "ip_address": "172.24.4.3"}, {"subnet_id": "ae12be5d-f2bc-44ca-953d-6a6d7d76fe5d", "ip_address": "2001:db8::4"}]}, "availability_zone_hints": [], "availability_zones": ["nova"], "name": "tempest-router-smoke-208188013", "admin_state_up": true, "tenant_id": "ea180a99955c47de806ceddf113fff53", "routes": [], "id": "abdaafed-fa16-424c-9931-5f3cd10f6ee1"}}
2015-12-09 22:30:38,908 24528 INFO     [tempest_lib.common.rest_client] Request (TestNetworkAdvancedServerOps:_run_cleanups): 200 PUT http://10.0.2.15:9696/v2.0/routers/abdaafed-fa16-424c-9931-5f3cd10f6ee1 0.438s
2015-12-09 22:30:38,909 24528 DEBUG    [tempest_lib.common.rest_client] Request - Headers: {'Content-Type': 'application/json', 'Accept': 'application/json', 'X-Auth-Token': '&lt;omitted&gt;'}
        Body: {"router": {"external_gateway_info": {}, "name": "tempest-router-smoke-208188013", "admin_state_up": true}}
    Response - Headers: {'status': '200', 'content-length': '301', 'connection': 'close', 'date': 'Wed, 09 Dec 2015 22:30:38 GMT', 'content-type': 'application/json; charset=UTF-8', 'x-openstack-request-id': 'req-47c48c99-59ae-442f-be95-62db7f3eda8b'}
        Body: {"router": {"status": "ACTIVE", "external_gateway_info": null, "availability_zone_hints": [], "availability_zones": ["nova"], "name": "tempest-router-smoke-208188013", "admin_state_up": true, "tenant_id": "ea180a99955c47de806ceddf113fff53", "routes": [], "id": "abdaafed-fa16-424c-9931-5f3cd10f6ee1"}}
2015-12-09 22:30:39,251 24528 INFO     [tempest_lib.common.rest_client] Request (TestNetworkAdvancedServerOps:_run_cleanups): 204 DELETE http://10.0.2.15:9696/v2.0/routers/abdaafed-fa16-424c-9931-5f3cd10f6ee1 0.341s
2015-12-09 22:30:39,252 24528 DEBUG    [tempest_lib.common.rest_client] Request - Headers: {'Content-Type': 'application/json', 'Accept': 'application/json', 'X-Auth-Token': '&lt;omitted&gt;'}
        Body: None
    Response - Headers: {'date': 'Wed, 09 Dec 2015 22:30:39 GMT', 'status': '204', 'connection': 'close', 'content-length': '0', 'x-openstack-request-id': 'req-d39eb936-6ae7-43b2-9376-84ff0d1f6d1b'}
        Body: 
2015-12-09 22:30:39,466 24528 INFO     [tempest_lib.common.rest_client] Request (TestNetworkAdvancedServerOps:_run_cleanups): 204 DELETE http://10.0.2.15:9696/v2.0/networks/fb2e88d3-7fb9-4241-8bda-c3b02465cb42 0.213s
2015-12-09 22:30:39,466 24528 DEBUG    [tempest_lib.common.rest_client] Request - Headers: {'Content-Type': 'application/json', 'Accept': 'application/json', 'X-Auth-Token': '&lt;omitted&gt;'}
        Body: None
    Response - Headers: {'date': 'Wed, 09 Dec 2015 22:30:39 GMT', 'status': '204', 'connection': 'close', 'content-length': '0', 'x-openstack-request-id': 'req-e35a251d-1ffe-4fc9-8de3-bd0be6cdb4f5'}
        Body: 
2015-12-09 22:30:39,526 24528 INFO     [tempest_lib.common.rest_client] Request (TestNetworkAdvancedServerOps:_run_cleanups): 204 DELETE http://10.0.2.15:9696/v2.0/security-group-rules/2d9176bf-c6cc-4985-9790-d69645d50959 0.059s
2015-12-09 22:30:39,527 24528 DEBUG    [tempest_lib.common.rest_client] Request - Headers: {'Content-Type': 'application/json', 'Accept': 'application/json', 'X-Auth-Token': '&lt;omitted&gt;'}
        Body: None
    Response - Headers: {'date': 'Wed, 09 Dec 2015 22:30:39 GMT', 'status': '204', 'connection': 'close', 'content-length': '0', 'x-openstack-request-id': 'req-190c2296-dd04-498e-a6b5-a8332d39f5b5'}
        Body: 
2015-12-09 22:30:39,589 24528 INFO     [tempest_lib.common.rest_client] Request (TestNetworkAdvancedServerOps:_run_cleanups): 204 DELETE http://10.0.2.15:9696/v2.0/security-group-rules/007ac9ce-5979-45ea-8aa2-ebe1a0367722 0.061s
2015-12-09 22:30:39,589 24528 DEBUG    [tempest_lib.common.rest_client] Request - Headers: {'Content-Type': 'application/json', 'Accept': 'application/json', 'X-Auth-Token': '&lt;omitted&gt;'}
        Body: None
    Response - Headers: {'date': 'Wed, 09 Dec 2015 22:30:39 GMT', 'status': '204', 'connection': 'close', 'content-length': '0', 'x-openstack-request-id': 'req-976b25a3-2cb9-424d-a6c6-a77764dfba39'}
        Body: 
2015-12-09 22:30:39,645 24528 INFO     [tempest_lib.common.rest_client] Request (TestNetworkAdvancedServerOps:_run_cleanups): 204 DELETE http://10.0.2.15:9696/v2.0/security-group-rules/685dac15-e7ea-48df-9020-1b7c8c1b7620 0.055s
2015-12-09 22:30:39,646 24528 DEBUG    [tempest_lib.common.rest_client] Request - Headers: {'Content-Type': 'application/json', 'Accept': 'application/json', 'X-Auth-Token': '&lt;omitted&gt;'}
        Body: None
    Response - Headers: {'date': 'Wed, 09 Dec 2015 22:30:39 GMT', 'status': '204', 'connection': 'close', 'content-length': '0', 'x-openstack-request-id': 'req-bfa0a9f7-cd72-4524-98c0-c208f8656dd0'}
        Body: 
2015-12-09 22:30:39,707 24528 INFO     [tempest_lib.common.rest_client] Request (TestNetworkAdvancedServerOps:_run_cleanups): 204 DELETE http://10.0.2.15:9696/v2.0/security-group-rules/c030774e-f9c6-4ecc-b890-7f975fcbe1a2 0.060s
2015-12-09 22:30:39,708 24528 DEBUG    [tempest_lib.common.rest_client] Request - Headers: {'Content-Type': 'application/json', 'Accept': 'application/json', 'X-Auth-Token': '&lt;omitted&gt;'}
        Body: None
    Response - Headers: {'date': 'Wed, 09 Dec 2015 22:30:39 GMT', 'status': '204', 'connection': 'close', 'content-length': '0', 'x-openstack-request-id': 'req-064c29eb-910a-4f56-80d8-f723d9eb50fb'}
        Body: 
2015-12-09 22:30:39,778 24528 INFO     [tempest_lib.common.rest_client] Request (TestNetworkAdvancedServerOps:_run_cleanups): 204 DELETE http://10.0.2.15:9696/v2.0/security-group-rules/795ce7bf-0d29-486b-b7f0-92cabfc39053 0.069s
2015-12-09 22:30:39,779 24528 DEBUG    [tempest_lib.common.rest_client] Request - Headers: {'Content-Type': 'application/json', 'Accept': 'application/json', 'X-Auth-Token': '&lt;omitted&gt;'}
        Body: None
    Response - Headers: {'date': 'Wed, 09 Dec 2015 22:30:39 GMT', 'status': '204', 'connection': 'close', 'content-length': '0', 'x-openstack-request-id': 'req-1c04a70e-7fb5-4d1b-a7e0-0b2ee6f89029'}
        Body: 
2015-12-09 22:30:39,835 24528 INFO     [tempest_lib.common.rest_client] Request (TestNetworkAdvancedServerOps:_run_cleanups): 204 DELETE http://10.0.2.15:9696/v2.0/security-group-rules/25e3c520-bc2c-4707-8ed8-00fb6ea63564 0.054s
2015-12-09 22:30:39,835 24528 DEBUG    [tempest_lib.common.rest_client] Request - Headers: {'Content-Type': 'application/json', 'Accept': 'application/json', 'X-Auth-Token': '&lt;omitted&gt;'}
        Body: None
    Response - Headers: {'date': 'Wed, 09 Dec 2015 22:30:39 GMT', 'status': '204', 'connection': 'close', 'content-length': '0', 'x-openstack-request-id': 'req-a6078bb0-8205-49a4-94f5-72f3d1e41f6a'}
        Body: 
2015-12-09 22:30:39,933 24528 INFO     [tempest_lib.common.rest_client] Request (TestNetworkAdvancedServerOps:_run_cleanups): 204 DELETE http://10.0.2.15:9696/v2.0/security-groups/b9af8072-ed85-4b40-83cd-66b980e4ffe1 0.097s
2015-12-09 22:30:39,933 24528 DEBUG    [tempest_lib.common.rest_client] Request - Headers: {'Content-Type': 'application/json', 'Accept': 'application/json', 'X-Auth-Token': '&lt;omitted&gt;'}
        Body: None
    Response - Headers: {'date': 'Wed, 09 Dec 2015 22:30:39 GMT', 'status': '204', 'connection': 'close', 'content-length': '0', 'x-openstack-request-id': 'req-69af69a1-3414-483e-8dee-18a7f6444bca'}
        Body: 
2015-12-09 22:30:39,951 24528 INFO     [tempest_lib.common.rest_client] Request (TestNetworkAdvancedServerOps:_run_cleanups): 202 DELETE http://10.0.2.15:8774/v2.1/ea180a99955c47de806ceddf113fff53/os-keypairs/tempest-TestNetworkAdvancedServerOps-1233638946 0.017s
2015-12-09 22:30:39,951 24528 DEBUG    [tempest_lib.common.rest_client] Request - Headers: {'Content-Type': 'application/json', 'Accept': 'application/json', 'X-Auth-Token': '&lt;omitted&gt;'}
        Body: None
    Response - Headers: {'status': '202', 'content-length': '0', 'x-compute-request-id': 'req-95a512fd-a45c-4ae4-a116-20f80fcf54ca', 'vary': 'X-OpenStack-Nova-API-Version', 'connection': 'close', 'x-openstack-nova-api-version': '2.1', 'date': 'Wed, 09 Dec 2015 22:30:39 GMT', 'content-type': 'application/json'}
        Body: 
2015-12-09 22:30:40,048 24528 INFO     [tempest_lib.common.rest_client] Request (TestNetworkAdvancedServerOps:_run_cleanups): 404 GET http://10.0.2.15:8774/v2.1/ea180a99955c47de806ceddf113fff53/servers/498f0f19-af0a-4f53-b9a4-9e4586ec0cdf 0.096s
2015-12-09 22:30:40,049 24528 DEBUG    [tempest_lib.common.rest_client] Request - Headers: {'Content-Type': 'application/json', 'Accept': 'application/json', 'X-Auth-Token': '&lt;omitted&gt;'}
        Body: None
    Response - Headers: {'status': '404', 'content-length': '111', 'x-compute-request-id': 'req-0d1fb042-2d0c-4fce-8caa-61f53933ef26', 'vary': 'X-OpenStack-Nova-API-Version', 'connection': 'close', 'x-openstack-nova-api-version': '2.1', 'date': 'Wed, 09 Dec 2015 22:30:40 GMT', 'content-type': 'application/json; charset=UTF-8'}
        Body: {"itemNotFound": {"message": "Instance 498f0f19-af0a-4f53-b9a4-9e4586ec0cdf could not be found.", "code": 404}}
}}}

Traceback (most recent call last):
  File "tempest/test.py", line 113, in wrapper
    return f(self, *func_args, **func_kwargs)
  File "tempest/scenario/test_network_advanced_server_ops.py", line 134, in test_server_connectivity_pause_unpause
    server, keypair, floating_ip = self._setup_network_and_servers()
  File "tempest/scenario/test_network_advanced_server_ops.py", line 71, in _setup_network_and_servers
    server, keypair, floating_ip)
  File "tempest/scenario/test_network_advanced_server_ops.py", line 95, in _wait_server_status_and_check_network_connectivity
    self._check_network_connectivity(server, keypair, floating_ip)
  File "tempest/scenario/test_network_advanced_server_ops.py", line 88, in _check_network_connectivity
    servers=[server])
  File "tempest/scenario/manager.py", line 606, in check_public_network_connectivity
    should_connect=should_connect)
  File "tempest/scenario/manager.py", line 590, in check_vm_connectivity
    msg=msg)
  File "/usr/local/lib/python2.7/dist-packages/unittest2/case.py", line 702, in assertTrue
    raise self.failureException(msg)
AssertionError: False is not true : Timed out waiting for 172.24.4.4 to become reachable



        </pre>
    </div>
    <!--css div popup end-->

    </td>
</tr>

<tr id='ft1.2' class='none'>
    <td class='failCase'><div class='testcase'>test_server_connectivity_reboot[compute,id-7b6860c2-afa3-4846-9522-adeb38dfbe08,network]</div></td>
    <td colspan='7' align='left'>

    <!--css div popup start-->
    <a class="popup_link" onfocus='this.blur();'
    href="javascript:showTestDetail('div_ft1.2')" >
        fail</a>

    <div id='div_ft1.2' class="popup_window">
        <div style='text-align: right; color:red;cursor:pointer'>
        <a onfocus='this.blur();'
onclick="document.getElementById('div_ft1.2').style.display = 'none' " >
           [x]</a>
        </div>
        <pre>
        
ft1.2: tempest.scenario.test_network_advanced_server_ops.TestNetworkAdvancedServerOps.test_server_connectivity_reboot[compute,id-7b6860c2-afa3-4846-9522-adeb38dfbe08,network]_StringException: Empty attachments:
  stderr
  stdout

pythonlogging:'': {{{
