<?xml version="1.0" encoding="UTF-8"?>
<!DOCTYPE html PUBLIC "-//W3C//DTD XHTML 1.0 Strict//EN"
     "http://www.w3.org/TR/xhtml1/DTD/xhtml1-strict.dtd">
<html xmlns="http://www.w3.org/1999/xhtml">
<head>
    <title>Unit Test Report</title>
    <meta name="generator" content="subunit2html 0.1"/>
    <meta http-equiv="Content-Type" content="text/html; charset=UTF-8"/>
    
<style type="text/css" media="screen">
body        { font-family: verdana, arial, helvetica, sans-serif;
    font-size: 80%; }
table       { font-size: 100%; width: 100%;}
pre         { font-size: 80%; }

/* -- heading -------------------------------------------------------------- */
h1 {
        font-size: 16pt;
        color: gray;
}
.heading {
    margin-top: 0ex;
    margin-bottom: 1ex;
}

.heading .attribute {
    margin-top: 1ex;
    margin-bottom: 0;
}

.heading .description {
    margin-top: 4ex;
    margin-bottom: 6ex;
}

/* -- css div popup -------------------------------------------------------- */
a.popup_link {
}

a.popup_link:hover {
    color: red;
}

.popup_window {
    display: none;
    overflow-x: scroll;
    /*border: solid #627173 1px; */
    padding: 10px;
    background-color: #E6E6D6;
    font-family: "Ubuntu Mono", "Lucida Console", "Courier New", monospace;
    text-align: left;
    font-size: 8pt;
}

}
/* -- report --------------------------------------------------------------- */
#show_detail_line {
    margin-top: 3ex;
    margin-bottom: 1ex;
}
#result_table {
    width: 100%;
    border-collapse: collapse;
    border: 1px solid #777;
}
#header_row {
    font-weight: bold;
    color: white;
    background-color: #777;
}
#result_table td {
    border: 1px solid #777;
    padding: 2px;
}
#total_row  { font-weight: bold; }
.passClass  { background-color: #6c6; }
.failClass  { background-color: #c60; }
.errorClass { background-color: #c00; }
.passCase   { color: #6c6; }
.failCase   { color: #c60; font-weight: bold; }
.errorCase  { color: #c00; font-weight: bold; }
.hiddenRow  { display: none; }
.testcase   { margin-left: 2em; }
td.testname {width: 40%}
td.small {width: 40px}

/* -- ending --------------------------------------------------------------- */
#ending {
}

</style>

</head>
<body>
<script language="javascript" type="text/javascript"><!--
output_list = Array();

/* level - 0:Summary; 1:Failed; 2:All */
function showCase(level) {
    trs = document.getElementsByTagName("tr");
    for (var i = 0; i < trs.length; i++) {
        tr = trs[i];
        id = tr.id;
        if (id.substr(0,2) == 'ft') {
            if (level < 1) {
                tr.className = 'hiddenRow';
            }
            else {
                tr.className = '';
            }
        }
        if (id.substr(0,2) == 'pt') {
            if (level > 1) {
                tr.className = '';
            }
            else {
                tr.className = 'hiddenRow';
            }
        }
    }
}


function showClassDetail(cid, count) {
    var id_list = Array(count);
    var toHide = 1;
    for (var i = 0; i < count; i++) {
        tid0 = 't' + cid.substr(1) + '.' + (i+1);
        tid = 'f' + tid0;
        tr = document.getElementById(tid);
        if (!tr) {
            tid = 'p' + tid0;
            tr = document.getElementById(tid);
        }
        id_list[i] = tid;
        if (tr.className) {
            toHide = 0;
        }
    }
    for (var i = 0; i < count; i++) {
        tid = id_list[i];
        if (toHide) {
            document.getElementById('div_'+tid).style.display = 'none'
            document.getElementById(tid).className = 'hiddenRow';
        }
        else {
            document.getElementById(tid).className = '';
        }
    }
}


function showTestDetail(div_id){
    var details_div = document.getElementById(div_id)
    var displayState = details_div.style.display
    // alert(displayState)
    if (displayState != 'block' ) {
        displayState = 'block'
        details_div.style.display = 'block'
    }
    else {
        details_div.style.display = 'none'
    }
}


function html_escape(s) {
    s = s.replace(/&/g,'&amp;');
    s = s.replace(/</g,'&lt;');
    s = s.replace(/>/g,'&gt;');
    return s;
}

/* obsoleted by detail in <div>
function showOutput(id, name) {
    var w = window.open("", //url
                    name,
                    "resizable,scrollbars,status,width=800,height=450");
    d = w.document;
    d.write("<pre>");
    d.write(html_escape(output_list[id]));
    d.write("\n");
    d.write("<a href='javascript:window.close()'>close</a>\n");
    d.write("</pre>\n");
    d.close();
}
*/
--></script>

<div class='heading'>
<h1>Unit Test Report</h1>

<p class='attribute'><strong>Status:</strong> Failure 6</p>

<p class='description'></p>
</div>



<p id='show_detail_line'>Show
<a href='javascript:showCase(0)'>Summary</a>
<a href='javascript:showCase(1)'>Failed</a>
<a href='javascript:showCase(2)'>All</a>
</p>
<table id='result_table'>
<colgroup>
<col align='left' />
<col align='right' />
<col align='right' />
<col align='right' />
<col align='right' />
<col align='right' />
<col align='right' />
<col align='right' />
</colgroup>
<tr id='header_row'>
    <td>Test Group/Test case</td>
    <td>Count</td>
    <td>Pass</td>
    <td>Fail</td>
    <td>Error</td>
    <td>Skip</td>
    <td>View</td>
    <td> </td>
</tr>

<tr class='failClass'>
    <td class="testname">tempest.scenario.test_network_advanced_server_ops.TestNetworkAdvancedServerOps</td>
    <td class="small">6</td>
    <td class="small">0</td>
    <td class="small">6</td>
    <td class="small">0</td>
    <td class="small">0</td>
    <td class="small"><a href="javascript:showClassDetail('c1',6)"
>Detail</a></td>
    <td> </td>
</tr>

<tr id='ft1.1' class='none'>
    <td class='failCase'><div class='testcase'>test_server_connectivity_pause_unpause[compute,id-2b2642db-6568-4b35-b812-eceed3fa20ce,network]</div></td>
    <td colspan='7' align='left'>

    <!--css div popup start-->
    <a class="popup_link" onfocus='this.blur();'
    href="javascript:showTestDetail('div_ft1.1')" >
        fail</a>

    <div id='div_ft1.1' class="popup_window">
        <div style='text-align: right; color:red;cursor:pointer'>
        <a onfocus='this.blur();'
onclick="document.getElementById('div_ft1.1').style.display = 'none' " >
           [x]</a>
        </div>
        <pre>
        
ft1.1: tempest.scenario.test_network_advanced_server_ops.TestNetworkAdvancedServerOps.test_server_connectivity_pause_unpause[compute,id-2b2642db-6568-4b35-b812-eceed3fa20ce,network]_StringException: Empty attachments:
  stderr
  stdout

pythonlogging:'': {{{
2015-12-26 09:57:03,247 21534 INFO     [tempest_lib.common.rest_client] Request (TestNetworkAdvancedServerOps:test_server_connectivity_pause_unpause): 200 POST http://10.0.2.15:8774/v2.1/3bd37219a9b241169c78d31024f72fb5/os-keypairs 0.443s
2015-12-26 09:57:03,248 21534 DEBUG    [tempest_lib.common.rest_client] Request - Headers: {'Content-Type': 'application/json', 'Accept': 'application/json', 'X-Auth-Token': '&lt;omitted&gt;'}
        Body: {"keypair": {"name": "tempest-TestNetworkAdvancedServerOps-107236867"}}
    Response - Headers: {'status': '200', 'content-length': '2329', 'x-compute-request-id': 'req-001f7495-6558-478e-a693-6369fba98c6e', 'vary': 'X-OpenStack-Nova-API-Version', 'connection': 'close', 'x-openstack-nova-api-version': '2.1', 'date': 'Sat, 26 Dec 2015 09:57:03 GMT', 'content-type': 'application/json'}
        Body: {"keypair": {"public_key": "ssh-rsa AAAAB3NzaC1yc2EAAAADAQABAAABAQCyxWO+j6HucCsX6rNxlieZLjo0zNncqGNXnRUE2w38Mvl0gZL9iIocxZBg7QIShesmASB+o8A7sydSmTSVnbpBcoNMzU3k2DmbiYD7zB4DwWZ+82m+ERE/N+RJli2DEGjreUS3ubqdvpkmmNNtUZaKJjNxAs6fiEeU9Fp9L69pEJCmgGDsFdZGGAkeGSnXlkJ3cdGePH33rziZI4/CaYJz575f3aTtw9Yz5LP/zeurBTwIqbKJwt6O7PE/7iNOkRKRatI1U2gW698bq2gkwygMeO5GyOr8sUqUZpTHM+VHDAQy87aE4Btc3rOca0gGRs8cNAEs7gAu3SkStcB745FZ Generated-by-Nova", "private_key": "-----BEGIN RSA PRIVATE KEY-----\nMIIEqAIBAAKCAQEAssVjvo+h7nArF+qzcZYnmS46NMzZ3KhjV50VBNsN/DL5dIGS\n/YiKHMWQYO0CEoXrJgEgfqPAO7MnUpk0lZ26QXKDTM1N5Ng5m4mA+8weA8FmfvNp\nvhERPzfkSZYtgxBo63lEt7m6nb6ZJpjTbVGWiiYzcQLOn4hHlPRafS+vaRCQpoBg\n7BXWRhgJHhkp15ZCd3HRnjx99684mSOPwmmCc+e+X92k7cPWM+Sz/83rqwU8CKmy\nicLejuzxP+4jTpESkWrSNVNoFuvfG6toJMMoDHjuRsjq/LFKlGaUxzPlRwwEMvO2\nhOAbXN6znGtIBkbPHDQBLO4ALt0pErXAe+ORWQIDAQABAoIBAQCn6AGBEAK1oqC2\n+/fCbZePpf2Bbg4J1BZKSf1d7Ci8gVwO80yN2FpwH5c1kiXqI+HydgiBKWf6KpB6\nYe8jv1sa8WUlE4dfsz6YOZPt648dU97iydi9beZXDDXcb7MbcKQ61lGWhlkio8vQ\nlqWt/X15D9ws/sf2ytcArmj3P3xvHk9IKAFl6ItMndLE+ysIynyDXiq3sjdhpKvR\nwGgcbHW8k9jErG7p2MtyxAzTQP2BbbRbz0HF3fPSWXBJNPIMcWaMEER+YgkduGZ0\nqk2HqJdlbDNNvuqYPjuUEbLrBYnU2Cg9vmmgtkPUKR/e2CXUAd27GQlfF8OXTZwi\n2YC2UfgpAoIAgQDJcz3XEuWecH+4mLEEM/sH4nmUTMPuCrmbPwR+hMAxTYUvm1NF\n6y/oADhmoJ/vwKIzLDv51KXy8gqle/MvGHoD4oZfPj6DpN4wDKWsrzIxkEoL/2fg\ncvpadSrFfz22o+bfh/iS/wLdrpNFo3YYDrhQwPvvUuekrx/krP+5n7bX5wKCAIEA\n4y4BhxIQ/voH8Xxbcg5JEUi92xe9p46vI6rv58oQrtBBP0m9BUI+iJV6HR0+kRhp\nv3/LMyaNuqChTjmXG+YGNaE7Istm8TTJKyYkm4THeVV7TCQV1m4HeP3mA8fbFDOP\nfctrCKSh8L0OEXxjicQ0AzbRE1cL5PCESJiPU0+EJL8CggCAQmkIWO+03N+Pa2aC\n7LTKK9ZAaGBKMx48A+7pZ2ASD+7TWldlQ2Z+G4h/D24ia6JglmgduYWd05Jxag6L\no9n413EFBT760uE2EjcJIv16mZZMotnm/7pHyCxaFlOVH7G2ubgUfTkuU7BqgomZ\ns+KeZpjINSRqkwLci8FwaFw7pb8CggCAN6LiuOORygANxfRAqPQarOL1rBxqVAi7\nl66bRlbUMxvJfuheJFWO3wBMgajR09L4wu9XIlXEy/nexzuPaEOzLZso0mKh+VyG\nD80tlfC0sWBf68vClVso9Vao6DAf1RizgYk500oOZtjGAz5FWk30tvzLw0LEJPNK\nUkUahLqqkB0CggCAQxz8E2thw+Rn5xHugCf4lLolzZfkrDMR6/ocoNMLtBP7pfUT\nKld/IeUyPVL528P9PP4Vk+jjjEAWN8/WhdyCGKeJX7ASN/gyw7NGcavOTZG2s02O\nEPjPdN5/J1pR0McIt7nONR3Bf+2KhKBToUb91hitRmFjlRak9TPEFHjiUuU=\n-----END RSA PRIVATE KEY-----\n", "user_id": "c4c4d484412741ea9a7294b52e71f787", "name": "tempest-TestNetworkAdvancedServerOps-107236867", "fingerprint": "c8:33:93:cb:b0:38:e8:b1:f6:0e:67:a2:f8:b2:b7:3b"}}
2015-12-26 09:57:03,606 21534 INFO     [tempest_lib.common.rest_client] Request (TestNetworkAdvancedServerOps:test_server_connectivity_pause_unpause): 201 POST http://10.0.2.15:9696/v2.0/security-groups 0.352s
2015-12-26 09:57:03,607 21534 DEBUG    [tempest_lib.common.rest_client] Request - Headers: {'Content-Type': 'application/json', 'Accept': 'application/json', 'X-Auth-Token': '&lt;omitted&gt;'}
        Body: {"security_group": {"tenant_id": "3bd37219a9b241169c78d31024f72fb5", "description": "tempest-secgroup-smoke-1846563190 description", "name": "tempest-secgroup-smoke-1846563190"}}
    Response - Headers: {'status': '201', 'content-length': '888', 'connection': 'close', 'date': 'Sat, 26 Dec 2015 09:57:03 GMT', 'content-type': 'application/json; charset=UTF-8', 'x-openstack-request-id': 'req-26b3b285-7b8c-4030-81c5-db9df3700aff'}
        Body: {"security_group": {"tenant_id": "3bd37219a9b241169c78d31024f72fb5", "description": "tempest-secgroup-smoke-1846563190 description", "id": "fcdf28c3-76f3-4546-b6e8-d233ca3d48bb", "security_group_rules": [{"remote_group_id": null, "direction": "egress", "remote_ip_prefix": null, "protocol": null, "ethertype": "IPv4", "tenant_id": "3bd37219a9b241169c78d31024f72fb5", "port_range_max": null, "port_range_min": null, "id": "aaed85ae-80c1-42ff-bfe2-a1b615ef1ddc", "security_group_id": "fcdf28c3-76f3-4546-b6e8-d233ca3d48bb"}, {"remote_group_id": null, "direction": "egress", "remote_ip_prefix": null, "protocol": null, "ethertype": "IPv6", "tenant_id": "3bd37219a9b241169c78d31024f72fb5", "port_range_max": null, "port_range_min": null, "id": "8794f1c2-f08c-4975-bb42-394c290e87ca", "security_group_id": "fcdf28c3-76f3-4546-b6e8-d233ca3d48bb"}], "name": "tempest-secgroup-smoke-1846563190"}}
2015-12-26 09:57:03,730 21534 INFO     [tempest_lib.common.rest_client] Request (TestNetworkAdvancedServerOps:test_server_connectivity_pause_unpause): 201 POST http://10.0.2.15:9696/v2.0/security-group-rules 0.122s
2015-12-26 09:57:03,731 21534 DEBUG    [tempest_lib.common.rest_client] Request - Headers: {'Content-Type': 'application/json', 'Accept': 'application/json', 'X-Auth-Token': '&lt;omitted&gt;'}
        Body: {"security_group_rule": {"direction": "ingress", "protocol": "tcp", "tenant_id": "3bd37219a9b241169c78d31024f72fb5", "port_range_max": 22, "security_group_id": "fcdf28c3-76f3-4546-b6e8-d233ca3d48bb", "port_range_min": 22}}
    Response - Headers: {'status': '201', 'content-length': '340', 'connection': 'close', 'date': 'Sat, 26 Dec 2015 09:57:03 GMT', 'content-type': 'application/json; charset=UTF-8', 'x-openstack-request-id': 'req-c7a26d11-db74-4e48-8c2a-4c813cf7500d'}
        Body: {"security_group_rule": {"remote_group_id": null, "direction": "ingress", "remote_ip_prefix": null, "protocol": "tcp", "ethertype": "IPv4", "tenant_id": "3bd37219a9b241169c78d31024f72fb5", "port_range_max": 22, "port_range_min": 22, "id": "010dd038-31d0-432f-968b-392f892e1642", "security_group_id": "fcdf28c3-76f3-4546-b6e8-d233ca3d48bb"}}
2015-12-26 09:57:03,851 21534 INFO     [tempest_lib.common.rest_client] Request (TestNetworkAdvancedServerOps:test_server_connectivity_pause_unpause): 201 POST http://10.0.2.15:9696/v2.0/security-group-rules 0.119s
2015-12-26 09:57:03,852 21534 DEBUG    [tempest_lib.common.rest_client] Request - Headers: {'Content-Type': 'application/json', 'Accept': 'application/json', 'X-Auth-Token': '&lt;omitted&gt;'}
        Body: {"security_group_rule": {"direction": "egress", "protocol": "tcp", "tenant_id": "3bd37219a9b241169c78d31024f72fb5", "port_range_max": 22, "security_group_id": "fcdf28c3-76f3-4546-b6e8-d233ca3d48bb", "port_range_min": 22}}
    Response - Headers: {'status': '201', 'content-length': '339', 'connection': 'close', 'date': 'Sat, 26 Dec 2015 09:57:03 GMT', 'content-type': 'application/json; charset=UTF-8', 'x-openstack-request-id': 'req-74d8ba87-079d-4e21-b6da-a3fe9c73b5bc'}
        Body: {"security_group_rule": {"remote_group_id": null, "direction": "egress", "remote_ip_prefix": null, "protocol": "tcp", "ethertype": "IPv4", "tenant_id": "3bd37219a9b241169c78d31024f72fb5", "port_range_max": 22, "port_range_min": 22, "id": "eabd1c5c-1c70-4e36-b5a8-1116ad8e2fe6", "security_group_id": "fcdf28c3-76f3-4546-b6e8-d233ca3d48bb"}}
2015-12-26 09:57:03,969 21534 INFO     [tempest_lib.common.rest_client] Request (TestNetworkAdvancedServerOps:test_server_connectivity_pause_unpause): 201 POST http://10.0.2.15:9696/v2.0/security-group-rules 0.116s
2015-12-26 09:57:03,970 21534 DEBUG    [tempest_lib.common.rest_client] Request - Headers: {'Content-Type': 'application/json', 'Accept': 'application/json', 'X-Auth-Token': '&lt;omitted&gt;'}
        Body: {"security_group_rule": {"tenant_id": "3bd37219a9b241169c78d31024f72fb5", "direction": "ingress", "protocol": "icmp", "security_group_id": "fcdf28c3-76f3-4546-b6e8-d233ca3d48bb"}}
    Response - Headers: {'status': '201', 'content-length': '345', 'connection': 'close', 'date': 'Sat, 26 Dec 2015 09:57:03 GMT', 'content-type': 'application/json; charset=UTF-8', 'x-openstack-request-id': 'req-afb02abd-f262-463f-b5fe-4747021453ca'}
        Body: {"security_group_rule": {"remote_group_id": null, "direction": "ingress", "remote_ip_prefix": null, "protocol": "icmp", "ethertype": "IPv4", "tenant_id": "3bd37219a9b241169c78d31024f72fb5", "port_range_max": null, "port_range_min": null, "id": "b5ff2b90-eb7b-4677-bab5-4c50ea96f12a", "security_group_id": "fcdf28c3-76f3-4546-b6e8-d233ca3d48bb"}}
2015-12-26 09:57:04,093 21534 INFO     [tempest_lib.common.rest_client] Request (TestNetworkAdvancedServerOps:test_server_connectivity_pause_unpause): 201 POST http://10.0.2.15:9696/v2.0/security-group-rules 0.122s
2015-12-26 09:57:04,093 21534 DEBUG    [tempest_lib.common.rest_client] Request - Headers: {'Content-Type': 'application/json', 'Accept': 'application/json', 'X-Auth-Token': '&lt;omitted&gt;'}
        Body: {"security_group_rule": {"tenant_id": "3bd37219a9b241169c78d31024f72fb5", "direction": "egress", "protocol": "icmp", "security_group_id": "fcdf28c3-76f3-4546-b6e8-d233ca3d48bb"}}
    Response - Headers: {'status': '201', 'content-length': '344', 'connection': 'close', 'date': 'Sat, 26 Dec 2015 09:57:04 GMT', 'content-type': 'application/json; charset=UTF-8', 'x-openstack-request-id': 'req-1b8fad86-5cf7-4df4-94de-40238144d41e'}
        Body: {"security_group_rule": {"remote_group_id": null, "direction": "egress", "remote_ip_prefix": null, "protocol": "icmp", "ethertype": "IPv4", "tenant_id": "3bd37219a9b241169c78d31024f72fb5", "port_range_max": null, "port_range_min": null, "id": "1c40504c-dbdc-4136-bc4a-6c39edb44657", "security_group_id": "fcdf28c3-76f3-4546-b6e8-d233ca3d48bb"}}
2015-12-26 09:57:04,224 21534 INFO     [tempest_lib.common.rest_client] Request (TestNetworkAdvancedServerOps:test_server_connectivity_pause_unpause): 201 POST http://10.0.2.15:9696/v2.0/security-group-rules 0.129s
2015-12-26 09:57:04,224 21534 DEBUG    [tempest_lib.common.rest_client] Request - Headers: {'Content-Type': 'application/json', 'Accept': 'application/json', 'X-Auth-Token': '&lt;omitted&gt;'}
        Body: {"security_group_rule": {"tenant_id": "3bd37219a9b241169c78d31024f72fb5", "direction": "ingress", "security_group_id": "fcdf28c3-76f3-4546-b6e8-d233ca3d48bb", "protocol": "icmp", "ethertype": "IPv6"}}
    Response - Headers: {'status': '201', 'content-length': '345', 'connection': 'close', 'date': 'Sat, 26 Dec 2015 09:57:04 GMT', 'content-type': 'application/json; charset=UTF-8', 'x-openstack-request-id': 'req-a214ab6b-b5f1-4b57-8729-ba2d68371cf9'}
        Body: {"security_group_rule": {"remote_group_id": null, "direction": "ingress", "remote_ip_prefix": null, "protocol": "icmp", "ethertype": "IPv6", "tenant_id": "3bd37219a9b241169c78d31024f72fb5", "port_range_max": null, "port_range_min": null, "id": "f3395503-b879-4fc7-8154-7b7db96ed177", "security_group_id": "fcdf28c3-76f3-4546-b6e8-d233ca3d48bb"}}
2015-12-26 09:57:04,336 21534 INFO     [tempest_lib.common.rest_client] Request (TestNetworkAdvancedServerOps:test_server_connectivity_pause_unpause): 201 POST http://10.0.2.15:9696/v2.0/security-group-rules 0.110s
2015-12-26 09:57:04,337 21534 DEBUG    [tempest_lib.common.rest_client] Request - Headers: {'Content-Type': 'application/json', 'Accept': 'application/json', 'X-Auth-Token': '&lt;omitted&gt;'}
        Body: {"security_group_rule": {"tenant_id": "3bd37219a9b241169c78d31024f72fb5", "direction": "egress", "security_group_id": "fcdf28c3-76f3-4546-b6e8-d233ca3d48bb", "protocol": "icmp", "ethertype": "IPv6"}}
    Response - Headers: {'status': '201', 'content-length': '344', 'connection': 'close', 'date': 'Sat, 26 Dec 2015 09:57:04 GMT', 'content-type': 'application/json; charset=UTF-8', 'x-openstack-request-id': 'req-acb734cd-85a4-441a-baf8-dc97f102466b'}
        Body: {"security_group_rule": {"remote_group_id": null, "direction": "egress", "remote_ip_prefix": null, "protocol": "icmp", "ethertype": "IPv6", "tenant_id": "3bd37219a9b241169c78d31024f72fb5", "port_range_max": null, "port_range_min": null, "id": "2cab2ed2-d650-4676-ae8d-2d74c793e49c", "security_group_id": "fcdf28c3-76f3-4546-b6e8-d233ca3d48bb"}}
2015-12-26 09:57:04,546 21534 INFO     [tempest_lib.common.rest_client] Request (TestNetworkAdvancedServerOps:test_server_connectivity_pause_unpause): 201 POST http://10.0.2.15:9696/v2.0/networks 0.208s
2015-12-26 09:57:04,547 21534 DEBUG    [tempest_lib.common.rest_client] Request - Headers: {'Content-Type': 'application/json', 'Accept': 'application/json', 'X-Auth-Token': '&lt;omitted&gt;'}
        Body: {"network": {"tenant_id": "3bd37219a9b241169c78d31024f72fb5", "name": "tempest-network-smoke--183827492"}}
    Response - Headers: {'status': '201', 'content-length': '326', 'connection': 'close', 'date': 'Sat, 26 Dec 2015 09:57:04 GMT', 'content-type': 'application/json; charset=UTF-8', 'x-openstack-request-id': 'req-de3e706e-2a64-45e5-a678-76d882d1734c'}
        Body: {"network": {"status": "ACTIVE", "subnets": [], "availability_zone_hints": [], "name": "tempest-network-smoke--183827492", "admin_state_up": true, "tenant_id": "3bd37219a9b241169c78d31024f72fb5", "mtu": 0, "router:external": false, "shared": false, "port_security_enabled": true, "id": "b5c8d7fc-c8d7-41a4-82d7-df0ad6b29571"}}
2015-12-26 09:57:04,612 21534 INFO     [tempest_lib.common.rest_client] Request (TestNetworkAdvancedServerOps:test_server_connectivity_pause_unpause): 201 POST http://10.0.2.15:9696/v2.0/routers 0.064s
2015-12-26 09:57:04,612 21534 DEBUG    [tempest_lib.common.rest_client] Request - Headers: {'Content-Type': 'application/json', 'Accept': 'application/json', 'X-Auth-Token': '&lt;omitted&gt;'}
        Body: {"router": {"tenant_id": "3bd37219a9b241169c78d31024f72fb5", "name": "tempest-router-smoke-1040781182", "admin_state_up": true}}
    Response - Headers: {'status': '201', 'content-length': '296', 'connection': 'close', 'date': 'Sat, 26 Dec 2015 09:57:04 GMT', 'content-type': 'application/json; charset=UTF-8', 'x-openstack-request-id': 'req-ead70a10-19d9-4b5a-a1d9-fa5c186e95ce'}
        Body: {"router": {"status": "ACTIVE", "external_gateway_info": null, "availability_zone_hints": [], "availability_zones": [], "name": "tempest-router-smoke-1040781182", "admin_state_up": true, "tenant_id": "3bd37219a9b241169c78d31024f72fb5", "routes": [], "id": "4c1a63cb-a8a9-4ff7-b0b9-94768ea2901d"}}
2015-12-26 09:57:04,798 21534 INFO     [tempest_lib.common.rest_client] Request (TestNetworkAdvancedServerOps:test_server_connectivity_pause_unpause): 200 GET http://10.0.2.15:9696/v2.0/routers/4c1a63cb-a8a9-4ff7-b0b9-94768ea2901d 0.185s
2015-12-26 09:57:04,799 21534 DEBUG    [tempest_lib.common.rest_client] Request - Headers: {'Content-Type': 'application/json', 'Accept': 'application/json', 'X-Auth-Token': '&lt;omitted&gt;'}
        Body: None
    Response - Headers: {'status': '200', 'content-length': '296', 'content-location': 'http://10.0.2.15:9696/v2.0/routers/4c1a63cb-a8a9-4ff7-b0b9-94768ea2901d', 'connection': 'close', 'date': 'Sat, 26 Dec 2015 09:57:04 GMT', 'content-type': 'application/json; charset=UTF-8', 'x-openstack-request-id': 'req-afa745e4-0c82-4190-b0a4-2793da124f08'}
        Body: {"router": {"status": "ACTIVE", "external_gateway_info": null, "availability_zone_hints": [], "availability_zones": [], "name": "tempest-router-smoke-1040781182", "admin_state_up": true, "tenant_id": "3bd37219a9b241169c78d31024f72fb5", "routes": [], "id": "4c1a63cb-a8a9-4ff7-b0b9-94768ea2901d"}}
2015-12-26 09:57:05,578 21534 INFO     [tempest_lib.common.rest_client] Request (TestNetworkAdvancedServerOps:test_server_connectivity_pause_unpause): 200 PUT http://10.0.2.15:9696/v2.0/routers/4c1a63cb-a8a9-4ff7-b0b9-94768ea2901d 0.778s
2015-12-26 09:57:05,578 21534 DEBUG    [tempest_lib.common.rest_client] Request - Headers: {'Content-Type': 'application/json', 'Accept': 'application/json', 'X-Auth-Token': '&lt;omitted&gt;'}
        Body: {"router": {"external_gateway_info": {"network_id": "28fe6b6d-aed7-4c82-92e1-bfc378ecc35a"}, "name": "tempest-router-smoke-1040781182", "admin_state_up": true}}
    Response - Headers: {'status': '200', 'content-length': '558', 'connection': 'close', 'date': 'Sat, 26 Dec 2015 09:57:05 GMT', 'content-type': 'application/json; charset=UTF-8', 'x-openstack-request-id': 'req-6a2c8b6c-3baf-4193-ac4c-325e9f70dbcc'}
        Body: {"router": {"status": "ACTIVE", "external_gateway_info": {"network_id": "28fe6b6d-aed7-4c82-92e1-bfc378ecc35a", "enable_snat": true, "external_fixed_ips": [{"subnet_id": "4fc80e26-4266-4edb-9bb1-750a20c47637", "ip_address": "172.24.4.3"}, {"subnet_id": "2828c93c-dc7b-4411-b56a-c82326c91a15", "ip_address": "2001:db8::3"}]}, "availability_zone_hints": [], "availability_zones": [], "name": "tempest-router-smoke-1040781182", "admin_state_up": true, "tenant_id": "3bd37219a9b241169c78d31024f72fb5", "routes": [], "id": "4c1a63cb-a8a9-4ff7-b0b9-94768ea2901d"}}
2015-12-26 09:57:05,761 21534 INFO     [tempest_lib.common.rest_client] Request (TestNetworkAdvancedServerOps:test_server_connectivity_pause_unpause): 200 GET http://10.0.2.15:9696/v2.0/subnets?tenant_id=3bd37219a9b241169c78d31024f72fb5&amp;cidr=10.100.0.0%2F28 0.181s
2015-12-26 09:57:05,761 21534 DEBUG    [tempest_lib.common.rest_client] Request - Headers: {'Content-Type': 'application/json', 'Accept': 'application/json', 'X-Auth-Token': '&lt;omitted&gt;'}
        Body: None
    Response - Headers: {'status': '200', 'content-length': '15', 'content-location': 'http://10.0.2.15:9696/v2.0/subnets?tenant_id=3bd37219a9b241169c78d31024f72fb5&amp;cidr=10.100.0.0%2F28', 'connection': 'close', 'date': 'Sat, 26 Dec 2015 09:57:05 GMT', 'content-type': 'application/json; charset=UTF-8', 'x-openstack-request-id': 'req-ed90f99f-8914-4978-bdec-928c8915e515'}
        Body: {"subnets": []}
2015-12-26 09:57:06,182 21534 INFO     [tempest_lib.common.rest_client] Request (TestNetworkAdvancedServerOps:test_server_connectivity_pause_unpause): 201 POST http://10.0.2.15:9696/v2.0/subnets 0.420s
2015-12-26 09:57:06,183 21534 DEBUG    [tempest_lib.common.rest_client] Request - Headers: {'Content-Type': 'application/json', 'Accept': 'application/json', 'X-Auth-Token': '&lt;omitted&gt;'}
        Body: {"subnet": {"ip_version": 4, "tenant_id": "3bd37219a9b241169c78d31024f72fb5", "cidr": "10.100.0.0/28", "network_id": "b5c8d7fc-c8d7-41a4-82d7-df0ad6b29571", "name": "tempest-subnet-smoke-248154971"}}
    Response - Headers: {'status': '201', 'content-length': '477', 'connection': 'close', 'date': 'Sat, 26 Dec 2015 09:57:06 GMT', 'content-type': 'application/json; charset=UTF-8', 'x-openstack-request-id': 'req-fef6cc0d-b871-4b26-b8db-6c99fdce724d'}
        Body: {"subnet": {"name": "tempest-subnet-smoke-248154971", "enable_dhcp": true, "network_id": "b5c8d7fc-c8d7-41a4-82d7-df0ad6b29571", "tenant_id": "3bd37219a9b241169c78d31024f72fb5", "dns_nameservers": [], "gateway_ip": "10.100.0.1", "ipv6_ra_mode": null, "allocation_pools": [{"start": "10.100.0.2", "end": "10.100.0.14"}], "host_routes": [], "ip_version": 4, "ipv6_address_mode": null, "cidr": "10.100.0.0/28", "id": "91953896-6581-47ed-8cfe-5487e4094da3", "subnetpool_id": null}}
2015-12-26 09:57:07,023 21534 INFO     [tempest_lib.common.rest_client] Request (TestNetworkAdvancedServerOps:test_server_connectivity_pause_unpause): 200 PUT http://10.0.2.15:9696/v2.0/routers/4c1a63cb-a8a9-4ff7-b0b9-94768ea2901d/add_router_interface 0.839s
2015-12-26 09:57:07,024 21534 DEBUG    [tempest_lib.common.rest_client] Request - Headers: {'Content-Type': 'application/json', 'Accept': 'application/json', 'X-Auth-Token': '&lt;omitted&gt;'}
        Body: {"subnet_id": "91953896-6581-47ed-8cfe-5487e4094da3"}
    Response - Headers: {'status': '200', 'content-length': '255', 'connection': 'close', 'date': 'Sat, 26 Dec 2015 09:57:07 GMT', 'content-type': 'application/json; charset=UTF-8', 'x-openstack-request-id': 'req-a0f5143a-1241-41b0-a6d8-ff57d72ab6c1'}
        Body: {"subnet_id": "91953896-6581-47ed-8cfe-5487e4094da3", "tenant_id": "3bd37219a9b241169c78d31024f72fb5", "subnet_ids": ["91953896-6581-47ed-8cfe-5487e4094da3"], "port_id": "cbeab097-c1f7-4254-a71b-7e044d3eeafa", "id": "4c1a63cb-a8a9-4ff7-b0b9-94768ea2901d"}
2015-12-26 09:57:07,138 21534 INFO     [tempest_lib.common.rest_client] Request (TestNetworkAdvancedServerOps:test_server_connectivity_pause_unpause): 200 POST http://10.0.2.15:5000/v2.0/tokens
2015-12-26 09:57:07,138 21534 DEBUG    [tempest_lib.common.rest_client] Request - Headers: {'Content-Type': 'application/json', 'Accept': 'application/json'}
        Body: &lt;omitted&gt;
    Response - Headers: {'status': '200', 'content-length': '2566', 'vary': 'X-Auth-Token', 'server': 'Apache/2.4.7 (Ubuntu)', 'connection': 'close', 'date': 'Sat, 26 Dec 2015 09:57:07 GMT', 'content-type': 'application/json', 'x-openstack-request-id': 'req-cd9a633e-82c8-49c2-a833-ab5c2a05fa2e'}
        Body: {"access": {"token": {"issued_at": "2015-12-26T09:57:07.128734", "expires": "2015-12-26T10:57:07Z", "id": "087c7de7411a430e9941da496164a9c8", "tenant": {"description": "tempest-TestNetworkAdvancedServerOps-1282585016-desc", "enabled": true, "id": "3bd37219a9b241169c78d31024f72fb5", "name": "tempest-TestNetworkAdvancedServerOps-1282585016"}, "audit_ids": ["GASW4ignQTaBko7oNZS14g"]}, "serviceCatalog": [{"endpoints": [{"adminURL": "http://10.0.2.15:8774/v2.1/3bd37219a9b241169c78d31024f72fb5", "region": "RegionOne", "internalURL": "http://10.0.2.15:8774/v2.1/3bd37219a9b241169c78d31024f72fb5", "id": "4b6e095011904d359232735b07d0546e", "publicURL": "http://10.0.2.15:8774/v2.1/3bd37219a9b241169c78d31024f72fb5"}], "endpoints_links": [], "type": "compute", "name": "nova"}, {"endpoints": [{"adminURL": "http://10.0.2.15:9696/", "region": "RegionOne", "internalURL": "http://10.0.2.15:9696/", "id": "1980b08f09ec4243b61520b19d62eafc", "publicURL": "http://10.0.2.15:9696/"}], "endpoints_links": [], "type": "network", "name": "neutron"}, {"endpoints": [{"adminURL": "http://10.0.2.15:9292", "region": "RegionOne", "internalURL": "http://10.0.2.15:9292", "id": "0ded907271444e08b6647cfaba861259", "publicURL": "http://10.0.2.15:9292"}], "endpoints_links": [], "type": "image", "name": "glance"}, {"endpoints": [{"adminURL": "http://10.0.2.15:8774/v2/3bd37219a9b241169c78d31024f72fb5", "region": "RegionOne", "internalURL": "http://10.0.2.15:8774/v2/3bd37219a9b241169c78d31024f72fb5", "id": "3f2df74695d5414fbea3538c63aec155", "publicURL": "http://10.0.2.15:8774/v2/3bd37219a9b241169c78d31024f72fb5"}], "endpoints_links": [], "type": "compute_legacy", "name": "nova_legacy"}, {"endpoints": [{"adminURL": "http://10.0.2.15:8773/", "region": "RegionOne", "internalURL": "http://10.0.2.15:8773/", "id": "17df3e9ef5c24a479da009cfec082eb7", "publicURL": "http://10.0.2.15:8773/"}], "endpoints_links": [], "type": "ec2", "name": "ec2"}, {"endpoints": [{"adminURL": "http://10.0.2.15:35357/v2.0", "region": "RegionOne", "internalURL": "http://10.0.2.15:5000/v2.0", "id": "7dee7e3601574ee6b33b758b07afa1f4", "publicURL": "http://10.0.2.15:5000/v2.0"}], "endpoints_links": [], "type": "identity", "name": "keystone"}], "user": {"username": "tempest-TestNetworkAdvancedServerOps-1137574380", "roles_links": [], "id": "c4c4d484412741ea9a7294b52e71f787", "roles": [{"name": "_member_"}, {"name": "Member"}], "name": "tempest-TestNetworkAdvancedServerOps-1137574380"}, "metadata": {"is_admin": 0, "roles": ["9fe2ff9ee4384b1894a90878d3e92bab", "5e0bbef5d3774493bc7a426cb933478b"]}}}
2015-12-26 09:57:07,142 21534 DEBUG    [tempest.common.fixed_network] (TestNetworkAdvancedServerOps:test_server_connectivity_pause_unpause) No valid network provided or created, defaulting to fixed_network_name
2015-12-26 09:57:07,468 21534 INFO     [tempest_lib.common.rest_client] Request (TestNetworkAdvancedServerOps:test_server_connectivity_pause_unpause): 200 GET http://10.0.2.15:8774/v2.1/3bd37219a9b241169c78d31024f72fb5/os-networks 0.325s
2015-12-26 09:57:07,469 21534 DEBUG    [tempest_lib.common.rest_client] Request - Headers: {'Content-Type': 'application/json', 'Accept': 'application/json', 'X-Auth-Token': '&lt;omitted&gt;'}
        Body: None
    Response - Headers: {'status': '200', 'content-length': '478', 'content-location': 'http://10.0.2.15:8774/v2.1/3bd37219a9b241169c78d31024f72fb5/os-networks', 'x-compute-request-id': 'req-191a7190-006d-4828-adc3-a92314efc0d6', 'vary': 'X-OpenStack-Nova-API-Version', 'connection': 'close', 'x-openstack-nova-api-version': '2.1', 'date': 'Sat, 26 Dec 2015 09:57:07 GMT', 'content-type': 'application/json'}
        Body: {"networks": [{"cidr_v6": null, "dns2": null, "dns1": null, "gateway": null, "broadcast": null, "netmask": null, "gateway_v6": null, "cidr": null, "label": "public", "id": "28fe6b6d-aed7-4c82-92e1-bfc378ecc35a", "netmask_v6": null}, {"cidr_v6": null, "dns2": null, "dns1": null, "gateway": null, "broadcast": null, "netmask": null, "gateway_v6": null, "cidr": null, "label": "tempest-network-smoke--183827492", "id": "b5c8d7fc-c8d7-41a4-82d7-df0ad6b29571", "netmask_v6": null}]}
2015-12-26 09:57:07,469 21534 WARNING  [tempest.common.fixed_network] (TestNetworkAdvancedServerOps:test_server_connectivity_pause_unpause) Network with name: private not found
2015-12-26 09:57:07,469 21534 INFO     [tempest.common.fixed_network] (TestNetworkAdvancedServerOps:test_server_connectivity_pause_unpause) Found network {} available for tenant
2015-12-26 09:57:09,104 21534 INFO     [tempest_lib.common.rest_client] Request (TestNetworkAdvancedServerOps:test_server_connectivity_pause_unpause): 202 POST http://10.0.2.15:8774/v2.1/3bd37219a9b241169c78d31024f72fb5/servers 1.634s
2015-12-26 09:57:09,105 21534 DEBUG    [tempest_lib.common.rest_client] Request - Headers: {'Content-Type': 'application/json', 'Accept': 'application/json', 'X-Auth-Token': '&lt;omitted&gt;'}
        Body: {"server": {"name": "tempest.common.compute-instance-1775751317", "imageRef": "27f41ce5-78cc-47cc-80de-77ca87e8b1f0", "key_name": "tempest-TestNetworkAdvancedServerOps-107236867", "flavorRef": "42", "networks": [{"uuid": "b5c8d7fc-c8d7-41a4-82d7-df0ad6b29571"}], "security_groups": [{"name": "tempest-secgroup-smoke-1846563190"}]}}
    Response - Headers: {'status': '202', 'content-length': '462', 'x-compute-request-id': 'req-b2400847-42c4-40ea-bee4-a0834c62f550', 'vary': 'X-OpenStack-Nova-API-Version', 'connection': 'close', 'location': 'http://10.0.2.15:8774/v2.1/3bd37219a9b241169c78d31024f72fb5/servers/f5c23118-58f2-4bf0-9d6e-ab369973356b', 'x-openstack-nova-api-version': '2.1', 'date': 'Sat, 26 Dec 2015 09:57:09 GMT', 'content-type': 'application/json'}
        Body: {"server": {"security_groups": [{"name": "tempest-secgroup-smoke-1846563190"}], "OS-DCF:diskConfig": "MANUAL", "id": "f5c23118-58f2-4bf0-9d6e-ab369973356b", "links": [{"href": "http://10.0.2.15:8774/v2.1/3bd37219a9b241169c78d31024f72fb5/servers/f5c23118-58f2-4bf0-9d6e-ab369973356b", "rel": "self"}, {"href": "http://10.0.2.15:8774/3bd37219a9b241169c78d31024f72fb5/servers/f5c23118-58f2-4bf0-9d6e-ab369973356b", "rel": "bookmark"}], "adminPass": "82NH4foV9wkU"}}
2015-12-26 09:57:09,310 21534 INFO     [tempest_lib.common.rest_client] Request (TestNetworkAdvancedServerOps:test_server_connectivity_pause_unpause): 200 GET http://10.0.2.15:8774/v2.1/3bd37219a9b241169c78d31024f72fb5/servers/f5c23118-58f2-4bf0-9d6e-ab369973356b 0.202s
2015-12-26 09:57:09,310 21534 DEBUG    [tempest_lib.common.rest_client] Request - Headers: {'Content-Type': 'application/json', 'Accept': 'application/json', 'X-Auth-Token': '&lt;omitted&gt;'}
        Body: None
    Response - Headers: {'status': '200', 'content-length': '1364', 'content-location': 'http://10.0.2.15:8774/v2.1/3bd37219a9b241169c78d31024f72fb5/servers/f5c23118-58f2-4bf0-9d6e-ab369973356b', 'x-compute-request-id': 'req-bf0d9414-953a-49cd-a0a6-8781f73f22d1', 'vary': 'X-OpenStack-Nova-API-Version', 'connection': 'close', 'x-openstack-nova-api-version': '2.1', 'date': 'Sat, 26 Dec 2015 09:57:09 GMT', 'content-type': 'application/json'}
        Body: {"server": {"status": "BUILD", "updated": "2015-12-26T09:57:09Z", "hostId": "", "addresses": {}, "links": [{"href": "http://10.0.2.15:8774/v2.1/3bd37219a9b241169c78d31024f72fb5/servers/f5c23118-58f2-4bf0-9d6e-ab369973356b", "rel": "self"}, {"href": "http://10.0.2.15:8774/3bd37219a9b241169c78d31024f72fb5/servers/f5c23118-58f2-4bf0-9d6e-ab369973356b", "rel": "bookmark"}], "key_name": "tempest-TestNetworkAdvancedServerOps-107236867", "image": {"id": "27f41ce5-78cc-47cc-80de-77ca87e8b1f0", "links": [{"href": "http://10.0.2.15:8774/3bd37219a9b241169c78d31024f72fb5/images/27f41ce5-78cc-47cc-80de-77ca87e8b1f0", "rel": "bookmark"}]}, "OS-EXT-STS:task_state": "scheduling", "OS-EXT-STS:vm_state": "building", "OS-SRV-USG:launched_at": null, "flavor": {"id": "42", "links": [{"href": "http://10.0.2.15:8774/3bd37219a9b241169c78d31024f72fb5/flavors/42", "rel": "bookmark"}]}, "id": "f5c23118-58f2-4bf0-9d6e-ab369973356b", "OS-SRV-USG:terminated_at": null, "OS-EXT-AZ:availability_zone": "", "user_id": "c4c4d484412741ea9a7294b52e71f787", "name": "tempest.common.compute-instance-1775751317", "created": "2015-12-26T09:57:09Z", "tenant_id": "3bd37219a9b241169c78d31024f72fb5", "OS-DCF:diskConfig": "MANUAL", "os-extended-volumes:volumes_attached": [], "accessIPv4": "", "accessIPv6": "", "progress": 0, "OS-EXT-STS:power_state": 0, "config_drive": "", "metadata": {}}}
2015-12-26 09:57:10,781 21534 INFO     [tempest_lib.common.rest_client] Request (TestNetworkAdvancedServerOps:test_server_connectivity_pause_unpause): 200 GET http://10.0.2.15:8774/v2.1/3bd37219a9b241169c78d31024f72fb5/servers/f5c23118-58f2-4bf0-9d6e-ab369973356b 0.460s
2015-12-26 09:57:10,781 21534 DEBUG    [tempest_lib.common.rest_client] Request - Headers: {'Content-Type': 'application/json', 'Accept': 'application/json', 'X-Auth-Token': '&lt;omitted&gt;'}
        Body: None
    Response - Headers: {'status': '200', 'content-length': '1490', 'content-location': 'http://10.0.2.15:8774/v2.1/3bd37219a9b241169c78d31024f72fb5/servers/f5c23118-58f2-4bf0-9d6e-ab369973356b', 'x-compute-request-id': 'req-55779f25-8b07-43b7-b969-d6440fda5574', 'vary': 'X-OpenStack-Nova-API-Version', 'connection': 'close', 'x-openstack-nova-api-version': '2.1', 'date': 'Sat, 26 Dec 2015 09:57:10 GMT', 'content-type': 'application/json'}
        Body: {"server": {"status": "BUILD", "updated": "2015-12-26T09:57:10Z", "hostId": "c9061a051e4b1628cda7a0b2a4ce8980a7c1d1cd02e6ee30b4b9d7fa", "addresses": {}, "links": [{"href": "http://10.0.2.15:8774/v2.1/3bd37219a9b241169c78d31024f72fb5/servers/f5c23118-58f2-4bf0-9d6e-ab369973356b", "rel": "self"}, {"href": "http://10.0.2.15:8774/3bd37219a9b241169c78d31024f72fb5/servers/f5c23118-58f2-4bf0-9d6e-ab369973356b", "rel": "bookmark"}], "key_name": "tempest-TestNetworkAdvancedServerOps-107236867", "image": {"id": "27f41ce5-78cc-47cc-80de-77ca87e8b1f0", "links": [{"href": "http://10.0.2.15:8774/3bd37219a9b241169c78d31024f72fb5/images/27f41ce5-78cc-47cc-80de-77ca87e8b1f0", "rel": "bookmark"}]}, "OS-EXT-STS:task_state": "spawning", "OS-EXT-STS:vm_state": "building", "OS-SRV-USG:launched_at": null, "flavor": {"id": "42", "links": [{"href": "http://10.0.2.15:8774/3bd37219a9b241169c78d31024f72fb5/flavors/42", "rel": "bookmark"}]}, "id": "f5c23118-58f2-4bf0-9d6e-ab369973356b", "security_groups": [{"name": "tempest-secgroup-smoke-1846563190"}], "OS-SRV-USG:terminated_at": null, "OS-EXT-AZ:availability_zone": "nova", "user_id": "c4c4d484412741ea9a7294b52e71f787", "name": "tempest.common.compute-instance-1775751317", "created": "2015-12-26T09:57:09Z", "tenant_id": "3bd37219a9b241169c78d31024f72fb5", "OS-DCF:diskConfig": "MANUAL", "os-extended-volumes:volumes_attached": [], "accessIPv4": "", "accessIPv6": "", "progress": 0, "OS-EXT-STS:power_state": 0, "config_drive": "", "metadata": {}}}
2015-12-26 09:57:10,791 21534 INFO     [tempest.common.waiters] State transition "BUILD/scheduling" ==&gt; "BUILD/spawning" after 1 second wait
2015-12-26 09:57:12,143 21534 INFO     [tempest_lib.common.rest_client] Request (TestNetworkAdvancedServerOps:test_server_connectivity_pause_unpause): 200 GET http://10.0.2.15:8774/v2.1/3bd37219a9b241169c78d31024f72fb5/servers/f5c23118-58f2-4bf0-9d6e-ab369973356b 0.350s
2015-12-26 09:57:12,143 21534 DEBUG    [tempest_lib.common.rest_client] Request - Headers: {'Content-Type': 'application/json', 'Accept': 'application/json', 'X-Auth-Token': '&lt;omitted&gt;'}
        Body: None
    Response - Headers: {'status': '200', 'content-length': '1490', 'content-location': 'http://10.0.2.15:8774/v2.1/3bd37219a9b241169c78d31024f72fb5/servers/f5c23118-58f2-4bf0-9d6e-ab369973356b', 'x-compute-request-id': 'req-e8b1cfec-b3fe-45d6-88eb-da0042da4b7a', 'vary': 'X-OpenStack-Nova-API-Version', 'connection': 'close', 'x-openstack-nova-api-version': '2.1', 'date': 'Sat, 26 Dec 2015 09:57:12 GMT', 'content-type': 'application/json'}
        Body: {"server": {"status": "BUILD", "updated": "2015-12-26T09:57:10Z", "hostId": "c9061a051e4b1628cda7a0b2a4ce8980a7c1d1cd02e6ee30b4b9d7fa", "addresses": {}, "links": [{"href": "http://10.0.2.15:8774/v2.1/3bd37219a9b241169c78d31024f72fb5/servers/f5c23118-58f2-4bf0-9d6e-ab369973356b", "rel": "self"}, {"href": "http://10.0.2.15:8774/3bd37219a9b241169c78d31024f72fb5/servers/f5c23118-58f2-4bf0-9d6e-ab369973356b", "rel": "bookmark"}], "key_name": "tempest-TestNetworkAdvancedServerOps-107236867", "image": {"id": "27f41ce5-78cc-47cc-80de-77ca87e8b1f0", "links": [{"href": "http://10.0.2.15:8774/3bd37219a9b241169c78d31024f72fb5/images/27f41ce5-78cc-47cc-80de-77ca87e8b1f0", "rel": "bookmark"}]}, "OS-EXT-STS:task_state": "spawning", "OS-EXT-STS:vm_state": "building", "OS-SRV-USG:launched_at": null, "flavor": {"id": "42", "links": [{"href": "http://10.0.2.15:8774/3bd37219a9b241169c78d31024f72fb5/flavors/42", "rel": "bookmark"}]}, "id": "f5c23118-58f2-4bf0-9d6e-ab369973356b", "security_groups": [{"name": "tempest-secgroup-smoke-1846563190"}], "OS-SRV-USG:terminated_at": null, "OS-EXT-AZ:availability_zone": "nova", "user_id": "c4c4d484412741ea9a7294b52e71f787", "name": "tempest.common.compute-instance-1775751317", "created": "2015-12-26T09:57:09Z", "tenant_id": "3bd37219a9b241169c78d31024f72fb5", "OS-DCF:diskConfig": "MANUAL", "os-extended-volumes:volumes_attached": [], "accessIPv4": "", "accessIPv6": "", "progress": 0, "OS-EXT-STS:power_state": 0, "config_drive": "", "metadata": {}}}
2015-12-26 09:57:13,465 21534 INFO     [tempest_lib.common.rest_client] Request (TestNetworkAdvancedServerOps:test_server_connectivity_pause_unpause): 200 GET http://10.0.2.15:8774/v2.1/3bd37219a9b241169c78d31024f72fb5/servers/f5c23118-58f2-4bf0-9d6e-ab369973356b 0.305s
2015-12-26 09:57:13,466 21534 DEBUG    [tempest_lib.common.rest_client] Request - Headers: {'Content-Type': 'application/json', 'Accept': 'application/json', 'X-Auth-Token': '&lt;omitted&gt;'}
        Body: None
    Response - Headers: {'status': '200', 'content-length': '1661', 'content-location': 'http://10.0.2.15:8774/v2.1/3bd37219a9b241169c78d31024f72fb5/servers/f5c23118-58f2-4bf0-9d6e-ab369973356b', 'x-compute-request-id': 'req-05acf955-71b4-4123-ad69-b9c85f6777dd', 'vary': 'X-OpenStack-Nova-API-Version', 'connection': 'close', 'x-openstack-nova-api-version': '2.1', 'date': 'Sat, 26 Dec 2015 09:57:13 GMT', 'content-type': 'application/json'}
        Body: {"server": {"status": "ACTIVE", "updated": "2015-12-26T09:57:12Z", "hostId": "c9061a051e4b1628cda7a0b2a4ce8980a7c1d1cd02e6ee30b4b9d7fa", "addresses": {"tempest-network-smoke--183827492": [{"OS-EXT-IPS-MAC:mac_addr": "fa:16:3e:39:40:a6", "version": 4, "addr": "10.100.0.3", "OS-EXT-IPS:type": "fixed"}]}, "links": [{"href": "http://10.0.2.15:8774/v2.1/3bd37219a9b241169c78d31024f72fb5/servers/f5c23118-58f2-4bf0-9d6e-ab369973356b", "rel": "self"}, {"href": "http://10.0.2.15:8774/3bd37219a9b241169c78d31024f72fb5/servers/f5c23118-58f2-4bf0-9d6e-ab369973356b", "rel": "bookmark"}], "key_name": "tempest-TestNetworkAdvancedServerOps-107236867", "image": {"id": "27f41ce5-78cc-47cc-80de-77ca87e8b1f0", "links": [{"href": "http://10.0.2.15:8774/3bd37219a9b241169c78d31024f72fb5/images/27f41ce5-78cc-47cc-80de-77ca87e8b1f0", "rel": "bookmark"}]}, "OS-EXT-STS:task_state": null, "OS-EXT-STS:vm_state": "active", "OS-SRV-USG:launched_at": "2015-12-26T09:57:12.000000", "flavor": {"id": "42", "links": [{"href": "http://10.0.2.15:8774/3bd37219a9b241169c78d31024f72fb5/flavors/42", "rel": "bookmark"}]}, "id": "f5c23118-58f2-4bf0-9d6e-ab369973356b", "security_groups": [{"name": "tempest-secgroup-smoke-1846563190"}], "OS-SRV-USG:terminated_at": null, "OS-EXT-AZ:availability_zone": "nova", "user_id": "c4c4d484412741ea9a7294b52e71f787", "name": "tempest.common.compute-instance-1775751317", "created": "2015-12-26T09:57:09Z", "tenant_id": "3bd37219a9b241169c78d31024f72fb5", "OS-DCF:diskConfig": "MANUAL", "os-extended-volumes:volumes_attached": [], "accessIPv4": "", "accessIPv6": "", "progress": 0, "OS-EXT-STS:power_state": 1, "config_drive": "True", "metadata": {}}}
2015-12-26 09:57:13,475 21534 INFO     [tempest.common.waiters] State transition "BUILD/spawning" ==&gt; "ACTIVE/None" after 4 second wait
2015-12-26 09:57:13,678 21534 INFO     [tempest_lib.common.rest_client] Request (TestNetworkAdvancedServerOps:test_server_connectivity_pause_unpause): 200 GET http://10.0.2.15:8774/v2.1/3bd37219a9b241169c78d31024f72fb5/servers/f5c23118-58f2-4bf0-9d6e-ab369973356b 0.203s
2015-12-26 09:57:13,679 21534 DEBUG    [tempest_lib.common.rest_client] Request - Headers: {'Content-Type': 'application/json', 'Accept': 'application/json', 'X-Auth-Token': '&lt;omitted&gt;'}
        Body: None
    Response - Headers: {'status': '200', 'content-length': '1661', 'content-location': 'http://10.0.2.15:8774/v2.1/3bd37219a9b241169c78d31024f72fb5/servers/f5c23118-58f2-4bf0-9d6e-ab369973356b', 'x-compute-request-id': 'req-6d3a5f1e-cefc-4de4-8490-29a31def5949', 'vary': 'X-OpenStack-Nova-API-Version', 'connection': 'close', 'x-openstack-nova-api-version': '2.1', 'date': 'Sat, 26 Dec 2015 09:57:13 GMT', 'content-type': 'application/json'}
        Body: {"server": {"status": "ACTIVE", "updated": "2015-12-26T09:57:12Z", "hostId": "c9061a051e4b1628cda7a0b2a4ce8980a7c1d1cd02e6ee30b4b9d7fa", "addresses": {"tempest-network-smoke--183827492": [{"OS-EXT-IPS-MAC:mac_addr": "fa:16:3e:39:40:a6", "version": 4, "addr": "10.100.0.3", "OS-EXT-IPS:type": "fixed"}]}, "links": [{"href": "http://10.0.2.15:8774/v2.1/3bd37219a9b241169c78d31024f72fb5/servers/f5c23118-58f2-4bf0-9d6e-ab369973356b", "rel": "self"}, {"href": "http://10.0.2.15:8774/3bd37219a9b241169c78d31024f72fb5/servers/f5c23118-58f2-4bf0-9d6e-ab369973356b", "rel": "bookmark"}], "key_name": "tempest-TestNetworkAdvancedServerOps-107236867", "image": {"id": "27f41ce5-78cc-47cc-80de-77ca87e8b1f0", "links": [{"href": "http://10.0.2.15:8774/3bd37219a9b241169c78d31024f72fb5/images/27f41ce5-78cc-47cc-80de-77ca87e8b1f0", "rel": "bookmark"}]}, "OS-EXT-STS:task_state": null, "OS-EXT-STS:vm_state": "active", "OS-SRV-USG:launched_at": "2015-12-26T09:57:12.000000", "flavor": {"id": "42", "links": [{"href": "http://10.0.2.15:8774/3bd37219a9b241169c78d31024f72fb5/flavors/42", "rel": "bookmark"}]}, "id": "f5c23118-58f2-4bf0-9d6e-ab369973356b", "security_groups": [{"name": "tempest-secgroup-smoke-1846563190"}], "OS-SRV-USG:terminated_at": null, "OS-EXT-AZ:availability_zone": "nova", "user_id": "c4c4d484412741ea9a7294b52e71f787", "name": "tempest.common.compute-instance-1775751317", "created": "2015-12-26T09:57:09Z", "tenant_id": "3bd37219a9b241169c78d31024f72fb5", "OS-DCF:diskConfig": "MANUAL", "os-extended-volumes:volumes_attached": [], "accessIPv4": "", "accessIPv6": "", "progress": 0, "OS-EXT-STS:power_state": 1, "config_drive": "True", "metadata": {}}}
2015-12-26 09:57:13,834 21534 INFO     [tempest_lib.common.rest_client] Request (TestNetworkAdvancedServerOps:test_server_connectivity_pause_unpause): 200 GET http://10.0.2.15:9696/v2.0/ports?status=ACTIVE&amp;fixed_ip=None&amp;device_id=f5c23118-58f2-4bf0-9d6e-ab369973356b 0.146s
2015-12-26 09:57:13,834 21534 DEBUG    [tempest_lib.common.rest_client] Request - Headers: {'Content-Type': 'application/json', 'Accept': 'application/json', 'X-Auth-Token': '&lt;omitted&gt;'}
        Body: None
    Response - Headers: {'status': '200', 'content-length': '895', 'content-location': 'http://10.0.2.15:9696/v2.0/ports?status=ACTIVE&amp;fixed_ip=None&amp;device_id=f5c23118-58f2-4bf0-9d6e-ab369973356b', 'connection': 'close', 'date': 'Sat, 26 Dec 2015 09:57:13 GMT', 'content-type': 'application/json; charset=UTF-8', 'x-openstack-request-id': 'req-0e0e8c83-b597-4c87-be18-d5dbb1786720'}
        Body: {"ports": [{"status": "ACTIVE", "binding:host_id": "vagrant-ubuntu-trusty-64", "allowed_address_pairs": [], "extra_dhcp_opts": [], "dns_assignment": [{"hostname": "host-10-100-0-3", "ip_address": "10.100.0.3", "fqdn": "host-10-100-0-3.openstacklocal."}], "device_owner": "compute:None", "port_security_enabled": true, "binding:profile": {}, "fixed_ips": [{"subnet_id": "91953896-6581-47ed-8cfe-5487e4094da3", "ip_address": "10.100.0.3"}], "id": "38c4cebe-b432-4d8c-aeb1-e5b3dedbb8e9", "security_groups": ["fcdf28c3-76f3-4546-b6e8-d233ca3d48bb"], "device_id": "f5c23118-58f2-4bf0-9d6e-ab369973356b", "name": "", "admin_state_up": true, "network_id": "b5c8d7fc-c8d7-41a4-82d7-df0ad6b29571", "dns_name": "", "binding:vif_details": {"port_filter": true}, "binding:vnic_type": "normal", "binding:vif_type": "ovs", "tenant_id": "3bd37219a9b241169c78d31024f72fb5", "mac_address": "fa:16:3e:39:40:a6"}]}
2015-12-26 09:57:14,387 21534 INFO     [tempest_lib.common.rest_client] Request (TestNetworkAdvancedServerOps:test_server_connectivity_pause_unpause): 201 POST http://10.0.2.15:9696/v2.0/floatingips 0.552s
2015-12-26 09:57:14,387 21534 DEBUG    [tempest_lib.common.rest_client] Request - Headers: {'Content-Type': 'application/json', 'Accept': 'application/json', 'X-Auth-Token': '&lt;omitted&gt;'}
        Body: {"floatingip": {"floating_network_id": "28fe6b6d-aed7-4c82-92e1-bfc378ecc35a", "tenant_id": "3bd37219a9b241169c78d31024f72fb5", "fixed_ip_address": "10.100.0.3", "port_id": "38c4cebe-b432-4d8c-aeb1-e5b3dedbb8e9"}}
    Response - Headers: {'status': '201', 'content-length': '367', 'connection': 'close', 'date': 'Sat, 26 Dec 2015 09:57:14 GMT', 'content-type': 'application/json; charset=UTF-8', 'x-openstack-request-id': 'req-ba0b86c9-7e51-43c6-8a61-94b3d7bdc53d'}
        Body: {"floatingip": {"floating_network_id": "28fe6b6d-aed7-4c82-92e1-bfc378ecc35a", "router_id": "4c1a63cb-a8a9-4ff7-b0b9-94768ea2901d", "fixed_ip_address": "10.100.0.3", "floating_ip_address": "172.24.4.4", "tenant_id": "3bd37219a9b241169c78d31024f72fb5", "status": "DOWN", "port_id": "38c4cebe-b432-4d8c-aeb1-e5b3dedbb8e9", "id": "b66b3fe2-ed8c-4cc3-a8fa-b5fe03176453"}}
2015-12-26 09:57:14,714 21534 INFO     [tempest_lib.common.rest_client] Request (TestNetworkAdvancedServerOps:test_server_connectivity_pause_unpause): 200 GET http://10.0.2.15:8774/v2.1/3bd37219a9b241169c78d31024f72fb5/servers/f5c23118-58f2-4bf0-9d6e-ab369973356b 0.326s
2015-12-26 09:57:14,714 21534 DEBUG    [tempest_lib.common.rest_client] Request - Headers: {'Content-Type': 'application/json', 'Accept': 'application/json', 'X-Auth-Token': '&lt;omitted&gt;'}
        Body: None
    Response - Headers: {'status': '200', 'content-length': '1661', 'content-location': 'http://10.0.2.15:8774/v2.1/3bd37219a9b241169c78d31024f72fb5/servers/f5c23118-58f2-4bf0-9d6e-ab369973356b', 'x-compute-request-id': 'req-c2afa369-62d0-4e08-abf2-9913e978b42f', 'vary': 'X-OpenStack-Nova-API-Version', 'connection': 'close', 'x-openstack-nova-api-version': '2.1', 'date': 'Sat, 26 Dec 2015 09:57:14 GMT', 'content-type': 'application/json'}
        Body: {"server": {"status": "ACTIVE", "updated": "2015-12-26T09:57:12Z", "hostId": "c9061a051e4b1628cda7a0b2a4ce8980a7c1d1cd02e6ee30b4b9d7fa", "addresses": {"tempest-network-smoke--183827492": [{"OS-EXT-IPS-MAC:mac_addr": "fa:16:3e:39:40:a6", "version": 4, "addr": "10.100.0.3", "OS-EXT-IPS:type": "fixed"}]}, "links": [{"href": "http://10.0.2.15:8774/v2.1/3bd37219a9b241169c78d31024f72fb5/servers/f5c23118-58f2-4bf0-9d6e-ab369973356b", "rel": "self"}, {"href": "http://10.0.2.15:8774/3bd37219a9b241169c78d31024f72fb5/servers/f5c23118-58f2-4bf0-9d6e-ab369973356b", "rel": "bookmark"}], "key_name": "tempest-TestNetworkAdvancedServerOps-107236867", "image": {"id": "27f41ce5-78cc-47cc-80de-77ca87e8b1f0", "links": [{"href": "http://10.0.2.15:8774/3bd37219a9b241169c78d31024f72fb5/images/27f41ce5-78cc-47cc-80de-77ca87e8b1f0", "rel": "bookmark"}]}, "OS-EXT-STS:task_state": null, "OS-EXT-STS:vm_state": "active", "OS-SRV-USG:launched_at": "2015-12-26T09:57:12.000000", "flavor": {"id": "42", "links": [{"href": "http://10.0.2.15:8774/3bd37219a9b241169c78d31024f72fb5/flavors/42", "rel": "bookmark"}]}, "id": "f5c23118-58f2-4bf0-9d6e-ab369973356b", "security_groups": [{"name": "tempest-secgroup-smoke-1846563190"}], "OS-SRV-USG:terminated_at": null, "OS-EXT-AZ:availability_zone": "nova", "user_id": "c4c4d484412741ea9a7294b52e71f787", "name": "tempest.common.compute-instance-1775751317", "created": "2015-12-26T09:57:09Z", "tenant_id": "3bd37219a9b241169c78d31024f72fb5", "OS-DCF:diskConfig": "MANUAL", "os-extended-volumes:volumes_attached": [], "accessIPv4": "", "accessIPv6": "", "progress": 0, "OS-EXT-STS:power_state": 1, "config_drive": "True", "metadata": {}}}
2015-12-26 09:57:14,723 21534 INFO     [tempest.scenario.manager] Tenant networks not configured to be reachable.
2015-12-26 09:57:14,737 21534 INFO     [tempest_lib.common.rest_client] Request (TestNetworkAdvancedServerOps:test_server_connectivity_pause_unpause): 200 GET http://10.0.2.15:9696/v2.0/floatingips/b66b3fe2-ed8c-4cc3-a8fa-b5fe03176453 0.014s
2015-12-26 09:57:14,738 21534 DEBUG    [tempest_lib.common.rest_client] Request - Headers: {'Content-Type': 'application/json', 'Accept': 'application/json', 'X-Auth-Token': '&lt;omitted&gt;'}
        Body: None
    Response - Headers: {'status': '200', 'content-length': '367', 'content-location': 'http://10.0.2.15:9696/v2.0/floatingips/b66b3fe2-ed8c-4cc3-a8fa-b5fe03176453', 'connection': 'close', 'date': 'Sat, 26 Dec 2015 09:57:14 GMT', 'content-type': 'application/json; charset=UTF-8', 'x-openstack-request-id': 'req-32096c21-6d13-4161-be5f-660c38f602c7'}
        Body: {"floatingip": {"floating_network_id": "28fe6b6d-aed7-4c82-92e1-bfc378ecc35a", "router_id": "4c1a63cb-a8a9-4ff7-b0b9-94768ea2901d", "fixed_ip_address": "10.100.0.3", "floating_ip_address": "172.24.4.4", "tenant_id": "3bd37219a9b241169c78d31024f72fb5", "status": "DOWN", "port_id": "38c4cebe-b432-4d8c-aeb1-e5b3dedbb8e9", "id": "b66b3fe2-ed8c-4cc3-a8fa-b5fe03176453"}}
2015-12-26 09:57:15,755 21534 INFO     [tempest_lib.common.rest_client] Request (TestNetworkAdvancedServerOps:test_server_connectivity_pause_unpause): 200 GET http://10.0.2.15:9696/v2.0/floatingips/b66b3fe2-ed8c-4cc3-a8fa-b5fe03176453 0.015s
2015-12-26 09:57:15,755 21534 DEBUG    [tempest_lib.common.rest_client] Request - Headers: {'Content-Type': 'application/json', 'Accept': 'application/json', 'X-Auth-Token': '&lt;omitted&gt;'}
        Body: None
    Response - Headers: {'status': '200', 'content-length': '369', 'content-location': 'http://10.0.2.15:9696/v2.0/floatingips/b66b3fe2-ed8c-4cc3-a8fa-b5fe03176453', 'connection': 'close', 'date': 'Sat, 26 Dec 2015 09:57:15 GMT', 'content-type': 'application/json; charset=UTF-8', 'x-openstack-request-id': 'req-1d8a3e40-5af3-43db-8028-74d40bc661ff'}
        Body: {"floatingip": {"floating_network_id": "28fe6b6d-aed7-4c82-92e1-bfc378ecc35a", "router_id": "4c1a63cb-a8a9-4ff7-b0b9-94768ea2901d", "fixed_ip_address": "10.100.0.3", "floating_ip_address": "172.24.4.4", "tenant_id": "3bd37219a9b241169c78d31024f72fb5", "status": "ACTIVE", "port_id": "38c4cebe-b432-4d8c-aeb1-e5b3dedbb8e9", "id": "b66b3fe2-ed8c-4cc3-a8fa-b5fe03176453"}}
2015-12-26 09:57:15,756 21534 INFO     [tempest.scenario.manager] FloatingIP: &lt;"FloatingIP" addr="172.24.4.4" id="b66b3fe2-ed8c-4cc3-a8fa-b5fe03176453"&gt; is at status: ACTIVE
2015-12-26 09:57:15,756 21534 DEBUG    [tempest.scenario.manager] checking network connections to IP 172.24.4.4 with user: cirros
2015-12-26 09:57:15,757 21534 DEBUG    [tempest.scenario.manager] TestNetworkAdvancedServerOps:test_server_connectivity_pause_unpause begins to ping 172.24.4.4 in 120 sec and the expected result is reachable
2015-12-26 09:59:17,064 21534 DEBUG    [tempest.scenario.manager] TestNetworkAdvancedServerOps:test_server_connectivity_pause_unpause finishes ping 172.24.4.4 in 120 sec and the ping result is unexpected
2015-12-26 09:59:17,065 21534 ERROR    [tempest.scenario.manager] Public network connectivity check failed
2015-12-26 09:59:17.065 21534 ERROR tempest.scenario.manager Traceback (most recent call last):
2015-12-26 09:59:17.065 21534 ERROR tempest.scenario.manager   File "tempest/scenario/manager.py", line 609, in check_public_network_connectivity
2015-12-26 09:59:17.065 21534 ERROR tempest.scenario.manager     should_connect=should_connect)
2015-12-26 09:59:17.065 21534 ERROR tempest.scenario.manager   File "tempest/scenario/manager.py", line 593, in check_vm_connectivity
2015-12-26 09:59:17.065 21534 ERROR tempest.scenario.manager     msg=msg)
2015-12-26 09:59:17.065 21534 ERROR tempest.scenario.manager   File "/usr/local/lib/python2.7/dist-packages/unittest2/case.py", line 702, in assertTrue
2015-12-26 09:59:17.065 21534 ERROR tempest.scenario.manager     raise self.failureException(msg)
2015-12-26 09:59:17.065 21534 ERROR tempest.scenario.manager AssertionError: False is not true : Timed out waiting for 172.24.4.4 to become reachable
2015-12-26 09:59:17.065 21534 ERROR tempest.scenario.manager 
2015-12-26 09:59:17,272 21534 INFO     [tempest_lib.common.rest_client] Request (TestNetworkAdvancedServerOps:test_server_connectivity_pause_unpause): 200 POST http://10.0.2.15:8774/v2.1/3bd37219a9b241169c78d31024f72fb5/servers/f5c23118-58f2-4bf0-9d6e-ab369973356b/action 0.203s
2015-12-26 09:59:17,273 21534 DEBUG    [tempest_lib.common.rest_client] Request - Headers: {'Content-Type': 'application/json', 'Accept': 'application/json', 'X-Auth-Token': '&lt;omitted&gt;'}
        Body: {"os-getConsoleOutput": {}}
    Response - Headers: {'status': '200', 'content-length': '17582', 'x-compute-request-id': 'req-320e64d6-ccaf-4abb-b3ae-0fbb4099a86b', 'vary': 'X-OpenStack-Nova-API-Version', 'connection': 'close', 'x-openstack-nova-api-version': '2.1', 'date': 'Sat, 26 Dec 2015 09:59:17 GMT', 'content-type': 'application/json'}
        Body: {"output": "[    0.000000] Initializing cgroup subsys cpuset\n[    0.000000] Initializing cgroup subsys cpu\n[    0.000000] Linux version 3.2.0-80-virtual (buildd@batsu) (gcc version 4.6.3 (Ubuntu/Linaro 4.6.3-1ubuntu5) ) #116-Ubuntu SMP Mon Mar 23 17:28:52 UTC 2015 (Ubuntu 3.2.0-80.116-virtual 3.2.68)\n[    0.000000] Command line: root=/dev/vda console=tty0 console=ttyS0 no_timer_check\n[    0.000000] KERNEL supported cpus:\n[    0.000000]   Intel GenuineIntel\n[    0.000000]   AMD AuthenticAMD\n[    0.000000]   Centaur CentaurHauls\n[    0.000000] BIOS-provided physical RAM map:\n[    0.000000]  BIOS-e820: 0000000000000000 - 000000000009fc00 (usable)\n[    0.000000]  BIOS-e820: 000000000009fc00 - 00000000000a0000 (reserved)\n[    0.000000]  BIOS-e820: 00000000000f0000 - 0000000000100000 (reserved)\n[    0.000000]  BIOS-e820: 0000000000100000 - 0000000003ffe000 (usable)\n[    0.000000]  BIOS-e820: 0000000003ffe000 - 0000000004000000 (reserved)\n[    0.000000]  BIOS-e820: 00000000fffc0000 - 0000000100000000 (reserved)\n[    0.000000] NX (Execute Disable) protection: active\n[    0.000000] SMBIOS 2.4 present.\n[    0.000000] No AGP bridge found\n[    0.000000] last_pfn = 0x3ffe max_arch_pfn = 0x400000000\n[    0.000000] x86 PAT enabled: cpu 0, old 0x7040600070406, new 0x7010600070106\n[    0.000000] found SMP MP-table at [ffff8800000f0b00] f0b00\n[    0.000000] init_memory_mapping: 0000000000000000-0000000003ffe000\n[    0.000000] RAMDISK: 03c5e000 - 03ff0000\n[    0.000000] ACPI: RSDP 00000000000f0950 00014 (v00 BOCHS )\n[    0.000000] ACPI: RSDT 0000000003fffbc1 00034 (v01 BOCHS  BXPCRSDT 00000001 BXPC 00000001)\n[    0.000000] ACPI: FACP 0000000003fff1c0 00074 (v01 BOCHS  BXPCFACP 00000001 BXPC 00000001)\n[    0.000000] ACPI: DSDT 0000000003ffe040 01180 (v01 BOCHS  BXPCDSDT 00000001 BXPC 00000001)\n[    0.000000] ACPI: FACS 0000000003ffe000 00040\n[    0.000000] ACPI: SSDT 0000000003fff234 008DD (v01 BOCHS  BXPCSSDT 00000001 BXPC 00000001)\n[    0.000000] ACPI: APIC 0000000003fffb11 00078 (v01 BOCHS  BXPCAPIC 00000001 BXPC 00000001)\n[    0.000000] ACPI: HPET 0000000003fffb89 00038 (v01 BOCHS  BXPCHPET 00000001 BXPC 00000001)\n[    0.000000] No NUMA configuration found\n[    0.000000] Faking a node at 0000000000000000-0000000003ffe000\n[    0.000000] Initmem setup node 0 0000000000000000-0000000003ffe000\n[    0.000000]   NODE_DATA [0000000003ff6000 - 0000000003ffafff]\n[    0.000000] Zone PFN ranges:\n[    0.000000]   DMA      0x00000010 -&gt; 0x00001000\n[    0.000000]   DMA32    0x00001000 -&gt; 0x00100000\n[    0.000000]   Normal   empty\n[    0.000000] Movable zone start PFN for each node\n[    0.000000] early_node_map[2] active PFN ranges\n[    0.000000]     0: 0x00000010 -&gt; 0x0000009f\n[    0.000000]     0: 0x00000100 -&gt; 0x00003ffe\n[    0.000000] ACPI: PM-Timer IO Port: 0xb008\n[    0.000000] ACPI: LAPIC (acpi_id[0x00] lapic_id[0x00] enabled)\n[    0.000000] ACPI: LAPIC_NMI (acpi_id[0xff] dfl dfl lint[0x1])\n[    0.000000] ACPI: IOAPIC (id[0x00] address[0xfec00000] gsi_base[0])\n[    0.000000] IOAPIC[0]: apic_id 0, version 17, address 0xfec00000, GSI 0-23\n[    0.000000] ACPI: INT_SRC_OVR (bus 0 bus_irq 0 global_irq 2 dfl dfl)\n[    0.000000] ACPI: INT_SRC_OVR (bus 0 bus_irq 5 global_irq 5 high level)\n[    0.000000] ACPI: INT_SRC_OVR (bus 0 bus_irq 9 global_irq 9 high level)\n[    0.000000] ACPI: INT_SRC_OVR (bus 0 bus_irq 10 global_irq 10 high level)\n[    0.000000] ACPI: INT_SRC_OVR (bus 0 bus_irq 11 global_irq 11 high level)\n[    0.000000] Using ACPI (MADT) for SMP configuration information\n[    0.000000] ACPI: HPET id: 0x8086a201 base: 0xfed00000\n[    0.000000] SMP: Allowing 1 CPUs, 0 hotplug CPUs\n[    0.000000] PM: Registered nosave memory: 000000000009f000 - 00000000000a0000\n[    0.000000] PM: Registered nosave memory: 00000000000a0000 - 00000000000f0000\n[    0.000000] PM: Registered nosave memory: 00000000000f0000 - 0000000000100000\n[    0.000000] Allocating PCI resources starting at 4000000 (gap: 4000000:fbfc0000)\n[    0.000000] Booting paravirtualized kernel on bare hardware\n[    0.000000] setup_pe
2015-12-26 09:59:17,276 21534 DEBUG    [tempest.scenario.manager] Console output for f5c23118-58f2-4bf0-9d6e-ab369973356b
body=
[    0.000000] Initializing cgroup subsys cpuset
[    0.000000] Initializing cgroup subsys cpu
[    0.000000] Linux version 3.2.0-80-virtual (buildd@batsu) (gcc version 4.6.3 (Ubuntu/Linaro 4.6.3-1ubuntu5) ) #116-Ubuntu SMP Mon Mar 23 17:28:52 UTC 2015 (Ubuntu 3.2.0-80.116-virtual 3.2.68)
[    0.000000] Command line: root=/dev/vda console=tty0 console=ttyS0 no_timer_check
[    0.000000] KERNEL supported cpus:
[    0.000000]   Intel GenuineIntel
[    0.000000]   AMD AuthenticAMD
[    0.000000]   Centaur CentaurHauls
[    0.000000] BIOS-provided physical RAM map:
[    0.000000]  BIOS-e820: 0000000000000000 - 000000000009fc00 (usable)
[    0.000000]  BIOS-e820: 000000000009fc00 - 00000000000a0000 (reserved)
[    0.000000]  BIOS-e820: 00000000000f0000 - 0000000000100000 (reserved)
[    0.000000]  BIOS-e820: 0000000000100000 - 0000000003ffe000 (usable)
[    0.000000]  BIOS-e820: 0000000003ffe000 - 0000000004000000 (reserved)
[    0.000000]  BIOS-e820: 00000000fffc0000 - 0000000100000000 (reserved)
[    0.000000] NX (Execute Disable) protection: active
[    0.000000] SMBIOS 2.4 present.
[    0.000000] No AGP bridge found
[    0.000000] last_pfn = 0x3ffe max_arch_pfn = 0x400000000
[    0.000000] x86 PAT enabled: cpu 0, old 0x7040600070406, new 0x7010600070106
[    0.000000] found SMP MP-table at [ffff8800000f0b00] f0b00
[    0.000000] init_memory_mapping: 0000000000000000-0000000003ffe000
[    0.000000] RAMDISK: 03c5e000 - 03ff0000
[    0.000000] ACPI: RSDP 00000000000f0950 00014 (v00 BOCHS )
[    0.000000] ACPI: RSDT 0000000003fffbc1 00034 (v01 BOCHS  BXPCRSDT 00000001 BXPC 00000001)
[    0.000000] ACPI: FACP 0000000003fff1c0 00074 (v01 BOCHS  BXPCFACP 00000001 BXPC 00000001)
[    0.000000] ACPI: DSDT 0000000003ffe040 01180 (v01 BOCHS  BXPCDSDT 00000001 BXPC 00000001)
[    0.000000] ACPI: FACS 0000000003ffe000 00040
[    0.000000] ACPI: SSDT 0000000003fff234 008DD (v01 BOCHS  BXPCSSDT 00000001 BXPC 00000001)
[    0.000000] ACPI: APIC 0000000003fffb11 00078 (v01 BOCHS  BXPCAPIC 00000001 BXPC 00000001)
[    0.000000] ACPI: HPET 0000000003fffb89 00038 (v01 BOCHS  BXPCHPET 00000001 BXPC 00000001)
[    0.000000] No NUMA configuration found
[    0.000000] Faking a node at 0000000000000000-0000000003ffe000
[    0.000000] Initmem setup node 0 0000000000000000-0000000003ffe000
[    0.000000]   NODE_DATA [0000000003ff6000 - 0000000003ffafff]
[    0.000000] Zone PFN ranges:
[    0.000000]   DMA      0x00000010 -&gt; 0x00001000
[    0.000000]   DMA32    0x00001000 -&gt; 0x00100000
[    0.000000]   Normal   empty
[    0.000000] Movable zone start PFN for each node
[    0.000000] early_node_map[2] active PFN ranges
[    0.000000]     0: 0x00000010 -&gt; 0x0000009f
[    0.000000]     0: 0x00000100 -&gt; 0x00003ffe
[    0.000000] ACPI: PM-Timer IO Port: 0xb008
[    0.000000] ACPI: LAPIC (acpi_id[0x00] lapic_id[0x00] enabled)
[    0.000000] ACPI: LAPIC_NMI (acpi_id[0xff] dfl dfl lint[0x1])
[    0.000000] ACPI: IOAPIC (id[0x00] address[0xfec00000] gsi_base[0])
[    0.000000] IOAPIC[0]: apic_id 0, version 17, address 0xfec00000, GSI 0-23
[    0.000000] ACPI: INT_SRC_OVR (bus 0 bus_irq 0 global_irq 2 dfl dfl)
[    0.000000] ACPI: INT_SRC_OVR (bus 0 bus_irq 5 global_irq 5 high level)
[    0.000000] ACPI: INT_SRC_OVR (bus 0 bus_irq 9 global_irq 9 high level)
[    0.000000] ACPI: INT_SRC_OVR (bus 0 bus_irq 10 global_irq 10 high level)
[    0.000000] ACPI: INT_SRC_OVR (bus 0 bus_irq 11 global_irq 11 high level)
[    0.000000] Using ACPI (MADT) for SMP configuration information
[    0.000000] ACPI: HPET id: 0x8086a201 base: 0xfed00000
[    0.000000] SMP: Allowing 1 CPUs, 0 hotplug CPUs
[    0.000000] PM: Registered nosave memory: 000000000009f000 - 00000000000a0000
[    0.000000] PM: Registered nosave memory: 00000000000a0000 - 00000000000f0000
[    0.000000] PM: Registered nosave memory: 00000000000f0000 - 0000000000100000
[    0.000000] Allocating PCI resources starting at 4000000 (gap: 4000000:fbfc0000)
[    0.000000] Booting paravirtualized kernel on bare hardware
[    0.000000] setup_percpu: NR_CPUS:64 nr_cpumask_bits:64 nr_cpu_ids:1 nr_node_ids:1
[    0.000000] PERCPU: Embedded 27 pages/cpu @ffff880003a00000 s78848 r8192 d23552 u2097152
[    0.000000] Built 1 zonelists in Node order, mobility grouping on.  Total pages: 16008
[    0.000000] Policy zone: DMA32
[    0.000000] Kernel command line: root=/dev/vda console=tty0 console=ttyS0 no_timer_check
[    0.000000] PID hash table entries: 256 (order: -1, 2048 bytes)
[    0.000000] Checking aperture...
[    0.000000] No AGP bridge found
[    0.000000] Memory: 43492k/65528k available (6576k kernel code, 452k absent, 21584k reserved, 6620k data, 928k init)
[    0.000000] SLUB: Genslabs=15, HWalign=64, Order=0-3, MinObjects=0, CPUs=1, Nodes=1
[    0.000000] Hierarchical RCU implementation.
[    0.000000] 	RCU dyntick-idle grace-period acceleration is enabled.
[    0.000000] NR_IRQS:4352 nr_irqs:256 16
[    0.000000] Console: colour VGA+ 80x25
[    0.000000] console [tty0] enabled
[    0.000000] console [ttyS0] enabled
[    0.000000] allocated 1048576 bytes of page_cgroup
[    0.000000] please try 'cgroup_disable=memory' option if you don't want memory cgroups
[    0.000000] Fast TSC calibration failed
[    0.000000] TSC: Unable to calibrate against PIT
[    0.000000] TSC: using HPET reference calibration
[    0.000000] Detected 2291.851 MHz processor.
[    0.032824] Calibrating delay loop (skipped), value calculated using timer frequency.. 4583.70 BogoMIPS (lpj=9167404)
[    0.037199] pid_max: default: 32768 minimum: 301
[    0.047255] Security Framework initialized
[    0.054219] AppArmor: AppArmor initialized
[    0.055349] Yama: becoming mindful.
[    0.063204] Dentry cache hash table entries: 8192 (order: 4, 65536 bytes)
[    0.064586] Inode-cache hash table entries: 4096 (order: 3, 32768 bytes)
[    0.066305] Mount-cache hash table entries: 256
[    0.088726] Initializing cgroup subsys cpuacct
[    0.089771] Initializing cgroup subsys memory
[    0.090839] Initializing cgroup subsys devices
[    0.092199] Initializing cgroup subsys freezer
[    0.093033] Initializing cgroup subsys blkio
[    0.093756] Initializing cgroup subsys perf_event
[    0.099087] mce: CPU supports 10 MCE banks
[    0.102860] SMP alternatives: switching to UP code
[    0.551046] Freeing SMP alternatives: 24k freed
[    0.552944] ACPI: Core revision 20110623
[    0.604303] ftrace: allocating 26610 entries in 105 pages
[    0.641980] ..TIMER: vector=0x30 apic1=0 pin1=2 apic2=-1 pin2=-1
[    0.643306] CPU0: AMD QEMU Virtual CPU version 2.0.0 stepping 03
[    0.648039] APIC calibration not consistent with PM-Timer: 103ms instead of 100ms
[    0.648039] APIC delta adjusted to PM-Timer: 6249911 (6497740)
[    0.648039] Performance Events: Broken PMU hardware detected, using software events only.
[    0.659261] NMI watchdog disabled (cpu0): hardware events not enabled
[    0.660753] Brought up 1 CPUs
[    0.661299] Total of 1 processors activated (4583.70 BogoMIPS).
[    0.692545] devtmpfs: initialized
[    0.726329] EVM: security.selinux
[    0.726866] EVM: security.SMACK64
[    0.727396] EVM: security.capability
[    0.750105] print_constraints: dummy: 
[    0.752317] RTC time:  9:57:16, date: 12/26/15
[    0.757840] NET: Registered protocol family 16
[    0.773460] ACPI: bus type pci registered
[    0.778743] PCI: Using configuration type 1 for base access
[    0.805888] bio: create slab &lt;bio-0&gt; at 0
[    0.809988] ACPI: Added _OSI(Module Device)
[    0.810561] ACPI: Added _OSI(Processor Device)
[    0.811181] ACPI: Added _OSI(3.0 _SCP Extensions)
[    0.812109] ACPI: Added _OSI(Processor Aggregator Device)
[    0.878991] ACPI: Interpreter enabled
[    0.879592] ACPI: (supports S0 S3 S4 S5)
[    0.881401] ACPI: Using IOAPIC for interrupt routing
[    0.966670] ACPI: No dock devices found.
[    0.968307] HEST: Table not found.
[    0.969011] PCI: Using host bridge windows from ACPI; if necessary, use "pci=nocrs" and report a bug
[    0.975192] ACPI: PCI Root Bridge [PCI0] (domain 0000 [bus 00-ff])
[    0.984868] pci_root PNP0A03:00: host bridge window [io  0x0000-0x0cf7]
[    0.986522] pci_root PNP0A03:00: host bridge window [io  0x0d00-0xadff]
[    0.988199] pci_root PNP0A03:00: host bridge window [io  0xae0f-0xaeff]
[    0.992359] pci_root PNP0A03:00: host bridge window [io  0xaf20-0xafdf]
[    0.993960] pci_root PNP0A03:00: host bridge window [io  0xafe4-0xffff]
[    0.996224] pci_root PNP0A03:00: host bridge window [mem 0x000a0000-0x000bffff]
[    0.997949] pci_root PNP0A03:00: host bridge window [mem 0x04000000-0xfebfffff]
[    1.030141] pci 0000:00:01.3: quirk: [io  0xb000-0xb03f] claimed by PIIX4 ACPI
[    1.032186] pci 0000:00:01.3: quirk: [io  0xb100-0xb10f] claimed by PIIX4 SMB
[    1.098824]  pci0000:00: Unable to request _OSC control (_OSC support mask: 0x1e)
[    1.153553] ACPI: PCI Interrupt Link [LNKA] (IRQs 5 *10 11)
[    1.155587] ACPI: PCI Interrupt Link [LNKB] (IRQs 5 *10 11)
[    1.157396] ACPI: PCI Interrupt Link [LNKC] (IRQs 5 10 *11)
[    1.160506] ACPI: PCI Interrupt Link [LNKD] (IRQs 5 10 *11)
[    1.161879] ACPI: PCI Interrupt Link [LNKS] (IRQs *9)
[    1.167560] vgaarb: device added: PCI:0000:00:02.0,decodes=io+mem,owns=io+mem,locks=none
[    1.168190] vgaarb: loaded
[    1.168549] vgaarb: bridge control possible 0000:00:02.0
[    1.173425] i2c-core: driver [aat2870] using legacy suspend method
[    1.174114] i2c-core: driver [aat2870] using legacy resume method
[    1.176915] SCSI subsystem initialized
[    1.181118] usbcore: registered new interface driver usbfs
[    1.182011] usbcore: registered new interface driver hub
[    1.183127] usbcore: registered new device driver usb
[    1.186743] PCI: Using ACPI for IRQ routing
[    1.198366] NetLabel: Initializing
[    1.198845] NetLabel:  domain hash size = 128
[    1.199319] NetLabel:  protocols = UNLABELED CIPSOv4
[    1.202400] NetLabel:  unlabeled traffic allowed by default
[    1.205546] HPET: 3 timers in total, 0 timers will be used for per-cpu timer
[    1.206702] hpet0: at MMIO 0xfed00000, IRQs 2, 8, 0
[    1.207580] hpet0: 3 comparators, 64-bit 100.000000 MHz counter
[    1.223491] Switching to clocksource hpet
[    1.471340] AppArmor: AppArmor Filesystem Enabled
[    1.473188] pnp: PnP ACPI init
[    1.473707] ACPI: bus type pnp registered
[    1.492921] pnp: PnP ACPI: found 9 devices
[    1.494645] ACPI: ACPI bus type pnp unregistered
[    1.553028] NET: Registered protocol family 2
[    1.587143] IP route cache hash table entries: 512 (order: 0, 4096 bytes)
[    1.595058] TCP established hash table entries: 2048 (order: 3, 32768 bytes)
[    1.596101] TCP bind hash table entries: 2048 (order: 3, 32768 bytes)
[    1.597925] TCP: Hash tables configured (established 2048 bind 2048)
[    1.598849] TCP reno registered
[    1.599471] UDP hash table entries: 128 (order: 0, 4096 bytes)
[    1.601255] UDP-Lite hash table entries: 128 (order: 0, 4096 bytes)
[    1.603896] NET: Registered protocol family 1
[    1.605569] pci 0000:00:00.0: Limiting direct PCI/PCI transfers
[    1.606739] pci 0000:00:01.0: PIIX3: Enabling Passive Release
[    1.607680] pci 0000:00:01.0: Activating ISA DMA hang workarounds
[    1.613142] ACPI: PCI Interrupt Link [LNKD] enabled at IRQ 11
[    1.614181] pci 0000:00:01.2: PCI INT D -&gt; Link[LNKD] -&gt; GSI 11 (level, high) -&gt; IRQ 11
[    1.616040] pci 0000:00:01.2: PCI INT D disabled
[    1.634279] Trying to unpack rootfs image as initramfs...
[    1.653608] audit: initializing netlink socket (disabled)
[    1.655216] type=2000 audit(1451123836.652:1): initialized
[    1.890270] HugeTLB registered 2 MB page size, pre-allocated 0 pages
[    1.958917] VFS: Disk quotas dquot_6.5.2
[    1.962195] Dquot-cache hash table entries: 512 (order 0, 4096 bytes)
[    1.976526] fuse init (API version 7.17)
[    1.979385] msgmni has been set to 84
[    2.015432] Block layer SCSI generic (bsg) driver version 0.4 loaded (major 253)
[    2.017876] io scheduler noop registered
[    2.018496] io scheduler deadline registered (default)
[    2.019528] io scheduler cfq registered
[    2.022976] pci_hotplug: PCI Hot Plug PCI Core version: 0.5
[    2.025424] pciehp: PCI Express Hot Plug Controller Driver version: 0.4
[    2.030503] input: Power Button as /devices/LNXSYSTM:00/LNXPWRBN:00/input/input0
[    2.031910] ACPI: Power Button [PWRF]
[    2.080150] ERST: Table is not found!
[    2.080941] GHES: HEST is not enabled!
[    2.089978] ACPI: PCI Interrupt Link [LNKC] enabled at IRQ 10
[    2.090687] virtio-pci 0000:00:03.0: PCI INT A -&gt; Link[LNKC] -&gt; GSI 10 (level, high) -&gt; IRQ 10
[    2.094497] virtio-pci 0000:00:04.0: PCI INT A -&gt; Link[LNKD] -&gt; GSI 11 (level, high) -&gt; IRQ 11
[    2.106935] ACPI: PCI Interrupt Link [LNKA] enabled at IRQ 10
[    2.107615] virtio-pci 0000:00:05.0: PCI INT A -&gt; Link[LNKA] -&gt; GSI 10 (level, high) -&gt; IRQ 10
[    2.118484] Serial: 8250/16550 driver, 32 ports, IRQ sharing enabled
[    2.162806] serial8250: ttyS0 at I/O 0x3f8 (irq = 4) is a 16550A
[    2.249787] serial8250: ttyS1 at I/O 0x2f8 (irq = 3) is a 16550A
[    2.398260] 00:05: ttyS0 at I/O 0x3f8 (irq = 4) is a 16550A
[    2.486938] 00:06: ttyS1 at I/O 0x2f8 (irq = 3) is a 16550A
[    2.543345] Linux agpgart interface v0.103
[    2.622083] Refined TSC clocksource calibration: 2291.934 MHz.
[    2.622973] Switching to clocksource tsc
[    2.628932] brd: module loaded
[    2.662970] loop: module loaded
[    2.721215]  vda: unknown partition table
[    2.841477] scsi0 : ata_piix
[    2.846521] scsi1 : ata_piix
[    2.847824] ata1: PATA max MWDMA2 cmd 0x1f0 ctl 0x3f6 bmdma 0xc0a0 irq 14
[    2.849156] ata2: PATA max MWDMA2 cmd 0x170 ctl 0x376 bmdma 0xc0a8 irq 15
[    2.862551] Fixed MDIO Bus: probed
[    2.863529] tun: Universal TUN/TAP device driver, 1.6
[    2.864125] tun: (C) 1999-2004 Max Krasnyansky &lt;maxk@qualcomm.com&gt;
[    2.883714] PPP generic driver version 2.4.2
[    2.909233] ehci_hcd: USB 2.0 'Enhanced' Host Controller (EHCI) Driver
[    2.910269] ohci_hcd: USB 1.1 'Open' Host Controller (OHCI) Driver
[    2.911138] uhci_hcd: USB Universal Host Controller Interface driver
[    2.912124] uhci_hcd 0000:00:01.2: PCI INT D -&gt; Link[LNKD] -&gt; GSI 11 (level, high) -&gt; IRQ 11
[    2.915450] uhci_hcd 0000:00:01.2: UHCI Host Controller
[    2.926229] uhci_hcd 0000:00:01.2: new USB bus registered, assigned bus number 1
[    2.927973] uhci_hcd 0000:00:01.2: irq 11, io base 0x0000c040
[    2.964051] hub 1-0:1.0: USB hub found
[    2.969047] hub 1-0:1.0: 2 ports detected
[    2.982656] usbcore: registered new interface driver libusual
[    2.986422] i8042: PNP: PS/2 Controller [PNP0303:KBD,PNP0f13:MOU] at 0x60,0x64 irq 1,12
[    2.998321] serio: i8042 KBD port at 0x60,0x64 irq 1
[    2.999993] serio: i8042 AUX port at 0x60,0x64 irq 12
[    3.039435] mousedev: PS/2 mouse device common for all mice
[    3.052634] input: AT Translated Set 2 keyboard as /devices/platform/i8042/serio0/input/input1
[    3.067905] rtc_cmos 00:01: RTC can wake from S4
[    3.091981] rtc_cmos 00:01: rtc core: registered rtc_cmos as rtc0
[    3.100799] rtc0: alarms up to one day, 114 bytes nvram, hpet irqs
[    3.109485] device-mapper: uevent: version 1.0.3
[    3.139788] ata2.01: ATAPI: QEMU DVD-ROM, 2.0.0, max UDMA/100
[    3.153021] ata2.01: configured for MWDMA2
[    3.187888] device-mapper: ioctl: 4.22.0-ioctl (2011-10-19) initialised: dm-devel@redhat.com
[    3.190197] cpuidle: using governor ladder
[    3.192506] cpuidle: using governor menu
[    3.193071] EFI Variables Facility v0.08 2004-May-17
[    3.200021] TCP cubic registered
[    3.207104] NET: Registered protocol family 10
[    3.244002] NET: Registered protocol family 17
[    3.246603] Registering the dns_resolver key type
[    3.255872] scsi 1:0:1:0: CD-ROM            QEMU     QEMU DVD-ROM     2.0. PQ: 0 ANSI: 5
[    3.307813] sr0: scsi3-mmc drive: 4x/4x cd/rw xa/form2 tray
[    3.310387] cdrom: Uniform CD-ROM driver Revision: 3.20
[    3.323349] sr 1:0:1:0: Attached scsi generic sg0 type 5
[    3.363483] Freeing initrd memory: 3656k freed
[    3.381280] registered taskstats version 1
[    3.911733]   Magic number: 11:387:981
[    3.928364] rtc_cmos 00:01: setting system clock to 2015-12-26 09:57:19 UTC (1451123839)
[    3.930879] powernow-k8: Processor cpuid 663 not supported
[    3.939574] BIOS EDD facility v0.16 2004-Jun-25, 0 devices found
[    3.941061] EDD information not available.
[    4.009452] Freeing unused kernel memory: 928k freed
[    4.015327] Write protecting the kernel read-only data: 12288k
[    4.133877] Freeing unused kernel memory: 1596k freed
[    4.189961] Freeing unused kernel memory: 1184k freed

info: initramfs: up at 4.34
modprobe: module virtio_blk not found in modules.dep
modprobe: module virtio_net not found in modules.dep
info: copying initramfs to /dev/vda
info: initramfs loading root from /dev/vda
info: /etc/init.d/rc.sysinit: up at 8.74
info: container: none
Starting logging: OK
modprobe: module virtio_blk not found in modules.dep
modprobe: module virtio_net not found in modules.dep
WARN: /etc/rc3.d/S10-load-modules failed
Initializing random number generator... done.
Starting acpid: OK
cirros-ds 'local' up at 11.03
found datasource (configdrive, local)
Starting network...
udhcpc (v1.20.1) started
Sending discover...
Sending discover...

2015-12-26 09:59:17,576 21534 INFO     [tempest_lib.common.rest_client] Request (TestNetworkAdvancedServerOps:_run_cleanups): 204 DELETE http://10.0.2.15:9696/v2.0/floatingips/b66b3fe2-ed8c-4cc3-a8fa-b5fe03176453 0.292s
2015-12-26 09:59:17,576 21534 DEBUG    [tempest_lib.common.rest_client] Request - Headers: {'Content-Type': 'application/json', 'Accept': 'application/json', 'X-Auth-Token': '&lt;omitted&gt;'}
        Body: None
    Response - Headers: {'date': 'Sat, 26 Dec 2015 09:59:17 GMT', 'status': '204', 'connection': 'close', 'content-length': '0', 'x-openstack-request-id': 'req-8b2a11eb-b5a0-4828-9783-47a579c3413a'}
        Body: 
2015-12-26 09:59:17,918 21534 INFO     [tempest_lib.common.rest_client] Request (TestNetworkAdvancedServerOps:_run_cleanups): 204 DELETE http://10.0.2.15:8774/v2.1/3bd37219a9b241169c78d31024f72fb5/servers/f5c23118-58f2-4bf0-9d6e-ab369973356b 0.341s
2015-12-26 09:59:17,918 21534 DEBUG    [tempest_lib.common.rest_client] Request - Headers: {'Content-Type': 'application/json', 'Accept': 'application/json', 'X-Auth-Token': '&lt;omitted&gt;'}
        Body: None
    Response - Headers: {'status': '204', 'content-length': '0', 'x-compute-request-id': 'req-95b47023-c72d-4f5c-89c0-3dca75baa729', 'vary': 'X-OpenStack-Nova-API-Version', 'connection': 'close', 'x-openstack-nova-api-version': '2.1', 'date': 'Sat, 26 Dec 2015 09:59:17 GMT', 'content-type': 'application/json'}
        Body: 
2015-12-26 09:59:18,229 21534 INFO     [tempest_lib.common.rest_client] Request (TestNetworkAdvancedServerOps:_run_cleanups): 200 GET http://10.0.2.15:8774/v2.1/3bd37219a9b241169c78d31024f72fb5/servers/f5c23118-58f2-4bf0-9d6e-ab369973356b 0.309s
2015-12-26 09:59:18,229 21534 DEBUG    [tempest_lib.common.rest_client] Request - Headers: {'Content-Type': 'application/json', 'Accept': 'application/json', 'X-Auth-Token': '&lt;omitted&gt;'}
        Body: None
    Response - Headers: {'status': '200', 'content-length': '1784', 'content-location': 'http://10.0.2.15:8774/v2.1/3bd37219a9b241169c78d31024f72fb5/servers/f5c23118-58f2-4bf0-9d6e-ab369973356b', 'x-compute-request-id': 'req-f9868d13-9901-4ef5-9836-b28ec1acbfd0', 'vary': 'X-OpenStack-Nova-API-Version', 'connection': 'close', 'x-openstack-nova-api-version': '2.1', 'date': 'Sat, 26 Dec 2015 09:59:18 GMT', 'content-type': 'application/json'}
        Body: {"server": {"status": "ACTIVE", "updated": "2015-12-26T09:59:17Z", "hostId": "c9061a051e4b1628cda7a0b2a4ce8980a7c1d1cd02e6ee30b4b9d7fa", "addresses": {"tempest-network-smoke--183827492": [{"OS-EXT-IPS-MAC:mac_addr": "fa:16:3e:39:40:a6", "version": 4, "addr": "10.100.0.3", "OS-EXT-IPS:type": "fixed"}, {"OS-EXT-IPS-MAC:mac_addr": "fa:16:3e:39:40:a6", "version": 4, "addr": "172.24.4.4", "OS-EXT-IPS:type": "floating"}]}, "links": [{"href": "http://10.0.2.15:8774/v2.1/3bd37219a9b241169c78d31024f72fb5/servers/f5c23118-58f2-4bf0-9d6e-ab369973356b", "rel": "self"}, {"href": "http://10.0.2.15:8774/3bd37219a9b241169c78d31024f72fb5/servers/f5c23118-58f2-4bf0-9d6e-ab369973356b", "rel": "bookmark"}], "key_name": "tempest-TestNetworkAdvancedServerOps-107236867", "image": {"id": "27f41ce5-78cc-47cc-80de-77ca87e8b1f0", "links": [{"href": "http://10.0.2.15:8774/3bd37219a9b241169c78d31024f72fb5/images/27f41ce5-78cc-47cc-80de-77ca87e8b1f0", "rel": "bookmark"}]}, "OS-EXT-STS:task_state": "deleting", "OS-EXT-STS:vm_state": "active", "OS-SRV-USG:launched_at": "2015-12-26T09:57:12.000000", "flavor": {"id": "42", "links": [{"href": "http://10.0.2.15:8774/3bd37219a9b241169c78d31024f72fb5/flavors/42", "rel": "bookmark"}]}, "id": "f5c23118-58f2-4bf0-9d6e-ab369973356b", "security_groups": [{"name": "tempest-secgroup-smoke-1846563190"}], "OS-SRV-USG:terminated_at": null, "OS-EXT-AZ:availability_zone": "nova", "user_id": "c4c4d484412741ea9a7294b52e71f787", "name": "tempest.common.compute-instance-1775751317", "created": "2015-12-26T09:57:09Z", "tenant_id": "3bd37219a9b241169c78d31024f72fb5", "OS-DCF:diskConfig": "MANUAL", "os-extended-volumes:volumes_attached": [], "accessIPv4": "", "accessIPv6": "", "progress": 0, "OS-EXT-STS:power_state": 1, "config_drive": "True", "metadata": {}}}
2015-12-26 09:59:19,388 21534 INFO     [tempest_lib.common.rest_client] Request (TestNetworkAdvancedServerOps:_run_cleanups): 200 GET http://10.0.2.15:8774/v2.1/3bd37219a9b241169c78d31024f72fb5/servers/f5c23118-58f2-4bf0-9d6e-ab369973356b 0.147s
2015-12-26 09:59:19,388 21534 DEBUG    [tempest_lib.common.rest_client] Request - Headers: {'Content-Type': 'application/json', 'Accept': 'application/json', 'X-Auth-Token': '&lt;omitted&gt;'}
        Body: None
    Response - Headers: {'status': '200', 'content-length': '1454', 'content-location': 'http://10.0.2.15:8774/v2.1/3bd37219a9b241169c78d31024f72fb5/servers/f5c23118-58f2-4bf0-9d6e-ab369973356b', 'x-compute-request-id': 'req-04dc27a3-4c7a-4340-89df-9f15bae067e4', 'vary': 'X-OpenStack-Nova-API-Version', 'connection': 'close', 'x-openstack-nova-api-version': '2.1', 'date': 'Sat, 26 Dec 2015 09:59:19 GMT', 'content-type': 'application/json'}
        Body: {"server": {"status": "DELETED", "updated": "2015-12-26T09:59:19Z", "hostId": "c9061a051e4b1628cda7a0b2a4ce8980a7c1d1cd02e6ee30b4b9d7fa", "addresses": {}, "links": [{"href": "http://10.0.2.15:8774/v2.1/3bd37219a9b241169c78d31024f72fb5/servers/f5c23118-58f2-4bf0-9d6e-ab369973356b", "rel": "self"}, {"href": "http://10.0.2.15:8774/3bd37219a9b241169c78d31024f72fb5/servers/f5c23118-58f2-4bf0-9d6e-ab369973356b", "rel": "bookmark"}], "key_name": "tempest-TestNetworkAdvancedServerOps-107236867", "image": {"id": "27f41ce5-78cc-47cc-80de-77ca87e8b1f0", "links": [{"href": "http://10.0.2.15:8774/3bd37219a9b241169c78d31024f72fb5/images/27f41ce5-78cc-47cc-80de-77ca87e8b1f0", "rel": "bookmark"}]}, "OS-EXT-STS:task_state": null, "OS-EXT-STS:vm_state": "deleted", "OS-SRV-USG:launched_at": "2015-12-26T09:57:12.000000", "flavor": {"id": "42", "links": [{"href": "http://10.0.2.15:8774/3bd37219a9b241169c78d31024f72fb5/flavors/42", "rel": "bookmark"}]}, "id": "f5c23118-58f2-4bf0-9d6e-ab369973356b", "OS-SRV-USG:terminated_at": "2015-12-26T09:59:19.000000", "OS-EXT-AZ:availability_zone": "nova", "user_id": "c4c4d484412741ea9a7294b52e71f787", "name": "tempest.common.compute-instance-1775751317", "created": "2015-12-26T09:57:09Z", "tenant_id": "3bd37219a9b241169c78d31024f72fb5", "OS-DCF:diskConfig": "MANUAL", "os-extended-volumes:volumes_attached": [], "accessIPv4": "", "accessIPv6": "", "OS-EXT-STS:power_state": 0, "config_drive": "True", "metadata": {}}}
2015-12-26 09:59:20,483 21534 INFO     [tempest_lib.common.rest_client] Request (TestNetworkAdvancedServerOps:_run_cleanups): 404 GET http://10.0.2.15:8774/v2.1/3bd37219a9b241169c78d31024f72fb5/servers/f5c23118-58f2-4bf0-9d6e-ab369973356b 0.079s
2015-12-26 09:59:20,483 21534 DEBUG    [tempest_lib.common.rest_client] Request - Headers: {'Content-Type': 'application/json', 'Accept': 'application/json', 'X-Auth-Token': '&lt;omitted&gt;'}
        Body: None
    Response - Headers: {'status': '404', 'content-length': '111', 'x-compute-request-id': 'req-5d88a5ae-1fd9-418b-9e5d-50ecf777b139', 'vary': 'X-OpenStack-Nova-API-Version', 'connection': 'close', 'x-openstack-nova-api-version': '2.1', 'date': 'Sat, 26 Dec 2015 09:59:20 GMT', 'content-type': 'application/json; charset=UTF-8'}
        Body: {"itemNotFound": {"message": "Instance f5c23118-58f2-4bf0-9d6e-ab369973356b could not be found.", "code": 404}}
2015-12-26 09:59:20,896 21534 INFO     [tempest_lib.common.rest_client] Request (TestNetworkAdvancedServerOps:_run_cleanups): 200 PUT http://10.0.2.15:9696/v2.0/routers/4c1a63cb-a8a9-4ff7-b0b9-94768ea2901d/remove_router_interface 0.411s
2015-12-26 09:59:20,897 21534 DEBUG    [tempest_lib.common.rest_client] Request - Headers: {'Content-Type': 'application/json', 'Accept': 'application/json', 'X-Auth-Token': '&lt;omitted&gt;'}
        Body: {"subnet_id": "91953896-6581-47ed-8cfe-5487e4094da3"}
    Response - Headers: {'status': '200', 'content-length': '255', 'connection': 'close', 'date': 'Sat, 26 Dec 2015 09:59:20 GMT', 'content-type': 'application/json; charset=UTF-8', 'x-openstack-request-id': 'req-141cf344-b5f0-43b1-bb07-d28ff842eb57'}
        Body: {"subnet_id": "91953896-6581-47ed-8cfe-5487e4094da3", "tenant_id": "3bd37219a9b241169c78d31024f72fb5", "subnet_ids": ["91953896-6581-47ed-8cfe-5487e4094da3"], "port_id": "cbeab097-c1f7-4254-a71b-7e044d3eeafa", "id": "4c1a63cb-a8a9-4ff7-b0b9-94768ea2901d"}
2015-12-26 09:59:21,379 21534 INFO     [tempest_lib.common.rest_client] Request (TestNetworkAdvancedServerOps:_run_cleanups): 204 DELETE http://10.0.2.15:9696/v2.0/subnets/91953896-6581-47ed-8cfe-5487e4094da3 0.481s
2015-12-26 09:59:21,379 21534 DEBUG    [tempest_lib.common.rest_client] Request - Headers: {'Content-Type': 'application/json', 'Accept': 'application/json', 'X-Auth-Token': '&lt;omitted&gt;'}
        Body: None
    Response - Headers: {'date': 'Sat, 26 Dec 2015 09:59:21 GMT', 'status': '204', 'connection': 'close', 'content-length': '0', 'x-openstack-request-id': 'req-9d73068f-22e3-4074-a3fe-bcc3fdd2e840'}
        Body: 
2015-12-26 09:59:21,428 21534 INFO     [tempest_lib.common.rest_client] Request (TestNetworkAdvancedServerOps:_run_cleanups): 200 GET http://10.0.2.15:9696/v2.0/routers/4c1a63cb-a8a9-4ff7-b0b9-94768ea2901d 0.048s
2015-12-26 09:59:21,428 21534 DEBUG    [tempest_lib.common.rest_client] Request - Headers: {'Content-Type': 'application/json', 'Accept': 'application/json', 'X-Auth-Token': '&lt;omitted&gt;'}
        Body: None
    Response - Headers: {'status': '200', 'content-length': '564', 'content-location': 'http://10.0.2.15:9696/v2.0/routers/4c1a63cb-a8a9-4ff7-b0b9-94768ea2901d', 'connection': 'close', 'date': 'Sat, 26 Dec 2015 09:59:21 GMT', 'content-type': 'application/json; charset=UTF-8', 'x-openstack-request-id': 'req-e18d5068-6199-4bbc-8baf-a53bc0d3e49e'}
        Body: {"router": {"status": "ACTIVE", "external_gateway_info": {"network_id": "28fe6b6d-aed7-4c82-92e1-bfc378ecc35a", "enable_snat": true, "external_fixed_ips": [{"subnet_id": "4fc80e26-4266-4edb-9bb1-750a20c47637", "ip_address": "172.24.4.3"}, {"subnet_id": "2828c93c-dc7b-4411-b56a-c82326c91a15", "ip_address": "2001:db8::3"}]}, "availability_zone_hints": [], "availability_zones": ["nova"], "name": "tempest-router-smoke-1040781182", "admin_state_up": true, "tenant_id": "3bd37219a9b241169c78d31024f72fb5", "routes": [], "id": "4c1a63cb-a8a9-4ff7-b0b9-94768ea2901d"}}
2015-12-26 09:59:21,998 21534 INFO     [tempest_lib.common.rest_client] Request (TestNetworkAdvancedServerOps:_run_cleanups): 200 PUT http://10.0.2.15:9696/v2.0/routers/4c1a63cb-a8a9-4ff7-b0b9-94768ea2901d 0.568s
2015-12-26 09:59:21,999 21534 DEBUG    [tempest_lib.common.rest_client] Request - Headers: {'Content-Type': 'application/json', 'Accept': 'application/json', 'X-Auth-Token': '&lt;omitted&gt;'}
        Body: {"router": {"external_gateway_info": {}, "name": "tempest-router-smoke-1040781182", "admin_state_up": true}}
    Response - Headers: {'status': '200', 'content-length': '302', 'connection': 'close', 'date': 'Sat, 26 Dec 2015 09:59:21 GMT', 'content-type': 'application/json; charset=UTF-8', 'x-openstack-request-id': 'req-c4ba01ff-95c7-41ed-9875-e5de0a8d51bc'}
        Body: {"router": {"status": "ACTIVE", "external_gateway_info": null, "availability_zone_hints": [], "availability_zones": ["nova"], "name": "tempest-router-smoke-1040781182", "admin_state_up": true, "tenant_id": "3bd37219a9b241169c78d31024f72fb5", "routes": [], "id": "4c1a63cb-a8a9-4ff7-b0b9-94768ea2901d"}}
2015-12-26 09:59:22,235 21534 INFO     [tempest_lib.common.rest_client] Request (TestNetworkAdvancedServerOps:_run_cleanups): 204 DELETE http://10.0.2.15:9696/v2.0/routers/4c1a63cb-a8a9-4ff7-b0b9-94768ea2901d 0.234s
2015-12-26 09:59:22,235 21534 DEBUG    [tempest_lib.common.rest_client] Request - Headers: {'Content-Type': 'application/json', 'Accept': 'application/json', 'X-Auth-Token': '&lt;omitted&gt;'}
        Body: None
    Response - Headers: {'date': 'Sat, 26 Dec 2015 09:59:22 GMT', 'status': '204', 'connection': 'close', 'content-length': '0', 'x-openstack-request-id': 'req-418e95ea-8f21-4299-b78d-9972885f6c4c'}
        Body: 
2015-12-26 09:59:22,447 21534 INFO     [tempest_lib.common.rest_client] Request (TestNetworkAdvancedServerOps:_run_cleanups): 204 DELETE http://10.0.2.15:9696/v2.0/networks/b5c8d7fc-c8d7-41a4-82d7-df0ad6b29571 0.211s
2015-12-26 09:59:22,448 21534 DEBUG    [tempest_lib.common.rest_client] Request - Headers: {'Content-Type': 'application/json', 'Accept': 'application/json', 'X-Auth-Token': '&lt;omitted&gt;'}
        Body: None
    Response - Headers: {'date': 'Sat, 26 Dec 2015 09:59:22 GMT', 'status': '204', 'connection': 'close', 'content-length': '0', 'x-openstack-request-id': 'req-0b6a6ac8-be2b-451e-9e5a-c312411b87d5'}
        Body: 
2015-12-26 09:59:22,510 21534 INFO     [tempest_lib.common.rest_client] Request (TestNetworkAdvancedServerOps:_run_cleanups): 204 DELETE http://10.0.2.15:9696/v2.0/security-group-rules/2cab2ed2-d650-4676-ae8d-2d74c793e49c 0.061s
2015-12-26 09:59:22,511 21534 DEBUG    [tempest_lib.common.rest_client] Request - Headers: {'Content-Type': 'application/json', 'Accept': 'application/json', 'X-Auth-Token': '&lt;omitted&gt;'}
        Body: None
    Response - Headers: {'date': 'Sat, 26 Dec 2015 09:59:22 GMT', 'status': '204', 'connection': 'close', 'content-length': '0', 'x-openstack-request-id': 'req-1d3bb40e-f7c7-46ae-8a19-7d476df0fb3a'}
        Body: 
2015-12-26 09:59:22,567 21534 INFO     [tempest_lib.common.rest_client] Request (TestNetworkAdvancedServerOps:_run_cleanups): 204 DELETE http://10.0.2.15:9696/v2.0/security-group-rules/f3395503-b879-4fc7-8154-7b7db96ed177 0.055s
2015-12-26 09:59:22,568 21534 DEBUG    [tempest_lib.common.rest_client] Request - Headers: {'Content-Type': 'application/json', 'Accept': 'application/json', 'X-Auth-Token': '&lt;omitted&gt;'}
        Body: None
    Response - Headers: {'date': 'Sat, 26 Dec 2015 09:59:22 GMT', 'status': '204', 'connection': 'close', 'content-length': '0', 'x-openstack-request-id': 'req-6aa3f245-7416-4878-92ce-6492e666200a'}
        Body: 
2015-12-26 09:59:22,629 21534 INFO     [tempest_lib.common.rest_client] Request (TestNetworkAdvancedServerOps:_run_cleanups): 204 DELETE http://10.0.2.15:9696/v2.0/security-group-rules/1c40504c-dbdc-4136-bc4a-6c39edb44657 0.060s
2015-12-26 09:59:22,629 21534 DEBUG    [tempest_lib.common.rest_client] Request - Headers: {'Content-Type': 'application/json', 'Accept': 'application/json', 'X-Auth-Token': '&lt;omitted&gt;'}
        Body: None
    Response - Headers: {'date': 'Sat, 26 Dec 2015 09:59:22 GMT', 'status': '204', 'connection': 'close', 'content-length': '0', 'x-openstack-request-id': 'req-d5a4ba33-34c7-4d9f-bb4e-14b698044876'}
        Body: 
2015-12-26 09:59:22,693 21534 INFO     [tempest_lib.common.rest_client] Request (TestNetworkAdvancedServerOps:_run_cleanups): 204 DELETE http://10.0.2.15:9696/v2.0/security-group-rules/b5ff2b90-eb7b-4677-bab5-4c50ea96f12a 0.063s
2015-12-26 09:59:22,694 21534 DEBUG    [tempest_lib.common.rest_client] Request - Headers: {'Content-Type': 'application/json', 'Accept': 'application/json', 'X-Auth-Token': '&lt;omitted&gt;'}
        Body: None
    Response - Headers: {'date': 'Sat, 26 Dec 2015 09:59:22 GMT', 'status': '204', 'connection': 'close', 'content-length': '0', 'x-openstack-request-id': 'req-e91bb198-0e28-43af-912f-03a0d6c993d0'}
        Body: 
2015-12-26 09:59:22,754 21534 INFO     [tempest_lib.common.rest_client] Request (TestNetworkAdvancedServerOps:_run_cleanups): 204 DELETE http://10.0.2.15:9696/v2.0/security-group-rules/eabd1c5c-1c70-4e36-b5a8-1116ad8e2fe6 0.059s
2015-12-26 09:59:22,754 21534 DEBUG    [tempest_lib.common.rest_client] Request - Headers: {'Content-Type': 'application/json', 'Accept': 'application/json', 'X-Auth-Token': '&lt;omitted&gt;'}
        Body: None
    Response - Headers: {'date': 'Sat, 26 Dec 2015 09:59:22 GMT', 'status': '204', 'connection': 'close', 'content-length': '0', 'x-openstack-request-id': 'req-6f0afc5a-9108-4c70-9980-c7e73017deb7'}
        Body: 
2015-12-26 09:59:22,802 21534 INFO     [tempest_lib.common.rest_client] Request (TestNetworkAdvancedServerOps:_run_cleanups): 204 DELETE http://10.0.2.15:9696/v2.0/security-group-rules/010dd038-31d0-432f-968b-392f892e1642 0.047s
2015-12-26 09:59:22,803 21534 DEBUG    [tempest_lib.common.rest_client] Request - Headers: {'Content-Type': 'application/json', 'Accept': 'application/json', 'X-Auth-Token': '&lt;omitted&gt;'}
        Body: None
    Response - Headers: {'date': 'Sat, 26 Dec 2015 09:59:22 GMT', 'status': '204', 'connection': 'close', 'content-length': '0', 'x-openstack-request-id': 'req-9036aad3-2418-4252-967b-456e6f1d7748'}
        Body: 
2015-12-26 09:59:22,904 21534 INFO     [tempest_lib.common.rest_client] Request (TestNetworkAdvancedServerOps:_run_cleanups): 204 DELETE http://10.0.2.15:9696/v2.0/security-groups/fcdf28c3-76f3-4546-b6e8-d233ca3d48bb 0.100s
2015-12-26 09:59:22,904 21534 DEBUG    [tempest_lib.common.rest_client] Request - Headers: {'Content-Type': 'application/json', 'Accept': 'application/json', 'X-Auth-Token': '&lt;omitted&gt;'}
        Body: None
    Response - Headers: {'date': 'Sat, 26 Dec 2015 09:59:22 GMT', 'status': '204', 'connection': 'close', 'content-length': '0', 'x-openstack-request-id': 'req-5d4e3232-863b-4564-b898-11dae8599b41'}
        Body: 
2015-12-26 09:59:22,921 21534 INFO     [tempest_lib.common.rest_client] Request (TestNetworkAdvancedServerOps:_run_cleanups): 202 DELETE http://10.0.2.15:8774/v2.1/3bd37219a9b241169c78d31024f72fb5/os-keypairs/tempest-TestNetworkAdvancedServerOps-107236867 0.016s
2015-12-26 09:59:22,921 21534 DEBUG    [tempest_lib.common.rest_client] Request - Headers: {'Content-Type': 'application/json', 'Accept': 'application/json', 'X-Auth-Token': '&lt;omitted&gt;'}
        Body: None
    Response - Headers: {'status': '202', 'content-length': '0', 'x-compute-request-id': 'req-3a6ddd02-d88b-49c1-a90f-8fbdf396f6ff', 'vary': 'X-OpenStack-Nova-API-Version', 'connection': 'close', 'x-openstack-nova-api-version': '2.1', 'date': 'Sat, 26 Dec 2015 09:59:22 GMT', 'content-type': 'application/json'}
        Body: 
2015-12-26 09:59:23,050 21534 INFO     [tempest_lib.common.rest_client] Request (TestNetworkAdvancedServerOps:_run_cleanups): 404 GET http://10.0.2.15:8774/v2.1/3bd37219a9b241169c78d31024f72fb5/servers/f5c23118-58f2-4bf0-9d6e-ab369973356b 0.128s
2015-12-26 09:59:23,051 21534 DEBUG    [tempest_lib.common.rest_client] Request - Headers: {'Content-Type': 'application/json', 'Accept': 'application/json', 'X-Auth-Token': '&lt;omitted&gt;'}
        Body: None
    Response - Headers: {'status': '404', 'content-length': '111', 'x-compute-request-id': 'req-a02a4bf0-e752-45b6-bd79-f0df8d0667b6', 'vary': 'X-OpenStack-Nova-API-Version', 'connection': 'close', 'x-openstack-nova-api-version': '2.1', 'date': 'Sat, 26 Dec 2015 09:59:23 GMT', 'content-type': 'application/json; charset=UTF-8'}
        Body: {"itemNotFound": {"message": "Instance f5c23118-58f2-4bf0-9d6e-ab369973356b could not be found.", "code": 404}}
}}}

Traceback (most recent call last):
  File "tempest/test.py", line 113, in wrapper
    return f(self, *func_args, **func_kwargs)
  File "tempest/scenario/test_network_advanced_server_ops.py", line 134, in test_server_connectivity_pause_unpause
    server, keypair, floating_ip = self._setup_network_and_servers()
  File "tempest/scenario/test_network_advanced_server_ops.py", line 71, in _setup_network_and_servers
    server, keypair, floating_ip)
  File "tempest/scenario/test_network_advanced_server_ops.py", line 95, in _wait_server_status_and_check_network_connectivity
    self._check_network_connectivity(server, keypair, floating_ip)
  File "tempest/scenario/test_network_advanced_server_ops.py", line 88, in _check_network_connectivity
    servers=[server])
  File "tempest/scenario/manager.py", line 609, in check_public_network_connectivity
    should_connect=should_connect)
  File "tempest/scenario/manager.py", line 593, in check_vm_connectivity
    msg=msg)
  File "/usr/local/lib/python2.7/dist-packages/unittest2/case.py", line 702, in assertTrue
    raise self.failureException(msg)
AssertionError: False is not true : Timed out waiting for 172.24.4.4 to become reachable



        </pre>
    </div>
    <!--css div popup end-->

    </td>
</tr>

<tr id='ft1.2' class='none'>
    <td class='failCase'><div class='testcase'>test_server_connectivity_reboot[compute,id-7b6860c2-afa3-4846-9522-adeb38dfbe08,network]</div></td>
    <td colspan='7' align='left'>

    <!--css div popup start-->
    <a class="popup_link" onfocus='this.blur();'
    href="javascript:showTestDetail('div_ft1.2')" >
        fail</a>

    <div id='div_ft1.2' class="popup_window">
        <div style='text-align: right; color:red;cursor:pointer'>
        <a onfocus='this.blur();'
onclick="document.getElementById('div_ft1.2').style.display = 'none' " >
           [x]</a>
        </div>
        <pre>
        
