<?xml version="1.0" encoding="UTF-8"?>
<!DOCTYPE html PUBLIC "-//W3C//DTD XHTML 1.0 Strict//EN"
     "http://www.w3.org/TR/xhtml1/DTD/xhtml1-strict.dtd">
<html xmlns="http://www.w3.org/1999/xhtml">
<head>
    <title>Unit Test Report</title>
    <meta name="generator" content="subunit2html 0.1"/>
    <meta http-equiv="Content-Type" content="text/html; charset=UTF-8"/>
    
<style type="text/css" media="screen">
body        { font-family: verdana, arial, helvetica, sans-serif;
    font-size: 80%; }
table       { font-size: 100%; width: 100%;}
pre         { font-size: 80%; }

/* -- heading -------------------------------------------------------------- */
h1 {
        font-size: 16pt;
        color: gray;
}
.heading {
    margin-top: 0ex;
    margin-bottom: 1ex;
}

.heading .attribute {
    margin-top: 1ex;
    margin-bottom: 0;
}

.heading .description {
    margin-top: 4ex;
    margin-bottom: 6ex;
}

/* -- css div popup -------------------------------------------------------- */
a.popup_link {
}

a.popup_link:hover {
    color: red;
}

.popup_window {
    display: none;
    overflow-x: scroll;
    /*border: solid #627173 1px; */
    padding: 10px;
    background-color: #E6E6D6;
    font-family: "Ubuntu Mono", "Lucida Console", "Courier New", monospace;
    text-align: left;
    font-size: 8pt;
}

}
/* -- report --------------------------------------------------------------- */
#show_detail_line {
    margin-top: 3ex;
    margin-bottom: 1ex;
}
#result_table {
    width: 100%;
    border-collapse: collapse;
    border: 1px solid #777;
}
#header_row {
    font-weight: bold;
    color: white;
    background-color: #777;
}
#result_table td {
    border: 1px solid #777;
    padding: 2px;
}
#total_row  { font-weight: bold; }
.passClass  { background-color: #6c6; }
.failClass  { background-color: #c60; }
.errorClass { background-color: #c00; }
.passCase   { color: #6c6; }
.failCase   { color: #c60; font-weight: bold; }
.errorCase  { color: #c00; font-weight: bold; }
.hiddenRow  { display: none; }
.testcase   { margin-left: 2em; }
td.testname {width: 40%}
td.small {width: 40px}

/* -- ending --------------------------------------------------------------- */
#ending {
}

</style>

</head>
<body>
<script language="javascript" type="text/javascript"><!--
output_list = Array();

/* level - 0:Summary; 1:Failed; 2:All */
function showCase(level) {
    trs = document.getElementsByTagName("tr");
    for (var i = 0; i < trs.length; i++) {
        tr = trs[i];
        id = tr.id;
        if (id.substr(0,2) == 'ft') {
            if (level < 1) {
                tr.className = 'hiddenRow';
            }
            else {
                tr.className = '';
            }
        }
        if (id.substr(0,2) == 'pt') {
            if (level > 1) {
                tr.className = '';
            }
            else {
                tr.className = 'hiddenRow';
            }
        }
    }
}


function showClassDetail(cid, count) {
    var id_list = Array(count);
    var toHide = 1;
    for (var i = 0; i < count; i++) {
        tid0 = 't' + cid.substr(1) + '.' + (i+1);
        tid = 'f' + tid0;
        tr = document.getElementById(tid);
        if (!tr) {
            tid = 'p' + tid0;
            tr = document.getElementById(tid);
        }
        id_list[i] = tid;
        if (tr.className) {
            toHide = 0;
        }
    }
    for (var i = 0; i < count; i++) {
        tid = id_list[i];
        if (toHide) {
            document.getElementById('div_'+tid).style.display = 'none'
            document.getElementById(tid).className = 'hiddenRow';
        }
        else {
            document.getElementById(tid).className = '';
        }
    }
}


function showTestDetail(div_id){
    var details_div = document.getElementById(div_id)
    var displayState = details_div.style.display
    // alert(displayState)
    if (displayState != 'block' ) {
        displayState = 'block'
        details_div.style.display = 'block'
    }
    else {
        details_div.style.display = 'none'
    }
}


function html_escape(s) {
    s = s.replace(/&/g,'&amp;');
    s = s.replace(/</g,'&lt;');
    s = s.replace(/>/g,'&gt;');
    return s;
}

/* obsoleted by detail in <div>
function showOutput(id, name) {
    var w = window.open("", //url
                    name,
                    "resizable,scrollbars,status,width=800,height=450");
    d = w.document;
    d.write("<pre>");
    d.write(html_escape(output_list[id]));
    d.write("\n");
    d.write("<a href='javascript:window.close()'>close</a>\n");
    d.write("</pre>\n");
    d.close();
}
*/
--></script>

<div class='heading'>
<h1>Unit Test Report</h1>

<p class='attribute'><strong>Status:</strong> Failure 6</p>

<p class='description'></p>
</div>



<p id='show_detail_line'>Show
<a href='javascript:showCase(0)'>Summary</a>
<a href='javascript:showCase(1)'>Failed</a>
<a href='javascript:showCase(2)'>All</a>
</p>
<table id='result_table'>
<colgroup>
<col align='left' />
<col align='right' />
<col align='right' />
<col align='right' />
<col align='right' />
<col align='right' />
<col align='right' />
<col align='right' />
</colgroup>
<tr id='header_row'>
    <td>Test Group/Test case</td>
    <td>Count</td>
    <td>Pass</td>
    <td>Fail</td>
    <td>Error</td>
    <td>Skip</td>
    <td>View</td>
    <td> </td>
</tr>

<tr class='failClass'>
    <td class="testname">tempest.scenario.test_network_advanced_server_ops.TestNetworkAdvancedServerOps</td>
    <td class="small">6</td>
    <td class="small">0</td>
    <td class="small">6</td>
    <td class="small">0</td>
    <td class="small">0</td>
    <td class="small"><a href="javascript:showClassDetail('c1',6)"
>Detail</a></td>
    <td> </td>
</tr>

<tr id='ft1.1' class='none'>
    <td class='failCase'><div class='testcase'>test_server_connectivity_pause_unpause[compute,id-2b2642db-6568-4b35-b812-eceed3fa20ce,network]</div></td>
    <td colspan='7' align='left'>

    <!--css div popup start-->
    <a class="popup_link" onfocus='this.blur();'
    href="javascript:showTestDetail('div_ft1.1')" >
        fail</a>

    <div id='div_ft1.1' class="popup_window">
        <div style='text-align: right; color:red;cursor:pointer'>
        <a onfocus='this.blur();'
onclick="document.getElementById('div_ft1.1').style.display = 'none' " >
           [x]</a>
        </div>
        <pre>
        
ft1.1: tempest.scenario.test_network_advanced_server_ops.TestNetworkAdvancedServerOps.test_server_connectivity_pause_unpause[compute,id-2b2642db-6568-4b35-b812-eceed3fa20ce,network]_StringException: Empty attachments:
  stderr
  stdout

pythonlogging:'': {{{
2015-12-25 05:57:46,740 21525 INFO     [tempest_lib.common.rest_client] Request (TestNetworkAdvancedServerOps:test_server_connectivity_pause_unpause): 200 POST http://10.0.2.15:8774/v2.1/345da70498834989b295f0956b8c40be/os-keypairs 0.633s
2015-12-25 05:57:46,741 21525 DEBUG    [tempest_lib.common.rest_client] Request - Headers: {'Content-Type': 'application/json', 'Accept': 'application/json', 'X-Auth-Token': '&lt;omitted&gt;'}
        Body: {"keypair": {"name": "tempest-TestNetworkAdvancedServerOps-1928908167"}}
    Response - Headers: {'status': '200', 'content-length': '2330', 'x-compute-request-id': 'req-18a32ad0-4ac1-4ceb-998a-4ad1d03ea72b', 'vary': 'X-OpenStack-Nova-API-Version', 'connection': 'close', 'x-openstack-nova-api-version': '2.1', 'date': 'Fri, 25 Dec 2015 05:57:46 GMT', 'content-type': 'application/json'}
        Body: {"keypair": {"public_key": "ssh-rsa AAAAB3NzaC1yc2EAAAADAQABAAABAQDOlDEHqiYbqLJwx4T+SXIooTpMBtHkV8Wap2PQ/JwuvUZlmaUILU8OavNzPHMfssNupJPhHa+0tqD4qaVqR/9ygkM/RMdaZKmI1YS0JPX8wJte2WZTdP1lb+EsGJacj2eEPkPwCi6GXtY+IBuufFB1lTxWa3gKZBR79yEyVLeg84hUwjorGZtWUJGnPBtiF5u0/zV/piWPlxigVqQmMUwodYSGPdJKCsor2ovakpsJReONMdNCXMs2JQRZe60Cd5XI9fkU+ZUEC1NTGdnpe9IWL5/a89K1kLkv/wosjP38SRtU6+6fm1GaPXgMg2SQ8U7OWDmsZOXCumMjD7If6v81 Generated-by-Nova", "private_key": "-----BEGIN RSA PRIVATE KEY-----\nMIIEqAIBAAKCAQEAzpQxB6omG6iycMeE/klyKKE6TAbR5FfFmqdj0PycLr1GZZml\nCC1PDmrzczxzH7LDbqST4R2vtLag+Kmlakf/coJDP0THWmSpiNWEtCT1/MCbXtlm\nU3T9ZW/hLBiWnI9nhD5D8Aouhl7WPiAbrnxQdZU8Vmt4CmQUe/chMlS3oPOIVMI6\nKxmbVlCRpzwbYhebtP81f6Ylj5cYoFakJjFMKHWEhj3SSgrKK9qL2pKbCUXjjTHT\nQlzLNiUEWXutAneVyPX5FPmVBAtTUxnZ6XvSFi+f2vPStZC5L/8KLIz9/EkbVOvu\nn5tRmj14DINkkPFOzlg5rGTlwrpjIw+yH+r/NQIDAQABAoIBAA1cmntDbymU1M3k\nqd6Ew6SLISkvu73IS5jAQP2QiU2gooAJ2xnXTGjDVDHc9BlVx7xNWt9Ruz62HV1Y\nI8HnHEe80zqxaS+YmTqnjOjWBy8tCh+tciftxkIcZXUjtgI0aF6uZFiPYAkC81qb\nWw8DLXUdjQSN+Pq7FHQcPQJzZlk7qYWHI8m7v5tADztxBc34rtMc55nk8VFBO8Bm\noZI26uBIk7y6K8Yf49IT7Q+1mJfuEXOHuIuIpF+pgNLvwr9EBaVm/UUpr/iZ0O3q\n34/m80FFzmQgK9BNFCpg5QnP31CbahFYsFmr7A1PYGV2CxgxMT0LMjZwYPaxD3wb\njQdmrTUCggCBANizSnQjHvGiVOQf9JXqZgPythsR/41WzmbHZyq6oPtWlzoHMyO/\nZbs/VpKHf2f5w6SqFxt/dz/6m85x5vk0ETpWB0JxqSHul8snrnG4G3cXNXm8XXLv\nMA8pfJJVIraaeG43ewsV8/mtIyn7cUhBqUBWhPD2loRCsMHggdERp6tTAoIAgQD0\nCv4QvkTdGK0USOEkihVutHjj6CcI5o7HXnArpSXW/2/F6xZ9AKuVenN6hi/d/1gh\nMt8L3xaWYvqoMwj5rYAW4Pzs3EQfHz9hxtGucR51bx7jJjkiFilRON9iuNzGDgIJ\nKo+GksGhaKNZ6comj+IW6JxP6zePB/pHoPGyvP5iVwKCAIAJLqez/hz8ji1csUHy\n7EjAWBOBWCTk/02lq0Ni2x+hJs0np1ByblTIN2nasaUjacDxhEeQYblS27Kob8ki\nvCMSvrx2A0zwZCTIdfj9VpjLVg9tBh9LlHkL220s4jCjXi5GNVGgaaC57q0zxTTK\npAWg9UmS0FAWcKD+xh2aF05sgwKCAIBZuEjbovfySQYotPqA0ns6rgLb1xeywACx\n71hR029r8ZEINHuaDUsHs3MNEpQ6i4u8+NTjqmrFczIv8ENWd6DlyGV0Ny6cOoK0\n0cF43oGSLv4uCHlsvLUH9V67Drer4K6C7DDECuRBERUtEzSMpM08GtyMzS8p2Ib9\nGoCBc9YaFQKCAIEAihl8OjIZ8ZpWdCfuQpE4VKrGEce91DFoBys/J3o9vkBMlul2\nCaGduxH2k4waNq8SbPM0vVfwxDqNcC/zqsm95WCxrb7DOnNip8KcRosgvr8rMtKY\nv1rmd1wI3gayriymE5eysJOwbIgfkkLdqJmMcmZxAcbqaSt23BTX0ewelPU=\n-----END RSA PRIVATE KEY-----\n", "user_id": "5eeb5221daff4875bb564383cfb47639", "name": "tempest-TestNetworkAdvancedServerOps-1928908167", "fingerprint": "5f:a8:33:90:7e:1a:1b:63:12:06:18:ac:f5:0e:54:3c"}}
2015-12-25 05:57:47,124 21525 INFO     [tempest_lib.common.rest_client] Request (TestNetworkAdvancedServerOps:test_server_connectivity_pause_unpause): 201 POST http://10.0.2.15:9696/v2.0/security-groups 0.378s
2015-12-25 05:57:47,124 21525 DEBUG    [tempest_lib.common.rest_client] Request - Headers: {'Content-Type': 'application/json', 'Accept': 'application/json', 'X-Auth-Token': '&lt;omitted&gt;'}
        Body: {"security_group": {"tenant_id": "345da70498834989b295f0956b8c40be", "description": "tempest-secgroup-smoke-710613199 description", "name": "tempest-secgroup-smoke-710613199"}}
    Response - Headers: {'status': '201', 'content-length': '886', 'connection': 'close', 'date': 'Fri, 25 Dec 2015 05:57:47 GMT', 'content-type': 'application/json; charset=UTF-8', 'x-openstack-request-id': 'req-76f68e2b-e6f4-4fed-945b-984fc4995938'}
        Body: {"security_group": {"tenant_id": "345da70498834989b295f0956b8c40be", "description": "tempest-secgroup-smoke-710613199 description", "id": "daa69f72-16bf-42ec-8cb8-de77a345af54", "security_group_rules": [{"remote_group_id": null, "direction": "egress", "remote_ip_prefix": null, "protocol": null, "ethertype": "IPv4", "tenant_id": "345da70498834989b295f0956b8c40be", "port_range_max": null, "port_range_min": null, "id": "ad1802ec-6ebc-4419-9236-2750c320d640", "security_group_id": "daa69f72-16bf-42ec-8cb8-de77a345af54"}, {"remote_group_id": null, "direction": "egress", "remote_ip_prefix": null, "protocol": null, "ethertype": "IPv6", "tenant_id": "345da70498834989b295f0956b8c40be", "port_range_max": null, "port_range_min": null, "id": "c4d31f55-d604-4f53-ab23-84fd522603f0", "security_group_id": "daa69f72-16bf-42ec-8cb8-de77a345af54"}], "name": "tempest-secgroup-smoke-710613199"}}
2015-12-25 05:57:47,241 21525 INFO     [tempest_lib.common.rest_client] Request (TestNetworkAdvancedServerOps:test_server_connectivity_pause_unpause): 201 POST http://10.0.2.15:9696/v2.0/security-group-rules 0.116s
2015-12-25 05:57:47,242 21525 DEBUG    [tempest_lib.common.rest_client] Request - Headers: {'Content-Type': 'application/json', 'Accept': 'application/json', 'X-Auth-Token': '&lt;omitted&gt;'}
        Body: {"security_group_rule": {"direction": "ingress", "protocol": "tcp", "tenant_id": "345da70498834989b295f0956b8c40be", "port_range_max": 22, "security_group_id": "daa69f72-16bf-42ec-8cb8-de77a345af54", "port_range_min": 22}}
    Response - Headers: {'status': '201', 'content-length': '340', 'connection': 'close', 'date': 'Fri, 25 Dec 2015 05:57:47 GMT', 'content-type': 'application/json; charset=UTF-8', 'x-openstack-request-id': 'req-4e4b802f-203f-4a19-bc84-c9dc02a89de4'}
        Body: {"security_group_rule": {"remote_group_id": null, "direction": "ingress", "remote_ip_prefix": null, "protocol": "tcp", "ethertype": "IPv4", "tenant_id": "345da70498834989b295f0956b8c40be", "port_range_max": 22, "port_range_min": 22, "id": "d185c45a-dfc4-4910-baef-f563e5dab830", "security_group_id": "daa69f72-16bf-42ec-8cb8-de77a345af54"}}
2015-12-25 05:57:47,367 21525 INFO     [tempest_lib.common.rest_client] Request (TestNetworkAdvancedServerOps:test_server_connectivity_pause_unpause): 201 POST http://10.0.2.15:9696/v2.0/security-group-rules 0.123s
2015-12-25 05:57:47,367 21525 DEBUG    [tempest_lib.common.rest_client] Request - Headers: {'Content-Type': 'application/json', 'Accept': 'application/json', 'X-Auth-Token': '&lt;omitted&gt;'}
        Body: {"security_group_rule": {"direction": "egress", "protocol": "tcp", "tenant_id": "345da70498834989b295f0956b8c40be", "port_range_max": 22, "security_group_id": "daa69f72-16bf-42ec-8cb8-de77a345af54", "port_range_min": 22}}
    Response - Headers: {'status': '201', 'content-length': '339', 'connection': 'close', 'date': 'Fri, 25 Dec 2015 05:57:47 GMT', 'content-type': 'application/json; charset=UTF-8', 'x-openstack-request-id': 'req-e6e7e39a-6bc1-4bd2-98f7-32c85db05be7'}
        Body: {"security_group_rule": {"remote_group_id": null, "direction": "egress", "remote_ip_prefix": null, "protocol": "tcp", "ethertype": "IPv4", "tenant_id": "345da70498834989b295f0956b8c40be", "port_range_max": 22, "port_range_min": 22, "id": "53044fae-1339-4b94-89bb-bf4328ae4efc", "security_group_id": "daa69f72-16bf-42ec-8cb8-de77a345af54"}}
2015-12-25 05:57:47,664 21525 INFO     [tempest_lib.common.rest_client] Request (TestNetworkAdvancedServerOps:test_server_connectivity_pause_unpause): 201 POST http://10.0.2.15:9696/v2.0/security-group-rules 0.295s
2015-12-25 05:57:47,664 21525 DEBUG    [tempest_lib.common.rest_client] Request - Headers: {'Content-Type': 'application/json', 'Accept': 'application/json', 'X-Auth-Token': '&lt;omitted&gt;'}
        Body: {"security_group_rule": {"tenant_id": "345da70498834989b295f0956b8c40be", "direction": "ingress", "protocol": "icmp", "security_group_id": "daa69f72-16bf-42ec-8cb8-de77a345af54"}}
    Response - Headers: {'status': '201', 'content-length': '345', 'connection': 'close', 'date': 'Fri, 25 Dec 2015 05:57:47 GMT', 'content-type': 'application/json; charset=UTF-8', 'x-openstack-request-id': 'req-3a327b93-1ce5-4c32-8d1f-9105511fdf45'}
        Body: {"security_group_rule": {"remote_group_id": null, "direction": "ingress", "remote_ip_prefix": null, "protocol": "icmp", "ethertype": "IPv4", "tenant_id": "345da70498834989b295f0956b8c40be", "port_range_max": null, "port_range_min": null, "id": "25642aa5-7b2d-4d3b-9248-fee92fd597ba", "security_group_id": "daa69f72-16bf-42ec-8cb8-de77a345af54"}}
2015-12-25 05:57:47,791 21525 INFO     [tempest_lib.common.rest_client] Request (TestNetworkAdvancedServerOps:test_server_connectivity_pause_unpause): 201 POST http://10.0.2.15:9696/v2.0/security-group-rules 0.126s
2015-12-25 05:57:47,792 21525 DEBUG    [tempest_lib.common.rest_client] Request - Headers: {'Content-Type': 'application/json', 'Accept': 'application/json', 'X-Auth-Token': '&lt;omitted&gt;'}
        Body: {"security_group_rule": {"tenant_id": "345da70498834989b295f0956b8c40be", "direction": "egress", "protocol": "icmp", "security_group_id": "daa69f72-16bf-42ec-8cb8-de77a345af54"}}
    Response - Headers: {'status': '201', 'content-length': '344', 'connection': 'close', 'date': 'Fri, 25 Dec 2015 05:57:47 GMT', 'content-type': 'application/json; charset=UTF-8', 'x-openstack-request-id': 'req-c8897978-afdb-4992-ba25-ff269be491fd'}
        Body: {"security_group_rule": {"remote_group_id": null, "direction": "egress", "remote_ip_prefix": null, "protocol": "icmp", "ethertype": "IPv4", "tenant_id": "345da70498834989b295f0956b8c40be", "port_range_max": null, "port_range_min": null, "id": "a84118b6-2b84-49e5-842b-0a50a1e82e12", "security_group_id": "daa69f72-16bf-42ec-8cb8-de77a345af54"}}
2015-12-25 05:57:47,909 21525 INFO     [tempest_lib.common.rest_client] Request (TestNetworkAdvancedServerOps:test_server_connectivity_pause_unpause): 201 POST http://10.0.2.15:9696/v2.0/security-group-rules 0.116s
2015-12-25 05:57:47,910 21525 DEBUG    [tempest_lib.common.rest_client] Request - Headers: {'Content-Type': 'application/json', 'Accept': 'application/json', 'X-Auth-Token': '&lt;omitted&gt;'}
        Body: {"security_group_rule": {"tenant_id": "345da70498834989b295f0956b8c40be", "direction": "ingress", "security_group_id": "daa69f72-16bf-42ec-8cb8-de77a345af54", "protocol": "icmp", "ethertype": "IPv6"}}
    Response - Headers: {'status': '201', 'content-length': '345', 'connection': 'close', 'date': 'Fri, 25 Dec 2015 05:57:47 GMT', 'content-type': 'application/json; charset=UTF-8', 'x-openstack-request-id': 'req-af356533-2bf3-4da9-a06d-d27421cdf782'}
        Body: {"security_group_rule": {"remote_group_id": null, "direction": "ingress", "remote_ip_prefix": null, "protocol": "icmp", "ethertype": "IPv6", "tenant_id": "345da70498834989b295f0956b8c40be", "port_range_max": null, "port_range_min": null, "id": "4f12a6b6-fa3b-49a6-9520-8a8c78945f55", "security_group_id": "daa69f72-16bf-42ec-8cb8-de77a345af54"}}
2015-12-25 05:57:48,034 21525 INFO     [tempest_lib.common.rest_client] Request (TestNetworkAdvancedServerOps:test_server_connectivity_pause_unpause): 201 POST http://10.0.2.15:9696/v2.0/security-group-rules 0.123s
2015-12-25 05:57:48,035 21525 DEBUG    [tempest_lib.common.rest_client] Request - Headers: {'Content-Type': 'application/json', 'Accept': 'application/json', 'X-Auth-Token': '&lt;omitted&gt;'}
        Body: {"security_group_rule": {"tenant_id": "345da70498834989b295f0956b8c40be", "direction": "egress", "security_group_id": "daa69f72-16bf-42ec-8cb8-de77a345af54", "protocol": "icmp", "ethertype": "IPv6"}}
    Response - Headers: {'status': '201', 'content-length': '344', 'connection': 'close', 'date': 'Fri, 25 Dec 2015 05:57:48 GMT', 'content-type': 'application/json; charset=UTF-8', 'x-openstack-request-id': 'req-55da7ba6-6f34-4284-a016-970cad420a18'}
        Body: {"security_group_rule": {"remote_group_id": null, "direction": "egress", "remote_ip_prefix": null, "protocol": "icmp", "ethertype": "IPv6", "tenant_id": "345da70498834989b295f0956b8c40be", "port_range_max": null, "port_range_min": null, "id": "06a946d0-5a8d-42ea-bc94-e346a06c5bf9", "security_group_id": "daa69f72-16bf-42ec-8cb8-de77a345af54"}}
2015-12-25 05:57:48,254 21525 INFO     [tempest_lib.common.rest_client] Request (TestNetworkAdvancedServerOps:test_server_connectivity_pause_unpause): 201 POST http://10.0.2.15:9696/v2.0/networks 0.217s
2015-12-25 05:57:48,254 21525 DEBUG    [tempest_lib.common.rest_client] Request - Headers: {'Content-Type': 'application/json', 'Accept': 'application/json', 'X-Auth-Token': '&lt;omitted&gt;'}
        Body: {"network": {"tenant_id": "345da70498834989b295f0956b8c40be", "name": "tempest-network-smoke--1568789276"}}
    Response - Headers: {'status': '201', 'content-length': '327', 'connection': 'close', 'date': 'Fri, 25 Dec 2015 05:57:48 GMT', 'content-type': 'application/json; charset=UTF-8', 'x-openstack-request-id': 'req-2f754ae1-79f6-407d-b41d-a36544a1bbaf'}
        Body: {"network": {"status": "ACTIVE", "subnets": [], "availability_zone_hints": [], "name": "tempest-network-smoke--1568789276", "admin_state_up": true, "tenant_id": "345da70498834989b295f0956b8c40be", "mtu": 0, "router:external": false, "shared": false, "port_security_enabled": true, "id": "55b25781-2c29-4229-9525-f6c0066a9933"}}
2015-12-25 05:57:48,338 21525 INFO     [tempest_lib.common.rest_client] Request (TestNetworkAdvancedServerOps:test_server_connectivity_pause_unpause): 201 POST http://10.0.2.15:9696/v2.0/routers 0.083s
2015-12-25 05:57:48,339 21525 DEBUG    [tempest_lib.common.rest_client] Request - Headers: {'Content-Type': 'application/json', 'Accept': 'application/json', 'X-Auth-Token': '&lt;omitted&gt;'}
        Body: {"router": {"tenant_id": "345da70498834989b295f0956b8c40be", "name": "tempest-router-smoke-767334714", "admin_state_up": true}}
    Response - Headers: {'status': '201', 'content-length': '295', 'connection': 'close', 'date': 'Fri, 25 Dec 2015 05:57:48 GMT', 'content-type': 'application/json; charset=UTF-8', 'x-openstack-request-id': 'req-0c7a9744-3c07-49c7-b828-ecb1de1ca242'}
        Body: {"router": {"status": "ACTIVE", "external_gateway_info": null, "availability_zone_hints": [], "availability_zones": [], "name": "tempest-router-smoke-767334714", "admin_state_up": true, "tenant_id": "345da70498834989b295f0956b8c40be", "routes": [], "id": "a30765b5-6e57-4ca3-b7ae-59c0c4938a62"}}
2015-12-25 05:57:48,395 21525 INFO     [tempest_lib.common.rest_client] Request (TestNetworkAdvancedServerOps:test_server_connectivity_pause_unpause): 200 GET http://10.0.2.15:9696/v2.0/routers/a30765b5-6e57-4ca3-b7ae-59c0c4938a62 0.056s
2015-12-25 05:57:48,397 21525 DEBUG    [tempest_lib.common.rest_client] Request - Headers: {'Content-Type': 'application/json', 'Accept': 'application/json', 'X-Auth-Token': '&lt;omitted&gt;'}
        Body: None
    Response - Headers: {'status': '200', 'content-length': '295', 'content-location': 'http://10.0.2.15:9696/v2.0/routers/a30765b5-6e57-4ca3-b7ae-59c0c4938a62', 'connection': 'close', 'date': 'Fri, 25 Dec 2015 05:57:48 GMT', 'content-type': 'application/json; charset=UTF-8', 'x-openstack-request-id': 'req-2d4d6279-6554-4f3d-a9b7-6511603005e4'}
        Body: {"router": {"status": "ACTIVE", "external_gateway_info": null, "availability_zone_hints": [], "availability_zones": [], "name": "tempest-router-smoke-767334714", "admin_state_up": true, "tenant_id": "345da70498834989b295f0956b8c40be", "routes": [], "id": "a30765b5-6e57-4ca3-b7ae-59c0c4938a62"}}
2015-12-25 05:57:49,206 21525 INFO     [tempest_lib.common.rest_client] Request (TestNetworkAdvancedServerOps:test_server_connectivity_pause_unpause): 200 PUT http://10.0.2.15:9696/v2.0/routers/a30765b5-6e57-4ca3-b7ae-59c0c4938a62 0.808s
2015-12-25 05:57:49,206 21525 DEBUG    [tempest_lib.common.rest_client] Request - Headers: {'Content-Type': 'application/json', 'Accept': 'application/json', 'X-Auth-Token': '&lt;omitted&gt;'}
        Body: {"router": {"external_gateway_info": {"network_id": "385c9b23-20cf-4387-aa70-526caaafb825"}, "name": "tempest-router-smoke-767334714", "admin_state_up": true}}
    Response - Headers: {'status': '200', 'content-length': '557', 'connection': 'close', 'date': 'Fri, 25 Dec 2015 05:57:49 GMT', 'content-type': 'application/json; charset=UTF-8', 'x-openstack-request-id': 'req-5bd49835-d648-4702-b7ad-72a8be0c5a49'}
        Body: {"router": {"status": "ACTIVE", "external_gateway_info": {"network_id": "385c9b23-20cf-4387-aa70-526caaafb825", "enable_snat": true, "external_fixed_ips": [{"subnet_id": "4925dfb1-c7a0-4160-a207-cb110bb93efc", "ip_address": "172.24.4.3"}, {"subnet_id": "a476bd8c-ada8-4690-9e79-dcedb78cdae9", "ip_address": "2001:db8::3"}]}, "availability_zone_hints": [], "availability_zones": [], "name": "tempest-router-smoke-767334714", "admin_state_up": true, "tenant_id": "345da70498834989b295f0956b8c40be", "routes": [], "id": "a30765b5-6e57-4ca3-b7ae-59c0c4938a62"}}
2015-12-25 05:57:49,371 21525 INFO     [tempest_lib.common.rest_client] Request (TestNetworkAdvancedServerOps:test_server_connectivity_pause_unpause): 200 GET http://10.0.2.15:9696/v2.0/subnets?tenant_id=345da70498834989b295f0956b8c40be&amp;cidr=10.100.0.0%2F28 0.164s
2015-12-25 05:57:49,371 21525 DEBUG    [tempest_lib.common.rest_client] Request - Headers: {'Content-Type': 'application/json', 'Accept': 'application/json', 'X-Auth-Token': '&lt;omitted&gt;'}
        Body: None
    Response - Headers: {'status': '200', 'content-length': '15', 'content-location': 'http://10.0.2.15:9696/v2.0/subnets?tenant_id=345da70498834989b295f0956b8c40be&amp;cidr=10.100.0.0%2F28', 'connection': 'close', 'date': 'Fri, 25 Dec 2015 05:57:49 GMT', 'content-type': 'application/json; charset=UTF-8', 'x-openstack-request-id': 'req-bedee1a9-f0db-44b5-84a5-829e2334f308'}
        Body: {"subnets": []}
2015-12-25 05:57:49,676 21525 INFO     [tempest_lib.common.rest_client] Request (TestNetworkAdvancedServerOps:test_server_connectivity_pause_unpause): 201 POST http://10.0.2.15:9696/v2.0/subnets 0.303s
2015-12-25 05:57:49,676 21525 DEBUG    [tempest_lib.common.rest_client] Request - Headers: {'Content-Type': 'application/json', 'Accept': 'application/json', 'X-Auth-Token': '&lt;omitted&gt;'}
        Body: {"subnet": {"ip_version": 4, "tenant_id": "345da70498834989b295f0956b8c40be", "cidr": "10.100.0.0/28", "network_id": "55b25781-2c29-4229-9525-f6c0066a9933", "name": "tempest-subnet-smoke-628859254"}}
    Response - Headers: {'status': '201', 'content-length': '477', 'connection': 'close', 'date': 'Fri, 25 Dec 2015 05:57:49 GMT', 'content-type': 'application/json; charset=UTF-8', 'x-openstack-request-id': 'req-ae8de083-fb05-43bc-a736-545204592def'}
        Body: {"subnet": {"name": "tempest-subnet-smoke-628859254", "enable_dhcp": true, "network_id": "55b25781-2c29-4229-9525-f6c0066a9933", "tenant_id": "345da70498834989b295f0956b8c40be", "dns_nameservers": [], "gateway_ip": "10.100.0.1", "ipv6_ra_mode": null, "allocation_pools": [{"start": "10.100.0.2", "end": "10.100.0.14"}], "host_routes": [], "ip_version": 4, "ipv6_address_mode": null, "cidr": "10.100.0.0/28", "id": "34146694-99c9-4eb0-8753-c51b0317a602", "subnetpool_id": null}}
2015-12-25 05:57:50,215 21525 INFO     [tempest_lib.common.rest_client] Request (TestNetworkAdvancedServerOps:test_server_connectivity_pause_unpause): 200 PUT http://10.0.2.15:9696/v2.0/routers/a30765b5-6e57-4ca3-b7ae-59c0c4938a62/add_router_interface 0.537s
2015-12-25 05:57:50,215 21525 DEBUG    [tempest_lib.common.rest_client] Request - Headers: {'Content-Type': 'application/json', 'Accept': 'application/json', 'X-Auth-Token': '&lt;omitted&gt;'}
        Body: {"subnet_id": "34146694-99c9-4eb0-8753-c51b0317a602"}
    Response - Headers: {'status': '200', 'content-length': '255', 'connection': 'close', 'date': 'Fri, 25 Dec 2015 05:57:50 GMT', 'content-type': 'application/json; charset=UTF-8', 'x-openstack-request-id': 'req-0293a68f-1070-4ada-9a24-7467c487d207'}
        Body: {"subnet_id": "34146694-99c9-4eb0-8753-c51b0317a602", "tenant_id": "345da70498834989b295f0956b8c40be", "subnet_ids": ["34146694-99c9-4eb0-8753-c51b0317a602"], "port_id": "2a1df69a-0e3e-425f-a2f9-3ce2adcab5cd", "id": "a30765b5-6e57-4ca3-b7ae-59c0c4938a62"}
2015-12-25 05:57:50,370 21525 INFO     [tempest_lib.common.rest_client] Request (TestNetworkAdvancedServerOps:test_server_connectivity_pause_unpause): 200 POST http://10.0.2.15:5000/v2.0/tokens
2015-12-25 05:57:50,372 21525 DEBUG    [tempest_lib.common.rest_client] Request - Headers: {'Content-Type': 'application/json', 'Accept': 'application/json'}
        Body: &lt;omitted&gt;
    Response - Headers: {'status': '200', 'content-length': '2562', 'vary': 'X-Auth-Token', 'server': 'Apache/2.4.7 (Ubuntu)', 'connection': 'close', 'date': 'Fri, 25 Dec 2015 05:57:50 GMT', 'content-type': 'application/json', 'x-openstack-request-id': 'req-65923e28-9ec9-43cb-aa6c-1305075286de'}
        Body: {"access": {"token": {"issued_at": "2015-12-25T05:57:50.361537", "expires": "2015-12-25T06:57:50Z", "id": "76c4e49c0f2b43a789da69c5f258fb32", "tenant": {"description": "tempest-TestNetworkAdvancedServerOps-978961846-desc", "enabled": true, "id": "345da70498834989b295f0956b8c40be", "name": "tempest-TestNetworkAdvancedServerOps-978961846"}, "audit_ids": ["16mpyOg8Tuy79W_kna4a7g"]}, "serviceCatalog": [{"endpoints": [{"adminURL": "http://10.0.2.15:8774/v2.1/345da70498834989b295f0956b8c40be", "region": "RegionOne", "internalURL": "http://10.0.2.15:8774/v2.1/345da70498834989b295f0956b8c40be", "id": "9fdafd676d5442bfa0f3faa585a2eb95", "publicURL": "http://10.0.2.15:8774/v2.1/345da70498834989b295f0956b8c40be"}], "endpoints_links": [], "type": "compute", "name": "nova"}, {"endpoints": [{"adminURL": "http://10.0.2.15:9696/", "region": "RegionOne", "internalURL": "http://10.0.2.15:9696/", "id": "1f70a31e2d964afd943b47def836d88b", "publicURL": "http://10.0.2.15:9696/"}], "endpoints_links": [], "type": "network", "name": "neutron"}, {"endpoints": [{"adminURL": "http://10.0.2.15:9292", "region": "RegionOne", "internalURL": "http://10.0.2.15:9292", "id": "75b6125fdc754226b3b98d4784bba5aa", "publicURL": "http://10.0.2.15:9292"}], "endpoints_links": [], "type": "image", "name": "glance"}, {"endpoints": [{"adminURL": "http://10.0.2.15:8774/v2/345da70498834989b295f0956b8c40be", "region": "RegionOne", "internalURL": "http://10.0.2.15:8774/v2/345da70498834989b295f0956b8c40be", "id": "1303c2c17d26435c8eb2f6228a12c097", "publicURL": "http://10.0.2.15:8774/v2/345da70498834989b295f0956b8c40be"}], "endpoints_links": [], "type": "compute_legacy", "name": "nova_legacy"}, {"endpoints": [{"adminURL": "http://10.0.2.15:8773/", "region": "RegionOne", "internalURL": "http://10.0.2.15:8773/", "id": "55067df61cc74c398324bfee46263391", "publicURL": "http://10.0.2.15:8773/"}], "endpoints_links": [], "type": "ec2", "name": "ec2"}, {"endpoints": [{"adminURL": "http://10.0.2.15:35357/v2.0", "region": "RegionOne", "internalURL": "http://10.0.2.15:5000/v2.0", "id": "447cda4a19b1436891c04c7bdf94d75d", "publicURL": "http://10.0.2.15:5000/v2.0"}], "endpoints_links": [], "type": "identity", "name": "keystone"}], "user": {"username": "tempest-TestNetworkAdvancedServerOps-910040717", "roles_links": [], "id": "5eeb5221daff4875bb564383cfb47639", "roles": [{"name": "_member_"}, {"name": "Member"}], "name": "tempest-TestNetworkAdvancedServerOps-910040717"}, "metadata": {"is_admin": 0, "roles": ["9fe2ff9ee4384b1894a90878d3e92bab", "5f4e9e31dddc4a1d800461f69ab13335"]}}}
2015-12-25 05:57:50,379 21525 DEBUG    [tempest.common.fixed_network] (TestNetworkAdvancedServerOps:test_server_connectivity_pause_unpause) No valid network provided or created, defaulting to fixed_network_name
2015-12-25 05:57:50,754 21525 INFO     [tempest_lib.common.rest_client] Request (TestNetworkAdvancedServerOps:test_server_connectivity_pause_unpause): 200 GET http://10.0.2.15:8774/v2.1/345da70498834989b295f0956b8c40be/os-networks 0.374s
2015-12-25 05:57:50,755 21525 DEBUG    [tempest_lib.common.rest_client] Request - Headers: {'Content-Type': 'application/json', 'Accept': 'application/json', 'X-Auth-Token': '&lt;omitted&gt;'}
        Body: None
    Response - Headers: {'status': '200', 'content-length': '479', 'content-location': 'http://10.0.2.15:8774/v2.1/345da70498834989b295f0956b8c40be/os-networks', 'x-compute-request-id': 'req-c102106a-eb61-4831-b790-8c4def93b3ed', 'vary': 'X-OpenStack-Nova-API-Version', 'connection': 'close', 'x-openstack-nova-api-version': '2.1', 'date': 'Fri, 25 Dec 2015 05:57:50 GMT', 'content-type': 'application/json'}
        Body: {"networks": [{"cidr_v6": null, "dns2": null, "dns1": null, "gateway": null, "broadcast": null, "netmask": null, "gateway_v6": null, "cidr": null, "label": "tempest-network-smoke--1568789276", "id": "55b25781-2c29-4229-9525-f6c0066a9933", "netmask_v6": null}, {"cidr_v6": null, "dns2": null, "dns1": null, "gateway": null, "broadcast": null, "netmask": null, "gateway_v6": null, "cidr": null, "label": "public", "id": "385c9b23-20cf-4387-aa70-526caaafb825", "netmask_v6": null}]}
2015-12-25 05:57:50,755 21525 WARNING  [tempest.common.fixed_network] (TestNetworkAdvancedServerOps:test_server_connectivity_pause_unpause) Network with name: private not found
2015-12-25 05:57:50,756 21525 INFO     [tempest.common.fixed_network] (TestNetworkAdvancedServerOps:test_server_connectivity_pause_unpause) Found network {} available for tenant
2015-12-25 05:57:52,125 21525 INFO     [tempest_lib.common.rest_client] Request (TestNetworkAdvancedServerOps:test_server_connectivity_pause_unpause): 202 POST http://10.0.2.15:8774/v2.1/345da70498834989b295f0956b8c40be/servers 1.368s
2015-12-25 05:57:52,127 21525 DEBUG    [tempest_lib.common.rest_client] Request - Headers: {'Content-Type': 'application/json', 'Accept': 'application/json', 'X-Auth-Token': '&lt;omitted&gt;'}
        Body: {"server": {"name": "tempest.common.compute-instance-1836464747", "imageRef": "79a170b2-c9cf-4c78-8217-95ce7a3fd46c", "key_name": "tempest-TestNetworkAdvancedServerOps-1928908167", "flavorRef": "42", "networks": [{"uuid": "55b25781-2c29-4229-9525-f6c0066a9933"}], "security_groups": [{"name": "tempest-secgroup-smoke-710613199"}]}}
    Response - Headers: {'status': '202', 'content-length': '461', 'x-compute-request-id': 'req-4d1d0ef3-524b-4397-bf75-d74d0297d328', 'vary': 'X-OpenStack-Nova-API-Version', 'connection': 'close', 'location': 'http://10.0.2.15:8774/v2.1/345da70498834989b295f0956b8c40be/servers/ad551efa-c79e-4bad-bdec-4117be896a2b', 'x-openstack-nova-api-version': '2.1', 'date': 'Fri, 25 Dec 2015 05:57:52 GMT', 'content-type': 'application/json'}
        Body: {"server": {"security_groups": [{"name": "tempest-secgroup-smoke-710613199"}], "OS-DCF:diskConfig": "MANUAL", "id": "ad551efa-c79e-4bad-bdec-4117be896a2b", "links": [{"href": "http://10.0.2.15:8774/v2.1/345da70498834989b295f0956b8c40be/servers/ad551efa-c79e-4bad-bdec-4117be896a2b", "rel": "self"}, {"href": "http://10.0.2.15:8774/345da70498834989b295f0956b8c40be/servers/ad551efa-c79e-4bad-bdec-4117be896a2b", "rel": "bookmark"}], "adminPass": "PKPZCgavjW3D"}}
2015-12-25 05:57:52,383 21525 INFO     [tempest_lib.common.rest_client] Request (TestNetworkAdvancedServerOps:test_server_connectivity_pause_unpause): 200 GET http://10.0.2.15:8774/v2.1/345da70498834989b295f0956b8c40be/servers/ad551efa-c79e-4bad-bdec-4117be896a2b 0.251s
2015-12-25 05:57:52,383 21525 DEBUG    [tempest_lib.common.rest_client] Request - Headers: {'Content-Type': 'application/json', 'Accept': 'application/json', 'X-Auth-Token': '&lt;omitted&gt;'}
        Body: None
    Response - Headers: {'status': '200', 'content-length': '1365', 'content-location': 'http://10.0.2.15:8774/v2.1/345da70498834989b295f0956b8c40be/servers/ad551efa-c79e-4bad-bdec-4117be896a2b', 'x-compute-request-id': 'req-53750f5c-0a6e-43f9-8fd1-a5c0a0802d45', 'vary': 'X-OpenStack-Nova-API-Version', 'connection': 'close', 'x-openstack-nova-api-version': '2.1', 'date': 'Fri, 25 Dec 2015 05:57:52 GMT', 'content-type': 'application/json'}
        Body: {"server": {"status": "BUILD", "updated": "2015-12-25T05:57:52Z", "hostId": "", "addresses": {}, "links": [{"href": "http://10.0.2.15:8774/v2.1/345da70498834989b295f0956b8c40be/servers/ad551efa-c79e-4bad-bdec-4117be896a2b", "rel": "self"}, {"href": "http://10.0.2.15:8774/345da70498834989b295f0956b8c40be/servers/ad551efa-c79e-4bad-bdec-4117be896a2b", "rel": "bookmark"}], "key_name": "tempest-TestNetworkAdvancedServerOps-1928908167", "image": {"id": "79a170b2-c9cf-4c78-8217-95ce7a3fd46c", "links": [{"href": "http://10.0.2.15:8774/345da70498834989b295f0956b8c40be/images/79a170b2-c9cf-4c78-8217-95ce7a3fd46c", "rel": "bookmark"}]}, "OS-EXT-STS:task_state": "scheduling", "OS-EXT-STS:vm_state": "building", "OS-SRV-USG:launched_at": null, "flavor": {"id": "42", "links": [{"href": "http://10.0.2.15:8774/345da70498834989b295f0956b8c40be/flavors/42", "rel": "bookmark"}]}, "id": "ad551efa-c79e-4bad-bdec-4117be896a2b", "OS-SRV-USG:terminated_at": null, "OS-EXT-AZ:availability_zone": "", "user_id": "5eeb5221daff4875bb564383cfb47639", "name": "tempest.common.compute-instance-1836464747", "created": "2015-12-25T05:57:52Z", "tenant_id": "345da70498834989b295f0956b8c40be", "OS-DCF:diskConfig": "MANUAL", "os-extended-volumes:volumes_attached": [], "accessIPv4": "", "accessIPv6": "", "progress": 0, "OS-EXT-STS:power_state": 0, "config_drive": "", "metadata": {}}}
2015-12-25 05:57:53,654 21525 INFO     [tempest_lib.common.rest_client] Request (TestNetworkAdvancedServerOps:test_server_connectivity_pause_unpause): 200 GET http://10.0.2.15:8774/v2.1/345da70498834989b295f0956b8c40be/servers/ad551efa-c79e-4bad-bdec-4117be896a2b 0.260s
2015-12-25 05:57:53,654 21525 DEBUG    [tempest_lib.common.rest_client] Request - Headers: {'Content-Type': 'application/json', 'Accept': 'application/json', 'X-Auth-Token': '&lt;omitted&gt;'}
        Body: None
    Response - Headers: {'status': '200', 'content-length': '1490', 'content-location': 'http://10.0.2.15:8774/v2.1/345da70498834989b295f0956b8c40be/servers/ad551efa-c79e-4bad-bdec-4117be896a2b', 'x-compute-request-id': 'req-1f1786f5-8694-4d0c-a269-6687be578e2d', 'vary': 'X-OpenStack-Nova-API-Version', 'connection': 'close', 'x-openstack-nova-api-version': '2.1', 'date': 'Fri, 25 Dec 2015 05:57:53 GMT', 'content-type': 'application/json'}
        Body: {"server": {"status": "BUILD", "updated": "2015-12-25T05:57:53Z", "hostId": "f9077c0c85dc01c4da076ab5d22c206578dcb7e509b41f6b30bfc94d", "addresses": {}, "links": [{"href": "http://10.0.2.15:8774/v2.1/345da70498834989b295f0956b8c40be/servers/ad551efa-c79e-4bad-bdec-4117be896a2b", "rel": "self"}, {"href": "http://10.0.2.15:8774/345da70498834989b295f0956b8c40be/servers/ad551efa-c79e-4bad-bdec-4117be896a2b", "rel": "bookmark"}], "key_name": "tempest-TestNetworkAdvancedServerOps-1928908167", "image": {"id": "79a170b2-c9cf-4c78-8217-95ce7a3fd46c", "links": [{"href": "http://10.0.2.15:8774/345da70498834989b295f0956b8c40be/images/79a170b2-c9cf-4c78-8217-95ce7a3fd46c", "rel": "bookmark"}]}, "OS-EXT-STS:task_state": "spawning", "OS-EXT-STS:vm_state": "building", "OS-SRV-USG:launched_at": null, "flavor": {"id": "42", "links": [{"href": "http://10.0.2.15:8774/345da70498834989b295f0956b8c40be/flavors/42", "rel": "bookmark"}]}, "id": "ad551efa-c79e-4bad-bdec-4117be896a2b", "security_groups": [{"name": "tempest-secgroup-smoke-710613199"}], "OS-SRV-USG:terminated_at": null, "OS-EXT-AZ:availability_zone": "nova", "user_id": "5eeb5221daff4875bb564383cfb47639", "name": "tempest.common.compute-instance-1836464747", "created": "2015-12-25T05:57:52Z", "tenant_id": "345da70498834989b295f0956b8c40be", "OS-DCF:diskConfig": "MANUAL", "os-extended-volumes:volumes_attached": [], "accessIPv4": "", "accessIPv6": "", "progress": 0, "OS-EXT-STS:power_state": 0, "config_drive": "", "metadata": {}}}
2015-12-25 05:57:53,662 21525 INFO     [tempest.common.waiters] State transition "BUILD/scheduling" ==&gt; "BUILD/spawning" after 1 second wait
2015-12-25 05:57:54,979 21525 INFO     [tempest_lib.common.rest_client] Request (TestNetworkAdvancedServerOps:test_server_connectivity_pause_unpause): 200 GET http://10.0.2.15:8774/v2.1/345da70498834989b295f0956b8c40be/servers/ad551efa-c79e-4bad-bdec-4117be896a2b 0.314s
2015-12-25 05:57:54,979 21525 DEBUG    [tempest_lib.common.rest_client] Request - Headers: {'Content-Type': 'application/json', 'Accept': 'application/json', 'X-Auth-Token': '&lt;omitted&gt;'}
        Body: None
    Response - Headers: {'status': '200', 'content-length': '1490', 'content-location': 'http://10.0.2.15:8774/v2.1/345da70498834989b295f0956b8c40be/servers/ad551efa-c79e-4bad-bdec-4117be896a2b', 'x-compute-request-id': 'req-4c329af3-3778-4043-b058-7f9bc417f7b0', 'vary': 'X-OpenStack-Nova-API-Version', 'connection': 'close', 'x-openstack-nova-api-version': '2.1', 'date': 'Fri, 25 Dec 2015 05:57:54 GMT', 'content-type': 'application/json'}
        Body: {"server": {"status": "BUILD", "updated": "2015-12-25T05:57:53Z", "hostId": "f9077c0c85dc01c4da076ab5d22c206578dcb7e509b41f6b30bfc94d", "addresses": {}, "links": [{"href": "http://10.0.2.15:8774/v2.1/345da70498834989b295f0956b8c40be/servers/ad551efa-c79e-4bad-bdec-4117be896a2b", "rel": "self"}, {"href": "http://10.0.2.15:8774/345da70498834989b295f0956b8c40be/servers/ad551efa-c79e-4bad-bdec-4117be896a2b", "rel": "bookmark"}], "key_name": "tempest-TestNetworkAdvancedServerOps-1928908167", "image": {"id": "79a170b2-c9cf-4c78-8217-95ce7a3fd46c", "links": [{"href": "http://10.0.2.15:8774/345da70498834989b295f0956b8c40be/images/79a170b2-c9cf-4c78-8217-95ce7a3fd46c", "rel": "bookmark"}]}, "OS-EXT-STS:task_state": "spawning", "OS-EXT-STS:vm_state": "building", "OS-SRV-USG:launched_at": null, "flavor": {"id": "42", "links": [{"href": "http://10.0.2.15:8774/345da70498834989b295f0956b8c40be/flavors/42", "rel": "bookmark"}]}, "id": "ad551efa-c79e-4bad-bdec-4117be896a2b", "security_groups": [{"name": "tempest-secgroup-smoke-710613199"}], "OS-SRV-USG:terminated_at": null, "OS-EXT-AZ:availability_zone": "nova", "user_id": "5eeb5221daff4875bb564383cfb47639", "name": "tempest.common.compute-instance-1836464747", "created": "2015-12-25T05:57:52Z", "tenant_id": "345da70498834989b295f0956b8c40be", "OS-DCF:diskConfig": "MANUAL", "os-extended-volumes:volumes_attached": [], "accessIPv4": "", "accessIPv6": "", "progress": 0, "OS-EXT-STS:power_state": 0, "config_drive": "", "metadata": {}}}
2015-12-25 05:57:56,325 21525 INFO     [tempest_lib.common.rest_client] Request (TestNetworkAdvancedServerOps:test_server_connectivity_pause_unpause): 200 GET http://10.0.2.15:8774/v2.1/345da70498834989b295f0956b8c40be/servers/ad551efa-c79e-4bad-bdec-4117be896a2b 0.334s
2015-12-25 05:57:56,325 21525 DEBUG    [tempest_lib.common.rest_client] Request - Headers: {'Content-Type': 'application/json', 'Accept': 'application/json', 'X-Auth-Token': '&lt;omitted&gt;'}
        Body: None
    Response - Headers: {'status': '200', 'content-length': '1662', 'content-location': 'http://10.0.2.15:8774/v2.1/345da70498834989b295f0956b8c40be/servers/ad551efa-c79e-4bad-bdec-4117be896a2b', 'x-compute-request-id': 'req-d2f12c59-f7d0-4f83-ab90-29e2a397873c', 'vary': 'X-OpenStack-Nova-API-Version', 'connection': 'close', 'x-openstack-nova-api-version': '2.1', 'date': 'Fri, 25 Dec 2015 05:57:56 GMT', 'content-type': 'application/json'}
        Body: {"server": {"status": "ACTIVE", "updated": "2015-12-25T05:57:55Z", "hostId": "f9077c0c85dc01c4da076ab5d22c206578dcb7e509b41f6b30bfc94d", "addresses": {"tempest-network-smoke--1568789276": [{"OS-EXT-IPS-MAC:mac_addr": "fa:16:3e:26:a5:9f", "version": 4, "addr": "10.100.0.3", "OS-EXT-IPS:type": "fixed"}]}, "links": [{"href": "http://10.0.2.15:8774/v2.1/345da70498834989b295f0956b8c40be/servers/ad551efa-c79e-4bad-bdec-4117be896a2b", "rel": "self"}, {"href": "http://10.0.2.15:8774/345da70498834989b295f0956b8c40be/servers/ad551efa-c79e-4bad-bdec-4117be896a2b", "rel": "bookmark"}], "key_name": "tempest-TestNetworkAdvancedServerOps-1928908167", "image": {"id": "79a170b2-c9cf-4c78-8217-95ce7a3fd46c", "links": [{"href": "http://10.0.2.15:8774/345da70498834989b295f0956b8c40be/images/79a170b2-c9cf-4c78-8217-95ce7a3fd46c", "rel": "bookmark"}]}, "OS-EXT-STS:task_state": null, "OS-EXT-STS:vm_state": "active", "OS-SRV-USG:launched_at": "2015-12-25T05:57:55.000000", "flavor": {"id": "42", "links": [{"href": "http://10.0.2.15:8774/345da70498834989b295f0956b8c40be/flavors/42", "rel": "bookmark"}]}, "id": "ad551efa-c79e-4bad-bdec-4117be896a2b", "security_groups": [{"name": "tempest-secgroup-smoke-710613199"}], "OS-SRV-USG:terminated_at": null, "OS-EXT-AZ:availability_zone": "nova", "user_id": "5eeb5221daff4875bb564383cfb47639", "name": "tempest.common.compute-instance-1836464747", "created": "2015-12-25T05:57:52Z", "tenant_id": "345da70498834989b295f0956b8c40be", "OS-DCF:diskConfig": "MANUAL", "os-extended-volumes:volumes_attached": [], "accessIPv4": "", "accessIPv6": "", "progress": 0, "OS-EXT-STS:power_state": 1, "config_drive": "True", "metadata": {}}}
2015-12-25 05:57:56,337 21525 INFO     [tempest.common.waiters] State transition "BUILD/spawning" ==&gt; "ACTIVE/None" after 4 second wait
2015-12-25 05:57:56,532 21525 INFO     [tempest_lib.common.rest_client] Request (TestNetworkAdvancedServerOps:test_server_connectivity_pause_unpause): 200 GET http://10.0.2.15:8774/v2.1/345da70498834989b295f0956b8c40be/servers/ad551efa-c79e-4bad-bdec-4117be896a2b 0.194s
2015-12-25 05:57:56,532 21525 DEBUG    [tempest_lib.common.rest_client] Request - Headers: {'Content-Type': 'application/json', 'Accept': 'application/json', 'X-Auth-Token': '&lt;omitted&gt;'}
        Body: None
    Response - Headers: {'status': '200', 'content-length': '1662', 'content-location': 'http://10.0.2.15:8774/v2.1/345da70498834989b295f0956b8c40be/servers/ad551efa-c79e-4bad-bdec-4117be896a2b', 'x-compute-request-id': 'req-62154c8d-d1f0-43ad-b712-3fe124b032c4', 'vary': 'X-OpenStack-Nova-API-Version', 'connection': 'close', 'x-openstack-nova-api-version': '2.1', 'date': 'Fri, 25 Dec 2015 05:57:56 GMT', 'content-type': 'application/json'}
        Body: {"server": {"status": "ACTIVE", "updated": "2015-12-25T05:57:55Z", "hostId": "f9077c0c85dc01c4da076ab5d22c206578dcb7e509b41f6b30bfc94d", "addresses": {"tempest-network-smoke--1568789276": [{"OS-EXT-IPS-MAC:mac_addr": "fa:16:3e:26:a5:9f", "version": 4, "addr": "10.100.0.3", "OS-EXT-IPS:type": "fixed"}]}, "links": [{"href": "http://10.0.2.15:8774/v2.1/345da70498834989b295f0956b8c40be/servers/ad551efa-c79e-4bad-bdec-4117be896a2b", "rel": "self"}, {"href": "http://10.0.2.15:8774/345da70498834989b295f0956b8c40be/servers/ad551efa-c79e-4bad-bdec-4117be896a2b", "rel": "bookmark"}], "key_name": "tempest-TestNetworkAdvancedServerOps-1928908167", "image": {"id": "79a170b2-c9cf-4c78-8217-95ce7a3fd46c", "links": [{"href": "http://10.0.2.15:8774/345da70498834989b295f0956b8c40be/images/79a170b2-c9cf-4c78-8217-95ce7a3fd46c", "rel": "bookmark"}]}, "OS-EXT-STS:task_state": null, "OS-EXT-STS:vm_state": "active", "OS-SRV-USG:launched_at": "2015-12-25T05:57:55.000000", "flavor": {"id": "42", "links": [{"href": "http://10.0.2.15:8774/345da70498834989b295f0956b8c40be/flavors/42", "rel": "bookmark"}]}, "id": "ad551efa-c79e-4bad-bdec-4117be896a2b", "security_groups": [{"name": "tempest-secgroup-smoke-710613199"}], "OS-SRV-USG:terminated_at": null, "OS-EXT-AZ:availability_zone": "nova", "user_id": "5eeb5221daff4875bb564383cfb47639", "name": "tempest.common.compute-instance-1836464747", "created": "2015-12-25T05:57:52Z", "tenant_id": "345da70498834989b295f0956b8c40be", "OS-DCF:diskConfig": "MANUAL", "os-extended-volumes:volumes_attached": [], "accessIPv4": "", "accessIPv6": "", "progress": 0, "OS-EXT-STS:power_state": 1, "config_drive": "True", "metadata": {}}}
2015-12-25 05:57:56,574 21525 INFO     [tempest_lib.common.rest_client] Request (TestNetworkAdvancedServerOps:test_server_connectivity_pause_unpause): 200 GET http://10.0.2.15:9696/v2.0/ports?status=ACTIVE&amp;fixed_ip=None&amp;device_id=ad551efa-c79e-4bad-bdec-4117be896a2b 0.033s
2015-12-25 05:57:56,574 21525 DEBUG    [tempest_lib.common.rest_client] Request - Headers: {'Content-Type': 'application/json', 'Accept': 'application/json', 'X-Auth-Token': '&lt;omitted&gt;'}
        Body: None
    Response - Headers: {'status': '200', 'content-length': '895', 'content-location': 'http://10.0.2.15:9696/v2.0/ports?status=ACTIVE&amp;fixed_ip=None&amp;device_id=ad551efa-c79e-4bad-bdec-4117be896a2b', 'connection': 'close', 'date': 'Fri, 25 Dec 2015 05:57:56 GMT', 'content-type': 'application/json; charset=UTF-8', 'x-openstack-request-id': 'req-207914a0-286a-4a99-b06f-aaccab9a4cf6'}
        Body: {"ports": [{"status": "ACTIVE", "binding:host_id": "vagrant-ubuntu-trusty-64", "allowed_address_pairs": [], "extra_dhcp_opts": [], "dns_assignment": [{"hostname": "host-10-100-0-3", "ip_address": "10.100.0.3", "fqdn": "host-10-100-0-3.openstacklocal."}], "device_owner": "compute:None", "port_security_enabled": true, "binding:profile": {}, "fixed_ips": [{"subnet_id": "34146694-99c9-4eb0-8753-c51b0317a602", "ip_address": "10.100.0.3"}], "id": "09c3e65a-28ba-4f58-8da6-df9028178886", "security_groups": ["daa69f72-16bf-42ec-8cb8-de77a345af54"], "device_id": "ad551efa-c79e-4bad-bdec-4117be896a2b", "name": "", "admin_state_up": true, "network_id": "55b25781-2c29-4229-9525-f6c0066a9933", "dns_name": "", "binding:vif_details": {"port_filter": true}, "binding:vnic_type": "normal", "binding:vif_type": "ovs", "tenant_id": "345da70498834989b295f0956b8c40be", "mac_address": "fa:16:3e:26:a5:9f"}]}
2015-12-25 05:57:57,182 21525 INFO     [tempest_lib.common.rest_client] Request (TestNetworkAdvancedServerOps:test_server_connectivity_pause_unpause): 201 POST http://10.0.2.15:9696/v2.0/floatingips 0.607s
2015-12-25 05:57:57,183 21525 DEBUG    [tempest_lib.common.rest_client] Request - Headers: {'Content-Type': 'application/json', 'Accept': 'application/json', 'X-Auth-Token': '&lt;omitted&gt;'}
        Body: {"floatingip": {"floating_network_id": "385c9b23-20cf-4387-aa70-526caaafb825", "tenant_id": "345da70498834989b295f0956b8c40be", "fixed_ip_address": "10.100.0.3", "port_id": "09c3e65a-28ba-4f58-8da6-df9028178886"}}
    Response - Headers: {'status': '201', 'content-length': '367', 'connection': 'close', 'date': 'Fri, 25 Dec 2015 05:57:57 GMT', 'content-type': 'application/json; charset=UTF-8', 'x-openstack-request-id': 'req-c44fc12d-fe4e-4869-a407-f4c53b1bab3d'}
        Body: {"floatingip": {"floating_network_id": "385c9b23-20cf-4387-aa70-526caaafb825", "router_id": "a30765b5-6e57-4ca3-b7ae-59c0c4938a62", "fixed_ip_address": "10.100.0.3", "floating_ip_address": "172.24.4.4", "tenant_id": "345da70498834989b295f0956b8c40be", "status": "DOWN", "port_id": "09c3e65a-28ba-4f58-8da6-df9028178886", "id": "2d720fdb-f01e-4d23-934f-b3ca56a19c71"}}
2015-12-25 05:57:57,400 21525 INFO     [tempest_lib.common.rest_client] Request (TestNetworkAdvancedServerOps:test_server_connectivity_pause_unpause): 200 GET http://10.0.2.15:8774/v2.1/345da70498834989b295f0956b8c40be/servers/ad551efa-c79e-4bad-bdec-4117be896a2b 0.216s
2015-12-25 05:57:57,400 21525 DEBUG    [tempest_lib.common.rest_client] Request - Headers: {'Content-Type': 'application/json', 'Accept': 'application/json', 'X-Auth-Token': '&lt;omitted&gt;'}
        Body: None
    Response - Headers: {'status': '200', 'content-length': '1662', 'content-location': 'http://10.0.2.15:8774/v2.1/345da70498834989b295f0956b8c40be/servers/ad551efa-c79e-4bad-bdec-4117be896a2b', 'x-compute-request-id': 'req-37ab04ef-e308-471b-b26d-89e40d73b760', 'vary': 'X-OpenStack-Nova-API-Version', 'connection': 'close', 'x-openstack-nova-api-version': '2.1', 'date': 'Fri, 25 Dec 2015 05:57:57 GMT', 'content-type': 'application/json'}
        Body: {"server": {"status": "ACTIVE", "updated": "2015-12-25T05:57:55Z", "hostId": "f9077c0c85dc01c4da076ab5d22c206578dcb7e509b41f6b30bfc94d", "addresses": {"tempest-network-smoke--1568789276": [{"OS-EXT-IPS-MAC:mac_addr": "fa:16:3e:26:a5:9f", "version": 4, "addr": "10.100.0.3", "OS-EXT-IPS:type": "fixed"}]}, "links": [{"href": "http://10.0.2.15:8774/v2.1/345da70498834989b295f0956b8c40be/servers/ad551efa-c79e-4bad-bdec-4117be896a2b", "rel": "self"}, {"href": "http://10.0.2.15:8774/345da70498834989b295f0956b8c40be/servers/ad551efa-c79e-4bad-bdec-4117be896a2b", "rel": "bookmark"}], "key_name": "tempest-TestNetworkAdvancedServerOps-1928908167", "image": {"id": "79a170b2-c9cf-4c78-8217-95ce7a3fd46c", "links": [{"href": "http://10.0.2.15:8774/345da70498834989b295f0956b8c40be/images/79a170b2-c9cf-4c78-8217-95ce7a3fd46c", "rel": "bookmark"}]}, "OS-EXT-STS:task_state": null, "OS-EXT-STS:vm_state": "active", "OS-SRV-USG:launched_at": "2015-12-25T05:57:55.000000", "flavor": {"id": "42", "links": [{"href": "http://10.0.2.15:8774/345da70498834989b295f0956b8c40be/flavors/42", "rel": "bookmark"}]}, "id": "ad551efa-c79e-4bad-bdec-4117be896a2b", "security_groups": [{"name": "tempest-secgroup-smoke-710613199"}], "OS-SRV-USG:terminated_at": null, "OS-EXT-AZ:availability_zone": "nova", "user_id": "5eeb5221daff4875bb564383cfb47639", "name": "tempest.common.compute-instance-1836464747", "created": "2015-12-25T05:57:52Z", "tenant_id": "345da70498834989b295f0956b8c40be", "OS-DCF:diskConfig": "MANUAL", "os-extended-volumes:volumes_attached": [], "accessIPv4": "", "accessIPv6": "", "progress": 0, "OS-EXT-STS:power_state": 1, "config_drive": "True", "metadata": {}}}
2015-12-25 05:57:57,409 21525 INFO     [tempest.scenario.manager] Tenant networks not configured to be reachable.
2015-12-25 05:57:57,426 21525 INFO     [tempest_lib.common.rest_client] Request (TestNetworkAdvancedServerOps:test_server_connectivity_pause_unpause): 200 GET http://10.0.2.15:9696/v2.0/floatingips/2d720fdb-f01e-4d23-934f-b3ca56a19c71 0.016s
2015-12-25 05:57:57,426 21525 DEBUG    [tempest_lib.common.rest_client] Request - Headers: {'Content-Type': 'application/json', 'Accept': 'application/json', 'X-Auth-Token': '&lt;omitted&gt;'}
        Body: None
    Response - Headers: {'status': '200', 'content-length': '367', 'content-location': 'http://10.0.2.15:9696/v2.0/floatingips/2d720fdb-f01e-4d23-934f-b3ca56a19c71', 'connection': 'close', 'date': 'Fri, 25 Dec 2015 05:57:57 GMT', 'content-type': 'application/json; charset=UTF-8', 'x-openstack-request-id': 'req-5a9355b3-cfab-463a-ba78-368deb5b8dbd'}
        Body: {"floatingip": {"floating_network_id": "385c9b23-20cf-4387-aa70-526caaafb825", "router_id": "a30765b5-6e57-4ca3-b7ae-59c0c4938a62", "fixed_ip_address": "10.100.0.3", "floating_ip_address": "172.24.4.4", "tenant_id": "345da70498834989b295f0956b8c40be", "status": "DOWN", "port_id": "09c3e65a-28ba-4f58-8da6-df9028178886", "id": "2d720fdb-f01e-4d23-934f-b3ca56a19c71"}}
2015-12-25 05:57:58,442 21525 INFO     [tempest_lib.common.rest_client] Request (TestNetworkAdvancedServerOps:test_server_connectivity_pause_unpause): 200 GET http://10.0.2.15:9696/v2.0/floatingips/2d720fdb-f01e-4d23-934f-b3ca56a19c71 0.014s
2015-12-25 05:57:58,442 21525 DEBUG    [tempest_lib.common.rest_client] Request - Headers: {'Content-Type': 'application/json', 'Accept': 'application/json', 'X-Auth-Token': '&lt;omitted&gt;'}
        Body: None
    Response - Headers: {'status': '200', 'content-length': '369', 'content-location': 'http://10.0.2.15:9696/v2.0/floatingips/2d720fdb-f01e-4d23-934f-b3ca56a19c71', 'connection': 'close', 'date': 'Fri, 25 Dec 2015 05:57:58 GMT', 'content-type': 'application/json; charset=UTF-8', 'x-openstack-request-id': 'req-49822a37-ffa4-4d5c-a143-75ad61f6b451'}
        Body: {"floatingip": {"floating_network_id": "385c9b23-20cf-4387-aa70-526caaafb825", "router_id": "a30765b5-6e57-4ca3-b7ae-59c0c4938a62", "fixed_ip_address": "10.100.0.3", "floating_ip_address": "172.24.4.4", "tenant_id": "345da70498834989b295f0956b8c40be", "status": "ACTIVE", "port_id": "09c3e65a-28ba-4f58-8da6-df9028178886", "id": "2d720fdb-f01e-4d23-934f-b3ca56a19c71"}}
2015-12-25 05:57:58,443 21525 INFO     [tempest.scenario.manager] FloatingIP: &lt;"FloatingIP" addr="172.24.4.4" id="2d720fdb-f01e-4d23-934f-b3ca56a19c71"&gt; is at status: ACTIVE
2015-12-25 05:57:58,443 21525 DEBUG    [tempest.scenario.manager] checking network connections to IP 172.24.4.4 with user: cirros
2015-12-25 05:57:58,443 21525 DEBUG    [tempest.scenario.manager] TestNetworkAdvancedServerOps:test_server_connectivity_pause_unpause begins to ping 172.24.4.4 in 120 sec and the expected result is reachable
2015-12-25 05:59:58,730 21525 DEBUG    [tempest.scenario.manager] TestNetworkAdvancedServerOps:test_server_connectivity_pause_unpause finishes ping 172.24.4.4 in 120 sec and the ping result is unexpected
2015-12-25 05:59:58,731 21525 ERROR    [tempest.scenario.manager] Public network connectivity check failed
2015-12-25 05:59:58.731 21525 ERROR tempest.scenario.manager Traceback (most recent call last):
2015-12-25 05:59:58.731 21525 ERROR tempest.scenario.manager   File "tempest/scenario/manager.py", line 609, in check_public_network_connectivity
2015-12-25 05:59:58.731 21525 ERROR tempest.scenario.manager     should_connect=should_connect)
2015-12-25 05:59:58.731 21525 ERROR tempest.scenario.manager   File "tempest/scenario/manager.py", line 593, in check_vm_connectivity
2015-12-25 05:59:58.731 21525 ERROR tempest.scenario.manager     msg=msg)
2015-12-25 05:59:58.731 21525 ERROR tempest.scenario.manager   File "/usr/local/lib/python2.7/dist-packages/unittest2/case.py", line 702, in assertTrue
2015-12-25 05:59:58.731 21525 ERROR tempest.scenario.manager     raise self.failureException(msg)
2015-12-25 05:59:58.731 21525 ERROR tempest.scenario.manager AssertionError: False is not true : Timed out waiting for 172.24.4.4 to become reachable
2015-12-25 05:59:58.731 21525 ERROR tempest.scenario.manager 
2015-12-25 05:59:58,941 21525 INFO     [tempest_lib.common.rest_client] Request (TestNetworkAdvancedServerOps:test_server_connectivity_pause_unpause): 200 POST http://10.0.2.15:8774/v2.1/345da70498834989b295f0956b8c40be/servers/ad551efa-c79e-4bad-bdec-4117be896a2b/action 0.206s
2015-12-25 05:59:58,942 21525 DEBUG    [tempest_lib.common.rest_client] Request - Headers: {'Content-Type': 'application/json', 'Accept': 'application/json', 'X-Auth-Token': '&lt;omitted&gt;'}
        Body: {"os-getConsoleOutput": {}}
    Response - Headers: {'status': '200', 'content-length': '17429', 'x-compute-request-id': 'req-f4c71daf-1e2c-4c62-ab29-4df164356cde', 'vary': 'X-OpenStack-Nova-API-Version', 'connection': 'close', 'x-openstack-nova-api-version': '2.1', 'date': 'Fri, 25 Dec 2015 05:59:58 GMT', 'content-type': 'application/json'}
        Body: {"output": "[    0.000000] Initializing cgroup subsys cpuset\n[    0.000000] Initializing cgroup subsys cpu\n[    0.000000] Linux version 3.2.0-80-virtual (buildd@batsu) (gcc version 4.6.3 (Ubuntu/Linaro 4.6.3-1ubuntu5) ) #116-Ubuntu SMP Mon Mar 23 17:28:52 UTC 2015 (Ubuntu 3.2.0-80.116-virtual 3.2.68)\n[    0.000000] Command line: root=/dev/vda console=tty0 console=ttyS0 no_timer_check\n[    0.000000] KERNEL supported cpus:\n[    0.000000]   Intel GenuineIntel\n[    0.000000]   AMD AuthenticAMD\n[    0.000000]   Centaur CentaurHauls\n[    0.000000] BIOS-provided physical RAM map:\n[    0.000000]  BIOS-e820: 0000000000000000 - 000000000009fc00 (usable)\n[    0.000000]  BIOS-e820: 000000000009fc00 - 00000000000a0000 (reserved)\n[    0.000000]  BIOS-e820: 00000000000f0000 - 0000000000100000 (reserved)\n[    0.000000]  BIOS-e820: 0000000000100000 - 0000000003ffe000 (usable)\n[    0.000000]  BIOS-e820: 0000000003ffe000 - 0000000004000000 (reserved)\n[    0.000000]  BIOS-e820: 00000000fffc0000 - 0000000100000000 (reserved)\n[    0.000000] NX (Execute Disable) protection: active\n[    0.000000] SMBIOS 2.4 present.\n[    0.000000] No AGP bridge found\n[    0.000000] last_pfn = 0x3ffe max_arch_pfn = 0x400000000\n[    0.000000] x86 PAT enabled: cpu 0, old 0x7040600070406, new 0x7010600070106\n[    0.000000] found SMP MP-table at [ffff8800000f0b00] f0b00\n[    0.000000] init_memory_mapping: 0000000000000000-0000000003ffe000\n[    0.000000] RAMDISK: 03c5e000 - 03ff0000\n[    0.000000] ACPI: RSDP 00000000000f0950 00014 (v00 BOCHS )\n[    0.000000] ACPI: RSDT 0000000003fffbc1 00034 (v01 BOCHS  BXPCRSDT 00000001 BXPC 00000001)\n[    0.000000] ACPI: FACP 0000000003fff1c0 00074 (v01 BOCHS  BXPCFACP 00000001 BXPC 00000001)\n[    0.000000] ACPI: DSDT 0000000003ffe040 01180 (v01 BOCHS  BXPCDSDT 00000001 BXPC 00000001)\n[    0.000000] ACPI: FACS 0000000003ffe000 00040\n[    0.000000] ACPI: SSDT 0000000003fff234 008DD (v01 BOCHS  BXPCSSDT 00000001 BXPC 00000001)\n[    0.000000] ACPI: APIC 0000000003fffb11 00078 (v01 BOCHS  BXPCAPIC 00000001 BXPC 00000001)\n[    0.000000] ACPI: HPET 0000000003fffb89 00038 (v01 BOCHS  BXPCHPET 00000001 BXPC 00000001)\n[    0.000000] No NUMA configuration found\n[    0.000000] Faking a node at 0000000000000000-0000000003ffe000\n[    0.000000] Initmem setup node 0 0000000000000000-0000000003ffe000\n[    0.000000]   NODE_DATA [0000000003ff6000 - 0000000003ffafff]\n[    0.000000] Zone PFN ranges:\n[    0.000000]   DMA      0x00000010 -&gt; 0x00001000\n[    0.000000]   DMA32    0x00001000 -&gt; 0x00100000\n[    0.000000]   Normal   empty\n[    0.000000] Movable zone start PFN for each node\n[    0.000000] early_node_map[2] active PFN ranges\n[    0.000000]     0: 0x00000010 -&gt; 0x0000009f\n[    0.000000]     0: 0x00000100 -&gt; 0x00003ffe\n[    0.000000] ACPI: PM-Timer IO Port: 0xb008\n[    0.000000] ACPI: LAPIC (acpi_id[0x00] lapic_id[0x00] enabled)\n[    0.000000] ACPI: LAPIC_NMI (acpi_id[0xff] dfl dfl lint[0x1])\n[    0.000000] ACPI: IOAPIC (id[0x00] address[0xfec00000] gsi_base[0])\n[    0.000000] IOAPIC[0]: apic_id 0, version 17, address 0xfec00000, GSI 0-23\n[    0.000000] ACPI: INT_SRC_OVR (bus 0 bus_irq 0 global_irq 2 dfl dfl)\n[    0.000000] ACPI: INT_SRC_OVR (bus 0 bus_irq 5 global_irq 5 high level)\n[    0.000000] ACPI: INT_SRC_OVR (bus 0 bus_irq 9 global_irq 9 high level)\n[    0.000000] ACPI: INT_SRC_OVR (bus 0 bus_irq 10 global_irq 10 high level)\n[    0.000000] ACPI: INT_SRC_OVR (bus 0 bus_irq 11 global_irq 11 high level)\n[    0.000000] Using ACPI (MADT) for SMP configuration information\n[    0.000000] ACPI: HPET id: 0x8086a201 base: 0xfed00000\n[    0.000000] SMP: Allowing 1 CPUs, 0 hotplug CPUs\n[    0.000000] PM: Registered nosave memory: 000000000009f000 - 00000000000a0000\n[    0.000000] PM: Registered nosave memory: 00000000000a0000 - 00000000000f0000\n[    0.000000] PM: Registered nosave memory: 00000000000f0000 - 0000000000100000\n[    0.000000] Allocating PCI resources starting at 4000000 (gap: 4000000:fbfc0000)\n[    0.000000] Booting paravirtualized kernel on bare hardware\n[    0.000000] setup_pe
2015-12-25 05:59:58,944 21525 DEBUG    [tempest.scenario.manager] Console output for ad551efa-c79e-4bad-bdec-4117be896a2b
body=
[    0.000000] Initializing cgroup subsys cpuset
[    0.000000] Initializing cgroup subsys cpu
[    0.000000] Linux version 3.2.0-80-virtual (buildd@batsu) (gcc version 4.6.3 (Ubuntu/Linaro 4.6.3-1ubuntu5) ) #116-Ubuntu SMP Mon Mar 23 17:28:52 UTC 2015 (Ubuntu 3.2.0-80.116-virtual 3.2.68)
[    0.000000] Command line: root=/dev/vda console=tty0 console=ttyS0 no_timer_check
[    0.000000] KERNEL supported cpus:
[    0.000000]   Intel GenuineIntel
[    0.000000]   AMD AuthenticAMD
[    0.000000]   Centaur CentaurHauls
[    0.000000] BIOS-provided physical RAM map:
[    0.000000]  BIOS-e820: 0000000000000000 - 000000000009fc00 (usable)
[    0.000000]  BIOS-e820: 000000000009fc00 - 00000000000a0000 (reserved)
[    0.000000]  BIOS-e820: 00000000000f0000 - 0000000000100000 (reserved)
[    0.000000]  BIOS-e820: 0000000000100000 - 0000000003ffe000 (usable)
[    0.000000]  BIOS-e820: 0000000003ffe000 - 0000000004000000 (reserved)
[    0.000000]  BIOS-e820: 00000000fffc0000 - 0000000100000000 (reserved)
[    0.000000] NX (Execute Disable) protection: active
[    0.000000] SMBIOS 2.4 present.
[    0.000000] No AGP bridge found
[    0.000000] last_pfn = 0x3ffe max_arch_pfn = 0x400000000
[    0.000000] x86 PAT enabled: cpu 0, old 0x7040600070406, new 0x7010600070106
[    0.000000] found SMP MP-table at [ffff8800000f0b00] f0b00
[    0.000000] init_memory_mapping: 0000000000000000-0000000003ffe000
[    0.000000] RAMDISK: 03c5e000 - 03ff0000
[    0.000000] ACPI: RSDP 00000000000f0950 00014 (v00 BOCHS )
[    0.000000] ACPI: RSDT 0000000003fffbc1 00034 (v01 BOCHS  BXPCRSDT 00000001 BXPC 00000001)
[    0.000000] ACPI: FACP 0000000003fff1c0 00074 (v01 BOCHS  BXPCFACP 00000001 BXPC 00000001)
[    0.000000] ACPI: DSDT 0000000003ffe040 01180 (v01 BOCHS  BXPCDSDT 00000001 BXPC 00000001)
[    0.000000] ACPI: FACS 0000000003ffe000 00040
[    0.000000] ACPI: SSDT 0000000003fff234 008DD (v01 BOCHS  BXPCSSDT 00000001 BXPC 00000001)
[    0.000000] ACPI: APIC 0000000003fffb11 00078 (v01 BOCHS  BXPCAPIC 00000001 BXPC 00000001)
[    0.000000] ACPI: HPET 0000000003fffb89 00038 (v01 BOCHS  BXPCHPET 00000001 BXPC 00000001)
[    0.000000] No NUMA configuration found
[    0.000000] Faking a node at 0000000000000000-0000000003ffe000
[    0.000000] Initmem setup node 0 0000000000000000-0000000003ffe000
[    0.000000]   NODE_DATA [0000000003ff6000 - 0000000003ffafff]
[    0.000000] Zone PFN ranges:
[    0.000000]   DMA      0x00000010 -&gt; 0x00001000
[    0.000000]   DMA32    0x00001000 -&gt; 0x00100000
[    0.000000]   Normal   empty
[    0.000000] Movable zone start PFN for each node
[    0.000000] early_node_map[2] active PFN ranges
[    0.000000]     0: 0x00000010 -&gt; 0x0000009f
[    0.000000]     0: 0x00000100 -&gt; 0x00003ffe
[    0.000000] ACPI: PM-Timer IO Port: 0xb008
[    0.000000] ACPI: LAPIC (acpi_id[0x00] lapic_id[0x00] enabled)
[    0.000000] ACPI: LAPIC_NMI (acpi_id[0xff] dfl dfl lint[0x1])
[    0.000000] ACPI: IOAPIC (id[0x00] address[0xfec00000] gsi_base[0])
[    0.000000] IOAPIC[0]: apic_id 0, version 17, address 0xfec00000, GSI 0-23
[    0.000000] ACPI: INT_SRC_OVR (bus 0 bus_irq 0 global_irq 2 dfl dfl)
[    0.000000] ACPI: INT_SRC_OVR (bus 0 bus_irq 5 global_irq 5 high level)
[    0.000000] ACPI: INT_SRC_OVR (bus 0 bus_irq 9 global_irq 9 high level)
[    0.000000] ACPI: INT_SRC_OVR (bus 0 bus_irq 10 global_irq 10 high level)
[    0.000000] ACPI: INT_SRC_OVR (bus 0 bus_irq 11 global_irq 11 high level)
[    0.000000] Using ACPI (MADT) for SMP configuration information
[    0.000000] ACPI: HPET id: 0x8086a201 base: 0xfed00000
[    0.000000] SMP: Allowing 1 CPUs, 0 hotplug CPUs
[    0.000000] PM: Registered nosave memory: 000000000009f000 - 00000000000a0000
[    0.000000] PM: Registered nosave memory: 00000000000a0000 - 00000000000f0000
[    0.000000] PM: Registered nosave memory: 00000000000f0000 - 0000000000100000
[    0.000000] Allocating PCI resources starting at 4000000 (gap: 4000000:fbfc0000)
[    0.000000] Booting paravirtualized kernel on bare hardware
[    0.000000] setup_percpu: NR_CPUS:64 nr_cpumask_bits:64 nr_cpu_ids:1 nr_node_ids:1
[    0.000000] PERCPU: Embedded 27 pages/cpu @ffff880003a00000 s78848 r8192 d23552 u2097152
[    0.000000] Built 1 zonelists in Node order, mobility grouping on.  Total pages: 16008
[    0.000000] Policy zone: DMA32
[    0.000000] Kernel command line: root=/dev/vda console=tty0 console=ttyS0 no_timer_check
[    0.000000] PID hash table entries: 256 (order: -1, 2048 bytes)
[    0.000000] Checking aperture...
[    0.000000] No AGP bridge found
[    0.000000] Memory: 43492k/65528k available (6576k kernel code, 452k absent, 21584k reserved, 6620k data, 928k init)
[    0.000000] SLUB: Genslabs=15, HWalign=64, Order=0-3, MinObjects=0, CPUs=1, Nodes=1
[    0.000000] Hierarchical RCU implementation.
[    0.000000] 	RCU dyntick-idle grace-period acceleration is enabled.
[    0.000000] NR_IRQS:4352 nr_irqs:256 16
[    0.000000] Console: colour VGA+ 80x25
[    0.000000] console [tty0] enabled
[    0.000000] console [ttyS0] enabled
[    0.000000] allocated 1048576 bytes of page_cgroup
[    0.000000] please try 'cgroup_disable=memory' option if you don't want memory cgroups
[    0.000000] Fast TSC calibration failed
[    0.000000] TSC: Unable to calibrate against PIT
[    0.000000] TSC: using HPET reference calibration
[    0.000000] Detected 2293.315 MHz processor.
[    0.036261] Calibrating delay loop (skipped), value calculated using timer frequency.. 4586.63 BogoMIPS (lpj=9173260)
[    0.038055] pid_max: default: 32768 minimum: 301
[    0.045557] Security Framework initialized
[    0.049941] AppArmor: AppArmor initialized
[    0.050613] Yama: becoming mindful.
[    0.057552] Dentry cache hash table entries: 8192 (order: 4, 65536 bytes)
[    0.058991] Inode-cache hash table entries: 4096 (order: 3, 32768 bytes)
[    0.060289] Mount-cache hash table entries: 256
[    0.076706] Initializing cgroup subsys cpuacct
[    0.077849] Initializing cgroup subsys memory
[    0.081596] Initializing cgroup subsys devices
[    0.082605] Initializing cgroup subsys freezer
[    0.084186] Initializing cgroup subsys blkio
[    0.085475] Initializing cgroup subsys perf_event
[    0.090675] mce: CPU supports 10 MCE banks
[    0.096380] SMP alternatives: switching to UP code
[    0.572657] Freeing SMP alternatives: 24k freed
[    0.574591] ACPI: Core revision 20110623
[    0.628562] ftrace: allocating 26610 entries in 105 pages
[    0.663308] ..TIMER: vector=0x30 apic1=0 pin1=2 apic2=-1 pin2=-1
[    0.664176] CPU0: AMD QEMU Virtual CPU version 2.0.0 stepping 03
[    0.668041] Performance Events: Broken PMU hardware detected, using software events only.
[    0.676354] NMI watchdog disabled (cpu0): hardware events not enabled
[    0.677969] Brought up 1 CPUs
[    0.678498] Total of 1 processors activated (4586.63 BogoMIPS).
[    0.702431] devtmpfs: initialized
[    0.731270] EVM: security.selinux
[    0.732090] EVM: security.SMACK64
[    0.732539] EVM: security.capability
[    0.753853] print_constraints: dummy: 
[    0.756699] RTC time:  5:57:59, date: 12/25/15
[    0.758907] NET: Registered protocol family 16
[    0.766945] ACPI: bus type pci registered
[    0.776288] PCI: Using configuration type 1 for base access
[    0.806819] bio: create slab &lt;bio-0&gt; at 0
[    0.811301] ACPI: Added _OSI(Module Device)
[    0.812134] ACPI: Added _OSI(Processor Device)
[    0.812770] ACPI: Added _OSI(3.0 _SCP Extensions)
[    0.813552] ACPI: Added _OSI(Processor Aggregator Device)
[    0.892758] ACPI: Interpreter enabled
[    0.893307] ACPI: (supports S0 S3 S4 S5)
[    0.896142] ACPI: Using IOAPIC for interrupt routing
[    0.983343] ACPI: No dock devices found.
[    0.984265] HEST: Table not found.
[    0.985459] PCI: Using host bridge windows from ACPI; if necessary, use "pci=nocrs" and report a bug
[    0.996807] ACPI: PCI Root Bridge [PCI0] (domain 0000 [bus 00-ff])
[    1.003283] pci_root PNP0A03:00: host bridge window [io  0x0000-0x0cf7]
[    1.004160] pci_root PNP0A03:00: host bridge window [io  0x0d00-0xadff]
[    1.004933] pci_root PNP0A03:00: host bridge window [io  0xae0f-0xaeff]
[    1.005733] pci_root PNP0A03:00: host bridge window [io  0xaf20-0xafdf]
[    1.008124] pci_root PNP0A03:00: host bridge window [io  0xafe4-0xffff]
[    1.008988] pci_root PNP0A03:00: host bridge window [mem 0x000a0000-0x000bffff]
[    1.009868] pci_root PNP0A03:00: host bridge window [mem 0x04000000-0xfebfffff]
[    1.033497] pci 0000:00:01.3: quirk: [io  0xb000-0xb03f] claimed by PIIX4 ACPI
[    1.036265] pci 0000:00:01.3: quirk: [io  0xb100-0xb10f] claimed by PIIX4 SMB
[    1.122769]  pci0000:00: Unable to request _OSC control (_OSC support mask: 0x1e)
[    1.197769] ACPI: PCI Interrupt Link [LNKA] (IRQs 5 *10 11)
[    1.200578] ACPI: PCI Interrupt Link [LNKB] (IRQs 5 *10 11)
[    1.202410] ACPI: PCI Interrupt Link [LNKC] (IRQs 5 10 *11)
[    1.204883] ACPI: PCI Interrupt Link [LNKD] (IRQs 5 10 *11)
[    1.206194] ACPI: PCI Interrupt Link [LNKS] (IRQs *9)
[    1.213717] vgaarb: device added: PCI:0000:00:02.0,decodes=io+mem,owns=io+mem,locks=none
[    1.214955] vgaarb: loaded
[    1.215402] vgaarb: bridge control possible 0000:00:02.0
[    1.221089] i2c-core: driver [aat2870] using legacy suspend method
[    1.222601] i2c-core: driver [aat2870] using legacy resume method
[    1.226044] SCSI subsystem initialized
[    1.230451] usbcore: registered new interface driver usbfs
[    1.232599] usbcore: registered new interface driver hub
[    1.234345] usbcore: registered new device driver usb
[    1.240851] PCI: Using ACPI for IRQ routing
[    1.256880] NetLabel: Initializing
[    1.257349] NetLabel:  domain hash size = 128
[    1.257885] NetLabel:  protocols = UNLABELED CIPSOv4
[    1.260153] NetLabel:  unlabeled traffic allowed by default
[    1.262117] HPET: 3 timers in total, 0 timers will be used for per-cpu timer
[    1.263281] hpet0: at MMIO 0xfed00000, IRQs 2, 8, 0
[    1.264530] hpet0: 3 comparators, 64-bit 100.000000 MHz counter
[    1.280784] Switching to clocksource hpet
[    1.546576] AppArmor: AppArmor Filesystem Enabled
[    1.549247] pnp: PnP ACPI init
[    1.550042] ACPI: bus type pnp registered
[    1.573187] pnp: PnP ACPI: found 9 devices
[    1.574064] ACPI: ACPI bus type pnp unregistered
[    1.634131] NET: Registered protocol family 2
[    1.674633] IP route cache hash table entries: 512 (order: 0, 4096 bytes)
[    1.681838] TCP established hash table entries: 2048 (order: 3, 32768 bytes)
[    1.682689] TCP bind hash table entries: 2048 (order: 3, 32768 bytes)
[    1.685696] TCP: Hash tables configured (established 2048 bind 2048)
[    1.686449] TCP reno registered
[    1.686997] UDP hash table entries: 128 (order: 0, 4096 bytes)
[    1.687973] UDP-Lite hash table entries: 128 (order: 0, 4096 bytes)
[    1.691055] NET: Registered protocol family 1
[    1.691932] pci 0000:00:00.0: Limiting direct PCI/PCI transfers
[    1.693351] pci 0000:00:01.0: PIIX3: Enabling Passive Release
[    1.694346] pci 0000:00:01.0: Activating ISA DMA hang workarounds
[    1.699169] ACPI: PCI Interrupt Link [LNKD] enabled at IRQ 11
[    1.699860] pci 0000:00:01.2: PCI INT D -&gt; Link[LNKD] -&gt; GSI 11 (level, high) -&gt; IRQ 11
[    1.702402] pci 0000:00:01.2: PCI INT D disabled
[    1.721664] Trying to unpack rootfs image as initramfs...
[    1.737341] audit: initializing netlink socket (disabled)
[    1.738892] type=2000 audit(1451023079.736:1): initialized
[    1.978839] HugeTLB registered 2 MB page size, pre-allocated 0 pages
[    2.047491] VFS: Disk quotas dquot_6.5.2
[    2.049562] Dquot-cache hash table entries: 512 (order 0, 4096 bytes)
[    2.070152] fuse init (API version 7.17)
[    2.073563] msgmni has been set to 84
[    2.111688] Block layer SCSI generic (bsg) driver version 0.4 loaded (major 253)
[    2.116227] io scheduler noop registered
[    2.118643] io scheduler deadline registered (default)
[    2.120198] io scheduler cfq registered
[    2.123862] pci_hotplug: PCI Hot Plug PCI Core version: 0.5
[    2.126428] pciehp: PCI Express Hot Plug Controller Driver version: 0.4
[    2.131740] input: Power Button as /devices/LNXSYSTM:00/LNXPWRBN:00/input/input0
[    2.134001] ACPI: Power Button [PWRF]
[    2.202896] ERST: Table is not found!
[    2.203627] GHES: HEST is not enabled!
[    2.215465] ACPI: PCI Interrupt Link [LNKC] enabled at IRQ 10
[    2.217726] virtio-pci 0000:00:03.0: PCI INT A -&gt; Link[LNKC] -&gt; GSI 10 (level, high) -&gt; IRQ 10
[    2.219875] virtio-pci 0000:00:04.0: PCI INT A -&gt; Link[LNKD] -&gt; GSI 11 (level, high) -&gt; IRQ 11
[    2.241134] ACPI: PCI Interrupt Link [LNKA] enabled at IRQ 10
[    2.241852] virtio-pci 0000:00:05.0: PCI INT A -&gt; Link[LNKA] -&gt; GSI 10 (level, high) -&gt; IRQ 10
[    2.256022] Serial: 8250/16550 driver, 32 ports, IRQ sharing enabled
[    2.314057] serial8250: ttyS0 at I/O 0x3f8 (irq = 4) is a 16550A
[    2.417708] serial8250: ttyS1 at I/O 0x2f8 (irq = 3) is a 16550A
[    2.552111] 00:05: ttyS0 at I/O 0x3f8 (irq = 4) is a 16550A
[    2.628312] 00:06: ttyS1 at I/O 0x2f8 (irq = 3) is a 16550A
[    2.675714] Linux agpgart interface v0.103
[    2.705836] Refined TSC clocksource calibration: 2293.303 MHz.
[    2.706599] Switching to clocksource tsc
[    2.754101] brd: module loaded
[    2.782499] loop: module loaded
[    2.833685]  vda: unknown partition table
[    2.882933] scsi0 : ata_piix
[    2.893818] scsi1 : ata_piix
[    2.895188] ata1: PATA max MWDMA2 cmd 0x1f0 ctl 0x3f6 bmdma 0xc0a0 irq 14
[    2.896098] ata2: PATA max MWDMA2 cmd 0x170 ctl 0x376 bmdma 0xc0a8 irq 15
[    2.906809] Fixed MDIO Bus: probed
[    2.907630] tun: Universal TUN/TAP device driver, 1.6
[    2.908826] tun: (C) 1999-2004 Max Krasnyansky &lt;maxk@qualcomm.com&gt;
[    2.921958] PPP generic driver version 2.4.2
[    2.943632] ehci_hcd: USB 2.0 'Enhanced' Host Controller (EHCI) Driver
[    2.945385] ohci_hcd: USB 1.1 'Open' Host Controller (OHCI) Driver
[    2.946355] uhci_hcd: USB Universal Host Controller Interface driver
[    2.947374] uhci_hcd 0000:00:01.2: PCI INT D -&gt; Link[LNKD] -&gt; GSI 11 (level, high) -&gt; IRQ 11
[    2.950798] uhci_hcd 0000:00:01.2: UHCI Host Controller
[    2.965567] uhci_hcd 0000:00:01.2: new USB bus registered, assigned bus number 1
[    2.967401] uhci_hcd 0000:00:01.2: irq 11, io base 0x0000c040
[    3.001998] hub 1-0:1.0: USB hub found
[    3.003942] hub 1-0:1.0: 2 ports detected
[    3.013138] usbcore: registered new interface driver libusual
[    3.017046] i8042: PNP: PS/2 Controller [PNP0303:KBD,PNP0f13:MOU] at 0x60,0x64 irq 1,12
[    3.024154] serio: i8042 KBD port at 0x60,0x64 irq 1
[    3.026725] serio: i8042 AUX port at 0x60,0x64 irq 12
[    3.057861] mousedev: PS/2 mouse device common for all mice
[    3.080087] input: AT Translated Set 2 keyboard as /devices/platform/i8042/serio0/input/input1
[    3.085860] rtc_cmos 00:01: RTC can wake from S4
[    3.111162] rtc_cmos 00:01: rtc core: registered rtc_cmos as rtc0
[    3.116032] rtc0: alarms up to one day, 114 bytes nvram, hpet irqs
[    3.122332] device-mapper: uevent: version 1.0.3
[    3.148783] ata2.01: ATAPI: QEMU DVD-ROM, 2.0.0, max UDMA/100
[    3.164522] ata2.01: configured for MWDMA2
[    3.200861] device-mapper: ioctl: 4.22.0-ioctl (2011-10-19) initialised: dm-devel@redhat.com
[    3.205353] cpuidle: using governor ladder
[    3.206692] cpuidle: using governor menu
[    3.208114] EFI Variables Facility v0.08 2004-May-17
[    3.224722] TCP cubic registered
[    3.227895] NET: Registered protocol family 10
[    3.256836] NET: Registered protocol family 17
[    3.258463] Registering the dns_resolver key type
[    3.273203] scsi 1:0:1:0: CD-ROM            QEMU     QEMU DVD-ROM     2.0. PQ: 0 ANSI: 5
[    3.318789] sr0: scsi3-mmc drive: 4x/4x cd/rw xa/form2 tray
[    3.321328] cdrom: Uniform CD-ROM driver Revision: 3.20
[    3.331969] sr 1:0:1:0: Attached scsi generic sg0 type 5
[    3.382633] registered taskstats version 1
[    3.412289] Freeing initrd memory: 3656k freed
[    3.919966]   Magic number: 11:885:972
[    3.939757] rtc_cmos 00:01: setting system clock to 2015-12-25 05:58:02 UTC (1451023082)
[    3.943133] powernow-k8: Processor cpuid 663 not supported
[    3.948044] BIOS EDD facility v0.16 2004-Jun-25, 0 devices found
[    3.950671] EDD information not available.
[    4.022984] Freeing unused kernel memory: 928k freed
[    4.031187] Write protecting the kernel read-only data: 12288k
[    4.155352] Freeing unused kernel memory: 1596k freed
[    4.219253] Freeing unused kernel memory: 1184k freed

info: initramfs: up at 4.40
modprobe: module virtio_blk not found in modules.dep
modprobe: module virtio_net not found in modules.dep
info: copying initramfs to /dev/vda
info: initramfs loading root from /dev/vda
info: /etc/init.d/rc.sysinit: up at 8.92
info: container: none
Starting logging: OK
modprobe: module virtio_blk not found in modules.dep
modprobe: module virtio_net not found in modules.dep
WARN: /etc/rc3.d/S10-load-modules failed
Initializing random number generator... done.
Starting acpid: OK
cirros-ds 'local' up at 11.38
found datasource (configdrive, local)
Starting network...
udhcpc (v1.20.1) started
Sending discover...
Sending discover...

2015-12-25 05:59:59,230 21525 INFO     [tempest_lib.common.rest_client] Request (TestNetworkAdvancedServerOps:_run_cleanups): 204 DELETE http://10.0.2.15:9696/v2.0/floatingips/2d720fdb-f01e-4d23-934f-b3ca56a19c71 0.280s
2015-12-25 05:59:59,231 21525 DEBUG    [tempest_lib.common.rest_client] Request - Headers: {'Content-Type': 'application/json', 'Accept': 'application/json', 'X-Auth-Token': '&lt;omitted&gt;'}
        Body: None
    Response - Headers: {'date': 'Fri, 25 Dec 2015 05:59:59 GMT', 'status': '204', 'connection': 'close', 'content-length': '0', 'x-openstack-request-id': 'req-c1f13955-abfb-4a88-81fd-3d65e7c23b10'}
        Body: 
2015-12-25 05:59:59,466 21525 INFO     [tempest_lib.common.rest_client] Request (TestNetworkAdvancedServerOps:_run_cleanups): 204 DELETE http://10.0.2.15:8774/v2.1/345da70498834989b295f0956b8c40be/servers/ad551efa-c79e-4bad-bdec-4117be896a2b 0.234s
2015-12-25 05:59:59,466 21525 DEBUG    [tempest_lib.common.rest_client] Request - Headers: {'Content-Type': 'application/json', 'Accept': 'application/json', 'X-Auth-Token': '&lt;omitted&gt;'}
        Body: None
    Response - Headers: {'status': '204', 'content-length': '0', 'x-compute-request-id': 'req-0fd31e52-4532-4e29-bdab-a45b22d5b0ed', 'vary': 'X-OpenStack-Nova-API-Version', 'connection': 'close', 'x-openstack-nova-api-version': '2.1', 'date': 'Fri, 25 Dec 2015 05:59:59 GMT', 'content-type': 'application/json'}
        Body: 
2015-12-25 05:59:59,720 21525 INFO     [tempest_lib.common.rest_client] Request (TestNetworkAdvancedServerOps:_run_cleanups): 200 GET http://10.0.2.15:8774/v2.1/345da70498834989b295f0956b8c40be/servers/ad551efa-c79e-4bad-bdec-4117be896a2b 0.253s
2015-12-25 05:59:59,720 21525 DEBUG    [tempest_lib.common.rest_client] Request - Headers: {'Content-Type': 'application/json', 'Accept': 'application/json', 'X-Auth-Token': '&lt;omitted&gt;'}
        Body: None
    Response - Headers: {'status': '200', 'content-length': '1785', 'content-location': 'http://10.0.2.15:8774/v2.1/345da70498834989b295f0956b8c40be/servers/ad551efa-c79e-4bad-bdec-4117be896a2b', 'x-compute-request-id': 'req-4524344d-cc7a-44d7-98ce-d8f021b5abd8', 'vary': 'X-OpenStack-Nova-API-Version', 'connection': 'close', 'x-openstack-nova-api-version': '2.1', 'date': 'Fri, 25 Dec 2015 05:59:59 GMT', 'content-type': 'application/json'}
        Body: {"server": {"status": "ACTIVE", "updated": "2015-12-25T05:59:59Z", "hostId": "f9077c0c85dc01c4da076ab5d22c206578dcb7e509b41f6b30bfc94d", "addresses": {"tempest-network-smoke--1568789276": [{"OS-EXT-IPS-MAC:mac_addr": "fa:16:3e:26:a5:9f", "version": 4, "addr": "10.100.0.3", "OS-EXT-IPS:type": "fixed"}, {"OS-EXT-IPS-MAC:mac_addr": "fa:16:3e:26:a5:9f", "version": 4, "addr": "172.24.4.4", "OS-EXT-IPS:type": "floating"}]}, "links": [{"href": "http://10.0.2.15:8774/v2.1/345da70498834989b295f0956b8c40be/servers/ad551efa-c79e-4bad-bdec-4117be896a2b", "rel": "self"}, {"href": "http://10.0.2.15:8774/345da70498834989b295f0956b8c40be/servers/ad551efa-c79e-4bad-bdec-4117be896a2b", "rel": "bookmark"}], "key_name": "tempest-TestNetworkAdvancedServerOps-1928908167", "image": {"id": "79a170b2-c9cf-4c78-8217-95ce7a3fd46c", "links": [{"href": "http://10.0.2.15:8774/345da70498834989b295f0956b8c40be/images/79a170b2-c9cf-4c78-8217-95ce7a3fd46c", "rel": "bookmark"}]}, "OS-EXT-STS:task_state": "deleting", "OS-EXT-STS:vm_state": "active", "OS-SRV-USG:launched_at": "2015-12-25T05:57:55.000000", "flavor": {"id": "42", "links": [{"href": "http://10.0.2.15:8774/345da70498834989b295f0956b8c40be/flavors/42", "rel": "bookmark"}]}, "id": "ad551efa-c79e-4bad-bdec-4117be896a2b", "security_groups": [{"name": "tempest-secgroup-smoke-710613199"}], "OS-SRV-USG:terminated_at": null, "OS-EXT-AZ:availability_zone": "nova", "user_id": "5eeb5221daff4875bb564383cfb47639", "name": "tempest.common.compute-instance-1836464747", "created": "2015-12-25T05:57:52Z", "tenant_id": "345da70498834989b295f0956b8c40be", "OS-DCF:diskConfig": "MANUAL", "os-extended-volumes:volumes_attached": [], "accessIPv4": "", "accessIPv6": "", "progress": 0, "OS-EXT-STS:power_state": 1, "config_drive": "True", "metadata": {}}}
2015-12-25 06:00:00,901 21525 INFO     [tempest_lib.common.rest_client] Request (TestNetworkAdvancedServerOps:_run_cleanups): 200 GET http://10.0.2.15:8774/v2.1/345da70498834989b295f0956b8c40be/servers/ad551efa-c79e-4bad-bdec-4117be896a2b 0.169s
2015-12-25 06:00:00,902 21525 DEBUG    [tempest_lib.common.rest_client] Request - Headers: {'Content-Type': 'application/json', 'Accept': 'application/json', 'X-Auth-Token': '&lt;omitted&gt;'}
        Body: None
    Response - Headers: {'status': '200', 'content-length': '1450', 'content-location': 'http://10.0.2.15:8774/v2.1/345da70498834989b295f0956b8c40be/servers/ad551efa-c79e-4bad-bdec-4117be896a2b', 'x-compute-request-id': 'req-b273d1a7-fdb5-4d24-9967-6b9c178ec9f1', 'vary': 'X-OpenStack-Nova-API-Version', 'connection': 'close', 'x-openstack-nova-api-version': '2.1', 'date': 'Fri, 25 Dec 2015 06:00:00 GMT', 'content-type': 'application/json'}
        Body: {"server": {"status": "ACTIVE", "updated": "2015-12-25T06:00:00Z", "hostId": "f9077c0c85dc01c4da076ab5d22c206578dcb7e509b41f6b30bfc94d", "addresses": {}, "links": [{"href": "http://10.0.2.15:8774/v2.1/345da70498834989b295f0956b8c40be/servers/ad551efa-c79e-4bad-bdec-4117be896a2b", "rel": "self"}, {"href": "http://10.0.2.15:8774/345da70498834989b295f0956b8c40be/servers/ad551efa-c79e-4bad-bdec-4117be896a2b", "rel": "bookmark"}], "key_name": "tempest-TestNetworkAdvancedServerOps-1928908167", "image": {"id": "79a170b2-c9cf-4c78-8217-95ce7a3fd46c", "links": [{"href": "http://10.0.2.15:8774/345da70498834989b295f0956b8c40be/images/79a170b2-c9cf-4c78-8217-95ce7a3fd46c", "rel": "bookmark"}]}, "OS-EXT-STS:task_state": "deleting", "OS-EXT-STS:vm_state": "active", "OS-SRV-USG:launched_at": "2015-12-25T05:57:55.000000", "flavor": {"id": "42", "links": [{"href": "http://10.0.2.15:8774/345da70498834989b295f0956b8c40be/flavors/42", "rel": "bookmark"}]}, "id": "ad551efa-c79e-4bad-bdec-4117be896a2b", "OS-SRV-USG:terminated_at": null, "OS-EXT-AZ:availability_zone": "nova", "user_id": "5eeb5221daff4875bb564383cfb47639", "name": "tempest.common.compute-instance-1836464747", "created": "2015-12-25T05:57:52Z", "tenant_id": "345da70498834989b295f0956b8c40be", "OS-DCF:diskConfig": "MANUAL", "os-extended-volumes:volumes_attached": [], "accessIPv4": "", "accessIPv6": "", "progress": 0, "OS-EXT-STS:power_state": 1, "config_drive": "True", "metadata": {}}}
2015-12-25 06:00:01,998 21525 INFO     [tempest_lib.common.rest_client] Request (TestNetworkAdvancedServerOps:_run_cleanups): 404 GET http://10.0.2.15:8774/v2.1/345da70498834989b295f0956b8c40be/servers/ad551efa-c79e-4bad-bdec-4117be896a2b 0.081s
2015-12-25 06:00:01,999 21525 DEBUG    [tempest_lib.common.rest_client] Request - Headers: {'Content-Type': 'application/json', 'Accept': 'application/json', 'X-Auth-Token': '&lt;omitted&gt;'}
        Body: None
    Response - Headers: {'status': '404', 'content-length': '111', 'x-compute-request-id': 'req-02bb3562-c028-4016-bc99-258a01323234', 'vary': 'X-OpenStack-Nova-API-Version', 'connection': 'close', 'x-openstack-nova-api-version': '2.1', 'date': 'Fri, 25 Dec 2015 06:00:01 GMT', 'content-type': 'application/json; charset=UTF-8'}
        Body: {"itemNotFound": {"message": "Instance ad551efa-c79e-4bad-bdec-4117be896a2b could not be found.", "code": 404}}
2015-12-25 06:00:02,516 21525 INFO     [tempest_lib.common.rest_client] Request (TestNetworkAdvancedServerOps:_run_cleanups): 200 PUT http://10.0.2.15:9696/v2.0/routers/a30765b5-6e57-4ca3-b7ae-59c0c4938a62/remove_router_interface 0.516s
2015-12-25 06:00:02,517 21525 DEBUG    [tempest_lib.common.rest_client] Request - Headers: {'Content-Type': 'application/json', 'Accept': 'application/json', 'X-Auth-Token': '&lt;omitted&gt;'}
        Body: {"subnet_id": "34146694-99c9-4eb0-8753-c51b0317a602"}
    Response - Headers: {'status': '200', 'content-length': '255', 'connection': 'close', 'date': 'Fri, 25 Dec 2015 06:00:02 GMT', 'content-type': 'application/json; charset=UTF-8', 'x-openstack-request-id': 'req-717c8685-adb9-49aa-b58c-b3ae137abf8e'}
        Body: {"subnet_id": "34146694-99c9-4eb0-8753-c51b0317a602", "tenant_id": "345da70498834989b295f0956b8c40be", "subnet_ids": ["34146694-99c9-4eb0-8753-c51b0317a602"], "port_id": "2a1df69a-0e3e-425f-a2f9-3ce2adcab5cd", "id": "a30765b5-6e57-4ca3-b7ae-59c0c4938a62"}
2015-12-25 06:00:02,939 21525 INFO     [tempest_lib.common.rest_client] Request (TestNetworkAdvancedServerOps:_run_cleanups): 204 DELETE http://10.0.2.15:9696/v2.0/subnets/34146694-99c9-4eb0-8753-c51b0317a602 0.422s
2015-12-25 06:00:02,940 21525 DEBUG    [tempest_lib.common.rest_client] Request - Headers: {'Content-Type': 'application/json', 'Accept': 'application/json', 'X-Auth-Token': '&lt;omitted&gt;'}
        Body: None
    Response - Headers: {'date': 'Fri, 25 Dec 2015 06:00:02 GMT', 'status': '204', 'connection': 'close', 'content-length': '0', 'x-openstack-request-id': 'req-a82c17f9-0e40-4d72-b0f1-d42b7e575dca'}
        Body: 
2015-12-25 06:00:03,000 21525 INFO     [tempest_lib.common.rest_client] Request (TestNetworkAdvancedServerOps:_run_cleanups): 200 GET http://10.0.2.15:9696/v2.0/routers/a30765b5-6e57-4ca3-b7ae-59c0c4938a62 0.059s
2015-12-25 06:00:03,000 21525 DEBUG    [tempest_lib.common.rest_client] Request - Headers: {'Content-Type': 'application/json', 'Accept': 'application/json', 'X-Auth-Token': '&lt;omitted&gt;'}
        Body: None
    Response - Headers: {'status': '200', 'content-length': '563', 'content-location': 'http://10.0.2.15:9696/v2.0/routers/a30765b5-6e57-4ca3-b7ae-59c0c4938a62', 'connection': 'close', 'date': 'Fri, 25 Dec 2015 06:00:02 GMT', 'content-type': 'application/json; charset=UTF-8', 'x-openstack-request-id': 'req-ae04862f-a6d1-40d8-926c-54e5ac94215d'}
        Body: {"router": {"status": "ACTIVE", "external_gateway_info": {"network_id": "385c9b23-20cf-4387-aa70-526caaafb825", "enable_snat": true, "external_fixed_ips": [{"subnet_id": "4925dfb1-c7a0-4160-a207-cb110bb93efc", "ip_address": "172.24.4.3"}, {"subnet_id": "a476bd8c-ada8-4690-9e79-dcedb78cdae9", "ip_address": "2001:db8::3"}]}, "availability_zone_hints": [], "availability_zones": ["nova"], "name": "tempest-router-smoke-767334714", "admin_state_up": true, "tenant_id": "345da70498834989b295f0956b8c40be", "routes": [], "id": "a30765b5-6e57-4ca3-b7ae-59c0c4938a62"}}
2015-12-25 06:00:03,421 21525 INFO     [tempest_lib.common.rest_client] Request (TestNetworkAdvancedServerOps:_run_cleanups): 200 PUT http://10.0.2.15:9696/v2.0/routers/a30765b5-6e57-4ca3-b7ae-59c0c4938a62 0.420s
2015-12-25 06:00:03,422 21525 DEBUG    [tempest_lib.common.rest_client] Request - Headers: {'Content-Type': 'application/json', 'Accept': 'application/json', 'X-Auth-Token': '&lt;omitted&gt;'}
        Body: {"router": {"external_gateway_info": {}, "name": "tempest-router-smoke-767334714", "admin_state_up": true}}
    Response - Headers: {'status': '200', 'content-length': '301', 'connection': 'close', 'date': 'Fri, 25 Dec 2015 06:00:03 GMT', 'content-type': 'application/json; charset=UTF-8', 'x-openstack-request-id': 'req-f98b4b32-f5aa-4a2c-87be-ae6904dee441'}
        Body: {"router": {"status": "ACTIVE", "external_gateway_info": null, "availability_zone_hints": [], "availability_zones": ["nova"], "name": "tempest-router-smoke-767334714", "admin_state_up": true, "tenant_id": "345da70498834989b295f0956b8c40be", "routes": [], "id": "a30765b5-6e57-4ca3-b7ae-59c0c4938a62"}}
2015-12-25 06:00:03,659 21525 INFO     [tempest_lib.common.rest_client] Request (TestNetworkAdvancedServerOps:_run_cleanups): 204 DELETE http://10.0.2.15:9696/v2.0/routers/a30765b5-6e57-4ca3-b7ae-59c0c4938a62 0.236s
2015-12-25 06:00:03,661 21525 DEBUG    [tempest_lib.common.rest_client] Request - Headers: {'Content-Type': 'application/json', 'Accept': 'application/json', 'X-Auth-Token': '&lt;omitted&gt;'}
        Body: None
    Response - Headers: {'date': 'Fri, 25 Dec 2015 06:00:03 GMT', 'status': '204', 'connection': 'close', 'content-length': '0', 'x-openstack-request-id': 'req-b229944a-ee53-4b15-83d8-47e2f27fe4f6'}
        Body: 
2015-12-25 06:00:03,983 21525 INFO     [tempest_lib.common.rest_client] Request (TestNetworkAdvancedServerOps:_run_cleanups): 204 DELETE http://10.0.2.15:9696/v2.0/networks/55b25781-2c29-4229-9525-f6c0066a9933 0.322s
2015-12-25 06:00:03,984 21525 DEBUG    [tempest_lib.common.rest_client] Request - Headers: {'Content-Type': 'application/json', 'Accept': 'application/json', 'X-Auth-Token': '&lt;omitted&gt;'}
        Body: None
    Response - Headers: {'date': 'Fri, 25 Dec 2015 06:00:03 GMT', 'status': '204', 'connection': 'close', 'content-length': '0', 'x-openstack-request-id': 'req-0c306e7f-0f58-4b39-ae6f-d5f8a29f4923'}
        Body: 
2015-12-25 06:00:04,045 21525 INFO     [tempest_lib.common.rest_client] Request (TestNetworkAdvancedServerOps:_run_cleanups): 204 DELETE http://10.0.2.15:9696/v2.0/security-group-rules/06a946d0-5a8d-42ea-bc94-e346a06c5bf9 0.060s
2015-12-25 06:00:04,046 21525 DEBUG    [tempest_lib.common.rest_client] Request - Headers: {'Content-Type': 'application/json', 'Accept': 'application/json', 'X-Auth-Token': '&lt;omitted&gt;'}
        Body: None
    Response - Headers: {'date': 'Fri, 25 Dec 2015 06:00:04 GMT', 'status': '204', 'connection': 'close', 'content-length': '0', 'x-openstack-request-id': 'req-4c209024-c164-4d15-ade8-b4f7599d1265'}
        Body: 
2015-12-25 06:00:04,097 21525 INFO     [tempest_lib.common.rest_client] Request (TestNetworkAdvancedServerOps:_run_cleanups): 204 DELETE http://10.0.2.15:9696/v2.0/security-group-rules/4f12a6b6-fa3b-49a6-9520-8a8c78945f55 0.051s
2015-12-25 06:00:04,098 21525 DEBUG    [tempest_lib.common.rest_client] Request - Headers: {'Content-Type': 'application/json', 'Accept': 'application/json', 'X-Auth-Token': '&lt;omitted&gt;'}
        Body: None
    Response - Headers: {'date': 'Fri, 25 Dec 2015 06:00:04 GMT', 'status': '204', 'connection': 'close', 'content-length': '0', 'x-openstack-request-id': 'req-5f321ef2-9c05-4668-acb5-52bf8af411d9'}
        Body: 
2015-12-25 06:00:04,158 21525 INFO     [tempest_lib.common.rest_client] Request (TestNetworkAdvancedServerOps:_run_cleanups): 204 DELETE http://10.0.2.15:9696/v2.0/security-group-rules/a84118b6-2b84-49e5-842b-0a50a1e82e12 0.059s
2015-12-25 06:00:04,158 21525 DEBUG    [tempest_lib.common.rest_client] Request - Headers: {'Content-Type': 'application/json', 'Accept': 'application/json', 'X-Auth-Token': '&lt;omitted&gt;'}
        Body: None
    Response - Headers: {'date': 'Fri, 25 Dec 2015 06:00:04 GMT', 'status': '204', 'connection': 'close', 'content-length': '0', 'x-openstack-request-id': 'req-e9dfdbfb-f2e8-4464-8914-300075dfe976'}
        Body: 
2015-12-25 06:00:04,224 21525 INFO     [tempest_lib.common.rest_client] Request (TestNetworkAdvancedServerOps:_run_cleanups): 204 DELETE http://10.0.2.15:9696/v2.0/security-group-rules/25642aa5-7b2d-4d3b-9248-fee92fd597ba 0.065s
2015-12-25 06:00:04,225 21525 DEBUG    [tempest_lib.common.rest_client] Request - Headers: {'Content-Type': 'application/json', 'Accept': 'application/json', 'X-Auth-Token': '&lt;omitted&gt;'}
        Body: None
    Response - Headers: {'date': 'Fri, 25 Dec 2015 06:00:04 GMT', 'status': '204', 'connection': 'close', 'content-length': '0', 'x-openstack-request-id': 'req-dd01d5ef-5c55-4b7f-9bf7-3245fc14a0fa'}
        Body: 
2015-12-25 06:00:04,283 21525 INFO     [tempest_lib.common.rest_client] Request (TestNetworkAdvancedServerOps:_run_cleanups): 204 DELETE http://10.0.2.15:9696/v2.0/security-group-rules/53044fae-1339-4b94-89bb-bf4328ae4efc 0.057s
2015-12-25 06:00:04,283 21525 DEBUG    [tempest_lib.common.rest_client] Request - Headers: {'Content-Type': 'application/json', 'Accept': 'application/json', 'X-Auth-Token': '&lt;omitted&gt;'}
        Body: None
    Response - Headers: {'date': 'Fri, 25 Dec 2015 06:00:04 GMT', 'status': '204', 'connection': 'close', 'content-length': '0', 'x-openstack-request-id': 'req-6329cee7-0db0-4433-a310-deb3ce042b3b'}
        Body: 
2015-12-25 06:00:04,344 21525 INFO     [tempest_lib.common.rest_client] Request (TestNetworkAdvancedServerOps:_run_cleanups): 204 DELETE http://10.0.2.15:9696/v2.0/security-group-rules/d185c45a-dfc4-4910-baef-f563e5dab830 0.060s
2015-12-25 06:00:04,345 21525 DEBUG    [tempest_lib.common.rest_client] Request - Headers: {'Content-Type': 'application/json', 'Accept': 'application/json', 'X-Auth-Token': '&lt;omitted&gt;'}
        Body: None
    Response - Headers: {'date': 'Fri, 25 Dec 2015 06:00:04 GMT', 'status': '204', 'connection': 'close', 'content-length': '0', 'x-openstack-request-id': 'req-7650ce1c-7e95-41e8-b30f-62446ba7bc5b'}
        Body: 
2015-12-25 06:00:04,432 21525 INFO     [tempest_lib.common.rest_client] Request (TestNetworkAdvancedServerOps:_run_cleanups): 204 DELETE http://10.0.2.15:9696/v2.0/security-groups/daa69f72-16bf-42ec-8cb8-de77a345af54 0.087s
2015-12-25 06:00:04,433 21525 DEBUG    [tempest_lib.common.rest_client] Request - Headers: {'Content-Type': 'application/json', 'Accept': 'application/json', 'X-Auth-Token': '&lt;omitted&gt;'}
        Body: None
    Response - Headers: {'date': 'Fri, 25 Dec 2015 06:00:04 GMT', 'status': '204', 'connection': 'close', 'content-length': '0', 'x-openstack-request-id': 'req-0ee5f74b-705e-4c60-aa01-d906f0aa05eb'}
        Body: 
2015-12-25 06:00:04,458 21525 INFO     [tempest_lib.common.rest_client] Request (TestNetworkAdvancedServerOps:_run_cleanups): 202 DELETE http://10.0.2.15:8774/v2.1/345da70498834989b295f0956b8c40be/os-keypairs/tempest-TestNetworkAdvancedServerOps-1928908167 0.023s
2015-12-25 06:00:04,458 21525 DEBUG    [tempest_lib.common.rest_client] Request - Headers: {'Content-Type': 'application/json', 'Accept': 'application/json', 'X-Auth-Token': '&lt;omitted&gt;'}
        Body: None
    Response - Headers: {'status': '202', 'content-length': '0', 'x-compute-request-id': 'req-40ea564a-ce78-4fd3-a523-dc3a96018acc', 'vary': 'X-OpenStack-Nova-API-Version', 'connection': 'close', 'x-openstack-nova-api-version': '2.1', 'date': 'Fri, 25 Dec 2015 06:00:04 GMT', 'content-type': 'application/json'}
        Body: 
2015-12-25 06:00:04,548 21525 INFO     [tempest_lib.common.rest_client] Request (TestNetworkAdvancedServerOps:_run_cleanups): 404 GET http://10.0.2.15:8774/v2.1/345da70498834989b295f0956b8c40be/servers/ad551efa-c79e-4bad-bdec-4117be896a2b 0.088s
2015-12-25 06:00:04,548 21525 DEBUG    [tempest_lib.common.rest_client] Request - Headers: {'Content-Type': 'application/json', 'Accept': 'application/json', 'X-Auth-Token': '&lt;omitted&gt;'}
        Body: None
    Response - Headers: {'status': '404', 'content-length': '111', 'x-compute-request-id': 'req-f86b6417-109a-4acb-ada7-710e3ba19f89', 'vary': 'X-OpenStack-Nova-API-Version', 'connection': 'close', 'x-openstack-nova-api-version': '2.1', 'date': 'Fri, 25 Dec 2015 06:00:04 GMT', 'content-type': 'application/json; charset=UTF-8'}
        Body: {"itemNotFound": {"message": "Instance ad551efa-c79e-4bad-bdec-4117be896a2b could not be found.", "code": 404}}
}}}

Traceback (most recent call last):
  File "tempest/test.py", line 113, in wrapper
    return f(self, *func_args, **func_kwargs)
  File "tempest/scenario/test_network_advanced_server_ops.py", line 134, in test_server_connectivity_pause_unpause
    server, keypair, floating_ip = self._setup_network_and_servers()
  File "tempest/scenario/test_network_advanced_server_ops.py", line 71, in _setup_network_and_servers
    server, keypair, floating_ip)
  File "tempest/scenario/test_network_advanced_server_ops.py", line 95, in _wait_server_status_and_check_network_connectivity
    self._check_network_connectivity(server, keypair, floating_ip)
  File "tempest/scenario/test_network_advanced_server_ops.py", line 88, in _check_network_connectivity
    servers=[server])
  File "tempest/scenario/manager.py", line 609, in check_public_network_connectivity
    should_connect=should_connect)
  File "tempest/scenario/manager.py", line 593, in check_vm_connectivity
    msg=msg)
  File "/usr/local/lib/python2.7/dist-packages/unittest2/case.py", line 702, in assertTrue
    raise self.failureException(msg)
AssertionError: False is not true : Timed out waiting for 172.24.4.4 to become reachable



        </pre>
    </div>
    <!--css div popup end-->

    </td>
</tr>

<tr id='ft1.2' class='none'>
    <td class='failCase'><div class='testcase'>test_server_connectivity_reboot[compute,id-7b6860c2-afa3-4846-9522-adeb38dfbe08,network]</div></td>
    <td colspan='7' align='left'>

    <!--css div popup start-->
    <a class="popup_link" onfocus='this.blur();'
    href="javascript:showTestDetail('div_ft1.2')" >
        fail</a>

    <div id='div_ft1.2' class="popup_window">
        <div style='text-align: right; color:red;cursor:pointer'>
        <a onfocus='this.blur();'
onclick="document.getElementById('div_ft1.2').style.display = 'none' " >
           [x]</a>
        </div>
        <pre>
        
ft1.2: tempest.scenario.test_network_advanced_server_ops.TestNetworkAdvancedServerOps.test_server_connectivity_reboot[compute,id-7b6860c2-afa3-4846-9522-adeb38dfbe08,network]_StringException: Empty attachments:
  stderr
  stdout

