<?xml version="1.0" encoding="UTF-8"?>
<!DOCTYPE html PUBLIC "-//W3C//DTD XHTML 1.0 Strict//EN"
     "http://www.w3.org/TR/xhtml1/DTD/xhtml1-strict.dtd">
<html xmlns="http://www.w3.org/1999/xhtml">
<head>
    <title>Unit Test Report</title>
    <meta name="generator" content="subunit2html 0.1"/>
    <meta http-equiv="Content-Type" content="text/html; charset=UTF-8"/>
    
<style type="text/css" media="screen">
body        { font-family: verdana, arial, helvetica, sans-serif;
    font-size: 80%; }
table       { font-size: 100%; width: 100%;}
pre         { font-size: 80%; }

/* -- heading -------------------------------------------------------------- */
h1 {
        font-size: 16pt;
        color: gray;
}
.heading {
    margin-top: 0ex;
    margin-bottom: 1ex;
}

.heading .attribute {
    margin-top: 1ex;
    margin-bottom: 0;
}

.heading .description {
    margin-top: 4ex;
    margin-bottom: 6ex;
}

/* -- css div popup -------------------------------------------------------- */
a.popup_link {
}

a.popup_link:hover {
    color: red;
}

.popup_window {
    display: none;
    overflow-x: scroll;
    /*border: solid #627173 1px; */
    padding: 10px;
    background-color: #E6E6D6;
    font-family: "Ubuntu Mono", "Lucida Console", "Courier New", monospace;
    text-align: left;
    font-size: 8pt;
}

}
/* -- report --------------------------------------------------------------- */
#show_detail_line {
    margin-top: 3ex;
    margin-bottom: 1ex;
}
#result_table {
    width: 100%;
    border-collapse: collapse;
    border: 1px solid #777;
}
#header_row {
    font-weight: bold;
    color: white;
    background-color: #777;
}
#result_table td {
    border: 1px solid #777;
    padding: 2px;
}
#total_row  { font-weight: bold; }
.passClass  { background-color: #6c6; }
.failClass  { background-color: #c60; }
.errorClass { background-color: #c00; }
.passCase   { color: #6c6; }
.failCase   { color: #c60; font-weight: bold; }
.errorCase  { color: #c00; font-weight: bold; }
.hiddenRow  { display: none; }
.testcase   { margin-left: 2em; }
td.testname {width: 40%}
td.small {width: 40px}

/* -- ending --------------------------------------------------------------- */
#ending {
}

</style>

</head>
<body>
<script language="javascript" type="text/javascript"><!--
output_list = Array();

/* level - 0:Summary; 1:Failed; 2:All */
function showCase(level) {
    trs = document.getElementsByTagName("tr");
    for (var i = 0; i < trs.length; i++) {
        tr = trs[i];
        id = tr.id;
        if (id.substr(0,2) == 'ft') {
            if (level < 1) {
                tr.className = 'hiddenRow';
            }
            else {
                tr.className = '';
            }
        }
        if (id.substr(0,2) == 'pt') {
            if (level > 1) {
                tr.className = '';
            }
            else {
                tr.className = 'hiddenRow';
            }
        }
    }
}


function showClassDetail(cid, count) {
    var id_list = Array(count);
    var toHide = 1;
    for (var i = 0; i < count; i++) {
        tid0 = 't' + cid.substr(1) + '.' + (i+1);
        tid = 'f' + tid0;
        tr = document.getElementById(tid);
        if (!tr) {
            tid = 'p' + tid0;
            tr = document.getElementById(tid);
        }
        id_list[i] = tid;
        if (tr.className) {
            toHide = 0;
        }
    }
    for (var i = 0; i < count; i++) {
        tid = id_list[i];
        if (toHide) {
            document.getElementById('div_'+tid).style.display = 'none'
            document.getElementById(tid).className = 'hiddenRow';
        }
        else {
            document.getElementById(tid).className = '';
        }
    }
}


function showTestDetail(div_id){
    var details_div = document.getElementById(div_id)
    var displayState = details_div.style.display
    // alert(displayState)
    if (displayState != 'block' ) {
        displayState = 'block'
        details_div.style.display = 'block'
    }
    else {
        details_div.style.display = 'none'
    }
}


function html_escape(s) {
    s = s.replace(/&/g,'&amp;');
    s = s.replace(/</g,'&lt;');
    s = s.replace(/>/g,'&gt;');
    return s;
}

/* obsoleted by detail in <div>
function showOutput(id, name) {
    var w = window.open("", //url
                    name,
                    "resizable,scrollbars,status,width=800,height=450");
    d = w.document;
    d.write("<pre>");
    d.write(html_escape(output_list[id]));
    d.write("\n");
    d.write("<a href='javascript:window.close()'>close</a>\n");
    d.write("</pre>\n");
    d.close();
}
*/
--></script>

<div class='heading'>
<h1>Unit Test Report</h1>

<p class='attribute'><strong>Status:</strong> Failure 6</p>

<p class='description'></p>
</div>



<p id='show_detail_line'>Show
<a href='javascript:showCase(0)'>Summary</a>
<a href='javascript:showCase(1)'>Failed</a>
<a href='javascript:showCase(2)'>All</a>
</p>
<table id='result_table'>
<colgroup>
<col align='left' />
<col align='right' />
<col align='right' />
<col align='right' />
<col align='right' />
<col align='right' />
<col align='right' />
<col align='right' />
</colgroup>
<tr id='header_row'>
    <td>Test Group/Test case</td>
    <td>Count</td>
    <td>Pass</td>
    <td>Fail</td>
    <td>Error</td>
    <td>Skip</td>
    <td>View</td>
    <td> </td>
</tr>

<tr class='failClass'>
    <td class="testname">tempest.scenario.test_network_advanced_server_ops.TestNetworkAdvancedServerOps</td>
    <td class="small">6</td>
    <td class="small">0</td>
    <td class="small">6</td>
    <td class="small">0</td>
    <td class="small">0</td>
    <td class="small"><a href="javascript:showClassDetail('c1',6)"
>Detail</a></td>
    <td> </td>
</tr>

<tr id='ft1.1' class='none'>
    <td class='failCase'><div class='testcase'>test_server_connectivity_pause_unpause[compute,id-2b2642db-6568-4b35-b812-eceed3fa20ce,network]</div></td>
    <td colspan='7' align='left'>

    <!--css div popup start-->
    <a class="popup_link" onfocus='this.blur();'
    href="javascript:showTestDetail('div_ft1.1')" >
        fail</a>

    <div id='div_ft1.1' class="popup_window">
        <div style='text-align: right; color:red;cursor:pointer'>
        <a onfocus='this.blur();'
onclick="document.getElementById('div_ft1.1').style.display = 'none' " >
           [x]</a>
        </div>
        <pre>
        
ft1.1: tempest.scenario.test_network_advanced_server_ops.TestNetworkAdvancedServerOps.test_server_connectivity_pause_unpause[compute,id-2b2642db-6568-4b35-b812-eceed3fa20ce,network]_StringException: Empty attachments:
  stderr
  stdout

pythonlogging:'': {{{
2015-12-16 14:32:08,633 25372 INFO     [tempest_lib.common.rest_client] Request (TestNetworkAdvancedServerOps:test_server_connectivity_pause_unpause): 200 POST http://10.0.2.15:8774/v2.1/aef49c3353cb495c9c927dc191718b0c/os-keypairs 0.311s
2015-12-16 14:32:08,633 25372 DEBUG    [tempest_lib.common.rest_client] Request - Headers: {'Content-Type': 'application/json', 'Accept': 'application/json', 'X-Auth-Token': '&lt;omitted&gt;'}
        Body: {"keypair": {"name": "tempest-TestNetworkAdvancedServerOps-1831770187"}}
    Response - Headers: {'status': '200', 'content-length': '2334', 'x-compute-request-id': 'req-07418e3e-5df8-4b04-9be4-940f73bcbe6e', 'vary': 'X-OpenStack-Nova-API-Version', 'connection': 'close', 'x-openstack-nova-api-version': '2.1', 'date': 'Wed, 16 Dec 2015 14:32:08 GMT', 'content-type': 'application/json'}
        Body: {"keypair": {"public_key": "ssh-rsa AAAAB3NzaC1yc2EAAAADAQABAAABAQCd7lL+pzw0lNOZg/ZwVxAx98LrkgxQJcVOi2r85O14Sx3pMOsPR2EiX9Nhw9eH2uCuxOBY1wWYiIAU2T2nARBY3Czl/yoSTzH0wAluM4ziOCojf7WCCe73Vj7s8rkqXYk+RcQhQ3WyY3P6Ub5RZOeVAZU/VTQRwsPjYApG6h1zFVSIg4kd5IuEBzZsPbNbCabp7cJCniFv8/JQOkj+Mm3Ea8sp5NVe9pE+bY4Vp487QZNEX2wjC2ah6OxSVc+rkknpBRHmP9dCh9j/857c9S8oKuhVJ4SLGlXMKaoD9uZYEqfOxciUHFqiPI94+X+cZ3ITxYNmGs4dHEOAp93fPZjh Generated-by-Nova", "private_key": "-----BEGIN RSA PRIVATE KEY-----\nMIIEqgIBAAKCAQEAne5S/qc8NJTTmYP2cFcQMffC65IMUCXFTotq/OTteEsd6TDr\nD0dhIl/TYcPXh9rgrsTgWNcFmIiAFNk9pwEQWNws5f8qEk8x9MAJbjOM4jgqI3+1\nggnu91Y+7PK5Kl2JPkXEIUN1smNz+lG+UWTnlQGVP1U0EcLD42AKRuodcxVUiIOJ\nHeSLhAc2bD2zWwmm6e3CQp4hb/PyUDpI/jJtxGvLKeTVXvaRPm2OFaePO0GTRF9s\nIwtmoejsUlXPq5JJ6QUR5j/XQofY//Oe3PUvKCroVSeEixpVzCmqA/bmWBKnzsXI\nlBxaojyPePl/nGdyE8WDZhrOHRxDgKfd3z2Y4QIDAQABAoIBAQCUHQobJ45QJe+Y\n/ujljNF0e0+EDJGdrP6xXhF1oeGQOqqPo0AgMSpIyaP+AWSmVcD4R028I9RsrD+q\nzd6DPH0vSTaWcUrspvdL+boebxxGoLPsXP5GObiyoGEdabn8oIJxM47wP0snhRwk\n+/rIbSC/Xx+wqODPc2CxYsXgofoCjdh8WxBxaqEDeaZu2E3omKvyQESPp0P9+fL7\nGxAF3moUc234972QoT6s2CDTWRlyOWKUZuhRb1X2cpCTetCeEpyW/dankMQCeMe3\noJj3vGWmlE6UxXKF0AQ3tTh1GT4eJXG3fkES/BBTjjxiutC5KHGewRQIzfI6Vgnu\ngILZ0rgBAoIAgQC1hy95wmiZPYAh3oo1EnPv7XCNE10qZHKgnLVbSwH1SLrUBihy\nkQuCcN4zi0YViB5nmChaEXIWAM2mISxtxd/kL15jpmKGNiLZLcL6vmVtBTKMUmHt\nDwTTOO/rjK18QL+7a7HNdoDR8jGOsF63j6OrFE8LOv4sfblsad4GUuPLoQKCAIEA\n3rjfwA0899omF4vR0gpDmgKMZg/8rfeVbJ6/Z/VpqGQLOLR+0bx9/1RH/GYYO5rg\nV56hc+fbjQ6/I0NlFawOE7MAdgXjfbW6VD3ug2wBjCcaJFXj/uyPfUDUX3iVV+rI\nucbtpJWlN22R1x/VaFkqJOQevqrheWQB2KHMDEs0xUECggCAFb+4pHHybkm8DFLJ\nZEptsZVVItHrG6UlRrD/2YxHE8g++iAywGc4Zcx4Etzg7Lt+SRMl4oSsko5OFVVs\nKUrH5GL4gB/zNflOe47MCZa+OC2jPMSyDuD5xwTPWf1k27o2PpJMnz1Pedf2sA3Z\ni0yeY2Tvg3zx7wqxKJgWjdNoj4ECggCBAITOiqVzf2Jv030A48myUyM3185YRBzc\nYF6XvpzX6vv9Q++5OVIJarxg3lfz7QlFzfaRYcbCf9l57KGzY0hsAyzd9S1rT367\naXMoRtxZAAc5nc4C5WQyXVGb4cdYGP2Gw9B7fWNB1HXbwTYdBl0lpgq/eFHLhY2k\nA7HQsOK3yazBAoIAgQCvSCZ6v7P2Ezk2sDc9BH30pmpPhYLTTwK8+OOzeEONlSjS\nRkiuaWA0BCkPYoXrI3WYk1q6lmoHYixP1LlZYmIkobJB+7urPpuzdrGwoexVT84e\nYxRrZM4TCOHcCVJ78mdaFtdzeRf06aw0P6B3nVp71bTdN5UgKUTerTgubghVFg==\n-----END RSA PRIVATE KEY-----\n", "user_id": "0e984676eaf94a8eb413b48db04cae51", "name": "tempest-TestNetworkAdvancedServerOps-1831770187", "fingerprint": "2a:0f:5b:40:4f:fc:60:07:11:56:0a:c3:0a:c1:90:9b"}}
2015-12-16 14:32:08,986 25372 INFO     [tempest_lib.common.rest_client] Request (TestNetworkAdvancedServerOps:test_server_connectivity_pause_unpause): 201 POST http://10.0.2.15:9696/v2.0/security-groups 0.347s
2015-12-16 14:32:08,986 25372 DEBUG    [tempest_lib.common.rest_client] Request - Headers: {'Content-Type': 'application/json', 'Accept': 'application/json', 'X-Auth-Token': '&lt;omitted&gt;'}
        Body: {"security_group": {"tenant_id": "aef49c3353cb495c9c927dc191718b0c", "description": "tempest-secgroup-smoke-935046208 description", "name": "tempest-secgroup-smoke-935046208"}}
    Response - Headers: {'status': '201', 'content-length': '886', 'connection': 'close', 'date': 'Wed, 16 Dec 2015 14:32:08 GMT', 'content-type': 'application/json; charset=UTF-8', 'x-openstack-request-id': 'req-4b5bbaeb-5cff-4f11-921b-355bd1c01cdd'}
        Body: {"security_group": {"tenant_id": "aef49c3353cb495c9c927dc191718b0c", "description": "tempest-secgroup-smoke-935046208 description", "id": "827800e0-5164-4c45-8368-7cece4ee03a5", "security_group_rules": [{"remote_group_id": null, "direction": "egress", "remote_ip_prefix": null, "protocol": null, "ethertype": "IPv4", "tenant_id": "aef49c3353cb495c9c927dc191718b0c", "port_range_max": null, "port_range_min": null, "id": "72a7d99f-d4e0-4c9f-a812-56f55af8691a", "security_group_id": "827800e0-5164-4c45-8368-7cece4ee03a5"}, {"remote_group_id": null, "direction": "egress", "remote_ip_prefix": null, "protocol": null, "ethertype": "IPv6", "tenant_id": "aef49c3353cb495c9c927dc191718b0c", "port_range_max": null, "port_range_min": null, "id": "7ad05f86-9347-43cf-8f8f-8ba4d4150199", "security_group_id": "827800e0-5164-4c45-8368-7cece4ee03a5"}], "name": "tempest-secgroup-smoke-935046208"}}
2015-12-16 14:32:09,117 25372 INFO     [tempest_lib.common.rest_client] Request (TestNetworkAdvancedServerOps:test_server_connectivity_pause_unpause): 201 POST http://10.0.2.15:9696/v2.0/security-group-rules 0.129s
2015-12-16 14:32:09,118 25372 DEBUG    [tempest_lib.common.rest_client] Request - Headers: {'Content-Type': 'application/json', 'Accept': 'application/json', 'X-Auth-Token': '&lt;omitted&gt;'}
        Body: {"security_group_rule": {"direction": "ingress", "protocol": "tcp", "tenant_id": "aef49c3353cb495c9c927dc191718b0c", "port_range_max": 22, "security_group_id": "827800e0-5164-4c45-8368-7cece4ee03a5", "port_range_min": 22}}
    Response - Headers: {'status': '201', 'content-length': '340', 'connection': 'close', 'date': 'Wed, 16 Dec 2015 14:32:09 GMT', 'content-type': 'application/json; charset=UTF-8', 'x-openstack-request-id': 'req-7a13c1e2-50cd-43dd-97cb-28ed3dcfb475'}
        Body: {"security_group_rule": {"remote_group_id": null, "direction": "ingress", "remote_ip_prefix": null, "protocol": "tcp", "ethertype": "IPv4", "tenant_id": "aef49c3353cb495c9c927dc191718b0c", "port_range_max": 22, "port_range_min": 22, "id": "c68cb343-0fce-4fe3-9138-b954f4484464", "security_group_id": "827800e0-5164-4c45-8368-7cece4ee03a5"}}
2015-12-16 14:32:09,246 25372 INFO     [tempest_lib.common.rest_client] Request (TestNetworkAdvancedServerOps:test_server_connectivity_pause_unpause): 201 POST http://10.0.2.15:9696/v2.0/security-group-rules 0.127s
2015-12-16 14:32:09,247 25372 DEBUG    [tempest_lib.common.rest_client] Request - Headers: {'Content-Type': 'application/json', 'Accept': 'application/json', 'X-Auth-Token': '&lt;omitted&gt;'}
        Body: {"security_group_rule": {"direction": "egress", "protocol": "tcp", "tenant_id": "aef49c3353cb495c9c927dc191718b0c", "port_range_max": 22, "security_group_id": "827800e0-5164-4c45-8368-7cece4ee03a5", "port_range_min": 22}}
    Response - Headers: {'status': '201', 'content-length': '339', 'connection': 'close', 'date': 'Wed, 16 Dec 2015 14:32:09 GMT', 'content-type': 'application/json; charset=UTF-8', 'x-openstack-request-id': 'req-5fd8c419-8fe3-40e8-9d1d-ba3da8c86ba3'}
        Body: {"security_group_rule": {"remote_group_id": null, "direction": "egress", "remote_ip_prefix": null, "protocol": "tcp", "ethertype": "IPv4", "tenant_id": "aef49c3353cb495c9c927dc191718b0c", "port_range_max": 22, "port_range_min": 22, "id": "ebcc29c2-7567-402c-95d4-6805c5e0dff7", "security_group_id": "827800e0-5164-4c45-8368-7cece4ee03a5"}}
2015-12-16 14:32:09,371 25372 INFO     [tempest_lib.common.rest_client] Request (TestNetworkAdvancedServerOps:test_server_connectivity_pause_unpause): 201 POST http://10.0.2.15:9696/v2.0/security-group-rules 0.123s
2015-12-16 14:32:09,371 25372 DEBUG    [tempest_lib.common.rest_client] Request - Headers: {'Content-Type': 'application/json', 'Accept': 'application/json', 'X-Auth-Token': '&lt;omitted&gt;'}
        Body: {"security_group_rule": {"tenant_id": "aef49c3353cb495c9c927dc191718b0c", "direction": "ingress", "protocol": "icmp", "security_group_id": "827800e0-5164-4c45-8368-7cece4ee03a5"}}
    Response - Headers: {'status': '201', 'content-length': '345', 'connection': 'close', 'date': 'Wed, 16 Dec 2015 14:32:09 GMT', 'content-type': 'application/json; charset=UTF-8', 'x-openstack-request-id': 'req-c81679a0-03e3-49dc-b94f-818d5edaf74a'}
        Body: {"security_group_rule": {"remote_group_id": null, "direction": "ingress", "remote_ip_prefix": null, "protocol": "icmp", "ethertype": "IPv4", "tenant_id": "aef49c3353cb495c9c927dc191718b0c", "port_range_max": null, "port_range_min": null, "id": "d969d6d9-724e-4292-8fcf-3c05ccf3b94f", "security_group_id": "827800e0-5164-4c45-8368-7cece4ee03a5"}}
2015-12-16 14:32:09,491 25372 INFO     [tempest_lib.common.rest_client] Request (TestNetworkAdvancedServerOps:test_server_connectivity_pause_unpause): 201 POST http://10.0.2.15:9696/v2.0/security-group-rules 0.119s
2015-12-16 14:32:09,493 25372 DEBUG    [tempest_lib.common.rest_client] Request - Headers: {'Content-Type': 'application/json', 'Accept': 'application/json', 'X-Auth-Token': '&lt;omitted&gt;'}
        Body: {"security_group_rule": {"tenant_id": "aef49c3353cb495c9c927dc191718b0c", "direction": "egress", "protocol": "icmp", "security_group_id": "827800e0-5164-4c45-8368-7cece4ee03a5"}}
    Response - Headers: {'status': '201', 'content-length': '344', 'connection': 'close', 'date': 'Wed, 16 Dec 2015 14:32:09 GMT', 'content-type': 'application/json; charset=UTF-8', 'x-openstack-request-id': 'req-72814252-4d08-414d-a7cf-1ae3980866e8'}
        Body: {"security_group_rule": {"remote_group_id": null, "direction": "egress", "remote_ip_prefix": null, "protocol": "icmp", "ethertype": "IPv4", "tenant_id": "aef49c3353cb495c9c927dc191718b0c", "port_range_max": null, "port_range_min": null, "id": "ba03bc85-ff9b-46ec-b4dd-fffec581d24c", "security_group_id": "827800e0-5164-4c45-8368-7cece4ee03a5"}}
2015-12-16 14:32:09,616 25372 INFO     [tempest_lib.common.rest_client] Request (TestNetworkAdvancedServerOps:test_server_connectivity_pause_unpause): 201 POST http://10.0.2.15:9696/v2.0/security-group-rules 0.121s
2015-12-16 14:32:09,616 25372 DEBUG    [tempest_lib.common.rest_client] Request - Headers: {'Content-Type': 'application/json', 'Accept': 'application/json', 'X-Auth-Token': '&lt;omitted&gt;'}
        Body: {"security_group_rule": {"tenant_id": "aef49c3353cb495c9c927dc191718b0c", "direction": "ingress", "security_group_id": "827800e0-5164-4c45-8368-7cece4ee03a5", "protocol": "icmp", "ethertype": "IPv6"}}
    Response - Headers: {'status': '201', 'content-length': '345', 'connection': 'close', 'date': 'Wed, 16 Dec 2015 14:32:09 GMT', 'content-type': 'application/json; charset=UTF-8', 'x-openstack-request-id': 'req-755e3850-70a1-436e-b1a9-c131228caa51'}
        Body: {"security_group_rule": {"remote_group_id": null, "direction": "ingress", "remote_ip_prefix": null, "protocol": "icmp", "ethertype": "IPv6", "tenant_id": "aef49c3353cb495c9c927dc191718b0c", "port_range_max": null, "port_range_min": null, "id": "b1044408-810c-422c-a42a-feb6444b2ac4", "security_group_id": "827800e0-5164-4c45-8368-7cece4ee03a5"}}
2015-12-16 14:32:09,740 25372 INFO     [tempest_lib.common.rest_client] Request (TestNetworkAdvancedServerOps:test_server_connectivity_pause_unpause): 201 POST http://10.0.2.15:9696/v2.0/security-group-rules 0.122s
2015-12-16 14:32:09,740 25372 DEBUG    [tempest_lib.common.rest_client] Request - Headers: {'Content-Type': 'application/json', 'Accept': 'application/json', 'X-Auth-Token': '&lt;omitted&gt;'}
        Body: {"security_group_rule": {"tenant_id": "aef49c3353cb495c9c927dc191718b0c", "direction": "egress", "security_group_id": "827800e0-5164-4c45-8368-7cece4ee03a5", "protocol": "icmp", "ethertype": "IPv6"}}
    Response - Headers: {'status': '201', 'content-length': '344', 'connection': 'close', 'date': 'Wed, 16 Dec 2015 14:32:09 GMT', 'content-type': 'application/json; charset=UTF-8', 'x-openstack-request-id': 'req-7bbdd756-865c-4f85-9058-bc9631fa2313'}
        Body: {"security_group_rule": {"remote_group_id": null, "direction": "egress", "remote_ip_prefix": null, "protocol": "icmp", "ethertype": "IPv6", "tenant_id": "aef49c3353cb495c9c927dc191718b0c", "port_range_max": null, "port_range_min": null, "id": "4c8ab3e7-0c02-41ba-88b9-688f967d1f37", "security_group_id": "827800e0-5164-4c45-8368-7cece4ee03a5"}}
2015-12-16 14:32:09,936 25372 INFO     [tempest_lib.common.rest_client] Request (TestNetworkAdvancedServerOps:test_server_connectivity_pause_unpause): 201 POST http://10.0.2.15:9696/v2.0/networks 0.194s
2015-12-16 14:32:09,937 25372 DEBUG    [tempest_lib.common.rest_client] Request - Headers: {'Content-Type': 'application/json', 'Accept': 'application/json', 'X-Auth-Token': '&lt;omitted&gt;'}
        Body: {"network": {"tenant_id": "aef49c3353cb495c9c927dc191718b0c", "name": "tempest-network-smoke--1983734325"}}
    Response - Headers: {'status': '201', 'content-length': '329', 'connection': 'close', 'date': 'Wed, 16 Dec 2015 14:32:09 GMT', 'content-type': 'application/json; charset=UTF-8', 'x-openstack-request-id': 'req-312654c6-c21a-4463-8270-b58b9eac9630'}
        Body: {"network": {"status": "ACTIVE", "subnets": [], "availability_zone_hints": "[]", "name": "tempest-network-smoke--1983734325", "admin_state_up": true, "tenant_id": "aef49c3353cb495c9c927dc191718b0c", "mtu": 0, "router:external": false, "shared": false, "port_security_enabled": true, "id": "2b2e86d0-1e4b-4544-9898-a69e74dc5707"}}
2015-12-16 14:32:10,025 25372 INFO     [tempest_lib.common.rest_client] Request (TestNetworkAdvancedServerOps:test_server_connectivity_pause_unpause): 201 POST http://10.0.2.15:9696/v2.0/routers 0.087s
2015-12-16 14:32:10,026 25372 DEBUG    [tempest_lib.common.rest_client] Request - Headers: {'Content-Type': 'application/json', 'Accept': 'application/json', 'X-Auth-Token': '&lt;omitted&gt;'}
        Body: {"router": {"tenant_id": "aef49c3353cb495c9c927dc191718b0c", "name": "tempest-router-smoke-139753560", "admin_state_up": true}}
    Response - Headers: {'status': '201', 'content-length': '295', 'connection': 'close', 'date': 'Wed, 16 Dec 2015 14:32:10 GMT', 'content-type': 'application/json; charset=UTF-8', 'x-openstack-request-id': 'req-e89c7598-e9d8-4379-b61c-ab7fa87cfc60'}
        Body: {"router": {"status": "ACTIVE", "external_gateway_info": null, "availability_zone_hints": [], "availability_zones": [], "name": "tempest-router-smoke-139753560", "admin_state_up": true, "tenant_id": "aef49c3353cb495c9c927dc191718b0c", "routes": [], "id": "56748dca-5bd8-4773-b7e5-8465519ddc89"}}
2015-12-16 14:32:10,201 25372 INFO     [tempest_lib.common.rest_client] Request (TestNetworkAdvancedServerOps:test_server_connectivity_pause_unpause): 200 GET http://10.0.2.15:9696/v2.0/routers/56748dca-5bd8-4773-b7e5-8465519ddc89 0.174s
2015-12-16 14:32:10,202 25372 DEBUG    [tempest_lib.common.rest_client] Request - Headers: {'Content-Type': 'application/json', 'Accept': 'application/json', 'X-Auth-Token': '&lt;omitted&gt;'}
        Body: None
    Response - Headers: {'status': '200', 'content-length': '295', 'content-location': 'http://10.0.2.15:9696/v2.0/routers/56748dca-5bd8-4773-b7e5-8465519ddc89', 'connection': 'close', 'date': 'Wed, 16 Dec 2015 14:32:10 GMT', 'content-type': 'application/json; charset=UTF-8', 'x-openstack-request-id': 'req-b481e63c-5200-4c21-86c7-3d6a36a8d480'}
        Body: {"router": {"status": "ACTIVE", "external_gateway_info": null, "availability_zone_hints": [], "availability_zones": [], "name": "tempest-router-smoke-139753560", "admin_state_up": true, "tenant_id": "aef49c3353cb495c9c927dc191718b0c", "routes": [], "id": "56748dca-5bd8-4773-b7e5-8465519ddc89"}}
2015-12-16 14:32:10,915 25372 INFO     [tempest_lib.common.rest_client] Request (TestNetworkAdvancedServerOps:test_server_connectivity_pause_unpause): 200 PUT http://10.0.2.15:9696/v2.0/routers/56748dca-5bd8-4773-b7e5-8465519ddc89 0.710s
2015-12-16 14:32:10,915 25372 DEBUG    [tempest_lib.common.rest_client] Request - Headers: {'Content-Type': 'application/json', 'Accept': 'application/json', 'X-Auth-Token': '&lt;omitted&gt;'}
        Body: {"router": {"external_gateway_info": {"network_id": "2bb15bea-0770-4616-919d-b4dc6d8d9a98"}, "name": "tempest-router-smoke-139753560", "admin_state_up": true}}
    Response - Headers: {'status': '200', 'content-length': '557', 'connection': 'close', 'date': 'Wed, 16 Dec 2015 14:32:10 GMT', 'content-type': 'application/json; charset=UTF-8', 'x-openstack-request-id': 'req-68087057-7b9b-4ec7-97b1-def3d543d3b4'}
        Body: {"router": {"status": "ACTIVE", "external_gateway_info": {"network_id": "2bb15bea-0770-4616-919d-b4dc6d8d9a98", "enable_snat": true, "external_fixed_ips": [{"subnet_id": "182bc567-3246-45e6-bba4-a182202d1355", "ip_address": "172.24.4.3"}, {"subnet_id": "45886202-f0cf-49d5-8243-656b2541cc2b", "ip_address": "2001:db8::4"}]}, "availability_zone_hints": [], "availability_zones": [], "name": "tempest-router-smoke-139753560", "admin_state_up": true, "tenant_id": "aef49c3353cb495c9c927dc191718b0c", "routes": [], "id": "56748dca-5bd8-4773-b7e5-8465519ddc89"}}
2015-12-16 14:32:11,065 25372 INFO     [tempest_lib.common.rest_client] Request (TestNetworkAdvancedServerOps:test_server_connectivity_pause_unpause): 200 GET http://10.0.2.15:9696/v2.0/subnets?tenant_id=aef49c3353cb495c9c927dc191718b0c&amp;cidr=10.100.0.0%2F28 0.148s
2015-12-16 14:32:11,066 25372 DEBUG    [tempest_lib.common.rest_client] Request - Headers: {'Content-Type': 'application/json', 'Accept': 'application/json', 'X-Auth-Token': '&lt;omitted&gt;'}
        Body: None
    Response - Headers: {'status': '200', 'content-length': '15', 'content-location': 'http://10.0.2.15:9696/v2.0/subnets?tenant_id=aef49c3353cb495c9c927dc191718b0c&amp;cidr=10.100.0.0%2F28', 'connection': 'close', 'date': 'Wed, 16 Dec 2015 14:32:11 GMT', 'content-type': 'application/json; charset=UTF-8', 'x-openstack-request-id': 'req-25dc5e0c-eca3-498f-be31-f03f37b48e5a'}
        Body: {"subnets": []}
2015-12-16 14:32:11,491 25372 INFO     [tempest_lib.common.rest_client] Request (TestNetworkAdvancedServerOps:test_server_connectivity_pause_unpause): 201 POST http://10.0.2.15:9696/v2.0/subnets 0.424s
2015-12-16 14:32:11,492 25372 DEBUG    [tempest_lib.common.rest_client] Request - Headers: {'Content-Type': 'application/json', 'Accept': 'application/json', 'X-Auth-Token': '&lt;omitted&gt;'}
        Body: {"subnet": {"ip_version": 4, "tenant_id": "aef49c3353cb495c9c927dc191718b0c", "cidr": "10.100.0.0/28", "network_id": "2b2e86d0-1e4b-4544-9898-a69e74dc5707", "name": "tempest-subnet-smoke-620978252"}}
    Response - Headers: {'status': '201', 'content-length': '477', 'connection': 'close', 'date': 'Wed, 16 Dec 2015 14:32:11 GMT', 'content-type': 'application/json; charset=UTF-8', 'x-openstack-request-id': 'req-ee116558-8082-479a-804a-c0901f646f2d'}
        Body: {"subnet": {"name": "tempest-subnet-smoke-620978252", "enable_dhcp": true, "network_id": "2b2e86d0-1e4b-4544-9898-a69e74dc5707", "tenant_id": "aef49c3353cb495c9c927dc191718b0c", "dns_nameservers": [], "gateway_ip": "10.100.0.1", "ipv6_ra_mode": null, "allocation_pools": [{"start": "10.100.0.2", "end": "10.100.0.14"}], "host_routes": [], "ip_version": 4, "ipv6_address_mode": null, "cidr": "10.100.0.0/28", "id": "1d4b9e8a-67db-485c-88df-1bfb64a9c944", "subnetpool_id": null}}
2015-12-16 14:32:12,175 25372 INFO     [tempest_lib.common.rest_client] Request (TestNetworkAdvancedServerOps:test_server_connectivity_pause_unpause): 200 PUT http://10.0.2.15:9696/v2.0/routers/56748dca-5bd8-4773-b7e5-8465519ddc89/add_router_interface 0.681s
2015-12-16 14:32:12,176 25372 DEBUG    [tempest_lib.common.rest_client] Request - Headers: {'Content-Type': 'application/json', 'Accept': 'application/json', 'X-Auth-Token': '&lt;omitted&gt;'}
        Body: {"subnet_id": "1d4b9e8a-67db-485c-88df-1bfb64a9c944"}
    Response - Headers: {'status': '200', 'content-length': '255', 'connection': 'close', 'date': 'Wed, 16 Dec 2015 14:32:12 GMT', 'content-type': 'application/json; charset=UTF-8', 'x-openstack-request-id': 'req-3b3b4230-748b-4651-92d8-53de0ec8a089'}
        Body: {"subnet_id": "1d4b9e8a-67db-485c-88df-1bfb64a9c944", "tenant_id": "aef49c3353cb495c9c927dc191718b0c", "subnet_ids": ["1d4b9e8a-67db-485c-88df-1bfb64a9c944"], "port_id": "fa1a7a66-bec8-41a7-b90d-e0e4b406a70f", "id": "56748dca-5bd8-4773-b7e5-8465519ddc89"}
2015-12-16 14:32:12,286 25372 INFO     [tempest_lib.common.rest_client] Request (TestNetworkAdvancedServerOps:test_server_connectivity_pause_unpause): 200 POST http://10.0.2.15:5000/v2.0/tokens
2015-12-16 14:32:12,286 25372 DEBUG    [tempest_lib.common.rest_client] Request - Headers: {'Content-Type': 'application/json', 'Accept': 'application/json'}
        Body: &lt;omitted&gt;
    Response - Headers: {'status': '200', 'content-length': '2562', 'vary': 'X-Auth-Token', 'server': 'Apache/2.4.7 (Ubuntu)', 'connection': 'close', 'date': 'Wed, 16 Dec 2015 14:32:12 GMT', 'content-type': 'application/json', 'x-openstack-request-id': 'req-09443893-0d2b-4873-9604-c6870e663879'}
        Body: {"access": {"token": {"issued_at": "2015-12-16T14:32:12.274399", "expires": "2015-12-16T15:32:12Z", "id": "96891b117fba4cbcaea9f2b6c54fd718", "tenant": {"description": "tempest-TestNetworkAdvancedServerOps-902210834-desc", "enabled": true, "id": "aef49c3353cb495c9c927dc191718b0c", "name": "tempest-TestNetworkAdvancedServerOps-902210834"}, "audit_ids": ["D2lsT5bXTJCY2-GAf6XWWw"]}, "serviceCatalog": [{"endpoints": [{"adminURL": "http://10.0.2.15:8774/v2.1/aef49c3353cb495c9c927dc191718b0c", "region": "RegionOne", "internalURL": "http://10.0.2.15:8774/v2.1/aef49c3353cb495c9c927dc191718b0c", "id": "1f8c4a92a4b94f95a465f6c762a1e2ae", "publicURL": "http://10.0.2.15:8774/v2.1/aef49c3353cb495c9c927dc191718b0c"}], "endpoints_links": [], "type": "compute", "name": "nova"}, {"endpoints": [{"adminURL": "http://10.0.2.15:9696/", "region": "RegionOne", "internalURL": "http://10.0.2.15:9696/", "id": "a9b36bf9c87443aca2d8cea2855760cc", "publicURL": "http://10.0.2.15:9696/"}], "endpoints_links": [], "type": "network", "name": "neutron"}, {"endpoints": [{"adminURL": "http://10.0.2.15:9292", "region": "RegionOne", "internalURL": "http://10.0.2.15:9292", "id": "4940d16935d64893b20e63a1c1d43bd6", "publicURL": "http://10.0.2.15:9292"}], "endpoints_links": [], "type": "image", "name": "glance"}, {"endpoints": [{"adminURL": "http://10.0.2.15:8774/v2/aef49c3353cb495c9c927dc191718b0c", "region": "RegionOne", "internalURL": "http://10.0.2.15:8774/v2/aef49c3353cb495c9c927dc191718b0c", "id": "19191a57d5df4290967089d3a81eaf75", "publicURL": "http://10.0.2.15:8774/v2/aef49c3353cb495c9c927dc191718b0c"}], "endpoints_links": [], "type": "compute_legacy", "name": "nova_legacy"}, {"endpoints": [{"adminURL": "http://10.0.2.15:8773/", "region": "RegionOne", "internalURL": "http://10.0.2.15:8773/", "id": "29e486efffa849809c0765e9671ce1f5", "publicURL": "http://10.0.2.15:8773/"}], "endpoints_links": [], "type": "ec2", "name": "ec2"}, {"endpoints": [{"adminURL": "http://10.0.2.15:35357/v2.0", "region": "RegionOne", "internalURL": "http://10.0.2.15:5000/v2.0", "id": "3d72e21946a74bec8452e4f2eac202d1", "publicURL": "http://10.0.2.15:5000/v2.0"}], "endpoints_links": [], "type": "identity", "name": "keystone"}], "user": {"username": "tempest-TestNetworkAdvancedServerOps-858285228", "roles_links": [], "id": "0e984676eaf94a8eb413b48db04cae51", "roles": [{"name": "Member"}, {"name": "_member_"}], "name": "tempest-TestNetworkAdvancedServerOps-858285228"}, "metadata": {"is_admin": 0, "roles": ["6fa18b750d1e429c89d2cad8fd870b08", "9fe2ff9ee4384b1894a90878d3e92bab"]}}}
2015-12-16 14:32:12,292 25372 DEBUG    [tempest.common.fixed_network] (TestNetworkAdvancedServerOps:test_server_connectivity_pause_unpause) No valid network provided or created, defaulting to fixed_network_name
2015-12-16 14:32:12,612 25372 INFO     [tempest_lib.common.rest_client] Request (TestNetworkAdvancedServerOps:test_server_connectivity_pause_unpause): 200 GET http://10.0.2.15:8774/v2.1/aef49c3353cb495c9c927dc191718b0c/os-networks 0.319s
2015-12-16 14:32:12,613 25372 DEBUG    [tempest_lib.common.rest_client] Request - Headers: {'Content-Type': 'application/json', 'Accept': 'application/json', 'X-Auth-Token': '&lt;omitted&gt;'}
        Body: None
    Response - Headers: {'status': '200', 'content-length': '479', 'content-location': 'http://10.0.2.15:8774/v2.1/aef49c3353cb495c9c927dc191718b0c/os-networks', 'x-compute-request-id': 'req-2d52c4f4-3cac-4da3-ab02-7b5f39cc10f3', 'vary': 'X-OpenStack-Nova-API-Version', 'connection': 'close', 'x-openstack-nova-api-version': '2.1', 'date': 'Wed, 16 Dec 2015 14:32:12 GMT', 'content-type': 'application/json'}
        Body: {"networks": [{"cidr_v6": null, "dns2": null, "dns1": null, "gateway": null, "broadcast": null, "netmask": null, "gateway_v6": null, "cidr": null, "label": "public", "id": "2bb15bea-0770-4616-919d-b4dc6d8d9a98", "netmask_v6": null}, {"cidr_v6": null, "dns2": null, "dns1": null, "gateway": null, "broadcast": null, "netmask": null, "gateway_v6": null, "cidr": null, "label": "tempest-network-smoke--1983734325", "id": "2b2e86d0-1e4b-4544-9898-a69e74dc5707", "netmask_v6": null}]}
2015-12-16 14:32:12,614 25372 WARNING  [tempest.common.fixed_network] (TestNetworkAdvancedServerOps:test_server_connectivity_pause_unpause) Network with name: private not found
2015-12-16 14:32:12,614 25372 INFO     [tempest.common.fixed_network] (TestNetworkAdvancedServerOps:test_server_connectivity_pause_unpause) Found network {} available for tenant
2015-12-16 14:32:14,444 25372 INFO     [tempest_lib.common.rest_client] Request (TestNetworkAdvancedServerOps:test_server_connectivity_pause_unpause): 202 POST http://10.0.2.15:8774/v2.1/aef49c3353cb495c9c927dc191718b0c/servers 1.829s
2015-12-16 14:32:14,444 25372 DEBUG    [tempest_lib.common.rest_client] Request - Headers: {'Content-Type': 'application/json', 'Accept': 'application/json', 'X-Auth-Token': '&lt;omitted&gt;'}
        Body: {"server": {"name": "tempest.common.compute-instance-914036912", "imageRef": "75694b6c-cb1b-4a1a-b136-66ca3fc62f58", "key_name": "tempest-TestNetworkAdvancedServerOps-1831770187", "flavorRef": "42", "networks": [{"uuid": "2b2e86d0-1e4b-4544-9898-a69e74dc5707"}], "security_groups": [{"name": "tempest-secgroup-smoke-935046208"}]}}
    Response - Headers: {'status': '202', 'content-length': '461', 'x-compute-request-id': 'req-f1ae94e5-c5bf-4d6a-9854-9df5a5fca545', 'vary': 'X-OpenStack-Nova-API-Version', 'connection': 'close', 'location': 'http://10.0.2.15:8774/v2.1/aef49c3353cb495c9c927dc191718b0c/servers/90611b6c-7faa-46a7-8000-fbf21f7a812c', 'x-openstack-nova-api-version': '2.1', 'date': 'Wed, 16 Dec 2015 14:32:14 GMT', 'content-type': 'application/json'}
        Body: {"server": {"security_groups": [{"name": "tempest-secgroup-smoke-935046208"}], "OS-DCF:diskConfig": "MANUAL", "id": "90611b6c-7faa-46a7-8000-fbf21f7a812c", "links": [{"href": "http://10.0.2.15:8774/v2.1/aef49c3353cb495c9c927dc191718b0c/servers/90611b6c-7faa-46a7-8000-fbf21f7a812c", "rel": "self"}, {"href": "http://10.0.2.15:8774/aef49c3353cb495c9c927dc191718b0c/servers/90611b6c-7faa-46a7-8000-fbf21f7a812c", "rel": "bookmark"}], "adminPass": "3v5qezKmmtRs"}}
2015-12-16 14:32:14,662 25372 INFO     [tempest_lib.common.rest_client] Request (TestNetworkAdvancedServerOps:test_server_connectivity_pause_unpause): 200 GET http://10.0.2.15:8774/v2.1/aef49c3353cb495c9c927dc191718b0c/servers/90611b6c-7faa-46a7-8000-fbf21f7a812c 0.214s
2015-12-16 14:32:14,662 25372 DEBUG    [tempest_lib.common.rest_client] Request - Headers: {'Content-Type': 'application/json', 'Accept': 'application/json', 'X-Auth-Token': '&lt;omitted&gt;'}
        Body: None
    Response - Headers: {'status': '200', 'content-length': '1364', 'content-location': 'http://10.0.2.15:8774/v2.1/aef49c3353cb495c9c927dc191718b0c/servers/90611b6c-7faa-46a7-8000-fbf21f7a812c', 'x-compute-request-id': 'req-c3fbe339-918d-4939-a348-613029c65ab4', 'vary': 'X-OpenStack-Nova-API-Version', 'connection': 'close', 'x-openstack-nova-api-version': '2.1', 'date': 'Wed, 16 Dec 2015 14:32:14 GMT', 'content-type': 'application/json'}
        Body: {"server": {"status": "BUILD", "updated": "2015-12-16T14:32:14Z", "hostId": "", "addresses": {}, "links": [{"href": "http://10.0.2.15:8774/v2.1/aef49c3353cb495c9c927dc191718b0c/servers/90611b6c-7faa-46a7-8000-fbf21f7a812c", "rel": "self"}, {"href": "http://10.0.2.15:8774/aef49c3353cb495c9c927dc191718b0c/servers/90611b6c-7faa-46a7-8000-fbf21f7a812c", "rel": "bookmark"}], "key_name": "tempest-TestNetworkAdvancedServerOps-1831770187", "image": {"id": "75694b6c-cb1b-4a1a-b136-66ca3fc62f58", "links": [{"href": "http://10.0.2.15:8774/aef49c3353cb495c9c927dc191718b0c/images/75694b6c-cb1b-4a1a-b136-66ca3fc62f58", "rel": "bookmark"}]}, "OS-EXT-STS:task_state": "scheduling", "OS-EXT-STS:vm_state": "building", "OS-SRV-USG:launched_at": null, "flavor": {"id": "42", "links": [{"href": "http://10.0.2.15:8774/aef49c3353cb495c9c927dc191718b0c/flavors/42", "rel": "bookmark"}]}, "id": "90611b6c-7faa-46a7-8000-fbf21f7a812c", "OS-SRV-USG:terminated_at": null, "OS-EXT-AZ:availability_zone": "", "user_id": "0e984676eaf94a8eb413b48db04cae51", "name": "tempest.common.compute-instance-914036912", "created": "2015-12-16T14:32:14Z", "tenant_id": "aef49c3353cb495c9c927dc191718b0c", "OS-DCF:diskConfig": "MANUAL", "os-extended-volumes:volumes_attached": [], "accessIPv4": "", "accessIPv6": "", "progress": 0, "OS-EXT-STS:power_state": 0, "config_drive": "", "metadata": {}}}
2015-12-16 14:32:16,028 25372 INFO     [tempest_lib.common.rest_client] Request (TestNetworkAdvancedServerOps:test_server_connectivity_pause_unpause): 200 GET http://10.0.2.15:8774/v2.1/aef49c3353cb495c9c927dc191718b0c/servers/90611b6c-7faa-46a7-8000-fbf21f7a812c 0.351s
2015-12-16 14:32:16,029 25372 DEBUG    [tempest_lib.common.rest_client] Request - Headers: {'Content-Type': 'application/json', 'Accept': 'application/json', 'X-Auth-Token': '&lt;omitted&gt;'}
        Body: None
    Response - Headers: {'status': '200', 'content-length': '1489', 'content-location': 'http://10.0.2.15:8774/v2.1/aef49c3353cb495c9c927dc191718b0c/servers/90611b6c-7faa-46a7-8000-fbf21f7a812c', 'x-compute-request-id': 'req-3b69e2e4-ac54-4c6b-9aab-b911671b1e2e', 'vary': 'X-OpenStack-Nova-API-Version', 'connection': 'close', 'x-openstack-nova-api-version': '2.1', 'date': 'Wed, 16 Dec 2015 14:32:16 GMT', 'content-type': 'application/json'}
        Body: {"server": {"status": "BUILD", "updated": "2015-12-16T14:32:15Z", "hostId": "9a358a7bd4e446601f9cc16909b40fb5c91c69ad0c4534af67293fd6", "addresses": {}, "links": [{"href": "http://10.0.2.15:8774/v2.1/aef49c3353cb495c9c927dc191718b0c/servers/90611b6c-7faa-46a7-8000-fbf21f7a812c", "rel": "self"}, {"href": "http://10.0.2.15:8774/aef49c3353cb495c9c927dc191718b0c/servers/90611b6c-7faa-46a7-8000-fbf21f7a812c", "rel": "bookmark"}], "key_name": "tempest-TestNetworkAdvancedServerOps-1831770187", "image": {"id": "75694b6c-cb1b-4a1a-b136-66ca3fc62f58", "links": [{"href": "http://10.0.2.15:8774/aef49c3353cb495c9c927dc191718b0c/images/75694b6c-cb1b-4a1a-b136-66ca3fc62f58", "rel": "bookmark"}]}, "OS-EXT-STS:task_state": "spawning", "OS-EXT-STS:vm_state": "building", "OS-SRV-USG:launched_at": null, "flavor": {"id": "42", "links": [{"href": "http://10.0.2.15:8774/aef49c3353cb495c9c927dc191718b0c/flavors/42", "rel": "bookmark"}]}, "id": "90611b6c-7faa-46a7-8000-fbf21f7a812c", "security_groups": [{"name": "tempest-secgroup-smoke-935046208"}], "OS-SRV-USG:terminated_at": null, "OS-EXT-AZ:availability_zone": "nova", "user_id": "0e984676eaf94a8eb413b48db04cae51", "name": "tempest.common.compute-instance-914036912", "created": "2015-12-16T14:32:14Z", "tenant_id": "aef49c3353cb495c9c927dc191718b0c", "OS-DCF:diskConfig": "MANUAL", "os-extended-volumes:volumes_attached": [], "accessIPv4": "", "accessIPv6": "", "progress": 0, "OS-EXT-STS:power_state": 0, "config_drive": "", "metadata": {}}}
2015-12-16 14:32:16,037 25372 INFO     [tempest.common.waiters] State transition "BUILD/scheduling" ==&gt; "BUILD/spawning" after 2 second wait
2015-12-16 14:32:17,270 25372 INFO     [tempest_lib.common.rest_client] Request (TestNetworkAdvancedServerOps:test_server_connectivity_pause_unpause): 200 GET http://10.0.2.15:8774/v2.1/aef49c3353cb495c9c927dc191718b0c/servers/90611b6c-7faa-46a7-8000-fbf21f7a812c 0.230s
2015-12-16 14:32:17,270 25372 DEBUG    [tempest_lib.common.rest_client] Request - Headers: {'Content-Type': 'application/json', 'Accept': 'application/json', 'X-Auth-Token': '&lt;omitted&gt;'}
        Body: None
    Response - Headers: {'status': '200', 'content-length': '1489', 'content-location': 'http://10.0.2.15:8774/v2.1/aef49c3353cb495c9c927dc191718b0c/servers/90611b6c-7faa-46a7-8000-fbf21f7a812c', 'x-compute-request-id': 'req-edf7e8eb-50d9-405a-a973-7d7a9153682a', 'vary': 'X-OpenStack-Nova-API-Version', 'connection': 'close', 'x-openstack-nova-api-version': '2.1', 'date': 'Wed, 16 Dec 2015 14:32:17 GMT', 'content-type': 'application/json'}
        Body: {"server": {"status": "BUILD", "updated": "2015-12-16T14:32:15Z", "hostId": "9a358a7bd4e446601f9cc16909b40fb5c91c69ad0c4534af67293fd6", "addresses": {}, "links": [{"href": "http://10.0.2.15:8774/v2.1/aef49c3353cb495c9c927dc191718b0c/servers/90611b6c-7faa-46a7-8000-fbf21f7a812c", "rel": "self"}, {"href": "http://10.0.2.15:8774/aef49c3353cb495c9c927dc191718b0c/servers/90611b6c-7faa-46a7-8000-fbf21f7a812c", "rel": "bookmark"}], "key_name": "tempest-TestNetworkAdvancedServerOps-1831770187", "image": {"id": "75694b6c-cb1b-4a1a-b136-66ca3fc62f58", "links": [{"href": "http://10.0.2.15:8774/aef49c3353cb495c9c927dc191718b0c/images/75694b6c-cb1b-4a1a-b136-66ca3fc62f58", "rel": "bookmark"}]}, "OS-EXT-STS:task_state": "spawning", "OS-EXT-STS:vm_state": "building", "OS-SRV-USG:launched_at": null, "flavor": {"id": "42", "links": [{"href": "http://10.0.2.15:8774/aef49c3353cb495c9c927dc191718b0c/flavors/42", "rel": "bookmark"}]}, "id": "90611b6c-7faa-46a7-8000-fbf21f7a812c", "security_groups": [{"name": "tempest-secgroup-smoke-935046208"}], "OS-SRV-USG:terminated_at": null, "OS-EXT-AZ:availability_zone": "nova", "user_id": "0e984676eaf94a8eb413b48db04cae51", "name": "tempest.common.compute-instance-914036912", "created": "2015-12-16T14:32:14Z", "tenant_id": "aef49c3353cb495c9c927dc191718b0c", "OS-DCF:diskConfig": "MANUAL", "os-extended-volumes:volumes_attached": [], "accessIPv4": "", "accessIPv6": "", "progress": 0, "OS-EXT-STS:power_state": 0, "config_drive": "", "metadata": {}}}
2015-12-16 14:32:18,563 25372 INFO     [tempest_lib.common.rest_client] Request (TestNetworkAdvancedServerOps:test_server_connectivity_pause_unpause): 200 GET http://10.0.2.15:8774/v2.1/aef49c3353cb495c9c927dc191718b0c/servers/90611b6c-7faa-46a7-8000-fbf21f7a812c 0.274s
2015-12-16 14:32:18,563 25372 DEBUG    [tempest_lib.common.rest_client] Request - Headers: {'Content-Type': 'application/json', 'Accept': 'application/json', 'X-Auth-Token': '&lt;omitted&gt;'}
        Body: None
    Response - Headers: {'status': '200', 'content-length': '1661', 'content-location': 'http://10.0.2.15:8774/v2.1/aef49c3353cb495c9c927dc191718b0c/servers/90611b6c-7faa-46a7-8000-fbf21f7a812c', 'x-compute-request-id': 'req-c6a86270-1b90-4d51-aaf2-6a25d40d40fe', 'vary': 'X-OpenStack-Nova-API-Version', 'connection': 'close', 'x-openstack-nova-api-version': '2.1', 'date': 'Wed, 16 Dec 2015 14:32:18 GMT', 'content-type': 'application/json'}
        Body: {"server": {"status": "ACTIVE", "updated": "2015-12-16T14:32:17Z", "hostId": "9a358a7bd4e446601f9cc16909b40fb5c91c69ad0c4534af67293fd6", "addresses": {"tempest-network-smoke--1983734325": [{"OS-EXT-IPS-MAC:mac_addr": "fa:16:3e:dc:de:e7", "version": 4, "addr": "10.100.0.3", "OS-EXT-IPS:type": "fixed"}]}, "links": [{"href": "http://10.0.2.15:8774/v2.1/aef49c3353cb495c9c927dc191718b0c/servers/90611b6c-7faa-46a7-8000-fbf21f7a812c", "rel": "self"}, {"href": "http://10.0.2.15:8774/aef49c3353cb495c9c927dc191718b0c/servers/90611b6c-7faa-46a7-8000-fbf21f7a812c", "rel": "bookmark"}], "key_name": "tempest-TestNetworkAdvancedServerOps-1831770187", "image": {"id": "75694b6c-cb1b-4a1a-b136-66ca3fc62f58", "links": [{"href": "http://10.0.2.15:8774/aef49c3353cb495c9c927dc191718b0c/images/75694b6c-cb1b-4a1a-b136-66ca3fc62f58", "rel": "bookmark"}]}, "OS-EXT-STS:task_state": null, "OS-EXT-STS:vm_state": "active", "OS-SRV-USG:launched_at": "2015-12-16T14:32:17.000000", "flavor": {"id": "42", "links": [{"href": "http://10.0.2.15:8774/aef49c3353cb495c9c927dc191718b0c/flavors/42", "rel": "bookmark"}]}, "id": "90611b6c-7faa-46a7-8000-fbf21f7a812c", "security_groups": [{"name": "tempest-secgroup-smoke-935046208"}], "OS-SRV-USG:terminated_at": null, "OS-EXT-AZ:availability_zone": "nova", "user_id": "0e984676eaf94a8eb413b48db04cae51", "name": "tempest.common.compute-instance-914036912", "created": "2015-12-16T14:32:14Z", "tenant_id": "aef49c3353cb495c9c927dc191718b0c", "OS-DCF:diskConfig": "MANUAL", "os-extended-volumes:volumes_attached": [], "accessIPv4": "", "accessIPv6": "", "progress": 0, "OS-EXT-STS:power_state": 1, "config_drive": "True", "metadata": {}}}
2015-12-16 14:32:18,573 25372 INFO     [tempest.common.waiters] State transition "BUILD/spawning" ==&gt; "ACTIVE/None" after 4 second wait
2015-12-16 14:32:18,789 25372 INFO     [tempest_lib.common.rest_client] Request (TestNetworkAdvancedServerOps:test_server_connectivity_pause_unpause): 200 GET http://10.0.2.15:8774/v2.1/aef49c3353cb495c9c927dc191718b0c/servers/90611b6c-7faa-46a7-8000-fbf21f7a812c 0.215s
2015-12-16 14:32:18,789 25372 DEBUG    [tempest_lib.common.rest_client] Request - Headers: {'Content-Type': 'application/json', 'Accept': 'application/json', 'X-Auth-Token': '&lt;omitted&gt;'}
        Body: None
    Response - Headers: {'status': '200', 'content-length': '1661', 'content-location': 'http://10.0.2.15:8774/v2.1/aef49c3353cb495c9c927dc191718b0c/servers/90611b6c-7faa-46a7-8000-fbf21f7a812c', 'x-compute-request-id': 'req-ddb932e3-a2d6-4057-bcf9-e9009c7d2936', 'vary': 'X-OpenStack-Nova-API-Version', 'connection': 'close', 'x-openstack-nova-api-version': '2.1', 'date': 'Wed, 16 Dec 2015 14:32:18 GMT', 'content-type': 'application/json'}
        Body: {"server": {"status": "ACTIVE", "updated": "2015-12-16T14:32:17Z", "hostId": "9a358a7bd4e446601f9cc16909b40fb5c91c69ad0c4534af67293fd6", "addresses": {"tempest-network-smoke--1983734325": [{"OS-EXT-IPS-MAC:mac_addr": "fa:16:3e:dc:de:e7", "version": 4, "addr": "10.100.0.3", "OS-EXT-IPS:type": "fixed"}]}, "links": [{"href": "http://10.0.2.15:8774/v2.1/aef49c3353cb495c9c927dc191718b0c/servers/90611b6c-7faa-46a7-8000-fbf21f7a812c", "rel": "self"}, {"href": "http://10.0.2.15:8774/aef49c3353cb495c9c927dc191718b0c/servers/90611b6c-7faa-46a7-8000-fbf21f7a812c", "rel": "bookmark"}], "key_name": "tempest-TestNetworkAdvancedServerOps-1831770187", "image": {"id": "75694b6c-cb1b-4a1a-b136-66ca3fc62f58", "links": [{"href": "http://10.0.2.15:8774/aef49c3353cb495c9c927dc191718b0c/images/75694b6c-cb1b-4a1a-b136-66ca3fc62f58", "rel": "bookmark"}]}, "OS-EXT-STS:task_state": null, "OS-EXT-STS:vm_state": "active", "OS-SRV-USG:launched_at": "2015-12-16T14:32:17.000000", "flavor": {"id": "42", "links": [{"href": "http://10.0.2.15:8774/aef49c3353cb495c9c927dc191718b0c/flavors/42", "rel": "bookmark"}]}, "id": "90611b6c-7faa-46a7-8000-fbf21f7a812c", "security_groups": [{"name": "tempest-secgroup-smoke-935046208"}], "OS-SRV-USG:terminated_at": null, "OS-EXT-AZ:availability_zone": "nova", "user_id": "0e984676eaf94a8eb413b48db04cae51", "name": "tempest.common.compute-instance-914036912", "created": "2015-12-16T14:32:14Z", "tenant_id": "aef49c3353cb495c9c927dc191718b0c", "OS-DCF:diskConfig": "MANUAL", "os-extended-volumes:volumes_attached": [], "accessIPv4": "", "accessIPv6": "", "progress": 0, "OS-EXT-STS:power_state": 1, "config_drive": "True", "metadata": {}}}
2015-12-16 14:32:18,835 25372 INFO     [tempest_lib.common.rest_client] Request (TestNetworkAdvancedServerOps:test_server_connectivity_pause_unpause): 200 GET http://10.0.2.15:9696/v2.0/ports?status=ACTIVE&amp;fixed_ip=None&amp;device_id=90611b6c-7faa-46a7-8000-fbf21f7a812c 0.032s
2015-12-16 14:32:18,836 25372 DEBUG    [tempest_lib.common.rest_client] Request - Headers: {'Content-Type': 'application/json', 'Accept': 'application/json', 'X-Auth-Token': '&lt;omitted&gt;'}
        Body: None
    Response - Headers: {'status': '200', 'content-length': '895', 'content-location': 'http://10.0.2.15:9696/v2.0/ports?status=ACTIVE&amp;fixed_ip=None&amp;device_id=90611b6c-7faa-46a7-8000-fbf21f7a812c', 'connection': 'close', 'date': 'Wed, 16 Dec 2015 14:32:18 GMT', 'content-type': 'application/json; charset=UTF-8', 'x-openstack-request-id': 'req-77a6e8f1-4690-4a86-8142-99cda3b9deff'}
        Body: {"ports": [{"status": "ACTIVE", "binding:host_id": "vagrant-ubuntu-trusty-64", "allowed_address_pairs": [], "extra_dhcp_opts": [], "dns_assignment": [{"hostname": "host-10-100-0-3", "ip_address": "10.100.0.3", "fqdn": "host-10-100-0-3.openstacklocal."}], "device_owner": "compute:None", "port_security_enabled": true, "binding:profile": {}, "fixed_ips": [{"subnet_id": "1d4b9e8a-67db-485c-88df-1bfb64a9c944", "ip_address": "10.100.0.3"}], "id": "8148ce52-e203-484a-a9fa-403d4f18ee59", "security_groups": ["827800e0-5164-4c45-8368-7cece4ee03a5"], "device_id": "90611b6c-7faa-46a7-8000-fbf21f7a812c", "name": "", "admin_state_up": true, "network_id": "2b2e86d0-1e4b-4544-9898-a69e74dc5707", "dns_name": "", "binding:vif_details": {"port_filter": true}, "binding:vnic_type": "normal", "binding:vif_type": "ovs", "tenant_id": "aef49c3353cb495c9c927dc191718b0c", "mac_address": "fa:16:3e:dc:de:e7"}]}
2015-12-16 14:32:19,556 25372 INFO     [tempest_lib.common.rest_client] Request (TestNetworkAdvancedServerOps:test_server_connectivity_pause_unpause): 201 POST http://10.0.2.15:9696/v2.0/floatingips 0.720s
2015-12-16 14:32:19,557 25372 DEBUG    [tempest_lib.common.rest_client] Request - Headers: {'Content-Type': 'application/json', 'Accept': 'application/json', 'X-Auth-Token': '&lt;omitted&gt;'}
        Body: {"floatingip": {"floating_network_id": "2bb15bea-0770-4616-919d-b4dc6d8d9a98", "tenant_id": "aef49c3353cb495c9c927dc191718b0c", "fixed_ip_address": "10.100.0.3", "port_id": "8148ce52-e203-484a-a9fa-403d4f18ee59"}}
    Response - Headers: {'status': '201', 'content-length': '367', 'connection': 'close', 'date': 'Wed, 16 Dec 2015 14:32:19 GMT', 'content-type': 'application/json; charset=UTF-8', 'x-openstack-request-id': 'req-20e60ebe-3c14-4283-95f2-bbf122740fd4'}
        Body: {"floatingip": {"floating_network_id": "2bb15bea-0770-4616-919d-b4dc6d8d9a98", "router_id": "56748dca-5bd8-4773-b7e5-8465519ddc89", "fixed_ip_address": "10.100.0.3", "floating_ip_address": "172.24.4.4", "tenant_id": "aef49c3353cb495c9c927dc191718b0c", "status": "DOWN", "port_id": "8148ce52-e203-484a-a9fa-403d4f18ee59", "id": "fd14248e-225e-410c-a2d0-d30885c50736"}}
2015-12-16 14:32:19,778 25372 INFO     [tempest_lib.common.rest_client] Request (TestNetworkAdvancedServerOps:test_server_connectivity_pause_unpause): 200 GET http://10.0.2.15:8774/v2.1/aef49c3353cb495c9c927dc191718b0c/servers/90611b6c-7faa-46a7-8000-fbf21f7a812c 0.221s
2015-12-16 14:32:19,779 25372 DEBUG    [tempest_lib.common.rest_client] Request - Headers: {'Content-Type': 'application/json', 'Accept': 'application/json', 'X-Auth-Token': '&lt;omitted&gt;'}
        Body: None
    Response - Headers: {'status': '200', 'content-length': '1661', 'content-location': 'http://10.0.2.15:8774/v2.1/aef49c3353cb495c9c927dc191718b0c/servers/90611b6c-7faa-46a7-8000-fbf21f7a812c', 'x-compute-request-id': 'req-f9f83ad4-fe37-4669-b7ee-5cd945a27932', 'vary': 'X-OpenStack-Nova-API-Version', 'connection': 'close', 'x-openstack-nova-api-version': '2.1', 'date': 'Wed, 16 Dec 2015 14:32:19 GMT', 'content-type': 'application/json'}
        Body: {"server": {"status": "ACTIVE", "updated": "2015-12-16T14:32:17Z", "hostId": "9a358a7bd4e446601f9cc16909b40fb5c91c69ad0c4534af67293fd6", "addresses": {"tempest-network-smoke--1983734325": [{"OS-EXT-IPS-MAC:mac_addr": "fa:16:3e:dc:de:e7", "version": 4, "addr": "10.100.0.3", "OS-EXT-IPS:type": "fixed"}]}, "links": [{"href": "http://10.0.2.15:8774/v2.1/aef49c3353cb495c9c927dc191718b0c/servers/90611b6c-7faa-46a7-8000-fbf21f7a812c", "rel": "self"}, {"href": "http://10.0.2.15:8774/aef49c3353cb495c9c927dc191718b0c/servers/90611b6c-7faa-46a7-8000-fbf21f7a812c", "rel": "bookmark"}], "key_name": "tempest-TestNetworkAdvancedServerOps-1831770187", "image": {"id": "75694b6c-cb1b-4a1a-b136-66ca3fc62f58", "links": [{"href": "http://10.0.2.15:8774/aef49c3353cb495c9c927dc191718b0c/images/75694b6c-cb1b-4a1a-b136-66ca3fc62f58", "rel": "bookmark"}]}, "OS-EXT-STS:task_state": null, "OS-EXT-STS:vm_state": "active", "OS-SRV-USG:launched_at": "2015-12-16T14:32:17.000000", "flavor": {"id": "42", "links": [{"href": "http://10.0.2.15:8774/aef49c3353cb495c9c927dc191718b0c/flavors/42", "rel": "bookmark"}]}, "id": "90611b6c-7faa-46a7-8000-fbf21f7a812c", "security_groups": [{"name": "tempest-secgroup-smoke-935046208"}], "OS-SRV-USG:terminated_at": null, "OS-EXT-AZ:availability_zone": "nova", "user_id": "0e984676eaf94a8eb413b48db04cae51", "name": "tempest.common.compute-instance-914036912", "created": "2015-12-16T14:32:14Z", "tenant_id": "aef49c3353cb495c9c927dc191718b0c", "OS-DCF:diskConfig": "MANUAL", "os-extended-volumes:volumes_attached": [], "accessIPv4": "", "accessIPv6": "", "progress": 0, "OS-EXT-STS:power_state": 1, "config_drive": "True", "metadata": {}}}
2015-12-16 14:32:19,787 25372 INFO     [tempest.scenario.manager] Tenant networks not configured to be reachable.
2015-12-16 14:32:19,803 25372 INFO     [tempest_lib.common.rest_client] Request (TestNetworkAdvancedServerOps:test_server_connectivity_pause_unpause): 200 GET http://10.0.2.15:9696/v2.0/floatingips/fd14248e-225e-410c-a2d0-d30885c50736 0.015s
2015-12-16 14:32:19,803 25372 DEBUG    [tempest_lib.common.rest_client] Request - Headers: {'Content-Type': 'application/json', 'Accept': 'application/json', 'X-Auth-Token': '&lt;omitted&gt;'}
        Body: None
    Response - Headers: {'status': '200', 'content-length': '367', 'content-location': 'http://10.0.2.15:9696/v2.0/floatingips/fd14248e-225e-410c-a2d0-d30885c50736', 'connection': 'close', 'date': 'Wed, 16 Dec 2015 14:32:19 GMT', 'content-type': 'application/json; charset=UTF-8', 'x-openstack-request-id': 'req-8e95d075-b8f9-4488-acd0-505d57b96ebd'}
        Body: {"floatingip": {"floating_network_id": "2bb15bea-0770-4616-919d-b4dc6d8d9a98", "router_id": "56748dca-5bd8-4773-b7e5-8465519ddc89", "fixed_ip_address": "10.100.0.3", "floating_ip_address": "172.24.4.4", "tenant_id": "aef49c3353cb495c9c927dc191718b0c", "status": "DOWN", "port_id": "8148ce52-e203-484a-a9fa-403d4f18ee59", "id": "fd14248e-225e-410c-a2d0-d30885c50736"}}
2015-12-16 14:32:20,820 25372 INFO     [tempest_lib.common.rest_client] Request (TestNetworkAdvancedServerOps:test_server_connectivity_pause_unpause): 200 GET http://10.0.2.15:9696/v2.0/floatingips/fd14248e-225e-410c-a2d0-d30885c50736 0.015s
2015-12-16 14:32:20,820 25372 DEBUG    [tempest_lib.common.rest_client] Request - Headers: {'Content-Type': 'application/json', 'Accept': 'application/json', 'X-Auth-Token': '&lt;omitted&gt;'}
        Body: None
    Response - Headers: {'status': '200', 'content-length': '369', 'content-location': 'http://10.0.2.15:9696/v2.0/floatingips/fd14248e-225e-410c-a2d0-d30885c50736', 'connection': 'close', 'date': 'Wed, 16 Dec 2015 14:32:20 GMT', 'content-type': 'application/json; charset=UTF-8', 'x-openstack-request-id': 'req-c6e3f9f8-5bbb-4a21-ae58-bf26ec0030bd'}
        Body: {"floatingip": {"floating_network_id": "2bb15bea-0770-4616-919d-b4dc6d8d9a98", "router_id": "56748dca-5bd8-4773-b7e5-8465519ddc89", "fixed_ip_address": "10.100.0.3", "floating_ip_address": "172.24.4.4", "tenant_id": "aef49c3353cb495c9c927dc191718b0c", "status": "ACTIVE", "port_id": "8148ce52-e203-484a-a9fa-403d4f18ee59", "id": "fd14248e-225e-410c-a2d0-d30885c50736"}}
2015-12-16 14:32:20,820 25372 INFO     [tempest.scenario.manager] FloatingIP: &lt;"FloatingIP" addr="172.24.4.4" id="fd14248e-225e-410c-a2d0-d30885c50736"&gt; is at status: ACTIVE
2015-12-16 14:32:20,821 25372 DEBUG    [tempest.scenario.manager] checking network connections to IP 172.24.4.4 with user: cirros
2015-12-16 14:32:20,821 25372 DEBUG    [tempest.scenario.manager] TestNetworkAdvancedServerOps:test_server_connectivity_pause_unpause begins to ping 172.24.4.4 in 120 sec and the expected result is reachable
2015-12-16 14:34:21,153 25372 DEBUG    [tempest.scenario.manager] TestNetworkAdvancedServerOps:test_server_connectivity_pause_unpause finishes ping 172.24.4.4 in 120 sec and the ping result is unexpected
2015-12-16 14:34:21,155 25372 ERROR    [tempest.scenario.manager] Public network connectivity check failed
2015-12-16 14:34:21.155 25372 ERROR tempest.scenario.manager Traceback (most recent call last):
2015-12-16 14:34:21.155 25372 ERROR tempest.scenario.manager   File "tempest/scenario/manager.py", line 608, in check_public_network_connectivity
2015-12-16 14:34:21.155 25372 ERROR tempest.scenario.manager     should_connect=should_connect)
2015-12-16 14:34:21.155 25372 ERROR tempest.scenario.manager   File "tempest/scenario/manager.py", line 592, in check_vm_connectivity
2015-12-16 14:34:21.155 25372 ERROR tempest.scenario.manager     msg=msg)
2015-12-16 14:34:21.155 25372 ERROR tempest.scenario.manager   File "/usr/local/lib/python2.7/dist-packages/unittest2/case.py", line 702, in assertTrue
2015-12-16 14:34:21.155 25372 ERROR tempest.scenario.manager     raise self.failureException(msg)
2015-12-16 14:34:21.155 25372 ERROR tempest.scenario.manager AssertionError: False is not true : Timed out waiting for 172.24.4.4 to become reachable
2015-12-16 14:34:21.155 25372 ERROR tempest.scenario.manager 
2015-12-16 14:34:21,369 25372 INFO     [tempest_lib.common.rest_client] Request (TestNetworkAdvancedServerOps:test_server_connectivity_pause_unpause): 200 POST http://10.0.2.15:8774/v2.1/aef49c3353cb495c9c927dc191718b0c/servers/90611b6c-7faa-46a7-8000-fbf21f7a812c/action 0.210s
2015-12-16 14:34:21,369 25372 DEBUG    [tempest_lib.common.rest_client] Request - Headers: {'Content-Type': 'application/json', 'Accept': 'application/json', 'X-Auth-Token': '&lt;omitted&gt;'}
        Body: {"os-getConsoleOutput": {}}
    Response - Headers: {'status': '200', 'content-length': '17509', 'x-compute-request-id': 'req-1eec605d-10fa-4cff-8b70-0cad72f56e0f', 'vary': 'X-OpenStack-Nova-API-Version', 'connection': 'close', 'x-openstack-nova-api-version': '2.1', 'date': 'Wed, 16 Dec 2015 14:34:21 GMT', 'content-type': 'application/json'}
        Body: {"output": "[    0.000000] Initializing cgroup subsys cpuset\n[    0.000000] Initializing cgroup subsys cpu\n[    0.000000] Linux version 3.2.0-80-virtual (buildd@batsu) (gcc version 4.6.3 (Ubuntu/Linaro 4.6.3-1ubuntu5) ) #116-Ubuntu SMP Mon Mar 23 17:28:52 UTC 2015 (Ubuntu 3.2.0-80.116-virtual 3.2.68)\n[    0.000000] Command line: root=/dev/vda console=tty0 console=ttyS0 no_timer_check\n[    0.000000] KERNEL supported cpus:\n[    0.000000]   Intel GenuineIntel\n[    0.000000]   AMD AuthenticAMD\n[    0.000000]   Centaur CentaurHauls\n[    0.000000] BIOS-provided physical RAM map:\n[    0.000000]  BIOS-e820: 0000000000000000 - 000000000009fc00 (usable)\n[    0.000000]  BIOS-e820: 000000000009fc00 - 00000000000a0000 (reserved)\n[    0.000000]  BIOS-e820: 00000000000f0000 - 0000000000100000 (reserved)\n[    0.000000]  BIOS-e820: 0000000000100000 - 0000000003ffe000 (usable)\n[    0.000000]  BIOS-e820: 0000000003ffe000 - 0000000004000000 (reserved)\n[    0.000000]  BIOS-e820: 00000000fffc0000 - 0000000100000000 (reserved)\n[    0.000000] NX (Execute Disable) protection: active\n[    0.000000] SMBIOS 2.4 present.\n[    0.000000] No AGP bridge found\n[    0.000000] last_pfn = 0x3ffe max_arch_pfn = 0x400000000\n[    0.000000] x86 PAT enabled: cpu 0, old 0x7040600070406, new 0x7010600070106\n[    0.000000] found SMP MP-table at [ffff8800000f0b00] f0b00\n[    0.000000] init_memory_mapping: 0000000000000000-0000000003ffe000\n[    0.000000] RAMDISK: 03c5e000 - 03ff0000\n[    0.000000] ACPI: RSDP 00000000000f0950 00014 (v00 BOCHS )\n[    0.000000] ACPI: RSDT 0000000003fffbc1 00034 (v01 BOCHS  BXPCRSDT 00000001 BXPC 00000001)\n[    0.000000] ACPI: FACP 0000000003fff1c0 00074 (v01 BOCHS  BXPCFACP 00000001 BXPC 00000001)\n[    0.000000] ACPI: DSDT 0000000003ffe040 01180 (v01 BOCHS  BXPCDSDT 00000001 BXPC 00000001)\n[    0.000000] ACPI: FACS 0000000003ffe000 00040\n[    0.000000] ACPI: SSDT 0000000003fff234 008DD (v01 BOCHS  BXPCSSDT 00000001 BXPC 00000001)\n[    0.000000] ACPI: APIC 0000000003fffb11 00078 (v01 BOCHS  BXPCAPIC 00000001 BXPC 00000001)\n[    0.000000] ACPI: HPET 0000000003fffb89 00038 (v01 BOCHS  BXPCHPET 00000001 BXPC 00000001)\n[    0.000000] No NUMA configuration found\n[    0.000000] Faking a node at 0000000000000000-0000000003ffe000\n[    0.000000] Initmem setup node 0 0000000000000000-0000000003ffe000\n[    0.000000]   NODE_DATA [0000000003ff6000 - 0000000003ffafff]\n[    0.000000] Zone PFN ranges:\n[    0.000000]   DMA      0x00000010 -&gt; 0x00001000\n[    0.000000]   DMA32    0x00001000 -&gt; 0x00100000\n[    0.000000]   Normal   empty\n[    0.000000] Movable zone start PFN for each node\n[    0.000000] early_node_map[2] active PFN ranges\n[    0.000000]     0: 0x00000010 -&gt; 0x0000009f\n[    0.000000]     0: 0x00000100 -&gt; 0x00003ffe\n[    0.000000] ACPI: PM-Timer IO Port: 0xb008\n[    0.000000] ACPI: LAPIC (acpi_id[0x00] lapic_id[0x00] enabled)\n[    0.000000] ACPI: LAPIC_NMI (acpi_id[0xff] dfl dfl lint[0x1])\n[    0.000000] ACPI: IOAPIC (id[0x00] address[0xfec00000] gsi_base[0])\n[    0.000000] IOAPIC[0]: apic_id 0, version 17, address 0xfec00000, GSI 0-23\n[    0.000000] ACPI: INT_SRC_OVR (bus 0 bus_irq 0 global_irq 2 dfl dfl)\n[    0.000000] ACPI: INT_SRC_OVR (bus 0 bus_irq 5 global_irq 5 high level)\n[    0.000000] ACPI: INT_SRC_OVR (bus 0 bus_irq 9 global_irq 9 high level)\n[    0.000000] ACPI: INT_SRC_OVR (bus 0 bus_irq 10 global_irq 10 high level)\n[    0.000000] ACPI: INT_SRC_OVR (bus 0 bus_irq 11 global_irq 11 high level)\n[    0.000000] Using ACPI (MADT) for SMP configuration information\n[    0.000000] ACPI: HPET id: 0x8086a201 base: 0xfed00000\n[    0.000000] SMP: Allowing 1 CPUs, 0 hotplug CPUs\n[    0.000000] PM: Registered nosave memory: 000000000009f000 - 00000000000a0000\n[    0.000000] PM: Registered nosave memory: 00000000000a0000 - 00000000000f0000\n[    0.000000] PM: Registered nosave memory: 00000000000f0000 - 0000000000100000\n[    0.000000] Allocating PCI resources starting at 4000000 (gap: 4000000:fbfc0000)\n[    0.000000] Booting paravirtualized kernel on bare hardware\n[    0.000000] setup_pe
2015-12-16 14:34:21,372 25372 DEBUG    [tempest.scenario.manager] Console output for 90611b6c-7faa-46a7-8000-fbf21f7a812c
body=
[    0.000000] Initializing cgroup subsys cpuset
[    0.000000] Initializing cgroup subsys cpu
[    0.000000] Linux version 3.2.0-80-virtual (buildd@batsu) (gcc version 4.6.3 (Ubuntu/Linaro 4.6.3-1ubuntu5) ) #116-Ubuntu SMP Mon Mar 23 17:28:52 UTC 2015 (Ubuntu 3.2.0-80.116-virtual 3.2.68)
[    0.000000] Command line: root=/dev/vda console=tty0 console=ttyS0 no_timer_check
[    0.000000] KERNEL supported cpus:
[    0.000000]   Intel GenuineIntel
[    0.000000]   AMD AuthenticAMD
[    0.000000]   Centaur CentaurHauls
[    0.000000] BIOS-provided physical RAM map:
[    0.000000]  BIOS-e820: 0000000000000000 - 000000000009fc00 (usable)
[    0.000000]  BIOS-e820: 000000000009fc00 - 00000000000a0000 (reserved)
[    0.000000]  BIOS-e820: 00000000000f0000 - 0000000000100000 (reserved)
[    0.000000]  BIOS-e820: 0000000000100000 - 0000000003ffe000 (usable)
[    0.000000]  BIOS-e820: 0000000003ffe000 - 0000000004000000 (reserved)
[    0.000000]  BIOS-e820: 00000000fffc0000 - 0000000100000000 (reserved)
[    0.000000] NX (Execute Disable) protection: active
[    0.000000] SMBIOS 2.4 present.
[    0.000000] No AGP bridge found
[    0.000000] last_pfn = 0x3ffe max_arch_pfn = 0x400000000
[    0.000000] x86 PAT enabled: cpu 0, old 0x7040600070406, new 0x7010600070106
[    0.000000] found SMP MP-table at [ffff8800000f0b00] f0b00
[    0.000000] init_memory_mapping: 0000000000000000-0000000003ffe000
[    0.000000] RAMDISK: 03c5e000 - 03ff0000
[    0.000000] ACPI: RSDP 00000000000f0950 00014 (v00 BOCHS )
[    0.000000] ACPI: RSDT 0000000003fffbc1 00034 (v01 BOCHS  BXPCRSDT 00000001 BXPC 00000001)
[    0.000000] ACPI: FACP 0000000003fff1c0 00074 (v01 BOCHS  BXPCFACP 00000001 BXPC 00000001)
[    0.000000] ACPI: DSDT 0000000003ffe040 01180 (v01 BOCHS  BXPCDSDT 00000001 BXPC 00000001)
[    0.000000] ACPI: FACS 0000000003ffe000 00040
[    0.000000] ACPI: SSDT 0000000003fff234 008DD (v01 BOCHS  BXPCSSDT 00000001 BXPC 00000001)
[    0.000000] ACPI: APIC 0000000003fffb11 00078 (v01 BOCHS  BXPCAPIC 00000001 BXPC 00000001)
[    0.000000] ACPI: HPET 0000000003fffb89 00038 (v01 BOCHS  BXPCHPET 00000001 BXPC 00000001)
[    0.000000] No NUMA configuration found
[    0.000000] Faking a node at 0000000000000000-0000000003ffe000
[    0.000000] Initmem setup node 0 0000000000000000-0000000003ffe000
[    0.000000]   NODE_DATA [0000000003ff6000 - 0000000003ffafff]
[    0.000000] Zone PFN ranges:
[    0.000000]   DMA      0x00000010 -&gt; 0x00001000
[    0.000000]   DMA32    0x00001000 -&gt; 0x00100000
[    0.000000]   Normal   empty
[    0.000000] Movable zone start PFN for each node
[    0.000000] early_node_map[2] active PFN ranges
[    0.000000]     0: 0x00000010 -&gt; 0x0000009f
[    0.000000]     0: 0x00000100 -&gt; 0x00003ffe
[    0.000000] ACPI: PM-Timer IO Port: 0xb008
[    0.000000] ACPI: LAPIC (acpi_id[0x00] lapic_id[0x00] enabled)
[    0.000000] ACPI: LAPIC_NMI (acpi_id[0xff] dfl dfl lint[0x1])
[    0.000000] ACPI: IOAPIC (id[0x00] address[0xfec00000] gsi_base[0])
[    0.000000] IOAPIC[0]: apic_id 0, version 17, address 0xfec00000, GSI 0-23
[    0.000000] ACPI: INT_SRC_OVR (bus 0 bus_irq 0 global_irq 2 dfl dfl)
[    0.000000] ACPI: INT_SRC_OVR (bus 0 bus_irq 5 global_irq 5 high level)
[    0.000000] ACPI: INT_SRC_OVR (bus 0 bus_irq 9 global_irq 9 high level)
[    0.000000] ACPI: INT_SRC_OVR (bus 0 bus_irq 10 global_irq 10 high level)
[    0.000000] ACPI: INT_SRC_OVR (bus 0 bus_irq 11 global_irq 11 high level)
[    0.000000] Using ACPI (MADT) for SMP configuration information
[    0.000000] ACPI: HPET id: 0x8086a201 base: 0xfed00000
[    0.000000] SMP: Allowing 1 CPUs, 0 hotplug CPUs
[    0.000000] PM: Registered nosave memory: 000000000009f000 - 00000000000a0000
[    0.000000] PM: Registered nosave memory: 00000000000a0000 - 00000000000f0000
[    0.000000] PM: Registered nosave memory: 00000000000f0000 - 0000000000100000
[    0.000000] Allocating PCI resources starting at 4000000 (gap: 4000000:fbfc0000)
[    0.000000] Booting paravirtualized kernel on bare hardware
[    0.000000] setup_percpu: NR_CPUS:64 nr_cpumask_bits:64 nr_cpu_ids:1 nr_node_ids:1
[    0.000000] PERCPU: Embedded 27 pages/cpu @ffff880003a00000 s78848 r8192 d23552 u2097152
[    0.000000] Built 1 zonelists in Node order, mobility grouping on.  Total pages: 16008
[    0.000000] Policy zone: DMA32
[    0.000000] Kernel command line: root=/dev/vda console=tty0 console=ttyS0 no_timer_check
[    0.000000] PID hash table entries: 256 (order: -1, 2048 bytes)
[    0.000000] Checking aperture...
[    0.000000] No AGP bridge found
[    0.000000] Memory: 43492k/65528k available (6576k kernel code, 452k absent, 21584k reserved, 6620k data, 928k init)
[    0.000000] SLUB: Genslabs=15, HWalign=64, Order=0-3, MinObjects=0, CPUs=1, Nodes=1
[    0.000000] Hierarchical RCU implementation.
[    0.000000] 	RCU dyntick-idle grace-period acceleration is enabled.
[    0.000000] NR_IRQS:4352 nr_irqs:256 16
[    0.000000] Console: colour VGA+ 80x25
[    0.000000] console [tty0] enabled
[    0.000000] console [ttyS0] enabled
[    0.000000] allocated 1048576 bytes of page_cgroup
[    0.000000] please try 'cgroup_disable=memory' option if you don't want memory cgroups
[    0.000000] Fast TSC calibration failed
[    0.000000] TSC: Unable to calibrate against PIT
[    0.000000] TSC: using HPET reference calibration
[    0.000000] Detected 2293.370 MHz processor.
[    0.032726] Calibrating delay loop (skipped), value calculated using timer frequency.. 4586.74 BogoMIPS (lpj=9173480)
[    0.037055] pid_max: default: 32768 minimum: 301
[    0.047064] Security Framework initialized
[    0.053881] AppArmor: AppArmor initialized
[    0.054703] Yama: becoming mindful.
[    0.062752] Dentry cache hash table entries: 8192 (order: 4, 65536 bytes)
[    0.064661] Inode-cache hash table entries: 4096 (order: 3, 32768 bytes)
[    0.066485] Mount-cache hash table entries: 256
[    0.080210] Initializing cgroup subsys cpuacct
[    0.081028] Initializing cgroup subsys memory
[    0.085060] Initializing cgroup subsys devices
[    0.086444] Initializing cgroup subsys freezer
[    0.088197] Initializing cgroup subsys blkio
[    0.089217] Initializing cgroup subsys perf_event
[    0.096414] mce: CPU supports 10 MCE banks
[    0.100770] SMP alternatives: switching to UP code
[    0.512397] Freeing SMP alternatives: 24k freed
[    0.514546] ACPI: Core revision 20110623
[    0.572499] ftrace: allocating 26610 entries in 105 pages
[    0.602097] ..TIMER: vector=0x30 apic1=0 pin1=2 apic2=-1 pin2=-1
[    0.603457] CPU0: AMD QEMU Virtual CPU version 2.0.0 stepping 03
[    0.608037] Performance Events: Broken PMU hardware detected, using software events only.
[    0.625625] NMI watchdog disabled (cpu0): hardware events not enabled
[    0.628572] Brought up 1 CPUs
[    0.629145] Total of 1 processors activated (4586.74 BogoMIPS).
[    0.650503] devtmpfs: initialized
[    0.681328] EVM: security.selinux
[    0.681925] EVM: security.SMACK64
[    0.682344] EVM: security.capability
[    0.706051] print_constraints: dummy: 
[    0.708309] RTC time: 14:32:21, date: 12/16/15
[    0.710780] NET: Registered protocol family 16
[    0.719432] ACPI: bus type pci registered
[    0.722865] PCI: Using configuration type 1 for base access
[    0.753829] bio: create slab &lt;bio-0&gt; at 0
[    0.760429] ACPI: Added _OSI(Module Device)
[    0.761173] ACPI: Added _OSI(Processor Device)
[    0.761833] ACPI: Added _OSI(3.0 _SCP Extensions)
[    0.762518] ACPI: Added _OSI(Processor Aggregator Device)
[    0.849698] ACPI: Interpreter enabled
[    0.852234] ACPI: (supports S0 S3 S4 S5)
[    0.854325] ACPI: Using IOAPIC for interrupt routing
[    0.930518] ACPI: No dock devices found.
[    0.931221] HEST: Table not found.
[    0.932215] PCI: Using host bridge windows from ACPI; if necessary, use "pci=nocrs" and report a bug
[    0.938304] ACPI: PCI Root Bridge [PCI0] (domain 0000 [bus 00-ff])
[    0.944971] pci_root PNP0A03:00: host bridge window [io  0x0000-0x0cf7]
[    0.945856] pci_root PNP0A03:00: host bridge window [io  0x0d00-0xadff]
[    0.946677] pci_root PNP0A03:00: host bridge window [io  0xae0f-0xaeff]
[    0.948111] pci_root PNP0A03:00: host bridge window [io  0xaf20-0xafdf]
[    0.948944] pci_root PNP0A03:00: host bridge window [io  0xafe4-0xffff]
[    0.949832] pci_root PNP0A03:00: host bridge window [mem 0x000a0000-0x000bffff]
[    0.950885] pci_root PNP0A03:00: host bridge window [mem 0x04000000-0xfebfffff]
[    0.974301] pci 0000:00:01.3: quirk: [io  0xb000-0xb03f] claimed by PIIX4 ACPI
[    0.976189] pci 0000:00:01.3: quirk: [io  0xb100-0xb10f] claimed by PIIX4 SMB
[    1.043509]  pci0000:00: Unable to request _OSC control (_OSC support mask: 0x1e)
[    1.105106] ACPI: PCI Interrupt Link [LNKA] (IRQs 5 *10 11)
[    1.109351] ACPI: PCI Interrupt Link [LNKB] (IRQs 5 *10 11)
[    1.112136] ACPI: PCI Interrupt Link [LNKC] (IRQs 5 10 *11)
[    1.113647] ACPI: PCI Interrupt Link [LNKD] (IRQs 5 10 *11)
[    1.114785] ACPI: PCI Interrupt Link [LNKS] (IRQs *9)
[    1.121664] vgaarb: device added: PCI:0000:00:02.0,decodes=io+mem,owns=io+mem,locks=none
[    1.123181] vgaarb: loaded
[    1.124162] vgaarb: bridge control possible 0000:00:02.0
[    1.128674] i2c-core: driver [aat2870] using legacy suspend method
[    1.129545] i2c-core: driver [aat2870] using legacy resume method
[    1.131381] SCSI subsystem initialized
[    1.136422] usbcore: registered new interface driver usbfs
[    1.137739] usbcore: registered new interface driver hub
[    1.138916] usbcore: registered new device driver usb
[    1.142510] PCI: Using ACPI for IRQ routing
[    1.153777] NetLabel: Initializing
[    1.154249] NetLabel:  domain hash size = 128
[    1.154864] NetLabel:  protocols = UNLABELED CIPSOv4
[    1.157207] NetLabel:  unlabeled traffic allowed by default
[    1.160605] HPET: 3 timers in total, 0 timers will be used for per-cpu timer
[    1.161391] hpet0: at MMIO 0xfed00000, IRQs 2, 8, 0
[    1.162308] hpet0: 3 comparators, 64-bit 100.000000 MHz counter
[    1.169909] Switching to clocksource hpet
[    1.424077] AppArmor: AppArmor Filesystem Enabled
[    1.426275] pnp: PnP ACPI init
[    1.426896] ACPI: bus type pnp registered
[    1.453084] pnp: PnP ACPI: found 9 devices
[    1.453822] ACPI: ACPI bus type pnp unregistered
[    1.522585] NET: Registered protocol family 2
[    1.559882] IP route cache hash table entries: 512 (order: 0, 4096 bytes)
[    1.567738] TCP established hash table entries: 2048 (order: 3, 32768 bytes)
[    1.570116] TCP bind hash table entries: 2048 (order: 3, 32768 bytes)
[    1.571142] TCP: Hash tables configured (established 2048 bind 2048)
[    1.571942] TCP reno registered
[    1.573266] UDP hash table entries: 128 (order: 0, 4096 bytes)
[    1.574223] UDP-Lite hash table entries: 128 (order: 0, 4096 bytes)
[    1.577354] NET: Registered protocol family 1
[    1.578289] pci 0000:00:00.0: Limiting direct PCI/PCI transfers
[    1.579081] pci 0000:00:01.0: PIIX3: Enabling Passive Release
[    1.580626] pci 0000:00:01.0: Activating ISA DMA hang workarounds
[    1.588261] ACPI: PCI Interrupt Link [LNKD] enabled at IRQ 11
[    1.590877] pci 0000:00:01.2: PCI INT D -&gt; Link[LNKD] -&gt; GSI 11 (level, high) -&gt; IRQ 11
[    1.594042] pci 0000:00:01.2: PCI INT D disabled
[    1.611501] Trying to unpack rootfs image as initramfs...
[    1.636306] audit: initializing netlink socket (disabled)
[    1.638530] type=2000 audit(1450276341.636:1): initialized
[    1.934483] HugeTLB registered 2 MB page size, pre-allocated 0 pages
[    2.014768] VFS: Disk quotas dquot_6.5.2
[    2.015949] Dquot-cache hash table entries: 512 (order 0, 4096 bytes)
[    2.031819] fuse init (API version 7.17)
[    2.035407] msgmni has been set to 84
[    2.078162] Block layer SCSI generic (bsg) driver version 0.4 loaded (major 253)
[    2.079707] io scheduler noop registered
[    2.081110] io scheduler deadline registered (default)
[    2.082675] io scheduler cfq registered
[    2.086408] pci_hotplug: PCI Hot Plug PCI Core version: 0.5
[    2.088466] pciehp: PCI Express Hot Plug Controller Driver version: 0.4
[    2.094937] input: Power Button as /devices/LNXSYSTM:00/LNXPWRBN:00/input/input0
[    2.097459] ACPI: Power Button [PWRF]
[    2.138382] ERST: Table is not found!
[    2.138932] GHES: HEST is not enabled!
[    2.150626] ACPI: PCI Interrupt Link [LNKC] enabled at IRQ 10
[    2.151427] virtio-pci 0000:00:03.0: PCI INT A -&gt; Link[LNKC] -&gt; GSI 10 (level, high) -&gt; IRQ 10
[    2.154963] virtio-pci 0000:00:04.0: PCI INT A -&gt; Link[LNKD] -&gt; GSI 11 (level, high) -&gt; IRQ 11
[    2.175059] ACPI: PCI Interrupt Link [LNKA] enabled at IRQ 10
[    2.176937] virtio-pci 0000:00:05.0: PCI INT A -&gt; Link[LNKA] -&gt; GSI 10 (level, high) -&gt; IRQ 10
[    2.194508] Serial: 8250/16550 driver, 32 ports, IRQ sharing enabled
[    2.241374] serial8250: ttyS0 at I/O 0x3f8 (irq = 4) is a 16550A
[    2.321574] serial8250: ttyS1 at I/O 0x2f8 (irq = 3) is a 16550A
[    2.447523] 00:05: ttyS0 at I/O 0x3f8 (irq = 4) is a 16550A
[    2.533353] 00:06: ttyS1 at I/O 0x2f8 (irq = 3) is a 16550A
[    2.582399] Linux agpgart interface v0.103
[    2.597361] Refined TSC clocksource calibration: 2293.372 MHz.
[    2.598295] Switching to clocksource tsc
[    2.666402] brd: module loaded
[    2.701606] loop: module loaded
[    2.758109]  vda: unknown partition table
[    2.809633] scsi0 : ata_piix
[    2.811715] scsi1 : ata_piix
[    2.813611] ata1: PATA max MWDMA2 cmd 0x1f0 ctl 0x3f6 bmdma 0xc0a0 irq 14
[    2.815280] ata2: PATA max MWDMA2 cmd 0x170 ctl 0x376 bmdma 0xc0a8 irq 15
[    2.825950] Fixed MDIO Bus: probed
[    2.826860] tun: Universal TUN/TAP device driver, 1.6
[    2.827674] tun: (C) 1999-2004 Max Krasnyansky &lt;maxk@qualcomm.com&gt;
[    2.852191] PPP generic driver version 2.4.2
[    2.874646] ehci_hcd: USB 2.0 'Enhanced' Host Controller (EHCI) Driver
[    2.875739] ohci_hcd: USB 1.1 'Open' Host Controller (OHCI) Driver
[    2.878539] uhci_hcd: USB Universal Host Controller Interface driver
[    2.879562] uhci_hcd 0000:00:01.2: PCI INT D -&gt; Link[LNKD] -&gt; GSI 11 (level, high) -&gt; IRQ 11
[    2.883034] uhci_hcd 0000:00:01.2: UHCI Host Controller
[    2.894192] uhci_hcd 0000:00:01.2: new USB bus registered, assigned bus number 1
[    2.895983] uhci_hcd 0000:00:01.2: irq 11, io base 0x0000c040
[    2.929911] hub 1-0:1.0: USB hub found
[    2.932275] hub 1-0:1.0: 2 ports detected
[    2.939363] usbcore: registered new interface driver libusual
[    2.942915] i8042: PNP: PS/2 Controller [PNP0303:KBD,PNP0f13:MOU] at 0x60,0x64 irq 1,12
[    2.949459] serio: i8042 KBD port at 0x60,0x64 irq 1
[    2.950958] serio: i8042 AUX port at 0x60,0x64 irq 12
[    2.988397] mousedev: PS/2 mouse device common for all mice
[    3.009224] input: AT Translated Set 2 keyboard as /devices/platform/i8042/serio0/input/input1
[    3.017440] rtc_cmos 00:01: RTC can wake from S4
[    3.037159] rtc_cmos 00:01: rtc core: registered rtc_cmos as rtc0
[    3.043072] rtc0: alarms up to one day, 114 bytes nvram, hpet irqs
[    3.049572] device-mapper: uevent: version 1.0.3
[    3.075898] ata2.01: ATAPI: QEMU DVD-ROM, 2.0.0, max UDMA/100
[    3.101646] ata2.01: configured for MWDMA2
[    3.107345] device-mapper: ioctl: 4.22.0-ioctl (2011-10-19) initialised: dm-devel@redhat.com
[    3.110753] cpuidle: using governor ladder
[    3.111877] cpuidle: using governor menu
[    3.113141] EFI Variables Facility v0.08 2004-May-17
[    3.123092] TCP cubic registered
[    3.127314] NET: Registered protocol family 10
[    3.167601] NET: Registered protocol family 17
[    3.170690] Registering the dns_resolver key type
[    3.203053] scsi 1:0:1:0: CD-ROM            QEMU     QEMU DVD-ROM     2.0. PQ: 0 ANSI: 5
[    3.226383] sr0: scsi3-mmc drive: 4x/4x cd/rw xa/form2 tray
[    3.228594] cdrom: Uniform CD-ROM driver Revision: 3.20
[    3.246591] sr 1:0:1:0: Attached scsi generic sg0 type 5
[    3.296564] registered taskstats version 1
[    3.345421] Freeing initrd memory: 3656k freed
[    3.863543]   Magic number: 11:202:536
[    3.870980] bdi 1:14: hash matches
[    3.871995] tty ttyS16: hash matches
[    3.876826] rtc_cmos 00:01: setting system clock to 2015-12-16 14:32:25 UTC (1450276345)
[    3.879475] powernow-k8: Processor cpuid 663 not supported
[    3.886786] BIOS EDD facility v0.16 2004-Jun-25, 0 devices found
[    3.888018] EDD information not available.
[    3.963402] Freeing unused kernel memory: 928k freed
[    3.971584] Write protecting the kernel read-only data: 12288k
[    4.089353] Freeing unused kernel memory: 1596k freed
[    4.166249] Freeing unused kernel memory: 1184k freed

info: initramfs: up at 4.35
modprobe: module virtio_blk not found in modules.dep
modprobe: module virtio_net not found in modules.dep
info: copying initramfs to /dev/vda
info: initramfs loading root from /dev/vda
info: /etc/init.d/rc.sysinit: up at 9.10
info: container: none
Starting logging: OK
modprobe: module virtio_blk not found in modules.dep
modprobe: module virtio_net not found in modules.dep
WARN: /etc/rc3.d/S10-load-modules failed
Initializing random number generator... done.
Starting acpid: OK
cirros-ds 'local' up at 11.60
found datasource (configdrive, local)
Starting network...
udhcpc (v1.20.1) started
Sending discover...
Sending discover...

2015-12-16 14:34:21,655 25372 INFO     [tempest_lib.common.rest_client] Request (TestNetworkAdvancedServerOps:_run_cleanups): 204 DELETE http://10.0.2.15:9696/v2.0/floatingips/fd14248e-225e-410c-a2d0-d30885c50736 0.279s
2015-12-16 14:34:21,655 25372 DEBUG    [tempest_lib.common.rest_client] Request - Headers: {'Content-Type': 'application/json', 'Accept': 'application/json', 'X-Auth-Token': '&lt;omitted&gt;'}
        Body: None
    Response - Headers: {'date': 'Wed, 16 Dec 2015 14:34:21 GMT', 'status': '204', 'connection': 'close', 'content-length': '0', 'x-openstack-request-id': 'req-af59661b-6908-4985-83f6-165b156e0287'}
        Body: 
2015-12-16 14:34:21,872 25372 INFO     [tempest_lib.common.rest_client] Request (TestNetworkAdvancedServerOps:_run_cleanups): 204 DELETE http://10.0.2.15:8774/v2.1/aef49c3353cb495c9c927dc191718b0c/servers/90611b6c-7faa-46a7-8000-fbf21f7a812c 0.216s
2015-12-16 14:34:21,873 25372 DEBUG    [tempest_lib.common.rest_client] Request - Headers: {'Content-Type': 'application/json', 'Accept': 'application/json', 'X-Auth-Token': '&lt;omitted&gt;'}
        Body: None
    Response - Headers: {'status': '204', 'content-length': '0', 'x-compute-request-id': 'req-845babf4-c60d-4f9f-949e-714edc58f868', 'vary': 'X-OpenStack-Nova-API-Version', 'connection': 'close', 'x-openstack-nova-api-version': '2.1', 'date': 'Wed, 16 Dec 2015 14:34:21 GMT', 'content-type': 'application/json'}
        Body: 
2015-12-16 14:34:22,138 25372 INFO     [tempest_lib.common.rest_client] Request (TestNetworkAdvancedServerOps:_run_cleanups): 200 GET http://10.0.2.15:8774/v2.1/aef49c3353cb495c9c927dc191718b0c/servers/90611b6c-7faa-46a7-8000-fbf21f7a812c 0.264s
2015-12-16 14:34:22,138 25372 DEBUG    [tempest_lib.common.rest_client] Request - Headers: {'Content-Type': 'application/json', 'Accept': 'application/json', 'X-Auth-Token': '&lt;omitted&gt;'}
        Body: None
    Response - Headers: {'status': '200', 'content-length': '1784', 'content-location': 'http://10.0.2.15:8774/v2.1/aef49c3353cb495c9c927dc191718b0c/servers/90611b6c-7faa-46a7-8000-fbf21f7a812c', 'x-compute-request-id': 'req-87443555-6cfa-4463-9a46-e139d3d0e130', 'vary': 'X-OpenStack-Nova-API-Version', 'connection': 'close', 'x-openstack-nova-api-version': '2.1', 'date': 'Wed, 16 Dec 2015 14:34:22 GMT', 'content-type': 'application/json'}
        Body: {"server": {"status": "ACTIVE", "updated": "2015-12-16T14:34:21Z", "hostId": "9a358a7bd4e446601f9cc16909b40fb5c91c69ad0c4534af67293fd6", "addresses": {"tempest-network-smoke--1983734325": [{"OS-EXT-IPS-MAC:mac_addr": "fa:16:3e:dc:de:e7", "version": 4, "addr": "10.100.0.3", "OS-EXT-IPS:type": "fixed"}, {"OS-EXT-IPS-MAC:mac_addr": "fa:16:3e:dc:de:e7", "version": 4, "addr": "172.24.4.4", "OS-EXT-IPS:type": "floating"}]}, "links": [{"href": "http://10.0.2.15:8774/v2.1/aef49c3353cb495c9c927dc191718b0c/servers/90611b6c-7faa-46a7-8000-fbf21f7a812c", "rel": "self"}, {"href": "http://10.0.2.15:8774/aef49c3353cb495c9c927dc191718b0c/servers/90611b6c-7faa-46a7-8000-fbf21f7a812c", "rel": "bookmark"}], "key_name": "tempest-TestNetworkAdvancedServerOps-1831770187", "image": {"id": "75694b6c-cb1b-4a1a-b136-66ca3fc62f58", "links": [{"href": "http://10.0.2.15:8774/aef49c3353cb495c9c927dc191718b0c/images/75694b6c-cb1b-4a1a-b136-66ca3fc62f58", "rel": "bookmark"}]}, "OS-EXT-STS:task_state": "deleting", "OS-EXT-STS:vm_state": "active", "OS-SRV-USG:launched_at": "2015-12-16T14:32:17.000000", "flavor": {"id": "42", "links": [{"href": "http://10.0.2.15:8774/aef49c3353cb495c9c927dc191718b0c/flavors/42", "rel": "bookmark"}]}, "id": "90611b6c-7faa-46a7-8000-fbf21f7a812c", "security_groups": [{"name": "tempest-secgroup-smoke-935046208"}], "OS-SRV-USG:terminated_at": null, "OS-EXT-AZ:availability_zone": "nova", "user_id": "0e984676eaf94a8eb413b48db04cae51", "name": "tempest.common.compute-instance-914036912", "created": "2015-12-16T14:32:14Z", "tenant_id": "aef49c3353cb495c9c927dc191718b0c", "OS-DCF:diskConfig": "MANUAL", "os-extended-volumes:volumes_attached": [], "accessIPv4": "", "accessIPv6": "", "progress": 0, "OS-EXT-STS:power_state": 1, "config_drive": "True", "metadata": {}}}
2015-12-16 14:34:23,316 25372 INFO     [tempest_lib.common.rest_client] Request (TestNetworkAdvancedServerOps:_run_cleanups): 200 GET http://10.0.2.15:8774/v2.1/aef49c3353cb495c9c927dc191718b0c/servers/90611b6c-7faa-46a7-8000-fbf21f7a812c 0.166s
2015-12-16 14:34:23,317 25372 DEBUG    [tempest_lib.common.rest_client] Request - Headers: {'Content-Type': 'application/json', 'Accept': 'application/json', 'X-Auth-Token': '&lt;omitted&gt;'}
        Body: None
    Response - Headers: {'status': '200', 'content-length': '1717', 'content-location': 'http://10.0.2.15:8774/v2.1/aef49c3353cb495c9c927dc191718b0c/servers/90611b6c-7faa-46a7-8000-fbf21f7a812c', 'x-compute-request-id': 'req-648ac073-f5e6-4100-8b8f-d43a52721fc3', 'vary': 'X-OpenStack-Nova-API-Version', 'connection': 'close', 'x-openstack-nova-api-version': '2.1', 'date': 'Wed, 16 Dec 2015 14:34:23 GMT', 'content-type': 'application/json'}
        Body: {"server": {"status": "ACTIVE", "updated": "2015-12-16T14:34:22Z", "hostId": "9a358a7bd4e446601f9cc16909b40fb5c91c69ad0c4534af67293fd6", "addresses": {"tempest-network-smoke--1983734325": [{"OS-EXT-IPS-MAC:mac_addr": "fa:16:3e:dc:de:e7", "version": 4, "addr": "10.100.0.3", "OS-EXT-IPS:type": "fixed"}, {"OS-EXT-IPS-MAC:mac_addr": "fa:16:3e:dc:de:e7", "version": 4, "addr": "172.24.4.4", "OS-EXT-IPS:type": "floating"}]}, "links": [{"href": "http://10.0.2.15:8774/v2.1/aef49c3353cb495c9c927dc191718b0c/servers/90611b6c-7faa-46a7-8000-fbf21f7a812c", "rel": "self"}, {"href": "http://10.0.2.15:8774/aef49c3353cb495c9c927dc191718b0c/servers/90611b6c-7faa-46a7-8000-fbf21f7a812c", "rel": "bookmark"}], "key_name": "tempest-TestNetworkAdvancedServerOps-1831770187", "image": {"id": "75694b6c-cb1b-4a1a-b136-66ca3fc62f58", "links": [{"href": "http://10.0.2.15:8774/aef49c3353cb495c9c927dc191718b0c/images/75694b6c-cb1b-4a1a-b136-66ca3fc62f58", "rel": "bookmark"}]}, "OS-EXT-STS:task_state": "deleting", "OS-EXT-STS:vm_state": "active", "OS-SRV-USG:launched_at": "2015-12-16T14:32:17.000000", "flavor": {"id": "42", "links": [{"href": "http://10.0.2.15:8774/aef49c3353cb495c9c927dc191718b0c/flavors/42", "rel": "bookmark"}]}, "id": "90611b6c-7faa-46a7-8000-fbf21f7a812c", "OS-SRV-USG:terminated_at": null, "OS-EXT-AZ:availability_zone": "nova", "user_id": "0e984676eaf94a8eb413b48db04cae51", "name": "tempest.common.compute-instance-914036912", "created": "2015-12-16T14:32:14Z", "tenant_id": "aef49c3353cb495c9c927dc191718b0c", "OS-DCF:diskConfig": "MANUAL", "os-extended-volumes:volumes_attached": [], "accessIPv4": "", "accessIPv6": "", "progress": 0, "OS-EXT-STS:power_state": 1, "config_drive": "True", "metadata": {}}}
2015-12-16 14:34:24,411 25372 INFO     [tempest_lib.common.rest_client] Request (TestNetworkAdvancedServerOps:_run_cleanups): 404 GET http://10.0.2.15:8774/v2.1/aef49c3353cb495c9c927dc191718b0c/servers/90611b6c-7faa-46a7-8000-fbf21f7a812c 0.083s
2015-12-16 14:34:24,411 25372 DEBUG    [tempest_lib.common.rest_client] Request - Headers: {'Content-Type': 'application/json', 'Accept': 'application/json', 'X-Auth-Token': '&lt;omitted&gt;'}
        Body: None
    Response - Headers: {'status': '404', 'content-length': '111', 'x-compute-request-id': 'req-3f1b5ed0-ad87-4ae3-9348-d9b15952c284', 'vary': 'X-OpenStack-Nova-API-Version', 'connection': 'close', 'x-openstack-nova-api-version': '2.1', 'date': 'Wed, 16 Dec 2015 14:34:24 GMT', 'content-type': 'application/json; charset=UTF-8'}
        Body: {"itemNotFound": {"message": "Instance 90611b6c-7faa-46a7-8000-fbf21f7a812c could not be found.", "code": 404}}
2015-12-16 14:34:24,846 25372 INFO     [tempest_lib.common.rest_client] Request (TestNetworkAdvancedServerOps:_run_cleanups): 200 PUT http://10.0.2.15:9696/v2.0/routers/56748dca-5bd8-4773-b7e5-8465519ddc89/remove_router_interface 0.433s
2015-12-16 14:34:24,846 25372 DEBUG    [tempest_lib.common.rest_client] Request - Headers: {'Content-Type': 'application/json', 'Accept': 'application/json', 'X-Auth-Token': '&lt;omitted&gt;'}
        Body: {"subnet_id": "1d4b9e8a-67db-485c-88df-1bfb64a9c944"}
    Response - Headers: {'status': '200', 'content-length': '255', 'connection': 'close', 'date': 'Wed, 16 Dec 2015 14:34:24 GMT', 'content-type': 'application/json; charset=UTF-8', 'x-openstack-request-id': 'req-6b67756b-1010-44d8-80f9-2c2809873e5b'}
        Body: {"subnet_id": "1d4b9e8a-67db-485c-88df-1bfb64a9c944", "tenant_id": "aef49c3353cb495c9c927dc191718b0c", "subnet_ids": ["1d4b9e8a-67db-485c-88df-1bfb64a9c944"], "port_id": "fa1a7a66-bec8-41a7-b90d-e0e4b406a70f", "id": "56748dca-5bd8-4773-b7e5-8465519ddc89"}
2015-12-16 14:34:25,405 25372 INFO     [tempest_lib.common.rest_client] Request (TestNetworkAdvancedServerOps:_run_cleanups): 204 DELETE http://10.0.2.15:9696/v2.0/subnets/1d4b9e8a-67db-485c-88df-1bfb64a9c944 0.557s
2015-12-16 14:34:25,405 25372 DEBUG    [tempest_lib.common.rest_client] Request - Headers: {'Content-Type': 'application/json', 'Accept': 'application/json', 'X-Auth-Token': '&lt;omitted&gt;'}
        Body: None
    Response - Headers: {'date': 'Wed, 16 Dec 2015 14:34:25 GMT', 'status': '204', 'connection': 'close', 'content-length': '0', 'x-openstack-request-id': 'req-1e163d40-1cd3-40f0-9f84-e5a234385310'}
        Body: 
2015-12-16 14:34:25,473 25372 INFO     [tempest_lib.common.rest_client] Request (TestNetworkAdvancedServerOps:_run_cleanups): 200 GET http://10.0.2.15:9696/v2.0/routers/56748dca-5bd8-4773-b7e5-8465519ddc89 0.066s
2015-12-16 14:34:25,473 25372 DEBUG    [tempest_lib.common.rest_client] Request - Headers: {'Content-Type': 'application/json', 'Accept': 'application/json', 'X-Auth-Token': '&lt;omitted&gt;'}
        Body: None
    Response - Headers: {'status': '200', 'content-length': '563', 'content-location': 'http://10.0.2.15:9696/v2.0/routers/56748dca-5bd8-4773-b7e5-8465519ddc89', 'connection': 'close', 'date': 'Wed, 16 Dec 2015 14:34:25 GMT', 'content-type': 'application/json; charset=UTF-8', 'x-openstack-request-id': 'req-68d73007-90cb-407c-b973-519d6ec8b0af'}
        Body: {"router": {"status": "ACTIVE", "external_gateway_info": {"network_id": "2bb15bea-0770-4616-919d-b4dc6d8d9a98", "enable_snat": true, "external_fixed_ips": [{"subnet_id": "182bc567-3246-45e6-bba4-a182202d1355", "ip_address": "172.24.4.3"}, {"subnet_id": "45886202-f0cf-49d5-8243-656b2541cc2b", "ip_address": "2001:db8::4"}]}, "availability_zone_hints": [], "availability_zones": ["nova"], "name": "tempest-router-smoke-139753560", "admin_state_up": true, "tenant_id": "aef49c3353cb495c9c927dc191718b0c", "routes": [], "id": "56748dca-5bd8-4773-b7e5-8465519ddc89"}}
2015-12-16 14:34:25,982 25372 INFO     [tempest_lib.common.rest_client] Request (TestNetworkAdvancedServerOps:_run_cleanups): 200 PUT http://10.0.2.15:9696/v2.0/routers/56748dca-5bd8-4773-b7e5-8465519ddc89 0.507s
2015-12-16 14:34:25,983 25372 DEBUG    [tempest_lib.common.rest_client] Request - Headers: {'Content-Type': 'application/json', 'Accept': 'application/json', 'X-Auth-Token': '&lt;omitted&gt;'}
        Body: {"router": {"external_gateway_info": {}, "name": "tempest-router-smoke-139753560", "admin_state_up": true}}
    Response - Headers: {'status': '200', 'content-length': '301', 'connection': 'close', 'date': 'Wed, 16 Dec 2015 14:34:25 GMT', 'content-type': 'application/json; charset=UTF-8', 'x-openstack-request-id': 'req-1efe98ab-2fbc-4924-b3b0-532d2065fb7d'}
        Body: {"router": {"status": "ACTIVE", "external_gateway_info": null, "availability_zone_hints": [], "availability_zones": ["nova"], "name": "tempest-router-smoke-139753560", "admin_state_up": true, "tenant_id": "aef49c3353cb495c9c927dc191718b0c", "routes": [], "id": "56748dca-5bd8-4773-b7e5-8465519ddc89"}}
2015-12-16 14:34:26,273 25372 INFO     [tempest_lib.common.rest_client] Request (TestNetworkAdvancedServerOps:_run_cleanups): 204 DELETE http://10.0.2.15:9696/v2.0/routers/56748dca-5bd8-4773-b7e5-8465519ddc89 0.289s
2015-12-16 14:34:26,274 25372 DEBUG    [tempest_lib.common.rest_client] Request - Headers: {'Content-Type': 'application/json', 'Accept': 'application/json', 'X-Auth-Token': '&lt;omitted&gt;'}
        Body: None
    Response - Headers: {'date': 'Wed, 16 Dec 2015 14:34:26 GMT', 'status': '204', 'connection': 'close', 'content-length': '0', 'x-openstack-request-id': 'req-e3268e25-4550-414a-9ad4-d57f6d5edba3'}
        Body: 
2015-12-16 14:34:26,523 25372 INFO     [tempest_lib.common.rest_client] Request (TestNetworkAdvancedServerOps:_run_cleanups): 204 DELETE http://10.0.2.15:9696/v2.0/networks/2b2e86d0-1e4b-4544-9898-a69e74dc5707 0.248s
2015-12-16 14:34:26,524 25372 DEBUG    [tempest_lib.common.rest_client] Request - Headers: {'Content-Type': 'application/json', 'Accept': 'application/json', 'X-Auth-Token': '&lt;omitted&gt;'}
        Body: None
    Response - Headers: {'date': 'Wed, 16 Dec 2015 14:34:26 GMT', 'status': '204', 'connection': 'close', 'content-length': '0', 'x-openstack-request-id': 'req-77fd501d-6c05-4716-87a5-d881de34d0e7'}
        Body: 
2015-12-16 14:34:26,585 25372 INFO     [tempest_lib.common.rest_client] Request (TestNetworkAdvancedServerOps:_run_cleanups): 204 DELETE http://10.0.2.15:9696/v2.0/security-group-rules/4c8ab3e7-0c02-41ba-88b9-688f967d1f37 0.061s
2015-12-16 14:34:26,586 25372 DEBUG    [tempest_lib.common.rest_client] Request - Headers: {'Content-Type': 'application/json', 'Accept': 'application/json', 'X-Auth-Token': '&lt;omitted&gt;'}
        Body: None
    Response - Headers: {'date': 'Wed, 16 Dec 2015 14:34:26 GMT', 'status': '204', 'connection': 'close', 'content-length': '0', 'x-openstack-request-id': 'req-59ce1882-2368-40a6-9cc4-441783b3de0e'}
        Body: 
2015-12-16 14:34:26,648 25372 INFO     [tempest_lib.common.rest_client] Request (TestNetworkAdvancedServerOps:_run_cleanups): 204 DELETE http://10.0.2.15:9696/v2.0/security-group-rules/b1044408-810c-422c-a42a-feb6444b2ac4 0.061s
2015-12-16 14:34:26,648 25372 DEBUG    [tempest_lib.common.rest_client] Request - Headers: {'Content-Type': 'application/json', 'Accept': 'application/json', 'X-Auth-Token': '&lt;omitted&gt;'}
        Body: None
    Response - Headers: {'date': 'Wed, 16 Dec 2015 14:34:26 GMT', 'status': '204', 'connection': 'close', 'content-length': '0', 'x-openstack-request-id': 'req-413f0c8d-ee84-4721-a869-76cf0a68dedd'}
        Body: 
2015-12-16 14:34:26,709 25372 INFO     [tempest_lib.common.rest_client] Request (TestNetworkAdvancedServerOps:_run_cleanups): 204 DELETE http://10.0.2.15:9696/v2.0/security-group-rules/ba03bc85-ff9b-46ec-b4dd-fffec581d24c 0.059s
2015-12-16 14:34:26,710 25372 DEBUG    [tempest_lib.common.rest_client] Request - Headers: {'Content-Type': 'application/json', 'Accept': 'application/json', 'X-Auth-Token': '&lt;omitted&gt;'}
        Body: None
    Response - Headers: {'date': 'Wed, 16 Dec 2015 14:34:26 GMT', 'status': '204', 'connection': 'close', 'content-length': '0', 'x-openstack-request-id': 'req-d1692b6e-4f1c-4db9-8f5d-f97e11f79388'}
        Body: 
2015-12-16 14:34:26,765 25372 INFO     [tempest_lib.common.rest_client] Request (TestNetworkAdvancedServerOps:_run_cleanups): 204 DELETE http://10.0.2.15:9696/v2.0/security-group-rules/d969d6d9-724e-4292-8fcf-3c05ccf3b94f 0.054s
2015-12-16 14:34:26,765 25372 DEBUG    [tempest_lib.common.rest_client] Request - Headers: {'Content-Type': 'application/json', 'Accept': 'application/json', 'X-Auth-Token': '&lt;omitted&gt;'}
        Body: None
    Response - Headers: {'date': 'Wed, 16 Dec 2015 14:34:26 GMT', 'status': '204', 'connection': 'close', 'content-length': '0', 'x-openstack-request-id': 'req-69d3ef10-bff6-4d3a-93d3-d2373a9f05ae'}
        Body: 
2015-12-16 14:34:26,945 25372 INFO     [tempest_lib.common.rest_client] Request (TestNetworkAdvancedServerOps:_run_cleanups): 204 DELETE http://10.0.2.15:9696/v2.0/security-group-rules/ebcc29c2-7567-402c-95d4-6805c5e0dff7 0.179s
2015-12-16 14:34:26,947 25372 DEBUG    [tempest_lib.common.rest_client] Request - Headers: {'Content-Type': 'application/json', 'Accept': 'application/json', 'X-Auth-Token': '&lt;omitted&gt;'}
        Body: None
    Response - Headers: {'date': 'Wed, 16 Dec 2015 14:34:26 GMT', 'status': '204', 'connection': 'close', 'content-length': '0', 'x-openstack-request-id': 'req-607b013c-19b8-4bc9-b2b9-0ab27a2725a9'}
        Body: 
2015-12-16 14:34:27,007 25372 INFO     [tempest_lib.common.rest_client] Request (TestNetworkAdvancedServerOps:_run_cleanups): 204 DELETE http://10.0.2.15:9696/v2.0/security-group-rules/c68cb343-0fce-4fe3-9138-b954f4484464 0.059s
2015-12-16 14:34:27,008 25372 DEBUG    [tempest_lib.common.rest_client] Request - Headers: {'Content-Type': 'application/json', 'Accept': 'application/json', 'X-Auth-Token': '&lt;omitted&gt;'}
        Body: None
    Response - Headers: {'date': 'Wed, 16 Dec 2015 14:34:27 GMT', 'status': '204', 'connection': 'close', 'content-length': '0', 'x-openstack-request-id': 'req-58978f94-b2f4-429c-965a-04ff70e741ad'}
        Body: 
2015-12-16 14:34:27,103 25372 INFO     [tempest_lib.common.rest_client] Request (TestNetworkAdvancedServerOps:_run_cleanups): 204 DELETE http://10.0.2.15:9696/v2.0/security-groups/827800e0-5164-4c45-8368-7cece4ee03a5 0.094s
2015-12-16 14:34:27,104 25372 DEBUG    [tempest_lib.common.rest_client] Request - Headers: {'Content-Type': 'application/json', 'Accept': 'application/json', 'X-Auth-Token': '&lt;omitted&gt;'}
        Body: None
    Response - Headers: {'date': 'Wed, 16 Dec 2015 14:34:27 GMT', 'status': '204', 'connection': 'close', 'content-length': '0', 'x-openstack-request-id': 'req-17fb07cf-4a8d-425f-9469-a3f1f77f2f77'}
        Body: 
2015-12-16 14:34:27,123 25372 INFO     [tempest_lib.common.rest_client] Request (TestNetworkAdvancedServerOps:_run_cleanups): 202 DELETE http://10.0.2.15:8774/v2.1/aef49c3353cb495c9c927dc191718b0c/os-keypairs/tempest-TestNetworkAdvancedServerOps-1831770187 0.018s
2015-12-16 14:34:27,124 25372 DEBUG    [tempest_lib.common.rest_client] Request - Headers: {'Content-Type': 'application/json', 'Accept': 'application/json', 'X-Auth-Token': '&lt;omitted&gt;'}
        Body: None
    Response - Headers: {'status': '202', 'content-length': '0', 'x-compute-request-id': 'req-1b5f7e5b-8b41-4e4b-88b1-1731295d638b', 'vary': 'X-OpenStack-Nova-API-Version', 'connection': 'close', 'x-openstack-nova-api-version': '2.1', 'date': 'Wed, 16 Dec 2015 14:34:27 GMT', 'content-type': 'application/json'}
        Body: 
2015-12-16 14:34:27,207 25372 INFO     [tempest_lib.common.rest_client] Request (TestNetworkAdvancedServerOps:_run_cleanups): 404 GET http://10.0.2.15:8774/v2.1/aef49c3353cb495c9c927dc191718b0c/servers/90611b6c-7faa-46a7-8000-fbf21f7a812c 0.083s
2015-12-16 14:34:27,208 25372 DEBUG    [tempest_lib.common.rest_client] Request - Headers: {'Content-Type': 'application/json', 'Accept': 'application/json', 'X-Auth-Token': '&lt;omitted&gt;'}
        Body: None
    Response - Headers: {'status': '404', 'content-length': '111', 'x-compute-request-id': 'req-b41bf0a1-3e99-45c3-844a-3d0dd940a333', 'vary': 'X-OpenStack-Nova-API-Version', 'connection': 'close', 'x-openstack-nova-api-version': '2.1', 'date': 'Wed, 16 Dec 2015 14:34:27 GMT', 'content-type': 'application/json; charset=UTF-8'}
        Body: {"itemNotFound": {"message": "Instance 90611b6c-7faa-46a7-8000-fbf21f7a812c could not be found.", "code": 404}}
}}}

Traceback (most recent call last):
  File "tempest/test.py", line 113, in wrapper
    return f(self, *func_args, **func_kwargs)
  File "tempest/scenario/test_network_advanced_server_ops.py", line 134, in test_server_connectivity_pause_unpause
    server, keypair, floating_ip = self._setup_network_and_servers()
  File "tempest/scenario/test_network_advanced_server_ops.py", line 71, in _setup_network_and_servers
    server, keypair, floating_ip)
  File "tempest/scenario/test_network_advanced_server_ops.py", line 95, in _wait_server_status_and_check_network_connectivity
    self._check_network_connectivity(server, keypair, floating_ip)
  File "tempest/scenario/test_network_advanced_server_ops.py", line 88, in _check_network_connectivity
    servers=[server])
  File "tempest/scenario/manager.py", line 608, in check_public_network_connectivity
    should_connect=should_connect)
  File "tempest/scenario/manager.py", line 592, in check_vm_connectivity
    msg=msg)
  File "/usr/local/lib/python2.7/dist-packages/unittest2/case.py", line 702, in assertTrue
    raise self.failureException(msg)
AssertionError: False is not true : Timed out waiting for 172.24.4.4 to become reachable



        </pre>
    </div>
    <!--css div popup end-->

    </td>
</tr>

<tr id='ft1.2' class='none'>
    <td class='failCase'><div class='testcase'>test_server_connectivity_reboot[compute,id-7b6860c2-afa3-4846-9522-adeb38dfbe08,network]</div></td>
    <td colspan='7' align='left'>

    <!--css div popup start-->
    <a class="popup_link" onfocus='this.blur();'
    href="javascript:showTestDetail('div_ft1.2')" >
        fail</a>

    <div id='div_ft1.2' class="popup_window">
        <div style='text-align: right; color:red;cursor:pointer'>
        <a onfocus='this.blur();'
