<?xml version="1.0" encoding="UTF-8"?>
<!DOCTYPE html PUBLIC "-//W3C//DTD XHTML 1.0 Strict//EN"
     "http://www.w3.org/TR/xhtml1/DTD/xhtml1-strict.dtd">
<html xmlns="http://www.w3.org/1999/xhtml">
<head>
    <title>Unit Test Report</title>
    <meta name="generator" content="subunit2html 0.1"/>
    <meta http-equiv="Content-Type" content="text/html; charset=UTF-8"/>
    
<style type="text/css" media="screen">
body        { font-family: verdana, arial, helvetica, sans-serif;
    font-size: 80%; }
table       { font-size: 100%; width: 100%;}
pre         { font-size: 80%; }

/* -- heading -------------------------------------------------------------- */
h1 {
        font-size: 16pt;
        color: gray;
}
.heading {
    margin-top: 0ex;
    margin-bottom: 1ex;
}

.heading .attribute {
    margin-top: 1ex;
    margin-bottom: 0;
}

.heading .description {
    margin-top: 4ex;
    margin-bottom: 6ex;
}

/* -- css div popup -------------------------------------------------------- */
a.popup_link {
}

a.popup_link:hover {
    color: red;
}

.popup_window {
    display: none;
    overflow-x: scroll;
    /*border: solid #627173 1px; */
    padding: 10px;
    background-color: #E6E6D6;
    font-family: "Ubuntu Mono", "Lucida Console", "Courier New", monospace;
    text-align: left;
    font-size: 8pt;
}

}
/* -- report --------------------------------------------------------------- */
#show_detail_line {
    margin-top: 3ex;
    margin-bottom: 1ex;
}
#result_table {
    width: 100%;
    border-collapse: collapse;
    border: 1px solid #777;
}
#header_row {
    font-weight: bold;
    color: white;
    background-color: #777;
}
#result_table td {
    border: 1px solid #777;
    padding: 2px;
}
#total_row  { font-weight: bold; }
.passClass  { background-color: #6c6; }
.failClass  { background-color: #c60; }
.errorClass { background-color: #c00; }
.passCase   { color: #6c6; }
.failCase   { color: #c60; font-weight: bold; }
.errorCase  { color: #c00; font-weight: bold; }
.hiddenRow  { display: none; }
.testcase   { margin-left: 2em; }
td.testname {width: 40%}
td.small {width: 40px}

/* -- ending --------------------------------------------------------------- */
#ending {
}

</style>

</head>
<body>
<script language="javascript" type="text/javascript"><!--
output_list = Array();

/* level - 0:Summary; 1:Failed; 2:All */
function showCase(level) {
    trs = document.getElementsByTagName("tr");
    for (var i = 0; i < trs.length; i++) {
        tr = trs[i];
        id = tr.id;
        if (id.substr(0,2) == 'ft') {
            if (level < 1) {
                tr.className = 'hiddenRow';
            }
            else {
                tr.className = '';
            }
        }
        if (id.substr(0,2) == 'pt') {
            if (level > 1) {
                tr.className = '';
            }
            else {
                tr.className = 'hiddenRow';
            }
        }
    }
}


function showClassDetail(cid, count) {
    var id_list = Array(count);
    var toHide = 1;
    for (var i = 0; i < count; i++) {
        tid0 = 't' + cid.substr(1) + '.' + (i+1);
        tid = 'f' + tid0;
        tr = document.getElementById(tid);
        if (!tr) {
            tid = 'p' + tid0;
            tr = document.getElementById(tid);
        }
        id_list[i] = tid;
        if (tr.className) {
            toHide = 0;
        }
    }
    for (var i = 0; i < count; i++) {
        tid = id_list[i];
        if (toHide) {
            document.getElementById('div_'+tid).style.display = 'none'
            document.getElementById(tid).className = 'hiddenRow';
        }
        else {
            document.getElementById(tid).className = '';
        }
    }
}


function showTestDetail(div_id){
    var details_div = document.getElementById(div_id)
    var displayState = details_div.style.display
    // alert(displayState)
    if (displayState != 'block' ) {
        displayState = 'block'
        details_div.style.display = 'block'
    }
    else {
        details_div.style.display = 'none'
    }
}


function html_escape(s) {
    s = s.replace(/&/g,'&amp;');
    s = s.replace(/</g,'&lt;');
    s = s.replace(/>/g,'&gt;');
    return s;
}

/* obsoleted by detail in <div>
function showOutput(id, name) {
    var w = window.open("", //url
                    name,
                    "resizable,scrollbars,status,width=800,height=450");
    d = w.document;
    d.write("<pre>");
    d.write(html_escape(output_list[id]));
    d.write("\n");
    d.write("<a href='javascript:window.close()'>close</a>\n");
    d.write("</pre>\n");
    d.close();
}
*/
--></script>

<div class='heading'>
<h1>Unit Test Report</h1>

<p class='attribute'><strong>Status:</strong> Failure 6</p>

<p class='description'></p>
</div>



<p id='show_detail_line'>Show
<a href='javascript:showCase(0)'>Summary</a>
<a href='javascript:showCase(1)'>Failed</a>
<a href='javascript:showCase(2)'>All</a>
</p>
<table id='result_table'>
<colgroup>
<col align='left' />
<col align='right' />
<col align='right' />
<col align='right' />
<col align='right' />
<col align='right' />
<col align='right' />
<col align='right' />
</colgroup>
<tr id='header_row'>
    <td>Test Group/Test case</td>
    <td>Count</td>
    <td>Pass</td>
    <td>Fail</td>
    <td>Error</td>
    <td>Skip</td>
    <td>View</td>
    <td> </td>
</tr>

<tr class='failClass'>
    <td class="testname">tempest.scenario.test_network_advanced_server_ops.TestNetworkAdvancedServerOps</td>
    <td class="small">6</td>
    <td class="small">0</td>
    <td class="small">6</td>
    <td class="small">0</td>
    <td class="small">0</td>
    <td class="small"><a href="javascript:showClassDetail('c1',6)"
>Detail</a></td>
    <td> </td>
</tr>

<tr id='ft1.1' class='none'>
    <td class='failCase'><div class='testcase'>test_server_connectivity_pause_unpause[compute,id-2b2642db-6568-4b35-b812-eceed3fa20ce,network]</div></td>
    <td colspan='7' align='left'>

    <!--css div popup start-->
    <a class="popup_link" onfocus='this.blur();'
    href="javascript:showTestDetail('div_ft1.1')" >
        fail</a>

    <div id='div_ft1.1' class="popup_window">
        <div style='text-align: right; color:red;cursor:pointer'>
        <a onfocus='this.blur();'
onclick="document.getElementById('div_ft1.1').style.display = 'none' " >
           [x]</a>
        </div>
        <pre>
        
ft1.1: tempest.scenario.test_network_advanced_server_ops.TestNetworkAdvancedServerOps.test_server_connectivity_pause_unpause[compute,id-2b2642db-6568-4b35-b812-eceed3fa20ce,network]_StringException: Empty attachments:
  stderr
  stdout

pythonlogging:'': {{{
2015-12-26 04:47:52,626 21149 INFO     [tempest_lib.common.rest_client] Request (TestNetworkAdvancedServerOps:test_server_connectivity_pause_unpause): 200 POST http://10.0.2.15:8774/v2.1/c037381efcba4261a71f0dadafac7010/os-keypairs 0.414s
2015-12-26 04:47:52,628 21149 DEBUG    [tempest_lib.common.rest_client] Request - Headers: {'Content-Type': 'application/json', 'Accept': 'application/json', 'X-Auth-Token': '&lt;omitted&gt;'}
        Body: {"keypair": {"name": "tempest-TestNetworkAdvancedServerOps-902948150"}}
    Response - Headers: {'status': '200', 'content-length': '2329', 'x-compute-request-id': 'req-5295404c-f8bb-433f-8a42-11fc3664dead', 'vary': 'X-OpenStack-Nova-API-Version', 'connection': 'close', 'x-openstack-nova-api-version': '2.1', 'date': 'Sat, 26 Dec 2015 04:47:52 GMT', 'content-type': 'application/json'}
        Body: {"keypair": {"public_key": "ssh-rsa AAAAB3NzaC1yc2EAAAADAQABAAABAQDBVZtP0Nc9zzeHfgLeUReGiSuDAsnUaPpXqR7kWe3dMWkTcClwa0ISIJHsRAxcSpRsPagiYgwIYymOsEsvXl3yhONQLW7LRGz9Dt//X76vf4YO7mpNdgXxjm/PHwdJn3+ztArPzyC8CTBOKKhyqkNUvhnfxGTLSJJySCaBItF/k+ajjoJ2Jo+Yvn+XoujD4Nh4KxbZUB8iilPaCT3o1xff9B9AsujDhNvm0qaQ5ZZ89l23+6zdur6NGhlBdxi19qBMzrkj+ZbT/4qbaRWgZBVSKFEE5U5QzaBtdu0eYtpltCNh36yr/Cn+bvvVEIT349vAO8KbsOogvLqi+7IWSS6j Generated-by-Nova", "private_key": "-----BEGIN RSA PRIVATE KEY-----\nMIIEpwIBAAKCAQEAwVWbT9DXPc83h34C3lEXhokrgwLJ1Gj6V6ke5Fnt3TFpE3Ap\ncGtCEiCR7EQMXEqUbD2oImIMCGMpjrBLL15d8oTjUC1uy0Rs/Q7f/1++r3+GDu5q\nTXYF8Y5vzx8HSZ9/s7QKz88gvAkwTiiocqpDVL4Z38Rky0iSckgmgSLRf5Pmo46C\ndiaPmL5/l6Low+DYeCsW2VAfIopT2gk96NcX3/QfQLLow4Tb5tKmkOWWfPZdt/us\n3bq+jRoZQXcYtfagTM65I/mW0/+Km2kVoGQVUihRBOVOUM2gbXbtHmLaZbQjYd+s\nq/wp/m771RCE9+PbwDvCm7DqILy6ovuyFkkuowIDAQABAoIBAA3SHdk1170+a/zO\noEveRi1C7w5di6oYmxTbLS8r0ppGZvmRwhScRkvfci8OqkeKuVOHkNZsZenPlO/z\nYFyRhWvJ3iokJVB4osXwY0jxQkNvfVjh6E2DS2d6RDntQOsdcNaa3079wpxOl9pu\ng6Q20btkH5tkgcQaewWabM48e/d/rmGL0toaL1bhLO4pX/X1sjRbitfB9WV4vvhl\njmXULx4QG0MFQHIHfD068riiBAPOWXo/92YU2oKR2xvmUAlA2K81HFGTfwhce5g8\nwZ+2yx7yKGc8cI4nQ7yz//1SjFkzRjWDhxJldFS/dm54L87JYiN2R8rVxhd4TJrg\nEDPM6SkCggCBANe+/QZBqfiFKDrh9Gr2JLewUs6texQCYYY0bzExMWZzh3l2KtVD\nHhUoNQb6iAdPERSSau/QSYj/kVTz6NiP59ON+Ba3w8dwW/8Dh/yTkFzYR/cXJ/gZ\nq9VfhHNGqbxG6AM4eThh9fLypvONNb2OrXALMh0oOFja0ClKZ3Hjgk6dAoIAgQDl\naCLd9ucQbxXCem63it8JHhWibJgpz6nKQFIKyKn1Rqd61dCBszkGox7NBKX61a7K\nq9oyegDG/O4lan4+bH+V06scPOZhnsnaITs1/CNl+u06UuQy8EVDGxNjM/wgl8vi\ne2DZRcm9no/1mL8PYGeaYVtuo2qHQp/KfhT79RROPwKCAIBDrtcSL2dzX9LPJjPX\nmoDKX7aawDHshRKzV5/KfvRQf83wfPHTFctKN+Lq3Y3vPQ7OtWB2+5EWOZcOX7ac\nugiwhcle1yfEWauCxUjUJDcV6YQqMEmJvAP8XIrg3zpApr4CxKTC23idTyKxJYvG\nfAxNKjX+j6+dsIe9bGongIhQwQKCAIBaqEOXKhp4MR4NQ+r7F6M6bCwqivW7GDjG\nF5MUdeZMasaG0XZbuyLfD5l9dcfOD6HKsA1Dg1lJSe0m1iXbr27gG8z0FNEKZQDp\n9dX7aI/onjgfo2BRDQiiE1IfEw0hKDvHXfCRDHZEPCQx71IZ1oQ6yxyh5WyU1Wxm\nTlsmktyaawKCAIAWKNb9Ysw2ro1Wg1zXTZENBMjNQ2bnYIvRDZutkREhPSCKG0bT\nDgAW0EujP8cxTcMVejL2VVjyi4NcmQ+6P2gf34xaVH+A0L1Yzq76X6HtrYPizcxc\nHythx81cQrD4Z88sGOs5wyYDASBV9wStyrAN2LgBbe28mTvOFBOaH66d/g==\n-----END RSA PRIVATE KEY-----\n", "user_id": "fae95d1d200d4521bc1d466fbb3fa855", "name": "tempest-TestNetworkAdvancedServerOps-902948150", "fingerprint": "00:d5:ac:7f:90:e1:23:35:c6:19:07:86:a8:87:cb:9f"}}
2015-12-26 04:47:53,005 21149 INFO     [tempest_lib.common.rest_client] Request (TestNetworkAdvancedServerOps:test_server_connectivity_pause_unpause): 201 POST http://10.0.2.15:9696/v2.0/security-groups 0.371s
2015-12-26 04:47:53,005 21149 DEBUG    [tempest_lib.common.rest_client] Request - Headers: {'Content-Type': 'application/json', 'Accept': 'application/json', 'X-Auth-Token': '&lt;omitted&gt;'}
        Body: {"security_group": {"tenant_id": "c037381efcba4261a71f0dadafac7010", "description": "tempest-secgroup-smoke-307795395 description", "name": "tempest-secgroup-smoke-307795395"}}
    Response - Headers: {'status': '201', 'content-length': '886', 'connection': 'close', 'date': 'Sat, 26 Dec 2015 04:47:53 GMT', 'content-type': 'application/json; charset=UTF-8', 'x-openstack-request-id': 'req-f221712c-c7d9-4e14-b43e-c8b7c31e6899'}
        Body: {"security_group": {"tenant_id": "c037381efcba4261a71f0dadafac7010", "description": "tempest-secgroup-smoke-307795395 description", "id": "14389f02-d604-4811-8640-d290f8ae83c1", "security_group_rules": [{"remote_group_id": null, "direction": "egress", "remote_ip_prefix": null, "protocol": null, "ethertype": "IPv4", "tenant_id": "c037381efcba4261a71f0dadafac7010", "port_range_max": null, "port_range_min": null, "id": "cc31ac6b-3e51-4a51-b7f4-eab1565cd16b", "security_group_id": "14389f02-d604-4811-8640-d290f8ae83c1"}, {"remote_group_id": null, "direction": "egress", "remote_ip_prefix": null, "protocol": null, "ethertype": "IPv6", "tenant_id": "c037381efcba4261a71f0dadafac7010", "port_range_max": null, "port_range_min": null, "id": "785b8ef1-e898-4ecf-a3f5-277b9f44a6b4", "security_group_id": "14389f02-d604-4811-8640-d290f8ae83c1"}], "name": "tempest-secgroup-smoke-307795395"}}
2015-12-26 04:47:53,290 21149 INFO     [tempest_lib.common.rest_client] Request (TestNetworkAdvancedServerOps:test_server_connectivity_pause_unpause): 201 POST http://10.0.2.15:9696/v2.0/security-group-rules 0.283s
2015-12-26 04:47:53,291 21149 DEBUG    [tempest_lib.common.rest_client] Request - Headers: {'Content-Type': 'application/json', 'Accept': 'application/json', 'X-Auth-Token': '&lt;omitted&gt;'}
        Body: {"security_group_rule": {"direction": "ingress", "protocol": "tcp", "tenant_id": "c037381efcba4261a71f0dadafac7010", "port_range_max": 22, "security_group_id": "14389f02-d604-4811-8640-d290f8ae83c1", "port_range_min": 22}}
    Response - Headers: {'status': '201', 'content-length': '340', 'connection': 'close', 'date': 'Sat, 26 Dec 2015 04:47:53 GMT', 'content-type': 'application/json; charset=UTF-8', 'x-openstack-request-id': 'req-43fd7212-d333-4bf2-a325-f78fd3084a9d'}
        Body: {"security_group_rule": {"remote_group_id": null, "direction": "ingress", "remote_ip_prefix": null, "protocol": "tcp", "ethertype": "IPv4", "tenant_id": "c037381efcba4261a71f0dadafac7010", "port_range_max": 22, "port_range_min": 22, "id": "556f4fa6-4d2f-4092-811d-a8014d6af660", "security_group_id": "14389f02-d604-4811-8640-d290f8ae83c1"}}
2015-12-26 04:47:53,417 21149 INFO     [tempest_lib.common.rest_client] Request (TestNetworkAdvancedServerOps:test_server_connectivity_pause_unpause): 201 POST http://10.0.2.15:9696/v2.0/security-group-rules 0.124s
2015-12-26 04:47:53,418 21149 DEBUG    [tempest_lib.common.rest_client] Request - Headers: {'Content-Type': 'application/json', 'Accept': 'application/json', 'X-Auth-Token': '&lt;omitted&gt;'}
        Body: {"security_group_rule": {"direction": "egress", "protocol": "tcp", "tenant_id": "c037381efcba4261a71f0dadafac7010", "port_range_max": 22, "security_group_id": "14389f02-d604-4811-8640-d290f8ae83c1", "port_range_min": 22}}
    Response - Headers: {'status': '201', 'content-length': '339', 'connection': 'close', 'date': 'Sat, 26 Dec 2015 04:47:53 GMT', 'content-type': 'application/json; charset=UTF-8', 'x-openstack-request-id': 'req-bea9e1ef-dc73-417b-a3f3-556e76e4d2b0'}
        Body: {"security_group_rule": {"remote_group_id": null, "direction": "egress", "remote_ip_prefix": null, "protocol": "tcp", "ethertype": "IPv4", "tenant_id": "c037381efcba4261a71f0dadafac7010", "port_range_max": 22, "port_range_min": 22, "id": "a4d68dd7-ac21-40b2-8cbd-94b50c8ed9c0", "security_group_id": "14389f02-d604-4811-8640-d290f8ae83c1"}}
2015-12-26 04:47:53,538 21149 INFO     [tempest_lib.common.rest_client] Request (TestNetworkAdvancedServerOps:test_server_connectivity_pause_unpause): 201 POST http://10.0.2.15:9696/v2.0/security-group-rules 0.119s
2015-12-26 04:47:53,538 21149 DEBUG    [tempest_lib.common.rest_client] Request - Headers: {'Content-Type': 'application/json', 'Accept': 'application/json', 'X-Auth-Token': '&lt;omitted&gt;'}
        Body: {"security_group_rule": {"tenant_id": "c037381efcba4261a71f0dadafac7010", "direction": "ingress", "protocol": "icmp", "security_group_id": "14389f02-d604-4811-8640-d290f8ae83c1"}}
    Response - Headers: {'status': '201', 'content-length': '345', 'connection': 'close', 'date': 'Sat, 26 Dec 2015 04:47:53 GMT', 'content-type': 'application/json; charset=UTF-8', 'x-openstack-request-id': 'req-5178d048-b5b4-482d-b8a8-4ed7379e8840'}
        Body: {"security_group_rule": {"remote_group_id": null, "direction": "ingress", "remote_ip_prefix": null, "protocol": "icmp", "ethertype": "IPv4", "tenant_id": "c037381efcba4261a71f0dadafac7010", "port_range_max": null, "port_range_min": null, "id": "31475462-ab3c-4ac9-95a0-59deed4b7f53", "security_group_id": "14389f02-d604-4811-8640-d290f8ae83c1"}}
2015-12-26 04:47:53,660 21149 INFO     [tempest_lib.common.rest_client] Request (TestNetworkAdvancedServerOps:test_server_connectivity_pause_unpause): 201 POST http://10.0.2.15:9696/v2.0/security-group-rules 0.119s
2015-12-26 04:47:53,660 21149 DEBUG    [tempest_lib.common.rest_client] Request - Headers: {'Content-Type': 'application/json', 'Accept': 'application/json', 'X-Auth-Token': '&lt;omitted&gt;'}
        Body: {"security_group_rule": {"tenant_id": "c037381efcba4261a71f0dadafac7010", "direction": "egress", "protocol": "icmp", "security_group_id": "14389f02-d604-4811-8640-d290f8ae83c1"}}
    Response - Headers: {'status': '201', 'content-length': '344', 'connection': 'close', 'date': 'Sat, 26 Dec 2015 04:47:53 GMT', 'content-type': 'application/json; charset=UTF-8', 'x-openstack-request-id': 'req-f80546f2-c21b-4cb7-a61f-c202d3ce03dc'}
        Body: {"security_group_rule": {"remote_group_id": null, "direction": "egress", "remote_ip_prefix": null, "protocol": "icmp", "ethertype": "IPv4", "tenant_id": "c037381efcba4261a71f0dadafac7010", "port_range_max": null, "port_range_min": null, "id": "0d228abe-33c3-4119-a844-b0700bbe9502", "security_group_id": "14389f02-d604-4811-8640-d290f8ae83c1"}}
2015-12-26 04:47:53,786 21149 INFO     [tempest_lib.common.rest_client] Request (TestNetworkAdvancedServerOps:test_server_connectivity_pause_unpause): 201 POST http://10.0.2.15:9696/v2.0/security-group-rules 0.124s
2015-12-26 04:47:53,786 21149 DEBUG    [tempest_lib.common.rest_client] Request - Headers: {'Content-Type': 'application/json', 'Accept': 'application/json', 'X-Auth-Token': '&lt;omitted&gt;'}
        Body: {"security_group_rule": {"tenant_id": "c037381efcba4261a71f0dadafac7010", "direction": "ingress", "security_group_id": "14389f02-d604-4811-8640-d290f8ae83c1", "protocol": "icmp", "ethertype": "IPv6"}}
    Response - Headers: {'status': '201', 'content-length': '345', 'connection': 'close', 'date': 'Sat, 26 Dec 2015 04:47:53 GMT', 'content-type': 'application/json; charset=UTF-8', 'x-openstack-request-id': 'req-aa8ee483-98ca-4272-8fd3-7f1415851f29'}
        Body: {"security_group_rule": {"remote_group_id": null, "direction": "ingress", "remote_ip_prefix": null, "protocol": "icmp", "ethertype": "IPv6", "tenant_id": "c037381efcba4261a71f0dadafac7010", "port_range_max": null, "port_range_min": null, "id": "19e04a3e-7ac0-41a6-95c9-6a408106c5c6", "security_group_id": "14389f02-d604-4811-8640-d290f8ae83c1"}}
2015-12-26 04:47:53,922 21149 INFO     [tempest_lib.common.rest_client] Request (TestNetworkAdvancedServerOps:test_server_connectivity_pause_unpause): 201 POST http://10.0.2.15:9696/v2.0/security-group-rules 0.134s
2015-12-26 04:47:53,922 21149 DEBUG    [tempest_lib.common.rest_client] Request - Headers: {'Content-Type': 'application/json', 'Accept': 'application/json', 'X-Auth-Token': '&lt;omitted&gt;'}
        Body: {"security_group_rule": {"tenant_id": "c037381efcba4261a71f0dadafac7010", "direction": "egress", "security_group_id": "14389f02-d604-4811-8640-d290f8ae83c1", "protocol": "icmp", "ethertype": "IPv6"}}
    Response - Headers: {'status': '201', 'content-length': '344', 'connection': 'close', 'date': 'Sat, 26 Dec 2015 04:47:53 GMT', 'content-type': 'application/json; charset=UTF-8', 'x-openstack-request-id': 'req-c3a62eb7-7980-41e7-a2f7-cc966e62f578'}
        Body: {"security_group_rule": {"remote_group_id": null, "direction": "egress", "remote_ip_prefix": null, "protocol": "icmp", "ethertype": "IPv6", "tenant_id": "c037381efcba4261a71f0dadafac7010", "port_range_max": null, "port_range_min": null, "id": "a89c6423-dbb8-485c-b45b-406dcc1443db", "security_group_id": "14389f02-d604-4811-8640-d290f8ae83c1"}}
2015-12-26 04:47:54,100 21149 INFO     [tempest_lib.common.rest_client] Request (TestNetworkAdvancedServerOps:test_server_connectivity_pause_unpause): 201 POST http://10.0.2.15:9696/v2.0/networks 0.175s
2015-12-26 04:47:54,101 21149 DEBUG    [tempest_lib.common.rest_client] Request - Headers: {'Content-Type': 'application/json', 'Accept': 'application/json', 'X-Auth-Token': '&lt;omitted&gt;'}
        Body: {"network": {"tenant_id": "c037381efcba4261a71f0dadafac7010", "name": "tempest-network-smoke--433195608"}}
    Response - Headers: {'status': '201', 'content-length': '326', 'connection': 'close', 'date': 'Sat, 26 Dec 2015 04:47:54 GMT', 'content-type': 'application/json; charset=UTF-8', 'x-openstack-request-id': 'req-33453363-be4e-4578-b591-def980af2089'}
        Body: {"network": {"status": "ACTIVE", "subnets": [], "availability_zone_hints": [], "name": "tempest-network-smoke--433195608", "admin_state_up": true, "tenant_id": "c037381efcba4261a71f0dadafac7010", "mtu": 0, "router:external": false, "shared": false, "port_security_enabled": true, "id": "996286e4-208e-4f1f-93db-81422c71efe7"}}
2015-12-26 04:47:54,178 21149 INFO     [tempest_lib.common.rest_client] Request (TestNetworkAdvancedServerOps:test_server_connectivity_pause_unpause): 201 POST http://10.0.2.15:9696/v2.0/routers 0.076s
2015-12-26 04:47:54,179 21149 DEBUG    [tempest_lib.common.rest_client] Request - Headers: {'Content-Type': 'application/json', 'Accept': 'application/json', 'X-Auth-Token': '&lt;omitted&gt;'}
        Body: {"router": {"tenant_id": "c037381efcba4261a71f0dadafac7010", "name": "tempest-router-smoke-892445133", "admin_state_up": true}}
    Response - Headers: {'status': '201', 'content-length': '295', 'connection': 'close', 'date': 'Sat, 26 Dec 2015 04:47:54 GMT', 'content-type': 'application/json; charset=UTF-8', 'x-openstack-request-id': 'req-b836ff98-e9a1-4793-be25-f06ae29b3d66'}
        Body: {"router": {"status": "ACTIVE", "external_gateway_info": null, "availability_zone_hints": [], "availability_zones": [], "name": "tempest-router-smoke-892445133", "admin_state_up": true, "tenant_id": "c037381efcba4261a71f0dadafac7010", "routes": [], "id": "2eacd874-7344-400d-8659-b2eaed9498ef"}}
2015-12-26 04:47:54,233 21149 INFO     [tempest_lib.common.rest_client] Request (TestNetworkAdvancedServerOps:test_server_connectivity_pause_unpause): 200 GET http://10.0.2.15:9696/v2.0/routers/2eacd874-7344-400d-8659-b2eaed9498ef 0.053s
2015-12-26 04:47:54,234 21149 DEBUG    [tempest_lib.common.rest_client] Request - Headers: {'Content-Type': 'application/json', 'Accept': 'application/json', 'X-Auth-Token': '&lt;omitted&gt;'}
        Body: None
    Response - Headers: {'status': '200', 'content-length': '295', 'content-location': 'http://10.0.2.15:9696/v2.0/routers/2eacd874-7344-400d-8659-b2eaed9498ef', 'connection': 'close', 'date': 'Sat, 26 Dec 2015 04:47:54 GMT', 'content-type': 'application/json; charset=UTF-8', 'x-openstack-request-id': 'req-23209958-381f-4a90-9f7f-d2797e6bcc93'}
        Body: {"router": {"status": "ACTIVE", "external_gateway_info": null, "availability_zone_hints": [], "availability_zones": [], "name": "tempest-router-smoke-892445133", "admin_state_up": true, "tenant_id": "c037381efcba4261a71f0dadafac7010", "routes": [], "id": "2eacd874-7344-400d-8659-b2eaed9498ef"}}
2015-12-26 04:47:54,946 21149 INFO     [tempest_lib.common.rest_client] Request (TestNetworkAdvancedServerOps:test_server_connectivity_pause_unpause): 200 PUT http://10.0.2.15:9696/v2.0/routers/2eacd874-7344-400d-8659-b2eaed9498ef 0.711s
2015-12-26 04:47:54,946 21149 DEBUG    [tempest_lib.common.rest_client] Request - Headers: {'Content-Type': 'application/json', 'Accept': 'application/json', 'X-Auth-Token': '&lt;omitted&gt;'}
        Body: {"router": {"external_gateway_info": {"network_id": "ee2e215c-d0f3-46da-979a-cb5e8dde3b23"}, "name": "tempest-router-smoke-892445133", "admin_state_up": true}}
    Response - Headers: {'status': '200', 'content-length': '557', 'connection': 'close', 'date': 'Sat, 26 Dec 2015 04:47:54 GMT', 'content-type': 'application/json; charset=UTF-8', 'x-openstack-request-id': 'req-baeb36ac-de3f-4b47-bd38-48bd01c3e386'}
        Body: {"router": {"status": "ACTIVE", "external_gateway_info": {"network_id": "ee2e215c-d0f3-46da-979a-cb5e8dde3b23", "enable_snat": true, "external_fixed_ips": [{"subnet_id": "c7485417-b537-4a9b-95bc-6e34cdc76396", "ip_address": "172.24.4.3"}, {"subnet_id": "cb76020e-4671-4508-accf-b0ae867dccb8", "ip_address": "2001:db8::3"}]}, "availability_zone_hints": [], "availability_zones": [], "name": "tempest-router-smoke-892445133", "admin_state_up": true, "tenant_id": "c037381efcba4261a71f0dadafac7010", "routes": [], "id": "2eacd874-7344-400d-8659-b2eaed9498ef"}}
2015-12-26 04:47:55,124 21149 INFO     [tempest_lib.common.rest_client] Request (TestNetworkAdvancedServerOps:test_server_connectivity_pause_unpause): 200 GET http://10.0.2.15:9696/v2.0/subnets?tenant_id=c037381efcba4261a71f0dadafac7010&amp;cidr=10.100.0.0%2F28 0.177s
2015-12-26 04:47:55,125 21149 DEBUG    [tempest_lib.common.rest_client] Request - Headers: {'Content-Type': 'application/json', 'Accept': 'application/json', 'X-Auth-Token': '&lt;omitted&gt;'}
        Body: None
    Response - Headers: {'status': '200', 'content-length': '15', 'content-location': 'http://10.0.2.15:9696/v2.0/subnets?tenant_id=c037381efcba4261a71f0dadafac7010&amp;cidr=10.100.0.0%2F28', 'connection': 'close', 'date': 'Sat, 26 Dec 2015 04:47:55 GMT', 'content-type': 'application/json; charset=UTF-8', 'x-openstack-request-id': 'req-477feef6-dfad-4655-b5e1-41652d2cee6a'}
        Body: {"subnets": []}
2015-12-26 04:47:55,507 21149 INFO     [tempest_lib.common.rest_client] Request (TestNetworkAdvancedServerOps:test_server_connectivity_pause_unpause): 201 POST http://10.0.2.15:9696/v2.0/subnets 0.381s
2015-12-26 04:47:55,508 21149 DEBUG    [tempest_lib.common.rest_client] Request - Headers: {'Content-Type': 'application/json', 'Accept': 'application/json', 'X-Auth-Token': '&lt;omitted&gt;'}
        Body: {"subnet": {"ip_version": 4, "tenant_id": "c037381efcba4261a71f0dadafac7010", "cidr": "10.100.0.0/28", "network_id": "996286e4-208e-4f1f-93db-81422c71efe7", "name": "tempest-subnet-smoke-883331788"}}
    Response - Headers: {'status': '201', 'content-length': '477', 'connection': 'close', 'date': 'Sat, 26 Dec 2015 04:47:55 GMT', 'content-type': 'application/json; charset=UTF-8', 'x-openstack-request-id': 'req-23853b07-ff00-4952-a23d-497f860baf84'}
        Body: {"subnet": {"name": "tempest-subnet-smoke-883331788", "enable_dhcp": true, "network_id": "996286e4-208e-4f1f-93db-81422c71efe7", "tenant_id": "c037381efcba4261a71f0dadafac7010", "dns_nameservers": [], "gateway_ip": "10.100.0.1", "ipv6_ra_mode": null, "allocation_pools": [{"start": "10.100.0.2", "end": "10.100.0.14"}], "host_routes": [], "ip_version": 4, "ipv6_address_mode": null, "cidr": "10.100.0.0/28", "id": "f1b6a583-e2cb-487e-9dbe-05b17ebd5a8b", "subnetpool_id": null}}
2015-12-26 04:47:56,375 21149 INFO     [tempest_lib.common.rest_client] Request (TestNetworkAdvancedServerOps:test_server_connectivity_pause_unpause): 200 PUT http://10.0.2.15:9696/v2.0/routers/2eacd874-7344-400d-8659-b2eaed9498ef/add_router_interface 0.865s
2015-12-26 04:47:56,375 21149 DEBUG    [tempest_lib.common.rest_client] Request - Headers: {'Content-Type': 'application/json', 'Accept': 'application/json', 'X-Auth-Token': '&lt;omitted&gt;'}
        Body: {"subnet_id": "f1b6a583-e2cb-487e-9dbe-05b17ebd5a8b"}
    Response - Headers: {'status': '200', 'content-length': '255', 'connection': 'close', 'date': 'Sat, 26 Dec 2015 04:47:56 GMT', 'content-type': 'application/json; charset=UTF-8', 'x-openstack-request-id': 'req-11df50f4-b3f2-4342-aca8-5af10917b77e'}
        Body: {"subnet_id": "f1b6a583-e2cb-487e-9dbe-05b17ebd5a8b", "tenant_id": "c037381efcba4261a71f0dadafac7010", "subnet_ids": ["f1b6a583-e2cb-487e-9dbe-05b17ebd5a8b"], "port_id": "fa257582-1af8-4749-8197-d42dcb21ff17", "id": "2eacd874-7344-400d-8659-b2eaed9498ef"}
2015-12-26 04:47:56,513 21149 INFO     [tempest_lib.common.rest_client] Request (TestNetworkAdvancedServerOps:test_server_connectivity_pause_unpause): 200 POST http://10.0.2.15:5000/v2.0/tokens
2015-12-26 04:47:56,513 21149 DEBUG    [tempest_lib.common.rest_client] Request - Headers: {'Content-Type': 'application/json', 'Accept': 'application/json'}
        Body: &lt;omitted&gt;
    Response - Headers: {'status': '200', 'content-length': '2564', 'vary': 'X-Auth-Token', 'server': 'Apache/2.4.7 (Ubuntu)', 'connection': 'close', 'date': 'Sat, 26 Dec 2015 04:47:56 GMT', 'content-type': 'application/json', 'x-openstack-request-id': 'req-3da621bd-3dbe-454b-80e2-70dafc1d0a83'}
        Body: {"access": {"token": {"issued_at": "2015-12-26T04:47:56.500101", "expires": "2015-12-26T05:47:56Z", "id": "f12bddfeded5444eaa78cf357e25fa09", "tenant": {"description": "tempest-TestNetworkAdvancedServerOps-328397105-desc", "enabled": true, "id": "c037381efcba4261a71f0dadafac7010", "name": "tempest-TestNetworkAdvancedServerOps-328397105"}, "audit_ids": ["1Ya9AtX2QiSwmA-fLN9ADA"]}, "serviceCatalog": [{"endpoints": [{"adminURL": "http://10.0.2.15:8774/v2.1/c037381efcba4261a71f0dadafac7010", "region": "RegionOne", "internalURL": "http://10.0.2.15:8774/v2.1/c037381efcba4261a71f0dadafac7010", "id": "030898862ad04ba787881c7050590cd4", "publicURL": "http://10.0.2.15:8774/v2.1/c037381efcba4261a71f0dadafac7010"}], "endpoints_links": [], "type": "compute", "name": "nova"}, {"endpoints": [{"adminURL": "http://10.0.2.15:9696/", "region": "RegionOne", "internalURL": "http://10.0.2.15:9696/", "id": "4270b9f6048c4bcdbbfc77930c3fb50a", "publicURL": "http://10.0.2.15:9696/"}], "endpoints_links": [], "type": "network", "name": "neutron"}, {"endpoints": [{"adminURL": "http://10.0.2.15:9292", "region": "RegionOne", "internalURL": "http://10.0.2.15:9292", "id": "d792818948c84836b306f232addad511", "publicURL": "http://10.0.2.15:9292"}], "endpoints_links": [], "type": "image", "name": "glance"}, {"endpoints": [{"adminURL": "http://10.0.2.15:8774/v2/c037381efcba4261a71f0dadafac7010", "region": "RegionOne", "internalURL": "http://10.0.2.15:8774/v2/c037381efcba4261a71f0dadafac7010", "id": "16d57f2cf20844f883dc5e61dec41c78", "publicURL": "http://10.0.2.15:8774/v2/c037381efcba4261a71f0dadafac7010"}], "endpoints_links": [], "type": "compute_legacy", "name": "nova_legacy"}, {"endpoints": [{"adminURL": "http://10.0.2.15:8773/", "region": "RegionOne", "internalURL": "http://10.0.2.15:8773/", "id": "152c529a33924cf697cac435e5c3f1af", "publicURL": "http://10.0.2.15:8773/"}], "endpoints_links": [], "type": "ec2", "name": "ec2"}, {"endpoints": [{"adminURL": "http://10.0.2.15:35357/v2.0", "region": "RegionOne", "internalURL": "http://10.0.2.15:5000/v2.0", "id": "0bee194e70464f12a8975775c4db15fe", "publicURL": "http://10.0.2.15:5000/v2.0"}], "endpoints_links": [], "type": "identity", "name": "keystone"}], "user": {"username": "tempest-TestNetworkAdvancedServerOps-1461403561", "roles_links": [], "id": "fae95d1d200d4521bc1d466fbb3fa855", "roles": [{"name": "Member"}, {"name": "_member_"}], "name": "tempest-TestNetworkAdvancedServerOps-1461403561"}, "metadata": {"is_admin": 0, "roles": ["86630f3524cc44498da9da82f6cd9919", "9fe2ff9ee4384b1894a90878d3e92bab"]}}}
2015-12-26 04:47:56,521 21149 DEBUG    [tempest.common.fixed_network] (TestNetworkAdvancedServerOps:test_server_connectivity_pause_unpause) No valid network provided or created, defaulting to fixed_network_name
2015-12-26 04:47:56,929 21149 INFO     [tempest_lib.common.rest_client] Request (TestNetworkAdvancedServerOps:test_server_connectivity_pause_unpause): 200 GET http://10.0.2.15:8774/v2.1/c037381efcba4261a71f0dadafac7010/os-networks 0.407s
2015-12-26 04:47:56,929 21149 DEBUG    [tempest_lib.common.rest_client] Request - Headers: {'Content-Type': 'application/json', 'Accept': 'application/json', 'X-Auth-Token': '&lt;omitted&gt;'}
        Body: None
    Response - Headers: {'status': '200', 'content-length': '478', 'content-location': 'http://10.0.2.15:8774/v2.1/c037381efcba4261a71f0dadafac7010/os-networks', 'x-compute-request-id': 'req-3fc62858-8140-4b3a-a141-095aec9e8fbf', 'vary': 'X-OpenStack-Nova-API-Version', 'connection': 'close', 'x-openstack-nova-api-version': '2.1', 'date': 'Sat, 26 Dec 2015 04:47:56 GMT', 'content-type': 'application/json'}
        Body: {"networks": [{"cidr_v6": null, "dns2": null, "dns1": null, "gateway": null, "broadcast": null, "netmask": null, "gateway_v6": null, "cidr": null, "label": "public", "id": "ee2e215c-d0f3-46da-979a-cb5e8dde3b23", "netmask_v6": null}, {"cidr_v6": null, "dns2": null, "dns1": null, "gateway": null, "broadcast": null, "netmask": null, "gateway_v6": null, "cidr": null, "label": "tempest-network-smoke--433195608", "id": "996286e4-208e-4f1f-93db-81422c71efe7", "netmask_v6": null}]}
2015-12-26 04:47:56,930 21149 WARNING  [tempest.common.fixed_network] (TestNetworkAdvancedServerOps:test_server_connectivity_pause_unpause) Network with name: private not found
2015-12-26 04:47:56,930 21149 INFO     [tempest.common.fixed_network] (TestNetworkAdvancedServerOps:test_server_connectivity_pause_unpause) Found network {} available for tenant
2015-12-26 04:47:58,489 21149 INFO     [tempest_lib.common.rest_client] Request (TestNetworkAdvancedServerOps:test_server_connectivity_pause_unpause): 202 POST http://10.0.2.15:8774/v2.1/c037381efcba4261a71f0dadafac7010/servers 1.558s
2015-12-26 04:47:58,490 21149 DEBUG    [tempest_lib.common.rest_client] Request - Headers: {'Content-Type': 'application/json', 'Accept': 'application/json', 'X-Auth-Token': '&lt;omitted&gt;'}
        Body: {"server": {"name": "tempest.common.compute-instance-213835852", "imageRef": "9d4e1ce7-7c07-4cc8-a2ef-9edfd81848d9", "key_name": "tempest-TestNetworkAdvancedServerOps-902948150", "flavorRef": "42", "networks": [{"uuid": "996286e4-208e-4f1f-93db-81422c71efe7"}], "security_groups": [{"name": "tempest-secgroup-smoke-307795395"}]}}
    Response - Headers: {'status': '202', 'content-length': '461', 'x-compute-request-id': 'req-e3f2c3a6-cac1-48a1-b700-1937d2a9e4fc', 'vary': 'X-OpenStack-Nova-API-Version', 'connection': 'close', 'location': 'http://10.0.2.15:8774/v2.1/c037381efcba4261a71f0dadafac7010/servers/993606de-a3bd-4b96-b11e-96f61dc2af0f', 'x-openstack-nova-api-version': '2.1', 'date': 'Sat, 26 Dec 2015 04:47:58 GMT', 'content-type': 'application/json'}
        Body: {"server": {"security_groups": [{"name": "tempest-secgroup-smoke-307795395"}], "OS-DCF:diskConfig": "MANUAL", "id": "993606de-a3bd-4b96-b11e-96f61dc2af0f", "links": [{"href": "http://10.0.2.15:8774/v2.1/c037381efcba4261a71f0dadafac7010/servers/993606de-a3bd-4b96-b11e-96f61dc2af0f", "rel": "self"}, {"href": "http://10.0.2.15:8774/c037381efcba4261a71f0dadafac7010/servers/993606de-a3bd-4b96-b11e-96f61dc2af0f", "rel": "bookmark"}], "adminPass": "DQuZRfe6XwL6"}}
2015-12-26 04:47:58,679 21149 INFO     [tempest_lib.common.rest_client] Request (TestNetworkAdvancedServerOps:test_server_connectivity_pause_unpause): 200 GET http://10.0.2.15:8774/v2.1/c037381efcba4261a71f0dadafac7010/servers/993606de-a3bd-4b96-b11e-96f61dc2af0f 0.185s
2015-12-26 04:47:58,679 21149 DEBUG    [tempest_lib.common.rest_client] Request - Headers: {'Content-Type': 'application/json', 'Accept': 'application/json', 'X-Auth-Token': '&lt;omitted&gt;'}
        Body: None
    Response - Headers: {'status': '200', 'content-length': '1363', 'content-location': 'http://10.0.2.15:8774/v2.1/c037381efcba4261a71f0dadafac7010/servers/993606de-a3bd-4b96-b11e-96f61dc2af0f', 'x-compute-request-id': 'req-d5ef41b1-c7ba-4c36-af62-e12c7b285d7f', 'vary': 'X-OpenStack-Nova-API-Version', 'connection': 'close', 'x-openstack-nova-api-version': '2.1', 'date': 'Sat, 26 Dec 2015 04:47:58 GMT', 'content-type': 'application/json'}
        Body: {"server": {"status": "BUILD", "updated": "2015-12-26T04:47:58Z", "hostId": "", "addresses": {}, "links": [{"href": "http://10.0.2.15:8774/v2.1/c037381efcba4261a71f0dadafac7010/servers/993606de-a3bd-4b96-b11e-96f61dc2af0f", "rel": "self"}, {"href": "http://10.0.2.15:8774/c037381efcba4261a71f0dadafac7010/servers/993606de-a3bd-4b96-b11e-96f61dc2af0f", "rel": "bookmark"}], "key_name": "tempest-TestNetworkAdvancedServerOps-902948150", "image": {"id": "9d4e1ce7-7c07-4cc8-a2ef-9edfd81848d9", "links": [{"href": "http://10.0.2.15:8774/c037381efcba4261a71f0dadafac7010/images/9d4e1ce7-7c07-4cc8-a2ef-9edfd81848d9", "rel": "bookmark"}]}, "OS-EXT-STS:task_state": "scheduling", "OS-EXT-STS:vm_state": "building", "OS-SRV-USG:launched_at": null, "flavor": {"id": "42", "links": [{"href": "http://10.0.2.15:8774/c037381efcba4261a71f0dadafac7010/flavors/42", "rel": "bookmark"}]}, "id": "993606de-a3bd-4b96-b11e-96f61dc2af0f", "OS-SRV-USG:terminated_at": null, "OS-EXT-AZ:availability_zone": "", "user_id": "fae95d1d200d4521bc1d466fbb3fa855", "name": "tempest.common.compute-instance-213835852", "created": "2015-12-26T04:47:58Z", "tenant_id": "c037381efcba4261a71f0dadafac7010", "OS-DCF:diskConfig": "MANUAL", "os-extended-volumes:volumes_attached": [], "accessIPv4": "", "accessIPv6": "", "progress": 0, "OS-EXT-STS:power_state": 0, "config_drive": "", "metadata": {}}}
2015-12-26 04:48:00,092 21149 INFO     [tempest_lib.common.rest_client] Request (TestNetworkAdvancedServerOps:test_server_connectivity_pause_unpause): 200 GET http://10.0.2.15:8774/v2.1/c037381efcba4261a71f0dadafac7010/servers/993606de-a3bd-4b96-b11e-96f61dc2af0f 0.395s
2015-12-26 04:48:00,093 21149 DEBUG    [tempest_lib.common.rest_client] Request - Headers: {'Content-Type': 'application/json', 'Accept': 'application/json', 'X-Auth-Token': '&lt;omitted&gt;'}
        Body: None
    Response - Headers: {'status': '200', 'content-length': '1488', 'content-location': 'http://10.0.2.15:8774/v2.1/c037381efcba4261a71f0dadafac7010/servers/993606de-a3bd-4b96-b11e-96f61dc2af0f', 'x-compute-request-id': 'req-ab689cd0-c1eb-4306-bcc1-ce4420c5e585', 'vary': 'X-OpenStack-Nova-API-Version', 'connection': 'close', 'x-openstack-nova-api-version': '2.1', 'date': 'Sat, 26 Dec 2015 04:48:00 GMT', 'content-type': 'application/json'}
        Body: {"server": {"status": "BUILD", "updated": "2015-12-26T04:47:59Z", "hostId": "dfca0378436a138aef58b197b4a8738348d01f146cebf27c7563a016", "addresses": {}, "links": [{"href": "http://10.0.2.15:8774/v2.1/c037381efcba4261a71f0dadafac7010/servers/993606de-a3bd-4b96-b11e-96f61dc2af0f", "rel": "self"}, {"href": "http://10.0.2.15:8774/c037381efcba4261a71f0dadafac7010/servers/993606de-a3bd-4b96-b11e-96f61dc2af0f", "rel": "bookmark"}], "key_name": "tempest-TestNetworkAdvancedServerOps-902948150", "image": {"id": "9d4e1ce7-7c07-4cc8-a2ef-9edfd81848d9", "links": [{"href": "http://10.0.2.15:8774/c037381efcba4261a71f0dadafac7010/images/9d4e1ce7-7c07-4cc8-a2ef-9edfd81848d9", "rel": "bookmark"}]}, "OS-EXT-STS:task_state": "spawning", "OS-EXT-STS:vm_state": "building", "OS-SRV-USG:launched_at": null, "flavor": {"id": "42", "links": [{"href": "http://10.0.2.15:8774/c037381efcba4261a71f0dadafac7010/flavors/42", "rel": "bookmark"}]}, "id": "993606de-a3bd-4b96-b11e-96f61dc2af0f", "security_groups": [{"name": "tempest-secgroup-smoke-307795395"}], "OS-SRV-USG:terminated_at": null, "OS-EXT-AZ:availability_zone": "nova", "user_id": "fae95d1d200d4521bc1d466fbb3fa855", "name": "tempest.common.compute-instance-213835852", "created": "2015-12-26T04:47:58Z", "tenant_id": "c037381efcba4261a71f0dadafac7010", "OS-DCF:diskConfig": "MANUAL", "os-extended-volumes:volumes_attached": [], "accessIPv4": "", "accessIPv6": "", "progress": 0, "OS-EXT-STS:power_state": 0, "config_drive": "", "metadata": {}}}
2015-12-26 04:48:00,101 21149 INFO     [tempest.common.waiters] State transition "BUILD/scheduling" ==&gt; "BUILD/spawning" after 2 second wait
2015-12-26 04:48:01,408 21149 INFO     [tempest_lib.common.rest_client] Request (TestNetworkAdvancedServerOps:test_server_connectivity_pause_unpause): 200 GET http://10.0.2.15:8774/v2.1/c037381efcba4261a71f0dadafac7010/servers/993606de-a3bd-4b96-b11e-96f61dc2af0f 0.305s
2015-12-26 04:48:01,409 21149 DEBUG    [tempest_lib.common.rest_client] Request - Headers: {'Content-Type': 'application/json', 'Accept': 'application/json', 'X-Auth-Token': '&lt;omitted&gt;'}
        Body: None
    Response - Headers: {'status': '200', 'content-length': '1488', 'content-location': 'http://10.0.2.15:8774/v2.1/c037381efcba4261a71f0dadafac7010/servers/993606de-a3bd-4b96-b11e-96f61dc2af0f', 'x-compute-request-id': 'req-4b50fe02-f10f-4f42-953f-2b5d1ac6a80a', 'vary': 'X-OpenStack-Nova-API-Version', 'connection': 'close', 'x-openstack-nova-api-version': '2.1', 'date': 'Sat, 26 Dec 2015 04:48:01 GMT', 'content-type': 'application/json'}
        Body: {"server": {"status": "BUILD", "updated": "2015-12-26T04:47:59Z", "hostId": "dfca0378436a138aef58b197b4a8738348d01f146cebf27c7563a016", "addresses": {}, "links": [{"href": "http://10.0.2.15:8774/v2.1/c037381efcba4261a71f0dadafac7010/servers/993606de-a3bd-4b96-b11e-96f61dc2af0f", "rel": "self"}, {"href": "http://10.0.2.15:8774/c037381efcba4261a71f0dadafac7010/servers/993606de-a3bd-4b96-b11e-96f61dc2af0f", "rel": "bookmark"}], "key_name": "tempest-TestNetworkAdvancedServerOps-902948150", "image": {"id": "9d4e1ce7-7c07-4cc8-a2ef-9edfd81848d9", "links": [{"href": "http://10.0.2.15:8774/c037381efcba4261a71f0dadafac7010/images/9d4e1ce7-7c07-4cc8-a2ef-9edfd81848d9", "rel": "bookmark"}]}, "OS-EXT-STS:task_state": "spawning", "OS-EXT-STS:vm_state": "building", "OS-SRV-USG:launched_at": null, "flavor": {"id": "42", "links": [{"href": "http://10.0.2.15:8774/c037381efcba4261a71f0dadafac7010/flavors/42", "rel": "bookmark"}]}, "id": "993606de-a3bd-4b96-b11e-96f61dc2af0f", "security_groups": [{"name": "tempest-secgroup-smoke-307795395"}], "OS-SRV-USG:terminated_at": null, "OS-EXT-AZ:availability_zone": "nova", "user_id": "fae95d1d200d4521bc1d466fbb3fa855", "name": "tempest.common.compute-instance-213835852", "created": "2015-12-26T04:47:58Z", "tenant_id": "c037381efcba4261a71f0dadafac7010", "OS-DCF:diskConfig": "MANUAL", "os-extended-volumes:volumes_attached": [], "accessIPv4": "", "accessIPv6": "", "progress": 0, "OS-EXT-STS:power_state": 0, "config_drive": "", "metadata": {}}}
2015-12-26 04:48:02,636 21149 INFO     [tempest_lib.common.rest_client] Request (TestNetworkAdvancedServerOps:test_server_connectivity_pause_unpause): 200 GET http://10.0.2.15:8774/v2.1/c037381efcba4261a71f0dadafac7010/servers/993606de-a3bd-4b96-b11e-96f61dc2af0f 0.209s
2015-12-26 04:48:02,636 21149 DEBUG    [tempest_lib.common.rest_client] Request - Headers: {'Content-Type': 'application/json', 'Accept': 'application/json', 'X-Auth-Token': '&lt;omitted&gt;'}
        Body: None
    Response - Headers: {'status': '200', 'content-length': '1659', 'content-location': 'http://10.0.2.15:8774/v2.1/c037381efcba4261a71f0dadafac7010/servers/993606de-a3bd-4b96-b11e-96f61dc2af0f', 'x-compute-request-id': 'req-bf1b8577-571e-46fd-9123-bf1775b9b1f9', 'vary': 'X-OpenStack-Nova-API-Version', 'connection': 'close', 'x-openstack-nova-api-version': '2.1', 'date': 'Sat, 26 Dec 2015 04:48:02 GMT', 'content-type': 'application/json'}
        Body: {"server": {"status": "ACTIVE", "updated": "2015-12-26T04:48:02Z", "hostId": "dfca0378436a138aef58b197b4a8738348d01f146cebf27c7563a016", "addresses": {"tempest-network-smoke--433195608": [{"OS-EXT-IPS-MAC:mac_addr": "fa:16:3e:2b:82:f1", "version": 4, "addr": "10.100.0.3", "OS-EXT-IPS:type": "fixed"}]}, "links": [{"href": "http://10.0.2.15:8774/v2.1/c037381efcba4261a71f0dadafac7010/servers/993606de-a3bd-4b96-b11e-96f61dc2af0f", "rel": "self"}, {"href": "http://10.0.2.15:8774/c037381efcba4261a71f0dadafac7010/servers/993606de-a3bd-4b96-b11e-96f61dc2af0f", "rel": "bookmark"}], "key_name": "tempest-TestNetworkAdvancedServerOps-902948150", "image": {"id": "9d4e1ce7-7c07-4cc8-a2ef-9edfd81848d9", "links": [{"href": "http://10.0.2.15:8774/c037381efcba4261a71f0dadafac7010/images/9d4e1ce7-7c07-4cc8-a2ef-9edfd81848d9", "rel": "bookmark"}]}, "OS-EXT-STS:task_state": null, "OS-EXT-STS:vm_state": "active", "OS-SRV-USG:launched_at": "2015-12-26T04:48:01.000000", "flavor": {"id": "42", "links": [{"href": "http://10.0.2.15:8774/c037381efcba4261a71f0dadafac7010/flavors/42", "rel": "bookmark"}]}, "id": "993606de-a3bd-4b96-b11e-96f61dc2af0f", "security_groups": [{"name": "tempest-secgroup-smoke-307795395"}], "OS-SRV-USG:terminated_at": null, "OS-EXT-AZ:availability_zone": "nova", "user_id": "fae95d1d200d4521bc1d466fbb3fa855", "name": "tempest.common.compute-instance-213835852", "created": "2015-12-26T04:47:58Z", "tenant_id": "c037381efcba4261a71f0dadafac7010", "OS-DCF:diskConfig": "MANUAL", "os-extended-volumes:volumes_attached": [], "accessIPv4": "", "accessIPv6": "", "progress": 0, "OS-EXT-STS:power_state": 1, "config_drive": "True", "metadata": {}}}
2015-12-26 04:48:02,647 21149 INFO     [tempest.common.waiters] State transition "BUILD/spawning" ==&gt; "ACTIVE/None" after 4 second wait
2015-12-26 04:48:02,876 21149 INFO     [tempest_lib.common.rest_client] Request (TestNetworkAdvancedServerOps:test_server_connectivity_pause_unpause): 200 GET http://10.0.2.15:8774/v2.1/c037381efcba4261a71f0dadafac7010/servers/993606de-a3bd-4b96-b11e-96f61dc2af0f 0.229s
2015-12-26 04:48:02,877 21149 DEBUG    [tempest_lib.common.rest_client] Request - Headers: {'Content-Type': 'application/json', 'Accept': 'application/json', 'X-Auth-Token': '&lt;omitted&gt;'}
        Body: None
    Response - Headers: {'status': '200', 'content-length': '1659', 'content-location': 'http://10.0.2.15:8774/v2.1/c037381efcba4261a71f0dadafac7010/servers/993606de-a3bd-4b96-b11e-96f61dc2af0f', 'x-compute-request-id': 'req-dad92b7d-7088-4b30-9e77-1ba36b93485c', 'vary': 'X-OpenStack-Nova-API-Version', 'connection': 'close', 'x-openstack-nova-api-version': '2.1', 'date': 'Sat, 26 Dec 2015 04:48:02 GMT', 'content-type': 'application/json'}
        Body: {"server": {"status": "ACTIVE", "updated": "2015-12-26T04:48:02Z", "hostId": "dfca0378436a138aef58b197b4a8738348d01f146cebf27c7563a016", "addresses": {"tempest-network-smoke--433195608": [{"OS-EXT-IPS-MAC:mac_addr": "fa:16:3e:2b:82:f1", "version": 4, "addr": "10.100.0.3", "OS-EXT-IPS:type": "fixed"}]}, "links": [{"href": "http://10.0.2.15:8774/v2.1/c037381efcba4261a71f0dadafac7010/servers/993606de-a3bd-4b96-b11e-96f61dc2af0f", "rel": "self"}, {"href": "http://10.0.2.15:8774/c037381efcba4261a71f0dadafac7010/servers/993606de-a3bd-4b96-b11e-96f61dc2af0f", "rel": "bookmark"}], "key_name": "tempest-TestNetworkAdvancedServerOps-902948150", "image": {"id": "9d4e1ce7-7c07-4cc8-a2ef-9edfd81848d9", "links": [{"href": "http://10.0.2.15:8774/c037381efcba4261a71f0dadafac7010/images/9d4e1ce7-7c07-4cc8-a2ef-9edfd81848d9", "rel": "bookmark"}]}, "OS-EXT-STS:task_state": null, "OS-EXT-STS:vm_state": "active", "OS-SRV-USG:launched_at": "2015-12-26T04:48:01.000000", "flavor": {"id": "42", "links": [{"href": "http://10.0.2.15:8774/c037381efcba4261a71f0dadafac7010/flavors/42", "rel": "bookmark"}]}, "id": "993606de-a3bd-4b96-b11e-96f61dc2af0f", "security_groups": [{"name": "tempest-secgroup-smoke-307795395"}], "OS-SRV-USG:terminated_at": null, "OS-EXT-AZ:availability_zone": "nova", "user_id": "fae95d1d200d4521bc1d466fbb3fa855", "name": "tempest.common.compute-instance-213835852", "created": "2015-12-26T04:47:58Z", "tenant_id": "c037381efcba4261a71f0dadafac7010", "OS-DCF:diskConfig": "MANUAL", "os-extended-volumes:volumes_attached": [], "accessIPv4": "", "accessIPv6": "", "progress": 0, "OS-EXT-STS:power_state": 1, "config_drive": "True", "metadata": {}}}
2015-12-26 04:48:03,057 21149 INFO     [tempest_lib.common.rest_client] Request (TestNetworkAdvancedServerOps:test_server_connectivity_pause_unpause): 200 GET http://10.0.2.15:9696/v2.0/ports?status=ACTIVE&amp;fixed_ip=None&amp;device_id=993606de-a3bd-4b96-b11e-96f61dc2af0f 0.171s
2015-12-26 04:48:03,058 21149 DEBUG    [tempest_lib.common.rest_client] Request - Headers: {'Content-Type': 'application/json', 'Accept': 'application/json', 'X-Auth-Token': '&lt;omitted&gt;'}
        Body: None
    Response - Headers: {'status': '200', 'content-length': '895', 'content-location': 'http://10.0.2.15:9696/v2.0/ports?status=ACTIVE&amp;fixed_ip=None&amp;device_id=993606de-a3bd-4b96-b11e-96f61dc2af0f', 'connection': 'close', 'date': 'Sat, 26 Dec 2015 04:48:03 GMT', 'content-type': 'application/json; charset=UTF-8', 'x-openstack-request-id': 'req-9406c944-2df4-4901-b075-cb5412fc6771'}
        Body: {"ports": [{"status": "ACTIVE", "binding:host_id": "vagrant-ubuntu-trusty-64", "allowed_address_pairs": [], "extra_dhcp_opts": [], "dns_assignment": [{"hostname": "host-10-100-0-3", "ip_address": "10.100.0.3", "fqdn": "host-10-100-0-3.openstacklocal."}], "device_owner": "compute:None", "port_security_enabled": true, "binding:profile": {}, "fixed_ips": [{"subnet_id": "f1b6a583-e2cb-487e-9dbe-05b17ebd5a8b", "ip_address": "10.100.0.3"}], "id": "f6b55be9-b230-47ae-87a8-0039561a86b0", "security_groups": ["14389f02-d604-4811-8640-d290f8ae83c1"], "device_id": "993606de-a3bd-4b96-b11e-96f61dc2af0f", "name": "", "admin_state_up": true, "network_id": "996286e4-208e-4f1f-93db-81422c71efe7", "dns_name": "", "binding:vif_details": {"port_filter": true}, "binding:vnic_type": "normal", "binding:vif_type": "ovs", "tenant_id": "c037381efcba4261a71f0dadafac7010", "mac_address": "fa:16:3e:2b:82:f1"}]}
2015-12-26 04:48:03,602 21149 INFO     [tempest_lib.common.rest_client] Request (TestNetworkAdvancedServerOps:test_server_connectivity_pause_unpause): 201 POST http://10.0.2.15:9696/v2.0/floatingips 0.543s
2015-12-26 04:48:03,603 21149 DEBUG    [tempest_lib.common.rest_client] Request - Headers: {'Content-Type': 'application/json', 'Accept': 'application/json', 'X-Auth-Token': '&lt;omitted&gt;'}
        Body: {"floatingip": {"floating_network_id": "ee2e215c-d0f3-46da-979a-cb5e8dde3b23", "tenant_id": "c037381efcba4261a71f0dadafac7010", "fixed_ip_address": "10.100.0.3", "port_id": "f6b55be9-b230-47ae-87a8-0039561a86b0"}}
    Response - Headers: {'status': '201', 'content-length': '367', 'connection': 'close', 'date': 'Sat, 26 Dec 2015 04:48:03 GMT', 'content-type': 'application/json; charset=UTF-8', 'x-openstack-request-id': 'req-3e402d0a-0917-4b2b-91ec-e1ca7cbcbc29'}
        Body: {"floatingip": {"floating_network_id": "ee2e215c-d0f3-46da-979a-cb5e8dde3b23", "router_id": "2eacd874-7344-400d-8659-b2eaed9498ef", "fixed_ip_address": "10.100.0.3", "floating_ip_address": "172.24.4.4", "tenant_id": "c037381efcba4261a71f0dadafac7010", "status": "DOWN", "port_id": "f6b55be9-b230-47ae-87a8-0039561a86b0", "id": "c06e326b-1401-43fe-aafe-a0121daa1e78"}}
2015-12-26 04:48:03,936 21149 INFO     [tempest_lib.common.rest_client] Request (TestNetworkAdvancedServerOps:test_server_connectivity_pause_unpause): 200 GET http://10.0.2.15:8774/v2.1/c037381efcba4261a71f0dadafac7010/servers/993606de-a3bd-4b96-b11e-96f61dc2af0f 0.332s
2015-12-26 04:48:03,937 21149 DEBUG    [tempest_lib.common.rest_client] Request - Headers: {'Content-Type': 'application/json', 'Accept': 'application/json', 'X-Auth-Token': '&lt;omitted&gt;'}
        Body: None
    Response - Headers: {'status': '200', 'content-length': '1659', 'content-location': 'http://10.0.2.15:8774/v2.1/c037381efcba4261a71f0dadafac7010/servers/993606de-a3bd-4b96-b11e-96f61dc2af0f', 'x-compute-request-id': 'req-ec2e6ccf-88e2-4953-86c0-fa969931a8ab', 'vary': 'X-OpenStack-Nova-API-Version', 'connection': 'close', 'x-openstack-nova-api-version': '2.1', 'date': 'Sat, 26 Dec 2015 04:48:03 GMT', 'content-type': 'application/json'}
        Body: {"server": {"status": "ACTIVE", "updated": "2015-12-26T04:48:02Z", "hostId": "dfca0378436a138aef58b197b4a8738348d01f146cebf27c7563a016", "addresses": {"tempest-network-smoke--433195608": [{"OS-EXT-IPS-MAC:mac_addr": "fa:16:3e:2b:82:f1", "version": 4, "addr": "10.100.0.3", "OS-EXT-IPS:type": "fixed"}]}, "links": [{"href": "http://10.0.2.15:8774/v2.1/c037381efcba4261a71f0dadafac7010/servers/993606de-a3bd-4b96-b11e-96f61dc2af0f", "rel": "self"}, {"href": "http://10.0.2.15:8774/c037381efcba4261a71f0dadafac7010/servers/993606de-a3bd-4b96-b11e-96f61dc2af0f", "rel": "bookmark"}], "key_name": "tempest-TestNetworkAdvancedServerOps-902948150", "image": {"id": "9d4e1ce7-7c07-4cc8-a2ef-9edfd81848d9", "links": [{"href": "http://10.0.2.15:8774/c037381efcba4261a71f0dadafac7010/images/9d4e1ce7-7c07-4cc8-a2ef-9edfd81848d9", "rel": "bookmark"}]}, "OS-EXT-STS:task_state": null, "OS-EXT-STS:vm_state": "active", "OS-SRV-USG:launched_at": "2015-12-26T04:48:01.000000", "flavor": {"id": "42", "links": [{"href": "http://10.0.2.15:8774/c037381efcba4261a71f0dadafac7010/flavors/42", "rel": "bookmark"}]}, "id": "993606de-a3bd-4b96-b11e-96f61dc2af0f", "security_groups": [{"name": "tempest-secgroup-smoke-307795395"}], "OS-SRV-USG:terminated_at": null, "OS-EXT-AZ:availability_zone": "nova", "user_id": "fae95d1d200d4521bc1d466fbb3fa855", "name": "tempest.common.compute-instance-213835852", "created": "2015-12-26T04:47:58Z", "tenant_id": "c037381efcba4261a71f0dadafac7010", "OS-DCF:diskConfig": "MANUAL", "os-extended-volumes:volumes_attached": [], "accessIPv4": "", "accessIPv6": "", "progress": 0, "OS-EXT-STS:power_state": 1, "config_drive": "True", "metadata": {}}}
2015-12-26 04:48:03,950 21149 INFO     [tempest.scenario.manager] Tenant networks not configured to be reachable.
2015-12-26 04:48:03,966 21149 INFO     [tempest_lib.common.rest_client] Request (TestNetworkAdvancedServerOps:test_server_connectivity_pause_unpause): 200 GET http://10.0.2.15:9696/v2.0/floatingips/c06e326b-1401-43fe-aafe-a0121daa1e78 0.014s
2015-12-26 04:48:03,966 21149 DEBUG    [tempest_lib.common.rest_client] Request - Headers: {'Content-Type': 'application/json', 'Accept': 'application/json', 'X-Auth-Token': '&lt;omitted&gt;'}
        Body: None
    Response - Headers: {'status': '200', 'content-length': '367', 'content-location': 'http://10.0.2.15:9696/v2.0/floatingips/c06e326b-1401-43fe-aafe-a0121daa1e78', 'connection': 'close', 'date': 'Sat, 26 Dec 2015 04:48:03 GMT', 'content-type': 'application/json; charset=UTF-8', 'x-openstack-request-id': 'req-00aeef4a-c912-42f8-80b5-1097144abae6'}
        Body: {"floatingip": {"floating_network_id": "ee2e215c-d0f3-46da-979a-cb5e8dde3b23", "router_id": "2eacd874-7344-400d-8659-b2eaed9498ef", "fixed_ip_address": "10.100.0.3", "floating_ip_address": "172.24.4.4", "tenant_id": "c037381efcba4261a71f0dadafac7010", "status": "DOWN", "port_id": "f6b55be9-b230-47ae-87a8-0039561a86b0", "id": "c06e326b-1401-43fe-aafe-a0121daa1e78"}}
2015-12-26 04:48:04,981 21149 INFO     [tempest_lib.common.rest_client] Request (TestNetworkAdvancedServerOps:test_server_connectivity_pause_unpause): 200 GET http://10.0.2.15:9696/v2.0/floatingips/c06e326b-1401-43fe-aafe-a0121daa1e78 0.013s
2015-12-26 04:48:04,982 21149 DEBUG    [tempest_lib.common.rest_client] Request - Headers: {'Content-Type': 'application/json', 'Accept': 'application/json', 'X-Auth-Token': '&lt;omitted&gt;'}
        Body: None
    Response - Headers: {'status': '200', 'content-length': '369', 'content-location': 'http://10.0.2.15:9696/v2.0/floatingips/c06e326b-1401-43fe-aafe-a0121daa1e78', 'connection': 'close', 'date': 'Sat, 26 Dec 2015 04:48:04 GMT', 'content-type': 'application/json; charset=UTF-8', 'x-openstack-request-id': 'req-2cdb505e-aa17-4fd3-b550-6442fbaaf93c'}
        Body: {"floatingip": {"floating_network_id": "ee2e215c-d0f3-46da-979a-cb5e8dde3b23", "router_id": "2eacd874-7344-400d-8659-b2eaed9498ef", "fixed_ip_address": "10.100.0.3", "floating_ip_address": "172.24.4.4", "tenant_id": "c037381efcba4261a71f0dadafac7010", "status": "ACTIVE", "port_id": "f6b55be9-b230-47ae-87a8-0039561a86b0", "id": "c06e326b-1401-43fe-aafe-a0121daa1e78"}}
2015-12-26 04:48:04,982 21149 INFO     [tempest.scenario.manager] FloatingIP: &lt;"FloatingIP" addr="172.24.4.4" id="c06e326b-1401-43fe-aafe-a0121daa1e78"&gt; is at status: ACTIVE
2015-12-26 04:48:04,982 21149 DEBUG    [tempest.scenario.manager] checking network connections to IP 172.24.4.4 with user: cirros
2015-12-26 04:48:04,983 21149 DEBUG    [tempest.scenario.manager] TestNetworkAdvancedServerOps:test_server_connectivity_pause_unpause begins to ping 172.24.4.4 in 120 sec and the expected result is reachable
2015-12-26 04:50:06,316 21149 DEBUG    [tempest.scenario.manager] TestNetworkAdvancedServerOps:test_server_connectivity_pause_unpause finishes ping 172.24.4.4 in 120 sec and the ping result is unexpected
2015-12-26 04:50:06,317 21149 ERROR    [tempest.scenario.manager] Public network connectivity check failed
2015-12-26 04:50:06.317 21149 ERROR tempest.scenario.manager Traceback (most recent call last):
2015-12-26 04:50:06.317 21149 ERROR tempest.scenario.manager   File "tempest/scenario/manager.py", line 609, in check_public_network_connectivity
2015-12-26 04:50:06.317 21149 ERROR tempest.scenario.manager     should_connect=should_connect)
2015-12-26 04:50:06.317 21149 ERROR tempest.scenario.manager   File "tempest/scenario/manager.py", line 593, in check_vm_connectivity
2015-12-26 04:50:06.317 21149 ERROR tempest.scenario.manager     msg=msg)
2015-12-26 04:50:06.317 21149 ERROR tempest.scenario.manager   File "/usr/local/lib/python2.7/dist-packages/unittest2/case.py", line 702, in assertTrue
2015-12-26 04:50:06.317 21149 ERROR tempest.scenario.manager     raise self.failureException(msg)
2015-12-26 04:50:06.317 21149 ERROR tempest.scenario.manager AssertionError: False is not true : Timed out waiting for 172.24.4.4 to become reachable
2015-12-26 04:50:06.317 21149 ERROR tempest.scenario.manager 
2015-12-26 04:50:06,548 21149 INFO     [tempest_lib.common.rest_client] Request (TestNetworkAdvancedServerOps:test_server_connectivity_pause_unpause): 200 POST http://10.0.2.15:8774/v2.1/c037381efcba4261a71f0dadafac7010/servers/993606de-a3bd-4b96-b11e-96f61dc2af0f/action 0.225s
2015-12-26 04:50:06,548 21149 DEBUG    [tempest_lib.common.rest_client] Request - Headers: {'Content-Type': 'application/json', 'Accept': 'application/json', 'X-Auth-Token': '&lt;omitted&gt;'}
        Body: {"os-getConsoleOutput": {}}
    Response - Headers: {'status': '200', 'content-length': '17429', 'x-compute-request-id': 'req-7de1811f-a4bf-411a-92fd-85e73b20f10c', 'vary': 'X-OpenStack-Nova-API-Version', 'connection': 'close', 'x-openstack-nova-api-version': '2.1', 'date': 'Sat, 26 Dec 2015 04:50:06 GMT', 'content-type': 'application/json'}
        Body: {"output": "[    0.000000] Initializing cgroup subsys cpuset\n[    0.000000] Initializing cgroup subsys cpu\n[    0.000000] Linux version 3.2.0-80-virtual (buildd@batsu) (gcc version 4.6.3 (Ubuntu/Linaro 4.6.3-1ubuntu5) ) #116-Ubuntu SMP Mon Mar 23 17:28:52 UTC 2015 (Ubuntu 3.2.0-80.116-virtual 3.2.68)\n[    0.000000] Command line: root=/dev/vda console=tty0 console=ttyS0 no_timer_check\n[    0.000000] KERNEL supported cpus:\n[    0.000000]   Intel GenuineIntel\n[    0.000000]   AMD AuthenticAMD\n[    0.000000]   Centaur CentaurHauls\n[    0.000000] BIOS-provided physical RAM map:\n[    0.000000]  BIOS-e820: 0000000000000000 - 000000000009fc00 (usable)\n[    0.000000]  BIOS-e820: 000000000009fc00 - 00000000000a0000 (reserved)\n[    0.000000]  BIOS-e820: 00000000000f0000 - 0000000000100000 (reserved)\n[    0.000000]  BIOS-e820: 0000000000100000 - 0000000003ffe000 (usable)\n[    0.000000]  BIOS-e820: 0000000003ffe000 - 0000000004000000 (reserved)\n[    0.000000]  BIOS-e820: 00000000fffc0000 - 0000000100000000 (reserved)\n[    0.000000] NX (Execute Disable) protection: active\n[    0.000000] SMBIOS 2.4 present.\n[    0.000000] No AGP bridge found\n[    0.000000] last_pfn = 0x3ffe max_arch_pfn = 0x400000000\n[    0.000000] x86 PAT enabled: cpu 0, old 0x7040600070406, new 0x7010600070106\n[    0.000000] found SMP MP-table at [ffff8800000f0b00] f0b00\n[    0.000000] init_memory_mapping: 0000000000000000-0000000003ffe000\n[    0.000000] RAMDISK: 03c5e000 - 03ff0000\n[    0.000000] ACPI: RSDP 00000000000f0950 00014 (v00 BOCHS )\n[    0.000000] ACPI: RSDT 0000000003fffbc1 00034 (v01 BOCHS  BXPCRSDT 00000001 BXPC 00000001)\n[    0.000000] ACPI: FACP 0000000003fff1c0 00074 (v01 BOCHS  BXPCFACP 00000001 BXPC 00000001)\n[    0.000000] ACPI: DSDT 0000000003ffe040 01180 (v01 BOCHS  BXPCDSDT 00000001 BXPC 00000001)\n[    0.000000] ACPI: FACS 0000000003ffe000 00040\n[    0.000000] ACPI: SSDT 0000000003fff234 008DD (v01 BOCHS  BXPCSSDT 00000001 BXPC 00000001)\n[    0.000000] ACPI: APIC 0000000003fffb11 00078 (v01 BOCHS  BXPCAPIC 00000001 BXPC 00000001)\n[    0.000000] ACPI: HPET 0000000003fffb89 00038 (v01 BOCHS  BXPCHPET 00000001 BXPC 00000001)\n[    0.000000] No NUMA configuration found\n[    0.000000] Faking a node at 0000000000000000-0000000003ffe000\n[    0.000000] Initmem setup node 0 0000000000000000-0000000003ffe000\n[    0.000000]   NODE_DATA [0000000003ff6000 - 0000000003ffafff]\n[    0.000000] Zone PFN ranges:\n[    0.000000]   DMA      0x00000010 -&gt; 0x00001000\n[    0.000000]   DMA32    0x00001000 -&gt; 0x00100000\n[    0.000000]   Normal   empty\n[    0.000000] Movable zone start PFN for each node\n[    0.000000] early_node_map[2] active PFN ranges\n[    0.000000]     0: 0x00000010 -&gt; 0x0000009f\n[    0.000000]     0: 0x00000100 -&gt; 0x00003ffe\n[    0.000000] ACPI: PM-Timer IO Port: 0xb008\n[    0.000000] ACPI: LAPIC (acpi_id[0x00] lapic_id[0x00] enabled)\n[    0.000000] ACPI: LAPIC_NMI (acpi_id[0xff] dfl dfl lint[0x1])\n[    0.000000] ACPI: IOAPIC (id[0x00] address[0xfec00000] gsi_base[0])\n[    0.000000] IOAPIC[0]: apic_id 0, version 17, address 0xfec00000, GSI 0-23\n[    0.000000] ACPI: INT_SRC_OVR (bus 0 bus_irq 0 global_irq 2 dfl dfl)\n[    0.000000] ACPI: INT_SRC_OVR (bus 0 bus_irq 5 global_irq 5 high level)\n[    0.000000] ACPI: INT_SRC_OVR (bus 0 bus_irq 9 global_irq 9 high level)\n[    0.000000] ACPI: INT_SRC_OVR (bus 0 bus_irq 10 global_irq 10 high level)\n[    0.000000] ACPI: INT_SRC_OVR (bus 0 bus_irq 11 global_irq 11 high level)\n[    0.000000] Using ACPI (MADT) for SMP configuration information\n[    0.000000] ACPI: HPET id: 0x8086a201 base: 0xfed00000\n[    0.000000] SMP: Allowing 1 CPUs, 0 hotplug CPUs\n[    0.000000] PM: Registered nosave memory: 000000000009f000 - 00000000000a0000\n[    0.000000] PM: Registered nosave memory: 00000000000a0000 - 00000000000f0000\n[    0.000000] PM: Registered nosave memory: 00000000000f0000 - 0000000000100000\n[    0.000000] Allocating PCI resources starting at 4000000 (gap: 4000000:fbfc0000)\n[    0.000000] Booting paravirtualized kernel on bare hardware\n[    0.000000] setup_pe
2015-12-26 04:50:06,551 21149 DEBUG    [tempest.scenario.manager] Console output for 993606de-a3bd-4b96-b11e-96f61dc2af0f
body=
[    0.000000] Initializing cgroup subsys cpuset
[    0.000000] Initializing cgroup subsys cpu
[    0.000000] Linux version 3.2.0-80-virtual (buildd@batsu) (gcc version 4.6.3 (Ubuntu/Linaro 4.6.3-1ubuntu5) ) #116-Ubuntu SMP Mon Mar 23 17:28:52 UTC 2015 (Ubuntu 3.2.0-80.116-virtual 3.2.68)
[    0.000000] Command line: root=/dev/vda console=tty0 console=ttyS0 no_timer_check
[    0.000000] KERNEL supported cpus:
[    0.000000]   Intel GenuineIntel
[    0.000000]   AMD AuthenticAMD
[    0.000000]   Centaur CentaurHauls
[    0.000000] BIOS-provided physical RAM map:
[    0.000000]  BIOS-e820: 0000000000000000 - 000000000009fc00 (usable)
[    0.000000]  BIOS-e820: 000000000009fc00 - 00000000000a0000 (reserved)
[    0.000000]  BIOS-e820: 00000000000f0000 - 0000000000100000 (reserved)
[    0.000000]  BIOS-e820: 0000000000100000 - 0000000003ffe000 (usable)
[    0.000000]  BIOS-e820: 0000000003ffe000 - 0000000004000000 (reserved)
[    0.000000]  BIOS-e820: 00000000fffc0000 - 0000000100000000 (reserved)
[    0.000000] NX (Execute Disable) protection: active
[    0.000000] SMBIOS 2.4 present.
[    0.000000] No AGP bridge found
[    0.000000] last_pfn = 0x3ffe max_arch_pfn = 0x400000000
[    0.000000] x86 PAT enabled: cpu 0, old 0x7040600070406, new 0x7010600070106
[    0.000000] found SMP MP-table at [ffff8800000f0b00] f0b00
[    0.000000] init_memory_mapping: 0000000000000000-0000000003ffe000
[    0.000000] RAMDISK: 03c5e000 - 03ff0000
[    0.000000] ACPI: RSDP 00000000000f0950 00014 (v00 BOCHS )
[    0.000000] ACPI: RSDT 0000000003fffbc1 00034 (v01 BOCHS  BXPCRSDT 00000001 BXPC 00000001)
[    0.000000] ACPI: FACP 0000000003fff1c0 00074 (v01 BOCHS  BXPCFACP 00000001 BXPC 00000001)
[    0.000000] ACPI: DSDT 0000000003ffe040 01180 (v01 BOCHS  BXPCDSDT 00000001 BXPC 00000001)
[    0.000000] ACPI: FACS 0000000003ffe000 00040
[    0.000000] ACPI: SSDT 0000000003fff234 008DD (v01 BOCHS  BXPCSSDT 00000001 BXPC 00000001)
[    0.000000] ACPI: APIC 0000000003fffb11 00078 (v01 BOCHS  BXPCAPIC 00000001 BXPC 00000001)
[    0.000000] ACPI: HPET 0000000003fffb89 00038 (v01 BOCHS  BXPCHPET 00000001 BXPC 00000001)
[    0.000000] No NUMA configuration found
[    0.000000] Faking a node at 0000000000000000-0000000003ffe000
[    0.000000] Initmem setup node 0 0000000000000000-0000000003ffe000
[    0.000000]   NODE_DATA [0000000003ff6000 - 0000000003ffafff]
[    0.000000] Zone PFN ranges:
[    0.000000]   DMA      0x00000010 -&gt; 0x00001000
[    0.000000]   DMA32    0x00001000 -&gt; 0x00100000
[    0.000000]   Normal   empty
[    0.000000] Movable zone start PFN for each node
[    0.000000] early_node_map[2] active PFN ranges
[    0.000000]     0: 0x00000010 -&gt; 0x0000009f
[    0.000000]     0: 0x00000100 -&gt; 0x00003ffe
[    0.000000] ACPI: PM-Timer IO Port: 0xb008
[    0.000000] ACPI: LAPIC (acpi_id[0x00] lapic_id[0x00] enabled)
[    0.000000] ACPI: LAPIC_NMI (acpi_id[0xff] dfl dfl lint[0x1])
[    0.000000] ACPI: IOAPIC (id[0x00] address[0xfec00000] gsi_base[0])
[    0.000000] IOAPIC[0]: apic_id 0, version 17, address 0xfec00000, GSI 0-23
[    0.000000] ACPI: INT_SRC_OVR (bus 0 bus_irq 0 global_irq 2 dfl dfl)
[    0.000000] ACPI: INT_SRC_OVR (bus 0 bus_irq 5 global_irq 5 high level)
[    0.000000] ACPI: INT_SRC_OVR (bus 0 bus_irq 9 global_irq 9 high level)
[    0.000000] ACPI: INT_SRC_OVR (bus 0 bus_irq 10 global_irq 10 high level)
[    0.000000] ACPI: INT_SRC_OVR (bus 0 bus_irq 11 global_irq 11 high level)
[    0.000000] Using ACPI (MADT) for SMP configuration information
[    0.000000] ACPI: HPET id: 0x8086a201 base: 0xfed00000
[    0.000000] SMP: Allowing 1 CPUs, 0 hotplug CPUs
[    0.000000] PM: Registered nosave memory: 000000000009f000 - 00000000000a0000
[    0.000000] PM: Registered nosave memory: 00000000000a0000 - 00000000000f0000
[    0.000000] PM: Registered nosave memory: 00000000000f0000 - 0000000000100000
[    0.000000] Allocating PCI resources starting at 4000000 (gap: 4000000:fbfc0000)
[    0.000000] Booting paravirtualized kernel on bare hardware
[    0.000000] setup_percpu: NR_CPUS:64 nr_cpumask_bits:64 nr_cpu_ids:1 nr_node_ids:1
[    0.000000] PERCPU: Embedded 27 pages/cpu @ffff880003a00000 s78848 r8192 d23552 u2097152
[    0.000000] Built 1 zonelists in Node order, mobility grouping on.  Total pages: 16008
[    0.000000] Policy zone: DMA32
[    0.000000] Kernel command line: root=/dev/vda console=tty0 console=ttyS0 no_timer_check
[    0.000000] PID hash table entries: 256 (order: -1, 2048 bytes)
[    0.000000] Checking aperture...
[    0.000000] No AGP bridge found
[    0.000000] Memory: 43492k/65528k available (6576k kernel code, 452k absent, 21584k reserved, 6620k data, 928k init)
[    0.000000] SLUB: Genslabs=15, HWalign=64, Order=0-3, MinObjects=0, CPUs=1, Nodes=1
[    0.000000] Hierarchical RCU implementation.
[    0.000000] 	RCU dyntick-idle grace-period acceleration is enabled.
[    0.000000] NR_IRQS:4352 nr_irqs:256 16
[    0.000000] Console: colour VGA+ 80x25
[    0.000000] console [tty0] enabled
[    0.000000] console [ttyS0] enabled
[    0.000000] allocated 1048576 bytes of page_cgroup
[    0.000000] please try 'cgroup_disable=memory' option if you don't want memory cgroups
[    0.000000] Fast TSC calibration failed
[    0.000000] TSC: Unable to calibrate against PIT
[    0.000000] TSC: using HPET reference calibration
[    0.000000] Detected 2293.236 MHz processor.
[    0.033491] Calibrating delay loop (skipped), value calculated using timer frequency.. 4586.47 BogoMIPS (lpj=9172944)
[    0.035581] pid_max: default: 32768 minimum: 301
[    0.045887] Security Framework initialized
[    0.050303] AppArmor: AppArmor initialized
[    0.050966] Yama: becoming mindful.
[    0.057974] Dentry cache hash table entries: 8192 (order: 4, 65536 bytes)
[    0.060334] Inode-cache hash table entries: 4096 (order: 3, 32768 bytes)
[    0.061955] Mount-cache hash table entries: 256
[    0.077492] Initializing cgroup subsys cpuacct
[    0.078603] Initializing cgroup subsys memory
[    0.080422] Initializing cgroup subsys devices
[    0.081357] Initializing cgroup subsys freezer
[    0.082146] Initializing cgroup subsys blkio
[    0.082880] Initializing cgroup subsys perf_event
[    0.087007] mce: CPU supports 10 MCE banks
[    0.090410] SMP alternatives: switching to UP code
[    0.484381] Freeing SMP alternatives: 24k freed
[    0.486164] ACPI: Core revision 20110623
[    0.534094] ftrace: allocating 26610 entries in 105 pages
[    0.563679] ..TIMER: vector=0x30 apic1=0 pin1=2 apic2=-1 pin2=-1
[    0.564130] CPU0: AMD QEMU Virtual CPU version 2.0.0 stepping 03
[    0.568034] Performance Events: Broken PMU hardware detected, using software events only.
[    0.576664] NMI watchdog disabled (cpu0): hardware events not enabled
[    0.578597] Brought up 1 CPUs
[    0.579232] Total of 1 processors activated (4586.47 BogoMIPS).
[    0.606259] devtmpfs: initialized
[    0.636607] EVM: security.selinux
[    0.637124] EVM: security.SMACK64
[    0.637556] EVM: security.capability
[    0.656734] print_constraints: dummy: 
[    0.658191] RTC time:  4:48:05, date: 12/26/15
[    0.661365] NET: Registered protocol family 16
[    0.669206] ACPI: bus type pci registered
[    0.673432] PCI: Using configuration type 1 for base access
[    0.702882] bio: create slab &lt;bio-0&gt; at 0
[    0.708802] ACPI: Added _OSI(Module Device)
[    0.709373] ACPI: Added _OSI(Processor Device)
[    0.709983] ACPI: Added _OSI(3.0 _SCP Extensions)
[    0.710621] ACPI: Added _OSI(Processor Aggregator Device)
[    0.785464] ACPI: Interpreter enabled
[    0.786043] ACPI: (supports S0 S3 S4 S5)
[    0.789119] ACPI: Using IOAPIC for interrupt routing
[    0.865604] ACPI: No dock devices found.
[    0.866418] HEST: Table not found.
[    0.867053] PCI: Using host bridge windows from ACPI; if necessary, use "pci=nocrs" and report a bug
[    0.873222] ACPI: PCI Root Bridge [PCI0] (domain 0000 [bus 00-ff])
[    0.880779] pci_root PNP0A03:00: host bridge window [io  0x0000-0x0cf7]
[    0.882315] pci_root PNP0A03:00: host bridge window [io  0x0d00-0xadff]
[    0.884113] pci_root PNP0A03:00: host bridge window [io  0xae0f-0xaeff]
[    0.884970] pci_root PNP0A03:00: host bridge window [io  0xaf20-0xafdf]
[    0.885774] pci_root PNP0A03:00: host bridge window [io  0xafe4-0xffff]
[    0.888178] pci_root PNP0A03:00: host bridge window [mem 0x000a0000-0x000bffff]
[    0.888990] pci_root PNP0A03:00: host bridge window [mem 0x04000000-0xfebfffff]
[    0.912638] pci 0000:00:01.3: quirk: [io  0xb000-0xb03f] claimed by PIIX4 ACPI
[    0.913687] pci 0000:00:01.3: quirk: [io  0xb100-0xb10f] claimed by PIIX4 SMB
[    0.981590]  pci0000:00: Unable to request _OSC control (_OSC support mask: 0x1e)
[    1.040999] ACPI: PCI Interrupt Link [LNKA] (IRQs 5 *10 11)
[    1.044557] ACPI: PCI Interrupt Link [LNKB] (IRQs 5 *10 11)
[    1.046241] ACPI: PCI Interrupt Link [LNKC] (IRQs 5 10 *11)
[    1.049031] ACPI: PCI Interrupt Link [LNKD] (IRQs 5 10 *11)
[    1.050270] ACPI: PCI Interrupt Link [LNKS] (IRQs *9)
[    1.057332] vgaarb: device added: PCI:0000:00:02.0,decodes=io+mem,owns=io+mem,locks=none
[    1.058364] vgaarb: loaded
[    1.058629] vgaarb: bridge control possible 0000:00:02.0
[    1.063038] i2c-core: driver [aat2870] using legacy suspend method
[    1.064136] i2c-core: driver [aat2870] using legacy resume method
[    1.066453] SCSI subsystem initialized
[    1.070436] usbcore: registered new interface driver usbfs
[    1.071611] usbcore: registered new interface driver hub
[    1.072856] usbcore: registered new device driver usb
[    1.077087] PCI: Using ACPI for IRQ routing
[    1.088652] NetLabel: Initializing
[    1.089119] NetLabel:  domain hash size = 128
[    1.089612] NetLabel:  protocols = UNLABELED CIPSOv4
[    1.092957] NetLabel:  unlabeled traffic allowed by default
[    1.094925] HPET: 3 timers in total, 0 timers will be used for per-cpu timer
[    1.096811] hpet0: at MMIO 0xfed00000, IRQs 2, 8, 0
[    1.100326] hpet0: 3 comparators, 64-bit 100.000000 MHz counter
[    1.116575] Switching to clocksource hpet
[    1.379513] AppArmor: AppArmor Filesystem Enabled
[    1.381908] pnp: PnP ACPI init
[    1.383515] ACPI: bus type pnp registered
[    1.410775] pnp: PnP ACPI: found 9 devices
[    1.411350] ACPI: ACPI bus type pnp unregistered
[    1.474262] NET: Registered protocol family 2
[    1.507362] IP route cache hash table entries: 512 (order: 0, 4096 bytes)
[    1.515263] TCP established hash table entries: 2048 (order: 3, 32768 bytes)
[    1.517512] TCP bind hash table entries: 2048 (order: 3, 32768 bytes)
[    1.518415] TCP: Hash tables configured (established 2048 bind 2048)
[    1.519257] TCP reno registered
[    1.519599] UDP hash table entries: 128 (order: 0, 4096 bytes)
[    1.521772] UDP-Lite hash table entries: 128 (order: 0, 4096 bytes)
[    1.525522] NET: Registered protocol family 1
[    1.526348] pci 0000:00:00.0: Limiting direct PCI/PCI transfers
[    1.527303] pci 0000:00:01.0: PIIX3: Enabling Passive Release
[    1.529458] pci 0000:00:01.0: Activating ISA DMA hang workarounds
[    1.534925] ACPI: PCI Interrupt Link [LNKD] enabled at IRQ 11
[    1.536004] pci 0000:00:01.2: PCI INT D -&gt; Link[LNKD] -&gt; GSI 11 (level, high) -&gt; IRQ 11
[    1.539052] pci 0000:00:01.2: PCI INT D disabled
[    1.557577] Trying to unpack rootfs image as initramfs...
[    1.573052] audit: initializing netlink socket (disabled)
[    1.574562] type=2000 audit(1451105285.572:1): initialized
[    1.854796] HugeTLB registered 2 MB page size, pre-allocated 0 pages
[    1.939563] VFS: Disk quotas dquot_6.5.2
[    1.941792] Dquot-cache hash table entries: 512 (order 0, 4096 bytes)
[    1.966544] fuse init (API version 7.17)
[    1.969945] msgmni has been set to 84
[    2.015555] Block layer SCSI generic (bsg) driver version 0.4 loaded (major 253)
[    2.025534] io scheduler noop registered
[    2.026113] io scheduler deadline registered (default)
[    2.027254] io scheduler cfq registered
[    2.031056] pci_hotplug: PCI Hot Plug PCI Core version: 0.5
[    2.033609] pciehp: PCI Express Hot Plug Controller Driver version: 0.4
[    2.039270] input: Power Button as /devices/LNXSYSTM:00/LNXPWRBN:00/input/input0
[    2.041790] ACPI: Power Button [PWRF]
[    2.087618] ERST: Table is not found!
[    2.088134] GHES: HEST is not enabled!
[    2.098179] ACPI: PCI Interrupt Link [LNKC] enabled at IRQ 10
[    2.098914] virtio-pci 0000:00:03.0: PCI INT A -&gt; Link[LNKC] -&gt; GSI 10 (level, high) -&gt; IRQ 10
[    2.102742] virtio-pci 0000:00:04.0: PCI INT A -&gt; Link[LNKD] -&gt; GSI 11 (level, high) -&gt; IRQ 11
[    2.118634] ACPI: PCI Interrupt Link [LNKA] enabled at IRQ 10
[    2.119332] virtio-pci 0000:00:05.0: PCI INT A -&gt; Link[LNKA] -&gt; GSI 10 (level, high) -&gt; IRQ 10
[    2.124112] Serial: 8250/16550 driver, 32 ports, IRQ sharing enabled
[    2.160038] serial8250: ttyS0 at I/O 0x3f8 (irq = 4) is a 16550A
[    2.241123] serial8250: ttyS1 at I/O 0x2f8 (irq = 3) is a 16550A
[    2.368906] 00:05: ttyS0 at I/O 0x3f8 (irq = 4) is a 16550A
[    2.447889] 00:06: ttyS1 at I/O 0x2f8 (irq = 3) is a 16550A
[    2.494025] Linux agpgart interface v0.103
[    2.545042] Refined TSC clocksource calibration: 2293.204 MHz.
[    2.545825] Switching to clocksource tsc
[    2.553147] brd: module loaded
[    2.582521] loop: module loaded
[    2.771701] Freeing initrd memory: 3656k freed
[    3.048992]  vda: unknown partition table
[    3.073556] scsi0 : ata_piix
[    3.077346] scsi1 : ata_piix
[    3.079451] ata1: PATA max MWDMA2 cmd 0x1f0 ctl 0x3f6 bmdma 0xc0a0 irq 14
[    3.080656] ata2: PATA max MWDMA2 cmd 0x170 ctl 0x376 bmdma 0xc0a8 irq 15
[    3.093341] Fixed MDIO Bus: probed
[    3.093825] tun: Universal TUN/TAP device driver, 1.6
[    3.095654] tun: (C) 1999-2004 Max Krasnyansky &lt;maxk@qualcomm.com&gt;
[    3.121122] PPP generic driver version 2.4.2
[    3.125477] ehci_hcd: USB 2.0 'Enhanced' Host Controller (EHCI) Driver
[    3.126530] ohci_hcd: USB 1.1 'Open' Host Controller (OHCI) Driver
[    3.127468] uhci_hcd: USB Universal Host Controller Interface driver
[    3.129240] uhci_hcd 0000:00:01.2: PCI INT D -&gt; Link[LNKD] -&gt; GSI 11 (level, high) -&gt; IRQ 11
[    3.131627] uhci_hcd 0000:00:01.2: UHCI Host Controller
[    3.135289] uhci_hcd 0000:00:01.2: new USB bus registered, assigned bus number 1
[    3.138964] uhci_hcd 0000:00:01.2: irq 11, io base 0x0000c040
[    3.159724] hub 1-0:1.0: USB hub found
[    3.161190] hub 1-0:1.0: 2 ports detected
[    3.167902] usbcore: registered new interface driver libusual
[    3.171206] i8042: PNP: PS/2 Controller [PNP0303:KBD,PNP0f13:MOU] at 0x60,0x64 irq 1,12
[    3.178922] serio: i8042 KBD port at 0x60,0x64 irq 1
[    3.180036] serio: i8042 AUX port at 0x60,0x64 irq 12
[    3.187904] mousedev: PS/2 mouse device common for all mice
[    3.199408] input: AT Translated Set 2 keyboard as /devices/platform/i8042/serio0/input/input1
[    3.204009] rtc_cmos 00:01: RTC can wake from S4
[    3.210232] rtc_cmos 00:01: rtc core: registered rtc_cmos as rtc0
[    3.213479] rtc0: alarms up to one day, 114 bytes nvram, hpet irqs
[    3.217512] device-mapper: uevent: version 1.0.3
[    3.227130] device-mapper: ioctl: 4.22.0-ioctl (2011-10-19) initialised: dm-devel@redhat.com
[    3.230684] cpuidle: using governor ladder
[    3.231868] cpuidle: using governor menu
[    3.233469] EFI Variables Facility v0.08 2004-May-17
[    3.246976] TCP cubic registered
[    3.250402] NET: Registered protocol family 10
[    3.280035] NET: Registered protocol family 17
[    3.283350] Registering the dns_resolver key type
[    3.316114] registered taskstats version 1
[    3.323315] ata2.01: ATAPI: QEMU DVD-ROM, 2.0.0, max UDMA/100
[    3.342132] ata2.01: configured for MWDMA2
[    3.404563] scsi 1:0:1:0: CD-ROM            QEMU     QEMU DVD-ROM     2.0. PQ: 0 ANSI: 5
[    3.494032] sr0: scsi3-mmc drive: 4x/4x cd/rw xa/form2 tray
[    3.497037] cdrom: Uniform CD-ROM driver Revision: 3.20
[    3.577467] sr 1:0:1:0: Attached scsi generic sg0 type 5
[    3.955529]   Magic number: 11:201:819
[    3.959948] rtc_cmos 00:01: setting system clock to 2015-12-26 04:48:08 UTC (1451105288)
[    3.962462] powernow-k8: Processor cpuid 663 not supported
[    3.968022] BIOS EDD facility v0.16 2004-Jun-25, 0 devices found
[    3.969915] EDD information not available.
[    4.039582] Freeing unused kernel memory: 928k freed
[    4.047714] Write protecting the kernel read-only data: 12288k
[    4.148678] Freeing unused kernel memory: 1596k freed
[    4.233367] Freeing unused kernel memory: 1184k freed

info: initramfs: up at 4.47
modprobe: module virtio_blk not found in modules.dep
modprobe: module virtio_net not found in modules.dep
info: copying initramfs to /dev/vda
info: initramfs loading root from /dev/vda
info: /etc/init.d/rc.sysinit: up at 9.07
info: container: none
Starting logging: OK
modprobe: module virtio_blk not found in modules.dep
modprobe: module virtio_net not found in modules.dep
WARN: /etc/rc3.d/S10-load-modules failed
Initializing random number generator... done.
Starting acpid: OK
cirros-ds 'local' up at 11.56
found datasource (configdrive, local)
Starting network...
udhcpc (v1.20.1) started
Sending discover...
Sending discover...

2015-12-26 04:50:06,935 21149 INFO     [tempest_lib.common.rest_client] Request (TestNetworkAdvancedServerOps:_run_cleanups): 204 DELETE http://10.0.2.15:9696/v2.0/floatingips/c06e326b-1401-43fe-aafe-a0121daa1e78 0.377s
2015-12-26 04:50:06,935 21149 DEBUG    [tempest_lib.common.rest_client] Request - Headers: {'Content-Type': 'application/json', 'Accept': 'application/json', 'X-Auth-Token': '&lt;omitted&gt;'}
        Body: None
    Response - Headers: {'date': 'Sat, 26 Dec 2015 04:50:06 GMT', 'status': '204', 'connection': 'close', 'content-length': '0', 'x-openstack-request-id': 'req-fc4dc4fa-1ebe-42ac-82e2-9e6be3b57454'}
        Body: 
2015-12-26 04:50:07,304 21149 INFO     [tempest_lib.common.rest_client] Request (TestNetworkAdvancedServerOps:_run_cleanups): 204 DELETE http://10.0.2.15:8774/v2.1/c037381efcba4261a71f0dadafac7010/servers/993606de-a3bd-4b96-b11e-96f61dc2af0f 0.368s
2015-12-26 04:50:07,304 21149 DEBUG    [tempest_lib.common.rest_client] Request - Headers: {'Content-Type': 'application/json', 'Accept': 'application/json', 'X-Auth-Token': '&lt;omitted&gt;'}
        Body: None
    Response - Headers: {'status': '204', 'content-length': '0', 'x-compute-request-id': 'req-f51a1d2a-b495-492a-9d17-94a4cf537d82', 'vary': 'X-OpenStack-Nova-API-Version', 'connection': 'close', 'x-openstack-nova-api-version': '2.1', 'date': 'Sat, 26 Dec 2015 04:50:07 GMT', 'content-type': 'application/json'}
        Body: 
2015-12-26 04:50:07,524 21149 INFO     [tempest_lib.common.rest_client] Request (TestNetworkAdvancedServerOps:_run_cleanups): 200 GET http://10.0.2.15:8774/v2.1/c037381efcba4261a71f0dadafac7010/servers/993606de-a3bd-4b96-b11e-96f61dc2af0f 0.218s
2015-12-26 04:50:07,525 21149 DEBUG    [tempest_lib.common.rest_client] Request - Headers: {'Content-Type': 'application/json', 'Accept': 'application/json', 'X-Auth-Token': '&lt;omitted&gt;'}
        Body: None
    Response - Headers: {'status': '200', 'content-length': '1782', 'content-location': 'http://10.0.2.15:8774/v2.1/c037381efcba4261a71f0dadafac7010/servers/993606de-a3bd-4b96-b11e-96f61dc2af0f', 'x-compute-request-id': 'req-13f77706-dfd9-4d33-8383-11e5b489a5b8', 'vary': 'X-OpenStack-Nova-API-Version', 'connection': 'close', 'x-openstack-nova-api-version': '2.1', 'date': 'Sat, 26 Dec 2015 04:50:07 GMT', 'content-type': 'application/json'}
        Body: {"server": {"status": "ACTIVE", "updated": "2015-12-26T04:50:07Z", "hostId": "dfca0378436a138aef58b197b4a8738348d01f146cebf27c7563a016", "addresses": {"tempest-network-smoke--433195608": [{"OS-EXT-IPS-MAC:mac_addr": "fa:16:3e:2b:82:f1", "version": 4, "addr": "10.100.0.3", "OS-EXT-IPS:type": "fixed"}, {"OS-EXT-IPS-MAC:mac_addr": "fa:16:3e:2b:82:f1", "version": 4, "addr": "172.24.4.4", "OS-EXT-IPS:type": "floating"}]}, "links": [{"href": "http://10.0.2.15:8774/v2.1/c037381efcba4261a71f0dadafac7010/servers/993606de-a3bd-4b96-b11e-96f61dc2af0f", "rel": "self"}, {"href": "http://10.0.2.15:8774/c037381efcba4261a71f0dadafac7010/servers/993606de-a3bd-4b96-b11e-96f61dc2af0f", "rel": "bookmark"}], "key_name": "tempest-TestNetworkAdvancedServerOps-902948150", "image": {"id": "9d4e1ce7-7c07-4cc8-a2ef-9edfd81848d9", "links": [{"href": "http://10.0.2.15:8774/c037381efcba4261a71f0dadafac7010/images/9d4e1ce7-7c07-4cc8-a2ef-9edfd81848d9", "rel": "bookmark"}]}, "OS-EXT-STS:task_state": "deleting", "OS-EXT-STS:vm_state": "active", "OS-SRV-USG:launched_at": "2015-12-26T04:48:01.000000", "flavor": {"id": "42", "links": [{"href": "http://10.0.2.15:8774/c037381efcba4261a71f0dadafac7010/flavors/42", "rel": "bookmark"}]}, "id": "993606de-a3bd-4b96-b11e-96f61dc2af0f", "security_groups": [{"name": "tempest-secgroup-smoke-307795395"}], "OS-SRV-USG:terminated_at": null, "OS-EXT-AZ:availability_zone": "nova", "user_id": "fae95d1d200d4521bc1d466fbb3fa855", "name": "tempest.common.compute-instance-213835852", "created": "2015-12-26T04:47:58Z", "tenant_id": "c037381efcba4261a71f0dadafac7010", "OS-DCF:diskConfig": "MANUAL", "os-extended-volumes:volumes_attached": [], "accessIPv4": "", "accessIPv6": "", "progress": 0, "OS-EXT-STS:power_state": 1, "config_drive": "True", "metadata": {}}}
2015-12-26 04:50:08,776 21149 INFO     [tempest_lib.common.rest_client] Request (TestNetworkAdvancedServerOps:_run_cleanups): 200 GET http://10.0.2.15:8774/v2.1/c037381efcba4261a71f0dadafac7010/servers/993606de-a3bd-4b96-b11e-96f61dc2af0f 0.235s
2015-12-26 04:50:08,777 21149 DEBUG    [tempest_lib.common.rest_client] Request - Headers: {'Content-Type': 'application/json', 'Accept': 'application/json', 'X-Auth-Token': '&lt;omitted&gt;'}
        Body: None
    Response - Headers: {'status': '200', 'content-length': '1715', 'content-location': 'http://10.0.2.15:8774/v2.1/c037381efcba4261a71f0dadafac7010/servers/993606de-a3bd-4b96-b11e-96f61dc2af0f', 'x-compute-request-id': 'req-08cad46b-0e48-40fc-bc9d-4ddadbaf3d21', 'vary': 'X-OpenStack-Nova-API-Version', 'connection': 'close', 'x-openstack-nova-api-version': '2.1', 'date': 'Sat, 26 Dec 2015 04:50:08 GMT', 'content-type': 'application/json'}
        Body: {"server": {"status": "ACTIVE", "updated": "2015-12-26T04:50:08Z", "hostId": "dfca0378436a138aef58b197b4a8738348d01f146cebf27c7563a016", "addresses": {"tempest-network-smoke--433195608": [{"OS-EXT-IPS-MAC:mac_addr": "fa:16:3e:2b:82:f1", "version": 4, "addr": "10.100.0.3", "OS-EXT-IPS:type": "fixed"}, {"OS-EXT-IPS-MAC:mac_addr": "fa:16:3e:2b:82:f1", "version": 4, "addr": "172.24.4.4", "OS-EXT-IPS:type": "floating"}]}, "links": [{"href": "http://10.0.2.15:8774/v2.1/c037381efcba4261a71f0dadafac7010/servers/993606de-a3bd-4b96-b11e-96f61dc2af0f", "rel": "self"}, {"href": "http://10.0.2.15:8774/c037381efcba4261a71f0dadafac7010/servers/993606de-a3bd-4b96-b11e-96f61dc2af0f", "rel": "bookmark"}], "key_name": "tempest-TestNetworkAdvancedServerOps-902948150", "image": {"id": "9d4e1ce7-7c07-4cc8-a2ef-9edfd81848d9", "links": [{"href": "http://10.0.2.15:8774/c037381efcba4261a71f0dadafac7010/images/9d4e1ce7-7c07-4cc8-a2ef-9edfd81848d9", "rel": "bookmark"}]}, "OS-EXT-STS:task_state": "deleting", "OS-EXT-STS:vm_state": "active", "OS-SRV-USG:launched_at": "2015-12-26T04:48:01.000000", "flavor": {"id": "42", "links": [{"href": "http://10.0.2.15:8774/c037381efcba4261a71f0dadafac7010/flavors/42", "rel": "bookmark"}]}, "id": "993606de-a3bd-4b96-b11e-96f61dc2af0f", "OS-SRV-USG:terminated_at": null, "OS-EXT-AZ:availability_zone": "nova", "user_id": "fae95d1d200d4521bc1d466fbb3fa855", "name": "tempest.common.compute-instance-213835852", "created": "2015-12-26T04:47:58Z", "tenant_id": "c037381efcba4261a71f0dadafac7010", "OS-DCF:diskConfig": "MANUAL", "os-extended-volumes:volumes_attached": [], "accessIPv4": "", "accessIPv6": "", "progress": 0, "OS-EXT-STS:power_state": 1, "config_drive": "True", "metadata": {}}}
2015-12-26 04:50:09,889 21149 INFO     [tempest_lib.common.rest_client] Request (TestNetworkAdvancedServerOps:_run_cleanups): 404 GET http://10.0.2.15:8774/v2.1/c037381efcba4261a71f0dadafac7010/servers/993606de-a3bd-4b96-b11e-96f61dc2af0f 0.096s
2015-12-26 04:50:09,890 21149 DEBUG    [tempest_lib.common.rest_client] Request - Headers: {'Content-Type': 'application/json', 'Accept': 'application/json', 'X-Auth-Token': '&lt;omitted&gt;'}
        Body: None
    Response - Headers: {'status': '404', 'content-length': '111', 'x-compute-request-id': 'req-c65a765c-7437-43ff-8e39-527466864a44', 'vary': 'X-OpenStack-Nova-API-Version', 'connection': 'close', 'x-openstack-nova-api-version': '2.1', 'date': 'Sat, 26 Dec 2015 04:50:09 GMT', 'content-type': 'application/json; charset=UTF-8'}
        Body: {"itemNotFound": {"message": "Instance 993606de-a3bd-4b96-b11e-96f61dc2af0f could not be found.", "code": 404}}
2015-12-26 04:50:10,324 21149 INFO     [tempest_lib.common.rest_client] Request (TestNetworkAdvancedServerOps:_run_cleanups): 200 PUT http://10.0.2.15:9696/v2.0/routers/2eacd874-7344-400d-8659-b2eaed9498ef/remove_router_interface 0.431s
2015-12-26 04:50:10,324 21149 DEBUG    [tempest_lib.common.rest_client] Request - Headers: {'Content-Type': 'application/json', 'Accept': 'application/json', 'X-Auth-Token': '&lt;omitted&gt;'}
        Body: {"subnet_id": "f1b6a583-e2cb-487e-9dbe-05b17ebd5a8b"}
    Response - Headers: {'status': '200', 'content-length': '255', 'connection': 'close', 'date': 'Sat, 26 Dec 2015 04:50:10 GMT', 'content-type': 'application/json; charset=UTF-8', 'x-openstack-request-id': 'req-dfb5ab81-e15b-4b5c-9798-7426d95ee20c'}
        Body: {"subnet_id": "f1b6a583-e2cb-487e-9dbe-05b17ebd5a8b", "tenant_id": "c037381efcba4261a71f0dadafac7010", "subnet_ids": ["f1b6a583-e2cb-487e-9dbe-05b17ebd5a8b"], "port_id": "fa257582-1af8-4749-8197-d42dcb21ff17", "id": "2eacd874-7344-400d-8659-b2eaed9498ef"}
2015-12-26 04:50:10,840 21149 INFO     [tempest_lib.common.rest_client] Request (TestNetworkAdvancedServerOps:_run_cleanups): 204 DELETE http://10.0.2.15:9696/v2.0/subnets/f1b6a583-e2cb-487e-9dbe-05b17ebd5a8b 0.514s
2015-12-26 04:50:10,841 21149 DEBUG    [tempest_lib.common.rest_client] Request - Headers: {'Content-Type': 'application/json', 'Accept': 'application/json', 'X-Auth-Token': '&lt;omitted&gt;'}
        Body: None
    Response - Headers: {'date': 'Sat, 26 Dec 2015 04:50:10 GMT', 'status': '204', 'connection': 'close', 'content-length': '0', 'x-openstack-request-id': 'req-c9a799f6-bfa2-4330-9b1f-a39c90411f3c'}
        Body: 
2015-12-26 04:50:10,891 21149 INFO     [tempest_lib.common.rest_client] Request (TestNetworkAdvancedServerOps:_run_cleanups): 200 GET http://10.0.2.15:9696/v2.0/routers/2eacd874-7344-400d-8659-b2eaed9498ef 0.049s
2015-12-26 04:50:10,892 21149 DEBUG    [tempest_lib.common.rest_client] Request - Headers: {'Content-Type': 'application/json', 'Accept': 'application/json', 'X-Auth-Token': '&lt;omitted&gt;'}
        Body: None
    Response - Headers: {'status': '200', 'content-length': '563', 'content-location': 'http://10.0.2.15:9696/v2.0/routers/2eacd874-7344-400d-8659-b2eaed9498ef', 'connection': 'close', 'date': 'Sat, 26 Dec 2015 04:50:10 GMT', 'content-type': 'application/json; charset=UTF-8', 'x-openstack-request-id': 'req-daea849a-e040-4d4a-ab4b-dfb6e376c0b6'}
        Body: {"router": {"status": "ACTIVE", "external_gateway_info": {"network_id": "ee2e215c-d0f3-46da-979a-cb5e8dde3b23", "enable_snat": true, "external_fixed_ips": [{"subnet_id": "c7485417-b537-4a9b-95bc-6e34cdc76396", "ip_address": "172.24.4.3"}, {"subnet_id": "cb76020e-4671-4508-accf-b0ae867dccb8", "ip_address": "2001:db8::3"}]}, "availability_zone_hints": [], "availability_zones": ["nova"], "name": "tempest-router-smoke-892445133", "admin_state_up": true, "tenant_id": "c037381efcba4261a71f0dadafac7010", "routes": [], "id": "2eacd874-7344-400d-8659-b2eaed9498ef"}}
2015-12-26 04:50:11,325 21149 INFO     [tempest_lib.common.rest_client] Request (TestNetworkAdvancedServerOps:_run_cleanups): 200 PUT http://10.0.2.15:9696/v2.0/routers/2eacd874-7344-400d-8659-b2eaed9498ef 0.432s
2015-12-26 04:50:11,325 21149 DEBUG    [tempest_lib.common.rest_client] Request - Headers: {'Content-Type': 'application/json', 'Accept': 'application/json', 'X-Auth-Token': '&lt;omitted&gt;'}
        Body: {"router": {"external_gateway_info": {}, "name": "tempest-router-smoke-892445133", "admin_state_up": true}}
    Response - Headers: {'status': '200', 'content-length': '301', 'connection': 'close', 'date': 'Sat, 26 Dec 2015 04:50:11 GMT', 'content-type': 'application/json; charset=UTF-8', 'x-openstack-request-id': 'req-19f7840f-f6b8-410a-84c2-e6ed8c7f9379'}
        Body: {"router": {"status": "ACTIVE", "external_gateway_info": null, "availability_zone_hints": [], "availability_zones": ["nova"], "name": "tempest-router-smoke-892445133", "admin_state_up": true, "tenant_id": "c037381efcba4261a71f0dadafac7010", "routes": [], "id": "2eacd874-7344-400d-8659-b2eaed9498ef"}}
2015-12-26 04:50:11,588 21149 INFO     [tempest_lib.common.rest_client] Request (TestNetworkAdvancedServerOps:_run_cleanups): 204 DELETE http://10.0.2.15:9696/v2.0/routers/2eacd874-7344-400d-8659-b2eaed9498ef 0.263s
2015-12-26 04:50:11,589 21149 DEBUG    [tempest_lib.common.rest_client] Request - Headers: {'Content-Type': 'application/json', 'Accept': 'application/json', 'X-Auth-Token': '&lt;omitted&gt;'}
        Body: None
    Response - Headers: {'date': 'Sat, 26 Dec 2015 04:50:11 GMT', 'status': '204', 'connection': 'close', 'content-length': '0', 'x-openstack-request-id': 'req-9ddf0e53-dbbd-41e6-8ff4-6640730cbdad'}
        Body: 
2015-12-26 04:50:11,820 21149 INFO     [tempest_lib.common.rest_client] Request (TestNetworkAdvancedServerOps:_run_cleanups): 204 DELETE http://10.0.2.15:9696/v2.0/networks/996286e4-208e-4f1f-93db-81422c71efe7 0.229s
2015-12-26 04:50:11,821 21149 DEBUG    [tempest_lib.common.rest_client] Request - Headers: {'Content-Type': 'application/json', 'Accept': 'application/json', 'X-Auth-Token': '&lt;omitted&gt;'}
        Body: None
    Response - Headers: {'date': 'Sat, 26 Dec 2015 04:50:11 GMT', 'status': '204', 'connection': 'close', 'content-length': '0', 'x-openstack-request-id': 'req-00dc7afc-6459-498d-a7ce-3b41153ccac1'}
        Body: 
2015-12-26 04:50:11,882 21149 INFO     [tempest_lib.common.rest_client] Request (TestNetworkAdvancedServerOps:_run_cleanups): 204 DELETE http://10.0.2.15:9696/v2.0/security-group-rules/a89c6423-dbb8-485c-b45b-406dcc1443db 0.060s
2015-12-26 04:50:11,882 21149 DEBUG    [tempest_lib.common.rest_client] Request - Headers: {'Content-Type': 'application/json', 'Accept': 'application/json', 'X-Auth-Token': '&lt;omitted&gt;'}
        Body: None
    Response - Headers: {'date': 'Sat, 26 Dec 2015 04:50:11 GMT', 'status': '204', 'connection': 'close', 'content-length': '0', 'x-openstack-request-id': 'req-d639e55c-4b73-4d96-999c-49ca67bc0732'}
        Body: 
2015-12-26 04:50:11,943 21149 INFO     [tempest_lib.common.rest_client] Request (TestNetworkAdvancedServerOps:_run_cleanups): 204 DELETE http://10.0.2.15:9696/v2.0/security-group-rules/19e04a3e-7ac0-41a6-95c9-6a408106c5c6 0.059s
2015-12-26 04:50:11,943 21149 DEBUG    [tempest_lib.common.rest_client] Request - Headers: {'Content-Type': 'application/json', 'Accept': 'application/json', 'X-Auth-Token': '&lt;omitted&gt;'}
        Body: None
    Response - Headers: {'date': 'Sat, 26 Dec 2015 04:50:11 GMT', 'status': '204', 'connection': 'close', 'content-length': '0', 'x-openstack-request-id': 'req-b9e02e58-5619-4b43-b923-a54bde8e907e'}
        Body: 
2015-12-26 04:50:12,005 21149 INFO     [tempest_lib.common.rest_client] Request (TestNetworkAdvancedServerOps:_run_cleanups): 204 DELETE http://10.0.2.15:9696/v2.0/security-group-rules/0d228abe-33c3-4119-a844-b0700bbe9502 0.060s
2015-12-26 04:50:12,005 21149 DEBUG    [tempest_lib.common.rest_client] Request - Headers: {'Content-Type': 'application/json', 'Accept': 'application/json', 'X-Auth-Token': '&lt;omitted&gt;'}
        Body: None
    Response - Headers: {'date': 'Sat, 26 Dec 2015 04:50:12 GMT', 'status': '204', 'connection': 'close', 'content-length': '0', 'x-openstack-request-id': 'req-ca831bfc-5262-4908-ba4d-3fdb6adb8fa3'}
        Body: 
2015-12-26 04:50:12,066 21149 INFO     [tempest_lib.common.rest_client] Request (TestNetworkAdvancedServerOps:_run_cleanups): 204 DELETE http://10.0.2.15:9696/v2.0/security-group-rules/31475462-ab3c-4ac9-95a0-59deed4b7f53 0.060s
2015-12-26 04:50:12,067 21149 DEBUG    [tempest_lib.common.rest_client] Request - Headers: {'Content-Type': 'application/json', 'Accept': 'application/json', 'X-Auth-Token': '&lt;omitted&gt;'}
        Body: None
    Response - Headers: {'date': 'Sat, 26 Dec 2015 04:50:12 GMT', 'status': '204', 'connection': 'close', 'content-length': '0', 'x-openstack-request-id': 'req-73232388-13b0-456f-af35-c0cea92c55c1'}
        Body: 
2015-12-26 04:50:12,130 21149 INFO     [tempest_lib.common.rest_client] Request (TestNetworkAdvancedServerOps:_run_cleanups): 204 DELETE http://10.0.2.15:9696/v2.0/security-group-rules/a4d68dd7-ac21-40b2-8cbd-94b50c8ed9c0 0.062s
2015-12-26 04:50:12,131 21149 DEBUG    [tempest_lib.common.rest_client] Request - Headers: {'Content-Type': 'application/json', 'Accept': 'application/json', 'X-Auth-Token': '&lt;omitted&gt;'}
        Body: None
    Response - Headers: {'date': 'Sat, 26 Dec 2015 04:50:12 GMT', 'status': '204', 'connection': 'close', 'content-length': '0', 'x-openstack-request-id': 'req-cef95525-dfac-4397-a91d-775ac023440d'}
        Body: 
2015-12-26 04:50:12,191 21149 INFO     [tempest_lib.common.rest_client] Request (TestNetworkAdvancedServerOps:_run_cleanups): 204 DELETE http://10.0.2.15:9696/v2.0/security-group-rules/556f4fa6-4d2f-4092-811d-a8014d6af660 0.059s
2015-12-26 04:50:12,191 21149 DEBUG    [tempest_lib.common.rest_client] Request - Headers: {'Content-Type': 'application/json', 'Accept': 'application/json', 'X-Auth-Token': '&lt;omitted&gt;'}
        Body: None
    Response - Headers: {'date': 'Sat, 26 Dec 2015 04:50:12 GMT', 'status': '204', 'connection': 'close', 'content-length': '0', 'x-openstack-request-id': 'req-0798d37c-c86e-49e9-aafe-591d94142435'}
        Body: 
2015-12-26 04:50:12,290 21149 INFO     [tempest_lib.common.rest_client] Request (TestNetworkAdvancedServerOps:_run_cleanups): 204 DELETE http://10.0.2.15:9696/v2.0/security-groups/14389f02-d604-4811-8640-d290f8ae83c1 0.098s
2015-12-26 04:50:12,291 21149 DEBUG    [tempest_lib.common.rest_client] Request - Headers: {'Content-Type': 'application/json', 'Accept': 'application/json', 'X-Auth-Token': '&lt;omitted&gt;'}
        Body: None
    Response - Headers: {'date': 'Sat, 26 Dec 2015 04:50:12 GMT', 'status': '204', 'connection': 'close', 'content-length': '0', 'x-openstack-request-id': 'req-48cbc85d-51a7-4bdc-b480-459ffcc5bfb8'}
        Body: 
2015-12-26 04:50:12,310 21149 INFO     [tempest_lib.common.rest_client] Request (TestNetworkAdvancedServerOps:_run_cleanups): 202 DELETE http://10.0.2.15:8774/v2.1/c037381efcba4261a71f0dadafac7010/os-keypairs/tempest-TestNetworkAdvancedServerOps-902948150 0.018s
2015-12-26 04:50:12,311 21149 DEBUG    [tempest_lib.common.rest_client] Request - Headers: {'Content-Type': 'application/json', 'Accept': 'application/json', 'X-Auth-Token': '&lt;omitted&gt;'}
        Body: None
    Response - Headers: {'status': '202', 'content-length': '0', 'x-compute-request-id': 'req-1c661155-11bf-4d4e-9fd9-fd2cdd8f8d13', 'vary': 'X-OpenStack-Nova-API-Version', 'connection': 'close', 'x-openstack-nova-api-version': '2.1', 'date': 'Sat, 26 Dec 2015 04:50:12 GMT', 'content-type': 'application/json'}
        Body: 
2015-12-26 04:50:12,395 21149 INFO     [tempest_lib.common.rest_client] Request (TestNetworkAdvancedServerOps:_run_cleanups): 404 GET http://10.0.2.15:8774/v2.1/c037381efcba4261a71f0dadafac7010/servers/993606de-a3bd-4b96-b11e-96f61dc2af0f 0.083s
2015-12-26 04:50:12,395 21149 DEBUG    [tempest_lib.common.rest_client] Request - Headers: {'Content-Type': 'application/json', 'Accept': 'application/json', 'X-Auth-Token': '&lt;omitted&gt;'}
        Body: None
    Response - Headers: {'status': '404', 'content-length': '111', 'x-compute-request-id': 'req-1346bc9a-dc33-45a9-a35a-55a5dd95a149', 'vary': 'X-OpenStack-Nova-API-Version', 'connection': 'close', 'x-openstack-nova-api-version': '2.1', 'date': 'Sat, 26 Dec 2015 04:50:12 GMT', 'content-type': 'application/json; charset=UTF-8'}
        Body: {"itemNotFound": {"message": "Instance 993606de-a3bd-4b96-b11e-96f61dc2af0f could not be found.", "code": 404}}
}}}

Traceback (most recent call last):
  File "tempest/test.py", line 113, in wrapper
    return f(self, *func_args, **func_kwargs)
  File "tempest/scenario/test_network_advanced_server_ops.py", line 134, in test_server_connectivity_pause_unpause
    server, keypair, floating_ip = self._setup_network_and_servers()
  File "tempest/scenario/test_network_advanced_server_ops.py", line 71, in _setup_network_and_servers
    server, keypair, floating_ip)
  File "tempest/scenario/test_network_advanced_server_ops.py", line 95, in _wait_server_status_and_check_network_connectivity
    self._check_network_connectivity(server, keypair, floating_ip)
  File "tempest/scenario/test_network_advanced_server_ops.py", line 88, in _check_network_connectivity
    servers=[server])
  File "tempest/scenario/manager.py", line 609, in check_public_network_connectivity
    should_connect=should_connect)
  File "tempest/scenario/manager.py", line 593, in check_vm_connectivity
    msg=msg)
  File "/usr/local/lib/python2.7/dist-packages/unittest2/case.py", line 702, in assertTrue
    raise self.failureException(msg)
AssertionError: False is not true : Timed out waiting for 172.24.4.4 to become reachable



        </pre>
    </div>
    <!--css div popup end-->

    </td>
</tr>

<tr id='ft1.2' class='none'>
    <td class='failCase'><div class='testcase'>test_server_connectivity_reboot[compute,id-7b6860c2-afa3-4846-9522-adeb38dfbe08,network]</div></td>
    <td colspan='7' align='left'>

    <!--css div popup start-->
    <a class="popup_link" onfocus='this.blur();'
    href="javascript:showTestDetail('div_ft1.2')" >
        fail</a>

    <div id='div_ft1.2' class="popup_window">
        <div style='text-align: right; color:red;cursor:pointer'>
        <a onfocus='this.blur();'
onclick="document.getElementById('div_ft1.2').style.display = 'none' " >
           [x]</a>
        </div>
        <pre>
        
