<?xml version="1.0" encoding="UTF-8"?>
<!DOCTYPE html PUBLIC "-//W3C//DTD XHTML 1.0 Strict//EN"
     "http://www.w3.org/TR/xhtml1/DTD/xhtml1-strict.dtd">
<html xmlns="http://www.w3.org/1999/xhtml">
<head>
    <title>Unit Test Report</title>
    <meta name="generator" content="subunit2html 0.1"/>
    <meta http-equiv="Content-Type" content="text/html; charset=UTF-8"/>
    
<style type="text/css" media="screen">
body        { font-family: verdana, arial, helvetica, sans-serif;
    font-size: 80%; }
table       { font-size: 100%; width: 100%;}
pre         { font-size: 80%; }

/* -- heading -------------------------------------------------------------- */
h1 {
        font-size: 16pt;
        color: gray;
}
.heading {
    margin-top: 0ex;
    margin-bottom: 1ex;
}

.heading .attribute {
    margin-top: 1ex;
    margin-bottom: 0;
}

.heading .description {
    margin-top: 4ex;
    margin-bottom: 6ex;
}

/* -- css div popup -------------------------------------------------------- */
a.popup_link {
}

a.popup_link:hover {
    color: red;
}

.popup_window {
    display: none;
    overflow-x: scroll;
    /*border: solid #627173 1px; */
    padding: 10px;
    background-color: #E6E6D6;
    font-family: "Ubuntu Mono", "Lucida Console", "Courier New", monospace;
    text-align: left;
    font-size: 8pt;
}

}
/* -- report --------------------------------------------------------------- */
#show_detail_line {
    margin-top: 3ex;
    margin-bottom: 1ex;
}
#result_table {
    width: 100%;
    border-collapse: collapse;
    border: 1px solid #777;
}
#header_row {
    font-weight: bold;
    color: white;
    background-color: #777;
}
#result_table td {
    border: 1px solid #777;
    padding: 2px;
}
#total_row  { font-weight: bold; }
.passClass  { background-color: #6c6; }
.failClass  { background-color: #c60; }
.errorClass { background-color: #c00; }
.passCase   { color: #6c6; }
.failCase   { color: #c60; font-weight: bold; }
.errorCase  { color: #c00; font-weight: bold; }
.hiddenRow  { display: none; }
.testcase   { margin-left: 2em; }
td.testname {width: 40%}
td.small {width: 40px}

/* -- ending --------------------------------------------------------------- */
#ending {
}

</style>

</head>
<body>
<script language="javascript" type="text/javascript"><!--
output_list = Array();

/* level - 0:Summary; 1:Failed; 2:All */
function showCase(level) {
    trs = document.getElementsByTagName("tr");
    for (var i = 0; i < trs.length; i++) {
        tr = trs[i];
        id = tr.id;
        if (id.substr(0,2) == 'ft') {
            if (level < 1) {
                tr.className = 'hiddenRow';
            }
            else {
                tr.className = '';
            }
        }
        if (id.substr(0,2) == 'pt') {
            if (level > 1) {
                tr.className = '';
            }
            else {
                tr.className = 'hiddenRow';
            }
        }
    }
}


function showClassDetail(cid, count) {
    var id_list = Array(count);
    var toHide = 1;
    for (var i = 0; i < count; i++) {
        tid0 = 't' + cid.substr(1) + '.' + (i+1);
        tid = 'f' + tid0;
        tr = document.getElementById(tid);
        if (!tr) {
            tid = 'p' + tid0;
            tr = document.getElementById(tid);
        }
        id_list[i] = tid;
        if (tr.className) {
            toHide = 0;
        }
    }
    for (var i = 0; i < count; i++) {
        tid = id_list[i];
        if (toHide) {
            document.getElementById('div_'+tid).style.display = 'none'
            document.getElementById(tid).className = 'hiddenRow';
        }
        else {
            document.getElementById(tid).className = '';
        }
    }
}


function showTestDetail(div_id){
    var details_div = document.getElementById(div_id)
    var displayState = details_div.style.display
    // alert(displayState)
    if (displayState != 'block' ) {
        displayState = 'block'
        details_div.style.display = 'block'
    }
    else {
        details_div.style.display = 'none'
    }
}


function html_escape(s) {
    s = s.replace(/&/g,'&amp;');
    s = s.replace(/</g,'&lt;');
    s = s.replace(/>/g,'&gt;');
    return s;
}

/* obsoleted by detail in <div>
function showOutput(id, name) {
    var w = window.open("", //url
                    name,
                    "resizable,scrollbars,status,width=800,height=450");
    d = w.document;
    d.write("<pre>");
    d.write(html_escape(output_list[id]));
    d.write("\n");
    d.write("<a href='javascript:window.close()'>close</a>\n");
    d.write("</pre>\n");
    d.close();
}
*/
--></script>

<div class='heading'>
<h1>Unit Test Report</h1>

<p class='attribute'><strong>Status:</strong> Failure 6</p>

<p class='description'></p>
</div>



<p id='show_detail_line'>Show
<a href='javascript:showCase(0)'>Summary</a>
<a href='javascript:showCase(1)'>Failed</a>
<a href='javascript:showCase(2)'>All</a>
</p>
<table id='result_table'>
<colgroup>
<col align='left' />
<col align='right' />
<col align='right' />
<col align='right' />
<col align='right' />
<col align='right' />
<col align='right' />
<col align='right' />
</colgroup>
<tr id='header_row'>
    <td>Test Group/Test case</td>
    <td>Count</td>
    <td>Pass</td>
    <td>Fail</td>
    <td>Error</td>
    <td>Skip</td>
    <td>View</td>
    <td> </td>
</tr>

<tr class='failClass'>
    <td class="testname">tempest.scenario.test_network_advanced_server_ops.TestNetworkAdvancedServerOps</td>
    <td class="small">6</td>
    <td class="small">0</td>
    <td class="small">6</td>
    <td class="small">0</td>
    <td class="small">0</td>
    <td class="small"><a href="javascript:showClassDetail('c1',6)"
>Detail</a></td>
    <td> </td>
</tr>

<tr id='ft1.1' class='none'>
    <td class='failCase'><div class='testcase'>test_server_connectivity_pause_unpause[compute,id-2b2642db-6568-4b35-b812-eceed3fa20ce,network]</div></td>
    <td colspan='7' align='left'>

    <!--css div popup start-->
    <a class="popup_link" onfocus='this.blur();'
    href="javascript:showTestDetail('div_ft1.1')" >
        fail</a>

    <div id='div_ft1.1' class="popup_window">
        <div style='text-align: right; color:red;cursor:pointer'>
        <a onfocus='this.blur();'
onclick="document.getElementById('div_ft1.1').style.display = 'none' " >
           [x]</a>
        </div>
        <pre>
        
ft1.1: tempest.scenario.test_network_advanced_server_ops.TestNetworkAdvancedServerOps.test_server_connectivity_pause_unpause[compute,id-2b2642db-6568-4b35-b812-eceed3fa20ce,network]_StringException: Empty attachments:
  stderr
  stdout

pythonlogging:'': {{{
2016-01-08 17:27:42,191 4177 INFO     [tempest_lib.common.rest_client] Request (TestNetworkAdvancedServerOps:test_server_connectivity_pause_unpause): 200 POST http://10.0.2.15:8774/v2.1/1d8a6ef9e064419f89b7ac39c3de8923/os-keypairs 0.565s
2016-01-08 17:27:42,192 4177 DEBUG    [tempest_lib.common.rest_client] Request - Headers: {'Content-Type': 'application/json', 'Accept': 'application/json', 'X-Auth-Token': '&lt;omitted&gt;'}
        Body: {"keypair": {"name": "tempest-TestNetworkAdvancedServerOps-1064122807"}}
    Response - Headers: {'status': '200', 'content-length': '2330', 'x-compute-request-id': 'req-396d141e-9fd1-479d-9e1d-3504db119942', 'vary': 'X-OpenStack-Nova-API-Version', 'connection': 'close', 'x-openstack-nova-api-version': '2.1', 'date': 'Fri, 08 Jan 2016 17:27:42 GMT', 'content-type': 'application/json'}
        Body: {"keypair": {"public_key": "ssh-rsa AAAAB3NzaC1yc2EAAAADAQABAAABAQClw9GKzWTJ/+UTDPzokqsSGnmHVREK6rjjvywSZwmmhWH9GX/melQhoPJ9YX5M8CDRncseY6KdwqMTbn+OuHmZGSR2WRGCw2Uw8hM3GfL65DDz6bOsQ3p5EuxU+LybYrUZO7v7ly2GiAMUOf82xzszH4ZwEtY/sDLFQuk+U1B1rA2+10Z4K6clNrLzDxJ0AoeVqejGHEdsb4pezth6ned1idb+9YWRYEpMKXQXU1vrtH2hsai3S2bbD2073WiRnPYtDbm3nHo8YMr+aFeHDajiPQLt6QdTdbIlI2r8KePInp46Z3GVZWKkCcZ3EV0sLQI+Fz+wpdzNM8fWNXPmMI2H Generated-by-Nova", "private_key": "-----BEGIN RSA PRIVATE KEY-----\nMIIEqAIBAAKCAQEApcPRis1kyf/lEwz86JKrEhp5h1URCuq4478sEmcJpoVh/Rl/\n5npUIaDyfWF+TPAg0Z3LHmOincKjE25/jrh5mRkkdlkRgsNlMPITNxny+uQw8+mz\nrEN6eRLsVPi8m2K1GTu7+5cthogDFDn/Nsc7Mx+GcBLWP7AyxULpPlNQdawNvtdG\neCunJTay8w8SdAKHlanoxhxHbG+KXs7Yep3ndYnW/vWFkWBKTCl0F1Nb67R9obGo\nt0tm2w9tO91okZz2LQ25t5x6PGDK/mhXhw2o4j0C7ekHU3WyJSNq/CnjyJ6eOmdx\nlWVipAnGdxFdLC0CPhc/sKXczTPH1jVz5jCNhwIDAQABAoIBADMko3XrwPkB1q92\nBmHLPrSrLmuutz9jBABgbzyORc/2vzDTuT5m56Yofiho+ArM25NQ1+ZcX0PFVYMd\nSIXELOArfbB18o0htArR5VPO0cTOurvGkwTHHPZV/EyLIcXfQniykWEiV412UVzg\nN/mypnUzeMsDRM8JkeCCsGvmUKC9IVZS1FFGNiPi1HI5tLTJWr8FoLNQ3q2AtbO3\nC1fUKMIcDF5yNer6BYbjXsJjLHm9jSEyzLrjSfPPi02ai0RT8x8VKA8pl8GWzNIf\neMgvxBzSmNSyxzIVj5MYV8WSUTHMgcslpPyt7u5N42qbbS4gjDsXXO1+rQi7Mj1B\n9seb0uECggCBAL8GH5OUpHxFpwccDDbBprLqCqYjRxBnucgEJucFLJBaW+daspW3\ny4x3PwKBpH840zQ9qbQhBXUb+6qVnv372WvO5qmHhxpVDorlGwFrkZd0qZtRwNvw\n+6eNGSWNH2LLrUt8/fXGl1w8rQN08I62K3PRqZMcpf+crRs+x9JnVYsrAoIAgQDe\nJjSZ+J00XhsJUDkcPCHMw+0NJSr6kkPFo/o/+DWGBgAfnpuBvLcfJ+h/ly2I0o6M\n6eGYJG18XhO4jpH3VgOpUqczYXB+tHGEZ4qtxkvaK0zwgbnr0R83tV0JPudfj/AC\n+04IkNTd4uu0d69eeENcv1YGDaYXvYNYQ+pdKIbpFQKCAIBopTQbJuzM32NW87iF\nLqThknDu/phplkkiF5QwLpdxJO7/2KHIfv1VH+Y2u0qgH0MkdTtIYGaa9w9xLbIB\ntTwwYRHfgU0z0bC7yjJ3HrSNYe2gFrMuSd+ytAs4lQzClI2Esx50y6wTbXHiWOeH\nZqh7NDpPSvxtASmbqVLSIqWsLQKCAIEAy2k+VxIPmEjnBrMfaBwjcuSgJZ436XKO\nfeV1GqgDEnJiIJHRoI0VPIEFYfciqZrrDlqFyBLq8asO8boSK+Dlv2BAW0rIgCxn\nmS5aDF57TAzECaEvhZ9Zr1/xDas8nwMkaQaFYFCFqZrD6t6AhMcoHz/P3AEZabmN\nEAA4FA8s4TUCggCAD6dJyi6NF8liPMzSwkJhEawof4EIIGE49ddqmn7LGpcCXla2\n9dpNvSfCX4WNjVhaLoHSMeQ4t8+YwG5AYTFi2rSsY34qWFG0ym0gKf7wFgH+UfUy\nzmOaAsm0hkMDhyQJnEIpa6zRs289Sh3wO2Dujmt5gaOFKrHsz0mZFQYzMqE=\n-----END RSA PRIVATE KEY-----\n", "user_id": "31537b9904164388b8cf42e99c178ad1", "name": "tempest-TestNetworkAdvancedServerOps-1064122807", "fingerprint": "f1:39:43:1c:c4:6b:31:84:ad:3f:f2:7f:75:14:dd:15"}}
2016-01-08 17:27:42,572 4177 INFO     [tempest_lib.common.rest_client] Request (TestNetworkAdvancedServerOps:test_server_connectivity_pause_unpause): 201 POST http://10.0.2.15:9696/v2.0/security-groups 0.376s
2016-01-08 17:27:42,573 4177 DEBUG    [tempest_lib.common.rest_client] Request - Headers: {'Content-Type': 'application/json', 'Accept': 'application/json', 'X-Auth-Token': '&lt;omitted&gt;'}
        Body: {"security_group": {"tenant_id": "1d8a6ef9e064419f89b7ac39c3de8923", "description": "tempest-secgroup-smoke-1127463022 description", "name": "tempest-secgroup-smoke-1127463022"}}
    Response - Headers: {'status': '201', 'content-length': '888', 'connection': 'close', 'date': 'Fri, 08 Jan 2016 17:27:42 GMT', 'content-type': 'application/json; charset=UTF-8', 'x-openstack-request-id': 'req-af8e1987-f073-40a9-bbfe-b943fc25d42b'}
        Body: {"security_group": {"tenant_id": "1d8a6ef9e064419f89b7ac39c3de8923", "description": "tempest-secgroup-smoke-1127463022 description", "id": "fb5b10bb-de7b-451f-8496-4d6ba917adf7", "security_group_rules": [{"remote_group_id": null, "direction": "egress", "remote_ip_prefix": null, "protocol": null, "ethertype": "IPv4", "tenant_id": "1d8a6ef9e064419f89b7ac39c3de8923", "port_range_max": null, "port_range_min": null, "id": "e26e7d93-7e47-490e-9f1c-6b894a9d5933", "security_group_id": "fb5b10bb-de7b-451f-8496-4d6ba917adf7"}, {"remote_group_id": null, "direction": "egress", "remote_ip_prefix": null, "protocol": null, "ethertype": "IPv6", "tenant_id": "1d8a6ef9e064419f89b7ac39c3de8923", "port_range_max": null, "port_range_min": null, "id": "cd802898-fcb1-41a3-a7ff-135c2d7b2e30", "security_group_id": "fb5b10bb-de7b-451f-8496-4d6ba917adf7"}], "name": "tempest-secgroup-smoke-1127463022"}}
2016-01-08 17:27:42,693 4177 INFO     [tempest_lib.common.rest_client] Request (TestNetworkAdvancedServerOps:test_server_connectivity_pause_unpause): 201 POST http://10.0.2.15:9696/v2.0/security-group-rules 0.118s
2016-01-08 17:27:42,694 4177 DEBUG    [tempest_lib.common.rest_client] Request - Headers: {'Content-Type': 'application/json', 'Accept': 'application/json', 'X-Auth-Token': '&lt;omitted&gt;'}
        Body: {"security_group_rule": {"direction": "ingress", "protocol": "tcp", "tenant_id": "1d8a6ef9e064419f89b7ac39c3de8923", "port_range_max": 22, "security_group_id": "fb5b10bb-de7b-451f-8496-4d6ba917adf7", "port_range_min": 22}}
    Response - Headers: {'status': '201', 'content-length': '340', 'connection': 'close', 'date': 'Fri, 08 Jan 2016 17:27:42 GMT', 'content-type': 'application/json; charset=UTF-8', 'x-openstack-request-id': 'req-0bbbec09-6984-41eb-b9c2-e5ebf3e2b34e'}
        Body: {"security_group_rule": {"remote_group_id": null, "direction": "ingress", "remote_ip_prefix": null, "protocol": "tcp", "ethertype": "IPv4", "tenant_id": "1d8a6ef9e064419f89b7ac39c3de8923", "port_range_max": 22, "port_range_min": 22, "id": "3898572d-99df-4a93-b3c1-6f9b0ca1eb41", "security_group_id": "fb5b10bb-de7b-451f-8496-4d6ba917adf7"}}
2016-01-08 17:27:42,823 4177 INFO     [tempest_lib.common.rest_client] Request (TestNetworkAdvancedServerOps:test_server_connectivity_pause_unpause): 201 POST http://10.0.2.15:9696/v2.0/security-group-rules 0.127s
2016-01-08 17:27:42,823 4177 DEBUG    [tempest_lib.common.rest_client] Request - Headers: {'Content-Type': 'application/json', 'Accept': 'application/json', 'X-Auth-Token': '&lt;omitted&gt;'}
        Body: {"security_group_rule": {"direction": "egress", "protocol": "tcp", "tenant_id": "1d8a6ef9e064419f89b7ac39c3de8923", "port_range_max": 22, "security_group_id": "fb5b10bb-de7b-451f-8496-4d6ba917adf7", "port_range_min": 22}}
    Response - Headers: {'status': '201', 'content-length': '339', 'connection': 'close', 'date': 'Fri, 08 Jan 2016 17:27:42 GMT', 'content-type': 'application/json; charset=UTF-8', 'x-openstack-request-id': 'req-c2d26148-d4bf-46ff-a34e-a7fafbb4ab93'}
        Body: {"security_group_rule": {"remote_group_id": null, "direction": "egress", "remote_ip_prefix": null, "protocol": "tcp", "ethertype": "IPv4", "tenant_id": "1d8a6ef9e064419f89b7ac39c3de8923", "port_range_max": 22, "port_range_min": 22, "id": "34322f27-8ade-4bde-930a-b3b93215cf74", "security_group_id": "fb5b10bb-de7b-451f-8496-4d6ba917adf7"}}
2016-01-08 17:27:42,951 4177 INFO     [tempest_lib.common.rest_client] Request (TestNetworkAdvancedServerOps:test_server_connectivity_pause_unpause): 201 POST http://10.0.2.15:9696/v2.0/security-group-rules 0.126s
2016-01-08 17:27:42,952 4177 DEBUG    [tempest_lib.common.rest_client] Request - Headers: {'Content-Type': 'application/json', 'Accept': 'application/json', 'X-Auth-Token': '&lt;omitted&gt;'}
        Body: {"security_group_rule": {"tenant_id": "1d8a6ef9e064419f89b7ac39c3de8923", "direction": "ingress", "protocol": "icmp", "security_group_id": "fb5b10bb-de7b-451f-8496-4d6ba917adf7"}}
    Response - Headers: {'status': '201', 'content-length': '345', 'connection': 'close', 'date': 'Fri, 08 Jan 2016 17:27:42 GMT', 'content-type': 'application/json; charset=UTF-8', 'x-openstack-request-id': 'req-d604a068-2c6a-4692-96e3-bd83b168b59b'}
        Body: {"security_group_rule": {"remote_group_id": null, "direction": "ingress", "remote_ip_prefix": null, "protocol": "icmp", "ethertype": "IPv4", "tenant_id": "1d8a6ef9e064419f89b7ac39c3de8923", "port_range_max": null, "port_range_min": null, "id": "08f7433b-700b-4592-9434-4745e360cefc", "security_group_id": "fb5b10bb-de7b-451f-8496-4d6ba917adf7"}}
2016-01-08 17:27:43,074 4177 INFO     [tempest_lib.common.rest_client] Request (TestNetworkAdvancedServerOps:test_server_connectivity_pause_unpause): 201 POST http://10.0.2.15:9696/v2.0/security-group-rules 0.121s
2016-01-08 17:27:43,075 4177 DEBUG    [tempest_lib.common.rest_client] Request - Headers: {'Content-Type': 'application/json', 'Accept': 'application/json', 'X-Auth-Token': '&lt;omitted&gt;'}
        Body: {"security_group_rule": {"tenant_id": "1d8a6ef9e064419f89b7ac39c3de8923", "direction": "egress", "protocol": "icmp", "security_group_id": "fb5b10bb-de7b-451f-8496-4d6ba917adf7"}}
    Response - Headers: {'status': '201', 'content-length': '344', 'connection': 'close', 'date': 'Fri, 08 Jan 2016 17:27:43 GMT', 'content-type': 'application/json; charset=UTF-8', 'x-openstack-request-id': 'req-dda6de42-010a-41e2-86bb-267c0311dc7a'}
        Body: {"security_group_rule": {"remote_group_id": null, "direction": "egress", "remote_ip_prefix": null, "protocol": "icmp", "ethertype": "IPv4", "tenant_id": "1d8a6ef9e064419f89b7ac39c3de8923", "port_range_max": null, "port_range_min": null, "id": "6cb57a02-d92b-4b1f-bb5c-d5421acf4b07", "security_group_id": "fb5b10bb-de7b-451f-8496-4d6ba917adf7"}}
2016-01-08 17:27:43,192 4177 INFO     [tempest_lib.common.rest_client] Request (TestNetworkAdvancedServerOps:test_server_connectivity_pause_unpause): 201 POST http://10.0.2.15:9696/v2.0/security-group-rules 0.115s
2016-01-08 17:27:43,192 4177 DEBUG    [tempest_lib.common.rest_client] Request - Headers: {'Content-Type': 'application/json', 'Accept': 'application/json', 'X-Auth-Token': '&lt;omitted&gt;'}
        Body: {"security_group_rule": {"tenant_id": "1d8a6ef9e064419f89b7ac39c3de8923", "direction": "ingress", "security_group_id": "fb5b10bb-de7b-451f-8496-4d6ba917adf7", "protocol": "icmp", "ethertype": "IPv6"}}
    Response - Headers: {'status': '201', 'content-length': '345', 'connection': 'close', 'date': 'Fri, 08 Jan 2016 17:27:43 GMT', 'content-type': 'application/json; charset=UTF-8', 'x-openstack-request-id': 'req-f309119a-db4f-4897-8b41-c4adda32db2b'}
        Body: {"security_group_rule": {"remote_group_id": null, "direction": "ingress", "remote_ip_prefix": null, "protocol": "icmp", "ethertype": "IPv6", "tenant_id": "1d8a6ef9e064419f89b7ac39c3de8923", "port_range_max": null, "port_range_min": null, "id": "b62b9efc-a2c9-4f5d-99ef-79302bfa6c81", "security_group_id": "fb5b10bb-de7b-451f-8496-4d6ba917adf7"}}
2016-01-08 17:27:43,301 4177 INFO     [tempest_lib.common.rest_client] Request (TestNetworkAdvancedServerOps:test_server_connectivity_pause_unpause): 201 POST http://10.0.2.15:9696/v2.0/security-group-rules 0.108s
2016-01-08 17:27:43,301 4177 DEBUG    [tempest_lib.common.rest_client] Request - Headers: {'Content-Type': 'application/json', 'Accept': 'application/json', 'X-Auth-Token': '&lt;omitted&gt;'}
        Body: {"security_group_rule": {"tenant_id": "1d8a6ef9e064419f89b7ac39c3de8923", "direction": "egress", "security_group_id": "fb5b10bb-de7b-451f-8496-4d6ba917adf7", "protocol": "icmp", "ethertype": "IPv6"}}
    Response - Headers: {'status': '201', 'content-length': '344', 'connection': 'close', 'date': 'Fri, 08 Jan 2016 17:27:43 GMT', 'content-type': 'application/json; charset=UTF-8', 'x-openstack-request-id': 'req-53460a06-abb6-49e2-8ea8-23f0302294bd'}
        Body: {"security_group_rule": {"remote_group_id": null, "direction": "egress", "remote_ip_prefix": null, "protocol": "icmp", "ethertype": "IPv6", "tenant_id": "1d8a6ef9e064419f89b7ac39c3de8923", "port_range_max": null, "port_range_min": null, "id": "5345a70b-d4f4-41bf-8795-51f67c66827e", "security_group_id": "fb5b10bb-de7b-451f-8496-4d6ba917adf7"}}
2016-01-08 17:27:43,477 4177 INFO     [tempest_lib.common.rest_client] Request (TestNetworkAdvancedServerOps:test_server_connectivity_pause_unpause): 201 POST http://10.0.2.15:9696/v2.0/networks 0.175s
2016-01-08 17:27:43,478 4177 DEBUG    [tempest_lib.common.rest_client] Request - Headers: {'Content-Type': 'application/json', 'Accept': 'application/json', 'X-Auth-Token': '&lt;omitted&gt;'}
        Body: {"network": {"tenant_id": "1d8a6ef9e064419f89b7ac39c3de8923", "name": "tempest-network-smoke--220777683"}}
    Response - Headers: {'status': '201', 'content-length': '326', 'connection': 'close', 'date': 'Fri, 08 Jan 2016 17:27:43 GMT', 'content-type': 'application/json; charset=UTF-8', 'x-openstack-request-id': 'req-3dc4a1a3-5816-4856-a87a-be6a04bae50c'}
        Body: {"network": {"status": "ACTIVE", "subnets": [], "availability_zone_hints": [], "name": "tempest-network-smoke--220777683", "admin_state_up": true, "tenant_id": "1d8a6ef9e064419f89b7ac39c3de8923", "mtu": 0, "router:external": false, "shared": false, "port_security_enabled": true, "id": "f28b5627-bf55-4fc2-93d8-45de9c11bf3a"}}
2016-01-08 17:27:43,576 4177 INFO     [tempest_lib.common.rest_client] Request (TestNetworkAdvancedServerOps:test_server_connectivity_pause_unpause): 201 POST http://10.0.2.15:9696/v2.0/routers 0.097s
2016-01-08 17:27:43,576 4177 DEBUG    [tempest_lib.common.rest_client] Request - Headers: {'Content-Type': 'application/json', 'Accept': 'application/json', 'X-Auth-Token': '&lt;omitted&gt;'}
        Body: {"router": {"tenant_id": "1d8a6ef9e064419f89b7ac39c3de8923", "name": "tempest-router-smoke-530014675", "admin_state_up": true}}
    Response - Headers: {'status': '201', 'content-length': '295', 'connection': 'close', 'date': 'Fri, 08 Jan 2016 17:27:43 GMT', 'content-type': 'application/json; charset=UTF-8', 'x-openstack-request-id': 'req-d6f09168-ce4e-4790-9558-6e29ebee485f'}
        Body: {"router": {"status": "ACTIVE", "external_gateway_info": null, "availability_zone_hints": [], "availability_zones": [], "name": "tempest-router-smoke-530014675", "admin_state_up": true, "tenant_id": "1d8a6ef9e064419f89b7ac39c3de8923", "routes": [], "id": "35948ae5-51f3-4eab-b8df-1f30dc73de7a"}}
2016-01-08 17:27:43,625 4177 INFO     [tempest_lib.common.rest_client] Request (TestNetworkAdvancedServerOps:test_server_connectivity_pause_unpause): 200 GET http://10.0.2.15:9696/v2.0/routers/35948ae5-51f3-4eab-b8df-1f30dc73de7a 0.047s
2016-01-08 17:27:43,625 4177 DEBUG    [tempest_lib.common.rest_client] Request - Headers: {'Content-Type': 'application/json', 'Accept': 'application/json', 'X-Auth-Token': '&lt;omitted&gt;'}
        Body: None
    Response - Headers: {'status': '200', 'content-length': '295', 'content-location': 'http://10.0.2.15:9696/v2.0/routers/35948ae5-51f3-4eab-b8df-1f30dc73de7a', 'connection': 'close', 'date': 'Fri, 08 Jan 2016 17:27:43 GMT', 'content-type': 'application/json; charset=UTF-8', 'x-openstack-request-id': 'req-6cdaa5e2-909e-4c03-ad41-c481cf1bb621'}
        Body: {"router": {"status": "ACTIVE", "external_gateway_info": null, "availability_zone_hints": [], "availability_zones": [], "name": "tempest-router-smoke-530014675", "admin_state_up": true, "tenant_id": "1d8a6ef9e064419f89b7ac39c3de8923", "routes": [], "id": "35948ae5-51f3-4eab-b8df-1f30dc73de7a"}}
2016-01-08 17:27:44,398 4177 INFO     [tempest_lib.common.rest_client] Request (TestNetworkAdvancedServerOps:test_server_connectivity_pause_unpause): 200 PUT http://10.0.2.15:9696/v2.0/routers/35948ae5-51f3-4eab-b8df-1f30dc73de7a 0.772s
2016-01-08 17:27:44,399 4177 DEBUG    [tempest_lib.common.rest_client] Request - Headers: {'Content-Type': 'application/json', 'Accept': 'application/json', 'X-Auth-Token': '&lt;omitted&gt;'}
        Body: {"router": {"external_gateway_info": {"network_id": "7e62914c-7249-41eb-a0df-9ce7768c94f1"}, "name": "tempest-router-smoke-530014675", "admin_state_up": true}}
    Response - Headers: {'status': '200', 'content-length': '557', 'connection': 'close', 'date': 'Fri, 08 Jan 2016 17:27:44 GMT', 'content-type': 'application/json; charset=UTF-8', 'x-openstack-request-id': 'req-b08ff4f0-9cde-44b5-9a21-5a0695f310dc'}
        Body: {"router": {"status": "ACTIVE", "external_gateway_info": {"network_id": "7e62914c-7249-41eb-a0df-9ce7768c94f1", "enable_snat": true, "external_fixed_ips": [{"subnet_id": "cdc066c6-db6f-44c8-ac16-71a79681274e", "ip_address": "172.24.4.3"}, {"subnet_id": "8f6b1532-6051-4057-8fb9-4a2b03e5df53", "ip_address": "2001:db8::3"}]}, "availability_zone_hints": [], "availability_zones": [], "name": "tempest-router-smoke-530014675", "admin_state_up": true, "tenant_id": "1d8a6ef9e064419f89b7ac39c3de8923", "routes": [], "id": "35948ae5-51f3-4eab-b8df-1f30dc73de7a"}}
2016-01-08 17:27:44,564 4177 INFO     [tempest_lib.common.rest_client] Request (TestNetworkAdvancedServerOps:test_server_connectivity_pause_unpause): 200 GET http://10.0.2.15:9696/v2.0/subnets?tenant_id=1d8a6ef9e064419f89b7ac39c3de8923&amp;cidr=10.100.0.0%2F28 0.164s
2016-01-08 17:27:44,565 4177 DEBUG    [tempest_lib.common.rest_client] Request - Headers: {'Content-Type': 'application/json', 'Accept': 'application/json', 'X-Auth-Token': '&lt;omitted&gt;'}
        Body: None
    Response - Headers: {'status': '200', 'content-length': '15', 'content-location': 'http://10.0.2.15:9696/v2.0/subnets?tenant_id=1d8a6ef9e064419f89b7ac39c3de8923&amp;cidr=10.100.0.0%2F28', 'connection': 'close', 'date': 'Fri, 08 Jan 2016 17:27:44 GMT', 'content-type': 'application/json; charset=UTF-8', 'x-openstack-request-id': 'req-c7c16547-dc56-4373-8a1e-b41c1d194b9a'}
        Body: {"subnets": []}
2016-01-08 17:27:44,891 4177 INFO     [tempest_lib.common.rest_client] Request (TestNetworkAdvancedServerOps:test_server_connectivity_pause_unpause): 201 POST http://10.0.2.15:9696/v2.0/subnets 0.325s
2016-01-08 17:27:44,892 4177 DEBUG    [tempest_lib.common.rest_client] Request - Headers: {'Content-Type': 'application/json', 'Accept': 'application/json', 'X-Auth-Token': '&lt;omitted&gt;'}
        Body: {"subnet": {"ip_version": 4, "tenant_id": "1d8a6ef9e064419f89b7ac39c3de8923", "cidr": "10.100.0.0/28", "network_id": "f28b5627-bf55-4fc2-93d8-45de9c11bf3a", "name": "tempest-subnet-smoke-346023382"}}
    Response - Headers: {'status': '201', 'content-length': '477', 'connection': 'close', 'date': 'Fri, 08 Jan 2016 17:27:44 GMT', 'content-type': 'application/json; charset=UTF-8', 'x-openstack-request-id': 'req-2f502df8-9408-45e8-ad17-b5c48b80c699'}
        Body: {"subnet": {"name": "tempest-subnet-smoke-346023382", "enable_dhcp": true, "network_id": "f28b5627-bf55-4fc2-93d8-45de9c11bf3a", "tenant_id": "1d8a6ef9e064419f89b7ac39c3de8923", "dns_nameservers": [], "gateway_ip": "10.100.0.1", "ipv6_ra_mode": null, "allocation_pools": [{"start": "10.100.0.2", "end": "10.100.0.14"}], "host_routes": [], "ip_version": 4, "ipv6_address_mode": null, "cidr": "10.100.0.0/28", "id": "54cabc3a-6c97-4a62-9950-859f3e42c780", "subnetpool_id": null}}
2016-01-08 17:27:45,595 4177 INFO     [tempest_lib.common.rest_client] Request (TestNetworkAdvancedServerOps:test_server_connectivity_pause_unpause): 200 PUT http://10.0.2.15:9696/v2.0/routers/35948ae5-51f3-4eab-b8df-1f30dc73de7a/add_router_interface 0.702s
2016-01-08 17:27:45,596 4177 DEBUG    [tempest_lib.common.rest_client] Request - Headers: {'Content-Type': 'application/json', 'Accept': 'application/json', 'X-Auth-Token': '&lt;omitted&gt;'}
        Body: {"subnet_id": "54cabc3a-6c97-4a62-9950-859f3e42c780"}
    Response - Headers: {'status': '200', 'content-length': '255', 'connection': 'close', 'date': 'Fri, 08 Jan 2016 17:27:45 GMT', 'content-type': 'application/json; charset=UTF-8', 'x-openstack-request-id': 'req-8cb005cd-c97c-4a42-8923-600a9d072388'}
        Body: {"subnet_id": "54cabc3a-6c97-4a62-9950-859f3e42c780", "tenant_id": "1d8a6ef9e064419f89b7ac39c3de8923", "subnet_ids": ["54cabc3a-6c97-4a62-9950-859f3e42c780"], "port_id": "482abddd-1d34-41b2-a243-20997a6224b6", "id": "35948ae5-51f3-4eab-b8df-1f30dc73de7a"}
2016-01-08 17:27:45,718 4177 INFO     [tempest_lib.common.rest_client] Request (TestNetworkAdvancedServerOps:test_server_connectivity_pause_unpause): 200 POST http://10.0.2.15:5000/v2.0/tokens
2016-01-08 17:27:45,718 4177 DEBUG    [tempest_lib.common.rest_client] Request - Headers: {'Content-Type': 'application/json', 'Accept': 'application/json'}
        Body: &lt;omitted&gt;
    Response - Headers: {'status': '200', 'content-length': '2309', 'vary': 'X-Auth-Token', 'server': 'Apache/2.4.7 (Ubuntu)', 'connection': 'close', 'date': 'Fri, 08 Jan 2016 17:27:45 GMT', 'content-type': 'application/json', 'x-openstack-request-id': 'req-402e34c9-5e1c-43e9-860a-cad3d1fe043e'}
        Body: {"access": {"token": {"issued_at": "2016-01-08T17:27:45.702261", "expires": "2016-01-08T18:27:45Z", "id": "74eab716bc4a4bd7988053ed70e78d4a", "tenant": {"description": "tempest-TestNetworkAdvancedServerOps-563070909-desc", "enabled": true, "id": "1d8a6ef9e064419f89b7ac39c3de8923", "name": "tempest-TestNetworkAdvancedServerOps-563070909"}, "audit_ids": ["tHbcEaw6StONHRO-1Ugjeg"]}, "serviceCatalog": [{"endpoints": [{"adminURL": "http://10.0.2.15:9292", "region": "RegionOne", "internalURL": "http://10.0.2.15:9292", "id": "7fe028f8cacd47ecb7edca3fafe93144", "publicURL": "http://10.0.2.15:9292"}], "endpoints_links": [], "type": "image", "name": "glance"}, {"endpoints": [{"adminURL": "http://10.0.2.15:8774/v2.1/1d8a6ef9e064419f89b7ac39c3de8923", "region": "RegionOne", "internalURL": "http://10.0.2.15:8774/v2.1/1d8a6ef9e064419f89b7ac39c3de8923", "id": "165398a6e33c498a9ef9bad331f3dbca", "publicURL": "http://10.0.2.15:8774/v2.1/1d8a6ef9e064419f89b7ac39c3de8923"}], "endpoints_links": [], "type": "compute", "name": "nova"}, {"endpoints": [{"adminURL": "http://10.0.2.15:9696/", "region": "RegionOne", "internalURL": "http://10.0.2.15:9696/", "id": "04e9bdf779fa4ea0a10da410023288fb", "publicURL": "http://10.0.2.15:9696/"}], "endpoints_links": [], "type": "network", "name": "neutron"}, {"endpoints": [{"adminURL": "http://10.0.2.15:35357/v2.0", "region": "RegionOne", "internalURL": "http://10.0.2.15:5000/v2.0", "id": "148730ad7e684699a17f92fe8dc86f81", "publicURL": "http://10.0.2.15:5000/v2.0"}], "endpoints_links": [], "type": "identity", "name": "keystone"}, {"endpoints": [{"adminURL": "http://10.0.2.15:8774/v2/1d8a6ef9e064419f89b7ac39c3de8923", "region": "RegionOne", "internalURL": "http://10.0.2.15:8774/v2/1d8a6ef9e064419f89b7ac39c3de8923", "id": "9d47b040edcb4468b508dcee9d2da79f", "publicURL": "http://10.0.2.15:8774/v2/1d8a6ef9e064419f89b7ac39c3de8923"}], "endpoints_links": [], "type": "compute_legacy", "name": "nova_legacy"}], "user": {"username": "tempest-TestNetworkAdvancedServerOps-1309837383", "roles_links": [], "id": "31537b9904164388b8cf42e99c178ad1", "roles": [{"name": "_member_"}, {"name": "Member"}], "name": "tempest-TestNetworkAdvancedServerOps-1309837383"}, "metadata": {"is_admin": 0, "roles": ["9fe2ff9ee4384b1894a90878d3e92bab", "1ef9ae2f64ff4fae9f4c57f626e15cf1"]}}}
2016-01-08 17:27:45,729 4177 DEBUG    [tempest.common.fixed_network] (TestNetworkAdvancedServerOps:test_server_connectivity_pause_unpause) No valid network provided or created, defaulting to fixed_network_name
2016-01-08 17:27:46,068 4177 INFO     [tempest_lib.common.rest_client] Request (TestNetworkAdvancedServerOps:test_server_connectivity_pause_unpause): 200 GET http://10.0.2.15:8774/v2.1/1d8a6ef9e064419f89b7ac39c3de8923/os-networks 0.338s
2016-01-08 17:27:46,068 4177 DEBUG    [tempest_lib.common.rest_client] Request - Headers: {'Content-Type': 'application/json', 'Accept': 'application/json', 'X-Auth-Token': '&lt;omitted&gt;'}
        Body: None
    Response - Headers: {'status': '200', 'content-length': '478', 'content-location': 'http://10.0.2.15:8774/v2.1/1d8a6ef9e064419f89b7ac39c3de8923/os-networks', 'x-compute-request-id': 'req-40e39714-f2ab-4684-89c5-89815f063bc4', 'vary': 'X-OpenStack-Nova-API-Version', 'connection': 'close', 'x-openstack-nova-api-version': '2.1', 'date': 'Fri, 08 Jan 2016 17:27:46 GMT', 'content-type': 'application/json'}
        Body: {"networks": [{"cidr_v6": null, "dns2": null, "dns1": null, "gateway": null, "broadcast": null, "netmask": null, "gateway_v6": null, "cidr": null, "label": "public", "id": "7e62914c-7249-41eb-a0df-9ce7768c94f1", "netmask_v6": null}, {"cidr_v6": null, "dns2": null, "dns1": null, "gateway": null, "broadcast": null, "netmask": null, "gateway_v6": null, "cidr": null, "label": "tempest-network-smoke--220777683", "id": "f28b5627-bf55-4fc2-93d8-45de9c11bf3a", "netmask_v6": null}]}
2016-01-08 17:27:46,069 4177 WARNING  [tempest.common.fixed_network] (TestNetworkAdvancedServerOps:test_server_connectivity_pause_unpause) Network with name: private not found
2016-01-08 17:27:46,070 4177 INFO     [tempest.common.fixed_network] (TestNetworkAdvancedServerOps:test_server_connectivity_pause_unpause) Found network {} available for tenant
2016-01-08 17:27:47,742 4177 INFO     [tempest_lib.common.rest_client] Request (TestNetworkAdvancedServerOps:test_server_connectivity_pause_unpause): 202 POST http://10.0.2.15:8774/v2.1/1d8a6ef9e064419f89b7ac39c3de8923/servers 1.671s
2016-01-08 17:27:47,742 4177 DEBUG    [tempest_lib.common.rest_client] Request - Headers: {'Content-Type': 'application/json', 'Accept': 'application/json', 'X-Auth-Token': '&lt;omitted&gt;'}
        Body: {"server": {"name": "tempest.common.compute-instance-706358798", "imageRef": "ce75cf28-ea49-4b44-b692-1c4048875a23", "key_name": "tempest-TestNetworkAdvancedServerOps-1064122807", "flavorRef": "42", "networks": [{"uuid": "f28b5627-bf55-4fc2-93d8-45de9c11bf3a"}], "security_groups": [{"name": "tempest-secgroup-smoke-1127463022"}]}}
    Response - Headers: {'status': '202', 'content-length': '462', 'x-compute-request-id': 'req-35f5c171-9b8e-4e52-92c6-23c6e49b5afa', 'vary': 'X-OpenStack-Nova-API-Version', 'connection': 'close', 'location': 'http://10.0.2.15:8774/v2.1/1d8a6ef9e064419f89b7ac39c3de8923/servers/e20e8775-4822-4e79-b99c-5fa9a6b8dbad', 'x-openstack-nova-api-version': '2.1', 'date': 'Fri, 08 Jan 2016 17:27:47 GMT', 'content-type': 'application/json'}
        Body: {"server": {"security_groups": [{"name": "tempest-secgroup-smoke-1127463022"}], "OS-DCF:diskConfig": "MANUAL", "id": "e20e8775-4822-4e79-b99c-5fa9a6b8dbad", "links": [{"href": "http://10.0.2.15:8774/v2.1/1d8a6ef9e064419f89b7ac39c3de8923/servers/e20e8775-4822-4e79-b99c-5fa9a6b8dbad", "rel": "self"}, {"href": "http://10.0.2.15:8774/1d8a6ef9e064419f89b7ac39c3de8923/servers/e20e8775-4822-4e79-b99c-5fa9a6b8dbad", "rel": "bookmark"}], "adminPass": "594wcPqm4zAH"}}
2016-01-08 17:27:48,126 4177 INFO     [tempest_lib.common.rest_client] Request (TestNetworkAdvancedServerOps:test_server_connectivity_pause_unpause): 200 GET http://10.0.2.15:8774/v2.1/1d8a6ef9e064419f89b7ac39c3de8923/servers/e20e8775-4822-4e79-b99c-5fa9a6b8dbad 0.378s
2016-01-08 17:27:48,126 4177 DEBUG    [tempest_lib.common.rest_client] Request - Headers: {'Content-Type': 'application/json', 'Accept': 'application/json', 'X-Auth-Token': '&lt;omitted&gt;'}
        Body: None
    Response - Headers: {'status': '200', 'content-length': '1364', 'content-location': 'http://10.0.2.15:8774/v2.1/1d8a6ef9e064419f89b7ac39c3de8923/servers/e20e8775-4822-4e79-b99c-5fa9a6b8dbad', 'x-compute-request-id': 'req-f1256439-cb09-41f8-b975-8f05161283ef', 'vary': 'X-OpenStack-Nova-API-Version', 'connection': 'close', 'x-openstack-nova-api-version': '2.1', 'date': 'Fri, 08 Jan 2016 17:27:48 GMT', 'content-type': 'application/json'}
        Body: {"server": {"status": "BUILD", "updated": "2016-01-08T17:27:47Z", "hostId": "", "addresses": {}, "links": [{"href": "http://10.0.2.15:8774/v2.1/1d8a6ef9e064419f89b7ac39c3de8923/servers/e20e8775-4822-4e79-b99c-5fa9a6b8dbad", "rel": "self"}, {"href": "http://10.0.2.15:8774/1d8a6ef9e064419f89b7ac39c3de8923/servers/e20e8775-4822-4e79-b99c-5fa9a6b8dbad", "rel": "bookmark"}], "key_name": "tempest-TestNetworkAdvancedServerOps-1064122807", "image": {"id": "ce75cf28-ea49-4b44-b692-1c4048875a23", "links": [{"href": "http://10.0.2.15:8774/1d8a6ef9e064419f89b7ac39c3de8923/images/ce75cf28-ea49-4b44-b692-1c4048875a23", "rel": "bookmark"}]}, "OS-EXT-STS:task_state": "scheduling", "OS-EXT-STS:vm_state": "building", "OS-SRV-USG:launched_at": null, "flavor": {"id": "42", "links": [{"href": "http://10.0.2.15:8774/1d8a6ef9e064419f89b7ac39c3de8923/flavors/42", "rel": "bookmark"}]}, "id": "e20e8775-4822-4e79-b99c-5fa9a6b8dbad", "OS-SRV-USG:terminated_at": null, "OS-EXT-AZ:availability_zone": "", "user_id": "31537b9904164388b8cf42e99c178ad1", "name": "tempest.common.compute-instance-706358798", "created": "2016-01-08T17:27:47Z", "tenant_id": "1d8a6ef9e064419f89b7ac39c3de8923", "OS-DCF:diskConfig": "MANUAL", "os-extended-volumes:volumes_attached": [], "accessIPv4": "", "accessIPv6": "", "progress": 0, "OS-EXT-STS:power_state": 0, "config_drive": "", "metadata": {}}}
2016-01-08 17:27:49,375 4177 INFO     [tempest_lib.common.rest_client] Request (TestNetworkAdvancedServerOps:test_server_connectivity_pause_unpause): 200 GET http://10.0.2.15:8774/v2.1/1d8a6ef9e064419f89b7ac39c3de8923/servers/e20e8775-4822-4e79-b99c-5fa9a6b8dbad 0.238s
2016-01-08 17:27:49,376 4177 DEBUG    [tempest_lib.common.rest_client] Request - Headers: {'Content-Type': 'application/json', 'Accept': 'application/json', 'X-Auth-Token': '&lt;omitted&gt;'}
        Body: None
    Response - Headers: {'status': '200', 'content-length': '1490', 'content-location': 'http://10.0.2.15:8774/v2.1/1d8a6ef9e064419f89b7ac39c3de8923/servers/e20e8775-4822-4e79-b99c-5fa9a6b8dbad', 'x-compute-request-id': 'req-9e015c83-1a1f-4bce-8070-fcd911fbbf3c', 'vary': 'X-OpenStack-Nova-API-Version', 'connection': 'close', 'x-openstack-nova-api-version': '2.1', 'date': 'Fri, 08 Jan 2016 17:27:49 GMT', 'content-type': 'application/json'}
        Body: {"server": {"status": "BUILD", "updated": "2016-01-08T17:27:48Z", "hostId": "6420bc99edd7084add03a629abd414bad0e76f3bbbe9731e639ad4df", "addresses": {}, "links": [{"href": "http://10.0.2.15:8774/v2.1/1d8a6ef9e064419f89b7ac39c3de8923/servers/e20e8775-4822-4e79-b99c-5fa9a6b8dbad", "rel": "self"}, {"href": "http://10.0.2.15:8774/1d8a6ef9e064419f89b7ac39c3de8923/servers/e20e8775-4822-4e79-b99c-5fa9a6b8dbad", "rel": "bookmark"}], "key_name": "tempest-TestNetworkAdvancedServerOps-1064122807", "image": {"id": "ce75cf28-ea49-4b44-b692-1c4048875a23", "links": [{"href": "http://10.0.2.15:8774/1d8a6ef9e064419f89b7ac39c3de8923/images/ce75cf28-ea49-4b44-b692-1c4048875a23", "rel": "bookmark"}]}, "OS-EXT-STS:task_state": "spawning", "OS-EXT-STS:vm_state": "building", "OS-SRV-USG:launched_at": null, "flavor": {"id": "42", "links": [{"href": "http://10.0.2.15:8774/1d8a6ef9e064419f89b7ac39c3de8923/flavors/42", "rel": "bookmark"}]}, "id": "e20e8775-4822-4e79-b99c-5fa9a6b8dbad", "security_groups": [{"name": "tempest-secgroup-smoke-1127463022"}], "OS-SRV-USG:terminated_at": null, "OS-EXT-AZ:availability_zone": "nova", "user_id": "31537b9904164388b8cf42e99c178ad1", "name": "tempest.common.compute-instance-706358798", "created": "2016-01-08T17:27:47Z", "tenant_id": "1d8a6ef9e064419f89b7ac39c3de8923", "OS-DCF:diskConfig": "MANUAL", "os-extended-volumes:volumes_attached": [], "accessIPv4": "", "accessIPv6": "", "progress": 0, "OS-EXT-STS:power_state": 0, "config_drive": "", "metadata": {}}}
2016-01-08 17:27:49,385 4177 INFO     [tempest.common.waiters] State transition "BUILD/scheduling" ==&gt; "BUILD/spawning" after 1 second wait
2016-01-08 17:27:50,653 4177 INFO     [tempest_lib.common.rest_client] Request (TestNetworkAdvancedServerOps:test_server_connectivity_pause_unpause): 200 GET http://10.0.2.15:8774/v2.1/1d8a6ef9e064419f89b7ac39c3de8923/servers/e20e8775-4822-4e79-b99c-5fa9a6b8dbad 0.265s
2016-01-08 17:27:50,654 4177 DEBUG    [tempest_lib.common.rest_client] Request - Headers: {'Content-Type': 'application/json', 'Accept': 'application/json', 'X-Auth-Token': '&lt;omitted&gt;'}
        Body: None
    Response - Headers: {'status': '200', 'content-length': '1490', 'content-location': 'http://10.0.2.15:8774/v2.1/1d8a6ef9e064419f89b7ac39c3de8923/servers/e20e8775-4822-4e79-b99c-5fa9a6b8dbad', 'x-compute-request-id': 'req-2dd10f8c-e28f-448d-86f8-c229e8d180c0', 'vary': 'X-OpenStack-Nova-API-Version', 'connection': 'close', 'x-openstack-nova-api-version': '2.1', 'date': 'Fri, 08 Jan 2016 17:27:50 GMT', 'content-type': 'application/json'}
        Body: {"server": {"status": "BUILD", "updated": "2016-01-08T17:27:48Z", "hostId": "6420bc99edd7084add03a629abd414bad0e76f3bbbe9731e639ad4df", "addresses": {}, "links": [{"href": "http://10.0.2.15:8774/v2.1/1d8a6ef9e064419f89b7ac39c3de8923/servers/e20e8775-4822-4e79-b99c-5fa9a6b8dbad", "rel": "self"}, {"href": "http://10.0.2.15:8774/1d8a6ef9e064419f89b7ac39c3de8923/servers/e20e8775-4822-4e79-b99c-5fa9a6b8dbad", "rel": "bookmark"}], "key_name": "tempest-TestNetworkAdvancedServerOps-1064122807", "image": {"id": "ce75cf28-ea49-4b44-b692-1c4048875a23", "links": [{"href": "http://10.0.2.15:8774/1d8a6ef9e064419f89b7ac39c3de8923/images/ce75cf28-ea49-4b44-b692-1c4048875a23", "rel": "bookmark"}]}, "OS-EXT-STS:task_state": "spawning", "OS-EXT-STS:vm_state": "building", "OS-SRV-USG:launched_at": null, "flavor": {"id": "42", "links": [{"href": "http://10.0.2.15:8774/1d8a6ef9e064419f89b7ac39c3de8923/flavors/42", "rel": "bookmark"}]}, "id": "e20e8775-4822-4e79-b99c-5fa9a6b8dbad", "security_groups": [{"name": "tempest-secgroup-smoke-1127463022"}], "OS-SRV-USG:terminated_at": null, "OS-EXT-AZ:availability_zone": "nova", "user_id": "31537b9904164388b8cf42e99c178ad1", "name": "tempest.common.compute-instance-706358798", "created": "2016-01-08T17:27:47Z", "tenant_id": "1d8a6ef9e064419f89b7ac39c3de8923", "OS-DCF:diskConfig": "MANUAL", "os-extended-volumes:volumes_attached": [], "accessIPv4": "", "accessIPv6": "", "progress": 0, "OS-EXT-STS:power_state": 0, "config_drive": "", "metadata": {}}}
2016-01-08 17:27:51,863 4177 INFO     [tempest_lib.common.rest_client] Request (TestNetworkAdvancedServerOps:test_server_connectivity_pause_unpause): 200 GET http://10.0.2.15:8774/v2.1/1d8a6ef9e064419f89b7ac39c3de8923/servers/e20e8775-4822-4e79-b99c-5fa9a6b8dbad 0.194s
2016-01-08 17:27:51,863 4177 DEBUG    [tempest_lib.common.rest_client] Request - Headers: {'Content-Type': 'application/json', 'Accept': 'application/json', 'X-Auth-Token': '&lt;omitted&gt;'}
        Body: None
    Response - Headers: {'status': '200', 'content-length': '1661', 'content-location': 'http://10.0.2.15:8774/v2.1/1d8a6ef9e064419f89b7ac39c3de8923/servers/e20e8775-4822-4e79-b99c-5fa9a6b8dbad', 'x-compute-request-id': 'req-e1eec185-feb7-4ed3-9677-8edfe97c9915', 'vary': 'X-OpenStack-Nova-API-Version', 'connection': 'close', 'x-openstack-nova-api-version': '2.1', 'date': 'Fri, 08 Jan 2016 17:27:51 GMT', 'content-type': 'application/json'}
        Body: {"server": {"status": "ACTIVE", "updated": "2016-01-08T17:27:51Z", "hostId": "6420bc99edd7084add03a629abd414bad0e76f3bbbe9731e639ad4df", "addresses": {"tempest-network-smoke--220777683": [{"OS-EXT-IPS-MAC:mac_addr": "fa:16:3e:03:cb:23", "version": 4, "addr": "10.100.0.3", "OS-EXT-IPS:type": "fixed"}]}, "links": [{"href": "http://10.0.2.15:8774/v2.1/1d8a6ef9e064419f89b7ac39c3de8923/servers/e20e8775-4822-4e79-b99c-5fa9a6b8dbad", "rel": "self"}, {"href": "http://10.0.2.15:8774/1d8a6ef9e064419f89b7ac39c3de8923/servers/e20e8775-4822-4e79-b99c-5fa9a6b8dbad", "rel": "bookmark"}], "key_name": "tempest-TestNetworkAdvancedServerOps-1064122807", "image": {"id": "ce75cf28-ea49-4b44-b692-1c4048875a23", "links": [{"href": "http://10.0.2.15:8774/1d8a6ef9e064419f89b7ac39c3de8923/images/ce75cf28-ea49-4b44-b692-1c4048875a23", "rel": "bookmark"}]}, "OS-EXT-STS:task_state": null, "OS-EXT-STS:vm_state": "active", "OS-SRV-USG:launched_at": "2016-01-08T17:27:51.000000", "flavor": {"id": "42", "links": [{"href": "http://10.0.2.15:8774/1d8a6ef9e064419f89b7ac39c3de8923/flavors/42", "rel": "bookmark"}]}, "id": "e20e8775-4822-4e79-b99c-5fa9a6b8dbad", "security_groups": [{"name": "tempest-secgroup-smoke-1127463022"}], "OS-SRV-USG:terminated_at": null, "OS-EXT-AZ:availability_zone": "nova", "user_id": "31537b9904164388b8cf42e99c178ad1", "name": "tempest.common.compute-instance-706358798", "created": "2016-01-08T17:27:47Z", "tenant_id": "1d8a6ef9e064419f89b7ac39c3de8923", "OS-DCF:diskConfig": "MANUAL", "os-extended-volumes:volumes_attached": [], "accessIPv4": "", "accessIPv6": "", "progress": 0, "OS-EXT-STS:power_state": 1, "config_drive": "True", "metadata": {}}}
2016-01-08 17:27:51,872 4177 INFO     [tempest.common.waiters] State transition "BUILD/spawning" ==&gt; "ACTIVE/None" after 3 second wait
2016-01-08 17:27:52,065 4177 INFO     [tempest_lib.common.rest_client] Request (TestNetworkAdvancedServerOps:test_server_connectivity_pause_unpause): 200 GET http://10.0.2.15:8774/v2.1/1d8a6ef9e064419f89b7ac39c3de8923/servers/e20e8775-4822-4e79-b99c-5fa9a6b8dbad 0.192s
2016-01-08 17:27:52,065 4177 DEBUG    [tempest_lib.common.rest_client] Request - Headers: {'Content-Type': 'application/json', 'Accept': 'application/json', 'X-Auth-Token': '&lt;omitted&gt;'}
        Body: None
    Response - Headers: {'status': '200', 'content-length': '1661', 'content-location': 'http://10.0.2.15:8774/v2.1/1d8a6ef9e064419f89b7ac39c3de8923/servers/e20e8775-4822-4e79-b99c-5fa9a6b8dbad', 'x-compute-request-id': 'req-525ccc3f-0521-4bfa-83c4-51c1ea962f1c', 'vary': 'X-OpenStack-Nova-API-Version', 'connection': 'close', 'x-openstack-nova-api-version': '2.1', 'date': 'Fri, 08 Jan 2016 17:27:52 GMT', 'content-type': 'application/json'}
        Body: {"server": {"status": "ACTIVE", "updated": "2016-01-08T17:27:51Z", "hostId": "6420bc99edd7084add03a629abd414bad0e76f3bbbe9731e639ad4df", "addresses": {"tempest-network-smoke--220777683": [{"OS-EXT-IPS-MAC:mac_addr": "fa:16:3e:03:cb:23", "version": 4, "addr": "10.100.0.3", "OS-EXT-IPS:type": "fixed"}]}, "links": [{"href": "http://10.0.2.15:8774/v2.1/1d8a6ef9e064419f89b7ac39c3de8923/servers/e20e8775-4822-4e79-b99c-5fa9a6b8dbad", "rel": "self"}, {"href": "http://10.0.2.15:8774/1d8a6ef9e064419f89b7ac39c3de8923/servers/e20e8775-4822-4e79-b99c-5fa9a6b8dbad", "rel": "bookmark"}], "key_name": "tempest-TestNetworkAdvancedServerOps-1064122807", "image": {"id": "ce75cf28-ea49-4b44-b692-1c4048875a23", "links": [{"href": "http://10.0.2.15:8774/1d8a6ef9e064419f89b7ac39c3de8923/images/ce75cf28-ea49-4b44-b692-1c4048875a23", "rel": "bookmark"}]}, "OS-EXT-STS:task_state": null, "OS-EXT-STS:vm_state": "active", "OS-SRV-USG:launched_at": "2016-01-08T17:27:51.000000", "flavor": {"id": "42", "links": [{"href": "http://10.0.2.15:8774/1d8a6ef9e064419f89b7ac39c3de8923/flavors/42", "rel": "bookmark"}]}, "id": "e20e8775-4822-4e79-b99c-5fa9a6b8dbad", "security_groups": [{"name": "tempest-secgroup-smoke-1127463022"}], "OS-SRV-USG:terminated_at": null, "OS-EXT-AZ:availability_zone": "nova", "user_id": "31537b9904164388b8cf42e99c178ad1", "name": "tempest.common.compute-instance-706358798", "created": "2016-01-08T17:27:47Z", "tenant_id": "1d8a6ef9e064419f89b7ac39c3de8923", "OS-DCF:diskConfig": "MANUAL", "os-extended-volumes:volumes_attached": [], "accessIPv4": "", "accessIPv6": "", "progress": 0, "OS-EXT-STS:power_state": 1, "config_drive": "True", "metadata": {}}}
2016-01-08 17:27:52,234 4177 INFO     [tempest_lib.common.rest_client] Request (TestNetworkAdvancedServerOps:test_server_connectivity_pause_unpause): 200 GET http://10.0.2.15:9696/v2.0/ports?status=ACTIVE&amp;fixed_ip=None&amp;device_id=e20e8775-4822-4e79-b99c-5fa9a6b8dbad 0.160s
2016-01-08 17:27:52,234 4177 DEBUG    [tempest_lib.common.rest_client] Request - Headers: {'Content-Type': 'application/json', 'Accept': 'application/json', 'X-Auth-Token': '&lt;omitted&gt;'}
        Body: None
    Response - Headers: {'status': '200', 'content-length': '895', 'content-location': 'http://10.0.2.15:9696/v2.0/ports?status=ACTIVE&amp;fixed_ip=None&amp;device_id=e20e8775-4822-4e79-b99c-5fa9a6b8dbad', 'connection': 'close', 'date': 'Fri, 08 Jan 2016 17:27:52 GMT', 'content-type': 'application/json; charset=UTF-8', 'x-openstack-request-id': 'req-035f7ec7-ad97-4021-aef5-feda56a11147'}
        Body: {"ports": [{"status": "ACTIVE", "binding:host_id": "vagrant-ubuntu-trusty-64", "allowed_address_pairs": [], "extra_dhcp_opts": [], "dns_assignment": [{"hostname": "host-10-100-0-3", "ip_address": "10.100.0.3", "fqdn": "host-10-100-0-3.openstacklocal."}], "device_owner": "compute:None", "port_security_enabled": true, "binding:profile": {}, "fixed_ips": [{"subnet_id": "54cabc3a-6c97-4a62-9950-859f3e42c780", "ip_address": "10.100.0.3"}], "id": "b15d44d9-d969-48d6-bab7-78e609ed90a7", "security_groups": ["fb5b10bb-de7b-451f-8496-4d6ba917adf7"], "device_id": "e20e8775-4822-4e79-b99c-5fa9a6b8dbad", "name": "", "admin_state_up": true, "network_id": "f28b5627-bf55-4fc2-93d8-45de9c11bf3a", "dns_name": "", "binding:vif_details": {"port_filter": true}, "binding:vnic_type": "normal", "binding:vif_type": "ovs", "tenant_id": "1d8a6ef9e064419f89b7ac39c3de8923", "mac_address": "fa:16:3e:03:cb:23"}]}
2016-01-08 17:27:52,768 4177 INFO     [tempest_lib.common.rest_client] Request (TestNetworkAdvancedServerOps:test_server_connectivity_pause_unpause): 201 POST http://10.0.2.15:9696/v2.0/floatingips 0.533s
2016-01-08 17:27:52,768 4177 DEBUG    [tempest_lib.common.rest_client] Request - Headers: {'Content-Type': 'application/json', 'Accept': 'application/json', 'X-Auth-Token': '&lt;omitted&gt;'}
        Body: {"floatingip": {"floating_network_id": "7e62914c-7249-41eb-a0df-9ce7768c94f1", "tenant_id": "1d8a6ef9e064419f89b7ac39c3de8923", "fixed_ip_address": "10.100.0.3", "port_id": "b15d44d9-d969-48d6-bab7-78e609ed90a7"}}
    Response - Headers: {'status': '201', 'content-length': '367', 'connection': 'close', 'date': 'Fri, 08 Jan 2016 17:27:52 GMT', 'content-type': 'application/json; charset=UTF-8', 'x-openstack-request-id': 'req-58ccf70d-f64d-4b86-83c6-55fa47650659'}
        Body: {"floatingip": {"floating_network_id": "7e62914c-7249-41eb-a0df-9ce7768c94f1", "router_id": "35948ae5-51f3-4eab-b8df-1f30dc73de7a", "fixed_ip_address": "10.100.0.3", "floating_ip_address": "172.24.4.4", "tenant_id": "1d8a6ef9e064419f89b7ac39c3de8923", "status": "DOWN", "port_id": "b15d44d9-d969-48d6-bab7-78e609ed90a7", "id": "a563e838-221f-4ac9-a7ec-a6a74f0efb6a"}}
2016-01-08 17:27:53,051 4177 INFO     [tempest_lib.common.rest_client] Request (TestNetworkAdvancedServerOps:test_server_connectivity_pause_unpause): 200 GET http://10.0.2.15:8774/v2.1/1d8a6ef9e064419f89b7ac39c3de8923/servers/e20e8775-4822-4e79-b99c-5fa9a6b8dbad 0.282s
2016-01-08 17:27:53,051 4177 DEBUG    [tempest_lib.common.rest_client] Request - Headers: {'Content-Type': 'application/json', 'Accept': 'application/json', 'X-Auth-Token': '&lt;omitted&gt;'}
        Body: None
    Response - Headers: {'status': '200', 'content-length': '1661', 'content-location': 'http://10.0.2.15:8774/v2.1/1d8a6ef9e064419f89b7ac39c3de8923/servers/e20e8775-4822-4e79-b99c-5fa9a6b8dbad', 'x-compute-request-id': 'req-5e4fd9bd-1f7f-4b2e-a3cd-91b12c73f9a2', 'vary': 'X-OpenStack-Nova-API-Version', 'connection': 'close', 'x-openstack-nova-api-version': '2.1', 'date': 'Fri, 08 Jan 2016 17:27:53 GMT', 'content-type': 'application/json'}
        Body: {"server": {"status": "ACTIVE", "updated": "2016-01-08T17:27:51Z", "hostId": "6420bc99edd7084add03a629abd414bad0e76f3bbbe9731e639ad4df", "addresses": {"tempest-network-smoke--220777683": [{"OS-EXT-IPS-MAC:mac_addr": "fa:16:3e:03:cb:23", "version": 4, "addr": "10.100.0.3", "OS-EXT-IPS:type": "fixed"}]}, "links": [{"href": "http://10.0.2.15:8774/v2.1/1d8a6ef9e064419f89b7ac39c3de8923/servers/e20e8775-4822-4e79-b99c-5fa9a6b8dbad", "rel": "self"}, {"href": "http://10.0.2.15:8774/1d8a6ef9e064419f89b7ac39c3de8923/servers/e20e8775-4822-4e79-b99c-5fa9a6b8dbad", "rel": "bookmark"}], "key_name": "tempest-TestNetworkAdvancedServerOps-1064122807", "image": {"id": "ce75cf28-ea49-4b44-b692-1c4048875a23", "links": [{"href": "http://10.0.2.15:8774/1d8a6ef9e064419f89b7ac39c3de8923/images/ce75cf28-ea49-4b44-b692-1c4048875a23", "rel": "bookmark"}]}, "OS-EXT-STS:task_state": null, "OS-EXT-STS:vm_state": "active", "OS-SRV-USG:launched_at": "2016-01-08T17:27:51.000000", "flavor": {"id": "42", "links": [{"href": "http://10.0.2.15:8774/1d8a6ef9e064419f89b7ac39c3de8923/flavors/42", "rel": "bookmark"}]}, "id": "e20e8775-4822-4e79-b99c-5fa9a6b8dbad", "security_groups": [{"name": "tempest-secgroup-smoke-1127463022"}], "OS-SRV-USG:terminated_at": null, "OS-EXT-AZ:availability_zone": "nova", "user_id": "31537b9904164388b8cf42e99c178ad1", "name": "tempest.common.compute-instance-706358798", "created": "2016-01-08T17:27:47Z", "tenant_id": "1d8a6ef9e064419f89b7ac39c3de8923", "OS-DCF:diskConfig": "MANUAL", "os-extended-volumes:volumes_attached": [], "accessIPv4": "", "accessIPv6": "", "progress": 0, "OS-EXT-STS:power_state": 1, "config_drive": "True", "metadata": {}}}
2016-01-08 17:27:53,060 4177 INFO     [tempest.scenario.manager] Tenant networks not configured to be reachable.
2016-01-08 17:27:53,073 4177 INFO     [tempest_lib.common.rest_client] Request (TestNetworkAdvancedServerOps:test_server_connectivity_pause_unpause): 200 GET http://10.0.2.15:9696/v2.0/floatingips/a563e838-221f-4ac9-a7ec-a6a74f0efb6a 0.013s
2016-01-08 17:27:53,074 4177 DEBUG    [tempest_lib.common.rest_client] Request - Headers: {'Content-Type': 'application/json', 'Accept': 'application/json', 'X-Auth-Token': '&lt;omitted&gt;'}
        Body: None
    Response - Headers: {'status': '200', 'content-length': '367', 'content-location': 'http://10.0.2.15:9696/v2.0/floatingips/a563e838-221f-4ac9-a7ec-a6a74f0efb6a', 'connection': 'close', 'date': 'Fri, 08 Jan 2016 17:27:53 GMT', 'content-type': 'application/json; charset=UTF-8', 'x-openstack-request-id': 'req-97d44514-8874-4e6b-b5bc-a6e441a3e7a9'}
        Body: {"floatingip": {"floating_network_id": "7e62914c-7249-41eb-a0df-9ce7768c94f1", "router_id": "35948ae5-51f3-4eab-b8df-1f30dc73de7a", "fixed_ip_address": "10.100.0.3", "floating_ip_address": "172.24.4.4", "tenant_id": "1d8a6ef9e064419f89b7ac39c3de8923", "status": "DOWN", "port_id": "b15d44d9-d969-48d6-bab7-78e609ed90a7", "id": "a563e838-221f-4ac9-a7ec-a6a74f0efb6a"}}
2016-01-08 17:27:54,088 4177 INFO     [tempest_lib.common.rest_client] Request (TestNetworkAdvancedServerOps:test_server_connectivity_pause_unpause): 200 GET http://10.0.2.15:9696/v2.0/floatingips/a563e838-221f-4ac9-a7ec-a6a74f0efb6a 0.013s
2016-01-08 17:27:54,088 4177 DEBUG    [tempest_lib.common.rest_client] Request - Headers: {'Content-Type': 'application/json', 'Accept': 'application/json', 'X-Auth-Token': '&lt;omitted&gt;'}
        Body: None
    Response - Headers: {'status': '200', 'content-length': '369', 'content-location': 'http://10.0.2.15:9696/v2.0/floatingips/a563e838-221f-4ac9-a7ec-a6a74f0efb6a', 'connection': 'close', 'date': 'Fri, 08 Jan 2016 17:27:54 GMT', 'content-type': 'application/json; charset=UTF-8', 'x-openstack-request-id': 'req-227f6516-c009-4558-801a-3f330506a89a'}
        Body: {"floatingip": {"floating_network_id": "7e62914c-7249-41eb-a0df-9ce7768c94f1", "router_id": "35948ae5-51f3-4eab-b8df-1f30dc73de7a", "fixed_ip_address": "10.100.0.3", "floating_ip_address": "172.24.4.4", "tenant_id": "1d8a6ef9e064419f89b7ac39c3de8923", "status": "ACTIVE", "port_id": "b15d44d9-d969-48d6-bab7-78e609ed90a7", "id": "a563e838-221f-4ac9-a7ec-a6a74f0efb6a"}}
2016-01-08 17:27:54,088 4177 INFO     [tempest.scenario.manager] FloatingIP: &lt;"FloatingIP" addr="172.24.4.4" id="a563e838-221f-4ac9-a7ec-a6a74f0efb6a"&gt; is at status: ACTIVE
2016-01-08 17:27:54,089 4177 DEBUG    [tempest.scenario.manager] checking network connections to IP 172.24.4.4 with user: cirros
2016-01-08 17:27:54,089 4177 DEBUG    [tempest.scenario.manager] TestNetworkAdvancedServerOps:test_server_connectivity_pause_unpause begins to ping 172.24.4.4 in 120 sec and the expected result is reachable
2016-01-08 17:29:54,352 4177 DEBUG    [tempest.scenario.manager] TestNetworkAdvancedServerOps:test_server_connectivity_pause_unpause finishes ping 172.24.4.4 in 120 sec and the ping result is unexpected
2016-01-08 17:29:54,353 4177 ERROR    [tempest.scenario.manager] Public network connectivity check failed
2016-01-08 17:29:54.353 4177 ERROR tempest.scenario.manager Traceback (most recent call last):
2016-01-08 17:29:54.353 4177 ERROR tempest.scenario.manager   File "tempest/scenario/manager.py", line 606, in check_public_network_connectivity
2016-01-08 17:29:54.353 4177 ERROR tempest.scenario.manager     should_connect=should_connect)
2016-01-08 17:29:54.353 4177 ERROR tempest.scenario.manager   File "tempest/scenario/manager.py", line 590, in check_vm_connectivity
2016-01-08 17:29:54.353 4177 ERROR tempest.scenario.manager     msg=msg)
2016-01-08 17:29:54.353 4177 ERROR tempest.scenario.manager   File "/usr/local/lib/python2.7/dist-packages/unittest2/case.py", line 702, in assertTrue
2016-01-08 17:29:54.353 4177 ERROR tempest.scenario.manager     raise self.failureException(msg)
2016-01-08 17:29:54.353 4177 ERROR tempest.scenario.manager AssertionError: False is not true : Timed out waiting for 172.24.4.4 to become reachable
2016-01-08 17:29:54.353 4177 ERROR tempest.scenario.manager 
2016-01-08 17:29:54,666 4177 INFO     [tempest_lib.common.rest_client] Request (TestNetworkAdvancedServerOps:test_server_connectivity_pause_unpause): 200 POST http://10.0.2.15:8774/v2.1/1d8a6ef9e064419f89b7ac39c3de8923/servers/e20e8775-4822-4e79-b99c-5fa9a6b8dbad/action 0.310s
2016-01-08 17:29:54,667 4177 DEBUG    [tempest_lib.common.rest_client] Request - Headers: {'Content-Type': 'application/json', 'Accept': 'application/json', 'X-Auth-Token': '&lt;omitted&gt;'}
        Body: {"os-getConsoleOutput": {}}
    Response - Headers: {'status': '200', 'content-length': '17428', 'x-compute-request-id': 'req-7170d5fe-f173-47fb-8cd8-a71d6f0d8e4f', 'vary': 'X-OpenStack-Nova-API-Version', 'connection': 'close', 'x-openstack-nova-api-version': '2.1', 'date': 'Fri, 08 Jan 2016 17:29:54 GMT', 'content-type': 'application/json'}
        Body: {"output": "[    0.000000] Initializing cgroup subsys cpuset\n[    0.000000] Initializing cgroup subsys cpu\n[    0.000000] Linux version 3.2.0-80-virtual (buildd@batsu) (gcc version 4.6.3 (Ubuntu/Linaro 4.6.3-1ubuntu5) ) #116-Ubuntu SMP Mon Mar 23 17:28:52 UTC 2015 (Ubuntu 3.2.0-80.116-virtual 3.2.68)\n[    0.000000] Command line: root=/dev/vda console=tty0 console=ttyS0 no_timer_check\n[    0.000000] KERNEL supported cpus:\n[    0.000000]   Intel GenuineIntel\n[    0.000000]   AMD AuthenticAMD\n[    0.000000]   Centaur CentaurHauls\n[    0.000000] BIOS-provided physical RAM map:\n[    0.000000]  BIOS-e820: 0000000000000000 - 000000000009fc00 (usable)\n[    0.000000]  BIOS-e820: 000000000009fc00 - 00000000000a0000 (reserved)\n[    0.000000]  BIOS-e820: 00000000000f0000 - 0000000000100000 (reserved)\n[    0.000000]  BIOS-e820: 0000000000100000 - 0000000003ffe000 (usable)\n[    0.000000]  BIOS-e820: 0000000003ffe000 - 0000000004000000 (reserved)\n[    0.000000]  BIOS-e820: 00000000fffc0000 - 0000000100000000 (reserved)\n[    0.000000] NX (Execute Disable) protection: active\n[    0.000000] SMBIOS 2.4 present.\n[    0.000000] No AGP bridge found\n[    0.000000] last_pfn = 0x3ffe max_arch_pfn = 0x400000000\n[    0.000000] x86 PAT enabled: cpu 0, old 0x7040600070406, new 0x7010600070106\n[    0.000000] found SMP MP-table at [ffff8800000f0b00] f0b00\n[    0.000000] init_memory_mapping: 0000000000000000-0000000003ffe000\n[    0.000000] RAMDISK: 03c5e000 - 03ff0000\n[    0.000000] ACPI: RSDP 00000000000f0950 00014 (v00 BOCHS )\n[    0.000000] ACPI: RSDT 0000000003fffbc1 00034 (v01 BOCHS  BXPCRSDT 00000001 BXPC 00000001)\n[    0.000000] ACPI: FACP 0000000003fff1c0 00074 (v01 BOCHS  BXPCFACP 00000001 BXPC 00000001)\n[    0.000000] ACPI: DSDT 0000000003ffe040 01180 (v01 BOCHS  BXPCDSDT 00000001 BXPC 00000001)\n[    0.000000] ACPI: FACS 0000000003ffe000 00040\n[    0.000000] ACPI: SSDT 0000000003fff234 008DD (v01 BOCHS  BXPCSSDT 00000001 BXPC 00000001)\n[    0.000000] ACPI: APIC 0000000003fffb11 00078 (v01 BOCHS  BXPCAPIC 00000001 BXPC 00000001)\n[    0.000000] ACPI: HPET 0000000003fffb89 00038 (v01 BOCHS  BXPCHPET 00000001 BXPC 00000001)\n[    0.000000] No NUMA configuration found\n[    0.000000] Faking a node at 0000000000000000-0000000003ffe000\n[    0.000000] Initmem setup node 0 0000000000000000-0000000003ffe000\n[    0.000000]   NODE_DATA [0000000003ff6000 - 0000000003ffafff]\n[    0.000000] Zone PFN ranges:\n[    0.000000]   DMA      0x00000010 -&gt; 0x00001000\n[    0.000000]   DMA32    0x00001000 -&gt; 0x00100000\n[    0.000000]   Normal   empty\n[    0.000000] Movable zone start PFN for each node\n[    0.000000] early_node_map[2] active PFN ranges\n[    0.000000]     0: 0x00000010 -&gt; 0x0000009f\n[    0.000000]     0: 0x00000100 -&gt; 0x00003ffe\n[    0.000000] ACPI: PM-Timer IO Port: 0xb008\n[    0.000000] ACPI: LAPIC (acpi_id[0x00] lapic_id[0x00] enabled)\n[    0.000000] ACPI: LAPIC_NMI (acpi_id[0xff] dfl dfl lint[0x1])\n[    0.000000] ACPI: IOAPIC (id[0x00] address[0xfec00000] gsi_base[0])\n[    0.000000] IOAPIC[0]: apic_id 0, version 17, address 0xfec00000, GSI 0-23\n[    0.000000] ACPI: INT_SRC_OVR (bus 0 bus_irq 0 global_irq 2 dfl dfl)\n[    0.000000] ACPI: INT_SRC_OVR (bus 0 bus_irq 5 global_irq 5 high level)\n[    0.000000] ACPI: INT_SRC_OVR (bus 0 bus_irq 9 global_irq 9 high level)\n[    0.000000] ACPI: INT_SRC_OVR (bus 0 bus_irq 10 global_irq 10 high level)\n[    0.000000] ACPI: INT_SRC_OVR (bus 0 bus_irq 11 global_irq 11 high level)\n[    0.000000] Using ACPI (MADT) for SMP configuration information\n[    0.000000] ACPI: HPET id: 0x8086a201 base: 0xfed00000\n[    0.000000] SMP: Allowing 1 CPUs, 0 hotplug CPUs\n[    0.000000] PM: Registered nosave memory: 000000000009f000 - 00000000000a0000\n[    0.000000] PM: Registered nosave memory: 00000000000a0000 - 00000000000f0000\n[    0.000000] PM: Registered nosave memory: 00000000000f0000 - 0000000000100000\n[    0.000000] Allocating PCI resources starting at 4000000 (gap: 4000000:fbfc0000)\n[    0.000000] Booting paravirtualized kernel on bare hardware\n[    0.000000] setup_pe
2016-01-08 17:29:54,671 4177 DEBUG    [tempest.scenario.manager] Console output for e20e8775-4822-4e79-b99c-5fa9a6b8dbad
body=
[    0.000000] Initializing cgroup subsys cpuset
[    0.000000] Initializing cgroup subsys cpu
[    0.000000] Linux version 3.2.0-80-virtual (buildd@batsu) (gcc version 4.6.3 (Ubuntu/Linaro 4.6.3-1ubuntu5) ) #116-Ubuntu SMP Mon Mar 23 17:28:52 UTC 2015 (Ubuntu 3.2.0-80.116-virtual 3.2.68)
[    0.000000] Command line: root=/dev/vda console=tty0 console=ttyS0 no_timer_check
[    0.000000] KERNEL supported cpus:
[    0.000000]   Intel GenuineIntel
[    0.000000]   AMD AuthenticAMD
[    0.000000]   Centaur CentaurHauls
[    0.000000] BIOS-provided physical RAM map:
[    0.000000]  BIOS-e820: 0000000000000000 - 000000000009fc00 (usable)
[    0.000000]  BIOS-e820: 000000000009fc00 - 00000000000a0000 (reserved)
[    0.000000]  BIOS-e820: 00000000000f0000 - 0000000000100000 (reserved)
[    0.000000]  BIOS-e820: 0000000000100000 - 0000000003ffe000 (usable)
[    0.000000]  BIOS-e820: 0000000003ffe000 - 0000000004000000 (reserved)
[    0.000000]  BIOS-e820: 00000000fffc0000 - 0000000100000000 (reserved)
[    0.000000] NX (Execute Disable) protection: active
[    0.000000] SMBIOS 2.4 present.
[    0.000000] No AGP bridge found
[    0.000000] last_pfn = 0x3ffe max_arch_pfn = 0x400000000
[    0.000000] x86 PAT enabled: cpu 0, old 0x7040600070406, new 0x7010600070106
[    0.000000] found SMP MP-table at [ffff8800000f0b00] f0b00
[    0.000000] init_memory_mapping: 0000000000000000-0000000003ffe000
[    0.000000] RAMDISK: 03c5e000 - 03ff0000
[    0.000000] ACPI: RSDP 00000000000f0950 00014 (v00 BOCHS )
[    0.000000] ACPI: RSDT 0000000003fffbc1 00034 (v01 BOCHS  BXPCRSDT 00000001 BXPC 00000001)
[    0.000000] ACPI: FACP 0000000003fff1c0 00074 (v01 BOCHS  BXPCFACP 00000001 BXPC 00000001)
[    0.000000] ACPI: DSDT 0000000003ffe040 01180 (v01 BOCHS  BXPCDSDT 00000001 BXPC 00000001)
[    0.000000] ACPI: FACS 0000000003ffe000 00040
[    0.000000] ACPI: SSDT 0000000003fff234 008DD (v01 BOCHS  BXPCSSDT 00000001 BXPC 00000001)
[    0.000000] ACPI: APIC 0000000003fffb11 00078 (v01 BOCHS  BXPCAPIC 00000001 BXPC 00000001)
[    0.000000] ACPI: HPET 0000000003fffb89 00038 (v01 BOCHS  BXPCHPET 00000001 BXPC 00000001)
[    0.000000] No NUMA configuration found
[    0.000000] Faking a node at 0000000000000000-0000000003ffe000
[    0.000000] Initmem setup node 0 0000000000000000-0000000003ffe000
[    0.000000]   NODE_DATA [0000000003ff6000 - 0000000003ffafff]
[    0.000000] Zone PFN ranges:
[    0.000000]   DMA      0x00000010 -&gt; 0x00001000
[    0.000000]   DMA32    0x00001000 -&gt; 0x00100000
[    0.000000]   Normal   empty
[    0.000000] Movable zone start PFN for each node
[    0.000000] early_node_map[2] active PFN ranges
[    0.000000]     0: 0x00000010 -&gt; 0x0000009f
[    0.000000]     0: 0x00000100 -&gt; 0x00003ffe
[    0.000000] ACPI: PM-Timer IO Port: 0xb008
[    0.000000] ACPI: LAPIC (acpi_id[0x00] lapic_id[0x00] enabled)
[    0.000000] ACPI: LAPIC_NMI (acpi_id[0xff] dfl dfl lint[0x1])
[    0.000000] ACPI: IOAPIC (id[0x00] address[0xfec00000] gsi_base[0])
[    0.000000] IOAPIC[0]: apic_id 0, version 17, address 0xfec00000, GSI 0-23
[    0.000000] ACPI: INT_SRC_OVR (bus 0 bus_irq 0 global_irq 2 dfl dfl)
[    0.000000] ACPI: INT_SRC_OVR (bus 0 bus_irq 5 global_irq 5 high level)
[    0.000000] ACPI: INT_SRC_OVR (bus 0 bus_irq 9 global_irq 9 high level)
[    0.000000] ACPI: INT_SRC_OVR (bus 0 bus_irq 10 global_irq 10 high level)
[    0.000000] ACPI: INT_SRC_OVR (bus 0 bus_irq 11 global_irq 11 high level)
[    0.000000] Using ACPI (MADT) for SMP configuration information
[    0.000000] ACPI: HPET id: 0x8086a201 base: 0xfed00000
[    0.000000] SMP: Allowing 1 CPUs, 0 hotplug CPUs
[    0.000000] PM: Registered nosave memory: 000000000009f000 - 00000000000a0000
[    0.000000] PM: Registered nosave memory: 00000000000a0000 - 00000000000f0000
[    0.000000] PM: Registered nosave memory: 00000000000f0000 - 0000000000100000
[    0.000000] Allocating PCI resources starting at 4000000 (gap: 4000000:fbfc0000)
[    0.000000] Booting paravirtualized kernel on bare hardware
[    0.000000] setup_percpu: NR_CPUS:64 nr_cpumask_bits:64 nr_cpu_ids:1 nr_node_ids:1
[    0.000000] PERCPU: Embedded 27 pages/cpu @ffff880003a00000 s78848 r8192 d23552 u2097152
[    0.000000] Built 1 zonelists in Node order, mobility grouping on.  Total pages: 16008
[    0.000000] Policy zone: DMA32
[    0.000000] Kernel command line: root=/dev/vda console=tty0 console=ttyS0 no_timer_check
[    0.000000] PID hash table entries: 256 (order: -1, 2048 bytes)
[    0.000000] Checking aperture...
[    0.000000] No AGP bridge found
[    0.000000] Memory: 43492k/65528k available (6576k kernel code, 452k absent, 21584k reserved, 6620k data, 928k init)
[    0.000000] SLUB: Genslabs=15, HWalign=64, Order=0-3, MinObjects=0, CPUs=1, Nodes=1
[    0.000000] Hierarchical RCU implementation.
[    0.000000] 	RCU dyntick-idle grace-period acceleration is enabled.
[    0.000000] NR_IRQS:4352 nr_irqs:256 16
[    0.000000] Console: colour VGA+ 80x25
[    0.000000] console [tty0] enabled
[    0.000000] console [ttyS0] enabled
[    0.000000] allocated 1048576 bytes of page_cgroup
[    0.000000] please try 'cgroup_disable=memory' option if you don't want memory cgroups
[    0.000000] Fast TSC calibration failed
[    0.000000] TSC: Unable to calibrate against PIT
[    0.000000] TSC: using HPET reference calibration
[    0.000000] Detected 2291.181 MHz processor.
[    0.033634] Calibrating delay loop (skipped), value calculated using timer frequency.. 4582.36 BogoMIPS (lpj=9164724)
[    0.035565] pid_max: default: 32768 minimum: 301
[    0.041782] Security Framework initialized
[    0.046127] AppArmor: AppArmor initialized
[    0.046944] Yama: becoming mindful.
[    0.054346] Dentry cache hash table entries: 8192 (order: 4, 65536 bytes)
[    0.056615] Inode-cache hash table entries: 4096 (order: 3, 32768 bytes)
[    0.058028] Mount-cache hash table entries: 256
[    0.075002] Initializing cgroup subsys cpuacct
[    0.076386] Initializing cgroup subsys memory
[    0.077841] Initializing cgroup subsys devices
[    0.078642] Initializing cgroup subsys freezer
[    0.080161] Initializing cgroup subsys blkio
[    0.080869] Initializing cgroup subsys perf_event
[    0.086323] mce: CPU supports 10 MCE banks
[    0.089928] SMP alternatives: switching to UP code
[    0.481155] Freeing SMP alternatives: 24k freed
[    0.483087] ACPI: Core revision 20110623
[    0.528480] ftrace: allocating 26610 entries in 105 pages
[    0.562840] ..TIMER: vector=0x30 apic1=0 pin1=2 apic2=-1 pin2=-1
[    0.564271] CPU0: AMD QEMU Virtual CPU version 2.0.0 stepping 03
[    0.568034] Performance Events: Broken PMU hardware detected, using software events only.
[    0.575503] NMI watchdog disabled (cpu0): hardware events not enabled
[    0.576541] Brought up 1 CPUs
[    0.577182] Total of 1 processors activated (4582.36 BogoMIPS).
[    0.602248] devtmpfs: initialized
[    0.632038] EVM: security.selinux
[    0.632094] EVM: security.SMACK64
[    0.632539] EVM: security.capability
[    0.653603] print_constraints: dummy: 
[    0.655391] RTC time: 17:27:54, date: 01/08/16
[    0.658707] NET: Registered protocol family 16
[    0.667453] ACPI: bus type pci registered
[    0.672248] PCI: Using configuration type 1 for base access
[    0.696826] bio: create slab &lt;bio-0&gt; at 0
[    0.703431] ACPI: Added _OSI(Module Device)
[    0.704160] ACPI: Added _OSI(Processor Device)
[    0.704777] ACPI: Added _OSI(3.0 _SCP Extensions)
[    0.705482] ACPI: Added _OSI(Processor Aggregator Device)
[    0.778065] ACPI: Interpreter enabled
[    0.778746] ACPI: (supports S0 S3 S4 S5)
[    0.781338] ACPI: Using IOAPIC for interrupt routing
[    0.854332] ACPI: No dock devices found.
[    0.855023] HEST: Table not found.
[    0.856232] PCI: Using host bridge windows from ACPI; if necessary, use "pci=nocrs" and report a bug
[    0.862113] ACPI: PCI Root Bridge [PCI0] (domain 0000 [bus 00-ff])
[    0.868445] pci_root PNP0A03:00: host bridge window [io  0x0000-0x0cf7]
[    0.869939] pci_root PNP0A03:00: host bridge window [io  0x0d00-0xadff]
[    0.872108] pci_root PNP0A03:00: host bridge window [io  0xae0f-0xaeff]
[    0.873350] pci_root PNP0A03:00: host bridge window [io  0xaf20-0xafdf]
[    0.874813] pci_root PNP0A03:00: host bridge window [io  0xafe4-0xffff]
[    0.876312] pci_root PNP0A03:00: host bridge window [mem 0x000a0000-0x000bffff]
[    0.877275] pci_root PNP0A03:00: host bridge window [mem 0x04000000-0xfebfffff]
[    0.901995] pci 0000:00:01.3: quirk: [io  0xb000-0xb03f] claimed by PIIX4 ACPI
[    0.903636] pci 0000:00:01.3: quirk: [io  0xb100-0xb10f] claimed by PIIX4 SMB
[    0.975224]  pci0000:00: Unable to request _OSC control (_OSC support mask: 0x1e)
[    1.033280] ACPI: PCI Interrupt Link [LNKA] (IRQs 5 *10 11)
[    1.036459] ACPI: PCI Interrupt Link [LNKB] (IRQs 5 *10 11)
[    1.038267] ACPI: PCI Interrupt Link [LNKC] (IRQs 5 10 *11)
[    1.040481] ACPI: PCI Interrupt Link [LNKD] (IRQs 5 10 *11)
[    1.042100] ACPI: PCI Interrupt Link [LNKS] (IRQs *9)
[    1.047690] vgaarb: device added: PCI:0000:00:02.0,decodes=io+mem,owns=io+mem,locks=none
[    1.048106] vgaarb: loaded
[    1.048495] vgaarb: bridge control possible 0000:00:02.0
[    1.053848] i2c-core: driver [aat2870] using legacy suspend method
[    1.054546] i2c-core: driver [aat2870] using legacy resume method
[    1.057301] SCSI subsystem initialized
[    1.060644] usbcore: registered new interface driver usbfs
[    1.061942] usbcore: registered new interface driver hub
[    1.063153] usbcore: registered new device driver usb
[    1.066586] PCI: Using ACPI for IRQ routing
[    1.077205] NetLabel: Initializing
[    1.077659] NetLabel:  domain hash size = 128
[    1.078206] NetLabel:  protocols = UNLABELED CIPSOv4
[    1.080571] NetLabel:  unlabeled traffic allowed by default
[    1.082521] HPET: 3 timers in total, 0 timers will be used for per-cpu timer
[    1.083506] hpet0: at MMIO 0xfed00000, IRQs 2, 8, 0
[    1.084499] hpet0: 3 comparators, 64-bit 100.000000 MHz counter
[    1.096440] Switching to clocksource hpet
[    1.355460] AppArmor: AppArmor Filesystem Enabled
[    1.358140] pnp: PnP ACPI init
[    1.358812] ACPI: bus type pnp registered
[    1.379771] pnp: PnP ACPI: found 9 devices
[    1.380883] ACPI: ACPI bus type pnp unregistered
[    1.441629] NET: Registered protocol family 2
[    1.474528] IP route cache hash table entries: 512 (order: 0, 4096 bytes)
[    1.481964] TCP established hash table entries: 2048 (order: 3, 32768 bytes)
[    1.485178] TCP bind hash table entries: 2048 (order: 3, 32768 bytes)
[    1.486080] TCP: Hash tables configured (established 2048 bind 2048)
[    1.486854] TCP reno registered
[    1.487415] UDP hash table entries: 128 (order: 0, 4096 bytes)
[    1.489025] UDP-Lite hash table entries: 128 (order: 0, 4096 bytes)
[    1.491040] NET: Registered protocol family 1
[    1.492000] pci 0000:00:00.0: Limiting direct PCI/PCI transfers
[    1.493310] pci 0000:00:01.0: PIIX3: Enabling Passive Release
[    1.494641] pci 0000:00:01.0: Activating ISA DMA hang workarounds
[    1.499918] ACPI: PCI Interrupt Link [LNKD] enabled at IRQ 11
[    1.501750] pci 0000:00:01.2: PCI INT D -&gt; Link[LNKD] -&gt; GSI 11 (level, high) -&gt; IRQ 11
[    1.503494] pci 0000:00:01.2: PCI INT D disabled
[    1.520401] Trying to unpack rootfs image as initramfs...
[    1.535609] audit: initializing netlink socket (disabled)
[    1.537852] type=2000 audit(1452274074.536:1): initialized
[    1.815651] HugeTLB registered 2 MB page size, pre-allocated 0 pages
[    1.889484] VFS: Disk quotas dquot_6.5.2
[    1.890942] Dquot-cache hash table entries: 512 (order 0, 4096 bytes)
[    1.906395] fuse init (API version 7.17)
[    1.909324] msgmni has been set to 84
[    1.941716] Block layer SCSI generic (bsg) driver version 0.4 loaded (major 253)
[    1.949590] io scheduler noop registered
[    1.950133] io scheduler deadline registered (default)
[    1.951365] io scheduler cfq registered
[    1.954965] pci_hotplug: PCI Hot Plug PCI Core version: 0.5
[    1.957691] pciehp: PCI Express Hot Plug Controller Driver version: 0.4
[    1.963330] input: Power Button as /devices/LNXSYSTM:00/LNXPWRBN:00/input/input0
[    1.965828] ACPI: Power Button [PWRF]
[    2.014473] ERST: Table is not found!
[    2.014894] GHES: HEST is not enabled!
[    2.023109] ACPI: PCI Interrupt Link [LNKC] enabled at IRQ 10
[    2.023901] virtio-pci 0000:00:03.0: PCI INT A -&gt; Link[LNKC] -&gt; GSI 10 (level, high) -&gt; IRQ 10
[    2.026845] virtio-pci 0000:00:04.0: PCI INT A -&gt; Link[LNKD] -&gt; GSI 11 (level, high) -&gt; IRQ 11
[    2.046848] ACPI: PCI Interrupt Link [LNKA] enabled at IRQ 10
[    2.047543] virtio-pci 0000:00:05.0: PCI INT A -&gt; Link[LNKA] -&gt; GSI 10 (level, high) -&gt; IRQ 10
[    2.058198] Serial: 8250/16550 driver, 32 ports, IRQ sharing enabled
[    2.121082] serial8250: ttyS0 at I/O 0x3f8 (irq = 4) is a 16550A
[    2.231794] serial8250: ttyS1 at I/O 0x2f8 (irq = 3) is a 16550A
[    2.373601] 00:05: ttyS0 at I/O 0x3f8 (irq = 4) is a 16550A
[    2.461072] 00:06: ttyS1 at I/O 0x2f8 (irq = 3) is a 16550A
[    2.509381] Refined TSC clocksource calibration: 2294.125 MHz.
[    2.510239] Switching to clocksource tsc
[    2.519617] Linux agpgart interface v0.103
[    2.580238] brd: module loaded
[    2.613403] loop: module loaded
[    2.658048]  vda: unknown partition table
[    2.709530] scsi0 : ata_piix
[    2.711678] scsi1 : ata_piix
[    2.713629] ata1: PATA max MWDMA2 cmd 0x1f0 ctl 0x3f6 bmdma 0xc0a0 irq 14
[    2.714489] ata2: PATA max MWDMA2 cmd 0x170 ctl 0x376 bmdma 0xc0a8 irq 15
[    2.723442] Fixed MDIO Bus: probed
[    2.725495] tun: Universal TUN/TAP device driver, 1.6
[    2.726108] tun: (C) 1999-2004 Max Krasnyansky &lt;maxk@qualcomm.com&gt;
[    2.736277] PPP generic driver version 2.4.2
[    2.761584] ehci_hcd: USB 2.0 'Enhanced' Host Controller (EHCI) Driver
[    2.762188] ohci_hcd: USB 1.1 'Open' Host Controller (OHCI) Driver
[    2.763915] uhci_hcd: USB Universal Host Controller Interface driver
[    2.766184] uhci_hcd 0000:00:01.2: PCI INT D -&gt; Link[LNKD] -&gt; GSI 11 (level, high) -&gt; IRQ 11
[    2.769752] uhci_hcd 0000:00:01.2: UHCI Host Controller
[    2.781951] uhci_hcd 0000:00:01.2: new USB bus registered, assigned bus number 1
[    2.783604] uhci_hcd 0000:00:01.2: irq 11, io base 0x0000c040
[    2.808045] hub 1-0:1.0: USB hub found
[    2.810273] hub 1-0:1.0: 2 ports detected
[    2.819600] usbcore: registered new interface driver libusual
[    2.823420] i8042: PNP: PS/2 Controller [PNP0303:KBD,PNP0f13:MOU] at 0x60,0x64 irq 1,12
[    2.836502] serio: i8042 KBD port at 0x60,0x64 irq 1
[    2.838611] serio: i8042 AUX port at 0x60,0x64 irq 12
[    2.865883] mousedev: PS/2 mouse device common for all mice
[    2.879473] rtc_cmos 00:01: RTC can wake from S4
[    2.896057] input: AT Translated Set 2 keyboard as /devices/platform/i8042/serio0/input/input1
[    2.922836] rtc_cmos 00:01: rtc core: registered rtc_cmos as rtc0
[    2.926251] rtc0: alarms up to one day, 114 bytes nvram, hpet irqs
[    2.934988] device-mapper: uevent: version 1.0.3
[    2.962280] device-mapper: ioctl: 4.22.0-ioctl (2011-10-19) initialised: dm-devel@redhat.com
[    2.965365] cpuidle: using governor ladder
[    2.968401] cpuidle: using governor menu
[    2.971108] EFI Variables Facility v0.08 2004-May-17
[    2.986039] TCP cubic registered
[    2.990169] NET: Registered protocol family 10
[    3.022623] NET: Registered protocol family 17
[    3.023637] Registering the dns_resolver key type
[    3.042664] ata2.01: ATAPI: QEMU DVD-ROM, 2.0.0, max UDMA/100
[    3.054933] ata2.01: configured for MWDMA2
[    3.082814] scsi 1:0:1:0: CD-ROM            QEMU     QEMU DVD-ROM     2.0. PQ: 0 ANSI: 5
[    3.108466] sr0: scsi3-mmc drive: 4x/4x cd/rw xa/form2 tray
[    3.110367] cdrom: Uniform CD-ROM driver Revision: 3.20
[    3.133267] sr 1:0:1:0: Attached scsi generic sg0 type 5
[    3.159675] registered taskstats version 1
[    3.240269] Freeing initrd memory: 3656k freed
[    3.725866]   Magic number: 0:299:491
[    3.738192] rtc_cmos 00:01: setting system clock to 2016-01-08 17:27:57 UTC (1452274077)
[    3.739362] powernow-k8: Processor cpuid 663 not supported
[    3.744653] BIOS EDD facility v0.16 2004-Jun-25, 0 devices found
[    3.746857] EDD information not available.
[    3.820073] Freeing unused kernel memory: 928k freed
[    3.828948] Write protecting the kernel read-only data: 12288k
[    3.931385] Freeing unused kernel memory: 1596k freed
[    3.998027] Freeing unused kernel memory: 1184k freed

info: initramfs: up at 4.16
modprobe: module virtio_blk not found in modules.dep
modprobe: module virtio_net not found in modules.dep
info: copying initramfs to /dev/vda
info: initramfs loading root from /dev/vda
info: /etc/init.d/rc.sysinit: up at 8.85
info: container: none
Starting logging: OK
modprobe: module virtio_blk not found in modules.dep
modprobe: module virtio_net not found in modules.dep
WARN: /etc/rc3.d/S10-load-modules failed
Initializing random number generator... done.
Starting acpid: OK
cirros-ds 'local' up at 11.47
found datasource (configdrive, local)
Starting network...
udhcpc (v1.20.1) started
Sending discover...
Sending discover...

2016-01-08 17:29:54,952 4177 INFO     [tempest_lib.common.rest_client] Request (TestNetworkAdvancedServerOps:_run_cleanups): 204 DELETE http://10.0.2.15:9696/v2.0/floatingips/a563e838-221f-4ac9-a7ec-a6a74f0efb6a 0.276s
2016-01-08 17:29:54,952 4177 DEBUG    [tempest_lib.common.rest_client] Request - Headers: {'Content-Type': 'application/json', 'Accept': 'application/json', 'X-Auth-Token': '&lt;omitted&gt;'}
        Body: None
    Response - Headers: {'date': 'Fri, 08 Jan 2016 17:29:54 GMT', 'status': '204', 'connection': 'close', 'content-length': '0', 'x-openstack-request-id': 'req-7170d335-64fd-4b73-9a7f-986872ef1fad'}
        Body: 
2016-01-08 17:29:55,174 4177 INFO     [tempest_lib.common.rest_client] Request (TestNetworkAdvancedServerOps:_run_cleanups): 204 DELETE http://10.0.2.15:8774/v2.1/1d8a6ef9e064419f89b7ac39c3de8923/servers/e20e8775-4822-4e79-b99c-5fa9a6b8dbad 0.220s
2016-01-08 17:29:55,174 4177 DEBUG    [tempest_lib.common.rest_client] Request - Headers: {'Content-Type': 'application/json', 'Accept': 'application/json', 'X-Auth-Token': '&lt;omitted&gt;'}
        Body: None
    Response - Headers: {'status': '204', 'content-length': '0', 'x-compute-request-id': 'req-4a1b78ba-9367-4f66-9422-18c271888b80', 'vary': 'X-OpenStack-Nova-API-Version', 'connection': 'close', 'x-openstack-nova-api-version': '2.1', 'date': 'Fri, 08 Jan 2016 17:29:55 GMT', 'content-type': 'application/json'}
        Body: 
2016-01-08 17:29:55,415 4177 INFO     [tempest_lib.common.rest_client] Request (TestNetworkAdvancedServerOps:_run_cleanups): 200 GET http://10.0.2.15:8774/v2.1/1d8a6ef9e064419f89b7ac39c3de8923/servers/e20e8775-4822-4e79-b99c-5fa9a6b8dbad 0.240s
2016-01-08 17:29:55,416 4177 DEBUG    [tempest_lib.common.rest_client] Request - Headers: {'Content-Type': 'application/json', 'Accept': 'application/json', 'X-Auth-Token': '&lt;omitted&gt;'}
        Body: None
    Response - Headers: {'status': '200', 'content-length': '1784', 'content-location': 'http://10.0.2.15:8774/v2.1/1d8a6ef9e064419f89b7ac39c3de8923/servers/e20e8775-4822-4e79-b99c-5fa9a6b8dbad', 'x-compute-request-id': 'req-43b57bb6-261e-45b1-bd07-5234de08e1e3', 'vary': 'X-OpenStack-Nova-API-Version', 'connection': 'close', 'x-openstack-nova-api-version': '2.1', 'date': 'Fri, 08 Jan 2016 17:29:55 GMT', 'content-type': 'application/json'}
        Body: {"server": {"status": "ACTIVE", "updated": "2016-01-08T17:29:55Z", "hostId": "6420bc99edd7084add03a629abd414bad0e76f3bbbe9731e639ad4df", "addresses": {"tempest-network-smoke--220777683": [{"OS-EXT-IPS-MAC:mac_addr": "fa:16:3e:03:cb:23", "version": 4, "addr": "10.100.0.3", "OS-EXT-IPS:type": "fixed"}, {"OS-EXT-IPS-MAC:mac_addr": "fa:16:3e:03:cb:23", "version": 4, "addr": "172.24.4.4", "OS-EXT-IPS:type": "floating"}]}, "links": [{"href": "http://10.0.2.15:8774/v2.1/1d8a6ef9e064419f89b7ac39c3de8923/servers/e20e8775-4822-4e79-b99c-5fa9a6b8dbad", "rel": "self"}, {"href": "http://10.0.2.15:8774/1d8a6ef9e064419f89b7ac39c3de8923/servers/e20e8775-4822-4e79-b99c-5fa9a6b8dbad", "rel": "bookmark"}], "key_name": "tempest-TestNetworkAdvancedServerOps-1064122807", "image": {"id": "ce75cf28-ea49-4b44-b692-1c4048875a23", "links": [{"href": "http://10.0.2.15:8774/1d8a6ef9e064419f89b7ac39c3de8923/images/ce75cf28-ea49-4b44-b692-1c4048875a23", "rel": "bookmark"}]}, "OS-EXT-STS:task_state": "deleting", "OS-EXT-STS:vm_state": "active", "OS-SRV-USG:launched_at": "2016-01-08T17:27:51.000000", "flavor": {"id": "42", "links": [{"href": "http://10.0.2.15:8774/1d8a6ef9e064419f89b7ac39c3de8923/flavors/42", "rel": "bookmark"}]}, "id": "e20e8775-4822-4e79-b99c-5fa9a6b8dbad", "security_groups": [{"name": "tempest-secgroup-smoke-1127463022"}], "OS-SRV-USG:terminated_at": null, "OS-EXT-AZ:availability_zone": "nova", "user_id": "31537b9904164388b8cf42e99c178ad1", "name": "tempest.common.compute-instance-706358798", "created": "2016-01-08T17:27:47Z", "tenant_id": "1d8a6ef9e064419f89b7ac39c3de8923", "OS-DCF:diskConfig": "MANUAL", "os-extended-volumes:volumes_attached": [], "accessIPv4": "", "accessIPv6": "", "progress": 0, "OS-EXT-STS:power_state": 1, "config_drive": "True", "metadata": {}}}
2016-01-08 17:29:56,562 4177 INFO     [tempest_lib.common.rest_client] Request (TestNetworkAdvancedServerOps:_run_cleanups): 200 GET http://10.0.2.15:8774/v2.1/1d8a6ef9e064419f89b7ac39c3de8923/servers/e20e8775-4822-4e79-b99c-5fa9a6b8dbad 0.133s
2016-01-08 17:29:56,562 4177 DEBUG    [tempest_lib.common.rest_client] Request - Headers: {'Content-Type': 'application/json', 'Accept': 'application/json', 'X-Auth-Token': '&lt;omitted&gt;'}
        Body: None
    Response - Headers: {'status': '200', 'content-length': '1716', 'content-location': 'http://10.0.2.15:8774/v2.1/1d8a6ef9e064419f89b7ac39c3de8923/servers/e20e8775-4822-4e79-b99c-5fa9a6b8dbad', 'x-compute-request-id': 'req-a6a2c709-a9ce-47e2-b8c9-e213b6764ea5', 'vary': 'X-OpenStack-Nova-API-Version', 'connection': 'close', 'x-openstack-nova-api-version': '2.1', 'date': 'Fri, 08 Jan 2016 17:29:56 GMT', 'content-type': 'application/json'}
        Body: {"server": {"status": "ACTIVE", "updated": "2016-01-08T17:29:55Z", "hostId": "6420bc99edd7084add03a629abd414bad0e76f3bbbe9731e639ad4df", "addresses": {"tempest-network-smoke--220777683": [{"OS-EXT-IPS-MAC:mac_addr": "fa:16:3e:03:cb:23", "version": 4, "addr": "10.100.0.3", "OS-EXT-IPS:type": "fixed"}, {"OS-EXT-IPS-MAC:mac_addr": "fa:16:3e:03:cb:23", "version": 4, "addr": "172.24.4.4", "OS-EXT-IPS:type": "floating"}]}, "links": [{"href": "http://10.0.2.15:8774/v2.1/1d8a6ef9e064419f89b7ac39c3de8923/servers/e20e8775-4822-4e79-b99c-5fa9a6b8dbad", "rel": "self"}, {"href": "http://10.0.2.15:8774/1d8a6ef9e064419f89b7ac39c3de8923/servers/e20e8775-4822-4e79-b99c-5fa9a6b8dbad", "rel": "bookmark"}], "key_name": "tempest-TestNetworkAdvancedServerOps-1064122807", "image": {"id": "ce75cf28-ea49-4b44-b692-1c4048875a23", "links": [{"href": "http://10.0.2.15:8774/1d8a6ef9e064419f89b7ac39c3de8923/images/ce75cf28-ea49-4b44-b692-1c4048875a23", "rel": "bookmark"}]}, "OS-EXT-STS:task_state": "deleting", "OS-EXT-STS:vm_state": "active", "OS-SRV-USG:launched_at": "2016-01-08T17:27:51.000000", "flavor": {"id": "42", "links": [{"href": "http://10.0.2.15:8774/1d8a6ef9e064419f89b7ac39c3de8923/flavors/42", "rel": "bookmark"}]}, "id": "e20e8775-4822-4e79-b99c-5fa9a6b8dbad", "OS-SRV-USG:terminated_at": null, "OS-EXT-AZ:availability_zone": "nova", "user_id": "31537b9904164388b8cf42e99c178ad1", "name": "tempest.common.compute-instance-706358798", "created": "2016-01-08T17:27:47Z", "tenant_id": "1d8a6ef9e064419f89b7ac39c3de8923", "OS-DCF:diskConfig": "MANUAL", "os-extended-volumes:volumes_attached": [], "accessIPv4": "", "accessIPv6": "", "progress": 0, "OS-EXT-STS:power_state": 1, "config_drive": "True", "metadata": {}}}
2016-01-08 17:29:57,656 4177 INFO     [tempest_lib.common.rest_client] Request (TestNetworkAdvancedServerOps:_run_cleanups): 404 GET http://10.0.2.15:8774/v2.1/1d8a6ef9e064419f89b7ac39c3de8923/servers/e20e8775-4822-4e79-b99c-5fa9a6b8dbad 0.076s
2016-01-08 17:29:57,657 4177 DEBUG    [tempest_lib.common.rest_client] Request - Headers: {'Content-Type': 'application/json', 'Accept': 'application/json', 'X-Auth-Token': '&lt;omitted&gt;'}
        Body: None
    Response - Headers: {'status': '404', 'content-length': '111', 'x-compute-request-id': 'req-d022c280-dec0-4f41-a184-0edb507aa129', 'vary': 'X-OpenStack-Nova-API-Version', 'connection': 'close', 'x-openstack-nova-api-version': '2.1', 'date': 'Fri, 08 Jan 2016 17:29:57 GMT', 'content-type': 'application/json; charset=UTF-8'}
        Body: {"itemNotFound": {"message": "Instance e20e8775-4822-4e79-b99c-5fa9a6b8dbad could not be found.", "code": 404}}
2016-01-08 17:29:58,140 4177 INFO     [tempest_lib.common.rest_client] Request (TestNetworkAdvancedServerOps:_run_cleanups): 200 PUT http://10.0.2.15:9696/v2.0/routers/35948ae5-51f3-4eab-b8df-1f30dc73de7a/remove_router_interface 0.482s
2016-01-08 17:29:58,140 4177 DEBUG    [tempest_lib.common.rest_client] Request - Headers: {'Content-Type': 'application/json', 'Accept': 'application/json', 'X-Auth-Token': '&lt;omitted&gt;'}
        Body: {"subnet_id": "54cabc3a-6c97-4a62-9950-859f3e42c780"}
    Response - Headers: {'status': '200', 'content-length': '255', 'connection': 'close', 'date': 'Fri, 08 Jan 2016 17:29:58 GMT', 'content-type': 'application/json; charset=UTF-8', 'x-openstack-request-id': 'req-72de9adf-cfb8-4c2a-b7ae-64d3696cba21'}
        Body: {"subnet_id": "54cabc3a-6c97-4a62-9950-859f3e42c780", "tenant_id": "1d8a6ef9e064419f89b7ac39c3de8923", "subnet_ids": ["54cabc3a-6c97-4a62-9950-859f3e42c780"], "port_id": "482abddd-1d34-41b2-a243-20997a6224b6", "id": "35948ae5-51f3-4eab-b8df-1f30dc73de7a"}
2016-01-08 17:29:58,550 4177 INFO     [tempest_lib.common.rest_client] Request (TestNetworkAdvancedServerOps:_run_cleanups): 204 DELETE http://10.0.2.15:9696/v2.0/subnets/54cabc3a-6c97-4a62-9950-859f3e42c780 0.409s
2016-01-08 17:29:58,551 4177 DEBUG    [tempest_lib.common.rest_client] Request - Headers: {'Content-Type': 'application/json', 'Accept': 'application/json', 'X-Auth-Token': '&lt;omitted&gt;'}
        Body: None
    Response - Headers: {'date': 'Fri, 08 Jan 2016 17:29:58 GMT', 'status': '204', 'connection': 'close', 'content-length': '0', 'x-openstack-request-id': 'req-2ca570a8-1436-4d7d-8c24-d5b76842e300'}
        Body: 
2016-01-08 17:29:58,604 4177 INFO     [tempest_lib.common.rest_client] Request (TestNetworkAdvancedServerOps:_run_cleanups): 200 GET http://10.0.2.15:9696/v2.0/routers/35948ae5-51f3-4eab-b8df-1f30dc73de7a 0.053s
2016-01-08 17:29:58,605 4177 DEBUG    [tempest_lib.common.rest_client] Request - Headers: {'Content-Type': 'application/json', 'Accept': 'application/json', 'X-Auth-Token': '&lt;omitted&gt;'}
        Body: None
    Response - Headers: {'status': '200', 'content-length': '563', 'content-location': 'http://10.0.2.15:9696/v2.0/routers/35948ae5-51f3-4eab-b8df-1f30dc73de7a', 'connection': 'close', 'date': 'Fri, 08 Jan 2016 17:29:58 GMT', 'content-type': 'application/json; charset=UTF-8', 'x-openstack-request-id': 'req-307eabc7-dde3-4328-bec7-6a520d08d865'}
        Body: {"router": {"status": "ACTIVE", "external_gateway_info": {"network_id": "7e62914c-7249-41eb-a0df-9ce7768c94f1", "enable_snat": true, "external_fixed_ips": [{"subnet_id": "cdc066c6-db6f-44c8-ac16-71a79681274e", "ip_address": "172.24.4.3"}, {"subnet_id": "8f6b1532-6051-4057-8fb9-4a2b03e5df53", "ip_address": "2001:db8::3"}]}, "availability_zone_hints": [], "availability_zones": ["nova"], "name": "tempest-router-smoke-530014675", "admin_state_up": true, "tenant_id": "1d8a6ef9e064419f89b7ac39c3de8923", "routes": [], "id": "35948ae5-51f3-4eab-b8df-1f30dc73de7a"}}
2016-01-08 17:29:59,009 4177 INFO     [tempest_lib.common.rest_client] Request (TestNetworkAdvancedServerOps:_run_cleanups): 200 PUT http://10.0.2.15:9696/v2.0/routers/35948ae5-51f3-4eab-b8df-1f30dc73de7a 0.403s
2016-01-08 17:29:59,010 4177 DEBUG    [tempest_lib.common.rest_client] Request - Headers: {'Content-Type': 'application/json', 'Accept': 'application/json', 'X-Auth-Token': '&lt;omitted&gt;'}
        Body: {"router": {"external_gateway_info": {}, "name": "tempest-router-smoke-530014675", "admin_state_up": true}}
    Response - Headers: {'status': '200', 'content-length': '301', 'connection': 'close', 'date': 'Fri, 08 Jan 2016 17:29:59 GMT', 'content-type': 'application/json; charset=UTF-8', 'x-openstack-request-id': 'req-d2c9893e-18dc-4ddb-8f85-11beee760b62'}
        Body: {"router": {"status": "ACTIVE", "external_gateway_info": null, "availability_zone_hints": [], "availability_zones": ["nova"], "name": "tempest-router-smoke-530014675", "admin_state_up": true, "tenant_id": "1d8a6ef9e064419f89b7ac39c3de8923", "routes": [], "id": "35948ae5-51f3-4eab-b8df-1f30dc73de7a"}}
2016-01-08 17:29:59,252 4177 INFO     [tempest_lib.common.rest_client] Request (TestNetworkAdvancedServerOps:_run_cleanups): 204 DELETE http://10.0.2.15:9696/v2.0/routers/35948ae5-51f3-4eab-b8df-1f30dc73de7a 0.242s
2016-01-08 17:29:59,253 4177 DEBUG    [tempest_lib.common.rest_client] Request - Headers: {'Content-Type': 'application/json', 'Accept': 'application/json', 'X-Auth-Token': '&lt;omitted&gt;'}
        Body: None
    Response - Headers: {'date': 'Fri, 08 Jan 2016 17:29:59 GMT', 'status': '204', 'connection': 'close', 'content-length': '0', 'x-openstack-request-id': 'req-f3886ef7-ebdb-4c16-95ea-9dd4d98ebdb7'}
        Body: 
2016-01-08 17:29:59,469 4177 INFO     [tempest_lib.common.rest_client] Request (TestNetworkAdvancedServerOps:_run_cleanups): 204 DELETE http://10.0.2.15:9696/v2.0/networks/f28b5627-bf55-4fc2-93d8-45de9c11bf3a 0.215s
2016-01-08 17:29:59,469 4177 DEBUG    [tempest_lib.common.rest_client] Request - Headers: {'Content-Type': 'application/json', 'Accept': 'application/json', 'X-Auth-Token': '&lt;omitted&gt;'}
        Body: None
    Response - Headers: {'date': 'Fri, 08 Jan 2016 17:29:59 GMT', 'status': '204', 'connection': 'close', 'content-length': '0', 'x-openstack-request-id': 'req-3554990d-2fff-4802-99ad-89766749c243'}
        Body: 
2016-01-08 17:29:59,532 4177 INFO     [tempest_lib.common.rest_client] Request (TestNetworkAdvancedServerOps:_run_cleanups): 204 DELETE http://10.0.2.15:9696/v2.0/security-group-rules/5345a70b-d4f4-41bf-8795-51f67c66827e 0.061s
2016-01-08 17:29:59,532 4177 DEBUG    [tempest_lib.common.rest_client] Request - Headers: {'Content-Type': 'application/json', 'Accept': 'application/json', 'X-Auth-Token': '&lt;omitted&gt;'}
        Body: None
    Response - Headers: {'date': 'Fri, 08 Jan 2016 17:29:59 GMT', 'status': '204', 'connection': 'close', 'content-length': '0', 'x-openstack-request-id': 'req-c15d5f18-eae5-4b35-893f-e394bd827666'}
        Body: 
2016-01-08 17:29:59,584 4177 INFO     [tempest_lib.common.rest_client] Request (TestNetworkAdvancedServerOps:_run_cleanups): 204 DELETE http://10.0.2.15:9696/v2.0/security-group-rules/b62b9efc-a2c9-4f5d-99ef-79302bfa6c81 0.050s
2016-01-08 17:29:59,584 4177 DEBUG    [tempest_lib.common.rest_client] Request - Headers: {'Content-Type': 'application/json', 'Accept': 'application/json', 'X-Auth-Token': '&lt;omitted&gt;'}
        Body: None
    Response - Headers: {'date': 'Fri, 08 Jan 2016 17:29:59 GMT', 'status': '204', 'connection': 'close', 'content-length': '0', 'x-openstack-request-id': 'req-877068e9-83ae-4856-956b-34c11f418aaf'}
        Body: 
2016-01-08 17:29:59,643 4177 INFO     [tempest_lib.common.rest_client] Request (TestNetworkAdvancedServerOps:_run_cleanups): 204 DELETE http://10.0.2.15:9696/v2.0/security-group-rules/6cb57a02-d92b-4b1f-bb5c-d5421acf4b07 0.058s
2016-01-08 17:29:59,644 4177 DEBUG    [tempest_lib.common.rest_client] Request - Headers: {'Content-Type': 'application/json', 'Accept': 'application/json', 'X-Auth-Token': '&lt;omitted&gt;'}
        Body: None
    Response - Headers: {'date': 'Fri, 08 Jan 2016 17:29:59 GMT', 'status': '204', 'connection': 'close', 'content-length': '0', 'x-openstack-request-id': 'req-bf8a6e39-ce60-4ebb-979c-3d6575eebe50'}
        Body: 
2016-01-08 17:29:59,701 4177 INFO     [tempest_lib.common.rest_client] Request (TestNetworkAdvancedServerOps:_run_cleanups): 204 DELETE http://10.0.2.15:9696/v2.0/security-group-rules/08f7433b-700b-4592-9434-4745e360cefc 0.056s
2016-01-08 17:29:59,701 4177 DEBUG    [tempest_lib.common.rest_client] Request - Headers: {'Content-Type': 'application/json', 'Accept': 'application/json', 'X-Auth-Token': '&lt;omitted&gt;'}
        Body: None
    Response - Headers: {'date': 'Fri, 08 Jan 2016 17:29:59 GMT', 'status': '204', 'connection': 'close', 'content-length': '0', 'x-openstack-request-id': 'req-cc6ef5d5-4fee-4649-9ec0-f13a7f4f2d76'}
        Body: 
2016-01-08 17:29:59,759 4177 INFO     [tempest_lib.common.rest_client] Request (TestNetworkAdvancedServerOps:_run_cleanups): 204 DELETE http://10.0.2.15:9696/v2.0/security-group-rules/34322f27-8ade-4bde-930a-b3b93215cf74 0.057s
2016-01-08 17:29:59,760 4177 DEBUG    [tempest_lib.common.rest_client] Request - Headers: {'Content-Type': 'application/json', 'Accept': 'application/json', 'X-Auth-Token': '&lt;omitted&gt;'}
        Body: None
    Response - Headers: {'date': 'Fri, 08 Jan 2016 17:29:59 GMT', 'status': '204', 'connection': 'close', 'content-length': '0', 'x-openstack-request-id': 'req-7fc077c7-7e31-49c6-b12c-26d36c37f1be'}
        Body: 
2016-01-08 17:29:59,819 4177 INFO     [tempest_lib.common.rest_client] Request (TestNetworkAdvancedServerOps:_run_cleanups): 204 DELETE http://10.0.2.15:9696/v2.0/security-group-rules/3898572d-99df-4a93-b3c1-6f9b0ca1eb41 0.058s
2016-01-08 17:29:59,819 4177 DEBUG    [tempest_lib.common.rest_client] Request - Headers: {'Content-Type': 'application/json', 'Accept': 'application/json', 'X-Auth-Token': '&lt;omitted&gt;'}
        Body: None
    Response - Headers: {'date': 'Fri, 08 Jan 2016 17:29:59 GMT', 'status': '204', 'connection': 'close', 'content-length': '0', 'x-openstack-request-id': 'req-43fd5528-8b54-4ec7-a209-ac9b5aee8480'}
        Body: 
2016-01-08 17:29:59,906 4177 INFO     [tempest_lib.common.rest_client] Request (TestNetworkAdvancedServerOps:_run_cleanups): 204 DELETE http://10.0.2.15:9696/v2.0/security-groups/fb5b10bb-de7b-451f-8496-4d6ba917adf7 0.086s
2016-01-08 17:29:59,907 4177 DEBUG    [tempest_lib.common.rest_client] Request - Headers: {'Content-Type': 'application/json', 'Accept': 'application/json', 'X-Auth-Token': '&lt;omitted&gt;'}
        Body: None
    Response - Headers: {'date': 'Fri, 08 Jan 2016 17:29:59 GMT', 'status': '204', 'connection': 'close', 'content-length': '0', 'x-openstack-request-id': 'req-2871539b-3814-4a03-84d8-6a4b80c1b168'}
        Body: 
2016-01-08 17:29:59,926 4177 INFO     [tempest_lib.common.rest_client] Request (TestNetworkAdvancedServerOps:_run_cleanups): 202 DELETE http://10.0.2.15:8774/v2.1/1d8a6ef9e064419f89b7ac39c3de8923/os-keypairs/tempest-TestNetworkAdvancedServerOps-1064122807 0.018s
2016-01-08 17:29:59,927 4177 DEBUG    [tempest_lib.common.rest_client] Request - Headers: {'Content-Type': 'application/json', 'Accept': 'application/json', 'X-Auth-Token': '&lt;omitted&gt;'}
        Body: None
    Response - Headers: {'status': '202', 'content-length': '0', 'x-compute-request-id': 'req-e7ce708d-0ff0-427f-81b5-31e6ca988dca', 'vary': 'X-OpenStack-Nova-API-Version', 'connection': 'close', 'x-openstack-nova-api-version': '2.1', 'date': 'Fri, 08 Jan 2016 17:29:59 GMT', 'content-type': 'application/json'}
        Body: 
2016-01-08 17:30:00,136 4177 INFO     [tempest_lib.common.rest_client] Request (TestNetworkAdvancedServerOps:_run_cleanups): 404 GET http://10.0.2.15:8774/v2.1/1d8a6ef9e064419f89b7ac39c3de8923/servers/e20e8775-4822-4e79-b99c-5fa9a6b8dbad 0.207s
2016-01-08 17:30:00,136 4177 DEBUG    [tempest_lib.common.rest_client] Request - Headers: {'Content-Type': 'application/json', 'Accept': 'application/json', 'X-Auth-Token': '&lt;omitted&gt;'}
        Body: None
    Response - Headers: {'status': '404', 'content-length': '111', 'x-compute-request-id': 'req-862a8c4a-aac1-42c8-bafd-7650b1b1258c', 'vary': 'X-OpenStack-Nova-API-Version', 'connection': 'close', 'x-openstack-nova-api-version': '2.1', 'date': 'Fri, 08 Jan 2016 17:30:00 GMT', 'content-type': 'application/json; charset=UTF-8'}
        Body: {"itemNotFound": {"message": "Instance e20e8775-4822-4e79-b99c-5fa9a6b8dbad could not be found.", "code": 404}}
}}}

Traceback (most recent call last):
  File "tempest/test.py", line 113, in wrapper
    return f(self, *func_args, **func_kwargs)
  File "tempest/scenario/test_network_advanced_server_ops.py", line 134, in test_server_connectivity_pause_unpause
    server, keypair, floating_ip = self._setup_network_and_servers()
  File "tempest/scenario/test_network_advanced_server_ops.py", line 71, in _setup_network_and_servers
    server, keypair, floating_ip)
  File "tempest/scenario/test_network_advanced_server_ops.py", line 95, in _wait_server_status_and_check_network_connectivity
    self._check_network_connectivity(server, keypair, floating_ip)
  File "tempest/scenario/test_network_advanced_server_ops.py", line 88, in _check_network_connectivity
    servers=[server])
  File "tempest/scenario/manager.py", line 606, in check_public_network_connectivity
    should_connect=should_connect)
  File "tempest/scenario/manager.py", line 590, in check_vm_connectivity
    msg=msg)
  File "/usr/local/lib/python2.7/dist-packages/unittest2/case.py", line 702, in assertTrue
    raise self.failureException(msg)
AssertionError: False is not true : Timed out waiting for 172.24.4.4 to become reachable



        </pre>
    </div>
    <!--css div popup end-->

    </td>
</tr>

<tr id='ft1.2' class='none'>
    <td class='failCase'><div class='testcase'>test_server_connectivity_reboot[compute,id-7b6860c2-afa3-4846-9522-adeb38dfbe08,network]</div></td>
    <td colspan='7' align='left'>

    <!--css div popup start-->
    <a class="popup_link" onfocus='this.blur();'
    href="javascript:showTestDetail('div_ft1.2')" >
        fail</a>

    <div id='div_ft1.2' class="popup_window">
        <div style='text-align: right; color:red;cursor:pointer'>
        <a onfocus='this.blur();'
onclick="document.getElementById('div_ft1.2').style.display = 'none' " >
           [x]</a>
        </div>
        <pre>
        
ft1.2: tempest.scenario.test_network_advanced_server_ops.TestNetworkAdvancedServerOps.test_server_connectivity_reboot[compute,id-7b6860c2-afa3-4846-9522-adeb38dfbe08,network]_StringException: Empty attachments:
  stderr
  stdout

pythonlogging:'': {{{
