<?xml version="1.0" encoding="UTF-8"?>
<!DOCTYPE html PUBLIC "-//W3C//DTD XHTML 1.0 Strict//EN"
     "http://www.w3.org/TR/xhtml1/DTD/xhtml1-strict.dtd">
<html xmlns="http://www.w3.org/1999/xhtml">
<head>
    <title>Unit Test Report</title>
    <meta name="generator" content="subunit2html 0.1"/>
    <meta http-equiv="Content-Type" content="text/html; charset=UTF-8"/>
    
<style type="text/css" media="screen">
body        { font-family: verdana, arial, helvetica, sans-serif;
    font-size: 80%; }
table       { font-size: 100%; width: 100%;}
pre         { font-size: 80%; }

/* -- heading -------------------------------------------------------------- */
h1 {
        font-size: 16pt;
        color: gray;
}
.heading {
    margin-top: 0ex;
    margin-bottom: 1ex;
}

.heading .attribute {
    margin-top: 1ex;
    margin-bottom: 0;
}

.heading .description {
    margin-top: 4ex;
    margin-bottom: 6ex;
}

/* -- css div popup -------------------------------------------------------- */
a.popup_link {
}

a.popup_link:hover {
    color: red;
}

.popup_window {
    display: none;
    overflow-x: scroll;
    /*border: solid #627173 1px; */
    padding: 10px;
    background-color: #E6E6D6;
    font-family: "Ubuntu Mono", "Lucida Console", "Courier New", monospace;
    text-align: left;
    font-size: 8pt;
}

}
/* -- report --------------------------------------------------------------- */
#show_detail_line {
    margin-top: 3ex;
    margin-bottom: 1ex;
}
#result_table {
    width: 100%;
    border-collapse: collapse;
    border: 1px solid #777;
}
#header_row {
    font-weight: bold;
    color: white;
    background-color: #777;
}
#result_table td {
    border: 1px solid #777;
    padding: 2px;
}
#total_row  { font-weight: bold; }
.passClass  { background-color: #6c6; }
.failClass  { background-color: #c60; }
.errorClass { background-color: #c00; }
.passCase   { color: #6c6; }
.failCase   { color: #c60; font-weight: bold; }
.errorCase  { color: #c00; font-weight: bold; }
.hiddenRow  { display: none; }
.testcase   { margin-left: 2em; }
td.testname {width: 40%}
td.small {width: 40px}

/* -- ending --------------------------------------------------------------- */
#ending {
}

</style>

</head>
<body>
<script language="javascript" type="text/javascript"><!--
output_list = Array();

/* level - 0:Summary; 1:Failed; 2:All */
function showCase(level) {
    trs = document.getElementsByTagName("tr");
    for (var i = 0; i < trs.length; i++) {
        tr = trs[i];
        id = tr.id;
        if (id.substr(0,2) == 'ft') {
            if (level < 1) {
                tr.className = 'hiddenRow';
            }
            else {
                tr.className = '';
            }
        }
        if (id.substr(0,2) == 'pt') {
            if (level > 1) {
                tr.className = '';
            }
            else {
                tr.className = 'hiddenRow';
            }
        }
    }
}


function showClassDetail(cid, count) {
    var id_list = Array(count);
    var toHide = 1;
    for (var i = 0; i < count; i++) {
        tid0 = 't' + cid.substr(1) + '.' + (i+1);
        tid = 'f' + tid0;
        tr = document.getElementById(tid);
        if (!tr) {
            tid = 'p' + tid0;
            tr = document.getElementById(tid);
        }
        id_list[i] = tid;
        if (tr.className) {
            toHide = 0;
        }
    }
    for (var i = 0; i < count; i++) {
        tid = id_list[i];
        if (toHide) {
            document.getElementById('div_'+tid).style.display = 'none'
            document.getElementById(tid).className = 'hiddenRow';
        }
        else {
            document.getElementById(tid).className = '';
        }
    }
}


function showTestDetail(div_id){
    var details_div = document.getElementById(div_id)
    var displayState = details_div.style.display
    // alert(displayState)
    if (displayState != 'block' ) {
        displayState = 'block'
        details_div.style.display = 'block'
    }
    else {
        details_div.style.display = 'none'
    }
}


function html_escape(s) {
    s = s.replace(/&/g,'&amp;');
    s = s.replace(/</g,'&lt;');
    s = s.replace(/>/g,'&gt;');
    return s;
}

/* obsoleted by detail in <div>
function showOutput(id, name) {
    var w = window.open("", //url
                    name,
                    "resizable,scrollbars,status,width=800,height=450");
    d = w.document;
    d.write("<pre>");
    d.write(html_escape(output_list[id]));
    d.write("\n");
    d.write("<a href='javascript:window.close()'>close</a>\n");
    d.write("</pre>\n");
    d.close();
}
*/
--></script>

<div class='heading'>
<h1>Unit Test Report</h1>

<p class='attribute'><strong>Status:</strong> Failure 6</p>

<p class='description'></p>
</div>



<p id='show_detail_line'>Show
<a href='javascript:showCase(0)'>Summary</a>
<a href='javascript:showCase(1)'>Failed</a>
<a href='javascript:showCase(2)'>All</a>
</p>
<table id='result_table'>
<colgroup>
<col align='left' />
<col align='right' />
<col align='right' />
<col align='right' />
<col align='right' />
<col align='right' />
<col align='right' />
<col align='right' />
</colgroup>
<tr id='header_row'>
    <td>Test Group/Test case</td>
    <td>Count</td>
    <td>Pass</td>
    <td>Fail</td>
    <td>Error</td>
    <td>Skip</td>
    <td>View</td>
    <td> </td>
</tr>

<tr class='failClass'>
    <td class="testname">tempest.scenario.test_network_advanced_server_ops.TestNetworkAdvancedServerOps</td>
    <td class="small">6</td>
    <td class="small">0</td>
    <td class="small">6</td>
    <td class="small">0</td>
    <td class="small">0</td>
    <td class="small"><a href="javascript:showClassDetail('c1',6)"
>Detail</a></td>
    <td> </td>
</tr>

<tr id='ft1.1' class='none'>
    <td class='failCase'><div class='testcase'>test_server_connectivity_pause_unpause[compute,id-2b2642db-6568-4b35-b812-eceed3fa20ce,network]</div></td>
    <td colspan='7' align='left'>

    <!--css div popup start-->
    <a class="popup_link" onfocus='this.blur();'
    href="javascript:showTestDetail('div_ft1.1')" >
        fail</a>

    <div id='div_ft1.1' class="popup_window">
        <div style='text-align: right; color:red;cursor:pointer'>
        <a onfocus='this.blur();'
onclick="document.getElementById('div_ft1.1').style.display = 'none' " >
           [x]</a>
        </div>
        <pre>
        
ft1.1: tempest.scenario.test_network_advanced_server_ops.TestNetworkAdvancedServerOps.test_server_connectivity_pause_unpause[compute,id-2b2642db-6568-4b35-b812-eceed3fa20ce,network]_StringException: Empty attachments:
  stderr
  stdout

pythonlogging:'': {{{
2015-12-19 02:48:13,102 21150 INFO     [tempest_lib.common.rest_client] Request (TestNetworkAdvancedServerOps:test_server_connectivity_pause_unpause): 200 POST http://10.0.2.15:8774/v2.1/ff49d543224d4fe2bfcf811c9e0a4b85/os-keypairs 0.474s
2015-12-19 02:48:13,102 21150 DEBUG    [tempest_lib.common.rest_client] Request - Headers: {'Content-Type': 'application/json', 'Accept': 'application/json', 'X-Auth-Token': '&lt;omitted&gt;'}
        Body: {"keypair": {"name": "tempest-TestNetworkAdvancedServerOps-1671811978"}}
    Response - Headers: {'status': '200', 'content-length': '2334', 'x-compute-request-id': 'req-84ae6a74-fd8d-4b12-b57e-5c98f7254688', 'vary': 'X-OpenStack-Nova-API-Version', 'connection': 'close', 'x-openstack-nova-api-version': '2.1', 'date': 'Sat, 19 Dec 2015 02:48:13 GMT', 'content-type': 'application/json'}
        Body: {"keypair": {"public_key": "ssh-rsa AAAAB3NzaC1yc2EAAAADAQABAAABAQChu1XI9ZvCFfTUkxw7cvTRDGiRj2Y/IfcS2qvVAn9GareeeCdwvCAywNiPVBb8YulRfc5lV6smtR//kf3tbWmX6qWNuC8VG/JvJbZNdLNtJhKtIEx5Rg679Xw4Meua/IBih5EwbmQvy1+nAtrxZ6QX/fWJwYMwGMKuMVDtulQ0815OuWy06ZuJIioNE61aDfOxZDfY1EAOLXYPwb3TtA52tTQvfnn2ccztpafIWq9TuEEoxg9p82wNaPfjkEXb9a499r17/U09ANxqKILBojooLl9WdUfZVN3EBx3yfMCstz9MxNGOlySprYyZ5939DDSwQhOiKMvV1Cb+eGSY/jDl Generated-by-Nova", "private_key": "-----BEGIN RSA PRIVATE KEY-----\nMIIEqgIBAAKCAQEAobtVyPWbwhX01JMcO3L00QxokY9mPyH3Etqr1QJ/Rmq3nngn\ncLwgMsDYj1QW/GLpUX3OZVerJrUf/5H97W1pl+qljbgvFRvybyW2TXSzbSYSrSBM\neUYOu/V8ODHrmvyAYoeRMG5kL8tfpwLa8WekF/31icGDMBjCrjFQ7bpUNPNeTrls\ntOmbiSIqDROtWg3zsWQ32NRADi12D8G907QOdrU0L3559nHM7aWnyFqvU7hBKMYP\nafNsDWj345BF2/WuPfa9e/1NPQDcaiiCwaI6KC5fVnVH2VTdxAcd8nzArLc/TMTR\njpckqa2Mmefd/Qw0sEIToijL1dQm/nhkmP4w5QIDAQABAoIBAQCObR1ktfaO+yr6\nsPqh1+CE4HqOBUyzuEOPVQcRtPtEleJSKdoBy4pHZ9DOl+0OIkT6QOIsGQJeOg+N\nz5FhL4NYB4n3vgWof04GV52tpGIGcwrrb5ApFGsRV2QnUL79Y/Pj0SMpFW4hMOZx\ne3A4O18kyb8bq1DOYF/Bayir0fUqEuf1s/MePVubu5ntyGebc+2b8/GxgwDdYW6q\nRLnxmfMb9byIm4tpn5F1P/k3HAnQuntEljGbNt2v0910Y/KSg6ku7VNGrxqpkqSQ\nAuVIakjNwvncbvMun98p1IdR6hTxV6AvB3xstV0Ce626ItnGl9qBZfx196MUt9A9\ntlsxdnEZAoIAgQC32qzD8IqInWRlHggzlXZpVQcnH6F8Bd0le//eVfPqc6IBoxK2\nF7TNHwmLOedbBx5FuBzn2o4fCIeK1TFNqbzQF289Ut/SXGJanruHpKyc4nc1LJCV\nrG/DKqdNbeP95Nj9Za4BPvtK7FNAlRgaMGmnGg9zAxjcnwu08J3wK0VBwwKCAIEA\n4TJSeRU0cGAgtnVff61HuGvYktUxcTeGkA/OznTxGTB7zBC8jCBWYTgy7A+aR3oM\nSg/b829Qm+HSs+kLBlN/WhJPLPcYzsVFnZy6u32xwItmmNGBMmUE6Je+SgJFSWWZ\nEnArnpGM4se87W745Il7C04/xDjhvuGkD1hMhLMNsDcCggCAEaPZj7M0l4cCavFG\nuCxPACw4U3ilddDaNw5+rkZw8L3HfYC3+uCraELiF4mmuQUl0mqn21cM681Vs+xg\nnqL6iry0351j/DsA9NDmDU2vgh34chGkjbfNwVwGUVeJ2IJsj2OCHnx8f+PM2RV1\nCo46lN3bPZ2+dOyNov6zKKf+LSECggCBAJYrz5GNEW4KvGXP+YIT1GroCAFKh/D+\n3Q3+bKOCmjB5A2T+mC09dzzXlCWU9gXKHp3Y240HYxLAUZjFxCNQ1PEEmqXalUF1\njcnf9SoIVNuYWi94LhakBNTyM+P4ham/RYdlI8FXQEMOfS88PF9ySoosgRth7zAy\nGgxdjpFDMdKbAoIAgQCnh3TrmbL8PCt+knZtMVOgygpyETGEn0E2pD2bnmVbAmfi\nK0HmsCAr97L8yChL0SuSiyuXNDdsOPfoO6Jd284srbuevN1qD9j9z4A2Nd5VEdwG\nHCtGcR6aEN0zSUHT1KJqgjofV+UjThj8EkIK7F6CnxZ05TEQvlEFnSEe6vDawg==\n-----END RSA PRIVATE KEY-----\n", "user_id": "2eab16e3e938410381c30823ab81b388", "name": "tempest-TestNetworkAdvancedServerOps-1671811978", "fingerprint": "a5:32:70:f4:2a:58:64:47:35:58:e2:bc:94:37:22:62"}}
2015-12-19 02:48:13,451 21150 INFO     [tempest_lib.common.rest_client] Request (TestNetworkAdvancedServerOps:test_server_connectivity_pause_unpause): 201 POST http://10.0.2.15:9696/v2.0/security-groups 0.345s
2015-12-19 02:48:13,452 21150 DEBUG    [tempest_lib.common.rest_client] Request - Headers: {'Content-Type': 'application/json', 'Accept': 'application/json', 'X-Auth-Token': '&lt;omitted&gt;'}
        Body: {"security_group": {"tenant_id": "ff49d543224d4fe2bfcf811c9e0a4b85", "description": "tempest-secgroup-smoke-82884973 description", "name": "tempest-secgroup-smoke-82884973"}}
    Response - Headers: {'status': '201', 'content-length': '884', 'connection': 'close', 'date': 'Sat, 19 Dec 2015 02:48:13 GMT', 'content-type': 'application/json; charset=UTF-8', 'x-openstack-request-id': 'req-77c29117-9909-4019-b9b1-f18ab0bbce27'}
        Body: {"security_group": {"tenant_id": "ff49d543224d4fe2bfcf811c9e0a4b85", "description": "tempest-secgroup-smoke-82884973 description", "id": "74a2e270-e433-4e06-874b-d00ff3efb573", "security_group_rules": [{"remote_group_id": null, "direction": "egress", "remote_ip_prefix": null, "protocol": null, "ethertype": "IPv4", "tenant_id": "ff49d543224d4fe2bfcf811c9e0a4b85", "port_range_max": null, "port_range_min": null, "id": "1a70bbb1-97c5-4edb-81d5-0c63ab641ab2", "security_group_id": "74a2e270-e433-4e06-874b-d00ff3efb573"}, {"remote_group_id": null, "direction": "egress", "remote_ip_prefix": null, "protocol": null, "ethertype": "IPv6", "tenant_id": "ff49d543224d4fe2bfcf811c9e0a4b85", "port_range_max": null, "port_range_min": null, "id": "2e62e1b8-9ec7-4bf1-9207-9cee0a653fc1", "security_group_id": "74a2e270-e433-4e06-874b-d00ff3efb573"}], "name": "tempest-secgroup-smoke-82884973"}}
2015-12-19 02:48:13,574 21150 INFO     [tempest_lib.common.rest_client] Request (TestNetworkAdvancedServerOps:test_server_connectivity_pause_unpause): 201 POST http://10.0.2.15:9696/v2.0/security-group-rules 0.122s
2015-12-19 02:48:13,575 21150 DEBUG    [tempest_lib.common.rest_client] Request - Headers: {'Content-Type': 'application/json', 'Accept': 'application/json', 'X-Auth-Token': '&lt;omitted&gt;'}
        Body: {"security_group_rule": {"direction": "ingress", "protocol": "tcp", "tenant_id": "ff49d543224d4fe2bfcf811c9e0a4b85", "port_range_max": 22, "security_group_id": "74a2e270-e433-4e06-874b-d00ff3efb573", "port_range_min": 22}}
    Response - Headers: {'status': '201', 'content-length': '340', 'connection': 'close', 'date': 'Sat, 19 Dec 2015 02:48:13 GMT', 'content-type': 'application/json; charset=UTF-8', 'x-openstack-request-id': 'req-591abc66-a980-4cae-9830-d4d3a5d26898'}
        Body: {"security_group_rule": {"remote_group_id": null, "direction": "ingress", "remote_ip_prefix": null, "protocol": "tcp", "ethertype": "IPv4", "tenant_id": "ff49d543224d4fe2bfcf811c9e0a4b85", "port_range_max": 22, "port_range_min": 22, "id": "4b75451c-8bd9-4dbe-96a1-f2bef09326cb", "security_group_id": "74a2e270-e433-4e06-874b-d00ff3efb573"}}
2015-12-19 02:48:13,695 21150 INFO     [tempest_lib.common.rest_client] Request (TestNetworkAdvancedServerOps:test_server_connectivity_pause_unpause): 201 POST http://10.0.2.15:9696/v2.0/security-group-rules 0.119s
2015-12-19 02:48:13,696 21150 DEBUG    [tempest_lib.common.rest_client] Request - Headers: {'Content-Type': 'application/json', 'Accept': 'application/json', 'X-Auth-Token': '&lt;omitted&gt;'}
        Body: {"security_group_rule": {"direction": "egress", "protocol": "tcp", "tenant_id": "ff49d543224d4fe2bfcf811c9e0a4b85", "port_range_max": 22, "security_group_id": "74a2e270-e433-4e06-874b-d00ff3efb573", "port_range_min": 22}}
    Response - Headers: {'status': '201', 'content-length': '339', 'connection': 'close', 'date': 'Sat, 19 Dec 2015 02:48:13 GMT', 'content-type': 'application/json; charset=UTF-8', 'x-openstack-request-id': 'req-71de57be-1359-456a-99a5-ee71c2cb6d42'}
        Body: {"security_group_rule": {"remote_group_id": null, "direction": "egress", "remote_ip_prefix": null, "protocol": "tcp", "ethertype": "IPv4", "tenant_id": "ff49d543224d4fe2bfcf811c9e0a4b85", "port_range_max": 22, "port_range_min": 22, "id": "fd32e889-9f50-4430-b7b0-f9ab0ce5d33d", "security_group_id": "74a2e270-e433-4e06-874b-d00ff3efb573"}}
2015-12-19 02:48:13,817 21150 INFO     [tempest_lib.common.rest_client] Request (TestNetworkAdvancedServerOps:test_server_connectivity_pause_unpause): 201 POST http://10.0.2.15:9696/v2.0/security-group-rules 0.119s
2015-12-19 02:48:13,817 21150 DEBUG    [tempest_lib.common.rest_client] Request - Headers: {'Content-Type': 'application/json', 'Accept': 'application/json', 'X-Auth-Token': '&lt;omitted&gt;'}
        Body: {"security_group_rule": {"tenant_id": "ff49d543224d4fe2bfcf811c9e0a4b85", "direction": "ingress", "protocol": "icmp", "security_group_id": "74a2e270-e433-4e06-874b-d00ff3efb573"}}
    Response - Headers: {'status': '201', 'content-length': '345', 'connection': 'close', 'date': 'Sat, 19 Dec 2015 02:48:13 GMT', 'content-type': 'application/json; charset=UTF-8', 'x-openstack-request-id': 'req-10ef3258-c4b7-41af-955c-c1f9bf5d1d7b'}
        Body: {"security_group_rule": {"remote_group_id": null, "direction": "ingress", "remote_ip_prefix": null, "protocol": "icmp", "ethertype": "IPv4", "tenant_id": "ff49d543224d4fe2bfcf811c9e0a4b85", "port_range_max": null, "port_range_min": null, "id": "5d29b9c7-9369-4950-bfa4-b7af3a1dfec7", "security_group_id": "74a2e270-e433-4e06-874b-d00ff3efb573"}}
2015-12-19 02:48:13,936 21150 INFO     [tempest_lib.common.rest_client] Request (TestNetworkAdvancedServerOps:test_server_connectivity_pause_unpause): 201 POST http://10.0.2.15:9696/v2.0/security-group-rules 0.118s
2015-12-19 02:48:13,936 21150 DEBUG    [tempest_lib.common.rest_client] Request - Headers: {'Content-Type': 'application/json', 'Accept': 'application/json', 'X-Auth-Token': '&lt;omitted&gt;'}
        Body: {"security_group_rule": {"tenant_id": "ff49d543224d4fe2bfcf811c9e0a4b85", "direction": "egress", "protocol": "icmp", "security_group_id": "74a2e270-e433-4e06-874b-d00ff3efb573"}}
    Response - Headers: {'status': '201', 'content-length': '344', 'connection': 'close', 'date': 'Sat, 19 Dec 2015 02:48:13 GMT', 'content-type': 'application/json; charset=UTF-8', 'x-openstack-request-id': 'req-43d8b2b8-f0fe-4d41-9dd5-affb7eb5022a'}
        Body: {"security_group_rule": {"remote_group_id": null, "direction": "egress", "remote_ip_prefix": null, "protocol": "icmp", "ethertype": "IPv4", "tenant_id": "ff49d543224d4fe2bfcf811c9e0a4b85", "port_range_max": null, "port_range_min": null, "id": "3427b0e6-9331-4180-9dba-08c7c1cc5b9f", "security_group_id": "74a2e270-e433-4e06-874b-d00ff3efb573"}}
2015-12-19 02:48:14,148 21150 INFO     [tempest_lib.common.rest_client] Request (TestNetworkAdvancedServerOps:test_server_connectivity_pause_unpause): 201 POST http://10.0.2.15:9696/v2.0/security-group-rules 0.211s
2015-12-19 02:48:14,149 21150 DEBUG    [tempest_lib.common.rest_client] Request - Headers: {'Content-Type': 'application/json', 'Accept': 'application/json', 'X-Auth-Token': '&lt;omitted&gt;'}
        Body: {"security_group_rule": {"tenant_id": "ff49d543224d4fe2bfcf811c9e0a4b85", "direction": "ingress", "security_group_id": "74a2e270-e433-4e06-874b-d00ff3efb573", "protocol": "icmp", "ethertype": "IPv6"}}
    Response - Headers: {'status': '201', 'content-length': '345', 'connection': 'close', 'date': 'Sat, 19 Dec 2015 02:48:14 GMT', 'content-type': 'application/json; charset=UTF-8', 'x-openstack-request-id': 'req-cb3eb341-78e6-4567-b4b4-ec8a270c2473'}
        Body: {"security_group_rule": {"remote_group_id": null, "direction": "ingress", "remote_ip_prefix": null, "protocol": "icmp", "ethertype": "IPv6", "tenant_id": "ff49d543224d4fe2bfcf811c9e0a4b85", "port_range_max": null, "port_range_min": null, "id": "175d7089-5bf1-4eeb-8760-3852fc80846f", "security_group_id": "74a2e270-e433-4e06-874b-d00ff3efb573"}}
2015-12-19 02:48:14,270 21150 INFO     [tempest_lib.common.rest_client] Request (TestNetworkAdvancedServerOps:test_server_connectivity_pause_unpause): 201 POST http://10.0.2.15:9696/v2.0/security-group-rules 0.119s
2015-12-19 02:48:14,270 21150 DEBUG    [tempest_lib.common.rest_client] Request - Headers: {'Content-Type': 'application/json', 'Accept': 'application/json', 'X-Auth-Token': '&lt;omitted&gt;'}
        Body: {"security_group_rule": {"tenant_id": "ff49d543224d4fe2bfcf811c9e0a4b85", "direction": "egress", "security_group_id": "74a2e270-e433-4e06-874b-d00ff3efb573", "protocol": "icmp", "ethertype": "IPv6"}}
    Response - Headers: {'status': '201', 'content-length': '344', 'connection': 'close', 'date': 'Sat, 19 Dec 2015 02:48:14 GMT', 'content-type': 'application/json; charset=UTF-8', 'x-openstack-request-id': 'req-6c0efb42-8253-4399-bcdb-794849ab18dc'}
        Body: {"security_group_rule": {"remote_group_id": null, "direction": "egress", "remote_ip_prefix": null, "protocol": "icmp", "ethertype": "IPv6", "tenant_id": "ff49d543224d4fe2bfcf811c9e0a4b85", "port_range_max": null, "port_range_min": null, "id": "f268ef44-9587-4ca7-80b0-4defaedc113a", "security_group_id": "74a2e270-e433-4e06-874b-d00ff3efb573"}}
2015-12-19 02:48:14,438 21150 INFO     [tempest_lib.common.rest_client] Request (TestNetworkAdvancedServerOps:test_server_connectivity_pause_unpause): 201 POST http://10.0.2.15:9696/v2.0/networks 0.166s
2015-12-19 02:48:14,438 21150 DEBUG    [tempest_lib.common.rest_client] Request - Headers: {'Content-Type': 'application/json', 'Accept': 'application/json', 'X-Auth-Token': '&lt;omitted&gt;'}
        Body: {"network": {"tenant_id": "ff49d543224d4fe2bfcf811c9e0a4b85", "name": "tempest-network-smoke--236726196"}}
    Response - Headers: {'status': '201', 'content-length': '328', 'connection': 'close', 'date': 'Sat, 19 Dec 2015 02:48:14 GMT', 'content-type': 'application/json; charset=UTF-8', 'x-openstack-request-id': 'req-b604b272-ee76-4f6c-afc0-95d118fcc09f'}
        Body: {"network": {"status": "ACTIVE", "subnets": [], "availability_zone_hints": "[]", "name": "tempest-network-smoke--236726196", "admin_state_up": true, "tenant_id": "ff49d543224d4fe2bfcf811c9e0a4b85", "mtu": 0, "router:external": false, "shared": false, "port_security_enabled": true, "id": "f78b9d71-93e7-4053-b197-5f1dd5c02a7e"}}
2015-12-19 02:48:14,523 21150 INFO     [tempest_lib.common.rest_client] Request (TestNetworkAdvancedServerOps:test_server_connectivity_pause_unpause): 201 POST http://10.0.2.15:9696/v2.0/routers 0.084s
2015-12-19 02:48:14,524 21150 DEBUG    [tempest_lib.common.rest_client] Request - Headers: {'Content-Type': 'application/json', 'Accept': 'application/json', 'X-Auth-Token': '&lt;omitted&gt;'}
        Body: {"router": {"tenant_id": "ff49d543224d4fe2bfcf811c9e0a4b85", "name": "tempest-router-smoke-2019940216", "admin_state_up": true}}
    Response - Headers: {'status': '201', 'content-length': '296', 'connection': 'close', 'date': 'Sat, 19 Dec 2015 02:48:14 GMT', 'content-type': 'application/json; charset=UTF-8', 'x-openstack-request-id': 'req-0c07ca70-052b-48b8-88d8-de18373c0fc2'}
        Body: {"router": {"status": "ACTIVE", "external_gateway_info": null, "availability_zone_hints": [], "availability_zones": [], "name": "tempest-router-smoke-2019940216", "admin_state_up": true, "tenant_id": "ff49d543224d4fe2bfcf811c9e0a4b85", "routes": [], "id": "3e7ed6ce-721e-41e3-95ec-122ec3b8d032"}}
2015-12-19 02:48:14,600 21150 INFO     [tempest_lib.common.rest_client] Request (TestNetworkAdvancedServerOps:test_server_connectivity_pause_unpause): 200 GET http://10.0.2.15:9696/v2.0/routers/3e7ed6ce-721e-41e3-95ec-122ec3b8d032 0.075s
2015-12-19 02:48:14,600 21150 DEBUG    [tempest_lib.common.rest_client] Request - Headers: {'Content-Type': 'application/json', 'Accept': 'application/json', 'X-Auth-Token': '&lt;omitted&gt;'}
        Body: None
    Response - Headers: {'status': '200', 'content-length': '296', 'content-location': 'http://10.0.2.15:9696/v2.0/routers/3e7ed6ce-721e-41e3-95ec-122ec3b8d032', 'connection': 'close', 'date': 'Sat, 19 Dec 2015 02:48:14 GMT', 'content-type': 'application/json; charset=UTF-8', 'x-openstack-request-id': 'req-2bf27674-7038-45ea-b93f-56aae985d3cc'}
        Body: {"router": {"status": "ACTIVE", "external_gateway_info": null, "availability_zone_hints": [], "availability_zones": [], "name": "tempest-router-smoke-2019940216", "admin_state_up": true, "tenant_id": "ff49d543224d4fe2bfcf811c9e0a4b85", "routes": [], "id": "3e7ed6ce-721e-41e3-95ec-122ec3b8d032"}}
2015-12-19 02:48:15,271 21150 INFO     [tempest_lib.common.rest_client] Request (TestNetworkAdvancedServerOps:test_server_connectivity_pause_unpause): 200 PUT http://10.0.2.15:9696/v2.0/routers/3e7ed6ce-721e-41e3-95ec-122ec3b8d032 0.669s
2015-12-19 02:48:15,272 21150 DEBUG    [tempest_lib.common.rest_client] Request - Headers: {'Content-Type': 'application/json', 'Accept': 'application/json', 'X-Auth-Token': '&lt;omitted&gt;'}
        Body: {"router": {"external_gateway_info": {"network_id": "708be615-1c56-4a0b-aa14-981ec4dbb888"}, "name": "tempest-router-smoke-2019940216", "admin_state_up": true}}
    Response - Headers: {'status': '200', 'content-length': '558', 'connection': 'close', 'date': 'Sat, 19 Dec 2015 02:48:15 GMT', 'content-type': 'application/json; charset=UTF-8', 'x-openstack-request-id': 'req-3b7ff934-e487-482e-bde3-4c24c7d9df0d'}
        Body: {"router": {"status": "ACTIVE", "external_gateway_info": {"network_id": "708be615-1c56-4a0b-aa14-981ec4dbb888", "enable_snat": true, "external_fixed_ips": [{"subnet_id": "5712f9c6-4e08-4ef0-a7df-3ac624fe6ddf", "ip_address": "172.24.4.3"}, {"subnet_id": "d58fabd3-faa5-4f10-be8a-87decbdd54b0", "ip_address": "2001:db8::4"}]}, "availability_zone_hints": [], "availability_zones": [], "name": "tempest-router-smoke-2019940216", "admin_state_up": true, "tenant_id": "ff49d543224d4fe2bfcf811c9e0a4b85", "routes": [], "id": "3e7ed6ce-721e-41e3-95ec-122ec3b8d032"}}
2015-12-19 02:48:15,451 21150 INFO     [tempest_lib.common.rest_client] Request (TestNetworkAdvancedServerOps:test_server_connectivity_pause_unpause): 200 GET http://10.0.2.15:9696/v2.0/subnets?tenant_id=ff49d543224d4fe2bfcf811c9e0a4b85&amp;cidr=10.100.0.0%2F28 0.178s
2015-12-19 02:48:15,451 21150 DEBUG    [tempest_lib.common.rest_client] Request - Headers: {'Content-Type': 'application/json', 'Accept': 'application/json', 'X-Auth-Token': '&lt;omitted&gt;'}
        Body: None
    Response - Headers: {'status': '200', 'content-length': '15', 'content-location': 'http://10.0.2.15:9696/v2.0/subnets?tenant_id=ff49d543224d4fe2bfcf811c9e0a4b85&amp;cidr=10.100.0.0%2F28', 'connection': 'close', 'date': 'Sat, 19 Dec 2015 02:48:15 GMT', 'content-type': 'application/json; charset=UTF-8', 'x-openstack-request-id': 'req-5c9b8dde-7c7a-43b0-9f6d-b5ec1f51419d'}
        Body: {"subnets": []}
2015-12-19 02:48:15,794 21150 INFO     [tempest_lib.common.rest_client] Request (TestNetworkAdvancedServerOps:test_server_connectivity_pause_unpause): 201 POST http://10.0.2.15:9696/v2.0/subnets 0.343s
2015-12-19 02:48:15,795 21150 DEBUG    [tempest_lib.common.rest_client] Request - Headers: {'Content-Type': 'application/json', 'Accept': 'application/json', 'X-Auth-Token': '&lt;omitted&gt;'}
        Body: {"subnet": {"ip_version": 4, "tenant_id": "ff49d543224d4fe2bfcf811c9e0a4b85", "cidr": "10.100.0.0/28", "network_id": "f78b9d71-93e7-4053-b197-5f1dd5c02a7e", "name": "tempest-subnet-smoke-1990136666"}}
    Response - Headers: {'status': '201', 'content-length': '478', 'connection': 'close', 'date': 'Sat, 19 Dec 2015 02:48:15 GMT', 'content-type': 'application/json; charset=UTF-8', 'x-openstack-request-id': 'req-f8e951e1-d3f4-4074-9045-28871e3a72ab'}
        Body: {"subnet": {"name": "tempest-subnet-smoke-1990136666", "enable_dhcp": true, "network_id": "f78b9d71-93e7-4053-b197-5f1dd5c02a7e", "tenant_id": "ff49d543224d4fe2bfcf811c9e0a4b85", "dns_nameservers": [], "gateway_ip": "10.100.0.1", "ipv6_ra_mode": null, "allocation_pools": [{"start": "10.100.0.2", "end": "10.100.0.14"}], "host_routes": [], "ip_version": 4, "ipv6_address_mode": null, "cidr": "10.100.0.0/28", "id": "8d15e4eb-df0a-4b3e-8402-fc23c5b50c33", "subnetpool_id": null}}
2015-12-19 02:48:16,684 21150 INFO     [tempest_lib.common.rest_client] Request (TestNetworkAdvancedServerOps:test_server_connectivity_pause_unpause): 200 PUT http://10.0.2.15:9696/v2.0/routers/3e7ed6ce-721e-41e3-95ec-122ec3b8d032/add_router_interface 0.888s
2015-12-19 02:48:16,685 21150 DEBUG    [tempest_lib.common.rest_client] Request - Headers: {'Content-Type': 'application/json', 'Accept': 'application/json', 'X-Auth-Token': '&lt;omitted&gt;'}
        Body: {"subnet_id": "8d15e4eb-df0a-4b3e-8402-fc23c5b50c33"}
    Response - Headers: {'status': '200', 'content-length': '255', 'connection': 'close', 'date': 'Sat, 19 Dec 2015 02:48:16 GMT', 'content-type': 'application/json; charset=UTF-8', 'x-openstack-request-id': 'req-e653046c-53e6-4b8b-b112-b3d41208416f'}
        Body: {"subnet_id": "8d15e4eb-df0a-4b3e-8402-fc23c5b50c33", "tenant_id": "ff49d543224d4fe2bfcf811c9e0a4b85", "subnet_ids": ["8d15e4eb-df0a-4b3e-8402-fc23c5b50c33"], "port_id": "5678bac2-0b7a-4b80-b8d0-c2fff30c74a5", "id": "3e7ed6ce-721e-41e3-95ec-122ec3b8d032"}
2015-12-19 02:48:16,809 21150 INFO     [tempest_lib.common.rest_client] Request (TestNetworkAdvancedServerOps:test_server_connectivity_pause_unpause): 200 POST http://10.0.2.15:5000/v2.0/tokens
2015-12-19 02:48:16,810 21150 DEBUG    [tempest_lib.common.rest_client] Request - Headers: {'Content-Type': 'application/json', 'Accept': 'application/json'}
        Body: &lt;omitted&gt;
    Response - Headers: {'status': '200', 'content-length': '2566', 'vary': 'X-Auth-Token', 'server': 'Apache/2.4.7 (Ubuntu)', 'connection': 'close', 'date': 'Sat, 19 Dec 2015 02:48:16 GMT', 'content-type': 'application/json', 'x-openstack-request-id': 'req-070fb519-8051-474e-bb49-2aa0d8489bbb'}
        Body: {"access": {"token": {"issued_at": "2015-12-19T02:48:16.797157", "expires": "2015-12-19T03:48:16Z", "id": "a26386679d15466982b89c899bd760a2", "tenant": {"description": "tempest-TestNetworkAdvancedServerOps-1489275585-desc", "enabled": true, "id": "ff49d543224d4fe2bfcf811c9e0a4b85", "name": "tempest-TestNetworkAdvancedServerOps-1489275585"}, "audit_ids": ["Sjv4blMcTnWEwUWvNT3F8w"]}, "serviceCatalog": [{"endpoints": [{"adminURL": "http://10.0.2.15:8774/v2.1/ff49d543224d4fe2bfcf811c9e0a4b85", "region": "RegionOne", "internalURL": "http://10.0.2.15:8774/v2.1/ff49d543224d4fe2bfcf811c9e0a4b85", "id": "227dcfba4a984361883c178cf1ed225e", "publicURL": "http://10.0.2.15:8774/v2.1/ff49d543224d4fe2bfcf811c9e0a4b85"}], "endpoints_links": [], "type": "compute", "name": "nova"}, {"endpoints": [{"adminURL": "http://10.0.2.15:9696/", "region": "RegionOne", "internalURL": "http://10.0.2.15:9696/", "id": "3077003dd5b6413e9f0a8095d8ac58a6", "publicURL": "http://10.0.2.15:9696/"}], "endpoints_links": [], "type": "network", "name": "neutron"}, {"endpoints": [{"adminURL": "http://10.0.2.15:9292", "region": "RegionOne", "internalURL": "http://10.0.2.15:9292", "id": "2bde9294125e4ca784f83359acaec855", "publicURL": "http://10.0.2.15:9292"}], "endpoints_links": [], "type": "image", "name": "glance"}, {"endpoints": [{"adminURL": "http://10.0.2.15:8774/v2/ff49d543224d4fe2bfcf811c9e0a4b85", "region": "RegionOne", "internalURL": "http://10.0.2.15:8774/v2/ff49d543224d4fe2bfcf811c9e0a4b85", "id": "605ffe91a3c643f08ebd6415b88bc463", "publicURL": "http://10.0.2.15:8774/v2/ff49d543224d4fe2bfcf811c9e0a4b85"}], "endpoints_links": [], "type": "compute_legacy", "name": "nova_legacy"}, {"endpoints": [{"adminURL": "http://10.0.2.15:8773/", "region": "RegionOne", "internalURL": "http://10.0.2.15:8773/", "id": "a2a470185fcd42548e3e8257394210ea", "publicURL": "http://10.0.2.15:8773/"}], "endpoints_links": [], "type": "ec2", "name": "ec2"}, {"endpoints": [{"adminURL": "http://10.0.2.15:35357/v2.0", "region": "RegionOne", "internalURL": "http://10.0.2.15:5000/v2.0", "id": "3531d6e663ac4feb91528b5a500506bd", "publicURL": "http://10.0.2.15:5000/v2.0"}], "endpoints_links": [], "type": "identity", "name": "keystone"}], "user": {"username": "tempest-TestNetworkAdvancedServerOps-1253729649", "roles_links": [], "id": "2eab16e3e938410381c30823ab81b388", "roles": [{"name": "_member_"}, {"name": "Member"}], "name": "tempest-TestNetworkAdvancedServerOps-1253729649"}, "metadata": {"is_admin": 0, "roles": ["9fe2ff9ee4384b1894a90878d3e92bab", "74297863f5c64931ba214766074c902b"]}}}
2015-12-19 02:48:16,816 21150 DEBUG    [tempest.common.fixed_network] (TestNetworkAdvancedServerOps:test_server_connectivity_pause_unpause) No valid network provided or created, defaulting to fixed_network_name
2015-12-19 02:48:17,167 21150 INFO     [tempest_lib.common.rest_client] Request (TestNetworkAdvancedServerOps:test_server_connectivity_pause_unpause): 200 GET http://10.0.2.15:8774/v2.1/ff49d543224d4fe2bfcf811c9e0a4b85/os-networks 0.350s
2015-12-19 02:48:17,168 21150 DEBUG    [tempest_lib.common.rest_client] Request - Headers: {'Content-Type': 'application/json', 'Accept': 'application/json', 'X-Auth-Token': '&lt;omitted&gt;'}
        Body: None
    Response - Headers: {'status': '200', 'content-length': '478', 'content-location': 'http://10.0.2.15:8774/v2.1/ff49d543224d4fe2bfcf811c9e0a4b85/os-networks', 'x-compute-request-id': 'req-438f8c13-0bd8-43c8-b476-91aad7c5527a', 'vary': 'X-OpenStack-Nova-API-Version', 'connection': 'close', 'x-openstack-nova-api-version': '2.1', 'date': 'Sat, 19 Dec 2015 02:48:17 GMT', 'content-type': 'application/json'}
        Body: {"networks": [{"cidr_v6": null, "dns2": null, "dns1": null, "gateway": null, "broadcast": null, "netmask": null, "gateway_v6": null, "cidr": null, "label": "public", "id": "708be615-1c56-4a0b-aa14-981ec4dbb888", "netmask_v6": null}, {"cidr_v6": null, "dns2": null, "dns1": null, "gateway": null, "broadcast": null, "netmask": null, "gateway_v6": null, "cidr": null, "label": "tempest-network-smoke--236726196", "id": "f78b9d71-93e7-4053-b197-5f1dd5c02a7e", "netmask_v6": null}]}
2015-12-19 02:48:17,169 21150 WARNING  [tempest.common.fixed_network] (TestNetworkAdvancedServerOps:test_server_connectivity_pause_unpause) Network with name: private not found
2015-12-19 02:48:17,169 21150 INFO     [tempest.common.fixed_network] (TestNetworkAdvancedServerOps:test_server_connectivity_pause_unpause) Found network {} available for tenant
2015-12-19 02:48:18,727 21150 INFO     [tempest_lib.common.rest_client] Request (TestNetworkAdvancedServerOps:test_server_connectivity_pause_unpause): 202 POST http://10.0.2.15:8774/v2.1/ff49d543224d4fe2bfcf811c9e0a4b85/servers 1.556s
2015-12-19 02:48:18,728 21150 DEBUG    [tempest_lib.common.rest_client] Request - Headers: {'Content-Type': 'application/json', 'Accept': 'application/json', 'X-Auth-Token': '&lt;omitted&gt;'}
        Body: {"server": {"name": "tempest.common.compute-instance-1156187984", "imageRef": "b158833c-55c4-4693-b1ff-82dae825c37b", "key_name": "tempest-TestNetworkAdvancedServerOps-1671811978", "flavorRef": "42", "networks": [{"uuid": "f78b9d71-93e7-4053-b197-5f1dd5c02a7e"}], "security_groups": [{"name": "tempest-secgroup-smoke-82884973"}]}}
    Response - Headers: {'status': '202', 'content-length': '460', 'x-compute-request-id': 'req-beaafdb5-b830-4bf7-983a-ad364fdc3af4', 'vary': 'X-OpenStack-Nova-API-Version', 'connection': 'close', 'location': 'http://10.0.2.15:8774/v2.1/ff49d543224d4fe2bfcf811c9e0a4b85/servers/a2370d93-0ed9-489b-bb81-cffb71f3540e', 'x-openstack-nova-api-version': '2.1', 'date': 'Sat, 19 Dec 2015 02:48:18 GMT', 'content-type': 'application/json'}
        Body: {"server": {"security_groups": [{"name": "tempest-secgroup-smoke-82884973"}], "OS-DCF:diskConfig": "MANUAL", "id": "a2370d93-0ed9-489b-bb81-cffb71f3540e", "links": [{"href": "http://10.0.2.15:8774/v2.1/ff49d543224d4fe2bfcf811c9e0a4b85/servers/a2370d93-0ed9-489b-bb81-cffb71f3540e", "rel": "self"}, {"href": "http://10.0.2.15:8774/ff49d543224d4fe2bfcf811c9e0a4b85/servers/a2370d93-0ed9-489b-bb81-cffb71f3540e", "rel": "bookmark"}], "adminPass": "agWBbQ3rkqvd"}}
2015-12-19 02:48:18,888 21150 INFO     [tempest_lib.common.rest_client] Request (TestNetworkAdvancedServerOps:test_server_connectivity_pause_unpause): 200 GET http://10.0.2.15:8774/v2.1/ff49d543224d4fe2bfcf811c9e0a4b85/servers/a2370d93-0ed9-489b-bb81-cffb71f3540e 0.155s
2015-12-19 02:48:18,889 21150 DEBUG    [tempest_lib.common.rest_client] Request - Headers: {'Content-Type': 'application/json', 'Accept': 'application/json', 'X-Auth-Token': '&lt;omitted&gt;'}
        Body: None
    Response - Headers: {'status': '200', 'content-length': '1365', 'content-location': 'http://10.0.2.15:8774/v2.1/ff49d543224d4fe2bfcf811c9e0a4b85/servers/a2370d93-0ed9-489b-bb81-cffb71f3540e', 'x-compute-request-id': 'req-c592d75a-5828-4a6e-9b56-7d8ad2bc86ac', 'vary': 'X-OpenStack-Nova-API-Version', 'connection': 'close', 'x-openstack-nova-api-version': '2.1', 'date': 'Sat, 19 Dec 2015 02:48:18 GMT', 'content-type': 'application/json'}
        Body: {"server": {"status": "BUILD", "updated": "2015-12-19T02:48:18Z", "hostId": "", "addresses": {}, "links": [{"href": "http://10.0.2.15:8774/v2.1/ff49d543224d4fe2bfcf811c9e0a4b85/servers/a2370d93-0ed9-489b-bb81-cffb71f3540e", "rel": "self"}, {"href": "http://10.0.2.15:8774/ff49d543224d4fe2bfcf811c9e0a4b85/servers/a2370d93-0ed9-489b-bb81-cffb71f3540e", "rel": "bookmark"}], "key_name": "tempest-TestNetworkAdvancedServerOps-1671811978", "image": {"id": "b158833c-55c4-4693-b1ff-82dae825c37b", "links": [{"href": "http://10.0.2.15:8774/ff49d543224d4fe2bfcf811c9e0a4b85/images/b158833c-55c4-4693-b1ff-82dae825c37b", "rel": "bookmark"}]}, "OS-EXT-STS:task_state": "scheduling", "OS-EXT-STS:vm_state": "building", "OS-SRV-USG:launched_at": null, "flavor": {"id": "42", "links": [{"href": "http://10.0.2.15:8774/ff49d543224d4fe2bfcf811c9e0a4b85/flavors/42", "rel": "bookmark"}]}, "id": "a2370d93-0ed9-489b-bb81-cffb71f3540e", "OS-SRV-USG:terminated_at": null, "OS-EXT-AZ:availability_zone": "", "user_id": "2eab16e3e938410381c30823ab81b388", "name": "tempest.common.compute-instance-1156187984", "created": "2015-12-19T02:48:18Z", "tenant_id": "ff49d543224d4fe2bfcf811c9e0a4b85", "OS-DCF:diskConfig": "MANUAL", "os-extended-volumes:volumes_attached": [], "accessIPv4": "", "accessIPv6": "", "progress": 0, "OS-EXT-STS:power_state": 0, "config_drive": "", "metadata": {}}}
2015-12-19 02:48:20,180 21150 INFO     [tempest_lib.common.rest_client] Request (TestNetworkAdvancedServerOps:test_server_connectivity_pause_unpause): 200 GET http://10.0.2.15:8774/v2.1/ff49d543224d4fe2bfcf811c9e0a4b85/servers/a2370d93-0ed9-489b-bb81-cffb71f3540e 0.280s
2015-12-19 02:48:20,180 21150 DEBUG    [tempest_lib.common.rest_client] Request - Headers: {'Content-Type': 'application/json', 'Accept': 'application/json', 'X-Auth-Token': '&lt;omitted&gt;'}
        Body: None
    Response - Headers: {'status': '200', 'content-length': '1423', 'content-location': 'http://10.0.2.15:8774/v2.1/ff49d543224d4fe2bfcf811c9e0a4b85/servers/a2370d93-0ed9-489b-bb81-cffb71f3540e', 'x-compute-request-id': 'req-46530225-e2cb-4762-a8bc-dad8dff5b5ee', 'vary': 'X-OpenStack-Nova-API-Version', 'connection': 'close', 'x-openstack-nova-api-version': '2.1', 'date': 'Sat, 19 Dec 2015 02:48:20 GMT', 'content-type': 'application/json'}
        Body: {"server": {"status": "BUILD", "updated": "2015-12-19T02:48:19Z", "hostId": "40b251188eacffcf32569e18493d0ec031533f464829eac7f042374c", "addresses": {}, "links": [{"href": "http://10.0.2.15:8774/v2.1/ff49d543224d4fe2bfcf811c9e0a4b85/servers/a2370d93-0ed9-489b-bb81-cffb71f3540e", "rel": "self"}, {"href": "http://10.0.2.15:8774/ff49d543224d4fe2bfcf811c9e0a4b85/servers/a2370d93-0ed9-489b-bb81-cffb71f3540e", "rel": "bookmark"}], "key_name": "tempest-TestNetworkAdvancedServerOps-1671811978", "image": {"id": "b158833c-55c4-4693-b1ff-82dae825c37b", "links": [{"href": "http://10.0.2.15:8774/ff49d543224d4fe2bfcf811c9e0a4b85/images/b158833c-55c4-4693-b1ff-82dae825c37b", "rel": "bookmark"}]}, "OS-EXT-STS:task_state": "spawning", "OS-EXT-STS:vm_state": "building", "OS-SRV-USG:launched_at": null, "flavor": {"id": "42", "links": [{"href": "http://10.0.2.15:8774/ff49d543224d4fe2bfcf811c9e0a4b85/flavors/42", "rel": "bookmark"}]}, "id": "a2370d93-0ed9-489b-bb81-cffb71f3540e", "OS-SRV-USG:terminated_at": null, "OS-EXT-AZ:availability_zone": "nova", "user_id": "2eab16e3e938410381c30823ab81b388", "name": "tempest.common.compute-instance-1156187984", "created": "2015-12-19T02:48:18Z", "tenant_id": "ff49d543224d4fe2bfcf811c9e0a4b85", "OS-DCF:diskConfig": "MANUAL", "os-extended-volumes:volumes_attached": [], "accessIPv4": "", "accessIPv6": "", "progress": 0, "OS-EXT-STS:power_state": 0, "config_drive": "", "metadata": {}}}
2015-12-19 02:48:20,188 21150 INFO     [tempest.common.waiters] State transition "BUILD/scheduling" ==&gt; "BUILD/spawning" after 2 second wait
2015-12-19 02:48:21,593 21150 INFO     [tempest_lib.common.rest_client] Request (TestNetworkAdvancedServerOps:test_server_connectivity_pause_unpause): 200 GET http://10.0.2.15:8774/v2.1/ff49d543224d4fe2bfcf811c9e0a4b85/servers/a2370d93-0ed9-489b-bb81-cffb71f3540e 0.403s
2015-12-19 02:48:21,594 21150 DEBUG    [tempest_lib.common.rest_client] Request - Headers: {'Content-Type': 'application/json', 'Accept': 'application/json', 'X-Auth-Token': '&lt;omitted&gt;'}
        Body: None
    Response - Headers: {'status': '200', 'content-length': '1489', 'content-location': 'http://10.0.2.15:8774/v2.1/ff49d543224d4fe2bfcf811c9e0a4b85/servers/a2370d93-0ed9-489b-bb81-cffb71f3540e', 'x-compute-request-id': 'req-0eaf268b-6e75-4812-aa82-442c97904e93', 'vary': 'X-OpenStack-Nova-API-Version', 'connection': 'close', 'x-openstack-nova-api-version': '2.1', 'date': 'Sat, 19 Dec 2015 02:48:21 GMT', 'content-type': 'application/json'}
        Body: {"server": {"status": "BUILD", "updated": "2015-12-19T02:48:19Z", "hostId": "40b251188eacffcf32569e18493d0ec031533f464829eac7f042374c", "addresses": {}, "links": [{"href": "http://10.0.2.15:8774/v2.1/ff49d543224d4fe2bfcf811c9e0a4b85/servers/a2370d93-0ed9-489b-bb81-cffb71f3540e", "rel": "self"}, {"href": "http://10.0.2.15:8774/ff49d543224d4fe2bfcf811c9e0a4b85/servers/a2370d93-0ed9-489b-bb81-cffb71f3540e", "rel": "bookmark"}], "key_name": "tempest-TestNetworkAdvancedServerOps-1671811978", "image": {"id": "b158833c-55c4-4693-b1ff-82dae825c37b", "links": [{"href": "http://10.0.2.15:8774/ff49d543224d4fe2bfcf811c9e0a4b85/images/b158833c-55c4-4693-b1ff-82dae825c37b", "rel": "bookmark"}]}, "OS-EXT-STS:task_state": "spawning", "OS-EXT-STS:vm_state": "building", "OS-SRV-USG:launched_at": null, "flavor": {"id": "42", "links": [{"href": "http://10.0.2.15:8774/ff49d543224d4fe2bfcf811c9e0a4b85/flavors/42", "rel": "bookmark"}]}, "id": "a2370d93-0ed9-489b-bb81-cffb71f3540e", "security_groups": [{"name": "tempest-secgroup-smoke-82884973"}], "OS-SRV-USG:terminated_at": null, "OS-EXT-AZ:availability_zone": "nova", "user_id": "2eab16e3e938410381c30823ab81b388", "name": "tempest.common.compute-instance-1156187984", "created": "2015-12-19T02:48:18Z", "tenant_id": "ff49d543224d4fe2bfcf811c9e0a4b85", "OS-DCF:diskConfig": "MANUAL", "os-extended-volumes:volumes_attached": [], "accessIPv4": "", "accessIPv6": "", "progress": 0, "OS-EXT-STS:power_state": 0, "config_drive": "", "metadata": {}}}
2015-12-19 02:48:22,890 21150 INFO     [tempest_lib.common.rest_client] Request (TestNetworkAdvancedServerOps:test_server_connectivity_pause_unpause): 200 GET http://10.0.2.15:8774/v2.1/ff49d543224d4fe2bfcf811c9e0a4b85/servers/a2370d93-0ed9-489b-bb81-cffb71f3540e 0.287s
2015-12-19 02:48:22,891 21150 DEBUG    [tempest_lib.common.rest_client] Request - Headers: {'Content-Type': 'application/json', 'Accept': 'application/json', 'X-Auth-Token': '&lt;omitted&gt;'}
        Body: None
    Response - Headers: {'status': '200', 'content-length': '1660', 'content-location': 'http://10.0.2.15:8774/v2.1/ff49d543224d4fe2bfcf811c9e0a4b85/servers/a2370d93-0ed9-489b-bb81-cffb71f3540e', 'x-compute-request-id': 'req-a30136d4-8142-4147-ae9e-3b9af4e6f267', 'vary': 'X-OpenStack-Nova-API-Version', 'connection': 'close', 'x-openstack-nova-api-version': '2.1', 'date': 'Sat, 19 Dec 2015 02:48:22 GMT', 'content-type': 'application/json'}
        Body: {"server": {"status": "ACTIVE", "updated": "2015-12-19T02:48:22Z", "hostId": "40b251188eacffcf32569e18493d0ec031533f464829eac7f042374c", "addresses": {"tempest-network-smoke--236726196": [{"OS-EXT-IPS-MAC:mac_addr": "fa:16:3e:65:dc:75", "version": 4, "addr": "10.100.0.3", "OS-EXT-IPS:type": "fixed"}]}, "links": [{"href": "http://10.0.2.15:8774/v2.1/ff49d543224d4fe2bfcf811c9e0a4b85/servers/a2370d93-0ed9-489b-bb81-cffb71f3540e", "rel": "self"}, {"href": "http://10.0.2.15:8774/ff49d543224d4fe2bfcf811c9e0a4b85/servers/a2370d93-0ed9-489b-bb81-cffb71f3540e", "rel": "bookmark"}], "key_name": "tempest-TestNetworkAdvancedServerOps-1671811978", "image": {"id": "b158833c-55c4-4693-b1ff-82dae825c37b", "links": [{"href": "http://10.0.2.15:8774/ff49d543224d4fe2bfcf811c9e0a4b85/images/b158833c-55c4-4693-b1ff-82dae825c37b", "rel": "bookmark"}]}, "OS-EXT-STS:task_state": null, "OS-EXT-STS:vm_state": "active", "OS-SRV-USG:launched_at": "2015-12-19T02:48:22.000000", "flavor": {"id": "42", "links": [{"href": "http://10.0.2.15:8774/ff49d543224d4fe2bfcf811c9e0a4b85/flavors/42", "rel": "bookmark"}]}, "id": "a2370d93-0ed9-489b-bb81-cffb71f3540e", "security_groups": [{"name": "tempest-secgroup-smoke-82884973"}], "OS-SRV-USG:terminated_at": null, "OS-EXT-AZ:availability_zone": "nova", "user_id": "2eab16e3e938410381c30823ab81b388", "name": "tempest.common.compute-instance-1156187984", "created": "2015-12-19T02:48:18Z", "tenant_id": "ff49d543224d4fe2bfcf811c9e0a4b85", "OS-DCF:diskConfig": "MANUAL", "os-extended-volumes:volumes_attached": [], "accessIPv4": "", "accessIPv6": "", "progress": 0, "OS-EXT-STS:power_state": 1, "config_drive": "True", "metadata": {}}}
2015-12-19 02:48:22,900 21150 INFO     [tempest.common.waiters] State transition "BUILD/spawning" ==&gt; "ACTIVE/None" after 4 second wait
2015-12-19 02:48:23,103 21150 INFO     [tempest_lib.common.rest_client] Request (TestNetworkAdvancedServerOps:test_server_connectivity_pause_unpause): 200 GET http://10.0.2.15:8774/v2.1/ff49d543224d4fe2bfcf811c9e0a4b85/servers/a2370d93-0ed9-489b-bb81-cffb71f3540e 0.202s
2015-12-19 02:48:23,103 21150 DEBUG    [tempest_lib.common.rest_client] Request - Headers: {'Content-Type': 'application/json', 'Accept': 'application/json', 'X-Auth-Token': '&lt;omitted&gt;'}
        Body: None
    Response - Headers: {'status': '200', 'content-length': '1660', 'content-location': 'http://10.0.2.15:8774/v2.1/ff49d543224d4fe2bfcf811c9e0a4b85/servers/a2370d93-0ed9-489b-bb81-cffb71f3540e', 'x-compute-request-id': 'req-35ec8dc8-5f52-4091-9dd4-5ae4c46b5253', 'vary': 'X-OpenStack-Nova-API-Version', 'connection': 'close', 'x-openstack-nova-api-version': '2.1', 'date': 'Sat, 19 Dec 2015 02:48:23 GMT', 'content-type': 'application/json'}
        Body: {"server": {"status": "ACTIVE", "updated": "2015-12-19T02:48:22Z", "hostId": "40b251188eacffcf32569e18493d0ec031533f464829eac7f042374c", "addresses": {"tempest-network-smoke--236726196": [{"OS-EXT-IPS-MAC:mac_addr": "fa:16:3e:65:dc:75", "version": 4, "addr": "10.100.0.3", "OS-EXT-IPS:type": "fixed"}]}, "links": [{"href": "http://10.0.2.15:8774/v2.1/ff49d543224d4fe2bfcf811c9e0a4b85/servers/a2370d93-0ed9-489b-bb81-cffb71f3540e", "rel": "self"}, {"href": "http://10.0.2.15:8774/ff49d543224d4fe2bfcf811c9e0a4b85/servers/a2370d93-0ed9-489b-bb81-cffb71f3540e", "rel": "bookmark"}], "key_name": "tempest-TestNetworkAdvancedServerOps-1671811978", "image": {"id": "b158833c-55c4-4693-b1ff-82dae825c37b", "links": [{"href": "http://10.0.2.15:8774/ff49d543224d4fe2bfcf811c9e0a4b85/images/b158833c-55c4-4693-b1ff-82dae825c37b", "rel": "bookmark"}]}, "OS-EXT-STS:task_state": null, "OS-EXT-STS:vm_state": "active", "OS-SRV-USG:launched_at": "2015-12-19T02:48:22.000000", "flavor": {"id": "42", "links": [{"href": "http://10.0.2.15:8774/ff49d543224d4fe2bfcf811c9e0a4b85/flavors/42", "rel": "bookmark"}]}, "id": "a2370d93-0ed9-489b-bb81-cffb71f3540e", "security_groups": [{"name": "tempest-secgroup-smoke-82884973"}], "OS-SRV-USG:terminated_at": null, "OS-EXT-AZ:availability_zone": "nova", "user_id": "2eab16e3e938410381c30823ab81b388", "name": "tempest.common.compute-instance-1156187984", "created": "2015-12-19T02:48:18Z", "tenant_id": "ff49d543224d4fe2bfcf811c9e0a4b85", "OS-DCF:diskConfig": "MANUAL", "os-extended-volumes:volumes_attached": [], "accessIPv4": "", "accessIPv6": "", "progress": 0, "OS-EXT-STS:power_state": 1, "config_drive": "True", "metadata": {}}}
2015-12-19 02:48:23,149 21150 INFO     [tempest_lib.common.rest_client] Request (TestNetworkAdvancedServerOps:test_server_connectivity_pause_unpause): 200 GET http://10.0.2.15:9696/v2.0/ports?status=ACTIVE&amp;fixed_ip=None&amp;device_id=a2370d93-0ed9-489b-bb81-cffb71f3540e 0.030s
2015-12-19 02:48:23,149 21150 DEBUG    [tempest_lib.common.rest_client] Request - Headers: {'Content-Type': 'application/json', 'Accept': 'application/json', 'X-Auth-Token': '&lt;omitted&gt;'}
        Body: None
    Response - Headers: {'status': '200', 'content-length': '895', 'content-location': 'http://10.0.2.15:9696/v2.0/ports?status=ACTIVE&amp;fixed_ip=None&amp;device_id=a2370d93-0ed9-489b-bb81-cffb71f3540e', 'connection': 'close', 'date': 'Sat, 19 Dec 2015 02:48:23 GMT', 'content-type': 'application/json; charset=UTF-8', 'x-openstack-request-id': 'req-4a1ac580-1a42-45d5-8206-9a7f758dd890'}
        Body: {"ports": [{"status": "ACTIVE", "binding:host_id": "vagrant-ubuntu-trusty-64", "allowed_address_pairs": [], "extra_dhcp_opts": [], "dns_assignment": [{"hostname": "host-10-100-0-3", "ip_address": "10.100.0.3", "fqdn": "host-10-100-0-3.openstacklocal."}], "device_owner": "compute:None", "port_security_enabled": true, "binding:profile": {}, "fixed_ips": [{"subnet_id": "8d15e4eb-df0a-4b3e-8402-fc23c5b50c33", "ip_address": "10.100.0.3"}], "id": "04fcf5f9-5094-44e7-ad3b-299997714f34", "security_groups": ["74a2e270-e433-4e06-874b-d00ff3efb573"], "device_id": "a2370d93-0ed9-489b-bb81-cffb71f3540e", "name": "", "admin_state_up": true, "network_id": "f78b9d71-93e7-4053-b197-5f1dd5c02a7e", "dns_name": "", "binding:vif_details": {"port_filter": true}, "binding:vnic_type": "normal", "binding:vif_type": "ovs", "tenant_id": "ff49d543224d4fe2bfcf811c9e0a4b85", "mac_address": "fa:16:3e:65:dc:75"}]}
2015-12-19 02:48:23,845 21150 INFO     [tempest_lib.common.rest_client] Request (TestNetworkAdvancedServerOps:test_server_connectivity_pause_unpause): 201 POST http://10.0.2.15:9696/v2.0/floatingips 0.695s
2015-12-19 02:48:23,846 21150 DEBUG    [tempest_lib.common.rest_client] Request - Headers: {'Content-Type': 'application/json', 'Accept': 'application/json', 'X-Auth-Token': '&lt;omitted&gt;'}
        Body: {"floatingip": {"floating_network_id": "708be615-1c56-4a0b-aa14-981ec4dbb888", "tenant_id": "ff49d543224d4fe2bfcf811c9e0a4b85", "fixed_ip_address": "10.100.0.3", "port_id": "04fcf5f9-5094-44e7-ad3b-299997714f34"}}
    Response - Headers: {'status': '201', 'content-length': '367', 'connection': 'close', 'date': 'Sat, 19 Dec 2015 02:48:23 GMT', 'content-type': 'application/json; charset=UTF-8', 'x-openstack-request-id': 'req-7334b634-b200-4316-ba71-9cb4e3605d33'}
        Body: {"floatingip": {"floating_network_id": "708be615-1c56-4a0b-aa14-981ec4dbb888", "router_id": "3e7ed6ce-721e-41e3-95ec-122ec3b8d032", "fixed_ip_address": "10.100.0.3", "floating_ip_address": "172.24.4.4", "tenant_id": "ff49d543224d4fe2bfcf811c9e0a4b85", "status": "DOWN", "port_id": "04fcf5f9-5094-44e7-ad3b-299997714f34", "id": "6a4ca421-c753-4215-96b4-13e95a04e1e0"}}
2015-12-19 02:48:24,066 21150 INFO     [tempest_lib.common.rest_client] Request (TestNetworkAdvancedServerOps:test_server_connectivity_pause_unpause): 200 GET http://10.0.2.15:8774/v2.1/ff49d543224d4fe2bfcf811c9e0a4b85/servers/a2370d93-0ed9-489b-bb81-cffb71f3540e 0.220s
2015-12-19 02:48:24,067 21150 DEBUG    [tempest_lib.common.rest_client] Request - Headers: {'Content-Type': 'application/json', 'Accept': 'application/json', 'X-Auth-Token': '&lt;omitted&gt;'}
        Body: None
    Response - Headers: {'status': '200', 'content-length': '1660', 'content-location': 'http://10.0.2.15:8774/v2.1/ff49d543224d4fe2bfcf811c9e0a4b85/servers/a2370d93-0ed9-489b-bb81-cffb71f3540e', 'x-compute-request-id': 'req-f1887a1c-efbf-4069-a0cb-69476d669771', 'vary': 'X-OpenStack-Nova-API-Version', 'connection': 'close', 'x-openstack-nova-api-version': '2.1', 'date': 'Sat, 19 Dec 2015 02:48:24 GMT', 'content-type': 'application/json'}
        Body: {"server": {"status": "ACTIVE", "updated": "2015-12-19T02:48:22Z", "hostId": "40b251188eacffcf32569e18493d0ec031533f464829eac7f042374c", "addresses": {"tempest-network-smoke--236726196": [{"OS-EXT-IPS-MAC:mac_addr": "fa:16:3e:65:dc:75", "version": 4, "addr": "10.100.0.3", "OS-EXT-IPS:type": "fixed"}]}, "links": [{"href": "http://10.0.2.15:8774/v2.1/ff49d543224d4fe2bfcf811c9e0a4b85/servers/a2370d93-0ed9-489b-bb81-cffb71f3540e", "rel": "self"}, {"href": "http://10.0.2.15:8774/ff49d543224d4fe2bfcf811c9e0a4b85/servers/a2370d93-0ed9-489b-bb81-cffb71f3540e", "rel": "bookmark"}], "key_name": "tempest-TestNetworkAdvancedServerOps-1671811978", "image": {"id": "b158833c-55c4-4693-b1ff-82dae825c37b", "links": [{"href": "http://10.0.2.15:8774/ff49d543224d4fe2bfcf811c9e0a4b85/images/b158833c-55c4-4693-b1ff-82dae825c37b", "rel": "bookmark"}]}, "OS-EXT-STS:task_state": null, "OS-EXT-STS:vm_state": "active", "OS-SRV-USG:launched_at": "2015-12-19T02:48:22.000000", "flavor": {"id": "42", "links": [{"href": "http://10.0.2.15:8774/ff49d543224d4fe2bfcf811c9e0a4b85/flavors/42", "rel": "bookmark"}]}, "id": "a2370d93-0ed9-489b-bb81-cffb71f3540e", "security_groups": [{"name": "tempest-secgroup-smoke-82884973"}], "OS-SRV-USG:terminated_at": null, "OS-EXT-AZ:availability_zone": "nova", "user_id": "2eab16e3e938410381c30823ab81b388", "name": "tempest.common.compute-instance-1156187984", "created": "2015-12-19T02:48:18Z", "tenant_id": "ff49d543224d4fe2bfcf811c9e0a4b85", "OS-DCF:diskConfig": "MANUAL", "os-extended-volumes:volumes_attached": [], "accessIPv4": "", "accessIPv6": "", "progress": 0, "OS-EXT-STS:power_state": 1, "config_drive": "True", "metadata": {}}}
2015-12-19 02:48:24,077 21150 INFO     [tempest.scenario.manager] Tenant networks not configured to be reachable.
2015-12-19 02:48:24,092 21150 INFO     [tempest_lib.common.rest_client] Request (TestNetworkAdvancedServerOps:test_server_connectivity_pause_unpause): 200 GET http://10.0.2.15:9696/v2.0/floatingips/6a4ca421-c753-4215-96b4-13e95a04e1e0 0.015s
2015-12-19 02:48:24,092 21150 DEBUG    [tempest_lib.common.rest_client] Request - Headers: {'Content-Type': 'application/json', 'Accept': 'application/json', 'X-Auth-Token': '&lt;omitted&gt;'}
        Body: None
    Response - Headers: {'status': '200', 'content-length': '367', 'content-location': 'http://10.0.2.15:9696/v2.0/floatingips/6a4ca421-c753-4215-96b4-13e95a04e1e0', 'connection': 'close', 'date': 'Sat, 19 Dec 2015 02:48:24 GMT', 'content-type': 'application/json; charset=UTF-8', 'x-openstack-request-id': 'req-9ce81e11-9aab-403d-8e95-2c4e51a3847a'}
        Body: {"floatingip": {"floating_network_id": "708be615-1c56-4a0b-aa14-981ec4dbb888", "router_id": "3e7ed6ce-721e-41e3-95ec-122ec3b8d032", "fixed_ip_address": "10.100.0.3", "floating_ip_address": "172.24.4.4", "tenant_id": "ff49d543224d4fe2bfcf811c9e0a4b85", "status": "DOWN", "port_id": "04fcf5f9-5094-44e7-ad3b-299997714f34", "id": "6a4ca421-c753-4215-96b4-13e95a04e1e0"}}
2015-12-19 02:48:25,110 21150 INFO     [tempest_lib.common.rest_client] Request (TestNetworkAdvancedServerOps:test_server_connectivity_pause_unpause): 200 GET http://10.0.2.15:9696/v2.0/floatingips/6a4ca421-c753-4215-96b4-13e95a04e1e0 0.016s
2015-12-19 02:48:25,111 21150 DEBUG    [tempest_lib.common.rest_client] Request - Headers: {'Content-Type': 'application/json', 'Accept': 'application/json', 'X-Auth-Token': '&lt;omitted&gt;'}
        Body: None
    Response - Headers: {'status': '200', 'content-length': '369', 'content-location': 'http://10.0.2.15:9696/v2.0/floatingips/6a4ca421-c753-4215-96b4-13e95a04e1e0', 'connection': 'close', 'date': 'Sat, 19 Dec 2015 02:48:25 GMT', 'content-type': 'application/json; charset=UTF-8', 'x-openstack-request-id': 'req-375f553d-9a63-4bfa-9603-d70f48a6c4aa'}
        Body: {"floatingip": {"floating_network_id": "708be615-1c56-4a0b-aa14-981ec4dbb888", "router_id": "3e7ed6ce-721e-41e3-95ec-122ec3b8d032", "fixed_ip_address": "10.100.0.3", "floating_ip_address": "172.24.4.4", "tenant_id": "ff49d543224d4fe2bfcf811c9e0a4b85", "status": "ACTIVE", "port_id": "04fcf5f9-5094-44e7-ad3b-299997714f34", "id": "6a4ca421-c753-4215-96b4-13e95a04e1e0"}}
2015-12-19 02:48:25,111 21150 INFO     [tempest.scenario.manager] FloatingIP: &lt;"FloatingIP" addr="172.24.4.4" id="6a4ca421-c753-4215-96b4-13e95a04e1e0"&gt; is at status: ACTIVE
2015-12-19 02:48:25,112 21150 DEBUG    [tempest.scenario.manager] checking network connections to IP 172.24.4.4 with user: cirros
2015-12-19 02:48:25,112 21150 DEBUG    [tempest.scenario.manager] TestNetworkAdvancedServerOps:test_server_connectivity_pause_unpause begins to ping 172.24.4.4 in 120 sec and the expected result is reachable
2015-12-19 02:50:25,403 21150 DEBUG    [tempest.scenario.manager] TestNetworkAdvancedServerOps:test_server_connectivity_pause_unpause finishes ping 172.24.4.4 in 120 sec and the ping result is unexpected
2015-12-19 02:50:25,405 21150 ERROR    [tempest.scenario.manager] Public network connectivity check failed
2015-12-19 02:50:25.405 21150 ERROR tempest.scenario.manager Traceback (most recent call last):
2015-12-19 02:50:25.405 21150 ERROR tempest.scenario.manager   File "tempest/scenario/manager.py", line 608, in check_public_network_connectivity
2015-12-19 02:50:25.405 21150 ERROR tempest.scenario.manager     should_connect=should_connect)
2015-12-19 02:50:25.405 21150 ERROR tempest.scenario.manager   File "tempest/scenario/manager.py", line 592, in check_vm_connectivity
2015-12-19 02:50:25.405 21150 ERROR tempest.scenario.manager     msg=msg)
2015-12-19 02:50:25.405 21150 ERROR tempest.scenario.manager   File "/usr/local/lib/python2.7/dist-packages/unittest2/case.py", line 702, in assertTrue
2015-12-19 02:50:25.405 21150 ERROR tempest.scenario.manager     raise self.failureException(msg)
2015-12-19 02:50:25.405 21150 ERROR tempest.scenario.manager AssertionError: False is not true : Timed out waiting for 172.24.4.4 to become reachable
2015-12-19 02:50:25.405 21150 ERROR tempest.scenario.manager 
2015-12-19 02:50:25,612 21150 INFO     [tempest_lib.common.rest_client] Request (TestNetworkAdvancedServerOps:test_server_connectivity_pause_unpause): 200 POST http://10.0.2.15:8774/v2.1/ff49d543224d4fe2bfcf811c9e0a4b85/servers/a2370d93-0ed9-489b-bb81-cffb71f3540e/action 0.203s
2015-12-19 02:50:25,613 21150 DEBUG    [tempest_lib.common.rest_client] Request - Headers: {'Content-Type': 'application/json', 'Accept': 'application/json', 'X-Auth-Token': '&lt;omitted&gt;'}
        Body: {"os-getConsoleOutput": {}}
    Response - Headers: {'status': '200', 'content-length': '17582', 'x-compute-request-id': 'req-a2c34c2c-d290-4925-b33e-68221d0b0251', 'vary': 'X-OpenStack-Nova-API-Version', 'connection': 'close', 'x-openstack-nova-api-version': '2.1', 'date': 'Sat, 19 Dec 2015 02:50:25 GMT', 'content-type': 'application/json'}
        Body: {"output": "[    0.000000] Initializing cgroup subsys cpuset\n[    0.000000] Initializing cgroup subsys cpu\n[    0.000000] Linux version 3.2.0-80-virtual (buildd@batsu) (gcc version 4.6.3 (Ubuntu/Linaro 4.6.3-1ubuntu5) ) #116-Ubuntu SMP Mon Mar 23 17:28:52 UTC 2015 (Ubuntu 3.2.0-80.116-virtual 3.2.68)\n[    0.000000] Command line: root=/dev/vda console=tty0 console=ttyS0 no_timer_check\n[    0.000000] KERNEL supported cpus:\n[    0.000000]   Intel GenuineIntel\n[    0.000000]   AMD AuthenticAMD\n[    0.000000]   Centaur CentaurHauls\n[    0.000000] BIOS-provided physical RAM map:\n[    0.000000]  BIOS-e820: 0000000000000000 - 000000000009fc00 (usable)\n[    0.000000]  BIOS-e820: 000000000009fc00 - 00000000000a0000 (reserved)\n[    0.000000]  BIOS-e820: 00000000000f0000 - 0000000000100000 (reserved)\n[    0.000000]  BIOS-e820: 0000000000100000 - 0000000003ffe000 (usable)\n[    0.000000]  BIOS-e820: 0000000003ffe000 - 0000000004000000 (reserved)\n[    0.000000]  BIOS-e820: 00000000fffc0000 - 0000000100000000 (reserved)\n[    0.000000] NX (Execute Disable) protection: active\n[    0.000000] SMBIOS 2.4 present.\n[    0.000000] No AGP bridge found\n[    0.000000] last_pfn = 0x3ffe max_arch_pfn = 0x400000000\n[    0.000000] x86 PAT enabled: cpu 0, old 0x7040600070406, new 0x7010600070106\n[    0.000000] found SMP MP-table at [ffff8800000f0b00] f0b00\n[    0.000000] init_memory_mapping: 0000000000000000-0000000003ffe000\n[    0.000000] RAMDISK: 03c5e000 - 03ff0000\n[    0.000000] ACPI: RSDP 00000000000f0950 00014 (v00 BOCHS )\n[    0.000000] ACPI: RSDT 0000000003fffbc1 00034 (v01 BOCHS  BXPCRSDT 00000001 BXPC 00000001)\n[    0.000000] ACPI: FACP 0000000003fff1c0 00074 (v01 BOCHS  BXPCFACP 00000001 BXPC 00000001)\n[    0.000000] ACPI: DSDT 0000000003ffe040 01180 (v01 BOCHS  BXPCDSDT 00000001 BXPC 00000001)\n[    0.000000] ACPI: FACS 0000000003ffe000 00040\n[    0.000000] ACPI: SSDT 0000000003fff234 008DD (v01 BOCHS  BXPCSSDT 00000001 BXPC 00000001)\n[    0.000000] ACPI: APIC 0000000003fffb11 00078 (v01 BOCHS  BXPCAPIC 00000001 BXPC 00000001)\n[    0.000000] ACPI: HPET 0000000003fffb89 00038 (v01 BOCHS  BXPCHPET 00000001 BXPC 00000001)\n[    0.000000] No NUMA configuration found\n[    0.000000] Faking a node at 0000000000000000-0000000003ffe000\n[    0.000000] Initmem setup node 0 0000000000000000-0000000003ffe000\n[    0.000000]   NODE_DATA [0000000003ff6000 - 0000000003ffafff]\n[    0.000000] Zone PFN ranges:\n[    0.000000]   DMA      0x00000010 -&gt; 0x00001000\n[    0.000000]   DMA32    0x00001000 -&gt; 0x00100000\n[    0.000000]   Normal   empty\n[    0.000000] Movable zone start PFN for each node\n[    0.000000] early_node_map[2] active PFN ranges\n[    0.000000]     0: 0x00000010 -&gt; 0x0000009f\n[    0.000000]     0: 0x00000100 -&gt; 0x00003ffe\n[    0.000000] ACPI: PM-Timer IO Port: 0xb008\n[    0.000000] ACPI: LAPIC (acpi_id[0x00] lapic_id[0x00] enabled)\n[    0.000000] ACPI: LAPIC_NMI (acpi_id[0xff] dfl dfl lint[0x1])\n[    0.000000] ACPI: IOAPIC (id[0x00] address[0xfec00000] gsi_base[0])\n[    0.000000] IOAPIC[0]: apic_id 0, version 17, address 0xfec00000, GSI 0-23\n[    0.000000] ACPI: INT_SRC_OVR (bus 0 bus_irq 0 global_irq 2 dfl dfl)\n[    0.000000] ACPI: INT_SRC_OVR (bus 0 bus_irq 5 global_irq 5 high level)\n[    0.000000] ACPI: INT_SRC_OVR (bus 0 bus_irq 9 global_irq 9 high level)\n[    0.000000] ACPI: INT_SRC_OVR (bus 0 bus_irq 10 global_irq 10 high level)\n[    0.000000] ACPI: INT_SRC_OVR (bus 0 bus_irq 11 global_irq 11 high level)\n[    0.000000] Using ACPI (MADT) for SMP configuration information\n[    0.000000] ACPI: HPET id: 0x8086a201 base: 0xfed00000\n[    0.000000] SMP: Allowing 1 CPUs, 0 hotplug CPUs\n[    0.000000] PM: Registered nosave memory: 000000000009f000 - 00000000000a0000\n[    0.000000] PM: Registered nosave memory: 00000000000a0000 - 00000000000f0000\n[    0.000000] PM: Registered nosave memory: 00000000000f0000 - 0000000000100000\n[    0.000000] Allocating PCI resources starting at 4000000 (gap: 4000000:fbfc0000)\n[    0.000000] Booting paravirtualized kernel on bare hardware\n[    0.000000] setup_pe
2015-12-19 02:50:25,618 21150 DEBUG    [tempest.scenario.manager] Console output for a2370d93-0ed9-489b-bb81-cffb71f3540e
body=
[    0.000000] Initializing cgroup subsys cpuset
[    0.000000] Initializing cgroup subsys cpu
[    0.000000] Linux version 3.2.0-80-virtual (buildd@batsu) (gcc version 4.6.3 (Ubuntu/Linaro 4.6.3-1ubuntu5) ) #116-Ubuntu SMP Mon Mar 23 17:28:52 UTC 2015 (Ubuntu 3.2.0-80.116-virtual 3.2.68)
[    0.000000] Command line: root=/dev/vda console=tty0 console=ttyS0 no_timer_check
[    0.000000] KERNEL supported cpus:
[    0.000000]   Intel GenuineIntel
[    0.000000]   AMD AuthenticAMD
[    0.000000]   Centaur CentaurHauls
[    0.000000] BIOS-provided physical RAM map:
[    0.000000]  BIOS-e820: 0000000000000000 - 000000000009fc00 (usable)
[    0.000000]  BIOS-e820: 000000000009fc00 - 00000000000a0000 (reserved)
[    0.000000]  BIOS-e820: 00000000000f0000 - 0000000000100000 (reserved)
[    0.000000]  BIOS-e820: 0000000000100000 - 0000000003ffe000 (usable)
[    0.000000]  BIOS-e820: 0000000003ffe000 - 0000000004000000 (reserved)
[    0.000000]  BIOS-e820: 00000000fffc0000 - 0000000100000000 (reserved)
[    0.000000] NX (Execute Disable) protection: active
[    0.000000] SMBIOS 2.4 present.
[    0.000000] No AGP bridge found
[    0.000000] last_pfn = 0x3ffe max_arch_pfn = 0x400000000
[    0.000000] x86 PAT enabled: cpu 0, old 0x7040600070406, new 0x7010600070106
[    0.000000] found SMP MP-table at [ffff8800000f0b00] f0b00
[    0.000000] init_memory_mapping: 0000000000000000-0000000003ffe000
[    0.000000] RAMDISK: 03c5e000 - 03ff0000
[    0.000000] ACPI: RSDP 00000000000f0950 00014 (v00 BOCHS )
[    0.000000] ACPI: RSDT 0000000003fffbc1 00034 (v01 BOCHS  BXPCRSDT 00000001 BXPC 00000001)
[    0.000000] ACPI: FACP 0000000003fff1c0 00074 (v01 BOCHS  BXPCFACP 00000001 BXPC 00000001)
[    0.000000] ACPI: DSDT 0000000003ffe040 01180 (v01 BOCHS  BXPCDSDT 00000001 BXPC 00000001)
[    0.000000] ACPI: FACS 0000000003ffe000 00040
[    0.000000] ACPI: SSDT 0000000003fff234 008DD (v01 BOCHS  BXPCSSDT 00000001 BXPC 00000001)
[    0.000000] ACPI: APIC 0000000003fffb11 00078 (v01 BOCHS  BXPCAPIC 00000001 BXPC 00000001)
[    0.000000] ACPI: HPET 0000000003fffb89 00038 (v01 BOCHS  BXPCHPET 00000001 BXPC 00000001)
[    0.000000] No NUMA configuration found
[    0.000000] Faking a node at 0000000000000000-0000000003ffe000
[    0.000000] Initmem setup node 0 0000000000000000-0000000003ffe000
[    0.000000]   NODE_DATA [0000000003ff6000 - 0000000003ffafff]
[    0.000000] Zone PFN ranges:
[    0.000000]   DMA      0x00000010 -&gt; 0x00001000
[    0.000000]   DMA32    0x00001000 -&gt; 0x00100000
[    0.000000]   Normal   empty
[    0.000000] Movable zone start PFN for each node
[    0.000000] early_node_map[2] active PFN ranges
[    0.000000]     0: 0x00000010 -&gt; 0x0000009f
[    0.000000]     0: 0x00000100 -&gt; 0x00003ffe
[    0.000000] ACPI: PM-Timer IO Port: 0xb008
[    0.000000] ACPI: LAPIC (acpi_id[0x00] lapic_id[0x00] enabled)
[    0.000000] ACPI: LAPIC_NMI (acpi_id[0xff] dfl dfl lint[0x1])
[    0.000000] ACPI: IOAPIC (id[0x00] address[0xfec00000] gsi_base[0])
[    0.000000] IOAPIC[0]: apic_id 0, version 17, address 0xfec00000, GSI 0-23
[    0.000000] ACPI: INT_SRC_OVR (bus 0 bus_irq 0 global_irq 2 dfl dfl)
[    0.000000] ACPI: INT_SRC_OVR (bus 0 bus_irq 5 global_irq 5 high level)
[    0.000000] ACPI: INT_SRC_OVR (bus 0 bus_irq 9 global_irq 9 high level)
[    0.000000] ACPI: INT_SRC_OVR (bus 0 bus_irq 10 global_irq 10 high level)
[    0.000000] ACPI: INT_SRC_OVR (bus 0 bus_irq 11 global_irq 11 high level)
[    0.000000] Using ACPI (MADT) for SMP configuration information
[    0.000000] ACPI: HPET id: 0x8086a201 base: 0xfed00000
[    0.000000] SMP: Allowing 1 CPUs, 0 hotplug CPUs
[    0.000000] PM: Registered nosave memory: 000000000009f000 - 00000000000a0000
[    0.000000] PM: Registered nosave memory: 00000000000a0000 - 00000000000f0000
[    0.000000] PM: Registered nosave memory: 00000000000f0000 - 0000000000100000
[    0.000000] Allocating PCI resources starting at 4000000 (gap: 4000000:fbfc0000)
[    0.000000] Booting paravirtualized kernel on bare hardware
[    0.000000] setup_percpu: NR_CPUS:64 nr_cpumask_bits:64 nr_cpu_ids:1 nr_node_ids:1
[    0.000000] PERCPU: Embedded 27 pages/cpu @ffff880003a00000 s78848 r8192 d23552 u2097152
[    0.000000] Built 1 zonelists in Node order, mobility grouping on.  Total pages: 16008
[    0.000000] Policy zone: DMA32
[    0.000000] Kernel command line: root=/dev/vda console=tty0 console=ttyS0 no_timer_check
[    0.000000] PID hash table entries: 256 (order: -1, 2048 bytes)
[    0.000000] Checking aperture...
[    0.000000] No AGP bridge found
[    0.000000] Memory: 43492k/65528k available (6576k kernel code, 452k absent, 21584k reserved, 6620k data, 928k init)
[    0.000000] SLUB: Genslabs=15, HWalign=64, Order=0-3, MinObjects=0, CPUs=1, Nodes=1
[    0.000000] Hierarchical RCU implementation.
[    0.000000] 	RCU dyntick-idle grace-period acceleration is enabled.
[    0.000000] NR_IRQS:4352 nr_irqs:256 16
[    0.000000] Console: colour VGA+ 80x25
[    0.000000] console [tty0] enabled
[    0.000000] console [ttyS0] enabled
[    0.000000] allocated 1048576 bytes of page_cgroup
[    0.000000] please try 'cgroup_disable=memory' option if you don't want memory cgroups
[    0.000000] Fast TSC calibration failed
[    0.000000] TSC: Unable to calibrate against PIT
[    0.000000] TSC: using HPET reference calibration
[    0.000000] Detected 2293.123 MHz processor.
[    0.032850] Calibrating delay loop (skipped), value calculated using timer frequency.. 4586.24 BogoMIPS (lpj=9172492)
[    0.034851] pid_max: default: 32768 minimum: 301
[    0.042985] Security Framework initialized
[    0.047092] AppArmor: AppArmor initialized
[    0.048115] Yama: becoming mindful.
[    0.054236] Dentry cache hash table entries: 8192 (order: 4, 65536 bytes)
[    0.056379] Inode-cache hash table entries: 4096 (order: 3, 32768 bytes)
[    0.057507] Mount-cache hash table entries: 256
[    0.074204] Initializing cgroup subsys cpuacct
[    0.075185] Initializing cgroup subsys memory
[    0.076855] Initializing cgroup subsys devices
[    0.077564] Initializing cgroup subsys freezer
[    0.078270] Initializing cgroup subsys blkio
[    0.080182] Initializing cgroup subsys perf_event
[    0.084601] mce: CPU supports 10 MCE banks
[    0.088166] SMP alternatives: switching to UP code
[    0.493141] Freeing SMP alternatives: 24k freed
[    0.496792] ACPI: Core revision 20110623
[    0.560362] ftrace: allocating 26610 entries in 105 pages
[    0.597361] ..TIMER: vector=0x30 apic1=0 pin1=2 apic2=-1 pin2=-1
[    0.598678] CPU0: AMD QEMU Virtual CPU version 2.0.0 stepping 03
[    0.604037] APIC calibration not consistent with PM-Timer: 101ms instead of 100ms
[    0.604037] APIC delta adjusted to PM-Timer: 6250235 (6344630)
[    0.604037] Performance Events: Broken PMU hardware detected, using software events only.
[    0.614476] NMI watchdog disabled (cpu0): hardware events not enabled
[    0.617258] Brought up 1 CPUs
[    0.618115] Total of 1 processors activated (4586.24 BogoMIPS).
[    0.651133] devtmpfs: initialized
[    0.693751] EVM: security.selinux
[    0.694482] EVM: security.SMACK64
[    0.694934] EVM: security.capability
[    0.718606] print_constraints: dummy: 
[    0.721230] RTC time:  2:48:25, date: 12/19/15
[    0.725085] NET: Registered protocol family 16
[    0.734674] ACPI: bus type pci registered
[    0.742100] PCI: Using configuration type 1 for base access
[    0.792494] bio: create slab &lt;bio-0&gt; at 0
[    0.798181] ACPI: Added _OSI(Module Device)
[    0.798761] ACPI: Added _OSI(Processor Device)
[    0.800135] ACPI: Added _OSI(3.0 _SCP Extensions)
[    0.800915] ACPI: Added _OSI(Processor Aggregator Device)
[    0.876909] ACPI: Interpreter enabled
[    0.877663] ACPI: (supports S0 S3 S4 S5)
[    0.880418] ACPI: Using IOAPIC for interrupt routing
[    0.952434] ACPI: No dock devices found.
[    0.953010] HEST: Table not found.
[    0.953757] PCI: Using host bridge windows from ACPI; if necessary, use "pci=nocrs" and report a bug
[    0.960412] ACPI: PCI Root Bridge [PCI0] (domain 0000 [bus 00-ff])
[    0.965645] pci_root PNP0A03:00: host bridge window [io  0x0000-0x0cf7]
[    0.966518] pci_root PNP0A03:00: host bridge window [io  0x0d00-0xadff]
[    0.968114] pci_root PNP0A03:00: host bridge window [io  0xae0f-0xaeff]
[    0.969004] pci_root PNP0A03:00: host bridge window [io  0xaf20-0xafdf]
[    0.969756] pci_root PNP0A03:00: host bridge window [io  0xafe4-0xffff]
[    0.970488] pci_root PNP0A03:00: host bridge window [mem 0x000a0000-0x000bffff]
[    0.972111] pci_root PNP0A03:00: host bridge window [mem 0x04000000-0xfebfffff]
[    0.995066] pci 0000:00:01.3: quirk: [io  0xb000-0xb03f] claimed by PIIX4 ACPI
[    0.996171] pci 0000:00:01.3: quirk: [io  0xb100-0xb10f] claimed by PIIX4 SMB
[    1.060636]  pci0000:00: Unable to request _OSC control (_OSC support mask: 0x1e)
[    1.136243] ACPI: PCI Interrupt Link [LNKA] (IRQs 5 *10 11)
[    1.138390] ACPI: PCI Interrupt Link [LNKB] (IRQs 5 *10 11)
[    1.141020] ACPI: PCI Interrupt Link [LNKC] (IRQs 5 10 *11)
[    1.143234] ACPI: PCI Interrupt Link [LNKD] (IRQs 5 10 *11)
[    1.145341] ACPI: PCI Interrupt Link [LNKS] (IRQs *9)
[    1.153307] vgaarb: device added: PCI:0000:00:02.0,decodes=io+mem,owns=io+mem,locks=none
[    1.154990] vgaarb: loaded
[    1.155400] vgaarb: bridge control possible 0000:00:02.0
[    1.158613] i2c-core: driver [aat2870] using legacy suspend method
[    1.160141] i2c-core: driver [aat2870] using legacy resume method
[    1.162470] SCSI subsystem initialized
[    1.166471] usbcore: registered new interface driver usbfs
[    1.168611] usbcore: registered new interface driver hub
[    1.170417] usbcore: registered new device driver usb
[    1.174657] PCI: Using ACPI for IRQ routing
[    1.188498] NetLabel: Initializing
[    1.188923] NetLabel:  domain hash size = 128
[    1.189519] NetLabel:  protocols = UNLABELED CIPSOv4
[    1.196358] NetLabel:  unlabeled traffic allowed by default
[    1.201027] HPET: 3 timers in total, 0 timers will be used for per-cpu timer
[    1.204263] hpet0: at MMIO 0xfed00000, IRQs 2, 8, 0
[    1.205205] hpet0: 3 comparators, 64-bit 100.000000 MHz counter
[    1.217529] Switching to clocksource hpet
[    1.469717] AppArmor: AppArmor Filesystem Enabled
[    1.471201] pnp: PnP ACPI init
[    1.471808] ACPI: bus type pnp registered
[    1.494976] pnp: PnP ACPI: found 9 devices
[    1.495570] ACPI: ACPI bus type pnp unregistered
[    1.557817] NET: Registered protocol family 2
[    1.590179] IP route cache hash table entries: 512 (order: 0, 4096 bytes)
[    1.597108] TCP established hash table entries: 2048 (order: 3, 32768 bytes)
[    1.598456] TCP bind hash table entries: 2048 (order: 3, 32768 bytes)
[    1.599439] TCP: Hash tables configured (established 2048 bind 2048)
[    1.600500] TCP reno registered
[    1.601386] UDP hash table entries: 128 (order: 0, 4096 bytes)
[    1.602315] UDP-Lite hash table entries: 128 (order: 0, 4096 bytes)
[    1.605784] NET: Registered protocol family 1
[    1.606823] pci 0000:00:00.0: Limiting direct PCI/PCI transfers
[    1.607681] pci 0000:00:01.0: PIIX3: Enabling Passive Release
[    1.609316] pci 0000:00:01.0: Activating ISA DMA hang workarounds
[    1.614147] ACPI: PCI Interrupt Link [LNKD] enabled at IRQ 11
[    1.615165] pci 0000:00:01.2: PCI INT D -&gt; Link[LNKD] -&gt; GSI 11 (level, high) -&gt; IRQ 11
[    1.617740] pci 0000:00:01.2: PCI INT D disabled
[    1.635176] Trying to unpack rootfs image as initramfs...
[    1.651615] audit: initializing netlink socket (disabled)
[    1.653810] type=2000 audit(1450493305.652:1): initialized
[    1.923342] HugeTLB registered 2 MB page size, pre-allocated 0 pages
[    1.999262] VFS: Disk quotas dquot_6.5.2
[    2.001204] Dquot-cache hash table entries: 512 (order 0, 4096 bytes)
[    2.014665] fuse init (API version 7.17)
[    2.017888] msgmni has been set to 84
[    2.054245] Block layer SCSI generic (bsg) driver version 0.4 loaded (major 253)
[    2.055931] io scheduler noop registered
[    2.057684] io scheduler deadline registered (default)
[    2.058731] io scheduler cfq registered
[    2.062353] pci_hotplug: PCI Hot Plug PCI Core version: 0.5
[    2.064986] pciehp: PCI Express Hot Plug Controller Driver version: 0.4
[    2.069551] input: Power Button as /devices/LNXSYSTM:00/LNXPWRBN:00/input/input0
[    2.071922] ACPI: Power Button [PWRF]
[    2.129817] ERST: Table is not found!
[    2.130446] GHES: HEST is not enabled!
[    2.138687] ACPI: PCI Interrupt Link [LNKC] enabled at IRQ 10
[    2.139469] virtio-pci 0000:00:03.0: PCI INT A -&gt; Link[LNKC] -&gt; GSI 10 (level, high) -&gt; IRQ 10
[    2.145095] virtio-pci 0000:00:04.0: PCI INT A -&gt; Link[LNKD] -&gt; GSI 11 (level, high) -&gt; IRQ 11
[    2.163102] ACPI: PCI Interrupt Link [LNKA] enabled at IRQ 10
[    2.163768] virtio-pci 0000:00:05.0: PCI INT A -&gt; Link[LNKA] -&gt; GSI 10 (level, high) -&gt; IRQ 10
[    2.178651] Serial: 8250/16550 driver, 32 ports, IRQ sharing enabled
[    2.233148] serial8250: ttyS0 at I/O 0x3f8 (irq = 4) is a 16550A
[    2.321986] serial8250: ttyS1 at I/O 0x2f8 (irq = 3) is a 16550A
[    2.438435] 00:05: ttyS0 at I/O 0x3f8 (irq = 4) is a 16550A
[    2.529630] 00:06: ttyS1 at I/O 0x2f8 (irq = 3) is a 16550A
[    2.579081] Linux agpgart interface v0.103
[    2.621492] Refined TSC clocksource calibration: 2293.668 MHz.
[    2.622516] Switching to clocksource tsc
[    2.651615] brd: module loaded
[    2.686903] loop: module loaded
[    2.738720]  vda: unknown partition table
[    2.794089] scsi0 : ata_piix
[    2.797830] scsi1 : ata_piix
[    2.799274] ata1: PATA max MWDMA2 cmd 0x1f0 ctl 0x3f6 bmdma 0xc0a0 irq 14
[    2.800123] ata2: PATA max MWDMA2 cmd 0x170 ctl 0x376 bmdma 0xc0a8 irq 15
[    2.810931] Fixed MDIO Bus: probed
[    2.811831] tun: Universal TUN/TAP device driver, 1.6
[    2.812764] tun: (C) 1999-2004 Max Krasnyansky &lt;maxk@qualcomm.com&gt;
[    2.825791] PPP generic driver version 2.4.2
[    2.835129] ehci_hcd: USB 2.0 'Enhanced' Host Controller (EHCI) Driver
[    2.837080] ohci_hcd: USB 1.1 'Open' Host Controller (OHCI) Driver
[    2.838151] uhci_hcd: USB Universal Host Controller Interface driver
[    2.839257] uhci_hcd 0000:00:01.2: PCI INT D -&gt; Link[LNKD] -&gt; GSI 11 (level, high) -&gt; IRQ 11
[    2.842588] uhci_hcd 0000:00:01.2: UHCI Host Controller
[    2.862221] uhci_hcd 0000:00:01.2: new USB bus registered, assigned bus number 1
[    2.863945] uhci_hcd 0000:00:01.2: irq 11, io base 0x0000c040
[    2.891676] hub 1-0:1.0: USB hub found
[    2.894233] hub 1-0:1.0: 2 ports detected
[    2.900894] usbcore: registered new interface driver libusual
[    2.903460] i8042: PNP: PS/2 Controller [PNP0303:KBD,PNP0f13:MOU] at 0x60,0x64 irq 1,12
[    2.913352] serio: i8042 KBD port at 0x60,0x64 irq 1
[    2.915644] serio: i8042 AUX port at 0x60,0x64 irq 12
[    2.951363] mousedev: PS/2 mouse device common for all mice
[    2.966945] input: AT Translated Set 2 keyboard as /devices/platform/i8042/serio0/input/input1
[    2.971561] rtc_cmos 00:01: RTC can wake from S4
[    2.986032] rtc_cmos 00:01: rtc core: registered rtc_cmos as rtc0
[    2.990249] rtc0: alarms up to one day, 114 bytes nvram, hpet irqs
[    2.993435] device-mapper: uevent: version 1.0.3
[    3.020721] ata2.01: ATAPI: QEMU DVD-ROM, 2.0.0, max UDMA/100
[    3.028839] device-mapper: ioctl: 4.22.0-ioctl (2011-10-19) initialised: dm-devel@redhat.com
[    3.033705] cpuidle: using governor ladder
[    3.036035] cpuidle: using governor menu
[    3.038230] EFI Variables Facility v0.08 2004-May-17
[    3.049637] TCP cubic registered
[    3.053812] NET: Registered protocol family 10
[    3.082881] NET: Registered protocol family 17
[    3.084019] Registering the dns_resolver key type
[    3.095365] ata2.01: configured for MWDMA2
[    3.129133] scsi 1:0:1:0: CD-ROM            QEMU     QEMU DVD-ROM     2.0. PQ: 0 ANSI: 5
[    3.175680] sr0: scsi3-mmc drive: 4x/4x cd/rw xa/form2 tray
[    3.177279] cdrom: Uniform CD-ROM driver Revision: 3.20
[    3.194732] sr 1:0:1:0: Attached scsi generic sg0 type 5
[    3.234516] registered taskstats version 1
[    3.354817] Freeing initrd memory: 3656k freed
[    3.802475]   Magic number: 11:461:814
[    3.814510] rtc_cmos 00:01: setting system clock to 2015-12-19 02:48:28 UTC (1450493308)
[    3.818352] powernow-k8: Processor cpuid 663 not supported
[    3.823988] BIOS EDD facility v0.16 2004-Jun-25, 0 devices found
[    3.825591] EDD information not available.
[    3.890691] Freeing unused kernel memory: 928k freed
[    3.896800] Write protecting the kernel read-only data: 12288k
[    4.007697] Freeing unused kernel memory: 1596k freed
[    4.111247] Freeing unused kernel memory: 1184k freed

info: initramfs: up at 4.28
modprobe: module virtio_blk not found in modules.dep
modprobe: module virtio_net not found in modules.dep
info: copying initramfs to /dev/vda
info: initramfs loading root from /dev/vda
info: /etc/init.d/rc.sysinit: up at 8.96
info: container: none
Starting logging: OK
modprobe: module virtio_blk not found in modules.dep
modprobe: module virtio_net not found in modules.dep
WARN: /etc/rc3.d/S10-load-modules failed
Initializing random number generator... done.
Starting acpid: OK
cirros-ds 'local' up at 11.52
found datasource (configdrive, local)
Starting network...
udhcpc (v1.20.1) started
Sending discover...
Sending discover...

2015-12-19 02:50:25,912 21150 INFO     [tempest_lib.common.rest_client] Request (TestNetworkAdvancedServerOps:_run_cleanups): 204 DELETE http://10.0.2.15:9696/v2.0/floatingips/6a4ca421-c753-4215-96b4-13e95a04e1e0 0.289s
2015-12-19 02:50:25,912 21150 DEBUG    [tempest_lib.common.rest_client] Request - Headers: {'Content-Type': 'application/json', 'Accept': 'application/json', 'X-Auth-Token': '&lt;omitted&gt;'}
        Body: None
    Response - Headers: {'date': 'Sat, 19 Dec 2015 02:50:25 GMT', 'status': '204', 'connection': 'close', 'content-length': '0', 'x-openstack-request-id': 'req-87c4be4d-cc23-4b2f-a87c-a11a2e0846e2'}
        Body: 
2015-12-19 02:50:26,133 21150 INFO     [tempest_lib.common.rest_client] Request (TestNetworkAdvancedServerOps:_run_cleanups): 204 DELETE http://10.0.2.15:8774/v2.1/ff49d543224d4fe2bfcf811c9e0a4b85/servers/a2370d93-0ed9-489b-bb81-cffb71f3540e 0.220s
2015-12-19 02:50:26,133 21150 DEBUG    [tempest_lib.common.rest_client] Request - Headers: {'Content-Type': 'application/json', 'Accept': 'application/json', 'X-Auth-Token': '&lt;omitted&gt;'}
        Body: None
    Response - Headers: {'status': '204', 'content-length': '0', 'x-compute-request-id': 'req-76b1673e-8885-496b-ad85-da1f973ebdba', 'vary': 'X-OpenStack-Nova-API-Version', 'connection': 'close', 'x-openstack-nova-api-version': '2.1', 'date': 'Sat, 19 Dec 2015 02:50:26 GMT', 'content-type': 'application/json'}
        Body: 
2015-12-19 02:50:26,385 21150 INFO     [tempest_lib.common.rest_client] Request (TestNetworkAdvancedServerOps:_run_cleanups): 200 GET http://10.0.2.15:8774/v2.1/ff49d543224d4fe2bfcf811c9e0a4b85/servers/a2370d93-0ed9-489b-bb81-cffb71f3540e 0.251s
2015-12-19 02:50:26,386 21150 DEBUG    [tempest_lib.common.rest_client] Request - Headers: {'Content-Type': 'application/json', 'Accept': 'application/json', 'X-Auth-Token': '&lt;omitted&gt;'}
        Body: None
    Response - Headers: {'status': '200', 'content-length': '1783', 'content-location': 'http://10.0.2.15:8774/v2.1/ff49d543224d4fe2bfcf811c9e0a4b85/servers/a2370d93-0ed9-489b-bb81-cffb71f3540e', 'x-compute-request-id': 'req-9e1c43b5-05fe-4669-ac8d-7854f96c9d7c', 'vary': 'X-OpenStack-Nova-API-Version', 'connection': 'close', 'x-openstack-nova-api-version': '2.1', 'date': 'Sat, 19 Dec 2015 02:50:26 GMT', 'content-type': 'application/json'}
        Body: {"server": {"status": "ACTIVE", "updated": "2015-12-19T02:50:26Z", "hostId": "40b251188eacffcf32569e18493d0ec031533f464829eac7f042374c", "addresses": {"tempest-network-smoke--236726196": [{"OS-EXT-IPS-MAC:mac_addr": "fa:16:3e:65:dc:75", "version": 4, "addr": "10.100.0.3", "OS-EXT-IPS:type": "fixed"}, {"OS-EXT-IPS-MAC:mac_addr": "fa:16:3e:65:dc:75", "version": 4, "addr": "172.24.4.4", "OS-EXT-IPS:type": "floating"}]}, "links": [{"href": "http://10.0.2.15:8774/v2.1/ff49d543224d4fe2bfcf811c9e0a4b85/servers/a2370d93-0ed9-489b-bb81-cffb71f3540e", "rel": "self"}, {"href": "http://10.0.2.15:8774/ff49d543224d4fe2bfcf811c9e0a4b85/servers/a2370d93-0ed9-489b-bb81-cffb71f3540e", "rel": "bookmark"}], "key_name": "tempest-TestNetworkAdvancedServerOps-1671811978", "image": {"id": "b158833c-55c4-4693-b1ff-82dae825c37b", "links": [{"href": "http://10.0.2.15:8774/ff49d543224d4fe2bfcf811c9e0a4b85/images/b158833c-55c4-4693-b1ff-82dae825c37b", "rel": "bookmark"}]}, "OS-EXT-STS:task_state": "deleting", "OS-EXT-STS:vm_state": "active", "OS-SRV-USG:launched_at": "2015-12-19T02:48:22.000000", "flavor": {"id": "42", "links": [{"href": "http://10.0.2.15:8774/ff49d543224d4fe2bfcf811c9e0a4b85/flavors/42", "rel": "bookmark"}]}, "id": "a2370d93-0ed9-489b-bb81-cffb71f3540e", "security_groups": [{"name": "tempest-secgroup-smoke-82884973"}], "OS-SRV-USG:terminated_at": null, "OS-EXT-AZ:availability_zone": "nova", "user_id": "2eab16e3e938410381c30823ab81b388", "name": "tempest.common.compute-instance-1156187984", "created": "2015-12-19T02:48:18Z", "tenant_id": "ff49d543224d4fe2bfcf811c9e0a4b85", "OS-DCF:diskConfig": "MANUAL", "os-extended-volumes:volumes_attached": [], "accessIPv4": "", "accessIPv6": "", "progress": 0, "OS-EXT-STS:power_state": 1, "config_drive": "True", "metadata": {}}}
2015-12-19 02:50:27,556 21150 INFO     [tempest_lib.common.rest_client] Request (TestNetworkAdvancedServerOps:_run_cleanups): 200 GET http://10.0.2.15:8774/v2.1/ff49d543224d4fe2bfcf811c9e0a4b85/servers/a2370d93-0ed9-489b-bb81-cffb71f3540e 0.152s
2015-12-19 02:50:27,557 21150 DEBUG    [tempest_lib.common.rest_client] Request - Headers: {'Content-Type': 'application/json', 'Accept': 'application/json', 'X-Auth-Token': '&lt;omitted&gt;'}
        Body: None
    Response - Headers: {'status': '200', 'content-length': '1717', 'content-location': 'http://10.0.2.15:8774/v2.1/ff49d543224d4fe2bfcf811c9e0a4b85/servers/a2370d93-0ed9-489b-bb81-cffb71f3540e', 'x-compute-request-id': 'req-2046634d-e89f-4061-a98c-99783ecc6ceb', 'vary': 'X-OpenStack-Nova-API-Version', 'connection': 'close', 'x-openstack-nova-api-version': '2.1', 'date': 'Sat, 19 Dec 2015 02:50:27 GMT', 'content-type': 'application/json'}
        Body: {"server": {"status": "ACTIVE", "updated": "2015-12-19T02:50:26Z", "hostId": "40b251188eacffcf32569e18493d0ec031533f464829eac7f042374c", "addresses": {"tempest-network-smoke--236726196": [{"OS-EXT-IPS-MAC:mac_addr": "fa:16:3e:65:dc:75", "version": 4, "addr": "10.100.0.3", "OS-EXT-IPS:type": "fixed"}, {"OS-EXT-IPS-MAC:mac_addr": "fa:16:3e:65:dc:75", "version": 4, "addr": "172.24.4.4", "OS-EXT-IPS:type": "floating"}]}, "links": [{"href": "http://10.0.2.15:8774/v2.1/ff49d543224d4fe2bfcf811c9e0a4b85/servers/a2370d93-0ed9-489b-bb81-cffb71f3540e", "rel": "self"}, {"href": "http://10.0.2.15:8774/ff49d543224d4fe2bfcf811c9e0a4b85/servers/a2370d93-0ed9-489b-bb81-cffb71f3540e", "rel": "bookmark"}], "key_name": "tempest-TestNetworkAdvancedServerOps-1671811978", "image": {"id": "b158833c-55c4-4693-b1ff-82dae825c37b", "links": [{"href": "http://10.0.2.15:8774/ff49d543224d4fe2bfcf811c9e0a4b85/images/b158833c-55c4-4693-b1ff-82dae825c37b", "rel": "bookmark"}]}, "OS-EXT-STS:task_state": "deleting", "OS-EXT-STS:vm_state": "active", "OS-SRV-USG:launched_at": "2015-12-19T02:48:22.000000", "flavor": {"id": "42", "links": [{"href": "http://10.0.2.15:8774/ff49d543224d4fe2bfcf811c9e0a4b85/flavors/42", "rel": "bookmark"}]}, "id": "a2370d93-0ed9-489b-bb81-cffb71f3540e", "OS-SRV-USG:terminated_at": null, "OS-EXT-AZ:availability_zone": "nova", "user_id": "2eab16e3e938410381c30823ab81b388", "name": "tempest.common.compute-instance-1156187984", "created": "2015-12-19T02:48:18Z", "tenant_id": "ff49d543224d4fe2bfcf811c9e0a4b85", "OS-DCF:diskConfig": "MANUAL", "os-extended-volumes:volumes_attached": [], "accessIPv4": "", "accessIPv6": "", "progress": 0, "OS-EXT-STS:power_state": 1, "config_drive": "True", "metadata": {}}}
2015-12-19 02:50:28,781 21150 INFO     [tempest_lib.common.rest_client] Request (TestNetworkAdvancedServerOps:_run_cleanups): 404 GET http://10.0.2.15:8774/v2.1/ff49d543224d4fe2bfcf811c9e0a4b85/servers/a2370d93-0ed9-489b-bb81-cffb71f3540e 0.213s
2015-12-19 02:50:28,781 21150 DEBUG    [tempest_lib.common.rest_client] Request - Headers: {'Content-Type': 'application/json', 'Accept': 'application/json', 'X-Auth-Token': '&lt;omitted&gt;'}
        Body: None
    Response - Headers: {'status': '404', 'content-length': '111', 'x-compute-request-id': 'req-5029fe11-a9b9-4cd9-8371-88f8fc245246', 'vary': 'X-OpenStack-Nova-API-Version', 'connection': 'close', 'x-openstack-nova-api-version': '2.1', 'date': 'Sat, 19 Dec 2015 02:50:28 GMT', 'content-type': 'application/json; charset=UTF-8'}
        Body: {"itemNotFound": {"message": "Instance a2370d93-0ed9-489b-bb81-cffb71f3540e could not be found.", "code": 404}}
2015-12-19 02:50:29,271 21150 INFO     [tempest_lib.common.rest_client] Request (TestNetworkAdvancedServerOps:_run_cleanups): 200 PUT http://10.0.2.15:9696/v2.0/routers/3e7ed6ce-721e-41e3-95ec-122ec3b8d032/remove_router_interface 0.488s
2015-12-19 02:50:29,272 21150 DEBUG    [tempest_lib.common.rest_client] Request - Headers: {'Content-Type': 'application/json', 'Accept': 'application/json', 'X-Auth-Token': '&lt;omitted&gt;'}
        Body: {"subnet_id": "8d15e4eb-df0a-4b3e-8402-fc23c5b50c33"}
    Response - Headers: {'status': '200', 'content-length': '255', 'connection': 'close', 'date': 'Sat, 19 Dec 2015 02:50:29 GMT', 'content-type': 'application/json; charset=UTF-8', 'x-openstack-request-id': 'req-5c1a3611-f8ae-4b2e-8a7c-e36e583e2796'}
        Body: {"subnet_id": "8d15e4eb-df0a-4b3e-8402-fc23c5b50c33", "tenant_id": "ff49d543224d4fe2bfcf811c9e0a4b85", "subnet_ids": ["8d15e4eb-df0a-4b3e-8402-fc23c5b50c33"], "port_id": "5678bac2-0b7a-4b80-b8d0-c2fff30c74a5", "id": "3e7ed6ce-721e-41e3-95ec-122ec3b8d032"}
2015-12-19 02:50:29,829 21150 INFO     [tempest_lib.common.rest_client] Request (TestNetworkAdvancedServerOps:_run_cleanups): 204 DELETE http://10.0.2.15:9696/v2.0/subnets/8d15e4eb-df0a-4b3e-8402-fc23c5b50c33 0.556s
2015-12-19 02:50:29,829 21150 DEBUG    [tempest_lib.common.rest_client] Request - Headers: {'Content-Type': 'application/json', 'Accept': 'application/json', 'X-Auth-Token': '&lt;omitted&gt;'}
        Body: None
    Response - Headers: {'date': 'Sat, 19 Dec 2015 02:50:29 GMT', 'status': '204', 'connection': 'close', 'content-length': '0', 'x-openstack-request-id': 'req-7220fc5d-a331-45df-95fe-a400caf1e221'}
        Body: 
2015-12-19 02:50:29,889 21150 INFO     [tempest_lib.common.rest_client] Request (TestNetworkAdvancedServerOps:_run_cleanups): 200 GET http://10.0.2.15:9696/v2.0/routers/3e7ed6ce-721e-41e3-95ec-122ec3b8d032 0.059s
2015-12-19 02:50:29,889 21150 DEBUG    [tempest_lib.common.rest_client] Request - Headers: {'Content-Type': 'application/json', 'Accept': 'application/json', 'X-Auth-Token': '&lt;omitted&gt;'}
        Body: None
    Response - Headers: {'status': '200', 'content-length': '564', 'content-location': 'http://10.0.2.15:9696/v2.0/routers/3e7ed6ce-721e-41e3-95ec-122ec3b8d032', 'connection': 'close', 'date': 'Sat, 19 Dec 2015 02:50:29 GMT', 'content-type': 'application/json; charset=UTF-8', 'x-openstack-request-id': 'req-b64f81b0-47c6-4ec8-a47b-f258f28670cb'}
        Body: {"router": {"status": "ACTIVE", "external_gateway_info": {"network_id": "708be615-1c56-4a0b-aa14-981ec4dbb888", "enable_snat": true, "external_fixed_ips": [{"subnet_id": "5712f9c6-4e08-4ef0-a7df-3ac624fe6ddf", "ip_address": "172.24.4.3"}, {"subnet_id": "d58fabd3-faa5-4f10-be8a-87decbdd54b0", "ip_address": "2001:db8::4"}]}, "availability_zone_hints": [], "availability_zones": ["nova"], "name": "tempest-router-smoke-2019940216", "admin_state_up": true, "tenant_id": "ff49d543224d4fe2bfcf811c9e0a4b85", "routes": [], "id": "3e7ed6ce-721e-41e3-95ec-122ec3b8d032"}}
2015-12-19 02:50:30,393 21150 INFO     [tempest_lib.common.rest_client] Request (TestNetworkAdvancedServerOps:_run_cleanups): 200 PUT http://10.0.2.15:9696/v2.0/routers/3e7ed6ce-721e-41e3-95ec-122ec3b8d032 0.503s
2015-12-19 02:50:30,394 21150 DEBUG    [tempest_lib.common.rest_client] Request - Headers: {'Content-Type': 'application/json', 'Accept': 'application/json', 'X-Auth-Token': '&lt;omitted&gt;'}
        Body: {"router": {"external_gateway_info": {}, "name": "tempest-router-smoke-2019940216", "admin_state_up": true}}
    Response - Headers: {'status': '200', 'content-length': '302', 'connection': 'close', 'date': 'Sat, 19 Dec 2015 02:50:30 GMT', 'content-type': 'application/json; charset=UTF-8', 'x-openstack-request-id': 'req-ad1af3b4-34a2-447d-bdc1-4d05e846244f'}
        Body: {"router": {"status": "ACTIVE", "external_gateway_info": null, "availability_zone_hints": [], "availability_zones": ["nova"], "name": "tempest-router-smoke-2019940216", "admin_state_up": true, "tenant_id": "ff49d543224d4fe2bfcf811c9e0a4b85", "routes": [], "id": "3e7ed6ce-721e-41e3-95ec-122ec3b8d032"}}
2015-12-19 02:50:30,663 21150 INFO     [tempest_lib.common.rest_client] Request (TestNetworkAdvancedServerOps:_run_cleanups): 204 DELETE http://10.0.2.15:9696/v2.0/routers/3e7ed6ce-721e-41e3-95ec-122ec3b8d032 0.269s
2015-12-19 02:50:30,664 21150 DEBUG    [tempest_lib.common.rest_client] Request - Headers: {'Content-Type': 'application/json', 'Accept': 'application/json', 'X-Auth-Token': '&lt;omitted&gt;'}
        Body: None
    Response - Headers: {'date': 'Sat, 19 Dec 2015 02:50:30 GMT', 'status': '204', 'connection': 'close', 'content-length': '0', 'x-openstack-request-id': 'req-081e2877-71bb-47e1-b057-2eedd1b3d08f'}
        Body: 
2015-12-19 02:50:30,958 21150 INFO     [tempest_lib.common.rest_client] Request (TestNetworkAdvancedServerOps:_run_cleanups): 204 DELETE http://10.0.2.15:9696/v2.0/networks/f78b9d71-93e7-4053-b197-5f1dd5c02a7e 0.293s
2015-12-19 02:50:30,958 21150 DEBUG    [tempest_lib.common.rest_client] Request - Headers: {'Content-Type': 'application/json', 'Accept': 'application/json', 'X-Auth-Token': '&lt;omitted&gt;'}
        Body: None
    Response - Headers: {'date': 'Sat, 19 Dec 2015 02:50:30 GMT', 'status': '204', 'connection': 'close', 'content-length': '0', 'x-openstack-request-id': 'req-d6bbad51-35f6-4b73-9a0e-f9f37106f0c3'}
        Body: 
2015-12-19 02:50:31,024 21150 INFO     [tempest_lib.common.rest_client] Request (TestNetworkAdvancedServerOps:_run_cleanups): 204 DELETE http://10.0.2.15:9696/v2.0/security-group-rules/f268ef44-9587-4ca7-80b0-4defaedc113a 0.065s
2015-12-19 02:50:31,025 21150 DEBUG    [tempest_lib.common.rest_client] Request - Headers: {'Content-Type': 'application/json', 'Accept': 'application/json', 'X-Auth-Token': '&lt;omitted&gt;'}
        Body: None
    Response - Headers: {'date': 'Sat, 19 Dec 2015 02:50:31 GMT', 'status': '204', 'connection': 'close', 'content-length': '0', 'x-openstack-request-id': 'req-6332ebcd-bd97-432d-bdde-92a5b97dabb9'}
        Body: 
2015-12-19 02:50:31,095 21150 INFO     [tempest_lib.common.rest_client] Request (TestNetworkAdvancedServerOps:_run_cleanups): 204 DELETE http://10.0.2.15:9696/v2.0/security-group-rules/175d7089-5bf1-4eeb-8760-3852fc80846f 0.069s
2015-12-19 02:50:31,096 21150 DEBUG    [tempest_lib.common.rest_client] Request - Headers: {'Content-Type': 'application/json', 'Accept': 'application/json', 'X-Auth-Token': '&lt;omitted&gt;'}
        Body: None
    Response - Headers: {'date': 'Sat, 19 Dec 2015 02:50:31 GMT', 'status': '204', 'connection': 'close', 'content-length': '0', 'x-openstack-request-id': 'req-1a0c1e16-5473-4e49-8fac-b6dcb59694db'}
        Body: 
2015-12-19 02:50:31,154 21150 INFO     [tempest_lib.common.rest_client] Request (TestNetworkAdvancedServerOps:_run_cleanups): 204 DELETE http://10.0.2.15:9696/v2.0/security-group-rules/3427b0e6-9331-4180-9dba-08c7c1cc5b9f 0.058s
2015-12-19 02:50:31,155 21150 DEBUG    [tempest_lib.common.rest_client] Request - Headers: {'Content-Type': 'application/json', 'Accept': 'application/json', 'X-Auth-Token': '&lt;omitted&gt;'}
        Body: None
    Response - Headers: {'date': 'Sat, 19 Dec 2015 02:50:31 GMT', 'status': '204', 'connection': 'close', 'content-length': '0', 'x-openstack-request-id': 'req-754cf15d-55be-4903-a84b-5772903268bb'}
        Body: 
2015-12-19 02:50:31,221 21150 INFO     [tempest_lib.common.rest_client] Request (TestNetworkAdvancedServerOps:_run_cleanups): 204 DELETE http://10.0.2.15:9696/v2.0/security-group-rules/5d29b9c7-9369-4950-bfa4-b7af3a1dfec7 0.064s
2015-12-19 02:50:31,221 21150 DEBUG    [tempest_lib.common.rest_client] Request - Headers: {'Content-Type': 'application/json', 'Accept': 'application/json', 'X-Auth-Token': '&lt;omitted&gt;'}
        Body: None
    Response - Headers: {'date': 'Sat, 19 Dec 2015 02:50:31 GMT', 'status': '204', 'connection': 'close', 'content-length': '0', 'x-openstack-request-id': 'req-083d60cf-ee82-470d-9952-ffcc5a7b3482'}
        Body: 
2015-12-19 02:50:31,279 21150 INFO     [tempest_lib.common.rest_client] Request (TestNetworkAdvancedServerOps:_run_cleanups): 204 DELETE http://10.0.2.15:9696/v2.0/security-group-rules/fd32e889-9f50-4430-b7b0-f9ab0ce5d33d 0.057s
2015-12-19 02:50:31,280 21150 DEBUG    [tempest_lib.common.rest_client] Request - Headers: {'Content-Type': 'application/json', 'Accept': 'application/json', 'X-Auth-Token': '&lt;omitted&gt;'}
        Body: None
    Response - Headers: {'date': 'Sat, 19 Dec 2015 02:50:31 GMT', 'status': '204', 'connection': 'close', 'content-length': '0', 'x-openstack-request-id': 'req-74dd968d-2a29-480c-a16d-557444cefdc6'}
        Body: 
2015-12-19 02:50:31,339 21150 INFO     [tempest_lib.common.rest_client] Request (TestNetworkAdvancedServerOps:_run_cleanups): 204 DELETE http://10.0.2.15:9696/v2.0/security-group-rules/4b75451c-8bd9-4dbe-96a1-f2bef09326cb 0.058s
2015-12-19 02:50:31,339 21150 DEBUG    [tempest_lib.common.rest_client] Request - Headers: {'Content-Type': 'application/json', 'Accept': 'application/json', 'X-Auth-Token': '&lt;omitted&gt;'}
        Body: None
    Response - Headers: {'date': 'Sat, 19 Dec 2015 02:50:31 GMT', 'status': '204', 'connection': 'close', 'content-length': '0', 'x-openstack-request-id': 'req-3b8a2f3d-a027-49be-a032-bcdff14848ca'}
        Body: 
2015-12-19 02:50:31,437 21150 INFO     [tempest_lib.common.rest_client] Request (TestNetworkAdvancedServerOps:_run_cleanups): 204 DELETE http://10.0.2.15:9696/v2.0/security-groups/74a2e270-e433-4e06-874b-d00ff3efb573 0.097s
2015-12-19 02:50:31,437 21150 DEBUG    [tempest_lib.common.rest_client] Request - Headers: {'Content-Type': 'application/json', 'Accept': 'application/json', 'X-Auth-Token': '&lt;omitted&gt;'}
        Body: None
    Response - Headers: {'date': 'Sat, 19 Dec 2015 02:50:31 GMT', 'status': '204', 'connection': 'close', 'content-length': '0', 'x-openstack-request-id': 'req-7ce1a57c-e942-432a-a2a9-35766215b3bc'}
        Body: 
2015-12-19 02:50:31,461 21150 INFO     [tempest_lib.common.rest_client] Request (TestNetworkAdvancedServerOps:_run_cleanups): 202 DELETE http://10.0.2.15:8774/v2.1/ff49d543224d4fe2bfcf811c9e0a4b85/os-keypairs/tempest-TestNetworkAdvancedServerOps-1671811978 0.022s
2015-12-19 02:50:31,461 21150 DEBUG    [tempest_lib.common.rest_client] Request - Headers: {'Content-Type': 'application/json', 'Accept': 'application/json', 'X-Auth-Token': '&lt;omitted&gt;'}
        Body: None
    Response - Headers: {'status': '202', 'content-length': '0', 'x-compute-request-id': 'req-c2b19acf-a66b-4c41-ba8e-fd9d17272bcf', 'vary': 'X-OpenStack-Nova-API-Version', 'connection': 'close', 'x-openstack-nova-api-version': '2.1', 'date': 'Sat, 19 Dec 2015 02:50:31 GMT', 'content-type': 'application/json'}
        Body: 
2015-12-19 02:50:31,552 21150 INFO     [tempest_lib.common.rest_client] Request (TestNetworkAdvancedServerOps:_run_cleanups): 404 GET http://10.0.2.15:8774/v2.1/ff49d543224d4fe2bfcf811c9e0a4b85/servers/a2370d93-0ed9-489b-bb81-cffb71f3540e 0.088s
2015-12-19 02:50:31,553 21150 DEBUG    [tempest_lib.common.rest_client] Request - Headers: {'Content-Type': 'application/json', 'Accept': 'application/json', 'X-Auth-Token': '&lt;omitted&gt;'}
        Body: None
    Response - Headers: {'status': '404', 'content-length': '111', 'x-compute-request-id': 'req-4007ba30-4857-4e8e-9fb4-d04658e6065f', 'vary': 'X-OpenStack-Nova-API-Version', 'connection': 'close', 'x-openstack-nova-api-version': '2.1', 'date': 'Sat, 19 Dec 2015 02:50:31 GMT', 'content-type': 'application/json; charset=UTF-8'}
        Body: {"itemNotFound": {"message": "Instance a2370d93-0ed9-489b-bb81-cffb71f3540e could not be found.", "code": 404}}
}}}

Traceback (most recent call last):
  File "tempest/test.py", line 113, in wrapper
    return f(self, *func_args, **func_kwargs)
  File "tempest/scenario/test_network_advanced_server_ops.py", line 134, in test_server_connectivity_pause_unpause
    server, keypair, floating_ip = self._setup_network_and_servers()
  File "tempest/scenario/test_network_advanced_server_ops.py", line 71, in _setup_network_and_servers
    server, keypair, floating_ip)
  File "tempest/scenario/test_network_advanced_server_ops.py", line 95, in _wait_server_status_and_check_network_connectivity
    self._check_network_connectivity(server, keypair, floating_ip)
  File "tempest/scenario/test_network_advanced_server_ops.py", line 88, in _check_network_connectivity
    servers=[server])
  File "tempest/scenario/manager.py", line 608, in check_public_network_connectivity
    should_connect=should_connect)
  File "tempest/scenario/manager.py", line 592, in check_vm_connectivity
    msg=msg)
  File "/usr/local/lib/python2.7/dist-packages/unittest2/case.py", line 702, in assertTrue
    raise self.failureException(msg)
AssertionError: False is not true : Timed out waiting for 172.24.4.4 to become reachable



        </pre>
    </div>
    <!--css div popup end-->

    </td>
</tr>

<tr id='ft1.2' class='none'>
    <td class='failCase'><div class='testcase'>test_server_connectivity_reboot[compute,id-7b6860c2-afa3-4846-9522-adeb38dfbe08,network]</div></td>
    <td colspan='7' align='left'>

    <!--css div popup start-->
    <a class="popup_link" onfocus='this.blur();'
    href="javascript:showTestDetail('div_ft1.2')" >
        fail</a>

    <div id='div_ft1.2' class="popup_window">
        <div style='text-align: right; color:red;cursor:pointer'>
        <a onfocus='this.blur();'
