<?xml version="1.0" encoding="UTF-8"?>
<!DOCTYPE html PUBLIC "-//W3C//DTD XHTML 1.0 Strict//EN"
     "http://www.w3.org/TR/xhtml1/DTD/xhtml1-strict.dtd">
<html xmlns="http://www.w3.org/1999/xhtml">
<head>
    <title>Unit Test Report</title>
    <meta name="generator" content="subunit2html 0.1"/>
    <meta http-equiv="Content-Type" content="text/html; charset=UTF-8"/>
    
<style type="text/css" media="screen">
body        { font-family: verdana, arial, helvetica, sans-serif;
    font-size: 80%; }
table       { font-size: 100%; width: 100%;}
pre         { font-size: 80%; }

/* -- heading -------------------------------------------------------------- */
h1 {
        font-size: 16pt;
        color: gray;
}
.heading {
    margin-top: 0ex;
    margin-bottom: 1ex;
}

.heading .attribute {
    margin-top: 1ex;
    margin-bottom: 0;
}

.heading .description {
    margin-top: 4ex;
    margin-bottom: 6ex;
}

/* -- css div popup -------------------------------------------------------- */
a.popup_link {
}

a.popup_link:hover {
    color: red;
}

.popup_window {
    display: none;
    overflow-x: scroll;
    /*border: solid #627173 1px; */
    padding: 10px;
    background-color: #E6E6D6;
    font-family: "Ubuntu Mono", "Lucida Console", "Courier New", monospace;
    text-align: left;
    font-size: 8pt;
}

}
/* -- report --------------------------------------------------------------- */
#show_detail_line {
    margin-top: 3ex;
    margin-bottom: 1ex;
}
#result_table {
    width: 100%;
    border-collapse: collapse;
    border: 1px solid #777;
}
#header_row {
    font-weight: bold;
    color: white;
    background-color: #777;
}
#result_table td {
    border: 1px solid #777;
    padding: 2px;
}
#total_row  { font-weight: bold; }
.passClass  { background-color: #6c6; }
.failClass  { background-color: #c60; }
.errorClass { background-color: #c00; }
.passCase   { color: #6c6; }
.failCase   { color: #c60; font-weight: bold; }
.errorCase  { color: #c00; font-weight: bold; }
.hiddenRow  { display: none; }
.testcase   { margin-left: 2em; }
td.testname {width: 40%}
td.small {width: 40px}

/* -- ending --------------------------------------------------------------- */
#ending {
}

</style>

</head>
<body>
<script language="javascript" type="text/javascript"><!--
output_list = Array();

/* level - 0:Summary; 1:Failed; 2:All */
function showCase(level) {
    trs = document.getElementsByTagName("tr");
    for (var i = 0; i < trs.length; i++) {
        tr = trs[i];
        id = tr.id;
        if (id.substr(0,2) == 'ft') {
            if (level < 1) {
                tr.className = 'hiddenRow';
            }
            else {
                tr.className = '';
            }
        }
        if (id.substr(0,2) == 'pt') {
            if (level > 1) {
                tr.className = '';
            }
            else {
                tr.className = 'hiddenRow';
            }
        }
    }
}


function showClassDetail(cid, count) {
    var id_list = Array(count);
    var toHide = 1;
    for (var i = 0; i < count; i++) {
        tid0 = 't' + cid.substr(1) + '.' + (i+1);
        tid = 'f' + tid0;
        tr = document.getElementById(tid);
        if (!tr) {
            tid = 'p' + tid0;
            tr = document.getElementById(tid);
        }
        id_list[i] = tid;
        if (tr.className) {
            toHide = 0;
        }
    }
    for (var i = 0; i < count; i++) {
        tid = id_list[i];
        if (toHide) {
            document.getElementById('div_'+tid).style.display = 'none'
            document.getElementById(tid).className = 'hiddenRow';
        }
        else {
            document.getElementById(tid).className = '';
        }
    }
}


function showTestDetail(div_id){
    var details_div = document.getElementById(div_id)
    var displayState = details_div.style.display
    // alert(displayState)
    if (displayState != 'block' ) {
        displayState = 'block'
        details_div.style.display = 'block'
    }
    else {
        details_div.style.display = 'none'
    }
}


function html_escape(s) {
    s = s.replace(/&/g,'&amp;');
    s = s.replace(/</g,'&lt;');
    s = s.replace(/>/g,'&gt;');
    return s;
}

/* obsoleted by detail in <div>
function showOutput(id, name) {
    var w = window.open("", //url
                    name,
                    "resizable,scrollbars,status,width=800,height=450");
    d = w.document;
    d.write("<pre>");
    d.write(html_escape(output_list[id]));
    d.write("\n");
    d.write("<a href='javascript:window.close()'>close</a>\n");
    d.write("</pre>\n");
    d.close();
}
*/
--></script>

<div class='heading'>
<h1>Unit Test Report</h1>

<p class='attribute'><strong>Status:</strong> Failure 6</p>

<p class='description'></p>
</div>



<p id='show_detail_line'>Show
<a href='javascript:showCase(0)'>Summary</a>
<a href='javascript:showCase(1)'>Failed</a>
<a href='javascript:showCase(2)'>All</a>
</p>
<table id='result_table'>
<colgroup>
<col align='left' />
<col align='right' />
<col align='right' />
<col align='right' />
<col align='right' />
<col align='right' />
<col align='right' />
<col align='right' />
</colgroup>
<tr id='header_row'>
    <td>Test Group/Test case</td>
    <td>Count</td>
    <td>Pass</td>
    <td>Fail</td>
    <td>Error</td>
    <td>Skip</td>
    <td>View</td>
    <td> </td>
</tr>

<tr class='failClass'>
    <td class="testname">tempest.scenario.test_network_advanced_server_ops.TestNetworkAdvancedServerOps</td>
    <td class="small">6</td>
    <td class="small">0</td>
    <td class="small">6</td>
    <td class="small">0</td>
    <td class="small">0</td>
    <td class="small"><a href="javascript:showClassDetail('c1',6)"
>Detail</a></td>
    <td> </td>
</tr>

<tr id='ft1.1' class='none'>
    <td class='failCase'><div class='testcase'>test_server_connectivity_pause_unpause[compute,id-2b2642db-6568-4b35-b812-eceed3fa20ce,network]</div></td>
    <td colspan='7' align='left'>

    <!--css div popup start-->
    <a class="popup_link" onfocus='this.blur();'
    href="javascript:showTestDetail('div_ft1.1')" >
        fail</a>

    <div id='div_ft1.1' class="popup_window">
        <div style='text-align: right; color:red;cursor:pointer'>
        <a onfocus='this.blur();'
onclick="document.getElementById('div_ft1.1').style.display = 'none' " >
           [x]</a>
        </div>
        <pre>
        
ft1.1: tempest.scenario.test_network_advanced_server_ops.TestNetworkAdvancedServerOps.test_server_connectivity_pause_unpause[compute,id-2b2642db-6568-4b35-b812-eceed3fa20ce,network]_StringException: Empty attachments:
  stderr
  stdout

pythonlogging:'': {{{
2015-12-22 06:12:05,864 21564 INFO     [tempest_lib.common.rest_client] Request (TestNetworkAdvancedServerOps:test_server_connectivity_pause_unpause): 200 POST http://10.0.2.15:8774/v2.1/a534112df1fa408db2ebb4bf5d998738/os-keypairs 0.631s
2015-12-22 06:12:05,865 21564 DEBUG    [tempest_lib.common.rest_client] Request - Headers: {'Content-Type': 'application/json', 'Accept': 'application/json', 'X-Auth-Token': '&lt;omitted&gt;'}
        Body: {"keypair": {"name": "tempest-TestNetworkAdvancedServerOps-129564394"}}
    Response - Headers: {'status': '200', 'content-length': '2329', 'x-compute-request-id': 'req-7e26d2bb-ae26-442d-a91b-cda92831adb7', 'vary': 'X-OpenStack-Nova-API-Version', 'connection': 'close', 'x-openstack-nova-api-version': '2.1', 'date': 'Tue, 22 Dec 2015 06:12:05 GMT', 'content-type': 'application/json'}
        Body: {"keypair": {"public_key": "ssh-rsa AAAAB3NzaC1yc2EAAAADAQABAAABAQCVLueAGo0EEJERvCMpRTxef5G6OvwEno51HfJUneRI9p+DeQM/V9sys36UAoDX7FykdJzy/d14gXugt9basfILFC/IFQCIHBmS64XbddmgF3TIU2Fnw95oQQC7fREvzWAd+6Wc0Zuy0kkqJXfvz3zLn38bSke5UT4R0aEZw/z1KVumEr1kZsXnvquB9t4kBTegXWS6sxMd7d2CJbvhkHT6Xzc/X8FLnExls/8fHPekde5p2UUzs381P+RIbGJVwZEN1AEL3/ghzJb2PP6LpBvZUX76W1xKY99O/TI8EZeENqiSIIp73/UkoHJcMhUwMcXzONK9HEDK4WfHNAQ/BQrF Generated-by-Nova", "private_key": "-----BEGIN RSA PRIVATE KEY-----\nMIIEqQIBAAKCAQEAlS7ngBqNBBCREbwjKUU8Xn+Rujr8BJ6OdR3yVJ3kSPafg3kD\nP1fbMrN+lAKA1+xcpHSc8v3deIF7oLfW2rHyCxQvyBUAiBwZkuuF23XZoBd0yFNh\nZ8PeaEEAu30RL81gHfulnNGbstJJKiV37898y59/G0pHuVE+EdGhGcP89SlbphK9\nZGbF576rgfbeJAU3oF1kurMTHe3dgiW74ZB0+l83P1/BS5xMZbP/Hxz3pHXuadlF\nM7N/NT/kSGxiVcGRDdQBC9/4IcyW9jz+i6Qb2VF++ltcSmPfTv0yPBGXhDaokiCK\ne9/1JKByXDIVMDHF8zjSvRxAyuFnxzQEPwUKxQIDAQABAoIBACt3Yh4yHjo79Xi8\nX2ZL9P33n2cqfnl+FTXMhuneo0AbE3kEDk0rdQN9xvirDg1bodaM35nxG9FbsMCw\nL9rClCpkNFPQwrnlrhHfq724xbLegrlHig7ow+mOXv9Bvns2FLZHtwZNEFd267hq\n+FoYE11k2G0EJIe7QyF/+bd/Ijnv4/N52sFiQUSdLU/TJBpCZmYXaiT0dackGEkj\nyIUrqDbLOzqoqmfjZVpIQCcxMVin/wvbK2BhvRrt2DnR51YoAI0rjPO9c7XdkC4i\nCPhDnnZwlKybTdtzzaELJ3GaBN9OwGjKWFThdYJZmVtJWRtRw4hq/EPLpif3CWEw\nXR67wpUCggCBALq4cM7qNZjsQSk5YZ49BeN9hJj08Utne/vOHkrPYlWczRr4KT0X\ndfSAXfC3W+YQuIciBE7HRgwSnTxei+CH5YulXQmeLQcW4/ZEutdsCINHdEzgw6Ye\nbP3+/S0DP5BySJ1dXm4OLn3JI6doHL0UFrG3fZR2x25PcASHY77+mw17AoIAgQDM\niQE8gDYnfMct8TgdVamccev6TVEhGaTf9QznGpICpHWKY3LivW/BQ1XjudoUCFU5\nbowicY+Mu6jZA2NalsDqsx/+9YsM/cDLwncGIC0n2IsXgxcAZOueERlWypJCXP+t\nZHnOrie8B19oyp7dROP6zGi3Vvhbb7I0SGJDyfs0vwKCAIAfBhAwQPfgzbhR6ifP\nC+KTlsJWS7Rfy/TstKWR1n1HLkNh7MOlU+WUV1PEcCLDyhlu0ncWw8NetCUN58Oj\n7dB08GfR9kcS+3mq7GaC7n9HmLK5J0s6qamAVkKonPaNwH9SLjZHYPHWknnrEcBc\nph7TLmKeLVIbgPViu0AWduU6SwKCAIEAkNXTkkwYDQ5G3TmbSuqGGMpzF+P4N0A5\niH22jVA7ZLOgqEaT7AvJP0m3YHMTAmyELQ8jHKDdzgJ1JndHu7ZVFd2SIrEtrh1i\nkOc78ZKHZ1fn5tZlS1orntrs3pDD0UqZoucrejfI21U9Mq+In5dQ+SAWZv2nENif\nkHZRXz+AK3ECggCBAKGiEI8nA5GtESuxumN7Bu7RFHUlLlQsFkkVzGI7nHIh7TmX\nGNi6e7dGGN/UTvy7pLM3Clx3NZoaCFqvAAHRQCTY+/J0/Grghjwys1s2xxB96oej\nH6Fi6U9aT+HV1DqrGxV2I/Bhosv0ni0G2Ly0opXtV3S1waXHArRtNuodGrfJ\n-----END RSA PRIVATE KEY-----\n", "user_id": "4b6766d5139145c3b9dc2f7bc947cfbf", "name": "tempest-TestNetworkAdvancedServerOps-129564394", "fingerprint": "d9:bb:02:f8:f6:bd:ad:a3:9e:cb:9f:f5:0e:ac:45:26"}}
2015-12-22 06:12:06,236 21564 INFO     [tempest_lib.common.rest_client] Request (TestNetworkAdvancedServerOps:test_server_connectivity_pause_unpause): 201 POST http://10.0.2.15:9696/v2.0/security-groups 0.366s
2015-12-22 06:12:06,237 21564 DEBUG    [tempest_lib.common.rest_client] Request - Headers: {'Content-Type': 'application/json', 'Accept': 'application/json', 'X-Auth-Token': '&lt;omitted&gt;'}
        Body: {"security_group": {"tenant_id": "a534112df1fa408db2ebb4bf5d998738", "description": "tempest-secgroup-smoke-1700693253 description", "name": "tempest-secgroup-smoke-1700693253"}}
    Response - Headers: {'status': '201', 'content-length': '888', 'connection': 'close', 'date': 'Tue, 22 Dec 2015 06:12:06 GMT', 'content-type': 'application/json; charset=UTF-8', 'x-openstack-request-id': 'req-49d9ab16-3d2e-4840-9d5e-ee8fd32d33f4'}
        Body: {"security_group": {"tenant_id": "a534112df1fa408db2ebb4bf5d998738", "description": "tempest-secgroup-smoke-1700693253 description", "id": "3041e9f2-ccca-4056-be00-0d655f2678b4", "security_group_rules": [{"remote_group_id": null, "direction": "egress", "remote_ip_prefix": null, "protocol": null, "ethertype": "IPv4", "tenant_id": "a534112df1fa408db2ebb4bf5d998738", "port_range_max": null, "port_range_min": null, "id": "986a4a62-df54-4845-a269-a1f7c455202d", "security_group_id": "3041e9f2-ccca-4056-be00-0d655f2678b4"}, {"remote_group_id": null, "direction": "egress", "remote_ip_prefix": null, "protocol": null, "ethertype": "IPv6", "tenant_id": "a534112df1fa408db2ebb4bf5d998738", "port_range_max": null, "port_range_min": null, "id": "3d74e43a-731f-4076-beef-2d01be69f8ba", "security_group_id": "3041e9f2-ccca-4056-be00-0d655f2678b4"}], "name": "tempest-secgroup-smoke-1700693253"}}
2015-12-22 06:12:06,367 21564 INFO     [tempest_lib.common.rest_client] Request (TestNetworkAdvancedServerOps:test_server_connectivity_pause_unpause): 201 POST http://10.0.2.15:9696/v2.0/security-group-rules 0.129s
2015-12-22 06:12:06,368 21564 DEBUG    [tempest_lib.common.rest_client] Request - Headers: {'Content-Type': 'application/json', 'Accept': 'application/json', 'X-Auth-Token': '&lt;omitted&gt;'}
        Body: {"security_group_rule": {"direction": "ingress", "protocol": "tcp", "tenant_id": "a534112df1fa408db2ebb4bf5d998738", "port_range_max": 22, "security_group_id": "3041e9f2-ccca-4056-be00-0d655f2678b4", "port_range_min": 22}}
    Response - Headers: {'status': '201', 'content-length': '340', 'connection': 'close', 'date': 'Tue, 22 Dec 2015 06:12:06 GMT', 'content-type': 'application/json; charset=UTF-8', 'x-openstack-request-id': 'req-490ef8f8-d3a2-4fd2-b002-ba4dad82f7f8'}
        Body: {"security_group_rule": {"remote_group_id": null, "direction": "ingress", "remote_ip_prefix": null, "protocol": "tcp", "ethertype": "IPv4", "tenant_id": "a534112df1fa408db2ebb4bf5d998738", "port_range_max": 22, "port_range_min": 22, "id": "7ff3a6e2-19e8-4ac0-81c7-c2d67758e641", "security_group_id": "3041e9f2-ccca-4056-be00-0d655f2678b4"}}
2015-12-22 06:12:06,487 21564 INFO     [tempest_lib.common.rest_client] Request (TestNetworkAdvancedServerOps:test_server_connectivity_pause_unpause): 201 POST http://10.0.2.15:9696/v2.0/security-group-rules 0.117s
2015-12-22 06:12:06,488 21564 DEBUG    [tempest_lib.common.rest_client] Request - Headers: {'Content-Type': 'application/json', 'Accept': 'application/json', 'X-Auth-Token': '&lt;omitted&gt;'}
        Body: {"security_group_rule": {"direction": "egress", "protocol": "tcp", "tenant_id": "a534112df1fa408db2ebb4bf5d998738", "port_range_max": 22, "security_group_id": "3041e9f2-ccca-4056-be00-0d655f2678b4", "port_range_min": 22}}
    Response - Headers: {'status': '201', 'content-length': '339', 'connection': 'close', 'date': 'Tue, 22 Dec 2015 06:12:06 GMT', 'content-type': 'application/json; charset=UTF-8', 'x-openstack-request-id': 'req-5e1d38db-8fb6-4313-9b41-3c782cdc8901'}
        Body: {"security_group_rule": {"remote_group_id": null, "direction": "egress", "remote_ip_prefix": null, "protocol": "tcp", "ethertype": "IPv4", "tenant_id": "a534112df1fa408db2ebb4bf5d998738", "port_range_max": 22, "port_range_min": 22, "id": "e66a1b98-0ebe-4603-9be4-c87ae4a2c08b", "security_group_id": "3041e9f2-ccca-4056-be00-0d655f2678b4"}}
2015-12-22 06:12:06,687 21564 INFO     [tempest_lib.common.rest_client] Request (TestNetworkAdvancedServerOps:test_server_connectivity_pause_unpause): 201 POST http://10.0.2.15:9696/v2.0/security-group-rules 0.197s
2015-12-22 06:12:06,687 21564 DEBUG    [tempest_lib.common.rest_client] Request - Headers: {'Content-Type': 'application/json', 'Accept': 'application/json', 'X-Auth-Token': '&lt;omitted&gt;'}
        Body: {"security_group_rule": {"tenant_id": "a534112df1fa408db2ebb4bf5d998738", "direction": "ingress", "protocol": "icmp", "security_group_id": "3041e9f2-ccca-4056-be00-0d655f2678b4"}}
    Response - Headers: {'status': '201', 'content-length': '345', 'connection': 'close', 'date': 'Tue, 22 Dec 2015 06:12:06 GMT', 'content-type': 'application/json; charset=UTF-8', 'x-openstack-request-id': 'req-97a7aa9f-0b8c-49ab-9a49-f335ac4e9039'}
        Body: {"security_group_rule": {"remote_group_id": null, "direction": "ingress", "remote_ip_prefix": null, "protocol": "icmp", "ethertype": "IPv4", "tenant_id": "a534112df1fa408db2ebb4bf5d998738", "port_range_max": null, "port_range_min": null, "id": "0abf9365-5db2-4256-b362-cda4ab69a555", "security_group_id": "3041e9f2-ccca-4056-be00-0d655f2678b4"}}
2015-12-22 06:12:06,791 21564 INFO     [tempest_lib.common.rest_client] Request (TestNetworkAdvancedServerOps:test_server_connectivity_pause_unpause): 201 POST http://10.0.2.15:9696/v2.0/security-group-rules 0.103s
2015-12-22 06:12:06,792 21564 DEBUG    [tempest_lib.common.rest_client] Request - Headers: {'Content-Type': 'application/json', 'Accept': 'application/json', 'X-Auth-Token': '&lt;omitted&gt;'}
        Body: {"security_group_rule": {"tenant_id": "a534112df1fa408db2ebb4bf5d998738", "direction": "egress", "protocol": "icmp", "security_group_id": "3041e9f2-ccca-4056-be00-0d655f2678b4"}}
    Response - Headers: {'status': '201', 'content-length': '344', 'connection': 'close', 'date': 'Tue, 22 Dec 2015 06:12:06 GMT', 'content-type': 'application/json; charset=UTF-8', 'x-openstack-request-id': 'req-61abd9c5-5b1a-47a5-8a71-8bb2a7103875'}
        Body: {"security_group_rule": {"remote_group_id": null, "direction": "egress", "remote_ip_prefix": null, "protocol": "icmp", "ethertype": "IPv4", "tenant_id": "a534112df1fa408db2ebb4bf5d998738", "port_range_max": null, "port_range_min": null, "id": "6c3843ce-2617-438c-b36c-3aa6c05f7ea7", "security_group_id": "3041e9f2-ccca-4056-be00-0d655f2678b4"}}
2015-12-22 06:12:06,912 21564 INFO     [tempest_lib.common.rest_client] Request (TestNetworkAdvancedServerOps:test_server_connectivity_pause_unpause): 201 POST http://10.0.2.15:9696/v2.0/security-group-rules 0.119s
2015-12-22 06:12:06,913 21564 DEBUG    [tempest_lib.common.rest_client] Request - Headers: {'Content-Type': 'application/json', 'Accept': 'application/json', 'X-Auth-Token': '&lt;omitted&gt;'}
        Body: {"security_group_rule": {"tenant_id": "a534112df1fa408db2ebb4bf5d998738", "direction": "ingress", "security_group_id": "3041e9f2-ccca-4056-be00-0d655f2678b4", "protocol": "icmp", "ethertype": "IPv6"}}
    Response - Headers: {'status': '201', 'content-length': '345', 'connection': 'close', 'date': 'Tue, 22 Dec 2015 06:12:06 GMT', 'content-type': 'application/json; charset=UTF-8', 'x-openstack-request-id': 'req-ec9f5598-5da7-4f3d-a22c-2bfaf4a1ecac'}
        Body: {"security_group_rule": {"remote_group_id": null, "direction": "ingress", "remote_ip_prefix": null, "protocol": "icmp", "ethertype": "IPv6", "tenant_id": "a534112df1fa408db2ebb4bf5d998738", "port_range_max": null, "port_range_min": null, "id": "f466d607-3c53-499e-8f86-a0e5381d6827", "security_group_id": "3041e9f2-ccca-4056-be00-0d655f2678b4"}}
2015-12-22 06:12:07,038 21564 INFO     [tempest_lib.common.rest_client] Request (TestNetworkAdvancedServerOps:test_server_connectivity_pause_unpause): 201 POST http://10.0.2.15:9696/v2.0/security-group-rules 0.124s
2015-12-22 06:12:07,039 21564 DEBUG    [tempest_lib.common.rest_client] Request - Headers: {'Content-Type': 'application/json', 'Accept': 'application/json', 'X-Auth-Token': '&lt;omitted&gt;'}
        Body: {"security_group_rule": {"tenant_id": "a534112df1fa408db2ebb4bf5d998738", "direction": "egress", "security_group_id": "3041e9f2-ccca-4056-be00-0d655f2678b4", "protocol": "icmp", "ethertype": "IPv6"}}
    Response - Headers: {'status': '201', 'content-length': '344', 'connection': 'close', 'date': 'Tue, 22 Dec 2015 06:12:07 GMT', 'content-type': 'application/json; charset=UTF-8', 'x-openstack-request-id': 'req-1c67b83c-1c9e-469d-b449-0dab1adbee46'}
        Body: {"security_group_rule": {"remote_group_id": null, "direction": "egress", "remote_ip_prefix": null, "protocol": "icmp", "ethertype": "IPv6", "tenant_id": "a534112df1fa408db2ebb4bf5d998738", "port_range_max": null, "port_range_min": null, "id": "01a78302-596c-4bc4-bd52-9dbd14a69afc", "security_group_id": "3041e9f2-ccca-4056-be00-0d655f2678b4"}}
2015-12-22 06:12:07,225 21564 INFO     [tempest_lib.common.rest_client] Request (TestNetworkAdvancedServerOps:test_server_connectivity_pause_unpause): 201 POST http://10.0.2.15:9696/v2.0/networks 0.184s
2015-12-22 06:12:07,226 21564 DEBUG    [tempest_lib.common.rest_client] Request - Headers: {'Content-Type': 'application/json', 'Accept': 'application/json', 'X-Auth-Token': '&lt;omitted&gt;'}
        Body: {"network": {"tenant_id": "a534112df1fa408db2ebb4bf5d998738", "name": "tempest-network-smoke--522165109"}}
    Response - Headers: {'status': '201', 'content-length': '328', 'connection': 'close', 'date': 'Tue, 22 Dec 2015 06:12:07 GMT', 'content-type': 'application/json; charset=UTF-8', 'x-openstack-request-id': 'req-6e571ead-98fe-4219-bd7a-e5b5cbb1d91b'}
        Body: {"network": {"status": "ACTIVE", "subnets": [], "availability_zone_hints": "[]", "name": "tempest-network-smoke--522165109", "admin_state_up": true, "tenant_id": "a534112df1fa408db2ebb4bf5d998738", "mtu": 0, "router:external": false, "shared": false, "port_security_enabled": true, "id": "9f0560c9-4a30-48ef-a726-19e98044e752"}}
2015-12-22 06:12:07,308 21564 INFO     [tempest_lib.common.rest_client] Request (TestNetworkAdvancedServerOps:test_server_connectivity_pause_unpause): 201 POST http://10.0.2.15:9696/v2.0/routers 0.081s
2015-12-22 06:12:07,309 21564 DEBUG    [tempest_lib.common.rest_client] Request - Headers: {'Content-Type': 'application/json', 'Accept': 'application/json', 'X-Auth-Token': '&lt;omitted&gt;'}
        Body: {"router": {"tenant_id": "a534112df1fa408db2ebb4bf5d998738", "name": "tempest-router-smoke-348333724", "admin_state_up": true}}
    Response - Headers: {'status': '201', 'content-length': '295', 'connection': 'close', 'date': 'Tue, 22 Dec 2015 06:12:07 GMT', 'content-type': 'application/json; charset=UTF-8', 'x-openstack-request-id': 'req-e6989036-6fdd-40f4-b577-32c8b0a4821e'}
        Body: {"router": {"status": "ACTIVE", "external_gateway_info": null, "availability_zone_hints": [], "availability_zones": [], "name": "tempest-router-smoke-348333724", "admin_state_up": true, "tenant_id": "a534112df1fa408db2ebb4bf5d998738", "routes": [], "id": "94f731a7-0abb-4a79-859e-10b974478334"}}
2015-12-22 06:12:07,366 21564 INFO     [tempest_lib.common.rest_client] Request (TestNetworkAdvancedServerOps:test_server_connectivity_pause_unpause): 200 GET http://10.0.2.15:9696/v2.0/routers/94f731a7-0abb-4a79-859e-10b974478334 0.055s
2015-12-22 06:12:07,366 21564 DEBUG    [tempest_lib.common.rest_client] Request - Headers: {'Content-Type': 'application/json', 'Accept': 'application/json', 'X-Auth-Token': '&lt;omitted&gt;'}
        Body: None
    Response - Headers: {'status': '200', 'content-length': '295', 'content-location': 'http://10.0.2.15:9696/v2.0/routers/94f731a7-0abb-4a79-859e-10b974478334', 'connection': 'close', 'date': 'Tue, 22 Dec 2015 06:12:07 GMT', 'content-type': 'application/json; charset=UTF-8', 'x-openstack-request-id': 'req-909b1896-f215-4f76-b4ec-33ce4dc3ae9f'}
        Body: {"router": {"status": "ACTIVE", "external_gateway_info": null, "availability_zone_hints": [], "availability_zones": [], "name": "tempest-router-smoke-348333724", "admin_state_up": true, "tenant_id": "a534112df1fa408db2ebb4bf5d998738", "routes": [], "id": "94f731a7-0abb-4a79-859e-10b974478334"}}
2015-12-22 06:12:08,029 21564 INFO     [tempest_lib.common.rest_client] Request (TestNetworkAdvancedServerOps:test_server_connectivity_pause_unpause): 200 PUT http://10.0.2.15:9696/v2.0/routers/94f731a7-0abb-4a79-859e-10b974478334 0.661s
2015-12-22 06:12:08,029 21564 DEBUG    [tempest_lib.common.rest_client] Request - Headers: {'Content-Type': 'application/json', 'Accept': 'application/json', 'X-Auth-Token': '&lt;omitted&gt;'}
        Body: {"router": {"external_gateway_info": {"network_id": "73b49849-1d6a-4722-8866-487d377c88ac"}, "name": "tempest-router-smoke-348333724", "admin_state_up": true}}
    Response - Headers: {'status': '200', 'content-length': '557', 'connection': 'close', 'date': 'Tue, 22 Dec 2015 06:12:08 GMT', 'content-type': 'application/json; charset=UTF-8', 'x-openstack-request-id': 'req-cd363efc-e767-4a3c-a0f7-a72314c231ef'}
        Body: {"router": {"status": "ACTIVE", "external_gateway_info": {"network_id": "73b49849-1d6a-4722-8866-487d377c88ac", "enable_snat": true, "external_fixed_ips": [{"subnet_id": "c164d1f4-6f8b-4326-b67b-4c4d2b9dcfe8", "ip_address": "172.24.4.3"}, {"subnet_id": "ccbbcd41-6ecd-4875-8e57-51d061b7269d", "ip_address": "2001:db8::3"}]}, "availability_zone_hints": [], "availability_zones": [], "name": "tempest-router-smoke-348333724", "admin_state_up": true, "tenant_id": "a534112df1fa408db2ebb4bf5d998738", "routes": [], "id": "94f731a7-0abb-4a79-859e-10b974478334"}}
2015-12-22 06:12:08,190 21564 INFO     [tempest_lib.common.rest_client] Request (TestNetworkAdvancedServerOps:test_server_connectivity_pause_unpause): 200 GET http://10.0.2.15:9696/v2.0/subnets?tenant_id=a534112df1fa408db2ebb4bf5d998738&amp;cidr=10.100.0.0%2F28 0.159s
2015-12-22 06:12:08,190 21564 DEBUG    [tempest_lib.common.rest_client] Request - Headers: {'Content-Type': 'application/json', 'Accept': 'application/json', 'X-Auth-Token': '&lt;omitted&gt;'}
        Body: None
    Response - Headers: {'status': '200', 'content-length': '15', 'content-location': 'http://10.0.2.15:9696/v2.0/subnets?tenant_id=a534112df1fa408db2ebb4bf5d998738&amp;cidr=10.100.0.0%2F28', 'connection': 'close', 'date': 'Tue, 22 Dec 2015 06:12:08 GMT', 'content-type': 'application/json; charset=UTF-8', 'x-openstack-request-id': 'req-b9f57386-a079-4d31-bb09-06d2c27c565a'}
        Body: {"subnets": []}
2015-12-22 06:12:08,499 21564 INFO     [tempest_lib.common.rest_client] Request (TestNetworkAdvancedServerOps:test_server_connectivity_pause_unpause): 201 POST http://10.0.2.15:9696/v2.0/subnets 0.308s
2015-12-22 06:12:08,500 21564 DEBUG    [tempest_lib.common.rest_client] Request - Headers: {'Content-Type': 'application/json', 'Accept': 'application/json', 'X-Auth-Token': '&lt;omitted&gt;'}
        Body: {"subnet": {"ip_version": 4, "tenant_id": "a534112df1fa408db2ebb4bf5d998738", "cidr": "10.100.0.0/28", "network_id": "9f0560c9-4a30-48ef-a726-19e98044e752", "name": "tempest-subnet-smoke-1258820785"}}
    Response - Headers: {'status': '201', 'content-length': '478', 'connection': 'close', 'date': 'Tue, 22 Dec 2015 06:12:08 GMT', 'content-type': 'application/json; charset=UTF-8', 'x-openstack-request-id': 'req-c22fc5aa-f2ab-47a6-a44b-06750a465c80'}
        Body: {"subnet": {"name": "tempest-subnet-smoke-1258820785", "enable_dhcp": true, "network_id": "9f0560c9-4a30-48ef-a726-19e98044e752", "tenant_id": "a534112df1fa408db2ebb4bf5d998738", "dns_nameservers": [], "gateway_ip": "10.100.0.1", "ipv6_ra_mode": null, "allocation_pools": [{"start": "10.100.0.2", "end": "10.100.0.14"}], "host_routes": [], "ip_version": 4, "ipv6_address_mode": null, "cidr": "10.100.0.0/28", "id": "87f52ec5-df64-4cfa-b33c-682abaa618f3", "subnetpool_id": null}}
2015-12-22 06:12:09,196 21564 INFO     [tempest_lib.common.rest_client] Request (TestNetworkAdvancedServerOps:test_server_connectivity_pause_unpause): 200 PUT http://10.0.2.15:9696/v2.0/routers/94f731a7-0abb-4a79-859e-10b974478334/add_router_interface 0.695s
2015-12-22 06:12:09,196 21564 DEBUG    [tempest_lib.common.rest_client] Request - Headers: {'Content-Type': 'application/json', 'Accept': 'application/json', 'X-Auth-Token': '&lt;omitted&gt;'}
        Body: {"subnet_id": "87f52ec5-df64-4cfa-b33c-682abaa618f3"}
    Response - Headers: {'status': '200', 'content-length': '255', 'connection': 'close', 'date': 'Tue, 22 Dec 2015 06:12:09 GMT', 'content-type': 'application/json; charset=UTF-8', 'x-openstack-request-id': 'req-525f679a-fc5d-4e2e-8797-b1342483c645'}
        Body: {"subnet_id": "87f52ec5-df64-4cfa-b33c-682abaa618f3", "tenant_id": "a534112df1fa408db2ebb4bf5d998738", "subnet_ids": ["87f52ec5-df64-4cfa-b33c-682abaa618f3"], "port_id": "dec24426-8309-4ce6-a7de-54e24ed6e200", "id": "94f731a7-0abb-4a79-859e-10b974478334"}
2015-12-22 06:12:09,329 21564 INFO     [tempest_lib.common.rest_client] Request (TestNetworkAdvancedServerOps:test_server_connectivity_pause_unpause): 200 POST http://10.0.2.15:5000/v2.0/tokens
2015-12-22 06:12:09,330 21564 DEBUG    [tempest_lib.common.rest_client] Request - Headers: {'Content-Type': 'application/json', 'Accept': 'application/json'}
        Body: &lt;omitted&gt;
    Response - Headers: {'status': '200', 'content-length': '2566', 'vary': 'X-Auth-Token', 'server': 'Apache/2.4.7 (Ubuntu)', 'connection': 'close', 'date': 'Tue, 22 Dec 2015 06:12:09 GMT', 'content-type': 'application/json', 'x-openstack-request-id': 'req-6655f448-5aeb-43ef-b177-057eece8795c'}
        Body: {"access": {"token": {"issued_at": "2015-12-22T06:12:09.317458", "expires": "2015-12-22T07:12:09Z", "id": "9bd2e22b717c455dbef57fe7183de90c", "tenant": {"description": "tempest-TestNetworkAdvancedServerOps-1064292531-desc", "enabled": true, "id": "a534112df1fa408db2ebb4bf5d998738", "name": "tempest-TestNetworkAdvancedServerOps-1064292531"}, "audit_ids": ["GUPHkAq1Sfuee1utt7icLQ"]}, "serviceCatalog": [{"endpoints": [{"adminURL": "http://10.0.2.15:8774/v2.1/a534112df1fa408db2ebb4bf5d998738", "region": "RegionOne", "internalURL": "http://10.0.2.15:8774/v2.1/a534112df1fa408db2ebb4bf5d998738", "id": "a7117e2a45304e108c91bca211ff7fc7", "publicURL": "http://10.0.2.15:8774/v2.1/a534112df1fa408db2ebb4bf5d998738"}], "endpoints_links": [], "type": "compute", "name": "nova"}, {"endpoints": [{"adminURL": "http://10.0.2.15:9696/", "region": "RegionOne", "internalURL": "http://10.0.2.15:9696/", "id": "2b51daad1b59465d9930e206e3357019", "publicURL": "http://10.0.2.15:9696/"}], "endpoints_links": [], "type": "network", "name": "neutron"}, {"endpoints": [{"adminURL": "http://10.0.2.15:9292", "region": "RegionOne", "internalURL": "http://10.0.2.15:9292", "id": "9be16eb4819d4d8db9540d57670a5e9f", "publicURL": "http://10.0.2.15:9292"}], "endpoints_links": [], "type": "image", "name": "glance"}, {"endpoints": [{"adminURL": "http://10.0.2.15:8774/v2/a534112df1fa408db2ebb4bf5d998738", "region": "RegionOne", "internalURL": "http://10.0.2.15:8774/v2/a534112df1fa408db2ebb4bf5d998738", "id": "1c041400a9d3470c920efa56d2cde241", "publicURL": "http://10.0.2.15:8774/v2/a534112df1fa408db2ebb4bf5d998738"}], "endpoints_links": [], "type": "compute_legacy", "name": "nova_legacy"}, {"endpoints": [{"adminURL": "http://10.0.2.15:8773/", "region": "RegionOne", "internalURL": "http://10.0.2.15:8773/", "id": "eb2a04feed52440c86ef692fa9727122", "publicURL": "http://10.0.2.15:8773/"}], "endpoints_links": [], "type": "ec2", "name": "ec2"}, {"endpoints": [{"adminURL": "http://10.0.2.15:35357/v2.0", "region": "RegionOne", "internalURL": "http://10.0.2.15:5000/v2.0", "id": "073eaafaa66d466d98b13f572f1dc5aa", "publicURL": "http://10.0.2.15:5000/v2.0"}], "endpoints_links": [], "type": "identity", "name": "keystone"}], "user": {"username": "tempest-TestNetworkAdvancedServerOps-1588967553", "roles_links": [], "id": "4b6766d5139145c3b9dc2f7bc947cfbf", "roles": [{"name": "_member_"}, {"name": "Member"}], "name": "tempest-TestNetworkAdvancedServerOps-1588967553"}, "metadata": {"is_admin": 0, "roles": ["9fe2ff9ee4384b1894a90878d3e92bab", "0453063c2c0d4d80bf68a710c905113f"]}}}
2015-12-22 06:12:09,336 21564 DEBUG    [tempest.common.fixed_network] (TestNetworkAdvancedServerOps:test_server_connectivity_pause_unpause) No valid network provided or created, defaulting to fixed_network_name
2015-12-22 06:12:09,713 21564 INFO     [tempest_lib.common.rest_client] Request (TestNetworkAdvancedServerOps:test_server_connectivity_pause_unpause): 200 GET http://10.0.2.15:8774/v2.1/a534112df1fa408db2ebb4bf5d998738/os-networks 0.376s
2015-12-22 06:12:09,713 21564 DEBUG    [tempest_lib.common.rest_client] Request - Headers: {'Content-Type': 'application/json', 'Accept': 'application/json', 'X-Auth-Token': '&lt;omitted&gt;'}
        Body: None
    Response - Headers: {'status': '200', 'content-length': '478', 'content-location': 'http://10.0.2.15:8774/v2.1/a534112df1fa408db2ebb4bf5d998738/os-networks', 'x-compute-request-id': 'req-d508367d-1e8a-4377-b14c-c219374706d1', 'vary': 'X-OpenStack-Nova-API-Version', 'connection': 'close', 'x-openstack-nova-api-version': '2.1', 'date': 'Tue, 22 Dec 2015 06:12:09 GMT', 'content-type': 'application/json'}
        Body: {"networks": [{"cidr_v6": null, "dns2": null, "dns1": null, "gateway": null, "broadcast": null, "netmask": null, "gateway_v6": null, "cidr": null, "label": "tempest-network-smoke--522165109", "id": "9f0560c9-4a30-48ef-a726-19e98044e752", "netmask_v6": null}, {"cidr_v6": null, "dns2": null, "dns1": null, "gateway": null, "broadcast": null, "netmask": null, "gateway_v6": null, "cidr": null, "label": "public", "id": "73b49849-1d6a-4722-8866-487d377c88ac", "netmask_v6": null}]}
2015-12-22 06:12:09,714 21564 WARNING  [tempest.common.fixed_network] (TestNetworkAdvancedServerOps:test_server_connectivity_pause_unpause) Network with name: private not found
2015-12-22 06:12:09,714 21564 INFO     [tempest.common.fixed_network] (TestNetworkAdvancedServerOps:test_server_connectivity_pause_unpause) Found network {} available for tenant
2015-12-22 06:12:10,810 21564 INFO     [tempest_lib.common.rest_client] Request (TestNetworkAdvancedServerOps:test_server_connectivity_pause_unpause): 202 POST http://10.0.2.15:8774/v2.1/a534112df1fa408db2ebb4bf5d998738/servers 1.095s
2015-12-22 06:12:10,810 21564 DEBUG    [tempest_lib.common.rest_client] Request - Headers: {'Content-Type': 'application/json', 'Accept': 'application/json', 'X-Auth-Token': '&lt;omitted&gt;'}
        Body: {"server": {"name": "tempest.common.compute-instance-1278546164", "imageRef": "2d69f9ca-05eb-40c2-a083-b6d32eb26405", "key_name": "tempest-TestNetworkAdvancedServerOps-129564394", "flavorRef": "42", "networks": [{"uuid": "9f0560c9-4a30-48ef-a726-19e98044e752"}], "security_groups": [{"name": "tempest-secgroup-smoke-1700693253"}]}}
    Response - Headers: {'status': '202', 'content-length': '462', 'x-compute-request-id': 'req-a78d998d-7343-4e90-95fd-91a10e8f6e89', 'vary': 'X-OpenStack-Nova-API-Version', 'connection': 'close', 'location': 'http://10.0.2.15:8774/v2.1/a534112df1fa408db2ebb4bf5d998738/servers/bd42ada4-14fd-4320-8289-4f8f6cba1074', 'x-openstack-nova-api-version': '2.1', 'date': 'Tue, 22 Dec 2015 06:12:10 GMT', 'content-type': 'application/json'}
        Body: {"server": {"security_groups": [{"name": "tempest-secgroup-smoke-1700693253"}], "OS-DCF:diskConfig": "MANUAL", "id": "bd42ada4-14fd-4320-8289-4f8f6cba1074", "links": [{"href": "http://10.0.2.15:8774/v2.1/a534112df1fa408db2ebb4bf5d998738/servers/bd42ada4-14fd-4320-8289-4f8f6cba1074", "rel": "self"}, {"href": "http://10.0.2.15:8774/a534112df1fa408db2ebb4bf5d998738/servers/bd42ada4-14fd-4320-8289-4f8f6cba1074", "rel": "bookmark"}], "adminPass": "E5nCYEBkLyLv"}}
2015-12-22 06:12:10,942 21564 INFO     [tempest_lib.common.rest_client] Request (TestNetworkAdvancedServerOps:test_server_connectivity_pause_unpause): 200 GET http://10.0.2.15:8774/v2.1/a534112df1fa408db2ebb4bf5d998738/servers/bd42ada4-14fd-4320-8289-4f8f6cba1074 0.127s
2015-12-22 06:12:10,943 21564 DEBUG    [tempest_lib.common.rest_client] Request - Headers: {'Content-Type': 'application/json', 'Accept': 'application/json', 'X-Auth-Token': '&lt;omitted&gt;'}
        Body: None
    Response - Headers: {'status': '200', 'content-length': '1364', 'content-location': 'http://10.0.2.15:8774/v2.1/a534112df1fa408db2ebb4bf5d998738/servers/bd42ada4-14fd-4320-8289-4f8f6cba1074', 'x-compute-request-id': 'req-e7d66a6d-a8c4-47cd-b6c2-49d6692e2bb4', 'vary': 'X-OpenStack-Nova-API-Version', 'connection': 'close', 'x-openstack-nova-api-version': '2.1', 'date': 'Tue, 22 Dec 2015 06:12:10 GMT', 'content-type': 'application/json'}
        Body: {"server": {"status": "BUILD", "updated": "2015-12-22T06:12:10Z", "hostId": "", "addresses": {}, "links": [{"href": "http://10.0.2.15:8774/v2.1/a534112df1fa408db2ebb4bf5d998738/servers/bd42ada4-14fd-4320-8289-4f8f6cba1074", "rel": "self"}, {"href": "http://10.0.2.15:8774/a534112df1fa408db2ebb4bf5d998738/servers/bd42ada4-14fd-4320-8289-4f8f6cba1074", "rel": "bookmark"}], "key_name": "tempest-TestNetworkAdvancedServerOps-129564394", "image": {"id": "2d69f9ca-05eb-40c2-a083-b6d32eb26405", "links": [{"href": "http://10.0.2.15:8774/a534112df1fa408db2ebb4bf5d998738/images/2d69f9ca-05eb-40c2-a083-b6d32eb26405", "rel": "bookmark"}]}, "OS-EXT-STS:task_state": "scheduling", "OS-EXT-STS:vm_state": "building", "OS-SRV-USG:launched_at": null, "flavor": {"id": "42", "links": [{"href": "http://10.0.2.15:8774/a534112df1fa408db2ebb4bf5d998738/flavors/42", "rel": "bookmark"}]}, "id": "bd42ada4-14fd-4320-8289-4f8f6cba1074", "OS-SRV-USG:terminated_at": null, "OS-EXT-AZ:availability_zone": "", "user_id": "4b6766d5139145c3b9dc2f7bc947cfbf", "name": "tempest.common.compute-instance-1278546164", "created": "2015-12-22T06:12:10Z", "tenant_id": "a534112df1fa408db2ebb4bf5d998738", "OS-DCF:diskConfig": "MANUAL", "os-extended-volumes:volumes_attached": [], "accessIPv4": "", "accessIPv6": "", "progress": 0, "OS-EXT-STS:power_state": 0, "config_drive": "", "metadata": {}}}
2015-12-22 06:12:12,433 21564 INFO     [tempest_lib.common.rest_client] Request (TestNetworkAdvancedServerOps:test_server_connectivity_pause_unpause): 200 GET http://10.0.2.15:8774/v2.1/a534112df1fa408db2ebb4bf5d998738/servers/bd42ada4-14fd-4320-8289-4f8f6cba1074 0.480s
2015-12-22 06:12:12,434 21564 DEBUG    [tempest_lib.common.rest_client] Request - Headers: {'Content-Type': 'application/json', 'Accept': 'application/json', 'X-Auth-Token': '&lt;omitted&gt;'}
        Body: None
    Response - Headers: {'status': '200', 'content-length': '1490', 'content-location': 'http://10.0.2.15:8774/v2.1/a534112df1fa408db2ebb4bf5d998738/servers/bd42ada4-14fd-4320-8289-4f8f6cba1074', 'x-compute-request-id': 'req-4b8ff80b-6a54-4661-b711-3d007b2623f2', 'vary': 'X-OpenStack-Nova-API-Version', 'connection': 'close', 'x-openstack-nova-api-version': '2.1', 'date': 'Tue, 22 Dec 2015 06:12:12 GMT', 'content-type': 'application/json'}
        Body: {"server": {"status": "BUILD", "updated": "2015-12-22T06:12:11Z", "hostId": "c767b889638eee90d6f64cc9a609452c0015a19a646f58f1652d3921", "addresses": {}, "links": [{"href": "http://10.0.2.15:8774/v2.1/a534112df1fa408db2ebb4bf5d998738/servers/bd42ada4-14fd-4320-8289-4f8f6cba1074", "rel": "self"}, {"href": "http://10.0.2.15:8774/a534112df1fa408db2ebb4bf5d998738/servers/bd42ada4-14fd-4320-8289-4f8f6cba1074", "rel": "bookmark"}], "key_name": "tempest-TestNetworkAdvancedServerOps-129564394", "image": {"id": "2d69f9ca-05eb-40c2-a083-b6d32eb26405", "links": [{"href": "http://10.0.2.15:8774/a534112df1fa408db2ebb4bf5d998738/images/2d69f9ca-05eb-40c2-a083-b6d32eb26405", "rel": "bookmark"}]}, "OS-EXT-STS:task_state": "spawning", "OS-EXT-STS:vm_state": "building", "OS-SRV-USG:launched_at": null, "flavor": {"id": "42", "links": [{"href": "http://10.0.2.15:8774/a534112df1fa408db2ebb4bf5d998738/flavors/42", "rel": "bookmark"}]}, "id": "bd42ada4-14fd-4320-8289-4f8f6cba1074", "security_groups": [{"name": "tempest-secgroup-smoke-1700693253"}], "OS-SRV-USG:terminated_at": null, "OS-EXT-AZ:availability_zone": "nova", "user_id": "4b6766d5139145c3b9dc2f7bc947cfbf", "name": "tempest.common.compute-instance-1278546164", "created": "2015-12-22T06:12:10Z", "tenant_id": "a534112df1fa408db2ebb4bf5d998738", "OS-DCF:diskConfig": "MANUAL", "os-extended-volumes:volumes_attached": [], "accessIPv4": "", "accessIPv6": "", "progress": 0, "OS-EXT-STS:power_state": 0, "config_drive": "", "metadata": {}}}
2015-12-22 06:12:12,442 21564 INFO     [tempest.common.waiters] State transition "BUILD/scheduling" ==&gt; "BUILD/spawning" after 2 second wait
2015-12-22 06:12:13,640 21564 INFO     [tempest_lib.common.rest_client] Request (TestNetworkAdvancedServerOps:test_server_connectivity_pause_unpause): 200 GET http://10.0.2.15:8774/v2.1/a534112df1fa408db2ebb4bf5d998738/servers/bd42ada4-14fd-4320-8289-4f8f6cba1074 0.196s
2015-12-22 06:12:13,640 21564 DEBUG    [tempest_lib.common.rest_client] Request - Headers: {'Content-Type': 'application/json', 'Accept': 'application/json', 'X-Auth-Token': '&lt;omitted&gt;'}
        Body: None
    Response - Headers: {'status': '200', 'content-length': '1490', 'content-location': 'http://10.0.2.15:8774/v2.1/a534112df1fa408db2ebb4bf5d998738/servers/bd42ada4-14fd-4320-8289-4f8f6cba1074', 'x-compute-request-id': 'req-15979fe8-ffaa-46d2-8c2e-b4a171a33977', 'vary': 'X-OpenStack-Nova-API-Version', 'connection': 'close', 'x-openstack-nova-api-version': '2.1', 'date': 'Tue, 22 Dec 2015 06:12:13 GMT', 'content-type': 'application/json'}
        Body: {"server": {"status": "BUILD", "updated": "2015-12-22T06:12:11Z", "hostId": "c767b889638eee90d6f64cc9a609452c0015a19a646f58f1652d3921", "addresses": {}, "links": [{"href": "http://10.0.2.15:8774/v2.1/a534112df1fa408db2ebb4bf5d998738/servers/bd42ada4-14fd-4320-8289-4f8f6cba1074", "rel": "self"}, {"href": "http://10.0.2.15:8774/a534112df1fa408db2ebb4bf5d998738/servers/bd42ada4-14fd-4320-8289-4f8f6cba1074", "rel": "bookmark"}], "key_name": "tempest-TestNetworkAdvancedServerOps-129564394", "image": {"id": "2d69f9ca-05eb-40c2-a083-b6d32eb26405", "links": [{"href": "http://10.0.2.15:8774/a534112df1fa408db2ebb4bf5d998738/images/2d69f9ca-05eb-40c2-a083-b6d32eb26405", "rel": "bookmark"}]}, "OS-EXT-STS:task_state": "spawning", "OS-EXT-STS:vm_state": "building", "OS-SRV-USG:launched_at": null, "flavor": {"id": "42", "links": [{"href": "http://10.0.2.15:8774/a534112df1fa408db2ebb4bf5d998738/flavors/42", "rel": "bookmark"}]}, "id": "bd42ada4-14fd-4320-8289-4f8f6cba1074", "security_groups": [{"name": "tempest-secgroup-smoke-1700693253"}], "OS-SRV-USG:terminated_at": null, "OS-EXT-AZ:availability_zone": "nova", "user_id": "4b6766d5139145c3b9dc2f7bc947cfbf", "name": "tempest.common.compute-instance-1278546164", "created": "2015-12-22T06:12:10Z", "tenant_id": "a534112df1fa408db2ebb4bf5d998738", "OS-DCF:diskConfig": "MANUAL", "os-extended-volumes:volumes_attached": [], "accessIPv4": "", "accessIPv6": "", "progress": 0, "OS-EXT-STS:power_state": 0, "config_drive": "", "metadata": {}}}
2015-12-22 06:12:14,958 21564 INFO     [tempest_lib.common.rest_client] Request (TestNetworkAdvancedServerOps:test_server_connectivity_pause_unpause): 200 GET http://10.0.2.15:8774/v2.1/a534112df1fa408db2ebb4bf5d998738/servers/bd42ada4-14fd-4320-8289-4f8f6cba1074 0.307s
2015-12-22 06:12:14,959 21564 DEBUG    [tempest_lib.common.rest_client] Request - Headers: {'Content-Type': 'application/json', 'Accept': 'application/json', 'X-Auth-Token': '&lt;omitted&gt;'}
        Body: None
    Response - Headers: {'status': '200', 'content-length': '1661', 'content-location': 'http://10.0.2.15:8774/v2.1/a534112df1fa408db2ebb4bf5d998738/servers/bd42ada4-14fd-4320-8289-4f8f6cba1074', 'x-compute-request-id': 'req-c50fc5c1-2330-4e8b-80fa-4206fadc6303', 'vary': 'X-OpenStack-Nova-API-Version', 'connection': 'close', 'x-openstack-nova-api-version': '2.1', 'date': 'Tue, 22 Dec 2015 06:12:14 GMT', 'content-type': 'application/json'}
        Body: {"server": {"status": "ACTIVE", "updated": "2015-12-22T06:12:14Z", "hostId": "c767b889638eee90d6f64cc9a609452c0015a19a646f58f1652d3921", "addresses": {"tempest-network-smoke--522165109": [{"OS-EXT-IPS-MAC:mac_addr": "fa:16:3e:32:08:db", "version": 4, "addr": "10.100.0.3", "OS-EXT-IPS:type": "fixed"}]}, "links": [{"href": "http://10.0.2.15:8774/v2.1/a534112df1fa408db2ebb4bf5d998738/servers/bd42ada4-14fd-4320-8289-4f8f6cba1074", "rel": "self"}, {"href": "http://10.0.2.15:8774/a534112df1fa408db2ebb4bf5d998738/servers/bd42ada4-14fd-4320-8289-4f8f6cba1074", "rel": "bookmark"}], "key_name": "tempest-TestNetworkAdvancedServerOps-129564394", "image": {"id": "2d69f9ca-05eb-40c2-a083-b6d32eb26405", "links": [{"href": "http://10.0.2.15:8774/a534112df1fa408db2ebb4bf5d998738/images/2d69f9ca-05eb-40c2-a083-b6d32eb26405", "rel": "bookmark"}]}, "OS-EXT-STS:task_state": null, "OS-EXT-STS:vm_state": "active", "OS-SRV-USG:launched_at": "2015-12-22T06:12:14.000000", "flavor": {"id": "42", "links": [{"href": "http://10.0.2.15:8774/a534112df1fa408db2ebb4bf5d998738/flavors/42", "rel": "bookmark"}]}, "id": "bd42ada4-14fd-4320-8289-4f8f6cba1074", "security_groups": [{"name": "tempest-secgroup-smoke-1700693253"}], "OS-SRV-USG:terminated_at": null, "OS-EXT-AZ:availability_zone": "nova", "user_id": "4b6766d5139145c3b9dc2f7bc947cfbf", "name": "tempest.common.compute-instance-1278546164", "created": "2015-12-22T06:12:10Z", "tenant_id": "a534112df1fa408db2ebb4bf5d998738", "OS-DCF:diskConfig": "MANUAL", "os-extended-volumes:volumes_attached": [], "accessIPv4": "", "accessIPv6": "", "progress": 0, "OS-EXT-STS:power_state": 1, "config_drive": "True", "metadata": {}}}
2015-12-22 06:12:14,968 21564 INFO     [tempest.common.waiters] State transition "BUILD/spawning" ==&gt; "ACTIVE/None" after 4 second wait
2015-12-22 06:12:15,179 21564 INFO     [tempest_lib.common.rest_client] Request (TestNetworkAdvancedServerOps:test_server_connectivity_pause_unpause): 200 GET http://10.0.2.15:8774/v2.1/a534112df1fa408db2ebb4bf5d998738/servers/bd42ada4-14fd-4320-8289-4f8f6cba1074 0.211s
2015-12-22 06:12:15,180 21564 DEBUG    [tempest_lib.common.rest_client] Request - Headers: {'Content-Type': 'application/json', 'Accept': 'application/json', 'X-Auth-Token': '&lt;omitted&gt;'}
        Body: None
    Response - Headers: {'status': '200', 'content-length': '1661', 'content-location': 'http://10.0.2.15:8774/v2.1/a534112df1fa408db2ebb4bf5d998738/servers/bd42ada4-14fd-4320-8289-4f8f6cba1074', 'x-compute-request-id': 'req-a646345b-373b-4b05-8534-4afb7009279c', 'vary': 'X-OpenStack-Nova-API-Version', 'connection': 'close', 'x-openstack-nova-api-version': '2.1', 'date': 'Tue, 22 Dec 2015 06:12:15 GMT', 'content-type': 'application/json'}
        Body: {"server": {"status": "ACTIVE", "updated": "2015-12-22T06:12:14Z", "hostId": "c767b889638eee90d6f64cc9a609452c0015a19a646f58f1652d3921", "addresses": {"tempest-network-smoke--522165109": [{"OS-EXT-IPS-MAC:mac_addr": "fa:16:3e:32:08:db", "version": 4, "addr": "10.100.0.3", "OS-EXT-IPS:type": "fixed"}]}, "links": [{"href": "http://10.0.2.15:8774/v2.1/a534112df1fa408db2ebb4bf5d998738/servers/bd42ada4-14fd-4320-8289-4f8f6cba1074", "rel": "self"}, {"href": "http://10.0.2.15:8774/a534112df1fa408db2ebb4bf5d998738/servers/bd42ada4-14fd-4320-8289-4f8f6cba1074", "rel": "bookmark"}], "key_name": "tempest-TestNetworkAdvancedServerOps-129564394", "image": {"id": "2d69f9ca-05eb-40c2-a083-b6d32eb26405", "links": [{"href": "http://10.0.2.15:8774/a534112df1fa408db2ebb4bf5d998738/images/2d69f9ca-05eb-40c2-a083-b6d32eb26405", "rel": "bookmark"}]}, "OS-EXT-STS:task_state": null, "OS-EXT-STS:vm_state": "active", "OS-SRV-USG:launched_at": "2015-12-22T06:12:14.000000", "flavor": {"id": "42", "links": [{"href": "http://10.0.2.15:8774/a534112df1fa408db2ebb4bf5d998738/flavors/42", "rel": "bookmark"}]}, "id": "bd42ada4-14fd-4320-8289-4f8f6cba1074", "security_groups": [{"name": "tempest-secgroup-smoke-1700693253"}], "OS-SRV-USG:terminated_at": null, "OS-EXT-AZ:availability_zone": "nova", "user_id": "4b6766d5139145c3b9dc2f7bc947cfbf", "name": "tempest.common.compute-instance-1278546164", "created": "2015-12-22T06:12:10Z", "tenant_id": "a534112df1fa408db2ebb4bf5d998738", "OS-DCF:diskConfig": "MANUAL", "os-extended-volumes:volumes_attached": [], "accessIPv4": "", "accessIPv6": "", "progress": 0, "OS-EXT-STS:power_state": 1, "config_drive": "True", "metadata": {}}}
2015-12-22 06:12:15,217 21564 INFO     [tempest_lib.common.rest_client] Request (TestNetworkAdvancedServerOps:test_server_connectivity_pause_unpause): 200 GET http://10.0.2.15:9696/v2.0/ports?status=ACTIVE&amp;fixed_ip=None&amp;device_id=bd42ada4-14fd-4320-8289-4f8f6cba1074 0.030s
2015-12-22 06:12:15,218 21564 DEBUG    [tempest_lib.common.rest_client] Request - Headers: {'Content-Type': 'application/json', 'Accept': 'application/json', 'X-Auth-Token': '&lt;omitted&gt;'}
        Body: None
    Response - Headers: {'status': '200', 'content-length': '895', 'content-location': 'http://10.0.2.15:9696/v2.0/ports?status=ACTIVE&amp;fixed_ip=None&amp;device_id=bd42ada4-14fd-4320-8289-4f8f6cba1074', 'connection': 'close', 'date': 'Tue, 22 Dec 2015 06:12:15 GMT', 'content-type': 'application/json; charset=UTF-8', 'x-openstack-request-id': 'req-9ef01658-ebfc-4f9b-a9fd-1e670a2b20a8'}
        Body: {"ports": [{"status": "ACTIVE", "binding:host_id": "vagrant-ubuntu-trusty-64", "allowed_address_pairs": [], "extra_dhcp_opts": [], "dns_assignment": [{"hostname": "host-10-100-0-3", "ip_address": "10.100.0.3", "fqdn": "host-10-100-0-3.openstacklocal."}], "device_owner": "compute:None", "port_security_enabled": true, "binding:profile": {}, "fixed_ips": [{"subnet_id": "87f52ec5-df64-4cfa-b33c-682abaa618f3", "ip_address": "10.100.0.3"}], "id": "f5e7fc63-3a89-4ee4-bbfd-b3566fa4e182", "security_groups": ["3041e9f2-ccca-4056-be00-0d655f2678b4"], "device_id": "bd42ada4-14fd-4320-8289-4f8f6cba1074", "name": "", "admin_state_up": true, "network_id": "9f0560c9-4a30-48ef-a726-19e98044e752", "dns_name": "", "binding:vif_details": {"port_filter": true}, "binding:vnic_type": "normal", "binding:vif_type": "ovs", "tenant_id": "a534112df1fa408db2ebb4bf5d998738", "mac_address": "fa:16:3e:32:08:db"}]}
2015-12-22 06:12:15,739 21564 INFO     [tempest_lib.common.rest_client] Request (TestNetworkAdvancedServerOps:test_server_connectivity_pause_unpause): 201 POST http://10.0.2.15:9696/v2.0/floatingips 0.520s
2015-12-22 06:12:15,739 21564 DEBUG    [tempest_lib.common.rest_client] Request - Headers: {'Content-Type': 'application/json', 'Accept': 'application/json', 'X-Auth-Token': '&lt;omitted&gt;'}
        Body: {"floatingip": {"floating_network_id": "73b49849-1d6a-4722-8866-487d377c88ac", "tenant_id": "a534112df1fa408db2ebb4bf5d998738", "fixed_ip_address": "10.100.0.3", "port_id": "f5e7fc63-3a89-4ee4-bbfd-b3566fa4e182"}}
    Response - Headers: {'status': '201', 'content-length': '367', 'connection': 'close', 'date': 'Tue, 22 Dec 2015 06:12:15 GMT', 'content-type': 'application/json; charset=UTF-8', 'x-openstack-request-id': 'req-335f2457-7566-45fd-b584-aa99a214054b'}
        Body: {"floatingip": {"floating_network_id": "73b49849-1d6a-4722-8866-487d377c88ac", "router_id": "94f731a7-0abb-4a79-859e-10b974478334", "fixed_ip_address": "10.100.0.3", "floating_ip_address": "172.24.4.4", "tenant_id": "a534112df1fa408db2ebb4bf5d998738", "status": "DOWN", "port_id": "f5e7fc63-3a89-4ee4-bbfd-b3566fa4e182", "id": "156cc9ef-ef8c-40eb-804a-9a86694e7ad7"}}
2015-12-22 06:12:15,949 21564 INFO     [tempest_lib.common.rest_client] Request (TestNetworkAdvancedServerOps:test_server_connectivity_pause_unpause): 200 GET http://10.0.2.15:8774/v2.1/a534112df1fa408db2ebb4bf5d998738/servers/bd42ada4-14fd-4320-8289-4f8f6cba1074 0.209s
2015-12-22 06:12:15,949 21564 DEBUG    [tempest_lib.common.rest_client] Request - Headers: {'Content-Type': 'application/json', 'Accept': 'application/json', 'X-Auth-Token': '&lt;omitted&gt;'}
        Body: None
    Response - Headers: {'status': '200', 'content-length': '1661', 'content-location': 'http://10.0.2.15:8774/v2.1/a534112df1fa408db2ebb4bf5d998738/servers/bd42ada4-14fd-4320-8289-4f8f6cba1074', 'x-compute-request-id': 'req-02a8e036-920d-4a35-936d-ecea33b40c3b', 'vary': 'X-OpenStack-Nova-API-Version', 'connection': 'close', 'x-openstack-nova-api-version': '2.1', 'date': 'Tue, 22 Dec 2015 06:12:15 GMT', 'content-type': 'application/json'}
        Body: {"server": {"status": "ACTIVE", "updated": "2015-12-22T06:12:14Z", "hostId": "c767b889638eee90d6f64cc9a609452c0015a19a646f58f1652d3921", "addresses": {"tempest-network-smoke--522165109": [{"OS-EXT-IPS-MAC:mac_addr": "fa:16:3e:32:08:db", "version": 4, "addr": "10.100.0.3", "OS-EXT-IPS:type": "fixed"}]}, "links": [{"href": "http://10.0.2.15:8774/v2.1/a534112df1fa408db2ebb4bf5d998738/servers/bd42ada4-14fd-4320-8289-4f8f6cba1074", "rel": "self"}, {"href": "http://10.0.2.15:8774/a534112df1fa408db2ebb4bf5d998738/servers/bd42ada4-14fd-4320-8289-4f8f6cba1074", "rel": "bookmark"}], "key_name": "tempest-TestNetworkAdvancedServerOps-129564394", "image": {"id": "2d69f9ca-05eb-40c2-a083-b6d32eb26405", "links": [{"href": "http://10.0.2.15:8774/a534112df1fa408db2ebb4bf5d998738/images/2d69f9ca-05eb-40c2-a083-b6d32eb26405", "rel": "bookmark"}]}, "OS-EXT-STS:task_state": null, "OS-EXT-STS:vm_state": "active", "OS-SRV-USG:launched_at": "2015-12-22T06:12:14.000000", "flavor": {"id": "42", "links": [{"href": "http://10.0.2.15:8774/a534112df1fa408db2ebb4bf5d998738/flavors/42", "rel": "bookmark"}]}, "id": "bd42ada4-14fd-4320-8289-4f8f6cba1074", "security_groups": [{"name": "tempest-secgroup-smoke-1700693253"}], "OS-SRV-USG:terminated_at": null, "OS-EXT-AZ:availability_zone": "nova", "user_id": "4b6766d5139145c3b9dc2f7bc947cfbf", "name": "tempest.common.compute-instance-1278546164", "created": "2015-12-22T06:12:10Z", "tenant_id": "a534112df1fa408db2ebb4bf5d998738", "OS-DCF:diskConfig": "MANUAL", "os-extended-volumes:volumes_attached": [], "accessIPv4": "", "accessIPv6": "", "progress": 0, "OS-EXT-STS:power_state": 1, "config_drive": "True", "metadata": {}}}
2015-12-22 06:12:15,958 21564 INFO     [tempest.scenario.manager] Tenant networks not configured to be reachable.
2015-12-22 06:12:15,972 21564 INFO     [tempest_lib.common.rest_client] Request (TestNetworkAdvancedServerOps:test_server_connectivity_pause_unpause): 200 GET http://10.0.2.15:9696/v2.0/floatingips/156cc9ef-ef8c-40eb-804a-9a86694e7ad7 0.014s
2015-12-22 06:12:15,973 21564 DEBUG    [tempest_lib.common.rest_client] Request - Headers: {'Content-Type': 'application/json', 'Accept': 'application/json', 'X-Auth-Token': '&lt;omitted&gt;'}
        Body: None
    Response - Headers: {'status': '200', 'content-length': '367', 'content-location': 'http://10.0.2.15:9696/v2.0/floatingips/156cc9ef-ef8c-40eb-804a-9a86694e7ad7', 'connection': 'close', 'date': 'Tue, 22 Dec 2015 06:12:15 GMT', 'content-type': 'application/json; charset=UTF-8', 'x-openstack-request-id': 'req-6a9fe9ef-53d6-4018-96f9-e399a935cd95'}
        Body: {"floatingip": {"floating_network_id": "73b49849-1d6a-4722-8866-487d377c88ac", "router_id": "94f731a7-0abb-4a79-859e-10b974478334", "fixed_ip_address": "10.100.0.3", "floating_ip_address": "172.24.4.4", "tenant_id": "a534112df1fa408db2ebb4bf5d998738", "status": "DOWN", "port_id": "f5e7fc63-3a89-4ee4-bbfd-b3566fa4e182", "id": "156cc9ef-ef8c-40eb-804a-9a86694e7ad7"}}
2015-12-22 06:12:16,988 21564 INFO     [tempest_lib.common.rest_client] Request (TestNetworkAdvancedServerOps:test_server_connectivity_pause_unpause): 200 GET http://10.0.2.15:9696/v2.0/floatingips/156cc9ef-ef8c-40eb-804a-9a86694e7ad7 0.013s
2015-12-22 06:12:16,989 21564 DEBUG    [tempest_lib.common.rest_client] Request - Headers: {'Content-Type': 'application/json', 'Accept': 'application/json', 'X-Auth-Token': '&lt;omitted&gt;'}
        Body: None
    Response - Headers: {'status': '200', 'content-length': '369', 'content-location': 'http://10.0.2.15:9696/v2.0/floatingips/156cc9ef-ef8c-40eb-804a-9a86694e7ad7', 'connection': 'close', 'date': 'Tue, 22 Dec 2015 06:12:16 GMT', 'content-type': 'application/json; charset=UTF-8', 'x-openstack-request-id': 'req-22bbc1d5-83aa-4799-b712-44d4a76980eb'}
        Body: {"floatingip": {"floating_network_id": "73b49849-1d6a-4722-8866-487d377c88ac", "router_id": "94f731a7-0abb-4a79-859e-10b974478334", "fixed_ip_address": "10.100.0.3", "floating_ip_address": "172.24.4.4", "tenant_id": "a534112df1fa408db2ebb4bf5d998738", "status": "ACTIVE", "port_id": "f5e7fc63-3a89-4ee4-bbfd-b3566fa4e182", "id": "156cc9ef-ef8c-40eb-804a-9a86694e7ad7"}}
2015-12-22 06:12:16,989 21564 INFO     [tempest.scenario.manager] FloatingIP: &lt;"FloatingIP" addr="172.24.4.4" id="156cc9ef-ef8c-40eb-804a-9a86694e7ad7"&gt; is at status: ACTIVE
2015-12-22 06:12:16,989 21564 DEBUG    [tempest.scenario.manager] checking network connections to IP 172.24.4.4 with user: cirros
2015-12-22 06:12:16,989 21564 DEBUG    [tempest.scenario.manager] TestNetworkAdvancedServerOps:test_server_connectivity_pause_unpause begins to ping 172.24.4.4 in 120 sec and the expected result is reachable
2015-12-22 06:14:18,338 21564 DEBUG    [tempest.scenario.manager] TestNetworkAdvancedServerOps:test_server_connectivity_pause_unpause finishes ping 172.24.4.4 in 120 sec and the ping result is unexpected
2015-12-22 06:14:18,340 21564 ERROR    [tempest.scenario.manager] Public network connectivity check failed
2015-12-22 06:14:18.340 21564 ERROR tempest.scenario.manager Traceback (most recent call last):
2015-12-22 06:14:18.340 21564 ERROR tempest.scenario.manager   File "tempest/scenario/manager.py", line 609, in check_public_network_connectivity
2015-12-22 06:14:18.340 21564 ERROR tempest.scenario.manager     should_connect=should_connect)
2015-12-22 06:14:18.340 21564 ERROR tempest.scenario.manager   File "tempest/scenario/manager.py", line 593, in check_vm_connectivity
2015-12-22 06:14:18.340 21564 ERROR tempest.scenario.manager     msg=msg)
2015-12-22 06:14:18.340 21564 ERROR tempest.scenario.manager   File "/usr/local/lib/python2.7/dist-packages/unittest2/case.py", line 702, in assertTrue
2015-12-22 06:14:18.340 21564 ERROR tempest.scenario.manager     raise self.failureException(msg)
2015-12-22 06:14:18.340 21564 ERROR tempest.scenario.manager AssertionError: False is not true : Timed out waiting for 172.24.4.4 to become reachable
2015-12-22 06:14:18.340 21564 ERROR tempest.scenario.manager 
2015-12-22 06:14:18,558 21564 INFO     [tempest_lib.common.rest_client] Request (TestNetworkAdvancedServerOps:test_server_connectivity_pause_unpause): 200 POST http://10.0.2.15:8774/v2.1/a534112df1fa408db2ebb4bf5d998738/servers/bd42ada4-14fd-4320-8289-4f8f6cba1074/action 0.214s
2015-12-22 06:14:18,559 21564 DEBUG    [tempest_lib.common.rest_client] Request - Headers: {'Content-Type': 'application/json', 'Accept': 'application/json', 'X-Auth-Token': '&lt;omitted&gt;'}
        Body: {"os-getConsoleOutput": {}}
    Response - Headers: {'status': '200', 'content-length': '17429', 'x-compute-request-id': 'req-02560a15-5d05-4b71-af03-bc6f95978d7e', 'vary': 'X-OpenStack-Nova-API-Version', 'connection': 'close', 'x-openstack-nova-api-version': '2.1', 'date': 'Tue, 22 Dec 2015 06:14:18 GMT', 'content-type': 'application/json'}
        Body: {"output": "[    0.000000] Initializing cgroup subsys cpuset\n[    0.000000] Initializing cgroup subsys cpu\n[    0.000000] Linux version 3.2.0-80-virtual (buildd@batsu) (gcc version 4.6.3 (Ubuntu/Linaro 4.6.3-1ubuntu5) ) #116-Ubuntu SMP Mon Mar 23 17:28:52 UTC 2015 (Ubuntu 3.2.0-80.116-virtual 3.2.68)\n[    0.000000] Command line: root=/dev/vda console=tty0 console=ttyS0 no_timer_check\n[    0.000000] KERNEL supported cpus:\n[    0.000000]   Intel GenuineIntel\n[    0.000000]   AMD AuthenticAMD\n[    0.000000]   Centaur CentaurHauls\n[    0.000000] BIOS-provided physical RAM map:\n[    0.000000]  BIOS-e820: 0000000000000000 - 000000000009fc00 (usable)\n[    0.000000]  BIOS-e820: 000000000009fc00 - 00000000000a0000 (reserved)\n[    0.000000]  BIOS-e820: 00000000000f0000 - 0000000000100000 (reserved)\n[    0.000000]  BIOS-e820: 0000000000100000 - 0000000003ffe000 (usable)\n[    0.000000]  BIOS-e820: 0000000003ffe000 - 0000000004000000 (reserved)\n[    0.000000]  BIOS-e820: 00000000fffc0000 - 0000000100000000 (reserved)\n[    0.000000] NX (Execute Disable) protection: active\n[    0.000000] SMBIOS 2.4 present.\n[    0.000000] No AGP bridge found\n[    0.000000] last_pfn = 0x3ffe max_arch_pfn = 0x400000000\n[    0.000000] x86 PAT enabled: cpu 0, old 0x7040600070406, new 0x7010600070106\n[    0.000000] found SMP MP-table at [ffff8800000f0b00] f0b00\n[    0.000000] init_memory_mapping: 0000000000000000-0000000003ffe000\n[    0.000000] RAMDISK: 03c5e000 - 03ff0000\n[    0.000000] ACPI: RSDP 00000000000f0950 00014 (v00 BOCHS )\n[    0.000000] ACPI: RSDT 0000000003fffbc1 00034 (v01 BOCHS  BXPCRSDT 00000001 BXPC 00000001)\n[    0.000000] ACPI: FACP 0000000003fff1c0 00074 (v01 BOCHS  BXPCFACP 00000001 BXPC 00000001)\n[    0.000000] ACPI: DSDT 0000000003ffe040 01180 (v01 BOCHS  BXPCDSDT 00000001 BXPC 00000001)\n[    0.000000] ACPI: FACS 0000000003ffe000 00040\n[    0.000000] ACPI: SSDT 0000000003fff234 008DD (v01 BOCHS  BXPCSSDT 00000001 BXPC 00000001)\n[    0.000000] ACPI: APIC 0000000003fffb11 00078 (v01 BOCHS  BXPCAPIC 00000001 BXPC 00000001)\n[    0.000000] ACPI: HPET 0000000003fffb89 00038 (v01 BOCHS  BXPCHPET 00000001 BXPC 00000001)\n[    0.000000] No NUMA configuration found\n[    0.000000] Faking a node at 0000000000000000-0000000003ffe000\n[    0.000000] Initmem setup node 0 0000000000000000-0000000003ffe000\n[    0.000000]   NODE_DATA [0000000003ff6000 - 0000000003ffafff]\n[    0.000000] Zone PFN ranges:\n[    0.000000]   DMA      0x00000010 -&gt; 0x00001000\n[    0.000000]   DMA32    0x00001000 -&gt; 0x00100000\n[    0.000000]   Normal   empty\n[    0.000000] Movable zone start PFN for each node\n[    0.000000] early_node_map[2] active PFN ranges\n[    0.000000]     0: 0x00000010 -&gt; 0x0000009f\n[    0.000000]     0: 0x00000100 -&gt; 0x00003ffe\n[    0.000000] ACPI: PM-Timer IO Port: 0xb008\n[    0.000000] ACPI: LAPIC (acpi_id[0x00] lapic_id[0x00] enabled)\n[    0.000000] ACPI: LAPIC_NMI (acpi_id[0xff] dfl dfl lint[0x1])\n[    0.000000] ACPI: IOAPIC (id[0x00] address[0xfec00000] gsi_base[0])\n[    0.000000] IOAPIC[0]: apic_id 0, version 17, address 0xfec00000, GSI 0-23\n[    0.000000] ACPI: INT_SRC_OVR (bus 0 bus_irq 0 global_irq 2 dfl dfl)\n[    0.000000] ACPI: INT_SRC_OVR (bus 0 bus_irq 5 global_irq 5 high level)\n[    0.000000] ACPI: INT_SRC_OVR (bus 0 bus_irq 9 global_irq 9 high level)\n[    0.000000] ACPI: INT_SRC_OVR (bus 0 bus_irq 10 global_irq 10 high level)\n[    0.000000] ACPI: INT_SRC_OVR (bus 0 bus_irq 11 global_irq 11 high level)\n[    0.000000] Using ACPI (MADT) for SMP configuration information\n[    0.000000] ACPI: HPET id: 0x8086a201 base: 0xfed00000\n[    0.000000] SMP: Allowing 1 CPUs, 0 hotplug CPUs\n[    0.000000] PM: Registered nosave memory: 000000000009f000 - 00000000000a0000\n[    0.000000] PM: Registered nosave memory: 00000000000a0000 - 00000000000f0000\n[    0.000000] PM: Registered nosave memory: 00000000000f0000 - 0000000000100000\n[    0.000000] Allocating PCI resources starting at 4000000 (gap: 4000000:fbfc0000)\n[    0.000000] Booting paravirtualized kernel on bare hardware\n[    0.000000] setup_pe
2015-12-22 06:14:18,562 21564 DEBUG    [tempest.scenario.manager] Console output for bd42ada4-14fd-4320-8289-4f8f6cba1074
body=
[    0.000000] Initializing cgroup subsys cpuset
[    0.000000] Initializing cgroup subsys cpu
[    0.000000] Linux version 3.2.0-80-virtual (buildd@batsu) (gcc version 4.6.3 (Ubuntu/Linaro 4.6.3-1ubuntu5) ) #116-Ubuntu SMP Mon Mar 23 17:28:52 UTC 2015 (Ubuntu 3.2.0-80.116-virtual 3.2.68)
[    0.000000] Command line: root=/dev/vda console=tty0 console=ttyS0 no_timer_check
[    0.000000] KERNEL supported cpus:
[    0.000000]   Intel GenuineIntel
[    0.000000]   AMD AuthenticAMD
[    0.000000]   Centaur CentaurHauls
[    0.000000] BIOS-provided physical RAM map:
[    0.000000]  BIOS-e820: 0000000000000000 - 000000000009fc00 (usable)
[    0.000000]  BIOS-e820: 000000000009fc00 - 00000000000a0000 (reserved)
[    0.000000]  BIOS-e820: 00000000000f0000 - 0000000000100000 (reserved)
[    0.000000]  BIOS-e820: 0000000000100000 - 0000000003ffe000 (usable)
[    0.000000]  BIOS-e820: 0000000003ffe000 - 0000000004000000 (reserved)
[    0.000000]  BIOS-e820: 00000000fffc0000 - 0000000100000000 (reserved)
[    0.000000] NX (Execute Disable) protection: active
[    0.000000] SMBIOS 2.4 present.
[    0.000000] No AGP bridge found
[    0.000000] last_pfn = 0x3ffe max_arch_pfn = 0x400000000
[    0.000000] x86 PAT enabled: cpu 0, old 0x7040600070406, new 0x7010600070106
[    0.000000] found SMP MP-table at [ffff8800000f0b00] f0b00
[    0.000000] init_memory_mapping: 0000000000000000-0000000003ffe000
[    0.000000] RAMDISK: 03c5e000 - 03ff0000
[    0.000000] ACPI: RSDP 00000000000f0950 00014 (v00 BOCHS )
[    0.000000] ACPI: RSDT 0000000003fffbc1 00034 (v01 BOCHS  BXPCRSDT 00000001 BXPC 00000001)
[    0.000000] ACPI: FACP 0000000003fff1c0 00074 (v01 BOCHS  BXPCFACP 00000001 BXPC 00000001)
[    0.000000] ACPI: DSDT 0000000003ffe040 01180 (v01 BOCHS  BXPCDSDT 00000001 BXPC 00000001)
[    0.000000] ACPI: FACS 0000000003ffe000 00040
[    0.000000] ACPI: SSDT 0000000003fff234 008DD (v01 BOCHS  BXPCSSDT 00000001 BXPC 00000001)
[    0.000000] ACPI: APIC 0000000003fffb11 00078 (v01 BOCHS  BXPCAPIC 00000001 BXPC 00000001)
[    0.000000] ACPI: HPET 0000000003fffb89 00038 (v01 BOCHS  BXPCHPET 00000001 BXPC 00000001)
[    0.000000] No NUMA configuration found
[    0.000000] Faking a node at 0000000000000000-0000000003ffe000
[    0.000000] Initmem setup node 0 0000000000000000-0000000003ffe000
[    0.000000]   NODE_DATA [0000000003ff6000 - 0000000003ffafff]
[    0.000000] Zone PFN ranges:
[    0.000000]   DMA      0x00000010 -&gt; 0x00001000
[    0.000000]   DMA32    0x00001000 -&gt; 0x00100000
[    0.000000]   Normal   empty
[    0.000000] Movable zone start PFN for each node
[    0.000000] early_node_map[2] active PFN ranges
[    0.000000]     0: 0x00000010 -&gt; 0x0000009f
[    0.000000]     0: 0x00000100 -&gt; 0x00003ffe
[    0.000000] ACPI: PM-Timer IO Port: 0xb008
[    0.000000] ACPI: LAPIC (acpi_id[0x00] lapic_id[0x00] enabled)
[    0.000000] ACPI: LAPIC_NMI (acpi_id[0xff] dfl dfl lint[0x1])
[    0.000000] ACPI: IOAPIC (id[0x00] address[0xfec00000] gsi_base[0])
[    0.000000] IOAPIC[0]: apic_id 0, version 17, address 0xfec00000, GSI 0-23
[    0.000000] ACPI: INT_SRC_OVR (bus 0 bus_irq 0 global_irq 2 dfl dfl)
[    0.000000] ACPI: INT_SRC_OVR (bus 0 bus_irq 5 global_irq 5 high level)
[    0.000000] ACPI: INT_SRC_OVR (bus 0 bus_irq 9 global_irq 9 high level)
[    0.000000] ACPI: INT_SRC_OVR (bus 0 bus_irq 10 global_irq 10 high level)
[    0.000000] ACPI: INT_SRC_OVR (bus 0 bus_irq 11 global_irq 11 high level)
[    0.000000] Using ACPI (MADT) for SMP configuration information
[    0.000000] ACPI: HPET id: 0x8086a201 base: 0xfed00000
[    0.000000] SMP: Allowing 1 CPUs, 0 hotplug CPUs
[    0.000000] PM: Registered nosave memory: 000000000009f000 - 00000000000a0000
[    0.000000] PM: Registered nosave memory: 00000000000a0000 - 00000000000f0000
[    0.000000] PM: Registered nosave memory: 00000000000f0000 - 0000000000100000
[    0.000000] Allocating PCI resources starting at 4000000 (gap: 4000000:fbfc0000)
[    0.000000] Booting paravirtualized kernel on bare hardware
[    0.000000] setup_percpu: NR_CPUS:64 nr_cpumask_bits:64 nr_cpu_ids:1 nr_node_ids:1
[    0.000000] PERCPU: Embedded 27 pages/cpu @ffff880003a00000 s78848 r8192 d23552 u2097152
[    0.000000] Built 1 zonelists in Node order, mobility grouping on.  Total pages: 16008
[    0.000000] Policy zone: DMA32
[    0.000000] Kernel command line: root=/dev/vda console=tty0 console=ttyS0 no_timer_check
[    0.000000] PID hash table entries: 256 (order: -1, 2048 bytes)
[    0.000000] Checking aperture...
[    0.000000] No AGP bridge found
[    0.000000] Memory: 43492k/65528k available (6576k kernel code, 452k absent, 21584k reserved, 6620k data, 928k init)
[    0.000000] SLUB: Genslabs=15, HWalign=64, Order=0-3, MinObjects=0, CPUs=1, Nodes=1
[    0.000000] Hierarchical RCU implementation.
[    0.000000] 	RCU dyntick-idle grace-period acceleration is enabled.
[    0.000000] NR_IRQS:4352 nr_irqs:256 16
[    0.000000] Console: colour VGA+ 80x25
[    0.000000] console [tty0] enabled
[    0.000000] console [ttyS0] enabled
[    0.000000] allocated 1048576 bytes of page_cgroup
[    0.000000] please try 'cgroup_disable=memory' option if you don't want memory cgroups
[    0.000000] Fast TSC calibration failed
[    0.000000] TSC: Unable to calibrate against PIT
[    0.000000] TSC: using HPET reference calibration
[    0.000000] Detected 2294.390 MHz processor.
[    0.028780] Calibrating delay loop (skipped), value calculated using timer frequency.. 4588.78 BogoMIPS (lpj=9177560)
[    0.032244] pid_max: default: 32768 minimum: 301
[    0.044748] Security Framework initialized
[    0.048879] AppArmor: AppArmor initialized
[    0.049585] Yama: becoming mindful.
[    0.057912] Dentry cache hash table entries: 8192 (order: 4, 65536 bytes)
[    0.060152] Inode-cache hash table entries: 4096 (order: 3, 32768 bytes)
[    0.061647] Mount-cache hash table entries: 256
[    0.077641] Initializing cgroup subsys cpuacct
[    0.078600] Initializing cgroup subsys memory
[    0.080811] Initializing cgroup subsys devices
[    0.081535] Initializing cgroup subsys freezer
[    0.082230] Initializing cgroup subsys blkio
[    0.083152] Initializing cgroup subsys perf_event
[    0.088552] mce: CPU supports 10 MCE banks
[    0.092534] SMP alternatives: switching to UP code
[    0.480743] Freeing SMP alternatives: 24k freed
[    0.482351] ACPI: Core revision 20110623
[    0.528248] ftrace: allocating 26610 entries in 105 pages
[    0.560034] ..TIMER: vector=0x30 apic1=0 pin1=2 apic2=-1 pin2=-1
[    0.560159] CPU0: AMD QEMU Virtual CPU version 2.0.0 stepping 03
[    0.568034] Performance Events: Broken PMU hardware detected, using software events only.
[    0.577135] NMI watchdog disabled (cpu0): hardware events not enabled
[    0.578894] Brought up 1 CPUs
[    0.580117] Total of 1 processors activated (4588.78 BogoMIPS).
[    0.604841] devtmpfs: initialized
[    0.635008] EVM: security.selinux
[    0.635458] EVM: security.SMACK64
[    0.636101] EVM: security.capability
[    0.659064] print_constraints: dummy: 
[    0.661200] RTC time:  6:12:18, date: 12/22/15
[    0.664794] NET: Registered protocol family 16
[    0.677560] ACPI: bus type pci registered
[    0.681168] PCI: Using configuration type 1 for base access
[    0.716403] bio: create slab &lt;bio-0&gt; at 0
[    0.720164] ACPI: Added _OSI(Module Device)
[    0.721382] ACPI: Added _OSI(Processor Device)
[    0.724056] ACPI: Added _OSI(3.0 _SCP Extensions)
[    0.724678] ACPI: Added _OSI(Processor Aggregator Device)
[    0.806880] ACPI: Interpreter enabled
[    0.808305] ACPI: (supports S0 S3 S4 S5)
[    0.812493] ACPI: Using IOAPIC for interrupt routing
[    0.887293] ACPI: No dock devices found.
[    0.888191] HEST: Table not found.
[    0.888744] PCI: Using host bridge windows from ACPI; if necessary, use "pci=nocrs" and report a bug
[    0.897919] ACPI: PCI Root Bridge [PCI0] (domain 0000 [bus 00-ff])
[    0.908310] pci_root PNP0A03:00: host bridge window [io  0x0000-0x0cf7]
[    0.909584] pci_root PNP0A03:00: host bridge window [io  0x0d00-0xadff]
[    0.911049] pci_root PNP0A03:00: host bridge window [io  0xae0f-0xaeff]
[    0.912122] pci_root PNP0A03:00: host bridge window [io  0xaf20-0xafdf]
[    0.913315] pci_root PNP0A03:00: host bridge window [io  0xafe4-0xffff]
[    0.916221] pci_root PNP0A03:00: host bridge window [mem 0x000a0000-0x000bffff]
[    0.917774] pci_root PNP0A03:00: host bridge window [mem 0x04000000-0xfebfffff]
[    0.942134] pci 0000:00:01.3: quirk: [io  0xb000-0xb03f] claimed by PIIX4 ACPI
[    0.944172] pci 0000:00:01.3: quirk: [io  0xb100-0xb10f] claimed by PIIX4 SMB
[    1.008848]  pci0000:00: Unable to request _OSC control (_OSC support mask: 0x1e)
[    1.072552] ACPI: PCI Interrupt Link [LNKA] (IRQs 5 *10 11)
[    1.076776] ACPI: PCI Interrupt Link [LNKB] (IRQs 5 *10 11)
[    1.078764] ACPI: PCI Interrupt Link [LNKC] (IRQs 5 10 *11)
[    1.080984] ACPI: PCI Interrupt Link [LNKD] (IRQs 5 10 *11)
[    1.084308] ACPI: PCI Interrupt Link [LNKS] (IRQs *9)
[    1.089645] vgaarb: device added: PCI:0000:00:02.0,decodes=io+mem,owns=io+mem,locks=none
[    1.092201] vgaarb: loaded
[    1.092912] vgaarb: bridge control possible 0000:00:02.0
[    1.101103] i2c-core: driver [aat2870] using legacy suspend method
[    1.102532] i2c-core: driver [aat2870] using legacy resume method
[    1.106351] SCSI subsystem initialized
[    1.110693] usbcore: registered new interface driver usbfs
[    1.112616] usbcore: registered new interface driver hub
[    1.113902] usbcore: registered new device driver usb
[    1.118519] PCI: Using ACPI for IRQ routing
[    1.130322] NetLabel: Initializing
[    1.130748] NetLabel:  domain hash size = 128
[    1.132131] NetLabel:  protocols = UNLABELED CIPSOv4
[    1.134030] NetLabel:  unlabeled traffic allowed by default
[    1.137400] HPET: 3 timers in total, 0 timers will be used for per-cpu timer
[    1.138486] hpet0: at MMIO 0xfed00000, IRQs 2, 8, 0
[    1.140136] hpet0: 3 comparators, 64-bit 100.000000 MHz counter
[    1.149890] Switching to clocksource hpet
[    1.385328] AppArmor: AppArmor Filesystem Enabled
[    1.386207] pnp: PnP ACPI init
[    1.387037] ACPI: bus type pnp registered
[    1.408987] pnp: PnP ACPI: found 9 devices
[    1.409518] ACPI: ACPI bus type pnp unregistered
[    1.465454] NET: Registered protocol family 2
[    1.497885] IP route cache hash table entries: 512 (order: 0, 4096 bytes)
[    1.506034] TCP established hash table entries: 2048 (order: 3, 32768 bytes)
[    1.507805] TCP bind hash table entries: 2048 (order: 3, 32768 bytes)
[    1.510560] TCP: Hash tables configured (established 2048 bind 2048)
[    1.511698] TCP reno registered
[    1.512217] UDP hash table entries: 128 (order: 0, 4096 bytes)
[    1.514596] UDP-Lite hash table entries: 128 (order: 0, 4096 bytes)
[    1.518156] NET: Registered protocol family 1
[    1.519066] pci 0000:00:00.0: Limiting direct PCI/PCI transfers
[    1.519866] pci 0000:00:01.0: PIIX3: Enabling Passive Release
[    1.521830] pci 0000:00:01.0: Activating ISA DMA hang workarounds
[    1.527336] ACPI: PCI Interrupt Link [LNKD] enabled at IRQ 11
[    1.529299] pci 0000:00:01.2: PCI INT D -&gt; Link[LNKD] -&gt; GSI 11 (level, high) -&gt; IRQ 11
[    1.531255] pci 0000:00:01.2: PCI INT D disabled
[    1.550759] Trying to unpack rootfs image as initramfs...
[    1.570278] audit: initializing netlink socket (disabled)
[    1.571709] type=2000 audit(1450764738.568:1): initialized
[    1.846159] HugeTLB registered 2 MB page size, pre-allocated 0 pages
[    1.933915] VFS: Disk quotas dquot_6.5.2
[    1.935774] Dquot-cache hash table entries: 512 (order 0, 4096 bytes)
[    1.963165] fuse init (API version 7.17)
[    1.974118] msgmni has been set to 84
[    2.006002] Block layer SCSI generic (bsg) driver version 0.4 loaded (major 253)
[    2.007699] io scheduler noop registered
[    2.009150] io scheduler deadline registered (default)
[    2.009981] io scheduler cfq registered
[    2.013429] pci_hotplug: PCI Hot Plug PCI Core version: 0.5
[    2.017443] pciehp: PCI Express Hot Plug Controller Driver version: 0.4
[    2.022998] input: Power Button as /devices/LNXSYSTM:00/LNXPWRBN:00/input/input0
[    2.025357] ACPI: Power Button [PWRF]
[    2.087055] ERST: Table is not found!
[    2.087600] GHES: HEST is not enabled!
[    2.097997] ACPI: PCI Interrupt Link [LNKC] enabled at IRQ 10
[    2.099722] virtio-pci 0000:00:03.0: PCI INT A -&gt; Link[LNKC] -&gt; GSI 10 (level, high) -&gt; IRQ 10
[    2.107514] virtio-pci 0000:00:04.0: PCI INT A -&gt; Link[LNKD] -&gt; GSI 11 (level, high) -&gt; IRQ 11
[    2.131786] ACPI: PCI Interrupt Link [LNKA] enabled at IRQ 10
[    2.132891] virtio-pci 0000:00:05.0: PCI INT A -&gt; Link[LNKA] -&gt; GSI 10 (level, high) -&gt; IRQ 10
[    2.142705] Serial: 8250/16550 driver, 32 ports, IRQ sharing enabled
[    2.186082] serial8250: ttyS0 at I/O 0x3f8 (irq = 4) is a 16550A
[    2.274420] serial8250: ttyS1 at I/O 0x2f8 (irq = 3) is a 16550A
[    2.417731] 00:05: ttyS0 at I/O 0x3f8 (irq = 4) is a 16550A
[    2.499465] 00:06: ttyS1 at I/O 0x2f8 (irq = 3) is a 16550A
[    2.537550] Refined TSC clocksource calibration: 2294.419 MHz.
[    2.538345] Switching to clocksource tsc
[    2.554968] Linux agpgart interface v0.103
[    2.629899] brd: module loaded
[    2.674091] loop: module loaded
[    2.727851]  vda: unknown partition table
[    2.781613] scsi0 : ata_piix
[    2.783966] scsi1 : ata_piix
[    2.786894] ata1: PATA max MWDMA2 cmd 0x1f0 ctl 0x3f6 bmdma 0xc0a0 irq 14
[    2.787690] ata2: PATA max MWDMA2 cmd 0x170 ctl 0x376 bmdma 0xc0a8 irq 15
[    2.797482] Fixed MDIO Bus: probed
[    2.799363] tun: Universal TUN/TAP device driver, 1.6
[    2.799926] tun: (C) 1999-2004 Max Krasnyansky &lt;maxk@qualcomm.com&gt;
[    2.817196] PPP generic driver version 2.4.2
[    2.839267] ehci_hcd: USB 2.0 'Enhanced' Host Controller (EHCI) Driver
[    2.840601] ohci_hcd: USB 1.1 'Open' Host Controller (OHCI) Driver
[    2.841775] uhci_hcd: USB Universal Host Controller Interface driver
[    2.842744] uhci_hcd 0000:00:01.2: PCI INT D -&gt; Link[LNKD] -&gt; GSI 11 (level, high) -&gt; IRQ 11
[    2.846164] uhci_hcd 0000:00:01.2: UHCI Host Controller
[    2.854670] uhci_hcd 0000:00:01.2: new USB bus registered, assigned bus number 1
[    2.856984] uhci_hcd 0000:00:01.2: irq 11, io base 0x0000c040
[    2.891365] hub 1-0:1.0: USB hub found
[    2.894936] hub 1-0:1.0: 2 ports detected
[    2.911101] usbcore: registered new interface driver libusual
[    2.915820] i8042: PNP: PS/2 Controller [PNP0303:KBD,PNP0f13:MOU] at 0x60,0x64 irq 1,12
[    2.927011] serio: i8042 KBD port at 0x60,0x64 irq 1
[    2.930372] serio: i8042 AUX port at 0x60,0x64 irq 12
[    3.018977] mousedev: PS/2 mouse device common for all mice
[    3.039672] input: AT Translated Set 2 keyboard as /devices/platform/i8042/serio0/input/input1
[    3.045327] rtc_cmos 00:01: RTC can wake from S4
[    3.051900] ata2.01: ATAPI: QEMU DVD-ROM, 2.0.0, max UDMA/100
[    3.065588] rtc_cmos 00:01: rtc core: registered rtc_cmos as rtc0
[    3.068303] rtc0: alarms up to one day, 114 bytes nvram, hpet irqs
[    3.072013] device-mapper: uevent: version 1.0.3
[    3.098133] Freeing initrd memory: 3656k freed
[    3.114370] ata2.01: configured for MWDMA2
[    3.137485] device-mapper: ioctl: 4.22.0-ioctl (2011-10-19) initialised: dm-devel@redhat.com
[    3.144934] cpuidle: using governor ladder
[    3.147440] cpuidle: using governor menu
[    3.150828] EFI Variables Facility v0.08 2004-May-17
[    3.166423] TCP cubic registered
[    3.175534] NET: Registered protocol family 10
[    3.206043] NET: Registered protocol family 17
[    3.207405] Registering the dns_resolver key type
[    3.215137] scsi 1:0:1:0: CD-ROM            QEMU     QEMU DVD-ROM     2.0. PQ: 0 ANSI: 5
[    3.236097] sr0: scsi3-mmc drive: 4x/4x cd/rw xa/form2 tray
[    3.240075] cdrom: Uniform CD-ROM driver Revision: 3.20
[    3.255807] sr 1:0:1:0: Attached scsi generic sg0 type 5
[    3.271951] registered taskstats version 1
[    3.807412]   Magic number: 11:492:216
[    3.817203] rtc_cmos 00:01: setting system clock to 2015-12-22 06:12:21 UTC (1450764741)
[    3.819313] powernow-k8: Processor cpuid 663 not supported
[    3.824173] BIOS EDD facility v0.16 2004-Jun-25, 0 devices found
[    3.825190] EDD information not available.
[    3.897167] Freeing unused kernel memory: 928k freed
[    3.902127] Write protecting the kernel read-only data: 12288k
[    4.017399] Freeing unused kernel memory: 1596k freed
[    4.118012] Freeing unused kernel memory: 1184k freed

info: initramfs: up at 4.31
modprobe: module virtio_blk not found in modules.dep
modprobe: module virtio_net not found in modules.dep
info: copying initramfs to /dev/vda
info: initramfs loading root from /dev/vda
info: /etc/init.d/rc.sysinit: up at 9.07
info: container: none
Starting logging: OK
modprobe: module virtio_blk not found in modules.dep
modprobe: module virtio_net not found in modules.dep
WARN: /etc/rc3.d/S10-load-modules failed
Initializing random number generator... done.
Starting acpid: OK
cirros-ds 'local' up at 11.64
found datasource (configdrive, local)
Starting network...
udhcpc (v1.20.1) started
Sending discover...
Sending discover...

2015-12-22 06:14:18,931 21564 INFO     [tempest_lib.common.rest_client] Request (TestNetworkAdvancedServerOps:_run_cleanups): 204 DELETE http://10.0.2.15:9696/v2.0/floatingips/156cc9ef-ef8c-40eb-804a-9a86694e7ad7 0.360s
2015-12-22 06:14:18,931 21564 DEBUG    [tempest_lib.common.rest_client] Request - Headers: {'Content-Type': 'application/json', 'Accept': 'application/json', 'X-Auth-Token': '&lt;omitted&gt;'}
        Body: None
    Response - Headers: {'date': 'Tue, 22 Dec 2015 06:14:18 GMT', 'status': '204', 'connection': 'close', 'content-length': '0', 'x-openstack-request-id': 'req-11dd17b2-76ab-4db0-ace3-b4a4da8a769c'}
        Body: 
2015-12-22 06:14:19,279 21564 INFO     [tempest_lib.common.rest_client] Request (TestNetworkAdvancedServerOps:_run_cleanups): 204 DELETE http://10.0.2.15:8774/v2.1/a534112df1fa408db2ebb4bf5d998738/servers/bd42ada4-14fd-4320-8289-4f8f6cba1074 0.347s
2015-12-22 06:14:19,280 21564 DEBUG    [tempest_lib.common.rest_client] Request - Headers: {'Content-Type': 'application/json', 'Accept': 'application/json', 'X-Auth-Token': '&lt;omitted&gt;'}
        Body: None
    Response - Headers: {'status': '204', 'content-length': '0', 'x-compute-request-id': 'req-f73081a2-b18b-4977-8ad2-bca7042dfeb1', 'vary': 'X-OpenStack-Nova-API-Version', 'connection': 'close', 'x-openstack-nova-api-version': '2.1', 'date': 'Tue, 22 Dec 2015 06:14:19 GMT', 'content-type': 'application/json'}
        Body: 
2015-12-22 06:14:19,518 21564 INFO     [tempest_lib.common.rest_client] Request (TestNetworkAdvancedServerOps:_run_cleanups): 200 GET http://10.0.2.15:8774/v2.1/a534112df1fa408db2ebb4bf5d998738/servers/bd42ada4-14fd-4320-8289-4f8f6cba1074 0.237s
2015-12-22 06:14:19,518 21564 DEBUG    [tempest_lib.common.rest_client] Request - Headers: {'Content-Type': 'application/json', 'Accept': 'application/json', 'X-Auth-Token': '&lt;omitted&gt;'}
        Body: None
    Response - Headers: {'status': '200', 'content-length': '1784', 'content-location': 'http://10.0.2.15:8774/v2.1/a534112df1fa408db2ebb4bf5d998738/servers/bd42ada4-14fd-4320-8289-4f8f6cba1074', 'x-compute-request-id': 'req-74bfd3a2-aba6-4c28-ae22-8013edfe87e4', 'vary': 'X-OpenStack-Nova-API-Version', 'connection': 'close', 'x-openstack-nova-api-version': '2.1', 'date': 'Tue, 22 Dec 2015 06:14:19 GMT', 'content-type': 'application/json'}
        Body: {"server": {"status": "ACTIVE", "updated": "2015-12-22T06:14:19Z", "hostId": "c767b889638eee90d6f64cc9a609452c0015a19a646f58f1652d3921", "addresses": {"tempest-network-smoke--522165109": [{"OS-EXT-IPS-MAC:mac_addr": "fa:16:3e:32:08:db", "version": 4, "addr": "10.100.0.3", "OS-EXT-IPS:type": "fixed"}, {"OS-EXT-IPS-MAC:mac_addr": "fa:16:3e:32:08:db", "version": 4, "addr": "172.24.4.4", "OS-EXT-IPS:type": "floating"}]}, "links": [{"href": "http://10.0.2.15:8774/v2.1/a534112df1fa408db2ebb4bf5d998738/servers/bd42ada4-14fd-4320-8289-4f8f6cba1074", "rel": "self"}, {"href": "http://10.0.2.15:8774/a534112df1fa408db2ebb4bf5d998738/servers/bd42ada4-14fd-4320-8289-4f8f6cba1074", "rel": "bookmark"}], "key_name": "tempest-TestNetworkAdvancedServerOps-129564394", "image": {"id": "2d69f9ca-05eb-40c2-a083-b6d32eb26405", "links": [{"href": "http://10.0.2.15:8774/a534112df1fa408db2ebb4bf5d998738/images/2d69f9ca-05eb-40c2-a083-b6d32eb26405", "rel": "bookmark"}]}, "OS-EXT-STS:task_state": "deleting", "OS-EXT-STS:vm_state": "active", "OS-SRV-USG:launched_at": "2015-12-22T06:12:14.000000", "flavor": {"id": "42", "links": [{"href": "http://10.0.2.15:8774/a534112df1fa408db2ebb4bf5d998738/flavors/42", "rel": "bookmark"}]}, "id": "bd42ada4-14fd-4320-8289-4f8f6cba1074", "security_groups": [{"name": "tempest-secgroup-smoke-1700693253"}], "OS-SRV-USG:terminated_at": null, "OS-EXT-AZ:availability_zone": "nova", "user_id": "4b6766d5139145c3b9dc2f7bc947cfbf", "name": "tempest.common.compute-instance-1278546164", "created": "2015-12-22T06:12:10Z", "tenant_id": "a534112df1fa408db2ebb4bf5d998738", "OS-DCF:diskConfig": "MANUAL", "os-extended-volumes:volumes_attached": [], "accessIPv4": "", "accessIPv6": "", "progress": 0, "OS-EXT-STS:power_state": 1, "config_drive": "True", "metadata": {}}}
2015-12-22 06:14:20,667 21564 INFO     [tempest_lib.common.rest_client] Request (TestNetworkAdvancedServerOps:_run_cleanups): 200 GET http://10.0.2.15:8774/v2.1/a534112df1fa408db2ebb4bf5d998738/servers/bd42ada4-14fd-4320-8289-4f8f6cba1074 0.135s
2015-12-22 06:14:20,668 21564 DEBUG    [tempest_lib.common.rest_client] Request - Headers: {'Content-Type': 'application/json', 'Accept': 'application/json', 'X-Auth-Token': '&lt;omitted&gt;'}
        Body: None
    Response - Headers: {'status': '200', 'content-length': '1449', 'content-location': 'http://10.0.2.15:8774/v2.1/a534112df1fa408db2ebb4bf5d998738/servers/bd42ada4-14fd-4320-8289-4f8f6cba1074', 'x-compute-request-id': 'req-85db6b7e-8ccd-4a8e-b7c3-196edad93be9', 'vary': 'X-OpenStack-Nova-API-Version', 'connection': 'close', 'x-openstack-nova-api-version': '2.1', 'date': 'Tue, 22 Dec 2015 06:14:20 GMT', 'content-type': 'application/json'}
        Body: {"server": {"status": "ACTIVE", "updated": "2015-12-22T06:14:20Z", "hostId": "c767b889638eee90d6f64cc9a609452c0015a19a646f58f1652d3921", "addresses": {}, "links": [{"href": "http://10.0.2.15:8774/v2.1/a534112df1fa408db2ebb4bf5d998738/servers/bd42ada4-14fd-4320-8289-4f8f6cba1074", "rel": "self"}, {"href": "http://10.0.2.15:8774/a534112df1fa408db2ebb4bf5d998738/servers/bd42ada4-14fd-4320-8289-4f8f6cba1074", "rel": "bookmark"}], "key_name": "tempest-TestNetworkAdvancedServerOps-129564394", "image": {"id": "2d69f9ca-05eb-40c2-a083-b6d32eb26405", "links": [{"href": "http://10.0.2.15:8774/a534112df1fa408db2ebb4bf5d998738/images/2d69f9ca-05eb-40c2-a083-b6d32eb26405", "rel": "bookmark"}]}, "OS-EXT-STS:task_state": "deleting", "OS-EXT-STS:vm_state": "active", "OS-SRV-USG:launched_at": "2015-12-22T06:12:14.000000", "flavor": {"id": "42", "links": [{"href": "http://10.0.2.15:8774/a534112df1fa408db2ebb4bf5d998738/flavors/42", "rel": "bookmark"}]}, "id": "bd42ada4-14fd-4320-8289-4f8f6cba1074", "OS-SRV-USG:terminated_at": null, "OS-EXT-AZ:availability_zone": "nova", "user_id": "4b6766d5139145c3b9dc2f7bc947cfbf", "name": "tempest.common.compute-instance-1278546164", "created": "2015-12-22T06:12:10Z", "tenant_id": "a534112df1fa408db2ebb4bf5d998738", "OS-DCF:diskConfig": "MANUAL", "os-extended-volumes:volumes_attached": [], "accessIPv4": "", "accessIPv6": "", "progress": 0, "OS-EXT-STS:power_state": 1, "config_drive": "True", "metadata": {}}}
2015-12-22 06:14:21,758 21564 INFO     [tempest_lib.common.rest_client] Request (TestNetworkAdvancedServerOps:_run_cleanups): 404 GET http://10.0.2.15:8774/v2.1/a534112df1fa408db2ebb4bf5d998738/servers/bd42ada4-14fd-4320-8289-4f8f6cba1074 0.079s
2015-12-22 06:14:21,758 21564 DEBUG    [tempest_lib.common.rest_client] Request - Headers: {'Content-Type': 'application/json', 'Accept': 'application/json', 'X-Auth-Token': '&lt;omitted&gt;'}
        Body: None
    Response - Headers: {'status': '404', 'content-length': '111', 'x-compute-request-id': 'req-52bb7109-d268-4f6a-ab48-0deb0f292452', 'vary': 'X-OpenStack-Nova-API-Version', 'connection': 'close', 'x-openstack-nova-api-version': '2.1', 'date': 'Tue, 22 Dec 2015 06:14:21 GMT', 'content-type': 'application/json; charset=UTF-8'}
        Body: {"itemNotFound": {"message": "Instance bd42ada4-14fd-4320-8289-4f8f6cba1074 could not be found.", "code": 404}}
2015-12-22 06:14:22,196 21564 INFO     [tempest_lib.common.rest_client] Request (TestNetworkAdvancedServerOps:_run_cleanups): 200 PUT http://10.0.2.15:9696/v2.0/routers/94f731a7-0abb-4a79-859e-10b974478334/remove_router_interface 0.436s
2015-12-22 06:14:22,196 21564 DEBUG    [tempest_lib.common.rest_client] Request - Headers: {'Content-Type': 'application/json', 'Accept': 'application/json', 'X-Auth-Token': '&lt;omitted&gt;'}
        Body: {"subnet_id": "87f52ec5-df64-4cfa-b33c-682abaa618f3"}
    Response - Headers: {'status': '200', 'content-length': '255', 'connection': 'close', 'date': 'Tue, 22 Dec 2015 06:14:22 GMT', 'content-type': 'application/json; charset=UTF-8', 'x-openstack-request-id': 'req-ef302f45-cb34-4821-8641-a8da09f49f9c'}
        Body: {"subnet_id": "87f52ec5-df64-4cfa-b33c-682abaa618f3", "tenant_id": "a534112df1fa408db2ebb4bf5d998738", "subnet_ids": ["87f52ec5-df64-4cfa-b33c-682abaa618f3"], "port_id": "dec24426-8309-4ce6-a7de-54e24ed6e200", "id": "94f731a7-0abb-4a79-859e-10b974478334"}
2015-12-22 06:14:22,654 21564 INFO     [tempest_lib.common.rest_client] Request (TestNetworkAdvancedServerOps:_run_cleanups): 204 DELETE http://10.0.2.15:9696/v2.0/subnets/87f52ec5-df64-4cfa-b33c-682abaa618f3 0.457s
2015-12-22 06:14:22,654 21564 DEBUG    [tempest_lib.common.rest_client] Request - Headers: {'Content-Type': 'application/json', 'Accept': 'application/json', 'X-Auth-Token': '&lt;omitted&gt;'}
        Body: None
    Response - Headers: {'date': 'Tue, 22 Dec 2015 06:14:22 GMT', 'status': '204', 'connection': 'close', 'content-length': '0', 'x-openstack-request-id': 'req-d8c04b46-6646-4405-ab39-0cc4a08019d7'}
        Body: 
2015-12-22 06:14:22,709 21564 INFO     [tempest_lib.common.rest_client] Request (TestNetworkAdvancedServerOps:_run_cleanups): 200 GET http://10.0.2.15:9696/v2.0/routers/94f731a7-0abb-4a79-859e-10b974478334 0.054s
2015-12-22 06:14:22,709 21564 DEBUG    [tempest_lib.common.rest_client] Request - Headers: {'Content-Type': 'application/json', 'Accept': 'application/json', 'X-Auth-Token': '&lt;omitted&gt;'}
        Body: None
    Response - Headers: {'status': '200', 'content-length': '563', 'content-location': 'http://10.0.2.15:9696/v2.0/routers/94f731a7-0abb-4a79-859e-10b974478334', 'connection': 'close', 'date': 'Tue, 22 Dec 2015 06:14:22 GMT', 'content-type': 'application/json; charset=UTF-8', 'x-openstack-request-id': 'req-ae213f8e-5781-42ef-9d81-78d38bad549a'}
        Body: {"router": {"status": "ACTIVE", "external_gateway_info": {"network_id": "73b49849-1d6a-4722-8866-487d377c88ac", "enable_snat": true, "external_fixed_ips": [{"subnet_id": "c164d1f4-6f8b-4326-b67b-4c4d2b9dcfe8", "ip_address": "172.24.4.3"}, {"subnet_id": "ccbbcd41-6ecd-4875-8e57-51d061b7269d", "ip_address": "2001:db8::3"}]}, "availability_zone_hints": [], "availability_zones": ["nova"], "name": "tempest-router-smoke-348333724", "admin_state_up": true, "tenant_id": "a534112df1fa408db2ebb4bf5d998738", "routes": [], "id": "94f731a7-0abb-4a79-859e-10b974478334"}}
2015-12-22 06:14:23,219 21564 INFO     [tempest_lib.common.rest_client] Request (TestNetworkAdvancedServerOps:_run_cleanups): 200 PUT http://10.0.2.15:9696/v2.0/routers/94f731a7-0abb-4a79-859e-10b974478334 0.508s
2015-12-22 06:14:23,219 21564 DEBUG    [tempest_lib.common.rest_client] Request - Headers: {'Content-Type': 'application/json', 'Accept': 'application/json', 'X-Auth-Token': '&lt;omitted&gt;'}
        Body: {"router": {"external_gateway_info": {}, "name": "tempest-router-smoke-348333724", "admin_state_up": true}}
    Response - Headers: {'status': '200', 'content-length': '301', 'connection': 'close', 'date': 'Tue, 22 Dec 2015 06:14:23 GMT', 'content-type': 'application/json; charset=UTF-8', 'x-openstack-request-id': 'req-0b4f21be-ad49-4c87-b593-c0b3259a8123'}
        Body: {"router": {"status": "ACTIVE", "external_gateway_info": null, "availability_zone_hints": [], "availability_zones": ["nova"], "name": "tempest-router-smoke-348333724", "admin_state_up": true, "tenant_id": "a534112df1fa408db2ebb4bf5d998738", "routes": [], "id": "94f731a7-0abb-4a79-859e-10b974478334"}}
2015-12-22 06:14:23,450 21564 INFO     [tempest_lib.common.rest_client] Request (TestNetworkAdvancedServerOps:_run_cleanups): 204 DELETE http://10.0.2.15:9696/v2.0/routers/94f731a7-0abb-4a79-859e-10b974478334 0.229s
2015-12-22 06:14:23,450 21564 DEBUG    [tempest_lib.common.rest_client] Request - Headers: {'Content-Type': 'application/json', 'Accept': 'application/json', 'X-Auth-Token': '&lt;omitted&gt;'}
        Body: None
    Response - Headers: {'date': 'Tue, 22 Dec 2015 06:14:23 GMT', 'status': '204', 'connection': 'close', 'content-length': '0', 'x-openstack-request-id': 'req-3d99458d-0c54-44b1-98dd-b0cd63478b21'}
        Body: 
2015-12-22 06:14:23,667 21564 INFO     [tempest_lib.common.rest_client] Request (TestNetworkAdvancedServerOps:_run_cleanups): 204 DELETE http://10.0.2.15:9696/v2.0/networks/9f0560c9-4a30-48ef-a726-19e98044e752 0.216s
2015-12-22 06:14:23,668 21564 DEBUG    [tempest_lib.common.rest_client] Request - Headers: {'Content-Type': 'application/json', 'Accept': 'application/json', 'X-Auth-Token': '&lt;omitted&gt;'}
        Body: None
    Response - Headers: {'date': 'Tue, 22 Dec 2015 06:14:23 GMT', 'status': '204', 'connection': 'close', 'content-length': '0', 'x-openstack-request-id': 'req-c7433332-1aee-4160-a436-34be05abb2e4'}
        Body: 
2015-12-22 06:14:23,733 21564 INFO     [tempest_lib.common.rest_client] Request (TestNetworkAdvancedServerOps:_run_cleanups): 204 DELETE http://10.0.2.15:9696/v2.0/security-group-rules/01a78302-596c-4bc4-bd52-9dbd14a69afc 0.063s
2015-12-22 06:14:23,733 21564 DEBUG    [tempest_lib.common.rest_client] Request - Headers: {'Content-Type': 'application/json', 'Accept': 'application/json', 'X-Auth-Token': '&lt;omitted&gt;'}
        Body: None
    Response - Headers: {'date': 'Tue, 22 Dec 2015 06:14:23 GMT', 'status': '204', 'connection': 'close', 'content-length': '0', 'x-openstack-request-id': 'req-1fa9d32e-d3b9-4baa-b43a-2de820f19e4c'}
        Body: 
2015-12-22 06:14:23,793 21564 INFO     [tempest_lib.common.rest_client] Request (TestNetworkAdvancedServerOps:_run_cleanups): 204 DELETE http://10.0.2.15:9696/v2.0/security-group-rules/f466d607-3c53-499e-8f86-a0e5381d6827 0.059s
2015-12-22 06:14:23,794 21564 DEBUG    [tempest_lib.common.rest_client] Request - Headers: {'Content-Type': 'application/json', 'Accept': 'application/json', 'X-Auth-Token': '&lt;omitted&gt;'}
        Body: None
    Response - Headers: {'date': 'Tue, 22 Dec 2015 06:14:23 GMT', 'status': '204', 'connection': 'close', 'content-length': '0', 'x-openstack-request-id': 'req-cd9f9f49-1103-4a3d-be98-e22167e2888d'}
        Body: 
2015-12-22 06:14:23,852 21564 INFO     [tempest_lib.common.rest_client] Request (TestNetworkAdvancedServerOps:_run_cleanups): 204 DELETE http://10.0.2.15:9696/v2.0/security-group-rules/6c3843ce-2617-438c-b36c-3aa6c05f7ea7 0.057s
2015-12-22 06:14:23,853 21564 DEBUG    [tempest_lib.common.rest_client] Request - Headers: {'Content-Type': 'application/json', 'Accept': 'application/json', 'X-Auth-Token': '&lt;omitted&gt;'}
        Body: None
    Response - Headers: {'date': 'Tue, 22 Dec 2015 06:14:23 GMT', 'status': '204', 'connection': 'close', 'content-length': '0', 'x-openstack-request-id': 'req-f798ea32-8f11-498c-af71-a56582c31253'}
        Body: 
2015-12-22 06:14:23,914 21564 INFO     [tempest_lib.common.rest_client] Request (TestNetworkAdvancedServerOps:_run_cleanups): 204 DELETE http://10.0.2.15:9696/v2.0/security-group-rules/0abf9365-5db2-4256-b362-cda4ab69a555 0.060s
2015-12-22 06:14:23,914 21564 DEBUG    [tempest_lib.common.rest_client] Request - Headers: {'Content-Type': 'application/json', 'Accept': 'application/json', 'X-Auth-Token': '&lt;omitted&gt;'}
        Body: None
    Response - Headers: {'date': 'Tue, 22 Dec 2015 06:14:23 GMT', 'status': '204', 'connection': 'close', 'content-length': '0', 'x-openstack-request-id': 'req-325cd911-470c-4447-96d0-5df7f4af0ee0'}
        Body: 
2015-12-22 06:14:23,968 21564 INFO     [tempest_lib.common.rest_client] Request (TestNetworkAdvancedServerOps:_run_cleanups): 204 DELETE http://10.0.2.15:9696/v2.0/security-group-rules/e66a1b98-0ebe-4603-9be4-c87ae4a2c08b 0.054s
2015-12-22 06:14:23,969 21564 DEBUG    [tempest_lib.common.rest_client] Request - Headers: {'Content-Type': 'application/json', 'Accept': 'application/json', 'X-Auth-Token': '&lt;omitted&gt;'}
        Body: None
    Response - Headers: {'date': 'Tue, 22 Dec 2015 06:14:23 GMT', 'status': '204', 'connection': 'close', 'content-length': '0', 'x-openstack-request-id': 'req-7d0c0732-f632-4304-a339-bb2242fb81f3'}
        Body: 
2015-12-22 06:14:24,020 21564 INFO     [tempest_lib.common.rest_client] Request (TestNetworkAdvancedServerOps:_run_cleanups): 204 DELETE http://10.0.2.15:9696/v2.0/security-group-rules/7ff3a6e2-19e8-4ac0-81c7-c2d67758e641 0.051s
2015-12-22 06:14:24,021 21564 DEBUG    [tempest_lib.common.rest_client] Request - Headers: {'Content-Type': 'application/json', 'Accept': 'application/json', 'X-Auth-Token': '&lt;omitted&gt;'}
        Body: None
    Response - Headers: {'date': 'Tue, 22 Dec 2015 06:14:24 GMT', 'status': '204', 'connection': 'close', 'content-length': '0', 'x-openstack-request-id': 'req-1020faf5-71c9-4bf2-8c4d-d972c70dc4ee'}
        Body: 
2015-12-22 06:14:24,120 21564 INFO     [tempest_lib.common.rest_client] Request (TestNetworkAdvancedServerOps:_run_cleanups): 204 DELETE http://10.0.2.15:9696/v2.0/security-groups/3041e9f2-ccca-4056-be00-0d655f2678b4 0.097s
2015-12-22 06:14:24,121 21564 DEBUG    [tempest_lib.common.rest_client] Request - Headers: {'Content-Type': 'application/json', 'Accept': 'application/json', 'X-Auth-Token': '&lt;omitted&gt;'}
        Body: None
    Response - Headers: {'date': 'Tue, 22 Dec 2015 06:14:24 GMT', 'status': '204', 'connection': 'close', 'content-length': '0', 'x-openstack-request-id': 'req-29ab97ed-381d-461e-981f-4bac05665038'}
        Body: 
2015-12-22 06:14:24,142 21564 INFO     [tempest_lib.common.rest_client] Request (TestNetworkAdvancedServerOps:_run_cleanups): 202 DELETE http://10.0.2.15:8774/v2.1/a534112df1fa408db2ebb4bf5d998738/os-keypairs/tempest-TestNetworkAdvancedServerOps-129564394 0.020s
2015-12-22 06:14:24,143 21564 DEBUG    [tempest_lib.common.rest_client] Request - Headers: {'Content-Type': 'application/json', 'Accept': 'application/json', 'X-Auth-Token': '&lt;omitted&gt;'}
        Body: None
    Response - Headers: {'status': '202', 'content-length': '0', 'x-compute-request-id': 'req-16cd7681-5c39-4e76-89a1-6a792cea48d8', 'vary': 'X-OpenStack-Nova-API-Version', 'connection': 'close', 'x-openstack-nova-api-version': '2.1', 'date': 'Tue, 22 Dec 2015 06:14:24 GMT', 'content-type': 'application/json'}
        Body: 
2015-12-22 06:14:24,227 21564 INFO     [tempest_lib.common.rest_client] Request (TestNetworkAdvancedServerOps:_run_cleanups): 404 GET http://10.0.2.15:8774/v2.1/a534112df1fa408db2ebb4bf5d998738/servers/bd42ada4-14fd-4320-8289-4f8f6cba1074 0.083s
2015-12-22 06:14:24,228 21564 DEBUG    [tempest_lib.common.rest_client] Request - Headers: {'Content-Type': 'application/json', 'Accept': 'application/json', 'X-Auth-Token': '&lt;omitted&gt;'}
        Body: None
    Response - Headers: {'status': '404', 'content-length': '111', 'x-compute-request-id': 'req-0bad2ba3-9e01-4f04-9220-5c2fe8750b05', 'vary': 'X-OpenStack-Nova-API-Version', 'connection': 'close', 'x-openstack-nova-api-version': '2.1', 'date': 'Tue, 22 Dec 2015 06:14:24 GMT', 'content-type': 'application/json; charset=UTF-8'}
        Body: {"itemNotFound": {"message": "Instance bd42ada4-14fd-4320-8289-4f8f6cba1074 could not be found.", "code": 404}}
}}}

Traceback (most recent call last):
  File "tempest/test.py", line 113, in wrapper
    return f(self, *func_args, **func_kwargs)
  File "tempest/scenario/test_network_advanced_server_ops.py", line 134, in test_server_connectivity_pause_unpause
    server, keypair, floating_ip = self._setup_network_and_servers()
  File "tempest/scenario/test_network_advanced_server_ops.py", line 71, in _setup_network_and_servers
    server, keypair, floating_ip)
  File "tempest/scenario/test_network_advanced_server_ops.py", line 95, in _wait_server_status_and_check_network_connectivity
    self._check_network_connectivity(server, keypair, floating_ip)
  File "tempest/scenario/test_network_advanced_server_ops.py", line 88, in _check_network_connectivity
    servers=[server])
  File "tempest/scenario/manager.py", line 609, in check_public_network_connectivity
    should_connect=should_connect)
  File "tempest/scenario/manager.py", line 593, in check_vm_connectivity
    msg=msg)
  File "/usr/local/lib/python2.7/dist-packages/unittest2/case.py", line 702, in assertTrue
    raise self.failureException(msg)
AssertionError: False is not true : Timed out waiting for 172.24.4.4 to become reachable



        </pre>
    </div>
    <!--css div popup end-->

    </td>
</tr>

<tr id='ft1.2' class='none'>
    <td class='failCase'><div class='testcase'>test_server_connectivity_reboot[compute,id-7b6860c2-afa3-4846-9522-adeb38dfbe08,network]</div></td>
    <td colspan='7' align='left'>

    <!--css div popup start-->
    <a class="popup_link" onfocus='this.blur();'
    href="javascript:showTestDetail('div_ft1.2')" >
        fail</a>

    <div id='div_ft1.2' class="popup_window">
        <div style='text-align: right; color:red;cursor:pointer'>
        <a onfocus='this.blur();'
onclick="document.getElementById('div_ft1.2').style.display = 'none' " >
           [x]</a>
        </div>
        <pre>
        
ft1.2: tempest.scenario.test_network_advanced_server_ops.TestNetworkAdvancedServerOps.test_server_connectivity_reboot[compute,id-7b6860c2-afa3-4846-9522-adeb38dfbe08,network]_StringException: Empty attachments:
  stderr
  stdout

