<?xml version="1.0" encoding="UTF-8"?>
<!DOCTYPE html PUBLIC "-//W3C//DTD XHTML 1.0 Strict//EN"
     "http://www.w3.org/TR/xhtml1/DTD/xhtml1-strict.dtd">
<html xmlns="http://www.w3.org/1999/xhtml">
<head>
    <title>Unit Test Report</title>
    <meta name="generator" content="subunit2html 0.1"/>
    <meta http-equiv="Content-Type" content="text/html; charset=UTF-8"/>
    
<style type="text/css" media="screen">
body        { font-family: verdana, arial, helvetica, sans-serif;
    font-size: 80%; }
table       { font-size: 100%; width: 100%;}
pre         { font-size: 80%; }

/* -- heading -------------------------------------------------------------- */
h1 {
        font-size: 16pt;
        color: gray;
}
.heading {
    margin-top: 0ex;
    margin-bottom: 1ex;
}

.heading .attribute {
    margin-top: 1ex;
    margin-bottom: 0;
}

.heading .description {
    margin-top: 4ex;
    margin-bottom: 6ex;
}

/* -- css div popup -------------------------------------------------------- */
a.popup_link {
}

a.popup_link:hover {
    color: red;
}

.popup_window {
    display: none;
    overflow-x: scroll;
    /*border: solid #627173 1px; */
    padding: 10px;
    background-color: #E6E6D6;
    font-family: "Ubuntu Mono", "Lucida Console", "Courier New", monospace;
    text-align: left;
    font-size: 8pt;
}

}
/* -- report --------------------------------------------------------------- */
#show_detail_line {
    margin-top: 3ex;
    margin-bottom: 1ex;
}
#result_table {
    width: 100%;
    border-collapse: collapse;
    border: 1px solid #777;
}
#header_row {
    font-weight: bold;
    color: white;
    background-color: #777;
}
#result_table td {
    border: 1px solid #777;
    padding: 2px;
}
#total_row  { font-weight: bold; }
.passClass  { background-color: #6c6; }
.failClass  { background-color: #c60; }
.errorClass { background-color: #c00; }
.passCase   { color: #6c6; }
.failCase   { color: #c60; font-weight: bold; }
.errorCase  { color: #c00; font-weight: bold; }
.hiddenRow  { display: none; }
.testcase   { margin-left: 2em; }
td.testname {width: 40%}
td.small {width: 40px}

/* -- ending --------------------------------------------------------------- */
#ending {
}

</style>

</head>
<body>
<script language="javascript" type="text/javascript"><!--
output_list = Array();

/* level - 0:Summary; 1:Failed; 2:All */
function showCase(level) {
    trs = document.getElementsByTagName("tr");
    for (var i = 0; i < trs.length; i++) {
        tr = trs[i];
        id = tr.id;
        if (id.substr(0,2) == 'ft') {
            if (level < 1) {
                tr.className = 'hiddenRow';
            }
            else {
                tr.className = '';
            }
        }
        if (id.substr(0,2) == 'pt') {
            if (level > 1) {
                tr.className = '';
            }
            else {
                tr.className = 'hiddenRow';
            }
        }
    }
}


function showClassDetail(cid, count) {
    var id_list = Array(count);
    var toHide = 1;
    for (var i = 0; i < count; i++) {
        tid0 = 't' + cid.substr(1) + '.' + (i+1);
        tid = 'f' + tid0;
        tr = document.getElementById(tid);
        if (!tr) {
            tid = 'p' + tid0;
            tr = document.getElementById(tid);
        }
        id_list[i] = tid;
        if (tr.className) {
            toHide = 0;
        }
    }
    for (var i = 0; i < count; i++) {
        tid = id_list[i];
        if (toHide) {
            document.getElementById('div_'+tid).style.display = 'none'
            document.getElementById(tid).className = 'hiddenRow';
        }
        else {
            document.getElementById(tid).className = '';
        }
    }
}


function showTestDetail(div_id){
    var details_div = document.getElementById(div_id)
    var displayState = details_div.style.display
    // alert(displayState)
    if (displayState != 'block' ) {
        displayState = 'block'
        details_div.style.display = 'block'
    }
    else {
        details_div.style.display = 'none'
    }
}


function html_escape(s) {
    s = s.replace(/&/g,'&amp;');
    s = s.replace(/</g,'&lt;');
    s = s.replace(/>/g,'&gt;');
    return s;
}

/* obsoleted by detail in <div>
function showOutput(id, name) {
    var w = window.open("", //url
                    name,
                    "resizable,scrollbars,status,width=800,height=450");
    d = w.document;
    d.write("<pre>");
    d.write(html_escape(output_list[id]));
    d.write("\n");
    d.write("<a href='javascript:window.close()'>close</a>\n");
    d.write("</pre>\n");
    d.close();
}
*/
--></script>

<div class='heading'>
<h1>Unit Test Report</h1>

<p class='attribute'><strong>Status:</strong> Failure 6</p>

<p class='description'></p>
</div>



<p id='show_detail_line'>Show
<a href='javascript:showCase(0)'>Summary</a>
<a href='javascript:showCase(1)'>Failed</a>
<a href='javascript:showCase(2)'>All</a>
</p>
<table id='result_table'>
<colgroup>
<col align='left' />
<col align='right' />
<col align='right' />
<col align='right' />
<col align='right' />
<col align='right' />
<col align='right' />
<col align='right' />
</colgroup>
<tr id='header_row'>
    <td>Test Group/Test case</td>
    <td>Count</td>
    <td>Pass</td>
    <td>Fail</td>
    <td>Error</td>
    <td>Skip</td>
    <td>View</td>
    <td> </td>
</tr>

<tr class='failClass'>
    <td class="testname">tempest.scenario.test_network_advanced_server_ops.TestNetworkAdvancedServerOps</td>
    <td class="small">6</td>
    <td class="small">0</td>
    <td class="small">6</td>
    <td class="small">0</td>
    <td class="small">0</td>
    <td class="small"><a href="javascript:showClassDetail('c1',6)"
>Detail</a></td>
    <td> </td>
</tr>

<tr id='ft1.1' class='none'>
    <td class='failCase'><div class='testcase'>test_server_connectivity_pause_unpause[compute,id-2b2642db-6568-4b35-b812-eceed3fa20ce,network]</div></td>
    <td colspan='7' align='left'>

    <!--css div popup start-->
    <a class="popup_link" onfocus='this.blur();'
    href="javascript:showTestDetail('div_ft1.1')" >
        fail</a>

    <div id='div_ft1.1' class="popup_window">
        <div style='text-align: right; color:red;cursor:pointer'>
        <a onfocus='this.blur();'
onclick="document.getElementById('div_ft1.1').style.display = 'none' " >
           [x]</a>
        </div>
        <pre>
        
ft1.1: tempest.scenario.test_network_advanced_server_ops.TestNetworkAdvancedServerOps.test_server_connectivity_pause_unpause[compute,id-2b2642db-6568-4b35-b812-eceed3fa20ce,network]_StringException: Empty attachments:
  stderr
  stdout

pythonlogging:'': {{{
2015-12-19 23:47:40,133 21180 INFO     [tempest_lib.common.rest_client] Request (TestNetworkAdvancedServerOps:test_server_connectivity_pause_unpause): 200 POST http://10.0.2.15:8774/v2.1/87ac1c1f2c2a4f1b808b048adedee836/os-keypairs 0.431s
2015-12-19 23:47:40,133 21180 DEBUG    [tempest_lib.common.rest_client] Request - Headers: {'Content-Type': 'application/json', 'Accept': 'application/json', 'X-Auth-Token': '&lt;omitted&gt;'}
        Body: {"keypair": {"name": "tempest-TestNetworkAdvancedServerOps-427605675"}}
    Response - Headers: {'status': '200', 'content-length': '2329', 'x-compute-request-id': 'req-e5855c45-49b9-4d4f-a317-281a7f278c21', 'vary': 'X-OpenStack-Nova-API-Version', 'connection': 'close', 'x-openstack-nova-api-version': '2.1', 'date': 'Sat, 19 Dec 2015 23:47:40 GMT', 'content-type': 'application/json'}
        Body: {"keypair": {"public_key": "ssh-rsa AAAAB3NzaC1yc2EAAAADAQABAAABAQDWY3c8Y65l0xnix1BD4opsgUjCZXBKa9jlLl6q0e8uH2mjum93d9zRFJT5CGGn8ez1JOZBBKeGO5JEtC99Qf8xwZfbLV00hurTdmo6LFgittocSMyviXfTk3kCkni+SVy1vJIuHHMT2nBqw+ZCkp6X+i26toqMnYKF6kBjRH7sUuw69SxyX+4VvSpzec0aYWHCkLQslI8J+WKGcLSZfyF3dCFJnjNbNn/SjHuTjduvyiPRv9nV5d+jexoe9DyxNRlGpASEiEao6UZ3y2cVBZcQ2om7J1IXmfRSOEHZTHGTQRFI5OCKCINzNkyYv8/YSn19AKf2TPjPenxZeMTBl38Z Generated-by-Nova", "private_key": "-----BEGIN RSA PRIVATE KEY-----\nMIIEqAIBAAKCAQEA1mN3PGOuZdMZ4sdQQ+KKbIFIwmVwSmvY5S5eqtHvLh9po7pv\nd3fc0RSU+Qhhp/Hs9STmQQSnhjuSRLQvfUH/McGX2y1dNIbq03ZqOixYIrbaHEjM\nr4l305N5ApJ4vklctbySLhxzE9pwasPmQpKel/oturaKjJ2ChepAY0R+7FLsOvUs\ncl/uFb0qc3nNGmFhwpC0LJSPCflihnC0mX8hd3QhSZ4zWzZ/0ox7k43br8oj0b/Z\n1eXfo3saHvQ8sTUZRqQEhIhGqOlGd8tnFQWXENqJuydSF5n0UjhB2Uxxk0ERSOTg\nigiDczZMmL/P2Ep9fQCn9kz4z3p8WXjEwZd/GQIDAQABAoIBADTlccP6rEr/XQGx\nP8KgIJtJAtTEBoK2PVu+pyjqh2MP6Ra2p04IyvjjZSZUxROVA2ww4IbmSRc7l4lQ\nE++J2xdBtuAjPz34k/P84ZTc4Bogl4wnAinFd0VCu7bAwP3iR/enQUITTul1Ggud\nrjB60Jqa5bGN3H15V30HIT/c5JwWHgQYxgA0LkI75WlP2Gy4H2qfecWiMMQUuryO\nMRXvNp8wDVz/6l0z12dLiZNB1rzNAqxd1F4Pb/vf65MbHz9Z56kVX/JWJ6wnED3m\nvQKQlu8E8WTINLi1Zf2pUw8ZrbuLUmmnwZRpqE/l4PTChSEyrBxqLk6CaRwqBc8K\nCqGQyiECggCBAOTtTQ7ipaWDkL0KWJnEsf7mMHPDMuYgajvROlxtq+8bX2Q7zRS2\nGq9qIqLTu4kHqzT3RszanZmHOtBm50I5r8fSu7Aq3aXhHHZpzs6V5QwIR9NRmvPc\nvIHG/0GzLOwt4npob+TpzqglGbdA+ksSsLDK42bFNeOIeZMJLk4iS2UtAoIAgQDv\nvgSqo4vTYKY2Cyn5us9VI4KJeT7a773Xj2xF7lRgE1bPyDtUVCRCOG2h7VTXGGdj\nOhbBXuYl0wvkukGQ5J1+Pbb7OMxRZR/sYNWyydPs2TTS0aIAjfriLD4mfJ3IQAV9\nHmt+9rYX0j2gaj1d9PDipy+LdqzjtvrM/VWtcCjNHQKCAIAVkBiLB2Qs4+iVNc1E\nppdReCMmNEOuE22ONtX1cMsaGYzxpwRZKBH5ZdjfV2w5qwRAV+5OS2U+2dL7YEX2\nIfLhsoLFRDRedIa2zJ6TLOFHMdx6FhyvTaJf4vuWF6dqk6Pafc3UVQWHJv92GGO7\nAIauEF49BuRdizRQWjQHXgmV/QKCAIEAzACeifFm7zSD2uL/EfEDskfoMUEJ2lU8\n7uutT4hxJdvu+BpDWgvLWsoXiD2i/vFWMJpieKNfJfqDWVugpUHUPnMXfIilW/G4\nC3WPAnc5rYZaq7YUq3IldUX+kNNjk93ejcxP3pbi9jxBkno0w/nE7KklDQCsN40h\nt0MvH8mb/oUCggCAW2IhBZadb1V0+XT9+uECIa/TPTO7GVNKxccAMPIqRyGnORQq\nzn79eJcCFP5Yn+yChEM4Yx4wcerShcl9DaqyGCfWcAuVN+fDKa/Xisn2X/H3EU2b\nHGBllqnc7M1h6RSwtdpn/U8x/Y+jJtpcx9dNXM5uTPEA6QgNzOocuhy2LuU=\n-----END RSA PRIVATE KEY-----\n", "user_id": "8198643a48b34c3bb5580c5bc1a2a90e", "name": "tempest-TestNetworkAdvancedServerOps-427605675", "fingerprint": "a4:a9:d9:8b:cd:47:27:9c:a8:3b:7e:ef:3f:da:7e:99"}}
2015-12-19 23:47:40,443 21180 INFO     [tempest_lib.common.rest_client] Request (TestNetworkAdvancedServerOps:test_server_connectivity_pause_unpause): 201 POST http://10.0.2.15:9696/v2.0/security-groups 0.307s
2015-12-19 23:47:40,443 21180 DEBUG    [tempest_lib.common.rest_client] Request - Headers: {'Content-Type': 'application/json', 'Accept': 'application/json', 'X-Auth-Token': '&lt;omitted&gt;'}
        Body: {"security_group": {"tenant_id": "87ac1c1f2c2a4f1b808b048adedee836", "description": "tempest-secgroup-smoke-1601558721 description", "name": "tempest-secgroup-smoke-1601558721"}}
    Response - Headers: {'status': '201', 'content-length': '888', 'connection': 'close', 'date': 'Sat, 19 Dec 2015 23:47:40 GMT', 'content-type': 'application/json; charset=UTF-8', 'x-openstack-request-id': 'req-2c045486-af63-4f05-9b18-72b5e87569b3'}
        Body: {"security_group": {"tenant_id": "87ac1c1f2c2a4f1b808b048adedee836", "description": "tempest-secgroup-smoke-1601558721 description", "id": "456e1fdb-bfc5-4f69-bd59-69b1c0f60034", "security_group_rules": [{"remote_group_id": null, "direction": "egress", "remote_ip_prefix": null, "protocol": null, "ethertype": "IPv4", "tenant_id": "87ac1c1f2c2a4f1b808b048adedee836", "port_range_max": null, "port_range_min": null, "id": "606a4e10-f361-42ee-b168-c4b74422efdd", "security_group_id": "456e1fdb-bfc5-4f69-bd59-69b1c0f60034"}, {"remote_group_id": null, "direction": "egress", "remote_ip_prefix": null, "protocol": null, "ethertype": "IPv6", "tenant_id": "87ac1c1f2c2a4f1b808b048adedee836", "port_range_max": null, "port_range_min": null, "id": "726e0c40-11d1-436c-9b56-23a15aa81548", "security_group_id": "456e1fdb-bfc5-4f69-bd59-69b1c0f60034"}], "name": "tempest-secgroup-smoke-1601558721"}}
2015-12-19 23:47:40,553 21180 INFO     [tempest_lib.common.rest_client] Request (TestNetworkAdvancedServerOps:test_server_connectivity_pause_unpause): 201 POST http://10.0.2.15:9696/v2.0/security-group-rules 0.108s
2015-12-19 23:47:40,554 21180 DEBUG    [tempest_lib.common.rest_client] Request - Headers: {'Content-Type': 'application/json', 'Accept': 'application/json', 'X-Auth-Token': '&lt;omitted&gt;'}
        Body: {"security_group_rule": {"direction": "ingress", "protocol": "tcp", "tenant_id": "87ac1c1f2c2a4f1b808b048adedee836", "port_range_max": 22, "security_group_id": "456e1fdb-bfc5-4f69-bd59-69b1c0f60034", "port_range_min": 22}}
    Response - Headers: {'status': '201', 'content-length': '340', 'connection': 'close', 'date': 'Sat, 19 Dec 2015 23:47:40 GMT', 'content-type': 'application/json; charset=UTF-8', 'x-openstack-request-id': 'req-df6a9c3f-79ea-4093-8cd5-44c4ca8c7791'}
        Body: {"security_group_rule": {"remote_group_id": null, "direction": "ingress", "remote_ip_prefix": null, "protocol": "tcp", "ethertype": "IPv4", "tenant_id": "87ac1c1f2c2a4f1b808b048adedee836", "port_range_max": 22, "port_range_min": 22, "id": "b4cdaed5-00cc-4863-a462-ac6fcd018b90", "security_group_id": "456e1fdb-bfc5-4f69-bd59-69b1c0f60034"}}
2015-12-19 23:47:40,672 21180 INFO     [tempest_lib.common.rest_client] Request (TestNetworkAdvancedServerOps:test_server_connectivity_pause_unpause): 201 POST http://10.0.2.15:9696/v2.0/security-group-rules 0.117s
2015-12-19 23:47:40,673 21180 DEBUG    [tempest_lib.common.rest_client] Request - Headers: {'Content-Type': 'application/json', 'Accept': 'application/json', 'X-Auth-Token': '&lt;omitted&gt;'}
        Body: {"security_group_rule": {"direction": "egress", "protocol": "tcp", "tenant_id": "87ac1c1f2c2a4f1b808b048adedee836", "port_range_max": 22, "security_group_id": "456e1fdb-bfc5-4f69-bd59-69b1c0f60034", "port_range_min": 22}}
    Response - Headers: {'status': '201', 'content-length': '339', 'connection': 'close', 'date': 'Sat, 19 Dec 2015 23:47:40 GMT', 'content-type': 'application/json; charset=UTF-8', 'x-openstack-request-id': 'req-f6034f10-5619-404a-b234-01bb78cf8230'}
        Body: {"security_group_rule": {"remote_group_id": null, "direction": "egress", "remote_ip_prefix": null, "protocol": "tcp", "ethertype": "IPv4", "tenant_id": "87ac1c1f2c2a4f1b808b048adedee836", "port_range_max": 22, "port_range_min": 22, "id": "a23880a9-0a68-4594-9ee9-5a57814b691b", "security_group_id": "456e1fdb-bfc5-4f69-bd59-69b1c0f60034"}}
2015-12-19 23:47:40,782 21180 INFO     [tempest_lib.common.rest_client] Request (TestNetworkAdvancedServerOps:test_server_connectivity_pause_unpause): 201 POST http://10.0.2.15:9696/v2.0/security-group-rules 0.108s
2015-12-19 23:47:40,783 21180 DEBUG    [tempest_lib.common.rest_client] Request - Headers: {'Content-Type': 'application/json', 'Accept': 'application/json', 'X-Auth-Token': '&lt;omitted&gt;'}
        Body: {"security_group_rule": {"tenant_id": "87ac1c1f2c2a4f1b808b048adedee836", "direction": "ingress", "protocol": "icmp", "security_group_id": "456e1fdb-bfc5-4f69-bd59-69b1c0f60034"}}
    Response - Headers: {'status': '201', 'content-length': '345', 'connection': 'close', 'date': 'Sat, 19 Dec 2015 23:47:40 GMT', 'content-type': 'application/json; charset=UTF-8', 'x-openstack-request-id': 'req-c7b3e607-8876-47d2-b984-40a230700d67'}
        Body: {"security_group_rule": {"remote_group_id": null, "direction": "ingress", "remote_ip_prefix": null, "protocol": "icmp", "ethertype": "IPv4", "tenant_id": "87ac1c1f2c2a4f1b808b048adedee836", "port_range_max": null, "port_range_min": null, "id": "d3909b5d-1967-4aa1-bd4a-e24e3ac4d66d", "security_group_id": "456e1fdb-bfc5-4f69-bd59-69b1c0f60034"}}
2015-12-19 23:47:40,914 21180 INFO     [tempest_lib.common.rest_client] Request (TestNetworkAdvancedServerOps:test_server_connectivity_pause_unpause): 201 POST http://10.0.2.15:9696/v2.0/security-group-rules 0.130s
2015-12-19 23:47:40,915 21180 DEBUG    [tempest_lib.common.rest_client] Request - Headers: {'Content-Type': 'application/json', 'Accept': 'application/json', 'X-Auth-Token': '&lt;omitted&gt;'}
        Body: {"security_group_rule": {"tenant_id": "87ac1c1f2c2a4f1b808b048adedee836", "direction": "egress", "protocol": "icmp", "security_group_id": "456e1fdb-bfc5-4f69-bd59-69b1c0f60034"}}
    Response - Headers: {'status': '201', 'content-length': '344', 'connection': 'close', 'date': 'Sat, 19 Dec 2015 23:47:40 GMT', 'content-type': 'application/json; charset=UTF-8', 'x-openstack-request-id': 'req-65693d22-7ea9-4085-b65a-1d0afb4e7ad1'}
        Body: {"security_group_rule": {"remote_group_id": null, "direction": "egress", "remote_ip_prefix": null, "protocol": "icmp", "ethertype": "IPv4", "tenant_id": "87ac1c1f2c2a4f1b808b048adedee836", "port_range_max": null, "port_range_min": null, "id": "3d5d4646-bc91-457e-8514-0131d3acdc51", "security_group_id": "456e1fdb-bfc5-4f69-bd59-69b1c0f60034"}}
2015-12-19 23:47:41,034 21180 INFO     [tempest_lib.common.rest_client] Request (TestNetworkAdvancedServerOps:test_server_connectivity_pause_unpause): 201 POST http://10.0.2.15:9696/v2.0/security-group-rules 0.117s
2015-12-19 23:47:41,034 21180 DEBUG    [tempest_lib.common.rest_client] Request - Headers: {'Content-Type': 'application/json', 'Accept': 'application/json', 'X-Auth-Token': '&lt;omitted&gt;'}
        Body: {"security_group_rule": {"tenant_id": "87ac1c1f2c2a4f1b808b048adedee836", "direction": "ingress", "security_group_id": "456e1fdb-bfc5-4f69-bd59-69b1c0f60034", "protocol": "icmp", "ethertype": "IPv6"}}
    Response - Headers: {'status': '201', 'content-length': '345', 'connection': 'close', 'date': 'Sat, 19 Dec 2015 23:47:41 GMT', 'content-type': 'application/json; charset=UTF-8', 'x-openstack-request-id': 'req-fa5007ba-c2fe-4f9e-ae2f-4f7866327552'}
        Body: {"security_group_rule": {"remote_group_id": null, "direction": "ingress", "remote_ip_prefix": null, "protocol": "icmp", "ethertype": "IPv6", "tenant_id": "87ac1c1f2c2a4f1b808b048adedee836", "port_range_max": null, "port_range_min": null, "id": "3c82c932-8e64-4105-9710-7f5e68bfcd35", "security_group_id": "456e1fdb-bfc5-4f69-bd59-69b1c0f60034"}}
2015-12-19 23:47:41,156 21180 INFO     [tempest_lib.common.rest_client] Request (TestNetworkAdvancedServerOps:test_server_connectivity_pause_unpause): 201 POST http://10.0.2.15:9696/v2.0/security-group-rules 0.120s
2015-12-19 23:47:41,157 21180 DEBUG    [tempest_lib.common.rest_client] Request - Headers: {'Content-Type': 'application/json', 'Accept': 'application/json', 'X-Auth-Token': '&lt;omitted&gt;'}
        Body: {"security_group_rule": {"tenant_id": "87ac1c1f2c2a4f1b808b048adedee836", "direction": "egress", "security_group_id": "456e1fdb-bfc5-4f69-bd59-69b1c0f60034", "protocol": "icmp", "ethertype": "IPv6"}}
    Response - Headers: {'status': '201', 'content-length': '344', 'connection': 'close', 'date': 'Sat, 19 Dec 2015 23:47:41 GMT', 'content-type': 'application/json; charset=UTF-8', 'x-openstack-request-id': 'req-6edd24c0-a4d4-4fdf-9c8e-484033033344'}
        Body: {"security_group_rule": {"remote_group_id": null, "direction": "egress", "remote_ip_prefix": null, "protocol": "icmp", "ethertype": "IPv6", "tenant_id": "87ac1c1f2c2a4f1b808b048adedee836", "port_range_max": null, "port_range_min": null, "id": "48bf63d0-c2b5-492f-8a45-17a5c491c0bd", "security_group_id": "456e1fdb-bfc5-4f69-bd59-69b1c0f60034"}}
2015-12-19 23:47:41,346 21180 INFO     [tempest_lib.common.rest_client] Request (TestNetworkAdvancedServerOps:test_server_connectivity_pause_unpause): 201 POST http://10.0.2.15:9696/v2.0/networks 0.187s
2015-12-19 23:47:41,347 21180 DEBUG    [tempest_lib.common.rest_client] Request - Headers: {'Content-Type': 'application/json', 'Accept': 'application/json', 'X-Auth-Token': '&lt;omitted&gt;'}
        Body: {"network": {"tenant_id": "87ac1c1f2c2a4f1b808b048adedee836", "name": "tempest-network-smoke--1183720146"}}
    Response - Headers: {'status': '201', 'content-length': '329', 'connection': 'close', 'date': 'Sat, 19 Dec 2015 23:47:41 GMT', 'content-type': 'application/json; charset=UTF-8', 'x-openstack-request-id': 'req-b19dc575-3ecd-4de2-9e4f-f7de07dce09c'}
        Body: {"network": {"status": "ACTIVE", "subnets": [], "availability_zone_hints": "[]", "name": "tempest-network-smoke--1183720146", "admin_state_up": true, "tenant_id": "87ac1c1f2c2a4f1b808b048adedee836", "mtu": 0, "router:external": false, "shared": false, "port_security_enabled": true, "id": "97c113ad-171a-4950-b957-5e050850c8aa"}}
2015-12-19 23:47:41,436 21180 INFO     [tempest_lib.common.rest_client] Request (TestNetworkAdvancedServerOps:test_server_connectivity_pause_unpause): 201 POST http://10.0.2.15:9696/v2.0/routers 0.087s
2015-12-19 23:47:41,436 21180 DEBUG    [tempest_lib.common.rest_client] Request - Headers: {'Content-Type': 'application/json', 'Accept': 'application/json', 'X-Auth-Token': '&lt;omitted&gt;'}
        Body: {"router": {"tenant_id": "87ac1c1f2c2a4f1b808b048adedee836", "name": "tempest-router-smoke-1651542390", "admin_state_up": true}}
    Response - Headers: {'status': '201', 'content-length': '296', 'connection': 'close', 'date': 'Sat, 19 Dec 2015 23:47:41 GMT', 'content-type': 'application/json; charset=UTF-8', 'x-openstack-request-id': 'req-25f44aff-09e3-4046-9299-7a834a58c3f6'}
        Body: {"router": {"status": "ACTIVE", "external_gateway_info": null, "availability_zone_hints": [], "availability_zones": [], "name": "tempest-router-smoke-1651542390", "admin_state_up": true, "tenant_id": "87ac1c1f2c2a4f1b808b048adedee836", "routes": [], "id": "00eca79b-b9be-45dd-ad10-ede40fc652e0"}}
2015-12-19 23:47:41,491 21180 INFO     [tempest_lib.common.rest_client] Request (TestNetworkAdvancedServerOps:test_server_connectivity_pause_unpause): 200 GET http://10.0.2.15:9696/v2.0/routers/00eca79b-b9be-45dd-ad10-ede40fc652e0 0.053s
2015-12-19 23:47:41,492 21180 DEBUG    [tempest_lib.common.rest_client] Request - Headers: {'Content-Type': 'application/json', 'Accept': 'application/json', 'X-Auth-Token': '&lt;omitted&gt;'}
        Body: None
    Response - Headers: {'status': '200', 'content-length': '296', 'content-location': 'http://10.0.2.15:9696/v2.0/routers/00eca79b-b9be-45dd-ad10-ede40fc652e0', 'connection': 'close', 'date': 'Sat, 19 Dec 2015 23:47:41 GMT', 'content-type': 'application/json; charset=UTF-8', 'x-openstack-request-id': 'req-3c0ff6e8-0842-4a42-ac1e-1b49328e61ed'}
        Body: {"router": {"status": "ACTIVE", "external_gateway_info": null, "availability_zone_hints": [], "availability_zones": [], "name": "tempest-router-smoke-1651542390", "admin_state_up": true, "tenant_id": "87ac1c1f2c2a4f1b808b048adedee836", "routes": [], "id": "00eca79b-b9be-45dd-ad10-ede40fc652e0"}}
2015-12-19 23:47:42,262 21180 INFO     [tempest_lib.common.rest_client] Request (TestNetworkAdvancedServerOps:test_server_connectivity_pause_unpause): 200 PUT http://10.0.2.15:9696/v2.0/routers/00eca79b-b9be-45dd-ad10-ede40fc652e0 0.769s
2015-12-19 23:47:42,263 21180 DEBUG    [tempest_lib.common.rest_client] Request - Headers: {'Content-Type': 'application/json', 'Accept': 'application/json', 'X-Auth-Token': '&lt;omitted&gt;'}
        Body: {"router": {"external_gateway_info": {"network_id": "3fcdfb0c-026d-4229-a575-c8adf7d42f7d"}, "name": "tempest-router-smoke-1651542390", "admin_state_up": true}}
    Response - Headers: {'status': '200', 'content-length': '558', 'connection': 'close', 'date': 'Sat, 19 Dec 2015 23:47:42 GMT', 'content-type': 'application/json; charset=UTF-8', 'x-openstack-request-id': 'req-f5f33355-a2c4-416a-957e-172ec215a7f5'}
        Body: {"router": {"status": "ACTIVE", "external_gateway_info": {"network_id": "3fcdfb0c-026d-4229-a575-c8adf7d42f7d", "enable_snat": true, "external_fixed_ips": [{"subnet_id": "03b6d08c-c981-41ef-8578-d51e5bf3f47c", "ip_address": "172.24.4.3"}, {"subnet_id": "bdcb42fb-164d-435e-a874-5ec42922f42f", "ip_address": "2001:db8::3"}]}, "availability_zone_hints": [], "availability_zones": [], "name": "tempest-router-smoke-1651542390", "admin_state_up": true, "tenant_id": "87ac1c1f2c2a4f1b808b048adedee836", "routes": [], "id": "00eca79b-b9be-45dd-ad10-ede40fc652e0"}}
2015-12-19 23:47:42,408 21180 INFO     [tempest_lib.common.rest_client] Request (TestNetworkAdvancedServerOps:test_server_connectivity_pause_unpause): 200 GET http://10.0.2.15:9696/v2.0/subnets?tenant_id=87ac1c1f2c2a4f1b808b048adedee836&amp;cidr=10.100.0.0%2F28 0.143s
2015-12-19 23:47:42,408 21180 DEBUG    [tempest_lib.common.rest_client] Request - Headers: {'Content-Type': 'application/json', 'Accept': 'application/json', 'X-Auth-Token': '&lt;omitted&gt;'}
        Body: None
    Response - Headers: {'status': '200', 'content-length': '15', 'content-location': 'http://10.0.2.15:9696/v2.0/subnets?tenant_id=87ac1c1f2c2a4f1b808b048adedee836&amp;cidr=10.100.0.0%2F28', 'connection': 'close', 'date': 'Sat, 19 Dec 2015 23:47:42 GMT', 'content-type': 'application/json; charset=UTF-8', 'x-openstack-request-id': 'req-2f9aee4a-6506-4be4-aef1-e0552d567cae'}
        Body: {"subnets": []}
2015-12-19 23:47:42,724 21180 INFO     [tempest_lib.common.rest_client] Request (TestNetworkAdvancedServerOps:test_server_connectivity_pause_unpause): 201 POST http://10.0.2.15:9696/v2.0/subnets 0.315s
2015-12-19 23:47:42,725 21180 DEBUG    [tempest_lib.common.rest_client] Request - Headers: {'Content-Type': 'application/json', 'Accept': 'application/json', 'X-Auth-Token': '&lt;omitted&gt;'}
        Body: {"subnet": {"ip_version": 4, "tenant_id": "87ac1c1f2c2a4f1b808b048adedee836", "cidr": "10.100.0.0/28", "network_id": "97c113ad-171a-4950-b957-5e050850c8aa", "name": "tempest-subnet-smoke-1794609015"}}
    Response - Headers: {'status': '201', 'content-length': '478', 'connection': 'close', 'date': 'Sat, 19 Dec 2015 23:47:42 GMT', 'content-type': 'application/json; charset=UTF-8', 'x-openstack-request-id': 'req-c0dcd581-f08d-4996-bb98-162d30a6033e'}
        Body: {"subnet": {"name": "tempest-subnet-smoke-1794609015", "enable_dhcp": true, "network_id": "97c113ad-171a-4950-b957-5e050850c8aa", "tenant_id": "87ac1c1f2c2a4f1b808b048adedee836", "dns_nameservers": [], "gateway_ip": "10.100.0.1", "ipv6_ra_mode": null, "allocation_pools": [{"start": "10.100.0.2", "end": "10.100.0.14"}], "host_routes": [], "ip_version": 4, "ipv6_address_mode": null, "cidr": "10.100.0.0/28", "id": "90380be2-a0c4-4c86-bc8d-8d609bdcd314", "subnetpool_id": null}}
2015-12-19 23:47:43,295 21180 INFO     [tempest_lib.common.rest_client] Request (TestNetworkAdvancedServerOps:test_server_connectivity_pause_unpause): 200 PUT http://10.0.2.15:9696/v2.0/routers/00eca79b-b9be-45dd-ad10-ede40fc652e0/add_router_interface 0.569s
2015-12-19 23:47:43,296 21180 DEBUG    [tempest_lib.common.rest_client] Request - Headers: {'Content-Type': 'application/json', 'Accept': 'application/json', 'X-Auth-Token': '&lt;omitted&gt;'}
        Body: {"subnet_id": "90380be2-a0c4-4c86-bc8d-8d609bdcd314"}
    Response - Headers: {'status': '200', 'content-length': '255', 'connection': 'close', 'date': 'Sat, 19 Dec 2015 23:47:43 GMT', 'content-type': 'application/json; charset=UTF-8', 'x-openstack-request-id': 'req-33e5c1e9-15ac-4f3d-873f-3eede94005a4'}
        Body: {"subnet_id": "90380be2-a0c4-4c86-bc8d-8d609bdcd314", "tenant_id": "87ac1c1f2c2a4f1b808b048adedee836", "subnet_ids": ["90380be2-a0c4-4c86-bc8d-8d609bdcd314"], "port_id": "28490fa7-7980-47c0-a50b-df1844947fb3", "id": "00eca79b-b9be-45dd-ad10-ede40fc652e0"}
2015-12-19 23:47:43,410 21180 INFO     [tempest_lib.common.rest_client] Request (TestNetworkAdvancedServerOps:test_server_connectivity_pause_unpause): 200 POST http://10.0.2.15:5000/v2.0/tokens
2015-12-19 23:47:43,411 21180 DEBUG    [tempest_lib.common.rest_client] Request - Headers: {'Content-Type': 'application/json', 'Accept': 'application/json'}
        Body: &lt;omitted&gt;
    Response - Headers: {'status': '200', 'content-length': '2562', 'vary': 'X-Auth-Token', 'server': 'Apache/2.4.7 (Ubuntu)', 'connection': 'close', 'date': 'Sat, 19 Dec 2015 23:47:43 GMT', 'content-type': 'application/json', 'x-openstack-request-id': 'req-44325351-09e3-4084-abe3-77907190bc05'}
        Body: {"access": {"token": {"issued_at": "2015-12-19T23:47:43.396767", "expires": "2015-12-20T00:47:43Z", "id": "42fac84bc23842b6924c175ed80ca5c9", "tenant": {"description": "tempest-TestNetworkAdvancedServerOps-1512340754-desc", "enabled": true, "id": "87ac1c1f2c2a4f1b808b048adedee836", "name": "tempest-TestNetworkAdvancedServerOps-1512340754"}, "audit_ids": ["Rp0W-l3dRB-zJ4Dmkj4CTA"]}, "serviceCatalog": [{"endpoints": [{"adminURL": "http://10.0.2.15:8774/v2.1/87ac1c1f2c2a4f1b808b048adedee836", "region": "RegionOne", "internalURL": "http://10.0.2.15:8774/v2.1/87ac1c1f2c2a4f1b808b048adedee836", "id": "4e2056c4c11d4e85b4f2a2fbe6979b2c", "publicURL": "http://10.0.2.15:8774/v2.1/87ac1c1f2c2a4f1b808b048adedee836"}], "endpoints_links": [], "type": "compute", "name": "nova"}, {"endpoints": [{"adminURL": "http://10.0.2.15:9696/", "region": "RegionOne", "internalURL": "http://10.0.2.15:9696/", "id": "83fbb163b77e4dc69acfcd8e2c0b33bd", "publicURL": "http://10.0.2.15:9696/"}], "endpoints_links": [], "type": "network", "name": "neutron"}, {"endpoints": [{"adminURL": "http://10.0.2.15:9292", "region": "RegionOne", "internalURL": "http://10.0.2.15:9292", "id": "3e68f9f13802436a93b4b25e6e9a9cf1", "publicURL": "http://10.0.2.15:9292"}], "endpoints_links": [], "type": "image", "name": "glance"}, {"endpoints": [{"adminURL": "http://10.0.2.15:8774/v2/87ac1c1f2c2a4f1b808b048adedee836", "region": "RegionOne", "internalURL": "http://10.0.2.15:8774/v2/87ac1c1f2c2a4f1b808b048adedee836", "id": "37e6d7e210e74834bf0c778b001d7882", "publicURL": "http://10.0.2.15:8774/v2/87ac1c1f2c2a4f1b808b048adedee836"}], "endpoints_links": [], "type": "compute_legacy", "name": "nova_legacy"}, {"endpoints": [{"adminURL": "http://10.0.2.15:8773/", "region": "RegionOne", "internalURL": "http://10.0.2.15:8773/", "id": "1fb28893bbab4220bbf5f76ce02e3b2f", "publicURL": "http://10.0.2.15:8773/"}], "endpoints_links": [], "type": "ec2", "name": "ec2"}, {"endpoints": [{"adminURL": "http://10.0.2.15:35357/v2.0", "region": "RegionOne", "internalURL": "http://10.0.2.15:5000/v2.0", "id": "1e556dbf67c64a0880852d6bb262b061", "publicURL": "http://10.0.2.15:5000/v2.0"}], "endpoints_links": [], "type": "identity", "name": "keystone"}], "user": {"username": "tempest-TestNetworkAdvancedServerOps-53549036", "roles_links": [], "id": "8198643a48b34c3bb5580c5bc1a2a90e", "roles": [{"name": "_member_"}, {"name": "Member"}], "name": "tempest-TestNetworkAdvancedServerOps-53549036"}, "metadata": {"is_admin": 0, "roles": ["9fe2ff9ee4384b1894a90878d3e92bab", "19585280b18d4eea90dae2bd3301ef16"]}}}
2015-12-19 23:47:43,422 21180 DEBUG    [tempest.common.fixed_network] (TestNetworkAdvancedServerOps:test_server_connectivity_pause_unpause) No valid network provided or created, defaulting to fixed_network_name
2015-12-19 23:47:43,779 21180 INFO     [tempest_lib.common.rest_client] Request (TestNetworkAdvancedServerOps:test_server_connectivity_pause_unpause): 200 GET http://10.0.2.15:8774/v2.1/87ac1c1f2c2a4f1b808b048adedee836/os-networks 0.356s
2015-12-19 23:47:43,779 21180 DEBUG    [tempest_lib.common.rest_client] Request - Headers: {'Content-Type': 'application/json', 'Accept': 'application/json', 'X-Auth-Token': '&lt;omitted&gt;'}
        Body: None
    Response - Headers: {'status': '200', 'content-length': '479', 'content-location': 'http://10.0.2.15:8774/v2.1/87ac1c1f2c2a4f1b808b048adedee836/os-networks', 'x-compute-request-id': 'req-14e3d8c9-42f5-4f11-a5f8-b76fe01c4141', 'vary': 'X-OpenStack-Nova-API-Version', 'connection': 'close', 'x-openstack-nova-api-version': '2.1', 'date': 'Sat, 19 Dec 2015 23:47:43 GMT', 'content-type': 'application/json'}
        Body: {"networks": [{"cidr_v6": null, "dns2": null, "dns1": null, "gateway": null, "broadcast": null, "netmask": null, "gateway_v6": null, "cidr": null, "label": "public", "id": "3fcdfb0c-026d-4229-a575-c8adf7d42f7d", "netmask_v6": null}, {"cidr_v6": null, "dns2": null, "dns1": null, "gateway": null, "broadcast": null, "netmask": null, "gateway_v6": null, "cidr": null, "label": "tempest-network-smoke--1183720146", "id": "97c113ad-171a-4950-b957-5e050850c8aa", "netmask_v6": null}]}
2015-12-19 23:47:43,780 21180 WARNING  [tempest.common.fixed_network] (TestNetworkAdvancedServerOps:test_server_connectivity_pause_unpause) Network with name: private not found
2015-12-19 23:47:43,780 21180 INFO     [tempest.common.fixed_network] (TestNetworkAdvancedServerOps:test_server_connectivity_pause_unpause) Found network {} available for tenant
2015-12-19 23:47:45,564 21180 INFO     [tempest_lib.common.rest_client] Request (TestNetworkAdvancedServerOps:test_server_connectivity_pause_unpause): 202 POST http://10.0.2.15:8774/v2.1/87ac1c1f2c2a4f1b808b048adedee836/servers 1.783s
2015-12-19 23:47:45,565 21180 DEBUG    [tempest_lib.common.rest_client] Request - Headers: {'Content-Type': 'application/json', 'Accept': 'application/json', 'X-Auth-Token': '&lt;omitted&gt;'}
        Body: {"server": {"name": "tempest.common.compute-instance-1601809215", "imageRef": "4b4291a4-f9b2-4557-bb7d-9697467aba23", "key_name": "tempest-TestNetworkAdvancedServerOps-427605675", "flavorRef": "42", "networks": [{"uuid": "97c113ad-171a-4950-b957-5e050850c8aa"}], "security_groups": [{"name": "tempest-secgroup-smoke-1601558721"}]}}
    Response - Headers: {'status': '202', 'content-length': '462', 'x-compute-request-id': 'req-5b3c7572-cdfd-486d-ad7f-6ea7ccc4eea1', 'vary': 'X-OpenStack-Nova-API-Version', 'connection': 'close', 'location': 'http://10.0.2.15:8774/v2.1/87ac1c1f2c2a4f1b808b048adedee836/servers/621726ee-8aea-4201-ad24-dc8ee272e881', 'x-openstack-nova-api-version': '2.1', 'date': 'Sat, 19 Dec 2015 23:47:45 GMT', 'content-type': 'application/json'}
        Body: {"server": {"security_groups": [{"name": "tempest-secgroup-smoke-1601558721"}], "OS-DCF:diskConfig": "MANUAL", "id": "621726ee-8aea-4201-ad24-dc8ee272e881", "links": [{"href": "http://10.0.2.15:8774/v2.1/87ac1c1f2c2a4f1b808b048adedee836/servers/621726ee-8aea-4201-ad24-dc8ee272e881", "rel": "self"}, {"href": "http://10.0.2.15:8774/87ac1c1f2c2a4f1b808b048adedee836/servers/621726ee-8aea-4201-ad24-dc8ee272e881", "rel": "bookmark"}], "adminPass": "zkz7R3JXGXxa"}}
2015-12-19 23:47:45,736 21180 INFO     [tempest_lib.common.rest_client] Request (TestNetworkAdvancedServerOps:test_server_connectivity_pause_unpause): 200 GET http://10.0.2.15:8774/v2.1/87ac1c1f2c2a4f1b808b048adedee836/servers/621726ee-8aea-4201-ad24-dc8ee272e881 0.168s
2015-12-19 23:47:45,736 21180 DEBUG    [tempest_lib.common.rest_client] Request - Headers: {'Content-Type': 'application/json', 'Accept': 'application/json', 'X-Auth-Token': '&lt;omitted&gt;'}
        Body: None
    Response - Headers: {'status': '200', 'content-length': '1364', 'content-location': 'http://10.0.2.15:8774/v2.1/87ac1c1f2c2a4f1b808b048adedee836/servers/621726ee-8aea-4201-ad24-dc8ee272e881', 'x-compute-request-id': 'req-7a5387d6-e8d2-44c9-9977-ca226eebff48', 'vary': 'X-OpenStack-Nova-API-Version', 'connection': 'close', 'x-openstack-nova-api-version': '2.1', 'date': 'Sat, 19 Dec 2015 23:47:45 GMT', 'content-type': 'application/json'}
        Body: {"server": {"status": "BUILD", "updated": "2015-12-19T23:47:45Z", "hostId": "", "addresses": {}, "links": [{"href": "http://10.0.2.15:8774/v2.1/87ac1c1f2c2a4f1b808b048adedee836/servers/621726ee-8aea-4201-ad24-dc8ee272e881", "rel": "self"}, {"href": "http://10.0.2.15:8774/87ac1c1f2c2a4f1b808b048adedee836/servers/621726ee-8aea-4201-ad24-dc8ee272e881", "rel": "bookmark"}], "key_name": "tempest-TestNetworkAdvancedServerOps-427605675", "image": {"id": "4b4291a4-f9b2-4557-bb7d-9697467aba23", "links": [{"href": "http://10.0.2.15:8774/87ac1c1f2c2a4f1b808b048adedee836/images/4b4291a4-f9b2-4557-bb7d-9697467aba23", "rel": "bookmark"}]}, "OS-EXT-STS:task_state": "scheduling", "OS-EXT-STS:vm_state": "building", "OS-SRV-USG:launched_at": null, "flavor": {"id": "42", "links": [{"href": "http://10.0.2.15:8774/87ac1c1f2c2a4f1b808b048adedee836/flavors/42", "rel": "bookmark"}]}, "id": "621726ee-8aea-4201-ad24-dc8ee272e881", "OS-SRV-USG:terminated_at": null, "OS-EXT-AZ:availability_zone": "", "user_id": "8198643a48b34c3bb5580c5bc1a2a90e", "name": "tempest.common.compute-instance-1601809215", "created": "2015-12-19T23:47:45Z", "tenant_id": "87ac1c1f2c2a4f1b808b048adedee836", "OS-DCF:diskConfig": "MANUAL", "os-extended-volumes:volumes_attached": [], "accessIPv4": "", "accessIPv6": "", "progress": 0, "OS-EXT-STS:power_state": 0, "config_drive": "", "metadata": {}}}
2015-12-19 23:47:47,086 21180 INFO     [tempest_lib.common.rest_client] Request (TestNetworkAdvancedServerOps:test_server_connectivity_pause_unpause): 200 GET http://10.0.2.15:8774/v2.1/87ac1c1f2c2a4f1b808b048adedee836/servers/621726ee-8aea-4201-ad24-dc8ee272e881 0.340s
2015-12-19 23:47:47,087 21180 DEBUG    [tempest_lib.common.rest_client] Request - Headers: {'Content-Type': 'application/json', 'Accept': 'application/json', 'X-Auth-Token': '&lt;omitted&gt;'}
        Body: None
    Response - Headers: {'status': '200', 'content-length': '1490', 'content-location': 'http://10.0.2.15:8774/v2.1/87ac1c1f2c2a4f1b808b048adedee836/servers/621726ee-8aea-4201-ad24-dc8ee272e881', 'x-compute-request-id': 'req-8577e8f4-86ca-43b2-a2ba-5097296826b1', 'vary': 'X-OpenStack-Nova-API-Version', 'connection': 'close', 'x-openstack-nova-api-version': '2.1', 'date': 'Sat, 19 Dec 2015 23:47:47 GMT', 'content-type': 'application/json'}
        Body: {"server": {"status": "BUILD", "updated": "2015-12-19T23:47:46Z", "hostId": "1ac2f508d32e538ce37ead3e2c6045c4bc0fce663027460e9c6e80f2", "addresses": {}, "links": [{"href": "http://10.0.2.15:8774/v2.1/87ac1c1f2c2a4f1b808b048adedee836/servers/621726ee-8aea-4201-ad24-dc8ee272e881", "rel": "self"}, {"href": "http://10.0.2.15:8774/87ac1c1f2c2a4f1b808b048adedee836/servers/621726ee-8aea-4201-ad24-dc8ee272e881", "rel": "bookmark"}], "key_name": "tempest-TestNetworkAdvancedServerOps-427605675", "image": {"id": "4b4291a4-f9b2-4557-bb7d-9697467aba23", "links": [{"href": "http://10.0.2.15:8774/87ac1c1f2c2a4f1b808b048adedee836/images/4b4291a4-f9b2-4557-bb7d-9697467aba23", "rel": "bookmark"}]}, "OS-EXT-STS:task_state": "spawning", "OS-EXT-STS:vm_state": "building", "OS-SRV-USG:launched_at": null, "flavor": {"id": "42", "links": [{"href": "http://10.0.2.15:8774/87ac1c1f2c2a4f1b808b048adedee836/flavors/42", "rel": "bookmark"}]}, "id": "621726ee-8aea-4201-ad24-dc8ee272e881", "security_groups": [{"name": "tempest-secgroup-smoke-1601558721"}], "OS-SRV-USG:terminated_at": null, "OS-EXT-AZ:availability_zone": "nova", "user_id": "8198643a48b34c3bb5580c5bc1a2a90e", "name": "tempest.common.compute-instance-1601809215", "created": "2015-12-19T23:47:45Z", "tenant_id": "87ac1c1f2c2a4f1b808b048adedee836", "OS-DCF:diskConfig": "MANUAL", "os-extended-volumes:volumes_attached": [], "accessIPv4": "", "accessIPv6": "", "progress": 0, "OS-EXT-STS:power_state": 0, "config_drive": "", "metadata": {}}}
2015-12-19 23:47:47,096 21180 INFO     [tempest.common.waiters] State transition "BUILD/scheduling" ==&gt; "BUILD/spawning" after 2 second wait
2015-12-19 23:47:48,436 21180 INFO     [tempest_lib.common.rest_client] Request (TestNetworkAdvancedServerOps:test_server_connectivity_pause_unpause): 200 GET http://10.0.2.15:8774/v2.1/87ac1c1f2c2a4f1b808b048adedee836/servers/621726ee-8aea-4201-ad24-dc8ee272e881 0.338s
2015-12-19 23:47:48,437 21180 DEBUG    [tempest_lib.common.rest_client] Request - Headers: {'Content-Type': 'application/json', 'Accept': 'application/json', 'X-Auth-Token': '&lt;omitted&gt;'}
        Body: None
    Response - Headers: {'status': '200', 'content-length': '1490', 'content-location': 'http://10.0.2.15:8774/v2.1/87ac1c1f2c2a4f1b808b048adedee836/servers/621726ee-8aea-4201-ad24-dc8ee272e881', 'x-compute-request-id': 'req-ff2655d6-f086-4a16-962a-a6054a52dd59', 'vary': 'X-OpenStack-Nova-API-Version', 'connection': 'close', 'x-openstack-nova-api-version': '2.1', 'date': 'Sat, 19 Dec 2015 23:47:48 GMT', 'content-type': 'application/json'}
        Body: {"server": {"status": "BUILD", "updated": "2015-12-19T23:47:46Z", "hostId": "1ac2f508d32e538ce37ead3e2c6045c4bc0fce663027460e9c6e80f2", "addresses": {}, "links": [{"href": "http://10.0.2.15:8774/v2.1/87ac1c1f2c2a4f1b808b048adedee836/servers/621726ee-8aea-4201-ad24-dc8ee272e881", "rel": "self"}, {"href": "http://10.0.2.15:8774/87ac1c1f2c2a4f1b808b048adedee836/servers/621726ee-8aea-4201-ad24-dc8ee272e881", "rel": "bookmark"}], "key_name": "tempest-TestNetworkAdvancedServerOps-427605675", "image": {"id": "4b4291a4-f9b2-4557-bb7d-9697467aba23", "links": [{"href": "http://10.0.2.15:8774/87ac1c1f2c2a4f1b808b048adedee836/images/4b4291a4-f9b2-4557-bb7d-9697467aba23", "rel": "bookmark"}]}, "OS-EXT-STS:task_state": "spawning", "OS-EXT-STS:vm_state": "building", "OS-SRV-USG:launched_at": null, "flavor": {"id": "42", "links": [{"href": "http://10.0.2.15:8774/87ac1c1f2c2a4f1b808b048adedee836/flavors/42", "rel": "bookmark"}]}, "id": "621726ee-8aea-4201-ad24-dc8ee272e881", "security_groups": [{"name": "tempest-secgroup-smoke-1601558721"}], "OS-SRV-USG:terminated_at": null, "OS-EXT-AZ:availability_zone": "nova", "user_id": "8198643a48b34c3bb5580c5bc1a2a90e", "name": "tempest.common.compute-instance-1601809215", "created": "2015-12-19T23:47:45Z", "tenant_id": "87ac1c1f2c2a4f1b808b048adedee836", "OS-DCF:diskConfig": "MANUAL", "os-extended-volumes:volumes_attached": [], "accessIPv4": "", "accessIPv6": "", "progress": 0, "OS-EXT-STS:power_state": 0, "config_drive": "", "metadata": {}}}
2015-12-19 23:47:49,794 21180 INFO     [tempest_lib.common.rest_client] Request (TestNetworkAdvancedServerOps:test_server_connectivity_pause_unpause): 200 GET http://10.0.2.15:8774/v2.1/87ac1c1f2c2a4f1b808b048adedee836/servers/621726ee-8aea-4201-ad24-dc8ee272e881 0.346s
2015-12-19 23:47:49,795 21180 DEBUG    [tempest_lib.common.rest_client] Request - Headers: {'Content-Type': 'application/json', 'Accept': 'application/json', 'X-Auth-Token': '&lt;omitted&gt;'}
        Body: None
    Response - Headers: {'status': '200', 'content-length': '1662', 'content-location': 'http://10.0.2.15:8774/v2.1/87ac1c1f2c2a4f1b808b048adedee836/servers/621726ee-8aea-4201-ad24-dc8ee272e881', 'x-compute-request-id': 'req-6c07df60-d7a0-4f16-acc5-8e971a27960d', 'vary': 'X-OpenStack-Nova-API-Version', 'connection': 'close', 'x-openstack-nova-api-version': '2.1', 'date': 'Sat, 19 Dec 2015 23:47:49 GMT', 'content-type': 'application/json'}
        Body: {"server": {"status": "ACTIVE", "updated": "2015-12-19T23:47:49Z", "hostId": "1ac2f508d32e538ce37ead3e2c6045c4bc0fce663027460e9c6e80f2", "addresses": {"tempest-network-smoke--1183720146": [{"OS-EXT-IPS-MAC:mac_addr": "fa:16:3e:d5:79:72", "version": 4, "addr": "10.100.0.3", "OS-EXT-IPS:type": "fixed"}]}, "links": [{"href": "http://10.0.2.15:8774/v2.1/87ac1c1f2c2a4f1b808b048adedee836/servers/621726ee-8aea-4201-ad24-dc8ee272e881", "rel": "self"}, {"href": "http://10.0.2.15:8774/87ac1c1f2c2a4f1b808b048adedee836/servers/621726ee-8aea-4201-ad24-dc8ee272e881", "rel": "bookmark"}], "key_name": "tempest-TestNetworkAdvancedServerOps-427605675", "image": {"id": "4b4291a4-f9b2-4557-bb7d-9697467aba23", "links": [{"href": "http://10.0.2.15:8774/87ac1c1f2c2a4f1b808b048adedee836/images/4b4291a4-f9b2-4557-bb7d-9697467aba23", "rel": "bookmark"}]}, "OS-EXT-STS:task_state": null, "OS-EXT-STS:vm_state": "active", "OS-SRV-USG:launched_at": "2015-12-19T23:47:48.000000", "flavor": {"id": "42", "links": [{"href": "http://10.0.2.15:8774/87ac1c1f2c2a4f1b808b048adedee836/flavors/42", "rel": "bookmark"}]}, "id": "621726ee-8aea-4201-ad24-dc8ee272e881", "security_groups": [{"name": "tempest-secgroup-smoke-1601558721"}], "OS-SRV-USG:terminated_at": null, "OS-EXT-AZ:availability_zone": "nova", "user_id": "8198643a48b34c3bb5580c5bc1a2a90e", "name": "tempest.common.compute-instance-1601809215", "created": "2015-12-19T23:47:45Z", "tenant_id": "87ac1c1f2c2a4f1b808b048adedee836", "OS-DCF:diskConfig": "MANUAL", "os-extended-volumes:volumes_attached": [], "accessIPv4": "", "accessIPv6": "", "progress": 0, "OS-EXT-STS:power_state": 1, "config_drive": "True", "metadata": {}}}
2015-12-19 23:47:49,804 21180 INFO     [tempest.common.waiters] State transition "BUILD/spawning" ==&gt; "ACTIVE/None" after 4 second wait
2015-12-19 23:47:50,125 21180 INFO     [tempest_lib.common.rest_client] Request (TestNetworkAdvancedServerOps:test_server_connectivity_pause_unpause): 200 GET http://10.0.2.15:8774/v2.1/87ac1c1f2c2a4f1b808b048adedee836/servers/621726ee-8aea-4201-ad24-dc8ee272e881 0.321s
2015-12-19 23:47:50,125 21180 DEBUG    [tempest_lib.common.rest_client] Request - Headers: {'Content-Type': 'application/json', 'Accept': 'application/json', 'X-Auth-Token': '&lt;omitted&gt;'}
        Body: None
    Response - Headers: {'status': '200', 'content-length': '1662', 'content-location': 'http://10.0.2.15:8774/v2.1/87ac1c1f2c2a4f1b808b048adedee836/servers/621726ee-8aea-4201-ad24-dc8ee272e881', 'x-compute-request-id': 'req-7d36179b-f82a-4ef2-a397-d4dc48dcdcfe', 'vary': 'X-OpenStack-Nova-API-Version', 'connection': 'close', 'x-openstack-nova-api-version': '2.1', 'date': 'Sat, 19 Dec 2015 23:47:50 GMT', 'content-type': 'application/json'}
        Body: {"server": {"status": "ACTIVE", "updated": "2015-12-19T23:47:49Z", "hostId": "1ac2f508d32e538ce37ead3e2c6045c4bc0fce663027460e9c6e80f2", "addresses": {"tempest-network-smoke--1183720146": [{"OS-EXT-IPS-MAC:mac_addr": "fa:16:3e:d5:79:72", "version": 4, "addr": "10.100.0.3", "OS-EXT-IPS:type": "fixed"}]}, "links": [{"href": "http://10.0.2.15:8774/v2.1/87ac1c1f2c2a4f1b808b048adedee836/servers/621726ee-8aea-4201-ad24-dc8ee272e881", "rel": "self"}, {"href": "http://10.0.2.15:8774/87ac1c1f2c2a4f1b808b048adedee836/servers/621726ee-8aea-4201-ad24-dc8ee272e881", "rel": "bookmark"}], "key_name": "tempest-TestNetworkAdvancedServerOps-427605675", "image": {"id": "4b4291a4-f9b2-4557-bb7d-9697467aba23", "links": [{"href": "http://10.0.2.15:8774/87ac1c1f2c2a4f1b808b048adedee836/images/4b4291a4-f9b2-4557-bb7d-9697467aba23", "rel": "bookmark"}]}, "OS-EXT-STS:task_state": null, "OS-EXT-STS:vm_state": "active", "OS-SRV-USG:launched_at": "2015-12-19T23:47:48.000000", "flavor": {"id": "42", "links": [{"href": "http://10.0.2.15:8774/87ac1c1f2c2a4f1b808b048adedee836/flavors/42", "rel": "bookmark"}]}, "id": "621726ee-8aea-4201-ad24-dc8ee272e881", "security_groups": [{"name": "tempest-secgroup-smoke-1601558721"}], "OS-SRV-USG:terminated_at": null, "OS-EXT-AZ:availability_zone": "nova", "user_id": "8198643a48b34c3bb5580c5bc1a2a90e", "name": "tempest.common.compute-instance-1601809215", "created": "2015-12-19T23:47:45Z", "tenant_id": "87ac1c1f2c2a4f1b808b048adedee836", "OS-DCF:diskConfig": "MANUAL", "os-extended-volumes:volumes_attached": [], "accessIPv4": "", "accessIPv6": "", "progress": 0, "OS-EXT-STS:power_state": 1, "config_drive": "True", "metadata": {}}}
2015-12-19 23:47:50,274 21180 INFO     [tempest_lib.common.rest_client] Request (TestNetworkAdvancedServerOps:test_server_connectivity_pause_unpause): 200 GET http://10.0.2.15:9696/v2.0/ports?status=ACTIVE&amp;fixed_ip=None&amp;device_id=621726ee-8aea-4201-ad24-dc8ee272e881 0.139s
2015-12-19 23:47:50,275 21180 DEBUG    [tempest_lib.common.rest_client] Request - Headers: {'Content-Type': 'application/json', 'Accept': 'application/json', 'X-Auth-Token': '&lt;omitted&gt;'}
        Body: None
    Response - Headers: {'status': '200', 'content-length': '895', 'content-location': 'http://10.0.2.15:9696/v2.0/ports?status=ACTIVE&amp;fixed_ip=None&amp;device_id=621726ee-8aea-4201-ad24-dc8ee272e881', 'connection': 'close', 'date': 'Sat, 19 Dec 2015 23:47:50 GMT', 'content-type': 'application/json; charset=UTF-8', 'x-openstack-request-id': 'req-3f9fc06f-4103-44f0-927d-6107c29d4e18'}
        Body: {"ports": [{"status": "ACTIVE", "binding:host_id": "vagrant-ubuntu-trusty-64", "allowed_address_pairs": [], "extra_dhcp_opts": [], "dns_assignment": [{"hostname": "host-10-100-0-3", "ip_address": "10.100.0.3", "fqdn": "host-10-100-0-3.openstacklocal."}], "device_owner": "compute:None", "port_security_enabled": true, "binding:profile": {}, "fixed_ips": [{"subnet_id": "90380be2-a0c4-4c86-bc8d-8d609bdcd314", "ip_address": "10.100.0.3"}], "id": "1a133b82-5a48-4306-a696-081b44d46abe", "security_groups": ["456e1fdb-bfc5-4f69-bd59-69b1c0f60034"], "device_id": "621726ee-8aea-4201-ad24-dc8ee272e881", "name": "", "admin_state_up": true, "network_id": "97c113ad-171a-4950-b957-5e050850c8aa", "dns_name": "", "binding:vif_details": {"port_filter": true}, "binding:vnic_type": "normal", "binding:vif_type": "ovs", "tenant_id": "87ac1c1f2c2a4f1b808b048adedee836", "mac_address": "fa:16:3e:d5:79:72"}]}
2015-12-19 23:47:50,821 21180 INFO     [tempest_lib.common.rest_client] Request (TestNetworkAdvancedServerOps:test_server_connectivity_pause_unpause): 201 POST http://10.0.2.15:9696/v2.0/floatingips 0.545s
2015-12-19 23:47:50,821 21180 DEBUG    [tempest_lib.common.rest_client] Request - Headers: {'Content-Type': 'application/json', 'Accept': 'application/json', 'X-Auth-Token': '&lt;omitted&gt;'}
        Body: {"floatingip": {"floating_network_id": "3fcdfb0c-026d-4229-a575-c8adf7d42f7d", "tenant_id": "87ac1c1f2c2a4f1b808b048adedee836", "fixed_ip_address": "10.100.0.3", "port_id": "1a133b82-5a48-4306-a696-081b44d46abe"}}
    Response - Headers: {'status': '201', 'content-length': '367', 'connection': 'close', 'date': 'Sat, 19 Dec 2015 23:47:50 GMT', 'content-type': 'application/json; charset=UTF-8', 'x-openstack-request-id': 'req-fa2d5c43-e941-41d1-90b3-430bd66c19f8'}
        Body: {"floatingip": {"floating_network_id": "3fcdfb0c-026d-4229-a575-c8adf7d42f7d", "router_id": "00eca79b-b9be-45dd-ad10-ede40fc652e0", "fixed_ip_address": "10.100.0.3", "floating_ip_address": "172.24.4.4", "tenant_id": "87ac1c1f2c2a4f1b808b048adedee836", "status": "DOWN", "port_id": "1a133b82-5a48-4306-a696-081b44d46abe", "id": "2599b1b9-fc03-4ce0-a687-5f8be656c992"}}
2015-12-19 23:47:51,019 21180 INFO     [tempest_lib.common.rest_client] Request (TestNetworkAdvancedServerOps:test_server_connectivity_pause_unpause): 200 GET http://10.0.2.15:8774/v2.1/87ac1c1f2c2a4f1b808b048adedee836/servers/621726ee-8aea-4201-ad24-dc8ee272e881 0.196s
2015-12-19 23:47:51,019 21180 DEBUG    [tempest_lib.common.rest_client] Request - Headers: {'Content-Type': 'application/json', 'Accept': 'application/json', 'X-Auth-Token': '&lt;omitted&gt;'}
        Body: None
    Response - Headers: {'status': '200', 'content-length': '1662', 'content-location': 'http://10.0.2.15:8774/v2.1/87ac1c1f2c2a4f1b808b048adedee836/servers/621726ee-8aea-4201-ad24-dc8ee272e881', 'x-compute-request-id': 'req-0a57a6a0-6f70-44a5-a4b3-976f22f9dbd0', 'vary': 'X-OpenStack-Nova-API-Version', 'connection': 'close', 'x-openstack-nova-api-version': '2.1', 'date': 'Sat, 19 Dec 2015 23:47:51 GMT', 'content-type': 'application/json'}
        Body: {"server": {"status": "ACTIVE", "updated": "2015-12-19T23:47:49Z", "hostId": "1ac2f508d32e538ce37ead3e2c6045c4bc0fce663027460e9c6e80f2", "addresses": {"tempest-network-smoke--1183720146": [{"OS-EXT-IPS-MAC:mac_addr": "fa:16:3e:d5:79:72", "version": 4, "addr": "10.100.0.3", "OS-EXT-IPS:type": "fixed"}]}, "links": [{"href": "http://10.0.2.15:8774/v2.1/87ac1c1f2c2a4f1b808b048adedee836/servers/621726ee-8aea-4201-ad24-dc8ee272e881", "rel": "self"}, {"href": "http://10.0.2.15:8774/87ac1c1f2c2a4f1b808b048adedee836/servers/621726ee-8aea-4201-ad24-dc8ee272e881", "rel": "bookmark"}], "key_name": "tempest-TestNetworkAdvancedServerOps-427605675", "image": {"id": "4b4291a4-f9b2-4557-bb7d-9697467aba23", "links": [{"href": "http://10.0.2.15:8774/87ac1c1f2c2a4f1b808b048adedee836/images/4b4291a4-f9b2-4557-bb7d-9697467aba23", "rel": "bookmark"}]}, "OS-EXT-STS:task_state": null, "OS-EXT-STS:vm_state": "active", "OS-SRV-USG:launched_at": "2015-12-19T23:47:48.000000", "flavor": {"id": "42", "links": [{"href": "http://10.0.2.15:8774/87ac1c1f2c2a4f1b808b048adedee836/flavors/42", "rel": "bookmark"}]}, "id": "621726ee-8aea-4201-ad24-dc8ee272e881", "security_groups": [{"name": "tempest-secgroup-smoke-1601558721"}], "OS-SRV-USG:terminated_at": null, "OS-EXT-AZ:availability_zone": "nova", "user_id": "8198643a48b34c3bb5580c5bc1a2a90e", "name": "tempest.common.compute-instance-1601809215", "created": "2015-12-19T23:47:45Z", "tenant_id": "87ac1c1f2c2a4f1b808b048adedee836", "OS-DCF:diskConfig": "MANUAL", "os-extended-volumes:volumes_attached": [], "accessIPv4": "", "accessIPv6": "", "progress": 0, "OS-EXT-STS:power_state": 1, "config_drive": "True", "metadata": {}}}
2015-12-19 23:47:51,028 21180 INFO     [tempest.scenario.manager] Tenant networks not configured to be reachable.
2015-12-19 23:47:51,041 21180 INFO     [tempest_lib.common.rest_client] Request (TestNetworkAdvancedServerOps:test_server_connectivity_pause_unpause): 200 GET http://10.0.2.15:9696/v2.0/floatingips/2599b1b9-fc03-4ce0-a687-5f8be656c992 0.012s
2015-12-19 23:47:51,041 21180 DEBUG    [tempest_lib.common.rest_client] Request - Headers: {'Content-Type': 'application/json', 'Accept': 'application/json', 'X-Auth-Token': '&lt;omitted&gt;'}
        Body: None
    Response - Headers: {'status': '200', 'content-length': '367', 'content-location': 'http://10.0.2.15:9696/v2.0/floatingips/2599b1b9-fc03-4ce0-a687-5f8be656c992', 'connection': 'close', 'date': 'Sat, 19 Dec 2015 23:47:51 GMT', 'content-type': 'application/json; charset=UTF-8', 'x-openstack-request-id': 'req-c0d18b47-db06-4386-a2b7-b134e39c5745'}
        Body: {"floatingip": {"floating_network_id": "3fcdfb0c-026d-4229-a575-c8adf7d42f7d", "router_id": "00eca79b-b9be-45dd-ad10-ede40fc652e0", "fixed_ip_address": "10.100.0.3", "floating_ip_address": "172.24.4.4", "tenant_id": "87ac1c1f2c2a4f1b808b048adedee836", "status": "DOWN", "port_id": "1a133b82-5a48-4306-a696-081b44d46abe", "id": "2599b1b9-fc03-4ce0-a687-5f8be656c992"}}
2015-12-19 23:47:52,060 21180 INFO     [tempest_lib.common.rest_client] Request (TestNetworkAdvancedServerOps:test_server_connectivity_pause_unpause): 200 GET http://10.0.2.15:9696/v2.0/floatingips/2599b1b9-fc03-4ce0-a687-5f8be656c992 0.017s
2015-12-19 23:47:52,060 21180 DEBUG    [tempest_lib.common.rest_client] Request - Headers: {'Content-Type': 'application/json', 'Accept': 'application/json', 'X-Auth-Token': '&lt;omitted&gt;'}
        Body: None
    Response - Headers: {'status': '200', 'content-length': '369', 'content-location': 'http://10.0.2.15:9696/v2.0/floatingips/2599b1b9-fc03-4ce0-a687-5f8be656c992', 'connection': 'close', 'date': 'Sat, 19 Dec 2015 23:47:52 GMT', 'content-type': 'application/json; charset=UTF-8', 'x-openstack-request-id': 'req-efb0515e-98f2-42ee-82bc-828ba037834f'}
        Body: {"floatingip": {"floating_network_id": "3fcdfb0c-026d-4229-a575-c8adf7d42f7d", "router_id": "00eca79b-b9be-45dd-ad10-ede40fc652e0", "fixed_ip_address": "10.100.0.3", "floating_ip_address": "172.24.4.4", "tenant_id": "87ac1c1f2c2a4f1b808b048adedee836", "status": "ACTIVE", "port_id": "1a133b82-5a48-4306-a696-081b44d46abe", "id": "2599b1b9-fc03-4ce0-a687-5f8be656c992"}}
2015-12-19 23:47:52,061 21180 INFO     [tempest.scenario.manager] FloatingIP: &lt;"FloatingIP" addr="172.24.4.4" id="2599b1b9-fc03-4ce0-a687-5f8be656c992"&gt; is at status: ACTIVE
2015-12-19 23:47:52,061 21180 DEBUG    [tempest.scenario.manager] checking network connections to IP 172.24.4.4 with user: cirros
2015-12-19 23:47:52,062 21180 DEBUG    [tempest.scenario.manager] TestNetworkAdvancedServerOps:test_server_connectivity_pause_unpause begins to ping 172.24.4.4 in 120 sec and the expected result is reachable
2015-12-19 23:49:52,406 21180 DEBUG    [tempest.scenario.manager] TestNetworkAdvancedServerOps:test_server_connectivity_pause_unpause finishes ping 172.24.4.4 in 120 sec and the ping result is unexpected
2015-12-19 23:49:52,407 21180 ERROR    [tempest.scenario.manager] Public network connectivity check failed
2015-12-19 23:49:52.407 21180 ERROR tempest.scenario.manager Traceback (most recent call last):
2015-12-19 23:49:52.407 21180 ERROR tempest.scenario.manager   File "tempest/scenario/manager.py", line 608, in check_public_network_connectivity
2015-12-19 23:49:52.407 21180 ERROR tempest.scenario.manager     should_connect=should_connect)
2015-12-19 23:49:52.407 21180 ERROR tempest.scenario.manager   File "tempest/scenario/manager.py", line 592, in check_vm_connectivity
2015-12-19 23:49:52.407 21180 ERROR tempest.scenario.manager     msg=msg)
2015-12-19 23:49:52.407 21180 ERROR tempest.scenario.manager   File "/usr/local/lib/python2.7/dist-packages/unittest2/case.py", line 702, in assertTrue
2015-12-19 23:49:52.407 21180 ERROR tempest.scenario.manager     raise self.failureException(msg)
2015-12-19 23:49:52.407 21180 ERROR tempest.scenario.manager AssertionError: False is not true : Timed out waiting for 172.24.4.4 to become reachable
2015-12-19 23:49:52.407 21180 ERROR tempest.scenario.manager 
2015-12-19 23:49:52,635 21180 INFO     [tempest_lib.common.rest_client] Request (TestNetworkAdvancedServerOps:test_server_connectivity_pause_unpause): 200 POST http://10.0.2.15:8774/v2.1/87ac1c1f2c2a4f1b808b048adedee836/servers/621726ee-8aea-4201-ad24-dc8ee272e881/action 0.224s
2015-12-19 23:49:52,636 21180 DEBUG    [tempest_lib.common.rest_client] Request - Headers: {'Content-Type': 'application/json', 'Accept': 'application/json', 'X-Auth-Token': '&lt;omitted&gt;'}
        Body: {"os-getConsoleOutput": {}}
    Response - Headers: {'status': '200', 'content-length': '17429', 'x-compute-request-id': 'req-3fe4e338-5154-4bb4-a6af-ec76ed612beb', 'vary': 'X-OpenStack-Nova-API-Version', 'connection': 'close', 'x-openstack-nova-api-version': '2.1', 'date': 'Sat, 19 Dec 2015 23:49:52 GMT', 'content-type': 'application/json'}
        Body: {"output": "[    0.000000] Initializing cgroup subsys cpuset\n[    0.000000] Initializing cgroup subsys cpu\n[    0.000000] Linux version 3.2.0-80-virtual (buildd@batsu) (gcc version 4.6.3 (Ubuntu/Linaro 4.6.3-1ubuntu5) ) #116-Ubuntu SMP Mon Mar 23 17:28:52 UTC 2015 (Ubuntu 3.2.0-80.116-virtual 3.2.68)\n[    0.000000] Command line: root=/dev/vda console=tty0 console=ttyS0 no_timer_check\n[    0.000000] KERNEL supported cpus:\n[    0.000000]   Intel GenuineIntel\n[    0.000000]   AMD AuthenticAMD\n[    0.000000]   Centaur CentaurHauls\n[    0.000000] BIOS-provided physical RAM map:\n[    0.000000]  BIOS-e820: 0000000000000000 - 000000000009fc00 (usable)\n[    0.000000]  BIOS-e820: 000000000009fc00 - 00000000000a0000 (reserved)\n[    0.000000]  BIOS-e820: 00000000000f0000 - 0000000000100000 (reserved)\n[    0.000000]  BIOS-e820: 0000000000100000 - 0000000003ffe000 (usable)\n[    0.000000]  BIOS-e820: 0000000003ffe000 - 0000000004000000 (reserved)\n[    0.000000]  BIOS-e820: 00000000fffc0000 - 0000000100000000 (reserved)\n[    0.000000] NX (Execute Disable) protection: active\n[    0.000000] SMBIOS 2.4 present.\n[    0.000000] No AGP bridge found\n[    0.000000] last_pfn = 0x3ffe max_arch_pfn = 0x400000000\n[    0.000000] x86 PAT enabled: cpu 0, old 0x7040600070406, new 0x7010600070106\n[    0.000000] found SMP MP-table at [ffff8800000f0b00] f0b00\n[    0.000000] init_memory_mapping: 0000000000000000-0000000003ffe000\n[    0.000000] RAMDISK: 03c5e000 - 03ff0000\n[    0.000000] ACPI: RSDP 00000000000f0950 00014 (v00 BOCHS )\n[    0.000000] ACPI: RSDT 0000000003fffbc1 00034 (v01 BOCHS  BXPCRSDT 00000001 BXPC 00000001)\n[    0.000000] ACPI: FACP 0000000003fff1c0 00074 (v01 BOCHS  BXPCFACP 00000001 BXPC 00000001)\n[    0.000000] ACPI: DSDT 0000000003ffe040 01180 (v01 BOCHS  BXPCDSDT 00000001 BXPC 00000001)\n[    0.000000] ACPI: FACS 0000000003ffe000 00040\n[    0.000000] ACPI: SSDT 0000000003fff234 008DD (v01 BOCHS  BXPCSSDT 00000001 BXPC 00000001)\n[    0.000000] ACPI: APIC 0000000003fffb11 00078 (v01 BOCHS  BXPCAPIC 00000001 BXPC 00000001)\n[    0.000000] ACPI: HPET 0000000003fffb89 00038 (v01 BOCHS  BXPCHPET 00000001 BXPC 00000001)\n[    0.000000] No NUMA configuration found\n[    0.000000] Faking a node at 0000000000000000-0000000003ffe000\n[    0.000000] Initmem setup node 0 0000000000000000-0000000003ffe000\n[    0.000000]   NODE_DATA [0000000003ff6000 - 0000000003ffafff]\n[    0.000000] Zone PFN ranges:\n[    0.000000]   DMA      0x00000010 -&gt; 0x00001000\n[    0.000000]   DMA32    0x00001000 -&gt; 0x00100000\n[    0.000000]   Normal   empty\n[    0.000000] Movable zone start PFN for each node\n[    0.000000] early_node_map[2] active PFN ranges\n[    0.000000]     0: 0x00000010 -&gt; 0x0000009f\n[    0.000000]     0: 0x00000100 -&gt; 0x00003ffe\n[    0.000000] ACPI: PM-Timer IO Port: 0xb008\n[    0.000000] ACPI: LAPIC (acpi_id[0x00] lapic_id[0x00] enabled)\n[    0.000000] ACPI: LAPIC_NMI (acpi_id[0xff] dfl dfl lint[0x1])\n[    0.000000] ACPI: IOAPIC (id[0x00] address[0xfec00000] gsi_base[0])\n[    0.000000] IOAPIC[0]: apic_id 0, version 17, address 0xfec00000, GSI 0-23\n[    0.000000] ACPI: INT_SRC_OVR (bus 0 bus_irq 0 global_irq 2 dfl dfl)\n[    0.000000] ACPI: INT_SRC_OVR (bus 0 bus_irq 5 global_irq 5 high level)\n[    0.000000] ACPI: INT_SRC_OVR (bus 0 bus_irq 9 global_irq 9 high level)\n[    0.000000] ACPI: INT_SRC_OVR (bus 0 bus_irq 10 global_irq 10 high level)\n[    0.000000] ACPI: INT_SRC_OVR (bus 0 bus_irq 11 global_irq 11 high level)\n[    0.000000] Using ACPI (MADT) for SMP configuration information\n[    0.000000] ACPI: HPET id: 0x8086a201 base: 0xfed00000\n[    0.000000] SMP: Allowing 1 CPUs, 0 hotplug CPUs\n[    0.000000] PM: Registered nosave memory: 000000000009f000 - 00000000000a0000\n[    0.000000] PM: Registered nosave memory: 00000000000a0000 - 00000000000f0000\n[    0.000000] PM: Registered nosave memory: 00000000000f0000 - 0000000000100000\n[    0.000000] Allocating PCI resources starting at 4000000 (gap: 4000000:fbfc0000)\n[    0.000000] Booting paravirtualized kernel on bare hardware\n[    0.000000] setup_pe
2015-12-19 23:49:52,639 21180 DEBUG    [tempest.scenario.manager] Console output for 621726ee-8aea-4201-ad24-dc8ee272e881
body=
[    0.000000] Initializing cgroup subsys cpuset
[    0.000000] Initializing cgroup subsys cpu
[    0.000000] Linux version 3.2.0-80-virtual (buildd@batsu) (gcc version 4.6.3 (Ubuntu/Linaro 4.6.3-1ubuntu5) ) #116-Ubuntu SMP Mon Mar 23 17:28:52 UTC 2015 (Ubuntu 3.2.0-80.116-virtual 3.2.68)
[    0.000000] Command line: root=/dev/vda console=tty0 console=ttyS0 no_timer_check
[    0.000000] KERNEL supported cpus:
[    0.000000]   Intel GenuineIntel
[    0.000000]   AMD AuthenticAMD
[    0.000000]   Centaur CentaurHauls
[    0.000000] BIOS-provided physical RAM map:
[    0.000000]  BIOS-e820: 0000000000000000 - 000000000009fc00 (usable)
[    0.000000]  BIOS-e820: 000000000009fc00 - 00000000000a0000 (reserved)
[    0.000000]  BIOS-e820: 00000000000f0000 - 0000000000100000 (reserved)
[    0.000000]  BIOS-e820: 0000000000100000 - 0000000003ffe000 (usable)
[    0.000000]  BIOS-e820: 0000000003ffe000 - 0000000004000000 (reserved)
[    0.000000]  BIOS-e820: 00000000fffc0000 - 0000000100000000 (reserved)
[    0.000000] NX (Execute Disable) protection: active
[    0.000000] SMBIOS 2.4 present.
[    0.000000] No AGP bridge found
[    0.000000] last_pfn = 0x3ffe max_arch_pfn = 0x400000000
[    0.000000] x86 PAT enabled: cpu 0, old 0x7040600070406, new 0x7010600070106
[    0.000000] found SMP MP-table at [ffff8800000f0b00] f0b00
[    0.000000] init_memory_mapping: 0000000000000000-0000000003ffe000
[    0.000000] RAMDISK: 03c5e000 - 03ff0000
[    0.000000] ACPI: RSDP 00000000000f0950 00014 (v00 BOCHS )
[    0.000000] ACPI: RSDT 0000000003fffbc1 00034 (v01 BOCHS  BXPCRSDT 00000001 BXPC 00000001)
[    0.000000] ACPI: FACP 0000000003fff1c0 00074 (v01 BOCHS  BXPCFACP 00000001 BXPC 00000001)
[    0.000000] ACPI: DSDT 0000000003ffe040 01180 (v01 BOCHS  BXPCDSDT 00000001 BXPC 00000001)
[    0.000000] ACPI: FACS 0000000003ffe000 00040
[    0.000000] ACPI: SSDT 0000000003fff234 008DD (v01 BOCHS  BXPCSSDT 00000001 BXPC 00000001)
[    0.000000] ACPI: APIC 0000000003fffb11 00078 (v01 BOCHS  BXPCAPIC 00000001 BXPC 00000001)
[    0.000000] ACPI: HPET 0000000003fffb89 00038 (v01 BOCHS  BXPCHPET 00000001 BXPC 00000001)
[    0.000000] No NUMA configuration found
[    0.000000] Faking a node at 0000000000000000-0000000003ffe000
[    0.000000] Initmem setup node 0 0000000000000000-0000000003ffe000
[    0.000000]   NODE_DATA [0000000003ff6000 - 0000000003ffafff]
[    0.000000] Zone PFN ranges:
[    0.000000]   DMA      0x00000010 -&gt; 0x00001000
[    0.000000]   DMA32    0x00001000 -&gt; 0x00100000
[    0.000000]   Normal   empty
[    0.000000] Movable zone start PFN for each node
[    0.000000] early_node_map[2] active PFN ranges
[    0.000000]     0: 0x00000010 -&gt; 0x0000009f
[    0.000000]     0: 0x00000100 -&gt; 0x00003ffe
[    0.000000] ACPI: PM-Timer IO Port: 0xb008
[    0.000000] ACPI: LAPIC (acpi_id[0x00] lapic_id[0x00] enabled)
[    0.000000] ACPI: LAPIC_NMI (acpi_id[0xff] dfl dfl lint[0x1])
[    0.000000] ACPI: IOAPIC (id[0x00] address[0xfec00000] gsi_base[0])
[    0.000000] IOAPIC[0]: apic_id 0, version 17, address 0xfec00000, GSI 0-23
[    0.000000] ACPI: INT_SRC_OVR (bus 0 bus_irq 0 global_irq 2 dfl dfl)
[    0.000000] ACPI: INT_SRC_OVR (bus 0 bus_irq 5 global_irq 5 high level)
[    0.000000] ACPI: INT_SRC_OVR (bus 0 bus_irq 9 global_irq 9 high level)
[    0.000000] ACPI: INT_SRC_OVR (bus 0 bus_irq 10 global_irq 10 high level)
[    0.000000] ACPI: INT_SRC_OVR (bus 0 bus_irq 11 global_irq 11 high level)
[    0.000000] Using ACPI (MADT) for SMP configuration information
[    0.000000] ACPI: HPET id: 0x8086a201 base: 0xfed00000
[    0.000000] SMP: Allowing 1 CPUs, 0 hotplug CPUs
[    0.000000] PM: Registered nosave memory: 000000000009f000 - 00000000000a0000
[    0.000000] PM: Registered nosave memory: 00000000000a0000 - 00000000000f0000
[    0.000000] PM: Registered nosave memory: 00000000000f0000 - 0000000000100000
[    0.000000] Allocating PCI resources starting at 4000000 (gap: 4000000:fbfc0000)
[    0.000000] Booting paravirtualized kernel on bare hardware
[    0.000000] setup_percpu: NR_CPUS:64 nr_cpumask_bits:64 nr_cpu_ids:1 nr_node_ids:1
[    0.000000] PERCPU: Embedded 27 pages/cpu @ffff880003a00000 s78848 r8192 d23552 u2097152
[    0.000000] Built 1 zonelists in Node order, mobility grouping on.  Total pages: 16008
[    0.000000] Policy zone: DMA32
[    0.000000] Kernel command line: root=/dev/vda console=tty0 console=ttyS0 no_timer_check
[    0.000000] PID hash table entries: 256 (order: -1, 2048 bytes)
[    0.000000] Checking aperture...
[    0.000000] No AGP bridge found
[    0.000000] Memory: 43492k/65528k available (6576k kernel code, 452k absent, 21584k reserved, 6620k data, 928k init)
[    0.000000] SLUB: Genslabs=15, HWalign=64, Order=0-3, MinObjects=0, CPUs=1, Nodes=1
[    0.000000] Hierarchical RCU implementation.
[    0.000000] 	RCU dyntick-idle grace-period acceleration is enabled.
[    0.000000] NR_IRQS:4352 nr_irqs:256 16
[    0.000000] Console: colour VGA+ 80x25
[    0.000000] console [tty0] enabled
[    0.000000] console [ttyS0] enabled
[    0.000000] allocated 1048576 bytes of page_cgroup
[    0.000000] please try 'cgroup_disable=memory' option if you don't want memory cgroups
[    0.000000] Fast TSC calibration failed
[    0.000000] TSC: Unable to calibrate against PIT
[    0.000000] TSC: using HPET reference calibration
[    0.000000] Detected 2293.806 MHz processor.
[    0.041250] Calibrating delay loop (skipped), value calculated using timer frequency.. 4587.61 BogoMIPS (lpj=9175224)
[    0.044375] pid_max: default: 32768 minimum: 301
[    0.056128] Security Framework initialized
[    0.064682] AppArmor: AppArmor initialized
[    0.065888] Yama: becoming mindful.
[    0.078714] Dentry cache hash table entries: 8192 (order: 4, 65536 bytes)
[    0.081175] Inode-cache hash table entries: 4096 (order: 3, 32768 bytes)
[    0.084004] Mount-cache hash table entries: 256
[    0.104964] Initializing cgroup subsys cpuacct
[    0.106255] Initializing cgroup subsys memory
[    0.108658] Initializing cgroup subsys devices
[    0.109457] Initializing cgroup subsys freezer
[    0.110147] Initializing cgroup subsys blkio
[    0.110823] Initializing cgroup subsys perf_event
[    0.116757] mce: CPU supports 10 MCE banks
[    0.120860] SMP alternatives: switching to UP code
[    0.525641] Freeing SMP alternatives: 24k freed
[    0.527224] ACPI: Core revision 20110623
[    0.574850] ftrace: allocating 26610 entries in 105 pages
[    0.603207] ..TIMER: vector=0x30 apic1=0 pin1=2 apic2=-1 pin2=-1
[    0.604169] CPU0: AMD QEMU Virtual CPU version 2.0.0 stepping 03
[    0.612037] Performance Events: Broken PMU hardware detected, using software events only.
[    0.621302] NMI watchdog disabled (cpu0): hardware events not enabled
[    0.622908] Brought up 1 CPUs
[    0.624321] Total of 1 processors activated (4587.61 BogoMIPS).
[    0.650374] devtmpfs: initialized
[    0.686585] EVM: security.selinux
[    0.687172] EVM: security.SMACK64
[    0.688087] EVM: security.capability
[    0.713550] print_constraints: dummy: 
[    0.715229] RTC time: 23:47:52, date: 12/19/15
[    0.717842] NET: Registered protocol family 16
[    0.725700] ACPI: bus type pci registered
[    0.729984] PCI: Using configuration type 1 for base access
[    0.758414] bio: create slab &lt;bio-0&gt; at 0
[    0.763018] ACPI: Added _OSI(Module Device)
[    0.764436] ACPI: Added _OSI(Processor Device)
[    0.765015] ACPI: Added _OSI(3.0 _SCP Extensions)
[    0.765619] ACPI: Added _OSI(Processor Aggregator Device)
[    0.839410] ACPI: Interpreter enabled
[    0.840219] ACPI: (supports S0 S3 S4 S5)
[    0.842682] ACPI: Using IOAPIC for interrupt routing
[    0.915118] ACPI: No dock devices found.
[    0.916202] HEST: Table not found.
[    0.916883] PCI: Using host bridge windows from ACPI; if necessary, use "pci=nocrs" and report a bug
[    0.924057] ACPI: PCI Root Bridge [PCI0] (domain 0000 [bus 00-ff])
[    0.932639] pci_root PNP0A03:00: host bridge window [io  0x0000-0x0cf7]
[    0.934961] pci_root PNP0A03:00: host bridge window [io  0x0d00-0xadff]
[    0.936198] pci_root PNP0A03:00: host bridge window [io  0xae0f-0xaeff]
[    0.937581] pci_root PNP0A03:00: host bridge window [io  0xaf20-0xafdf]
[    0.938702] pci_root PNP0A03:00: host bridge window [io  0xafe4-0xffff]
[    0.940478] pci_root PNP0A03:00: host bridge window [mem 0x000a0000-0x000bffff]
[    0.941406] pci_root PNP0A03:00: host bridge window [mem 0x04000000-0xfebfffff]
[    0.962955] pci 0000:00:01.3: quirk: [io  0xb000-0xb03f] claimed by PIIX4 ACPI
[    0.964193] pci 0000:00:01.3: quirk: [io  0xb100-0xb10f] claimed by PIIX4 SMB
[    1.041700]  pci0000:00: Unable to request _OSC control (_OSC support mask: 0x1e)
[    1.094213] ACPI: PCI Interrupt Link [LNKA] (IRQs 5 *10 11)
[    1.096914] ACPI: PCI Interrupt Link [LNKB] (IRQs 5 *10 11)
[    1.098607] ACPI: PCI Interrupt Link [LNKC] (IRQs 5 10 *11)
[    1.100956] ACPI: PCI Interrupt Link [LNKD] (IRQs 5 10 *11)
[    1.102333] ACPI: PCI Interrupt Link [LNKS] (IRQs *9)
[    1.109130] vgaarb: device added: PCI:0000:00:02.0,decodes=io+mem,owns=io+mem,locks=none
[    1.109890] vgaarb: loaded
[    1.110291] vgaarb: bridge control possible 0000:00:02.0
[    1.114576] i2c-core: driver [aat2870] using legacy suspend method
[    1.115271] i2c-core: driver [aat2870] using legacy resume method
[    1.117773] SCSI subsystem initialized
[    1.121852] usbcore: registered new interface driver usbfs
[    1.122985] usbcore: registered new interface driver hub
[    1.124722] usbcore: registered new device driver usb
[    1.129633] PCI: Using ACPI for IRQ routing
[    1.141061] NetLabel: Initializing
[    1.141491] NetLabel:  domain hash size = 128
[    1.141966] NetLabel:  protocols = UNLABELED CIPSOv4
[    1.144287] NetLabel:  unlabeled traffic allowed by default
[    1.146871] HPET: 3 timers in total, 0 timers will be used for per-cpu timer
[    1.148505] hpet0: at MMIO 0xfed00000, IRQs 2, 8, 0
[    1.149350] hpet0: 3 comparators, 64-bit 100.000000 MHz counter
[    1.162700] Switching to clocksource hpet
[    1.410568] AppArmor: AppArmor Filesystem Enabled
[    1.412087] pnp: PnP ACPI init
[    1.413699] ACPI: bus type pnp registered
[    1.433330] pnp: PnP ACPI: found 9 devices
[    1.433904] ACPI: ACPI bus type pnp unregistered
[    1.486976] NET: Registered protocol family 2
[    1.519843] IP route cache hash table entries: 512 (order: 0, 4096 bytes)
[    1.538690] TCP established hash table entries: 2048 (order: 3, 32768 bytes)
[    1.540077] TCP bind hash table entries: 2048 (order: 3, 32768 bytes)
[    1.542054] TCP: Hash tables configured (established 2048 bind 2048)
[    1.542845] TCP reno registered
[    1.543422] UDP hash table entries: 128 (order: 0, 4096 bytes)
[    1.545050] UDP-Lite hash table entries: 128 (order: 0, 4096 bytes)
[    1.547536] NET: Registered protocol family 1
[    1.549329] pci 0000:00:00.0: Limiting direct PCI/PCI transfers
[    1.550014] pci 0000:00:01.0: PIIX3: Enabling Passive Release
[    1.550931] pci 0000:00:01.0: Activating ISA DMA hang workarounds
[    1.557358] ACPI: PCI Interrupt Link [LNKD] enabled at IRQ 11
[    1.558491] pci 0000:00:01.2: PCI INT D -&gt; Link[LNKD] -&gt; GSI 11 (level, high) -&gt; IRQ 11
[    1.561452] pci 0000:00:01.2: PCI INT D disabled
[    1.593913] Trying to unpack rootfs image as initramfs...
[    1.611218] audit: initializing netlink socket (disabled)
[    1.613456] type=2000 audit(1450568872.612:1): initialized
[    1.851929] HugeTLB registered 2 MB page size, pre-allocated 0 pages
[    1.928004] VFS: Disk quotas dquot_6.5.2
[    1.931040] Dquot-cache hash table entries: 512 (order 0, 4096 bytes)
[    1.951113] fuse init (API version 7.17)
[    1.954821] msgmni has been set to 84
[    1.995652] Block layer SCSI generic (bsg) driver version 0.4 loaded (major 253)
[    1.998950] io scheduler noop registered
[    1.999413] io scheduler deadline registered (default)
[    2.001322] io scheduler cfq registered
[    2.005084] pci_hotplug: PCI Hot Plug PCI Core version: 0.5
[    2.006716] pciehp: PCI Express Hot Plug Controller Driver version: 0.4
[    2.013457] input: Power Button as /devices/LNXSYSTM:00/LNXPWRBN:00/input/input0
[    2.015650] ACPI: Power Button [PWRF]
[    2.065866] ERST: Table is not found!
[    2.066354] GHES: HEST is not enabled!
[    2.078288] ACPI: PCI Interrupt Link [LNKC] enabled at IRQ 10
[    2.079039] virtio-pci 0000:00:03.0: PCI INT A -&gt; Link[LNKC] -&gt; GSI 10 (level, high) -&gt; IRQ 10
[    2.082670] virtio-pci 0000:00:04.0: PCI INT A -&gt; Link[LNKD] -&gt; GSI 11 (level, high) -&gt; IRQ 11
[    2.098513] ACPI: PCI Interrupt Link [LNKA] enabled at IRQ 10
[    2.099321] virtio-pci 0000:00:05.0: PCI INT A -&gt; Link[LNKA] -&gt; GSI 10 (level, high) -&gt; IRQ 10
[    2.109759] Serial: 8250/16550 driver, 32 ports, IRQ sharing enabled
[    2.153653] serial8250: ttyS0 at I/O 0x3f8 (irq = 4) is a 16550A
[    2.242344] serial8250: ttyS1 at I/O 0x2f8 (irq = 3) is a 16550A
[    2.368770] 00:05: ttyS0 at I/O 0x3f8 (irq = 4) is a 16550A
[    2.457305] 00:06: ttyS1 at I/O 0x2f8 (irq = 3) is a 16550A
[    2.503248] Linux agpgart interface v0.103
[    2.569863] Refined TSC clocksource calibration: 2294.404 MHz.
[    2.570707] Switching to clocksource tsc
[    2.586227] brd: module loaded
[    2.618232] loop: module loaded
[    2.674516]  vda: unknown partition table
[    2.725467] scsi0 : ata_piix
[    2.735069] scsi1 : ata_piix
[    2.737113] ata1: PATA max MWDMA2 cmd 0x1f0 ctl 0x3f6 bmdma 0xc0a0 irq 14
[    2.737945] ata2: PATA max MWDMA2 cmd 0x170 ctl 0x376 bmdma 0xc0a8 irq 15
[    2.747442] Fixed MDIO Bus: probed
[    2.749018] tun: Universal TUN/TAP device driver, 1.6
[    2.749579] tun: (C) 1999-2004 Max Krasnyansky &lt;maxk@qualcomm.com&gt;
[    2.769841] PPP generic driver version 2.4.2
[    2.799980] ehci_hcd: USB 2.0 'Enhanced' Host Controller (EHCI) Driver
[    2.803091] ohci_hcd: USB 1.1 'Open' Host Controller (OHCI) Driver
[    2.804087] uhci_hcd: USB Universal Host Controller Interface driver
[    2.806068] uhci_hcd 0000:00:01.2: PCI INT D -&gt; Link[LNKD] -&gt; GSI 11 (level, high) -&gt; IRQ 11
[    2.809418] uhci_hcd 0000:00:01.2: UHCI Host Controller
[    2.818740] uhci_hcd 0000:00:01.2: new USB bus registered, assigned bus number 1
[    2.821106] uhci_hcd 0000:00:01.2: irq 11, io base 0x0000c040
[    2.860121] hub 1-0:1.0: USB hub found
[    2.863168] hub 1-0:1.0: 2 ports detected
[    2.874061] usbcore: registered new interface driver libusual
[    2.882737] i8042: PNP: PS/2 Controller [PNP0303:KBD,PNP0f13:MOU] at 0x60,0x64 irq 1,12
[    2.896041] serio: i8042 KBD port at 0x60,0x64 irq 1
[    2.898768] serio: i8042 AUX port at 0x60,0x64 irq 12
[    2.970971] ata2.01: ATAPI: QEMU DVD-ROM, 2.0.0, max UDMA/100
[    2.990344] mousedev: PS/2 mouse device common for all mice
[    3.004992] input: AT Translated Set 2 keyboard as /devices/platform/i8042/serio0/input/input1
[    3.012030] rtc_cmos 00:01: RTC can wake from S4
[    3.022731] rtc_cmos 00:01: rtc core: registered rtc_cmos as rtc0
[    3.028880] rtc0: alarms up to one day, 114 bytes nvram, hpet irqs
[    3.037693] device-mapper: uevent: version 1.0.3
[    3.054150] ata2.01: configured for MWDMA2
[    3.094133] device-mapper: ioctl: 4.22.0-ioctl (2011-10-19) initialised: dm-devel@redhat.com
[    3.096715] cpuidle: using governor ladder
[    3.097845] cpuidle: using governor menu
[    3.098359] EFI Variables Facility v0.08 2004-May-17
[    3.106604] TCP cubic registered
[    3.111273] NET: Registered protocol family 10
[    3.142715] NET: Registered protocol family 17
[    3.143891] Registering the dns_resolver key type
[    3.159949] scsi 1:0:1:0: CD-ROM            QEMU     QEMU DVD-ROM     2.0. PQ: 0 ANSI: 5
[    3.197396] sr0: scsi3-mmc drive: 4x/4x cd/rw xa/form2 tray
[    3.199205] cdrom: Uniform CD-ROM driver Revision: 3.20
[    3.226523] sr 1:0:1:0: Attached scsi generic sg0 type 5
[    3.287039] registered taskstats version 1
[    3.439560] Freeing initrd memory: 3656k freed
[    3.920066]   Magic number: 11:143:808
[    3.926889] rtc_cmos 00:01: setting system clock to 2015-12-19 23:47:55 UTC (1450568875)
[    3.928033] powernow-k8: Processor cpuid 663 not supported
[    3.931826] BIOS EDD facility v0.16 2004-Jun-25, 0 devices found
[    3.932907] EDD information not available.
[    3.977626] Freeing unused kernel memory: 928k freed
[    3.981369] Write protecting the kernel read-only data: 12288k
[    4.062034] Freeing unused kernel memory: 1596k freed
[    4.123325] Freeing unused kernel memory: 1184k freed

info: initramfs: up at 4.30
modprobe: module virtio_blk not found in modules.dep
modprobe: module virtio_net not found in modules.dep
info: copying initramfs to /dev/vda
info: initramfs loading root from /dev/vda
info: /etc/init.d/rc.sysinit: up at 9.08
info: container: none
Starting logging: OK
modprobe: module virtio_blk not found in modules.dep
modprobe: module virtio_net not found in modules.dep
WARN: /etc/rc3.d/S10-load-modules failed
Initializing random number generator... done.
Starting acpid: OK
cirros-ds 'local' up at 11.61
found datasource (configdrive, local)
Starting network...
udhcpc (v1.20.1) started
Sending discover...
Sending discover...

2015-12-19 23:49:53,020 21180 INFO     [tempest_lib.common.rest_client] Request (TestNetworkAdvancedServerOps:_run_cleanups): 204 DELETE http://10.0.2.15:9696/v2.0/floatingips/2599b1b9-fc03-4ce0-a687-5f8be656c992 0.373s
2015-12-19 23:49:53,020 21180 DEBUG    [tempest_lib.common.rest_client] Request - Headers: {'Content-Type': 'application/json', 'Accept': 'application/json', 'X-Auth-Token': '&lt;omitted&gt;'}
        Body: None
    Response - Headers: {'date': 'Sat, 19 Dec 2015 23:49:53 GMT', 'status': '204', 'connection': 'close', 'content-length': '0', 'x-openstack-request-id': 'req-b73ebcea-682e-441b-bd46-904ba3e5183c'}
        Body: 
2015-12-19 23:49:53,240 21180 INFO     [tempest_lib.common.rest_client] Request (TestNetworkAdvancedServerOps:_run_cleanups): 204 DELETE http://10.0.2.15:8774/v2.1/87ac1c1f2c2a4f1b808b048adedee836/servers/621726ee-8aea-4201-ad24-dc8ee272e881 0.219s
2015-12-19 23:49:53,241 21180 DEBUG    [tempest_lib.common.rest_client] Request - Headers: {'Content-Type': 'application/json', 'Accept': 'application/json', 'X-Auth-Token': '&lt;omitted&gt;'}
        Body: None
    Response - Headers: {'status': '204', 'content-length': '0', 'x-compute-request-id': 'req-69b7f759-3290-4c77-bf86-6174c511464a', 'vary': 'X-OpenStack-Nova-API-Version', 'connection': 'close', 'x-openstack-nova-api-version': '2.1', 'date': 'Sat, 19 Dec 2015 23:49:53 GMT', 'content-type': 'application/json'}
        Body: 
2015-12-19 23:49:53,473 21180 INFO     [tempest_lib.common.rest_client] Request (TestNetworkAdvancedServerOps:_run_cleanups): 200 GET http://10.0.2.15:8774/v2.1/87ac1c1f2c2a4f1b808b048adedee836/servers/621726ee-8aea-4201-ad24-dc8ee272e881 0.231s
2015-12-19 23:49:53,474 21180 DEBUG    [tempest_lib.common.rest_client] Request - Headers: {'Content-Type': 'application/json', 'Accept': 'application/json', 'X-Auth-Token': '&lt;omitted&gt;'}
        Body: None
    Response - Headers: {'status': '200', 'content-length': '1785', 'content-location': 'http://10.0.2.15:8774/v2.1/87ac1c1f2c2a4f1b808b048adedee836/servers/621726ee-8aea-4201-ad24-dc8ee272e881', 'x-compute-request-id': 'req-3f9af364-2359-4c72-bca9-ea0eabc1d746', 'vary': 'X-OpenStack-Nova-API-Version', 'connection': 'close', 'x-openstack-nova-api-version': '2.1', 'date': 'Sat, 19 Dec 2015 23:49:53 GMT', 'content-type': 'application/json'}
        Body: {"server": {"status": "ACTIVE", "updated": "2015-12-19T23:49:53Z", "hostId": "1ac2f508d32e538ce37ead3e2c6045c4bc0fce663027460e9c6e80f2", "addresses": {"tempest-network-smoke--1183720146": [{"OS-EXT-IPS-MAC:mac_addr": "fa:16:3e:d5:79:72", "version": 4, "addr": "10.100.0.3", "OS-EXT-IPS:type": "fixed"}, {"OS-EXT-IPS-MAC:mac_addr": "fa:16:3e:d5:79:72", "version": 4, "addr": "172.24.4.4", "OS-EXT-IPS:type": "floating"}]}, "links": [{"href": "http://10.0.2.15:8774/v2.1/87ac1c1f2c2a4f1b808b048adedee836/servers/621726ee-8aea-4201-ad24-dc8ee272e881", "rel": "self"}, {"href": "http://10.0.2.15:8774/87ac1c1f2c2a4f1b808b048adedee836/servers/621726ee-8aea-4201-ad24-dc8ee272e881", "rel": "bookmark"}], "key_name": "tempest-TestNetworkAdvancedServerOps-427605675", "image": {"id": "4b4291a4-f9b2-4557-bb7d-9697467aba23", "links": [{"href": "http://10.0.2.15:8774/87ac1c1f2c2a4f1b808b048adedee836/images/4b4291a4-f9b2-4557-bb7d-9697467aba23", "rel": "bookmark"}]}, "OS-EXT-STS:task_state": "deleting", "OS-EXT-STS:vm_state": "active", "OS-SRV-USG:launched_at": "2015-12-19T23:47:48.000000", "flavor": {"id": "42", "links": [{"href": "http://10.0.2.15:8774/87ac1c1f2c2a4f1b808b048adedee836/flavors/42", "rel": "bookmark"}]}, "id": "621726ee-8aea-4201-ad24-dc8ee272e881", "security_groups": [{"name": "tempest-secgroup-smoke-1601558721"}], "OS-SRV-USG:terminated_at": null, "OS-EXT-AZ:availability_zone": "nova", "user_id": "8198643a48b34c3bb5580c5bc1a2a90e", "name": "tempest.common.compute-instance-1601809215", "created": "2015-12-19T23:47:45Z", "tenant_id": "87ac1c1f2c2a4f1b808b048adedee836", "OS-DCF:diskConfig": "MANUAL", "os-extended-volumes:volumes_attached": [], "accessIPv4": "", "accessIPv6": "", "progress": 0, "OS-EXT-STS:power_state": 1, "config_drive": "True", "metadata": {}}}
2015-12-19 23:49:54,634 21180 INFO     [tempest_lib.common.rest_client] Request (TestNetworkAdvancedServerOps:_run_cleanups): 200 GET http://10.0.2.15:8774/v2.1/87ac1c1f2c2a4f1b808b048adedee836/servers/621726ee-8aea-4201-ad24-dc8ee272e881 0.148s
2015-12-19 23:49:54,634 21180 DEBUG    [tempest_lib.common.rest_client] Request - Headers: {'Content-Type': 'application/json', 'Accept': 'application/json', 'X-Auth-Token': '&lt;omitted&gt;'}
        Body: None
    Response - Headers: {'status': '200', 'content-length': '1449', 'content-location': 'http://10.0.2.15:8774/v2.1/87ac1c1f2c2a4f1b808b048adedee836/servers/621726ee-8aea-4201-ad24-dc8ee272e881', 'x-compute-request-id': 'req-80bb9679-e5c0-4a01-85c7-5708354ab734', 'vary': 'X-OpenStack-Nova-API-Version', 'connection': 'close', 'x-openstack-nova-api-version': '2.1', 'date': 'Sat, 19 Dec 2015 23:49:54 GMT', 'content-type': 'application/json'}
        Body: {"server": {"status": "ACTIVE", "updated": "2015-12-19T23:49:53Z", "hostId": "1ac2f508d32e538ce37ead3e2c6045c4bc0fce663027460e9c6e80f2", "addresses": {}, "links": [{"href": "http://10.0.2.15:8774/v2.1/87ac1c1f2c2a4f1b808b048adedee836/servers/621726ee-8aea-4201-ad24-dc8ee272e881", "rel": "self"}, {"href": "http://10.0.2.15:8774/87ac1c1f2c2a4f1b808b048adedee836/servers/621726ee-8aea-4201-ad24-dc8ee272e881", "rel": "bookmark"}], "key_name": "tempest-TestNetworkAdvancedServerOps-427605675", "image": {"id": "4b4291a4-f9b2-4557-bb7d-9697467aba23", "links": [{"href": "http://10.0.2.15:8774/87ac1c1f2c2a4f1b808b048adedee836/images/4b4291a4-f9b2-4557-bb7d-9697467aba23", "rel": "bookmark"}]}, "OS-EXT-STS:task_state": "deleting", "OS-EXT-STS:vm_state": "active", "OS-SRV-USG:launched_at": "2015-12-19T23:47:48.000000", "flavor": {"id": "42", "links": [{"href": "http://10.0.2.15:8774/87ac1c1f2c2a4f1b808b048adedee836/flavors/42", "rel": "bookmark"}]}, "id": "621726ee-8aea-4201-ad24-dc8ee272e881", "OS-SRV-USG:terminated_at": null, "OS-EXT-AZ:availability_zone": "nova", "user_id": "8198643a48b34c3bb5580c5bc1a2a90e", "name": "tempest.common.compute-instance-1601809215", "created": "2015-12-19T23:47:45Z", "tenant_id": "87ac1c1f2c2a4f1b808b048adedee836", "OS-DCF:diskConfig": "MANUAL", "os-extended-volumes:volumes_attached": [], "accessIPv4": "", "accessIPv6": "", "progress": 0, "OS-EXT-STS:power_state": 1, "config_drive": "True", "metadata": {}}}
2015-12-19 23:49:55,727 21180 INFO     [tempest_lib.common.rest_client] Request (TestNetworkAdvancedServerOps:_run_cleanups): 404 GET http://10.0.2.15:8774/v2.1/87ac1c1f2c2a4f1b808b048adedee836/servers/621726ee-8aea-4201-ad24-dc8ee272e881 0.080s
2015-12-19 23:49:55,728 21180 DEBUG    [tempest_lib.common.rest_client] Request - Headers: {'Content-Type': 'application/json', 'Accept': 'application/json', 'X-Auth-Token': '&lt;omitted&gt;'}
        Body: None
    Response - Headers: {'status': '404', 'content-length': '111', 'x-compute-request-id': 'req-fde47065-39fb-4ef2-95a9-d027c40d3d73', 'vary': 'X-OpenStack-Nova-API-Version', 'connection': 'close', 'x-openstack-nova-api-version': '2.1', 'date': 'Sat, 19 Dec 2015 23:49:55 GMT', 'content-type': 'application/json; charset=UTF-8'}
        Body: {"itemNotFound": {"message": "Instance 621726ee-8aea-4201-ad24-dc8ee272e881 could not be found.", "code": 404}}
2015-12-19 23:49:56,137 21180 INFO     [tempest_lib.common.rest_client] Request (TestNetworkAdvancedServerOps:_run_cleanups): 200 PUT http://10.0.2.15:9696/v2.0/routers/00eca79b-b9be-45dd-ad10-ede40fc652e0/remove_router_interface 0.407s
2015-12-19 23:49:56,138 21180 DEBUG    [tempest_lib.common.rest_client] Request - Headers: {'Content-Type': 'application/json', 'Accept': 'application/json', 'X-Auth-Token': '&lt;omitted&gt;'}
        Body: {"subnet_id": "90380be2-a0c4-4c86-bc8d-8d609bdcd314"}
    Response - Headers: {'status': '200', 'content-length': '255', 'connection': 'close', 'date': 'Sat, 19 Dec 2015 23:49:56 GMT', 'content-type': 'application/json; charset=UTF-8', 'x-openstack-request-id': 'req-08592b63-94bf-4c94-bad2-e78f520e8969'}
        Body: {"subnet_id": "90380be2-a0c4-4c86-bc8d-8d609bdcd314", "tenant_id": "87ac1c1f2c2a4f1b808b048adedee836", "subnet_ids": ["90380be2-a0c4-4c86-bc8d-8d609bdcd314"], "port_id": "28490fa7-7980-47c0-a50b-df1844947fb3", "id": "00eca79b-b9be-45dd-ad10-ede40fc652e0"}
2015-12-19 23:49:56,680 21180 INFO     [tempest_lib.common.rest_client] Request (TestNetworkAdvancedServerOps:_run_cleanups): 204 DELETE http://10.0.2.15:9696/v2.0/subnets/90380be2-a0c4-4c86-bc8d-8d609bdcd314 0.540s
2015-12-19 23:49:56,681 21180 DEBUG    [tempest_lib.common.rest_client] Request - Headers: {'Content-Type': 'application/json', 'Accept': 'application/json', 'X-Auth-Token': '&lt;omitted&gt;'}
        Body: None
    Response - Headers: {'date': 'Sat, 19 Dec 2015 23:49:56 GMT', 'status': '204', 'connection': 'close', 'content-length': '0', 'x-openstack-request-id': 'req-14a34b30-9e34-426c-827e-d1730f388ea8'}
        Body: 
2015-12-19 23:49:56,733 21180 INFO     [tempest_lib.common.rest_client] Request (TestNetworkAdvancedServerOps:_run_cleanups): 200 GET http://10.0.2.15:9696/v2.0/routers/00eca79b-b9be-45dd-ad10-ede40fc652e0 0.051s
2015-12-19 23:49:56,733 21180 DEBUG    [tempest_lib.common.rest_client] Request - Headers: {'Content-Type': 'application/json', 'Accept': 'application/json', 'X-Auth-Token': '&lt;omitted&gt;'}
        Body: None
    Response - Headers: {'status': '200', 'content-length': '564', 'content-location': 'http://10.0.2.15:9696/v2.0/routers/00eca79b-b9be-45dd-ad10-ede40fc652e0', 'connection': 'close', 'date': 'Sat, 19 Dec 2015 23:49:56 GMT', 'content-type': 'application/json; charset=UTF-8', 'x-openstack-request-id': 'req-5fe1be1b-97a1-411b-8798-48cb7a225767'}
        Body: {"router": {"status": "ACTIVE", "external_gateway_info": {"network_id": "3fcdfb0c-026d-4229-a575-c8adf7d42f7d", "enable_snat": true, "external_fixed_ips": [{"subnet_id": "03b6d08c-c981-41ef-8578-d51e5bf3f47c", "ip_address": "172.24.4.3"}, {"subnet_id": "bdcb42fb-164d-435e-a874-5ec42922f42f", "ip_address": "2001:db8::3"}]}, "availability_zone_hints": [], "availability_zones": ["nova"], "name": "tempest-router-smoke-1651542390", "admin_state_up": true, "tenant_id": "87ac1c1f2c2a4f1b808b048adedee836", "routes": [], "id": "00eca79b-b9be-45dd-ad10-ede40fc652e0"}}
2015-12-19 23:49:57,153 21180 INFO     [tempest_lib.common.rest_client] Request (TestNetworkAdvancedServerOps:_run_cleanups): 200 PUT http://10.0.2.15:9696/v2.0/routers/00eca79b-b9be-45dd-ad10-ede40fc652e0 0.420s
2015-12-19 23:49:57,154 21180 DEBUG    [tempest_lib.common.rest_client] Request - Headers: {'Content-Type': 'application/json', 'Accept': 'application/json', 'X-Auth-Token': '&lt;omitted&gt;'}
        Body: {"router": {"external_gateway_info": {}, "name": "tempest-router-smoke-1651542390", "admin_state_up": true}}
    Response - Headers: {'status': '200', 'content-length': '302', 'connection': 'close', 'date': 'Sat, 19 Dec 2015 23:49:57 GMT', 'content-type': 'application/json; charset=UTF-8', 'x-openstack-request-id': 'req-c5e500b1-afc5-4eaf-b17b-380ac879e90e'}
        Body: {"router": {"status": "ACTIVE", "external_gateway_info": null, "availability_zone_hints": [], "availability_zones": ["nova"], "name": "tempest-router-smoke-1651542390", "admin_state_up": true, "tenant_id": "87ac1c1f2c2a4f1b808b048adedee836", "routes": [], "id": "00eca79b-b9be-45dd-ad10-ede40fc652e0"}}
2015-12-19 23:49:57,524 21180 INFO     [tempest_lib.common.rest_client] Request (TestNetworkAdvancedServerOps:_run_cleanups): 204 DELETE http://10.0.2.15:9696/v2.0/routers/00eca79b-b9be-45dd-ad10-ede40fc652e0 0.369s
2015-12-19 23:49:57,525 21180 DEBUG    [tempest_lib.common.rest_client] Request - Headers: {'Content-Type': 'application/json', 'Accept': 'application/json', 'X-Auth-Token': '&lt;omitted&gt;'}
        Body: None
    Response - Headers: {'date': 'Sat, 19 Dec 2015 23:49:57 GMT', 'status': '204', 'connection': 'close', 'content-length': '0', 'x-openstack-request-id': 'req-1d64478b-abb6-47de-be6e-603a9f94767f'}
        Body: 
2015-12-19 23:49:57,746 21180 INFO     [tempest_lib.common.rest_client] Request (TestNetworkAdvancedServerOps:_run_cleanups): 204 DELETE http://10.0.2.15:9696/v2.0/networks/97c113ad-171a-4950-b957-5e050850c8aa 0.221s
2015-12-19 23:49:57,747 21180 DEBUG    [tempest_lib.common.rest_client] Request - Headers: {'Content-Type': 'application/json', 'Accept': 'application/json', 'X-Auth-Token': '&lt;omitted&gt;'}
        Body: None
    Response - Headers: {'date': 'Sat, 19 Dec 2015 23:49:57 GMT', 'status': '204', 'connection': 'close', 'content-length': '0', 'x-openstack-request-id': 'req-c80ec8ce-4599-4c5a-b491-fe7cdb029359'}
        Body: 
2015-12-19 23:49:57,805 21180 INFO     [tempest_lib.common.rest_client] Request (TestNetworkAdvancedServerOps:_run_cleanups): 204 DELETE http://10.0.2.15:9696/v2.0/security-group-rules/48bf63d0-c2b5-492f-8a45-17a5c491c0bd 0.057s
2015-12-19 23:49:57,806 21180 DEBUG    [tempest_lib.common.rest_client] Request - Headers: {'Content-Type': 'application/json', 'Accept': 'application/json', 'X-Auth-Token': '&lt;omitted&gt;'}
        Body: None
    Response - Headers: {'date': 'Sat, 19 Dec 2015 23:49:57 GMT', 'status': '204', 'connection': 'close', 'content-length': '0', 'x-openstack-request-id': 'req-942661f8-eb44-4c48-8198-6c761d4a7512'}
        Body: 
2015-12-19 23:49:57,871 21180 INFO     [tempest_lib.common.rest_client] Request (TestNetworkAdvancedServerOps:_run_cleanups): 204 DELETE http://10.0.2.15:9696/v2.0/security-group-rules/3c82c932-8e64-4105-9710-7f5e68bfcd35 0.064s
2015-12-19 23:49:57,871 21180 DEBUG    [tempest_lib.common.rest_client] Request - Headers: {'Content-Type': 'application/json', 'Accept': 'application/json', 'X-Auth-Token': '&lt;omitted&gt;'}
        Body: None
    Response - Headers: {'date': 'Sat, 19 Dec 2015 23:49:57 GMT', 'status': '204', 'connection': 'close', 'content-length': '0', 'x-openstack-request-id': 'req-25522d48-1ad6-4bdc-9bbf-2ee5528267d5'}
        Body: 
2015-12-19 23:49:57,937 21180 INFO     [tempest_lib.common.rest_client] Request (TestNetworkAdvancedServerOps:_run_cleanups): 204 DELETE http://10.0.2.15:9696/v2.0/security-group-rules/3d5d4646-bc91-457e-8514-0131d3acdc51 0.064s
2015-12-19 23:49:57,938 21180 DEBUG    [tempest_lib.common.rest_client] Request - Headers: {'Content-Type': 'application/json', 'Accept': 'application/json', 'X-Auth-Token': '&lt;omitted&gt;'}
        Body: None
    Response - Headers: {'date': 'Sat, 19 Dec 2015 23:49:57 GMT', 'status': '204', 'connection': 'close', 'content-length': '0', 'x-openstack-request-id': 'req-6b6d63ae-2a82-4c77-97e1-f0b16e47cca4'}
        Body: 
2015-12-19 23:49:57,995 21180 INFO     [tempest_lib.common.rest_client] Request (TestNetworkAdvancedServerOps:_run_cleanups): 204 DELETE http://10.0.2.15:9696/v2.0/security-group-rules/d3909b5d-1967-4aa1-bd4a-e24e3ac4d66d 0.056s
2015-12-19 23:49:57,995 21180 DEBUG    [tempest_lib.common.rest_client] Request - Headers: {'Content-Type': 'application/json', 'Accept': 'application/json', 'X-Auth-Token': '&lt;omitted&gt;'}
        Body: None
    Response - Headers: {'date': 'Sat, 19 Dec 2015 23:49:57 GMT', 'status': '204', 'connection': 'close', 'content-length': '0', 'x-openstack-request-id': 'req-7ee7df6f-92c2-4237-98a0-cf7a6c55f312'}
        Body: 
2015-12-19 23:49:58,052 21180 INFO     [tempest_lib.common.rest_client] Request (TestNetworkAdvancedServerOps:_run_cleanups): 204 DELETE http://10.0.2.15:9696/v2.0/security-group-rules/a23880a9-0a68-4594-9ee9-5a57814b691b 0.055s
2015-12-19 23:49:58,052 21180 DEBUG    [tempest_lib.common.rest_client] Request - Headers: {'Content-Type': 'application/json', 'Accept': 'application/json', 'X-Auth-Token': '&lt;omitted&gt;'}
        Body: None
    Response - Headers: {'date': 'Sat, 19 Dec 2015 23:49:58 GMT', 'status': '204', 'connection': 'close', 'content-length': '0', 'x-openstack-request-id': 'req-6d1ca41a-b1e3-4a5f-89be-b6ff67a11f68'}
        Body: 
2015-12-19 23:49:58,113 21180 INFO     [tempest_lib.common.rest_client] Request (TestNetworkAdvancedServerOps:_run_cleanups): 204 DELETE http://10.0.2.15:9696/v2.0/security-group-rules/b4cdaed5-00cc-4863-a462-ac6fcd018b90 0.060s
2015-12-19 23:49:58,113 21180 DEBUG    [tempest_lib.common.rest_client] Request - Headers: {'Content-Type': 'application/json', 'Accept': 'application/json', 'X-Auth-Token': '&lt;omitted&gt;'}
        Body: None
    Response - Headers: {'date': 'Sat, 19 Dec 2015 23:49:58 GMT', 'status': '204', 'connection': 'close', 'content-length': '0', 'x-openstack-request-id': 'req-457cbf23-9001-4c0e-98ec-56a788bf471e'}
        Body: 
2015-12-19 23:49:58,208 21180 INFO     [tempest_lib.common.rest_client] Request (TestNetworkAdvancedServerOps:_run_cleanups): 204 DELETE http://10.0.2.15:9696/v2.0/security-groups/456e1fdb-bfc5-4f69-bd59-69b1c0f60034 0.094s
2015-12-19 23:49:58,209 21180 DEBUG    [tempest_lib.common.rest_client] Request - Headers: {'Content-Type': 'application/json', 'Accept': 'application/json', 'X-Auth-Token': '&lt;omitted&gt;'}
        Body: None
    Response - Headers: {'date': 'Sat, 19 Dec 2015 23:49:58 GMT', 'status': '204', 'connection': 'close', 'content-length': '0', 'x-openstack-request-id': 'req-5de26953-3b37-45ca-af7e-0fe1e52871a7'}
        Body: 
2015-12-19 23:49:58,230 21180 INFO     [tempest_lib.common.rest_client] Request (TestNetworkAdvancedServerOps:_run_cleanups): 202 DELETE http://10.0.2.15:8774/v2.1/87ac1c1f2c2a4f1b808b048adedee836/os-keypairs/tempest-TestNetworkAdvancedServerOps-427605675 0.020s
2015-12-19 23:49:58,231 21180 DEBUG    [tempest_lib.common.rest_client] Request - Headers: {'Content-Type': 'application/json', 'Accept': 'application/json', 'X-Auth-Token': '&lt;omitted&gt;'}
        Body: None
    Response - Headers: {'status': '202', 'content-length': '0', 'x-compute-request-id': 'req-5686cbc7-7ace-4ecd-90cb-0c1b3da8bf37', 'vary': 'X-OpenStack-Nova-API-Version', 'connection': 'close', 'x-openstack-nova-api-version': '2.1', 'date': 'Sat, 19 Dec 2015 23:49:58 GMT', 'content-type': 'application/json'}
        Body: 
2015-12-19 23:49:58,313 21180 INFO     [tempest_lib.common.rest_client] Request (TestNetworkAdvancedServerOps:_run_cleanups): 404 GET http://10.0.2.15:8774/v2.1/87ac1c1f2c2a4f1b808b048adedee836/servers/621726ee-8aea-4201-ad24-dc8ee272e881 0.081s
2015-12-19 23:49:58,313 21180 DEBUG    [tempest_lib.common.rest_client] Request - Headers: {'Content-Type': 'application/json', 'Accept': 'application/json', 'X-Auth-Token': '&lt;omitted&gt;'}
        Body: None
    Response - Headers: {'status': '404', 'content-length': '111', 'x-compute-request-id': 'req-25875fd2-181a-474e-aabb-c6e63abeec08', 'vary': 'X-OpenStack-Nova-API-Version', 'connection': 'close', 'x-openstack-nova-api-version': '2.1', 'date': 'Sat, 19 Dec 2015 23:49:58 GMT', 'content-type': 'application/json; charset=UTF-8'}
        Body: {"itemNotFound": {"message": "Instance 621726ee-8aea-4201-ad24-dc8ee272e881 could not be found.", "code": 404}}
}}}

Traceback (most recent call last):
  File "tempest/test.py", line 113, in wrapper
    return f(self, *func_args, **func_kwargs)
  File "tempest/scenario/test_network_advanced_server_ops.py", line 134, in test_server_connectivity_pause_unpause
    server, keypair, floating_ip = self._setup_network_and_servers()
  File "tempest/scenario/test_network_advanced_server_ops.py", line 71, in _setup_network_and_servers
    server, keypair, floating_ip)
  File "tempest/scenario/test_network_advanced_server_ops.py", line 95, in _wait_server_status_and_check_network_connectivity
    self._check_network_connectivity(server, keypair, floating_ip)
  File "tempest/scenario/test_network_advanced_server_ops.py", line 88, in _check_network_connectivity
    servers=[server])
  File "tempest/scenario/manager.py", line 608, in check_public_network_connectivity
    should_connect=should_connect)
  File "tempest/scenario/manager.py", line 592, in check_vm_connectivity
    msg=msg)
  File "/usr/local/lib/python2.7/dist-packages/unittest2/case.py", line 702, in assertTrue
    raise self.failureException(msg)
AssertionError: False is not true : Timed out waiting for 172.24.4.4 to become reachable



        </pre>
    </div>
    <!--css div popup end-->

    </td>
</tr>

<tr id='ft1.2' class='none'>
    <td class='failCase'><div class='testcase'>test_server_connectivity_reboot[compute,id-7b6860c2-afa3-4846-9522-adeb38dfbe08,network]</div></td>
    <td colspan='7' align='left'>

    <!--css div popup start-->
    <a class="popup_link" onfocus='this.blur();'
    href="javascript:showTestDetail('div_ft1.2')" >
        fail</a>

    <div id='div_ft1.2' class="popup_window">
        <div style='text-align: right; color:red;cursor:pointer'>
        <a onfocus='this.blur();'
onclick="document.getElementById('div_ft1.2').style.display = 'none' " >
           [x]</a>
        </div>
        <pre>
        
ft1.2: tempest.scenario.test_network_advanced_server_ops.TestNetworkAdvancedServerOps.test_server_connectivity_reboot[compute,id-7b6860c2-afa3-4846-9522-adeb38dfbe08,network]_StringException: Empty attachments:
  stderr
  stdout

