<?xml version="1.0" encoding="UTF-8"?>
<!DOCTYPE html PUBLIC "-//W3C//DTD XHTML 1.0 Strict//EN"
     "http://www.w3.org/TR/xhtml1/DTD/xhtml1-strict.dtd">
<html xmlns="http://www.w3.org/1999/xhtml">
<head>
    <title>Unit Test Report</title>
    <meta name="generator" content="subunit2html 0.1"/>
    <meta http-equiv="Content-Type" content="text/html; charset=UTF-8"/>
    
<style type="text/css" media="screen">
body        { font-family: verdana, arial, helvetica, sans-serif;
    font-size: 80%; }
table       { font-size: 100%; width: 100%;}
pre         { font-size: 80%; }

/* -- heading -------------------------------------------------------------- */
h1 {
        font-size: 16pt;
        color: gray;
}
.heading {
    margin-top: 0ex;
    margin-bottom: 1ex;
}

.heading .attribute {
    margin-top: 1ex;
    margin-bottom: 0;
}

.heading .description {
    margin-top: 4ex;
    margin-bottom: 6ex;
}

/* -- css div popup -------------------------------------------------------- */
a.popup_link {
}

a.popup_link:hover {
    color: red;
}

.popup_window {
    display: none;
    overflow-x: scroll;
    /*border: solid #627173 1px; */
    padding: 10px;
    background-color: #E6E6D6;
    font-family: "Ubuntu Mono", "Lucida Console", "Courier New", monospace;
    text-align: left;
    font-size: 8pt;
}

}
/* -- report --------------------------------------------------------------- */
#show_detail_line {
    margin-top: 3ex;
    margin-bottom: 1ex;
}
#result_table {
    width: 100%;
    border-collapse: collapse;
    border: 1px solid #777;
}
#header_row {
    font-weight: bold;
    color: white;
    background-color: #777;
}
#result_table td {
    border: 1px solid #777;
    padding: 2px;
}
#total_row  { font-weight: bold; }
.passClass  { background-color: #6c6; }
.failClass  { background-color: #c60; }
.errorClass { background-color: #c00; }
.passCase   { color: #6c6; }
.failCase   { color: #c60; font-weight: bold; }
.errorCase  { color: #c00; font-weight: bold; }
.hiddenRow  { display: none; }
.testcase   { margin-left: 2em; }
td.testname {width: 40%}
td.small {width: 40px}

/* -- ending --------------------------------------------------------------- */
#ending {
}

</style>

</head>
<body>
<script language="javascript" type="text/javascript"><!--
output_list = Array();

/* level - 0:Summary; 1:Failed; 2:All */
function showCase(level) {
    trs = document.getElementsByTagName("tr");
    for (var i = 0; i < trs.length; i++) {
        tr = trs[i];
        id = tr.id;
        if (id.substr(0,2) == 'ft') {
            if (level < 1) {
                tr.className = 'hiddenRow';
            }
            else {
                tr.className = '';
            }
        }
        if (id.substr(0,2) == 'pt') {
            if (level > 1) {
                tr.className = '';
            }
            else {
                tr.className = 'hiddenRow';
            }
        }
    }
}


function showClassDetail(cid, count) {
    var id_list = Array(count);
    var toHide = 1;
    for (var i = 0; i < count; i++) {
        tid0 = 't' + cid.substr(1) + '.' + (i+1);
        tid = 'f' + tid0;
        tr = document.getElementById(tid);
        if (!tr) {
            tid = 'p' + tid0;
            tr = document.getElementById(tid);
        }
        id_list[i] = tid;
        if (tr.className) {
            toHide = 0;
        }
    }
    for (var i = 0; i < count; i++) {
        tid = id_list[i];
        if (toHide) {
            document.getElementById('div_'+tid).style.display = 'none'
            document.getElementById(tid).className = 'hiddenRow';
        }
        else {
            document.getElementById(tid).className = '';
        }
    }
}


function showTestDetail(div_id){
    var details_div = document.getElementById(div_id)
    var displayState = details_div.style.display
    // alert(displayState)
    if (displayState != 'block' ) {
        displayState = 'block'
        details_div.style.display = 'block'
    }
    else {
        details_div.style.display = 'none'
    }
}


function html_escape(s) {
    s = s.replace(/&/g,'&amp;');
    s = s.replace(/</g,'&lt;');
    s = s.replace(/>/g,'&gt;');
    return s;
}

/* obsoleted by detail in <div>
function showOutput(id, name) {
    var w = window.open("", //url
                    name,
                    "resizable,scrollbars,status,width=800,height=450");
    d = w.document;
    d.write("<pre>");
    d.write(html_escape(output_list[id]));
    d.write("\n");
    d.write("<a href='javascript:window.close()'>close</a>\n");
    d.write("</pre>\n");
    d.close();
}
*/
--></script>

<div class='heading'>
<h1>Unit Test Report</h1>

<p class='attribute'><strong>Status:</strong> Failure 6</p>

<p class='description'></p>
</div>



<p id='show_detail_line'>Show
<a href='javascript:showCase(0)'>Summary</a>
<a href='javascript:showCase(1)'>Failed</a>
<a href='javascript:showCase(2)'>All</a>
</p>
<table id='result_table'>
<colgroup>
<col align='left' />
<col align='right' />
<col align='right' />
<col align='right' />
<col align='right' />
<col align='right' />
<col align='right' />
<col align='right' />
</colgroup>
<tr id='header_row'>
    <td>Test Group/Test case</td>
    <td>Count</td>
    <td>Pass</td>
    <td>Fail</td>
    <td>Error</td>
    <td>Skip</td>
    <td>View</td>
    <td> </td>
</tr>

<tr class='failClass'>
    <td class="testname">tempest.scenario.test_network_advanced_server_ops.TestNetworkAdvancedServerOps</td>
    <td class="small">6</td>
    <td class="small">0</td>
    <td class="small">6</td>
    <td class="small">0</td>
    <td class="small">0</td>
    <td class="small"><a href="javascript:showClassDetail('c1',6)"
>Detail</a></td>
    <td> </td>
</tr>

<tr id='ft1.1' class='none'>
    <td class='failCase'><div class='testcase'>test_server_connectivity_pause_unpause[compute,id-2b2642db-6568-4b35-b812-eceed3fa20ce,network]</div></td>
    <td colspan='7' align='left'>

    <!--css div popup start-->
    <a class="popup_link" onfocus='this.blur();'
    href="javascript:showTestDetail('div_ft1.1')" >
        fail</a>

    <div id='div_ft1.1' class="popup_window">
        <div style='text-align: right; color:red;cursor:pointer'>
        <a onfocus='this.blur();'
onclick="document.getElementById('div_ft1.1').style.display = 'none' " >
           [x]</a>
        </div>
        <pre>
        
ft1.1: tempest.scenario.test_network_advanced_server_ops.TestNetworkAdvancedServerOps.test_server_connectivity_pause_unpause[compute,id-2b2642db-6568-4b35-b812-eceed3fa20ce,network]_StringException: Empty attachments:
  stderr
  stdout

pythonlogging:'': {{{
2015-12-17 14:51:34,445 21942 INFO     [tempest_lib.common.rest_client] Request (TestNetworkAdvancedServerOps:test_server_connectivity_pause_unpause): 200 POST http://10.0.2.15:8774/v2.1/2eb778b3dfff43a2b40e6380d814786f/os-keypairs 0.843s
2015-12-17 14:51:34,446 21942 DEBUG    [tempest_lib.common.rest_client] Request - Headers: {'Content-Type': 'application/json', 'Accept': 'application/json', 'X-Auth-Token': '&lt;omitted&gt;'}
        Body: {"keypair": {"name": "tempest-TestNetworkAdvancedServerOps-318199397"}}
    Response - Headers: {'status': '200', 'content-length': '2329', 'x-compute-request-id': 'req-e39d2c51-819a-47bf-8256-4f4ef2da9a19', 'vary': 'X-OpenStack-Nova-API-Version', 'connection': 'close', 'x-openstack-nova-api-version': '2.1', 'date': 'Thu, 17 Dec 2015 14:51:34 GMT', 'content-type': 'application/json'}
        Body: {"keypair": {"public_key": "ssh-rsa AAAAB3NzaC1yc2EAAAADAQABAAABAQDR577483A2DxgU+3FgiS/5KZiXZxlpjXJoiVO58Y4betcFvtCl1WReDS2Nzhlvh9tSs9m1qDy0zI5LSVmj2eu7XgRFSITfTQ7LsF0r3S7NXubYeTglsZJJ/iKZCD0i2F5Nhet21lZlwFtWT/8gYLgFpPCDxuMFm3sx1F+tVMPMPpfMgwz33aRSy39m5zmSM1l4N00m+eP88kJU+jpZ5cjbkFi+oEohNh73fOf0WL8ySdBg2TzIOphwTwhAKtTsel2fY5JZWYBchq1odwJodlPZjS7EOWoPFzz7NEWqBV7Oj0zoqRs9lJxq3jVg2QhemrT8BUxhGPj858z8ka2ATRpl Generated-by-Nova", "private_key": "-----BEGIN RSA PRIVATE KEY-----\nMIIEqAIBAAKCAQEA0ee++PNwNg8YFPtxYIkv+SmYl2cZaY1yaIlTufGOG3rXBb7Q\npdVkXg0tjc4Zb4fbUrPZtag8tMyOS0lZo9nru14ERUiE300Oy7BdK90uzV7m2Hk4\nJbGSSf4imQg9ItheTYXrdtZWZcBbVk//IGC4BaTwg8bjBZt7MdRfrVTDzD6XzIMM\n992kUst/Zuc5kjNZeDdNJvnj/PJCVPo6WeXI25BYvqBKITYe93zn9Fi/MknQYNk8\nyDqYcE8IQCrU7Hpdn2OSWVmAXIataHcCaHZT2Y0uxDlqDxc8+zRFqgVezo9M6Kkb\nPZScat41YNkIXpq0/AVMYRj4/OfM/JGtgE0aZQIDAQABAoIBAC7Q6lYqLZfRDAT6\nA9KNJocDEQaLty5EnwTTxDnPt2tHnZepdG3YR1d2xvc+xYuLmI48kM0kZc3JZd9C\nz9xsqVgT4w3027XWQPuLLWywG1Uw2nnjp3M4xLD+HodVQBV6fqX5vYe2zHRLT9PT\nacq157VSkVZC0LWadQKrJF/LbRQrZgz5HcL/cOCH7E2Pmw1Swzh60S9+Xv7cOzDy\n4MS+5OV139SDf7tux4qqrt9pnkHWyKnLeouNg24f9HARPudLncY2aBCp0rFSh8L+\n7b5GeLnIb0UajfxDrST8Z5aTX4k1LkgVFTqEIAKYQXxySZifQjiVjJYDCJpJSTWf\nOphsgyECggCBANctbOlXeswnGs101IRL1u1rl57hVMF1e44MYc57XADnrgmuVZpm\nV2ua563eSfMW1Q/dLrXFooxK0U5thM9m5GQ44ap8y4UfldK4IxnYnQ/ohpsV4cuz\nn6Pty3yKRh7n1t8iu4fMVHv7SoSol8JLbqlFDXng7IAb15vIZXoLbr8ZAoIAgQD5\nukPa3zjmoznL5ITaSGnUAd6dJ9OkorGaOEVyF+JsyW84YFv8Xy0KYVNCoZl+ywgf\nToJTvxyuHvOjBPirgjbNfwYPdYpDIT9eDQ0xK7fd0FMTk0TXmIJGLsf2oBbaGb5F\nFXg1zYZZGRs6hiJg6F7ooyD+jkLy/2YxraQdUzj7LQKCAIBUad+mEsl7uYOMQl70\nn4PrlB/hFmjXlC0qZrUf+cj4GetupNO0RJ3a+uQUk3XTRYvEM3MVoDjKbLd72v8V\nFjpXDvGInniA+wkdp1st0oqbKQ9VW9o+vXLNLoZ7jws/KJhk5Q1IkuI52TU8oZ8X\ne9wnz40f2Rsujr2gwZb9r+p8UQKCAIBE3911ERmlaqE3HbiSZ2Rgp39ZQrG5d3Ga\nQijNFc9KB6hYGSNlkG5grYUEHIO0F5UO5V1GcbAcSccST/2xd8FbncvzGYzfhNzw\nOJNJ22/jimBPRs+20oYjiyV1XKPQ1UbH0OsNk7iY/DapRnNW3N/IM62W52+Ji20J\nCIX53IkbpQKCAIEAuuQC0I5AdMrnPBAHm2BLlEAMnEUi/VnKfZekP/KWBBkAk5FG\nMNcjG8DbQTop/B4T0q1boAFeQ1vb5rxwKANkxp5az8lkVAeflY6QKSpLTeRZCEX8\n2oKb/QBNwuahzjetYTm37tFbzcepIE8KKtlMTqbRY54rS7vwpyIUPYc8wK0=\n-----END RSA PRIVATE KEY-----\n", "user_id": "4f08448f6aaa480aba6cc5cbff2c4a60", "name": "tempest-TestNetworkAdvancedServerOps-318199397", "fingerprint": "6c:17:f8:a5:52:5e:0d:20:e6:7d:6c:f9:38:ee:dd:e0"}}
2015-12-17 14:51:34,779 21942 INFO     [tempest_lib.common.rest_client] Request (TestNetworkAdvancedServerOps:test_server_connectivity_pause_unpause): 201 POST http://10.0.2.15:9696/v2.0/security-groups 0.329s
2015-12-17 14:51:34,780 21942 DEBUG    [tempest_lib.common.rest_client] Request - Headers: {'Content-Type': 'application/json', 'Accept': 'application/json', 'X-Auth-Token': '&lt;omitted&gt;'}
        Body: {"security_group": {"tenant_id": "2eb778b3dfff43a2b40e6380d814786f", "description": "tempest-secgroup-smoke-254393751 description", "name": "tempest-secgroup-smoke-254393751"}}
    Response - Headers: {'status': '201', 'content-length': '886', 'connection': 'close', 'date': 'Thu, 17 Dec 2015 14:51:34 GMT', 'content-type': 'application/json; charset=UTF-8', 'x-openstack-request-id': 'req-1213556b-26c6-40fc-86a5-b06000097f99'}
        Body: {"security_group": {"tenant_id": "2eb778b3dfff43a2b40e6380d814786f", "description": "tempest-secgroup-smoke-254393751 description", "id": "bc3ab1fe-fdc7-469f-b6fe-ab329eb9da54", "security_group_rules": [{"remote_group_id": null, "direction": "egress", "remote_ip_prefix": null, "protocol": null, "ethertype": "IPv4", "tenant_id": "2eb778b3dfff43a2b40e6380d814786f", "port_range_max": null, "port_range_min": null, "id": "d73e490e-dc63-4125-922d-e5bb51acabc5", "security_group_id": "bc3ab1fe-fdc7-469f-b6fe-ab329eb9da54"}, {"remote_group_id": null, "direction": "egress", "remote_ip_prefix": null, "protocol": null, "ethertype": "IPv6", "tenant_id": "2eb778b3dfff43a2b40e6380d814786f", "port_range_max": null, "port_range_min": null, "id": "ec3ab16a-c7da-4ddf-8875-41a5911d9628", "security_group_id": "bc3ab1fe-fdc7-469f-b6fe-ab329eb9da54"}], "name": "tempest-secgroup-smoke-254393751"}}
2015-12-17 14:51:34,905 21942 INFO     [tempest_lib.common.rest_client] Request (TestNetworkAdvancedServerOps:test_server_connectivity_pause_unpause): 201 POST http://10.0.2.15:9696/v2.0/security-group-rules 0.122s
2015-12-17 14:51:34,905 21942 DEBUG    [tempest_lib.common.rest_client] Request - Headers: {'Content-Type': 'application/json', 'Accept': 'application/json', 'X-Auth-Token': '&lt;omitted&gt;'}
        Body: {"security_group_rule": {"direction": "ingress", "protocol": "tcp", "tenant_id": "2eb778b3dfff43a2b40e6380d814786f", "port_range_max": 22, "security_group_id": "bc3ab1fe-fdc7-469f-b6fe-ab329eb9da54", "port_range_min": 22}}
    Response - Headers: {'status': '201', 'content-length': '340', 'connection': 'close', 'date': 'Thu, 17 Dec 2015 14:51:34 GMT', 'content-type': 'application/json; charset=UTF-8', 'x-openstack-request-id': 'req-3af6fd08-f3db-4b70-b569-edf26fb5b6df'}
        Body: {"security_group_rule": {"remote_group_id": null, "direction": "ingress", "remote_ip_prefix": null, "protocol": "tcp", "ethertype": "IPv4", "tenant_id": "2eb778b3dfff43a2b40e6380d814786f", "port_range_max": 22, "port_range_min": 22, "id": "3ecae611-d88d-4720-a050-ed6d50f5b9f6", "security_group_id": "bc3ab1fe-fdc7-469f-b6fe-ab329eb9da54"}}
2015-12-17 14:51:35,173 21942 INFO     [tempest_lib.common.rest_client] Request (TestNetworkAdvancedServerOps:test_server_connectivity_pause_unpause): 201 POST http://10.0.2.15:9696/v2.0/security-group-rules 0.265s
2015-12-17 14:51:35,173 21942 DEBUG    [tempest_lib.common.rest_client] Request - Headers: {'Content-Type': 'application/json', 'Accept': 'application/json', 'X-Auth-Token': '&lt;omitted&gt;'}
        Body: {"security_group_rule": {"direction": "egress", "protocol": "tcp", "tenant_id": "2eb778b3dfff43a2b40e6380d814786f", "port_range_max": 22, "security_group_id": "bc3ab1fe-fdc7-469f-b6fe-ab329eb9da54", "port_range_min": 22}}
    Response - Headers: {'status': '201', 'content-length': '339', 'connection': 'close', 'date': 'Thu, 17 Dec 2015 14:51:35 GMT', 'content-type': 'application/json; charset=UTF-8', 'x-openstack-request-id': 'req-404e92c7-bde2-425b-98ac-daae2619cc71'}
        Body: {"security_group_rule": {"remote_group_id": null, "direction": "egress", "remote_ip_prefix": null, "protocol": "tcp", "ethertype": "IPv4", "tenant_id": "2eb778b3dfff43a2b40e6380d814786f", "port_range_max": 22, "port_range_min": 22, "id": "35c471fd-eb59-43f9-bc1d-b9b082e6e0dd", "security_group_id": "bc3ab1fe-fdc7-469f-b6fe-ab329eb9da54"}}
2015-12-17 14:51:35,299 21942 INFO     [tempest_lib.common.rest_client] Request (TestNetworkAdvancedServerOps:test_server_connectivity_pause_unpause): 201 POST http://10.0.2.15:9696/v2.0/security-group-rules 0.124s
2015-12-17 14:51:35,299 21942 DEBUG    [tempest_lib.common.rest_client] Request - Headers: {'Content-Type': 'application/json', 'Accept': 'application/json', 'X-Auth-Token': '&lt;omitted&gt;'}
        Body: {"security_group_rule": {"tenant_id": "2eb778b3dfff43a2b40e6380d814786f", "direction": "ingress", "protocol": "icmp", "security_group_id": "bc3ab1fe-fdc7-469f-b6fe-ab329eb9da54"}}
    Response - Headers: {'status': '201', 'content-length': '345', 'connection': 'close', 'date': 'Thu, 17 Dec 2015 14:51:35 GMT', 'content-type': 'application/json; charset=UTF-8', 'x-openstack-request-id': 'req-4d0635f2-5b13-45c3-b43e-e40752722696'}
        Body: {"security_group_rule": {"remote_group_id": null, "direction": "ingress", "remote_ip_prefix": null, "protocol": "icmp", "ethertype": "IPv4", "tenant_id": "2eb778b3dfff43a2b40e6380d814786f", "port_range_max": null, "port_range_min": null, "id": "f7e1d0ea-f949-425d-ad19-952ebdfb3ba0", "security_group_id": "bc3ab1fe-fdc7-469f-b6fe-ab329eb9da54"}}
2015-12-17 14:51:35,425 21942 INFO     [tempest_lib.common.rest_client] Request (TestNetworkAdvancedServerOps:test_server_connectivity_pause_unpause): 201 POST http://10.0.2.15:9696/v2.0/security-group-rules 0.124s
2015-12-17 14:51:35,426 21942 DEBUG    [tempest_lib.common.rest_client] Request - Headers: {'Content-Type': 'application/json', 'Accept': 'application/json', 'X-Auth-Token': '&lt;omitted&gt;'}
        Body: {"security_group_rule": {"tenant_id": "2eb778b3dfff43a2b40e6380d814786f", "direction": "egress", "protocol": "icmp", "security_group_id": "bc3ab1fe-fdc7-469f-b6fe-ab329eb9da54"}}
    Response - Headers: {'status': '201', 'content-length': '344', 'connection': 'close', 'date': 'Thu, 17 Dec 2015 14:51:35 GMT', 'content-type': 'application/json; charset=UTF-8', 'x-openstack-request-id': 'req-4ff1f8c0-3fa2-4052-b941-8f0e35b8fa6c'}
        Body: {"security_group_rule": {"remote_group_id": null, "direction": "egress", "remote_ip_prefix": null, "protocol": "icmp", "ethertype": "IPv4", "tenant_id": "2eb778b3dfff43a2b40e6380d814786f", "port_range_max": null, "port_range_min": null, "id": "25b78952-154d-4715-9a4a-657f0c520a19", "security_group_id": "bc3ab1fe-fdc7-469f-b6fe-ab329eb9da54"}}
2015-12-17 14:51:35,544 21942 INFO     [tempest_lib.common.rest_client] Request (TestNetworkAdvancedServerOps:test_server_connectivity_pause_unpause): 201 POST http://10.0.2.15:9696/v2.0/security-group-rules 0.117s
2015-12-17 14:51:35,545 21942 DEBUG    [tempest_lib.common.rest_client] Request - Headers: {'Content-Type': 'application/json', 'Accept': 'application/json', 'X-Auth-Token': '&lt;omitted&gt;'}
        Body: {"security_group_rule": {"tenant_id": "2eb778b3dfff43a2b40e6380d814786f", "direction": "ingress", "security_group_id": "bc3ab1fe-fdc7-469f-b6fe-ab329eb9da54", "protocol": "icmp", "ethertype": "IPv6"}}
    Response - Headers: {'status': '201', 'content-length': '345', 'connection': 'close', 'date': 'Thu, 17 Dec 2015 14:51:35 GMT', 'content-type': 'application/json; charset=UTF-8', 'x-openstack-request-id': 'req-056f2f9e-de63-4592-8207-866bacbec0a1'}
        Body: {"security_group_rule": {"remote_group_id": null, "direction": "ingress", "remote_ip_prefix": null, "protocol": "icmp", "ethertype": "IPv6", "tenant_id": "2eb778b3dfff43a2b40e6380d814786f", "port_range_max": null, "port_range_min": null, "id": "91619002-57a6-47a3-8712-60f7c0ec8636", "security_group_id": "bc3ab1fe-fdc7-469f-b6fe-ab329eb9da54"}}
2015-12-17 14:51:35,662 21942 INFO     [tempest_lib.common.rest_client] Request (TestNetworkAdvancedServerOps:test_server_connectivity_pause_unpause): 201 POST http://10.0.2.15:9696/v2.0/security-group-rules 0.116s
2015-12-17 14:51:35,663 21942 DEBUG    [tempest_lib.common.rest_client] Request - Headers: {'Content-Type': 'application/json', 'Accept': 'application/json', 'X-Auth-Token': '&lt;omitted&gt;'}
        Body: {"security_group_rule": {"tenant_id": "2eb778b3dfff43a2b40e6380d814786f", "direction": "egress", "security_group_id": "bc3ab1fe-fdc7-469f-b6fe-ab329eb9da54", "protocol": "icmp", "ethertype": "IPv6"}}
    Response - Headers: {'status': '201', 'content-length': '344', 'connection': 'close', 'date': 'Thu, 17 Dec 2015 14:51:35 GMT', 'content-type': 'application/json; charset=UTF-8', 'x-openstack-request-id': 'req-85cc4b6f-becf-4dd1-a5a1-7706292028f0'}
        Body: {"security_group_rule": {"remote_group_id": null, "direction": "egress", "remote_ip_prefix": null, "protocol": "icmp", "ethertype": "IPv6", "tenant_id": "2eb778b3dfff43a2b40e6380d814786f", "port_range_max": null, "port_range_min": null, "id": "074bc39f-706e-4c94-a95e-4a7c7b710ed6", "security_group_id": "bc3ab1fe-fdc7-469f-b6fe-ab329eb9da54"}}
2015-12-17 14:51:35,851 21942 INFO     [tempest_lib.common.rest_client] Request (TestNetworkAdvancedServerOps:test_server_connectivity_pause_unpause): 201 POST http://10.0.2.15:9696/v2.0/networks 0.187s
2015-12-17 14:51:35,852 21942 DEBUG    [tempest_lib.common.rest_client] Request - Headers: {'Content-Type': 'application/json', 'Accept': 'application/json', 'X-Auth-Token': '&lt;omitted&gt;'}
        Body: {"network": {"tenant_id": "2eb778b3dfff43a2b40e6380d814786f", "name": "tempest-network-smoke--1781519692"}}
    Response - Headers: {'status': '201', 'content-length': '329', 'connection': 'close', 'date': 'Thu, 17 Dec 2015 14:51:35 GMT', 'content-type': 'application/json; charset=UTF-8', 'x-openstack-request-id': 'req-21f6a4fc-e515-442e-aca9-1c42fdc60a32'}
        Body: {"network": {"status": "ACTIVE", "subnets": [], "availability_zone_hints": "[]", "name": "tempest-network-smoke--1781519692", "admin_state_up": true, "tenant_id": "2eb778b3dfff43a2b40e6380d814786f", "mtu": 0, "router:external": false, "shared": false, "port_security_enabled": true, "id": "83dcf89d-5646-43ad-b0b6-baf9dc6b9908"}}
2015-12-17 14:51:35,947 21942 INFO     [tempest_lib.common.rest_client] Request (TestNetworkAdvancedServerOps:test_server_connectivity_pause_unpause): 201 POST http://10.0.2.15:9696/v2.0/routers 0.094s
2015-12-17 14:51:35,948 21942 DEBUG    [tempest_lib.common.rest_client] Request - Headers: {'Content-Type': 'application/json', 'Accept': 'application/json', 'X-Auth-Token': '&lt;omitted&gt;'}
        Body: {"router": {"tenant_id": "2eb778b3dfff43a2b40e6380d814786f", "name": "tempest-router-smoke-1219575591", "admin_state_up": true}}
    Response - Headers: {'status': '201', 'content-length': '296', 'connection': 'close', 'date': 'Thu, 17 Dec 2015 14:51:35 GMT', 'content-type': 'application/json; charset=UTF-8', 'x-openstack-request-id': 'req-ab028a40-77c1-4bb3-9a47-05e0603e6d6e'}
        Body: {"router": {"status": "ACTIVE", "external_gateway_info": null, "availability_zone_hints": [], "availability_zones": [], "name": "tempest-router-smoke-1219575591", "admin_state_up": true, "tenant_id": "2eb778b3dfff43a2b40e6380d814786f", "routes": [], "id": "9201676e-fff9-4867-9b26-dd50b2b85480"}}
2015-12-17 14:51:35,999 21942 INFO     [tempest_lib.common.rest_client] Request (TestNetworkAdvancedServerOps:test_server_connectivity_pause_unpause): 200 GET http://10.0.2.15:9696/v2.0/routers/9201676e-fff9-4867-9b26-dd50b2b85480 0.050s
2015-12-17 14:51:36,000 21942 DEBUG    [tempest_lib.common.rest_client] Request - Headers: {'Content-Type': 'application/json', 'Accept': 'application/json', 'X-Auth-Token': '&lt;omitted&gt;'}
        Body: None
    Response - Headers: {'status': '200', 'content-length': '296', 'content-location': 'http://10.0.2.15:9696/v2.0/routers/9201676e-fff9-4867-9b26-dd50b2b85480', 'connection': 'close', 'date': 'Thu, 17 Dec 2015 14:51:35 GMT', 'content-type': 'application/json; charset=UTF-8', 'x-openstack-request-id': 'req-39bf4371-a238-439d-a8e5-8af5d3198906'}
        Body: {"router": {"status": "ACTIVE", "external_gateway_info": null, "availability_zone_hints": [], "availability_zones": [], "name": "tempest-router-smoke-1219575591", "admin_state_up": true, "tenant_id": "2eb778b3dfff43a2b40e6380d814786f", "routes": [], "id": "9201676e-fff9-4867-9b26-dd50b2b85480"}}
2015-12-17 14:51:36,692 21942 INFO     [tempest_lib.common.rest_client] Request (TestNetworkAdvancedServerOps:test_server_connectivity_pause_unpause): 200 PUT http://10.0.2.15:9696/v2.0/routers/9201676e-fff9-4867-9b26-dd50b2b85480 0.690s
2015-12-17 14:51:36,693 21942 DEBUG    [tempest_lib.common.rest_client] Request - Headers: {'Content-Type': 'application/json', 'Accept': 'application/json', 'X-Auth-Token': '&lt;omitted&gt;'}
        Body: {"router": {"external_gateway_info": {"network_id": "422248d2-be9e-4940-ad80-7ab581671e81"}, "name": "tempest-router-smoke-1219575591", "admin_state_up": true}}
    Response - Headers: {'status': '200', 'content-length': '558', 'connection': 'close', 'date': 'Thu, 17 Dec 2015 14:51:36 GMT', 'content-type': 'application/json; charset=UTF-8', 'x-openstack-request-id': 'req-c8c489cc-0c8e-4969-9f37-de44d335d1c2'}
        Body: {"router": {"status": "ACTIVE", "external_gateway_info": {"network_id": "422248d2-be9e-4940-ad80-7ab581671e81", "enable_snat": true, "external_fixed_ips": [{"subnet_id": "fb68fc8c-af9f-4daa-af85-d1fe99e1f064", "ip_address": "172.24.4.3"}, {"subnet_id": "3ad51af1-fad6-4f89-ac39-76a0734eb84a", "ip_address": "2001:db8::3"}]}, "availability_zone_hints": [], "availability_zones": [], "name": "tempest-router-smoke-1219575591", "admin_state_up": true, "tenant_id": "2eb778b3dfff43a2b40e6380d814786f", "routes": [], "id": "9201676e-fff9-4867-9b26-dd50b2b85480"}}
2015-12-17 14:51:36,855 21942 INFO     [tempest_lib.common.rest_client] Request (TestNetworkAdvancedServerOps:test_server_connectivity_pause_unpause): 200 GET http://10.0.2.15:9696/v2.0/subnets?tenant_id=2eb778b3dfff43a2b40e6380d814786f&amp;cidr=10.100.0.0%2F28 0.160s
2015-12-17 14:51:36,855 21942 DEBUG    [tempest_lib.common.rest_client] Request - Headers: {'Content-Type': 'application/json', 'Accept': 'application/json', 'X-Auth-Token': '&lt;omitted&gt;'}
        Body: None
    Response - Headers: {'status': '200', 'content-length': '15', 'content-location': 'http://10.0.2.15:9696/v2.0/subnets?tenant_id=2eb778b3dfff43a2b40e6380d814786f&amp;cidr=10.100.0.0%2F28', 'connection': 'close', 'date': 'Thu, 17 Dec 2015 14:51:36 GMT', 'content-type': 'application/json; charset=UTF-8', 'x-openstack-request-id': 'req-64a25bb2-98ae-409b-ab8a-d1051958206d'}
        Body: {"subnets": []}
2015-12-17 14:51:37,180 21942 INFO     [tempest_lib.common.rest_client] Request (TestNetworkAdvancedServerOps:test_server_connectivity_pause_unpause): 201 POST http://10.0.2.15:9696/v2.0/subnets 0.324s
2015-12-17 14:51:37,181 21942 DEBUG    [tempest_lib.common.rest_client] Request - Headers: {'Content-Type': 'application/json', 'Accept': 'application/json', 'X-Auth-Token': '&lt;omitted&gt;'}
        Body: {"subnet": {"ip_version": 4, "tenant_id": "2eb778b3dfff43a2b40e6380d814786f", "cidr": "10.100.0.0/28", "network_id": "83dcf89d-5646-43ad-b0b6-baf9dc6b9908", "name": "tempest-subnet-smoke-1615464689"}}
    Response - Headers: {'status': '201', 'content-length': '478', 'connection': 'close', 'date': 'Thu, 17 Dec 2015 14:51:37 GMT', 'content-type': 'application/json; charset=UTF-8', 'x-openstack-request-id': 'req-8349ecbd-d419-406d-82d6-c365bc513a25'}
        Body: {"subnet": {"name": "tempest-subnet-smoke-1615464689", "enable_dhcp": true, "network_id": "83dcf89d-5646-43ad-b0b6-baf9dc6b9908", "tenant_id": "2eb778b3dfff43a2b40e6380d814786f", "dns_nameservers": [], "gateway_ip": "10.100.0.1", "ipv6_ra_mode": null, "allocation_pools": [{"start": "10.100.0.2", "end": "10.100.0.14"}], "host_routes": [], "ip_version": 4, "ipv6_address_mode": null, "cidr": "10.100.0.0/28", "id": "e351f28b-81e9-4326-ad86-c9a953f521b2", "subnetpool_id": null}}
2015-12-17 14:51:37,839 21942 INFO     [tempest_lib.common.rest_client] Request (TestNetworkAdvancedServerOps:test_server_connectivity_pause_unpause): 200 PUT http://10.0.2.15:9696/v2.0/routers/9201676e-fff9-4867-9b26-dd50b2b85480/add_router_interface 0.657s
2015-12-17 14:51:37,839 21942 DEBUG    [tempest_lib.common.rest_client] Request - Headers: {'Content-Type': 'application/json', 'Accept': 'application/json', 'X-Auth-Token': '&lt;omitted&gt;'}
        Body: {"subnet_id": "e351f28b-81e9-4326-ad86-c9a953f521b2"}
    Response - Headers: {'status': '200', 'content-length': '255', 'connection': 'close', 'date': 'Thu, 17 Dec 2015 14:51:37 GMT', 'content-type': 'application/json; charset=UTF-8', 'x-openstack-request-id': 'req-edefd524-b122-456b-8d11-ab75589526c3'}
        Body: {"subnet_id": "e351f28b-81e9-4326-ad86-c9a953f521b2", "tenant_id": "2eb778b3dfff43a2b40e6380d814786f", "subnet_ids": ["e351f28b-81e9-4326-ad86-c9a953f521b2"], "port_id": "aafd9d4b-f6d1-43a7-a354-85df67fe77d1", "id": "9201676e-fff9-4867-9b26-dd50b2b85480"}
2015-12-17 14:51:37,931 21942 INFO     [tempest_lib.common.rest_client] Request (TestNetworkAdvancedServerOps:test_server_connectivity_pause_unpause): 200 POST http://10.0.2.15:5000/v2.0/tokens
2015-12-17 14:51:37,931 21942 DEBUG    [tempest_lib.common.rest_client] Request - Headers: {'Content-Type': 'application/json', 'Accept': 'application/json'}
        Body: &lt;omitted&gt;
    Response - Headers: {'status': '200', 'content-length': '2564', 'vary': 'X-Auth-Token', 'server': 'Apache/2.4.7 (Ubuntu)', 'connection': 'close', 'date': 'Thu, 17 Dec 2015 14:51:37 GMT', 'content-type': 'application/json', 'x-openstack-request-id': 'req-99761cae-a2f1-4733-9253-57138b5de869'}
        Body: {"access": {"token": {"issued_at": "2015-12-17T14:51:37.922641", "expires": "2015-12-17T15:51:37Z", "id": "fad7eded247b48268f21273c97524ecf", "tenant": {"description": "tempest-TestNetworkAdvancedServerOps-827297433-desc", "enabled": true, "id": "2eb778b3dfff43a2b40e6380d814786f", "name": "tempest-TestNetworkAdvancedServerOps-827297433"}, "audit_ids": ["m-VybVbWS0KdeD-XhcA_Sw"]}, "serviceCatalog": [{"endpoints": [{"adminURL": "http://10.0.2.15:8774/v2.1/2eb778b3dfff43a2b40e6380d814786f", "region": "RegionOne", "internalURL": "http://10.0.2.15:8774/v2.1/2eb778b3dfff43a2b40e6380d814786f", "id": "cfb36e28bceb4d78897414f3497f70e7", "publicURL": "http://10.0.2.15:8774/v2.1/2eb778b3dfff43a2b40e6380d814786f"}], "endpoints_links": [], "type": "compute", "name": "nova"}, {"endpoints": [{"adminURL": "http://10.0.2.15:9696/", "region": "RegionOne", "internalURL": "http://10.0.2.15:9696/", "id": "434bbe77804a42d182f6df33ed38db53", "publicURL": "http://10.0.2.15:9696/"}], "endpoints_links": [], "type": "network", "name": "neutron"}, {"endpoints": [{"adminURL": "http://10.0.2.15:9292", "region": "RegionOne", "internalURL": "http://10.0.2.15:9292", "id": "1834985e967f46499c329fe684afb78c", "publicURL": "http://10.0.2.15:9292"}], "endpoints_links": [], "type": "image", "name": "glance"}, {"endpoints": [{"adminURL": "http://10.0.2.15:8774/v2/2eb778b3dfff43a2b40e6380d814786f", "region": "RegionOne", "internalURL": "http://10.0.2.15:8774/v2/2eb778b3dfff43a2b40e6380d814786f", "id": "521a9c87a83c467fa577c5f1bd86f913", "publicURL": "http://10.0.2.15:8774/v2/2eb778b3dfff43a2b40e6380d814786f"}], "endpoints_links": [], "type": "compute_legacy", "name": "nova_legacy"}, {"endpoints": [{"adminURL": "http://10.0.2.15:8773/", "region": "RegionOne", "internalURL": "http://10.0.2.15:8773/", "id": "ad56671214f0411eafdfa2ce82656dd2", "publicURL": "http://10.0.2.15:8773/"}], "endpoints_links": [], "type": "ec2", "name": "ec2"}, {"endpoints": [{"adminURL": "http://10.0.2.15:35357/v2.0", "region": "RegionOne", "internalURL": "http://10.0.2.15:5000/v2.0", "id": "801fa0826c4644368ccaa6ba01f8915f", "publicURL": "http://10.0.2.15:5000/v2.0"}], "endpoints_links": [], "type": "identity", "name": "keystone"}], "user": {"username": "tempest-TestNetworkAdvancedServerOps-1784856032", "roles_links": [], "id": "4f08448f6aaa480aba6cc5cbff2c4a60", "roles": [{"name": "Member"}, {"name": "_member_"}], "name": "tempest-TestNetworkAdvancedServerOps-1784856032"}, "metadata": {"is_admin": 0, "roles": ["5f55ad8509c0410b9a754627bd1f1dbe", "9fe2ff9ee4384b1894a90878d3e92bab"]}}}
2015-12-17 14:51:37,935 21942 DEBUG    [tempest.common.fixed_network] (TestNetworkAdvancedServerOps:test_server_connectivity_pause_unpause) No valid network provided or created, defaulting to fixed_network_name
2015-12-17 14:51:38,194 21942 INFO     [tempest_lib.common.rest_client] Request (TestNetworkAdvancedServerOps:test_server_connectivity_pause_unpause): 200 GET http://10.0.2.15:8774/v2.1/2eb778b3dfff43a2b40e6380d814786f/os-networks 0.258s
2015-12-17 14:51:38,195 21942 DEBUG    [tempest_lib.common.rest_client] Request - Headers: {'Content-Type': 'application/json', 'Accept': 'application/json', 'X-Auth-Token': '&lt;omitted&gt;'}
        Body: None
    Response - Headers: {'status': '200', 'content-length': '479', 'content-location': 'http://10.0.2.15:8774/v2.1/2eb778b3dfff43a2b40e6380d814786f/os-networks', 'x-compute-request-id': 'req-179472d3-01e3-4bd1-b9ed-60ca6b3276fa', 'vary': 'X-OpenStack-Nova-API-Version', 'connection': 'close', 'x-openstack-nova-api-version': '2.1', 'date': 'Thu, 17 Dec 2015 14:51:38 GMT', 'content-type': 'application/json'}
        Body: {"networks": [{"cidr_v6": null, "dns2": null, "dns1": null, "gateway": null, "broadcast": null, "netmask": null, "gateway_v6": null, "cidr": null, "label": "tempest-network-smoke--1781519692", "id": "83dcf89d-5646-43ad-b0b6-baf9dc6b9908", "netmask_v6": null}, {"cidr_v6": null, "dns2": null, "dns1": null, "gateway": null, "broadcast": null, "netmask": null, "gateway_v6": null, "cidr": null, "label": "public", "id": "422248d2-be9e-4940-ad80-7ab581671e81", "netmask_v6": null}]}
2015-12-17 14:51:38,195 21942 WARNING  [tempest.common.fixed_network] (TestNetworkAdvancedServerOps:test_server_connectivity_pause_unpause) Network with name: private not found
2015-12-17 14:51:38,195 21942 INFO     [tempest.common.fixed_network] (TestNetworkAdvancedServerOps:test_server_connectivity_pause_unpause) Found network {} available for tenant
2015-12-17 14:51:39,623 21942 INFO     [tempest_lib.common.rest_client] Request (TestNetworkAdvancedServerOps:test_server_connectivity_pause_unpause): 202 POST http://10.0.2.15:8774/v2.1/2eb778b3dfff43a2b40e6380d814786f/servers 1.426s
2015-12-17 14:51:39,623 21942 DEBUG    [tempest_lib.common.rest_client] Request - Headers: {'Content-Type': 'application/json', 'Accept': 'application/json', 'X-Auth-Token': '&lt;omitted&gt;'}
        Body: {"server": {"name": "tempest.common.compute-instance-1205488399", "imageRef": "b328f840-30cf-4810-816d-36543d397a56", "key_name": "tempest-TestNetworkAdvancedServerOps-318199397", "flavorRef": "42", "networks": [{"uuid": "83dcf89d-5646-43ad-b0b6-baf9dc6b9908"}], "security_groups": [{"name": "tempest-secgroup-smoke-254393751"}]}}
    Response - Headers: {'status': '202', 'content-length': '461', 'x-compute-request-id': 'req-2305f495-f83f-4455-ab0b-2249b2a101ee', 'vary': 'X-OpenStack-Nova-API-Version', 'connection': 'close', 'location': 'http://10.0.2.15:8774/v2.1/2eb778b3dfff43a2b40e6380d814786f/servers/3852ff0a-e40f-46fc-a776-d87a8503d674', 'x-openstack-nova-api-version': '2.1', 'date': 'Thu, 17 Dec 2015 14:51:39 GMT', 'content-type': 'application/json'}
        Body: {"server": {"security_groups": [{"name": "tempest-secgroup-smoke-254393751"}], "OS-DCF:diskConfig": "MANUAL", "id": "3852ff0a-e40f-46fc-a776-d87a8503d674", "links": [{"href": "http://10.0.2.15:8774/v2.1/2eb778b3dfff43a2b40e6380d814786f/servers/3852ff0a-e40f-46fc-a776-d87a8503d674", "rel": "self"}, {"href": "http://10.0.2.15:8774/2eb778b3dfff43a2b40e6380d814786f/servers/3852ff0a-e40f-46fc-a776-d87a8503d674", "rel": "bookmark"}], "adminPass": "mX8Cwukib45F"}}
2015-12-17 14:51:39,892 21942 INFO     [tempest_lib.common.rest_client] Request (TestNetworkAdvancedServerOps:test_server_connectivity_pause_unpause): 200 GET http://10.0.2.15:8774/v2.1/2eb778b3dfff43a2b40e6380d814786f/servers/3852ff0a-e40f-46fc-a776-d87a8503d674 0.264s
2015-12-17 14:51:39,893 21942 DEBUG    [tempest_lib.common.rest_client] Request - Headers: {'Content-Type': 'application/json', 'Accept': 'application/json', 'X-Auth-Token': '&lt;omitted&gt;'}
        Body: None
    Response - Headers: {'status': '200', 'content-length': '1364', 'content-location': 'http://10.0.2.15:8774/v2.1/2eb778b3dfff43a2b40e6380d814786f/servers/3852ff0a-e40f-46fc-a776-d87a8503d674', 'x-compute-request-id': 'req-3035aa01-e7e6-4395-9cc5-699d2a26ac6f', 'vary': 'X-OpenStack-Nova-API-Version', 'connection': 'close', 'x-openstack-nova-api-version': '2.1', 'date': 'Thu, 17 Dec 2015 14:51:39 GMT', 'content-type': 'application/json'}
        Body: {"server": {"status": "BUILD", "updated": "2015-12-17T14:51:39Z", "hostId": "", "addresses": {}, "links": [{"href": "http://10.0.2.15:8774/v2.1/2eb778b3dfff43a2b40e6380d814786f/servers/3852ff0a-e40f-46fc-a776-d87a8503d674", "rel": "self"}, {"href": "http://10.0.2.15:8774/2eb778b3dfff43a2b40e6380d814786f/servers/3852ff0a-e40f-46fc-a776-d87a8503d674", "rel": "bookmark"}], "key_name": "tempest-TestNetworkAdvancedServerOps-318199397", "image": {"id": "b328f840-30cf-4810-816d-36543d397a56", "links": [{"href": "http://10.0.2.15:8774/2eb778b3dfff43a2b40e6380d814786f/images/b328f840-30cf-4810-816d-36543d397a56", "rel": "bookmark"}]}, "OS-EXT-STS:task_state": "scheduling", "OS-EXT-STS:vm_state": "building", "OS-SRV-USG:launched_at": null, "flavor": {"id": "42", "links": [{"href": "http://10.0.2.15:8774/2eb778b3dfff43a2b40e6380d814786f/flavors/42", "rel": "bookmark"}]}, "id": "3852ff0a-e40f-46fc-a776-d87a8503d674", "OS-SRV-USG:terminated_at": null, "OS-EXT-AZ:availability_zone": "", "user_id": "4f08448f6aaa480aba6cc5cbff2c4a60", "name": "tempest.common.compute-instance-1205488399", "created": "2015-12-17T14:51:39Z", "tenant_id": "2eb778b3dfff43a2b40e6380d814786f", "OS-DCF:diskConfig": "MANUAL", "os-extended-volumes:volumes_attached": [], "accessIPv4": "", "accessIPv6": "", "progress": 0, "OS-EXT-STS:power_state": 0, "config_drive": "", "metadata": {}}}
2015-12-17 14:51:41,199 21942 INFO     [tempest_lib.common.rest_client] Request (TestNetworkAdvancedServerOps:test_server_connectivity_pause_unpause): 200 GET http://10.0.2.15:8774/v2.1/2eb778b3dfff43a2b40e6380d814786f/servers/3852ff0a-e40f-46fc-a776-d87a8503d674 0.288s
2015-12-17 14:51:41,199 21942 DEBUG    [tempest_lib.common.rest_client] Request - Headers: {'Content-Type': 'application/json', 'Accept': 'application/json', 'X-Auth-Token': '&lt;omitted&gt;'}
        Body: None
    Response - Headers: {'status': '200', 'content-length': '1489', 'content-location': 'http://10.0.2.15:8774/v2.1/2eb778b3dfff43a2b40e6380d814786f/servers/3852ff0a-e40f-46fc-a776-d87a8503d674', 'x-compute-request-id': 'req-02719415-782f-4ffe-8e7d-439dce3e75c4', 'vary': 'X-OpenStack-Nova-API-Version', 'connection': 'close', 'x-openstack-nova-api-version': '2.1', 'date': 'Thu, 17 Dec 2015 14:51:41 GMT', 'content-type': 'application/json'}
        Body: {"server": {"status": "BUILD", "updated": "2015-12-17T14:51:40Z", "hostId": "2b06b2131338b5a2e0880b94de465bae318515dc9b3c0011cf5f2a2a", "addresses": {}, "links": [{"href": "http://10.0.2.15:8774/v2.1/2eb778b3dfff43a2b40e6380d814786f/servers/3852ff0a-e40f-46fc-a776-d87a8503d674", "rel": "self"}, {"href": "http://10.0.2.15:8774/2eb778b3dfff43a2b40e6380d814786f/servers/3852ff0a-e40f-46fc-a776-d87a8503d674", "rel": "bookmark"}], "key_name": "tempest-TestNetworkAdvancedServerOps-318199397", "image": {"id": "b328f840-30cf-4810-816d-36543d397a56", "links": [{"href": "http://10.0.2.15:8774/2eb778b3dfff43a2b40e6380d814786f/images/b328f840-30cf-4810-816d-36543d397a56", "rel": "bookmark"}]}, "OS-EXT-STS:task_state": "spawning", "OS-EXT-STS:vm_state": "building", "OS-SRV-USG:launched_at": null, "flavor": {"id": "42", "links": [{"href": "http://10.0.2.15:8774/2eb778b3dfff43a2b40e6380d814786f/flavors/42", "rel": "bookmark"}]}, "id": "3852ff0a-e40f-46fc-a776-d87a8503d674", "security_groups": [{"name": "tempest-secgroup-smoke-254393751"}], "OS-SRV-USG:terminated_at": null, "OS-EXT-AZ:availability_zone": "nova", "user_id": "4f08448f6aaa480aba6cc5cbff2c4a60", "name": "tempest.common.compute-instance-1205488399", "created": "2015-12-17T14:51:39Z", "tenant_id": "2eb778b3dfff43a2b40e6380d814786f", "OS-DCF:diskConfig": "MANUAL", "os-extended-volumes:volumes_attached": [], "accessIPv4": "", "accessIPv6": "", "progress": 0, "OS-EXT-STS:power_state": 0, "config_drive": "", "metadata": {}}}
2015-12-17 14:51:41,209 21942 INFO     [tempest.common.waiters] State transition "BUILD/scheduling" ==&gt; "BUILD/spawning" after 2 second wait
2015-12-17 14:51:42,573 21942 INFO     [tempest_lib.common.rest_client] Request (TestNetworkAdvancedServerOps:test_server_connectivity_pause_unpause): 200 GET http://10.0.2.15:8774/v2.1/2eb778b3dfff43a2b40e6380d814786f/servers/3852ff0a-e40f-46fc-a776-d87a8503d674 0.362s
2015-12-17 14:51:42,573 21942 DEBUG    [tempest_lib.common.rest_client] Request - Headers: {'Content-Type': 'application/json', 'Accept': 'application/json', 'X-Auth-Token': '&lt;omitted&gt;'}
        Body: None
    Response - Headers: {'status': '200', 'content-length': '1489', 'content-location': 'http://10.0.2.15:8774/v2.1/2eb778b3dfff43a2b40e6380d814786f/servers/3852ff0a-e40f-46fc-a776-d87a8503d674', 'x-compute-request-id': 'req-15696da8-1ead-4764-b48f-47611c3c8e1a', 'vary': 'X-OpenStack-Nova-API-Version', 'connection': 'close', 'x-openstack-nova-api-version': '2.1', 'date': 'Thu, 17 Dec 2015 14:51:42 GMT', 'content-type': 'application/json'}
        Body: {"server": {"status": "BUILD", "updated": "2015-12-17T14:51:40Z", "hostId": "2b06b2131338b5a2e0880b94de465bae318515dc9b3c0011cf5f2a2a", "addresses": {}, "links": [{"href": "http://10.0.2.15:8774/v2.1/2eb778b3dfff43a2b40e6380d814786f/servers/3852ff0a-e40f-46fc-a776-d87a8503d674", "rel": "self"}, {"href": "http://10.0.2.15:8774/2eb778b3dfff43a2b40e6380d814786f/servers/3852ff0a-e40f-46fc-a776-d87a8503d674", "rel": "bookmark"}], "key_name": "tempest-TestNetworkAdvancedServerOps-318199397", "image": {"id": "b328f840-30cf-4810-816d-36543d397a56", "links": [{"href": "http://10.0.2.15:8774/2eb778b3dfff43a2b40e6380d814786f/images/b328f840-30cf-4810-816d-36543d397a56", "rel": "bookmark"}]}, "OS-EXT-STS:task_state": "spawning", "OS-EXT-STS:vm_state": "building", "OS-SRV-USG:launched_at": null, "flavor": {"id": "42", "links": [{"href": "http://10.0.2.15:8774/2eb778b3dfff43a2b40e6380d814786f/flavors/42", "rel": "bookmark"}]}, "id": "3852ff0a-e40f-46fc-a776-d87a8503d674", "security_groups": [{"name": "tempest-secgroup-smoke-254393751"}], "OS-SRV-USG:terminated_at": null, "OS-EXT-AZ:availability_zone": "nova", "user_id": "4f08448f6aaa480aba6cc5cbff2c4a60", "name": "tempest.common.compute-instance-1205488399", "created": "2015-12-17T14:51:39Z", "tenant_id": "2eb778b3dfff43a2b40e6380d814786f", "OS-DCF:diskConfig": "MANUAL", "os-extended-volumes:volumes_attached": [], "accessIPv4": "", "accessIPv6": "", "progress": 0, "OS-EXT-STS:power_state": 0, "config_drive": "", "metadata": {}}}
2015-12-17 14:51:43,825 21942 INFO     [tempest_lib.common.rest_client] Request (TestNetworkAdvancedServerOps:test_server_connectivity_pause_unpause): 200 GET http://10.0.2.15:8774/v2.1/2eb778b3dfff43a2b40e6380d814786f/servers/3852ff0a-e40f-46fc-a776-d87a8503d674 0.241s
2015-12-17 14:51:43,826 21942 DEBUG    [tempest_lib.common.rest_client] Request - Headers: {'Content-Type': 'application/json', 'Accept': 'application/json', 'X-Auth-Token': '&lt;omitted&gt;'}
        Body: None
    Response - Headers: {'status': '200', 'content-length': '1661', 'content-location': 'http://10.0.2.15:8774/v2.1/2eb778b3dfff43a2b40e6380d814786f/servers/3852ff0a-e40f-46fc-a776-d87a8503d674', 'x-compute-request-id': 'req-1121771e-c199-447c-a36d-42f8d64f2e96', 'vary': 'X-OpenStack-Nova-API-Version', 'connection': 'close', 'x-openstack-nova-api-version': '2.1', 'date': 'Thu, 17 Dec 2015 14:51:43 GMT', 'content-type': 'application/json'}
        Body: {"server": {"status": "ACTIVE", "updated": "2015-12-17T14:51:43Z", "hostId": "2b06b2131338b5a2e0880b94de465bae318515dc9b3c0011cf5f2a2a", "addresses": {"tempest-network-smoke--1781519692": [{"OS-EXT-IPS-MAC:mac_addr": "fa:16:3e:d5:1a:d7", "version": 4, "addr": "10.100.0.3", "OS-EXT-IPS:type": "fixed"}]}, "links": [{"href": "http://10.0.2.15:8774/v2.1/2eb778b3dfff43a2b40e6380d814786f/servers/3852ff0a-e40f-46fc-a776-d87a8503d674", "rel": "self"}, {"href": "http://10.0.2.15:8774/2eb778b3dfff43a2b40e6380d814786f/servers/3852ff0a-e40f-46fc-a776-d87a8503d674", "rel": "bookmark"}], "key_name": "tempest-TestNetworkAdvancedServerOps-318199397", "image": {"id": "b328f840-30cf-4810-816d-36543d397a56", "links": [{"href": "http://10.0.2.15:8774/2eb778b3dfff43a2b40e6380d814786f/images/b328f840-30cf-4810-816d-36543d397a56", "rel": "bookmark"}]}, "OS-EXT-STS:task_state": null, "OS-EXT-STS:vm_state": "active", "OS-SRV-USG:launched_at": "2015-12-17T14:51:43.000000", "flavor": {"id": "42", "links": [{"href": "http://10.0.2.15:8774/2eb778b3dfff43a2b40e6380d814786f/flavors/42", "rel": "bookmark"}]}, "id": "3852ff0a-e40f-46fc-a776-d87a8503d674", "security_groups": [{"name": "tempest-secgroup-smoke-254393751"}], "OS-SRV-USG:terminated_at": null, "OS-EXT-AZ:availability_zone": "nova", "user_id": "4f08448f6aaa480aba6cc5cbff2c4a60", "name": "tempest.common.compute-instance-1205488399", "created": "2015-12-17T14:51:39Z", "tenant_id": "2eb778b3dfff43a2b40e6380d814786f", "OS-DCF:diskConfig": "MANUAL", "os-extended-volumes:volumes_attached": [], "accessIPv4": "", "accessIPv6": "", "progress": 0, "OS-EXT-STS:power_state": 1, "config_drive": "True", "metadata": {}}}
2015-12-17 14:51:43,835 21942 INFO     [tempest.common.waiters] State transition "BUILD/spawning" ==&gt; "ACTIVE/None" after 4 second wait
2015-12-17 14:51:44,043 21942 INFO     [tempest_lib.common.rest_client] Request (TestNetworkAdvancedServerOps:test_server_connectivity_pause_unpause): 200 GET http://10.0.2.15:8774/v2.1/2eb778b3dfff43a2b40e6380d814786f/servers/3852ff0a-e40f-46fc-a776-d87a8503d674 0.208s
2015-12-17 14:51:44,044 21942 DEBUG    [tempest_lib.common.rest_client] Request - Headers: {'Content-Type': 'application/json', 'Accept': 'application/json', 'X-Auth-Token': '&lt;omitted&gt;'}
        Body: None
    Response - Headers: {'status': '200', 'content-length': '1661', 'content-location': 'http://10.0.2.15:8774/v2.1/2eb778b3dfff43a2b40e6380d814786f/servers/3852ff0a-e40f-46fc-a776-d87a8503d674', 'x-compute-request-id': 'req-4e272a99-1630-4aee-942c-4146457b8cc9', 'vary': 'X-OpenStack-Nova-API-Version', 'connection': 'close', 'x-openstack-nova-api-version': '2.1', 'date': 'Thu, 17 Dec 2015 14:51:44 GMT', 'content-type': 'application/json'}
        Body: {"server": {"status": "ACTIVE", "updated": "2015-12-17T14:51:43Z", "hostId": "2b06b2131338b5a2e0880b94de465bae318515dc9b3c0011cf5f2a2a", "addresses": {"tempest-network-smoke--1781519692": [{"OS-EXT-IPS-MAC:mac_addr": "fa:16:3e:d5:1a:d7", "version": 4, "addr": "10.100.0.3", "OS-EXT-IPS:type": "fixed"}]}, "links": [{"href": "http://10.0.2.15:8774/v2.1/2eb778b3dfff43a2b40e6380d814786f/servers/3852ff0a-e40f-46fc-a776-d87a8503d674", "rel": "self"}, {"href": "http://10.0.2.15:8774/2eb778b3dfff43a2b40e6380d814786f/servers/3852ff0a-e40f-46fc-a776-d87a8503d674", "rel": "bookmark"}], "key_name": "tempest-TestNetworkAdvancedServerOps-318199397", "image": {"id": "b328f840-30cf-4810-816d-36543d397a56", "links": [{"href": "http://10.0.2.15:8774/2eb778b3dfff43a2b40e6380d814786f/images/b328f840-30cf-4810-816d-36543d397a56", "rel": "bookmark"}]}, "OS-EXT-STS:task_state": null, "OS-EXT-STS:vm_state": "active", "OS-SRV-USG:launched_at": "2015-12-17T14:51:43.000000", "flavor": {"id": "42", "links": [{"href": "http://10.0.2.15:8774/2eb778b3dfff43a2b40e6380d814786f/flavors/42", "rel": "bookmark"}]}, "id": "3852ff0a-e40f-46fc-a776-d87a8503d674", "security_groups": [{"name": "tempest-secgroup-smoke-254393751"}], "OS-SRV-USG:terminated_at": null, "OS-EXT-AZ:availability_zone": "nova", "user_id": "4f08448f6aaa480aba6cc5cbff2c4a60", "name": "tempest.common.compute-instance-1205488399", "created": "2015-12-17T14:51:39Z", "tenant_id": "2eb778b3dfff43a2b40e6380d814786f", "OS-DCF:diskConfig": "MANUAL", "os-extended-volumes:volumes_attached": [], "accessIPv4": "", "accessIPv6": "", "progress": 0, "OS-EXT-STS:power_state": 1, "config_drive": "True", "metadata": {}}}
2015-12-17 14:51:44,086 21942 INFO     [tempest_lib.common.rest_client] Request (TestNetworkAdvancedServerOps:test_server_connectivity_pause_unpause): 200 GET http://10.0.2.15:9696/v2.0/ports?status=ACTIVE&amp;fixed_ip=None&amp;device_id=3852ff0a-e40f-46fc-a776-d87a8503d674 0.033s
2015-12-17 14:51:44,086 21942 DEBUG    [tempest_lib.common.rest_client] Request - Headers: {'Content-Type': 'application/json', 'Accept': 'application/json', 'X-Auth-Token': '&lt;omitted&gt;'}
        Body: None
    Response - Headers: {'status': '200', 'content-length': '895', 'content-location': 'http://10.0.2.15:9696/v2.0/ports?status=ACTIVE&amp;fixed_ip=None&amp;device_id=3852ff0a-e40f-46fc-a776-d87a8503d674', 'connection': 'close', 'date': 'Thu, 17 Dec 2015 14:51:44 GMT', 'content-type': 'application/json; charset=UTF-8', 'x-openstack-request-id': 'req-6f2608db-4d71-40c5-bb39-3cdccbdebd27'}
        Body: {"ports": [{"status": "ACTIVE", "binding:host_id": "vagrant-ubuntu-trusty-64", "allowed_address_pairs": [], "extra_dhcp_opts": [], "dns_assignment": [{"hostname": "host-10-100-0-3", "ip_address": "10.100.0.3", "fqdn": "host-10-100-0-3.openstacklocal."}], "device_owner": "compute:None", "port_security_enabled": true, "binding:profile": {}, "fixed_ips": [{"subnet_id": "e351f28b-81e9-4326-ad86-c9a953f521b2", "ip_address": "10.100.0.3"}], "id": "1cbc24f5-16a1-493c-b13c-74ca08fbbe57", "security_groups": ["bc3ab1fe-fdc7-469f-b6fe-ab329eb9da54"], "device_id": "3852ff0a-e40f-46fc-a776-d87a8503d674", "name": "", "admin_state_up": true, "network_id": "83dcf89d-5646-43ad-b0b6-baf9dc6b9908", "dns_name": "", "binding:vif_details": {"port_filter": true}, "binding:vnic_type": "normal", "binding:vif_type": "ovs", "tenant_id": "2eb778b3dfff43a2b40e6380d814786f", "mac_address": "fa:16:3e:d5:1a:d7"}]}
2015-12-17 14:51:44,750 21942 INFO     [tempest_lib.common.rest_client] Request (TestNetworkAdvancedServerOps:test_server_connectivity_pause_unpause): 201 POST http://10.0.2.15:9696/v2.0/floatingips 0.662s
2015-12-17 14:51:44,750 21942 DEBUG    [tempest_lib.common.rest_client] Request - Headers: {'Content-Type': 'application/json', 'Accept': 'application/json', 'X-Auth-Token': '&lt;omitted&gt;'}
        Body: {"floatingip": {"floating_network_id": "422248d2-be9e-4940-ad80-7ab581671e81", "tenant_id": "2eb778b3dfff43a2b40e6380d814786f", "fixed_ip_address": "10.100.0.3", "port_id": "1cbc24f5-16a1-493c-b13c-74ca08fbbe57"}}
    Response - Headers: {'status': '201', 'content-length': '367', 'connection': 'close', 'date': 'Thu, 17 Dec 2015 14:51:44 GMT', 'content-type': 'application/json; charset=UTF-8', 'x-openstack-request-id': 'req-3c558fe3-25e5-4190-bd9f-187052ec7ae6'}
        Body: {"floatingip": {"floating_network_id": "422248d2-be9e-4940-ad80-7ab581671e81", "router_id": "9201676e-fff9-4867-9b26-dd50b2b85480", "fixed_ip_address": "10.100.0.3", "floating_ip_address": "172.24.4.4", "tenant_id": "2eb778b3dfff43a2b40e6380d814786f", "status": "DOWN", "port_id": "1cbc24f5-16a1-493c-b13c-74ca08fbbe57", "id": "f6bfb026-2383-4cfa-a9ff-3a8577907798"}}
2015-12-17 14:51:45,005 21942 INFO     [tempest_lib.common.rest_client] Request (TestNetworkAdvancedServerOps:test_server_connectivity_pause_unpause): 200 GET http://10.0.2.15:8774/v2.1/2eb778b3dfff43a2b40e6380d814786f/servers/3852ff0a-e40f-46fc-a776-d87a8503d674 0.254s
2015-12-17 14:51:45,005 21942 DEBUG    [tempest_lib.common.rest_client] Request - Headers: {'Content-Type': 'application/json', 'Accept': 'application/json', 'X-Auth-Token': '&lt;omitted&gt;'}
        Body: None
    Response - Headers: {'status': '200', 'content-length': '1661', 'content-location': 'http://10.0.2.15:8774/v2.1/2eb778b3dfff43a2b40e6380d814786f/servers/3852ff0a-e40f-46fc-a776-d87a8503d674', 'x-compute-request-id': 'req-d563a433-c822-43f3-9ce9-d2366fa857f2', 'vary': 'X-OpenStack-Nova-API-Version', 'connection': 'close', 'x-openstack-nova-api-version': '2.1', 'date': 'Thu, 17 Dec 2015 14:51:45 GMT', 'content-type': 'application/json'}
        Body: {"server": {"status": "ACTIVE", "updated": "2015-12-17T14:51:43Z", "hostId": "2b06b2131338b5a2e0880b94de465bae318515dc9b3c0011cf5f2a2a", "addresses": {"tempest-network-smoke--1781519692": [{"OS-EXT-IPS-MAC:mac_addr": "fa:16:3e:d5:1a:d7", "version": 4, "addr": "10.100.0.3", "OS-EXT-IPS:type": "fixed"}]}, "links": [{"href": "http://10.0.2.15:8774/v2.1/2eb778b3dfff43a2b40e6380d814786f/servers/3852ff0a-e40f-46fc-a776-d87a8503d674", "rel": "self"}, {"href": "http://10.0.2.15:8774/2eb778b3dfff43a2b40e6380d814786f/servers/3852ff0a-e40f-46fc-a776-d87a8503d674", "rel": "bookmark"}], "key_name": "tempest-TestNetworkAdvancedServerOps-318199397", "image": {"id": "b328f840-30cf-4810-816d-36543d397a56", "links": [{"href": "http://10.0.2.15:8774/2eb778b3dfff43a2b40e6380d814786f/images/b328f840-30cf-4810-816d-36543d397a56", "rel": "bookmark"}]}, "OS-EXT-STS:task_state": null, "OS-EXT-STS:vm_state": "active", "OS-SRV-USG:launched_at": "2015-12-17T14:51:43.000000", "flavor": {"id": "42", "links": [{"href": "http://10.0.2.15:8774/2eb778b3dfff43a2b40e6380d814786f/flavors/42", "rel": "bookmark"}]}, "id": "3852ff0a-e40f-46fc-a776-d87a8503d674", "security_groups": [{"name": "tempest-secgroup-smoke-254393751"}], "OS-SRV-USG:terminated_at": null, "OS-EXT-AZ:availability_zone": "nova", "user_id": "4f08448f6aaa480aba6cc5cbff2c4a60", "name": "tempest.common.compute-instance-1205488399", "created": "2015-12-17T14:51:39Z", "tenant_id": "2eb778b3dfff43a2b40e6380d814786f", "OS-DCF:diskConfig": "MANUAL", "os-extended-volumes:volumes_attached": [], "accessIPv4": "", "accessIPv6": "", "progress": 0, "OS-EXT-STS:power_state": 1, "config_drive": "True", "metadata": {}}}
2015-12-17 14:51:45,014 21942 INFO     [tempest.scenario.manager] Tenant networks not configured to be reachable.
2015-12-17 14:51:45,027 21942 INFO     [tempest_lib.common.rest_client] Request (TestNetworkAdvancedServerOps:test_server_connectivity_pause_unpause): 200 GET http://10.0.2.15:9696/v2.0/floatingips/f6bfb026-2383-4cfa-a9ff-3a8577907798 0.013s
2015-12-17 14:51:45,027 21942 DEBUG    [tempest_lib.common.rest_client] Request - Headers: {'Content-Type': 'application/json', 'Accept': 'application/json', 'X-Auth-Token': '&lt;omitted&gt;'}
        Body: None
    Response - Headers: {'status': '200', 'content-length': '367', 'content-location': 'http://10.0.2.15:9696/v2.0/floatingips/f6bfb026-2383-4cfa-a9ff-3a8577907798', 'connection': 'close', 'date': 'Thu, 17 Dec 2015 14:51:45 GMT', 'content-type': 'application/json; charset=UTF-8', 'x-openstack-request-id': 'req-8c93e78b-689e-4580-ad83-0c8257c89b1c'}
        Body: {"floatingip": {"floating_network_id": "422248d2-be9e-4940-ad80-7ab581671e81", "router_id": "9201676e-fff9-4867-9b26-dd50b2b85480", "fixed_ip_address": "10.100.0.3", "floating_ip_address": "172.24.4.4", "tenant_id": "2eb778b3dfff43a2b40e6380d814786f", "status": "DOWN", "port_id": "1cbc24f5-16a1-493c-b13c-74ca08fbbe57", "id": "f6bfb026-2383-4cfa-a9ff-3a8577907798"}}
2015-12-17 14:51:46,043 21942 INFO     [tempest_lib.common.rest_client] Request (TestNetworkAdvancedServerOps:test_server_connectivity_pause_unpause): 200 GET http://10.0.2.15:9696/v2.0/floatingips/f6bfb026-2383-4cfa-a9ff-3a8577907798 0.013s
2015-12-17 14:51:46,043 21942 DEBUG    [tempest_lib.common.rest_client] Request - Headers: {'Content-Type': 'application/json', 'Accept': 'application/json', 'X-Auth-Token': '&lt;omitted&gt;'}
        Body: None
    Response - Headers: {'status': '200', 'content-length': '369', 'content-location': 'http://10.0.2.15:9696/v2.0/floatingips/f6bfb026-2383-4cfa-a9ff-3a8577907798', 'connection': 'close', 'date': 'Thu, 17 Dec 2015 14:51:46 GMT', 'content-type': 'application/json; charset=UTF-8', 'x-openstack-request-id': 'req-c09f87fd-59de-49d2-ace8-868ba35686ed'}
        Body: {"floatingip": {"floating_network_id": "422248d2-be9e-4940-ad80-7ab581671e81", "router_id": "9201676e-fff9-4867-9b26-dd50b2b85480", "fixed_ip_address": "10.100.0.3", "floating_ip_address": "172.24.4.4", "tenant_id": "2eb778b3dfff43a2b40e6380d814786f", "status": "ACTIVE", "port_id": "1cbc24f5-16a1-493c-b13c-74ca08fbbe57", "id": "f6bfb026-2383-4cfa-a9ff-3a8577907798"}}
2015-12-17 14:51:46,044 21942 INFO     [tempest.scenario.manager] FloatingIP: &lt;"FloatingIP" addr="172.24.4.4" id="f6bfb026-2383-4cfa-a9ff-3a8577907798"&gt; is at status: ACTIVE
2015-12-17 14:51:46,044 21942 DEBUG    [tempest.scenario.manager] checking network connections to IP 172.24.4.4 with user: cirros
2015-12-17 14:51:46,044 21942 DEBUG    [tempest.scenario.manager] TestNetworkAdvancedServerOps:test_server_connectivity_pause_unpause begins to ping 172.24.4.4 in 120 sec and the expected result is reachable
2015-12-17 14:53:46,364 21942 DEBUG    [tempest.scenario.manager] TestNetworkAdvancedServerOps:test_server_connectivity_pause_unpause finishes ping 172.24.4.4 in 120 sec and the ping result is unexpected
2015-12-17 14:53:46,366 21942 ERROR    [tempest.scenario.manager] Public network connectivity check failed
2015-12-17 14:53:46.366 21942 ERROR tempest.scenario.manager Traceback (most recent call last):
2015-12-17 14:53:46.366 21942 ERROR tempest.scenario.manager   File "tempest/scenario/manager.py", line 608, in check_public_network_connectivity
2015-12-17 14:53:46.366 21942 ERROR tempest.scenario.manager     should_connect=should_connect)
2015-12-17 14:53:46.366 21942 ERROR tempest.scenario.manager   File "tempest/scenario/manager.py", line 592, in check_vm_connectivity
2015-12-17 14:53:46.366 21942 ERROR tempest.scenario.manager     msg=msg)
2015-12-17 14:53:46.366 21942 ERROR tempest.scenario.manager   File "/usr/local/lib/python2.7/dist-packages/unittest2/case.py", line 702, in assertTrue
2015-12-17 14:53:46.366 21942 ERROR tempest.scenario.manager     raise self.failureException(msg)
2015-12-17 14:53:46.366 21942 ERROR tempest.scenario.manager AssertionError: False is not true : Timed out waiting for 172.24.4.4 to become reachable
2015-12-17 14:53:46.366 21942 ERROR tempest.scenario.manager 
2015-12-17 14:53:46,561 21942 INFO     [tempest_lib.common.rest_client] Request (TestNetworkAdvancedServerOps:test_server_connectivity_pause_unpause): 200 POST http://10.0.2.15:8774/v2.1/2eb778b3dfff43a2b40e6380d814786f/servers/3852ff0a-e40f-46fc-a776-d87a8503d674/action 0.190s
2015-12-17 14:53:46,561 21942 DEBUG    [tempest_lib.common.rest_client] Request - Headers: {'Content-Type': 'application/json', 'Accept': 'application/json', 'X-Auth-Token': '&lt;omitted&gt;'}
        Body: {"os-getConsoleOutput": {}}
    Response - Headers: {'status': '200', 'content-length': '17429', 'x-compute-request-id': 'req-85d8641c-3e22-4607-a1fd-30e63cb45577', 'vary': 'X-OpenStack-Nova-API-Version', 'connection': 'close', 'x-openstack-nova-api-version': '2.1', 'date': 'Thu, 17 Dec 2015 14:53:46 GMT', 'content-type': 'application/json'}
        Body: {"output": "[    0.000000] Initializing cgroup subsys cpuset\n[    0.000000] Initializing cgroup subsys cpu\n[    0.000000] Linux version 3.2.0-80-virtual (buildd@batsu) (gcc version 4.6.3 (Ubuntu/Linaro 4.6.3-1ubuntu5) ) #116-Ubuntu SMP Mon Mar 23 17:28:52 UTC 2015 (Ubuntu 3.2.0-80.116-virtual 3.2.68)\n[    0.000000] Command line: root=/dev/vda console=tty0 console=ttyS0 no_timer_check\n[    0.000000] KERNEL supported cpus:\n[    0.000000]   Intel GenuineIntel\n[    0.000000]   AMD AuthenticAMD\n[    0.000000]   Centaur CentaurHauls\n[    0.000000] BIOS-provided physical RAM map:\n[    0.000000]  BIOS-e820: 0000000000000000 - 000000000009fc00 (usable)\n[    0.000000]  BIOS-e820: 000000000009fc00 - 00000000000a0000 (reserved)\n[    0.000000]  BIOS-e820: 00000000000f0000 - 0000000000100000 (reserved)\n[    0.000000]  BIOS-e820: 0000000000100000 - 0000000003ffe000 (usable)\n[    0.000000]  BIOS-e820: 0000000003ffe000 - 0000000004000000 (reserved)\n[    0.000000]  BIOS-e820: 00000000fffc0000 - 0000000100000000 (reserved)\n[    0.000000] NX (Execute Disable) protection: active\n[    0.000000] SMBIOS 2.4 present.\n[    0.000000] No AGP bridge found\n[    0.000000] last_pfn = 0x3ffe max_arch_pfn = 0x400000000\n[    0.000000] x86 PAT enabled: cpu 0, old 0x7040600070406, new 0x7010600070106\n[    0.000000] found SMP MP-table at [ffff8800000f0b00] f0b00\n[    0.000000] init_memory_mapping: 0000000000000000-0000000003ffe000\n[    0.000000] RAMDISK: 03c5e000 - 03ff0000\n[    0.000000] ACPI: RSDP 00000000000f0950 00014 (v00 BOCHS )\n[    0.000000] ACPI: RSDT 0000000003fffbc1 00034 (v01 BOCHS  BXPCRSDT 00000001 BXPC 00000001)\n[    0.000000] ACPI: FACP 0000000003fff1c0 00074 (v01 BOCHS  BXPCFACP 00000001 BXPC 00000001)\n[    0.000000] ACPI: DSDT 0000000003ffe040 01180 (v01 BOCHS  BXPCDSDT 00000001 BXPC 00000001)\n[    0.000000] ACPI: FACS 0000000003ffe000 00040\n[    0.000000] ACPI: SSDT 0000000003fff234 008DD (v01 BOCHS  BXPCSSDT 00000001 BXPC 00000001)\n[    0.000000] ACPI: APIC 0000000003fffb11 00078 (v01 BOCHS  BXPCAPIC 00000001 BXPC 00000001)\n[    0.000000] ACPI: HPET 0000000003fffb89 00038 (v01 BOCHS  BXPCHPET 00000001 BXPC 00000001)\n[    0.000000] No NUMA configuration found\n[    0.000000] Faking a node at 0000000000000000-0000000003ffe000\n[    0.000000] Initmem setup node 0 0000000000000000-0000000003ffe000\n[    0.000000]   NODE_DATA [0000000003ff6000 - 0000000003ffafff]\n[    0.000000] Zone PFN ranges:\n[    0.000000]   DMA      0x00000010 -&gt; 0x00001000\n[    0.000000]   DMA32    0x00001000 -&gt; 0x00100000\n[    0.000000]   Normal   empty\n[    0.000000] Movable zone start PFN for each node\n[    0.000000] early_node_map[2] active PFN ranges\n[    0.000000]     0: 0x00000010 -&gt; 0x0000009f\n[    0.000000]     0: 0x00000100 -&gt; 0x00003ffe\n[    0.000000] ACPI: PM-Timer IO Port: 0xb008\n[    0.000000] ACPI: LAPIC (acpi_id[0x00] lapic_id[0x00] enabled)\n[    0.000000] ACPI: LAPIC_NMI (acpi_id[0xff] dfl dfl lint[0x1])\n[    0.000000] ACPI: IOAPIC (id[0x00] address[0xfec00000] gsi_base[0])\n[    0.000000] IOAPIC[0]: apic_id 0, version 17, address 0xfec00000, GSI 0-23\n[    0.000000] ACPI: INT_SRC_OVR (bus 0 bus_irq 0 global_irq 2 dfl dfl)\n[    0.000000] ACPI: INT_SRC_OVR (bus 0 bus_irq 5 global_irq 5 high level)\n[    0.000000] ACPI: INT_SRC_OVR (bus 0 bus_irq 9 global_irq 9 high level)\n[    0.000000] ACPI: INT_SRC_OVR (bus 0 bus_irq 10 global_irq 10 high level)\n[    0.000000] ACPI: INT_SRC_OVR (bus 0 bus_irq 11 global_irq 11 high level)\n[    0.000000] Using ACPI (MADT) for SMP configuration information\n[    0.000000] ACPI: HPET id: 0x8086a201 base: 0xfed00000\n[    0.000000] SMP: Allowing 1 CPUs, 0 hotplug CPUs\n[    0.000000] PM: Registered nosave memory: 000000000009f000 - 00000000000a0000\n[    0.000000] PM: Registered nosave memory: 00000000000a0000 - 00000000000f0000\n[    0.000000] PM: Registered nosave memory: 00000000000f0000 - 0000000000100000\n[    0.000000] Allocating PCI resources starting at 4000000 (gap: 4000000:fbfc0000)\n[    0.000000] Booting paravirtualized kernel on bare hardware\n[    0.000000] setup_pe
2015-12-17 14:53:46,565 21942 DEBUG    [tempest.scenario.manager] Console output for 3852ff0a-e40f-46fc-a776-d87a8503d674
body=
[    0.000000] Initializing cgroup subsys cpuset
[    0.000000] Initializing cgroup subsys cpu
[    0.000000] Linux version 3.2.0-80-virtual (buildd@batsu) (gcc version 4.6.3 (Ubuntu/Linaro 4.6.3-1ubuntu5) ) #116-Ubuntu SMP Mon Mar 23 17:28:52 UTC 2015 (Ubuntu 3.2.0-80.116-virtual 3.2.68)
[    0.000000] Command line: root=/dev/vda console=tty0 console=ttyS0 no_timer_check
[    0.000000] KERNEL supported cpus:
[    0.000000]   Intel GenuineIntel
[    0.000000]   AMD AuthenticAMD
[    0.000000]   Centaur CentaurHauls
[    0.000000] BIOS-provided physical RAM map:
[    0.000000]  BIOS-e820: 0000000000000000 - 000000000009fc00 (usable)
[    0.000000]  BIOS-e820: 000000000009fc00 - 00000000000a0000 (reserved)
[    0.000000]  BIOS-e820: 00000000000f0000 - 0000000000100000 (reserved)
[    0.000000]  BIOS-e820: 0000000000100000 - 0000000003ffe000 (usable)
[    0.000000]  BIOS-e820: 0000000003ffe000 - 0000000004000000 (reserved)
[    0.000000]  BIOS-e820: 00000000fffc0000 - 0000000100000000 (reserved)
[    0.000000] NX (Execute Disable) protection: active
[    0.000000] SMBIOS 2.4 present.
[    0.000000] No AGP bridge found
[    0.000000] last_pfn = 0x3ffe max_arch_pfn = 0x400000000
[    0.000000] x86 PAT enabled: cpu 0, old 0x7040600070406, new 0x7010600070106
[    0.000000] found SMP MP-table at [ffff8800000f0b00] f0b00
[    0.000000] init_memory_mapping: 0000000000000000-0000000003ffe000
[    0.000000] RAMDISK: 03c5e000 - 03ff0000
[    0.000000] ACPI: RSDP 00000000000f0950 00014 (v00 BOCHS )
[    0.000000] ACPI: RSDT 0000000003fffbc1 00034 (v01 BOCHS  BXPCRSDT 00000001 BXPC 00000001)
[    0.000000] ACPI: FACP 0000000003fff1c0 00074 (v01 BOCHS  BXPCFACP 00000001 BXPC 00000001)
[    0.000000] ACPI: DSDT 0000000003ffe040 01180 (v01 BOCHS  BXPCDSDT 00000001 BXPC 00000001)
[    0.000000] ACPI: FACS 0000000003ffe000 00040
[    0.000000] ACPI: SSDT 0000000003fff234 008DD (v01 BOCHS  BXPCSSDT 00000001 BXPC 00000001)
[    0.000000] ACPI: APIC 0000000003fffb11 00078 (v01 BOCHS  BXPCAPIC 00000001 BXPC 00000001)
[    0.000000] ACPI: HPET 0000000003fffb89 00038 (v01 BOCHS  BXPCHPET 00000001 BXPC 00000001)
[    0.000000] No NUMA configuration found
[    0.000000] Faking a node at 0000000000000000-0000000003ffe000
[    0.000000] Initmem setup node 0 0000000000000000-0000000003ffe000
[    0.000000]   NODE_DATA [0000000003ff6000 - 0000000003ffafff]
[    0.000000] Zone PFN ranges:
[    0.000000]   DMA      0x00000010 -&gt; 0x00001000
[    0.000000]   DMA32    0x00001000 -&gt; 0x00100000
[    0.000000]   Normal   empty
[    0.000000] Movable zone start PFN for each node
[    0.000000] early_node_map[2] active PFN ranges
[    0.000000]     0: 0x00000010 -&gt; 0x0000009f
[    0.000000]     0: 0x00000100 -&gt; 0x00003ffe
[    0.000000] ACPI: PM-Timer IO Port: 0xb008
[    0.000000] ACPI: LAPIC (acpi_id[0x00] lapic_id[0x00] enabled)
[    0.000000] ACPI: LAPIC_NMI (acpi_id[0xff] dfl dfl lint[0x1])
[    0.000000] ACPI: IOAPIC (id[0x00] address[0xfec00000] gsi_base[0])
[    0.000000] IOAPIC[0]: apic_id 0, version 17, address 0xfec00000, GSI 0-23
[    0.000000] ACPI: INT_SRC_OVR (bus 0 bus_irq 0 global_irq 2 dfl dfl)
[    0.000000] ACPI: INT_SRC_OVR (bus 0 bus_irq 5 global_irq 5 high level)
[    0.000000] ACPI: INT_SRC_OVR (bus 0 bus_irq 9 global_irq 9 high level)
[    0.000000] ACPI: INT_SRC_OVR (bus 0 bus_irq 10 global_irq 10 high level)
[    0.000000] ACPI: INT_SRC_OVR (bus 0 bus_irq 11 global_irq 11 high level)
[    0.000000] Using ACPI (MADT) for SMP configuration information
[    0.000000] ACPI: HPET id: 0x8086a201 base: 0xfed00000
[    0.000000] SMP: Allowing 1 CPUs, 0 hotplug CPUs
[    0.000000] PM: Registered nosave memory: 000000000009f000 - 00000000000a0000
[    0.000000] PM: Registered nosave memory: 00000000000a0000 - 00000000000f0000
[    0.000000] PM: Registered nosave memory: 00000000000f0000 - 0000000000100000
[    0.000000] Allocating PCI resources starting at 4000000 (gap: 4000000:fbfc0000)
[    0.000000] Booting paravirtualized kernel on bare hardware
[    0.000000] setup_percpu: NR_CPUS:64 nr_cpumask_bits:64 nr_cpu_ids:1 nr_node_ids:1
[    0.000000] PERCPU: Embedded 27 pages/cpu @ffff880003a00000 s78848 r8192 d23552 u2097152
[    0.000000] Built 1 zonelists in Node order, mobility grouping on.  Total pages: 16008
[    0.000000] Policy zone: DMA32
[    0.000000] Kernel command line: root=/dev/vda console=tty0 console=ttyS0 no_timer_check
[    0.000000] PID hash table entries: 256 (order: -1, 2048 bytes)
[    0.000000] Checking aperture...
[    0.000000] No AGP bridge found
[    0.000000] Memory: 43492k/65528k available (6576k kernel code, 452k absent, 21584k reserved, 6620k data, 928k init)
[    0.000000] SLUB: Genslabs=15, HWalign=64, Order=0-3, MinObjects=0, CPUs=1, Nodes=1
[    0.000000] Hierarchical RCU implementation.
[    0.000000] 	RCU dyntick-idle grace-period acceleration is enabled.
[    0.000000] NR_IRQS:4352 nr_irqs:256 16
[    0.000000] Console: colour VGA+ 80x25
[    0.000000] console [tty0] enabled
[    0.000000] console [ttyS0] enabled
[    0.000000] allocated 1048576 bytes of page_cgroup
[    0.000000] please try 'cgroup_disable=memory' option if you don't want memory cgroups
[    0.000000] Fast TSC calibration failed
[    0.000000] TSC: Unable to calibrate against PIT
[    0.000000] TSC: using HPET reference calibration
[    0.000000] Detected 2294.459 MHz processor.
[    0.033549] Calibrating delay loop (skipped), value calculated using timer frequency.. 4588.91 BogoMIPS (lpj=9177836)
[    0.035573] pid_max: default: 32768 minimum: 301
[    0.041862] Security Framework initialized
[    0.048809] AppArmor: AppArmor initialized
[    0.049495] Yama: becoming mindful.
[    0.057087] Dentry cache hash table entries: 8192 (order: 4, 65536 bytes)
[    0.058457] Inode-cache hash table entries: 4096 (order: 3, 32768 bytes)
[    0.060703] Mount-cache hash table entries: 256
[    0.085357] Initializing cgroup subsys cpuacct
[    0.086770] Initializing cgroup subsys memory
[    0.089249] Initializing cgroup subsys devices
[    0.092197] Initializing cgroup subsys freezer
[    0.092952] Initializing cgroup subsys blkio
[    0.093642] Initializing cgroup subsys perf_event
[    0.102276] mce: CPU supports 10 MCE banks
[    0.109740] SMP alternatives: switching to UP code
[    0.553267] Freeing SMP alternatives: 24k freed
[    0.554847] ACPI: Core revision 20110623
[    0.601759] ftrace: allocating 26610 entries in 105 pages
[    0.628038] ..TIMER: vector=0x30 apic1=0 pin1=2 apic2=-1 pin2=-1
[    0.628038] CPU0: AMD QEMU Virtual CPU version 2.0.0 stepping 03
[    0.632038] Performance Events: Broken PMU hardware detected, using software events only.
[    0.643106] NMI watchdog disabled (cpu0): hardware events not enabled
[    0.644692] Brought up 1 CPUs
[    0.645387] Total of 1 processors activated (4588.91 BogoMIPS).
[    0.667171] devtmpfs: initialized
[    0.693485] EVM: security.selinux
[    0.694913] EVM: security.SMACK64
[    0.695310] EVM: security.capability
[    0.713115] print_constraints: dummy: 
[    0.715342] RTC time: 14:51:46, date: 12/17/15
[    0.717408] NET: Registered protocol family 16
[    0.725479] ACPI: bus type pci registered
[    0.729060] PCI: Using configuration type 1 for base access
[    0.761199] bio: create slab &lt;bio-0&gt; at 0
[    0.765976] ACPI: Added _OSI(Module Device)
[    0.766659] ACPI: Added _OSI(Processor Device)
[    0.768122] ACPI: Added _OSI(3.0 _SCP Extensions)
[    0.768667] ACPI: Added _OSI(Processor Aggregator Device)
[    0.844673] ACPI: Interpreter enabled
[    0.845430] ACPI: (supports S0 S3 S4 S5)
[    0.847166] ACPI: Using IOAPIC for interrupt routing
[    0.917392] ACPI: No dock devices found.
[    0.918224] HEST: Table not found.
[    0.918873] PCI: Using host bridge windows from ACPI; if necessary, use "pci=nocrs" and report a bug
[    0.924607] ACPI: PCI Root Bridge [PCI0] (domain 0000 [bus 00-ff])
[    0.930590] pci_root PNP0A03:00: host bridge window [io  0x0000-0x0cf7]
[    0.932154] pci_root PNP0A03:00: host bridge window [io  0x0d00-0xadff]
[    0.932963] pci_root PNP0A03:00: host bridge window [io  0xae0f-0xaeff]
[    0.933775] pci_root PNP0A03:00: host bridge window [io  0xaf20-0xafdf]
[    0.934847] pci_root PNP0A03:00: host bridge window [io  0xafe4-0xffff]
[    0.936163] pci_root PNP0A03:00: host bridge window [mem 0x000a0000-0x000bffff]
[    0.936996] pci_root PNP0A03:00: host bridge window [mem 0x04000000-0xfebfffff]
[    0.957622] pci 0000:00:01.3: quirk: [io  0xb000-0xb03f] claimed by PIIX4 ACPI
[    0.960186] pci 0000:00:01.3: quirk: [io  0xb100-0xb10f] claimed by PIIX4 SMB
[    1.034731]  pci0000:00: Unable to request _OSC control (_OSC support mask: 0x1e)
[    1.090258] ACPI: PCI Interrupt Link [LNKA] (IRQs 5 *10 11)
[    1.092884] ACPI: PCI Interrupt Link [LNKB] (IRQs 5 *10 11)
[    1.094529] ACPI: PCI Interrupt Link [LNKC] (IRQs 5 10 *11)
[    1.097086] ACPI: PCI Interrupt Link [LNKD] (IRQs 5 10 *11)
[    1.098365] ACPI: PCI Interrupt Link [LNKS] (IRQs *9)
[    1.105995] vgaarb: device added: PCI:0000:00:02.0,decodes=io+mem,owns=io+mem,locks=none
[    1.106995] vgaarb: loaded
[    1.107400] vgaarb: bridge control possible 0000:00:02.0
[    1.110397] i2c-core: driver [aat2870] using legacy suspend method
[    1.112137] i2c-core: driver [aat2870] using legacy resume method
[    1.114773] SCSI subsystem initialized
[    1.118134] usbcore: registered new interface driver usbfs
[    1.119243] usbcore: registered new interface driver hub
[    1.120724] usbcore: registered new device driver usb
[    1.125298] PCI: Using ACPI for IRQ routing
[    1.136233] NetLabel: Initializing
[    1.136743] NetLabel:  domain hash size = 128
[    1.137455] NetLabel:  protocols = UNLABELED CIPSOv4
[    1.139365] NetLabel:  unlabeled traffic allowed by default
[    1.141504] HPET: 3 timers in total, 0 timers will be used for per-cpu timer
[    1.142594] hpet0: at MMIO 0xfed00000, IRQs 2, 8, 0
[    1.144561] hpet0: 3 comparators, 64-bit 100.000000 MHz counter
[    1.157668] Switching to clocksource hpet
[    1.407772] AppArmor: AppArmor Filesystem Enabled
[    1.410317] pnp: PnP ACPI init
[    1.410762] ACPI: bus type pnp registered
[    1.432276] pnp: PnP ACPI: found 9 devices
[    1.433098] ACPI: ACPI bus type pnp unregistered
[    1.497078] NET: Registered protocol family 2
[    1.528440] IP route cache hash table entries: 512 (order: 0, 4096 bytes)
[    1.536427] TCP established hash table entries: 2048 (order: 3, 32768 bytes)
[    1.538345] TCP bind hash table entries: 2048 (order: 3, 32768 bytes)
[    1.538932] TCP: Hash tables configured (established 2048 bind 2048)
[    1.539708] TCP reno registered
[    1.540079] UDP hash table entries: 128 (order: 0, 4096 bytes)
[    1.541603] UDP-Lite hash table entries: 128 (order: 0, 4096 bytes)
[    1.544131] NET: Registered protocol family 1
[    1.545644] pci 0000:00:00.0: Limiting direct PCI/PCI transfers
[    1.546559] pci 0000:00:01.0: PIIX3: Enabling Passive Release
[    1.547167] pci 0000:00:01.0: Activating ISA DMA hang workarounds
[    1.552680] ACPI: PCI Interrupt Link [LNKD] enabled at IRQ 11
[    1.553714] pci 0000:00:01.2: PCI INT D -&gt; Link[LNKD] -&gt; GSI 11 (level, high) -&gt; IRQ 11
[    1.555840] pci 0000:00:01.2: PCI INT D disabled
[    1.574695] Trying to unpack rootfs image as initramfs...
[    1.593707] audit: initializing netlink socket (disabled)
[    1.595348] type=2000 audit(1450363906.592:1): initialized
[    1.870040] HugeTLB registered 2 MB page size, pre-allocated 0 pages
[    1.943236] VFS: Disk quotas dquot_6.5.2
[    1.945086] Dquot-cache hash table entries: 512 (order 0, 4096 bytes)
[    1.959909] fuse init (API version 7.17)
[    1.963051] msgmni has been set to 84
[    2.003389] Block layer SCSI generic (bsg) driver version 0.4 loaded (major 253)
[    2.014044] io scheduler noop registered
[    2.014732] io scheduler deadline registered (default)
[    2.015760] io scheduler cfq registered
[    2.022518] pci_hotplug: PCI Hot Plug PCI Core version: 0.5
[    2.026184] pciehp: PCI Express Hot Plug Controller Driver version: 0.4
[    2.031866] input: Power Button as /devices/LNXSYSTM:00/LNXPWRBN:00/input/input0
[    2.034119] ACPI: Power Button [PWRF]
[    2.080070] ERST: Table is not found!
[    2.080911] GHES: HEST is not enabled!
[    2.093596] ACPI: PCI Interrupt Link [LNKC] enabled at IRQ 10
[    2.094408] virtio-pci 0000:00:03.0: PCI INT A -&gt; Link[LNKC] -&gt; GSI 10 (level, high) -&gt; IRQ 10
[    2.098184] virtio-pci 0000:00:04.0: PCI INT A -&gt; Link[LNKD] -&gt; GSI 11 (level, high) -&gt; IRQ 11
[    2.110959] ACPI: PCI Interrupt Link [LNKA] enabled at IRQ 10
[    2.111669] virtio-pci 0000:00:05.0: PCI INT A -&gt; Link[LNKA] -&gt; GSI 10 (level, high) -&gt; IRQ 10
[    2.125705] Serial: 8250/16550 driver, 32 ports, IRQ sharing enabled
[    2.165442] serial8250: ttyS0 at I/O 0x3f8 (irq = 4) is a 16550A
[    2.249519] serial8250: ttyS1 at I/O 0x2f8 (irq = 3) is a 16550A
[    2.394933] 00:05: ttyS0 at I/O 0x3f8 (irq = 4) is a 16550A
[    2.482759] 00:06: ttyS1 at I/O 0x2f8 (irq = 3) is a 16550A
[    2.534106] Linux agpgart interface v0.103
[    2.563066] Refined TSC clocksource calibration: 2294.458 MHz.
[    2.563924] Switching to clocksource tsc
[    2.620229] brd: module loaded
[    2.653316] loop: module loaded
[    2.716950]  vda: unknown partition table
[    2.781507] scsi0 : ata_piix
[    2.789402] scsi1 : ata_piix
[    2.790990] ata1: PATA max MWDMA2 cmd 0x1f0 ctl 0x3f6 bmdma 0xc0a0 irq 14
[    2.791769] ata2: PATA max MWDMA2 cmd 0x170 ctl 0x376 bmdma 0xc0a8 irq 15
[    2.802338] Fixed MDIO Bus: probed
[    2.803161] tun: Universal TUN/TAP device driver, 1.6
[    2.803753] tun: (C) 1999-2004 Max Krasnyansky &lt;maxk@qualcomm.com&gt;
[    2.815678] PPP generic driver version 2.4.2
[    2.842228] ehci_hcd: USB 2.0 'Enhanced' Host Controller (EHCI) Driver
[    2.843376] ohci_hcd: USB 1.1 'Open' Host Controller (OHCI) Driver
[    2.845199] uhci_hcd: USB Universal Host Controller Interface driver
[    2.846332] uhci_hcd 0000:00:01.2: PCI INT D -&gt; Link[LNKD] -&gt; GSI 11 (level, high) -&gt; IRQ 11
[    2.849876] uhci_hcd 0000:00:01.2: UHCI Host Controller
[    2.866601] uhci_hcd 0000:00:01.2: new USB bus registered, assigned bus number 1
[    2.869270] uhci_hcd 0000:00:01.2: irq 11, io base 0x0000c040
[    2.893234] hub 1-0:1.0: USB hub found
[    2.895224] hub 1-0:1.0: 2 ports detected
[    2.905153] usbcore: registered new interface driver libusual
[    2.908969] i8042: PNP: PS/2 Controller [PNP0303:KBD,PNP0f13:MOU] at 0x60,0x64 irq 1,12
[    2.918999] serio: i8042 KBD port at 0x60,0x64 irq 1
[    2.920925] serio: i8042 AUX port at 0x60,0x64 irq 12
[    2.966605] mousedev: PS/2 mouse device common for all mice
[    2.987253] input: AT Translated Set 2 keyboard as /devices/platform/i8042/serio0/input/input1
[    3.010368] rtc_cmos 00:01: RTC can wake from S4
[    3.040054] rtc_cmos 00:01: rtc core: registered rtc_cmos as rtc0
[    3.046719] rtc0: alarms up to one day, 114 bytes nvram, hpet irqs
[    3.051463] device-mapper: uevent: version 1.0.3
[    3.070992] ata2.01: ATAPI: QEMU DVD-ROM, 2.0.0, max UDMA/100
[    3.090811] device-mapper: ioctl: 4.22.0-ioctl (2011-10-19) initialised: dm-devel@redhat.com
[    3.094756] cpuidle: using governor ladder
[    3.095780] cpuidle: using governor menu
[    3.097519] EFI Variables Facility v0.08 2004-May-17
[    3.109905] TCP cubic registered
[    3.118877] NET: Registered protocol family 10
[    3.156156] NET: Registered protocol family 17
[    3.159126] Registering the dns_resolver key type
[    3.168053] ata2.01: configured for MWDMA2
[    3.207967] scsi 1:0:1:0: CD-ROM            QEMU     QEMU DVD-ROM     2.0. PQ: 0 ANSI: 5
[    3.278040] sr0: scsi3-mmc drive: 4x/4x cd/rw xa/form2 tray
[    3.282016] cdrom: Uniform CD-ROM driver Revision: 3.20
[    3.295147] sr 1:0:1:0: Attached scsi generic sg0 type 5
[    3.335989] registered taskstats version 1
[    3.358923] Freeing initrd memory: 3656k freed
[    3.883795]   Magic number: 11:139:890
[    3.903766] rtc_cmos 00:01: setting system clock to 2015-12-17 14:51:49 UTC (1450363909)
[    3.907121] powernow-k8: Processor cpuid 663 not supported
[    3.915575] BIOS EDD facility v0.16 2004-Jun-25, 0 devices found
[    3.916995] EDD information not available.
[    3.996036] Freeing unused kernel memory: 928k freed
[    4.000962] Write protecting the kernel read-only data: 12288k
[    4.130791] Freeing unused kernel memory: 1596k freed
[    4.191595] Freeing unused kernel memory: 1184k freed

info: initramfs: up at 4.39
modprobe: module virtio_blk not found in modules.dep
modprobe: module virtio_net not found in modules.dep
info: copying initramfs to /dev/vda
info: initramfs loading root from /dev/vda
info: /etc/init.d/rc.sysinit: up at 9.27
info: container: none
Starting logging: OK
modprobe: module virtio_blk not found in modules.dep
modprobe: module virtio_net not found in modules.dep
WARN: /etc/rc3.d/S10-load-modules failed
Initializing random number generator... done.
Starting acpid: OK
cirros-ds 'local' up at 11.70
found datasource (configdrive, local)
Starting network...
udhcpc (v1.20.1) started
Sending discover...
Sending discover...

2015-12-17 14:53:46,843 21942 INFO     [tempest_lib.common.rest_client] Request (TestNetworkAdvancedServerOps:_run_cleanups): 204 DELETE http://10.0.2.15:9696/v2.0/floatingips/f6bfb026-2383-4cfa-a9ff-3a8577907798 0.273s
2015-12-17 14:53:46,844 21942 DEBUG    [tempest_lib.common.rest_client] Request - Headers: {'Content-Type': 'application/json', 'Accept': 'application/json', 'X-Auth-Token': '&lt;omitted&gt;'}
        Body: None
    Response - Headers: {'date': 'Thu, 17 Dec 2015 14:53:46 GMT', 'status': '204', 'connection': 'close', 'content-length': '0', 'x-openstack-request-id': 'req-18216190-a434-4f58-9335-ac749cbf7d53'}
        Body: 
2015-12-17 14:53:47,079 21942 INFO     [tempest_lib.common.rest_client] Request (TestNetworkAdvancedServerOps:_run_cleanups): 204 DELETE http://10.0.2.15:8774/v2.1/2eb778b3dfff43a2b40e6380d814786f/servers/3852ff0a-e40f-46fc-a776-d87a8503d674 0.234s
2015-12-17 14:53:47,079 21942 DEBUG    [tempest_lib.common.rest_client] Request - Headers: {'Content-Type': 'application/json', 'Accept': 'application/json', 'X-Auth-Token': '&lt;omitted&gt;'}
        Body: None
    Response - Headers: {'status': '204', 'content-length': '0', 'x-compute-request-id': 'req-9077c408-e780-4b42-b8af-0bc1a62ce45c', 'vary': 'X-OpenStack-Nova-API-Version', 'connection': 'close', 'x-openstack-nova-api-version': '2.1', 'date': 'Thu, 17 Dec 2015 14:53:47 GMT', 'content-type': 'application/json'}
        Body: 
2015-12-17 14:53:47,297 21942 INFO     [tempest_lib.common.rest_client] Request (TestNetworkAdvancedServerOps:_run_cleanups): 200 GET http://10.0.2.15:8774/v2.1/2eb778b3dfff43a2b40e6380d814786f/servers/3852ff0a-e40f-46fc-a776-d87a8503d674 0.217s
2015-12-17 14:53:47,298 21942 DEBUG    [tempest_lib.common.rest_client] Request - Headers: {'Content-Type': 'application/json', 'Accept': 'application/json', 'X-Auth-Token': '&lt;omitted&gt;'}
        Body: None
    Response - Headers: {'status': '200', 'content-length': '1784', 'content-location': 'http://10.0.2.15:8774/v2.1/2eb778b3dfff43a2b40e6380d814786f/servers/3852ff0a-e40f-46fc-a776-d87a8503d674', 'x-compute-request-id': 'req-1763ddfc-e737-4630-bff1-f6cd69a018b1', 'vary': 'X-OpenStack-Nova-API-Version', 'connection': 'close', 'x-openstack-nova-api-version': '2.1', 'date': 'Thu, 17 Dec 2015 14:53:47 GMT', 'content-type': 'application/json'}
        Body: {"server": {"status": "ACTIVE", "updated": "2015-12-17T14:53:47Z", "hostId": "2b06b2131338b5a2e0880b94de465bae318515dc9b3c0011cf5f2a2a", "addresses": {"tempest-network-smoke--1781519692": [{"OS-EXT-IPS-MAC:mac_addr": "fa:16:3e:d5:1a:d7", "version": 4, "addr": "10.100.0.3", "OS-EXT-IPS:type": "fixed"}, {"OS-EXT-IPS-MAC:mac_addr": "fa:16:3e:d5:1a:d7", "version": 4, "addr": "172.24.4.4", "OS-EXT-IPS:type": "floating"}]}, "links": [{"href": "http://10.0.2.15:8774/v2.1/2eb778b3dfff43a2b40e6380d814786f/servers/3852ff0a-e40f-46fc-a776-d87a8503d674", "rel": "self"}, {"href": "http://10.0.2.15:8774/2eb778b3dfff43a2b40e6380d814786f/servers/3852ff0a-e40f-46fc-a776-d87a8503d674", "rel": "bookmark"}], "key_name": "tempest-TestNetworkAdvancedServerOps-318199397", "image": {"id": "b328f840-30cf-4810-816d-36543d397a56", "links": [{"href": "http://10.0.2.15:8774/2eb778b3dfff43a2b40e6380d814786f/images/b328f840-30cf-4810-816d-36543d397a56", "rel": "bookmark"}]}, "OS-EXT-STS:task_state": "deleting", "OS-EXT-STS:vm_state": "active", "OS-SRV-USG:launched_at": "2015-12-17T14:51:43.000000", "flavor": {"id": "42", "links": [{"href": "http://10.0.2.15:8774/2eb778b3dfff43a2b40e6380d814786f/flavors/42", "rel": "bookmark"}]}, "id": "3852ff0a-e40f-46fc-a776-d87a8503d674", "security_groups": [{"name": "tempest-secgroup-smoke-254393751"}], "OS-SRV-USG:terminated_at": null, "OS-EXT-AZ:availability_zone": "nova", "user_id": "4f08448f6aaa480aba6cc5cbff2c4a60", "name": "tempest.common.compute-instance-1205488399", "created": "2015-12-17T14:51:39Z", "tenant_id": "2eb778b3dfff43a2b40e6380d814786f", "OS-DCF:diskConfig": "MANUAL", "os-extended-volumes:volumes_attached": [], "accessIPv4": "", "accessIPv6": "", "progress": 0, "OS-EXT-STS:power_state": 1, "config_drive": "True", "metadata": {}}}
2015-12-17 14:53:48,464 21942 INFO     [tempest_lib.common.rest_client] Request (TestNetworkAdvancedServerOps:_run_cleanups): 200 GET http://10.0.2.15:8774/v2.1/2eb778b3dfff43a2b40e6380d814786f/servers/3852ff0a-e40f-46fc-a776-d87a8503d674 0.154s
2015-12-17 14:53:48,464 21942 DEBUG    [tempest_lib.common.rest_client] Request - Headers: {'Content-Type': 'application/json', 'Accept': 'application/json', 'X-Auth-Token': '&lt;omitted&gt;'}
        Body: None
    Response - Headers: {'status': '200', 'content-length': '1449', 'content-location': 'http://10.0.2.15:8774/v2.1/2eb778b3dfff43a2b40e6380d814786f/servers/3852ff0a-e40f-46fc-a776-d87a8503d674', 'x-compute-request-id': 'req-983a03c1-1f2b-44a9-b33d-74e0fa00b93a', 'vary': 'X-OpenStack-Nova-API-Version', 'connection': 'close', 'x-openstack-nova-api-version': '2.1', 'date': 'Thu, 17 Dec 2015 14:53:48 GMT', 'content-type': 'application/json'}
        Body: {"server": {"status": "ACTIVE", "updated": "2015-12-17T14:53:47Z", "hostId": "2b06b2131338b5a2e0880b94de465bae318515dc9b3c0011cf5f2a2a", "addresses": {}, "links": [{"href": "http://10.0.2.15:8774/v2.1/2eb778b3dfff43a2b40e6380d814786f/servers/3852ff0a-e40f-46fc-a776-d87a8503d674", "rel": "self"}, {"href": "http://10.0.2.15:8774/2eb778b3dfff43a2b40e6380d814786f/servers/3852ff0a-e40f-46fc-a776-d87a8503d674", "rel": "bookmark"}], "key_name": "tempest-TestNetworkAdvancedServerOps-318199397", "image": {"id": "b328f840-30cf-4810-816d-36543d397a56", "links": [{"href": "http://10.0.2.15:8774/2eb778b3dfff43a2b40e6380d814786f/images/b328f840-30cf-4810-816d-36543d397a56", "rel": "bookmark"}]}, "OS-EXT-STS:task_state": "deleting", "OS-EXT-STS:vm_state": "active", "OS-SRV-USG:launched_at": "2015-12-17T14:51:43.000000", "flavor": {"id": "42", "links": [{"href": "http://10.0.2.15:8774/2eb778b3dfff43a2b40e6380d814786f/flavors/42", "rel": "bookmark"}]}, "id": "3852ff0a-e40f-46fc-a776-d87a8503d674", "OS-SRV-USG:terminated_at": null, "OS-EXT-AZ:availability_zone": "nova", "user_id": "4f08448f6aaa480aba6cc5cbff2c4a60", "name": "tempest.common.compute-instance-1205488399", "created": "2015-12-17T14:51:39Z", "tenant_id": "2eb778b3dfff43a2b40e6380d814786f", "OS-DCF:diskConfig": "MANUAL", "os-extended-volumes:volumes_attached": [], "accessIPv4": "", "accessIPv6": "", "progress": 0, "OS-EXT-STS:power_state": 1, "config_drive": "True", "metadata": {}}}
2015-12-17 14:53:49,559 21942 INFO     [tempest_lib.common.rest_client] Request (TestNetworkAdvancedServerOps:_run_cleanups): 404 GET http://10.0.2.15:8774/v2.1/2eb778b3dfff43a2b40e6380d814786f/servers/3852ff0a-e40f-46fc-a776-d87a8503d674 0.079s
2015-12-17 14:53:49,560 21942 DEBUG    [tempest_lib.common.rest_client] Request - Headers: {'Content-Type': 'application/json', 'Accept': 'application/json', 'X-Auth-Token': '&lt;omitted&gt;'}
        Body: None
    Response - Headers: {'status': '404', 'content-length': '111', 'x-compute-request-id': 'req-886a5ad0-4091-4d8b-8424-3866f3cc6587', 'vary': 'X-OpenStack-Nova-API-Version', 'connection': 'close', 'x-openstack-nova-api-version': '2.1', 'date': 'Thu, 17 Dec 2015 14:53:49 GMT', 'content-type': 'application/json; charset=UTF-8'}
        Body: {"itemNotFound": {"message": "Instance 3852ff0a-e40f-46fc-a776-d87a8503d674 could not be found.", "code": 404}}
2015-12-17 14:53:50,052 21942 INFO     [tempest_lib.common.rest_client] Request (TestNetworkAdvancedServerOps:_run_cleanups): 200 PUT http://10.0.2.15:9696/v2.0/routers/9201676e-fff9-4867-9b26-dd50b2b85480/remove_router_interface 0.491s
2015-12-17 14:53:50,053 21942 DEBUG    [tempest_lib.common.rest_client] Request - Headers: {'Content-Type': 'application/json', 'Accept': 'application/json', 'X-Auth-Token': '&lt;omitted&gt;'}
        Body: {"subnet_id": "e351f28b-81e9-4326-ad86-c9a953f521b2"}
    Response - Headers: {'status': '200', 'content-length': '255', 'connection': 'close', 'date': 'Thu, 17 Dec 2015 14:53:50 GMT', 'content-type': 'application/json; charset=UTF-8', 'x-openstack-request-id': 'req-af01f5aa-f41c-4a59-afe3-9634eb45e85c'}
        Body: {"subnet_id": "e351f28b-81e9-4326-ad86-c9a953f521b2", "tenant_id": "2eb778b3dfff43a2b40e6380d814786f", "subnet_ids": ["e351f28b-81e9-4326-ad86-c9a953f521b2"], "port_id": "aafd9d4b-f6d1-43a7-a354-85df67fe77d1", "id": "9201676e-fff9-4867-9b26-dd50b2b85480"}
2015-12-17 14:53:50,509 21942 INFO     [tempest_lib.common.rest_client] Request (TestNetworkAdvancedServerOps:_run_cleanups): 204 DELETE http://10.0.2.15:9696/v2.0/subnets/e351f28b-81e9-4326-ad86-c9a953f521b2 0.455s
2015-12-17 14:53:50,509 21942 DEBUG    [tempest_lib.common.rest_client] Request - Headers: {'Content-Type': 'application/json', 'Accept': 'application/json', 'X-Auth-Token': '&lt;omitted&gt;'}
        Body: None
    Response - Headers: {'date': 'Thu, 17 Dec 2015 14:53:50 GMT', 'status': '204', 'connection': 'close', 'content-length': '0', 'x-openstack-request-id': 'req-32621e76-350d-4140-aaf7-0f93905a372a'}
        Body: 
2015-12-17 14:53:50,561 21942 INFO     [tempest_lib.common.rest_client] Request (TestNetworkAdvancedServerOps:_run_cleanups): 200 GET http://10.0.2.15:9696/v2.0/routers/9201676e-fff9-4867-9b26-dd50b2b85480 0.051s
2015-12-17 14:53:50,562 21942 DEBUG    [tempest_lib.common.rest_client] Request - Headers: {'Content-Type': 'application/json', 'Accept': 'application/json', 'X-Auth-Token': '&lt;omitted&gt;'}
        Body: None
    Response - Headers: {'status': '200', 'content-length': '564', 'content-location': 'http://10.0.2.15:9696/v2.0/routers/9201676e-fff9-4867-9b26-dd50b2b85480', 'connection': 'close', 'date': 'Thu, 17 Dec 2015 14:53:50 GMT', 'content-type': 'application/json; charset=UTF-8', 'x-openstack-request-id': 'req-51a5897d-658f-417c-8cc0-18ae880d6bbb'}
        Body: {"router": {"status": "ACTIVE", "external_gateway_info": {"network_id": "422248d2-be9e-4940-ad80-7ab581671e81", "enable_snat": true, "external_fixed_ips": [{"subnet_id": "fb68fc8c-af9f-4daa-af85-d1fe99e1f064", "ip_address": "172.24.4.3"}, {"subnet_id": "3ad51af1-fad6-4f89-ac39-76a0734eb84a", "ip_address": "2001:db8::3"}]}, "availability_zone_hints": [], "availability_zones": ["nova"], "name": "tempest-router-smoke-1219575591", "admin_state_up": true, "tenant_id": "2eb778b3dfff43a2b40e6380d814786f", "routes": [], "id": "9201676e-fff9-4867-9b26-dd50b2b85480"}}
2015-12-17 14:53:50,944 21942 INFO     [tempest_lib.common.rest_client] Request (TestNetworkAdvancedServerOps:_run_cleanups): 200 PUT http://10.0.2.15:9696/v2.0/routers/9201676e-fff9-4867-9b26-dd50b2b85480 0.381s
2015-12-17 14:53:50,944 21942 DEBUG    [tempest_lib.common.rest_client] Request - Headers: {'Content-Type': 'application/json', 'Accept': 'application/json', 'X-Auth-Token': '&lt;omitted&gt;'}
        Body: {"router": {"external_gateway_info": {}, "name": "tempest-router-smoke-1219575591", "admin_state_up": true}}
    Response - Headers: {'status': '200', 'content-length': '302', 'connection': 'close', 'date': 'Thu, 17 Dec 2015 14:53:50 GMT', 'content-type': 'application/json; charset=UTF-8', 'x-openstack-request-id': 'req-9decc445-f2d1-434b-86a5-79564ba50dce'}
        Body: {"router": {"status": "ACTIVE", "external_gateway_info": null, "availability_zone_hints": [], "availability_zones": ["nova"], "name": "tempest-router-smoke-1219575591", "admin_state_up": true, "tenant_id": "2eb778b3dfff43a2b40e6380d814786f", "routes": [], "id": "9201676e-fff9-4867-9b26-dd50b2b85480"}}
2015-12-17 14:53:51,159 21942 INFO     [tempest_lib.common.rest_client] Request (TestNetworkAdvancedServerOps:_run_cleanups): 204 DELETE http://10.0.2.15:9696/v2.0/routers/9201676e-fff9-4867-9b26-dd50b2b85480 0.214s
2015-12-17 14:53:51,160 21942 DEBUG    [tempest_lib.common.rest_client] Request - Headers: {'Content-Type': 'application/json', 'Accept': 'application/json', 'X-Auth-Token': '&lt;omitted&gt;'}
        Body: None
    Response - Headers: {'date': 'Thu, 17 Dec 2015 14:53:51 GMT', 'status': '204', 'connection': 'close', 'content-length': '0', 'x-openstack-request-id': 'req-02f2b6f6-6d73-4475-b3b8-0254853330e3'}
        Body: 
2015-12-17 14:53:51,387 21942 INFO     [tempest_lib.common.rest_client] Request (TestNetworkAdvancedServerOps:_run_cleanups): 204 DELETE http://10.0.2.15:9696/v2.0/networks/83dcf89d-5646-43ad-b0b6-baf9dc6b9908 0.227s
2015-12-17 14:53:51,388 21942 DEBUG    [tempest_lib.common.rest_client] Request - Headers: {'Content-Type': 'application/json', 'Accept': 'application/json', 'X-Auth-Token': '&lt;omitted&gt;'}
        Body: None
    Response - Headers: {'date': 'Thu, 17 Dec 2015 14:53:51 GMT', 'status': '204', 'connection': 'close', 'content-length': '0', 'x-openstack-request-id': 'req-f84dafa1-9b63-4c90-905b-933170b4f978'}
        Body: 
2015-12-17 14:53:51,446 21942 INFO     [tempest_lib.common.rest_client] Request (TestNetworkAdvancedServerOps:_run_cleanups): 204 DELETE http://10.0.2.15:9696/v2.0/security-group-rules/074bc39f-706e-4c94-a95e-4a7c7b710ed6 0.057s
2015-12-17 14:53:51,446 21942 DEBUG    [tempest_lib.common.rest_client] Request - Headers: {'Content-Type': 'application/json', 'Accept': 'application/json', 'X-Auth-Token': '&lt;omitted&gt;'}
        Body: None
    Response - Headers: {'date': 'Thu, 17 Dec 2015 14:53:51 GMT', 'status': '204', 'connection': 'close', 'content-length': '0', 'x-openstack-request-id': 'req-824982b8-6b6c-42c1-ae9c-91e3573bd240'}
        Body: 
2015-12-17 14:53:51,508 21942 INFO     [tempest_lib.common.rest_client] Request (TestNetworkAdvancedServerOps:_run_cleanups): 204 DELETE http://10.0.2.15:9696/v2.0/security-group-rules/91619002-57a6-47a3-8712-60f7c0ec8636 0.060s
2015-12-17 14:53:51,509 21942 DEBUG    [tempest_lib.common.rest_client] Request - Headers: {'Content-Type': 'application/json', 'Accept': 'application/json', 'X-Auth-Token': '&lt;omitted&gt;'}
        Body: None
    Response - Headers: {'date': 'Thu, 17 Dec 2015 14:53:51 GMT', 'status': '204', 'connection': 'close', 'content-length': '0', 'x-openstack-request-id': 'req-a33fe90a-115c-4a8c-93c7-2c761732f330'}
        Body: 
2015-12-17 14:53:51,575 21942 INFO     [tempest_lib.common.rest_client] Request (TestNetworkAdvancedServerOps:_run_cleanups): 204 DELETE http://10.0.2.15:9696/v2.0/security-group-rules/25b78952-154d-4715-9a4a-657f0c520a19 0.064s
2015-12-17 14:53:51,575 21942 DEBUG    [tempest_lib.common.rest_client] Request - Headers: {'Content-Type': 'application/json', 'Accept': 'application/json', 'X-Auth-Token': '&lt;omitted&gt;'}
        Body: None
    Response - Headers: {'date': 'Thu, 17 Dec 2015 14:53:51 GMT', 'status': '204', 'connection': 'close', 'content-length': '0', 'x-openstack-request-id': 'req-624e5fd2-d0d0-4893-830b-d26c3246ee7c'}
        Body: 
2015-12-17 14:53:51,634 21942 INFO     [tempest_lib.common.rest_client] Request (TestNetworkAdvancedServerOps:_run_cleanups): 204 DELETE http://10.0.2.15:9696/v2.0/security-group-rules/f7e1d0ea-f949-425d-ad19-952ebdfb3ba0 0.058s
2015-12-17 14:53:51,635 21942 DEBUG    [tempest_lib.common.rest_client] Request - Headers: {'Content-Type': 'application/json', 'Accept': 'application/json', 'X-Auth-Token': '&lt;omitted&gt;'}
        Body: None
    Response - Headers: {'date': 'Thu, 17 Dec 2015 14:53:51 GMT', 'status': '204', 'connection': 'close', 'content-length': '0', 'x-openstack-request-id': 'req-05ad0319-2904-435f-aa8a-0e37a8dabdb5'}
        Body: 
2015-12-17 14:53:51,692 21942 INFO     [tempest_lib.common.rest_client] Request (TestNetworkAdvancedServerOps:_run_cleanups): 204 DELETE http://10.0.2.15:9696/v2.0/security-group-rules/35c471fd-eb59-43f9-bc1d-b9b082e6e0dd 0.056s
2015-12-17 14:53:51,692 21942 DEBUG    [tempest_lib.common.rest_client] Request - Headers: {'Content-Type': 'application/json', 'Accept': 'application/json', 'X-Auth-Token': '&lt;omitted&gt;'}
        Body: None
    Response - Headers: {'date': 'Thu, 17 Dec 2015 14:53:51 GMT', 'status': '204', 'connection': 'close', 'content-length': '0', 'x-openstack-request-id': 'req-5f0d39cd-fe33-4e06-a74e-58ae393ee388'}
        Body: 
2015-12-17 14:53:51,755 21942 INFO     [tempest_lib.common.rest_client] Request (TestNetworkAdvancedServerOps:_run_cleanups): 204 DELETE http://10.0.2.15:9696/v2.0/security-group-rules/3ecae611-d88d-4720-a050-ed6d50f5b9f6 0.062s
2015-12-17 14:53:51,756 21942 DEBUG    [tempest_lib.common.rest_client] Request - Headers: {'Content-Type': 'application/json', 'Accept': 'application/json', 'X-Auth-Token': '&lt;omitted&gt;'}
        Body: None
    Response - Headers: {'date': 'Thu, 17 Dec 2015 14:53:51 GMT', 'status': '204', 'connection': 'close', 'content-length': '0', 'x-openstack-request-id': 'req-846d2e6a-3967-4804-9b3e-f1f6ba9ec284'}
        Body: 
2015-12-17 14:53:51,847 21942 INFO     [tempest_lib.common.rest_client] Request (TestNetworkAdvancedServerOps:_run_cleanups): 204 DELETE http://10.0.2.15:9696/v2.0/security-groups/bc3ab1fe-fdc7-469f-b6fe-ab329eb9da54 0.091s
2015-12-17 14:53:51,848 21942 DEBUG    [tempest_lib.common.rest_client] Request - Headers: {'Content-Type': 'application/json', 'Accept': 'application/json', 'X-Auth-Token': '&lt;omitted&gt;'}
        Body: None
    Response - Headers: {'date': 'Thu, 17 Dec 2015 14:53:51 GMT', 'status': '204', 'connection': 'close', 'content-length': '0', 'x-openstack-request-id': 'req-2c4ffd4f-a1f2-4acc-93ee-d420adb97ca1'}
        Body: 
2015-12-17 14:53:51,869 21942 INFO     [tempest_lib.common.rest_client] Request (TestNetworkAdvancedServerOps:_run_cleanups): 202 DELETE http://10.0.2.15:8774/v2.1/2eb778b3dfff43a2b40e6380d814786f/os-keypairs/tempest-TestNetworkAdvancedServerOps-318199397 0.019s
2015-12-17 14:53:51,869 21942 DEBUG    [tempest_lib.common.rest_client] Request - Headers: {'Content-Type': 'application/json', 'Accept': 'application/json', 'X-Auth-Token': '&lt;omitted&gt;'}
        Body: None
    Response - Headers: {'status': '202', 'content-length': '0', 'x-compute-request-id': 'req-efcf0a29-e95e-4951-b1ca-f7e77418f504', 'vary': 'X-OpenStack-Nova-API-Version', 'connection': 'close', 'x-openstack-nova-api-version': '2.1', 'date': 'Thu, 17 Dec 2015 14:53:51 GMT', 'content-type': 'application/json'}
        Body: 
2015-12-17 14:53:51,950 21942 INFO     [tempest_lib.common.rest_client] Request (TestNetworkAdvancedServerOps:_run_cleanups): 404 GET http://10.0.2.15:8774/v2.1/2eb778b3dfff43a2b40e6380d814786f/servers/3852ff0a-e40f-46fc-a776-d87a8503d674 0.080s
2015-12-17 14:53:51,950 21942 DEBUG    [tempest_lib.common.rest_client] Request - Headers: {'Content-Type': 'application/json', 'Accept': 'application/json', 'X-Auth-Token': '&lt;omitted&gt;'}
        Body: None
    Response - Headers: {'status': '404', 'content-length': '111', 'x-compute-request-id': 'req-6e51c9a6-68b8-4629-b2ab-02bf98f2bf8e', 'vary': 'X-OpenStack-Nova-API-Version', 'connection': 'close', 'x-openstack-nova-api-version': '2.1', 'date': 'Thu, 17 Dec 2015 14:53:51 GMT', 'content-type': 'application/json; charset=UTF-8'}
        Body: {"itemNotFound": {"message": "Instance 3852ff0a-e40f-46fc-a776-d87a8503d674 could not be found.", "code": 404}}
}}}

Traceback (most recent call last):
  File "tempest/test.py", line 113, in wrapper
    return f(self, *func_args, **func_kwargs)
  File "tempest/scenario/test_network_advanced_server_ops.py", line 134, in test_server_connectivity_pause_unpause
    server, keypair, floating_ip = self._setup_network_and_servers()
  File "tempest/scenario/test_network_advanced_server_ops.py", line 71, in _setup_network_and_servers
    server, keypair, floating_ip)
  File "tempest/scenario/test_network_advanced_server_ops.py", line 95, in _wait_server_status_and_check_network_connectivity
    self._check_network_connectivity(server, keypair, floating_ip)
  File "tempest/scenario/test_network_advanced_server_ops.py", line 88, in _check_network_connectivity
    servers=[server])
  File "tempest/scenario/manager.py", line 608, in check_public_network_connectivity
    should_connect=should_connect)
  File "tempest/scenario/manager.py", line 592, in check_vm_connectivity
    msg=msg)
  File "/usr/local/lib/python2.7/dist-packages/unittest2/case.py", line 702, in assertTrue
    raise self.failureException(msg)
AssertionError: False is not true : Timed out waiting for 172.24.4.4 to become reachable



        </pre>
    </div>
    <!--css div popup end-->

    </td>
</tr>

<tr id='ft1.2' class='none'>
    <td class='failCase'><div class='testcase'>test_server_connectivity_reboot[compute,id-7b6860c2-afa3-4846-9522-adeb38dfbe08,network]</div></td>
    <td colspan='7' align='left'>

    <!--css div popup start-->
    <a class="popup_link" onfocus='this.blur();'
    href="javascript:showTestDetail('div_ft1.2')" >
        fail</a>

    <div id='div_ft1.2' class="popup_window">
        <div style='text-align: right; color:red;cursor:pointer'>
        <a onfocus='this.blur();'
onclick="document.getElementById('div_ft1.2').style.display = 'none' " >
           [x]</a>
        </div>
        <pre>
        
ft1.2: tempest.scenario.test_network_advanced_server_ops.TestNetworkAdvancedServerOps.test_server_connectivity_reboot[compute,id-7b6860c2-afa3-4846-9522-adeb38dfbe08,network]_StringException: Empty attachments:
  stderr
  stdout

