<?xml version="1.0" encoding="UTF-8"?>
<!DOCTYPE html PUBLIC "-//W3C//DTD XHTML 1.0 Strict//EN"
     "http://www.w3.org/TR/xhtml1/DTD/xhtml1-strict.dtd">
<html xmlns="http://www.w3.org/1999/xhtml">
<head>
    <title>Unit Test Report</title>
    <meta name="generator" content="subunit2html 0.1"/>
    <meta http-equiv="Content-Type" content="text/html; charset=UTF-8"/>
    
<style type="text/css" media="screen">
body        { font-family: verdana, arial, helvetica, sans-serif;
    font-size: 80%; }
table       { font-size: 100%; width: 100%;}
pre         { font-size: 80%; }

/* -- heading -------------------------------------------------------------- */
h1 {
        font-size: 16pt;
        color: gray;
}
.heading {
    margin-top: 0ex;
    margin-bottom: 1ex;
}

.heading .attribute {
    margin-top: 1ex;
    margin-bottom: 0;
}

.heading .description {
    margin-top: 4ex;
    margin-bottom: 6ex;
}

/* -- css div popup -------------------------------------------------------- */
a.popup_link {
}

a.popup_link:hover {
    color: red;
}

.popup_window {
    display: none;
    overflow-x: scroll;
    /*border: solid #627173 1px; */
    padding: 10px;
    background-color: #E6E6D6;
    font-family: "Ubuntu Mono", "Lucida Console", "Courier New", monospace;
    text-align: left;
    font-size: 8pt;
}

}
/* -- report --------------------------------------------------------------- */
#show_detail_line {
    margin-top: 3ex;
    margin-bottom: 1ex;
}
#result_table {
    width: 100%;
    border-collapse: collapse;
    border: 1px solid #777;
}
#header_row {
    font-weight: bold;
    color: white;
    background-color: #777;
}
#result_table td {
    border: 1px solid #777;
    padding: 2px;
}
#total_row  { font-weight: bold; }
.passClass  { background-color: #6c6; }
.failClass  { background-color: #c60; }
.errorClass { background-color: #c00; }
.passCase   { color: #6c6; }
.failCase   { color: #c60; font-weight: bold; }
.errorCase  { color: #c00; font-weight: bold; }
.hiddenRow  { display: none; }
.testcase   { margin-left: 2em; }
td.testname {width: 40%}
td.small {width: 40px}

/* -- ending --------------------------------------------------------------- */
#ending {
}

</style>

</head>
<body>
<script language="javascript" type="text/javascript"><!--
output_list = Array();

/* level - 0:Summary; 1:Failed; 2:All */
function showCase(level) {
    trs = document.getElementsByTagName("tr");
    for (var i = 0; i < trs.length; i++) {
        tr = trs[i];
        id = tr.id;
        if (id.substr(0,2) == 'ft') {
            if (level < 1) {
                tr.className = 'hiddenRow';
            }
            else {
                tr.className = '';
            }
        }
        if (id.substr(0,2) == 'pt') {
            if (level > 1) {
                tr.className = '';
            }
            else {
                tr.className = 'hiddenRow';
            }
        }
    }
}


function showClassDetail(cid, count) {
    var id_list = Array(count);
    var toHide = 1;
    for (var i = 0; i < count; i++) {
        tid0 = 't' + cid.substr(1) + '.' + (i+1);
        tid = 'f' + tid0;
        tr = document.getElementById(tid);
        if (!tr) {
            tid = 'p' + tid0;
            tr = document.getElementById(tid);
        }
        id_list[i] = tid;
        if (tr.className) {
            toHide = 0;
        }
    }
    for (var i = 0; i < count; i++) {
        tid = id_list[i];
        if (toHide) {
            document.getElementById('div_'+tid).style.display = 'none'
            document.getElementById(tid).className = 'hiddenRow';
        }
        else {
            document.getElementById(tid).className = '';
        }
    }
}


function showTestDetail(div_id){
    var details_div = document.getElementById(div_id)
    var displayState = details_div.style.display
    // alert(displayState)
    if (displayState != 'block' ) {
        displayState = 'block'
        details_div.style.display = 'block'
    }
    else {
        details_div.style.display = 'none'
    }
}


function html_escape(s) {
    s = s.replace(/&/g,'&amp;');
    s = s.replace(/</g,'&lt;');
    s = s.replace(/>/g,'&gt;');
    return s;
}

/* obsoleted by detail in <div>
function showOutput(id, name) {
    var w = window.open("", //url
                    name,
                    "resizable,scrollbars,status,width=800,height=450");
    d = w.document;
    d.write("<pre>");
    d.write(html_escape(output_list[id]));
    d.write("\n");
    d.write("<a href='javascript:window.close()'>close</a>\n");
    d.write("</pre>\n");
    d.close();
}
*/
--></script>

<div class='heading'>
<h1>Unit Test Report</h1>

<p class='attribute'><strong>Status:</strong> Failure 6</p>

<p class='description'></p>
</div>



<p id='show_detail_line'>Show
<a href='javascript:showCase(0)'>Summary</a>
<a href='javascript:showCase(1)'>Failed</a>
<a href='javascript:showCase(2)'>All</a>
</p>
<table id='result_table'>
<colgroup>
<col align='left' />
<col align='right' />
<col align='right' />
<col align='right' />
<col align='right' />
<col align='right' />
<col align='right' />
<col align='right' />
</colgroup>
<tr id='header_row'>
    <td>Test Group/Test case</td>
    <td>Count</td>
    <td>Pass</td>
    <td>Fail</td>
    <td>Error</td>
    <td>Skip</td>
    <td>View</td>
    <td> </td>
</tr>

<tr class='failClass'>
    <td class="testname">tempest.scenario.test_network_advanced_server_ops.TestNetworkAdvancedServerOps</td>
    <td class="small">6</td>
    <td class="small">0</td>
    <td class="small">6</td>
    <td class="small">0</td>
    <td class="small">0</td>
    <td class="small"><a href="javascript:showClassDetail('c1',6)"
>Detail</a></td>
    <td> </td>
</tr>

<tr id='ft1.1' class='none'>
    <td class='failCase'><div class='testcase'>test_server_connectivity_pause_unpause[compute,id-2b2642db-6568-4b35-b812-eceed3fa20ce,network]</div></td>
    <td colspan='7' align='left'>

    <!--css div popup start-->
    <a class="popup_link" onfocus='this.blur();'
    href="javascript:showTestDetail('div_ft1.1')" >
        fail</a>

    <div id='div_ft1.1' class="popup_window">
        <div style='text-align: right; color:red;cursor:pointer'>
        <a onfocus='this.blur();'
onclick="document.getElementById('div_ft1.1').style.display = 'none' " >
           [x]</a>
        </div>
        <pre>
        
ft1.1: tempest.scenario.test_network_advanced_server_ops.TestNetworkAdvancedServerOps.test_server_connectivity_pause_unpause[compute,id-2b2642db-6568-4b35-b812-eceed3fa20ce,network]_StringException: Empty attachments:
  stderr
  stdout

pythonlogging:'': {{{
2015-12-25 11:29:39,130 21403 INFO     [tempest_lib.common.rest_client] Request (TestNetworkAdvancedServerOps:test_server_connectivity_pause_unpause): 200 POST http://10.0.2.15:8774/v2.1/77937d04815048c8b8d1f7872abe6de0/os-keypairs 0.546s
2015-12-25 11:29:39,131 21403 DEBUG    [tempest_lib.common.rest_client] Request - Headers: {'Content-Type': 'application/json', 'Accept': 'application/json', 'X-Auth-Token': '&lt;omitted&gt;'}
        Body: {"keypair": {"name": "tempest-TestNetworkAdvancedServerOps-122101783"}}
    Response - Headers: {'status': '200', 'content-length': '2329', 'x-compute-request-id': 'req-e89ee668-04ca-4afb-8ee6-d2d5e04cc916', 'vary': 'X-OpenStack-Nova-API-Version', 'connection': 'close', 'x-openstack-nova-api-version': '2.1', 'date': 'Fri, 25 Dec 2015 11:29:39 GMT', 'content-type': 'application/json'}
        Body: {"keypair": {"public_key": "ssh-rsa AAAAB3NzaC1yc2EAAAADAQABAAABAQCvdrpVge4l576gBhit41Hm/uQKElP2+5RUwjSwIIoGHFA8gZB1b7ZZcgYINwaE5v4Q1yyIF/XODU04FWxBaZQo1LDHXpNhRzOb4npTA6Dnim20MU0HRTH5ordvcoXEXKk2yTGP5EBaR6OKj9ztAT8ePSrYLagLE0kafeHXt0w+MS2di/1473MVTMEtV+zKpx2+rVBgLzAZKj3PakFMZs5qxP+aQhB82dgVu21W/oscc3rLnCvK0wnUHqcxKApT+xOd6DM9LiE938iZ+5wmY+WX5Fsvfy7AMbLS8ux44cZbZr7A1wwyuNzCNTwiOmhP8/TrRPgxBuDoijJbFPJgwdaB Generated-by-Nova", "private_key": "-----BEGIN RSA PRIVATE KEY-----\nMIIEqQIBAAKCAQEAr3a6VYHuJee+oAYYreNR5v7kChJT9vuUVMI0sCCKBhxQPIGQ\ndW+2WXIGCDcGhOb+ENcsiBf1zg1NOBVsQWmUKNSwx16TYUczm+J6UwOg54pttDFN\nB0Ux+aK3b3KFxFypNskxj+RAWkejio/c7QE/Hj0q2C2oCxNJGn3h17dMPjEtnYv9\neO9zFUzBLVfsyqcdvq1QYC8wGSo9z2pBTGbOasT/mkIQfNnYFbttVv6LHHN6y5wr\nytMJ1B6nMSgKU/sTnegzPS4hPd/ImfucJmPll+RbL38uwDGy0vLseOHGW2a+wNcM\nMrjcwjU8IjpoT/P060T4MQbg6IoyWxTyYMHWgQIDAQABAoIBAQCQixoM/rAUgchD\nQ0JpXO5HgIqS0W5h8/XJrQKCZQvO5NwkPAeo9pIdNRVLBylTqoZ5kQiaREK1r7eB\nEATSDguDZ1MJqht285TMQdHLOR4AH8Unv8VYy+PTZfv+zzTrAfpTq4IsqzdoJ8PN\njZ3NkE1St8jntRTNquF59WFqtxET2UofaGr2yQrK0UCKDxiqEUX/0wHp/TfIxLAn\nwDbyD+4IQOKMCXkFd2A2+lXrrQw+f7L4fbqzOif4+K/v7rbdKgvKOI4LYjmjghPP\n+/9Y25cf4Sodwg8+2rPHEdgVEsBA52RPD5gZhscD97Y2bsyNKYaFVT55Xgo6UBvU\n4UWSXSORAoIAgQDQIijiRRuM0+3zwKF2iM69/+oRIEV4XSF1nYrEmJzUbIABd/L/\nUDmeuqiw/RczJ6ryIbyq87dOn8s3C8Xuo1BNWBPJlhXApprzWjypMkbXbkK1YoWf\nml7rHT5Jq0cyU1FfX8jqmUrUxd24weEbipwigLs9dCt4BGfdFkUOVLb+DwKCAIEA\n19ElCM7di9boR5OY4RMoZW4cBjEQ1q31WvEZLCgobsEbAUwTEaJytrySRExijgPJ\nYWGzGt5BQIw8VOzZNXK3Sc8TGRSXaiRi0sYD9G3P2+bxBA2/NhyKB0xfiMQuwzRf\nn5JGhk9K3QzK3HlXv9hM5foLd0JToCjqv8PKxupJcm8CggCARQ7gg9ssPfjfnh4P\nNNZFyrMMBeywQDSecnj4XyzH9I+flV0oSmBjDfCfIkKHnRiPVtGs2QgOjU7lzXjh\njsGvVkpgHmXnB8n/5bjOIdGlwbs69RYgggllbxt/3E+xSthsSnnsnzKHqruQSspB\nl7LRBX2zIrvV5HeJwsit1whywy8CggCAM8o1t/Jkif1Ninep9UEyrXyJ7xZxMwNV\n4LgA0W7lnQZsI5iM7utr2dxQwWEPOYNBHURjxavWPtYoWDzqNwBLacPuklM1rrwC\nlw/7vPlpKx01c0KVQzgAC5ZRSrHBgwibdeCVWf/HOFqsh9H6s8gFVB74B2t8Q+/t\nvY0PqUJp07MCggCBALr2rH4F2NjDBnFfDl96cMoLjQi0sW/IicnF77ym8FnHLv/i\nkqcTyPRhUncriwEX7pMagIIBbVHd21bl1iQL2kaW0dSeYUx+ULFxCP1mcHEh8OCV\nuNoW0KXZRcq2sd8qmEtmmqztskIw2rGWS25UOTBPx+HaBeTFgHdN/vU2MS6m\n-----END RSA PRIVATE KEY-----\n", "user_id": "18052ebf8a1b49a5a5f8fbdd5e23c36b", "name": "tempest-TestNetworkAdvancedServerOps-122101783", "fingerprint": "37:de:e1:f1:12:2e:0b:bb:11:55:c5:d6:46:51:10:b2"}}
2015-12-25 11:29:39,497 21403 INFO     [tempest_lib.common.rest_client] Request (TestNetworkAdvancedServerOps:test_server_connectivity_pause_unpause): 201 POST http://10.0.2.15:9696/v2.0/security-groups 0.361s
2015-12-25 11:29:39,497 21403 DEBUG    [tempest_lib.common.rest_client] Request - Headers: {'Content-Type': 'application/json', 'Accept': 'application/json', 'X-Auth-Token': '&lt;omitted&gt;'}
        Body: {"security_group": {"tenant_id": "77937d04815048c8b8d1f7872abe6de0", "description": "tempest-secgroup-smoke-414821717 description", "name": "tempest-secgroup-smoke-414821717"}}
    Response - Headers: {'status': '201', 'content-length': '886', 'connection': 'close', 'date': 'Fri, 25 Dec 2015 11:29:39 GMT', 'content-type': 'application/json; charset=UTF-8', 'x-openstack-request-id': 'req-c93616d1-aa3d-4a22-be28-b2cd5dd47b01'}
        Body: {"security_group": {"tenant_id": "77937d04815048c8b8d1f7872abe6de0", "description": "tempest-secgroup-smoke-414821717 description", "id": "31418270-0e73-46ab-8505-36677911340a", "security_group_rules": [{"remote_group_id": null, "direction": "egress", "remote_ip_prefix": null, "protocol": null, "ethertype": "IPv4", "tenant_id": "77937d04815048c8b8d1f7872abe6de0", "port_range_max": null, "port_range_min": null, "id": "b7a2f88c-9ad5-4aea-a591-dfbf90739205", "security_group_id": "31418270-0e73-46ab-8505-36677911340a"}, {"remote_group_id": null, "direction": "egress", "remote_ip_prefix": null, "protocol": null, "ethertype": "IPv6", "tenant_id": "77937d04815048c8b8d1f7872abe6de0", "port_range_max": null, "port_range_min": null, "id": "4af75463-6d0a-489b-b606-ce6eead40139", "security_group_id": "31418270-0e73-46ab-8505-36677911340a"}], "name": "tempest-secgroup-smoke-414821717"}}
2015-12-25 11:29:39,762 21403 INFO     [tempest_lib.common.rest_client] Request (TestNetworkAdvancedServerOps:test_server_connectivity_pause_unpause): 201 POST http://10.0.2.15:9696/v2.0/security-group-rules 0.264s
2015-12-25 11:29:39,763 21403 DEBUG    [tempest_lib.common.rest_client] Request - Headers: {'Content-Type': 'application/json', 'Accept': 'application/json', 'X-Auth-Token': '&lt;omitted&gt;'}
        Body: {"security_group_rule": {"direction": "ingress", "protocol": "tcp", "tenant_id": "77937d04815048c8b8d1f7872abe6de0", "port_range_max": 22, "security_group_id": "31418270-0e73-46ab-8505-36677911340a", "port_range_min": 22}}
    Response - Headers: {'status': '201', 'content-length': '340', 'connection': 'close', 'date': 'Fri, 25 Dec 2015 11:29:39 GMT', 'content-type': 'application/json; charset=UTF-8', 'x-openstack-request-id': 'req-3b504a52-72c2-4f05-b8c6-10b0c32bb251'}
        Body: {"security_group_rule": {"remote_group_id": null, "direction": "ingress", "remote_ip_prefix": null, "protocol": "tcp", "ethertype": "IPv4", "tenant_id": "77937d04815048c8b8d1f7872abe6de0", "port_range_max": 22, "port_range_min": 22, "id": "31bb677c-44a3-40fb-9de0-f42b511c0b19", "security_group_id": "31418270-0e73-46ab-8505-36677911340a"}}
2015-12-25 11:29:39,885 21403 INFO     [tempest_lib.common.rest_client] Request (TestNetworkAdvancedServerOps:test_server_connectivity_pause_unpause): 201 POST http://10.0.2.15:9696/v2.0/security-group-rules 0.121s
2015-12-25 11:29:39,886 21403 DEBUG    [tempest_lib.common.rest_client] Request - Headers: {'Content-Type': 'application/json', 'Accept': 'application/json', 'X-Auth-Token': '&lt;omitted&gt;'}
        Body: {"security_group_rule": {"direction": "egress", "protocol": "tcp", "tenant_id": "77937d04815048c8b8d1f7872abe6de0", "port_range_max": 22, "security_group_id": "31418270-0e73-46ab-8505-36677911340a", "port_range_min": 22}}
    Response - Headers: {'status': '201', 'content-length': '339', 'connection': 'close', 'date': 'Fri, 25 Dec 2015 11:29:39 GMT', 'content-type': 'application/json; charset=UTF-8', 'x-openstack-request-id': 'req-a64289f3-2362-483a-b5e5-6be0050e73d6'}
        Body: {"security_group_rule": {"remote_group_id": null, "direction": "egress", "remote_ip_prefix": null, "protocol": "tcp", "ethertype": "IPv4", "tenant_id": "77937d04815048c8b8d1f7872abe6de0", "port_range_max": 22, "port_range_min": 22, "id": "1650e024-3f99-463d-b753-cae64dd08ad9", "security_group_id": "31418270-0e73-46ab-8505-36677911340a"}}
2015-12-25 11:29:40,004 21403 INFO     [tempest_lib.common.rest_client] Request (TestNetworkAdvancedServerOps:test_server_connectivity_pause_unpause): 201 POST http://10.0.2.15:9696/v2.0/security-group-rules 0.117s
2015-12-25 11:29:40,005 21403 DEBUG    [tempest_lib.common.rest_client] Request - Headers: {'Content-Type': 'application/json', 'Accept': 'application/json', 'X-Auth-Token': '&lt;omitted&gt;'}
        Body: {"security_group_rule": {"tenant_id": "77937d04815048c8b8d1f7872abe6de0", "direction": "ingress", "protocol": "icmp", "security_group_id": "31418270-0e73-46ab-8505-36677911340a"}}
    Response - Headers: {'status': '201', 'content-length': '345', 'connection': 'close', 'date': 'Fri, 25 Dec 2015 11:29:40 GMT', 'content-type': 'application/json; charset=UTF-8', 'x-openstack-request-id': 'req-45c5f378-372e-4f8e-8bb9-53db0beb0536'}
        Body: {"security_group_rule": {"remote_group_id": null, "direction": "ingress", "remote_ip_prefix": null, "protocol": "icmp", "ethertype": "IPv4", "tenant_id": "77937d04815048c8b8d1f7872abe6de0", "port_range_max": null, "port_range_min": null, "id": "85762a07-a322-48f0-8340-b1ebab77619e", "security_group_id": "31418270-0e73-46ab-8505-36677911340a"}}
2015-12-25 11:29:40,116 21403 INFO     [tempest_lib.common.rest_client] Request (TestNetworkAdvancedServerOps:test_server_connectivity_pause_unpause): 201 POST http://10.0.2.15:9696/v2.0/security-group-rules 0.110s
2015-12-25 11:29:40,117 21403 DEBUG    [tempest_lib.common.rest_client] Request - Headers: {'Content-Type': 'application/json', 'Accept': 'application/json', 'X-Auth-Token': '&lt;omitted&gt;'}
        Body: {"security_group_rule": {"tenant_id": "77937d04815048c8b8d1f7872abe6de0", "direction": "egress", "protocol": "icmp", "security_group_id": "31418270-0e73-46ab-8505-36677911340a"}}
    Response - Headers: {'status': '201', 'content-length': '344', 'connection': 'close', 'date': 'Fri, 25 Dec 2015 11:29:40 GMT', 'content-type': 'application/json; charset=UTF-8', 'x-openstack-request-id': 'req-a629bdc8-77e3-4e9f-92bb-a964a51471c7'}
        Body: {"security_group_rule": {"remote_group_id": null, "direction": "egress", "remote_ip_prefix": null, "protocol": "icmp", "ethertype": "IPv4", "tenant_id": "77937d04815048c8b8d1f7872abe6de0", "port_range_max": null, "port_range_min": null, "id": "d621cffa-54ce-459b-9fcf-7913dfcacf9f", "security_group_id": "31418270-0e73-46ab-8505-36677911340a"}}
2015-12-25 11:29:40,248 21403 INFO     [tempest_lib.common.rest_client] Request (TestNetworkAdvancedServerOps:test_server_connectivity_pause_unpause): 201 POST http://10.0.2.15:9696/v2.0/security-group-rules 0.129s
2015-12-25 11:29:40,249 21403 DEBUG    [tempest_lib.common.rest_client] Request - Headers: {'Content-Type': 'application/json', 'Accept': 'application/json', 'X-Auth-Token': '&lt;omitted&gt;'}
        Body: {"security_group_rule": {"tenant_id": "77937d04815048c8b8d1f7872abe6de0", "direction": "ingress", "security_group_id": "31418270-0e73-46ab-8505-36677911340a", "protocol": "icmp", "ethertype": "IPv6"}}
    Response - Headers: {'status': '201', 'content-length': '345', 'connection': 'close', 'date': 'Fri, 25 Dec 2015 11:29:40 GMT', 'content-type': 'application/json; charset=UTF-8', 'x-openstack-request-id': 'req-216f3a31-fd18-4dbd-ac4b-aefecfe36efe'}
        Body: {"security_group_rule": {"remote_group_id": null, "direction": "ingress", "remote_ip_prefix": null, "protocol": "icmp", "ethertype": "IPv6", "tenant_id": "77937d04815048c8b8d1f7872abe6de0", "port_range_max": null, "port_range_min": null, "id": "7521926b-9619-4261-957d-67453f420b27", "security_group_id": "31418270-0e73-46ab-8505-36677911340a"}}
2015-12-25 11:29:40,377 21403 INFO     [tempest_lib.common.rest_client] Request (TestNetworkAdvancedServerOps:test_server_connectivity_pause_unpause): 201 POST http://10.0.2.15:9696/v2.0/security-group-rules 0.127s
2015-12-25 11:29:40,378 21403 DEBUG    [tempest_lib.common.rest_client] Request - Headers: {'Content-Type': 'application/json', 'Accept': 'application/json', 'X-Auth-Token': '&lt;omitted&gt;'}
        Body: {"security_group_rule": {"tenant_id": "77937d04815048c8b8d1f7872abe6de0", "direction": "egress", "security_group_id": "31418270-0e73-46ab-8505-36677911340a", "protocol": "icmp", "ethertype": "IPv6"}}
    Response - Headers: {'status': '201', 'content-length': '344', 'connection': 'close', 'date': 'Fri, 25 Dec 2015 11:29:40 GMT', 'content-type': 'application/json; charset=UTF-8', 'x-openstack-request-id': 'req-5734d095-910b-4b5a-ad2e-986300b6b951'}
        Body: {"security_group_rule": {"remote_group_id": null, "direction": "egress", "remote_ip_prefix": null, "protocol": "icmp", "ethertype": "IPv6", "tenant_id": "77937d04815048c8b8d1f7872abe6de0", "port_range_max": null, "port_range_min": null, "id": "e31c619c-1e2d-45a1-9a3e-74e95c376179", "security_group_id": "31418270-0e73-46ab-8505-36677911340a"}}
2015-12-25 11:29:40,574 21403 INFO     [tempest_lib.common.rest_client] Request (TestNetworkAdvancedServerOps:test_server_connectivity_pause_unpause): 201 POST http://10.0.2.15:9696/v2.0/networks 0.195s
2015-12-25 11:29:40,575 21403 DEBUG    [tempest_lib.common.rest_client] Request - Headers: {'Content-Type': 'application/json', 'Accept': 'application/json', 'X-Auth-Token': '&lt;omitted&gt;'}
        Body: {"network": {"tenant_id": "77937d04815048c8b8d1f7872abe6de0", "name": "tempest-network-smoke--176021712"}}
    Response - Headers: {'status': '201', 'content-length': '326', 'connection': 'close', 'date': 'Fri, 25 Dec 2015 11:29:40 GMT', 'content-type': 'application/json; charset=UTF-8', 'x-openstack-request-id': 'req-355cd901-e9b1-4f41-9c89-e6d059d516e5'}
        Body: {"network": {"status": "ACTIVE", "subnets": [], "availability_zone_hints": [], "name": "tempest-network-smoke--176021712", "admin_state_up": true, "tenant_id": "77937d04815048c8b8d1f7872abe6de0", "mtu": 0, "router:external": false, "shared": false, "port_security_enabled": true, "id": "9720768c-34aa-4986-bcf5-4a4e98bb565d"}}
2015-12-25 11:29:40,660 21403 INFO     [tempest_lib.common.rest_client] Request (TestNetworkAdvancedServerOps:test_server_connectivity_pause_unpause): 201 POST http://10.0.2.15:9696/v2.0/routers 0.084s
2015-12-25 11:29:40,660 21403 DEBUG    [tempest_lib.common.rest_client] Request - Headers: {'Content-Type': 'application/json', 'Accept': 'application/json', 'X-Auth-Token': '&lt;omitted&gt;'}
        Body: {"router": {"tenant_id": "77937d04815048c8b8d1f7872abe6de0", "name": "tempest-router-smoke-407192984", "admin_state_up": true}}
    Response - Headers: {'status': '201', 'content-length': '295', 'connection': 'close', 'date': 'Fri, 25 Dec 2015 11:29:40 GMT', 'content-type': 'application/json; charset=UTF-8', 'x-openstack-request-id': 'req-4ce9c0d8-5339-4c46-888b-1477fad75448'}
        Body: {"router": {"status": "ACTIVE", "external_gateway_info": null, "availability_zone_hints": [], "availability_zones": [], "name": "tempest-router-smoke-407192984", "admin_state_up": true, "tenant_id": "77937d04815048c8b8d1f7872abe6de0", "routes": [], "id": "2faf3767-8f2d-4a31-98c6-79adb4d93757"}}
2015-12-25 11:29:40,716 21403 INFO     [tempest_lib.common.rest_client] Request (TestNetworkAdvancedServerOps:test_server_connectivity_pause_unpause): 200 GET http://10.0.2.15:9696/v2.0/routers/2faf3767-8f2d-4a31-98c6-79adb4d93757 0.054s
2015-12-25 11:29:40,716 21403 DEBUG    [tempest_lib.common.rest_client] Request - Headers: {'Content-Type': 'application/json', 'Accept': 'application/json', 'X-Auth-Token': '&lt;omitted&gt;'}
        Body: None
    Response - Headers: {'status': '200', 'content-length': '295', 'content-location': 'http://10.0.2.15:9696/v2.0/routers/2faf3767-8f2d-4a31-98c6-79adb4d93757', 'connection': 'close', 'date': 'Fri, 25 Dec 2015 11:29:40 GMT', 'content-type': 'application/json; charset=UTF-8', 'x-openstack-request-id': 'req-71a36662-81c8-402f-aad0-dffec8f50db8'}
        Body: {"router": {"status": "ACTIVE", "external_gateway_info": null, "availability_zone_hints": [], "availability_zones": [], "name": "tempest-router-smoke-407192984", "admin_state_up": true, "tenant_id": "77937d04815048c8b8d1f7872abe6de0", "routes": [], "id": "2faf3767-8f2d-4a31-98c6-79adb4d93757"}}
2015-12-25 11:29:41,473 21403 INFO     [tempest_lib.common.rest_client] Request (TestNetworkAdvancedServerOps:test_server_connectivity_pause_unpause): 200 PUT http://10.0.2.15:9696/v2.0/routers/2faf3767-8f2d-4a31-98c6-79adb4d93757 0.756s
2015-12-25 11:29:41,474 21403 DEBUG    [tempest_lib.common.rest_client] Request - Headers: {'Content-Type': 'application/json', 'Accept': 'application/json', 'X-Auth-Token': '&lt;omitted&gt;'}
        Body: {"router": {"external_gateway_info": {"network_id": "9ece2727-989f-4c26-a87e-2715c8a174ba"}, "name": "tempest-router-smoke-407192984", "admin_state_up": true}}
    Response - Headers: {'status': '200', 'content-length': '557', 'connection': 'close', 'date': 'Fri, 25 Dec 2015 11:29:41 GMT', 'content-type': 'application/json; charset=UTF-8', 'x-openstack-request-id': 'req-f2f14f54-7ecb-4c70-8227-ce946d9d2da2'}
        Body: {"router": {"status": "ACTIVE", "external_gateway_info": {"network_id": "9ece2727-989f-4c26-a87e-2715c8a174ba", "enable_snat": true, "external_fixed_ips": [{"subnet_id": "aeb73692-f7f1-43e2-a871-06eff06a109c", "ip_address": "172.24.4.3"}, {"subnet_id": "c5f98a34-6e6c-4a63-ad6a-bfa4e3b89635", "ip_address": "2001:db8::3"}]}, "availability_zone_hints": [], "availability_zones": [], "name": "tempest-router-smoke-407192984", "admin_state_up": true, "tenant_id": "77937d04815048c8b8d1f7872abe6de0", "routes": [], "id": "2faf3767-8f2d-4a31-98c6-79adb4d93757"}}
2015-12-25 11:29:41,644 21403 INFO     [tempest_lib.common.rest_client] Request (TestNetworkAdvancedServerOps:test_server_connectivity_pause_unpause): 200 GET http://10.0.2.15:9696/v2.0/subnets?tenant_id=77937d04815048c8b8d1f7872abe6de0&amp;cidr=10.100.0.0%2F28 0.169s
2015-12-25 11:29:41,645 21403 DEBUG    [tempest_lib.common.rest_client] Request - Headers: {'Content-Type': 'application/json', 'Accept': 'application/json', 'X-Auth-Token': '&lt;omitted&gt;'}
        Body: None
    Response - Headers: {'status': '200', 'content-length': '15', 'content-location': 'http://10.0.2.15:9696/v2.0/subnets?tenant_id=77937d04815048c8b8d1f7872abe6de0&amp;cidr=10.100.0.0%2F28', 'connection': 'close', 'date': 'Fri, 25 Dec 2015 11:29:41 GMT', 'content-type': 'application/json; charset=UTF-8', 'x-openstack-request-id': 'req-d7f3c999-d10e-4afe-8210-509e82fc2f93'}
        Body: {"subnets": []}
2015-12-25 11:29:41,961 21403 INFO     [tempest_lib.common.rest_client] Request (TestNetworkAdvancedServerOps:test_server_connectivity_pause_unpause): 201 POST http://10.0.2.15:9696/v2.0/subnets 0.315s
2015-12-25 11:29:41,961 21403 DEBUG    [tempest_lib.common.rest_client] Request - Headers: {'Content-Type': 'application/json', 'Accept': 'application/json', 'X-Auth-Token': '&lt;omitted&gt;'}
        Body: {"subnet": {"ip_version": 4, "tenant_id": "77937d04815048c8b8d1f7872abe6de0", "cidr": "10.100.0.0/28", "network_id": "9720768c-34aa-4986-bcf5-4a4e98bb565d", "name": "tempest-subnet-smoke-1330431029"}}
    Response - Headers: {'status': '201', 'content-length': '478', 'connection': 'close', 'date': 'Fri, 25 Dec 2015 11:29:41 GMT', 'content-type': 'application/json; charset=UTF-8', 'x-openstack-request-id': 'req-afdcb2f4-d0fc-4523-b5c2-59c96a0e798a'}
        Body: {"subnet": {"name": "tempest-subnet-smoke-1330431029", "enable_dhcp": true, "network_id": "9720768c-34aa-4986-bcf5-4a4e98bb565d", "tenant_id": "77937d04815048c8b8d1f7872abe6de0", "dns_nameservers": [], "gateway_ip": "10.100.0.1", "ipv6_ra_mode": null, "allocation_pools": [{"start": "10.100.0.2", "end": "10.100.0.14"}], "host_routes": [], "ip_version": 4, "ipv6_address_mode": null, "cidr": "10.100.0.0/28", "id": "7518be4d-7a90-4f4c-8eda-a78cf388c302", "subnetpool_id": null}}
2015-12-25 11:29:42,595 21403 INFO     [tempest_lib.common.rest_client] Request (TestNetworkAdvancedServerOps:test_server_connectivity_pause_unpause): 200 PUT http://10.0.2.15:9696/v2.0/routers/2faf3767-8f2d-4a31-98c6-79adb4d93757/add_router_interface 0.633s
2015-12-25 11:29:42,596 21403 DEBUG    [tempest_lib.common.rest_client] Request - Headers: {'Content-Type': 'application/json', 'Accept': 'application/json', 'X-Auth-Token': '&lt;omitted&gt;'}
        Body: {"subnet_id": "7518be4d-7a90-4f4c-8eda-a78cf388c302"}
    Response - Headers: {'status': '200', 'content-length': '255', 'connection': 'close', 'date': 'Fri, 25 Dec 2015 11:29:42 GMT', 'content-type': 'application/json; charset=UTF-8', 'x-openstack-request-id': 'req-c0c392bf-55ce-47fe-8e5f-0ed2fabbf6c9'}
        Body: {"subnet_id": "7518be4d-7a90-4f4c-8eda-a78cf388c302", "tenant_id": "77937d04815048c8b8d1f7872abe6de0", "subnet_ids": ["7518be4d-7a90-4f4c-8eda-a78cf388c302"], "port_id": "0e48f254-afc9-4ff8-a491-eaaa9395025b", "id": "2faf3767-8f2d-4a31-98c6-79adb4d93757"}
2015-12-25 11:29:42,710 21403 INFO     [tempest_lib.common.rest_client] Request (TestNetworkAdvancedServerOps:test_server_connectivity_pause_unpause): 200 POST http://10.0.2.15:5000/v2.0/tokens
2015-12-25 11:29:42,711 21403 DEBUG    [tempest_lib.common.rest_client] Request - Headers: {'Content-Type': 'application/json', 'Accept': 'application/json'}
        Body: &lt;omitted&gt;
    Response - Headers: {'status': '200', 'content-length': '2564', 'vary': 'X-Auth-Token', 'server': 'Apache/2.4.7 (Ubuntu)', 'connection': 'close', 'date': 'Fri, 25 Dec 2015 11:29:42 GMT', 'content-type': 'application/json', 'x-openstack-request-id': 'req-9423a61e-e4cc-4752-a6ef-48822095688c'}
        Body: {"access": {"token": {"issued_at": "2015-12-25T11:29:42.700439", "expires": "2015-12-25T12:29:42Z", "id": "93417abfd8014aaea76fdb03c69dc8d3", "tenant": {"description": "tempest-TestNetworkAdvancedServerOps-1686231126-desc", "enabled": true, "id": "77937d04815048c8b8d1f7872abe6de0", "name": "tempest-TestNetworkAdvancedServerOps-1686231126"}, "audit_ids": ["ZZzg0b38S6eWxDaTXPEVQQ"]}, "serviceCatalog": [{"endpoints": [{"adminURL": "http://10.0.2.15:8774/v2.1/77937d04815048c8b8d1f7872abe6de0", "region": "RegionOne", "internalURL": "http://10.0.2.15:8774/v2.1/77937d04815048c8b8d1f7872abe6de0", "id": "29c04db001c04a8e8648e4982407458d", "publicURL": "http://10.0.2.15:8774/v2.1/77937d04815048c8b8d1f7872abe6de0"}], "endpoints_links": [], "type": "compute", "name": "nova"}, {"endpoints": [{"adminURL": "http://10.0.2.15:9696/", "region": "RegionOne", "internalURL": "http://10.0.2.15:9696/", "id": "20dbef4712da43a5bb3a3c0fb9b0cdd6", "publicURL": "http://10.0.2.15:9696/"}], "endpoints_links": [], "type": "network", "name": "neutron"}, {"endpoints": [{"adminURL": "http://10.0.2.15:9292", "region": "RegionOne", "internalURL": "http://10.0.2.15:9292", "id": "5525ff7f5bf14bdcaaa1aa6271b807ca", "publicURL": "http://10.0.2.15:9292"}], "endpoints_links": [], "type": "image", "name": "glance"}, {"endpoints": [{"adminURL": "http://10.0.2.15:8774/v2/77937d04815048c8b8d1f7872abe6de0", "region": "RegionOne", "internalURL": "http://10.0.2.15:8774/v2/77937d04815048c8b8d1f7872abe6de0", "id": "591296799b3e4414bfd3af0dbf1b41d4", "publicURL": "http://10.0.2.15:8774/v2/77937d04815048c8b8d1f7872abe6de0"}], "endpoints_links": [], "type": "compute_legacy", "name": "nova_legacy"}, {"endpoints": [{"adminURL": "http://10.0.2.15:8773/", "region": "RegionOne", "internalURL": "http://10.0.2.15:8773/", "id": "7d48452d8b2048bea0fd1ca1a4a82002", "publicURL": "http://10.0.2.15:8773/"}], "endpoints_links": [], "type": "ec2", "name": "ec2"}, {"endpoints": [{"adminURL": "http://10.0.2.15:35357/v2.0", "region": "RegionOne", "internalURL": "http://10.0.2.15:5000/v2.0", "id": "121d5d056c7e42b986a147ad1ac870d4", "publicURL": "http://10.0.2.15:5000/v2.0"}], "endpoints_links": [], "type": "identity", "name": "keystone"}], "user": {"username": "tempest-TestNetworkAdvancedServerOps-613873764", "roles_links": [], "id": "18052ebf8a1b49a5a5f8fbdd5e23c36b", "roles": [{"name": "_member_"}, {"name": "Member"}], "name": "tempest-TestNetworkAdvancedServerOps-613873764"}, "metadata": {"is_admin": 0, "roles": ["9fe2ff9ee4384b1894a90878d3e92bab", "faf8352131be48fd89ec4112c710ffce"]}}}
2015-12-25 11:29:42,716 21403 DEBUG    [tempest.common.fixed_network] (TestNetworkAdvancedServerOps:test_server_connectivity_pause_unpause) No valid network provided or created, defaulting to fixed_network_name
2015-12-25 11:29:43,087 21403 INFO     [tempest_lib.common.rest_client] Request (TestNetworkAdvancedServerOps:test_server_connectivity_pause_unpause): 200 GET http://10.0.2.15:8774/v2.1/77937d04815048c8b8d1f7872abe6de0/os-networks 0.370s
2015-12-25 11:29:43,087 21403 DEBUG    [tempest_lib.common.rest_client] Request - Headers: {'Content-Type': 'application/json', 'Accept': 'application/json', 'X-Auth-Token': '&lt;omitted&gt;'}
        Body: None
    Response - Headers: {'status': '200', 'content-length': '478', 'content-location': 'http://10.0.2.15:8774/v2.1/77937d04815048c8b8d1f7872abe6de0/os-networks', 'x-compute-request-id': 'req-cab92145-b9e9-4c2f-ad61-fe344c14451c', 'vary': 'X-OpenStack-Nova-API-Version', 'connection': 'close', 'x-openstack-nova-api-version': '2.1', 'date': 'Fri, 25 Dec 2015 11:29:43 GMT', 'content-type': 'application/json'}
        Body: {"networks": [{"cidr_v6": null, "dns2": null, "dns1": null, "gateway": null, "broadcast": null, "netmask": null, "gateway_v6": null, "cidr": null, "label": "public", "id": "9ece2727-989f-4c26-a87e-2715c8a174ba", "netmask_v6": null}, {"cidr_v6": null, "dns2": null, "dns1": null, "gateway": null, "broadcast": null, "netmask": null, "gateway_v6": null, "cidr": null, "label": "tempest-network-smoke--176021712", "id": "9720768c-34aa-4986-bcf5-4a4e98bb565d", "netmask_v6": null}]}
2015-12-25 11:29:43,088 21403 WARNING  [tempest.common.fixed_network] (TestNetworkAdvancedServerOps:test_server_connectivity_pause_unpause) Network with name: private not found
2015-12-25 11:29:43,088 21403 INFO     [tempest.common.fixed_network] (TestNetworkAdvancedServerOps:test_server_connectivity_pause_unpause) Found network {} available for tenant
2015-12-25 11:29:44,488 21403 INFO     [tempest_lib.common.rest_client] Request (TestNetworkAdvancedServerOps:test_server_connectivity_pause_unpause): 202 POST http://10.0.2.15:8774/v2.1/77937d04815048c8b8d1f7872abe6de0/servers 1.399s
2015-12-25 11:29:44,489 21403 DEBUG    [tempest_lib.common.rest_client] Request - Headers: {'Content-Type': 'application/json', 'Accept': 'application/json', 'X-Auth-Token': '&lt;omitted&gt;'}
        Body: {"server": {"name": "tempest.common.compute-instance-995988407", "imageRef": "749674e0-d168-42df-bc4a-24701686a780", "key_name": "tempest-TestNetworkAdvancedServerOps-122101783", "flavorRef": "42", "networks": [{"uuid": "9720768c-34aa-4986-bcf5-4a4e98bb565d"}], "security_groups": [{"name": "tempest-secgroup-smoke-414821717"}]}}
    Response - Headers: {'status': '202', 'content-length': '461', 'x-compute-request-id': 'req-fc97f296-cee6-4996-be75-fae9d5be3930', 'vary': 'X-OpenStack-Nova-API-Version', 'connection': 'close', 'location': 'http://10.0.2.15:8774/v2.1/77937d04815048c8b8d1f7872abe6de0/servers/afb2e9b8-7237-4c75-a03d-53c9f3a335c9', 'x-openstack-nova-api-version': '2.1', 'date': 'Fri, 25 Dec 2015 11:29:44 GMT', 'content-type': 'application/json'}
        Body: {"server": {"security_groups": [{"name": "tempest-secgroup-smoke-414821717"}], "OS-DCF:diskConfig": "MANUAL", "id": "afb2e9b8-7237-4c75-a03d-53c9f3a335c9", "links": [{"href": "http://10.0.2.15:8774/v2.1/77937d04815048c8b8d1f7872abe6de0/servers/afb2e9b8-7237-4c75-a03d-53c9f3a335c9", "rel": "self"}, {"href": "http://10.0.2.15:8774/77937d04815048c8b8d1f7872abe6de0/servers/afb2e9b8-7237-4c75-a03d-53c9f3a335c9", "rel": "bookmark"}], "adminPass": "FdSg5e5m3W9x"}}
2015-12-25 11:29:44,632 21403 INFO     [tempest_lib.common.rest_client] Request (TestNetworkAdvancedServerOps:test_server_connectivity_pause_unpause): 200 GET http://10.0.2.15:8774/v2.1/77937d04815048c8b8d1f7872abe6de0/servers/afb2e9b8-7237-4c75-a03d-53c9f3a335c9 0.140s
2015-12-25 11:29:44,633 21403 DEBUG    [tempest_lib.common.rest_client] Request - Headers: {'Content-Type': 'application/json', 'Accept': 'application/json', 'X-Auth-Token': '&lt;omitted&gt;'}
        Body: None
    Response - Headers: {'status': '200', 'content-length': '1363', 'content-location': 'http://10.0.2.15:8774/v2.1/77937d04815048c8b8d1f7872abe6de0/servers/afb2e9b8-7237-4c75-a03d-53c9f3a335c9', 'x-compute-request-id': 'req-6cbae5d6-64e2-4cd4-b3a7-4a0f544c238b', 'vary': 'X-OpenStack-Nova-API-Version', 'connection': 'close', 'x-openstack-nova-api-version': '2.1', 'date': 'Fri, 25 Dec 2015 11:29:44 GMT', 'content-type': 'application/json'}
        Body: {"server": {"status": "BUILD", "updated": "2015-12-25T11:29:44Z", "hostId": "", "addresses": {}, "links": [{"href": "http://10.0.2.15:8774/v2.1/77937d04815048c8b8d1f7872abe6de0/servers/afb2e9b8-7237-4c75-a03d-53c9f3a335c9", "rel": "self"}, {"href": "http://10.0.2.15:8774/77937d04815048c8b8d1f7872abe6de0/servers/afb2e9b8-7237-4c75-a03d-53c9f3a335c9", "rel": "bookmark"}], "key_name": "tempest-TestNetworkAdvancedServerOps-122101783", "image": {"id": "749674e0-d168-42df-bc4a-24701686a780", "links": [{"href": "http://10.0.2.15:8774/77937d04815048c8b8d1f7872abe6de0/images/749674e0-d168-42df-bc4a-24701686a780", "rel": "bookmark"}]}, "OS-EXT-STS:task_state": "scheduling", "OS-EXT-STS:vm_state": "building", "OS-SRV-USG:launched_at": null, "flavor": {"id": "42", "links": [{"href": "http://10.0.2.15:8774/77937d04815048c8b8d1f7872abe6de0/flavors/42", "rel": "bookmark"}]}, "id": "afb2e9b8-7237-4c75-a03d-53c9f3a335c9", "OS-SRV-USG:terminated_at": null, "OS-EXT-AZ:availability_zone": "", "user_id": "18052ebf8a1b49a5a5f8fbdd5e23c36b", "name": "tempest.common.compute-instance-995988407", "created": "2015-12-25T11:29:44Z", "tenant_id": "77937d04815048c8b8d1f7872abe6de0", "OS-DCF:diskConfig": "MANUAL", "os-extended-volumes:volumes_attached": [], "accessIPv4": "", "accessIPv6": "", "progress": 0, "OS-EXT-STS:power_state": 0, "config_drive": "", "metadata": {}}}
2015-12-25 11:29:45,992 21403 INFO     [tempest_lib.common.rest_client] Request (TestNetworkAdvancedServerOps:test_server_connectivity_pause_unpause): 200 GET http://10.0.2.15:8774/v2.1/77937d04815048c8b8d1f7872abe6de0/servers/afb2e9b8-7237-4c75-a03d-53c9f3a335c9 0.348s
2015-12-25 11:29:45,993 21403 DEBUG    [tempest_lib.common.rest_client] Request - Headers: {'Content-Type': 'application/json', 'Accept': 'application/json', 'X-Auth-Token': '&lt;omitted&gt;'}
        Body: None
    Response - Headers: {'status': '200', 'content-length': '1488', 'content-location': 'http://10.0.2.15:8774/v2.1/77937d04815048c8b8d1f7872abe6de0/servers/afb2e9b8-7237-4c75-a03d-53c9f3a335c9', 'x-compute-request-id': 'req-184079ab-9fbf-48ec-8bfc-2925f8a0d438', 'vary': 'X-OpenStack-Nova-API-Version', 'connection': 'close', 'x-openstack-nova-api-version': '2.1', 'date': 'Fri, 25 Dec 2015 11:29:45 GMT', 'content-type': 'application/json'}
        Body: {"server": {"status": "BUILD", "updated": "2015-12-25T11:29:45Z", "hostId": "30ccf3d8031169e0186b2b7f1a4be63a288e155e5d898d128cfcbf87", "addresses": {}, "links": [{"href": "http://10.0.2.15:8774/v2.1/77937d04815048c8b8d1f7872abe6de0/servers/afb2e9b8-7237-4c75-a03d-53c9f3a335c9", "rel": "self"}, {"href": "http://10.0.2.15:8774/77937d04815048c8b8d1f7872abe6de0/servers/afb2e9b8-7237-4c75-a03d-53c9f3a335c9", "rel": "bookmark"}], "key_name": "tempest-TestNetworkAdvancedServerOps-122101783", "image": {"id": "749674e0-d168-42df-bc4a-24701686a780", "links": [{"href": "http://10.0.2.15:8774/77937d04815048c8b8d1f7872abe6de0/images/749674e0-d168-42df-bc4a-24701686a780", "rel": "bookmark"}]}, "OS-EXT-STS:task_state": "spawning", "OS-EXT-STS:vm_state": "building", "OS-SRV-USG:launched_at": null, "flavor": {"id": "42", "links": [{"href": "http://10.0.2.15:8774/77937d04815048c8b8d1f7872abe6de0/flavors/42", "rel": "bookmark"}]}, "id": "afb2e9b8-7237-4c75-a03d-53c9f3a335c9", "security_groups": [{"name": "tempest-secgroup-smoke-414821717"}], "OS-SRV-USG:terminated_at": null, "OS-EXT-AZ:availability_zone": "nova", "user_id": "18052ebf8a1b49a5a5f8fbdd5e23c36b", "name": "tempest.common.compute-instance-995988407", "created": "2015-12-25T11:29:44Z", "tenant_id": "77937d04815048c8b8d1f7872abe6de0", "OS-DCF:diskConfig": "MANUAL", "os-extended-volumes:volumes_attached": [], "accessIPv4": "", "accessIPv6": "", "progress": 0, "OS-EXT-STS:power_state": 0, "config_drive": "", "metadata": {}}}
2015-12-25 11:29:46,008 21403 INFO     [tempest.common.waiters] State transition "BUILD/scheduling" ==&gt; "BUILD/spawning" after 2 second wait
2015-12-25 11:29:47,237 21403 INFO     [tempest_lib.common.rest_client] Request (TestNetworkAdvancedServerOps:test_server_connectivity_pause_unpause): 200 GET http://10.0.2.15:8774/v2.1/77937d04815048c8b8d1f7872abe6de0/servers/afb2e9b8-7237-4c75-a03d-53c9f3a335c9 0.227s
2015-12-25 11:29:47,238 21403 DEBUG    [tempest_lib.common.rest_client] Request - Headers: {'Content-Type': 'application/json', 'Accept': 'application/json', 'X-Auth-Token': '&lt;omitted&gt;'}
        Body: None
    Response - Headers: {'status': '200', 'content-length': '1488', 'content-location': 'http://10.0.2.15:8774/v2.1/77937d04815048c8b8d1f7872abe6de0/servers/afb2e9b8-7237-4c75-a03d-53c9f3a335c9', 'x-compute-request-id': 'req-237063f3-076b-48eb-8fe6-1d4225db36d9', 'vary': 'X-OpenStack-Nova-API-Version', 'connection': 'close', 'x-openstack-nova-api-version': '2.1', 'date': 'Fri, 25 Dec 2015 11:29:47 GMT', 'content-type': 'application/json'}
        Body: {"server": {"status": "BUILD", "updated": "2015-12-25T11:29:45Z", "hostId": "30ccf3d8031169e0186b2b7f1a4be63a288e155e5d898d128cfcbf87", "addresses": {}, "links": [{"href": "http://10.0.2.15:8774/v2.1/77937d04815048c8b8d1f7872abe6de0/servers/afb2e9b8-7237-4c75-a03d-53c9f3a335c9", "rel": "self"}, {"href": "http://10.0.2.15:8774/77937d04815048c8b8d1f7872abe6de0/servers/afb2e9b8-7237-4c75-a03d-53c9f3a335c9", "rel": "bookmark"}], "key_name": "tempest-TestNetworkAdvancedServerOps-122101783", "image": {"id": "749674e0-d168-42df-bc4a-24701686a780", "links": [{"href": "http://10.0.2.15:8774/77937d04815048c8b8d1f7872abe6de0/images/749674e0-d168-42df-bc4a-24701686a780", "rel": "bookmark"}]}, "OS-EXT-STS:task_state": "spawning", "OS-EXT-STS:vm_state": "building", "OS-SRV-USG:launched_at": null, "flavor": {"id": "42", "links": [{"href": "http://10.0.2.15:8774/77937d04815048c8b8d1f7872abe6de0/flavors/42", "rel": "bookmark"}]}, "id": "afb2e9b8-7237-4c75-a03d-53c9f3a335c9", "security_groups": [{"name": "tempest-secgroup-smoke-414821717"}], "OS-SRV-USG:terminated_at": null, "OS-EXT-AZ:availability_zone": "nova", "user_id": "18052ebf8a1b49a5a5f8fbdd5e23c36b", "name": "tempest.common.compute-instance-995988407", "created": "2015-12-25T11:29:44Z", "tenant_id": "77937d04815048c8b8d1f7872abe6de0", "OS-DCF:diskConfig": "MANUAL", "os-extended-volumes:volumes_attached": [], "accessIPv4": "", "accessIPv6": "", "progress": 0, "OS-EXT-STS:power_state": 0, "config_drive": "", "metadata": {}}}
2015-12-25 11:29:48,446 21403 INFO     [tempest_lib.common.rest_client] Request (TestNetworkAdvancedServerOps:test_server_connectivity_pause_unpause): 200 GET http://10.0.2.15:8774/v2.1/77937d04815048c8b8d1f7872abe6de0/servers/afb2e9b8-7237-4c75-a03d-53c9f3a335c9 0.198s
2015-12-25 11:29:48,446 21403 DEBUG    [tempest_lib.common.rest_client] Request - Headers: {'Content-Type': 'application/json', 'Accept': 'application/json', 'X-Auth-Token': '&lt;omitted&gt;'}
        Body: None
    Response - Headers: {'status': '200', 'content-length': '1659', 'content-location': 'http://10.0.2.15:8774/v2.1/77937d04815048c8b8d1f7872abe6de0/servers/afb2e9b8-7237-4c75-a03d-53c9f3a335c9', 'x-compute-request-id': 'req-b6dd0f6c-d6ea-4277-be98-670d63173c10', 'vary': 'X-OpenStack-Nova-API-Version', 'connection': 'close', 'x-openstack-nova-api-version': '2.1', 'date': 'Fri, 25 Dec 2015 11:29:48 GMT', 'content-type': 'application/json'}
        Body: {"server": {"status": "ACTIVE", "updated": "2015-12-25T11:29:47Z", "hostId": "30ccf3d8031169e0186b2b7f1a4be63a288e155e5d898d128cfcbf87", "addresses": {"tempest-network-smoke--176021712": [{"OS-EXT-IPS-MAC:mac_addr": "fa:16:3e:5e:9b:93", "version": 4, "addr": "10.100.0.3", "OS-EXT-IPS:type": "fixed"}]}, "links": [{"href": "http://10.0.2.15:8774/v2.1/77937d04815048c8b8d1f7872abe6de0/servers/afb2e9b8-7237-4c75-a03d-53c9f3a335c9", "rel": "self"}, {"href": "http://10.0.2.15:8774/77937d04815048c8b8d1f7872abe6de0/servers/afb2e9b8-7237-4c75-a03d-53c9f3a335c9", "rel": "bookmark"}], "key_name": "tempest-TestNetworkAdvancedServerOps-122101783", "image": {"id": "749674e0-d168-42df-bc4a-24701686a780", "links": [{"href": "http://10.0.2.15:8774/77937d04815048c8b8d1f7872abe6de0/images/749674e0-d168-42df-bc4a-24701686a780", "rel": "bookmark"}]}, "OS-EXT-STS:task_state": null, "OS-EXT-STS:vm_state": "active", "OS-SRV-USG:launched_at": "2015-12-25T11:29:47.000000", "flavor": {"id": "42", "links": [{"href": "http://10.0.2.15:8774/77937d04815048c8b8d1f7872abe6de0/flavors/42", "rel": "bookmark"}]}, "id": "afb2e9b8-7237-4c75-a03d-53c9f3a335c9", "security_groups": [{"name": "tempest-secgroup-smoke-414821717"}], "OS-SRV-USG:terminated_at": null, "OS-EXT-AZ:availability_zone": "nova", "user_id": "18052ebf8a1b49a5a5f8fbdd5e23c36b", "name": "tempest.common.compute-instance-995988407", "created": "2015-12-25T11:29:44Z", "tenant_id": "77937d04815048c8b8d1f7872abe6de0", "OS-DCF:diskConfig": "MANUAL", "os-extended-volumes:volumes_attached": [], "accessIPv4": "", "accessIPv6": "", "progress": 0, "OS-EXT-STS:power_state": 1, "config_drive": "True", "metadata": {}}}
2015-12-25 11:29:48,455 21403 INFO     [tempest.common.waiters] State transition "BUILD/spawning" ==&gt; "ACTIVE/None" after 4 second wait
2015-12-25 11:29:48,763 21403 INFO     [tempest_lib.common.rest_client] Request (TestNetworkAdvancedServerOps:test_server_connectivity_pause_unpause): 200 GET http://10.0.2.15:8774/v2.1/77937d04815048c8b8d1f7872abe6de0/servers/afb2e9b8-7237-4c75-a03d-53c9f3a335c9 0.308s
2015-12-25 11:29:48,764 21403 DEBUG    [tempest_lib.common.rest_client] Request - Headers: {'Content-Type': 'application/json', 'Accept': 'application/json', 'X-Auth-Token': '&lt;omitted&gt;'}
        Body: None
    Response - Headers: {'status': '200', 'content-length': '1659', 'content-location': 'http://10.0.2.15:8774/v2.1/77937d04815048c8b8d1f7872abe6de0/servers/afb2e9b8-7237-4c75-a03d-53c9f3a335c9', 'x-compute-request-id': 'req-32e774cf-1c40-4f94-891f-4cd19345a8df', 'vary': 'X-OpenStack-Nova-API-Version', 'connection': 'close', 'x-openstack-nova-api-version': '2.1', 'date': 'Fri, 25 Dec 2015 11:29:48 GMT', 'content-type': 'application/json'}
        Body: {"server": {"status": "ACTIVE", "updated": "2015-12-25T11:29:47Z", "hostId": "30ccf3d8031169e0186b2b7f1a4be63a288e155e5d898d128cfcbf87", "addresses": {"tempest-network-smoke--176021712": [{"OS-EXT-IPS-MAC:mac_addr": "fa:16:3e:5e:9b:93", "version": 4, "addr": "10.100.0.3", "OS-EXT-IPS:type": "fixed"}]}, "links": [{"href": "http://10.0.2.15:8774/v2.1/77937d04815048c8b8d1f7872abe6de0/servers/afb2e9b8-7237-4c75-a03d-53c9f3a335c9", "rel": "self"}, {"href": "http://10.0.2.15:8774/77937d04815048c8b8d1f7872abe6de0/servers/afb2e9b8-7237-4c75-a03d-53c9f3a335c9", "rel": "bookmark"}], "key_name": "tempest-TestNetworkAdvancedServerOps-122101783", "image": {"id": "749674e0-d168-42df-bc4a-24701686a780", "links": [{"href": "http://10.0.2.15:8774/77937d04815048c8b8d1f7872abe6de0/images/749674e0-d168-42df-bc4a-24701686a780", "rel": "bookmark"}]}, "OS-EXT-STS:task_state": null, "OS-EXT-STS:vm_state": "active", "OS-SRV-USG:launched_at": "2015-12-25T11:29:47.000000", "flavor": {"id": "42", "links": [{"href": "http://10.0.2.15:8774/77937d04815048c8b8d1f7872abe6de0/flavors/42", "rel": "bookmark"}]}, "id": "afb2e9b8-7237-4c75-a03d-53c9f3a335c9", "security_groups": [{"name": "tempest-secgroup-smoke-414821717"}], "OS-SRV-USG:terminated_at": null, "OS-EXT-AZ:availability_zone": "nova", "user_id": "18052ebf8a1b49a5a5f8fbdd5e23c36b", "name": "tempest.common.compute-instance-995988407", "created": "2015-12-25T11:29:44Z", "tenant_id": "77937d04815048c8b8d1f7872abe6de0", "OS-DCF:diskConfig": "MANUAL", "os-extended-volumes:volumes_attached": [], "accessIPv4": "", "accessIPv6": "", "progress": 0, "OS-EXT-STS:power_state": 1, "config_drive": "True", "metadata": {}}}
2015-12-25 11:29:48,920 21403 INFO     [tempest_lib.common.rest_client] Request (TestNetworkAdvancedServerOps:test_server_connectivity_pause_unpause): 200 GET http://10.0.2.15:9696/v2.0/ports?status=ACTIVE&amp;fixed_ip=None&amp;device_id=afb2e9b8-7237-4c75-a03d-53c9f3a335c9 0.147s
2015-12-25 11:29:48,921 21403 DEBUG    [tempest_lib.common.rest_client] Request - Headers: {'Content-Type': 'application/json', 'Accept': 'application/json', 'X-Auth-Token': '&lt;omitted&gt;'}
        Body: None
    Response - Headers: {'status': '200', 'content-length': '895', 'content-location': 'http://10.0.2.15:9696/v2.0/ports?status=ACTIVE&amp;fixed_ip=None&amp;device_id=afb2e9b8-7237-4c75-a03d-53c9f3a335c9', 'connection': 'close', 'date': 'Fri, 25 Dec 2015 11:29:48 GMT', 'content-type': 'application/json; charset=UTF-8', 'x-openstack-request-id': 'req-39284614-8199-495b-9008-4d530fd4c50e'}
        Body: {"ports": [{"status": "ACTIVE", "binding:host_id": "vagrant-ubuntu-trusty-64", "allowed_address_pairs": [], "extra_dhcp_opts": [], "dns_assignment": [{"hostname": "host-10-100-0-3", "ip_address": "10.100.0.3", "fqdn": "host-10-100-0-3.openstacklocal."}], "device_owner": "compute:None", "port_security_enabled": true, "binding:profile": {}, "fixed_ips": [{"subnet_id": "7518be4d-7a90-4f4c-8eda-a78cf388c302", "ip_address": "10.100.0.3"}], "id": "aaf600d2-3b2e-481c-9fdb-cdbdd275be79", "security_groups": ["31418270-0e73-46ab-8505-36677911340a"], "device_id": "afb2e9b8-7237-4c75-a03d-53c9f3a335c9", "name": "", "admin_state_up": true, "network_id": "9720768c-34aa-4986-bcf5-4a4e98bb565d", "dns_name": "", "binding:vif_details": {"port_filter": true}, "binding:vnic_type": "normal", "binding:vif_type": "ovs", "tenant_id": "77937d04815048c8b8d1f7872abe6de0", "mac_address": "fa:16:3e:5e:9b:93"}]}
2015-12-25 11:29:49,640 21403 INFO     [tempest_lib.common.rest_client] Request (TestNetworkAdvancedServerOps:test_server_connectivity_pause_unpause): 201 POST http://10.0.2.15:9696/v2.0/floatingips 0.718s
2015-12-25 11:29:49,640 21403 DEBUG    [tempest_lib.common.rest_client] Request - Headers: {'Content-Type': 'application/json', 'Accept': 'application/json', 'X-Auth-Token': '&lt;omitted&gt;'}
        Body: {"floatingip": {"floating_network_id": "9ece2727-989f-4c26-a87e-2715c8a174ba", "tenant_id": "77937d04815048c8b8d1f7872abe6de0", "fixed_ip_address": "10.100.0.3", "port_id": "aaf600d2-3b2e-481c-9fdb-cdbdd275be79"}}
    Response - Headers: {'status': '201', 'content-length': '367', 'connection': 'close', 'date': 'Fri, 25 Dec 2015 11:29:49 GMT', 'content-type': 'application/json; charset=UTF-8', 'x-openstack-request-id': 'req-69325f69-0454-41a0-933a-bd6f0c48780b'}
        Body: {"floatingip": {"floating_network_id": "9ece2727-989f-4c26-a87e-2715c8a174ba", "router_id": "2faf3767-8f2d-4a31-98c6-79adb4d93757", "fixed_ip_address": "10.100.0.3", "floating_ip_address": "172.24.4.4", "tenant_id": "77937d04815048c8b8d1f7872abe6de0", "status": "DOWN", "port_id": "aaf600d2-3b2e-481c-9fdb-cdbdd275be79", "id": "18574ec9-b7ff-43a7-8168-f311438c94a6"}}
2015-12-25 11:29:49,890 21403 INFO     [tempest_lib.common.rest_client] Request (TestNetworkAdvancedServerOps:test_server_connectivity_pause_unpause): 200 GET http://10.0.2.15:8774/v2.1/77937d04815048c8b8d1f7872abe6de0/servers/afb2e9b8-7237-4c75-a03d-53c9f3a335c9 0.248s
2015-12-25 11:29:49,890 21403 DEBUG    [tempest_lib.common.rest_client] Request - Headers: {'Content-Type': 'application/json', 'Accept': 'application/json', 'X-Auth-Token': '&lt;omitted&gt;'}
        Body: None
    Response - Headers: {'status': '200', 'content-length': '1659', 'content-location': 'http://10.0.2.15:8774/v2.1/77937d04815048c8b8d1f7872abe6de0/servers/afb2e9b8-7237-4c75-a03d-53c9f3a335c9', 'x-compute-request-id': 'req-2d7e6bf0-9aa3-446b-bc41-d36f15e587f8', 'vary': 'X-OpenStack-Nova-API-Version', 'connection': 'close', 'x-openstack-nova-api-version': '2.1', 'date': 'Fri, 25 Dec 2015 11:29:49 GMT', 'content-type': 'application/json'}
        Body: {"server": {"status": "ACTIVE", "updated": "2015-12-25T11:29:47Z", "hostId": "30ccf3d8031169e0186b2b7f1a4be63a288e155e5d898d128cfcbf87", "addresses": {"tempest-network-smoke--176021712": [{"OS-EXT-IPS-MAC:mac_addr": "fa:16:3e:5e:9b:93", "version": 4, "addr": "10.100.0.3", "OS-EXT-IPS:type": "fixed"}]}, "links": [{"href": "http://10.0.2.15:8774/v2.1/77937d04815048c8b8d1f7872abe6de0/servers/afb2e9b8-7237-4c75-a03d-53c9f3a335c9", "rel": "self"}, {"href": "http://10.0.2.15:8774/77937d04815048c8b8d1f7872abe6de0/servers/afb2e9b8-7237-4c75-a03d-53c9f3a335c9", "rel": "bookmark"}], "key_name": "tempest-TestNetworkAdvancedServerOps-122101783", "image": {"id": "749674e0-d168-42df-bc4a-24701686a780", "links": [{"href": "http://10.0.2.15:8774/77937d04815048c8b8d1f7872abe6de0/images/749674e0-d168-42df-bc4a-24701686a780", "rel": "bookmark"}]}, "OS-EXT-STS:task_state": null, "OS-EXT-STS:vm_state": "active", "OS-SRV-USG:launched_at": "2015-12-25T11:29:47.000000", "flavor": {"id": "42", "links": [{"href": "http://10.0.2.15:8774/77937d04815048c8b8d1f7872abe6de0/flavors/42", "rel": "bookmark"}]}, "id": "afb2e9b8-7237-4c75-a03d-53c9f3a335c9", "security_groups": [{"name": "tempest-secgroup-smoke-414821717"}], "OS-SRV-USG:terminated_at": null, "OS-EXT-AZ:availability_zone": "nova", "user_id": "18052ebf8a1b49a5a5f8fbdd5e23c36b", "name": "tempest.common.compute-instance-995988407", "created": "2015-12-25T11:29:44Z", "tenant_id": "77937d04815048c8b8d1f7872abe6de0", "OS-DCF:diskConfig": "MANUAL", "os-extended-volumes:volumes_attached": [], "accessIPv4": "", "accessIPv6": "", "progress": 0, "OS-EXT-STS:power_state": 1, "config_drive": "True", "metadata": {}}}
2015-12-25 11:29:49,904 21403 INFO     [tempest.scenario.manager] Tenant networks not configured to be reachable.
2015-12-25 11:29:49,919 21403 INFO     [tempest_lib.common.rest_client] Request (TestNetworkAdvancedServerOps:test_server_connectivity_pause_unpause): 200 GET http://10.0.2.15:9696/v2.0/floatingips/18574ec9-b7ff-43a7-8168-f311438c94a6 0.014s
2015-12-25 11:29:49,919 21403 DEBUG    [tempest_lib.common.rest_client] Request - Headers: {'Content-Type': 'application/json', 'Accept': 'application/json', 'X-Auth-Token': '&lt;omitted&gt;'}
        Body: None
    Response - Headers: {'status': '200', 'content-length': '367', 'content-location': 'http://10.0.2.15:9696/v2.0/floatingips/18574ec9-b7ff-43a7-8168-f311438c94a6', 'connection': 'close', 'date': 'Fri, 25 Dec 2015 11:29:49 GMT', 'content-type': 'application/json; charset=UTF-8', 'x-openstack-request-id': 'req-923ea5aa-f5da-4339-a73a-a2fc1fb31dbf'}
        Body: {"floatingip": {"floating_network_id": "9ece2727-989f-4c26-a87e-2715c8a174ba", "router_id": "2faf3767-8f2d-4a31-98c6-79adb4d93757", "fixed_ip_address": "10.100.0.3", "floating_ip_address": "172.24.4.4", "tenant_id": "77937d04815048c8b8d1f7872abe6de0", "status": "DOWN", "port_id": "aaf600d2-3b2e-481c-9fdb-cdbdd275be79", "id": "18574ec9-b7ff-43a7-8168-f311438c94a6"}}
2015-12-25 11:29:50,935 21403 INFO     [tempest_lib.common.rest_client] Request (TestNetworkAdvancedServerOps:test_server_connectivity_pause_unpause): 200 GET http://10.0.2.15:9696/v2.0/floatingips/18574ec9-b7ff-43a7-8168-f311438c94a6 0.013s
2015-12-25 11:29:50,936 21403 DEBUG    [tempest_lib.common.rest_client] Request - Headers: {'Content-Type': 'application/json', 'Accept': 'application/json', 'X-Auth-Token': '&lt;omitted&gt;'}
        Body: None
    Response - Headers: {'status': '200', 'content-length': '369', 'content-location': 'http://10.0.2.15:9696/v2.0/floatingips/18574ec9-b7ff-43a7-8168-f311438c94a6', 'connection': 'close', 'date': 'Fri, 25 Dec 2015 11:29:50 GMT', 'content-type': 'application/json; charset=UTF-8', 'x-openstack-request-id': 'req-d8d44919-b233-4e4e-920d-824e1641f65e'}
        Body: {"floatingip": {"floating_network_id": "9ece2727-989f-4c26-a87e-2715c8a174ba", "router_id": "2faf3767-8f2d-4a31-98c6-79adb4d93757", "fixed_ip_address": "10.100.0.3", "floating_ip_address": "172.24.4.4", "tenant_id": "77937d04815048c8b8d1f7872abe6de0", "status": "ACTIVE", "port_id": "aaf600d2-3b2e-481c-9fdb-cdbdd275be79", "id": "18574ec9-b7ff-43a7-8168-f311438c94a6"}}
2015-12-25 11:29:50,936 21403 INFO     [tempest.scenario.manager] FloatingIP: &lt;"FloatingIP" addr="172.24.4.4" id="18574ec9-b7ff-43a7-8168-f311438c94a6"&gt; is at status: ACTIVE
2015-12-25 11:29:50,936 21403 DEBUG    [tempest.scenario.manager] checking network connections to IP 172.24.4.4 with user: cirros
2015-12-25 11:29:50,936 21403 DEBUG    [tempest.scenario.manager] TestNetworkAdvancedServerOps:test_server_connectivity_pause_unpause begins to ping 172.24.4.4 in 120 sec and the expected result is reachable
2015-12-25 11:31:51,225 21403 DEBUG    [tempest.scenario.manager] TestNetworkAdvancedServerOps:test_server_connectivity_pause_unpause finishes ping 172.24.4.4 in 120 sec and the ping result is unexpected
2015-12-25 11:31:51,226 21403 ERROR    [tempest.scenario.manager] Public network connectivity check failed
2015-12-25 11:31:51.226 21403 ERROR tempest.scenario.manager Traceback (most recent call last):
2015-12-25 11:31:51.226 21403 ERROR tempest.scenario.manager   File "tempest/scenario/manager.py", line 609, in check_public_network_connectivity
2015-12-25 11:31:51.226 21403 ERROR tempest.scenario.manager     should_connect=should_connect)
2015-12-25 11:31:51.226 21403 ERROR tempest.scenario.manager   File "tempest/scenario/manager.py", line 593, in check_vm_connectivity
2015-12-25 11:31:51.226 21403 ERROR tempest.scenario.manager     msg=msg)
2015-12-25 11:31:51.226 21403 ERROR tempest.scenario.manager   File "/usr/local/lib/python2.7/dist-packages/unittest2/case.py", line 702, in assertTrue
2015-12-25 11:31:51.226 21403 ERROR tempest.scenario.manager     raise self.failureException(msg)
2015-12-25 11:31:51.226 21403 ERROR tempest.scenario.manager AssertionError: False is not true : Timed out waiting for 172.24.4.4 to become reachable
2015-12-25 11:31:51.226 21403 ERROR tempest.scenario.manager 
2015-12-25 11:31:51,459 21403 INFO     [tempest_lib.common.rest_client] Request (TestNetworkAdvancedServerOps:test_server_connectivity_pause_unpause): 200 POST http://10.0.2.15:8774/v2.1/77937d04815048c8b8d1f7872abe6de0/servers/afb2e9b8-7237-4c75-a03d-53c9f3a335c9/action 0.229s
2015-12-25 11:31:51,460 21403 DEBUG    [tempest_lib.common.rest_client] Request - Headers: {'Content-Type': 'application/json', 'Accept': 'application/json', 'X-Auth-Token': '&lt;omitted&gt;'}
        Body: {"os-getConsoleOutput": {}}
    Response - Headers: {'status': '200', 'content-length': '17427', 'x-compute-request-id': 'req-c842ba1c-7a0a-49be-8314-536549154ab1', 'vary': 'X-OpenStack-Nova-API-Version', 'connection': 'close', 'x-openstack-nova-api-version': '2.1', 'date': 'Fri, 25 Dec 2015 11:31:51 GMT', 'content-type': 'application/json'}
        Body: {"output": "[    0.000000] Initializing cgroup subsys cpuset\n[    0.000000] Initializing cgroup subsys cpu\n[    0.000000] Linux version 3.2.0-80-virtual (buildd@batsu) (gcc version 4.6.3 (Ubuntu/Linaro 4.6.3-1ubuntu5) ) #116-Ubuntu SMP Mon Mar 23 17:28:52 UTC 2015 (Ubuntu 3.2.0-80.116-virtual 3.2.68)\n[    0.000000] Command line: root=/dev/vda console=tty0 console=ttyS0 no_timer_check\n[    0.000000] KERNEL supported cpus:\n[    0.000000]   Intel GenuineIntel\n[    0.000000]   AMD AuthenticAMD\n[    0.000000]   Centaur CentaurHauls\n[    0.000000] BIOS-provided physical RAM map:\n[    0.000000]  BIOS-e820: 0000000000000000 - 000000000009fc00 (usable)\n[    0.000000]  BIOS-e820: 000000000009fc00 - 00000000000a0000 (reserved)\n[    0.000000]  BIOS-e820: 00000000000f0000 - 0000000000100000 (reserved)\n[    0.000000]  BIOS-e820: 0000000000100000 - 0000000003ffe000 (usable)\n[    0.000000]  BIOS-e820: 0000000003ffe000 - 0000000004000000 (reserved)\n[    0.000000]  BIOS-e820: 00000000fffc0000 - 0000000100000000 (reserved)\n[    0.000000] NX (Execute Disable) protection: active\n[    0.000000] SMBIOS 2.4 present.\n[    0.000000] No AGP bridge found\n[    0.000000] last_pfn = 0x3ffe max_arch_pfn = 0x400000000\n[    0.000000] x86 PAT enabled: cpu 0, old 0x7040600070406, new 0x7010600070106\n[    0.000000] found SMP MP-table at [ffff8800000f0b00] f0b00\n[    0.000000] init_memory_mapping: 0000000000000000-0000000003ffe000\n[    0.000000] RAMDISK: 03c5e000 - 03ff0000\n[    0.000000] ACPI: RSDP 00000000000f0950 00014 (v00 BOCHS )\n[    0.000000] ACPI: RSDT 0000000003fffbc1 00034 (v01 BOCHS  BXPCRSDT 00000001 BXPC 00000001)\n[    0.000000] ACPI: FACP 0000000003fff1c0 00074 (v01 BOCHS  BXPCFACP 00000001 BXPC 00000001)\n[    0.000000] ACPI: DSDT 0000000003ffe040 01180 (v01 BOCHS  BXPCDSDT 00000001 BXPC 00000001)\n[    0.000000] ACPI: FACS 0000000003ffe000 00040\n[    0.000000] ACPI: SSDT 0000000003fff234 008DD (v01 BOCHS  BXPCSSDT 00000001 BXPC 00000001)\n[    0.000000] ACPI: APIC 0000000003fffb11 00078 (v01 BOCHS  BXPCAPIC 00000001 BXPC 00000001)\n[    0.000000] ACPI: HPET 0000000003fffb89 00038 (v01 BOCHS  BXPCHPET 00000001 BXPC 00000001)\n[    0.000000] No NUMA configuration found\n[    0.000000] Faking a node at 0000000000000000-0000000003ffe000\n[    0.000000] Initmem setup node 0 0000000000000000-0000000003ffe000\n[    0.000000]   NODE_DATA [0000000003ff6000 - 0000000003ffafff]\n[    0.000000] Zone PFN ranges:\n[    0.000000]   DMA      0x00000010 -&gt; 0x00001000\n[    0.000000]   DMA32    0x00001000 -&gt; 0x00100000\n[    0.000000]   Normal   empty\n[    0.000000] Movable zone start PFN for each node\n[    0.000000] early_node_map[2] active PFN ranges\n[    0.000000]     0: 0x00000010 -&gt; 0x0000009f\n[    0.000000]     0: 0x00000100 -&gt; 0x00003ffe\n[    0.000000] ACPI: PM-Timer IO Port: 0xb008\n[    0.000000] ACPI: LAPIC (acpi_id[0x00] lapic_id[0x00] enabled)\n[    0.000000] ACPI: LAPIC_NMI (acpi_id[0xff] dfl dfl lint[0x1])\n[    0.000000] ACPI: IOAPIC (id[0x00] address[0xfec00000] gsi_base[0])\n[    0.000000] IOAPIC[0]: apic_id 0, version 17, address 0xfec00000, GSI 0-23\n[    0.000000] ACPI: INT_SRC_OVR (bus 0 bus_irq 0 global_irq 2 dfl dfl)\n[    0.000000] ACPI: INT_SRC_OVR (bus 0 bus_irq 5 global_irq 5 high level)\n[    0.000000] ACPI: INT_SRC_OVR (bus 0 bus_irq 9 global_irq 9 high level)\n[    0.000000] ACPI: INT_SRC_OVR (bus 0 bus_irq 10 global_irq 10 high level)\n[    0.000000] ACPI: INT_SRC_OVR (bus 0 bus_irq 11 global_irq 11 high level)\n[    0.000000] Using ACPI (MADT) for SMP configuration information\n[    0.000000] ACPI: HPET id: 0x8086a201 base: 0xfed00000\n[    0.000000] SMP: Allowing 1 CPUs, 0 hotplug CPUs\n[    0.000000] PM: Registered nosave memory: 000000000009f000 - 00000000000a0000\n[    0.000000] PM: Registered nosave memory: 00000000000a0000 - 00000000000f0000\n[    0.000000] PM: Registered nosave memory: 00000000000f0000 - 0000000000100000\n[    0.000000] Allocating PCI resources starting at 4000000 (gap: 4000000:fbfc0000)\n[    0.000000] Booting paravirtualized kernel on bare hardware\n[    0.000000] setup_pe
2015-12-25 11:31:51,462 21403 DEBUG    [tempest.scenario.manager] Console output for afb2e9b8-7237-4c75-a03d-53c9f3a335c9
body=
[    0.000000] Initializing cgroup subsys cpuset
[    0.000000] Initializing cgroup subsys cpu
[    0.000000] Linux version 3.2.0-80-virtual (buildd@batsu) (gcc version 4.6.3 (Ubuntu/Linaro 4.6.3-1ubuntu5) ) #116-Ubuntu SMP Mon Mar 23 17:28:52 UTC 2015 (Ubuntu 3.2.0-80.116-virtual 3.2.68)
[    0.000000] Command line: root=/dev/vda console=tty0 console=ttyS0 no_timer_check
[    0.000000] KERNEL supported cpus:
[    0.000000]   Intel GenuineIntel
[    0.000000]   AMD AuthenticAMD
[    0.000000]   Centaur CentaurHauls
[    0.000000] BIOS-provided physical RAM map:
[    0.000000]  BIOS-e820: 0000000000000000 - 000000000009fc00 (usable)
[    0.000000]  BIOS-e820: 000000000009fc00 - 00000000000a0000 (reserved)
[    0.000000]  BIOS-e820: 00000000000f0000 - 0000000000100000 (reserved)
[    0.000000]  BIOS-e820: 0000000000100000 - 0000000003ffe000 (usable)
[    0.000000]  BIOS-e820: 0000000003ffe000 - 0000000004000000 (reserved)
[    0.000000]  BIOS-e820: 00000000fffc0000 - 0000000100000000 (reserved)
[    0.000000] NX (Execute Disable) protection: active
[    0.000000] SMBIOS 2.4 present.
[    0.000000] No AGP bridge found
[    0.000000] last_pfn = 0x3ffe max_arch_pfn = 0x400000000
[    0.000000] x86 PAT enabled: cpu 0, old 0x7040600070406, new 0x7010600070106
[    0.000000] found SMP MP-table at [ffff8800000f0b00] f0b00
[    0.000000] init_memory_mapping: 0000000000000000-0000000003ffe000
[    0.000000] RAMDISK: 03c5e000 - 03ff0000
[    0.000000] ACPI: RSDP 00000000000f0950 00014 (v00 BOCHS )
[    0.000000] ACPI: RSDT 0000000003fffbc1 00034 (v01 BOCHS  BXPCRSDT 00000001 BXPC 00000001)
[    0.000000] ACPI: FACP 0000000003fff1c0 00074 (v01 BOCHS  BXPCFACP 00000001 BXPC 00000001)
[    0.000000] ACPI: DSDT 0000000003ffe040 01180 (v01 BOCHS  BXPCDSDT 00000001 BXPC 00000001)
[    0.000000] ACPI: FACS 0000000003ffe000 00040
[    0.000000] ACPI: SSDT 0000000003fff234 008DD (v01 BOCHS  BXPCSSDT 00000001 BXPC 00000001)
[    0.000000] ACPI: APIC 0000000003fffb11 00078 (v01 BOCHS  BXPCAPIC 00000001 BXPC 00000001)
[    0.000000] ACPI: HPET 0000000003fffb89 00038 (v01 BOCHS  BXPCHPET 00000001 BXPC 00000001)
[    0.000000] No NUMA configuration found
[    0.000000] Faking a node at 0000000000000000-0000000003ffe000
[    0.000000] Initmem setup node 0 0000000000000000-0000000003ffe000
[    0.000000]   NODE_DATA [0000000003ff6000 - 0000000003ffafff]
[    0.000000] Zone PFN ranges:
[    0.000000]   DMA      0x00000010 -&gt; 0x00001000
[    0.000000]   DMA32    0x00001000 -&gt; 0x00100000
[    0.000000]   Normal   empty
[    0.000000] Movable zone start PFN for each node
[    0.000000] early_node_map[2] active PFN ranges
[    0.000000]     0: 0x00000010 -&gt; 0x0000009f
[    0.000000]     0: 0x00000100 -&gt; 0x00003ffe
[    0.000000] ACPI: PM-Timer IO Port: 0xb008
[    0.000000] ACPI: LAPIC (acpi_id[0x00] lapic_id[0x00] enabled)
[    0.000000] ACPI: LAPIC_NMI (acpi_id[0xff] dfl dfl lint[0x1])
[    0.000000] ACPI: IOAPIC (id[0x00] address[0xfec00000] gsi_base[0])
[    0.000000] IOAPIC[0]: apic_id 0, version 17, address 0xfec00000, GSI 0-23
[    0.000000] ACPI: INT_SRC_OVR (bus 0 bus_irq 0 global_irq 2 dfl dfl)
[    0.000000] ACPI: INT_SRC_OVR (bus 0 bus_irq 5 global_irq 5 high level)
[    0.000000] ACPI: INT_SRC_OVR (bus 0 bus_irq 9 global_irq 9 high level)
[    0.000000] ACPI: INT_SRC_OVR (bus 0 bus_irq 10 global_irq 10 high level)
[    0.000000] ACPI: INT_SRC_OVR (bus 0 bus_irq 11 global_irq 11 high level)
[    0.000000] Using ACPI (MADT) for SMP configuration information
[    0.000000] ACPI: HPET id: 0x8086a201 base: 0xfed00000
[    0.000000] SMP: Allowing 1 CPUs, 0 hotplug CPUs
[    0.000000] PM: Registered nosave memory: 000000000009f000 - 00000000000a0000
[    0.000000] PM: Registered nosave memory: 00000000000a0000 - 00000000000f0000
[    0.000000] PM: Registered nosave memory: 00000000000f0000 - 0000000000100000
[    0.000000] Allocating PCI resources starting at 4000000 (gap: 4000000:fbfc0000)
[    0.000000] Booting paravirtualized kernel on bare hardware
[    0.000000] setup_percpu: NR_CPUS:64 nr_cpumask_bits:64 nr_cpu_ids:1 nr_node_ids:1
[    0.000000] PERCPU: Embedded 27 pages/cpu @ffff880003a00000 s78848 r8192 d23552 u2097152
[    0.000000] Built 1 zonelists in Node order, mobility grouping on.  Total pages: 16008
[    0.000000] Policy zone: DMA32
[    0.000000] Kernel command line: root=/dev/vda console=tty0 console=ttyS0 no_timer_check
[    0.000000] PID hash table entries: 256 (order: -1, 2048 bytes)
[    0.000000] Checking aperture...
[    0.000000] No AGP bridge found
[    0.000000] Memory: 43492k/65528k available (6576k kernel code, 452k absent, 21584k reserved, 6620k data, 928k init)
[    0.000000] SLUB: Genslabs=15, HWalign=64, Order=0-3, MinObjects=0, CPUs=1, Nodes=1
[    0.000000] Hierarchical RCU implementation.
[    0.000000] 	RCU dyntick-idle grace-period acceleration is enabled.
[    0.000000] NR_IRQS:4352 nr_irqs:256 16
[    0.000000] Console: colour VGA+ 80x25
[    0.000000] console [tty0] enabled
[    0.000000] console [ttyS0] enabled
[    0.000000] allocated 1048576 bytes of page_cgroup
[    0.000000] please try 'cgroup_disable=memory' option if you don't want memory cgroups
[    0.000000] Fast TSC calibration failed
[    0.000000] TSC: Unable to calibrate against PIT
[    0.000000] TSC: using HPET reference calibration
[    0.000000] Detected 2291.049 MHz processor.
[    0.032852] Calibrating delay loop (skipped), value calculated using timer frequency.. 4582.09 BogoMIPS (lpj=9164196)
[    0.036367] pid_max: default: 32768 minimum: 301
[    0.048747] Security Framework initialized
[    0.052980] AppArmor: AppArmor initialized
[    0.054081] Yama: becoming mindful.
[    0.062551] Dentry cache hash table entries: 8192 (order: 4, 65536 bytes)
[    0.064597] Inode-cache hash table entries: 4096 (order: 3, 32768 bytes)
[    0.066329] Mount-cache hash table entries: 256
[    0.085459] Initializing cgroup subsys cpuacct
[    0.086712] Initializing cgroup subsys memory
[    0.088295] Initializing cgroup subsys devices
[    0.088981] Initializing cgroup subsys freezer
[    0.089846] Initializing cgroup subsys blkio
[    0.090609] Initializing cgroup subsys perf_event
[    0.096764] mce: CPU supports 10 MCE banks
[    0.101033] SMP alternatives: switching to UP code
[    0.534054] Freeing SMP alternatives: 24k freed
[    0.535794] ACPI: Core revision 20110623
[    0.588468] ftrace: allocating 26610 entries in 105 pages
[    0.628038] ..TIMER: vector=0x30 apic1=0 pin1=2 apic2=-1 pin2=-1
[    0.628201] CPU0: AMD QEMU Virtual CPU version 2.0.0 stepping 03
[    0.632038] Performance Events: Broken PMU hardware detected, using software events only.
[    0.646454] NMI watchdog disabled (cpu0): hardware events not enabled
[    0.648716] Brought up 1 CPUs
[    0.649207] Total of 1 processors activated (4582.09 BogoMIPS).
[    0.672193] devtmpfs: initialized
[    0.703016] EVM: security.selinux
[    0.704083] EVM: security.SMACK64
[    0.704590] EVM: security.capability
[    0.725101] print_constraints: dummy: 
[    0.728695] RTC time: 11:29:51, date: 12/25/15
[    0.731013] NET: Registered protocol family 16
[    0.744442] ACPI: bus type pci registered
[    0.748620] PCI: Using configuration type 1 for base access
[    0.777579] bio: create slab &lt;bio-0&gt; at 0
[    0.782131] ACPI: Added _OSI(Module Device)
[    0.782681] ACPI: Added _OSI(Processor Device)
[    0.783273] ACPI: Added _OSI(3.0 _SCP Extensions)
[    0.784130] ACPI: Added _OSI(Processor Aggregator Device)
[    0.855066] ACPI: Interpreter enabled
[    0.856205] ACPI: (supports S0 S3 S4 S5)
[    0.857828] ACPI: Using IOAPIC for interrupt routing
[    0.928223] ACPI: No dock devices found.
[    0.928789] HEST: Table not found.
[    0.929277] PCI: Using host bridge windows from ACPI; if necessary, use "pci=nocrs" and report a bug
[    0.934438] ACPI: PCI Root Bridge [PCI0] (domain 0000 [bus 00-ff])
[    0.944456] pci_root PNP0A03:00: host bridge window [io  0x0000-0x0cf7]
[    0.945284] pci_root PNP0A03:00: host bridge window [io  0x0d00-0xadff]
[    0.946110] pci_root PNP0A03:00: host bridge window [io  0xae0f-0xaeff]
[    0.946831] pci_root PNP0A03:00: host bridge window [io  0xaf20-0xafdf]
[    0.948123] pci_root PNP0A03:00: host bridge window [io  0xafe4-0xffff]
[    0.949565] pci_root PNP0A03:00: host bridge window [mem 0x000a0000-0x000bffff]
[    0.950430] pci_root PNP0A03:00: host bridge window [mem 0x04000000-0xfebfffff]
[    0.972700] pci 0000:00:01.3: quirk: [io  0xb000-0xb03f] claimed by PIIX4 ACPI
[    0.974031] pci 0000:00:01.3: quirk: [io  0xb100-0xb10f] claimed by PIIX4 SMB
[    1.049663]  pci0000:00: Unable to request _OSC control (_OSC support mask: 0x1e)
[    1.105407] ACPI: PCI Interrupt Link [LNKA] (IRQs 5 *10 11)
[    1.108349] ACPI: PCI Interrupt Link [LNKB] (IRQs 5 *10 11)
[    1.110052] ACPI: PCI Interrupt Link [LNKC] (IRQs 5 10 *11)
[    1.112669] ACPI: PCI Interrupt Link [LNKD] (IRQs 5 10 *11)
[    1.115262] ACPI: PCI Interrupt Link [LNKS] (IRQs *9)
[    1.125404] vgaarb: device added: PCI:0000:00:02.0,decodes=io+mem,owns=io+mem,locks=none
[    1.126459] vgaarb: loaded
[    1.126896] vgaarb: bridge control possible 0000:00:02.0
[    1.132350] i2c-core: driver [aat2870] using legacy suspend method
[    1.133105] i2c-core: driver [aat2870] using legacy resume method
[    1.135288] SCSI subsystem initialized
[    1.138884] usbcore: registered new interface driver usbfs
[    1.140770] usbcore: registered new interface driver hub
[    1.144522] usbcore: registered new device driver usb
[    1.148629] PCI: Using ACPI for IRQ routing
[    1.159240] NetLabel: Initializing
[    1.160150] NetLabel:  domain hash size = 128
[    1.160654] NetLabel:  protocols = UNLABELED CIPSOv4
[    1.162457] NetLabel:  unlabeled traffic allowed by default
[    1.165376] HPET: 3 timers in total, 0 timers will be used for per-cpu timer
[    1.166474] hpet0: at MMIO 0xfed00000, IRQs 2, 8, 0
[    1.167261] hpet0: 3 comparators, 64-bit 100.000000 MHz counter
[    1.181220] Switching to clocksource hpet
[    1.409815] AppArmor: AppArmor Filesystem Enabled
[    1.412203] pnp: PnP ACPI init
[    1.414272] ACPI: bus type pnp registered
[    1.441524] pnp: PnP ACPI: found 9 devices
[    1.442185] ACPI: ACPI bus type pnp unregistered
[    1.503663] NET: Registered protocol family 2
[    1.538455] IP route cache hash table entries: 512 (order: 0, 4096 bytes)
[    1.545741] TCP established hash table entries: 2048 (order: 3, 32768 bytes)
[    1.547079] TCP bind hash table entries: 2048 (order: 3, 32768 bytes)
[    1.547918] TCP: Hash tables configured (established 2048 bind 2048)
[    1.549598] TCP reno registered
[    1.550150] UDP hash table entries: 128 (order: 0, 4096 bytes)
[    1.551011] UDP-Lite hash table entries: 128 (order: 0, 4096 bytes)
[    1.554233] NET: Registered protocol family 1
[    1.555039] pci 0000:00:00.0: Limiting direct PCI/PCI transfers
[    1.555745] pci 0000:00:01.0: PIIX3: Enabling Passive Release
[    1.557531] pci 0000:00:01.0: Activating ISA DMA hang workarounds
[    1.562786] ACPI: PCI Interrupt Link [LNKD] enabled at IRQ 11
[    1.563678] pci 0000:00:01.2: PCI INT D -&gt; Link[LNKD] -&gt; GSI 11 (level, high) -&gt; IRQ 11
[    1.566574] pci 0000:00:01.2: PCI INT D disabled
[    1.583832] Trying to unpack rootfs image as initramfs...
[    1.605772] audit: initializing netlink socket (disabled)
[    1.607526] type=2000 audit(1451042991.604:1): initialized
[    1.887068] HugeTLB registered 2 MB page size, pre-allocated 0 pages
[    1.936134] VFS: Disk quotas dquot_6.5.2
[    1.939266] Dquot-cache hash table entries: 512 (order 0, 4096 bytes)
[    1.990582] fuse init (API version 7.17)
[    1.994258] msgmni has been set to 84
[    2.043873] Block layer SCSI generic (bsg) driver version 0.4 loaded (major 253)
[    2.053904] io scheduler noop registered
[    2.054443] io scheduler deadline registered (default)
[    2.055533] io scheduler cfq registered
[    2.058539] pci_hotplug: PCI Hot Plug PCI Core version: 0.5
[    2.061129] pciehp: PCI Express Hot Plug Controller Driver version: 0.4
[    2.066679] input: Power Button as /devices/LNXSYSTM:00/LNXPWRBN:00/input/input0
[    2.068254] ACPI: Power Button [PWRF]
[    2.109719] ERST: Table is not found!
[    2.110207] GHES: HEST is not enabled!
[    2.122697] ACPI: PCI Interrupt Link [LNKC] enabled at IRQ 10
[    2.123537] virtio-pci 0000:00:03.0: PCI INT A -&gt; Link[LNKC] -&gt; GSI 10 (level, high) -&gt; IRQ 10
[    2.127239] virtio-pci 0000:00:04.0: PCI INT A -&gt; Link[LNKD] -&gt; GSI 11 (level, high) -&gt; IRQ 11
[    2.138485] ACPI: PCI Interrupt Link [LNKA] enabled at IRQ 10
[    2.139213] virtio-pci 0000:00:05.0: PCI INT A -&gt; Link[LNKA] -&gt; GSI 10 (level, high) -&gt; IRQ 10
[    2.150662] Serial: 8250/16550 driver, 32 ports, IRQ sharing enabled
[    2.191014] serial8250: ttyS0 at I/O 0x3f8 (irq = 4) is a 16550A
[    2.285387] serial8250: ttyS1 at I/O 0x2f8 (irq = 3) is a 16550A
[    2.428363] 00:05: ttyS0 at I/O 0x3f8 (irq = 4) is a 16550A
[    2.504518] 00:06: ttyS1 at I/O 0x2f8 (irq = 3) is a 16550A
[    2.546529] Linux agpgart interface v0.103
[    2.570194] Refined TSC clocksource calibration: 2291.183 MHz.
[    2.570962] Switching to clocksource tsc
[    2.610945] brd: module loaded
[    2.645784] loop: module loaded
[    2.714132]  vda: unknown partition table
[    2.785870] scsi0 : ata_piix
[    2.791112] scsi1 : ata_piix
[    2.793284] ata1: PATA max MWDMA2 cmd 0x1f0 ctl 0x3f6 bmdma 0xc0a0 irq 14
[    2.794169] ata2: PATA max MWDMA2 cmd 0x170 ctl 0x376 bmdma 0xc0a8 irq 15
[    2.806237] Fixed MDIO Bus: probed
[    2.807237] tun: Universal TUN/TAP device driver, 1.6
[    2.807786] tun: (C) 1999-2004 Max Krasnyansky &lt;maxk@qualcomm.com&gt;
[    2.823353] PPP generic driver version 2.4.2
[    2.837826] ehci_hcd: USB 2.0 'Enhanced' Host Controller (EHCI) Driver
[    2.839963] ohci_hcd: USB 1.1 'Open' Host Controller (OHCI) Driver
[    2.842381] uhci_hcd: USB Universal Host Controller Interface driver
[    2.843798] uhci_hcd 0000:00:01.2: PCI INT D -&gt; Link[LNKD] -&gt; GSI 11 (level, high) -&gt; IRQ 11
[    2.847878] uhci_hcd 0000:00:01.2: UHCI Host Controller
[    2.875531] uhci_hcd 0000:00:01.2: new USB bus registered, assigned bus number 1
[    2.880166] uhci_hcd 0000:00:01.2: irq 11, io base 0x0000c040
[    2.928127] hub 1-0:1.0: USB hub found
[    2.931844] hub 1-0:1.0: 2 ports detected
[    2.942820] usbcore: registered new interface driver libusual
[    2.946965] i8042: PNP: PS/2 Controller [PNP0303:KBD,PNP0f13:MOU] at 0x60,0x64 irq 1,12
[    2.957286] serio: i8042 KBD port at 0x60,0x64 irq 1
[    2.959493] serio: i8042 AUX port at 0x60,0x64 irq 12
[    3.015978] mousedev: PS/2 mouse device common for all mice
[    3.047663] rtc_cmos 00:01: RTC can wake from S4
[    3.060003] ata2.01: ATAPI: QEMU DVD-ROM, 2.0.0, max UDMA/100
[    3.075756] input: AT Translated Set 2 keyboard as /devices/platform/i8042/serio0/input/input1
[    3.079827] rtc_cmos 00:01: rtc core: registered rtc_cmos as rtc0
[    3.084134] rtc0: alarms up to one day, 114 bytes nvram, hpet irqs
[    3.088934] device-mapper: uevent: version 1.0.3
[    3.111789] device-mapper: ioctl: 4.22.0-ioctl (2011-10-19) initialised: dm-devel@redhat.com
[    3.115605] cpuidle: using governor ladder
[    3.117596] cpuidle: using governor menu
[    3.119333] EFI Variables Facility v0.08 2004-May-17
[    3.135587] TCP cubic registered
[    3.139926] NET: Registered protocol family 10
[    3.166236] NET: Registered protocol family 17
[    3.167643] Registering the dns_resolver key type
[    3.175346] ata2.01: configured for MWDMA2
[    3.212983] scsi 1:0:1:0: CD-ROM            QEMU     QEMU DVD-ROM     2.0. PQ: 0 ANSI: 5
[    3.242316] sr0: scsi3-mmc drive: 4x/4x cd/rw xa/form2 tray
[    3.243712] cdrom: Uniform CD-ROM driver Revision: 3.20
[    3.269068] sr 1:0:1:0: Attached scsi generic sg0 type 5
[    3.307432] registered taskstats version 1
[    3.494824] Freeing initrd memory: 3656k freed
[    4.003061]   Magic number: 11:9:480
[    4.012380] rtc_cmos 00:01: setting system clock to 2015-12-25 11:29:55 UTC (1451042995)
[    4.014306] powernow-k8: Processor cpuid 663 not supported
[    4.026818] BIOS EDD facility v0.16 2004-Jun-25, 0 devices found
[    4.028104] EDD information not available.
[    4.111246] Freeing unused kernel memory: 928k freed
[    4.116766] Write protecting the kernel read-only data: 12288k
[    4.205088] Freeing unused kernel memory: 1596k freed
[    4.268117] Freeing unused kernel memory: 1184k freed

info: initramfs: up at 4.44
modprobe: module virtio_blk not found in modules.dep
modprobe: module virtio_net not found in modules.dep
info: copying initramfs to /dev/vda
info: initramfs loading root from /dev/vda
info: /etc/init.d/rc.sysinit: up at 9.21
info: container: none
Starting logging: OK
modprobe: module virtio_blk not found in modules.dep
modprobe: module virtio_net not found in modules.dep
WARN: /etc/rc3.d/S10-load-modules failed
Initializing random number generator... done.
Starting acpid: OK
cirros-ds 'local' up at 11.83
found datasource (configdrive, local)
Starting network...
udhcpc (v1.20.1) started
Sending discover...
Sending discover...

2015-12-25 11:31:51,731 21403 INFO     [tempest_lib.common.rest_client] Request (TestNetworkAdvancedServerOps:_run_cleanups): 204 DELETE http://10.0.2.15:9696/v2.0/floatingips/18574ec9-b7ff-43a7-8168-f311438c94a6 0.264s
2015-12-25 11:31:51,732 21403 DEBUG    [tempest_lib.common.rest_client] Request - Headers: {'Content-Type': 'application/json', 'Accept': 'application/json', 'X-Auth-Token': '&lt;omitted&gt;'}
        Body: None
    Response - Headers: {'date': 'Fri, 25 Dec 2015 11:31:51 GMT', 'status': '204', 'connection': 'close', 'content-length': '0', 'x-openstack-request-id': 'req-91790cea-de90-4108-860c-8f3646612a70'}
        Body: 
2015-12-25 11:31:51,944 21403 INFO     [tempest_lib.common.rest_client] Request (TestNetworkAdvancedServerOps:_run_cleanups): 204 DELETE http://10.0.2.15:8774/v2.1/77937d04815048c8b8d1f7872abe6de0/servers/afb2e9b8-7237-4c75-a03d-53c9f3a335c9 0.212s
2015-12-25 11:31:51,945 21403 DEBUG    [tempest_lib.common.rest_client] Request - Headers: {'Content-Type': 'application/json', 'Accept': 'application/json', 'X-Auth-Token': '&lt;omitted&gt;'}
        Body: None
    Response - Headers: {'status': '204', 'content-length': '0', 'x-compute-request-id': 'req-6bb7d2f8-df82-4830-ba0e-36f81f15f72d', 'vary': 'X-OpenStack-Nova-API-Version', 'connection': 'close', 'x-openstack-nova-api-version': '2.1', 'date': 'Fri, 25 Dec 2015 11:31:51 GMT', 'content-type': 'application/json'}
        Body: 
2015-12-25 11:31:52,178 21403 INFO     [tempest_lib.common.rest_client] Request (TestNetworkAdvancedServerOps:_run_cleanups): 200 GET http://10.0.2.15:8774/v2.1/77937d04815048c8b8d1f7872abe6de0/servers/afb2e9b8-7237-4c75-a03d-53c9f3a335c9 0.233s
2015-12-25 11:31:52,179 21403 DEBUG    [tempest_lib.common.rest_client] Request - Headers: {'Content-Type': 'application/json', 'Accept': 'application/json', 'X-Auth-Token': '&lt;omitted&gt;'}
        Body: None
    Response - Headers: {'status': '200', 'content-length': '1782', 'content-location': 'http://10.0.2.15:8774/v2.1/77937d04815048c8b8d1f7872abe6de0/servers/afb2e9b8-7237-4c75-a03d-53c9f3a335c9', 'x-compute-request-id': 'req-ead264f4-8e93-4bcd-8dbd-efce8eb231ce', 'vary': 'X-OpenStack-Nova-API-Version', 'connection': 'close', 'x-openstack-nova-api-version': '2.1', 'date': 'Fri, 25 Dec 2015 11:31:52 GMT', 'content-type': 'application/json'}
        Body: {"server": {"status": "ACTIVE", "updated": "2015-12-25T11:31:51Z", "hostId": "30ccf3d8031169e0186b2b7f1a4be63a288e155e5d898d128cfcbf87", "addresses": {"tempest-network-smoke--176021712": [{"OS-EXT-IPS-MAC:mac_addr": "fa:16:3e:5e:9b:93", "version": 4, "addr": "10.100.0.3", "OS-EXT-IPS:type": "fixed"}, {"OS-EXT-IPS-MAC:mac_addr": "fa:16:3e:5e:9b:93", "version": 4, "addr": "172.24.4.4", "OS-EXT-IPS:type": "floating"}]}, "links": [{"href": "http://10.0.2.15:8774/v2.1/77937d04815048c8b8d1f7872abe6de0/servers/afb2e9b8-7237-4c75-a03d-53c9f3a335c9", "rel": "self"}, {"href": "http://10.0.2.15:8774/77937d04815048c8b8d1f7872abe6de0/servers/afb2e9b8-7237-4c75-a03d-53c9f3a335c9", "rel": "bookmark"}], "key_name": "tempest-TestNetworkAdvancedServerOps-122101783", "image": {"id": "749674e0-d168-42df-bc4a-24701686a780", "links": [{"href": "http://10.0.2.15:8774/77937d04815048c8b8d1f7872abe6de0/images/749674e0-d168-42df-bc4a-24701686a780", "rel": "bookmark"}]}, "OS-EXT-STS:task_state": "deleting", "OS-EXT-STS:vm_state": "active", "OS-SRV-USG:launched_at": "2015-12-25T11:29:47.000000", "flavor": {"id": "42", "links": [{"href": "http://10.0.2.15:8774/77937d04815048c8b8d1f7872abe6de0/flavors/42", "rel": "bookmark"}]}, "id": "afb2e9b8-7237-4c75-a03d-53c9f3a335c9", "security_groups": [{"name": "tempest-secgroup-smoke-414821717"}], "OS-SRV-USG:terminated_at": null, "OS-EXT-AZ:availability_zone": "nova", "user_id": "18052ebf8a1b49a5a5f8fbdd5e23c36b", "name": "tempest.common.compute-instance-995988407", "created": "2015-12-25T11:29:44Z", "tenant_id": "77937d04815048c8b8d1f7872abe6de0", "OS-DCF:diskConfig": "MANUAL", "os-extended-volumes:volumes_attached": [], "accessIPv4": "", "accessIPv6": "", "progress": 0, "OS-EXT-STS:power_state": 1, "config_drive": "True", "metadata": {}}}
2015-12-25 11:31:53,341 21403 INFO     [tempest_lib.common.rest_client] Request (TestNetworkAdvancedServerOps:_run_cleanups): 200 GET http://10.0.2.15:8774/v2.1/77937d04815048c8b8d1f7872abe6de0/servers/afb2e9b8-7237-4c75-a03d-53c9f3a335c9 0.148s
2015-12-25 11:31:53,342 21403 DEBUG    [tempest_lib.common.rest_client] Request - Headers: {'Content-Type': 'application/json', 'Accept': 'application/json', 'X-Auth-Token': '&lt;omitted&gt;'}
        Body: None
    Response - Headers: {'status': '200', 'content-length': '1448', 'content-location': 'http://10.0.2.15:8774/v2.1/77937d04815048c8b8d1f7872abe6de0/servers/afb2e9b8-7237-4c75-a03d-53c9f3a335c9', 'x-compute-request-id': 'req-bafdd96a-dbe9-4243-8383-fee00b6766a0', 'vary': 'X-OpenStack-Nova-API-Version', 'connection': 'close', 'x-openstack-nova-api-version': '2.1', 'date': 'Fri, 25 Dec 2015 11:31:53 GMT', 'content-type': 'application/json'}
        Body: {"server": {"status": "ACTIVE", "updated": "2015-12-25T11:31:52Z", "hostId": "30ccf3d8031169e0186b2b7f1a4be63a288e155e5d898d128cfcbf87", "addresses": {}, "links": [{"href": "http://10.0.2.15:8774/v2.1/77937d04815048c8b8d1f7872abe6de0/servers/afb2e9b8-7237-4c75-a03d-53c9f3a335c9", "rel": "self"}, {"href": "http://10.0.2.15:8774/77937d04815048c8b8d1f7872abe6de0/servers/afb2e9b8-7237-4c75-a03d-53c9f3a335c9", "rel": "bookmark"}], "key_name": "tempest-TestNetworkAdvancedServerOps-122101783", "image": {"id": "749674e0-d168-42df-bc4a-24701686a780", "links": [{"href": "http://10.0.2.15:8774/77937d04815048c8b8d1f7872abe6de0/images/749674e0-d168-42df-bc4a-24701686a780", "rel": "bookmark"}]}, "OS-EXT-STS:task_state": "deleting", "OS-EXT-STS:vm_state": "active", "OS-SRV-USG:launched_at": "2015-12-25T11:29:47.000000", "flavor": {"id": "42", "links": [{"href": "http://10.0.2.15:8774/77937d04815048c8b8d1f7872abe6de0/flavors/42", "rel": "bookmark"}]}, "id": "afb2e9b8-7237-4c75-a03d-53c9f3a335c9", "OS-SRV-USG:terminated_at": null, "OS-EXT-AZ:availability_zone": "nova", "user_id": "18052ebf8a1b49a5a5f8fbdd5e23c36b", "name": "tempest.common.compute-instance-995988407", "created": "2015-12-25T11:29:44Z", "tenant_id": "77937d04815048c8b8d1f7872abe6de0", "OS-DCF:diskConfig": "MANUAL", "os-extended-volumes:volumes_attached": [], "accessIPv4": "", "accessIPv6": "", "progress": 0, "OS-EXT-STS:power_state": 1, "config_drive": "True", "metadata": {}}}
2015-12-25 11:31:54,432 21403 INFO     [tempest_lib.common.rest_client] Request (TestNetworkAdvancedServerOps:_run_cleanups): 404 GET http://10.0.2.15:8774/v2.1/77937d04815048c8b8d1f7872abe6de0/servers/afb2e9b8-7237-4c75-a03d-53c9f3a335c9 0.077s
2015-12-25 11:31:54,433 21403 DEBUG    [tempest_lib.common.rest_client] Request - Headers: {'Content-Type': 'application/json', 'Accept': 'application/json', 'X-Auth-Token': '&lt;omitted&gt;'}
        Body: None
    Response - Headers: {'status': '404', 'content-length': '111', 'x-compute-request-id': 'req-e0c6ff30-4b8b-4be7-84e4-31cf3be473ff', 'vary': 'X-OpenStack-Nova-API-Version', 'connection': 'close', 'x-openstack-nova-api-version': '2.1', 'date': 'Fri, 25 Dec 2015 11:31:54 GMT', 'content-type': 'application/json; charset=UTF-8'}
        Body: {"itemNotFound": {"message": "Instance afb2e9b8-7237-4c75-a03d-53c9f3a335c9 could not be found.", "code": 404}}
2015-12-25 11:31:54,844 21403 INFO     [tempest_lib.common.rest_client] Request (TestNetworkAdvancedServerOps:_run_cleanups): 200 PUT http://10.0.2.15:9696/v2.0/routers/2faf3767-8f2d-4a31-98c6-79adb4d93757/remove_router_interface 0.409s
2015-12-25 11:31:54,846 21403 DEBUG    [tempest_lib.common.rest_client] Request - Headers: {'Content-Type': 'application/json', 'Accept': 'application/json', 'X-Auth-Token': '&lt;omitted&gt;'}
        Body: {"subnet_id": "7518be4d-7a90-4f4c-8eda-a78cf388c302"}
    Response - Headers: {'status': '200', 'content-length': '255', 'connection': 'close', 'date': 'Fri, 25 Dec 2015 11:31:54 GMT', 'content-type': 'application/json; charset=UTF-8', 'x-openstack-request-id': 'req-f0bb694a-3417-425f-a0ee-97982e4ebd71'}
        Body: {"subnet_id": "7518be4d-7a90-4f4c-8eda-a78cf388c302", "tenant_id": "77937d04815048c8b8d1f7872abe6de0", "subnet_ids": ["7518be4d-7a90-4f4c-8eda-a78cf388c302"], "port_id": "0e48f254-afc9-4ff8-a491-eaaa9395025b", "id": "2faf3767-8f2d-4a31-98c6-79adb4d93757"}
2015-12-25 11:31:55,277 21403 INFO     [tempest_lib.common.rest_client] Request (TestNetworkAdvancedServerOps:_run_cleanups): 204 DELETE http://10.0.2.15:9696/v2.0/subnets/7518be4d-7a90-4f4c-8eda-a78cf388c302 0.430s
2015-12-25 11:31:55,278 21403 DEBUG    [tempest_lib.common.rest_client] Request - Headers: {'Content-Type': 'application/json', 'Accept': 'application/json', 'X-Auth-Token': '&lt;omitted&gt;'}
        Body: None
    Response - Headers: {'date': 'Fri, 25 Dec 2015 11:31:55 GMT', 'status': '204', 'connection': 'close', 'content-length': '0', 'x-openstack-request-id': 'req-67a254b8-010d-49e0-9b0b-7efa153dc950'}
        Body: 
2015-12-25 11:31:55,365 21403 INFO     [tempest_lib.common.rest_client] Request (TestNetworkAdvancedServerOps:_run_cleanups): 200 GET http://10.0.2.15:9696/v2.0/routers/2faf3767-8f2d-4a31-98c6-79adb4d93757 0.086s
2015-12-25 11:31:55,365 21403 DEBUG    [tempest_lib.common.rest_client] Request - Headers: {'Content-Type': 'application/json', 'Accept': 'application/json', 'X-Auth-Token': '&lt;omitted&gt;'}
        Body: None
    Response - Headers: {'status': '200', 'content-length': '563', 'content-location': 'http://10.0.2.15:9696/v2.0/routers/2faf3767-8f2d-4a31-98c6-79adb4d93757', 'connection': 'close', 'date': 'Fri, 25 Dec 2015 11:31:55 GMT', 'content-type': 'application/json; charset=UTF-8', 'x-openstack-request-id': 'req-d8d83a01-e11d-43fd-a41d-30efd941be8d'}
        Body: {"router": {"status": "ACTIVE", "external_gateway_info": {"network_id": "9ece2727-989f-4c26-a87e-2715c8a174ba", "enable_snat": true, "external_fixed_ips": [{"subnet_id": "aeb73692-f7f1-43e2-a871-06eff06a109c", "ip_address": "172.24.4.3"}, {"subnet_id": "c5f98a34-6e6c-4a63-ad6a-bfa4e3b89635", "ip_address": "2001:db8::3"}]}, "availability_zone_hints": [], "availability_zones": ["nova"], "name": "tempest-router-smoke-407192984", "admin_state_up": true, "tenant_id": "77937d04815048c8b8d1f7872abe6de0", "routes": [], "id": "2faf3767-8f2d-4a31-98c6-79adb4d93757"}}
2015-12-25 11:31:55,951 21403 INFO     [tempest_lib.common.rest_client] Request (TestNetworkAdvancedServerOps:_run_cleanups): 200 PUT http://10.0.2.15:9696/v2.0/routers/2faf3767-8f2d-4a31-98c6-79adb4d93757 0.585s
2015-12-25 11:31:55,952 21403 DEBUG    [tempest_lib.common.rest_client] Request - Headers: {'Content-Type': 'application/json', 'Accept': 'application/json', 'X-Auth-Token': '&lt;omitted&gt;'}
        Body: {"router": {"external_gateway_info": {}, "name": "tempest-router-smoke-407192984", "admin_state_up": true}}
    Response - Headers: {'status': '200', 'content-length': '301', 'connection': 'close', 'date': 'Fri, 25 Dec 2015 11:31:55 GMT', 'content-type': 'application/json; charset=UTF-8', 'x-openstack-request-id': 'req-df7c808e-e0ce-4fff-9c64-944563f700cb'}
        Body: {"router": {"status": "ACTIVE", "external_gateway_info": null, "availability_zone_hints": [], "availability_zones": ["nova"], "name": "tempest-router-smoke-407192984", "admin_state_up": true, "tenant_id": "77937d04815048c8b8d1f7872abe6de0", "routes": [], "id": "2faf3767-8f2d-4a31-98c6-79adb4d93757"}}
2015-12-25 11:31:56,185 21403 INFO     [tempest_lib.common.rest_client] Request (TestNetworkAdvancedServerOps:_run_cleanups): 204 DELETE http://10.0.2.15:9696/v2.0/routers/2faf3767-8f2d-4a31-98c6-79adb4d93757 0.232s
2015-12-25 11:31:56,185 21403 DEBUG    [tempest_lib.common.rest_client] Request - Headers: {'Content-Type': 'application/json', 'Accept': 'application/json', 'X-Auth-Token': '&lt;omitted&gt;'}
        Body: None
    Response - Headers: {'date': 'Fri, 25 Dec 2015 11:31:56 GMT', 'status': '204', 'connection': 'close', 'content-length': '0', 'x-openstack-request-id': 'req-f3bf09f0-1d31-4f03-8002-f5a9ad562cd0'}
        Body: 
2015-12-25 11:31:56,395 21403 INFO     [tempest_lib.common.rest_client] Request (TestNetworkAdvancedServerOps:_run_cleanups): 204 DELETE http://10.0.2.15:9696/v2.0/networks/9720768c-34aa-4986-bcf5-4a4e98bb565d 0.208s
2015-12-25 11:31:56,395 21403 DEBUG    [tempest_lib.common.rest_client] Request - Headers: {'Content-Type': 'application/json', 'Accept': 'application/json', 'X-Auth-Token': '&lt;omitted&gt;'}
        Body: None
    Response - Headers: {'date': 'Fri, 25 Dec 2015 11:31:56 GMT', 'status': '204', 'connection': 'close', 'content-length': '0', 'x-openstack-request-id': 'req-98d0d21d-a2c6-4407-bcf1-a142d0dd94d6'}
        Body: 
2015-12-25 11:31:56,464 21403 INFO     [tempest_lib.common.rest_client] Request (TestNetworkAdvancedServerOps:_run_cleanups): 204 DELETE http://10.0.2.15:9696/v2.0/security-group-rules/e31c619c-1e2d-45a1-9a3e-74e95c376179 0.067s
2015-12-25 11:31:56,464 21403 DEBUG    [tempest_lib.common.rest_client] Request - Headers: {'Content-Type': 'application/json', 'Accept': 'application/json', 'X-Auth-Token': '&lt;omitted&gt;'}
        Body: None
    Response - Headers: {'date': 'Fri, 25 Dec 2015 11:31:56 GMT', 'status': '204', 'connection': 'close', 'content-length': '0', 'x-openstack-request-id': 'req-b7cbdd36-e094-499f-8768-9f8190061436'}
        Body: 
2015-12-25 11:31:56,520 21403 INFO     [tempest_lib.common.rest_client] Request (TestNetworkAdvancedServerOps:_run_cleanups): 204 DELETE http://10.0.2.15:9696/v2.0/security-group-rules/7521926b-9619-4261-957d-67453f420b27 0.055s
2015-12-25 11:31:56,520 21403 DEBUG    [tempest_lib.common.rest_client] Request - Headers: {'Content-Type': 'application/json', 'Accept': 'application/json', 'X-Auth-Token': '&lt;omitted&gt;'}
        Body: None
    Response - Headers: {'date': 'Fri, 25 Dec 2015 11:31:56 GMT', 'status': '204', 'connection': 'close', 'content-length': '0', 'x-openstack-request-id': 'req-c3232224-563f-410d-862a-8dea285cb321'}
        Body: 
2015-12-25 11:31:56,591 21403 INFO     [tempest_lib.common.rest_client] Request (TestNetworkAdvancedServerOps:_run_cleanups): 204 DELETE http://10.0.2.15:9696/v2.0/security-group-rules/d621cffa-54ce-459b-9fcf-7913dfcacf9f 0.068s
2015-12-25 11:31:56,591 21403 DEBUG    [tempest_lib.common.rest_client] Request - Headers: {'Content-Type': 'application/json', 'Accept': 'application/json', 'X-Auth-Token': '&lt;omitted&gt;'}
        Body: None
    Response - Headers: {'date': 'Fri, 25 Dec 2015 11:31:56 GMT', 'status': '204', 'connection': 'close', 'content-length': '0', 'x-openstack-request-id': 'req-c62d49fb-a5f0-4d25-b9b6-4661d95e0054'}
        Body: 
2015-12-25 11:31:56,657 21403 INFO     [tempest_lib.common.rest_client] Request (TestNetworkAdvancedServerOps:_run_cleanups): 204 DELETE http://10.0.2.15:9696/v2.0/security-group-rules/85762a07-a322-48f0-8340-b1ebab77619e 0.065s
2015-12-25 11:31:56,657 21403 DEBUG    [tempest_lib.common.rest_client] Request - Headers: {'Content-Type': 'application/json', 'Accept': 'application/json', 'X-Auth-Token': '&lt;omitted&gt;'}
        Body: None
    Response - Headers: {'date': 'Fri, 25 Dec 2015 11:31:56 GMT', 'status': '204', 'connection': 'close', 'content-length': '0', 'x-openstack-request-id': 'req-5aa6353b-cc7a-4e4c-85fd-9e2c0dea04c5'}
        Body: 
2015-12-25 11:31:56,715 21403 INFO     [tempest_lib.common.rest_client] Request (TestNetworkAdvancedServerOps:_run_cleanups): 204 DELETE http://10.0.2.15:9696/v2.0/security-group-rules/1650e024-3f99-463d-b753-cae64dd08ad9 0.056s
2015-12-25 11:31:56,715 21403 DEBUG    [tempest_lib.common.rest_client] Request - Headers: {'Content-Type': 'application/json', 'Accept': 'application/json', 'X-Auth-Token': '&lt;omitted&gt;'}
        Body: None
    Response - Headers: {'date': 'Fri, 25 Dec 2015 11:31:56 GMT', 'status': '204', 'connection': 'close', 'content-length': '0', 'x-openstack-request-id': 'req-5f857bad-abe6-4d0f-b802-e018e2390a2e'}
        Body: 
2015-12-25 11:31:56,777 21403 INFO     [tempest_lib.common.rest_client] Request (TestNetworkAdvancedServerOps:_run_cleanups): 204 DELETE http://10.0.2.15:9696/v2.0/security-group-rules/31bb677c-44a3-40fb-9de0-f42b511c0b19 0.060s
2015-12-25 11:31:56,778 21403 DEBUG    [tempest_lib.common.rest_client] Request - Headers: {'Content-Type': 'application/json', 'Accept': 'application/json', 'X-Auth-Token': '&lt;omitted&gt;'}
        Body: None
    Response - Headers: {'date': 'Fri, 25 Dec 2015 11:31:56 GMT', 'status': '204', 'connection': 'close', 'content-length': '0', 'x-openstack-request-id': 'req-7580f608-9259-4605-ae3f-8f3ee30efd54'}
        Body: 
2015-12-25 11:31:56,874 21403 INFO     [tempest_lib.common.rest_client] Request (TestNetworkAdvancedServerOps:_run_cleanups): 204 DELETE http://10.0.2.15:9696/v2.0/security-groups/31418270-0e73-46ab-8505-36677911340a 0.095s
2015-12-25 11:31:56,874 21403 DEBUG    [tempest_lib.common.rest_client] Request - Headers: {'Content-Type': 'application/json', 'Accept': 'application/json', 'X-Auth-Token': '&lt;omitted&gt;'}
        Body: None
    Response - Headers: {'date': 'Fri, 25 Dec 2015 11:31:56 GMT', 'status': '204', 'connection': 'close', 'content-length': '0', 'x-openstack-request-id': 'req-d76236d2-b3d0-4577-93aa-faac13a92de3'}
        Body: 
2015-12-25 11:31:56,896 21403 INFO     [tempest_lib.common.rest_client] Request (TestNetworkAdvancedServerOps:_run_cleanups): 202 DELETE http://10.0.2.15:8774/v2.1/77937d04815048c8b8d1f7872abe6de0/os-keypairs/tempest-TestNetworkAdvancedServerOps-122101783 0.021s
2015-12-25 11:31:56,896 21403 DEBUG    [tempest_lib.common.rest_client] Request - Headers: {'Content-Type': 'application/json', 'Accept': 'application/json', 'X-Auth-Token': '&lt;omitted&gt;'}
        Body: None
    Response - Headers: {'status': '202', 'content-length': '0', 'x-compute-request-id': 'req-c631aec1-0b8d-4eca-a1b4-29c2a46ba08f', 'vary': 'X-OpenStack-Nova-API-Version', 'connection': 'close', 'x-openstack-nova-api-version': '2.1', 'date': 'Fri, 25 Dec 2015 11:31:56 GMT', 'content-type': 'application/json'}
        Body: 
2015-12-25 11:31:56,976 21403 INFO     [tempest_lib.common.rest_client] Request (TestNetworkAdvancedServerOps:_run_cleanups): 404 GET http://10.0.2.15:8774/v2.1/77937d04815048c8b8d1f7872abe6de0/servers/afb2e9b8-7237-4c75-a03d-53c9f3a335c9 0.078s
2015-12-25 11:31:56,977 21403 DEBUG    [tempest_lib.common.rest_client] Request - Headers: {'Content-Type': 'application/json', 'Accept': 'application/json', 'X-Auth-Token': '&lt;omitted&gt;'}
        Body: None
    Response - Headers: {'status': '404', 'content-length': '111', 'x-compute-request-id': 'req-3fedf9e8-c911-4856-ab80-8b1d5475a32d', 'vary': 'X-OpenStack-Nova-API-Version', 'connection': 'close', 'x-openstack-nova-api-version': '2.1', 'date': 'Fri, 25 Dec 2015 11:31:56 GMT', 'content-type': 'application/json; charset=UTF-8'}
        Body: {"itemNotFound": {"message": "Instance afb2e9b8-7237-4c75-a03d-53c9f3a335c9 could not be found.", "code": 404}}
}}}

Traceback (most recent call last):
  File "tempest/test.py", line 113, in wrapper
    return f(self, *func_args, **func_kwargs)
  File "tempest/scenario/test_network_advanced_server_ops.py", line 134, in test_server_connectivity_pause_unpause
    server, keypair, floating_ip = self._setup_network_and_servers()
  File "tempest/scenario/test_network_advanced_server_ops.py", line 71, in _setup_network_and_servers
    server, keypair, floating_ip)
  File "tempest/scenario/test_network_advanced_server_ops.py", line 95, in _wait_server_status_and_check_network_connectivity
    self._check_network_connectivity(server, keypair, floating_ip)
  File "tempest/scenario/test_network_advanced_server_ops.py", line 88, in _check_network_connectivity
    servers=[server])
  File "tempest/scenario/manager.py", line 609, in check_public_network_connectivity
    should_connect=should_connect)
  File "tempest/scenario/manager.py", line 593, in check_vm_connectivity
    msg=msg)
  File "/usr/local/lib/python2.7/dist-packages/unittest2/case.py", line 702, in assertTrue
    raise self.failureException(msg)
AssertionError: False is not true : Timed out waiting for 172.24.4.4 to become reachable



        </pre>
    </div>
    <!--css div popup end-->

    </td>
</tr>

<tr id='ft1.2' class='none'>
    <td class='failCase'><div class='testcase'>test_server_connectivity_reboot[compute,id-7b6860c2-afa3-4846-9522-adeb38dfbe08,network]</div></td>
    <td colspan='7' align='left'>

    <!--css div popup start-->
    <a class="popup_link" onfocus='this.blur();'
    href="javascript:showTestDetail('div_ft1.2')" >
        fail</a>

    <div id='div_ft1.2' class="popup_window">
        <div style='text-align: right; color:red;cursor:pointer'>
        <a onfocus='this.blur();'
onclick="document.getElementById('div_ft1.2').style.display = 'none' " >
           [x]</a>
        </div>
        <pre>
        
ft1.2: tempest.scenario.test_network_advanced_server_ops.TestNetworkAdvancedServerOps.test_server_connectivity_reboot[compute,id-7b6860c2-afa3-4846-9522-adeb38dfbe08,network]_StringException: Empty attachments:
  stderr
  stdout

pythonlogging:'': {{{
