<?xml version="1.0" encoding="UTF-8"?>
<!DOCTYPE html PUBLIC "-//W3C//DTD XHTML 1.0 Strict//EN"
     "http://www.w3.org/TR/xhtml1/DTD/xhtml1-strict.dtd">
<html xmlns="http://www.w3.org/1999/xhtml">
<head>
    <title>Unit Test Report</title>
    <meta name="generator" content="subunit2html 0.1"/>
    <meta http-equiv="Content-Type" content="text/html; charset=UTF-8"/>
    
<style type="text/css" media="screen">
body        { font-family: verdana, arial, helvetica, sans-serif;
    font-size: 80%; }
table       { font-size: 100%; width: 100%;}
pre         { font-size: 80%; }

/* -- heading -------------------------------------------------------------- */
h1 {
        font-size: 16pt;
        color: gray;
}
.heading {
    margin-top: 0ex;
    margin-bottom: 1ex;
}

.heading .attribute {
    margin-top: 1ex;
    margin-bottom: 0;
}

.heading .description {
    margin-top: 4ex;
    margin-bottom: 6ex;
}

/* -- css div popup -------------------------------------------------------- */
a.popup_link {
}

a.popup_link:hover {
    color: red;
}

.popup_window {
    display: none;
    overflow-x: scroll;
    /*border: solid #627173 1px; */
    padding: 10px;
    background-color: #E6E6D6;
    font-family: "Ubuntu Mono", "Lucida Console", "Courier New", monospace;
    text-align: left;
    font-size: 8pt;
}

}
/* -- report --------------------------------------------------------------- */
#show_detail_line {
    margin-top: 3ex;
    margin-bottom: 1ex;
}
#result_table {
    width: 100%;
    border-collapse: collapse;
    border: 1px solid #777;
}
#header_row {
    font-weight: bold;
    color: white;
    background-color: #777;
}
#result_table td {
    border: 1px solid #777;
    padding: 2px;
}
#total_row  { font-weight: bold; }
.passClass  { background-color: #6c6; }
.failClass  { background-color: #c60; }
.errorClass { background-color: #c00; }
.passCase   { color: #6c6; }
.failCase   { color: #c60; font-weight: bold; }
.errorCase  { color: #c00; font-weight: bold; }
.hiddenRow  { display: none; }
.testcase   { margin-left: 2em; }
td.testname {width: 40%}
td.small {width: 40px}

/* -- ending --------------------------------------------------------------- */
#ending {
}

</style>

</head>
<body>
<script language="javascript" type="text/javascript"><!--
output_list = Array();

/* level - 0:Summary; 1:Failed; 2:All */
function showCase(level) {
    trs = document.getElementsByTagName("tr");
    for (var i = 0; i < trs.length; i++) {
        tr = trs[i];
        id = tr.id;
        if (id.substr(0,2) == 'ft') {
            if (level < 1) {
                tr.className = 'hiddenRow';
            }
            else {
                tr.className = '';
            }
        }
        if (id.substr(0,2) == 'pt') {
            if (level > 1) {
                tr.className = '';
            }
            else {
                tr.className = 'hiddenRow';
            }
        }
    }
}


function showClassDetail(cid, count) {
    var id_list = Array(count);
    var toHide = 1;
    for (var i = 0; i < count; i++) {
        tid0 = 't' + cid.substr(1) + '.' + (i+1);
        tid = 'f' + tid0;
        tr = document.getElementById(tid);
        if (!tr) {
            tid = 'p' + tid0;
            tr = document.getElementById(tid);
        }
        id_list[i] = tid;
        if (tr.className) {
            toHide = 0;
        }
    }
    for (var i = 0; i < count; i++) {
        tid = id_list[i];
        if (toHide) {
            document.getElementById('div_'+tid).style.display = 'none'
            document.getElementById(tid).className = 'hiddenRow';
        }
        else {
            document.getElementById(tid).className = '';
        }
    }
}


function showTestDetail(div_id){
    var details_div = document.getElementById(div_id)
    var displayState = details_div.style.display
    // alert(displayState)
    if (displayState != 'block' ) {
        displayState = 'block'
        details_div.style.display = 'block'
    }
    else {
        details_div.style.display = 'none'
    }
}


function html_escape(s) {
    s = s.replace(/&/g,'&amp;');
    s = s.replace(/</g,'&lt;');
    s = s.replace(/>/g,'&gt;');
    return s;
}

/* obsoleted by detail in <div>
function showOutput(id, name) {
    var w = window.open("", //url
                    name,
                    "resizable,scrollbars,status,width=800,height=450");
    d = w.document;
    d.write("<pre>");
    d.write(html_escape(output_list[id]));
    d.write("\n");
    d.write("<a href='javascript:window.close()'>close</a>\n");
    d.write("</pre>\n");
    d.close();
}
*/
--></script>

<div class='heading'>
<h1>Unit Test Report</h1>

<p class='attribute'><strong>Status:</strong> Failure 6</p>

<p class='description'></p>
</div>



<p id='show_detail_line'>Show
<a href='javascript:showCase(0)'>Summary</a>
<a href='javascript:showCase(1)'>Failed</a>
<a href='javascript:showCase(2)'>All</a>
</p>
<table id='result_table'>
<colgroup>
<col align='left' />
<col align='right' />
<col align='right' />
<col align='right' />
<col align='right' />
<col align='right' />
<col align='right' />
<col align='right' />
</colgroup>
<tr id='header_row'>
    <td>Test Group/Test case</td>
    <td>Count</td>
    <td>Pass</td>
    <td>Fail</td>
    <td>Error</td>
    <td>Skip</td>
    <td>View</td>
    <td> </td>
</tr>

<tr class='failClass'>
    <td class="testname">tempest.scenario.test_network_advanced_server_ops.TestNetworkAdvancedServerOps</td>
    <td class="small">6</td>
    <td class="small">0</td>
    <td class="small">6</td>
    <td class="small">0</td>
    <td class="small">0</td>
    <td class="small"><a href="javascript:showClassDetail('c1',6)"
>Detail</a></td>
    <td> </td>
</tr>

<tr id='ft1.1' class='none'>
    <td class='failCase'><div class='testcase'>test_server_connectivity_pause_unpause[compute,id-2b2642db-6568-4b35-b812-eceed3fa20ce,network]</div></td>
    <td colspan='7' align='left'>

    <!--css div popup start-->
    <a class="popup_link" onfocus='this.blur();'
    href="javascript:showTestDetail('div_ft1.1')" >
        fail</a>

    <div id='div_ft1.1' class="popup_window">
        <div style='text-align: right; color:red;cursor:pointer'>
        <a onfocus='this.blur();'
onclick="document.getElementById('div_ft1.1').style.display = 'none' " >
           [x]</a>
        </div>
        <pre>
        
ft1.1: tempest.scenario.test_network_advanced_server_ops.TestNetworkAdvancedServerOps.test_server_connectivity_pause_unpause[compute,id-2b2642db-6568-4b35-b812-eceed3fa20ce,network]_StringException: Empty attachments:
  stderr
  stdout

pythonlogging:'': {{{
2015-12-24 09:35:26,561 21135 INFO     [tempest_lib.common.rest_client] Request (TestNetworkAdvancedServerOps:test_server_connectivity_pause_unpause): 200 POST http://10.0.2.15:8774/v2.1/c7c40d875ed44997949dd508f62ba6f3/os-keypairs 0.427s
2015-12-24 09:35:26,561 21135 DEBUG    [tempest_lib.common.rest_client] Request - Headers: {'Content-Type': 'application/json', 'Accept': 'application/json', 'X-Auth-Token': '&lt;omitted&gt;'}
        Body: {"keypair": {"name": "tempest-TestNetworkAdvancedServerOps-625988022"}}
    Response - Headers: {'status': '200', 'content-length': '2329', 'x-compute-request-id': 'req-88f8d926-954f-456f-a443-87e1eb380a55', 'vary': 'X-OpenStack-Nova-API-Version', 'connection': 'close', 'x-openstack-nova-api-version': '2.1', 'date': 'Thu, 24 Dec 2015 09:35:26 GMT', 'content-type': 'application/json'}
        Body: {"keypair": {"public_key": "ssh-rsa AAAAB3NzaC1yc2EAAAADAQABAAABAQDDsM16gRcvW2F4bnKuPN+gTFD5f1Q/ixcYFr9vSP1gGcpnMpuYvPXq7VRUHWKOdEBbE+0lgzuNlRB2nqKcPFEcth6eWEVC9HpqoLBgECu9kLdDmzZP6+CoQgXSvT2wsnxIIUOvLh7gw0San3IEIF8H1QTE4uQVrrlGi5EBLucjufTmNAPbmsadl8Ylb07rx7CDvoDfbs/jK6/G3vD2O71SoN4d30iWZWf+CdootlQGwQMs2BzXlc8ai54aVKeo+/DDTyt/y9nvBdLZjqoUJcj41N+Q9dNILaD0EWEx1X3w0Yy4ZjmvunHinmAMB7aTzzCVNu4aeJajLhV6pnGvIRwp Generated-by-Nova", "private_key": "-----BEGIN RSA PRIVATE KEY-----\nMIIEqAIBAAKCAQEAw7DNeoEXL1theG5yrjzfoExQ+X9UP4sXGBa/b0j9YBnKZzKb\nmLz16u1UVB1ijnRAWxPtJYM7jZUQdp6inDxRHLYenlhFQvR6aqCwYBArvZC3Q5s2\nT+vgqEIF0r09sLJ8SCFDry4e4MNEmp9yBCBfB9UExOLkFa65RouRAS7nI7n05jQD\n25rGnZfGJW9O68ewg76A327P4yuvxt7w9ju9UqDeHd9IlmVn/gnaKLZUBsEDLNgc\n15XPGoueGlSnqPvww08rf8vZ7wXS2Y6qFCXI+NTfkPXTSC2g9BFhMdV98NGMuGY5\nr7px4p5gDAe2k88wlTbuGniWoy4VeqZxryEcKQIDAQABAoIBAAvgzXgkIc4kE9SF\nj7x3wXMvbrLWQbzhqnMx3kjY+1g7+IcvETbCMYMjCL1aU0MmV0mv+fMO9ixv4eHx\nWxl0p8/AVjdyUDHyOQQD4PDTynPlNtqJr1BGlwpfh471Iat6CgUuz7bwa7tk3uMr\nznXlqR8GlRWGWCXgxyo7CoAx4qHOan7lMDn7BvB0/KO7SsBfvJtoPGLzKvFke289\n8e2HqXMuqArk0Gc/EZZek/QlV+/d05d+5Q6cGHt6fi3SUvrLhXPZjw+VfPPzDno7\nz9tTZcbUza6vhnSBrLojyLLA63ZfsLQ81fRRGuUs9p+q03w6d7N1qG/naL4/Feex\nkSjlDwECggCBAMvrRI1BnE7SUZ+XtO0zWPjIFIFjgXzRzGuuvsAd07xrgtSymYm2\nQxx4Z6MH3xzMDjq8uVivrQ727osYUFlJvl3l7/B4Lu5W/5oqtrnxbkwvhjyBEWfe\ngJkK7XnFDyJSzy/QBp37hSf03bAXXyqvBH3qvCGT9Wf8Q+nNDm2AvXcRAoIAgQD1\nq4r/uprq5GB3FBp+1HWa1DFpdozM6w3ej7w8+khoM28sMvjS0kR6R3UEoNJRy0Cn\nZ1Y0KeTynrlperZi5K2pjsuLRRmai0gXppZrfkarG0G7rZxFDkjyCtQuDQpuMlXT\nMeUx1PXi8cBxXPJ6tSxDVpp3vDGKL3wdmUq8lwPDmQKCAIAyWbclgcvMkpXg6B6e\naw1O8GhPwngYj9z/wbgLy9GaNpmpVygeHsjXYMuGL81hWOkyi6LgSRBcH5Cq+6fr\nRBAjM0FZiPNdmlGmiWFw7DIl0Z49lkjr8r6iC1azuHqSKQxLa/wWSiKIySdr8Xlo\nGqrrRGiLifMQZ/OE6ULkuuMNYQKCAIEAhRTucWX28fPRRfCAAeC57KuyML1lvMRA\neSZIBIhYnQnv2XOrUxlQuyTmgSFVjbWbSpQyIIPpYH0XV8p/7saOROHz5XgDTLLS\n1O0LYyO+yIY1b6O2mboJTgULt/6cfeGKmKPY0svYf54Sb9a4DD0Ew12ww9gQxhi/\nFZGq6Mqt4VECggCAKucK1w8HqhDN7j/9c4XCV+vV1DGCf/YT+CXKduFce7Ya4xi3\nGVb9ggAdUH79GmyDyKBqJ/TgGEONE1TykpD7992Q2Ue2wEiv7GZtsOyKNKgF/dyn\nZsHoocKCzqn5ed3Sjd7wLs4RZxSfRL7XRmGA03Hs2ng7+aAo5SiVoynGQTE=\n-----END RSA PRIVATE KEY-----\n", "user_id": "03564e5199c448f58ade774ef5bf7a24", "name": "tempest-TestNetworkAdvancedServerOps-625988022", "fingerprint": "80:39:57:85:63:21:58:ff:4d:02:c8:77:84:0e:f7:e8"}}
2015-12-24 09:35:26,916 21135 INFO     [tempest_lib.common.rest_client] Request (TestNetworkAdvancedServerOps:test_server_connectivity_pause_unpause): 201 POST http://10.0.2.15:9696/v2.0/security-groups 0.350s
2015-12-24 09:35:26,916 21135 DEBUG    [tempest_lib.common.rest_client] Request - Headers: {'Content-Type': 'application/json', 'Accept': 'application/json', 'X-Auth-Token': '&lt;omitted&gt;'}
        Body: {"security_group": {"tenant_id": "c7c40d875ed44997949dd508f62ba6f3", "description": "tempest-secgroup-smoke-617704597 description", "name": "tempest-secgroup-smoke-617704597"}}
    Response - Headers: {'status': '201', 'content-length': '886', 'connection': 'close', 'date': 'Thu, 24 Dec 2015 09:35:26 GMT', 'content-type': 'application/json; charset=UTF-8', 'x-openstack-request-id': 'req-89b8c896-1312-48b7-b715-d058a50b4a86'}
        Body: {"security_group": {"tenant_id": "c7c40d875ed44997949dd508f62ba6f3", "description": "tempest-secgroup-smoke-617704597 description", "id": "387a9a47-9877-4d23-b00d-46f47612cf16", "security_group_rules": [{"remote_group_id": null, "direction": "egress", "remote_ip_prefix": null, "protocol": null, "ethertype": "IPv4", "tenant_id": "c7c40d875ed44997949dd508f62ba6f3", "port_range_max": null, "port_range_min": null, "id": "9da4a54a-529d-4730-a9d1-4b8671aaff80", "security_group_id": "387a9a47-9877-4d23-b00d-46f47612cf16"}, {"remote_group_id": null, "direction": "egress", "remote_ip_prefix": null, "protocol": null, "ethertype": "IPv6", "tenant_id": "c7c40d875ed44997949dd508f62ba6f3", "port_range_max": null, "port_range_min": null, "id": "8ff58dcf-a734-4f68-98c1-a4b33a7eb244", "security_group_id": "387a9a47-9877-4d23-b00d-46f47612cf16"}], "name": "tempest-secgroup-smoke-617704597"}}
2015-12-24 09:35:27,019 21135 INFO     [tempest_lib.common.rest_client] Request (TestNetworkAdvancedServerOps:test_server_connectivity_pause_unpause): 201 POST http://10.0.2.15:9696/v2.0/security-group-rules 0.102s
2015-12-24 09:35:27,020 21135 DEBUG    [tempest_lib.common.rest_client] Request - Headers: {'Content-Type': 'application/json', 'Accept': 'application/json', 'X-Auth-Token': '&lt;omitted&gt;'}
        Body: {"security_group_rule": {"direction": "ingress", "protocol": "tcp", "tenant_id": "c7c40d875ed44997949dd508f62ba6f3", "port_range_max": 22, "security_group_id": "387a9a47-9877-4d23-b00d-46f47612cf16", "port_range_min": 22}}
    Response - Headers: {'status': '201', 'content-length': '340', 'connection': 'close', 'date': 'Thu, 24 Dec 2015 09:35:27 GMT', 'content-type': 'application/json; charset=UTF-8', 'x-openstack-request-id': 'req-76aef54d-0931-474a-9a5d-b16c19884faf'}
        Body: {"security_group_rule": {"remote_group_id": null, "direction": "ingress", "remote_ip_prefix": null, "protocol": "tcp", "ethertype": "IPv4", "tenant_id": "c7c40d875ed44997949dd508f62ba6f3", "port_range_max": 22, "port_range_min": 22, "id": "0bf0bfe8-aa6f-43a6-8314-4e3f495828e2", "security_group_id": "387a9a47-9877-4d23-b00d-46f47612cf16"}}
2015-12-24 09:35:27,149 21135 INFO     [tempest_lib.common.rest_client] Request (TestNetworkAdvancedServerOps:test_server_connectivity_pause_unpause): 201 POST http://10.0.2.15:9696/v2.0/security-group-rules 0.128s
2015-12-24 09:35:27,150 21135 DEBUG    [tempest_lib.common.rest_client] Request - Headers: {'Content-Type': 'application/json', 'Accept': 'application/json', 'X-Auth-Token': '&lt;omitted&gt;'}
        Body: {"security_group_rule": {"direction": "egress", "protocol": "tcp", "tenant_id": "c7c40d875ed44997949dd508f62ba6f3", "port_range_max": 22, "security_group_id": "387a9a47-9877-4d23-b00d-46f47612cf16", "port_range_min": 22}}
    Response - Headers: {'status': '201', 'content-length': '339', 'connection': 'close', 'date': 'Thu, 24 Dec 2015 09:35:27 GMT', 'content-type': 'application/json; charset=UTF-8', 'x-openstack-request-id': 'req-f1ef70a0-f6bd-4c03-9809-282e416f5e54'}
        Body: {"security_group_rule": {"remote_group_id": null, "direction": "egress", "remote_ip_prefix": null, "protocol": "tcp", "ethertype": "IPv4", "tenant_id": "c7c40d875ed44997949dd508f62ba6f3", "port_range_max": 22, "port_range_min": 22, "id": "4d72902a-dbf7-465d-8165-185081bdf129", "security_group_id": "387a9a47-9877-4d23-b00d-46f47612cf16"}}
2015-12-24 09:35:27,277 21135 INFO     [tempest_lib.common.rest_client] Request (TestNetworkAdvancedServerOps:test_server_connectivity_pause_unpause): 201 POST http://10.0.2.15:9696/v2.0/security-group-rules 0.125s
2015-12-24 09:35:27,279 21135 DEBUG    [tempest_lib.common.rest_client] Request - Headers: {'Content-Type': 'application/json', 'Accept': 'application/json', 'X-Auth-Token': '&lt;omitted&gt;'}
        Body: {"security_group_rule": {"tenant_id": "c7c40d875ed44997949dd508f62ba6f3", "direction": "ingress", "protocol": "icmp", "security_group_id": "387a9a47-9877-4d23-b00d-46f47612cf16"}}
    Response - Headers: {'status': '201', 'content-length': '345', 'connection': 'close', 'date': 'Thu, 24 Dec 2015 09:35:27 GMT', 'content-type': 'application/json; charset=UTF-8', 'x-openstack-request-id': 'req-27032eeb-dc27-4a4a-a196-11fd21c14b26'}
        Body: {"security_group_rule": {"remote_group_id": null, "direction": "ingress", "remote_ip_prefix": null, "protocol": "icmp", "ethertype": "IPv4", "tenant_id": "c7c40d875ed44997949dd508f62ba6f3", "port_range_max": null, "port_range_min": null, "id": "3c326263-e9cf-45cb-8178-b5ab43e764e1", "security_group_id": "387a9a47-9877-4d23-b00d-46f47612cf16"}}
2015-12-24 09:35:27,412 21135 INFO     [tempest_lib.common.rest_client] Request (TestNetworkAdvancedServerOps:test_server_connectivity_pause_unpause): 201 POST http://10.0.2.15:9696/v2.0/security-group-rules 0.133s
2015-12-24 09:35:27,413 21135 DEBUG    [tempest_lib.common.rest_client] Request - Headers: {'Content-Type': 'application/json', 'Accept': 'application/json', 'X-Auth-Token': '&lt;omitted&gt;'}
        Body: {"security_group_rule": {"tenant_id": "c7c40d875ed44997949dd508f62ba6f3", "direction": "egress", "protocol": "icmp", "security_group_id": "387a9a47-9877-4d23-b00d-46f47612cf16"}}
    Response - Headers: {'status': '201', 'content-length': '344', 'connection': 'close', 'date': 'Thu, 24 Dec 2015 09:35:27 GMT', 'content-type': 'application/json; charset=UTF-8', 'x-openstack-request-id': 'req-f3243e97-ba8e-424d-b606-851dc3fdb900'}
        Body: {"security_group_rule": {"remote_group_id": null, "direction": "egress", "remote_ip_prefix": null, "protocol": "icmp", "ethertype": "IPv4", "tenant_id": "c7c40d875ed44997949dd508f62ba6f3", "port_range_max": null, "port_range_min": null, "id": "1aeae5fa-4d87-4965-abd6-aa0f3a43c4b5", "security_group_id": "387a9a47-9877-4d23-b00d-46f47612cf16"}}
2015-12-24 09:35:27,679 21135 INFO     [tempest_lib.common.rest_client] Request (TestNetworkAdvancedServerOps:test_server_connectivity_pause_unpause): 201 POST http://10.0.2.15:9696/v2.0/security-group-rules 0.265s
2015-12-24 09:35:27,680 21135 DEBUG    [tempest_lib.common.rest_client] Request - Headers: {'Content-Type': 'application/json', 'Accept': 'application/json', 'X-Auth-Token': '&lt;omitted&gt;'}
        Body: {"security_group_rule": {"tenant_id": "c7c40d875ed44997949dd508f62ba6f3", "direction": "ingress", "security_group_id": "387a9a47-9877-4d23-b00d-46f47612cf16", "protocol": "icmp", "ethertype": "IPv6"}}
    Response - Headers: {'status': '201', 'content-length': '345', 'connection': 'close', 'date': 'Thu, 24 Dec 2015 09:35:27 GMT', 'content-type': 'application/json; charset=UTF-8', 'x-openstack-request-id': 'req-d0d66837-75c1-4fb4-8997-a0310dd01240'}
        Body: {"security_group_rule": {"remote_group_id": null, "direction": "ingress", "remote_ip_prefix": null, "protocol": "icmp", "ethertype": "IPv6", "tenant_id": "c7c40d875ed44997949dd508f62ba6f3", "port_range_max": null, "port_range_min": null, "id": "47b6576a-097a-4690-ba3d-be23cd0c3e5f", "security_group_id": "387a9a47-9877-4d23-b00d-46f47612cf16"}}
2015-12-24 09:35:27,808 21135 INFO     [tempest_lib.common.rest_client] Request (TestNetworkAdvancedServerOps:test_server_connectivity_pause_unpause): 201 POST http://10.0.2.15:9696/v2.0/security-group-rules 0.125s
2015-12-24 09:35:27,810 21135 DEBUG    [tempest_lib.common.rest_client] Request - Headers: {'Content-Type': 'application/json', 'Accept': 'application/json', 'X-Auth-Token': '&lt;omitted&gt;'}
        Body: {"security_group_rule": {"tenant_id": "c7c40d875ed44997949dd508f62ba6f3", "direction": "egress", "security_group_id": "387a9a47-9877-4d23-b00d-46f47612cf16", "protocol": "icmp", "ethertype": "IPv6"}}
    Response - Headers: {'status': '201', 'content-length': '344', 'connection': 'close', 'date': 'Thu, 24 Dec 2015 09:35:27 GMT', 'content-type': 'application/json; charset=UTF-8', 'x-openstack-request-id': 'req-d3b5ebbb-e1bf-48e7-92c6-55831af74f7c'}
        Body: {"security_group_rule": {"remote_group_id": null, "direction": "egress", "remote_ip_prefix": null, "protocol": "icmp", "ethertype": "IPv6", "tenant_id": "c7c40d875ed44997949dd508f62ba6f3", "port_range_max": null, "port_range_min": null, "id": "a101ec23-ae3c-46bc-b59e-88cea12f5d3c", "security_group_id": "387a9a47-9877-4d23-b00d-46f47612cf16"}}
2015-12-24 09:35:28,073 21135 INFO     [tempest_lib.common.rest_client] Request (TestNetworkAdvancedServerOps:test_server_connectivity_pause_unpause): 201 POST http://10.0.2.15:9696/v2.0/networks 0.262s
2015-12-24 09:35:28,074 21135 DEBUG    [tempest_lib.common.rest_client] Request - Headers: {'Content-Type': 'application/json', 'Accept': 'application/json', 'X-Auth-Token': '&lt;omitted&gt;'}
        Body: {"network": {"tenant_id": "c7c40d875ed44997949dd508f62ba6f3", "name": "tempest-network-smoke--223219456"}}
    Response - Headers: {'status': '201', 'content-length': '326', 'connection': 'close', 'date': 'Thu, 24 Dec 2015 09:35:28 GMT', 'content-type': 'application/json; charset=UTF-8', 'x-openstack-request-id': 'req-28bfb71e-2e37-4c30-8e62-23a98381bcfc'}
        Body: {"network": {"status": "ACTIVE", "subnets": [], "availability_zone_hints": [], "name": "tempest-network-smoke--223219456", "admin_state_up": true, "tenant_id": "c7c40d875ed44997949dd508f62ba6f3", "mtu": 0, "router:external": false, "shared": false, "port_security_enabled": true, "id": "220cc6bb-acd8-43c2-b2e9-c226f27b6407"}}
2015-12-24 09:35:28,160 21135 INFO     [tempest_lib.common.rest_client] Request (TestNetworkAdvancedServerOps:test_server_connectivity_pause_unpause): 201 POST http://10.0.2.15:9696/v2.0/routers 0.084s
2015-12-24 09:35:28,161 21135 DEBUG    [tempest_lib.common.rest_client] Request - Headers: {'Content-Type': 'application/json', 'Accept': 'application/json', 'X-Auth-Token': '&lt;omitted&gt;'}
        Body: {"router": {"tenant_id": "c7c40d875ed44997949dd508f62ba6f3", "name": "tempest-router-smoke-1482597082", "admin_state_up": true}}
    Response - Headers: {'status': '201', 'content-length': '296', 'connection': 'close', 'date': 'Thu, 24 Dec 2015 09:35:28 GMT', 'content-type': 'application/json; charset=UTF-8', 'x-openstack-request-id': 'req-99146d05-f798-4387-8d2e-07529d771885'}
        Body: {"router": {"status": "ACTIVE", "external_gateway_info": null, "availability_zone_hints": [], "availability_zones": [], "name": "tempest-router-smoke-1482597082", "admin_state_up": true, "tenant_id": "c7c40d875ed44997949dd508f62ba6f3", "routes": [], "id": "62da0f1f-b82b-4716-9d88-7f93632e5b49"}}
2015-12-24 09:35:28,217 21135 INFO     [tempest_lib.common.rest_client] Request (TestNetworkAdvancedServerOps:test_server_connectivity_pause_unpause): 200 GET http://10.0.2.15:9696/v2.0/routers/62da0f1f-b82b-4716-9d88-7f93632e5b49 0.054s
2015-12-24 09:35:28,218 21135 DEBUG    [tempest_lib.common.rest_client] Request - Headers: {'Content-Type': 'application/json', 'Accept': 'application/json', 'X-Auth-Token': '&lt;omitted&gt;'}
        Body: None
    Response - Headers: {'status': '200', 'content-length': '296', 'content-location': 'http://10.0.2.15:9696/v2.0/routers/62da0f1f-b82b-4716-9d88-7f93632e5b49', 'connection': 'close', 'date': 'Thu, 24 Dec 2015 09:35:28 GMT', 'content-type': 'application/json; charset=UTF-8', 'x-openstack-request-id': 'req-7afffb2d-6bd7-4568-95ea-a48b3db00312'}
        Body: {"router": {"status": "ACTIVE", "external_gateway_info": null, "availability_zone_hints": [], "availability_zones": [], "name": "tempest-router-smoke-1482597082", "admin_state_up": true, "tenant_id": "c7c40d875ed44997949dd508f62ba6f3", "routes": [], "id": "62da0f1f-b82b-4716-9d88-7f93632e5b49"}}
2015-12-24 09:35:28,867 21135 INFO     [tempest_lib.common.rest_client] Request (TestNetworkAdvancedServerOps:test_server_connectivity_pause_unpause): 200 PUT http://10.0.2.15:9696/v2.0/routers/62da0f1f-b82b-4716-9d88-7f93632e5b49 0.647s
2015-12-24 09:35:28,867 21135 DEBUG    [tempest_lib.common.rest_client] Request - Headers: {'Content-Type': 'application/json', 'Accept': 'application/json', 'X-Auth-Token': '&lt;omitted&gt;'}
        Body: {"router": {"external_gateway_info": {"network_id": "d2b97686-593b-430a-bd24-fe5b7eb09c1a"}, "name": "tempest-router-smoke-1482597082", "admin_state_up": true}}
    Response - Headers: {'status': '200', 'content-length': '558', 'connection': 'close', 'date': 'Thu, 24 Dec 2015 09:35:28 GMT', 'content-type': 'application/json; charset=UTF-8', 'x-openstack-request-id': 'req-aa923520-4f74-4316-a0c2-8c7eeca860dd'}
        Body: {"router": {"status": "ACTIVE", "external_gateway_info": {"network_id": "d2b97686-593b-430a-bd24-fe5b7eb09c1a", "enable_snat": true, "external_fixed_ips": [{"subnet_id": "68ac7c1a-af27-4e5d-8bd7-8ab6eed4af9d", "ip_address": "172.24.4.3"}, {"subnet_id": "4ef97be0-fc38-49ca-b5bb-f89e068198a5", "ip_address": "2001:db8::3"}]}, "availability_zone_hints": [], "availability_zones": [], "name": "tempest-router-smoke-1482597082", "admin_state_up": true, "tenant_id": "c7c40d875ed44997949dd508f62ba6f3", "routes": [], "id": "62da0f1f-b82b-4716-9d88-7f93632e5b49"}}
2015-12-24 09:35:29,027 21135 INFO     [tempest_lib.common.rest_client] Request (TestNetworkAdvancedServerOps:test_server_connectivity_pause_unpause): 200 GET http://10.0.2.15:9696/v2.0/subnets?tenant_id=c7c40d875ed44997949dd508f62ba6f3&amp;cidr=10.100.0.0%2F28 0.159s
2015-12-24 09:35:29,028 21135 DEBUG    [tempest_lib.common.rest_client] Request - Headers: {'Content-Type': 'application/json', 'Accept': 'application/json', 'X-Auth-Token': '&lt;omitted&gt;'}
        Body: None
    Response - Headers: {'status': '200', 'content-length': '15', 'content-location': 'http://10.0.2.15:9696/v2.0/subnets?tenant_id=c7c40d875ed44997949dd508f62ba6f3&amp;cidr=10.100.0.0%2F28', 'connection': 'close', 'date': 'Thu, 24 Dec 2015 09:35:29 GMT', 'content-type': 'application/json; charset=UTF-8', 'x-openstack-request-id': 'req-dd131896-65c5-490f-91f5-d1403f4d7766'}
        Body: {"subnets": []}
2015-12-24 09:35:29,341 21135 INFO     [tempest_lib.common.rest_client] Request (TestNetworkAdvancedServerOps:test_server_connectivity_pause_unpause): 201 POST http://10.0.2.15:9696/v2.0/subnets 0.312s
2015-12-24 09:35:29,342 21135 DEBUG    [tempest_lib.common.rest_client] Request - Headers: {'Content-Type': 'application/json', 'Accept': 'application/json', 'X-Auth-Token': '&lt;omitted&gt;'}
        Body: {"subnet": {"ip_version": 4, "tenant_id": "c7c40d875ed44997949dd508f62ba6f3", "cidr": "10.100.0.0/28", "network_id": "220cc6bb-acd8-43c2-b2e9-c226f27b6407", "name": "tempest-subnet-smoke-1537928037"}}
    Response - Headers: {'status': '201', 'content-length': '478', 'connection': 'close', 'date': 'Thu, 24 Dec 2015 09:35:29 GMT', 'content-type': 'application/json; charset=UTF-8', 'x-openstack-request-id': 'req-10d4e9ca-655b-49e8-a99b-b148575d9f71'}
        Body: {"subnet": {"name": "tempest-subnet-smoke-1537928037", "enable_dhcp": true, "network_id": "220cc6bb-acd8-43c2-b2e9-c226f27b6407", "tenant_id": "c7c40d875ed44997949dd508f62ba6f3", "dns_nameservers": [], "gateway_ip": "10.100.0.1", "ipv6_ra_mode": null, "allocation_pools": [{"start": "10.100.0.2", "end": "10.100.0.14"}], "host_routes": [], "ip_version": 4, "ipv6_address_mode": null, "cidr": "10.100.0.0/28", "id": "e401d1d6-9ea1-48d2-93f9-30c2e20189dc", "subnetpool_id": null}}
2015-12-24 09:35:30,102 21135 INFO     [tempest_lib.common.rest_client] Request (TestNetworkAdvancedServerOps:test_server_connectivity_pause_unpause): 200 PUT http://10.0.2.15:9696/v2.0/routers/62da0f1f-b82b-4716-9d88-7f93632e5b49/add_router_interface 0.758s
2015-12-24 09:35:30,103 21135 DEBUG    [tempest_lib.common.rest_client] Request - Headers: {'Content-Type': 'application/json', 'Accept': 'application/json', 'X-Auth-Token': '&lt;omitted&gt;'}
        Body: {"subnet_id": "e401d1d6-9ea1-48d2-93f9-30c2e20189dc"}
    Response - Headers: {'status': '200', 'content-length': '255', 'connection': 'close', 'date': 'Thu, 24 Dec 2015 09:35:30 GMT', 'content-type': 'application/json; charset=UTF-8', 'x-openstack-request-id': 'req-2b2b7fb5-d29a-4f26-ac3a-dc3c30da6a60'}
        Body: {"subnet_id": "e401d1d6-9ea1-48d2-93f9-30c2e20189dc", "tenant_id": "c7c40d875ed44997949dd508f62ba6f3", "subnet_ids": ["e401d1d6-9ea1-48d2-93f9-30c2e20189dc"], "port_id": "44dbef87-7b55-4e38-9a38-89cc1b37a7de", "id": "62da0f1f-b82b-4716-9d88-7f93632e5b49"}
2015-12-24 09:35:30,213 21135 INFO     [tempest_lib.common.rest_client] Request (TestNetworkAdvancedServerOps:test_server_connectivity_pause_unpause): 200 POST http://10.0.2.15:5000/v2.0/tokens
2015-12-24 09:35:30,214 21135 DEBUG    [tempest_lib.common.rest_client] Request - Headers: {'Content-Type': 'application/json', 'Accept': 'application/json'}
        Body: &lt;omitted&gt;
    Response - Headers: {'status': '200', 'content-length': '2564', 'vary': 'X-Auth-Token', 'server': 'Apache/2.4.7 (Ubuntu)', 'connection': 'close', 'date': 'Thu, 24 Dec 2015 09:35:30 GMT', 'content-type': 'application/json', 'x-openstack-request-id': 'req-9f580c5a-a8c7-40cd-8555-2b5355982ae9'}
        Body: {"access": {"token": {"issued_at": "2015-12-24T09:35:30.204159", "expires": "2015-12-24T10:35:30Z", "id": "8f76d4146af244dfb3b4066f31ce84ef", "tenant": {"description": "tempest-TestNetworkAdvancedServerOps-159457652-desc", "enabled": true, "id": "c7c40d875ed44997949dd508f62ba6f3", "name": "tempest-TestNetworkAdvancedServerOps-159457652"}, "audit_ids": ["lc2GuKNwSl-FuuoBfPHzRQ"]}, "serviceCatalog": [{"endpoints": [{"adminURL": "http://10.0.2.15:8774/v2.1/c7c40d875ed44997949dd508f62ba6f3", "region": "RegionOne", "internalURL": "http://10.0.2.15:8774/v2.1/c7c40d875ed44997949dd508f62ba6f3", "id": "167bb540aecd4adbb96a695f96753199", "publicURL": "http://10.0.2.15:8774/v2.1/c7c40d875ed44997949dd508f62ba6f3"}], "endpoints_links": [], "type": "compute", "name": "nova"}, {"endpoints": [{"adminURL": "http://10.0.2.15:9696/", "region": "RegionOne", "internalURL": "http://10.0.2.15:9696/", "id": "27e8fd835f384d74a28dc0a9cd4dbb90", "publicURL": "http://10.0.2.15:9696/"}], "endpoints_links": [], "type": "network", "name": "neutron"}, {"endpoints": [{"adminURL": "http://10.0.2.15:9292", "region": "RegionOne", "internalURL": "http://10.0.2.15:9292", "id": "23145ee0507e4460be02ffe78ecb5997", "publicURL": "http://10.0.2.15:9292"}], "endpoints_links": [], "type": "image", "name": "glance"}, {"endpoints": [{"adminURL": "http://10.0.2.15:8774/v2/c7c40d875ed44997949dd508f62ba6f3", "region": "RegionOne", "internalURL": "http://10.0.2.15:8774/v2/c7c40d875ed44997949dd508f62ba6f3", "id": "46acd38ad8384c99b5ba74d5685f783f", "publicURL": "http://10.0.2.15:8774/v2/c7c40d875ed44997949dd508f62ba6f3"}], "endpoints_links": [], "type": "compute_legacy", "name": "nova_legacy"}, {"endpoints": [{"adminURL": "http://10.0.2.15:8773/", "region": "RegionOne", "internalURL": "http://10.0.2.15:8773/", "id": "5cacfddc86ac445ea8005a15c46d7a03", "publicURL": "http://10.0.2.15:8773/"}], "endpoints_links": [], "type": "ec2", "name": "ec2"}, {"endpoints": [{"adminURL": "http://10.0.2.15:35357/v2.0", "region": "RegionOne", "internalURL": "http://10.0.2.15:5000/v2.0", "id": "1ba7f8aedb584acf82d40090aa890526", "publicURL": "http://10.0.2.15:5000/v2.0"}], "endpoints_links": [], "type": "identity", "name": "keystone"}], "user": {"username": "tempest-TestNetworkAdvancedServerOps-1775221253", "roles_links": [], "id": "03564e5199c448f58ade774ef5bf7a24", "roles": [{"name": "Member"}, {"name": "_member_"}], "name": "tempest-TestNetworkAdvancedServerOps-1775221253"}, "metadata": {"is_admin": 0, "roles": ["31d014e26a64408e81a64e61f4b1a8ae", "9fe2ff9ee4384b1894a90878d3e92bab"]}}}
2015-12-24 09:35:30,218 21135 DEBUG    [tempest.common.fixed_network] (TestNetworkAdvancedServerOps:test_server_connectivity_pause_unpause) No valid network provided or created, defaulting to fixed_network_name
2015-12-24 09:35:30,543 21135 INFO     [tempest_lib.common.rest_client] Request (TestNetworkAdvancedServerOps:test_server_connectivity_pause_unpause): 200 GET http://10.0.2.15:8774/v2.1/c7c40d875ed44997949dd508f62ba6f3/os-networks 0.324s
2015-12-24 09:35:30,543 21135 DEBUG    [tempest_lib.common.rest_client] Request - Headers: {'Content-Type': 'application/json', 'Accept': 'application/json', 'X-Auth-Token': '&lt;omitted&gt;'}
        Body: None
    Response - Headers: {'status': '200', 'content-length': '478', 'content-location': 'http://10.0.2.15:8774/v2.1/c7c40d875ed44997949dd508f62ba6f3/os-networks', 'x-compute-request-id': 'req-2fb19571-78be-40a4-86d3-2a822121ae9d', 'vary': 'X-OpenStack-Nova-API-Version', 'connection': 'close', 'x-openstack-nova-api-version': '2.1', 'date': 'Thu, 24 Dec 2015 09:35:30 GMT', 'content-type': 'application/json'}
        Body: {"networks": [{"cidr_v6": null, "dns2": null, "dns1": null, "gateway": null, "broadcast": null, "netmask": null, "gateway_v6": null, "cidr": null, "label": "public", "id": "d2b97686-593b-430a-bd24-fe5b7eb09c1a", "netmask_v6": null}, {"cidr_v6": null, "dns2": null, "dns1": null, "gateway": null, "broadcast": null, "netmask": null, "gateway_v6": null, "cidr": null, "label": "tempest-network-smoke--223219456", "id": "220cc6bb-acd8-43c2-b2e9-c226f27b6407", "netmask_v6": null}]}
2015-12-24 09:35:30,544 21135 WARNING  [tempest.common.fixed_network] (TestNetworkAdvancedServerOps:test_server_connectivity_pause_unpause) Network with name: private not found
2015-12-24 09:35:30,544 21135 INFO     [tempest.common.fixed_network] (TestNetworkAdvancedServerOps:test_server_connectivity_pause_unpause) Found network {} available for tenant
2015-12-24 09:35:31,669 21135 INFO     [tempest_lib.common.rest_client] Request (TestNetworkAdvancedServerOps:test_server_connectivity_pause_unpause): 202 POST http://10.0.2.15:8774/v2.1/c7c40d875ed44997949dd508f62ba6f3/servers 1.124s
2015-12-24 09:35:31,670 21135 DEBUG    [tempest_lib.common.rest_client] Request - Headers: {'Content-Type': 'application/json', 'Accept': 'application/json', 'X-Auth-Token': '&lt;omitted&gt;'}
        Body: {"server": {"name": "tempest.common.compute-instance-295859264", "imageRef": "3de7cafa-4040-4daa-98ae-3ef4ca656f5d", "key_name": "tempest-TestNetworkAdvancedServerOps-625988022", "flavorRef": "42", "networks": [{"uuid": "220cc6bb-acd8-43c2-b2e9-c226f27b6407"}], "security_groups": [{"name": "tempest-secgroup-smoke-617704597"}]}}
    Response - Headers: {'status': '202', 'content-length': '461', 'x-compute-request-id': 'req-a1cdb890-bf64-4a41-abee-4edc32534267', 'vary': 'X-OpenStack-Nova-API-Version', 'connection': 'close', 'location': 'http://10.0.2.15:8774/v2.1/c7c40d875ed44997949dd508f62ba6f3/servers/2a5493cf-c33a-4f8b-8d41-db9e793480a9', 'x-openstack-nova-api-version': '2.1', 'date': 'Thu, 24 Dec 2015 09:35:31 GMT', 'content-type': 'application/json'}
        Body: {"server": {"security_groups": [{"name": "tempest-secgroup-smoke-617704597"}], "OS-DCF:diskConfig": "MANUAL", "id": "2a5493cf-c33a-4f8b-8d41-db9e793480a9", "links": [{"href": "http://10.0.2.15:8774/v2.1/c7c40d875ed44997949dd508f62ba6f3/servers/2a5493cf-c33a-4f8b-8d41-db9e793480a9", "rel": "self"}, {"href": "http://10.0.2.15:8774/c7c40d875ed44997949dd508f62ba6f3/servers/2a5493cf-c33a-4f8b-8d41-db9e793480a9", "rel": "bookmark"}], "adminPass": "fLEWvSm329Mu"}}
2015-12-24 09:35:31,920 21135 INFO     [tempest_lib.common.rest_client] Request (TestNetworkAdvancedServerOps:test_server_connectivity_pause_unpause): 200 GET http://10.0.2.15:8774/v2.1/c7c40d875ed44997949dd508f62ba6f3/servers/2a5493cf-c33a-4f8b-8d41-db9e793480a9 0.244s
2015-12-24 09:35:31,920 21135 DEBUG    [tempest_lib.common.rest_client] Request - Headers: {'Content-Type': 'application/json', 'Accept': 'application/json', 'X-Auth-Token': '&lt;omitted&gt;'}
        Body: None
    Response - Headers: {'status': '200', 'content-length': '1363', 'content-location': 'http://10.0.2.15:8774/v2.1/c7c40d875ed44997949dd508f62ba6f3/servers/2a5493cf-c33a-4f8b-8d41-db9e793480a9', 'x-compute-request-id': 'req-03f8426c-daf4-4ceb-92d6-a0bad9f5c7c0', 'vary': 'X-OpenStack-Nova-API-Version', 'connection': 'close', 'x-openstack-nova-api-version': '2.1', 'date': 'Thu, 24 Dec 2015 09:35:31 GMT', 'content-type': 'application/json'}
        Body: {"server": {"status": "BUILD", "updated": "2015-12-24T09:35:31Z", "hostId": "", "addresses": {}, "links": [{"href": "http://10.0.2.15:8774/v2.1/c7c40d875ed44997949dd508f62ba6f3/servers/2a5493cf-c33a-4f8b-8d41-db9e793480a9", "rel": "self"}, {"href": "http://10.0.2.15:8774/c7c40d875ed44997949dd508f62ba6f3/servers/2a5493cf-c33a-4f8b-8d41-db9e793480a9", "rel": "bookmark"}], "key_name": "tempest-TestNetworkAdvancedServerOps-625988022", "image": {"id": "3de7cafa-4040-4daa-98ae-3ef4ca656f5d", "links": [{"href": "http://10.0.2.15:8774/c7c40d875ed44997949dd508f62ba6f3/images/3de7cafa-4040-4daa-98ae-3ef4ca656f5d", "rel": "bookmark"}]}, "OS-EXT-STS:task_state": "scheduling", "OS-EXT-STS:vm_state": "building", "OS-SRV-USG:launched_at": null, "flavor": {"id": "42", "links": [{"href": "http://10.0.2.15:8774/c7c40d875ed44997949dd508f62ba6f3/flavors/42", "rel": "bookmark"}]}, "id": "2a5493cf-c33a-4f8b-8d41-db9e793480a9", "OS-SRV-USG:terminated_at": null, "OS-EXT-AZ:availability_zone": "", "user_id": "03564e5199c448f58ade774ef5bf7a24", "name": "tempest.common.compute-instance-295859264", "created": "2015-12-24T09:35:31Z", "tenant_id": "c7c40d875ed44997949dd508f62ba6f3", "OS-DCF:diskConfig": "MANUAL", "os-extended-volumes:volumes_attached": [], "accessIPv4": "", "accessIPv6": "", "progress": 0, "OS-EXT-STS:power_state": 0, "config_drive": "", "metadata": {}}}
2015-12-24 09:35:33,420 21135 INFO     [tempest_lib.common.rest_client] Request (TestNetworkAdvancedServerOps:test_server_connectivity_pause_unpause): 200 GET http://10.0.2.15:8774/v2.1/c7c40d875ed44997949dd508f62ba6f3/servers/2a5493cf-c33a-4f8b-8d41-db9e793480a9 0.489s
2015-12-24 09:35:33,420 21135 DEBUG    [tempest_lib.common.rest_client] Request - Headers: {'Content-Type': 'application/json', 'Accept': 'application/json', 'X-Auth-Token': '&lt;omitted&gt;'}
        Body: None
    Response - Headers: {'status': '200', 'content-length': '1488', 'content-location': 'http://10.0.2.15:8774/v2.1/c7c40d875ed44997949dd508f62ba6f3/servers/2a5493cf-c33a-4f8b-8d41-db9e793480a9', 'x-compute-request-id': 'req-ae478cb8-14bd-4d17-ab19-25596077da14', 'vary': 'X-OpenStack-Nova-API-Version', 'connection': 'close', 'x-openstack-nova-api-version': '2.1', 'date': 'Thu, 24 Dec 2015 09:35:33 GMT', 'content-type': 'application/json'}
        Body: {"server": {"status": "BUILD", "updated": "2015-12-24T09:35:32Z", "hostId": "a69ddc516a2835e56cb7e75f3b5f14adeeac302157253dac648ba1bc", "addresses": {}, "links": [{"href": "http://10.0.2.15:8774/v2.1/c7c40d875ed44997949dd508f62ba6f3/servers/2a5493cf-c33a-4f8b-8d41-db9e793480a9", "rel": "self"}, {"href": "http://10.0.2.15:8774/c7c40d875ed44997949dd508f62ba6f3/servers/2a5493cf-c33a-4f8b-8d41-db9e793480a9", "rel": "bookmark"}], "key_name": "tempest-TestNetworkAdvancedServerOps-625988022", "image": {"id": "3de7cafa-4040-4daa-98ae-3ef4ca656f5d", "links": [{"href": "http://10.0.2.15:8774/c7c40d875ed44997949dd508f62ba6f3/images/3de7cafa-4040-4daa-98ae-3ef4ca656f5d", "rel": "bookmark"}]}, "OS-EXT-STS:task_state": "spawning", "OS-EXT-STS:vm_state": "building", "OS-SRV-USG:launched_at": null, "flavor": {"id": "42", "links": [{"href": "http://10.0.2.15:8774/c7c40d875ed44997949dd508f62ba6f3/flavors/42", "rel": "bookmark"}]}, "id": "2a5493cf-c33a-4f8b-8d41-db9e793480a9", "security_groups": [{"name": "tempest-secgroup-smoke-617704597"}], "OS-SRV-USG:terminated_at": null, "OS-EXT-AZ:availability_zone": "nova", "user_id": "03564e5199c448f58ade774ef5bf7a24", "name": "tempest.common.compute-instance-295859264", "created": "2015-12-24T09:35:31Z", "tenant_id": "c7c40d875ed44997949dd508f62ba6f3", "OS-DCF:diskConfig": "MANUAL", "os-extended-volumes:volumes_attached": [], "accessIPv4": "", "accessIPv6": "", "progress": 0, "OS-EXT-STS:power_state": 0, "config_drive": "", "metadata": {}}}
2015-12-24 09:35:33,436 21135 INFO     [tempest.common.waiters] State transition "BUILD/scheduling" ==&gt; "BUILD/spawning" after 2 second wait
2015-12-24 09:35:34,663 21135 INFO     [tempest_lib.common.rest_client] Request (TestNetworkAdvancedServerOps:test_server_connectivity_pause_unpause): 200 GET http://10.0.2.15:8774/v2.1/c7c40d875ed44997949dd508f62ba6f3/servers/2a5493cf-c33a-4f8b-8d41-db9e793480a9 0.225s
2015-12-24 09:35:34,663 21135 DEBUG    [tempest_lib.common.rest_client] Request - Headers: {'Content-Type': 'application/json', 'Accept': 'application/json', 'X-Auth-Token': '&lt;omitted&gt;'}
        Body: None
    Response - Headers: {'status': '200', 'content-length': '1488', 'content-location': 'http://10.0.2.15:8774/v2.1/c7c40d875ed44997949dd508f62ba6f3/servers/2a5493cf-c33a-4f8b-8d41-db9e793480a9', 'x-compute-request-id': 'req-2e26c976-5915-4f3e-9d95-c5c7ac1bf304', 'vary': 'X-OpenStack-Nova-API-Version', 'connection': 'close', 'x-openstack-nova-api-version': '2.1', 'date': 'Thu, 24 Dec 2015 09:35:34 GMT', 'content-type': 'application/json'}
        Body: {"server": {"status": "BUILD", "updated": "2015-12-24T09:35:32Z", "hostId": "a69ddc516a2835e56cb7e75f3b5f14adeeac302157253dac648ba1bc", "addresses": {}, "links": [{"href": "http://10.0.2.15:8774/v2.1/c7c40d875ed44997949dd508f62ba6f3/servers/2a5493cf-c33a-4f8b-8d41-db9e793480a9", "rel": "self"}, {"href": "http://10.0.2.15:8774/c7c40d875ed44997949dd508f62ba6f3/servers/2a5493cf-c33a-4f8b-8d41-db9e793480a9", "rel": "bookmark"}], "key_name": "tempest-TestNetworkAdvancedServerOps-625988022", "image": {"id": "3de7cafa-4040-4daa-98ae-3ef4ca656f5d", "links": [{"href": "http://10.0.2.15:8774/c7c40d875ed44997949dd508f62ba6f3/images/3de7cafa-4040-4daa-98ae-3ef4ca656f5d", "rel": "bookmark"}]}, "OS-EXT-STS:task_state": "spawning", "OS-EXT-STS:vm_state": "building", "OS-SRV-USG:launched_at": null, "flavor": {"id": "42", "links": [{"href": "http://10.0.2.15:8774/c7c40d875ed44997949dd508f62ba6f3/flavors/42", "rel": "bookmark"}]}, "id": "2a5493cf-c33a-4f8b-8d41-db9e793480a9", "security_groups": [{"name": "tempest-secgroup-smoke-617704597"}], "OS-SRV-USG:terminated_at": null, "OS-EXT-AZ:availability_zone": "nova", "user_id": "03564e5199c448f58ade774ef5bf7a24", "name": "tempest.common.compute-instance-295859264", "created": "2015-12-24T09:35:31Z", "tenant_id": "c7c40d875ed44997949dd508f62ba6f3", "OS-DCF:diskConfig": "MANUAL", "os-extended-volumes:volumes_attached": [], "accessIPv4": "", "accessIPv6": "", "progress": 0, "OS-EXT-STS:power_state": 0, "config_drive": "", "metadata": {}}}
2015-12-24 09:35:35,950 21135 INFO     [tempest_lib.common.rest_client] Request (TestNetworkAdvancedServerOps:test_server_connectivity_pause_unpause): 200 GET http://10.0.2.15:8774/v2.1/c7c40d875ed44997949dd508f62ba6f3/servers/2a5493cf-c33a-4f8b-8d41-db9e793480a9 0.271s
2015-12-24 09:35:35,950 21135 DEBUG    [tempest_lib.common.rest_client] Request - Headers: {'Content-Type': 'application/json', 'Accept': 'application/json', 'X-Auth-Token': '&lt;omitted&gt;'}
        Body: None
    Response - Headers: {'status': '200', 'content-length': '1659', 'content-location': 'http://10.0.2.15:8774/v2.1/c7c40d875ed44997949dd508f62ba6f3/servers/2a5493cf-c33a-4f8b-8d41-db9e793480a9', 'x-compute-request-id': 'req-8805a602-dbb8-467d-9102-27005e9b8600', 'vary': 'X-OpenStack-Nova-API-Version', 'connection': 'close', 'x-openstack-nova-api-version': '2.1', 'date': 'Thu, 24 Dec 2015 09:35:35 GMT', 'content-type': 'application/json'}
        Body: {"server": {"status": "ACTIVE", "updated": "2015-12-24T09:35:35Z", "hostId": "a69ddc516a2835e56cb7e75f3b5f14adeeac302157253dac648ba1bc", "addresses": {"tempest-network-smoke--223219456": [{"OS-EXT-IPS-MAC:mac_addr": "fa:16:3e:21:a9:57", "version": 4, "addr": "10.100.0.3", "OS-EXT-IPS:type": "fixed"}]}, "links": [{"href": "http://10.0.2.15:8774/v2.1/c7c40d875ed44997949dd508f62ba6f3/servers/2a5493cf-c33a-4f8b-8d41-db9e793480a9", "rel": "self"}, {"href": "http://10.0.2.15:8774/c7c40d875ed44997949dd508f62ba6f3/servers/2a5493cf-c33a-4f8b-8d41-db9e793480a9", "rel": "bookmark"}], "key_name": "tempest-TestNetworkAdvancedServerOps-625988022", "image": {"id": "3de7cafa-4040-4daa-98ae-3ef4ca656f5d", "links": [{"href": "http://10.0.2.15:8774/c7c40d875ed44997949dd508f62ba6f3/images/3de7cafa-4040-4daa-98ae-3ef4ca656f5d", "rel": "bookmark"}]}, "OS-EXT-STS:task_state": null, "OS-EXT-STS:vm_state": "active", "OS-SRV-USG:launched_at": "2015-12-24T09:35:35.000000", "flavor": {"id": "42", "links": [{"href": "http://10.0.2.15:8774/c7c40d875ed44997949dd508f62ba6f3/flavors/42", "rel": "bookmark"}]}, "id": "2a5493cf-c33a-4f8b-8d41-db9e793480a9", "security_groups": [{"name": "tempest-secgroup-smoke-617704597"}], "OS-SRV-USG:terminated_at": null, "OS-EXT-AZ:availability_zone": "nova", "user_id": "03564e5199c448f58ade774ef5bf7a24", "name": "tempest.common.compute-instance-295859264", "created": "2015-12-24T09:35:31Z", "tenant_id": "c7c40d875ed44997949dd508f62ba6f3", "OS-DCF:diskConfig": "MANUAL", "os-extended-volumes:volumes_attached": [], "accessIPv4": "", "accessIPv6": "", "progress": 0, "OS-EXT-STS:power_state": 1, "config_drive": "True", "metadata": {}}}
2015-12-24 09:35:35,960 21135 INFO     [tempest.common.waiters] State transition "BUILD/spawning" ==&gt; "ACTIVE/None" after 4 second wait
2015-12-24 09:35:36,181 21135 INFO     [tempest_lib.common.rest_client] Request (TestNetworkAdvancedServerOps:test_server_connectivity_pause_unpause): 200 GET http://10.0.2.15:8774/v2.1/c7c40d875ed44997949dd508f62ba6f3/servers/2a5493cf-c33a-4f8b-8d41-db9e793480a9 0.221s
2015-12-24 09:35:36,182 21135 DEBUG    [tempest_lib.common.rest_client] Request - Headers: {'Content-Type': 'application/json', 'Accept': 'application/json', 'X-Auth-Token': '&lt;omitted&gt;'}
        Body: None
    Response - Headers: {'status': '200', 'content-length': '1659', 'content-location': 'http://10.0.2.15:8774/v2.1/c7c40d875ed44997949dd508f62ba6f3/servers/2a5493cf-c33a-4f8b-8d41-db9e793480a9', 'x-compute-request-id': 'req-13ff178d-f9d7-4f98-b7a6-32d1b0fe7b35', 'vary': 'X-OpenStack-Nova-API-Version', 'connection': 'close', 'x-openstack-nova-api-version': '2.1', 'date': 'Thu, 24 Dec 2015 09:35:36 GMT', 'content-type': 'application/json'}
        Body: {"server": {"status": "ACTIVE", "updated": "2015-12-24T09:35:35Z", "hostId": "a69ddc516a2835e56cb7e75f3b5f14adeeac302157253dac648ba1bc", "addresses": {"tempest-network-smoke--223219456": [{"OS-EXT-IPS-MAC:mac_addr": "fa:16:3e:21:a9:57", "version": 4, "addr": "10.100.0.3", "OS-EXT-IPS:type": "fixed"}]}, "links": [{"href": "http://10.0.2.15:8774/v2.1/c7c40d875ed44997949dd508f62ba6f3/servers/2a5493cf-c33a-4f8b-8d41-db9e793480a9", "rel": "self"}, {"href": "http://10.0.2.15:8774/c7c40d875ed44997949dd508f62ba6f3/servers/2a5493cf-c33a-4f8b-8d41-db9e793480a9", "rel": "bookmark"}], "key_name": "tempest-TestNetworkAdvancedServerOps-625988022", "image": {"id": "3de7cafa-4040-4daa-98ae-3ef4ca656f5d", "links": [{"href": "http://10.0.2.15:8774/c7c40d875ed44997949dd508f62ba6f3/images/3de7cafa-4040-4daa-98ae-3ef4ca656f5d", "rel": "bookmark"}]}, "OS-EXT-STS:task_state": null, "OS-EXT-STS:vm_state": "active", "OS-SRV-USG:launched_at": "2015-12-24T09:35:35.000000", "flavor": {"id": "42", "links": [{"href": "http://10.0.2.15:8774/c7c40d875ed44997949dd508f62ba6f3/flavors/42", "rel": "bookmark"}]}, "id": "2a5493cf-c33a-4f8b-8d41-db9e793480a9", "security_groups": [{"name": "tempest-secgroup-smoke-617704597"}], "OS-SRV-USG:terminated_at": null, "OS-EXT-AZ:availability_zone": "nova", "user_id": "03564e5199c448f58ade774ef5bf7a24", "name": "tempest.common.compute-instance-295859264", "created": "2015-12-24T09:35:31Z", "tenant_id": "c7c40d875ed44997949dd508f62ba6f3", "OS-DCF:diskConfig": "MANUAL", "os-extended-volumes:volumes_attached": [], "accessIPv4": "", "accessIPv6": "", "progress": 0, "OS-EXT-STS:power_state": 1, "config_drive": "True", "metadata": {}}}
2015-12-24 09:35:36,346 21135 INFO     [tempest_lib.common.rest_client] Request (TestNetworkAdvancedServerOps:test_server_connectivity_pause_unpause): 200 GET http://10.0.2.15:9696/v2.0/ports?status=ACTIVE&amp;fixed_ip=None&amp;device_id=2a5493cf-c33a-4f8b-8d41-db9e793480a9 0.153s
2015-12-24 09:35:36,346 21135 DEBUG    [tempest_lib.common.rest_client] Request - Headers: {'Content-Type': 'application/json', 'Accept': 'application/json', 'X-Auth-Token': '&lt;omitted&gt;'}
        Body: None
    Response - Headers: {'status': '200', 'content-length': '895', 'content-location': 'http://10.0.2.15:9696/v2.0/ports?status=ACTIVE&amp;fixed_ip=None&amp;device_id=2a5493cf-c33a-4f8b-8d41-db9e793480a9', 'connection': 'close', 'date': 'Thu, 24 Dec 2015 09:35:36 GMT', 'content-type': 'application/json; charset=UTF-8', 'x-openstack-request-id': 'req-0f33682d-5bb1-46fa-bc09-5e17e7d2f5eb'}
        Body: {"ports": [{"status": "ACTIVE", "binding:host_id": "vagrant-ubuntu-trusty-64", "allowed_address_pairs": [], "extra_dhcp_opts": [], "dns_assignment": [{"hostname": "host-10-100-0-3", "ip_address": "10.100.0.3", "fqdn": "host-10-100-0-3.openstacklocal."}], "device_owner": "compute:None", "port_security_enabled": true, "binding:profile": {}, "fixed_ips": [{"subnet_id": "e401d1d6-9ea1-48d2-93f9-30c2e20189dc", "ip_address": "10.100.0.3"}], "id": "80987d94-1718-4e61-8247-30b1b3eb23ad", "security_groups": ["387a9a47-9877-4d23-b00d-46f47612cf16"], "device_id": "2a5493cf-c33a-4f8b-8d41-db9e793480a9", "name": "", "admin_state_up": true, "network_id": "220cc6bb-acd8-43c2-b2e9-c226f27b6407", "dns_name": "", "binding:vif_details": {"port_filter": true}, "binding:vnic_type": "normal", "binding:vif_type": "ovs", "tenant_id": "c7c40d875ed44997949dd508f62ba6f3", "mac_address": "fa:16:3e:21:a9:57"}]}
2015-12-24 09:35:36,958 21135 INFO     [tempest_lib.common.rest_client] Request (TestNetworkAdvancedServerOps:test_server_connectivity_pause_unpause): 201 POST http://10.0.2.15:9696/v2.0/floatingips 0.611s
2015-12-24 09:35:36,958 21135 DEBUG    [tempest_lib.common.rest_client] Request - Headers: {'Content-Type': 'application/json', 'Accept': 'application/json', 'X-Auth-Token': '&lt;omitted&gt;'}
        Body: {"floatingip": {"floating_network_id": "d2b97686-593b-430a-bd24-fe5b7eb09c1a", "tenant_id": "c7c40d875ed44997949dd508f62ba6f3", "fixed_ip_address": "10.100.0.3", "port_id": "80987d94-1718-4e61-8247-30b1b3eb23ad"}}
    Response - Headers: {'status': '201', 'content-length': '367', 'connection': 'close', 'date': 'Thu, 24 Dec 2015 09:35:36 GMT', 'content-type': 'application/json; charset=UTF-8', 'x-openstack-request-id': 'req-2ffebd76-aabd-4fa7-b950-1b54529ea074'}
        Body: {"floatingip": {"floating_network_id": "d2b97686-593b-430a-bd24-fe5b7eb09c1a", "router_id": "62da0f1f-b82b-4716-9d88-7f93632e5b49", "fixed_ip_address": "10.100.0.3", "floating_ip_address": "172.24.4.4", "tenant_id": "c7c40d875ed44997949dd508f62ba6f3", "status": "DOWN", "port_id": "80987d94-1718-4e61-8247-30b1b3eb23ad", "id": "4c507dad-b9fc-4dfa-9200-cb2cdac87c55"}}
2015-12-24 09:35:37,162 21135 INFO     [tempest_lib.common.rest_client] Request (TestNetworkAdvancedServerOps:test_server_connectivity_pause_unpause): 200 GET http://10.0.2.15:8774/v2.1/c7c40d875ed44997949dd508f62ba6f3/servers/2a5493cf-c33a-4f8b-8d41-db9e793480a9 0.203s
2015-12-24 09:35:37,163 21135 DEBUG    [tempest_lib.common.rest_client] Request - Headers: {'Content-Type': 'application/json', 'Accept': 'application/json', 'X-Auth-Token': '&lt;omitted&gt;'}
        Body: None
    Response - Headers: {'status': '200', 'content-length': '1659', 'content-location': 'http://10.0.2.15:8774/v2.1/c7c40d875ed44997949dd508f62ba6f3/servers/2a5493cf-c33a-4f8b-8d41-db9e793480a9', 'x-compute-request-id': 'req-42987622-210a-40f9-8110-7e27550c8708', 'vary': 'X-OpenStack-Nova-API-Version', 'connection': 'close', 'x-openstack-nova-api-version': '2.1', 'date': 'Thu, 24 Dec 2015 09:35:37 GMT', 'content-type': 'application/json'}
        Body: {"server": {"status": "ACTIVE", "updated": "2015-12-24T09:35:35Z", "hostId": "a69ddc516a2835e56cb7e75f3b5f14adeeac302157253dac648ba1bc", "addresses": {"tempest-network-smoke--223219456": [{"OS-EXT-IPS-MAC:mac_addr": "fa:16:3e:21:a9:57", "version": 4, "addr": "10.100.0.3", "OS-EXT-IPS:type": "fixed"}]}, "links": [{"href": "http://10.0.2.15:8774/v2.1/c7c40d875ed44997949dd508f62ba6f3/servers/2a5493cf-c33a-4f8b-8d41-db9e793480a9", "rel": "self"}, {"href": "http://10.0.2.15:8774/c7c40d875ed44997949dd508f62ba6f3/servers/2a5493cf-c33a-4f8b-8d41-db9e793480a9", "rel": "bookmark"}], "key_name": "tempest-TestNetworkAdvancedServerOps-625988022", "image": {"id": "3de7cafa-4040-4daa-98ae-3ef4ca656f5d", "links": [{"href": "http://10.0.2.15:8774/c7c40d875ed44997949dd508f62ba6f3/images/3de7cafa-4040-4daa-98ae-3ef4ca656f5d", "rel": "bookmark"}]}, "OS-EXT-STS:task_state": null, "OS-EXT-STS:vm_state": "active", "OS-SRV-USG:launched_at": "2015-12-24T09:35:35.000000", "flavor": {"id": "42", "links": [{"href": "http://10.0.2.15:8774/c7c40d875ed44997949dd508f62ba6f3/flavors/42", "rel": "bookmark"}]}, "id": "2a5493cf-c33a-4f8b-8d41-db9e793480a9", "security_groups": [{"name": "tempest-secgroup-smoke-617704597"}], "OS-SRV-USG:terminated_at": null, "OS-EXT-AZ:availability_zone": "nova", "user_id": "03564e5199c448f58ade774ef5bf7a24", "name": "tempest.common.compute-instance-295859264", "created": "2015-12-24T09:35:31Z", "tenant_id": "c7c40d875ed44997949dd508f62ba6f3", "OS-DCF:diskConfig": "MANUAL", "os-extended-volumes:volumes_attached": [], "accessIPv4": "", "accessIPv6": "", "progress": 0, "OS-EXT-STS:power_state": 1, "config_drive": "True", "metadata": {}}}
2015-12-24 09:35:37,171 21135 INFO     [tempest.scenario.manager] Tenant networks not configured to be reachable.
2015-12-24 09:35:37,184 21135 INFO     [tempest_lib.common.rest_client] Request (TestNetworkAdvancedServerOps:test_server_connectivity_pause_unpause): 200 GET http://10.0.2.15:9696/v2.0/floatingips/4c507dad-b9fc-4dfa-9200-cb2cdac87c55 0.013s
2015-12-24 09:35:37,185 21135 DEBUG    [tempest_lib.common.rest_client] Request - Headers: {'Content-Type': 'application/json', 'Accept': 'application/json', 'X-Auth-Token': '&lt;omitted&gt;'}
        Body: None
    Response - Headers: {'status': '200', 'content-length': '367', 'content-location': 'http://10.0.2.15:9696/v2.0/floatingips/4c507dad-b9fc-4dfa-9200-cb2cdac87c55', 'connection': 'close', 'date': 'Thu, 24 Dec 2015 09:35:37 GMT', 'content-type': 'application/json; charset=UTF-8', 'x-openstack-request-id': 'req-d103e756-2b62-42c0-a138-383f0b250ad8'}
        Body: {"floatingip": {"floating_network_id": "d2b97686-593b-430a-bd24-fe5b7eb09c1a", "router_id": "62da0f1f-b82b-4716-9d88-7f93632e5b49", "fixed_ip_address": "10.100.0.3", "floating_ip_address": "172.24.4.4", "tenant_id": "c7c40d875ed44997949dd508f62ba6f3", "status": "DOWN", "port_id": "80987d94-1718-4e61-8247-30b1b3eb23ad", "id": "4c507dad-b9fc-4dfa-9200-cb2cdac87c55"}}
2015-12-24 09:35:38,200 21135 INFO     [tempest_lib.common.rest_client] Request (TestNetworkAdvancedServerOps:test_server_connectivity_pause_unpause): 200 GET http://10.0.2.15:9696/v2.0/floatingips/4c507dad-b9fc-4dfa-9200-cb2cdac87c55 0.014s
2015-12-24 09:35:38,201 21135 DEBUG    [tempest_lib.common.rest_client] Request - Headers: {'Content-Type': 'application/json', 'Accept': 'application/json', 'X-Auth-Token': '&lt;omitted&gt;'}
        Body: None
    Response - Headers: {'status': '200', 'content-length': '369', 'content-location': 'http://10.0.2.15:9696/v2.0/floatingips/4c507dad-b9fc-4dfa-9200-cb2cdac87c55', 'connection': 'close', 'date': 'Thu, 24 Dec 2015 09:35:38 GMT', 'content-type': 'application/json; charset=UTF-8', 'x-openstack-request-id': 'req-574ff7b9-5e9d-4e70-99b8-fa13e3a4efd3'}
        Body: {"floatingip": {"floating_network_id": "d2b97686-593b-430a-bd24-fe5b7eb09c1a", "router_id": "62da0f1f-b82b-4716-9d88-7f93632e5b49", "fixed_ip_address": "10.100.0.3", "floating_ip_address": "172.24.4.4", "tenant_id": "c7c40d875ed44997949dd508f62ba6f3", "status": "ACTIVE", "port_id": "80987d94-1718-4e61-8247-30b1b3eb23ad", "id": "4c507dad-b9fc-4dfa-9200-cb2cdac87c55"}}
2015-12-24 09:35:38,201 21135 INFO     [tempest.scenario.manager] FloatingIP: &lt;"FloatingIP" addr="172.24.4.4" id="4c507dad-b9fc-4dfa-9200-cb2cdac87c55"&gt; is at status: ACTIVE
2015-12-24 09:35:38,201 21135 DEBUG    [tempest.scenario.manager] checking network connections to IP 172.24.4.4 with user: cirros
2015-12-24 09:35:38,202 21135 DEBUG    [tempest.scenario.manager] TestNetworkAdvancedServerOps:test_server_connectivity_pause_unpause begins to ping 172.24.4.4 in 120 sec and the expected result is reachable
2015-12-24 09:37:38,500 21135 DEBUG    [tempest.scenario.manager] TestNetworkAdvancedServerOps:test_server_connectivity_pause_unpause finishes ping 172.24.4.4 in 120 sec and the ping result is unexpected
2015-12-24 09:37:38,501 21135 ERROR    [tempest.scenario.manager] Public network connectivity check failed
2015-12-24 09:37:38.501 21135 ERROR tempest.scenario.manager Traceback (most recent call last):
2015-12-24 09:37:38.501 21135 ERROR tempest.scenario.manager   File "tempest/scenario/manager.py", line 609, in check_public_network_connectivity
2015-12-24 09:37:38.501 21135 ERROR tempest.scenario.manager     should_connect=should_connect)
2015-12-24 09:37:38.501 21135 ERROR tempest.scenario.manager   File "tempest/scenario/manager.py", line 593, in check_vm_connectivity
2015-12-24 09:37:38.501 21135 ERROR tempest.scenario.manager     msg=msg)
2015-12-24 09:37:38.501 21135 ERROR tempest.scenario.manager   File "/usr/local/lib/python2.7/dist-packages/unittest2/case.py", line 702, in assertTrue
2015-12-24 09:37:38.501 21135 ERROR tempest.scenario.manager     raise self.failureException(msg)
2015-12-24 09:37:38.501 21135 ERROR tempest.scenario.manager AssertionError: False is not true : Timed out waiting for 172.24.4.4 to become reachable
2015-12-24 09:37:38.501 21135 ERROR tempest.scenario.manager 
2015-12-24 09:37:38,711 21135 INFO     [tempest_lib.common.rest_client] Request (TestNetworkAdvancedServerOps:test_server_connectivity_pause_unpause): 200 POST http://10.0.2.15:8774/v2.1/c7c40d875ed44997949dd508f62ba6f3/servers/2a5493cf-c33a-4f8b-8d41-db9e793480a9/action 0.207s
2015-12-24 09:37:38,712 21135 DEBUG    [tempest_lib.common.rest_client] Request - Headers: {'Content-Type': 'application/json', 'Accept': 'application/json', 'X-Auth-Token': '&lt;omitted&gt;'}
        Body: {"os-getConsoleOutput": {}}
    Response - Headers: {'status': '200', 'content-length': '17429', 'x-compute-request-id': 'req-af859886-90f4-4077-9a1a-90d3a988ce2f', 'vary': 'X-OpenStack-Nova-API-Version', 'connection': 'close', 'x-openstack-nova-api-version': '2.1', 'date': 'Thu, 24 Dec 2015 09:37:38 GMT', 'content-type': 'application/json'}
        Body: {"output": "[    0.000000] Initializing cgroup subsys cpuset\n[    0.000000] Initializing cgroup subsys cpu\n[    0.000000] Linux version 3.2.0-80-virtual (buildd@batsu) (gcc version 4.6.3 (Ubuntu/Linaro 4.6.3-1ubuntu5) ) #116-Ubuntu SMP Mon Mar 23 17:28:52 UTC 2015 (Ubuntu 3.2.0-80.116-virtual 3.2.68)\n[    0.000000] Command line: root=/dev/vda console=tty0 console=ttyS0 no_timer_check\n[    0.000000] KERNEL supported cpus:\n[    0.000000]   Intel GenuineIntel\n[    0.000000]   AMD AuthenticAMD\n[    0.000000]   Centaur CentaurHauls\n[    0.000000] BIOS-provided physical RAM map:\n[    0.000000]  BIOS-e820: 0000000000000000 - 000000000009fc00 (usable)\n[    0.000000]  BIOS-e820: 000000000009fc00 - 00000000000a0000 (reserved)\n[    0.000000]  BIOS-e820: 00000000000f0000 - 0000000000100000 (reserved)\n[    0.000000]  BIOS-e820: 0000000000100000 - 0000000003ffe000 (usable)\n[    0.000000]  BIOS-e820: 0000000003ffe000 - 0000000004000000 (reserved)\n[    0.000000]  BIOS-e820: 00000000fffc0000 - 0000000100000000 (reserved)\n[    0.000000] NX (Execute Disable) protection: active\n[    0.000000] SMBIOS 2.4 present.\n[    0.000000] No AGP bridge found\n[    0.000000] last_pfn = 0x3ffe max_arch_pfn = 0x400000000\n[    0.000000] x86 PAT enabled: cpu 0, old 0x7040600070406, new 0x7010600070106\n[    0.000000] found SMP MP-table at [ffff8800000f0b00] f0b00\n[    0.000000] init_memory_mapping: 0000000000000000-0000000003ffe000\n[    0.000000] RAMDISK: 03c5e000 - 03ff0000\n[    0.000000] ACPI: RSDP 00000000000f0950 00014 (v00 BOCHS )\n[    0.000000] ACPI: RSDT 0000000003fffbc1 00034 (v01 BOCHS  BXPCRSDT 00000001 BXPC 00000001)\n[    0.000000] ACPI: FACP 0000000003fff1c0 00074 (v01 BOCHS  BXPCFACP 00000001 BXPC 00000001)\n[    0.000000] ACPI: DSDT 0000000003ffe040 01180 (v01 BOCHS  BXPCDSDT 00000001 BXPC 00000001)\n[    0.000000] ACPI: FACS 0000000003ffe000 00040\n[    0.000000] ACPI: SSDT 0000000003fff234 008DD (v01 BOCHS  BXPCSSDT 00000001 BXPC 00000001)\n[    0.000000] ACPI: APIC 0000000003fffb11 00078 (v01 BOCHS  BXPCAPIC 00000001 BXPC 00000001)\n[    0.000000] ACPI: HPET 0000000003fffb89 00038 (v01 BOCHS  BXPCHPET 00000001 BXPC 00000001)\n[    0.000000] No NUMA configuration found\n[    0.000000] Faking a node at 0000000000000000-0000000003ffe000\n[    0.000000] Initmem setup node 0 0000000000000000-0000000003ffe000\n[    0.000000]   NODE_DATA [0000000003ff6000 - 0000000003ffafff]\n[    0.000000] Zone PFN ranges:\n[    0.000000]   DMA      0x00000010 -&gt; 0x00001000\n[    0.000000]   DMA32    0x00001000 -&gt; 0x00100000\n[    0.000000]   Normal   empty\n[    0.000000] Movable zone start PFN for each node\n[    0.000000] early_node_map[2] active PFN ranges\n[    0.000000]     0: 0x00000010 -&gt; 0x0000009f\n[    0.000000]     0: 0x00000100 -&gt; 0x00003ffe\n[    0.000000] ACPI: PM-Timer IO Port: 0xb008\n[    0.000000] ACPI: LAPIC (acpi_id[0x00] lapic_id[0x00] enabled)\n[    0.000000] ACPI: LAPIC_NMI (acpi_id[0xff] dfl dfl lint[0x1])\n[    0.000000] ACPI: IOAPIC (id[0x00] address[0xfec00000] gsi_base[0])\n[    0.000000] IOAPIC[0]: apic_id 0, version 17, address 0xfec00000, GSI 0-23\n[    0.000000] ACPI: INT_SRC_OVR (bus 0 bus_irq 0 global_irq 2 dfl dfl)\n[    0.000000] ACPI: INT_SRC_OVR (bus 0 bus_irq 5 global_irq 5 high level)\n[    0.000000] ACPI: INT_SRC_OVR (bus 0 bus_irq 9 global_irq 9 high level)\n[    0.000000] ACPI: INT_SRC_OVR (bus 0 bus_irq 10 global_irq 10 high level)\n[    0.000000] ACPI: INT_SRC_OVR (bus 0 bus_irq 11 global_irq 11 high level)\n[    0.000000] Using ACPI (MADT) for SMP configuration information\n[    0.000000] ACPI: HPET id: 0x8086a201 base: 0xfed00000\n[    0.000000] SMP: Allowing 1 CPUs, 0 hotplug CPUs\n[    0.000000] PM: Registered nosave memory: 000000000009f000 - 00000000000a0000\n[    0.000000] PM: Registered nosave memory: 00000000000a0000 - 00000000000f0000\n[    0.000000] PM: Registered nosave memory: 00000000000f0000 - 0000000000100000\n[    0.000000] Allocating PCI resources starting at 4000000 (gap: 4000000:fbfc0000)\n[    0.000000] Booting paravirtualized kernel on bare hardware\n[    0.000000] setup_pe
2015-12-24 09:37:38,715 21135 DEBUG    [tempest.scenario.manager] Console output for 2a5493cf-c33a-4f8b-8d41-db9e793480a9
body=
[    0.000000] Initializing cgroup subsys cpuset
[    0.000000] Initializing cgroup subsys cpu
[    0.000000] Linux version 3.2.0-80-virtual (buildd@batsu) (gcc version 4.6.3 (Ubuntu/Linaro 4.6.3-1ubuntu5) ) #116-Ubuntu SMP Mon Mar 23 17:28:52 UTC 2015 (Ubuntu 3.2.0-80.116-virtual 3.2.68)
[    0.000000] Command line: root=/dev/vda console=tty0 console=ttyS0 no_timer_check
[    0.000000] KERNEL supported cpus:
[    0.000000]   Intel GenuineIntel
[    0.000000]   AMD AuthenticAMD
[    0.000000]   Centaur CentaurHauls
[    0.000000] BIOS-provided physical RAM map:
[    0.000000]  BIOS-e820: 0000000000000000 - 000000000009fc00 (usable)
[    0.000000]  BIOS-e820: 000000000009fc00 - 00000000000a0000 (reserved)
[    0.000000]  BIOS-e820: 00000000000f0000 - 0000000000100000 (reserved)
[    0.000000]  BIOS-e820: 0000000000100000 - 0000000003ffe000 (usable)
[    0.000000]  BIOS-e820: 0000000003ffe000 - 0000000004000000 (reserved)
[    0.000000]  BIOS-e820: 00000000fffc0000 - 0000000100000000 (reserved)
[    0.000000] NX (Execute Disable) protection: active
[    0.000000] SMBIOS 2.4 present.
[    0.000000] No AGP bridge found
[    0.000000] last_pfn = 0x3ffe max_arch_pfn = 0x400000000
[    0.000000] x86 PAT enabled: cpu 0, old 0x7040600070406, new 0x7010600070106
[    0.000000] found SMP MP-table at [ffff8800000f0b00] f0b00
[    0.000000] init_memory_mapping: 0000000000000000-0000000003ffe000
[    0.000000] RAMDISK: 03c5e000 - 03ff0000
[    0.000000] ACPI: RSDP 00000000000f0950 00014 (v00 BOCHS )
[    0.000000] ACPI: RSDT 0000000003fffbc1 00034 (v01 BOCHS  BXPCRSDT 00000001 BXPC 00000001)
[    0.000000] ACPI: FACP 0000000003fff1c0 00074 (v01 BOCHS  BXPCFACP 00000001 BXPC 00000001)
[    0.000000] ACPI: DSDT 0000000003ffe040 01180 (v01 BOCHS  BXPCDSDT 00000001 BXPC 00000001)
[    0.000000] ACPI: FACS 0000000003ffe000 00040
[    0.000000] ACPI: SSDT 0000000003fff234 008DD (v01 BOCHS  BXPCSSDT 00000001 BXPC 00000001)
[    0.000000] ACPI: APIC 0000000003fffb11 00078 (v01 BOCHS  BXPCAPIC 00000001 BXPC 00000001)
[    0.000000] ACPI: HPET 0000000003fffb89 00038 (v01 BOCHS  BXPCHPET 00000001 BXPC 00000001)
[    0.000000] No NUMA configuration found
[    0.000000] Faking a node at 0000000000000000-0000000003ffe000
[    0.000000] Initmem setup node 0 0000000000000000-0000000003ffe000
[    0.000000]   NODE_DATA [0000000003ff6000 - 0000000003ffafff]
[    0.000000] Zone PFN ranges:
[    0.000000]   DMA      0x00000010 -&gt; 0x00001000
[    0.000000]   DMA32    0x00001000 -&gt; 0x00100000
[    0.000000]   Normal   empty
[    0.000000] Movable zone start PFN for each node
[    0.000000] early_node_map[2] active PFN ranges
[    0.000000]     0: 0x00000010 -&gt; 0x0000009f
[    0.000000]     0: 0x00000100 -&gt; 0x00003ffe
[    0.000000] ACPI: PM-Timer IO Port: 0xb008
[    0.000000] ACPI: LAPIC (acpi_id[0x00] lapic_id[0x00] enabled)
[    0.000000] ACPI: LAPIC_NMI (acpi_id[0xff] dfl dfl lint[0x1])
[    0.000000] ACPI: IOAPIC (id[0x00] address[0xfec00000] gsi_base[0])
[    0.000000] IOAPIC[0]: apic_id 0, version 17, address 0xfec00000, GSI 0-23
[    0.000000] ACPI: INT_SRC_OVR (bus 0 bus_irq 0 global_irq 2 dfl dfl)
[    0.000000] ACPI: INT_SRC_OVR (bus 0 bus_irq 5 global_irq 5 high level)
[    0.000000] ACPI: INT_SRC_OVR (bus 0 bus_irq 9 global_irq 9 high level)
[    0.000000] ACPI: INT_SRC_OVR (bus 0 bus_irq 10 global_irq 10 high level)
[    0.000000] ACPI: INT_SRC_OVR (bus 0 bus_irq 11 global_irq 11 high level)
[    0.000000] Using ACPI (MADT) for SMP configuration information
[    0.000000] ACPI: HPET id: 0x8086a201 base: 0xfed00000
[    0.000000] SMP: Allowing 1 CPUs, 0 hotplug CPUs
[    0.000000] PM: Registered nosave memory: 000000000009f000 - 00000000000a0000
[    0.000000] PM: Registered nosave memory: 00000000000a0000 - 00000000000f0000
[    0.000000] PM: Registered nosave memory: 00000000000f0000 - 0000000000100000
[    0.000000] Allocating PCI resources starting at 4000000 (gap: 4000000:fbfc0000)
[    0.000000] Booting paravirtualized kernel on bare hardware
[    0.000000] setup_percpu: NR_CPUS:64 nr_cpumask_bits:64 nr_cpu_ids:1 nr_node_ids:1
[    0.000000] PERCPU: Embedded 27 pages/cpu @ffff880003a00000 s78848 r8192 d23552 u2097152
[    0.000000] Built 1 zonelists in Node order, mobility grouping on.  Total pages: 16008
[    0.000000] Policy zone: DMA32
[    0.000000] Kernel command line: root=/dev/vda console=tty0 console=ttyS0 no_timer_check
[    0.000000] PID hash table entries: 256 (order: -1, 2048 bytes)
[    0.000000] Checking aperture...
[    0.000000] No AGP bridge found
[    0.000000] Memory: 43492k/65528k available (6576k kernel code, 452k absent, 21584k reserved, 6620k data, 928k init)
[    0.000000] SLUB: Genslabs=15, HWalign=64, Order=0-3, MinObjects=0, CPUs=1, Nodes=1
[    0.000000] Hierarchical RCU implementation.
[    0.000000] 	RCU dyntick-idle grace-period acceleration is enabled.
[    0.000000] NR_IRQS:4352 nr_irqs:256 16
[    0.000000] Console: colour VGA+ 80x25
[    0.000000] console [tty0] enabled
[    0.000000] console [ttyS0] enabled
[    0.000000] allocated 1048576 bytes of page_cgroup
[    0.000000] please try 'cgroup_disable=memory' option if you don't want memory cgroups
[    0.000000] Fast TSC calibration failed
[    0.000000] TSC: Unable to calibrate against PIT
[    0.000000] TSC: using HPET reference calibration
[    0.000000] Detected 2292.795 MHz processor.
[    0.032784] Calibrating delay loop (skipped), value calculated using timer frequency.. 4585.59 BogoMIPS (lpj=9171180)
[    0.036333] pid_max: default: 32768 minimum: 301
[    0.046124] Security Framework initialized
[    0.050497] AppArmor: AppArmor initialized
[    0.051128] Yama: becoming mindful.
[    0.060395] Dentry cache hash table entries: 8192 (order: 4, 65536 bytes)
[    0.062434] Inode-cache hash table entries: 4096 (order: 3, 32768 bytes)
[    0.064801] Mount-cache hash table entries: 256
[    0.081758] Initializing cgroup subsys cpuacct
[    0.082695] Initializing cgroup subsys memory
[    0.084801] Initializing cgroup subsys devices
[    0.085682] Initializing cgroup subsys freezer
[    0.086490] Initializing cgroup subsys blkio
[    0.088199] Initializing cgroup subsys perf_event
[    0.093234] mce: CPU supports 10 MCE banks
[    0.097281] SMP alternatives: switching to UP code
[    0.465801] Freeing SMP alternatives: 24k freed
[    0.468629] ACPI: Core revision 20110623
[    0.523280] ftrace: allocating 26610 entries in 105 pages
[    0.555107] ..TIMER: vector=0x30 apic1=0 pin1=2 apic2=-1 pin2=-1
[    0.556159] CPU0: AMD QEMU Virtual CPU version 2.0.0 stepping 03
[    0.560034] Performance Events: Broken PMU hardware detected, using software events only.
[    0.572408] NMI watchdog disabled (cpu0): hardware events not enabled
[    0.574032] Brought up 1 CPUs
[    0.574638] Total of 1 processors activated (4585.59 BogoMIPS).
[    0.597909] devtmpfs: initialized
[    0.626523] EVM: security.selinux
[    0.627153] EVM: security.SMACK64
[    0.627572] EVM: security.capability
[    0.648364] print_constraints: dummy: 
[    0.650074] RTC time:  9:35:38, date: 12/24/15
[    0.652731] NET: Registered protocol family 16
[    0.661578] ACPI: bus type pci registered
[    0.665284] PCI: Using configuration type 1 for base access
[    0.694711] bio: create slab &lt;bio-0&gt; at 0
[    0.698866] ACPI: Added _OSI(Module Device)
[    0.700070] ACPI: Added _OSI(Processor Device)
[    0.700641] ACPI: Added _OSI(3.0 _SCP Extensions)
[    0.701202] ACPI: Added _OSI(Processor Aggregator Device)
[    0.777421] ACPI: Interpreter enabled
[    0.778047] ACPI: (supports S0 S3 S4 S5)
[    0.779930] ACPI: Using IOAPIC for interrupt routing
[    0.856262] ACPI: No dock devices found.
[    0.857080] HEST: Table not found.
[    0.857681] PCI: Using host bridge windows from ACPI; if necessary, use "pci=nocrs" and report a bug
[    0.862305] ACPI: PCI Root Bridge [PCI0] (domain 0000 [bus 00-ff])
[    0.869718] pci_root PNP0A03:00: host bridge window [io  0x0000-0x0cf7]
[    0.870587] pci_root PNP0A03:00: host bridge window [io  0x0d00-0xadff]
[    0.871358] pci_root PNP0A03:00: host bridge window [io  0xae0f-0xaeff]
[    0.872107] pci_root PNP0A03:00: host bridge window [io  0xaf20-0xafdf]
[    0.872965] pci_root PNP0A03:00: host bridge window [io  0xafe4-0xffff]
[    0.873872] pci_root PNP0A03:00: host bridge window [mem 0x000a0000-0x000bffff]
[    0.876104] pci_root PNP0A03:00: host bridge window [mem 0x04000000-0xfebfffff]
[    0.901622] pci 0000:00:01.3: quirk: [io  0xb000-0xb03f] claimed by PIIX4 ACPI
[    0.902775] pci 0000:00:01.3: quirk: [io  0xb100-0xb10f] claimed by PIIX4 SMB
[    0.968830]  pci0000:00: Unable to request _OSC control (_OSC support mask: 0x1e)
[    1.024652] ACPI: PCI Interrupt Link [LNKA] (IRQs 5 *10 11)
[    1.030153] ACPI: PCI Interrupt Link [LNKB] (IRQs 5 *10 11)
[    1.032589] ACPI: PCI Interrupt Link [LNKC] (IRQs 5 10 *11)
[    1.038006] ACPI: PCI Interrupt Link [LNKD] (IRQs 5 10 *11)
[    1.041066] ACPI: PCI Interrupt Link [LNKS] (IRQs *9)
[    1.047698] vgaarb: device added: PCI:0000:00:02.0,decodes=io+mem,owns=io+mem,locks=none
[    1.048084] vgaarb: loaded
[    1.048499] vgaarb: bridge control possible 0000:00:02.0
[    1.053916] i2c-core: driver [aat2870] using legacy suspend method
[    1.054608] i2c-core: driver [aat2870] using legacy resume method
[    1.057601] SCSI subsystem initialized
[    1.061273] usbcore: registered new interface driver usbfs
[    1.062447] usbcore: registered new interface driver hub
[    1.064327] usbcore: registered new device driver usb
[    1.067496] PCI: Using ACPI for IRQ routing
[    1.078245] NetLabel: Initializing
[    1.079012] NetLabel:  domain hash size = 128
[    1.080136] NetLabel:  protocols = UNLABELED CIPSOv4
[    1.082113] NetLabel:  unlabeled traffic allowed by default
[    1.085155] HPET: 3 timers in total, 0 timers will be used for per-cpu timer
[    1.086345] hpet0: at MMIO 0xfed00000, IRQs 2, 8, 0
[    1.088178] hpet0: 3 comparators, 64-bit 100.000000 MHz counter
[    1.101934] Switching to clocksource hpet
[    1.362299] AppArmor: AppArmor Filesystem Enabled
[    1.363353] pnp: PnP ACPI init
[    1.363982] ACPI: bus type pnp registered
[    1.386344] pnp: PnP ACPI: found 9 devices
[    1.387277] ACPI: ACPI bus type pnp unregistered
[    1.445665] NET: Registered protocol family 2
[    1.479537] IP route cache hash table entries: 512 (order: 0, 4096 bytes)
[    1.487897] TCP established hash table entries: 2048 (order: 3, 32768 bytes)
[    1.489977] TCP bind hash table entries: 2048 (order: 3, 32768 bytes)
[    1.490864] TCP: Hash tables configured (established 2048 bind 2048)
[    1.491719] TCP reno registered
[    1.493489] UDP hash table entries: 128 (order: 0, 4096 bytes)
[    1.494327] UDP-Lite hash table entries: 128 (order: 0, 4096 bytes)
[    1.497227] NET: Registered protocol family 1
[    1.498684] pci 0000:00:00.0: Limiting direct PCI/PCI transfers
[    1.499506] pci 0000:00:01.0: PIIX3: Enabling Passive Release
[    1.501269] pci 0000:00:01.0: Activating ISA DMA hang workarounds
[    1.507116] ACPI: PCI Interrupt Link [LNKD] enabled at IRQ 11
[    1.508312] pci 0000:00:01.2: PCI INT D -&gt; Link[LNKD] -&gt; GSI 11 (level, high) -&gt; IRQ 11
[    1.510863] pci 0000:00:01.2: PCI INT D disabled
[    1.530399] Trying to unpack rootfs image as initramfs...
[    1.550021] audit: initializing netlink socket (disabled)
[    1.551982] type=2000 audit(1450949738.548:1): initialized
[    1.845482] HugeTLB registered 2 MB page size, pre-allocated 0 pages
[    1.923006] VFS: Disk quotas dquot_6.5.2
[    1.927065] Dquot-cache hash table entries: 512 (order 0, 4096 bytes)
[    1.953162] fuse init (API version 7.17)
[    1.955776] msgmni has been set to 84
[    2.002495] Block layer SCSI generic (bsg) driver version 0.4 loaded (major 253)
[    2.005275] io scheduler noop registered
[    2.005871] io scheduler deadline registered (default)
[    2.007047] io scheduler cfq registered
[    2.011584] pci_hotplug: PCI Hot Plug PCI Core version: 0.5
[    2.014548] pciehp: PCI Express Hot Plug Controller Driver version: 0.4
[    2.019906] input: Power Button as /devices/LNXSYSTM:00/LNXPWRBN:00/input/input0
[    2.022647] ACPI: Power Button [PWRF]
[    2.071791] ERST: Table is not found!
[    2.073694] GHES: HEST is not enabled!
[    2.086382] ACPI: PCI Interrupt Link [LNKC] enabled at IRQ 10
[    2.087183] virtio-pci 0000:00:03.0: PCI INT A -&gt; Link[LNKC] -&gt; GSI 10 (level, high) -&gt; IRQ 10
[    2.091359] virtio-pci 0000:00:04.0: PCI INT A -&gt; Link[LNKD] -&gt; GSI 11 (level, high) -&gt; IRQ 11
[    2.110964] ACPI: PCI Interrupt Link [LNKA] enabled at IRQ 10
[    2.114996] virtio-pci 0000:00:05.0: PCI INT A -&gt; Link[LNKA] -&gt; GSI 10 (level, high) -&gt; IRQ 10
[    2.137942] Serial: 8250/16550 driver, 32 ports, IRQ sharing enabled
[    2.178528] serial8250: ttyS0 at I/O 0x3f8 (irq = 4) is a 16550A
[    2.259172] serial8250: ttyS1 at I/O 0x2f8 (irq = 3) is a 16550A
[    2.386638] 00:05: ttyS0 at I/O 0x3f8 (irq = 4) is a 16550A
[    2.468756] 00:06: ttyS1 at I/O 0x2f8 (irq = 3) is a 16550A
[    2.513760] Refined TSC clocksource calibration: 2292.851 MHz.
[    2.514575] Switching to clocksource tsc
[    2.529511] Linux agpgart interface v0.103
[    2.594957] brd: module loaded
[    2.623910] loop: module loaded
[    2.678002]  vda: unknown partition table
[    2.750170] scsi0 : ata_piix
[    2.757563] scsi1 : ata_piix
[    2.758816] ata1: PATA max MWDMA2 cmd 0x1f0 ctl 0x3f6 bmdma 0xc0a0 irq 14
[    2.759564] ata2: PATA max MWDMA2 cmd 0x170 ctl 0x376 bmdma 0xc0a8 irq 15
[    2.768913] Fixed MDIO Bus: probed
[    2.769744] tun: Universal TUN/TAP device driver, 1.6
[    2.770293] tun: (C) 1999-2004 Max Krasnyansky &lt;maxk@qualcomm.com&gt;
[    2.781846] PPP generic driver version 2.4.2
[    2.802214] ehci_hcd: USB 2.0 'Enhanced' Host Controller (EHCI) Driver
[    2.803403] ohci_hcd: USB 1.1 'Open' Host Controller (OHCI) Driver
[    2.805094] uhci_hcd: USB Universal Host Controller Interface driver
[    2.806060] uhci_hcd 0000:00:01.2: PCI INT D -&gt; Link[LNKD] -&gt; GSI 11 (level, high) -&gt; IRQ 11
[    2.809402] uhci_hcd 0000:00:01.2: UHCI Host Controller
[    2.821655] uhci_hcd 0000:00:01.2: new USB bus registered, assigned bus number 1
[    2.823362] uhci_hcd 0000:00:01.2: irq 11, io base 0x0000c040
[    2.854100] hub 1-0:1.0: USB hub found
[    2.855777] hub 1-0:1.0: 2 ports detected
[    2.862706] usbcore: registered new interface driver libusual
[    2.866426] i8042: PNP: PS/2 Controller [PNP0303:KBD,PNP0f13:MOU] at 0x60,0x64 irq 1,12
[    2.874413] serio: i8042 KBD port at 0x60,0x64 irq 1
[    2.876237] serio: i8042 AUX port at 0x60,0x64 irq 12
[    2.909182] mousedev: PS/2 mouse device common for all mice
[    2.922917] input: AT Translated Set 2 keyboard as /devices/platform/i8042/serio0/input/input1
[    2.930082] rtc_cmos 00:01: RTC can wake from S4
[    2.946667] rtc_cmos 00:01: rtc core: registered rtc_cmos as rtc0
[    2.954493] rtc0: alarms up to one day, 114 bytes nvram, hpet irqs
[    2.962188] device-mapper: uevent: version 1.0.3
[    2.997837] device-mapper: ioctl: 4.22.0-ioctl (2011-10-19) initialised: dm-devel@redhat.com
[    3.000899] cpuidle: using governor ladder
[    3.002233] cpuidle: using governor menu
[    3.003468] EFI Variables Facility v0.08 2004-May-17
[    3.016798] TCP cubic registered
[    3.022124] NET: Registered protocol family 10
[    3.049894] NET: Registered protocol family 17
[    3.051242] Registering the dns_resolver key type
[    3.068591] ata2.01: ATAPI: QEMU DVD-ROM, 2.0.0, max UDMA/100
[    3.077500] ata2.01: configured for MWDMA2
[    3.113507] scsi 1:0:1:0: CD-ROM            QEMU     QEMU DVD-ROM     2.0. PQ: 0 ANSI: 5
[    3.138688] sr0: scsi3-mmc drive: 4x/4x cd/rw xa/form2 tray
[    3.140152] cdrom: Uniform CD-ROM driver Revision: 3.20
[    3.162165] sr 1:0:1:0: Attached scsi generic sg0 type 5
[    3.195250] registered taskstats version 1
[    3.215380] Freeing initrd memory: 3656k freed
[    3.705380]   Magic number: 11:822:576
[    3.715588] rtc_cmos 00:01: setting system clock to 2015-12-24 09:35:41 UTC (1450949741)
[    3.718535] powernow-k8: Processor cpuid 663 not supported
[    3.723750] BIOS EDD facility v0.16 2004-Jun-25, 0 devices found
[    3.725100] EDD information not available.
[    3.787922] Freeing unused kernel memory: 928k freed
[    3.793433] Write protecting the kernel read-only data: 12288k
[    3.910627] Freeing unused kernel memory: 1596k freed
[    3.967928] Freeing unused kernel memory: 1184k freed

info: initramfs: up at 4.13
modprobe: module virtio_blk not found in modules.dep
modprobe: module virtio_net not found in modules.dep
info: copying initramfs to /dev/vda
info: initramfs loading root from /dev/vda
info: /etc/init.d/rc.sysinit: up at 8.84
info: container: none
Starting logging: OK
modprobe: module virtio_blk not found in modules.dep
modprobe: module virtio_net not found in modules.dep
WARN: /etc/rc3.d/S10-load-modules failed
Initializing random number generator... done.
Starting acpid: OK
cirros-ds 'local' up at 11.48
found datasource (configdrive, local)
Starting network...
udhcpc (v1.20.1) started
Sending discover...
Sending discover...

2015-12-24 09:37:38,983 21135 INFO     [tempest_lib.common.rest_client] Request (TestNetworkAdvancedServerOps:_run_cleanups): 204 DELETE http://10.0.2.15:9696/v2.0/floatingips/4c507dad-b9fc-4dfa-9200-cb2cdac87c55 0.263s
2015-12-24 09:37:38,984 21135 DEBUG    [tempest_lib.common.rest_client] Request - Headers: {'Content-Type': 'application/json', 'Accept': 'application/json', 'X-Auth-Token': '&lt;omitted&gt;'}
        Body: None
    Response - Headers: {'date': 'Thu, 24 Dec 2015 09:37:38 GMT', 'status': '204', 'connection': 'close', 'content-length': '0', 'x-openstack-request-id': 'req-65d7c15c-f942-444e-83a0-0a4b40060d04'}
        Body: 
2015-12-24 09:37:39,201 21135 INFO     [tempest_lib.common.rest_client] Request (TestNetworkAdvancedServerOps:_run_cleanups): 204 DELETE http://10.0.2.15:8774/v2.1/c7c40d875ed44997949dd508f62ba6f3/servers/2a5493cf-c33a-4f8b-8d41-db9e793480a9 0.216s
2015-12-24 09:37:39,201 21135 DEBUG    [tempest_lib.common.rest_client] Request - Headers: {'Content-Type': 'application/json', 'Accept': 'application/json', 'X-Auth-Token': '&lt;omitted&gt;'}
        Body: None
    Response - Headers: {'status': '204', 'content-length': '0', 'x-compute-request-id': 'req-9886058c-a380-4b95-af3a-782676d8c7ad', 'vary': 'X-OpenStack-Nova-API-Version', 'connection': 'close', 'x-openstack-nova-api-version': '2.1', 'date': 'Thu, 24 Dec 2015 09:37:39 GMT', 'content-type': 'application/json'}
        Body: 
2015-12-24 09:37:39,491 21135 INFO     [tempest_lib.common.rest_client] Request (TestNetworkAdvancedServerOps:_run_cleanups): 200 GET http://10.0.2.15:8774/v2.1/c7c40d875ed44997949dd508f62ba6f3/servers/2a5493cf-c33a-4f8b-8d41-db9e793480a9 0.288s
2015-12-24 09:37:39,491 21135 DEBUG    [tempest_lib.common.rest_client] Request - Headers: {'Content-Type': 'application/json', 'Accept': 'application/json', 'X-Auth-Token': '&lt;omitted&gt;'}
        Body: None
    Response - Headers: {'status': '200', 'content-length': '1782', 'content-location': 'http://10.0.2.15:8774/v2.1/c7c40d875ed44997949dd508f62ba6f3/servers/2a5493cf-c33a-4f8b-8d41-db9e793480a9', 'x-compute-request-id': 'req-8ec676d6-6ab1-417d-b762-d9fac33c365a', 'vary': 'X-OpenStack-Nova-API-Version', 'connection': 'close', 'x-openstack-nova-api-version': '2.1', 'date': 'Thu, 24 Dec 2015 09:37:39 GMT', 'content-type': 'application/json'}
        Body: {"server": {"status": "ACTIVE", "updated": "2015-12-24T09:37:39Z", "hostId": "a69ddc516a2835e56cb7e75f3b5f14adeeac302157253dac648ba1bc", "addresses": {"tempest-network-smoke--223219456": [{"OS-EXT-IPS-MAC:mac_addr": "fa:16:3e:21:a9:57", "version": 4, "addr": "10.100.0.3", "OS-EXT-IPS:type": "fixed"}, {"OS-EXT-IPS-MAC:mac_addr": "fa:16:3e:21:a9:57", "version": 4, "addr": "172.24.4.4", "OS-EXT-IPS:type": "floating"}]}, "links": [{"href": "http://10.0.2.15:8774/v2.1/c7c40d875ed44997949dd508f62ba6f3/servers/2a5493cf-c33a-4f8b-8d41-db9e793480a9", "rel": "self"}, {"href": "http://10.0.2.15:8774/c7c40d875ed44997949dd508f62ba6f3/servers/2a5493cf-c33a-4f8b-8d41-db9e793480a9", "rel": "bookmark"}], "key_name": "tempest-TestNetworkAdvancedServerOps-625988022", "image": {"id": "3de7cafa-4040-4daa-98ae-3ef4ca656f5d", "links": [{"href": "http://10.0.2.15:8774/c7c40d875ed44997949dd508f62ba6f3/images/3de7cafa-4040-4daa-98ae-3ef4ca656f5d", "rel": "bookmark"}]}, "OS-EXT-STS:task_state": "deleting", "OS-EXT-STS:vm_state": "active", "OS-SRV-USG:launched_at": "2015-12-24T09:35:35.000000", "flavor": {"id": "42", "links": [{"href": "http://10.0.2.15:8774/c7c40d875ed44997949dd508f62ba6f3/flavors/42", "rel": "bookmark"}]}, "id": "2a5493cf-c33a-4f8b-8d41-db9e793480a9", "security_groups": [{"name": "tempest-secgroup-smoke-617704597"}], "OS-SRV-USG:terminated_at": null, "OS-EXT-AZ:availability_zone": "nova", "user_id": "03564e5199c448f58ade774ef5bf7a24", "name": "tempest.common.compute-instance-295859264", "created": "2015-12-24T09:35:31Z", "tenant_id": "c7c40d875ed44997949dd508f62ba6f3", "OS-DCF:diskConfig": "MANUAL", "os-extended-volumes:volumes_attached": [], "accessIPv4": "", "accessIPv6": "", "progress": 0, "OS-EXT-STS:power_state": 1, "config_drive": "True", "metadata": {}}}
2015-12-24 09:37:40,632 21135 INFO     [tempest_lib.common.rest_client] Request (TestNetworkAdvancedServerOps:_run_cleanups): 200 GET http://10.0.2.15:8774/v2.1/c7c40d875ed44997949dd508f62ba6f3/servers/2a5493cf-c33a-4f8b-8d41-db9e793480a9 0.130s
2015-12-24 09:37:40,633 21135 DEBUG    [tempest_lib.common.rest_client] Request - Headers: {'Content-Type': 'application/json', 'Accept': 'application/json', 'X-Auth-Token': '&lt;omitted&gt;'}
        Body: None
    Response - Headers: {'status': '200', 'content-length': '1448', 'content-location': 'http://10.0.2.15:8774/v2.1/c7c40d875ed44997949dd508f62ba6f3/servers/2a5493cf-c33a-4f8b-8d41-db9e793480a9', 'x-compute-request-id': 'req-c2936091-21e7-4126-858d-965bd2c562f4', 'vary': 'X-OpenStack-Nova-API-Version', 'connection': 'close', 'x-openstack-nova-api-version': '2.1', 'date': 'Thu, 24 Dec 2015 09:37:40 GMT', 'content-type': 'application/json'}
        Body: {"server": {"status": "ACTIVE", "updated": "2015-12-24T09:37:39Z", "hostId": "a69ddc516a2835e56cb7e75f3b5f14adeeac302157253dac648ba1bc", "addresses": {}, "links": [{"href": "http://10.0.2.15:8774/v2.1/c7c40d875ed44997949dd508f62ba6f3/servers/2a5493cf-c33a-4f8b-8d41-db9e793480a9", "rel": "self"}, {"href": "http://10.0.2.15:8774/c7c40d875ed44997949dd508f62ba6f3/servers/2a5493cf-c33a-4f8b-8d41-db9e793480a9", "rel": "bookmark"}], "key_name": "tempest-TestNetworkAdvancedServerOps-625988022", "image": {"id": "3de7cafa-4040-4daa-98ae-3ef4ca656f5d", "links": [{"href": "http://10.0.2.15:8774/c7c40d875ed44997949dd508f62ba6f3/images/3de7cafa-4040-4daa-98ae-3ef4ca656f5d", "rel": "bookmark"}]}, "OS-EXT-STS:task_state": "deleting", "OS-EXT-STS:vm_state": "active", "OS-SRV-USG:launched_at": "2015-12-24T09:35:35.000000", "flavor": {"id": "42", "links": [{"href": "http://10.0.2.15:8774/c7c40d875ed44997949dd508f62ba6f3/flavors/42", "rel": "bookmark"}]}, "id": "2a5493cf-c33a-4f8b-8d41-db9e793480a9", "OS-SRV-USG:terminated_at": null, "OS-EXT-AZ:availability_zone": "nova", "user_id": "03564e5199c448f58ade774ef5bf7a24", "name": "tempest.common.compute-instance-295859264", "created": "2015-12-24T09:35:31Z", "tenant_id": "c7c40d875ed44997949dd508f62ba6f3", "OS-DCF:diskConfig": "MANUAL", "os-extended-volumes:volumes_attached": [], "accessIPv4": "", "accessIPv6": "", "progress": 0, "OS-EXT-STS:power_state": 1, "config_drive": "True", "metadata": {}}}
2015-12-24 09:37:41,732 21135 INFO     [tempest_lib.common.rest_client] Request (TestNetworkAdvancedServerOps:_run_cleanups): 404 GET http://10.0.2.15:8774/v2.1/c7c40d875ed44997949dd508f62ba6f3/servers/2a5493cf-c33a-4f8b-8d41-db9e793480a9 0.086s
2015-12-24 09:37:41,733 21135 DEBUG    [tempest_lib.common.rest_client] Request - Headers: {'Content-Type': 'application/json', 'Accept': 'application/json', 'X-Auth-Token': '&lt;omitted&gt;'}
        Body: None
    Response - Headers: {'status': '404', 'content-length': '111', 'x-compute-request-id': 'req-7027ff1d-567a-4ed0-a464-b3d76b729a5c', 'vary': 'X-OpenStack-Nova-API-Version', 'connection': 'close', 'x-openstack-nova-api-version': '2.1', 'date': 'Thu, 24 Dec 2015 09:37:41 GMT', 'content-type': 'application/json; charset=UTF-8'}
        Body: {"itemNotFound": {"message": "Instance 2a5493cf-c33a-4f8b-8d41-db9e793480a9 could not be found.", "code": 404}}
2015-12-24 09:37:42,136 21135 INFO     [tempest_lib.common.rest_client] Request (TestNetworkAdvancedServerOps:_run_cleanups): 200 PUT http://10.0.2.15:9696/v2.0/routers/62da0f1f-b82b-4716-9d88-7f93632e5b49/remove_router_interface 0.401s
2015-12-24 09:37:42,137 21135 DEBUG    [tempest_lib.common.rest_client] Request - Headers: {'Content-Type': 'application/json', 'Accept': 'application/json', 'X-Auth-Token': '&lt;omitted&gt;'}
        Body: {"subnet_id": "e401d1d6-9ea1-48d2-93f9-30c2e20189dc"}
    Response - Headers: {'status': '200', 'content-length': '255', 'connection': 'close', 'date': 'Thu, 24 Dec 2015 09:37:42 GMT', 'content-type': 'application/json; charset=UTF-8', 'x-openstack-request-id': 'req-8e9fdf3e-bc7b-4738-812f-932997fcfd75'}
        Body: {"subnet_id": "e401d1d6-9ea1-48d2-93f9-30c2e20189dc", "tenant_id": "c7c40d875ed44997949dd508f62ba6f3", "subnet_ids": ["e401d1d6-9ea1-48d2-93f9-30c2e20189dc"], "port_id": "44dbef87-7b55-4e38-9a38-89cc1b37a7de", "id": "62da0f1f-b82b-4716-9d88-7f93632e5b49"}
2015-12-24 09:37:42,592 21135 INFO     [tempest_lib.common.rest_client] Request (TestNetworkAdvancedServerOps:_run_cleanups): 204 DELETE http://10.0.2.15:9696/v2.0/subnets/e401d1d6-9ea1-48d2-93f9-30c2e20189dc 0.453s
2015-12-24 09:37:42,593 21135 DEBUG    [tempest_lib.common.rest_client] Request - Headers: {'Content-Type': 'application/json', 'Accept': 'application/json', 'X-Auth-Token': '&lt;omitted&gt;'}
        Body: None
    Response - Headers: {'date': 'Thu, 24 Dec 2015 09:37:42 GMT', 'status': '204', 'connection': 'close', 'content-length': '0', 'x-openstack-request-id': 'req-e7e7721e-e255-4293-bb3f-0c0df44e180d'}
        Body: 
2015-12-24 09:37:42,679 21135 INFO     [tempest_lib.common.rest_client] Request (TestNetworkAdvancedServerOps:_run_cleanups): 200 GET http://10.0.2.15:9696/v2.0/routers/62da0f1f-b82b-4716-9d88-7f93632e5b49 0.085s
2015-12-24 09:37:42,679 21135 DEBUG    [tempest_lib.common.rest_client] Request - Headers: {'Content-Type': 'application/json', 'Accept': 'application/json', 'X-Auth-Token': '&lt;omitted&gt;'}
        Body: None
    Response - Headers: {'status': '200', 'content-length': '564', 'content-location': 'http://10.0.2.15:9696/v2.0/routers/62da0f1f-b82b-4716-9d88-7f93632e5b49', 'connection': 'close', 'date': 'Thu, 24 Dec 2015 09:37:42 GMT', 'content-type': 'application/json; charset=UTF-8', 'x-openstack-request-id': 'req-c3db74c6-8ca3-4f56-954a-e4a0969db6fd'}
        Body: {"router": {"status": "ACTIVE", "external_gateway_info": {"network_id": "d2b97686-593b-430a-bd24-fe5b7eb09c1a", "enable_snat": true, "external_fixed_ips": [{"subnet_id": "68ac7c1a-af27-4e5d-8bd7-8ab6eed4af9d", "ip_address": "172.24.4.3"}, {"subnet_id": "4ef97be0-fc38-49ca-b5bb-f89e068198a5", "ip_address": "2001:db8::3"}]}, "availability_zone_hints": [], "availability_zones": ["nova"], "name": "tempest-router-smoke-1482597082", "admin_state_up": true, "tenant_id": "c7c40d875ed44997949dd508f62ba6f3", "routes": [], "id": "62da0f1f-b82b-4716-9d88-7f93632e5b49"}}
2015-12-24 09:37:43,106 21135 INFO     [tempest_lib.common.rest_client] Request (TestNetworkAdvancedServerOps:_run_cleanups): 200 PUT http://10.0.2.15:9696/v2.0/routers/62da0f1f-b82b-4716-9d88-7f93632e5b49 0.426s
2015-12-24 09:37:43,106 21135 DEBUG    [tempest_lib.common.rest_client] Request - Headers: {'Content-Type': 'application/json', 'Accept': 'application/json', 'X-Auth-Token': '&lt;omitted&gt;'}
        Body: {"router": {"external_gateway_info": {}, "name": "tempest-router-smoke-1482597082", "admin_state_up": true}}
    Response - Headers: {'status': '200', 'content-length': '302', 'connection': 'close', 'date': 'Thu, 24 Dec 2015 09:37:43 GMT', 'content-type': 'application/json; charset=UTF-8', 'x-openstack-request-id': 'req-8ddff99b-e446-4e6e-b37f-6318926fed15'}
        Body: {"router": {"status": "ACTIVE", "external_gateway_info": null, "availability_zone_hints": [], "availability_zones": ["nova"], "name": "tempest-router-smoke-1482597082", "admin_state_up": true, "tenant_id": "c7c40d875ed44997949dd508f62ba6f3", "routes": [], "id": "62da0f1f-b82b-4716-9d88-7f93632e5b49"}}
2015-12-24 09:37:43,432 21135 INFO     [tempest_lib.common.rest_client] Request (TestNetworkAdvancedServerOps:_run_cleanups): 204 DELETE http://10.0.2.15:9696/v2.0/routers/62da0f1f-b82b-4716-9d88-7f93632e5b49 0.324s
2015-12-24 09:37:43,433 21135 DEBUG    [tempest_lib.common.rest_client] Request - Headers: {'Content-Type': 'application/json', 'Accept': 'application/json', 'X-Auth-Token': '&lt;omitted&gt;'}
        Body: None
    Response - Headers: {'date': 'Thu, 24 Dec 2015 09:37:43 GMT', 'status': '204', 'connection': 'close', 'content-length': '0', 'x-openstack-request-id': 'req-44fe118a-bfd6-4ee0-9ecf-e69b504ccff5'}
        Body: 
2015-12-24 09:37:43,659 21135 INFO     [tempest_lib.common.rest_client] Request (TestNetworkAdvancedServerOps:_run_cleanups): 204 DELETE http://10.0.2.15:9696/v2.0/networks/220cc6bb-acd8-43c2-b2e9-c226f27b6407 0.224s
2015-12-24 09:37:43,659 21135 DEBUG    [tempest_lib.common.rest_client] Request - Headers: {'Content-Type': 'application/json', 'Accept': 'application/json', 'X-Auth-Token': '&lt;omitted&gt;'}
        Body: None
    Response - Headers: {'date': 'Thu, 24 Dec 2015 09:37:43 GMT', 'status': '204', 'connection': 'close', 'content-length': '0', 'x-openstack-request-id': 'req-86b127db-8152-4cdf-98a5-ca78e1fd291f'}
        Body: 
2015-12-24 09:37:43,719 21135 INFO     [tempest_lib.common.rest_client] Request (TestNetworkAdvancedServerOps:_run_cleanups): 204 DELETE http://10.0.2.15:9696/v2.0/security-group-rules/a101ec23-ae3c-46bc-b59e-88cea12f5d3c 0.058s
2015-12-24 09:37:43,719 21135 DEBUG    [tempest_lib.common.rest_client] Request - Headers: {'Content-Type': 'application/json', 'Accept': 'application/json', 'X-Auth-Token': '&lt;omitted&gt;'}
        Body: None
    Response - Headers: {'date': 'Thu, 24 Dec 2015 09:37:43 GMT', 'status': '204', 'connection': 'close', 'content-length': '0', 'x-openstack-request-id': 'req-7bca4650-d486-4477-a203-c4bb9785b97b'}
        Body: 
2015-12-24 09:37:43,778 21135 INFO     [tempest_lib.common.rest_client] Request (TestNetworkAdvancedServerOps:_run_cleanups): 204 DELETE http://10.0.2.15:9696/v2.0/security-group-rules/47b6576a-097a-4690-ba3d-be23cd0c3e5f 0.058s
2015-12-24 09:37:43,779 21135 DEBUG    [tempest_lib.common.rest_client] Request - Headers: {'Content-Type': 'application/json', 'Accept': 'application/json', 'X-Auth-Token': '&lt;omitted&gt;'}
        Body: None
    Response - Headers: {'date': 'Thu, 24 Dec 2015 09:37:43 GMT', 'status': '204', 'connection': 'close', 'content-length': '0', 'x-openstack-request-id': 'req-c60e7981-72c3-44b6-bd03-e71f9080b3fa'}
        Body: 
2015-12-24 09:37:43,831 21135 INFO     [tempest_lib.common.rest_client] Request (TestNetworkAdvancedServerOps:_run_cleanups): 204 DELETE http://10.0.2.15:9696/v2.0/security-group-rules/1aeae5fa-4d87-4965-abd6-aa0f3a43c4b5 0.051s
2015-12-24 09:37:43,831 21135 DEBUG    [tempest_lib.common.rest_client] Request - Headers: {'Content-Type': 'application/json', 'Accept': 'application/json', 'X-Auth-Token': '&lt;omitted&gt;'}
        Body: None
    Response - Headers: {'date': 'Thu, 24 Dec 2015 09:37:43 GMT', 'status': '204', 'connection': 'close', 'content-length': '0', 'x-openstack-request-id': 'req-1c453c9f-2afd-4af5-9148-67e40bed1908'}
        Body: 
2015-12-24 09:37:43,887 21135 INFO     [tempest_lib.common.rest_client] Request (TestNetworkAdvancedServerOps:_run_cleanups): 204 DELETE http://10.0.2.15:9696/v2.0/security-group-rules/3c326263-e9cf-45cb-8178-b5ab43e764e1 0.055s
2015-12-24 09:37:43,887 21135 DEBUG    [tempest_lib.common.rest_client] Request - Headers: {'Content-Type': 'application/json', 'Accept': 'application/json', 'X-Auth-Token': '&lt;omitted&gt;'}
        Body: None
    Response - Headers: {'date': 'Thu, 24 Dec 2015 09:37:43 GMT', 'status': '204', 'connection': 'close', 'content-length': '0', 'x-openstack-request-id': 'req-39170a98-4740-4de3-9d7d-c30a9a64df0b'}
        Body: 
2015-12-24 09:37:43,946 21135 INFO     [tempest_lib.common.rest_client] Request (TestNetworkAdvancedServerOps:_run_cleanups): 204 DELETE http://10.0.2.15:9696/v2.0/security-group-rules/4d72902a-dbf7-465d-8165-185081bdf129 0.057s
2015-12-24 09:37:43,947 21135 DEBUG    [tempest_lib.common.rest_client] Request - Headers: {'Content-Type': 'application/json', 'Accept': 'application/json', 'X-Auth-Token': '&lt;omitted&gt;'}
        Body: None
    Response - Headers: {'date': 'Thu, 24 Dec 2015 09:37:43 GMT', 'status': '204', 'connection': 'close', 'content-length': '0', 'x-openstack-request-id': 'req-b1e25461-4331-491a-89a9-7156a1be4cf5'}
        Body: 
2015-12-24 09:37:44,011 21135 INFO     [tempest_lib.common.rest_client] Request (TestNetworkAdvancedServerOps:_run_cleanups): 204 DELETE http://10.0.2.15:9696/v2.0/security-group-rules/0bf0bfe8-aa6f-43a6-8314-4e3f495828e2 0.063s
2015-12-24 09:37:44,012 21135 DEBUG    [tempest_lib.common.rest_client] Request - Headers: {'Content-Type': 'application/json', 'Accept': 'application/json', 'X-Auth-Token': '&lt;omitted&gt;'}
        Body: None
    Response - Headers: {'date': 'Thu, 24 Dec 2015 09:37:44 GMT', 'status': '204', 'connection': 'close', 'content-length': '0', 'x-openstack-request-id': 'req-c5fdb980-bb72-437e-b012-3e462e690f26'}
        Body: 
2015-12-24 09:37:44,110 21135 INFO     [tempest_lib.common.rest_client] Request (TestNetworkAdvancedServerOps:_run_cleanups): 204 DELETE http://10.0.2.15:9696/v2.0/security-groups/387a9a47-9877-4d23-b00d-46f47612cf16 0.097s
2015-12-24 09:37:44,111 21135 DEBUG    [tempest_lib.common.rest_client] Request - Headers: {'Content-Type': 'application/json', 'Accept': 'application/json', 'X-Auth-Token': '&lt;omitted&gt;'}
        Body: None
    Response - Headers: {'date': 'Thu, 24 Dec 2015 09:37:44 GMT', 'status': '204', 'connection': 'close', 'content-length': '0', 'x-openstack-request-id': 'req-02678e59-8727-4eed-87b7-a304c1ff9b94'}
        Body: 
2015-12-24 09:37:44,134 21135 INFO     [tempest_lib.common.rest_client] Request (TestNetworkAdvancedServerOps:_run_cleanups): 202 DELETE http://10.0.2.15:8774/v2.1/c7c40d875ed44997949dd508f62ba6f3/os-keypairs/tempest-TestNetworkAdvancedServerOps-625988022 0.022s
2015-12-24 09:37:44,135 21135 DEBUG    [tempest_lib.common.rest_client] Request - Headers: {'Content-Type': 'application/json', 'Accept': 'application/json', 'X-Auth-Token': '&lt;omitted&gt;'}
        Body: None
    Response - Headers: {'status': '202', 'content-length': '0', 'x-compute-request-id': 'req-06aa2610-4e0b-4634-958d-7344bc8984d2', 'vary': 'X-OpenStack-Nova-API-Version', 'connection': 'close', 'x-openstack-nova-api-version': '2.1', 'date': 'Thu, 24 Dec 2015 09:37:44 GMT', 'content-type': 'application/json'}
        Body: 
2015-12-24 09:37:44,246 21135 INFO     [tempest_lib.common.rest_client] Request (TestNetworkAdvancedServerOps:_run_cleanups): 404 GET http://10.0.2.15:8774/v2.1/c7c40d875ed44997949dd508f62ba6f3/servers/2a5493cf-c33a-4f8b-8d41-db9e793480a9 0.110s
2015-12-24 09:37:44,246 21135 DEBUG    [tempest_lib.common.rest_client] Request - Headers: {'Content-Type': 'application/json', 'Accept': 'application/json', 'X-Auth-Token': '&lt;omitted&gt;'}
        Body: None
    Response - Headers: {'status': '404', 'content-length': '111', 'x-compute-request-id': 'req-e4aab315-6689-4bba-b5e1-151a31539f51', 'vary': 'X-OpenStack-Nova-API-Version', 'connection': 'close', 'x-openstack-nova-api-version': '2.1', 'date': 'Thu, 24 Dec 2015 09:37:44 GMT', 'content-type': 'application/json; charset=UTF-8'}
        Body: {"itemNotFound": {"message": "Instance 2a5493cf-c33a-4f8b-8d41-db9e793480a9 could not be found.", "code": 404}}
}}}

Traceback (most recent call last):
  File "tempest/test.py", line 113, in wrapper
    return f(self, *func_args, **func_kwargs)
  File "tempest/scenario/test_network_advanced_server_ops.py", line 134, in test_server_connectivity_pause_unpause
    server, keypair, floating_ip = self._setup_network_and_servers()
  File "tempest/scenario/test_network_advanced_server_ops.py", line 71, in _setup_network_and_servers
    server, keypair, floating_ip)
  File "tempest/scenario/test_network_advanced_server_ops.py", line 95, in _wait_server_status_and_check_network_connectivity
    self._check_network_connectivity(server, keypair, floating_ip)
  File "tempest/scenario/test_network_advanced_server_ops.py", line 88, in _check_network_connectivity
    servers=[server])
  File "tempest/scenario/manager.py", line 609, in check_public_network_connectivity
    should_connect=should_connect)
  File "tempest/scenario/manager.py", line 593, in check_vm_connectivity
    msg=msg)
  File "/usr/local/lib/python2.7/dist-packages/unittest2/case.py", line 702, in assertTrue
    raise self.failureException(msg)
AssertionError: False is not true : Timed out waiting for 172.24.4.4 to become reachable



        </pre>
    </div>
    <!--css div popup end-->

    </td>
</tr>

<tr id='ft1.2' class='none'>
    <td class='failCase'><div class='testcase'>test_server_connectivity_reboot[compute,id-7b6860c2-afa3-4846-9522-adeb38dfbe08,network]</div></td>
    <td colspan='7' align='left'>

    <!--css div popup start-->
    <a class="popup_link" onfocus='this.blur();'
    href="javascript:showTestDetail('div_ft1.2')" >
        fail</a>

    <div id='div_ft1.2' class="popup_window">
        <div style='text-align: right; color:red;cursor:pointer'>
        <a onfocus='this.blur();'
onclick="document.getElementById('div_ft1.2').style.display = 'none' " >
           [x]</a>
        </div>
        <pre>
        
ft1.2: tempest.scenario.test_network_advanced_server_ops.TestNetworkAdvancedServerOps.test_server_connectivity_reboot[compute,id-7b6860c2-afa3-4846-9522-adeb38dfbe08,network]_StringException: Empty attachments:
  stderr
  stdout

pythonlogging:'': {{{
