<?xml version="1.0" encoding="UTF-8"?>
<!DOCTYPE html PUBLIC "-//W3C//DTD XHTML 1.0 Strict//EN"
     "http://www.w3.org/TR/xhtml1/DTD/xhtml1-strict.dtd">
<html xmlns="http://www.w3.org/1999/xhtml">
<head>
    <title>Unit Test Report</title>
    <meta name="generator" content="subunit2html 0.1"/>
    <meta http-equiv="Content-Type" content="text/html; charset=UTF-8"/>
    
<style type="text/css" media="screen">
body        { font-family: verdana, arial, helvetica, sans-serif;
    font-size: 80%; }
table       { font-size: 100%; width: 100%;}
pre         { font-size: 80%; }

/* -- heading -------------------------------------------------------------- */
h1 {
        font-size: 16pt;
        color: gray;
}
.heading {
    margin-top: 0ex;
    margin-bottom: 1ex;
}

.heading .attribute {
    margin-top: 1ex;
    margin-bottom: 0;
}

.heading .description {
    margin-top: 4ex;
    margin-bottom: 6ex;
}

/* -- css div popup -------------------------------------------------------- */
a.popup_link {
}

a.popup_link:hover {
    color: red;
}

.popup_window {
    display: none;
    overflow-x: scroll;
    /*border: solid #627173 1px; */
    padding: 10px;
    background-color: #E6E6D6;
    font-family: "Ubuntu Mono", "Lucida Console", "Courier New", monospace;
    text-align: left;
    font-size: 8pt;
}

}
/* -- report --------------------------------------------------------------- */
#show_detail_line {
    margin-top: 3ex;
    margin-bottom: 1ex;
}
#result_table {
    width: 100%;
    border-collapse: collapse;
    border: 1px solid #777;
}
#header_row {
    font-weight: bold;
    color: white;
    background-color: #777;
}
#result_table td {
    border: 1px solid #777;
    padding: 2px;
}
#total_row  { font-weight: bold; }
.passClass  { background-color: #6c6; }
.failClass  { background-color: #c60; }
.errorClass { background-color: #c00; }
.passCase   { color: #6c6; }
.failCase   { color: #c60; font-weight: bold; }
.errorCase  { color: #c00; font-weight: bold; }
.hiddenRow  { display: none; }
.testcase   { margin-left: 2em; }
td.testname {width: 40%}
td.small {width: 40px}

/* -- ending --------------------------------------------------------------- */
#ending {
}

</style>

</head>
<body>
<script language="javascript" type="text/javascript"><!--
output_list = Array();

/* level - 0:Summary; 1:Failed; 2:All */
function showCase(level) {
    trs = document.getElementsByTagName("tr");
    for (var i = 0; i < trs.length; i++) {
        tr = trs[i];
        id = tr.id;
        if (id.substr(0,2) == 'ft') {
            if (level < 1) {
                tr.className = 'hiddenRow';
            }
            else {
                tr.className = '';
            }
        }
        if (id.substr(0,2) == 'pt') {
            if (level > 1) {
                tr.className = '';
            }
            else {
                tr.className = 'hiddenRow';
            }
        }
    }
}


function showClassDetail(cid, count) {
    var id_list = Array(count);
    var toHide = 1;
    for (var i = 0; i < count; i++) {
        tid0 = 't' + cid.substr(1) + '.' + (i+1);
        tid = 'f' + tid0;
        tr = document.getElementById(tid);
        if (!tr) {
            tid = 'p' + tid0;
            tr = document.getElementById(tid);
        }
        id_list[i] = tid;
        if (tr.className) {
            toHide = 0;
        }
    }
    for (var i = 0; i < count; i++) {
        tid = id_list[i];
        if (toHide) {
            document.getElementById('div_'+tid).style.display = 'none'
            document.getElementById(tid).className = 'hiddenRow';
        }
        else {
            document.getElementById(tid).className = '';
        }
    }
}


function showTestDetail(div_id){
    var details_div = document.getElementById(div_id)
    var displayState = details_div.style.display
    // alert(displayState)
    if (displayState != 'block' ) {
        displayState = 'block'
        details_div.style.display = 'block'
    }
    else {
        details_div.style.display = 'none'
    }
}


function html_escape(s) {
    s = s.replace(/&/g,'&amp;');
    s = s.replace(/</g,'&lt;');
    s = s.replace(/>/g,'&gt;');
    return s;
}

/* obsoleted by detail in <div>
function showOutput(id, name) {
    var w = window.open("", //url
                    name,
                    "resizable,scrollbars,status,width=800,height=450");
    d = w.document;
    d.write("<pre>");
    d.write(html_escape(output_list[id]));
    d.write("\n");
    d.write("<a href='javascript:window.close()'>close</a>\n");
    d.write("</pre>\n");
    d.close();
}
*/
--></script>

<div class='heading'>
<h1>Unit Test Report</h1>

<p class='attribute'><strong>Status:</strong> Failure 8</p>

<p class='description'></p>
</div>



<p id='show_detail_line'>Show
<a href='javascript:showCase(0)'>Summary</a>
<a href='javascript:showCase(1)'>Failed</a>
<a href='javascript:showCase(2)'>All</a>
</p>
<table id='result_table'>
<colgroup>
<col align='left' />
<col align='right' />
<col align='right' />
<col align='right' />
<col align='right' />
<col align='right' />
<col align='right' />
<col align='right' />
</colgroup>
<tr id='header_row'>
    <td>Test Group/Test case</td>
    <td>Count</td>
    <td>Pass</td>
    <td>Fail</td>
    <td>Error</td>
    <td>Skip</td>
    <td>View</td>
    <td> </td>
</tr>

<tr class='failClass'>
    <td class="testname">tempest.scenario.test_network_v6.TestGettingAddress</td>
    <td class="small">8</td>
    <td class="small">0</td>
    <td class="small">8</td>
    <td class="small">0</td>
    <td class="small">0</td>
    <td class="small"><a href="javascript:showClassDetail('c1',8)"
>Detail</a></td>
    <td> </td>
</tr>

<tr id='ft1.1' class='none'>
    <td class='failCase'><div class='testcase'>test_dhcp6_stateless_from_os[compute,id-d7e1f858-187c-45a6-89c9-bdafde619a9f,network]</div></td>
    <td colspan='7' align='left'>

    <!--css div popup start-->
    <a class="popup_link" onfocus='this.blur();'
    href="javascript:showTestDetail('div_ft1.1')" >
        fail</a>

    <div id='div_ft1.1' class="popup_window">
        <div style='text-align: right; color:red;cursor:pointer'>
        <a onfocus='this.blur();'
onclick="document.getElementById('div_ft1.1').style.display = 'none' " >
           [x]</a>
        </div>
        <pre>
        
ft1.1: tempest.scenario.test_network_v6.TestGettingAddress.test_dhcp6_stateless_from_os[compute,id-d7e1f858-187c-45a6-89c9-bdafde619a9f,network]_StringException: Empty attachments:
  stderr
  stdout

pythonlogging:'': {{{
2016-01-21 09:37:36,644 15538 INFO     [tempest_lib.common.rest_client] Request (TestGettingAddress:setUp): 200 POST http://10.4.1.3:8774/v2.1/ead5e7a2604047a593259af39f79cb10/os-keypairs 0.643s
2016-01-21 09:37:36,645 15538 DEBUG    [tempest_lib.common.rest_client] Request - Headers: {'Content-Type': 'application/json', 'Accept': 'application/json', 'X-Auth-Token': '&lt;omitted&gt;'}
        Body: {"keypair": {"name": "tempest-TestGettingAddress-1540947444"}}
    Response - Headers: {'status': '200', 'content-length': '2320', 'x-compute-request-id': 'req-69f4ce9b-7646-4f38-8711-8fc24826b51a', 'vary': 'X-OpenStack-Nova-API-Version', 'connection': 'close', 'x-openstack-nova-api-version': '2.1', 'date': 'Thu, 21 Jan 2016 09:37:36 GMT', 'content-type': 'application/json'}
        Body: {"keypair": {"public_key": "ssh-rsa AAAAB3NzaC1yc2EAAAADAQABAAABAQDj5rIH5Vrt8RU7D8BxForF6w71wA70O3xKQZ6exlr3yXjvnn8fAF1hFdTc4vyuvjBQvbE/cYTWE4ZGvxs0nWVRfrbkgGVojMPNZ4P4ijKy0d/f3CwUHj9FoZrEYdrVZRxDFogM5jEJLi8qnjwDIOkYXJVv/PSVzIkIE/k2eIBxa7bqn5+wQx3xdA9n8MtA4paRslBjJMYPg1YyWNijwK6Kuz0z2wbHLujvjtiNw+zIsks28izXTCJlUpxOndtoq1ft0x6TsM9zVro1o0RXwpqCALFRR24UKfVmuS3EhMQzwCM1Izuvgtv/kJhqBa1iuP+QZGuzdHos5+CljrGwQdGR Generated-by-Nova", "private_key": "-----BEGIN RSA PRIVATE KEY-----\nMIIEqAIBAAKCAQEA4+ayB+Va7fEVOw/AcRaKxesO9cAO9Dt8SkGensZa98l4755/\nHwBdYRXU3OL8rr4wUL2xP3GE1hOGRr8bNJ1lUX625IBlaIzDzWeD+IoystHf39ws\nFB4/RaGaxGHa1WUcQxaIDOYxCS4vKp48AyDpGFyVb/z0lcyJCBP5NniAcWu26p+f\nsEMd8XQPZ/DLQOKWkbJQYyTGD4NWMljYo8Cuirs9M9sGxy7o747YjcPsyLJLNvIs\n10wiZVKcTp3baKtX7dMek7DPc1a6NaNEV8KaggCxUUduFCn1ZrktxITEM8AjNSM7\nr4Lb/5CYagWtYrj/kGRrs3R6LOfgpY6xsEHRkQIDAQABAoIBAB4VVszaBr3ABChu\ntN14t0rW83uXJaIxs/9tWA3naxyoWLFwv6ENAEaPhjC+OdKrQl92Gs6gIoPLwf7W\nvTWdzUELtALHvBsn8bTMhEwrmfOm5qF7Q8pID9wWMALaU/O1TBzC/aSOQkzO7uT2\nTD+xeXOAzS0iO/sGK9SIJm59S58s9AxcEDDPvWibRF3Qfp1eEXj31Lmpc56W5AXi\n5EmiX5522HLVhDqLeNi1tkWKY9gYx7blktLK/NWYagrIiI43X2lppgGTd68WQ0p2\nELuYdw4GnNnM9DhqEk2y421T9Q9ERs5urIBLQZBBqWr7MRgSkq6QvGcb8Q6776/i\neWcWu9ECggCBAPCkLvNmXbBWJ7E79Xs2nVd7LZWm98WTzrty6CXKuQJxY6LMurkK\nEma0giYIJUloaldw8Mt3i3dtCKCKtj8SfQS/nwdFsGOmkztePl7oqsNRGjQKE/qX\n3X4TT/rIbWKlOcRVppT7onGiM6H0oLn3O25lJKQe/MqY76zFkv+RqsvlAoIAgQDy\nclnuGtjYVaYAsDt0j4hOeYYwQn0KMCv11qSRc9XkHxG9NmOnMYFgSIbppPAff/wz\n0ewkQXxSS42rxbjvJHBimq+Q3J7wABPiuO73b5cgPTDbi73htGV6y31J0sUD5D4q\nADOPnzLzoGluOk+Nu+5okI9DuQhx29k8q0ZvwfaMPQKCAIEAic7MYHFf9+ru4i2f\nIEefhYiyC0DKJejGfEyKq5HTr5V15LZvvCYLcauv2M3TZJ2aQKcaDrtQMD1Nsnqd\ncbNJyx1dmhGLuRWcvWP0Pe/qUt4wLlsTI/AyVNAEfm6nTdWnJkuSkUElvwOPpBDu\ntnDiJQ9hE2f3hqJcp0miLB+kew0CggCAQMxnVMhAJLHfiFeRzHmASNkaEFP074Ao\nf7A6k9WN2Uakixm6ULlehslbpZ67vu+KDJ+Sqa4G+EfROZPC9cebcf895U3R/PtI\nVVRwKhndHnS8VjFnMqfwZ31zowN+PKgIJVmgbkZya8L36soS8SLFeZUJdWRC6YuE\n6D4uuTfyGVECggCARe+H4721xuINW/guF837TyZ2iGJ9W0SwIinHvurivpZA0zVZ\nztqjHipuwnmFGpGXdYwEONbV+L1JRyxoVZPiprpshRWgdYwt8G9ZchKsjNXSczGh\nuvCedyfUIlJAdpP6gf4tssKVDX7qD9qk6JCvvYuy0ch5P1+Dy1DaIAhuq7I=\n-----END RSA PRIVATE KEY-----\n", "user_id": "c09207f4110c421a8e19eb264b25e820", "name": "tempest-TestGettingAddress-1540947444", "fingerprint": "d4:41:bb:5c:b6:96:ff:07:36:3b:e0:e0:43:9a:8f:ab"}}
2016-01-21 09:37:37,054 15538 INFO     [tempest_lib.common.rest_client] Request (TestGettingAddress:setUp): 201 POST http://10.4.1.3:9696/v2.0/security-groups 0.405s
2016-01-21 09:37:37,055 15538 DEBUG    [tempest_lib.common.rest_client] Request - Headers: {'Content-Type': 'application/json', 'Accept': 'application/json', 'X-Auth-Token': '&lt;omitted&gt;'}
        Body: {"security_group": {"tenant_id": "ead5e7a2604047a593259af39f79cb10", "description": "tempest-secgroup-smoke-1169199851 description", "name": "tempest-secgroup-smoke-1169199851"}}
    Response - Headers: {'status': '201', 'content-length': '888', 'connection': 'close', 'date': 'Thu, 21 Jan 2016 09:37:37 GMT', 'content-type': 'application/json; charset=UTF-8', 'x-openstack-request-id': 'req-4973041b-1de9-45f1-80b7-8994e202a37f'}
        Body: {"security_group": {"tenant_id": "ead5e7a2604047a593259af39f79cb10", "description": "tempest-secgroup-smoke-1169199851 description", "id": "dbf8a2ee-d429-4edc-8a70-b93f440b0806", "security_group_rules": [{"remote_group_id": null, "direction": "egress", "remote_ip_prefix": null, "protocol": null, "ethertype": "IPv4", "tenant_id": "ead5e7a2604047a593259af39f79cb10", "port_range_max": null, "port_range_min": null, "id": "7b17e5ca-39e0-4c46-ba7d-15dd1f83b359", "security_group_id": "dbf8a2ee-d429-4edc-8a70-b93f440b0806"}, {"remote_group_id": null, "direction": "egress", "remote_ip_prefix": null, "protocol": null, "ethertype": "IPv6", "tenant_id": "ead5e7a2604047a593259af39f79cb10", "port_range_max": null, "port_range_min": null, "id": "e89660e1-c29e-49c3-9d7c-5d99577989ba", "security_group_id": "dbf8a2ee-d429-4edc-8a70-b93f440b0806"}], "name": "tempest-secgroup-smoke-1169199851"}}
2016-01-21 09:37:37,353 15538 INFO     [tempest_lib.common.rest_client] Request (TestGettingAddress:setUp): 201 POST http://10.4.1.3:9696/v2.0/security-group-rules 0.297s
2016-01-21 09:37:37,354 15538 DEBUG    [tempest_lib.common.rest_client] Request - Headers: {'Content-Type': 'application/json', 'Accept': 'application/json', 'X-Auth-Token': '&lt;omitted&gt;'}
        Body: {"security_group_rule": {"direction": "ingress", "protocol": "tcp", "tenant_id": "ead5e7a2604047a593259af39f79cb10", "port_range_max": 22, "security_group_id": "dbf8a2ee-d429-4edc-8a70-b93f440b0806", "port_range_min": 22}}
    Response - Headers: {'status': '201', 'content-length': '340', 'connection': 'close', 'date': 'Thu, 21 Jan 2016 09:37:37 GMT', 'content-type': 'application/json; charset=UTF-8', 'x-openstack-request-id': 'req-37598e4a-be56-47f5-b1cd-596567a184e7'}
        Body: {"security_group_rule": {"remote_group_id": null, "direction": "ingress", "remote_ip_prefix": null, "protocol": "tcp", "ethertype": "IPv4", "tenant_id": "ead5e7a2604047a593259af39f79cb10", "port_range_max": 22, "port_range_min": 22, "id": "8f7d96dd-cdb0-4479-ac47-f2d4af9f74c5", "security_group_id": "dbf8a2ee-d429-4edc-8a70-b93f440b0806"}}
2016-01-21 09:37:37,610 15538 INFO     [tempest_lib.common.rest_client] Request (TestGettingAddress:setUp): 201 POST http://10.4.1.3:9696/v2.0/security-group-rules 0.255s
2016-01-21 09:37:37,611 15538 DEBUG    [tempest_lib.common.rest_client] Request - Headers: {'Content-Type': 'application/json', 'Accept': 'application/json', 'X-Auth-Token': '&lt;omitted&gt;'}
        Body: {"security_group_rule": {"direction": "egress", "protocol": "tcp", "tenant_id": "ead5e7a2604047a593259af39f79cb10", "port_range_max": 22, "security_group_id": "dbf8a2ee-d429-4edc-8a70-b93f440b0806", "port_range_min": 22}}
    Response - Headers: {'status': '201', 'content-length': '339', 'connection': 'close', 'date': 'Thu, 21 Jan 2016 09:37:37 GMT', 'content-type': 'application/json; charset=UTF-8', 'x-openstack-request-id': 'req-2f261d99-f339-40e9-afac-bf28c8d5dbb8'}
        Body: {"security_group_rule": {"remote_group_id": null, "direction": "egress", "remote_ip_prefix": null, "protocol": "tcp", "ethertype": "IPv4", "tenant_id": "ead5e7a2604047a593259af39f79cb10", "port_range_max": 22, "port_range_min": 22, "id": "3d29955d-12e7-4715-aad7-2d2805a70e80", "security_group_id": "dbf8a2ee-d429-4edc-8a70-b93f440b0806"}}
2016-01-21 09:37:37,887 15538 INFO     [tempest_lib.common.rest_client] Request (TestGettingAddress:setUp): 201 POST http://10.4.1.3:9696/v2.0/security-group-rules 0.276s
2016-01-21 09:37:37,888 15538 DEBUG    [tempest_lib.common.rest_client] Request - Headers: {'Content-Type': 'application/json', 'Accept': 'application/json', 'X-Auth-Token': '&lt;omitted&gt;'}
        Body: {"security_group_rule": {"tenant_id": "ead5e7a2604047a593259af39f79cb10", "direction": "ingress", "protocol": "icmp", "security_group_id": "dbf8a2ee-d429-4edc-8a70-b93f440b0806"}}
    Response - Headers: {'status': '201', 'content-length': '345', 'connection': 'close', 'date': 'Thu, 21 Jan 2016 09:37:37 GMT', 'content-type': 'application/json; charset=UTF-8', 'x-openstack-request-id': 'req-e9305d64-6ed6-49a8-987f-8af326d6a396'}
        Body: {"security_group_rule": {"remote_group_id": null, "direction": "ingress", "remote_ip_prefix": null, "protocol": "icmp", "ethertype": "IPv4", "tenant_id": "ead5e7a2604047a593259af39f79cb10", "port_range_max": null, "port_range_min": null, "id": "efee775a-bd2d-499e-8cff-7c13e0a05317", "security_group_id": "dbf8a2ee-d429-4edc-8a70-b93f440b0806"}}
2016-01-21 09:37:38,167 15538 INFO     [tempest_lib.common.rest_client] Request (TestGettingAddress:setUp): 201 POST http://10.4.1.3:9696/v2.0/security-group-rules 0.276s
2016-01-21 09:37:38,167 15538 DEBUG    [tempest_lib.common.rest_client] Request - Headers: {'Content-Type': 'application/json', 'Accept': 'application/json', 'X-Auth-Token': '&lt;omitted&gt;'}
        Body: {"security_group_rule": {"tenant_id": "ead5e7a2604047a593259af39f79cb10", "direction": "egress", "protocol": "icmp", "security_group_id": "dbf8a2ee-d429-4edc-8a70-b93f440b0806"}}
    Response - Headers: {'status': '201', 'content-length': '344', 'connection': 'close', 'date': 'Thu, 21 Jan 2016 09:37:38 GMT', 'content-type': 'application/json; charset=UTF-8', 'x-openstack-request-id': 'req-3a89fa0a-45cd-4425-bb2e-ac5eb67f3340'}
        Body: {"security_group_rule": {"remote_group_id": null, "direction": "egress", "remote_ip_prefix": null, "protocol": "icmp", "ethertype": "IPv4", "tenant_id": "ead5e7a2604047a593259af39f79cb10", "port_range_max": null, "port_range_min": null, "id": "d45fb667-3281-4f96-a4be-e911233e6862", "security_group_id": "dbf8a2ee-d429-4edc-8a70-b93f440b0806"}}
2016-01-21 09:37:38,455 15538 INFO     [tempest_lib.common.rest_client] Request (TestGettingAddress:setUp): 201 POST http://10.4.1.3:9696/v2.0/security-group-rules 0.285s
2016-01-21 09:37:38,455 15538 DEBUG    [tempest_lib.common.rest_client] Request - Headers: {'Content-Type': 'application/json', 'Accept': 'application/json', 'X-Auth-Token': '&lt;omitted&gt;'}
        Body: {"security_group_rule": {"tenant_id": "ead5e7a2604047a593259af39f79cb10", "direction": "ingress", "security_group_id": "dbf8a2ee-d429-4edc-8a70-b93f440b0806", "protocol": "icmp", "ethertype": "IPv6"}}
    Response - Headers: {'status': '201', 'content-length': '345', 'connection': 'close', 'date': 'Thu, 21 Jan 2016 09:37:38 GMT', 'content-type': 'application/json; charset=UTF-8', 'x-openstack-request-id': 'req-e6bd9502-f5c1-4669-a87a-63f6e269c37a'}
        Body: {"security_group_rule": {"remote_group_id": null, "direction": "ingress", "remote_ip_prefix": null, "protocol": "icmp", "ethertype": "IPv6", "tenant_id": "ead5e7a2604047a593259af39f79cb10", "port_range_max": null, "port_range_min": null, "id": "086753a4-8403-45fb-b2c6-f135525d4bdd", "security_group_id": "dbf8a2ee-d429-4edc-8a70-b93f440b0806"}}
2016-01-21 09:37:38,747 15538 INFO     [tempest_lib.common.rest_client] Request (TestGettingAddress:setUp): 201 POST http://10.4.1.3:9696/v2.0/security-group-rules 0.290s
2016-01-21 09:37:38,748 15538 DEBUG    [tempest_lib.common.rest_client] Request - Headers: {'Content-Type': 'application/json', 'Accept': 'application/json', 'X-Auth-Token': '&lt;omitted&gt;'}
        Body: {"security_group_rule": {"tenant_id": "ead5e7a2604047a593259af39f79cb10", "direction": "egress", "security_group_id": "dbf8a2ee-d429-4edc-8a70-b93f440b0806", "protocol": "icmp", "ethertype": "IPv6"}}
    Response - Headers: {'status': '201', 'content-length': '344', 'connection': 'close', 'date': 'Thu, 21 Jan 2016 09:37:38 GMT', 'content-type': 'application/json; charset=UTF-8', 'x-openstack-request-id': 'req-fa8bd2ad-1ee6-49eb-9454-864992b4e2b4'}
        Body: {"security_group_rule": {"remote_group_id": null, "direction": "egress", "remote_ip_prefix": null, "protocol": "icmp", "ethertype": "IPv6", "tenant_id": "ead5e7a2604047a593259af39f79cb10", "port_range_max": null, "port_range_min": null, "id": "22797fe4-f1c3-42db-aa27-d24d8516c433", "security_group_id": "dbf8a2ee-d429-4edc-8a70-b93f440b0806"}}
2016-01-21 09:37:39,097 15538 INFO     [tempest_lib.common.rest_client] Request (TestGettingAddress:test_dhcp6_stateless_from_os): 201 POST http://10.4.1.3:9696/v2.0/networks 0.347s
2016-01-21 09:37:39,098 15538 DEBUG    [tempest_lib.common.rest_client] Request - Headers: {'Content-Type': 'application/json', 'Accept': 'application/json', 'X-Auth-Token': '&lt;omitted&gt;'}
        Body: {"network": {"tenant_id": "ead5e7a2604047a593259af39f79cb10", "name": "tempest-network-smoke--434741207"}}
    Response - Headers: {'status': '201', 'content-length': '326', 'connection': 'close', 'date': 'Thu, 21 Jan 2016 09:37:39 GMT', 'content-type': 'application/json; charset=UTF-8', 'x-openstack-request-id': 'req-688c476c-3ddf-4faa-ae2c-87e7b2908b65'}
        Body: {"network": {"status": "ACTIVE", "subnets": [], "availability_zone_hints": [], "name": "tempest-network-smoke--434741207", "admin_state_up": true, "tenant_id": "ead5e7a2604047a593259af39f79cb10", "mtu": 0, "router:external": false, "shared": false, "port_security_enabled": true, "id": "651cf189-ee30-40c5-8e07-7ed5a7af8964"}}
2016-01-21 09:37:39,313 15538 INFO     [tempest_lib.common.rest_client] Request (TestGettingAddress:test_dhcp6_stateless_from_os): 200 GET http://10.4.1.3:9696/v2.0/subnets?tenant_id=ead5e7a2604047a593259af39f79cb10&amp;cidr=10.100.0.0%2F28 0.214s
2016-01-21 09:37:39,314 15538 DEBUG    [tempest_lib.common.rest_client] Request - Headers: {'Content-Type': 'application/json', 'Accept': 'application/json', 'X-Auth-Token': '&lt;omitted&gt;'}
        Body: None
    Response - Headers: {'status': '200', 'content-length': '15', 'content-location': 'http://10.4.1.3:9696/v2.0/subnets?tenant_id=ead5e7a2604047a593259af39f79cb10&amp;cidr=10.100.0.0%2F28', 'connection': 'close', 'date': 'Thu, 21 Jan 2016 09:37:39 GMT', 'content-type': 'application/json; charset=UTF-8', 'x-openstack-request-id': 'req-cf45df56-e507-4989-943f-f06b271338e6'}
        Body: {"subnets": []}
2016-01-21 09:37:39,905 15538 INFO     [tempest_lib.common.rest_client] Request (TestGettingAddress:test_dhcp6_stateless_from_os): 201 POST http://10.4.1.3:9696/v2.0/subnets 0.590s
2016-01-21 09:37:39,905 15538 DEBUG    [tempest_lib.common.rest_client] Request - Headers: {'Content-Type': 'application/json', 'Accept': 'application/json', 'X-Auth-Token': '&lt;omitted&gt;'}
        Body: {"subnet": {"ip_version": 4, "tenant_id": "ead5e7a2604047a593259af39f79cb10", "cidr": "10.100.0.0/28", "network_id": "651cf189-ee30-40c5-8e07-7ed5a7af8964", "name": "tempest-sub4-772139781"}}
    Response - Headers: {'status': '201', 'content-length': '469', 'connection': 'close', 'date': 'Thu, 21 Jan 2016 09:37:39 GMT', 'content-type': 'application/json; charset=UTF-8', 'x-openstack-request-id': 'req-bdaf08c1-f3d7-450d-a880-8700b1fcecd4'}
        Body: {"subnet": {"name": "tempest-sub4-772139781", "enable_dhcp": true, "network_id": "651cf189-ee30-40c5-8e07-7ed5a7af8964", "tenant_id": "ead5e7a2604047a593259af39f79cb10", "dns_nameservers": [], "gateway_ip": "10.100.0.1", "ipv6_ra_mode": null, "allocation_pools": [{"start": "10.100.0.2", "end": "10.100.0.14"}], "host_routes": [], "ip_version": 4, "ipv6_address_mode": null, "cidr": "10.100.0.0/28", "id": "d1935864-9040-4a0a-92ef-1bb90a35c58f", "subnetpool_id": null}}
2016-01-21 09:37:40,118 15538 INFO     [tempest_lib.common.rest_client] Request (TestGettingAddress:test_dhcp6_stateless_from_os): 201 POST http://10.4.1.3:9696/v2.0/routers 0.211s
2016-01-21 09:37:40,118 15538 DEBUG    [tempest_lib.common.rest_client] Request - Headers: {'Content-Type': 'application/json', 'Accept': 'application/json', 'X-Auth-Token': '&lt;omitted&gt;'}
        Body: {"router": {"tenant_id": "ead5e7a2604047a593259af39f79cb10", "name": "tempest-router-smoke-1689067989", "admin_state_up": true}}
    Response - Headers: {'status': '201', 'content-length': '239', 'connection': 'close', 'date': 'Thu, 21 Jan 2016 09:37:40 GMT', 'content-type': 'application/json; charset=UTF-8', 'x-openstack-request-id': 'req-719fc5a4-57d0-4dfb-94a9-7268e8df681d'}
        Body: {"router": {"status": "ACTIVE", "external_gateway_info": null, "name": "tempest-router-smoke-1689067989", "admin_state_up": true, "tenant_id": "ead5e7a2604047a593259af39f79cb10", "routes": [], "id": "c219b1e2-18b4-42f4-aed2-c3f068ed886d"}}
2016-01-21 09:37:40,344 15538 INFO     [tempest_lib.common.rest_client] Request (TestGettingAddress:test_dhcp6_stateless_from_os): 200 GET http://10.4.1.3:9696/v2.0/routers/c219b1e2-18b4-42f4-aed2-c3f068ed886d 0.225s
2016-01-21 09:37:40,344 15538 DEBUG    [tempest_lib.common.rest_client] Request - Headers: {'Content-Type': 'application/json', 'Accept': 'application/json', 'X-Auth-Token': '&lt;omitted&gt;'}
        Body: None
    Response - Headers: {'status': '200', 'content-length': '239', 'content-location': 'http://10.4.1.3:9696/v2.0/routers/c219b1e2-18b4-42f4-aed2-c3f068ed886d', 'connection': 'close', 'date': 'Thu, 21 Jan 2016 09:37:40 GMT', 'content-type': 'application/json; charset=UTF-8', 'x-openstack-request-id': 'req-ec5fdf94-1e1e-4e0f-b066-e9b7c9e9be07'}
        Body: {"router": {"status": "ACTIVE", "external_gateway_info": null, "name": "tempest-router-smoke-1689067989", "admin_state_up": true, "tenant_id": "ead5e7a2604047a593259af39f79cb10", "routes": [], "id": "c219b1e2-18b4-42f4-aed2-c3f068ed886d"}}
2016-01-21 09:37:41,135 15538 INFO     [tempest_lib.common.rest_client] Request (TestGettingAddress:test_dhcp6_stateless_from_os): 200 PUT http://10.4.1.3:9696/v2.0/routers/c219b1e2-18b4-42f4-aed2-c3f068ed886d 0.790s
2016-01-21 09:37:41,135 15538 DEBUG    [tempest_lib.common.rest_client] Request - Headers: {'Content-Type': 'application/json', 'Accept': 'application/json', 'X-Auth-Token': '&lt;omitted&gt;'}
        Body: {"router": {"external_gateway_info": {"network_id": "f2543f0d-2594-4a86-ab35-f16ad4826d1e"}, "name": "tempest-router-smoke-1689067989", "admin_state_up": true}}
    Response - Headers: {'status': '200', 'content-length': '501', 'connection': 'close', 'date': 'Thu, 21 Jan 2016 09:37:41 GMT', 'content-type': 'application/json; charset=UTF-8', 'x-openstack-request-id': 'req-ed4c74e7-4c94-463c-ba03-5b7f82b2fcee'}
        Body: {"router": {"status": "ACTIVE", "external_gateway_info": {"network_id": "f2543f0d-2594-4a86-ab35-f16ad4826d1e", "enable_snat": true, "external_fixed_ips": [{"subnet_id": "7d6ee0cf-57ff-49e9-afc7-ae270d538fe5", "ip_address": "172.24.4.3"}, {"subnet_id": "e375f617-f8e1-4519-bd0a-ae5be579f155", "ip_address": "2001:db8::4"}]}, "name": "tempest-router-smoke-1689067989", "admin_state_up": true, "tenant_id": "ead5e7a2604047a593259af39f79cb10", "routes": [], "id": "c219b1e2-18b4-42f4-aed2-c3f068ed886d"}}
2016-01-21 09:37:41,813 15538 INFO     [tempest_lib.common.rest_client] Request (TestGettingAddress:test_dhcp6_stateless_from_os): 200 PUT http://10.4.1.3:9696/v2.0/routers/c219b1e2-18b4-42f4-aed2-c3f068ed886d/add_router_interface 0.676s
2016-01-21 09:37:41,813 15538 DEBUG    [tempest_lib.common.rest_client] Request - Headers: {'Content-Type': 'application/json', 'Accept': 'application/json', 'X-Auth-Token': '&lt;omitted&gt;'}
        Body: {"subnet_id": "d1935864-9040-4a0a-92ef-1bb90a35c58f"}
    Response - Headers: {'status': '200', 'content-length': '255', 'connection': 'close', 'date': 'Thu, 21 Jan 2016 09:37:41 GMT', 'content-type': 'application/json; charset=UTF-8', 'x-openstack-request-id': 'req-47182d03-8c89-480e-ae16-a80c49d83a60'}
        Body: {"subnet_id": "d1935864-9040-4a0a-92ef-1bb90a35c58f", "tenant_id": "ead5e7a2604047a593259af39f79cb10", "subnet_ids": ["d1935864-9040-4a0a-92ef-1bb90a35c58f"], "port_id": "c98bb356-9130-4ad6-bd2c-154d8e78a6a4", "id": "c219b1e2-18b4-42f4-aed2-c3f068ed886d"}
2016-01-21 09:37:42,108 15538 INFO     [tempest_lib.common.rest_client] Request (TestGettingAddress:test_dhcp6_stateless_from_os): 200 GET http://10.4.1.3:9696/v2.0/subnets?tenant_id=ead5e7a2604047a593259af39f79cb10&amp;cidr=2003%3A%3A%2F64 0.294s
2016-01-21 09:37:42,109 15538 DEBUG    [tempest_lib.common.rest_client] Request - Headers: {'Content-Type': 'application/json', 'Accept': 'application/json', 'X-Auth-Token': '&lt;omitted&gt;'}
        Body: None
    Response - Headers: {'status': '200', 'content-length': '15', 'content-location': 'http://10.4.1.3:9696/v2.0/subnets?tenant_id=ead5e7a2604047a593259af39f79cb10&amp;cidr=2003%3A%3A%2F64', 'connection': 'close', 'date': 'Thu, 21 Jan 2016 09:37:42 GMT', 'content-type': 'application/json; charset=UTF-8', 'x-openstack-request-id': 'req-9a109d4b-f28b-474c-bc8f-0d614c2cb0b8'}
        Body: {"subnets": []}
2016-01-21 09:37:42,632 15538 INFO     [tempest_lib.common.rest_client] Request (TestGettingAddress:test_dhcp6_stateless_from_os): 201 POST http://10.4.1.3:9696/v2.0/subnets 0.522s
2016-01-21 09:37:42,633 15538 DEBUG    [tempest_lib.common.rest_client] Request - Headers: {'Content-Type': 'application/json', 'Accept': 'application/json', 'X-Auth-Token': '&lt;omitted&gt;'}
        Body: {"subnet": {"name": "tempest-sub6-50821679", "network_id": "651cf189-ee30-40c5-8e07-7ed5a7af8964", "tenant_id": "ead5e7a2604047a593259af39f79cb10", "ipv6_ra_mode": "dhcpv6-stateless", "ip_version": 6, "ipv6_address_mode": "dhcpv6-stateless", "cidr": "2003::/64"}}
    Response - Headers: {'status': '201', 'content-length': '500', 'connection': 'close', 'date': 'Thu, 21 Jan 2016 09:37:42 GMT', 'content-type': 'application/json; charset=UTF-8', 'x-openstack-request-id': 'req-baadf97f-91b4-4ac0-8361-6ad8588a307e'}
        Body: {"subnet": {"name": "tempest-sub6-50821679", "enable_dhcp": true, "network_id": "651cf189-ee30-40c5-8e07-7ed5a7af8964", "tenant_id": "ead5e7a2604047a593259af39f79cb10", "dns_nameservers": [], "gateway_ip": "2003::1", "ipv6_ra_mode": "dhcpv6-stateless", "allocation_pools": [{"start": "2003::2", "end": "2003::ffff:ffff:ffff:ffff"}], "host_routes": [], "ip_version": 6, "ipv6_address_mode": "dhcpv6-stateless", "cidr": "2003::/64", "id": "94b53fe4-427d-4ba8-8750-606974ee7114", "subnetpool_id": null}}
2016-01-21 09:37:43,484 15538 INFO     [tempest_lib.common.rest_client] Request (TestGettingAddress:test_dhcp6_stateless_from_os): 200 PUT http://10.4.1.3:9696/v2.0/routers/c219b1e2-18b4-42f4-aed2-c3f068ed886d/add_router_interface 0.849s
2016-01-21 09:37:43,484 15538 DEBUG    [tempest_lib.common.rest_client] Request - Headers: {'Content-Type': 'application/json', 'Accept': 'application/json', 'X-Auth-Token': '&lt;omitted&gt;'}
        Body: {"subnet_id": "94b53fe4-427d-4ba8-8750-606974ee7114"}
    Response - Headers: {'status': '200', 'content-length': '255', 'connection': 'close', 'date': 'Thu, 21 Jan 2016 09:37:43 GMT', 'content-type': 'application/json; charset=UTF-8', 'x-openstack-request-id': 'req-34df9ae1-474d-4c0a-b5de-0a110aceeffc'}
        Body: {"subnet_id": "94b53fe4-427d-4ba8-8750-606974ee7114", "tenant_id": "ead5e7a2604047a593259af39f79cb10", "subnet_ids": ["94b53fe4-427d-4ba8-8750-606974ee7114"], "port_id": "45e9fb3b-e581-4ec4-bb04-f8b769bbf114", "id": "c219b1e2-18b4-42f4-aed2-c3f068ed886d"}
2016-01-21 09:37:43,614 15538 INFO     [tempest_lib.common.rest_client] Request (TestGettingAddress:test_dhcp6_stateless_from_os): 200 POST http://10.4.1.3:5000/v2.0/tokens
2016-01-21 09:37:43,615 15538 DEBUG    [tempest_lib.common.rest_client] Request - Headers: {'Content-Type': 'application/json', 'Accept': 'application/json'}
        Body: &lt;omitted&gt;
    Response - Headers: {'status': '200', 'content-length': '2254', 'vary': 'X-Auth-Token', 'server': 'Apache/2.4.7 (Ubuntu)', 'connection': 'close', 'date': 'Thu, 21 Jan 2016 09:37:43 GMT', 'content-type': 'application/json', 'x-openstack-request-id': 'req-edc1f5e7-fff8-490c-b329-dcce110883fd'}
        Body: {"access": {"token": {"issued_at": "2016-01-21T09:37:43.603204", "expires": "2016-01-21T10:37:43Z", "id": "260f27d90e324deabd91800fc3e32736", "tenant": {"description": "tempest-TestGettingAddress-1346580839-desc", "enabled": true, "id": "ead5e7a2604047a593259af39f79cb10", "name": "tempest-TestGettingAddress-1346580839"}, "audit_ids": ["Jx1lmOmrQZ2Qx1zV3DX3yQ"]}, "serviceCatalog": [{"endpoints": [{"adminURL": "http://10.4.1.3:9292", "region": "RegionOne", "internalURL": "http://10.4.1.3:9292", "id": "420ba961c0544382a114cfe55d567839", "publicURL": "http://10.4.1.3:9292"}], "endpoints_links": [], "type": "image", "name": "glance"}, {"endpoints": [{"adminURL": "http://10.4.1.3:8774/v2.1/ead5e7a2604047a593259af39f79cb10", "region": "RegionOne", "internalURL": "http://10.4.1.3:8774/v2.1/ead5e7a2604047a593259af39f79cb10", "id": "1956e5b2bc9b48a3969255662c075ff0", "publicURL": "http://10.4.1.3:8774/v2.1/ead5e7a2604047a593259af39f79cb10"}], "endpoints_links": [], "type": "compute", "name": "nova"}, {"endpoints": [{"adminURL": "http://10.4.1.3:9696/", "region": "RegionOne", "internalURL": "http://10.4.1.3:9696/", "id": "34e600e0e1744b00ba6fd7e9876f7fbb", "publicURL": "http://10.4.1.3:9696/"}], "endpoints_links": [], "type": "network", "name": "neutron"}, {"endpoints": [{"adminURL": "http://10.4.1.3:35357/v2.0", "region": "RegionOne", "internalURL": "http://10.4.1.3:5000/v2.0", "id": "0e87d95af97b492bb6bea1aaee5ba3e1", "publicURL": "http://10.4.1.3:5000/v2.0"}], "endpoints_links": [], "type": "identity", "name": "keystone"}, {"endpoints": [{"adminURL": "http://10.4.1.3:8774/v2/ead5e7a2604047a593259af39f79cb10", "region": "RegionOne", "internalURL": "http://10.4.1.3:8774/v2/ead5e7a2604047a593259af39f79cb10", "id": "77ed456288544575afa7d88f0f791fc8", "publicURL": "http://10.4.1.3:8774/v2/ead5e7a2604047a593259af39f79cb10"}], "endpoints_links": [], "type": "compute_legacy", "name": "nova_legacy"}], "user": {"username": "tempest-TestGettingAddress-216503297", "roles_links": [], "id": "c09207f4110c421a8e19eb264b25e820", "roles": [{"name": "_member_"}, {"name": "Member"}], "name": "tempest-TestGettingAddress-216503297"}, "metadata": {"is_admin": 0, "roles": ["9fe2ff9ee4384b1894a90878d3e92bab", "64b4ac285d234453a57fcce63ec1dfa9"]}}}
2016-01-21 09:37:43,621 15538 DEBUG    [tempest.common.fixed_network] (TestGettingAddress:test_dhcp6_stateless_from_os) No valid network provided or created, defaulting to fixed_network_name
2016-01-21 09:37:44,033 15538 INFO     [tempest_lib.common.rest_client] Request (TestGettingAddress:test_dhcp6_stateless_from_os): 200 GET http://10.4.1.3:8774/v2.1/ead5e7a2604047a593259af39f79cb10/os-networks 0.411s
2016-01-21 09:37:44,033 15538 DEBUG    [tempest_lib.common.rest_client] Request - Headers: {'Content-Type': 'application/json', 'Accept': 'application/json', 'X-Auth-Token': '&lt;omitted&gt;'}
        Body: None
    Response - Headers: {'status': '200', 'content-length': '478', 'content-location': 'http://10.4.1.3:8774/v2.1/ead5e7a2604047a593259af39f79cb10/os-networks', 'x-compute-request-id': 'req-c0a252b7-9a4b-45c2-859f-5600488aea89', 'vary': 'X-OpenStack-Nova-API-Version', 'connection': 'close', 'x-openstack-nova-api-version': '2.1', 'date': 'Thu, 21 Jan 2016 09:37:44 GMT', 'content-type': 'application/json'}
        Body: {"networks": [{"cidr_v6": null, "dns2": null, "dns1": null, "gateway": null, "broadcast": null, "netmask": null, "gateway_v6": null, "cidr": null, "label": "public", "id": "f2543f0d-2594-4a86-ab35-f16ad4826d1e", "netmask_v6": null}, {"cidr_v6": null, "dns2": null, "dns1": null, "gateway": null, "broadcast": null, "netmask": null, "gateway_v6": null, "cidr": null, "label": "tempest-network-smoke--434741207", "id": "651cf189-ee30-40c5-8e07-7ed5a7af8964", "netmask_v6": null}]}
2016-01-21 09:37:44,034 15538 WARNING  [tempest.common.fixed_network] (TestGettingAddress:test_dhcp6_stateless_from_os) Network with name: private not found
2016-01-21 09:37:44,034 15538 INFO     [tempest.common.fixed_network] (TestGettingAddress:test_dhcp6_stateless_from_os) Found network {} available for tenant
2016-01-21 09:37:46,766 15538 INFO     [tempest_lib.common.rest_client] Request (TestGettingAddress:test_dhcp6_stateless_from_os): 202 POST http://10.4.1.3:8774/v2.1/ead5e7a2604047a593259af39f79cb10/servers 2.731s
2016-01-21 09:37:46,767 15538 DEBUG    [tempest_lib.common.rest_client] Request - Headers: {'Content-Type': 'application/json', 'Accept': 'application/json', 'X-Auth-Token': '&lt;omitted&gt;'}
        Body: {"server": {"name": "tempest.common.compute-instance-268735505", "imageRef": "f183acbb-5140-4ee3-b21b-ec1d67c8ee44", "key_name": "tempest-TestGettingAddress-1540947444", "flavorRef": "42", "networks": [{"uuid": "651cf189-ee30-40c5-8e07-7ed5a7af8964"}], "security_groups": [{"name": "tempest-secgroup-smoke-1169199851"}]}}
    Response - Headers: {'status': '202', 'content-length': '460', 'x-compute-request-id': 'req-c3e3476b-d2d9-406c-8e69-208b2a0be4b6', 'vary': 'X-OpenStack-Nova-API-Version', 'connection': 'close', 'location': 'http://10.4.1.3:8774/v2.1/ead5e7a2604047a593259af39f79cb10/servers/79c16bf6-c874-42c5-a9d4-d51a0727d83f', 'x-openstack-nova-api-version': '2.1', 'date': 'Thu, 21 Jan 2016 09:37:46 GMT', 'content-type': 'application/json'}
        Body: {"server": {"security_groups": [{"name": "tempest-secgroup-smoke-1169199851"}], "OS-DCF:diskConfig": "MANUAL", "id": "79c16bf6-c874-42c5-a9d4-d51a0727d83f", "links": [{"href": "http://10.4.1.3:8774/v2.1/ead5e7a2604047a593259af39f79cb10/servers/79c16bf6-c874-42c5-a9d4-d51a0727d83f", "rel": "self"}, {"href": "http://10.4.1.3:8774/ead5e7a2604047a593259af39f79cb10/servers/79c16bf6-c874-42c5-a9d4-d51a0727d83f", "rel": "bookmark"}], "adminPass": "CaiE3SQ6ztwA"}}
2016-01-21 09:37:47,187 15538 INFO     [tempest_lib.common.rest_client] Request (TestGettingAddress:test_dhcp6_stateless_from_os): 200 GET http://10.4.1.3:8774/v2.1/ead5e7a2604047a593259af39f79cb10/servers/79c16bf6-c874-42c5-a9d4-d51a0727d83f 0.417s
2016-01-21 09:37:47,188 15538 DEBUG    [tempest_lib.common.rest_client] Request - Headers: {'Content-Type': 'application/json', 'Accept': 'application/json', 'X-Auth-Token': '&lt;omitted&gt;'}
        Body: None
    Response - Headers: {'status': '200', 'content-length': '1350', 'content-location': 'http://10.4.1.3:8774/v2.1/ead5e7a2604047a593259af39f79cb10/servers/79c16bf6-c874-42c5-a9d4-d51a0727d83f', 'x-compute-request-id': 'req-2943661c-77ba-4e9c-af0c-e1922b560743', 'vary': 'X-OpenStack-Nova-API-Version', 'connection': 'close', 'x-openstack-nova-api-version': '2.1', 'date': 'Thu, 21 Jan 2016 09:37:47 GMT', 'content-type': 'application/json'}
        Body: {"server": {"status": "BUILD", "updated": "2016-01-21T09:37:46Z", "hostId": "", "addresses": {}, "links": [{"href": "http://10.4.1.3:8774/v2.1/ead5e7a2604047a593259af39f79cb10/servers/79c16bf6-c874-42c5-a9d4-d51a0727d83f", "rel": "self"}, {"href": "http://10.4.1.3:8774/ead5e7a2604047a593259af39f79cb10/servers/79c16bf6-c874-42c5-a9d4-d51a0727d83f", "rel": "bookmark"}], "key_name": "tempest-TestGettingAddress-1540947444", "image": {"id": "f183acbb-5140-4ee3-b21b-ec1d67c8ee44", "links": [{"href": "http://10.4.1.3:8774/ead5e7a2604047a593259af39f79cb10/images/f183acbb-5140-4ee3-b21b-ec1d67c8ee44", "rel": "bookmark"}]}, "OS-EXT-STS:task_state": "scheduling", "OS-EXT-STS:vm_state": "building", "OS-SRV-USG:launched_at": null, "flavor": {"id": "42", "links": [{"href": "http://10.4.1.3:8774/ead5e7a2604047a593259af39f79cb10/flavors/42", "rel": "bookmark"}]}, "id": "79c16bf6-c874-42c5-a9d4-d51a0727d83f", "OS-SRV-USG:terminated_at": null, "OS-EXT-AZ:availability_zone": "", "user_id": "c09207f4110c421a8e19eb264b25e820", "name": "tempest.common.compute-instance-268735505", "created": "2016-01-21T09:37:46Z", "tenant_id": "ead5e7a2604047a593259af39f79cb10", "OS-DCF:diskConfig": "MANUAL", "os-extended-volumes:volumes_attached": [], "accessIPv4": "", "accessIPv6": "", "progress": 0, "OS-EXT-STS:power_state": 0, "config_drive": "", "metadata": {}}}
2016-01-21 09:37:48,939 15538 INFO     [tempest_lib.common.rest_client] Request (TestGettingAddress:test_dhcp6_stateless_from_os): 200 GET http://10.4.1.3:8774/v2.1/ead5e7a2604047a593259af39f79cb10/servers/79c16bf6-c874-42c5-a9d4-d51a0727d83f 0.736s
2016-01-21 09:37:48,939 15538 DEBUG    [tempest_lib.common.rest_client] Request - Headers: {'Content-Type': 'application/json', 'Accept': 'application/json', 'X-Auth-Token': '&lt;omitted&gt;'}
        Body: None
    Response - Headers: {'status': '200', 'content-length': '1476', 'content-location': 'http://10.4.1.3:8774/v2.1/ead5e7a2604047a593259af39f79cb10/servers/79c16bf6-c874-42c5-a9d4-d51a0727d83f', 'x-compute-request-id': 'req-9d2060ae-c98e-4af9-8242-7637180ff73d', 'vary': 'X-OpenStack-Nova-API-Version', 'connection': 'close', 'x-openstack-nova-api-version': '2.1', 'date': 'Thu, 21 Jan 2016 09:37:48 GMT', 'content-type': 'application/json'}
        Body: {"server": {"status": "BUILD", "updated": "2016-01-21T09:37:47Z", "hostId": "e29faa66748795fda06f9c9f42d05e2b1ae5e8059f7d8bf3cc0aa870", "addresses": {}, "links": [{"href": "http://10.4.1.3:8774/v2.1/ead5e7a2604047a593259af39f79cb10/servers/79c16bf6-c874-42c5-a9d4-d51a0727d83f", "rel": "self"}, {"href": "http://10.4.1.3:8774/ead5e7a2604047a593259af39f79cb10/servers/79c16bf6-c874-42c5-a9d4-d51a0727d83f", "rel": "bookmark"}], "key_name": "tempest-TestGettingAddress-1540947444", "image": {"id": "f183acbb-5140-4ee3-b21b-ec1d67c8ee44", "links": [{"href": "http://10.4.1.3:8774/ead5e7a2604047a593259af39f79cb10/images/f183acbb-5140-4ee3-b21b-ec1d67c8ee44", "rel": "bookmark"}]}, "OS-EXT-STS:task_state": "spawning", "OS-EXT-STS:vm_state": "building", "OS-SRV-USG:launched_at": null, "flavor": {"id": "42", "links": [{"href": "http://10.4.1.3:8774/ead5e7a2604047a593259af39f79cb10/flavors/42", "rel": "bookmark"}]}, "id": "79c16bf6-c874-42c5-a9d4-d51a0727d83f", "security_groups": [{"name": "tempest-secgroup-smoke-1169199851"}], "OS-SRV-USG:terminated_at": null, "OS-EXT-AZ:availability_zone": "nova", "user_id": "c09207f4110c421a8e19eb264b25e820", "name": "tempest.common.compute-instance-268735505", "created": "2016-01-21T09:37:46Z", "tenant_id": "ead5e7a2604047a593259af39f79cb10", "OS-DCF:diskConfig": "MANUAL", "os-extended-volumes:volumes_attached": [], "accessIPv4": "", "accessIPv6": "", "progress": 0, "OS-EXT-STS:power_state": 0, "config_drive": "", "metadata": {}}}
2016-01-21 09:37:48,951 15538 INFO     [tempest.common.waiters] State transition "BUILD/scheduling" ==&gt; "BUILD/spawning" after 1 second wait
2016-01-21 09:37:50,890 15538 INFO     [tempest_lib.common.rest_client] Request (TestGettingAddress:test_dhcp6_stateless_from_os): 200 GET http://10.4.1.3:8774/v2.1/ead5e7a2604047a593259af39f79cb10/servers/79c16bf6-c874-42c5-a9d4-d51a0727d83f 0.938s
2016-01-21 09:37:50,891 15538 DEBUG    [tempest_lib.common.rest_client] Request - Headers: {'Content-Type': 'application/json', 'Accept': 'application/json', 'X-Auth-Token': '&lt;omitted&gt;'}
        Body: None
    Response - Headers: {'status': '200', 'content-length': '1476', 'content-location': 'http://10.4.1.3:8774/v2.1/ead5e7a2604047a593259af39f79cb10/servers/79c16bf6-c874-42c5-a9d4-d51a0727d83f', 'x-compute-request-id': 'req-d4329a1f-cce5-42c8-9483-6ebb9fa2987d', 'vary': 'X-OpenStack-Nova-API-Version', 'connection': 'close', 'x-openstack-nova-api-version': '2.1', 'date': 'Thu, 21 Jan 2016 09:37:50 GMT', 'content-type': 'application/json'}
        Body: {"server": {"status": "BUILD", "updated": "2016-01-21T09:37:47Z", "hostId": "e29faa66748795fda06f9c9f42d05e2b1ae5e8059f7d8bf3cc0aa870", "addresses": {}, "links": [{"href": "http://10.4.1.3:8774/v2.1/ead5e7a2604047a593259af39f79cb10/servers/79c16bf6-c874-42c5-a9d4-d51a0727d83f", "rel": "self"}, {"href": "http://10.4.1.3:8774/ead5e7a2604047a593259af39f79cb10/servers/79c16bf6-c874-42c5-a9d4-d51a0727d83f", "rel": "bookmark"}], "key_name": "tempest-TestGettingAddress-1540947444", "image": {"id": "f183acbb-5140-4ee3-b21b-ec1d67c8ee44", "links": [{"href": "http://10.4.1.3:8774/ead5e7a2604047a593259af39f79cb10/images/f183acbb-5140-4ee3-b21b-ec1d67c8ee44", "rel": "bookmark"}]}, "OS-EXT-STS:task_state": "spawning", "OS-EXT-STS:vm_state": "building", "OS-SRV-USG:launched_at": null, "flavor": {"id": "42", "links": [{"href": "http://10.4.1.3:8774/ead5e7a2604047a593259af39f79cb10/flavors/42", "rel": "bookmark"}]}, "id": "79c16bf6-c874-42c5-a9d4-d51a0727d83f", "security_groups": [{"name": "tempest-secgroup-smoke-1169199851"}], "OS-SRV-USG:terminated_at": null, "OS-EXT-AZ:availability_zone": "nova", "user_id": "c09207f4110c421a8e19eb264b25e820", "name": "tempest.common.compute-instance-268735505", "created": "2016-01-21T09:37:46Z", "tenant_id": "ead5e7a2604047a593259af39f79cb10", "OS-DCF:diskConfig": "MANUAL", "os-extended-volumes:volumes_attached": [], "accessIPv4": "", "accessIPv6": "", "progress": 0, "OS-EXT-STS:power_state": 0, "config_drive": "", "metadata": {}}}
2016-01-21 09:37:52,604 15538 INFO     [tempest_lib.common.rest_client] Request (TestGettingAddress:test_dhcp6_stateless_from_os): 200 GET http://10.4.1.3:8774/v2.1/ead5e7a2604047a593259af39f79cb10/servers/79c16bf6-c874-42c5-a9d4-d51a0727d83f 0.702s
2016-01-21 09:37:52,604 15538 DEBUG    [tempest_lib.common.rest_client] Request - Headers: {'Content-Type': 'application/json', 'Accept': 'application/json', 'X-Auth-Token': '&lt;omitted&gt;'}
        Body: None
    Response - Headers: {'status': '200', 'content-length': '1776', 'content-location': 'http://10.4.1.3:8774/v2.1/ead5e7a2604047a593259af39f79cb10/servers/79c16bf6-c874-42c5-a9d4-d51a0727d83f', 'x-compute-request-id': 'req-cc101050-534d-4818-844b-0c66ead71840', 'vary': 'X-OpenStack-Nova-API-Version', 'connection': 'close', 'x-openstack-nova-api-version': '2.1', 'date': 'Thu, 21 Jan 2016 09:37:52 GMT', 'content-type': 'application/json'}
        Body: {"server": {"status": "ACTIVE", "updated": "2016-01-21T09:37:51Z", "hostId": "e29faa66748795fda06f9c9f42d05e2b1ae5e8059f7d8bf3cc0aa870", "addresses": {"tempest-network-smoke--434741207": [{"OS-EXT-IPS-MAC:mac_addr": "fa:16:3e:90:10:a5", "version": 6, "addr": "2003::f816:3eff:fe90:10a5", "OS-EXT-IPS:type": "fixed"}, {"OS-EXT-IPS-MAC:mac_addr": "fa:16:3e:90:10:a5", "version": 4, "addr": "10.100.0.3", "OS-EXT-IPS:type": "fixed"}]}, "links": [{"href": "http://10.4.1.3:8774/v2.1/ead5e7a2604047a593259af39f79cb10/servers/79c16bf6-c874-42c5-a9d4-d51a0727d83f", "rel": "self"}, {"href": "http://10.4.1.3:8774/ead5e7a2604047a593259af39f79cb10/servers/79c16bf6-c874-42c5-a9d4-d51a0727d83f", "rel": "bookmark"}], "key_name": "tempest-TestGettingAddress-1540947444", "image": {"id": "f183acbb-5140-4ee3-b21b-ec1d67c8ee44", "links": [{"href": "http://10.4.1.3:8774/ead5e7a2604047a593259af39f79cb10/images/f183acbb-5140-4ee3-b21b-ec1d67c8ee44", "rel": "bookmark"}]}, "OS-EXT-STS:task_state": null, "OS-EXT-STS:vm_state": "active", "OS-SRV-USG:launched_at": "2016-01-21T09:37:51.000000", "flavor": {"id": "42", "links": [{"href": "http://10.4.1.3:8774/ead5e7a2604047a593259af39f79cb10/flavors/42", "rel": "bookmark"}]}, "id": "79c16bf6-c874-42c5-a9d4-d51a0727d83f", "security_groups": [{"name": "tempest-secgroup-smoke-1169199851"}], "OS-SRV-USG:terminated_at": null, "OS-EXT-AZ:availability_zone": "nova", "user_id": "c09207f4110c421a8e19eb264b25e820", "name": "tempest.common.compute-instance-268735505", "created": "2016-01-21T09:37:46Z", "tenant_id": "ead5e7a2604047a593259af39f79cb10", "OS-DCF:diskConfig": "MANUAL", "os-extended-volumes:volumes_attached": [], "accessIPv4": "", "accessIPv6": "", "progress": 0, "OS-EXT-STS:power_state": 1, "config_drive": "True", "metadata": {}}}
2016-01-21 09:37:52,613 15538 INFO     [tempest.common.waiters] State transition "BUILD/spawning" ==&gt; "ACTIVE/None" after 5 second wait
2016-01-21 09:37:53,259 15538 INFO     [tempest_lib.common.rest_client] Request (TestGettingAddress:test_dhcp6_stateless_from_os): 200 GET http://10.4.1.3:8774/v2.1/ead5e7a2604047a593259af39f79cb10/servers/79c16bf6-c874-42c5-a9d4-d51a0727d83f 0.645s
2016-01-21 09:37:53,260 15538 DEBUG    [tempest_lib.common.rest_client] Request - Headers: {'Content-Type': 'application/json', 'Accept': 'application/json', 'X-Auth-Token': '&lt;omitted&gt;'}
        Body: None
    Response - Headers: {'status': '200', 'content-length': '1776', 'content-location': 'http://10.4.1.3:8774/v2.1/ead5e7a2604047a593259af39f79cb10/servers/79c16bf6-c874-42c5-a9d4-d51a0727d83f', 'x-compute-request-id': 'req-13c3d9ea-2016-49f1-b3ff-e6a676beba35', 'vary': 'X-OpenStack-Nova-API-Version', 'connection': 'close', 'x-openstack-nova-api-version': '2.1', 'date': 'Thu, 21 Jan 2016 09:37:53 GMT', 'content-type': 'application/json'}
        Body: {"server": {"status": "ACTIVE", "updated": "2016-01-21T09:37:51Z", "hostId": "e29faa66748795fda06f9c9f42d05e2b1ae5e8059f7d8bf3cc0aa870", "addresses": {"tempest-network-smoke--434741207": [{"OS-EXT-IPS-MAC:mac_addr": "fa:16:3e:90:10:a5", "version": 6, "addr": "2003::f816:3eff:fe90:10a5", "OS-EXT-IPS:type": "fixed"}, {"OS-EXT-IPS-MAC:mac_addr": "fa:16:3e:90:10:a5", "version": 4, "addr": "10.100.0.3", "OS-EXT-IPS:type": "fixed"}]}, "links": [{"href": "http://10.4.1.3:8774/v2.1/ead5e7a2604047a593259af39f79cb10/servers/79c16bf6-c874-42c5-a9d4-d51a0727d83f", "rel": "self"}, {"href": "http://10.4.1.3:8774/ead5e7a2604047a593259af39f79cb10/servers/79c16bf6-c874-42c5-a9d4-d51a0727d83f", "rel": "bookmark"}], "key_name": "tempest-TestGettingAddress-1540947444", "image": {"id": "f183acbb-5140-4ee3-b21b-ec1d67c8ee44", "links": [{"href": "http://10.4.1.3:8774/ead5e7a2604047a593259af39f79cb10/images/f183acbb-5140-4ee3-b21b-ec1d67c8ee44", "rel": "bookmark"}]}, "OS-EXT-STS:task_state": null, "OS-EXT-STS:vm_state": "active", "OS-SRV-USG:launched_at": "2016-01-21T09:37:51.000000", "flavor": {"id": "42", "links": [{"href": "http://10.4.1.3:8774/ead5e7a2604047a593259af39f79cb10/flavors/42", "rel": "bookmark"}]}, "id": "79c16bf6-c874-42c5-a9d4-d51a0727d83f", "security_groups": [{"name": "tempest-secgroup-smoke-1169199851"}], "OS-SRV-USG:terminated_at": null, "OS-EXT-AZ:availability_zone": "nova", "user_id": "c09207f4110c421a8e19eb264b25e820", "name": "tempest.common.compute-instance-268735505", "created": "2016-01-21T09:37:46Z", "tenant_id": "ead5e7a2604047a593259af39f79cb10", "OS-DCF:diskConfig": "MANUAL", "os-extended-volumes:volumes_attached": [], "accessIPv4": "", "accessIPv6": "", "progress": 0, "OS-EXT-STS:power_state": 1, "config_drive": "True", "metadata": {}}}
2016-01-21 09:37:53,438 15538 INFO     [tempest_lib.common.rest_client] Request (TestGettingAddress:test_dhcp6_stateless_from_os): 200 GET http://10.4.1.3:9696/v2.0/ports?status=ACTIVE&amp;fixed_ip=None&amp;device_id=79c16bf6-c874-42c5-a9d4-d51a0727d83f 0.169s
2016-01-21 09:37:53,438 15538 DEBUG    [tempest_lib.common.rest_client] Request - Headers: {'Content-Type': 'application/json', 'Accept': 'application/json', 'X-Auth-Token': '&lt;omitted&gt;'}
        Body: None
    Response - Headers: {'status': '200', 'content-length': '1142', 'content-location': 'http://10.4.1.3:9696/v2.0/ports?status=ACTIVE&amp;fixed_ip=None&amp;device_id=79c16bf6-c874-42c5-a9d4-d51a0727d83f', 'connection': 'close', 'date': 'Thu, 21 Jan 2016 09:37:53 GMT', 'content-type': 'application/json; charset=UTF-8', 'x-openstack-request-id': 'req-a1b27e41-0998-49b0-8f81-ce760a10b905'}
        Body: {"ports": [{"status": "ACTIVE", "binding:host_id": "vagrant-ubuntu-trusty-64", "allowed_address_pairs": [], "extra_dhcp_opts": [], "dns_assignment": [{"hostname": "host-10-100-0-3", "ip_address": "10.100.0.3", "fqdn": "host-10-100-0-3.openstacklocal."}, {"hostname": "host-2003--f816-3eff-fe90-10a5", "ip_address": "2003::f816:3eff:fe90:10a5", "fqdn": "host-2003--f816-3eff-fe90-10a5.openstacklocal."}], "device_owner": "compute:None", "port_security_enabled": true, "binding:profile": {}, "fixed_ips": [{"subnet_id": "d1935864-9040-4a0a-92ef-1bb90a35c58f", "ip_address": "10.100.0.3"}, {"subnet_id": "94b53fe4-427d-4ba8-8750-606974ee7114", "ip_address": "2003::f816:3eff:fe90:10a5"}], "id": "ecff3c62-e199-4893-a466-b71303a8e6a0", "security_groups": ["dbf8a2ee-d429-4edc-8a70-b93f440b0806"], "device_id": "79c16bf6-c874-42c5-a9d4-d51a0727d83f", "name": "", "admin_state_up": true, "network_id": "651cf189-ee30-40c5-8e07-7ed5a7af8964", "dns_name": "", "binding:vif_details": {"port_filter": true}, "binding:vnic_type": "normal", "binding:vif_type": "ovs", "tenant_id": "ead5e7a2604047a593259af39f79cb10", "mac_address": "fa:16:3e:90:10:a5"}]}
2016-01-21 09:37:54,020 15538 INFO     [tempest_lib.common.rest_client] Request (TestGettingAddress:test_dhcp6_stateless_from_os): 201 POST http://10.4.1.3:9696/v2.0/floatingips 0.581s
2016-01-21 09:37:54,021 15538 DEBUG    [tempest_lib.common.rest_client] Request - Headers: {'Content-Type': 'application/json', 'Accept': 'application/json', 'X-Auth-Token': '&lt;omitted&gt;'}
        Body: {"floatingip": {"floating_network_id": "f2543f0d-2594-4a86-ab35-f16ad4826d1e", "tenant_id": "ead5e7a2604047a593259af39f79cb10", "fixed_ip_address": "10.100.0.3", "port_id": "ecff3c62-e199-4893-a466-b71303a8e6a0"}}
    Response - Headers: {'status': '201', 'content-length': '369', 'connection': 'close', 'date': 'Thu, 21 Jan 2016 09:37:54 GMT', 'content-type': 'application/json; charset=UTF-8', 'x-openstack-request-id': 'req-d6f857e9-b695-4227-a54c-4735818b13e5'}
        Body: {"floatingip": {"floating_network_id": "f2543f0d-2594-4a86-ab35-f16ad4826d1e", "router_id": "c219b1e2-18b4-42f4-aed2-c3f068ed886d", "fixed_ip_address": "10.100.0.3", "floating_ip_address": "172.24.4.4", "tenant_id": "ead5e7a2604047a593259af39f79cb10", "status": "ACTIVE", "port_id": "ecff3c62-e199-4893-a466-b71303a8e6a0", "id": "71347106-3bf9-4e6b-a777-b10cc1016efb"}}
2016-01-21 09:37:54,022 15538 INFO     [tempest_lib.common.ssh] Creating ssh connection to '172.24.4.4' as 'cirros' with public key authentication
2016-01-21 09:38:54,076 15538 WARNING  [tempest_lib.common.ssh] Failed to establish authenticated ssh connection to cirros@172.24.4.4 (timed out). Number attempts: 1. Retry after 2 seconds.
2016-01-21 09:39:56,614 15538 WARNING  [tempest_lib.common.ssh] Failed to establish authenticated ssh connection to cirros@172.24.4.4 (timed out). Number attempts: 2. Retry after 3 seconds.
2016-01-21 09:41:00,162 15538 WARNING  [tempest_lib.common.ssh] Failed to establish authenticated ssh connection to cirros@172.24.4.4 (timed out). Number attempts: 3. Retry after 4 seconds.
2016-01-21 09:42:04,720 15538 ERROR    [tempest_lib.common.ssh] Failed to establish authenticated ssh connection to cirros@172.24.4.4 after 3 attempts
2016-01-21 09:42:04.720 15538 ERROR tempest_lib.common.ssh Traceback (most recent call last):
2016-01-21 09:42:04.720 15538 ERROR tempest_lib.common.ssh   File "/usr/local/lib/python2.7/dist-packages/tempest_lib/common/ssh.py", line 75, in _get_ssh_connection
2016-01-21 09:42:04.720 15538 ERROR tempest_lib.common.ssh     timeout=self.channel_timeout, pkey=self.pkey)
2016-01-21 09:42:04.720 15538 ERROR tempest_lib.common.ssh   File "/usr/local/lib/python2.7/dist-packages/paramiko/client.py", line 292, in connect
2016-01-21 09:42:04.720 15538 ERROR tempest_lib.common.ssh     retry_on_signal(lambda: sock.connect(addr))
2016-01-21 09:42:04.720 15538 ERROR tempest_lib.common.ssh   File "/usr/local/lib/python2.7/dist-packages/paramiko/util.py", line 270, in retry_on_signal
2016-01-21 09:42:04.720 15538 ERROR tempest_lib.common.ssh     return function()
2016-01-21 09:42:04.720 15538 ERROR tempest_lib.common.ssh   File "/usr/local/lib/python2.7/dist-packages/paramiko/client.py", line 292, in &lt;lambda&gt;
2016-01-21 09:42:04.720 15538 ERROR tempest_lib.common.ssh     retry_on_signal(lambda: sock.connect(addr))
2016-01-21 09:42:04.720 15538 ERROR tempest_lib.common.ssh   File "/usr/lib/python2.7/socket.py", line 224, in meth
2016-01-21 09:42:04.720 15538 ERROR tempest_lib.common.ssh     return getattr(self._sock,name)(*args)
2016-01-21 09:42:04.720 15538 ERROR tempest_lib.common.ssh timeout: timed out
2016-01-21 09:42:04.720 15538 ERROR tempest_lib.common.ssh 
2016-01-21 09:42:04,723 15538 ERROR    [tempest.scenario.manager] (TestGettingAddress:test_dhcp6_stateless_from_os) Initializing SSH connection to 172.24.4.4 failed. Error: Connection to the 172.24.4.4 via SSH timed out.
User: cirros, Password: None
2016-01-21 09:42:04.723 15538 ERROR tempest.scenario.manager Traceback (most recent call last):
2016-01-21 09:42:04.723 15538 ERROR tempest.scenario.manager   File "tempest/scenario/manager.py", line 387, in get_remote_client
2016-01-21 09:42:04.723 15538 ERROR tempest.scenario.manager     linux_client.validate_authentication()
2016-01-21 09:42:04.723 15538 ERROR tempest.scenario.manager   File "tempest/common/utils/linux/remote_client.py", line 63, in validate_authentication
2016-01-21 09:42:04.723 15538 ERROR tempest.scenario.manager     self.ssh_client.test_connection_auth()
2016-01-21 09:42:04.723 15538 ERROR tempest.scenario.manager   File "/usr/local/lib/python2.7/dist-packages/tempest_lib/common/ssh.py", line 172, in test_connection_auth
2016-01-21 09:42:04.723 15538 ERROR tempest.scenario.manager     connection = self._get_ssh_connection()
2016-01-21 09:42:04.723 15538 ERROR tempest.scenario.manager   File "/usr/local/lib/python2.7/dist-packages/tempest_lib/common/ssh.py", line 87, in _get_ssh_connection
2016-01-21 09:42:04.723 15538 ERROR tempest.scenario.manager     password=self.password)
2016-01-21 09:42:04.723 15538 ERROR tempest.scenario.manager SSHTimeout: Connection to the 172.24.4.4 via SSH timed out.
2016-01-21 09:42:04.723 15538 ERROR tempest.scenario.manager User: cirros, Password: None
2016-01-21 09:42:04.723 15538 ERROR tempest.scenario.manager 
2016-01-21 09:42:04,963 15538 INFO     [tempest_lib.common.rest_client] Request (TestGettingAddress:test_dhcp6_stateless_from_os): 200 GET http://10.4.1.3:8774/v2.1/ead5e7a2604047a593259af39f79cb10/servers 0.237s
2016-01-21 09:42:04,964 15538 DEBUG    [tempest_lib.common.rest_client] Request - Headers: {'Content-Type': 'application/json', 'Accept': 'application/json', 'X-Auth-Token': '&lt;omitted&gt;'}
        Body: None
    Response - Headers: {'status': '200', 'content-length': '388', 'content-location': 'http://10.4.1.3:8774/v2.1/ead5e7a2604047a593259af39f79cb10/servers', 'x-compute-request-id': 'req-ba482bde-dfbe-4a2b-9fd0-c8f89cf04f12', 'vary': 'X-OpenStack-Nova-API-Version', 'connection': 'close', 'x-openstack-nova-api-version': '2.1', 'date': 'Thu, 21 Jan 2016 09:42:04 GMT', 'content-type': 'application/json'}
        Body: {"servers": [{"id": "79c16bf6-c874-42c5-a9d4-d51a0727d83f", "links": [{"href": "http://10.4.1.3:8774/v2.1/ead5e7a2604047a593259af39f79cb10/servers/79c16bf6-c874-42c5-a9d4-d51a0727d83f", "rel": "self"}, {"href": "http://10.4.1.3:8774/ead5e7a2604047a593259af39f79cb10/servers/79c16bf6-c874-42c5-a9d4-d51a0727d83f", "rel": "bookmark"}], "name": "tempest.common.compute-instance-268735505"}]}
2016-01-21 09:42:05,349 15538 INFO     [tempest_lib.common.rest_client] Request (TestGettingAddress:test_dhcp6_stateless_from_os): 200 POST http://10.4.1.3:8774/v2.1/ead5e7a2604047a593259af39f79cb10/servers/79c16bf6-c874-42c5-a9d4-d51a0727d83f/action 0.379s
2016-01-21 09:42:05,350 15538 DEBUG    [tempest_lib.common.rest_client] Request - Headers: {'Content-Type': 'application/json', 'Accept': 'application/json', 'X-Auth-Token': '&lt;omitted&gt;'}
        Body: {"os-getConsoleOutput": {}}
    Response - Headers: {'status': '200', 'content-length': '24667', 'x-compute-request-id': 'req-f1bd8af6-9774-4e13-94df-368fabdef171', 'vary': 'X-OpenStack-Nova-API-Version', 'connection': 'close', 'x-openstack-nova-api-version': '2.1', 'date': 'Thu, 21 Jan 2016 09:42:05 GMT', 'content-type': 'application/json'}
        Body: {"output": "[    0.000000] Initializing cgroup subsys cpuset\n[    0.000000] Initializing cgroup subsys cpu\n[    0.000000] Linux version 3.2.0-80-virtual (buildd@batsu) (gcc version 4.6.3 (Ubuntu/Linaro 4.6.3-1ubuntu5) ) #116-Ubuntu SMP Mon Mar 23 17:28:52 UTC 2015 (Ubuntu 3.2.0-80.116-virtual 3.2.68)\n[    0.000000] Command line: root=/dev/vda console=tty0 console=ttyS0 no_timer_check\n[    0.000000] KERNEL supported cpus:\n[    0.000000]   Intel GenuineIntel\n[    0.000000]   AMD AuthenticAMD\n[    0.000000]   Centaur CentaurHauls\n[    0.000000] BIOS-provided physical RAM map:\n[    0.000000]  BIOS-e820: 0000000000000000 - 000000000009fc00 (usable)\n[    0.000000]  BIOS-e820: 000000000009fc00 - 00000000000a0000 (reserved)\n[    0.000000]  BIOS-e820: 00000000000f0000 - 0000000000100000 (reserved)\n[    0.000000]  BIOS-e820: 0000000000100000 - 0000000003ffe000 (usable)\n[    0.000000]  BIOS-e820: 0000000003ffe000 - 0000000004000000 (reserved)\n[    0.000000]  BIOS-e820: 00000000fffc0000 - 0000000100000000 (reserved)\n[    0.000000] NX (Execute Disable) protection: active\n[    0.000000] SMBIOS 2.4 present.\n[    0.000000] No AGP bridge found\n[    0.000000] last_pfn = 0x3ffe max_arch_pfn = 0x400000000\n[    0.000000] x86 PAT enabled: cpu 0, old 0x7040600070406, new 0x7010600070106\n[    0.000000] found SMP MP-table at [ffff8800000f0b00] f0b00\n[    0.000000] init_memory_mapping: 0000000000000000-0000000003ffe000\n[    0.000000] RAMDISK: 03c5e000 - 03ff0000\n[    0.000000] ACPI: RSDP 00000000000f0950 00014 (v00 BOCHS )\n[    0.000000] ACPI: RSDT 0000000003fffbc1 00034 (v01 BOCHS  BXPCRSDT 00000001 BXPC 00000001)\n[    0.000000] ACPI: FACP 0000000003fff1c0 00074 (v01 BOCHS  BXPCFACP 00000001 BXPC 00000001)\n[    0.000000] ACPI: DSDT 0000000003ffe040 01180 (v01 BOCHS  BXPCDSDT 00000001 BXPC 00000001)\n[    0.000000] ACPI: FACS 0000000003ffe000 00040\n[    0.000000] ACPI: SSDT 0000000003fff234 008DD (v01 BOCHS  BXPCSSDT 00000001 BXPC 00000001)\n[    0.000000] ACPI: APIC 0000000003fffb11 00078 (v01 BOCHS  BXPCAPIC 00000001 BXPC 00000001)\n[    0.000000] ACPI: HPET 0000000003fffb89 00038 (v01 BOCHS  BXPCHPET 00000001 BXPC 00000001)\n[    0.000000] No NUMA configuration found\n[    0.000000] Faking a node at 0000000000000000-0000000003ffe000\n[    0.000000] Initmem setup node 0 0000000000000000-0000000003ffe000\n[    0.000000]   NODE_DATA [0000000003ff6000 - 0000000003ffafff]\n[    0.000000] Zone PFN ranges:\n[    0.000000]   DMA      0x00000010 -&gt; 0x00001000\n[    0.000000]   DMA32    0x00001000 -&gt; 0x00100000\n[    0.000000]   Normal   empty\n[    0.000000] Movable zone start PFN for each node\n[    0.000000] early_node_map[2] active PFN ranges\n[    0.000000]     0: 0x00000010 -&gt; 0x0000009f\n[    0.000000]     0: 0x00000100 -&gt; 0x00003ffe\n[    0.000000] ACPI: PM-Timer IO Port: 0xb008\n[    0.000000] ACPI: LAPIC (acpi_id[0x00] lapic_id[0x00] enabled)\n[    0.000000] ACPI: LAPIC_NMI (acpi_id[0xff] dfl dfl lint[0x1])\n[    0.000000] ACPI: IOAPIC (id[0x00] address[0xfec00000] gsi_base[0])\n[    0.000000] IOAPIC[0]: apic_id 0, version 17, address 0xfec00000, GSI 0-23\n[    0.000000] ACPI: INT_SRC_OVR (bus 0 bus_irq 0 global_irq 2 dfl dfl)\n[    0.000000] ACPI: INT_SRC_OVR (bus 0 bus_irq 5 global_irq 5 high level)\n[    0.000000] ACPI: INT_SRC_OVR (bus 0 bus_irq 9 global_irq 9 high level)\n[    0.000000] ACPI: INT_SRC_OVR (bus 0 bus_irq 10 global_irq 10 high level)\n[    0.000000] ACPI: INT_SRC_OVR (bus 0 bus_irq 11 global_irq 11 high level)\n[    0.000000] Using ACPI (MADT) for SMP configuration information\n[    0.000000] ACPI: HPET id: 0x8086a201 base: 0xfed00000\n[    0.000000] SMP: Allowing 1 CPUs, 0 hotplug CPUs\n[    0.000000] PM: Registered nosave memory: 000000000009f000 - 00000000000a0000\n[    0.000000] PM: Registered nosave memory: 00000000000a0000 - 00000000000f0000\n[    0.000000] PM: Registered nosave memory: 00000000000f0000 - 0000000000100000\n[    0.000000] Allocating PCI resources starting at 4000000 (gap: 4000000:fbfc0000)\n[    0.000000] Booting paravirtualized kernel on bare hardware\n[    0.000000] setup_pe
2016-01-21 09:42:05,353 15538 DEBUG    [tempest.scenario.manager] Console output for 79c16bf6-c874-42c5-a9d4-d51a0727d83f
body=
[    0.000000] Initializing cgroup subsys cpuset
[    0.000000] Initializing cgroup subsys cpu
[    0.000000] Linux version 3.2.0-80-virtual (buildd@batsu) (gcc version 4.6.3 (Ubuntu/Linaro 4.6.3-1ubuntu5) ) #116-Ubuntu SMP Mon Mar 23 17:28:52 UTC 2015 (Ubuntu 3.2.0-80.116-virtual 3.2.68)
[    0.000000] Command line: root=/dev/vda console=tty0 console=ttyS0 no_timer_check
[    0.000000] KERNEL supported cpus:
[    0.000000]   Intel GenuineIntel
[    0.000000]   AMD AuthenticAMD
[    0.000000]   Centaur CentaurHauls
[    0.000000] BIOS-provided physical RAM map:
[    0.000000]  BIOS-e820: 0000000000000000 - 000000000009fc00 (usable)
[    0.000000]  BIOS-e820: 000000000009fc00 - 00000000000a0000 (reserved)
[    0.000000]  BIOS-e820: 00000000000f0000 - 0000000000100000 (reserved)
[    0.000000]  BIOS-e820: 0000000000100000 - 0000000003ffe000 (usable)
[    0.000000]  BIOS-e820: 0000000003ffe000 - 0000000004000000 (reserved)
[    0.000000]  BIOS-e820: 00000000fffc0000 - 0000000100000000 (reserved)
[    0.000000] NX (Execute Disable) protection: active
[    0.000000] SMBIOS 2.4 present.
[    0.000000] No AGP bridge found
[    0.000000] last_pfn = 0x3ffe max_arch_pfn = 0x400000000
[    0.000000] x86 PAT enabled: cpu 0, old 0x7040600070406, new 0x7010600070106
[    0.000000] found SMP MP-table at [ffff8800000f0b00] f0b00
[    0.000000] init_memory_mapping: 0000000000000000-0000000003ffe000
[    0.000000] RAMDISK: 03c5e000 - 03ff0000
[    0.000000] ACPI: RSDP 00000000000f0950 00014 (v00 BOCHS )
[    0.000000] ACPI: RSDT 0000000003fffbc1 00034 (v01 BOCHS  BXPCRSDT 00000001 BXPC 00000001)
[    0.000000] ACPI: FACP 0000000003fff1c0 00074 (v01 BOCHS  BXPCFACP 00000001 BXPC 00000001)
[    0.000000] ACPI: DSDT 0000000003ffe040 01180 (v01 BOCHS  BXPCDSDT 00000001 BXPC 00000001)
[    0.000000] ACPI: FACS 0000000003ffe000 00040
[    0.000000] ACPI: SSDT 0000000003fff234 008DD (v01 BOCHS  BXPCSSDT 00000001 BXPC 00000001)
[    0.000000] ACPI: APIC 0000000003fffb11 00078 (v01 BOCHS  BXPCAPIC 00000001 BXPC 00000001)
[    0.000000] ACPI: HPET 0000000003fffb89 00038 (v01 BOCHS  BXPCHPET 00000001 BXPC 00000001)
[    0.000000] No NUMA configuration found
[    0.000000] Faking a node at 0000000000000000-0000000003ffe000
[    0.000000] Initmem setup node 0 0000000000000000-0000000003ffe000
[    0.000000]   NODE_DATA [0000000003ff6000 - 0000000003ffafff]
[    0.000000] Zone PFN ranges:
[    0.000000]   DMA      0x00000010 -&gt; 0x00001000
[    0.000000]   DMA32    0x00001000 -&gt; 0x00100000
[    0.000000]   Normal   empty
[    0.000000] Movable zone start PFN for each node
[    0.000000] early_node_map[2] active PFN ranges
[    0.000000]     0: 0x00000010 -&gt; 0x0000009f
[    0.000000]     0: 0x00000100 -&gt; 0x00003ffe
[    0.000000] ACPI: PM-Timer IO Port: 0xb008
[    0.000000] ACPI: LAPIC (acpi_id[0x00] lapic_id[0x00] enabled)
[    0.000000] ACPI: LAPIC_NMI (acpi_id[0xff] dfl dfl lint[0x1])
[    0.000000] ACPI: IOAPIC (id[0x00] address[0xfec00000] gsi_base[0])
[    0.000000] IOAPIC[0]: apic_id 0, version 17, address 0xfec00000, GSI 0-23
[    0.000000] ACPI: INT_SRC_OVR (bus 0 bus_irq 0 global_irq 2 dfl dfl)
[    0.000000] ACPI: INT_SRC_OVR (bus 0 bus_irq 5 global_irq 5 high level)
[    0.000000] ACPI: INT_SRC_OVR (bus 0 bus_irq 9 global_irq 9 high level)
[    0.000000] ACPI: INT_SRC_OVR (bus 0 bus_irq 10 global_irq 10 high level)
[    0.000000] ACPI: INT_SRC_OVR (bus 0 bus_irq 11 global_irq 11 high level)
[    0.000000] Using ACPI (MADT) for SMP configuration information
[    0.000000] ACPI: HPET id: 0x8086a201 base: 0xfed00000
[    0.000000] SMP: Allowing 1 CPUs, 0 hotplug CPUs
[    0.000000] PM: Registered nosave memory: 000000000009f000 - 00000000000a0000
[    0.000000] PM: Registered nosave memory: 00000000000a0000 - 00000000000f0000
[    0.000000] PM: Registered nosave memory: 00000000000f0000 - 0000000000100000
[    0.000000] Allocating PCI resources starting at 4000000 (gap: 4000000:fbfc0000)
[    0.000000] Booting paravirtualized kernel on bare hardware
[    0.000000] setup_percpu: NR_CPUS:64 nr_cpumask_bits:64 nr_cpu_ids:1 nr_node_ids:1
[    0.000000] PERCPU: Embedded 27 pages/cpu @ffff880003a00000 s78848 r8192 d23552 u2097152
[    0.000000] Built 1 zonelists in Node order, mobility grouping on.  Total pages: 16008
[    0.000000] Policy zone: DMA32
[    0.000000] Kernel command line: root=/dev/vda console=tty0 console=ttyS0 no_timer_check
[    0.000000] PID hash table entries: 256 (order: -1, 2048 bytes)
[    0.000000] Checking aperture...
[    0.000000] No AGP bridge found
[    0.000000] Memory: 43492k/65528k available (6576k kernel code, 452k absent, 21584k reserved, 6620k data, 928k init)
[    0.000000] SLUB: Genslabs=15, HWalign=64, Order=0-3, MinObjects=0, CPUs=1, Nodes=1
[    0.000000] Hierarchical RCU implementation.
[    0.000000] 	RCU dyntick-idle grace-period acceleration is enabled.
[    0.000000] NR_IRQS:4352 nr_irqs:256 16
[    0.000000] Console: colour VGA+ 80x25
[    0.000000] console [tty0] enabled
[    0.000000] console [ttyS0] enabled
[    0.000000] allocated 1048576 bytes of page_cgroup
[    0.000000] please try 'cgroup_disable=memory' option if you don't want memory cgroups
[    0.000000] Fast TSC calibration failed
[    0.000000] TSC: Unable to calibrate against PIT
[    0.000000] TSC: using HPET reference calibration
[    0.000000] Detected 2295.301 MHz processor.
[    0.033200] Calibrating delay loop (skipped), value calculated using timer frequency.. 4590.60 BogoMIPS (lpj=9181204)
[    0.037086] pid_max: default: 32768 minimum: 301
[    0.050964] Security Framework initialized
[    0.058915] AppArmor: AppArmor initialized
[    0.060242] Yama: becoming mindful.
[    0.072737] Dentry cache hash table entries: 8192 (order: 4, 65536 bytes)
[    0.075190] Inode-cache hash table entries: 4096 (order: 3, 32768 bytes)
[    0.080193] Mount-cache hash table entries: 256
[    0.098747] Initializing cgroup subsys cpuacct
[    0.100500] Initializing cgroup subsys memory
[    0.102154] Initializing cgroup subsys devices
[    0.104192] Initializing cgroup subsys freezer
[    0.105564] Initializing cgroup subsys blkio
[    0.107035] Initializing cgroup subsys perf_event
[    0.113913] mce: CPU supports 10 MCE banks
[    0.120520] SMP alternatives: switching to UP code
[    0.506272] Freeing SMP alternatives: 24k freed
[    0.508913] ACPI: Core revision 20110623
[    0.560561] ftrace: allocating 26610 entries in 105 pages
[    0.590978] ..TIMER: vector=0x30 apic1=0 pin1=2 apic2=-1 pin2=-1
[    0.592158] CPU0: AMD QEMU Virtual CPU version 2.0.0 stepping 03
[    0.596036] Performance Events: Broken PMU hardware detected, using software events only.
[    0.604503] NMI watchdog disabled (cpu0): hardware events not enabled
[    0.605962] Brought up 1 CPUs
[    0.606579] Total of 1 processors activated (4590.60 BogoMIPS).
[    0.631197] devtmpfs: initialized
[    0.662868] EVM: security.selinux
[    0.663460] EVM: security.SMACK64
[    0.664128] EVM: security.capability
[    0.690168] print_constraints: dummy: 
[    0.692702] RTC time:  9:37:55, date: 01/21/16
[    0.695158] NET: Registered protocol family 16
[    0.704184] ACPI: bus type pci registered
[    0.708477] PCI: Using configuration type 1 for base access
[    0.740555] bio: create slab &lt;bio-0&gt; at 0
[    0.744952] ACPI: Added _OSI(Module Device)
[    0.745521] ACPI: Added _OSI(Processor Device)
[    0.746112] ACPI: Added _OSI(3.0 _SCP Extensions)
[    0.746718] ACPI: Added _OSI(Processor Aggregator Device)
[    0.813257] ACPI: Interpreter enabled
[    0.813839] ACPI: (supports S0 S3 S4 S5)
[    0.815251] ACPI: Using IOAPIC for interrupt routing
[    0.888992] ACPI: No dock devices found.
[    0.889582] HEST: Table not found.
[    0.890219] PCI: Using host bridge windows from ACPI; if necessary, use "pci=nocrs" and report a bug
[    0.896810] ACPI: PCI Root Bridge [PCI0] (domain 0000 [bus 00-ff])
[    0.902122] pci_root PNP0A03:00: host bridge window [io  0x0000-0x0cf7]
[    0.903338] pci_root PNP0A03:00: host bridge window [io  0x0d00-0xadff]
[    0.904160] pci_root PNP0A03:00: host bridge window [io  0xae0f-0xaeff]
[    0.905194] pci_root PNP0A03:00: host bridge window [io  0xaf20-0xafdf]
[    0.908108] pci_root PNP0A03:00: host bridge window [io  0xafe4-0xffff]
[    0.908987] pci_root PNP0A03:00: host bridge window [mem 0x000a0000-0x000bffff]
[    0.909918] pci_root PNP0A03:00: host bridge window [mem 0x04000000-0xfebfffff]
[    0.936913] pci 0000:00:01.3: quirk: [io  0xb000-0xb03f] claimed by PIIX4 ACPI
[    0.937893] pci 0000:00:01.3: quirk: [io  0xb100-0xb10f] claimed by PIIX4 SMB
[    1.014639]  pci0000:00: Unable to request _OSC control (_OSC support mask: 0x1e)
[    1.077242] ACPI: PCI Interrupt Link [LNKA] (IRQs 5 *10 11)
[    1.079405] ACPI: PCI Interrupt Link [LNKB] (IRQs 5 *10 11)
[    1.081108] ACPI: PCI Interrupt Link [LNKC] (IRQs 5 10 *11)
[    1.085155] ACPI: PCI Interrupt Link [LNKD] (IRQs 5 10 *11)
[    1.086603] ACPI: PCI Interrupt Link [LNKS] (IRQs *9)
[    1.093844] vgaarb: device added: PCI:0000:00:02.0,decodes=io+mem,owns=io+mem,locks=none
[    1.095264] vgaarb: loaded
[    1.096160] vgaarb: bridge control possible 0000:00:02.0
[    1.100501] i2c-core: driver [aat2870] using legacy suspend method
[    1.101301] i2c-core: driver [aat2870] using legacy resume method
[    1.104439] SCSI subsystem initialized
[    1.107585] usbcore: registered new interface driver usbfs
[    1.108919] usbcore: registered new interface driver hub
[    1.110346] usbcore: registered new device driver usb
[    1.117250] PCI: Using ACPI for IRQ routing
[    1.129360] NetLabel: Initializing
[    1.129812] NetLabel:  domain hash size = 128
[    1.130382] NetLabel:  protocols = UNLABELED CIPSOv4
[    1.133187] NetLabel:  unlabeled traffic allowed by default
[    1.135341] HPET: 3 timers in total, 0 timers will be used for per-cpu timer
[    1.136450] hpet0: at MMIO 0xfed00000, IRQs 2, 8, 0
[    1.137373] hpet0: 3 comparators, 64-bit 100.000000 MHz counter
[    1.149975] Switching to clocksource hpet
[    1.406364] AppArmor: AppArmor Filesystem Enabled
[    1.408354] pnp: PnP ACPI init
[    1.410246] ACPI: bus type pnp registered
[    1.430701] pnp: PnP ACPI: found 9 devices
[    1.431258] ACPI: ACPI bus type pnp unregistered
[    1.493869] NET: Registered protocol family 2
[    1.528278] IP route cache hash table entries: 512 (order: 0, 4096 bytes)
[    1.535894] TCP established hash table entries: 2048 (order: 3, 32768 bytes)
[    1.538998] TCP bind hash table entries: 2048 (order: 3, 32768 bytes)
[    1.540024] TCP: Hash tables configured (established 2048 bind 2048)
[    1.541634] TCP reno registered
[    1.542335] UDP hash table entries: 128 (order: 0, 4096 bytes)
[    1.543208] UDP-Lite hash table entries: 128 (order: 0, 4096 bytes)
[    1.546549] NET: Registered protocol family 1
[    1.547427] pci 0000:00:00.0: Limiting direct PCI/PCI transfers
[    1.549064] pci 0000:00:01.0: PIIX3: Enabling Passive Release
[    1.549999] pci 0000:00:01.0: Activating ISA DMA hang workarounds
[    1.554455] ACPI: PCI Interrupt Link [LNKD] enabled at IRQ 11
[    1.555471] pci 0000:00:01.2: PCI INT D -&gt; Link[LNKD] -&gt; GSI 11 (level, high) -&gt; IRQ 11
[    1.559528] pci 0000:00:01.2: PCI INT D disabled
[    1.594269] Trying to unpack rootfs image as initramfs...
[    1.619239] audit: initializing netlink socket (disabled)
[    1.621656] type=2000 audit(1453369075.620:1): initialized
[    1.886556] HugeTLB registered 2 MB page size, pre-allocated 0 pages
[    1.963880] VFS: Disk quotas dquot_6.5.2
[    1.966329] Dquot-cache hash table entries: 512 (order 0, 4096 bytes)
[    1.981904] fuse init (API version 7.17)
[    1.985156] msgmni has been set to 84
[    2.016155] Block layer SCSI generic (bsg) driver version 0.4 loaded (major 253)
[    2.026872] io scheduler noop registered
[    2.027368] io scheduler deadline registered (default)
[    2.029620] io scheduler cfq registered
[    2.038009] pci_hotplug: PCI Hot Plug PCI Core version: 0.5
[    2.041360] pciehp: PCI Express Hot Plug Controller Driver version: 0.4
[    2.050633] input: Power Button as /devices/LNXSYSTM:00/LNXPWRBN:00/input/input0
[    2.054540] ACPI: Power Button [PWRF]
[    2.131797] ERST: Table is not found!
[    2.133949] GHES: HEST is not enabled!
[    2.152040] ACPI: PCI Interrupt Link [LNKC] enabled at IRQ 10
[    2.154023] virtio-pci 0000:00:03.0: PCI INT A -&gt; Link[LNKC] -&gt; GSI 10 (level, high) -&gt; IRQ 10
[    2.158206] virtio-pci 0000:00:04.0: PCI INT A -&gt; Link[LNKD] -&gt; GSI 11 (level, high) -&gt; IRQ 11
[    2.180693] ACPI: PCI Interrupt Link [LNKA] enabled at IRQ 10
[    2.181929] virtio-pci 0000:00:05.0: PCI INT A -&gt; Link[LNKA] -&gt; GSI 10 (level, high) -&gt; IRQ 10
[    2.194295] Serial: 8250/16550 driver, 32 ports, IRQ sharing enabled
[    2.239647] serial8250: ttyS0 at I/O 0x3f8 (irq = 4) is a 16550A
[    2.328858] serial8250: ttyS1 at I/O 0x2f8 (irq = 3) is a 16550A
[    2.459824] 00:05: ttyS0 at I/O 0x3f8 (irq = 4) is a 16550A
[    2.542973] 00:06: ttyS1 at I/O 0x2f8 (irq = 3) is a 16550A
[    2.570086] Refined TSC clocksource calibration: 2295.325 MHz.
[    2.571482] Switching to clocksource tsc
[    2.598948] Linux agpgart interface v0.103
[    2.661234] brd: module loaded
[    2.695583] loop: module loaded
[    2.752065]  vda: unknown partition table
[    2.810453] scsi0 : ata_piix
[    2.818036] scsi1 : ata_piix
[    2.819846] ata1: PATA max MWDMA2 cmd 0x1f0 ctl 0x3f6 bmdma 0xc0a0 irq 14
[    2.821823] ata2: PATA max MWDMA2 cmd 0x170 ctl 0x376 bmdma 0xc0a8 irq 15
[    2.839525] Fixed MDIO Bus: probed
[    2.841921] tun: Universal TUN/TAP device driver, 1.6
[    2.842663] tun: (C) 1999-2004 Max Krasnyansky &lt;maxk@qualcomm.com&gt;
[    2.861471] PPP generic driver version 2.4.2
[    2.879412] ehci_hcd: USB 2.0 'Enhanced' Host Controller (EHCI) Driver
[    2.883504] ohci_hcd: USB 1.1 'Open' Host Controller (OHCI) Driver
[    2.887796] uhci_hcd: USB Universal Host Controller Interface driver
[    2.891149] uhci_hcd 0000:00:01.2: PCI INT D -&gt; Link[LNKD] -&gt; GSI 11 (level, high) -&gt; IRQ 11
[    2.896988] uhci_hcd 0000:00:01.2: UHCI Host Controller
[    2.944977] uhci_hcd 0000:00:01.2: new USB bus registered, assigned bus number 1
[    2.949068] uhci_hcd 0000:00:01.2: irq 11, io base 0x0000c040
[    2.985344] hub 1-0:1.0: USB hub found
[    2.986667] hub 1-0:1.0: 2 ports detected
[    2.992914] usbcore: registered new interface driver libusual
[    2.995780] i8042: PNP: PS/2 Controller [PNP0303:KBD,PNP0f13:MOU] at 0x60,0x64 irq 1,12
[    3.002263] serio: i8042 KBD port at 0x60,0x64 irq 1
[    3.003685] serio: i8042 AUX port at 0x60,0x64 irq 12
[    3.035716] mousedev: PS/2 mouse device common for all mice
[    3.047158] input: AT Translated Set 2 keyboard as /devices/platform/i8042/serio0/input/input1
[    3.052084] rtc_cmos 00:01: RTC can wake from S4
[    3.066290] rtc_cmos 00:01: rtc core: registered rtc_cmos as rtc0
[    3.069509] rtc0: alarms up to one day, 114 bytes nvram, hpet irqs
[    3.074758] device-mapper: uevent: version 1.0.3
[    3.102148] device-mapper: ioctl: 4.22.0-ioctl (2011-10-19) initialised: dm-devel@redhat.com
[    3.105067] cpuidle: using governor ladder
[    3.106384] cpuidle: using governor menu
[    3.107420] EFI Variables Facility v0.08 2004-May-17
[    3.121113] TCP cubic registered
[    3.126798] NET: Registered protocol family 10
[    3.155544] NET: Registered protocol family 17
[    3.157179] Registering the dns_resolver key type
[    3.169684] ata2.01: ATAPI: QEMU DVD-ROM, 2.0.0, max UDMA/100
[    3.197300] ata2.01: configured for MWDMA2
[    3.232470] scsi 1:0:1:0: CD-ROM            QEMU     QEMU DVD-ROM     2.0. PQ: 0 ANSI: 5
[    3.264796] sr0: scsi3-mmc drive: 4x/4x cd/rw xa/form2 tray
[    3.267199] cdrom: Uniform CD-ROM driver Revision: 3.20
[    3.285375] sr 1:0:1:0: Attached scsi generic sg0 type 5
[    3.311649] Freeing initrd memory: 3656k freed
[    3.331020] registered taskstats version 1
[    3.847951]   Magic number: 0:82:627
[    3.856631] rtc_cmos 00:01: setting system clock to 2016-01-21 09:37:58 UTC (1453369078)
[    3.857985] powernow-k8: Processor cpuid 663 not supported
[    3.863374] BIOS EDD facility v0.16 2004-Jun-25, 0 devices found
[    3.864994] EDD information not available.
[    3.926182] Freeing unused kernel memory: 928k freed
[    3.932008] Write protecting the kernel read-only data: 12288k
[    4.047625] Freeing unused kernel memory: 1596k freed
[    4.134228] Freeing unused kernel memory: 1184k freed

info: initramfs: up at 4.31
modprobe: module virtio_blk not found in modules.dep
modprobe: module virtio_net not found in modules.dep
info: copying initramfs to /dev/vda
info: initramfs loading root from /dev/vda
info: /etc/init.d/rc.sysinit: up at 8.89
info: container: none
Starting logging: OK
modprobe: module virtio_blk not found in modules.dep
modprobe: module virtio_net not found in modules.dep
WARN: /etc/rc3.d/S10-load-modules failed
Initializing random number generator... done.
Starting acpid: OK
cirros-ds 'local' up at 11.42
found datasource (configdrive, local)
Starting network...
udhcpc (v1.20.1) started
Sending discover...
Sending discover...
Sending discover...
Usage: /sbin/cirros-dhcpc &lt;up|down&gt;
No lease, failing
WARN: /etc/rc3.d/S40-network failed
Starting dropbear sshd: generating rsa key... generating dsa key... OK
no userdata for datasource
=== system information ===
Platform: OpenStack Foundation OpenStack Nova
Container: none
Arch: x86_64
CPU(s): 1 @ 2295.301 MHz
Cores/Sockets/Threads: 1/1/1
Virt-type: AMD-V
RAM Size: 49MB
Disks:
NAME MAJ:MIN     SIZE LABEL         MOUNTPOINT
vda  253:0   25165824 cirros-rootfs /
sr0   11:0     428032 config-2      
=== sshd host keys ===
-----BEGIN SSH HOST KEY KEYS-----
ssh-rsa AAAAB3NzaC1yc2EAAAADAQABAAAAgwCBmmoOF7CHiYD11r7G8VDgMKytpuPd4RVdbPZQ+PEUBkfN2wqRUhph+z5hqoJ+NszxJPO2LFEehhEQxPeHD5iWTgPepSGYawqdgtPacuK6qSzSFcwY5ifLRFGdIAf96p5UYqc4fERusO7idHZECva9tZhZSVSdugRFiCC+aa3v79gn root@tempest
ssh-dss AAAAB3NzaC1kc3MAAACBAK+Rxivom4waEfPfd3lQVujODYoATRaV/DKE+0fbqxM9SFCbPB5fRukmZ1MWxdnktkMBP967PC/p1wRyeXKXixLfD5dCKoijWE+u/3Luvt1lXXU+tb1aYsxCdkr9+ldq7eHkzQjR7CgitKCkJSobPTEDek6yIXnibzGRT/6JvExzAAAAFQCvlg8dl/8zelmQsqmMBEXjrp4ybwAAAIArfo8/CJ6qHHVSBwhCHVNRRCifyfesLAXMHdVizSeiFAVSMUC6E1VLSU9IWZOMmOX/YjEAxp6tvRk3ArGDa3lT8ciOXmqiT9RQ/hHKl13VZP+HznoIvHrkzNTD1YEROPvYvfY+bKhbNSn5KTR3X0MCJaYgs3QXOGjOkXDFRinqSQAAAIEApAEiaPMqppBxBcNpcYjzkqXhvK+yRsBe0y44o3XPATZ8QiL8GocX5l6s809lxUYcPCq8YAWdwq1w5J+D7oDCj6QLmQbQhpTGoa6rxXRvvtraK0j3cKf8ESPrCwgVMha4MiUVTo1tGERdjDsjv5yfg0rPkO3u0xARCZHXXE6SIQI= root@tempest
-----END SSH HOST KEY KEYS-----
=== network info ===
if-info: lo,up,127.0.0.1,8,::1
if-info: eth0,up,,8,fe80::f816:3eff:fe90:10a5
=== datasource: configdrive local ===
instance-id: 79c16bf6-c874-42c5-a9d4-d51a0727d83f
name: tempest.common.compute-instance-268735505
availability-zone: nova
local-hostname: tempest.common.compute-instance-268735505.novalocal
launch-index: 0
=== cirros: current=0.3.4 uptime=201.56 ===
route: fscanf
=== pinging gateway failed, debugging connection ===
############ debug start ##############
### /etc/init.d/sshd start
Starting dropbear sshd: OK
route: fscanf
### ifconfig -a
eth0      Link encap:Ethernet  HWaddr FA:16:3E:90:10:A5  
          inet6 addr: fe80::f816:3eff:fe90:10a5/64 Scope:Link
          UP BROADCAST RUNNING MULTICAST  MTU:1500  Metric:1
          RX packets:13 errors:0 dropped:5 overruns:0 frame:0
          TX packets:8 errors:0 dropped:0 overruns:0 carrier:0
          collisions:0 txqueuelen:1000 
          RX bytes:1213 (1.1 KiB)  TX bytes:1134 (1.1 KiB)

lo        Link encap:Local Loopback  
          inet addr:127.0.0.1  Mask:255.0.0.0
          inet6 addr: ::1/128 Scope:Host
          UP LOOPBACK RUNNING  MTU:16436  Metric:1
          RX packets:12 errors:0 dropped:0 overruns:0 frame:0
          TX packets:12 errors:0 dropped:0 overruns:0 carrier:0
          collisions:0 txqueuelen:0 
          RX bytes:1020 (1020.0 B)  TX bytes:1020 (1020.0 B)

### route -n
Kernel IP routing table
Destination     Gateway         Genmask         Flags Metric Ref    Use Iface
route: fscanf
### cat /etc/resolv.conf
cat: can't open '/etc/resolv.conf': No such file or directory
### gateway not found
/sbin/cirros-status: line 1: can't open /etc/resolv.conf: no such file
### pinging nameservers
### uname -a
Linux tempest 3.2.0-80-virtual #116-Ubuntu SMP Mon Mar 23 17:28:52 UTC 2015 x86_64 GNU/Linux
### lsmod
Module                  Size  Used by    Not tainted
nls_iso8859_1          12713  0 
nls_cp437              16991  0 
vfat                   17585  0 
fat                    61512  1 vfat
isofs                  40259  0 
ip_tables              27473  0 
x_tables               29891  1 ip_tables
pcnet32                42119  0 
8139cp                 27360  0 
ne2k_pci               13691  0 
8390                   18856  1 ne2k_pci
e1000                 108589  0 
acpiphp                24231  0 
### dmesg | tail
[    5.051252] EXT3-fs (vda): mounted filesystem with ordered data mode
[    5.316619] ISO 9660 Extensions: Microsoft Joliet Level 3
[    5.384143] ISO 9660 Extensions: RRIP_1991A
[    5.609982] kjournald starting.  Commit interval 5 seconds
[    5.627328] EXT3-fs (vda): using internal journal
[    5.627497] EXT3-fs (vda): mounted filesystem with ordered data mode
[    8.990100] EXT3-fs (vda): using internal journal
[   12.163098] ISO 9660 Extensions: Microsoft Joliet Level 3
[   12.271189] ISO 9660 Extensions: RRIP_1991A
[   26.546258] eth0: no IPv6 routers present
### tail -n 25 /var/log/messages
Jan 21 09:38:04 cirros kern.info kernel: [    4.577123] acpiphp: Slot [21] registered
Jan 21 09:38:04 cirros kern.info kernel: [    4.577394] acpiphp: Slot [22] registered
Jan 21 09:38:04 cirros kern.info kernel: [    4.577742] acpiphp: Slot [23] registered
Jan 21 09:38:04 cirros kern.info kernel: [    4.578034] acpiphp: Slot [24] registered
Jan 21 09:38:04 cirros kern.info kernel: [    4.578323] acpiphp: Slot [25] registered
Jan 21 09:38:04 cirros kern.info kernel: [    4.578841] acpiphp: Slot [26] registered
Jan 21 09:38:05 cirros kern.info kernel: [    4.643211] e1000: Intel(R) PRO/1000 Network Driver - version 7.3.21-k8-NAPI
Jan 21 09:38:05 cirros kern.info kernel: [    4.643383] e1000: Copyright (c) 1999-2006 Intel Corporation.
Jan 21 09:38:05 cirros kern.info kernel: [    4.695426] ne2k-pci.c:v1.03 9/22/2003 D. Becker/P. Gortmaker
Jan 21 09:38:05 cirros kern.info kernel: [    4.735746] 8139cp: 8139cp: 10/100 PCI Ethernet driver v1.3 (Mar 22, 2004)
Jan 21 09:38:05 cirros kern.info kernel: [    4.779779] pcnet32: pcnet32.c:v1.35 21.Apr.2008 tsbogend@alpha.franken.de
Jan 21 09:38:05 cirros kern.info kernel: [    4.826505] ip_tables: (C) 2000-2006 Netfilter Core Team
Jan 21 09:38:05 cirros kern.info kernel: [    5.037589] kjournald starting.  Commit interval 5 seconds
Jan 21 09:38:05 cirros kern.info kernel: [    5.051252] EXT3-fs (vda): mounted filesystem with ordered data mode
Jan 21 09:38:05 cirros kern.debug kernel: [    5.316619] ISO 9660 Extensions: Microsoft Joliet Level 3
Jan 21 09:38:05 cirros kern.debug kernel: [    5.384143] ISO 9660 Extensions: RRIP_1991A
Jan 21 09:38:05 cirros kern.info kernel: [    5.609982] kjournald starting.  Commit interval 5 seconds
Jan 21 09:38:05 cirros kern.info kernel: [    5.627328] EXT3-fs (vda): using internal journal
Jan 21 09:38:05 cirros kern.info kernel: [    5.627497] EXT3-fs (vda): mounted filesystem with ordered data mode
Jan 21 09:38:05 cirros kern.info kernel: [    8.990100] EXT3-fs (vda): using internal journal
Jan 21 09:38:06 cirros kern.debug kernel: [   12.163098] ISO 9660 Extensions: Microsoft Joliet Level 3
Jan 21 09:38:06 cirros kern.debug kernel: [   12.271189] ISO 9660 Extensions: RRIP_1991A
Jan 21 09:38:09 cirros auth.notice su: + /dev/console root:cirros
Jan 21 09:38:21 cirros kern.debug kernel: [   26.546258] eth0: no IPv6 routers present
Jan 21 09:41:14 cirros authpriv.info dropbear[283]: Running in background
############ debug end   ##############
  ____               ____  ____
 / __/ __ ____ ____ / __ \/ __/
/ /__ / // __// __// /_/ /\ \ 
\___//_//_/  /_/   \____/___/ 
   http://cirros-cloud.net


login as 'cirros' user. default password: 'cubswin:)'. use 'sudo' for root.
tempest login: 
2016-01-21 09:42:05,743 15538 INFO     [tempest_lib.common.rest_client] Request (TestGettingAddress:_run_cleanups): 204 DELETE http://10.4.1.3:9696/v2.0/floatingips/71347106-3bf9-4e6b-a777-b10cc1016efb 0.384s
2016-01-21 09:42:05,744 15538 DEBUG    [tempest_lib.common.rest_client] Request - Headers: {'Content-Type': 'application/json', 'Accept': 'application/json', 'X-Auth-Token': '&lt;omitted&gt;'}
        Body: None
    Response - Headers: {'date': 'Thu, 21 Jan 2016 09:42:05 GMT', 'status': '204', 'connection': 'close', 'content-length': '0', 'x-openstack-request-id': 'req-a289616e-e63f-4638-be7e-c14f687341a4'}
        Body: 
2016-01-21 09:42:06,147 15538 INFO     [tempest_lib.common.rest_client] Request (TestGettingAddress:_run_cleanups): 204 DELETE http://10.4.1.3:8774/v2.1/ead5e7a2604047a593259af39f79cb10/servers/79c16bf6-c874-42c5-a9d4-d51a0727d83f 0.402s
2016-01-21 09:42:06,147 15538 DEBUG    [tempest_lib.common.rest_client] Request - Headers: {'Content-Type': 'application/json', 'Accept': 'application/json', 'X-Auth-Token': '&lt;omitted&gt;'}
        Body: None
    Response - Headers: {'status': '204', 'content-length': '0', 'x-compute-request-id': 'req-8755b5dd-f279-4f44-8fe7-19f43b63efc1', 'vary': 'X-OpenStack-Nova-API-Version', 'connection': 'close', 'x-openstack-nova-api-version': '2.1', 'date': 'Thu, 21 Jan 2016 09:42:06 GMT', 'content-type': 'application/json'}
        Body: 
2016-01-21 09:42:06,864 15538 INFO     [tempest_lib.common.rest_client] Request (TestGettingAddress:_run_cleanups): 200 GET http://10.4.1.3:8774/v2.1/ead5e7a2604047a593259af39f79cb10/servers/79c16bf6-c874-42c5-a9d4-d51a0727d83f 0.715s
2016-01-21 09:42:06,865 15538 DEBUG    [tempest_lib.common.rest_client] Request - Headers: {'Content-Type': 'application/json', 'Accept': 'application/json', 'X-Auth-Token': '&lt;omitted&gt;'}
        Body: None
    Response - Headers: {'status': '200', 'content-length': '1899', 'content-location': 'http://10.4.1.3:8774/v2.1/ead5e7a2604047a593259af39f79cb10/servers/79c16bf6-c874-42c5-a9d4-d51a0727d83f', 'x-compute-request-id': 'req-6f16b2eb-1599-4404-ad36-5db56e64fd42', 'vary': 'X-OpenStack-Nova-API-Version', 'connection': 'close', 'x-openstack-nova-api-version': '2.1', 'date': 'Thu, 21 Jan 2016 09:42:06 GMT', 'content-type': 'application/json'}
        Body: {"server": {"status": "ACTIVE", "updated": "2016-01-21T09:42:06Z", "hostId": "e29faa66748795fda06f9c9f42d05e2b1ae5e8059f7d8bf3cc0aa870", "addresses": {"tempest-network-smoke--434741207": [{"OS-EXT-IPS-MAC:mac_addr": "fa:16:3e:90:10:a5", "version": 4, "addr": "10.100.0.3", "OS-EXT-IPS:type": "fixed"}, {"OS-EXT-IPS-MAC:mac_addr": "fa:16:3e:90:10:a5", "version": 6, "addr": "2003::f816:3eff:fe90:10a5", "OS-EXT-IPS:type": "fixed"}, {"OS-EXT-IPS-MAC:mac_addr": "fa:16:3e:90:10:a5", "version": 4, "addr": "172.24.4.4", "OS-EXT-IPS:type": "floating"}]}, "links": [{"href": "http://10.4.1.3:8774/v2.1/ead5e7a2604047a593259af39f79cb10/servers/79c16bf6-c874-42c5-a9d4-d51a0727d83f", "rel": "self"}, {"href": "http://10.4.1.3:8774/ead5e7a2604047a593259af39f79cb10/servers/79c16bf6-c874-42c5-a9d4-d51a0727d83f", "rel": "bookmark"}], "key_name": "tempest-TestGettingAddress-1540947444", "image": {"id": "f183acbb-5140-4ee3-b21b-ec1d67c8ee44", "links": [{"href": "http://10.4.1.3:8774/ead5e7a2604047a593259af39f79cb10/images/f183acbb-5140-4ee3-b21b-ec1d67c8ee44", "rel": "bookmark"}]}, "OS-EXT-STS:task_state": "deleting", "OS-EXT-STS:vm_state": "active", "OS-SRV-USG:launched_at": "2016-01-21T09:37:51.000000", "flavor": {"id": "42", "links": [{"href": "http://10.4.1.3:8774/ead5e7a2604047a593259af39f79cb10/flavors/42", "rel": "bookmark"}]}, "id": "79c16bf6-c874-42c5-a9d4-d51a0727d83f", "security_groups": [{"name": "tempest-secgroup-smoke-1169199851"}], "OS-SRV-USG:terminated_at": null, "OS-EXT-AZ:availability_zone": "nova", "user_id": "c09207f4110c421a8e19eb264b25e820", "name": "tempest.common.compute-instance-268735505", "created": "2016-01-21T09:37:46Z", "tenant_id": "ead5e7a2604047a593259af39f79cb10", "OS-DCF:diskConfig": "MANUAL", "os-extended-volumes:volumes_attached": [], "accessIPv4": "", "accessIPv6": "", "progress": 0, "OS-EXT-STS:power_state": 1, "config_drive": "True", "metadata": {}}}
2016-01-21 09:42:08,086 15538 INFO     [tempest_lib.common.rest_client] Request (TestGettingAddress:_run_cleanups): 404 GET http://10.4.1.3:8774/v2.1/ead5e7a2604047a593259af39f79cb10/servers/79c16bf6-c874-42c5-a9d4-d51a0727d83f 0.202s
2016-01-21 09:42:08,087 15538 DEBUG    [tempest_lib.common.rest_client] Request - Headers: {'Content-Type': 'application/json', 'Accept': 'application/json', 'X-Auth-Token': '&lt;omitted&gt;'}
        Body: None
    Response - Headers: {'status': '404', 'content-length': '111', 'x-compute-request-id': 'req-8dff204e-5fc4-49e1-a3a5-648c4afd0bb1', 'vary': 'X-OpenStack-Nova-API-Version', 'connection': 'close', 'x-openstack-nova-api-version': '2.1', 'date': 'Thu, 21 Jan 2016 09:42:08 GMT', 'content-type': 'application/json; charset=UTF-8'}
        Body: {"itemNotFound": {"message": "Instance 79c16bf6-c874-42c5-a9d4-d51a0727d83f could not be found.", "code": 404}}
2016-01-21 09:42:08,590 15538 INFO     [tempest_lib.common.rest_client] Request (TestGettingAddress:_run_cleanups): 500 PUT http://10.4.1.3:9696/v2.0/routers/c219b1e2-18b4-42f4-aed2-c3f068ed886d/remove_router_interface 0.502s
2016-01-21 09:42:08,591 15538 DEBUG    [tempest_lib.common.rest_client] Request - Headers: {'Content-Type': 'application/json', 'Accept': 'application/json', 'X-Auth-Token': '&lt;omitted&gt;'}
        Body: {"subnet_id": "94b53fe4-427d-4ba8-8750-606974ee7114"}
    Response - Headers: {'status': '500', 'content-length': '150', 'connection': 'close', 'date': 'Thu, 21 Jan 2016 09:42:08 GMT', 'content-type': 'application/json; charset=UTF-8', 'x-openstack-request-id': 'req-68ef8beb-04cc-47fe-859b-eb760a82fb44'}
        Body: {"NeutronError": {"message": "Request Failed: internal server error while processing your request.", "type": "HTTPInternalServerError", "detail": ""}}
2016-01-21 09:42:09,014 15538 INFO     [tempest_lib.common.rest_client] Request (TestGettingAddress:_run_cleanups): 404 PUT http://10.4.1.3:9696/v2.0/routers/c219b1e2-18b4-42f4-aed2-c3f068ed886d/remove_router_interface 0.419s
2016-01-21 09:42:09,014 15538 DEBUG    [tempest_lib.common.rest_client] Request - Headers: {'Content-Type': 'application/json', 'Accept': 'application/json', 'X-Auth-Token': '&lt;omitted&gt;'}
        Body: {"subnet_id": "94b53fe4-427d-4ba8-8750-606974ee7114"}
    Response - Headers: {'status': '404', 'content-length': '198', 'connection': 'close', 'date': 'Thu, 21 Jan 2016 09:42:09 GMT', 'content-type': 'application/json; charset=UTF-8', 'x-openstack-request-id': 'req-08977805-dc3b-479e-86cb-9697b8eb3bd1'}
        Body: {"NeutronError": {"message": "Router c219b1e2-18b4-42f4-aed2-c3f068ed886d has no interface on subnet 94b53fe4-427d-4ba8-8750-606974ee7114", "type": "RouterInterfaceNotFoundForSubnet", "detail": ""}}
2016-01-21 09:42:09,503 15538 INFO     [tempest_lib.common.rest_client] Request (TestGettingAddress:_run_cleanups): 500 PUT http://10.4.1.3:9696/v2.0/routers/c219b1e2-18b4-42f4-aed2-c3f068ed886d/remove_router_interface 0.488s
2016-01-21 09:42:09,504 15538 DEBUG    [tempest_lib.common.rest_client] Request - Headers: {'Content-Type': 'application/json', 'Accept': 'application/json', 'X-Auth-Token': '&lt;omitted&gt;'}
        Body: {"subnet_id": "d1935864-9040-4a0a-92ef-1bb90a35c58f"}
    Response - Headers: {'status': '500', 'content-length': '150', 'connection': 'close', 'date': 'Thu, 21 Jan 2016 09:42:09 GMT', 'content-type': 'application/json; charset=UTF-8', 'x-openstack-request-id': 'req-7afb0321-c107-408f-a1e9-a3c617a0a763'}
        Body: {"NeutronError": {"message": "Request Failed: internal server error while processing your request.", "type": "HTTPInternalServerError", "detail": ""}}
2016-01-21 09:42:09,690 15538 INFO     [tempest_lib.common.rest_client] Request (TestGettingAddress:_run_cleanups): 200 GET http://10.4.1.3:9696/v2.0/routers/c219b1e2-18b4-42f4-aed2-c3f068ed886d 0.185s
2016-01-21 09:42:09,691 15538 DEBUG    [tempest_lib.common.rest_client] Request - Headers: {'Content-Type': 'application/json', 'Accept': 'application/json', 'X-Auth-Token': '&lt;omitted&gt;'}
        Body: None
    Response - Headers: {'status': '200', 'content-length': '501', 'content-location': 'http://10.4.1.3:9696/v2.0/routers/c219b1e2-18b4-42f4-aed2-c3f068ed886d', 'connection': 'close', 'date': 'Thu, 21 Jan 2016 09:42:09 GMT', 'content-type': 'application/json; charset=UTF-8', 'x-openstack-request-id': 'req-fef51c07-0c49-4cb8-81d0-b7d235df15b3'}
        Body: {"router": {"status": "ACTIVE", "external_gateway_info": {"network_id": "f2543f0d-2594-4a86-ab35-f16ad4826d1e", "enable_snat": true, "external_fixed_ips": [{"subnet_id": "7d6ee0cf-57ff-49e9-afc7-ae270d538fe5", "ip_address": "172.24.4.3"}, {"subnet_id": "e375f617-f8e1-4519-bd0a-ae5be579f155", "ip_address": "2001:db8::4"}]}, "name": "tempest-router-smoke-1689067989", "admin_state_up": true, "tenant_id": "ead5e7a2604047a593259af39f79cb10", "routes": [], "id": "c219b1e2-18b4-42f4-aed2-c3f068ed886d"}}
2016-01-21 09:42:10,259 15538 INFO     [tempest_lib.common.rest_client] Request (TestGettingAddress:_run_cleanups): 200 PUT http://10.4.1.3:9696/v2.0/routers/c219b1e2-18b4-42f4-aed2-c3f068ed886d 0.567s
2016-01-21 09:42:10,259 15538 DEBUG    [tempest_lib.common.rest_client] Request - Headers: {'Content-Type': 'application/json', 'Accept': 'application/json', 'X-Auth-Token': '&lt;omitted&gt;'}
        Body: {"router": {"external_gateway_info": {}, "name": "tempest-router-smoke-1689067989", "admin_state_up": true}}
    Response - Headers: {'status': '200', 'content-length': '239', 'connection': 'close', 'date': 'Thu, 21 Jan 2016 09:42:10 GMT', 'content-type': 'application/json; charset=UTF-8', 'x-openstack-request-id': 'req-c69b6eb3-e494-418c-8a95-e0387fd3f58c'}
        Body: {"router": {"status": "ACTIVE", "external_gateway_info": null, "name": "tempest-router-smoke-1689067989", "admin_state_up": true, "tenant_id": "ead5e7a2604047a593259af39f79cb10", "routes": [], "id": "c219b1e2-18b4-42f4-aed2-c3f068ed886d"}}
2016-01-21 09:42:10,621 15538 INFO     [tempest_lib.common.rest_client] Request (TestGettingAddress:_run_cleanups): 500 DELETE http://10.4.1.3:9696/v2.0/routers/c219b1e2-18b4-42f4-aed2-c3f068ed886d 0.361s
2016-01-21 09:42:10,622 15538 DEBUG    [tempest_lib.common.rest_client] Request - Headers: {'Content-Type': 'application/json', 'Accept': 'application/json', 'X-Auth-Token': '&lt;omitted&gt;'}
        Body: None
    Response - Headers: {'status': '500', 'content-length': '150', 'connection': 'close', 'date': 'Thu, 21 Jan 2016 09:42:10 GMT', 'content-type': 'application/json; charset=UTF-8', 'x-openstack-request-id': 'req-84172027-38ed-4db3-896f-722164d69c62'}
        Body: {"NeutronError": {"message": "Request Failed: internal server error while processing your request.", "type": "HTTPInternalServerError", "detail": ""}}
2016-01-21 09:42:10,850 15538 INFO     [tempest_lib.common.rest_client] Request (TestGettingAddress:_run_cleanups): 404 PUT http://10.4.1.3:9696/v2.0/routers/c219b1e2-18b4-42f4-aed2-c3f068ed886d/remove_router_interface 0.225s
2016-01-21 09:42:10,850 15538 DEBUG    [tempest_lib.common.rest_client] Request - Headers: {'Content-Type': 'application/json', 'Accept': 'application/json', 'X-Auth-Token': '&lt;omitted&gt;'}
        Body: {"subnet_id": "d1935864-9040-4a0a-92ef-1bb90a35c58f"}
    Response - Headers: {'status': '404', 'content-length': '135', 'connection': 'close', 'date': 'Thu, 21 Jan 2016 09:42:10 GMT', 'content-type': 'application/json; charset=UTF-8', 'x-openstack-request-id': 'req-f96a3803-80e2-4633-9492-3bfdfe690b1a'}
        Body: {"NeutronError": {"message": "Router c219b1e2-18b4-42f4-aed2-c3f068ed886d could not be found", "type": "RouterNotFound", "detail": ""}}
2016-01-21 09:42:11,627 15538 INFO     [tempest_lib.common.rest_client] Request (TestGettingAddress:_run_cleanups): 204 DELETE http://10.4.1.3:9696/v2.0/networks/651cf189-ee30-40c5-8e07-7ed5a7af8964 0.775s
2016-01-21 09:42:11,628 15538 DEBUG    [tempest_lib.common.rest_client] Request - Headers: {'Content-Type': 'application/json', 'Accept': 'application/json', 'X-Auth-Token': '&lt;omitted&gt;'}
        Body: None
    Response - Headers: {'date': 'Thu, 21 Jan 2016 09:42:11 GMT', 'status': '204', 'connection': 'close', 'content-length': '0', 'x-openstack-request-id': 'req-1d58336b-c466-4625-bd01-1cf88bc424fb'}
        Body: 
2016-01-21 09:42:11,845 15538 INFO     [tempest_lib.common.rest_client] Request (TestGettingAddress:_run_cleanups): 204 DELETE http://10.4.1.3:9696/v2.0/security-group-rules/22797fe4-f1c3-42db-aa27-d24d8516c433 0.216s
2016-01-21 09:42:11,846 15538 DEBUG    [tempest_lib.common.rest_client] Request - Headers: {'Content-Type': 'application/json', 'Accept': 'application/json', 'X-Auth-Token': '&lt;omitted&gt;'}
        Body: None
    Response - Headers: {'date': 'Thu, 21 Jan 2016 09:42:11 GMT', 'status': '204', 'connection': 'close', 'content-length': '0', 'x-openstack-request-id': 'req-c419cf66-4959-4ba6-acaf-243acd45df9d'}
        Body: 
2016-01-21 09:42:12,073 15538 INFO     [tempest_lib.common.rest_client] Request (TestGettingAddress:_run_cleanups): 204 DELETE http://10.4.1.3:9696/v2.0/security-group-rules/086753a4-8403-45fb-b2c6-f135525d4bdd 0.226s
