<?xml version="1.0" encoding="UTF-8"?>
<!DOCTYPE html PUBLIC "-//W3C//DTD XHTML 1.0 Strict//EN"
     "http://www.w3.org/TR/xhtml1/DTD/xhtml1-strict.dtd">
<html xmlns="http://www.w3.org/1999/xhtml">
<head>
    <title>Unit Test Report</title>
    <meta name="generator" content="subunit2html 0.1"/>
    <meta http-equiv="Content-Type" content="text/html; charset=UTF-8"/>
    
<style type="text/css" media="screen">
body        { font-family: verdana, arial, helvetica, sans-serif;
    font-size: 80%; }
table       { font-size: 100%; width: 100%;}
pre         { font-size: 80%; }

/* -- heading -------------------------------------------------------------- */
h1 {
        font-size: 16pt;
        color: gray;
}
.heading {
    margin-top: 0ex;
    margin-bottom: 1ex;
}

.heading .attribute {
    margin-top: 1ex;
    margin-bottom: 0;
}

.heading .description {
    margin-top: 4ex;
    margin-bottom: 6ex;
}

/* -- css div popup -------------------------------------------------------- */
a.popup_link {
}

a.popup_link:hover {
    color: red;
}

.popup_window {
    display: none;
    overflow-x: scroll;
    /*border: solid #627173 1px; */
    padding: 10px;
    background-color: #E6E6D6;
    font-family: "Ubuntu Mono", "Lucida Console", "Courier New", monospace;
    text-align: left;
    font-size: 8pt;
}

}
/* -- report --------------------------------------------------------------- */
#show_detail_line {
    margin-top: 3ex;
    margin-bottom: 1ex;
}
#result_table {
    width: 100%;
    border-collapse: collapse;
    border: 1px solid #777;
}
#header_row {
    font-weight: bold;
    color: white;
    background-color: #777;
}
#result_table td {
    border: 1px solid #777;
    padding: 2px;
}
#total_row  { font-weight: bold; }
.passClass  { background-color: #6c6; }
.failClass  { background-color: #c60; }
.errorClass { background-color: #c00; }
.passCase   { color: #6c6; }
.failCase   { color: #c60; font-weight: bold; }
.errorCase  { color: #c00; font-weight: bold; }
.hiddenRow  { display: none; }
.testcase   { margin-left: 2em; }
td.testname {width: 40%}
td.small {width: 40px}

/* -- ending --------------------------------------------------------------- */
#ending {
}

</style>

</head>
<body>
<script language="javascript" type="text/javascript"><!--
output_list = Array();

/* level - 0:Summary; 1:Failed; 2:All */
function showCase(level) {
    trs = document.getElementsByTagName("tr");
    for (var i = 0; i < trs.length; i++) {
        tr = trs[i];
        id = tr.id;
        if (id.substr(0,2) == 'ft') {
            if (level < 1) {
                tr.className = 'hiddenRow';
            }
            else {
                tr.className = '';
            }
        }
        if (id.substr(0,2) == 'pt') {
            if (level > 1) {
                tr.className = '';
            }
            else {
                tr.className = 'hiddenRow';
            }
        }
    }
}


function showClassDetail(cid, count) {
    var id_list = Array(count);
    var toHide = 1;
    for (var i = 0; i < count; i++) {
        tid0 = 't' + cid.substr(1) + '.' + (i+1);
        tid = 'f' + tid0;
        tr = document.getElementById(tid);
        if (!tr) {
            tid = 'p' + tid0;
            tr = document.getElementById(tid);
        }
        id_list[i] = tid;
        if (tr.className) {
            toHide = 0;
        }
    }
    for (var i = 0; i < count; i++) {
        tid = id_list[i];
        if (toHide) {
            document.getElementById('div_'+tid).style.display = 'none'
            document.getElementById(tid).className = 'hiddenRow';
        }
        else {
            document.getElementById(tid).className = '';
        }
    }
}


function showTestDetail(div_id){
    var details_div = document.getElementById(div_id)
    var displayState = details_div.style.display
    // alert(displayState)
    if (displayState != 'block' ) {
        displayState = 'block'
        details_div.style.display = 'block'
    }
    else {
        details_div.style.display = 'none'
    }
}


function html_escape(s) {
    s = s.replace(/&/g,'&amp;');
    s = s.replace(/</g,'&lt;');
    s = s.replace(/>/g,'&gt;');
    return s;
}

/* obsoleted by detail in <div>
function showOutput(id, name) {
    var w = window.open("", //url
                    name,
                    "resizable,scrollbars,status,width=800,height=450");
    d = w.document;
    d.write("<pre>");
    d.write(html_escape(output_list[id]));
    d.write("\n");
    d.write("<a href='javascript:window.close()'>close</a>\n");
    d.write("</pre>\n");
    d.close();
}
*/
--></script>

<div class='heading'>
<h1>Unit Test Report</h1>

<p class='attribute'><strong>Status:</strong> Failure 8</p>

<p class='description'></p>
</div>



<p id='show_detail_line'>Show
<a href='javascript:showCase(0)'>Summary</a>
<a href='javascript:showCase(1)'>Failed</a>
<a href='javascript:showCase(2)'>All</a>
</p>
<table id='result_table'>
<colgroup>
<col align='left' />
<col align='right' />
<col align='right' />
<col align='right' />
<col align='right' />
<col align='right' />
<col align='right' />
<col align='right' />
</colgroup>
<tr id='header_row'>
    <td>Test Group/Test case</td>
    <td>Count</td>
    <td>Pass</td>
    <td>Fail</td>
    <td>Error</td>
    <td>Skip</td>
    <td>View</td>
    <td> </td>
</tr>

<tr class='failClass'>
    <td class="testname">tempest.scenario.test_network_v6.TestGettingAddress</td>
    <td class="small">8</td>
    <td class="small">0</td>
    <td class="small">8</td>
    <td class="small">0</td>
    <td class="small">0</td>
    <td class="small"><a href="javascript:showClassDetail('c1',8)"
>Detail</a></td>
    <td> </td>
</tr>

<tr id='ft1.1' class='none'>
    <td class='failCase'><div class='testcase'>test_dhcp6_stateless_from_os[compute,id-d7e1f858-187c-45a6-89c9-bdafde619a9f,network,slow]</div></td>
    <td colspan='7' align='left'>

    <!--css div popup start-->
    <a class="popup_link" onfocus='this.blur();'
    href="javascript:showTestDetail('div_ft1.1')" >
        fail</a>

    <div id='div_ft1.1' class="popup_window">
        <div style='text-align: right; color:red;cursor:pointer'>
        <a onfocus='this.blur();'
onclick="document.getElementById('div_ft1.1').style.display = 'none' " >
           [x]</a>
        </div>
        <pre>
        
ft1.1: tempest.scenario.test_network_v6.TestGettingAddress.test_dhcp6_stateless_from_os[compute,id-d7e1f858-187c-45a6-89c9-bdafde619a9f,network,slow]_StringException: Empty attachments:
  stderr
  stdout

pythonlogging:'': {{{
2016-02-20 16:59:52,436 27827 INFO     [tempest_lib.common.rest_client] Request (TestGettingAddress:setUp): 200 POST http://10.4.1.3:8774/v2.1/5f86de4625394ed7b19ad2b98e6968d6/os-keypairs 0.399s
2016-02-20 16:59:52,437 27827 DEBUG    [tempest_lib.common.rest_client] Request - Headers: {'Content-Type': 'application/json', 'Accept': 'application/json', 'X-Auth-Token': '&lt;omitted&gt;'}
        Body: {"keypair": {"name": "tempest-TestGettingAddress-3630350"}}
    Response - Headers: {'status': '200', 'content-length': '2317', 'x-compute-request-id': 'req-d69ac7b1-516f-4374-b868-91cf03668e68', 'vary': 'X-OpenStack-Nova-API-Version', 'connection': 'close', 'x-openstack-nova-api-version': '2.1', 'date': 'Sat, 20 Feb 2016 16:59:52 GMT', 'content-type': 'application/json'}
        Body: {"keypair": {"public_key": "ssh-rsa AAAAB3NzaC1yc2EAAAADAQABAAABAQCwnq1Yshh2+II79vYsm2GDUt2fHFF3sQVe+VnfzqI5vRyWgi6Wc89AnfmRec2hXuiJwWpsBY22OcbvXKaxvaugICaukEBse//lcIg3hYpdv4AU3RHPRj9x6s/7v2Ru/kY8RW6kZhCYltH4WTradt1D279bpRYb8k2zVWkAEBwIQtmPJKrfmsC+22khx+0Nzq38EHHszZS3HAg+Z3wMa0/JgKeEw2wiZctt7+QSz7RR11spuwsqLaXDljEl615Uhz7aXm3kqhxVWJNBVy8o/utJYt3RBUzL/NHbHbKdyQHAJhfJNAIv86RlrVIzmQSOHni1EMPJwSJHxV2oqcqUCg+X Generated-by-Nova", "private_key": "-----BEGIN RSA PRIVATE KEY-----\nMIIEqAIBAAKCAQEAsJ6tWLIYdviCO/b2LJthg1LdnxxRd7EFXvlZ386iOb0cloIu\nlnPPQJ35kXnNoV7oicFqbAWNtjnG71ymsb2roCAmrpBAbHv/5XCIN4WKXb+AFN0R\nz0Y/cerP+79kbv5GPEVupGYQmJbR+Fk62nbdQ9u/W6UWG/JNs1VpABAcCELZjySq\n35rAvttpIcftDc6t/BBx7M2UtxwIPmd8DGtPyYCnhMNsImXLbe/kEs+0UddbKbsL\nKi2lw5YxJeteVIc+2l5t5KocVViTQVcvKP7rSWLd0QVMy/zR2x2ynckBwCYXyTQC\nL/OkZa1SM5kEjh54tRDDycEiR8VdqKnKlAoPlwIDAQABAoIBAF5OvBzqK+oK0++U\n9Onope7rZm85Pb79hPKrjnPU8AaIliU/qgSoHfhQ4hvtwAD0npI/9sVrSboNq83P\n2Sp7LpM316/KUrwakg8/QVz0L2fTg16glIvq5KG9UgUIs2YY3AP+xw99eEsh7UgA\nzU4tvgQn6EvVILMXdKnXZ1OjRnSZ6aMmzj2GyI7d654lLV9YFvg9VeDrwu2Qp2Xn\nQhhWLhhk8qE4YzbZSE3zkJpQMzm2X9rNGlN/1t/io0aV0PHDQFFlNxlj7969EGci\nHSp+Kit1DUqNG3Yg+V0+MFi+7RkgtROSoII1Hwnc3HzvuLyGdJcsWQzGEUdmH9A8\ndMu6u1ECggCBAMQpQ6/ooXQwxK4yPSH7tj/kxncY2OOkEss39c8gUs8oC4K2Rk5m\nW62II0fYCD0kg6F/SuryObyp3B2AFmKvqsTKyApdxakJooLQlTDUKMriylEa7cxB\n4tjaHrHctcBlL9J++IrokjVVH9FutVTrFzVTB5jRrH95y0HwDzwFLi3LAoIAgQDm\nf2Cn1Bm4jLIBnjPBqLnws0EKElhrEc9lCX9EjA4ntqLBiJLxSngtjvq5L3allmVQ\noqHzeOne8tOOO472Ssa4RHtzCAxIFdFuPSZywtZ5DaFHaCJuckdkKQttgAued5Tx\nd2pMpwMVYjHlLwWPNmnEH+HABbVm4S1lXw8/Lt4r5QKCAIEAkmc91n9oaQCw+lYS\nnFdyWVOU8HSCA7yELloQwsscIvJ/TMpfxMnOaMCvnEJXO9MRzynjL2EjyHR6DSZ5\nDqSPbpruHBaKnLPNL5cfkjb2Tx5e45OWoZkXBsQcnqDcocCjpZYQSBR2cwmaWsQm\n4D8prinPBLaQ6P9svUS/CgvPwGsCggCAHwm+ATt9by169t7Px18qErCArJOF1n0i\neU+LFLbrXQup5Pe4GcfWYQQk3PT4PBoBcJdFyZxZmc0HEdsRSDcPhVarbPUDel19\nwyN23vM/oDNmqU/rewXmeSVRxZ/9cIxXwSA8by/6KVH8uAjZ7cv8+Az3AD2EjOL7\nku/3BKISBsUCggCALfKzKFn9TTbM8JuilkaD4FpKRkm93DLySQEc0B4VTUWjjBlB\n53yd0HqFeQc17yxiQKnFwCe+dKFUaNg0lODALWVNB71HMILywIBolzNj5XcU0/OF\nsXmDKJoAQKsnAs9BCnE0JKL4r4441rlHOuQq0XyytuYK8N8yJwqZr68nCA8=\n-----END RSA PRIVATE KEY-----\n", "user_id": "5f0afa2f286f473d97f1c89253963406", "name": "tempest-TestGettingAddress-3630350", "fingerprint": "27:3b:3e:33:50:8d:31:ce:b8:3a:73:ed:4d:f4:09:4a"}}
2016-02-20 16:59:52,811 27827 INFO     [tempest_lib.common.rest_client] Request (TestGettingAddress:setUp): 201 POST http://10.4.1.3:9696/v2.0/security-groups 0.369s
2016-02-20 16:59:52,811 27827 DEBUG    [tempest_lib.common.rest_client] Request - Headers: {'Content-Type': 'application/json', 'Accept': 'application/json', 'X-Auth-Token': '&lt;omitted&gt;'}
        Body: {"security_group": {"tenant_id": "5f86de4625394ed7b19ad2b98e6968d6", "description": "tempest-secgroup-smoke-1946769022 description", "name": "tempest-secgroup-smoke-1946769022"}}
    Response - Headers: {'status': '201', 'content-length': '888', 'connection': 'close', 'date': 'Sat, 20 Feb 2016 16:59:52 GMT', 'content-type': 'application/json; charset=UTF-8', 'x-openstack-request-id': 'req-9ae4e9a1-2c5e-4030-92a6-7426faa903f4'}
        Body: {"security_group": {"tenant_id": "5f86de4625394ed7b19ad2b98e6968d6", "description": "tempest-secgroup-smoke-1946769022 description", "id": "7d2d6346-7a69-43d7-a0cb-e3786a7708af", "security_group_rules": [{"remote_group_id": null, "direction": "egress", "remote_ip_prefix": null, "protocol": null, "ethertype": "IPv4", "tenant_id": "5f86de4625394ed7b19ad2b98e6968d6", "port_range_max": null, "port_range_min": null, "id": "f36f4e82-130e-495b-9545-b35dc20e9b41", "security_group_id": "7d2d6346-7a69-43d7-a0cb-e3786a7708af"}, {"remote_group_id": null, "direction": "egress", "remote_ip_prefix": null, "protocol": null, "ethertype": "IPv6", "tenant_id": "5f86de4625394ed7b19ad2b98e6968d6", "port_range_max": null, "port_range_min": null, "id": "e357f953-6add-4f6f-b3b0-2fe405e0d4ff", "security_group_id": "7d2d6346-7a69-43d7-a0cb-e3786a7708af"}], "name": "tempest-secgroup-smoke-1946769022"}}
2016-02-20 16:59:53,154 27827 INFO     [tempest_lib.common.rest_client] Request (TestGettingAddress:setUp): 201 POST http://10.4.1.3:9696/v2.0/security-group-rules 0.342s
2016-02-20 16:59:53,155 27827 DEBUG    [tempest_lib.common.rest_client] Request - Headers: {'Content-Type': 'application/json', 'Accept': 'application/json', 'X-Auth-Token': '&lt;omitted&gt;'}
        Body: {"security_group_rule": {"direction": "ingress", "protocol": "tcp", "tenant_id": "5f86de4625394ed7b19ad2b98e6968d6", "port_range_max": 22, "security_group_id": "7d2d6346-7a69-43d7-a0cb-e3786a7708af", "port_range_min": 22}}
    Response - Headers: {'status': '201', 'content-length': '340', 'connection': 'close', 'date': 'Sat, 20 Feb 2016 16:59:53 GMT', 'content-type': 'application/json; charset=UTF-8', 'x-openstack-request-id': 'req-15887ab2-203d-417d-b5cc-60307f2a761b'}
        Body: {"security_group_rule": {"remote_group_id": null, "direction": "ingress", "remote_ip_prefix": null, "protocol": "tcp", "ethertype": "IPv4", "tenant_id": "5f86de4625394ed7b19ad2b98e6968d6", "port_range_max": 22, "port_range_min": 22, "id": "b2222acf-40b5-44ee-9eb5-468d11eff0d7", "security_group_id": "7d2d6346-7a69-43d7-a0cb-e3786a7708af"}}
2016-02-20 16:59:53,481 27827 INFO     [tempest_lib.common.rest_client] Request (TestGettingAddress:setUp): 201 POST http://10.4.1.3:9696/v2.0/security-group-rules 0.324s
2016-02-20 16:59:53,482 27827 DEBUG    [tempest_lib.common.rest_client] Request - Headers: {'Content-Type': 'application/json', 'Accept': 'application/json', 'X-Auth-Token': '&lt;omitted&gt;'}
        Body: {"security_group_rule": {"direction": "egress", "protocol": "tcp", "tenant_id": "5f86de4625394ed7b19ad2b98e6968d6", "port_range_max": 22, "security_group_id": "7d2d6346-7a69-43d7-a0cb-e3786a7708af", "port_range_min": 22}}
    Response - Headers: {'status': '201', 'content-length': '339', 'connection': 'close', 'date': 'Sat, 20 Feb 2016 16:59:53 GMT', 'content-type': 'application/json; charset=UTF-8', 'x-openstack-request-id': 'req-e2e3c7f3-d573-448c-b716-12668a2572b9'}
        Body: {"security_group_rule": {"remote_group_id": null, "direction": "egress", "remote_ip_prefix": null, "protocol": "tcp", "ethertype": "IPv4", "tenant_id": "5f86de4625394ed7b19ad2b98e6968d6", "port_range_max": 22, "port_range_min": 22, "id": "21801a5b-e57b-4042-8e19-436c121aa44f", "security_group_id": "7d2d6346-7a69-43d7-a0cb-e3786a7708af"}}
2016-02-20 16:59:53,810 27827 INFO     [tempest_lib.common.rest_client] Request (TestGettingAddress:setUp): 201 POST http://10.4.1.3:9696/v2.0/security-group-rules 0.327s
2016-02-20 16:59:53,811 27827 DEBUG    [tempest_lib.common.rest_client] Request - Headers: {'Content-Type': 'application/json', 'Accept': 'application/json', 'X-Auth-Token': '&lt;omitted&gt;'}
        Body: {"security_group_rule": {"tenant_id": "5f86de4625394ed7b19ad2b98e6968d6", "direction": "ingress", "protocol": "icmp", "security_group_id": "7d2d6346-7a69-43d7-a0cb-e3786a7708af"}}
    Response - Headers: {'status': '201', 'content-length': '345', 'connection': 'close', 'date': 'Sat, 20 Feb 2016 16:59:53 GMT', 'content-type': 'application/json; charset=UTF-8', 'x-openstack-request-id': 'req-fe5fd59f-25f6-41ea-a6ff-80425401eb4c'}
        Body: {"security_group_rule": {"remote_group_id": null, "direction": "ingress", "remote_ip_prefix": null, "protocol": "icmp", "ethertype": "IPv4", "tenant_id": "5f86de4625394ed7b19ad2b98e6968d6", "port_range_max": null, "port_range_min": null, "id": "39d4f67b-3c16-4e67-a943-86302d41f7a7", "security_group_id": "7d2d6346-7a69-43d7-a0cb-e3786a7708af"}}
2016-02-20 16:59:54,136 27827 INFO     [tempest_lib.common.rest_client] Request (TestGettingAddress:setUp): 201 POST http://10.4.1.3:9696/v2.0/security-group-rules 0.324s
2016-02-20 16:59:54,137 27827 DEBUG    [tempest_lib.common.rest_client] Request - Headers: {'Content-Type': 'application/json', 'Accept': 'application/json', 'X-Auth-Token': '&lt;omitted&gt;'}
        Body: {"security_group_rule": {"tenant_id": "5f86de4625394ed7b19ad2b98e6968d6", "direction": "egress", "protocol": "icmp", "security_group_id": "7d2d6346-7a69-43d7-a0cb-e3786a7708af"}}
    Response - Headers: {'status': '201', 'content-length': '344', 'connection': 'close', 'date': 'Sat, 20 Feb 2016 16:59:54 GMT', 'content-type': 'application/json; charset=UTF-8', 'x-openstack-request-id': 'req-1b589fcf-4d5d-4490-87ef-e471add20072'}
        Body: {"security_group_rule": {"remote_group_id": null, "direction": "egress", "remote_ip_prefix": null, "protocol": "icmp", "ethertype": "IPv4", "tenant_id": "5f86de4625394ed7b19ad2b98e6968d6", "port_range_max": null, "port_range_min": null, "id": "ec45d273-1b14-486f-bcf7-bab0def47830", "security_group_id": "7d2d6346-7a69-43d7-a0cb-e3786a7708af"}}
2016-02-20 16:59:54,461 27827 INFO     [tempest_lib.common.rest_client] Request (TestGettingAddress:setUp): 201 POST http://10.4.1.3:9696/v2.0/security-group-rules 0.322s
2016-02-20 16:59:54,462 27827 DEBUG    [tempest_lib.common.rest_client] Request - Headers: {'Content-Type': 'application/json', 'Accept': 'application/json', 'X-Auth-Token': '&lt;omitted&gt;'}
        Body: {"security_group_rule": {"tenant_id": "5f86de4625394ed7b19ad2b98e6968d6", "direction": "ingress", "security_group_id": "7d2d6346-7a69-43d7-a0cb-e3786a7708af", "protocol": "icmp", "ethertype": "IPv6"}}
    Response - Headers: {'status': '201', 'content-length': '345', 'connection': 'close', 'date': 'Sat, 20 Feb 2016 16:59:54 GMT', 'content-type': 'application/json; charset=UTF-8', 'x-openstack-request-id': 'req-c9d10e3a-d9da-4bf5-8e95-becc7f62e716'}
        Body: {"security_group_rule": {"remote_group_id": null, "direction": "ingress", "remote_ip_prefix": null, "protocol": "icmp", "ethertype": "IPv6", "tenant_id": "5f86de4625394ed7b19ad2b98e6968d6", "port_range_max": null, "port_range_min": null, "id": "d2ee6eed-5e6c-47ae-83fe-294ff0b843c6", "security_group_id": "7d2d6346-7a69-43d7-a0cb-e3786a7708af"}}
2016-02-20 16:59:54,785 27827 INFO     [tempest_lib.common.rest_client] Request (TestGettingAddress:setUp): 201 POST http://10.4.1.3:9696/v2.0/security-group-rules 0.319s
2016-02-20 16:59:54,785 27827 DEBUG    [tempest_lib.common.rest_client] Request - Headers: {'Content-Type': 'application/json', 'Accept': 'application/json', 'X-Auth-Token': '&lt;omitted&gt;'}
        Body: {"security_group_rule": {"tenant_id": "5f86de4625394ed7b19ad2b98e6968d6", "direction": "egress", "security_group_id": "7d2d6346-7a69-43d7-a0cb-e3786a7708af", "protocol": "icmp", "ethertype": "IPv6"}}
    Response - Headers: {'status': '201', 'content-length': '344', 'connection': 'close', 'date': 'Sat, 20 Feb 2016 16:59:54 GMT', 'content-type': 'application/json; charset=UTF-8', 'x-openstack-request-id': 'req-8570ada2-f8b1-4271-8670-95a68ac8af23'}
        Body: {"security_group_rule": {"remote_group_id": null, "direction": "egress", "remote_ip_prefix": null, "protocol": "icmp", "ethertype": "IPv6", "tenant_id": "5f86de4625394ed7b19ad2b98e6968d6", "port_range_max": null, "port_range_min": null, "id": "5f99f4f7-399d-4e6c-8a5f-eccc8ac95d9a", "security_group_id": "7d2d6346-7a69-43d7-a0cb-e3786a7708af"}}
2016-02-20 16:59:55,263 27827 INFO     [tempest_lib.common.rest_client] Request (TestGettingAddress:test_dhcp6_stateless_from_os): 201 POST http://10.4.1.3:9696/v2.0/networks 0.476s
2016-02-20 16:59:55,264 27827 DEBUG    [tempest_lib.common.rest_client] Request - Headers: {'Content-Type': 'application/json', 'Accept': 'application/json', 'X-Auth-Token': '&lt;omitted&gt;'}
        Body: {"network": {"tenant_id": "5f86de4625394ed7b19ad2b98e6968d6", "name": "tempest-network-smoke--1932773973"}}
    Response - Headers: {'status': '201', 'content-length': '356', 'connection': 'close', 'date': 'Sat, 20 Feb 2016 16:59:55 GMT', 'content-type': 'application/json; charset=UTF-8', 'x-openstack-request-id': 'req-8cb0a503-895a-403f-8c88-f768692c23e8'}
        Body: {"network": {"status": "ACTIVE", "subnets": [], "availability_zone_hints": [], "availability_zones": [], "name": "tempest-network-smoke--1932773973", "admin_state_up": true, "tenant_id": "5f86de4625394ed7b19ad2b98e6968d6", "mtu": 1450, "router:external": false, "shared": false, "port_security_enabled": true, "id": "06eec7c5-1588-4ec7-a7ac-7ba67767b06e"}}
2016-02-20 16:59:55,560 27827 INFO     [tempest_lib.common.rest_client] Request (TestGettingAddress:test_dhcp6_stateless_from_os): 200 GET http://10.4.1.3:9696/v2.0/subnets?tenant_id=5f86de4625394ed7b19ad2b98e6968d6&amp;cidr=10.100.0.0%2F28 0.293s
2016-02-20 16:59:55,561 27827 DEBUG    [tempest_lib.common.rest_client] Request - Headers: {'Content-Type': 'application/json', 'Accept': 'application/json', 'X-Auth-Token': '&lt;omitted&gt;'}
        Body: None
    Response - Headers: {'status': '200', 'content-length': '15', 'content-location': 'http://10.4.1.3:9696/v2.0/subnets?tenant_id=5f86de4625394ed7b19ad2b98e6968d6&amp;cidr=10.100.0.0%2F28', 'connection': 'close', 'date': 'Sat, 20 Feb 2016 16:59:55 GMT', 'content-type': 'application/json; charset=UTF-8', 'x-openstack-request-id': 'req-bb7e8dc8-a304-4b9a-b5ad-130ed36b118a'}
        Body: {"subnets": []}
2016-02-20 16:59:56,136 27827 INFO     [tempest_lib.common.rest_client] Request (TestGettingAddress:test_dhcp6_stateless_from_os): 201 POST http://10.4.1.3:9696/v2.0/subnets 0.573s
2016-02-20 16:59:56,136 27827 DEBUG    [tempest_lib.common.rest_client] Request - Headers: {'Content-Type': 'application/json', 'Accept': 'application/json', 'X-Auth-Token': '&lt;omitted&gt;'}
        Body: {"subnet": {"ip_version": 4, "tenant_id": "5f86de4625394ed7b19ad2b98e6968d6", "cidr": "10.100.0.0/28", "network_id": "06eec7c5-1588-4ec7-a7ac-7ba67767b06e", "name": "tempest-sub4-1961362668"}}
    Response - Headers: {'status': '201', 'content-length': '470', 'connection': 'close', 'date': 'Sat, 20 Feb 2016 16:59:56 GMT', 'content-type': 'application/json; charset=UTF-8', 'x-openstack-request-id': 'req-eb01f7e6-3ada-4ecc-a52c-ffe9736752ea'}
        Body: {"subnet": {"name": "tempest-sub4-1961362668", "enable_dhcp": true, "network_id": "06eec7c5-1588-4ec7-a7ac-7ba67767b06e", "tenant_id": "5f86de4625394ed7b19ad2b98e6968d6", "dns_nameservers": [], "gateway_ip": "10.100.0.1", "ipv6_ra_mode": null, "allocation_pools": [{"start": "10.100.0.2", "end": "10.100.0.14"}], "host_routes": [], "ip_version": 4, "ipv6_address_mode": null, "cidr": "10.100.0.0/28", "id": "ad6295dc-24fe-4de9-ad26-ed81cde45762", "subnetpool_id": null}}
2016-02-20 16:59:56,396 27827 INFO     [tempest_lib.common.rest_client] Request (TestGettingAddress:test_dhcp6_stateless_from_os): 201 POST http://10.4.1.3:9696/v2.0/routers 0.258s
2016-02-20 16:59:56,397 27827 DEBUG    [tempest_lib.common.rest_client] Request - Headers: {'Content-Type': 'application/json', 'Accept': 'application/json', 'X-Auth-Token': '&lt;omitted&gt;'}
        Body: {"router": {"tenant_id": "5f86de4625394ed7b19ad2b98e6968d6", "name": "tempest-router-smoke-882458952", "admin_state_up": true}}
    Response - Headers: {'status': '201', 'content-length': '238', 'connection': 'close', 'date': 'Sat, 20 Feb 2016 16:59:56 GMT', 'content-type': 'application/json; charset=UTF-8', 'x-openstack-request-id': 'req-06548f8b-301e-4a68-acce-dab095371fdc'}
        Body: {"router": {"status": "ACTIVE", "external_gateway_info": null, "name": "tempest-router-smoke-882458952", "admin_state_up": true, "tenant_id": "5f86de4625394ed7b19ad2b98e6968d6", "routes": [], "id": "b4d1d49d-cf25-491c-9b0e-981ca1b215d5"}}
2016-02-20 16:59:56,648 27827 INFO     [tempest_lib.common.rest_client] Request (TestGettingAddress:test_dhcp6_stateless_from_os): 200 GET http://10.4.1.3:9696/v2.0/routers/b4d1d49d-cf25-491c-9b0e-981ca1b215d5 0.249s
2016-02-20 16:59:56,648 27827 DEBUG    [tempest_lib.common.rest_client] Request - Headers: {'Content-Type': 'application/json', 'Accept': 'application/json', 'X-Auth-Token': '&lt;omitted&gt;'}
        Body: None
    Response - Headers: {'status': '200', 'content-length': '238', 'content-location': 'http://10.4.1.3:9696/v2.0/routers/b4d1d49d-cf25-491c-9b0e-981ca1b215d5', 'connection': 'close', 'date': 'Sat, 20 Feb 2016 16:59:56 GMT', 'content-type': 'application/json; charset=UTF-8', 'x-openstack-request-id': 'req-4a4f41cf-5ef6-4bfd-9f44-7f9e55ee1391'}
        Body: {"router": {"status": "ACTIVE", "external_gateway_info": null, "name": "tempest-router-smoke-882458952", "admin_state_up": true, "tenant_id": "5f86de4625394ed7b19ad2b98e6968d6", "routes": [], "id": "b4d1d49d-cf25-491c-9b0e-981ca1b215d5"}}
2016-02-20 16:59:57,585 27827 INFO     [tempest_lib.common.rest_client] Request (TestGettingAddress:test_dhcp6_stateless_from_os): 200 PUT http://10.4.1.3:9696/v2.0/routers/b4d1d49d-cf25-491c-9b0e-981ca1b215d5 0.936s
2016-02-20 16:59:57,585 27827 DEBUG    [tempest_lib.common.rest_client] Request - Headers: {'Content-Type': 'application/json', 'Accept': 'application/json', 'X-Auth-Token': '&lt;omitted&gt;'}
        Body: {"router": {"external_gateway_info": {"network_id": "2f62e47b-1de5-435f-a497-0dddd24adc63"}, "name": "tempest-router-smoke-882458952", "admin_state_up": true}}
    Response - Headers: {'status': '200', 'content-length': '500', 'connection': 'close', 'date': 'Sat, 20 Feb 2016 16:59:57 GMT', 'content-type': 'application/json; charset=UTF-8', 'x-openstack-request-id': 'req-827b3052-48b3-43a3-a365-53ea756f5162'}
        Body: {"router": {"status": "ACTIVE", "external_gateway_info": {"network_id": "2f62e47b-1de5-435f-a497-0dddd24adc63", "enable_snat": true, "external_fixed_ips": [{"subnet_id": "9687af2c-2e22-43d4-af23-41d0ad474553", "ip_address": "172.24.4.3"}, {"subnet_id": "f156d629-24ff-4d96-abb6-002e818f7916", "ip_address": "2001:db8::4"}]}, "name": "tempest-router-smoke-882458952", "admin_state_up": true, "tenant_id": "5f86de4625394ed7b19ad2b98e6968d6", "routes": [], "id": "b4d1d49d-cf25-491c-9b0e-981ca1b215d5"}}
2016-02-20 16:59:58,329 27827 INFO     [tempest_lib.common.rest_client] Request (TestGettingAddress:test_dhcp6_stateless_from_os): 200 PUT http://10.4.1.3:9696/v2.0/routers/b4d1d49d-cf25-491c-9b0e-981ca1b215d5/add_router_interface 0.743s
2016-02-20 16:59:58,329 27827 DEBUG    [tempest_lib.common.rest_client] Request - Headers: {'Content-Type': 'application/json', 'Accept': 'application/json', 'X-Auth-Token': '&lt;omitted&gt;'}
        Body: {"subnet_id": "ad6295dc-24fe-4de9-ad26-ed81cde45762"}
    Response - Headers: {'status': '200', 'content-length': '309', 'connection': 'close', 'date': 'Sat, 20 Feb 2016 16:59:58 GMT', 'content-type': 'application/json; charset=UTF-8', 'x-openstack-request-id': 'req-e623e32b-fbf9-4b74-93b3-35f321b79fa5'}
        Body: {"network_id": "06eec7c5-1588-4ec7-a7ac-7ba67767b06e", "tenant_id": "5f86de4625394ed7b19ad2b98e6968d6", "subnet_id": "ad6295dc-24fe-4de9-ad26-ed81cde45762", "subnet_ids": ["ad6295dc-24fe-4de9-ad26-ed81cde45762"], "port_id": "5b2d9e79-63a3-441e-8394-64faa7dc88fb", "id": "b4d1d49d-cf25-491c-9b0e-981ca1b215d5"}
2016-02-20 16:59:58,584 27827 INFO     [tempest_lib.common.rest_client] Request (TestGettingAddress:test_dhcp6_stateless_from_os): 200 GET http://10.4.1.3:9696/v2.0/subnets?tenant_id=5f86de4625394ed7b19ad2b98e6968d6&amp;cidr=2003%3A%3A%2F64 0.253s
2016-02-20 16:59:58,585 27827 DEBUG    [tempest_lib.common.rest_client] Request - Headers: {'Content-Type': 'application/json', 'Accept': 'application/json', 'X-Auth-Token': '&lt;omitted&gt;'}
        Body: None
    Response - Headers: {'status': '200', 'content-length': '15', 'content-location': 'http://10.4.1.3:9696/v2.0/subnets?tenant_id=5f86de4625394ed7b19ad2b98e6968d6&amp;cidr=2003%3A%3A%2F64', 'connection': 'close', 'date': 'Sat, 20 Feb 2016 16:59:58 GMT', 'content-type': 'application/json; charset=UTF-8', 'x-openstack-request-id': 'req-b04e163c-c4da-4e7b-84bd-5c769dc9dfb7'}
        Body: {"subnets": []}
2016-02-20 16:59:59,848 27827 INFO     [tempest_lib.common.rest_client] Request (TestGettingAddress:test_dhcp6_stateless_from_os): 201 POST http://10.4.1.3:9696/v2.0/subnets 1.262s
2016-02-20 16:59:59,849 27827 DEBUG    [tempest_lib.common.rest_client] Request - Headers: {'Content-Type': 'application/json', 'Accept': 'application/json', 'X-Auth-Token': '&lt;omitted&gt;'}
        Body: {"subnet": {"name": "tempest-sub6-1330376510", "network_id": "06eec7c5-1588-4ec7-a7ac-7ba67767b06e", "tenant_id": "5f86de4625394ed7b19ad2b98e6968d6", "ipv6_ra_mode": "dhcpv6-stateless", "ip_version": 6, "ipv6_address_mode": "dhcpv6-stateless", "cidr": "2003::/64"}}
    Response - Headers: {'status': '201', 'content-length': '502', 'connection': 'close', 'date': 'Sat, 20 Feb 2016 16:59:59 GMT', 'content-type': 'application/json; charset=UTF-8', 'x-openstack-request-id': 'req-3d46d0e0-d5a5-479d-b801-93b3c77a5605'}
        Body: {"subnet": {"name": "tempest-sub6-1330376510", "enable_dhcp": true, "network_id": "06eec7c5-1588-4ec7-a7ac-7ba67767b06e", "tenant_id": "5f86de4625394ed7b19ad2b98e6968d6", "dns_nameservers": [], "gateway_ip": "2003::1", "ipv6_ra_mode": "dhcpv6-stateless", "allocation_pools": [{"start": "2003::2", "end": "2003::ffff:ffff:ffff:ffff"}], "host_routes": [], "ip_version": 6, "ipv6_address_mode": "dhcpv6-stateless", "cidr": "2003::/64", "id": "561b29f3-62a7-4471-8ab0-7ab482bdadd7", "subnetpool_id": null}}
2016-02-20 17:00:00,787 27827 INFO     [tempest_lib.common.rest_client] Request (TestGettingAddress:test_dhcp6_stateless_from_os): 200 PUT http://10.4.1.3:9696/v2.0/routers/b4d1d49d-cf25-491c-9b0e-981ca1b215d5/add_router_interface 0.936s
2016-02-20 17:00:00,787 27827 DEBUG    [tempest_lib.common.rest_client] Request - Headers: {'Content-Type': 'application/json', 'Accept': 'application/json', 'X-Auth-Token': '&lt;omitted&gt;'}
        Body: {"subnet_id": "561b29f3-62a7-4471-8ab0-7ab482bdadd7"}
    Response - Headers: {'status': '200', 'content-length': '309', 'connection': 'close', 'date': 'Sat, 20 Feb 2016 17:00:00 GMT', 'content-type': 'application/json; charset=UTF-8', 'x-openstack-request-id': 'req-fe9043b6-a142-443e-a7ef-5a273e28779f'}
        Body: {"network_id": "06eec7c5-1588-4ec7-a7ac-7ba67767b06e", "tenant_id": "5f86de4625394ed7b19ad2b98e6968d6", "subnet_id": "561b29f3-62a7-4471-8ab0-7ab482bdadd7", "subnet_ids": ["561b29f3-62a7-4471-8ab0-7ab482bdadd7"], "port_id": "8dc19c9e-9593-49a2-8ba2-68a4202df0fd", "id": "b4d1d49d-cf25-491c-9b0e-981ca1b215d5"}
2016-02-20 17:00:00,964 27827 INFO     [tempest_lib.common.rest_client] Request (TestGettingAddress:test_dhcp6_stateless_from_os): 200 POST http://10.4.1.3:5000/v2.0/tokens
2016-02-20 17:00:00,965 27827 DEBUG    [tempest_lib.common.rest_client] Request - Headers: {'Content-Type': 'application/json', 'Accept': 'application/json'}
        Body: &lt;omitted&gt;
    Response - Headers: {'status': '200', 'content-length': '2250', 'vary': 'X-Auth-Token', 'server': 'Apache/2.4.7 (Ubuntu)', 'connection': 'close', 'date': 'Sat, 20 Feb 2016 17:00:00 GMT', 'content-type': 'application/json', 'x-openstack-request-id': 'req-7f4c5cf6-171c-40ac-a7e5-debdbadde767'}
        Body: {"access": {"token": {"issued_at": "2016-02-20T17:00:00.950481", "expires": "2016-02-20T18:00:00Z", "id": "bcced8bef3b2457eb1859d41fdee6fd8", "tenant": {"description": "tempest-TestGettingAddress-37498351-desc", "enabled": true, "id": "5f86de4625394ed7b19ad2b98e6968d6", "name": "tempest-TestGettingAddress-37498351"}, "audit_ids": ["csfbnFKBShy2cQmupxHNbw"]}, "serviceCatalog": [{"endpoints": [{"adminURL": "http://10.4.1.3:9292", "region": "RegionOne", "internalURL": "http://10.4.1.3:9292", "id": "a133b8ab64b1413fa3f824e116e00de1", "publicURL": "http://10.4.1.3:9292"}], "endpoints_links": [], "type": "image", "name": "glance"}, {"endpoints": [{"adminURL": "http://10.4.1.3:8774/v2.1/5f86de4625394ed7b19ad2b98e6968d6", "region": "RegionOne", "internalURL": "http://10.4.1.3:8774/v2.1/5f86de4625394ed7b19ad2b98e6968d6", "id": "3213256315b047c890a1845fcc39d236", "publicURL": "http://10.4.1.3:8774/v2.1/5f86de4625394ed7b19ad2b98e6968d6"}], "endpoints_links": [], "type": "compute", "name": "nova"}, {"endpoints": [{"adminURL": "http://10.4.1.3:9696/", "region": "RegionOne", "internalURL": "http://10.4.1.3:9696/", "id": "2867077aa91b4642b2b172a4782bde28", "publicURL": "http://10.4.1.3:9696/"}], "endpoints_links": [], "type": "network", "name": "neutron"}, {"endpoints": [{"adminURL": "http://10.4.1.3:35357/v2.0", "region": "RegionOne", "internalURL": "http://10.4.1.3:5000/v2.0", "id": "168c6c773abe44048f65b6259716abf7", "publicURL": "http://10.4.1.3:5000/v2.0"}], "endpoints_links": [], "type": "identity", "name": "keystone"}, {"endpoints": [{"adminURL": "http://10.4.1.3:8774/v2/5f86de4625394ed7b19ad2b98e6968d6", "region": "RegionOne", "internalURL": "http://10.4.1.3:8774/v2/5f86de4625394ed7b19ad2b98e6968d6", "id": "550b4a6c894549e68dc8629d1903d603", "publicURL": "http://10.4.1.3:8774/v2/5f86de4625394ed7b19ad2b98e6968d6"}], "endpoints_links": [], "type": "compute_legacy", "name": "nova_legacy"}], "user": {"username": "tempest-TestGettingAddress-817255944", "roles_links": [], "id": "5f0afa2f286f473d97f1c89253963406", "roles": [{"name": "_member_"}, {"name": "Member"}], "name": "tempest-TestGettingAddress-817255944"}, "metadata": {"is_admin": 0, "roles": ["9fe2ff9ee4384b1894a90878d3e92bab", "1cf5454af10749f5b37ce8575e934b8c"]}}}
2016-02-20 17:00:00,969 27827 DEBUG    [tempest.common.fixed_network] (TestGettingAddress:test_dhcp6_stateless_from_os) No valid network provided or created, defaulting to fixed_network_name
2016-02-20 17:00:01,461 27827 INFO     [tempest_lib.common.rest_client] Request (TestGettingAddress:test_dhcp6_stateless_from_os): 200 GET http://10.4.1.3:8774/v2.1/5f86de4625394ed7b19ad2b98e6968d6/os-networks 0.491s
2016-02-20 17:00:01,461 27827 DEBUG    [tempest_lib.common.rest_client] Request - Headers: {'Content-Type': 'application/json', 'Accept': 'application/json', 'X-Auth-Token': '&lt;omitted&gt;'}
        Body: None
    Response - Headers: {'status': '200', 'content-length': '479', 'content-location': 'http://10.4.1.3:8774/v2.1/5f86de4625394ed7b19ad2b98e6968d6/os-networks', 'x-compute-request-id': 'req-c2807d19-6488-4b06-9506-20fa22841adf', 'vary': 'X-OpenStack-Nova-API-Version', 'connection': 'close', 'x-openstack-nova-api-version': '2.1', 'date': 'Sat, 20 Feb 2016 17:00:01 GMT', 'content-type': 'application/json'}
        Body: {"networks": [{"cidr_v6": null, "dns2": null, "dns1": null, "gateway": null, "broadcast": null, "netmask": null, "gateway_v6": null, "cidr": null, "label": "tempest-network-smoke--1932773973", "id": "06eec7c5-1588-4ec7-a7ac-7ba67767b06e", "netmask_v6": null}, {"cidr_v6": null, "dns2": null, "dns1": null, "gateway": null, "broadcast": null, "netmask": null, "gateway_v6": null, "cidr": null, "label": "public", "id": "2f62e47b-1de5-435f-a497-0dddd24adc63", "netmask_v6": null}]}
2016-02-20 17:00:01,462 27827 WARNING  [tempest.common.fixed_network] (TestGettingAddress:test_dhcp6_stateless_from_os) Network with name: private not found
2016-02-20 17:00:01,463 27827 INFO     [tempest.common.fixed_network] (TestGettingAddress:test_dhcp6_stateless_from_os) Found network {} available for tenant
2016-02-20 17:00:05,006 27827 INFO     [tempest_lib.common.rest_client] Request (TestGettingAddress:test_dhcp6_stateless_from_os): 202 POST http://10.4.1.3:8774/v2.1/5f86de4625394ed7b19ad2b98e6968d6/servers 3.541s
2016-02-20 17:00:05,006 27827 DEBUG    [tempest_lib.common.rest_client] Request - Headers: {'Content-Type': 'application/json', 'Accept': 'application/json', 'X-Auth-Token': '&lt;omitted&gt;'}
        Body: {"server": {"name": "tempest.common.compute-instance-990845353", "imageRef": "1e0afbf2-8cec-483b-85dc-b54c30d738c4", "key_name": "tempest-TestGettingAddress-3630350", "flavorRef": "42", "networks": [{"uuid": "06eec7c5-1588-4ec7-a7ac-7ba67767b06e"}], "security_groups": [{"name": "tempest-secgroup-smoke-1946769022"}]}}
    Response - Headers: {'status': '202', 'content-length': '460', 'x-compute-request-id': 'req-1bdeb327-a148-4c48-8aa2-31b458207389', 'vary': 'X-OpenStack-Nova-API-Version', 'connection': 'close', 'location': 'http://10.4.1.3:8774/v2.1/5f86de4625394ed7b19ad2b98e6968d6/servers/256b5019-d5d1-4206-a368-521a09637b31', 'x-openstack-nova-api-version': '2.1', 'date': 'Sat, 20 Feb 2016 17:00:05 GMT', 'content-type': 'application/json'}
        Body: {"server": {"security_groups": [{"name": "tempest-secgroup-smoke-1946769022"}], "OS-DCF:diskConfig": "MANUAL", "id": "256b5019-d5d1-4206-a368-521a09637b31", "links": [{"href": "http://10.4.1.3:8774/v2.1/5f86de4625394ed7b19ad2b98e6968d6/servers/256b5019-d5d1-4206-a368-521a09637b31", "rel": "self"}, {"href": "http://10.4.1.3:8774/5f86de4625394ed7b19ad2b98e6968d6/servers/256b5019-d5d1-4206-a368-521a09637b31", "rel": "bookmark"}], "adminPass": "H2nVHchXxCnP"}}
2016-02-20 17:00:05,488 27827 INFO     [tempest_lib.common.rest_client] Request (TestGettingAddress:test_dhcp6_stateless_from_os): 200 GET http://10.4.1.3:8774/v2.1/5f86de4625394ed7b19ad2b98e6968d6/servers/256b5019-d5d1-4206-a368-521a09637b31 0.478s
2016-02-20 17:00:05,489 27827 DEBUG    [tempest_lib.common.rest_client] Request - Headers: {'Content-Type': 'application/json', 'Accept': 'application/json', 'X-Auth-Token': '&lt;omitted&gt;'}
        Body: None
    Response - Headers: {'status': '200', 'content-length': '1347', 'content-location': 'http://10.4.1.3:8774/v2.1/5f86de4625394ed7b19ad2b98e6968d6/servers/256b5019-d5d1-4206-a368-521a09637b31', 'x-compute-request-id': 'req-c892d1ca-d0ce-436c-87c1-02d0e5155569', 'vary': 'X-OpenStack-Nova-API-Version', 'connection': 'close', 'x-openstack-nova-api-version': '2.1', 'date': 'Sat, 20 Feb 2016 17:00:05 GMT', 'content-type': 'application/json'}
        Body: {"server": {"status": "BUILD", "updated": "2016-02-20T17:00:05Z", "hostId": "", "addresses": {}, "links": [{"href": "http://10.4.1.3:8774/v2.1/5f86de4625394ed7b19ad2b98e6968d6/servers/256b5019-d5d1-4206-a368-521a09637b31", "rel": "self"}, {"href": "http://10.4.1.3:8774/5f86de4625394ed7b19ad2b98e6968d6/servers/256b5019-d5d1-4206-a368-521a09637b31", "rel": "bookmark"}], "key_name": "tempest-TestGettingAddress-3630350", "image": {"id": "1e0afbf2-8cec-483b-85dc-b54c30d738c4", "links": [{"href": "http://10.4.1.3:8774/5f86de4625394ed7b19ad2b98e6968d6/images/1e0afbf2-8cec-483b-85dc-b54c30d738c4", "rel": "bookmark"}]}, "OS-EXT-STS:task_state": "scheduling", "OS-EXT-STS:vm_state": "building", "OS-SRV-USG:launched_at": null, "flavor": {"id": "42", "links": [{"href": "http://10.4.1.3:8774/5f86de4625394ed7b19ad2b98e6968d6/flavors/42", "rel": "bookmark"}]}, "id": "256b5019-d5d1-4206-a368-521a09637b31", "OS-SRV-USG:terminated_at": null, "OS-EXT-AZ:availability_zone": "", "user_id": "5f0afa2f286f473d97f1c89253963406", "name": "tempest.common.compute-instance-990845353", "created": "2016-02-20T17:00:04Z", "tenant_id": "5f86de4625394ed7b19ad2b98e6968d6", "OS-DCF:diskConfig": "MANUAL", "os-extended-volumes:volumes_attached": [], "accessIPv4": "", "accessIPv6": "", "progress": 0, "OS-EXT-STS:power_state": 0, "config_drive": "", "metadata": {}}}
2016-02-20 17:00:07,124 27827 INFO     [tempest_lib.common.rest_client] Request (TestGettingAddress:test_dhcp6_stateless_from_os): 200 GET http://10.4.1.3:8774/v2.1/5f86de4625394ed7b19ad2b98e6968d6/servers/256b5019-d5d1-4206-a368-521a09637b31 0.625s
2016-02-20 17:00:07,125 27827 DEBUG    [tempest_lib.common.rest_client] Request - Headers: {'Content-Type': 'application/json', 'Accept': 'application/json', 'X-Auth-Token': '&lt;omitted&gt;'}
        Body: None
    Response - Headers: {'status': '200', 'content-length': '1405', 'content-location': 'http://10.4.1.3:8774/v2.1/5f86de4625394ed7b19ad2b98e6968d6/servers/256b5019-d5d1-4206-a368-521a09637b31', 'x-compute-request-id': 'req-b649c477-047e-40f1-ab37-6aca9fb492ae', 'vary': 'X-OpenStack-Nova-API-Version', 'connection': 'close', 'x-openstack-nova-api-version': '2.1', 'date': 'Sat, 20 Feb 2016 17:00:07 GMT', 'content-type': 'application/json'}
        Body: {"server": {"status": "BUILD", "updated": "2016-02-20T17:00:06Z", "hostId": "5e8cc96e48146654d459859e1a2e8a88ab3aaa7caec9e003956f139b", "addresses": {}, "links": [{"href": "http://10.4.1.3:8774/v2.1/5f86de4625394ed7b19ad2b98e6968d6/servers/256b5019-d5d1-4206-a368-521a09637b31", "rel": "self"}, {"href": "http://10.4.1.3:8774/5f86de4625394ed7b19ad2b98e6968d6/servers/256b5019-d5d1-4206-a368-521a09637b31", "rel": "bookmark"}], "key_name": "tempest-TestGettingAddress-3630350", "image": {"id": "1e0afbf2-8cec-483b-85dc-b54c30d738c4", "links": [{"href": "http://10.4.1.3:8774/5f86de4625394ed7b19ad2b98e6968d6/images/1e0afbf2-8cec-483b-85dc-b54c30d738c4", "rel": "bookmark"}]}, "OS-EXT-STS:task_state": "spawning", "OS-EXT-STS:vm_state": "building", "OS-SRV-USG:launched_at": null, "flavor": {"id": "42", "links": [{"href": "http://10.4.1.3:8774/5f86de4625394ed7b19ad2b98e6968d6/flavors/42", "rel": "bookmark"}]}, "id": "256b5019-d5d1-4206-a368-521a09637b31", "OS-SRV-USG:terminated_at": null, "OS-EXT-AZ:availability_zone": "nova", "user_id": "5f0afa2f286f473d97f1c89253963406", "name": "tempest.common.compute-instance-990845353", "created": "2016-02-20T17:00:04Z", "tenant_id": "5f86de4625394ed7b19ad2b98e6968d6", "OS-DCF:diskConfig": "MANUAL", "os-extended-volumes:volumes_attached": [], "accessIPv4": "", "accessIPv6": "", "progress": 0, "OS-EXT-STS:power_state": 0, "config_drive": "", "metadata": {}}}
2016-02-20 17:00:07,134 27827 INFO     [tempest.common.waiters] State transition "BUILD/scheduling" ==&gt; "BUILD/spawning" after 2 second wait
2016-02-20 17:00:08,937 27827 INFO     [tempest_lib.common.rest_client] Request (TestGettingAddress:test_dhcp6_stateless_from_os): 200 GET http://10.4.1.3:8774/v2.1/5f86de4625394ed7b19ad2b98e6968d6/servers/256b5019-d5d1-4206-a368-521a09637b31 0.801s
2016-02-20 17:00:08,938 27827 DEBUG    [tempest_lib.common.rest_client] Request - Headers: {'Content-Type': 'application/json', 'Accept': 'application/json', 'X-Auth-Token': '&lt;omitted&gt;'}
        Body: None
    Response - Headers: {'status': '200', 'content-length': '1473', 'content-location': 'http://10.4.1.3:8774/v2.1/5f86de4625394ed7b19ad2b98e6968d6/servers/256b5019-d5d1-4206-a368-521a09637b31', 'x-compute-request-id': 'req-9abac499-090b-4924-9c18-faee3ee1d411', 'vary': 'X-OpenStack-Nova-API-Version', 'connection': 'close', 'x-openstack-nova-api-version': '2.1', 'date': 'Sat, 20 Feb 2016 17:00:08 GMT', 'content-type': 'application/json'}
        Body: {"server": {"status": "BUILD", "updated": "2016-02-20T17:00:06Z", "hostId": "5e8cc96e48146654d459859e1a2e8a88ab3aaa7caec9e003956f139b", "addresses": {}, "links": [{"href": "http://10.4.1.3:8774/v2.1/5f86de4625394ed7b19ad2b98e6968d6/servers/256b5019-d5d1-4206-a368-521a09637b31", "rel": "self"}, {"href": "http://10.4.1.3:8774/5f86de4625394ed7b19ad2b98e6968d6/servers/256b5019-d5d1-4206-a368-521a09637b31", "rel": "bookmark"}], "key_name": "tempest-TestGettingAddress-3630350", "image": {"id": "1e0afbf2-8cec-483b-85dc-b54c30d738c4", "links": [{"href": "http://10.4.1.3:8774/5f86de4625394ed7b19ad2b98e6968d6/images/1e0afbf2-8cec-483b-85dc-b54c30d738c4", "rel": "bookmark"}]}, "OS-EXT-STS:task_state": "spawning", "OS-EXT-STS:vm_state": "building", "OS-SRV-USG:launched_at": null, "flavor": {"id": "42", "links": [{"href": "http://10.4.1.3:8774/5f86de4625394ed7b19ad2b98e6968d6/flavors/42", "rel": "bookmark"}]}, "id": "256b5019-d5d1-4206-a368-521a09637b31", "security_groups": [{"name": "tempest-secgroup-smoke-1946769022"}], "OS-SRV-USG:terminated_at": null, "OS-EXT-AZ:availability_zone": "nova", "user_id": "5f0afa2f286f473d97f1c89253963406", "name": "tempest.common.compute-instance-990845353", "created": "2016-02-20T17:00:04Z", "tenant_id": "5f86de4625394ed7b19ad2b98e6968d6", "OS-DCF:diskConfig": "MANUAL", "os-extended-volumes:volumes_attached": [], "accessIPv4": "", "accessIPv6": "", "progress": 0, "OS-EXT-STS:power_state": 0, "config_drive": "", "metadata": {}}}
2016-02-20 17:00:10,795 27827 INFO     [tempest_lib.common.rest_client] Request (TestGettingAddress:test_dhcp6_stateless_from_os): 200 GET http://10.4.1.3:8774/v2.1/5f86de4625394ed7b19ad2b98e6968d6/servers/256b5019-d5d1-4206-a368-521a09637b31 0.838s
2016-02-20 17:00:10,796 27827 DEBUG    [tempest_lib.common.rest_client] Request - Headers: {'Content-Type': 'application/json', 'Accept': 'application/json', 'X-Auth-Token': '&lt;omitted&gt;'}
        Body: None
    Response - Headers: {'status': '200', 'content-length': '1473', 'content-location': 'http://10.4.1.3:8774/v2.1/5f86de4625394ed7b19ad2b98e6968d6/servers/256b5019-d5d1-4206-a368-521a09637b31', 'x-compute-request-id': 'req-88eb7ace-f123-452c-94f8-6f8f6d1b3061', 'vary': 'X-OpenStack-Nova-API-Version', 'connection': 'close', 'x-openstack-nova-api-version': '2.1', 'date': 'Sat, 20 Feb 2016 17:00:10 GMT', 'content-type': 'application/json'}
        Body: {"server": {"status": "BUILD", "updated": "2016-02-20T17:00:06Z", "hostId": "5e8cc96e48146654d459859e1a2e8a88ab3aaa7caec9e003956f139b", "addresses": {}, "links": [{"href": "http://10.4.1.3:8774/v2.1/5f86de4625394ed7b19ad2b98e6968d6/servers/256b5019-d5d1-4206-a368-521a09637b31", "rel": "self"}, {"href": "http://10.4.1.3:8774/5f86de4625394ed7b19ad2b98e6968d6/servers/256b5019-d5d1-4206-a368-521a09637b31", "rel": "bookmark"}], "key_name": "tempest-TestGettingAddress-3630350", "image": {"id": "1e0afbf2-8cec-483b-85dc-b54c30d738c4", "links": [{"href": "http://10.4.1.3:8774/5f86de4625394ed7b19ad2b98e6968d6/images/1e0afbf2-8cec-483b-85dc-b54c30d738c4", "rel": "bookmark"}]}, "OS-EXT-STS:task_state": "spawning", "OS-EXT-STS:vm_state": "building", "OS-SRV-USG:launched_at": null, "flavor": {"id": "42", "links": [{"href": "http://10.4.1.3:8774/5f86de4625394ed7b19ad2b98e6968d6/flavors/42", "rel": "bookmark"}]}, "id": "256b5019-d5d1-4206-a368-521a09637b31", "security_groups": [{"name": "tempest-secgroup-smoke-1946769022"}], "OS-SRV-USG:terminated_at": null, "OS-EXT-AZ:availability_zone": "nova", "user_id": "5f0afa2f286f473d97f1c89253963406", "name": "tempest.common.compute-instance-990845353", "created": "2016-02-20T17:00:04Z", "tenant_id": "5f86de4625394ed7b19ad2b98e6968d6", "OS-DCF:diskConfig": "MANUAL", "os-extended-volumes:volumes_attached": [], "accessIPv4": "", "accessIPv6": "", "progress": 0, "OS-EXT-STS:power_state": 0, "config_drive": "", "metadata": {}}}
2016-02-20 17:00:12,485 27827 INFO     [tempest_lib.common.rest_client] Request (TestGettingAddress:test_dhcp6_stateless_from_os): 200 GET http://10.4.1.3:8774/v2.1/5f86de4625394ed7b19ad2b98e6968d6/servers/256b5019-d5d1-4206-a368-521a09637b31 0.678s
2016-02-20 17:00:12,486 27827 DEBUG    [tempest_lib.common.rest_client] Request - Headers: {'Content-Type': 'application/json', 'Accept': 'application/json', 'X-Auth-Token': '&lt;omitted&gt;'}
        Body: None
    Response - Headers: {'status': '200', 'content-length': '1773', 'content-location': 'http://10.4.1.3:8774/v2.1/5f86de4625394ed7b19ad2b98e6968d6/servers/256b5019-d5d1-4206-a368-521a09637b31', 'x-compute-request-id': 'req-0f4041b5-2d7d-4d8c-a571-2a6b1838e295', 'vary': 'X-OpenStack-Nova-API-Version', 'connection': 'close', 'x-openstack-nova-api-version': '2.1', 'date': 'Sat, 20 Feb 2016 17:00:12 GMT', 'content-type': 'application/json'}
        Body: {"server": {"status": "ACTIVE", "updated": "2016-02-20T17:00:10Z", "hostId": "5e8cc96e48146654d459859e1a2e8a88ab3aaa7caec9e003956f139b", "addresses": {"tempest-network-smoke--1932773973": [{"OS-EXT-IPS-MAC:mac_addr": "fa:16:3e:49:0e:3b", "version": 4, "addr": "10.100.0.3", "OS-EXT-IPS:type": "fixed"}, {"OS-EXT-IPS-MAC:mac_addr": "fa:16:3e:49:0e:3b", "version": 6, "addr": "2003::f816:3eff:fe49:e3b", "OS-EXT-IPS:type": "fixed"}]}, "links": [{"href": "http://10.4.1.3:8774/v2.1/5f86de4625394ed7b19ad2b98e6968d6/servers/256b5019-d5d1-4206-a368-521a09637b31", "rel": "self"}, {"href": "http://10.4.1.3:8774/5f86de4625394ed7b19ad2b98e6968d6/servers/256b5019-d5d1-4206-a368-521a09637b31", "rel": "bookmark"}], "key_name": "tempest-TestGettingAddress-3630350", "image": {"id": "1e0afbf2-8cec-483b-85dc-b54c30d738c4", "links": [{"href": "http://10.4.1.3:8774/5f86de4625394ed7b19ad2b98e6968d6/images/1e0afbf2-8cec-483b-85dc-b54c30d738c4", "rel": "bookmark"}]}, "OS-EXT-STS:task_state": null, "OS-EXT-STS:vm_state": "active", "OS-SRV-USG:launched_at": "2016-02-20T17:00:10.000000", "flavor": {"id": "42", "links": [{"href": "http://10.4.1.3:8774/5f86de4625394ed7b19ad2b98e6968d6/flavors/42", "rel": "bookmark"}]}, "id": "256b5019-d5d1-4206-a368-521a09637b31", "security_groups": [{"name": "tempest-secgroup-smoke-1946769022"}], "OS-SRV-USG:terminated_at": null, "OS-EXT-AZ:availability_zone": "nova", "user_id": "5f0afa2f286f473d97f1c89253963406", "name": "tempest.common.compute-instance-990845353", "created": "2016-02-20T17:00:04Z", "tenant_id": "5f86de4625394ed7b19ad2b98e6968d6", "OS-DCF:diskConfig": "MANUAL", "os-extended-volumes:volumes_attached": [], "accessIPv4": "", "accessIPv6": "", "progress": 0, "OS-EXT-STS:power_state": 1, "config_drive": "True", "metadata": {}}}
2016-02-20 17:00:12,500 27827 INFO     [tempest.common.waiters] State transition "BUILD/spawning" ==&gt; "ACTIVE/None" after 7 second wait
2016-02-20 17:00:13,156 27827 INFO     [tempest_lib.common.rest_client] Request (TestGettingAddress:test_dhcp6_stateless_from_os): 200 GET http://10.4.1.3:8774/v2.1/5f86de4625394ed7b19ad2b98e6968d6/servers/256b5019-d5d1-4206-a368-521a09637b31 0.655s
2016-02-20 17:00:13,156 27827 DEBUG    [tempest_lib.common.rest_client] Request - Headers: {'Content-Type': 'application/json', 'Accept': 'application/json', 'X-Auth-Token': '&lt;omitted&gt;'}
        Body: None
    Response - Headers: {'status': '200', 'content-length': '1773', 'content-location': 'http://10.4.1.3:8774/v2.1/5f86de4625394ed7b19ad2b98e6968d6/servers/256b5019-d5d1-4206-a368-521a09637b31', 'x-compute-request-id': 'req-1a174d88-4b5c-490d-aac7-62ff66d9f2fb', 'vary': 'X-OpenStack-Nova-API-Version', 'connection': 'close', 'x-openstack-nova-api-version': '2.1', 'date': 'Sat, 20 Feb 2016 17:00:13 GMT', 'content-type': 'application/json'}
        Body: {"server": {"status": "ACTIVE", "updated": "2016-02-20T17:00:10Z", "hostId": "5e8cc96e48146654d459859e1a2e8a88ab3aaa7caec9e003956f139b", "addresses": {"tempest-network-smoke--1932773973": [{"OS-EXT-IPS-MAC:mac_addr": "fa:16:3e:49:0e:3b", "version": 4, "addr": "10.100.0.3", "OS-EXT-IPS:type": "fixed"}, {"OS-EXT-IPS-MAC:mac_addr": "fa:16:3e:49:0e:3b", "version": 6, "addr": "2003::f816:3eff:fe49:e3b", "OS-EXT-IPS:type": "fixed"}]}, "links": [{"href": "http://10.4.1.3:8774/v2.1/5f86de4625394ed7b19ad2b98e6968d6/servers/256b5019-d5d1-4206-a368-521a09637b31", "rel": "self"}, {"href": "http://10.4.1.3:8774/5f86de4625394ed7b19ad2b98e6968d6/servers/256b5019-d5d1-4206-a368-521a09637b31", "rel": "bookmark"}], "key_name": "tempest-TestGettingAddress-3630350", "image": {"id": "1e0afbf2-8cec-483b-85dc-b54c30d738c4", "links": [{"href": "http://10.4.1.3:8774/5f86de4625394ed7b19ad2b98e6968d6/images/1e0afbf2-8cec-483b-85dc-b54c30d738c4", "rel": "bookmark"}]}, "OS-EXT-STS:task_state": null, "OS-EXT-STS:vm_state": "active", "OS-SRV-USG:launched_at": "2016-02-20T17:00:10.000000", "flavor": {"id": "42", "links": [{"href": "http://10.4.1.3:8774/5f86de4625394ed7b19ad2b98e6968d6/flavors/42", "rel": "bookmark"}]}, "id": "256b5019-d5d1-4206-a368-521a09637b31", "security_groups": [{"name": "tempest-secgroup-smoke-1946769022"}], "OS-SRV-USG:terminated_at": null, "OS-EXT-AZ:availability_zone": "nova", "user_id": "5f0afa2f286f473d97f1c89253963406", "name": "tempest.common.compute-instance-990845353", "created": "2016-02-20T17:00:04Z", "tenant_id": "5f86de4625394ed7b19ad2b98e6968d6", "OS-DCF:diskConfig": "MANUAL", "os-extended-volumes:volumes_attached": [], "accessIPv4": "", "accessIPv6": "", "progress": 0, "OS-EXT-STS:power_state": 1, "config_drive": "True", "metadata": {}}}
2016-02-20 17:00:13,364 27827 INFO     [tempest_lib.common.rest_client] Request (TestGettingAddress:test_dhcp6_stateless_from_os): 200 GET http://10.4.1.3:9696/v2.0/ports?fixed_ip=None&amp;device_id=256b5019-d5d1-4206-a368-521a09637b31 0.198s
2016-02-20 17:00:13,365 27827 DEBUG    [tempest_lib.common.rest_client] Request - Headers: {'Content-Type': 'application/json', 'Accept': 'application/json', 'X-Auth-Token': '&lt;omitted&gt;'}
        Body: None
    Response - Headers: {'status': '200', 'content-length': '852', 'content-location': 'http://10.4.1.3:9696/v2.0/ports?fixed_ip=None&amp;device_id=256b5019-d5d1-4206-a368-521a09637b31', 'connection': 'close', 'date': 'Sat, 20 Feb 2016 17:00:13 GMT', 'content-type': 'application/json; charset=UTF-8', 'x-openstack-request-id': 'req-e57a9e22-b579-4c87-a144-905f30e53aa7'}
        Body: {"ports": [{"status": "ACTIVE", "binding:host_id": "vagrant-ubuntu-trusty-64", "name": "", "allowed_address_pairs": [], "admin_state_up": true, "network_id": "06eec7c5-1588-4ec7-a7ac-7ba67767b06e", "tenant_id": "5f86de4625394ed7b19ad2b98e6968d6", "extra_dhcp_opts": [], "mac_address": "fa:16:3e:49:0e:3b", "binding:vif_details": {"port_filter": true}, "binding:vif_type": "ovs", "device_owner": "compute:None", "binding:profile": {}, "port_security_enabled": true, "binding:vnic_type": "normal", "fixed_ips": [{"subnet_id": "ad6295dc-24fe-4de9-ad26-ed81cde45762", "ip_address": "10.100.0.3"}, {"subnet_id": "561b29f3-62a7-4471-8ab0-7ab482bdadd7", "ip_address": "2003::f816:3eff:fe49:e3b"}], "id": "e3872d89-07eb-4d64-95e3-4ca0a148e40c", "security_groups": ["7d2d6346-7a69-43d7-a0cb-e3786a7708af"], "device_id": "256b5019-d5d1-4206-a368-521a09637b31"}]}
2016-02-20 17:00:14,100 27827 INFO     [tempest_lib.common.rest_client] Request (TestGettingAddress:test_dhcp6_stateless_from_os): 201 POST http://10.4.1.3:9696/v2.0/floatingips 0.735s
2016-02-20 17:00:14,101 27827 DEBUG    [tempest_lib.common.rest_client] Request - Headers: {'Content-Type': 'application/json', 'Accept': 'application/json', 'X-Auth-Token': '&lt;omitted&gt;'}
        Body: {"floatingip": {"floating_network_id": "2f62e47b-1de5-435f-a497-0dddd24adc63", "tenant_id": "5f86de4625394ed7b19ad2b98e6968d6", "fixed_ip_address": "10.100.0.3", "port_id": "e3872d89-07eb-4d64-95e3-4ca0a148e40c"}}
    Response - Headers: {'status': '201', 'content-length': '369', 'connection': 'close', 'date': 'Sat, 20 Feb 2016 17:00:14 GMT', 'content-type': 'application/json; charset=UTF-8', 'x-openstack-request-id': 'req-d6478870-46ad-4cbd-a693-8e06f4a1d00f'}
        Body: {"floatingip": {"floating_network_id": "2f62e47b-1de5-435f-a497-0dddd24adc63", "router_id": "b4d1d49d-cf25-491c-9b0e-981ca1b215d5", "fixed_ip_address": "10.100.0.3", "floating_ip_address": "172.24.4.4", "tenant_id": "5f86de4625394ed7b19ad2b98e6968d6", "status": "ACTIVE", "port_id": "e3872d89-07eb-4d64-95e3-4ca0a148e40c", "id": "7297e23c-0397-4fa3-847a-8312c0651be1"}}
2016-02-20 17:00:14,102 27827 INFO     [tempest_lib.common.ssh] Creating ssh connection to '172.24.4.4' as 'cirros' with public key authentication
2016-02-20 17:01:14,165 27827 WARNING  [tempest_lib.common.ssh] Failed to establish authenticated ssh connection to cirros@172.24.4.4 (timed out). Number attempts: 1. Retry after 2 seconds.
2016-02-20 17:02:16,724 27827 WARNING  [tempest_lib.common.ssh] Failed to establish authenticated ssh connection to cirros@172.24.4.4 (timed out). Number attempts: 2. Retry after 3 seconds.
2016-02-20 17:03:20,290 27827 WARNING  [tempest_lib.common.ssh] Failed to establish authenticated ssh connection to cirros@172.24.4.4 (timed out). Number attempts: 3. Retry after 4 seconds.
2016-02-20 17:04:24,852 27827 ERROR    [tempest_lib.common.ssh] Failed to establish authenticated ssh connection to cirros@172.24.4.4 after 3 attempts
2016-02-20 17:04:24.852 27827 ERROR tempest_lib.common.ssh Traceback (most recent call last):
2016-02-20 17:04:24.852 27827 ERROR tempest_lib.common.ssh   File "/usr/local/lib/python2.7/dist-packages/tempest_lib/common/ssh.py", line 75, in _get_ssh_connection
2016-02-20 17:04:24.852 27827 ERROR tempest_lib.common.ssh     timeout=self.channel_timeout, pkey=self.pkey)
2016-02-20 17:04:24.852 27827 ERROR tempest_lib.common.ssh   File "/usr/local/lib/python2.7/dist-packages/paramiko/client.py", line 292, in connect
2016-02-20 17:04:24.852 27827 ERROR tempest_lib.common.ssh     retry_on_signal(lambda: sock.connect(addr))
2016-02-20 17:04:24.852 27827 ERROR tempest_lib.common.ssh   File "/usr/local/lib/python2.7/dist-packages/paramiko/util.py", line 270, in retry_on_signal
2016-02-20 17:04:24.852 27827 ERROR tempest_lib.common.ssh     return function()
2016-02-20 17:04:24.852 27827 ERROR tempest_lib.common.ssh   File "/usr/local/lib/python2.7/dist-packages/paramiko/client.py", line 292, in &lt;lambda&gt;
2016-02-20 17:04:24.852 27827 ERROR tempest_lib.common.ssh     retry_on_signal(lambda: sock.connect(addr))
2016-02-20 17:04:24.852 27827 ERROR tempest_lib.common.ssh   File "/usr/lib/python2.7/socket.py", line 224, in meth
2016-02-20 17:04:24.852 27827 ERROR tempest_lib.common.ssh     return getattr(self._sock,name)(*args)
2016-02-20 17:04:24.852 27827 ERROR tempest_lib.common.ssh timeout: timed out
2016-02-20 17:04:24.852 27827 ERROR tempest_lib.common.ssh 
2016-02-20 17:04:24,855 27827 ERROR    [tempest.scenario.manager] (TestGettingAddress:test_dhcp6_stateless_from_os) Initializing SSH connection to 172.24.4.4 failed. Error: Connection to the 172.24.4.4 via SSH timed out.
User: cirros, Password: None
2016-02-20 17:04:24.855 27827 ERROR tempest.scenario.manager Traceback (most recent call last):
2016-02-20 17:04:24.855 27827 ERROR tempest.scenario.manager   File "tempest/scenario/manager.py", line 377, in get_remote_client
2016-02-20 17:04:24.855 27827 ERROR tempest.scenario.manager     linux_client.validate_authentication()
2016-02-20 17:04:24.855 27827 ERROR tempest.scenario.manager   File "tempest/common/utils/linux/remote_client.py", line 51, in validate_authentication
2016-02-20 17:04:24.855 27827 ERROR tempest.scenario.manager     self.ssh_client.test_connection_auth()
2016-02-20 17:04:24.855 27827 ERROR tempest.scenario.manager   File "/usr/local/lib/python2.7/dist-packages/tempest_lib/common/ssh.py", line 173, in test_connection_auth
2016-02-20 17:04:24.855 27827 ERROR tempest.scenario.manager     connection = self._get_ssh_connection()
2016-02-20 17:04:24.855 27827 ERROR tempest.scenario.manager   File "/usr/local/lib/python2.7/dist-packages/tempest_lib/common/ssh.py", line 88, in _get_ssh_connection
2016-02-20 17:04:24.855 27827 ERROR tempest.scenario.manager     password=self.password)
2016-02-20 17:04:24.855 27827 ERROR tempest.scenario.manager SSHTimeout: Connection to the 172.24.4.4 via SSH timed out.
2016-02-20 17:04:24.855 27827 ERROR tempest.scenario.manager User: cirros, Password: None
2016-02-20 17:04:24.855 27827 ERROR tempest.scenario.manager 
2016-02-20 17:04:25,144 27827 INFO     [tempest_lib.common.rest_client] Request (TestGettingAddress:test_dhcp6_stateless_from_os): 200 GET http://10.4.1.3:8774/v2.1/5f86de4625394ed7b19ad2b98e6968d6/servers 0.286s
2016-02-20 17:04:25,145 27827 DEBUG    [tempest_lib.common.rest_client] Request - Headers: {'Content-Type': 'application/json', 'Accept': 'application/json', 'X-Auth-Token': '&lt;omitted&gt;'}
        Body: None
    Response - Headers: {'status': '200', 'content-length': '388', 'content-location': 'http://10.4.1.3:8774/v2.1/5f86de4625394ed7b19ad2b98e6968d6/servers', 'x-compute-request-id': 'req-056e2c31-6f16-4794-9a4b-5b2e1d410c8d', 'vary': 'X-OpenStack-Nova-API-Version', 'connection': 'close', 'x-openstack-nova-api-version': '2.1', 'date': 'Sat, 20 Feb 2016 17:04:25 GMT', 'content-type': 'application/json'}
        Body: {"servers": [{"id": "256b5019-d5d1-4206-a368-521a09637b31", "links": [{"href": "http://10.4.1.3:8774/v2.1/5f86de4625394ed7b19ad2b98e6968d6/servers/256b5019-d5d1-4206-a368-521a09637b31", "rel": "self"}, {"href": "http://10.4.1.3:8774/5f86de4625394ed7b19ad2b98e6968d6/servers/256b5019-d5d1-4206-a368-521a09637b31", "rel": "bookmark"}], "name": "tempest.common.compute-instance-990845353"}]}
2016-02-20 17:04:25,568 27827 INFO     [tempest_lib.common.rest_client] Request (TestGettingAddress:test_dhcp6_stateless_from_os): 200 POST http://10.4.1.3:8774/v2.1/5f86de4625394ed7b19ad2b98e6968d6/servers/256b5019-d5d1-4206-a368-521a09637b31/action 0.415s
2016-02-20 17:04:25,569 27827 DEBUG    [tempest_lib.common.rest_client] Request - Headers: {'Content-Type': 'application/json', 'Accept': 'application/json', 'X-Auth-Token': '&lt;omitted&gt;'}
        Body: {"os-getConsoleOutput": {}}
    Response - Headers: {'status': '200', 'content-length': '24703', 'x-compute-request-id': 'req-6e26c2eb-f025-4bb1-9b6d-8381bac89d16', 'vary': 'X-OpenStack-Nova-API-Version', 'connection': 'close', 'x-openstack-nova-api-version': '2.1', 'date': 'Sat, 20 Feb 2016 17:04:25 GMT', 'content-type': 'application/json'}
        Body: {"output": "[    0.000000] Initializing cgroup subsys cpuset\n[    0.000000] Initializing cgroup subsys cpu\n[    0.000000] Linux version 3.2.0-80-virtual (buildd@batsu) (gcc version 4.6.3 (Ubuntu/Linaro 4.6.3-1ubuntu5) ) #116-Ubuntu SMP Mon Mar 23 17:28:52 UTC 2015 (Ubuntu 3.2.0-80.116-virtual 3.2.68)\n[    0.000000] Command line: root=/dev/vda console=tty0 console=ttyS0 no_timer_check\n[    0.000000] KERNEL supported cpus:\n[    0.000000]   Intel GenuineIntel\n[    0.000000]   AMD AuthenticAMD\n[    0.000000]   Centaur CentaurHauls\n[    0.000000] BIOS-provided physical RAM map:\n[    0.000000]  BIOS-e820: 0000000000000000 - 000000000009fc00 (usable)\n[    0.000000]  BIOS-e820: 000000000009fc00 - 00000000000a0000 (reserved)\n[    0.000000]  BIOS-e820: 00000000000f0000 - 0000000000100000 (reserved)\n[    0.000000]  BIOS-e820: 0000000000100000 - 0000000003ffe000 (usable)\n[    0.000000]  BIOS-e820: 0000000003ffe000 - 0000000004000000 (reserved)\n[    0.000000]  BIOS-e820: 00000000fffc0000 - 0000000100000000 (reserved)\n[    0.000000] NX (Execute Disable) protection: active\n[    0.000000] SMBIOS 2.4 present.\n[    0.000000] No AGP bridge found\n[    0.000000] last_pfn = 0x3ffe max_arch_pfn = 0x400000000\n[    0.000000] x86 PAT enabled: cpu 0, old 0x7040600070406, new 0x7010600070106\n[    0.000000] found SMP MP-table at [ffff8800000f0b00] f0b00\n[    0.000000] init_memory_mapping: 0000000000000000-0000000003ffe000\n[    0.000000] RAMDISK: 03c5e000 - 03ff0000\n[    0.000000] ACPI: RSDP 00000000000f0950 00014 (v00 BOCHS )\n[    0.000000] ACPI: RSDT 0000000003fffbc1 00034 (v01 BOCHS  BXPCRSDT 00000001 BXPC 00000001)\n[    0.000000] ACPI: FACP 0000000003fff1c0 00074 (v01 BOCHS  BXPCFACP 00000001 BXPC 00000001)\n[    0.000000] ACPI: DSDT 0000000003ffe040 01180 (v01 BOCHS  BXPCDSDT 00000001 BXPC 00000001)\n[    0.000000] ACPI: FACS 0000000003ffe000 00040\n[    0.000000] ACPI: SSDT 0000000003fff234 008DD (v01 BOCHS  BXPCSSDT 00000001 BXPC 00000001)\n[    0.000000] ACPI: APIC 0000000003fffb11 00078 (v01 BOCHS  BXPCAPIC 00000001 BXPC 00000001)\n[    0.000000] ACPI: HPET 0000000003fffb89 00038 (v01 BOCHS  BXPCHPET 00000001 BXPC 00000001)\n[    0.000000] No NUMA configuration found\n[    0.000000] Faking a node at 0000000000000000-0000000003ffe000\n[    0.000000] Initmem setup node 0 0000000000000000-0000000003ffe000\n[    0.000000]   NODE_DATA [0000000003ff6000 - 0000000003ffafff]\n[    0.000000] Zone PFN ranges:\n[    0.000000]   DMA      0x00000010 -&gt; 0x00001000\n[    0.000000]   DMA32    0x00001000 -&gt; 0x00100000\n[    0.000000]   Normal   empty\n[    0.000000] Movable zone start PFN for each node\n[    0.000000] early_node_map[2] active PFN ranges\n[    0.000000]     0: 0x00000010 -&gt; 0x0000009f\n[    0.000000]     0: 0x00000100 -&gt; 0x00003ffe\n[    0.000000] ACPI: PM-Timer IO Port: 0xb008\n[    0.000000] ACPI: LAPIC (acpi_id[0x00] lapic_id[0x00] enabled)\n[    0.000000] ACPI: LAPIC_NMI (acpi_id[0xff] dfl dfl lint[0x1])\n[    0.000000] ACPI: IOAPIC (id[0x00] address[0xfec00000] gsi_base[0])\n[    0.000000] IOAPIC[0]: apic_id 0, version 17, address 0xfec00000, GSI 0-23\n[    0.000000] ACPI: INT_SRC_OVR (bus 0 bus_irq 0 global_irq 2 dfl dfl)\n[    0.000000] ACPI: INT_SRC_OVR (bus 0 bus_irq 5 global_irq 5 high level)\n[    0.000000] ACPI: INT_SRC_OVR (bus 0 bus_irq 9 global_irq 9 high level)\n[    0.000000] ACPI: INT_SRC_OVR (bus 0 bus_irq 10 global_irq 10 high level)\n[    0.000000] ACPI: INT_SRC_OVR (bus 0 bus_irq 11 global_irq 11 high level)\n[    0.000000] Using ACPI (MADT) for SMP configuration information\n[    0.000000] ACPI: HPET id: 0x8086a201 base: 0xfed00000\n[    0.000000] SMP: Allowing 1 CPUs, 0 hotplug CPUs\n[    0.000000] PM: Registered nosave memory: 000000000009f000 - 00000000000a0000\n[    0.000000] PM: Registered nosave memory: 00000000000a0000 - 00000000000f0000\n[    0.000000] PM: Registered nosave memory: 00000000000f0000 - 0000000000100000\n[    0.000000] Allocating PCI resources starting at 4000000 (gap: 4000000:fbfc0000)\n[    0.000000] Booting paravirtualized kernel on bare hardware\n[    0.000000] setup_pe
2016-02-20 17:04:25,571 27827 DEBUG    [tempest.scenario.manager] Console output for 256b5019-d5d1-4206-a368-521a09637b31
body=
[    0.000000] Initializing cgroup subsys cpuset
[    0.000000] Initializing cgroup subsys cpu
[    0.000000] Linux version 3.2.0-80-virtual (buildd@batsu) (gcc version 4.6.3 (Ubuntu/Linaro 4.6.3-1ubuntu5) ) #116-Ubuntu SMP Mon Mar 23 17:28:52 UTC 2015 (Ubuntu 3.2.0-80.116-virtual 3.2.68)
[    0.000000] Command line: root=/dev/vda console=tty0 console=ttyS0 no_timer_check
[    0.000000] KERNEL supported cpus:
[    0.000000]   Intel GenuineIntel
[    0.000000]   AMD AuthenticAMD
[    0.000000]   Centaur CentaurHauls
[    0.000000] BIOS-provided physical RAM map:
[    0.000000]  BIOS-e820: 0000000000000000 - 000000000009fc00 (usable)
[    0.000000]  BIOS-e820: 000000000009fc00 - 00000000000a0000 (reserved)
[    0.000000]  BIOS-e820: 00000000000f0000 - 0000000000100000 (reserved)
[    0.000000]  BIOS-e820: 0000000000100000 - 0000000003ffe000 (usable)
[    0.000000]  BIOS-e820: 0000000003ffe000 - 0000000004000000 (reserved)
[    0.000000]  BIOS-e820: 00000000fffc0000 - 0000000100000000 (reserved)
[    0.000000] NX (Execute Disable) protection: active
[    0.000000] SMBIOS 2.4 present.
[    0.000000] No AGP bridge found
[    0.000000] last_pfn = 0x3ffe max_arch_pfn = 0x400000000
[    0.000000] x86 PAT enabled: cpu 0, old 0x7040600070406, new 0x7010600070106
[    0.000000] found SMP MP-table at [ffff8800000f0b00] f0b00
[    0.000000] init_memory_mapping: 0000000000000000-0000000003ffe000
[    0.000000] RAMDISK: 03c5e000 - 03ff0000
[    0.000000] ACPI: RSDP 00000000000f0950 00014 (v00 BOCHS )
[    0.000000] ACPI: RSDT 0000000003fffbc1 00034 (v01 BOCHS  BXPCRSDT 00000001 BXPC 00000001)
[    0.000000] ACPI: FACP 0000000003fff1c0 00074 (v01 BOCHS  BXPCFACP 00000001 BXPC 00000001)
[    0.000000] ACPI: DSDT 0000000003ffe040 01180 (v01 BOCHS  BXPCDSDT 00000001 BXPC 00000001)
[    0.000000] ACPI: FACS 0000000003ffe000 00040
[    0.000000] ACPI: SSDT 0000000003fff234 008DD (v01 BOCHS  BXPCSSDT 00000001 BXPC 00000001)
[    0.000000] ACPI: APIC 0000000003fffb11 00078 (v01 BOCHS  BXPCAPIC 00000001 BXPC 00000001)
[    0.000000] ACPI: HPET 0000000003fffb89 00038 (v01 BOCHS  BXPCHPET 00000001 BXPC 00000001)
[    0.000000] No NUMA configuration found
[    0.000000] Faking a node at 0000000000000000-0000000003ffe000
[    0.000000] Initmem setup node 0 0000000000000000-0000000003ffe000
[    0.000000]   NODE_DATA [0000000003ff6000 - 0000000003ffafff]
[    0.000000] Zone PFN ranges:
[    0.000000]   DMA      0x00000010 -&gt; 0x00001000
[    0.000000]   DMA32    0x00001000 -&gt; 0x00100000
[    0.000000]   Normal   empty
[    0.000000] Movable zone start PFN for each node
[    0.000000] early_node_map[2] active PFN ranges
[    0.000000]     0: 0x00000010 -&gt; 0x0000009f
[    0.000000]     0: 0x00000100 -&gt; 0x00003ffe
[    0.000000] ACPI: PM-Timer IO Port: 0xb008
[    0.000000] ACPI: LAPIC (acpi_id[0x00] lapic_id[0x00] enabled)
[    0.000000] ACPI: LAPIC_NMI (acpi_id[0xff] dfl dfl lint[0x1])
[    0.000000] ACPI: IOAPIC (id[0x00] address[0xfec00000] gsi_base[0])
[    0.000000] IOAPIC[0]: apic_id 0, version 17, address 0xfec00000, GSI 0-23
[    0.000000] ACPI: INT_SRC_OVR (bus 0 bus_irq 0 global_irq 2 dfl dfl)
[    0.000000] ACPI: INT_SRC_OVR (bus 0 bus_irq 5 global_irq 5 high level)
[    0.000000] ACPI: INT_SRC_OVR (bus 0 bus_irq 9 global_irq 9 high level)
[    0.000000] ACPI: INT_SRC_OVR (bus 0 bus_irq 10 global_irq 10 high level)
[    0.000000] ACPI: INT_SRC_OVR (bus 0 bus_irq 11 global_irq 11 high level)
[    0.000000] Using ACPI (MADT) for SMP configuration information
[    0.000000] ACPI: HPET id: 0x8086a201 base: 0xfed00000
[    0.000000] SMP: Allowing 1 CPUs, 0 hotplug CPUs
[    0.000000] PM: Registered nosave memory: 000000000009f000 - 00000000000a0000
[    0.000000] PM: Registered nosave memory: 00000000000a0000 - 00000000000f0000
[    0.000000] PM: Registered nosave memory: 00000000000f0000 - 0000000000100000
[    0.000000] Allocating PCI resources starting at 4000000 (gap: 4000000:fbfc0000)
[    0.000000] Booting paravirtualized kernel on bare hardware
[    0.000000] setup_percpu: NR_CPUS:64 nr_cpumask_bits:64 nr_cpu_ids:1 nr_node_ids:1
[    0.000000] PERCPU: Embedded 27 pages/cpu @ffff880003a00000 s78848 r8192 d23552 u2097152
[    0.000000] Built 1 zonelists in Node order, mobility grouping on.  Total pages: 16008
[    0.000000] Policy zone: DMA32
[    0.000000] Kernel command line: root=/dev/vda console=tty0 console=ttyS0 no_timer_check
[    0.000000] PID hash table entries: 256 (order: -1, 2048 bytes)
[    0.000000] Checking aperture...
[    0.000000] No AGP bridge found
[    0.000000] Memory: 43492k/65528k available (6576k kernel code, 452k absent, 21584k reserved, 6620k data, 928k init)
[    0.000000] SLUB: Genslabs=15, HWalign=64, Order=0-3, MinObjects=0, CPUs=1, Nodes=1
[    0.000000] Hierarchical RCU implementation.
[    0.000000] 	RCU dyntick-idle grace-period acceleration is enabled.
[    0.000000] NR_IRQS:4352 nr_irqs:256 16
[    0.000000] Console: colour VGA+ 80x25
[    0.000000] console [tty0] enabled
[    0.000000] console [ttyS0] enabled
[    0.000000] allocated 1048576 bytes of page_cgroup
[    0.000000] please try 'cgroup_disable=memory' option if you don't want memory cgroups
[    0.000000] Fast TSC calibration failed
[    0.000000] TSC: Unable to calibrate against PIT
[    0.000000] TSC: using HPET reference calibration
[    0.000000] Detected 2291.360 MHz processor.
[    0.033813] Calibrating delay loop (skipped), value calculated using timer frequency.. 4582.72 BogoMIPS (lpj=9165440)
[    0.035831] pid_max: default: 32768 minimum: 301
[    0.046127] Security Framework initialized
[    0.050579] AppArmor: AppArmor initialized
[    0.051309] Yama: becoming mindful.
[    0.058168] Dentry cache hash table entries: 8192 (order: 4, 65536 bytes)
[    0.060659] Inode-cache hash table entries: 4096 (order: 3, 32768 bytes)
[    0.062193] Mount-cache hash table entries: 256
[    0.076690] Initializing cgroup subsys cpuacct
[    0.077520] Initializing cgroup subsys memory
[    0.078766] Initializing cgroup subsys devices
[    0.080984] Initializing cgroup subsys freezer
[    0.082278] Initializing cgroup subsys blkio
[    0.084290] Initializing cgroup subsys perf_event
[    0.091443] mce: CPU supports 10 MCE banks
[    0.096585] SMP alternatives: switching to UP code
[    0.444853] Freeing SMP alternatives: 24k freed
[    0.446461] ACPI: Core revision 20110623
[    0.498951] ftrace: allocating 26610 entries in 105 pages
[    0.529823] ..TIMER: vector=0x30 apic1=0 pin1=2 apic2=-1 pin2=-1
[    0.532344] CPU0: AMD QEMU Virtual CPU version 2.0.0 stepping 03
[    0.536032] Performance Events: Broken PMU hardware detected, using software events only.
[    0.543299] NMI watchdog disabled (cpu0): hardware events not enabled
[    0.544818] Brought up 1 CPUs
[    0.545452] Total of 1 processors activated (4582.72 BogoMIPS).
[    0.569090] devtmpfs: initialized
[    0.599261] EVM: security.selinux
[    0.600078] EVM: security.SMACK64
[    0.600545] EVM: security.capability
[    0.629456] print_constraints: dummy: 
[    0.632339] RTC time: 17:00:14, date: 02/20/16
[    0.635092] NET: Registered protocol family 16
[    0.644494] ACPI: bus type pci registered
[    0.648713] PCI: Using configuration type 1 for base access
[    0.687011] bio: create slab &lt;bio-0&gt; at 0
[    0.695091] ACPI: Added _OSI(Module Device)
[    0.696162] ACPI: Added _OSI(Processor Device)
[    0.697131] ACPI: Added _OSI(3.0 _SCP Extensions)
[    0.698046] ACPI: Added _OSI(Processor Aggregator Device)
[    0.774997] ACPI: Interpreter enabled
[    0.776189] ACPI: (supports S0 S3 S4 S5)
[    0.778085] ACPI: Using IOAPIC for interrupt routing
[    0.857860] ACPI: No dock devices found.
[    0.858488] HEST: Table not found.
[    0.859038] PCI: Using host bridge windows from ACPI; if necessary, use "pci=nocrs" and report a bug
[    0.869221] ACPI: PCI Root Bridge [PCI0] (domain 0000 [bus 00-ff])
[    0.877765] pci_root PNP0A03:00: host bridge window [io  0x0000-0x0cf7]
[    0.878952] pci_root PNP0A03:00: host bridge window [io  0x0d00-0xadff]
[    0.880157] pci_root PNP0A03:00: host bridge window [io  0xae0f-0xaeff]
[    0.881538] pci_root PNP0A03:00: host bridge window [io  0xaf20-0xafdf]
[    0.884134] pci_root PNP0A03:00: host bridge window [io  0xafe4-0xffff]
[    0.885222] pci_root PNP0A03:00: host bridge window [mem 0x000a0000-0x000bffff]
[    0.888110] pci_root PNP0A03:00: host bridge window [mem 0x04000000-0xfebfffff]
[    0.914393] pci 0000:00:01.3: quirk: [io  0xb000-0xb03f] claimed by PIIX4 ACPI
[    0.916179] pci 0000:00:01.3: quirk: [io  0xb100-0xb10f] claimed by PIIX4 SMB
[    0.987154]  pci0000:00: Unable to request _OSC control (_OSC support mask: 0x1e)
[    1.047198] ACPI: PCI Interrupt Link [LNKA] (IRQs 5 *10 11)
[    1.049740] ACPI: PCI Interrupt Link [LNKB] (IRQs 5 *10 11)
[    1.052975] ACPI: PCI Interrupt Link [LNKC] (IRQs 5 10 *11)
[    1.054397] ACPI: PCI Interrupt Link [LNKD] (IRQs 5 10 *11)
[    1.057033] ACPI: PCI Interrupt Link [LNKS] (IRQs *9)
[    1.063124] vgaarb: device added: PCI:0000:00:02.0,decodes=io+mem,owns=io+mem,locks=none
[    1.064211] vgaarb: loaded
[    1.064611] vgaarb: bridge control possible 0000:00:02.0
[    1.069141] i2c-core: driver [aat2870] using legacy suspend method
[    1.069908] i2c-core: driver [aat2870] using legacy resume method
[    1.073688] SCSI subsystem initialized
[    1.076952] usbcore: registered new interface driver usbfs
[    1.077984] usbcore: registered new interface driver hub
[    1.079148] usbcore: registered new device driver usb
[    1.082316] PCI: Using ACPI for IRQ routing
[    1.094767] NetLabel: Initializing
[    1.095193] NetLabel:  domain hash size = 128
[    1.096132] NetLabel:  protocols = UNLABELED CIPSOv4
[    1.097876] NetLabel:  unlabeled traffic allowed by default
[    1.100673] HPET: 3 timers in total, 0 timers will be used for per-cpu timer
[    1.101732] hpet0: at MMIO 0xfed00000, IRQs 2, 8, 0
[    1.102568] hpet0: 3 comparators, 64-bit 100.000000 MHz counter
[    1.114267] Switching to clocksource hpet
[    1.363868] AppArmor: AppArmor Filesystem Enabled
[    1.365694] pnp: PnP ACPI init
[    1.366367] ACPI: bus type pnp registered
[    1.387024] pnp: PnP ACPI: found 9 devices
[    1.387636] ACPI: ACPI bus type pnp unregistered
[    1.441985] NET: Registered protocol family 2
[    1.476144] IP route cache hash table entries: 512 (order: 0, 4096 bytes)
[    1.483839] TCP established hash table entries: 2048 (order: 3, 32768 bytes)
[    1.485943] TCP bind hash table entries: 2048 (order: 3, 32768 bytes)
[    1.486911] TCP: Hash tables configured (established 2048 bind 2048)
[    1.488003] TCP reno registered
[    1.489219] UDP hash table entries: 128 (order: 0, 4096 bytes)
[    1.490084] UDP-Lite hash table entries: 128 (order: 0, 4096 bytes)
[    1.493334] NET: Registered protocol family 1
[    1.494166] pci 0000:00:00.0: Limiting direct PCI/PCI transfers
[    1.494993] pci 0000:00:01.0: PIIX3: Enabling Passive Release
[    1.495943] pci 0000:00:01.0: Activating ISA DMA hang workarounds
[    1.501789] ACPI: PCI Interrupt Link [LNKD] enabled at IRQ 11
[    1.502802] pci 0000:00:01.2: PCI INT D -&gt; Link[LNKD] -&gt; GSI 11 (level, high) -&gt; IRQ 11
[    1.505889] pci 0000:00:01.2: PCI INT D disabled
[    1.523519] Trying to unpack rootfs image as initramfs...
[    1.539303] audit: initializing netlink socket (disabled)
[    1.541524] type=2000 audit(1455987614.540:1): initialized
[    1.828058] HugeTLB registered 2 MB page size, pre-allocated 0 pages
[    1.896554] VFS: Disk quotas dquot_6.5.2
[    1.899215] Dquot-cache hash table entries: 512 (order 0, 4096 bytes)
[    1.943626] fuse init (API version 7.17)
[    1.953982] msgmni has been set to 84
[    1.993818] Block layer SCSI generic (bsg) driver version 0.4 loaded (major 253)
[    2.003077] io scheduler noop registered
[    2.003777] io scheduler deadline registered (default)
[    2.005938] io scheduler cfq registered
[    2.010299] pci_hotplug: PCI Hot Plug PCI Core version: 0.5
[    2.012055] pciehp: PCI Express Hot Plug Controller Driver version: 0.4
[    2.018624] input: Power Button as /devices/LNXSYSTM:00/LNXPWRBN:00/input/input0
[    2.020931] ACPI: Power Button [PWRF]
[    2.091174] ERST: Table is not found!
[    2.091720] GHES: HEST is not enabled!
[    2.103108] ACPI: PCI Interrupt Link [LNKC] enabled at IRQ 10
[    2.103926] virtio-pci 0000:00:03.0: PCI INT A -&gt; Link[LNKC] -&gt; GSI 10 (level, high) -&gt; IRQ 10
[    2.109549] virtio-pci 0000:00:04.0: PCI INT A -&gt; Link[LNKD] -&gt; GSI 11 (level, high) -&gt; IRQ 11
[    2.123283] ACPI: PCI Interrupt Link [LNKA] enabled at IRQ 10
[    2.124900] virtio-pci 0000:00:05.0: PCI INT A -&gt; Link[LNKA] -&gt; GSI 10 (level, high) -&gt; IRQ 10
[    2.150276] Serial: 8250/16550 driver, 32 ports, IRQ sharing enabled
[    2.188993] serial8250: ttyS0 at I/O 0x3f8 (irq = 4) is a 16550A
[    2.261777] serial8250: ttyS1 at I/O 0x2f8 (irq = 3) is a 16550A
[    2.408129] 00:05: ttyS0 at I/O 0x3f8 (irq = 4) is a 16550A
[    2.487459] 00:06: ttyS1 at I/O 0x2f8 (irq = 3) is a 16550A
[    2.509615] Refined TSC clocksource calibration: 2291.347 MHz.
[    2.510458] Switching to clocksource tsc
[    2.537147] Linux agpgart interface v0.103
[    2.608114] brd: module loaded
[    2.652145] loop: module loaded
[    2.726201]  vda: unknown partition table
[    2.778099] scsi0 : ata_piix
[    2.789992] scsi1 : ata_piix
[    2.791438] ata1: PATA max MWDMA2 cmd 0x1f0 ctl 0x3f6 bmdma 0xc0a0 irq 14
[    2.793272] ata2: PATA max MWDMA2 cmd 0x170 ctl 0x376 bmdma 0xc0a8 irq 15
[    2.805914] Fixed MDIO Bus: probed
[    2.806990] tun: Universal TUN/TAP device driver, 1.6
[    2.808039] tun: (C) 1999-2004 Max Krasnyansky &lt;maxk@qualcomm.com&gt;
[    2.823987] PPP generic driver version 2.4.2
[    2.835451] ehci_hcd: USB 2.0 'Enhanced' Host Controller (EHCI) Driver
[    2.837960] ohci_hcd: USB 1.1 'Open' Host Controller (OHCI) Driver
[    2.839270] uhci_hcd: USB Universal Host Controller Interface driver
[    2.841186] uhci_hcd 0000:00:01.2: PCI INT D -&gt; Link[LNKD] -&gt; GSI 11 (level, high) -&gt; IRQ 11
[    2.845399] uhci_hcd 0000:00:01.2: UHCI Host Controller
[    2.865342] uhci_hcd 0000:00:01.2: new USB bus registered, assigned bus number 1
[    2.867119] uhci_hcd 0000:00:01.2: irq 11, io base 0x0000c040
[    2.900086] hub 1-0:1.0: USB hub found
[    2.902679] hub 1-0:1.0: 2 ports detected
[    2.911257] usbcore: registered new interface driver libusual
[    2.914293] i8042: PNP: PS/2 Controller [PNP0303:KBD,PNP0f13:MOU] at 0x60,0x64 irq 1,12
[    2.923848] serio: i8042 KBD port at 0x60,0x64 irq 1
[    2.925540] serio: i8042 AUX port at 0x60,0x64 irq 12
[    2.969083] mousedev: PS/2 mouse device common for all mice
[    2.978952] input: AT Translated Set 2 keyboard as /devices/platform/i8042/serio0/input/input1
[    2.983601] rtc_cmos 00:01: RTC can wake from S4
[    3.041767] ata2.01: ATAPI: QEMU DVD-ROM, 2.0.0, max UDMA/100
[    3.058650] rtc_cmos 00:01: rtc core: registered rtc_cmos as rtc0
[    3.062738] rtc0: alarms up to one day, 114 bytes nvram, hpet irqs
[    3.068118] device-mapper: uevent: version 1.0.3
[    3.078617] ata2.01: configured for MWDMA2
[    3.115729] scsi 1:0:1:0: CD-ROM            QEMU     QEMU DVD-ROM     2.0. PQ: 0 ANSI: 5
[    3.129093] device-mapper: ioctl: 4.22.0-ioctl (2011-10-19) initialised: dm-devel@redhat.com
[    3.131340] cpuidle: using governor ladder
[    3.131904] cpuidle: using governor menu
[    3.136220] EFI Variables Facility v0.08 2004-May-17
[    3.142463] TCP cubic registered
[    3.146652] NET: Registered protocol family 10
[    3.168901] NET: Registered protocol family 17
[    3.170754] Registering the dns_resolver key type
[    3.186668] sr0: scsi3-mmc drive: 4x/4x cd/rw xa/form2 tray
[    3.193283] cdrom: Uniform CD-ROM driver Revision: 3.20
[    3.215949] sr 1:0:1:0: Attached scsi generic sg0 type 5
[    3.253504] registered taskstats version 1
[    3.298189] Freeing initrd memory: 3656k freed
[    3.711793]   Magic number: 4:243:37
[    3.717548] bdi 7:2: hash matches
[    3.722548] rtc_cmos 00:01: setting system clock to 2016-02-20 17:00:17 UTC (1455987617)
[    3.725147] powernow-k8: Processor cpuid 663 not supported
[    3.730752] BIOS EDD facility v0.16 2004-Jun-25, 0 devices found
[    3.732039] EDD information not available.
[    3.791765] Freeing unused kernel memory: 928k freed
[    3.799190] Write protecting the kernel read-only data: 12288k
[    3.916824] Freeing unused kernel memory: 1596k freed
[    3.991259] Freeing unused kernel memory: 1184k freed

info: initramfs: up at 4.20
modprobe: module virtio_blk not found in modules.dep
modprobe: module virtio_net not found in modules.dep
info: copying initramfs to /dev/vda
info: initramfs loading root from /dev/vda
info: /etc/init.d/rc.sysinit: up at 8.51
info: container: none
Starting logging: OK
modprobe: module virtio_blk not found in modules.dep
modprobe: module virtio_net not found in modules.dep
WARN: /etc/rc3.d/S10-load-modules failed
Initializing random number generator... done.
Starting acpid: OK
cirros-ds 'local' up at 10.98
found datasource (configdrive, local)
Starting network...
udhcpc (v1.20.1) started
Sending discover...
Sending discover...
Sending discover...
Usage: /sbin/cirros-dhcpc &lt;up|down&gt;
No lease, failing
WARN: /etc/rc3.d/S40-network failed
Starting dropbear sshd: generating rsa key... generating dsa key... OK
no userdata for datasource
=== system information ===
Platform: OpenStack Foundation OpenStack Nova
Container: none
Arch: x86_64
CPU(s): 1 @ 2291.360 MHz
Cores/Sockets/Threads: 1/1/1
Virt-type: AMD-V
RAM Size: 49MB
Disks:
NAME MAJ:MIN     SIZE LABEL         MOUNTPOINT
vda  253:0   25165824 cirros-rootfs /
sr0   11:0     432128 config-2      
=== sshd host keys ===
-----BEGIN SSH HOST KEY KEYS-----
ssh-rsa AAAAB3NzaC1yc2EAAAADAQABAAAAgn0/iu+BmXbKvYhEZ2btVe5pl3TTDKofsP3AmJbnI3c5tLAyHnNAmqalexPOm9oWHpc47LeCUw4ovxNzleoo7Ddv+L/6xIjrDUoCoJQgZWYw1CgeUamE/8Y1rkZ9XrX9eQy4az1nhrC2fzGbJ4XNTbDy47inihptrM6V3YBZR9NNcu8= root@tempest
ssh-dss AAAAB3NzaC1kc3MAAACBANNinlYt231kNdM5MvE6Kk4QfJInsaNRk03XpkZBjMrP6Rv7YpwRDXXFtpe39vriqikEbqSaRfF7J0O6CR+fDxWTBeBPqXv/pRj9UrPoo+pd6tXOa4JMz4rBRIKhuNiP/zHuI9MCFLHUulUhFAW0KMdtenBQZk0QYF3pRdjJXLDLAAAAFQDi2y1LUaArzzuR1tx3uYrh5C7M9wAAAIBSfvDQjQMvaeRZ4ySVj+up/PoFkAY7rtP/Zuj5MEUrDsqvD25nBddAAfKQMQ4ElUvQEAvYs9DiZBNl8iWKDUVmjruUCFDfKazvMdSITGYvLfZoKdCVyE/ZRW606w0/9cM3GEH3C3wN5O8GPuayr2kjhwwRJ+tf6DjR6lZgaQDpeAAAAIEAnWOZNB/3I0mYzdePohs0MPdDRyTM3isJqJC/OSF2qs6tlNXpIgB8a01MhDEA9sDOgyjZA+uszgawNvoQCdEViOwR5Ld6X0MQ4z19COB9fwKOyiaTY8t5Inh/9Mq8jjeXoHm/PQ0oYD5nwRG3TN5Zt1/bh7MJfqtSVpRjLrUwEKc= root@tempest
-----END SSH HOST KEY KEYS-----
=== network info ===
if-info: lo,up,127.0.0.1,8,::1
if-info: eth0,up,,8,fe80::f816:3eff:fe49:e3b
=== datasource: configdrive local ===
instance-id: 256b5019-d5d1-4206-a368-521a09637b31
name: tempest.common.compute-instance-990845353
availability-zone: nova
local-hostname: tempest.common.compute-instance-990845353.novalocal
launch-index: 0
=== cirros: current=0.3.4 uptime=201.10 ===
route: fscanf
=== pinging gateway failed, debugging connection ===
############ debug start ##############
### /etc/init.d/sshd start
Starting dropbear sshd: OK
route: fscanf
### ifconfig -a
eth0      Link encap:Ethernet  HWaddr FA:16:3E:49:0E:3B  
          inet6 addr: fe80::f816:3eff:fe49:e3b/64 Scope:Link
          UP BROADCAST RUNNING MULTICAST  MTU:1500  Metric:1
          RX packets:13 errors:0 dropped:5 overruns:0 frame:0
          TX packets:8 errors:0 dropped:0 overruns:0 carrier:0
          collisions:0 txqueuelen:1000 
          RX bytes:1213 (1.1 KiB)  TX bytes:1134 (1.1 KiB)

lo        Link encap:Local Loopback  
          inet addr:127.0.0.1  Mask:255.0.0.0
          inet6 addr: ::1/128 Scope:Host
          UP LOOPBACK RUNNING  MTU:16436  Metric:1
          RX packets:12 errors:0 dropped:0 overruns:0 frame:0
          TX packets:12 errors:0 dropped:0 overruns:0 carrier:0
          collisions:0 txqueuelen:0 
          RX bytes:1020 (1020.0 B)  TX bytes:1020 (1020.0 B)

### route -n
Kernel IP routing table
Destination     Gateway         Genmask         Flags Metric Ref    Use Iface
route: fscanf
### cat /etc/resolv.conf
cat: can't open '/etc/resolv.conf': No such file or directory
### gateway not found
/sbin/cirros-status: line 1: can't open /etc/resolv.conf: no such file
### pinging nameservers
### uname -a
Linux tempest 3.2.0-80-virtual #116-Ubuntu SMP Mon Mar 23 17:28:52 UTC 2015 x86_64 GNU/Linux
### lsmod
Module                  Size  Used by    Not tainted
nls_iso8859_1          12713  0 
nls_cp437              16991  0 
vfat                   17585  0 
fat                    61512  1 vfat
isofs                  40259  0 
ip_tables              27473  0 
x_tables               29891  1 ip_tables
pcnet32                42119  0 
8139cp                 27360  0 
ne2k_pci               13691  0 
8390                   18856  1 ne2k_pci
e1000                 108589  0 
acpiphp                24231  0 
### dmesg | tail
[    4.919859] EXT3-fs (vda): mounted filesystem with ordered data mode
[    5.244009] ISO 9660 Extensions: Microsoft Joliet Level 3
[    5.320888] ISO 9660 Extensions: RRIP_1991A
[    5.556130] kjournald starting.  Commit interval 5 seconds
[    5.576183] EXT3-fs (vda): using internal journal
[    5.578035] EXT3-fs (vda): mounted filesystem with ordered data mode
[    8.575773] EXT3-fs (vda): using internal journal
[   11.780066] ISO 9660 Extensions: Microsoft Joliet Level 3
[   11.884041] ISO 9660 Extensions: RRIP_1991A
[   26.542330] eth0: no IPv6 routers present
### tail -n 25 /var/log/messages
Feb 20 17:00:23 cirros kern.info kernel: [    4.491881] acpiphp: Slot [26] registered
Feb 20 17:00:23 cirros kern.info kernel: [    4.492474] acpiphp: Slot [27] registered
Feb 20 17:00:23 cirros kern.info kernel: [    4.493152] acpiphp: Slot [28] registered
Feb 20 17:00:23 cirros kern.info kernel: [    4.493489] acpiphp: Slot [29] registered
Feb 20 17:00:23 cirros kern.info kernel: [    4.493783] acpiphp: Slot [30] registered
Feb 20 17:00:23 cirros kern.info kernel: [    4.494073] acpiphp: Slot [31] registered
Feb 20 17:00:23 cirros kern.info kernel: [    4.549807] e1000: Intel(R) PRO/1000 Network Driver - version 7.3.21-k8-NAPI
Feb 20 17:00:23 cirros kern.info kernel: [    4.549879] e1000: Copyright (c) 1999-2006 Intel Corporation.
Feb 20 17:00:23 cirros kern.info kernel: [    4.589270] ne2k-pci.c:v1.03 9/22/2003 D. Becker/P. Gortmaker
Feb 20 17:00:23 cirros kern.info kernel: [    4.626024] 8139cp: 8139cp: 10/100 PCI Ethernet driver v1.3 (Mar 22, 2004)
Feb 20 17:00:23 cirros kern.info kernel: [    4.662582] pcnet32: pcnet32.c:v1.35 21.Apr.2008 tsbogend@alpha.franken.de
Feb 20 17:00:23 cirros kern.info kernel: [    4.704652] ip_tables: (C) 2000-2006 Netfilter Core Team
Feb 20 17:00:23 cirros kern.info kernel: [    4.918311] kjournald starting.  Commit interval 5 seconds
Feb 20 17:00:23 cirros kern.info kernel: [    4.919859] EXT3-fs (vda): mounted filesystem with ordered data mode
Feb 20 17:00:23 cirros kern.debug kernel: [    5.244009] ISO 9660 Extensions: Microsoft Joliet Level 3
Feb 20 17:00:23 cirros kern.debug kernel: [    5.320888] ISO 9660 Extensions: RRIP_1991A
Feb 20 17:00:23 cirros kern.info kernel: [    5.556130] kjournald starting.  Commit interval 5 seconds
Feb 20 17:00:23 cirros kern.info kernel: [    5.576183] EXT3-fs (vda): using internal journal
Feb 20 17:00:23 cirros kern.info kernel: [    5.578035] EXT3-fs (vda): mounted filesystem with ordered data mode
Feb 20 17:00:23 cirros kern.info kernel: [    8.575773] EXT3-fs (vda): using internal journal
Feb 20 17:00:25 cirros kern.debug kernel: [   11.780066] ISO 9660 Extensions: Microsoft Joliet Level 3
Feb 20 17:00:25 cirros kern.debug kernel: [   11.884041] ISO 9660 Extensions: RRIP_1991A
Feb 20 17:00:28 cirros auth.notice su: + /dev/console root:cirros
Feb 20 17:00:40 cirros kern.debug kernel: [   26.542330] eth0: no IPv6 routers present
Feb 20 17:03:32 cirros authpriv.info dropbear[283]: Running in background
############ debug end   ##############
  ____               ____  ____
 / __/ __ ____ ____ / __ \/ __/
/ /__ / // __// __// /_/ /\ \ 
\___//_//_/  /_/   \____/___/ 
   http://cirros-cloud.net


login as 'cirros' user. default password: 'cubswin:)'. use 'sudo' for root.
tempest login: 
2016-02-20 17:04:26,002 27827 INFO     [tempest_lib.common.rest_client] Request (TestGettingAddress:_run_cleanups): 204 DELETE http://10.4.1.3:9696/v2.0/floatingips/7297e23c-0397-4fa3-847a-8312c0651be1 0.425s
2016-02-20 17:04:26,003 27827 DEBUG    [tempest_lib.common.rest_client] Request - Headers: {'Content-Type': 'application/json', 'Accept': 'application/json', 'X-Auth-Token': '&lt;omitted&gt;'}
        Body: None
    Response - Headers: {'date': 'Sat, 20 Feb 2016 17:04:26 GMT', 'status': '204', 'connection': 'close', 'content-length': '0', 'x-openstack-request-id': 'req-14c79f47-9fa9-41ec-9b6d-446326e12db6'}
        Body: 
2016-02-20 17:04:26,446 27827 INFO     [tempest_lib.common.rest_client] Request (TestGettingAddress:_run_cleanups): 204 DELETE http://10.4.1.3:8774/v2.1/5f86de4625394ed7b19ad2b98e6968d6/servers/256b5019-d5d1-4206-a368-521a09637b31 0.442s
2016-02-20 17:04:26,447 27827 DEBUG    [tempest_lib.common.rest_client] Request - Headers: {'Content-Type': 'application/json', 'Accept': 'application/json', 'X-Auth-Token': '&lt;omitted&gt;'}
        Body: None
    Response - Headers: {'status': '204', 'content-length': '0', 'x-compute-request-id': 'req-9b6cafc2-37bc-4e91-b278-703ef1b26ae3', 'vary': 'X-OpenStack-Nova-API-Version', 'connection': 'close', 'x-openstack-nova-api-version': '2.1', 'date': 'Sat, 20 Feb 2016 17:04:26 GMT', 'content-type': 'application/json'}
        Body: 
2016-02-20 17:04:27,299 27827 INFO     [tempest_lib.common.rest_client] Request (TestGettingAddress:_run_cleanups): 200 GET http://10.4.1.3:8774/v2.1/5f86de4625394ed7b19ad2b98e6968d6/servers/256b5019-d5d1-4206-a368-521a09637b31 0.849s
2016-02-20 17:04:27,299 27827 DEBUG    [tempest_lib.common.rest_client] Request - Headers: {'Content-Type': 'application/json', 'Accept': 'application/json', 'X-Auth-Token': '&lt;omitted&gt;'}
        Body: None
    Response - Headers: {'status': '200', 'content-length': '1896', 'content-location': 'http://10.4.1.3:8774/v2.1/5f86de4625394ed7b19ad2b98e6968d6/servers/256b5019-d5d1-4206-a368-521a09637b31', 'x-compute-request-id': 'req-9315aa86-190c-4281-8b4b-96604e206478', 'vary': 'X-OpenStack-Nova-API-Version', 'connection': 'close', 'x-openstack-nova-api-version': '2.1', 'date': 'Sat, 20 Feb 2016 17:04:27 GMT', 'content-type': 'application/json'}
        Body: {"server": {"status": "ACTIVE", "updated": "2016-02-20T17:04:26Z", "hostId": "5e8cc96e48146654d459859e1a2e8a88ab3aaa7caec9e003956f139b", "addresses": {"tempest-network-smoke--1932773973": [{"OS-EXT-IPS-MAC:mac_addr": "fa:16:3e:49:0e:3b", "version": 4, "addr": "10.100.0.3", "OS-EXT-IPS:type": "fixed"}, {"OS-EXT-IPS-MAC:mac_addr": "fa:16:3e:49:0e:3b", "version": 6, "addr": "2003::f816:3eff:fe49:e3b", "OS-EXT-IPS:type": "fixed"}, {"OS-EXT-IPS-MAC:mac_addr": "fa:16:3e:49:0e:3b", "version": 4, "addr": "172.24.4.4", "OS-EXT-IPS:type": "floating"}]}, "links": [{"href": "http://10.4.1.3:8774/v2.1/5f86de4625394ed7b19ad2b98e6968d6/servers/256b5019-d5d1-4206-a368-521a09637b31", "rel": "self"}, {"href": "http://10.4.1.3:8774/5f86de4625394ed7b19ad2b98e6968d6/servers/256b5019-d5d1-4206-a368-521a09637b31", "rel": "bookmark"}], "key_name": "tempest-TestGettingAddress-3630350", "image": {"id": "1e0afbf2-8cec-483b-85dc-b54c30d738c4", "links": [{"href": "http://10.4.1.3:8774/5f86de4625394ed7b19ad2b98e6968d6/images/1e0afbf2-8cec-483b-85dc-b54c30d738c4", "rel": "bookmark"}]}, "OS-EXT-STS:task_state": "deleting", "OS-EXT-STS:vm_state": "active", "OS-SRV-USG:launched_at": "2016-02-20T17:00:10.000000", "flavor": {"id": "42", "links": [{"href": "http://10.4.1.3:8774/5f86de4625394ed7b19ad2b98e6968d6/flavors/42", "rel": "bookmark"}]}, "id": "256b5019-d5d1-4206-a368-521a09637b31", "security_groups": [{"name": "tempest-secgroup-smoke-1946769022"}], "OS-SRV-USG:terminated_at": null, "OS-EXT-AZ:availability_zone": "nova", "user_id": "5f0afa2f286f473d97f1c89253963406", "name": "tempest.common.compute-instance-990845353", "created": "2016-02-20T17:00:04Z", "tenant_id": "5f86de4625394ed7b19ad2b98e6968d6", "OS-DCF:diskConfig": "MANUAL", "os-extended-volumes:volumes_attached": [], "accessIPv4": "", "accessIPv6": "", "progress": 0, "OS-EXT-STS:power_state": 1, "config_drive": "True", "metadata": {}}}
2016-02-20 17:04:28,603 27827 INFO     [tempest_lib.common.rest_client] Request (TestGettingAddress:_run_cleanups): 404 GET http://10.4.1.3:8774/v2.1/5f86de4625394ed7b19ad2b98e6968d6/servers/256b5019-d5d1-4206-a368-521a09637b31 0.291s
2016-02-20 17:04:28,604 27827 DEBUG    [tempest_lib.common.rest_client] Request - Headers: {'Content-Type': 'application/json', 'Accept': 'application/json', 'X-Auth-Token': '&lt;omitted&gt;'}
        Body: None
    Response - Headers: {'status': '404', 'content-length': '111', 'x-compute-request-id': 'req-e9a93f15-e3a5-4bbf-afc4-1cb08dc11d10', 'vary': 'X-OpenStack-Nova-API-Version', 'connection': 'close', 'x-openstack-nova-api-version': '2.1', 'date': 'Sat, 20 Feb 2016 17:04:28 GMT', 'content-type': 'application/json; charset=UTF-8'}
        Body: {"itemNotFound": {"message": "Instance 256b5019-d5d1-4206-a368-521a09637b31 could not be found.", "code": 404}}
2016-02-20 17:04:29,247 27827 INFO     [tempest_lib.common.rest_client] Request (TestGettingAddress:_run_cleanups): 500 PUT http://10.4.1.3:9696/v2.0/routers/b4d1d49d-cf25-491c-9b0e-981ca1b215d5/remove_router_interface 0.642s
2016-02-20 17:04:29,248 27827 DEBUG    [tempest_lib.common.rest_client] Request - Headers: {'Content-Type': 'application/json', 'Accept': 'application/json', 'X-Auth-Token': '&lt;omitted&gt;'}
        Body: {"subnet_id": "561b29f3-62a7-4471-8ab0-7ab482bdadd7"}
    Response - Headers: {'status': '500', 'content-length': '150', 'connection': 'close', 'date': 'Sat, 20 Feb 2016 17:04:29 GMT', 'content-type': 'application/json; charset=UTF-8', 'x-openstack-request-id': 'req-2660236e-905f-4b3b-ae9c-5566a5703f59'}
        Body: {"NeutronError": {"message": "Request Failed: internal server error while processing your request.", "type": "HTTPInternalServerError", "detail": ""}}
2016-02-20 17:04:29,732 27827 INFO     [tempest_lib.common.rest_client] Request (TestGettingAddress:_run_cleanups): 404 PUT http://10.4.1.3:9696/v2.0/routers/b4d1d49d-cf25-491c-9b0e-981ca1b215d5/remove_router_interface 0.480s
2016-02-20 17:04:29,733 27827 DEBUG    [tempest_lib.common.rest_client] Request - Headers: {'Content-Type': 'application/json', 'Accept': 'application/json', 'X-Auth-Token': '&lt;omitted&gt;'}
        Body: {"subnet_id": "561b29f3-62a7-4471-8ab0-7ab482bdadd7"}
    Response - Headers: {'status': '404', 'content-length': '198', 'connection': 'close', 'date': 'Sat, 20 Feb 2016 17:04:29 GMT', 'content-type': 'application/json; charset=UTF-8', 'x-openstack-request-id': 'req-b4decd6d-a8bd-49cb-9154-b0e8990a711b'}
        Body: {"NeutronError": {"message": "Router b4d1d49d-cf25-491c-9b0e-981ca1b215d5 has no interface on subnet 561b29f3-62a7-4471-8ab0-7ab482bdadd7", "type": "RouterInterfaceNotFoundForSubnet", "detail": ""}}
2016-02-20 17:04:30,428 27827 INFO     [tempest_lib.common.rest_client] Request (TestGettingAddress:_run_cleanups): 500 PUT http://10.4.1.3:9696/v2.0/routers/b4d1d49d-cf25-491c-9b0e-981ca1b215d5/remove_router_interface 0.694s
2016-02-20 17:04:30,429 27827 DEBUG    [tempest_lib.common.rest_client] Request - Headers: {'Content-Type': 'application/json', 'Accept': 'application/json', 'X-Auth-Token': '&lt;omitted&gt;'}
        Body: {"subnet_id": "ad6295dc-24fe-4de9-ad26-ed81cde45762"}
    Response - Headers: {'status': '500', 'content-length': '150', 'connection': 'close', 'date': 'Sat, 20 Feb 2016 17:04:30 GMT', 'content-type': 'application/json; charset=UTF-8', 'x-openstack-request-id': 'req-a5ee3b9f-e068-4be3-8ddf-9d1106960cc0'}
        Body: {"NeutronError": {"message": "Request Failed: internal server error while processing your request.", "type": "HTTPInternalServerError", "detail": ""}}
2016-02-20 17:04:30,674 27827 INFO     [tempest_lib.common.rest_client] Request (TestGettingAddress:_run_cleanups): 200 GET http://10.4.1.3:9696/v2.0/routers/b4d1d49d-cf25-491c-9b0e-981ca1b215d5 0.243s
2016-02-20 17:04:30,675 27827 DEBUG    [tempest_lib.common.rest_client] Request - Headers: {'Content-Type': 'application/json', 'Accept': 'application/json', 'X-Auth-Token': '&lt;omitted&gt;'}
        Body: None
    Response - Headers: {'status': '200', 'content-length': '500', 'content-location': 'http://10.4.1.3:9696/v2.0/routers/b4d1d49d-cf25-491c-9b0e-981ca1b215d5', 'connection': 'close', 'date': 'Sat, 20 Feb 2016 17:04:30 GMT', 'content-type': 'application/json; charset=UTF-8', 'x-openstack-request-id': 'req-64569a34-c228-45d4-809c-cd2a9e8d0589'}
        Body: {"router": {"status": "ACTIVE", "external_gateway_info": {"network_id": "2f62e47b-1de5-435f-a497-0dddd24adc63", "enable_snat": true, "external_fixed_ips": [{"subnet_id": "9687af2c-2e22-43d4-af23-41d0ad474553", "ip_address": "172.24.4.3"}, {"subnet_id": "f156d629-24ff-4d96-abb6-002e818f7916", "ip_address": "2001:db8::4"}]}, "name": "tempest-router-smoke-882458952", "admin_state_up": true, "tenant_id": "5f86de4625394ed7b19ad2b98e6968d6", "routes": [], "id": "b4d1d49d-cf25-491c-9b0e-981ca1b215d5"}}
2016-02-20 17:04:31,234 27827 INFO     [tempest_lib.common.rest_client] Request (TestGettingAddress:_run_cleanups): 200 PUT http://10.4.1.3:9696/v2.0/routers/b4d1d49d-cf25-491c-9b0e-981ca1b215d5 0.558s
2016-02-20 17:04:31,236 27827 DEBUG    [tempest_lib.common.rest_client] Request - Headers: {'Content-Type': 'application/json', 'Accept': 'application/json', 'X-Auth-Token': '&lt;omitted&gt;'}
        Body: {"router": {"external_gateway_info": {}, "name": "tempest-router-smoke-882458952", "admin_state_up": true}}
    Response - Headers: {'status': '200', 'content-length': '238', 'connection': 'close', 'date': 'Sat, 20 Feb 2016 17:04:31 GMT', 'content-type': 'application/json; charset=UTF-8', 'x-openstack-request-id': 'req-cde747a8-7307-4308-a9f6-daf218d83262'}
        Body: {"router": {"status": "ACTIVE", "external_gateway_info": null, "name": "tempest-router-smoke-882458952", "admin_state_up": true, "tenant_id": "5f86de4625394ed7b19ad2b98e6968d6", "routes": [], "id": "b4d1d49d-cf25-491c-9b0e-981ca1b215d5"}}
2016-02-20 17:04:31,665 27827 INFO     [tempest_lib.common.rest_client] Request (TestGettingAddress:_run_cleanups): 500 DELETE http://10.4.1.3:9696/v2.0/routers/b4d1d49d-cf25-491c-9b0e-981ca1b215d5 0.428s
2016-02-20 17:04:31,666 27827 DEBUG    [tempest_lib.common.rest_client] Request - Headers: {'Content-Type': 'application/json', 'Accept': 'application/json', 'X-Auth-Token': '&lt;omitted&gt;'}
        Body: None
    Response - Headers: {'status': '500', 'content-length': '150', 'connection': 'close', 'date': 'Sat, 20 Feb 2016 17:04:31 GMT', 'content-type': 'application/json; charset=UTF-8', 'x-openstack-request-id': 'req-5b1c8bd1-2a01-4e3f-ab36-14d34f8dcdc1'}
        Body: {"NeutronError": {"message": "Request Failed: internal server error while processing your request.", "type": "HTTPInternalServerError", "detail": ""}}
2016-02-20 17:04:31,919 27827 INFO     [tempest_lib.common.rest_client] Request (TestGettingAddress:_run_cleanups): 404 PUT http://10.4.1.3:9696/v2.0/routers/b4d1d49d-cf25-491c-9b0e-981ca1b215d5/remove_router_interface 0.250s
