<?xml version="1.0" encoding="UTF-8"?>
<!DOCTYPE html PUBLIC "-//W3C//DTD XHTML 1.0 Strict//EN"
     "http://www.w3.org/TR/xhtml1/DTD/xhtml1-strict.dtd">
<html xmlns="http://www.w3.org/1999/xhtml">
<head>
    <title>Unit Test Report</title>
    <meta name="generator" content="subunit2html 0.1"/>
    <meta http-equiv="Content-Type" content="text/html; charset=UTF-8"/>
    
<style type="text/css" media="screen">
body        { font-family: verdana, arial, helvetica, sans-serif;
    font-size: 80%; }
table       { font-size: 100%; width: 100%;}
pre         { font-size: 80%; }

/* -- heading -------------------------------------------------------------- */
h1 {
        font-size: 16pt;
        color: gray;
}
.heading {
    margin-top: 0ex;
    margin-bottom: 1ex;
}

.heading .attribute {
    margin-top: 1ex;
    margin-bottom: 0;
}

.heading .description {
    margin-top: 4ex;
    margin-bottom: 6ex;
}

/* -- css div popup -------------------------------------------------------- */
a.popup_link {
}

a.popup_link:hover {
    color: red;
}

.popup_window {
    display: none;
    overflow-x: scroll;
    /*border: solid #627173 1px; */
    padding: 10px;
    background-color: #E6E6D6;
    font-family: "Ubuntu Mono", "Lucida Console", "Courier New", monospace;
    text-align: left;
    font-size: 8pt;
}

}
/* -- report --------------------------------------------------------------- */
#show_detail_line {
    margin-top: 3ex;
    margin-bottom: 1ex;
}
#result_table {
    width: 100%;
    border-collapse: collapse;
    border: 1px solid #777;
}
#header_row {
    font-weight: bold;
    color: white;
    background-color: #777;
}
#result_table td {
    border: 1px solid #777;
    padding: 2px;
}
#total_row  { font-weight: bold; }
.passClass  { background-color: #6c6; }
.failClass  { background-color: #c60; }
.errorClass { background-color: #c00; }
.passCase   { color: #6c6; }
.failCase   { color: #c60; font-weight: bold; }
.errorCase  { color: #c00; font-weight: bold; }
.hiddenRow  { display: none; }
.testcase   { margin-left: 2em; }
td.testname {width: 40%}
td.small {width: 40px}

/* -- ending --------------------------------------------------------------- */
#ending {
}

</style>

</head>
<body>
<script language="javascript" type="text/javascript"><!--
output_list = Array();

/* level - 0:Summary; 1:Failed; 2:All */
function showCase(level) {
    trs = document.getElementsByTagName("tr");
    for (var i = 0; i < trs.length; i++) {
        tr = trs[i];
        id = tr.id;
        if (id.substr(0,2) == 'ft') {
            if (level < 1) {
                tr.className = 'hiddenRow';
            }
            else {
                tr.className = '';
            }
        }
        if (id.substr(0,2) == 'pt') {
            if (level > 1) {
                tr.className = '';
            }
            else {
                tr.className = 'hiddenRow';
            }
        }
    }
}


function showClassDetail(cid, count) {
    var id_list = Array(count);
    var toHide = 1;
    for (var i = 0; i < count; i++) {
        tid0 = 't' + cid.substr(1) + '.' + (i+1);
        tid = 'f' + tid0;
        tr = document.getElementById(tid);
        if (!tr) {
            tid = 'p' + tid0;
            tr = document.getElementById(tid);
        }
        id_list[i] = tid;
        if (tr.className) {
            toHide = 0;
        }
    }
    for (var i = 0; i < count; i++) {
        tid = id_list[i];
        if (toHide) {
            document.getElementById('div_'+tid).style.display = 'none'
            document.getElementById(tid).className = 'hiddenRow';
        }
        else {
            document.getElementById(tid).className = '';
        }
    }
}


function showTestDetail(div_id){
    var details_div = document.getElementById(div_id)
    var displayState = details_div.style.display
    // alert(displayState)
    if (displayState != 'block' ) {
        displayState = 'block'
        details_div.style.display = 'block'
    }
    else {
        details_div.style.display = 'none'
    }
}


function html_escape(s) {
    s = s.replace(/&/g,'&amp;');
    s = s.replace(/</g,'&lt;');
    s = s.replace(/>/g,'&gt;');
    return s;
}

/* obsoleted by detail in <div>
function showOutput(id, name) {
    var w = window.open("", //url
                    name,
                    "resizable,scrollbars,status,width=800,height=450");
    d = w.document;
    d.write("<pre>");
    d.write(html_escape(output_list[id]));
    d.write("\n");
    d.write("<a href='javascript:window.close()'>close</a>\n");
    d.write("</pre>\n");
    d.close();
}
*/
--></script>

<div class='heading'>
<h1>Unit Test Report</h1>

<p class='attribute'><strong>Status:</strong> Failure 8</p>

<p class='description'></p>
</div>



<p id='show_detail_line'>Show
<a href='javascript:showCase(0)'>Summary</a>
<a href='javascript:showCase(1)'>Failed</a>
<a href='javascript:showCase(2)'>All</a>
</p>
<table id='result_table'>
<colgroup>
<col align='left' />
<col align='right' />
<col align='right' />
<col align='right' />
<col align='right' />
<col align='right' />
<col align='right' />
<col align='right' />
</colgroup>
<tr id='header_row'>
    <td>Test Group/Test case</td>
    <td>Count</td>
    <td>Pass</td>
    <td>Fail</td>
    <td>Error</td>
    <td>Skip</td>
    <td>View</td>
    <td> </td>
</tr>

<tr class='failClass'>
    <td class="testname">tempest.scenario.test_network_v6.TestGettingAddress</td>
    <td class="small">8</td>
    <td class="small">0</td>
    <td class="small">8</td>
    <td class="small">0</td>
    <td class="small">0</td>
    <td class="small"><a href="javascript:showClassDetail('c1',8)"
>Detail</a></td>
    <td> </td>
</tr>

<tr id='ft1.1' class='none'>
    <td class='failCase'><div class='testcase'>test_dhcp6_stateless_from_os[compute,id-d7e1f858-187c-45a6-89c9-bdafde619a9f,network,slow]</div></td>
    <td colspan='7' align='left'>

    <!--css div popup start-->
    <a class="popup_link" onfocus='this.blur();'
    href="javascript:showTestDetail('div_ft1.1')" >
        fail</a>

    <div id='div_ft1.1' class="popup_window">
        <div style='text-align: right; color:red;cursor:pointer'>
        <a onfocus='this.blur();'
onclick="document.getElementById('div_ft1.1').style.display = 'none' " >
           [x]</a>
        </div>
        <pre>
        
ft1.1: tempest.scenario.test_network_v6.TestGettingAddress.test_dhcp6_stateless_from_os[compute,id-d7e1f858-187c-45a6-89c9-bdafde619a9f,network,slow]_StringException: Empty attachments:
  stderr
  stdout

pythonlogging:'': {{{
2016-02-16 06:43:06,288 19294 INFO     [tempest_lib.common.rest_client] Request (TestGettingAddress:setUp): 200 POST http://10.4.1.3:8774/v2.1/490b9f0bb59249e1b9b699ea2074fbdf/os-keypairs 0.413s
2016-02-16 06:43:06,289 19294 DEBUG    [tempest_lib.common.rest_client] Request - Headers: {'Content-Type': 'application/json', 'Accept': 'application/json', 'X-Auth-Token': '&lt;omitted&gt;'}
        Body: {"keypair": {"name": "tempest-TestGettingAddress-1108516401"}}
    Response - Headers: {'status': '200', 'content-length': '2320', 'x-compute-request-id': 'req-3eeec1df-be7d-4bb0-b930-c946fb136980', 'vary': 'X-OpenStack-Nova-API-Version', 'connection': 'close', 'x-openstack-nova-api-version': '2.1', 'date': 'Tue, 16 Feb 2016 06:43:06 GMT', 'content-type': 'application/json'}
        Body: {"keypair": {"public_key": "ssh-rsa AAAAB3NzaC1yc2EAAAADAQABAAABAQDLyz2Id8Q5Hq/4bHapNcE4qQcEaqROFZsjoxp4FP4MrFQX2hyFoBxdXPgzp0zuSIWYu30RGQi5wgH2+mDG+GBnn3cmEJSTnx4arpPTRYVwXwpl7UMEjRzXWR5H8EJVw4AE8y+qfNWRrljO5Tus2iXZvjIeZgT+JWOkhDzq+BiEnqxF9GWhbMHNX5mq2D3EBVU721FOWzJ0z+9/MvAM9Wq0weHS9JkIWIsWmutgVbZrguABz0NW1TilmOo3UBoJSJs4WjmlflqZ+9FeBgc7SK1iKcBrWkEwDYxDR3jWDOm5Q1lxqdnGqkHO39lP0DpR5EaEAMi0J1G9eKAYdyRMiiwz Generated-by-Nova", "private_key": "-----BEGIN RSA PRIVATE KEY-----\nMIIEqAIBAAKCAQEAy8s9iHfEOR6v+Gx2qTXBOKkHBGqkThWbI6MaeBT+DKxUF9oc\nhaAcXVz4M6dM7kiFmLt9ERkIucIB9vpgxvhgZ593JhCUk58eGq6T00WFcF8KZe1D\nBI0c11keR/BCVcOABPMvqnzVka5YzuU7rNol2b4yHmYE/iVjpIQ86vgYhJ6sRfRl\noWzBzV+Zqtg9xAVVO9tRTlsydM/vfzLwDPVqtMHh0vSZCFiLFprrYFW2a4LgAc9D\nVtU4pZjqN1AaCUibOFo5pX5amfvRXgYHO0itYinAa1pBMA2MQ0d41gzpuUNZcanZ\nxqpBzt/ZT9A6UeRGhADItCdRvXigGHckTIosMwIDAQABAoIBAA+TdBuHE99NwiNZ\nnuQl8KO0/41N3Ur+icH6iF5fNF+hmDfOetmXuDNGlM3V3qJjtppK0i9JW4pfEqle\nz6DFgRDKdl/ZapGx2qotZ60BJkbFbNUHglTJuEeZTyAuc9N8Qr+eGqmMKwKccbs2\neA4pCjWPPONn5r/J+cisNr+6wJz6JKbOKJG0G5eOgMryDhYKmYb07WfN/7EG1aYv\nnfs+OJFIGKSVuzjMOmvtKIMuBrgqxCJKcD8duVsnHhqXUhqP8Am6BqbzraCCFHqa\nriZNuUqBrrl+pzBs0tx54/kBoZgh7XpJjnRLc6QR/MfU2Q0U9VzzzbgO4rV//snM\nv/J62IECggCBANKYkFobSLXJUpU6+vnEqzXpHuHbt0DZP5tnFHatEyYsSSdV49By\nW8qAtS+kNSXgzrNSPpxoYICgzaK3Z8NZVjC5/qFOwR864JZFa0d6gXlveXInXc6C\n3sycWYjgmhkBpjPwbtREpZuxkt4gii67MWyk28/fW8Jr+bBJJ1aEuPFzAoIAgQD3\nu0Ay/IYBgTWhXeHQB0oy3n5E/aIuRYWp2jaw1XkY3HWQSiSSfJBKNiR4two8TlII\nJALMxi8wE+XXo5xBIC2RgZMHJGGDux2iMnT+KB//jO8bC9mo2NQEbZlUpZZA6VC1\ndw7tsvwD0eJgpLAMnUqEUkhA2XdYgsdxvKE7WCgqQQKCAIEAhBlo6uyUZls7bxpJ\nFeU0lCN/2KLux0G+8WbuYibcjSRYWtE4jqc9RsAHZzP0lqb2YWtklM2wQt8bPkcX\nUmU2eGgi/eIdp85R1FEFIxgIITk4j897uy9CPEySqRZh8u+i5o+ZpZLN4uS3QJhe\ntUN8lC6xJypvL3x1agvpHg8wx1sCggCAa8WzjTrclYT/rt7n4Rd6yRyQNDVfO+AU\n4SrEhjOohg9KueX3eR7lqtNZFIcU1d2AxHfeG/XQC4tsf153GMIF8Po822uRXLyn\njKuEyBjuqr9GOi7ylwkVW4POo8uRzVVzPi64eOJXztWdNUwQJry68UvWkRfKWuAy\nIiHcxrN4bcECggCAfDWfzmPYFJvDZ+xnwL2/SfsavvS4KtHPk+WYTykYHAEHxt9+\nj8016l1UorXMPOaTzJnP8PeOb3MAv6ZLkppCmd06pD12+pstE3tf0nZattia5HyQ\nhdEIDE+z79o2A4IiQYyJTNWeOYkaj63qBvl81EpjeRuzOerhSbSmSiJ+J0k=\n-----END RSA PRIVATE KEY-----\n", "user_id": "e24cc7522cae42bea868cd1e809da359", "name": "tempest-TestGettingAddress-1108516401", "fingerprint": "8b:dd:ca:a9:00:a3:74:6b:ba:7a:69:c9:c2:10:ef:cc"}}
2016-02-16 06:43:06,702 19294 INFO     [tempest_lib.common.rest_client] Request (TestGettingAddress:setUp): 201 POST http://10.4.1.3:9696/v2.0/security-groups 0.409s
2016-02-16 06:43:06,703 19294 DEBUG    [tempest_lib.common.rest_client] Request - Headers: {'Content-Type': 'application/json', 'Accept': 'application/json', 'X-Auth-Token': '&lt;omitted&gt;'}
        Body: {"security_group": {"tenant_id": "490b9f0bb59249e1b9b699ea2074fbdf", "description": "tempest-secgroup-smoke-2042385962 description", "name": "tempest-secgroup-smoke-2042385962"}}
    Response - Headers: {'status': '201', 'content-length': '888', 'connection': 'close', 'date': 'Tue, 16 Feb 2016 06:43:06 GMT', 'content-type': 'application/json; charset=UTF-8', 'x-openstack-request-id': 'req-fcf4551c-c715-4762-bc55-fb163387639d'}
        Body: {"security_group": {"tenant_id": "490b9f0bb59249e1b9b699ea2074fbdf", "description": "tempest-secgroup-smoke-2042385962 description", "id": "da9e550e-0fdd-4e54-8beb-5cad3aad00ea", "security_group_rules": [{"remote_group_id": null, "direction": "egress", "remote_ip_prefix": null, "protocol": null, "ethertype": "IPv4", "tenant_id": "490b9f0bb59249e1b9b699ea2074fbdf", "port_range_max": null, "port_range_min": null, "id": "828b6ea4-6cda-4014-9bf5-27262ec83bed", "security_group_id": "da9e550e-0fdd-4e54-8beb-5cad3aad00ea"}, {"remote_group_id": null, "direction": "egress", "remote_ip_prefix": null, "protocol": null, "ethertype": "IPv6", "tenant_id": "490b9f0bb59249e1b9b699ea2074fbdf", "port_range_max": null, "port_range_min": null, "id": "15589833-50e1-4428-b23c-14fbed2e927d", "security_group_id": "da9e550e-0fdd-4e54-8beb-5cad3aad00ea"}], "name": "tempest-secgroup-smoke-2042385962"}}
2016-02-16 06:43:06,983 19294 INFO     [tempest_lib.common.rest_client] Request (TestGettingAddress:setUp): 201 POST http://10.4.1.3:9696/v2.0/security-group-rules 0.278s
2016-02-16 06:43:06,983 19294 DEBUG    [tempest_lib.common.rest_client] Request - Headers: {'Content-Type': 'application/json', 'Accept': 'application/json', 'X-Auth-Token': '&lt;omitted&gt;'}
        Body: {"security_group_rule": {"direction": "ingress", "protocol": "tcp", "tenant_id": "490b9f0bb59249e1b9b699ea2074fbdf", "port_range_max": 22, "security_group_id": "da9e550e-0fdd-4e54-8beb-5cad3aad00ea", "port_range_min": 22}}
    Response - Headers: {'status': '201', 'content-length': '340', 'connection': 'close', 'date': 'Tue, 16 Feb 2016 06:43:06 GMT', 'content-type': 'application/json; charset=UTF-8', 'x-openstack-request-id': 'req-203bf78b-1164-409f-97b2-f6ee8c9beea1'}
        Body: {"security_group_rule": {"remote_group_id": null, "direction": "ingress", "remote_ip_prefix": null, "protocol": "tcp", "ethertype": "IPv4", "tenant_id": "490b9f0bb59249e1b9b699ea2074fbdf", "port_range_max": 22, "port_range_min": 22, "id": "84d4d81c-d871-4037-9330-61052a3048af", "security_group_id": "da9e550e-0fdd-4e54-8beb-5cad3aad00ea"}}
2016-02-16 06:43:07,285 19294 INFO     [tempest_lib.common.rest_client] Request (TestGettingAddress:setUp): 201 POST http://10.4.1.3:9696/v2.0/security-group-rules 0.300s
2016-02-16 06:43:07,286 19294 DEBUG    [tempest_lib.common.rest_client] Request - Headers: {'Content-Type': 'application/json', 'Accept': 'application/json', 'X-Auth-Token': '&lt;omitted&gt;'}
        Body: {"security_group_rule": {"direction": "egress", "protocol": "tcp", "tenant_id": "490b9f0bb59249e1b9b699ea2074fbdf", "port_range_max": 22, "security_group_id": "da9e550e-0fdd-4e54-8beb-5cad3aad00ea", "port_range_min": 22}}
    Response - Headers: {'status': '201', 'content-length': '339', 'connection': 'close', 'date': 'Tue, 16 Feb 2016 06:43:07 GMT', 'content-type': 'application/json; charset=UTF-8', 'x-openstack-request-id': 'req-e80ab647-4e1f-4000-9715-7332b7a37ce7'}
        Body: {"security_group_rule": {"remote_group_id": null, "direction": "egress", "remote_ip_prefix": null, "protocol": "tcp", "ethertype": "IPv4", "tenant_id": "490b9f0bb59249e1b9b699ea2074fbdf", "port_range_max": 22, "port_range_min": 22, "id": "c6d5038e-e2cc-4657-b255-c80be9a57bfb", "security_group_id": "da9e550e-0fdd-4e54-8beb-5cad3aad00ea"}}
2016-02-16 06:43:07,582 19294 INFO     [tempest_lib.common.rest_client] Request (TestGettingAddress:setUp): 201 POST http://10.4.1.3:9696/v2.0/security-group-rules 0.295s
2016-02-16 06:43:07,583 19294 DEBUG    [tempest_lib.common.rest_client] Request - Headers: {'Content-Type': 'application/json', 'Accept': 'application/json', 'X-Auth-Token': '&lt;omitted&gt;'}
        Body: {"security_group_rule": {"tenant_id": "490b9f0bb59249e1b9b699ea2074fbdf", "direction": "ingress", "protocol": "icmp", "security_group_id": "da9e550e-0fdd-4e54-8beb-5cad3aad00ea"}}
    Response - Headers: {'status': '201', 'content-length': '345', 'connection': 'close', 'date': 'Tue, 16 Feb 2016 06:43:07 GMT', 'content-type': 'application/json; charset=UTF-8', 'x-openstack-request-id': 'req-4078b15a-6336-48f7-af76-a2718d2c8f2d'}
        Body: {"security_group_rule": {"remote_group_id": null, "direction": "ingress", "remote_ip_prefix": null, "protocol": "icmp", "ethertype": "IPv4", "tenant_id": "490b9f0bb59249e1b9b699ea2074fbdf", "port_range_max": null, "port_range_min": null, "id": "ad629428-1c8b-4191-8264-4694fdb3109d", "security_group_id": "da9e550e-0fdd-4e54-8beb-5cad3aad00ea"}}
2016-02-16 06:43:07,883 19294 INFO     [tempest_lib.common.rest_client] Request (TestGettingAddress:setUp): 201 POST http://10.4.1.3:9696/v2.0/security-group-rules 0.298s
2016-02-16 06:43:07,884 19294 DEBUG    [tempest_lib.common.rest_client] Request - Headers: {'Content-Type': 'application/json', 'Accept': 'application/json', 'X-Auth-Token': '&lt;omitted&gt;'}
        Body: {"security_group_rule": {"tenant_id": "490b9f0bb59249e1b9b699ea2074fbdf", "direction": "egress", "protocol": "icmp", "security_group_id": "da9e550e-0fdd-4e54-8beb-5cad3aad00ea"}}
    Response - Headers: {'status': '201', 'content-length': '344', 'connection': 'close', 'date': 'Tue, 16 Feb 2016 06:43:07 GMT', 'content-type': 'application/json; charset=UTF-8', 'x-openstack-request-id': 'req-9339998b-6d95-4ffb-b8ad-67ee0a0bc581'}
        Body: {"security_group_rule": {"remote_group_id": null, "direction": "egress", "remote_ip_prefix": null, "protocol": "icmp", "ethertype": "IPv4", "tenant_id": "490b9f0bb59249e1b9b699ea2074fbdf", "port_range_max": null, "port_range_min": null, "id": "852ae6ff-7ebc-4438-be79-bc1778e279c2", "security_group_id": "da9e550e-0fdd-4e54-8beb-5cad3aad00ea"}}
2016-02-16 06:43:08,206 19294 INFO     [tempest_lib.common.rest_client] Request (TestGettingAddress:setUp): 201 POST http://10.4.1.3:9696/v2.0/security-group-rules 0.320s
2016-02-16 06:43:08,206 19294 DEBUG    [tempest_lib.common.rest_client] Request - Headers: {'Content-Type': 'application/json', 'Accept': 'application/json', 'X-Auth-Token': '&lt;omitted&gt;'}
        Body: {"security_group_rule": {"tenant_id": "490b9f0bb59249e1b9b699ea2074fbdf", "direction": "ingress", "security_group_id": "da9e550e-0fdd-4e54-8beb-5cad3aad00ea", "protocol": "icmp", "ethertype": "IPv6"}}
    Response - Headers: {'status': '201', 'content-length': '345', 'connection': 'close', 'date': 'Tue, 16 Feb 2016 06:43:08 GMT', 'content-type': 'application/json; charset=UTF-8', 'x-openstack-request-id': 'req-3da475b1-0ba5-4a93-97b1-fd8f1dc11ff4'}
        Body: {"security_group_rule": {"remote_group_id": null, "direction": "ingress", "remote_ip_prefix": null, "protocol": "icmp", "ethertype": "IPv6", "tenant_id": "490b9f0bb59249e1b9b699ea2074fbdf", "port_range_max": null, "port_range_min": null, "id": "780c8695-b04d-44ae-8e06-878a17141191", "security_group_id": "da9e550e-0fdd-4e54-8beb-5cad3aad00ea"}}
2016-02-16 06:43:08,522 19294 INFO     [tempest_lib.common.rest_client] Request (TestGettingAddress:setUp): 201 POST http://10.4.1.3:9696/v2.0/security-group-rules 0.314s
2016-02-16 06:43:08,523 19294 DEBUG    [tempest_lib.common.rest_client] Request - Headers: {'Content-Type': 'application/json', 'Accept': 'application/json', 'X-Auth-Token': '&lt;omitted&gt;'}
        Body: {"security_group_rule": {"tenant_id": "490b9f0bb59249e1b9b699ea2074fbdf", "direction": "egress", "security_group_id": "da9e550e-0fdd-4e54-8beb-5cad3aad00ea", "protocol": "icmp", "ethertype": "IPv6"}}
    Response - Headers: {'status': '201', 'content-length': '344', 'connection': 'close', 'date': 'Tue, 16 Feb 2016 06:43:08 GMT', 'content-type': 'application/json; charset=UTF-8', 'x-openstack-request-id': 'req-1c7b9660-48e0-491f-9c48-c753830cd257'}
        Body: {"security_group_rule": {"remote_group_id": null, "direction": "egress", "remote_ip_prefix": null, "protocol": "icmp", "ethertype": "IPv6", "tenant_id": "490b9f0bb59249e1b9b699ea2074fbdf", "port_range_max": null, "port_range_min": null, "id": "863efcdc-c6ca-45d9-a0b6-ddbaebc010bc", "security_group_id": "da9e550e-0fdd-4e54-8beb-5cad3aad00ea"}}
2016-02-16 06:43:08,969 19294 INFO     [tempest_lib.common.rest_client] Request (TestGettingAddress:test_dhcp6_stateless_from_os): 201 POST http://10.4.1.3:9696/v2.0/networks 0.444s
2016-02-16 06:43:08,970 19294 DEBUG    [tempest_lib.common.rest_client] Request - Headers: {'Content-Type': 'application/json', 'Accept': 'application/json', 'X-Auth-Token': '&lt;omitted&gt;'}
        Body: {"network": {"tenant_id": "490b9f0bb59249e1b9b699ea2074fbdf", "name": "tempest-network-smoke--2091154349"}}
    Response - Headers: {'status': '201', 'content-length': '356', 'connection': 'close', 'date': 'Tue, 16 Feb 2016 06:43:08 GMT', 'content-type': 'application/json; charset=UTF-8', 'x-openstack-request-id': 'req-e790c457-c20e-4239-8beb-12b5409c32c7'}
        Body: {"network": {"status": "ACTIVE", "subnets": [], "availability_zone_hints": [], "availability_zones": [], "name": "tempest-network-smoke--2091154349", "admin_state_up": true, "tenant_id": "490b9f0bb59249e1b9b699ea2074fbdf", "mtu": 1450, "router:external": false, "shared": false, "port_security_enabled": true, "id": "34689b61-1308-43d9-b7fe-fb4d108b0239"}}
2016-02-16 06:43:09,221 19294 INFO     [tempest_lib.common.rest_client] Request (TestGettingAddress:test_dhcp6_stateless_from_os): 200 GET http://10.4.1.3:9696/v2.0/subnets?tenant_id=490b9f0bb59249e1b9b699ea2074fbdf&amp;cidr=10.100.0.0%2F28 0.250s
2016-02-16 06:43:09,222 19294 DEBUG    [tempest_lib.common.rest_client] Request - Headers: {'Content-Type': 'application/json', 'Accept': 'application/json', 'X-Auth-Token': '&lt;omitted&gt;'}
        Body: None
    Response - Headers: {'status': '200', 'content-length': '15', 'content-location': 'http://10.4.1.3:9696/v2.0/subnets?tenant_id=490b9f0bb59249e1b9b699ea2074fbdf&amp;cidr=10.100.0.0%2F28', 'connection': 'close', 'date': 'Tue, 16 Feb 2016 06:43:09 GMT', 'content-type': 'application/json; charset=UTF-8', 'x-openstack-request-id': 'req-10d47f95-9321-49a1-90cf-7d8fb5d03c2e'}
        Body: {"subnets": []}
2016-02-16 06:43:09,846 19294 INFO     [tempest_lib.common.rest_client] Request (TestGettingAddress:test_dhcp6_stateless_from_os): 201 POST http://10.4.1.3:9696/v2.0/subnets 0.622s
2016-02-16 06:43:09,847 19294 DEBUG    [tempest_lib.common.rest_client] Request - Headers: {'Content-Type': 'application/json', 'Accept': 'application/json', 'X-Auth-Token': '&lt;omitted&gt;'}
        Body: {"subnet": {"ip_version": 4, "tenant_id": "490b9f0bb59249e1b9b699ea2074fbdf", "cidr": "10.100.0.0/28", "network_id": "34689b61-1308-43d9-b7fe-fb4d108b0239", "name": "tempest-sub4-1548970579"}}
    Response - Headers: {'status': '201', 'content-length': '470', 'connection': 'close', 'date': 'Tue, 16 Feb 2016 06:43:09 GMT', 'content-type': 'application/json; charset=UTF-8', 'x-openstack-request-id': 'req-f0ee76a5-6cd3-4864-9232-2b69fd26a0d9'}
        Body: {"subnet": {"name": "tempest-sub4-1548970579", "enable_dhcp": true, "network_id": "34689b61-1308-43d9-b7fe-fb4d108b0239", "tenant_id": "490b9f0bb59249e1b9b699ea2074fbdf", "dns_nameservers": [], "gateway_ip": "10.100.0.1", "ipv6_ra_mode": null, "allocation_pools": [{"start": "10.100.0.2", "end": "10.100.0.14"}], "host_routes": [], "ip_version": 4, "ipv6_address_mode": null, "cidr": "10.100.0.0/28", "id": "e9c6d35e-53a1-406f-9198-35a86a7ccfbd", "subnetpool_id": null}}
2016-02-16 06:43:10,076 19294 INFO     [tempest_lib.common.rest_client] Request (TestGettingAddress:test_dhcp6_stateless_from_os): 201 POST http://10.4.1.3:9696/v2.0/routers 0.228s
2016-02-16 06:43:10,076 19294 DEBUG    [tempest_lib.common.rest_client] Request - Headers: {'Content-Type': 'application/json', 'Accept': 'application/json', 'X-Auth-Token': '&lt;omitted&gt;'}
        Body: {"router": {"tenant_id": "490b9f0bb59249e1b9b699ea2074fbdf", "name": "tempest-router-smoke-1437115715", "admin_state_up": true}}
    Response - Headers: {'status': '201', 'content-length': '239', 'connection': 'close', 'date': 'Tue, 16 Feb 2016 06:43:10 GMT', 'content-type': 'application/json; charset=UTF-8', 'x-openstack-request-id': 'req-0e4bd251-d07c-40fd-a7d0-b2174e8635db'}
        Body: {"router": {"status": "ACTIVE", "external_gateway_info": null, "name": "tempest-router-smoke-1437115715", "admin_state_up": true, "tenant_id": "490b9f0bb59249e1b9b699ea2074fbdf", "routes": [], "id": "be793055-7352-48e2-b15f-8870f5d45921"}}
2016-02-16 06:43:10,304 19294 INFO     [tempest_lib.common.rest_client] Request (TestGettingAddress:test_dhcp6_stateless_from_os): 200 GET http://10.4.1.3:9696/v2.0/routers/be793055-7352-48e2-b15f-8870f5d45921 0.226s
2016-02-16 06:43:10,304 19294 DEBUG    [tempest_lib.common.rest_client] Request - Headers: {'Content-Type': 'application/json', 'Accept': 'application/json', 'X-Auth-Token': '&lt;omitted&gt;'}
        Body: None
    Response - Headers: {'status': '200', 'content-length': '239', 'content-location': 'http://10.4.1.3:9696/v2.0/routers/be793055-7352-48e2-b15f-8870f5d45921', 'connection': 'close', 'date': 'Tue, 16 Feb 2016 06:43:10 GMT', 'content-type': 'application/json; charset=UTF-8', 'x-openstack-request-id': 'req-2f3c95d0-9652-4c8e-8767-fe20e0c67deb'}
        Body: {"router": {"status": "ACTIVE", "external_gateway_info": null, "name": "tempest-router-smoke-1437115715", "admin_state_up": true, "tenant_id": "490b9f0bb59249e1b9b699ea2074fbdf", "routes": [], "id": "be793055-7352-48e2-b15f-8870f5d45921"}}
2016-02-16 06:43:11,075 19294 INFO     [tempest_lib.common.rest_client] Request (TestGettingAddress:test_dhcp6_stateless_from_os): 200 PUT http://10.4.1.3:9696/v2.0/routers/be793055-7352-48e2-b15f-8870f5d45921 0.770s
2016-02-16 06:43:11,076 19294 DEBUG    [tempest_lib.common.rest_client] Request - Headers: {'Content-Type': 'application/json', 'Accept': 'application/json', 'X-Auth-Token': '&lt;omitted&gt;'}
        Body: {"router": {"external_gateway_info": {"network_id": "f07f8ac9-1b35-4f26-9dc4-7b60cc165794"}, "name": "tempest-router-smoke-1437115715", "admin_state_up": true}}
    Response - Headers: {'status': '200', 'content-length': '501', 'connection': 'close', 'date': 'Tue, 16 Feb 2016 06:43:11 GMT', 'content-type': 'application/json; charset=UTF-8', 'x-openstack-request-id': 'req-e6e914be-5268-45e0-ad67-6b65be4ab520'}
        Body: {"router": {"status": "ACTIVE", "external_gateway_info": {"network_id": "f07f8ac9-1b35-4f26-9dc4-7b60cc165794", "enable_snat": true, "external_fixed_ips": [{"subnet_id": "c142099b-cb0f-4fc6-ab2c-e6943a9ac661", "ip_address": "172.24.4.3"}, {"subnet_id": "d824d973-35a9-48b0-a169-b8feb844998f", "ip_address": "2001:db8::4"}]}, "name": "tempest-router-smoke-1437115715", "admin_state_up": true, "tenant_id": "490b9f0bb59249e1b9b699ea2074fbdf", "routes": [], "id": "be793055-7352-48e2-b15f-8870f5d45921"}}
2016-02-16 06:43:11,827 19294 INFO     [tempest_lib.common.rest_client] Request (TestGettingAddress:test_dhcp6_stateless_from_os): 200 PUT http://10.4.1.3:9696/v2.0/routers/be793055-7352-48e2-b15f-8870f5d45921/add_router_interface 0.750s
2016-02-16 06:43:11,827 19294 DEBUG    [tempest_lib.common.rest_client] Request - Headers: {'Content-Type': 'application/json', 'Accept': 'application/json', 'X-Auth-Token': '&lt;omitted&gt;'}
        Body: {"subnet_id": "e9c6d35e-53a1-406f-9198-35a86a7ccfbd"}
    Response - Headers: {'status': '200', 'content-length': '309', 'connection': 'close', 'date': 'Tue, 16 Feb 2016 06:43:11 GMT', 'content-type': 'application/json; charset=UTF-8', 'x-openstack-request-id': 'req-5a27b050-e629-4d47-b94b-ca7363ae639a'}
        Body: {"network_id": "34689b61-1308-43d9-b7fe-fb4d108b0239", "tenant_id": "490b9f0bb59249e1b9b699ea2074fbdf", "subnet_id": "e9c6d35e-53a1-406f-9198-35a86a7ccfbd", "subnet_ids": ["e9c6d35e-53a1-406f-9198-35a86a7ccfbd"], "port_id": "7e071a9e-d105-4d50-bb27-773a2f8a47d2", "id": "be793055-7352-48e2-b15f-8870f5d45921"}
2016-02-16 06:43:12,158 19294 INFO     [tempest_lib.common.rest_client] Request (TestGettingAddress:test_dhcp6_stateless_from_os): 200 GET http://10.4.1.3:9696/v2.0/subnets?tenant_id=490b9f0bb59249e1b9b699ea2074fbdf&amp;cidr=2003%3A%3A%2F64 0.329s
2016-02-16 06:43:12,159 19294 DEBUG    [tempest_lib.common.rest_client] Request - Headers: {'Content-Type': 'application/json', 'Accept': 'application/json', 'X-Auth-Token': '&lt;omitted&gt;'}
        Body: None
    Response - Headers: {'status': '200', 'content-length': '15', 'content-location': 'http://10.4.1.3:9696/v2.0/subnets?tenant_id=490b9f0bb59249e1b9b699ea2074fbdf&amp;cidr=2003%3A%3A%2F64', 'connection': 'close', 'date': 'Tue, 16 Feb 2016 06:43:12 GMT', 'content-type': 'application/json; charset=UTF-8', 'x-openstack-request-id': 'req-d1a18193-7840-42dd-a772-3e9f2f2f2f55'}
        Body: {"subnets": []}
2016-02-16 06:43:13,318 19294 INFO     [tempest_lib.common.rest_client] Request (TestGettingAddress:test_dhcp6_stateless_from_os): 201 POST http://10.4.1.3:9696/v2.0/subnets 1.158s
2016-02-16 06:43:13,318 19294 DEBUG    [tempest_lib.common.rest_client] Request - Headers: {'Content-Type': 'application/json', 'Accept': 'application/json', 'X-Auth-Token': '&lt;omitted&gt;'}
        Body: {"subnet": {"name": "tempest-sub6-971421452", "network_id": "34689b61-1308-43d9-b7fe-fb4d108b0239", "tenant_id": "490b9f0bb59249e1b9b699ea2074fbdf", "ipv6_ra_mode": "dhcpv6-stateless", "ip_version": 6, "ipv6_address_mode": "dhcpv6-stateless", "cidr": "2003::/64"}}
    Response - Headers: {'status': '201', 'content-length': '501', 'connection': 'close', 'date': 'Tue, 16 Feb 2016 06:43:13 GMT', 'content-type': 'application/json; charset=UTF-8', 'x-openstack-request-id': 'req-a5d7b4bb-dacd-4694-b90a-6247b13f3179'}
        Body: {"subnet": {"name": "tempest-sub6-971421452", "enable_dhcp": true, "network_id": "34689b61-1308-43d9-b7fe-fb4d108b0239", "tenant_id": "490b9f0bb59249e1b9b699ea2074fbdf", "dns_nameservers": [], "gateway_ip": "2003::1", "ipv6_ra_mode": "dhcpv6-stateless", "allocation_pools": [{"start": "2003::2", "end": "2003::ffff:ffff:ffff:ffff"}], "host_routes": [], "ip_version": 6, "ipv6_address_mode": "dhcpv6-stateless", "cidr": "2003::/64", "id": "2da93537-7809-4d4b-9a98-553e9635583b", "subnetpool_id": null}}
2016-02-16 06:43:14,191 19294 INFO     [tempest_lib.common.rest_client] Request (TestGettingAddress:test_dhcp6_stateless_from_os): 200 PUT http://10.4.1.3:9696/v2.0/routers/be793055-7352-48e2-b15f-8870f5d45921/add_router_interface 0.871s
2016-02-16 06:43:14,192 19294 DEBUG    [tempest_lib.common.rest_client] Request - Headers: {'Content-Type': 'application/json', 'Accept': 'application/json', 'X-Auth-Token': '&lt;omitted&gt;'}
        Body: {"subnet_id": "2da93537-7809-4d4b-9a98-553e9635583b"}
    Response - Headers: {'status': '200', 'content-length': '309', 'connection': 'close', 'date': 'Tue, 16 Feb 2016 06:43:14 GMT', 'content-type': 'application/json; charset=UTF-8', 'x-openstack-request-id': 'req-fac9d5a3-3002-4856-9b0c-ba15273b4ce2'}
        Body: {"network_id": "34689b61-1308-43d9-b7fe-fb4d108b0239", "tenant_id": "490b9f0bb59249e1b9b699ea2074fbdf", "subnet_id": "2da93537-7809-4d4b-9a98-553e9635583b", "subnet_ids": ["2da93537-7809-4d4b-9a98-553e9635583b"], "port_id": "c85df690-eef8-48b3-9887-8b82c80b3cdf", "id": "be793055-7352-48e2-b15f-8870f5d45921"}
2016-02-16 06:43:14,365 19294 INFO     [tempest_lib.common.rest_client] Request (TestGettingAddress:test_dhcp6_stateless_from_os): 200 POST http://10.4.1.3:5000/v2.0/tokens
2016-02-16 06:43:14,365 19294 DEBUG    [tempest_lib.common.rest_client] Request - Headers: {'Content-Type': 'application/json', 'Accept': 'application/json'}
        Body: &lt;omitted&gt;
    Response - Headers: {'status': '200', 'content-length': '2252', 'vary': 'X-Auth-Token', 'server': 'Apache/2.4.7 (Ubuntu)', 'connection': 'close', 'date': 'Tue, 16 Feb 2016 06:43:14 GMT', 'content-type': 'application/json', 'x-openstack-request-id': 'req-2d702031-2889-4b19-bf48-d761e6aa92e1'}
        Body: {"access": {"token": {"issued_at": "2016-02-16T06:43:14.350701", "expires": "2016-02-16T07:43:14Z", "id": "0e4e6a43621a455c8b5453d02015429d", "tenant": {"description": "tempest-TestGettingAddress-43293230-desc", "enabled": true, "id": "490b9f0bb59249e1b9b699ea2074fbdf", "name": "tempest-TestGettingAddress-43293230"}, "audit_ids": ["Wc8sygwqRPyHruA11cfu3Q"]}, "serviceCatalog": [{"endpoints": [{"adminURL": "http://10.4.1.3:9292", "region": "RegionOne", "internalURL": "http://10.4.1.3:9292", "id": "7dfe19320b6648e58be837d574d33e98", "publicURL": "http://10.4.1.3:9292"}], "endpoints_links": [], "type": "image", "name": "glance"}, {"endpoints": [{"adminURL": "http://10.4.1.3:8774/v2.1/490b9f0bb59249e1b9b699ea2074fbdf", "region": "RegionOne", "internalURL": "http://10.4.1.3:8774/v2.1/490b9f0bb59249e1b9b699ea2074fbdf", "id": "0982c8fe634e49c48d753c42fe6846a3", "publicURL": "http://10.4.1.3:8774/v2.1/490b9f0bb59249e1b9b699ea2074fbdf"}], "endpoints_links": [], "type": "compute", "name": "nova"}, {"endpoints": [{"adminURL": "http://10.4.1.3:9696/", "region": "RegionOne", "internalURL": "http://10.4.1.3:9696/", "id": "1bad737181bf4f8eb097df47d1800c28", "publicURL": "http://10.4.1.3:9696/"}], "endpoints_links": [], "type": "network", "name": "neutron"}, {"endpoints": [{"adminURL": "http://10.4.1.3:35357/v2.0", "region": "RegionOne", "internalURL": "http://10.4.1.3:5000/v2.0", "id": "0ba065ab19ad4f358be657ba8f840b83", "publicURL": "http://10.4.1.3:5000/v2.0"}], "endpoints_links": [], "type": "identity", "name": "keystone"}, {"endpoints": [{"adminURL": "http://10.4.1.3:8774/v2/490b9f0bb59249e1b9b699ea2074fbdf", "region": "RegionOne", "internalURL": "http://10.4.1.3:8774/v2/490b9f0bb59249e1b9b699ea2074fbdf", "id": "71610db9ad524d13a74a7236358e1f61", "publicURL": "http://10.4.1.3:8774/v2/490b9f0bb59249e1b9b699ea2074fbdf"}], "endpoints_links": [], "type": "compute_legacy", "name": "nova_legacy"}], "user": {"username": "tempest-TestGettingAddress-1453178188", "roles_links": [], "id": "e24cc7522cae42bea868cd1e809da359", "roles": [{"name": "_member_"}, {"name": "Member"}], "name": "tempest-TestGettingAddress-1453178188"}, "metadata": {"is_admin": 0, "roles": ["9fe2ff9ee4384b1894a90878d3e92bab", "32c3f8eeed8a4639b1556f4555d7ae3d"]}}}
2016-02-16 06:43:14,372 19294 DEBUG    [tempest.common.fixed_network] (TestGettingAddress:test_dhcp6_stateless_from_os) No valid network provided or created, defaulting to fixed_network_name
2016-02-16 06:43:14,824 19294 INFO     [tempest_lib.common.rest_client] Request (TestGettingAddress:test_dhcp6_stateless_from_os): 200 GET http://10.4.1.3:8774/v2.1/490b9f0bb59249e1b9b699ea2074fbdf/os-networks 0.450s
2016-02-16 06:43:14,825 19294 DEBUG    [tempest_lib.common.rest_client] Request - Headers: {'Content-Type': 'application/json', 'Accept': 'application/json', 'X-Auth-Token': '&lt;omitted&gt;'}
        Body: None
    Response - Headers: {'status': '200', 'content-length': '479', 'content-location': 'http://10.4.1.3:8774/v2.1/490b9f0bb59249e1b9b699ea2074fbdf/os-networks', 'x-compute-request-id': 'req-c64e86c1-6cc4-4fd4-9176-7aba7908897d', 'vary': 'X-OpenStack-Nova-API-Version', 'connection': 'close', 'x-openstack-nova-api-version': '2.1', 'date': 'Tue, 16 Feb 2016 06:43:14 GMT', 'content-type': 'application/json'}
        Body: {"networks": [{"cidr_v6": null, "dns2": null, "dns1": null, "gateway": null, "broadcast": null, "netmask": null, "gateway_v6": null, "cidr": null, "label": "public", "id": "f07f8ac9-1b35-4f26-9dc4-7b60cc165794", "netmask_v6": null}, {"cidr_v6": null, "dns2": null, "dns1": null, "gateway": null, "broadcast": null, "netmask": null, "gateway_v6": null, "cidr": null, "label": "tempest-network-smoke--2091154349", "id": "34689b61-1308-43d9-b7fe-fb4d108b0239", "netmask_v6": null}]}
2016-02-16 06:43:14,826 19294 WARNING  [tempest.common.fixed_network] (TestGettingAddress:test_dhcp6_stateless_from_os) Network with name: private not found
2016-02-16 06:43:14,826 19294 INFO     [tempest.common.fixed_network] (TestGettingAddress:test_dhcp6_stateless_from_os) Found network {} available for tenant
2016-02-16 06:43:18,381 19294 INFO     [tempest_lib.common.rest_client] Request (TestGettingAddress:test_dhcp6_stateless_from_os): 202 POST http://10.4.1.3:8774/v2.1/490b9f0bb59249e1b9b699ea2074fbdf/servers 3.553s
2016-02-16 06:43:18,381 19294 DEBUG    [tempest_lib.common.rest_client] Request - Headers: {'Content-Type': 'application/json', 'Accept': 'application/json', 'X-Auth-Token': '&lt;omitted&gt;'}
        Body: {"server": {"name": "tempest.common.compute-instance-1951294562", "imageRef": "f1f089e1-533d-4b54-8067-587cd2900443", "key_name": "tempest-TestGettingAddress-1108516401", "flavorRef": "42", "networks": [{"uuid": "34689b61-1308-43d9-b7fe-fb4d108b0239"}], "security_groups": [{"name": "tempest-secgroup-smoke-2042385962"}]}}
    Response - Headers: {'status': '202', 'content-length': '460', 'x-compute-request-id': 'req-de74a8ee-8583-4a69-b79a-62f24a2d4f47', 'vary': 'X-OpenStack-Nova-API-Version', 'connection': 'close', 'location': 'http://10.4.1.3:8774/v2.1/490b9f0bb59249e1b9b699ea2074fbdf/servers/9554a299-b027-4ff4-b6b1-43529d788494', 'x-openstack-nova-api-version': '2.1', 'date': 'Tue, 16 Feb 2016 06:43:18 GMT', 'content-type': 'application/json'}
        Body: {"server": {"security_groups": [{"name": "tempest-secgroup-smoke-2042385962"}], "OS-DCF:diskConfig": "MANUAL", "id": "9554a299-b027-4ff4-b6b1-43529d788494", "links": [{"href": "http://10.4.1.3:8774/v2.1/490b9f0bb59249e1b9b699ea2074fbdf/servers/9554a299-b027-4ff4-b6b1-43529d788494", "rel": "self"}, {"href": "http://10.4.1.3:8774/490b9f0bb59249e1b9b699ea2074fbdf/servers/9554a299-b027-4ff4-b6b1-43529d788494", "rel": "bookmark"}], "adminPass": "2mX92u78Xub3"}}
2016-02-16 06:43:18,828 19294 INFO     [tempest_lib.common.rest_client] Request (TestGettingAddress:test_dhcp6_stateless_from_os): 200 GET http://10.4.1.3:8774/v2.1/490b9f0bb59249e1b9b699ea2074fbdf/servers/9554a299-b027-4ff4-b6b1-43529d788494 0.445s
2016-02-16 06:43:18,829 19294 DEBUG    [tempest_lib.common.rest_client] Request - Headers: {'Content-Type': 'application/json', 'Accept': 'application/json', 'X-Auth-Token': '&lt;omitted&gt;'}
        Body: None
    Response - Headers: {'status': '200', 'content-length': '1351', 'content-location': 'http://10.4.1.3:8774/v2.1/490b9f0bb59249e1b9b699ea2074fbdf/servers/9554a299-b027-4ff4-b6b1-43529d788494', 'x-compute-request-id': 'req-6a97d9f5-642a-4c5c-a2e6-271954ceca62', 'vary': 'X-OpenStack-Nova-API-Version', 'connection': 'close', 'x-openstack-nova-api-version': '2.1', 'date': 'Tue, 16 Feb 2016 06:43:18 GMT', 'content-type': 'application/json'}
        Body: {"server": {"status": "BUILD", "updated": "2016-02-16T06:43:18Z", "hostId": "", "addresses": {}, "links": [{"href": "http://10.4.1.3:8774/v2.1/490b9f0bb59249e1b9b699ea2074fbdf/servers/9554a299-b027-4ff4-b6b1-43529d788494", "rel": "self"}, {"href": "http://10.4.1.3:8774/490b9f0bb59249e1b9b699ea2074fbdf/servers/9554a299-b027-4ff4-b6b1-43529d788494", "rel": "bookmark"}], "key_name": "tempest-TestGettingAddress-1108516401", "image": {"id": "f1f089e1-533d-4b54-8067-587cd2900443", "links": [{"href": "http://10.4.1.3:8774/490b9f0bb59249e1b9b699ea2074fbdf/images/f1f089e1-533d-4b54-8067-587cd2900443", "rel": "bookmark"}]}, "OS-EXT-STS:task_state": "scheduling", "OS-EXT-STS:vm_state": "building", "OS-SRV-USG:launched_at": null, "flavor": {"id": "42", "links": [{"href": "http://10.4.1.3:8774/490b9f0bb59249e1b9b699ea2074fbdf/flavors/42", "rel": "bookmark"}]}, "id": "9554a299-b027-4ff4-b6b1-43529d788494", "OS-SRV-USG:terminated_at": null, "OS-EXT-AZ:availability_zone": "", "user_id": "e24cc7522cae42bea868cd1e809da359", "name": "tempest.common.compute-instance-1951294562", "created": "2016-02-16T06:43:18Z", "tenant_id": "490b9f0bb59249e1b9b699ea2074fbdf", "OS-DCF:diskConfig": "MANUAL", "os-extended-volumes:volumes_attached": [], "accessIPv4": "", "accessIPv6": "", "progress": 0, "OS-EXT-STS:power_state": 0, "config_drive": "", "metadata": {}}}
2016-02-16 06:43:20,404 19294 INFO     [tempest_lib.common.rest_client] Request (TestGettingAddress:test_dhcp6_stateless_from_os): 200 GET http://10.4.1.3:8774/v2.1/490b9f0bb59249e1b9b699ea2074fbdf/servers/9554a299-b027-4ff4-b6b1-43529d788494 0.565s
2016-02-16 06:43:20,405 19294 DEBUG    [tempest_lib.common.rest_client] Request - Headers: {'Content-Type': 'application/json', 'Accept': 'application/json', 'X-Auth-Token': '&lt;omitted&gt;'}
        Body: None
    Response - Headers: {'status': '200', 'content-length': '1409', 'content-location': 'http://10.4.1.3:8774/v2.1/490b9f0bb59249e1b9b699ea2074fbdf/servers/9554a299-b027-4ff4-b6b1-43529d788494', 'x-compute-request-id': 'req-7787b5a1-7788-46d0-a3e9-afaa24b397cc', 'vary': 'X-OpenStack-Nova-API-Version', 'connection': 'close', 'x-openstack-nova-api-version': '2.1', 'date': 'Tue, 16 Feb 2016 06:43:20 GMT', 'content-type': 'application/json'}
        Body: {"server": {"status": "BUILD", "updated": "2016-02-16T06:43:19Z", "hostId": "aafb09b506f764cbb225599faed80f207a190e1abee8e3dc7a5351f3", "addresses": {}, "links": [{"href": "http://10.4.1.3:8774/v2.1/490b9f0bb59249e1b9b699ea2074fbdf/servers/9554a299-b027-4ff4-b6b1-43529d788494", "rel": "self"}, {"href": "http://10.4.1.3:8774/490b9f0bb59249e1b9b699ea2074fbdf/servers/9554a299-b027-4ff4-b6b1-43529d788494", "rel": "bookmark"}], "key_name": "tempest-TestGettingAddress-1108516401", "image": {"id": "f1f089e1-533d-4b54-8067-587cd2900443", "links": [{"href": "http://10.4.1.3:8774/490b9f0bb59249e1b9b699ea2074fbdf/images/f1f089e1-533d-4b54-8067-587cd2900443", "rel": "bookmark"}]}, "OS-EXT-STS:task_state": "spawning", "OS-EXT-STS:vm_state": "building", "OS-SRV-USG:launched_at": null, "flavor": {"id": "42", "links": [{"href": "http://10.4.1.3:8774/490b9f0bb59249e1b9b699ea2074fbdf/flavors/42", "rel": "bookmark"}]}, "id": "9554a299-b027-4ff4-b6b1-43529d788494", "OS-SRV-USG:terminated_at": null, "OS-EXT-AZ:availability_zone": "nova", "user_id": "e24cc7522cae42bea868cd1e809da359", "name": "tempest.common.compute-instance-1951294562", "created": "2016-02-16T06:43:18Z", "tenant_id": "490b9f0bb59249e1b9b699ea2074fbdf", "OS-DCF:diskConfig": "MANUAL", "os-extended-volumes:volumes_attached": [], "accessIPv4": "", "accessIPv6": "", "progress": 0, "OS-EXT-STS:power_state": 0, "config_drive": "", "metadata": {}}}
2016-02-16 06:43:20,415 19294 INFO     [tempest.common.waiters] State transition "BUILD/scheduling" ==&gt; "BUILD/spawning" after 2 second wait
2016-02-16 06:43:22,132 19294 INFO     [tempest_lib.common.rest_client] Request (TestGettingAddress:test_dhcp6_stateless_from_os): 200 GET http://10.4.1.3:8774/v2.1/490b9f0bb59249e1b9b699ea2074fbdf/servers/9554a299-b027-4ff4-b6b1-43529d788494 0.715s
2016-02-16 06:43:22,133 19294 DEBUG    [tempest_lib.common.rest_client] Request - Headers: {'Content-Type': 'application/json', 'Accept': 'application/json', 'X-Auth-Token': '&lt;omitted&gt;'}
        Body: None
    Response - Headers: {'status': '200', 'content-length': '1477', 'content-location': 'http://10.4.1.3:8774/v2.1/490b9f0bb59249e1b9b699ea2074fbdf/servers/9554a299-b027-4ff4-b6b1-43529d788494', 'x-compute-request-id': 'req-1bb0d0be-059d-46e3-87dd-7af1989ae7a1', 'vary': 'X-OpenStack-Nova-API-Version', 'connection': 'close', 'x-openstack-nova-api-version': '2.1', 'date': 'Tue, 16 Feb 2016 06:43:22 GMT', 'content-type': 'application/json'}
        Body: {"server": {"status": "BUILD", "updated": "2016-02-16T06:43:19Z", "hostId": "aafb09b506f764cbb225599faed80f207a190e1abee8e3dc7a5351f3", "addresses": {}, "links": [{"href": "http://10.4.1.3:8774/v2.1/490b9f0bb59249e1b9b699ea2074fbdf/servers/9554a299-b027-4ff4-b6b1-43529d788494", "rel": "self"}, {"href": "http://10.4.1.3:8774/490b9f0bb59249e1b9b699ea2074fbdf/servers/9554a299-b027-4ff4-b6b1-43529d788494", "rel": "bookmark"}], "key_name": "tempest-TestGettingAddress-1108516401", "image": {"id": "f1f089e1-533d-4b54-8067-587cd2900443", "links": [{"href": "http://10.4.1.3:8774/490b9f0bb59249e1b9b699ea2074fbdf/images/f1f089e1-533d-4b54-8067-587cd2900443", "rel": "bookmark"}]}, "OS-EXT-STS:task_state": "spawning", "OS-EXT-STS:vm_state": "building", "OS-SRV-USG:launched_at": null, "flavor": {"id": "42", "links": [{"href": "http://10.4.1.3:8774/490b9f0bb59249e1b9b699ea2074fbdf/flavors/42", "rel": "bookmark"}]}, "id": "9554a299-b027-4ff4-b6b1-43529d788494", "security_groups": [{"name": "tempest-secgroup-smoke-2042385962"}], "OS-SRV-USG:terminated_at": null, "OS-EXT-AZ:availability_zone": "nova", "user_id": "e24cc7522cae42bea868cd1e809da359", "name": "tempest.common.compute-instance-1951294562", "created": "2016-02-16T06:43:18Z", "tenant_id": "490b9f0bb59249e1b9b699ea2074fbdf", "OS-DCF:diskConfig": "MANUAL", "os-extended-volumes:volumes_attached": [], "accessIPv4": "", "accessIPv6": "", "progress": 0, "OS-EXT-STS:power_state": 0, "config_drive": "", "metadata": {}}}
2016-02-16 06:43:23,880 19294 INFO     [tempest_lib.common.rest_client] Request (TestGettingAddress:test_dhcp6_stateless_from_os): 200 GET http://10.4.1.3:8774/v2.1/490b9f0bb59249e1b9b699ea2074fbdf/servers/9554a299-b027-4ff4-b6b1-43529d788494 0.737s
2016-02-16 06:43:23,880 19294 DEBUG    [tempest_lib.common.rest_client] Request - Headers: {'Content-Type': 'application/json', 'Accept': 'application/json', 'X-Auth-Token': '&lt;omitted&gt;'}
        Body: None
    Response - Headers: {'status': '200', 'content-length': '1477', 'content-location': 'http://10.4.1.3:8774/v2.1/490b9f0bb59249e1b9b699ea2074fbdf/servers/9554a299-b027-4ff4-b6b1-43529d788494', 'x-compute-request-id': 'req-c3b0f273-a382-4c49-a94a-8fcf1695f758', 'vary': 'X-OpenStack-Nova-API-Version', 'connection': 'close', 'x-openstack-nova-api-version': '2.1', 'date': 'Tue, 16 Feb 2016 06:43:23 GMT', 'content-type': 'application/json'}
        Body: {"server": {"status": "BUILD", "updated": "2016-02-16T06:43:19Z", "hostId": "aafb09b506f764cbb225599faed80f207a190e1abee8e3dc7a5351f3", "addresses": {}, "links": [{"href": "http://10.4.1.3:8774/v2.1/490b9f0bb59249e1b9b699ea2074fbdf/servers/9554a299-b027-4ff4-b6b1-43529d788494", "rel": "self"}, {"href": "http://10.4.1.3:8774/490b9f0bb59249e1b9b699ea2074fbdf/servers/9554a299-b027-4ff4-b6b1-43529d788494", "rel": "bookmark"}], "key_name": "tempest-TestGettingAddress-1108516401", "image": {"id": "f1f089e1-533d-4b54-8067-587cd2900443", "links": [{"href": "http://10.4.1.3:8774/490b9f0bb59249e1b9b699ea2074fbdf/images/f1f089e1-533d-4b54-8067-587cd2900443", "rel": "bookmark"}]}, "OS-EXT-STS:task_state": "spawning", "OS-EXT-STS:vm_state": "building", "OS-SRV-USG:launched_at": null, "flavor": {"id": "42", "links": [{"href": "http://10.4.1.3:8774/490b9f0bb59249e1b9b699ea2074fbdf/flavors/42", "rel": "bookmark"}]}, "id": "9554a299-b027-4ff4-b6b1-43529d788494", "security_groups": [{"name": "tempest-secgroup-smoke-2042385962"}], "OS-SRV-USG:terminated_at": null, "OS-EXT-AZ:availability_zone": "nova", "user_id": "e24cc7522cae42bea868cd1e809da359", "name": "tempest.common.compute-instance-1951294562", "created": "2016-02-16T06:43:18Z", "tenant_id": "490b9f0bb59249e1b9b699ea2074fbdf", "OS-DCF:diskConfig": "MANUAL", "os-extended-volumes:volumes_attached": [], "accessIPv4": "", "accessIPv6": "", "progress": 0, "OS-EXT-STS:power_state": 0, "config_drive": "", "metadata": {}}}
2016-02-16 06:43:25,536 19294 INFO     [tempest_lib.common.rest_client] Request (TestGettingAddress:test_dhcp6_stateless_from_os): 200 GET http://10.4.1.3:8774/v2.1/490b9f0bb59249e1b9b699ea2074fbdf/servers/9554a299-b027-4ff4-b6b1-43529d788494 0.646s
2016-02-16 06:43:25,537 19294 DEBUG    [tempest_lib.common.rest_client] Request - Headers: {'Content-Type': 'application/json', 'Accept': 'application/json', 'X-Auth-Token': '&lt;omitted&gt;'}
        Body: None
    Response - Headers: {'status': '200', 'content-length': '1777', 'content-location': 'http://10.4.1.3:8774/v2.1/490b9f0bb59249e1b9b699ea2074fbdf/servers/9554a299-b027-4ff4-b6b1-43529d788494', 'x-compute-request-id': 'req-7b306e37-f4fb-44a2-9921-9da3623295c8', 'vary': 'X-OpenStack-Nova-API-Version', 'connection': 'close', 'x-openstack-nova-api-version': '2.1', 'date': 'Tue, 16 Feb 2016 06:43:25 GMT', 'content-type': 'application/json'}
        Body: {"server": {"status": "ACTIVE", "updated": "2016-02-16T06:43:23Z", "hostId": "aafb09b506f764cbb225599faed80f207a190e1abee8e3dc7a5351f3", "addresses": {"tempest-network-smoke--2091154349": [{"OS-EXT-IPS-MAC:mac_addr": "fa:16:3e:5c:04:4a", "version": 4, "addr": "10.100.0.3", "OS-EXT-IPS:type": "fixed"}, {"OS-EXT-IPS-MAC:mac_addr": "fa:16:3e:5c:04:4a", "version": 6, "addr": "2003::f816:3eff:fe5c:44a", "OS-EXT-IPS:type": "fixed"}]}, "links": [{"href": "http://10.4.1.3:8774/v2.1/490b9f0bb59249e1b9b699ea2074fbdf/servers/9554a299-b027-4ff4-b6b1-43529d788494", "rel": "self"}, {"href": "http://10.4.1.3:8774/490b9f0bb59249e1b9b699ea2074fbdf/servers/9554a299-b027-4ff4-b6b1-43529d788494", "rel": "bookmark"}], "key_name": "tempest-TestGettingAddress-1108516401", "image": {"id": "f1f089e1-533d-4b54-8067-587cd2900443", "links": [{"href": "http://10.4.1.3:8774/490b9f0bb59249e1b9b699ea2074fbdf/images/f1f089e1-533d-4b54-8067-587cd2900443", "rel": "bookmark"}]}, "OS-EXT-STS:task_state": null, "OS-EXT-STS:vm_state": "active", "OS-SRV-USG:launched_at": "2016-02-16T06:43:23.000000", "flavor": {"id": "42", "links": [{"href": "http://10.4.1.3:8774/490b9f0bb59249e1b9b699ea2074fbdf/flavors/42", "rel": "bookmark"}]}, "id": "9554a299-b027-4ff4-b6b1-43529d788494", "security_groups": [{"name": "tempest-secgroup-smoke-2042385962"}], "OS-SRV-USG:terminated_at": null, "OS-EXT-AZ:availability_zone": "nova", "user_id": "e24cc7522cae42bea868cd1e809da359", "name": "tempest.common.compute-instance-1951294562", "created": "2016-02-16T06:43:18Z", "tenant_id": "490b9f0bb59249e1b9b699ea2074fbdf", "OS-DCF:diskConfig": "MANUAL", "os-extended-volumes:volumes_attached": [], "accessIPv4": "", "accessIPv6": "", "progress": 0, "OS-EXT-STS:power_state": 1, "config_drive": "True", "metadata": {}}}
2016-02-16 06:43:25,546 19294 INFO     [tempest.common.waiters] State transition "BUILD/spawning" ==&gt; "ACTIVE/None" after 7 second wait
2016-02-16 06:43:26,172 19294 INFO     [tempest_lib.common.rest_client] Request (TestGettingAddress:test_dhcp6_stateless_from_os): 200 GET http://10.4.1.3:8774/v2.1/490b9f0bb59249e1b9b699ea2074fbdf/servers/9554a299-b027-4ff4-b6b1-43529d788494 0.625s
2016-02-16 06:43:26,172 19294 DEBUG    [tempest_lib.common.rest_client] Request - Headers: {'Content-Type': 'application/json', 'Accept': 'application/json', 'X-Auth-Token': '&lt;omitted&gt;'}
        Body: None
    Response - Headers: {'status': '200', 'content-length': '1777', 'content-location': 'http://10.4.1.3:8774/v2.1/490b9f0bb59249e1b9b699ea2074fbdf/servers/9554a299-b027-4ff4-b6b1-43529d788494', 'x-compute-request-id': 'req-a88eb46b-a019-403f-b075-95ed50c80cc9', 'vary': 'X-OpenStack-Nova-API-Version', 'connection': 'close', 'x-openstack-nova-api-version': '2.1', 'date': 'Tue, 16 Feb 2016 06:43:26 GMT', 'content-type': 'application/json'}
        Body: {"server": {"status": "ACTIVE", "updated": "2016-02-16T06:43:23Z", "hostId": "aafb09b506f764cbb225599faed80f207a190e1abee8e3dc7a5351f3", "addresses": {"tempest-network-smoke--2091154349": [{"OS-EXT-IPS-MAC:mac_addr": "fa:16:3e:5c:04:4a", "version": 4, "addr": "10.100.0.3", "OS-EXT-IPS:type": "fixed"}, {"OS-EXT-IPS-MAC:mac_addr": "fa:16:3e:5c:04:4a", "version": 6, "addr": "2003::f816:3eff:fe5c:44a", "OS-EXT-IPS:type": "fixed"}]}, "links": [{"href": "http://10.4.1.3:8774/v2.1/490b9f0bb59249e1b9b699ea2074fbdf/servers/9554a299-b027-4ff4-b6b1-43529d788494", "rel": "self"}, {"href": "http://10.4.1.3:8774/490b9f0bb59249e1b9b699ea2074fbdf/servers/9554a299-b027-4ff4-b6b1-43529d788494", "rel": "bookmark"}], "key_name": "tempest-TestGettingAddress-1108516401", "image": {"id": "f1f089e1-533d-4b54-8067-587cd2900443", "links": [{"href": "http://10.4.1.3:8774/490b9f0bb59249e1b9b699ea2074fbdf/images/f1f089e1-533d-4b54-8067-587cd2900443", "rel": "bookmark"}]}, "OS-EXT-STS:task_state": null, "OS-EXT-STS:vm_state": "active", "OS-SRV-USG:launched_at": "2016-02-16T06:43:23.000000", "flavor": {"id": "42", "links": [{"href": "http://10.4.1.3:8774/490b9f0bb59249e1b9b699ea2074fbdf/flavors/42", "rel": "bookmark"}]}, "id": "9554a299-b027-4ff4-b6b1-43529d788494", "security_groups": [{"name": "tempest-secgroup-smoke-2042385962"}], "OS-SRV-USG:terminated_at": null, "OS-EXT-AZ:availability_zone": "nova", "user_id": "e24cc7522cae42bea868cd1e809da359", "name": "tempest.common.compute-instance-1951294562", "created": "2016-02-16T06:43:18Z", "tenant_id": "490b9f0bb59249e1b9b699ea2074fbdf", "OS-DCF:diskConfig": "MANUAL", "os-extended-volumes:volumes_attached": [], "accessIPv4": "", "accessIPv6": "", "progress": 0, "OS-EXT-STS:power_state": 1, "config_drive": "True", "metadata": {}}}
2016-02-16 06:43:26,365 19294 INFO     [tempest_lib.common.rest_client] Request (TestGettingAddress:test_dhcp6_stateless_from_os): 200 GET http://10.4.1.3:9696/v2.0/ports?status=ACTIVE&amp;fixed_ip=None&amp;device_id=9554a299-b027-4ff4-b6b1-43529d788494 0.184s
2016-02-16 06:43:26,366 19294 DEBUG    [tempest_lib.common.rest_client] Request - Headers: {'Content-Type': 'application/json', 'Accept': 'application/json', 'X-Auth-Token': '&lt;omitted&gt;'}
        Body: None
    Response - Headers: {'status': '200', 'content-length': '852', 'content-location': 'http://10.4.1.3:9696/v2.0/ports?status=ACTIVE&amp;fixed_ip=None&amp;device_id=9554a299-b027-4ff4-b6b1-43529d788494', 'connection': 'close', 'date': 'Tue, 16 Feb 2016 06:43:26 GMT', 'content-type': 'application/json; charset=UTF-8', 'x-openstack-request-id': 'req-f9ab14bb-401c-457b-ac88-3ef2bd7d49ed'}
        Body: {"ports": [{"status": "ACTIVE", "binding:host_id": "vagrant-ubuntu-trusty-64", "name": "", "allowed_address_pairs": [], "admin_state_up": true, "network_id": "34689b61-1308-43d9-b7fe-fb4d108b0239", "tenant_id": "490b9f0bb59249e1b9b699ea2074fbdf", "extra_dhcp_opts": [], "mac_address": "fa:16:3e:5c:04:4a", "binding:vif_details": {"port_filter": true}, "binding:vif_type": "ovs", "device_owner": "compute:None", "binding:profile": {}, "port_security_enabled": true, "binding:vnic_type": "normal", "fixed_ips": [{"subnet_id": "e9c6d35e-53a1-406f-9198-35a86a7ccfbd", "ip_address": "10.100.0.3"}, {"subnet_id": "2da93537-7809-4d4b-9a98-553e9635583b", "ip_address": "2003::f816:3eff:fe5c:44a"}], "id": "3db4ea8e-5f73-4cc4-9ac3-67b012b38e4e", "security_groups": ["da9e550e-0fdd-4e54-8beb-5cad3aad00ea"], "device_id": "9554a299-b027-4ff4-b6b1-43529d788494"}]}
2016-02-16 06:43:26,989 19294 INFO     [tempest_lib.common.rest_client] Request (TestGettingAddress:test_dhcp6_stateless_from_os): 201 POST http://10.4.1.3:9696/v2.0/floatingips 0.622s
2016-02-16 06:43:26,989 19294 DEBUG    [tempest_lib.common.rest_client] Request - Headers: {'Content-Type': 'application/json', 'Accept': 'application/json', 'X-Auth-Token': '&lt;omitted&gt;'}
        Body: {"floatingip": {"floating_network_id": "f07f8ac9-1b35-4f26-9dc4-7b60cc165794", "tenant_id": "490b9f0bb59249e1b9b699ea2074fbdf", "fixed_ip_address": "10.100.0.3", "port_id": "3db4ea8e-5f73-4cc4-9ac3-67b012b38e4e"}}
    Response - Headers: {'status': '201', 'content-length': '369', 'connection': 'close', 'date': 'Tue, 16 Feb 2016 06:43:26 GMT', 'content-type': 'application/json; charset=UTF-8', 'x-openstack-request-id': 'req-166ad626-ad7b-4fc5-96fe-6e2eea739331'}
        Body: {"floatingip": {"floating_network_id": "f07f8ac9-1b35-4f26-9dc4-7b60cc165794", "router_id": "be793055-7352-48e2-b15f-8870f5d45921", "fixed_ip_address": "10.100.0.3", "floating_ip_address": "172.24.4.4", "tenant_id": "490b9f0bb59249e1b9b699ea2074fbdf", "status": "ACTIVE", "port_id": "3db4ea8e-5f73-4cc4-9ac3-67b012b38e4e", "id": "f93e31e1-85a6-4431-900b-d8038f3c86a3"}}
2016-02-16 06:43:26,990 19294 INFO     [tempest_lib.common.ssh] Creating ssh connection to '172.24.4.4' as 'cirros' with public key authentication
2016-02-16 06:44:27,050 19294 WARNING  [tempest_lib.common.ssh] Failed to establish authenticated ssh connection to cirros@172.24.4.4 (timed out). Number attempts: 1. Retry after 2 seconds.
2016-02-16 06:45:29,606 19294 WARNING  [tempest_lib.common.ssh] Failed to establish authenticated ssh connection to cirros@172.24.4.4 (timed out). Number attempts: 2. Retry after 3 seconds.
2016-02-16 06:46:33,159 19294 WARNING  [tempest_lib.common.ssh] Failed to establish authenticated ssh connection to cirros@172.24.4.4 (timed out). Number attempts: 3. Retry after 4 seconds.
2016-02-16 06:47:37,707 19294 ERROR    [tempest_lib.common.ssh] Failed to establish authenticated ssh connection to cirros@172.24.4.4 after 3 attempts
2016-02-16 06:47:37.707 19294 ERROR tempest_lib.common.ssh Traceback (most recent call last):
2016-02-16 06:47:37.707 19294 ERROR tempest_lib.common.ssh   File "/usr/local/lib/python2.7/dist-packages/tempest_lib/common/ssh.py", line 75, in _get_ssh_connection
2016-02-16 06:47:37.707 19294 ERROR tempest_lib.common.ssh     timeout=self.channel_timeout, pkey=self.pkey)
2016-02-16 06:47:37.707 19294 ERROR tempest_lib.common.ssh   File "/usr/local/lib/python2.7/dist-packages/paramiko/client.py", line 292, in connect
2016-02-16 06:47:37.707 19294 ERROR tempest_lib.common.ssh     retry_on_signal(lambda: sock.connect(addr))
2016-02-16 06:47:37.707 19294 ERROR tempest_lib.common.ssh   File "/usr/local/lib/python2.7/dist-packages/paramiko/util.py", line 270, in retry_on_signal
2016-02-16 06:47:37.707 19294 ERROR tempest_lib.common.ssh     return function()
2016-02-16 06:47:37.707 19294 ERROR tempest_lib.common.ssh   File "/usr/local/lib/python2.7/dist-packages/paramiko/client.py", line 292, in &lt;lambda&gt;
2016-02-16 06:47:37.707 19294 ERROR tempest_lib.common.ssh     retry_on_signal(lambda: sock.connect(addr))
2016-02-16 06:47:37.707 19294 ERROR tempest_lib.common.ssh   File "/usr/lib/python2.7/socket.py", line 224, in meth
2016-02-16 06:47:37.707 19294 ERROR tempest_lib.common.ssh     return getattr(self._sock,name)(*args)
2016-02-16 06:47:37.707 19294 ERROR tempest_lib.common.ssh timeout: timed out
2016-02-16 06:47:37.707 19294 ERROR tempest_lib.common.ssh 
2016-02-16 06:47:37,711 19294 ERROR    [tempest.scenario.manager] (TestGettingAddress:test_dhcp6_stateless_from_os) Initializing SSH connection to 172.24.4.4 failed. Error: Connection to the 172.24.4.4 via SSH timed out.
User: cirros, Password: None
2016-02-16 06:47:37.711 19294 ERROR tempest.scenario.manager Traceback (most recent call last):
2016-02-16 06:47:37.711 19294 ERROR tempest.scenario.manager   File "tempest/scenario/manager.py", line 377, in get_remote_client
2016-02-16 06:47:37.711 19294 ERROR tempest.scenario.manager     linux_client.validate_authentication()
2016-02-16 06:47:37.711 19294 ERROR tempest.scenario.manager   File "tempest/common/utils/linux/remote_client.py", line 51, in validate_authentication
2016-02-16 06:47:37.711 19294 ERROR tempest.scenario.manager     self.ssh_client.test_connection_auth()
2016-02-16 06:47:37.711 19294 ERROR tempest.scenario.manager   File "/usr/local/lib/python2.7/dist-packages/tempest_lib/common/ssh.py", line 173, in test_connection_auth
2016-02-16 06:47:37.711 19294 ERROR tempest.scenario.manager     connection = self._get_ssh_connection()
2016-02-16 06:47:37.711 19294 ERROR tempest.scenario.manager   File "/usr/local/lib/python2.7/dist-packages/tempest_lib/common/ssh.py", line 88, in _get_ssh_connection
2016-02-16 06:47:37.711 19294 ERROR tempest.scenario.manager     password=self.password)
2016-02-16 06:47:37.711 19294 ERROR tempest.scenario.manager SSHTimeout: Connection to the 172.24.4.4 via SSH timed out.
2016-02-16 06:47:37.711 19294 ERROR tempest.scenario.manager User: cirros, Password: None
2016-02-16 06:47:37.711 19294 ERROR tempest.scenario.manager 
2016-02-16 06:47:37,984 19294 INFO     [tempest_lib.common.rest_client] Request (TestGettingAddress:test_dhcp6_stateless_from_os): 200 GET http://10.4.1.3:8774/v2.1/490b9f0bb59249e1b9b699ea2074fbdf/servers 0.270s
2016-02-16 06:47:37,984 19294 DEBUG    [tempest_lib.common.rest_client] Request - Headers: {'Content-Type': 'application/json', 'Accept': 'application/json', 'X-Auth-Token': '&lt;omitted&gt;'}
        Body: None
    Response - Headers: {'status': '200', 'content-length': '389', 'content-location': 'http://10.4.1.3:8774/v2.1/490b9f0bb59249e1b9b699ea2074fbdf/servers', 'x-compute-request-id': 'req-87e61294-ad0d-4332-8250-a549c269d2dd', 'vary': 'X-OpenStack-Nova-API-Version', 'connection': 'close', 'x-openstack-nova-api-version': '2.1', 'date': 'Tue, 16 Feb 2016 06:47:37 GMT', 'content-type': 'application/json'}
        Body: {"servers": [{"id": "9554a299-b027-4ff4-b6b1-43529d788494", "links": [{"href": "http://10.4.1.3:8774/v2.1/490b9f0bb59249e1b9b699ea2074fbdf/servers/9554a299-b027-4ff4-b6b1-43529d788494", "rel": "self"}, {"href": "http://10.4.1.3:8774/490b9f0bb59249e1b9b699ea2074fbdf/servers/9554a299-b027-4ff4-b6b1-43529d788494", "rel": "bookmark"}], "name": "tempest.common.compute-instance-1951294562"}]}
2016-02-16 06:47:38,364 19294 INFO     [tempest_lib.common.rest_client] Request (TestGettingAddress:test_dhcp6_stateless_from_os): 200 POST http://10.4.1.3:8774/v2.1/490b9f0bb59249e1b9b699ea2074fbdf/servers/9554a299-b027-4ff4-b6b1-43529d788494/action 0.375s
2016-02-16 06:47:38,364 19294 DEBUG    [tempest_lib.common.rest_client] Request - Headers: {'Content-Type': 'application/json', 'Accept': 'application/json', 'X-Auth-Token': '&lt;omitted&gt;'}
        Body: {"os-getConsoleOutput": {}}
    Response - Headers: {'status': '200', 'content-length': '24710', 'x-compute-request-id': 'req-875d733f-c399-48c6-b2e0-d8874beba9f0', 'vary': 'X-OpenStack-Nova-API-Version', 'connection': 'close', 'x-openstack-nova-api-version': '2.1', 'date': 'Tue, 16 Feb 2016 06:47:38 GMT', 'content-type': 'application/json'}
        Body: {"output": "[    0.000000] Initializing cgroup subsys cpuset\n[    0.000000] Initializing cgroup subsys cpu\n[    0.000000] Linux version 3.2.0-80-virtual (buildd@batsu) (gcc version 4.6.3 (Ubuntu/Linaro 4.6.3-1ubuntu5) ) #116-Ubuntu SMP Mon Mar 23 17:28:52 UTC 2015 (Ubuntu 3.2.0-80.116-virtual 3.2.68)\n[    0.000000] Command line: root=/dev/vda console=tty0 console=ttyS0 no_timer_check\n[    0.000000] KERNEL supported cpus:\n[    0.000000]   Intel GenuineIntel\n[    0.000000]   AMD AuthenticAMD\n[    0.000000]   Centaur CentaurHauls\n[    0.000000] BIOS-provided physical RAM map:\n[    0.000000]  BIOS-e820: 0000000000000000 - 000000000009fc00 (usable)\n[    0.000000]  BIOS-e820: 000000000009fc00 - 00000000000a0000 (reserved)\n[    0.000000]  BIOS-e820: 00000000000f0000 - 0000000000100000 (reserved)\n[    0.000000]  BIOS-e820: 0000000000100000 - 0000000003ffe000 (usable)\n[    0.000000]  BIOS-e820: 0000000003ffe000 - 0000000004000000 (reserved)\n[    0.000000]  BIOS-e820: 00000000fffc0000 - 0000000100000000 (reserved)\n[    0.000000] NX (Execute Disable) protection: active\n[    0.000000] SMBIOS 2.4 present.\n[    0.000000] No AGP bridge found\n[    0.000000] last_pfn = 0x3ffe max_arch_pfn = 0x400000000\n[    0.000000] x86 PAT enabled: cpu 0, old 0x7040600070406, new 0x7010600070106\n[    0.000000] found SMP MP-table at [ffff8800000f0b00] f0b00\n[    0.000000] init_memory_mapping: 0000000000000000-0000000003ffe000\n[    0.000000] RAMDISK: 03c5e000 - 03ff0000\n[    0.000000] ACPI: RSDP 00000000000f0950 00014 (v00 BOCHS )\n[    0.000000] ACPI: RSDT 0000000003fffbc1 00034 (v01 BOCHS  BXPCRSDT 00000001 BXPC 00000001)\n[    0.000000] ACPI: FACP 0000000003fff1c0 00074 (v01 BOCHS  BXPCFACP 00000001 BXPC 00000001)\n[    0.000000] ACPI: DSDT 0000000003ffe040 01180 (v01 BOCHS  BXPCDSDT 00000001 BXPC 00000001)\n[    0.000000] ACPI: FACS 0000000003ffe000 00040\n[    0.000000] ACPI: SSDT 0000000003fff234 008DD (v01 BOCHS  BXPCSSDT 00000001 BXPC 00000001)\n[    0.000000] ACPI: APIC 0000000003fffb11 00078 (v01 BOCHS  BXPCAPIC 00000001 BXPC 00000001)\n[    0.000000] ACPI: HPET 0000000003fffb89 00038 (v01 BOCHS  BXPCHPET 00000001 BXPC 00000001)\n[    0.000000] No NUMA configuration found\n[    0.000000] Faking a node at 0000000000000000-0000000003ffe000\n[    0.000000] Initmem setup node 0 0000000000000000-0000000003ffe000\n[    0.000000]   NODE_DATA [0000000003ff6000 - 0000000003ffafff]\n[    0.000000] Zone PFN ranges:\n[    0.000000]   DMA      0x00000010 -&gt; 0x00001000\n[    0.000000]   DMA32    0x00001000 -&gt; 0x00100000\n[    0.000000]   Normal   empty\n[    0.000000] Movable zone start PFN for each node\n[    0.000000] early_node_map[2] active PFN ranges\n[    0.000000]     0: 0x00000010 -&gt; 0x0000009f\n[    0.000000]     0: 0x00000100 -&gt; 0x00003ffe\n[    0.000000] ACPI: PM-Timer IO Port: 0xb008\n[    0.000000] ACPI: LAPIC (acpi_id[0x00] lapic_id[0x00] enabled)\n[    0.000000] ACPI: LAPIC_NMI (acpi_id[0xff] dfl dfl lint[0x1])\n[    0.000000] ACPI: IOAPIC (id[0x00] address[0xfec00000] gsi_base[0])\n[    0.000000] IOAPIC[0]: apic_id 0, version 17, address 0xfec00000, GSI 0-23\n[    0.000000] ACPI: INT_SRC_OVR (bus 0 bus_irq 0 global_irq 2 dfl dfl)\n[    0.000000] ACPI: INT_SRC_OVR (bus 0 bus_irq 5 global_irq 5 high level)\n[    0.000000] ACPI: INT_SRC_OVR (bus 0 bus_irq 9 global_irq 9 high level)\n[    0.000000] ACPI: INT_SRC_OVR (bus 0 bus_irq 10 global_irq 10 high level)\n[    0.000000] ACPI: INT_SRC_OVR (bus 0 bus_irq 11 global_irq 11 high level)\n[    0.000000] Using ACPI (MADT) for SMP configuration information\n[    0.000000] ACPI: HPET id: 0x8086a201 base: 0xfed00000\n[    0.000000] SMP: Allowing 1 CPUs, 0 hotplug CPUs\n[    0.000000] PM: Registered nosave memory: 000000000009f000 - 00000000000a0000\n[    0.000000] PM: Registered nosave memory: 00000000000a0000 - 00000000000f0000\n[    0.000000] PM: Registered nosave memory: 00000000000f0000 - 0000000000100000\n[    0.000000] Allocating PCI resources starting at 4000000 (gap: 4000000:fbfc0000)\n[    0.000000] Booting paravirtualized kernel on bare hardware\n[    0.000000] setup_pe
2016-02-16 06:47:38,366 19294 DEBUG    [tempest.scenario.manager] Console output for 9554a299-b027-4ff4-b6b1-43529d788494
body=
[    0.000000] Initializing cgroup subsys cpuset
[    0.000000] Initializing cgroup subsys cpu
[    0.000000] Linux version 3.2.0-80-virtual (buildd@batsu) (gcc version 4.6.3 (Ubuntu/Linaro 4.6.3-1ubuntu5) ) #116-Ubuntu SMP Mon Mar 23 17:28:52 UTC 2015 (Ubuntu 3.2.0-80.116-virtual 3.2.68)
[    0.000000] Command line: root=/dev/vda console=tty0 console=ttyS0 no_timer_check
[    0.000000] KERNEL supported cpus:
[    0.000000]   Intel GenuineIntel
[    0.000000]   AMD AuthenticAMD
[    0.000000]   Centaur CentaurHauls
[    0.000000] BIOS-provided physical RAM map:
[    0.000000]  BIOS-e820: 0000000000000000 - 000000000009fc00 (usable)
[    0.000000]  BIOS-e820: 000000000009fc00 - 00000000000a0000 (reserved)
[    0.000000]  BIOS-e820: 00000000000f0000 - 0000000000100000 (reserved)
[    0.000000]  BIOS-e820: 0000000000100000 - 0000000003ffe000 (usable)
[    0.000000]  BIOS-e820: 0000000003ffe000 - 0000000004000000 (reserved)
[    0.000000]  BIOS-e820: 00000000fffc0000 - 0000000100000000 (reserved)
[    0.000000] NX (Execute Disable) protection: active
[    0.000000] SMBIOS 2.4 present.
[    0.000000] No AGP bridge found
[    0.000000] last_pfn = 0x3ffe max_arch_pfn = 0x400000000
[    0.000000] x86 PAT enabled: cpu 0, old 0x7040600070406, new 0x7010600070106
[    0.000000] found SMP MP-table at [ffff8800000f0b00] f0b00
[    0.000000] init_memory_mapping: 0000000000000000-0000000003ffe000
[    0.000000] RAMDISK: 03c5e000 - 03ff0000
[    0.000000] ACPI: RSDP 00000000000f0950 00014 (v00 BOCHS )
[    0.000000] ACPI: RSDT 0000000003fffbc1 00034 (v01 BOCHS  BXPCRSDT 00000001 BXPC 00000001)
[    0.000000] ACPI: FACP 0000000003fff1c0 00074 (v01 BOCHS  BXPCFACP 00000001 BXPC 00000001)
[    0.000000] ACPI: DSDT 0000000003ffe040 01180 (v01 BOCHS  BXPCDSDT 00000001 BXPC 00000001)
[    0.000000] ACPI: FACS 0000000003ffe000 00040
[    0.000000] ACPI: SSDT 0000000003fff234 008DD (v01 BOCHS  BXPCSSDT 00000001 BXPC 00000001)
[    0.000000] ACPI: APIC 0000000003fffb11 00078 (v01 BOCHS  BXPCAPIC 00000001 BXPC 00000001)
[    0.000000] ACPI: HPET 0000000003fffb89 00038 (v01 BOCHS  BXPCHPET 00000001 BXPC 00000001)
[    0.000000] No NUMA configuration found
[    0.000000] Faking a node at 0000000000000000-0000000003ffe000
[    0.000000] Initmem setup node 0 0000000000000000-0000000003ffe000
[    0.000000]   NODE_DATA [0000000003ff6000 - 0000000003ffafff]
[    0.000000] Zone PFN ranges:
[    0.000000]   DMA      0x00000010 -&gt; 0x00001000
[    0.000000]   DMA32    0x00001000 -&gt; 0x00100000
[    0.000000]   Normal   empty
[    0.000000] Movable zone start PFN for each node
[    0.000000] early_node_map[2] active PFN ranges
[    0.000000]     0: 0x00000010 -&gt; 0x0000009f
[    0.000000]     0: 0x00000100 -&gt; 0x00003ffe
[    0.000000] ACPI: PM-Timer IO Port: 0xb008
[    0.000000] ACPI: LAPIC (acpi_id[0x00] lapic_id[0x00] enabled)
[    0.000000] ACPI: LAPIC_NMI (acpi_id[0xff] dfl dfl lint[0x1])
[    0.000000] ACPI: IOAPIC (id[0x00] address[0xfec00000] gsi_base[0])
[    0.000000] IOAPIC[0]: apic_id 0, version 17, address 0xfec00000, GSI 0-23
[    0.000000] ACPI: INT_SRC_OVR (bus 0 bus_irq 0 global_irq 2 dfl dfl)
[    0.000000] ACPI: INT_SRC_OVR (bus 0 bus_irq 5 global_irq 5 high level)
[    0.000000] ACPI: INT_SRC_OVR (bus 0 bus_irq 9 global_irq 9 high level)
[    0.000000] ACPI: INT_SRC_OVR (bus 0 bus_irq 10 global_irq 10 high level)
[    0.000000] ACPI: INT_SRC_OVR (bus 0 bus_irq 11 global_irq 11 high level)
[    0.000000] Using ACPI (MADT) for SMP configuration information
[    0.000000] ACPI: HPET id: 0x8086a201 base: 0xfed00000
[    0.000000] SMP: Allowing 1 CPUs, 0 hotplug CPUs
[    0.000000] PM: Registered nosave memory: 000000000009f000 - 00000000000a0000
[    0.000000] PM: Registered nosave memory: 00000000000a0000 - 00000000000f0000
[    0.000000] PM: Registered nosave memory: 00000000000f0000 - 0000000000100000
[    0.000000] Allocating PCI resources starting at 4000000 (gap: 4000000:fbfc0000)
[    0.000000] Booting paravirtualized kernel on bare hardware
[    0.000000] setup_percpu: NR_CPUS:64 nr_cpumask_bits:64 nr_cpu_ids:1 nr_node_ids:1
[    0.000000] PERCPU: Embedded 27 pages/cpu @ffff880003a00000 s78848 r8192 d23552 u2097152
[    0.000000] Built 1 zonelists in Node order, mobility grouping on.  Total pages: 16008
[    0.000000] Policy zone: DMA32
[    0.000000] Kernel command line: root=/dev/vda console=tty0 console=ttyS0 no_timer_check
[    0.000000] PID hash table entries: 256 (order: -1, 2048 bytes)
[    0.000000] Checking aperture...
[    0.000000] No AGP bridge found
[    0.000000] Memory: 43492k/65528k available (6576k kernel code, 452k absent, 21584k reserved, 6620k data, 928k init)
[    0.000000] SLUB: Genslabs=15, HWalign=64, Order=0-3, MinObjects=0, CPUs=1, Nodes=1
[    0.000000] Hierarchical RCU implementation.
[    0.000000] 	RCU dyntick-idle grace-period acceleration is enabled.
[    0.000000] NR_IRQS:4352 nr_irqs:256 16
[    0.000000] Console: colour VGA+ 80x25
[    0.000000] console [tty0] enabled
[    0.000000] console [ttyS0] enabled
[    0.000000] allocated 1048576 bytes of page_cgroup
[    0.000000] please try 'cgroup_disable=memory' option if you don't want memory cgroups
[    0.000000] Fast TSC calibration failed
[    0.000000] TSC: Unable to calibrate against PIT
[    0.000000] TSC: using HPET reference calibration
[    0.000000] Detected 2291.611 MHz processor.
[    0.033569] Calibrating delay loop (skipped), value calculated using timer frequency.. 4583.22 BogoMIPS (lpj=9166444)
[    0.035352] pid_max: default: 32768 minimum: 301
[    0.041828] Security Framework initialized
[    0.045916] AppArmor: AppArmor initialized
[    0.046531] Yama: becoming mindful.
[    0.053867] Dentry cache hash table entries: 8192 (order: 4, 65536 bytes)
[    0.056781] Inode-cache hash table entries: 4096 (order: 3, 32768 bytes)
[    0.058431] Mount-cache hash table entries: 256
[    0.073337] Initializing cgroup subsys cpuacct
[    0.074368] Initializing cgroup subsys memory
[    0.076965] Initializing cgroup subsys devices
[    0.077868] Initializing cgroup subsys freezer
[    0.080150] Initializing cgroup subsys blkio
[    0.080960] Initializing cgroup subsys perf_event
[    0.085334] mce: CPU supports 10 MCE banks
[    0.088748] SMP alternatives: switching to UP code
[    0.440686] Freeing SMP alternatives: 24k freed
[    0.442326] ACPI: Core revision 20110623
[    0.489664] ftrace: allocating 26610 entries in 105 pages
[    0.518702] ..TIMER: vector=0x30 apic1=0 pin1=2 apic2=-1 pin2=-1
[    0.520152] CPU0: AMD QEMU Virtual CPU version 2.0.0 stepping 03
[    0.524032] Performance Events: Broken PMU hardware detected, using software events only.
[    0.532354] NMI watchdog disabled (cpu0): hardware events not enabled
[    0.534085] Brought up 1 CPUs
[    0.534599] Total of 1 processors activated (4583.22 BogoMIPS).
[    0.574607] devtmpfs: initialized
[    0.610596] EVM: security.selinux
[    0.612264] EVM: security.SMACK64
[    0.613273] EVM: security.capability
[    0.646353] print_constraints: dummy: 
[    0.648846] RTC time:  6:43:27, date: 02/16/16
[    0.653343] NET: Registered protocol family 16
[    0.660786] ACPI: bus type pci registered
[    0.664040] PCI: Using configuration type 1 for base access
[    0.696437] bio: create slab &lt;bio-0&gt; at 0
[    0.700913] ACPI: Added _OSI(Module Device)
[    0.701566] ACPI: Added _OSI(Processor Device)
[    0.702112] ACPI: Added _OSI(3.0 _SCP Extensions)
[    0.702698] ACPI: Added _OSI(Processor Aggregator Device)
[    0.781977] ACPI: Interpreter enabled
[    0.783026] ACPI: (supports S0 S3 S4 S5)
[    0.786067] ACPI: Using IOAPIC for interrupt routing
[    0.877203] ACPI: No dock devices found.
[    0.878535] HEST: Table not found.
[    0.879828] PCI: Using host bridge windows from ACPI; if necessary, use "pci=nocrs" and report a bug
[    0.892055] ACPI: PCI Root Bridge [PCI0] (domain 0000 [bus 00-ff])
[    0.902112] pci_root PNP0A03:00: host bridge window [io  0x0000-0x0cf7]
[    0.904235] pci_root PNP0A03:00: host bridge window [io  0x0d00-0xadff]
[    0.906803] pci_root PNP0A03:00: host bridge window [io  0xae0f-0xaeff]
[    0.908123] pci_root PNP0A03:00: host bridge window [io  0xaf20-0xafdf]
[    0.909525] pci_root PNP0A03:00: host bridge window [io  0xafe4-0xffff]
[    0.912186] pci_root PNP0A03:00: host bridge window [mem 0x000a0000-0x000bffff]
[    0.914298] pci_root PNP0A03:00: host bridge window [mem 0x04000000-0xfebfffff]
[    0.939021] pci 0000:00:01.3: quirk: [io  0xb000-0xb03f] claimed by PIIX4 ACPI
[    0.940190] pci 0000:00:01.3: quirk: [io  0xb100-0xb10f] claimed by PIIX4 SMB
[    1.013155]  pci0000:00: Unable to request _OSC control (_OSC support mask: 0x1e)
[    1.085666] ACPI: PCI Interrupt Link [LNKA] (IRQs 5 *10 11)
[    1.088315] ACPI: PCI Interrupt Link [LNKB] (IRQs 5 *10 11)
[    1.089978] ACPI: PCI Interrupt Link [LNKC] (IRQs 5 10 *11)
[    1.091600] ACPI: PCI Interrupt Link [LNKD] (IRQs 5 10 *11)
[    1.093116] ACPI: PCI Interrupt Link [LNKS] (IRQs *9)
[    1.102937] vgaarb: device added: PCI:0000:00:02.0,decodes=io+mem,owns=io+mem,locks=none
[    1.104222] vgaarb: loaded
[    1.104538] vgaarb: bridge control possible 0000:00:02.0
[    1.109010] i2c-core: driver [aat2870] using legacy suspend method
[    1.110027] i2c-core: driver [aat2870] using legacy resume method
[    1.113353] SCSI subsystem initialized
[    1.117342] usbcore: registered new interface driver usbfs
[    1.118490] usbcore: registered new interface driver hub
[    1.120764] usbcore: registered new device driver usb
[    1.125401] PCI: Using ACPI for IRQ routing
[    1.138424] NetLabel: Initializing
[    1.138878] NetLabel:  domain hash size = 128
[    1.140179] NetLabel:  protocols = UNLABELED CIPSOv4
[    1.142211] NetLabel:  unlabeled traffic allowed by default
[    1.145051] HPET: 3 timers in total, 0 timers will be used for per-cpu timer
[    1.146152] hpet0: at MMIO 0xfed00000, IRQs 2, 8, 0
[    1.147024] hpet0: 3 comparators, 64-bit 100.000000 MHz counter
[    1.157974] Switching to clocksource hpet
[    1.430182] AppArmor: AppArmor Filesystem Enabled
[    1.431902] pnp: PnP ACPI init
[    1.433640] ACPI: bus type pnp registered
[    1.455378] pnp: PnP ACPI: found 9 devices
[    1.455930] ACPI: ACPI bus type pnp unregistered
[    1.518788] NET: Registered protocol family 2
[    1.553876] IP route cache hash table entries: 512 (order: 0, 4096 bytes)
[    1.561908] TCP established hash table entries: 2048 (order: 3, 32768 bytes)
[    1.563406] TCP bind hash table entries: 2048 (order: 3, 32768 bytes)
[    1.564598] TCP: Hash tables configured (established 2048 bind 2048)
[    1.565820] TCP reno registered
[    1.566342] UDP hash table entries: 128 (order: 0, 4096 bytes)
[    1.567224] UDP-Lite hash table entries: 128 (order: 0, 4096 bytes)
[    1.569588] NET: Registered protocol family 1
[    1.571673] pci 0000:00:00.0: Limiting direct PCI/PCI transfers
[    1.573171] pci 0000:00:01.0: PIIX3: Enabling Passive Release
[    1.574035] pci 0000:00:01.0: Activating ISA DMA hang workarounds
[    1.579343] ACPI: PCI Interrupt Link [LNKD] enabled at IRQ 11
[    1.580558] pci 0000:00:01.2: PCI INT D -&gt; Link[LNKD] -&gt; GSI 11 (level, high) -&gt; IRQ 11
[    1.583081] pci 0000:00:01.2: PCI INT D disabled
[    1.602151] Trying to unpack rootfs image as initramfs...
[    1.620063] audit: initializing netlink socket (disabled)
[    1.622224] type=2000 audit(1455605007.620:1): initialized
[    1.894975] HugeTLB registered 2 MB page size, pre-allocated 0 pages
[    1.963192] VFS: Disk quotas dquot_6.5.2
[    1.965543] Dquot-cache hash table entries: 512 (order 0, 4096 bytes)
[    1.993834] fuse init (API version 7.17)
[    1.999915] msgmni has been set to 84
[    2.044066] Block layer SCSI generic (bsg) driver version 0.4 loaded (major 253)
[    2.047762] io scheduler noop registered
[    2.050362] io scheduler deadline registered (default)
[    2.054197] io scheduler cfq registered
[    2.058769] pci_hotplug: PCI Hot Plug PCI Core version: 0.5
[    2.063370] pciehp: PCI Express Hot Plug Controller Driver version: 0.4
[    2.071445] input: Power Button as /devices/LNXSYSTM:00/LNXPWRBN:00/input/input0
[    2.073928] ACPI: Power Button [PWRF]
[    2.142348] ERST: Table is not found!
[    2.142953] GHES: HEST is not enabled!
[    2.153811] ACPI: PCI Interrupt Link [LNKC] enabled at IRQ 10
[    2.154584] virtio-pci 0000:00:03.0: PCI INT A -&gt; Link[LNKC] -&gt; GSI 10 (level, high) -&gt; IRQ 10
[    2.158512] virtio-pci 0000:00:04.0: PCI INT A -&gt; Link[LNKD] -&gt; GSI 11 (level, high) -&gt; IRQ 11
[    2.175084] ACPI: PCI Interrupt Link [LNKA] enabled at IRQ 10
[    2.175739] virtio-pci 0000:00:05.0: PCI INT A -&gt; Link[LNKA] -&gt; GSI 10 (level, high) -&gt; IRQ 10
[    2.185368] Serial: 8250/16550 driver, 32 ports, IRQ sharing enabled
[    2.222174] serial8250: ttyS0 at I/O 0x3f8 (irq = 4) is a 16550A
[    2.288977] serial8250: ttyS1 at I/O 0x2f8 (irq = 3) is a 16550A
[    2.435532] 00:05: ttyS0 at I/O 0x3f8 (irq = 4) is a 16550A
[    2.511238] 00:06: ttyS1 at I/O 0x2f8 (irq = 3) is a 16550A
[    2.558793] Linux agpgart interface v0.103
[    2.590096] Refined TSC clocksource calibration: 2291.655 MHz.
[    2.591022] Switching to clocksource tsc
[    2.625859] brd: module loaded
[    2.655424] loop: module loaded
[    2.782226]  vda: unknown partition table
[    2.825345] scsi0 : ata_piix
[    2.834270] scsi1 : ata_piix
[    2.835809] ata1: PATA max MWDMA2 cmd 0x1f0 ctl 0x3f6 bmdma 0xc0a0 irq 14
[    2.837511] ata2: PATA max MWDMA2 cmd 0x170 ctl 0x376 bmdma 0xc0a8 irq 15
[    2.847842] Fixed MDIO Bus: probed
[    2.849346] tun: Universal TUN/TAP device driver, 1.6
[    2.849929] tun: (C) 1999-2004 Max Krasnyansky &lt;maxk@qualcomm.com&gt;
[    2.867137] PPP generic driver version 2.4.2
[    2.893537] ehci_hcd: USB 2.0 'Enhanced' Host Controller (EHCI) Driver
[    2.894753] ohci_hcd: USB 1.1 'Open' Host Controller (OHCI) Driver
[    2.895699] uhci_hcd: USB Universal Host Controller Interface driver
[    2.897596] uhci_hcd 0000:00:01.2: PCI INT D -&gt; Link[LNKD] -&gt; GSI 11 (level, high) -&gt; IRQ 11
[    2.900166] uhci_hcd 0000:00:01.2: UHCI Host Controller
[    2.917857] uhci_hcd 0000:00:01.2: new USB bus registered, assigned bus number 1
[    2.920058] uhci_hcd 0000:00:01.2: irq 11, io base 0x0000c040
[    2.948804] hub 1-0:1.0: USB hub found
[    2.951564] hub 1-0:1.0: 2 ports detected
[    2.962356] usbcore: registered new interface driver libusual
[    2.966618] i8042: PNP: PS/2 Controller [PNP0303:KBD,PNP0f13:MOU] at 0x60,0x64 irq 1,12
[    2.977685] serio: i8042 KBD port at 0x60,0x64 irq 1
[    2.980174] serio: i8042 AUX port at 0x60,0x64 irq 12
[    3.027466] mousedev: PS/2 mouse device common for all mice
[    3.061431] ata2.01: ATAPI: QEMU DVD-ROM, 2.0.0, max UDMA/100
[    3.066881] rtc_cmos 00:01: RTC can wake from S4
[    3.078518] input: AT Translated Set 2 keyboard as /devices/platform/i8042/serio0/input/input1
[    3.091554] rtc_cmos 00:01: rtc core: registered rtc_cmos as rtc0
[    3.096790] rtc0: alarms up to one day, 114 bytes nvram, hpet irqs
[    3.102312] device-mapper: uevent: version 1.0.3
[    3.115492] ata2.01: configured for MWDMA2
[    3.154162] device-mapper: ioctl: 4.22.0-ioctl (2011-10-19) initialised: dm-devel@redhat.com
[    3.157570] cpuidle: using governor ladder
[    3.158290] cpuidle: using governor menu
[    3.159719] EFI Variables Facility v0.08 2004-May-17
[    3.168050] TCP cubic registered
[    3.172593] NET: Registered protocol family 10
[    3.202565] NET: Registered protocol family 17
[    3.205044] Registering the dns_resolver key type
[    3.212907] scsi 1:0:1:0: CD-ROM            QEMU     QEMU DVD-ROM     2.0. PQ: 0 ANSI: 5
[    3.248949] sr0: scsi3-mmc drive: 4x/4x cd/rw xa/form2 tray
[    3.250697] cdrom: Uniform CD-ROM driver Revision: 3.20
[    3.271818] sr 1:0:1:0: Attached scsi generic sg0 type 5
[    3.314216] registered taskstats version 1
[    3.388720] Freeing initrd memory: 3656k freed
[    3.888505]   Magic number: 4:495:721
[    3.897703] block loop1: hash matches
[    3.903478] rtc_cmos 00:01: setting system clock to 2016-02-16 06:43:30 UTC (1455605010)
[    3.905345] powernow-k8: Processor cpuid 663 not supported
[    3.910476] BIOS EDD facility v0.16 2004-Jun-25, 0 devices found
[    3.911715] EDD information not available.
[    3.993610] Freeing unused kernel memory: 928k freed
[    3.998239] Write protecting the kernel read-only data: 12288k
[    4.114388] Freeing unused kernel memory: 1596k freed
[    4.174066] Freeing unused kernel memory: 1184k freed

info: initramfs: up at 4.35
modprobe: module virtio_blk not found in modules.dep
modprobe: module virtio_net not found in modules.dep
info: copying initramfs to /dev/vda
info: initramfs loading root from /dev/vda
info: /etc/init.d/rc.sysinit: up at 8.99
info: container: none
Starting logging: OK
modprobe: module virtio_blk not found in modules.dep
modprobe: module virtio_net not found in modules.dep
WARN: /etc/rc3.d/S10-load-modules failed
Initializing random number generator... done.
Starting acpid: OK
cirros-ds 'local' up at 11.42
found datasource (configdrive, local)
Starting network...
udhcpc (v1.20.1) started
Sending discover...
Sending discover...
Sending discover...
Usage: /sbin/cirros-dhcpc &lt;up|down&gt;
No lease, failing
WARN: /etc/rc3.d/S40-network failed
Starting dropbear sshd: generating rsa key... generating dsa key... OK
no userdata for datasource
=== system information ===
Platform: OpenStack Foundation OpenStack Nova
Container: none
Arch: x86_64
CPU(s): 1 @ 2291.611 MHz
Cores/Sockets/Threads: 1/1/1
Virt-type: AMD-V
RAM Size: 49MB
Disks:
NAME MAJ:MIN     SIZE LABEL         MOUNTPOINT
vda  253:0   25165824 cirros-rootfs /
sr0   11:0     432128 config-2      
=== sshd host keys ===
-----BEGIN SSH HOST KEY KEYS-----
ssh-rsa AAAAB3NzaC1yc2EAAAADAQABAAAAgwDqycNCACzQ7Xk8DRfDpn0yWFQiV3N1K4+hl8GxJN86KUV0xWxGONuuy+3OKIPjQGHlYnnhVh+y/FaDikUQ+QK/J1oY0u8fTOYklz54ZkYhMyguWVoOVwHQr9/cvnxWPhPkfY56yFIGEJ0u8p0YoP8P5FWq3RRaKc57CWfnqe8MSgt/ root@tempest
ssh-dss AAAAB3NzaC1kc3MAAACBALv62Noj+cDj/ZNaIRy9U6dIvDTd8NpIgAJmrVRESdaU/D85F75fe1505errEvjwHMDNU/rEn6GRSkq3maAxzu+Hf626wMZ4a0qN1bMv1fmBpzdeRWpIkHO38EXvwciV3cPMRV2p5SMgaBnvtsZ5DPUJZg5R1nmrVhUswVyEoGbTAAAAFQCGmKJGRSsm01IkfikQ0LEwsW0rTwAAAIAG8GOdaNhJ10IlcglbiU2WQZv0YGA4Zr9nYfW9xJPx4NXSAIdUbhP+NNVMYR0AhNn8kZCRqy42Z0pA5xSaPKOsKtGex/6dje5Ea13xA1RVcL5oEQZx9th6ZVybchC9aBAijZhjEsmh3l80ARUcWq4Dq+guboegq1UUh9oY6RDpmwAAAIEAjxFU1Vi5lNqSh3P/BRpvkP0IDch5/K+gkzGpPqDMb+JdA0vyAgmtDqmQTJu4c98WKNm8bNQnYLzCIMkC7AaFsrlM2mi54DiL/Jh4pTGx9ZPMv3fCDilYIlO54vvfYiP4GwJSDWtuiMjgAtQIKosD1wUWlfbJzV5BYKS0gQTc5yU= root@tempest
-----END SSH HOST KEY KEYS-----
=== network info ===
if-info: lo,up,127.0.0.1,8,::1
if-info: eth0,up,,8,fe80::f816:3eff:fe5c:44a
=== datasource: configdrive local ===
instance-id: 9554a299-b027-4ff4-b6b1-43529d788494
name: tempest.common.compute-instance-1951294562
availability-zone: nova
local-hostname: tempest.common.compute-instance-1951294562.novalocal
launch-index: 0
=== cirros: current=0.3.4 uptime=201.18 ===
route: fscanf
=== pinging gateway failed, debugging connection ===
############ debug start ##############
### /etc/init.d/sshd start
Starting dropbear sshd: OK
route: fscanf
### ifconfig -a
eth0      Link encap:Ethernet  HWaddr FA:16:3E:5C:04:4A  
          inet6 addr: fe80::f816:3eff:fe5c:44a/64 Scope:Link
          UP BROADCAST RUNNING MULTICAST  MTU:1500  Metric:1
          RX packets:13 errors:0 dropped:5 overruns:0 frame:0
          TX packets:8 errors:0 dropped:0 overruns:0 carrier:0
          collisions:0 txqueuelen:1000 
          RX bytes:1203 (1.1 KiB)  TX bytes:1134 (1.1 KiB)

lo        Link encap:Local Loopback  
          inet addr:127.0.0.1  Mask:255.0.0.0
          inet6 addr: ::1/128 Scope:Host
          UP LOOPBACK RUNNING  MTU:16436  Metric:1
          RX packets:12 errors:0 dropped:0 overruns:0 frame:0
          TX packets:12 errors:0 dropped:0 overruns:0 carrier:0
          collisions:0 txqueuelen:0 
          RX bytes:1020 (1020.0 B)  TX bytes:1020 (1020.0 B)

### route -n
Kernel IP routing table
Destination     Gateway         Genmask         Flags Metric Ref    Use Iface
route: fscanf
### cat /etc/resolv.conf
cat: can't open '/etc/resolv.conf': No such file or directory
### gateway not found
/sbin/cirros-status: line 1: can't open /etc/resolv.conf: no such file
### pinging nameservers
### uname -a
Linux tempest 3.2.0-80-virtual #116-Ubuntu SMP Mon Mar 23 17:28:52 UTC 2015 x86_64 GNU/Linux
### lsmod
Module                  Size  Used by    Not tainted
nls_iso8859_1          12713  0 
nls_cp437              16991  0 
vfat                   17585  0 
fat                    61512  1 vfat
isofs                  40259  0 
ip_tables              27473  0 
x_tables               29891  1 ip_tables
pcnet32                42119  0 
8139cp                 27360  0 
ne2k_pci               13691  0 
8390                   18856  1 ne2k_pci
e1000                 108589  0 
acpiphp                24231  0 
### dmesg | tail
[    5.192058] EXT3-fs (vda): mounted filesystem with ordered data mode
[    5.463748] ISO 9660 Extensions: Microsoft Joliet Level 3
[    5.545685] ISO 9660 Extensions: RRIP_1991A
[    5.775576] kjournald starting.  Commit interval 5 seconds
[    5.792080] EXT3-fs (vda): using internal journal
[    5.792197] EXT3-fs (vda): mounted filesystem with ordered data mode
[    9.043669] EXT3-fs (vda): using internal journal
[   12.201850] ISO 9660 Extensions: Microsoft Joliet Level 3
[   12.285439] ISO 9660 Extensions: RRIP_1991A
[   27.156250] eth0: no IPv6 routers present
### tail -n 25 /var/log/messages
Feb 16 06:43:36 cirros kern.info kernel: [    4.658439] acpiphp: Slot [26] registered
Feb 16 06:43:37 cirros kern.info kernel: [    4.658789] acpiphp: Slot [27] registered
Feb 16 06:43:37 cirros kern.info kernel: [    4.659193] acpiphp: Slot [28] registered
Feb 16 06:43:37 cirros kern.info kernel: [    4.659527] acpiphp: Slot [29] registered
Feb 16 06:43:37 cirros kern.info kernel: [    4.659821] acpiphp: Slot [30] registered
Feb 16 06:43:37 cirros kern.info kernel: [    4.660118] acpiphp: Slot [31] registered
Feb 16 06:43:37 cirros kern.info kernel: [    4.711151] e1000: Intel(R) PRO/1000 Network Driver - version 7.3.21-k8-NAPI
Feb 16 06:43:37 cirros kern.info kernel: [    4.711248] e1000: Copyright (c) 1999-2006 Intel Corporation.
Feb 16 06:43:37 cirros kern.info kernel: [    4.759966] ne2k-pci.c:v1.03 9/22/2003 D. Becker/P. Gortmaker
Feb 16 06:43:37 cirros kern.info kernel: [    4.805388] 8139cp: 8139cp: 10/100 PCI Ethernet driver v1.3 (Mar 22, 2004)
Feb 16 06:43:37 cirros kern.info kernel: [    4.848286] pcnet32: pcnet32.c:v1.35 21.Apr.2008 tsbogend@alpha.franken.de
Feb 16 06:43:37 cirros kern.info kernel: [    4.896649] ip_tables: (C) 2000-2006 Netfilter Core Team
Feb 16 06:43:37 cirros kern.info kernel: [    5.186561] kjournald starting.  Commit interval 5 seconds
Feb 16 06:43:37 cirros kern.info kernel: [    5.192058] EXT3-fs (vda): mounted filesystem with ordered data mode
Feb 16 06:43:37 cirros kern.debug kernel: [    5.463748] ISO 9660 Extensions: Microsoft Joliet Level 3
Feb 16 06:43:37 cirros kern.debug kernel: [    5.545685] ISO 9660 Extensions: RRIP_1991A
Feb 16 06:43:37 cirros kern.info kernel: [    5.775576] kjournald starting.  Commit interval 5 seconds
Feb 16 06:43:37 cirros kern.info kernel: [    5.792080] EXT3-fs (vda): using internal journal
Feb 16 06:43:37 cirros kern.info kernel: [    5.792197] EXT3-fs (vda): mounted filesystem with ordered data mode
Feb 16 06:43:37 cirros kern.info kernel: [    9.043669] EXT3-fs (vda): using internal journal
Feb 16 06:43:38 cirros kern.debug kernel: [   12.201850] ISO 9660 Extensions: Microsoft Joliet Level 3
Feb 16 06:43:38 cirros kern.debug kernel: [   12.285439] ISO 9660 Extensions: RRIP_1991A
Feb 16 06:43:41 cirros auth.notice su: + /dev/console root:cirros
Feb 16 06:43:53 cirros kern.debug kernel: [   27.156250] eth0: no IPv6 routers present
Feb 16 06:46:45 cirros authpriv.info dropbear[283]: Running in background
############ debug end   ##############
  ____               ____  ____
 / __/ __ ____ ____ / __ \/ __/
/ /__ / // __// __// /_/ /\ \ 
\___//_//_/  /_/   \____/___/ 
   http://cirros-cloud.net


login as 'cirros' user. default password: 'cubswin:)'. use 'sudo' for root.
tempest login: 
2016-02-16 06:47:38,804 19294 INFO     [tempest_lib.common.rest_client] Request (TestGettingAddress:_run_cleanups): 204 DELETE http://10.4.1.3:9696/v2.0/floatingips/f93e31e1-85a6-4431-900b-d8038f3c86a3 0.434s
2016-02-16 06:47:38,804 19294 DEBUG    [tempest_lib.common.rest_client] Request - Headers: {'Content-Type': 'application/json', 'Accept': 'application/json', 'X-Auth-Token': '&lt;omitted&gt;'}
        Body: None
    Response - Headers: {'date': 'Tue, 16 Feb 2016 06:47:38 GMT', 'status': '204', 'connection': 'close', 'content-length': '0', 'x-openstack-request-id': 'req-f497dec0-9f59-458f-9032-b1ae177adbb3'}
        Body: 
2016-02-16 06:47:39,239 19294 INFO     [tempest_lib.common.rest_client] Request (TestGettingAddress:_run_cleanups): 204 DELETE http://10.4.1.3:8774/v2.1/490b9f0bb59249e1b9b699ea2074fbdf/servers/9554a299-b027-4ff4-b6b1-43529d788494 0.434s
2016-02-16 06:47:39,240 19294 DEBUG    [tempest_lib.common.rest_client] Request - Headers: {'Content-Type': 'application/json', 'Accept': 'application/json', 'X-Auth-Token': '&lt;omitted&gt;'}
        Body: None
    Response - Headers: {'status': '204', 'content-length': '0', 'x-compute-request-id': 'req-a2c02e15-9f16-4458-bdd9-1198f3203adc', 'vary': 'X-OpenStack-Nova-API-Version', 'connection': 'close', 'x-openstack-nova-api-version': '2.1', 'date': 'Tue, 16 Feb 2016 06:47:39 GMT', 'content-type': 'application/json'}
        Body: 
2016-02-16 06:47:39,989 19294 INFO     [tempest_lib.common.rest_client] Request (TestGettingAddress:_run_cleanups): 200 GET http://10.4.1.3:8774/v2.1/490b9f0bb59249e1b9b699ea2074fbdf/servers/9554a299-b027-4ff4-b6b1-43529d788494 0.748s
2016-02-16 06:47:39,989 19294 DEBUG    [tempest_lib.common.rest_client] Request - Headers: {'Content-Type': 'application/json', 'Accept': 'application/json', 'X-Auth-Token': '&lt;omitted&gt;'}
        Body: None
    Response - Headers: {'status': '200', 'content-length': '1900', 'content-location': 'http://10.4.1.3:8774/v2.1/490b9f0bb59249e1b9b699ea2074fbdf/servers/9554a299-b027-4ff4-b6b1-43529d788494', 'x-compute-request-id': 'req-60392b4c-db6f-462a-81ee-9ab2e982e412', 'vary': 'X-OpenStack-Nova-API-Version', 'connection': 'close', 'x-openstack-nova-api-version': '2.1', 'date': 'Tue, 16 Feb 2016 06:47:39 GMT', 'content-type': 'application/json'}
        Body: {"server": {"status": "ACTIVE", "updated": "2016-02-16T06:47:39Z", "hostId": "aafb09b506f764cbb225599faed80f207a190e1abee8e3dc7a5351f3", "addresses": {"tempest-network-smoke--2091154349": [{"OS-EXT-IPS-MAC:mac_addr": "fa:16:3e:5c:04:4a", "version": 4, "addr": "10.100.0.3", "OS-EXT-IPS:type": "fixed"}, {"OS-EXT-IPS-MAC:mac_addr": "fa:16:3e:5c:04:4a", "version": 6, "addr": "2003::f816:3eff:fe5c:44a", "OS-EXT-IPS:type": "fixed"}, {"OS-EXT-IPS-MAC:mac_addr": "fa:16:3e:5c:04:4a", "version": 4, "addr": "172.24.4.4", "OS-EXT-IPS:type": "floating"}]}, "links": [{"href": "http://10.4.1.3:8774/v2.1/490b9f0bb59249e1b9b699ea2074fbdf/servers/9554a299-b027-4ff4-b6b1-43529d788494", "rel": "self"}, {"href": "http://10.4.1.3:8774/490b9f0bb59249e1b9b699ea2074fbdf/servers/9554a299-b027-4ff4-b6b1-43529d788494", "rel": "bookmark"}], "key_name": "tempest-TestGettingAddress-1108516401", "image": {"id": "f1f089e1-533d-4b54-8067-587cd2900443", "links": [{"href": "http://10.4.1.3:8774/490b9f0bb59249e1b9b699ea2074fbdf/images/f1f089e1-533d-4b54-8067-587cd2900443", "rel": "bookmark"}]}, "OS-EXT-STS:task_state": "deleting", "OS-EXT-STS:vm_state": "active", "OS-SRV-USG:launched_at": "2016-02-16T06:43:23.000000", "flavor": {"id": "42", "links": [{"href": "http://10.4.1.3:8774/490b9f0bb59249e1b9b699ea2074fbdf/flavors/42", "rel": "bookmark"}]}, "id": "9554a299-b027-4ff4-b6b1-43529d788494", "security_groups": [{"name": "tempest-secgroup-smoke-2042385962"}], "OS-SRV-USG:terminated_at": null, "OS-EXT-AZ:availability_zone": "nova", "user_id": "e24cc7522cae42bea868cd1e809da359", "name": "tempest.common.compute-instance-1951294562", "created": "2016-02-16T06:43:18Z", "tenant_id": "490b9f0bb59249e1b9b699ea2074fbdf", "OS-DCF:diskConfig": "MANUAL", "os-extended-volumes:volumes_attached": [], "accessIPv4": "", "accessIPv6": "", "progress": 0, "OS-EXT-STS:power_state": 1, "config_drive": "True", "metadata": {}}}
2016-02-16 06:47:41,300 19294 INFO     [tempest_lib.common.rest_client] Request (TestGettingAddress:_run_cleanups): 404 GET http://10.4.1.3:8774/v2.1/490b9f0bb59249e1b9b699ea2074fbdf/servers/9554a299-b027-4ff4-b6b1-43529d788494 0.292s
2016-02-16 06:47:41,300 19294 DEBUG    [tempest_lib.common.rest_client] Request - Headers: {'Content-Type': 'application/json', 'Accept': 'application/json', 'X-Auth-Token': '&lt;omitted&gt;'}
        Body: None
    Response - Headers: {'status': '404', 'content-length': '111', 'x-compute-request-id': 'req-7277a15f-29a5-43d1-b6bd-d27fe6b36a3c', 'vary': 'X-OpenStack-Nova-API-Version', 'connection': 'close', 'x-openstack-nova-api-version': '2.1', 'date': 'Tue, 16 Feb 2016 06:47:41 GMT', 'content-type': 'application/json; charset=UTF-8'}
        Body: {"itemNotFound": {"message": "Instance 9554a299-b027-4ff4-b6b1-43529d788494 could not be found.", "code": 404}}
2016-02-16 06:47:42,031 19294 INFO     [tempest_lib.common.rest_client] Request (TestGettingAddress:_run_cleanups): 500 PUT http://10.4.1.3:9696/v2.0/routers/be793055-7352-48e2-b15f-8870f5d45921/remove_router_interface 0.730s
2016-02-16 06:47:42,032 19294 DEBUG    [tempest_lib.common.rest_client] Request - Headers: {'Content-Type': 'application/json', 'Accept': 'application/json', 'X-Auth-Token': '&lt;omitted&gt;'}
        Body: {"subnet_id": "2da93537-7809-4d4b-9a98-553e9635583b"}
    Response - Headers: {'status': '500', 'content-length': '150', 'connection': 'close', 'date': 'Tue, 16 Feb 2016 06:47:42 GMT', 'content-type': 'application/json; charset=UTF-8', 'x-openstack-request-id': 'req-26fcfe9f-e940-4083-ab7d-e24f42aad713'}
        Body: {"NeutronError": {"message": "Request Failed: internal server error while processing your request.", "type": "HTTPInternalServerError", "detail": ""}}
2016-02-16 06:47:42,507 19294 INFO     [tempest_lib.common.rest_client] Request (TestGettingAddress:_run_cleanups): 404 PUT http://10.4.1.3:9696/v2.0/routers/be793055-7352-48e2-b15f-8870f5d45921/remove_router_interface 0.470s
2016-02-16 06:47:42,507 19294 DEBUG    [tempest_lib.common.rest_client] Request - Headers: {'Content-Type': 'application/json', 'Accept': 'application/json', 'X-Auth-Token': '&lt;omitted&gt;'}
        Body: {"subnet_id": "2da93537-7809-4d4b-9a98-553e9635583b"}
    Response - Headers: {'status': '404', 'content-length': '198', 'connection': 'close', 'date': 'Tue, 16 Feb 2016 06:47:42 GMT', 'content-type': 'application/json; charset=UTF-8', 'x-openstack-request-id': 'req-e16d24e7-7d8e-4cd5-a419-a106601a720a'}
        Body: {"NeutronError": {"message": "Router be793055-7352-48e2-b15f-8870f5d45921 has no interface on subnet 2da93537-7809-4d4b-9a98-553e9635583b", "type": "RouterInterfaceNotFoundForSubnet", "detail": ""}}
2016-02-16 06:47:43,211 19294 INFO     [tempest_lib.common.rest_client] Request (TestGettingAddress:_run_cleanups): 500 PUT http://10.4.1.3:9696/v2.0/routers/be793055-7352-48e2-b15f-8870f5d45921/remove_router_interface 0.702s
2016-02-16 06:47:43,212 19294 DEBUG    [tempest_lib.common.rest_client] Request - Headers: {'Content-Type': 'application/json', 'Accept': 'application/json', 'X-Auth-Token': '&lt;omitted&gt;'}
        Body: {"subnet_id": "e9c6d35e-53a1-406f-9198-35a86a7ccfbd"}
    Response - Headers: {'status': '500', 'content-length': '150', 'connection': 'close', 'date': 'Tue, 16 Feb 2016 06:47:43 GMT', 'content-type': 'application/json; charset=UTF-8', 'x-openstack-request-id': 'req-e4ad5ee0-b939-4a19-98ca-93d276f340f2'}
        Body: {"NeutronError": {"message": "Request Failed: internal server error while processing your request.", "type": "HTTPInternalServerError", "detail": ""}}
2016-02-16 06:47:43,468 19294 INFO     [tempest_lib.common.rest_client] Request (TestGettingAddress:_run_cleanups): 200 GET http://10.4.1.3:9696/v2.0/routers/be793055-7352-48e2-b15f-8870f5d45921 0.254s
2016-02-16 06:47:43,469 19294 DEBUG    [tempest_lib.common.rest_client] Request - Headers: {'Content-Type': 'application/json', 'Accept': 'application/json', 'X-Auth-Token': '&lt;omitted&gt;'}
        Body: None
    Response - Headers: {'status': '200', 'content-length': '501', 'content-location': 'http://10.4.1.3:9696/v2.0/routers/be793055-7352-48e2-b15f-8870f5d45921', 'connection': 'close', 'date': 'Tue, 16 Feb 2016 06:47:43 GMT', 'content-type': 'application/json; charset=UTF-8', 'x-openstack-request-id': 'req-f6bc49c6-4984-4d6c-8f64-d93b99b724a1'}
        Body: {"router": {"status": "ACTIVE", "external_gateway_info": {"network_id": "f07f8ac9-1b35-4f26-9dc4-7b60cc165794", "enable_snat": true, "external_fixed_ips": [{"subnet_id": "c142099b-cb0f-4fc6-ab2c-e6943a9ac661", "ip_address": "172.24.4.3"}, {"subnet_id": "d824d973-35a9-48b0-a169-b8feb844998f", "ip_address": "2001:db8::4"}]}, "name": "tempest-router-smoke-1437115715", "admin_state_up": true, "tenant_id": "490b9f0bb59249e1b9b699ea2074fbdf", "routes": [], "id": "be793055-7352-48e2-b15f-8870f5d45921"}}
2016-02-16 06:47:43,996 19294 INFO     [tempest_lib.common.rest_client] Request (TestGettingAddress:_run_cleanups): 200 PUT http://10.4.1.3:9696/v2.0/routers/be793055-7352-48e2-b15f-8870f5d45921 0.526s
2016-02-16 06:47:43,998 19294 DEBUG    [tempest_lib.common.rest_client] Request - Headers: {'Content-Type': 'application/json', 'Accept': 'application/json', 'X-Auth-Token': '&lt;omitted&gt;'}
        Body: {"router": {"external_gateway_info": {}, "name": "tempest-router-smoke-1437115715", "admin_state_up": true}}
    Response - Headers: {'status': '200', 'content-length': '239', 'connection': 'close', 'date': 'Tue, 16 Feb 2016 06:47:43 GMT', 'content-type': 'application/json; charset=UTF-8', 'x-openstack-request-id': 'req-627d2d1c-5f06-44c2-af4d-4de448c7b82a'}
        Body: {"router": {"status": "ACTIVE", "external_gateway_info": null, "name": "tempest-router-smoke-1437115715", "admin_state_up": true, "tenant_id": "490b9f0bb59249e1b9b699ea2074fbdf", "routes": [], "id": "be793055-7352-48e2-b15f-8870f5d45921"}}
2016-02-16 06:47:44,474 19294 INFO     [tempest_lib.common.rest_client] Request (TestGettingAddress:_run_cleanups): 500 DELETE http://10.4.1.3:9696/v2.0/routers/be793055-7352-48e2-b15f-8870f5d45921 0.475s
2016-02-16 06:47:44,475 19294 DEBUG    [tempest_lib.common.rest_client] Request - Headers: {'Content-Type': 'application/json', 'Accept': 'application/json', 'X-Auth-Token': '&lt;omitted&gt;'}
        Body: None
    Response - Headers: {'status': '500', 'content-length': '150', 'connection': 'close', 'date': 'Tue, 16 Feb 2016 06:47:44 GMT', 'content-type': 'application/json; charset=UTF-8', 'x-openstack-request-id': 'req-4b32386e-94f2-4e7c-88df-1f4d43195a81'}
        Body: {"NeutronError": {"message": "Request Failed: internal server error while processing your request.", "type": "HTTPInternalServerError", "detail": ""}}
2016-02-16 06:47:44,718 19294 INFO     [tempest_lib.common.rest_client] Request (TestGettingAddress:_run_cleanups): 404 PUT http://10.4.1.3:9696/v2.0/routers/be793055-7352-48e2-b15f-8870f5d45921/remove_router_interface 0.240s
