<?xml version="1.0" encoding="UTF-8"?>
<!DOCTYPE html PUBLIC "-//W3C//DTD XHTML 1.0 Strict//EN"
     "http://www.w3.org/TR/xhtml1/DTD/xhtml1-strict.dtd">
<html xmlns="http://www.w3.org/1999/xhtml">
<head>
    <title>Unit Test Report</title>
    <meta name="generator" content="subunit2html 0.1"/>
    <meta http-equiv="Content-Type" content="text/html; charset=UTF-8"/>
    
<style type="text/css" media="screen">
body        { font-family: verdana, arial, helvetica, sans-serif;
    font-size: 80%; }
table       { font-size: 100%; width: 100%;}
pre         { font-size: 80%; }

/* -- heading -------------------------------------------------------------- */
h1 {
        font-size: 16pt;
        color: gray;
}
.heading {
    margin-top: 0ex;
    margin-bottom: 1ex;
}

.heading .attribute {
    margin-top: 1ex;
    margin-bottom: 0;
}

.heading .description {
    margin-top: 4ex;
    margin-bottom: 6ex;
}

/* -- css div popup -------------------------------------------------------- */
a.popup_link {
}

a.popup_link:hover {
    color: red;
}

.popup_window {
    display: none;
    overflow-x: scroll;
    /*border: solid #627173 1px; */
    padding: 10px;
    background-color: #E6E6D6;
    font-family: "Ubuntu Mono", "Lucida Console", "Courier New", monospace;
    text-align: left;
    font-size: 8pt;
}

}
/* -- report --------------------------------------------------------------- */
#show_detail_line {
    margin-top: 3ex;
    margin-bottom: 1ex;
}
#result_table {
    width: 100%;
    border-collapse: collapse;
    border: 1px solid #777;
}
#header_row {
    font-weight: bold;
    color: white;
    background-color: #777;
}
#result_table td {
    border: 1px solid #777;
    padding: 2px;
}
#total_row  { font-weight: bold; }
.passClass  { background-color: #6c6; }
.failClass  { background-color: #c60; }
.errorClass { background-color: #c00; }
.passCase   { color: #6c6; }
.failCase   { color: #c60; font-weight: bold; }
.errorCase  { color: #c00; font-weight: bold; }
.hiddenRow  { display: none; }
.testcase   { margin-left: 2em; }
td.testname {width: 40%}
td.small {width: 40px}

/* -- ending --------------------------------------------------------------- */
#ending {
}

</style>

</head>
<body>
<script language="javascript" type="text/javascript"><!--
output_list = Array();

/* level - 0:Summary; 1:Failed; 2:All */
function showCase(level) {
    trs = document.getElementsByTagName("tr");
    for (var i = 0; i < trs.length; i++) {
        tr = trs[i];
        id = tr.id;
        if (id.substr(0,2) == 'ft') {
            if (level < 1) {
                tr.className = 'hiddenRow';
            }
            else {
                tr.className = '';
            }
        }
        if (id.substr(0,2) == 'pt') {
            if (level > 1) {
                tr.className = '';
            }
            else {
                tr.className = 'hiddenRow';
            }
        }
    }
}


function showClassDetail(cid, count) {
    var id_list = Array(count);
    var toHide = 1;
    for (var i = 0; i < count; i++) {
        tid0 = 't' + cid.substr(1) + '.' + (i+1);
        tid = 'f' + tid0;
        tr = document.getElementById(tid);
        if (!tr) {
            tid = 'p' + tid0;
            tr = document.getElementById(tid);
        }
        id_list[i] = tid;
        if (tr.className) {
            toHide = 0;
        }
    }
    for (var i = 0; i < count; i++) {
        tid = id_list[i];
        if (toHide) {
            document.getElementById('div_'+tid).style.display = 'none'
            document.getElementById(tid).className = 'hiddenRow';
        }
        else {
            document.getElementById(tid).className = '';
        }
    }
}


function showTestDetail(div_id){
    var details_div = document.getElementById(div_id)
    var displayState = details_div.style.display
    // alert(displayState)
    if (displayState != 'block' ) {
        displayState = 'block'
        details_div.style.display = 'block'
    }
    else {
        details_div.style.display = 'none'
    }
}


function html_escape(s) {
    s = s.replace(/&/g,'&amp;');
    s = s.replace(/</g,'&lt;');
    s = s.replace(/>/g,'&gt;');
    return s;
}

/* obsoleted by detail in <div>
function showOutput(id, name) {
    var w = window.open("", //url
                    name,
                    "resizable,scrollbars,status,width=800,height=450");
    d = w.document;
    d.write("<pre>");
    d.write(html_escape(output_list[id]));
    d.write("\n");
    d.write("<a href='javascript:window.close()'>close</a>\n");
    d.write("</pre>\n");
    d.close();
}
*/
--></script>

<div class='heading'>
<h1>Unit Test Report</h1>

<p class='attribute'><strong>Status:</strong> Failure 8</p>

<p class='description'></p>
</div>



<p id='show_detail_line'>Show
<a href='javascript:showCase(0)'>Summary</a>
<a href='javascript:showCase(1)'>Failed</a>
<a href='javascript:showCase(2)'>All</a>
</p>
<table id='result_table'>
<colgroup>
<col align='left' />
<col align='right' />
<col align='right' />
<col align='right' />
<col align='right' />
<col align='right' />
<col align='right' />
<col align='right' />
</colgroup>
<tr id='header_row'>
    <td>Test Group/Test case</td>
    <td>Count</td>
    <td>Pass</td>
    <td>Fail</td>
    <td>Error</td>
    <td>Skip</td>
    <td>View</td>
    <td> </td>
</tr>

<tr class='failClass'>
    <td class="testname">tempest.scenario.test_network_v6.TestGettingAddress</td>
    <td class="small">8</td>
    <td class="small">0</td>
    <td class="small">8</td>
    <td class="small">0</td>
    <td class="small">0</td>
    <td class="small"><a href="javascript:showClassDetail('c1',8)"
>Detail</a></td>
    <td> </td>
</tr>

<tr id='ft1.1' class='none'>
    <td class='failCase'><div class='testcase'>test_dhcp6_stateless_from_os[compute,id-d7e1f858-187c-45a6-89c9-bdafde619a9f,network]</div></td>
    <td colspan='7' align='left'>

    <!--css div popup start-->
    <a class="popup_link" onfocus='this.blur();'
    href="javascript:showTestDetail('div_ft1.1')" >
        fail</a>

    <div id='div_ft1.1' class="popup_window">
        <div style='text-align: right; color:red;cursor:pointer'>
        <a onfocus='this.blur();'
onclick="document.getElementById('div_ft1.1').style.display = 'none' " >
           [x]</a>
        </div>
        <pre>
        
ft1.1: tempest.scenario.test_network_v6.TestGettingAddress.test_dhcp6_stateless_from_os[compute,id-d7e1f858-187c-45a6-89c9-bdafde619a9f,network]_StringException: Empty attachments:
  stderr
  stdout

pythonlogging:'': {{{
2016-01-27 14:20:54,984 16417 INFO     [tempest_lib.common.rest_client] Request (TestGettingAddress:setUp): 200 POST http://10.4.1.3:8774/v2.1/785dd96b98cc4b50b182b9c254e3d41e/os-keypairs 0.667s
2016-01-27 14:20:54,984 16417 DEBUG    [tempest_lib.common.rest_client] Request - Headers: {'Content-Type': 'application/json', 'Accept': 'application/json', 'X-Auth-Token': '&lt;omitted&gt;'}
        Body: {"keypair": {"name": "tempest-TestGettingAddress-2057196912"}}
    Response - Headers: {'status': '200', 'content-length': '2320', 'x-compute-request-id': 'req-26a177d5-1a5a-4640-8715-407f364c61d6', 'vary': 'X-OpenStack-Nova-API-Version', 'connection': 'close', 'x-openstack-nova-api-version': '2.1', 'date': 'Wed, 27 Jan 2016 14:20:54 GMT', 'content-type': 'application/json'}
        Body: {"keypair": {"public_key": "ssh-rsa AAAAB3NzaC1yc2EAAAADAQABAAABAQCXUURwEXJNzIGxEAvaUsis6laC1wdfQnWPpmYdO2vGvkv65S4xlNJ+VBQ0qzB8fObblAhAdXnspvx0vn8InHx3ydfkP73HFidPdZFpRTOCCvG9lu7ZxaGXKrrj5prnWO+LTS2q72bEqgdKvlaDFxupPISZ81ce6iWRVCVmWzpEvzyN6nO3HGJBG5RDdO8VmOvbN71V8zXADUl3IVX9I0ll5dvxzK3m0CLakz9l61ZYEOaYY+iqB7KD7+Q9vZtk/WpV1pDVDmj3Q5fW4opOO3l2jjM0C5zQ4Y2Yfadi/Mlm9vmgtLMBUclaX0dStGVkU6kfXeLnxzTzilYu61xr9Icl Generated-by-Nova", "private_key": "-----BEGIN RSA PRIVATE KEY-----\nMIIEqAIBAAKCAQEAl1FEcBFyTcyBsRAL2lLIrOpWgtcHX0J1j6ZmHTtrxr5L+uUu\nMZTSflQUNKswfHzm25QIQHV57Kb8dL5/CJx8d8nX5D+9xxYnT3WRaUUzggrxvZbu\n2cWhlyq64+aa51jvi00tqu9mxKoHSr5WgxcbqTyEmfNXHuolkVQlZls6RL88jepz\ntxxiQRuUQ3TvFZjr2ze9VfM1wA1JdyFV/SNJZeXb8cyt5tAi2pM/ZetWWBDmmGPo\nqgeyg+/kPb2bZP1qVdaQ1Q5o90OX1uKKTjt5do4zNAuc0OGNmH2nYvzJZvb5oLSz\nAVHJWl9HUrRlZFOpH13i58c084pWLutca/SHJQIDAQABAoIBAGuT8mT+clZPW7EH\naHXaPyN4IvM4btxRwoTTV2vW8APHDPud7h5/4LrBie/7+Se4IOThNJCnNHyEJ53U\nRTpZDsCXNq7mhkTBQkdinXPLKBh/MWiJotwefoibb21RaLWra/qMbzhEpbqR60c/\nVQAz8I18IgXVlA29h+HvgftoRl/Swd0cIE37XHR6uJTnZsLo3jtMmQFAjDmqqNDH\noCugU9Fj9mIUa2DBDvjuS1aIY/574vlOev2bJpoEH2PfRSNkS84bZ7DProzg/nke\naTusKWzDrSuFOEXdauHqtdiiIkB2xsfSmB9zQpg6bwO/ggrUcOeA5vC4Y62orvXy\njhJ1asECggCBALyb4zesp53nmZ6bYEGR5x7s0TG0Zc8Wed3cQb0Rgmv0Jn++A0a3\nX4cwKLkA1F8MAMkURHPFmohtFpr8w2i4UOzidtbPPNxkC1nGRO7UG82RipdaXZ9Q\nndrh+YzmmZdVu6WGyzopmtigH17xdUyY7WUUtE0ZQRdl5jA6hr4p2OxxAoIAgQDN\nYlEuZGatTpsXMN0XyQC1yyCmUAjaD1JR9ztN7+fgpiuwUjXSQOSlQkpezwuDR0Ai\nPBbGGrc3dMhHXoiUVs+EA6Zf5ahpILEStURAC2M9rA2gG31Bk3aqWUGsEDP+cbrC\nLZA4tNbx5SkgbVedLKiRafayTBXXR6E1+nNVAcmv9QKCAIBx5JS97vW85bkfTOZA\nUjHFu+3LXQtJlWH79mCAIo2mUOXap8xkrKD0CsHcjcKwrpfe1O1NF9tsXKuU5eO+\nXecIVOy8ZKJ017j++jpwGge8CBIvuXLlnJHmNiUyz6GaADxzBUW9lpgaDf9Dnv1d\nRs+8BVenYwOqdG8fWog5Vx3WEQKCAIAxoYmWmWKKjM1DnGZBIiyOwchhCEQrVbqB\n3imxmsDA88bo8+TXqyDVoqBQKt5QWf5wh27Fbp1JxGnFfV2p4xSAhVVGJTw+M003\nBSC6DUZtF8+vGhV5rEXnwmvxRXUbDqaf19zbJzAuAj+e+21JqQoPIbkguuwoOsIF\nRkFqkGUJpQKCAIEAuwmuUI51MvfbKz/ZkJElg0ANTi2GcW80vTi4AKTTta2EZl8n\nH45riXlp+YIAnPMsm3acQ45S7Jvd5Zco7Q3EAXDJI2Ki2o+6+jFCcFp7ru5ehIRC\nksLlYdIonBnQzP+IS3ifPmRWSRSKIj8QKnMCXOn5A9eGIJlSHrct5vENk8o=\n-----END RSA PRIVATE KEY-----\n", "user_id": "35ca39e6c9754122ab25b19ace09b051", "name": "tempest-TestGettingAddress-2057196912", "fingerprint": "f0:18:d7:8b:e0:66:fe:5c:e6:00:b9:10:2c:71:f3:ca"}}
2016-01-27 14:20:55,352 16417 INFO     [tempest_lib.common.rest_client] Request (TestGettingAddress:setUp): 201 POST http://10.4.1.3:9696/v2.0/security-groups 0.361s
2016-01-27 14:20:55,353 16417 DEBUG    [tempest_lib.common.rest_client] Request - Headers: {'Content-Type': 'application/json', 'Accept': 'application/json', 'X-Auth-Token': '&lt;omitted&gt;'}
        Body: {"security_group": {"tenant_id": "785dd96b98cc4b50b182b9c254e3d41e", "description": "tempest-secgroup-smoke-1079623976 description", "name": "tempest-secgroup-smoke-1079623976"}}
    Response - Headers: {'status': '201', 'content-length': '888', 'connection': 'close', 'date': 'Wed, 27 Jan 2016 14:20:55 GMT', 'content-type': 'application/json; charset=UTF-8', 'x-openstack-request-id': 'req-9560966f-814d-420f-a96a-aa2b705fd7d6'}
        Body: {"security_group": {"tenant_id": "785dd96b98cc4b50b182b9c254e3d41e", "description": "tempest-secgroup-smoke-1079623976 description", "id": "926a8093-7818-4719-839e-1f12cc022eb4", "security_group_rules": [{"remote_group_id": null, "direction": "egress", "remote_ip_prefix": null, "protocol": null, "ethertype": "IPv4", "tenant_id": "785dd96b98cc4b50b182b9c254e3d41e", "port_range_max": null, "port_range_min": null, "id": "8b096e29-b96a-4ab2-b6b4-329b6374d760", "security_group_id": "926a8093-7818-4719-839e-1f12cc022eb4"}, {"remote_group_id": null, "direction": "egress", "remote_ip_prefix": null, "protocol": null, "ethertype": "IPv6", "tenant_id": "785dd96b98cc4b50b182b9c254e3d41e", "port_range_max": null, "port_range_min": null, "id": "1e6f6ca4-cf11-4eb9-a234-b1315f3456c0", "security_group_id": "926a8093-7818-4719-839e-1f12cc022eb4"}], "name": "tempest-secgroup-smoke-1079623976"}}
2016-01-27 14:20:55,644 16417 INFO     [tempest_lib.common.rest_client] Request (TestGettingAddress:setUp): 201 POST http://10.4.1.3:9696/v2.0/security-group-rules 0.290s
2016-01-27 14:20:55,645 16417 DEBUG    [tempest_lib.common.rest_client] Request - Headers: {'Content-Type': 'application/json', 'Accept': 'application/json', 'X-Auth-Token': '&lt;omitted&gt;'}
        Body: {"security_group_rule": {"direction": "ingress", "protocol": "tcp", "tenant_id": "785dd96b98cc4b50b182b9c254e3d41e", "port_range_max": 22, "security_group_id": "926a8093-7818-4719-839e-1f12cc022eb4", "port_range_min": 22}}
    Response - Headers: {'status': '201', 'content-length': '340', 'connection': 'close', 'date': 'Wed, 27 Jan 2016 14:20:55 GMT', 'content-type': 'application/json; charset=UTF-8', 'x-openstack-request-id': 'req-2188c9e6-8203-4a69-bda8-08c7e8e222a6'}
        Body: {"security_group_rule": {"remote_group_id": null, "direction": "ingress", "remote_ip_prefix": null, "protocol": "tcp", "ethertype": "IPv4", "tenant_id": "785dd96b98cc4b50b182b9c254e3d41e", "port_range_max": 22, "port_range_min": 22, "id": "af592394-83d7-4ec5-b046-bc80dade1b68", "security_group_id": "926a8093-7818-4719-839e-1f12cc022eb4"}}
2016-01-27 14:20:55,900 16417 INFO     [tempest_lib.common.rest_client] Request (TestGettingAddress:setUp): 201 POST http://10.4.1.3:9696/v2.0/security-group-rules 0.254s
2016-01-27 14:20:55,901 16417 DEBUG    [tempest_lib.common.rest_client] Request - Headers: {'Content-Type': 'application/json', 'Accept': 'application/json', 'X-Auth-Token': '&lt;omitted&gt;'}
        Body: {"security_group_rule": {"direction": "egress", "protocol": "tcp", "tenant_id": "785dd96b98cc4b50b182b9c254e3d41e", "port_range_max": 22, "security_group_id": "926a8093-7818-4719-839e-1f12cc022eb4", "port_range_min": 22}}
    Response - Headers: {'status': '201', 'content-length': '339', 'connection': 'close', 'date': 'Wed, 27 Jan 2016 14:20:55 GMT', 'content-type': 'application/json; charset=UTF-8', 'x-openstack-request-id': 'req-844f9219-5861-4bf2-af1b-cadf8ee67a6f'}
        Body: {"security_group_rule": {"remote_group_id": null, "direction": "egress", "remote_ip_prefix": null, "protocol": "tcp", "ethertype": "IPv4", "tenant_id": "785dd96b98cc4b50b182b9c254e3d41e", "port_range_max": 22, "port_range_min": 22, "id": "131cace5-dc2f-4aa8-8590-37208474ca12", "security_group_id": "926a8093-7818-4719-839e-1f12cc022eb4"}}
2016-01-27 14:20:56,188 16417 INFO     [tempest_lib.common.rest_client] Request (TestGettingAddress:setUp): 201 POST http://10.4.1.3:9696/v2.0/security-group-rules 0.286s
2016-01-27 14:20:56,190 16417 DEBUG    [tempest_lib.common.rest_client] Request - Headers: {'Content-Type': 'application/json', 'Accept': 'application/json', 'X-Auth-Token': '&lt;omitted&gt;'}
        Body: {"security_group_rule": {"tenant_id": "785dd96b98cc4b50b182b9c254e3d41e", "direction": "ingress", "protocol": "icmp", "security_group_id": "926a8093-7818-4719-839e-1f12cc022eb4"}}
    Response - Headers: {'status': '201', 'content-length': '345', 'connection': 'close', 'date': 'Wed, 27 Jan 2016 14:20:56 GMT', 'content-type': 'application/json; charset=UTF-8', 'x-openstack-request-id': 'req-5489dac0-4972-42f9-8b3c-b9c116d50c38'}
        Body: {"security_group_rule": {"remote_group_id": null, "direction": "ingress", "remote_ip_prefix": null, "protocol": "icmp", "ethertype": "IPv4", "tenant_id": "785dd96b98cc4b50b182b9c254e3d41e", "port_range_max": null, "port_range_min": null, "id": "d408692e-d5d7-457e-b067-879187f60817", "security_group_id": "926a8093-7818-4719-839e-1f12cc022eb4"}}
2016-01-27 14:20:56,473 16417 INFO     [tempest_lib.common.rest_client] Request (TestGettingAddress:setUp): 201 POST http://10.4.1.3:9696/v2.0/security-group-rules 0.281s
2016-01-27 14:20:56,474 16417 DEBUG    [tempest_lib.common.rest_client] Request - Headers: {'Content-Type': 'application/json', 'Accept': 'application/json', 'X-Auth-Token': '&lt;omitted&gt;'}
        Body: {"security_group_rule": {"tenant_id": "785dd96b98cc4b50b182b9c254e3d41e", "direction": "egress", "protocol": "icmp", "security_group_id": "926a8093-7818-4719-839e-1f12cc022eb4"}}
    Response - Headers: {'status': '201', 'content-length': '344', 'connection': 'close', 'date': 'Wed, 27 Jan 2016 14:20:56 GMT', 'content-type': 'application/json; charset=UTF-8', 'x-openstack-request-id': 'req-fe636205-bfdb-4b8a-9011-a4129226097d'}
        Body: {"security_group_rule": {"remote_group_id": null, "direction": "egress", "remote_ip_prefix": null, "protocol": "icmp", "ethertype": "IPv4", "tenant_id": "785dd96b98cc4b50b182b9c254e3d41e", "port_range_max": null, "port_range_min": null, "id": "1f7915cd-30cf-4971-a5a8-70fdda564d16", "security_group_id": "926a8093-7818-4719-839e-1f12cc022eb4"}}
2016-01-27 14:20:56,766 16417 INFO     [tempest_lib.common.rest_client] Request (TestGettingAddress:setUp): 201 POST http://10.4.1.3:9696/v2.0/security-group-rules 0.291s
2016-01-27 14:20:56,767 16417 DEBUG    [tempest_lib.common.rest_client] Request - Headers: {'Content-Type': 'application/json', 'Accept': 'application/json', 'X-Auth-Token': '&lt;omitted&gt;'}
        Body: {"security_group_rule": {"tenant_id": "785dd96b98cc4b50b182b9c254e3d41e", "direction": "ingress", "security_group_id": "926a8093-7818-4719-839e-1f12cc022eb4", "protocol": "icmp", "ethertype": "IPv6"}}
    Response - Headers: {'status': '201', 'content-length': '345', 'connection': 'close', 'date': 'Wed, 27 Jan 2016 14:20:56 GMT', 'content-type': 'application/json; charset=UTF-8', 'x-openstack-request-id': 'req-516e7292-5270-4d54-8d8a-256062ef9ffd'}
        Body: {"security_group_rule": {"remote_group_id": null, "direction": "ingress", "remote_ip_prefix": null, "protocol": "icmp", "ethertype": "IPv6", "tenant_id": "785dd96b98cc4b50b182b9c254e3d41e", "port_range_max": null, "port_range_min": null, "id": "32336cdf-ca0d-4503-8168-d52f5dfcf93f", "security_group_id": "926a8093-7818-4719-839e-1f12cc022eb4"}}
2016-01-27 14:20:57,066 16417 INFO     [tempest_lib.common.rest_client] Request (TestGettingAddress:setUp): 201 POST http://10.4.1.3:9696/v2.0/security-group-rules 0.297s
2016-01-27 14:20:57,067 16417 DEBUG    [tempest_lib.common.rest_client] Request - Headers: {'Content-Type': 'application/json', 'Accept': 'application/json', 'X-Auth-Token': '&lt;omitted&gt;'}
        Body: {"security_group_rule": {"tenant_id": "785dd96b98cc4b50b182b9c254e3d41e", "direction": "egress", "security_group_id": "926a8093-7818-4719-839e-1f12cc022eb4", "protocol": "icmp", "ethertype": "IPv6"}}
    Response - Headers: {'status': '201', 'content-length': '344', 'connection': 'close', 'date': 'Wed, 27 Jan 2016 14:20:57 GMT', 'content-type': 'application/json; charset=UTF-8', 'x-openstack-request-id': 'req-f3529db3-47ea-4c40-b05a-46ab03679aa4'}
        Body: {"security_group_rule": {"remote_group_id": null, "direction": "egress", "remote_ip_prefix": null, "protocol": "icmp", "ethertype": "IPv6", "tenant_id": "785dd96b98cc4b50b182b9c254e3d41e", "port_range_max": null, "port_range_min": null, "id": "5ff6060b-b1f1-4092-b992-3b1d9f3c9b71", "security_group_id": "926a8093-7818-4719-839e-1f12cc022eb4"}}
2016-01-27 14:20:57,446 16417 INFO     [tempest_lib.common.rest_client] Request (TestGettingAddress:test_dhcp6_stateless_from_os): 201 POST http://10.4.1.3:9696/v2.0/networks 0.377s
2016-01-27 14:20:57,446 16417 DEBUG    [tempest_lib.common.rest_client] Request - Headers: {'Content-Type': 'application/json', 'Accept': 'application/json', 'X-Auth-Token': '&lt;omitted&gt;'}
        Body: {"network": {"tenant_id": "785dd96b98cc4b50b182b9c254e3d41e", "name": "tempest-network-smoke--1289723103"}}
    Response - Headers: {'status': '201', 'content-length': '330', 'connection': 'close', 'date': 'Wed, 27 Jan 2016 14:20:57 GMT', 'content-type': 'application/json; charset=UTF-8', 'x-openstack-request-id': 'req-2da5351c-a2c7-4908-9eba-d58d41d8ada7'}
        Body: {"network": {"status": "ACTIVE", "subnets": [], "availability_zone_hints": [], "name": "tempest-network-smoke--1289723103", "admin_state_up": true, "tenant_id": "785dd96b98cc4b50b182b9c254e3d41e", "mtu": 1450, "router:external": false, "shared": false, "port_security_enabled": true, "id": "50857602-b473-42b6-9b22-fa4eb4431483"}}
2016-01-27 14:20:57,669 16417 INFO     [tempest_lib.common.rest_client] Request (TestGettingAddress:test_dhcp6_stateless_from_os): 200 GET http://10.4.1.3:9696/v2.0/subnets?tenant_id=785dd96b98cc4b50b182b9c254e3d41e&amp;cidr=10.100.0.0%2F28 0.221s
2016-01-27 14:20:57,669 16417 DEBUG    [tempest_lib.common.rest_client] Request - Headers: {'Content-Type': 'application/json', 'Accept': 'application/json', 'X-Auth-Token': '&lt;omitted&gt;'}
        Body: None
    Response - Headers: {'status': '200', 'content-length': '15', 'content-location': 'http://10.4.1.3:9696/v2.0/subnets?tenant_id=785dd96b98cc4b50b182b9c254e3d41e&amp;cidr=10.100.0.0%2F28', 'connection': 'close', 'date': 'Wed, 27 Jan 2016 14:20:57 GMT', 'content-type': 'application/json; charset=UTF-8', 'x-openstack-request-id': 'req-0b4fbd69-7abb-4b01-97ad-4d42d47dc106'}
        Body: {"subnets": []}
2016-01-27 14:20:58,187 16417 INFO     [tempest_lib.common.rest_client] Request (TestGettingAddress:test_dhcp6_stateless_from_os): 201 POST http://10.4.1.3:9696/v2.0/subnets 0.516s
2016-01-27 14:20:58,187 16417 DEBUG    [tempest_lib.common.rest_client] Request - Headers: {'Content-Type': 'application/json', 'Accept': 'application/json', 'X-Auth-Token': '&lt;omitted&gt;'}
        Body: {"subnet": {"ip_version": 4, "tenant_id": "785dd96b98cc4b50b182b9c254e3d41e", "cidr": "10.100.0.0/28", "network_id": "50857602-b473-42b6-9b22-fa4eb4431483", "name": "tempest-sub4-920129938"}}
    Response - Headers: {'status': '201', 'content-length': '469', 'connection': 'close', 'date': 'Wed, 27 Jan 2016 14:20:58 GMT', 'content-type': 'application/json; charset=UTF-8', 'x-openstack-request-id': 'req-2aa7e584-63ed-4a10-8d0d-a7b409e1514e'}
        Body: {"subnet": {"name": "tempest-sub4-920129938", "enable_dhcp": true, "network_id": "50857602-b473-42b6-9b22-fa4eb4431483", "tenant_id": "785dd96b98cc4b50b182b9c254e3d41e", "dns_nameservers": [], "gateway_ip": "10.100.0.1", "ipv6_ra_mode": null, "allocation_pools": [{"start": "10.100.0.2", "end": "10.100.0.14"}], "host_routes": [], "ip_version": 4, "ipv6_address_mode": null, "cidr": "10.100.0.0/28", "id": "e61da0bc-cae0-4836-bfd2-b535d1f99881", "subnetpool_id": null}}
2016-01-27 14:20:58,421 16417 INFO     [tempest_lib.common.rest_client] Request (TestGettingAddress:test_dhcp6_stateless_from_os): 201 POST http://10.4.1.3:9696/v2.0/routers 0.232s
2016-01-27 14:20:58,422 16417 DEBUG    [tempest_lib.common.rest_client] Request - Headers: {'Content-Type': 'application/json', 'Accept': 'application/json', 'X-Auth-Token': '&lt;omitted&gt;'}
        Body: {"router": {"tenant_id": "785dd96b98cc4b50b182b9c254e3d41e", "name": "tempest-router-smoke-575022313", "admin_state_up": true}}
    Response - Headers: {'status': '201', 'content-length': '238', 'connection': 'close', 'date': 'Wed, 27 Jan 2016 14:20:58 GMT', 'content-type': 'application/json; charset=UTF-8', 'x-openstack-request-id': 'req-55c93055-d7ea-48f7-a15c-c6ef7d18f5f8'}
        Body: {"router": {"status": "ACTIVE", "external_gateway_info": null, "name": "tempest-router-smoke-575022313", "admin_state_up": true, "tenant_id": "785dd96b98cc4b50b182b9c254e3d41e", "routes": [], "id": "ed644fe5-5531-4f2a-a733-0425ac05dc9d"}}
2016-01-27 14:20:58,606 16417 INFO     [tempest_lib.common.rest_client] Request (TestGettingAddress:test_dhcp6_stateless_from_os): 200 GET http://10.4.1.3:9696/v2.0/routers/ed644fe5-5531-4f2a-a733-0425ac05dc9d 0.183s
2016-01-27 14:20:58,606 16417 DEBUG    [tempest_lib.common.rest_client] Request - Headers: {'Content-Type': 'application/json', 'Accept': 'application/json', 'X-Auth-Token': '&lt;omitted&gt;'}
        Body: None
    Response - Headers: {'status': '200', 'content-length': '238', 'content-location': 'http://10.4.1.3:9696/v2.0/routers/ed644fe5-5531-4f2a-a733-0425ac05dc9d', 'connection': 'close', 'date': 'Wed, 27 Jan 2016 14:20:58 GMT', 'content-type': 'application/json; charset=UTF-8', 'x-openstack-request-id': 'req-13fd49b8-caa7-401d-98c5-a608b431b125'}
        Body: {"router": {"status": "ACTIVE", "external_gateway_info": null, "name": "tempest-router-smoke-575022313", "admin_state_up": true, "tenant_id": "785dd96b98cc4b50b182b9c254e3d41e", "routes": [], "id": "ed644fe5-5531-4f2a-a733-0425ac05dc9d"}}
2016-01-27 14:20:59,477 16417 INFO     [tempest_lib.common.rest_client] Request (TestGettingAddress:test_dhcp6_stateless_from_os): 200 PUT http://10.4.1.3:9696/v2.0/routers/ed644fe5-5531-4f2a-a733-0425ac05dc9d 0.869s
2016-01-27 14:20:59,477 16417 DEBUG    [tempest_lib.common.rest_client] Request - Headers: {'Content-Type': 'application/json', 'Accept': 'application/json', 'X-Auth-Token': '&lt;omitted&gt;'}
        Body: {"router": {"external_gateway_info": {"network_id": "32756abf-922a-4933-8829-ffff9690c32f"}, "name": "tempest-router-smoke-575022313", "admin_state_up": true}}
    Response - Headers: {'status': '200', 'content-length': '500', 'connection': 'close', 'date': 'Wed, 27 Jan 2016 14:20:59 GMT', 'content-type': 'application/json; charset=UTF-8', 'x-openstack-request-id': 'req-7cb4c80f-14a5-4bb6-a04b-08facdc40d2f'}
        Body: {"router": {"status": "ACTIVE", "external_gateway_info": {"network_id": "32756abf-922a-4933-8829-ffff9690c32f", "enable_snat": true, "external_fixed_ips": [{"subnet_id": "218d5dbf-08c9-46c7-b616-77fafdf55a89", "ip_address": "172.24.4.3"}, {"subnet_id": "af06a21c-60ea-497c-aa81-94fa34811289", "ip_address": "2001:db8::4"}]}, "name": "tempest-router-smoke-575022313", "admin_state_up": true, "tenant_id": "785dd96b98cc4b50b182b9c254e3d41e", "routes": [], "id": "ed644fe5-5531-4f2a-a733-0425ac05dc9d"}}
2016-01-27 14:21:00,202 16417 INFO     [tempest_lib.common.rest_client] Request (TestGettingAddress:test_dhcp6_stateless_from_os): 200 PUT http://10.4.1.3:9696/v2.0/routers/ed644fe5-5531-4f2a-a733-0425ac05dc9d/add_router_interface 0.723s
2016-01-27 14:21:00,202 16417 DEBUG    [tempest_lib.common.rest_client] Request - Headers: {'Content-Type': 'application/json', 'Accept': 'application/json', 'X-Auth-Token': '&lt;omitted&gt;'}
        Body: {"subnet_id": "e61da0bc-cae0-4836-bfd2-b535d1f99881"}
    Response - Headers: {'status': '200', 'content-length': '309', 'connection': 'close', 'date': 'Wed, 27 Jan 2016 14:21:00 GMT', 'content-type': 'application/json; charset=UTF-8', 'x-openstack-request-id': 'req-41a9cf0a-97a1-4fa4-937f-89f45b5fd2fe'}
        Body: {"network_id": "50857602-b473-42b6-9b22-fa4eb4431483", "tenant_id": "785dd96b98cc4b50b182b9c254e3d41e", "subnet_id": "e61da0bc-cae0-4836-bfd2-b535d1f99881", "subnet_ids": ["e61da0bc-cae0-4836-bfd2-b535d1f99881"], "port_id": "5d830faf-c131-49fe-9c77-6aaa3d8d9ae7", "id": "ed644fe5-5531-4f2a-a733-0425ac05dc9d"}
2016-01-27 14:21:00,411 16417 INFO     [tempest_lib.common.rest_client] Request (TestGettingAddress:test_dhcp6_stateless_from_os): 200 GET http://10.4.1.3:9696/v2.0/subnets?tenant_id=785dd96b98cc4b50b182b9c254e3d41e&amp;cidr=2003%3A%3A%2F64 0.208s
2016-01-27 14:21:00,412 16417 DEBUG    [tempest_lib.common.rest_client] Request - Headers: {'Content-Type': 'application/json', 'Accept': 'application/json', 'X-Auth-Token': '&lt;omitted&gt;'}
        Body: None
    Response - Headers: {'status': '200', 'content-length': '15', 'content-location': 'http://10.4.1.3:9696/v2.0/subnets?tenant_id=785dd96b98cc4b50b182b9c254e3d41e&amp;cidr=2003%3A%3A%2F64', 'connection': 'close', 'date': 'Wed, 27 Jan 2016 14:21:00 GMT', 'content-type': 'application/json; charset=UTF-8', 'x-openstack-request-id': 'req-bbd8e7ef-0d4e-4744-9dc4-601a8bf15882'}
        Body: {"subnets": []}
2016-01-27 14:21:00,945 16417 INFO     [tempest_lib.common.rest_client] Request (TestGettingAddress:test_dhcp6_stateless_from_os): 201 POST http://10.4.1.3:9696/v2.0/subnets 0.532s
2016-01-27 14:21:00,945 16417 DEBUG    [tempest_lib.common.rest_client] Request - Headers: {'Content-Type': 'application/json', 'Accept': 'application/json', 'X-Auth-Token': '&lt;omitted&gt;'}
        Body: {"subnet": {"name": "tempest-sub6-1528291736", "network_id": "50857602-b473-42b6-9b22-fa4eb4431483", "tenant_id": "785dd96b98cc4b50b182b9c254e3d41e", "ipv6_ra_mode": "dhcpv6-stateless", "ip_version": 6, "ipv6_address_mode": "dhcpv6-stateless", "cidr": "2003::/64"}}
    Response - Headers: {'status': '201', 'content-length': '502', 'connection': 'close', 'date': 'Wed, 27 Jan 2016 14:21:00 GMT', 'content-type': 'application/json; charset=UTF-8', 'x-openstack-request-id': 'req-e091f664-9060-4a92-88c9-7d8a01e22ffe'}
        Body: {"subnet": {"name": "tempest-sub6-1528291736", "enable_dhcp": true, "network_id": "50857602-b473-42b6-9b22-fa4eb4431483", "tenant_id": "785dd96b98cc4b50b182b9c254e3d41e", "dns_nameservers": [], "gateway_ip": "2003::1", "ipv6_ra_mode": "dhcpv6-stateless", "allocation_pools": [{"start": "2003::2", "end": "2003::ffff:ffff:ffff:ffff"}], "host_routes": [], "ip_version": 6, "ipv6_address_mode": "dhcpv6-stateless", "cidr": "2003::/64", "id": "2df777d0-06a4-4b58-8d29-107a9f41a4df", "subnetpool_id": null}}
2016-01-27 14:21:01,755 16417 INFO     [tempest_lib.common.rest_client] Request (TestGettingAddress:test_dhcp6_stateless_from_os): 200 PUT http://10.4.1.3:9696/v2.0/routers/ed644fe5-5531-4f2a-a733-0425ac05dc9d/add_router_interface 0.809s
2016-01-27 14:21:01,755 16417 DEBUG    [tempest_lib.common.rest_client] Request - Headers: {'Content-Type': 'application/json', 'Accept': 'application/json', 'X-Auth-Token': '&lt;omitted&gt;'}
        Body: {"subnet_id": "2df777d0-06a4-4b58-8d29-107a9f41a4df"}
    Response - Headers: {'status': '200', 'content-length': '309', 'connection': 'close', 'date': 'Wed, 27 Jan 2016 14:21:01 GMT', 'content-type': 'application/json; charset=UTF-8', 'x-openstack-request-id': 'req-723086b2-ec60-4349-a9cc-c4e635e491ac'}
        Body: {"network_id": "50857602-b473-42b6-9b22-fa4eb4431483", "tenant_id": "785dd96b98cc4b50b182b9c254e3d41e", "subnet_id": "2df777d0-06a4-4b58-8d29-107a9f41a4df", "subnet_ids": ["2df777d0-06a4-4b58-8d29-107a9f41a4df"], "port_id": "6277dfdd-751d-4a02-b84c-d4e074e9194c", "id": "ed644fe5-5531-4f2a-a733-0425ac05dc9d"}
2016-01-27 14:21:01,904 16417 INFO     [tempest_lib.common.rest_client] Request (TestGettingAddress:test_dhcp6_stateless_from_os): 200 POST http://10.4.1.3:5000/v2.0/tokens
2016-01-27 14:21:01,905 16417 DEBUG    [tempest_lib.common.rest_client] Request - Headers: {'Content-Type': 'application/json', 'Accept': 'application/json'}
        Body: &lt;omitted&gt;
    Response - Headers: {'status': '200', 'content-length': '2256', 'vary': 'X-Auth-Token', 'server': 'Apache/2.4.7 (Ubuntu)', 'connection': 'close', 'date': 'Wed, 27 Jan 2016 14:21:01 GMT', 'content-type': 'application/json', 'x-openstack-request-id': 'req-8ecfa2c2-f7e8-4baa-aa60-302d7fa27de9'}
        Body: {"access": {"token": {"issued_at": "2016-01-27T14:21:01.891185", "expires": "2016-01-27T15:21:01Z", "id": "752a447888f24c368ee206ce708139bc", "tenant": {"description": "tempest-TestGettingAddress-1132440304-desc", "enabled": true, "id": "785dd96b98cc4b50b182b9c254e3d41e", "name": "tempest-TestGettingAddress-1132440304"}, "audit_ids": ["jks3rOmdRzewEJeVclVvTQ"]}, "serviceCatalog": [{"endpoints": [{"adminURL": "http://10.4.1.3:9292", "region": "RegionOne", "internalURL": "http://10.4.1.3:9292", "id": "451f1e30f28940e9a489b3720b5453f9", "publicURL": "http://10.4.1.3:9292"}], "endpoints_links": [], "type": "image", "name": "glance"}, {"endpoints": [{"adminURL": "http://10.4.1.3:8774/v2.1/785dd96b98cc4b50b182b9c254e3d41e", "region": "RegionOne", "internalURL": "http://10.4.1.3:8774/v2.1/785dd96b98cc4b50b182b9c254e3d41e", "id": "167cfaadd1244b06bf1c737dbb178bf8", "publicURL": "http://10.4.1.3:8774/v2.1/785dd96b98cc4b50b182b9c254e3d41e"}], "endpoints_links": [], "type": "compute", "name": "nova"}, {"endpoints": [{"adminURL": "http://10.4.1.3:8774/v2/785dd96b98cc4b50b182b9c254e3d41e", "region": "RegionOne", "internalURL": "http://10.4.1.3:8774/v2/785dd96b98cc4b50b182b9c254e3d41e", "id": "2c8a19309ff041b6bcde3ef8c5160912", "publicURL": "http://10.4.1.3:8774/v2/785dd96b98cc4b50b182b9c254e3d41e"}], "endpoints_links": [], "type": "compute_legacy", "name": "nova_legacy"}, {"endpoints": [{"adminURL": "http://10.4.1.3:35357/v2.0", "region": "RegionOne", "internalURL": "http://10.4.1.3:5000/v2.0", "id": "7e03c2d144b2468e814eaadf536902bb", "publicURL": "http://10.4.1.3:5000/v2.0"}], "endpoints_links": [], "type": "identity", "name": "keystone"}, {"endpoints": [{"adminURL": "http://10.4.1.3:9696/", "region": "RegionOne", "internalURL": "http://10.4.1.3:9696/", "id": "39c47b73a58e49fdb55418c9b5adb4fd", "publicURL": "http://10.4.1.3:9696/"}], "endpoints_links": [], "type": "network", "name": "neutron"}], "user": {"username": "tempest-TestGettingAddress-1661142454", "roles_links": [], "id": "35ca39e6c9754122ab25b19ace09b051", "roles": [{"name": "Member"}, {"name": "_member_"}], "name": "tempest-TestGettingAddress-1661142454"}, "metadata": {"is_admin": 0, "roles": ["469ebc21d6ac421f8baf426eda1c0971", "9fe2ff9ee4384b1894a90878d3e92bab"]}}}
2016-01-27 14:21:01,912 16417 DEBUG    [tempest.common.fixed_network] (TestGettingAddress:test_dhcp6_stateless_from_os) No valid network provided or created, defaulting to fixed_network_name
2016-01-27 14:21:02,257 16417 INFO     [tempest_lib.common.rest_client] Request (TestGettingAddress:test_dhcp6_stateless_from_os): 200 GET http://10.4.1.3:8774/v2.1/785dd96b98cc4b50b182b9c254e3d41e/os-networks 0.344s
2016-01-27 14:21:02,257 16417 DEBUG    [tempest_lib.common.rest_client] Request - Headers: {'Content-Type': 'application/json', 'Accept': 'application/json', 'X-Auth-Token': '&lt;omitted&gt;'}
        Body: None
    Response - Headers: {'status': '200', 'content-length': '479', 'content-location': 'http://10.4.1.3:8774/v2.1/785dd96b98cc4b50b182b9c254e3d41e/os-networks', 'x-compute-request-id': 'req-a81dbeee-f717-45b5-9780-95d188e7f9ad', 'vary': 'X-OpenStack-Nova-API-Version', 'connection': 'close', 'x-openstack-nova-api-version': '2.1', 'date': 'Wed, 27 Jan 2016 14:21:02 GMT', 'content-type': 'application/json'}
        Body: {"networks": [{"cidr_v6": null, "dns2": null, "dns1": null, "gateway": null, "broadcast": null, "netmask": null, "gateway_v6": null, "cidr": null, "label": "tempest-network-smoke--1289723103", "id": "50857602-b473-42b6-9b22-fa4eb4431483", "netmask_v6": null}, {"cidr_v6": null, "dns2": null, "dns1": null, "gateway": null, "broadcast": null, "netmask": null, "gateway_v6": null, "cidr": null, "label": "public", "id": "32756abf-922a-4933-8829-ffff9690c32f", "netmask_v6": null}]}
2016-01-27 14:21:02,258 16417 WARNING  [tempest.common.fixed_network] (TestGettingAddress:test_dhcp6_stateless_from_os) Network with name: private not found
2016-01-27 14:21:02,258 16417 INFO     [tempest.common.fixed_network] (TestGettingAddress:test_dhcp6_stateless_from_os) Found network {} available for tenant
2016-01-27 14:21:05,079 16417 INFO     [tempest_lib.common.rest_client] Request (TestGettingAddress:test_dhcp6_stateless_from_os): 202 POST http://10.4.1.3:8774/v2.1/785dd96b98cc4b50b182b9c254e3d41e/servers 2.820s
2016-01-27 14:21:05,080 16417 DEBUG    [tempest_lib.common.rest_client] Request - Headers: {'Content-Type': 'application/json', 'Accept': 'application/json', 'X-Auth-Token': '&lt;omitted&gt;'}
        Body: {"server": {"name": "tempest.common.compute-instance-799560954", "imageRef": "ca75194e-4fc9-4998-8725-23c21c8552ff", "key_name": "tempest-TestGettingAddress-2057196912", "flavorRef": "42", "networks": [{"uuid": "50857602-b473-42b6-9b22-fa4eb4431483"}], "security_groups": [{"name": "tempest-secgroup-smoke-1079623976"}]}}
    Response - Headers: {'status': '202', 'content-length': '460', 'x-compute-request-id': 'req-ac1ee309-bc5b-4dbc-95d1-8a2d338c22ee', 'vary': 'X-OpenStack-Nova-API-Version', 'connection': 'close', 'location': 'http://10.4.1.3:8774/v2.1/785dd96b98cc4b50b182b9c254e3d41e/servers/8603df7a-3756-426f-a94d-61be675d65bf', 'x-openstack-nova-api-version': '2.1', 'date': 'Wed, 27 Jan 2016 14:21:05 GMT', 'content-type': 'application/json'}
        Body: {"server": {"security_groups": [{"name": "tempest-secgroup-smoke-1079623976"}], "OS-DCF:diskConfig": "MANUAL", "id": "8603df7a-3756-426f-a94d-61be675d65bf", "links": [{"href": "http://10.4.1.3:8774/v2.1/785dd96b98cc4b50b182b9c254e3d41e/servers/8603df7a-3756-426f-a94d-61be675d65bf", "rel": "self"}, {"href": "http://10.4.1.3:8774/785dd96b98cc4b50b182b9c254e3d41e/servers/8603df7a-3756-426f-a94d-61be675d65bf", "rel": "bookmark"}], "adminPass": "TDy7g7UN4Bde"}}
2016-01-27 14:21:05,518 16417 INFO     [tempest_lib.common.rest_client] Request (TestGettingAddress:test_dhcp6_stateless_from_os): 200 GET http://10.4.1.3:8774/v2.1/785dd96b98cc4b50b182b9c254e3d41e/servers/8603df7a-3756-426f-a94d-61be675d65bf 0.435s
2016-01-27 14:21:05,519 16417 DEBUG    [tempest_lib.common.rest_client] Request - Headers: {'Content-Type': 'application/json', 'Accept': 'application/json', 'X-Auth-Token': '&lt;omitted&gt;'}
        Body: None
    Response - Headers: {'status': '200', 'content-length': '1350', 'content-location': 'http://10.4.1.3:8774/v2.1/785dd96b98cc4b50b182b9c254e3d41e/servers/8603df7a-3756-426f-a94d-61be675d65bf', 'x-compute-request-id': 'req-6d0c34c3-aae1-4852-9885-827223849c4b', 'vary': 'X-OpenStack-Nova-API-Version', 'connection': 'close', 'x-openstack-nova-api-version': '2.1', 'date': 'Wed, 27 Jan 2016 14:21:05 GMT', 'content-type': 'application/json'}
        Body: {"server": {"status": "BUILD", "updated": "2016-01-27T14:21:05Z", "hostId": "", "addresses": {}, "links": [{"href": "http://10.4.1.3:8774/v2.1/785dd96b98cc4b50b182b9c254e3d41e/servers/8603df7a-3756-426f-a94d-61be675d65bf", "rel": "self"}, {"href": "http://10.4.1.3:8774/785dd96b98cc4b50b182b9c254e3d41e/servers/8603df7a-3756-426f-a94d-61be675d65bf", "rel": "bookmark"}], "key_name": "tempest-TestGettingAddress-2057196912", "image": {"id": "ca75194e-4fc9-4998-8725-23c21c8552ff", "links": [{"href": "http://10.4.1.3:8774/785dd96b98cc4b50b182b9c254e3d41e/images/ca75194e-4fc9-4998-8725-23c21c8552ff", "rel": "bookmark"}]}, "OS-EXT-STS:task_state": "scheduling", "OS-EXT-STS:vm_state": "building", "OS-SRV-USG:launched_at": null, "flavor": {"id": "42", "links": [{"href": "http://10.4.1.3:8774/785dd96b98cc4b50b182b9c254e3d41e/flavors/42", "rel": "bookmark"}]}, "id": "8603df7a-3756-426f-a94d-61be675d65bf", "OS-SRV-USG:terminated_at": null, "OS-EXT-AZ:availability_zone": "", "user_id": "35ca39e6c9754122ab25b19ace09b051", "name": "tempest.common.compute-instance-799560954", "created": "2016-01-27T14:21:04Z", "tenant_id": "785dd96b98cc4b50b182b9c254e3d41e", "OS-DCF:diskConfig": "MANUAL", "os-extended-volumes:volumes_attached": [], "accessIPv4": "", "accessIPv6": "", "progress": 0, "OS-EXT-STS:power_state": 0, "config_drive": "", "metadata": {}}}
2016-01-27 14:21:07,420 16417 INFO     [tempest_lib.common.rest_client] Request (TestGettingAddress:test_dhcp6_stateless_from_os): 200 GET http://10.4.1.3:8774/v2.1/785dd96b98cc4b50b182b9c254e3d41e/servers/8603df7a-3756-426f-a94d-61be675d65bf 0.892s
2016-01-27 14:21:07,421 16417 DEBUG    [tempest_lib.common.rest_client] Request - Headers: {'Content-Type': 'application/json', 'Accept': 'application/json', 'X-Auth-Token': '&lt;omitted&gt;'}
        Body: None
    Response - Headers: {'status': '200', 'content-length': '1476', 'content-location': 'http://10.4.1.3:8774/v2.1/785dd96b98cc4b50b182b9c254e3d41e/servers/8603df7a-3756-426f-a94d-61be675d65bf', 'x-compute-request-id': 'req-dc338c7f-790c-4ea5-a108-027b02cb71c8', 'vary': 'X-OpenStack-Nova-API-Version', 'connection': 'close', 'x-openstack-nova-api-version': '2.1', 'date': 'Wed, 27 Jan 2016 14:21:07 GMT', 'content-type': 'application/json'}
        Body: {"server": {"status": "BUILD", "updated": "2016-01-27T14:21:05Z", "hostId": "61d9e3527f245c7f247a643aaae1b2db7ff15ec6fe9671d381aee3e6", "addresses": {}, "links": [{"href": "http://10.4.1.3:8774/v2.1/785dd96b98cc4b50b182b9c254e3d41e/servers/8603df7a-3756-426f-a94d-61be675d65bf", "rel": "self"}, {"href": "http://10.4.1.3:8774/785dd96b98cc4b50b182b9c254e3d41e/servers/8603df7a-3756-426f-a94d-61be675d65bf", "rel": "bookmark"}], "key_name": "tempest-TestGettingAddress-2057196912", "image": {"id": "ca75194e-4fc9-4998-8725-23c21c8552ff", "links": [{"href": "http://10.4.1.3:8774/785dd96b98cc4b50b182b9c254e3d41e/images/ca75194e-4fc9-4998-8725-23c21c8552ff", "rel": "bookmark"}]}, "OS-EXT-STS:task_state": "spawning", "OS-EXT-STS:vm_state": "building", "OS-SRV-USG:launched_at": null, "flavor": {"id": "42", "links": [{"href": "http://10.4.1.3:8774/785dd96b98cc4b50b182b9c254e3d41e/flavors/42", "rel": "bookmark"}]}, "id": "8603df7a-3756-426f-a94d-61be675d65bf", "security_groups": [{"name": "tempest-secgroup-smoke-1079623976"}], "OS-SRV-USG:terminated_at": null, "OS-EXT-AZ:availability_zone": "nova", "user_id": "35ca39e6c9754122ab25b19ace09b051", "name": "tempest.common.compute-instance-799560954", "created": "2016-01-27T14:21:04Z", "tenant_id": "785dd96b98cc4b50b182b9c254e3d41e", "OS-DCF:diskConfig": "MANUAL", "os-extended-volumes:volumes_attached": [], "accessIPv4": "", "accessIPv6": "", "progress": 0, "OS-EXT-STS:power_state": 0, "config_drive": "", "metadata": {}}}
2016-01-27 14:21:07,430 16417 INFO     [tempest.common.waiters] State transition "BUILD/scheduling" ==&gt; "BUILD/spawning" after 2 second wait
2016-01-27 14:21:09,058 16417 INFO     [tempest_lib.common.rest_client] Request (TestGettingAddress:test_dhcp6_stateless_from_os): 200 GET http://10.4.1.3:8774/v2.1/785dd96b98cc4b50b182b9c254e3d41e/servers/8603df7a-3756-426f-a94d-61be675d65bf 0.627s
2016-01-27 14:21:09,059 16417 DEBUG    [tempest_lib.common.rest_client] Request - Headers: {'Content-Type': 'application/json', 'Accept': 'application/json', 'X-Auth-Token': '&lt;omitted&gt;'}
        Body: None
    Response - Headers: {'status': '200', 'content-length': '1476', 'content-location': 'http://10.4.1.3:8774/v2.1/785dd96b98cc4b50b182b9c254e3d41e/servers/8603df7a-3756-426f-a94d-61be675d65bf', 'x-compute-request-id': 'req-0518981f-15aa-4f25-88f1-97308e0b1bfb', 'vary': 'X-OpenStack-Nova-API-Version', 'connection': 'close', 'x-openstack-nova-api-version': '2.1', 'date': 'Wed, 27 Jan 2016 14:21:09 GMT', 'content-type': 'application/json'}
        Body: {"server": {"status": "BUILD", "updated": "2016-01-27T14:21:05Z", "hostId": "61d9e3527f245c7f247a643aaae1b2db7ff15ec6fe9671d381aee3e6", "addresses": {}, "links": [{"href": "http://10.4.1.3:8774/v2.1/785dd96b98cc4b50b182b9c254e3d41e/servers/8603df7a-3756-426f-a94d-61be675d65bf", "rel": "self"}, {"href": "http://10.4.1.3:8774/785dd96b98cc4b50b182b9c254e3d41e/servers/8603df7a-3756-426f-a94d-61be675d65bf", "rel": "bookmark"}], "key_name": "tempest-TestGettingAddress-2057196912", "image": {"id": "ca75194e-4fc9-4998-8725-23c21c8552ff", "links": [{"href": "http://10.4.1.3:8774/785dd96b98cc4b50b182b9c254e3d41e/images/ca75194e-4fc9-4998-8725-23c21c8552ff", "rel": "bookmark"}]}, "OS-EXT-STS:task_state": "spawning", "OS-EXT-STS:vm_state": "building", "OS-SRV-USG:launched_at": null, "flavor": {"id": "42", "links": [{"href": "http://10.4.1.3:8774/785dd96b98cc4b50b182b9c254e3d41e/flavors/42", "rel": "bookmark"}]}, "id": "8603df7a-3756-426f-a94d-61be675d65bf", "security_groups": [{"name": "tempest-secgroup-smoke-1079623976"}], "OS-SRV-USG:terminated_at": null, "OS-EXT-AZ:availability_zone": "nova", "user_id": "35ca39e6c9754122ab25b19ace09b051", "name": "tempest.common.compute-instance-799560954", "created": "2016-01-27T14:21:04Z", "tenant_id": "785dd96b98cc4b50b182b9c254e3d41e", "OS-DCF:diskConfig": "MANUAL", "os-extended-volumes:volumes_attached": [], "accessIPv4": "", "accessIPv6": "", "progress": 0, "OS-EXT-STS:power_state": 0, "config_drive": "", "metadata": {}}}
2016-01-27 14:21:10,637 16417 INFO     [tempest_lib.common.rest_client] Request (TestGettingAddress:test_dhcp6_stateless_from_os): 200 GET http://10.4.1.3:8774/v2.1/785dd96b98cc4b50b182b9c254e3d41e/servers/8603df7a-3756-426f-a94d-61be675d65bf 0.569s
2016-01-27 14:21:10,638 16417 DEBUG    [tempest_lib.common.rest_client] Request - Headers: {'Content-Type': 'application/json', 'Accept': 'application/json', 'X-Auth-Token': '&lt;omitted&gt;'}
        Body: None
    Response - Headers: {'status': '200', 'content-length': '1777', 'content-location': 'http://10.4.1.3:8774/v2.1/785dd96b98cc4b50b182b9c254e3d41e/servers/8603df7a-3756-426f-a94d-61be675d65bf', 'x-compute-request-id': 'req-c983f951-2cb1-43b1-a4c9-0ef49e150d0c', 'vary': 'X-OpenStack-Nova-API-Version', 'connection': 'close', 'x-openstack-nova-api-version': '2.1', 'date': 'Wed, 27 Jan 2016 14:21:10 GMT', 'content-type': 'application/json'}
        Body: {"server": {"status": "ACTIVE", "updated": "2016-01-27T14:21:09Z", "hostId": "61d9e3527f245c7f247a643aaae1b2db7ff15ec6fe9671d381aee3e6", "addresses": {"tempest-network-smoke--1289723103": [{"OS-EXT-IPS-MAC:mac_addr": "fa:16:3e:64:36:3c", "version": 4, "addr": "10.100.0.3", "OS-EXT-IPS:type": "fixed"}, {"OS-EXT-IPS-MAC:mac_addr": "fa:16:3e:64:36:3c", "version": 6, "addr": "2003::f816:3eff:fe64:363c", "OS-EXT-IPS:type": "fixed"}]}, "links": [{"href": "http://10.4.1.3:8774/v2.1/785dd96b98cc4b50b182b9c254e3d41e/servers/8603df7a-3756-426f-a94d-61be675d65bf", "rel": "self"}, {"href": "http://10.4.1.3:8774/785dd96b98cc4b50b182b9c254e3d41e/servers/8603df7a-3756-426f-a94d-61be675d65bf", "rel": "bookmark"}], "key_name": "tempest-TestGettingAddress-2057196912", "image": {"id": "ca75194e-4fc9-4998-8725-23c21c8552ff", "links": [{"href": "http://10.4.1.3:8774/785dd96b98cc4b50b182b9c254e3d41e/images/ca75194e-4fc9-4998-8725-23c21c8552ff", "rel": "bookmark"}]}, "OS-EXT-STS:task_state": null, "OS-EXT-STS:vm_state": "active", "OS-SRV-USG:launched_at": "2016-01-27T14:21:09.000000", "flavor": {"id": "42", "links": [{"href": "http://10.4.1.3:8774/785dd96b98cc4b50b182b9c254e3d41e/flavors/42", "rel": "bookmark"}]}, "id": "8603df7a-3756-426f-a94d-61be675d65bf", "security_groups": [{"name": "tempest-secgroup-smoke-1079623976"}], "OS-SRV-USG:terminated_at": null, "OS-EXT-AZ:availability_zone": "nova", "user_id": "35ca39e6c9754122ab25b19ace09b051", "name": "tempest.common.compute-instance-799560954", "created": "2016-01-27T14:21:04Z", "tenant_id": "785dd96b98cc4b50b182b9c254e3d41e", "OS-DCF:diskConfig": "MANUAL", "os-extended-volumes:volumes_attached": [], "accessIPv4": "", "accessIPv6": "", "progress": 0, "OS-EXT-STS:power_state": 1, "config_drive": "True", "metadata": {}}}
2016-01-27 14:21:10,648 16417 INFO     [tempest.common.waiters] State transition "BUILD/spawning" ==&gt; "ACTIVE/None" after 5 second wait
2016-01-27 14:21:11,295 16417 INFO     [tempest_lib.common.rest_client] Request (TestGettingAddress:test_dhcp6_stateless_from_os): 200 GET http://10.4.1.3:8774/v2.1/785dd96b98cc4b50b182b9c254e3d41e/servers/8603df7a-3756-426f-a94d-61be675d65bf 0.645s
2016-01-27 14:21:11,295 16417 DEBUG    [tempest_lib.common.rest_client] Request - Headers: {'Content-Type': 'application/json', 'Accept': 'application/json', 'X-Auth-Token': '&lt;omitted&gt;'}
        Body: None
    Response - Headers: {'status': '200', 'content-length': '1777', 'content-location': 'http://10.4.1.3:8774/v2.1/785dd96b98cc4b50b182b9c254e3d41e/servers/8603df7a-3756-426f-a94d-61be675d65bf', 'x-compute-request-id': 'req-0cbc6dc8-807f-4195-bba0-5107cc39f830', 'vary': 'X-OpenStack-Nova-API-Version', 'connection': 'close', 'x-openstack-nova-api-version': '2.1', 'date': 'Wed, 27 Jan 2016 14:21:11 GMT', 'content-type': 'application/json'}
        Body: {"server": {"status": "ACTIVE", "updated": "2016-01-27T14:21:09Z", "hostId": "61d9e3527f245c7f247a643aaae1b2db7ff15ec6fe9671d381aee3e6", "addresses": {"tempest-network-smoke--1289723103": [{"OS-EXT-IPS-MAC:mac_addr": "fa:16:3e:64:36:3c", "version": 4, "addr": "10.100.0.3", "OS-EXT-IPS:type": "fixed"}, {"OS-EXT-IPS-MAC:mac_addr": "fa:16:3e:64:36:3c", "version": 6, "addr": "2003::f816:3eff:fe64:363c", "OS-EXT-IPS:type": "fixed"}]}, "links": [{"href": "http://10.4.1.3:8774/v2.1/785dd96b98cc4b50b182b9c254e3d41e/servers/8603df7a-3756-426f-a94d-61be675d65bf", "rel": "self"}, {"href": "http://10.4.1.3:8774/785dd96b98cc4b50b182b9c254e3d41e/servers/8603df7a-3756-426f-a94d-61be675d65bf", "rel": "bookmark"}], "key_name": "tempest-TestGettingAddress-2057196912", "image": {"id": "ca75194e-4fc9-4998-8725-23c21c8552ff", "links": [{"href": "http://10.4.1.3:8774/785dd96b98cc4b50b182b9c254e3d41e/images/ca75194e-4fc9-4998-8725-23c21c8552ff", "rel": "bookmark"}]}, "OS-EXT-STS:task_state": null, "OS-EXT-STS:vm_state": "active", "OS-SRV-USG:launched_at": "2016-01-27T14:21:09.000000", "flavor": {"id": "42", "links": [{"href": "http://10.4.1.3:8774/785dd96b98cc4b50b182b9c254e3d41e/flavors/42", "rel": "bookmark"}]}, "id": "8603df7a-3756-426f-a94d-61be675d65bf", "security_groups": [{"name": "tempest-secgroup-smoke-1079623976"}], "OS-SRV-USG:terminated_at": null, "OS-EXT-AZ:availability_zone": "nova", "user_id": "35ca39e6c9754122ab25b19ace09b051", "name": "tempest.common.compute-instance-799560954", "created": "2016-01-27T14:21:04Z", "tenant_id": "785dd96b98cc4b50b182b9c254e3d41e", "OS-DCF:diskConfig": "MANUAL", "os-extended-volumes:volumes_attached": [], "accessIPv4": "", "accessIPv6": "", "progress": 0, "OS-EXT-STS:power_state": 1, "config_drive": "True", "metadata": {}}}
2016-01-27 14:21:11,507 16417 INFO     [tempest_lib.common.rest_client] Request (TestGettingAddress:test_dhcp6_stateless_from_os): 200 GET http://10.4.1.3:9696/v2.0/ports?status=ACTIVE&amp;fixed_ip=None&amp;device_id=8603df7a-3756-426f-a94d-61be675d65bf 0.196s
2016-01-27 14:21:11,508 16417 DEBUG    [tempest_lib.common.rest_client] Request - Headers: {'Content-Type': 'application/json', 'Accept': 'application/json', 'X-Auth-Token': '&lt;omitted&gt;'}
        Body: None
    Response - Headers: {'status': '200', 'content-length': '1142', 'content-location': 'http://10.4.1.3:9696/v2.0/ports?status=ACTIVE&amp;fixed_ip=None&amp;device_id=8603df7a-3756-426f-a94d-61be675d65bf', 'connection': 'close', 'date': 'Wed, 27 Jan 2016 14:21:11 GMT', 'content-type': 'application/json; charset=UTF-8', 'x-openstack-request-id': 'req-ce702a66-e826-4d1a-98d6-9dd232e80761'}
        Body: {"ports": [{"status": "ACTIVE", "binding:host_id": "vagrant-ubuntu-trusty-64", "allowed_address_pairs": [], "extra_dhcp_opts": [], "dns_assignment": [{"hostname": "host-10-100-0-3", "ip_address": "10.100.0.3", "fqdn": "host-10-100-0-3.openstacklocal."}, {"hostname": "host-2003--f816-3eff-fe64-363c", "ip_address": "2003::f816:3eff:fe64:363c", "fqdn": "host-2003--f816-3eff-fe64-363c.openstacklocal."}], "device_owner": "compute:None", "port_security_enabled": true, "binding:profile": {}, "fixed_ips": [{"subnet_id": "e61da0bc-cae0-4836-bfd2-b535d1f99881", "ip_address": "10.100.0.3"}, {"subnet_id": "2df777d0-06a4-4b58-8d29-107a9f41a4df", "ip_address": "2003::f816:3eff:fe64:363c"}], "id": "e74ed253-679c-4a7b-a476-cd8db6cfbadb", "security_groups": ["926a8093-7818-4719-839e-1f12cc022eb4"], "device_id": "8603df7a-3756-426f-a94d-61be675d65bf", "name": "", "admin_state_up": true, "network_id": "50857602-b473-42b6-9b22-fa4eb4431483", "dns_name": "", "binding:vif_details": {"port_filter": true}, "binding:vnic_type": "normal", "binding:vif_type": "ovs", "tenant_id": "785dd96b98cc4b50b182b9c254e3d41e", "mac_address": "fa:16:3e:64:36:3c"}]}
2016-01-27 14:21:12,219 16417 INFO     [tempest_lib.common.rest_client] Request (TestGettingAddress:test_dhcp6_stateless_from_os): 201 POST http://10.4.1.3:9696/v2.0/floatingips 0.710s
2016-01-27 14:21:12,219 16417 DEBUG    [tempest_lib.common.rest_client] Request - Headers: {'Content-Type': 'application/json', 'Accept': 'application/json', 'X-Auth-Token': '&lt;omitted&gt;'}
        Body: {"floatingip": {"floating_network_id": "32756abf-922a-4933-8829-ffff9690c32f", "tenant_id": "785dd96b98cc4b50b182b9c254e3d41e", "fixed_ip_address": "10.100.0.3", "port_id": "e74ed253-679c-4a7b-a476-cd8db6cfbadb"}}
    Response - Headers: {'status': '201', 'content-length': '369', 'connection': 'close', 'date': 'Wed, 27 Jan 2016 14:21:12 GMT', 'content-type': 'application/json; charset=UTF-8', 'x-openstack-request-id': 'req-53483b35-0ae8-4f19-b5f9-4d942e7fe36f'}
        Body: {"floatingip": {"floating_network_id": "32756abf-922a-4933-8829-ffff9690c32f", "router_id": "ed644fe5-5531-4f2a-a733-0425ac05dc9d", "fixed_ip_address": "10.100.0.3", "floating_ip_address": "172.24.4.4", "tenant_id": "785dd96b98cc4b50b182b9c254e3d41e", "status": "ACTIVE", "port_id": "e74ed253-679c-4a7b-a476-cd8db6cfbadb", "id": "51ae802c-e602-4509-87b8-dffa09141a72"}}
2016-01-27 14:21:12,220 16417 INFO     [tempest_lib.common.ssh] Creating ssh connection to '172.24.4.4' as 'cirros' with public key authentication
2016-01-27 14:22:12,282 16417 WARNING  [tempest_lib.common.ssh] Failed to establish authenticated ssh connection to cirros@172.24.4.4 (timed out). Number attempts: 1. Retry after 2 seconds.
2016-01-27 14:23:14,828 16417 WARNING  [tempest_lib.common.ssh] Failed to establish authenticated ssh connection to cirros@172.24.4.4 (timed out). Number attempts: 2. Retry after 3 seconds.
2016-01-27 14:24:18,389 16417 WARNING  [tempest_lib.common.ssh] Failed to establish authenticated ssh connection to cirros@172.24.4.4 (timed out). Number attempts: 3. Retry after 4 seconds.
2016-01-27 14:25:22,955 16417 ERROR    [tempest_lib.common.ssh] Failed to establish authenticated ssh connection to cirros@172.24.4.4 after 3 attempts
2016-01-27 14:25:22.955 16417 ERROR tempest_lib.common.ssh Traceback (most recent call last):
2016-01-27 14:25:22.955 16417 ERROR tempest_lib.common.ssh   File "/usr/local/lib/python2.7/dist-packages/tempest_lib/common/ssh.py", line 75, in _get_ssh_connection
2016-01-27 14:25:22.955 16417 ERROR tempest_lib.common.ssh     timeout=self.channel_timeout, pkey=self.pkey)
2016-01-27 14:25:22.955 16417 ERROR tempest_lib.common.ssh   File "/usr/local/lib/python2.7/dist-packages/paramiko/client.py", line 292, in connect
2016-01-27 14:25:22.955 16417 ERROR tempest_lib.common.ssh     retry_on_signal(lambda: sock.connect(addr))
2016-01-27 14:25:22.955 16417 ERROR tempest_lib.common.ssh   File "/usr/local/lib/python2.7/dist-packages/paramiko/util.py", line 270, in retry_on_signal
2016-01-27 14:25:22.955 16417 ERROR tempest_lib.common.ssh     return function()
2016-01-27 14:25:22.955 16417 ERROR tempest_lib.common.ssh   File "/usr/local/lib/python2.7/dist-packages/paramiko/client.py", line 292, in &lt;lambda&gt;
2016-01-27 14:25:22.955 16417 ERROR tempest_lib.common.ssh     retry_on_signal(lambda: sock.connect(addr))
2016-01-27 14:25:22.955 16417 ERROR tempest_lib.common.ssh   File "/usr/lib/python2.7/socket.py", line 224, in meth
2016-01-27 14:25:22.955 16417 ERROR tempest_lib.common.ssh     return getattr(self._sock,name)(*args)
2016-01-27 14:25:22.955 16417 ERROR tempest_lib.common.ssh timeout: timed out
2016-01-27 14:25:22.955 16417 ERROR tempest_lib.common.ssh 
2016-01-27 14:25:22,958 16417 ERROR    [tempest.scenario.manager] (TestGettingAddress:test_dhcp6_stateless_from_os) Initializing SSH connection to 172.24.4.4 failed. Error: Connection to the 172.24.4.4 via SSH timed out.
User: cirros, Password: None
2016-01-27 14:25:22.958 16417 ERROR tempest.scenario.manager Traceback (most recent call last):
2016-01-27 14:25:22.958 16417 ERROR tempest.scenario.manager   File "tempest/scenario/manager.py", line 390, in get_remote_client
2016-01-27 14:25:22.958 16417 ERROR tempest.scenario.manager     linux_client.validate_authentication()
2016-01-27 14:25:22.958 16417 ERROR tempest.scenario.manager   File "tempest/common/utils/linux/remote_client.py", line 63, in validate_authentication
2016-01-27 14:25:22.958 16417 ERROR tempest.scenario.manager     self.ssh_client.test_connection_auth()
2016-01-27 14:25:22.958 16417 ERROR tempest.scenario.manager   File "/usr/local/lib/python2.7/dist-packages/tempest_lib/common/ssh.py", line 172, in test_connection_auth
2016-01-27 14:25:22.958 16417 ERROR tempest.scenario.manager     connection = self._get_ssh_connection()
2016-01-27 14:25:22.958 16417 ERROR tempest.scenario.manager   File "/usr/local/lib/python2.7/dist-packages/tempest_lib/common/ssh.py", line 87, in _get_ssh_connection
2016-01-27 14:25:22.958 16417 ERROR tempest.scenario.manager     password=self.password)
2016-01-27 14:25:22.958 16417 ERROR tempest.scenario.manager SSHTimeout: Connection to the 172.24.4.4 via SSH timed out.
2016-01-27 14:25:22.958 16417 ERROR tempest.scenario.manager User: cirros, Password: None
2016-01-27 14:25:22.958 16417 ERROR tempest.scenario.manager 
2016-01-27 14:25:23,222 16417 INFO     [tempest_lib.common.rest_client] Request (TestGettingAddress:test_dhcp6_stateless_from_os): 200 GET http://10.4.1.3:8774/v2.1/785dd96b98cc4b50b182b9c254e3d41e/servers 0.262s
2016-01-27 14:25:23,223 16417 DEBUG    [tempest_lib.common.rest_client] Request - Headers: {'Content-Type': 'application/json', 'Accept': 'application/json', 'X-Auth-Token': '&lt;omitted&gt;'}
        Body: None
    Response - Headers: {'status': '200', 'content-length': '388', 'content-location': 'http://10.4.1.3:8774/v2.1/785dd96b98cc4b50b182b9c254e3d41e/servers', 'x-compute-request-id': 'req-256e7f5c-b84e-4480-9f98-ce42e2a8c1a0', 'vary': 'X-OpenStack-Nova-API-Version', 'connection': 'close', 'x-openstack-nova-api-version': '2.1', 'date': 'Wed, 27 Jan 2016 14:25:23 GMT', 'content-type': 'application/json'}
        Body: {"servers": [{"id": "8603df7a-3756-426f-a94d-61be675d65bf", "links": [{"href": "http://10.4.1.3:8774/v2.1/785dd96b98cc4b50b182b9c254e3d41e/servers/8603df7a-3756-426f-a94d-61be675d65bf", "rel": "self"}, {"href": "http://10.4.1.3:8774/785dd96b98cc4b50b182b9c254e3d41e/servers/8603df7a-3756-426f-a94d-61be675d65bf", "rel": "bookmark"}], "name": "tempest.common.compute-instance-799560954"}]}
2016-01-27 14:25:23,612 16417 INFO     [tempest_lib.common.rest_client] Request (TestGettingAddress:test_dhcp6_stateless_from_os): 200 POST http://10.4.1.3:8774/v2.1/785dd96b98cc4b50b182b9c254e3d41e/servers/8603df7a-3756-426f-a94d-61be675d65bf/action 0.383s
2016-01-27 14:25:23,612 16417 DEBUG    [tempest_lib.common.rest_client] Request - Headers: {'Content-Type': 'application/json', 'Accept': 'application/json', 'X-Auth-Token': '&lt;omitted&gt;'}
        Body: {"os-getConsoleOutput": {}}
    Response - Headers: {'status': '200', 'content-length': '24722', 'x-compute-request-id': 'req-50a46874-e6f9-429f-9afa-2f949595aa41', 'vary': 'X-OpenStack-Nova-API-Version', 'connection': 'close', 'x-openstack-nova-api-version': '2.1', 'date': 'Wed, 27 Jan 2016 14:25:23 GMT', 'content-type': 'application/json'}
        Body: {"output": "[    0.000000] Initializing cgroup subsys cpuset\n[    0.000000] Initializing cgroup subsys cpu\n[    0.000000] Linux version 3.2.0-80-virtual (buildd@batsu) (gcc version 4.6.3 (Ubuntu/Linaro 4.6.3-1ubuntu5) ) #116-Ubuntu SMP Mon Mar 23 17:28:52 UTC 2015 (Ubuntu 3.2.0-80.116-virtual 3.2.68)\n[    0.000000] Command line: root=/dev/vda console=tty0 console=ttyS0 no_timer_check\n[    0.000000] KERNEL supported cpus:\n[    0.000000]   Intel GenuineIntel\n[    0.000000]   AMD AuthenticAMD\n[    0.000000]   Centaur CentaurHauls\n[    0.000000] BIOS-provided physical RAM map:\n[    0.000000]  BIOS-e820: 0000000000000000 - 000000000009fc00 (usable)\n[    0.000000]  BIOS-e820: 000000000009fc00 - 00000000000a0000 (reserved)\n[    0.000000]  BIOS-e820: 00000000000f0000 - 0000000000100000 (reserved)\n[    0.000000]  BIOS-e820: 0000000000100000 - 0000000003ffe000 (usable)\n[    0.000000]  BIOS-e820: 0000000003ffe000 - 0000000004000000 (reserved)\n[    0.000000]  BIOS-e820: 00000000fffc0000 - 0000000100000000 (reserved)\n[    0.000000] NX (Execute Disable) protection: active\n[    0.000000] SMBIOS 2.4 present.\n[    0.000000] No AGP bridge found\n[    0.000000] last_pfn = 0x3ffe max_arch_pfn = 0x400000000\n[    0.000000] x86 PAT enabled: cpu 0, old 0x7040600070406, new 0x7010600070106\n[    0.000000] found SMP MP-table at [ffff8800000f0b00] f0b00\n[    0.000000] init_memory_mapping: 0000000000000000-0000000003ffe000\n[    0.000000] RAMDISK: 03c5e000 - 03ff0000\n[    0.000000] ACPI: RSDP 00000000000f0950 00014 (v00 BOCHS )\n[    0.000000] ACPI: RSDT 0000000003fffbc1 00034 (v01 BOCHS  BXPCRSDT 00000001 BXPC 00000001)\n[    0.000000] ACPI: FACP 0000000003fff1c0 00074 (v01 BOCHS  BXPCFACP 00000001 BXPC 00000001)\n[    0.000000] ACPI: DSDT 0000000003ffe040 01180 (v01 BOCHS  BXPCDSDT 00000001 BXPC 00000001)\n[    0.000000] ACPI: FACS 0000000003ffe000 00040\n[    0.000000] ACPI: SSDT 0000000003fff234 008DD (v01 BOCHS  BXPCSSDT 00000001 BXPC 00000001)\n[    0.000000] ACPI: APIC 0000000003fffb11 00078 (v01 BOCHS  BXPCAPIC 00000001 BXPC 00000001)\n[    0.000000] ACPI: HPET 0000000003fffb89 00038 (v01 BOCHS  BXPCHPET 00000001 BXPC 00000001)\n[    0.000000] No NUMA configuration found\n[    0.000000] Faking a node at 0000000000000000-0000000003ffe000\n[    0.000000] Initmem setup node 0 0000000000000000-0000000003ffe000\n[    0.000000]   NODE_DATA [0000000003ff6000 - 0000000003ffafff]\n[    0.000000] Zone PFN ranges:\n[    0.000000]   DMA      0x00000010 -&gt; 0x00001000\n[    0.000000]   DMA32    0x00001000 -&gt; 0x00100000\n[    0.000000]   Normal   empty\n[    0.000000] Movable zone start PFN for each node\n[    0.000000] early_node_map[2] active PFN ranges\n[    0.000000]     0: 0x00000010 -&gt; 0x0000009f\n[    0.000000]     0: 0x00000100 -&gt; 0x00003ffe\n[    0.000000] ACPI: PM-Timer IO Port: 0xb008\n[    0.000000] ACPI: LAPIC (acpi_id[0x00] lapic_id[0x00] enabled)\n[    0.000000] ACPI: LAPIC_NMI (acpi_id[0xff] dfl dfl lint[0x1])\n[    0.000000] ACPI: IOAPIC (id[0x00] address[0xfec00000] gsi_base[0])\n[    0.000000] IOAPIC[0]: apic_id 0, version 17, address 0xfec00000, GSI 0-23\n[    0.000000] ACPI: INT_SRC_OVR (bus 0 bus_irq 0 global_irq 2 dfl dfl)\n[    0.000000] ACPI: INT_SRC_OVR (bus 0 bus_irq 5 global_irq 5 high level)\n[    0.000000] ACPI: INT_SRC_OVR (bus 0 bus_irq 9 global_irq 9 high level)\n[    0.000000] ACPI: INT_SRC_OVR (bus 0 bus_irq 10 global_irq 10 high level)\n[    0.000000] ACPI: INT_SRC_OVR (bus 0 bus_irq 11 global_irq 11 high level)\n[    0.000000] Using ACPI (MADT) for SMP configuration information\n[    0.000000] ACPI: HPET id: 0x8086a201 base: 0xfed00000\n[    0.000000] SMP: Allowing 1 CPUs, 0 hotplug CPUs\n[    0.000000] PM: Registered nosave memory: 000000000009f000 - 00000000000a0000\n[    0.000000] PM: Registered nosave memory: 00000000000a0000 - 00000000000f0000\n[    0.000000] PM: Registered nosave memory: 00000000000f0000 - 0000000000100000\n[    0.000000] Allocating PCI resources starting at 4000000 (gap: 4000000:fbfc0000)\n[    0.000000] Booting paravirtualized kernel on bare hardware\n[    0.000000] setup_pe
2016-01-27 14:25:23,615 16417 DEBUG    [tempest.scenario.manager] Console output for 8603df7a-3756-426f-a94d-61be675d65bf
body=
[    0.000000] Initializing cgroup subsys cpuset
[    0.000000] Initializing cgroup subsys cpu
[    0.000000] Linux version 3.2.0-80-virtual (buildd@batsu) (gcc version 4.6.3 (Ubuntu/Linaro 4.6.3-1ubuntu5) ) #116-Ubuntu SMP Mon Mar 23 17:28:52 UTC 2015 (Ubuntu 3.2.0-80.116-virtual 3.2.68)
[    0.000000] Command line: root=/dev/vda console=tty0 console=ttyS0 no_timer_check
[    0.000000] KERNEL supported cpus:
[    0.000000]   Intel GenuineIntel
[    0.000000]   AMD AuthenticAMD
[    0.000000]   Centaur CentaurHauls
[    0.000000] BIOS-provided physical RAM map:
[    0.000000]  BIOS-e820: 0000000000000000 - 000000000009fc00 (usable)
[    0.000000]  BIOS-e820: 000000000009fc00 - 00000000000a0000 (reserved)
[    0.000000]  BIOS-e820: 00000000000f0000 - 0000000000100000 (reserved)
[    0.000000]  BIOS-e820: 0000000000100000 - 0000000003ffe000 (usable)
[    0.000000]  BIOS-e820: 0000000003ffe000 - 0000000004000000 (reserved)
[    0.000000]  BIOS-e820: 00000000fffc0000 - 0000000100000000 (reserved)
[    0.000000] NX (Execute Disable) protection: active
[    0.000000] SMBIOS 2.4 present.
[    0.000000] No AGP bridge found
[    0.000000] last_pfn = 0x3ffe max_arch_pfn = 0x400000000
[    0.000000] x86 PAT enabled: cpu 0, old 0x7040600070406, new 0x7010600070106
[    0.000000] found SMP MP-table at [ffff8800000f0b00] f0b00
[    0.000000] init_memory_mapping: 0000000000000000-0000000003ffe000
[    0.000000] RAMDISK: 03c5e000 - 03ff0000
[    0.000000] ACPI: RSDP 00000000000f0950 00014 (v00 BOCHS )
[    0.000000] ACPI: RSDT 0000000003fffbc1 00034 (v01 BOCHS  BXPCRSDT 00000001 BXPC 00000001)
[    0.000000] ACPI: FACP 0000000003fff1c0 00074 (v01 BOCHS  BXPCFACP 00000001 BXPC 00000001)
[    0.000000] ACPI: DSDT 0000000003ffe040 01180 (v01 BOCHS  BXPCDSDT 00000001 BXPC 00000001)
[    0.000000] ACPI: FACS 0000000003ffe000 00040
[    0.000000] ACPI: SSDT 0000000003fff234 008DD (v01 BOCHS  BXPCSSDT 00000001 BXPC 00000001)
[    0.000000] ACPI: APIC 0000000003fffb11 00078 (v01 BOCHS  BXPCAPIC 00000001 BXPC 00000001)
[    0.000000] ACPI: HPET 0000000003fffb89 00038 (v01 BOCHS  BXPCHPET 00000001 BXPC 00000001)
[    0.000000] No NUMA configuration found
[    0.000000] Faking a node at 0000000000000000-0000000003ffe000
[    0.000000] Initmem setup node 0 0000000000000000-0000000003ffe000
[    0.000000]   NODE_DATA [0000000003ff6000 - 0000000003ffafff]
[    0.000000] Zone PFN ranges:
[    0.000000]   DMA      0x00000010 -&gt; 0x00001000
[    0.000000]   DMA32    0x00001000 -&gt; 0x00100000
[    0.000000]   Normal   empty
[    0.000000] Movable zone start PFN for each node
[    0.000000] early_node_map[2] active PFN ranges
[    0.000000]     0: 0x00000010 -&gt; 0x0000009f
[    0.000000]     0: 0x00000100 -&gt; 0x00003ffe
[    0.000000] ACPI: PM-Timer IO Port: 0xb008
[    0.000000] ACPI: LAPIC (acpi_id[0x00] lapic_id[0x00] enabled)
[    0.000000] ACPI: LAPIC_NMI (acpi_id[0xff] dfl dfl lint[0x1])
[    0.000000] ACPI: IOAPIC (id[0x00] address[0xfec00000] gsi_base[0])
[    0.000000] IOAPIC[0]: apic_id 0, version 17, address 0xfec00000, GSI 0-23
[    0.000000] ACPI: INT_SRC_OVR (bus 0 bus_irq 0 global_irq 2 dfl dfl)
[    0.000000] ACPI: INT_SRC_OVR (bus 0 bus_irq 5 global_irq 5 high level)
[    0.000000] ACPI: INT_SRC_OVR (bus 0 bus_irq 9 global_irq 9 high level)
[    0.000000] ACPI: INT_SRC_OVR (bus 0 bus_irq 10 global_irq 10 high level)
[    0.000000] ACPI: INT_SRC_OVR (bus 0 bus_irq 11 global_irq 11 high level)
[    0.000000] Using ACPI (MADT) for SMP configuration information
[    0.000000] ACPI: HPET id: 0x8086a201 base: 0xfed00000
[    0.000000] SMP: Allowing 1 CPUs, 0 hotplug CPUs
[    0.000000] PM: Registered nosave memory: 000000000009f000 - 00000000000a0000
[    0.000000] PM: Registered nosave memory: 00000000000a0000 - 00000000000f0000
[    0.000000] PM: Registered nosave memory: 00000000000f0000 - 0000000000100000
[    0.000000] Allocating PCI resources starting at 4000000 (gap: 4000000:fbfc0000)
[    0.000000] Booting paravirtualized kernel on bare hardware
[    0.000000] setup_percpu: NR_CPUS:64 nr_cpumask_bits:64 nr_cpu_ids:1 nr_node_ids:1
[    0.000000] PERCPU: Embedded 27 pages/cpu @ffff880003a00000 s78848 r8192 d23552 u2097152
[    0.000000] Built 1 zonelists in Node order, mobility grouping on.  Total pages: 16008
[    0.000000] Policy zone: DMA32
[    0.000000] Kernel command line: root=/dev/vda console=tty0 console=ttyS0 no_timer_check
[    0.000000] PID hash table entries: 256 (order: -1, 2048 bytes)
[    0.000000] Checking aperture...
[    0.000000] No AGP bridge found
[    0.000000] Memory: 43492k/65528k available (6576k kernel code, 452k absent, 21584k reserved, 6620k data, 928k init)
[    0.000000] SLUB: Genslabs=15, HWalign=64, Order=0-3, MinObjects=0, CPUs=1, Nodes=1
[    0.000000] Hierarchical RCU implementation.
[    0.000000] 	RCU dyntick-idle grace-period acceleration is enabled.
[    0.000000] NR_IRQS:4352 nr_irqs:256 16
[    0.000000] Console: colour VGA+ 80x25
[    0.000000] console [tty0] enabled
[    0.000000] console [ttyS0] enabled
[    0.000000] allocated 1048576 bytes of page_cgroup
[    0.000000] please try 'cgroup_disable=memory' option if you don't want memory cgroups
[    0.000000] Fast TSC calibration failed
[    0.000000] TSC: Unable to calibrate against PIT
[    0.000000] TSC: using HPET reference calibration
[    0.000000] Detected 2293.406 MHz processor.
[    0.032887] Calibrating delay loop (skipped), value calculated using timer frequency.. 4586.81 BogoMIPS (lpj=9173624)
[    0.034772] pid_max: default: 32768 minimum: 301
[    0.041846] Security Framework initialized
[    0.045730] AppArmor: AppArmor initialized
[    0.047271] Yama: becoming mindful.
[    0.053674] Dentry cache hash table entries: 8192 (order: 4, 65536 bytes)
[    0.054937] Inode-cache hash table entries: 4096 (order: 3, 32768 bytes)
[    0.056461] Mount-cache hash table entries: 256
[    0.070473] Initializing cgroup subsys cpuacct
[    0.071346] Initializing cgroup subsys memory
[    0.072574] Initializing cgroup subsys devices
[    0.073269] Initializing cgroup subsys freezer
[    0.073767] Initializing cgroup subsys blkio
[    0.076310] Initializing cgroup subsys perf_event
[    0.080247] mce: CPU supports 10 MCE banks
[    0.082975] SMP alternatives: switching to UP code
[    0.490208] Freeing SMP alternatives: 24k freed
[    0.491484] ACPI: Core revision 20110623
[    0.546638] ftrace: allocating 26610 entries in 105 pages
[    0.580035] ..TIMER: vector=0x30 apic1=0 pin1=2 apic2=-1 pin2=-1
[    0.580188] CPU0: AMD QEMU Virtual CPU version 2.0.0 stepping 03
[    0.584035] Performance Events: Broken PMU hardware detected, using software events only.
[    0.592344] NMI watchdog disabled (cpu0): hardware events not enabled
[    0.594012] Brought up 1 CPUs
[    0.594529] Total of 1 processors activated (4586.81 BogoMIPS).
[    0.617309] devtmpfs: initialized
[    0.649349] EVM: security.selinux
[    0.649844] EVM: security.SMACK64
[    0.650287] EVM: security.capability
[    0.670371] print_constraints: dummy: 
[    0.673750] RTC time: 14:21:13, date: 01/27/16
[    0.676570] NET: Registered protocol family 16
[    0.686410] ACPI: bus type pci registered
[    0.689912] PCI: Using configuration type 1 for base access
[    0.717465] bio: create slab &lt;bio-0&gt; at 0
[    0.722251] ACPI: Added _OSI(Module Device)
[    0.722823] ACPI: Added _OSI(Processor Device)
[    0.724072] ACPI: Added _OSI(3.0 _SCP Extensions)
[    0.724873] ACPI: Added _OSI(Processor Aggregator Device)
[    0.819233] ACPI: Interpreter enabled
[    0.820222] ACPI: (supports S0 S3 S4 S5)
[    0.827689] ACPI: Using IOAPIC for interrupt routing
[    0.925405] ACPI: No dock devices found.
[    0.926505] HEST: Table not found.
[    0.927251] PCI: Using host bridge windows from ACPI; if necessary, use "pci=nocrs" and report a bug
[    0.934973] ACPI: PCI Root Bridge [PCI0] (domain 0000 [bus 00-ff])
[    0.942822] pci_root PNP0A03:00: host bridge window [io  0x0000-0x0cf7]
[    0.944262] pci_root PNP0A03:00: host bridge window [io  0x0d00-0xadff]
[    0.948114] pci_root PNP0A03:00: host bridge window [io  0xae0f-0xaeff]
[    0.948978] pci_root PNP0A03:00: host bridge window [io  0xaf20-0xafdf]
[    0.950916] pci_root PNP0A03:00: host bridge window [io  0xafe4-0xffff]
[    0.952249] pci_root PNP0A03:00: host bridge window [mem 0x000a0000-0x000bffff]
[    0.956144] pci_root PNP0A03:00: host bridge window [mem 0x04000000-0xfebfffff]
[    0.981925] pci 0000:00:01.3: quirk: [io  0xb000-0xb03f] claimed by PIIX4 ACPI
[    0.982843] pci 0000:00:01.3: quirk: [io  0xb100-0xb10f] claimed by PIIX4 SMB
[    1.056446]  pci0000:00: Unable to request _OSC control (_OSC support mask: 0x1e)
[    1.112870] ACPI: PCI Interrupt Link [LNKA] (IRQs 5 *10 11)
[    1.114819] ACPI: PCI Interrupt Link [LNKB] (IRQs 5 *10 11)
[    1.117680] ACPI: PCI Interrupt Link [LNKC] (IRQs 5 10 *11)
[    1.119316] ACPI: PCI Interrupt Link [LNKD] (IRQs 5 10 *11)
[    1.121024] ACPI: PCI Interrupt Link [LNKS] (IRQs *9)
[    1.129014] vgaarb: device added: PCI:0000:00:02.0,decodes=io+mem,owns=io+mem,locks=none
[    1.129944] vgaarb: loaded
[    1.130319] vgaarb: bridge control possible 0000:00:02.0
[    1.133897] i2c-core: driver [aat2870] using legacy suspend method
[    1.134601] i2c-core: driver [aat2870] using legacy resume method
[    1.137674] SCSI subsystem initialized
[    1.141156] usbcore: registered new interface driver usbfs
[    1.142287] usbcore: registered new interface driver hub
[    1.143589] usbcore: registered new device driver usb
[    1.146392] PCI: Using ACPI for IRQ routing
[    1.159320] NetLabel: Initializing
[    1.160149] NetLabel:  domain hash size = 128
[    1.160645] NetLabel:  protocols = UNLABELED CIPSOv4
[    1.162544] NetLabel:  unlabeled traffic allowed by default
[    1.165466] HPET: 3 timers in total, 0 timers will be used for per-cpu timer
[    1.166490] hpet0: at MMIO 0xfed00000, IRQs 2, 8, 0
[    1.168314] hpet0: 3 comparators, 64-bit 100.000000 MHz counter
[    1.182488] Switching to clocksource hpet
[    1.427787] AppArmor: AppArmor Filesystem Enabled
[    1.430433] pnp: PnP ACPI init
[    1.431122] ACPI: bus type pnp registered
[    1.454286] pnp: PnP ACPI: found 9 devices
[    1.454925] ACPI: ACPI bus type pnp unregistered
[    1.511750] NET: Registered protocol family 2
[    1.555613] IP route cache hash table entries: 512 (order: 0, 4096 bytes)
[    1.570652] TCP established hash table entries: 2048 (order: 3, 32768 bytes)
[    1.574850] TCP bind hash table entries: 2048 (order: 3, 32768 bytes)
[    1.577562] TCP: Hash tables configured (established 2048 bind 2048)
[    1.579151] TCP reno registered
[    1.580183] UDP hash table entries: 128 (order: 0, 4096 bytes)
[    1.582920] UDP-Lite hash table entries: 128 (order: 0, 4096 bytes)
[    1.588797] NET: Registered protocol family 1
[    1.590572] pci 0000:00:00.0: Limiting direct PCI/PCI transfers
[    1.591759] pci 0000:00:01.0: PIIX3: Enabling Passive Release
[    1.595294] pci 0000:00:01.0: Activating ISA DMA hang workarounds
[    1.602225] ACPI: PCI Interrupt Link [LNKD] enabled at IRQ 11
[    1.603203] pci 0000:00:01.2: PCI INT D -&gt; Link[LNKD] -&gt; GSI 11 (level, high) -&gt; IRQ 11
[    1.605809] pci 0000:00:01.2: PCI INT D disabled
[    1.627778] Trying to unpack rootfs image as initramfs...
[    1.650859] audit: initializing netlink socket (disabled)
[    1.654492] type=2000 audit(1453904473.648:1): initialized
[    1.951154] HugeTLB registered 2 MB page size, pre-allocated 0 pages
[    2.035463] VFS: Disk quotas dquot_6.5.2
[    2.037708] Dquot-cache hash table entries: 512 (order 0, 4096 bytes)
[    2.067500] fuse init (API version 7.17)
[    2.071059] msgmni has been set to 84
[    2.114604] Block layer SCSI generic (bsg) driver version 0.4 loaded (major 253)
[    2.116141] io scheduler noop registered
[    2.117806] io scheduler deadline registered (default)
[    2.118838] io scheduler cfq registered
[    2.122395] pci_hotplug: PCI Hot Plug PCI Core version: 0.5
[    2.124294] pciehp: PCI Express Hot Plug Controller Driver version: 0.4
[    2.130810] input: Power Button as /devices/LNXSYSTM:00/LNXPWRBN:00/input/input0
[    2.133413] ACPI: Power Button [PWRF]
[    2.200109] ERST: Table is not found!
[    2.201488] GHES: HEST is not enabled!
[    2.213797] ACPI: PCI Interrupt Link [LNKC] enabled at IRQ 10
[    2.214574] virtio-pci 0000:00:03.0: PCI INT A -&gt; Link[LNKC] -&gt; GSI 10 (level, high) -&gt; IRQ 10
[    2.218571] virtio-pci 0000:00:04.0: PCI INT A -&gt; Link[LNKD] -&gt; GSI 11 (level, high) -&gt; IRQ 11
[    2.230589] ACPI: PCI Interrupt Link [LNKA] enabled at IRQ 10
[    2.231295] virtio-pci 0000:00:05.0: PCI INT A -&gt; Link[LNKA] -&gt; GSI 10 (level, high) -&gt; IRQ 10
[    2.242302] Serial: 8250/16550 driver, 32 ports, IRQ sharing enabled
[    2.290940] serial8250: ttyS0 at I/O 0x3f8 (irq = 4) is a 16550A
[    2.378422] serial8250: ttyS1 at I/O 0x2f8 (irq = 3) is a 16550A
[    2.525976] 00:05: ttyS0 at I/O 0x3f8 (irq = 4) is a 16550A
[    2.593001] 00:06: ttyS1 at I/O 0x2f8 (irq = 3) is a 16550A
[    2.614103] Refined TSC clocksource calibration: 2293.429 MHz.
[    2.614839] Switching to clocksource tsc
[    2.634710] Linux agpgart interface v0.103
[    2.691428] brd: module loaded
[    2.723379] loop: module loaded
[    2.773751]  vda: unknown partition table
[    2.825222] scsi0 : ata_piix
[    2.827272] scsi1 : ata_piix
[    2.829301] ata1: PATA max MWDMA2 cmd 0x1f0 ctl 0x3f6 bmdma 0xc0a0 irq 14
[    2.830097] ata2: PATA max MWDMA2 cmd 0x170 ctl 0x376 bmdma 0xc0a8 irq 15
[    2.839980] Fixed MDIO Bus: probed
[    2.841542] tun: Universal TUN/TAP device driver, 1.6
[    2.842162] tun: (C) 1999-2004 Max Krasnyansky &lt;maxk@qualcomm.com&gt;
[    2.853188] PPP generic driver version 2.4.2
[    2.874437] ehci_hcd: USB 2.0 'Enhanced' Host Controller (EHCI) Driver
[    2.875304] ohci_hcd: USB 1.1 'Open' Host Controller (OHCI) Driver
[    2.876112] uhci_hcd: USB Universal Host Controller Interface driver
[    2.878589] uhci_hcd 0000:00:01.2: PCI INT D -&gt; Link[LNKD] -&gt; GSI 11 (level, high) -&gt; IRQ 11
[    2.882156] uhci_hcd 0000:00:01.2: UHCI Host Controller
[    2.894061] uhci_hcd 0000:00:01.2: new USB bus registered, assigned bus number 1
[    2.895792] uhci_hcd 0000:00:01.2: irq 11, io base 0x0000c040
[    2.927623] hub 1-0:1.0: USB hub found
[    2.929336] hub 1-0:1.0: 2 ports detected
[    2.936141] usbcore: registered new interface driver libusual
[    2.939535] i8042: PNP: PS/2 Controller [PNP0303:KBD,PNP0f13:MOU] at 0x60,0x64 irq 1,12
[    2.949321] serio: i8042 KBD port at 0x60,0x64 irq 1
[    2.952197] serio: i8042 AUX port at 0x60,0x64 irq 12
[    2.988791] mousedev: PS/2 mouse device common for all mice
[    3.005095] input: AT Translated Set 2 keyboard as /devices/platform/i8042/serio0/input/input1
[    3.013725] rtc_cmos 00:01: RTC can wake from S4
[    3.038148] rtc_cmos 00:01: rtc core: registered rtc_cmos as rtc0
[    3.040749] rtc0: alarms up to one day, 114 bytes nvram, hpet irqs
[    3.046149] device-mapper: uevent: version 1.0.3
[    3.069591] ata2.01: ATAPI: QEMU DVD-ROM, 2.0.0, max UDMA/100
[    3.085257] device-mapper: ioctl: 4.22.0-ioctl (2011-10-19) initialised: dm-devel@redhat.com
[    3.090385] cpuidle: using governor ladder
[    3.091849] cpuidle: using governor menu
[    3.093109] EFI Variables Facility v0.08 2004-May-17
[    3.104305] TCP cubic registered
[    3.109157] NET: Registered protocol family 10
[    3.138904] NET: Registered protocol family 17
[    3.140130] Registering the dns_resolver key type
[    3.148958] ata2.01: configured for MWDMA2
[    3.179757] scsi 1:0:1:0: CD-ROM            QEMU     QEMU DVD-ROM     2.0. PQ: 0 ANSI: 5
[    3.199843] sr0: scsi3-mmc drive: 4x/4x cd/rw xa/form2 tray
[    3.202805] cdrom: Uniform CD-ROM driver Revision: 3.20
[    3.220180] sr 1:0:1:0: Attached scsi generic sg0 type 5
[    3.276013] registered taskstats version 1
[    3.323221] Freeing initrd memory: 3656k freed
[    3.860363]   Magic number: 0:306:385
[    3.866212] thermal cooling_device0: hash matches
[    3.870534] rtc_cmos 00:01: setting system clock to 2016-01-27 14:21:16 UTC (1453904476)
[    3.871877] powernow-k8: Processor cpuid 663 not supported
[    3.877042] BIOS EDD facility v0.16 2004-Jun-25, 0 devices found
[    3.878512] EDD information not available.
[    3.944053] Freeing unused kernel memory: 928k freed
[    3.951473] Write protecting the kernel read-only data: 12288k
[    4.068085] Freeing unused kernel memory: 1596k freed
[    4.139089] Freeing unused kernel memory: 1184k freed

info: initramfs: up at 4.32
modprobe: module virtio_blk not found in modules.dep
modprobe: module virtio_net not found in modules.dep
info: copying initramfs to /dev/vda
info: initramfs loading root from /dev/vda
info: /etc/init.d/rc.sysinit: up at 9.03
info: container: none
Starting logging: OK
modprobe: module virtio_blk not found in modules.dep
modprobe: module virtio_net not found in modules.dep
WARN: /etc/rc3.d/S10-load-modules failed
Initializing random number generator... done.
Starting acpid: OK
cirros-ds 'local' up at 11.54
found datasource (configdrive, local)
Starting network...
udhcpc (v1.20.1) started
Sending discover...
Sending discover...
Sending discover...
Usage: /sbin/cirros-dhcpc &lt;up|down&gt;
No lease, failing
WARN: /etc/rc3.d/S40-network failed
Starting dropbear sshd: generating rsa key... generating dsa key... OK
no userdata for datasource
=== system information ===
Platform: OpenStack Foundation OpenStack Nova
Container: none
Arch: x86_64
CPU(s): 1 @ 2293.406 MHz
Cores/Sockets/Threads: 1/1/1
Virt-type: AMD-V
RAM Size: 49MB
Disks:
NAME MAJ:MIN     SIZE LABEL         MOUNTPOINT
vda  253:0   25165824 cirros-rootfs /
sr0   11:0     428032 config-2      
=== sshd host keys ===
-----BEGIN SSH HOST KEY KEYS-----
ssh-rsa AAAAB3NzaC1yc2EAAAADAQABAAAAgwCCxIwxYl+Z5jmaE3e9hW0tWJnjhOOaGDKPotVzEUnMbdYOu8psUSMSPzchmSKK65IGK2MoQvI9bVo0KlIQWXQ/LzlALEEem5tQ4r7Zs8Lb7CpkYpfGZa1e0vKtj6Ls0GlZCWhHyQxluwJiglL0ROvSg0Fb6x1MoVYe3o5LDM0Ffwgf root@tempest
ssh-dss AAAAB3NzaC1kc3MAAACBAP2J0G41z7DXmhJsFHQOHUjuykbiQo/r+WsgC8xi65gZIW1TCyIEY99QKrMV8Vcei598gBI3zv+hxy7rYzgYXxY64nhyE9T5/NmHlD0rqE/lCDUqymcHC/ubE50X922oOJp94hM/gWLCSVrhVptUvNHPkoHjJd3IUII8KBwZwRGjAAAAFQDkTT7dvgHg9R5OuiL6O+M5uJ3KfQAAAIB2QmRd1bJoLe22gXu8nZLH957Ws6dA4vrStvncEOiR49MP4jlu3VyiuiEDaGGlnEjvsZpuPTn0nu0zPn7VdPbwOk14TwdTJ2V8Y2rmjoycJEN05m7lUxeBd6HsfrZDD2WMKVLBOW0dDGbEVX4n0hfU1YosM+YYoAp32iZRHzU++gAAAIAe7C5eR8VaO8qpLdV+r645n1V+2IaGOQeSoq3zgHQdOuF/gGK7ETMxtiqxmGhrL1/6LCqduamcAv8N1vJp/DGGv3N5hlV4lVuyyf4/itS/RCYZDaIQNX5Mir+myEAjPchdl/k837Pmiuww0mdtdOaDgLZky0zq+aGymqo5FxHYlQ== root@tempest
-----END SSH HOST KEY KEYS-----
=== network info ===
if-info: lo,up,127.0.0.1,8,::1
if-info: eth0,up,,8,fe80::f816:3eff:fe64:363c
=== datasource: configdrive local ===
instance-id: 8603df7a-3756-426f-a94d-61be675d65bf
name: tempest.common.compute-instance-799560954
availability-zone: nova
local-hostname: tempest.common.compute-instance-799560954.novalocal
launch-index: 0
=== cirros: current=0.3.4 uptime=203.31 ===
route: fscanf
=== pinging gateway failed, debugging connection ===
############ debug start ##############
### /etc/init.d/sshd start
Starting dropbear sshd: OK
route: fscanf
### ifconfig -a
eth0      Link encap:Ethernet  HWaddr FA:16:3E:64:36:3C  
          inet6 addr: fe80::f816:3eff:fe64:363c/64 Scope:Link
          UP BROADCAST RUNNING MULTICAST  MTU:1500  Metric:1
          RX packets:13 errors:0 dropped:5 overruns:0 frame:0
          TX packets:8 errors:0 dropped:0 overruns:0 carrier:0
          collisions:0 txqueuelen:1000 
          RX bytes:1203 (1.1 KiB)  TX bytes:1134 (1.1 KiB)

lo        Link encap:Local Loopback  
          inet addr:127.0.0.1  Mask:255.0.0.0
          inet6 addr: ::1/128 Scope:Host
          UP LOOPBACK RUNNING  MTU:16436  Metric:1
          RX packets:12 errors:0 dropped:0 overruns:0 frame:0
          TX packets:12 errors:0 dropped:0 overruns:0 carrier:0
          collisions:0 txqueuelen:0 
          RX bytes:1020 (1020.0 B)  TX bytes:1020 (1020.0 B)

### route -n
Kernel IP routing table
Destination     Gateway         Genmask         Flags Metric Ref    Use Iface
route: fscanf
### cat /etc/resolv.conf
cat: can't open '/etc/resolv.conf': No such file or directory
### gateway not found
/sbin/cirros-status: line 1: can't open /etc/resolv.conf: no such file
### pinging nameservers
### uname -a
Linux tempest 3.2.0-80-virtual #116-Ubuntu SMP Mon Mar 23 17:28:52 UTC 2015 x86_64 GNU/Linux
### lsmod
Module                  Size  Used by    Not tainted
nls_iso8859_1          12713  0 
nls_cp437              16991  0 
vfat                   17585  0 
fat                    61512  1 vfat
isofs                  40259  0 
ip_tables              27473  0 
x_tables               29891  1 ip_tables
pcnet32                42119  0 
8139cp                 27360  0 
ne2k_pci               13691  0 
8390                   18856  1 ne2k_pci
e1000                 108589  0 
acpiphp                24231  0 
### dmesg | tail
[    5.130973] EXT3-fs (vda): mounted filesystem with ordered data mode
[    5.379613] ISO 9660 Extensions: Microsoft Joliet Level 3
[    5.448847] ISO 9660 Extensions: RRIP_1991A
[    5.699663] kjournald starting.  Commit interval 5 seconds
[    5.715906] EXT3-fs (vda): using internal journal
[    5.716110] EXT3-fs (vda): mounted filesystem with ordered data mode
[    9.084223] EXT3-fs (vda): using internal journal
[   12.336082] ISO 9660 Extensions: Microsoft Joliet Level 3
[   12.437971] ISO 9660 Extensions: RRIP_1991A
[   27.458505] eth0: no IPv6 routers present
### tail -n 25 /var/log/messages
Jan 27 14:21:23 cirros kern.info kernel: [    4.671160] acpiphp: Slot [26] registered
Jan 27 14:21:23 cirros kern.info kernel: [    4.671455] acpiphp: Slot [27] registered
Jan 27 14:21:23 cirros kern.info kernel: [    4.671635] acpiphp: Slot [28] registered
Jan 27 14:21:23 cirros kern.info kernel: [    4.672050] acpiphp: Slot [29] registered
Jan 27 14:21:23 cirros kern.info kernel: [    4.673185] acpiphp: Slot [30] registered
Jan 27 14:21:23 cirros kern.info kernel: [    4.673267] acpiphp: Slot [31] registered
Jan 27 14:21:23 cirros kern.info kernel: [    4.717337] e1000: Intel(R) PRO/1000 Network Driver - version 7.3.21-k8-NAPI
Jan 27 14:21:23 cirros kern.info kernel: [    4.717385] e1000: Copyright (c) 1999-2006 Intel Corporation.
Jan 27 14:21:23 cirros kern.info kernel: [    4.755818] ne2k-pci.c:v1.03 9/22/2003 D. Becker/P. Gortmaker
Jan 27 14:21:23 cirros kern.info kernel: [    4.793818] 8139cp: 8139cp: 10/100 PCI Ethernet driver v1.3 (Mar 22, 2004)
Jan 27 14:21:23 cirros kern.info kernel: [    4.829349] pcnet32: pcnet32.c:v1.35 21.Apr.2008 tsbogend@alpha.franken.de
Jan 27 14:21:23 cirros kern.info kernel: [    4.866657] ip_tables: (C) 2000-2006 Netfilter Core Team
Jan 27 14:21:23 cirros kern.info kernel: [    5.123908] kjournald starting.  Commit interval 5 seconds
Jan 27 14:21:23 cirros kern.info kernel: [    5.130973] EXT3-fs (vda): mounted filesystem with ordered data mode
Jan 27 14:21:23 cirros kern.debug kernel: [    5.379613] ISO 9660 Extensions: Microsoft Joliet Level 3
Jan 27 14:21:23 cirros kern.debug kernel: [    5.448847] ISO 9660 Extensions: RRIP_1991A
Jan 27 14:21:23 cirros kern.info kernel: [    5.699663] kjournald starting.  Commit interval 5 seconds
Jan 27 14:21:23 cirros kern.info kernel: [    5.715906] EXT3-fs (vda): using internal journal
Jan 27 14:21:23 cirros kern.info kernel: [    5.716110] EXT3-fs (vda): mounted filesystem with ordered data mode
Jan 27 14:21:23 cirros kern.info kernel: [    9.084223] EXT3-fs (vda): using internal journal
Jan 27 14:21:24 cirros kern.debug kernel: [   12.336082] ISO 9660 Extensions: Microsoft Joliet Level 3
Jan 27 14:21:25 cirros kern.debug kernel: [   12.437971] ISO 9660 Extensions: RRIP_1991A
Jan 27 14:21:28 cirros auth.notice su: + /dev/console root:cirros
Jan 27 14:21:40 cirros kern.debug kernel: [   27.458505] eth0: no IPv6 routers present
Jan 27 14:24:33 cirros authpriv.info dropbear[283]: Running in background
############ debug end   ##############
  ____               ____  ____
 / __/ __ ____ ____ / __ \/ __/
/ /__ / // __// __// /_/ /\ \ 
\___//_//_/  /_/   \____/___/ 
   http://cirros-cloud.net


login as 'cirros' user. default password: 'cubswin:)'. use 'sudo' for root.
tempest login: 
2016-01-27 14:25:24,021 16417 INFO     [tempest_lib.common.rest_client] Request (TestGettingAddress:_run_cleanups): 204 DELETE http://10.4.1.3:9696/v2.0/floatingips/51ae802c-e602-4509-87b8-dffa09141a72 0.401s
2016-01-27 14:25:24,022 16417 DEBUG    [tempest_lib.common.rest_client] Request - Headers: {'Content-Type': 'application/json', 'Accept': 'application/json', 'X-Auth-Token': '&lt;omitted&gt;'}
        Body: None
    Response - Headers: {'date': 'Wed, 27 Jan 2016 14:25:24 GMT', 'status': '204', 'connection': 'close', 'content-length': '0', 'x-openstack-request-id': 'req-9d4b78ff-c285-40e6-ab3c-c40e60ae15cb'}
        Body: 
2016-01-27 14:25:24,412 16417 INFO     [tempest_lib.common.rest_client] Request (TestGettingAddress:_run_cleanups): 204 DELETE http://10.4.1.3:8774/v2.1/785dd96b98cc4b50b182b9c254e3d41e/servers/8603df7a-3756-426f-a94d-61be675d65bf 0.389s
2016-01-27 14:25:24,413 16417 DEBUG    [tempest_lib.common.rest_client] Request - Headers: {'Content-Type': 'application/json', 'Accept': 'application/json', 'X-Auth-Token': '&lt;omitted&gt;'}
        Body: None
    Response - Headers: {'status': '204', 'content-length': '0', 'x-compute-request-id': 'req-25a9aeee-a2f4-40da-b527-868b25466e3e', 'vary': 'X-OpenStack-Nova-API-Version', 'connection': 'close', 'x-openstack-nova-api-version': '2.1', 'date': 'Wed, 27 Jan 2016 14:25:24 GMT', 'content-type': 'application/json'}
        Body: 
2016-01-27 14:25:25,021 16417 INFO     [tempest_lib.common.rest_client] Request (TestGettingAddress:_run_cleanups): 200 GET http://10.4.1.3:8774/v2.1/785dd96b98cc4b50b182b9c254e3d41e/servers/8603df7a-3756-426f-a94d-61be675d65bf 0.608s
2016-01-27 14:25:25,022 16417 DEBUG    [tempest_lib.common.rest_client] Request - Headers: {'Content-Type': 'application/json', 'Accept': 'application/json', 'X-Auth-Token': '&lt;omitted&gt;'}
        Body: None
    Response - Headers: {'status': '200', 'content-length': '1900', 'content-location': 'http://10.4.1.3:8774/v2.1/785dd96b98cc4b50b182b9c254e3d41e/servers/8603df7a-3756-426f-a94d-61be675d65bf', 'x-compute-request-id': 'req-c4f166b6-8bc2-4684-8a55-3806d529bfd1', 'vary': 'X-OpenStack-Nova-API-Version', 'connection': 'close', 'x-openstack-nova-api-version': '2.1', 'date': 'Wed, 27 Jan 2016 14:25:25 GMT', 'content-type': 'application/json'}
        Body: {"server": {"status": "ACTIVE", "updated": "2016-01-27T14:25:24Z", "hostId": "61d9e3527f245c7f247a643aaae1b2db7ff15ec6fe9671d381aee3e6", "addresses": {"tempest-network-smoke--1289723103": [{"OS-EXT-IPS-MAC:mac_addr": "fa:16:3e:64:36:3c", "version": 4, "addr": "10.100.0.3", "OS-EXT-IPS:type": "fixed"}, {"OS-EXT-IPS-MAC:mac_addr": "fa:16:3e:64:36:3c", "version": 6, "addr": "2003::f816:3eff:fe64:363c", "OS-EXT-IPS:type": "fixed"}, {"OS-EXT-IPS-MAC:mac_addr": "fa:16:3e:64:36:3c", "version": 4, "addr": "172.24.4.4", "OS-EXT-IPS:type": "floating"}]}, "links": [{"href": "http://10.4.1.3:8774/v2.1/785dd96b98cc4b50b182b9c254e3d41e/servers/8603df7a-3756-426f-a94d-61be675d65bf", "rel": "self"}, {"href": "http://10.4.1.3:8774/785dd96b98cc4b50b182b9c254e3d41e/servers/8603df7a-3756-426f-a94d-61be675d65bf", "rel": "bookmark"}], "key_name": "tempest-TestGettingAddress-2057196912", "image": {"id": "ca75194e-4fc9-4998-8725-23c21c8552ff", "links": [{"href": "http://10.4.1.3:8774/785dd96b98cc4b50b182b9c254e3d41e/images/ca75194e-4fc9-4998-8725-23c21c8552ff", "rel": "bookmark"}]}, "OS-EXT-STS:task_state": "deleting", "OS-EXT-STS:vm_state": "active", "OS-SRV-USG:launched_at": "2016-01-27T14:21:09.000000", "flavor": {"id": "42", "links": [{"href": "http://10.4.1.3:8774/785dd96b98cc4b50b182b9c254e3d41e/flavors/42", "rel": "bookmark"}]}, "id": "8603df7a-3756-426f-a94d-61be675d65bf", "security_groups": [{"name": "tempest-secgroup-smoke-1079623976"}], "OS-SRV-USG:terminated_at": null, "OS-EXT-AZ:availability_zone": "nova", "user_id": "35ca39e6c9754122ab25b19ace09b051", "name": "tempest.common.compute-instance-799560954", "created": "2016-01-27T14:21:04Z", "tenant_id": "785dd96b98cc4b50b182b9c254e3d41e", "OS-DCF:diskConfig": "MANUAL", "os-extended-volumes:volumes_attached": [], "accessIPv4": "", "accessIPv6": "", "progress": 0, "OS-EXT-STS:power_state": 1, "config_drive": "True", "metadata": {}}}
2016-01-27 14:25:26,560 16417 INFO     [tempest_lib.common.rest_client] Request (TestGettingAddress:_run_cleanups): 200 GET http://10.4.1.3:8774/v2.1/785dd96b98cc4b50b182b9c254e3d41e/servers/8603df7a-3756-426f-a94d-61be675d65bf 0.528s
2016-01-27 14:25:26,560 16417 DEBUG    [tempest_lib.common.rest_client] Request - Headers: {'Content-Type': 'application/json', 'Accept': 'application/json', 'X-Auth-Token': '&lt;omitted&gt;'}
        Body: None
    Response - Headers: {'status': '200', 'content-length': '1440', 'content-location': 'http://10.4.1.3:8774/v2.1/785dd96b98cc4b50b182b9c254e3d41e/servers/8603df7a-3756-426f-a94d-61be675d65bf', 'x-compute-request-id': 'req-34a1661a-f3bb-42d2-a211-d46242e98bb5', 'vary': 'X-OpenStack-Nova-API-Version', 'connection': 'close', 'x-openstack-nova-api-version': '2.1', 'date': 'Wed, 27 Jan 2016 14:25:26 GMT', 'content-type': 'application/json'}
        Body: {"server": {"status": "DELETED", "updated": "2016-01-27T14:25:26Z", "hostId": "61d9e3527f245c7f247a643aaae1b2db7ff15ec6fe9671d381aee3e6", "addresses": {}, "links": [{"href": "http://10.4.1.3:8774/v2.1/785dd96b98cc4b50b182b9c254e3d41e/servers/8603df7a-3756-426f-a94d-61be675d65bf", "rel": "self"}, {"href": "http://10.4.1.3:8774/785dd96b98cc4b50b182b9c254e3d41e/servers/8603df7a-3756-426f-a94d-61be675d65bf", "rel": "bookmark"}], "key_name": "tempest-TestGettingAddress-2057196912", "image": {"id": "ca75194e-4fc9-4998-8725-23c21c8552ff", "links": [{"href": "http://10.4.1.3:8774/785dd96b98cc4b50b182b9c254e3d41e/images/ca75194e-4fc9-4998-8725-23c21c8552ff", "rel": "bookmark"}]}, "OS-EXT-STS:task_state": null, "OS-EXT-STS:vm_state": "deleted", "OS-SRV-USG:launched_at": "2016-01-27T14:21:09.000000", "flavor": {"id": "42", "links": [{"href": "http://10.4.1.3:8774/785dd96b98cc4b50b182b9c254e3d41e/flavors/42", "rel": "bookmark"}]}, "id": "8603df7a-3756-426f-a94d-61be675d65bf", "OS-SRV-USG:terminated_at": "2016-01-27T14:25:25.000000", "OS-EXT-AZ:availability_zone": "nova", "user_id": "35ca39e6c9754122ab25b19ace09b051", "name": "tempest.common.compute-instance-799560954", "created": "2016-01-27T14:21:04Z", "tenant_id": "785dd96b98cc4b50b182b9c254e3d41e", "OS-DCF:diskConfig": "MANUAL", "os-extended-volumes:volumes_attached": [], "accessIPv4": "", "accessIPv6": "", "OS-EXT-STS:power_state": 0, "config_drive": "True", "metadata": {}}}
2016-01-27 14:25:27,822 16417 INFO     [tempest_lib.common.rest_client] Request (TestGettingAddress:_run_cleanups): 404 GET http://10.4.1.3:8774/v2.1/785dd96b98cc4b50b182b9c254e3d41e/servers/8603df7a-3756-426f-a94d-61be675d65bf 0.245s
2016-01-27 14:25:27,823 16417 DEBUG    [tempest_lib.common.rest_client] Request - Headers: {'Content-Type': 'application/json', 'Accept': 'application/json', 'X-Auth-Token': '&lt;omitted&gt;'}
        Body: None
    Response - Headers: {'status': '404', 'content-length': '111', 'x-compute-request-id': 'req-a2c310bf-75c0-49b8-a47e-442f48277ecd', 'vary': 'X-OpenStack-Nova-API-Version', 'connection': 'close', 'x-openstack-nova-api-version': '2.1', 'date': 'Wed, 27 Jan 2016 14:25:27 GMT', 'content-type': 'application/json; charset=UTF-8'}
        Body: {"itemNotFound": {"message": "Instance 8603df7a-3756-426f-a94d-61be675d65bf could not be found.", "code": 404}}
2016-01-27 14:25:28,518 16417 INFO     [tempest_lib.common.rest_client] Request (TestGettingAddress:_run_cleanups): 500 PUT http://10.4.1.3:9696/v2.0/routers/ed644fe5-5531-4f2a-a733-0425ac05dc9d/remove_router_interface 0.694s
2016-01-27 14:25:28,518 16417 DEBUG    [tempest_lib.common.rest_client] Request - Headers: {'Content-Type': 'application/json', 'Accept': 'application/json', 'X-Auth-Token': '&lt;omitted&gt;'}
        Body: {"subnet_id": "2df777d0-06a4-4b58-8d29-107a9f41a4df"}
    Response - Headers: {'status': '500', 'content-length': '150', 'connection': 'close', 'date': 'Wed, 27 Jan 2016 14:25:28 GMT', 'content-type': 'application/json; charset=UTF-8', 'x-openstack-request-id': 'req-ff2f7b00-a31f-44b2-a41d-1e1d994f1253'}
        Body: {"NeutronError": {"message": "Request Failed: internal server error while processing your request.", "type": "HTTPInternalServerError", "detail": ""}}
2016-01-27 14:25:29,049 16417 INFO     [tempest_lib.common.rest_client] Request (TestGettingAddress:_run_cleanups): 404 PUT http://10.4.1.3:9696/v2.0/routers/ed644fe5-5531-4f2a-a733-0425ac05dc9d/remove_router_interface 0.528s
2016-01-27 14:25:29,050 16417 DEBUG    [tempest_lib.common.rest_client] Request - Headers: {'Content-Type': 'application/json', 'Accept': 'application/json', 'X-Auth-Token': '&lt;omitted&gt;'}
        Body: {"subnet_id": "2df777d0-06a4-4b58-8d29-107a9f41a4df"}
    Response - Headers: {'status': '404', 'content-length': '198', 'connection': 'close', 'date': 'Wed, 27 Jan 2016 14:25:29 GMT', 'content-type': 'application/json; charset=UTF-8', 'x-openstack-request-id': 'req-b22ebe82-dfa2-4979-b65b-366138a420c9'}
        Body: {"NeutronError": {"message": "Router ed644fe5-5531-4f2a-a733-0425ac05dc9d has no interface on subnet 2df777d0-06a4-4b58-8d29-107a9f41a4df", "type": "RouterInterfaceNotFoundForSubnet", "detail": ""}}
2016-01-27 14:25:29,668 16417 INFO     [tempest_lib.common.rest_client] Request (TestGettingAddress:_run_cleanups): 500 PUT http://10.4.1.3:9696/v2.0/routers/ed644fe5-5531-4f2a-a733-0425ac05dc9d/remove_router_interface 0.617s
2016-01-27 14:25:29,669 16417 DEBUG    [tempest_lib.common.rest_client] Request - Headers: {'Content-Type': 'application/json', 'Accept': 'application/json', 'X-Auth-Token': '&lt;omitted&gt;'}
        Body: {"subnet_id": "e61da0bc-cae0-4836-bfd2-b535d1f99881"}
    Response - Headers: {'status': '500', 'content-length': '150', 'connection': 'close', 'date': 'Wed, 27 Jan 2016 14:25:29 GMT', 'content-type': 'application/json; charset=UTF-8', 'x-openstack-request-id': 'req-4ec50be3-268a-4028-989e-bd81c0677d85'}
        Body: {"NeutronError": {"message": "Request Failed: internal server error while processing your request.", "type": "HTTPInternalServerError", "detail": ""}}
2016-01-27 14:25:29,880 16417 INFO     [tempest_lib.common.rest_client] Request (TestGettingAddress:_run_cleanups): 200 GET http://10.4.1.3:9696/v2.0/routers/ed644fe5-5531-4f2a-a733-0425ac05dc9d 0.210s
2016-01-27 14:25:29,881 16417 DEBUG    [tempest_lib.common.rest_client] Request - Headers: {'Content-Type': 'application/json', 'Accept': 'application/json', 'X-Auth-Token': '&lt;omitted&gt;'}
        Body: None
    Response - Headers: {'status': '200', 'content-length': '500', 'content-location': 'http://10.4.1.3:9696/v2.0/routers/ed644fe5-5531-4f2a-a733-0425ac05dc9d', 'connection': 'close', 'date': 'Wed, 27 Jan 2016 14:25:29 GMT', 'content-type': 'application/json; charset=UTF-8', 'x-openstack-request-id': 'req-0c94f2a2-dc62-4c14-b9b1-93c6aee93325'}
        Body: {"router": {"status": "ACTIVE", "external_gateway_info": {"network_id": "32756abf-922a-4933-8829-ffff9690c32f", "enable_snat": true, "external_fixed_ips": [{"subnet_id": "218d5dbf-08c9-46c7-b616-77fafdf55a89", "ip_address": "172.24.4.3"}, {"subnet_id": "af06a21c-60ea-497c-aa81-94fa34811289", "ip_address": "2001:db8::4"}]}, "name": "tempest-router-smoke-575022313", "admin_state_up": true, "tenant_id": "785dd96b98cc4b50b182b9c254e3d41e", "routes": [], "id": "ed644fe5-5531-4f2a-a733-0425ac05dc9d"}}
2016-01-27 14:25:30,397 16417 INFO     [tempest_lib.common.rest_client] Request (TestGettingAddress:_run_cleanups): 200 PUT http://10.4.1.3:9696/v2.0/routers/ed644fe5-5531-4f2a-a733-0425ac05dc9d 0.514s
2016-01-27 14:25:30,398 16417 DEBUG    [tempest_lib.common.rest_client] Request - Headers: {'Content-Type': 'application/json', 'Accept': 'application/json', 'X-Auth-Token': '&lt;omitted&gt;'}
        Body: {"router": {"external_gateway_info": {}, "name": "tempest-router-smoke-575022313", "admin_state_up": true}}
    Response - Headers: {'status': '200', 'content-length': '238', 'connection': 'close', 'date': 'Wed, 27 Jan 2016 14:25:30 GMT', 'content-type': 'application/json; charset=UTF-8', 'x-openstack-request-id': 'req-e302d2c6-204a-41e0-923b-a5760192f18c'}
        Body: {"router": {"status": "ACTIVE", "external_gateway_info": null, "name": "tempest-router-smoke-575022313", "admin_state_up": true, "tenant_id": "785dd96b98cc4b50b182b9c254e3d41e", "routes": [], "id": "ed644fe5-5531-4f2a-a733-0425ac05dc9d"}}
2016-01-27 14:25:30,858 16417 INFO     [tempest_lib.common.rest_client] Request (TestGettingAddress:_run_cleanups): 500 DELETE http://10.4.1.3:9696/v2.0/routers/ed644fe5-5531-4f2a-a733-0425ac05dc9d 0.459s
2016-01-27 14:25:30,859 16417 DEBUG    [tempest_lib.common.rest_client] Request - Headers: {'Content-Type': 'application/json', 'Accept': 'application/json', 'X-Auth-Token': '&lt;omitted&gt;'}
        Body: None
    Response - Headers: {'status': '500', 'content-length': '150', 'connection': 'close', 'date': 'Wed, 27 Jan 2016 14:25:30 GMT', 'content-type': 'application/json; charset=UTF-8', 'x-openstack-request-id': 'req-70ec8f1b-fa03-425d-beac-34668c5c1009'}
