<?xml version="1.0" encoding="UTF-8"?>
<!DOCTYPE html PUBLIC "-//W3C//DTD XHTML 1.0 Strict//EN"
     "http://www.w3.org/TR/xhtml1/DTD/xhtml1-strict.dtd">
<html xmlns="http://www.w3.org/1999/xhtml">
<head>
    <title>Unit Test Report</title>
    <meta name="generator" content="subunit2html 0.1"/>
    <meta http-equiv="Content-Type" content="text/html; charset=UTF-8"/>
    
<style type="text/css" media="screen">
body        { font-family: verdana, arial, helvetica, sans-serif;
    font-size: 80%; }
table       { font-size: 100%; width: 100%;}
pre         { font-size: 80%; }

/* -- heading -------------------------------------------------------------- */
h1 {
        font-size: 16pt;
        color: gray;
}
.heading {
    margin-top: 0ex;
    margin-bottom: 1ex;
}

.heading .attribute {
    margin-top: 1ex;
    margin-bottom: 0;
}

.heading .description {
    margin-top: 4ex;
    margin-bottom: 6ex;
}

/* -- css div popup -------------------------------------------------------- */
a.popup_link {
}

a.popup_link:hover {
    color: red;
}

.popup_window {
    display: none;
    overflow-x: scroll;
    /*border: solid #627173 1px; */
    padding: 10px;
    background-color: #E6E6D6;
    font-family: "Ubuntu Mono", "Lucida Console", "Courier New", monospace;
    text-align: left;
    font-size: 8pt;
}

}
/* -- report --------------------------------------------------------------- */
#show_detail_line {
    margin-top: 3ex;
    margin-bottom: 1ex;
}
#result_table {
    width: 100%;
    border-collapse: collapse;
    border: 1px solid #777;
}
#header_row {
    font-weight: bold;
    color: white;
    background-color: #777;
}
#result_table td {
    border: 1px solid #777;
    padding: 2px;
}
#total_row  { font-weight: bold; }
.passClass  { background-color: #6c6; }
.failClass  { background-color: #c60; }
.errorClass { background-color: #c00; }
.passCase   { color: #6c6; }
.failCase   { color: #c60; font-weight: bold; }
.errorCase  { color: #c00; font-weight: bold; }
.hiddenRow  { display: none; }
.testcase   { margin-left: 2em; }
td.testname {width: 40%}
td.small {width: 40px}

/* -- ending --------------------------------------------------------------- */
#ending {
}

</style>

</head>
<body>
<script language="javascript" type="text/javascript"><!--
output_list = Array();

/* level - 0:Summary; 1:Failed; 2:All */
function showCase(level) {
    trs = document.getElementsByTagName("tr");
    for (var i = 0; i < trs.length; i++) {
        tr = trs[i];
        id = tr.id;
        if (id.substr(0,2) == 'ft') {
            if (level < 1) {
                tr.className = 'hiddenRow';
            }
            else {
                tr.className = '';
            }
        }
        if (id.substr(0,2) == 'pt') {
            if (level > 1) {
                tr.className = '';
            }
            else {
                tr.className = 'hiddenRow';
            }
        }
    }
}


function showClassDetail(cid, count) {
    var id_list = Array(count);
    var toHide = 1;
    for (var i = 0; i < count; i++) {
        tid0 = 't' + cid.substr(1) + '.' + (i+1);
        tid = 'f' + tid0;
        tr = document.getElementById(tid);
        if (!tr) {
            tid = 'p' + tid0;
            tr = document.getElementById(tid);
        }
        id_list[i] = tid;
        if (tr.className) {
            toHide = 0;
        }
    }
    for (var i = 0; i < count; i++) {
        tid = id_list[i];
        if (toHide) {
            document.getElementById('div_'+tid).style.display = 'none'
            document.getElementById(tid).className = 'hiddenRow';
        }
        else {
            document.getElementById(tid).className = '';
        }
    }
}


function showTestDetail(div_id){
    var details_div = document.getElementById(div_id)
    var displayState = details_div.style.display
    // alert(displayState)
    if (displayState != 'block' ) {
        displayState = 'block'
        details_div.style.display = 'block'
    }
    else {
        details_div.style.display = 'none'
    }
}


function html_escape(s) {
    s = s.replace(/&/g,'&amp;');
    s = s.replace(/</g,'&lt;');
    s = s.replace(/>/g,'&gt;');
    return s;
}

/* obsoleted by detail in <div>
function showOutput(id, name) {
    var w = window.open("", //url
                    name,
                    "resizable,scrollbars,status,width=800,height=450");
    d = w.document;
    d.write("<pre>");
    d.write(html_escape(output_list[id]));
    d.write("\n");
    d.write("<a href='javascript:window.close()'>close</a>\n");
    d.write("</pre>\n");
    d.close();
}
*/
--></script>

<div class='heading'>
<h1>Unit Test Report</h1>

<p class='attribute'><strong>Status:</strong> Failure 8</p>

<p class='description'></p>
</div>



<p id='show_detail_line'>Show
<a href='javascript:showCase(0)'>Summary</a>
<a href='javascript:showCase(1)'>Failed</a>
<a href='javascript:showCase(2)'>All</a>
</p>
<table id='result_table'>
<colgroup>
<col align='left' />
<col align='right' />
<col align='right' />
<col align='right' />
<col align='right' />
<col align='right' />
<col align='right' />
<col align='right' />
</colgroup>
<tr id='header_row'>
    <td>Test Group/Test case</td>
    <td>Count</td>
    <td>Pass</td>
    <td>Fail</td>
    <td>Error</td>
    <td>Skip</td>
    <td>View</td>
    <td> </td>
</tr>

<tr class='failClass'>
    <td class="testname">tempest.scenario.test_network_v6.TestGettingAddress</td>
    <td class="small">8</td>
    <td class="small">0</td>
    <td class="small">8</td>
    <td class="small">0</td>
    <td class="small">0</td>
    <td class="small"><a href="javascript:showClassDetail('c1',8)"
>Detail</a></td>
    <td> </td>
</tr>

<tr id='ft1.1' class='none'>
    <td class='failCase'><div class='testcase'>test_dhcp6_stateless_from_os[compute,id-d7e1f858-187c-45a6-89c9-bdafde619a9f,network,slow]</div></td>
    <td colspan='7' align='left'>

    <!--css div popup start-->
    <a class="popup_link" onfocus='this.blur();'
    href="javascript:showTestDetail('div_ft1.1')" >
        fail</a>

    <div id='div_ft1.1' class="popup_window">
        <div style='text-align: right; color:red;cursor:pointer'>
        <a onfocus='this.blur();'
onclick="document.getElementById('div_ft1.1').style.display = 'none' " >
           [x]</a>
        </div>
        <pre>
        
ft1.1: tempest.scenario.test_network_v6.TestGettingAddress.test_dhcp6_stateless_from_os[compute,id-d7e1f858-187c-45a6-89c9-bdafde619a9f,network,slow]_StringException: Empty attachments:
  stderr
  stdout

pythonlogging:'': {{{
2016-02-21 23:19:18,103 27672 INFO     [tempest_lib.common.rest_client] Request (TestGettingAddress:setUp): 200 POST http://10.4.1.3:8774/v2.1/1950f6112bb24f83a533ee3e01e9d877/os-keypairs 0.387s
2016-02-21 23:19:18,104 27672 DEBUG    [tempest_lib.common.rest_client] Request - Headers: {'Content-Type': 'application/json', 'Accept': 'application/json', 'X-Auth-Token': '&lt;omitted&gt;'}
        Body: {"keypair": {"name": "tempest-TestGettingAddress-383580706"}}
    Response - Headers: {'status': '200', 'content-length': '2319', 'x-compute-request-id': 'req-f62a3f7d-5661-4ab8-b4e2-7024e6f6a731', 'vary': 'X-OpenStack-Nova-API-Version', 'connection': 'close', 'x-openstack-nova-api-version': '2.1', 'date': 'Sun, 21 Feb 2016 23:19:18 GMT', 'content-type': 'application/json'}
        Body: {"keypair": {"public_key": "ssh-rsa AAAAB3NzaC1yc2EAAAADAQABAAABAQC6WeFSBQqrjorakauLL+aqjGfzmIbtPd0SFYEiY/GPa8XaW64UNIhLV0nIcwLedLRpqdkox599I/0V+bF91PLX/GdNVS6MZFoZlN6h2YvLl7yEsNUh3blpJP9pZKqlUUmYA+i05Dz/DVBGmu93sg3PEkGbZKZklTuKhrSofTj/udLFqmNLN8tNvOJim7ri41Bt67gxrTgkE4Mz/LSp0uv5xWzSh1RTIE+qePuJhMrzRS5T23kupvuNb7Ez0k9Xyi+GROISBVl5Zt+wPhKifDM8IAsdNUtQf0rynHPjiQycNwgpYKWLgbpuL+nFZCawQMTf00lQ59GsMshkQ9XYUT+t Generated-by-Nova", "private_key": "-----BEGIN RSA PRIVATE KEY-----\nMIIEqAIBAAKCAQEAulnhUgUKq46K2pGriy/mqoxn85iG7T3dEhWBImPxj2vF2luu\nFDSIS1dJyHMC3nS0aanZKMeffSP9FfmxfdTy1/xnTVUujGRaGZTeodmLy5e8hLDV\nId25aST/aWSqpVFJmAPotOQ8/w1QRprvd7INzxJBm2SmZJU7ioa0qH04/7nSxapj\nSzfLTbziYpu64uNQbeu4Ma04JBODM/y0qdLr+cVs0odUUyBPqnj7iYTK80UuU9t5\nLqb7jW+xM9JPV8ovhkTiEgVZeWbfsD4SonwzPCALHTVLUH9K8pxz44kMnDcIKWCl\ni4G6bi/pxWQmsEDE39NJUOfRrDLIZEPV2FE/rQIDAQABAoIBAQCDFrMQVYeaA13e\nP1bjRMEI/Fgr3gIcZcZb8FC09oV5FKFL5+5fPE0cYrz+ixlbj9FR+y9OJo8lIuno\nSYv4LpLeKSoqFl/2VqmjETxDsptKjuUImrRzbFv/gQ1DAJOiU7pne2h5x4y5Bo6P\n/HG0S8a3Aeqw+26plukZm4T+eYhdKw/az6k2U2wsk10WWIcScItVrZ9709IBkn9F\n+yQOv2whgrNaAm+59DEpvh1ExFvhs3l8qBOc3ICR7s3gQDDVno4miTMIAca1XY2t\nCM0m1Hl4u1lUuaMVcukvRcbb0ywtOWnhAJFgiWsOv4bSk0UWR2qHbh0L477ERc6H\n/vm7z+qpAoIAgQDDuk6DX6uQ4cC7kpzVbDa/7BlUyoZ+vGmgQtHfvDMMafsGG38G\nI8eWqvmMsFXp8tOUvLwWRcnELSnqp5Z3vQWehKStVZhgt75dIBUf4FgN0Ig2KBfh\n2wNFgK98k30wYYGmJPLVYGbSsNwejRzpuXfg2ZnGlnnGf/orfX5usLRBywKCAIEA\n87xjXvh7hbVGVxz+kP+fN2/yf/WCZ1NFQ18DN5Ts4EdD3FUoevvOEk+yZFZer5HH\nJwtWEeM16+u4d2E1oMa3h4ybhZGKqieCFtg5D9AuVvIL66hHjz73UH8/TcYLna3g\nxzu7wGoJjJIwacEzhvbqSuGxrxiO7J7c/EpTiV4LdWcCggCAMvrd5F4Q4+XJO5IO\ng5ByGj82wd0WdwBAStvcqnfsm/kmxwp2ZXUAUYArC7gKSKtU7NLT8sEusohI+LO5\n/2oegpFuCy/WRqrVTJBEsE7Q4JhGQkTjI5LWIU5JZxtLakSbblkFXwqC/bHPQ63h\nsAb88HX9Fbqv8UH4OUewnMgty00CggCAI+o5lk/1G6G3iLScCk+wbWHQkOxjV8hc\nZ24Dslf+g5nctQXTXjPmjKoztjdH4oUPnIA+IYqicm4ck3K+jT9a4d1lOUxV63bA\n447e8aaSfXtTKFl2mfQES1dEw7gQFB8ABTuXEeZOG+mauqqeZh/SLFCPdyaeQN2z\n4HUvVAmIlLcCggCAYpJYmY5IKmZkYCGJJTwkq5Hrsea1i+A/WtvTMJWWMofBeeHm\nZPXyH744YX3nWdwIkJuOWCwFXn2RZbneNgEFmz66owKyXDIkys6uxnlYrDdhRwlV\noarQ5+ifGHEhGQO7Bfxr9LdyuapA3qRWIO4g/Yc+pXQLWGqIIUmmcRZDgDs=\n-----END RSA PRIVATE KEY-----\n", "user_id": "e4c392155c8b4a0b99f8e76cab21860c", "name": "tempest-TestGettingAddress-383580706", "fingerprint": "24:f0:50:43:2a:98:84:85:bf:f7:c9:be:6b:87:62:e5"}}
2016-02-21 23:19:18,533 27672 INFO     [tempest_lib.common.rest_client] Request (TestGettingAddress:setUp): 201 POST http://10.4.1.3:9696/v2.0/security-groups 0.423s
2016-02-21 23:19:18,534 27672 DEBUG    [tempest_lib.common.rest_client] Request - Headers: {'Content-Type': 'application/json', 'Accept': 'application/json', 'X-Auth-Token': '&lt;omitted&gt;'}
        Body: {"security_group": {"tenant_id": "1950f6112bb24f83a533ee3e01e9d877", "description": "tempest-secgroup-smoke-203098736 description", "name": "tempest-secgroup-smoke-203098736"}}
    Response - Headers: {'status': '201', 'content-length': '886', 'connection': 'close', 'date': 'Sun, 21 Feb 2016 23:19:18 GMT', 'content-type': 'application/json; charset=UTF-8', 'x-openstack-request-id': 'req-bb779444-8ce7-450a-9c9d-a134941482db'}
        Body: {"security_group": {"tenant_id": "1950f6112bb24f83a533ee3e01e9d877", "description": "tempest-secgroup-smoke-203098736 description", "id": "5be93689-8a41-4082-b24d-479a62a7e9b5", "security_group_rules": [{"remote_group_id": null, "direction": "egress", "remote_ip_prefix": null, "protocol": null, "ethertype": "IPv4", "tenant_id": "1950f6112bb24f83a533ee3e01e9d877", "port_range_max": null, "port_range_min": null, "id": "b0e5aa8c-717a-4288-ab39-144ee760a8f0", "security_group_id": "5be93689-8a41-4082-b24d-479a62a7e9b5"}, {"remote_group_id": null, "direction": "egress", "remote_ip_prefix": null, "protocol": null, "ethertype": "IPv6", "tenant_id": "1950f6112bb24f83a533ee3e01e9d877", "port_range_max": null, "port_range_min": null, "id": "fa1942ee-c8c3-45bc-a395-cfa8b1108105", "security_group_id": "5be93689-8a41-4082-b24d-479a62a7e9b5"}], "name": "tempest-secgroup-smoke-203098736"}}
2016-02-21 23:19:18,875 27672 INFO     [tempest_lib.common.rest_client] Request (TestGettingAddress:setUp): 201 POST http://10.4.1.3:9696/v2.0/security-group-rules 0.339s
2016-02-21 23:19:18,875 27672 DEBUG    [tempest_lib.common.rest_client] Request - Headers: {'Content-Type': 'application/json', 'Accept': 'application/json', 'X-Auth-Token': '&lt;omitted&gt;'}
        Body: {"security_group_rule": {"direction": "ingress", "protocol": "tcp", "tenant_id": "1950f6112bb24f83a533ee3e01e9d877", "port_range_max": 22, "security_group_id": "5be93689-8a41-4082-b24d-479a62a7e9b5", "port_range_min": 22}}
    Response - Headers: {'status': '201', 'content-length': '340', 'connection': 'close', 'date': 'Sun, 21 Feb 2016 23:19:18 GMT', 'content-type': 'application/json; charset=UTF-8', 'x-openstack-request-id': 'req-917dbb90-a939-420c-8f90-829644670944'}
        Body: {"security_group_rule": {"remote_group_id": null, "direction": "ingress", "remote_ip_prefix": null, "protocol": "tcp", "ethertype": "IPv4", "tenant_id": "1950f6112bb24f83a533ee3e01e9d877", "port_range_max": 22, "port_range_min": 22, "id": "24304dee-359b-4a37-9d38-2a433adeee81", "security_group_id": "5be93689-8a41-4082-b24d-479a62a7e9b5"}}
2016-02-21 23:19:19,216 27672 INFO     [tempest_lib.common.rest_client] Request (TestGettingAddress:setUp): 201 POST http://10.4.1.3:9696/v2.0/security-group-rules 0.339s
2016-02-21 23:19:19,217 27672 DEBUG    [tempest_lib.common.rest_client] Request - Headers: {'Content-Type': 'application/json', 'Accept': 'application/json', 'X-Auth-Token': '&lt;omitted&gt;'}
        Body: {"security_group_rule": {"direction": "egress", "protocol": "tcp", "tenant_id": "1950f6112bb24f83a533ee3e01e9d877", "port_range_max": 22, "security_group_id": "5be93689-8a41-4082-b24d-479a62a7e9b5", "port_range_min": 22}}
    Response - Headers: {'status': '201', 'content-length': '339', 'connection': 'close', 'date': 'Sun, 21 Feb 2016 23:19:19 GMT', 'content-type': 'application/json; charset=UTF-8', 'x-openstack-request-id': 'req-d1277541-61ed-42f4-ab1a-3e8ee1ca5784'}
        Body: {"security_group_rule": {"remote_group_id": null, "direction": "egress", "remote_ip_prefix": null, "protocol": "tcp", "ethertype": "IPv4", "tenant_id": "1950f6112bb24f83a533ee3e01e9d877", "port_range_max": 22, "port_range_min": 22, "id": "76241554-fdfc-4af3-8599-c7ce45ca4b14", "security_group_id": "5be93689-8a41-4082-b24d-479a62a7e9b5"}}
2016-02-21 23:19:19,485 27672 INFO     [tempest_lib.common.rest_client] Request (TestGettingAddress:setUp): 201 POST http://10.4.1.3:9696/v2.0/security-group-rules 0.267s
2016-02-21 23:19:19,486 27672 DEBUG    [tempest_lib.common.rest_client] Request - Headers: {'Content-Type': 'application/json', 'Accept': 'application/json', 'X-Auth-Token': '&lt;omitted&gt;'}
        Body: {"security_group_rule": {"tenant_id": "1950f6112bb24f83a533ee3e01e9d877", "direction": "ingress", "protocol": "icmp", "security_group_id": "5be93689-8a41-4082-b24d-479a62a7e9b5"}}
    Response - Headers: {'status': '201', 'content-length': '345', 'connection': 'close', 'date': 'Sun, 21 Feb 2016 23:19:19 GMT', 'content-type': 'application/json; charset=UTF-8', 'x-openstack-request-id': 'req-2fae6ae8-6295-4eef-9fe9-4775a33f998c'}
        Body: {"security_group_rule": {"remote_group_id": null, "direction": "ingress", "remote_ip_prefix": null, "protocol": "icmp", "ethertype": "IPv4", "tenant_id": "1950f6112bb24f83a533ee3e01e9d877", "port_range_max": null, "port_range_min": null, "id": "d097287f-ffb2-4c76-9804-40e04baca14b", "security_group_id": "5be93689-8a41-4082-b24d-479a62a7e9b5"}}
2016-02-21 23:19:19,820 27672 INFO     [tempest_lib.common.rest_client] Request (TestGettingAddress:setUp): 201 POST http://10.4.1.3:9696/v2.0/security-group-rules 0.333s
2016-02-21 23:19:19,821 27672 DEBUG    [tempest_lib.common.rest_client] Request - Headers: {'Content-Type': 'application/json', 'Accept': 'application/json', 'X-Auth-Token': '&lt;omitted&gt;'}
        Body: {"security_group_rule": {"tenant_id": "1950f6112bb24f83a533ee3e01e9d877", "direction": "egress", "protocol": "icmp", "security_group_id": "5be93689-8a41-4082-b24d-479a62a7e9b5"}}
    Response - Headers: {'status': '201', 'content-length': '344', 'connection': 'close', 'date': 'Sun, 21 Feb 2016 23:19:19 GMT', 'content-type': 'application/json; charset=UTF-8', 'x-openstack-request-id': 'req-a996f750-56dc-4175-8ba9-0e703c77e0a1'}
        Body: {"security_group_rule": {"remote_group_id": null, "direction": "egress", "remote_ip_prefix": null, "protocol": "icmp", "ethertype": "IPv4", "tenant_id": "1950f6112bb24f83a533ee3e01e9d877", "port_range_max": null, "port_range_min": null, "id": "96bdb6f7-86bb-49fd-9728-f40dd8118a4f", "security_group_id": "5be93689-8a41-4082-b24d-479a62a7e9b5"}}
2016-02-21 23:19:20,150 27672 INFO     [tempest_lib.common.rest_client] Request (TestGettingAddress:setUp): 201 POST http://10.4.1.3:9696/v2.0/security-group-rules 0.328s
2016-02-21 23:19:20,150 27672 DEBUG    [tempest_lib.common.rest_client] Request - Headers: {'Content-Type': 'application/json', 'Accept': 'application/json', 'X-Auth-Token': '&lt;omitted&gt;'}
        Body: {"security_group_rule": {"tenant_id": "1950f6112bb24f83a533ee3e01e9d877", "direction": "ingress", "security_group_id": "5be93689-8a41-4082-b24d-479a62a7e9b5", "protocol": "icmp", "ethertype": "IPv6"}}
    Response - Headers: {'status': '201', 'content-length': '345', 'connection': 'close', 'date': 'Sun, 21 Feb 2016 23:19:20 GMT', 'content-type': 'application/json; charset=UTF-8', 'x-openstack-request-id': 'req-9f0c5510-7d9e-427e-bf78-bcc13fcebb92'}
        Body: {"security_group_rule": {"remote_group_id": null, "direction": "ingress", "remote_ip_prefix": null, "protocol": "icmp", "ethertype": "IPv6", "tenant_id": "1950f6112bb24f83a533ee3e01e9d877", "port_range_max": null, "port_range_min": null, "id": "9fa8f8bc-43e9-4a11-b3f1-a8b6d5c873cd", "security_group_id": "5be93689-8a41-4082-b24d-479a62a7e9b5"}}
2016-02-21 23:19:20,457 27672 INFO     [tempest_lib.common.rest_client] Request (TestGettingAddress:setUp): 201 POST http://10.4.1.3:9696/v2.0/security-group-rules 0.305s
2016-02-21 23:19:20,458 27672 DEBUG    [tempest_lib.common.rest_client] Request - Headers: {'Content-Type': 'application/json', 'Accept': 'application/json', 'X-Auth-Token': '&lt;omitted&gt;'}
        Body: {"security_group_rule": {"tenant_id": "1950f6112bb24f83a533ee3e01e9d877", "direction": "egress", "security_group_id": "5be93689-8a41-4082-b24d-479a62a7e9b5", "protocol": "icmp", "ethertype": "IPv6"}}
    Response - Headers: {'status': '201', 'content-length': '344', 'connection': 'close', 'date': 'Sun, 21 Feb 2016 23:19:20 GMT', 'content-type': 'application/json; charset=UTF-8', 'x-openstack-request-id': 'req-f2175b7f-68ad-48b0-ba11-d225ac54bdfb'}
        Body: {"security_group_rule": {"remote_group_id": null, "direction": "egress", "remote_ip_prefix": null, "protocol": "icmp", "ethertype": "IPv6", "tenant_id": "1950f6112bb24f83a533ee3e01e9d877", "port_range_max": null, "port_range_min": null, "id": "61c7a249-a5aa-4429-a9c3-89a521563f12", "security_group_id": "5be93689-8a41-4082-b24d-479a62a7e9b5"}}
2016-02-21 23:19:20,934 27672 INFO     [tempest_lib.common.rest_client] Request (TestGettingAddress:test_dhcp6_stateless_from_os): 201 POST http://10.4.1.3:9696/v2.0/networks 0.475s
2016-02-21 23:19:20,935 27672 DEBUG    [tempest_lib.common.rest_client] Request - Headers: {'Content-Type': 'application/json', 'Accept': 'application/json', 'X-Auth-Token': '&lt;omitted&gt;'}
        Body: {"network": {"tenant_id": "1950f6112bb24f83a533ee3e01e9d877", "name": "tempest-network-smoke--652918402"}}
    Response - Headers: {'status': '201', 'content-length': '355', 'connection': 'close', 'date': 'Sun, 21 Feb 2016 23:19:20 GMT', 'content-type': 'application/json; charset=UTF-8', 'x-openstack-request-id': 'req-414a485a-e240-4bf1-9708-399bd4b22f22'}
        Body: {"network": {"status": "ACTIVE", "subnets": [], "availability_zone_hints": [], "availability_zones": [], "name": "tempest-network-smoke--652918402", "admin_state_up": true, "tenant_id": "1950f6112bb24f83a533ee3e01e9d877", "mtu": 1450, "router:external": false, "shared": false, "port_security_enabled": true, "id": "7020679c-729e-4724-9e22-8b35a5a058ce"}}
2016-02-21 23:19:21,207 27672 INFO     [tempest_lib.common.rest_client] Request (TestGettingAddress:test_dhcp6_stateless_from_os): 200 GET http://10.4.1.3:9696/v2.0/subnets?tenant_id=1950f6112bb24f83a533ee3e01e9d877&amp;cidr=10.100.0.0%2F28 0.270s
2016-02-21 23:19:21,209 27672 DEBUG    [tempest_lib.common.rest_client] Request - Headers: {'Content-Type': 'application/json', 'Accept': 'application/json', 'X-Auth-Token': '&lt;omitted&gt;'}
        Body: None
    Response - Headers: {'status': '200', 'content-length': '15', 'content-location': 'http://10.4.1.3:9696/v2.0/subnets?tenant_id=1950f6112bb24f83a533ee3e01e9d877&amp;cidr=10.100.0.0%2F28', 'connection': 'close', 'date': 'Sun, 21 Feb 2016 23:19:21 GMT', 'content-type': 'application/json; charset=UTF-8', 'x-openstack-request-id': 'req-93d0d174-3431-4fc0-808f-b6523d4cc48a'}
        Body: {"subnets": []}
2016-02-21 23:19:21,769 27672 INFO     [tempest_lib.common.rest_client] Request (TestGettingAddress:test_dhcp6_stateless_from_os): 201 POST http://10.4.1.3:9696/v2.0/subnets 0.559s
2016-02-21 23:19:21,770 27672 DEBUG    [tempest_lib.common.rest_client] Request - Headers: {'Content-Type': 'application/json', 'Accept': 'application/json', 'X-Auth-Token': '&lt;omitted&gt;'}
        Body: {"subnet": {"ip_version": 4, "tenant_id": "1950f6112bb24f83a533ee3e01e9d877", "cidr": "10.100.0.0/28", "network_id": "7020679c-729e-4724-9e22-8b35a5a058ce", "name": "tempest-sub4-86440264"}}
    Response - Headers: {'status': '201', 'content-length': '468', 'connection': 'close', 'date': 'Sun, 21 Feb 2016 23:19:21 GMT', 'content-type': 'application/json; charset=UTF-8', 'x-openstack-request-id': 'req-ad51c3b5-5662-4d4d-a446-cf1fa21b3e55'}
        Body: {"subnet": {"name": "tempest-sub4-86440264", "enable_dhcp": true, "network_id": "7020679c-729e-4724-9e22-8b35a5a058ce", "tenant_id": "1950f6112bb24f83a533ee3e01e9d877", "dns_nameservers": [], "gateway_ip": "10.100.0.1", "ipv6_ra_mode": null, "allocation_pools": [{"start": "10.100.0.2", "end": "10.100.0.14"}], "host_routes": [], "ip_version": 4, "ipv6_address_mode": null, "cidr": "10.100.0.0/28", "id": "f4ce4924-6d82-4584-b1e4-8dd5dfa5c85d", "subnetpool_id": null}}
2016-02-21 23:19:22,029 27672 INFO     [tempest_lib.common.rest_client] Request (TestGettingAddress:test_dhcp6_stateless_from_os): 201 POST http://10.4.1.3:9696/v2.0/routers 0.257s
2016-02-21 23:19:22,030 27672 DEBUG    [tempest_lib.common.rest_client] Request - Headers: {'Content-Type': 'application/json', 'Accept': 'application/json', 'X-Auth-Token': '&lt;omitted&gt;'}
        Body: {"router": {"tenant_id": "1950f6112bb24f83a533ee3e01e9d877", "name": "tempest-router-smoke-354837581", "admin_state_up": true}}
    Response - Headers: {'status': '201', 'content-length': '238', 'connection': 'close', 'date': 'Sun, 21 Feb 2016 23:19:22 GMT', 'content-type': 'application/json; charset=UTF-8', 'x-openstack-request-id': 'req-ce35c031-83b4-464f-b1d5-6b54d05ed7c6'}
        Body: {"router": {"status": "ACTIVE", "external_gateway_info": null, "name": "tempest-router-smoke-354837581", "admin_state_up": true, "tenant_id": "1950f6112bb24f83a533ee3e01e9d877", "routes": [], "id": "927807ee-ca12-490b-8c5b-5d801d30879d"}}
2016-02-21 23:19:22,250 27672 INFO     [tempest_lib.common.rest_client] Request (TestGettingAddress:test_dhcp6_stateless_from_os): 200 GET http://10.4.1.3:9696/v2.0/routers/927807ee-ca12-490b-8c5b-5d801d30879d 0.220s
2016-02-21 23:19:22,251 27672 DEBUG    [tempest_lib.common.rest_client] Request - Headers: {'Content-Type': 'application/json', 'Accept': 'application/json', 'X-Auth-Token': '&lt;omitted&gt;'}
        Body: None
    Response - Headers: {'status': '200', 'content-length': '238', 'content-location': 'http://10.4.1.3:9696/v2.0/routers/927807ee-ca12-490b-8c5b-5d801d30879d', 'connection': 'close', 'date': 'Sun, 21 Feb 2016 23:19:22 GMT', 'content-type': 'application/json; charset=UTF-8', 'x-openstack-request-id': 'req-950cea4f-9990-44bc-935b-2cd28e3a940d'}
        Body: {"router": {"status": "ACTIVE", "external_gateway_info": null, "name": "tempest-router-smoke-354837581", "admin_state_up": true, "tenant_id": "1950f6112bb24f83a533ee3e01e9d877", "routes": [], "id": "927807ee-ca12-490b-8c5b-5d801d30879d"}}
2016-02-21 23:19:23,046 27672 INFO     [tempest_lib.common.rest_client] Request (TestGettingAddress:test_dhcp6_stateless_from_os): 200 PUT http://10.4.1.3:9696/v2.0/routers/927807ee-ca12-490b-8c5b-5d801d30879d 0.794s
2016-02-21 23:19:23,047 27672 DEBUG    [tempest_lib.common.rest_client] Request - Headers: {'Content-Type': 'application/json', 'Accept': 'application/json', 'X-Auth-Token': '&lt;omitted&gt;'}
        Body: {"router": {"external_gateway_info": {"network_id": "fbb7194f-8a92-4dce-bacd-67dc46ef65c0"}, "name": "tempest-router-smoke-354837581", "admin_state_up": true}}
    Response - Headers: {'status': '200', 'content-length': '500', 'connection': 'close', 'date': 'Sun, 21 Feb 2016 23:19:23 GMT', 'content-type': 'application/json; charset=UTF-8', 'x-openstack-request-id': 'req-afb27fd0-c225-4c3a-85fa-13684203742b'}
        Body: {"router": {"status": "ACTIVE", "external_gateway_info": {"network_id": "fbb7194f-8a92-4dce-bacd-67dc46ef65c0", "enable_snat": true, "external_fixed_ips": [{"subnet_id": "080f87b3-8ff2-4e06-b5f4-792e24f6156b", "ip_address": "172.24.4.3"}, {"subnet_id": "b8bf5989-39fc-4fc3-982a-0ccdc6c486f1", "ip_address": "2001:db8::3"}]}, "name": "tempest-router-smoke-354837581", "admin_state_up": true, "tenant_id": "1950f6112bb24f83a533ee3e01e9d877", "routes": [], "id": "927807ee-ca12-490b-8c5b-5d801d30879d"}}
2016-02-21 23:19:23,865 27672 INFO     [tempest_lib.common.rest_client] Request (TestGettingAddress:test_dhcp6_stateless_from_os): 200 PUT http://10.4.1.3:9696/v2.0/routers/927807ee-ca12-490b-8c5b-5d801d30879d/add_router_interface 0.817s
2016-02-21 23:19:23,866 27672 DEBUG    [tempest_lib.common.rest_client] Request - Headers: {'Content-Type': 'application/json', 'Accept': 'application/json', 'X-Auth-Token': '&lt;omitted&gt;'}
        Body: {"subnet_id": "f4ce4924-6d82-4584-b1e4-8dd5dfa5c85d"}
    Response - Headers: {'status': '200', 'content-length': '309', 'connection': 'close', 'date': 'Sun, 21 Feb 2016 23:19:23 GMT', 'content-type': 'application/json; charset=UTF-8', 'x-openstack-request-id': 'req-37a1de31-ea89-408f-a47c-6f8a1630de42'}
        Body: {"network_id": "7020679c-729e-4724-9e22-8b35a5a058ce", "tenant_id": "1950f6112bb24f83a533ee3e01e9d877", "subnet_id": "f4ce4924-6d82-4584-b1e4-8dd5dfa5c85d", "subnet_ids": ["f4ce4924-6d82-4584-b1e4-8dd5dfa5c85d"], "port_id": "1be9e49c-b379-4572-8915-96105384b619", "id": "927807ee-ca12-490b-8c5b-5d801d30879d"}
2016-02-21 23:19:24,119 27672 INFO     [tempest_lib.common.rest_client] Request (TestGettingAddress:test_dhcp6_stateless_from_os): 200 GET http://10.4.1.3:9696/v2.0/subnets?tenant_id=1950f6112bb24f83a533ee3e01e9d877&amp;cidr=2003%3A%3A%2F64 0.252s
2016-02-21 23:19:24,120 27672 DEBUG    [tempest_lib.common.rest_client] Request - Headers: {'Content-Type': 'application/json', 'Accept': 'application/json', 'X-Auth-Token': '&lt;omitted&gt;'}
        Body: None
    Response - Headers: {'status': '200', 'content-length': '15', 'content-location': 'http://10.4.1.3:9696/v2.0/subnets?tenant_id=1950f6112bb24f83a533ee3e01e9d877&amp;cidr=2003%3A%3A%2F64', 'connection': 'close', 'date': 'Sun, 21 Feb 2016 23:19:24 GMT', 'content-type': 'application/json; charset=UTF-8', 'x-openstack-request-id': 'req-1d38439a-6e90-47a7-a33b-5d379e990af0'}
        Body: {"subnets": []}
2016-02-21 23:19:25,351 27672 INFO     [tempest_lib.common.rest_client] Request (TestGettingAddress:test_dhcp6_stateless_from_os): 201 POST http://10.4.1.3:9696/v2.0/subnets 1.230s
2016-02-21 23:19:25,352 27672 DEBUG    [tempest_lib.common.rest_client] Request - Headers: {'Content-Type': 'application/json', 'Accept': 'application/json', 'X-Auth-Token': '&lt;omitted&gt;'}
        Body: {"subnet": {"name": "tempest-sub6-316403415", "network_id": "7020679c-729e-4724-9e22-8b35a5a058ce", "tenant_id": "1950f6112bb24f83a533ee3e01e9d877", "ipv6_ra_mode": "dhcpv6-stateless", "ip_version": 6, "ipv6_address_mode": "dhcpv6-stateless", "cidr": "2003::/64"}}
    Response - Headers: {'status': '201', 'content-length': '501', 'connection': 'close', 'date': 'Sun, 21 Feb 2016 23:19:25 GMT', 'content-type': 'application/json; charset=UTF-8', 'x-openstack-request-id': 'req-80f413cf-2adf-4d8d-beba-5b89e46121f4'}
        Body: {"subnet": {"name": "tempest-sub6-316403415", "enable_dhcp": true, "network_id": "7020679c-729e-4724-9e22-8b35a5a058ce", "tenant_id": "1950f6112bb24f83a533ee3e01e9d877", "dns_nameservers": [], "gateway_ip": "2003::1", "ipv6_ra_mode": "dhcpv6-stateless", "allocation_pools": [{"start": "2003::2", "end": "2003::ffff:ffff:ffff:ffff"}], "host_routes": [], "ip_version": 6, "ipv6_address_mode": "dhcpv6-stateless", "cidr": "2003::/64", "id": "ba571d39-a708-4f6e-b719-2bacbc1ed41c", "subnetpool_id": null}}
2016-02-21 23:19:26,176 27672 INFO     [tempest_lib.common.rest_client] Request (TestGettingAddress:test_dhcp6_stateless_from_os): 200 PUT http://10.4.1.3:9696/v2.0/routers/927807ee-ca12-490b-8c5b-5d801d30879d/add_router_interface 0.822s
2016-02-21 23:19:26,177 27672 DEBUG    [tempest_lib.common.rest_client] Request - Headers: {'Content-Type': 'application/json', 'Accept': 'application/json', 'X-Auth-Token': '&lt;omitted&gt;'}
        Body: {"subnet_id": "ba571d39-a708-4f6e-b719-2bacbc1ed41c"}
    Response - Headers: {'status': '200', 'content-length': '309', 'connection': 'close', 'date': 'Sun, 21 Feb 2016 23:19:26 GMT', 'content-type': 'application/json; charset=UTF-8', 'x-openstack-request-id': 'req-05d43e48-dff7-4910-9899-3b7d5b010f47'}
        Body: {"network_id": "7020679c-729e-4724-9e22-8b35a5a058ce", "tenant_id": "1950f6112bb24f83a533ee3e01e9d877", "subnet_id": "ba571d39-a708-4f6e-b719-2bacbc1ed41c", "subnet_ids": ["ba571d39-a708-4f6e-b719-2bacbc1ed41c"], "port_id": "44e76575-767f-49c4-8331-4b431647ab71", "id": "927807ee-ca12-490b-8c5b-5d801d30879d"}
2016-02-21 23:19:26,338 27672 INFO     [tempest_lib.common.rest_client] Request (TestGettingAddress:test_dhcp6_stateless_from_os): 200 POST http://10.4.1.3:5000/v2.0/tokens
2016-02-21 23:19:26,338 27672 DEBUG    [tempest_lib.common.rest_client] Request - Headers: {'Content-Type': 'application/json', 'Accept': 'application/json'}
        Body: &lt;omitted&gt;
    Response - Headers: {'status': '200', 'content-length': '2252', 'vary': 'X-Auth-Token', 'server': 'Apache/2.4.7 (Ubuntu)', 'connection': 'close', 'date': 'Sun, 21 Feb 2016 23:19:26 GMT', 'content-type': 'application/json', 'x-openstack-request-id': 'req-55443c2a-7b57-4427-938f-0dc3275ebdda'}
        Body: {"access": {"token": {"issued_at": "2016-02-21T23:19:26.326885", "expires": "2016-02-22T00:19:26Z", "id": "d3b2b914a37043498aae13938826880d", "tenant": {"description": "tempest-TestGettingAddress-248726196-desc", "enabled": true, "id": "1950f6112bb24f83a533ee3e01e9d877", "name": "tempest-TestGettingAddress-248726196"}, "audit_ids": ["1qX3GSfOTzWeSnoDgb9Jsw"]}, "serviceCatalog": [{"endpoints": [{"adminURL": "http://10.4.1.3:9292", "region": "RegionOne", "internalURL": "http://10.4.1.3:9292", "id": "36201462e1ca4b36aeebee191a22c543", "publicURL": "http://10.4.1.3:9292"}], "endpoints_links": [], "type": "image", "name": "glance"}, {"endpoints": [{"adminURL": "http://10.4.1.3:8774/v2.1/1950f6112bb24f83a533ee3e01e9d877", "region": "RegionOne", "internalURL": "http://10.4.1.3:8774/v2.1/1950f6112bb24f83a533ee3e01e9d877", "id": "2fabb9f2b51240289603ff14cff98610", "publicURL": "http://10.4.1.3:8774/v2.1/1950f6112bb24f83a533ee3e01e9d877"}], "endpoints_links": [], "type": "compute", "name": "nova"}, {"endpoints": [{"adminURL": "http://10.4.1.3:9696/", "region": "RegionOne", "internalURL": "http://10.4.1.3:9696/", "id": "223619d827fd4cdcbddf58098ad0d006", "publicURL": "http://10.4.1.3:9696/"}], "endpoints_links": [], "type": "network", "name": "neutron"}, {"endpoints": [{"adminURL": "http://10.4.1.3:35357/v2.0", "region": "RegionOne", "internalURL": "http://10.4.1.3:5000/v2.0", "id": "ad386a5d92304e018adbc08ce5cc5b72", "publicURL": "http://10.4.1.3:5000/v2.0"}], "endpoints_links": [], "type": "identity", "name": "keystone"}, {"endpoints": [{"adminURL": "http://10.4.1.3:8774/v2/1950f6112bb24f83a533ee3e01e9d877", "region": "RegionOne", "internalURL": "http://10.4.1.3:8774/v2/1950f6112bb24f83a533ee3e01e9d877", "id": "31f96e521f33413abed7c56fc465264c", "publicURL": "http://10.4.1.3:8774/v2/1950f6112bb24f83a533ee3e01e9d877"}], "endpoints_links": [], "type": "compute_legacy", "name": "nova_legacy"}], "user": {"username": "tempest-TestGettingAddress-181751503", "roles_links": [], "id": "e4c392155c8b4a0b99f8e76cab21860c", "roles": [{"name": "Member"}, {"name": "_member_"}], "name": "tempest-TestGettingAddress-181751503"}, "metadata": {"is_admin": 0, "roles": ["85ce16d3342e4b719d2ae8d8eedf30ff", "9fe2ff9ee4384b1894a90878d3e92bab"]}}}
2016-02-21 23:19:26,344 27672 DEBUG    [tempest.common.fixed_network] (TestGettingAddress:test_dhcp6_stateless_from_os) No valid network provided or created, defaulting to fixed_network_name
2016-02-21 23:19:26,833 27672 INFO     [tempest_lib.common.rest_client] Request (TestGettingAddress:test_dhcp6_stateless_from_os): 200 GET http://10.4.1.3:8774/v2.1/1950f6112bb24f83a533ee3e01e9d877/os-networks 0.486s
2016-02-21 23:19:26,834 27672 DEBUG    [tempest_lib.common.rest_client] Request - Headers: {'Content-Type': 'application/json', 'Accept': 'application/json', 'X-Auth-Token': '&lt;omitted&gt;'}
        Body: None
    Response - Headers: {'status': '200', 'content-length': '478', 'content-location': 'http://10.4.1.3:8774/v2.1/1950f6112bb24f83a533ee3e01e9d877/os-networks', 'x-compute-request-id': 'req-ac95d6c0-3bf9-4d4e-a731-d37162d453e5', 'vary': 'X-OpenStack-Nova-API-Version', 'connection': 'close', 'x-openstack-nova-api-version': '2.1', 'date': 'Sun, 21 Feb 2016 23:19:26 GMT', 'content-type': 'application/json'}
        Body: {"networks": [{"cidr_v6": null, "dns2": null, "dns1": null, "gateway": null, "broadcast": null, "netmask": null, "gateway_v6": null, "cidr": null, "label": "tempest-network-smoke--652918402", "id": "7020679c-729e-4724-9e22-8b35a5a058ce", "netmask_v6": null}, {"cidr_v6": null, "dns2": null, "dns1": null, "gateway": null, "broadcast": null, "netmask": null, "gateway_v6": null, "cidr": null, "label": "public", "id": "fbb7194f-8a92-4dce-bacd-67dc46ef65c0", "netmask_v6": null}]}
2016-02-21 23:19:26,835 27672 WARNING  [tempest.common.fixed_network] (TestGettingAddress:test_dhcp6_stateless_from_os) Network with name: private not found
2016-02-21 23:19:26,835 27672 INFO     [tempest.common.fixed_network] (TestGettingAddress:test_dhcp6_stateless_from_os) Found network {} available for tenant
2016-02-21 23:19:29,982 27672 INFO     [tempest_lib.common.rest_client] Request (TestGettingAddress:test_dhcp6_stateless_from_os): 202 POST http://10.4.1.3:8774/v2.1/1950f6112bb24f83a533ee3e01e9d877/servers 3.146s
2016-02-21 23:19:29,983 27672 DEBUG    [tempest_lib.common.rest_client] Request - Headers: {'Content-Type': 'application/json', 'Accept': 'application/json', 'X-Auth-Token': '&lt;omitted&gt;'}
        Body: {"server": {"name": "tempest.common.compute-instance-635978899", "imageRef": "c12803da-35c3-4c27-9bb8-3642381b0cdf", "key_name": "tempest-TestGettingAddress-383580706", "flavorRef": "42", "networks": [{"uuid": "7020679c-729e-4724-9e22-8b35a5a058ce"}], "security_groups": [{"name": "tempest-secgroup-smoke-203098736"}]}}
    Response - Headers: {'status': '202', 'content-length': '459', 'x-compute-request-id': 'req-f3578c2c-f828-4b5c-af75-afbbd16edd2b', 'vary': 'X-OpenStack-Nova-API-Version', 'connection': 'close', 'location': 'http://10.4.1.3:8774/v2.1/1950f6112bb24f83a533ee3e01e9d877/servers/40c31e1c-0cb1-41fc-b5ce-e7facd495b38', 'x-openstack-nova-api-version': '2.1', 'date': 'Sun, 21 Feb 2016 23:19:29 GMT', 'content-type': 'application/json'}
        Body: {"server": {"security_groups": [{"name": "tempest-secgroup-smoke-203098736"}], "OS-DCF:diskConfig": "MANUAL", "id": "40c31e1c-0cb1-41fc-b5ce-e7facd495b38", "links": [{"href": "http://10.4.1.3:8774/v2.1/1950f6112bb24f83a533ee3e01e9d877/servers/40c31e1c-0cb1-41fc-b5ce-e7facd495b38", "rel": "self"}, {"href": "http://10.4.1.3:8774/1950f6112bb24f83a533ee3e01e9d877/servers/40c31e1c-0cb1-41fc-b5ce-e7facd495b38", "rel": "bookmark"}], "adminPass": "jRsVvUvuf5TJ"}}
2016-02-21 23:19:30,511 27672 INFO     [tempest_lib.common.rest_client] Request (TestGettingAddress:test_dhcp6_stateless_from_os): 200 GET http://10.4.1.3:8774/v2.1/1950f6112bb24f83a533ee3e01e9d877/servers/40c31e1c-0cb1-41fc-b5ce-e7facd495b38 0.524s
2016-02-21 23:19:30,512 27672 DEBUG    [tempest_lib.common.rest_client] Request - Headers: {'Content-Type': 'application/json', 'Accept': 'application/json', 'X-Auth-Token': '&lt;omitted&gt;'}
        Body: None
    Response - Headers: {'status': '200', 'content-length': '1349', 'content-location': 'http://10.4.1.3:8774/v2.1/1950f6112bb24f83a533ee3e01e9d877/servers/40c31e1c-0cb1-41fc-b5ce-e7facd495b38', 'x-compute-request-id': 'req-9b4218c3-cc48-494e-a835-78c590a406f4', 'vary': 'X-OpenStack-Nova-API-Version', 'connection': 'close', 'x-openstack-nova-api-version': '2.1', 'date': 'Sun, 21 Feb 2016 23:19:30 GMT', 'content-type': 'application/json'}
        Body: {"server": {"status": "BUILD", "updated": "2016-02-21T23:19:30Z", "hostId": "", "addresses": {}, "links": [{"href": "http://10.4.1.3:8774/v2.1/1950f6112bb24f83a533ee3e01e9d877/servers/40c31e1c-0cb1-41fc-b5ce-e7facd495b38", "rel": "self"}, {"href": "http://10.4.1.3:8774/1950f6112bb24f83a533ee3e01e9d877/servers/40c31e1c-0cb1-41fc-b5ce-e7facd495b38", "rel": "bookmark"}], "key_name": "tempest-TestGettingAddress-383580706", "image": {"id": "c12803da-35c3-4c27-9bb8-3642381b0cdf", "links": [{"href": "http://10.4.1.3:8774/1950f6112bb24f83a533ee3e01e9d877/images/c12803da-35c3-4c27-9bb8-3642381b0cdf", "rel": "bookmark"}]}, "OS-EXT-STS:task_state": "scheduling", "OS-EXT-STS:vm_state": "building", "OS-SRV-USG:launched_at": null, "flavor": {"id": "42", "links": [{"href": "http://10.4.1.3:8774/1950f6112bb24f83a533ee3e01e9d877/flavors/42", "rel": "bookmark"}]}, "id": "40c31e1c-0cb1-41fc-b5ce-e7facd495b38", "OS-SRV-USG:terminated_at": null, "OS-EXT-AZ:availability_zone": "", "user_id": "e4c392155c8b4a0b99f8e76cab21860c", "name": "tempest.common.compute-instance-635978899", "created": "2016-02-21T23:19:29Z", "tenant_id": "1950f6112bb24f83a533ee3e01e9d877", "OS-DCF:diskConfig": "MANUAL", "os-extended-volumes:volumes_attached": [], "accessIPv4": "", "accessIPv6": "", "progress": 0, "OS-EXT-STS:power_state": 0, "config_drive": "", "metadata": {}}}
2016-02-21 23:19:32,069 27672 INFO     [tempest_lib.common.rest_client] Request (TestGettingAddress:test_dhcp6_stateless_from_os): 200 GET http://10.4.1.3:8774/v2.1/1950f6112bb24f83a533ee3e01e9d877/servers/40c31e1c-0cb1-41fc-b5ce-e7facd495b38 0.545s
2016-02-21 23:19:32,070 27672 DEBUG    [tempest_lib.common.rest_client] Request - Headers: {'Content-Type': 'application/json', 'Accept': 'application/json', 'X-Auth-Token': '&lt;omitted&gt;'}
        Body: None
    Response - Headers: {'status': '200', 'content-length': '1407', 'content-location': 'http://10.4.1.3:8774/v2.1/1950f6112bb24f83a533ee3e01e9d877/servers/40c31e1c-0cb1-41fc-b5ce-e7facd495b38', 'x-compute-request-id': 'req-c9567ab8-a28d-412e-9a85-87464134cadf', 'vary': 'X-OpenStack-Nova-API-Version', 'connection': 'close', 'x-openstack-nova-api-version': '2.1', 'date': 'Sun, 21 Feb 2016 23:19:32 GMT', 'content-type': 'application/json'}
        Body: {"server": {"status": "BUILD", "updated": "2016-02-21T23:19:31Z", "hostId": "e6497e18fa53459eb6f6fd4295f05f1460f8bfda52a2dae9162b6ef2", "addresses": {}, "links": [{"href": "http://10.4.1.3:8774/v2.1/1950f6112bb24f83a533ee3e01e9d877/servers/40c31e1c-0cb1-41fc-b5ce-e7facd495b38", "rel": "self"}, {"href": "http://10.4.1.3:8774/1950f6112bb24f83a533ee3e01e9d877/servers/40c31e1c-0cb1-41fc-b5ce-e7facd495b38", "rel": "bookmark"}], "key_name": "tempest-TestGettingAddress-383580706", "image": {"id": "c12803da-35c3-4c27-9bb8-3642381b0cdf", "links": [{"href": "http://10.4.1.3:8774/1950f6112bb24f83a533ee3e01e9d877/images/c12803da-35c3-4c27-9bb8-3642381b0cdf", "rel": "bookmark"}]}, "OS-EXT-STS:task_state": "spawning", "OS-EXT-STS:vm_state": "building", "OS-SRV-USG:launched_at": null, "flavor": {"id": "42", "links": [{"href": "http://10.4.1.3:8774/1950f6112bb24f83a533ee3e01e9d877/flavors/42", "rel": "bookmark"}]}, "id": "40c31e1c-0cb1-41fc-b5ce-e7facd495b38", "OS-SRV-USG:terminated_at": null, "OS-EXT-AZ:availability_zone": "nova", "user_id": "e4c392155c8b4a0b99f8e76cab21860c", "name": "tempest.common.compute-instance-635978899", "created": "2016-02-21T23:19:29Z", "tenant_id": "1950f6112bb24f83a533ee3e01e9d877", "OS-DCF:diskConfig": "MANUAL", "os-extended-volumes:volumes_attached": [], "accessIPv4": "", "accessIPv6": "", "progress": 0, "OS-EXT-STS:power_state": 0, "config_drive": "", "metadata": {}}}
2016-02-21 23:19:32,079 27672 INFO     [tempest.common.waiters] State transition "BUILD/scheduling" ==&gt; "BUILD/spawning" after 2 second wait
2016-02-21 23:19:33,960 27672 INFO     [tempest_lib.common.rest_client] Request (TestGettingAddress:test_dhcp6_stateless_from_os): 200 GET http://10.4.1.3:8774/v2.1/1950f6112bb24f83a533ee3e01e9d877/servers/40c31e1c-0cb1-41fc-b5ce-e7facd495b38 0.879s
2016-02-21 23:19:33,960 27672 DEBUG    [tempest_lib.common.rest_client] Request - Headers: {'Content-Type': 'application/json', 'Accept': 'application/json', 'X-Auth-Token': '&lt;omitted&gt;'}
        Body: None
    Response - Headers: {'status': '200', 'content-length': '1474', 'content-location': 'http://10.4.1.3:8774/v2.1/1950f6112bb24f83a533ee3e01e9d877/servers/40c31e1c-0cb1-41fc-b5ce-e7facd495b38', 'x-compute-request-id': 'req-b5e7cdc9-303e-4e3a-90df-7ec08254de2a', 'vary': 'X-OpenStack-Nova-API-Version', 'connection': 'close', 'x-openstack-nova-api-version': '2.1', 'date': 'Sun, 21 Feb 2016 23:19:33 GMT', 'content-type': 'application/json'}
        Body: {"server": {"status": "BUILD", "updated": "2016-02-21T23:19:31Z", "hostId": "e6497e18fa53459eb6f6fd4295f05f1460f8bfda52a2dae9162b6ef2", "addresses": {}, "links": [{"href": "http://10.4.1.3:8774/v2.1/1950f6112bb24f83a533ee3e01e9d877/servers/40c31e1c-0cb1-41fc-b5ce-e7facd495b38", "rel": "self"}, {"href": "http://10.4.1.3:8774/1950f6112bb24f83a533ee3e01e9d877/servers/40c31e1c-0cb1-41fc-b5ce-e7facd495b38", "rel": "bookmark"}], "key_name": "tempest-TestGettingAddress-383580706", "image": {"id": "c12803da-35c3-4c27-9bb8-3642381b0cdf", "links": [{"href": "http://10.4.1.3:8774/1950f6112bb24f83a533ee3e01e9d877/images/c12803da-35c3-4c27-9bb8-3642381b0cdf", "rel": "bookmark"}]}, "OS-EXT-STS:task_state": "spawning", "OS-EXT-STS:vm_state": "building", "OS-SRV-USG:launched_at": null, "flavor": {"id": "42", "links": [{"href": "http://10.4.1.3:8774/1950f6112bb24f83a533ee3e01e9d877/flavors/42", "rel": "bookmark"}]}, "id": "40c31e1c-0cb1-41fc-b5ce-e7facd495b38", "security_groups": [{"name": "tempest-secgroup-smoke-203098736"}], "OS-SRV-USG:terminated_at": null, "OS-EXT-AZ:availability_zone": "nova", "user_id": "e4c392155c8b4a0b99f8e76cab21860c", "name": "tempest.common.compute-instance-635978899", "created": "2016-02-21T23:19:29Z", "tenant_id": "1950f6112bb24f83a533ee3e01e9d877", "OS-DCF:diskConfig": "MANUAL", "os-extended-volumes:volumes_attached": [], "accessIPv4": "", "accessIPv6": "", "progress": 0, "OS-EXT-STS:power_state": 0, "config_drive": "", "metadata": {}}}
2016-02-21 23:19:35,802 27672 INFO     [tempest_lib.common.rest_client] Request (TestGettingAddress:test_dhcp6_stateless_from_os): 200 GET http://10.4.1.3:8774/v2.1/1950f6112bb24f83a533ee3e01e9d877/servers/40c31e1c-0cb1-41fc-b5ce-e7facd495b38 0.832s
2016-02-21 23:19:35,802 27672 DEBUG    [tempest_lib.common.rest_client] Request - Headers: {'Content-Type': 'application/json', 'Accept': 'application/json', 'X-Auth-Token': '&lt;omitted&gt;'}
        Body: None
    Response - Headers: {'status': '200', 'content-length': '1474', 'content-location': 'http://10.4.1.3:8774/v2.1/1950f6112bb24f83a533ee3e01e9d877/servers/40c31e1c-0cb1-41fc-b5ce-e7facd495b38', 'x-compute-request-id': 'req-00fa9c30-4d44-402a-9c01-94d77ec3bf0c', 'vary': 'X-OpenStack-Nova-API-Version', 'connection': 'close', 'x-openstack-nova-api-version': '2.1', 'date': 'Sun, 21 Feb 2016 23:19:35 GMT', 'content-type': 'application/json'}
        Body: {"server": {"status": "BUILD", "updated": "2016-02-21T23:19:31Z", "hostId": "e6497e18fa53459eb6f6fd4295f05f1460f8bfda52a2dae9162b6ef2", "addresses": {}, "links": [{"href": "http://10.4.1.3:8774/v2.1/1950f6112bb24f83a533ee3e01e9d877/servers/40c31e1c-0cb1-41fc-b5ce-e7facd495b38", "rel": "self"}, {"href": "http://10.4.1.3:8774/1950f6112bb24f83a533ee3e01e9d877/servers/40c31e1c-0cb1-41fc-b5ce-e7facd495b38", "rel": "bookmark"}], "key_name": "tempest-TestGettingAddress-383580706", "image": {"id": "c12803da-35c3-4c27-9bb8-3642381b0cdf", "links": [{"href": "http://10.4.1.3:8774/1950f6112bb24f83a533ee3e01e9d877/images/c12803da-35c3-4c27-9bb8-3642381b0cdf", "rel": "bookmark"}]}, "OS-EXT-STS:task_state": "spawning", "OS-EXT-STS:vm_state": "building", "OS-SRV-USG:launched_at": null, "flavor": {"id": "42", "links": [{"href": "http://10.4.1.3:8774/1950f6112bb24f83a533ee3e01e9d877/flavors/42", "rel": "bookmark"}]}, "id": "40c31e1c-0cb1-41fc-b5ce-e7facd495b38", "security_groups": [{"name": "tempest-secgroup-smoke-203098736"}], "OS-SRV-USG:terminated_at": null, "OS-EXT-AZ:availability_zone": "nova", "user_id": "e4c392155c8b4a0b99f8e76cab21860c", "name": "tempest.common.compute-instance-635978899", "created": "2016-02-21T23:19:29Z", "tenant_id": "1950f6112bb24f83a533ee3e01e9d877", "OS-DCF:diskConfig": "MANUAL", "os-extended-volumes:volumes_attached": [], "accessIPv4": "", "accessIPv6": "", "progress": 0, "OS-EXT-STS:power_state": 0, "config_drive": "", "metadata": {}}}
2016-02-21 23:19:37,609 27672 INFO     [tempest_lib.common.rest_client] Request (TestGettingAddress:test_dhcp6_stateless_from_os): 200 GET http://10.4.1.3:8774/v2.1/1950f6112bb24f83a533ee3e01e9d877/servers/40c31e1c-0cb1-41fc-b5ce-e7facd495b38 0.796s
2016-02-21 23:19:37,610 27672 DEBUG    [tempest_lib.common.rest_client] Request - Headers: {'Content-Type': 'application/json', 'Accept': 'application/json', 'X-Auth-Token': '&lt;omitted&gt;'}
        Body: None
    Response - Headers: {'status': '200', 'content-length': '1774', 'content-location': 'http://10.4.1.3:8774/v2.1/1950f6112bb24f83a533ee3e01e9d877/servers/40c31e1c-0cb1-41fc-b5ce-e7facd495b38', 'x-compute-request-id': 'req-12b3fdf5-a8b5-428e-b6e6-e15171112220', 'vary': 'X-OpenStack-Nova-API-Version', 'connection': 'close', 'x-openstack-nova-api-version': '2.1', 'date': 'Sun, 21 Feb 2016 23:19:37 GMT', 'content-type': 'application/json'}
        Body: {"server": {"status": "ACTIVE", "updated": "2016-02-21T23:19:36Z", "hostId": "e6497e18fa53459eb6f6fd4295f05f1460f8bfda52a2dae9162b6ef2", "addresses": {"tempest-network-smoke--652918402": [{"OS-EXT-IPS-MAC:mac_addr": "fa:16:3e:17:23:3f", "version": 4, "addr": "10.100.0.3", "OS-EXT-IPS:type": "fixed"}, {"OS-EXT-IPS-MAC:mac_addr": "fa:16:3e:17:23:3f", "version": 6, "addr": "2003::f816:3eff:fe17:233f", "OS-EXT-IPS:type": "fixed"}]}, "links": [{"href": "http://10.4.1.3:8774/v2.1/1950f6112bb24f83a533ee3e01e9d877/servers/40c31e1c-0cb1-41fc-b5ce-e7facd495b38", "rel": "self"}, {"href": "http://10.4.1.3:8774/1950f6112bb24f83a533ee3e01e9d877/servers/40c31e1c-0cb1-41fc-b5ce-e7facd495b38", "rel": "bookmark"}], "key_name": "tempest-TestGettingAddress-383580706", "image": {"id": "c12803da-35c3-4c27-9bb8-3642381b0cdf", "links": [{"href": "http://10.4.1.3:8774/1950f6112bb24f83a533ee3e01e9d877/images/c12803da-35c3-4c27-9bb8-3642381b0cdf", "rel": "bookmark"}]}, "OS-EXT-STS:task_state": null, "OS-EXT-STS:vm_state": "active", "OS-SRV-USG:launched_at": "2016-02-21T23:19:35.000000", "flavor": {"id": "42", "links": [{"href": "http://10.4.1.3:8774/1950f6112bb24f83a533ee3e01e9d877/flavors/42", "rel": "bookmark"}]}, "id": "40c31e1c-0cb1-41fc-b5ce-e7facd495b38", "security_groups": [{"name": "tempest-secgroup-smoke-203098736"}], "OS-SRV-USG:terminated_at": null, "OS-EXT-AZ:availability_zone": "nova", "user_id": "e4c392155c8b4a0b99f8e76cab21860c", "name": "tempest.common.compute-instance-635978899", "created": "2016-02-21T23:19:29Z", "tenant_id": "1950f6112bb24f83a533ee3e01e9d877", "OS-DCF:diskConfig": "MANUAL", "os-extended-volumes:volumes_attached": [], "accessIPv4": "", "accessIPv6": "", "progress": 0, "OS-EXT-STS:power_state": 1, "config_drive": "True", "metadata": {}}}
2016-02-21 23:19:37,619 27672 INFO     [tempest.common.waiters] State transition "BUILD/spawning" ==&gt; "ACTIVE/None" after 7 second wait
2016-02-21 23:19:38,365 27672 INFO     [tempest_lib.common.rest_client] Request (TestGettingAddress:test_dhcp6_stateless_from_os): 200 GET http://10.4.1.3:8774/v2.1/1950f6112bb24f83a533ee3e01e9d877/servers/40c31e1c-0cb1-41fc-b5ce-e7facd495b38 0.746s
2016-02-21 23:19:38,366 27672 DEBUG    [tempest_lib.common.rest_client] Request - Headers: {'Content-Type': 'application/json', 'Accept': 'application/json', 'X-Auth-Token': '&lt;omitted&gt;'}
        Body: None
    Response - Headers: {'status': '200', 'content-length': '1774', 'content-location': 'http://10.4.1.3:8774/v2.1/1950f6112bb24f83a533ee3e01e9d877/servers/40c31e1c-0cb1-41fc-b5ce-e7facd495b38', 'x-compute-request-id': 'req-19686b28-046f-46e5-8ef7-eabc095fa4c2', 'vary': 'X-OpenStack-Nova-API-Version', 'connection': 'close', 'x-openstack-nova-api-version': '2.1', 'date': 'Sun, 21 Feb 2016 23:19:38 GMT', 'content-type': 'application/json'}
        Body: {"server": {"status": "ACTIVE", "updated": "2016-02-21T23:19:36Z", "hostId": "e6497e18fa53459eb6f6fd4295f05f1460f8bfda52a2dae9162b6ef2", "addresses": {"tempest-network-smoke--652918402": [{"OS-EXT-IPS-MAC:mac_addr": "fa:16:3e:17:23:3f", "version": 4, "addr": "10.100.0.3", "OS-EXT-IPS:type": "fixed"}, {"OS-EXT-IPS-MAC:mac_addr": "fa:16:3e:17:23:3f", "version": 6, "addr": "2003::f816:3eff:fe17:233f", "OS-EXT-IPS:type": "fixed"}]}, "links": [{"href": "http://10.4.1.3:8774/v2.1/1950f6112bb24f83a533ee3e01e9d877/servers/40c31e1c-0cb1-41fc-b5ce-e7facd495b38", "rel": "self"}, {"href": "http://10.4.1.3:8774/1950f6112bb24f83a533ee3e01e9d877/servers/40c31e1c-0cb1-41fc-b5ce-e7facd495b38", "rel": "bookmark"}], "key_name": "tempest-TestGettingAddress-383580706", "image": {"id": "c12803da-35c3-4c27-9bb8-3642381b0cdf", "links": [{"href": "http://10.4.1.3:8774/1950f6112bb24f83a533ee3e01e9d877/images/c12803da-35c3-4c27-9bb8-3642381b0cdf", "rel": "bookmark"}]}, "OS-EXT-STS:task_state": null, "OS-EXT-STS:vm_state": "active", "OS-SRV-USG:launched_at": "2016-02-21T23:19:35.000000", "flavor": {"id": "42", "links": [{"href": "http://10.4.1.3:8774/1950f6112bb24f83a533ee3e01e9d877/flavors/42", "rel": "bookmark"}]}, "id": "40c31e1c-0cb1-41fc-b5ce-e7facd495b38", "security_groups": [{"name": "tempest-secgroup-smoke-203098736"}], "OS-SRV-USG:terminated_at": null, "OS-EXT-AZ:availability_zone": "nova", "user_id": "e4c392155c8b4a0b99f8e76cab21860c", "name": "tempest.common.compute-instance-635978899", "created": "2016-02-21T23:19:29Z", "tenant_id": "1950f6112bb24f83a533ee3e01e9d877", "OS-DCF:diskConfig": "MANUAL", "os-extended-volumes:volumes_attached": [], "accessIPv4": "", "accessIPv6": "", "progress": 0, "OS-EXT-STS:power_state": 1, "config_drive": "True", "metadata": {}}}
2016-02-21 23:19:38,613 27672 INFO     [tempest_lib.common.rest_client] Request (TestGettingAddress:test_dhcp6_stateless_from_os): 200 GET http://10.4.1.3:9696/v2.0/ports?fixed_ip=None&amp;device_id=40c31e1c-0cb1-41fc-b5ce-e7facd495b38 0.238s
2016-02-21 23:19:38,614 27672 DEBUG    [tempest_lib.common.rest_client] Request - Headers: {'Content-Type': 'application/json', 'Accept': 'application/json', 'X-Auth-Token': '&lt;omitted&gt;'}
        Body: None
    Response - Headers: {'status': '200', 'content-length': '853', 'content-location': 'http://10.4.1.3:9696/v2.0/ports?fixed_ip=None&amp;device_id=40c31e1c-0cb1-41fc-b5ce-e7facd495b38', 'connection': 'close', 'date': 'Sun, 21 Feb 2016 23:19:38 GMT', 'content-type': 'application/json; charset=UTF-8', 'x-openstack-request-id': 'req-6868e88f-73a6-4415-8c79-5d2e9d5866fe'}
        Body: {"ports": [{"status": "ACTIVE", "binding:host_id": "vagrant-ubuntu-trusty-64", "name": "", "allowed_address_pairs": [], "admin_state_up": true, "network_id": "7020679c-729e-4724-9e22-8b35a5a058ce", "tenant_id": "1950f6112bb24f83a533ee3e01e9d877", "extra_dhcp_opts": [], "mac_address": "fa:16:3e:17:23:3f", "binding:vif_details": {"port_filter": true}, "binding:vif_type": "ovs", "device_owner": "compute:None", "binding:profile": {}, "port_security_enabled": true, "binding:vnic_type": "normal", "fixed_ips": [{"subnet_id": "f4ce4924-6d82-4584-b1e4-8dd5dfa5c85d", "ip_address": "10.100.0.3"}, {"subnet_id": "ba571d39-a708-4f6e-b719-2bacbc1ed41c", "ip_address": "2003::f816:3eff:fe17:233f"}], "id": "a298fca0-60ee-49a1-ac7e-eade415b200d", "security_groups": ["5be93689-8a41-4082-b24d-479a62a7e9b5"], "device_id": "40c31e1c-0cb1-41fc-b5ce-e7facd495b38"}]}
2016-02-21 23:19:39,353 27672 INFO     [tempest_lib.common.rest_client] Request (TestGettingAddress:test_dhcp6_stateless_from_os): 201 POST http://10.4.1.3:9696/v2.0/floatingips 0.738s
2016-02-21 23:19:39,354 27672 DEBUG    [tempest_lib.common.rest_client] Request - Headers: {'Content-Type': 'application/json', 'Accept': 'application/json', 'X-Auth-Token': '&lt;omitted&gt;'}
        Body: {"floatingip": {"floating_network_id": "fbb7194f-8a92-4dce-bacd-67dc46ef65c0", "tenant_id": "1950f6112bb24f83a533ee3e01e9d877", "fixed_ip_address": "10.100.0.3", "port_id": "a298fca0-60ee-49a1-ac7e-eade415b200d"}}
    Response - Headers: {'status': '201', 'content-length': '369', 'connection': 'close', 'date': 'Sun, 21 Feb 2016 23:19:39 GMT', 'content-type': 'application/json; charset=UTF-8', 'x-openstack-request-id': 'req-faf19f51-3c2d-4d15-ae87-e14e78576cd0'}
        Body: {"floatingip": {"floating_network_id": "fbb7194f-8a92-4dce-bacd-67dc46ef65c0", "router_id": "927807ee-ca12-490b-8c5b-5d801d30879d", "fixed_ip_address": "10.100.0.3", "floating_ip_address": "172.24.4.4", "tenant_id": "1950f6112bb24f83a533ee3e01e9d877", "status": "ACTIVE", "port_id": "a298fca0-60ee-49a1-ac7e-eade415b200d", "id": "d505fb68-cd7e-4f60-ad03-28805f48888c"}}
2016-02-21 23:19:39,355 27672 INFO     [tempest_lib.common.ssh] Creating ssh connection to '172.24.4.4' as 'cirros' with public key authentication
2016-02-21 23:20:39,420 27672 WARNING  [tempest_lib.common.ssh] Failed to establish authenticated ssh connection to cirros@172.24.4.4 (timed out). Number attempts: 1. Retry after 2 seconds.
2016-02-21 23:21:41,983 27672 WARNING  [tempest_lib.common.ssh] Failed to establish authenticated ssh connection to cirros@172.24.4.4 (timed out). Number attempts: 2. Retry after 3 seconds.
2016-02-21 23:22:45,535 27672 WARNING  [tempest_lib.common.ssh] Failed to establish authenticated ssh connection to cirros@172.24.4.4 (timed out). Number attempts: 3. Retry after 4 seconds.
2016-02-21 23:23:50,097 27672 ERROR    [tempest_lib.common.ssh] Failed to establish authenticated ssh connection to cirros@172.24.4.4 after 3 attempts
2016-02-21 23:23:50.097 27672 ERROR tempest_lib.common.ssh Traceback (most recent call last):
2016-02-21 23:23:50.097 27672 ERROR tempest_lib.common.ssh   File "/usr/local/lib/python2.7/dist-packages/tempest_lib/common/ssh.py", line 75, in _get_ssh_connection
2016-02-21 23:23:50.097 27672 ERROR tempest_lib.common.ssh     timeout=self.channel_timeout, pkey=self.pkey)
2016-02-21 23:23:50.097 27672 ERROR tempest_lib.common.ssh   File "/usr/local/lib/python2.7/dist-packages/paramiko/client.py", line 292, in connect
2016-02-21 23:23:50.097 27672 ERROR tempest_lib.common.ssh     retry_on_signal(lambda: sock.connect(addr))
2016-02-21 23:23:50.097 27672 ERROR tempest_lib.common.ssh   File "/usr/local/lib/python2.7/dist-packages/paramiko/util.py", line 270, in retry_on_signal
2016-02-21 23:23:50.097 27672 ERROR tempest_lib.common.ssh     return function()
2016-02-21 23:23:50.097 27672 ERROR tempest_lib.common.ssh   File "/usr/local/lib/python2.7/dist-packages/paramiko/client.py", line 292, in &lt;lambda&gt;
2016-02-21 23:23:50.097 27672 ERROR tempest_lib.common.ssh     retry_on_signal(lambda: sock.connect(addr))
2016-02-21 23:23:50.097 27672 ERROR tempest_lib.common.ssh   File "/usr/lib/python2.7/socket.py", line 224, in meth
2016-02-21 23:23:50.097 27672 ERROR tempest_lib.common.ssh     return getattr(self._sock,name)(*args)
2016-02-21 23:23:50.097 27672 ERROR tempest_lib.common.ssh timeout: timed out
2016-02-21 23:23:50.097 27672 ERROR tempest_lib.common.ssh 
2016-02-21 23:23:50,101 27672 ERROR    [tempest.scenario.manager] (TestGettingAddress:test_dhcp6_stateless_from_os) Initializing SSH connection to 172.24.4.4 failed. Error: Connection to the 172.24.4.4 via SSH timed out.
User: cirros, Password: None
2016-02-21 23:23:50.101 27672 ERROR tempest.scenario.manager Traceback (most recent call last):
2016-02-21 23:23:50.101 27672 ERROR tempest.scenario.manager   File "tempest/scenario/manager.py", line 377, in get_remote_client
2016-02-21 23:23:50.101 27672 ERROR tempest.scenario.manager     linux_client.validate_authentication()
2016-02-21 23:23:50.101 27672 ERROR tempest.scenario.manager   File "tempest/common/utils/linux/remote_client.py", line 51, in validate_authentication
2016-02-21 23:23:50.101 27672 ERROR tempest.scenario.manager     self.ssh_client.test_connection_auth()
2016-02-21 23:23:50.101 27672 ERROR tempest.scenario.manager   File "/usr/local/lib/python2.7/dist-packages/tempest_lib/common/ssh.py", line 173, in test_connection_auth
2016-02-21 23:23:50.101 27672 ERROR tempest.scenario.manager     connection = self._get_ssh_connection()
2016-02-21 23:23:50.101 27672 ERROR tempest.scenario.manager   File "/usr/local/lib/python2.7/dist-packages/tempest_lib/common/ssh.py", line 88, in _get_ssh_connection
2016-02-21 23:23:50.101 27672 ERROR tempest.scenario.manager     password=self.password)
2016-02-21 23:23:50.101 27672 ERROR tempest.scenario.manager SSHTimeout: Connection to the 172.24.4.4 via SSH timed out.
2016-02-21 23:23:50.101 27672 ERROR tempest.scenario.manager User: cirros, Password: None
2016-02-21 23:23:50.101 27672 ERROR tempest.scenario.manager 
2016-02-21 23:23:50,390 27672 INFO     [tempest_lib.common.rest_client] Request (TestGettingAddress:test_dhcp6_stateless_from_os): 200 GET http://10.4.1.3:8774/v2.1/1950f6112bb24f83a533ee3e01e9d877/servers 0.286s
2016-02-21 23:23:50,390 27672 DEBUG    [tempest_lib.common.rest_client] Request - Headers: {'Content-Type': 'application/json', 'Accept': 'application/json', 'X-Auth-Token': '&lt;omitted&gt;'}
        Body: None
    Response - Headers: {'status': '200', 'content-length': '388', 'content-location': 'http://10.4.1.3:8774/v2.1/1950f6112bb24f83a533ee3e01e9d877/servers', 'x-compute-request-id': 'req-0bb56d84-1eb7-4ac9-9515-ec1accb1fd5e', 'vary': 'X-OpenStack-Nova-API-Version', 'connection': 'close', 'x-openstack-nova-api-version': '2.1', 'date': 'Sun, 21 Feb 2016 23:23:50 GMT', 'content-type': 'application/json'}
        Body: {"servers": [{"id": "40c31e1c-0cb1-41fc-b5ce-e7facd495b38", "links": [{"href": "http://10.4.1.3:8774/v2.1/1950f6112bb24f83a533ee3e01e9d877/servers/40c31e1c-0cb1-41fc-b5ce-e7facd495b38", "rel": "self"}, {"href": "http://10.4.1.3:8774/1950f6112bb24f83a533ee3e01e9d877/servers/40c31e1c-0cb1-41fc-b5ce-e7facd495b38", "rel": "bookmark"}], "name": "tempest.common.compute-instance-635978899"}]}
2016-02-21 23:23:50,829 27672 INFO     [tempest_lib.common.rest_client] Request (TestGettingAddress:test_dhcp6_stateless_from_os): 200 POST http://10.4.1.3:8774/v2.1/1950f6112bb24f83a533ee3e01e9d877/servers/40c31e1c-0cb1-41fc-b5ce-e7facd495b38/action 0.431s
2016-02-21 23:23:50,830 27672 DEBUG    [tempest_lib.common.rest_client] Request - Headers: {'Content-Type': 'application/json', 'Accept': 'application/json', 'X-Auth-Token': '&lt;omitted&gt;'}
        Body: {"os-getConsoleOutput": {}}
    Response - Headers: {'status': '200', 'content-length': '24707', 'x-compute-request-id': 'req-31f3982d-52d5-453a-8105-2210ec514d0e', 'vary': 'X-OpenStack-Nova-API-Version', 'connection': 'close', 'x-openstack-nova-api-version': '2.1', 'date': 'Sun, 21 Feb 2016 23:23:50 GMT', 'content-type': 'application/json'}
        Body: {"output": "[    0.000000] Initializing cgroup subsys cpuset\n[    0.000000] Initializing cgroup subsys cpu\n[    0.000000] Linux version 3.2.0-80-virtual (buildd@batsu) (gcc version 4.6.3 (Ubuntu/Linaro 4.6.3-1ubuntu5) ) #116-Ubuntu SMP Mon Mar 23 17:28:52 UTC 2015 (Ubuntu 3.2.0-80.116-virtual 3.2.68)\n[    0.000000] Command line: root=/dev/vda console=tty0 console=ttyS0 no_timer_check\n[    0.000000] KERNEL supported cpus:\n[    0.000000]   Intel GenuineIntel\n[    0.000000]   AMD AuthenticAMD\n[    0.000000]   Centaur CentaurHauls\n[    0.000000] BIOS-provided physical RAM map:\n[    0.000000]  BIOS-e820: 0000000000000000 - 000000000009fc00 (usable)\n[    0.000000]  BIOS-e820: 000000000009fc00 - 00000000000a0000 (reserved)\n[    0.000000]  BIOS-e820: 00000000000f0000 - 0000000000100000 (reserved)\n[    0.000000]  BIOS-e820: 0000000000100000 - 0000000003ffe000 (usable)\n[    0.000000]  BIOS-e820: 0000000003ffe000 - 0000000004000000 (reserved)\n[    0.000000]  BIOS-e820: 00000000fffc0000 - 0000000100000000 (reserved)\n[    0.000000] NX (Execute Disable) protection: active\n[    0.000000] SMBIOS 2.4 present.\n[    0.000000] No AGP bridge found\n[    0.000000] last_pfn = 0x3ffe max_arch_pfn = 0x400000000\n[    0.000000] x86 PAT enabled: cpu 0, old 0x7040600070406, new 0x7010600070106\n[    0.000000] found SMP MP-table at [ffff8800000f0b00] f0b00\n[    0.000000] init_memory_mapping: 0000000000000000-0000000003ffe000\n[    0.000000] RAMDISK: 03c5e000 - 03ff0000\n[    0.000000] ACPI: RSDP 00000000000f0950 00014 (v00 BOCHS )\n[    0.000000] ACPI: RSDT 0000000003fffbc1 00034 (v01 BOCHS  BXPCRSDT 00000001 BXPC 00000001)\n[    0.000000] ACPI: FACP 0000000003fff1c0 00074 (v01 BOCHS  BXPCFACP 00000001 BXPC 00000001)\n[    0.000000] ACPI: DSDT 0000000003ffe040 01180 (v01 BOCHS  BXPCDSDT 00000001 BXPC 00000001)\n[    0.000000] ACPI: FACS 0000000003ffe000 00040\n[    0.000000] ACPI: SSDT 0000000003fff234 008DD (v01 BOCHS  BXPCSSDT 00000001 BXPC 00000001)\n[    0.000000] ACPI: APIC 0000000003fffb11 00078 (v01 BOCHS  BXPCAPIC 00000001 BXPC 00000001)\n[    0.000000] ACPI: HPET 0000000003fffb89 00038 (v01 BOCHS  BXPCHPET 00000001 BXPC 00000001)\n[    0.000000] No NUMA configuration found\n[    0.000000] Faking a node at 0000000000000000-0000000003ffe000\n[    0.000000] Initmem setup node 0 0000000000000000-0000000003ffe000\n[    0.000000]   NODE_DATA [0000000003ff6000 - 0000000003ffafff]\n[    0.000000] Zone PFN ranges:\n[    0.000000]   DMA      0x00000010 -&gt; 0x00001000\n[    0.000000]   DMA32    0x00001000 -&gt; 0x00100000\n[    0.000000]   Normal   empty\n[    0.000000] Movable zone start PFN for each node\n[    0.000000] early_node_map[2] active PFN ranges\n[    0.000000]     0: 0x00000010 -&gt; 0x0000009f\n[    0.000000]     0: 0x00000100 -&gt; 0x00003ffe\n[    0.000000] ACPI: PM-Timer IO Port: 0xb008\n[    0.000000] ACPI: LAPIC (acpi_id[0x00] lapic_id[0x00] enabled)\n[    0.000000] ACPI: LAPIC_NMI (acpi_id[0xff] dfl dfl lint[0x1])\n[    0.000000] ACPI: IOAPIC (id[0x00] address[0xfec00000] gsi_base[0])\n[    0.000000] IOAPIC[0]: apic_id 0, version 17, address 0xfec00000, GSI 0-23\n[    0.000000] ACPI: INT_SRC_OVR (bus 0 bus_irq 0 global_irq 2 dfl dfl)\n[    0.000000] ACPI: INT_SRC_OVR (bus 0 bus_irq 5 global_irq 5 high level)\n[    0.000000] ACPI: INT_SRC_OVR (bus 0 bus_irq 9 global_irq 9 high level)\n[    0.000000] ACPI: INT_SRC_OVR (bus 0 bus_irq 10 global_irq 10 high level)\n[    0.000000] ACPI: INT_SRC_OVR (bus 0 bus_irq 11 global_irq 11 high level)\n[    0.000000] Using ACPI (MADT) for SMP configuration information\n[    0.000000] ACPI: HPET id: 0x8086a201 base: 0xfed00000\n[    0.000000] SMP: Allowing 1 CPUs, 0 hotplug CPUs\n[    0.000000] PM: Registered nosave memory: 000000000009f000 - 00000000000a0000\n[    0.000000] PM: Registered nosave memory: 00000000000a0000 - 00000000000f0000\n[    0.000000] PM: Registered nosave memory: 00000000000f0000 - 0000000000100000\n[    0.000000] Allocating PCI resources starting at 4000000 (gap: 4000000:fbfc0000)\n[    0.000000] Booting paravirtualized kernel on bare hardware\n[    0.000000] setup_pe
2016-02-21 23:23:50,832 27672 DEBUG    [tempest.scenario.manager] Console output for 40c31e1c-0cb1-41fc-b5ce-e7facd495b38
body=
[    0.000000] Initializing cgroup subsys cpuset
[    0.000000] Initializing cgroup subsys cpu
[    0.000000] Linux version 3.2.0-80-virtual (buildd@batsu) (gcc version 4.6.3 (Ubuntu/Linaro 4.6.3-1ubuntu5) ) #116-Ubuntu SMP Mon Mar 23 17:28:52 UTC 2015 (Ubuntu 3.2.0-80.116-virtual 3.2.68)
[    0.000000] Command line: root=/dev/vda console=tty0 console=ttyS0 no_timer_check
[    0.000000] KERNEL supported cpus:
[    0.000000]   Intel GenuineIntel
[    0.000000]   AMD AuthenticAMD
[    0.000000]   Centaur CentaurHauls
[    0.000000] BIOS-provided physical RAM map:
[    0.000000]  BIOS-e820: 0000000000000000 - 000000000009fc00 (usable)
[    0.000000]  BIOS-e820: 000000000009fc00 - 00000000000a0000 (reserved)
[    0.000000]  BIOS-e820: 00000000000f0000 - 0000000000100000 (reserved)
[    0.000000]  BIOS-e820: 0000000000100000 - 0000000003ffe000 (usable)
[    0.000000]  BIOS-e820: 0000000003ffe000 - 0000000004000000 (reserved)
[    0.000000]  BIOS-e820: 00000000fffc0000 - 0000000100000000 (reserved)
[    0.000000] NX (Execute Disable) protection: active
[    0.000000] SMBIOS 2.4 present.
[    0.000000] No AGP bridge found
[    0.000000] last_pfn = 0x3ffe max_arch_pfn = 0x400000000
[    0.000000] x86 PAT enabled: cpu 0, old 0x7040600070406, new 0x7010600070106
[    0.000000] found SMP MP-table at [ffff8800000f0b00] f0b00
[    0.000000] init_memory_mapping: 0000000000000000-0000000003ffe000
[    0.000000] RAMDISK: 03c5e000 - 03ff0000
[    0.000000] ACPI: RSDP 00000000000f0950 00014 (v00 BOCHS )
[    0.000000] ACPI: RSDT 0000000003fffbc1 00034 (v01 BOCHS  BXPCRSDT 00000001 BXPC 00000001)
[    0.000000] ACPI: FACP 0000000003fff1c0 00074 (v01 BOCHS  BXPCFACP 00000001 BXPC 00000001)
[    0.000000] ACPI: DSDT 0000000003ffe040 01180 (v01 BOCHS  BXPCDSDT 00000001 BXPC 00000001)
[    0.000000] ACPI: FACS 0000000003ffe000 00040
[    0.000000] ACPI: SSDT 0000000003fff234 008DD (v01 BOCHS  BXPCSSDT 00000001 BXPC 00000001)
[    0.000000] ACPI: APIC 0000000003fffb11 00078 (v01 BOCHS  BXPCAPIC 00000001 BXPC 00000001)
[    0.000000] ACPI: HPET 0000000003fffb89 00038 (v01 BOCHS  BXPCHPET 00000001 BXPC 00000001)
[    0.000000] No NUMA configuration found
[    0.000000] Faking a node at 0000000000000000-0000000003ffe000
[    0.000000] Initmem setup node 0 0000000000000000-0000000003ffe000
[    0.000000]   NODE_DATA [0000000003ff6000 - 0000000003ffafff]
[    0.000000] Zone PFN ranges:
[    0.000000]   DMA      0x00000010 -&gt; 0x00001000
[    0.000000]   DMA32    0x00001000 -&gt; 0x00100000
[    0.000000]   Normal   empty
[    0.000000] Movable zone start PFN for each node
[    0.000000] early_node_map[2] active PFN ranges
[    0.000000]     0: 0x00000010 -&gt; 0x0000009f
[    0.000000]     0: 0x00000100 -&gt; 0x00003ffe
[    0.000000] ACPI: PM-Timer IO Port: 0xb008
[    0.000000] ACPI: LAPIC (acpi_id[0x00] lapic_id[0x00] enabled)
[    0.000000] ACPI: LAPIC_NMI (acpi_id[0xff] dfl dfl lint[0x1])
[    0.000000] ACPI: IOAPIC (id[0x00] address[0xfec00000] gsi_base[0])
[    0.000000] IOAPIC[0]: apic_id 0, version 17, address 0xfec00000, GSI 0-23
[    0.000000] ACPI: INT_SRC_OVR (bus 0 bus_irq 0 global_irq 2 dfl dfl)
[    0.000000] ACPI: INT_SRC_OVR (bus 0 bus_irq 5 global_irq 5 high level)
[    0.000000] ACPI: INT_SRC_OVR (bus 0 bus_irq 9 global_irq 9 high level)
[    0.000000] ACPI: INT_SRC_OVR (bus 0 bus_irq 10 global_irq 10 high level)
[    0.000000] ACPI: INT_SRC_OVR (bus 0 bus_irq 11 global_irq 11 high level)
[    0.000000] Using ACPI (MADT) for SMP configuration information
[    0.000000] ACPI: HPET id: 0x8086a201 base: 0xfed00000
[    0.000000] SMP: Allowing 1 CPUs, 0 hotplug CPUs
[    0.000000] PM: Registered nosave memory: 000000000009f000 - 00000000000a0000
[    0.000000] PM: Registered nosave memory: 00000000000a0000 - 00000000000f0000
[    0.000000] PM: Registered nosave memory: 00000000000f0000 - 0000000000100000
[    0.000000] Allocating PCI resources starting at 4000000 (gap: 4000000:fbfc0000)
[    0.000000] Booting paravirtualized kernel on bare hardware
[    0.000000] setup_percpu: NR_CPUS:64 nr_cpumask_bits:64 nr_cpu_ids:1 nr_node_ids:1
[    0.000000] PERCPU: Embedded 27 pages/cpu @ffff880003a00000 s78848 r8192 d23552 u2097152
[    0.000000] Built 1 zonelists in Node order, mobility grouping on.  Total pages: 16008
[    0.000000] Policy zone: DMA32
[    0.000000] Kernel command line: root=/dev/vda console=tty0 console=ttyS0 no_timer_check
[    0.000000] PID hash table entries: 256 (order: -1, 2048 bytes)
[    0.000000] Checking aperture...
[    0.000000] No AGP bridge found
[    0.000000] Memory: 43492k/65528k available (6576k kernel code, 452k absent, 21584k reserved, 6620k data, 928k init)
[    0.000000] SLUB: Genslabs=15, HWalign=64, Order=0-3, MinObjects=0, CPUs=1, Nodes=1
[    0.000000] Hierarchical RCU implementation.
[    0.000000] 	RCU dyntick-idle grace-period acceleration is enabled.
[    0.000000] NR_IRQS:4352 nr_irqs:256 16
[    0.000000] Console: colour VGA+ 80x25
[    0.000000] console [tty0] enabled
[    0.000000] console [ttyS0] enabled
[    0.000000] allocated 1048576 bytes of page_cgroup
[    0.000000] please try 'cgroup_disable=memory' option if you don't want memory cgroups
[    0.000000] Fast TSC calibration failed
[    0.000000] TSC: Unable to calibrate against PIT
[    0.000000] TSC: using HPET reference calibration
[    0.000000] Detected 2291.587 MHz processor.
[    0.033501] Calibrating delay loop (skipped), value calculated using timer frequency.. 4583.17 BogoMIPS (lpj=9166348)
[    0.035403] pid_max: default: 32768 minimum: 301
[    0.041785] Security Framework initialized
[    0.048586] AppArmor: AppArmor initialized
[    0.049218] Yama: becoming mindful.
[    0.056891] Dentry cache hash table entries: 8192 (order: 4, 65536 bytes)
[    0.058353] Inode-cache hash table entries: 4096 (order: 3, 32768 bytes)
[    0.060682] Mount-cache hash table entries: 256
[    0.076345] Initializing cgroup subsys cpuacct
[    0.077358] Initializing cgroup subsys memory
[    0.078690] Initializing cgroup subsys devices
[    0.079408] Initializing cgroup subsys freezer
[    0.080138] Initializing cgroup subsys blkio
[    0.080841] Initializing cgroup subsys perf_event
[    0.085734] mce: CPU supports 10 MCE banks
[    0.089219] SMP alternatives: switching to UP code
[    0.490532] Freeing SMP alternatives: 24k freed
[    0.492891] ACPI: Core revision 20110623
[    0.538698] ftrace: allocating 26610 entries in 105 pages
[    0.574983] ..TIMER: vector=0x30 apic1=0 pin1=2 apic2=-1 pin2=-1
[    0.576156] CPU0: AMD QEMU Virtual CPU version 2.0.0 stepping 03
[    0.580035] Performance Events: Broken PMU hardware detected, using software events only.
[    0.589951] NMI watchdog disabled (cpu0): hardware events not enabled
[    0.592309] Brought up 1 CPUs
[    0.592902] Total of 1 processors activated (4583.17 BogoMIPS).
[    0.617485] devtmpfs: initialized
[    0.650068] EVM: security.selinux
[    0.650874] EVM: security.SMACK64
[    0.652099] EVM: security.capability
[    0.673869] print_constraints: dummy: 
[    0.676123] RTC time: 23:19:39, date: 02/21/16
[    0.680160] NET: Registered protocol family 16
[    0.687039] ACPI: bus type pci registered
[    0.691053] PCI: Using configuration type 1 for base access
[    0.721504] bio: create slab &lt;bio-0&gt; at 0
[    0.727247] ACPI: Added _OSI(Module Device)
[    0.728205] ACPI: Added _OSI(Processor Device)
[    0.728887] ACPI: Added _OSI(3.0 _SCP Extensions)
[    0.729570] ACPI: Added _OSI(Processor Aggregator Device)
[    0.812366] ACPI: Interpreter enabled
[    0.812947] ACPI: (supports S0 S3 S4 S5)
[    0.814775] ACPI: Using IOAPIC for interrupt routing
[    0.916733] ACPI: No dock devices found.
[    0.917845] HEST: Table not found.
[    0.918911] PCI: Using host bridge windows from ACPI; if necessary, use "pci=nocrs" and report a bug
[    0.929160] ACPI: PCI Root Bridge [PCI0] (domain 0000 [bus 00-ff])
[    0.939402] pci_root PNP0A03:00: host bridge window [io  0x0000-0x0cf7]
[    0.940208] pci_root PNP0A03:00: host bridge window [io  0x0d00-0xadff]
[    0.941564] pci_root PNP0A03:00: host bridge window [io  0xae0f-0xaeff]
[    0.944126] pci_root PNP0A03:00: host bridge window [io  0xaf20-0xafdf]
[    0.945434] pci_root PNP0A03:00: host bridge window [io  0xafe4-0xffff]
[    0.946957] pci_root PNP0A03:00: host bridge window [mem 0x000a0000-0x000bffff]
[    0.948134] pci_root PNP0A03:00: host bridge window [mem 0x04000000-0xfebfffff]
[    0.977406] pci 0000:00:01.3: quirk: [io  0xb000-0xb03f] claimed by PIIX4 ACPI
[    0.978721] pci 0000:00:01.3: quirk: [io  0xb100-0xb10f] claimed by PIIX4 SMB
[    1.054535]  pci0000:00: Unable to request _OSC control (_OSC support mask: 0x1e)
[    1.117395] ACPI: PCI Interrupt Link [LNKA] (IRQs 5 *10 11)
[    1.120236] ACPI: PCI Interrupt Link [LNKB] (IRQs 5 *10 11)
[    1.121993] ACPI: PCI Interrupt Link [LNKC] (IRQs 5 10 *11)
[    1.124787] ACPI: PCI Interrupt Link [LNKD] (IRQs 5 10 *11)
[    1.126250] ACPI: PCI Interrupt Link [LNKS] (IRQs *9)
[    1.133710] vgaarb: device added: PCI:0000:00:02.0,decodes=io+mem,owns=io+mem,locks=none
[    1.134793] vgaarb: loaded
[    1.135179] vgaarb: bridge control possible 0000:00:02.0
[    1.138833] i2c-core: driver [aat2870] using legacy suspend method
[    1.140147] i2c-core: driver [aat2870] using legacy resume method
[    1.142817] SCSI subsystem initialized
[    1.146577] usbcore: registered new interface driver usbfs
[    1.148593] usbcore: registered new interface driver hub
[    1.149904] usbcore: registered new device driver usb
[    1.153906] PCI: Using ACPI for IRQ routing
[    1.165215] NetLabel: Initializing
[    1.165656] NetLabel:  domain hash size = 128
[    1.166222] NetLabel:  protocols = UNLABELED CIPSOv4
[    1.168034] NetLabel:  unlabeled traffic allowed by default
[    1.169567] HPET: 3 timers in total, 0 timers will be used for per-cpu timer
[    1.172476] hpet0: at MMIO 0xfed00000, IRQs 2, 8, 0
[    1.173388] hpet0: 3 comparators, 64-bit 100.000000 MHz counter
[    1.186450] Switching to clocksource hpet
[    1.460113] AppArmor: AppArmor Filesystem Enabled
[    1.462457] pnp: PnP ACPI init
[    1.463053] ACPI: bus type pnp registered
[    1.488693] pnp: PnP ACPI: found 9 devices
[    1.489800] ACPI: ACPI bus type pnp unregistered
[    1.550275] NET: Registered protocol family 2
[    1.591542] IP route cache hash table entries: 512 (order: 0, 4096 bytes)
[    1.602354] TCP established hash table entries: 2048 (order: 3, 32768 bytes)
[    1.603763] TCP bind hash table entries: 2048 (order: 3, 32768 bytes)
[    1.605270] TCP: Hash tables configured (established 2048 bind 2048)
[    1.606147] TCP reno registered
[    1.606659] UDP hash table entries: 128 (order: 0, 4096 bytes)
[    1.607774] UDP-Lite hash table entries: 128 (order: 0, 4096 bytes)
[    1.610755] NET: Registered protocol family 1
[    1.611772] pci 0000:00:00.0: Limiting direct PCI/PCI transfers
[    1.613509] pci 0000:00:01.0: PIIX3: Enabling Passive Release
[    1.614469] pci 0000:00:01.0: Activating ISA DMA hang workarounds
[    1.619817] ACPI: PCI Interrupt Link [LNKD] enabled at IRQ 11
[    1.621710] pci 0000:00:01.2: PCI INT D -&gt; Link[LNKD] -&gt; GSI 11 (level, high) -&gt; IRQ 11
[    1.623955] pci 0000:00:01.2: PCI INT D disabled
[    1.642327] Trying to unpack rootfs image as initramfs...
[    1.658156] audit: initializing netlink socket (disabled)
[    1.660029] type=2000 audit(1456096779.656:1): initialized
[    1.951747] HugeTLB registered 2 MB page size, pre-allocated 0 pages
[    2.035104] VFS: Disk quotas dquot_6.5.2
[    2.037504] Dquot-cache hash table entries: 512 (order 0, 4096 bytes)
[    2.054028] fuse init (API version 7.17)
[    2.057844] msgmni has been set to 84
[    2.098728] Block layer SCSI generic (bsg) driver version 0.4 loaded (major 253)
[    2.101594] io scheduler noop registered
[    2.102164] io scheduler deadline registered (default)
[    2.103323] io scheduler cfq registered
[    2.107126] pci_hotplug: PCI Hot Plug PCI Core version: 0.5
[    2.110053] pciehp: PCI Express Hot Plug Controller Driver version: 0.4
[    2.115980] input: Power Button as /devices/LNXSYSTM:00/LNXPWRBN:00/input/input0
[    2.118945] ACPI: Power Button [PWRF]
[    2.173976] ERST: Table is not found!
[    2.174932] GHES: HEST is not enabled!
[    2.190783] ACPI: PCI Interrupt Link [LNKC] enabled at IRQ 10
[    2.191698] virtio-pci 0000:00:03.0: PCI INT A -&gt; Link[LNKC] -&gt; GSI 10 (level, high) -&gt; IRQ 10
[    2.195849] virtio-pci 0000:00:04.0: PCI INT A -&gt; Link[LNKD] -&gt; GSI 11 (level, high) -&gt; IRQ 11
[    2.214380] ACPI: PCI Interrupt Link [LNKA] enabled at IRQ 10
[    2.215056] virtio-pci 0000:00:05.0: PCI INT A -&gt; Link[LNKA] -&gt; GSI 10 (level, high) -&gt; IRQ 10
[    2.225800] Serial: 8250/16550 driver, 32 ports, IRQ sharing enabled
[    2.265814] serial8250: ttyS0 at I/O 0x3f8 (irq = 4) is a 16550A
[    2.343238] serial8250: ttyS1 at I/O 0x2f8 (irq = 3) is a 16550A
[    2.459381] 00:05: ttyS0 at I/O 0x3f8 (irq = 4) is a 16550A
[    2.535920] 00:06: ttyS1 at I/O 0x2f8 (irq = 3) is a 16550A
[    2.582518] Linux agpgart interface v0.103
[    2.629971] Refined TSC clocksource calibration: 2291.918 MHz.
[    2.631705] Switching to clocksource tsc
[    2.662046] brd: module loaded
[    2.698027] loop: module loaded
[    2.746388]  vda: unknown partition table
[    2.797433] scsi0 : ata_piix
[    2.799853] scsi1 : ata_piix
[    2.801695] ata1: PATA max MWDMA2 cmd 0x1f0 ctl 0x3f6 bmdma 0xc0a0 irq 14
[    2.802541] ata2: PATA max MWDMA2 cmd 0x170 ctl 0x376 bmdma 0xc0a8 irq 15
[    2.811776] Fixed MDIO Bus: probed
[    2.813466] tun: Universal TUN/TAP device driver, 1.6
[    2.814058] tun: (C) 1999-2004 Max Krasnyansky &lt;maxk@qualcomm.com&gt;
[    2.831287] PPP generic driver version 2.4.2
[    2.836798] ehci_hcd: USB 2.0 'Enhanced' Host Controller (EHCI) Driver
[    2.838521] ohci_hcd: USB 1.1 'Open' Host Controller (OHCI) Driver
[    2.839600] uhci_hcd: USB Universal Host Controller Interface driver
[    2.841438] uhci_hcd 0000:00:01.2: PCI INT D -&gt; Link[LNKD] -&gt; GSI 11 (level, high) -&gt; IRQ 11
[    2.845168] uhci_hcd 0000:00:01.2: UHCI Host Controller
[    2.865671] uhci_hcd 0000:00:01.2: new USB bus registered, assigned bus number 1
[    2.867762] uhci_hcd 0000:00:01.2: irq 11, io base 0x0000c040
[    2.904867] hub 1-0:1.0: USB hub found
[    2.906510] hub 1-0:1.0: 2 ports detected
[    2.913527] usbcore: registered new interface driver libusual
[    2.916830] i8042: PNP: PS/2 Controller [PNP0303:KBD,PNP0f13:MOU] at 0x60,0x64 irq 1,12
[    2.925291] serio: i8042 KBD port at 0x60,0x64 irq 1
[    2.926704] serio: i8042 AUX port at 0x60,0x64 irq 12
[    2.962303] mousedev: PS/2 mouse device common for all mice
[    2.987287] input: AT Translated Set 2 keyboard as /devices/platform/i8042/serio0/input/input1
[    3.000024] rtc_cmos 00:01: RTC can wake from S4
[    3.046666] rtc_cmos 00:01: rtc core: registered rtc_cmos as rtc0
[    3.055255] rtc0: alarms up to one day, 114 bytes nvram, hpet irqs
[    3.060245] device-mapper: uevent: version 1.0.3
[    3.074445] ata2.01: ATAPI: QEMU DVD-ROM, 2.0.0, max UDMA/100
[    3.087726] ata2.01: configured for MWDMA2
[    3.118551] device-mapper: ioctl: 4.22.0-ioctl (2011-10-19) initialised: dm-devel@redhat.com
[    3.122394] cpuidle: using governor ladder
[    3.123555] cpuidle: using governor menu
[    3.124118] EFI Variables Facility v0.08 2004-May-17
[    3.133068] TCP cubic registered
[    3.139036] NET: Registered protocol family 10
[    3.167858] NET: Registered protocol family 17
[    3.172636] Registering the dns_resolver key type
[    3.189765] scsi 1:0:1:0: CD-ROM            QEMU     QEMU DVD-ROM     2.0. PQ: 0 ANSI: 5
[    3.210863] sr0: scsi3-mmc drive: 4x/4x cd/rw xa/form2 tray
[    3.212108] cdrom: Uniform CD-ROM driver Revision: 3.20
[    3.231204] sr 1:0:1:0: Attached scsi generic sg0 type 5
[    3.292288] registered taskstats version 1
[    3.332514] Freeing initrd memory: 3656k freed
[    3.815859]   Magic number: 4:266:353
[    3.822677]  rapidio: hash matches
[    3.826116] rtc_cmos 00:01: setting system clock to 2016-02-21 23:19:43 UTC (1456096783)
[    3.828012] powernow-k8: Processor cpuid 663 not supported
[    3.833816] BIOS EDD facility v0.16 2004-Jun-25, 0 devices found
[    3.835312] EDD information not available.
[    3.897446] Freeing unused kernel memory: 928k freed
[    3.907292] Write protecting the kernel read-only data: 12288k
[    4.025084] Freeing unused kernel memory: 1596k freed
[    4.110358] Freeing unused kernel memory: 1184k freed

info: initramfs: up at 4.31
modprobe: module virtio_blk not found in modules.dep
modprobe: module virtio_net not found in modules.dep
info: copying initramfs to /dev/vda
info: initramfs loading root from /dev/vda
info: /etc/init.d/rc.sysinit: up at 8.86
info: container: none
Starting logging: OK
modprobe: module virtio_blk not found in modules.dep
modprobe: module virtio_net not found in modules.dep
WARN: /etc/rc3.d/S10-load-modules failed
Initializing random number generator... done.
Starting acpid: OK
cirros-ds 'local' up at 11.41
found datasource (configdrive, local)
Starting network...
udhcpc (v1.20.1) started
Sending discover...
Sending discover...
Sending discover...
Usage: /sbin/cirros-dhcpc &lt;up|down&gt;
No lease, failing
WARN: /etc/rc3.d/S40-network failed
Starting dropbear sshd: generating rsa key... generating dsa key... OK
no userdata for datasource
=== system information ===
Platform: OpenStack Foundation OpenStack Nova
Container: none
Arch: x86_64
CPU(s): 1 @ 2291.587 MHz
Cores/Sockets/Threads: 1/1/1
Virt-type: AMD-V
RAM Size: 49MB
Disks:
NAME MAJ:MIN     SIZE LABEL         MOUNTPOINT
vda  253:0   25165824 cirros-rootfs /
sr0   11:0     432128 config-2      
=== sshd host keys ===
-----BEGIN SSH HOST KEY KEYS-----
ssh-rsa AAAAB3NzaC1yc2EAAAADAQABAAAAgwCmTUFwullTgi6xItD8QoRqrwVrIRZg8GTy3PVXXBaaRudKG0MnG+HEQGFlaKcQpRWjnxCq+eTWq7xe8ZNKOUmb8tSni7wb7DA4k2WEGastQnjZmjpW0kYTIgnAhx+kwcXx0/vCtlei8PCuzlMFRsppjsVL1IRd4hQUrchwQLu/A4Sx root@tempest
ssh-dss AAAAB3NzaC1kc3MAAACBAI2Wy0Fn4paGVZ2kN56orNUMGKB15L5n7BXGOV7KXdDzh1MD9OE4Hga5Ek91ThoK8Zy3HGFMM0LQI1iCg85k2VXzvwi2T9sbQB4Vm0SdOjX+xrdblVy72HoKBB16b5eoXXT9TiK/t52OgKTWeY4N6GvFN0KCwAaQvExslhnEggc7AAAAFQCcEUonGt/ACXPFbvRQEzAcDZJF2wAAAIAHPfFC8M8LsYfrRuOEWXNEah3Ovl+s25dj0hPHA/DBqtWxrdfN8uRGrSqsST0uGG9Seheo/Wa2esYnXpb/3cqmBiqL3yEP3lUYfSq7Q78LFf6qiM15xedyBthaL0t4Fbuodb9O8c3HPsqoB4EgIDUv7jhF4t/NivnrlhkWTMbpgwAAAIBUHZ//lXqBPkRltN2jMVfpPMg8ZA3+9VBJ/aDVIte3zfWaFDCmZTTVHgn7rEwlMIvqgXP5Z5dcHuZFvWyfGLNSLcKvhxWaEw/7dRPLwUGxKXcrNgPTtrn90N0Plbzg5D8YqNtq6codWgI92b8iaVgsoc2/VgwF3ucFCY9kC0HB3A== root@tempest
-----END SSH HOST KEY KEYS-----
=== network info ===
if-info: lo,up,127.0.0.1,8,::1
if-info: eth0,up,,8,fe80::f816:3eff:fe17:233f
=== datasource: configdrive local ===
instance-id: 40c31e1c-0cb1-41fc-b5ce-e7facd495b38
name: tempest.common.compute-instance-635978899
availability-zone: nova
local-hostname: tempest.common.compute-instance-635978899.novalocal
launch-index: 0
=== cirros: current=0.3.4 uptime=200.93 ===
route: fscanf
=== pinging gateway failed, debugging connection ===
############ debug start ##############
### /etc/init.d/sshd start
Starting dropbear sshd: OK
route: fscanf
### ifconfig -a
eth0      Link encap:Ethernet  HWaddr FA:16:3E:17:23:3F  
          inet6 addr: fe80::f816:3eff:fe17:233f/64 Scope:Link
          UP BROADCAST RUNNING MULTICAST  MTU:1500  Metric:1
          RX packets:14 errors:0 dropped:6 overruns:0 frame:0
          TX packets:8 errors:0 dropped:0 overruns:0 carrier:0
          collisions:0 txqueuelen:1000 
          RX bytes:1314 (1.2 KiB)  TX bytes:1134 (1.1 KiB)

lo        Link encap:Local Loopback  
          inet addr:127.0.0.1  Mask:255.0.0.0
          inet6 addr: ::1/128 Scope:Host
          UP LOOPBACK RUNNING  MTU:16436  Metric:1
          RX packets:12 errors:0 dropped:0 overruns:0 frame:0
          TX packets:12 errors:0 dropped:0 overruns:0 carrier:0
          collisions:0 txqueuelen:0 
          RX bytes:1020 (1020.0 B)  TX bytes:1020 (1020.0 B)

### route -n
Kernel IP routing table
Destination     Gateway         Genmask         Flags Metric Ref    Use Iface
route: fscanf
### cat /etc/resolv.conf
cat: can't open '/etc/resolv.conf': No such file or directory
### gateway not found
/sbin/cirros-status: line 1: can't open /etc/resolv.conf: no such file
### pinging nameservers
### uname -a
Linux tempest 3.2.0-80-virtual #116-Ubuntu SMP Mon Mar 23 17:28:52 UTC 2015 x86_64 GNU/Linux
### lsmod
Module                  Size  Used by    Not tainted
nls_iso8859_1          12713  0 
nls_cp437              16991  0 
vfat                   17585  0 
fat                    61512  1 vfat
isofs                  40259  0 
ip_tables              27473  0 
x_tables               29891  1 ip_tables
pcnet32                42119  0 
8139cp                 27360  0 
ne2k_pci               13691  0 
8390                   18856  1 ne2k_pci
e1000                 108589  0 
acpiphp                24231  0 
### dmesg | tail
[    5.036464] EXT3-fs (vda): mounted filesystem with ordered data mode
[    5.348725] ISO 9660 Extensions: Microsoft Joliet Level 3
[    5.417272] ISO 9660 Extensions: RRIP_1991A
[    5.665633] kjournald starting.  Commit interval 5 seconds
[    5.681093] EXT3-fs (vda): using internal journal
[    5.682176] EXT3-fs (vda): mounted filesystem with ordered data mode
[    8.971342] EXT3-fs (vda): using internal journal
[   12.194229] ISO 9660 Extensions: Microsoft Joliet Level 3
[   12.274172] ISO 9660 Extensions: RRIP_1991A
[   26.482753] eth0: no IPv6 routers present
### tail -n 25 /var/log/messages
Feb 21 23:19:50 cirros kern.info kernel: [    4.607340] acpiphp: Slot [26] registered
Feb 21 23:19:50 cirros kern.info kernel: [    4.607648] acpiphp: Slot [27] registered
Feb 21 23:19:50 cirros kern.info kernel: [    4.607945] acpiphp: Slot [28] registered
Feb 21 23:19:50 cirros kern.info kernel: [    4.608551] acpiphp: Slot [29] registered
Feb 21 23:19:50 cirros kern.info kernel: [    4.609320] acpiphp: Slot [30] registered
Feb 21 23:19:50 cirros kern.info kernel: [    4.609623] acpiphp: Slot [31] registered
Feb 21 23:19:50 cirros kern.info kernel: [    4.654381] e1000: Intel(R) PRO/1000 Network Driver - version 7.3.21-k8-NAPI
Feb 21 23:19:50 cirros kern.info kernel: [    4.654432] e1000: Copyright (c) 1999-2006 Intel Corporation.
Feb 21 23:19:50 cirros kern.info kernel: [    4.694133] ne2k-pci.c:v1.03 9/22/2003 D. Becker/P. Gortmaker
Feb 21 23:19:50 cirros kern.info kernel: [    4.735755] 8139cp: 8139cp: 10/100 PCI Ethernet driver v1.3 (Mar 22, 2004)
Feb 21 23:19:50 cirros kern.info kernel: [    4.773085] pcnet32: pcnet32.c:v1.35 21.Apr.2008 tsbogend@alpha.franken.de
Feb 21 23:19:50 cirros kern.info kernel: [    4.817251] ip_tables: (C) 2000-2006 Netfilter Core Team
Feb 21 23:19:50 cirros kern.info kernel: [    5.031073] kjournald starting.  Commit interval 5 seconds
Feb 21 23:19:50 cirros kern.info kernel: [    5.036464] EXT3-fs (vda): mounted filesystem with ordered data mode
Feb 21 23:19:50 cirros kern.debug kernel: [    5.348725] ISO 9660 Extensions: Microsoft Joliet Level 3
Feb 21 23:19:50 cirros kern.debug kernel: [    5.417272] ISO 9660 Extensions: RRIP_1991A
Feb 21 23:19:50 cirros kern.info kernel: [    5.665633] kjournald starting.  Commit interval 5 seconds
Feb 21 23:19:50 cirros kern.info kernel: [    5.681093] EXT3-fs (vda): using internal journal
Feb 21 23:19:50 cirros kern.info kernel: [    5.682176] EXT3-fs (vda): mounted filesystem with ordered data mode
Feb 21 23:19:50 cirros kern.info kernel: [    8.971342] EXT3-fs (vda): using internal journal
Feb 21 23:19:51 cirros kern.debug kernel: [   12.194229] ISO 9660 Extensions: Microsoft Joliet Level 3
Feb 21 23:19:51 cirros kern.debug kernel: [   12.274172] ISO 9660 Extensions: RRIP_1991A
Feb 21 23:19:54 cirros auth.notice su: + /dev/console root:cirros
Feb 21 23:20:06 cirros kern.debug kernel: [   26.482753] eth0: no IPv6 routers present
Feb 21 23:22:58 cirros authpriv.info dropbear[283]: Running in background
############ debug end   ##############
  ____               ____  ____
 / __/ __ ____ ____ / __ \/ __/
/ /__ / // __// __// /_/ /\ \ 
\___//_//_/  /_/   \____/___/ 
   http://cirros-cloud.net


login as 'cirros' user. default password: 'cubswin:)'. use 'sudo' for root.
tempest login: 
2016-02-21 23:23:51,285 27672 INFO     [tempest_lib.common.rest_client] Request (TestGettingAddress:_run_cleanups): 204 DELETE http://10.4.1.3:9696/v2.0/floatingips/d505fb68-cd7e-4f60-ad03-28805f48888c 0.448s
2016-02-21 23:23:51,286 27672 DEBUG    [tempest_lib.common.rest_client] Request - Headers: {'Content-Type': 'application/json', 'Accept': 'application/json', 'X-Auth-Token': '&lt;omitted&gt;'}
        Body: None
    Response - Headers: {'date': 'Sun, 21 Feb 2016 23:23:51 GMT', 'status': '204', 'connection': 'close', 'content-length': '0', 'x-openstack-request-id': 'req-17602d6d-aef1-4507-ad32-91717442f512'}
        Body: 
2016-02-21 23:23:51,758 27672 INFO     [tempest_lib.common.rest_client] Request (TestGettingAddress:_run_cleanups): 204 DELETE http://10.4.1.3:8774/v2.1/1950f6112bb24f83a533ee3e01e9d877/servers/40c31e1c-0cb1-41fc-b5ce-e7facd495b38 0.472s
2016-02-21 23:23:51,759 27672 DEBUG    [tempest_lib.common.rest_client] Request - Headers: {'Content-Type': 'application/json', 'Accept': 'application/json', 'X-Auth-Token': '&lt;omitted&gt;'}
        Body: None
    Response - Headers: {'status': '204', 'content-length': '0', 'x-compute-request-id': 'req-719bf24e-0166-4b0f-9b7f-8f7b9febbc4e', 'vary': 'X-OpenStack-Nova-API-Version', 'connection': 'close', 'x-openstack-nova-api-version': '2.1', 'date': 'Sun, 21 Feb 2016 23:23:51 GMT', 'content-type': 'application/json'}
        Body: 
2016-02-21 23:23:52,535 27672 INFO     [tempest_lib.common.rest_client] Request (TestGettingAddress:_run_cleanups): 200 GET http://10.4.1.3:8774/v2.1/1950f6112bb24f83a533ee3e01e9d877/servers/40c31e1c-0cb1-41fc-b5ce-e7facd495b38 0.775s
2016-02-21 23:23:52,536 27672 DEBUG    [tempest_lib.common.rest_client] Request - Headers: {'Content-Type': 'application/json', 'Accept': 'application/json', 'X-Auth-Token': '&lt;omitted&gt;'}
        Body: None
    Response - Headers: {'status': '200', 'content-length': '1897', 'content-location': 'http://10.4.1.3:8774/v2.1/1950f6112bb24f83a533ee3e01e9d877/servers/40c31e1c-0cb1-41fc-b5ce-e7facd495b38', 'x-compute-request-id': 'req-00123c2a-67a1-4bdd-8c09-4808efa43b9b', 'vary': 'X-OpenStack-Nova-API-Version', 'connection': 'close', 'x-openstack-nova-api-version': '2.1', 'date': 'Sun, 21 Feb 2016 23:23:52 GMT', 'content-type': 'application/json'}
        Body: {"server": {"status": "ACTIVE", "updated": "2016-02-21T23:23:51Z", "hostId": "e6497e18fa53459eb6f6fd4295f05f1460f8bfda52a2dae9162b6ef2", "addresses": {"tempest-network-smoke--652918402": [{"OS-EXT-IPS-MAC:mac_addr": "fa:16:3e:17:23:3f", "version": 6, "addr": "2003::f816:3eff:fe17:233f", "OS-EXT-IPS:type": "fixed"}, {"OS-EXT-IPS-MAC:mac_addr": "fa:16:3e:17:23:3f", "version": 4, "addr": "10.100.0.3", "OS-EXT-IPS:type": "fixed"}, {"OS-EXT-IPS-MAC:mac_addr": "fa:16:3e:17:23:3f", "version": 4, "addr": "172.24.4.4", "OS-EXT-IPS:type": "floating"}]}, "links": [{"href": "http://10.4.1.3:8774/v2.1/1950f6112bb24f83a533ee3e01e9d877/servers/40c31e1c-0cb1-41fc-b5ce-e7facd495b38", "rel": "self"}, {"href": "http://10.4.1.3:8774/1950f6112bb24f83a533ee3e01e9d877/servers/40c31e1c-0cb1-41fc-b5ce-e7facd495b38", "rel": "bookmark"}], "key_name": "tempest-TestGettingAddress-383580706", "image": {"id": "c12803da-35c3-4c27-9bb8-3642381b0cdf", "links": [{"href": "http://10.4.1.3:8774/1950f6112bb24f83a533ee3e01e9d877/images/c12803da-35c3-4c27-9bb8-3642381b0cdf", "rel": "bookmark"}]}, "OS-EXT-STS:task_state": "deleting", "OS-EXT-STS:vm_state": "active", "OS-SRV-USG:launched_at": "2016-02-21T23:19:35.000000", "flavor": {"id": "42", "links": [{"href": "http://10.4.1.3:8774/1950f6112bb24f83a533ee3e01e9d877/flavors/42", "rel": "bookmark"}]}, "id": "40c31e1c-0cb1-41fc-b5ce-e7facd495b38", "security_groups": [{"name": "tempest-secgroup-smoke-203098736"}], "OS-SRV-USG:terminated_at": null, "OS-EXT-AZ:availability_zone": "nova", "user_id": "e4c392155c8b4a0b99f8e76cab21860c", "name": "tempest.common.compute-instance-635978899", "created": "2016-02-21T23:19:29Z", "tenant_id": "1950f6112bb24f83a533ee3e01e9d877", "OS-DCF:diskConfig": "MANUAL", "os-extended-volumes:volumes_attached": [], "accessIPv4": "", "accessIPv6": "", "progress": 0, "OS-EXT-STS:power_state": 1, "config_drive": "True", "metadata": {}}}
2016-02-21 23:23:53,798 27672 INFO     [tempest_lib.common.rest_client] Request (TestGettingAddress:_run_cleanups): 404 GET http://10.4.1.3:8774/v2.1/1950f6112bb24f83a533ee3e01e9d877/servers/40c31e1c-0cb1-41fc-b5ce-e7facd495b38 0.248s
2016-02-21 23:23:53,798 27672 DEBUG    [tempest_lib.common.rest_client] Request - Headers: {'Content-Type': 'application/json', 'Accept': 'application/json', 'X-Auth-Token': '&lt;omitted&gt;'}
        Body: None
    Response - Headers: {'status': '404', 'content-length': '111', 'x-compute-request-id': 'req-b0adf153-cc63-44cc-9cec-3f68af32aca6', 'vary': 'X-OpenStack-Nova-API-Version', 'connection': 'close', 'x-openstack-nova-api-version': '2.1', 'date': 'Sun, 21 Feb 2016 23:23:53 GMT', 'content-type': 'application/json; charset=UTF-8'}
        Body: {"itemNotFound": {"message": "Instance 40c31e1c-0cb1-41fc-b5ce-e7facd495b38 could not be found.", "code": 404}}
2016-02-21 23:23:54,549 27672 INFO     [tempest_lib.common.rest_client] Request (TestGettingAddress:_run_cleanups): 500 PUT http://10.4.1.3:9696/v2.0/routers/927807ee-ca12-490b-8c5b-5d801d30879d/remove_router_interface 0.749s
2016-02-21 23:23:54,549 27672 DEBUG    [tempest_lib.common.rest_client] Request - Headers: {'Content-Type': 'application/json', 'Accept': 'application/json', 'X-Auth-Token': '&lt;omitted&gt;'}
        Body: {"subnet_id": "ba571d39-a708-4f6e-b719-2bacbc1ed41c"}
    Response - Headers: {'status': '500', 'content-length': '150', 'connection': 'close', 'date': 'Sun, 21 Feb 2016 23:23:54 GMT', 'content-type': 'application/json; charset=UTF-8', 'x-openstack-request-id': 'req-e6ce2cf8-47a6-4621-b8f2-4b0019e13fdd'}
        Body: {"NeutronError": {"message": "Request Failed: internal server error while processing your request.", "type": "HTTPInternalServerError", "detail": ""}}
2016-02-21 23:23:55,050 27672 INFO     [tempest_lib.common.rest_client] Request (TestGettingAddress:_run_cleanups): 404 PUT http://10.4.1.3:9696/v2.0/routers/927807ee-ca12-490b-8c5b-5d801d30879d/remove_router_interface 0.496s
2016-02-21 23:23:55,051 27672 DEBUG    [tempest_lib.common.rest_client] Request - Headers: {'Content-Type': 'application/json', 'Accept': 'application/json', 'X-Auth-Token': '&lt;omitted&gt;'}
        Body: {"subnet_id": "ba571d39-a708-4f6e-b719-2bacbc1ed41c"}
    Response - Headers: {'status': '404', 'content-length': '198', 'connection': 'close', 'date': 'Sun, 21 Feb 2016 23:23:55 GMT', 'content-type': 'application/json; charset=UTF-8', 'x-openstack-request-id': 'req-5f0c5546-3a9f-474b-81b5-ac6907728483'}
        Body: {"NeutronError": {"message": "Router 927807ee-ca12-490b-8c5b-5d801d30879d has no interface on subnet ba571d39-a708-4f6e-b719-2bacbc1ed41c", "type": "RouterInterfaceNotFoundForSubnet", "detail": ""}}
2016-02-21 23:23:55,737 27672 INFO     [tempest_lib.common.rest_client] Request (TestGettingAddress:_run_cleanups): 500 PUT http://10.4.1.3:9696/v2.0/routers/927807ee-ca12-490b-8c5b-5d801d30879d/remove_router_interface 0.684s
2016-02-21 23:23:55,737 27672 DEBUG    [tempest_lib.common.rest_client] Request - Headers: {'Content-Type': 'application/json', 'Accept': 'application/json', 'X-Auth-Token': '&lt;omitted&gt;'}
        Body: {"subnet_id": "f4ce4924-6d82-4584-b1e4-8dd5dfa5c85d"}
    Response - Headers: {'status': '500', 'content-length': '150', 'connection': 'close', 'date': 'Sun, 21 Feb 2016 23:23:55 GMT', 'content-type': 'application/json; charset=UTF-8', 'x-openstack-request-id': 'req-d77fe5ad-5e47-4828-a077-4f88bb48098a'}
        Body: {"NeutronError": {"message": "Request Failed: internal server error while processing your request.", "type": "HTTPInternalServerError", "detail": ""}}
2016-02-21 23:23:56,015 27672 INFO     [tempest_lib.common.rest_client] Request (TestGettingAddress:_run_cleanups): 200 GET http://10.4.1.3:9696/v2.0/routers/927807ee-ca12-490b-8c5b-5d801d30879d 0.275s
2016-02-21 23:23:56,016 27672 DEBUG    [tempest_lib.common.rest_client] Request - Headers: {'Content-Type': 'application/json', 'Accept': 'application/json', 'X-Auth-Token': '&lt;omitted&gt;'}
        Body: None
    Response - Headers: {'status': '200', 'content-length': '500', 'content-location': 'http://10.4.1.3:9696/v2.0/routers/927807ee-ca12-490b-8c5b-5d801d30879d', 'connection': 'close', 'date': 'Sun, 21 Feb 2016 23:23:56 GMT', 'content-type': 'application/json; charset=UTF-8', 'x-openstack-request-id': 'req-d23b2d8d-7d00-49af-87f2-5334476b0a74'}
        Body: {"router": {"status": "ACTIVE", "external_gateway_info": {"network_id": "fbb7194f-8a92-4dce-bacd-67dc46ef65c0", "enable_snat": true, "external_fixed_ips": [{"subnet_id": "080f87b3-8ff2-4e06-b5f4-792e24f6156b", "ip_address": "172.24.4.3"}, {"subnet_id": "b8bf5989-39fc-4fc3-982a-0ccdc6c486f1", "ip_address": "2001:db8::3"}]}, "name": "tempest-router-smoke-354837581", "admin_state_up": true, "tenant_id": "1950f6112bb24f83a533ee3e01e9d877", "routes": [], "id": "927807ee-ca12-490b-8c5b-5d801d30879d"}}
2016-02-21 23:23:56,564 27672 INFO     [tempest_lib.common.rest_client] Request (TestGettingAddress:_run_cleanups): 200 PUT http://10.4.1.3:9696/v2.0/routers/927807ee-ca12-490b-8c5b-5d801d30879d 0.547s
2016-02-21 23:23:56,565 27672 DEBUG    [tempest_lib.common.rest_client] Request - Headers: {'Content-Type': 'application/json', 'Accept': 'application/json', 'X-Auth-Token': '&lt;omitted&gt;'}
        Body: {"router": {"external_gateway_info": {}, "name": "tempest-router-smoke-354837581", "admin_state_up": true}}
    Response - Headers: {'status': '200', 'content-length': '238', 'connection': 'close', 'date': 'Sun, 21 Feb 2016 23:23:56 GMT', 'content-type': 'application/json; charset=UTF-8', 'x-openstack-request-id': 'req-7da7a0f3-07e0-4623-a28d-8ea2524c6763'}
        Body: {"router": {"status": "ACTIVE", "external_gateway_info": null, "name": "tempest-router-smoke-354837581", "admin_state_up": true, "tenant_id": "1950f6112bb24f83a533ee3e01e9d877", "routes": [], "id": "927807ee-ca12-490b-8c5b-5d801d30879d"}}
2016-02-21 23:23:57,059 27672 INFO     [tempest_lib.common.rest_client] Request (TestGettingAddress:_run_cleanups): 500 DELETE http://10.4.1.3:9696/v2.0/routers/927807ee-ca12-490b-8c5b-5d801d30879d 0.493s
2016-02-21 23:23:57,060 27672 DEBUG    [tempest_lib.common.rest_client] Request - Headers: {'Content-Type': 'application/json', 'Accept': 'application/json', 'X-Auth-Token': '&lt;omitted&gt;'}
        Body: None
    Response - Headers: {'status': '500', 'content-length': '150', 'connection': 'close', 'date': 'Sun, 21 Feb 2016 23:23:57 GMT', 'content-type': 'application/json; charset=UTF-8', 'x-openstack-request-id': 'req-b051055b-16fe-468e-9c35-abf8d360a592'}
        Body: {"NeutronError": {"message": "Request Failed: internal server error while processing your request.", "type": "HTTPInternalServerError", "detail": ""}}
2016-02-21 23:23:57,361 27672 INFO     [tempest_lib.common.rest_client] Request (TestGettingAddress:_run_cleanups): 404 PUT http://10.4.1.3:9696/v2.0/routers/927807ee-ca12-490b-8c5b-5d801d30879d/remove_router_interface 0.300s
