<?xml version="1.0" encoding="UTF-8"?>
<!DOCTYPE html PUBLIC "-//W3C//DTD XHTML 1.0 Strict//EN"
     "http://www.w3.org/TR/xhtml1/DTD/xhtml1-strict.dtd">
<html xmlns="http://www.w3.org/1999/xhtml">
<head>
    <title>Unit Test Report</title>
    <meta name="generator" content="subunit2html 0.1"/>
    <meta http-equiv="Content-Type" content="text/html; charset=UTF-8"/>
    
<style type="text/css" media="screen">
body        { font-family: verdana, arial, helvetica, sans-serif;
    font-size: 80%; }
table       { font-size: 100%; width: 100%;}
pre         { font-size: 80%; }

/* -- heading -------------------------------------------------------------- */
h1 {
        font-size: 16pt;
        color: gray;
}
.heading {
    margin-top: 0ex;
    margin-bottom: 1ex;
}

.heading .attribute {
    margin-top: 1ex;
    margin-bottom: 0;
}

.heading .description {
    margin-top: 4ex;
    margin-bottom: 6ex;
}

/* -- css div popup -------------------------------------------------------- */
a.popup_link {
}

a.popup_link:hover {
    color: red;
}

.popup_window {
    display: none;
    overflow-x: scroll;
    /*border: solid #627173 1px; */
    padding: 10px;
    background-color: #E6E6D6;
    font-family: "Ubuntu Mono", "Lucida Console", "Courier New", monospace;
    text-align: left;
    font-size: 8pt;
}

}
/* -- report --------------------------------------------------------------- */
#show_detail_line {
    margin-top: 3ex;
    margin-bottom: 1ex;
}
#result_table {
    width: 100%;
    border-collapse: collapse;
    border: 1px solid #777;
}
#header_row {
    font-weight: bold;
    color: white;
    background-color: #777;
}
#result_table td {
    border: 1px solid #777;
    padding: 2px;
}
#total_row  { font-weight: bold; }
.passClass  { background-color: #6c6; }
.failClass  { background-color: #c60; }
.errorClass { background-color: #c00; }
.passCase   { color: #6c6; }
.failCase   { color: #c60; font-weight: bold; }
.errorCase  { color: #c00; font-weight: bold; }
.hiddenRow  { display: none; }
.testcase   { margin-left: 2em; }
td.testname {width: 40%}
td.small {width: 40px}

/* -- ending --------------------------------------------------------------- */
#ending {
}

</style>

</head>
<body>
<script language="javascript" type="text/javascript"><!--
output_list = Array();

/* level - 0:Summary; 1:Failed; 2:All */
function showCase(level) {
    trs = document.getElementsByTagName("tr");
    for (var i = 0; i < trs.length; i++) {
        tr = trs[i];
        id = tr.id;
        if (id.substr(0,2) == 'ft') {
            if (level < 1) {
                tr.className = 'hiddenRow';
            }
            else {
                tr.className = '';
            }
        }
        if (id.substr(0,2) == 'pt') {
            if (level > 1) {
                tr.className = '';
            }
            else {
                tr.className = 'hiddenRow';
            }
        }
    }
}


function showClassDetail(cid, count) {
    var id_list = Array(count);
    var toHide = 1;
    for (var i = 0; i < count; i++) {
        tid0 = 't' + cid.substr(1) + '.' + (i+1);
        tid = 'f' + tid0;
        tr = document.getElementById(tid);
        if (!tr) {
            tid = 'p' + tid0;
            tr = document.getElementById(tid);
        }
        id_list[i] = tid;
        if (tr.className) {
            toHide = 0;
        }
    }
    for (var i = 0; i < count; i++) {
        tid = id_list[i];
        if (toHide) {
            document.getElementById('div_'+tid).style.display = 'none'
            document.getElementById(tid).className = 'hiddenRow';
        }
        else {
            document.getElementById(tid).className = '';
        }
    }
}


function showTestDetail(div_id){
    var details_div = document.getElementById(div_id)
    var displayState = details_div.style.display
    // alert(displayState)
    if (displayState != 'block' ) {
        displayState = 'block'
        details_div.style.display = 'block'
    }
    else {
        details_div.style.display = 'none'
    }
}


function html_escape(s) {
    s = s.replace(/&/g,'&amp;');
    s = s.replace(/</g,'&lt;');
    s = s.replace(/>/g,'&gt;');
    return s;
}

/* obsoleted by detail in <div>
function showOutput(id, name) {
    var w = window.open("", //url
                    name,
                    "resizable,scrollbars,status,width=800,height=450");
    d = w.document;
    d.write("<pre>");
    d.write(html_escape(output_list[id]));
    d.write("\n");
    d.write("<a href='javascript:window.close()'>close</a>\n");
    d.write("</pre>\n");
    d.close();
}
*/
--></script>

<div class='heading'>
<h1>Unit Test Report</h1>

<p class='attribute'><strong>Status:</strong> Failure 8</p>

<p class='description'></p>
</div>



<p id='show_detail_line'>Show
<a href='javascript:showCase(0)'>Summary</a>
<a href='javascript:showCase(1)'>Failed</a>
<a href='javascript:showCase(2)'>All</a>
</p>
<table id='result_table'>
<colgroup>
<col align='left' />
<col align='right' />
<col align='right' />
<col align='right' />
<col align='right' />
<col align='right' />
<col align='right' />
<col align='right' />
</colgroup>
<tr id='header_row'>
    <td>Test Group/Test case</td>
    <td>Count</td>
    <td>Pass</td>
    <td>Fail</td>
    <td>Error</td>
    <td>Skip</td>
    <td>View</td>
    <td> </td>
</tr>

<tr class='failClass'>
    <td class="testname">tempest.scenario.test_network_v6.TestGettingAddress</td>
    <td class="small">8</td>
    <td class="small">0</td>
    <td class="small">8</td>
    <td class="small">0</td>
    <td class="small">0</td>
    <td class="small"><a href="javascript:showClassDetail('c1',8)"
>Detail</a></td>
    <td> </td>
</tr>

<tr id='ft1.1' class='none'>
    <td class='failCase'><div class='testcase'>test_dhcp6_stateless_from_os[compute,id-d7e1f858-187c-45a6-89c9-bdafde619a9f,network,slow]</div></td>
    <td colspan='7' align='left'>

    <!--css div popup start-->
    <a class="popup_link" onfocus='this.blur();'
    href="javascript:showTestDetail('div_ft1.1')" >
        fail</a>

    <div id='div_ft1.1' class="popup_window">
        <div style='text-align: right; color:red;cursor:pointer'>
        <a onfocus='this.blur();'
onclick="document.getElementById('div_ft1.1').style.display = 'none' " >
           [x]</a>
        </div>
        <pre>
        
ft1.1: tempest.scenario.test_network_v6.TestGettingAddress.test_dhcp6_stateless_from_os[compute,id-d7e1f858-187c-45a6-89c9-bdafde619a9f,network,slow]_StringException: Empty attachments:
  stderr
  stdout

pythonlogging:'': {{{
2016-02-17 13:10:28,272 27838 INFO     [tempest_lib.common.rest_client] Request (TestGettingAddress:setUp): 200 POST http://10.4.1.3:8774/v2.1/3680d2f0ac8049088d14440973824ab2/os-keypairs 0.840s
2016-02-17 13:10:28,273 27838 DEBUG    [tempest_lib.common.rest_client] Request - Headers: {'Content-Type': 'application/json', 'Accept': 'application/json', 'X-Auth-Token': '&lt;omitted&gt;'}
        Body: {"keypair": {"name": "tempest-TestGettingAddress-1020207455"}}
    Response - Headers: {'status': '200', 'content-length': '2320', 'x-compute-request-id': 'req-54c725f3-12d3-40a2-874c-422fad71f082', 'vary': 'X-OpenStack-Nova-API-Version', 'connection': 'close', 'x-openstack-nova-api-version': '2.1', 'date': 'Wed, 17 Feb 2016 13:10:28 GMT', 'content-type': 'application/json'}
        Body: {"keypair": {"public_key": "ssh-rsa AAAAB3NzaC1yc2EAAAADAQABAAABAQDEJLmgE15mmhWTYeeCyV55/wVI0mZApstk0iiA31F8k/nbIZaePGgJAbEJCNnz9h3qbdFOBM4m6IbJL7igkk/DvmP6OwXWQ41YfrPL753ei/18gxMYphtOrholDHsAxhJcg3p21QCq/1LpX3vOCRLEO2+gsMC6NdXeOKhzxq5jb1fJaEhf99ycJxDo/vOUpfgvH80pO/7Zh+vaPZ7Yh8oVjXZlG0k7fFwooEj5T0OtvU7daXUBWl9GYICCKRPSZKM7Lq1dcDbRMdMJHZzaA+PfJ6CayFpDwZtEQigAzESZhw9vgtZTuYKIbDF+51eMUinQJU2z55CMPB9u0SUgk9bN Generated-by-Nova", "private_key": "-----BEGIN RSA PRIVATE KEY-----\nMIIEqQIBAAKCAQEAxCS5oBNeZpoVk2Hngsleef8FSNJmQKbLZNIogN9RfJP52yGW\nnjxoCQGxCQjZ8/Yd6m3RTgTOJuiGyS+4oJJPw75j+jsF1kONWH6zy++d3ov9fIMT\nGKYbTq4aJQx7AMYSXIN6dtUAqv9S6V97zgkSxDtvoLDAujXV3jioc8auY29XyWhI\nX/fcnCcQ6P7zlKX4Lx/NKTv+2Yfr2j2e2IfKFY12ZRtJO3xcKKBI+U9Drb1O3Wl1\nAVpfRmCAgikT0mSjOy6tXXA20THTCR2c2gPj3yegmshaQ8GbREIoAMxEmYcPb4LW\nU7mCiGwxfudXjFIp0CVNs+eQjDwfbtElIJPWzQIDAQABAoIBAQCJxs5JHjHaWnO7\nYjMwEGj3wuYgYAKJeWA3wtPGqpdfrcX9YhudrQrbAMAte3U1w/UBngA/EGsKs50y\nJv5GdF/pPIyX0evotOzNc7qyDu/SynzVgHDiiJN38h3VVm30fi2ZpJVacYaVluHT\nokmh0YfIJYPk2SOX6YcAIMZbBP2sQ+WSxpwqScZboe+uiYzz1hYb0toa0uFPWNc0\n/ghyRMaIOYGpEZQH+dJVdaN+PBKN2V9o04WbABZ0/u4mp3yWzbQobdivVOgfWZip\nH1MzVWqkhDbZ9jWRaiepWN49s+NsTUhMGd09Jn97aGIdAWnBJD1vJ3wWARicSUV+\nw6+vRIpVAoIAgQDFh9L5CawilPPtN0iA0SK1BcB4ZcrY0D7fdjH3Fj2wz897JO5W\n9n+CRaK3EfjOGc2augmGsFEgOtsz/sDaT4eawogHWK8ZgGuu/2ueFoPG225W+pQf\ntaDMsYmkY8YX9VBi/8OrWV5rU1RW/jfzCQj4gnchEC5s8D1Wp7CDO8+kgwKCAIEA\n/jPKfW1XQxqqybFLWLbC3RiEau/YtzRdj0730ohJgTrA3kTphj/zRI+/jdhH72cg\nVq9Isdlasgu1Jn1WJ9kOnAgEy52Lcs8G0KLBhnQhcAvG4dWme1e/seuN+CQCwl1I\n6nTAMHBSjnxKjkJnm3Dws/ZRVoLUNk2i1Du31UcC1m8CggCBAJ2HQVf8P7vggFuY\nsAiTQJOO/7zEqS2ZfdqmHxjHMvGT+QpjHHRb5rpUoHxRJ9Ptvgt7++bfLAOBDJl9\nu/0eWa2xH9yD/DhhMv9/kSqlF/h5vJg/A+v55D/6AiQIsc0fhTk+caRwBB2heexa\nlvIKLY5KNYk3p16XhMNbvigahfDTAoIAgEggI80Q0BifIWRW5L0IJiQbh77bzM62\nkfFOg6x9tPVw2TZ3sRbBYGHMs5ooisiXpypRU7v6ouwvvDduipqF0Mpe0BWB3wY1\nTYa3F1fx7WbgQI7lUvZeQGrYHhERDqNdWooDlGBqDlKVW4Yfu0v0cKdvNUbpmhLK\nVnAHfbKLEngLAoIAgGCEb8A0lYemhzz4Mo480YhUgPgcEZ8+rVuOtaIy2w9oCoxD\n7ao2M2TplR9x7yUGkiSln94ZGiC/g6OX/j6sFTNjlNLMrX5FIXNJKkjtRRT5H1Wr\np3s804f4t8OsnzeVRasKo7SG00/A+o+684ey5/LO43Y882RGrTDoYyYK/EUG\n-----END RSA PRIVATE KEY-----\n", "user_id": "f02f4d2b48b040098d7108f77249bf57", "name": "tempest-TestGettingAddress-1020207455", "fingerprint": "4b:e8:a1:76:7f:21:6b:54:31:45:cd:51:12:60:1f:47"}}
2016-02-17 13:10:28,716 27838 INFO     [tempest_lib.common.rest_client] Request (TestGettingAddress:setUp): 201 POST http://10.4.1.3:9696/v2.0/security-groups 0.440s
2016-02-17 13:10:28,717 27838 DEBUG    [tempest_lib.common.rest_client] Request - Headers: {'Content-Type': 'application/json', 'Accept': 'application/json', 'X-Auth-Token': '&lt;omitted&gt;'}
        Body: {"security_group": {"tenant_id": "3680d2f0ac8049088d14440973824ab2", "description": "tempest-secgroup-smoke-1516087061 description", "name": "tempest-secgroup-smoke-1516087061"}}
    Response - Headers: {'status': '201', 'content-length': '888', 'connection': 'close', 'date': 'Wed, 17 Feb 2016 13:10:28 GMT', 'content-type': 'application/json; charset=UTF-8', 'x-openstack-request-id': 'req-0622c95b-6253-44f5-9874-2973acd3d6c9'}
        Body: {"security_group": {"tenant_id": "3680d2f0ac8049088d14440973824ab2", "description": "tempest-secgroup-smoke-1516087061 description", "id": "ff726522-d722-45a3-bdc7-c61e6446719c", "security_group_rules": [{"remote_group_id": null, "direction": "egress", "remote_ip_prefix": null, "protocol": null, "ethertype": "IPv4", "tenant_id": "3680d2f0ac8049088d14440973824ab2", "port_range_max": null, "port_range_min": null, "id": "7bc6166d-6684-4882-b7d5-76cc5b5e3356", "security_group_id": "ff726522-d722-45a3-bdc7-c61e6446719c"}, {"remote_group_id": null, "direction": "egress", "remote_ip_prefix": null, "protocol": null, "ethertype": "IPv6", "tenant_id": "3680d2f0ac8049088d14440973824ab2", "port_range_max": null, "port_range_min": null, "id": "b74992b5-e934-4437-92de-e08271e901ae", "security_group_id": "ff726522-d722-45a3-bdc7-c61e6446719c"}], "name": "tempest-secgroup-smoke-1516087061"}}
2016-02-17 13:10:29,051 27838 INFO     [tempest_lib.common.rest_client] Request (TestGettingAddress:setUp): 201 POST http://10.4.1.3:9696/v2.0/security-group-rules 0.333s
2016-02-17 13:10:29,051 27838 DEBUG    [tempest_lib.common.rest_client] Request - Headers: {'Content-Type': 'application/json', 'Accept': 'application/json', 'X-Auth-Token': '&lt;omitted&gt;'}
        Body: {"security_group_rule": {"direction": "ingress", "protocol": "tcp", "tenant_id": "3680d2f0ac8049088d14440973824ab2", "port_range_max": 22, "security_group_id": "ff726522-d722-45a3-bdc7-c61e6446719c", "port_range_min": 22}}
    Response - Headers: {'status': '201', 'content-length': '340', 'connection': 'close', 'date': 'Wed, 17 Feb 2016 13:10:29 GMT', 'content-type': 'application/json; charset=UTF-8', 'x-openstack-request-id': 'req-b1495e8e-6ae8-4dc0-ad23-bf069c9eecdb'}
        Body: {"security_group_rule": {"remote_group_id": null, "direction": "ingress", "remote_ip_prefix": null, "protocol": "tcp", "ethertype": "IPv4", "tenant_id": "3680d2f0ac8049088d14440973824ab2", "port_range_max": 22, "port_range_min": 22, "id": "5fc9776e-630a-4a42-a017-431f82d52d1d", "security_group_id": "ff726522-d722-45a3-bdc7-c61e6446719c"}}
2016-02-17 13:10:29,361 27838 INFO     [tempest_lib.common.rest_client] Request (TestGettingAddress:setUp): 201 POST http://10.4.1.3:9696/v2.0/security-group-rules 0.308s
2016-02-17 13:10:29,362 27838 DEBUG    [tempest_lib.common.rest_client] Request - Headers: {'Content-Type': 'application/json', 'Accept': 'application/json', 'X-Auth-Token': '&lt;omitted&gt;'}
        Body: {"security_group_rule": {"direction": "egress", "protocol": "tcp", "tenant_id": "3680d2f0ac8049088d14440973824ab2", "port_range_max": 22, "security_group_id": "ff726522-d722-45a3-bdc7-c61e6446719c", "port_range_min": 22}}
    Response - Headers: {'status': '201', 'content-length': '339', 'connection': 'close', 'date': 'Wed, 17 Feb 2016 13:10:29 GMT', 'content-type': 'application/json; charset=UTF-8', 'x-openstack-request-id': 'req-6b6cfb63-7b86-42d2-a401-831c63fcc9fe'}
        Body: {"security_group_rule": {"remote_group_id": null, "direction": "egress", "remote_ip_prefix": null, "protocol": "tcp", "ethertype": "IPv4", "tenant_id": "3680d2f0ac8049088d14440973824ab2", "port_range_max": 22, "port_range_min": 22, "id": "b5865d1a-6c3f-4b28-951e-0adf564679d9", "security_group_id": "ff726522-d722-45a3-bdc7-c61e6446719c"}}
2016-02-17 13:10:29,692 27838 INFO     [tempest_lib.common.rest_client] Request (TestGettingAddress:setUp): 201 POST http://10.4.1.3:9696/v2.0/security-group-rules 0.329s
2016-02-17 13:10:29,692 27838 DEBUG    [tempest_lib.common.rest_client] Request - Headers: {'Content-Type': 'application/json', 'Accept': 'application/json', 'X-Auth-Token': '&lt;omitted&gt;'}
        Body: {"security_group_rule": {"tenant_id": "3680d2f0ac8049088d14440973824ab2", "direction": "ingress", "protocol": "icmp", "security_group_id": "ff726522-d722-45a3-bdc7-c61e6446719c"}}
    Response - Headers: {'status': '201', 'content-length': '345', 'connection': 'close', 'date': 'Wed, 17 Feb 2016 13:10:29 GMT', 'content-type': 'application/json; charset=UTF-8', 'x-openstack-request-id': 'req-efc1ffc1-9770-4231-a5d4-23c4ec1d0235'}
        Body: {"security_group_rule": {"remote_group_id": null, "direction": "ingress", "remote_ip_prefix": null, "protocol": "icmp", "ethertype": "IPv4", "tenant_id": "3680d2f0ac8049088d14440973824ab2", "port_range_max": null, "port_range_min": null, "id": "5ea64066-cf0b-4a6e-9794-6402a959e3af", "security_group_id": "ff726522-d722-45a3-bdc7-c61e6446719c"}}
2016-02-17 13:10:30,006 27838 INFO     [tempest_lib.common.rest_client] Request (TestGettingAddress:setUp): 201 POST http://10.4.1.3:9696/v2.0/security-group-rules 0.313s
2016-02-17 13:10:30,007 27838 DEBUG    [tempest_lib.common.rest_client] Request - Headers: {'Content-Type': 'application/json', 'Accept': 'application/json', 'X-Auth-Token': '&lt;omitted&gt;'}
        Body: {"security_group_rule": {"tenant_id": "3680d2f0ac8049088d14440973824ab2", "direction": "egress", "protocol": "icmp", "security_group_id": "ff726522-d722-45a3-bdc7-c61e6446719c"}}
    Response - Headers: {'status': '201', 'content-length': '344', 'connection': 'close', 'date': 'Wed, 17 Feb 2016 13:10:30 GMT', 'content-type': 'application/json; charset=UTF-8', 'x-openstack-request-id': 'req-a6f34ce4-36b4-4ecf-8c1c-52813b07dc86'}
        Body: {"security_group_rule": {"remote_group_id": null, "direction": "egress", "remote_ip_prefix": null, "protocol": "icmp", "ethertype": "IPv4", "tenant_id": "3680d2f0ac8049088d14440973824ab2", "port_range_max": null, "port_range_min": null, "id": "7479d746-10ef-49e3-ab4f-a49d1211474a", "security_group_id": "ff726522-d722-45a3-bdc7-c61e6446719c"}}
2016-02-17 13:10:30,352 27838 INFO     [tempest_lib.common.rest_client] Request (TestGettingAddress:setUp): 201 POST http://10.4.1.3:9696/v2.0/security-group-rules 0.344s
2016-02-17 13:10:30,352 27838 DEBUG    [tempest_lib.common.rest_client] Request - Headers: {'Content-Type': 'application/json', 'Accept': 'application/json', 'X-Auth-Token': '&lt;omitted&gt;'}
        Body: {"security_group_rule": {"tenant_id": "3680d2f0ac8049088d14440973824ab2", "direction": "ingress", "security_group_id": "ff726522-d722-45a3-bdc7-c61e6446719c", "protocol": "icmp", "ethertype": "IPv6"}}
    Response - Headers: {'status': '201', 'content-length': '345', 'connection': 'close', 'date': 'Wed, 17 Feb 2016 13:10:30 GMT', 'content-type': 'application/json; charset=UTF-8', 'x-openstack-request-id': 'req-2df27c86-4d82-4667-9493-566a13eb3168'}
        Body: {"security_group_rule": {"remote_group_id": null, "direction": "ingress", "remote_ip_prefix": null, "protocol": "icmp", "ethertype": "IPv6", "tenant_id": "3680d2f0ac8049088d14440973824ab2", "port_range_max": null, "port_range_min": null, "id": "69cf63f8-2391-48fa-bd4e-ea7f5d072b5f", "security_group_id": "ff726522-d722-45a3-bdc7-c61e6446719c"}}
2016-02-17 13:10:30,677 27838 INFO     [tempest_lib.common.rest_client] Request (TestGettingAddress:setUp): 201 POST http://10.4.1.3:9696/v2.0/security-group-rules 0.322s
2016-02-17 13:10:30,678 27838 DEBUG    [tempest_lib.common.rest_client] Request - Headers: {'Content-Type': 'application/json', 'Accept': 'application/json', 'X-Auth-Token': '&lt;omitted&gt;'}
        Body: {"security_group_rule": {"tenant_id": "3680d2f0ac8049088d14440973824ab2", "direction": "egress", "security_group_id": "ff726522-d722-45a3-bdc7-c61e6446719c", "protocol": "icmp", "ethertype": "IPv6"}}
    Response - Headers: {'status': '201', 'content-length': '344', 'connection': 'close', 'date': 'Wed, 17 Feb 2016 13:10:30 GMT', 'content-type': 'application/json; charset=UTF-8', 'x-openstack-request-id': 'req-078667f9-9c47-4ba8-818a-f929432a4dbe'}
        Body: {"security_group_rule": {"remote_group_id": null, "direction": "egress", "remote_ip_prefix": null, "protocol": "icmp", "ethertype": "IPv6", "tenant_id": "3680d2f0ac8049088d14440973824ab2", "port_range_max": null, "port_range_min": null, "id": "4c73b537-d49c-41b9-8f38-41b453892a86", "security_group_id": "ff726522-d722-45a3-bdc7-c61e6446719c"}}
2016-02-17 13:10:31,147 27838 INFO     [tempest_lib.common.rest_client] Request (TestGettingAddress:test_dhcp6_stateless_from_os): 201 POST http://10.4.1.3:9696/v2.0/networks 0.467s
2016-02-17 13:10:31,148 27838 DEBUG    [tempest_lib.common.rest_client] Request - Headers: {'Content-Type': 'application/json', 'Accept': 'application/json', 'X-Auth-Token': '&lt;omitted&gt;'}
        Body: {"network": {"tenant_id": "3680d2f0ac8049088d14440973824ab2", "name": "tempest-network-smoke--524908290"}}
    Response - Headers: {'status': '201', 'content-length': '355', 'connection': 'close', 'date': 'Wed, 17 Feb 2016 13:10:31 GMT', 'content-type': 'application/json; charset=UTF-8', 'x-openstack-request-id': 'req-7c13ea40-4b81-47ad-bf1a-207041cd0f19'}
        Body: {"network": {"status": "ACTIVE", "subnets": [], "availability_zone_hints": [], "availability_zones": [], "name": "tempest-network-smoke--524908290", "admin_state_up": true, "tenant_id": "3680d2f0ac8049088d14440973824ab2", "mtu": 1450, "router:external": false, "shared": false, "port_security_enabled": true, "id": "f42a99fa-075c-4ca6-b322-dcb641bdb956"}}
2016-02-17 13:10:31,412 27838 INFO     [tempest_lib.common.rest_client] Request (TestGettingAddress:test_dhcp6_stateless_from_os): 200 GET http://10.4.1.3:9696/v2.0/subnets?tenant_id=3680d2f0ac8049088d14440973824ab2&amp;cidr=10.100.0.0%2F28 0.263s
2016-02-17 13:10:31,413 27838 DEBUG    [tempest_lib.common.rest_client] Request - Headers: {'Content-Type': 'application/json', 'Accept': 'application/json', 'X-Auth-Token': '&lt;omitted&gt;'}
        Body: None
    Response - Headers: {'status': '200', 'content-length': '15', 'content-location': 'http://10.4.1.3:9696/v2.0/subnets?tenant_id=3680d2f0ac8049088d14440973824ab2&amp;cidr=10.100.0.0%2F28', 'connection': 'close', 'date': 'Wed, 17 Feb 2016 13:10:31 GMT', 'content-type': 'application/json; charset=UTF-8', 'x-openstack-request-id': 'req-9d41643f-14f2-47d3-a4c5-4dc289a01edb'}
        Body: {"subnets": []}
2016-02-17 13:10:31,963 27838 INFO     [tempest_lib.common.rest_client] Request (TestGettingAddress:test_dhcp6_stateless_from_os): 201 POST http://10.4.1.3:9696/v2.0/subnets 0.549s
2016-02-17 13:10:31,963 27838 DEBUG    [tempest_lib.common.rest_client] Request - Headers: {'Content-Type': 'application/json', 'Accept': 'application/json', 'X-Auth-Token': '&lt;omitted&gt;'}
        Body: {"subnet": {"ip_version": 4, "tenant_id": "3680d2f0ac8049088d14440973824ab2", "cidr": "10.100.0.0/28", "network_id": "f42a99fa-075c-4ca6-b322-dcb641bdb956", "name": "tempest-sub4-1066770100"}}
    Response - Headers: {'status': '201', 'content-length': '470', 'connection': 'close', 'date': 'Wed, 17 Feb 2016 13:10:31 GMT', 'content-type': 'application/json; charset=UTF-8', 'x-openstack-request-id': 'req-6ebb36ee-149c-4426-af48-13f32b5de8f8'}
        Body: {"subnet": {"name": "tempest-sub4-1066770100", "enable_dhcp": true, "network_id": "f42a99fa-075c-4ca6-b322-dcb641bdb956", "tenant_id": "3680d2f0ac8049088d14440973824ab2", "dns_nameservers": [], "gateway_ip": "10.100.0.1", "ipv6_ra_mode": null, "allocation_pools": [{"start": "10.100.0.2", "end": "10.100.0.14"}], "host_routes": [], "ip_version": 4, "ipv6_address_mode": null, "cidr": "10.100.0.0/28", "id": "5739ebed-c095-4dc2-8aa7-5379598ad64f", "subnetpool_id": null}}
2016-02-17 13:10:32,198 27838 INFO     [tempest_lib.common.rest_client] Request (TestGettingAddress:test_dhcp6_stateless_from_os): 201 POST http://10.4.1.3:9696/v2.0/routers 0.234s
2016-02-17 13:10:32,198 27838 DEBUG    [tempest_lib.common.rest_client] Request - Headers: {'Content-Type': 'application/json', 'Accept': 'application/json', 'X-Auth-Token': '&lt;omitted&gt;'}
        Body: {"router": {"tenant_id": "3680d2f0ac8049088d14440973824ab2", "name": "tempest-router-smoke-1762789114", "admin_state_up": true}}
    Response - Headers: {'status': '201', 'content-length': '239', 'connection': 'close', 'date': 'Wed, 17 Feb 2016 13:10:32 GMT', 'content-type': 'application/json; charset=UTF-8', 'x-openstack-request-id': 'req-beec3031-9409-4d6e-9091-e4d2bcf3d3a1'}
        Body: {"router": {"status": "ACTIVE", "external_gateway_info": null, "name": "tempest-router-smoke-1762789114", "admin_state_up": true, "tenant_id": "3680d2f0ac8049088d14440973824ab2", "routes": [], "id": "524b221e-faa5-42d8-bfc6-be835e0c8032"}}
2016-02-17 13:10:32,408 27838 INFO     [tempest_lib.common.rest_client] Request (TestGettingAddress:test_dhcp6_stateless_from_os): 200 GET http://10.4.1.3:9696/v2.0/routers/524b221e-faa5-42d8-bfc6-be835e0c8032 0.209s
2016-02-17 13:10:32,408 27838 DEBUG    [tempest_lib.common.rest_client] Request - Headers: {'Content-Type': 'application/json', 'Accept': 'application/json', 'X-Auth-Token': '&lt;omitted&gt;'}
        Body: None
    Response - Headers: {'status': '200', 'content-length': '239', 'content-location': 'http://10.4.1.3:9696/v2.0/routers/524b221e-faa5-42d8-bfc6-be835e0c8032', 'connection': 'close', 'date': 'Wed, 17 Feb 2016 13:10:32 GMT', 'content-type': 'application/json; charset=UTF-8', 'x-openstack-request-id': 'req-63d3b716-9532-4a93-92b2-e718bde440de'}
        Body: {"router": {"status": "ACTIVE", "external_gateway_info": null, "name": "tempest-router-smoke-1762789114", "admin_state_up": true, "tenant_id": "3680d2f0ac8049088d14440973824ab2", "routes": [], "id": "524b221e-faa5-42d8-bfc6-be835e0c8032"}}
2016-02-17 13:10:33,350 27838 INFO     [tempest_lib.common.rest_client] Request (TestGettingAddress:test_dhcp6_stateless_from_os): 200 PUT http://10.4.1.3:9696/v2.0/routers/524b221e-faa5-42d8-bfc6-be835e0c8032 0.941s
2016-02-17 13:10:33,351 27838 DEBUG    [tempest_lib.common.rest_client] Request - Headers: {'Content-Type': 'application/json', 'Accept': 'application/json', 'X-Auth-Token': '&lt;omitted&gt;'}
        Body: {"router": {"external_gateway_info": {"network_id": "dde904a8-ef80-4464-9efc-6a13b2f276a2"}, "name": "tempest-router-smoke-1762789114", "admin_state_up": true}}
    Response - Headers: {'status': '200', 'content-length': '501', 'connection': 'close', 'date': 'Wed, 17 Feb 2016 13:10:33 GMT', 'content-type': 'application/json; charset=UTF-8', 'x-openstack-request-id': 'req-65380695-23e1-4f69-9416-210f0364b79a'}
        Body: {"router": {"status": "ACTIVE", "external_gateway_info": {"network_id": "dde904a8-ef80-4464-9efc-6a13b2f276a2", "enable_snat": true, "external_fixed_ips": [{"subnet_id": "07a84cc8-8b35-467b-9e83-51077c24da32", "ip_address": "172.24.4.3"}, {"subnet_id": "521a5082-1836-403b-865c-6ccdd31f7d2f", "ip_address": "2001:db8::4"}]}, "name": "tempest-router-smoke-1762789114", "admin_state_up": true, "tenant_id": "3680d2f0ac8049088d14440973824ab2", "routes": [], "id": "524b221e-faa5-42d8-bfc6-be835e0c8032"}}
2016-02-17 13:10:34,128 27838 INFO     [tempest_lib.common.rest_client] Request (TestGettingAddress:test_dhcp6_stateless_from_os): 200 PUT http://10.4.1.3:9696/v2.0/routers/524b221e-faa5-42d8-bfc6-be835e0c8032/add_router_interface 0.777s
2016-02-17 13:10:34,129 27838 DEBUG    [tempest_lib.common.rest_client] Request - Headers: {'Content-Type': 'application/json', 'Accept': 'application/json', 'X-Auth-Token': '&lt;omitted&gt;'}
        Body: {"subnet_id": "5739ebed-c095-4dc2-8aa7-5379598ad64f"}
    Response - Headers: {'status': '200', 'content-length': '309', 'connection': 'close', 'date': 'Wed, 17 Feb 2016 13:10:34 GMT', 'content-type': 'application/json; charset=UTF-8', 'x-openstack-request-id': 'req-f4056b45-e48d-42b1-9f9c-b53c100e8b61'}
        Body: {"network_id": "f42a99fa-075c-4ca6-b322-dcb641bdb956", "tenant_id": "3680d2f0ac8049088d14440973824ab2", "subnet_id": "5739ebed-c095-4dc2-8aa7-5379598ad64f", "subnet_ids": ["5739ebed-c095-4dc2-8aa7-5379598ad64f"], "port_id": "97b9b8d3-2c6b-474c-a660-5307e8343e31", "id": "524b221e-faa5-42d8-bfc6-be835e0c8032"}
2016-02-17 13:10:34,388 27838 INFO     [tempest_lib.common.rest_client] Request (TestGettingAddress:test_dhcp6_stateless_from_os): 200 GET http://10.4.1.3:9696/v2.0/subnets?tenant_id=3680d2f0ac8049088d14440973824ab2&amp;cidr=2003%3A%3A%2F64 0.258s
2016-02-17 13:10:34,388 27838 DEBUG    [tempest_lib.common.rest_client] Request - Headers: {'Content-Type': 'application/json', 'Accept': 'application/json', 'X-Auth-Token': '&lt;omitted&gt;'}
        Body: None
    Response - Headers: {'status': '200', 'content-length': '15', 'content-location': 'http://10.4.1.3:9696/v2.0/subnets?tenant_id=3680d2f0ac8049088d14440973824ab2&amp;cidr=2003%3A%3A%2F64', 'connection': 'close', 'date': 'Wed, 17 Feb 2016 13:10:34 GMT', 'content-type': 'application/json; charset=UTF-8', 'x-openstack-request-id': 'req-4a2e5d69-a91b-4db2-8bc9-506271d10f42'}
        Body: {"subnets": []}
2016-02-17 13:10:35,574 27838 INFO     [tempest_lib.common.rest_client] Request (TestGettingAddress:test_dhcp6_stateless_from_os): 201 POST http://10.4.1.3:9696/v2.0/subnets 1.184s
2016-02-17 13:10:35,574 27838 DEBUG    [tempest_lib.common.rest_client] Request - Headers: {'Content-Type': 'application/json', 'Accept': 'application/json', 'X-Auth-Token': '&lt;omitted&gt;'}
        Body: {"subnet": {"name": "tempest-sub6-2026752213", "network_id": "f42a99fa-075c-4ca6-b322-dcb641bdb956", "tenant_id": "3680d2f0ac8049088d14440973824ab2", "ipv6_ra_mode": "dhcpv6-stateless", "ip_version": 6, "ipv6_address_mode": "dhcpv6-stateless", "cidr": "2003::/64"}}
    Response - Headers: {'status': '201', 'content-length': '502', 'connection': 'close', 'date': 'Wed, 17 Feb 2016 13:10:35 GMT', 'content-type': 'application/json; charset=UTF-8', 'x-openstack-request-id': 'req-433385c1-f031-45b5-9e54-378269654f35'}
        Body: {"subnet": {"name": "tempest-sub6-2026752213", "enable_dhcp": true, "network_id": "f42a99fa-075c-4ca6-b322-dcb641bdb956", "tenant_id": "3680d2f0ac8049088d14440973824ab2", "dns_nameservers": [], "gateway_ip": "2003::1", "ipv6_ra_mode": "dhcpv6-stateless", "allocation_pools": [{"start": "2003::2", "end": "2003::ffff:ffff:ffff:ffff"}], "host_routes": [], "ip_version": 6, "ipv6_address_mode": "dhcpv6-stateless", "cidr": "2003::/64", "id": "f588c891-74ff-47c6-a9bc-995fe8b90ca8", "subnetpool_id": null}}
2016-02-17 13:10:36,451 27838 INFO     [tempest_lib.common.rest_client] Request (TestGettingAddress:test_dhcp6_stateless_from_os): 200 PUT http://10.4.1.3:9696/v2.0/routers/524b221e-faa5-42d8-bfc6-be835e0c8032/add_router_interface 0.875s
2016-02-17 13:10:36,452 27838 DEBUG    [tempest_lib.common.rest_client] Request - Headers: {'Content-Type': 'application/json', 'Accept': 'application/json', 'X-Auth-Token': '&lt;omitted&gt;'}
        Body: {"subnet_id": "f588c891-74ff-47c6-a9bc-995fe8b90ca8"}
    Response - Headers: {'status': '200', 'content-length': '309', 'connection': 'close', 'date': 'Wed, 17 Feb 2016 13:10:36 GMT', 'content-type': 'application/json; charset=UTF-8', 'x-openstack-request-id': 'req-6cd74fa9-8a91-459b-8879-7a9aa8463624'}
        Body: {"network_id": "f42a99fa-075c-4ca6-b322-dcb641bdb956", "tenant_id": "3680d2f0ac8049088d14440973824ab2", "subnet_id": "f588c891-74ff-47c6-a9bc-995fe8b90ca8", "subnet_ids": ["f588c891-74ff-47c6-a9bc-995fe8b90ca8"], "port_id": "6f4edd25-4992-49f2-8532-7ddfeaa4fe68", "id": "524b221e-faa5-42d8-bfc6-be835e0c8032"}
2016-02-17 13:10:36,637 27838 INFO     [tempest_lib.common.rest_client] Request (TestGettingAddress:test_dhcp6_stateless_from_os): 200 POST http://10.4.1.3:5000/v2.0/tokens
2016-02-17 13:10:36,637 27838 DEBUG    [tempest_lib.common.rest_client] Request - Headers: {'Content-Type': 'application/json', 'Accept': 'application/json'}
        Body: &lt;omitted&gt;
    Response - Headers: {'status': '200', 'content-length': '2256', 'vary': 'X-Auth-Token', 'server': 'Apache/2.4.7 (Ubuntu)', 'connection': 'close', 'date': 'Wed, 17 Feb 2016 13:10:36 GMT', 'content-type': 'application/json', 'x-openstack-request-id': 'req-2caeb7d1-3fb8-4a82-bba4-104feb97203c'}
        Body: {"access": {"token": {"issued_at": "2016-02-17T13:10:36.623775", "expires": "2016-02-17T14:10:36Z", "id": "19b3fbbd520b49c5a61ddf55a27d2665", "tenant": {"description": "tempest-TestGettingAddress-1285523937-desc", "enabled": true, "id": "3680d2f0ac8049088d14440973824ab2", "name": "tempest-TestGettingAddress-1285523937"}, "audit_ids": ["1u3NrND1QF6hTsOJ-afCgw"]}, "serviceCatalog": [{"endpoints": [{"adminURL": "http://10.4.1.3:9292", "region": "RegionOne", "internalURL": "http://10.4.1.3:9292", "id": "2d100c72a54a415999f3f09340f6e4d3", "publicURL": "http://10.4.1.3:9292"}], "endpoints_links": [], "type": "image", "name": "glance"}, {"endpoints": [{"adminURL": "http://10.4.1.3:8774/v2.1/3680d2f0ac8049088d14440973824ab2", "region": "RegionOne", "internalURL": "http://10.4.1.3:8774/v2.1/3680d2f0ac8049088d14440973824ab2", "id": "65ad63fd09e4465e9e6a73e884bb5b03", "publicURL": "http://10.4.1.3:8774/v2.1/3680d2f0ac8049088d14440973824ab2"}], "endpoints_links": [], "type": "compute", "name": "nova"}, {"endpoints": [{"adminURL": "http://10.4.1.3:8774/v2/3680d2f0ac8049088d14440973824ab2", "region": "RegionOne", "internalURL": "http://10.4.1.3:8774/v2/3680d2f0ac8049088d14440973824ab2", "id": "3022e87a3444480ab0398ac910c65a96", "publicURL": "http://10.4.1.3:8774/v2/3680d2f0ac8049088d14440973824ab2"}], "endpoints_links": [], "type": "compute_legacy", "name": "nova_legacy"}, {"endpoints": [{"adminURL": "http://10.4.1.3:35357/v2.0", "region": "RegionOne", "internalURL": "http://10.4.1.3:5000/v2.0", "id": "a71a57ab32dd41a988c660cb65e5ffa8", "publicURL": "http://10.4.1.3:5000/v2.0"}], "endpoints_links": [], "type": "identity", "name": "keystone"}, {"endpoints": [{"adminURL": "http://10.4.1.3:9696/", "region": "RegionOne", "internalURL": "http://10.4.1.3:9696/", "id": "3b7b40381e5a4d6ab6e6df7aec32eb4b", "publicURL": "http://10.4.1.3:9696/"}], "endpoints_links": [], "type": "network", "name": "neutron"}], "user": {"username": "tempest-TestGettingAddress-1339035868", "roles_links": [], "id": "f02f4d2b48b040098d7108f77249bf57", "roles": [{"name": "_member_"}, {"name": "Member"}], "name": "tempest-TestGettingAddress-1339035868"}, "metadata": {"is_admin": 0, "roles": ["9fe2ff9ee4384b1894a90878d3e92bab", "58057fc769574af2af8f8b512d7b5a77"]}}}
2016-02-17 13:10:36,645 27838 DEBUG    [tempest.common.fixed_network] (TestGettingAddress:test_dhcp6_stateless_from_os) No valid network provided or created, defaulting to fixed_network_name
2016-02-17 13:10:37,119 27838 INFO     [tempest_lib.common.rest_client] Request (TestGettingAddress:test_dhcp6_stateless_from_os): 200 GET http://10.4.1.3:8774/v2.1/3680d2f0ac8049088d14440973824ab2/os-networks 0.473s
2016-02-17 13:10:37,119 27838 DEBUG    [tempest_lib.common.rest_client] Request - Headers: {'Content-Type': 'application/json', 'Accept': 'application/json', 'X-Auth-Token': '&lt;omitted&gt;'}
        Body: None
    Response - Headers: {'status': '200', 'content-length': '478', 'content-location': 'http://10.4.1.3:8774/v2.1/3680d2f0ac8049088d14440973824ab2/os-networks', 'x-compute-request-id': 'req-5d61eab3-cbaf-4d02-ba52-c366abb73ce7', 'vary': 'X-OpenStack-Nova-API-Version', 'connection': 'close', 'x-openstack-nova-api-version': '2.1', 'date': 'Wed, 17 Feb 2016 13:10:37 GMT', 'content-type': 'application/json'}
        Body: {"networks": [{"cidr_v6": null, "dns2": null, "dns1": null, "gateway": null, "broadcast": null, "netmask": null, "gateway_v6": null, "cidr": null, "label": "public", "id": "dde904a8-ef80-4464-9efc-6a13b2f276a2", "netmask_v6": null}, {"cidr_v6": null, "dns2": null, "dns1": null, "gateway": null, "broadcast": null, "netmask": null, "gateway_v6": null, "cidr": null, "label": "tempest-network-smoke--524908290", "id": "f42a99fa-075c-4ca6-b322-dcb641bdb956", "netmask_v6": null}]}
2016-02-17 13:10:37,120 27838 WARNING  [tempest.common.fixed_network] (TestGettingAddress:test_dhcp6_stateless_from_os) Network with name: private not found
2016-02-17 13:10:37,121 27838 INFO     [tempest.common.fixed_network] (TestGettingAddress:test_dhcp6_stateless_from_os) Found network {} available for tenant
2016-02-17 13:10:40,281 27838 INFO     [tempest_lib.common.rest_client] Request (TestGettingAddress:test_dhcp6_stateless_from_os): 202 POST http://10.4.1.3:8774/v2.1/3680d2f0ac8049088d14440973824ab2/servers 3.160s
2016-02-17 13:10:40,282 27838 DEBUG    [tempest_lib.common.rest_client] Request - Headers: {'Content-Type': 'application/json', 'Accept': 'application/json', 'X-Auth-Token': '&lt;omitted&gt;'}
        Body: {"server": {"name": "tempest.common.compute-instance-1025912103", "imageRef": "ca9e9837-3463-486c-b5eb-c0c5763caf73", "key_name": "tempest-TestGettingAddress-1020207455", "flavorRef": "42", "networks": [{"uuid": "f42a99fa-075c-4ca6-b322-dcb641bdb956"}], "security_groups": [{"name": "tempest-secgroup-smoke-1516087061"}]}}
    Response - Headers: {'status': '202', 'content-length': '460', 'x-compute-request-id': 'req-6b2bd1f6-54ec-4f8a-a4ae-60414b8313ea', 'vary': 'X-OpenStack-Nova-API-Version', 'connection': 'close', 'location': 'http://10.4.1.3:8774/v2.1/3680d2f0ac8049088d14440973824ab2/servers/0dd6e0b9-a9de-462c-b880-8b2e53fa60a4', 'x-openstack-nova-api-version': '2.1', 'date': 'Wed, 17 Feb 2016 13:10:40 GMT', 'content-type': 'application/json'}
        Body: {"server": {"security_groups": [{"name": "tempest-secgroup-smoke-1516087061"}], "OS-DCF:diskConfig": "MANUAL", "id": "0dd6e0b9-a9de-462c-b880-8b2e53fa60a4", "links": [{"href": "http://10.4.1.3:8774/v2.1/3680d2f0ac8049088d14440973824ab2/servers/0dd6e0b9-a9de-462c-b880-8b2e53fa60a4", "rel": "self"}, {"href": "http://10.4.1.3:8774/3680d2f0ac8049088d14440973824ab2/servers/0dd6e0b9-a9de-462c-b880-8b2e53fa60a4", "rel": "bookmark"}], "adminPass": "caS3j9YvbpSE"}}
2016-02-17 13:10:40,804 27838 INFO     [tempest_lib.common.rest_client] Request (TestGettingAddress:test_dhcp6_stateless_from_os): 200 GET http://10.4.1.3:8774/v2.1/3680d2f0ac8049088d14440973824ab2/servers/0dd6e0b9-a9de-462c-b880-8b2e53fa60a4 0.520s
2016-02-17 13:10:40,805 27838 DEBUG    [tempest_lib.common.rest_client] Request - Headers: {'Content-Type': 'application/json', 'Accept': 'application/json', 'X-Auth-Token': '&lt;omitted&gt;'}
        Body: None
    Response - Headers: {'status': '200', 'content-length': '1351', 'content-location': 'http://10.4.1.3:8774/v2.1/3680d2f0ac8049088d14440973824ab2/servers/0dd6e0b9-a9de-462c-b880-8b2e53fa60a4', 'x-compute-request-id': 'req-17322336-451e-4f05-9f16-d2a8cb959e34', 'vary': 'X-OpenStack-Nova-API-Version', 'connection': 'close', 'x-openstack-nova-api-version': '2.1', 'date': 'Wed, 17 Feb 2016 13:10:40 GMT', 'content-type': 'application/json'}
        Body: {"server": {"status": "BUILD", "updated": "2016-02-17T13:10:40Z", "hostId": "", "addresses": {}, "links": [{"href": "http://10.4.1.3:8774/v2.1/3680d2f0ac8049088d14440973824ab2/servers/0dd6e0b9-a9de-462c-b880-8b2e53fa60a4", "rel": "self"}, {"href": "http://10.4.1.3:8774/3680d2f0ac8049088d14440973824ab2/servers/0dd6e0b9-a9de-462c-b880-8b2e53fa60a4", "rel": "bookmark"}], "key_name": "tempest-TestGettingAddress-1020207455", "image": {"id": "ca9e9837-3463-486c-b5eb-c0c5763caf73", "links": [{"href": "http://10.4.1.3:8774/3680d2f0ac8049088d14440973824ab2/images/ca9e9837-3463-486c-b5eb-c0c5763caf73", "rel": "bookmark"}]}, "OS-EXT-STS:task_state": "scheduling", "OS-EXT-STS:vm_state": "building", "OS-SRV-USG:launched_at": null, "flavor": {"id": "42", "links": [{"href": "http://10.4.1.3:8774/3680d2f0ac8049088d14440973824ab2/flavors/42", "rel": "bookmark"}]}, "id": "0dd6e0b9-a9de-462c-b880-8b2e53fa60a4", "OS-SRV-USG:terminated_at": null, "OS-EXT-AZ:availability_zone": "", "user_id": "f02f4d2b48b040098d7108f77249bf57", "name": "tempest.common.compute-instance-1025912103", "created": "2016-02-17T13:10:40Z", "tenant_id": "3680d2f0ac8049088d14440973824ab2", "OS-DCF:diskConfig": "MANUAL", "os-extended-volumes:volumes_attached": [], "accessIPv4": "", "accessIPv6": "", "progress": 0, "OS-EXT-STS:power_state": 0, "config_drive": "", "metadata": {}}}
2016-02-17 13:10:42,290 27838 INFO     [tempest_lib.common.rest_client] Request (TestGettingAddress:test_dhcp6_stateless_from_os): 200 GET http://10.4.1.3:8774/v2.1/3680d2f0ac8049088d14440973824ab2/servers/0dd6e0b9-a9de-462c-b880-8b2e53fa60a4 0.475s
2016-02-17 13:10:42,290 27838 DEBUG    [tempest_lib.common.rest_client] Request - Headers: {'Content-Type': 'application/json', 'Accept': 'application/json', 'X-Auth-Token': '&lt;omitted&gt;'}
        Body: None
    Response - Headers: {'status': '200', 'content-length': '1409', 'content-location': 'http://10.4.1.3:8774/v2.1/3680d2f0ac8049088d14440973824ab2/servers/0dd6e0b9-a9de-462c-b880-8b2e53fa60a4', 'x-compute-request-id': 'req-b4067e90-1377-4207-9833-8878c9aefe3c', 'vary': 'X-OpenStack-Nova-API-Version', 'connection': 'close', 'x-openstack-nova-api-version': '2.1', 'date': 'Wed, 17 Feb 2016 13:10:42 GMT', 'content-type': 'application/json'}
        Body: {"server": {"status": "BUILD", "updated": "2016-02-17T13:10:41Z", "hostId": "2d34aec238a06a68909031b1050e73048f852dc200caf02c1bdc9de2", "addresses": {}, "links": [{"href": "http://10.4.1.3:8774/v2.1/3680d2f0ac8049088d14440973824ab2/servers/0dd6e0b9-a9de-462c-b880-8b2e53fa60a4", "rel": "self"}, {"href": "http://10.4.1.3:8774/3680d2f0ac8049088d14440973824ab2/servers/0dd6e0b9-a9de-462c-b880-8b2e53fa60a4", "rel": "bookmark"}], "key_name": "tempest-TestGettingAddress-1020207455", "image": {"id": "ca9e9837-3463-486c-b5eb-c0c5763caf73", "links": [{"href": "http://10.4.1.3:8774/3680d2f0ac8049088d14440973824ab2/images/ca9e9837-3463-486c-b5eb-c0c5763caf73", "rel": "bookmark"}]}, "OS-EXT-STS:task_state": "spawning", "OS-EXT-STS:vm_state": "building", "OS-SRV-USG:launched_at": null, "flavor": {"id": "42", "links": [{"href": "http://10.4.1.3:8774/3680d2f0ac8049088d14440973824ab2/flavors/42", "rel": "bookmark"}]}, "id": "0dd6e0b9-a9de-462c-b880-8b2e53fa60a4", "OS-SRV-USG:terminated_at": null, "OS-EXT-AZ:availability_zone": "nova", "user_id": "f02f4d2b48b040098d7108f77249bf57", "name": "tempest.common.compute-instance-1025912103", "created": "2016-02-17T13:10:40Z", "tenant_id": "3680d2f0ac8049088d14440973824ab2", "OS-DCF:diskConfig": "MANUAL", "os-extended-volumes:volumes_attached": [], "accessIPv4": "", "accessIPv6": "", "progress": 0, "OS-EXT-STS:power_state": 0, "config_drive": "", "metadata": {}}}
2016-02-17 13:10:42,299 27838 INFO     [tempest.common.waiters] State transition "BUILD/scheduling" ==&gt; "BUILD/spawning" after 2 second wait
2016-02-17 13:10:44,091 27838 INFO     [tempest_lib.common.rest_client] Request (TestGettingAddress:test_dhcp6_stateless_from_os): 200 GET http://10.4.1.3:8774/v2.1/3680d2f0ac8049088d14440973824ab2/servers/0dd6e0b9-a9de-462c-b880-8b2e53fa60a4 0.789s
2016-02-17 13:10:44,091 27838 DEBUG    [tempest_lib.common.rest_client] Request - Headers: {'Content-Type': 'application/json', 'Accept': 'application/json', 'X-Auth-Token': '&lt;omitted&gt;'}
        Body: None
    Response - Headers: {'status': '200', 'content-length': '1477', 'content-location': 'http://10.4.1.3:8774/v2.1/3680d2f0ac8049088d14440973824ab2/servers/0dd6e0b9-a9de-462c-b880-8b2e53fa60a4', 'x-compute-request-id': 'req-03a2024e-1688-4abd-ae2b-24f667192698', 'vary': 'X-OpenStack-Nova-API-Version', 'connection': 'close', 'x-openstack-nova-api-version': '2.1', 'date': 'Wed, 17 Feb 2016 13:10:44 GMT', 'content-type': 'application/json'}
        Body: {"server": {"status": "BUILD", "updated": "2016-02-17T13:10:41Z", "hostId": "2d34aec238a06a68909031b1050e73048f852dc200caf02c1bdc9de2", "addresses": {}, "links": [{"href": "http://10.4.1.3:8774/v2.1/3680d2f0ac8049088d14440973824ab2/servers/0dd6e0b9-a9de-462c-b880-8b2e53fa60a4", "rel": "self"}, {"href": "http://10.4.1.3:8774/3680d2f0ac8049088d14440973824ab2/servers/0dd6e0b9-a9de-462c-b880-8b2e53fa60a4", "rel": "bookmark"}], "key_name": "tempest-TestGettingAddress-1020207455", "image": {"id": "ca9e9837-3463-486c-b5eb-c0c5763caf73", "links": [{"href": "http://10.4.1.3:8774/3680d2f0ac8049088d14440973824ab2/images/ca9e9837-3463-486c-b5eb-c0c5763caf73", "rel": "bookmark"}]}, "OS-EXT-STS:task_state": "spawning", "OS-EXT-STS:vm_state": "building", "OS-SRV-USG:launched_at": null, "flavor": {"id": "42", "links": [{"href": "http://10.4.1.3:8774/3680d2f0ac8049088d14440973824ab2/flavors/42", "rel": "bookmark"}]}, "id": "0dd6e0b9-a9de-462c-b880-8b2e53fa60a4", "security_groups": [{"name": "tempest-secgroup-smoke-1516087061"}], "OS-SRV-USG:terminated_at": null, "OS-EXT-AZ:availability_zone": "nova", "user_id": "f02f4d2b48b040098d7108f77249bf57", "name": "tempest.common.compute-instance-1025912103", "created": "2016-02-17T13:10:40Z", "tenant_id": "3680d2f0ac8049088d14440973824ab2", "OS-DCF:diskConfig": "MANUAL", "os-extended-volumes:volumes_attached": [], "accessIPv4": "", "accessIPv6": "", "progress": 0, "OS-EXT-STS:power_state": 0, "config_drive": "", "metadata": {}}}
2016-02-17 13:10:45,833 27838 INFO     [tempest_lib.common.rest_client] Request (TestGettingAddress:test_dhcp6_stateless_from_os): 200 GET http://10.4.1.3:8774/v2.1/3680d2f0ac8049088d14440973824ab2/servers/0dd6e0b9-a9de-462c-b880-8b2e53fa60a4 0.731s
2016-02-17 13:10:45,833 27838 DEBUG    [tempest_lib.common.rest_client] Request - Headers: {'Content-Type': 'application/json', 'Accept': 'application/json', 'X-Auth-Token': '&lt;omitted&gt;'}
        Body: None
    Response - Headers: {'status': '200', 'content-length': '1477', 'content-location': 'http://10.4.1.3:8774/v2.1/3680d2f0ac8049088d14440973824ab2/servers/0dd6e0b9-a9de-462c-b880-8b2e53fa60a4', 'x-compute-request-id': 'req-cc5e5d29-564e-43fe-945d-7eb4cb4336b1', 'vary': 'X-OpenStack-Nova-API-Version', 'connection': 'close', 'x-openstack-nova-api-version': '2.1', 'date': 'Wed, 17 Feb 2016 13:10:45 GMT', 'content-type': 'application/json'}
        Body: {"server": {"status": "BUILD", "updated": "2016-02-17T13:10:41Z", "hostId": "2d34aec238a06a68909031b1050e73048f852dc200caf02c1bdc9de2", "addresses": {}, "links": [{"href": "http://10.4.1.3:8774/v2.1/3680d2f0ac8049088d14440973824ab2/servers/0dd6e0b9-a9de-462c-b880-8b2e53fa60a4", "rel": "self"}, {"href": "http://10.4.1.3:8774/3680d2f0ac8049088d14440973824ab2/servers/0dd6e0b9-a9de-462c-b880-8b2e53fa60a4", "rel": "bookmark"}], "key_name": "tempest-TestGettingAddress-1020207455", "image": {"id": "ca9e9837-3463-486c-b5eb-c0c5763caf73", "links": [{"href": "http://10.4.1.3:8774/3680d2f0ac8049088d14440973824ab2/images/ca9e9837-3463-486c-b5eb-c0c5763caf73", "rel": "bookmark"}]}, "OS-EXT-STS:task_state": "spawning", "OS-EXT-STS:vm_state": "building", "OS-SRV-USG:launched_at": null, "flavor": {"id": "42", "links": [{"href": "http://10.4.1.3:8774/3680d2f0ac8049088d14440973824ab2/flavors/42", "rel": "bookmark"}]}, "id": "0dd6e0b9-a9de-462c-b880-8b2e53fa60a4", "security_groups": [{"name": "tempest-secgroup-smoke-1516087061"}], "OS-SRV-USG:terminated_at": null, "OS-EXT-AZ:availability_zone": "nova", "user_id": "f02f4d2b48b040098d7108f77249bf57", "name": "tempest.common.compute-instance-1025912103", "created": "2016-02-17T13:10:40Z", "tenant_id": "3680d2f0ac8049088d14440973824ab2", "OS-DCF:diskConfig": "MANUAL", "os-extended-volumes:volumes_attached": [], "accessIPv4": "", "accessIPv6": "", "progress": 0, "OS-EXT-STS:power_state": 0, "config_drive": "", "metadata": {}}}
2016-02-17 13:10:47,486 27838 INFO     [tempest_lib.common.rest_client] Request (TestGettingAddress:test_dhcp6_stateless_from_os): 200 GET http://10.4.1.3:8774/v2.1/3680d2f0ac8049088d14440973824ab2/servers/0dd6e0b9-a9de-462c-b880-8b2e53fa60a4 0.639s
2016-02-17 13:10:47,486 27838 DEBUG    [tempest_lib.common.rest_client] Request - Headers: {'Content-Type': 'application/json', 'Accept': 'application/json', 'X-Auth-Token': '&lt;omitted&gt;'}
        Body: None
    Response - Headers: {'status': '200', 'content-length': '1777', 'content-location': 'http://10.4.1.3:8774/v2.1/3680d2f0ac8049088d14440973824ab2/servers/0dd6e0b9-a9de-462c-b880-8b2e53fa60a4', 'x-compute-request-id': 'req-e8f06b81-9f7d-425a-bae8-56ae3d41c397', 'vary': 'X-OpenStack-Nova-API-Version', 'connection': 'close', 'x-openstack-nova-api-version': '2.1', 'date': 'Wed, 17 Feb 2016 13:10:47 GMT', 'content-type': 'application/json'}
        Body: {"server": {"status": "ACTIVE", "updated": "2016-02-17T13:10:46Z", "hostId": "2d34aec238a06a68909031b1050e73048f852dc200caf02c1bdc9de2", "addresses": {"tempest-network-smoke--524908290": [{"OS-EXT-IPS-MAC:mac_addr": "fa:16:3e:95:43:41", "version": 6, "addr": "2003::f816:3eff:fe95:4341", "OS-EXT-IPS:type": "fixed"}, {"OS-EXT-IPS-MAC:mac_addr": "fa:16:3e:95:43:41", "version": 4, "addr": "10.100.0.3", "OS-EXT-IPS:type": "fixed"}]}, "links": [{"href": "http://10.4.1.3:8774/v2.1/3680d2f0ac8049088d14440973824ab2/servers/0dd6e0b9-a9de-462c-b880-8b2e53fa60a4", "rel": "self"}, {"href": "http://10.4.1.3:8774/3680d2f0ac8049088d14440973824ab2/servers/0dd6e0b9-a9de-462c-b880-8b2e53fa60a4", "rel": "bookmark"}], "key_name": "tempest-TestGettingAddress-1020207455", "image": {"id": "ca9e9837-3463-486c-b5eb-c0c5763caf73", "links": [{"href": "http://10.4.1.3:8774/3680d2f0ac8049088d14440973824ab2/images/ca9e9837-3463-486c-b5eb-c0c5763caf73", "rel": "bookmark"}]}, "OS-EXT-STS:task_state": null, "OS-EXT-STS:vm_state": "active", "OS-SRV-USG:launched_at": "2016-02-17T13:10:46.000000", "flavor": {"id": "42", "links": [{"href": "http://10.4.1.3:8774/3680d2f0ac8049088d14440973824ab2/flavors/42", "rel": "bookmark"}]}, "id": "0dd6e0b9-a9de-462c-b880-8b2e53fa60a4", "security_groups": [{"name": "tempest-secgroup-smoke-1516087061"}], "OS-SRV-USG:terminated_at": null, "OS-EXT-AZ:availability_zone": "nova", "user_id": "f02f4d2b48b040098d7108f77249bf57", "name": "tempest.common.compute-instance-1025912103", "created": "2016-02-17T13:10:40Z", "tenant_id": "3680d2f0ac8049088d14440973824ab2", "OS-DCF:diskConfig": "MANUAL", "os-extended-volumes:volumes_attached": [], "accessIPv4": "", "accessIPv6": "", "progress": 0, "OS-EXT-STS:power_state": 1, "config_drive": "True", "metadata": {}}}
2016-02-17 13:10:47,496 27838 INFO     [tempest.common.waiters] State transition "BUILD/spawning" ==&gt; "ACTIVE/None" after 7 second wait
2016-02-17 13:10:48,240 27838 INFO     [tempest_lib.common.rest_client] Request (TestGettingAddress:test_dhcp6_stateless_from_os): 200 GET http://10.4.1.3:8774/v2.1/3680d2f0ac8049088d14440973824ab2/servers/0dd6e0b9-a9de-462c-b880-8b2e53fa60a4 0.743s
2016-02-17 13:10:48,240 27838 DEBUG    [tempest_lib.common.rest_client] Request - Headers: {'Content-Type': 'application/json', 'Accept': 'application/json', 'X-Auth-Token': '&lt;omitted&gt;'}
        Body: None
    Response - Headers: {'status': '200', 'content-length': '1777', 'content-location': 'http://10.4.1.3:8774/v2.1/3680d2f0ac8049088d14440973824ab2/servers/0dd6e0b9-a9de-462c-b880-8b2e53fa60a4', 'x-compute-request-id': 'req-7c4620cb-b69d-4280-8d64-be5442093bdb', 'vary': 'X-OpenStack-Nova-API-Version', 'connection': 'close', 'x-openstack-nova-api-version': '2.1', 'date': 'Wed, 17 Feb 2016 13:10:48 GMT', 'content-type': 'application/json'}
        Body: {"server": {"status": "ACTIVE", "updated": "2016-02-17T13:10:46Z", "hostId": "2d34aec238a06a68909031b1050e73048f852dc200caf02c1bdc9de2", "addresses": {"tempest-network-smoke--524908290": [{"OS-EXT-IPS-MAC:mac_addr": "fa:16:3e:95:43:41", "version": 6, "addr": "2003::f816:3eff:fe95:4341", "OS-EXT-IPS:type": "fixed"}, {"OS-EXT-IPS-MAC:mac_addr": "fa:16:3e:95:43:41", "version": 4, "addr": "10.100.0.3", "OS-EXT-IPS:type": "fixed"}]}, "links": [{"href": "http://10.4.1.3:8774/v2.1/3680d2f0ac8049088d14440973824ab2/servers/0dd6e0b9-a9de-462c-b880-8b2e53fa60a4", "rel": "self"}, {"href": "http://10.4.1.3:8774/3680d2f0ac8049088d14440973824ab2/servers/0dd6e0b9-a9de-462c-b880-8b2e53fa60a4", "rel": "bookmark"}], "key_name": "tempest-TestGettingAddress-1020207455", "image": {"id": "ca9e9837-3463-486c-b5eb-c0c5763caf73", "links": [{"href": "http://10.4.1.3:8774/3680d2f0ac8049088d14440973824ab2/images/ca9e9837-3463-486c-b5eb-c0c5763caf73", "rel": "bookmark"}]}, "OS-EXT-STS:task_state": null, "OS-EXT-STS:vm_state": "active", "OS-SRV-USG:launched_at": "2016-02-17T13:10:46.000000", "flavor": {"id": "42", "links": [{"href": "http://10.4.1.3:8774/3680d2f0ac8049088d14440973824ab2/flavors/42", "rel": "bookmark"}]}, "id": "0dd6e0b9-a9de-462c-b880-8b2e53fa60a4", "security_groups": [{"name": "tempest-secgroup-smoke-1516087061"}], "OS-SRV-USG:terminated_at": null, "OS-EXT-AZ:availability_zone": "nova", "user_id": "f02f4d2b48b040098d7108f77249bf57", "name": "tempest.common.compute-instance-1025912103", "created": "2016-02-17T13:10:40Z", "tenant_id": "3680d2f0ac8049088d14440973824ab2", "OS-DCF:diskConfig": "MANUAL", "os-extended-volumes:volumes_attached": [], "accessIPv4": "", "accessIPv6": "", "progress": 0, "OS-EXT-STS:power_state": 1, "config_drive": "True", "metadata": {}}}
2016-02-17 13:10:48,448 27838 INFO     [tempest_lib.common.rest_client] Request (TestGettingAddress:test_dhcp6_stateless_from_os): 200 GET http://10.4.1.3:9696/v2.0/ports?fixed_ip=None&amp;device_id=0dd6e0b9-a9de-462c-b880-8b2e53fa60a4 0.199s
2016-02-17 13:10:48,449 27838 DEBUG    [tempest_lib.common.rest_client] Request - Headers: {'Content-Type': 'application/json', 'Accept': 'application/json', 'X-Auth-Token': '&lt;omitted&gt;'}
        Body: None
    Response - Headers: {'status': '200', 'content-length': '853', 'content-location': 'http://10.4.1.3:9696/v2.0/ports?fixed_ip=None&amp;device_id=0dd6e0b9-a9de-462c-b880-8b2e53fa60a4', 'connection': 'close', 'date': 'Wed, 17 Feb 2016 13:10:48 GMT', 'content-type': 'application/json; charset=UTF-8', 'x-openstack-request-id': 'req-3603b67a-1df4-44d2-82e8-493b5a0bd3e4'}
        Body: {"ports": [{"status": "ACTIVE", "binding:host_id": "vagrant-ubuntu-trusty-64", "name": "", "allowed_address_pairs": [], "admin_state_up": true, "network_id": "f42a99fa-075c-4ca6-b322-dcb641bdb956", "tenant_id": "3680d2f0ac8049088d14440973824ab2", "extra_dhcp_opts": [], "mac_address": "fa:16:3e:95:43:41", "binding:vif_details": {"port_filter": true}, "binding:vif_type": "ovs", "device_owner": "compute:None", "binding:profile": {}, "port_security_enabled": true, "binding:vnic_type": "normal", "fixed_ips": [{"subnet_id": "5739ebed-c095-4dc2-8aa7-5379598ad64f", "ip_address": "10.100.0.3"}, {"subnet_id": "f588c891-74ff-47c6-a9bc-995fe8b90ca8", "ip_address": "2003::f816:3eff:fe95:4341"}], "id": "ca2a4c0c-e839-4603-93e8-291c57a6114b", "security_groups": ["ff726522-d722-45a3-bdc7-c61e6446719c"], "device_id": "0dd6e0b9-a9de-462c-b880-8b2e53fa60a4"}]}
2016-02-17 13:10:49,203 27838 INFO     [tempest_lib.common.rest_client] Request (TestGettingAddress:test_dhcp6_stateless_from_os): 201 POST http://10.4.1.3:9696/v2.0/floatingips 0.753s
2016-02-17 13:10:49,203 27838 DEBUG    [tempest_lib.common.rest_client] Request - Headers: {'Content-Type': 'application/json', 'Accept': 'application/json', 'X-Auth-Token': '&lt;omitted&gt;'}
        Body: {"floatingip": {"floating_network_id": "dde904a8-ef80-4464-9efc-6a13b2f276a2", "tenant_id": "3680d2f0ac8049088d14440973824ab2", "fixed_ip_address": "10.100.0.3", "port_id": "ca2a4c0c-e839-4603-93e8-291c57a6114b"}}
    Response - Headers: {'status': '201', 'content-length': '369', 'connection': 'close', 'date': 'Wed, 17 Feb 2016 13:10:49 GMT', 'content-type': 'application/json; charset=UTF-8', 'x-openstack-request-id': 'req-80f8801e-fab4-4b8d-a78b-0dcc8dd8fc28'}
        Body: {"floatingip": {"floating_network_id": "dde904a8-ef80-4464-9efc-6a13b2f276a2", "router_id": "524b221e-faa5-42d8-bfc6-be835e0c8032", "fixed_ip_address": "10.100.0.3", "floating_ip_address": "172.24.4.4", "tenant_id": "3680d2f0ac8049088d14440973824ab2", "status": "ACTIVE", "port_id": "ca2a4c0c-e839-4603-93e8-291c57a6114b", "id": "420f0ab0-dc70-4a07-b2f7-b8c18fa74225"}}
2016-02-17 13:10:49,205 27838 INFO     [tempest_lib.common.ssh] Creating ssh connection to '172.24.4.4' as 'cirros' with public key authentication
2016-02-17 13:11:49,262 27838 WARNING  [tempest_lib.common.ssh] Failed to establish authenticated ssh connection to cirros@172.24.4.4 (timed out). Number attempts: 1. Retry after 2 seconds.
2016-02-17 13:12:51,824 27838 WARNING  [tempest_lib.common.ssh] Failed to establish authenticated ssh connection to cirros@172.24.4.4 (timed out). Number attempts: 2. Retry after 3 seconds.
2016-02-17 13:13:55,388 27838 WARNING  [tempest_lib.common.ssh] Failed to establish authenticated ssh connection to cirros@172.24.4.4 (timed out). Number attempts: 3. Retry after 4 seconds.
2016-02-17 13:14:59,945 27838 ERROR    [tempest_lib.common.ssh] Failed to establish authenticated ssh connection to cirros@172.24.4.4 after 3 attempts
2016-02-17 13:14:59.945 27838 ERROR tempest_lib.common.ssh Traceback (most recent call last):
2016-02-17 13:14:59.945 27838 ERROR tempest_lib.common.ssh   File "/usr/local/lib/python2.7/dist-packages/tempest_lib/common/ssh.py", line 75, in _get_ssh_connection
2016-02-17 13:14:59.945 27838 ERROR tempest_lib.common.ssh     timeout=self.channel_timeout, pkey=self.pkey)
2016-02-17 13:14:59.945 27838 ERROR tempest_lib.common.ssh   File "/usr/local/lib/python2.7/dist-packages/paramiko/client.py", line 292, in connect
2016-02-17 13:14:59.945 27838 ERROR tempest_lib.common.ssh     retry_on_signal(lambda: sock.connect(addr))
2016-02-17 13:14:59.945 27838 ERROR tempest_lib.common.ssh   File "/usr/local/lib/python2.7/dist-packages/paramiko/util.py", line 270, in retry_on_signal
2016-02-17 13:14:59.945 27838 ERROR tempest_lib.common.ssh     return function()
2016-02-17 13:14:59.945 27838 ERROR tempest_lib.common.ssh   File "/usr/local/lib/python2.7/dist-packages/paramiko/client.py", line 292, in &lt;lambda&gt;
2016-02-17 13:14:59.945 27838 ERROR tempest_lib.common.ssh     retry_on_signal(lambda: sock.connect(addr))
2016-02-17 13:14:59.945 27838 ERROR tempest_lib.common.ssh   File "/usr/lib/python2.7/socket.py", line 224, in meth
2016-02-17 13:14:59.945 27838 ERROR tempest_lib.common.ssh     return getattr(self._sock,name)(*args)
2016-02-17 13:14:59.945 27838 ERROR tempest_lib.common.ssh timeout: timed out
2016-02-17 13:14:59.945 27838 ERROR tempest_lib.common.ssh 
2016-02-17 13:14:59,949 27838 ERROR    [tempest.scenario.manager] (TestGettingAddress:test_dhcp6_stateless_from_os) Initializing SSH connection to 172.24.4.4 failed. Error: Connection to the 172.24.4.4 via SSH timed out.
User: cirros, Password: None
2016-02-17 13:14:59.949 27838 ERROR tempest.scenario.manager Traceback (most recent call last):
2016-02-17 13:14:59.949 27838 ERROR tempest.scenario.manager   File "tempest/scenario/manager.py", line 377, in get_remote_client
2016-02-17 13:14:59.949 27838 ERROR tempest.scenario.manager     linux_client.validate_authentication()
2016-02-17 13:14:59.949 27838 ERROR tempest.scenario.manager   File "tempest/common/utils/linux/remote_client.py", line 51, in validate_authentication
2016-02-17 13:14:59.949 27838 ERROR tempest.scenario.manager     self.ssh_client.test_connection_auth()
2016-02-17 13:14:59.949 27838 ERROR tempest.scenario.manager   File "/usr/local/lib/python2.7/dist-packages/tempest_lib/common/ssh.py", line 173, in test_connection_auth
2016-02-17 13:14:59.949 27838 ERROR tempest.scenario.manager     connection = self._get_ssh_connection()
2016-02-17 13:14:59.949 27838 ERROR tempest.scenario.manager   File "/usr/local/lib/python2.7/dist-packages/tempest_lib/common/ssh.py", line 88, in _get_ssh_connection
2016-02-17 13:14:59.949 27838 ERROR tempest.scenario.manager     password=self.password)
2016-02-17 13:14:59.949 27838 ERROR tempest.scenario.manager SSHTimeout: Connection to the 172.24.4.4 via SSH timed out.
2016-02-17 13:14:59.949 27838 ERROR tempest.scenario.manager User: cirros, Password: None
2016-02-17 13:14:59.949 27838 ERROR tempest.scenario.manager 
2016-02-17 13:15:00,234 27838 INFO     [tempest_lib.common.rest_client] Request (TestGettingAddress:test_dhcp6_stateless_from_os): 200 GET http://10.4.1.3:8774/v2.1/3680d2f0ac8049088d14440973824ab2/servers 0.282s
2016-02-17 13:15:00,234 27838 DEBUG    [tempest_lib.common.rest_client] Request - Headers: {'Content-Type': 'application/json', 'Accept': 'application/json', 'X-Auth-Token': '&lt;omitted&gt;'}
        Body: None
    Response - Headers: {'status': '200', 'content-length': '389', 'content-location': 'http://10.4.1.3:8774/v2.1/3680d2f0ac8049088d14440973824ab2/servers', 'x-compute-request-id': 'req-1a12fce9-d69f-4468-aa73-2692e911e6e3', 'vary': 'X-OpenStack-Nova-API-Version', 'connection': 'close', 'x-openstack-nova-api-version': '2.1', 'date': 'Wed, 17 Feb 2016 13:15:00 GMT', 'content-type': 'application/json'}
        Body: {"servers": [{"id": "0dd6e0b9-a9de-462c-b880-8b2e53fa60a4", "links": [{"href": "http://10.4.1.3:8774/v2.1/3680d2f0ac8049088d14440973824ab2/servers/0dd6e0b9-a9de-462c-b880-8b2e53fa60a4", "rel": "self"}, {"href": "http://10.4.1.3:8774/3680d2f0ac8049088d14440973824ab2/servers/0dd6e0b9-a9de-462c-b880-8b2e53fa60a4", "rel": "bookmark"}], "name": "tempest.common.compute-instance-1025912103"}]}
2016-02-17 13:15:00,658 27838 INFO     [tempest_lib.common.rest_client] Request (TestGettingAddress:test_dhcp6_stateless_from_os): 200 POST http://10.4.1.3:8774/v2.1/3680d2f0ac8049088d14440973824ab2/servers/0dd6e0b9-a9de-462c-b880-8b2e53fa60a4/action 0.418s
2016-02-17 13:15:00,659 27838 DEBUG    [tempest_lib.common.rest_client] Request - Headers: {'Content-Type': 'application/json', 'Accept': 'application/json', 'X-Auth-Token': '&lt;omitted&gt;'}
        Body: {"os-getConsoleOutput": {}}
    Response - Headers: {'status': '200', 'content-length': '24670', 'x-compute-request-id': 'req-f9bfe6e3-d8dd-467f-aa22-7c7e35240567', 'vary': 'X-OpenStack-Nova-API-Version', 'connection': 'close', 'x-openstack-nova-api-version': '2.1', 'date': 'Wed, 17 Feb 2016 13:15:00 GMT', 'content-type': 'application/json'}
        Body: {"output": "[    0.000000] Initializing cgroup subsys cpuset\n[    0.000000] Initializing cgroup subsys cpu\n[    0.000000] Linux version 3.2.0-80-virtual (buildd@batsu) (gcc version 4.6.3 (Ubuntu/Linaro 4.6.3-1ubuntu5) ) #116-Ubuntu SMP Mon Mar 23 17:28:52 UTC 2015 (Ubuntu 3.2.0-80.116-virtual 3.2.68)\n[    0.000000] Command line: root=/dev/vda console=tty0 console=ttyS0 no_timer_check\n[    0.000000] KERNEL supported cpus:\n[    0.000000]   Intel GenuineIntel\n[    0.000000]   AMD AuthenticAMD\n[    0.000000]   Centaur CentaurHauls\n[    0.000000] BIOS-provided physical RAM map:\n[    0.000000]  BIOS-e820: 0000000000000000 - 000000000009fc00 (usable)\n[    0.000000]  BIOS-e820: 000000000009fc00 - 00000000000a0000 (reserved)\n[    0.000000]  BIOS-e820: 00000000000f0000 - 0000000000100000 (reserved)\n[    0.000000]  BIOS-e820: 0000000000100000 - 0000000003ffe000 (usable)\n[    0.000000]  BIOS-e820: 0000000003ffe000 - 0000000004000000 (reserved)\n[    0.000000]  BIOS-e820: 00000000fffc0000 - 0000000100000000 (reserved)\n[    0.000000] NX (Execute Disable) protection: active\n[    0.000000] SMBIOS 2.4 present.\n[    0.000000] No AGP bridge found\n[    0.000000] last_pfn = 0x3ffe max_arch_pfn = 0x400000000\n[    0.000000] x86 PAT enabled: cpu 0, old 0x7040600070406, new 0x7010600070106\n[    0.000000] found SMP MP-table at [ffff8800000f0b00] f0b00\n[    0.000000] init_memory_mapping: 0000000000000000-0000000003ffe000\n[    0.000000] RAMDISK: 03c5e000 - 03ff0000\n[    0.000000] ACPI: RSDP 00000000000f0950 00014 (v00 BOCHS )\n[    0.000000] ACPI: RSDT 0000000003fffbc1 00034 (v01 BOCHS  BXPCRSDT 00000001 BXPC 00000001)\n[    0.000000] ACPI: FACP 0000000003fff1c0 00074 (v01 BOCHS  BXPCFACP 00000001 BXPC 00000001)\n[    0.000000] ACPI: DSDT 0000000003ffe040 01180 (v01 BOCHS  BXPCDSDT 00000001 BXPC 00000001)\n[    0.000000] ACPI: FACS 0000000003ffe000 00040\n[    0.000000] ACPI: SSDT 0000000003fff234 008DD (v01 BOCHS  BXPCSSDT 00000001 BXPC 00000001)\n[    0.000000] ACPI: APIC 0000000003fffb11 00078 (v01 BOCHS  BXPCAPIC 00000001 BXPC 00000001)\n[    0.000000] ACPI: HPET 0000000003fffb89 00038 (v01 BOCHS  BXPCHPET 00000001 BXPC 00000001)\n[    0.000000] No NUMA configuration found\n[    0.000000] Faking a node at 0000000000000000-0000000003ffe000\n[    0.000000] Initmem setup node 0 0000000000000000-0000000003ffe000\n[    0.000000]   NODE_DATA [0000000003ff6000 - 0000000003ffafff]\n[    0.000000] Zone PFN ranges:\n[    0.000000]   DMA      0x00000010 -&gt; 0x00001000\n[    0.000000]   DMA32    0x00001000 -&gt; 0x00100000\n[    0.000000]   Normal   empty\n[    0.000000] Movable zone start PFN for each node\n[    0.000000] early_node_map[2] active PFN ranges\n[    0.000000]     0: 0x00000010 -&gt; 0x0000009f\n[    0.000000]     0: 0x00000100 -&gt; 0x00003ffe\n[    0.000000] ACPI: PM-Timer IO Port: 0xb008\n[    0.000000] ACPI: LAPIC (acpi_id[0x00] lapic_id[0x00] enabled)\n[    0.000000] ACPI: LAPIC_NMI (acpi_id[0xff] dfl dfl lint[0x1])\n[    0.000000] ACPI: IOAPIC (id[0x00] address[0xfec00000] gsi_base[0])\n[    0.000000] IOAPIC[0]: apic_id 0, version 17, address 0xfec00000, GSI 0-23\n[    0.000000] ACPI: INT_SRC_OVR (bus 0 bus_irq 0 global_irq 2 dfl dfl)\n[    0.000000] ACPI: INT_SRC_OVR (bus 0 bus_irq 5 global_irq 5 high level)\n[    0.000000] ACPI: INT_SRC_OVR (bus 0 bus_irq 9 global_irq 9 high level)\n[    0.000000] ACPI: INT_SRC_OVR (bus 0 bus_irq 10 global_irq 10 high level)\n[    0.000000] ACPI: INT_SRC_OVR (bus 0 bus_irq 11 global_irq 11 high level)\n[    0.000000] Using ACPI (MADT) for SMP configuration information\n[    0.000000] ACPI: HPET id: 0x8086a201 base: 0xfed00000\n[    0.000000] SMP: Allowing 1 CPUs, 0 hotplug CPUs\n[    0.000000] PM: Registered nosave memory: 000000000009f000 - 00000000000a0000\n[    0.000000] PM: Registered nosave memory: 00000000000a0000 - 00000000000f0000\n[    0.000000] PM: Registered nosave memory: 00000000000f0000 - 0000000000100000\n[    0.000000] Allocating PCI resources starting at 4000000 (gap: 4000000:fbfc0000)\n[    0.000000] Booting paravirtualized kernel on bare hardware\n[    0.000000] setup_pe
2016-02-17 13:15:00,662 27838 DEBUG    [tempest.scenario.manager] Console output for 0dd6e0b9-a9de-462c-b880-8b2e53fa60a4
body=
[    0.000000] Initializing cgroup subsys cpuset
[    0.000000] Initializing cgroup subsys cpu
[    0.000000] Linux version 3.2.0-80-virtual (buildd@batsu) (gcc version 4.6.3 (Ubuntu/Linaro 4.6.3-1ubuntu5) ) #116-Ubuntu SMP Mon Mar 23 17:28:52 UTC 2015 (Ubuntu 3.2.0-80.116-virtual 3.2.68)
[    0.000000] Command line: root=/dev/vda console=tty0 console=ttyS0 no_timer_check
[    0.000000] KERNEL supported cpus:
[    0.000000]   Intel GenuineIntel
[    0.000000]   AMD AuthenticAMD
[    0.000000]   Centaur CentaurHauls
[    0.000000] BIOS-provided physical RAM map:
[    0.000000]  BIOS-e820: 0000000000000000 - 000000000009fc00 (usable)
[    0.000000]  BIOS-e820: 000000000009fc00 - 00000000000a0000 (reserved)
[    0.000000]  BIOS-e820: 00000000000f0000 - 0000000000100000 (reserved)
[    0.000000]  BIOS-e820: 0000000000100000 - 0000000003ffe000 (usable)
[    0.000000]  BIOS-e820: 0000000003ffe000 - 0000000004000000 (reserved)
[    0.000000]  BIOS-e820: 00000000fffc0000 - 0000000100000000 (reserved)
[    0.000000] NX (Execute Disable) protection: active
[    0.000000] SMBIOS 2.4 present.
[    0.000000] No AGP bridge found
[    0.000000] last_pfn = 0x3ffe max_arch_pfn = 0x400000000
[    0.000000] x86 PAT enabled: cpu 0, old 0x7040600070406, new 0x7010600070106
[    0.000000] found SMP MP-table at [ffff8800000f0b00] f0b00
[    0.000000] init_memory_mapping: 0000000000000000-0000000003ffe000
[    0.000000] RAMDISK: 03c5e000 - 03ff0000
[    0.000000] ACPI: RSDP 00000000000f0950 00014 (v00 BOCHS )
[    0.000000] ACPI: RSDT 0000000003fffbc1 00034 (v01 BOCHS  BXPCRSDT 00000001 BXPC 00000001)
[    0.000000] ACPI: FACP 0000000003fff1c0 00074 (v01 BOCHS  BXPCFACP 00000001 BXPC 00000001)
[    0.000000] ACPI: DSDT 0000000003ffe040 01180 (v01 BOCHS  BXPCDSDT 00000001 BXPC 00000001)
[    0.000000] ACPI: FACS 0000000003ffe000 00040
[    0.000000] ACPI: SSDT 0000000003fff234 008DD (v01 BOCHS  BXPCSSDT 00000001 BXPC 00000001)
[    0.000000] ACPI: APIC 0000000003fffb11 00078 (v01 BOCHS  BXPCAPIC 00000001 BXPC 00000001)
[    0.000000] ACPI: HPET 0000000003fffb89 00038 (v01 BOCHS  BXPCHPET 00000001 BXPC 00000001)
[    0.000000] No NUMA configuration found
[    0.000000] Faking a node at 0000000000000000-0000000003ffe000
[    0.000000] Initmem setup node 0 0000000000000000-0000000003ffe000
[    0.000000]   NODE_DATA [0000000003ff6000 - 0000000003ffafff]
[    0.000000] Zone PFN ranges:
[    0.000000]   DMA      0x00000010 -&gt; 0x00001000
[    0.000000]   DMA32    0x00001000 -&gt; 0x00100000
[    0.000000]   Normal   empty
[    0.000000] Movable zone start PFN for each node
[    0.000000] early_node_map[2] active PFN ranges
[    0.000000]     0: 0x00000010 -&gt; 0x0000009f
[    0.000000]     0: 0x00000100 -&gt; 0x00003ffe
[    0.000000] ACPI: PM-Timer IO Port: 0xb008
[    0.000000] ACPI: LAPIC (acpi_id[0x00] lapic_id[0x00] enabled)
[    0.000000] ACPI: LAPIC_NMI (acpi_id[0xff] dfl dfl lint[0x1])
[    0.000000] ACPI: IOAPIC (id[0x00] address[0xfec00000] gsi_base[0])
[    0.000000] IOAPIC[0]: apic_id 0, version 17, address 0xfec00000, GSI 0-23
[    0.000000] ACPI: INT_SRC_OVR (bus 0 bus_irq 0 global_irq 2 dfl dfl)
[    0.000000] ACPI: INT_SRC_OVR (bus 0 bus_irq 5 global_irq 5 high level)
[    0.000000] ACPI: INT_SRC_OVR (bus 0 bus_irq 9 global_irq 9 high level)
[    0.000000] ACPI: INT_SRC_OVR (bus 0 bus_irq 10 global_irq 10 high level)
[    0.000000] ACPI: INT_SRC_OVR (bus 0 bus_irq 11 global_irq 11 high level)
[    0.000000] Using ACPI (MADT) for SMP configuration information
[    0.000000] ACPI: HPET id: 0x8086a201 base: 0xfed00000
[    0.000000] SMP: Allowing 1 CPUs, 0 hotplug CPUs
[    0.000000] PM: Registered nosave memory: 000000000009f000 - 00000000000a0000
[    0.000000] PM: Registered nosave memory: 00000000000a0000 - 00000000000f0000
[    0.000000] PM: Registered nosave memory: 00000000000f0000 - 0000000000100000
[    0.000000] Allocating PCI resources starting at 4000000 (gap: 4000000:fbfc0000)
[    0.000000] Booting paravirtualized kernel on bare hardware
[    0.000000] setup_percpu: NR_CPUS:64 nr_cpumask_bits:64 nr_cpu_ids:1 nr_node_ids:1
[    0.000000] PERCPU: Embedded 27 pages/cpu @ffff880003a00000 s78848 r8192 d23552 u2097152
[    0.000000] Built 1 zonelists in Node order, mobility grouping on.  Total pages: 16008
[    0.000000] Policy zone: DMA32
[    0.000000] Kernel command line: root=/dev/vda console=tty0 console=ttyS0 no_timer_check
[    0.000000] PID hash table entries: 256 (order: -1, 2048 bytes)
[    0.000000] Checking aperture...
[    0.000000] No AGP bridge found
[    0.000000] Memory: 43492k/65528k available (6576k kernel code, 452k absent, 21584k reserved, 6620k data, 928k init)
[    0.000000] SLUB: Genslabs=15, HWalign=64, Order=0-3, MinObjects=0, CPUs=1, Nodes=1
[    0.000000] Hierarchical RCU implementation.
[    0.000000] 	RCU dyntick-idle grace-period acceleration is enabled.
[    0.000000] NR_IRQS:4352 nr_irqs:256 16
[    0.000000] Console: colour VGA+ 80x25
[    0.000000] console [tty0] enabled
[    0.000000] console [ttyS0] enabled
[    0.000000] allocated 1048576 bytes of page_cgroup
[    0.000000] please try 'cgroup_disable=memory' option if you don't want memory cgroups
[    0.000000] Fast TSC calibration failed
[    0.000000] TSC: Unable to calibrate against PIT
[    0.000000] TSC: using HPET reference calibration
[    0.000000] Detected 2291.916 MHz processor.
[    0.036759] Calibrating delay loop (skipped), value calculated using timer frequency.. 4583.83 BogoMIPS (lpj=9167664)
[    0.040236] pid_max: default: 32768 minimum: 301
[    0.048998] Security Framework initialized
[    0.052998] AppArmor: AppArmor initialized
[    0.053644] Yama: becoming mindful.
[    0.061860] Dentry cache hash table entries: 8192 (order: 4, 65536 bytes)
[    0.063176] Inode-cache hash table entries: 4096 (order: 3, 32768 bytes)
[    0.064707] Mount-cache hash table entries: 256
[    0.081398] Initializing cgroup subsys cpuacct
[    0.082337] Initializing cgroup subsys memory
[    0.084417] Initializing cgroup subsys devices
[    0.085346] Initializing cgroup subsys freezer
[    0.086041] Initializing cgroup subsys blkio
[    0.086807] Initializing cgroup subsys perf_event
[    0.092640] mce: CPU supports 10 MCE banks
[    0.096700] SMP alternatives: switching to UP code
[    0.488236] Freeing SMP alternatives: 24k freed
[    0.492982] ACPI: Core revision 20110623
[    0.550544] ftrace: allocating 26610 entries in 105 pages
[    0.584035] ..TIMER: vector=0x30 apic1=0 pin1=2 apic2=-1 pin2=-1
[    0.584156] CPU0: AMD QEMU Virtual CPU version 2.0.0 stepping 03
[    0.588036] Performance Events: Broken PMU hardware detected, using software events only.
[    0.599179] NMI watchdog disabled (cpu0): hardware events not enabled
[    0.604256] Brought up 1 CPUs
[    0.605342] Total of 1 processors activated (4583.83 BogoMIPS).
[    0.634882] devtmpfs: initialized
[    0.665770] EVM: security.selinux
[    0.666644] EVM: security.SMACK64
[    0.668125] EVM: security.capability
[    0.693668] print_constraints: dummy: 
[    0.697730] RTC time: 13:10:49, date: 02/17/16
[    0.700345] NET: Registered protocol family 16
[    0.709551] ACPI: bus type pci registered
[    0.713085] PCI: Using configuration type 1 for base access
[    0.758027] bio: create slab &lt;bio-0&gt; at 0
[    0.764282] ACPI: Added _OSI(Module Device)
[    0.764963] ACPI: Added _OSI(Processor Device)
[    0.765527] ACPI: Added _OSI(3.0 _SCP Extensions)
[    0.766132] ACPI: Added _OSI(Processor Aggregator Device)
[    0.850386] ACPI: Interpreter enabled
[    0.850947] ACPI: (supports S0 S3 S4 S5)
[    0.853363] ACPI: Using IOAPIC for interrupt routing
[    0.932668] ACPI: No dock devices found.
[    0.933298] HEST: Table not found.
[    0.933958] PCI: Using host bridge windows from ACPI; if necessary, use "pci=nocrs" and report a bug
[    0.941320] ACPI: PCI Root Bridge [PCI0] (domain 0000 [bus 00-ff])
[    0.946228] pci_root PNP0A03:00: host bridge window [io  0x0000-0x0cf7]
[    0.948140] pci_root PNP0A03:00: host bridge window [io  0x0d00-0xadff]
[    0.949059] pci_root PNP0A03:00: host bridge window [io  0xae0f-0xaeff]
[    0.949978] pci_root PNP0A03:00: host bridge window [io  0xaf20-0xafdf]
[    0.952112] pci_root PNP0A03:00: host bridge window [io  0xafe4-0xffff]
[    0.953051] pci_root PNP0A03:00: host bridge window [mem 0x000a0000-0x000bffff]
[    0.954024] pci_root PNP0A03:00: host bridge window [mem 0x04000000-0xfebfffff]
[    0.978752] pci 0000:00:01.3: quirk: [io  0xb000-0xb03f] claimed by PIIX4 ACPI
[    0.980179] pci 0000:00:01.3: quirk: [io  0xb100-0xb10f] claimed by PIIX4 SMB
[    1.060200]  pci0000:00: Unable to request _OSC control (_OSC support mask: 0x1e)
[    1.121591] ACPI: PCI Interrupt Link [LNKA] (IRQs 5 *10 11)
[    1.124852] ACPI: PCI Interrupt Link [LNKB] (IRQs 5 *10 11)
[    1.126569] ACPI: PCI Interrupt Link [LNKC] (IRQs 5 10 *11)
[    1.128938] ACPI: PCI Interrupt Link [LNKD] (IRQs 5 10 *11)
[    1.130145] ACPI: PCI Interrupt Link [LNKS] (IRQs *9)
[    1.140070] vgaarb: device added: PCI:0000:00:02.0,decodes=io+mem,owns=io+mem,locks=none
[    1.140192] vgaarb: loaded
[    1.140558] vgaarb: bridge control possible 0000:00:02.0
[    1.145178] i2c-core: driver [aat2870] using legacy suspend method
[    1.145938] i2c-core: driver [aat2870] using legacy resume method
[    1.148764] SCSI subsystem initialized
[    1.152722] usbcore: registered new interface driver usbfs
[    1.154521] usbcore: registered new interface driver hub
[    1.156758] usbcore: registered new device driver usb
[    1.160608] PCI: Using ACPI for IRQ routing
[    1.169982] NetLabel: Initializing
[    1.170336] NetLabel:  domain hash size = 128
[    1.172138] NetLabel:  protocols = UNLABELED CIPSOv4
[    1.173806] NetLabel:  unlabeled traffic allowed by default
[    1.177224] HPET: 3 timers in total, 0 timers will be used for per-cpu timer
[    1.178282] hpet0: at MMIO 0xfed00000, IRQs 2, 8, 0
[    1.179306] hpet0: 3 comparators, 64-bit 100.000000 MHz counter
[    1.192241] Switching to clocksource hpet
[    1.457361] AppArmor: AppArmor Filesystem Enabled
[    1.458325] pnp: PnP ACPI init
[    1.459059] ACPI: bus type pnp registered
[    1.478386] pnp: PnP ACPI: found 9 devices
[    1.478996] ACPI: ACPI bus type pnp unregistered
[    1.537918] NET: Registered protocol family 2
[    1.572049] IP route cache hash table entries: 512 (order: 0, 4096 bytes)
[    1.580013] TCP established hash table entries: 2048 (order: 3, 32768 bytes)
[    1.582375] TCP bind hash table entries: 2048 (order: 3, 32768 bytes)
[    1.583676] TCP: Hash tables configured (established 2048 bind 2048)
[    1.585494] TCP reno registered
[    1.586093] UDP hash table entries: 128 (order: 0, 4096 bytes)
[    1.587345] UDP-Lite hash table entries: 128 (order: 0, 4096 bytes)
[    1.590762] NET: Registered protocol family 1
[    1.591681] pci 0000:00:00.0: Limiting direct PCI/PCI transfers
[    1.593690] pci 0000:00:01.0: PIIX3: Enabling Passive Release
[    1.594808] pci 0000:00:01.0: Activating ISA DMA hang workarounds
[    1.601547] ACPI: PCI Interrupt Link [LNKD] enabled at IRQ 11
[    1.602912] pci 0000:00:01.2: PCI INT D -&gt; Link[LNKD] -&gt; GSI 11 (level, high) -&gt; IRQ 11
[    1.607347] pci 0000:00:01.2: PCI INT D disabled
[    1.628998] Trying to unpack rootfs image as initramfs...
[    1.645940] audit: initializing netlink socket (disabled)
[    1.647650] type=2000 audit(1455714649.644:1): initialized
[    1.911646] HugeTLB registered 2 MB page size, pre-allocated 0 pages
[    2.001662] VFS: Disk quotas dquot_6.5.2
[    2.005130] Dquot-cache hash table entries: 512 (order 0, 4096 bytes)
[    2.026759] fuse init (API version 7.17)
[    2.030058] msgmni has been set to 84
[    2.066857] Block layer SCSI generic (bsg) driver version 0.4 loaded (major 253)
[    2.069369] io scheduler noop registered
[    2.069980] io scheduler deadline registered (default)
[    2.071135] io scheduler cfq registered
[    2.075265] pci_hotplug: PCI Hot Plug PCI Core version: 0.5
[    2.077683] pciehp: PCI Express Hot Plug Controller Driver version: 0.4
[    2.083837] input: Power Button as /devices/LNXSYSTM:00/LNXPWRBN:00/input/input0
[    2.086099] ACPI: Power Button [PWRF]
[    2.138586] ERST: Table is not found!
[    2.139299] GHES: HEST is not enabled!
[    2.150586] ACPI: PCI Interrupt Link [LNKC] enabled at IRQ 10
[    2.151375] virtio-pci 0000:00:03.0: PCI INT A -&gt; Link[LNKC] -&gt; GSI 10 (level, high) -&gt; IRQ 10
[    2.155039] virtio-pci 0000:00:04.0: PCI INT A -&gt; Link[LNKD] -&gt; GSI 11 (level, high) -&gt; IRQ 11
[    2.166445] ACPI: PCI Interrupt Link [LNKA] enabled at IRQ 10
[    2.167379] virtio-pci 0000:00:05.0: PCI INT A -&gt; Link[LNKA] -&gt; GSI 10 (level, high) -&gt; IRQ 10
[    2.187289] Serial: 8250/16550 driver, 32 ports, IRQ sharing enabled
[    2.227543] serial8250: ttyS0 at I/O 0x3f8 (irq = 4) is a 16550A
[    2.314477] serial8250: ttyS1 at I/O 0x2f8 (irq = 3) is a 16550A
[    2.445827] 00:05: ttyS0 at I/O 0x3f8 (irq = 4) is a 16550A
[    2.513548] 00:06: ttyS1 at I/O 0x2f8 (irq = 3) is a 16550A
[    2.563088] Linux agpgart interface v0.103
[    2.613297] Refined TSC clocksource calibration: 2291.994 MHz.
[    2.614153] Switching to clocksource tsc
[    2.629646] brd: module loaded
[    2.681854] loop: module loaded
[    2.746716]  vda: unknown partition table
[    2.805957] scsi0 : ata_piix
[    2.809021] scsi1 : ata_piix
[    2.810236] ata1: PATA max MWDMA2 cmd 0x1f0 ctl 0x3f6 bmdma 0xc0a0 irq 14
[    2.811363] ata2: PATA max MWDMA2 cmd 0x170 ctl 0x376 bmdma 0xc0a8 irq 15
[    2.821787] Fixed MDIO Bus: probed
[    2.823051] tun: Universal TUN/TAP device driver, 1.6
[    2.823913] tun: (C) 1999-2004 Max Krasnyansky &lt;maxk@qualcomm.com&gt;
[    2.841403] PPP generic driver version 2.4.2
[    2.867696] ehci_hcd: USB 2.0 'Enhanced' Host Controller (EHCI) Driver
[    2.869531] ohci_hcd: USB 1.1 'Open' Host Controller (OHCI) Driver
[    2.870492] uhci_hcd: USB Universal Host Controller Interface driver
[    2.871678] uhci_hcd 0000:00:01.2: PCI INT D -&gt; Link[LNKD] -&gt; GSI 11 (level, high) -&gt; IRQ 11
[    2.875185] uhci_hcd 0000:00:01.2: UHCI Host Controller
[    2.887458] uhci_hcd 0000:00:01.2: new USB bus registered, assigned bus number 1
[    2.889722] uhci_hcd 0000:00:01.2: irq 11, io base 0x0000c040
[    2.919093] hub 1-0:1.0: USB hub found
[    2.921237] hub 1-0:1.0: 2 ports detected
[    2.930262] usbcore: registered new interface driver libusual
[    2.937524] i8042: PNP: PS/2 Controller [PNP0303:KBD,PNP0f13:MOU] at 0x60,0x64 irq 1,12
[    2.953010] serio: i8042 KBD port at 0x60,0x64 irq 1
[    2.955712] serio: i8042 AUX port at 0x60,0x64 irq 12
[    3.008387] mousedev: PS/2 mouse device common for all mice
[    3.031669] input: AT Translated Set 2 keyboard as /devices/platform/i8042/serio0/input/input1
[    3.056476] rtc_cmos 00:01: RTC can wake from S4
[    3.083925] ata2.01: ATAPI: QEMU DVD-ROM, 2.0.0, max UDMA/100
[    3.095191] ata2.01: configured for MWDMA2
[    3.122072] rtc_cmos 00:01: rtc core: registered rtc_cmos as rtc0
[    3.126652] rtc0: alarms up to one day, 114 bytes nvram, hpet irqs
[    3.138305] device-mapper: uevent: version 1.0.3
[    3.147831] scsi 1:0:1:0: CD-ROM            QEMU     QEMU DVD-ROM     2.0. PQ: 0 ANSI: 5
[    3.183164] sr0: scsi3-mmc drive: 4x/4x cd/rw xa/form2 tray
[    3.184021] cdrom: Uniform CD-ROM driver Revision: 3.20
[    3.187937] device-mapper: ioctl: 4.22.0-ioctl (2011-10-19) initialised: dm-devel@redhat.com
[    3.192019] cpuidle: using governor ladder
[    3.193891] cpuidle: using governor menu
[    3.195297] EFI Variables Facility v0.08 2004-May-17
[    3.203916] TCP cubic registered
[    3.209482] NET: Registered protocol family 10
[    3.241968] NET: Registered protocol family 17
[    3.244035] Registering the dns_resolver key type
[    3.256366] sr 1:0:1:0: Attached scsi generic sg0 type 5
[    3.329132] registered taskstats version 1
[    3.408091] Freeing initrd memory: 3656k freed
[    3.920796]   Magic number: 4:247:180
[    3.932168] rtc_cmos 00:01: setting system clock to 2016-02-17 13:10:52 UTC (1455714652)
[    3.935177] powernow-k8: Processor cpuid 663 not supported
[    3.942527] BIOS EDD facility v0.16 2004-Jun-25, 0 devices found
[    3.944006] EDD information not available.
[    4.026983] Freeing unused kernel memory: 928k freed
[    4.033187] Write protecting the kernel read-only data: 12288k
[    4.145272] Freeing unused kernel memory: 1596k freed
[    4.198316] Freeing unused kernel memory: 1184k freed

info: initramfs: up at 4.37
modprobe: module virtio_blk not found in modules.dep
modprobe: module virtio_net not found in modules.dep
info: copying initramfs to /dev/vda
info: initramfs loading root from /dev/vda
info: /etc/init.d/rc.sysinit: up at 8.97
info: container: none
Starting logging: OK
modprobe: module virtio_blk not found in modules.dep
modprobe: module virtio_net not found in modules.dep
WARN: /etc/rc3.d/S10-load-modules failed
Initializing random number generator... done.
Starting acpid: OK
cirros-ds 'local' up at 11.52
found datasource (configdrive, local)
Starting network...
udhcpc (v1.20.1) started
Sending discover...
Sending discover...
Sending discover...
Usage: /sbin/cirros-dhcpc &lt;up|down&gt;
No lease, failing
WARN: /etc/rc3.d/S40-network failed
Starting dropbear sshd: generating rsa key... generating dsa key... OK
no userdata for datasource
=== system information ===
Platform: OpenStack Foundation OpenStack Nova
Container: none
Arch: x86_64
CPU(s): 1 @ 2291.916 MHz
Cores/Sockets/Threads: 1/1/1
Virt-type: AMD-V
RAM Size: 49MB
Disks:
NAME MAJ:MIN     SIZE LABEL         MOUNTPOINT
vda  253:0   25165824 cirros-rootfs /
sr0   11:0     432128 config-2      
=== sshd host keys ===
-----BEGIN SSH HOST KEY KEYS-----
ssh-rsa AAAAB3NzaC1yc2EAAAADAQABAAAAgwCbZ6KbYmtKZdiXyWtXNkT+FTxyte3SU8R2xYpBI8RFvDifOHpwLA/bPZpmtvilbgaRS6n5Mm5WD3iLxdSQDas1qK76OmFwoGsOEuBFoDhGwpP+pazYwrTLVsJfTTZ8CwUZrjVxgIzlqHeoaG6wUQ2MCdjhtnpjGD2UHpZiSJott3Ez root@tempest
ssh-dss AAAAB3NzaC1kc3MAAACBANRlc9+TzcOBaBhchnk/+mTsenWvLv7n3sY1ZMytuZbvvzbxiQZtNY3xR7sxnj+6dNTAiiYPkgf5Yu1TrgpQgtBL6zHszmStxZG3VCeRfJhXrASKGkAsh3JO73Td5sdn9s/1TtqoReEExSRF2K7nw4vZ1fqucP7xydEqVz/nFS89AAAAFQCms+a7QSYRO3SxRChZkulKC21MPQAAAIEAmBD7PjuPIjitVh9DSyUZFV36hl0jTX3YmFexquz16a9WuDEcIx+V/T9Gh4KuLXxCZpSDKM4GtjOmsyVKzHDZ6xCrFlRLuJEWno8V8wUdHMQKHPRjPM77RtqpCfFlVI73/bsXlR+7AfnD5OdM9lCnHBIwGu/bkKYuECnbg6umLwEAAACAZwKbk9tVeRSKDk1x4fIuw48E99ZfKbmRV8pYXRyRtM7HCNPj56DXBUt0VB5hX7FijApPfsmq1df1ae6Yczef6bJ81+h1YFek/roy5X7d3f+DMP+R8MS2ESVv6wtDesbWyxwh/SyeZchG94b2gP1jpc2R0r1jB/4M6PQWTCNwYOY= root@tempest
-----END SSH HOST KEY KEYS-----
=== network info ===
if-info: lo,up,127.0.0.1,8,::1
if-info: eth0,up,,8,fe80::f816:3eff:fe95:4341
=== datasource: configdrive local ===
instance-id: 0dd6e0b9-a9de-462c-b880-8b2e53fa60a4
name: tempest.common.compute-instance-1025912103
availability-zone: nova
local-hostname: tempest.common.compute-instance-1025912103.novalocal
launch-index: 0
=== cirros: current=0.3.4 uptime=205.21 ===
route: fscanf
=== pinging gateway failed, debugging connection ===
############ debug start ##############
### /etc/init.d/sshd start
Starting dropbear sshd: OK
route: fscanf
### ifconfig -a
eth0      Link encap:Ethernet  HWaddr FA:16:3E:95:43:41  
          inet6 addr: fe80::f816:3eff:fe95:4341/64 Scope:Link
          UP BROADCAST RUNNING MULTICAST  MTU:1500  Metric:1
          RX packets:13 errors:0 dropped:5 overruns:0 frame:0
          TX packets:8 errors:0 dropped:0 overruns:0 carrier:0
          collisions:0 txqueuelen:1000 
          RX bytes:1203 (1.1 KiB)  TX bytes:1134 (1.1 KiB)

lo        Link encap:Local Loopback  
          inet addr:127.0.0.1  Mask:255.0.0.0
          inet6 addr: ::1/128 Scope:Host
          UP LOOPBACK RUNNING  MTU:16436  Metric:1
          RX packets:12 errors:0 dropped:0 overruns:0 frame:0
          TX packets:12 errors:0 dropped:0 overruns:0 carrier:0
          collisions:0 txqueuelen:0 
          RX bytes:1020 (1020.0 B)  TX bytes:1020 (1020.0 B)

### route -n
Kernel IP routing table
Destination     Gateway         Genmask         Flags Metric Ref    Use Iface
route: fscanf
### cat /etc/resolv.conf
cat: can't open '/etc/resolv.conf': No such file or directory
### gateway not found
/sbin/cirros-status: line 1: can't open /etc/resolv.conf: no such file
### pinging nameservers
### uname -a
Linux tempest 3.2.0-80-virtual #116-Ubuntu SMP Mon Mar 23 17:28:52 UTC 2015 x86_64 GNU/Linux
### lsmod
Module                  Size  Used by    Not tainted
nls_iso8859_1          12713  0 
nls_cp437              16991  0 
vfat                   17585  0 
fat                    61512  1 vfat
isofs                  40259  0 
ip_tables              27473  0 
x_tables               29891  1 ip_tables
pcnet32                42119  0 
8139cp                 27360  0 
ne2k_pci               13691  0 
8390                   18856  1 ne2k_pci
e1000                 108589  0 
acpiphp                24231  0 
### dmesg | tail
[    5.105544] EXT3-fs (vda): mounted filesystem with ordered data mode
[    5.422383] ISO 9660 Extensions: Microsoft Joliet Level 3
[    5.513535] ISO 9660 Extensions: RRIP_1991A
[    5.754824] kjournald starting.  Commit interval 5 seconds
[    5.770327] EXT3-fs (vda): using internal journal
[    5.771167] EXT3-fs (vda): mounted filesystem with ordered data mode
[    9.029239] EXT3-fs (vda): using internal journal
[   12.323513] ISO 9660 Extensions: Microsoft Joliet Level 3
[   12.420680] ISO 9660 Extensions: RRIP_1991A
[   26.850945] eth0: no IPv6 routers present
### tail -n 25 /var/log/messages
Feb 17 13:10:59 cirros kern.info kernel: [    4.676485] acpiphp: Slot [26] registered
Feb 17 13:10:59 cirros kern.info kernel: [    4.677256] acpiphp: Slot [27] registered
Feb 17 13:10:59 cirros kern.info kernel: [    4.677544] acpiphp: Slot [28] registered
Feb 17 13:10:59 cirros kern.info kernel: [    4.677875] acpiphp: Slot [29] registered
Feb 17 13:10:59 cirros kern.info kernel: [    4.678163] acpiphp: Slot [30] registered
Feb 17 13:10:59 cirros kern.info kernel: [    4.678460] acpiphp: Slot [31] registered
Feb 17 13:10:59 cirros kern.info kernel: [    4.729473] e1000: Intel(R) PRO/1000 Network Driver - version 7.3.21-k8-NAPI
Feb 17 13:10:59 cirros kern.info kernel: [    4.729525] e1000: Copyright (c) 1999-2006 Intel Corporation.
Feb 17 13:10:59 cirros kern.info kernel: [    4.777307] ne2k-pci.c:v1.03 9/22/2003 D. Becker/P. Gortmaker
Feb 17 13:10:59 cirros kern.info kernel: [    4.816034] 8139cp: 8139cp: 10/100 PCI Ethernet driver v1.3 (Mar 22, 2004)
Feb 17 13:10:59 cirros kern.info kernel: [    4.851724] pcnet32: pcnet32.c:v1.35 21.Apr.2008 tsbogend@alpha.franken.de
Feb 17 13:10:59 cirros kern.info kernel: [    4.893979] ip_tables: (C) 2000-2006 Netfilter Core Team
Feb 17 13:10:59 cirros kern.info kernel: [    5.103074] kjournald starting.  Commit interval 5 seconds
Feb 17 13:10:59 cirros kern.info kernel: [    5.105544] EXT3-fs (vda): mounted filesystem with ordered data mode
Feb 17 13:10:59 cirros kern.debug kernel: [    5.422383] ISO 9660 Extensions: Microsoft Joliet Level 3
Feb 17 13:10:59 cirros kern.debug kernel: [    5.513535] ISO 9660 Extensions: RRIP_1991A
Feb 17 13:10:59 cirros kern.info kernel: [    5.754824] kjournald starting.  Commit interval 5 seconds
Feb 17 13:10:59 cirros kern.info kernel: [    5.770327] EXT3-fs (vda): using internal journal
Feb 17 13:10:59 cirros kern.info kernel: [    5.771167] EXT3-fs (vda): mounted filesystem with ordered data mode
Feb 17 13:10:59 cirros kern.info kernel: [    9.029239] EXT3-fs (vda): using internal journal
Feb 17 13:11:00 cirros kern.debug kernel: [   12.323513] ISO 9660 Extensions: Microsoft Joliet Level 3
Feb 17 13:11:00 cirros kern.debug kernel: [   12.420680] ISO 9660 Extensions: RRIP_1991A
Feb 17 13:11:04 cirros auth.notice su: + /dev/console root:cirros
Feb 17 13:11:15 cirros kern.debug kernel: [   26.850945] eth0: no IPv6 routers present
Feb 17 13:14:11 cirros authpriv.info dropbear[283]: Running in background
############ debug end   ##############
  ____               ____  ____
 / __/ __ ____ ____ / __ \/ __/
/ /__ / // __// __// /_/ /\ \ 
\___//_//_/  /_/   \____/___/ 
   http://cirros-cloud.net


login as 'cirros' user. default password: 'cubswin:)'. use 'sudo' for root.
tempest login: 
2016-02-17 13:15:01,207 27838 INFO     [tempest_lib.common.rest_client] Request (TestGettingAddress:_run_cleanups): 204 DELETE http://10.4.1.3:9696/v2.0/floatingips/420f0ab0-dc70-4a07-b2f7-b8c18fa74225 0.539s
2016-02-17 13:15:01,208 27838 DEBUG    [tempest_lib.common.rest_client] Request - Headers: {'Content-Type': 'application/json', 'Accept': 'application/json', 'X-Auth-Token': '&lt;omitted&gt;'}
        Body: None
    Response - Headers: {'date': 'Wed, 17 Feb 2016 13:15:01 GMT', 'status': '204', 'connection': 'close', 'content-length': '0', 'x-openstack-request-id': 'req-38e3f54b-3419-4d26-9452-af4f617b1139'}
        Body: 
2016-02-17 13:15:01,675 27838 INFO     [tempest_lib.common.rest_client] Request (TestGettingAddress:_run_cleanups): 204 DELETE http://10.4.1.3:8774/v2.1/3680d2f0ac8049088d14440973824ab2/servers/0dd6e0b9-a9de-462c-b880-8b2e53fa60a4 0.466s
2016-02-17 13:15:01,676 27838 DEBUG    [tempest_lib.common.rest_client] Request - Headers: {'Content-Type': 'application/json', 'Accept': 'application/json', 'X-Auth-Token': '&lt;omitted&gt;'}
        Body: None
    Response - Headers: {'status': '204', 'content-length': '0', 'x-compute-request-id': 'req-5bf6918f-1de8-4610-96b2-10312d20f97d', 'vary': 'X-OpenStack-Nova-API-Version', 'connection': 'close', 'x-openstack-nova-api-version': '2.1', 'date': 'Wed, 17 Feb 2016 13:15:01 GMT', 'content-type': 'application/json'}
        Body: 
2016-02-17 13:15:02,420 27838 INFO     [tempest_lib.common.rest_client] Request (TestGettingAddress:_run_cleanups): 200 GET http://10.4.1.3:8774/v2.1/3680d2f0ac8049088d14440973824ab2/servers/0dd6e0b9-a9de-462c-b880-8b2e53fa60a4 0.743s
2016-02-17 13:15:02,420 27838 DEBUG    [tempest_lib.common.rest_client] Request - Headers: {'Content-Type': 'application/json', 'Accept': 'application/json', 'X-Auth-Token': '&lt;omitted&gt;'}
        Body: None
    Response - Headers: {'status': '200', 'content-length': '1900', 'content-location': 'http://10.4.1.3:8774/v2.1/3680d2f0ac8049088d14440973824ab2/servers/0dd6e0b9-a9de-462c-b880-8b2e53fa60a4', 'x-compute-request-id': 'req-07443729-abd6-4d6c-8915-fbfa6d3e8c30', 'vary': 'X-OpenStack-Nova-API-Version', 'connection': 'close', 'x-openstack-nova-api-version': '2.1', 'date': 'Wed, 17 Feb 2016 13:15:02 GMT', 'content-type': 'application/json'}
        Body: {"server": {"status": "ACTIVE", "updated": "2016-02-17T13:15:01Z", "hostId": "2d34aec238a06a68909031b1050e73048f852dc200caf02c1bdc9de2", "addresses": {"tempest-network-smoke--524908290": [{"OS-EXT-IPS-MAC:mac_addr": "fa:16:3e:95:43:41", "version": 6, "addr": "2003::f816:3eff:fe95:4341", "OS-EXT-IPS:type": "fixed"}, {"OS-EXT-IPS-MAC:mac_addr": "fa:16:3e:95:43:41", "version": 4, "addr": "10.100.0.3", "OS-EXT-IPS:type": "fixed"}, {"OS-EXT-IPS-MAC:mac_addr": "fa:16:3e:95:43:41", "version": 4, "addr": "172.24.4.4", "OS-EXT-IPS:type": "floating"}]}, "links": [{"href": "http://10.4.1.3:8774/v2.1/3680d2f0ac8049088d14440973824ab2/servers/0dd6e0b9-a9de-462c-b880-8b2e53fa60a4", "rel": "self"}, {"href": "http://10.4.1.3:8774/3680d2f0ac8049088d14440973824ab2/servers/0dd6e0b9-a9de-462c-b880-8b2e53fa60a4", "rel": "bookmark"}], "key_name": "tempest-TestGettingAddress-1020207455", "image": {"id": "ca9e9837-3463-486c-b5eb-c0c5763caf73", "links": [{"href": "http://10.4.1.3:8774/3680d2f0ac8049088d14440973824ab2/images/ca9e9837-3463-486c-b5eb-c0c5763caf73", "rel": "bookmark"}]}, "OS-EXT-STS:task_state": "deleting", "OS-EXT-STS:vm_state": "active", "OS-SRV-USG:launched_at": "2016-02-17T13:10:46.000000", "flavor": {"id": "42", "links": [{"href": "http://10.4.1.3:8774/3680d2f0ac8049088d14440973824ab2/flavors/42", "rel": "bookmark"}]}, "id": "0dd6e0b9-a9de-462c-b880-8b2e53fa60a4", "security_groups": [{"name": "tempest-secgroup-smoke-1516087061"}], "OS-SRV-USG:terminated_at": null, "OS-EXT-AZ:availability_zone": "nova", "user_id": "f02f4d2b48b040098d7108f77249bf57", "name": "tempest.common.compute-instance-1025912103", "created": "2016-02-17T13:10:40Z", "tenant_id": "3680d2f0ac8049088d14440973824ab2", "OS-DCF:diskConfig": "MANUAL", "os-extended-volumes:volumes_attached": [], "accessIPv4": "", "accessIPv6": "", "progress": 0, "OS-EXT-STS:power_state": 1, "config_drive": "True", "metadata": {}}}
2016-02-17 13:15:03,693 27838 INFO     [tempest_lib.common.rest_client] Request (TestGettingAddress:_run_cleanups): 404 GET http://10.4.1.3:8774/v2.1/3680d2f0ac8049088d14440973824ab2/servers/0dd6e0b9-a9de-462c-b880-8b2e53fa60a4 0.262s
2016-02-17 13:15:03,694 27838 DEBUG    [tempest_lib.common.rest_client] Request - Headers: {'Content-Type': 'application/json', 'Accept': 'application/json', 'X-Auth-Token': '&lt;omitted&gt;'}
        Body: None
    Response - Headers: {'status': '404', 'content-length': '111', 'x-compute-request-id': 'req-f1ca33f1-cc11-465d-9db3-413d3b608f73', 'vary': 'X-OpenStack-Nova-API-Version', 'connection': 'close', 'x-openstack-nova-api-version': '2.1', 'date': 'Wed, 17 Feb 2016 13:15:03 GMT', 'content-type': 'application/json; charset=UTF-8'}
        Body: {"itemNotFound": {"message": "Instance 0dd6e0b9-a9de-462c-b880-8b2e53fa60a4 could not be found.", "code": 404}}
2016-02-17 13:15:04,425 27838 INFO     [tempest_lib.common.rest_client] Request (TestGettingAddress:_run_cleanups): 500 PUT http://10.4.1.3:9696/v2.0/routers/524b221e-faa5-42d8-bfc6-be835e0c8032/remove_router_interface 0.729s
2016-02-17 13:15:04,426 27838 DEBUG    [tempest_lib.common.rest_client] Request - Headers: {'Content-Type': 'application/json', 'Accept': 'application/json', 'X-Auth-Token': '&lt;omitted&gt;'}
        Body: {"subnet_id": "f588c891-74ff-47c6-a9bc-995fe8b90ca8"}
    Response - Headers: {'status': '500', 'content-length': '150', 'connection': 'close', 'date': 'Wed, 17 Feb 2016 13:15:04 GMT', 'content-type': 'application/json; charset=UTF-8', 'x-openstack-request-id': 'req-e4b72698-5f73-4127-b688-a44f24c5d550'}
        Body: {"NeutronError": {"message": "Request Failed: internal server error while processing your request.", "type": "HTTPInternalServerError", "detail": ""}}
2016-02-17 13:15:04,916 27838 INFO     [tempest_lib.common.rest_client] Request (TestGettingAddress:_run_cleanups): 404 PUT http://10.4.1.3:9696/v2.0/routers/524b221e-faa5-42d8-bfc6-be835e0c8032/remove_router_interface 0.486s
2016-02-17 13:15:04,917 27838 DEBUG    [tempest_lib.common.rest_client] Request - Headers: {'Content-Type': 'application/json', 'Accept': 'application/json', 'X-Auth-Token': '&lt;omitted&gt;'}
        Body: {"subnet_id": "f588c891-74ff-47c6-a9bc-995fe8b90ca8"}
    Response - Headers: {'status': '404', 'content-length': '198', 'connection': 'close', 'date': 'Wed, 17 Feb 2016 13:15:04 GMT', 'content-type': 'application/json; charset=UTF-8', 'x-openstack-request-id': 'req-b7f5a936-4aad-43a5-b6c9-76e6a901701c'}
        Body: {"NeutronError": {"message": "Router 524b221e-faa5-42d8-bfc6-be835e0c8032 has no interface on subnet f588c891-74ff-47c6-a9bc-995fe8b90ca8", "type": "RouterInterfaceNotFoundForSubnet", "detail": ""}}
2016-02-17 13:15:05,516 27838 INFO     [tempest_lib.common.rest_client] Request (TestGettingAddress:_run_cleanups): 500 PUT http://10.4.1.3:9696/v2.0/routers/524b221e-faa5-42d8-bfc6-be835e0c8032/remove_router_interface 0.598s
2016-02-17 13:15:05,517 27838 DEBUG    [tempest_lib.common.rest_client] Request - Headers: {'Content-Type': 'application/json', 'Accept': 'application/json', 'X-Auth-Token': '&lt;omitted&gt;'}
        Body: {"subnet_id": "5739ebed-c095-4dc2-8aa7-5379598ad64f"}
    Response - Headers: {'status': '500', 'content-length': '150', 'connection': 'close', 'date': 'Wed, 17 Feb 2016 13:15:05 GMT', 'content-type': 'application/json; charset=UTF-8', 'x-openstack-request-id': 'req-663b90d4-3c8d-4bbe-ad72-f813828e5b0e'}
        Body: {"NeutronError": {"message": "Request Failed: internal server error while processing your request.", "type": "HTTPInternalServerError", "detail": ""}}
2016-02-17 13:15:05,777 27838 INFO     [tempest_lib.common.rest_client] Request (TestGettingAddress:_run_cleanups): 200 GET http://10.4.1.3:9696/v2.0/routers/524b221e-faa5-42d8-bfc6-be835e0c8032 0.258s
2016-02-17 13:15:05,777 27838 DEBUG    [tempest_lib.common.rest_client] Request - Headers: {'Content-Type': 'application/json', 'Accept': 'application/json', 'X-Auth-Token': '&lt;omitted&gt;'}
        Body: None
    Response - Headers: {'status': '200', 'content-length': '501', 'content-location': 'http://10.4.1.3:9696/v2.0/routers/524b221e-faa5-42d8-bfc6-be835e0c8032', 'connection': 'close', 'date': 'Wed, 17 Feb 2016 13:15:05 GMT', 'content-type': 'application/json; charset=UTF-8', 'x-openstack-request-id': 'req-0e86115b-a60b-47d8-b665-390ef798258d'}
        Body: {"router": {"status": "ACTIVE", "external_gateway_info": {"network_id": "dde904a8-ef80-4464-9efc-6a13b2f276a2", "enable_snat": true, "external_fixed_ips": [{"subnet_id": "07a84cc8-8b35-467b-9e83-51077c24da32", "ip_address": "172.24.4.3"}, {"subnet_id": "521a5082-1836-403b-865c-6ccdd31f7d2f", "ip_address": "2001:db8::4"}]}, "name": "tempest-router-smoke-1762789114", "admin_state_up": true, "tenant_id": "3680d2f0ac8049088d14440973824ab2", "routes": [], "id": "524b221e-faa5-42d8-bfc6-be835e0c8032"}}
2016-02-17 13:15:06,374 27838 INFO     [tempest_lib.common.rest_client] Request (TestGettingAddress:_run_cleanups): 200 PUT http://10.4.1.3:9696/v2.0/routers/524b221e-faa5-42d8-bfc6-be835e0c8032 0.595s
2016-02-17 13:15:06,375 27838 DEBUG    [tempest_lib.common.rest_client] Request - Headers: {'Content-Type': 'application/json', 'Accept': 'application/json', 'X-Auth-Token': '&lt;omitted&gt;'}
        Body: {"router": {"external_gateway_info": {}, "name": "tempest-router-smoke-1762789114", "admin_state_up": true}}
    Response - Headers: {'status': '200', 'content-length': '239', 'connection': 'close', 'date': 'Wed, 17 Feb 2016 13:15:06 GMT', 'content-type': 'application/json; charset=UTF-8', 'x-openstack-request-id': 'req-ccaeb8fc-4122-4611-93d9-a3795374579b'}
        Body: {"router": {"status": "ACTIVE", "external_gateway_info": null, "name": "tempest-router-smoke-1762789114", "admin_state_up": true, "tenant_id": "3680d2f0ac8049088d14440973824ab2", "routes": [], "id": "524b221e-faa5-42d8-bfc6-be835e0c8032"}}
2016-02-17 13:15:06,778 27838 INFO     [tempest_lib.common.rest_client] Request (TestGettingAddress:_run_cleanups): 500 DELETE http://10.4.1.3:9696/v2.0/routers/524b221e-faa5-42d8-bfc6-be835e0c8032 0.402s
2016-02-17 13:15:06,779 27838 DEBUG    [tempest_lib.common.rest_client] Request - Headers: {'Content-Type': 'application/json', 'Accept': 'application/json', 'X-Auth-Token': '&lt;omitted&gt;'}
        Body: None
    Response - Headers: {'status': '500', 'content-length': '150', 'connection': 'close', 'date': 'Wed, 17 Feb 2016 13:15:06 GMT', 'content-type': 'application/json; charset=UTF-8', 'x-openstack-request-id': 'req-d43d6d9c-6a50-4f4a-9848-fe16ba0f0453'}
        Body: {"NeutronError": {"message": "Request Failed: internal server error while processing your request.", "type": "HTTPInternalServerError", "detail": ""}}
2016-02-17 13:15:07,027 27838 INFO     [tempest_lib.common.rest_client] Request (TestGettingAddress:_run_cleanups): 404 PUT http://10.4.1.3:9696/v2.0/routers/524b221e-faa5-42d8-bfc6-be835e0c8032/remove_router_interface 0.246s
