<?xml version="1.0" encoding="UTF-8"?>
<!DOCTYPE html PUBLIC "-//W3C//DTD XHTML 1.0 Strict//EN"
     "http://www.w3.org/TR/xhtml1/DTD/xhtml1-strict.dtd">
<html xmlns="http://www.w3.org/1999/xhtml">
<head>
    <title>Unit Test Report</title>
    <meta name="generator" content="subunit2html 0.1"/>
    <meta http-equiv="Content-Type" content="text/html; charset=UTF-8"/>
    
<style type="text/css" media="screen">
body        { font-family: verdana, arial, helvetica, sans-serif;
    font-size: 80%; }
table       { font-size: 100%; width: 100%;}
pre         { font-size: 80%; }

/* -- heading -------------------------------------------------------------- */
h1 {
        font-size: 16pt;
        color: gray;
}
.heading {
    margin-top: 0ex;
    margin-bottom: 1ex;
}

.heading .attribute {
    margin-top: 1ex;
    margin-bottom: 0;
}

.heading .description {
    margin-top: 4ex;
    margin-bottom: 6ex;
}

/* -- css div popup -------------------------------------------------------- */
a.popup_link {
}

a.popup_link:hover {
    color: red;
}

.popup_window {
    display: none;
    overflow-x: scroll;
    /*border: solid #627173 1px; */
    padding: 10px;
    background-color: #E6E6D6;
    font-family: "Ubuntu Mono", "Lucida Console", "Courier New", monospace;
    text-align: left;
    font-size: 8pt;
}

}
/* -- report --------------------------------------------------------------- */
#show_detail_line {
    margin-top: 3ex;
    margin-bottom: 1ex;
}
#result_table {
    width: 100%;
    border-collapse: collapse;
    border: 1px solid #777;
}
#header_row {
    font-weight: bold;
    color: white;
    background-color: #777;
}
#result_table td {
    border: 1px solid #777;
    padding: 2px;
}
#total_row  { font-weight: bold; }
.passClass  { background-color: #6c6; }
.failClass  { background-color: #c60; }
.errorClass { background-color: #c00; }
.passCase   { color: #6c6; }
.failCase   { color: #c60; font-weight: bold; }
.errorCase  { color: #c00; font-weight: bold; }
.hiddenRow  { display: none; }
.testcase   { margin-left: 2em; }
td.testname {width: 40%}
td.small {width: 40px}

/* -- ending --------------------------------------------------------------- */
#ending {
}

</style>

</head>
<body>
<script language="javascript" type="text/javascript"><!--
output_list = Array();

/* level - 0:Summary; 1:Failed; 2:All */
function showCase(level) {
    trs = document.getElementsByTagName("tr");
    for (var i = 0; i < trs.length; i++) {
        tr = trs[i];
        id = tr.id;
        if (id.substr(0,2) == 'ft') {
            if (level < 1) {
                tr.className = 'hiddenRow';
            }
            else {
                tr.className = '';
            }
        }
        if (id.substr(0,2) == 'pt') {
            if (level > 1) {
                tr.className = '';
            }
            else {
                tr.className = 'hiddenRow';
            }
        }
    }
}


function showClassDetail(cid, count) {
    var id_list = Array(count);
    var toHide = 1;
    for (var i = 0; i < count; i++) {
        tid0 = 't' + cid.substr(1) + '.' + (i+1);
        tid = 'f' + tid0;
        tr = document.getElementById(tid);
        if (!tr) {
            tid = 'p' + tid0;
            tr = document.getElementById(tid);
        }
        id_list[i] = tid;
        if (tr.className) {
            toHide = 0;
        }
    }
    for (var i = 0; i < count; i++) {
        tid = id_list[i];
        if (toHide) {
            document.getElementById('div_'+tid).style.display = 'none'
            document.getElementById(tid).className = 'hiddenRow';
        }
        else {
            document.getElementById(tid).className = '';
        }
    }
}


function showTestDetail(div_id){
    var details_div = document.getElementById(div_id)
    var displayState = details_div.style.display
    // alert(displayState)
    if (displayState != 'block' ) {
        displayState = 'block'
        details_div.style.display = 'block'
    }
    else {
        details_div.style.display = 'none'
    }
}


function html_escape(s) {
    s = s.replace(/&/g,'&amp;');
    s = s.replace(/</g,'&lt;');
    s = s.replace(/>/g,'&gt;');
    return s;
}

/* obsoleted by detail in <div>
function showOutput(id, name) {
    var w = window.open("", //url
                    name,
                    "resizable,scrollbars,status,width=800,height=450");
    d = w.document;
    d.write("<pre>");
    d.write(html_escape(output_list[id]));
    d.write("\n");
    d.write("<a href='javascript:window.close()'>close</a>\n");
    d.write("</pre>\n");
    d.close();
}
*/
--></script>

<div class='heading'>
<h1>Unit Test Report</h1>

<p class='attribute'><strong>Status:</strong> Failure 8</p>

<p class='description'></p>
</div>



<p id='show_detail_line'>Show
<a href='javascript:showCase(0)'>Summary</a>
<a href='javascript:showCase(1)'>Failed</a>
<a href='javascript:showCase(2)'>All</a>
</p>
<table id='result_table'>
<colgroup>
<col align='left' />
<col align='right' />
<col align='right' />
<col align='right' />
<col align='right' />
<col align='right' />
<col align='right' />
<col align='right' />
</colgroup>
<tr id='header_row'>
    <td>Test Group/Test case</td>
    <td>Count</td>
    <td>Pass</td>
    <td>Fail</td>
    <td>Error</td>
    <td>Skip</td>
    <td>View</td>
    <td> </td>
</tr>

<tr class='failClass'>
    <td class="testname">tempest.scenario.test_network_v6.TestGettingAddress</td>
    <td class="small">8</td>
    <td class="small">0</td>
    <td class="small">8</td>
    <td class="small">0</td>
    <td class="small">0</td>
    <td class="small"><a href="javascript:showClassDetail('c1',8)"
>Detail</a></td>
    <td> </td>
</tr>

<tr id='ft1.1' class='none'>
    <td class='failCase'><div class='testcase'>test_dhcp6_stateless_from_os[compute,id-d7e1f858-187c-45a6-89c9-bdafde619a9f,network,slow]</div></td>
    <td colspan='7' align='left'>

    <!--css div popup start-->
    <a class="popup_link" onfocus='this.blur();'
    href="javascript:showTestDetail('div_ft1.1')" >
        fail</a>

    <div id='div_ft1.1' class="popup_window">
        <div style='text-align: right; color:red;cursor:pointer'>
        <a onfocus='this.blur();'
onclick="document.getElementById('div_ft1.1').style.display = 'none' " >
           [x]</a>
        </div>
        <pre>
        
ft1.1: tempest.scenario.test_network_v6.TestGettingAddress.test_dhcp6_stateless_from_os[compute,id-d7e1f858-187c-45a6-89c9-bdafde619a9f,network,slow]_StringException: Empty attachments:
  stderr
  stdout

pythonlogging:'': {{{
2016-02-21 13:06:43,816 27733 INFO     [tempest_lib.common.rest_client] Request (TestGettingAddress:setUp): 200 POST http://10.4.1.3:8774/v2.1/99f0a414dc684e48889b4e9c2b4cd4f3/os-keypairs 0.632s
2016-02-21 13:06:43,816 27733 DEBUG    [tempest_lib.common.rest_client] Request - Headers: {'Content-Type': 'application/json', 'Accept': 'application/json', 'X-Auth-Token': '&lt;omitted&gt;'}
        Body: {"keypair": {"name": "tempest-TestGettingAddress-1895510051"}}
    Response - Headers: {'status': '200', 'content-length': '2320', 'x-compute-request-id': 'req-1e0971f6-7856-4207-a3c9-2a62a6904d10', 'vary': 'X-OpenStack-Nova-API-Version', 'connection': 'close', 'x-openstack-nova-api-version': '2.1', 'date': 'Sun, 21 Feb 2016 13:06:43 GMT', 'content-type': 'application/json'}
        Body: {"keypair": {"public_key": "ssh-rsa AAAAB3NzaC1yc2EAAAADAQABAAABAQCKE5sWwxIhmmCs452RqpdBAtAkgeT8Tnd1NeN0ZxYEbLcyOLPeMSr4xOzoKTERmi78tnbf4BnzElSE5iX4UIu+MAGBZXaFvK3cmJmve4zsLYi10HY/VAVsv5t8d/J3eTsPYUbYhykIs+KpzVj4ZP2K22zEqZDjcThLlo6q7S/vR/6N9WAVPaShn25WSoswNN/WcOcwch4WWi0YvvqJwmtPdFz5R71lXOEGLrEmkoq4KSitZyHd4W1quIL+9m8ARiZgj5MCgmxZCvVYAI8d/QU318c4t1b2jTGk5uv24fzn2UqaRjE6YOT7YinN8qBopsrKWvHueRS51Y84I9pOJHHX Generated-by-Nova", "private_key": "-----BEGIN RSA PRIVATE KEY-----\nMIIEpwIBAAKCAQEAihObFsMSIZpgrOOdkaqXQQLQJIHk/E53dTXjdGcWBGy3Mjiz\n3jEq+MTs6CkxEZou/LZ23+AZ8xJUhOYl+FCLvjABgWV2hbyt3JiZr3uM7C2ItdB2\nP1QFbL+bfHfyd3k7D2FG2IcpCLPiqc1Y+GT9ittsxKmQ43E4S5aOqu0v70f+jfVg\nFT2koZ9uVkqLMDTf1nDnMHIeFlotGL76icJrT3Rc+Ue9ZVzhBi6xJpKKuCkorWch\n3eFtariC/vZvAEYmYI+TAoJsWQr1WACPHf0FN9fHOLdW9o0xpObr9uH859lKmkYx\nOmDk+2IpzfKgaKbKylrx7nkUudWPOCPaTiRx1wIDAQABAoIBAHVEaXdPfVqkrm6n\nce+BHqzMItKer0fJrJMTjXYTBxQC8SPqHHkc8Q4O0dXrBg2ZEUb4AMXqop9adgXZ\nIW5fmg+Q3fZzodG7iT3NLNlo6Sq9EVq5DXSDe4f8w6VWicsGXy6Uw4KqaCNIA72K\n9YEg5GTGLv5ntPI1+kXYPJrWjtt83kLxvqm3YgCrXIOPl0069iCgY9ZhRV5nRc79\nVlL3uX8q7yrm5BzWpHoKeDkRXmCW1nl2ywY5hYopGohiu91rsOmKo2Yuznq1x6jw\nLHd3xEnIes7MQCvG3vteo6Y4muuRtfp0xgTK9/xr5sgYVRYFULiV+RCsyLvqrTij\n1teOuIECggCBALjvU4SchWMPC9vtegVREd1NmKTGnXbPSe239cZwJ/v53cOEfmaJ\nDfUi+zahbmAwID5Bem/eYFMcy4DxtDZH0+13/CQA4MQZu+fm6Ck6Xbw40pLnfjep\nzxfazHlVhMKkk9Wq9Z7PqSr1vbauXViUy/V5MotoVAzz2oPFbcoL+tURAoIAgQC/\nIqujKNjgRLZbIVJb1GtHI/EYA1VmUVzyBmKO7TgiqLSv1mAS5tsRHufRacbphjnu\nQ+eF/J0H9rEHfZZjebHUbz8+I5nyFmkAF1XIoTTbc2rPgLYQV7GFylXD+s+sMni5\nJtNR9qmJ5a/EjOLgHErz8KHx0SkpziuSZXEYD804ZwKCAIBbGaouvVwH/DV/VXCy\nhckjF0KGiUCwclScwe5UnpNT0TapRe9uWz2A8IaH1uYkhBCeGmtSCF2zE5A8KNT5\nmFCRvnV61uPiNjsWde0PwizCt8sjit3mVcQqoCHx82q+54vbyafNX8aZ3wxhnWtm\nY4ZFmjqH6hDdgJK4Lt1ylowtwQKCAIBhL1TMWlmj9uwt/Axvatu9SXYuOouywc4b\ntclpWQ8A+H0fJ0akdcOPugIvRbSBSuGr19UiGKcTxIiRAXd1Twxvsr0acGm3YVO0\nWykgIW/J4a6+oXhxaNV37MCdLKtpqCQgKLCsbVoZJrOvod8+CsTFsmX1md9vRUh8\nYJ4XmPlFIwKCAIBfmFzfqe4LIh7HGA/j+wTQRaLt0JrMgB2fmTYiKDSa9NTjtqff\nCk/IkKbuYDhPkf91pq4fQFrIWzWWIhWtmtddNkRilYZhSHQNmMkhtZldHd41f9I5\n3FjForpfxxkxd3FHHPzfExyCrf6ditTaN0Pak9WW1ars6DpGKPk5Uu+rIA==\n-----END RSA PRIVATE KEY-----\n", "user_id": "3714574ffe574198b49e3c6e3fb275d4", "name": "tempest-TestGettingAddress-1895510051", "fingerprint": "29:7e:ea:c8:b7:f5:33:11:5b:b8:4a:3e:38:db:20:54"}}
2016-02-21 13:06:44,253 27733 INFO     [tempest_lib.common.rest_client] Request (TestGettingAddress:setUp): 201 POST http://10.4.1.3:9696/v2.0/security-groups 0.431s
2016-02-21 13:06:44,254 27733 DEBUG    [tempest_lib.common.rest_client] Request - Headers: {'Content-Type': 'application/json', 'Accept': 'application/json', 'X-Auth-Token': '&lt;omitted&gt;'}
        Body: {"security_group": {"tenant_id": "99f0a414dc684e48889b4e9c2b4cd4f3", "description": "tempest-secgroup-smoke-1984485468 description", "name": "tempest-secgroup-smoke-1984485468"}}
    Response - Headers: {'status': '201', 'content-length': '888', 'connection': 'close', 'date': 'Sun, 21 Feb 2016 13:06:44 GMT', 'content-type': 'application/json; charset=UTF-8', 'x-openstack-request-id': 'req-47554b73-43bb-4db1-aab9-f91e6e4a4c3b'}
        Body: {"security_group": {"tenant_id": "99f0a414dc684e48889b4e9c2b4cd4f3", "description": "tempest-secgroup-smoke-1984485468 description", "id": "c9640fef-7c44-4923-b330-800f49c4e8b4", "security_group_rules": [{"remote_group_id": null, "direction": "egress", "remote_ip_prefix": null, "protocol": null, "ethertype": "IPv4", "tenant_id": "99f0a414dc684e48889b4e9c2b4cd4f3", "port_range_max": null, "port_range_min": null, "id": "64c3df31-2c6a-4b98-ad05-b2188680f214", "security_group_id": "c9640fef-7c44-4923-b330-800f49c4e8b4"}, {"remote_group_id": null, "direction": "egress", "remote_ip_prefix": null, "protocol": null, "ethertype": "IPv6", "tenant_id": "99f0a414dc684e48889b4e9c2b4cd4f3", "port_range_max": null, "port_range_min": null, "id": "243b893c-228b-45af-8fdd-407c1cf939b0", "security_group_id": "c9640fef-7c44-4923-b330-800f49c4e8b4"}], "name": "tempest-secgroup-smoke-1984485468"}}
2016-02-21 13:06:44,583 27733 INFO     [tempest_lib.common.rest_client] Request (TestGettingAddress:setUp): 201 POST http://10.4.1.3:9696/v2.0/security-group-rules 0.329s
2016-02-21 13:06:44,584 27733 DEBUG    [tempest_lib.common.rest_client] Request - Headers: {'Content-Type': 'application/json', 'Accept': 'application/json', 'X-Auth-Token': '&lt;omitted&gt;'}
        Body: {"security_group_rule": {"direction": "ingress", "protocol": "tcp", "tenant_id": "99f0a414dc684e48889b4e9c2b4cd4f3", "port_range_max": 22, "security_group_id": "c9640fef-7c44-4923-b330-800f49c4e8b4", "port_range_min": 22}}
    Response - Headers: {'status': '201', 'content-length': '340', 'connection': 'close', 'date': 'Sun, 21 Feb 2016 13:06:44 GMT', 'content-type': 'application/json; charset=UTF-8', 'x-openstack-request-id': 'req-b32fc716-548b-4bea-aadc-efe80824efa2'}
        Body: {"security_group_rule": {"remote_group_id": null, "direction": "ingress", "remote_ip_prefix": null, "protocol": "tcp", "ethertype": "IPv4", "tenant_id": "99f0a414dc684e48889b4e9c2b4cd4f3", "port_range_max": 22, "port_range_min": 22, "id": "fb0922aa-ca6d-4a7e-b22c-1289df7d3c54", "security_group_id": "c9640fef-7c44-4923-b330-800f49c4e8b4"}}
2016-02-21 13:06:44,924 27733 INFO     [tempest_lib.common.rest_client] Request (TestGettingAddress:setUp): 201 POST http://10.4.1.3:9696/v2.0/security-group-rules 0.338s
2016-02-21 13:06:44,924 27733 DEBUG    [tempest_lib.common.rest_client] Request - Headers: {'Content-Type': 'application/json', 'Accept': 'application/json', 'X-Auth-Token': '&lt;omitted&gt;'}
        Body: {"security_group_rule": {"direction": "egress", "protocol": "tcp", "tenant_id": "99f0a414dc684e48889b4e9c2b4cd4f3", "port_range_max": 22, "security_group_id": "c9640fef-7c44-4923-b330-800f49c4e8b4", "port_range_min": 22}}
    Response - Headers: {'status': '201', 'content-length': '339', 'connection': 'close', 'date': 'Sun, 21 Feb 2016 13:06:44 GMT', 'content-type': 'application/json; charset=UTF-8', 'x-openstack-request-id': 'req-404b7295-b363-42e1-bce0-4f3fa80c6795'}
        Body: {"security_group_rule": {"remote_group_id": null, "direction": "egress", "remote_ip_prefix": null, "protocol": "tcp", "ethertype": "IPv4", "tenant_id": "99f0a414dc684e48889b4e9c2b4cd4f3", "port_range_max": 22, "port_range_min": 22, "id": "f0babc1e-468d-4b0d-b74a-45ff2fd189da", "security_group_id": "c9640fef-7c44-4923-b330-800f49c4e8b4"}}
2016-02-21 13:06:45,258 27733 INFO     [tempest_lib.common.rest_client] Request (TestGettingAddress:setUp): 201 POST http://10.4.1.3:9696/v2.0/security-group-rules 0.332s
2016-02-21 13:06:45,259 27733 DEBUG    [tempest_lib.common.rest_client] Request - Headers: {'Content-Type': 'application/json', 'Accept': 'application/json', 'X-Auth-Token': '&lt;omitted&gt;'}
        Body: {"security_group_rule": {"tenant_id": "99f0a414dc684e48889b4e9c2b4cd4f3", "direction": "ingress", "protocol": "icmp", "security_group_id": "c9640fef-7c44-4923-b330-800f49c4e8b4"}}
    Response - Headers: {'status': '201', 'content-length': '345', 'connection': 'close', 'date': 'Sun, 21 Feb 2016 13:06:45 GMT', 'content-type': 'application/json; charset=UTF-8', 'x-openstack-request-id': 'req-619ee196-fb93-49cc-a03b-4772ae53c249'}
        Body: {"security_group_rule": {"remote_group_id": null, "direction": "ingress", "remote_ip_prefix": null, "protocol": "icmp", "ethertype": "IPv4", "tenant_id": "99f0a414dc684e48889b4e9c2b4cd4f3", "port_range_max": null, "port_range_min": null, "id": "c59958fa-e7dc-4671-a2c8-cc7e771653a8", "security_group_id": "c9640fef-7c44-4923-b330-800f49c4e8b4"}}
2016-02-21 13:06:45,568 27733 INFO     [tempest_lib.common.rest_client] Request (TestGettingAddress:setUp): 201 POST http://10.4.1.3:9696/v2.0/security-group-rules 0.307s
2016-02-21 13:06:45,569 27733 DEBUG    [tempest_lib.common.rest_client] Request - Headers: {'Content-Type': 'application/json', 'Accept': 'application/json', 'X-Auth-Token': '&lt;omitted&gt;'}
        Body: {"security_group_rule": {"tenant_id": "99f0a414dc684e48889b4e9c2b4cd4f3", "direction": "egress", "protocol": "icmp", "security_group_id": "c9640fef-7c44-4923-b330-800f49c4e8b4"}}
    Response - Headers: {'status': '201', 'content-length': '344', 'connection': 'close', 'date': 'Sun, 21 Feb 2016 13:06:45 GMT', 'content-type': 'application/json; charset=UTF-8', 'x-openstack-request-id': 'req-79c9267f-e2b9-4a65-acf1-a0f80a5c069c'}
        Body: {"security_group_rule": {"remote_group_id": null, "direction": "egress", "remote_ip_prefix": null, "protocol": "icmp", "ethertype": "IPv4", "tenant_id": "99f0a414dc684e48889b4e9c2b4cd4f3", "port_range_max": null, "port_range_min": null, "id": "2b1b03d7-ae67-4a84-abf7-beff2129e144", "security_group_id": "c9640fef-7c44-4923-b330-800f49c4e8b4"}}
2016-02-21 13:06:45,893 27733 INFO     [tempest_lib.common.rest_client] Request (TestGettingAddress:setUp): 201 POST http://10.4.1.3:9696/v2.0/security-group-rules 0.322s
2016-02-21 13:06:45,893 27733 DEBUG    [tempest_lib.common.rest_client] Request - Headers: {'Content-Type': 'application/json', 'Accept': 'application/json', 'X-Auth-Token': '&lt;omitted&gt;'}
        Body: {"security_group_rule": {"tenant_id": "99f0a414dc684e48889b4e9c2b4cd4f3", "direction": "ingress", "security_group_id": "c9640fef-7c44-4923-b330-800f49c4e8b4", "protocol": "icmp", "ethertype": "IPv6"}}
    Response - Headers: {'status': '201', 'content-length': '345', 'connection': 'close', 'date': 'Sun, 21 Feb 2016 13:06:45 GMT', 'content-type': 'application/json; charset=UTF-8', 'x-openstack-request-id': 'req-16ceb17d-f0f0-4846-93fb-ac84a71fb2cd'}
        Body: {"security_group_rule": {"remote_group_id": null, "direction": "ingress", "remote_ip_prefix": null, "protocol": "icmp", "ethertype": "IPv6", "tenant_id": "99f0a414dc684e48889b4e9c2b4cd4f3", "port_range_max": null, "port_range_min": null, "id": "27c367ca-dbda-4a4f-acdb-622fb8748d80", "security_group_id": "c9640fef-7c44-4923-b330-800f49c4e8b4"}}
2016-02-21 13:06:46,203 27733 INFO     [tempest_lib.common.rest_client] Request (TestGettingAddress:setUp): 201 POST http://10.4.1.3:9696/v2.0/security-group-rules 0.308s
2016-02-21 13:06:46,203 27733 DEBUG    [tempest_lib.common.rest_client] Request - Headers: {'Content-Type': 'application/json', 'Accept': 'application/json', 'X-Auth-Token': '&lt;omitted&gt;'}
        Body: {"security_group_rule": {"tenant_id": "99f0a414dc684e48889b4e9c2b4cd4f3", "direction": "egress", "security_group_id": "c9640fef-7c44-4923-b330-800f49c4e8b4", "protocol": "icmp", "ethertype": "IPv6"}}
    Response - Headers: {'status': '201', 'content-length': '344', 'connection': 'close', 'date': 'Sun, 21 Feb 2016 13:06:46 GMT', 'content-type': 'application/json; charset=UTF-8', 'x-openstack-request-id': 'req-1e14d9e6-bfcb-4eb9-b323-7d80cf8a87fc'}
        Body: {"security_group_rule": {"remote_group_id": null, "direction": "egress", "remote_ip_prefix": null, "protocol": "icmp", "ethertype": "IPv6", "tenant_id": "99f0a414dc684e48889b4e9c2b4cd4f3", "port_range_max": null, "port_range_min": null, "id": "4c6a10d6-8d2d-4f28-af32-dee5aa21ae8d", "security_group_id": "c9640fef-7c44-4923-b330-800f49c4e8b4"}}
2016-02-21 13:06:46,671 27733 INFO     [tempest_lib.common.rest_client] Request (TestGettingAddress:test_dhcp6_stateless_from_os): 201 POST http://10.4.1.3:9696/v2.0/networks 0.467s
2016-02-21 13:06:46,671 27733 DEBUG    [tempest_lib.common.rest_client] Request - Headers: {'Content-Type': 'application/json', 'Accept': 'application/json', 'X-Auth-Token': '&lt;omitted&gt;'}
        Body: {"network": {"tenant_id": "99f0a414dc684e48889b4e9c2b4cd4f3", "name": "tempest-network-smoke--396318868"}}
    Response - Headers: {'status': '201', 'content-length': '355', 'connection': 'close', 'date': 'Sun, 21 Feb 2016 13:06:46 GMT', 'content-type': 'application/json; charset=UTF-8', 'x-openstack-request-id': 'req-11e6c4a3-02fa-4d58-8848-f7b569bbcffe'}
        Body: {"network": {"status": "ACTIVE", "subnets": [], "availability_zone_hints": [], "availability_zones": [], "name": "tempest-network-smoke--396318868", "admin_state_up": true, "tenant_id": "99f0a414dc684e48889b4e9c2b4cd4f3", "mtu": 1450, "router:external": false, "shared": false, "port_security_enabled": true, "id": "683327f3-35c0-4b71-9e9a-c4132e6b33fc"}}
2016-02-21 13:06:46,930 27733 INFO     [tempest_lib.common.rest_client] Request (TestGettingAddress:test_dhcp6_stateless_from_os): 200 GET http://10.4.1.3:9696/v2.0/subnets?tenant_id=99f0a414dc684e48889b4e9c2b4cd4f3&amp;cidr=10.100.0.0%2F28 0.257s
2016-02-21 13:06:46,930 27733 DEBUG    [tempest_lib.common.rest_client] Request - Headers: {'Content-Type': 'application/json', 'Accept': 'application/json', 'X-Auth-Token': '&lt;omitted&gt;'}
        Body: None
    Response - Headers: {'status': '200', 'content-length': '15', 'content-location': 'http://10.4.1.3:9696/v2.0/subnets?tenant_id=99f0a414dc684e48889b4e9c2b4cd4f3&amp;cidr=10.100.0.0%2F28', 'connection': 'close', 'date': 'Sun, 21 Feb 2016 13:06:46 GMT', 'content-type': 'application/json; charset=UTF-8', 'x-openstack-request-id': 'req-63a778b1-fb29-4736-a7f1-800b844c1717'}
        Body: {"subnets": []}
2016-02-21 13:06:47,487 27733 INFO     [tempest_lib.common.rest_client] Request (TestGettingAddress:test_dhcp6_stateless_from_os): 201 POST http://10.4.1.3:9696/v2.0/subnets 0.555s
2016-02-21 13:06:47,487 27733 DEBUG    [tempest_lib.common.rest_client] Request - Headers: {'Content-Type': 'application/json', 'Accept': 'application/json', 'X-Auth-Token': '&lt;omitted&gt;'}
        Body: {"subnet": {"ip_version": 4, "tenant_id": "99f0a414dc684e48889b4e9c2b4cd4f3", "cidr": "10.100.0.0/28", "network_id": "683327f3-35c0-4b71-9e9a-c4132e6b33fc", "name": "tempest-sub4-950798752"}}
    Response - Headers: {'status': '201', 'content-length': '469', 'connection': 'close', 'date': 'Sun, 21 Feb 2016 13:06:47 GMT', 'content-type': 'application/json; charset=UTF-8', 'x-openstack-request-id': 'req-5a97d0fa-1086-4757-a963-1f7e58c81bb0'}
        Body: {"subnet": {"name": "tempest-sub4-950798752", "enable_dhcp": true, "network_id": "683327f3-35c0-4b71-9e9a-c4132e6b33fc", "tenant_id": "99f0a414dc684e48889b4e9c2b4cd4f3", "dns_nameservers": [], "gateway_ip": "10.100.0.1", "ipv6_ra_mode": null, "allocation_pools": [{"start": "10.100.0.2", "end": "10.100.0.14"}], "host_routes": [], "ip_version": 4, "ipv6_address_mode": null, "cidr": "10.100.0.0/28", "id": "53e750fe-94a8-438b-bade-31a2aa2235f8", "subnetpool_id": null}}
2016-02-21 13:06:47,735 27733 INFO     [tempest_lib.common.rest_client] Request (TestGettingAddress:test_dhcp6_stateless_from_os): 201 POST http://10.4.1.3:9696/v2.0/routers 0.247s
2016-02-21 13:06:47,735 27733 DEBUG    [tempest_lib.common.rest_client] Request - Headers: {'Content-Type': 'application/json', 'Accept': 'application/json', 'X-Auth-Token': '&lt;omitted&gt;'}
        Body: {"router": {"tenant_id": "99f0a414dc684e48889b4e9c2b4cd4f3", "name": "tempest-router-smoke-445006179", "admin_state_up": true}}
    Response - Headers: {'status': '201', 'content-length': '238', 'connection': 'close', 'date': 'Sun, 21 Feb 2016 13:06:47 GMT', 'content-type': 'application/json; charset=UTF-8', 'x-openstack-request-id': 'req-9e0390b0-e648-44d2-85a7-8c5daadd419e'}
        Body: {"router": {"status": "ACTIVE", "external_gateway_info": null, "name": "tempest-router-smoke-445006179", "admin_state_up": true, "tenant_id": "99f0a414dc684e48889b4e9c2b4cd4f3", "routes": [], "id": "df2eef19-0c31-4eb5-87b5-42c5f0f22469"}}
2016-02-21 13:06:47,947 27733 INFO     [tempest_lib.common.rest_client] Request (TestGettingAddress:test_dhcp6_stateless_from_os): 200 GET http://10.4.1.3:9696/v2.0/routers/df2eef19-0c31-4eb5-87b5-42c5f0f22469 0.211s
2016-02-21 13:06:47,948 27733 DEBUG    [tempest_lib.common.rest_client] Request - Headers: {'Content-Type': 'application/json', 'Accept': 'application/json', 'X-Auth-Token': '&lt;omitted&gt;'}
        Body: None
    Response - Headers: {'status': '200', 'content-length': '238', 'content-location': 'http://10.4.1.3:9696/v2.0/routers/df2eef19-0c31-4eb5-87b5-42c5f0f22469', 'connection': 'close', 'date': 'Sun, 21 Feb 2016 13:06:47 GMT', 'content-type': 'application/json; charset=UTF-8', 'x-openstack-request-id': 'req-88214b24-e174-481c-9b69-1a3c1a4f295a'}
        Body: {"router": {"status": "ACTIVE", "external_gateway_info": null, "name": "tempest-router-smoke-445006179", "admin_state_up": true, "tenant_id": "99f0a414dc684e48889b4e9c2b4cd4f3", "routes": [], "id": "df2eef19-0c31-4eb5-87b5-42c5f0f22469"}}
2016-02-21 13:06:48,816 27733 INFO     [tempest_lib.common.rest_client] Request (TestGettingAddress:test_dhcp6_stateless_from_os): 200 PUT http://10.4.1.3:9696/v2.0/routers/df2eef19-0c31-4eb5-87b5-42c5f0f22469 0.867s
2016-02-21 13:06:48,816 27733 DEBUG    [tempest_lib.common.rest_client] Request - Headers: {'Content-Type': 'application/json', 'Accept': 'application/json', 'X-Auth-Token': '&lt;omitted&gt;'}
        Body: {"router": {"external_gateway_info": {"network_id": "2b689baa-3e80-418e-a72a-c52a98d9113c"}, "name": "tempest-router-smoke-445006179", "admin_state_up": true}}
    Response - Headers: {'status': '200', 'content-length': '500', 'connection': 'close', 'date': 'Sun, 21 Feb 2016 13:06:48 GMT', 'content-type': 'application/json; charset=UTF-8', 'x-openstack-request-id': 'req-6736c9d8-f00b-4b09-8d1b-3a1a08612b41'}
        Body: {"router": {"status": "ACTIVE", "external_gateway_info": {"network_id": "2b689baa-3e80-418e-a72a-c52a98d9113c", "enable_snat": true, "external_fixed_ips": [{"subnet_id": "931aa79c-4687-4caa-82da-e726bd7ac89f", "ip_address": "172.24.4.3"}, {"subnet_id": "cebaa39b-d822-44a0-8079-fe0452876a34", "ip_address": "2001:db8::3"}]}, "name": "tempest-router-smoke-445006179", "admin_state_up": true, "tenant_id": "99f0a414dc684e48889b4e9c2b4cd4f3", "routes": [], "id": "df2eef19-0c31-4eb5-87b5-42c5f0f22469"}}
2016-02-21 13:06:49,505 27733 INFO     [tempest_lib.common.rest_client] Request (TestGettingAddress:test_dhcp6_stateless_from_os): 200 PUT http://10.4.1.3:9696/v2.0/routers/df2eef19-0c31-4eb5-87b5-42c5f0f22469/add_router_interface 0.688s
2016-02-21 13:06:49,506 27733 DEBUG    [tempest_lib.common.rest_client] Request - Headers: {'Content-Type': 'application/json', 'Accept': 'application/json', 'X-Auth-Token': '&lt;omitted&gt;'}
        Body: {"subnet_id": "53e750fe-94a8-438b-bade-31a2aa2235f8"}
    Response - Headers: {'status': '200', 'content-length': '309', 'connection': 'close', 'date': 'Sun, 21 Feb 2016 13:06:49 GMT', 'content-type': 'application/json; charset=UTF-8', 'x-openstack-request-id': 'req-94a9c9cb-ca67-4c32-875c-958a4fcecd75'}
        Body: {"network_id": "683327f3-35c0-4b71-9e9a-c4132e6b33fc", "tenant_id": "99f0a414dc684e48889b4e9c2b4cd4f3", "subnet_id": "53e750fe-94a8-438b-bade-31a2aa2235f8", "subnet_ids": ["53e750fe-94a8-438b-bade-31a2aa2235f8"], "port_id": "29e1b5cd-52f6-482c-bb11-d37655690d4d", "id": "df2eef19-0c31-4eb5-87b5-42c5f0f22469"}
2016-02-21 13:06:49,765 27733 INFO     [tempest_lib.common.rest_client] Request (TestGettingAddress:test_dhcp6_stateless_from_os): 200 GET http://10.4.1.3:9696/v2.0/subnets?tenant_id=99f0a414dc684e48889b4e9c2b4cd4f3&amp;cidr=2003%3A%3A%2F64 0.257s
2016-02-21 13:06:49,766 27733 DEBUG    [tempest_lib.common.rest_client] Request - Headers: {'Content-Type': 'application/json', 'Accept': 'application/json', 'X-Auth-Token': '&lt;omitted&gt;'}
        Body: None
    Response - Headers: {'status': '200', 'content-length': '15', 'content-location': 'http://10.4.1.3:9696/v2.0/subnets?tenant_id=99f0a414dc684e48889b4e9c2b4cd4f3&amp;cidr=2003%3A%3A%2F64', 'connection': 'close', 'date': 'Sun, 21 Feb 2016 13:06:49 GMT', 'content-type': 'application/json; charset=UTF-8', 'x-openstack-request-id': 'req-095cdbcd-fa7b-4c84-9180-ff402aa2b720'}
        Body: {"subnets": []}
2016-02-21 13:06:51,044 27733 INFO     [tempest_lib.common.rest_client] Request (TestGettingAddress:test_dhcp6_stateless_from_os): 201 POST http://10.4.1.3:9696/v2.0/subnets 1.276s
2016-02-21 13:06:51,044 27733 DEBUG    [tempest_lib.common.rest_client] Request - Headers: {'Content-Type': 'application/json', 'Accept': 'application/json', 'X-Auth-Token': '&lt;omitted&gt;'}
        Body: {"subnet": {"name": "tempest-sub6-1145989226", "network_id": "683327f3-35c0-4b71-9e9a-c4132e6b33fc", "tenant_id": "99f0a414dc684e48889b4e9c2b4cd4f3", "ipv6_ra_mode": "dhcpv6-stateless", "ip_version": 6, "ipv6_address_mode": "dhcpv6-stateless", "cidr": "2003::/64"}}
    Response - Headers: {'status': '201', 'content-length': '502', 'connection': 'close', 'date': 'Sun, 21 Feb 2016 13:06:51 GMT', 'content-type': 'application/json; charset=UTF-8', 'x-openstack-request-id': 'req-a62e15b0-dbe5-4e22-8d19-b207d1134544'}
        Body: {"subnet": {"name": "tempest-sub6-1145989226", "enable_dhcp": true, "network_id": "683327f3-35c0-4b71-9e9a-c4132e6b33fc", "tenant_id": "99f0a414dc684e48889b4e9c2b4cd4f3", "dns_nameservers": [], "gateway_ip": "2003::1", "ipv6_ra_mode": "dhcpv6-stateless", "allocation_pools": [{"start": "2003::2", "end": "2003::ffff:ffff:ffff:ffff"}], "host_routes": [], "ip_version": 6, "ipv6_address_mode": "dhcpv6-stateless", "cidr": "2003::/64", "id": "ab5d27f9-29d6-4ecc-bc21-ae60634276cd", "subnetpool_id": null}}
2016-02-21 13:06:51,895 27733 INFO     [tempest_lib.common.rest_client] Request (TestGettingAddress:test_dhcp6_stateless_from_os): 200 PUT http://10.4.1.3:9696/v2.0/routers/df2eef19-0c31-4eb5-87b5-42c5f0f22469/add_router_interface 0.849s
2016-02-21 13:06:51,896 27733 DEBUG    [tempest_lib.common.rest_client] Request - Headers: {'Content-Type': 'application/json', 'Accept': 'application/json', 'X-Auth-Token': '&lt;omitted&gt;'}
        Body: {"subnet_id": "ab5d27f9-29d6-4ecc-bc21-ae60634276cd"}
    Response - Headers: {'status': '200', 'content-length': '309', 'connection': 'close', 'date': 'Sun, 21 Feb 2016 13:06:51 GMT', 'content-type': 'application/json; charset=UTF-8', 'x-openstack-request-id': 'req-1134e36d-ce5e-482a-b1c1-225471dcfe6b'}
        Body: {"network_id": "683327f3-35c0-4b71-9e9a-c4132e6b33fc", "tenant_id": "99f0a414dc684e48889b4e9c2b4cd4f3", "subnet_id": "ab5d27f9-29d6-4ecc-bc21-ae60634276cd", "subnet_ids": ["ab5d27f9-29d6-4ecc-bc21-ae60634276cd"], "port_id": "2715ba18-80da-49f0-afd2-f2c7f4cdfc1b", "id": "df2eef19-0c31-4eb5-87b5-42c5f0f22469"}
2016-02-21 13:06:52,051 27733 INFO     [tempest_lib.common.rest_client] Request (TestGettingAddress:test_dhcp6_stateless_from_os): 200 POST http://10.4.1.3:5000/v2.0/tokens
2016-02-21 13:06:52,051 27733 DEBUG    [tempest_lib.common.rest_client] Request - Headers: {'Content-Type': 'application/json', 'Accept': 'application/json'}
        Body: &lt;omitted&gt;
    Response - Headers: {'status': '200', 'content-length': '2252', 'vary': 'X-Auth-Token', 'server': 'Apache/2.4.7 (Ubuntu)', 'connection': 'close', 'date': 'Sun, 21 Feb 2016 13:06:51 GMT', 'content-type': 'application/json', 'x-openstack-request-id': 'req-025c20ad-1e7c-4102-8b07-8d4b62c41d03'}
        Body: {"access": {"token": {"issued_at": "2016-02-21T13:06:52.038283", "expires": "2016-02-21T14:06:52Z", "id": "76e8c26d5d974f24a8164224d94c10d1", "tenant": {"description": "tempest-TestGettingAddress-227265494-desc", "enabled": true, "id": "99f0a414dc684e48889b4e9c2b4cd4f3", "name": "tempest-TestGettingAddress-227265494"}, "audit_ids": ["r8CY_Fl2R7ehHgYB9qz-Ng"]}, "serviceCatalog": [{"endpoints": [{"adminURL": "http://10.4.1.3:9292", "region": "RegionOne", "internalURL": "http://10.4.1.3:9292", "id": "25f5676e121f4a24ac293c57952f4dd5", "publicURL": "http://10.4.1.3:9292"}], "endpoints_links": [], "type": "image", "name": "glance"}, {"endpoints": [{"adminURL": "http://10.4.1.3:8774/v2.1/99f0a414dc684e48889b4e9c2b4cd4f3", "region": "RegionOne", "internalURL": "http://10.4.1.3:8774/v2.1/99f0a414dc684e48889b4e9c2b4cd4f3", "id": "3581f4d80e894cd18d7f3758fd7f6f67", "publicURL": "http://10.4.1.3:8774/v2.1/99f0a414dc684e48889b4e9c2b4cd4f3"}], "endpoints_links": [], "type": "compute", "name": "nova"}, {"endpoints": [{"adminURL": "http://10.4.1.3:9696/", "region": "RegionOne", "internalURL": "http://10.4.1.3:9696/", "id": "100cbc03d0c54fc089180d55074863d4", "publicURL": "http://10.4.1.3:9696/"}], "endpoints_links": [], "type": "network", "name": "neutron"}, {"endpoints": [{"adminURL": "http://10.4.1.3:35357/v2.0", "region": "RegionOne", "internalURL": "http://10.4.1.3:5000/v2.0", "id": "45f2ca72fdf8428c9dddd3a23285729f", "publicURL": "http://10.4.1.3:5000/v2.0"}], "endpoints_links": [], "type": "identity", "name": "keystone"}, {"endpoints": [{"adminURL": "http://10.4.1.3:8774/v2/99f0a414dc684e48889b4e9c2b4cd4f3", "region": "RegionOne", "internalURL": "http://10.4.1.3:8774/v2/99f0a414dc684e48889b4e9c2b4cd4f3", "id": "1931d8be29ae4d998218485bb37443b5", "publicURL": "http://10.4.1.3:8774/v2/99f0a414dc684e48889b4e9c2b4cd4f3"}], "endpoints_links": [], "type": "compute_legacy", "name": "nova_legacy"}], "user": {"username": "tempest-TestGettingAddress-933418032", "roles_links": [], "id": "3714574ffe574198b49e3c6e3fb275d4", "roles": [{"name": "_member_"}, {"name": "Member"}], "name": "tempest-TestGettingAddress-933418032"}, "metadata": {"is_admin": 0, "roles": ["9fe2ff9ee4384b1894a90878d3e92bab", "fabced7c45724d02b493ef7e85ed6437"]}}}
2016-02-21 13:06:52,056 27733 DEBUG    [tempest.common.fixed_network] (TestGettingAddress:test_dhcp6_stateless_from_os) No valid network provided or created, defaulting to fixed_network_name
2016-02-21 13:06:52,570 27733 INFO     [tempest_lib.common.rest_client] Request (TestGettingAddress:test_dhcp6_stateless_from_os): 200 GET http://10.4.1.3:8774/v2.1/99f0a414dc684e48889b4e9c2b4cd4f3/os-networks 0.512s
2016-02-21 13:06:52,570 27733 DEBUG    [tempest_lib.common.rest_client] Request - Headers: {'Content-Type': 'application/json', 'Accept': 'application/json', 'X-Auth-Token': '&lt;omitted&gt;'}
        Body: None
    Response - Headers: {'status': '200', 'content-length': '478', 'content-location': 'http://10.4.1.3:8774/v2.1/99f0a414dc684e48889b4e9c2b4cd4f3/os-networks', 'x-compute-request-id': 'req-d7096abe-f79f-4361-bc5e-c0c19b8ba8e2', 'vary': 'X-OpenStack-Nova-API-Version', 'connection': 'close', 'x-openstack-nova-api-version': '2.1', 'date': 'Sun, 21 Feb 2016 13:06:52 GMT', 'content-type': 'application/json'}
        Body: {"networks": [{"cidr_v6": null, "dns2": null, "dns1": null, "gateway": null, "broadcast": null, "netmask": null, "gateway_v6": null, "cidr": null, "label": "tempest-network-smoke--396318868", "id": "683327f3-35c0-4b71-9e9a-c4132e6b33fc", "netmask_v6": null}, {"cidr_v6": null, "dns2": null, "dns1": null, "gateway": null, "broadcast": null, "netmask": null, "gateway_v6": null, "cidr": null, "label": "public", "id": "2b689baa-3e80-418e-a72a-c52a98d9113c", "netmask_v6": null}]}
2016-02-21 13:06:52,571 27733 WARNING  [tempest.common.fixed_network] (TestGettingAddress:test_dhcp6_stateless_from_os) Network with name: private not found
2016-02-21 13:06:52,572 27733 INFO     [tempest.common.fixed_network] (TestGettingAddress:test_dhcp6_stateless_from_os) Found network {} available for tenant
2016-02-21 13:06:56,249 27733 INFO     [tempest_lib.common.rest_client] Request (TestGettingAddress:test_dhcp6_stateless_from_os): 202 POST http://10.4.1.3:8774/v2.1/99f0a414dc684e48889b4e9c2b4cd4f3/servers 3.675s
2016-02-21 13:06:56,250 27733 DEBUG    [tempest_lib.common.rest_client] Request - Headers: {'Content-Type': 'application/json', 'Accept': 'application/json', 'X-Auth-Token': '&lt;omitted&gt;'}
        Body: {"server": {"name": "tempest.common.compute-instance-476773147", "imageRef": "0490c353-6fbc-4068-8b29-380380d4a24c", "key_name": "tempest-TestGettingAddress-1895510051", "flavorRef": "42", "networks": [{"uuid": "683327f3-35c0-4b71-9e9a-c4132e6b33fc"}], "security_groups": [{"name": "tempest-secgroup-smoke-1984485468"}]}}
    Response - Headers: {'status': '202', 'content-length': '460', 'x-compute-request-id': 'req-056e995d-22e5-4067-ab7a-947f620d7d46', 'vary': 'X-OpenStack-Nova-API-Version', 'connection': 'close', 'location': 'http://10.4.1.3:8774/v2.1/99f0a414dc684e48889b4e9c2b4cd4f3/servers/109e57a3-36ec-45e7-8336-f8662cfbe83e', 'x-openstack-nova-api-version': '2.1', 'date': 'Sun, 21 Feb 2016 13:06:56 GMT', 'content-type': 'application/json'}
        Body: {"server": {"security_groups": [{"name": "tempest-secgroup-smoke-1984485468"}], "OS-DCF:diskConfig": "MANUAL", "id": "109e57a3-36ec-45e7-8336-f8662cfbe83e", "links": [{"href": "http://10.4.1.3:8774/v2.1/99f0a414dc684e48889b4e9c2b4cd4f3/servers/109e57a3-36ec-45e7-8336-f8662cfbe83e", "rel": "self"}, {"href": "http://10.4.1.3:8774/99f0a414dc684e48889b4e9c2b4cd4f3/servers/109e57a3-36ec-45e7-8336-f8662cfbe83e", "rel": "bookmark"}], "adminPass": "whGi2FEis4JR"}}
2016-02-21 13:06:56,773 27733 INFO     [tempest_lib.common.rest_client] Request (TestGettingAddress:test_dhcp6_stateless_from_os): 200 GET http://10.4.1.3:8774/v2.1/99f0a414dc684e48889b4e9c2b4cd4f3/servers/109e57a3-36ec-45e7-8336-f8662cfbe83e 0.519s
2016-02-21 13:06:56,773 27733 DEBUG    [tempest_lib.common.rest_client] Request - Headers: {'Content-Type': 'application/json', 'Accept': 'application/json', 'X-Auth-Token': '&lt;omitted&gt;'}
        Body: None
    Response - Headers: {'status': '200', 'content-length': '1350', 'content-location': 'http://10.4.1.3:8774/v2.1/99f0a414dc684e48889b4e9c2b4cd4f3/servers/109e57a3-36ec-45e7-8336-f8662cfbe83e', 'x-compute-request-id': 'req-40c87882-7ea0-4ff3-a0e6-c316654af234', 'vary': 'X-OpenStack-Nova-API-Version', 'connection': 'close', 'x-openstack-nova-api-version': '2.1', 'date': 'Sun, 21 Feb 2016 13:06:56 GMT', 'content-type': 'application/json'}
        Body: {"server": {"status": "BUILD", "updated": "2016-02-21T13:06:56Z", "hostId": "", "addresses": {}, "links": [{"href": "http://10.4.1.3:8774/v2.1/99f0a414dc684e48889b4e9c2b4cd4f3/servers/109e57a3-36ec-45e7-8336-f8662cfbe83e", "rel": "self"}, {"href": "http://10.4.1.3:8774/99f0a414dc684e48889b4e9c2b4cd4f3/servers/109e57a3-36ec-45e7-8336-f8662cfbe83e", "rel": "bookmark"}], "key_name": "tempest-TestGettingAddress-1895510051", "image": {"id": "0490c353-6fbc-4068-8b29-380380d4a24c", "links": [{"href": "http://10.4.1.3:8774/99f0a414dc684e48889b4e9c2b4cd4f3/images/0490c353-6fbc-4068-8b29-380380d4a24c", "rel": "bookmark"}]}, "OS-EXT-STS:task_state": "scheduling", "OS-EXT-STS:vm_state": "building", "OS-SRV-USG:launched_at": null, "flavor": {"id": "42", "links": [{"href": "http://10.4.1.3:8774/99f0a414dc684e48889b4e9c2b4cd4f3/flavors/42", "rel": "bookmark"}]}, "id": "109e57a3-36ec-45e7-8336-f8662cfbe83e", "OS-SRV-USG:terminated_at": null, "OS-EXT-AZ:availability_zone": "", "user_id": "3714574ffe574198b49e3c6e3fb275d4", "name": "tempest.common.compute-instance-476773147", "created": "2016-02-21T13:06:56Z", "tenant_id": "99f0a414dc684e48889b4e9c2b4cd4f3", "OS-DCF:diskConfig": "MANUAL", "os-extended-volumes:volumes_attached": [], "accessIPv4": "", "accessIPv6": "", "progress": 0, "OS-EXT-STS:power_state": 0, "config_drive": "", "metadata": {}}}
2016-02-21 13:06:58,822 27733 INFO     [tempest_lib.common.rest_client] Request (TestGettingAddress:test_dhcp6_stateless_from_os): 200 GET http://10.4.1.3:8774/v2.1/99f0a414dc684e48889b4e9c2b4cd4f3/servers/109e57a3-36ec-45e7-8336-f8662cfbe83e 1.036s
2016-02-21 13:06:58,823 27733 DEBUG    [tempest_lib.common.rest_client] Request - Headers: {'Content-Type': 'application/json', 'Accept': 'application/json', 'X-Auth-Token': '&lt;omitted&gt;'}
        Body: None
    Response - Headers: {'status': '200', 'content-length': '1476', 'content-location': 'http://10.4.1.3:8774/v2.1/99f0a414dc684e48889b4e9c2b4cd4f3/servers/109e57a3-36ec-45e7-8336-f8662cfbe83e', 'x-compute-request-id': 'req-81a062e4-eac1-4b2b-a0c0-1a7ced4d1a7e', 'vary': 'X-OpenStack-Nova-API-Version', 'connection': 'close', 'x-openstack-nova-api-version': '2.1', 'date': 'Sun, 21 Feb 2016 13:06:58 GMT', 'content-type': 'application/json'}
        Body: {"server": {"status": "BUILD", "updated": "2016-02-21T13:06:57Z", "hostId": "02cfc9371e7307ba9256a19e3b1ba0fc9f7f5c7b31c208e5dc1f8f22", "addresses": {}, "links": [{"href": "http://10.4.1.3:8774/v2.1/99f0a414dc684e48889b4e9c2b4cd4f3/servers/109e57a3-36ec-45e7-8336-f8662cfbe83e", "rel": "self"}, {"href": "http://10.4.1.3:8774/99f0a414dc684e48889b4e9c2b4cd4f3/servers/109e57a3-36ec-45e7-8336-f8662cfbe83e", "rel": "bookmark"}], "key_name": "tempest-TestGettingAddress-1895510051", "image": {"id": "0490c353-6fbc-4068-8b29-380380d4a24c", "links": [{"href": "http://10.4.1.3:8774/99f0a414dc684e48889b4e9c2b4cd4f3/images/0490c353-6fbc-4068-8b29-380380d4a24c", "rel": "bookmark"}]}, "OS-EXT-STS:task_state": "spawning", "OS-EXT-STS:vm_state": "building", "OS-SRV-USG:launched_at": null, "flavor": {"id": "42", "links": [{"href": "http://10.4.1.3:8774/99f0a414dc684e48889b4e9c2b4cd4f3/flavors/42", "rel": "bookmark"}]}, "id": "109e57a3-36ec-45e7-8336-f8662cfbe83e", "security_groups": [{"name": "tempest-secgroup-smoke-1984485468"}], "OS-SRV-USG:terminated_at": null, "OS-EXT-AZ:availability_zone": "nova", "user_id": "3714574ffe574198b49e3c6e3fb275d4", "name": "tempest.common.compute-instance-476773147", "created": "2016-02-21T13:06:56Z", "tenant_id": "99f0a414dc684e48889b4e9c2b4cd4f3", "OS-DCF:diskConfig": "MANUAL", "os-extended-volumes:volumes_attached": [], "accessIPv4": "", "accessIPv6": "", "progress": 0, "OS-EXT-STS:power_state": 0, "config_drive": "", "metadata": {}}}
2016-02-21 13:06:58,832 27733 INFO     [tempest.common.waiters] State transition "BUILD/scheduling" ==&gt; "BUILD/spawning" after 2 second wait
2016-02-21 13:07:00,621 27733 INFO     [tempest_lib.common.rest_client] Request (TestGettingAddress:test_dhcp6_stateless_from_os): 200 GET http://10.4.1.3:8774/v2.1/99f0a414dc684e48889b4e9c2b4cd4f3/servers/109e57a3-36ec-45e7-8336-f8662cfbe83e 0.787s
2016-02-21 13:07:00,621 27733 DEBUG    [tempest_lib.common.rest_client] Request - Headers: {'Content-Type': 'application/json', 'Accept': 'application/json', 'X-Auth-Token': '&lt;omitted&gt;'}
        Body: None
    Response - Headers: {'status': '200', 'content-length': '1476', 'content-location': 'http://10.4.1.3:8774/v2.1/99f0a414dc684e48889b4e9c2b4cd4f3/servers/109e57a3-36ec-45e7-8336-f8662cfbe83e', 'x-compute-request-id': 'req-50721de1-97e4-4657-abe3-1f366db33b37', 'vary': 'X-OpenStack-Nova-API-Version', 'connection': 'close', 'x-openstack-nova-api-version': '2.1', 'date': 'Sun, 21 Feb 2016 13:07:00 GMT', 'content-type': 'application/json'}
        Body: {"server": {"status": "BUILD", "updated": "2016-02-21T13:06:57Z", "hostId": "02cfc9371e7307ba9256a19e3b1ba0fc9f7f5c7b31c208e5dc1f8f22", "addresses": {}, "links": [{"href": "http://10.4.1.3:8774/v2.1/99f0a414dc684e48889b4e9c2b4cd4f3/servers/109e57a3-36ec-45e7-8336-f8662cfbe83e", "rel": "self"}, {"href": "http://10.4.1.3:8774/99f0a414dc684e48889b4e9c2b4cd4f3/servers/109e57a3-36ec-45e7-8336-f8662cfbe83e", "rel": "bookmark"}], "key_name": "tempest-TestGettingAddress-1895510051", "image": {"id": "0490c353-6fbc-4068-8b29-380380d4a24c", "links": [{"href": "http://10.4.1.3:8774/99f0a414dc684e48889b4e9c2b4cd4f3/images/0490c353-6fbc-4068-8b29-380380d4a24c", "rel": "bookmark"}]}, "OS-EXT-STS:task_state": "spawning", "OS-EXT-STS:vm_state": "building", "OS-SRV-USG:launched_at": null, "flavor": {"id": "42", "links": [{"href": "http://10.4.1.3:8774/99f0a414dc684e48889b4e9c2b4cd4f3/flavors/42", "rel": "bookmark"}]}, "id": "109e57a3-36ec-45e7-8336-f8662cfbe83e", "security_groups": [{"name": "tempest-secgroup-smoke-1984485468"}], "OS-SRV-USG:terminated_at": null, "OS-EXT-AZ:availability_zone": "nova", "user_id": "3714574ffe574198b49e3c6e3fb275d4", "name": "tempest.common.compute-instance-476773147", "created": "2016-02-21T13:06:56Z", "tenant_id": "99f0a414dc684e48889b4e9c2b4cd4f3", "OS-DCF:diskConfig": "MANUAL", "os-extended-volumes:volumes_attached": [], "accessIPv4": "", "accessIPv6": "", "progress": 0, "OS-EXT-STS:power_state": 0, "config_drive": "", "metadata": {}}}
2016-02-21 13:07:02,368 27733 INFO     [tempest_lib.common.rest_client] Request (TestGettingAddress:test_dhcp6_stateless_from_os): 200 GET http://10.4.1.3:8774/v2.1/99f0a414dc684e48889b4e9c2b4cd4f3/servers/109e57a3-36ec-45e7-8336-f8662cfbe83e 0.734s
2016-02-21 13:07:02,369 27733 DEBUG    [tempest_lib.common.rest_client] Request - Headers: {'Content-Type': 'application/json', 'Accept': 'application/json', 'X-Auth-Token': '&lt;omitted&gt;'}
        Body: None
    Response - Headers: {'status': '200', 'content-length': '1476', 'content-location': 'http://10.4.1.3:8774/v2.1/99f0a414dc684e48889b4e9c2b4cd4f3/servers/109e57a3-36ec-45e7-8336-f8662cfbe83e', 'x-compute-request-id': 'req-c4b1c3ab-7809-40f0-842a-ee7aa3baea77', 'vary': 'X-OpenStack-Nova-API-Version', 'connection': 'close', 'x-openstack-nova-api-version': '2.1', 'date': 'Sun, 21 Feb 2016 13:07:02 GMT', 'content-type': 'application/json'}
        Body: {"server": {"status": "BUILD", "updated": "2016-02-21T13:06:57Z", "hostId": "02cfc9371e7307ba9256a19e3b1ba0fc9f7f5c7b31c208e5dc1f8f22", "addresses": {}, "links": [{"href": "http://10.4.1.3:8774/v2.1/99f0a414dc684e48889b4e9c2b4cd4f3/servers/109e57a3-36ec-45e7-8336-f8662cfbe83e", "rel": "self"}, {"href": "http://10.4.1.3:8774/99f0a414dc684e48889b4e9c2b4cd4f3/servers/109e57a3-36ec-45e7-8336-f8662cfbe83e", "rel": "bookmark"}], "key_name": "tempest-TestGettingAddress-1895510051", "image": {"id": "0490c353-6fbc-4068-8b29-380380d4a24c", "links": [{"href": "http://10.4.1.3:8774/99f0a414dc684e48889b4e9c2b4cd4f3/images/0490c353-6fbc-4068-8b29-380380d4a24c", "rel": "bookmark"}]}, "OS-EXT-STS:task_state": "spawning", "OS-EXT-STS:vm_state": "building", "OS-SRV-USG:launched_at": null, "flavor": {"id": "42", "links": [{"href": "http://10.4.1.3:8774/99f0a414dc684e48889b4e9c2b4cd4f3/flavors/42", "rel": "bookmark"}]}, "id": "109e57a3-36ec-45e7-8336-f8662cfbe83e", "security_groups": [{"name": "tempest-secgroup-smoke-1984485468"}], "OS-SRV-USG:terminated_at": null, "OS-EXT-AZ:availability_zone": "nova", "user_id": "3714574ffe574198b49e3c6e3fb275d4", "name": "tempest.common.compute-instance-476773147", "created": "2016-02-21T13:06:56Z", "tenant_id": "99f0a414dc684e48889b4e9c2b4cd4f3", "OS-DCF:diskConfig": "MANUAL", "os-extended-volumes:volumes_attached": [], "accessIPv4": "", "accessIPv6": "", "progress": 0, "OS-EXT-STS:power_state": 0, "config_drive": "", "metadata": {}}}
2016-02-21 13:07:04,062 27733 INFO     [tempest_lib.common.rest_client] Request (TestGettingAddress:test_dhcp6_stateless_from_os): 200 GET http://10.4.1.3:8774/v2.1/99f0a414dc684e48889b4e9c2b4cd4f3/servers/109e57a3-36ec-45e7-8336-f8662cfbe83e 0.683s
2016-02-21 13:07:04,063 27733 DEBUG    [tempest_lib.common.rest_client] Request - Headers: {'Content-Type': 'application/json', 'Accept': 'application/json', 'X-Auth-Token': '&lt;omitted&gt;'}
        Body: None
    Response - Headers: {'status': '200', 'content-length': '1776', 'content-location': 'http://10.4.1.3:8774/v2.1/99f0a414dc684e48889b4e9c2b4cd4f3/servers/109e57a3-36ec-45e7-8336-f8662cfbe83e', 'x-compute-request-id': 'req-980dff0a-94f2-45de-81d9-ee20c459621c', 'vary': 'X-OpenStack-Nova-API-Version', 'connection': 'close', 'x-openstack-nova-api-version': '2.1', 'date': 'Sun, 21 Feb 2016 13:07:04 GMT', 'content-type': 'application/json'}
        Body: {"server": {"status": "ACTIVE", "updated": "2016-02-21T13:07:01Z", "hostId": "02cfc9371e7307ba9256a19e3b1ba0fc9f7f5c7b31c208e5dc1f8f22", "addresses": {"tempest-network-smoke--396318868": [{"OS-EXT-IPS-MAC:mac_addr": "fa:16:3e:02:f1:19", "version": 6, "addr": "2003::f816:3eff:fe02:f119", "OS-EXT-IPS:type": "fixed"}, {"OS-EXT-IPS-MAC:mac_addr": "fa:16:3e:02:f1:19", "version": 4, "addr": "10.100.0.3", "OS-EXT-IPS:type": "fixed"}]}, "links": [{"href": "http://10.4.1.3:8774/v2.1/99f0a414dc684e48889b4e9c2b4cd4f3/servers/109e57a3-36ec-45e7-8336-f8662cfbe83e", "rel": "self"}, {"href": "http://10.4.1.3:8774/99f0a414dc684e48889b4e9c2b4cd4f3/servers/109e57a3-36ec-45e7-8336-f8662cfbe83e", "rel": "bookmark"}], "key_name": "tempest-TestGettingAddress-1895510051", "image": {"id": "0490c353-6fbc-4068-8b29-380380d4a24c", "links": [{"href": "http://10.4.1.3:8774/99f0a414dc684e48889b4e9c2b4cd4f3/images/0490c353-6fbc-4068-8b29-380380d4a24c", "rel": "bookmark"}]}, "OS-EXT-STS:task_state": null, "OS-EXT-STS:vm_state": "active", "OS-SRV-USG:launched_at": "2016-02-21T13:07:01.000000", "flavor": {"id": "42", "links": [{"href": "http://10.4.1.3:8774/99f0a414dc684e48889b4e9c2b4cd4f3/flavors/42", "rel": "bookmark"}]}, "id": "109e57a3-36ec-45e7-8336-f8662cfbe83e", "security_groups": [{"name": "tempest-secgroup-smoke-1984485468"}], "OS-SRV-USG:terminated_at": null, "OS-EXT-AZ:availability_zone": "nova", "user_id": "3714574ffe574198b49e3c6e3fb275d4", "name": "tempest.common.compute-instance-476773147", "created": "2016-02-21T13:06:56Z", "tenant_id": "99f0a414dc684e48889b4e9c2b4cd4f3", "OS-DCF:diskConfig": "MANUAL", "os-extended-volumes:volumes_attached": [], "accessIPv4": "", "accessIPv6": "", "progress": 0, "OS-EXT-STS:power_state": 1, "config_drive": "True", "metadata": {}}}
2016-02-21 13:07:04,073 27733 INFO     [tempest.common.waiters] State transition "BUILD/spawning" ==&gt; "ACTIVE/None" after 8 second wait
2016-02-21 13:07:04,801 27733 INFO     [tempest_lib.common.rest_client] Request (TestGettingAddress:test_dhcp6_stateless_from_os): 200 GET http://10.4.1.3:8774/v2.1/99f0a414dc684e48889b4e9c2b4cd4f3/servers/109e57a3-36ec-45e7-8336-f8662cfbe83e 0.727s
2016-02-21 13:07:04,802 27733 DEBUG    [tempest_lib.common.rest_client] Request - Headers: {'Content-Type': 'application/json', 'Accept': 'application/json', 'X-Auth-Token': '&lt;omitted&gt;'}
        Body: None
    Response - Headers: {'status': '200', 'content-length': '1776', 'content-location': 'http://10.4.1.3:8774/v2.1/99f0a414dc684e48889b4e9c2b4cd4f3/servers/109e57a3-36ec-45e7-8336-f8662cfbe83e', 'x-compute-request-id': 'req-0e97ac3f-3e98-40e9-b5f4-02b21c82f9d5', 'vary': 'X-OpenStack-Nova-API-Version', 'connection': 'close', 'x-openstack-nova-api-version': '2.1', 'date': 'Sun, 21 Feb 2016 13:07:04 GMT', 'content-type': 'application/json'}
        Body: {"server": {"status": "ACTIVE", "updated": "2016-02-21T13:07:01Z", "hostId": "02cfc9371e7307ba9256a19e3b1ba0fc9f7f5c7b31c208e5dc1f8f22", "addresses": {"tempest-network-smoke--396318868": [{"OS-EXT-IPS-MAC:mac_addr": "fa:16:3e:02:f1:19", "version": 6, "addr": "2003::f816:3eff:fe02:f119", "OS-EXT-IPS:type": "fixed"}, {"OS-EXT-IPS-MAC:mac_addr": "fa:16:3e:02:f1:19", "version": 4, "addr": "10.100.0.3", "OS-EXT-IPS:type": "fixed"}]}, "links": [{"href": "http://10.4.1.3:8774/v2.1/99f0a414dc684e48889b4e9c2b4cd4f3/servers/109e57a3-36ec-45e7-8336-f8662cfbe83e", "rel": "self"}, {"href": "http://10.4.1.3:8774/99f0a414dc684e48889b4e9c2b4cd4f3/servers/109e57a3-36ec-45e7-8336-f8662cfbe83e", "rel": "bookmark"}], "key_name": "tempest-TestGettingAddress-1895510051", "image": {"id": "0490c353-6fbc-4068-8b29-380380d4a24c", "links": [{"href": "http://10.4.1.3:8774/99f0a414dc684e48889b4e9c2b4cd4f3/images/0490c353-6fbc-4068-8b29-380380d4a24c", "rel": "bookmark"}]}, "OS-EXT-STS:task_state": null, "OS-EXT-STS:vm_state": "active", "OS-SRV-USG:launched_at": "2016-02-21T13:07:01.000000", "flavor": {"id": "42", "links": [{"href": "http://10.4.1.3:8774/99f0a414dc684e48889b4e9c2b4cd4f3/flavors/42", "rel": "bookmark"}]}, "id": "109e57a3-36ec-45e7-8336-f8662cfbe83e", "security_groups": [{"name": "tempest-secgroup-smoke-1984485468"}], "OS-SRV-USG:terminated_at": null, "OS-EXT-AZ:availability_zone": "nova", "user_id": "3714574ffe574198b49e3c6e3fb275d4", "name": "tempest.common.compute-instance-476773147", "created": "2016-02-21T13:06:56Z", "tenant_id": "99f0a414dc684e48889b4e9c2b4cd4f3", "OS-DCF:diskConfig": "MANUAL", "os-extended-volumes:volumes_attached": [], "accessIPv4": "", "accessIPv6": "", "progress": 0, "OS-EXT-STS:power_state": 1, "config_drive": "True", "metadata": {}}}
2016-02-21 13:07:05,067 27733 INFO     [tempest_lib.common.rest_client] Request (TestGettingAddress:test_dhcp6_stateless_from_os): 200 GET http://10.4.1.3:9696/v2.0/ports?fixed_ip=None&amp;device_id=109e57a3-36ec-45e7-8336-f8662cfbe83e 0.241s
2016-02-21 13:07:05,067 27733 DEBUG    [tempest_lib.common.rest_client] Request - Headers: {'Content-Type': 'application/json', 'Accept': 'application/json', 'X-Auth-Token': '&lt;omitted&gt;'}
        Body: None
    Response - Headers: {'status': '200', 'content-length': '853', 'content-location': 'http://10.4.1.3:9696/v2.0/ports?fixed_ip=None&amp;device_id=109e57a3-36ec-45e7-8336-f8662cfbe83e', 'connection': 'close', 'date': 'Sun, 21 Feb 2016 13:07:05 GMT', 'content-type': 'application/json; charset=UTF-8', 'x-openstack-request-id': 'req-78fbca02-17b1-4835-8602-758817203483'}
        Body: {"ports": [{"status": "ACTIVE", "binding:host_id": "vagrant-ubuntu-trusty-64", "name": "", "allowed_address_pairs": [], "admin_state_up": true, "network_id": "683327f3-35c0-4b71-9e9a-c4132e6b33fc", "tenant_id": "99f0a414dc684e48889b4e9c2b4cd4f3", "extra_dhcp_opts": [], "mac_address": "fa:16:3e:02:f1:19", "binding:vif_details": {"port_filter": true}, "binding:vif_type": "ovs", "device_owner": "compute:None", "binding:profile": {}, "port_security_enabled": true, "binding:vnic_type": "normal", "fixed_ips": [{"subnet_id": "53e750fe-94a8-438b-bade-31a2aa2235f8", "ip_address": "10.100.0.3"}, {"subnet_id": "ab5d27f9-29d6-4ecc-bc21-ae60634276cd", "ip_address": "2003::f816:3eff:fe02:f119"}], "id": "c828eee6-365d-4efb-a998-ad3b625ca4c8", "security_groups": ["c9640fef-7c44-4923-b330-800f49c4e8b4"], "device_id": "109e57a3-36ec-45e7-8336-f8662cfbe83e"}]}
2016-02-21 13:07:05,827 27733 INFO     [tempest_lib.common.rest_client] Request (TestGettingAddress:test_dhcp6_stateless_from_os): 201 POST http://10.4.1.3:9696/v2.0/floatingips 0.759s
2016-02-21 13:07:05,827 27733 DEBUG    [tempest_lib.common.rest_client] Request - Headers: {'Content-Type': 'application/json', 'Accept': 'application/json', 'X-Auth-Token': '&lt;omitted&gt;'}
        Body: {"floatingip": {"floating_network_id": "2b689baa-3e80-418e-a72a-c52a98d9113c", "tenant_id": "99f0a414dc684e48889b4e9c2b4cd4f3", "fixed_ip_address": "10.100.0.3", "port_id": "c828eee6-365d-4efb-a998-ad3b625ca4c8"}}
    Response - Headers: {'status': '201', 'content-length': '369', 'connection': 'close', 'date': 'Sun, 21 Feb 2016 13:07:05 GMT', 'content-type': 'application/json; charset=UTF-8', 'x-openstack-request-id': 'req-d6f67683-ba47-4e62-ba37-09f3dfced2b2'}
        Body: {"floatingip": {"floating_network_id": "2b689baa-3e80-418e-a72a-c52a98d9113c", "router_id": "df2eef19-0c31-4eb5-87b5-42c5f0f22469", "fixed_ip_address": "10.100.0.3", "floating_ip_address": "172.24.4.4", "tenant_id": "99f0a414dc684e48889b4e9c2b4cd4f3", "status": "ACTIVE", "port_id": "c828eee6-365d-4efb-a998-ad3b625ca4c8", "id": "3a2bdd53-ee30-430a-8e5d-152777a7f987"}}
2016-02-21 13:07:05,829 27733 INFO     [tempest_lib.common.ssh] Creating ssh connection to '172.24.4.4' as 'cirros' with public key authentication
2016-02-21 13:08:05,888 27733 WARNING  [tempest_lib.common.ssh] Failed to establish authenticated ssh connection to cirros@172.24.4.4 (timed out). Number attempts: 1. Retry after 2 seconds.
2016-02-21 13:09:08,449 27733 WARNING  [tempest_lib.common.ssh] Failed to establish authenticated ssh connection to cirros@172.24.4.4 (timed out). Number attempts: 2. Retry after 3 seconds.
2016-02-21 13:10:12,000 27733 WARNING  [tempest_lib.common.ssh] Failed to establish authenticated ssh connection to cirros@172.24.4.4 (timed out). Number attempts: 3. Retry after 4 seconds.
2016-02-21 13:11:16,563 27733 ERROR    [tempest_lib.common.ssh] Failed to establish authenticated ssh connection to cirros@172.24.4.4 after 3 attempts
2016-02-21 13:11:16.563 27733 ERROR tempest_lib.common.ssh Traceback (most recent call last):
2016-02-21 13:11:16.563 27733 ERROR tempest_lib.common.ssh   File "/usr/local/lib/python2.7/dist-packages/tempest_lib/common/ssh.py", line 75, in _get_ssh_connection
2016-02-21 13:11:16.563 27733 ERROR tempest_lib.common.ssh     timeout=self.channel_timeout, pkey=self.pkey)
2016-02-21 13:11:16.563 27733 ERROR tempest_lib.common.ssh   File "/usr/local/lib/python2.7/dist-packages/paramiko/client.py", line 292, in connect
2016-02-21 13:11:16.563 27733 ERROR tempest_lib.common.ssh     retry_on_signal(lambda: sock.connect(addr))
2016-02-21 13:11:16.563 27733 ERROR tempest_lib.common.ssh   File "/usr/local/lib/python2.7/dist-packages/paramiko/util.py", line 270, in retry_on_signal
2016-02-21 13:11:16.563 27733 ERROR tempest_lib.common.ssh     return function()
2016-02-21 13:11:16.563 27733 ERROR tempest_lib.common.ssh   File "/usr/local/lib/python2.7/dist-packages/paramiko/client.py", line 292, in &lt;lambda&gt;
2016-02-21 13:11:16.563 27733 ERROR tempest_lib.common.ssh     retry_on_signal(lambda: sock.connect(addr))
2016-02-21 13:11:16.563 27733 ERROR tempest_lib.common.ssh   File "/usr/lib/python2.7/socket.py", line 224, in meth
2016-02-21 13:11:16.563 27733 ERROR tempest_lib.common.ssh     return getattr(self._sock,name)(*args)
2016-02-21 13:11:16.563 27733 ERROR tempest_lib.common.ssh timeout: timed out
2016-02-21 13:11:16.563 27733 ERROR tempest_lib.common.ssh 
2016-02-21 13:11:16,566 27733 ERROR    [tempest.scenario.manager] (TestGettingAddress:test_dhcp6_stateless_from_os) Initializing SSH connection to 172.24.4.4 failed. Error: Connection to the 172.24.4.4 via SSH timed out.
User: cirros, Password: None
2016-02-21 13:11:16.566 27733 ERROR tempest.scenario.manager Traceback (most recent call last):
2016-02-21 13:11:16.566 27733 ERROR tempest.scenario.manager   File "tempest/scenario/manager.py", line 377, in get_remote_client
2016-02-21 13:11:16.566 27733 ERROR tempest.scenario.manager     linux_client.validate_authentication()
2016-02-21 13:11:16.566 27733 ERROR tempest.scenario.manager   File "tempest/common/utils/linux/remote_client.py", line 51, in validate_authentication
2016-02-21 13:11:16.566 27733 ERROR tempest.scenario.manager     self.ssh_client.test_connection_auth()
2016-02-21 13:11:16.566 27733 ERROR tempest.scenario.manager   File "/usr/local/lib/python2.7/dist-packages/tempest_lib/common/ssh.py", line 173, in test_connection_auth
2016-02-21 13:11:16.566 27733 ERROR tempest.scenario.manager     connection = self._get_ssh_connection()
2016-02-21 13:11:16.566 27733 ERROR tempest.scenario.manager   File "/usr/local/lib/python2.7/dist-packages/tempest_lib/common/ssh.py", line 88, in _get_ssh_connection
2016-02-21 13:11:16.566 27733 ERROR tempest.scenario.manager     password=self.password)
2016-02-21 13:11:16.566 27733 ERROR tempest.scenario.manager SSHTimeout: Connection to the 172.24.4.4 via SSH timed out.
2016-02-21 13:11:16.566 27733 ERROR tempest.scenario.manager User: cirros, Password: None
2016-02-21 13:11:16.566 27733 ERROR tempest.scenario.manager 
2016-02-21 13:11:16,856 27733 INFO     [tempest_lib.common.rest_client] Request (TestGettingAddress:test_dhcp6_stateless_from_os): 200 GET http://10.4.1.3:8774/v2.1/99f0a414dc684e48889b4e9c2b4cd4f3/servers 0.287s
2016-02-21 13:11:16,857 27733 DEBUG    [tempest_lib.common.rest_client] Request - Headers: {'Content-Type': 'application/json', 'Accept': 'application/json', 'X-Auth-Token': '&lt;omitted&gt;'}
        Body: None
    Response - Headers: {'status': '200', 'content-length': '388', 'content-location': 'http://10.4.1.3:8774/v2.1/99f0a414dc684e48889b4e9c2b4cd4f3/servers', 'x-compute-request-id': 'req-2d4b81b0-7b2d-46b6-9183-54d6b12c5b3d', 'vary': 'X-OpenStack-Nova-API-Version', 'connection': 'close', 'x-openstack-nova-api-version': '2.1', 'date': 'Sun, 21 Feb 2016 13:11:16 GMT', 'content-type': 'application/json'}
        Body: {"servers": [{"id": "109e57a3-36ec-45e7-8336-f8662cfbe83e", "links": [{"href": "http://10.4.1.3:8774/v2.1/99f0a414dc684e48889b4e9c2b4cd4f3/servers/109e57a3-36ec-45e7-8336-f8662cfbe83e", "rel": "self"}, {"href": "http://10.4.1.3:8774/99f0a414dc684e48889b4e9c2b4cd4f3/servers/109e57a3-36ec-45e7-8336-f8662cfbe83e", "rel": "bookmark"}], "name": "tempest.common.compute-instance-476773147"}]}
2016-02-21 13:11:17,280 27733 INFO     [tempest_lib.common.rest_client] Request (TestGettingAddress:test_dhcp6_stateless_from_os): 200 POST http://10.4.1.3:8774/v2.1/99f0a414dc684e48889b4e9c2b4cd4f3/servers/109e57a3-36ec-45e7-8336-f8662cfbe83e/action 0.417s
2016-02-21 13:11:17,281 27733 DEBUG    [tempest_lib.common.rest_client] Request - Headers: {'Content-Type': 'application/json', 'Accept': 'application/json', 'X-Auth-Token': '&lt;omitted&gt;'}
        Body: {"os-getConsoleOutput": {}}
    Response - Headers: {'status': '200', 'content-length': '24713', 'x-compute-request-id': 'req-b6baf88f-025f-4f16-b3a9-126306116155', 'vary': 'X-OpenStack-Nova-API-Version', 'connection': 'close', 'x-openstack-nova-api-version': '2.1', 'date': 'Sun, 21 Feb 2016 13:11:17 GMT', 'content-type': 'application/json'}
        Body: {"output": "[    0.000000] Initializing cgroup subsys cpuset\n[    0.000000] Initializing cgroup subsys cpu\n[    0.000000] Linux version 3.2.0-80-virtual (buildd@batsu) (gcc version 4.6.3 (Ubuntu/Linaro 4.6.3-1ubuntu5) ) #116-Ubuntu SMP Mon Mar 23 17:28:52 UTC 2015 (Ubuntu 3.2.0-80.116-virtual 3.2.68)\n[    0.000000] Command line: root=/dev/vda console=tty0 console=ttyS0 no_timer_check\n[    0.000000] KERNEL supported cpus:\n[    0.000000]   Intel GenuineIntel\n[    0.000000]   AMD AuthenticAMD\n[    0.000000]   Centaur CentaurHauls\n[    0.000000] BIOS-provided physical RAM map:\n[    0.000000]  BIOS-e820: 0000000000000000 - 000000000009fc00 (usable)\n[    0.000000]  BIOS-e820: 000000000009fc00 - 00000000000a0000 (reserved)\n[    0.000000]  BIOS-e820: 00000000000f0000 - 0000000000100000 (reserved)\n[    0.000000]  BIOS-e820: 0000000000100000 - 0000000003ffe000 (usable)\n[    0.000000]  BIOS-e820: 0000000003ffe000 - 0000000004000000 (reserved)\n[    0.000000]  BIOS-e820: 00000000fffc0000 - 0000000100000000 (reserved)\n[    0.000000] NX (Execute Disable) protection: active\n[    0.000000] SMBIOS 2.4 present.\n[    0.000000] No AGP bridge found\n[    0.000000] last_pfn = 0x3ffe max_arch_pfn = 0x400000000\n[    0.000000] x86 PAT enabled: cpu 0, old 0x7040600070406, new 0x7010600070106\n[    0.000000] found SMP MP-table at [ffff8800000f0b00] f0b00\n[    0.000000] init_memory_mapping: 0000000000000000-0000000003ffe000\n[    0.000000] RAMDISK: 03c5e000 - 03ff0000\n[    0.000000] ACPI: RSDP 00000000000f0950 00014 (v00 BOCHS )\n[    0.000000] ACPI: RSDT 0000000003fffbc1 00034 (v01 BOCHS  BXPCRSDT 00000001 BXPC 00000001)\n[    0.000000] ACPI: FACP 0000000003fff1c0 00074 (v01 BOCHS  BXPCFACP 00000001 BXPC 00000001)\n[    0.000000] ACPI: DSDT 0000000003ffe040 01180 (v01 BOCHS  BXPCDSDT 00000001 BXPC 00000001)\n[    0.000000] ACPI: FACS 0000000003ffe000 00040\n[    0.000000] ACPI: SSDT 0000000003fff234 008DD (v01 BOCHS  BXPCSSDT 00000001 BXPC 00000001)\n[    0.000000] ACPI: APIC 0000000003fffb11 00078 (v01 BOCHS  BXPCAPIC 00000001 BXPC 00000001)\n[    0.000000] ACPI: HPET 0000000003fffb89 00038 (v01 BOCHS  BXPCHPET 00000001 BXPC 00000001)\n[    0.000000] No NUMA configuration found\n[    0.000000] Faking a node at 0000000000000000-0000000003ffe000\n[    0.000000] Initmem setup node 0 0000000000000000-0000000003ffe000\n[    0.000000]   NODE_DATA [0000000003ff6000 - 0000000003ffafff]\n[    0.000000] Zone PFN ranges:\n[    0.000000]   DMA      0x00000010 -&gt; 0x00001000\n[    0.000000]   DMA32    0x00001000 -&gt; 0x00100000\n[    0.000000]   Normal   empty\n[    0.000000] Movable zone start PFN for each node\n[    0.000000] early_node_map[2] active PFN ranges\n[    0.000000]     0: 0x00000010 -&gt; 0x0000009f\n[    0.000000]     0: 0x00000100 -&gt; 0x00003ffe\n[    0.000000] ACPI: PM-Timer IO Port: 0xb008\n[    0.000000] ACPI: LAPIC (acpi_id[0x00] lapic_id[0x00] enabled)\n[    0.000000] ACPI: LAPIC_NMI (acpi_id[0xff] dfl dfl lint[0x1])\n[    0.000000] ACPI: IOAPIC (id[0x00] address[0xfec00000] gsi_base[0])\n[    0.000000] IOAPIC[0]: apic_id 0, version 17, address 0xfec00000, GSI 0-23\n[    0.000000] ACPI: INT_SRC_OVR (bus 0 bus_irq 0 global_irq 2 dfl dfl)\n[    0.000000] ACPI: INT_SRC_OVR (bus 0 bus_irq 5 global_irq 5 high level)\n[    0.000000] ACPI: INT_SRC_OVR (bus 0 bus_irq 9 global_irq 9 high level)\n[    0.000000] ACPI: INT_SRC_OVR (bus 0 bus_irq 10 global_irq 10 high level)\n[    0.000000] ACPI: INT_SRC_OVR (bus 0 bus_irq 11 global_irq 11 high level)\n[    0.000000] Using ACPI (MADT) for SMP configuration information\n[    0.000000] ACPI: HPET id: 0x8086a201 base: 0xfed00000\n[    0.000000] SMP: Allowing 1 CPUs, 0 hotplug CPUs\n[    0.000000] PM: Registered nosave memory: 000000000009f000 - 00000000000a0000\n[    0.000000] PM: Registered nosave memory: 00000000000a0000 - 00000000000f0000\n[    0.000000] PM: Registered nosave memory: 00000000000f0000 - 0000000000100000\n[    0.000000] Allocating PCI resources starting at 4000000 (gap: 4000000:fbfc0000)\n[    0.000000] Booting paravirtualized kernel on bare hardware\n[    0.000000] setup_pe
2016-02-21 13:11:17,284 27733 DEBUG    [tempest.scenario.manager] Console output for 109e57a3-36ec-45e7-8336-f8662cfbe83e
body=
[    0.000000] Initializing cgroup subsys cpuset
[    0.000000] Initializing cgroup subsys cpu
[    0.000000] Linux version 3.2.0-80-virtual (buildd@batsu) (gcc version 4.6.3 (Ubuntu/Linaro 4.6.3-1ubuntu5) ) #116-Ubuntu SMP Mon Mar 23 17:28:52 UTC 2015 (Ubuntu 3.2.0-80.116-virtual 3.2.68)
[    0.000000] Command line: root=/dev/vda console=tty0 console=ttyS0 no_timer_check
[    0.000000] KERNEL supported cpus:
[    0.000000]   Intel GenuineIntel
[    0.000000]   AMD AuthenticAMD
[    0.000000]   Centaur CentaurHauls
[    0.000000] BIOS-provided physical RAM map:
[    0.000000]  BIOS-e820: 0000000000000000 - 000000000009fc00 (usable)
[    0.000000]  BIOS-e820: 000000000009fc00 - 00000000000a0000 (reserved)
[    0.000000]  BIOS-e820: 00000000000f0000 - 0000000000100000 (reserved)
[    0.000000]  BIOS-e820: 0000000000100000 - 0000000003ffe000 (usable)
[    0.000000]  BIOS-e820: 0000000003ffe000 - 0000000004000000 (reserved)
[    0.000000]  BIOS-e820: 00000000fffc0000 - 0000000100000000 (reserved)
[    0.000000] NX (Execute Disable) protection: active
[    0.000000] SMBIOS 2.4 present.
[    0.000000] No AGP bridge found
[    0.000000] last_pfn = 0x3ffe max_arch_pfn = 0x400000000
[    0.000000] x86 PAT enabled: cpu 0, old 0x7040600070406, new 0x7010600070106
[    0.000000] found SMP MP-table at [ffff8800000f0b00] f0b00
[    0.000000] init_memory_mapping: 0000000000000000-0000000003ffe000
[    0.000000] RAMDISK: 03c5e000 - 03ff0000
[    0.000000] ACPI: RSDP 00000000000f0950 00014 (v00 BOCHS )
[    0.000000] ACPI: RSDT 0000000003fffbc1 00034 (v01 BOCHS  BXPCRSDT 00000001 BXPC 00000001)
[    0.000000] ACPI: FACP 0000000003fff1c0 00074 (v01 BOCHS  BXPCFACP 00000001 BXPC 00000001)
[    0.000000] ACPI: DSDT 0000000003ffe040 01180 (v01 BOCHS  BXPCDSDT 00000001 BXPC 00000001)
[    0.000000] ACPI: FACS 0000000003ffe000 00040
[    0.000000] ACPI: SSDT 0000000003fff234 008DD (v01 BOCHS  BXPCSSDT 00000001 BXPC 00000001)
[    0.000000] ACPI: APIC 0000000003fffb11 00078 (v01 BOCHS  BXPCAPIC 00000001 BXPC 00000001)
[    0.000000] ACPI: HPET 0000000003fffb89 00038 (v01 BOCHS  BXPCHPET 00000001 BXPC 00000001)
[    0.000000] No NUMA configuration found
[    0.000000] Faking a node at 0000000000000000-0000000003ffe000
[    0.000000] Initmem setup node 0 0000000000000000-0000000003ffe000
[    0.000000]   NODE_DATA [0000000003ff6000 - 0000000003ffafff]
[    0.000000] Zone PFN ranges:
[    0.000000]   DMA      0x00000010 -&gt; 0x00001000
[    0.000000]   DMA32    0x00001000 -&gt; 0x00100000
[    0.000000]   Normal   empty
[    0.000000] Movable zone start PFN for each node
[    0.000000] early_node_map[2] active PFN ranges
[    0.000000]     0: 0x00000010 -&gt; 0x0000009f
[    0.000000]     0: 0x00000100 -&gt; 0x00003ffe
[    0.000000] ACPI: PM-Timer IO Port: 0xb008
[    0.000000] ACPI: LAPIC (acpi_id[0x00] lapic_id[0x00] enabled)
[    0.000000] ACPI: LAPIC_NMI (acpi_id[0xff] dfl dfl lint[0x1])
[    0.000000] ACPI: IOAPIC (id[0x00] address[0xfec00000] gsi_base[0])
[    0.000000] IOAPIC[0]: apic_id 0, version 17, address 0xfec00000, GSI 0-23
[    0.000000] ACPI: INT_SRC_OVR (bus 0 bus_irq 0 global_irq 2 dfl dfl)
[    0.000000] ACPI: INT_SRC_OVR (bus 0 bus_irq 5 global_irq 5 high level)
[    0.000000] ACPI: INT_SRC_OVR (bus 0 bus_irq 9 global_irq 9 high level)
[    0.000000] ACPI: INT_SRC_OVR (bus 0 bus_irq 10 global_irq 10 high level)
[    0.000000] ACPI: INT_SRC_OVR (bus 0 bus_irq 11 global_irq 11 high level)
[    0.000000] Using ACPI (MADT) for SMP configuration information
[    0.000000] ACPI: HPET id: 0x8086a201 base: 0xfed00000
[    0.000000] SMP: Allowing 1 CPUs, 0 hotplug CPUs
[    0.000000] PM: Registered nosave memory: 000000000009f000 - 00000000000a0000
[    0.000000] PM: Registered nosave memory: 00000000000a0000 - 00000000000f0000
[    0.000000] PM: Registered nosave memory: 00000000000f0000 - 0000000000100000
[    0.000000] Allocating PCI resources starting at 4000000 (gap: 4000000:fbfc0000)
[    0.000000] Booting paravirtualized kernel on bare hardware
[    0.000000] setup_percpu: NR_CPUS:64 nr_cpumask_bits:64 nr_cpu_ids:1 nr_node_ids:1
[    0.000000] PERCPU: Embedded 27 pages/cpu @ffff880003a00000 s78848 r8192 d23552 u2097152
[    0.000000] Built 1 zonelists in Node order, mobility grouping on.  Total pages: 16008
[    0.000000] Policy zone: DMA32
[    0.000000] Kernel command line: root=/dev/vda console=tty0 console=ttyS0 no_timer_check
[    0.000000] PID hash table entries: 256 (order: -1, 2048 bytes)
[    0.000000] Checking aperture...
[    0.000000] No AGP bridge found
[    0.000000] Memory: 43492k/65528k available (6576k kernel code, 452k absent, 21584k reserved, 6620k data, 928k init)
[    0.000000] SLUB: Genslabs=15, HWalign=64, Order=0-3, MinObjects=0, CPUs=1, Nodes=1
[    0.000000] Hierarchical RCU implementation.
[    0.000000] 	RCU dyntick-idle grace-period acceleration is enabled.
[    0.000000] NR_IRQS:4352 nr_irqs:256 16
[    0.000000] Console: colour VGA+ 80x25
[    0.000000] console [tty0] enabled
[    0.000000] console [ttyS0] enabled
[    0.000000] allocated 1048576 bytes of page_cgroup
[    0.000000] please try 'cgroup_disable=memory' option if you don't want memory cgroups
[    0.000000] Fast TSC calibration failed
[    0.000000] TSC: Unable to calibrate against PIT
[    0.000000] TSC: using HPET reference calibration
[    0.000000] Detected 2292.042 MHz processor.
[    0.033857] Calibrating delay loop (skipped), value calculated using timer frequency.. 4584.08 BogoMIPS (lpj=9168168)
[    0.036002] pid_max: default: 32768 minimum: 301
[    0.044824] Security Framework initialized
[    0.048002] AppArmor: AppArmor initialized
[    0.048290] Yama: becoming mindful.
[    0.056950] Dentry cache hash table entries: 8192 (order: 4, 65536 bytes)
[    0.058890] Inode-cache hash table entries: 4096 (order: 3, 32768 bytes)
[    0.061055] Mount-cache hash table entries: 256
[    0.078951] Initializing cgroup subsys cpuacct
[    0.080332] Initializing cgroup subsys memory
[    0.081822] Initializing cgroup subsys devices
[    0.084185] Initializing cgroup subsys freezer
[    0.085025] Initializing cgroup subsys blkio
[    0.085960] Initializing cgroup subsys perf_event
[    0.092383] mce: CPU supports 10 MCE banks
[    0.096786] SMP alternatives: switching to UP code
[    0.445738] Freeing SMP alternatives: 24k freed
[    0.448795] ACPI: Core revision 20110623
[    0.495150] ftrace: allocating 26610 entries in 105 pages
[    0.527512] ..TIMER: vector=0x30 apic1=0 pin1=2 apic2=-1 pin2=-1
[    0.528137] CPU0: AMD QEMU Virtual CPU version 2.0.0 stepping 03
[    0.532032] Performance Events: Broken PMU hardware detected, using software events only.
[    0.540982] NMI watchdog disabled (cpu0): hardware events not enabled
[    0.542380] Brought up 1 CPUs
[    0.542876] Total of 1 processors activated (4584.08 BogoMIPS).
[    0.568971] devtmpfs: initialized
[    0.599159] EVM: security.selinux
[    0.600078] EVM: security.SMACK64
[    0.600547] EVM: security.capability
[    0.622826] print_constraints: dummy: 
[    0.624502] RTC time: 13:07:05, date: 02/21/16
[    0.628412] NET: Registered protocol family 16
[    0.637318] ACPI: bus type pci registered
[    0.640651] PCI: Using configuration type 1 for base access
[    0.672609] bio: create slab &lt;bio-0&gt; at 0
[    0.678150] ACPI: Added _OSI(Module Device)
[    0.678907] ACPI: Added _OSI(Processor Device)
[    0.680101] ACPI: Added _OSI(3.0 _SCP Extensions)
[    0.680858] ACPI: Added _OSI(Processor Aggregator Device)
[    0.754891] ACPI: Interpreter enabled
[    0.756176] ACPI: (supports S0 S3 S4 S5)
[    0.757954] ACPI: Using IOAPIC for interrupt routing
[    0.833265] ACPI: No dock devices found.
[    0.834469] HEST: Table not found.
[    0.836274] PCI: Using host bridge windows from ACPI; if necessary, use "pci=nocrs" and report a bug
[    0.843081] ACPI: PCI Root Bridge [PCI0] (domain 0000 [bus 00-ff])
[    0.850337] pci_root PNP0A03:00: host bridge window [io  0x0000-0x0cf7]
[    0.851348] pci_root PNP0A03:00: host bridge window [io  0x0d00-0xadff]
[    0.852116] pci_root PNP0A03:00: host bridge window [io  0xae0f-0xaeff]
[    0.852922] pci_root PNP0A03:00: host bridge window [io  0xaf20-0xafdf]
[    0.853732] pci_root PNP0A03:00: host bridge window [io  0xafe4-0xffff]
[    0.854687] pci_root PNP0A03:00: host bridge window [mem 0x000a0000-0x000bffff]
[    0.856114] pci_root PNP0A03:00: host bridge window [mem 0x04000000-0xfebfffff]
[    0.881503] pci 0000:00:01.3: quirk: [io  0xb000-0xb03f] claimed by PIIX4 ACPI
[    0.884362] pci 0000:00:01.3: quirk: [io  0xb100-0xb10f] claimed by PIIX4 SMB
[    0.963325]  pci0000:00: Unable to request _OSC control (_OSC support mask: 0x1e)
[    1.018147] ACPI: PCI Interrupt Link [LNKA] (IRQs 5 *10 11)
[    1.020799] ACPI: PCI Interrupt Link [LNKB] (IRQs 5 *10 11)
[    1.022070] ACPI: PCI Interrupt Link [LNKC] (IRQs 5 10 *11)
[    1.024214] ACPI: PCI Interrupt Link [LNKD] (IRQs 5 10 *11)
[    1.025481] ACPI: PCI Interrupt Link [LNKS] (IRQs *9)
[    1.031424] vgaarb: device added: PCI:0000:00:02.0,decodes=io+mem,owns=io+mem,locks=none
[    1.032200] vgaarb: loaded
[    1.032574] vgaarb: bridge control possible 0000:00:02.0
[    1.037152] i2c-core: driver [aat2870] using legacy suspend method
[    1.037879] i2c-core: driver [aat2870] using legacy resume method
[    1.041057] SCSI subsystem initialized
[    1.044602] usbcore: registered new interface driver usbfs
[    1.045690] usbcore: registered new interface driver hub
[    1.046944] usbcore: registered new device driver usb
[    1.050769] PCI: Using ACPI for IRQ routing
[    1.062317] NetLabel: Initializing
[    1.062811] NetLabel:  domain hash size = 128
[    1.063299] NetLabel:  protocols = UNLABELED CIPSOv4
[    1.065464] NetLabel:  unlabeled traffic allowed by default
[    1.068421] HPET: 3 timers in total, 0 timers will be used for per-cpu timer
[    1.069515] hpet0: at MMIO 0xfed00000, IRQs 2, 8, 0
[    1.070413] hpet0: 3 comparators, 64-bit 100.000000 MHz counter
[    1.082518] Switching to clocksource hpet
[    1.327328] AppArmor: AppArmor Filesystem Enabled
[    1.329284] pnp: PnP ACPI init
[    1.329941] ACPI: bus type pnp registered
[    1.350773] pnp: PnP ACPI: found 9 devices
[    1.351614] ACPI: ACPI bus type pnp unregistered
[    1.430644] NET: Registered protocol family 2
[    1.467091] IP route cache hash table entries: 512 (order: 0, 4096 bytes)
[    1.477176] TCP established hash table entries: 2048 (order: 3, 32768 bytes)
[    1.478768] TCP bind hash table entries: 2048 (order: 3, 32768 bytes)
[    1.479818] TCP: Hash tables configured (established 2048 bind 2048)
[    1.481493] TCP reno registered
[    1.482033] UDP hash table entries: 128 (order: 0, 4096 bytes)
[    1.483108] UDP-Lite hash table entries: 128 (order: 0, 4096 bytes)
[    1.488038] NET: Registered protocol family 1
[    1.490536] pci 0000:00:00.0: Limiting direct PCI/PCI transfers
[    1.491966] pci 0000:00:01.0: PIIX3: Enabling Passive Release
[    1.495017] pci 0000:00:01.0: Activating ISA DMA hang workarounds
[    1.499769] ACPI: PCI Interrupt Link [LNKD] enabled at IRQ 11
[    1.501725] pci 0000:00:01.2: PCI INT D -&gt; Link[LNKD] -&gt; GSI 11 (level, high) -&gt; IRQ 11
[    1.503787] pci 0000:00:01.2: PCI INT D disabled
[    1.522467] Trying to unpack rootfs image as initramfs...
[    1.539991] audit: initializing netlink socket (disabled)
[    1.542338] type=2000 audit(1456060025.540:1): initialized
[    1.818410] HugeTLB registered 2 MB page size, pre-allocated 0 pages
[    1.895563] VFS: Disk quotas dquot_6.5.2
[    1.897200] Dquot-cache hash table entries: 512 (order 0, 4096 bytes)
[    1.914898] fuse init (API version 7.17)
[    1.917963] msgmni has been set to 84
[    1.957921] Block layer SCSI generic (bsg) driver version 0.4 loaded (major 253)
[    1.959439] io scheduler noop registered
[    1.959982] io scheduler deadline registered (default)
[    1.962320] io scheduler cfq registered
[    1.966110] pci_hotplug: PCI Hot Plug PCI Core version: 0.5
[    1.967950] pciehp: PCI Express Hot Plug Controller Driver version: 0.4
[    1.974272] input: Power Button as /devices/LNXSYSTM:00/LNXPWRBN:00/input/input0
[    1.975930] ACPI: Power Button [PWRF]
[    2.029106] ERST: Table is not found!
[    2.029630] GHES: HEST is not enabled!
[    2.038912] ACPI: PCI Interrupt Link [LNKC] enabled at IRQ 10
[    2.039669] virtio-pci 0000:00:03.0: PCI INT A -&gt; Link[LNKC] -&gt; GSI 10 (level, high) -&gt; IRQ 10
[    2.043527] virtio-pci 0000:00:04.0: PCI INT A -&gt; Link[LNKD] -&gt; GSI 11 (level, high) -&gt; IRQ 11
[    2.059248] ACPI: PCI Interrupt Link [LNKA] enabled at IRQ 10
[    2.059981] virtio-pci 0000:00:05.0: PCI INT A -&gt; Link[LNKA] -&gt; GSI 10 (level, high) -&gt; IRQ 10
[    2.075554] Serial: 8250/16550 driver, 32 ports, IRQ sharing enabled
[    2.118065] serial8250: ttyS0 at I/O 0x3f8 (irq = 4) is a 16550A
[    2.197828] serial8250: ttyS1 at I/O 0x2f8 (irq = 3) is a 16550A
[    2.318454] 00:05: ttyS0 at I/O 0x3f8 (irq = 4) is a 16550A
[    2.394911] 00:06: ttyS1 at I/O 0x2f8 (irq = 3) is a 16550A
[    2.442805] Linux agpgart interface v0.103
[    2.506354] brd: module loaded
[    2.509263] Refined TSC clocksource calibration: 2292.289 MHz.
[    2.509997] Switching to clocksource tsc
[    2.539777] loop: module loaded
[    2.586415]  vda: unknown partition table
[    2.641501] scsi0 : ata_piix
[    2.645197] scsi1 : ata_piix
[    2.646504] ata1: PATA max MWDMA2 cmd 0x1f0 ctl 0x3f6 bmdma 0xc0a0 irq 14
[    2.647434] ata2: PATA max MWDMA2 cmd 0x170 ctl 0x376 bmdma 0xc0a8 irq 15
[    2.658191] Fixed MDIO Bus: probed
[    2.658915] tun: Universal TUN/TAP device driver, 1.6
[    2.659627] tun: (C) 1999-2004 Max Krasnyansky &lt;maxk@qualcomm.com&gt;
[    2.675116] PPP generic driver version 2.4.2
[    2.703155] ehci_hcd: USB 2.0 'Enhanced' Host Controller (EHCI) Driver
[    2.704407] ohci_hcd: USB 1.1 'Open' Host Controller (OHCI) Driver
[    2.706358] uhci_hcd: USB Universal Host Controller Interface driver
[    2.707557] uhci_hcd 0000:00:01.2: PCI INT D -&gt; Link[LNKD] -&gt; GSI 11 (level, high) -&gt; IRQ 11
[    2.711945] uhci_hcd 0000:00:01.2: UHCI Host Controller
[    2.721502] uhci_hcd 0000:00:01.2: new USB bus registered, assigned bus number 1
[    2.723343] uhci_hcd 0000:00:01.2: irq 11, io base 0x0000c040
[    2.765719] hub 1-0:1.0: USB hub found
[    2.769755] hub 1-0:1.0: 2 ports detected
[    2.788708] usbcore: registered new interface driver libusual
[    2.788708] i8042: PNP: PS/2 Controller [PNP0303:KBD,PNP0f13:MOU] at 0x60,0x64 irq 1,12
[    2.802066] serio: i8042 KBD port at 0x60,0x64 irq 1
[    2.804277] serio: i8042 AUX port at 0x60,0x64 irq 12
[    2.865171] ata2.01: ATAPI: QEMU DVD-ROM, 2.0.0, max UDMA/100
[    2.888022] mousedev: PS/2 mouse device common for all mice
[    2.898634] ata2.01: configured for MWDMA2
[    2.909359] input: AT Translated Set 2 keyboard as /devices/platform/i8042/serio0/input/input1
[    2.925093] rtc_cmos 00:01: RTC can wake from S4
[    2.938048] rtc_cmos 00:01: rtc core: registered rtc_cmos as rtc0
[    2.942009] rtc0: alarms up to one day, 114 bytes nvram, hpet irqs
[    2.950237] device-mapper: uevent: version 1.0.3
[    2.961586] scsi 1:0:1:0: CD-ROM            QEMU     QEMU DVD-ROM     2.0. PQ: 0 ANSI: 5
[    2.996161] device-mapper: ioctl: 4.22.0-ioctl (2011-10-19) initialised: dm-devel@redhat.com
[    2.999183] cpuidle: using governor ladder
[    2.999607] cpuidle: using governor menu
[    3.000111] EFI Variables Facility v0.08 2004-May-17
[    3.007266] TCP cubic registered
[    3.011180] NET: Registered protocol family 10
[    3.037118] NET: Registered protocol family 17
[    3.038352] Registering the dns_resolver key type
[    3.043886] sr0: scsi3-mmc drive: 4x/4x cd/rw xa/form2 tray
[    3.046239] cdrom: Uniform CD-ROM driver Revision: 3.20
[    3.060396] sr 1:0:1:0: Attached scsi generic sg0 type 5
[    3.109344] registered taskstats version 1
[    3.184335] Freeing initrd memory: 3656k freed
[    3.626579]   Magic number: 4:994:129
[    3.633416] acpi device:04: hash matches
[    3.640010] rtc_cmos 00:01: setting system clock to 2016-02-21 13:07:08 UTC (1456060028)
[    3.643752] powernow-k8: Processor cpuid 663 not supported
[    3.650814] BIOS EDD facility v0.16 2004-Jun-25, 0 devices found
[    3.652089] EDD information not available.
[    3.728539] Freeing unused kernel memory: 928k freed
[    3.735456] Write protecting the kernel read-only data: 12288k
[    3.834729] Freeing unused kernel memory: 1596k freed
[    3.901731] Freeing unused kernel memory: 1184k freed

info: initramfs: up at 4.11
modprobe: module virtio_blk not found in modules.dep
modprobe: module virtio_net not found in modules.dep
info: copying initramfs to /dev/vda
info: initramfs loading root from /dev/vda
info: /etc/init.d/rc.sysinit: up at 8.73
info: container: none
Starting logging: OK
modprobe: module virtio_blk not found in modules.dep
modprobe: module virtio_net not found in modules.dep
WARN: /etc/rc3.d/S10-load-modules failed
Initializing random number generator... done.
Starting acpid: OK
cirros-ds 'local' up at 11.16
found datasource (configdrive, local)
Starting network...
udhcpc (v1.20.1) started
Sending discover...
Sending discover...
Sending discover...
Usage: /sbin/cirros-dhcpc &lt;up|down&gt;
No lease, failing
WARN: /etc/rc3.d/S40-network failed
Starting dropbear sshd: generating rsa key... generating dsa key... OK
no userdata for datasource
=== system information ===
Platform: OpenStack Foundation OpenStack Nova
Container: none
Arch: x86_64
CPU(s): 1 @ 2292.042 MHz
Cores/Sockets/Threads: 1/1/1
Virt-type: AMD-V
RAM Size: 49MB
Disks:
NAME MAJ:MIN     SIZE LABEL         MOUNTPOINT
vda  253:0   25165824 cirros-rootfs /
sr0   11:0     432128 config-2      
=== sshd host keys ===
-----BEGIN SSH HOST KEY KEYS-----
ssh-rsa AAAAB3NzaC1yc2EAAAADAQABAAAAgwDBr+seV840d7GJ0OEGQ0D01xuzfK+F+vrPSGPohj3FprJwMMDK17jqxZth1ZcmJ85JpP/erQA6pmmQ9FayEWE3ta/XgHv4HKKHcSz2PEUkFR0I8PZxd36ofBfXJImYYpdhnhHBdyK5mh8KZPf/h5OHMfX3S9t6D+lWmjk2P6/KNEJV root@tempest
ssh-dss AAAAB3NzaC1kc3MAAACBAPUh2n9Gh3EQlmu/s1uOqKk0KaPZFwnM4a30ThsoihfqwRPiFlC2TfYj6jhUlXV8rSJ1K9orrZ+FSExgbP2d4tauDyNf6aMDG2u99W319LkL4ReYMoQA4uxWz7om8k1dUiLg/iMecs7g1XzPOn3fIhfV2tfak4coybwO8HMmOVGxAAAAFQDSwhzS/fdcQNg5uaDrGZ/hdeTbAwAAAIEArxdAaEOBUGTKcofpO0R3l1ls4oxM7N2BKVGrXJUT2kBxh4emQLqh98aQQTKJN/Bc7oQ7RClgOeSXZUoZtb8GEUWAtQzPnoXIBVhtVo0yD+oYe8LmoSbB6mSUUpinbTG/DLUXh4y8GN6/t2W8Go0L3Tz/deXrcyT39IVLtTbgwjUAAACBANLLhPegQsQ/HH0luauwFQCzb+o6ixE41y1no1o7o3gneIqbqiP2nWAEGwhOiX6uH18/+owtZFVOxxG6ALlAmRUK8dwoWHqIY8Sr07/6++2bufAJlsBRYC+yY9RQWc2komDiZpVA0zoa6QiAal1wRIOb0l6Guj1E4YCFsIFmelkL root@tempest
-----END SSH HOST KEY KEYS-----
=== network info ===
if-info: lo,up,127.0.0.1,8,::1
if-info: eth0,up,,8,fe80::f816:3eff:fe02:f119
=== datasource: configdrive local ===
instance-id: 109e57a3-36ec-45e7-8336-f8662cfbe83e
name: tempest.common.compute-instance-476773147
availability-zone: nova
local-hostname: tempest.common.compute-instance-476773147.novalocal
launch-index: 0
=== cirros: current=0.3.4 uptime=202.73 ===
route: fscanf
=== pinging gateway failed, debugging connection ===
############ debug start ##############
### /etc/init.d/sshd start
Starting dropbear sshd: OK
route: fscanf
### ifconfig -a
eth0      Link encap:Ethernet  HWaddr FA:16:3E:02:F1:19  
          inet6 addr: fe80::f816:3eff:fe02:f119/64 Scope:Link
          UP BROADCAST RUNNING MULTICAST  MTU:1500  Metric:1
          RX packets:13 errors:0 dropped:5 overruns:0 frame:0
          TX packets:8 errors:0 dropped:0 overruns:0 carrier:0
          collisions:0 txqueuelen:1000 
          RX bytes:1213 (1.1 KiB)  TX bytes:1134 (1.1 KiB)

lo        Link encap:Local Loopback  
          inet addr:127.0.0.1  Mask:255.0.0.0
          inet6 addr: ::1/128 Scope:Host
          UP LOOPBACK RUNNING  MTU:16436  Metric:1
          RX packets:12 errors:0 dropped:0 overruns:0 frame:0
          TX packets:12 errors:0 dropped:0 overruns:0 carrier:0
          collisions:0 txqueuelen:0 
          RX bytes:1020 (1020.0 B)  TX bytes:1020 (1020.0 B)

### route -n
Kernel IP routing table
Destination     Gateway         Genmask         Flags Metric Ref    Use Iface
route: fscanf
### cat /etc/resolv.conf
cat: can't open '/etc/resolv.conf': No such file or directory
### gateway not found
/sbin/cirros-status: line 1: can't open /etc/resolv.conf: no such file
### pinging nameservers
### uname -a
Linux tempest 3.2.0-80-virtual #116-Ubuntu SMP Mon Mar 23 17:28:52 UTC 2015 x86_64 GNU/Linux
### lsmod
Module                  Size  Used by    Not tainted
nls_iso8859_1          12713  0 
nls_cp437              16991  0 
vfat                   17585  0 
fat                    61512  1 vfat
isofs                  40259  0 
ip_tables              27473  0 
x_tables               29891  1 ip_tables
pcnet32                42119  0 
8139cp                 27360  0 
ne2k_pci               13691  0 
8390                   18856  1 ne2k_pci
e1000                 108589  0 
acpiphp                24231  0 
### dmesg | tail
[    4.900110] EXT3-fs (vda): mounted filesystem with ordered data mode
[    5.198969] ISO 9660 Extensions: Microsoft Joliet Level 3
[    5.269132] ISO 9660 Extensions: RRIP_1991A
[    5.509718] kjournald starting.  Commit interval 5 seconds
[    5.524795] EXT3-fs (vda): using internal journal
[    5.524940] EXT3-fs (vda): mounted filesystem with ordered data mode
[    8.787469] EXT3-fs (vda): using internal journal
[   11.981843] ISO 9660 Extensions: Microsoft Joliet Level 3
[   12.069600] ISO 9660 Extensions: RRIP_1991A
[   27.189047] eth0: no IPv6 routers present
### tail -n 25 /var/log/messages
Feb 21 13:07:15 cirros kern.info kernel: [    4.382103] acpiphp: Slot [26] registered
Feb 21 13:07:15 cirros kern.info kernel: [    4.382420] acpiphp: Slot [27] registered
Feb 21 13:07:15 cirros kern.info kernel: [    4.382735] acpiphp: Slot [28] registered
Feb 21 13:07:15 cirros kern.info kernel: [    4.383177] acpiphp: Slot [29] registered
Feb 21 13:07:15 cirros kern.info kernel: [    4.383689] acpiphp: Slot [30] registered
Feb 21 13:07:15 cirros kern.info kernel: [    4.384008] acpiphp: Slot [31] registered
Feb 21 13:07:15 cirros kern.info kernel: [    4.430761] e1000: Intel(R) PRO/1000 Network Driver - version 7.3.21-k8-NAPI
Feb 21 13:07:15 cirros kern.info kernel: [    4.430810] e1000: Copyright (c) 1999-2006 Intel Corporation.
Feb 21 13:07:15 cirros kern.info kernel: [    4.481636] ne2k-pci.c:v1.03 9/22/2003 D. Becker/P. Gortmaker
Feb 21 13:07:15 cirros kern.info kernel: [    4.519351] 8139cp: 8139cp: 10/100 PCI Ethernet driver v1.3 (Mar 22, 2004)
Feb 21 13:07:15 cirros kern.info kernel: [    4.559306] pcnet32: pcnet32.c:v1.35 21.Apr.2008 tsbogend@alpha.franken.de
Feb 21 13:07:15 cirros kern.info kernel: [    4.603855] ip_tables: (C) 2000-2006 Netfilter Core Team
Feb 21 13:07:15 cirros kern.info kernel: [    4.892468] kjournald starting.  Commit interval 5 seconds
Feb 21 13:07:15 cirros kern.info kernel: [    4.900110] EXT3-fs (vda): mounted filesystem with ordered data mode
Feb 21 13:07:15 cirros kern.debug kernel: [    5.198969] ISO 9660 Extensions: Microsoft Joliet Level 3
Feb 21 13:07:15 cirros kern.debug kernel: [    5.269132] ISO 9660 Extensions: RRIP_1991A
Feb 21 13:07:15 cirros kern.info kernel: [    5.509718] kjournald starting.  Commit interval 5 seconds
Feb 21 13:07:15 cirros kern.info kernel: [    5.524795] EXT3-fs (vda): using internal journal
Feb 21 13:07:15 cirros kern.info kernel: [    5.524940] EXT3-fs (vda): mounted filesystem with ordered data mode
Feb 21 13:07:15 cirros kern.info kernel: [    8.787469] EXT3-fs (vda): using internal journal
Feb 21 13:07:16 cirros kern.debug kernel: [   11.981843] ISO 9660 Extensions: Microsoft Joliet Level 3
Feb 21 13:07:16 cirros kern.debug kernel: [   12.069600] ISO 9660 Extensions: RRIP_1991A
Feb 21 13:07:19 cirros auth.notice su: + /dev/console root:cirros
Feb 21 13:07:32 cirros kern.debug kernel: [   27.189047] eth0: no IPv6 routers present
Feb 21 13:10:25 cirros authpriv.info dropbear[283]: Running in background
############ debug end   ##############
  ____               ____  ____
 / __/ __ ____ ____ / __ \/ __/
/ /__ / // __// __// /_/ /\ \ 
\___//_//_/  /_/   \____/___/ 
   http://cirros-cloud.net


login as 'cirros' user. default password: 'cubswin:)'. use 'sudo' for root.
tempest login: 
2016-02-21 13:11:17,746 27733 INFO     [tempest_lib.common.rest_client] Request (TestGettingAddress:_run_cleanups): 204 DELETE http://10.4.1.3:9696/v2.0/floatingips/3a2bdd53-ee30-430a-8e5d-152777a7f987 0.458s
2016-02-21 13:11:17,747 27733 DEBUG    [tempest_lib.common.rest_client] Request - Headers: {'Content-Type': 'application/json', 'Accept': 'application/json', 'X-Auth-Token': '&lt;omitted&gt;'}
        Body: None
    Response - Headers: {'date': 'Sun, 21 Feb 2016 13:11:17 GMT', 'status': '204', 'connection': 'close', 'content-length': '0', 'x-openstack-request-id': 'req-d0655d6a-bf6e-4690-8161-4d7a7ed2797b'}
        Body: 
2016-02-21 13:11:18,294 27733 INFO     [tempest_lib.common.rest_client] Request (TestGettingAddress:_run_cleanups): 204 DELETE http://10.4.1.3:8774/v2.1/99f0a414dc684e48889b4e9c2b4cd4f3/servers/109e57a3-36ec-45e7-8336-f8662cfbe83e 0.546s
2016-02-21 13:11:18,295 27733 DEBUG    [tempest_lib.common.rest_client] Request - Headers: {'Content-Type': 'application/json', 'Accept': 'application/json', 'X-Auth-Token': '&lt;omitted&gt;'}
        Body: None
    Response - Headers: {'status': '204', 'content-length': '0', 'x-compute-request-id': 'req-47017329-14fb-4eef-8b61-8a1218155b72', 'vary': 'X-OpenStack-Nova-API-Version', 'connection': 'close', 'x-openstack-nova-api-version': '2.1', 'date': 'Sun, 21 Feb 2016 13:11:18 GMT', 'content-type': 'application/json'}
        Body: 
2016-02-21 13:11:19,033 27733 INFO     [tempest_lib.common.rest_client] Request (TestGettingAddress:_run_cleanups): 200 GET http://10.4.1.3:8774/v2.1/99f0a414dc684e48889b4e9c2b4cd4f3/servers/109e57a3-36ec-45e7-8336-f8662cfbe83e 0.737s
2016-02-21 13:11:19,033 27733 DEBUG    [tempest_lib.common.rest_client] Request - Headers: {'Content-Type': 'application/json', 'Accept': 'application/json', 'X-Auth-Token': '&lt;omitted&gt;'}
        Body: None
    Response - Headers: {'status': '200', 'content-length': '1899', 'content-location': 'http://10.4.1.3:8774/v2.1/99f0a414dc684e48889b4e9c2b4cd4f3/servers/109e57a3-36ec-45e7-8336-f8662cfbe83e', 'x-compute-request-id': 'req-b68f3d13-0531-46aa-9ba8-8eb2782f2b21', 'vary': 'X-OpenStack-Nova-API-Version', 'connection': 'close', 'x-openstack-nova-api-version': '2.1', 'date': 'Sun, 21 Feb 2016 13:11:19 GMT', 'content-type': 'application/json'}
        Body: {"server": {"status": "ACTIVE", "updated": "2016-02-21T13:11:18Z", "hostId": "02cfc9371e7307ba9256a19e3b1ba0fc9f7f5c7b31c208e5dc1f8f22", "addresses": {"tempest-network-smoke--396318868": [{"OS-EXT-IPS-MAC:mac_addr": "fa:16:3e:02:f1:19", "version": 6, "addr": "2003::f816:3eff:fe02:f119", "OS-EXT-IPS:type": "fixed"}, {"OS-EXT-IPS-MAC:mac_addr": "fa:16:3e:02:f1:19", "version": 4, "addr": "10.100.0.3", "OS-EXT-IPS:type": "fixed"}, {"OS-EXT-IPS-MAC:mac_addr": "fa:16:3e:02:f1:19", "version": 4, "addr": "172.24.4.4", "OS-EXT-IPS:type": "floating"}]}, "links": [{"href": "http://10.4.1.3:8774/v2.1/99f0a414dc684e48889b4e9c2b4cd4f3/servers/109e57a3-36ec-45e7-8336-f8662cfbe83e", "rel": "self"}, {"href": "http://10.4.1.3:8774/99f0a414dc684e48889b4e9c2b4cd4f3/servers/109e57a3-36ec-45e7-8336-f8662cfbe83e", "rel": "bookmark"}], "key_name": "tempest-TestGettingAddress-1895510051", "image": {"id": "0490c353-6fbc-4068-8b29-380380d4a24c", "links": [{"href": "http://10.4.1.3:8774/99f0a414dc684e48889b4e9c2b4cd4f3/images/0490c353-6fbc-4068-8b29-380380d4a24c", "rel": "bookmark"}]}, "OS-EXT-STS:task_state": "deleting", "OS-EXT-STS:vm_state": "active", "OS-SRV-USG:launched_at": "2016-02-21T13:07:01.000000", "flavor": {"id": "42", "links": [{"href": "http://10.4.1.3:8774/99f0a414dc684e48889b4e9c2b4cd4f3/flavors/42", "rel": "bookmark"}]}, "id": "109e57a3-36ec-45e7-8336-f8662cfbe83e", "security_groups": [{"name": "tempest-secgroup-smoke-1984485468"}], "OS-SRV-USG:terminated_at": null, "OS-EXT-AZ:availability_zone": "nova", "user_id": "3714574ffe574198b49e3c6e3fb275d4", "name": "tempest.common.compute-instance-476773147", "created": "2016-02-21T13:06:56Z", "tenant_id": "99f0a414dc684e48889b4e9c2b4cd4f3", "OS-DCF:diskConfig": "MANUAL", "os-extended-volumes:volumes_attached": [], "accessIPv4": "", "accessIPv6": "", "progress": 0, "OS-EXT-STS:power_state": 1, "config_drive": "True", "metadata": {}}}
2016-02-21 13:11:20,595 27733 INFO     [tempest_lib.common.rest_client] Request (TestGettingAddress:_run_cleanups): 200 GET http://10.4.1.3:8774/v2.1/99f0a414dc684e48889b4e9c2b4cd4f3/servers/109e57a3-36ec-45e7-8336-f8662cfbe83e 0.550s
2016-02-21 13:11:20,596 27733 DEBUG    [tempest_lib.common.rest_client] Request - Headers: {'Content-Type': 'application/json', 'Accept': 'application/json', 'X-Auth-Token': '&lt;omitted&gt;'}
        Body: None
    Response - Headers: {'status': '200', 'content-length': '1440', 'content-location': 'http://10.4.1.3:8774/v2.1/99f0a414dc684e48889b4e9c2b4cd4f3/servers/109e57a3-36ec-45e7-8336-f8662cfbe83e', 'x-compute-request-id': 'req-f8409d1b-7d6b-4d2e-9989-adb150182df8', 'vary': 'X-OpenStack-Nova-API-Version', 'connection': 'close', 'x-openstack-nova-api-version': '2.1', 'date': 'Sun, 21 Feb 2016 13:11:20 GMT', 'content-type': 'application/json'}
        Body: {"server": {"status": "DELETED", "updated": "2016-02-21T13:11:20Z", "hostId": "02cfc9371e7307ba9256a19e3b1ba0fc9f7f5c7b31c208e5dc1f8f22", "addresses": {}, "links": [{"href": "http://10.4.1.3:8774/v2.1/99f0a414dc684e48889b4e9c2b4cd4f3/servers/109e57a3-36ec-45e7-8336-f8662cfbe83e", "rel": "self"}, {"href": "http://10.4.1.3:8774/99f0a414dc684e48889b4e9c2b4cd4f3/servers/109e57a3-36ec-45e7-8336-f8662cfbe83e", "rel": "bookmark"}], "key_name": "tempest-TestGettingAddress-1895510051", "image": {"id": "0490c353-6fbc-4068-8b29-380380d4a24c", "links": [{"href": "http://10.4.1.3:8774/99f0a414dc684e48889b4e9c2b4cd4f3/images/0490c353-6fbc-4068-8b29-380380d4a24c", "rel": "bookmark"}]}, "OS-EXT-STS:task_state": null, "OS-EXT-STS:vm_state": "deleted", "OS-SRV-USG:launched_at": "2016-02-21T13:07:01.000000", "flavor": {"id": "42", "links": [{"href": "http://10.4.1.3:8774/99f0a414dc684e48889b4e9c2b4cd4f3/flavors/42", "rel": "bookmark"}]}, "id": "109e57a3-36ec-45e7-8336-f8662cfbe83e", "OS-SRV-USG:terminated_at": "2016-02-21T13:11:20.000000", "OS-EXT-AZ:availability_zone": "nova", "user_id": "3714574ffe574198b49e3c6e3fb275d4", "name": "tempest.common.compute-instance-476773147", "created": "2016-02-21T13:06:56Z", "tenant_id": "99f0a414dc684e48889b4e9c2b4cd4f3", "OS-DCF:diskConfig": "MANUAL", "os-extended-volumes:volumes_attached": [], "accessIPv4": "", "accessIPv6": "", "OS-EXT-STS:power_state": 0, "config_drive": "True", "metadata": {}}}
2016-02-21 13:11:21,899 27733 INFO     [tempest_lib.common.rest_client] Request (TestGettingAddress:_run_cleanups): 404 GET http://10.4.1.3:8774/v2.1/99f0a414dc684e48889b4e9c2b4cd4f3/servers/109e57a3-36ec-45e7-8336-f8662cfbe83e 0.292s
2016-02-21 13:11:21,899 27733 DEBUG    [tempest_lib.common.rest_client] Request - Headers: {'Content-Type': 'application/json', 'Accept': 'application/json', 'X-Auth-Token': '&lt;omitted&gt;'}
        Body: None
    Response - Headers: {'status': '404', 'content-length': '111', 'x-compute-request-id': 'req-463574f5-7437-4736-9af5-13006c813bd9', 'vary': 'X-OpenStack-Nova-API-Version', 'connection': 'close', 'x-openstack-nova-api-version': '2.1', 'date': 'Sun, 21 Feb 2016 13:11:21 GMT', 'content-type': 'application/json; charset=UTF-8'}
        Body: {"itemNotFound": {"message": "Instance 109e57a3-36ec-45e7-8336-f8662cfbe83e could not be found.", "code": 404}}
2016-02-21 13:11:22,575 27733 INFO     [tempest_lib.common.rest_client] Request (TestGettingAddress:_run_cleanups): 500 PUT http://10.4.1.3:9696/v2.0/routers/df2eef19-0c31-4eb5-87b5-42c5f0f22469/remove_router_interface 0.674s
2016-02-21 13:11:22,577 27733 DEBUG    [tempest_lib.common.rest_client] Request - Headers: {'Content-Type': 'application/json', 'Accept': 'application/json', 'X-Auth-Token': '&lt;omitted&gt;'}
        Body: {"subnet_id": "ab5d27f9-29d6-4ecc-bc21-ae60634276cd"}
    Response - Headers: {'status': '500', 'content-length': '150', 'connection': 'close', 'date': 'Sun, 21 Feb 2016 13:11:22 GMT', 'content-type': 'application/json; charset=UTF-8', 'x-openstack-request-id': 'req-9b787408-3d8f-4b09-ae35-79a7ce16edd0'}
        Body: {"NeutronError": {"message": "Request Failed: internal server error while processing your request.", "type": "HTTPInternalServerError", "detail": ""}}
2016-02-21 13:11:23,168 27733 INFO     [tempest_lib.common.rest_client] Request (TestGettingAddress:_run_cleanups): 404 PUT http://10.4.1.3:9696/v2.0/routers/df2eef19-0c31-4eb5-87b5-42c5f0f22469/remove_router_interface 0.588s
2016-02-21 13:11:23,170 27733 DEBUG    [tempest_lib.common.rest_client] Request - Headers: {'Content-Type': 'application/json', 'Accept': 'application/json', 'X-Auth-Token': '&lt;omitted&gt;'}
        Body: {"subnet_id": "ab5d27f9-29d6-4ecc-bc21-ae60634276cd"}
    Response - Headers: {'status': '404', 'content-length': '198', 'connection': 'close', 'date': 'Sun, 21 Feb 2016 13:11:23 GMT', 'content-type': 'application/json; charset=UTF-8', 'x-openstack-request-id': 'req-97a51231-e5cd-4bb8-9be3-40f317449626'}
        Body: {"NeutronError": {"message": "Router df2eef19-0c31-4eb5-87b5-42c5f0f22469 has no interface on subnet ab5d27f9-29d6-4ecc-bc21-ae60634276cd", "type": "RouterInterfaceNotFoundForSubnet", "detail": ""}}
2016-02-21 13:11:23,799 27733 INFO     [tempest_lib.common.rest_client] Request (TestGettingAddress:_run_cleanups): 500 PUT http://10.4.1.3:9696/v2.0/routers/df2eef19-0c31-4eb5-87b5-42c5f0f22469/remove_router_interface 0.627s
2016-02-21 13:11:23,799 27733 DEBUG    [tempest_lib.common.rest_client] Request - Headers: {'Content-Type': 'application/json', 'Accept': 'application/json', 'X-Auth-Token': '&lt;omitted&gt;'}
        Body: {"subnet_id": "53e750fe-94a8-438b-bade-31a2aa2235f8"}
    Response - Headers: {'status': '500', 'content-length': '150', 'connection': 'close', 'date': 'Sun, 21 Feb 2016 13:11:23 GMT', 'content-type': 'application/json; charset=UTF-8', 'x-openstack-request-id': 'req-4aa55ec7-e1d3-4183-8478-fd79b04e0ff0'}
        Body: {"NeutronError": {"message": "Request Failed: internal server error while processing your request.", "type": "HTTPInternalServerError", "detail": ""}}
2016-02-21 13:11:24,049 27733 INFO     [tempest_lib.common.rest_client] Request (TestGettingAddress:_run_cleanups): 200 GET http://10.4.1.3:9696/v2.0/routers/df2eef19-0c31-4eb5-87b5-42c5f0f22469 0.248s
2016-02-21 13:11:24,049 27733 DEBUG    [tempest_lib.common.rest_client] Request - Headers: {'Content-Type': 'application/json', 'Accept': 'application/json', 'X-Auth-Token': '&lt;omitted&gt;'}
        Body: None
    Response - Headers: {'status': '200', 'content-length': '500', 'content-location': 'http://10.4.1.3:9696/v2.0/routers/df2eef19-0c31-4eb5-87b5-42c5f0f22469', 'connection': 'close', 'date': 'Sun, 21 Feb 2016 13:11:24 GMT', 'content-type': 'application/json; charset=UTF-8', 'x-openstack-request-id': 'req-c2668980-78eb-49f5-91cc-f8d12e876ec2'}
