<?xml version="1.0" encoding="UTF-8"?>
<!DOCTYPE html PUBLIC "-//W3C//DTD XHTML 1.0 Strict//EN"
     "http://www.w3.org/TR/xhtml1/DTD/xhtml1-strict.dtd">
<html xmlns="http://www.w3.org/1999/xhtml">
<head>
    <title>Unit Test Report</title>
    <meta name="generator" content="subunit2html 0.1"/>
    <meta http-equiv="Content-Type" content="text/html; charset=UTF-8"/>
    
<style type="text/css" media="screen">
body        { font-family: verdana, arial, helvetica, sans-serif;
    font-size: 80%; }
table       { font-size: 100%; width: 100%;}
pre         { font-size: 80%; }

/* -- heading -------------------------------------------------------------- */
h1 {
        font-size: 16pt;
        color: gray;
}
.heading {
    margin-top: 0ex;
    margin-bottom: 1ex;
}

.heading .attribute {
    margin-top: 1ex;
    margin-bottom: 0;
}

.heading .description {
    margin-top: 4ex;
    margin-bottom: 6ex;
}

/* -- css div popup -------------------------------------------------------- */
a.popup_link {
}

a.popup_link:hover {
    color: red;
}

.popup_window {
    display: none;
    overflow-x: scroll;
    /*border: solid #627173 1px; */
    padding: 10px;
    background-color: #E6E6D6;
    font-family: "Ubuntu Mono", "Lucida Console", "Courier New", monospace;
    text-align: left;
    font-size: 8pt;
}

}
/* -- report --------------------------------------------------------------- */
#show_detail_line {
    margin-top: 3ex;
    margin-bottom: 1ex;
}
#result_table {
    width: 100%;
    border-collapse: collapse;
    border: 1px solid #777;
}
#header_row {
    font-weight: bold;
    color: white;
    background-color: #777;
}
#result_table td {
    border: 1px solid #777;
    padding: 2px;
}
#total_row  { font-weight: bold; }
.passClass  { background-color: #6c6; }
.failClass  { background-color: #c60; }
.errorClass { background-color: #c00; }
.passCase   { color: #6c6; }
.failCase   { color: #c60; font-weight: bold; }
.errorCase  { color: #c00; font-weight: bold; }
.hiddenRow  { display: none; }
.testcase   { margin-left: 2em; }
td.testname {width: 40%}
td.small {width: 40px}

/* -- ending --------------------------------------------------------------- */
#ending {
}

</style>

</head>
<body>
<script language="javascript" type="text/javascript"><!--
output_list = Array();

/* level - 0:Summary; 1:Failed; 2:All */
function showCase(level) {
    trs = document.getElementsByTagName("tr");
    for (var i = 0; i < trs.length; i++) {
        tr = trs[i];
        id = tr.id;
        if (id.substr(0,2) == 'ft') {
            if (level < 1) {
                tr.className = 'hiddenRow';
            }
            else {
                tr.className = '';
            }
        }
        if (id.substr(0,2) == 'pt') {
            if (level > 1) {
                tr.className = '';
            }
            else {
                tr.className = 'hiddenRow';
            }
        }
    }
}


function showClassDetail(cid, count) {
    var id_list = Array(count);
    var toHide = 1;
    for (var i = 0; i < count; i++) {
        tid0 = 't' + cid.substr(1) + '.' + (i+1);
        tid = 'f' + tid0;
        tr = document.getElementById(tid);
        if (!tr) {
            tid = 'p' + tid0;
            tr = document.getElementById(tid);
        }
        id_list[i] = tid;
        if (tr.className) {
            toHide = 0;
        }
    }
    for (var i = 0; i < count; i++) {
        tid = id_list[i];
        if (toHide) {
            document.getElementById('div_'+tid).style.display = 'none'
            document.getElementById(tid).className = 'hiddenRow';
        }
        else {
            document.getElementById(tid).className = '';
        }
    }
}


function showTestDetail(div_id){
    var details_div = document.getElementById(div_id)
    var displayState = details_div.style.display
    // alert(displayState)
    if (displayState != 'block' ) {
        displayState = 'block'
        details_div.style.display = 'block'
    }
    else {
        details_div.style.display = 'none'
    }
}


function html_escape(s) {
    s = s.replace(/&/g,'&amp;');
    s = s.replace(/</g,'&lt;');
    s = s.replace(/>/g,'&gt;');
    return s;
}

/* obsoleted by detail in <div>
function showOutput(id, name) {
    var w = window.open("", //url
                    name,
                    "resizable,scrollbars,status,width=800,height=450");
    d = w.document;
    d.write("<pre>");
    d.write(html_escape(output_list[id]));
    d.write("\n");
    d.write("<a href='javascript:window.close()'>close</a>\n");
    d.write("</pre>\n");
    d.close();
}
*/
--></script>

<div class='heading'>
<h1>Unit Test Report</h1>

<p class='attribute'><strong>Status:</strong> Failure 8</p>

<p class='description'></p>
</div>



<p id='show_detail_line'>Show
<a href='javascript:showCase(0)'>Summary</a>
<a href='javascript:showCase(1)'>Failed</a>
<a href='javascript:showCase(2)'>All</a>
</p>
<table id='result_table'>
<colgroup>
<col align='left' />
<col align='right' />
<col align='right' />
<col align='right' />
<col align='right' />
<col align='right' />
<col align='right' />
<col align='right' />
</colgroup>
<tr id='header_row'>
    <td>Test Group/Test case</td>
    <td>Count</td>
    <td>Pass</td>
    <td>Fail</td>
    <td>Error</td>
    <td>Skip</td>
    <td>View</td>
    <td> </td>
</tr>

<tr class='failClass'>
    <td class="testname">tempest.scenario.test_network_v6.TestGettingAddress</td>
    <td class="small">8</td>
    <td class="small">0</td>
    <td class="small">8</td>
    <td class="small">0</td>
    <td class="small">0</td>
    <td class="small"><a href="javascript:showClassDetail('c1',8)"
>Detail</a></td>
    <td> </td>
</tr>

<tr id='ft1.1' class='none'>
    <td class='failCase'><div class='testcase'>test_dhcp6_stateless_from_os[compute,id-d7e1f858-187c-45a6-89c9-bdafde619a9f,network,slow]</div></td>
    <td colspan='7' align='left'>

    <!--css div popup start-->
    <a class="popup_link" onfocus='this.blur();'
    href="javascript:showTestDetail('div_ft1.1')" >
        fail</a>

    <div id='div_ft1.1' class="popup_window">
        <div style='text-align: right; color:red;cursor:pointer'>
        <a onfocus='this.blur();'
onclick="document.getElementById('div_ft1.1').style.display = 'none' " >
           [x]</a>
        </div>
        <pre>
        
ft1.1: tempest.scenario.test_network_v6.TestGettingAddress.test_dhcp6_stateless_from_os[compute,id-d7e1f858-187c-45a6-89c9-bdafde619a9f,network,slow]_StringException: Empty attachments:
  stderr
  stdout

pythonlogging:'': {{{
2016-02-17 02:58:56,927 27265 INFO     [tempest_lib.common.rest_client] Request (TestGettingAddress:setUp): 200 POST http://10.4.1.3:8774/v2.1/76182f19c7b345679bed051254cfb6f4/os-keypairs 0.493s
2016-02-17 02:58:56,927 27265 DEBUG    [tempest_lib.common.rest_client] Request - Headers: {'Content-Type': 'application/json', 'Accept': 'application/json', 'X-Auth-Token': '&lt;omitted&gt;'}
        Body: {"keypair": {"name": "tempest-TestGettingAddress-1810650088"}}
    Response - Headers: {'status': '200', 'content-length': '2320', 'x-compute-request-id': 'req-ea18eaf7-e16f-433d-ab7b-043975460dcd', 'vary': 'X-OpenStack-Nova-API-Version', 'connection': 'close', 'x-openstack-nova-api-version': '2.1', 'date': 'Wed, 17 Feb 2016 02:58:56 GMT', 'content-type': 'application/json'}
        Body: {"keypair": {"public_key": "ssh-rsa AAAAB3NzaC1yc2EAAAADAQABAAABAQCelL5rEKGciUgH+7rKaOXPqa7A6DlRWtThWfz8xt4vY/wLnicCp+MfccMengaxwjr5EuDv4OoqxPhrza19t3P95oirZ5xY1AxZ8fGr5R3U3JLVyTNdCqEmZPDSUEjJ1QBOqTH9zvH5Mws1t4FZe/s0R71Gn6Hiz3esb52rj3NcvGQdng8pqpIfSFSZn7GaEKnkDdVA+5a2Gv6tJBdmxUC/BB99Qx+uikQg5U2Xiksd4/re9vO6L1QbDNv65wOnsjggqF28ow7ReXFH9UXYtDgQqpwKtRx5n57DHSqmxRZswhR24ufeHmDNfAvDmfWxpZnoe6k1jPr3c5t52i2oNKMf Generated-by-Nova", "private_key": "-----BEGIN RSA PRIVATE KEY-----\nMIIEqQIBAAKCAQEAnpS+axChnIlIB/u6ymjlz6muwOg5UVrU4Vn8/MbeL2P8C54n\nAqfjH3HDHp4GscI6+RLg7+DqKsT4a82tfbdz/eaIq2ecWNQMWfHxq+Ud1NyS1ckz\nXQqhJmTw0lBIydUATqkx/c7x+TMLNbeBWXv7NEe9Rp+h4s93rG+dq49zXLxkHZ4P\nKaqSH0hUmZ+xmhCp5A3VQPuWthr+rSQXZsVAvwQffUMfropEIOVNl4pLHeP63vbz\nui9UGwzb+ucDp7I4IKhdvKMO0XlxR/VF2LQ4EKqcCrUceZ+ewx0qpsUWbMIUduLn\n3h5gzXwLw5n1saWZ6HupNYz693ObedotqDSjHwIDAQABAoIBACHADnbC52JlZUst\nrCeAA8kal/K+edRyvHPprwotWQRFB1OBqVPLX29Fyv0tLMeQSvTPq8fh2nSXzzdC\nYvYqoSkcc2Hnf0L4flh2QbUP4jV3bFjLpX7b0EhXm1lndNZf2tzi7ZzS+nTLBEu+\nbm0ZEfGigwoQ12dqOFIevzPQKAFIUU6QuUcpLgXw4ZNrw7tzwMo0BMQ2qThtWbpS\nhQNqxkInXn6vqZNikByYf2QKIPPoxlKJudhHm5CLeJYJNtGmC3ItJT9R05BfJEYH\nOvahaDWmyebowDdFZLhy4/o7h3LNJnyiDhaIkOZXe3Tr39WxuZC+ovpK2WoTlazq\nX99w3EECggCBAMWcDkd+krFFb9EA7cwqLYX1NOEWzVB5HEDuDBDn0LqfzT4r+S3u\nUlyWDSfMocnOvc+OzApllMptGiVz8xwibnSMzRv/AQSYAPhsHmWf+PKZSkEDZ3Ep\npqwEoPKQTmnfhuv6rehqeihZ7ZguiB8G80Ia4REdOr+AHNJiKgYxo5sHAoIAgQDN\ncGsmAmmkOdHqX2f7eeGYHShohi5SS46+MWW2EgKpkInBH7GaLv/4lxfyK++I6DBV\nPvzMqV84jXFVhH87PDNMflW5eRRxHNy+8vlvtv/c3c84o45wEM44dH1QACeAUBCg\nfKM30vWmFLJRlWAot3E8qt/nSxdbwIQWY9GwylH5KQKCAIBRQ37fyd57himYksA3\n8LRt3UvUsPLYACYtUXem0B4XUTYvNhgv2k0GhDJ+xnlWK24FWBzyvZl1sW5KLqew\nTzyLM4f51mFNyVDE2HmbozDWW1Gc8NBuSgmfvfuOJOgKRAERNDKmXHtF8s1xgtk5\noTsSWUlrJ1EMhZvUrMfJakp0qwKCAIEAtFIcenxbpZ5qtkGPz5engBD3yucb+XgA\njshk8m7Uj2kiwLTE+wSOAPD+P754vb6vzeM/mZSA0+6yr9Fgq+mnTVkGfYnde3tN\n9vzmHDyQUJkQrjJBb/QQTlVROMsp4OJl9bfwu6sbmu9HpXxrrtF1Pz7s0OOEWTCd\nv9lV0MuFMCECggCBALMbXbju8okValZwPLGqWjZ1fkGe1BiCkGf4tltriZE8HrkL\nf82H10xminC7pA1QEhZJxT0q4IaLLxHdsRuFQu+iAHOijTUeepw8I5wc4IA7jkMe\niPLJ9JituUrWyGCQ/WgicP6jzHl4s6a9szuNMICnOW79bdJ0E3wPvDhtItYb\n-----END RSA PRIVATE KEY-----\n", "user_id": "a4e2f224dc9847d486f5de5625fcdf13", "name": "tempest-TestGettingAddress-1810650088", "fingerprint": "d4:64:9c:a9:53:72:c6:08:a5:39:89:0a:65:92:cc:86"}}
2016-02-17 02:58:57,341 27265 INFO     [tempest_lib.common.rest_client] Request (TestGettingAddress:setUp): 201 POST http://10.4.1.3:9696/v2.0/security-groups 0.410s
2016-02-17 02:58:57,342 27265 DEBUG    [tempest_lib.common.rest_client] Request - Headers: {'Content-Type': 'application/json', 'Accept': 'application/json', 'X-Auth-Token': '&lt;omitted&gt;'}
        Body: {"security_group": {"tenant_id": "76182f19c7b345679bed051254cfb6f4", "description": "tempest-secgroup-smoke-910606330 description", "name": "tempest-secgroup-smoke-910606330"}}
    Response - Headers: {'status': '201', 'content-length': '886', 'connection': 'close', 'date': 'Wed, 17 Feb 2016 02:58:57 GMT', 'content-type': 'application/json; charset=UTF-8', 'x-openstack-request-id': 'req-2d35288d-8a6f-47cd-8f28-c2f1635f6a11'}
        Body: {"security_group": {"tenant_id": "76182f19c7b345679bed051254cfb6f4", "description": "tempest-secgroup-smoke-910606330 description", "id": "0ca6a031-0a0d-4f12-bba7-7c101292ebcb", "security_group_rules": [{"remote_group_id": null, "direction": "egress", "remote_ip_prefix": null, "protocol": null, "ethertype": "IPv4", "tenant_id": "76182f19c7b345679bed051254cfb6f4", "port_range_max": null, "port_range_min": null, "id": "882d62bf-4916-440f-89a7-110a4cbcccc6", "security_group_id": "0ca6a031-0a0d-4f12-bba7-7c101292ebcb"}, {"remote_group_id": null, "direction": "egress", "remote_ip_prefix": null, "protocol": null, "ethertype": "IPv6", "tenant_id": "76182f19c7b345679bed051254cfb6f4", "port_range_max": null, "port_range_min": null, "id": "c1af24a9-1278-4144-b7a0-81e52bef2cb1", "security_group_id": "0ca6a031-0a0d-4f12-bba7-7c101292ebcb"}], "name": "tempest-secgroup-smoke-910606330"}}
2016-02-17 02:58:57,647 27265 INFO     [tempest_lib.common.rest_client] Request (TestGettingAddress:setUp): 201 POST http://10.4.1.3:9696/v2.0/security-group-rules 0.303s
2016-02-17 02:58:57,647 27265 DEBUG    [tempest_lib.common.rest_client] Request - Headers: {'Content-Type': 'application/json', 'Accept': 'application/json', 'X-Auth-Token': '&lt;omitted&gt;'}
        Body: {"security_group_rule": {"direction": "ingress", "protocol": "tcp", "tenant_id": "76182f19c7b345679bed051254cfb6f4", "port_range_max": 22, "security_group_id": "0ca6a031-0a0d-4f12-bba7-7c101292ebcb", "port_range_min": 22}}
    Response - Headers: {'status': '201', 'content-length': '340', 'connection': 'close', 'date': 'Wed, 17 Feb 2016 02:58:57 GMT', 'content-type': 'application/json; charset=UTF-8', 'x-openstack-request-id': 'req-142470f9-f0c5-41a9-bb1b-6b0554dfa155'}
        Body: {"security_group_rule": {"remote_group_id": null, "direction": "ingress", "remote_ip_prefix": null, "protocol": "tcp", "ethertype": "IPv4", "tenant_id": "76182f19c7b345679bed051254cfb6f4", "port_range_max": 22, "port_range_min": 22, "id": "4ae2f1fa-1f97-4dea-95a5-56bbacdfa637", "security_group_id": "0ca6a031-0a0d-4f12-bba7-7c101292ebcb"}}
2016-02-17 02:58:57,942 27265 INFO     [tempest_lib.common.rest_client] Request (TestGettingAddress:setUp): 201 POST http://10.4.1.3:9696/v2.0/security-group-rules 0.292s
2016-02-17 02:58:57,942 27265 DEBUG    [tempest_lib.common.rest_client] Request - Headers: {'Content-Type': 'application/json', 'Accept': 'application/json', 'X-Auth-Token': '&lt;omitted&gt;'}
        Body: {"security_group_rule": {"direction": "egress", "protocol": "tcp", "tenant_id": "76182f19c7b345679bed051254cfb6f4", "port_range_max": 22, "security_group_id": "0ca6a031-0a0d-4f12-bba7-7c101292ebcb", "port_range_min": 22}}
    Response - Headers: {'status': '201', 'content-length': '339', 'connection': 'close', 'date': 'Wed, 17 Feb 2016 02:58:57 GMT', 'content-type': 'application/json; charset=UTF-8', 'x-openstack-request-id': 'req-18c2757e-06d9-4219-b4a0-ec83666cef31'}
        Body: {"security_group_rule": {"remote_group_id": null, "direction": "egress", "remote_ip_prefix": null, "protocol": "tcp", "ethertype": "IPv4", "tenant_id": "76182f19c7b345679bed051254cfb6f4", "port_range_max": 22, "port_range_min": 22, "id": "7e63139a-1bcf-4fce-b19f-fd8bbb01b45f", "security_group_id": "0ca6a031-0a0d-4f12-bba7-7c101292ebcb"}}
2016-02-17 02:58:58,253 27265 INFO     [tempest_lib.common.rest_client] Request (TestGettingAddress:setUp): 201 POST http://10.4.1.3:9696/v2.0/security-group-rules 0.309s
2016-02-17 02:58:58,253 27265 DEBUG    [tempest_lib.common.rest_client] Request - Headers: {'Content-Type': 'application/json', 'Accept': 'application/json', 'X-Auth-Token': '&lt;omitted&gt;'}
        Body: {"security_group_rule": {"tenant_id": "76182f19c7b345679bed051254cfb6f4", "direction": "ingress", "protocol": "icmp", "security_group_id": "0ca6a031-0a0d-4f12-bba7-7c101292ebcb"}}
    Response - Headers: {'status': '201', 'content-length': '345', 'connection': 'close', 'date': 'Wed, 17 Feb 2016 02:58:58 GMT', 'content-type': 'application/json; charset=UTF-8', 'x-openstack-request-id': 'req-ea9c591d-7e1d-4c8f-a26e-1cba4e4f02c0'}
        Body: {"security_group_rule": {"remote_group_id": null, "direction": "ingress", "remote_ip_prefix": null, "protocol": "icmp", "ethertype": "IPv4", "tenant_id": "76182f19c7b345679bed051254cfb6f4", "port_range_max": null, "port_range_min": null, "id": "a39c47b6-010b-4f23-87c8-accef78b866d", "security_group_id": "0ca6a031-0a0d-4f12-bba7-7c101292ebcb"}}
2016-02-17 02:58:58,515 27265 INFO     [tempest_lib.common.rest_client] Request (TestGettingAddress:setUp): 201 POST http://10.4.1.3:9696/v2.0/security-group-rules 0.261s
2016-02-17 02:58:58,517 27265 DEBUG    [tempest_lib.common.rest_client] Request - Headers: {'Content-Type': 'application/json', 'Accept': 'application/json', 'X-Auth-Token': '&lt;omitted&gt;'}
        Body: {"security_group_rule": {"tenant_id": "76182f19c7b345679bed051254cfb6f4", "direction": "egress", "protocol": "icmp", "security_group_id": "0ca6a031-0a0d-4f12-bba7-7c101292ebcb"}}
    Response - Headers: {'status': '201', 'content-length': '344', 'connection': 'close', 'date': 'Wed, 17 Feb 2016 02:58:58 GMT', 'content-type': 'application/json; charset=UTF-8', 'x-openstack-request-id': 'req-74d34354-f49f-4379-a85b-8a0adb7dae98'}
        Body: {"security_group_rule": {"remote_group_id": null, "direction": "egress", "remote_ip_prefix": null, "protocol": "icmp", "ethertype": "IPv4", "tenant_id": "76182f19c7b345679bed051254cfb6f4", "port_range_max": null, "port_range_min": null, "id": "c5373b77-f01e-4c36-9cc0-dea477d4f2e0", "security_group_id": "0ca6a031-0a0d-4f12-bba7-7c101292ebcb"}}
2016-02-17 02:58:58,831 27265 INFO     [tempest_lib.common.rest_client] Request (TestGettingAddress:setUp): 201 POST http://10.4.1.3:9696/v2.0/security-group-rules 0.313s
2016-02-17 02:58:58,832 27265 DEBUG    [tempest_lib.common.rest_client] Request - Headers: {'Content-Type': 'application/json', 'Accept': 'application/json', 'X-Auth-Token': '&lt;omitted&gt;'}
        Body: {"security_group_rule": {"tenant_id": "76182f19c7b345679bed051254cfb6f4", "direction": "ingress", "security_group_id": "0ca6a031-0a0d-4f12-bba7-7c101292ebcb", "protocol": "icmp", "ethertype": "IPv6"}}
    Response - Headers: {'status': '201', 'content-length': '345', 'connection': 'close', 'date': 'Wed, 17 Feb 2016 02:58:58 GMT', 'content-type': 'application/json; charset=UTF-8', 'x-openstack-request-id': 'req-96c6b5b5-5164-403d-8387-6e437cfafa9f'}
        Body: {"security_group_rule": {"remote_group_id": null, "direction": "ingress", "remote_ip_prefix": null, "protocol": "icmp", "ethertype": "IPv6", "tenant_id": "76182f19c7b345679bed051254cfb6f4", "port_range_max": null, "port_range_min": null, "id": "2c5ffd51-250b-4bce-8669-32b7e8f9f73e", "security_group_id": "0ca6a031-0a0d-4f12-bba7-7c101292ebcb"}}
2016-02-17 02:58:59,153 27265 INFO     [tempest_lib.common.rest_client] Request (TestGettingAddress:setUp): 201 POST http://10.4.1.3:9696/v2.0/security-group-rules 0.320s
2016-02-17 02:58:59,154 27265 DEBUG    [tempest_lib.common.rest_client] Request - Headers: {'Content-Type': 'application/json', 'Accept': 'application/json', 'X-Auth-Token': '&lt;omitted&gt;'}
        Body: {"security_group_rule": {"tenant_id": "76182f19c7b345679bed051254cfb6f4", "direction": "egress", "security_group_id": "0ca6a031-0a0d-4f12-bba7-7c101292ebcb", "protocol": "icmp", "ethertype": "IPv6"}}
    Response - Headers: {'status': '201', 'content-length': '344', 'connection': 'close', 'date': 'Wed, 17 Feb 2016 02:58:59 GMT', 'content-type': 'application/json; charset=UTF-8', 'x-openstack-request-id': 'req-5e029cae-8791-4e1a-9fd5-00660c26f946'}
        Body: {"security_group_rule": {"remote_group_id": null, "direction": "egress", "remote_ip_prefix": null, "protocol": "icmp", "ethertype": "IPv6", "tenant_id": "76182f19c7b345679bed051254cfb6f4", "port_range_max": null, "port_range_min": null, "id": "9970bc4e-705e-4511-84d6-ffef3b355f56", "security_group_id": "0ca6a031-0a0d-4f12-bba7-7c101292ebcb"}}
2016-02-17 02:58:59,694 27265 INFO     [tempest_lib.common.rest_client] Request (TestGettingAddress:test_dhcp6_stateless_from_os): 201 POST http://10.4.1.3:9696/v2.0/networks 0.539s
2016-02-17 02:58:59,695 27265 DEBUG    [tempest_lib.common.rest_client] Request - Headers: {'Content-Type': 'application/json', 'Accept': 'application/json', 'X-Auth-Token': '&lt;omitted&gt;'}
        Body: {"network": {"tenant_id": "76182f19c7b345679bed051254cfb6f4", "name": "tempest-network-smoke--1943618368"}}
    Response - Headers: {'status': '201', 'content-length': '356', 'connection': 'close', 'date': 'Wed, 17 Feb 2016 02:58:59 GMT', 'content-type': 'application/json; charset=UTF-8', 'x-openstack-request-id': 'req-4c04db0f-8fc8-481c-8754-b9bd32486b71'}
        Body: {"network": {"status": "ACTIVE", "subnets": [], "availability_zone_hints": [], "availability_zones": [], "name": "tempest-network-smoke--1943618368", "admin_state_up": true, "tenant_id": "76182f19c7b345679bed051254cfb6f4", "mtu": 1450, "router:external": false, "shared": false, "port_security_enabled": true, "id": "e59c5150-df32-4d92-8594-7270ba8381c1"}}
2016-02-17 02:59:00,023 27265 INFO     [tempest_lib.common.rest_client] Request (TestGettingAddress:test_dhcp6_stateless_from_os): 200 GET http://10.4.1.3:9696/v2.0/subnets?tenant_id=76182f19c7b345679bed051254cfb6f4&amp;cidr=10.100.0.0%2F28 0.326s
2016-02-17 02:59:00,024 27265 DEBUG    [tempest_lib.common.rest_client] Request - Headers: {'Content-Type': 'application/json', 'Accept': 'application/json', 'X-Auth-Token': '&lt;omitted&gt;'}
        Body: None
    Response - Headers: {'status': '200', 'content-length': '15', 'content-location': 'http://10.4.1.3:9696/v2.0/subnets?tenant_id=76182f19c7b345679bed051254cfb6f4&amp;cidr=10.100.0.0%2F28', 'connection': 'close', 'date': 'Wed, 17 Feb 2016 02:59:00 GMT', 'content-type': 'application/json; charset=UTF-8', 'x-openstack-request-id': 'req-d10e237b-b879-4951-9558-0f7dfa1ea4e2'}
        Body: {"subnets": []}
2016-02-17 02:59:00,571 27265 INFO     [tempest_lib.common.rest_client] Request (TestGettingAddress:test_dhcp6_stateless_from_os): 201 POST http://10.4.1.3:9696/v2.0/subnets 0.546s
2016-02-17 02:59:00,572 27265 DEBUG    [tempest_lib.common.rest_client] Request - Headers: {'Content-Type': 'application/json', 'Accept': 'application/json', 'X-Auth-Token': '&lt;omitted&gt;'}
        Body: {"subnet": {"ip_version": 4, "tenant_id": "76182f19c7b345679bed051254cfb6f4", "cidr": "10.100.0.0/28", "network_id": "e59c5150-df32-4d92-8594-7270ba8381c1", "name": "tempest-sub4-1647053697"}}
    Response - Headers: {'status': '201', 'content-length': '470', 'connection': 'close', 'date': 'Wed, 17 Feb 2016 02:59:00 GMT', 'content-type': 'application/json; charset=UTF-8', 'x-openstack-request-id': 'req-5470d688-04d1-4a0f-9b77-92840bd88325'}
        Body: {"subnet": {"name": "tempest-sub4-1647053697", "enable_dhcp": true, "network_id": "e59c5150-df32-4d92-8594-7270ba8381c1", "tenant_id": "76182f19c7b345679bed051254cfb6f4", "dns_nameservers": [], "gateway_ip": "10.100.0.1", "ipv6_ra_mode": null, "allocation_pools": [{"start": "10.100.0.2", "end": "10.100.0.14"}], "host_routes": [], "ip_version": 4, "ipv6_address_mode": null, "cidr": "10.100.0.0/28", "id": "f6998354-b25a-47a8-82d1-d6ac0e2268a1", "subnetpool_id": null}}
2016-02-17 02:59:00,790 27265 INFO     [tempest_lib.common.rest_client] Request (TestGettingAddress:test_dhcp6_stateless_from_os): 201 POST http://10.4.1.3:9696/v2.0/routers 0.216s
2016-02-17 02:59:00,790 27265 DEBUG    [tempest_lib.common.rest_client] Request - Headers: {'Content-Type': 'application/json', 'Accept': 'application/json', 'X-Auth-Token': '&lt;omitted&gt;'}
        Body: {"router": {"tenant_id": "76182f19c7b345679bed051254cfb6f4", "name": "tempest-router-smoke-1700087438", "admin_state_up": true}}
    Response - Headers: {'status': '201', 'content-length': '239', 'connection': 'close', 'date': 'Wed, 17 Feb 2016 02:59:00 GMT', 'content-type': 'application/json; charset=UTF-8', 'x-openstack-request-id': 'req-82dbadda-232f-4677-8d23-fc52689e1b5c'}
        Body: {"router": {"status": "ACTIVE", "external_gateway_info": null, "name": "tempest-router-smoke-1700087438", "admin_state_up": true, "tenant_id": "76182f19c7b345679bed051254cfb6f4", "routes": [], "id": "ebc04256-d119-4ecd-892d-a59d124c0dfa"}}
2016-02-17 02:59:01,003 27265 INFO     [tempest_lib.common.rest_client] Request (TestGettingAddress:test_dhcp6_stateless_from_os): 200 GET http://10.4.1.3:9696/v2.0/routers/ebc04256-d119-4ecd-892d-a59d124c0dfa 0.212s
2016-02-17 02:59:01,003 27265 DEBUG    [tempest_lib.common.rest_client] Request - Headers: {'Content-Type': 'application/json', 'Accept': 'application/json', 'X-Auth-Token': '&lt;omitted&gt;'}
        Body: None
    Response - Headers: {'status': '200', 'content-length': '239', 'content-location': 'http://10.4.1.3:9696/v2.0/routers/ebc04256-d119-4ecd-892d-a59d124c0dfa', 'connection': 'close', 'date': 'Wed, 17 Feb 2016 02:59:01 GMT', 'content-type': 'application/json; charset=UTF-8', 'x-openstack-request-id': 'req-0603e764-7906-4501-a383-c4dbeb2be735'}
        Body: {"router": {"status": "ACTIVE", "external_gateway_info": null, "name": "tempest-router-smoke-1700087438", "admin_state_up": true, "tenant_id": "76182f19c7b345679bed051254cfb6f4", "routes": [], "id": "ebc04256-d119-4ecd-892d-a59d124c0dfa"}}
2016-02-17 02:59:01,835 27265 INFO     [tempest_lib.common.rest_client] Request (TestGettingAddress:test_dhcp6_stateless_from_os): 200 PUT http://10.4.1.3:9696/v2.0/routers/ebc04256-d119-4ecd-892d-a59d124c0dfa 0.831s
2016-02-17 02:59:01,836 27265 DEBUG    [tempest_lib.common.rest_client] Request - Headers: {'Content-Type': 'application/json', 'Accept': 'application/json', 'X-Auth-Token': '&lt;omitted&gt;'}
        Body: {"router": {"external_gateway_info": {"network_id": "aa05cbcb-a3dc-4c26-8364-bad6bc550858"}, "name": "tempest-router-smoke-1700087438", "admin_state_up": true}}
    Response - Headers: {'status': '200', 'content-length': '501', 'connection': 'close', 'date': 'Wed, 17 Feb 2016 02:59:01 GMT', 'content-type': 'application/json; charset=UTF-8', 'x-openstack-request-id': 'req-7202cbdd-e011-45be-b87e-e46895113096'}
        Body: {"router": {"status": "ACTIVE", "external_gateway_info": {"network_id": "aa05cbcb-a3dc-4c26-8364-bad6bc550858", "enable_snat": true, "external_fixed_ips": [{"subnet_id": "3f8f7906-0afa-4c62-a64e-274febe9cce6", "ip_address": "172.24.4.3"}, {"subnet_id": "e70c4062-65df-49b8-979d-0f49fef80a43", "ip_address": "2001:db8::4"}]}, "name": "tempest-router-smoke-1700087438", "admin_state_up": true, "tenant_id": "76182f19c7b345679bed051254cfb6f4", "routes": [], "id": "ebc04256-d119-4ecd-892d-a59d124c0dfa"}}
2016-02-17 02:59:02,539 27265 INFO     [tempest_lib.common.rest_client] Request (TestGettingAddress:test_dhcp6_stateless_from_os): 200 PUT http://10.4.1.3:9696/v2.0/routers/ebc04256-d119-4ecd-892d-a59d124c0dfa/add_router_interface 0.701s
2016-02-17 02:59:02,540 27265 DEBUG    [tempest_lib.common.rest_client] Request - Headers: {'Content-Type': 'application/json', 'Accept': 'application/json', 'X-Auth-Token': '&lt;omitted&gt;'}
        Body: {"subnet_id": "f6998354-b25a-47a8-82d1-d6ac0e2268a1"}
    Response - Headers: {'status': '200', 'content-length': '309', 'connection': 'close', 'date': 'Wed, 17 Feb 2016 02:59:02 GMT', 'content-type': 'application/json; charset=UTF-8', 'x-openstack-request-id': 'req-1e16ac8e-2c4e-44de-89d0-2e6fb8f88cad'}
        Body: {"network_id": "e59c5150-df32-4d92-8594-7270ba8381c1", "tenant_id": "76182f19c7b345679bed051254cfb6f4", "subnet_id": "f6998354-b25a-47a8-82d1-d6ac0e2268a1", "subnet_ids": ["f6998354-b25a-47a8-82d1-d6ac0e2268a1"], "port_id": "a67e523e-4c09-4612-8c46-15eadbba5327", "id": "ebc04256-d119-4ecd-892d-a59d124c0dfa"}
2016-02-17 02:59:02,779 27265 INFO     [tempest_lib.common.rest_client] Request (TestGettingAddress:test_dhcp6_stateless_from_os): 200 GET http://10.4.1.3:9696/v2.0/subnets?tenant_id=76182f19c7b345679bed051254cfb6f4&amp;cidr=2003%3A%3A%2F64 0.237s
2016-02-17 02:59:02,780 27265 DEBUG    [tempest_lib.common.rest_client] Request - Headers: {'Content-Type': 'application/json', 'Accept': 'application/json', 'X-Auth-Token': '&lt;omitted&gt;'}
        Body: None
    Response - Headers: {'status': '200', 'content-length': '15', 'content-location': 'http://10.4.1.3:9696/v2.0/subnets?tenant_id=76182f19c7b345679bed051254cfb6f4&amp;cidr=2003%3A%3A%2F64', 'connection': 'close', 'date': 'Wed, 17 Feb 2016 02:59:02 GMT', 'content-type': 'application/json; charset=UTF-8', 'x-openstack-request-id': 'req-9b6744aa-8296-4e90-876d-9ec8fb433e46'}
        Body: {"subnets": []}
2016-02-17 02:59:04,069 27265 INFO     [tempest_lib.common.rest_client] Request (TestGettingAddress:test_dhcp6_stateless_from_os): 201 POST http://10.4.1.3:9696/v2.0/subnets 1.289s
2016-02-17 02:59:04,070 27265 DEBUG    [tempest_lib.common.rest_client] Request - Headers: {'Content-Type': 'application/json', 'Accept': 'application/json', 'X-Auth-Token': '&lt;omitted&gt;'}
        Body: {"subnet": {"name": "tempest-sub6-1178829196", "network_id": "e59c5150-df32-4d92-8594-7270ba8381c1", "tenant_id": "76182f19c7b345679bed051254cfb6f4", "ipv6_ra_mode": "dhcpv6-stateless", "ip_version": 6, "ipv6_address_mode": "dhcpv6-stateless", "cidr": "2003::/64"}}
    Response - Headers: {'status': '201', 'content-length': '502', 'connection': 'close', 'date': 'Wed, 17 Feb 2016 02:59:04 GMT', 'content-type': 'application/json; charset=UTF-8', 'x-openstack-request-id': 'req-5180a38d-2e88-4136-8320-90ea48ca5b59'}
        Body: {"subnet": {"name": "tempest-sub6-1178829196", "enable_dhcp": true, "network_id": "e59c5150-df32-4d92-8594-7270ba8381c1", "tenant_id": "76182f19c7b345679bed051254cfb6f4", "dns_nameservers": [], "gateway_ip": "2003::1", "ipv6_ra_mode": "dhcpv6-stateless", "allocation_pools": [{"start": "2003::2", "end": "2003::ffff:ffff:ffff:ffff"}], "host_routes": [], "ip_version": 6, "ipv6_address_mode": "dhcpv6-stateless", "cidr": "2003::/64", "id": "41100c72-ebdb-4bb4-a9cb-c80eb78a2f16", "subnetpool_id": null}}
2016-02-17 02:59:04,905 27265 INFO     [tempest_lib.common.rest_client] Request (TestGettingAddress:test_dhcp6_stateless_from_os): 200 PUT http://10.4.1.3:9696/v2.0/routers/ebc04256-d119-4ecd-892d-a59d124c0dfa/add_router_interface 0.834s
2016-02-17 02:59:04,906 27265 DEBUG    [tempest_lib.common.rest_client] Request - Headers: {'Content-Type': 'application/json', 'Accept': 'application/json', 'X-Auth-Token': '&lt;omitted&gt;'}
        Body: {"subnet_id": "41100c72-ebdb-4bb4-a9cb-c80eb78a2f16"}
    Response - Headers: {'status': '200', 'content-length': '309', 'connection': 'close', 'date': 'Wed, 17 Feb 2016 02:59:04 GMT', 'content-type': 'application/json; charset=UTF-8', 'x-openstack-request-id': 'req-f479d500-eaae-4c59-88ca-2ac1fe1e58a2'}
        Body: {"network_id": "e59c5150-df32-4d92-8594-7270ba8381c1", "tenant_id": "76182f19c7b345679bed051254cfb6f4", "subnet_id": "41100c72-ebdb-4bb4-a9cb-c80eb78a2f16", "subnet_ids": ["41100c72-ebdb-4bb4-a9cb-c80eb78a2f16"], "port_id": "748b8d69-66dc-4204-b4d5-449bb00508cd", "id": "ebc04256-d119-4ecd-892d-a59d124c0dfa"}
2016-02-17 02:59:05,061 27265 INFO     [tempest_lib.common.rest_client] Request (TestGettingAddress:test_dhcp6_stateless_from_os): 200 POST http://10.4.1.3:5000/v2.0/tokens
2016-02-17 02:59:05,062 27265 DEBUG    [tempest_lib.common.rest_client] Request - Headers: {'Content-Type': 'application/json', 'Accept': 'application/json'}
        Body: &lt;omitted&gt;
    Response - Headers: {'status': '200', 'content-length': '2256', 'vary': 'X-Auth-Token', 'server': 'Apache/2.4.7 (Ubuntu)', 'connection': 'close', 'date': 'Wed, 17 Feb 2016 02:59:04 GMT', 'content-type': 'application/json', 'x-openstack-request-id': 'req-cf5b4408-233d-41a3-96f6-cf2c8bae365e'}
        Body: {"access": {"token": {"issued_at": "2016-02-17T02:59:05.048933", "expires": "2016-02-17T03:59:05Z", "id": "1439efbc80ee4705a6e8bbb8cd707c64", "tenant": {"description": "tempest-TestGettingAddress-1418872172-desc", "enabled": true, "id": "76182f19c7b345679bed051254cfb6f4", "name": "tempest-TestGettingAddress-1418872172"}, "audit_ids": ["YpmH5tTqSxO8MbhPj33Ffg"]}, "serviceCatalog": [{"endpoints": [{"adminURL": "http://10.4.1.3:9292", "region": "RegionOne", "internalURL": "http://10.4.1.3:9292", "id": "1b05a0f33a3d430285f5c0977f53c8ed", "publicURL": "http://10.4.1.3:9292"}], "endpoints_links": [], "type": "image", "name": "glance"}, {"endpoints": [{"adminURL": "http://10.4.1.3:8774/v2.1/76182f19c7b345679bed051254cfb6f4", "region": "RegionOne", "internalURL": "http://10.4.1.3:8774/v2.1/76182f19c7b345679bed051254cfb6f4", "id": "1da71475c7b542f694d39d4b14f19dd4", "publicURL": "http://10.4.1.3:8774/v2.1/76182f19c7b345679bed051254cfb6f4"}], "endpoints_links": [], "type": "compute", "name": "nova"}, {"endpoints": [{"adminURL": "http://10.4.1.3:8774/v2/76182f19c7b345679bed051254cfb6f4", "region": "RegionOne", "internalURL": "http://10.4.1.3:8774/v2/76182f19c7b345679bed051254cfb6f4", "id": "2bfaae5495ec4f9687820859274b4d29", "publicURL": "http://10.4.1.3:8774/v2/76182f19c7b345679bed051254cfb6f4"}], "endpoints_links": [], "type": "compute_legacy", "name": "nova_legacy"}, {"endpoints": [{"adminURL": "http://10.4.1.3:35357/v2.0", "region": "RegionOne", "internalURL": "http://10.4.1.3:5000/v2.0", "id": "c3f2623a9c0a4752a84d03c062a7ef0a", "publicURL": "http://10.4.1.3:5000/v2.0"}], "endpoints_links": [], "type": "identity", "name": "keystone"}, {"endpoints": [{"adminURL": "http://10.4.1.3:9696/", "region": "RegionOne", "internalURL": "http://10.4.1.3:9696/", "id": "49116706e43e459495bb51fb8adb3c88", "publicURL": "http://10.4.1.3:9696/"}], "endpoints_links": [], "type": "network", "name": "neutron"}], "user": {"username": "tempest-TestGettingAddress-1931930893", "roles_links": [], "id": "a4e2f224dc9847d486f5de5625fcdf13", "roles": [{"name": "Member"}, {"name": "_member_"}], "name": "tempest-TestGettingAddress-1931930893"}, "metadata": {"is_admin": 0, "roles": ["0dfb6d3191be480e9427a4dfeed2a6c9", "9fe2ff9ee4384b1894a90878d3e92bab"]}}}
2016-02-17 02:59:05,069 27265 DEBUG    [tempest.common.fixed_network] (TestGettingAddress:test_dhcp6_stateless_from_os) No valid network provided or created, defaulting to fixed_network_name
2016-02-17 02:59:05,513 27265 INFO     [tempest_lib.common.rest_client] Request (TestGettingAddress:test_dhcp6_stateless_from_os): 200 GET http://10.4.1.3:8774/v2.1/76182f19c7b345679bed051254cfb6f4/os-networks 0.442s
2016-02-17 02:59:05,514 27265 DEBUG    [tempest_lib.common.rest_client] Request - Headers: {'Content-Type': 'application/json', 'Accept': 'application/json', 'X-Auth-Token': '&lt;omitted&gt;'}
        Body: None
    Response - Headers: {'status': '200', 'content-length': '479', 'content-location': 'http://10.4.1.3:8774/v2.1/76182f19c7b345679bed051254cfb6f4/os-networks', 'x-compute-request-id': 'req-ebcbf81e-3b6e-4386-99a6-219740571f21', 'vary': 'X-OpenStack-Nova-API-Version', 'connection': 'close', 'x-openstack-nova-api-version': '2.1', 'date': 'Wed, 17 Feb 2016 02:59:05 GMT', 'content-type': 'application/json'}
        Body: {"networks": [{"cidr_v6": null, "dns2": null, "dns1": null, "gateway": null, "broadcast": null, "netmask": null, "gateway_v6": null, "cidr": null, "label": "public", "id": "aa05cbcb-a3dc-4c26-8364-bad6bc550858", "netmask_v6": null}, {"cidr_v6": null, "dns2": null, "dns1": null, "gateway": null, "broadcast": null, "netmask": null, "gateway_v6": null, "cidr": null, "label": "tempest-network-smoke--1943618368", "id": "e59c5150-df32-4d92-8594-7270ba8381c1", "netmask_v6": null}]}
2016-02-17 02:59:05,514 27265 WARNING  [tempest.common.fixed_network] (TestGettingAddress:test_dhcp6_stateless_from_os) Network with name: private not found
2016-02-17 02:59:05,516 27265 INFO     [tempest.common.fixed_network] (TestGettingAddress:test_dhcp6_stateless_from_os) Found network {} available for tenant
2016-02-17 02:59:08,364 27265 INFO     [tempest_lib.common.rest_client] Request (TestGettingAddress:test_dhcp6_stateless_from_os): 202 POST http://10.4.1.3:8774/v2.1/76182f19c7b345679bed051254cfb6f4/servers 2.847s
2016-02-17 02:59:08,365 27265 DEBUG    [tempest_lib.common.rest_client] Request - Headers: {'Content-Type': 'application/json', 'Accept': 'application/json', 'X-Auth-Token': '&lt;omitted&gt;'}
        Body: {"server": {"name": "tempest.common.compute-instance-265713820", "imageRef": "471b3c15-cd6c-4c07-9682-b966ec393da2", "key_name": "tempest-TestGettingAddress-1810650088", "flavorRef": "42", "networks": [{"uuid": "e59c5150-df32-4d92-8594-7270ba8381c1"}], "security_groups": [{"name": "tempest-secgroup-smoke-910606330"}]}}
    Response - Headers: {'status': '202', 'content-length': '459', 'x-compute-request-id': 'req-2eab321a-815f-417a-8f9f-ec63b3e26a38', 'vary': 'X-OpenStack-Nova-API-Version', 'connection': 'close', 'location': 'http://10.4.1.3:8774/v2.1/76182f19c7b345679bed051254cfb6f4/servers/d1df7606-27b5-4494-b1c5-9397dafcbee1', 'x-openstack-nova-api-version': '2.1', 'date': 'Wed, 17 Feb 2016 02:59:08 GMT', 'content-type': 'application/json'}
        Body: {"server": {"security_groups": [{"name": "tempest-secgroup-smoke-910606330"}], "OS-DCF:diskConfig": "MANUAL", "id": "d1df7606-27b5-4494-b1c5-9397dafcbee1", "links": [{"href": "http://10.4.1.3:8774/v2.1/76182f19c7b345679bed051254cfb6f4/servers/d1df7606-27b5-4494-b1c5-9397dafcbee1", "rel": "self"}, {"href": "http://10.4.1.3:8774/76182f19c7b345679bed051254cfb6f4/servers/d1df7606-27b5-4494-b1c5-9397dafcbee1", "rel": "bookmark"}], "adminPass": "itWnwX3TsMhS"}}
2016-02-17 02:59:08,826 27265 INFO     [tempest_lib.common.rest_client] Request (TestGettingAddress:test_dhcp6_stateless_from_os): 200 GET http://10.4.1.3:8774/v2.1/76182f19c7b345679bed051254cfb6f4/servers/d1df7606-27b5-4494-b1c5-9397dafcbee1 0.457s
2016-02-17 02:59:08,826 27265 DEBUG    [tempest_lib.common.rest_client] Request - Headers: {'Content-Type': 'application/json', 'Accept': 'application/json', 'X-Auth-Token': '&lt;omitted&gt;'}
        Body: None
    Response - Headers: {'status': '200', 'content-length': '1350', 'content-location': 'http://10.4.1.3:8774/v2.1/76182f19c7b345679bed051254cfb6f4/servers/d1df7606-27b5-4494-b1c5-9397dafcbee1', 'x-compute-request-id': 'req-07cbc205-f7bd-4095-bbf2-0c09da034b12', 'vary': 'X-OpenStack-Nova-API-Version', 'connection': 'close', 'x-openstack-nova-api-version': '2.1', 'date': 'Wed, 17 Feb 2016 02:59:08 GMT', 'content-type': 'application/json'}
        Body: {"server": {"status": "BUILD", "updated": "2016-02-17T02:59:08Z", "hostId": "", "addresses": {}, "links": [{"href": "http://10.4.1.3:8774/v2.1/76182f19c7b345679bed051254cfb6f4/servers/d1df7606-27b5-4494-b1c5-9397dafcbee1", "rel": "self"}, {"href": "http://10.4.1.3:8774/76182f19c7b345679bed051254cfb6f4/servers/d1df7606-27b5-4494-b1c5-9397dafcbee1", "rel": "bookmark"}], "key_name": "tempest-TestGettingAddress-1810650088", "image": {"id": "471b3c15-cd6c-4c07-9682-b966ec393da2", "links": [{"href": "http://10.4.1.3:8774/76182f19c7b345679bed051254cfb6f4/images/471b3c15-cd6c-4c07-9682-b966ec393da2", "rel": "bookmark"}]}, "OS-EXT-STS:task_state": "scheduling", "OS-EXT-STS:vm_state": "building", "OS-SRV-USG:launched_at": null, "flavor": {"id": "42", "links": [{"href": "http://10.4.1.3:8774/76182f19c7b345679bed051254cfb6f4/flavors/42", "rel": "bookmark"}]}, "id": "d1df7606-27b5-4494-b1c5-9397dafcbee1", "OS-SRV-USG:terminated_at": null, "OS-EXT-AZ:availability_zone": "", "user_id": "a4e2f224dc9847d486f5de5625fcdf13", "name": "tempest.common.compute-instance-265713820", "created": "2016-02-17T02:59:08Z", "tenant_id": "76182f19c7b345679bed051254cfb6f4", "OS-DCF:diskConfig": "MANUAL", "os-extended-volumes:volumes_attached": [], "accessIPv4": "", "accessIPv6": "", "progress": 0, "OS-EXT-STS:power_state": 0, "config_drive": "", "metadata": {}}}
2016-02-17 02:59:10,306 27265 INFO     [tempest_lib.common.rest_client] Request (TestGettingAddress:test_dhcp6_stateless_from_os): 200 GET http://10.4.1.3:8774/v2.1/76182f19c7b345679bed051254cfb6f4/servers/d1df7606-27b5-4494-b1c5-9397dafcbee1 0.469s
2016-02-17 02:59:10,307 27265 DEBUG    [tempest_lib.common.rest_client] Request - Headers: {'Content-Type': 'application/json', 'Accept': 'application/json', 'X-Auth-Token': '&lt;omitted&gt;'}
        Body: None
    Response - Headers: {'status': '200', 'content-length': '1408', 'content-location': 'http://10.4.1.3:8774/v2.1/76182f19c7b345679bed051254cfb6f4/servers/d1df7606-27b5-4494-b1c5-9397dafcbee1', 'x-compute-request-id': 'req-fd067f60-432f-47b8-a149-e5d57e972e9b', 'vary': 'X-OpenStack-Nova-API-Version', 'connection': 'close', 'x-openstack-nova-api-version': '2.1', 'date': 'Wed, 17 Feb 2016 02:59:10 GMT', 'content-type': 'application/json'}
        Body: {"server": {"status": "BUILD", "updated": "2016-02-17T02:59:09Z", "hostId": "aa0239cd582779d5a192eff405a1b87e478a4c5544e337a532090dbd", "addresses": {}, "links": [{"href": "http://10.4.1.3:8774/v2.1/76182f19c7b345679bed051254cfb6f4/servers/d1df7606-27b5-4494-b1c5-9397dafcbee1", "rel": "self"}, {"href": "http://10.4.1.3:8774/76182f19c7b345679bed051254cfb6f4/servers/d1df7606-27b5-4494-b1c5-9397dafcbee1", "rel": "bookmark"}], "key_name": "tempest-TestGettingAddress-1810650088", "image": {"id": "471b3c15-cd6c-4c07-9682-b966ec393da2", "links": [{"href": "http://10.4.1.3:8774/76182f19c7b345679bed051254cfb6f4/images/471b3c15-cd6c-4c07-9682-b966ec393da2", "rel": "bookmark"}]}, "OS-EXT-STS:task_state": "spawning", "OS-EXT-STS:vm_state": "building", "OS-SRV-USG:launched_at": null, "flavor": {"id": "42", "links": [{"href": "http://10.4.1.3:8774/76182f19c7b345679bed051254cfb6f4/flavors/42", "rel": "bookmark"}]}, "id": "d1df7606-27b5-4494-b1c5-9397dafcbee1", "OS-SRV-USG:terminated_at": null, "OS-EXT-AZ:availability_zone": "nova", "user_id": "a4e2f224dc9847d486f5de5625fcdf13", "name": "tempest.common.compute-instance-265713820", "created": "2016-02-17T02:59:08Z", "tenant_id": "76182f19c7b345679bed051254cfb6f4", "OS-DCF:diskConfig": "MANUAL", "os-extended-volumes:volumes_attached": [], "accessIPv4": "", "accessIPv6": "", "progress": 0, "OS-EXT-STS:power_state": 0, "config_drive": "", "metadata": {}}}
2016-02-17 02:59:10,319 27265 INFO     [tempest.common.waiters] State transition "BUILD/scheduling" ==&gt; "BUILD/spawning" after 2 second wait
2016-02-17 02:59:12,037 27265 INFO     [tempest_lib.common.rest_client] Request (TestGettingAddress:test_dhcp6_stateless_from_os): 200 GET http://10.4.1.3:8774/v2.1/76182f19c7b345679bed051254cfb6f4/servers/d1df7606-27b5-4494-b1c5-9397dafcbee1 0.716s
2016-02-17 02:59:12,037 27265 DEBUG    [tempest_lib.common.rest_client] Request - Headers: {'Content-Type': 'application/json', 'Accept': 'application/json', 'X-Auth-Token': '&lt;omitted&gt;'}
        Body: None
    Response - Headers: {'status': '200', 'content-length': '1475', 'content-location': 'http://10.4.1.3:8774/v2.1/76182f19c7b345679bed051254cfb6f4/servers/d1df7606-27b5-4494-b1c5-9397dafcbee1', 'x-compute-request-id': 'req-14d9e109-d0ff-492c-bd78-1550e4947179', 'vary': 'X-OpenStack-Nova-API-Version', 'connection': 'close', 'x-openstack-nova-api-version': '2.1', 'date': 'Wed, 17 Feb 2016 02:59:12 GMT', 'content-type': 'application/json'}
        Body: {"server": {"status": "BUILD", "updated": "2016-02-17T02:59:09Z", "hostId": "aa0239cd582779d5a192eff405a1b87e478a4c5544e337a532090dbd", "addresses": {}, "links": [{"href": "http://10.4.1.3:8774/v2.1/76182f19c7b345679bed051254cfb6f4/servers/d1df7606-27b5-4494-b1c5-9397dafcbee1", "rel": "self"}, {"href": "http://10.4.1.3:8774/76182f19c7b345679bed051254cfb6f4/servers/d1df7606-27b5-4494-b1c5-9397dafcbee1", "rel": "bookmark"}], "key_name": "tempest-TestGettingAddress-1810650088", "image": {"id": "471b3c15-cd6c-4c07-9682-b966ec393da2", "links": [{"href": "http://10.4.1.3:8774/76182f19c7b345679bed051254cfb6f4/images/471b3c15-cd6c-4c07-9682-b966ec393da2", "rel": "bookmark"}]}, "OS-EXT-STS:task_state": "spawning", "OS-EXT-STS:vm_state": "building", "OS-SRV-USG:launched_at": null, "flavor": {"id": "42", "links": [{"href": "http://10.4.1.3:8774/76182f19c7b345679bed051254cfb6f4/flavors/42", "rel": "bookmark"}]}, "id": "d1df7606-27b5-4494-b1c5-9397dafcbee1", "security_groups": [{"name": "tempest-secgroup-smoke-910606330"}], "OS-SRV-USG:terminated_at": null, "OS-EXT-AZ:availability_zone": "nova", "user_id": "a4e2f224dc9847d486f5de5625fcdf13", "name": "tempest.common.compute-instance-265713820", "created": "2016-02-17T02:59:08Z", "tenant_id": "76182f19c7b345679bed051254cfb6f4", "OS-DCF:diskConfig": "MANUAL", "os-extended-volumes:volumes_attached": [], "accessIPv4": "", "accessIPv6": "", "progress": 0, "OS-EXT-STS:power_state": 0, "config_drive": "", "metadata": {}}}
2016-02-17 02:59:13,787 27265 INFO     [tempest_lib.common.rest_client] Request (TestGettingAddress:test_dhcp6_stateless_from_os): 200 GET http://10.4.1.3:8774/v2.1/76182f19c7b345679bed051254cfb6f4/servers/d1df7606-27b5-4494-b1c5-9397dafcbee1 0.733s
2016-02-17 02:59:13,788 27265 DEBUG    [tempest_lib.common.rest_client] Request - Headers: {'Content-Type': 'application/json', 'Accept': 'application/json', 'X-Auth-Token': '&lt;omitted&gt;'}
        Body: None
    Response - Headers: {'status': '200', 'content-length': '1475', 'content-location': 'http://10.4.1.3:8774/v2.1/76182f19c7b345679bed051254cfb6f4/servers/d1df7606-27b5-4494-b1c5-9397dafcbee1', 'x-compute-request-id': 'req-28c73d3a-f675-4403-b54f-8485653e0636', 'vary': 'X-OpenStack-Nova-API-Version', 'connection': 'close', 'x-openstack-nova-api-version': '2.1', 'date': 'Wed, 17 Feb 2016 02:59:13 GMT', 'content-type': 'application/json'}
        Body: {"server": {"status": "BUILD", "updated": "2016-02-17T02:59:09Z", "hostId": "aa0239cd582779d5a192eff405a1b87e478a4c5544e337a532090dbd", "addresses": {}, "links": [{"href": "http://10.4.1.3:8774/v2.1/76182f19c7b345679bed051254cfb6f4/servers/d1df7606-27b5-4494-b1c5-9397dafcbee1", "rel": "self"}, {"href": "http://10.4.1.3:8774/76182f19c7b345679bed051254cfb6f4/servers/d1df7606-27b5-4494-b1c5-9397dafcbee1", "rel": "bookmark"}], "key_name": "tempest-TestGettingAddress-1810650088", "image": {"id": "471b3c15-cd6c-4c07-9682-b966ec393da2", "links": [{"href": "http://10.4.1.3:8774/76182f19c7b345679bed051254cfb6f4/images/471b3c15-cd6c-4c07-9682-b966ec393da2", "rel": "bookmark"}]}, "OS-EXT-STS:task_state": "spawning", "OS-EXT-STS:vm_state": "building", "OS-SRV-USG:launched_at": null, "flavor": {"id": "42", "links": [{"href": "http://10.4.1.3:8774/76182f19c7b345679bed051254cfb6f4/flavors/42", "rel": "bookmark"}]}, "id": "d1df7606-27b5-4494-b1c5-9397dafcbee1", "security_groups": [{"name": "tempest-secgroup-smoke-910606330"}], "OS-SRV-USG:terminated_at": null, "OS-EXT-AZ:availability_zone": "nova", "user_id": "a4e2f224dc9847d486f5de5625fcdf13", "name": "tempest.common.compute-instance-265713820", "created": "2016-02-17T02:59:08Z", "tenant_id": "76182f19c7b345679bed051254cfb6f4", "OS-DCF:diskConfig": "MANUAL", "os-extended-volumes:volumes_attached": [], "accessIPv4": "", "accessIPv6": "", "progress": 0, "OS-EXT-STS:power_state": 0, "config_drive": "", "metadata": {}}}
2016-02-17 02:59:15,449 27265 INFO     [tempest_lib.common.rest_client] Request (TestGettingAddress:test_dhcp6_stateless_from_os): 200 GET http://10.4.1.3:8774/v2.1/76182f19c7b345679bed051254cfb6f4/servers/d1df7606-27b5-4494-b1c5-9397dafcbee1 0.645s
2016-02-17 02:59:15,449 27265 DEBUG    [tempest_lib.common.rest_client] Request - Headers: {'Content-Type': 'application/json', 'Accept': 'application/json', 'X-Auth-Token': '&lt;omitted&gt;'}
        Body: None
    Response - Headers: {'status': '200', 'content-length': '1475', 'content-location': 'http://10.4.1.3:8774/v2.1/76182f19c7b345679bed051254cfb6f4/servers/d1df7606-27b5-4494-b1c5-9397dafcbee1', 'x-compute-request-id': 'req-cbb43b34-0a03-4533-a439-993397e4628a', 'vary': 'X-OpenStack-Nova-API-Version', 'connection': 'close', 'x-openstack-nova-api-version': '2.1', 'date': 'Wed, 17 Feb 2016 02:59:15 GMT', 'content-type': 'application/json'}
        Body: {"server": {"status": "BUILD", "updated": "2016-02-17T02:59:09Z", "hostId": "aa0239cd582779d5a192eff405a1b87e478a4c5544e337a532090dbd", "addresses": {}, "links": [{"href": "http://10.4.1.3:8774/v2.1/76182f19c7b345679bed051254cfb6f4/servers/d1df7606-27b5-4494-b1c5-9397dafcbee1", "rel": "self"}, {"href": "http://10.4.1.3:8774/76182f19c7b345679bed051254cfb6f4/servers/d1df7606-27b5-4494-b1c5-9397dafcbee1", "rel": "bookmark"}], "key_name": "tempest-TestGettingAddress-1810650088", "image": {"id": "471b3c15-cd6c-4c07-9682-b966ec393da2", "links": [{"href": "http://10.4.1.3:8774/76182f19c7b345679bed051254cfb6f4/images/471b3c15-cd6c-4c07-9682-b966ec393da2", "rel": "bookmark"}]}, "OS-EXT-STS:task_state": "spawning", "OS-EXT-STS:vm_state": "building", "OS-SRV-USG:launched_at": null, "flavor": {"id": "42", "links": [{"href": "http://10.4.1.3:8774/76182f19c7b345679bed051254cfb6f4/flavors/42", "rel": "bookmark"}]}, "id": "d1df7606-27b5-4494-b1c5-9397dafcbee1", "security_groups": [{"name": "tempest-secgroup-smoke-910606330"}], "OS-SRV-USG:terminated_at": null, "OS-EXT-AZ:availability_zone": "nova", "user_id": "a4e2f224dc9847d486f5de5625fcdf13", "name": "tempest.common.compute-instance-265713820", "created": "2016-02-17T02:59:08Z", "tenant_id": "76182f19c7b345679bed051254cfb6f4", "OS-DCF:diskConfig": "MANUAL", "os-extended-volumes:volumes_attached": [], "accessIPv4": "", "accessIPv6": "", "progress": 0, "OS-EXT-STS:power_state": 0, "config_drive": "", "metadata": {}}}
2016-02-17 02:59:17,140 27265 INFO     [tempest_lib.common.rest_client] Request (TestGettingAddress:test_dhcp6_stateless_from_os): 200 GET http://10.4.1.3:8774/v2.1/76182f19c7b345679bed051254cfb6f4/servers/d1df7606-27b5-4494-b1c5-9397dafcbee1 0.680s
2016-02-17 02:59:17,141 27265 DEBUG    [tempest_lib.common.rest_client] Request - Headers: {'Content-Type': 'application/json', 'Accept': 'application/json', 'X-Auth-Token': '&lt;omitted&gt;'}
        Body: None
    Response - Headers: {'status': '200', 'content-length': '1776', 'content-location': 'http://10.4.1.3:8774/v2.1/76182f19c7b345679bed051254cfb6f4/servers/d1df7606-27b5-4494-b1c5-9397dafcbee1', 'x-compute-request-id': 'req-f51a9321-c27f-4e61-8c67-d8294931258f', 'vary': 'X-OpenStack-Nova-API-Version', 'connection': 'close', 'x-openstack-nova-api-version': '2.1', 'date': 'Wed, 17 Feb 2016 02:59:17 GMT', 'content-type': 'application/json'}
        Body: {"server": {"status": "ACTIVE", "updated": "2016-02-17T02:59:15Z", "hostId": "aa0239cd582779d5a192eff405a1b87e478a4c5544e337a532090dbd", "addresses": {"tempest-network-smoke--1943618368": [{"OS-EXT-IPS-MAC:mac_addr": "fa:16:3e:6d:e5:86", "version": 4, "addr": "10.100.0.3", "OS-EXT-IPS:type": "fixed"}, {"OS-EXT-IPS-MAC:mac_addr": "fa:16:3e:6d:e5:86", "version": 6, "addr": "2003::f816:3eff:fe6d:e586", "OS-EXT-IPS:type": "fixed"}]}, "links": [{"href": "http://10.4.1.3:8774/v2.1/76182f19c7b345679bed051254cfb6f4/servers/d1df7606-27b5-4494-b1c5-9397dafcbee1", "rel": "self"}, {"href": "http://10.4.1.3:8774/76182f19c7b345679bed051254cfb6f4/servers/d1df7606-27b5-4494-b1c5-9397dafcbee1", "rel": "bookmark"}], "key_name": "tempest-TestGettingAddress-1810650088", "image": {"id": "471b3c15-cd6c-4c07-9682-b966ec393da2", "links": [{"href": "http://10.4.1.3:8774/76182f19c7b345679bed051254cfb6f4/images/471b3c15-cd6c-4c07-9682-b966ec393da2", "rel": "bookmark"}]}, "OS-EXT-STS:task_state": null, "OS-EXT-STS:vm_state": "active", "OS-SRV-USG:launched_at": "2016-02-17T02:59:15.000000", "flavor": {"id": "42", "links": [{"href": "http://10.4.1.3:8774/76182f19c7b345679bed051254cfb6f4/flavors/42", "rel": "bookmark"}]}, "id": "d1df7606-27b5-4494-b1c5-9397dafcbee1", "security_groups": [{"name": "tempest-secgroup-smoke-910606330"}], "OS-SRV-USG:terminated_at": null, "OS-EXT-AZ:availability_zone": "nova", "user_id": "a4e2f224dc9847d486f5de5625fcdf13", "name": "tempest.common.compute-instance-265713820", "created": "2016-02-17T02:59:08Z", "tenant_id": "76182f19c7b345679bed051254cfb6f4", "OS-DCF:diskConfig": "MANUAL", "os-extended-volumes:volumes_attached": [], "accessIPv4": "", "accessIPv6": "", "progress": 0, "OS-EXT-STS:power_state": 1, "config_drive": "True", "metadata": {}}}
2016-02-17 02:59:17,155 27265 INFO     [tempest.common.waiters] State transition "BUILD/spawning" ==&gt; "ACTIVE/None" after 9 second wait
2016-02-17 02:59:17,814 27265 INFO     [tempest_lib.common.rest_client] Request (TestGettingAddress:test_dhcp6_stateless_from_os): 200 GET http://10.4.1.3:8774/v2.1/76182f19c7b345679bed051254cfb6f4/servers/d1df7606-27b5-4494-b1c5-9397dafcbee1 0.658s
2016-02-17 02:59:17,814 27265 DEBUG    [tempest_lib.common.rest_client] Request - Headers: {'Content-Type': 'application/json', 'Accept': 'application/json', 'X-Auth-Token': '&lt;omitted&gt;'}
        Body: None
    Response - Headers: {'status': '200', 'content-length': '1776', 'content-location': 'http://10.4.1.3:8774/v2.1/76182f19c7b345679bed051254cfb6f4/servers/d1df7606-27b5-4494-b1c5-9397dafcbee1', 'x-compute-request-id': 'req-16895e58-798c-4545-9146-96d44954cd6e', 'vary': 'X-OpenStack-Nova-API-Version', 'connection': 'close', 'x-openstack-nova-api-version': '2.1', 'date': 'Wed, 17 Feb 2016 02:59:17 GMT', 'content-type': 'application/json'}
        Body: {"server": {"status": "ACTIVE", "updated": "2016-02-17T02:59:15Z", "hostId": "aa0239cd582779d5a192eff405a1b87e478a4c5544e337a532090dbd", "addresses": {"tempest-network-smoke--1943618368": [{"OS-EXT-IPS-MAC:mac_addr": "fa:16:3e:6d:e5:86", "version": 4, "addr": "10.100.0.3", "OS-EXT-IPS:type": "fixed"}, {"OS-EXT-IPS-MAC:mac_addr": "fa:16:3e:6d:e5:86", "version": 6, "addr": "2003::f816:3eff:fe6d:e586", "OS-EXT-IPS:type": "fixed"}]}, "links": [{"href": "http://10.4.1.3:8774/v2.1/76182f19c7b345679bed051254cfb6f4/servers/d1df7606-27b5-4494-b1c5-9397dafcbee1", "rel": "self"}, {"href": "http://10.4.1.3:8774/76182f19c7b345679bed051254cfb6f4/servers/d1df7606-27b5-4494-b1c5-9397dafcbee1", "rel": "bookmark"}], "key_name": "tempest-TestGettingAddress-1810650088", "image": {"id": "471b3c15-cd6c-4c07-9682-b966ec393da2", "links": [{"href": "http://10.4.1.3:8774/76182f19c7b345679bed051254cfb6f4/images/471b3c15-cd6c-4c07-9682-b966ec393da2", "rel": "bookmark"}]}, "OS-EXT-STS:task_state": null, "OS-EXT-STS:vm_state": "active", "OS-SRV-USG:launched_at": "2016-02-17T02:59:15.000000", "flavor": {"id": "42", "links": [{"href": "http://10.4.1.3:8774/76182f19c7b345679bed051254cfb6f4/flavors/42", "rel": "bookmark"}]}, "id": "d1df7606-27b5-4494-b1c5-9397dafcbee1", "security_groups": [{"name": "tempest-secgroup-smoke-910606330"}], "OS-SRV-USG:terminated_at": null, "OS-EXT-AZ:availability_zone": "nova", "user_id": "a4e2f224dc9847d486f5de5625fcdf13", "name": "tempest.common.compute-instance-265713820", "created": "2016-02-17T02:59:08Z", "tenant_id": "76182f19c7b345679bed051254cfb6f4", "OS-DCF:diskConfig": "MANUAL", "os-extended-volumes:volumes_attached": [], "accessIPv4": "", "accessIPv6": "", "progress": 0, "OS-EXT-STS:power_state": 1, "config_drive": "True", "metadata": {}}}
2016-02-17 02:59:18,029 27265 INFO     [tempest_lib.common.rest_client] Request (TestGettingAddress:test_dhcp6_stateless_from_os): 200 GET http://10.4.1.3:9696/v2.0/ports?fixed_ip=None&amp;device_id=d1df7606-27b5-4494-b1c5-9397dafcbee1 0.204s
2016-02-17 02:59:18,029 27265 DEBUG    [tempest_lib.common.rest_client] Request - Headers: {'Content-Type': 'application/json', 'Accept': 'application/json', 'X-Auth-Token': '&lt;omitted&gt;'}
        Body: None
    Response - Headers: {'status': '200', 'content-length': '853', 'content-location': 'http://10.4.1.3:9696/v2.0/ports?fixed_ip=None&amp;device_id=d1df7606-27b5-4494-b1c5-9397dafcbee1', 'connection': 'close', 'date': 'Wed, 17 Feb 2016 02:59:18 GMT', 'content-type': 'application/json; charset=UTF-8', 'x-openstack-request-id': 'req-e5d62c20-8ce4-4db6-9d48-cc1660455903'}
        Body: {"ports": [{"status": "ACTIVE", "binding:host_id": "vagrant-ubuntu-trusty-64", "name": "", "allowed_address_pairs": [], "admin_state_up": true, "network_id": "e59c5150-df32-4d92-8594-7270ba8381c1", "tenant_id": "76182f19c7b345679bed051254cfb6f4", "extra_dhcp_opts": [], "mac_address": "fa:16:3e:6d:e5:86", "binding:vif_details": {"port_filter": true}, "binding:vif_type": "ovs", "device_owner": "compute:None", "binding:profile": {}, "port_security_enabled": true, "binding:vnic_type": "normal", "fixed_ips": [{"subnet_id": "f6998354-b25a-47a8-82d1-d6ac0e2268a1", "ip_address": "10.100.0.3"}, {"subnet_id": "41100c72-ebdb-4bb4-a9cb-c80eb78a2f16", "ip_address": "2003::f816:3eff:fe6d:e586"}], "id": "effc164c-16ec-4ed2-a505-7963be80ba78", "security_groups": ["0ca6a031-0a0d-4f12-bba7-7c101292ebcb"], "device_id": "d1df7606-27b5-4494-b1c5-9397dafcbee1"}]}
2016-02-17 02:59:18,758 27265 INFO     [tempest_lib.common.rest_client] Request (TestGettingAddress:test_dhcp6_stateless_from_os): 201 POST http://10.4.1.3:9696/v2.0/floatingips 0.727s
2016-02-17 02:59:18,758 27265 DEBUG    [tempest_lib.common.rest_client] Request - Headers: {'Content-Type': 'application/json', 'Accept': 'application/json', 'X-Auth-Token': '&lt;omitted&gt;'}
        Body: {"floatingip": {"floating_network_id": "aa05cbcb-a3dc-4c26-8364-bad6bc550858", "tenant_id": "76182f19c7b345679bed051254cfb6f4", "fixed_ip_address": "10.100.0.3", "port_id": "effc164c-16ec-4ed2-a505-7963be80ba78"}}
    Response - Headers: {'status': '201', 'content-length': '369', 'connection': 'close', 'date': 'Wed, 17 Feb 2016 02:59:18 GMT', 'content-type': 'application/json; charset=UTF-8', 'x-openstack-request-id': 'req-ce5074dd-cfb0-46c0-8c8f-aee9c0497b16'}
        Body: {"floatingip": {"floating_network_id": "aa05cbcb-a3dc-4c26-8364-bad6bc550858", "router_id": "ebc04256-d119-4ecd-892d-a59d124c0dfa", "fixed_ip_address": "10.100.0.3", "floating_ip_address": "172.24.4.4", "tenant_id": "76182f19c7b345679bed051254cfb6f4", "status": "ACTIVE", "port_id": "effc164c-16ec-4ed2-a505-7963be80ba78", "id": "ff8a6f6e-4fbb-4f1f-a1db-9755c8934505"}}
2016-02-17 02:59:18,759 27265 INFO     [tempest_lib.common.ssh] Creating ssh connection to '172.24.4.4' as 'cirros' with public key authentication
2016-02-17 03:00:18,820 27265 WARNING  [tempest_lib.common.ssh] Failed to establish authenticated ssh connection to cirros@172.24.4.4 (timed out). Number attempts: 1. Retry after 2 seconds.
2016-02-17 03:01:21,385 27265 WARNING  [tempest_lib.common.ssh] Failed to establish authenticated ssh connection to cirros@172.24.4.4 (timed out). Number attempts: 2. Retry after 3 seconds.
2016-02-17 03:02:24,934 27265 WARNING  [tempest_lib.common.ssh] Failed to establish authenticated ssh connection to cirros@172.24.4.4 (timed out). Number attempts: 3. Retry after 4 seconds.
2016-02-17 03:03:29,498 27265 ERROR    [tempest_lib.common.ssh] Failed to establish authenticated ssh connection to cirros@172.24.4.4 after 3 attempts
2016-02-17 03:03:29.498 27265 ERROR tempest_lib.common.ssh Traceback (most recent call last):
2016-02-17 03:03:29.498 27265 ERROR tempest_lib.common.ssh   File "/usr/local/lib/python2.7/dist-packages/tempest_lib/common/ssh.py", line 75, in _get_ssh_connection
2016-02-17 03:03:29.498 27265 ERROR tempest_lib.common.ssh     timeout=self.channel_timeout, pkey=self.pkey)
2016-02-17 03:03:29.498 27265 ERROR tempest_lib.common.ssh   File "/usr/local/lib/python2.7/dist-packages/paramiko/client.py", line 292, in connect
2016-02-17 03:03:29.498 27265 ERROR tempest_lib.common.ssh     retry_on_signal(lambda: sock.connect(addr))
2016-02-17 03:03:29.498 27265 ERROR tempest_lib.common.ssh   File "/usr/local/lib/python2.7/dist-packages/paramiko/util.py", line 270, in retry_on_signal
2016-02-17 03:03:29.498 27265 ERROR tempest_lib.common.ssh     return function()
2016-02-17 03:03:29.498 27265 ERROR tempest_lib.common.ssh   File "/usr/local/lib/python2.7/dist-packages/paramiko/client.py", line 292, in &lt;lambda&gt;
2016-02-17 03:03:29.498 27265 ERROR tempest_lib.common.ssh     retry_on_signal(lambda: sock.connect(addr))
2016-02-17 03:03:29.498 27265 ERROR tempest_lib.common.ssh   File "/usr/lib/python2.7/socket.py", line 224, in meth
2016-02-17 03:03:29.498 27265 ERROR tempest_lib.common.ssh     return getattr(self._sock,name)(*args)
2016-02-17 03:03:29.498 27265 ERROR tempest_lib.common.ssh timeout: timed out
2016-02-17 03:03:29.498 27265 ERROR tempest_lib.common.ssh 
2016-02-17 03:03:29,501 27265 ERROR    [tempest.scenario.manager] (TestGettingAddress:test_dhcp6_stateless_from_os) Initializing SSH connection to 172.24.4.4 failed. Error: Connection to the 172.24.4.4 via SSH timed out.
User: cirros, Password: None
2016-02-17 03:03:29.501 27265 ERROR tempest.scenario.manager Traceback (most recent call last):
2016-02-17 03:03:29.501 27265 ERROR tempest.scenario.manager   File "tempest/scenario/manager.py", line 377, in get_remote_client
2016-02-17 03:03:29.501 27265 ERROR tempest.scenario.manager     linux_client.validate_authentication()
2016-02-17 03:03:29.501 27265 ERROR tempest.scenario.manager   File "tempest/common/utils/linux/remote_client.py", line 51, in validate_authentication
2016-02-17 03:03:29.501 27265 ERROR tempest.scenario.manager     self.ssh_client.test_connection_auth()
2016-02-17 03:03:29.501 27265 ERROR tempest.scenario.manager   File "/usr/local/lib/python2.7/dist-packages/tempest_lib/common/ssh.py", line 173, in test_connection_auth
2016-02-17 03:03:29.501 27265 ERROR tempest.scenario.manager     connection = self._get_ssh_connection()
2016-02-17 03:03:29.501 27265 ERROR tempest.scenario.manager   File "/usr/local/lib/python2.7/dist-packages/tempest_lib/common/ssh.py", line 88, in _get_ssh_connection
2016-02-17 03:03:29.501 27265 ERROR tempest.scenario.manager     password=self.password)
2016-02-17 03:03:29.501 27265 ERROR tempest.scenario.manager SSHTimeout: Connection to the 172.24.4.4 via SSH timed out.
2016-02-17 03:03:29.501 27265 ERROR tempest.scenario.manager User: cirros, Password: None
2016-02-17 03:03:29.501 27265 ERROR tempest.scenario.manager 
2016-02-17 03:03:29,768 27265 INFO     [tempest_lib.common.rest_client] Request (TestGettingAddress:test_dhcp6_stateless_from_os): 200 GET http://10.4.1.3:8774/v2.1/76182f19c7b345679bed051254cfb6f4/servers 0.264s
2016-02-17 03:03:29,768 27265 DEBUG    [tempest_lib.common.rest_client] Request - Headers: {'Content-Type': 'application/json', 'Accept': 'application/json', 'X-Auth-Token': '&lt;omitted&gt;'}
        Body: None
    Response - Headers: {'status': '200', 'content-length': '388', 'content-location': 'http://10.4.1.3:8774/v2.1/76182f19c7b345679bed051254cfb6f4/servers', 'x-compute-request-id': 'req-5a36e18f-8af1-4b76-a826-0d7ff5af23ee', 'vary': 'X-OpenStack-Nova-API-Version', 'connection': 'close', 'x-openstack-nova-api-version': '2.1', 'date': 'Wed, 17 Feb 2016 03:03:29 GMT', 'content-type': 'application/json'}
        Body: {"servers": [{"id": "d1df7606-27b5-4494-b1c5-9397dafcbee1", "links": [{"href": "http://10.4.1.3:8774/v2.1/76182f19c7b345679bed051254cfb6f4/servers/d1df7606-27b5-4494-b1c5-9397dafcbee1", "rel": "self"}, {"href": "http://10.4.1.3:8774/76182f19c7b345679bed051254cfb6f4/servers/d1df7606-27b5-4494-b1c5-9397dafcbee1", "rel": "bookmark"}], "name": "tempest.common.compute-instance-265713820"}]}
2016-02-17 03:03:30,173 27265 INFO     [tempest_lib.common.rest_client] Request (TestGettingAddress:test_dhcp6_stateless_from_os): 200 POST http://10.4.1.3:8774/v2.1/76182f19c7b345679bed051254cfb6f4/servers/d1df7606-27b5-4494-b1c5-9397dafcbee1/action 0.401s
2016-02-17 03:03:30,175 27265 DEBUG    [tempest_lib.common.rest_client] Request - Headers: {'Content-Type': 'application/json', 'Accept': 'application/json', 'X-Auth-Token': '&lt;omitted&gt;'}
        Body: {"os-getConsoleOutput": {}}
    Response - Headers: {'status': '200', 'content-length': '24668', 'x-compute-request-id': 'req-99472261-058b-4dae-8409-647c5e2f8c93', 'vary': 'X-OpenStack-Nova-API-Version', 'connection': 'close', 'x-openstack-nova-api-version': '2.1', 'date': 'Wed, 17 Feb 2016 03:03:30 GMT', 'content-type': 'application/json'}
        Body: {"output": "[    0.000000] Initializing cgroup subsys cpuset\n[    0.000000] Initializing cgroup subsys cpu\n[    0.000000] Linux version 3.2.0-80-virtual (buildd@batsu) (gcc version 4.6.3 (Ubuntu/Linaro 4.6.3-1ubuntu5) ) #116-Ubuntu SMP Mon Mar 23 17:28:52 UTC 2015 (Ubuntu 3.2.0-80.116-virtual 3.2.68)\n[    0.000000] Command line: root=/dev/vda console=tty0 console=ttyS0 no_timer_check\n[    0.000000] KERNEL supported cpus:\n[    0.000000]   Intel GenuineIntel\n[    0.000000]   AMD AuthenticAMD\n[    0.000000]   Centaur CentaurHauls\n[    0.000000] BIOS-provided physical RAM map:\n[    0.000000]  BIOS-e820: 0000000000000000 - 000000000009fc00 (usable)\n[    0.000000]  BIOS-e820: 000000000009fc00 - 00000000000a0000 (reserved)\n[    0.000000]  BIOS-e820: 00000000000f0000 - 0000000000100000 (reserved)\n[    0.000000]  BIOS-e820: 0000000000100000 - 0000000003ffe000 (usable)\n[    0.000000]  BIOS-e820: 0000000003ffe000 - 0000000004000000 (reserved)\n[    0.000000]  BIOS-e820: 00000000fffc0000 - 0000000100000000 (reserved)\n[    0.000000] NX (Execute Disable) protection: active\n[    0.000000] SMBIOS 2.4 present.\n[    0.000000] No AGP bridge found\n[    0.000000] last_pfn = 0x3ffe max_arch_pfn = 0x400000000\n[    0.000000] x86 PAT enabled: cpu 0, old 0x7040600070406, new 0x7010600070106\n[    0.000000] found SMP MP-table at [ffff8800000f0b00] f0b00\n[    0.000000] init_memory_mapping: 0000000000000000-0000000003ffe000\n[    0.000000] RAMDISK: 03c5e000 - 03ff0000\n[    0.000000] ACPI: RSDP 00000000000f0950 00014 (v00 BOCHS )\n[    0.000000] ACPI: RSDT 0000000003fffbc1 00034 (v01 BOCHS  BXPCRSDT 00000001 BXPC 00000001)\n[    0.000000] ACPI: FACP 0000000003fff1c0 00074 (v01 BOCHS  BXPCFACP 00000001 BXPC 00000001)\n[    0.000000] ACPI: DSDT 0000000003ffe040 01180 (v01 BOCHS  BXPCDSDT 00000001 BXPC 00000001)\n[    0.000000] ACPI: FACS 0000000003ffe000 00040\n[    0.000000] ACPI: SSDT 0000000003fff234 008DD (v01 BOCHS  BXPCSSDT 00000001 BXPC 00000001)\n[    0.000000] ACPI: APIC 0000000003fffb11 00078 (v01 BOCHS  BXPCAPIC 00000001 BXPC 00000001)\n[    0.000000] ACPI: HPET 0000000003fffb89 00038 (v01 BOCHS  BXPCHPET 00000001 BXPC 00000001)\n[    0.000000] No NUMA configuration found\n[    0.000000] Faking a node at 0000000000000000-0000000003ffe000\n[    0.000000] Initmem setup node 0 0000000000000000-0000000003ffe000\n[    0.000000]   NODE_DATA [0000000003ff6000 - 0000000003ffafff]\n[    0.000000] Zone PFN ranges:\n[    0.000000]   DMA      0x00000010 -&gt; 0x00001000\n[    0.000000]   DMA32    0x00001000 -&gt; 0x00100000\n[    0.000000]   Normal   empty\n[    0.000000] Movable zone start PFN for each node\n[    0.000000] early_node_map[2] active PFN ranges\n[    0.000000]     0: 0x00000010 -&gt; 0x0000009f\n[    0.000000]     0: 0x00000100 -&gt; 0x00003ffe\n[    0.000000] ACPI: PM-Timer IO Port: 0xb008\n[    0.000000] ACPI: LAPIC (acpi_id[0x00] lapic_id[0x00] enabled)\n[    0.000000] ACPI: LAPIC_NMI (acpi_id[0xff] dfl dfl lint[0x1])\n[    0.000000] ACPI: IOAPIC (id[0x00] address[0xfec00000] gsi_base[0])\n[    0.000000] IOAPIC[0]: apic_id 0, version 17, address 0xfec00000, GSI 0-23\n[    0.000000] ACPI: INT_SRC_OVR (bus 0 bus_irq 0 global_irq 2 dfl dfl)\n[    0.000000] ACPI: INT_SRC_OVR (bus 0 bus_irq 5 global_irq 5 high level)\n[    0.000000] ACPI: INT_SRC_OVR (bus 0 bus_irq 9 global_irq 9 high level)\n[    0.000000] ACPI: INT_SRC_OVR (bus 0 bus_irq 10 global_irq 10 high level)\n[    0.000000] ACPI: INT_SRC_OVR (bus 0 bus_irq 11 global_irq 11 high level)\n[    0.000000] Using ACPI (MADT) for SMP configuration information\n[    0.000000] ACPI: HPET id: 0x8086a201 base: 0xfed00000\n[    0.000000] SMP: Allowing 1 CPUs, 0 hotplug CPUs\n[    0.000000] PM: Registered nosave memory: 000000000009f000 - 00000000000a0000\n[    0.000000] PM: Registered nosave memory: 00000000000a0000 - 00000000000f0000\n[    0.000000] PM: Registered nosave memory: 00000000000f0000 - 0000000000100000\n[    0.000000] Allocating PCI resources starting at 4000000 (gap: 4000000:fbfc0000)\n[    0.000000] Booting paravirtualized kernel on bare hardware\n[    0.000000] setup_pe
2016-02-17 03:03:30,178 27265 DEBUG    [tempest.scenario.manager] Console output for d1df7606-27b5-4494-b1c5-9397dafcbee1
body=
[    0.000000] Initializing cgroup subsys cpuset
[    0.000000] Initializing cgroup subsys cpu
[    0.000000] Linux version 3.2.0-80-virtual (buildd@batsu) (gcc version 4.6.3 (Ubuntu/Linaro 4.6.3-1ubuntu5) ) #116-Ubuntu SMP Mon Mar 23 17:28:52 UTC 2015 (Ubuntu 3.2.0-80.116-virtual 3.2.68)
[    0.000000] Command line: root=/dev/vda console=tty0 console=ttyS0 no_timer_check
[    0.000000] KERNEL supported cpus:
[    0.000000]   Intel GenuineIntel
[    0.000000]   AMD AuthenticAMD
[    0.000000]   Centaur CentaurHauls
[    0.000000] BIOS-provided physical RAM map:
[    0.000000]  BIOS-e820: 0000000000000000 - 000000000009fc00 (usable)
[    0.000000]  BIOS-e820: 000000000009fc00 - 00000000000a0000 (reserved)
[    0.000000]  BIOS-e820: 00000000000f0000 - 0000000000100000 (reserved)
[    0.000000]  BIOS-e820: 0000000000100000 - 0000000003ffe000 (usable)
[    0.000000]  BIOS-e820: 0000000003ffe000 - 0000000004000000 (reserved)
[    0.000000]  BIOS-e820: 00000000fffc0000 - 0000000100000000 (reserved)
[    0.000000] NX (Execute Disable) protection: active
[    0.000000] SMBIOS 2.4 present.
[    0.000000] No AGP bridge found
[    0.000000] last_pfn = 0x3ffe max_arch_pfn = 0x400000000
[    0.000000] x86 PAT enabled: cpu 0, old 0x7040600070406, new 0x7010600070106
[    0.000000] found SMP MP-table at [ffff8800000f0b00] f0b00
[    0.000000] init_memory_mapping: 0000000000000000-0000000003ffe000
[    0.000000] RAMDISK: 03c5e000 - 03ff0000
[    0.000000] ACPI: RSDP 00000000000f0950 00014 (v00 BOCHS )
[    0.000000] ACPI: RSDT 0000000003fffbc1 00034 (v01 BOCHS  BXPCRSDT 00000001 BXPC 00000001)
[    0.000000] ACPI: FACP 0000000003fff1c0 00074 (v01 BOCHS  BXPCFACP 00000001 BXPC 00000001)
[    0.000000] ACPI: DSDT 0000000003ffe040 01180 (v01 BOCHS  BXPCDSDT 00000001 BXPC 00000001)
[    0.000000] ACPI: FACS 0000000003ffe000 00040
[    0.000000] ACPI: SSDT 0000000003fff234 008DD (v01 BOCHS  BXPCSSDT 00000001 BXPC 00000001)
[    0.000000] ACPI: APIC 0000000003fffb11 00078 (v01 BOCHS  BXPCAPIC 00000001 BXPC 00000001)
[    0.000000] ACPI: HPET 0000000003fffb89 00038 (v01 BOCHS  BXPCHPET 00000001 BXPC 00000001)
[    0.000000] No NUMA configuration found
[    0.000000] Faking a node at 0000000000000000-0000000003ffe000
[    0.000000] Initmem setup node 0 0000000000000000-0000000003ffe000
[    0.000000]   NODE_DATA [0000000003ff6000 - 0000000003ffafff]
[    0.000000] Zone PFN ranges:
[    0.000000]   DMA      0x00000010 -&gt; 0x00001000
[    0.000000]   DMA32    0x00001000 -&gt; 0x00100000
[    0.000000]   Normal   empty
[    0.000000] Movable zone start PFN for each node
[    0.000000] early_node_map[2] active PFN ranges
[    0.000000]     0: 0x00000010 -&gt; 0x0000009f
[    0.000000]     0: 0x00000100 -&gt; 0x00003ffe
[    0.000000] ACPI: PM-Timer IO Port: 0xb008
[    0.000000] ACPI: LAPIC (acpi_id[0x00] lapic_id[0x00] enabled)
[    0.000000] ACPI: LAPIC_NMI (acpi_id[0xff] dfl dfl lint[0x1])
[    0.000000] ACPI: IOAPIC (id[0x00] address[0xfec00000] gsi_base[0])
[    0.000000] IOAPIC[0]: apic_id 0, version 17, address 0xfec00000, GSI 0-23
[    0.000000] ACPI: INT_SRC_OVR (bus 0 bus_irq 0 global_irq 2 dfl dfl)
[    0.000000] ACPI: INT_SRC_OVR (bus 0 bus_irq 5 global_irq 5 high level)
[    0.000000] ACPI: INT_SRC_OVR (bus 0 bus_irq 9 global_irq 9 high level)
[    0.000000] ACPI: INT_SRC_OVR (bus 0 bus_irq 10 global_irq 10 high level)
[    0.000000] ACPI: INT_SRC_OVR (bus 0 bus_irq 11 global_irq 11 high level)
[    0.000000] Using ACPI (MADT) for SMP configuration information
[    0.000000] ACPI: HPET id: 0x8086a201 base: 0xfed00000
[    0.000000] SMP: Allowing 1 CPUs, 0 hotplug CPUs
[    0.000000] PM: Registered nosave memory: 000000000009f000 - 00000000000a0000
[    0.000000] PM: Registered nosave memory: 00000000000a0000 - 00000000000f0000
[    0.000000] PM: Registered nosave memory: 00000000000f0000 - 0000000000100000
[    0.000000] Allocating PCI resources starting at 4000000 (gap: 4000000:fbfc0000)
[    0.000000] Booting paravirtualized kernel on bare hardware
[    0.000000] setup_percpu: NR_CPUS:64 nr_cpumask_bits:64 nr_cpu_ids:1 nr_node_ids:1
[    0.000000] PERCPU: Embedded 27 pages/cpu @ffff880003a00000 s78848 r8192 d23552 u2097152
[    0.000000] Built 1 zonelists in Node order, mobility grouping on.  Total pages: 16008
[    0.000000] Policy zone: DMA32
[    0.000000] Kernel command line: root=/dev/vda console=tty0 console=ttyS0 no_timer_check
[    0.000000] PID hash table entries: 256 (order: -1, 2048 bytes)
[    0.000000] Checking aperture...
[    0.000000] No AGP bridge found
[    0.000000] Memory: 43492k/65528k available (6576k kernel code, 452k absent, 21584k reserved, 6620k data, 928k init)
[    0.000000] SLUB: Genslabs=15, HWalign=64, Order=0-3, MinObjects=0, CPUs=1, Nodes=1
[    0.000000] Hierarchical RCU implementation.
[    0.000000] 	RCU dyntick-idle grace-period acceleration is enabled.
[    0.000000] NR_IRQS:4352 nr_irqs:256 16
[    0.000000] Console: colour VGA+ 80x25
[    0.000000] console [tty0] enabled
[    0.000000] console [ttyS0] enabled
[    0.000000] allocated 1048576 bytes of page_cgroup
[    0.000000] please try 'cgroup_disable=memory' option if you don't want memory cgroups
[    0.000000] Fast TSC calibration failed
[    0.000000] TSC: Unable to calibrate against PIT
[    0.000000] TSC: using HPET reference calibration
[    0.000000] Detected 2291.461 MHz processor.
[    0.032999] Calibrating delay loop (skipped), value calculated using timer frequency.. 4582.92 BogoMIPS (lpj=9165844)
[    0.037403] pid_max: default: 32768 minimum: 301
[    0.048309] Security Framework initialized
[    0.054028] AppArmor: AppArmor initialized
[    0.056125] Yama: becoming mindful.
[    0.065710] Dentry cache hash table entries: 8192 (order: 4, 65536 bytes)
[    0.068677] Inode-cache hash table entries: 4096 (order: 3, 32768 bytes)
[    0.070457] Mount-cache hash table entries: 256
[    0.087208] Initializing cgroup subsys cpuacct
[    0.088324] Initializing cgroup subsys memory
[    0.089685] Initializing cgroup subsys devices
[    0.090377] Initializing cgroup subsys freezer
[    0.092197] Initializing cgroup subsys blkio
[    0.092900] Initializing cgroup subsys perf_event
[    0.097906] mce: CPU supports 10 MCE banks
[    0.101726] SMP alternatives: switching to UP code
[    0.497268] Freeing SMP alternatives: 24k freed
[    0.498897] ACPI: Core revision 20110623
[    0.546651] ftrace: allocating 26610 entries in 105 pages
[    0.578373] ..TIMER: vector=0x30 apic1=0 pin1=2 apic2=-1 pin2=-1
[    0.580154] CPU0: AMD QEMU Virtual CPU version 2.0.0 stepping 03
[    0.584035] Performance Events: Broken PMU hardware detected, using software events only.
[    0.599466] NMI watchdog disabled (cpu0): hardware events not enabled
[    0.605269] Brought up 1 CPUs
[    0.606503] Total of 1 processors activated (4582.92 BogoMIPS).
[    0.633640] devtmpfs: initialized
[    0.664704] EVM: security.selinux
[    0.665212] EVM: security.SMACK64
[    0.665790] EVM: security.capability
[    0.688130] print_constraints: dummy: 
[    0.689911] RTC time:  2:59:18, date: 02/17/16
[    0.692655] NET: Registered protocol family 16
[    0.701948] ACPI: bus type pci registered
[    0.705916] PCI: Using configuration type 1 for base access
[    0.737184] bio: create slab &lt;bio-0&gt; at 0
[    0.742577] ACPI: Added _OSI(Module Device)
[    0.743247] ACPI: Added _OSI(Processor Device)
[    0.744104] ACPI: Added _OSI(3.0 _SCP Extensions)
[    0.744733] ACPI: Added _OSI(Processor Aggregator Device)
[    0.818387] ACPI: Interpreter enabled
[    0.819018] ACPI: (supports S0 S3 S4 S5)
[    0.821431] ACPI: Using IOAPIC for interrupt routing
[    0.894222] ACPI: No dock devices found.
[    0.894829] HEST: Table not found.
[    0.895460] PCI: Using host bridge windows from ACPI; if necessary, use "pci=nocrs" and report a bug
[    0.901901] ACPI: PCI Root Bridge [PCI0] (domain 0000 [bus 00-ff])
[    0.912420] pci_root PNP0A03:00: host bridge window [io  0x0000-0x0cf7]
[    0.914062] pci_root PNP0A03:00: host bridge window [io  0x0d00-0xadff]
[    0.916165] pci_root PNP0A03:00: host bridge window [io  0xae0f-0xaeff]
[    0.917431] pci_root PNP0A03:00: host bridge window [io  0xaf20-0xafdf]
[    0.918412] pci_root PNP0A03:00: host bridge window [io  0xafe4-0xffff]
[    0.920976] pci_root PNP0A03:00: host bridge window [mem 0x000a0000-0x000bffff]
[    0.924186] pci_root PNP0A03:00: host bridge window [mem 0x04000000-0xfebfffff]
[    0.960161] pci 0000:00:01.3: quirk: [io  0xb000-0xb03f] claimed by PIIX4 ACPI
[    0.961347] pci 0000:00:01.3: quirk: [io  0xb100-0xb10f] claimed by PIIX4 SMB
[    1.034701]  pci0000:00: Unable to request _OSC control (_OSC support mask: 0x1e)
[    1.094679] ACPI: PCI Interrupt Link [LNKA] (IRQs 5 *10 11)
[    1.097241] ACPI: PCI Interrupt Link [LNKB] (IRQs 5 *10 11)
[    1.099208] ACPI: PCI Interrupt Link [LNKC] (IRQs 5 10 *11)
[    1.101382] ACPI: PCI Interrupt Link [LNKD] (IRQs 5 10 *11)
[    1.102748] ACPI: PCI Interrupt Link [LNKS] (IRQs *9)
[    1.110638] vgaarb: device added: PCI:0000:00:02.0,decodes=io+mem,owns=io+mem,locks=none
[    1.112194] vgaarb: loaded
[    1.112627] vgaarb: bridge control possible 0000:00:02.0
[    1.116876] i2c-core: driver [aat2870] using legacy suspend method
[    1.117729] i2c-core: driver [aat2870] using legacy resume method
[    1.120820] SCSI subsystem initialized
[    1.124820] usbcore: registered new interface driver usbfs
[    1.126016] usbcore: registered new interface driver hub
[    1.127240] usbcore: registered new device driver usb
[    1.132434] PCI: Using ACPI for IRQ routing
[    1.145354] NetLabel: Initializing
[    1.146224] NetLabel:  domain hash size = 128
[    1.148195] NetLabel:  protocols = UNLABELED CIPSOv4
[    1.153168] NetLabel:  unlabeled traffic allowed by default
[    1.157898] HPET: 3 timers in total, 0 timers will be used for per-cpu timer
[    1.158968] hpet0: at MMIO 0xfed00000, IRQs 2, 8, 0
[    1.160543] hpet0: 3 comparators, 64-bit 100.000000 MHz counter
[    1.174072] Switching to clocksource hpet
[    1.399695] AppArmor: AppArmor Filesystem Enabled
[    1.402246] pnp: PnP ACPI init
[    1.402908] ACPI: bus type pnp registered
[    1.422467] pnp: PnP ACPI: found 9 devices
[    1.423015] ACPI: ACPI bus type pnp unregistered
[    1.485350] NET: Registered protocol family 2
[    1.519390] IP route cache hash table entries: 512 (order: 0, 4096 bytes)
[    1.527450] TCP established hash table entries: 2048 (order: 3, 32768 bytes)
[    1.529902] TCP bind hash table entries: 2048 (order: 3, 32768 bytes)
[    1.530892] TCP: Hash tables configured (established 2048 bind 2048)
[    1.531649] TCP reno registered
[    1.532149] UDP hash table entries: 128 (order: 0, 4096 bytes)
[    1.533852] UDP-Lite hash table entries: 128 (order: 0, 4096 bytes)
[    1.536437] NET: Registered protocol family 1
[    1.537894] pci 0000:00:00.0: Limiting direct PCI/PCI transfers
[    1.538630] pci 0000:00:01.0: PIIX3: Enabling Passive Release
[    1.539554] pci 0000:00:01.0: Activating ISA DMA hang workarounds
[    1.545803] ACPI: PCI Interrupt Link [LNKD] enabled at IRQ 11
[    1.546616] pci 0000:00:01.2: PCI INT D -&gt; Link[LNKD] -&gt; GSI 11 (level, high) -&gt; IRQ 11
[    1.549523] pci 0000:00:01.2: PCI INT D disabled
[    1.567238] Trying to unpack rootfs image as initramfs...
[    1.583048] audit: initializing netlink socket (disabled)
[    1.590052] type=2000 audit(1455677958.584:1): initialized
[    1.858498] HugeTLB registered 2 MB page size, pre-allocated 0 pages
[    1.963573] VFS: Disk quotas dquot_6.5.2
[    1.965795] Dquot-cache hash table entries: 512 (order 0, 4096 bytes)
[    1.981708] fuse init (API version 7.17)
[    1.984063] msgmni has been set to 84
[    2.023899] Block layer SCSI generic (bsg) driver version 0.4 loaded (major 253)
[    2.027689] io scheduler noop registered
[    2.030188] io scheduler deadline registered (default)
[    2.031949] io scheduler cfq registered
[    2.037675] pci_hotplug: PCI Hot Plug PCI Core version: 0.5
[    2.039528] pciehp: PCI Express Hot Plug Controller Driver version: 0.4
[    2.045780] input: Power Button as /devices/LNXSYSTM:00/LNXPWRBN:00/input/input0
[    2.047382] ACPI: Power Button [PWRF]
[    2.102155] ERST: Table is not found!
[    2.102583] GHES: HEST is not enabled!
[    2.114767] ACPI: PCI Interrupt Link [LNKC] enabled at IRQ 10
[    2.115643] virtio-pci 0000:00:03.0: PCI INT A -&gt; Link[LNKC] -&gt; GSI 10 (level, high) -&gt; IRQ 10
[    2.120038] virtio-pci 0000:00:04.0: PCI INT A -&gt; Link[LNKD] -&gt; GSI 11 (level, high) -&gt; IRQ 11
[    2.140026] ACPI: PCI Interrupt Link [LNKA] enabled at IRQ 10
[    2.141537] virtio-pci 0000:00:05.0: PCI INT A -&gt; Link[LNKA] -&gt; GSI 10 (level, high) -&gt; IRQ 10
[    2.154707] Serial: 8250/16550 driver, 32 ports, IRQ sharing enabled
[    2.195805] serial8250: ttyS0 at I/O 0x3f8 (irq = 4) is a 16550A
[    2.278343] serial8250: ttyS1 at I/O 0x2f8 (irq = 3) is a 16550A
[    2.401497] 00:05: ttyS0 at I/O 0x3f8 (irq = 4) is a 16550A
[    2.476116] 00:06: ttyS1 at I/O 0x2f8 (irq = 3) is a 16550A
[    2.517299] Linux agpgart interface v0.103
[    2.553464] Refined TSC clocksource calibration: 2291.647 MHz.
[    2.554357] Switching to clocksource tsc
[    2.583556] brd: module loaded
[    2.619792] loop: module loaded
[    2.670050]  vda: unknown partition table
[    2.726689] scsi0 : ata_piix
[    2.732535] scsi1 : ata_piix
[    2.735815] ata1: PATA max MWDMA2 cmd 0x1f0 ctl 0x3f6 bmdma 0xc0a0 irq 14
[    2.738449] ata2: PATA max MWDMA2 cmd 0x170 ctl 0x376 bmdma 0xc0a8 irq 15
[    2.759476] Fixed MDIO Bus: probed
[    2.761955] tun: Universal TUN/TAP device driver, 1.6
[    2.762782] tun: (C) 1999-2004 Max Krasnyansky &lt;maxk@qualcomm.com&gt;
[    2.786847] PPP generic driver version 2.4.2
[    2.821781] ehci_hcd: USB 2.0 'Enhanced' Host Controller (EHCI) Driver
[    2.823840] ohci_hcd: USB 1.1 'Open' Host Controller (OHCI) Driver
[    2.826632] uhci_hcd: USB Universal Host Controller Interface driver
[    2.830217] uhci_hcd 0000:00:01.2: PCI INT D -&gt; Link[LNKD] -&gt; GSI 11 (level, high) -&gt; IRQ 11
[    2.834646] uhci_hcd 0000:00:01.2: UHCI Host Controller
[    2.853824] uhci_hcd 0000:00:01.2: new USB bus registered, assigned bus number 1
[    2.855627] uhci_hcd 0000:00:01.2: irq 11, io base 0x0000c040
[    2.901721] hub 1-0:1.0: USB hub found
[    2.904782] hub 1-0:1.0: 2 ports detected
[    2.913266] usbcore: registered new interface driver libusual
[    2.917152] i8042: PNP: PS/2 Controller [PNP0303:KBD,PNP0f13:MOU] at 0x60,0x64 irq 1,12
[    2.925807] serio: i8042 KBD port at 0x60,0x64 irq 1
[    2.927632] serio: i8042 AUX port at 0x60,0x64 irq 12
[    2.971993] mousedev: PS/2 mouse device common for all mice
[    2.982532] ata2.01: ATAPI: QEMU DVD-ROM, 2.0.0, max UDMA/100
[    2.995621] input: AT Translated Set 2 keyboard as /devices/platform/i8042/serio0/input/input1
[    3.001302] rtc_cmos 00:01: RTC can wake from S4
[    3.015603] rtc_cmos 00:01: rtc core: registered rtc_cmos as rtc0
[    3.020617] rtc0: alarms up to one day, 114 bytes nvram, hpet irqs
[    3.023901] device-mapper: uevent: version 1.0.3
[    3.038857] ata2.01: configured for MWDMA2
[    3.091899] device-mapper: ioctl: 4.22.0-ioctl (2011-10-19) initialised: dm-devel@redhat.com
[    3.095238] cpuidle: using governor ladder
[    3.095842] cpuidle: using governor menu
[    3.096955] EFI Variables Facility v0.08 2004-May-17
[    3.108455] TCP cubic registered
[    3.108455] NET: Registered protocol family 10
[    3.145141] NET: Registered protocol family 17
[    3.147347] Registering the dns_resolver key type
[    3.155706] scsi 1:0:1:0: CD-ROM            QEMU     QEMU DVD-ROM     2.0. PQ: 0 ANSI: 5
[    3.185155] sr0: scsi3-mmc drive: 4x/4x cd/rw xa/form2 tray
[    3.188648] cdrom: Uniform CD-ROM driver Revision: 3.20
[    3.220107] sr 1:0:1:0: Attached scsi generic sg0 type 5
[    3.252793] registered taskstats version 1
[    3.361365] Freeing initrd memory: 3656k freed
[    3.902296]   Magic number: 4:902:965
[    3.919907] rtc_cmos 00:01: setting system clock to 2016-02-17 02:59:22 UTC (1455677962)
[    3.923267] powernow-k8: Processor cpuid 663 not supported
[    3.929864] BIOS EDD facility v0.16 2004-Jun-25, 0 devices found
[    3.931454] EDD information not available.
[    4.015929] Freeing unused kernel memory: 928k freed
[    4.023723] Write protecting the kernel read-only data: 12288k
[    4.157553] Freeing unused kernel memory: 1596k freed
[    4.223810] Freeing unused kernel memory: 1184k freed

info: initramfs: up at 4.39
modprobe: module virtio_blk not found in modules.dep
modprobe: module virtio_net not found in modules.dep
info: copying initramfs to /dev/vda
info: initramfs loading root from /dev/vda
info: /etc/init.d/rc.sysinit: up at 9.27
info: container: none
Starting logging: OK
modprobe: module virtio_blk not found in modules.dep
modprobe: module virtio_net not found in modules.dep
WARN: /etc/rc3.d/S10-load-modules failed
Initializing random number generator... done.
Starting acpid: OK
cirros-ds 'local' up at 11.93
found datasource (configdrive, local)
Starting network...
udhcpc (v1.20.1) started
Sending discover...
Sending discover...
Sending discover...
Usage: /sbin/cirros-dhcpc &lt;up|down&gt;
No lease, failing
WARN: /etc/rc3.d/S40-network failed
Starting dropbear sshd: generating rsa key... generating dsa key... OK
no userdata for datasource
=== system information ===
Platform: OpenStack Foundation OpenStack Nova
Container: none
Arch: x86_64
CPU(s): 1 @ 2291.461 MHz
Cores/Sockets/Threads: 1/1/1
Virt-type: AMD-V
RAM Size: 49MB
Disks:
NAME MAJ:MIN     SIZE LABEL         MOUNTPOINT
vda  253:0   25165824 cirros-rootfs /
sr0   11:0     432128 config-2      
=== sshd host keys ===
-----BEGIN SSH HOST KEY KEYS-----
ssh-rsa AAAAB3NzaC1yc2EAAAADAQABAAAAgwCR35c7I0M2ZmJiLqom2VGXzpNDa1U5y0SEfVwvWFTyRi0S5SMA3I1apyPSh7JSM1+aV37p2C9E7TegrlKEgdXhCsHmcRmrukysrrx5Mi5g8V5/XGBjTxPdO6fsi5lX9Suu0H1dN2K5d+wJlV7R6QB20g+Fyg6zuMc+8Par1GzW0rl7 root@tempest
ssh-dss AAAAB3NzaC1kc3MAAACBAKAgZ/6TBjFdNWJdZaOypl4m4+es2I32UAJSAkORVrqgPqcRW0rCkc7+Y2HrFOgLyjU+MosAY16mFcVGrRhO3MX6eHStwAt4jTUj65hD24NzHM9zYApXFVS2V4O1FWhC1/7PB7AR/tmIGSeDUYHTwhzgG3atHQrikkOs9E6R1usDAAAAFQC9dh5OlS9/9cCmcslaS5PjOAAznQAAAIBsCQxcO5QHHp7PDEGdk7EN/AcNYC7QjE6LOcVDSBAFhlTOa5PnAcm/lnEFnx5iIEmDMG6wKob07KNSGVgrL9oPuRKXUb7YfCV2CX35yRLJSJzabgYsRn5lJW8JnNDd+PkrxL0YyoQqEZlzU+s0rEc08lIePexI/a5xPhE1ImcO4wAAAIEAkVWbVGE2qWsvau9lUxO2wIl1FFho3iKq5XabGWV8S6vSvw30R0IouySHCmgJ3HNr5aDklYq5HTAU+lFVQRVrrhnsrYHF00Qai59L70+Z+/wPwMv10S9MJvfM92aDhFNOFD1/WJRuJ6ylKJbf9grccveZpM7kf6PTOkJ432AJFmI= root@tempest
-----END SSH HOST KEY KEYS-----
=== network info ===
if-info: lo,up,127.0.0.1,8,::1
if-info: eth0,up,,8,fe80::f816:3eff:fe6d:e586
=== datasource: configdrive local ===
instance-id: d1df7606-27b5-4494-b1c5-9397dafcbee1
name: tempest.common.compute-instance-265713820
availability-zone: nova
local-hostname: tempest.common.compute-instance-265713820.novalocal
launch-index: 0
=== cirros: current=0.3.4 uptime=201.91 ===
route: fscanf
=== pinging gateway failed, debugging connection ===
############ debug start ##############
### /etc/init.d/sshd start
Starting dropbear sshd: OK
route: fscanf
### ifconfig -a
eth0      Link encap:Ethernet  HWaddr FA:16:3E:6D:E5:86  
          inet6 addr: fe80::f816:3eff:fe6d:e586/64 Scope:Link
          UP BROADCAST RUNNING MULTICAST  MTU:1500  Metric:1
          RX packets:13 errors:0 dropped:5 overruns:0 frame:0
          TX packets:8 errors:0 dropped:0 overruns:0 carrier:0
          collisions:0 txqueuelen:1000 
          RX bytes:1213 (1.1 KiB)  TX bytes:1134 (1.1 KiB)

lo        Link encap:Local Loopback  
          inet addr:127.0.0.1  Mask:255.0.0.0
          inet6 addr: ::1/128 Scope:Host
          UP LOOPBACK RUNNING  MTU:16436  Metric:1
          RX packets:12 errors:0 dropped:0 overruns:0 frame:0
          TX packets:12 errors:0 dropped:0 overruns:0 carrier:0
          collisions:0 txqueuelen:0 
          RX bytes:1020 (1020.0 B)  TX bytes:1020 (1020.0 B)

### route -n
Kernel IP routing table
Destination     Gateway         Genmask         Flags Metric Ref    Use Iface
route: fscanf
### cat /etc/resolv.conf
cat: can't open '/etc/resolv.conf': No such file or directory
### gateway not found
/sbin/cirros-status: line 1: can't open /etc/resolv.conf: no such file
### pinging nameservers
### uname -a
Linux tempest 3.2.0-80-virtual #116-Ubuntu SMP Mon Mar 23 17:28:52 UTC 2015 x86_64 GNU/Linux
### lsmod
Module                  Size  Used by    Not tainted
nls_iso8859_1          12713  0 
nls_cp437              16991  0 
vfat                   17585  0 
fat                    61512  1 vfat
isofs                  40259  0 
ip_tables              27473  0 
x_tables               29891  1 ip_tables
pcnet32                42119  0 
8139cp                 27360  0 
ne2k_pci               13691  0 
8390                   18856  1 ne2k_pci
e1000                 108589  0 
acpiphp                24231  0 
### dmesg | tail
[    5.294442] EXT3-fs (vda): mounted filesystem with ordered data mode
[    5.591915] ISO 9660 Extensions: Microsoft Joliet Level 3
[    5.674077] ISO 9660 Extensions: RRIP_1991A
[    5.935659] kjournald starting.  Commit interval 5 seconds
[    5.945683] EXT3-fs (vda): using internal journal
[    5.945804] EXT3-fs (vda): mounted filesystem with ordered data mode
[    9.346268] EXT3-fs (vda): using internal journal
[   12.734235] ISO 9660 Extensions: Microsoft Joliet Level 3
[   12.839404] ISO 9660 Extensions: RRIP_1991A
[   27.161997] eth0: no IPv6 routers present
### tail -n 25 /var/log/messages
Feb 17 02:59:29 cirros kern.info kernel: [    4.767362] acpiphp: Slot [26] registered
Feb 17 02:59:29 cirros kern.info kernel: [    4.767715] acpiphp: Slot [27] registered
Feb 17 02:59:29 cirros kern.info kernel: [    4.768071] acpiphp: Slot [28] registered
Feb 17 02:59:29 cirros kern.info kernel: [    4.769407] acpiphp: Slot [29] registered
Feb 17 02:59:29 cirros kern.info kernel: [    4.769771] acpiphp: Slot [30] registered
Feb 17 02:59:29 cirros kern.info kernel: [    4.770188] acpiphp: Slot [31] registered
Feb 17 02:59:29 cirros kern.info kernel: [    4.823976] e1000: Intel(R) PRO/1000 Network Driver - version 7.3.21-k8-NAPI
Feb 17 02:59:29 cirros kern.info kernel: [    4.824033] e1000: Copyright (c) 1999-2006 Intel Corporation.
Feb 17 02:59:29 cirros kern.info kernel: [    4.871176] ne2k-pci.c:v1.03 9/22/2003 D. Becker/P. Gortmaker
Feb 17 02:59:29 cirros kern.info kernel: [    4.921386] 8139cp: 8139cp: 10/100 PCI Ethernet driver v1.3 (Mar 22, 2004)
Feb 17 02:59:29 cirros kern.info kernel: [    4.978866] pcnet32: pcnet32.c:v1.35 21.Apr.2008 tsbogend@alpha.franken.de
Feb 17 02:59:29 cirros kern.info kernel: [    5.022271] ip_tables: (C) 2000-2006 Netfilter Core Team
Feb 17 02:59:29 cirros kern.info kernel: [    5.287294] kjournald starting.  Commit interval 5 seconds
Feb 17 02:59:29 cirros kern.info kernel: [    5.294442] EXT3-fs (vda): mounted filesystem with ordered data mode
Feb 17 02:59:29 cirros kern.debug kernel: [    5.591915] ISO 9660 Extensions: Microsoft Joliet Level 3
Feb 17 02:59:29 cirros kern.debug kernel: [    5.674077] ISO 9660 Extensions: RRIP_1991A
Feb 17 02:59:29 cirros kern.info kernel: [    5.935659] kjournald starting.  Commit interval 5 seconds
Feb 17 02:59:29 cirros kern.info kernel: [    5.945683] EXT3-fs (vda): using internal journal
Feb 17 02:59:29 cirros kern.info kernel: [    5.945804] EXT3-fs (vda): mounted filesystem with ordered data mode
Feb 17 02:59:29 cirros kern.info kernel: [    9.346268] EXT3-fs (vda): using internal journal
Feb 17 02:59:31 cirros kern.debug kernel: [   12.734235] ISO 9660 Extensions: Microsoft Joliet Level 3
Feb 17 02:59:31 cirros kern.debug kernel: [   12.839404] ISO 9660 Extensions: RRIP_1991A
Feb 17 02:59:34 cirros auth.notice su: + /dev/console root:cirros
Feb 17 02:59:45 cirros kern.debug kernel: [   27.161997] eth0: no IPv6 routers present
Feb 17 03:02:38 cirros authpriv.info dropbear[283]: Running in background
############ debug end   ##############
  ____               ____  ____
 / __/ __ ____ ____ / __ \/ __/
/ /__ / // __// __// /_/ /\ \ 
\___//_//_/  /_/   \____/___/ 
   http://cirros-cloud.net


login as 'cirros' user. default password: 'cubswin:)'. use 'sudo' for root.
tempest login: 
2016-02-17 03:03:30,598 27265 INFO     [tempest_lib.common.rest_client] Request (TestGettingAddress:_run_cleanups): 204 DELETE http://10.4.1.3:9696/v2.0/floatingips/ff8a6f6e-4fbb-4f1f-a1db-9755c8934505 0.413s
2016-02-17 03:03:30,598 27265 DEBUG    [tempest_lib.common.rest_client] Request - Headers: {'Content-Type': 'application/json', 'Accept': 'application/json', 'X-Auth-Token': '&lt;omitted&gt;'}
        Body: None
    Response - Headers: {'date': 'Wed, 17 Feb 2016 03:03:30 GMT', 'status': '204', 'connection': 'close', 'content-length': '0', 'x-openstack-request-id': 'req-7497271f-c0b1-4f8b-a39e-e41c266de286'}
        Body: 
2016-02-17 03:03:31,051 27265 INFO     [tempest_lib.common.rest_client] Request (TestGettingAddress:_run_cleanups): 204 DELETE http://10.4.1.3:8774/v2.1/76182f19c7b345679bed051254cfb6f4/servers/d1df7606-27b5-4494-b1c5-9397dafcbee1 0.451s
2016-02-17 03:03:31,052 27265 DEBUG    [tempest_lib.common.rest_client] Request - Headers: {'Content-Type': 'application/json', 'Accept': 'application/json', 'X-Auth-Token': '&lt;omitted&gt;'}
        Body: None
    Response - Headers: {'status': '204', 'content-length': '0', 'x-compute-request-id': 'req-8a080a0a-f4e3-4e78-a7f3-46e00e83406d', 'vary': 'X-OpenStack-Nova-API-Version', 'connection': 'close', 'x-openstack-nova-api-version': '2.1', 'date': 'Wed, 17 Feb 2016 03:03:31 GMT', 'content-type': 'application/json'}
        Body: 
2016-02-17 03:03:31,732 27265 INFO     [tempest_lib.common.rest_client] Request (TestGettingAddress:_run_cleanups): 200 GET http://10.4.1.3:8774/v2.1/76182f19c7b345679bed051254cfb6f4/servers/d1df7606-27b5-4494-b1c5-9397dafcbee1 0.679s
2016-02-17 03:03:31,733 27265 DEBUG    [tempest_lib.common.rest_client] Request - Headers: {'Content-Type': 'application/json', 'Accept': 'application/json', 'X-Auth-Token': '&lt;omitted&gt;'}
        Body: None
    Response - Headers: {'status': '200', 'content-length': '1899', 'content-location': 'http://10.4.1.3:8774/v2.1/76182f19c7b345679bed051254cfb6f4/servers/d1df7606-27b5-4494-b1c5-9397dafcbee1', 'x-compute-request-id': 'req-c91a81e6-d76c-4ac6-a4d5-3ed0241bbdae', 'vary': 'X-OpenStack-Nova-API-Version', 'connection': 'close', 'x-openstack-nova-api-version': '2.1', 'date': 'Wed, 17 Feb 2016 03:03:31 GMT', 'content-type': 'application/json'}
        Body: {"server": {"status": "ACTIVE", "updated": "2016-02-17T03:03:30Z", "hostId": "aa0239cd582779d5a192eff405a1b87e478a4c5544e337a532090dbd", "addresses": {"tempest-network-smoke--1943618368": [{"OS-EXT-IPS-MAC:mac_addr": "fa:16:3e:6d:e5:86", "version": 4, "addr": "10.100.0.3", "OS-EXT-IPS:type": "fixed"}, {"OS-EXT-IPS-MAC:mac_addr": "fa:16:3e:6d:e5:86", "version": 6, "addr": "2003::f816:3eff:fe6d:e586", "OS-EXT-IPS:type": "fixed"}, {"OS-EXT-IPS-MAC:mac_addr": "fa:16:3e:6d:e5:86", "version": 4, "addr": "172.24.4.4", "OS-EXT-IPS:type": "floating"}]}, "links": [{"href": "http://10.4.1.3:8774/v2.1/76182f19c7b345679bed051254cfb6f4/servers/d1df7606-27b5-4494-b1c5-9397dafcbee1", "rel": "self"}, {"href": "http://10.4.1.3:8774/76182f19c7b345679bed051254cfb6f4/servers/d1df7606-27b5-4494-b1c5-9397dafcbee1", "rel": "bookmark"}], "key_name": "tempest-TestGettingAddress-1810650088", "image": {"id": "471b3c15-cd6c-4c07-9682-b966ec393da2", "links": [{"href": "http://10.4.1.3:8774/76182f19c7b345679bed051254cfb6f4/images/471b3c15-cd6c-4c07-9682-b966ec393da2", "rel": "bookmark"}]}, "OS-EXT-STS:task_state": "deleting", "OS-EXT-STS:vm_state": "active", "OS-SRV-USG:launched_at": "2016-02-17T02:59:15.000000", "flavor": {"id": "42", "links": [{"href": "http://10.4.1.3:8774/76182f19c7b345679bed051254cfb6f4/flavors/42", "rel": "bookmark"}]}, "id": "d1df7606-27b5-4494-b1c5-9397dafcbee1", "security_groups": [{"name": "tempest-secgroup-smoke-910606330"}], "OS-SRV-USG:terminated_at": null, "OS-EXT-AZ:availability_zone": "nova", "user_id": "a4e2f224dc9847d486f5de5625fcdf13", "name": "tempest.common.compute-instance-265713820", "created": "2016-02-17T02:59:08Z", "tenant_id": "76182f19c7b345679bed051254cfb6f4", "OS-DCF:diskConfig": "MANUAL", "os-extended-volumes:volumes_attached": [], "accessIPv4": "", "accessIPv6": "", "progress": 0, "OS-EXT-STS:power_state": 1, "config_drive": "True", "metadata": {}}}
2016-02-17 03:03:33,143 27265 INFO     [tempest_lib.common.rest_client] Request (TestGettingAddress:_run_cleanups): 404 GET http://10.4.1.3:8774/v2.1/76182f19c7b345679bed051254cfb6f4/servers/d1df7606-27b5-4494-b1c5-9397dafcbee1 0.389s
2016-02-17 03:03:33,143 27265 DEBUG    [tempest_lib.common.rest_client] Request - Headers: {'Content-Type': 'application/json', 'Accept': 'application/json', 'X-Auth-Token': '&lt;omitted&gt;'}
        Body: None
    Response - Headers: {'status': '404', 'content-length': '111', 'x-compute-request-id': 'req-82e76b73-e75f-4aaa-bccc-b0ddf2315bb0', 'vary': 'X-OpenStack-Nova-API-Version', 'connection': 'close', 'x-openstack-nova-api-version': '2.1', 'date': 'Wed, 17 Feb 2016 03:03:33 GMT', 'content-type': 'application/json; charset=UTF-8'}
        Body: {"itemNotFound": {"message": "Instance d1df7606-27b5-4494-b1c5-9397dafcbee1 could not be found.", "code": 404}}
2016-02-17 03:03:33,868 27265 INFO     [tempest_lib.common.rest_client] Request (TestGettingAddress:_run_cleanups): 500 PUT http://10.4.1.3:9696/v2.0/routers/ebc04256-d119-4ecd-892d-a59d124c0dfa/remove_router_interface 0.723s
2016-02-17 03:03:33,869 27265 DEBUG    [tempest_lib.common.rest_client] Request - Headers: {'Content-Type': 'application/json', 'Accept': 'application/json', 'X-Auth-Token': '&lt;omitted&gt;'}
        Body: {"subnet_id": "41100c72-ebdb-4bb4-a9cb-c80eb78a2f16"}
    Response - Headers: {'status': '500', 'content-length': '150', 'connection': 'close', 'date': 'Wed, 17 Feb 2016 03:03:33 GMT', 'content-type': 'application/json; charset=UTF-8', 'x-openstack-request-id': 'req-cf8815c3-2195-4944-a8b2-5460f1df83b1'}
        Body: {"NeutronError": {"message": "Request Failed: internal server error while processing your request.", "type": "HTTPInternalServerError", "detail": ""}}
2016-02-17 03:03:34,362 27265 INFO     [tempest_lib.common.rest_client] Request (TestGettingAddress:_run_cleanups): 404 PUT http://10.4.1.3:9696/v2.0/routers/ebc04256-d119-4ecd-892d-a59d124c0dfa/remove_router_interface 0.489s
2016-02-17 03:03:34,363 27265 DEBUG    [tempest_lib.common.rest_client] Request - Headers: {'Content-Type': 'application/json', 'Accept': 'application/json', 'X-Auth-Token': '&lt;omitted&gt;'}
        Body: {"subnet_id": "41100c72-ebdb-4bb4-a9cb-c80eb78a2f16"}
    Response - Headers: {'status': '404', 'content-length': '198', 'connection': 'close', 'date': 'Wed, 17 Feb 2016 03:03:34 GMT', 'content-type': 'application/json; charset=UTF-8', 'x-openstack-request-id': 'req-d0350137-6244-47c7-bc35-0735ee040120'}
        Body: {"NeutronError": {"message": "Router ebc04256-d119-4ecd-892d-a59d124c0dfa has no interface on subnet 41100c72-ebdb-4bb4-a9cb-c80eb78a2f16", "type": "RouterInterfaceNotFoundForSubnet", "detail": ""}}
2016-02-17 03:03:35,021 27265 INFO     [tempest_lib.common.rest_client] Request (TestGettingAddress:_run_cleanups): 500 PUT http://10.4.1.3:9696/v2.0/routers/ebc04256-d119-4ecd-892d-a59d124c0dfa/remove_router_interface 0.657s
2016-02-17 03:03:35,022 27265 DEBUG    [tempest_lib.common.rest_client] Request - Headers: {'Content-Type': 'application/json', 'Accept': 'application/json', 'X-Auth-Token': '&lt;omitted&gt;'}
        Body: {"subnet_id": "f6998354-b25a-47a8-82d1-d6ac0e2268a1"}
    Response - Headers: {'status': '500', 'content-length': '150', 'connection': 'close', 'date': 'Wed, 17 Feb 2016 03:03:35 GMT', 'content-type': 'application/json; charset=UTF-8', 'x-openstack-request-id': 'req-d81da962-b210-4843-b27b-21ffff7a0593'}
        Body: {"NeutronError": {"message": "Request Failed: internal server error while processing your request.", "type": "HTTPInternalServerError", "detail": ""}}
2016-02-17 03:03:35,278 27265 INFO     [tempest_lib.common.rest_client] Request (TestGettingAddress:_run_cleanups): 200 GET http://10.4.1.3:9696/v2.0/routers/ebc04256-d119-4ecd-892d-a59d124c0dfa 0.255s
2016-02-17 03:03:35,279 27265 DEBUG    [tempest_lib.common.rest_client] Request - Headers: {'Content-Type': 'application/json', 'Accept': 'application/json', 'X-Auth-Token': '&lt;omitted&gt;'}
        Body: None
    Response - Headers: {'status': '200', 'content-length': '501', 'content-location': 'http://10.4.1.3:9696/v2.0/routers/ebc04256-d119-4ecd-892d-a59d124c0dfa', 'connection': 'close', 'date': 'Wed, 17 Feb 2016 03:03:35 GMT', 'content-type': 'application/json; charset=UTF-8', 'x-openstack-request-id': 'req-89352bbb-60fa-4fe8-8641-19f89ecf23cd'}
