<?xml version="1.0" encoding="UTF-8"?>
<!DOCTYPE html PUBLIC "-//W3C//DTD XHTML 1.0 Strict//EN"
     "http://www.w3.org/TR/xhtml1/DTD/xhtml1-strict.dtd">
<html xmlns="http://www.w3.org/1999/xhtml">
<head>
    <title>Unit Test Report</title>
    <meta name="generator" content="subunit2html 0.1"/>
    <meta http-equiv="Content-Type" content="text/html; charset=UTF-8"/>
    
<style type="text/css" media="screen">
body        { font-family: verdana, arial, helvetica, sans-serif;
    font-size: 80%; }
table       { font-size: 100%; width: 100%;}
pre         { font-size: 80%; }

/* -- heading -------------------------------------------------------------- */
h1 {
        font-size: 16pt;
        color: gray;
}
.heading {
    margin-top: 0ex;
    margin-bottom: 1ex;
}

.heading .attribute {
    margin-top: 1ex;
    margin-bottom: 0;
}

.heading .description {
    margin-top: 4ex;
    margin-bottom: 6ex;
}

/* -- css div popup -------------------------------------------------------- */
a.popup_link {
}

a.popup_link:hover {
    color: red;
}

.popup_window {
    display: none;
    overflow-x: scroll;
    /*border: solid #627173 1px; */
    padding: 10px;
    background-color: #E6E6D6;
    font-family: "Ubuntu Mono", "Lucida Console", "Courier New", monospace;
    text-align: left;
    font-size: 8pt;
}

}
/* -- report --------------------------------------------------------------- */
#show_detail_line {
    margin-top: 3ex;
    margin-bottom: 1ex;
}
#result_table {
    width: 100%;
    border-collapse: collapse;
    border: 1px solid #777;
}
#header_row {
    font-weight: bold;
    color: white;
    background-color: #777;
}
#result_table td {
    border: 1px solid #777;
    padding: 2px;
}
#total_row  { font-weight: bold; }
.passClass  { background-color: #6c6; }
.failClass  { background-color: #c60; }
.errorClass { background-color: #c00; }
.passCase   { color: #6c6; }
.failCase   { color: #c60; font-weight: bold; }
.errorCase  { color: #c00; font-weight: bold; }
.hiddenRow  { display: none; }
.testcase   { margin-left: 2em; }
td.testname {width: 40%}
td.small {width: 40px}

/* -- ending --------------------------------------------------------------- */
#ending {
}

</style>

</head>
<body>
<script language="javascript" type="text/javascript"><!--
output_list = Array();

/* level - 0:Summary; 1:Failed; 2:All */
function showCase(level) {
    trs = document.getElementsByTagName("tr");
    for (var i = 0; i < trs.length; i++) {
        tr = trs[i];
        id = tr.id;
        if (id.substr(0,2) == 'ft') {
            if (level < 1) {
                tr.className = 'hiddenRow';
            }
            else {
                tr.className = '';
            }
        }
        if (id.substr(0,2) == 'pt') {
            if (level > 1) {
                tr.className = '';
            }
            else {
                tr.className = 'hiddenRow';
            }
        }
    }
}


function showClassDetail(cid, count) {
    var id_list = Array(count);
    var toHide = 1;
    for (var i = 0; i < count; i++) {
        tid0 = 't' + cid.substr(1) + '.' + (i+1);
        tid = 'f' + tid0;
        tr = document.getElementById(tid);
        if (!tr) {
            tid = 'p' + tid0;
            tr = document.getElementById(tid);
        }
        id_list[i] = tid;
        if (tr.className) {
            toHide = 0;
        }
    }
    for (var i = 0; i < count; i++) {
        tid = id_list[i];
        if (toHide) {
            document.getElementById('div_'+tid).style.display = 'none'
            document.getElementById(tid).className = 'hiddenRow';
        }
        else {
            document.getElementById(tid).className = '';
        }
    }
}


function showTestDetail(div_id){
    var details_div = document.getElementById(div_id)
    var displayState = details_div.style.display
    // alert(displayState)
    if (displayState != 'block' ) {
        displayState = 'block'
        details_div.style.display = 'block'
    }
    else {
        details_div.style.display = 'none'
    }
}


function html_escape(s) {
    s = s.replace(/&/g,'&amp;');
    s = s.replace(/</g,'&lt;');
    s = s.replace(/>/g,'&gt;');
    return s;
}

/* obsoleted by detail in <div>
function showOutput(id, name) {
    var w = window.open("", //url
                    name,
                    "resizable,scrollbars,status,width=800,height=450");
    d = w.document;
    d.write("<pre>");
    d.write(html_escape(output_list[id]));
    d.write("\n");
    d.write("<a href='javascript:window.close()'>close</a>\n");
    d.write("</pre>\n");
    d.close();
}
*/
--></script>

<div class='heading'>
<h1>Unit Test Report</h1>

<p class='attribute'><strong>Status:</strong> Failure 8</p>

<p class='description'></p>
</div>



<p id='show_detail_line'>Show
<a href='javascript:showCase(0)'>Summary</a>
<a href='javascript:showCase(1)'>Failed</a>
<a href='javascript:showCase(2)'>All</a>
</p>
<table id='result_table'>
<colgroup>
<col align='left' />
<col align='right' />
<col align='right' />
<col align='right' />
<col align='right' />
<col align='right' />
<col align='right' />
<col align='right' />
</colgroup>
<tr id='header_row'>
    <td>Test Group/Test case</td>
    <td>Count</td>
    <td>Pass</td>
    <td>Fail</td>
    <td>Error</td>
    <td>Skip</td>
    <td>View</td>
    <td> </td>
</tr>

<tr class='failClass'>
    <td class="testname">tempest.scenario.test_network_v6.TestGettingAddress</td>
    <td class="small">8</td>
    <td class="small">0</td>
    <td class="small">8</td>
    <td class="small">0</td>
    <td class="small">0</td>
    <td class="small"><a href="javascript:showClassDetail('c1',8)"
>Detail</a></td>
    <td> </td>
</tr>

<tr id='ft1.1' class='none'>
    <td class='failCase'><div class='testcase'>test_dhcp6_stateless_from_os[compute,id-d7e1f858-187c-45a6-89c9-bdafde619a9f,network,slow]</div></td>
    <td colspan='7' align='left'>

    <!--css div popup start-->
    <a class="popup_link" onfocus='this.blur();'
    href="javascript:showTestDetail('div_ft1.1')" >
        fail</a>

    <div id='div_ft1.1' class="popup_window">
        <div style='text-align: right; color:red;cursor:pointer'>
        <a onfocus='this.blur();'
onclick="document.getElementById('div_ft1.1').style.display = 'none' " >
           [x]</a>
        </div>
        <pre>
        
ft1.1: tempest.scenario.test_network_v6.TestGettingAddress.test_dhcp6_stateless_from_os[compute,id-d7e1f858-187c-45a6-89c9-bdafde619a9f,network,slow]_StringException: Empty attachments:
  stderr
  stdout

pythonlogging:'': {{{
2016-02-18 09:13:24,332 27641 INFO     [tempest_lib.common.rest_client] Request (TestGettingAddress:setUp): 200 POST http://10.4.1.3:8774/v2.1/4e6af284702b4e6e9817ce79ad122772/os-keypairs 0.698s
2016-02-18 09:13:24,333 27641 DEBUG    [tempest_lib.common.rest_client] Request - Headers: {'Content-Type': 'application/json', 'Accept': 'application/json', 'X-Auth-Token': '&lt;omitted&gt;'}
        Body: {"keypair": {"name": "tempest-TestGettingAddress-1883035518"}}
    Response - Headers: {'status': '200', 'content-length': '2320', 'x-compute-request-id': 'req-db925445-c8cb-4823-9889-1013479df197', 'vary': 'X-OpenStack-Nova-API-Version', 'connection': 'close', 'x-openstack-nova-api-version': '2.1', 'date': 'Thu, 18 Feb 2016 09:13:24 GMT', 'content-type': 'application/json'}
        Body: {"keypair": {"public_key": "ssh-rsa AAAAB3NzaC1yc2EAAAADAQABAAABAQCc6ei5XQMpVbyo+RCsWwDGIncZi9GwgRi5hfppF8oo0n4tP6m11umn65PFfLMuhLwJHVjNW/Juq30ZOyBfBFGK22mreLJEWDZe9LdSe2nYR0+9acOibwVTAUL/yg6g4pnnTiTY9XESs81SwCLLCdOUVcQPsW/9lxgXIjnubu7h9pm7IaUL/VRfPwALvO4QRr33ncW6B9bzP9H97VjH+q+8XTp3XWiyzJKk1hPcZR8dA07SKefHGO7YnzNYRiDLYX/OCfZsay4LgtkkOwRotxjBgbRCe8mKl1078PDMk9lVX3Fs1Fhc1MhM38ghOKLMjHO2fwKZt/d0qQGAaJg9ynAH Generated-by-Nova", "private_key": "-----BEGIN RSA PRIVATE KEY-----\nMIIEqQIBAAKCAQEAnOnouV0DKVW8qPkQrFsAxiJ3GYvRsIEYuYX6aRfKKNJ+LT+p\ntdbpp+uTxXyzLoS8CR1YzVvybqt9GTsgXwRRittpq3iyRFg2XvS3Untp2EdPvWnD\nom8FUwFC/8oOoOKZ504k2PVxErPNUsAiywnTlFXED7Fv/ZcYFyI57m7u4faZuyGl\nC/1UXz8AC7zuEEa9953FugfW8z/R/e1Yx/qvvF06d11ossySpNYT3GUfHQNO0inn\nxxju2J8zWEYgy2F/zgn2bGsuC4LZJDsEaLcYwYG0QnvJipddO/DwzJPZVV9xbNRY\nXNTITN/IITiizIxztn8Cmbf3dKkBgGiYPcpwBwIDAQABAoIBAHW9EdHcl92xJoGH\neVpKYndJLyKtBicxhvLWNAIdRqSA5QpgxZ/a5bIJEvVRT0WtdUZFjfdxcaRW6uQ+\nuFhzbhgJ8O0oAGNF6W4wo0mxrscJIy0WKiQ8t7sDrFkwLO/Nd/vWZ9GfwTtuTLc1\n0iWVdvvLqvS3iDe44uug0+Uzue00JTqPPSRD6dFSMyos4W5hsetEGeYWQUXwFhse\nOLpN0JhxIiMxzALw+oQ3xI4RBXeJo4Ez10DaHF7Db6CeiJDlf0k7w06M2CZDE6Fm\nQspBqB0fzhsSKs3fJ7Fvy6xQBMq9ytxrxilJSM8qw5cpH4HViHvdFYEwM/srnPM6\n0lHaEmkCggCBALcBPcqV2IHBkDIWecd85IFcYY0XVG1Q4yhEhJrOiA4rjUSLVar2\naq+/bQ5hi0tcugtx2xznSON0FEOuIOOzLRfpNtFuuQK3nbth5mvPaUKYibt+leRQ\noa22NtBnpAZBOILRfq3qSYBkcsDJnq+NSr9k5X+kOjCl/B6BMNHvgdPDAoIAgQDb\ngHtws3lnCkHGXwEXA5ChUI55OrZUze72zpHFQ9+oo59m92J37RgQdltHbdaeF01d\nfrla1aTG8j44VV3Yu6doinCSvswrR8JEvlviI837phpsVOLUbUDtwXumZhLEFkSQ\n65s0AfwrlzdTbpY+zO4DQPK/xy0MQIZ0xfbwAblCbQKCAIEAnaT1HLl+WzBpzavs\n1bqxgPoakpbhRJXkSIDVliGJtGMx+zTn5DEHcEO/Zx8CBjZnkYpPzRMzh7Qr7K1o\naZ2kn69naHwv5bZUquFHw+FU9GhAZYJDDv2ieOi5SUeuVTEDxDVBIgHrtS1SaN6F\n0wYsuLjqtcy7z8J8b66sZnwiY08CggCAAv2sMOvxIotMPCS9QhAFX31Wg6ZeJ6eq\nsug7qkFzgbvBB0klqVastkS2l7GSdBMDNdvtMKSqmx9f46qeHb7o2A7S290HsStI\nJWGmpN0yCFTKFWHOuXBHqzWwtqK7bLqU8piTQ9EnG3zy/wsJtw9ZyueOpzhSj9Et\nQ9gStlB/sr0CggCBAI46RinvkP2KVfz+uiC7saeFSIZJepSQ2eLMQw/qFTpwOBqu\n10LuhQ8DUoPrD8vzcsPXjqqyWzTvVjW7m/tXTAR3zFfGW5Mm2Z5Foh4dIuYNueUd\neAqmID9L492bZRhJhQWRFm3B66KnwvkmYoXXiNFsWJzyz/zQZ24pUDtQyWGo\n-----END RSA PRIVATE KEY-----\n", "user_id": "2ab49e4014a149679ae488765ca4e8a2", "name": "tempest-TestGettingAddress-1883035518", "fingerprint": "a9:14:c0:49:6b:08:6c:ae:6f:62:96:a6:d0:36:47:b1"}}
2016-02-18 09:13:24,762 27641 INFO     [tempest_lib.common.rest_client] Request (TestGettingAddress:setUp): 201 POST http://10.4.1.3:9696/v2.0/security-groups 0.424s
2016-02-18 09:13:24,763 27641 DEBUG    [tempest_lib.common.rest_client] Request - Headers: {'Content-Type': 'application/json', 'Accept': 'application/json', 'X-Auth-Token': '&lt;omitted&gt;'}
        Body: {"security_group": {"tenant_id": "4e6af284702b4e6e9817ce79ad122772", "description": "tempest-secgroup-smoke-753318905 description", "name": "tempest-secgroup-smoke-753318905"}}
    Response - Headers: {'status': '201', 'content-length': '886', 'connection': 'close', 'date': 'Thu, 18 Feb 2016 09:13:24 GMT', 'content-type': 'application/json; charset=UTF-8', 'x-openstack-request-id': 'req-cc769d24-fc1c-4b4f-826e-f3c1d830b320'}
        Body: {"security_group": {"tenant_id": "4e6af284702b4e6e9817ce79ad122772", "description": "tempest-secgroup-smoke-753318905 description", "id": "3eadca54-0cd4-40cc-92c3-b5cab4d15b69", "security_group_rules": [{"remote_group_id": null, "direction": "egress", "remote_ip_prefix": null, "protocol": null, "ethertype": "IPv4", "tenant_id": "4e6af284702b4e6e9817ce79ad122772", "port_range_max": null, "port_range_min": null, "id": "be4b8c56-5a7e-442b-9924-dfbbe8968876", "security_group_id": "3eadca54-0cd4-40cc-92c3-b5cab4d15b69"}, {"remote_group_id": null, "direction": "egress", "remote_ip_prefix": null, "protocol": null, "ethertype": "IPv6", "tenant_id": "4e6af284702b4e6e9817ce79ad122772", "port_range_max": null, "port_range_min": null, "id": "974eccc7-14a3-4ad0-82be-61ea5c396d3d", "security_group_id": "3eadca54-0cd4-40cc-92c3-b5cab4d15b69"}], "name": "tempest-secgroup-smoke-753318905"}}
2016-02-18 09:13:25,099 27641 INFO     [tempest_lib.common.rest_client] Request (TestGettingAddress:setUp): 201 POST http://10.4.1.3:9696/v2.0/security-group-rules 0.334s
2016-02-18 09:13:25,100 27641 DEBUG    [tempest_lib.common.rest_client] Request - Headers: {'Content-Type': 'application/json', 'Accept': 'application/json', 'X-Auth-Token': '&lt;omitted&gt;'}
        Body: {"security_group_rule": {"direction": "ingress", "protocol": "tcp", "tenant_id": "4e6af284702b4e6e9817ce79ad122772", "port_range_max": 22, "security_group_id": "3eadca54-0cd4-40cc-92c3-b5cab4d15b69", "port_range_min": 22}}
    Response - Headers: {'status': '201', 'content-length': '340', 'connection': 'close', 'date': 'Thu, 18 Feb 2016 09:13:25 GMT', 'content-type': 'application/json; charset=UTF-8', 'x-openstack-request-id': 'req-ba1645c6-d422-449a-82e6-5dd3f08118ca'}
        Body: {"security_group_rule": {"remote_group_id": null, "direction": "ingress", "remote_ip_prefix": null, "protocol": "tcp", "ethertype": "IPv4", "tenant_id": "4e6af284702b4e6e9817ce79ad122772", "port_range_max": 22, "port_range_min": 22, "id": "b985857c-37ff-4403-8633-4674ff026a61", "security_group_id": "3eadca54-0cd4-40cc-92c3-b5cab4d15b69"}}
2016-02-18 09:13:25,420 27641 INFO     [tempest_lib.common.rest_client] Request (TestGettingAddress:setUp): 201 POST http://10.4.1.3:9696/v2.0/security-group-rules 0.317s
2016-02-18 09:13:25,420 27641 DEBUG    [tempest_lib.common.rest_client] Request - Headers: {'Content-Type': 'application/json', 'Accept': 'application/json', 'X-Auth-Token': '&lt;omitted&gt;'}
        Body: {"security_group_rule": {"direction": "egress", "protocol": "tcp", "tenant_id": "4e6af284702b4e6e9817ce79ad122772", "port_range_max": 22, "security_group_id": "3eadca54-0cd4-40cc-92c3-b5cab4d15b69", "port_range_min": 22}}
    Response - Headers: {'status': '201', 'content-length': '339', 'connection': 'close', 'date': 'Thu, 18 Feb 2016 09:13:25 GMT', 'content-type': 'application/json; charset=UTF-8', 'x-openstack-request-id': 'req-617a79bb-50db-454a-bfa6-d9c65fe3d3d4'}
        Body: {"security_group_rule": {"remote_group_id": null, "direction": "egress", "remote_ip_prefix": null, "protocol": "tcp", "ethertype": "IPv4", "tenant_id": "4e6af284702b4e6e9817ce79ad122772", "port_range_max": 22, "port_range_min": 22, "id": "c0a4aed7-2ecd-41e8-8947-5c3f40a4b7e4", "security_group_id": "3eadca54-0cd4-40cc-92c3-b5cab4d15b69"}}
2016-02-18 09:13:25,747 27641 INFO     [tempest_lib.common.rest_client] Request (TestGettingAddress:setUp): 201 POST http://10.4.1.3:9696/v2.0/security-group-rules 0.325s
2016-02-18 09:13:25,748 27641 DEBUG    [tempest_lib.common.rest_client] Request - Headers: {'Content-Type': 'application/json', 'Accept': 'application/json', 'X-Auth-Token': '&lt;omitted&gt;'}
        Body: {"security_group_rule": {"tenant_id": "4e6af284702b4e6e9817ce79ad122772", "direction": "ingress", "protocol": "icmp", "security_group_id": "3eadca54-0cd4-40cc-92c3-b5cab4d15b69"}}
    Response - Headers: {'status': '201', 'content-length': '345', 'connection': 'close', 'date': 'Thu, 18 Feb 2016 09:13:25 GMT', 'content-type': 'application/json; charset=UTF-8', 'x-openstack-request-id': 'req-965d29d4-a25c-406e-8712-36282a2437c9'}
        Body: {"security_group_rule": {"remote_group_id": null, "direction": "ingress", "remote_ip_prefix": null, "protocol": "icmp", "ethertype": "IPv4", "tenant_id": "4e6af284702b4e6e9817ce79ad122772", "port_range_max": null, "port_range_min": null, "id": "14f8d33c-126b-47e0-b095-a6e2726d91c6", "security_group_id": "3eadca54-0cd4-40cc-92c3-b5cab4d15b69"}}
2016-02-18 09:13:26,048 27641 INFO     [tempest_lib.common.rest_client] Request (TestGettingAddress:setUp): 201 POST http://10.4.1.3:9696/v2.0/security-group-rules 0.298s
2016-02-18 09:13:26,049 27641 DEBUG    [tempest_lib.common.rest_client] Request - Headers: {'Content-Type': 'application/json', 'Accept': 'application/json', 'X-Auth-Token': '&lt;omitted&gt;'}
        Body: {"security_group_rule": {"tenant_id": "4e6af284702b4e6e9817ce79ad122772", "direction": "egress", "protocol": "icmp", "security_group_id": "3eadca54-0cd4-40cc-92c3-b5cab4d15b69"}}
    Response - Headers: {'status': '201', 'content-length': '344', 'connection': 'close', 'date': 'Thu, 18 Feb 2016 09:13:26 GMT', 'content-type': 'application/json; charset=UTF-8', 'x-openstack-request-id': 'req-b77e9f40-7390-4138-b43f-a51357835dcc'}
        Body: {"security_group_rule": {"remote_group_id": null, "direction": "egress", "remote_ip_prefix": null, "protocol": "icmp", "ethertype": "IPv4", "tenant_id": "4e6af284702b4e6e9817ce79ad122772", "port_range_max": null, "port_range_min": null, "id": "e6eaec53-86a9-4f2f-a3cb-05a82687c3c4", "security_group_id": "3eadca54-0cd4-40cc-92c3-b5cab4d15b69"}}
2016-02-18 09:13:26,339 27641 INFO     [tempest_lib.common.rest_client] Request (TestGettingAddress:setUp): 201 POST http://10.4.1.3:9696/v2.0/security-group-rules 0.289s
2016-02-18 09:13:26,339 27641 DEBUG    [tempest_lib.common.rest_client] Request - Headers: {'Content-Type': 'application/json', 'Accept': 'application/json', 'X-Auth-Token': '&lt;omitted&gt;'}
        Body: {"security_group_rule": {"tenant_id": "4e6af284702b4e6e9817ce79ad122772", "direction": "ingress", "security_group_id": "3eadca54-0cd4-40cc-92c3-b5cab4d15b69", "protocol": "icmp", "ethertype": "IPv6"}}
    Response - Headers: {'status': '201', 'content-length': '345', 'connection': 'close', 'date': 'Thu, 18 Feb 2016 09:13:26 GMT', 'content-type': 'application/json; charset=UTF-8', 'x-openstack-request-id': 'req-cfad4a2e-366e-4850-9381-4a30e181217f'}
        Body: {"security_group_rule": {"remote_group_id": null, "direction": "ingress", "remote_ip_prefix": null, "protocol": "icmp", "ethertype": "IPv6", "tenant_id": "4e6af284702b4e6e9817ce79ad122772", "port_range_max": null, "port_range_min": null, "id": "6db27a73-0f13-4c32-baaa-a14c6bbd7a16", "security_group_id": "3eadca54-0cd4-40cc-92c3-b5cab4d15b69"}}
2016-02-18 09:13:26,656 27641 INFO     [tempest_lib.common.rest_client] Request (TestGettingAddress:setUp): 201 POST http://10.4.1.3:9696/v2.0/security-group-rules 0.316s
2016-02-18 09:13:26,657 27641 DEBUG    [tempest_lib.common.rest_client] Request - Headers: {'Content-Type': 'application/json', 'Accept': 'application/json', 'X-Auth-Token': '&lt;omitted&gt;'}
        Body: {"security_group_rule": {"tenant_id": "4e6af284702b4e6e9817ce79ad122772", "direction": "egress", "security_group_id": "3eadca54-0cd4-40cc-92c3-b5cab4d15b69", "protocol": "icmp", "ethertype": "IPv6"}}
    Response - Headers: {'status': '201', 'content-length': '344', 'connection': 'close', 'date': 'Thu, 18 Feb 2016 09:13:26 GMT', 'content-type': 'application/json; charset=UTF-8', 'x-openstack-request-id': 'req-8aaec4d0-1fea-470c-a5e8-dafb370ecaa6'}
        Body: {"security_group_rule": {"remote_group_id": null, "direction": "egress", "remote_ip_prefix": null, "protocol": "icmp", "ethertype": "IPv6", "tenant_id": "4e6af284702b4e6e9817ce79ad122772", "port_range_max": null, "port_range_min": null, "id": "3c61d91e-bfa3-4edf-b342-230bc5e7c373", "security_group_id": "3eadca54-0cd4-40cc-92c3-b5cab4d15b69"}}
2016-02-18 09:13:27,154 27641 INFO     [tempest_lib.common.rest_client] Request (TestGettingAddress:test_dhcp6_stateless_from_os): 201 POST http://10.4.1.3:9696/v2.0/networks 0.495s
2016-02-18 09:13:27,154 27641 DEBUG    [tempest_lib.common.rest_client] Request - Headers: {'Content-Type': 'application/json', 'Accept': 'application/json', 'X-Auth-Token': '&lt;omitted&gt;'}
        Body: {"network": {"tenant_id": "4e6af284702b4e6e9817ce79ad122772", "name": "tempest-network-smoke--418818693"}}
    Response - Headers: {'status': '201', 'content-length': '355', 'connection': 'close', 'date': 'Thu, 18 Feb 2016 09:13:27 GMT', 'content-type': 'application/json; charset=UTF-8', 'x-openstack-request-id': 'req-9a6f3174-e4a3-4d81-b00f-25cb9ecccdb0'}
        Body: {"network": {"status": "ACTIVE", "subnets": [], "availability_zone_hints": [], "availability_zones": [], "name": "tempest-network-smoke--418818693", "admin_state_up": true, "tenant_id": "4e6af284702b4e6e9817ce79ad122772", "mtu": 1450, "router:external": false, "shared": false, "port_security_enabled": true, "id": "13464bb0-ae1f-4107-b53b-fe75a1647614"}}
2016-02-18 09:13:27,371 27641 INFO     [tempest_lib.common.rest_client] Request (TestGettingAddress:test_dhcp6_stateless_from_os): 200 GET http://10.4.1.3:9696/v2.0/subnets?tenant_id=4e6af284702b4e6e9817ce79ad122772&amp;cidr=10.100.0.0%2F28 0.216s
2016-02-18 09:13:27,372 27641 DEBUG    [tempest_lib.common.rest_client] Request - Headers: {'Content-Type': 'application/json', 'Accept': 'application/json', 'X-Auth-Token': '&lt;omitted&gt;'}
        Body: None
    Response - Headers: {'status': '200', 'content-length': '15', 'content-location': 'http://10.4.1.3:9696/v2.0/subnets?tenant_id=4e6af284702b4e6e9817ce79ad122772&amp;cidr=10.100.0.0%2F28', 'connection': 'close', 'date': 'Thu, 18 Feb 2016 09:13:27 GMT', 'content-type': 'application/json; charset=UTF-8', 'x-openstack-request-id': 'req-5f8f1505-1f29-410a-bc2d-6ca259ac71d4'}
        Body: {"subnets": []}
2016-02-18 09:13:27,925 27641 INFO     [tempest_lib.common.rest_client] Request (TestGettingAddress:test_dhcp6_stateless_from_os): 201 POST http://10.4.1.3:9696/v2.0/subnets 0.551s
2016-02-18 09:13:27,926 27641 DEBUG    [tempest_lib.common.rest_client] Request - Headers: {'Content-Type': 'application/json', 'Accept': 'application/json', 'X-Auth-Token': '&lt;omitted&gt;'}
        Body: {"subnet": {"ip_version": 4, "tenant_id": "4e6af284702b4e6e9817ce79ad122772", "cidr": "10.100.0.0/28", "network_id": "13464bb0-ae1f-4107-b53b-fe75a1647614", "name": "tempest-sub4-362710501"}}
    Response - Headers: {'status': '201', 'content-length': '469', 'connection': 'close', 'date': 'Thu, 18 Feb 2016 09:13:27 GMT', 'content-type': 'application/json; charset=UTF-8', 'x-openstack-request-id': 'req-b00bc7a0-4a84-4896-b371-64d21fe65664'}
        Body: {"subnet": {"name": "tempest-sub4-362710501", "enable_dhcp": true, "network_id": "13464bb0-ae1f-4107-b53b-fe75a1647614", "tenant_id": "4e6af284702b4e6e9817ce79ad122772", "dns_nameservers": [], "gateway_ip": "10.100.0.1", "ipv6_ra_mode": null, "allocation_pools": [{"start": "10.100.0.2", "end": "10.100.0.14"}], "host_routes": [], "ip_version": 4, "ipv6_address_mode": null, "cidr": "10.100.0.0/28", "id": "f9b1f42e-00e6-43c2-aefe-8272260ee23b", "subnetpool_id": null}}
2016-02-18 09:13:28,278 27641 INFO     [tempest_lib.common.rest_client] Request (TestGettingAddress:test_dhcp6_stateless_from_os): 201 POST http://10.4.1.3:9696/v2.0/routers 0.350s
2016-02-18 09:13:28,278 27641 DEBUG    [tempest_lib.common.rest_client] Request - Headers: {'Content-Type': 'application/json', 'Accept': 'application/json', 'X-Auth-Token': '&lt;omitted&gt;'}
        Body: {"router": {"tenant_id": "4e6af284702b4e6e9817ce79ad122772", "name": "tempest-router-smoke-1827744306", "admin_state_up": true}}
    Response - Headers: {'status': '201', 'content-length': '239', 'connection': 'close', 'date': 'Thu, 18 Feb 2016 09:13:28 GMT', 'content-type': 'application/json; charset=UTF-8', 'x-openstack-request-id': 'req-2ca76e43-c658-4cf0-91f2-757283b751e4'}
        Body: {"router": {"status": "ACTIVE", "external_gateway_info": null, "name": "tempest-router-smoke-1827744306", "admin_state_up": true, "tenant_id": "4e6af284702b4e6e9817ce79ad122772", "routes": [], "id": "4de92192-c123-4517-8cce-3feaf5b09b7c"}}
2016-02-18 09:13:28,513 27641 INFO     [tempest_lib.common.rest_client] Request (TestGettingAddress:test_dhcp6_stateless_from_os): 200 GET http://10.4.1.3:9696/v2.0/routers/4de92192-c123-4517-8cce-3feaf5b09b7c 0.234s
2016-02-18 09:13:28,514 27641 DEBUG    [tempest_lib.common.rest_client] Request - Headers: {'Content-Type': 'application/json', 'Accept': 'application/json', 'X-Auth-Token': '&lt;omitted&gt;'}
        Body: None
    Response - Headers: {'status': '200', 'content-length': '239', 'content-location': 'http://10.4.1.3:9696/v2.0/routers/4de92192-c123-4517-8cce-3feaf5b09b7c', 'connection': 'close', 'date': 'Thu, 18 Feb 2016 09:13:28 GMT', 'content-type': 'application/json; charset=UTF-8', 'x-openstack-request-id': 'req-c88b5a73-58ed-4135-8c5b-c0c7385a2597'}
        Body: {"router": {"status": "ACTIVE", "external_gateway_info": null, "name": "tempest-router-smoke-1827744306", "admin_state_up": true, "tenant_id": "4e6af284702b4e6e9817ce79ad122772", "routes": [], "id": "4de92192-c123-4517-8cce-3feaf5b09b7c"}}
2016-02-18 09:13:29,363 27641 INFO     [tempest_lib.common.rest_client] Request (TestGettingAddress:test_dhcp6_stateless_from_os): 200 PUT http://10.4.1.3:9696/v2.0/routers/4de92192-c123-4517-8cce-3feaf5b09b7c 0.849s
2016-02-18 09:13:29,364 27641 DEBUG    [tempest_lib.common.rest_client] Request - Headers: {'Content-Type': 'application/json', 'Accept': 'application/json', 'X-Auth-Token': '&lt;omitted&gt;'}
        Body: {"router": {"external_gateway_info": {"network_id": "488a0c3a-31e0-4353-84ed-002636ffd05d"}, "name": "tempest-router-smoke-1827744306", "admin_state_up": true}}
    Response - Headers: {'status': '200', 'content-length': '501', 'connection': 'close', 'date': 'Thu, 18 Feb 2016 09:13:29 GMT', 'content-type': 'application/json; charset=UTF-8', 'x-openstack-request-id': 'req-836555b3-0e28-4136-9aa8-4fddd1136cc0'}
        Body: {"router": {"status": "ACTIVE", "external_gateway_info": {"network_id": "488a0c3a-31e0-4353-84ed-002636ffd05d", "enable_snat": true, "external_fixed_ips": [{"subnet_id": "a68f0f27-35ab-4bbd-8e66-9f2575fa4072", "ip_address": "172.24.4.3"}, {"subnet_id": "df5cbeae-93c2-4629-8d1a-119d98122096", "ip_address": "2001:db8::3"}]}, "name": "tempest-router-smoke-1827744306", "admin_state_up": true, "tenant_id": "4e6af284702b4e6e9817ce79ad122772", "routes": [], "id": "4de92192-c123-4517-8cce-3feaf5b09b7c"}}
2016-02-18 09:13:30,167 27641 INFO     [tempest_lib.common.rest_client] Request (TestGettingAddress:test_dhcp6_stateless_from_os): 200 PUT http://10.4.1.3:9696/v2.0/routers/4de92192-c123-4517-8cce-3feaf5b09b7c/add_router_interface 0.802s
2016-02-18 09:13:30,168 27641 DEBUG    [tempest_lib.common.rest_client] Request - Headers: {'Content-Type': 'application/json', 'Accept': 'application/json', 'X-Auth-Token': '&lt;omitted&gt;'}
        Body: {"subnet_id": "f9b1f42e-00e6-43c2-aefe-8272260ee23b"}
    Response - Headers: {'status': '200', 'content-length': '309', 'connection': 'close', 'date': 'Thu, 18 Feb 2016 09:13:30 GMT', 'content-type': 'application/json; charset=UTF-8', 'x-openstack-request-id': 'req-415dec4b-dfe3-47c6-a486-95fbf9ce40a8'}
        Body: {"network_id": "13464bb0-ae1f-4107-b53b-fe75a1647614", "tenant_id": "4e6af284702b4e6e9817ce79ad122772", "subnet_id": "f9b1f42e-00e6-43c2-aefe-8272260ee23b", "subnet_ids": ["f9b1f42e-00e6-43c2-aefe-8272260ee23b"], "port_id": "f191fc4e-81a8-4530-9f9a-81be8ed1d78d", "id": "4de92192-c123-4517-8cce-3feaf5b09b7c"}
2016-02-18 09:13:30,431 27641 INFO     [tempest_lib.common.rest_client] Request (TestGettingAddress:test_dhcp6_stateless_from_os): 200 GET http://10.4.1.3:9696/v2.0/subnets?tenant_id=4e6af284702b4e6e9817ce79ad122772&amp;cidr=2003%3A%3A%2F64 0.261s
2016-02-18 09:13:30,432 27641 DEBUG    [tempest_lib.common.rest_client] Request - Headers: {'Content-Type': 'application/json', 'Accept': 'application/json', 'X-Auth-Token': '&lt;omitted&gt;'}
        Body: None
    Response - Headers: {'status': '200', 'content-length': '15', 'content-location': 'http://10.4.1.3:9696/v2.0/subnets?tenant_id=4e6af284702b4e6e9817ce79ad122772&amp;cidr=2003%3A%3A%2F64', 'connection': 'close', 'date': 'Thu, 18 Feb 2016 09:13:30 GMT', 'content-type': 'application/json; charset=UTF-8', 'x-openstack-request-id': 'req-833a27e2-b514-4a9d-9eee-27a694c4a210'}
        Body: {"subnets": []}
2016-02-18 09:13:31,605 27641 INFO     [tempest_lib.common.rest_client] Request (TestGettingAddress:test_dhcp6_stateless_from_os): 201 POST http://10.4.1.3:9696/v2.0/subnets 1.172s
2016-02-18 09:13:31,606 27641 DEBUG    [tempest_lib.common.rest_client] Request - Headers: {'Content-Type': 'application/json', 'Accept': 'application/json', 'X-Auth-Token': '&lt;omitted&gt;'}
        Body: {"subnet": {"name": "tempest-sub6-124682934", "network_id": "13464bb0-ae1f-4107-b53b-fe75a1647614", "tenant_id": "4e6af284702b4e6e9817ce79ad122772", "ipv6_ra_mode": "dhcpv6-stateless", "ip_version": 6, "ipv6_address_mode": "dhcpv6-stateless", "cidr": "2003::/64"}}
    Response - Headers: {'status': '201', 'content-length': '501', 'connection': 'close', 'date': 'Thu, 18 Feb 2016 09:13:31 GMT', 'content-type': 'application/json; charset=UTF-8', 'x-openstack-request-id': 'req-c268924d-1866-403e-b26d-f38339a4c67a'}
        Body: {"subnet": {"name": "tempest-sub6-124682934", "enable_dhcp": true, "network_id": "13464bb0-ae1f-4107-b53b-fe75a1647614", "tenant_id": "4e6af284702b4e6e9817ce79ad122772", "dns_nameservers": [], "gateway_ip": "2003::1", "ipv6_ra_mode": "dhcpv6-stateless", "allocation_pools": [{"start": "2003::2", "end": "2003::ffff:ffff:ffff:ffff"}], "host_routes": [], "ip_version": 6, "ipv6_address_mode": "dhcpv6-stateless", "cidr": "2003::/64", "id": "a994b3ce-9c79-4b33-93c5-5abf5b681552", "subnetpool_id": null}}
2016-02-18 09:13:32,513 27641 INFO     [tempest_lib.common.rest_client] Request (TestGettingAddress:test_dhcp6_stateless_from_os): 200 PUT http://10.4.1.3:9696/v2.0/routers/4de92192-c123-4517-8cce-3feaf5b09b7c/add_router_interface 0.904s
2016-02-18 09:13:32,513 27641 DEBUG    [tempest_lib.common.rest_client] Request - Headers: {'Content-Type': 'application/json', 'Accept': 'application/json', 'X-Auth-Token': '&lt;omitted&gt;'}
        Body: {"subnet_id": "a994b3ce-9c79-4b33-93c5-5abf5b681552"}
    Response - Headers: {'status': '200', 'content-length': '309', 'connection': 'close', 'date': 'Thu, 18 Feb 2016 09:13:32 GMT', 'content-type': 'application/json; charset=UTF-8', 'x-openstack-request-id': 'req-afbae3f8-f472-47ac-a172-6160e617101c'}
        Body: {"network_id": "13464bb0-ae1f-4107-b53b-fe75a1647614", "tenant_id": "4e6af284702b4e6e9817ce79ad122772", "subnet_id": "a994b3ce-9c79-4b33-93c5-5abf5b681552", "subnet_ids": ["a994b3ce-9c79-4b33-93c5-5abf5b681552"], "port_id": "2d2d91f8-a917-43e9-9311-f4926c0333ab", "id": "4de92192-c123-4517-8cce-3feaf5b09b7c"}
2016-02-18 09:13:32,699 27641 INFO     [tempest_lib.common.rest_client] Request (TestGettingAddress:test_dhcp6_stateless_from_os): 200 POST http://10.4.1.3:5000/v2.0/tokens
2016-02-18 09:13:32,700 27641 DEBUG    [tempest_lib.common.rest_client] Request - Headers: {'Content-Type': 'application/json', 'Accept': 'application/json'}
        Body: &lt;omitted&gt;
    Response - Headers: {'status': '200', 'content-length': '2254', 'vary': 'X-Auth-Token', 'server': 'Apache/2.4.7 (Ubuntu)', 'connection': 'close', 'date': 'Thu, 18 Feb 2016 09:13:32 GMT', 'content-type': 'application/json', 'x-openstack-request-id': 'req-0d66ddae-2e15-4714-b033-bc8d7912275d'}
        Body: {"access": {"token": {"issued_at": "2016-02-18T09:13:32.685024", "expires": "2016-02-18T10:13:32Z", "id": "6e0525f907084776852da9aafe64bb8f", "tenant": {"description": "tempest-TestGettingAddress-692674089-desc", "enabled": true, "id": "4e6af284702b4e6e9817ce79ad122772", "name": "tempest-TestGettingAddress-692674089"}, "audit_ids": ["1D2PFCZ3SomD8M9ghpcOeQ"]}, "serviceCatalog": [{"endpoints": [{"adminURL": "http://10.4.1.3:9292", "region": "RegionOne", "internalURL": "http://10.4.1.3:9292", "id": "76c8fc2c048a499cb3a36f6c7d7aafae", "publicURL": "http://10.4.1.3:9292"}], "endpoints_links": [], "type": "image", "name": "glance"}, {"endpoints": [{"adminURL": "http://10.4.1.3:8774/v2.1/4e6af284702b4e6e9817ce79ad122772", "region": "RegionOne", "internalURL": "http://10.4.1.3:8774/v2.1/4e6af284702b4e6e9817ce79ad122772", "id": "7f55a1b3758544629f0db7b7f310c8ad", "publicURL": "http://10.4.1.3:8774/v2.1/4e6af284702b4e6e9817ce79ad122772"}], "endpoints_links": [], "type": "compute", "name": "nova"}, {"endpoints": [{"adminURL": "http://10.4.1.3:8774/v2/4e6af284702b4e6e9817ce79ad122772", "region": "RegionOne", "internalURL": "http://10.4.1.3:8774/v2/4e6af284702b4e6e9817ce79ad122772", "id": "0e861d9311bb4af1a83be79732767b21", "publicURL": "http://10.4.1.3:8774/v2/4e6af284702b4e6e9817ce79ad122772"}], "endpoints_links": [], "type": "compute_legacy", "name": "nova_legacy"}, {"endpoints": [{"adminURL": "http://10.4.1.3:35357/v2.0", "region": "RegionOne", "internalURL": "http://10.4.1.3:5000/v2.0", "id": "3e7b2e0eb76e490781b24b1632456ced", "publicURL": "http://10.4.1.3:5000/v2.0"}], "endpoints_links": [], "type": "identity", "name": "keystone"}, {"endpoints": [{"adminURL": "http://10.4.1.3:9696/", "region": "RegionOne", "internalURL": "http://10.4.1.3:9696/", "id": "645a37d834834a7d9191c90b368f56a4", "publicURL": "http://10.4.1.3:9696/"}], "endpoints_links": [], "type": "network", "name": "neutron"}], "user": {"username": "tempest-TestGettingAddress-1157747386", "roles_links": [], "id": "2ab49e4014a149679ae488765ca4e8a2", "roles": [{"name": "Member"}, {"name": "_member_"}], "name": "tempest-TestGettingAddress-1157747386"}, "metadata": {"is_admin": 0, "roles": ["32a8106722c5407e9243b1e0341c7fa1", "9fe2ff9ee4384b1894a90878d3e92bab"]}}}
2016-02-18 09:13:32,706 27641 DEBUG    [tempest.common.fixed_network] (TestGettingAddress:test_dhcp6_stateless_from_os) No valid network provided or created, defaulting to fixed_network_name
2016-02-18 09:13:33,220 27641 INFO     [tempest_lib.common.rest_client] Request (TestGettingAddress:test_dhcp6_stateless_from_os): 200 GET http://10.4.1.3:8774/v2.1/4e6af284702b4e6e9817ce79ad122772/os-networks 0.513s
2016-02-18 09:13:33,221 27641 DEBUG    [tempest_lib.common.rest_client] Request - Headers: {'Content-Type': 'application/json', 'Accept': 'application/json', 'X-Auth-Token': '&lt;omitted&gt;'}
        Body: None
    Response - Headers: {'status': '200', 'content-length': '478', 'content-location': 'http://10.4.1.3:8774/v2.1/4e6af284702b4e6e9817ce79ad122772/os-networks', 'x-compute-request-id': 'req-5bc51bc9-e396-4e39-989e-ef5e85bea436', 'vary': 'X-OpenStack-Nova-API-Version', 'connection': 'close', 'x-openstack-nova-api-version': '2.1', 'date': 'Thu, 18 Feb 2016 09:13:33 GMT', 'content-type': 'application/json'}
        Body: {"networks": [{"cidr_v6": null, "dns2": null, "dns1": null, "gateway": null, "broadcast": null, "netmask": null, "gateway_v6": null, "cidr": null, "label": "tempest-network-smoke--418818693", "id": "13464bb0-ae1f-4107-b53b-fe75a1647614", "netmask_v6": null}, {"cidr_v6": null, "dns2": null, "dns1": null, "gateway": null, "broadcast": null, "netmask": null, "gateway_v6": null, "cidr": null, "label": "public", "id": "488a0c3a-31e0-4353-84ed-002636ffd05d", "netmask_v6": null}]}
2016-02-18 09:13:33,221 27641 WARNING  [tempest.common.fixed_network] (TestGettingAddress:test_dhcp6_stateless_from_os) Network with name: private not found
2016-02-18 09:13:33,222 27641 INFO     [tempest.common.fixed_network] (TestGettingAddress:test_dhcp6_stateless_from_os) Found network {} available for tenant
2016-02-18 09:13:36,566 27641 INFO     [tempest_lib.common.rest_client] Request (TestGettingAddress:test_dhcp6_stateless_from_os): 202 POST http://10.4.1.3:8774/v2.1/4e6af284702b4e6e9817ce79ad122772/servers 3.343s
2016-02-18 09:13:36,566 27641 DEBUG    [tempest_lib.common.rest_client] Request - Headers: {'Content-Type': 'application/json', 'Accept': 'application/json', 'X-Auth-Token': '&lt;omitted&gt;'}
        Body: {"server": {"name": "tempest.common.compute-instance-1964398857", "imageRef": "2d6f9566-d8d5-4927-8ea2-232f11a62b4e", "key_name": "tempest-TestGettingAddress-1883035518", "flavorRef": "42", "networks": [{"uuid": "13464bb0-ae1f-4107-b53b-fe75a1647614"}], "security_groups": [{"name": "tempest-secgroup-smoke-753318905"}]}}
    Response - Headers: {'status': '202', 'content-length': '459', 'x-compute-request-id': 'req-b90d05f5-4581-4866-8232-9ac253169c9a', 'vary': 'X-OpenStack-Nova-API-Version', 'connection': 'close', 'location': 'http://10.4.1.3:8774/v2.1/4e6af284702b4e6e9817ce79ad122772/servers/3fb6f4b0-1930-46d0-9e77-f24032f36184', 'x-openstack-nova-api-version': '2.1', 'date': 'Thu, 18 Feb 2016 09:13:36 GMT', 'content-type': 'application/json'}
        Body: {"server": {"security_groups": [{"name": "tempest-secgroup-smoke-753318905"}], "OS-DCF:diskConfig": "MANUAL", "id": "3fb6f4b0-1930-46d0-9e77-f24032f36184", "links": [{"href": "http://10.4.1.3:8774/v2.1/4e6af284702b4e6e9817ce79ad122772/servers/3fb6f4b0-1930-46d0-9e77-f24032f36184", "rel": "self"}, {"href": "http://10.4.1.3:8774/4e6af284702b4e6e9817ce79ad122772/servers/3fb6f4b0-1930-46d0-9e77-f24032f36184", "rel": "bookmark"}], "adminPass": "Q2snExZYZjPj"}}
2016-02-18 09:13:37,157 27641 INFO     [tempest_lib.common.rest_client] Request (TestGettingAddress:test_dhcp6_stateless_from_os): 200 GET http://10.4.1.3:8774/v2.1/4e6af284702b4e6e9817ce79ad122772/servers/3fb6f4b0-1930-46d0-9e77-f24032f36184 0.586s
2016-02-18 09:13:37,157 27641 DEBUG    [tempest_lib.common.rest_client] Request - Headers: {'Content-Type': 'application/json', 'Accept': 'application/json', 'X-Auth-Token': '&lt;omitted&gt;'}
        Body: None
    Response - Headers: {'status': '200', 'content-length': '1351', 'content-location': 'http://10.4.1.3:8774/v2.1/4e6af284702b4e6e9817ce79ad122772/servers/3fb6f4b0-1930-46d0-9e77-f24032f36184', 'x-compute-request-id': 'req-05bf697d-aa6b-43ea-8c19-e6a32038283d', 'vary': 'X-OpenStack-Nova-API-Version', 'connection': 'close', 'x-openstack-nova-api-version': '2.1', 'date': 'Thu, 18 Feb 2016 09:13:37 GMT', 'content-type': 'application/json'}
        Body: {"server": {"status": "BUILD", "updated": "2016-02-18T09:13:36Z", "hostId": "", "addresses": {}, "links": [{"href": "http://10.4.1.3:8774/v2.1/4e6af284702b4e6e9817ce79ad122772/servers/3fb6f4b0-1930-46d0-9e77-f24032f36184", "rel": "self"}, {"href": "http://10.4.1.3:8774/4e6af284702b4e6e9817ce79ad122772/servers/3fb6f4b0-1930-46d0-9e77-f24032f36184", "rel": "bookmark"}], "key_name": "tempest-TestGettingAddress-1883035518", "image": {"id": "2d6f9566-d8d5-4927-8ea2-232f11a62b4e", "links": [{"href": "http://10.4.1.3:8774/4e6af284702b4e6e9817ce79ad122772/images/2d6f9566-d8d5-4927-8ea2-232f11a62b4e", "rel": "bookmark"}]}, "OS-EXT-STS:task_state": "scheduling", "OS-EXT-STS:vm_state": "building", "OS-SRV-USG:launched_at": null, "flavor": {"id": "42", "links": [{"href": "http://10.4.1.3:8774/4e6af284702b4e6e9817ce79ad122772/flavors/42", "rel": "bookmark"}]}, "id": "3fb6f4b0-1930-46d0-9e77-f24032f36184", "OS-SRV-USG:terminated_at": null, "OS-EXT-AZ:availability_zone": "", "user_id": "2ab49e4014a149679ae488765ca4e8a2", "name": "tempest.common.compute-instance-1964398857", "created": "2016-02-18T09:13:36Z", "tenant_id": "4e6af284702b4e6e9817ce79ad122772", "OS-DCF:diskConfig": "MANUAL", "os-extended-volumes:volumes_attached": [], "accessIPv4": "", "accessIPv6": "", "progress": 0, "OS-EXT-STS:power_state": 0, "config_drive": "", "metadata": {}}}
2016-02-18 09:13:38,738 27641 INFO     [tempest_lib.common.rest_client] Request (TestGettingAddress:test_dhcp6_stateless_from_os): 200 GET http://10.4.1.3:8774/v2.1/4e6af284702b4e6e9817ce79ad122772/servers/3fb6f4b0-1930-46d0-9e77-f24032f36184 0.568s
2016-02-18 09:13:38,739 27641 DEBUG    [tempest_lib.common.rest_client] Request - Headers: {'Content-Type': 'application/json', 'Accept': 'application/json', 'X-Auth-Token': '&lt;omitted&gt;'}
        Body: None
    Response - Headers: {'status': '200', 'content-length': '1409', 'content-location': 'http://10.4.1.3:8774/v2.1/4e6af284702b4e6e9817ce79ad122772/servers/3fb6f4b0-1930-46d0-9e77-f24032f36184', 'x-compute-request-id': 'req-a2b23fd6-4872-4c6c-9145-6d3320a353b3', 'vary': 'X-OpenStack-Nova-API-Version', 'connection': 'close', 'x-openstack-nova-api-version': '2.1', 'date': 'Thu, 18 Feb 2016 09:13:38 GMT', 'content-type': 'application/json'}
        Body: {"server": {"status": "BUILD", "updated": "2016-02-18T09:13:37Z", "hostId": "5f67f09b1236aa53ba021fdb77e5d7de40bf1cca05e449b5339b8701", "addresses": {}, "links": [{"href": "http://10.4.1.3:8774/v2.1/4e6af284702b4e6e9817ce79ad122772/servers/3fb6f4b0-1930-46d0-9e77-f24032f36184", "rel": "self"}, {"href": "http://10.4.1.3:8774/4e6af284702b4e6e9817ce79ad122772/servers/3fb6f4b0-1930-46d0-9e77-f24032f36184", "rel": "bookmark"}], "key_name": "tempest-TestGettingAddress-1883035518", "image": {"id": "2d6f9566-d8d5-4927-8ea2-232f11a62b4e", "links": [{"href": "http://10.4.1.3:8774/4e6af284702b4e6e9817ce79ad122772/images/2d6f9566-d8d5-4927-8ea2-232f11a62b4e", "rel": "bookmark"}]}, "OS-EXT-STS:task_state": "spawning", "OS-EXT-STS:vm_state": "building", "OS-SRV-USG:launched_at": null, "flavor": {"id": "42", "links": [{"href": "http://10.4.1.3:8774/4e6af284702b4e6e9817ce79ad122772/flavors/42", "rel": "bookmark"}]}, "id": "3fb6f4b0-1930-46d0-9e77-f24032f36184", "OS-SRV-USG:terminated_at": null, "OS-EXT-AZ:availability_zone": "nova", "user_id": "2ab49e4014a149679ae488765ca4e8a2", "name": "tempest.common.compute-instance-1964398857", "created": "2016-02-18T09:13:36Z", "tenant_id": "4e6af284702b4e6e9817ce79ad122772", "OS-DCF:diskConfig": "MANUAL", "os-extended-volumes:volumes_attached": [], "accessIPv4": "", "accessIPv6": "", "progress": 0, "OS-EXT-STS:power_state": 0, "config_drive": "", "metadata": {}}}
2016-02-18 09:13:38,747 27641 INFO     [tempest.common.waiters] State transition "BUILD/scheduling" ==&gt; "BUILD/spawning" after 1 second wait
2016-02-18 09:13:40,478 27641 INFO     [tempest_lib.common.rest_client] Request (TestGettingAddress:test_dhcp6_stateless_from_os): 200 GET http://10.4.1.3:8774/v2.1/4e6af284702b4e6e9817ce79ad122772/servers/3fb6f4b0-1930-46d0-9e77-f24032f36184 0.731s
2016-02-18 09:13:40,479 27641 DEBUG    [tempest_lib.common.rest_client] Request - Headers: {'Content-Type': 'application/json', 'Accept': 'application/json', 'X-Auth-Token': '&lt;omitted&gt;'}
        Body: None
    Response - Headers: {'status': '200', 'content-length': '1476', 'content-location': 'http://10.4.1.3:8774/v2.1/4e6af284702b4e6e9817ce79ad122772/servers/3fb6f4b0-1930-46d0-9e77-f24032f36184', 'x-compute-request-id': 'req-304f0615-1189-4606-a863-860fdec5fded', 'vary': 'X-OpenStack-Nova-API-Version', 'connection': 'close', 'x-openstack-nova-api-version': '2.1', 'date': 'Thu, 18 Feb 2016 09:13:40 GMT', 'content-type': 'application/json'}
        Body: {"server": {"status": "BUILD", "updated": "2016-02-18T09:13:37Z", "hostId": "5f67f09b1236aa53ba021fdb77e5d7de40bf1cca05e449b5339b8701", "addresses": {}, "links": [{"href": "http://10.4.1.3:8774/v2.1/4e6af284702b4e6e9817ce79ad122772/servers/3fb6f4b0-1930-46d0-9e77-f24032f36184", "rel": "self"}, {"href": "http://10.4.1.3:8774/4e6af284702b4e6e9817ce79ad122772/servers/3fb6f4b0-1930-46d0-9e77-f24032f36184", "rel": "bookmark"}], "key_name": "tempest-TestGettingAddress-1883035518", "image": {"id": "2d6f9566-d8d5-4927-8ea2-232f11a62b4e", "links": [{"href": "http://10.4.1.3:8774/4e6af284702b4e6e9817ce79ad122772/images/2d6f9566-d8d5-4927-8ea2-232f11a62b4e", "rel": "bookmark"}]}, "OS-EXT-STS:task_state": "spawning", "OS-EXT-STS:vm_state": "building", "OS-SRV-USG:launched_at": null, "flavor": {"id": "42", "links": [{"href": "http://10.4.1.3:8774/4e6af284702b4e6e9817ce79ad122772/flavors/42", "rel": "bookmark"}]}, "id": "3fb6f4b0-1930-46d0-9e77-f24032f36184", "security_groups": [{"name": "tempest-secgroup-smoke-753318905"}], "OS-SRV-USG:terminated_at": null, "OS-EXT-AZ:availability_zone": "nova", "user_id": "2ab49e4014a149679ae488765ca4e8a2", "name": "tempest.common.compute-instance-1964398857", "created": "2016-02-18T09:13:36Z", "tenant_id": "4e6af284702b4e6e9817ce79ad122772", "OS-DCF:diskConfig": "MANUAL", "os-extended-volumes:volumes_attached": [], "accessIPv4": "", "accessIPv6": "", "progress": 0, "OS-EXT-STS:power_state": 0, "config_drive": "", "metadata": {}}}
2016-02-18 09:13:42,173 27641 INFO     [tempest_lib.common.rest_client] Request (TestGettingAddress:test_dhcp6_stateless_from_os): 200 GET http://10.4.1.3:8774/v2.1/4e6af284702b4e6e9817ce79ad122772/servers/3fb6f4b0-1930-46d0-9e77-f24032f36184 0.681s
2016-02-18 09:13:42,173 27641 DEBUG    [tempest_lib.common.rest_client] Request - Headers: {'Content-Type': 'application/json', 'Accept': 'application/json', 'X-Auth-Token': '&lt;omitted&gt;'}
        Body: None
    Response - Headers: {'status': '200', 'content-length': '1476', 'content-location': 'http://10.4.1.3:8774/v2.1/4e6af284702b4e6e9817ce79ad122772/servers/3fb6f4b0-1930-46d0-9e77-f24032f36184', 'x-compute-request-id': 'req-8cba50cd-cd92-4dbc-b706-60a47178a489', 'vary': 'X-OpenStack-Nova-API-Version', 'connection': 'close', 'x-openstack-nova-api-version': '2.1', 'date': 'Thu, 18 Feb 2016 09:13:42 GMT', 'content-type': 'application/json'}
        Body: {"server": {"status": "BUILD", "updated": "2016-02-18T09:13:37Z", "hostId": "5f67f09b1236aa53ba021fdb77e5d7de40bf1cca05e449b5339b8701", "addresses": {}, "links": [{"href": "http://10.4.1.3:8774/v2.1/4e6af284702b4e6e9817ce79ad122772/servers/3fb6f4b0-1930-46d0-9e77-f24032f36184", "rel": "self"}, {"href": "http://10.4.1.3:8774/4e6af284702b4e6e9817ce79ad122772/servers/3fb6f4b0-1930-46d0-9e77-f24032f36184", "rel": "bookmark"}], "key_name": "tempest-TestGettingAddress-1883035518", "image": {"id": "2d6f9566-d8d5-4927-8ea2-232f11a62b4e", "links": [{"href": "http://10.4.1.3:8774/4e6af284702b4e6e9817ce79ad122772/images/2d6f9566-d8d5-4927-8ea2-232f11a62b4e", "rel": "bookmark"}]}, "OS-EXT-STS:task_state": "spawning", "OS-EXT-STS:vm_state": "building", "OS-SRV-USG:launched_at": null, "flavor": {"id": "42", "links": [{"href": "http://10.4.1.3:8774/4e6af284702b4e6e9817ce79ad122772/flavors/42", "rel": "bookmark"}]}, "id": "3fb6f4b0-1930-46d0-9e77-f24032f36184", "security_groups": [{"name": "tempest-secgroup-smoke-753318905"}], "OS-SRV-USG:terminated_at": null, "OS-EXT-AZ:availability_zone": "nova", "user_id": "2ab49e4014a149679ae488765ca4e8a2", "name": "tempest.common.compute-instance-1964398857", "created": "2016-02-18T09:13:36Z", "tenant_id": "4e6af284702b4e6e9817ce79ad122772", "OS-DCF:diskConfig": "MANUAL", "os-extended-volumes:volumes_attached": [], "accessIPv4": "", "accessIPv6": "", "progress": 0, "OS-EXT-STS:power_state": 0, "config_drive": "", "metadata": {}}}
2016-02-18 09:13:43,905 27641 INFO     [tempest_lib.common.rest_client] Request (TestGettingAddress:test_dhcp6_stateless_from_os): 200 GET http://10.4.1.3:8774/v2.1/4e6af284702b4e6e9817ce79ad122772/servers/3fb6f4b0-1930-46d0-9e77-f24032f36184 0.720s
2016-02-18 09:13:43,905 27641 DEBUG    [tempest_lib.common.rest_client] Request - Headers: {'Content-Type': 'application/json', 'Accept': 'application/json', 'X-Auth-Token': '&lt;omitted&gt;'}
        Body: None
    Response - Headers: {'status': '200', 'content-length': '1776', 'content-location': 'http://10.4.1.3:8774/v2.1/4e6af284702b4e6e9817ce79ad122772/servers/3fb6f4b0-1930-46d0-9e77-f24032f36184', 'x-compute-request-id': 'req-64f96bed-e04e-41d7-9f09-777025c62e8a', 'vary': 'X-OpenStack-Nova-API-Version', 'connection': 'close', 'x-openstack-nova-api-version': '2.1', 'date': 'Thu, 18 Feb 2016 09:13:43 GMT', 'content-type': 'application/json'}
        Body: {"server": {"status": "ACTIVE", "updated": "2016-02-18T09:13:42Z", "hostId": "5f67f09b1236aa53ba021fdb77e5d7de40bf1cca05e449b5339b8701", "addresses": {"tempest-network-smoke--418818693": [{"OS-EXT-IPS-MAC:mac_addr": "fa:16:3e:df:64:5a", "version": 6, "addr": "2003::f816:3eff:fedf:645a", "OS-EXT-IPS:type": "fixed"}, {"OS-EXT-IPS-MAC:mac_addr": "fa:16:3e:df:64:5a", "version": 4, "addr": "10.100.0.3", "OS-EXT-IPS:type": "fixed"}]}, "links": [{"href": "http://10.4.1.3:8774/v2.1/4e6af284702b4e6e9817ce79ad122772/servers/3fb6f4b0-1930-46d0-9e77-f24032f36184", "rel": "self"}, {"href": "http://10.4.1.3:8774/4e6af284702b4e6e9817ce79ad122772/servers/3fb6f4b0-1930-46d0-9e77-f24032f36184", "rel": "bookmark"}], "key_name": "tempest-TestGettingAddress-1883035518", "image": {"id": "2d6f9566-d8d5-4927-8ea2-232f11a62b4e", "links": [{"href": "http://10.4.1.3:8774/4e6af284702b4e6e9817ce79ad122772/images/2d6f9566-d8d5-4927-8ea2-232f11a62b4e", "rel": "bookmark"}]}, "OS-EXT-STS:task_state": null, "OS-EXT-STS:vm_state": "active", "OS-SRV-USG:launched_at": "2016-02-18T09:13:42.000000", "flavor": {"id": "42", "links": [{"href": "http://10.4.1.3:8774/4e6af284702b4e6e9817ce79ad122772/flavors/42", "rel": "bookmark"}]}, "id": "3fb6f4b0-1930-46d0-9e77-f24032f36184", "security_groups": [{"name": "tempest-secgroup-smoke-753318905"}], "OS-SRV-USG:terminated_at": null, "OS-EXT-AZ:availability_zone": "nova", "user_id": "2ab49e4014a149679ae488765ca4e8a2", "name": "tempest.common.compute-instance-1964398857", "created": "2016-02-18T09:13:36Z", "tenant_id": "4e6af284702b4e6e9817ce79ad122772", "OS-DCF:diskConfig": "MANUAL", "os-extended-volumes:volumes_attached": [], "accessIPv4": "", "accessIPv6": "", "progress": 0, "OS-EXT-STS:power_state": 1, "config_drive": "True", "metadata": {}}}
2016-02-18 09:13:43,915 27641 INFO     [tempest.common.waiters] State transition "BUILD/spawning" ==&gt; "ACTIVE/None" after 6 second wait
2016-02-18 09:13:44,580 27641 INFO     [tempest_lib.common.rest_client] Request (TestGettingAddress:test_dhcp6_stateless_from_os): 200 GET http://10.4.1.3:8774/v2.1/4e6af284702b4e6e9817ce79ad122772/servers/3fb6f4b0-1930-46d0-9e77-f24032f36184 0.664s
2016-02-18 09:13:44,581 27641 DEBUG    [tempest_lib.common.rest_client] Request - Headers: {'Content-Type': 'application/json', 'Accept': 'application/json', 'X-Auth-Token': '&lt;omitted&gt;'}
        Body: None
    Response - Headers: {'status': '200', 'content-length': '1776', 'content-location': 'http://10.4.1.3:8774/v2.1/4e6af284702b4e6e9817ce79ad122772/servers/3fb6f4b0-1930-46d0-9e77-f24032f36184', 'x-compute-request-id': 'req-3a6ede4b-9418-4bcc-a6ac-6c80d504daad', 'vary': 'X-OpenStack-Nova-API-Version', 'connection': 'close', 'x-openstack-nova-api-version': '2.1', 'date': 'Thu, 18 Feb 2016 09:13:44 GMT', 'content-type': 'application/json'}
        Body: {"server": {"status": "ACTIVE", "updated": "2016-02-18T09:13:42Z", "hostId": "5f67f09b1236aa53ba021fdb77e5d7de40bf1cca05e449b5339b8701", "addresses": {"tempest-network-smoke--418818693": [{"OS-EXT-IPS-MAC:mac_addr": "fa:16:3e:df:64:5a", "version": 6, "addr": "2003::f816:3eff:fedf:645a", "OS-EXT-IPS:type": "fixed"}, {"OS-EXT-IPS-MAC:mac_addr": "fa:16:3e:df:64:5a", "version": 4, "addr": "10.100.0.3", "OS-EXT-IPS:type": "fixed"}]}, "links": [{"href": "http://10.4.1.3:8774/v2.1/4e6af284702b4e6e9817ce79ad122772/servers/3fb6f4b0-1930-46d0-9e77-f24032f36184", "rel": "self"}, {"href": "http://10.4.1.3:8774/4e6af284702b4e6e9817ce79ad122772/servers/3fb6f4b0-1930-46d0-9e77-f24032f36184", "rel": "bookmark"}], "key_name": "tempest-TestGettingAddress-1883035518", "image": {"id": "2d6f9566-d8d5-4927-8ea2-232f11a62b4e", "links": [{"href": "http://10.4.1.3:8774/4e6af284702b4e6e9817ce79ad122772/images/2d6f9566-d8d5-4927-8ea2-232f11a62b4e", "rel": "bookmark"}]}, "OS-EXT-STS:task_state": null, "OS-EXT-STS:vm_state": "active", "OS-SRV-USG:launched_at": "2016-02-18T09:13:42.000000", "flavor": {"id": "42", "links": [{"href": "http://10.4.1.3:8774/4e6af284702b4e6e9817ce79ad122772/flavors/42", "rel": "bookmark"}]}, "id": "3fb6f4b0-1930-46d0-9e77-f24032f36184", "security_groups": [{"name": "tempest-secgroup-smoke-753318905"}], "OS-SRV-USG:terminated_at": null, "OS-EXT-AZ:availability_zone": "nova", "user_id": "2ab49e4014a149679ae488765ca4e8a2", "name": "tempest.common.compute-instance-1964398857", "created": "2016-02-18T09:13:36Z", "tenant_id": "4e6af284702b4e6e9817ce79ad122772", "OS-DCF:diskConfig": "MANUAL", "os-extended-volumes:volumes_attached": [], "accessIPv4": "", "accessIPv6": "", "progress": 0, "OS-EXT-STS:power_state": 1, "config_drive": "True", "metadata": {}}}
2016-02-18 09:13:44,813 27641 INFO     [tempest_lib.common.rest_client] Request (TestGettingAddress:test_dhcp6_stateless_from_os): 200 GET http://10.4.1.3:9696/v2.0/ports?fixed_ip=None&amp;device_id=3fb6f4b0-1930-46d0-9e77-f24032f36184 0.221s
2016-02-18 09:13:44,813 27641 DEBUG    [tempest_lib.common.rest_client] Request - Headers: {'Content-Type': 'application/json', 'Accept': 'application/json', 'X-Auth-Token': '&lt;omitted&gt;'}
        Body: None
    Response - Headers: {'status': '200', 'content-length': '853', 'content-location': 'http://10.4.1.3:9696/v2.0/ports?fixed_ip=None&amp;device_id=3fb6f4b0-1930-46d0-9e77-f24032f36184', 'connection': 'close', 'date': 'Thu, 18 Feb 2016 09:13:44 GMT', 'content-type': 'application/json; charset=UTF-8', 'x-openstack-request-id': 'req-68dbc2ed-6072-4f07-aa0d-d432fa8bcc3f'}
        Body: {"ports": [{"status": "ACTIVE", "binding:host_id": "vagrant-ubuntu-trusty-64", "name": "", "allowed_address_pairs": [], "admin_state_up": true, "network_id": "13464bb0-ae1f-4107-b53b-fe75a1647614", "tenant_id": "4e6af284702b4e6e9817ce79ad122772", "extra_dhcp_opts": [], "mac_address": "fa:16:3e:df:64:5a", "binding:vif_details": {"port_filter": true}, "binding:vif_type": "ovs", "device_owner": "compute:None", "binding:profile": {}, "port_security_enabled": true, "binding:vnic_type": "normal", "fixed_ips": [{"subnet_id": "f9b1f42e-00e6-43c2-aefe-8272260ee23b", "ip_address": "10.100.0.3"}, {"subnet_id": "a994b3ce-9c79-4b33-93c5-5abf5b681552", "ip_address": "2003::f816:3eff:fedf:645a"}], "id": "60c14779-2edf-47b5-9388-a5689b808718", "security_groups": ["3eadca54-0cd4-40cc-92c3-b5cab4d15b69"], "device_id": "3fb6f4b0-1930-46d0-9e77-f24032f36184"}]}
2016-02-18 09:13:45,582 27641 INFO     [tempest_lib.common.rest_client] Request (TestGettingAddress:test_dhcp6_stateless_from_os): 201 POST http://10.4.1.3:9696/v2.0/floatingips 0.768s
2016-02-18 09:13:45,582 27641 DEBUG    [tempest_lib.common.rest_client] Request - Headers: {'Content-Type': 'application/json', 'Accept': 'application/json', 'X-Auth-Token': '&lt;omitted&gt;'}
        Body: {"floatingip": {"floating_network_id": "488a0c3a-31e0-4353-84ed-002636ffd05d", "tenant_id": "4e6af284702b4e6e9817ce79ad122772", "fixed_ip_address": "10.100.0.3", "port_id": "60c14779-2edf-47b5-9388-a5689b808718"}}
    Response - Headers: {'status': '201', 'content-length': '369', 'connection': 'close', 'date': 'Thu, 18 Feb 2016 09:13:45 GMT', 'content-type': 'application/json; charset=UTF-8', 'x-openstack-request-id': 'req-b0d4ba09-4f45-43f6-b769-bf18e118ed89'}
        Body: {"floatingip": {"floating_network_id": "488a0c3a-31e0-4353-84ed-002636ffd05d", "router_id": "4de92192-c123-4517-8cce-3feaf5b09b7c", "fixed_ip_address": "10.100.0.3", "floating_ip_address": "172.24.4.4", "tenant_id": "4e6af284702b4e6e9817ce79ad122772", "status": "ACTIVE", "port_id": "60c14779-2edf-47b5-9388-a5689b808718", "id": "29ee49bd-6cec-4f5b-89c2-e87602a57e74"}}
2016-02-18 09:13:45,583 27641 INFO     [tempest_lib.common.ssh] Creating ssh connection to '172.24.4.4' as 'cirros' with public key authentication
2016-02-18 09:14:45,648 27641 WARNING  [tempest_lib.common.ssh] Failed to establish authenticated ssh connection to cirros@172.24.4.4 (timed out). Number attempts: 1. Retry after 2 seconds.
2016-02-18 09:15:48,209 27641 WARNING  [tempest_lib.common.ssh] Failed to establish authenticated ssh connection to cirros@172.24.4.4 (timed out). Number attempts: 2. Retry after 3 seconds.
2016-02-18 09:16:51,774 27641 WARNING  [tempest_lib.common.ssh] Failed to establish authenticated ssh connection to cirros@172.24.4.4 (timed out). Number attempts: 3. Retry after 4 seconds.
2016-02-18 09:17:56,341 27641 ERROR    [tempest_lib.common.ssh] Failed to establish authenticated ssh connection to cirros@172.24.4.4 after 3 attempts
2016-02-18 09:17:56.341 27641 ERROR tempest_lib.common.ssh Traceback (most recent call last):
2016-02-18 09:17:56.341 27641 ERROR tempest_lib.common.ssh   File "/usr/local/lib/python2.7/dist-packages/tempest_lib/common/ssh.py", line 75, in _get_ssh_connection
2016-02-18 09:17:56.341 27641 ERROR tempest_lib.common.ssh     timeout=self.channel_timeout, pkey=self.pkey)
2016-02-18 09:17:56.341 27641 ERROR tempest_lib.common.ssh   File "/usr/local/lib/python2.7/dist-packages/paramiko/client.py", line 292, in connect
2016-02-18 09:17:56.341 27641 ERROR tempest_lib.common.ssh     retry_on_signal(lambda: sock.connect(addr))
2016-02-18 09:17:56.341 27641 ERROR tempest_lib.common.ssh   File "/usr/local/lib/python2.7/dist-packages/paramiko/util.py", line 270, in retry_on_signal
2016-02-18 09:17:56.341 27641 ERROR tempest_lib.common.ssh     return function()
2016-02-18 09:17:56.341 27641 ERROR tempest_lib.common.ssh   File "/usr/local/lib/python2.7/dist-packages/paramiko/client.py", line 292, in &lt;lambda&gt;
2016-02-18 09:17:56.341 27641 ERROR tempest_lib.common.ssh     retry_on_signal(lambda: sock.connect(addr))
2016-02-18 09:17:56.341 27641 ERROR tempest_lib.common.ssh   File "/usr/lib/python2.7/socket.py", line 224, in meth
2016-02-18 09:17:56.341 27641 ERROR tempest_lib.common.ssh     return getattr(self._sock,name)(*args)
2016-02-18 09:17:56.341 27641 ERROR tempest_lib.common.ssh timeout: timed out
2016-02-18 09:17:56.341 27641 ERROR tempest_lib.common.ssh 
2016-02-18 09:17:56,343 27641 ERROR    [tempest.scenario.manager] (TestGettingAddress:test_dhcp6_stateless_from_os) Initializing SSH connection to 172.24.4.4 failed. Error: Connection to the 172.24.4.4 via SSH timed out.
User: cirros, Password: None
2016-02-18 09:17:56.343 27641 ERROR tempest.scenario.manager Traceback (most recent call last):
2016-02-18 09:17:56.343 27641 ERROR tempest.scenario.manager   File "tempest/scenario/manager.py", line 377, in get_remote_client
2016-02-18 09:17:56.343 27641 ERROR tempest.scenario.manager     linux_client.validate_authentication()
2016-02-18 09:17:56.343 27641 ERROR tempest.scenario.manager   File "tempest/common/utils/linux/remote_client.py", line 51, in validate_authentication
2016-02-18 09:17:56.343 27641 ERROR tempest.scenario.manager     self.ssh_client.test_connection_auth()
2016-02-18 09:17:56.343 27641 ERROR tempest.scenario.manager   File "/usr/local/lib/python2.7/dist-packages/tempest_lib/common/ssh.py", line 173, in test_connection_auth
2016-02-18 09:17:56.343 27641 ERROR tempest.scenario.manager     connection = self._get_ssh_connection()
2016-02-18 09:17:56.343 27641 ERROR tempest.scenario.manager   File "/usr/local/lib/python2.7/dist-packages/tempest_lib/common/ssh.py", line 88, in _get_ssh_connection
2016-02-18 09:17:56.343 27641 ERROR tempest.scenario.manager     password=self.password)
2016-02-18 09:17:56.343 27641 ERROR tempest.scenario.manager SSHTimeout: Connection to the 172.24.4.4 via SSH timed out.
2016-02-18 09:17:56.343 27641 ERROR tempest.scenario.manager User: cirros, Password: None
2016-02-18 09:17:56.343 27641 ERROR tempest.scenario.manager 
2016-02-18 09:17:56,627 27641 INFO     [tempest_lib.common.rest_client] Request (TestGettingAddress:test_dhcp6_stateless_from_os): 200 GET http://10.4.1.3:8774/v2.1/4e6af284702b4e6e9817ce79ad122772/servers 0.283s
2016-02-18 09:17:56,628 27641 DEBUG    [tempest_lib.common.rest_client] Request - Headers: {'Content-Type': 'application/json', 'Accept': 'application/json', 'X-Auth-Token': '&lt;omitted&gt;'}
        Body: None
    Response - Headers: {'status': '200', 'content-length': '389', 'content-location': 'http://10.4.1.3:8774/v2.1/4e6af284702b4e6e9817ce79ad122772/servers', 'x-compute-request-id': 'req-7af0b42d-2d1a-46ef-bbef-5f5bf9a08cde', 'vary': 'X-OpenStack-Nova-API-Version', 'connection': 'close', 'x-openstack-nova-api-version': '2.1', 'date': 'Thu, 18 Feb 2016 09:17:56 GMT', 'content-type': 'application/json'}
        Body: {"servers": [{"id": "3fb6f4b0-1930-46d0-9e77-f24032f36184", "links": [{"href": "http://10.4.1.3:8774/v2.1/4e6af284702b4e6e9817ce79ad122772/servers/3fb6f4b0-1930-46d0-9e77-f24032f36184", "rel": "self"}, {"href": "http://10.4.1.3:8774/4e6af284702b4e6e9817ce79ad122772/servers/3fb6f4b0-1930-46d0-9e77-f24032f36184", "rel": "bookmark"}], "name": "tempest.common.compute-instance-1964398857"}]}
2016-02-18 09:17:57,062 27641 INFO     [tempest_lib.common.rest_client] Request (TestGettingAddress:test_dhcp6_stateless_from_os): 200 POST http://10.4.1.3:8774/v2.1/4e6af284702b4e6e9817ce79ad122772/servers/3fb6f4b0-1930-46d0-9e77-f24032f36184/action 0.428s
2016-02-18 09:17:57,063 27641 DEBUG    [tempest_lib.common.rest_client] Request - Headers: {'Content-Type': 'application/json', 'Accept': 'application/json', 'X-Auth-Token': '&lt;omitted&gt;'}
        Body: {"os-getConsoleOutput": {}}
    Response - Headers: {'status': '200', 'content-length': '24595', 'x-compute-request-id': 'req-3d832e8f-6317-42ba-bd81-652e0623bfeb', 'vary': 'X-OpenStack-Nova-API-Version', 'connection': 'close', 'x-openstack-nova-api-version': '2.1', 'date': 'Thu, 18 Feb 2016 09:17:57 GMT', 'content-type': 'application/json'}
        Body: {"output": "[    0.000000] Initializing cgroup subsys cpuset\n[    0.000000] Initializing cgroup subsys cpu\n[    0.000000] Linux version 3.2.0-80-virtual (buildd@batsu) (gcc version 4.6.3 (Ubuntu/Linaro 4.6.3-1ubuntu5) ) #116-Ubuntu SMP Mon Mar 23 17:28:52 UTC 2015 (Ubuntu 3.2.0-80.116-virtual 3.2.68)\n[    0.000000] Command line: root=/dev/vda console=tty0 console=ttyS0 no_timer_check\n[    0.000000] KERNEL supported cpus:\n[    0.000000]   Intel GenuineIntel\n[    0.000000]   AMD AuthenticAMD\n[    0.000000]   Centaur CentaurHauls\n[    0.000000] BIOS-provided physical RAM map:\n[    0.000000]  BIOS-e820: 0000000000000000 - 000000000009fc00 (usable)\n[    0.000000]  BIOS-e820: 000000000009fc00 - 00000000000a0000 (reserved)\n[    0.000000]  BIOS-e820: 00000000000f0000 - 0000000000100000 (reserved)\n[    0.000000]  BIOS-e820: 0000000000100000 - 0000000003ffe000 (usable)\n[    0.000000]  BIOS-e820: 0000000003ffe000 - 0000000004000000 (reserved)\n[    0.000000]  BIOS-e820: 00000000fffc0000 - 0000000100000000 (reserved)\n[    0.000000] NX (Execute Disable) protection: active\n[    0.000000] SMBIOS 2.4 present.\n[    0.000000] No AGP bridge found\n[    0.000000] last_pfn = 0x3ffe max_arch_pfn = 0x400000000\n[    0.000000] x86 PAT enabled: cpu 0, old 0x7040600070406, new 0x7010600070106\n[    0.000000] found SMP MP-table at [ffff8800000f0b00] f0b00\n[    0.000000] init_memory_mapping: 0000000000000000-0000000003ffe000\n[    0.000000] RAMDISK: 03c5e000 - 03ff0000\n[    0.000000] ACPI: RSDP 00000000000f0950 00014 (v00 BOCHS )\n[    0.000000] ACPI: RSDT 0000000003fffbc1 00034 (v01 BOCHS  BXPCRSDT 00000001 BXPC 00000001)\n[    0.000000] ACPI: FACP 0000000003fff1c0 00074 (v01 BOCHS  BXPCFACP 00000001 BXPC 00000001)\n[    0.000000] ACPI: DSDT 0000000003ffe040 01180 (v01 BOCHS  BXPCDSDT 00000001 BXPC 00000001)\n[    0.000000] ACPI: FACS 0000000003ffe000 00040\n[    0.000000] ACPI: SSDT 0000000003fff234 008DD (v01 BOCHS  BXPCSSDT 00000001 BXPC 00000001)\n[    0.000000] ACPI: APIC 0000000003fffb11 00078 (v01 BOCHS  BXPCAPIC 00000001 BXPC 00000001)\n[    0.000000] ACPI: HPET 0000000003fffb89 00038 (v01 BOCHS  BXPCHPET 00000001 BXPC 00000001)\n[    0.000000] No NUMA configuration found\n[    0.000000] Faking a node at 0000000000000000-0000000003ffe000\n[    0.000000] Initmem setup node 0 0000000000000000-0000000003ffe000\n[    0.000000]   NODE_DATA [0000000003ff6000 - 0000000003ffafff]\n[    0.000000] Zone PFN ranges:\n[    0.000000]   DMA      0x00000010 -&gt; 0x00001000\n[    0.000000]   DMA32    0x00001000 -&gt; 0x00100000\n[    0.000000]   Normal   empty\n[    0.000000] Movable zone start PFN for each node\n[    0.000000] early_node_map[2] active PFN ranges\n[    0.000000]     0: 0x00000010 -&gt; 0x0000009f\n[    0.000000]     0: 0x00000100 -&gt; 0x00003ffe\n[    0.000000] ACPI: PM-Timer IO Port: 0xb008\n[    0.000000] ACPI: LAPIC (acpi_id[0x00] lapic_id[0x00] enabled)\n[    0.000000] ACPI: LAPIC_NMI (acpi_id[0xff] dfl dfl lint[0x1])\n[    0.000000] ACPI: IOAPIC (id[0x00] address[0xfec00000] gsi_base[0])\n[    0.000000] IOAPIC[0]: apic_id 0, version 17, address 0xfec00000, GSI 0-23\n[    0.000000] ACPI: INT_SRC_OVR (bus 0 bus_irq 0 global_irq 2 dfl dfl)\n[    0.000000] ACPI: INT_SRC_OVR (bus 0 bus_irq 5 global_irq 5 high level)\n[    0.000000] ACPI: INT_SRC_OVR (bus 0 bus_irq 9 global_irq 9 high level)\n[    0.000000] ACPI: INT_SRC_OVR (bus 0 bus_irq 10 global_irq 10 high level)\n[    0.000000] ACPI: INT_SRC_OVR (bus 0 bus_irq 11 global_irq 11 high level)\n[    0.000000] Using ACPI (MADT) for SMP configuration information\n[    0.000000] ACPI: HPET id: 0x8086a201 base: 0xfed00000\n[    0.000000] SMP: Allowing 1 CPUs, 0 hotplug CPUs\n[    0.000000] PM: Registered nosave memory: 000000000009f000 - 00000000000a0000\n[    0.000000] PM: Registered nosave memory: 00000000000a0000 - 00000000000f0000\n[    0.000000] PM: Registered nosave memory: 00000000000f0000 - 0000000000100000\n[    0.000000] Allocating PCI resources starting at 4000000 (gap: 4000000:fbfc0000)\n[    0.000000] Booting paravirtualized kernel on bare hardware\n[    0.000000] setup_pe
2016-02-18 09:17:57,065 27641 DEBUG    [tempest.scenario.manager] Console output for 3fb6f4b0-1930-46d0-9e77-f24032f36184
body=
[    0.000000] Initializing cgroup subsys cpuset
[    0.000000] Initializing cgroup subsys cpu
[    0.000000] Linux version 3.2.0-80-virtual (buildd@batsu) (gcc version 4.6.3 (Ubuntu/Linaro 4.6.3-1ubuntu5) ) #116-Ubuntu SMP Mon Mar 23 17:28:52 UTC 2015 (Ubuntu 3.2.0-80.116-virtual 3.2.68)
[    0.000000] Command line: root=/dev/vda console=tty0 console=ttyS0 no_timer_check
[    0.000000] KERNEL supported cpus:
[    0.000000]   Intel GenuineIntel
[    0.000000]   AMD AuthenticAMD
[    0.000000]   Centaur CentaurHauls
[    0.000000] BIOS-provided physical RAM map:
[    0.000000]  BIOS-e820: 0000000000000000 - 000000000009fc00 (usable)
[    0.000000]  BIOS-e820: 000000000009fc00 - 00000000000a0000 (reserved)
[    0.000000]  BIOS-e820: 00000000000f0000 - 0000000000100000 (reserved)
[    0.000000]  BIOS-e820: 0000000000100000 - 0000000003ffe000 (usable)
[    0.000000]  BIOS-e820: 0000000003ffe000 - 0000000004000000 (reserved)
[    0.000000]  BIOS-e820: 00000000fffc0000 - 0000000100000000 (reserved)
[    0.000000] NX (Execute Disable) protection: active
[    0.000000] SMBIOS 2.4 present.
[    0.000000] No AGP bridge found
[    0.000000] last_pfn = 0x3ffe max_arch_pfn = 0x400000000
[    0.000000] x86 PAT enabled: cpu 0, old 0x7040600070406, new 0x7010600070106
[    0.000000] found SMP MP-table at [ffff8800000f0b00] f0b00
[    0.000000] init_memory_mapping: 0000000000000000-0000000003ffe000
[    0.000000] RAMDISK: 03c5e000 - 03ff0000
[    0.000000] ACPI: RSDP 00000000000f0950 00014 (v00 BOCHS )
[    0.000000] ACPI: RSDT 0000000003fffbc1 00034 (v01 BOCHS  BXPCRSDT 00000001 BXPC 00000001)
[    0.000000] ACPI: FACP 0000000003fff1c0 00074 (v01 BOCHS  BXPCFACP 00000001 BXPC 00000001)
[    0.000000] ACPI: DSDT 0000000003ffe040 01180 (v01 BOCHS  BXPCDSDT 00000001 BXPC 00000001)
[    0.000000] ACPI: FACS 0000000003ffe000 00040
[    0.000000] ACPI: SSDT 0000000003fff234 008DD (v01 BOCHS  BXPCSSDT 00000001 BXPC 00000001)
[    0.000000] ACPI: APIC 0000000003fffb11 00078 (v01 BOCHS  BXPCAPIC 00000001 BXPC 00000001)
[    0.000000] ACPI: HPET 0000000003fffb89 00038 (v01 BOCHS  BXPCHPET 00000001 BXPC 00000001)
[    0.000000] No NUMA configuration found
[    0.000000] Faking a node at 0000000000000000-0000000003ffe000
[    0.000000] Initmem setup node 0 0000000000000000-0000000003ffe000
[    0.000000]   NODE_DATA [0000000003ff6000 - 0000000003ffafff]
[    0.000000] Zone PFN ranges:
[    0.000000]   DMA      0x00000010 -&gt; 0x00001000
[    0.000000]   DMA32    0x00001000 -&gt; 0x00100000
[    0.000000]   Normal   empty
[    0.000000] Movable zone start PFN for each node
[    0.000000] early_node_map[2] active PFN ranges
[    0.000000]     0: 0x00000010 -&gt; 0x0000009f
[    0.000000]     0: 0x00000100 -&gt; 0x00003ffe
[    0.000000] ACPI: PM-Timer IO Port: 0xb008
[    0.000000] ACPI: LAPIC (acpi_id[0x00] lapic_id[0x00] enabled)
[    0.000000] ACPI: LAPIC_NMI (acpi_id[0xff] dfl dfl lint[0x1])
[    0.000000] ACPI: IOAPIC (id[0x00] address[0xfec00000] gsi_base[0])
[    0.000000] IOAPIC[0]: apic_id 0, version 17, address 0xfec00000, GSI 0-23
[    0.000000] ACPI: INT_SRC_OVR (bus 0 bus_irq 0 global_irq 2 dfl dfl)
[    0.000000] ACPI: INT_SRC_OVR (bus 0 bus_irq 5 global_irq 5 high level)
[    0.000000] ACPI: INT_SRC_OVR (bus 0 bus_irq 9 global_irq 9 high level)
[    0.000000] ACPI: INT_SRC_OVR (bus 0 bus_irq 10 global_irq 10 high level)
[    0.000000] ACPI: INT_SRC_OVR (bus 0 bus_irq 11 global_irq 11 high level)
[    0.000000] Using ACPI (MADT) for SMP configuration information
[    0.000000] ACPI: HPET id: 0x8086a201 base: 0xfed00000
[    0.000000] SMP: Allowing 1 CPUs, 0 hotplug CPUs
[    0.000000] PM: Registered nosave memory: 000000000009f000 - 00000000000a0000
[    0.000000] PM: Registered nosave memory: 00000000000a0000 - 00000000000f0000
[    0.000000] PM: Registered nosave memory: 00000000000f0000 - 0000000000100000
[    0.000000] Allocating PCI resources starting at 4000000 (gap: 4000000:fbfc0000)
[    0.000000] Booting paravirtualized kernel on bare hardware
[    0.000000] setup_percpu: NR_CPUS:64 nr_cpumask_bits:64 nr_cpu_ids:1 nr_node_ids:1
[    0.000000] PERCPU: Embedded 27 pages/cpu @ffff880003a00000 s78848 r8192 d23552 u2097152
[    0.000000] Built 1 zonelists in Node order, mobility grouping on.  Total pages: 16008
[    0.000000] Policy zone: DMA32
[    0.000000] Kernel command line: root=/dev/vda console=tty0 console=ttyS0 no_timer_check
[    0.000000] PID hash table entries: 256 (order: -1, 2048 bytes)
[    0.000000] Checking aperture...
[    0.000000] No AGP bridge found
[    0.000000] Memory: 43492k/65528k available (6576k kernel code, 452k absent, 21584k reserved, 6620k data, 928k init)
[    0.000000] SLUB: Genslabs=15, HWalign=64, Order=0-3, MinObjects=0, CPUs=1, Nodes=1
[    0.000000] Hierarchical RCU implementation.
[    0.000000] 	RCU dyntick-idle grace-period acceleration is enabled.
[    0.000000] NR_IRQS:4352 nr_irqs:256 16
[    0.000000] Console: colour VGA+ 80x25
[    0.000000] console [tty0] enabled
[    0.000000] console [ttyS0] enabled
[    0.000000] allocated 1048576 bytes of page_cgroup
[    0.000000] please try 'cgroup_disable=memory' option if you don't want memory cgroups
[    0.000000] Fast TSC calibration failed
[    0.000000] TSC: Unable to calibrate against PIT
[    0.000000] TSC: using HPET reference calibration
[    0.000000] Detected 2292.057 MHz processor.
[    0.029731] Calibrating delay loop (skipped), value calculated using timer frequency.. 4584.11 BogoMIPS (lpj=9168228)
[    0.032806] pid_max: default: 32768 minimum: 301
[    0.041688] Security Framework initialized
[    0.045744] AppArmor: AppArmor initialized
[    0.048135] Yama: becoming mindful.
[    0.054742] Dentry cache hash table entries: 8192 (order: 4, 65536 bytes)
[    0.056573] Inode-cache hash table entries: 4096 (order: 3, 32768 bytes)
[    0.057994] Mount-cache hash table entries: 256
[    0.073580] Initializing cgroup subsys cpuacct
[    0.076354] Initializing cgroup subsys memory
[    0.077516] Initializing cgroup subsys devices
[    0.078376] Initializing cgroup subsys freezer
[    0.079075] Initializing cgroup subsys blkio
[    0.080188] Initializing cgroup subsys perf_event
[    0.085118] mce: CPU supports 10 MCE banks
[    0.088443] SMP alternatives: switching to UP code
[    0.504906] Freeing SMP alternatives: 24k freed
[    0.506622] ACPI: Core revision 20110623
[    0.585679] ftrace: allocating 26610 entries in 105 pages
[    0.624987] ..TIMER: vector=0x30 apic1=0 pin1=2 apic2=-1 pin2=-1
[    0.626170] CPU0: AMD QEMU Virtual CPU version 2.0.0 stepping 03
[    0.632038] Performance Events: Broken PMU hardware detected, using software events only.
[    0.642212] NMI watchdog disabled (cpu0): hardware events not enabled
[    0.644534] Brought up 1 CPUs
[    0.645297] Total of 1 processors activated (4584.11 BogoMIPS).
[    0.669265] devtmpfs: initialized
[    0.702616] EVM: security.selinux
[    0.703110] EVM: security.SMACK64
[    0.704083] EVM: security.capability
[    0.724772] print_constraints: dummy: 
[    0.726943] RTC time:  9:13:46, date: 02/18/16
[    0.729914] NET: Registered protocol family 16
[    0.737922] ACPI: bus type pci registered
[    0.741336] PCI: Using configuration type 1 for base access
[    0.774310] bio: create slab &lt;bio-0&gt; at 0
[    0.778921] ACPI: Added _OSI(Module Device)
[    0.780135] ACPI: Added _OSI(Processor Device)
[    0.780747] ACPI: Added _OSI(3.0 _SCP Extensions)
[    0.781331] ACPI: Added _OSI(Processor Aggregator Device)
[    0.851296] ACPI: Interpreter enabled
[    0.852179] ACPI: (supports S0 S3 S4 S5)
[    0.853999] ACPI: Using IOAPIC for interrupt routing
[    0.934222] ACPI: No dock devices found.
[    0.934809] HEST: Table not found.
[    0.936214] PCI: Using host bridge windows from ACPI; if necessary, use "pci=nocrs" and report a bug
[    0.943251] ACPI: PCI Root Bridge [PCI0] (domain 0000 [bus 00-ff])
[    0.949075] pci_root PNP0A03:00: host bridge window [io  0x0000-0x0cf7]
[    0.950000] pci_root PNP0A03:00: host bridge window [io  0x0d00-0xadff]
[    0.950747] pci_root PNP0A03:00: host bridge window [io  0xae0f-0xaeff]
[    0.952110] pci_root PNP0A03:00: host bridge window [io  0xaf20-0xafdf]
[    0.953333] pci_root PNP0A03:00: host bridge window [io  0xafe4-0xffff]
[    0.954231] pci_root PNP0A03:00: host bridge window [mem 0x000a0000-0x000bffff]
[    0.956122] pci_root PNP0A03:00: host bridge window [mem 0x04000000-0xfebfffff]
[    0.977981] pci 0000:00:01.3: quirk: [io  0xb000-0xb03f] claimed by PIIX4 ACPI
[    0.980178] pci 0000:00:01.3: quirk: [io  0xb100-0xb10f] claimed by PIIX4 SMB
[    1.052460]  pci0000:00: Unable to request _OSC control (_OSC support mask: 0x1e)
[    1.117744] ACPI: PCI Interrupt Link [LNKA] (IRQs 5 *10 11)
[    1.120772] ACPI: PCI Interrupt Link [LNKB] (IRQs 5 *10 11)
[    1.124377] ACPI: PCI Interrupt Link [LNKC] (IRQs 5 10 *11)
[    1.126587] ACPI: PCI Interrupt Link [LNKD] (IRQs 5 10 *11)
[    1.129096] ACPI: PCI Interrupt Link [LNKS] (IRQs *9)
[    1.138585] vgaarb: device added: PCI:0000:00:02.0,decodes=io+mem,owns=io+mem,locks=none
[    1.140225] vgaarb: loaded
[    1.140598] vgaarb: bridge control possible 0000:00:02.0
[    1.145368] i2c-core: driver [aat2870] using legacy suspend method
[    1.146353] i2c-core: driver [aat2870] using legacy resume method
[    1.149089] SCSI subsystem initialized
[    1.153455] usbcore: registered new interface driver usbfs
[    1.154675] usbcore: registered new interface driver hub
[    1.156540] usbcore: registered new device driver usb
[    1.160588] PCI: Using ACPI for IRQ routing
[    1.172072] NetLabel: Initializing
[    1.172072] NetLabel:  domain hash size = 128
[    1.172072] NetLabel:  protocols = UNLABELED CIPSOv4
[    1.172072] NetLabel:  unlabeled traffic allowed by default
[    1.173677] HPET: 3 timers in total, 0 timers will be used for per-cpu timer
[    1.174725] hpet0: at MMIO 0xfed00000, IRQs 2, 8, 0
[    1.176332] hpet0: 3 comparators, 64-bit 100.000000 MHz counter
[    1.188780] Switching to clocksource hpet
[    1.465466] AppArmor: AppArmor Filesystem Enabled
[    1.467482] pnp: PnP ACPI init
[    1.469852] ACPI: bus type pnp registered
[    1.496632] pnp: PnP ACPI: found 9 devices
[    1.497601] ACPI: ACPI bus type pnp unregistered
[    1.575027] NET: Registered protocol family 2
[    1.609468] IP route cache hash table entries: 512 (order: 0, 4096 bytes)
[    1.617498] TCP established hash table entries: 2048 (order: 3, 32768 bytes)
[    1.618830] TCP bind hash table entries: 2048 (order: 3, 32768 bytes)
[    1.619926] TCP: Hash tables configured (established 2048 bind 2048)
[    1.621513] TCP reno registered
[    1.622030] UDP hash table entries: 128 (order: 0, 4096 bytes)
[    1.622867] UDP-Lite hash table entries: 128 (order: 0, 4096 bytes)
[    1.626263] NET: Registered protocol family 1
[    1.627087] pci 0000:00:00.0: Limiting direct PCI/PCI transfers
[    1.628092] pci 0000:00:01.0: PIIX3: Enabling Passive Release
[    1.629687] pci 0000:00:01.0: Activating ISA DMA hang workarounds
[    1.634347] ACPI: PCI Interrupt Link [LNKD] enabled at IRQ 11
[    1.635279] pci 0000:00:01.2: PCI INT D -&gt; Link[LNKD] -&gt; GSI 11 (level, high) -&gt; IRQ 11
[    1.637979] pci 0000:00:01.2: PCI INT D disabled
[    1.658620] Trying to unpack rootfs image as initramfs...
[    1.675803] audit: initializing netlink socket (disabled)
[    1.678202] type=2000 audit(1455786826.676:1): initialized
[    1.943203] HugeTLB registered 2 MB page size, pre-allocated 0 pages
[    2.019216] VFS: Disk quotas dquot_6.5.2
[    2.021524] Dquot-cache hash table entries: 512 (order 0, 4096 bytes)
[    2.044455] fuse init (API version 7.17)
[    2.047893] msgmni has been set to 84
[    2.084092] Block layer SCSI generic (bsg) driver version 0.4 loaded (major 253)
[    2.093948] io scheduler noop registered
[    2.094482] io scheduler deadline registered (default)
[    2.095592] io scheduler cfq registered
[    2.099680] pci_hotplug: PCI Hot Plug PCI Core version: 0.5
[    2.102600] pciehp: PCI Express Hot Plug Controller Driver version: 0.4
[    2.109619] input: Power Button as /devices/LNXSYSTM:00/LNXPWRBN:00/input/input0
[    2.111141] ACPI: Power Button [PWRF]
[    2.158599] ERST: Table is not found!
[    2.159197] GHES: HEST is not enabled!
[    2.171052] ACPI: PCI Interrupt Link [LNKC] enabled at IRQ 10
[    2.171977] virtio-pci 0000:00:03.0: PCI INT A -&gt; Link[LNKC] -&gt; GSI 10 (level, high) -&gt; IRQ 10
[    2.177959] virtio-pci 0000:00:04.0: PCI INT A -&gt; Link[LNKD] -&gt; GSI 11 (level, high) -&gt; IRQ 11
[    2.199580] ACPI: PCI Interrupt Link [LNKA] enabled at IRQ 10
[    2.201100] virtio-pci 0000:00:05.0: PCI INT A -&gt; Link[LNKA] -&gt; GSI 10 (level, high) -&gt; IRQ 10
[    2.217824] Serial: 8250/16550 driver, 32 ports, IRQ sharing enabled
[    2.262065] serial8250: ttyS0 at I/O 0x3f8 (irq = 4) is a 16550A
[    2.352187] serial8250: ttyS1 at I/O 0x2f8 (irq = 3) is a 16550A
[    2.489000] 00:05: ttyS0 at I/O 0x3f8 (irq = 4) is a 16550A
[    2.566567] 00:06: ttyS1 at I/O 0x2f8 (irq = 3) is a 16550A
[    2.616575] Linux agpgart interface v0.103
[    2.645763] Refined TSC clocksource calibration: 2292.641 MHz.
[    2.646524] Switching to clocksource tsc
[    2.702666] brd: module loaded
[    2.735362] loop: module loaded
[    2.793400]  vda: unknown partition table
[    2.845382] scsi0 : ata_piix
[    2.853071] scsi1 : ata_piix
[    2.854900] ata1: PATA max MWDMA2 cmd 0x1f0 ctl 0x3f6 bmdma 0xc0a0 irq 14
[    2.855671] ata2: PATA max MWDMA2 cmd 0x170 ctl 0x376 bmdma 0xc0a8 irq 15
[    2.867394] Fixed MDIO Bus: probed
[    2.869095] tun: Universal TUN/TAP device driver, 1.6
[    2.869813] tun: (C) 1999-2004 Max Krasnyansky &lt;maxk@qualcomm.com&gt;
[    2.883224] PPP generic driver version 2.4.2
[    2.907733] ehci_hcd: USB 2.0 'Enhanced' Host Controller (EHCI) Driver
[    2.909655] ohci_hcd: USB 1.1 'Open' Host Controller (OHCI) Driver
[    2.910543] uhci_hcd: USB Universal Host Controller Interface driver
[    2.911485] uhci_hcd 0000:00:01.2: PCI INT D -&gt; Link[LNKD] -&gt; GSI 11 (level, high) -&gt; IRQ 11
[    2.914452] uhci_hcd 0000:00:01.2: UHCI Host Controller
[    2.925526] uhci_hcd 0000:00:01.2: new USB bus registered, assigned bus number 1
[    2.927375] uhci_hcd 0000:00:01.2: irq 11, io base 0x0000c040
[    2.963907] hub 1-0:1.0: USB hub found
[    2.966470] hub 1-0:1.0: 2 ports detected
[    2.975658] usbcore: registered new interface driver libusual
[    2.982022] i8042: PNP: PS/2 Controller [PNP0303:KBD,PNP0f13:MOU] at 0x60,0x64 irq 1,12
[    2.989959] serio: i8042 KBD port at 0x60,0x64 irq 1
[    2.991435] serio: i8042 AUX port at 0x60,0x64 irq 12
[    3.031125] mousedev: PS/2 mouse device common for all mice
[    3.054655] input: AT Translated Set 2 keyboard as /devices/platform/i8042/serio0/input/input1
[    3.074664] rtc_cmos 00:01: RTC can wake from S4
[    3.086206] rtc_cmos 00:01: rtc core: registered rtc_cmos as rtc0
[    3.090735] rtc0: alarms up to one day, 114 bytes nvram, hpet irqs
[    3.094560] device-mapper: uevent: version 1.0.3
[    3.113473] ata2.01: ATAPI: QEMU DVD-ROM, 2.0.0, max UDMA/100
[    3.124205] ata2.01: configured for MWDMA2
[    3.126613] device-mapper: ioctl: 4.22.0-ioctl (2011-10-19) initialised: dm-devel@redhat.com
[    3.132028] cpuidle: using governor ladder
[    3.134896] cpuidle: using governor menu
[    3.135915] EFI Variables Facility v0.08 2004-May-17
[    3.153306] TCP cubic registered
[    3.159520] NET: Registered protocol family 10
[    3.192856] NET: Registered protocol family 17
[    3.194531] Registering the dns_resolver key type
[    3.233632] scsi 1:0:1:0: CD-ROM            QEMU     QEMU DVD-ROM     2.0. PQ: 0 ANSI: 5
[    3.254761] sr0: scsi3-mmc drive: 4x/4x cd/rw xa/form2 tray
[    3.256086] cdrom: Uniform CD-ROM driver Revision: 3.20
[    3.279712] sr 1:0:1:0: Attached scsi generic sg0 type 5
[    3.340647] registered taskstats version 1
[    3.446542] Freeing initrd memory: 3656k freed
[    3.964279]   Magic number: 4:448:222
[    3.974485] rtc_cmos 00:01: setting system clock to 2016-02-18 09:13:49 UTC (1455786829)
[    3.976774] powernow-k8: Processor cpuid 663 not supported
[    3.981762] BIOS EDD facility v0.16 2004-Jun-25, 0 devices found
[    3.983028] EDD information not available.
[    4.039355] Freeing unused kernel memory: 928k freed
[    4.053044] Write protecting the kernel read-only data: 12288k
[    4.158452] Freeing unused kernel memory: 1596k freed
[    4.218073] Freeing unused kernel memory: 1184k freed

info: initramfs: up at 4.42
modprobe: module virtio_blk not found in modules.dep
modprobe: module virtio_net not found in modules.dep
info: copying initramfs to /dev/vda
info: initramfs loading root from /dev/vda
info: /etc/init.d/rc.sysinit: up at 9.17
info: container: none
Starting logging: OK
modprobe: module virtio_blk not found in modules.dep
modprobe: module virtio_net not found in modules.dep
WARN: /etc/rc3.d/S10-load-modules failed
Initializing random number generator... done.
Starting acpid: OK
cirros-ds 'local' up at 11.78
found datasource (configdrive, local)
Starting network...
udhcpc (v1.20.1) started
Sending discover...
Sending discover...
Sending discover...
Usage: /sbin/cirros-dhcpc &lt;up|down&gt;
No lease, failing
WARN: /etc/rc3.d/S40-network failed
Starting dropbear sshd: generating rsa key... generating dsa key... OK
no userdata for datasource
=== system information ===
Platform: OpenStack Foundation OpenStack Nova
Container: none
Arch: x86_64
CPU(s): 1 @ 2292.057 MHz
Cores/Sockets/Threads: 1/1/1
Virt-type: AMD-V
RAM Size: 49MB
Disks:
NAME MAJ:MIN     SIZE LABEL         MOUNTPOINT
vda  253:0   25165824 cirros-rootfs /
sr0   11:0     432128 config-2      
=== sshd host keys ===
-----BEGIN SSH HOST KEY KEYS-----
ssh-rsa AAAAB3NzaC1yc2EAAAADAQABAAAAgldOITEHjMtikY5Z8qxHt/+lKTQUMsHlxpMjyC5dEcUF7hNyE1YpBTGrAN175kq6Ynplmwii+x6XJzw7VDHW6t8HJUkfdA+dpHBsEl/MBytamAS8+4kLzJ5YmZvS14Rza9wVzumIjHPMssovca0Tw9k3u6YdSr9Dm1rtRYVQ0pwzzis= root@tempest
ssh-dss AAAAB3NzaC1kc3MAAACBAP0oZmXn0cdE9GkFv4pg+a8LdTvbKn9fy9frKVveBckRYaM/QYBU4c6AvrdRY9LnJBB6CqhfyJgNmYTEdkM7qp4JNPA7nzRsMpglLDyrS2uDzAdMGXQs7w8LR7Oef865tKrQqyw9I4vq6lOri5EjF322yJ+zdljxLg5OYMpUhOdrAAAAFQC9lYdCUJ42oxbWJF88EP9xLuzJvwAAAIBE4Dm+RNxxq+PcV+nbBN5v8Ql3cHbC/QsisL6WKXihomr+Bev2AVdDMDsPTno8qTWOFHGuVzhaFmF+u5ang2i95ztpJjDjkX5sBDeseq94vYajoNjmuJUqjj8o8YyJSi3t5WfDCbk/Gov2bBjmudM7B4sniBY9exaj30oHXPdZ3AAAAIBFFMt8esJCO9sgt0hGSAqXvXLWXNvD3gCy/cfh29kOmw5+aessac2ifkSjT4SfGWXUnu27y+05US2t2qN+n1pS5Z48xdgr29V08Ar7a9RGkzjscj8W63ej02cjxnam589ODfe0p8OsCd+5IeRcNPxSQMIKYvqdnsroOKPcEJEAAA== root@tempest
-----END SSH HOST KEY KEYS-----
=== network info ===
if-info: lo,up,127.0.0.1,8,::1
if-info: eth0,up,,8,fe80::f816:3eff:fedf:645a
=== datasource: configdrive local ===
instance-id: 3fb6f4b0-1930-46d0-9e77-f24032f36184
name: tempest.common.compute-instance-1964398857
availability-zone: nova
local-hostname: tempest.common.compute-instance-1964398857.novalocal
launch-index: 0
=== cirros: current=0.3.4 uptime=201.88 ===
route: fscanf
=== pinging gateway failed, debugging connection ===
############ debug start ##############
### /etc/init.d/sshd start
Starting dropbear sshd: OK
route: fscanf
### ifconfig -a
eth0      Link encap:Ethernet  HWaddr FA:16:3E:DF:64:5A  
          inet6 addr: fe80::f816:3eff:fedf:645a/64 Scope:Link
          UP BROADCAST RUNNING MULTICAST  MTU:1500  Metric:1
          RX packets:13 errors:0 dropped:5 overruns:0 frame:0
          TX packets:8 errors:0 dropped:0 overruns:0 carrier:0
          collisions:0 txqueuelen:1000 
          RX bytes:1203 (1.1 KiB)  TX bytes:1134 (1.1 KiB)

lo        Link encap:Local Loopback  
          inet addr:127.0.0.1  Mask:255.0.0.0
          inet6 addr: ::1/128 Scope:Host
          UP LOOPBACK RUNNING  MTU:16436  Metric:1
          RX packets:12 errors:0 dropped:0 overruns:0 frame:0
          TX packets:12 errors:0 dropped:0 overruns:0 carrier:0
          collisions:0 txqueuelen:0 
          RX bytes:1020 (1020.0 B)  TX bytes:1020 (1020.0 B)

### route -n
Kernel IP routing table
Destination     Gateway         Genmask         Flags Metric Ref    Use Iface
route: fscanf
### cat /etc/resolv.conf
cat: can't open '/etc/resolv.conf': No such file or directory
### gateway not found
/sbin/cirros-status: line 1: can't open /etc/resolv.conf: no such file
### pinging nameservers
### uname -a
Linux tempest 3.2.0-80-virtual #116-Ubuntu SMP Mon Mar 23 17:28:52 UTC 2015 x86_64 GNU/Linux
### lsmod
Module                  Size  Used by    Not tainted
nls_iso8859_1          12713  0 
nls_cp437              16991  0 
vfat                   17585  0 
fat                    61512  1 vfat
isofs                  40259  0 
ip_tables              27473  0 
x_tables               29891  1 ip_tables
pcnet32                42119  0 
8139cp                 27360  0 
ne2k_pci               13691  0 
8390                   18856  1 ne2k_pci
e1000                 108589  0 
acpiphp                24231  0 
### dmesg | tail
[    5.274828] EXT3-fs (vda): mounted filesystem with ordered data mode
[    5.588652] ISO 9660 Extensions: Microsoft Joliet Level 3
[    5.657973] ISO 9660 Extensions: RRIP_1991A
[    5.899837] kjournald starting.  Commit interval 5 seconds
[    5.917282] EXT3-fs (vda): using internal journal
[    5.917485] EXT3-fs (vda): mounted filesystem with ordered data mode
[    9.255551] EXT3-fs (vda): using internal journal
[   12.570808] ISO 9660 Extensions: Microsoft Joliet Level 3
[   12.666920] ISO 9660 Extensions: RRIP_1991A
[   27.234993] eth0: no IPv6 routers present
### tail -n 25 /var/log/messages
Feb 18 09:13:56 cirros kern.info kernel: [    4.737556] acpiphp: Slot [20] registered
Feb 18 09:13:56 cirros kern.info kernel: [    4.737901] acpiphp: Slot [21] registered
Feb 18 09:13:56 cirros kern.info kernel: [    4.738221] acpiphp: Slot [22] registered
Feb 18 09:13:56 cirros kern.info kernel: [    4.738552] acpiphp: Slot [23] registered
Feb 18 09:13:56 cirros kern.info kernel: [    4.738859] acpiphp: Slot [24] registered
Feb 18 09:13:56 cirros kern.info kernel: [    4.739157] acpiphp: Slot [25] registered
Feb 18 09:13:56 cirros kern.info kernel: [    4.739598] acpiphp: Slot [26] registered
Feb 18 09:13:56 cirros kern.info kernel: [    4.740120] acpiphp: Slot [27] registered
Feb 18 09:13:56 cirros kern.info kernel: [    4.741824] acpiphp: Slot [28] registered
Feb 18 09:13:56 cirros kern.info kernel: [    4.879173] 8139cp: 8139cp: 10/100 PCI Ethernet driver v1.3 (Mar 22, 2004)
Feb 18 09:13:56 cirros kern.info kernel: [    4.938359] pcnet32: pcnet32.c:v1.35 21.Apr.2008 tsbogend@alpha.franken.de
Feb 18 09:13:56 cirros kern.info kernel: [    5.009371] ip_tables: (C) 2000-2006 Netfilter Core Team
Feb 18 09:13:56 cirros kern.info kernel: [    5.258842] kjournald starting.  Commit interval 5 seconds
Feb 18 09:13:56 cirros kern.info kernel: [    5.274828] EXT3-fs (vda): mounted filesystem with ordered data mode
Feb 18 09:13:56 cirros kern.debug kernel: [    5.588652] ISO 9660 Extensions: Microsoft Joliet Level 3
Feb 18 09:13:56 cirros kern.debug kernel: [    5.657973] ISO 9660 Extensions: RRIP_1991A
Feb 18 09:13:56 cirros kern.info kernel: [    5.899837] kjournald starting.  Commit interval 5 seconds
Feb 18 09:13:56 cirros kern.info kernel: [    5.917282] EXT3-fs (vda): using internal journal
Feb 18 09:13:56 cirros kern.info kernel: [    5.917485] EXT3-fs (vda): mounted filesystem with ordered data mode
Feb 18 09:13:56 cirros kern.info kernel: [    9.255551] EXT3-fs (vda): using internal journal
Feb 18 09:13:58 cirros kern.debug kernel: [   12.570808] ISO 9660 Extensions: Microsoft Joliet Level 3
Feb 18 09:13:58 cirros kern.debug kernel: [   12.666920] ISO 9660 Extensions: RRIP_1991A
Feb 18 09:14:01 cirros auth.notice su: + /dev/console root:cirros
Feb 18 09:14:12 cirros kern.debug kernel: [   27.234993] eth0: no IPv6 routers present
Feb 18 09:17:05 cirros authpriv.info dropbear[283]: Running in background
############ debug end   ##############
  ____               ____  ____
 / __/ __ ____ ____ / __ \/ __/
/ /__ / // __// __// /_/ /\ \ 
\___//_//_/  /_/   \____/___/ 
   http://cirros-cloud.net


login as 'cirros' user. default password: 'cubswin:)'. use 'sudo' for root.
tempest login: 
2016-02-18 09:17:57,496 27641 INFO     [tempest_lib.common.rest_client] Request (TestGettingAddress:_run_cleanups): 204 DELETE http://10.4.1.3:9696/v2.0/floatingips/29ee49bd-6cec-4f5b-89c2-e87602a57e74 0.427s
2016-02-18 09:17:57,496 27641 DEBUG    [tempest_lib.common.rest_client] Request - Headers: {'Content-Type': 'application/json', 'Accept': 'application/json', 'X-Auth-Token': '&lt;omitted&gt;'}
        Body: None
    Response - Headers: {'date': 'Thu, 18 Feb 2016 09:17:57 GMT', 'status': '204', 'connection': 'close', 'content-length': '0', 'x-openstack-request-id': 'req-f3d35763-e47e-425e-82dd-3aeadcf14e5f'}
        Body: 
2016-02-18 09:17:57,956 27641 INFO     [tempest_lib.common.rest_client] Request (TestGettingAddress:_run_cleanups): 204 DELETE http://10.4.1.3:8774/v2.1/4e6af284702b4e6e9817ce79ad122772/servers/3fb6f4b0-1930-46d0-9e77-f24032f36184 0.458s
2016-02-18 09:17:57,957 27641 DEBUG    [tempest_lib.common.rest_client] Request - Headers: {'Content-Type': 'application/json', 'Accept': 'application/json', 'X-Auth-Token': '&lt;omitted&gt;'}
        Body: None
    Response - Headers: {'status': '204', 'content-length': '0', 'x-compute-request-id': 'req-db944c25-c170-4d26-a30e-39e99c3ffc4a', 'vary': 'X-OpenStack-Nova-API-Version', 'connection': 'close', 'x-openstack-nova-api-version': '2.1', 'date': 'Thu, 18 Feb 2016 09:17:57 GMT', 'content-type': 'application/json'}
        Body: 
2016-02-18 09:17:58,722 27641 INFO     [tempest_lib.common.rest_client] Request (TestGettingAddress:_run_cleanups): 200 GET http://10.4.1.3:8774/v2.1/4e6af284702b4e6e9817ce79ad122772/servers/3fb6f4b0-1930-46d0-9e77-f24032f36184 0.764s
2016-02-18 09:17:58,723 27641 DEBUG    [tempest_lib.common.rest_client] Request - Headers: {'Content-Type': 'application/json', 'Accept': 'application/json', 'X-Auth-Token': '&lt;omitted&gt;'}
        Body: None
    Response - Headers: {'status': '200', 'content-length': '1899', 'content-location': 'http://10.4.1.3:8774/v2.1/4e6af284702b4e6e9817ce79ad122772/servers/3fb6f4b0-1930-46d0-9e77-f24032f36184', 'x-compute-request-id': 'req-084e3d29-80d1-434e-b6c8-a6126e05cd6f', 'vary': 'X-OpenStack-Nova-API-Version', 'connection': 'close', 'x-openstack-nova-api-version': '2.1', 'date': 'Thu, 18 Feb 2016 09:17:58 GMT', 'content-type': 'application/json'}
        Body: {"server": {"status": "ACTIVE", "updated": "2016-02-18T09:17:57Z", "hostId": "5f67f09b1236aa53ba021fdb77e5d7de40bf1cca05e449b5339b8701", "addresses": {"tempest-network-smoke--418818693": [{"OS-EXT-IPS-MAC:mac_addr": "fa:16:3e:df:64:5a", "version": 4, "addr": "10.100.0.3", "OS-EXT-IPS:type": "fixed"}, {"OS-EXT-IPS-MAC:mac_addr": "fa:16:3e:df:64:5a", "version": 6, "addr": "2003::f816:3eff:fedf:645a", "OS-EXT-IPS:type": "fixed"}, {"OS-EXT-IPS-MAC:mac_addr": "fa:16:3e:df:64:5a", "version": 4, "addr": "172.24.4.4", "OS-EXT-IPS:type": "floating"}]}, "links": [{"href": "http://10.4.1.3:8774/v2.1/4e6af284702b4e6e9817ce79ad122772/servers/3fb6f4b0-1930-46d0-9e77-f24032f36184", "rel": "self"}, {"href": "http://10.4.1.3:8774/4e6af284702b4e6e9817ce79ad122772/servers/3fb6f4b0-1930-46d0-9e77-f24032f36184", "rel": "bookmark"}], "key_name": "tempest-TestGettingAddress-1883035518", "image": {"id": "2d6f9566-d8d5-4927-8ea2-232f11a62b4e", "links": [{"href": "http://10.4.1.3:8774/4e6af284702b4e6e9817ce79ad122772/images/2d6f9566-d8d5-4927-8ea2-232f11a62b4e", "rel": "bookmark"}]}, "OS-EXT-STS:task_state": "deleting", "OS-EXT-STS:vm_state": "active", "OS-SRV-USG:launched_at": "2016-02-18T09:13:42.000000", "flavor": {"id": "42", "links": [{"href": "http://10.4.1.3:8774/4e6af284702b4e6e9817ce79ad122772/flavors/42", "rel": "bookmark"}]}, "id": "3fb6f4b0-1930-46d0-9e77-f24032f36184", "security_groups": [{"name": "tempest-secgroup-smoke-753318905"}], "OS-SRV-USG:terminated_at": null, "OS-EXT-AZ:availability_zone": "nova", "user_id": "2ab49e4014a149679ae488765ca4e8a2", "name": "tempest.common.compute-instance-1964398857", "created": "2016-02-18T09:13:36Z", "tenant_id": "4e6af284702b4e6e9817ce79ad122772", "OS-DCF:diskConfig": "MANUAL", "os-extended-volumes:volumes_attached": [], "accessIPv4": "", "accessIPv6": "", "progress": 0, "OS-EXT-STS:power_state": 1, "config_drive": "True", "metadata": {}}}
2016-02-18 09:17:59,990 27641 INFO     [tempest_lib.common.rest_client] Request (TestGettingAddress:_run_cleanups): 404 GET http://10.4.1.3:8774/v2.1/4e6af284702b4e6e9817ce79ad122772/servers/3fb6f4b0-1930-46d0-9e77-f24032f36184 0.251s
2016-02-18 09:17:59,991 27641 DEBUG    [tempest_lib.common.rest_client] Request - Headers: {'Content-Type': 'application/json', 'Accept': 'application/json', 'X-Auth-Token': '&lt;omitted&gt;'}
        Body: None
    Response - Headers: {'status': '404', 'content-length': '111', 'x-compute-request-id': 'req-f605aa53-a867-417d-91f6-107c020c72ed', 'vary': 'X-OpenStack-Nova-API-Version', 'connection': 'close', 'x-openstack-nova-api-version': '2.1', 'date': 'Thu, 18 Feb 2016 09:17:59 GMT', 'content-type': 'application/json; charset=UTF-8'}
        Body: {"itemNotFound": {"message": "Instance 3fb6f4b0-1930-46d0-9e77-f24032f36184 could not be found.", "code": 404}}
2016-02-18 09:18:00,689 27641 INFO     [tempest_lib.common.rest_client] Request (TestGettingAddress:_run_cleanups): 500 PUT http://10.4.1.3:9696/v2.0/routers/4de92192-c123-4517-8cce-3feaf5b09b7c/remove_router_interface 0.696s
2016-02-18 09:18:00,689 27641 DEBUG    [tempest_lib.common.rest_client] Request - Headers: {'Content-Type': 'application/json', 'Accept': 'application/json', 'X-Auth-Token': '&lt;omitted&gt;'}
        Body: {"subnet_id": "a994b3ce-9c79-4b33-93c5-5abf5b681552"}
    Response - Headers: {'status': '500', 'content-length': '150', 'connection': 'close', 'date': 'Thu, 18 Feb 2016 09:18:00 GMT', 'content-type': 'application/json; charset=UTF-8', 'x-openstack-request-id': 'req-c431c775-656b-4971-9591-a17b1bab6076'}
        Body: {"NeutronError": {"message": "Request Failed: internal server error while processing your request.", "type": "HTTPInternalServerError", "detail": ""}}
2016-02-18 09:18:01,162 27641 INFO     [tempest_lib.common.rest_client] Request (TestGettingAddress:_run_cleanups): 404 PUT http://10.4.1.3:9696/v2.0/routers/4de92192-c123-4517-8cce-3feaf5b09b7c/remove_router_interface 0.469s
2016-02-18 09:18:01,163 27641 DEBUG    [tempest_lib.common.rest_client] Request - Headers: {'Content-Type': 'application/json', 'Accept': 'application/json', 'X-Auth-Token': '&lt;omitted&gt;'}
        Body: {"subnet_id": "a994b3ce-9c79-4b33-93c5-5abf5b681552"}
    Response - Headers: {'status': '404', 'content-length': '198', 'connection': 'close', 'date': 'Thu, 18 Feb 2016 09:18:01 GMT', 'content-type': 'application/json; charset=UTF-8', 'x-openstack-request-id': 'req-f60e2946-e434-4020-ad04-438ab980ec68'}
        Body: {"NeutronError": {"message": "Router 4de92192-c123-4517-8cce-3feaf5b09b7c has no interface on subnet a994b3ce-9c79-4b33-93c5-5abf5b681552", "type": "RouterInterfaceNotFoundForSubnet", "detail": ""}}
2016-02-18 09:18:01,934 27641 INFO     [tempest_lib.common.rest_client] Request (TestGettingAddress:_run_cleanups): 500 PUT http://10.4.1.3:9696/v2.0/routers/4de92192-c123-4517-8cce-3feaf5b09b7c/remove_router_interface 0.770s
2016-02-18 09:18:01,935 27641 DEBUG    [tempest_lib.common.rest_client] Request - Headers: {'Content-Type': 'application/json', 'Accept': 'application/json', 'X-Auth-Token': '&lt;omitted&gt;'}
        Body: {"subnet_id": "f9b1f42e-00e6-43c2-aefe-8272260ee23b"}
    Response - Headers: {'status': '500', 'content-length': '150', 'connection': 'close', 'date': 'Thu, 18 Feb 2016 09:18:01 GMT', 'content-type': 'application/json; charset=UTF-8', 'x-openstack-request-id': 'req-887d78ca-092b-445b-88dd-701f338bdf9a'}
        Body: {"NeutronError": {"message": "Request Failed: internal server error while processing your request.", "type": "HTTPInternalServerError", "detail": ""}}
2016-02-18 09:18:02,261 27641 INFO     [tempest_lib.common.rest_client] Request (TestGettingAddress:_run_cleanups): 200 GET http://10.4.1.3:9696/v2.0/routers/4de92192-c123-4517-8cce-3feaf5b09b7c 0.324s
2016-02-18 09:18:02,261 27641 DEBUG    [tempest_lib.common.rest_client] Request - Headers: {'Content-Type': 'application/json', 'Accept': 'application/json', 'X-Auth-Token': '&lt;omitted&gt;'}
        Body: None
    Response - Headers: {'status': '200', 'content-length': '501', 'content-location': 'http://10.4.1.3:9696/v2.0/routers/4de92192-c123-4517-8cce-3feaf5b09b7c', 'connection': 'close', 'date': 'Thu, 18 Feb 2016 09:18:02 GMT', 'content-type': 'application/json; charset=UTF-8', 'x-openstack-request-id': 'req-35f9da90-3e2d-413b-80f6-5f6ca4943690'}
        Body: {"router": {"status": "ACTIVE", "external_gateway_info": {"network_id": "488a0c3a-31e0-4353-84ed-002636ffd05d", "enable_snat": true, "external_fixed_ips": [{"subnet_id": "a68f0f27-35ab-4bbd-8e66-9f2575fa4072", "ip_address": "172.24.4.3"}, {"subnet_id": "df5cbeae-93c2-4629-8d1a-119d98122096", "ip_address": "2001:db8::3"}]}, "name": "tempest-router-smoke-1827744306", "admin_state_up": true, "tenant_id": "4e6af284702b4e6e9817ce79ad122772", "routes": [], "id": "4de92192-c123-4517-8cce-3feaf5b09b7c"}}
2016-02-18 09:18:02,806 27641 INFO     [tempest_lib.common.rest_client] Request (TestGettingAddress:_run_cleanups): 200 PUT http://10.4.1.3:9696/v2.0/routers/4de92192-c123-4517-8cce-3feaf5b09b7c 0.543s
2016-02-18 09:18:02,807 27641 DEBUG    [tempest_lib.common.rest_client] Request - Headers: {'Content-Type': 'application/json', 'Accept': 'application/json', 'X-Auth-Token': '&lt;omitted&gt;'}
        Body: {"router": {"external_gateway_info": {}, "name": "tempest-router-smoke-1827744306", "admin_state_up": true}}
    Response - Headers: {'status': '200', 'content-length': '239', 'connection': 'close', 'date': 'Thu, 18 Feb 2016 09:18:02 GMT', 'content-type': 'application/json; charset=UTF-8', 'x-openstack-request-id': 'req-0bd8bc53-1039-4db5-9d78-40fa71b56185'}
        Body: {"router": {"status": "ACTIVE", "external_gateway_info": null, "name": "tempest-router-smoke-1827744306", "admin_state_up": true, "tenant_id": "4e6af284702b4e6e9817ce79ad122772", "routes": [], "id": "4de92192-c123-4517-8cce-3feaf5b09b7c"}}
2016-02-18 09:18:03,223 27641 INFO     [tempest_lib.common.rest_client] Request (TestGettingAddress:_run_cleanups): 500 DELETE http://10.4.1.3:9696/v2.0/routers/4de92192-c123-4517-8cce-3feaf5b09b7c 0.414s
2016-02-18 09:18:03,224 27641 DEBUG    [tempest_lib.common.rest_client] Request - Headers: {'Content-Type': 'application/json', 'Accept': 'application/json', 'X-Auth-Token': '&lt;omitted&gt;'}
        Body: None
    Response - Headers: {'status': '500', 'content-length': '150', 'connection': 'close', 'date': 'Thu, 18 Feb 2016 09:18:03 GMT', 'content-type': 'application/json; charset=UTF-8', 'x-openstack-request-id': 'req-19dfaf2e-e07f-47c9-bdf7-423479087122'}
        Body: {"NeutronError": {"message": "Request Failed: internal server error while processing your request.", "type": "HTTPInternalServerError", "detail": ""}}
2016-02-18 09:18:03,486 27641 INFO     [tempest_lib.common.rest_client] Request (TestGettingAddress:_run_cleanups): 404 PUT http://10.4.1.3:9696/v2.0/routers/4de92192-c123-4517-8cce-3feaf5b09b7c/remove_router_interface 0.260s
2016-02-18 09:18:03,487 27641 DEBUG    [tempest_lib.common.rest_client] Request - Headers: {'Content-Type': 'application/json', 'Accept': 'application/json', 'X-Auth-Token': '&lt;omitted&gt;'}
