<?xml version="1.0" encoding="UTF-8"?>
<!DOCTYPE html PUBLIC "-//W3C//DTD XHTML 1.0 Strict//EN"
     "http://www.w3.org/TR/xhtml1/DTD/xhtml1-strict.dtd">
<html xmlns="http://www.w3.org/1999/xhtml">
<head>
    <title>Unit Test Report</title>
    <meta name="generator" content="subunit2html 0.1"/>
    <meta http-equiv="Content-Type" content="text/html; charset=UTF-8"/>
    
<style type="text/css" media="screen">
body        { font-family: verdana, arial, helvetica, sans-serif;
    font-size: 80%; }
table       { font-size: 100%; width: 100%;}
pre         { font-size: 80%; }

/* -- heading -------------------------------------------------------------- */
h1 {
        font-size: 16pt;
        color: gray;
}
.heading {
    margin-top: 0ex;
    margin-bottom: 1ex;
}

.heading .attribute {
    margin-top: 1ex;
    margin-bottom: 0;
}

.heading .description {
    margin-top: 4ex;
    margin-bottom: 6ex;
}

/* -- css div popup -------------------------------------------------------- */
a.popup_link {
}

a.popup_link:hover {
    color: red;
}

.popup_window {
    display: none;
    overflow-x: scroll;
    /*border: solid #627173 1px; */
    padding: 10px;
    background-color: #E6E6D6;
    font-family: "Ubuntu Mono", "Lucida Console", "Courier New", monospace;
    text-align: left;
    font-size: 8pt;
}

}
/* -- report --------------------------------------------------------------- */
#show_detail_line {
    margin-top: 3ex;
    margin-bottom: 1ex;
}
#result_table {
    width: 100%;
    border-collapse: collapse;
    border: 1px solid #777;
}
#header_row {
    font-weight: bold;
    color: white;
    background-color: #777;
}
#result_table td {
    border: 1px solid #777;
    padding: 2px;
}
#total_row  { font-weight: bold; }
.passClass  { background-color: #6c6; }
.failClass  { background-color: #c60; }
.errorClass { background-color: #c00; }
.passCase   { color: #6c6; }
.failCase   { color: #c60; font-weight: bold; }
.errorCase  { color: #c00; font-weight: bold; }
.hiddenRow  { display: none; }
.testcase   { margin-left: 2em; }
td.testname {width: 40%}
td.small {width: 40px}

/* -- ending --------------------------------------------------------------- */
#ending {
}

</style>

</head>
<body>
<script language="javascript" type="text/javascript"><!--
output_list = Array();

/* level - 0:Summary; 1:Failed; 2:All */
function showCase(level) {
    trs = document.getElementsByTagName("tr");
    for (var i = 0; i < trs.length; i++) {
        tr = trs[i];
        id = tr.id;
        if (id.substr(0,2) == 'ft') {
            if (level < 1) {
                tr.className = 'hiddenRow';
            }
            else {
                tr.className = '';
            }
        }
        if (id.substr(0,2) == 'pt') {
            if (level > 1) {
                tr.className = '';
            }
            else {
                tr.className = 'hiddenRow';
            }
        }
    }
}


function showClassDetail(cid, count) {
    var id_list = Array(count);
    var toHide = 1;
    for (var i = 0; i < count; i++) {
        tid0 = 't' + cid.substr(1) + '.' + (i+1);
        tid = 'f' + tid0;
        tr = document.getElementById(tid);
        if (!tr) {
            tid = 'p' + tid0;
            tr = document.getElementById(tid);
        }
        id_list[i] = tid;
        if (tr.className) {
            toHide = 0;
        }
    }
    for (var i = 0; i < count; i++) {
        tid = id_list[i];
        if (toHide) {
            document.getElementById('div_'+tid).style.display = 'none'
            document.getElementById(tid).className = 'hiddenRow';
        }
        else {
            document.getElementById(tid).className = '';
        }
    }
}


function showTestDetail(div_id){
    var details_div = document.getElementById(div_id)
    var displayState = details_div.style.display
    // alert(displayState)
    if (displayState != 'block' ) {
        displayState = 'block'
        details_div.style.display = 'block'
    }
    else {
        details_div.style.display = 'none'
    }
}


function html_escape(s) {
    s = s.replace(/&/g,'&amp;');
    s = s.replace(/</g,'&lt;');
    s = s.replace(/>/g,'&gt;');
    return s;
}

/* obsoleted by detail in <div>
function showOutput(id, name) {
    var w = window.open("", //url
                    name,
                    "resizable,scrollbars,status,width=800,height=450");
    d = w.document;
    d.write("<pre>");
    d.write(html_escape(output_list[id]));
    d.write("\n");
    d.write("<a href='javascript:window.close()'>close</a>\n");
    d.write("</pre>\n");
    d.close();
}
*/
--></script>

<div class='heading'>
<h1>Unit Test Report</h1>

<p class='attribute'><strong>Status:</strong> Failure 8</p>

<p class='description'></p>
</div>



<p id='show_detail_line'>Show
<a href='javascript:showCase(0)'>Summary</a>
<a href='javascript:showCase(1)'>Failed</a>
<a href='javascript:showCase(2)'>All</a>
</p>
<table id='result_table'>
<colgroup>
<col align='left' />
<col align='right' />
<col align='right' />
<col align='right' />
<col align='right' />
<col align='right' />
<col align='right' />
<col align='right' />
</colgroup>
<tr id='header_row'>
    <td>Test Group/Test case</td>
    <td>Count</td>
    <td>Pass</td>
    <td>Fail</td>
    <td>Error</td>
    <td>Skip</td>
    <td>View</td>
    <td> </td>
</tr>

<tr class='failClass'>
    <td class="testname">tempest.scenario.test_network_v6.TestGettingAddress</td>
    <td class="small">8</td>
    <td class="small">0</td>
    <td class="small">8</td>
    <td class="small">0</td>
    <td class="small">0</td>
    <td class="small"><a href="javascript:showClassDetail('c1',8)"
>Detail</a></td>
    <td> </td>
</tr>

<tr id='ft1.1' class='none'>
    <td class='failCase'><div class='testcase'>test_dhcp6_stateless_from_os[compute,id-d7e1f858-187c-45a6-89c9-bdafde619a9f,network,slow]</div></td>
    <td colspan='7' align='left'>

    <!--css div popup start-->
    <a class="popup_link" onfocus='this.blur();'
    href="javascript:showTestDetail('div_ft1.1')" >
        fail</a>

    <div id='div_ft1.1' class="popup_window">
        <div style='text-align: right; color:red;cursor:pointer'>
        <a onfocus='this.blur();'
onclick="document.getElementById('div_ft1.1').style.display = 'none' " >
           [x]</a>
        </div>
        <pre>
        
ft1.1: tempest.scenario.test_network_v6.TestGettingAddress.test_dhcp6_stateless_from_os[compute,id-d7e1f858-187c-45a6-89c9-bdafde619a9f,network,slow]_StringException: Empty attachments:
  stderr
  stdout

pythonlogging:'': {{{
2016-02-21 03:01:12,619 28329 INFO     [tempest_lib.common.rest_client] Request (TestGettingAddress:setUp): 200 POST http://10.4.1.3:8774/v2.1/96de3cbf214a430b8352c40a38df1185/os-keypairs 0.490s
2016-02-21 03:01:12,620 28329 DEBUG    [tempest_lib.common.rest_client] Request - Headers: {'Content-Type': 'application/json', 'Accept': 'application/json', 'X-Auth-Token': '&lt;omitted&gt;'}
        Body: {"keypair": {"name": "tempest-TestGettingAddress-1377424757"}}
    Response - Headers: {'status': '200', 'content-length': '2320', 'x-compute-request-id': 'req-67a90a3a-9d81-4081-a933-505eb38c5da6', 'vary': 'X-OpenStack-Nova-API-Version', 'connection': 'close', 'x-openstack-nova-api-version': '2.1', 'date': 'Sun, 21 Feb 2016 03:01:12 GMT', 'content-type': 'application/json'}
        Body: {"keypair": {"public_key": "ssh-rsa AAAAB3NzaC1yc2EAAAADAQABAAABAQCStY/KTO4igPosnFgywPluu/swllYgBSsYH5dJ1Rusth1KcaLY17qxkA4Qwu0941Yq6KSo6zCLeWT/y7i8q073qX7mEgbKA0099m0IiLRZvxvtsYzKvPCCOUz3Z/6M7Y/VQaLr0YB/EXo2t/SZ9GQoVf9wNsacgAqPXQBkmkncVFI1Sh7hQc3q98IaO/9fuP5Zd0LcKTnFoPWQdfP39Gnlq8z/Caktubv6dCRPhB1dX9qOn8lQtdMcMGXDi334tVtRhIRlPa1kL29Bxke8YWS0bOJc5o01P52EQF7b6018vLGwgQtsnO3lSm/wUUxDG1qRvvL7Ufu9FyIXuOSQvIa/ Generated-by-Nova", "private_key": "-----BEGIN RSA PRIVATE KEY-----\nMIIEqQIBAAKCAQEAkrWPykzuIoD6LJxYMsD5brv7MJZWIAUrGB+XSdUbrLYdSnGi\n2Ne6sZAOEMLtPeNWKuikqOswi3lk/8u4vKtO96l+5hIGygNNPfZtCIi0Wb8b7bGM\nyrzwgjlM92f+jO2P1UGi69GAfxF6Nrf0mfRkKFX/cDbGnIAKj10AZJpJ3FRSNUoe\n4UHN6vfCGjv/X7j+WXdC3Ck5xaD1kHXz9/Rp5avM/wmpLbm7+nQkT4QdXV/ajp/J\nULXTHDBlw4t9+LVbUYSEZT2tZC9vQcZHvGFktGziXOaNNT+dhEBe2+tNfLyxsIEL\nbJzt5Upv8FFMQxtakb7y+1H7vRciF7jkkLyGvwIDAQABAoIBADDZDShhlwScBzBl\nWiSEBkkthAR4efKtZdzhX+EweMd316ba0Ur8AWhvu48vKAjsMduVnIW10XMPF2bo\nMPl43JEvuVXneKU4ljZkX4dw5QPg0u7AqE00vavOYmcaFDJeQv7RnOqB1hP5AMVJ\nWMMOEW8wux1kz5p6M4nqgF/+00rts0D6h8qYHZsPt8XX+rrEP1D1pjbH/Ro1MBaD\nyOIl7tJGFYZyNOjLvM+Re1d6tvL0KR+riqxnwW7ZtxSlULt9OteRigRAk0s3zNZ6\nWMqOKb2jMtENAycCWhUZjA/ZCaQyd9OaksA8nwwaOkuztjRUYeOmzokCqTL8qjhE\nRTZcBnkCggCBALimTivmyGPX5QDDmCZXryzfx3jtz0CMmZApHydxXYm6zaorcB93\naHYlnaOvF2xj44wOgNqxsOBc4WE1LDMd/sjNkym+WDJKvW7hpFlL2414iVBY30kJ\n0M4OJEPoEyvxrNOO+VJE+LoVTPI0KzTPw+RvOXGA0irWIkz0q98Fu5KrAoIAgQDL\nZij0gIjr5Y/OfrUENRy9n2el1sSj/SJyOuOBdGI8P4FN9U70YLns2oxAuVGe+Fin\nGeTJAnQD52IALQpZf3mrJ5Le9D/DNKB4dYp7cgZoAcUt/MG0uXbMduZxKj5YOPMf\n3Q7/qlFZVYS+G7dSJPRZNyxOe4GDwgO0wgXiEf+8PQKCAIEAgrqDd8OBtmaApGTW\nULcdt7iLYguEAyBIDG+Atg0l+z/9IfB1BmIk3BjPnbZ17/BchqkyAyNwpbg8fPUH\nYP1oiEQ7X396s8iEi39HO01gmK1xEiiJlQ1U/r22YTlqcV8+S93amKtqKVyxSH00\n5cP+3bj9Q2W/5kIKsM88674ESdcCggCAAjQbIXr7AMM96ZjJ0T/aDdvaPZu0CarG\nYsJskIx4O/rcJcIQluktWnmLp2/aiIRcQYMwTVUveJNbJnFWeV2+LbKCDtRKlIzP\naD6tv2Se2SWbw0HHv3N67AAlwvgYMNB9Ic09SlvIAdXBWGXoeIVZ+FV2r2r7HjhN\n3fl0ItzbDmkCggCBAJwP7pcTHJPNy/qD3m6PZ3GUCp6RtnHnP2hdGUtrBMcF2ax5\nyJcR/KGeL9lPPkeVguftF/BfbPrnDvLfxVJxGnOPFILMSaDKVMUeF5A4ltuTx+p1\n/9tSiWvZTDABTDPYs+/kwCumM/7FhaOrfALFYtn2UlQwhUw18KkRwAIuBqe9\n-----END RSA PRIVATE KEY-----\n", "user_id": "d70b11e86fec4df4864dbcdb83a07893", "name": "tempest-TestGettingAddress-1377424757", "fingerprint": "f1:44:e7:0a:c4:30:45:4a:f4:82:3b:41:77:35:72:11"}}
2016-02-21 03:01:13,065 28329 INFO     [tempest_lib.common.rest_client] Request (TestGettingAddress:setUp): 201 POST http://10.4.1.3:9696/v2.0/security-groups 0.441s
2016-02-21 03:01:13,066 28329 DEBUG    [tempest_lib.common.rest_client] Request - Headers: {'Content-Type': 'application/json', 'Accept': 'application/json', 'X-Auth-Token': '&lt;omitted&gt;'}
        Body: {"security_group": {"tenant_id": "96de3cbf214a430b8352c40a38df1185", "description": "tempest-secgroup-smoke-265278673 description", "name": "tempest-secgroup-smoke-265278673"}}
    Response - Headers: {'status': '201', 'content-length': '886', 'connection': 'close', 'date': 'Sun, 21 Feb 2016 03:01:13 GMT', 'content-type': 'application/json; charset=UTF-8', 'x-openstack-request-id': 'req-46064dca-43b2-4306-9b19-0429fb7ab17e'}
        Body: {"security_group": {"tenant_id": "96de3cbf214a430b8352c40a38df1185", "description": "tempest-secgroup-smoke-265278673 description", "id": "f4385fff-3a78-4b29-aaf6-dff97a5092da", "security_group_rules": [{"remote_group_id": null, "direction": "egress", "remote_ip_prefix": null, "protocol": null, "ethertype": "IPv4", "tenant_id": "96de3cbf214a430b8352c40a38df1185", "port_range_max": null, "port_range_min": null, "id": "0f5abf2e-d3b6-45c3-b45d-58cc9f17251a", "security_group_id": "f4385fff-3a78-4b29-aaf6-dff97a5092da"}, {"remote_group_id": null, "direction": "egress", "remote_ip_prefix": null, "protocol": null, "ethertype": "IPv6", "tenant_id": "96de3cbf214a430b8352c40a38df1185", "port_range_max": null, "port_range_min": null, "id": "2d0debc0-b460-451d-bb74-fd99fb64f517", "security_group_id": "f4385fff-3a78-4b29-aaf6-dff97a5092da"}], "name": "tempest-secgroup-smoke-265278673"}}
2016-02-21 03:01:13,385 28329 INFO     [tempest_lib.common.rest_client] Request (TestGettingAddress:setUp): 201 POST http://10.4.1.3:9696/v2.0/security-group-rules 0.318s
2016-02-21 03:01:13,385 28329 DEBUG    [tempest_lib.common.rest_client] Request - Headers: {'Content-Type': 'application/json', 'Accept': 'application/json', 'X-Auth-Token': '&lt;omitted&gt;'}
        Body: {"security_group_rule": {"direction": "ingress", "protocol": "tcp", "tenant_id": "96de3cbf214a430b8352c40a38df1185", "port_range_max": 22, "security_group_id": "f4385fff-3a78-4b29-aaf6-dff97a5092da", "port_range_min": 22}}
    Response - Headers: {'status': '201', 'content-length': '340', 'connection': 'close', 'date': 'Sun, 21 Feb 2016 03:01:13 GMT', 'content-type': 'application/json; charset=UTF-8', 'x-openstack-request-id': 'req-f52906ba-c466-4599-a363-e25b96b99612'}
        Body: {"security_group_rule": {"remote_group_id": null, "direction": "ingress", "remote_ip_prefix": null, "protocol": "tcp", "ethertype": "IPv4", "tenant_id": "96de3cbf214a430b8352c40a38df1185", "port_range_max": 22, "port_range_min": 22, "id": "fa834f14-651d-474b-84e1-8612daeda066", "security_group_id": "f4385fff-3a78-4b29-aaf6-dff97a5092da"}}
2016-02-21 03:01:13,718 28329 INFO     [tempest_lib.common.rest_client] Request (TestGettingAddress:setUp): 201 POST http://10.4.1.3:9696/v2.0/security-group-rules 0.330s
2016-02-21 03:01:13,718 28329 DEBUG    [tempest_lib.common.rest_client] Request - Headers: {'Content-Type': 'application/json', 'Accept': 'application/json', 'X-Auth-Token': '&lt;omitted&gt;'}
        Body: {"security_group_rule": {"direction": "egress", "protocol": "tcp", "tenant_id": "96de3cbf214a430b8352c40a38df1185", "port_range_max": 22, "security_group_id": "f4385fff-3a78-4b29-aaf6-dff97a5092da", "port_range_min": 22}}
    Response - Headers: {'status': '201', 'content-length': '339', 'connection': 'close', 'date': 'Sun, 21 Feb 2016 03:01:13 GMT', 'content-type': 'application/json; charset=UTF-8', 'x-openstack-request-id': 'req-32c480d9-2b2c-4ba4-8fc6-850eecec9af1'}
        Body: {"security_group_rule": {"remote_group_id": null, "direction": "egress", "remote_ip_prefix": null, "protocol": "tcp", "ethertype": "IPv4", "tenant_id": "96de3cbf214a430b8352c40a38df1185", "port_range_max": 22, "port_range_min": 22, "id": "a47503f1-5552-4e63-aa63-2ff2d5266ca8", "security_group_id": "f4385fff-3a78-4b29-aaf6-dff97a5092da"}}
2016-02-21 03:01:14,029 28329 INFO     [tempest_lib.common.rest_client] Request (TestGettingAddress:setUp): 201 POST http://10.4.1.3:9696/v2.0/security-group-rules 0.309s
2016-02-21 03:01:14,030 28329 DEBUG    [tempest_lib.common.rest_client] Request - Headers: {'Content-Type': 'application/json', 'Accept': 'application/json', 'X-Auth-Token': '&lt;omitted&gt;'}
        Body: {"security_group_rule": {"tenant_id": "96de3cbf214a430b8352c40a38df1185", "direction": "ingress", "protocol": "icmp", "security_group_id": "f4385fff-3a78-4b29-aaf6-dff97a5092da"}}
    Response - Headers: {'status': '201', 'content-length': '345', 'connection': 'close', 'date': 'Sun, 21 Feb 2016 03:01:14 GMT', 'content-type': 'application/json; charset=UTF-8', 'x-openstack-request-id': 'req-d22c42ed-9a40-459f-9f5a-5487e1464fd1'}
        Body: {"security_group_rule": {"remote_group_id": null, "direction": "ingress", "remote_ip_prefix": null, "protocol": "icmp", "ethertype": "IPv4", "tenant_id": "96de3cbf214a430b8352c40a38df1185", "port_range_max": null, "port_range_min": null, "id": "2b609dc0-fd75-4e69-9395-79a9b71d1560", "security_group_id": "f4385fff-3a78-4b29-aaf6-dff97a5092da"}}
2016-02-21 03:01:14,335 28329 INFO     [tempest_lib.common.rest_client] Request (TestGettingAddress:setUp): 201 POST http://10.4.1.3:9696/v2.0/security-group-rules 0.304s
2016-02-21 03:01:14,336 28329 DEBUG    [tempest_lib.common.rest_client] Request - Headers: {'Content-Type': 'application/json', 'Accept': 'application/json', 'X-Auth-Token': '&lt;omitted&gt;'}
        Body: {"security_group_rule": {"tenant_id": "96de3cbf214a430b8352c40a38df1185", "direction": "egress", "protocol": "icmp", "security_group_id": "f4385fff-3a78-4b29-aaf6-dff97a5092da"}}
    Response - Headers: {'status': '201', 'content-length': '344', 'connection': 'close', 'date': 'Sun, 21 Feb 2016 03:01:14 GMT', 'content-type': 'application/json; charset=UTF-8', 'x-openstack-request-id': 'req-2b5701da-4255-47e1-bc6e-142367a28d65'}
        Body: {"security_group_rule": {"remote_group_id": null, "direction": "egress", "remote_ip_prefix": null, "protocol": "icmp", "ethertype": "IPv4", "tenant_id": "96de3cbf214a430b8352c40a38df1185", "port_range_max": null, "port_range_min": null, "id": "e803130e-eb61-40ca-ad57-45c5359fe10f", "security_group_id": "f4385fff-3a78-4b29-aaf6-dff97a5092da"}}
2016-02-21 03:01:14,656 28329 INFO     [tempest_lib.common.rest_client] Request (TestGettingAddress:setUp): 201 POST http://10.4.1.3:9696/v2.0/security-group-rules 0.318s
2016-02-21 03:01:14,656 28329 DEBUG    [tempest_lib.common.rest_client] Request - Headers: {'Content-Type': 'application/json', 'Accept': 'application/json', 'X-Auth-Token': '&lt;omitted&gt;'}
        Body: {"security_group_rule": {"tenant_id": "96de3cbf214a430b8352c40a38df1185", "direction": "ingress", "security_group_id": "f4385fff-3a78-4b29-aaf6-dff97a5092da", "protocol": "icmp", "ethertype": "IPv6"}}
    Response - Headers: {'status': '201', 'content-length': '345', 'connection': 'close', 'date': 'Sun, 21 Feb 2016 03:01:14 GMT', 'content-type': 'application/json; charset=UTF-8', 'x-openstack-request-id': 'req-dbfc0e1c-cfc6-46d2-8863-0d9e65b5f1c2'}
        Body: {"security_group_rule": {"remote_group_id": null, "direction": "ingress", "remote_ip_prefix": null, "protocol": "icmp", "ethertype": "IPv6", "tenant_id": "96de3cbf214a430b8352c40a38df1185", "port_range_max": null, "port_range_min": null, "id": "3135b410-3793-415d-8467-5bec0bdc74b9", "security_group_id": "f4385fff-3a78-4b29-aaf6-dff97a5092da"}}
2016-02-21 03:01:14,934 28329 INFO     [tempest_lib.common.rest_client] Request (TestGettingAddress:setUp): 201 POST http://10.4.1.3:9696/v2.0/security-group-rules 0.277s
2016-02-21 03:01:14,935 28329 DEBUG    [tempest_lib.common.rest_client] Request - Headers: {'Content-Type': 'application/json', 'Accept': 'application/json', 'X-Auth-Token': '&lt;omitted&gt;'}
        Body: {"security_group_rule": {"tenant_id": "96de3cbf214a430b8352c40a38df1185", "direction": "egress", "security_group_id": "f4385fff-3a78-4b29-aaf6-dff97a5092da", "protocol": "icmp", "ethertype": "IPv6"}}
    Response - Headers: {'status': '201', 'content-length': '344', 'connection': 'close', 'date': 'Sun, 21 Feb 2016 03:01:14 GMT', 'content-type': 'application/json; charset=UTF-8', 'x-openstack-request-id': 'req-bffb9b5b-87b6-4b15-a0d4-759614ed9fac'}
        Body: {"security_group_rule": {"remote_group_id": null, "direction": "egress", "remote_ip_prefix": null, "protocol": "icmp", "ethertype": "IPv6", "tenant_id": "96de3cbf214a430b8352c40a38df1185", "port_range_max": null, "port_range_min": null, "id": "59ddc30b-d128-4ae5-91d7-bc78eb4ceb97", "security_group_id": "f4385fff-3a78-4b29-aaf6-dff97a5092da"}}
2016-02-21 03:01:15,382 28329 INFO     [tempest_lib.common.rest_client] Request (TestGettingAddress:test_dhcp6_stateless_from_os): 201 POST http://10.4.1.3:9696/v2.0/networks 0.445s
2016-02-21 03:01:15,383 28329 DEBUG    [tempest_lib.common.rest_client] Request - Headers: {'Content-Type': 'application/json', 'Accept': 'application/json', 'X-Auth-Token': '&lt;omitted&gt;'}
        Body: {"network": {"tenant_id": "96de3cbf214a430b8352c40a38df1185", "name": "tempest-network-smoke--297283650"}}
    Response - Headers: {'status': '201', 'content-length': '355', 'connection': 'close', 'date': 'Sun, 21 Feb 2016 03:01:15 GMT', 'content-type': 'application/json; charset=UTF-8', 'x-openstack-request-id': 'req-47f79f5c-050c-44ee-80f5-d1e45eb1f13f'}
        Body: {"network": {"status": "ACTIVE", "subnets": [], "availability_zone_hints": [], "availability_zones": [], "name": "tempest-network-smoke--297283650", "admin_state_up": true, "tenant_id": "96de3cbf214a430b8352c40a38df1185", "mtu": 1450, "router:external": false, "shared": false, "port_security_enabled": true, "id": "6d0132a6-0f5b-4144-9542-6f7d21384b94"}}
2016-02-21 03:01:15,642 28329 INFO     [tempest_lib.common.rest_client] Request (TestGettingAddress:test_dhcp6_stateless_from_os): 200 GET http://10.4.1.3:9696/v2.0/subnets?tenant_id=96de3cbf214a430b8352c40a38df1185&amp;cidr=10.100.0.0%2F28 0.257s
2016-02-21 03:01:15,642 28329 DEBUG    [tempest_lib.common.rest_client] Request - Headers: {'Content-Type': 'application/json', 'Accept': 'application/json', 'X-Auth-Token': '&lt;omitted&gt;'}
        Body: None
    Response - Headers: {'status': '200', 'content-length': '15', 'content-location': 'http://10.4.1.3:9696/v2.0/subnets?tenant_id=96de3cbf214a430b8352c40a38df1185&amp;cidr=10.100.0.0%2F28', 'connection': 'close', 'date': 'Sun, 21 Feb 2016 03:01:15 GMT', 'content-type': 'application/json; charset=UTF-8', 'x-openstack-request-id': 'req-d38617fe-18eb-40ce-8a34-e2b8c749bddc'}
        Body: {"subnets": []}
2016-02-21 03:01:16,187 28329 INFO     [tempest_lib.common.rest_client] Request (TestGettingAddress:test_dhcp6_stateless_from_os): 201 POST http://10.4.1.3:9696/v2.0/subnets 0.544s
2016-02-21 03:01:16,188 28329 DEBUG    [tempest_lib.common.rest_client] Request - Headers: {'Content-Type': 'application/json', 'Accept': 'application/json', 'X-Auth-Token': '&lt;omitted&gt;'}
        Body: {"subnet": {"ip_version": 4, "tenant_id": "96de3cbf214a430b8352c40a38df1185", "cidr": "10.100.0.0/28", "network_id": "6d0132a6-0f5b-4144-9542-6f7d21384b94", "name": "tempest-sub4-634036019"}}
    Response - Headers: {'status': '201', 'content-length': '469', 'connection': 'close', 'date': 'Sun, 21 Feb 2016 03:01:16 GMT', 'content-type': 'application/json; charset=UTF-8', 'x-openstack-request-id': 'req-b9f5571a-9d03-4fc0-a654-98f7638f1502'}
        Body: {"subnet": {"name": "tempest-sub4-634036019", "enable_dhcp": true, "network_id": "6d0132a6-0f5b-4144-9542-6f7d21384b94", "tenant_id": "96de3cbf214a430b8352c40a38df1185", "dns_nameservers": [], "gateway_ip": "10.100.0.1", "ipv6_ra_mode": null, "allocation_pools": [{"start": "10.100.0.2", "end": "10.100.0.14"}], "host_routes": [], "ip_version": 4, "ipv6_address_mode": null, "cidr": "10.100.0.0/28", "id": "7bf92dfd-c301-4afe-93f3-8cfdf9ee6072", "subnetpool_id": null}}
2016-02-21 03:01:16,443 28329 INFO     [tempest_lib.common.rest_client] Request (TestGettingAddress:test_dhcp6_stateless_from_os): 201 POST http://10.4.1.3:9696/v2.0/routers 0.254s
2016-02-21 03:01:16,444 28329 DEBUG    [tempest_lib.common.rest_client] Request - Headers: {'Content-Type': 'application/json', 'Accept': 'application/json', 'X-Auth-Token': '&lt;omitted&gt;'}
        Body: {"router": {"tenant_id": "96de3cbf214a430b8352c40a38df1185", "name": "tempest-router-smoke-1581358970", "admin_state_up": true}}
    Response - Headers: {'status': '201', 'content-length': '239', 'connection': 'close', 'date': 'Sun, 21 Feb 2016 03:01:16 GMT', 'content-type': 'application/json; charset=UTF-8', 'x-openstack-request-id': 'req-68bdc3af-1268-45e2-8036-30b81de91e0a'}
        Body: {"router": {"status": "ACTIVE", "external_gateway_info": null, "name": "tempest-router-smoke-1581358970", "admin_state_up": true, "tenant_id": "96de3cbf214a430b8352c40a38df1185", "routes": [], "id": "4d976730-000e-44c9-bbb6-8a22b15e3212"}}
2016-02-21 03:01:16,753 28329 INFO     [tempest_lib.common.rest_client] Request (TestGettingAddress:test_dhcp6_stateless_from_os): 200 GET http://10.4.1.3:9696/v2.0/routers/4d976730-000e-44c9-bbb6-8a22b15e3212 0.309s
2016-02-21 03:01:16,754 28329 DEBUG    [tempest_lib.common.rest_client] Request - Headers: {'Content-Type': 'application/json', 'Accept': 'application/json', 'X-Auth-Token': '&lt;omitted&gt;'}
        Body: None
    Response - Headers: {'status': '200', 'content-length': '239', 'content-location': 'http://10.4.1.3:9696/v2.0/routers/4d976730-000e-44c9-bbb6-8a22b15e3212', 'connection': 'close', 'date': 'Sun, 21 Feb 2016 03:01:16 GMT', 'content-type': 'application/json; charset=UTF-8', 'x-openstack-request-id': 'req-4cc4a2d4-9c08-4a29-a751-d0378efe3e85'}
        Body: {"router": {"status": "ACTIVE", "external_gateway_info": null, "name": "tempest-router-smoke-1581358970", "admin_state_up": true, "tenant_id": "96de3cbf214a430b8352c40a38df1185", "routes": [], "id": "4d976730-000e-44c9-bbb6-8a22b15e3212"}}
2016-02-21 03:01:17,642 28329 INFO     [tempest_lib.common.rest_client] Request (TestGettingAddress:test_dhcp6_stateless_from_os): 200 PUT http://10.4.1.3:9696/v2.0/routers/4d976730-000e-44c9-bbb6-8a22b15e3212 0.888s
2016-02-21 03:01:17,643 28329 DEBUG    [tempest_lib.common.rest_client] Request - Headers: {'Content-Type': 'application/json', 'Accept': 'application/json', 'X-Auth-Token': '&lt;omitted&gt;'}
        Body: {"router": {"external_gateway_info": {"network_id": "1c0546f9-7505-453e-bb2c-fefbbf37a26f"}, "name": "tempest-router-smoke-1581358970", "admin_state_up": true}}
    Response - Headers: {'status': '200', 'content-length': '501', 'connection': 'close', 'date': 'Sun, 21 Feb 2016 03:01:17 GMT', 'content-type': 'application/json; charset=UTF-8', 'x-openstack-request-id': 'req-b0a72577-181d-4a9f-b5b1-20a7f15a1cef'}
        Body: {"router": {"status": "ACTIVE", "external_gateway_info": {"network_id": "1c0546f9-7505-453e-bb2c-fefbbf37a26f", "enable_snat": true, "external_fixed_ips": [{"subnet_id": "cc8b6738-5258-4c35-af05-c1c8b7248290", "ip_address": "172.24.4.3"}, {"subnet_id": "95aaf9e1-356d-4423-a447-e9b62e292873", "ip_address": "2001:db8::4"}]}, "name": "tempest-router-smoke-1581358970", "admin_state_up": true, "tenant_id": "96de3cbf214a430b8352c40a38df1185", "routes": [], "id": "4d976730-000e-44c9-bbb6-8a22b15e3212"}}
2016-02-21 03:01:18,321 28329 INFO     [tempest_lib.common.rest_client] Request (TestGettingAddress:test_dhcp6_stateless_from_os): 200 PUT http://10.4.1.3:9696/v2.0/routers/4d976730-000e-44c9-bbb6-8a22b15e3212/add_router_interface 0.677s
2016-02-21 03:01:18,322 28329 DEBUG    [tempest_lib.common.rest_client] Request - Headers: {'Content-Type': 'application/json', 'Accept': 'application/json', 'X-Auth-Token': '&lt;omitted&gt;'}
        Body: {"subnet_id": "7bf92dfd-c301-4afe-93f3-8cfdf9ee6072"}
    Response - Headers: {'status': '200', 'content-length': '309', 'connection': 'close', 'date': 'Sun, 21 Feb 2016 03:01:18 GMT', 'content-type': 'application/json; charset=UTF-8', 'x-openstack-request-id': 'req-ab6ca3c8-5c99-4d95-96f8-c500b51722b2'}
        Body: {"network_id": "6d0132a6-0f5b-4144-9542-6f7d21384b94", "tenant_id": "96de3cbf214a430b8352c40a38df1185", "subnet_id": "7bf92dfd-c301-4afe-93f3-8cfdf9ee6072", "subnet_ids": ["7bf92dfd-c301-4afe-93f3-8cfdf9ee6072"], "port_id": "42a47c74-f4ad-44af-9b7d-34bcbd31bdaf", "id": "4d976730-000e-44c9-bbb6-8a22b15e3212"}
2016-02-21 03:01:18,585 28329 INFO     [tempest_lib.common.rest_client] Request (TestGettingAddress:test_dhcp6_stateless_from_os): 200 GET http://10.4.1.3:9696/v2.0/subnets?tenant_id=96de3cbf214a430b8352c40a38df1185&amp;cidr=2003%3A%3A%2F64 0.262s
2016-02-21 03:01:18,585 28329 DEBUG    [tempest_lib.common.rest_client] Request - Headers: {'Content-Type': 'application/json', 'Accept': 'application/json', 'X-Auth-Token': '&lt;omitted&gt;'}
        Body: None
    Response - Headers: {'status': '200', 'content-length': '15', 'content-location': 'http://10.4.1.3:9696/v2.0/subnets?tenant_id=96de3cbf214a430b8352c40a38df1185&amp;cidr=2003%3A%3A%2F64', 'connection': 'close', 'date': 'Sun, 21 Feb 2016 03:01:18 GMT', 'content-type': 'application/json; charset=UTF-8', 'x-openstack-request-id': 'req-ff28614b-5f16-4568-8680-06b9d240c4f7'}
        Body: {"subnets": []}
2016-02-21 03:01:19,819 28329 INFO     [tempest_lib.common.rest_client] Request (TestGettingAddress:test_dhcp6_stateless_from_os): 201 POST http://10.4.1.3:9696/v2.0/subnets 1.233s
2016-02-21 03:01:19,820 28329 DEBUG    [tempest_lib.common.rest_client] Request - Headers: {'Content-Type': 'application/json', 'Accept': 'application/json', 'X-Auth-Token': '&lt;omitted&gt;'}
        Body: {"subnet": {"name": "tempest-sub6-1843677534", "network_id": "6d0132a6-0f5b-4144-9542-6f7d21384b94", "tenant_id": "96de3cbf214a430b8352c40a38df1185", "ipv6_ra_mode": "dhcpv6-stateless", "ip_version": 6, "ipv6_address_mode": "dhcpv6-stateless", "cidr": "2003::/64"}}
    Response - Headers: {'status': '201', 'content-length': '502', 'connection': 'close', 'date': 'Sun, 21 Feb 2016 03:01:19 GMT', 'content-type': 'application/json; charset=UTF-8', 'x-openstack-request-id': 'req-9485e3df-6d30-4a48-b2c9-7bef8a17086b'}
        Body: {"subnet": {"name": "tempest-sub6-1843677534", "enable_dhcp": true, "network_id": "6d0132a6-0f5b-4144-9542-6f7d21384b94", "tenant_id": "96de3cbf214a430b8352c40a38df1185", "dns_nameservers": [], "gateway_ip": "2003::1", "ipv6_ra_mode": "dhcpv6-stateless", "allocation_pools": [{"start": "2003::2", "end": "2003::ffff:ffff:ffff:ffff"}], "host_routes": [], "ip_version": 6, "ipv6_address_mode": "dhcpv6-stateless", "cidr": "2003::/64", "id": "ff32c2d0-06f9-4272-98ca-3765fe2c99fc", "subnetpool_id": null}}
2016-02-21 03:01:20,726 28329 INFO     [tempest_lib.common.rest_client] Request (TestGettingAddress:test_dhcp6_stateless_from_os): 200 PUT http://10.4.1.3:9696/v2.0/routers/4d976730-000e-44c9-bbb6-8a22b15e3212/add_router_interface 0.905s
2016-02-21 03:01:20,726 28329 DEBUG    [tempest_lib.common.rest_client] Request - Headers: {'Content-Type': 'application/json', 'Accept': 'application/json', 'X-Auth-Token': '&lt;omitted&gt;'}
        Body: {"subnet_id": "ff32c2d0-06f9-4272-98ca-3765fe2c99fc"}
    Response - Headers: {'status': '200', 'content-length': '309', 'connection': 'close', 'date': 'Sun, 21 Feb 2016 03:01:20 GMT', 'content-type': 'application/json; charset=UTF-8', 'x-openstack-request-id': 'req-e98ecd90-f3b3-437e-88ed-ab4dae088a29'}
        Body: {"network_id": "6d0132a6-0f5b-4144-9542-6f7d21384b94", "tenant_id": "96de3cbf214a430b8352c40a38df1185", "subnet_id": "ff32c2d0-06f9-4272-98ca-3765fe2c99fc", "subnet_ids": ["ff32c2d0-06f9-4272-98ca-3765fe2c99fc"], "port_id": "cec6889d-d211-4a94-88aa-6219e90e797d", "id": "4d976730-000e-44c9-bbb6-8a22b15e3212"}
2016-02-21 03:01:20,876 28329 INFO     [tempest_lib.common.rest_client] Request (TestGettingAddress:test_dhcp6_stateless_from_os): 200 POST http://10.4.1.3:5000/v2.0/tokens
2016-02-21 03:01:20,877 28329 DEBUG    [tempest_lib.common.rest_client] Request - Headers: {'Content-Type': 'application/json', 'Accept': 'application/json'}
        Body: &lt;omitted&gt;
    Response - Headers: {'status': '200', 'content-length': '2256', 'vary': 'X-Auth-Token', 'server': 'Apache/2.4.7 (Ubuntu)', 'connection': 'close', 'date': 'Sun, 21 Feb 2016 03:01:20 GMT', 'content-type': 'application/json', 'x-openstack-request-id': 'req-c8a18a33-83c4-4c81-996f-075576ee1ff4'}
        Body: {"access": {"token": {"issued_at": "2016-02-21T03:01:20.866548", "expires": "2016-02-21T04:01:20Z", "id": "7ec34116e264472dba7dba36cbcab928", "tenant": {"description": "tempest-TestGettingAddress-2079559282-desc", "enabled": true, "id": "96de3cbf214a430b8352c40a38df1185", "name": "tempest-TestGettingAddress-2079559282"}, "audit_ids": ["xDuZCtCGQx-Gr6jsLNqUnA"]}, "serviceCatalog": [{"endpoints": [{"adminURL": "http://10.4.1.3:9292", "region": "RegionOne", "internalURL": "http://10.4.1.3:9292", "id": "21a513f2f104451a9469e7b92c440715", "publicURL": "http://10.4.1.3:9292"}], "endpoints_links": [], "type": "image", "name": "glance"}, {"endpoints": [{"adminURL": "http://10.4.1.3:8774/v2.1/96de3cbf214a430b8352c40a38df1185", "region": "RegionOne", "internalURL": "http://10.4.1.3:8774/v2.1/96de3cbf214a430b8352c40a38df1185", "id": "08c7b891c7d94f7e96a634f0043fd293", "publicURL": "http://10.4.1.3:8774/v2.1/96de3cbf214a430b8352c40a38df1185"}], "endpoints_links": [], "type": "compute", "name": "nova"}, {"endpoints": [{"adminURL": "http://10.4.1.3:8774/v2/96de3cbf214a430b8352c40a38df1185", "region": "RegionOne", "internalURL": "http://10.4.1.3:8774/v2/96de3cbf214a430b8352c40a38df1185", "id": "0206082c19ce478194b0ef76060a8a79", "publicURL": "http://10.4.1.3:8774/v2/96de3cbf214a430b8352c40a38df1185"}], "endpoints_links": [], "type": "compute_legacy", "name": "nova_legacy"}, {"endpoints": [{"adminURL": "http://10.4.1.3:35357/v2.0", "region": "RegionOne", "internalURL": "http://10.4.1.3:5000/v2.0", "id": "a4da26a3a1304ec19cea516e03321d32", "publicURL": "http://10.4.1.3:5000/v2.0"}], "endpoints_links": [], "type": "identity", "name": "keystone"}, {"endpoints": [{"adminURL": "http://10.4.1.3:9696/", "region": "RegionOne", "internalURL": "http://10.4.1.3:9696/", "id": "616b2381cc92484d87414b3a449d3e90", "publicURL": "http://10.4.1.3:9696/"}], "endpoints_links": [], "type": "network", "name": "neutron"}], "user": {"username": "tempest-TestGettingAddress-1714295057", "roles_links": [], "id": "d70b11e86fec4df4864dbcdb83a07893", "roles": [{"name": "_member_"}, {"name": "Member"}], "name": "tempest-TestGettingAddress-1714295057"}, "metadata": {"is_admin": 0, "roles": ["9fe2ff9ee4384b1894a90878d3e92bab", "1d257ead719e488fbdfa76d9b51cbd1f"]}}}
2016-02-21 03:01:20,881 28329 DEBUG    [tempest.common.fixed_network] (TestGettingAddress:test_dhcp6_stateless_from_os) No valid network provided or created, defaulting to fixed_network_name
2016-02-21 03:01:21,375 28329 INFO     [tempest_lib.common.rest_client] Request (TestGettingAddress:test_dhcp6_stateless_from_os): 200 GET http://10.4.1.3:8774/v2.1/96de3cbf214a430b8352c40a38df1185/os-networks 0.492s
2016-02-21 03:01:21,375 28329 DEBUG    [tempest_lib.common.rest_client] Request - Headers: {'Content-Type': 'application/json', 'Accept': 'application/json', 'X-Auth-Token': '&lt;omitted&gt;'}
        Body: None
    Response - Headers: {'status': '200', 'content-length': '478', 'content-location': 'http://10.4.1.3:8774/v2.1/96de3cbf214a430b8352c40a38df1185/os-networks', 'x-compute-request-id': 'req-b7207619-5b2b-49a4-9d50-4cc821e4e7fe', 'vary': 'X-OpenStack-Nova-API-Version', 'connection': 'close', 'x-openstack-nova-api-version': '2.1', 'date': 'Sun, 21 Feb 2016 03:01:21 GMT', 'content-type': 'application/json'}
        Body: {"networks": [{"cidr_v6": null, "dns2": null, "dns1": null, "gateway": null, "broadcast": null, "netmask": null, "gateway_v6": null, "cidr": null, "label": "tempest-network-smoke--297283650", "id": "6d0132a6-0f5b-4144-9542-6f7d21384b94", "netmask_v6": null}, {"cidr_v6": null, "dns2": null, "dns1": null, "gateway": null, "broadcast": null, "netmask": null, "gateway_v6": null, "cidr": null, "label": "public", "id": "1c0546f9-7505-453e-bb2c-fefbbf37a26f", "netmask_v6": null}]}
2016-02-21 03:01:21,375 28329 WARNING  [tempest.common.fixed_network] (TestGettingAddress:test_dhcp6_stateless_from_os) Network with name: private not found
2016-02-21 03:01:21,376 28329 INFO     [tempest.common.fixed_network] (TestGettingAddress:test_dhcp6_stateless_from_os) Found network {} available for tenant
2016-02-21 03:01:24,640 28329 INFO     [tempest_lib.common.rest_client] Request (TestGettingAddress:test_dhcp6_stateless_from_os): 202 POST http://10.4.1.3:8774/v2.1/96de3cbf214a430b8352c40a38df1185/servers 3.263s
2016-02-21 03:01:24,640 28329 DEBUG    [tempest_lib.common.rest_client] Request - Headers: {'Content-Type': 'application/json', 'Accept': 'application/json', 'X-Auth-Token': '&lt;omitted&gt;'}
        Body: {"server": {"name": "tempest.common.compute-instance-925266497", "imageRef": "6cea81fd-0ecd-4d84-ba7c-b28b63c4a715", "key_name": "tempest-TestGettingAddress-1377424757", "flavorRef": "42", "networks": [{"uuid": "6d0132a6-0f5b-4144-9542-6f7d21384b94"}], "security_groups": [{"name": "tempest-secgroup-smoke-265278673"}]}}
    Response - Headers: {'status': '202', 'content-length': '459', 'x-compute-request-id': 'req-51796f49-ec81-4d92-9d0f-1f6f225435dd', 'vary': 'X-OpenStack-Nova-API-Version', 'connection': 'close', 'location': 'http://10.4.1.3:8774/v2.1/96de3cbf214a430b8352c40a38df1185/servers/82e36825-8f08-4abb-aef0-0d0f9c2b13d6', 'x-openstack-nova-api-version': '2.1', 'date': 'Sun, 21 Feb 2016 03:01:24 GMT', 'content-type': 'application/json'}
        Body: {"server": {"security_groups": [{"name": "tempest-secgroup-smoke-265278673"}], "OS-DCF:diskConfig": "MANUAL", "id": "82e36825-8f08-4abb-aef0-0d0f9c2b13d6", "links": [{"href": "http://10.4.1.3:8774/v2.1/96de3cbf214a430b8352c40a38df1185/servers/82e36825-8f08-4abb-aef0-0d0f9c2b13d6", "rel": "self"}, {"href": "http://10.4.1.3:8774/96de3cbf214a430b8352c40a38df1185/servers/82e36825-8f08-4abb-aef0-0d0f9c2b13d6", "rel": "bookmark"}], "adminPass": "47NCCN2daJtm"}}
2016-02-21 03:01:25,168 28329 INFO     [tempest_lib.common.rest_client] Request (TestGettingAddress:test_dhcp6_stateless_from_os): 200 GET http://10.4.1.3:8774/v2.1/96de3cbf214a430b8352c40a38df1185/servers/82e36825-8f08-4abb-aef0-0d0f9c2b13d6 0.523s
2016-02-21 03:01:25,168 28329 DEBUG    [tempest_lib.common.rest_client] Request - Headers: {'Content-Type': 'application/json', 'Accept': 'application/json', 'X-Auth-Token': '&lt;omitted&gt;'}
        Body: None
    Response - Headers: {'status': '200', 'content-length': '1350', 'content-location': 'http://10.4.1.3:8774/v2.1/96de3cbf214a430b8352c40a38df1185/servers/82e36825-8f08-4abb-aef0-0d0f9c2b13d6', 'x-compute-request-id': 'req-34b375eb-4352-437b-9292-b1fb25e6228d', 'vary': 'X-OpenStack-Nova-API-Version', 'connection': 'close', 'x-openstack-nova-api-version': '2.1', 'date': 'Sun, 21 Feb 2016 03:01:25 GMT', 'content-type': 'application/json'}
        Body: {"server": {"status": "BUILD", "updated": "2016-02-21T03:01:24Z", "hostId": "", "addresses": {}, "links": [{"href": "http://10.4.1.3:8774/v2.1/96de3cbf214a430b8352c40a38df1185/servers/82e36825-8f08-4abb-aef0-0d0f9c2b13d6", "rel": "self"}, {"href": "http://10.4.1.3:8774/96de3cbf214a430b8352c40a38df1185/servers/82e36825-8f08-4abb-aef0-0d0f9c2b13d6", "rel": "bookmark"}], "key_name": "tempest-TestGettingAddress-1377424757", "image": {"id": "6cea81fd-0ecd-4d84-ba7c-b28b63c4a715", "links": [{"href": "http://10.4.1.3:8774/96de3cbf214a430b8352c40a38df1185/images/6cea81fd-0ecd-4d84-ba7c-b28b63c4a715", "rel": "bookmark"}]}, "OS-EXT-STS:task_state": "scheduling", "OS-EXT-STS:vm_state": "building", "OS-SRV-USG:launched_at": null, "flavor": {"id": "42", "links": [{"href": "http://10.4.1.3:8774/96de3cbf214a430b8352c40a38df1185/flavors/42", "rel": "bookmark"}]}, "id": "82e36825-8f08-4abb-aef0-0d0f9c2b13d6", "OS-SRV-USG:terminated_at": null, "OS-EXT-AZ:availability_zone": "", "user_id": "d70b11e86fec4df4864dbcdb83a07893", "name": "tempest.common.compute-instance-925266497", "created": "2016-02-21T03:01:24Z", "tenant_id": "96de3cbf214a430b8352c40a38df1185", "OS-DCF:diskConfig": "MANUAL", "os-extended-volumes:volumes_attached": [], "accessIPv4": "", "accessIPv6": "", "progress": 0, "OS-EXT-STS:power_state": 0, "config_drive": "", "metadata": {}}}
2016-02-21 03:01:26,771 28329 INFO     [tempest_lib.common.rest_client] Request (TestGettingAddress:test_dhcp6_stateless_from_os): 200 GET http://10.4.1.3:8774/v2.1/96de3cbf214a430b8352c40a38df1185/servers/82e36825-8f08-4abb-aef0-0d0f9c2b13d6 0.591s
2016-02-21 03:01:26,772 28329 DEBUG    [tempest_lib.common.rest_client] Request - Headers: {'Content-Type': 'application/json', 'Accept': 'application/json', 'X-Auth-Token': '&lt;omitted&gt;'}
        Body: None
    Response - Headers: {'status': '200', 'content-length': '1408', 'content-location': 'http://10.4.1.3:8774/v2.1/96de3cbf214a430b8352c40a38df1185/servers/82e36825-8f08-4abb-aef0-0d0f9c2b13d6', 'x-compute-request-id': 'req-b86c8e6b-6a99-4e98-b1b1-3f40e2700297', 'vary': 'X-OpenStack-Nova-API-Version', 'connection': 'close', 'x-openstack-nova-api-version': '2.1', 'date': 'Sun, 21 Feb 2016 03:01:26 GMT', 'content-type': 'application/json'}
        Body: {"server": {"status": "BUILD", "updated": "2016-02-21T03:01:25Z", "hostId": "76bd19bceade773492807a4f45ef728d9595f008e92b91f2f56bcd54", "addresses": {}, "links": [{"href": "http://10.4.1.3:8774/v2.1/96de3cbf214a430b8352c40a38df1185/servers/82e36825-8f08-4abb-aef0-0d0f9c2b13d6", "rel": "self"}, {"href": "http://10.4.1.3:8774/96de3cbf214a430b8352c40a38df1185/servers/82e36825-8f08-4abb-aef0-0d0f9c2b13d6", "rel": "bookmark"}], "key_name": "tempest-TestGettingAddress-1377424757", "image": {"id": "6cea81fd-0ecd-4d84-ba7c-b28b63c4a715", "links": [{"href": "http://10.4.1.3:8774/96de3cbf214a430b8352c40a38df1185/images/6cea81fd-0ecd-4d84-ba7c-b28b63c4a715", "rel": "bookmark"}]}, "OS-EXT-STS:task_state": "spawning", "OS-EXT-STS:vm_state": "building", "OS-SRV-USG:launched_at": null, "flavor": {"id": "42", "links": [{"href": "http://10.4.1.3:8774/96de3cbf214a430b8352c40a38df1185/flavors/42", "rel": "bookmark"}]}, "id": "82e36825-8f08-4abb-aef0-0d0f9c2b13d6", "OS-SRV-USG:terminated_at": null, "OS-EXT-AZ:availability_zone": "nova", "user_id": "d70b11e86fec4df4864dbcdb83a07893", "name": "tempest.common.compute-instance-925266497", "created": "2016-02-21T03:01:24Z", "tenant_id": "96de3cbf214a430b8352c40a38df1185", "OS-DCF:diskConfig": "MANUAL", "os-extended-volumes:volumes_attached": [], "accessIPv4": "", "accessIPv6": "", "progress": 0, "OS-EXT-STS:power_state": 0, "config_drive": "", "metadata": {}}}
2016-02-21 03:01:26,789 28329 INFO     [tempest.common.waiters] State transition "BUILD/scheduling" ==&gt; "BUILD/spawning" after 1 second wait
2016-02-21 03:01:28,573 28329 INFO     [tempest_lib.common.rest_client] Request (TestGettingAddress:test_dhcp6_stateless_from_os): 200 GET http://10.4.1.3:8774/v2.1/96de3cbf214a430b8352c40a38df1185/servers/82e36825-8f08-4abb-aef0-0d0f9c2b13d6 0.782s
2016-02-21 03:01:28,574 28329 DEBUG    [tempest_lib.common.rest_client] Request - Headers: {'Content-Type': 'application/json', 'Accept': 'application/json', 'X-Auth-Token': '&lt;omitted&gt;'}
        Body: None
    Response - Headers: {'status': '200', 'content-length': '1475', 'content-location': 'http://10.4.1.3:8774/v2.1/96de3cbf214a430b8352c40a38df1185/servers/82e36825-8f08-4abb-aef0-0d0f9c2b13d6', 'x-compute-request-id': 'req-e8f8d0db-895f-499d-b045-9ab17fd753ea', 'vary': 'X-OpenStack-Nova-API-Version', 'connection': 'close', 'x-openstack-nova-api-version': '2.1', 'date': 'Sun, 21 Feb 2016 03:01:28 GMT', 'content-type': 'application/json'}
        Body: {"server": {"status": "BUILD", "updated": "2016-02-21T03:01:25Z", "hostId": "76bd19bceade773492807a4f45ef728d9595f008e92b91f2f56bcd54", "addresses": {}, "links": [{"href": "http://10.4.1.3:8774/v2.1/96de3cbf214a430b8352c40a38df1185/servers/82e36825-8f08-4abb-aef0-0d0f9c2b13d6", "rel": "self"}, {"href": "http://10.4.1.3:8774/96de3cbf214a430b8352c40a38df1185/servers/82e36825-8f08-4abb-aef0-0d0f9c2b13d6", "rel": "bookmark"}], "key_name": "tempest-TestGettingAddress-1377424757", "image": {"id": "6cea81fd-0ecd-4d84-ba7c-b28b63c4a715", "links": [{"href": "http://10.4.1.3:8774/96de3cbf214a430b8352c40a38df1185/images/6cea81fd-0ecd-4d84-ba7c-b28b63c4a715", "rel": "bookmark"}]}, "OS-EXT-STS:task_state": "spawning", "OS-EXT-STS:vm_state": "building", "OS-SRV-USG:launched_at": null, "flavor": {"id": "42", "links": [{"href": "http://10.4.1.3:8774/96de3cbf214a430b8352c40a38df1185/flavors/42", "rel": "bookmark"}]}, "id": "82e36825-8f08-4abb-aef0-0d0f9c2b13d6", "security_groups": [{"name": "tempest-secgroup-smoke-265278673"}], "OS-SRV-USG:terminated_at": null, "OS-EXT-AZ:availability_zone": "nova", "user_id": "d70b11e86fec4df4864dbcdb83a07893", "name": "tempest.common.compute-instance-925266497", "created": "2016-02-21T03:01:24Z", "tenant_id": "96de3cbf214a430b8352c40a38df1185", "OS-DCF:diskConfig": "MANUAL", "os-extended-volumes:volumes_attached": [], "accessIPv4": "", "accessIPv6": "", "progress": 0, "OS-EXT-STS:power_state": 0, "config_drive": "", "metadata": {}}}
2016-02-21 03:01:30,462 28329 INFO     [tempest_lib.common.rest_client] Request (TestGettingAddress:test_dhcp6_stateless_from_os): 200 GET http://10.4.1.3:8774/v2.1/96de3cbf214a430b8352c40a38df1185/servers/82e36825-8f08-4abb-aef0-0d0f9c2b13d6 0.871s
2016-02-21 03:01:30,463 28329 DEBUG    [tempest_lib.common.rest_client] Request - Headers: {'Content-Type': 'application/json', 'Accept': 'application/json', 'X-Auth-Token': '&lt;omitted&gt;'}
        Body: None
    Response - Headers: {'status': '200', 'content-length': '1475', 'content-location': 'http://10.4.1.3:8774/v2.1/96de3cbf214a430b8352c40a38df1185/servers/82e36825-8f08-4abb-aef0-0d0f9c2b13d6', 'x-compute-request-id': 'req-e36d610f-9791-4326-90dc-efb4d9914722', 'vary': 'X-OpenStack-Nova-API-Version', 'connection': 'close', 'x-openstack-nova-api-version': '2.1', 'date': 'Sun, 21 Feb 2016 03:01:30 GMT', 'content-type': 'application/json'}
        Body: {"server": {"status": "BUILD", "updated": "2016-02-21T03:01:25Z", "hostId": "76bd19bceade773492807a4f45ef728d9595f008e92b91f2f56bcd54", "addresses": {}, "links": [{"href": "http://10.4.1.3:8774/v2.1/96de3cbf214a430b8352c40a38df1185/servers/82e36825-8f08-4abb-aef0-0d0f9c2b13d6", "rel": "self"}, {"href": "http://10.4.1.3:8774/96de3cbf214a430b8352c40a38df1185/servers/82e36825-8f08-4abb-aef0-0d0f9c2b13d6", "rel": "bookmark"}], "key_name": "tempest-TestGettingAddress-1377424757", "image": {"id": "6cea81fd-0ecd-4d84-ba7c-b28b63c4a715", "links": [{"href": "http://10.4.1.3:8774/96de3cbf214a430b8352c40a38df1185/images/6cea81fd-0ecd-4d84-ba7c-b28b63c4a715", "rel": "bookmark"}]}, "OS-EXT-STS:task_state": "spawning", "OS-EXT-STS:vm_state": "building", "OS-SRV-USG:launched_at": null, "flavor": {"id": "42", "links": [{"href": "http://10.4.1.3:8774/96de3cbf214a430b8352c40a38df1185/flavors/42", "rel": "bookmark"}]}, "id": "82e36825-8f08-4abb-aef0-0d0f9c2b13d6", "security_groups": [{"name": "tempest-secgroup-smoke-265278673"}], "OS-SRV-USG:terminated_at": null, "OS-EXT-AZ:availability_zone": "nova", "user_id": "d70b11e86fec4df4864dbcdb83a07893", "name": "tempest.common.compute-instance-925266497", "created": "2016-02-21T03:01:24Z", "tenant_id": "96de3cbf214a430b8352c40a38df1185", "OS-DCF:diskConfig": "MANUAL", "os-extended-volumes:volumes_attached": [], "accessIPv4": "", "accessIPv6": "", "progress": 0, "OS-EXT-STS:power_state": 0, "config_drive": "", "metadata": {}}}
2016-02-21 03:01:32,139 28329 INFO     [tempest_lib.common.rest_client] Request (TestGettingAddress:test_dhcp6_stateless_from_os): 200 GET http://10.4.1.3:8774/v2.1/96de3cbf214a430b8352c40a38df1185/servers/82e36825-8f08-4abb-aef0-0d0f9c2b13d6 0.663s
2016-02-21 03:01:32,140 28329 DEBUG    [tempest_lib.common.rest_client] Request - Headers: {'Content-Type': 'application/json', 'Accept': 'application/json', 'X-Auth-Token': '&lt;omitted&gt;'}
        Body: None
    Response - Headers: {'status': '200', 'content-length': '1775', 'content-location': 'http://10.4.1.3:8774/v2.1/96de3cbf214a430b8352c40a38df1185/servers/82e36825-8f08-4abb-aef0-0d0f9c2b13d6', 'x-compute-request-id': 'req-c13bf870-4854-4281-838a-eb92cf551d84', 'vary': 'X-OpenStack-Nova-API-Version', 'connection': 'close', 'x-openstack-nova-api-version': '2.1', 'date': 'Sun, 21 Feb 2016 03:01:32 GMT', 'content-type': 'application/json'}
        Body: {"server": {"status": "ACTIVE", "updated": "2016-02-21T03:01:30Z", "hostId": "76bd19bceade773492807a4f45ef728d9595f008e92b91f2f56bcd54", "addresses": {"tempest-network-smoke--297283650": [{"OS-EXT-IPS-MAC:mac_addr": "fa:16:3e:14:d2:9a", "version": 6, "addr": "2003::f816:3eff:fe14:d29a", "OS-EXT-IPS:type": "fixed"}, {"OS-EXT-IPS-MAC:mac_addr": "fa:16:3e:14:d2:9a", "version": 4, "addr": "10.100.0.3", "OS-EXT-IPS:type": "fixed"}]}, "links": [{"href": "http://10.4.1.3:8774/v2.1/96de3cbf214a430b8352c40a38df1185/servers/82e36825-8f08-4abb-aef0-0d0f9c2b13d6", "rel": "self"}, {"href": "http://10.4.1.3:8774/96de3cbf214a430b8352c40a38df1185/servers/82e36825-8f08-4abb-aef0-0d0f9c2b13d6", "rel": "bookmark"}], "key_name": "tempest-TestGettingAddress-1377424757", "image": {"id": "6cea81fd-0ecd-4d84-ba7c-b28b63c4a715", "links": [{"href": "http://10.4.1.3:8774/96de3cbf214a430b8352c40a38df1185/images/6cea81fd-0ecd-4d84-ba7c-b28b63c4a715", "rel": "bookmark"}]}, "OS-EXT-STS:task_state": null, "OS-EXT-STS:vm_state": "active", "OS-SRV-USG:launched_at": "2016-02-21T03:01:30.000000", "flavor": {"id": "42", "links": [{"href": "http://10.4.1.3:8774/96de3cbf214a430b8352c40a38df1185/flavors/42", "rel": "bookmark"}]}, "id": "82e36825-8f08-4abb-aef0-0d0f9c2b13d6", "security_groups": [{"name": "tempest-secgroup-smoke-265278673"}], "OS-SRV-USG:terminated_at": null, "OS-EXT-AZ:availability_zone": "nova", "user_id": "d70b11e86fec4df4864dbcdb83a07893", "name": "tempest.common.compute-instance-925266497", "created": "2016-02-21T03:01:24Z", "tenant_id": "96de3cbf214a430b8352c40a38df1185", "OS-DCF:diskConfig": "MANUAL", "os-extended-volumes:volumes_attached": [], "accessIPv4": "", "accessIPv6": "", "progress": 0, "OS-EXT-STS:power_state": 1, "config_drive": "True", "metadata": {}}}
2016-02-21 03:01:32,149 28329 INFO     [tempest.common.waiters] State transition "BUILD/spawning" ==&gt; "ACTIVE/None" after 7 second wait
2016-02-21 03:01:32,795 28329 INFO     [tempest_lib.common.rest_client] Request (TestGettingAddress:test_dhcp6_stateless_from_os): 200 GET http://10.4.1.3:8774/v2.1/96de3cbf214a430b8352c40a38df1185/servers/82e36825-8f08-4abb-aef0-0d0f9c2b13d6 0.646s
2016-02-21 03:01:32,795 28329 DEBUG    [tempest_lib.common.rest_client] Request - Headers: {'Content-Type': 'application/json', 'Accept': 'application/json', 'X-Auth-Token': '&lt;omitted&gt;'}
        Body: None
    Response - Headers: {'status': '200', 'content-length': '1775', 'content-location': 'http://10.4.1.3:8774/v2.1/96de3cbf214a430b8352c40a38df1185/servers/82e36825-8f08-4abb-aef0-0d0f9c2b13d6', 'x-compute-request-id': 'req-b6ffa86e-26b8-4887-803e-5cbd3c6da41b', 'vary': 'X-OpenStack-Nova-API-Version', 'connection': 'close', 'x-openstack-nova-api-version': '2.1', 'date': 'Sun, 21 Feb 2016 03:01:32 GMT', 'content-type': 'application/json'}
        Body: {"server": {"status": "ACTIVE", "updated": "2016-02-21T03:01:30Z", "hostId": "76bd19bceade773492807a4f45ef728d9595f008e92b91f2f56bcd54", "addresses": {"tempest-network-smoke--297283650": [{"OS-EXT-IPS-MAC:mac_addr": "fa:16:3e:14:d2:9a", "version": 6, "addr": "2003::f816:3eff:fe14:d29a", "OS-EXT-IPS:type": "fixed"}, {"OS-EXT-IPS-MAC:mac_addr": "fa:16:3e:14:d2:9a", "version": 4, "addr": "10.100.0.3", "OS-EXT-IPS:type": "fixed"}]}, "links": [{"href": "http://10.4.1.3:8774/v2.1/96de3cbf214a430b8352c40a38df1185/servers/82e36825-8f08-4abb-aef0-0d0f9c2b13d6", "rel": "self"}, {"href": "http://10.4.1.3:8774/96de3cbf214a430b8352c40a38df1185/servers/82e36825-8f08-4abb-aef0-0d0f9c2b13d6", "rel": "bookmark"}], "key_name": "tempest-TestGettingAddress-1377424757", "image": {"id": "6cea81fd-0ecd-4d84-ba7c-b28b63c4a715", "links": [{"href": "http://10.4.1.3:8774/96de3cbf214a430b8352c40a38df1185/images/6cea81fd-0ecd-4d84-ba7c-b28b63c4a715", "rel": "bookmark"}]}, "OS-EXT-STS:task_state": null, "OS-EXT-STS:vm_state": "active", "OS-SRV-USG:launched_at": "2016-02-21T03:01:30.000000", "flavor": {"id": "42", "links": [{"href": "http://10.4.1.3:8774/96de3cbf214a430b8352c40a38df1185/flavors/42", "rel": "bookmark"}]}, "id": "82e36825-8f08-4abb-aef0-0d0f9c2b13d6", "security_groups": [{"name": "tempest-secgroup-smoke-265278673"}], "OS-SRV-USG:terminated_at": null, "OS-EXT-AZ:availability_zone": "nova", "user_id": "d70b11e86fec4df4864dbcdb83a07893", "name": "tempest.common.compute-instance-925266497", "created": "2016-02-21T03:01:24Z", "tenant_id": "96de3cbf214a430b8352c40a38df1185", "OS-DCF:diskConfig": "MANUAL", "os-extended-volumes:volumes_attached": [], "accessIPv4": "", "accessIPv6": "", "progress": 0, "OS-EXT-STS:power_state": 1, "config_drive": "True", "metadata": {}}}
2016-02-21 03:01:33,014 28329 INFO     [tempest_lib.common.rest_client] Request (TestGettingAddress:test_dhcp6_stateless_from_os): 200 GET http://10.4.1.3:9696/v2.0/ports?fixed_ip=None&amp;device_id=82e36825-8f08-4abb-aef0-0d0f9c2b13d6 0.209s
2016-02-21 03:01:33,014 28329 DEBUG    [tempest_lib.common.rest_client] Request - Headers: {'Content-Type': 'application/json', 'Accept': 'application/json', 'X-Auth-Token': '&lt;omitted&gt;'}
        Body: None
    Response - Headers: {'status': '200', 'content-length': '853', 'content-location': 'http://10.4.1.3:9696/v2.0/ports?fixed_ip=None&amp;device_id=82e36825-8f08-4abb-aef0-0d0f9c2b13d6', 'connection': 'close', 'date': 'Sun, 21 Feb 2016 03:01:33 GMT', 'content-type': 'application/json; charset=UTF-8', 'x-openstack-request-id': 'req-11f801a2-58c7-493d-bb2a-967dfa52d86a'}
        Body: {"ports": [{"status": "ACTIVE", "binding:host_id": "vagrant-ubuntu-trusty-64", "name": "", "allowed_address_pairs": [], "admin_state_up": true, "network_id": "6d0132a6-0f5b-4144-9542-6f7d21384b94", "tenant_id": "96de3cbf214a430b8352c40a38df1185", "extra_dhcp_opts": [], "mac_address": "fa:16:3e:14:d2:9a", "binding:vif_details": {"port_filter": true}, "binding:vif_type": "ovs", "device_owner": "compute:None", "binding:profile": {}, "port_security_enabled": true, "binding:vnic_type": "normal", "fixed_ips": [{"subnet_id": "7bf92dfd-c301-4afe-93f3-8cfdf9ee6072", "ip_address": "10.100.0.3"}, {"subnet_id": "ff32c2d0-06f9-4272-98ca-3765fe2c99fc", "ip_address": "2003::f816:3eff:fe14:d29a"}], "id": "6a4a6bae-00ba-452d-af81-20ef908a45bc", "security_groups": ["f4385fff-3a78-4b29-aaf6-dff97a5092da"], "device_id": "82e36825-8f08-4abb-aef0-0d0f9c2b13d6"}]}
2016-02-21 03:01:33,707 28329 INFO     [tempest_lib.common.rest_client] Request (TestGettingAddress:test_dhcp6_stateless_from_os): 201 POST http://10.4.1.3:9696/v2.0/floatingips 0.692s
2016-02-21 03:01:33,708 28329 DEBUG    [tempest_lib.common.rest_client] Request - Headers: {'Content-Type': 'application/json', 'Accept': 'application/json', 'X-Auth-Token': '&lt;omitted&gt;'}
        Body: {"floatingip": {"floating_network_id": "1c0546f9-7505-453e-bb2c-fefbbf37a26f", "tenant_id": "96de3cbf214a430b8352c40a38df1185", "fixed_ip_address": "10.100.0.3", "port_id": "6a4a6bae-00ba-452d-af81-20ef908a45bc"}}
    Response - Headers: {'status': '201', 'content-length': '369', 'connection': 'close', 'date': 'Sun, 21 Feb 2016 03:01:33 GMT', 'content-type': 'application/json; charset=UTF-8', 'x-openstack-request-id': 'req-93385fdf-a105-4ea3-b882-c036157b269d'}
        Body: {"floatingip": {"floating_network_id": "1c0546f9-7505-453e-bb2c-fefbbf37a26f", "router_id": "4d976730-000e-44c9-bbb6-8a22b15e3212", "fixed_ip_address": "10.100.0.3", "floating_ip_address": "172.24.4.4", "tenant_id": "96de3cbf214a430b8352c40a38df1185", "status": "ACTIVE", "port_id": "6a4a6bae-00ba-452d-af81-20ef908a45bc", "id": "ad537137-9230-4d28-8965-bedab7e2800d"}}
2016-02-21 03:01:33,710 28329 INFO     [tempest_lib.common.ssh] Creating ssh connection to '172.24.4.4' as 'cirros' with public key authentication
2016-02-21 03:02:33,762 28329 WARNING  [tempest_lib.common.ssh] Failed to establish authenticated ssh connection to cirros@172.24.4.4 (timed out). Number attempts: 1. Retry after 2 seconds.
2016-02-21 03:03:36,325 28329 WARNING  [tempest_lib.common.ssh] Failed to establish authenticated ssh connection to cirros@172.24.4.4 (timed out). Number attempts: 2. Retry after 3 seconds.
2016-02-21 03:04:39,884 28329 WARNING  [tempest_lib.common.ssh] Failed to establish authenticated ssh connection to cirros@172.24.4.4 (timed out). Number attempts: 3. Retry after 4 seconds.
2016-02-21 03:05:44,444 28329 ERROR    [tempest_lib.common.ssh] Failed to establish authenticated ssh connection to cirros@172.24.4.4 after 3 attempts
2016-02-21 03:05:44.444 28329 ERROR tempest_lib.common.ssh Traceback (most recent call last):
2016-02-21 03:05:44.444 28329 ERROR tempest_lib.common.ssh   File "/usr/local/lib/python2.7/dist-packages/tempest_lib/common/ssh.py", line 75, in _get_ssh_connection
2016-02-21 03:05:44.444 28329 ERROR tempest_lib.common.ssh     timeout=self.channel_timeout, pkey=self.pkey)
2016-02-21 03:05:44.444 28329 ERROR tempest_lib.common.ssh   File "/usr/local/lib/python2.7/dist-packages/paramiko/client.py", line 292, in connect
2016-02-21 03:05:44.444 28329 ERROR tempest_lib.common.ssh     retry_on_signal(lambda: sock.connect(addr))
2016-02-21 03:05:44.444 28329 ERROR tempest_lib.common.ssh   File "/usr/local/lib/python2.7/dist-packages/paramiko/util.py", line 270, in retry_on_signal
2016-02-21 03:05:44.444 28329 ERROR tempest_lib.common.ssh     return function()
2016-02-21 03:05:44.444 28329 ERROR tempest_lib.common.ssh   File "/usr/local/lib/python2.7/dist-packages/paramiko/client.py", line 292, in &lt;lambda&gt;
2016-02-21 03:05:44.444 28329 ERROR tempest_lib.common.ssh     retry_on_signal(lambda: sock.connect(addr))
2016-02-21 03:05:44.444 28329 ERROR tempest_lib.common.ssh   File "/usr/lib/python2.7/socket.py", line 224, in meth
2016-02-21 03:05:44.444 28329 ERROR tempest_lib.common.ssh     return getattr(self._sock,name)(*args)
2016-02-21 03:05:44.444 28329 ERROR tempest_lib.common.ssh timeout: timed out
2016-02-21 03:05:44.444 28329 ERROR tempest_lib.common.ssh 
2016-02-21 03:05:44,448 28329 ERROR    [tempest.scenario.manager] (TestGettingAddress:test_dhcp6_stateless_from_os) Initializing SSH connection to 172.24.4.4 failed. Error: Connection to the 172.24.4.4 via SSH timed out.
User: cirros, Password: None
2016-02-21 03:05:44.448 28329 ERROR tempest.scenario.manager Traceback (most recent call last):
2016-02-21 03:05:44.448 28329 ERROR tempest.scenario.manager   File "tempest/scenario/manager.py", line 377, in get_remote_client
2016-02-21 03:05:44.448 28329 ERROR tempest.scenario.manager     linux_client.validate_authentication()
2016-02-21 03:05:44.448 28329 ERROR tempest.scenario.manager   File "tempest/common/utils/linux/remote_client.py", line 51, in validate_authentication
2016-02-21 03:05:44.448 28329 ERROR tempest.scenario.manager     self.ssh_client.test_connection_auth()
2016-02-21 03:05:44.448 28329 ERROR tempest.scenario.manager   File "/usr/local/lib/python2.7/dist-packages/tempest_lib/common/ssh.py", line 173, in test_connection_auth
2016-02-21 03:05:44.448 28329 ERROR tempest.scenario.manager     connection = self._get_ssh_connection()
2016-02-21 03:05:44.448 28329 ERROR tempest.scenario.manager   File "/usr/local/lib/python2.7/dist-packages/tempest_lib/common/ssh.py", line 88, in _get_ssh_connection
2016-02-21 03:05:44.448 28329 ERROR tempest.scenario.manager     password=self.password)
2016-02-21 03:05:44.448 28329 ERROR tempest.scenario.manager SSHTimeout: Connection to the 172.24.4.4 via SSH timed out.
2016-02-21 03:05:44.448 28329 ERROR tempest.scenario.manager User: cirros, Password: None
2016-02-21 03:05:44.448 28329 ERROR tempest.scenario.manager 
2016-02-21 03:05:44,728 28329 INFO     [tempest_lib.common.rest_client] Request (TestGettingAddress:test_dhcp6_stateless_from_os): 200 GET http://10.4.1.3:8774/v2.1/96de3cbf214a430b8352c40a38df1185/servers 0.278s
2016-02-21 03:05:44,728 28329 DEBUG    [tempest_lib.common.rest_client] Request - Headers: {'Content-Type': 'application/json', 'Accept': 'application/json', 'X-Auth-Token': '&lt;omitted&gt;'}
        Body: None
    Response - Headers: {'status': '200', 'content-length': '388', 'content-location': 'http://10.4.1.3:8774/v2.1/96de3cbf214a430b8352c40a38df1185/servers', 'x-compute-request-id': 'req-4e98d917-65c3-4518-943b-efdcb841384d', 'vary': 'X-OpenStack-Nova-API-Version', 'connection': 'close', 'x-openstack-nova-api-version': '2.1', 'date': 'Sun, 21 Feb 2016 03:05:44 GMT', 'content-type': 'application/json'}
        Body: {"servers": [{"id": "82e36825-8f08-4abb-aef0-0d0f9c2b13d6", "links": [{"href": "http://10.4.1.3:8774/v2.1/96de3cbf214a430b8352c40a38df1185/servers/82e36825-8f08-4abb-aef0-0d0f9c2b13d6", "rel": "self"}, {"href": "http://10.4.1.3:8774/96de3cbf214a430b8352c40a38df1185/servers/82e36825-8f08-4abb-aef0-0d0f9c2b13d6", "rel": "bookmark"}], "name": "tempest.common.compute-instance-925266497"}]}
2016-02-21 03:05:45,143 28329 INFO     [tempest_lib.common.rest_client] Request (TestGettingAddress:test_dhcp6_stateless_from_os): 200 POST http://10.4.1.3:8774/v2.1/96de3cbf214a430b8352c40a38df1185/servers/82e36825-8f08-4abb-aef0-0d0f9c2b13d6/action 0.408s
2016-02-21 03:05:45,143 28329 DEBUG    [tempest_lib.common.rest_client] Request - Headers: {'Content-Type': 'application/json', 'Accept': 'application/json', 'X-Auth-Token': '&lt;omitted&gt;'}
        Body: {"os-getConsoleOutput": {}}
    Response - Headers: {'status': '200', 'content-length': '24666', 'x-compute-request-id': 'req-b0fd8f04-7a7f-4957-b845-24984829b96e', 'vary': 'X-OpenStack-Nova-API-Version', 'connection': 'close', 'x-openstack-nova-api-version': '2.1', 'date': 'Sun, 21 Feb 2016 03:05:45 GMT', 'content-type': 'application/json'}
        Body: {"output": "[    0.000000] Initializing cgroup subsys cpuset\n[    0.000000] Initializing cgroup subsys cpu\n[    0.000000] Linux version 3.2.0-80-virtual (buildd@batsu) (gcc version 4.6.3 (Ubuntu/Linaro 4.6.3-1ubuntu5) ) #116-Ubuntu SMP Mon Mar 23 17:28:52 UTC 2015 (Ubuntu 3.2.0-80.116-virtual 3.2.68)\n[    0.000000] Command line: root=/dev/vda console=tty0 console=ttyS0 no_timer_check\n[    0.000000] KERNEL supported cpus:\n[    0.000000]   Intel GenuineIntel\n[    0.000000]   AMD AuthenticAMD\n[    0.000000]   Centaur CentaurHauls\n[    0.000000] BIOS-provided physical RAM map:\n[    0.000000]  BIOS-e820: 0000000000000000 - 000000000009fc00 (usable)\n[    0.000000]  BIOS-e820: 000000000009fc00 - 00000000000a0000 (reserved)\n[    0.000000]  BIOS-e820: 00000000000f0000 - 0000000000100000 (reserved)\n[    0.000000]  BIOS-e820: 0000000000100000 - 0000000003ffe000 (usable)\n[    0.000000]  BIOS-e820: 0000000003ffe000 - 0000000004000000 (reserved)\n[    0.000000]  BIOS-e820: 00000000fffc0000 - 0000000100000000 (reserved)\n[    0.000000] NX (Execute Disable) protection: active\n[    0.000000] SMBIOS 2.4 present.\n[    0.000000] No AGP bridge found\n[    0.000000] last_pfn = 0x3ffe max_arch_pfn = 0x400000000\n[    0.000000] x86 PAT enabled: cpu 0, old 0x7040600070406, new 0x7010600070106\n[    0.000000] found SMP MP-table at [ffff8800000f0b00] f0b00\n[    0.000000] init_memory_mapping: 0000000000000000-0000000003ffe000\n[    0.000000] RAMDISK: 03c5e000 - 03ff0000\n[    0.000000] ACPI: RSDP 00000000000f0950 00014 (v00 BOCHS )\n[    0.000000] ACPI: RSDT 0000000003fffbc1 00034 (v01 BOCHS  BXPCRSDT 00000001 BXPC 00000001)\n[    0.000000] ACPI: FACP 0000000003fff1c0 00074 (v01 BOCHS  BXPCFACP 00000001 BXPC 00000001)\n[    0.000000] ACPI: DSDT 0000000003ffe040 01180 (v01 BOCHS  BXPCDSDT 00000001 BXPC 00000001)\n[    0.000000] ACPI: FACS 0000000003ffe000 00040\n[    0.000000] ACPI: SSDT 0000000003fff234 008DD (v01 BOCHS  BXPCSSDT 00000001 BXPC 00000001)\n[    0.000000] ACPI: APIC 0000000003fffb11 00078 (v01 BOCHS  BXPCAPIC 00000001 BXPC 00000001)\n[    0.000000] ACPI: HPET 0000000003fffb89 00038 (v01 BOCHS  BXPCHPET 00000001 BXPC 00000001)\n[    0.000000] No NUMA configuration found\n[    0.000000] Faking a node at 0000000000000000-0000000003ffe000\n[    0.000000] Initmem setup node 0 0000000000000000-0000000003ffe000\n[    0.000000]   NODE_DATA [0000000003ff6000 - 0000000003ffafff]\n[    0.000000] Zone PFN ranges:\n[    0.000000]   DMA      0x00000010 -&gt; 0x00001000\n[    0.000000]   DMA32    0x00001000 -&gt; 0x00100000\n[    0.000000]   Normal   empty\n[    0.000000] Movable zone start PFN for each node\n[    0.000000] early_node_map[2] active PFN ranges\n[    0.000000]     0: 0x00000010 -&gt; 0x0000009f\n[    0.000000]     0: 0x00000100 -&gt; 0x00003ffe\n[    0.000000] ACPI: PM-Timer IO Port: 0xb008\n[    0.000000] ACPI: LAPIC (acpi_id[0x00] lapic_id[0x00] enabled)\n[    0.000000] ACPI: LAPIC_NMI (acpi_id[0xff] dfl dfl lint[0x1])\n[    0.000000] ACPI: IOAPIC (id[0x00] address[0xfec00000] gsi_base[0])\n[    0.000000] IOAPIC[0]: apic_id 0, version 17, address 0xfec00000, GSI 0-23\n[    0.000000] ACPI: INT_SRC_OVR (bus 0 bus_irq 0 global_irq 2 dfl dfl)\n[    0.000000] ACPI: INT_SRC_OVR (bus 0 bus_irq 5 global_irq 5 high level)\n[    0.000000] ACPI: INT_SRC_OVR (bus 0 bus_irq 9 global_irq 9 high level)\n[    0.000000] ACPI: INT_SRC_OVR (bus 0 bus_irq 10 global_irq 10 high level)\n[    0.000000] ACPI: INT_SRC_OVR (bus 0 bus_irq 11 global_irq 11 high level)\n[    0.000000] Using ACPI (MADT) for SMP configuration information\n[    0.000000] ACPI: HPET id: 0x8086a201 base: 0xfed00000\n[    0.000000] SMP: Allowing 1 CPUs, 0 hotplug CPUs\n[    0.000000] PM: Registered nosave memory: 000000000009f000 - 00000000000a0000\n[    0.000000] PM: Registered nosave memory: 00000000000a0000 - 00000000000f0000\n[    0.000000] PM: Registered nosave memory: 00000000000f0000 - 0000000000100000\n[    0.000000] Allocating PCI resources starting at 4000000 (gap: 4000000:fbfc0000)\n[    0.000000] Booting paravirtualized kernel on bare hardware\n[    0.000000] setup_pe
2016-02-21 03:05:45,145 28329 DEBUG    [tempest.scenario.manager] Console output for 82e36825-8f08-4abb-aef0-0d0f9c2b13d6
body=
[    0.000000] Initializing cgroup subsys cpuset
[    0.000000] Initializing cgroup subsys cpu
[    0.000000] Linux version 3.2.0-80-virtual (buildd@batsu) (gcc version 4.6.3 (Ubuntu/Linaro 4.6.3-1ubuntu5) ) #116-Ubuntu SMP Mon Mar 23 17:28:52 UTC 2015 (Ubuntu 3.2.0-80.116-virtual 3.2.68)
[    0.000000] Command line: root=/dev/vda console=tty0 console=ttyS0 no_timer_check
[    0.000000] KERNEL supported cpus:
[    0.000000]   Intel GenuineIntel
[    0.000000]   AMD AuthenticAMD
[    0.000000]   Centaur CentaurHauls
[    0.000000] BIOS-provided physical RAM map:
[    0.000000]  BIOS-e820: 0000000000000000 - 000000000009fc00 (usable)
[    0.000000]  BIOS-e820: 000000000009fc00 - 00000000000a0000 (reserved)
[    0.000000]  BIOS-e820: 00000000000f0000 - 0000000000100000 (reserved)
[    0.000000]  BIOS-e820: 0000000000100000 - 0000000003ffe000 (usable)
[    0.000000]  BIOS-e820: 0000000003ffe000 - 0000000004000000 (reserved)
[    0.000000]  BIOS-e820: 00000000fffc0000 - 0000000100000000 (reserved)
[    0.000000] NX (Execute Disable) protection: active
[    0.000000] SMBIOS 2.4 present.
[    0.000000] No AGP bridge found
[    0.000000] last_pfn = 0x3ffe max_arch_pfn = 0x400000000
[    0.000000] x86 PAT enabled: cpu 0, old 0x7040600070406, new 0x7010600070106
[    0.000000] found SMP MP-table at [ffff8800000f0b00] f0b00
[    0.000000] init_memory_mapping: 0000000000000000-0000000003ffe000
[    0.000000] RAMDISK: 03c5e000 - 03ff0000
[    0.000000] ACPI: RSDP 00000000000f0950 00014 (v00 BOCHS )
[    0.000000] ACPI: RSDT 0000000003fffbc1 00034 (v01 BOCHS  BXPCRSDT 00000001 BXPC 00000001)
[    0.000000] ACPI: FACP 0000000003fff1c0 00074 (v01 BOCHS  BXPCFACP 00000001 BXPC 00000001)
[    0.000000] ACPI: DSDT 0000000003ffe040 01180 (v01 BOCHS  BXPCDSDT 00000001 BXPC 00000001)
[    0.000000] ACPI: FACS 0000000003ffe000 00040
[    0.000000] ACPI: SSDT 0000000003fff234 008DD (v01 BOCHS  BXPCSSDT 00000001 BXPC 00000001)
[    0.000000] ACPI: APIC 0000000003fffb11 00078 (v01 BOCHS  BXPCAPIC 00000001 BXPC 00000001)
[    0.000000] ACPI: HPET 0000000003fffb89 00038 (v01 BOCHS  BXPCHPET 00000001 BXPC 00000001)
[    0.000000] No NUMA configuration found
[    0.000000] Faking a node at 0000000000000000-0000000003ffe000
[    0.000000] Initmem setup node 0 0000000000000000-0000000003ffe000
[    0.000000]   NODE_DATA [0000000003ff6000 - 0000000003ffafff]
[    0.000000] Zone PFN ranges:
[    0.000000]   DMA      0x00000010 -&gt; 0x00001000
[    0.000000]   DMA32    0x00001000 -&gt; 0x00100000
[    0.000000]   Normal   empty
[    0.000000] Movable zone start PFN for each node
[    0.000000] early_node_map[2] active PFN ranges
[    0.000000]     0: 0x00000010 -&gt; 0x0000009f
[    0.000000]     0: 0x00000100 -&gt; 0x00003ffe
[    0.000000] ACPI: PM-Timer IO Port: 0xb008
[    0.000000] ACPI: LAPIC (acpi_id[0x00] lapic_id[0x00] enabled)
[    0.000000] ACPI: LAPIC_NMI (acpi_id[0xff] dfl dfl lint[0x1])
[    0.000000] ACPI: IOAPIC (id[0x00] address[0xfec00000] gsi_base[0])
[    0.000000] IOAPIC[0]: apic_id 0, version 17, address 0xfec00000, GSI 0-23
[    0.000000] ACPI: INT_SRC_OVR (bus 0 bus_irq 0 global_irq 2 dfl dfl)
[    0.000000] ACPI: INT_SRC_OVR (bus 0 bus_irq 5 global_irq 5 high level)
[    0.000000] ACPI: INT_SRC_OVR (bus 0 bus_irq 9 global_irq 9 high level)
[    0.000000] ACPI: INT_SRC_OVR (bus 0 bus_irq 10 global_irq 10 high level)
[    0.000000] ACPI: INT_SRC_OVR (bus 0 bus_irq 11 global_irq 11 high level)
[    0.000000] Using ACPI (MADT) for SMP configuration information
[    0.000000] ACPI: HPET id: 0x8086a201 base: 0xfed00000
[    0.000000] SMP: Allowing 1 CPUs, 0 hotplug CPUs
[    0.000000] PM: Registered nosave memory: 000000000009f000 - 00000000000a0000
[    0.000000] PM: Registered nosave memory: 00000000000a0000 - 00000000000f0000
[    0.000000] PM: Registered nosave memory: 00000000000f0000 - 0000000000100000
[    0.000000] Allocating PCI resources starting at 4000000 (gap: 4000000:fbfc0000)
[    0.000000] Booting paravirtualized kernel on bare hardware
[    0.000000] setup_percpu: NR_CPUS:64 nr_cpumask_bits:64 nr_cpu_ids:1 nr_node_ids:1
[    0.000000] PERCPU: Embedded 27 pages/cpu @ffff880003a00000 s78848 r8192 d23552 u2097152
[    0.000000] Built 1 zonelists in Node order, mobility grouping on.  Total pages: 16008
[    0.000000] Policy zone: DMA32
[    0.000000] Kernel command line: root=/dev/vda console=tty0 console=ttyS0 no_timer_check
[    0.000000] PID hash table entries: 256 (order: -1, 2048 bytes)
[    0.000000] Checking aperture...
[    0.000000] No AGP bridge found
[    0.000000] Memory: 43492k/65528k available (6576k kernel code, 452k absent, 21584k reserved, 6620k data, 928k init)
[    0.000000] SLUB: Genslabs=15, HWalign=64, Order=0-3, MinObjects=0, CPUs=1, Nodes=1
[    0.000000] Hierarchical RCU implementation.
[    0.000000] 	RCU dyntick-idle grace-period acceleration is enabled.
[    0.000000] NR_IRQS:4352 nr_irqs:256 16
[    0.000000] Console: colour VGA+ 80x25
[    0.000000] console [tty0] enabled
[    0.000000] console [ttyS0] enabled
[    0.000000] allocated 1048576 bytes of page_cgroup
[    0.000000] please try 'cgroup_disable=memory' option if you don't want memory cgroups
[    0.000000] Fast TSC calibration failed
[    0.000000] TSC: Unable to calibrate against PIT
[    0.000000] TSC: using HPET reference calibration
[    0.000000] Detected 2290.966 MHz processor.
[    0.032980] Calibrating delay loop (skipped), value calculated using timer frequency.. 4581.93 BogoMIPS (lpj=9163864)
[    0.034892] pid_max: default: 32768 minimum: 301
[    0.042934] Security Framework initialized
[    0.047342] AppArmor: AppArmor initialized
[    0.048118] Yama: becoming mindful.
[    0.054407] Dentry cache hash table entries: 8192 (order: 4, 65536 bytes)
[    0.056446] Inode-cache hash table entries: 4096 (order: 3, 32768 bytes)
[    0.057954] Mount-cache hash table entries: 256
[    0.072322] Initializing cgroup subsys cpuacct
[    0.073465] Initializing cgroup subsys memory
[    0.074772] Initializing cgroup subsys devices
[    0.076171] Initializing cgroup subsys freezer
[    0.076848] Initializing cgroup subsys blkio
[    0.077501] Initializing cgroup subsys perf_event
[    0.082172] mce: CPU supports 10 MCE banks
[    0.085865] SMP alternatives: switching to UP code
[    0.528403] Freeing SMP alternatives: 24k freed
[    0.529756] ACPI: Core revision 20110623
[    0.586333] ftrace: allocating 26610 entries in 105 pages
[    0.618166] ..TIMER: vector=0x30 apic1=0 pin1=2 apic2=-1 pin2=-1
[    0.620153] CPU0: AMD QEMU Virtual CPU version 2.0.0 stepping 03
[    0.624038] Performance Events: Broken PMU hardware detected, using software events only.
[    0.632111] NMI watchdog disabled (cpu0): hardware events not enabled
[    0.634842] Brought up 1 CPUs
[    0.636261] Total of 1 processors activated (4581.93 BogoMIPS).
[    0.662771] devtmpfs: initialized
[    0.695616] EVM: security.selinux
[    0.696082] EVM: security.SMACK64
[    0.696515] EVM: security.capability
[    0.717372] print_constraints: dummy: 
[    0.719023] RTC time:  3:01:34, date: 02/21/16
[    0.722491] NET: Registered protocol family 16
[    0.730611] ACPI: bus type pci registered
[    0.735061] PCI: Using configuration type 1 for base access
[    0.764742] bio: create slab &lt;bio-0&gt; at 0
[    0.769451] ACPI: Added _OSI(Module Device)
[    0.770273] ACPI: Added _OSI(Processor Device)
[    0.770942] ACPI: Added _OSI(3.0 _SCP Extensions)
[    0.772104] ACPI: Added _OSI(Processor Aggregator Device)
[    0.844250] ACPI: Interpreter enabled
[    0.844873] ACPI: (supports S0 S3 S4 S5)
[    0.846566] ACPI: Using IOAPIC for interrupt routing
[    0.916834] ACPI: No dock devices found.
[    0.918330] HEST: Table not found.
[    0.918727] PCI: Using host bridge windows from ACPI; if necessary, use "pci=nocrs" and report a bug
[    0.925862] ACPI: PCI Root Bridge [PCI0] (domain 0000 [bus 00-ff])
[    0.932726] pci_root PNP0A03:00: host bridge window [io  0x0000-0x0cf7]
[    0.933724] pci_root PNP0A03:00: host bridge window [io  0x0d00-0xadff]
[    0.934676] pci_root PNP0A03:00: host bridge window [io  0xae0f-0xaeff]
[    0.936110] pci_root PNP0A03:00: host bridge window [io  0xaf20-0xafdf]
[    0.937016] pci_root PNP0A03:00: host bridge window [io  0xafe4-0xffff]
[    0.937762] pci_root PNP0A03:00: host bridge window [mem 0x000a0000-0x000bffff]
[    0.940109] pci_root PNP0A03:00: host bridge window [mem 0x04000000-0xfebfffff]
[    0.970469] pci 0000:00:01.3: quirk: [io  0xb000-0xb03f] claimed by PIIX4 ACPI
[    0.972193] pci 0000:00:01.3: quirk: [io  0xb100-0xb10f] claimed by PIIX4 SMB
[    1.041801]  pci0000:00: Unable to request _OSC control (_OSC support mask: 0x1e)
[    1.096975] ACPI: PCI Interrupt Link [LNKA] (IRQs 5 *10 11)
[    1.098964] ACPI: PCI Interrupt Link [LNKB] (IRQs 5 *10 11)
[    1.101250] ACPI: PCI Interrupt Link [LNKC] (IRQs 5 10 *11)
[    1.103037] ACPI: PCI Interrupt Link [LNKD] (IRQs 5 10 *11)
[    1.104899] ACPI: PCI Interrupt Link [LNKS] (IRQs *9)
[    1.111393] vgaarb: device added: PCI:0000:00:02.0,decodes=io+mem,owns=io+mem,locks=none
[    1.112198] vgaarb: loaded
[    1.112583] vgaarb: bridge control possible 0000:00:02.0
[    1.117900] i2c-core: driver [aat2870] using legacy suspend method
[    1.118734] i2c-core: driver [aat2870] using legacy resume method
[    1.121590] SCSI subsystem initialized
[    1.124912] usbcore: registered new interface driver usbfs
[    1.125947] usbcore: registered new interface driver hub
[    1.127094] usbcore: registered new device driver usb
[    1.130761] PCI: Using ACPI for IRQ routing
[    1.141984] NetLabel: Initializing
[    1.142434] NetLabel:  domain hash size = 128
[    1.142894] NetLabel:  protocols = UNLABELED CIPSOv4
[    1.145299] NetLabel:  unlabeled traffic allowed by default
[    1.147268] HPET: 3 timers in total, 0 timers will be used for per-cpu timer
[    1.148415] hpet0: at MMIO 0xfed00000, IRQs 2, 8, 0
[    1.149194] hpet0: 3 comparators, 64-bit 100.000000 MHz counter
[    1.162474] Switching to clocksource hpet
[    1.415845] AppArmor: AppArmor Filesystem Enabled
[    1.418016] pnp: PnP ACPI init
[    1.418599] ACPI: bus type pnp registered
[    1.446456] pnp: PnP ACPI: found 9 devices
[    1.446996] ACPI: ACPI bus type pnp unregistered
[    1.512195] NET: Registered protocol family 2
[    1.549685] IP route cache hash table entries: 512 (order: 0, 4096 bytes)
[    1.557273] TCP established hash table entries: 2048 (order: 3, 32768 bytes)
[    1.558891] TCP bind hash table entries: 2048 (order: 3, 32768 bytes)
[    1.560075] TCP: Hash tables configured (established 2048 bind 2048)
[    1.562565] TCP reno registered
[    1.563826] UDP hash table entries: 128 (order: 0, 4096 bytes)
[    1.567040] UDP-Lite hash table entries: 128 (order: 0, 4096 bytes)
[    1.572158] NET: Registered protocol family 1
[    1.574145] pci 0000:00:00.0: Limiting direct PCI/PCI transfers
[    1.575051] pci 0000:00:01.0: PIIX3: Enabling Passive Release
[    1.576091] pci 0000:00:01.0: Activating ISA DMA hang workarounds
[    1.582600] ACPI: PCI Interrupt Link [LNKD] enabled at IRQ 11
[    1.585413] pci 0000:00:01.2: PCI INT D -&gt; Link[LNKD] -&gt; GSI 11 (level, high) -&gt; IRQ 11
[    1.587656] pci 0000:00:01.2: PCI INT D disabled
[    1.607956] Trying to unpack rootfs image as initramfs...
[    1.626534] audit: initializing netlink socket (disabled)
[    1.628119] type=2000 audit(1456023694.624:1): initialized
[    1.914766] HugeTLB registered 2 MB page size, pre-allocated 0 pages
[    2.025358] VFS: Disk quotas dquot_6.5.2
[    2.027752] Dquot-cache hash table entries: 512 (order 0, 4096 bytes)
[    2.081484] fuse init (API version 7.17)
[    2.085589] msgmni has been set to 84
[    2.125969] Block layer SCSI generic (bsg) driver version 0.4 loaded (major 253)
[    2.133582] io scheduler noop registered
[    2.134105] io scheduler deadline registered (default)
[    2.135424] io scheduler cfq registered
[    2.138916] pci_hotplug: PCI Hot Plug PCI Core version: 0.5
[    2.141700] pciehp: PCI Express Hot Plug Controller Driver version: 0.4
[    2.147573] input: Power Button as /devices/LNXSYSTM:00/LNXPWRBN:00/input/input0
[    2.150116] ACPI: Power Button [PWRF]
[    2.207430] ERST: Table is not found!
[    2.207959] GHES: HEST is not enabled!
[    2.218606] ACPI: PCI Interrupt Link [LNKC] enabled at IRQ 10
[    2.219688] virtio-pci 0000:00:03.0: PCI INT A -&gt; Link[LNKC] -&gt; GSI 10 (level, high) -&gt; IRQ 10
[    2.223798] virtio-pci 0000:00:04.0: PCI INT A -&gt; Link[LNKD] -&gt; GSI 11 (level, high) -&gt; IRQ 11
[    2.238824] ACPI: PCI Interrupt Link [LNKA] enabled at IRQ 10
[    2.239676] virtio-pci 0000:00:05.0: PCI INT A -&gt; Link[LNKA] -&gt; GSI 10 (level, high) -&gt; IRQ 10
[    2.258011] Serial: 8250/16550 driver, 32 ports, IRQ sharing enabled
[    2.293625] serial8250: ttyS0 at I/O 0x3f8 (irq = 4) is a 16550A
[    2.374801] serial8250: ttyS1 at I/O 0x2f8 (irq = 3) is a 16550A
[    2.534437] 00:05: ttyS0 at I/O 0x3f8 (irq = 4) is a 16550A
[    2.622693] 00:06: ttyS1 at I/O 0x2f8 (irq = 3) is a 16550A
[    2.623863] Refined TSC clocksource calibration: 2291.547 MHz.
[    2.625557] Switching to clocksource tsc
[    2.667724] Linux agpgart interface v0.103
[    2.742067] brd: module loaded
[    2.767274] loop: module loaded
[    2.834193]  vda: unknown partition table
[    2.885661] scsi0 : ata_piix
[    2.897644] scsi1 : ata_piix
[    2.899809] ata1: PATA max MWDMA2 cmd 0x1f0 ctl 0x3f6 bmdma 0xc0a0 irq 14
[    2.901425] ata2: PATA max MWDMA2 cmd 0x170 ctl 0x376 bmdma 0xc0a8 irq 15
[    2.911912] Fixed MDIO Bus: probed
[    2.913536] tun: Universal TUN/TAP device driver, 1.6
[    2.914119] tun: (C) 1999-2004 Max Krasnyansky &lt;maxk@qualcomm.com&gt;
[    2.926417] PPP generic driver version 2.4.2
[    2.946977] ehci_hcd: USB 2.0 'Enhanced' Host Controller (EHCI) Driver
[    2.948226] ohci_hcd: USB 1.1 'Open' Host Controller (OHCI) Driver
[    2.949953] uhci_hcd: USB Universal Host Controller Interface driver
[    2.950969] uhci_hcd 0000:00:01.2: PCI INT D -&gt; Link[LNKD] -&gt; GSI 11 (level, high) -&gt; IRQ 11
[    2.954996] uhci_hcd 0000:00:01.2: UHCI Host Controller
[    2.969178] uhci_hcd 0000:00:01.2: new USB bus registered, assigned bus number 1
[    2.970973] uhci_hcd 0000:00:01.2: irq 11, io base 0x0000c040
[    3.001083] hub 1-0:1.0: USB hub found
[    3.002727] hub 1-0:1.0: 2 ports detected
[    3.012044] usbcore: registered new interface driver libusual
[    3.015655] i8042: PNP: PS/2 Controller [PNP0303:KBD,PNP0f13:MOU] at 0x60,0x64 irq 1,12
[    3.025366] serio: i8042 KBD port at 0x60,0x64 irq 1
[    3.027499] serio: i8042 AUX port at 0x60,0x64 irq 12
[    3.071068] mousedev: PS/2 mouse device common for all mice
[    3.079098] input: AT Translated Set 2 keyboard as /devices/platform/i8042/serio0/input/input1
[    3.084515] rtc_cmos 00:01: RTC can wake from S4
[    3.094624] rtc_cmos 00:01: rtc core: registered rtc_cmos as rtc0
[    3.098934] rtc0: alarms up to one day, 114 bytes nvram, hpet irqs
[    3.102190] device-mapper: uevent: version 1.0.3
[    3.126465] device-mapper: ioctl: 4.22.0-ioctl (2011-10-19) initialised: dm-devel@redhat.com
[    3.129586] cpuidle: using governor ladder
[    3.131618] cpuidle: using governor menu
[    3.132611] EFI Variables Facility v0.08 2004-May-17
[    3.153857] TCP cubic registered
[    3.161207] NET: Registered protocol family 10
[    3.205117] NET: Registered protocol family 17
[    3.209075] Registering the dns_resolver key type
[    3.231966] ata2.01: ATAPI: QEMU DVD-ROM, 2.0.0, max UDMA/100
[    3.249228] ata2.01: configured for MWDMA2
[    3.269069] scsi 1:0:1:0: CD-ROM            QEMU     QEMU DVD-ROM     2.0. PQ: 0 ANSI: 5
[    3.320618] sr0: scsi3-mmc drive: 4x/4x cd/rw xa/form2 tray
[    3.322996] cdrom: Uniform CD-ROM driver Revision: 3.20
[    3.341606] sr 1:0:1:0: Attached scsi generic sg0 type 5
[    3.398832] registered taskstats version 1
[    3.490609] Freeing initrd memory: 3656k freed
[    3.948223]   Magic number: 4:828:7
[    3.956016] rtc_cmos 00:01: setting system clock to 2016-02-21 03:01:37 UTC (1456023697)
[    3.959238] powernow-k8: Processor cpuid 663 not supported
[    3.966814] BIOS EDD facility v0.16 2004-Jun-25, 0 devices found
[    3.971161] EDD information not available.
[    4.040722] Freeing unused kernel memory: 928k freed
[    4.046284] Write protecting the kernel read-only data: 12288k
[    4.163296] Freeing unused kernel memory: 1596k freed
[    4.226887] Freeing unused kernel memory: 1184k freed

info: initramfs: up at 4.41
modprobe: module virtio_blk not found in modules.dep
modprobe: module virtio_net not found in modules.dep
info: copying initramfs to /dev/vda
info: initramfs loading root from /dev/vda
info: /etc/init.d/rc.sysinit: up at 9.27
info: container: none
Starting logging: OK
modprobe: module virtio_blk not found in modules.dep
modprobe: module virtio_net not found in modules.dep
WARN: /etc/rc3.d/S10-load-modules failed
Initializing random number generator... done.
Starting acpid: OK
cirros-ds 'local' up at 11.89
found datasource (configdrive, local)
Starting network...
udhcpc (v1.20.1) started
Sending discover...
Sending discover...
Sending discover...
Usage: /sbin/cirros-dhcpc &lt;up|down&gt;
No lease, failing
WARN: /etc/rc3.d/S40-network failed
Starting dropbear sshd: generating rsa key... generating dsa key... OK
no userdata for datasource
=== system information ===
Platform: OpenStack Foundation OpenStack Nova
Container: none
Arch: x86_64
CPU(s): 1 @ 2290.966 MHz
Cores/Sockets/Threads: 1/1/1
Virt-type: AMD-V
RAM Size: 49MB
Disks:
NAME MAJ:MIN     SIZE LABEL         MOUNTPOINT
vda  253:0   25165824 cirros-rootfs /
sr0   11:0     432128 config-2      
=== sshd host keys ===
-----BEGIN SSH HOST KEY KEYS-----
ssh-rsa AAAAB3NzaC1yc2EAAAADAQABAAAAgwCgqzAGxf0jEJDxT0Hl/AL+3WIj+PVjbKLJCYR1hwkcE3XB+p6gVEZNGhH390UaakR0nI3NdHWm52n8Gzk0VIUwi/dXMA+6rh7m+aZKa2YO0A2Qvfw8dC4MiambvDYWCuifr0cV2VQtFSeiB69TczWzel/SyuXvoPuCMi3z+wAag63R root@tempest
ssh-dss AAAAB3NzaC1kc3MAAACBAJTZf3ik2tJXCJLA+3wv+bWIzhIMEdO2qYjMCwb0JSv4ab28bTiNYosr1SLQzUhfYmTqkveXevAfLj91UepyB0SSYlJjIxQb9ULi5D/tcKmbljLiHSSWEWBIHpHt/SLPQMpGzeGQ632Crm3VPPnS5niwf0EzqeHZEuYmeGixxjE5AAAAFQCUnBtXDCiDWCEuQ+ezSCL002EUZwAAAIAhO6ahDS/5uHfVr7ntHcuE+4PMqzc9AoAnUfNckeYgwAL/92SYomUX2AvYIlRvLVfJJB244XQsfMl0fFP8UK9FNzwg/VnKAOMvq+LpBvmOK5hfeiNW91OvHk3Nxthdu06rYvk+54HlMi8JjM62i2VPkQFxwuYWFCja68e1WhB4TwAAAIA6Yd31Tx1kLor9Tf9wHEgDj3AfppiA7V6tidAZbzPCWGzebW9siWEywQIxopmO4L9Ngb+MxWrUgf/PoK0ztX/Gqp/L+M2jg3QIAK5QlpO6hJ3D38tB0oxeXIXYG4Mi4z5S15z+3YkLl0CaKJDyo0bfxIACQCZeBgL2wZbaWaXAOQ== root@tempest
-----END SSH HOST KEY KEYS-----
=== network info ===
if-info: lo,up,127.0.0.1,8,::1
if-info: eth0,up,,8,fe80::f816:3eff:fe14:d29a
=== datasource: configdrive local ===
instance-id: 82e36825-8f08-4abb-aef0-0d0f9c2b13d6
name: tempest.common.compute-instance-925266497
availability-zone: nova
local-hostname: tempest.common.compute-instance-925266497.novalocal
launch-index: 0
=== cirros: current=0.3.4 uptime=202.43 ===
route: fscanf
=== pinging gateway failed, debugging connection ===
############ debug start ##############
### /etc/init.d/sshd start
Starting dropbear sshd: OK
route: fscanf
### ifconfig -a
eth0      Link encap:Ethernet  HWaddr FA:16:3E:14:D2:9A  
          inet6 addr: fe80::f816:3eff:fe14:d29a/64 Scope:Link
          UP BROADCAST RUNNING MULTICAST  MTU:1500  Metric:1
          RX packets:13 errors:0 dropped:5 overruns:0 frame:0
          TX packets:8 errors:0 dropped:0 overruns:0 carrier:0
          collisions:0 txqueuelen:1000 
          RX bytes:1213 (1.1 KiB)  TX bytes:1134 (1.1 KiB)

lo        Link encap:Local Loopback  
          inet addr:127.0.0.1  Mask:255.0.0.0
          inet6 addr: ::1/128 Scope:Host
          UP LOOPBACK RUNNING  MTU:16436  Metric:1
          RX packets:12 errors:0 dropped:0 overruns:0 frame:0
          TX packets:12 errors:0 dropped:0 overruns:0 carrier:0
          collisions:0 txqueuelen:0 
          RX bytes:1020 (1020.0 B)  TX bytes:1020 (1020.0 B)

### route -n
Kernel IP routing table
Destination     Gateway         Genmask         Flags Metric Ref    Use Iface
route: fscanf
### cat /etc/resolv.conf
cat: can't open '/etc/resolv.conf': No such file or directory
### gateway not found
/sbin/cirros-status: line 1: can't open /etc/resolv.conf: no such file
### pinging nameservers
### uname -a
Linux tempest 3.2.0-80-virtual #116-Ubuntu SMP Mon Mar 23 17:28:52 UTC 2015 x86_64 GNU/Linux
### lsmod
Module                  Size  Used by    Not tainted
nls_iso8859_1          12713  0 
nls_cp437              16991  0 
vfat                   17585  0 
fat                    61512  1 vfat
isofs                  40259  0 
ip_tables              27473  0 
x_tables               29891  1 ip_tables
pcnet32                42119  0 
8139cp                 27360  0 
ne2k_pci               13691  0 
8390                   18856  1 ne2k_pci
e1000                 108589  0 
acpiphp                24231  0 
### dmesg | tail
[    5.337447] EXT3-fs (vda): mounted filesystem with ordered data mode
[    5.657721] ISO 9660 Extensions: Microsoft Joliet Level 3
[    5.739823] ISO 9660 Extensions: RRIP_1991A
[    5.999036] kjournald starting.  Commit interval 5 seconds
[    6.009906] EXT3-fs (vda): using internal journal
[    6.010342] EXT3-fs (vda): mounted filesystem with ordered data mode
[    9.334281] EXT3-fs (vda): using internal journal
[   12.666630] ISO 9660 Extensions: Microsoft Joliet Level 3
[   12.763361] ISO 9660 Extensions: RRIP_1991A
[   27.339806] eth0: no IPv6 routers present
### tail -n 25 /var/log/messages
Feb 21 03:01:44 cirros kern.info kernel: [    4.739273] acpiphp: Slot [26] registered
Feb 21 03:01:44 cirros kern.info kernel: [    4.739628] acpiphp: Slot [27] registered
Feb 21 03:01:44 cirros kern.info kernel: [    4.739926] acpiphp: Slot [28] registered
Feb 21 03:01:44 cirros kern.info kernel: [    4.740715] acpiphp: Slot [29] registered
Feb 21 03:01:44 cirros kern.info kernel: [    4.741755] acpiphp: Slot [30] registered
Feb 21 03:01:44 cirros kern.info kernel: [    4.742057] acpiphp: Slot [31] registered
Feb 21 03:01:44 cirros kern.info kernel: [    4.798577] e1000: Intel(R) PRO/1000 Network Driver - version 7.3.21-k8-NAPI
Feb 21 03:01:44 cirros kern.info kernel: [    4.798659] e1000: Copyright (c) 1999-2006 Intel Corporation.
Feb 21 03:01:44 cirros kern.info kernel: [    4.850129] ne2k-pci.c:v1.03 9/22/2003 D. Becker/P. Gortmaker
Feb 21 03:01:44 cirros kern.info kernel: [    4.889967] 8139cp: 8139cp: 10/100 PCI Ethernet driver v1.3 (Mar 22, 2004)
Feb 21 03:01:44 cirros kern.info kernel: [    4.929578] pcnet32: pcnet32.c:v1.35 21.Apr.2008 tsbogend@alpha.franken.de
Feb 21 03:01:44 cirros kern.info kernel: [    4.998807] ip_tables: (C) 2000-2006 Netfilter Core Team
Feb 21 03:01:44 cirros kern.info kernel: [    5.330019] kjournald starting.  Commit interval 5 seconds
Feb 21 03:01:44 cirros kern.info kernel: [    5.337447] EXT3-fs (vda): mounted filesystem with ordered data mode
Feb 21 03:01:44 cirros kern.debug kernel: [    5.657721] ISO 9660 Extensions: Microsoft Joliet Level 3
Feb 21 03:01:44 cirros kern.debug kernel: [    5.739823] ISO 9660 Extensions: RRIP_1991A
Feb 21 03:01:44 cirros kern.info kernel: [    5.999036] kjournald starting.  Commit interval 5 seconds
Feb 21 03:01:44 cirros kern.info kernel: [    6.009906] EXT3-fs (vda): using internal journal
Feb 21 03:01:44 cirros kern.info kernel: [    6.010342] EXT3-fs (vda): mounted filesystem with ordered data mode
Feb 21 03:01:44 cirros kern.info kernel: [    9.334281] EXT3-fs (vda): using internal journal
Feb 21 03:01:46 cirros kern.debug kernel: [   12.666630] ISO 9660 Extensions: Microsoft Joliet Level 3
Feb 21 03:01:46 cirros kern.debug kernel: [   12.763361] ISO 9660 Extensions: RRIP_1991A
Feb 21 03:01:49 cirros auth.notice su: + /dev/console root:cirros
Feb 21 03:02:00 cirros kern.debug kernel: [   27.339806] eth0: no IPv6 routers present
Feb 21 03:04:53 cirros authpriv.info dropbear[283]: Running in background
############ debug end   ##############
  ____               ____  ____
 / __/ __ ____ ____ / __ \/ __/
/ /__ / // __// __// /_/ /\ \ 
\___//_//_/  /_/   \____/___/ 
   http://cirros-cloud.net


login as 'cirros' user. default password: 'cubswin:)'. use 'sudo' for root.
tempest login: 
2016-02-21 03:05:45,729 28329 INFO     [tempest_lib.common.rest_client] Request (TestGettingAddress:_run_cleanups): 204 DELETE http://10.4.1.3:9696/v2.0/floatingips/ad537137-9230-4d28-8965-bedab7e2800d 0.580s
2016-02-21 03:05:45,730 28329 DEBUG    [tempest_lib.common.rest_client] Request - Headers: {'Content-Type': 'application/json', 'Accept': 'application/json', 'X-Auth-Token': '&lt;omitted&gt;'}
        Body: None
    Response - Headers: {'date': 'Sun, 21 Feb 2016 03:05:45 GMT', 'status': '204', 'connection': 'close', 'content-length': '0', 'x-openstack-request-id': 'req-5c396a39-d42a-4fb8-b22b-3c1e4adf57ee'}
        Body: 
2016-02-21 03:05:46,179 28329 INFO     [tempest_lib.common.rest_client] Request (TestGettingAddress:_run_cleanups): 204 DELETE http://10.4.1.3:8774/v2.1/96de3cbf214a430b8352c40a38df1185/servers/82e36825-8f08-4abb-aef0-0d0f9c2b13d6 0.449s
2016-02-21 03:05:46,180 28329 DEBUG    [tempest_lib.common.rest_client] Request - Headers: {'Content-Type': 'application/json', 'Accept': 'application/json', 'X-Auth-Token': '&lt;omitted&gt;'}
        Body: None
    Response - Headers: {'status': '204', 'content-length': '0', 'x-compute-request-id': 'req-9f8668af-7796-410e-9780-686e7ff577e9', 'vary': 'X-OpenStack-Nova-API-Version', 'connection': 'close', 'x-openstack-nova-api-version': '2.1', 'date': 'Sun, 21 Feb 2016 03:05:46 GMT', 'content-type': 'application/json'}
        Body: 
2016-02-21 03:05:46,867 28329 INFO     [tempest_lib.common.rest_client] Request (TestGettingAddress:_run_cleanups): 200 GET http://10.4.1.3:8774/v2.1/96de3cbf214a430b8352c40a38df1185/servers/82e36825-8f08-4abb-aef0-0d0f9c2b13d6 0.686s
2016-02-21 03:05:46,868 28329 DEBUG    [tempest_lib.common.rest_client] Request - Headers: {'Content-Type': 'application/json', 'Accept': 'application/json', 'X-Auth-Token': '&lt;omitted&gt;'}
        Body: None
    Response - Headers: {'status': '200', 'content-length': '1781', 'content-location': 'http://10.4.1.3:8774/v2.1/96de3cbf214a430b8352c40a38df1185/servers/82e36825-8f08-4abb-aef0-0d0f9c2b13d6', 'x-compute-request-id': 'req-bae364b9-3083-4912-a1fe-b849e49fac10', 'vary': 'X-OpenStack-Nova-API-Version', 'connection': 'close', 'x-openstack-nova-api-version': '2.1', 'date': 'Sun, 21 Feb 2016 03:05:46 GMT', 'content-type': 'application/json'}
        Body: {"server": {"status": "ACTIVE", "updated": "2016-02-21T03:05:46Z", "hostId": "76bd19bceade773492807a4f45ef728d9595f008e92b91f2f56bcd54", "addresses": {"tempest-network-smoke--297283650": [{"OS-EXT-IPS-MAC:mac_addr": "fa:16:3e:14:d2:9a", "version": 6, "addr": "2003::f816:3eff:fe14:d29a", "OS-EXT-IPS:type": "fixed"}, {"OS-EXT-IPS-MAC:mac_addr": "fa:16:3e:14:d2:9a", "version": 4, "addr": "10.100.0.3", "OS-EXT-IPS:type": "fixed"}]}, "links": [{"href": "http://10.4.1.3:8774/v2.1/96de3cbf214a430b8352c40a38df1185/servers/82e36825-8f08-4abb-aef0-0d0f9c2b13d6", "rel": "self"}, {"href": "http://10.4.1.3:8774/96de3cbf214a430b8352c40a38df1185/servers/82e36825-8f08-4abb-aef0-0d0f9c2b13d6", "rel": "bookmark"}], "key_name": "tempest-TestGettingAddress-1377424757", "image": {"id": "6cea81fd-0ecd-4d84-ba7c-b28b63c4a715", "links": [{"href": "http://10.4.1.3:8774/96de3cbf214a430b8352c40a38df1185/images/6cea81fd-0ecd-4d84-ba7c-b28b63c4a715", "rel": "bookmark"}]}, "OS-EXT-STS:task_state": "deleting", "OS-EXT-STS:vm_state": "active", "OS-SRV-USG:launched_at": "2016-02-21T03:01:30.000000", "flavor": {"id": "42", "links": [{"href": "http://10.4.1.3:8774/96de3cbf214a430b8352c40a38df1185/flavors/42", "rel": "bookmark"}]}, "id": "82e36825-8f08-4abb-aef0-0d0f9c2b13d6", "security_groups": [{"name": "tempest-secgroup-smoke-265278673"}], "OS-SRV-USG:terminated_at": null, "OS-EXT-AZ:availability_zone": "nova", "user_id": "d70b11e86fec4df4864dbcdb83a07893", "name": "tempest.common.compute-instance-925266497", "created": "2016-02-21T03:01:24Z", "tenant_id": "96de3cbf214a430b8352c40a38df1185", "OS-DCF:diskConfig": "MANUAL", "os-extended-volumes:volumes_attached": [], "accessIPv4": "", "accessIPv6": "", "progress": 0, "OS-EXT-STS:power_state": 1, "config_drive": "True", "metadata": {}}}
2016-02-21 03:05:48,149 28329 INFO     [tempest_lib.common.rest_client] Request (TestGettingAddress:_run_cleanups): 404 GET http://10.4.1.3:8774/v2.1/96de3cbf214a430b8352c40a38df1185/servers/82e36825-8f08-4abb-aef0-0d0f9c2b13d6 0.270s
2016-02-21 03:05:48,150 28329 DEBUG    [tempest_lib.common.rest_client] Request - Headers: {'Content-Type': 'application/json', 'Accept': 'application/json', 'X-Auth-Token': '&lt;omitted&gt;'}
        Body: None
    Response - Headers: {'status': '404', 'content-length': '111', 'x-compute-request-id': 'req-6d79426b-6962-477f-9b96-cb2abd85bf34', 'vary': 'X-OpenStack-Nova-API-Version', 'connection': 'close', 'x-openstack-nova-api-version': '2.1', 'date': 'Sun, 21 Feb 2016 03:05:48 GMT', 'content-type': 'application/json; charset=UTF-8'}
        Body: {"itemNotFound": {"message": "Instance 82e36825-8f08-4abb-aef0-0d0f9c2b13d6 could not be found.", "code": 404}}
2016-02-21 03:05:48,789 28329 INFO     [tempest_lib.common.rest_client] Request (TestGettingAddress:_run_cleanups): 500 PUT http://10.4.1.3:9696/v2.0/routers/4d976730-000e-44c9-bbb6-8a22b15e3212/remove_router_interface 0.636s
2016-02-21 03:05:48,790 28329 DEBUG    [tempest_lib.common.rest_client] Request - Headers: {'Content-Type': 'application/json', 'Accept': 'application/json', 'X-Auth-Token': '&lt;omitted&gt;'}
        Body: {"subnet_id": "ff32c2d0-06f9-4272-98ca-3765fe2c99fc"}
    Response - Headers: {'status': '500', 'content-length': '150', 'connection': 'close', 'date': 'Sun, 21 Feb 2016 03:05:48 GMT', 'content-type': 'application/json; charset=UTF-8', 'x-openstack-request-id': 'req-4da88bab-5188-47e7-b4b6-6ab050220329'}
        Body: {"NeutronError": {"message": "Request Failed: internal server error while processing your request.", "type": "HTTPInternalServerError", "detail": ""}}
2016-02-21 03:05:49,335 28329 INFO     [tempest_lib.common.rest_client] Request (TestGettingAddress:_run_cleanups): 404 PUT http://10.4.1.3:9696/v2.0/routers/4d976730-000e-44c9-bbb6-8a22b15e3212/remove_router_interface 0.540s
2016-02-21 03:05:49,335 28329 DEBUG    [tempest_lib.common.rest_client] Request - Headers: {'Content-Type': 'application/json', 'Accept': 'application/json', 'X-Auth-Token': '&lt;omitted&gt;'}
        Body: {"subnet_id": "ff32c2d0-06f9-4272-98ca-3765fe2c99fc"}
    Response - Headers: {'status': '404', 'content-length': '198', 'connection': 'close', 'date': 'Sun, 21 Feb 2016 03:05:49 GMT', 'content-type': 'application/json; charset=UTF-8', 'x-openstack-request-id': 'req-7a3d2272-5f62-4265-a70b-f1952d28910a'}
        Body: {"NeutronError": {"message": "Router 4d976730-000e-44c9-bbb6-8a22b15e3212 has no interface on subnet ff32c2d0-06f9-4272-98ca-3765fe2c99fc", "type": "RouterInterfaceNotFoundForSubnet", "detail": ""}}
2016-02-21 03:05:50,040 28329 INFO     [tempest_lib.common.rest_client] Request (TestGettingAddress:_run_cleanups): 500 PUT http://10.4.1.3:9696/v2.0/routers/4d976730-000e-44c9-bbb6-8a22b15e3212/remove_router_interface 0.703s
2016-02-21 03:05:50,040 28329 DEBUG    [tempest_lib.common.rest_client] Request - Headers: {'Content-Type': 'application/json', 'Accept': 'application/json', 'X-Auth-Token': '&lt;omitted&gt;'}
        Body: {"subnet_id": "7bf92dfd-c301-4afe-93f3-8cfdf9ee6072"}
    Response - Headers: {'status': '500', 'content-length': '150', 'connection': 'close', 'date': 'Sun, 21 Feb 2016 03:05:50 GMT', 'content-type': 'application/json; charset=UTF-8', 'x-openstack-request-id': 'req-b197c3da-4458-4cdb-8354-2a2914936731'}
        Body: {"NeutronError": {"message": "Request Failed: internal server error while processing your request.", "type": "HTTPInternalServerError", "detail": ""}}
2016-02-21 03:05:50,304 28329 INFO     [tempest_lib.common.rest_client] Request (TestGettingAddress:_run_cleanups): 200 GET http://10.4.1.3:9696/v2.0/routers/4d976730-000e-44c9-bbb6-8a22b15e3212 0.262s
2016-02-21 03:05:50,305 28329 DEBUG    [tempest_lib.common.rest_client] Request - Headers: {'Content-Type': 'application/json', 'Accept': 'application/json', 'X-Auth-Token': '&lt;omitted&gt;'}
        Body: None
    Response - Headers: {'status': '200', 'content-length': '501', 'content-location': 'http://10.4.1.3:9696/v2.0/routers/4d976730-000e-44c9-bbb6-8a22b15e3212', 'connection': 'close', 'date': 'Sun, 21 Feb 2016 03:05:50 GMT', 'content-type': 'application/json; charset=UTF-8', 'x-openstack-request-id': 'req-c0b0d97e-5dc3-4728-a2f3-eb4543cb69cd'}
        Body: {"router": {"status": "ACTIVE", "external_gateway_info": {"network_id": "1c0546f9-7505-453e-bb2c-fefbbf37a26f", "enable_snat": true, "external_fixed_ips": [{"subnet_id": "cc8b6738-5258-4c35-af05-c1c8b7248290", "ip_address": "172.24.4.3"}, {"subnet_id": "95aaf9e1-356d-4423-a447-e9b62e292873", "ip_address": "2001:db8::4"}]}, "name": "tempest-router-smoke-1581358970", "admin_state_up": true, "tenant_id": "96de3cbf214a430b8352c40a38df1185", "routes": [], "id": "4d976730-000e-44c9-bbb6-8a22b15e3212"}}
2016-02-21 03:05:50,946 28329 INFO     [tempest_lib.common.rest_client] Request (TestGettingAddress:_run_cleanups): 200 PUT http://10.4.1.3:9696/v2.0/routers/4d976730-000e-44c9-bbb6-8a22b15e3212 0.640s
2016-02-21 03:05:50,946 28329 DEBUG    [tempest_lib.common.rest_client] Request - Headers: {'Content-Type': 'application/json', 'Accept': 'application/json', 'X-Auth-Token': '&lt;omitted&gt;'}
        Body: {"router": {"external_gateway_info": {}, "name": "tempest-router-smoke-1581358970", "admin_state_up": true}}
    Response - Headers: {'status': '200', 'content-length': '239', 'connection': 'close', 'date': 'Sun, 21 Feb 2016 03:05:50 GMT', 'content-type': 'application/json; charset=UTF-8', 'x-openstack-request-id': 'req-702bb08d-e9e7-4c79-8674-356835855e1a'}
        Body: {"router": {"status": "ACTIVE", "external_gateway_info": null, "name": "tempest-router-smoke-1581358970", "admin_state_up": true, "tenant_id": "96de3cbf214a430b8352c40a38df1185", "routes": [], "id": "4d976730-000e-44c9-bbb6-8a22b15e3212"}}
2016-02-21 03:05:51,355 28329 INFO     [tempest_lib.common.rest_client] Request (TestGettingAddress:_run_cleanups): 500 DELETE http://10.4.1.3:9696/v2.0/routers/4d976730-000e-44c9-bbb6-8a22b15e3212 0.407s
2016-02-21 03:05:51,355 28329 DEBUG    [tempest_lib.common.rest_client] Request - Headers: {'Content-Type': 'application/json', 'Accept': 'application/json', 'X-Auth-Token': '&lt;omitted&gt;'}
        Body: None
    Response - Headers: {'status': '500', 'content-length': '150', 'connection': 'close', 'date': 'Sun, 21 Feb 2016 03:05:51 GMT', 'content-type': 'application/json; charset=UTF-8', 'x-openstack-request-id': 'req-e0a631d1-59e1-48dd-9dea-82b4b119795f'}
        Body: {"NeutronError": {"message": "Request Failed: internal server error while processing your request.", "type": "HTTPInternalServerError", "detail": ""}}
2016-02-21 03:05:51,617 28329 INFO     [tempest_lib.common.rest_client] Request (TestGettingAddress:_run_cleanups): 404 PUT http://10.4.1.3:9696/v2.0/routers/4d976730-000e-44c9-bbb6-8a22b15e3212/remove_router_interface 0.259s
2016-02-21 03:05:51,617 28329 DEBUG    [tempest_lib.common.rest_client] Request - Headers: {'Content-Type': 'application/json', 'Accept': 'application/json', 'X-Auth-Token': '&lt;omitted&gt;'}
