<?xml version="1.0" encoding="UTF-8"?>
<!DOCTYPE html PUBLIC "-//W3C//DTD XHTML 1.0 Strict//EN"
     "http://www.w3.org/TR/xhtml1/DTD/xhtml1-strict.dtd">
<html xmlns="http://www.w3.org/1999/xhtml">
<head>
    <title>Unit Test Report</title>
    <meta name="generator" content="subunit2html 0.1"/>
    <meta http-equiv="Content-Type" content="text/html; charset=UTF-8"/>
    
<style type="text/css" media="screen">
body        { font-family: verdana, arial, helvetica, sans-serif;
    font-size: 80%; }
table       { font-size: 100%; width: 100%;}
pre         { font-size: 80%; }

/* -- heading -------------------------------------------------------------- */
h1 {
        font-size: 16pt;
        color: gray;
}
.heading {
    margin-top: 0ex;
    margin-bottom: 1ex;
}

.heading .attribute {
    margin-top: 1ex;
    margin-bottom: 0;
}

.heading .description {
    margin-top: 4ex;
    margin-bottom: 6ex;
}

/* -- css div popup -------------------------------------------------------- */
a.popup_link {
}

a.popup_link:hover {
    color: red;
}

.popup_window {
    display: none;
    overflow-x: scroll;
    /*border: solid #627173 1px; */
    padding: 10px;
    background-color: #E6E6D6;
    font-family: "Ubuntu Mono", "Lucida Console", "Courier New", monospace;
    text-align: left;
    font-size: 8pt;
}

}
/* -- report --------------------------------------------------------------- */
#show_detail_line {
    margin-top: 3ex;
    margin-bottom: 1ex;
}
#result_table {
    width: 100%;
    border-collapse: collapse;
    border: 1px solid #777;
}
#header_row {
    font-weight: bold;
    color: white;
    background-color: #777;
}
#result_table td {
    border: 1px solid #777;
    padding: 2px;
}
#total_row  { font-weight: bold; }
.passClass  { background-color: #6c6; }
.failClass  { background-color: #c60; }
.errorClass { background-color: #c00; }
.passCase   { color: #6c6; }
.failCase   { color: #c60; font-weight: bold; }
.errorCase  { color: #c00; font-weight: bold; }
.hiddenRow  { display: none; }
.testcase   { margin-left: 2em; }
td.testname {width: 40%}
td.small {width: 40px}

/* -- ending --------------------------------------------------------------- */
#ending {
}

</style>

</head>
<body>
<script language="javascript" type="text/javascript"><!--
output_list = Array();

/* level - 0:Summary; 1:Failed; 2:All */
function showCase(level) {
    trs = document.getElementsByTagName("tr");
    for (var i = 0; i < trs.length; i++) {
        tr = trs[i];
        id = tr.id;
        if (id.substr(0,2) == 'ft') {
            if (level < 1) {
                tr.className = 'hiddenRow';
            }
            else {
                tr.className = '';
            }
        }
        if (id.substr(0,2) == 'pt') {
            if (level > 1) {
                tr.className = '';
            }
            else {
                tr.className = 'hiddenRow';
            }
        }
    }
}


function showClassDetail(cid, count) {
    var id_list = Array(count);
    var toHide = 1;
    for (var i = 0; i < count; i++) {
        tid0 = 't' + cid.substr(1) + '.' + (i+1);
        tid = 'f' + tid0;
        tr = document.getElementById(tid);
        if (!tr) {
            tid = 'p' + tid0;
            tr = document.getElementById(tid);
        }
        id_list[i] = tid;
        if (tr.className) {
            toHide = 0;
        }
    }
    for (var i = 0; i < count; i++) {
        tid = id_list[i];
        if (toHide) {
            document.getElementById('div_'+tid).style.display = 'none'
            document.getElementById(tid).className = 'hiddenRow';
        }
        else {
            document.getElementById(tid).className = '';
        }
    }
}


function showTestDetail(div_id){
    var details_div = document.getElementById(div_id)
    var displayState = details_div.style.display
    // alert(displayState)
    if (displayState != 'block' ) {
        displayState = 'block'
        details_div.style.display = 'block'
    }
    else {
        details_div.style.display = 'none'
    }
}


function html_escape(s) {
    s = s.replace(/&/g,'&amp;');
    s = s.replace(/</g,'&lt;');
    s = s.replace(/>/g,'&gt;');
    return s;
}

/* obsoleted by detail in <div>
function showOutput(id, name) {
    var w = window.open("", //url
                    name,
                    "resizable,scrollbars,status,width=800,height=450");
    d = w.document;
    d.write("<pre>");
    d.write(html_escape(output_list[id]));
    d.write("\n");
    d.write("<a href='javascript:window.close()'>close</a>\n");
    d.write("</pre>\n");
    d.close();
}
*/
--></script>

<div class='heading'>
<h1>Unit Test Report</h1>

<p class='attribute'><strong>Status:</strong> Failure 8</p>

<p class='description'></p>
</div>



<p id='show_detail_line'>Show
<a href='javascript:showCase(0)'>Summary</a>
<a href='javascript:showCase(1)'>Failed</a>
<a href='javascript:showCase(2)'>All</a>
</p>
<table id='result_table'>
<colgroup>
<col align='left' />
<col align='right' />
<col align='right' />
<col align='right' />
<col align='right' />
<col align='right' />
<col align='right' />
<col align='right' />
</colgroup>
<tr id='header_row'>
    <td>Test Group/Test case</td>
    <td>Count</td>
    <td>Pass</td>
    <td>Fail</td>
    <td>Error</td>
    <td>Skip</td>
    <td>View</td>
    <td> </td>
</tr>

<tr class='failClass'>
    <td class="testname">tempest.scenario.test_network_v6.TestGettingAddress</td>
    <td class="small">8</td>
    <td class="small">0</td>
    <td class="small">8</td>
    <td class="small">0</td>
    <td class="small">0</td>
    <td class="small"><a href="javascript:showClassDetail('c1',8)"
>Detail</a></td>
    <td> </td>
</tr>

<tr id='ft1.1' class='none'>
    <td class='failCase'><div class='testcase'>test_dhcp6_stateless_from_os[compute,id-d7e1f858-187c-45a6-89c9-bdafde619a9f,network,slow]</div></td>
    <td colspan='7' align='left'>

    <!--css div popup start-->
    <a class="popup_link" onfocus='this.blur();'
    href="javascript:showTestDetail('div_ft1.1')" >
        fail</a>

    <div id='div_ft1.1' class="popup_window">
        <div style='text-align: right; color:red;cursor:pointer'>
        <a onfocus='this.blur();'
onclick="document.getElementById('div_ft1.1').style.display = 'none' " >
           [x]</a>
        </div>
        <pre>
        
ft1.1: tempest.scenario.test_network_v6.TestGettingAddress.test_dhcp6_stateless_from_os[compute,id-d7e1f858-187c-45a6-89c9-bdafde619a9f,network,slow]_StringException: Empty attachments:
  stderr
  stdout

pythonlogging:'': {{{
2016-02-23 05:43:13,815 27606 INFO     [tempest_lib.common.rest_client] Request (TestGettingAddress:setUp): 200 POST http://10.4.1.3:8774/v2.1/db765014f68d422cb9cd8dbc3d457f02/os-keypairs 0.592s
2016-02-23 05:43:13,815 27606 DEBUG    [tempest_lib.common.rest_client] Request - Headers: {'Content-Type': 'application/json', 'Accept': 'application/json', 'X-Auth-Token': '&lt;omitted&gt;'}
        Body: {"keypair": {"name": "tempest-TestGettingAddress-1581838718"}}
    Response - Headers: {'status': '200', 'content-length': '2320', 'x-compute-request-id': 'req-75467968-43ad-4112-a041-42df51466a46', 'vary': 'X-OpenStack-Nova-API-Version', 'connection': 'close', 'x-openstack-nova-api-version': '2.1', 'date': 'Tue, 23 Feb 2016 05:43:13 GMT', 'content-type': 'application/json'}
        Body: {"keypair": {"public_key": "ssh-rsa AAAAB3NzaC1yc2EAAAADAQABAAABAQDCY0x5vI3iFPhVTxe0gr5MBFwZxZwxmK03JsKlhY2FhBe+Pb0l3F2z0XviG/9D+NRK1uIQZ5HPwyngtFsVEW4Rj5aSbUXKHEm3zl9fqsOX+gBbXcSmjs2ctHZc/fOPwuJr+CpvomDCCd3TYIRSo+Fyow2vhu0AdjDlzizVTYwWOn/93uxe7NBD6XtZ7luRUEjFookj6e9W+yP2hbuklVqbQyGsvosaPbqQZqCgtUrmAYG95XT3eQAJYk1/wvo63KNj9g5tN89spC19s3pp5MTg2B/MySFO4nXxu4mvzK3c990q2Evk60yNzAdr9Cr7hEeSxUiq3JVfU3RASL0S74VR Generated-by-Nova", "private_key": "-----BEGIN RSA PRIVATE KEY-----\nMIIEpwIBAAKCAQEAwmNMebyN4hT4VU8XtIK+TARcGcWcMZitNybCpYWNhYQXvj29\nJdxds9F74hv/Q/jUStbiEGeRz8Mp4LRbFRFuEY+Wkm1FyhxJt85fX6rDl/oAW13E\npo7NnLR2XP3zj8Lia/gqb6Jgwgnd02CEUqPhcqMNr4btAHYw5c4s1U2MFjp//d7s\nXuzQQ+l7We5bkVBIxaKJI+nvVvsj9oW7pJVam0MhrL6LGj26kGagoLVK5gGBveV0\n93kACWJNf8L6OtyjY/YObTfPbKQtfbN6aeTE4NgfzMkhTuJ18buJr8yt3PfdKthL\n5OtMjcwHa/Qq+4RHksVIqtyVX1N0QEi9Eu+FUQIDAQABAoIBAA7xbzmUgxu0HPsB\n34Ki4loZo7LffAhcAkTRF/l9cMmow+J+AIJelF10Zx+Uo2ToRfmS10IHlC/ygs+h\nTbcq5dk3vo13FPxafFhC5xYFnI+cSla7uJhNNgUr4kV3yDdu9dTy+OAoDWQdOg47\nxzBLJNOZMT4jEykL7OpdlRi4o2I57o5EpxZO1q+Uqkcbj0MQ1tdIbZ+40MV5vCz7\n9PKzu+oW4gIkfzCTA0qgM/mPSaadrs0lZeJmL34chs/BYXt7OaF6VTi+mDcqajF8\njQFfxLX3F9r6l4HqVlIsaMLptycbGAiByh0GuwmqZhbHvZBUO76KpvALQi2IWOmh\nZ4uKZAECggCBAMlGtMaTl/wGrXxtwk+2+m8rccNikXa1SC6dQ8RE/dY6lr1+WnDy\nCjYO/7ypul5eZbBQeCkLDm3NzfNnKIvsZ1RBCNkRypnCitb4r9gpEJNrdmRvN97Q\ncgkHGvbW6XQ4BO3pjakFCyKheP0ycPhZpx9WdIdoi61+bi20ogSNI8ehAoIAgQD3\nPSZrkEobj3vtQDnzVC6GXPI5tGqjMuYySee5ct3P5VvLsArOL9Ah8e3sT28F1wOC\nA59YvSfos+fXy49KY1uKc4TnJpbuB3Z2IXuhi7BqfDNmGKQjRLj5vxfwRwcYrN0G\n2loNVryxRWD5s3lsjnacdU7zu4w+utw1RRsGUkYfsQKCAIBB635Zaw1j5Wv8TJZP\nNUZgEoJ301iA4G57ldYT+eSIvTeRaEiGpT7i5ZasW4pGTfRQAorYJl7bZ4QEK80D\nxrEwzvvu2/zWzvhZ36j3yrs7DP8Bdct+lhZDDqiuH0TmY1J5+PwEVzqGZQwTIOoO\n7I3nnZEcqAjXEYlUPsyxYOhPAQKCAIBi8gISQiimZwH9rRqEG0iTVVdLaLzUm2Ys\n8g7e1O2Yaf4WwllQsynkq+HAFPolqCsrOS/oX6s9IeLDJiAucR0Nh7XEnFkC4dGy\n7SuBN1pfA12+mlX2F2a/7I40Bvj8ExJRz8kCVZgmidGJnR4XJ9yoOPpj6Mbzw+yl\nFQb/vKV7wQKCAIBqGwXd04lOIgulhcb0//UKfIZiQsrnEQUboCW1qaizTC6x5FVi\nqUVER3XkqfmiY8khNUkwv0BI5Hk2av1J8XaYwMXMB5Ie9GLtwJlHlJr9qUr70zcb\nsE18jPCwgjYDxNsNL+5dUfX+JqLADdkKKZt9Z7bC7VVbLsMOXHFk7gP7fw==\n-----END RSA PRIVATE KEY-----\n", "user_id": "d741673babba4cac94f74d81fee80bb1", "name": "tempest-TestGettingAddress-1581838718", "fingerprint": "7f:2f:5b:00:07:9b:4f:e8:5a:cf:74:ec:cb:6a:f8:55"}}
2016-02-23 05:43:14,169 27606 INFO     [tempest_lib.common.rest_client] Request (TestGettingAddress:setUp): 201 POST http://10.4.1.3:9696/v2.0/security-groups 0.350s
2016-02-23 05:43:14,170 27606 DEBUG    [tempest_lib.common.rest_client] Request - Headers: {'Content-Type': 'application/json', 'Accept': 'application/json', 'X-Auth-Token': '&lt;omitted&gt;'}
        Body: {"security_group": {"tenant_id": "db765014f68d422cb9cd8dbc3d457f02", "description": "tempest-secgroup-smoke-646409163 description", "name": "tempest-secgroup-smoke-646409163"}}
    Response - Headers: {'status': '201', 'content-length': '886', 'connection': 'close', 'date': 'Tue, 23 Feb 2016 05:43:14 GMT', 'content-type': 'application/json; charset=UTF-8', 'x-openstack-request-id': 'req-8876c2dc-74be-49ad-a73f-a42fc6028f1d'}
        Body: {"security_group": {"tenant_id": "db765014f68d422cb9cd8dbc3d457f02", "description": "tempest-secgroup-smoke-646409163 description", "id": "78e95b0d-ce27-4907-bb6b-2a355bf70389", "security_group_rules": [{"remote_group_id": null, "direction": "egress", "remote_ip_prefix": null, "protocol": null, "ethertype": "IPv4", "tenant_id": "db765014f68d422cb9cd8dbc3d457f02", "port_range_max": null, "port_range_min": null, "id": "985534ba-fc0f-4da5-aff3-b5561ae3c34b", "security_group_id": "78e95b0d-ce27-4907-bb6b-2a355bf70389"}, {"remote_group_id": null, "direction": "egress", "remote_ip_prefix": null, "protocol": null, "ethertype": "IPv6", "tenant_id": "db765014f68d422cb9cd8dbc3d457f02", "port_range_max": null, "port_range_min": null, "id": "5400f77a-8e3b-4215-ae0d-c16a8e6b74b9", "security_group_id": "78e95b0d-ce27-4907-bb6b-2a355bf70389"}], "name": "tempest-secgroup-smoke-646409163"}}
2016-02-23 05:43:14,466 27606 INFO     [tempest_lib.common.rest_client] Request (TestGettingAddress:setUp): 201 POST http://10.4.1.3:9696/v2.0/security-group-rules 0.295s
2016-02-23 05:43:14,467 27606 DEBUG    [tempest_lib.common.rest_client] Request - Headers: {'Content-Type': 'application/json', 'Accept': 'application/json', 'X-Auth-Token': '&lt;omitted&gt;'}
        Body: {"security_group_rule": {"direction": "ingress", "protocol": "tcp", "tenant_id": "db765014f68d422cb9cd8dbc3d457f02", "port_range_max": 22, "security_group_id": "78e95b0d-ce27-4907-bb6b-2a355bf70389", "port_range_min": 22}}
    Response - Headers: {'status': '201', 'content-length': '340', 'connection': 'close', 'date': 'Tue, 23 Feb 2016 05:43:14 GMT', 'content-type': 'application/json; charset=UTF-8', 'x-openstack-request-id': 'req-c828613d-3464-4898-9f4b-b4a1ca2f3479'}
        Body: {"security_group_rule": {"remote_group_id": null, "direction": "ingress", "remote_ip_prefix": null, "protocol": "tcp", "ethertype": "IPv4", "tenant_id": "db765014f68d422cb9cd8dbc3d457f02", "port_range_max": 22, "port_range_min": 22, "id": "aa46bbaf-cfa0-4127-be13-94e5f0c6141d", "security_group_id": "78e95b0d-ce27-4907-bb6b-2a355bf70389"}}
2016-02-23 05:43:14,799 27606 INFO     [tempest_lib.common.rest_client] Request (TestGettingAddress:setUp): 201 POST http://10.4.1.3:9696/v2.0/security-group-rules 0.331s
2016-02-23 05:43:14,800 27606 DEBUG    [tempest_lib.common.rest_client] Request - Headers: {'Content-Type': 'application/json', 'Accept': 'application/json', 'X-Auth-Token': '&lt;omitted&gt;'}
        Body: {"security_group_rule": {"direction": "egress", "protocol": "tcp", "tenant_id": "db765014f68d422cb9cd8dbc3d457f02", "port_range_max": 22, "security_group_id": "78e95b0d-ce27-4907-bb6b-2a355bf70389", "port_range_min": 22}}
    Response - Headers: {'status': '201', 'content-length': '339', 'connection': 'close', 'date': 'Tue, 23 Feb 2016 05:43:14 GMT', 'content-type': 'application/json; charset=UTF-8', 'x-openstack-request-id': 'req-1c8c8a03-e73c-45fd-bbc8-96724dae7839'}
        Body: {"security_group_rule": {"remote_group_id": null, "direction": "egress", "remote_ip_prefix": null, "protocol": "tcp", "ethertype": "IPv4", "tenant_id": "db765014f68d422cb9cd8dbc3d457f02", "port_range_max": 22, "port_range_min": 22, "id": "75f81c89-41cb-42c7-8720-8e84b8734045", "security_group_id": "78e95b0d-ce27-4907-bb6b-2a355bf70389"}}
2016-02-23 05:43:15,100 27606 INFO     [tempest_lib.common.rest_client] Request (TestGettingAddress:setUp): 201 POST http://10.4.1.3:9696/v2.0/security-group-rules 0.299s
2016-02-23 05:43:15,101 27606 DEBUG    [tempest_lib.common.rest_client] Request - Headers: {'Content-Type': 'application/json', 'Accept': 'application/json', 'X-Auth-Token': '&lt;omitted&gt;'}
        Body: {"security_group_rule": {"tenant_id": "db765014f68d422cb9cd8dbc3d457f02", "direction": "ingress", "protocol": "icmp", "security_group_id": "78e95b0d-ce27-4907-bb6b-2a355bf70389"}}
    Response - Headers: {'status': '201', 'content-length': '345', 'connection': 'close', 'date': 'Tue, 23 Feb 2016 05:43:15 GMT', 'content-type': 'application/json; charset=UTF-8', 'x-openstack-request-id': 'req-cf319b47-5bda-41e8-ad5e-666dab6373ec'}
        Body: {"security_group_rule": {"remote_group_id": null, "direction": "ingress", "remote_ip_prefix": null, "protocol": "icmp", "ethertype": "IPv4", "tenant_id": "db765014f68d422cb9cd8dbc3d457f02", "port_range_max": null, "port_range_min": null, "id": "7682f50c-ac56-4244-a15d-ed8c46286932", "security_group_id": "78e95b0d-ce27-4907-bb6b-2a355bf70389"}}
2016-02-23 05:43:15,433 27606 INFO     [tempest_lib.common.rest_client] Request (TestGettingAddress:setUp): 201 POST http://10.4.1.3:9696/v2.0/security-group-rules 0.331s
2016-02-23 05:43:15,435 27606 DEBUG    [tempest_lib.common.rest_client] Request - Headers: {'Content-Type': 'application/json', 'Accept': 'application/json', 'X-Auth-Token': '&lt;omitted&gt;'}
        Body: {"security_group_rule": {"tenant_id": "db765014f68d422cb9cd8dbc3d457f02", "direction": "egress", "protocol": "icmp", "security_group_id": "78e95b0d-ce27-4907-bb6b-2a355bf70389"}}
    Response - Headers: {'status': '201', 'content-length': '344', 'connection': 'close', 'date': 'Tue, 23 Feb 2016 05:43:15 GMT', 'content-type': 'application/json; charset=UTF-8', 'x-openstack-request-id': 'req-4a845926-066e-443c-995b-652ab8fb05b2'}
        Body: {"security_group_rule": {"remote_group_id": null, "direction": "egress", "remote_ip_prefix": null, "protocol": "icmp", "ethertype": "IPv4", "tenant_id": "db765014f68d422cb9cd8dbc3d457f02", "port_range_max": null, "port_range_min": null, "id": "5373a334-495e-409e-aa7e-df216ed779d6", "security_group_id": "78e95b0d-ce27-4907-bb6b-2a355bf70389"}}
2016-02-23 05:43:15,755 27606 INFO     [tempest_lib.common.rest_client] Request (TestGettingAddress:setUp): 201 POST http://10.4.1.3:9696/v2.0/security-group-rules 0.318s
2016-02-23 05:43:15,756 27606 DEBUG    [tempest_lib.common.rest_client] Request - Headers: {'Content-Type': 'application/json', 'Accept': 'application/json', 'X-Auth-Token': '&lt;omitted&gt;'}
        Body: {"security_group_rule": {"tenant_id": "db765014f68d422cb9cd8dbc3d457f02", "direction": "ingress", "security_group_id": "78e95b0d-ce27-4907-bb6b-2a355bf70389", "protocol": "icmp", "ethertype": "IPv6"}}
    Response - Headers: {'status': '201', 'content-length': '345', 'connection': 'close', 'date': 'Tue, 23 Feb 2016 05:43:15 GMT', 'content-type': 'application/json; charset=UTF-8', 'x-openstack-request-id': 'req-86b5b79c-cb69-4835-9013-17a54620c008'}
        Body: {"security_group_rule": {"remote_group_id": null, "direction": "ingress", "remote_ip_prefix": null, "protocol": "icmp", "ethertype": "IPv6", "tenant_id": "db765014f68d422cb9cd8dbc3d457f02", "port_range_max": null, "port_range_min": null, "id": "bd4143b0-31ab-494b-9ccc-5f04ea266a22", "security_group_id": "78e95b0d-ce27-4907-bb6b-2a355bf70389"}}
2016-02-23 05:43:16,090 27606 INFO     [tempest_lib.common.rest_client] Request (TestGettingAddress:setUp): 201 POST http://10.4.1.3:9696/v2.0/security-group-rules 0.332s
2016-02-23 05:43:16,090 27606 DEBUG    [tempest_lib.common.rest_client] Request - Headers: {'Content-Type': 'application/json', 'Accept': 'application/json', 'X-Auth-Token': '&lt;omitted&gt;'}
        Body: {"security_group_rule": {"tenant_id": "db765014f68d422cb9cd8dbc3d457f02", "direction": "egress", "security_group_id": "78e95b0d-ce27-4907-bb6b-2a355bf70389", "protocol": "icmp", "ethertype": "IPv6"}}
    Response - Headers: {'status': '201', 'content-length': '344', 'connection': 'close', 'date': 'Tue, 23 Feb 2016 05:43:16 GMT', 'content-type': 'application/json; charset=UTF-8', 'x-openstack-request-id': 'req-28907318-6d63-4b60-8294-0d312f144670'}
        Body: {"security_group_rule": {"remote_group_id": null, "direction": "egress", "remote_ip_prefix": null, "protocol": "icmp", "ethertype": "IPv6", "tenant_id": "db765014f68d422cb9cd8dbc3d457f02", "port_range_max": null, "port_range_min": null, "id": "5234f9ad-64c5-477a-b5d1-5a034d0feb1c", "security_group_id": "78e95b0d-ce27-4907-bb6b-2a355bf70389"}}
2016-02-23 05:43:16,643 27606 INFO     [tempest_lib.common.rest_client] Request (TestGettingAddress:test_dhcp6_stateless_from_os): 201 POST http://10.4.1.3:9696/v2.0/networks 0.552s
2016-02-23 05:43:16,644 27606 DEBUG    [tempest_lib.common.rest_client] Request - Headers: {'Content-Type': 'application/json', 'Accept': 'application/json', 'X-Auth-Token': '&lt;omitted&gt;'}
        Body: {"network": {"tenant_id": "db765014f68d422cb9cd8dbc3d457f02", "name": "tempest-network-smoke--660632274"}}
    Response - Headers: {'status': '201', 'content-length': '355', 'connection': 'close', 'date': 'Tue, 23 Feb 2016 05:43:16 GMT', 'content-type': 'application/json; charset=UTF-8', 'x-openstack-request-id': 'req-06786fbc-24e2-493a-b201-6997c635f1da'}
        Body: {"network": {"status": "ACTIVE", "subnets": [], "availability_zone_hints": [], "availability_zones": [], "name": "tempest-network-smoke--660632274", "admin_state_up": true, "tenant_id": "db765014f68d422cb9cd8dbc3d457f02", "mtu": 1450, "router:external": false, "shared": false, "port_security_enabled": true, "id": "4746b349-b60b-48a6-b7b7-f1c5c8f34008"}}
2016-02-23 05:43:16,911 27606 INFO     [tempest_lib.common.rest_client] Request (TestGettingAddress:test_dhcp6_stateless_from_os): 200 GET http://10.4.1.3:9696/v2.0/subnets?tenant_id=db765014f68d422cb9cd8dbc3d457f02&amp;cidr=10.100.0.0%2F28 0.265s
2016-02-23 05:43:16,911 27606 DEBUG    [tempest_lib.common.rest_client] Request - Headers: {'Content-Type': 'application/json', 'Accept': 'application/json', 'X-Auth-Token': '&lt;omitted&gt;'}
        Body: None
    Response - Headers: {'status': '200', 'content-length': '15', 'content-location': 'http://10.4.1.3:9696/v2.0/subnets?tenant_id=db765014f68d422cb9cd8dbc3d457f02&amp;cidr=10.100.0.0%2F28', 'connection': 'close', 'date': 'Tue, 23 Feb 2016 05:43:16 GMT', 'content-type': 'application/json; charset=UTF-8', 'x-openstack-request-id': 'req-6f937296-a96a-4757-9753-3de219e5dfc2'}
        Body: {"subnets": []}
2016-02-23 05:43:17,474 27606 INFO     [tempest_lib.common.rest_client] Request (TestGettingAddress:test_dhcp6_stateless_from_os): 201 POST http://10.4.1.3:9696/v2.0/subnets 0.561s
2016-02-23 05:43:17,475 27606 DEBUG    [tempest_lib.common.rest_client] Request - Headers: {'Content-Type': 'application/json', 'Accept': 'application/json', 'X-Auth-Token': '&lt;omitted&gt;'}
        Body: {"subnet": {"ip_version": 4, "tenant_id": "db765014f68d422cb9cd8dbc3d457f02", "cidr": "10.100.0.0/28", "network_id": "4746b349-b60b-48a6-b7b7-f1c5c8f34008", "name": "tempest-sub4-1065706791"}}
    Response - Headers: {'status': '201', 'content-length': '470', 'connection': 'close', 'date': 'Tue, 23 Feb 2016 05:43:17 GMT', 'content-type': 'application/json; charset=UTF-8', 'x-openstack-request-id': 'req-46413d9e-777a-4595-8a08-f7781f08eb5e'}
        Body: {"subnet": {"name": "tempest-sub4-1065706791", "enable_dhcp": true, "network_id": "4746b349-b60b-48a6-b7b7-f1c5c8f34008", "tenant_id": "db765014f68d422cb9cd8dbc3d457f02", "dns_nameservers": [], "gateway_ip": "10.100.0.1", "ipv6_ra_mode": null, "allocation_pools": [{"start": "10.100.0.2", "end": "10.100.0.14"}], "host_routes": [], "ip_version": 4, "ipv6_address_mode": null, "cidr": "10.100.0.0/28", "id": "dcce6e74-1fcf-4a3f-b9d5-9e2c1cd095ef", "subnetpool_id": null}}
2016-02-23 05:43:17,723 27606 INFO     [tempest_lib.common.rest_client] Request (TestGettingAddress:test_dhcp6_stateless_from_os): 201 POST http://10.4.1.3:9696/v2.0/routers 0.247s
2016-02-23 05:43:17,724 27606 DEBUG    [tempest_lib.common.rest_client] Request - Headers: {'Content-Type': 'application/json', 'Accept': 'application/json', 'X-Auth-Token': '&lt;omitted&gt;'}
        Body: {"router": {"tenant_id": "db765014f68d422cb9cd8dbc3d457f02", "name": "tempest-router-smoke-510837893", "admin_state_up": true}}
    Response - Headers: {'status': '201', 'content-length': '238', 'connection': 'close', 'date': 'Tue, 23 Feb 2016 05:43:17 GMT', 'content-type': 'application/json; charset=UTF-8', 'x-openstack-request-id': 'req-1b5f12bb-2e2a-49c9-90fc-ffebad1a5574'}
        Body: {"router": {"status": "ACTIVE", "external_gateway_info": null, "name": "tempest-router-smoke-510837893", "admin_state_up": true, "tenant_id": "db765014f68d422cb9cd8dbc3d457f02", "routes": [], "id": "ce4046f9-ecbc-40c5-b2cb-4c755fde76dc"}}
2016-02-23 05:43:17,977 27606 INFO     [tempest_lib.common.rest_client] Request (TestGettingAddress:test_dhcp6_stateless_from_os): 200 GET http://10.4.1.3:9696/v2.0/routers/ce4046f9-ecbc-40c5-b2cb-4c755fde76dc 0.252s
2016-02-23 05:43:17,977 27606 DEBUG    [tempest_lib.common.rest_client] Request - Headers: {'Content-Type': 'application/json', 'Accept': 'application/json', 'X-Auth-Token': '&lt;omitted&gt;'}
        Body: None
    Response - Headers: {'status': '200', 'content-length': '238', 'content-location': 'http://10.4.1.3:9696/v2.0/routers/ce4046f9-ecbc-40c5-b2cb-4c755fde76dc', 'connection': 'close', 'date': 'Tue, 23 Feb 2016 05:43:17 GMT', 'content-type': 'application/json; charset=UTF-8', 'x-openstack-request-id': 'req-2b2f949b-fd4d-46b8-abf9-213a2969ff4f'}
        Body: {"router": {"status": "ACTIVE", "external_gateway_info": null, "name": "tempest-router-smoke-510837893", "admin_state_up": true, "tenant_id": "db765014f68d422cb9cd8dbc3d457f02", "routes": [], "id": "ce4046f9-ecbc-40c5-b2cb-4c755fde76dc"}}
2016-02-23 05:43:18,807 27606 INFO     [tempest_lib.common.rest_client] Request (TestGettingAddress:test_dhcp6_stateless_from_os): 200 PUT http://10.4.1.3:9696/v2.0/routers/ce4046f9-ecbc-40c5-b2cb-4c755fde76dc 0.829s
2016-02-23 05:43:18,807 27606 DEBUG    [tempest_lib.common.rest_client] Request - Headers: {'Content-Type': 'application/json', 'Accept': 'application/json', 'X-Auth-Token': '&lt;omitted&gt;'}
        Body: {"router": {"external_gateway_info": {"network_id": "afe151c2-8191-47aa-a638-eb8eb99237a5"}, "name": "tempest-router-smoke-510837893", "admin_state_up": true}}
    Response - Headers: {'status': '200', 'content-length': '500', 'connection': 'close', 'date': 'Tue, 23 Feb 2016 05:43:18 GMT', 'content-type': 'application/json; charset=UTF-8', 'x-openstack-request-id': 'req-580d2b72-9f66-45a5-be91-80974a2d3d5a'}
        Body: {"router": {"status": "ACTIVE", "external_gateway_info": {"network_id": "afe151c2-8191-47aa-a638-eb8eb99237a5", "enable_snat": true, "external_fixed_ips": [{"subnet_id": "2f05559c-4a0b-477a-ab4a-7e9c5cba1845", "ip_address": "172.24.4.3"}, {"subnet_id": "d293a12c-25ba-4f34-844e-1be3ed7acf19", "ip_address": "2001:db8::3"}]}, "name": "tempest-router-smoke-510837893", "admin_state_up": true, "tenant_id": "db765014f68d422cb9cd8dbc3d457f02", "routes": [], "id": "ce4046f9-ecbc-40c5-b2cb-4c755fde76dc"}}
2016-02-23 05:43:19,646 27606 INFO     [tempest_lib.common.rest_client] Request (TestGettingAddress:test_dhcp6_stateless_from_os): 200 PUT http://10.4.1.3:9696/v2.0/routers/ce4046f9-ecbc-40c5-b2cb-4c755fde76dc/add_router_interface 0.837s
2016-02-23 05:43:19,647 27606 DEBUG    [tempest_lib.common.rest_client] Request - Headers: {'Content-Type': 'application/json', 'Accept': 'application/json', 'X-Auth-Token': '&lt;omitted&gt;'}
        Body: {"subnet_id": "dcce6e74-1fcf-4a3f-b9d5-9e2c1cd095ef"}
    Response - Headers: {'status': '200', 'content-length': '309', 'connection': 'close', 'date': 'Tue, 23 Feb 2016 05:43:19 GMT', 'content-type': 'application/json; charset=UTF-8', 'x-openstack-request-id': 'req-5bec4fb0-c9ba-46be-ac1b-a4353b711e6c'}
        Body: {"network_id": "4746b349-b60b-48a6-b7b7-f1c5c8f34008", "tenant_id": "db765014f68d422cb9cd8dbc3d457f02", "subnet_id": "dcce6e74-1fcf-4a3f-b9d5-9e2c1cd095ef", "subnet_ids": ["dcce6e74-1fcf-4a3f-b9d5-9e2c1cd095ef"], "port_id": "8b2c4622-675a-4bc8-84db-8bf985449092", "id": "ce4046f9-ecbc-40c5-b2cb-4c755fde76dc"}
2016-02-23 05:43:19,919 27606 INFO     [tempest_lib.common.rest_client] Request (TestGettingAddress:test_dhcp6_stateless_from_os): 200 GET http://10.4.1.3:9696/v2.0/subnets?tenant_id=db765014f68d422cb9cd8dbc3d457f02&amp;cidr=2003%3A%3A%2F64 0.270s
2016-02-23 05:43:19,920 27606 DEBUG    [tempest_lib.common.rest_client] Request - Headers: {'Content-Type': 'application/json', 'Accept': 'application/json', 'X-Auth-Token': '&lt;omitted&gt;'}
        Body: None
    Response - Headers: {'status': '200', 'content-length': '15', 'content-location': 'http://10.4.1.3:9696/v2.0/subnets?tenant_id=db765014f68d422cb9cd8dbc3d457f02&amp;cidr=2003%3A%3A%2F64', 'connection': 'close', 'date': 'Tue, 23 Feb 2016 05:43:19 GMT', 'content-type': 'application/json; charset=UTF-8', 'x-openstack-request-id': 'req-8b8156a4-dcd9-444a-9282-c5459bb8ab19'}
        Body: {"subnets": []}
2016-02-23 05:43:21,089 27606 INFO     [tempest_lib.common.rest_client] Request (TestGettingAddress:test_dhcp6_stateless_from_os): 201 POST http://10.4.1.3:9696/v2.0/subnets 1.168s
2016-02-23 05:43:21,089 27606 DEBUG    [tempest_lib.common.rest_client] Request - Headers: {'Content-Type': 'application/json', 'Accept': 'application/json', 'X-Auth-Token': '&lt;omitted&gt;'}
        Body: {"subnet": {"name": "tempest-sub6-2145225911", "network_id": "4746b349-b60b-48a6-b7b7-f1c5c8f34008", "tenant_id": "db765014f68d422cb9cd8dbc3d457f02", "ipv6_ra_mode": "dhcpv6-stateless", "ip_version": 6, "ipv6_address_mode": "dhcpv6-stateless", "cidr": "2003::/64"}}
    Response - Headers: {'status': '201', 'content-length': '502', 'connection': 'close', 'date': 'Tue, 23 Feb 2016 05:43:21 GMT', 'content-type': 'application/json; charset=UTF-8', 'x-openstack-request-id': 'req-a1b1131f-b58c-4c72-acc5-ea2d23bff144'}
        Body: {"subnet": {"name": "tempest-sub6-2145225911", "enable_dhcp": true, "network_id": "4746b349-b60b-48a6-b7b7-f1c5c8f34008", "tenant_id": "db765014f68d422cb9cd8dbc3d457f02", "dns_nameservers": [], "gateway_ip": "2003::1", "ipv6_ra_mode": "dhcpv6-stateless", "allocation_pools": [{"start": "2003::2", "end": "2003::ffff:ffff:ffff:ffff"}], "host_routes": [], "ip_version": 6, "ipv6_address_mode": "dhcpv6-stateless", "cidr": "2003::/64", "id": "9afd2e23-ae8f-41b0-afc1-e17ce7d6da80", "subnetpool_id": null}}
2016-02-23 05:43:22,001 27606 INFO     [tempest_lib.common.rest_client] Request (TestGettingAddress:test_dhcp6_stateless_from_os): 200 PUT http://10.4.1.3:9696/v2.0/routers/ce4046f9-ecbc-40c5-b2cb-4c755fde76dc/add_router_interface 0.911s
2016-02-23 05:43:22,002 27606 DEBUG    [tempest_lib.common.rest_client] Request - Headers: {'Content-Type': 'application/json', 'Accept': 'application/json', 'X-Auth-Token': '&lt;omitted&gt;'}
        Body: {"subnet_id": "9afd2e23-ae8f-41b0-afc1-e17ce7d6da80"}
    Response - Headers: {'status': '200', 'content-length': '309', 'connection': 'close', 'date': 'Tue, 23 Feb 2016 05:43:22 GMT', 'content-type': 'application/json; charset=UTF-8', 'x-openstack-request-id': 'req-14372b9e-636e-4905-9f3f-e053109d003f'}
        Body: {"network_id": "4746b349-b60b-48a6-b7b7-f1c5c8f34008", "tenant_id": "db765014f68d422cb9cd8dbc3d457f02", "subnet_id": "9afd2e23-ae8f-41b0-afc1-e17ce7d6da80", "subnet_ids": ["9afd2e23-ae8f-41b0-afc1-e17ce7d6da80"], "port_id": "e4724c12-298b-4066-ae54-7161b8e15684", "id": "ce4046f9-ecbc-40c5-b2cb-4c755fde76dc"}
2016-02-23 05:43:22,175 27606 INFO     [tempest_lib.common.rest_client] Request (TestGettingAddress:test_dhcp6_stateless_from_os): 200 POST http://10.4.1.3:5000/v2.0/tokens
2016-02-23 05:43:22,176 27606 DEBUG    [tempest_lib.common.rest_client] Request - Headers: {'Content-Type': 'application/json', 'Accept': 'application/json'}
        Body: &lt;omitted&gt;
    Response - Headers: {'status': '200', 'content-length': '2254', 'vary': 'X-Auth-Token', 'server': 'Apache/2.4.7 (Ubuntu)', 'connection': 'close', 'date': 'Tue, 23 Feb 2016 05:43:22 GMT', 'content-type': 'application/json', 'x-openstack-request-id': 'req-c82c2715-5a2f-4a03-b0cb-00dbf70e6689'}
        Body: {"access": {"token": {"issued_at": "2016-02-23T05:43:22.159805", "expires": "2016-02-23T06:43:22Z", "id": "de0a560b09654fb190c295904e01cc6c", "tenant": {"description": "tempest-TestGettingAddress-123715322-desc", "enabled": true, "id": "db765014f68d422cb9cd8dbc3d457f02", "name": "tempest-TestGettingAddress-123715322"}, "audit_ids": ["dRr-CxdkQyKiHRVuXDtLjw"]}, "serviceCatalog": [{"endpoints": [{"adminURL": "http://10.4.1.3:9292", "region": "RegionOne", "internalURL": "http://10.4.1.3:9292", "id": "74ef775abe36416884ceffd7d6addcad", "publicURL": "http://10.4.1.3:9292"}], "endpoints_links": [], "type": "image", "name": "glance"}, {"endpoints": [{"adminURL": "http://10.4.1.3:8774/v2.1/db765014f68d422cb9cd8dbc3d457f02", "region": "RegionOne", "internalURL": "http://10.4.1.3:8774/v2.1/db765014f68d422cb9cd8dbc3d457f02", "id": "1e2d8253de5d45cca1cc42a17efd8fed", "publicURL": "http://10.4.1.3:8774/v2.1/db765014f68d422cb9cd8dbc3d457f02"}], "endpoints_links": [], "type": "compute", "name": "nova"}, {"endpoints": [{"adminURL": "http://10.4.1.3:9696/", "region": "RegionOne", "internalURL": "http://10.4.1.3:9696/", "id": "24bedc6efc46472ea206bafe8849d37d", "publicURL": "http://10.4.1.3:9696/"}], "endpoints_links": [], "type": "network", "name": "neutron"}, {"endpoints": [{"adminURL": "http://10.4.1.3:35357/v2.0", "region": "RegionOne", "internalURL": "http://10.4.1.3:5000/v2.0", "id": "2a0114b79bab41c394e969c0f6ad2031", "publicURL": "http://10.4.1.3:5000/v2.0"}], "endpoints_links": [], "type": "identity", "name": "keystone"}, {"endpoints": [{"adminURL": "http://10.4.1.3:8774/v2/db765014f68d422cb9cd8dbc3d457f02", "region": "RegionOne", "internalURL": "http://10.4.1.3:8774/v2/db765014f68d422cb9cd8dbc3d457f02", "id": "8fdc1dee91a241db91806567e6603bc2", "publicURL": "http://10.4.1.3:8774/v2/db765014f68d422cb9cd8dbc3d457f02"}], "endpoints_links": [], "type": "compute_legacy", "name": "nova_legacy"}], "user": {"username": "tempest-TestGettingAddress-1231202865", "roles_links": [], "id": "d741673babba4cac94f74d81fee80bb1", "roles": [{"name": "_member_"}, {"name": "Member"}], "name": "tempest-TestGettingAddress-1231202865"}, "metadata": {"is_admin": 0, "roles": ["9fe2ff9ee4384b1894a90878d3e92bab", "d452589d13d3441c8d02c751922183bd"]}}}
2016-02-23 05:43:22,181 27606 DEBUG    [tempest.common.fixed_network] (TestGettingAddress:test_dhcp6_stateless_from_os) No valid network provided or created, defaulting to fixed_network_name
2016-02-23 05:43:22,666 27606 INFO     [tempest_lib.common.rest_client] Request (TestGettingAddress:test_dhcp6_stateless_from_os): 200 GET http://10.4.1.3:8774/v2.1/db765014f68d422cb9cd8dbc3d457f02/os-networks 0.484s
2016-02-23 05:43:22,667 27606 DEBUG    [tempest_lib.common.rest_client] Request - Headers: {'Content-Type': 'application/json', 'Accept': 'application/json', 'X-Auth-Token': '&lt;omitted&gt;'}
        Body: None
    Response - Headers: {'status': '200', 'content-length': '478', 'content-location': 'http://10.4.1.3:8774/v2.1/db765014f68d422cb9cd8dbc3d457f02/os-networks', 'x-compute-request-id': 'req-d7ca64e2-3ee0-47fc-93db-32637691e3e2', 'vary': 'X-OpenStack-Nova-API-Version', 'connection': 'close', 'x-openstack-nova-api-version': '2.1', 'date': 'Tue, 23 Feb 2016 05:43:22 GMT', 'content-type': 'application/json'}
        Body: {"networks": [{"cidr_v6": null, "dns2": null, "dns1": null, "gateway": null, "broadcast": null, "netmask": null, "gateway_v6": null, "cidr": null, "label": "public", "id": "afe151c2-8191-47aa-a638-eb8eb99237a5", "netmask_v6": null}, {"cidr_v6": null, "dns2": null, "dns1": null, "gateway": null, "broadcast": null, "netmask": null, "gateway_v6": null, "cidr": null, "label": "tempest-network-smoke--660632274", "id": "4746b349-b60b-48a6-b7b7-f1c5c8f34008", "netmask_v6": null}]}
2016-02-23 05:43:22,667 27606 WARNING  [tempest.common.fixed_network] (TestGettingAddress:test_dhcp6_stateless_from_os) Network with name: private not found
2016-02-23 05:43:22,668 27606 INFO     [tempest.common.fixed_network] (TestGettingAddress:test_dhcp6_stateless_from_os) Found network {} available for tenant
2016-02-23 05:43:25,735 27606 INFO     [tempest_lib.common.rest_client] Request (TestGettingAddress:test_dhcp6_stateless_from_os): 202 POST http://10.4.1.3:8774/v2.1/db765014f68d422cb9cd8dbc3d457f02/servers 3.065s
2016-02-23 05:43:25,736 27606 DEBUG    [tempest_lib.common.rest_client] Request - Headers: {'Content-Type': 'application/json', 'Accept': 'application/json', 'X-Auth-Token': '&lt;omitted&gt;'}
        Body: {"server": {"name": "tempest.common.compute-instance-1647955355", "imageRef": "35816c88-9606-4aad-af89-a65cd03824fc", "key_name": "tempest-TestGettingAddress-1581838718", "flavorRef": "42", "networks": [{"uuid": "4746b349-b60b-48a6-b7b7-f1c5c8f34008"}], "security_groups": [{"name": "tempest-secgroup-smoke-646409163"}]}}
    Response - Headers: {'status': '202', 'content-length': '459', 'x-compute-request-id': 'req-6a08eca1-2df0-4a26-8d05-c5ba2c4e1695', 'vary': 'X-OpenStack-Nova-API-Version', 'connection': 'close', 'location': 'http://10.4.1.3:8774/v2.1/db765014f68d422cb9cd8dbc3d457f02/servers/5d79c74e-57d0-42f6-999e-4cf2a5ddb977', 'x-openstack-nova-api-version': '2.1', 'date': 'Tue, 23 Feb 2016 05:43:25 GMT', 'content-type': 'application/json'}
        Body: {"server": {"security_groups": [{"name": "tempest-secgroup-smoke-646409163"}], "OS-DCF:diskConfig": "MANUAL", "id": "5d79c74e-57d0-42f6-999e-4cf2a5ddb977", "links": [{"href": "http://10.4.1.3:8774/v2.1/db765014f68d422cb9cd8dbc3d457f02/servers/5d79c74e-57d0-42f6-999e-4cf2a5ddb977", "rel": "self"}, {"href": "http://10.4.1.3:8774/db765014f68d422cb9cd8dbc3d457f02/servers/5d79c74e-57d0-42f6-999e-4cf2a5ddb977", "rel": "bookmark"}], "adminPass": "VRAhYJtJ6a9N"}}
2016-02-23 05:43:26,498 27606 INFO     [tempest_lib.common.rest_client] Request (TestGettingAddress:test_dhcp6_stateless_from_os): 200 GET http://10.4.1.3:8774/v2.1/db765014f68d422cb9cd8dbc3d457f02/servers/5d79c74e-57d0-42f6-999e-4cf2a5ddb977 0.758s
2016-02-23 05:43:26,499 27606 DEBUG    [tempest_lib.common.rest_client] Request - Headers: {'Content-Type': 'application/json', 'Accept': 'application/json', 'X-Auth-Token': '&lt;omitted&gt;'}
        Body: None
    Response - Headers: {'status': '200', 'content-length': '1351', 'content-location': 'http://10.4.1.3:8774/v2.1/db765014f68d422cb9cd8dbc3d457f02/servers/5d79c74e-57d0-42f6-999e-4cf2a5ddb977', 'x-compute-request-id': 'req-c840036b-a398-4bd8-8a7a-06815ce095f8', 'vary': 'X-OpenStack-Nova-API-Version', 'connection': 'close', 'x-openstack-nova-api-version': '2.1', 'date': 'Tue, 23 Feb 2016 05:43:26 GMT', 'content-type': 'application/json'}
        Body: {"server": {"status": "BUILD", "updated": "2016-02-23T05:43:26Z", "hostId": "", "addresses": {}, "links": [{"href": "http://10.4.1.3:8774/v2.1/db765014f68d422cb9cd8dbc3d457f02/servers/5d79c74e-57d0-42f6-999e-4cf2a5ddb977", "rel": "self"}, {"href": "http://10.4.1.3:8774/db765014f68d422cb9cd8dbc3d457f02/servers/5d79c74e-57d0-42f6-999e-4cf2a5ddb977", "rel": "bookmark"}], "key_name": "tempest-TestGettingAddress-1581838718", "image": {"id": "35816c88-9606-4aad-af89-a65cd03824fc", "links": [{"href": "http://10.4.1.3:8774/db765014f68d422cb9cd8dbc3d457f02/images/35816c88-9606-4aad-af89-a65cd03824fc", "rel": "bookmark"}]}, "OS-EXT-STS:task_state": "scheduling", "OS-EXT-STS:vm_state": "building", "OS-SRV-USG:launched_at": null, "flavor": {"id": "42", "links": [{"href": "http://10.4.1.3:8774/db765014f68d422cb9cd8dbc3d457f02/flavors/42", "rel": "bookmark"}]}, "id": "5d79c74e-57d0-42f6-999e-4cf2a5ddb977", "OS-SRV-USG:terminated_at": null, "OS-EXT-AZ:availability_zone": "", "user_id": "d741673babba4cac94f74d81fee80bb1", "name": "tempest.common.compute-instance-1647955355", "created": "2016-02-23T05:43:25Z", "tenant_id": "db765014f68d422cb9cd8dbc3d457f02", "OS-DCF:diskConfig": "MANUAL", "os-extended-volumes:volumes_attached": [], "accessIPv4": "", "accessIPv6": "", "progress": 0, "OS-EXT-STS:power_state": 0, "config_drive": "", "metadata": {}}}
2016-02-23 05:43:28,095 27606 INFO     [tempest_lib.common.rest_client] Request (TestGettingAddress:test_dhcp6_stateless_from_os): 200 GET http://10.4.1.3:8774/v2.1/db765014f68d422cb9cd8dbc3d457f02/servers/5d79c74e-57d0-42f6-999e-4cf2a5ddb977 0.586s
2016-02-23 05:43:28,095 27606 DEBUG    [tempest_lib.common.rest_client] Request - Headers: {'Content-Type': 'application/json', 'Accept': 'application/json', 'X-Auth-Token': '&lt;omitted&gt;'}
        Body: None
    Response - Headers: {'status': '200', 'content-length': '1409', 'content-location': 'http://10.4.1.3:8774/v2.1/db765014f68d422cb9cd8dbc3d457f02/servers/5d79c74e-57d0-42f6-999e-4cf2a5ddb977', 'x-compute-request-id': 'req-d16196c6-7821-48a0-a2eb-2b3453d9cad0', 'vary': 'X-OpenStack-Nova-API-Version', 'connection': 'close', 'x-openstack-nova-api-version': '2.1', 'date': 'Tue, 23 Feb 2016 05:43:28 GMT', 'content-type': 'application/json'}
        Body: {"server": {"status": "BUILD", "updated": "2016-02-23T05:43:27Z", "hostId": "d6213f52d88963503a565524846773baa7318ab6dd5bd1f46242fe2e", "addresses": {}, "links": [{"href": "http://10.4.1.3:8774/v2.1/db765014f68d422cb9cd8dbc3d457f02/servers/5d79c74e-57d0-42f6-999e-4cf2a5ddb977", "rel": "self"}, {"href": "http://10.4.1.3:8774/db765014f68d422cb9cd8dbc3d457f02/servers/5d79c74e-57d0-42f6-999e-4cf2a5ddb977", "rel": "bookmark"}], "key_name": "tempest-TestGettingAddress-1581838718", "image": {"id": "35816c88-9606-4aad-af89-a65cd03824fc", "links": [{"href": "http://10.4.1.3:8774/db765014f68d422cb9cd8dbc3d457f02/images/35816c88-9606-4aad-af89-a65cd03824fc", "rel": "bookmark"}]}, "OS-EXT-STS:task_state": "spawning", "OS-EXT-STS:vm_state": "building", "OS-SRV-USG:launched_at": null, "flavor": {"id": "42", "links": [{"href": "http://10.4.1.3:8774/db765014f68d422cb9cd8dbc3d457f02/flavors/42", "rel": "bookmark"}]}, "id": "5d79c74e-57d0-42f6-999e-4cf2a5ddb977", "OS-SRV-USG:terminated_at": null, "OS-EXT-AZ:availability_zone": "nova", "user_id": "d741673babba4cac94f74d81fee80bb1", "name": "tempest.common.compute-instance-1647955355", "created": "2016-02-23T05:43:25Z", "tenant_id": "db765014f68d422cb9cd8dbc3d457f02", "OS-DCF:diskConfig": "MANUAL", "os-extended-volumes:volumes_attached": [], "accessIPv4": "", "accessIPv6": "", "progress": 0, "OS-EXT-STS:power_state": 0, "config_drive": "", "metadata": {}}}
2016-02-23 05:43:28,104 27606 INFO     [tempest.common.waiters] State transition "BUILD/scheduling" ==&gt; "BUILD/spawning" after 2 second wait
2016-02-23 05:43:31,158 27606 INFO     [tempest_lib.common.rest_client] Request (TestGettingAddress:test_dhcp6_stateless_from_os): 200 GET http://10.4.1.3:8774/v2.1/db765014f68d422cb9cd8dbc3d457f02/servers/5d79c74e-57d0-42f6-999e-4cf2a5ddb977 2.052s
2016-02-23 05:43:31,159 27606 DEBUG    [tempest_lib.common.rest_client] Request - Headers: {'Content-Type': 'application/json', 'Accept': 'application/json', 'X-Auth-Token': '&lt;omitted&gt;'}
        Body: None
    Response - Headers: {'status': '200', 'content-length': '1476', 'content-location': 'http://10.4.1.3:8774/v2.1/db765014f68d422cb9cd8dbc3d457f02/servers/5d79c74e-57d0-42f6-999e-4cf2a5ddb977', 'x-compute-request-id': 'req-f8fb02bd-d841-4724-93c0-422e0d7fbb8e', 'vary': 'X-OpenStack-Nova-API-Version', 'connection': 'close', 'x-openstack-nova-api-version': '2.1', 'date': 'Tue, 23 Feb 2016 05:43:31 GMT', 'content-type': 'application/json'}
        Body: {"server": {"status": "BUILD", "updated": "2016-02-23T05:43:27Z", "hostId": "d6213f52d88963503a565524846773baa7318ab6dd5bd1f46242fe2e", "addresses": {}, "links": [{"href": "http://10.4.1.3:8774/v2.1/db765014f68d422cb9cd8dbc3d457f02/servers/5d79c74e-57d0-42f6-999e-4cf2a5ddb977", "rel": "self"}, {"href": "http://10.4.1.3:8774/db765014f68d422cb9cd8dbc3d457f02/servers/5d79c74e-57d0-42f6-999e-4cf2a5ddb977", "rel": "bookmark"}], "key_name": "tempest-TestGettingAddress-1581838718", "image": {"id": "35816c88-9606-4aad-af89-a65cd03824fc", "links": [{"href": "http://10.4.1.3:8774/db765014f68d422cb9cd8dbc3d457f02/images/35816c88-9606-4aad-af89-a65cd03824fc", "rel": "bookmark"}]}, "OS-EXT-STS:task_state": "spawning", "OS-EXT-STS:vm_state": "building", "OS-SRV-USG:launched_at": null, "flavor": {"id": "42", "links": [{"href": "http://10.4.1.3:8774/db765014f68d422cb9cd8dbc3d457f02/flavors/42", "rel": "bookmark"}]}, "id": "5d79c74e-57d0-42f6-999e-4cf2a5ddb977", "security_groups": [{"name": "tempest-secgroup-smoke-646409163"}], "OS-SRV-USG:terminated_at": null, "OS-EXT-AZ:availability_zone": "nova", "user_id": "d741673babba4cac94f74d81fee80bb1", "name": "tempest.common.compute-instance-1647955355", "created": "2016-02-23T05:43:25Z", "tenant_id": "db765014f68d422cb9cd8dbc3d457f02", "OS-DCF:diskConfig": "MANUAL", "os-extended-volumes:volumes_attached": [], "accessIPv4": "", "accessIPv6": "", "progress": 0, "OS-EXT-STS:power_state": 0, "config_drive": "", "metadata": {}}}
2016-02-23 05:43:32,861 27606 INFO     [tempest_lib.common.rest_client] Request (TestGettingAddress:test_dhcp6_stateless_from_os): 200 GET http://10.4.1.3:8774/v2.1/db765014f68d422cb9cd8dbc3d457f02/servers/5d79c74e-57d0-42f6-999e-4cf2a5ddb977 0.689s
2016-02-23 05:43:32,861 27606 DEBUG    [tempest_lib.common.rest_client] Request - Headers: {'Content-Type': 'application/json', 'Accept': 'application/json', 'X-Auth-Token': '&lt;omitted&gt;'}
        Body: None
    Response - Headers: {'status': '200', 'content-length': '1776', 'content-location': 'http://10.4.1.3:8774/v2.1/db765014f68d422cb9cd8dbc3d457f02/servers/5d79c74e-57d0-42f6-999e-4cf2a5ddb977', 'x-compute-request-id': 'req-5c75b0b3-a4b3-42a0-b317-29124de2a5d1', 'vary': 'X-OpenStack-Nova-API-Version', 'connection': 'close', 'x-openstack-nova-api-version': '2.1', 'date': 'Tue, 23 Feb 2016 05:43:32 GMT', 'content-type': 'application/json'}
        Body: {"server": {"status": "ACTIVE", "updated": "2016-02-23T05:43:31Z", "hostId": "d6213f52d88963503a565524846773baa7318ab6dd5bd1f46242fe2e", "addresses": {"tempest-network-smoke--660632274": [{"OS-EXT-IPS-MAC:mac_addr": "fa:16:3e:bd:b0:aa", "version": 6, "addr": "2003::f816:3eff:febd:b0aa", "OS-EXT-IPS:type": "fixed"}, {"OS-EXT-IPS-MAC:mac_addr": "fa:16:3e:bd:b0:aa", "version": 4, "addr": "10.100.0.3", "OS-EXT-IPS:type": "fixed"}]}, "links": [{"href": "http://10.4.1.3:8774/v2.1/db765014f68d422cb9cd8dbc3d457f02/servers/5d79c74e-57d0-42f6-999e-4cf2a5ddb977", "rel": "self"}, {"href": "http://10.4.1.3:8774/db765014f68d422cb9cd8dbc3d457f02/servers/5d79c74e-57d0-42f6-999e-4cf2a5ddb977", "rel": "bookmark"}], "key_name": "tempest-TestGettingAddress-1581838718", "image": {"id": "35816c88-9606-4aad-af89-a65cd03824fc", "links": [{"href": "http://10.4.1.3:8774/db765014f68d422cb9cd8dbc3d457f02/images/35816c88-9606-4aad-af89-a65cd03824fc", "rel": "bookmark"}]}, "OS-EXT-STS:task_state": null, "OS-EXT-STS:vm_state": "active", "OS-SRV-USG:launched_at": "2016-02-23T05:43:31.000000", "flavor": {"id": "42", "links": [{"href": "http://10.4.1.3:8774/db765014f68d422cb9cd8dbc3d457f02/flavors/42", "rel": "bookmark"}]}, "id": "5d79c74e-57d0-42f6-999e-4cf2a5ddb977", "security_groups": [{"name": "tempest-secgroup-smoke-646409163"}], "OS-SRV-USG:terminated_at": null, "OS-EXT-AZ:availability_zone": "nova", "user_id": "d741673babba4cac94f74d81fee80bb1", "name": "tempest.common.compute-instance-1647955355", "created": "2016-02-23T05:43:25Z", "tenant_id": "db765014f68d422cb9cd8dbc3d457f02", "OS-DCF:diskConfig": "MANUAL", "os-extended-volumes:volumes_attached": [], "accessIPv4": "", "accessIPv6": "", "progress": 0, "OS-EXT-STS:power_state": 1, "config_drive": "True", "metadata": {}}}
2016-02-23 05:43:32,871 27606 INFO     [tempest.common.waiters] State transition "BUILD/spawning" ==&gt; "ACTIVE/None" after 6 second wait
2016-02-23 05:43:33,532 27606 INFO     [tempest_lib.common.rest_client] Request (TestGettingAddress:test_dhcp6_stateless_from_os): 200 GET http://10.4.1.3:8774/v2.1/db765014f68d422cb9cd8dbc3d457f02/servers/5d79c74e-57d0-42f6-999e-4cf2a5ddb977 0.661s
2016-02-23 05:43:33,533 27606 DEBUG    [tempest_lib.common.rest_client] Request - Headers: {'Content-Type': 'application/json', 'Accept': 'application/json', 'X-Auth-Token': '&lt;omitted&gt;'}
        Body: None
    Response - Headers: {'status': '200', 'content-length': '1776', 'content-location': 'http://10.4.1.3:8774/v2.1/db765014f68d422cb9cd8dbc3d457f02/servers/5d79c74e-57d0-42f6-999e-4cf2a5ddb977', 'x-compute-request-id': 'req-e2f4686a-2c97-435f-bb25-6ad41cad9977', 'vary': 'X-OpenStack-Nova-API-Version', 'connection': 'close', 'x-openstack-nova-api-version': '2.1', 'date': 'Tue, 23 Feb 2016 05:43:33 GMT', 'content-type': 'application/json'}
        Body: {"server": {"status": "ACTIVE", "updated": "2016-02-23T05:43:31Z", "hostId": "d6213f52d88963503a565524846773baa7318ab6dd5bd1f46242fe2e", "addresses": {"tempest-network-smoke--660632274": [{"OS-EXT-IPS-MAC:mac_addr": "fa:16:3e:bd:b0:aa", "version": 6, "addr": "2003::f816:3eff:febd:b0aa", "OS-EXT-IPS:type": "fixed"}, {"OS-EXT-IPS-MAC:mac_addr": "fa:16:3e:bd:b0:aa", "version": 4, "addr": "10.100.0.3", "OS-EXT-IPS:type": "fixed"}]}, "links": [{"href": "http://10.4.1.3:8774/v2.1/db765014f68d422cb9cd8dbc3d457f02/servers/5d79c74e-57d0-42f6-999e-4cf2a5ddb977", "rel": "self"}, {"href": "http://10.4.1.3:8774/db765014f68d422cb9cd8dbc3d457f02/servers/5d79c74e-57d0-42f6-999e-4cf2a5ddb977", "rel": "bookmark"}], "key_name": "tempest-TestGettingAddress-1581838718", "image": {"id": "35816c88-9606-4aad-af89-a65cd03824fc", "links": [{"href": "http://10.4.1.3:8774/db765014f68d422cb9cd8dbc3d457f02/images/35816c88-9606-4aad-af89-a65cd03824fc", "rel": "bookmark"}]}, "OS-EXT-STS:task_state": null, "OS-EXT-STS:vm_state": "active", "OS-SRV-USG:launched_at": "2016-02-23T05:43:31.000000", "flavor": {"id": "42", "links": [{"href": "http://10.4.1.3:8774/db765014f68d422cb9cd8dbc3d457f02/flavors/42", "rel": "bookmark"}]}, "id": "5d79c74e-57d0-42f6-999e-4cf2a5ddb977", "security_groups": [{"name": "tempest-secgroup-smoke-646409163"}], "OS-SRV-USG:terminated_at": null, "OS-EXT-AZ:availability_zone": "nova", "user_id": "d741673babba4cac94f74d81fee80bb1", "name": "tempest.common.compute-instance-1647955355", "created": "2016-02-23T05:43:25Z", "tenant_id": "db765014f68d422cb9cd8dbc3d457f02", "OS-DCF:diskConfig": "MANUAL", "os-extended-volumes:volumes_attached": [], "accessIPv4": "", "accessIPv6": "", "progress": 0, "OS-EXT-STS:power_state": 1, "config_drive": "True", "metadata": {}}}
2016-02-23 05:43:33,763 27606 INFO     [tempest_lib.common.rest_client] Request (TestGettingAddress:test_dhcp6_stateless_from_os): 200 GET http://10.4.1.3:9696/v2.0/ports?fixed_ip=None&amp;device_id=5d79c74e-57d0-42f6-999e-4cf2a5ddb977 0.221s
2016-02-23 05:43:33,763 27606 DEBUG    [tempest_lib.common.rest_client] Request - Headers: {'Content-Type': 'application/json', 'Accept': 'application/json', 'X-Auth-Token': '&lt;omitted&gt;'}
        Body: None
    Response - Headers: {'status': '200', 'content-length': '853', 'content-location': 'http://10.4.1.3:9696/v2.0/ports?fixed_ip=None&amp;device_id=5d79c74e-57d0-42f6-999e-4cf2a5ddb977', 'connection': 'close', 'date': 'Tue, 23 Feb 2016 05:43:33 GMT', 'content-type': 'application/json; charset=UTF-8', 'x-openstack-request-id': 'req-b4e3bc0c-686d-437e-9974-bea893bb0fde'}
        Body: {"ports": [{"status": "ACTIVE", "binding:host_id": "vagrant-ubuntu-trusty-64", "name": "", "allowed_address_pairs": [], "admin_state_up": true, "network_id": "4746b349-b60b-48a6-b7b7-f1c5c8f34008", "tenant_id": "db765014f68d422cb9cd8dbc3d457f02", "extra_dhcp_opts": [], "mac_address": "fa:16:3e:bd:b0:aa", "binding:vif_details": {"port_filter": true}, "binding:vif_type": "ovs", "device_owner": "compute:None", "binding:profile": {}, "port_security_enabled": true, "binding:vnic_type": "normal", "fixed_ips": [{"subnet_id": "dcce6e74-1fcf-4a3f-b9d5-9e2c1cd095ef", "ip_address": "10.100.0.3"}, {"subnet_id": "9afd2e23-ae8f-41b0-afc1-e17ce7d6da80", "ip_address": "2003::f816:3eff:febd:b0aa"}], "id": "b020748a-7d8d-4e47-bc37-10af4428ad0e", "security_groups": ["78e95b0d-ce27-4907-bb6b-2a355bf70389"], "device_id": "5d79c74e-57d0-42f6-999e-4cf2a5ddb977"}]}
2016-02-23 05:43:34,424 27606 INFO     [tempest_lib.common.rest_client] Request (TestGettingAddress:test_dhcp6_stateless_from_os): 201 POST http://10.4.1.3:9696/v2.0/floatingips 0.660s
2016-02-23 05:43:34,425 27606 DEBUG    [tempest_lib.common.rest_client] Request - Headers: {'Content-Type': 'application/json', 'Accept': 'application/json', 'X-Auth-Token': '&lt;omitted&gt;'}
        Body: {"floatingip": {"floating_network_id": "afe151c2-8191-47aa-a638-eb8eb99237a5", "tenant_id": "db765014f68d422cb9cd8dbc3d457f02", "fixed_ip_address": "10.100.0.3", "port_id": "b020748a-7d8d-4e47-bc37-10af4428ad0e"}}
    Response - Headers: {'status': '201', 'content-length': '369', 'connection': 'close', 'date': 'Tue, 23 Feb 2016 05:43:34 GMT', 'content-type': 'application/json; charset=UTF-8', 'x-openstack-request-id': 'req-a812eebe-e0ae-4d67-9a22-0e996f7a7f5f'}
        Body: {"floatingip": {"floating_network_id": "afe151c2-8191-47aa-a638-eb8eb99237a5", "router_id": "ce4046f9-ecbc-40c5-b2cb-4c755fde76dc", "fixed_ip_address": "10.100.0.3", "floating_ip_address": "172.24.4.4", "tenant_id": "db765014f68d422cb9cd8dbc3d457f02", "status": "ACTIVE", "port_id": "b020748a-7d8d-4e47-bc37-10af4428ad0e", "id": "5c56e68f-7fea-4e9e-afb6-2b97bdbd94e4"}}
2016-02-23 05:43:34,425 27606 INFO     [tempest_lib.common.ssh] Creating ssh connection to '172.24.4.4' as 'cirros' with public key authentication
2016-02-23 05:44:34,493 27606 WARNING  [tempest_lib.common.ssh] Failed to establish authenticated ssh connection to cirros@172.24.4.4 (timed out). Number attempts: 1. Retry after 2 seconds.
2016-02-23 05:45:37,052 27606 WARNING  [tempest_lib.common.ssh] Failed to establish authenticated ssh connection to cirros@172.24.4.4 (timed out). Number attempts: 2. Retry after 3 seconds.
2016-02-23 05:46:40,613 27606 WARNING  [tempest_lib.common.ssh] Failed to establish authenticated ssh connection to cirros@172.24.4.4 (timed out). Number attempts: 3. Retry after 4 seconds.
2016-02-23 05:47:45,179 27606 ERROR    [tempest_lib.common.ssh] Failed to establish authenticated ssh connection to cirros@172.24.4.4 after 3 attempts
2016-02-23 05:47:45.179 27606 ERROR tempest_lib.common.ssh Traceback (most recent call last):
2016-02-23 05:47:45.179 27606 ERROR tempest_lib.common.ssh   File "/usr/local/lib/python2.7/dist-packages/tempest_lib/common/ssh.py", line 75, in _get_ssh_connection
2016-02-23 05:47:45.179 27606 ERROR tempest_lib.common.ssh     timeout=self.channel_timeout, pkey=self.pkey)
2016-02-23 05:47:45.179 27606 ERROR tempest_lib.common.ssh   File "/usr/local/lib/python2.7/dist-packages/paramiko/client.py", line 292, in connect
2016-02-23 05:47:45.179 27606 ERROR tempest_lib.common.ssh     retry_on_signal(lambda: sock.connect(addr))
2016-02-23 05:47:45.179 27606 ERROR tempest_lib.common.ssh   File "/usr/local/lib/python2.7/dist-packages/paramiko/util.py", line 270, in retry_on_signal
2016-02-23 05:47:45.179 27606 ERROR tempest_lib.common.ssh     return function()
2016-02-23 05:47:45.179 27606 ERROR tempest_lib.common.ssh   File "/usr/local/lib/python2.7/dist-packages/paramiko/client.py", line 292, in &lt;lambda&gt;
2016-02-23 05:47:45.179 27606 ERROR tempest_lib.common.ssh     retry_on_signal(lambda: sock.connect(addr))
2016-02-23 05:47:45.179 27606 ERROR tempest_lib.common.ssh   File "/usr/lib/python2.7/socket.py", line 224, in meth
2016-02-23 05:47:45.179 27606 ERROR tempest_lib.common.ssh     return getattr(self._sock,name)(*args)
2016-02-23 05:47:45.179 27606 ERROR tempest_lib.common.ssh timeout: timed out
2016-02-23 05:47:45.179 27606 ERROR tempest_lib.common.ssh 
2016-02-23 05:47:45,183 27606 ERROR    [tempest.scenario.manager] (TestGettingAddress:test_dhcp6_stateless_from_os) Initializing SSH connection to 172.24.4.4 failed. Error: Connection to the 172.24.4.4 via SSH timed out.
User: cirros, Password: None
2016-02-23 05:47:45.183 27606 ERROR tempest.scenario.manager Traceback (most recent call last):
2016-02-23 05:47:45.183 27606 ERROR tempest.scenario.manager   File "tempest/scenario/manager.py", line 377, in get_remote_client
2016-02-23 05:47:45.183 27606 ERROR tempest.scenario.manager     linux_client.validate_authentication()
2016-02-23 05:47:45.183 27606 ERROR tempest.scenario.manager   File "tempest/common/utils/linux/remote_client.py", line 51, in validate_authentication
2016-02-23 05:47:45.183 27606 ERROR tempest.scenario.manager     self.ssh_client.test_connection_auth()
2016-02-23 05:47:45.183 27606 ERROR tempest.scenario.manager   File "/usr/local/lib/python2.7/dist-packages/tempest_lib/common/ssh.py", line 173, in test_connection_auth
2016-02-23 05:47:45.183 27606 ERROR tempest.scenario.manager     connection = self._get_ssh_connection()
2016-02-23 05:47:45.183 27606 ERROR tempest.scenario.manager   File "/usr/local/lib/python2.7/dist-packages/tempest_lib/common/ssh.py", line 88, in _get_ssh_connection
2016-02-23 05:47:45.183 27606 ERROR tempest.scenario.manager     password=self.password)
2016-02-23 05:47:45.183 27606 ERROR tempest.scenario.manager SSHTimeout: Connection to the 172.24.4.4 via SSH timed out.
2016-02-23 05:47:45.183 27606 ERROR tempest.scenario.manager User: cirros, Password: None
2016-02-23 05:47:45.183 27606 ERROR tempest.scenario.manager 
2016-02-23 05:47:45,457 27606 INFO     [tempest_lib.common.rest_client] Request (TestGettingAddress:test_dhcp6_stateless_from_os): 200 GET http://10.4.1.3:8774/v2.1/db765014f68d422cb9cd8dbc3d457f02/servers 0.273s
2016-02-23 05:47:45,458 27606 DEBUG    [tempest_lib.common.rest_client] Request - Headers: {'Content-Type': 'application/json', 'Accept': 'application/json', 'X-Auth-Token': '&lt;omitted&gt;'}
        Body: None
    Response - Headers: {'status': '200', 'content-length': '389', 'content-location': 'http://10.4.1.3:8774/v2.1/db765014f68d422cb9cd8dbc3d457f02/servers', 'x-compute-request-id': 'req-943a4f0a-a3b8-4bfb-bf63-7fb43ab64bb7', 'vary': 'X-OpenStack-Nova-API-Version', 'connection': 'close', 'x-openstack-nova-api-version': '2.1', 'date': 'Tue, 23 Feb 2016 05:47:45 GMT', 'content-type': 'application/json'}
        Body: {"servers": [{"id": "5d79c74e-57d0-42f6-999e-4cf2a5ddb977", "links": [{"href": "http://10.4.1.3:8774/v2.1/db765014f68d422cb9cd8dbc3d457f02/servers/5d79c74e-57d0-42f6-999e-4cf2a5ddb977", "rel": "self"}, {"href": "http://10.4.1.3:8774/db765014f68d422cb9cd8dbc3d457f02/servers/5d79c74e-57d0-42f6-999e-4cf2a5ddb977", "rel": "bookmark"}], "name": "tempest.common.compute-instance-1647955355"}]}
2016-02-23 05:47:45,876 27606 INFO     [tempest_lib.common.rest_client] Request (TestGettingAddress:test_dhcp6_stateless_from_os): 200 POST http://10.4.1.3:8774/v2.1/db765014f68d422cb9cd8dbc3d457f02/servers/5d79c74e-57d0-42f6-999e-4cf2a5ddb977/action 0.414s
2016-02-23 05:47:45,877 27606 DEBUG    [tempest_lib.common.rest_client] Request - Headers: {'Content-Type': 'application/json', 'Accept': 'application/json', 'X-Auth-Token': '&lt;omitted&gt;'}
        Body: {"os-getConsoleOutput": {}}
    Response - Headers: {'status': '200', 'content-length': '24670', 'x-compute-request-id': 'req-83197b07-65d8-4635-94be-6ce55ffaf65a', 'vary': 'X-OpenStack-Nova-API-Version', 'connection': 'close', 'x-openstack-nova-api-version': '2.1', 'date': 'Tue, 23 Feb 2016 05:47:45 GMT', 'content-type': 'application/json'}
        Body: {"output": "[    0.000000] Initializing cgroup subsys cpuset\n[    0.000000] Initializing cgroup subsys cpu\n[    0.000000] Linux version 3.2.0-80-virtual (buildd@batsu) (gcc version 4.6.3 (Ubuntu/Linaro 4.6.3-1ubuntu5) ) #116-Ubuntu SMP Mon Mar 23 17:28:52 UTC 2015 (Ubuntu 3.2.0-80.116-virtual 3.2.68)\n[    0.000000] Command line: root=/dev/vda console=tty0 console=ttyS0 no_timer_check\n[    0.000000] KERNEL supported cpus:\n[    0.000000]   Intel GenuineIntel\n[    0.000000]   AMD AuthenticAMD\n[    0.000000]   Centaur CentaurHauls\n[    0.000000] BIOS-provided physical RAM map:\n[    0.000000]  BIOS-e820: 0000000000000000 - 000000000009fc00 (usable)\n[    0.000000]  BIOS-e820: 000000000009fc00 - 00000000000a0000 (reserved)\n[    0.000000]  BIOS-e820: 00000000000f0000 - 0000000000100000 (reserved)\n[    0.000000]  BIOS-e820: 0000000000100000 - 0000000003ffe000 (usable)\n[    0.000000]  BIOS-e820: 0000000003ffe000 - 0000000004000000 (reserved)\n[    0.000000]  BIOS-e820: 00000000fffc0000 - 0000000100000000 (reserved)\n[    0.000000] NX (Execute Disable) protection: active\n[    0.000000] SMBIOS 2.4 present.\n[    0.000000] No AGP bridge found\n[    0.000000] last_pfn = 0x3ffe max_arch_pfn = 0x400000000\n[    0.000000] x86 PAT enabled: cpu 0, old 0x7040600070406, new 0x7010600070106\n[    0.000000] found SMP MP-table at [ffff8800000f0b00] f0b00\n[    0.000000] init_memory_mapping: 0000000000000000-0000000003ffe000\n[    0.000000] RAMDISK: 03c5e000 - 03ff0000\n[    0.000000] ACPI: RSDP 00000000000f0950 00014 (v00 BOCHS )\n[    0.000000] ACPI: RSDT 0000000003fffbc1 00034 (v01 BOCHS  BXPCRSDT 00000001 BXPC 00000001)\n[    0.000000] ACPI: FACP 0000000003fff1c0 00074 (v01 BOCHS  BXPCFACP 00000001 BXPC 00000001)\n[    0.000000] ACPI: DSDT 0000000003ffe040 01180 (v01 BOCHS  BXPCDSDT 00000001 BXPC 00000001)\n[    0.000000] ACPI: FACS 0000000003ffe000 00040\n[    0.000000] ACPI: SSDT 0000000003fff234 008DD (v01 BOCHS  BXPCSSDT 00000001 BXPC 00000001)\n[    0.000000] ACPI: APIC 0000000003fffb11 00078 (v01 BOCHS  BXPCAPIC 00000001 BXPC 00000001)\n[    0.000000] ACPI: HPET 0000000003fffb89 00038 (v01 BOCHS  BXPCHPET 00000001 BXPC 00000001)\n[    0.000000] No NUMA configuration found\n[    0.000000] Faking a node at 0000000000000000-0000000003ffe000\n[    0.000000] Initmem setup node 0 0000000000000000-0000000003ffe000\n[    0.000000]   NODE_DATA [0000000003ff6000 - 0000000003ffafff]\n[    0.000000] Zone PFN ranges:\n[    0.000000]   DMA      0x00000010 -&gt; 0x00001000\n[    0.000000]   DMA32    0x00001000 -&gt; 0x00100000\n[    0.000000]   Normal   empty\n[    0.000000] Movable zone start PFN for each node\n[    0.000000] early_node_map[2] active PFN ranges\n[    0.000000]     0: 0x00000010 -&gt; 0x0000009f\n[    0.000000]     0: 0x00000100 -&gt; 0x00003ffe\n[    0.000000] ACPI: PM-Timer IO Port: 0xb008\n[    0.000000] ACPI: LAPIC (acpi_id[0x00] lapic_id[0x00] enabled)\n[    0.000000] ACPI: LAPIC_NMI (acpi_id[0xff] dfl dfl lint[0x1])\n[    0.000000] ACPI: IOAPIC (id[0x00] address[0xfec00000] gsi_base[0])\n[    0.000000] IOAPIC[0]: apic_id 0, version 17, address 0xfec00000, GSI 0-23\n[    0.000000] ACPI: INT_SRC_OVR (bus 0 bus_irq 0 global_irq 2 dfl dfl)\n[    0.000000] ACPI: INT_SRC_OVR (bus 0 bus_irq 5 global_irq 5 high level)\n[    0.000000] ACPI: INT_SRC_OVR (bus 0 bus_irq 9 global_irq 9 high level)\n[    0.000000] ACPI: INT_SRC_OVR (bus 0 bus_irq 10 global_irq 10 high level)\n[    0.000000] ACPI: INT_SRC_OVR (bus 0 bus_irq 11 global_irq 11 high level)\n[    0.000000] Using ACPI (MADT) for SMP configuration information\n[    0.000000] ACPI: HPET id: 0x8086a201 base: 0xfed00000\n[    0.000000] SMP: Allowing 1 CPUs, 0 hotplug CPUs\n[    0.000000] PM: Registered nosave memory: 000000000009f000 - 00000000000a0000\n[    0.000000] PM: Registered nosave memory: 00000000000a0000 - 00000000000f0000\n[    0.000000] PM: Registered nosave memory: 00000000000f0000 - 0000000000100000\n[    0.000000] Allocating PCI resources starting at 4000000 (gap: 4000000:fbfc0000)\n[    0.000000] Booting paravirtualized kernel on bare hardware\n[    0.000000] setup_pe
2016-02-23 05:47:45,881 27606 DEBUG    [tempest.scenario.manager] Console output for 5d79c74e-57d0-42f6-999e-4cf2a5ddb977
body=
[    0.000000] Initializing cgroup subsys cpuset
[    0.000000] Initializing cgroup subsys cpu
[    0.000000] Linux version 3.2.0-80-virtual (buildd@batsu) (gcc version 4.6.3 (Ubuntu/Linaro 4.6.3-1ubuntu5) ) #116-Ubuntu SMP Mon Mar 23 17:28:52 UTC 2015 (Ubuntu 3.2.0-80.116-virtual 3.2.68)
[    0.000000] Command line: root=/dev/vda console=tty0 console=ttyS0 no_timer_check
[    0.000000] KERNEL supported cpus:
[    0.000000]   Intel GenuineIntel
[    0.000000]   AMD AuthenticAMD
[    0.000000]   Centaur CentaurHauls
[    0.000000] BIOS-provided physical RAM map:
[    0.000000]  BIOS-e820: 0000000000000000 - 000000000009fc00 (usable)
[    0.000000]  BIOS-e820: 000000000009fc00 - 00000000000a0000 (reserved)
[    0.000000]  BIOS-e820: 00000000000f0000 - 0000000000100000 (reserved)
[    0.000000]  BIOS-e820: 0000000000100000 - 0000000003ffe000 (usable)
[    0.000000]  BIOS-e820: 0000000003ffe000 - 0000000004000000 (reserved)
[    0.000000]  BIOS-e820: 00000000fffc0000 - 0000000100000000 (reserved)
[    0.000000] NX (Execute Disable) protection: active
[    0.000000] SMBIOS 2.4 present.
[    0.000000] No AGP bridge found
[    0.000000] last_pfn = 0x3ffe max_arch_pfn = 0x400000000
[    0.000000] x86 PAT enabled: cpu 0, old 0x7040600070406, new 0x7010600070106
[    0.000000] found SMP MP-table at [ffff8800000f0b00] f0b00
[    0.000000] init_memory_mapping: 0000000000000000-0000000003ffe000
[    0.000000] RAMDISK: 03c5e000 - 03ff0000
[    0.000000] ACPI: RSDP 00000000000f0950 00014 (v00 BOCHS )
[    0.000000] ACPI: RSDT 0000000003fffbc1 00034 (v01 BOCHS  BXPCRSDT 00000001 BXPC 00000001)
[    0.000000] ACPI: FACP 0000000003fff1c0 00074 (v01 BOCHS  BXPCFACP 00000001 BXPC 00000001)
[    0.000000] ACPI: DSDT 0000000003ffe040 01180 (v01 BOCHS  BXPCDSDT 00000001 BXPC 00000001)
[    0.000000] ACPI: FACS 0000000003ffe000 00040
[    0.000000] ACPI: SSDT 0000000003fff234 008DD (v01 BOCHS  BXPCSSDT 00000001 BXPC 00000001)
[    0.000000] ACPI: APIC 0000000003fffb11 00078 (v01 BOCHS  BXPCAPIC 00000001 BXPC 00000001)
[    0.000000] ACPI: HPET 0000000003fffb89 00038 (v01 BOCHS  BXPCHPET 00000001 BXPC 00000001)
[    0.000000] No NUMA configuration found
[    0.000000] Faking a node at 0000000000000000-0000000003ffe000
[    0.000000] Initmem setup node 0 0000000000000000-0000000003ffe000
[    0.000000]   NODE_DATA [0000000003ff6000 - 0000000003ffafff]
[    0.000000] Zone PFN ranges:
[    0.000000]   DMA      0x00000010 -&gt; 0x00001000
[    0.000000]   DMA32    0x00001000 -&gt; 0x00100000
[    0.000000]   Normal   empty
[    0.000000] Movable zone start PFN for each node
[    0.000000] early_node_map[2] active PFN ranges
[    0.000000]     0: 0x00000010 -&gt; 0x0000009f
[    0.000000]     0: 0x00000100 -&gt; 0x00003ffe
[    0.000000] ACPI: PM-Timer IO Port: 0xb008
[    0.000000] ACPI: LAPIC (acpi_id[0x00] lapic_id[0x00] enabled)
[    0.000000] ACPI: LAPIC_NMI (acpi_id[0xff] dfl dfl lint[0x1])
[    0.000000] ACPI: IOAPIC (id[0x00] address[0xfec00000] gsi_base[0])
[    0.000000] IOAPIC[0]: apic_id 0, version 17, address 0xfec00000, GSI 0-23
[    0.000000] ACPI: INT_SRC_OVR (bus 0 bus_irq 0 global_irq 2 dfl dfl)
[    0.000000] ACPI: INT_SRC_OVR (bus 0 bus_irq 5 global_irq 5 high level)
[    0.000000] ACPI: INT_SRC_OVR (bus 0 bus_irq 9 global_irq 9 high level)
[    0.000000] ACPI: INT_SRC_OVR (bus 0 bus_irq 10 global_irq 10 high level)
[    0.000000] ACPI: INT_SRC_OVR (bus 0 bus_irq 11 global_irq 11 high level)
[    0.000000] Using ACPI (MADT) for SMP configuration information
[    0.000000] ACPI: HPET id: 0x8086a201 base: 0xfed00000
[    0.000000] SMP: Allowing 1 CPUs, 0 hotplug CPUs
[    0.000000] PM: Registered nosave memory: 000000000009f000 - 00000000000a0000
[    0.000000] PM: Registered nosave memory: 00000000000a0000 - 00000000000f0000
[    0.000000] PM: Registered nosave memory: 00000000000f0000 - 0000000000100000
[    0.000000] Allocating PCI resources starting at 4000000 (gap: 4000000:fbfc0000)
[    0.000000] Booting paravirtualized kernel on bare hardware
[    0.000000] setup_percpu: NR_CPUS:64 nr_cpumask_bits:64 nr_cpu_ids:1 nr_node_ids:1
[    0.000000] PERCPU: Embedded 27 pages/cpu @ffff880003a00000 s78848 r8192 d23552 u2097152
[    0.000000] Built 1 zonelists in Node order, mobility grouping on.  Total pages: 16008
[    0.000000] Policy zone: DMA32
[    0.000000] Kernel command line: root=/dev/vda console=tty0 console=ttyS0 no_timer_check
[    0.000000] PID hash table entries: 256 (order: -1, 2048 bytes)
[    0.000000] Checking aperture...
[    0.000000] No AGP bridge found
[    0.000000] Memory: 43492k/65528k available (6576k kernel code, 452k absent, 21584k reserved, 6620k data, 928k init)
[    0.000000] SLUB: Genslabs=15, HWalign=64, Order=0-3, MinObjects=0, CPUs=1, Nodes=1
[    0.000000] Hierarchical RCU implementation.
[    0.000000] 	RCU dyntick-idle grace-period acceleration is enabled.
[    0.000000] NR_IRQS:4352 nr_irqs:256 16
[    0.000000] Console: colour VGA+ 80x25
[    0.000000] console [tty0] enabled
[    0.000000] console [ttyS0] enabled
[    0.000000] allocated 1048576 bytes of page_cgroup
[    0.000000] please try 'cgroup_disable=memory' option if you don't want memory cgroups
[    0.000000] Fast TSC calibration failed
[    0.000000] TSC: Unable to calibrate against PIT
[    0.000000] TSC: using HPET reference calibration
[    0.000000] Detected 2293.791 MHz processor.
[    0.041650] Calibrating delay loop (skipped), value calculated using timer frequency.. 4587.58 BogoMIPS (lpj=9175164)
[    0.044772] pid_max: default: 32768 minimum: 301
[    0.053873] Security Framework initialized
[    0.058620] AppArmor: AppArmor initialized
[    0.060123] Yama: becoming mindful.
[    0.069026] Dentry cache hash table entries: 8192 (order: 4, 65536 bytes)
[    0.073830] Inode-cache hash table entries: 4096 (order: 3, 32768 bytes)
[    0.076969] Mount-cache hash table entries: 256
[    0.100172] Initializing cgroup subsys cpuacct
[    0.101074] Initializing cgroup subsys memory
[    0.104388] Initializing cgroup subsys devices
[    0.105716] Initializing cgroup subsys freezer
[    0.106891] Initializing cgroup subsys blkio
[    0.108278] Initializing cgroup subsys perf_event
[    0.116664] mce: CPU supports 10 MCE banks
[    0.122211] SMP alternatives: switching to UP code
[    0.506416] Freeing SMP alternatives: 24k freed
[    0.508952] ACPI: Core revision 20110623
[    0.556457] ftrace: allocating 26610 entries in 105 pages
[    0.588036] ..TIMER: vector=0x30 apic1=0 pin1=2 apic2=-1 pin2=-1
[    0.588384] CPU0: AMD QEMU Virtual CPU version 2.0.0 stepping 03
[    0.592036] Performance Events: Broken PMU hardware detected, using software events only.
[    0.599588] NMI watchdog disabled (cpu0): hardware events not enabled
[    0.600834] Brought up 1 CPUs
[    0.601403] Total of 1 processors activated (4587.58 BogoMIPS).
[    0.625114] devtmpfs: initialized
[    0.652369] EVM: security.selinux
[    0.652842] EVM: security.SMACK64
[    0.653344] EVM: security.capability
[    0.672368] print_constraints: dummy: 
[    0.673923] RTC time:  5:43:35, date: 02/23/16
[    0.676887] NET: Registered protocol family 16
[    0.684651] ACPI: bus type pci registered
[    0.688404] PCI: Using configuration type 1 for base access
[    0.715029] bio: create slab &lt;bio-0&gt; at 0
[    0.720227] ACPI: Added _OSI(Module Device)
[    0.720757] ACPI: Added _OSI(Processor Device)
[    0.721327] ACPI: Added _OSI(3.0 _SCP Extensions)
[    0.721910] ACPI: Added _OSI(Processor Aggregator Device)
[    0.796511] ACPI: Interpreter enabled
[    0.797106] ACPI: (supports S0 S3 S4 S5)
[    0.798760] ACPI: Using IOAPIC for interrupt routing
[    0.880204] ACPI: No dock devices found.
[    0.880815] HEST: Table not found.
[    0.881413] PCI: Using host bridge windows from ACPI; if necessary, use "pci=nocrs" and report a bug
[    0.886915] ACPI: PCI Root Bridge [PCI0] (domain 0000 [bus 00-ff])
[    0.892829] pci_root PNP0A03:00: host bridge window [io  0x0000-0x0cf7]
[    0.894587] pci_root PNP0A03:00: host bridge window [io  0x0d00-0xadff]
[    0.896109] pci_root PNP0A03:00: host bridge window [io  0xae0f-0xaeff]
[    0.896917] pci_root PNP0A03:00: host bridge window [io  0xaf20-0xafdf]
[    0.897923] pci_root PNP0A03:00: host bridge window [io  0xafe4-0xffff]
[    0.898817] pci_root PNP0A03:00: host bridge window [mem 0x000a0000-0x000bffff]
[    0.900107] pci_root PNP0A03:00: host bridge window [mem 0x04000000-0xfebfffff]
[    0.922250] pci 0000:00:01.3: quirk: [io  0xb000-0xb03f] claimed by PIIX4 ACPI
[    0.923262] pci 0000:00:01.3: quirk: [io  0xb100-0xb10f] claimed by PIIX4 SMB
[    0.992730]  pci0000:00: Unable to request _OSC control (_OSC support mask: 0x1e)
[    1.050849] ACPI: PCI Interrupt Link [LNKA] (IRQs 5 *10 11)
[    1.053622] ACPI: PCI Interrupt Link [LNKB] (IRQs 5 *10 11)
[    1.056149] ACPI: PCI Interrupt Link [LNKC] (IRQs 5 10 *11)
[    1.057561] ACPI: PCI Interrupt Link [LNKD] (IRQs 5 10 *11)
[    1.060263] ACPI: PCI Interrupt Link [LNKS] (IRQs *9)
[    1.067082] vgaarb: device added: PCI:0000:00:02.0,decodes=io+mem,owns=io+mem,locks=none
[    1.068192] vgaarb: loaded
[    1.068642] vgaarb: bridge control possible 0000:00:02.0
[    1.073568] i2c-core: driver [aat2870] using legacy suspend method
[    1.074398] i2c-core: driver [aat2870] using legacy resume method
[    1.077951] SCSI subsystem initialized
[    1.081424] usbcore: registered new interface driver usbfs
[    1.082643] usbcore: registered new interface driver hub
[    1.084519] usbcore: registered new device driver usb
[    1.088599] PCI: Using ACPI for IRQ routing
[    1.099130] NetLabel: Initializing
[    1.100140] NetLabel:  domain hash size = 128
[    1.100956] NetLabel:  protocols = UNLABELED CIPSOv4
[    1.102734] NetLabel:  unlabeled traffic allowed by default
[    1.105196] HPET: 3 timers in total, 0 timers will be used for per-cpu timer
[    1.106100] hpet0: at MMIO 0xfed00000, IRQs 2, 8, 0
[    1.107060] hpet0: 3 comparators, 64-bit 100.000000 MHz counter
[    1.119072] Switching to clocksource hpet
[    1.363587] AppArmor: AppArmor Filesystem Enabled
[    1.366305] pnp: PnP ACPI init
[    1.366918] ACPI: bus type pnp registered
[    1.386784] pnp: PnP ACPI: found 9 devices
[    1.387416] ACPI: ACPI bus type pnp unregistered
[    1.453628] NET: Registered protocol family 2
[    1.486576] IP route cache hash table entries: 512 (order: 0, 4096 bytes)
[    1.494528] TCP established hash table entries: 2048 (order: 3, 32768 bytes)
[    1.495910] TCP bind hash table entries: 2048 (order: 3, 32768 bytes)
[    1.497823] TCP: Hash tables configured (established 2048 bind 2048)
[    1.498579] TCP reno registered
[    1.499100] UDP hash table entries: 128 (order: 0, 4096 bytes)
[    1.500054] UDP-Lite hash table entries: 128 (order: 0, 4096 bytes)
[    1.503495] NET: Registered protocol family 1
[    1.505363] pci 0000:00:00.0: Limiting direct PCI/PCI transfers
[    1.506255] pci 0000:00:01.0: PIIX3: Enabling Passive Release
[    1.507256] pci 0000:00:01.0: Activating ISA DMA hang workarounds
[    1.513054] ACPI: PCI Interrupt Link [LNKD] enabled at IRQ 11
[    1.514116] pci 0000:00:01.2: PCI INT D -&gt; Link[LNKD] -&gt; GSI 11 (level, high) -&gt; IRQ 11
[    1.515987] pci 0000:00:01.2: PCI INT D disabled
[    1.535112] Trying to unpack rootfs image as initramfs...
[    1.565733] audit: initializing netlink socket (disabled)
[    1.569999] type=2000 audit(1456206215.564:1): initialized
[    1.866392] HugeTLB registered 2 MB page size, pre-allocated 0 pages
[    1.935272] VFS: Disk quotas dquot_6.5.2
[    1.937887] Dquot-cache hash table entries: 512 (order 0, 4096 bytes)
[    1.965078] fuse init (API version 7.17)
[    1.967697] msgmni has been set to 84
[    1.999857] Block layer SCSI generic (bsg) driver version 0.4 loaded (major 253)
[    2.002979] io scheduler noop registered
[    2.003478] io scheduler deadline registered (default)
[    2.005523] io scheduler cfq registered
[    2.009032] pci_hotplug: PCI Hot Plug PCI Core version: 0.5
[    2.010476] pciehp: PCI Express Hot Plug Controller Driver version: 0.4
[    2.019124] input: Power Button as /devices/LNXSYSTM:00/LNXPWRBN:00/input/input0
[    2.022194] ACPI: Power Button [PWRF]
[    2.086535] ERST: Table is not found!
[    2.087061] GHES: HEST is not enabled!
[    2.094718] ACPI: PCI Interrupt Link [LNKC] enabled at IRQ 10
[    2.095460] virtio-pci 0000:00:03.0: PCI INT A -&gt; Link[LNKC] -&gt; GSI 10 (level, high) -&gt; IRQ 10
[    2.099255] virtio-pci 0000:00:04.0: PCI INT A -&gt; Link[LNKD] -&gt; GSI 11 (level, high) -&gt; IRQ 11
[    2.121114] ACPI: PCI Interrupt Link [LNKA] enabled at IRQ 10
[    2.122304] virtio-pci 0000:00:05.0: PCI INT A -&gt; Link[LNKA] -&gt; GSI 10 (level, high) -&gt; IRQ 10
[    2.127947] Serial: 8250/16550 driver, 32 ports, IRQ sharing enabled
[    2.170943] serial8250: ttyS0 at I/O 0x3f8 (irq = 4) is a 16550A
[    2.262172] serial8250: ttyS1 at I/O 0x2f8 (irq = 3) is a 16550A
[    2.398073] 00:05: ttyS0 at I/O 0x3f8 (irq = 4) is a 16550A
[    2.478622] 00:06: ttyS1 at I/O 0x2f8 (irq = 3) is a 16550A
[    2.522787] Refined TSC clocksource calibration: 2293.999 MHz.
[    2.524102] Switching to clocksource tsc
[    2.533515] Linux agpgart interface v0.103
[    2.603598] brd: module loaded
[    2.638846] loop: module loaded
[    2.683941]  vda: unknown partition table
[    2.745798] scsi0 : ata_piix
[    2.748058] scsi1 : ata_piix
[    2.750372] ata1: PATA max MWDMA2 cmd 0x1f0 ctl 0x3f6 bmdma 0xc0a0 irq 14
[    2.751191] ata2: PATA max MWDMA2 cmd 0x170 ctl 0x376 bmdma 0xc0a8 irq 15
[    2.762518] Fixed MDIO Bus: probed
[    2.763330] tun: Universal TUN/TAP device driver, 1.6
[    2.763889] tun: (C) 1999-2004 Max Krasnyansky &lt;maxk@qualcomm.com&gt;
[    2.778256] PPP generic driver version 2.4.2
[    2.803205] ehci_hcd: USB 2.0 'Enhanced' Host Controller (EHCI) Driver
[    2.805689] ohci_hcd: USB 1.1 'Open' Host Controller (OHCI) Driver
[    2.806730] uhci_hcd: USB Universal Host Controller Interface driver
[    2.807880] uhci_hcd 0000:00:01.2: PCI INT D -&gt; Link[LNKD] -&gt; GSI 11 (level, high) -&gt; IRQ 11
[    2.812167] uhci_hcd 0000:00:01.2: UHCI Host Controller
[    2.833505] uhci_hcd 0000:00:01.2: new USB bus registered, assigned bus number 1
[    2.835929] uhci_hcd 0000:00:01.2: irq 11, io base 0x0000c040
[    2.866986] hub 1-0:1.0: USB hub found
[    2.868122] hub 1-0:1.0: 2 ports detected
[    2.868122] usbcore: registered new interface driver libusual
[    2.874442] i8042: PNP: PS/2 Controller [PNP0303:KBD,PNP0f13:MOU] at 0x60,0x64 irq 1,12
[    2.881089] serio: i8042 KBD port at 0x60,0x64 irq 1
[    2.882744] serio: i8042 AUX port at 0x60,0x64 irq 12
[    2.909354] mousedev: PS/2 mouse device common for all mice
[    2.930520] input: AT Translated Set 2 keyboard as /devices/platform/i8042/serio0/input/input1
[    2.935647] rtc_cmos 00:01: RTC can wake from S4
[    2.948018] rtc_cmos 00:01: rtc core: registered rtc_cmos as rtc0
[    2.952591] rtc0: alarms up to one day, 114 bytes nvram, hpet irqs
[    2.956022] device-mapper: uevent: version 1.0.3
[    2.986291] ata2.01: ATAPI: QEMU DVD-ROM, 2.0.0, max UDMA/100
[    2.991508] device-mapper: ioctl: 4.22.0-ioctl (2011-10-19) initialised: dm-devel@redhat.com
[    2.994909] cpuidle: using governor ladder
[    2.995565] cpuidle: using governor menu
[    2.996682] EFI Variables Facility v0.08 2004-May-17
[    3.008695] TCP cubic registered
[    3.013102] NET: Registered protocol family 10
[    3.039235] NET: Registered protocol family 17
[    3.040815] Registering the dns_resolver key type
[    3.055420] ata2.01: configured for MWDMA2
[    3.081491] scsi 1:0:1:0: CD-ROM            QEMU     QEMU DVD-ROM     2.0. PQ: 0 ANSI: 5
[    3.108857] sr0: scsi3-mmc drive: 4x/4x cd/rw xa/form2 tray
[    3.111037] cdrom: Uniform CD-ROM driver Revision: 3.20
[    3.135996] sr 1:0:1:0: Attached scsi generic sg0 type 5
[    3.169561] registered taskstats version 1
[    3.225960] Freeing initrd memory: 3656k freed
[    3.694775]   Magic number: 4:914:719
[    3.705231] rtc_cmos 00:01: setting system clock to 2016-02-23 05:43:38 UTC (1456206218)
[    3.707388] powernow-k8: Processor cpuid 663 not supported
[    3.713215] BIOS EDD facility v0.16 2004-Jun-25, 0 devices found
[    3.715374] EDD information not available.
[    3.767500] Freeing unused kernel memory: 928k freed
[    3.774154] Write protecting the kernel read-only data: 12288k
[    3.903517] Freeing unused kernel memory: 1596k freed
[    3.967111] Freeing unused kernel memory: 1184k freed

info: initramfs: up at 4.13
modprobe: module virtio_blk not found in modules.dep
modprobe: module virtio_net not found in modules.dep
info: copying initramfs to /dev/vda
info: initramfs loading root from /dev/vda
info: /etc/init.d/rc.sysinit: up at 8.88
info: container: none
Starting logging: OK
modprobe: module virtio_blk not found in modules.dep
modprobe: module virtio_net not found in modules.dep
WARN: /etc/rc3.d/S10-load-modules failed
Initializing random number generator... done.
Starting acpid: OK
cirros-ds 'local' up at 11.57
found datasource (configdrive, local)
Starting network...
udhcpc (v1.20.1) started
Sending discover...
Sending discover...
Sending discover...
Usage: /sbin/cirros-dhcpc &lt;up|down&gt;
No lease, failing
WARN: /etc/rc3.d/S40-network failed
Starting dropbear sshd: generating rsa key... generating dsa key... OK
no userdata for datasource
=== system information ===
Platform: OpenStack Foundation OpenStack Nova
Container: none
Arch: x86_64
CPU(s): 1 @ 2293.791 MHz
Cores/Sockets/Threads: 1/1/1
Virt-type: AMD-V
RAM Size: 49MB
Disks:
NAME MAJ:MIN     SIZE LABEL         MOUNTPOINT
vda  253:0   25165824 cirros-rootfs /
sr0   11:0     432128 config-2      
=== sshd host keys ===
-----BEGIN SSH HOST KEY KEYS-----
ssh-rsa AAAAB3NzaC1yc2EAAAADAQABAAAAgnbWohJ7uUp4SoBc7nSynDdr++39mCHi72wlXooXHFoo2sNVNLIDfchwZQMGAFcBxMSpmuBkyK+leEqUmr/C4LCzI3knDkffvBeZEwTyB2o/pzKknT0r1V0UAbkjnexnktAjxjVUjnqKVzJYM28RdYCR/XHpssR5NE566IyIHXKU40U= root@tempest
ssh-dss AAAAB3NzaC1kc3MAAACBAKw8nICwuEEydBXECxX+nw8/ttxF7ewIL9NPZng3+ZNAnd05tItFD7hIePe09CC4tbPlRYcJEw7twainCwxY5RxBKaIu3DzAln6moT4S2uCwRzUieWJt4VRPtayrqHnQEZPph//VLIUecvOZoAEg/RH9pkPKpOW27vybdGvWGrHPAAAAFQCu1aRw9oLWpQQEv0UpIo30h3jejQAAAIBmwttJIezUo7A/zF23oKLxVe3bv6AjEZDMg4Tafr3jSPyyXgMll4eobogCUlZTuM+IGJkXlGOQOMtNvQHMwulrWZBPG1bSADAePSiXZTG4YgHVRrlgyRvcHZ9xMgbaKgHoskYtrJAOU6ZV1TPIUb8flslp2JBGdFoc8poRZNuQeAAAAIAhE4ONP2Kv+EujZRL3zC67O437nUPC+MCx6ZpWCVsuhfykNJZSb1og5KY6O0E4bb1w5CBasw6TMcZEgQW06E5srfiB+K1HFLQ9VKwBVjYQvOdAwEwR/kbg03ViZ0FB9u5AILf+QRrvjJMntm9n/Ph8KHz/Zj5aElDN9qLknlNJdQ== root@tempest
-----END SSH HOST KEY KEYS-----
=== network info ===
if-info: lo,up,127.0.0.1,8,::1
if-info: eth0,up,,8,fe80::f816:3eff:febd:b0aa
=== datasource: configdrive local ===
instance-id: 5d79c74e-57d0-42f6-999e-4cf2a5ddb977
name: tempest.common.compute-instance-1647955355
availability-zone: nova
local-hostname: tempest.common.compute-instance-1647955355.novalocal
launch-index: 0
=== cirros: current=0.3.4 uptime=204.45 ===
route: fscanf
=== pinging gateway failed, debugging connection ===
############ debug start ##############
### /etc/init.d/sshd start
Starting dropbear sshd: OK
route: fscanf
### ifconfig -a
eth0      Link encap:Ethernet  HWaddr FA:16:3E:BD:B0:AA  
          inet6 addr: fe80::f816:3eff:febd:b0aa/64 Scope:Link
          UP BROADCAST RUNNING MULTICAST  MTU:1500  Metric:1
          RX packets:14 errors:0 dropped:6 overruns:0 frame:0
          TX packets:8 errors:0 dropped:0 overruns:0 carrier:0
          collisions:0 txqueuelen:1000 
          RX bytes:1314 (1.2 KiB)  TX bytes:1134 (1.1 KiB)

lo        Link encap:Local Loopback  
          inet addr:127.0.0.1  Mask:255.0.0.0
          inet6 addr: ::1/128 Scope:Host
          UP LOOPBACK RUNNING  MTU:16436  Metric:1
          RX packets:12 errors:0 dropped:0 overruns:0 frame:0
          TX packets:12 errors:0 dropped:0 overruns:0 carrier:0
          collisions:0 txqueuelen:0 
          RX bytes:1020 (1020.0 B)  TX bytes:1020 (1020.0 B)

### route -n
Kernel IP routing table
Destination     Gateway         Genmask         Flags Metric Ref    Use Iface
route: fscanf
### cat /etc/resolv.conf
cat: can't open '/etc/resolv.conf': No such file or directory
### gateway not found
/sbin/cirros-status: line 1: can't open /etc/resolv.conf: no such file
### pinging nameservers
### uname -a
Linux tempest 3.2.0-80-virtual #116-Ubuntu SMP Mon Mar 23 17:28:52 UTC 2015 x86_64 GNU/Linux
### lsmod
Module                  Size  Used by    Not tainted
nls_iso8859_1          12713  0 
nls_cp437              16991  0 
vfat                   17585  0 
fat                    61512  1 vfat
isofs                  40259  0 
ip_tables              27473  0 
x_tables               29891  1 ip_tables
pcnet32                42119  0 
8139cp                 27360  0 
ne2k_pci               13691  0 
8390                   18856  1 ne2k_pci
e1000                 108589  0 
acpiphp                24231  0 
### dmesg | tail
[    4.943134] EXT3-fs (vda): mounted filesystem with ordered data mode
[    5.214530] ISO 9660 Extensions: Microsoft Joliet Level 3
[    5.293472] ISO 9660 Extensions: RRIP_1991A
[    5.550501] kjournald starting.  Commit interval 5 seconds
[    5.567648] EXT3-fs (vda): using internal journal
[    5.567862] EXT3-fs (vda): mounted filesystem with ordered data mode
[    8.935250] EXT3-fs (vda): using internal journal
[   12.359912] ISO 9660 Extensions: Microsoft Joliet Level 3
[   12.445510] ISO 9660 Extensions: RRIP_1991A
[   26.611210] eth0: no IPv6 routers present
### tail -n 25 /var/log/messages
Feb 23 05:43:45 cirros kern.info kernel: [    4.422596] acpiphp: Slot [26] registered
Feb 23 05:43:45 cirros kern.info kernel: [    4.422718] acpiphp: Slot [27] registered
Feb 23 05:43:45 cirros kern.info kernel: [    4.422981] acpiphp: Slot [28] registered
Feb 23 05:43:45 cirros kern.info kernel: [    4.423453] acpiphp: Slot [29] registered
Feb 23 05:43:45 cirros kern.info kernel: [    4.423777] acpiphp: Slot [30] registered
Feb 23 05:43:45 cirros kern.info kernel: [    4.423917] acpiphp: Slot [31] registered
Feb 23 05:43:45 cirros kern.info kernel: [    4.516098] e1000: Intel(R) PRO/1000 Network Driver - version 7.3.21-k8-NAPI
Feb 23 05:43:45 cirros kern.info kernel: [    4.516154] e1000: Copyright (c) 1999-2006 Intel Corporation.
Feb 23 05:43:45 cirros kern.info kernel: [    4.555720] ne2k-pci.c:v1.03 9/22/2003 D. Becker/P. Gortmaker
Feb 23 05:43:45 cirros kern.info kernel: [    4.594833] 8139cp: 8139cp: 10/100 PCI Ethernet driver v1.3 (Mar 22, 2004)
Feb 23 05:43:45 cirros kern.info kernel: [    4.634349] pcnet32: pcnet32.c:v1.35 21.Apr.2008 tsbogend@alpha.franken.de
Feb 23 05:43:45 cirros kern.info kernel: [    4.678048] ip_tables: (C) 2000-2006 Netfilter Core Team
Feb 23 05:43:45 cirros kern.info kernel: [    4.934971] kjournald starting.  Commit interval 5 seconds
Feb 23 05:43:45 cirros kern.info kernel: [    4.943134] EXT3-fs (vda): mounted filesystem with ordered data mode
Feb 23 05:43:45 cirros kern.debug kernel: [    5.214530] ISO 9660 Extensions: Microsoft Joliet Level 3
Feb 23 05:43:45 cirros kern.debug kernel: [    5.293472] ISO 9660 Extensions: RRIP_1991A
Feb 23 05:43:45 cirros kern.info kernel: [    5.550501] kjournald starting.  Commit interval 5 seconds
Feb 23 05:43:45 cirros kern.info kernel: [    5.567648] EXT3-fs (vda): using internal journal
Feb 23 05:43:45 cirros kern.info kernel: [    5.567862] EXT3-fs (vda): mounted filesystem with ordered data mode
Feb 23 05:43:45 cirros kern.info kernel: [    8.935250] EXT3-fs (vda): using internal journal
Feb 23 05:43:47 cirros kern.debug kernel: [   12.359912] ISO 9660 Extensions: Microsoft Joliet Level 3
Feb 23 05:43:47 cirros kern.debug kernel: [   12.445510] ISO 9660 Extensions: RRIP_1991A
Feb 23 05:43:50 cirros auth.notice su: + /dev/console root:cirros
Feb 23 05:44:01 cirros kern.debug kernel: [   26.611210] eth0: no IPv6 routers present
Feb 23 05:46:57 cirros authpriv.info dropbear[283]: Running in background
############ debug end   ##############
  ____               ____  ____
 / __/ __ ____ ____ / __ \/ __/
/ /__ / // __// __// /_/ /\ \ 
\___//_//_/  /_/   \____/___/ 
   http://cirros-cloud.net


login as 'cirros' user. default password: 'cubswin:)'. use 'sudo' for root.
tempest login: 
2016-02-23 05:47:46,342 27606 INFO     [tempest_lib.common.rest_client] Request (TestGettingAddress:_run_cleanups): 204 DELETE http://10.4.1.3:9696/v2.0/floatingips/5c56e68f-7fea-4e9e-afb6-2b97bdbd94e4 0.454s
2016-02-23 05:47:46,343 27606 DEBUG    [tempest_lib.common.rest_client] Request - Headers: {'Content-Type': 'application/json', 'Accept': 'application/json', 'X-Auth-Token': '&lt;omitted&gt;'}
        Body: None
    Response - Headers: {'date': 'Tue, 23 Feb 2016 05:47:46 GMT', 'status': '204', 'connection': 'close', 'content-length': '0', 'x-openstack-request-id': 'req-3ab13a2f-a562-48cb-999e-c3d3c8678f14'}
        Body: 
2016-02-23 05:47:46,809 27606 INFO     [tempest_lib.common.rest_client] Request (TestGettingAddress:_run_cleanups): 204 DELETE http://10.4.1.3:8774/v2.1/db765014f68d422cb9cd8dbc3d457f02/servers/5d79c74e-57d0-42f6-999e-4cf2a5ddb977 0.465s
2016-02-23 05:47:46,809 27606 DEBUG    [tempest_lib.common.rest_client] Request - Headers: {'Content-Type': 'application/json', 'Accept': 'application/json', 'X-Auth-Token': '&lt;omitted&gt;'}
        Body: None
    Response - Headers: {'status': '204', 'content-length': '0', 'x-compute-request-id': 'req-f1074805-65bb-4739-a35c-8c8299747422', 'vary': 'X-OpenStack-Nova-API-Version', 'connection': 'close', 'x-openstack-nova-api-version': '2.1', 'date': 'Tue, 23 Feb 2016 05:47:46 GMT', 'content-type': 'application/json'}
        Body: 
2016-02-23 05:47:47,477 27606 INFO     [tempest_lib.common.rest_client] Request (TestGettingAddress:_run_cleanups): 200 GET http://10.4.1.3:8774/v2.1/db765014f68d422cb9cd8dbc3d457f02/servers/5d79c74e-57d0-42f6-999e-4cf2a5ddb977 0.667s
2016-02-23 05:47:47,478 27606 DEBUG    [tempest_lib.common.rest_client] Request - Headers: {'Content-Type': 'application/json', 'Accept': 'application/json', 'X-Auth-Token': '&lt;omitted&gt;'}
        Body: None
    Response - Headers: {'status': '200', 'content-length': '1899', 'content-location': 'http://10.4.1.3:8774/v2.1/db765014f68d422cb9cd8dbc3d457f02/servers/5d79c74e-57d0-42f6-999e-4cf2a5ddb977', 'x-compute-request-id': 'req-4a72be72-a10e-4007-a5a2-5bcb2aaf00cd', 'vary': 'X-OpenStack-Nova-API-Version', 'connection': 'close', 'x-openstack-nova-api-version': '2.1', 'date': 'Tue, 23 Feb 2016 05:47:47 GMT', 'content-type': 'application/json'}
        Body: {"server": {"status": "ACTIVE", "updated": "2016-02-23T05:47:46Z", "hostId": "d6213f52d88963503a565524846773baa7318ab6dd5bd1f46242fe2e", "addresses": {"tempest-network-smoke--660632274": [{"OS-EXT-IPS-MAC:mac_addr": "fa:16:3e:bd:b0:aa", "version": 6, "addr": "2003::f816:3eff:febd:b0aa", "OS-EXT-IPS:type": "fixed"}, {"OS-EXT-IPS-MAC:mac_addr": "fa:16:3e:bd:b0:aa", "version": 4, "addr": "10.100.0.3", "OS-EXT-IPS:type": "fixed"}, {"OS-EXT-IPS-MAC:mac_addr": "fa:16:3e:bd:b0:aa", "version": 4, "addr": "172.24.4.4", "OS-EXT-IPS:type": "floating"}]}, "links": [{"href": "http://10.4.1.3:8774/v2.1/db765014f68d422cb9cd8dbc3d457f02/servers/5d79c74e-57d0-42f6-999e-4cf2a5ddb977", "rel": "self"}, {"href": "http://10.4.1.3:8774/db765014f68d422cb9cd8dbc3d457f02/servers/5d79c74e-57d0-42f6-999e-4cf2a5ddb977", "rel": "bookmark"}], "key_name": "tempest-TestGettingAddress-1581838718", "image": {"id": "35816c88-9606-4aad-af89-a65cd03824fc", "links": [{"href": "http://10.4.1.3:8774/db765014f68d422cb9cd8dbc3d457f02/images/35816c88-9606-4aad-af89-a65cd03824fc", "rel": "bookmark"}]}, "OS-EXT-STS:task_state": "deleting", "OS-EXT-STS:vm_state": "active", "OS-SRV-USG:launched_at": "2016-02-23T05:43:31.000000", "flavor": {"id": "42", "links": [{"href": "http://10.4.1.3:8774/db765014f68d422cb9cd8dbc3d457f02/flavors/42", "rel": "bookmark"}]}, "id": "5d79c74e-57d0-42f6-999e-4cf2a5ddb977", "security_groups": [{"name": "tempest-secgroup-smoke-646409163"}], "OS-SRV-USG:terminated_at": null, "OS-EXT-AZ:availability_zone": "nova", "user_id": "d741673babba4cac94f74d81fee80bb1", "name": "tempest.common.compute-instance-1647955355", "created": "2016-02-23T05:43:25Z", "tenant_id": "db765014f68d422cb9cd8dbc3d457f02", "OS-DCF:diskConfig": "MANUAL", "os-extended-volumes:volumes_attached": [], "accessIPv4": "", "accessIPv6": "", "progress": 0, "OS-EXT-STS:power_state": 1, "config_drive": "True", "metadata": {}}}
2016-02-23 05:47:48,762 27606 INFO     [tempest_lib.common.rest_client] Request (TestGettingAddress:_run_cleanups): 404 GET http://10.4.1.3:8774/v2.1/db765014f68d422cb9cd8dbc3d457f02/servers/5d79c74e-57d0-42f6-999e-4cf2a5ddb977 0.267s
2016-02-23 05:47:48,763 27606 DEBUG    [tempest_lib.common.rest_client] Request - Headers: {'Content-Type': 'application/json', 'Accept': 'application/json', 'X-Auth-Token': '&lt;omitted&gt;'}
        Body: None
    Response - Headers: {'status': '404', 'content-length': '111', 'x-compute-request-id': 'req-f1f151c3-0296-4e3b-a8e1-720640704b6a', 'vary': 'X-OpenStack-Nova-API-Version', 'connection': 'close', 'x-openstack-nova-api-version': '2.1', 'date': 'Tue, 23 Feb 2016 05:47:48 GMT', 'content-type': 'application/json; charset=UTF-8'}
        Body: {"itemNotFound": {"message": "Instance 5d79c74e-57d0-42f6-999e-4cf2a5ddb977 could not be found.", "code": 404}}
2016-02-23 05:47:49,502 27606 INFO     [tempest_lib.common.rest_client] Request (TestGettingAddress:_run_cleanups): 500 PUT http://10.4.1.3:9696/v2.0/routers/ce4046f9-ecbc-40c5-b2cb-4c755fde76dc/remove_router_interface 0.737s
2016-02-23 05:47:49,502 27606 DEBUG    [tempest_lib.common.rest_client] Request - Headers: {'Content-Type': 'application/json', 'Accept': 'application/json', 'X-Auth-Token': '&lt;omitted&gt;'}
        Body: {"subnet_id": "9afd2e23-ae8f-41b0-afc1-e17ce7d6da80"}
    Response - Headers: {'status': '500', 'content-length': '150', 'connection': 'close', 'date': 'Tue, 23 Feb 2016 05:47:49 GMT', 'content-type': 'application/json; charset=UTF-8', 'x-openstack-request-id': 'req-862a1dea-c275-4c19-8cdb-3b235769365e'}
        Body: {"NeutronError": {"message": "Request Failed: internal server error while processing your request.", "type": "HTTPInternalServerError", "detail": ""}}
2016-02-23 05:47:49,989 27606 INFO     [tempest_lib.common.rest_client] Request (TestGettingAddress:_run_cleanups): 404 PUT http://10.4.1.3:9696/v2.0/routers/ce4046f9-ecbc-40c5-b2cb-4c755fde76dc/remove_router_interface 0.482s
2016-02-23 05:47:49,990 27606 DEBUG    [tempest_lib.common.rest_client] Request - Headers: {'Content-Type': 'application/json', 'Accept': 'application/json', 'X-Auth-Token': '&lt;omitted&gt;'}
        Body: {"subnet_id": "9afd2e23-ae8f-41b0-afc1-e17ce7d6da80"}
    Response - Headers: {'status': '404', 'content-length': '198', 'connection': 'close', 'date': 'Tue, 23 Feb 2016 05:47:49 GMT', 'content-type': 'application/json; charset=UTF-8', 'x-openstack-request-id': 'req-834c339c-9727-4b40-8444-8cd026f1c3b1'}
        Body: {"NeutronError": {"message": "Router ce4046f9-ecbc-40c5-b2cb-4c755fde76dc has no interface on subnet 9afd2e23-ae8f-41b0-afc1-e17ce7d6da80", "type": "RouterInterfaceNotFoundForSubnet", "detail": ""}}
2016-02-23 05:47:50,702 27606 INFO     [tempest_lib.common.rest_client] Request (TestGettingAddress:_run_cleanups): 500 PUT http://10.4.1.3:9696/v2.0/routers/ce4046f9-ecbc-40c5-b2cb-4c755fde76dc/remove_router_interface 0.711s
2016-02-23 05:47:50,703 27606 DEBUG    [tempest_lib.common.rest_client] Request - Headers: {'Content-Type': 'application/json', 'Accept': 'application/json', 'X-Auth-Token': '&lt;omitted&gt;'}
        Body: {"subnet_id": "dcce6e74-1fcf-4a3f-b9d5-9e2c1cd095ef"}
    Response - Headers: {'status': '500', 'content-length': '150', 'connection': 'close', 'date': 'Tue, 23 Feb 2016 05:47:50 GMT', 'content-type': 'application/json; charset=UTF-8', 'x-openstack-request-id': 'req-b4dbc343-2304-46ff-a4ab-fc219dde65bf'}
        Body: {"NeutronError": {"message": "Request Failed: internal server error while processing your request.", "type": "HTTPInternalServerError", "detail": ""}}
2016-02-23 05:47:50,961 27606 INFO     [tempest_lib.common.rest_client] Request (TestGettingAddress:_run_cleanups): 200 GET http://10.4.1.3:9696/v2.0/routers/ce4046f9-ecbc-40c5-b2cb-4c755fde76dc 0.256s
2016-02-23 05:47:50,962 27606 DEBUG    [tempest_lib.common.rest_client] Request - Headers: {'Content-Type': 'application/json', 'Accept': 'application/json', 'X-Auth-Token': '&lt;omitted&gt;'}
        Body: None
    Response - Headers: {'status': '200', 'content-length': '500', 'content-location': 'http://10.4.1.3:9696/v2.0/routers/ce4046f9-ecbc-40c5-b2cb-4c755fde76dc', 'connection': 'close', 'date': 'Tue, 23 Feb 2016 05:47:50 GMT', 'content-type': 'application/json; charset=UTF-8', 'x-openstack-request-id': 'req-9421b48d-94c8-4572-b33d-90d4afa24ff9'}
        Body: {"router": {"status": "ACTIVE", "external_gateway_info": {"network_id": "afe151c2-8191-47aa-a638-eb8eb99237a5", "enable_snat": true, "external_fixed_ips": [{"subnet_id": "2f05559c-4a0b-477a-ab4a-7e9c5cba1845", "ip_address": "172.24.4.3"}, {"subnet_id": "d293a12c-25ba-4f34-844e-1be3ed7acf19", "ip_address": "2001:db8::3"}]}, "name": "tempest-router-smoke-510837893", "admin_state_up": true, "tenant_id": "db765014f68d422cb9cd8dbc3d457f02", "routes": [], "id": "ce4046f9-ecbc-40c5-b2cb-4c755fde76dc"}}
2016-02-23 05:47:51,533 27606 INFO     [tempest_lib.common.rest_client] Request (TestGettingAddress:_run_cleanups): 200 PUT http://10.4.1.3:9696/v2.0/routers/ce4046f9-ecbc-40c5-b2cb-4c755fde76dc 0.570s
2016-02-23 05:47:51,534 27606 DEBUG    [tempest_lib.common.rest_client] Request - Headers: {'Content-Type': 'application/json', 'Accept': 'application/json', 'X-Auth-Token': '&lt;omitted&gt;'}
        Body: {"router": {"external_gateway_info": {}, "name": "tempest-router-smoke-510837893", "admin_state_up": true}}
    Response - Headers: {'status': '200', 'content-length': '238', 'connection': 'close', 'date': 'Tue, 23 Feb 2016 05:47:51 GMT', 'content-type': 'application/json; charset=UTF-8', 'x-openstack-request-id': 'req-b1242259-6dc2-45d4-83bb-e836f2ef7706'}
        Body: {"router": {"status": "ACTIVE", "external_gateway_info": null, "name": "tempest-router-smoke-510837893", "admin_state_up": true, "tenant_id": "db765014f68d422cb9cd8dbc3d457f02", "routes": [], "id": "ce4046f9-ecbc-40c5-b2cb-4c755fde76dc"}}
2016-02-23 05:47:51,943 27606 INFO     [tempest_lib.common.rest_client] Request (TestGettingAddress:_run_cleanups): 500 DELETE http://10.4.1.3:9696/v2.0/routers/ce4046f9-ecbc-40c5-b2cb-4c755fde76dc 0.407s
2016-02-23 05:47:51,943 27606 DEBUG    [tempest_lib.common.rest_client] Request - Headers: {'Content-Type': 'application/json', 'Accept': 'application/json', 'X-Auth-Token': '&lt;omitted&gt;'}
        Body: None
    Response - Headers: {'status': '500', 'content-length': '150', 'connection': 'close', 'date': 'Tue, 23 Feb 2016 05:47:51 GMT', 'content-type': 'application/json; charset=UTF-8', 'x-openstack-request-id': 'req-ee3cec60-2800-4dc2-98df-8b8398acc93f'}
        Body: {"NeutronError": {"message": "Request Failed: internal server error while processing your request.", "type": "HTTPInternalServerError", "detail": ""}}
2016-02-23 05:47:52,196 27606 INFO     [tempest_lib.common.rest_client] Request (TestGettingAddress:_run_cleanups): 404 PUT http://10.4.1.3:9696/v2.0/routers/ce4046f9-ecbc-40c5-b2cb-4c755fde76dc/remove_router_interface 0.251s
2016-02-23 05:47:52,196 27606 DEBUG    [tempest_lib.common.rest_client] Request - Headers: {'Content-Type': 'application/json', 'Accept': 'application/json', 'X-Auth-Token': '&lt;omitted&gt;'}
        Body: {"subnet_id": "dcce6e74-1fcf-4a3f-b9d5-9e2c1cd095ef"}
    Response - Headers: {'status': '404', 'content-length': '135', 'connection': 'close', 'date': 'Tue, 23 Feb 2016 05:47:52 GMT', 'content-type': 'application/json; charset=UTF-8', 'x-openstack-request-id': 'req-03bc1feb-16a1-4936-b89b-e3789e2f46d5'}
        Body: {"NeutronError": {"message": "Router ce4046f9-ecbc-40c5-b2cb-4c755fde76dc could not be found", "type": "RouterNotFound", "detail": ""}}
2016-02-23 05:47:53,019 27606 INFO     [tempest_lib.common.rest_client] Request (TestGettingAddress:_run_cleanups): 204 DELETE http://10.4.1.3:9696/v2.0/networks/4746b349-b60b-48a6-b7b7-f1c5c8f34008 0.820s
2016-02-23 05:47:53,020 27606 DEBUG    [tempest_lib.common.rest_client] Request - Headers: {'Content-Type': 'application/json', 'Accept': 'application/json', 'X-Auth-Token': '&lt;omitted&gt;'}
        Body: None
    Response - Headers: {'date': 'Tue, 23 Feb 2016 05:47:53 GMT', 'status': '204', 'connection': 'close', 'content-length': '0', 'x-openstack-request-id': 'req-a98f77eb-0588-43de-b349-02dfdd28105b'}
        Body: 
2016-02-23 05:47:53,347 27606 INFO     [tempest_lib.common.rest_client] Request (TestGettingAddress:_run_cleanups): 204 DELETE http://10.4.1.3:9696/v2.0/security-groups/78e95b0d-ce27-4907-bb6b-2a355bf70389 0.326s
2016-02-23 05:47:53,347 27606 DEBUG    [tempest_lib.common.rest_client] Request - Headers: {'Content-Type': 'application/json', 'Accept': 'application/json', 'X-Auth-Token': '&lt;omitted&gt;'}
        Body: None
    Response - Headers: {'date': 'Tue, 23 Feb 2016 05:47:53 GMT', 'status': '204', 'connection': 'close', 'content-length': '0', 'x-openstack-request-id': 'req-62861fec-d494-4164-b628-5af67182a6b7'}
        Body: 
2016-02-23 05:47:53,574 27606 INFO     [tempest_lib.common.rest_client] Request (TestGettingAddress:_run_cleanups): 202 DELETE http://10.4.1.3:8774/v2.1/db765014f68d422cb9cd8dbc3d457f02/os-keypairs/tempest-TestGettingAddress-1581838718 0.226s
2016-02-23 05:47:53,575 27606 DEBUG    [tempest_lib.common.rest_client] Request - Headers: {'Content-Type': 'application/json', 'Accept': 'application/json', 'X-Auth-Token': '&lt;omitted&gt;'}
        Body: None
