<?xml version="1.0" encoding="UTF-8"?>
<!DOCTYPE html PUBLIC "-//W3C//DTD XHTML 1.0 Strict//EN"
     "http://www.w3.org/TR/xhtml1/DTD/xhtml1-strict.dtd">
<html xmlns="http://www.w3.org/1999/xhtml">
<head>
    <title>Unit Test Report</title>
    <meta name="generator" content="subunit2html 0.1"/>
    <meta http-equiv="Content-Type" content="text/html; charset=UTF-8"/>
    
<style type="text/css" media="screen">
body        { font-family: verdana, arial, helvetica, sans-serif;
    font-size: 80%; }
table       { font-size: 100%; width: 100%;}
pre         { font-size: 80%; }

/* -- heading -------------------------------------------------------------- */
h1 {
        font-size: 16pt;
        color: gray;
}
.heading {
    margin-top: 0ex;
    margin-bottom: 1ex;
}

.heading .attribute {
    margin-top: 1ex;
    margin-bottom: 0;
}

.heading .description {
    margin-top: 4ex;
    margin-bottom: 6ex;
}

/* -- css div popup -------------------------------------------------------- */
a.popup_link {
}

a.popup_link:hover {
    color: red;
}

.popup_window {
    display: none;
    overflow-x: scroll;
    /*border: solid #627173 1px; */
    padding: 10px;
    background-color: #E6E6D6;
    font-family: "Ubuntu Mono", "Lucida Console", "Courier New", monospace;
    text-align: left;
    font-size: 8pt;
}

}
/* -- report --------------------------------------------------------------- */
#show_detail_line {
    margin-top: 3ex;
    margin-bottom: 1ex;
}
#result_table {
    width: 100%;
    border-collapse: collapse;
    border: 1px solid #777;
}
#header_row {
    font-weight: bold;
    color: white;
    background-color: #777;
}
#result_table td {
    border: 1px solid #777;
    padding: 2px;
}
#total_row  { font-weight: bold; }
.passClass  { background-color: #6c6; }
.failClass  { background-color: #c60; }
.errorClass { background-color: #c00; }
.passCase   { color: #6c6; }
.failCase   { color: #c60; font-weight: bold; }
.errorCase  { color: #c00; font-weight: bold; }
.hiddenRow  { display: none; }
.testcase   { margin-left: 2em; }
td.testname {width: 40%}
td.small {width: 40px}

/* -- ending --------------------------------------------------------------- */
#ending {
}

</style>

</head>
<body>
<script language="javascript" type="text/javascript"><!--
output_list = Array();

/* level - 0:Summary; 1:Failed; 2:All */
function showCase(level) {
    trs = document.getElementsByTagName("tr");
    for (var i = 0; i < trs.length; i++) {
        tr = trs[i];
        id = tr.id;
        if (id.substr(0,2) == 'ft') {
            if (level < 1) {
                tr.className = 'hiddenRow';
            }
            else {
                tr.className = '';
            }
        }
        if (id.substr(0,2) == 'pt') {
            if (level > 1) {
                tr.className = '';
            }
            else {
                tr.className = 'hiddenRow';
            }
        }
    }
}


function showClassDetail(cid, count) {
    var id_list = Array(count);
    var toHide = 1;
    for (var i = 0; i < count; i++) {
        tid0 = 't' + cid.substr(1) + '.' + (i+1);
        tid = 'f' + tid0;
        tr = document.getElementById(tid);
        if (!tr) {
            tid = 'p' + tid0;
            tr = document.getElementById(tid);
        }
        id_list[i] = tid;
        if (tr.className) {
            toHide = 0;
        }
    }
    for (var i = 0; i < count; i++) {
        tid = id_list[i];
        if (toHide) {
            document.getElementById('div_'+tid).style.display = 'none'
            document.getElementById(tid).className = 'hiddenRow';
        }
        else {
            document.getElementById(tid).className = '';
        }
    }
}


function showTestDetail(div_id){
    var details_div = document.getElementById(div_id)
    var displayState = details_div.style.display
    // alert(displayState)
    if (displayState != 'block' ) {
        displayState = 'block'
        details_div.style.display = 'block'
    }
    else {
        details_div.style.display = 'none'
    }
}


function html_escape(s) {
    s = s.replace(/&/g,'&amp;');
    s = s.replace(/</g,'&lt;');
    s = s.replace(/>/g,'&gt;');
    return s;
}

/* obsoleted by detail in <div>
function showOutput(id, name) {
    var w = window.open("", //url
                    name,
                    "resizable,scrollbars,status,width=800,height=450");
    d = w.document;
    d.write("<pre>");
    d.write(html_escape(output_list[id]));
    d.write("\n");
    d.write("<a href='javascript:window.close()'>close</a>\n");
    d.write("</pre>\n");
    d.close();
}
*/
--></script>

<div class='heading'>
<h1>Unit Test Report</h1>

<p class='attribute'><strong>Status:</strong> Failure 8</p>

<p class='description'></p>
</div>



<p id='show_detail_line'>Show
<a href='javascript:showCase(0)'>Summary</a>
<a href='javascript:showCase(1)'>Failed</a>
<a href='javascript:showCase(2)'>All</a>
</p>
<table id='result_table'>
<colgroup>
<col align='left' />
<col align='right' />
<col align='right' />
<col align='right' />
<col align='right' />
<col align='right' />
<col align='right' />
<col align='right' />
</colgroup>
<tr id='header_row'>
    <td>Test Group/Test case</td>
    <td>Count</td>
    <td>Pass</td>
    <td>Fail</td>
    <td>Error</td>
    <td>Skip</td>
    <td>View</td>
    <td> </td>
</tr>

<tr class='failClass'>
    <td class="testname">tempest.scenario.test_network_v6.TestGettingAddress</td>
    <td class="small">8</td>
    <td class="small">0</td>
    <td class="small">8</td>
    <td class="small">0</td>
    <td class="small">0</td>
    <td class="small"><a href="javascript:showClassDetail('c1',8)"
>Detail</a></td>
    <td> </td>
</tr>

<tr id='ft1.1' class='none'>
    <td class='failCase'><div class='testcase'>test_dhcp6_stateless_from_os[compute,id-d7e1f858-187c-45a6-89c9-bdafde619a9f,network]</div></td>
    <td colspan='7' align='left'>

    <!--css div popup start-->
    <a class="popup_link" onfocus='this.blur();'
    href="javascript:showTestDetail('div_ft1.1')" >
        fail</a>

    <div id='div_ft1.1' class="popup_window">
        <div style='text-align: right; color:red;cursor:pointer'>
        <a onfocus='this.blur();'
onclick="document.getElementById('div_ft1.1').style.display = 'none' " >
           [x]</a>
        </div>
        <pre>
        
ft1.1: tempest.scenario.test_network_v6.TestGettingAddress.test_dhcp6_stateless_from_os[compute,id-d7e1f858-187c-45a6-89c9-bdafde619a9f,network]_StringException: Empty attachments:
  stderr
  stdout

pythonlogging:'': {{{
2016-01-22 07:29:23,208 15376 INFO     [tempest_lib.common.rest_client] Request (TestGettingAddress:setUp): 200 POST http://10.4.1.3:8774/v2.1/2659095338424c0eac94bea3a1df40dc/os-keypairs 0.478s
2016-01-22 07:29:23,209 15376 DEBUG    [tempest_lib.common.rest_client] Request - Headers: {'Content-Type': 'application/json', 'Accept': 'application/json', 'X-Auth-Token': '&lt;omitted&gt;'}
        Body: {"keypair": {"name": "tempest-TestGettingAddress-1672630411"}}
    Response - Headers: {'status': '200', 'content-length': '2320', 'x-compute-request-id': 'req-75efa6ce-5fe7-4e30-bdec-e6233d294409', 'vary': 'X-OpenStack-Nova-API-Version', 'connection': 'close', 'x-openstack-nova-api-version': '2.1', 'date': 'Fri, 22 Jan 2016 07:29:23 GMT', 'content-type': 'application/json'}
        Body: {"keypair": {"public_key": "ssh-rsa AAAAB3NzaC1yc2EAAAADAQABAAABAQCy+/OdofVr8J1DWsog5UP4X8dxBOSwMeg3jGxLsohg0BBEWesgsjLnGlvzu5tFaQNyi4rLlU4KalvXfckz/ZtC0C3/wQZtLA+f8Q7z8AxxXOG5qkCYnWnc/i1YmGiIFzuGtC6oT8CMts47twjROxHcKbmpKgLOz6Z7TOJOPlLhf7EjF1KkAVxQuZ20xEI0jHLht6pcN3ZwplU9W43hrATg/P4u71uB0lIZ+iAuQ2iq2XfCOhkTKPTU8zvhQ6KdMmr5MGt8xv2fCwit1Ht8Ihr0Ue8YlG9Kp+gTJxf4kPTi0zUVoVWZYD0OStNCU4f5420WWwq8sSuI3DYLLF1linpB Generated-by-Nova", "private_key": "-----BEGIN RSA PRIVATE KEY-----\nMIIEqQIBAAKCAQEAsvvznaH1a/CdQ1rKIOVD+F/HcQTksDHoN4xsS7KIYNAQRFnr\nILIy5xpb87ubRWkDcouKy5VOCmpb133JM/2bQtAt/8EGbSwPn/EO8/AMcVzhuapA\nmJ1p3P4tWJhoiBc7hrQuqE/AjLbOO7cI0TsR3Cm5qSoCzs+me0ziTj5S4X+xIxdS\npAFcULmdtMRCNIxy4beqXDd2cKZVPVuN4awE4Pz+Lu9bgdJSGfogLkNoqtl3wjoZ\nEyj01PM74UOinTJq+TBrfMb9nwsIrdR7fCIa9FHvGJRvSqfoEycX+JD04tM1FaFV\nmWA9DkrTQlOH+eNtFlsKvLEriNw2CyxdZYp6QQIDAQABAoIBAHESwS5V0lFV2lRh\n+A5eKNmx0LLy73LspJLrUMNlz8ixyYUU9XlbetMLkQni/M4V8Mqdo5rIAVyNIuZ5\nnfINhtfn4xePH3s6+cgGp3ausX2wux3rlBGWaPnnTkiJSIipfL61+D/22mNLXfDV\nymk8kyTu608Wrl1vS/LbeKELuJqiXWmoVuxbsfHRrhPVo1VhgqwBD+qFBKDQ3z/G\ncYLcns/X3imcldBX/fmh8/PolU19XVhZ9SGHuWmF4yveFt3Ka6AyMEq70G4DwURm\nYiFZEOr9Yz3NeEXLoGL1nAXe8Ixlm8x17HVtAFhgezYLFP1LCddhSrzBd76S7l3X\nAPwHS90CggCBAM6rTomdTwaUziFnX07059++ZkuOEdzhploFTiSaFjzvAMo5l6KP\nLG6Np1okU1NFxCfvqDTaUNp6FQg1dzY59zM2AaX7kGXAZzscAfkLg4zFnYw5jt0g\nMGVwCbi4t5R69ZClZuy0mivkXXzV6M2tpVuOixi2uJTEw0h85KmAZERjAoIAgQDd\ntO5IRtroHc0T3CVco898Pq4Jj6LIUpZygx+mUuF+1UXQJCTxqPCtkMm6JkcoxCHg\nf0GuVUTVZjGQjKJLD7IMe6BjvmnGshCGfl285y36Qcir7556rkRZmJwQf4XwWl+M\ncorYtp0i24hFT8Gc4eLlvsX1fE8DejxZ+N5kjZNuCwKCAIEAyjAmIdPYoGOsVlm/\nkItg3jBz+67+Is5P5PoTvRNSdkKMz0sQ4mSX34COHU40ht9WTIvWT/7V4yhUszc7\nbb2/7kYDztMSLbnSRK3d8Dwncu1SeQFGl2cKcfLuT93HHGg/HkfzLdhyjEZaf+r2\nW2Jqx+vogUEhy8nEE4K8YmfNsGkCggCAecuit5wNOETe25EuCUWIf4XjkCcTUx9j\nvQbhxTp03HuHfb/Nd+DKT19iItxSbUfKII1oZMA9L0qT4ggQRFIcCxWDWChL7bb2\nsxwKnPMXZArtld7uXhEMRXg8DCgySYcsRHjMZB92FacqpoEZKPlC79ms4J5ovc1S\nCE9axTytiF8CggCBAJRVaAaMo65Jz/3B/ADv1NHfmdhqVDsmMpWodTaDgR/KPOLq\nMuzxLAES7eF5BdjypAx29zJjkXVJVR2PQ5oeGW8R5R7MYWtrNz3V9vUcC9Pe4d6V\ng6aOHJtNr4UHxh+7N5GD75ppfwPX1IZ6jssBEJAIg65iixKvzmKVaHJv2U79\n-----END RSA PRIVATE KEY-----\n", "user_id": "24482753b4924f4c9a01f8530d9a6679", "name": "tempest-TestGettingAddress-1672630411", "fingerprint": "dd:d8:a8:88:90:79:23:f0:0c:a5:20:22:ee:16:3f:f2"}}
2016-01-22 07:29:23,612 15376 INFO     [tempest_lib.common.rest_client] Request (TestGettingAddress:setUp): 201 POST http://10.4.1.3:9696/v2.0/security-groups 0.397s
2016-01-22 07:29:23,613 15376 DEBUG    [tempest_lib.common.rest_client] Request - Headers: {'Content-Type': 'application/json', 'Accept': 'application/json', 'X-Auth-Token': '&lt;omitted&gt;'}
        Body: {"security_group": {"tenant_id": "2659095338424c0eac94bea3a1df40dc", "description": "tempest-secgroup-smoke-423186597 description", "name": "tempest-secgroup-smoke-423186597"}}
    Response - Headers: {'status': '201', 'content-length': '886', 'connection': 'close', 'date': 'Fri, 22 Jan 2016 07:29:23 GMT', 'content-type': 'application/json; charset=UTF-8', 'x-openstack-request-id': 'req-98b433c2-c876-4a7d-a37a-7782c4fc3a96'}
        Body: {"security_group": {"tenant_id": "2659095338424c0eac94bea3a1df40dc", "description": "tempest-secgroup-smoke-423186597 description", "id": "88292cde-f244-4b07-a763-cecd1b444629", "security_group_rules": [{"remote_group_id": null, "direction": "egress", "remote_ip_prefix": null, "protocol": null, "ethertype": "IPv4", "tenant_id": "2659095338424c0eac94bea3a1df40dc", "port_range_max": null, "port_range_min": null, "id": "b7ca15d3-0199-43fc-a1e6-31281f595ddf", "security_group_id": "88292cde-f244-4b07-a763-cecd1b444629"}, {"remote_group_id": null, "direction": "egress", "remote_ip_prefix": null, "protocol": null, "ethertype": "IPv6", "tenant_id": "2659095338424c0eac94bea3a1df40dc", "port_range_max": null, "port_range_min": null, "id": "ecb8059d-2b5d-4beb-94da-fed699146378", "security_group_id": "88292cde-f244-4b07-a763-cecd1b444629"}], "name": "tempest-secgroup-smoke-423186597"}}
2016-01-22 07:29:23,748 15376 INFO     [tempest_lib.common.rest_client] Request (TestGettingAddress:setUp): 201 POST http://10.4.1.3:9696/v2.0/security-group-rules 0.133s
2016-01-22 07:29:23,749 15376 DEBUG    [tempest_lib.common.rest_client] Request - Headers: {'Content-Type': 'application/json', 'Accept': 'application/json', 'X-Auth-Token': '&lt;omitted&gt;'}
        Body: {"security_group_rule": {"direction": "ingress", "protocol": "tcp", "tenant_id": "2659095338424c0eac94bea3a1df40dc", "port_range_max": 22, "security_group_id": "88292cde-f244-4b07-a763-cecd1b444629", "port_range_min": 22}}
    Response - Headers: {'status': '201', 'content-length': '340', 'connection': 'close', 'date': 'Fri, 22 Jan 2016 07:29:23 GMT', 'content-type': 'application/json; charset=UTF-8', 'x-openstack-request-id': 'req-b0c7a10f-13e6-4394-a0aa-5dfa54a4d067'}
        Body: {"security_group_rule": {"remote_group_id": null, "direction": "ingress", "remote_ip_prefix": null, "protocol": "tcp", "ethertype": "IPv4", "tenant_id": "2659095338424c0eac94bea3a1df40dc", "port_range_max": 22, "port_range_min": 22, "id": "dea3496e-7b78-482e-baa6-753b6c5c4098", "security_group_id": "88292cde-f244-4b07-a763-cecd1b444629"}}
2016-01-22 07:29:23,877 15376 INFO     [tempest_lib.common.rest_client] Request (TestGettingAddress:setUp): 201 POST http://10.4.1.3:9696/v2.0/security-group-rules 0.126s
2016-01-22 07:29:23,877 15376 DEBUG    [tempest_lib.common.rest_client] Request - Headers: {'Content-Type': 'application/json', 'Accept': 'application/json', 'X-Auth-Token': '&lt;omitted&gt;'}
        Body: {"security_group_rule": {"direction": "egress", "protocol": "tcp", "tenant_id": "2659095338424c0eac94bea3a1df40dc", "port_range_max": 22, "security_group_id": "88292cde-f244-4b07-a763-cecd1b444629", "port_range_min": 22}}
    Response - Headers: {'status': '201', 'content-length': '339', 'connection': 'close', 'date': 'Fri, 22 Jan 2016 07:29:23 GMT', 'content-type': 'application/json; charset=UTF-8', 'x-openstack-request-id': 'req-8b543617-9fb9-41be-8576-48cb60b3daf8'}
        Body: {"security_group_rule": {"remote_group_id": null, "direction": "egress", "remote_ip_prefix": null, "protocol": "tcp", "ethertype": "IPv4", "tenant_id": "2659095338424c0eac94bea3a1df40dc", "port_range_max": 22, "port_range_min": 22, "id": "46732f11-9d5e-4b4e-9207-a50d2953b605", "security_group_id": "88292cde-f244-4b07-a763-cecd1b444629"}}
2016-01-22 07:29:24,013 15376 INFO     [tempest_lib.common.rest_client] Request (TestGettingAddress:setUp): 201 POST http://10.4.1.3:9696/v2.0/security-group-rules 0.133s
2016-01-22 07:29:24,013 15376 DEBUG    [tempest_lib.common.rest_client] Request - Headers: {'Content-Type': 'application/json', 'Accept': 'application/json', 'X-Auth-Token': '&lt;omitted&gt;'}
        Body: {"security_group_rule": {"tenant_id": "2659095338424c0eac94bea3a1df40dc", "direction": "ingress", "protocol": "icmp", "security_group_id": "88292cde-f244-4b07-a763-cecd1b444629"}}
    Response - Headers: {'status': '201', 'content-length': '345', 'connection': 'close', 'date': 'Fri, 22 Jan 2016 07:29:24 GMT', 'content-type': 'application/json; charset=UTF-8', 'x-openstack-request-id': 'req-e92f8513-e7c5-46f0-8a11-866efa162367'}
        Body: {"security_group_rule": {"remote_group_id": null, "direction": "ingress", "remote_ip_prefix": null, "protocol": "icmp", "ethertype": "IPv4", "tenant_id": "2659095338424c0eac94bea3a1df40dc", "port_range_max": null, "port_range_min": null, "id": "76320804-b283-42fc-86ee-d7ec206ab70d", "security_group_id": "88292cde-f244-4b07-a763-cecd1b444629"}}
2016-01-22 07:29:24,149 15376 INFO     [tempest_lib.common.rest_client] Request (TestGettingAddress:setUp): 201 POST http://10.4.1.3:9696/v2.0/security-group-rules 0.134s
2016-01-22 07:29:24,150 15376 DEBUG    [tempest_lib.common.rest_client] Request - Headers: {'Content-Type': 'application/json', 'Accept': 'application/json', 'X-Auth-Token': '&lt;omitted&gt;'}
        Body: {"security_group_rule": {"tenant_id": "2659095338424c0eac94bea3a1df40dc", "direction": "egress", "protocol": "icmp", "security_group_id": "88292cde-f244-4b07-a763-cecd1b444629"}}
    Response - Headers: {'status': '201', 'content-length': '344', 'connection': 'close', 'date': 'Fri, 22 Jan 2016 07:29:24 GMT', 'content-type': 'application/json; charset=UTF-8', 'x-openstack-request-id': 'req-3ec6a802-5c82-4d6f-b715-29904698eb58'}
        Body: {"security_group_rule": {"remote_group_id": null, "direction": "egress", "remote_ip_prefix": null, "protocol": "icmp", "ethertype": "IPv4", "tenant_id": "2659095338424c0eac94bea3a1df40dc", "port_range_max": null, "port_range_min": null, "id": "820d750c-7d00-4e4f-b382-2e4c04aae6b6", "security_group_id": "88292cde-f244-4b07-a763-cecd1b444629"}}
2016-01-22 07:29:24,281 15376 INFO     [tempest_lib.common.rest_client] Request (TestGettingAddress:setUp): 201 POST http://10.4.1.3:9696/v2.0/security-group-rules 0.130s
2016-01-22 07:29:24,281 15376 DEBUG    [tempest_lib.common.rest_client] Request - Headers: {'Content-Type': 'application/json', 'Accept': 'application/json', 'X-Auth-Token': '&lt;omitted&gt;'}
        Body: {"security_group_rule": {"tenant_id": "2659095338424c0eac94bea3a1df40dc", "direction": "ingress", "security_group_id": "88292cde-f244-4b07-a763-cecd1b444629", "protocol": "icmp", "ethertype": "IPv6"}}
    Response - Headers: {'status': '201', 'content-length': '345', 'connection': 'close', 'date': 'Fri, 22 Jan 2016 07:29:24 GMT', 'content-type': 'application/json; charset=UTF-8', 'x-openstack-request-id': 'req-32481821-2454-4267-a568-f8b30f85c07d'}
        Body: {"security_group_rule": {"remote_group_id": null, "direction": "ingress", "remote_ip_prefix": null, "protocol": "icmp", "ethertype": "IPv6", "tenant_id": "2659095338424c0eac94bea3a1df40dc", "port_range_max": null, "port_range_min": null, "id": "ab4785ae-79d3-4cc1-8c7c-ff01816ed2e9", "security_group_id": "88292cde-f244-4b07-a763-cecd1b444629"}}
2016-01-22 07:29:24,397 15376 INFO     [tempest_lib.common.rest_client] Request (TestGettingAddress:setUp): 201 POST http://10.4.1.3:9696/v2.0/security-group-rules 0.115s
2016-01-22 07:29:24,398 15376 DEBUG    [tempest_lib.common.rest_client] Request - Headers: {'Content-Type': 'application/json', 'Accept': 'application/json', 'X-Auth-Token': '&lt;omitted&gt;'}
        Body: {"security_group_rule": {"tenant_id": "2659095338424c0eac94bea3a1df40dc", "direction": "egress", "security_group_id": "88292cde-f244-4b07-a763-cecd1b444629", "protocol": "icmp", "ethertype": "IPv6"}}
    Response - Headers: {'status': '201', 'content-length': '344', 'connection': 'close', 'date': 'Fri, 22 Jan 2016 07:29:24 GMT', 'content-type': 'application/json; charset=UTF-8', 'x-openstack-request-id': 'req-f6aace98-6339-46c7-9147-6bb4d3cf9c06'}
        Body: {"security_group_rule": {"remote_group_id": null, "direction": "egress", "remote_ip_prefix": null, "protocol": "icmp", "ethertype": "IPv6", "tenant_id": "2659095338424c0eac94bea3a1df40dc", "port_range_max": null, "port_range_min": null, "id": "3ec131cd-a15a-4507-9160-7285bf0de64d", "security_group_id": "88292cde-f244-4b07-a763-cecd1b444629"}}
2016-01-22 07:29:24,582 15376 INFO     [tempest_lib.common.rest_client] Request (TestGettingAddress:test_dhcp6_stateless_from_os): 201 POST http://10.4.1.3:9696/v2.0/networks 0.182s
2016-01-22 07:29:24,582 15376 DEBUG    [tempest_lib.common.rest_client] Request - Headers: {'Content-Type': 'application/json', 'Accept': 'application/json', 'X-Auth-Token': '&lt;omitted&gt;'}
        Body: {"network": {"tenant_id": "2659095338424c0eac94bea3a1df40dc", "name": "tempest-network-smoke--93040042"}}
    Response - Headers: {'status': '201', 'content-length': '325', 'connection': 'close', 'date': 'Fri, 22 Jan 2016 07:29:24 GMT', 'content-type': 'application/json; charset=UTF-8', 'x-openstack-request-id': 'req-ae8baab2-117f-4f0c-8e91-fad3d292708c'}
        Body: {"network": {"status": "ACTIVE", "subnets": [], "availability_zone_hints": [], "name": "tempest-network-smoke--93040042", "admin_state_up": true, "tenant_id": "2659095338424c0eac94bea3a1df40dc", "mtu": 0, "router:external": false, "shared": false, "port_security_enabled": true, "id": "8530e409-9449-4c5e-aa1d-c8d4afa40ca0"}}
2016-01-22 07:29:24,797 15376 INFO     [tempest_lib.common.rest_client] Request (TestGettingAddress:test_dhcp6_stateless_from_os): 200 GET http://10.4.1.3:9696/v2.0/subnets?tenant_id=2659095338424c0eac94bea3a1df40dc&amp;cidr=10.100.0.0%2F28 0.213s
2016-01-22 07:29:24,798 15376 DEBUG    [tempest_lib.common.rest_client] Request - Headers: {'Content-Type': 'application/json', 'Accept': 'application/json', 'X-Auth-Token': '&lt;omitted&gt;'}
        Body: None
    Response - Headers: {'status': '200', 'content-length': '15', 'content-location': 'http://10.4.1.3:9696/v2.0/subnets?tenant_id=2659095338424c0eac94bea3a1df40dc&amp;cidr=10.100.0.0%2F28', 'connection': 'close', 'date': 'Fri, 22 Jan 2016 07:29:24 GMT', 'content-type': 'application/json; charset=UTF-8', 'x-openstack-request-id': 'req-b185e020-c553-4714-97f5-c88fbd136fc8'}
        Body: {"subnets": []}
2016-01-22 07:29:25,400 15376 INFO     [tempest_lib.common.rest_client] Request (TestGettingAddress:test_dhcp6_stateless_from_os): 201 POST http://10.4.1.3:9696/v2.0/subnets 0.600s
2016-01-22 07:29:25,400 15376 DEBUG    [tempest_lib.common.rest_client] Request - Headers: {'Content-Type': 'application/json', 'Accept': 'application/json', 'X-Auth-Token': '&lt;omitted&gt;'}
        Body: {"subnet": {"ip_version": 4, "tenant_id": "2659095338424c0eac94bea3a1df40dc", "cidr": "10.100.0.0/28", "network_id": "8530e409-9449-4c5e-aa1d-c8d4afa40ca0", "name": "tempest-sub4-1066279262"}}
    Response - Headers: {'status': '201', 'content-length': '470', 'connection': 'close', 'date': 'Fri, 22 Jan 2016 07:29:25 GMT', 'content-type': 'application/json; charset=UTF-8', 'x-openstack-request-id': 'req-df9e3d21-aaac-43c3-bef6-8dd89025b761'}
        Body: {"subnet": {"name": "tempest-sub4-1066279262", "enable_dhcp": true, "network_id": "8530e409-9449-4c5e-aa1d-c8d4afa40ca0", "tenant_id": "2659095338424c0eac94bea3a1df40dc", "dns_nameservers": [], "gateway_ip": "10.100.0.1", "ipv6_ra_mode": null, "allocation_pools": [{"start": "10.100.0.2", "end": "10.100.0.14"}], "host_routes": [], "ip_version": 4, "ipv6_address_mode": null, "cidr": "10.100.0.0/28", "id": "cc2aec1c-0f7c-4953-95be-19b58cde2ce7", "subnetpool_id": null}}
2016-01-22 07:29:25,467 15376 INFO     [tempest_lib.common.rest_client] Request (TestGettingAddress:test_dhcp6_stateless_from_os): 201 POST http://10.4.1.3:9696/v2.0/routers 0.066s
2016-01-22 07:29:25,468 15376 DEBUG    [tempest_lib.common.rest_client] Request - Headers: {'Content-Type': 'application/json', 'Accept': 'application/json', 'X-Auth-Token': '&lt;omitted&gt;'}
        Body: {"router": {"tenant_id": "2659095338424c0eac94bea3a1df40dc", "name": "tempest-router-smoke-504284153", "admin_state_up": true}}
    Response - Headers: {'status': '201', 'content-length': '238', 'connection': 'close', 'date': 'Fri, 22 Jan 2016 07:29:25 GMT', 'content-type': 'application/json; charset=UTF-8', 'x-openstack-request-id': 'req-31efe0ca-56b1-41bf-a398-833e9e1f6aee'}
        Body: {"router": {"status": "ACTIVE", "external_gateway_info": null, "name": "tempest-router-smoke-504284153", "admin_state_up": true, "tenant_id": "2659095338424c0eac94bea3a1df40dc", "routes": [], "id": "271af49b-8a2e-4813-88b4-f2648b016876"}}
2016-01-22 07:29:25,519 15376 INFO     [tempest_lib.common.rest_client] Request (TestGettingAddress:test_dhcp6_stateless_from_os): 200 GET http://10.4.1.3:9696/v2.0/routers/271af49b-8a2e-4813-88b4-f2648b016876 0.049s
2016-01-22 07:29:25,519 15376 DEBUG    [tempest_lib.common.rest_client] Request - Headers: {'Content-Type': 'application/json', 'Accept': 'application/json', 'X-Auth-Token': '&lt;omitted&gt;'}
        Body: None
    Response - Headers: {'status': '200', 'content-length': '238', 'content-location': 'http://10.4.1.3:9696/v2.0/routers/271af49b-8a2e-4813-88b4-f2648b016876', 'connection': 'close', 'date': 'Fri, 22 Jan 2016 07:29:25 GMT', 'content-type': 'application/json; charset=UTF-8', 'x-openstack-request-id': 'req-fcaf65f5-64b1-4bbb-842d-e594f79e7a17'}
        Body: {"router": {"status": "ACTIVE", "external_gateway_info": null, "name": "tempest-router-smoke-504284153", "admin_state_up": true, "tenant_id": "2659095338424c0eac94bea3a1df40dc", "routes": [], "id": "271af49b-8a2e-4813-88b4-f2648b016876"}}
2016-01-22 07:29:26,282 15376 INFO     [tempest_lib.common.rest_client] Request (TestGettingAddress:test_dhcp6_stateless_from_os): 200 PUT http://10.4.1.3:9696/v2.0/routers/271af49b-8a2e-4813-88b4-f2648b016876 0.762s
2016-01-22 07:29:26,283 15376 DEBUG    [tempest_lib.common.rest_client] Request - Headers: {'Content-Type': 'application/json', 'Accept': 'application/json', 'X-Auth-Token': '&lt;omitted&gt;'}
        Body: {"router": {"external_gateway_info": {"network_id": "938e3e42-616d-4371-8e5f-e84ad9e85a3b"}, "name": "tempest-router-smoke-504284153", "admin_state_up": true}}
    Response - Headers: {'status': '200', 'content-length': '500', 'connection': 'close', 'date': 'Fri, 22 Jan 2016 07:29:26 GMT', 'content-type': 'application/json; charset=UTF-8', 'x-openstack-request-id': 'req-bbd18e5f-9d24-4219-a56f-d7adfad220cc'}
        Body: {"router": {"status": "ACTIVE", "external_gateway_info": {"network_id": "938e3e42-616d-4371-8e5f-e84ad9e85a3b", "enable_snat": true, "external_fixed_ips": [{"subnet_id": "b845e716-cb22-41e7-b2c2-d3a788cfeb23", "ip_address": "172.24.4.3"}, {"subnet_id": "9e63fad4-1c82-47d6-bc9e-50be865514a4", "ip_address": "2001:db8::4"}]}, "name": "tempest-router-smoke-504284153", "admin_state_up": true, "tenant_id": "2659095338424c0eac94bea3a1df40dc", "routes": [], "id": "271af49b-8a2e-4813-88b4-f2648b016876"}}
2016-01-22 07:29:26,928 15376 INFO     [tempest_lib.common.rest_client] Request (TestGettingAddress:test_dhcp6_stateless_from_os): 200 PUT http://10.4.1.3:9696/v2.0/routers/271af49b-8a2e-4813-88b4-f2648b016876/add_router_interface 0.645s
2016-01-22 07:29:26,929 15376 DEBUG    [tempest_lib.common.rest_client] Request - Headers: {'Content-Type': 'application/json', 'Accept': 'application/json', 'X-Auth-Token': '&lt;omitted&gt;'}
        Body: {"subnet_id": "cc2aec1c-0f7c-4953-95be-19b58cde2ce7"}
    Response - Headers: {'status': '200', 'content-length': '255', 'connection': 'close', 'date': 'Fri, 22 Jan 2016 07:29:26 GMT', 'content-type': 'application/json; charset=UTF-8', 'x-openstack-request-id': 'req-486a6f02-51b2-40ce-829f-7b7cf25ba370'}
        Body: {"subnet_id": "cc2aec1c-0f7c-4953-95be-19b58cde2ce7", "tenant_id": "2659095338424c0eac94bea3a1df40dc", "subnet_ids": ["cc2aec1c-0f7c-4953-95be-19b58cde2ce7"], "port_id": "74defbbf-abd1-492b-b0be-6e9bb2b94633", "id": "271af49b-8a2e-4813-88b4-f2648b016876"}
2016-01-22 07:29:26,980 15376 INFO     [tempest_lib.common.rest_client] Request (TestGettingAddress:test_dhcp6_stateless_from_os): 200 GET http://10.4.1.3:9696/v2.0/subnets?tenant_id=2659095338424c0eac94bea3a1df40dc&amp;cidr=2003%3A%3A%2F64 0.050s
2016-01-22 07:29:26,981 15376 DEBUG    [tempest_lib.common.rest_client] Request - Headers: {'Content-Type': 'application/json', 'Accept': 'application/json', 'X-Auth-Token': '&lt;omitted&gt;'}
        Body: None
    Response - Headers: {'status': '200', 'content-length': '15', 'content-location': 'http://10.4.1.3:9696/v2.0/subnets?tenant_id=2659095338424c0eac94bea3a1df40dc&amp;cidr=2003%3A%3A%2F64', 'connection': 'close', 'date': 'Fri, 22 Jan 2016 07:29:26 GMT', 'content-type': 'application/json; charset=UTF-8', 'x-openstack-request-id': 'req-e7550137-3e0f-4dfe-9606-20c62250ef98'}
        Body: {"subnets": []}
2016-01-22 07:29:27,362 15376 INFO     [tempest_lib.common.rest_client] Request (TestGettingAddress:test_dhcp6_stateless_from_os): 201 POST http://10.4.1.3:9696/v2.0/subnets 0.380s
2016-01-22 07:29:27,363 15376 DEBUG    [tempest_lib.common.rest_client] Request - Headers: {'Content-Type': 'application/json', 'Accept': 'application/json', 'X-Auth-Token': '&lt;omitted&gt;'}
        Body: {"subnet": {"name": "tempest-sub6-1818616084", "network_id": "8530e409-9449-4c5e-aa1d-c8d4afa40ca0", "tenant_id": "2659095338424c0eac94bea3a1df40dc", "ipv6_ra_mode": "dhcpv6-stateless", "ip_version": 6, "ipv6_address_mode": "dhcpv6-stateless", "cidr": "2003::/64"}}
    Response - Headers: {'status': '201', 'content-length': '502', 'connection': 'close', 'date': 'Fri, 22 Jan 2016 07:29:27 GMT', 'content-type': 'application/json; charset=UTF-8', 'x-openstack-request-id': 'req-204808c4-0fa3-46bc-9eba-c4f2acf0f750'}
        Body: {"subnet": {"name": "tempest-sub6-1818616084", "enable_dhcp": true, "network_id": "8530e409-9449-4c5e-aa1d-c8d4afa40ca0", "tenant_id": "2659095338424c0eac94bea3a1df40dc", "dns_nameservers": [], "gateway_ip": "2003::1", "ipv6_ra_mode": "dhcpv6-stateless", "allocation_pools": [{"start": "2003::2", "end": "2003::ffff:ffff:ffff:ffff"}], "host_routes": [], "ip_version": 6, "ipv6_address_mode": "dhcpv6-stateless", "cidr": "2003::/64", "id": "5c1ef3b0-d1ab-4c8b-9b62-01fcf1b90697", "subnetpool_id": null}}
2016-01-22 07:29:28,001 15376 INFO     [tempest_lib.common.rest_client] Request (TestGettingAddress:test_dhcp6_stateless_from_os): 200 PUT http://10.4.1.3:9696/v2.0/routers/271af49b-8a2e-4813-88b4-f2648b016876/add_router_interface 0.636s
2016-01-22 07:29:28,002 15376 DEBUG    [tempest_lib.common.rest_client] Request - Headers: {'Content-Type': 'application/json', 'Accept': 'application/json', 'X-Auth-Token': '&lt;omitted&gt;'}
        Body: {"subnet_id": "5c1ef3b0-d1ab-4c8b-9b62-01fcf1b90697"}
    Response - Headers: {'status': '200', 'content-length': '255', 'connection': 'close', 'date': 'Fri, 22 Jan 2016 07:29:27 GMT', 'content-type': 'application/json; charset=UTF-8', 'x-openstack-request-id': 'req-3c744f26-c410-4343-923d-4ad068cea096'}
        Body: {"subnet_id": "5c1ef3b0-d1ab-4c8b-9b62-01fcf1b90697", "tenant_id": "2659095338424c0eac94bea3a1df40dc", "subnet_ids": ["5c1ef3b0-d1ab-4c8b-9b62-01fcf1b90697"], "port_id": "9bb49b4a-dd32-4d33-b8c3-49524f1f4d74", "id": "271af49b-8a2e-4813-88b4-f2648b016876"}
2016-01-22 07:29:28,139 15376 INFO     [tempest_lib.common.rest_client] Request (TestGettingAddress:test_dhcp6_stateless_from_os): 200 POST http://10.4.1.3:5000/v2.0/tokens
2016-01-22 07:29:28,139 15376 DEBUG    [tempest_lib.common.rest_client] Request - Headers: {'Content-Type': 'application/json', 'Accept': 'application/json'}
        Body: &lt;omitted&gt;
    Response - Headers: {'status': '200', 'content-length': '2254', 'vary': 'X-Auth-Token', 'server': 'Apache/2.4.7 (Ubuntu)', 'connection': 'close', 'date': 'Fri, 22 Jan 2016 07:29:28 GMT', 'content-type': 'application/json', 'x-openstack-request-id': 'req-16b53255-2507-48df-9f87-22ca002c5828'}
        Body: {"access": {"token": {"issued_at": "2016-01-22T07:29:28.125548", "expires": "2016-01-22T08:29:28Z", "id": "780d67013a4d4391800bf532fbafa61f", "tenant": {"description": "tempest-TestGettingAddress-1356957094-desc", "enabled": true, "id": "2659095338424c0eac94bea3a1df40dc", "name": "tempest-TestGettingAddress-1356957094"}, "audit_ids": ["ogMLKli4RDGS3grHxbZ6Yw"]}, "serviceCatalog": [{"endpoints": [{"adminURL": "http://10.4.1.3:9292", "region": "RegionOne", "internalURL": "http://10.4.1.3:9292", "id": "8de987acd2d5435e9152104a857dc706", "publicURL": "http://10.4.1.3:9292"}], "endpoints_links": [], "type": "image", "name": "glance"}, {"endpoints": [{"adminURL": "http://10.4.1.3:8774/v2.1/2659095338424c0eac94bea3a1df40dc", "region": "RegionOne", "internalURL": "http://10.4.1.3:8774/v2.1/2659095338424c0eac94bea3a1df40dc", "id": "1ef981666c274575bf89246cc81efa74", "publicURL": "http://10.4.1.3:8774/v2.1/2659095338424c0eac94bea3a1df40dc"}], "endpoints_links": [], "type": "compute", "name": "nova"}, {"endpoints": [{"adminURL": "http://10.4.1.3:9696/", "region": "RegionOne", "internalURL": "http://10.4.1.3:9696/", "id": "51ecdcb184204835ab139dc0dcf9ab44", "publicURL": "http://10.4.1.3:9696/"}], "endpoints_links": [], "type": "network", "name": "neutron"}, {"endpoints": [{"adminURL": "http://10.4.1.3:35357/v2.0", "region": "RegionOne", "internalURL": "http://10.4.1.3:5000/v2.0", "id": "0e9c0bfc9405458ab32dd42884546c04", "publicURL": "http://10.4.1.3:5000/v2.0"}], "endpoints_links": [], "type": "identity", "name": "keystone"}, {"endpoints": [{"adminURL": "http://10.4.1.3:8774/v2/2659095338424c0eac94bea3a1df40dc", "region": "RegionOne", "internalURL": "http://10.4.1.3:8774/v2/2659095338424c0eac94bea3a1df40dc", "id": "745ee14767f44b328975e268b5afb6d1", "publicURL": "http://10.4.1.3:8774/v2/2659095338424c0eac94bea3a1df40dc"}], "endpoints_links": [], "type": "compute_legacy", "name": "nova_legacy"}], "user": {"username": "tempest-TestGettingAddress-936836317", "roles_links": [], "id": "24482753b4924f4c9a01f8530d9a6679", "roles": [{"name": "_member_"}, {"name": "Member"}], "name": "tempest-TestGettingAddress-936836317"}, "metadata": {"is_admin": 0, "roles": ["9fe2ff9ee4384b1894a90878d3e92bab", "f15b90e277584c0f8da94f39c7556bc9"]}}}
2016-01-22 07:29:28,143 15376 DEBUG    [tempest.common.fixed_network] (TestGettingAddress:test_dhcp6_stateless_from_os) No valid network provided or created, defaulting to fixed_network_name
2016-01-22 07:29:28,559 15376 INFO     [tempest_lib.common.rest_client] Request (TestGettingAddress:test_dhcp6_stateless_from_os): 200 GET http://10.4.1.3:8774/v2.1/2659095338424c0eac94bea3a1df40dc/os-networks 0.413s
2016-01-22 07:29:28,559 15376 DEBUG    [tempest_lib.common.rest_client] Request - Headers: {'Content-Type': 'application/json', 'Accept': 'application/json', 'X-Auth-Token': '&lt;omitted&gt;'}
        Body: None
    Response - Headers: {'status': '200', 'content-length': '477', 'content-location': 'http://10.4.1.3:8774/v2.1/2659095338424c0eac94bea3a1df40dc/os-networks', 'x-compute-request-id': 'req-2d91ef58-f71a-4110-9714-01d8086988df', 'vary': 'X-OpenStack-Nova-API-Version', 'connection': 'close', 'x-openstack-nova-api-version': '2.1', 'date': 'Fri, 22 Jan 2016 07:29:28 GMT', 'content-type': 'application/json'}
        Body: {"networks": [{"cidr_v6": null, "dns2": null, "dns1": null, "gateway": null, "broadcast": null, "netmask": null, "gateway_v6": null, "cidr": null, "label": "public", "id": "938e3e42-616d-4371-8e5f-e84ad9e85a3b", "netmask_v6": null}, {"cidr_v6": null, "dns2": null, "dns1": null, "gateway": null, "broadcast": null, "netmask": null, "gateway_v6": null, "cidr": null, "label": "tempest-network-smoke--93040042", "id": "8530e409-9449-4c5e-aa1d-c8d4afa40ca0", "netmask_v6": null}]}
2016-01-22 07:29:28,559 15376 WARNING  [tempest.common.fixed_network] (TestGettingAddress:test_dhcp6_stateless_from_os) Network with name: private not found
2016-01-22 07:29:28,560 15376 INFO     [tempest.common.fixed_network] (TestGettingAddress:test_dhcp6_stateless_from_os) Found network {} available for tenant
2016-01-22 07:29:30,855 15376 INFO     [tempest_lib.common.rest_client] Request (TestGettingAddress:test_dhcp6_stateless_from_os): 202 POST http://10.4.1.3:8774/v2.1/2659095338424c0eac94bea3a1df40dc/servers 2.294s
2016-01-22 07:29:30,856 15376 DEBUG    [tempest_lib.common.rest_client] Request - Headers: {'Content-Type': 'application/json', 'Accept': 'application/json', 'X-Auth-Token': '&lt;omitted&gt;'}
        Body: {"server": {"name": "tempest.common.compute-instance-21177516", "imageRef": "16713a9a-72bb-4305-915f-a126b8a02d49", "key_name": "tempest-TestGettingAddress-1672630411", "flavorRef": "42", "networks": [{"uuid": "8530e409-9449-4c5e-aa1d-c8d4afa40ca0"}], "security_groups": [{"name": "tempest-secgroup-smoke-423186597"}]}}
    Response - Headers: {'status': '202', 'content-length': '459', 'x-compute-request-id': 'req-f8657817-42e2-4f23-a31c-d596b24ef3cf', 'vary': 'X-OpenStack-Nova-API-Version', 'connection': 'close', 'location': 'http://10.4.1.3:8774/v2.1/2659095338424c0eac94bea3a1df40dc/servers/36177635-1c03-44e0-bb01-b8f1128bef2e', 'x-openstack-nova-api-version': '2.1', 'date': 'Fri, 22 Jan 2016 07:29:30 GMT', 'content-type': 'application/json'}
        Body: {"server": {"security_groups": [{"name": "tempest-secgroup-smoke-423186597"}], "OS-DCF:diskConfig": "MANUAL", "id": "36177635-1c03-44e0-bb01-b8f1128bef2e", "links": [{"href": "http://10.4.1.3:8774/v2.1/2659095338424c0eac94bea3a1df40dc/servers/36177635-1c03-44e0-bb01-b8f1128bef2e", "rel": "self"}, {"href": "http://10.4.1.3:8774/2659095338424c0eac94bea3a1df40dc/servers/36177635-1c03-44e0-bb01-b8f1128bef2e", "rel": "bookmark"}], "adminPass": "BHKityJo6gmm"}}
2016-01-22 07:29:30,992 15376 INFO     [tempest_lib.common.rest_client] Request (TestGettingAddress:test_dhcp6_stateless_from_os): 200 GET http://10.4.1.3:8774/v2.1/2659095338424c0eac94bea3a1df40dc/servers/36177635-1c03-44e0-bb01-b8f1128bef2e 0.130s
2016-01-22 07:29:30,993 15376 DEBUG    [tempest_lib.common.rest_client] Request - Headers: {'Content-Type': 'application/json', 'Accept': 'application/json', 'X-Auth-Token': '&lt;omitted&gt;'}
        Body: None
    Response - Headers: {'status': '200', 'content-length': '1349', 'content-location': 'http://10.4.1.3:8774/v2.1/2659095338424c0eac94bea3a1df40dc/servers/36177635-1c03-44e0-bb01-b8f1128bef2e', 'x-compute-request-id': 'req-8cddbdca-0eb0-402e-91c7-4e9641d392f2', 'vary': 'X-OpenStack-Nova-API-Version', 'connection': 'close', 'x-openstack-nova-api-version': '2.1', 'date': 'Fri, 22 Jan 2016 07:29:30 GMT', 'content-type': 'application/json'}
        Body: {"server": {"status": "BUILD", "updated": "2016-01-22T07:29:30Z", "hostId": "", "addresses": {}, "links": [{"href": "http://10.4.1.3:8774/v2.1/2659095338424c0eac94bea3a1df40dc/servers/36177635-1c03-44e0-bb01-b8f1128bef2e", "rel": "self"}, {"href": "http://10.4.1.3:8774/2659095338424c0eac94bea3a1df40dc/servers/36177635-1c03-44e0-bb01-b8f1128bef2e", "rel": "bookmark"}], "key_name": "tempest-TestGettingAddress-1672630411", "image": {"id": "16713a9a-72bb-4305-915f-a126b8a02d49", "links": [{"href": "http://10.4.1.3:8774/2659095338424c0eac94bea3a1df40dc/images/16713a9a-72bb-4305-915f-a126b8a02d49", "rel": "bookmark"}]}, "OS-EXT-STS:task_state": "scheduling", "OS-EXT-STS:vm_state": "building", "OS-SRV-USG:launched_at": null, "flavor": {"id": "42", "links": [{"href": "http://10.4.1.3:8774/2659095338424c0eac94bea3a1df40dc/flavors/42", "rel": "bookmark"}]}, "id": "36177635-1c03-44e0-bb01-b8f1128bef2e", "OS-SRV-USG:terminated_at": null, "OS-EXT-AZ:availability_zone": "", "user_id": "24482753b4924f4c9a01f8530d9a6679", "name": "tempest.common.compute-instance-21177516", "created": "2016-01-22T07:29:30Z", "tenant_id": "2659095338424c0eac94bea3a1df40dc", "OS-DCF:diskConfig": "MANUAL", "os-extended-volumes:volumes_attached": [], "accessIPv4": "", "accessIPv6": "", "progress": 0, "OS-EXT-STS:power_state": 0, "config_drive": "", "metadata": {}}}
2016-01-22 07:29:32,368 15376 INFO     [tempest_lib.common.rest_client] Request (TestGettingAddress:test_dhcp6_stateless_from_os): 200 GET http://10.4.1.3:8774/v2.1/2659095338424c0eac94bea3a1df40dc/servers/36177635-1c03-44e0-bb01-b8f1128bef2e 0.365s
2016-01-22 07:29:32,368 15376 DEBUG    [tempest_lib.common.rest_client] Request - Headers: {'Content-Type': 'application/json', 'Accept': 'application/json', 'X-Auth-Token': '&lt;omitted&gt;'}
        Body: None
    Response - Headers: {'status': '200', 'content-length': '1474', 'content-location': 'http://10.4.1.3:8774/v2.1/2659095338424c0eac94bea3a1df40dc/servers/36177635-1c03-44e0-bb01-b8f1128bef2e', 'x-compute-request-id': 'req-95160b52-e949-4324-9517-8139fb14ac17', 'vary': 'X-OpenStack-Nova-API-Version', 'connection': 'close', 'x-openstack-nova-api-version': '2.1', 'date': 'Fri, 22 Jan 2016 07:29:32 GMT', 'content-type': 'application/json'}
        Body: {"server": {"status": "BUILD", "updated": "2016-01-22T07:29:31Z", "hostId": "1d7eb37adecd02377c484fe698c8b879abef5f9469d99d19db1a9bb6", "addresses": {}, "links": [{"href": "http://10.4.1.3:8774/v2.1/2659095338424c0eac94bea3a1df40dc/servers/36177635-1c03-44e0-bb01-b8f1128bef2e", "rel": "self"}, {"href": "http://10.4.1.3:8774/2659095338424c0eac94bea3a1df40dc/servers/36177635-1c03-44e0-bb01-b8f1128bef2e", "rel": "bookmark"}], "key_name": "tempest-TestGettingAddress-1672630411", "image": {"id": "16713a9a-72bb-4305-915f-a126b8a02d49", "links": [{"href": "http://10.4.1.3:8774/2659095338424c0eac94bea3a1df40dc/images/16713a9a-72bb-4305-915f-a126b8a02d49", "rel": "bookmark"}]}, "OS-EXT-STS:task_state": "spawning", "OS-EXT-STS:vm_state": "building", "OS-SRV-USG:launched_at": null, "flavor": {"id": "42", "links": [{"href": "http://10.4.1.3:8774/2659095338424c0eac94bea3a1df40dc/flavors/42", "rel": "bookmark"}]}, "id": "36177635-1c03-44e0-bb01-b8f1128bef2e", "security_groups": [{"name": "tempest-secgroup-smoke-423186597"}], "OS-SRV-USG:terminated_at": null, "OS-EXT-AZ:availability_zone": "nova", "user_id": "24482753b4924f4c9a01f8530d9a6679", "name": "tempest.common.compute-instance-21177516", "created": "2016-01-22T07:29:30Z", "tenant_id": "2659095338424c0eac94bea3a1df40dc", "OS-DCF:diskConfig": "MANUAL", "os-extended-volumes:volumes_attached": [], "accessIPv4": "", "accessIPv6": "", "progress": 0, "OS-EXT-STS:power_state": 0, "config_drive": "", "metadata": {}}}
2016-01-22 07:29:32,378 15376 INFO     [tempest.common.waiters] State transition "BUILD/scheduling" ==&gt; "BUILD/spawning" after 1 second wait
2016-01-22 07:29:33,605 15376 INFO     [tempest_lib.common.rest_client] Request (TestGettingAddress:test_dhcp6_stateless_from_os): 200 GET http://10.4.1.3:8774/v2.1/2659095338424c0eac94bea3a1df40dc/servers/36177635-1c03-44e0-bb01-b8f1128bef2e 0.222s
2016-01-22 07:29:33,605 15376 DEBUG    [tempest_lib.common.rest_client] Request - Headers: {'Content-Type': 'application/json', 'Accept': 'application/json', 'X-Auth-Token': '&lt;omitted&gt;'}
        Body: None
    Response - Headers: {'status': '200', 'content-length': '1474', 'content-location': 'http://10.4.1.3:8774/v2.1/2659095338424c0eac94bea3a1df40dc/servers/36177635-1c03-44e0-bb01-b8f1128bef2e', 'x-compute-request-id': 'req-86364f7d-a819-4f54-a812-e680311457f2', 'vary': 'X-OpenStack-Nova-API-Version', 'connection': 'close', 'x-openstack-nova-api-version': '2.1', 'date': 'Fri, 22 Jan 2016 07:29:33 GMT', 'content-type': 'application/json'}
        Body: {"server": {"status": "BUILD", "updated": "2016-01-22T07:29:31Z", "hostId": "1d7eb37adecd02377c484fe698c8b879abef5f9469d99d19db1a9bb6", "addresses": {}, "links": [{"href": "http://10.4.1.3:8774/v2.1/2659095338424c0eac94bea3a1df40dc/servers/36177635-1c03-44e0-bb01-b8f1128bef2e", "rel": "self"}, {"href": "http://10.4.1.3:8774/2659095338424c0eac94bea3a1df40dc/servers/36177635-1c03-44e0-bb01-b8f1128bef2e", "rel": "bookmark"}], "key_name": "tempest-TestGettingAddress-1672630411", "image": {"id": "16713a9a-72bb-4305-915f-a126b8a02d49", "links": [{"href": "http://10.4.1.3:8774/2659095338424c0eac94bea3a1df40dc/images/16713a9a-72bb-4305-915f-a126b8a02d49", "rel": "bookmark"}]}, "OS-EXT-STS:task_state": "spawning", "OS-EXT-STS:vm_state": "building", "OS-SRV-USG:launched_at": null, "flavor": {"id": "42", "links": [{"href": "http://10.4.1.3:8774/2659095338424c0eac94bea3a1df40dc/flavors/42", "rel": "bookmark"}]}, "id": "36177635-1c03-44e0-bb01-b8f1128bef2e", "security_groups": [{"name": "tempest-secgroup-smoke-423186597"}], "OS-SRV-USG:terminated_at": null, "OS-EXT-AZ:availability_zone": "nova", "user_id": "24482753b4924f4c9a01f8530d9a6679", "name": "tempest.common.compute-instance-21177516", "created": "2016-01-22T07:29:30Z", "tenant_id": "2659095338424c0eac94bea3a1df40dc", "OS-DCF:diskConfig": "MANUAL", "os-extended-volumes:volumes_attached": [], "accessIPv4": "", "accessIPv6": "", "progress": 0, "OS-EXT-STS:power_state": 0, "config_drive": "", "metadata": {}}}
2016-01-22 07:29:34,829 15376 INFO     [tempest_lib.common.rest_client] Request (TestGettingAddress:test_dhcp6_stateless_from_os): 200 GET http://10.4.1.3:8774/v2.1/2659095338424c0eac94bea3a1df40dc/servers/36177635-1c03-44e0-bb01-b8f1128bef2e 0.209s
2016-01-22 07:29:34,830 15376 DEBUG    [tempest_lib.common.rest_client] Request - Headers: {'Content-Type': 'application/json', 'Accept': 'application/json', 'X-Auth-Token': '&lt;omitted&gt;'}
        Body: None
    Response - Headers: {'status': '200', 'content-length': '1773', 'content-location': 'http://10.4.1.3:8774/v2.1/2659095338424c0eac94bea3a1df40dc/servers/36177635-1c03-44e0-bb01-b8f1128bef2e', 'x-compute-request-id': 'req-05de31e5-75fc-46c6-a06d-73465ae05c34', 'vary': 'X-OpenStack-Nova-API-Version', 'connection': 'close', 'x-openstack-nova-api-version': '2.1', 'date': 'Fri, 22 Jan 2016 07:29:34 GMT', 'content-type': 'application/json'}
        Body: {"server": {"status": "ACTIVE", "updated": "2016-01-22T07:29:34Z", "hostId": "1d7eb37adecd02377c484fe698c8b879abef5f9469d99d19db1a9bb6", "addresses": {"tempest-network-smoke--93040042": [{"OS-EXT-IPS-MAC:mac_addr": "fa:16:3e:8d:90:6d", "version": 4, "addr": "10.100.0.3", "OS-EXT-IPS:type": "fixed"}, {"OS-EXT-IPS-MAC:mac_addr": "fa:16:3e:8d:90:6d", "version": 6, "addr": "2003::f816:3eff:fe8d:906d", "OS-EXT-IPS:type": "fixed"}]}, "links": [{"href": "http://10.4.1.3:8774/v2.1/2659095338424c0eac94bea3a1df40dc/servers/36177635-1c03-44e0-bb01-b8f1128bef2e", "rel": "self"}, {"href": "http://10.4.1.3:8774/2659095338424c0eac94bea3a1df40dc/servers/36177635-1c03-44e0-bb01-b8f1128bef2e", "rel": "bookmark"}], "key_name": "tempest-TestGettingAddress-1672630411", "image": {"id": "16713a9a-72bb-4305-915f-a126b8a02d49", "links": [{"href": "http://10.4.1.3:8774/2659095338424c0eac94bea3a1df40dc/images/16713a9a-72bb-4305-915f-a126b8a02d49", "rel": "bookmark"}]}, "OS-EXT-STS:task_state": null, "OS-EXT-STS:vm_state": "active", "OS-SRV-USG:launched_at": "2016-01-22T07:29:34.000000", "flavor": {"id": "42", "links": [{"href": "http://10.4.1.3:8774/2659095338424c0eac94bea3a1df40dc/flavors/42", "rel": "bookmark"}]}, "id": "36177635-1c03-44e0-bb01-b8f1128bef2e", "security_groups": [{"name": "tempest-secgroup-smoke-423186597"}], "OS-SRV-USG:terminated_at": null, "OS-EXT-AZ:availability_zone": "nova", "user_id": "24482753b4924f4c9a01f8530d9a6679", "name": "tempest.common.compute-instance-21177516", "created": "2016-01-22T07:29:30Z", "tenant_id": "2659095338424c0eac94bea3a1df40dc", "OS-DCF:diskConfig": "MANUAL", "os-extended-volumes:volumes_attached": [], "accessIPv4": "", "accessIPv6": "", "progress": 0, "OS-EXT-STS:power_state": 1, "config_drive": "True", "metadata": {}}}
2016-01-22 07:29:34,839 15376 INFO     [tempest.common.waiters] State transition "BUILD/spawning" ==&gt; "ACTIVE/None" after 3 second wait
2016-01-22 07:29:35,045 15376 INFO     [tempest_lib.common.rest_client] Request (TestGettingAddress:test_dhcp6_stateless_from_os): 200 GET http://10.4.1.3:8774/v2.1/2659095338424c0eac94bea3a1df40dc/servers/36177635-1c03-44e0-bb01-b8f1128bef2e 0.205s
2016-01-22 07:29:35,045 15376 DEBUG    [tempest_lib.common.rest_client] Request - Headers: {'Content-Type': 'application/json', 'Accept': 'application/json', 'X-Auth-Token': '&lt;omitted&gt;'}
        Body: None
    Response - Headers: {'status': '200', 'content-length': '1773', 'content-location': 'http://10.4.1.3:8774/v2.1/2659095338424c0eac94bea3a1df40dc/servers/36177635-1c03-44e0-bb01-b8f1128bef2e', 'x-compute-request-id': 'req-c949c63c-6a18-46a9-bf01-ec8b918b9479', 'vary': 'X-OpenStack-Nova-API-Version', 'connection': 'close', 'x-openstack-nova-api-version': '2.1', 'date': 'Fri, 22 Jan 2016 07:29:35 GMT', 'content-type': 'application/json'}
        Body: {"server": {"status": "ACTIVE", "updated": "2016-01-22T07:29:34Z", "hostId": "1d7eb37adecd02377c484fe698c8b879abef5f9469d99d19db1a9bb6", "addresses": {"tempest-network-smoke--93040042": [{"OS-EXT-IPS-MAC:mac_addr": "fa:16:3e:8d:90:6d", "version": 4, "addr": "10.100.0.3", "OS-EXT-IPS:type": "fixed"}, {"OS-EXT-IPS-MAC:mac_addr": "fa:16:3e:8d:90:6d", "version": 6, "addr": "2003::f816:3eff:fe8d:906d", "OS-EXT-IPS:type": "fixed"}]}, "links": [{"href": "http://10.4.1.3:8774/v2.1/2659095338424c0eac94bea3a1df40dc/servers/36177635-1c03-44e0-bb01-b8f1128bef2e", "rel": "self"}, {"href": "http://10.4.1.3:8774/2659095338424c0eac94bea3a1df40dc/servers/36177635-1c03-44e0-bb01-b8f1128bef2e", "rel": "bookmark"}], "key_name": "tempest-TestGettingAddress-1672630411", "image": {"id": "16713a9a-72bb-4305-915f-a126b8a02d49", "links": [{"href": "http://10.4.1.3:8774/2659095338424c0eac94bea3a1df40dc/images/16713a9a-72bb-4305-915f-a126b8a02d49", "rel": "bookmark"}]}, "OS-EXT-STS:task_state": null, "OS-EXT-STS:vm_state": "active", "OS-SRV-USG:launched_at": "2016-01-22T07:29:34.000000", "flavor": {"id": "42", "links": [{"href": "http://10.4.1.3:8774/2659095338424c0eac94bea3a1df40dc/flavors/42", "rel": "bookmark"}]}, "id": "36177635-1c03-44e0-bb01-b8f1128bef2e", "security_groups": [{"name": "tempest-secgroup-smoke-423186597"}], "OS-SRV-USG:terminated_at": null, "OS-EXT-AZ:availability_zone": "nova", "user_id": "24482753b4924f4c9a01f8530d9a6679", "name": "tempest.common.compute-instance-21177516", "created": "2016-01-22T07:29:30Z", "tenant_id": "2659095338424c0eac94bea3a1df40dc", "OS-DCF:diskConfig": "MANUAL", "os-extended-volumes:volumes_attached": [], "accessIPv4": "", "accessIPv6": "", "progress": 0, "OS-EXT-STS:power_state": 1, "config_drive": "True", "metadata": {}}}
2016-01-22 07:29:35,316 15376 INFO     [tempest_lib.common.rest_client] Request (TestGettingAddress:test_dhcp6_stateless_from_os): 200 GET http://10.4.1.3:9696/v2.0/ports?status=ACTIVE&amp;fixed_ip=None&amp;device_id=36177635-1c03-44e0-bb01-b8f1128bef2e 0.262s
2016-01-22 07:29:35,316 15376 DEBUG    [tempest_lib.common.rest_client] Request - Headers: {'Content-Type': 'application/json', 'Accept': 'application/json', 'X-Auth-Token': '&lt;omitted&gt;'}
        Body: None
    Response - Headers: {'status': '200', 'content-length': '1142', 'content-location': 'http://10.4.1.3:9696/v2.0/ports?status=ACTIVE&amp;fixed_ip=None&amp;device_id=36177635-1c03-44e0-bb01-b8f1128bef2e', 'connection': 'close', 'date': 'Fri, 22 Jan 2016 07:29:35 GMT', 'content-type': 'application/json; charset=UTF-8', 'x-openstack-request-id': 'req-963cc72c-d85d-429c-829d-29540708e950'}
        Body: {"ports": [{"status": "ACTIVE", "binding:host_id": "vagrant-ubuntu-trusty-64", "allowed_address_pairs": [], "extra_dhcp_opts": [], "dns_assignment": [{"hostname": "host-10-100-0-3", "ip_address": "10.100.0.3", "fqdn": "host-10-100-0-3.openstacklocal."}, {"hostname": "host-2003--f816-3eff-fe8d-906d", "ip_address": "2003::f816:3eff:fe8d:906d", "fqdn": "host-2003--f816-3eff-fe8d-906d.openstacklocal."}], "device_owner": "compute:None", "port_security_enabled": true, "binding:profile": {}, "fixed_ips": [{"subnet_id": "cc2aec1c-0f7c-4953-95be-19b58cde2ce7", "ip_address": "10.100.0.3"}, {"subnet_id": "5c1ef3b0-d1ab-4c8b-9b62-01fcf1b90697", "ip_address": "2003::f816:3eff:fe8d:906d"}], "id": "d0034aa3-3f58-44fa-98df-4afe3923f618", "security_groups": ["88292cde-f244-4b07-a763-cecd1b444629"], "device_id": "36177635-1c03-44e0-bb01-b8f1128bef2e", "name": "", "admin_state_up": true, "network_id": "8530e409-9449-4c5e-aa1d-c8d4afa40ca0", "dns_name": "", "binding:vif_details": {"port_filter": true}, "binding:vnic_type": "normal", "binding:vif_type": "ovs", "tenant_id": "2659095338424c0eac94bea3a1df40dc", "mac_address": "fa:16:3e:8d:90:6d"}]}
2016-01-22 07:29:35,850 15376 INFO     [tempest_lib.common.rest_client] Request (TestGettingAddress:test_dhcp6_stateless_from_os): 201 POST http://10.4.1.3:9696/v2.0/floatingips 0.533s
2016-01-22 07:29:35,850 15376 DEBUG    [tempest_lib.common.rest_client] Request - Headers: {'Content-Type': 'application/json', 'Accept': 'application/json', 'X-Auth-Token': '&lt;omitted&gt;'}
        Body: {"floatingip": {"floating_network_id": "938e3e42-616d-4371-8e5f-e84ad9e85a3b", "tenant_id": "2659095338424c0eac94bea3a1df40dc", "fixed_ip_address": "10.100.0.3", "port_id": "d0034aa3-3f58-44fa-98df-4afe3923f618"}}
    Response - Headers: {'status': '201', 'content-length': '369', 'connection': 'close', 'date': 'Fri, 22 Jan 2016 07:29:35 GMT', 'content-type': 'application/json; charset=UTF-8', 'x-openstack-request-id': 'req-1cf44326-036b-49a6-8756-3d18389f8f33'}
        Body: {"floatingip": {"floating_network_id": "938e3e42-616d-4371-8e5f-e84ad9e85a3b", "router_id": "271af49b-8a2e-4813-88b4-f2648b016876", "fixed_ip_address": "10.100.0.3", "floating_ip_address": "172.24.4.4", "tenant_id": "2659095338424c0eac94bea3a1df40dc", "status": "ACTIVE", "port_id": "d0034aa3-3f58-44fa-98df-4afe3923f618", "id": "0d8d62a5-80c4-4b96-abbc-2d959b3f6c51"}}
2016-01-22 07:29:35,851 15376 INFO     [tempest_lib.common.ssh] Creating ssh connection to '172.24.4.4' as 'cirros' with public key authentication
2016-01-22 07:30:35,917 15376 WARNING  [tempest_lib.common.ssh] Failed to establish authenticated ssh connection to cirros@172.24.4.4 (timed out). Number attempts: 1. Retry after 2 seconds.
2016-01-22 07:31:38,483 15376 WARNING  [tempest_lib.common.ssh] Failed to establish authenticated ssh connection to cirros@172.24.4.4 (timed out). Number attempts: 2. Retry after 3 seconds.
2016-01-22 07:32:42,038 15376 WARNING  [tempest_lib.common.ssh] Failed to establish authenticated ssh connection to cirros@172.24.4.4 (timed out). Number attempts: 3. Retry after 4 seconds.
2016-01-22 07:33:46,602 15376 ERROR    [tempest_lib.common.ssh] Failed to establish authenticated ssh connection to cirros@172.24.4.4 after 3 attempts
2016-01-22 07:33:46.602 15376 ERROR tempest_lib.common.ssh Traceback (most recent call last):
2016-01-22 07:33:46.602 15376 ERROR tempest_lib.common.ssh   File "/usr/local/lib/python2.7/dist-packages/tempest_lib/common/ssh.py", line 75, in _get_ssh_connection
2016-01-22 07:33:46.602 15376 ERROR tempest_lib.common.ssh     timeout=self.channel_timeout, pkey=self.pkey)
2016-01-22 07:33:46.602 15376 ERROR tempest_lib.common.ssh   File "/usr/local/lib/python2.7/dist-packages/paramiko/client.py", line 292, in connect
2016-01-22 07:33:46.602 15376 ERROR tempest_lib.common.ssh     retry_on_signal(lambda: sock.connect(addr))
2016-01-22 07:33:46.602 15376 ERROR tempest_lib.common.ssh   File "/usr/local/lib/python2.7/dist-packages/paramiko/util.py", line 270, in retry_on_signal
2016-01-22 07:33:46.602 15376 ERROR tempest_lib.common.ssh     return function()
2016-01-22 07:33:46.602 15376 ERROR tempest_lib.common.ssh   File "/usr/local/lib/python2.7/dist-packages/paramiko/client.py", line 292, in &lt;lambda&gt;
2016-01-22 07:33:46.602 15376 ERROR tempest_lib.common.ssh     retry_on_signal(lambda: sock.connect(addr))
2016-01-22 07:33:46.602 15376 ERROR tempest_lib.common.ssh   File "/usr/lib/python2.7/socket.py", line 224, in meth
2016-01-22 07:33:46.602 15376 ERROR tempest_lib.common.ssh     return getattr(self._sock,name)(*args)
2016-01-22 07:33:46.602 15376 ERROR tempest_lib.common.ssh timeout: timed out
2016-01-22 07:33:46.602 15376 ERROR tempest_lib.common.ssh 
2016-01-22 07:33:46,605 15376 ERROR    [tempest.scenario.manager] (TestGettingAddress:test_dhcp6_stateless_from_os) Initializing SSH connection to 172.24.4.4 failed. Error: Connection to the 172.24.4.4 via SSH timed out.
User: cirros, Password: None
2016-01-22 07:33:46.605 15376 ERROR tempest.scenario.manager Traceback (most recent call last):
2016-01-22 07:33:46.605 15376 ERROR tempest.scenario.manager   File "tempest/scenario/manager.py", line 387, in get_remote_client
2016-01-22 07:33:46.605 15376 ERROR tempest.scenario.manager     linux_client.validate_authentication()
2016-01-22 07:33:46.605 15376 ERROR tempest.scenario.manager   File "tempest/common/utils/linux/remote_client.py", line 63, in validate_authentication
2016-01-22 07:33:46.605 15376 ERROR tempest.scenario.manager     self.ssh_client.test_connection_auth()
2016-01-22 07:33:46.605 15376 ERROR tempest.scenario.manager   File "/usr/local/lib/python2.7/dist-packages/tempest_lib/common/ssh.py", line 172, in test_connection_auth
2016-01-22 07:33:46.605 15376 ERROR tempest.scenario.manager     connection = self._get_ssh_connection()
2016-01-22 07:33:46.605 15376 ERROR tempest.scenario.manager   File "/usr/local/lib/python2.7/dist-packages/tempest_lib/common/ssh.py", line 87, in _get_ssh_connection
2016-01-22 07:33:46.605 15376 ERROR tempest.scenario.manager     password=self.password)
2016-01-22 07:33:46.605 15376 ERROR tempest.scenario.manager SSHTimeout: Connection to the 172.24.4.4 via SSH timed out.
2016-01-22 07:33:46.605 15376 ERROR tempest.scenario.manager User: cirros, Password: None
2016-01-22 07:33:46.605 15376 ERROR tempest.scenario.manager 
2016-01-22 07:33:46,689 15376 INFO     [tempest_lib.common.rest_client] Request (TestGettingAddress:test_dhcp6_stateless_from_os): 200 GET http://10.4.1.3:8774/v2.1/2659095338424c0eac94bea3a1df40dc/servers 0.081s
2016-01-22 07:33:46,690 15376 DEBUG    [tempest_lib.common.rest_client] Request - Headers: {'Content-Type': 'application/json', 'Accept': 'application/json', 'X-Auth-Token': '&lt;omitted&gt;'}
        Body: None
    Response - Headers: {'status': '200', 'content-length': '387', 'content-location': 'http://10.4.1.3:8774/v2.1/2659095338424c0eac94bea3a1df40dc/servers', 'x-compute-request-id': 'req-55e8328d-96a3-45a7-a5c2-315a2903e5a7', 'vary': 'X-OpenStack-Nova-API-Version', 'connection': 'close', 'x-openstack-nova-api-version': '2.1', 'date': 'Fri, 22 Jan 2016 07:33:46 GMT', 'content-type': 'application/json'}
        Body: {"servers": [{"id": "36177635-1c03-44e0-bb01-b8f1128bef2e", "links": [{"href": "http://10.4.1.3:8774/v2.1/2659095338424c0eac94bea3a1df40dc/servers/36177635-1c03-44e0-bb01-b8f1128bef2e", "rel": "self"}, {"href": "http://10.4.1.3:8774/2659095338424c0eac94bea3a1df40dc/servers/36177635-1c03-44e0-bb01-b8f1128bef2e", "rel": "bookmark"}], "name": "tempest.common.compute-instance-21177516"}]}
2016-01-22 07:33:47,031 15376 INFO     [tempest_lib.common.rest_client] Request (TestGettingAddress:test_dhcp6_stateless_from_os): 200 POST http://10.4.1.3:8774/v2.1/2659095338424c0eac94bea3a1df40dc/servers/36177635-1c03-44e0-bb01-b8f1128bef2e/action 0.333s
2016-01-22 07:33:47,031 15376 DEBUG    [tempest_lib.common.rest_client] Request - Headers: {'Content-Type': 'application/json', 'Accept': 'application/json', 'X-Auth-Token': '&lt;omitted&gt;'}
        Body: {"os-getConsoleOutput": {}}
    Response - Headers: {'status': '200', 'content-length': '24666', 'x-compute-request-id': 'req-02550887-242d-4a6e-b24f-4ecda1d23987', 'vary': 'X-OpenStack-Nova-API-Version', 'connection': 'close', 'x-openstack-nova-api-version': '2.1', 'date': 'Fri, 22 Jan 2016 07:33:47 GMT', 'content-type': 'application/json'}
        Body: {"output": "[    0.000000] Initializing cgroup subsys cpuset\n[    0.000000] Initializing cgroup subsys cpu\n[    0.000000] Linux version 3.2.0-80-virtual (buildd@batsu) (gcc version 4.6.3 (Ubuntu/Linaro 4.6.3-1ubuntu5) ) #116-Ubuntu SMP Mon Mar 23 17:28:52 UTC 2015 (Ubuntu 3.2.0-80.116-virtual 3.2.68)\n[    0.000000] Command line: root=/dev/vda console=tty0 console=ttyS0 no_timer_check\n[    0.000000] KERNEL supported cpus:\n[    0.000000]   Intel GenuineIntel\n[    0.000000]   AMD AuthenticAMD\n[    0.000000]   Centaur CentaurHauls\n[    0.000000] BIOS-provided physical RAM map:\n[    0.000000]  BIOS-e820: 0000000000000000 - 000000000009fc00 (usable)\n[    0.000000]  BIOS-e820: 000000000009fc00 - 00000000000a0000 (reserved)\n[    0.000000]  BIOS-e820: 00000000000f0000 - 0000000000100000 (reserved)\n[    0.000000]  BIOS-e820: 0000000000100000 - 0000000003ffe000 (usable)\n[    0.000000]  BIOS-e820: 0000000003ffe000 - 0000000004000000 (reserved)\n[    0.000000]  BIOS-e820: 00000000fffc0000 - 0000000100000000 (reserved)\n[    0.000000] NX (Execute Disable) protection: active\n[    0.000000] SMBIOS 2.4 present.\n[    0.000000] No AGP bridge found\n[    0.000000] last_pfn = 0x3ffe max_arch_pfn = 0x400000000\n[    0.000000] x86 PAT enabled: cpu 0, old 0x7040600070406, new 0x7010600070106\n[    0.000000] found SMP MP-table at [ffff8800000f0b00] f0b00\n[    0.000000] init_memory_mapping: 0000000000000000-0000000003ffe000\n[    0.000000] RAMDISK: 03c5e000 - 03ff0000\n[    0.000000] ACPI: RSDP 00000000000f0950 00014 (v00 BOCHS )\n[    0.000000] ACPI: RSDT 0000000003fffbc1 00034 (v01 BOCHS  BXPCRSDT 00000001 BXPC 00000001)\n[    0.000000] ACPI: FACP 0000000003fff1c0 00074 (v01 BOCHS  BXPCFACP 00000001 BXPC 00000001)\n[    0.000000] ACPI: DSDT 0000000003ffe040 01180 (v01 BOCHS  BXPCDSDT 00000001 BXPC 00000001)\n[    0.000000] ACPI: FACS 0000000003ffe000 00040\n[    0.000000] ACPI: SSDT 0000000003fff234 008DD (v01 BOCHS  BXPCSSDT 00000001 BXPC 00000001)\n[    0.000000] ACPI: APIC 0000000003fffb11 00078 (v01 BOCHS  BXPCAPIC 00000001 BXPC 00000001)\n[    0.000000] ACPI: HPET 0000000003fffb89 00038 (v01 BOCHS  BXPCHPET 00000001 BXPC 00000001)\n[    0.000000] No NUMA configuration found\n[    0.000000] Faking a node at 0000000000000000-0000000003ffe000\n[    0.000000] Initmem setup node 0 0000000000000000-0000000003ffe000\n[    0.000000]   NODE_DATA [0000000003ff6000 - 0000000003ffafff]\n[    0.000000] Zone PFN ranges:\n[    0.000000]   DMA      0x00000010 -&gt; 0x00001000\n[    0.000000]   DMA32    0x00001000 -&gt; 0x00100000\n[    0.000000]   Normal   empty\n[    0.000000] Movable zone start PFN for each node\n[    0.000000] early_node_map[2] active PFN ranges\n[    0.000000]     0: 0x00000010 -&gt; 0x0000009f\n[    0.000000]     0: 0x00000100 -&gt; 0x00003ffe\n[    0.000000] ACPI: PM-Timer IO Port: 0xb008\n[    0.000000] ACPI: LAPIC (acpi_id[0x00] lapic_id[0x00] enabled)\n[    0.000000] ACPI: LAPIC_NMI (acpi_id[0xff] dfl dfl lint[0x1])\n[    0.000000] ACPI: IOAPIC (id[0x00] address[0xfec00000] gsi_base[0])\n[    0.000000] IOAPIC[0]: apic_id 0, version 17, address 0xfec00000, GSI 0-23\n[    0.000000] ACPI: INT_SRC_OVR (bus 0 bus_irq 0 global_irq 2 dfl dfl)\n[    0.000000] ACPI: INT_SRC_OVR (bus 0 bus_irq 5 global_irq 5 high level)\n[    0.000000] ACPI: INT_SRC_OVR (bus 0 bus_irq 9 global_irq 9 high level)\n[    0.000000] ACPI: INT_SRC_OVR (bus 0 bus_irq 10 global_irq 10 high level)\n[    0.000000] ACPI: INT_SRC_OVR (bus 0 bus_irq 11 global_irq 11 high level)\n[    0.000000] Using ACPI (MADT) for SMP configuration information\n[    0.000000] ACPI: HPET id: 0x8086a201 base: 0xfed00000\n[    0.000000] SMP: Allowing 1 CPUs, 0 hotplug CPUs\n[    0.000000] PM: Registered nosave memory: 000000000009f000 - 00000000000a0000\n[    0.000000] PM: Registered nosave memory: 00000000000a0000 - 00000000000f0000\n[    0.000000] PM: Registered nosave memory: 00000000000f0000 - 0000000000100000\n[    0.000000] Allocating PCI resources starting at 4000000 (gap: 4000000:fbfc0000)\n[    0.000000] Booting paravirtualized kernel on bare hardware\n[    0.000000] setup_pe
2016-01-22 07:33:47,034 15376 DEBUG    [tempest.scenario.manager] Console output for 36177635-1c03-44e0-bb01-b8f1128bef2e
body=
[    0.000000] Initializing cgroup subsys cpuset
[    0.000000] Initializing cgroup subsys cpu
[    0.000000] Linux version 3.2.0-80-virtual (buildd@batsu) (gcc version 4.6.3 (Ubuntu/Linaro 4.6.3-1ubuntu5) ) #116-Ubuntu SMP Mon Mar 23 17:28:52 UTC 2015 (Ubuntu 3.2.0-80.116-virtual 3.2.68)
[    0.000000] Command line: root=/dev/vda console=tty0 console=ttyS0 no_timer_check
[    0.000000] KERNEL supported cpus:
[    0.000000]   Intel GenuineIntel
[    0.000000]   AMD AuthenticAMD
[    0.000000]   Centaur CentaurHauls
[    0.000000] BIOS-provided physical RAM map:
[    0.000000]  BIOS-e820: 0000000000000000 - 000000000009fc00 (usable)
[    0.000000]  BIOS-e820: 000000000009fc00 - 00000000000a0000 (reserved)
[    0.000000]  BIOS-e820: 00000000000f0000 - 0000000000100000 (reserved)
[    0.000000]  BIOS-e820: 0000000000100000 - 0000000003ffe000 (usable)
[    0.000000]  BIOS-e820: 0000000003ffe000 - 0000000004000000 (reserved)
[    0.000000]  BIOS-e820: 00000000fffc0000 - 0000000100000000 (reserved)
[    0.000000] NX (Execute Disable) protection: active
[    0.000000] SMBIOS 2.4 present.
[    0.000000] No AGP bridge found
[    0.000000] last_pfn = 0x3ffe max_arch_pfn = 0x400000000
[    0.000000] x86 PAT enabled: cpu 0, old 0x7040600070406, new 0x7010600070106
[    0.000000] found SMP MP-table at [ffff8800000f0b00] f0b00
[    0.000000] init_memory_mapping: 0000000000000000-0000000003ffe000
[    0.000000] RAMDISK: 03c5e000 - 03ff0000
[    0.000000] ACPI: RSDP 00000000000f0950 00014 (v00 BOCHS )
[    0.000000] ACPI: RSDT 0000000003fffbc1 00034 (v01 BOCHS  BXPCRSDT 00000001 BXPC 00000001)
[    0.000000] ACPI: FACP 0000000003fff1c0 00074 (v01 BOCHS  BXPCFACP 00000001 BXPC 00000001)
[    0.000000] ACPI: DSDT 0000000003ffe040 01180 (v01 BOCHS  BXPCDSDT 00000001 BXPC 00000001)
[    0.000000] ACPI: FACS 0000000003ffe000 00040
[    0.000000] ACPI: SSDT 0000000003fff234 008DD (v01 BOCHS  BXPCSSDT 00000001 BXPC 00000001)
[    0.000000] ACPI: APIC 0000000003fffb11 00078 (v01 BOCHS  BXPCAPIC 00000001 BXPC 00000001)
[    0.000000] ACPI: HPET 0000000003fffb89 00038 (v01 BOCHS  BXPCHPET 00000001 BXPC 00000001)
[    0.000000] No NUMA configuration found
[    0.000000] Faking a node at 0000000000000000-0000000003ffe000
[    0.000000] Initmem setup node 0 0000000000000000-0000000003ffe000
[    0.000000]   NODE_DATA [0000000003ff6000 - 0000000003ffafff]
[    0.000000] Zone PFN ranges:
[    0.000000]   DMA      0x00000010 -&gt; 0x00001000
[    0.000000]   DMA32    0x00001000 -&gt; 0x00100000
[    0.000000]   Normal   empty
[    0.000000] Movable zone start PFN for each node
[    0.000000] early_node_map[2] active PFN ranges
[    0.000000]     0: 0x00000010 -&gt; 0x0000009f
[    0.000000]     0: 0x00000100 -&gt; 0x00003ffe
[    0.000000] ACPI: PM-Timer IO Port: 0xb008
[    0.000000] ACPI: LAPIC (acpi_id[0x00] lapic_id[0x00] enabled)
[    0.000000] ACPI: LAPIC_NMI (acpi_id[0xff] dfl dfl lint[0x1])
[    0.000000] ACPI: IOAPIC (id[0x00] address[0xfec00000] gsi_base[0])
[    0.000000] IOAPIC[0]: apic_id 0, version 17, address 0xfec00000, GSI 0-23
[    0.000000] ACPI: INT_SRC_OVR (bus 0 bus_irq 0 global_irq 2 dfl dfl)
[    0.000000] ACPI: INT_SRC_OVR (bus 0 bus_irq 5 global_irq 5 high level)
[    0.000000] ACPI: INT_SRC_OVR (bus 0 bus_irq 9 global_irq 9 high level)
[    0.000000] ACPI: INT_SRC_OVR (bus 0 bus_irq 10 global_irq 10 high level)
[    0.000000] ACPI: INT_SRC_OVR (bus 0 bus_irq 11 global_irq 11 high level)
[    0.000000] Using ACPI (MADT) for SMP configuration information
[    0.000000] ACPI: HPET id: 0x8086a201 base: 0xfed00000
[    0.000000] SMP: Allowing 1 CPUs, 0 hotplug CPUs
[    0.000000] PM: Registered nosave memory: 000000000009f000 - 00000000000a0000
[    0.000000] PM: Registered nosave memory: 00000000000a0000 - 00000000000f0000
[    0.000000] PM: Registered nosave memory: 00000000000f0000 - 0000000000100000
[    0.000000] Allocating PCI resources starting at 4000000 (gap: 4000000:fbfc0000)
[    0.000000] Booting paravirtualized kernel on bare hardware
[    0.000000] setup_percpu: NR_CPUS:64 nr_cpumask_bits:64 nr_cpu_ids:1 nr_node_ids:1
[    0.000000] PERCPU: Embedded 27 pages/cpu @ffff880003a00000 s78848 r8192 d23552 u2097152
[    0.000000] Built 1 zonelists in Node order, mobility grouping on.  Total pages: 16008
[    0.000000] Policy zone: DMA32
[    0.000000] Kernel command line: root=/dev/vda console=tty0 console=ttyS0 no_timer_check
[    0.000000] PID hash table entries: 256 (order: -1, 2048 bytes)
[    0.000000] Checking aperture...
[    0.000000] No AGP bridge found
[    0.000000] Memory: 43492k/65528k available (6576k kernel code, 452k absent, 21584k reserved, 6620k data, 928k init)
[    0.000000] SLUB: Genslabs=15, HWalign=64, Order=0-3, MinObjects=0, CPUs=1, Nodes=1
[    0.000000] Hierarchical RCU implementation.
[    0.000000] 	RCU dyntick-idle grace-period acceleration is enabled.
[    0.000000] NR_IRQS:4352 nr_irqs:256 16
[    0.000000] Console: colour VGA+ 80x25
[    0.000000] console [tty0] enabled
[    0.000000] console [ttyS0] enabled
[    0.000000] allocated 1048576 bytes of page_cgroup
[    0.000000] please try 'cgroup_disable=memory' option if you don't want memory cgroups
[    0.000000] Fast TSC calibration failed
[    0.000000] TSC: Unable to calibrate against PIT
[    0.000000] TSC: using HPET reference calibration
[    0.000000] Detected 2292.641 MHz processor.
[    0.033134] Calibrating delay loop (skipped), value calculated using timer frequency.. 4585.28 BogoMIPS (lpj=9170564)
[    0.036895] pid_max: default: 32768 minimum: 301
[    0.046349] Security Framework initialized
[    0.052536] AppArmor: AppArmor initialized
[    0.053230] Yama: becoming mindful.
[    0.060266] Dentry cache hash table entries: 8192 (order: 4, 65536 bytes)
[    0.061813] Inode-cache hash table entries: 4096 (order: 3, 32768 bytes)
[    0.064214] Mount-cache hash table entries: 256
[    0.081368] Initializing cgroup subsys cpuacct
[    0.082234] Initializing cgroup subsys memory
[    0.084732] Initializing cgroup subsys devices
[    0.085523] Initializing cgroup subsys freezer
[    0.086193] Initializing cgroup subsys blkio
[    0.087022] Initializing cgroup subsys perf_event
[    0.094032] mce: CPU supports 10 MCE banks
[    0.101342] SMP alternatives: switching to UP code
[    0.512439] Freeing SMP alternatives: 24k freed
[    0.513636] ACPI: Core revision 20110623
[    0.561851] ftrace: allocating 26610 entries in 105 pages
[    0.591888] ..TIMER: vector=0x30 apic1=0 pin1=2 apic2=-1 pin2=-1
[    0.592157] CPU0: AMD QEMU Virtual CPU version 2.0.0 stepping 03
[    0.600036] Performance Events: Broken PMU hardware detected, using software events only.
[    0.607391] NMI watchdog disabled (cpu0): hardware events not enabled
[    0.608843] Brought up 1 CPUs
[    0.609351] Total of 1 processors activated (4585.28 BogoMIPS).
[    0.631281] devtmpfs: initialized
[    0.664811] EVM: security.selinux
[    0.665513] EVM: security.SMACK64
[    0.666155] EVM: security.capability
[    0.689087] print_constraints: dummy: 
[    0.690707] RTC time:  7:29:38, date: 01/22/16
[    0.693763] NET: Registered protocol family 16
[    0.700950] ACPI: bus type pci registered
[    0.704568] PCI: Using configuration type 1 for base access
[    0.733303] bio: create slab &lt;bio-0&gt; at 0
[    0.737833] ACPI: Added _OSI(Module Device)
[    0.738378] ACPI: Added _OSI(Processor Device)
[    0.738913] ACPI: Added _OSI(3.0 _SCP Extensions)
[    0.740106] ACPI: Added _OSI(Processor Aggregator Device)
[    0.813888] ACPI: Interpreter enabled
[    0.814423] ACPI: (supports S0 S3 S4 S5)
[    0.816519] ACPI: Using IOAPIC for interrupt routing
[    0.889955] ACPI: No dock devices found.
[    0.890564] HEST: Table not found.
[    0.891255] PCI: Using host bridge windows from ACPI; if necessary, use "pci=nocrs" and report a bug
[    0.896654] ACPI: PCI Root Bridge [PCI0] (domain 0000 [bus 00-ff])
[    0.901644] pci_root PNP0A03:00: host bridge window [io  0x0000-0x0cf7]
[    0.902548] pci_root PNP0A03:00: host bridge window [io  0x0d00-0xadff]
[    0.903560] pci_root PNP0A03:00: host bridge window [io  0xae0f-0xaeff]
[    0.904106] pci_root PNP0A03:00: host bridge window [io  0xaf20-0xafdf]
[    0.904820] pci_root PNP0A03:00: host bridge window [io  0xafe4-0xffff]
[    0.905670] pci_root PNP0A03:00: host bridge window [mem 0x000a0000-0x000bffff]
[    0.906563] pci_root PNP0A03:00: host bridge window [mem 0x04000000-0xfebfffff]
[    0.926484] pci 0000:00:01.3: quirk: [io  0xb000-0xb03f] claimed by PIIX4 ACPI
[    0.928169] pci 0000:00:01.3: quirk: [io  0xb100-0xb10f] claimed by PIIX4 SMB
[    0.994995]  pci0000:00: Unable to request _OSC control (_OSC support mask: 0x1e)
[    1.052427] ACPI: PCI Interrupt Link [LNKA] (IRQs 5 *10 11)
[    1.054036] ACPI: PCI Interrupt Link [LNKB] (IRQs 5 *10 11)
[    1.056623] ACPI: PCI Interrupt Link [LNKC] (IRQs 5 10 *11)
[    1.058402] ACPI: PCI Interrupt Link [LNKD] (IRQs 5 10 *11)
[    1.060550] ACPI: PCI Interrupt Link [LNKS] (IRQs *9)
[    1.066733] vgaarb: device added: PCI:0000:00:02.0,decodes=io+mem,owns=io+mem,locks=none
[    1.067692] vgaarb: loaded
[    1.068178] vgaarb: bridge control possible 0000:00:02.0
[    1.072547] i2c-core: driver [aat2870] using legacy suspend method
[    1.073182] i2c-core: driver [aat2870] using legacy resume method
[    1.076524] SCSI subsystem initialized
[    1.080996] usbcore: registered new interface driver usbfs
[    1.082921] usbcore: registered new interface driver hub
[    1.084067] usbcore: registered new device driver usb
[    1.088331] PCI: Using ACPI for IRQ routing
[    1.099094] NetLabel: Initializing
[    1.100136] NetLabel:  domain hash size = 128
[    1.100587] NetLabel:  protocols = UNLABELED CIPSOv4
[    1.102115] NetLabel:  unlabeled traffic allowed by default
[    1.104952] HPET: 3 timers in total, 0 timers will be used for per-cpu timer
[    1.105787] hpet0: at MMIO 0xfed00000, IRQs 2, 8, 0
[    1.106746] hpet0: 3 comparators, 64-bit 100.000000 MHz counter
[    1.118313] Switching to clocksource hpet
[    1.350962] AppArmor: AppArmor Filesystem Enabled
[    1.353318] pnp: PnP ACPI init
[    1.354077] ACPI: bus type pnp registered
[    1.373270] pnp: PnP ACPI: found 9 devices
[    1.373842] ACPI: ACPI bus type pnp unregistered
[    1.431614] NET: Registered protocol family 2
[    1.465696] IP route cache hash table entries: 512 (order: 0, 4096 bytes)
[    1.474048] TCP established hash table entries: 2048 (order: 3, 32768 bytes)
[    1.475661] TCP bind hash table entries: 2048 (order: 3, 32768 bytes)
[    1.477806] TCP: Hash tables configured (established 2048 bind 2048)
[    1.478595] TCP reno registered
[    1.479105] UDP hash table entries: 128 (order: 0, 4096 bytes)
[    1.480046] UDP-Lite hash table entries: 128 (order: 0, 4096 bytes)
[    1.482770] NET: Registered protocol family 1
[    1.483696] pci 0000:00:00.0: Limiting direct PCI/PCI transfers
[    1.485861] pci 0000:00:01.0: PIIX3: Enabling Passive Release
[    1.486733] pci 0000:00:01.0: Activating ISA DMA hang workarounds
[    1.491904] ACPI: PCI Interrupt Link [LNKD] enabled at IRQ 11
[    1.493676] pci 0000:00:01.2: PCI INT D -&gt; Link[LNKD] -&gt; GSI 11 (level, high) -&gt; IRQ 11
[    1.495729] pci 0000:00:01.2: PCI INT D disabled
[    1.514222] Trying to unpack rootfs image as initramfs...
[    1.529729] audit: initializing netlink socket (disabled)
[    1.530924] type=2000 audit(1453447778.528:1): initialized
[    1.771925] HugeTLB registered 2 MB page size, pre-allocated 0 pages
[    1.855631] VFS: Disk quotas dquot_6.5.2
[    1.857943] Dquot-cache hash table entries: 512 (order 0, 4096 bytes)
[    1.874389] fuse init (API version 7.17)
[    1.877904] msgmni has been set to 84
[    1.914878] Block layer SCSI generic (bsg) driver version 0.4 loaded (major 253)
[    1.917080] io scheduler noop registered
[    1.917604] io scheduler deadline registered (default)
[    1.918427] io scheduler cfq registered
[    1.922215] pci_hotplug: PCI Hot Plug PCI Core version: 0.5
[    1.925232] pciehp: PCI Express Hot Plug Controller Driver version: 0.4
[    1.930210] input: Power Button as /devices/LNXSYSTM:00/LNXPWRBN:00/input/input0
[    1.933440] ACPI: Power Button [PWRF]
[    1.985964] ERST: Table is not found!
[    1.986471] GHES: HEST is not enabled!
[    1.994932] ACPI: PCI Interrupt Link [LNKC] enabled at IRQ 10
[    1.995766] virtio-pci 0000:00:03.0: PCI INT A -&gt; Link[LNKC] -&gt; GSI 10 (level, high) -&gt; IRQ 10
[    1.999472] virtio-pci 0000:00:04.0: PCI INT A -&gt; Link[LNKD] -&gt; GSI 11 (level, high) -&gt; IRQ 11
[    2.009749] ACPI: PCI Interrupt Link [LNKA] enabled at IRQ 10
[    2.010421] virtio-pci 0000:00:05.0: PCI INT A -&gt; Link[LNKA] -&gt; GSI 10 (level, high) -&gt; IRQ 10
[    2.022424] Serial: 8250/16550 driver, 32 ports, IRQ sharing enabled
[    2.068083] serial8250: ttyS0 at I/O 0x3f8 (irq = 4) is a 16550A
[    2.163637] serial8250: ttyS1 at I/O 0x2f8 (irq = 3) is a 16550A
[    2.298292] 00:05: ttyS0 at I/O 0x3f8 (irq = 4) is a 16550A
[    2.384620] 00:06: ttyS1 at I/O 0x2f8 (irq = 3) is a 16550A
[    2.431412] Linux agpgart interface v0.103
[    2.494215] brd: module loaded
[    2.502328] Refined TSC clocksource calibration: 2292.774 MHz.
[    2.503499] Switching to clocksource tsc
[    2.531209] loop: module loaded
[    2.586603]  vda: unknown partition table
[    2.649862] scsi0 : ata_piix
[    2.652112] scsi1 : ata_piix
[    2.655022] ata1: PATA max MWDMA2 cmd 0x1f0 ctl 0x3f6 bmdma 0xc0a0 irq 14
[    2.655860] ata2: PATA max MWDMA2 cmd 0x170 ctl 0x376 bmdma 0xc0a8 irq 15
[    2.666211] Fixed MDIO Bus: probed
[    2.667006] tun: Universal TUN/TAP device driver, 1.6
[    2.667626] tun: (C) 1999-2004 Max Krasnyansky &lt;maxk@qualcomm.com&gt;
[    2.684147] PPP generic driver version 2.4.2
[    2.715024] ehci_hcd: USB 2.0 'Enhanced' Host Controller (EHCI) Driver
[    2.717555] ohci_hcd: USB 1.1 'Open' Host Controller (OHCI) Driver
[    2.719082] uhci_hcd: USB Universal Host Controller Interface driver
[    2.722099] uhci_hcd 0000:00:01.2: PCI INT D -&gt; Link[LNKD] -&gt; GSI 11 (level, high) -&gt; IRQ 11
[    2.727226] uhci_hcd 0000:00:01.2: UHCI Host Controller
[    2.747810] uhci_hcd 0000:00:01.2: new USB bus registered, assigned bus number 1
[    2.750969] uhci_hcd 0000:00:01.2: irq 11, io base 0x0000c040
[    2.785641] hub 1-0:1.0: USB hub found
[    2.787502] hub 1-0:1.0: 2 ports detected
[    2.805610] usbcore: registered new interface driver libusual
[    2.813602] i8042: PNP: PS/2 Controller [PNP0303:KBD,PNP0f13:MOU] at 0x60,0x64 irq 1,12
[    2.828429] serio: i8042 KBD port at 0x60,0x64 irq 1
[    2.834117] serio: i8042 AUX port at 0x60,0x64 irq 12
[    2.883510] ata2.01: ATAPI: QEMU DVD-ROM, 2.0.0, max UDMA/100
[    2.892701] ata2.01: configured for MWDMA2
[    2.923196] scsi 1:0:1:0: CD-ROM            QEMU     QEMU DVD-ROM     2.0. PQ: 0 ANSI: 5
[    2.942427] mousedev: PS/2 mouse device common for all mice
[    2.960937] input: AT Translated Set 2 keyboard as /devices/platform/i8042/serio0/input/input1
[    2.964859] rtc_cmos 00:01: RTC can wake from S4
[    2.995307] rtc_cmos 00:01: rtc core: registered rtc_cmos as rtc0
[    3.003384] rtc0: alarms up to one day, 114 bytes nvram, hpet irqs
[    3.009836] device-mapper: uevent: version 1.0.3
[    3.031640] sr0: scsi3-mmc drive: 4x/4x cd/rw xa/form2 tray
[    3.032978] cdrom: Uniform CD-ROM driver Revision: 3.20
[    3.042824] sr 1:0:1:0: Attached scsi generic sg0 type 5
[    3.064915] device-mapper: ioctl: 4.22.0-ioctl (2011-10-19) initialised: dm-devel@redhat.com
[    3.070120] cpuidle: using governor ladder
[    3.071805] cpuidle: using governor menu
[    3.072316] EFI Variables Facility v0.08 2004-May-17
[    3.084020] TCP cubic registered
[    3.088884] NET: Registered protocol family 10
[    3.120672] NET: Registered protocol family 17
[    3.123305] Registering the dns_resolver key type
[    3.197286] registered taskstats version 1
[    3.276689] Freeing initrd memory: 3656k freed
[    3.774385]   Magic number: 0:289:471
[    3.786969] rtc_cmos 00:01: setting system clock to 2016-01-22 07:29:41 UTC (1453447781)
[    3.790074] powernow-k8: Processor cpuid 663 not supported
[    3.797153] BIOS EDD facility v0.16 2004-Jun-25, 0 devices found
[    3.799629] EDD information not available.
[    3.867224] Freeing unused kernel memory: 928k freed
[    3.874071] Write protecting the kernel read-only data: 12288k
[    3.946213] Freeing unused kernel memory: 1596k freed
[    4.002256] Freeing unused kernel memory: 1184k freed

info: initramfs: up at 4.17
modprobe: module virtio_blk not found in modules.dep
modprobe: module virtio_net not found in modules.dep
info: copying initramfs to /dev/vda
info: initramfs loading root from /dev/vda
info: /etc/init.d/rc.sysinit: up at 8.75
info: container: none
Starting logging: OK
modprobe: module virtio_blk not found in modules.dep
modprobe: module virtio_net not found in modules.dep
WARN: /etc/rc3.d/S10-load-modules failed
Initializing random number generator... done.
Starting acpid: OK
cirros-ds 'local' up at 11.28
found datasource (configdrive, local)
Starting network...
udhcpc (v1.20.1) started
Sending discover...
Sending discover...
Sending discover...
Usage: /sbin/cirros-dhcpc &lt;up|down&gt;
No lease, failing
WARN: /etc/rc3.d/S40-network failed
Starting dropbear sshd: generating rsa key... generating dsa key... OK
no userdata for datasource
=== system information ===
Platform: OpenStack Foundation OpenStack Nova
Container: none
Arch: x86_64
CPU(s): 1 @ 2292.641 MHz
Cores/Sockets/Threads: 1/1/1
Virt-type: AMD-V
RAM Size: 49MB
Disks:
NAME MAJ:MIN     SIZE LABEL         MOUNTPOINT
vda  253:0   25165824 cirros-rootfs /
sr0   11:0     428032 config-2      
=== sshd host keys ===
-----BEGIN SSH HOST KEY KEYS-----
ssh-rsa AAAAB3NzaC1yc2EAAAADAQABAAAAgwCXekYhXPQlHkogzOqmVQ9DTJpiLihwtyUdp6/kwNtFzZqNqJRZ78yYfR5Z3kV66vPn1PNwvzM+yFibcw5Hj/SREjXgpP6IArYzu59dGkd+saKuhSUEG2Ih9FpqRqWjjTO3CuOM5WPhM9yPAeWSJd5wtWT6lu9dpST6tHGKJKYeCs/J root@tempest
ssh-dss AAAAB3NzaC1kc3MAAACBAM9poI+2xsgcv/OzaapHYq8t/jla187fxQu55W42keG8mlJXkJR1zZ7rJqjuyVhZEH52ub2NViPOGUVqI0s2vtnpof6qBba3wLSt44y+oVNyAGQxpyAL2OkHjXRo56SSNYAVOF8k8yeye1Fvoj0BU7jSuBuiviIFdk87fWU3LRbLAAAAFQCv4SO8mx/dXxoVfNsfRyKXsyN/8QAAAIBWxtyn751nFl1CbGIRZI4hDzdVj6himdSB1aJvwqLxwlzanaiXjrigeuRoNnYcFrdkCfompBZ1PIb/dTOcSuhK1NFxdZ63015KC37HqMB3+hB0CrU54Jx8CObeGbQIIpi6zT09Q5KVhWFZpSTZVw9EA7b7AabO6pgI8m93sKJt0QAAAIEAtUGJgs4WNpOcyS3yOXUb4NVPr5Nk5eVRltzK64MZ5FoMMZeb85hG4D7ESKRhl9ePs8wSGyK9Qci4iTGf6OOukaLfW7o9/YDbCm9fbKF15KMDGdwK1gBzm8iRfEHB5rsS5kmPC4v73tmg/MDkpZd5ESWjQU4Oq+jUE9epiHAXcLE= root@tempest
-----END SSH HOST KEY KEYS-----
=== network info ===
if-info: lo,up,127.0.0.1,8,::1
if-info: eth0,up,,8,fe80::f816:3eff:fe8d:906d
=== datasource: configdrive local ===
instance-id: 36177635-1c03-44e0-bb01-b8f1128bef2e
name: tempest.common.compute-instance-21177516
availability-zone: nova
local-hostname: tempest.common.compute-instance-21177516.novalocal
launch-index: 0
=== cirros: current=0.3.4 uptime=204.05 ===
route: fscanf
=== pinging gateway failed, debugging connection ===
############ debug start ##############
### /etc/init.d/sshd start
Starting dropbear sshd: OK
route: fscanf
### ifconfig -a
eth0      Link encap:Ethernet  HWaddr FA:16:3E:8D:90:6D  
          inet6 addr: fe80::f816:3eff:fe8d:906d/64 Scope:Link
          UP BROADCAST RUNNING MULTICAST  MTU:1500  Metric:1
          RX packets:13 errors:0 dropped:5 overruns:0 frame:0
          TX packets:8 errors:0 dropped:0 overruns:0 carrier:0
          collisions:0 txqueuelen:1000 
          RX bytes:1213 (1.1 KiB)  TX bytes:1134 (1.1 KiB)

lo        Link encap:Local Loopback  
          inet addr:127.0.0.1  Mask:255.0.0.0
          inet6 addr: ::1/128 Scope:Host
          UP LOOPBACK RUNNING  MTU:16436  Metric:1
          RX packets:12 errors:0 dropped:0 overruns:0 frame:0
          TX packets:12 errors:0 dropped:0 overruns:0 carrier:0
          collisions:0 txqueuelen:0 
          RX bytes:1020 (1020.0 B)  TX bytes:1020 (1020.0 B)

### route -n
Kernel IP routing table
Destination     Gateway         Genmask         Flags Metric Ref    Use Iface
route: fscanf
### cat /etc/resolv.conf
cat: can't open '/etc/resolv.conf': No such file or directory
### gateway not found
/sbin/cirros-status: line 1: can't open /etc/resolv.conf: no such file
### pinging nameservers
### uname -a
Linux tempest 3.2.0-80-virtual #116-Ubuntu SMP Mon Mar 23 17:28:52 UTC 2015 x86_64 GNU/Linux
### lsmod
Module                  Size  Used by    Not tainted
nls_iso8859_1          12713  0 
nls_cp437              16991  0 
vfat                   17585  0 
fat                    61512  1 vfat
isofs                  40259  0 
ip_tables              27473  0 
x_tables               29891  1 ip_tables
pcnet32                42119  0 
8139cp                 27360  0 
ne2k_pci               13691  0 
8390                   18856  1 ne2k_pci
e1000                 108589  0 
acpiphp                24231  0 
### dmesg | tail
[    4.954988] EXT3-fs (vda): mounted filesystem with ordered data mode
[    5.238128] ISO 9660 Extensions: Microsoft Joliet Level 3
[    5.305305] ISO 9660 Extensions: RRIP_1991A
[    5.521773] kjournald starting.  Commit interval 5 seconds
[    5.536757] EXT3-fs (vda): using internal journal
[    5.537696] EXT3-fs (vda): mounted filesystem with ordered data mode
[    8.817287] EXT3-fs (vda): using internal journal
[   12.035434] ISO 9660 Extensions: Microsoft Joliet Level 3
[   12.120288] ISO 9660 Extensions: RRIP_1991A
[   26.667873] eth0: no IPv6 routers present
### tail -n 25 /var/log/messages
Jan 22 07:29:47 cirros kern.info kernel: [    4.438235] acpiphp: Slot [26] registered
Jan 22 07:29:47 cirros kern.info kernel: [    4.438556] acpiphp: Slot [27] registered
Jan 22 07:29:47 cirros kern.info kernel: [    4.438874] acpiphp: Slot [28] registered
Jan 22 07:29:47 cirros kern.info kernel: [    4.439219] acpiphp: Slot [29] registered
Jan 22 07:29:47 cirros kern.info kernel: [    4.439661] acpiphp: Slot [30] registered
Jan 22 07:29:47 cirros kern.info kernel: [    4.439980] acpiphp: Slot [31] registered
Jan 22 07:29:47 cirros kern.info kernel: [    4.496986] e1000: Intel(R) PRO/1000 Network Driver - version 7.3.21-k8-NAPI
Jan 22 07:29:47 cirros kern.info kernel: [    4.497397] e1000: Copyright (c) 1999-2006 Intel Corporation.
Jan 22 07:29:47 cirros kern.info kernel: [    4.535456] ne2k-pci.c:v1.03 9/22/2003 D. Becker/P. Gortmaker
Jan 22 07:29:47 cirros kern.info kernel: [    4.571300] 8139cp: 8139cp: 10/100 PCI Ethernet driver v1.3 (Mar 22, 2004)
Jan 22 07:29:47 cirros kern.info kernel: [    4.607599] pcnet32: pcnet32.c:v1.35 21.Apr.2008 tsbogend@alpha.franken.de
Jan 22 07:29:47 cirros kern.info kernel: [    4.666091] ip_tables: (C) 2000-2006 Netfilter Core Team
Jan 22 07:29:47 cirros kern.info kernel: [    4.947664] kjournald starting.  Commit interval 5 seconds
Jan 22 07:29:47 cirros kern.info kernel: [    4.954988] EXT3-fs (vda): mounted filesystem with ordered data mode
Jan 22 07:29:47 cirros kern.debug kernel: [    5.238128] ISO 9660 Extensions: Microsoft Joliet Level 3
Jan 22 07:29:47 cirros kern.debug kernel: [    5.305305] ISO 9660 Extensions: RRIP_1991A
Jan 22 07:29:47 cirros kern.info kernel: [    5.521773] kjournald starting.  Commit interval 5 seconds
Jan 22 07:29:47 cirros kern.info kernel: [    5.536757] EXT3-fs (vda): using internal journal
Jan 22 07:29:47 cirros kern.info kernel: [    5.537696] EXT3-fs (vda): mounted filesystem with ordered data mode
Jan 22 07:29:47 cirros kern.info kernel: [    8.817287] EXT3-fs (vda): using internal journal
Jan 22 07:29:49 cirros kern.debug kernel: [   12.035434] ISO 9660 Extensions: Microsoft Joliet Level 3
Jan 22 07:29:49 cirros kern.debug kernel: [   12.120288] ISO 9660 Extensions: RRIP_1991A
Jan 22 07:29:52 cirros auth.notice su: + /dev/console root:cirros
Jan 22 07:30:04 cirros kern.debug kernel: [   26.667873] eth0: no IPv6 routers present
Jan 22 07:32:59 cirros authpriv.info dropbear[283]: Running in background
############ debug end   ##############
  ____               ____  ____
 / __/ __ ____ ____ / __ \/ __/
/ /__ / // __// __// /_/ /\ \ 
\___//_//_/  /_/   \____/___/ 
   http://cirros-cloud.net


login as 'cirros' user. default password: 'cubswin:)'. use 'sudo' for root.
tempest login: 
2016-01-22 07:33:47,368 15376 INFO     [tempest_lib.common.rest_client] Request (TestGettingAddress:_run_cleanups): 204 DELETE http://10.4.1.3:9696/v2.0/floatingips/0d8d62a5-80c4-4b96-abbc-2d959b3f6c51 0.329s
2016-01-22 07:33:47,368 15376 DEBUG    [tempest_lib.common.rest_client] Request - Headers: {'Content-Type': 'application/json', 'Accept': 'application/json', 'X-Auth-Token': '&lt;omitted&gt;'}
        Body: None
    Response - Headers: {'date': 'Fri, 22 Jan 2016 07:33:47 GMT', 'status': '204', 'connection': 'close', 'content-length': '0', 'x-openstack-request-id': 'req-2472ca3e-a618-4712-9388-fc626755957c'}
        Body: 
2016-01-22 07:33:47,603 15376 INFO     [tempest_lib.common.rest_client] Request (TestGettingAddress:_run_cleanups): 204 DELETE http://10.4.1.3:8774/v2.1/2659095338424c0eac94bea3a1df40dc/servers/36177635-1c03-44e0-bb01-b8f1128bef2e 0.234s
2016-01-22 07:33:47,605 15376 DEBUG    [tempest_lib.common.rest_client] Request - Headers: {'Content-Type': 'application/json', 'Accept': 'application/json', 'X-Auth-Token': '&lt;omitted&gt;'}
        Body: None
    Response - Headers: {'status': '204', 'content-length': '0', 'x-compute-request-id': 'req-c973b000-92bc-49c3-aefd-74b35935eeeb', 'vary': 'X-OpenStack-Nova-API-Version', 'connection': 'close', 'x-openstack-nova-api-version': '2.1', 'date': 'Fri, 22 Jan 2016 07:33:47 GMT', 'content-type': 'application/json'}
        Body: 
2016-01-22 07:33:47,934 15376 INFO     [tempest_lib.common.rest_client] Request (TestGettingAddress:_run_cleanups): 200 GET http://10.4.1.3:8774/v2.1/2659095338424c0eac94bea3a1df40dc/servers/36177635-1c03-44e0-bb01-b8f1128bef2e 0.327s
2016-01-22 07:33:47,934 15376 DEBUG    [tempest_lib.common.rest_client] Request - Headers: {'Content-Type': 'application/json', 'Accept': 'application/json', 'X-Auth-Token': '&lt;omitted&gt;'}
        Body: None
    Response - Headers: {'status': '200', 'content-length': '1896', 'content-location': 'http://10.4.1.3:8774/v2.1/2659095338424c0eac94bea3a1df40dc/servers/36177635-1c03-44e0-bb01-b8f1128bef2e', 'x-compute-request-id': 'req-5144ffd8-4396-4f8d-8300-86422a0a3754', 'vary': 'X-OpenStack-Nova-API-Version', 'connection': 'close', 'x-openstack-nova-api-version': '2.1', 'date': 'Fri, 22 Jan 2016 07:33:47 GMT', 'content-type': 'application/json'}
        Body: {"server": {"status": "ACTIVE", "updated": "2016-01-22T07:33:47Z", "hostId": "1d7eb37adecd02377c484fe698c8b879abef5f9469d99d19db1a9bb6", "addresses": {"tempest-network-smoke--93040042": [{"OS-EXT-IPS-MAC:mac_addr": "fa:16:3e:8d:90:6d", "version": 4, "addr": "10.100.0.3", "OS-EXT-IPS:type": "fixed"}, {"OS-EXT-IPS-MAC:mac_addr": "fa:16:3e:8d:90:6d", "version": 6, "addr": "2003::f816:3eff:fe8d:906d", "OS-EXT-IPS:type": "fixed"}, {"OS-EXT-IPS-MAC:mac_addr": "fa:16:3e:8d:90:6d", "version": 4, "addr": "172.24.4.4", "OS-EXT-IPS:type": "floating"}]}, "links": [{"href": "http://10.4.1.3:8774/v2.1/2659095338424c0eac94bea3a1df40dc/servers/36177635-1c03-44e0-bb01-b8f1128bef2e", "rel": "self"}, {"href": "http://10.4.1.3:8774/2659095338424c0eac94bea3a1df40dc/servers/36177635-1c03-44e0-bb01-b8f1128bef2e", "rel": "bookmark"}], "key_name": "tempest-TestGettingAddress-1672630411", "image": {"id": "16713a9a-72bb-4305-915f-a126b8a02d49", "links": [{"href": "http://10.4.1.3:8774/2659095338424c0eac94bea3a1df40dc/images/16713a9a-72bb-4305-915f-a126b8a02d49", "rel": "bookmark"}]}, "OS-EXT-STS:task_state": "deleting", "OS-EXT-STS:vm_state": "active", "OS-SRV-USG:launched_at": "2016-01-22T07:29:34.000000", "flavor": {"id": "42", "links": [{"href": "http://10.4.1.3:8774/2659095338424c0eac94bea3a1df40dc/flavors/42", "rel": "bookmark"}]}, "id": "36177635-1c03-44e0-bb01-b8f1128bef2e", "security_groups": [{"name": "tempest-secgroup-smoke-423186597"}], "OS-SRV-USG:terminated_at": null, "OS-EXT-AZ:availability_zone": "nova", "user_id": "24482753b4924f4c9a01f8530d9a6679", "name": "tempest.common.compute-instance-21177516", "created": "2016-01-22T07:29:30Z", "tenant_id": "2659095338424c0eac94bea3a1df40dc", "OS-DCF:diskConfig": "MANUAL", "os-extended-volumes:volumes_attached": [], "accessIPv4": "", "accessIPv6": "", "progress": 0, "OS-EXT-STS:power_state": 1, "config_drive": "True", "metadata": {}}}
2016-01-22 07:33:49,123 15376 INFO     [tempest_lib.common.rest_client] Request (TestGettingAddress:_run_cleanups): 200 GET http://10.4.1.3:8774/v2.1/2659095338424c0eac94bea3a1df40dc/servers/36177635-1c03-44e0-bb01-b8f1128bef2e 0.175s
2016-01-22 07:33:49,124 15376 DEBUG    [tempest_lib.common.rest_client] Request - Headers: {'Content-Type': 'application/json', 'Accept': 'application/json', 'X-Auth-Token': '&lt;omitted&gt;'}
        Body: None
    Response - Headers: {'status': '200', 'content-length': '1439', 'content-location': 'http://10.4.1.3:8774/v2.1/2659095338424c0eac94bea3a1df40dc/servers/36177635-1c03-44e0-bb01-b8f1128bef2e', 'x-compute-request-id': 'req-54f0d148-9bd3-473a-a96d-030a48ed4886', 'vary': 'X-OpenStack-Nova-API-Version', 'connection': 'close', 'x-openstack-nova-api-version': '2.1', 'date': 'Fri, 22 Jan 2016 07:33:49 GMT', 'content-type': 'application/json'}
        Body: {"server": {"status": "DELETED", "updated": "2016-01-22T07:33:48Z", "hostId": "1d7eb37adecd02377c484fe698c8b879abef5f9469d99d19db1a9bb6", "addresses": {}, "links": [{"href": "http://10.4.1.3:8774/v2.1/2659095338424c0eac94bea3a1df40dc/servers/36177635-1c03-44e0-bb01-b8f1128bef2e", "rel": "self"}, {"href": "http://10.4.1.3:8774/2659095338424c0eac94bea3a1df40dc/servers/36177635-1c03-44e0-bb01-b8f1128bef2e", "rel": "bookmark"}], "key_name": "tempest-TestGettingAddress-1672630411", "image": {"id": "16713a9a-72bb-4305-915f-a126b8a02d49", "links": [{"href": "http://10.4.1.3:8774/2659095338424c0eac94bea3a1df40dc/images/16713a9a-72bb-4305-915f-a126b8a02d49", "rel": "bookmark"}]}, "OS-EXT-STS:task_state": null, "OS-EXT-STS:vm_state": "deleted", "OS-SRV-USG:launched_at": "2016-01-22T07:29:34.000000", "flavor": {"id": "42", "links": [{"href": "http://10.4.1.3:8774/2659095338424c0eac94bea3a1df40dc/flavors/42", "rel": "bookmark"}]}, "id": "36177635-1c03-44e0-bb01-b8f1128bef2e", "OS-SRV-USG:terminated_at": "2016-01-22T07:33:48.000000", "OS-EXT-AZ:availability_zone": "nova", "user_id": "24482753b4924f4c9a01f8530d9a6679", "name": "tempest.common.compute-instance-21177516", "created": "2016-01-22T07:29:30Z", "tenant_id": "2659095338424c0eac94bea3a1df40dc", "OS-DCF:diskConfig": "MANUAL", "os-extended-volumes:volumes_attached": [], "accessIPv4": "", "accessIPv6": "", "OS-EXT-STS:power_state": 0, "config_drive": "True", "metadata": {}}}
2016-01-22 07:33:50,217 15376 INFO     [tempest_lib.common.rest_client] Request (TestGettingAddress:_run_cleanups): 404 GET http://10.4.1.3:8774/v2.1/2659095338424c0eac94bea3a1df40dc/servers/36177635-1c03-44e0-bb01-b8f1128bef2e 0.082s
2016-01-22 07:33:50,218 15376 DEBUG    [tempest_lib.common.rest_client] Request - Headers: {'Content-Type': 'application/json', 'Accept': 'application/json', 'X-Auth-Token': '&lt;omitted&gt;'}
        Body: None
    Response - Headers: {'status': '404', 'content-length': '111', 'x-compute-request-id': 'req-52916845-8700-4333-b2ef-b5986ba3236a', 'vary': 'X-OpenStack-Nova-API-Version', 'connection': 'close', 'x-openstack-nova-api-version': '2.1', 'date': 'Fri, 22 Jan 2016 07:33:50 GMT', 'content-type': 'application/json; charset=UTF-8'}
        Body: {"itemNotFound": {"message": "Instance 36177635-1c03-44e0-bb01-b8f1128bef2e could not be found.", "code": 404}}
2016-01-22 07:33:50,598 15376 INFO     [tempest_lib.common.rest_client] Request (TestGettingAddress:_run_cleanups): 500 PUT http://10.4.1.3:9696/v2.0/routers/271af49b-8a2e-4813-88b4-f2648b016876/remove_router_interface 0.378s
2016-01-22 07:33:50,599 15376 DEBUG    [tempest_lib.common.rest_client] Request - Headers: {'Content-Type': 'application/json', 'Accept': 'application/json', 'X-Auth-Token': '&lt;omitted&gt;'}
        Body: {"subnet_id": "5c1ef3b0-d1ab-4c8b-9b62-01fcf1b90697"}
    Response - Headers: {'status': '500', 'content-length': '150', 'connection': 'close', 'date': 'Fri, 22 Jan 2016 07:33:50 GMT', 'content-type': 'application/json; charset=UTF-8', 'x-openstack-request-id': 'req-0a7d83c0-2f06-4e65-b680-ea32b8fc4b65'}
        Body: {"NeutronError": {"message": "Request Failed: internal server error while processing your request.", "type": "HTTPInternalServerError", "detail": ""}}
2016-01-22 07:33:50,848 15376 INFO     [tempest_lib.common.rest_client] Request (TestGettingAddress:_run_cleanups): 404 PUT http://10.4.1.3:9696/v2.0/routers/271af49b-8a2e-4813-88b4-f2648b016876/remove_router_interface 0.244s
2016-01-22 07:33:50,848 15376 DEBUG    [tempest_lib.common.rest_client] Request - Headers: {'Content-Type': 'application/json', 'Accept': 'application/json', 'X-Auth-Token': '&lt;omitted&gt;'}
        Body: {"subnet_id": "5c1ef3b0-d1ab-4c8b-9b62-01fcf1b90697"}
    Response - Headers: {'status': '404', 'content-length': '198', 'connection': 'close', 'date': 'Fri, 22 Jan 2016 07:33:50 GMT', 'content-type': 'application/json; charset=UTF-8', 'x-openstack-request-id': 'req-6b59a3c1-1ae7-41f4-a602-1757c4b2bb04'}
        Body: {"NeutronError": {"message": "Router 271af49b-8a2e-4813-88b4-f2648b016876 has no interface on subnet 5c1ef3b0-d1ab-4c8b-9b62-01fcf1b90697", "type": "RouterInterfaceNotFoundForSubnet", "detail": ""}}
2016-01-22 07:33:51,278 15376 INFO     [tempest_lib.common.rest_client] Request (TestGettingAddress:_run_cleanups): 500 PUT http://10.4.1.3:9696/v2.0/routers/271af49b-8a2e-4813-88b4-f2648b016876/remove_router_interface 0.429s
2016-01-22 07:33:51,278 15376 DEBUG    [tempest_lib.common.rest_client] Request - Headers: {'Content-Type': 'application/json', 'Accept': 'application/json', 'X-Auth-Token': '&lt;omitted&gt;'}
        Body: {"subnet_id": "cc2aec1c-0f7c-4953-95be-19b58cde2ce7"}
    Response - Headers: {'status': '500', 'content-length': '150', 'connection': 'close', 'date': 'Fri, 22 Jan 2016 07:33:51 GMT', 'content-type': 'application/json; charset=UTF-8', 'x-openstack-request-id': 'req-de3eef14-a5ed-4c10-86fb-41b62259a48c'}
        Body: {"NeutronError": {"message": "Request Failed: internal server error while processing your request.", "type": "HTTPInternalServerError", "detail": ""}}
2016-01-22 07:33:51,333 15376 INFO     [tempest_lib.common.rest_client] Request (TestGettingAddress:_run_cleanups): 200 GET http://10.4.1.3:9696/v2.0/routers/271af49b-8a2e-4813-88b4-f2648b016876 0.053s
2016-01-22 07:33:51,334 15376 DEBUG    [tempest_lib.common.rest_client] Request - Headers: {'Content-Type': 'application/json', 'Accept': 'application/json', 'X-Auth-Token': '&lt;omitted&gt;'}
        Body: None
    Response - Headers: {'status': '200', 'content-length': '500', 'content-location': 'http://10.4.1.3:9696/v2.0/routers/271af49b-8a2e-4813-88b4-f2648b016876', 'connection': 'close', 'date': 'Fri, 22 Jan 2016 07:33:51 GMT', 'content-type': 'application/json; charset=UTF-8', 'x-openstack-request-id': 'req-34f34b4e-3567-48b5-8b40-270b3677b4ae'}
        Body: {"router": {"status": "ACTIVE", "external_gateway_info": {"network_id": "938e3e42-616d-4371-8e5f-e84ad9e85a3b", "enable_snat": true, "external_fixed_ips": [{"subnet_id": "b845e716-cb22-41e7-b2c2-d3a788cfeb23", "ip_address": "172.24.4.3"}, {"subnet_id": "9e63fad4-1c82-47d6-bc9e-50be865514a4", "ip_address": "2001:db8::4"}]}, "name": "tempest-router-smoke-504284153", "admin_state_up": true, "tenant_id": "2659095338424c0eac94bea3a1df40dc", "routes": [], "id": "271af49b-8a2e-4813-88b4-f2648b016876"}}
2016-01-22 07:33:51,736 15376 INFO     [tempest_lib.common.rest_client] Request (TestGettingAddress:_run_cleanups): 200 PUT http://10.4.1.3:9696/v2.0/routers/271af49b-8a2e-4813-88b4-f2648b016876 0.400s
2016-01-22 07:33:51,736 15376 DEBUG    [tempest_lib.common.rest_client] Request - Headers: {'Content-Type': 'application/json', 'Accept': 'application/json', 'X-Auth-Token': '&lt;omitted&gt;'}
        Body: {"router": {"external_gateway_info": {}, "name": "tempest-router-smoke-504284153", "admin_state_up": true}}
    Response - Headers: {'status': '200', 'content-length': '238', 'connection': 'close', 'date': 'Fri, 22 Jan 2016 07:33:51 GMT', 'content-type': 'application/json; charset=UTF-8', 'x-openstack-request-id': 'req-d667082d-88a7-4ccf-bb68-b3348c63019c'}
        Body: {"router": {"status": "ACTIVE", "external_gateway_info": null, "name": "tempest-router-smoke-504284153", "admin_state_up": true, "tenant_id": "2659095338424c0eac94bea3a1df40dc", "routes": [], "id": "271af49b-8a2e-4813-88b4-f2648b016876"}}
2016-01-22 07:33:52,010 15376 INFO     [tempest_lib.common.rest_client] Request (TestGettingAddress:_run_cleanups): 500 DELETE http://10.4.1.3:9696/v2.0/routers/271af49b-8a2e-4813-88b4-f2648b016876 0.273s
2016-01-22 07:33:52,010 15376 DEBUG    [tempest_lib.common.rest_client] Request - Headers: {'Content-Type': 'application/json', 'Accept': 'application/json', 'X-Auth-Token': '&lt;omitted&gt;'}
        Body: None
    Response - Headers: {'status': '500', 'content-length': '150', 'connection': 'close', 'date': 'Fri, 22 Jan 2016 07:33:52 GMT', 'content-type': 'application/json; charset=UTF-8', 'x-openstack-request-id': 'req-c2be7d50-4e55-430b-be8e-0d530399a0c4'}
        Body: {"NeutronError": {"message": "Request Failed: internal server error while processing your request.", "type": "HTTPInternalServerError", "detail": ""}}
