<?xml version="1.0" encoding="UTF-8"?>
<!DOCTYPE html PUBLIC "-//W3C//DTD XHTML 1.0 Strict//EN"
     "http://www.w3.org/TR/xhtml1/DTD/xhtml1-strict.dtd">
<html xmlns="http://www.w3.org/1999/xhtml">
<head>
    <title>Unit Test Report</title>
    <meta name="generator" content="subunit2html 0.1"/>
    <meta http-equiv="Content-Type" content="text/html; charset=UTF-8"/>
    
<style type="text/css" media="screen">
body        { font-family: verdana, arial, helvetica, sans-serif;
    font-size: 80%; }
table       { font-size: 100%; width: 100%;}
pre         { font-size: 80%; }

/* -- heading -------------------------------------------------------------- */
h1 {
        font-size: 16pt;
        color: gray;
}
.heading {
    margin-top: 0ex;
    margin-bottom: 1ex;
}

.heading .attribute {
    margin-top: 1ex;
    margin-bottom: 0;
}

.heading .description {
    margin-top: 4ex;
    margin-bottom: 6ex;
}

/* -- css div popup -------------------------------------------------------- */
a.popup_link {
}

a.popup_link:hover {
    color: red;
}

.popup_window {
    display: none;
    overflow-x: scroll;
    /*border: solid #627173 1px; */
    padding: 10px;
    background-color: #E6E6D6;
    font-family: "Ubuntu Mono", "Lucida Console", "Courier New", monospace;
    text-align: left;
    font-size: 8pt;
}

}
/* -- report --------------------------------------------------------------- */
#show_detail_line {
    margin-top: 3ex;
    margin-bottom: 1ex;
}
#result_table {
    width: 100%;
    border-collapse: collapse;
    border: 1px solid #777;
}
#header_row {
    font-weight: bold;
    color: white;
    background-color: #777;
}
#result_table td {
    border: 1px solid #777;
    padding: 2px;
}
#total_row  { font-weight: bold; }
.passClass  { background-color: #6c6; }
.failClass  { background-color: #c60; }
.errorClass { background-color: #c00; }
.passCase   { color: #6c6; }
.failCase   { color: #c60; font-weight: bold; }
.errorCase  { color: #c00; font-weight: bold; }
.hiddenRow  { display: none; }
.testcase   { margin-left: 2em; }
td.testname {width: 40%}
td.small {width: 40px}

/* -- ending --------------------------------------------------------------- */
#ending {
}

</style>

</head>
<body>
<script language="javascript" type="text/javascript"><!--
output_list = Array();

/* level - 0:Summary; 1:Failed; 2:All */
function showCase(level) {
    trs = document.getElementsByTagName("tr");
    for (var i = 0; i < trs.length; i++) {
        tr = trs[i];
        id = tr.id;
        if (id.substr(0,2) == 'ft') {
            if (level < 1) {
                tr.className = 'hiddenRow';
            }
            else {
                tr.className = '';
            }
        }
        if (id.substr(0,2) == 'pt') {
            if (level > 1) {
                tr.className = '';
            }
            else {
                tr.className = 'hiddenRow';
            }
        }
    }
}


function showClassDetail(cid, count) {
    var id_list = Array(count);
    var toHide = 1;
    for (var i = 0; i < count; i++) {
        tid0 = 't' + cid.substr(1) + '.' + (i+1);
        tid = 'f' + tid0;
        tr = document.getElementById(tid);
        if (!tr) {
            tid = 'p' + tid0;
            tr = document.getElementById(tid);
        }
        id_list[i] = tid;
        if (tr.className) {
            toHide = 0;
        }
    }
    for (var i = 0; i < count; i++) {
        tid = id_list[i];
        if (toHide) {
            document.getElementById('div_'+tid).style.display = 'none'
            document.getElementById(tid).className = 'hiddenRow';
        }
        else {
            document.getElementById(tid).className = '';
        }
    }
}


function showTestDetail(div_id){
    var details_div = document.getElementById(div_id)
    var displayState = details_div.style.display
    // alert(displayState)
    if (displayState != 'block' ) {
        displayState = 'block'
        details_div.style.display = 'block'
    }
    else {
        details_div.style.display = 'none'
    }
}


function html_escape(s) {
    s = s.replace(/&/g,'&amp;');
    s = s.replace(/</g,'&lt;');
    s = s.replace(/>/g,'&gt;');
    return s;
}

/* obsoleted by detail in <div>
function showOutput(id, name) {
    var w = window.open("", //url
                    name,
                    "resizable,scrollbars,status,width=800,height=450");
    d = w.document;
    d.write("<pre>");
    d.write(html_escape(output_list[id]));
    d.write("\n");
    d.write("<a href='javascript:window.close()'>close</a>\n");
    d.write("</pre>\n");
    d.close();
}
*/
--></script>

<div class='heading'>
<h1>Unit Test Report</h1>

<p class='attribute'><strong>Status:</strong> Failure 8</p>

<p class='description'></p>
</div>



<p id='show_detail_line'>Show
<a href='javascript:showCase(0)'>Summary</a>
<a href='javascript:showCase(1)'>Failed</a>
<a href='javascript:showCase(2)'>All</a>
</p>
<table id='result_table'>
<colgroup>
<col align='left' />
<col align='right' />
<col align='right' />
<col align='right' />
<col align='right' />
<col align='right' />
<col align='right' />
<col align='right' />
</colgroup>
<tr id='header_row'>
    <td>Test Group/Test case</td>
    <td>Count</td>
    <td>Pass</td>
    <td>Fail</td>
    <td>Error</td>
    <td>Skip</td>
    <td>View</td>
    <td> </td>
</tr>

<tr class='failClass'>
    <td class="testname">tempest.scenario.test_network_v6.TestGettingAddress</td>
    <td class="small">8</td>
    <td class="small">0</td>
    <td class="small">8</td>
    <td class="small">0</td>
    <td class="small">0</td>
    <td class="small"><a href="javascript:showClassDetail('c1',8)"
>Detail</a></td>
    <td> </td>
</tr>

<tr id='ft1.1' class='none'>
    <td class='failCase'><div class='testcase'>test_dhcp6_stateless_from_os[compute,id-d7e1f858-187c-45a6-89c9-bdafde619a9f,network,slow]</div></td>
    <td colspan='7' align='left'>

    <!--css div popup start-->
    <a class="popup_link" onfocus='this.blur();'
    href="javascript:showTestDetail('div_ft1.1')" >
        fail</a>

    <div id='div_ft1.1' class="popup_window">
        <div style='text-align: right; color:red;cursor:pointer'>
        <a onfocus='this.blur();'
onclick="document.getElementById('div_ft1.1').style.display = 'none' " >
           [x]</a>
        </div>
        <pre>
        
ft1.1: tempest.scenario.test_network_v6.TestGettingAddress.test_dhcp6_stateless_from_os[compute,id-d7e1f858-187c-45a6-89c9-bdafde619a9f,network,slow]_StringException: Empty attachments:
  stderr
  stdout

pythonlogging:'': {{{
2016-02-22 09:16:50,973 27903 INFO     [tempest_lib.common.rest_client] Request (TestGettingAddress:setUp): 200 POST http://10.4.1.3:8774/v2.1/3f4a514d122c4a46af16fa04481dc8dd/os-keypairs 0.473s
2016-02-22 09:16:50,973 27903 DEBUG    [tempest_lib.common.rest_client] Request - Headers: {'Content-Type': 'application/json', 'Accept': 'application/json', 'X-Auth-Token': '&lt;omitted&gt;'}
        Body: {"keypair": {"name": "tempest-TestGettingAddress-111559077"}}
    Response - Headers: {'status': '200', 'content-length': '2319', 'x-compute-request-id': 'req-e12ef25f-e2f4-4a3a-b9c8-a95db1c94a6c', 'vary': 'X-OpenStack-Nova-API-Version', 'connection': 'close', 'x-openstack-nova-api-version': '2.1', 'date': 'Mon, 22 Feb 2016 09:16:50 GMT', 'content-type': 'application/json'}
        Body: {"keypair": {"public_key": "ssh-rsa AAAAB3NzaC1yc2EAAAADAQABAAABAQDQKHvFTIpBGFphWb63I0jrjZv9lIvxpOWP2MgdLaBrjCyildNi+CeP5dmbpvuup0hSg1OgNKTg4SG0MIaOUGEyX62OCdHhRQY5dmUF/FGG1QR4rRfkdI+Uz3goIVxccoXuu1/IiALC81NXAszb9mVLKaKEVmsRfS2QLRmTvAu15QkZZ9Oi4gEsJCelw7Swq//MM/AULp9XaugXV6NWZ18Cmrq6nttQu42lpHTVwhJqzmCaLHlEDHQ7mU8GjK7nG8X5k34bDWvYkMQKw/xHSg0r3WVTGtgckTdizn/p3KiLwJepHX18t+A2Z2ezfIfVokf1gety6G/q4KqG7XqszqSP Generated-by-Nova", "private_key": "-----BEGIN RSA PRIVATE KEY-----\nMIIEqAIBAAKCAQEA0Ch7xUyKQRhaYVm+tyNI642b/ZSL8aTlj9jIHS2ga4wsopXT\nYvgnj+XZm6b7rqdIUoNToDSk4OEhtDCGjlBhMl+tjgnR4UUGOXZlBfxRhtUEeK0X\n5HSPlM94KCFcXHKF7rtfyIgCwvNTVwLM2/ZlSymihFZrEX0tkC0Zk7wLteUJGWfT\nouIBLCQnpcO0sKv/zDPwFC6fV2roF1ejVmdfApq6up7bULuNpaR01cISas5gmix5\nRAx0O5lPBoyu5xvF+ZN+Gw1r2JDECsP8R0oNK91lUxrYHJE3Ys5/6dyoi8CXqR19\nfLfgNmdns3yH1aJH9YHrcuhv6uCqhu16rM6kjwIDAQABAoIBACpolQ7VUTWB6Kf8\nyMY3Ahw7dZRsNza8CakM2XhYW16N6GoXbEG1nRnMElGL66rhmfJ1nwv8rbrDI0K6\nwC8uYR8KLynJBmGG1oXOgTZ++X0m2Qpc+Ykp1jbTLf+/DDopeu/wbMtGKondWRVZ\nFLObt3dgvCOKF7Ywcp/1EEjw/tHHwZChnw8WjahG0fgnqLnUppkZLqk3qxbVwmcg\nlmEM0E9LcKfDmbQjDmL5DYUIh1Q1DN9fSO8rq9qVu3CTCbJ255/PWFXqOitWiSug\nsOQ6Wx37QDQI4UpLA+k/9p+MGKRx24hN99HUmnYA77LFnSroW1C0BGPKTlIenhxE\nsB/t8oECggCBANdRUXEtJ3Z3rasIB4c6Scrz7JIjKMDMZ7K0Im3HssW3eDtce30p\nagxxE4e9tqoXaFlSTUjv3OG2LUfrV4y9RWRT75atswYqLeTaWMiUXk5jv+SR50o8\nzxE5hbttAUkS1M+8a1/eM6Zr2QnnVyjPoWPDX4PWB04rPSVC6vFg1gqnAoIAgQD3\nfN4ZIMyM3/A7Sy69TyrTfQTNaBT4zPOxYexmJjBayXPK7Nu1b1F00aS0EkDa95cX\nTSkdVrR/13PjZmVAvCfJ+UFGRZPC/HIfuQyhRmpM9p9NOx80iwHWoDynDBEN3GuN\nIvci/dZbo688Io2soFtE9ixuNkopBrb+/4viocAb2QKCAIEAhpP69WQloDQZRicU\nnX7fFIz1NjnnhOm9fsJ8KmWA5XdRHLknLgmukOw0Ksl23EUZIYsBZy8UvbbiAmuk\nIwFB1/1maKVUmevPF5UpnOSvNQu/qptPFuV+/uMXJRhyjzvH67d23UrCuaf61efU\nYFu2IebBUmN52W/JHfr/YbMG1U0CggCAS9MO/OXmpbaqlJAJRujtdxRTl1cvLbcl\nZpBY7EcBA5+7AU4mVmU/sKnWa3E4O54lxXbXhOyeqphpIh+qH/ZFvoTGcfA5QEE1\n+fApJXQ8d04MKo5VljSMoKRBUPDKfNOug/RVgXwB49u3gZYYj+4laHB/1lh9yioL\ngP7sbcge4qkCggCAMJHvlefR4+pmKG5SP/9WlTF3RcQZnCionwRuHYsp8725WTsQ\nkslAkNLiyCrZDR29cKEwhTq1PvuZi/1SzOGatLhQUZr9ICQ0x0X+rnqoY5A1F2dB\nENKcJWPfeX3ajPNsrxtiEXkO/f4CH3LLXVgBQK4xz12eiFcz9GRJRSiDPMc=\n-----END RSA PRIVATE KEY-----\n", "user_id": "78af6669c56c41018daaee69753ea21a", "name": "tempest-TestGettingAddress-111559077", "fingerprint": "7a:88:36:93:ca:94:aa:c3:8f:c0:dc:bb:04:c7:4c:8f"}}
2016-02-22 09:16:51,418 27903 INFO     [tempest_lib.common.rest_client] Request (TestGettingAddress:setUp): 201 POST http://10.4.1.3:9696/v2.0/security-groups 0.440s
2016-02-22 09:16:51,419 27903 DEBUG    [tempest_lib.common.rest_client] Request - Headers: {'Content-Type': 'application/json', 'Accept': 'application/json', 'X-Auth-Token': '&lt;omitted&gt;'}
        Body: {"security_group": {"tenant_id": "3f4a514d122c4a46af16fa04481dc8dd", "description": "tempest-secgroup-smoke-1699370264 description", "name": "tempest-secgroup-smoke-1699370264"}}
    Response - Headers: {'status': '201', 'content-length': '888', 'connection': 'close', 'date': 'Mon, 22 Feb 2016 09:16:51 GMT', 'content-type': 'application/json; charset=UTF-8', 'x-openstack-request-id': 'req-e2c4c270-2127-44da-837f-0dc33baa69ae'}
        Body: {"security_group": {"tenant_id": "3f4a514d122c4a46af16fa04481dc8dd", "description": "tempest-secgroup-smoke-1699370264 description", "id": "599197cf-8377-484f-a06d-c909118b962c", "security_group_rules": [{"remote_group_id": null, "direction": "egress", "remote_ip_prefix": null, "protocol": null, "ethertype": "IPv4", "tenant_id": "3f4a514d122c4a46af16fa04481dc8dd", "port_range_max": null, "port_range_min": null, "id": "d5831c63-178c-44b4-9a35-8855031010f1", "security_group_id": "599197cf-8377-484f-a06d-c909118b962c"}, {"remote_group_id": null, "direction": "egress", "remote_ip_prefix": null, "protocol": null, "ethertype": "IPv6", "tenant_id": "3f4a514d122c4a46af16fa04481dc8dd", "port_range_max": null, "port_range_min": null, "id": "d6664b94-e4b7-4aab-b9d7-aa4dc346810c", "security_group_id": "599197cf-8377-484f-a06d-c909118b962c"}], "name": "tempest-secgroup-smoke-1699370264"}}
2016-02-22 09:16:51,742 27903 INFO     [tempest_lib.common.rest_client] Request (TestGettingAddress:setUp): 201 POST http://10.4.1.3:9696/v2.0/security-group-rules 0.321s
2016-02-22 09:16:51,743 27903 DEBUG    [tempest_lib.common.rest_client] Request - Headers: {'Content-Type': 'application/json', 'Accept': 'application/json', 'X-Auth-Token': '&lt;omitted&gt;'}
        Body: {"security_group_rule": {"direction": "ingress", "protocol": "tcp", "tenant_id": "3f4a514d122c4a46af16fa04481dc8dd", "port_range_max": 22, "security_group_id": "599197cf-8377-484f-a06d-c909118b962c", "port_range_min": 22}}
    Response - Headers: {'status': '201', 'content-length': '340', 'connection': 'close', 'date': 'Mon, 22 Feb 2016 09:16:51 GMT', 'content-type': 'application/json; charset=UTF-8', 'x-openstack-request-id': 'req-875c8c64-42ca-41ee-8ef8-7a79ae2088ae'}
        Body: {"security_group_rule": {"remote_group_id": null, "direction": "ingress", "remote_ip_prefix": null, "protocol": "tcp", "ethertype": "IPv4", "tenant_id": "3f4a514d122c4a46af16fa04481dc8dd", "port_range_max": 22, "port_range_min": 22, "id": "84401306-9959-4756-b611-a0baf029cdac", "security_group_id": "599197cf-8377-484f-a06d-c909118b962c"}}
2016-02-22 09:16:52,057 27903 INFO     [tempest_lib.common.rest_client] Request (TestGettingAddress:setUp): 201 POST http://10.4.1.3:9696/v2.0/security-group-rules 0.313s
2016-02-22 09:16:52,057 27903 DEBUG    [tempest_lib.common.rest_client] Request - Headers: {'Content-Type': 'application/json', 'Accept': 'application/json', 'X-Auth-Token': '&lt;omitted&gt;'}
        Body: {"security_group_rule": {"direction": "egress", "protocol": "tcp", "tenant_id": "3f4a514d122c4a46af16fa04481dc8dd", "port_range_max": 22, "security_group_id": "599197cf-8377-484f-a06d-c909118b962c", "port_range_min": 22}}
    Response - Headers: {'status': '201', 'content-length': '339', 'connection': 'close', 'date': 'Mon, 22 Feb 2016 09:16:52 GMT', 'content-type': 'application/json; charset=UTF-8', 'x-openstack-request-id': 'req-144c57c5-48eb-48a1-8d0c-05bab4aee421'}
        Body: {"security_group_rule": {"remote_group_id": null, "direction": "egress", "remote_ip_prefix": null, "protocol": "tcp", "ethertype": "IPv4", "tenant_id": "3f4a514d122c4a46af16fa04481dc8dd", "port_range_max": 22, "port_range_min": 22, "id": "9fccc0a6-76d0-496a-aa3e-2255baafa474", "security_group_id": "599197cf-8377-484f-a06d-c909118b962c"}}
2016-02-22 09:16:52,362 27903 INFO     [tempest_lib.common.rest_client] Request (TestGettingAddress:setUp): 201 POST http://10.4.1.3:9696/v2.0/security-group-rules 0.304s
2016-02-22 09:16:52,363 27903 DEBUG    [tempest_lib.common.rest_client] Request - Headers: {'Content-Type': 'application/json', 'Accept': 'application/json', 'X-Auth-Token': '&lt;omitted&gt;'}
        Body: {"security_group_rule": {"tenant_id": "3f4a514d122c4a46af16fa04481dc8dd", "direction": "ingress", "protocol": "icmp", "security_group_id": "599197cf-8377-484f-a06d-c909118b962c"}}
    Response - Headers: {'status': '201', 'content-length': '345', 'connection': 'close', 'date': 'Mon, 22 Feb 2016 09:16:52 GMT', 'content-type': 'application/json; charset=UTF-8', 'x-openstack-request-id': 'req-1dabe93a-197f-4ead-9b78-54f76d4a456a'}
        Body: {"security_group_rule": {"remote_group_id": null, "direction": "ingress", "remote_ip_prefix": null, "protocol": "icmp", "ethertype": "IPv4", "tenant_id": "3f4a514d122c4a46af16fa04481dc8dd", "port_range_max": null, "port_range_min": null, "id": "4b09caa9-7173-49db-a6c9-6ac6079dac4c", "security_group_id": "599197cf-8377-484f-a06d-c909118b962c"}}
2016-02-22 09:16:52,693 27903 INFO     [tempest_lib.common.rest_client] Request (TestGettingAddress:setUp): 201 POST http://10.4.1.3:9696/v2.0/security-group-rules 0.328s
2016-02-22 09:16:52,693 27903 DEBUG    [tempest_lib.common.rest_client] Request - Headers: {'Content-Type': 'application/json', 'Accept': 'application/json', 'X-Auth-Token': '&lt;omitted&gt;'}
        Body: {"security_group_rule": {"tenant_id": "3f4a514d122c4a46af16fa04481dc8dd", "direction": "egress", "protocol": "icmp", "security_group_id": "599197cf-8377-484f-a06d-c909118b962c"}}
    Response - Headers: {'status': '201', 'content-length': '344', 'connection': 'close', 'date': 'Mon, 22 Feb 2016 09:16:52 GMT', 'content-type': 'application/json; charset=UTF-8', 'x-openstack-request-id': 'req-381ec265-2b74-45fb-9a93-f2550e35c163'}
        Body: {"security_group_rule": {"remote_group_id": null, "direction": "egress", "remote_ip_prefix": null, "protocol": "icmp", "ethertype": "IPv4", "tenant_id": "3f4a514d122c4a46af16fa04481dc8dd", "port_range_max": null, "port_range_min": null, "id": "20b004c6-7013-4267-9449-6c5daf5d488a", "security_group_id": "599197cf-8377-484f-a06d-c909118b962c"}}
2016-02-22 09:16:53,015 27903 INFO     [tempest_lib.common.rest_client] Request (TestGettingAddress:setUp): 201 POST http://10.4.1.3:9696/v2.0/security-group-rules 0.319s
2016-02-22 09:16:53,015 27903 DEBUG    [tempest_lib.common.rest_client] Request - Headers: {'Content-Type': 'application/json', 'Accept': 'application/json', 'X-Auth-Token': '&lt;omitted&gt;'}
        Body: {"security_group_rule": {"tenant_id": "3f4a514d122c4a46af16fa04481dc8dd", "direction": "ingress", "security_group_id": "599197cf-8377-484f-a06d-c909118b962c", "protocol": "icmp", "ethertype": "IPv6"}}
    Response - Headers: {'status': '201', 'content-length': '345', 'connection': 'close', 'date': 'Mon, 22 Feb 2016 09:16:53 GMT', 'content-type': 'application/json; charset=UTF-8', 'x-openstack-request-id': 'req-a0510b3c-7c1e-413a-a20f-81c006a96cd4'}
        Body: {"security_group_rule": {"remote_group_id": null, "direction": "ingress", "remote_ip_prefix": null, "protocol": "icmp", "ethertype": "IPv6", "tenant_id": "3f4a514d122c4a46af16fa04481dc8dd", "port_range_max": null, "port_range_min": null, "id": "75e01da1-5dfd-4302-ac8a-fa839dd65ddb", "security_group_id": "599197cf-8377-484f-a06d-c909118b962c"}}
2016-02-22 09:16:53,334 27903 INFO     [tempest_lib.common.rest_client] Request (TestGettingAddress:setUp): 201 POST http://10.4.1.3:9696/v2.0/security-group-rules 0.317s
2016-02-22 09:16:53,335 27903 DEBUG    [tempest_lib.common.rest_client] Request - Headers: {'Content-Type': 'application/json', 'Accept': 'application/json', 'X-Auth-Token': '&lt;omitted&gt;'}
        Body: {"security_group_rule": {"tenant_id": "3f4a514d122c4a46af16fa04481dc8dd", "direction": "egress", "security_group_id": "599197cf-8377-484f-a06d-c909118b962c", "protocol": "icmp", "ethertype": "IPv6"}}
    Response - Headers: {'status': '201', 'content-length': '344', 'connection': 'close', 'date': 'Mon, 22 Feb 2016 09:16:53 GMT', 'content-type': 'application/json; charset=UTF-8', 'x-openstack-request-id': 'req-353d307d-1220-4d6f-bb0c-12a04da17d7b'}
        Body: {"security_group_rule": {"remote_group_id": null, "direction": "egress", "remote_ip_prefix": null, "protocol": "icmp", "ethertype": "IPv6", "tenant_id": "3f4a514d122c4a46af16fa04481dc8dd", "port_range_max": null, "port_range_min": null, "id": "0831ce46-ff7a-4bf0-b245-0cbbd93c9ace", "security_group_id": "599197cf-8377-484f-a06d-c909118b962c"}}
2016-02-22 09:16:53,815 27903 INFO     [tempest_lib.common.rest_client] Request (TestGettingAddress:test_dhcp6_stateless_from_os): 201 POST http://10.4.1.3:9696/v2.0/networks 0.479s
2016-02-22 09:16:53,816 27903 DEBUG    [tempest_lib.common.rest_client] Request - Headers: {'Content-Type': 'application/json', 'Accept': 'application/json', 'X-Auth-Token': '&lt;omitted&gt;'}
        Body: {"network": {"tenant_id": "3f4a514d122c4a46af16fa04481dc8dd", "name": "tempest-network-smoke--1917368696"}}
    Response - Headers: {'status': '201', 'content-length': '356', 'connection': 'close', 'date': 'Mon, 22 Feb 2016 09:16:53 GMT', 'content-type': 'application/json; charset=UTF-8', 'x-openstack-request-id': 'req-347593e1-1f80-4c94-acf2-05d80f7c0da6'}
        Body: {"network": {"status": "ACTIVE", "subnets": [], "availability_zone_hints": [], "availability_zones": [], "name": "tempest-network-smoke--1917368696", "admin_state_up": true, "tenant_id": "3f4a514d122c4a46af16fa04481dc8dd", "mtu": 1450, "router:external": false, "shared": false, "port_security_enabled": true, "id": "1014401a-7cb4-428e-ac05-004bbe5216ec"}}
2016-02-22 09:16:54,090 27903 INFO     [tempest_lib.common.rest_client] Request (TestGettingAddress:test_dhcp6_stateless_from_os): 200 GET http://10.4.1.3:9696/v2.0/subnets?tenant_id=3f4a514d122c4a46af16fa04481dc8dd&amp;cidr=10.100.0.0%2F28 0.271s
2016-02-22 09:16:54,091 27903 DEBUG    [tempest_lib.common.rest_client] Request - Headers: {'Content-Type': 'application/json', 'Accept': 'application/json', 'X-Auth-Token': '&lt;omitted&gt;'}
        Body: None
    Response - Headers: {'status': '200', 'content-length': '15', 'content-location': 'http://10.4.1.3:9696/v2.0/subnets?tenant_id=3f4a514d122c4a46af16fa04481dc8dd&amp;cidr=10.100.0.0%2F28', 'connection': 'close', 'date': 'Mon, 22 Feb 2016 09:16:54 GMT', 'content-type': 'application/json; charset=UTF-8', 'x-openstack-request-id': 'req-c2849694-758e-425b-ad20-5ae1264d2d12'}
        Body: {"subnets": []}
2016-02-22 09:16:54,641 27903 INFO     [tempest_lib.common.rest_client] Request (TestGettingAddress:test_dhcp6_stateless_from_os): 201 POST http://10.4.1.3:9696/v2.0/subnets 0.549s
2016-02-22 09:16:54,641 27903 DEBUG    [tempest_lib.common.rest_client] Request - Headers: {'Content-Type': 'application/json', 'Accept': 'application/json', 'X-Auth-Token': '&lt;omitted&gt;'}
        Body: {"subnet": {"ip_version": 4, "tenant_id": "3f4a514d122c4a46af16fa04481dc8dd", "cidr": "10.100.0.0/28", "network_id": "1014401a-7cb4-428e-ac05-004bbe5216ec", "name": "tempest-sub4-1496100922"}}
    Response - Headers: {'status': '201', 'content-length': '470', 'connection': 'close', 'date': 'Mon, 22 Feb 2016 09:16:54 GMT', 'content-type': 'application/json; charset=UTF-8', 'x-openstack-request-id': 'req-34c5e703-4637-438d-b0a3-4deb62416eb6'}
        Body: {"subnet": {"name": "tempest-sub4-1496100922", "enable_dhcp": true, "network_id": "1014401a-7cb4-428e-ac05-004bbe5216ec", "tenant_id": "3f4a514d122c4a46af16fa04481dc8dd", "dns_nameservers": [], "gateway_ip": "10.100.0.1", "ipv6_ra_mode": null, "allocation_pools": [{"start": "10.100.0.2", "end": "10.100.0.14"}], "host_routes": [], "ip_version": 4, "ipv6_address_mode": null, "cidr": "10.100.0.0/28", "id": "74460274-2539-4cf9-97bd-c29235d0c9b8", "subnetpool_id": null}}
2016-02-22 09:16:54,886 27903 INFO     [tempest_lib.common.rest_client] Request (TestGettingAddress:test_dhcp6_stateless_from_os): 201 POST http://10.4.1.3:9696/v2.0/routers 0.243s
2016-02-22 09:16:54,886 27903 DEBUG    [tempest_lib.common.rest_client] Request - Headers: {'Content-Type': 'application/json', 'Accept': 'application/json', 'X-Auth-Token': '&lt;omitted&gt;'}
        Body: {"router": {"tenant_id": "3f4a514d122c4a46af16fa04481dc8dd", "name": "tempest-router-smoke-2089699906", "admin_state_up": true}}
    Response - Headers: {'status': '201', 'content-length': '239', 'connection': 'close', 'date': 'Mon, 22 Feb 2016 09:16:54 GMT', 'content-type': 'application/json; charset=UTF-8', 'x-openstack-request-id': 'req-e65de36a-ecd9-4377-9c8c-0435cafb2bf4'}
        Body: {"router": {"status": "ACTIVE", "external_gateway_info": null, "name": "tempest-router-smoke-2089699906", "admin_state_up": true, "tenant_id": "3f4a514d122c4a46af16fa04481dc8dd", "routes": [], "id": "e91dd633-cfa3-4efa-851b-c21c760f2469"}}
2016-02-22 09:16:55,146 27903 INFO     [tempest_lib.common.rest_client] Request (TestGettingAddress:test_dhcp6_stateless_from_os): 200 GET http://10.4.1.3:9696/v2.0/routers/e91dd633-cfa3-4efa-851b-c21c760f2469 0.258s
2016-02-22 09:16:55,146 27903 DEBUG    [tempest_lib.common.rest_client] Request - Headers: {'Content-Type': 'application/json', 'Accept': 'application/json', 'X-Auth-Token': '&lt;omitted&gt;'}
        Body: None
    Response - Headers: {'status': '200', 'content-length': '239', 'content-location': 'http://10.4.1.3:9696/v2.0/routers/e91dd633-cfa3-4efa-851b-c21c760f2469', 'connection': 'close', 'date': 'Mon, 22 Feb 2016 09:16:55 GMT', 'content-type': 'application/json; charset=UTF-8', 'x-openstack-request-id': 'req-15dbbe22-51f0-490b-9079-ec0ff75decc4'}
        Body: {"router": {"status": "ACTIVE", "external_gateway_info": null, "name": "tempest-router-smoke-2089699906", "admin_state_up": true, "tenant_id": "3f4a514d122c4a46af16fa04481dc8dd", "routes": [], "id": "e91dd633-cfa3-4efa-851b-c21c760f2469"}}
2016-02-22 09:16:56,098 27903 INFO     [tempest_lib.common.rest_client] Request (TestGettingAddress:test_dhcp6_stateless_from_os): 200 PUT http://10.4.1.3:9696/v2.0/routers/e91dd633-cfa3-4efa-851b-c21c760f2469 0.950s
2016-02-22 09:16:56,099 27903 DEBUG    [tempest_lib.common.rest_client] Request - Headers: {'Content-Type': 'application/json', 'Accept': 'application/json', 'X-Auth-Token': '&lt;omitted&gt;'}
        Body: {"router": {"external_gateway_info": {"network_id": "3e276b4c-e780-4d23-b266-e3e8c9c8060b"}, "name": "tempest-router-smoke-2089699906", "admin_state_up": true}}
    Response - Headers: {'status': '200', 'content-length': '501', 'connection': 'close', 'date': 'Mon, 22 Feb 2016 09:16:56 GMT', 'content-type': 'application/json; charset=UTF-8', 'x-openstack-request-id': 'req-b6dd5a38-6bf4-49b4-9e19-625ec431600f'}
        Body: {"router": {"status": "ACTIVE", "external_gateway_info": {"network_id": "3e276b4c-e780-4d23-b266-e3e8c9c8060b", "enable_snat": true, "external_fixed_ips": [{"subnet_id": "05c42bf5-179e-4f7c-bbf4-282703ec231e", "ip_address": "172.24.4.3"}, {"subnet_id": "216a07f5-547a-4cd7-9f44-ef1569616bdd", "ip_address": "2001:db8::4"}]}, "name": "tempest-router-smoke-2089699906", "admin_state_up": true, "tenant_id": "3f4a514d122c4a46af16fa04481dc8dd", "routes": [], "id": "e91dd633-cfa3-4efa-851b-c21c760f2469"}}
2016-02-22 09:16:56,837 27903 INFO     [tempest_lib.common.rest_client] Request (TestGettingAddress:test_dhcp6_stateless_from_os): 200 PUT http://10.4.1.3:9696/v2.0/routers/e91dd633-cfa3-4efa-851b-c21c760f2469/add_router_interface 0.737s
2016-02-22 09:16:56,838 27903 DEBUG    [tempest_lib.common.rest_client] Request - Headers: {'Content-Type': 'application/json', 'Accept': 'application/json', 'X-Auth-Token': '&lt;omitted&gt;'}
        Body: {"subnet_id": "74460274-2539-4cf9-97bd-c29235d0c9b8"}
    Response - Headers: {'status': '200', 'content-length': '309', 'connection': 'close', 'date': 'Mon, 22 Feb 2016 09:16:56 GMT', 'content-type': 'application/json; charset=UTF-8', 'x-openstack-request-id': 'req-54e638f0-d9b4-4441-8bf4-e4213a9b71ba'}
        Body: {"network_id": "1014401a-7cb4-428e-ac05-004bbe5216ec", "tenant_id": "3f4a514d122c4a46af16fa04481dc8dd", "subnet_id": "74460274-2539-4cf9-97bd-c29235d0c9b8", "subnet_ids": ["74460274-2539-4cf9-97bd-c29235d0c9b8"], "port_id": "6652527a-6939-461e-9125-a593766dda1e", "id": "e91dd633-cfa3-4efa-851b-c21c760f2469"}
2016-02-22 09:16:57,101 27903 INFO     [tempest_lib.common.rest_client] Request (TestGettingAddress:test_dhcp6_stateless_from_os): 200 GET http://10.4.1.3:9696/v2.0/subnets?tenant_id=3f4a514d122c4a46af16fa04481dc8dd&amp;cidr=2003%3A%3A%2F64 0.262s
2016-02-22 09:16:57,102 27903 DEBUG    [tempest_lib.common.rest_client] Request - Headers: {'Content-Type': 'application/json', 'Accept': 'application/json', 'X-Auth-Token': '&lt;omitted&gt;'}
        Body: None
    Response - Headers: {'status': '200', 'content-length': '15', 'content-location': 'http://10.4.1.3:9696/v2.0/subnets?tenant_id=3f4a514d122c4a46af16fa04481dc8dd&amp;cidr=2003%3A%3A%2F64', 'connection': 'close', 'date': 'Mon, 22 Feb 2016 09:16:57 GMT', 'content-type': 'application/json; charset=UTF-8', 'x-openstack-request-id': 'req-51154ebb-be44-48ba-b21d-a327b59bc572'}
        Body: {"subnets": []}
2016-02-22 09:16:58,344 27903 INFO     [tempest_lib.common.rest_client] Request (TestGettingAddress:test_dhcp6_stateless_from_os): 201 POST http://10.4.1.3:9696/v2.0/subnets 1.241s
2016-02-22 09:16:58,344 27903 DEBUG    [tempest_lib.common.rest_client] Request - Headers: {'Content-Type': 'application/json', 'Accept': 'application/json', 'X-Auth-Token': '&lt;omitted&gt;'}
        Body: {"subnet": {"name": "tempest-sub6-623423981", "network_id": "1014401a-7cb4-428e-ac05-004bbe5216ec", "tenant_id": "3f4a514d122c4a46af16fa04481dc8dd", "ipv6_ra_mode": "dhcpv6-stateless", "ip_version": 6, "ipv6_address_mode": "dhcpv6-stateless", "cidr": "2003::/64"}}
    Response - Headers: {'status': '201', 'content-length': '501', 'connection': 'close', 'date': 'Mon, 22 Feb 2016 09:16:58 GMT', 'content-type': 'application/json; charset=UTF-8', 'x-openstack-request-id': 'req-b39e9907-fd4b-457e-8e13-0775a92e8b6c'}
        Body: {"subnet": {"name": "tempest-sub6-623423981", "enable_dhcp": true, "network_id": "1014401a-7cb4-428e-ac05-004bbe5216ec", "tenant_id": "3f4a514d122c4a46af16fa04481dc8dd", "dns_nameservers": [], "gateway_ip": "2003::1", "ipv6_ra_mode": "dhcpv6-stateless", "allocation_pools": [{"start": "2003::2", "end": "2003::ffff:ffff:ffff:ffff"}], "host_routes": [], "ip_version": 6, "ipv6_address_mode": "dhcpv6-stateless", "cidr": "2003::/64", "id": "867a1647-ce86-46be-8128-79dc59d29ce7", "subnetpool_id": null}}
2016-02-22 09:16:59,132 27903 INFO     [tempest_lib.common.rest_client] Request (TestGettingAddress:test_dhcp6_stateless_from_os): 200 PUT http://10.4.1.3:9696/v2.0/routers/e91dd633-cfa3-4efa-851b-c21c760f2469/add_router_interface 0.785s
2016-02-22 09:16:59,133 27903 DEBUG    [tempest_lib.common.rest_client] Request - Headers: {'Content-Type': 'application/json', 'Accept': 'application/json', 'X-Auth-Token': '&lt;omitted&gt;'}
        Body: {"subnet_id": "867a1647-ce86-46be-8128-79dc59d29ce7"}
    Response - Headers: {'status': '200', 'content-length': '309', 'connection': 'close', 'date': 'Mon, 22 Feb 2016 09:16:59 GMT', 'content-type': 'application/json; charset=UTF-8', 'x-openstack-request-id': 'req-170aadcf-425b-40a5-aefa-29474c663e48'}
        Body: {"network_id": "1014401a-7cb4-428e-ac05-004bbe5216ec", "tenant_id": "3f4a514d122c4a46af16fa04481dc8dd", "subnet_id": "867a1647-ce86-46be-8128-79dc59d29ce7", "subnet_ids": ["867a1647-ce86-46be-8128-79dc59d29ce7"], "port_id": "8d5b2d3f-dd24-4adf-b538-2a995cc94dc1", "id": "e91dd633-cfa3-4efa-851b-c21c760f2469"}
2016-02-22 09:16:59,313 27903 INFO     [tempest_lib.common.rest_client] Request (TestGettingAddress:test_dhcp6_stateless_from_os): 200 POST http://10.4.1.3:5000/v2.0/tokens
2016-02-22 09:16:59,314 27903 DEBUG    [tempest_lib.common.rest_client] Request - Headers: {'Content-Type': 'application/json', 'Accept': 'application/json'}
        Body: &lt;omitted&gt;
    Response - Headers: {'status': '200', 'content-length': '2256', 'vary': 'X-Auth-Token', 'server': 'Apache/2.4.7 (Ubuntu)', 'connection': 'close', 'date': 'Mon, 22 Feb 2016 09:16:59 GMT', 'content-type': 'application/json', 'x-openstack-request-id': 'req-2da0c156-cae3-4cc7-8934-d5bb17ac7c71'}
        Body: {"access": {"token": {"issued_at": "2016-02-22T09:16:59.299774", "expires": "2016-02-22T10:16:59Z", "id": "f0049ad59a9545b1be8a0d68f4594bc7", "tenant": {"description": "tempest-TestGettingAddress-1619880141-desc", "enabled": true, "id": "3f4a514d122c4a46af16fa04481dc8dd", "name": "tempest-TestGettingAddress-1619880141"}, "audit_ids": ["9g8hEEG0QK65QTMydH-IYA"]}, "serviceCatalog": [{"endpoints": [{"adminURL": "http://10.4.1.3:9292", "region": "RegionOne", "internalURL": "http://10.4.1.3:9292", "id": "8f4caffa822d4ab6b5beacbf6cbe3dbc", "publicURL": "http://10.4.1.3:9292"}], "endpoints_links": [], "type": "image", "name": "glance"}, {"endpoints": [{"adminURL": "http://10.4.1.3:8774/v2.1/3f4a514d122c4a46af16fa04481dc8dd", "region": "RegionOne", "internalURL": "http://10.4.1.3:8774/v2.1/3f4a514d122c4a46af16fa04481dc8dd", "id": "3432765b86bd41cbb257731286e936f3", "publicURL": "http://10.4.1.3:8774/v2.1/3f4a514d122c4a46af16fa04481dc8dd"}], "endpoints_links": [], "type": "compute", "name": "nova"}, {"endpoints": [{"adminURL": "http://10.4.1.3:8774/v2/3f4a514d122c4a46af16fa04481dc8dd", "region": "RegionOne", "internalURL": "http://10.4.1.3:8774/v2/3f4a514d122c4a46af16fa04481dc8dd", "id": "0730e85e68114217b25ca56aa5e6bcb6", "publicURL": "http://10.4.1.3:8774/v2/3f4a514d122c4a46af16fa04481dc8dd"}], "endpoints_links": [], "type": "compute_legacy", "name": "nova_legacy"}, {"endpoints": [{"adminURL": "http://10.4.1.3:35357/v2.0", "region": "RegionOne", "internalURL": "http://10.4.1.3:5000/v2.0", "id": "654c670f013644ea9b188540275054c2", "publicURL": "http://10.4.1.3:5000/v2.0"}], "endpoints_links": [], "type": "identity", "name": "keystone"}, {"endpoints": [{"adminURL": "http://10.4.1.3:9696/", "region": "RegionOne", "internalURL": "http://10.4.1.3:9696/", "id": "1975c9d8b4d34b208a21ac2a5b2a7946", "publicURL": "http://10.4.1.3:9696/"}], "endpoints_links": [], "type": "network", "name": "neutron"}], "user": {"username": "tempest-TestGettingAddress-1039584604", "roles_links": [], "id": "78af6669c56c41018daaee69753ea21a", "roles": [{"name": "Member"}, {"name": "_member_"}], "name": "tempest-TestGettingAddress-1039584604"}, "metadata": {"is_admin": 0, "roles": ["a325261a506149f9a431f54531f35d71", "9fe2ff9ee4384b1894a90878d3e92bab"]}}}
2016-02-22 09:16:59,321 27903 DEBUG    [tempest.common.fixed_network] (TestGettingAddress:test_dhcp6_stateless_from_os) No valid network provided or created, defaulting to fixed_network_name
2016-02-22 09:16:59,826 27903 INFO     [tempest_lib.common.rest_client] Request (TestGettingAddress:test_dhcp6_stateless_from_os): 200 GET http://10.4.1.3:8774/v2.1/3f4a514d122c4a46af16fa04481dc8dd/os-networks 0.502s
2016-02-22 09:16:59,827 27903 DEBUG    [tempest_lib.common.rest_client] Request - Headers: {'Content-Type': 'application/json', 'Accept': 'application/json', 'X-Auth-Token': '&lt;omitted&gt;'}
        Body: None
    Response - Headers: {'status': '200', 'content-length': '479', 'content-location': 'http://10.4.1.3:8774/v2.1/3f4a514d122c4a46af16fa04481dc8dd/os-networks', 'x-compute-request-id': 'req-d981cb89-97f4-459e-8c22-a962ea14b3bf', 'vary': 'X-OpenStack-Nova-API-Version', 'connection': 'close', 'x-openstack-nova-api-version': '2.1', 'date': 'Mon, 22 Feb 2016 09:16:59 GMT', 'content-type': 'application/json'}
        Body: {"networks": [{"cidr_v6": null, "dns2": null, "dns1": null, "gateway": null, "broadcast": null, "netmask": null, "gateway_v6": null, "cidr": null, "label": "public", "id": "3e276b4c-e780-4d23-b266-e3e8c9c8060b", "netmask_v6": null}, {"cidr_v6": null, "dns2": null, "dns1": null, "gateway": null, "broadcast": null, "netmask": null, "gateway_v6": null, "cidr": null, "label": "tempest-network-smoke--1917368696", "id": "1014401a-7cb4-428e-ac05-004bbe5216ec", "netmask_v6": null}]}
2016-02-22 09:16:59,827 27903 WARNING  [tempest.common.fixed_network] (TestGettingAddress:test_dhcp6_stateless_from_os) Network with name: private not found
2016-02-22 09:16:59,828 27903 INFO     [tempest.common.fixed_network] (TestGettingAddress:test_dhcp6_stateless_from_os) Found network {} available for tenant
2016-02-22 09:17:02,890 27903 INFO     [tempest_lib.common.rest_client] Request (TestGettingAddress:test_dhcp6_stateless_from_os): 202 POST http://10.4.1.3:8774/v2.1/3f4a514d122c4a46af16fa04481dc8dd/servers 3.060s
2016-02-22 09:17:02,891 27903 DEBUG    [tempest_lib.common.rest_client] Request - Headers: {'Content-Type': 'application/json', 'Accept': 'application/json', 'X-Auth-Token': '&lt;omitted&gt;'}
        Body: {"server": {"name": "tempest.common.compute-instance-1651123105", "imageRef": "0471e227-c2f2-4260-bf14-dc2dec1c6e9b", "key_name": "tempest-TestGettingAddress-111559077", "flavorRef": "42", "networks": [{"uuid": "1014401a-7cb4-428e-ac05-004bbe5216ec"}], "security_groups": [{"name": "tempest-secgroup-smoke-1699370264"}]}}
    Response - Headers: {'status': '202', 'content-length': '460', 'x-compute-request-id': 'req-7facb4e0-8923-4eb7-a538-105e0365fc4c', 'vary': 'X-OpenStack-Nova-API-Version', 'connection': 'close', 'location': 'http://10.4.1.3:8774/v2.1/3f4a514d122c4a46af16fa04481dc8dd/servers/01d6096a-4e7b-4786-93cf-e960870700d3', 'x-openstack-nova-api-version': '2.1', 'date': 'Mon, 22 Feb 2016 09:17:02 GMT', 'content-type': 'application/json'}
        Body: {"server": {"security_groups": [{"name": "tempest-secgroup-smoke-1699370264"}], "OS-DCF:diskConfig": "MANUAL", "id": "01d6096a-4e7b-4786-93cf-e960870700d3", "links": [{"href": "http://10.4.1.3:8774/v2.1/3f4a514d122c4a46af16fa04481dc8dd/servers/01d6096a-4e7b-4786-93cf-e960870700d3", "rel": "self"}, {"href": "http://10.4.1.3:8774/3f4a514d122c4a46af16fa04481dc8dd/servers/01d6096a-4e7b-4786-93cf-e960870700d3", "rel": "bookmark"}], "adminPass": "bKK3FR9i4k8V"}}
2016-02-22 09:17:03,403 27903 INFO     [tempest_lib.common.rest_client] Request (TestGettingAddress:test_dhcp6_stateless_from_os): 200 GET http://10.4.1.3:8774/v2.1/3f4a514d122c4a46af16fa04481dc8dd/servers/01d6096a-4e7b-4786-93cf-e960870700d3 0.508s
2016-02-22 09:17:03,403 27903 DEBUG    [tempest_lib.common.rest_client] Request - Headers: {'Content-Type': 'application/json', 'Accept': 'application/json', 'X-Auth-Token': '&lt;omitted&gt;'}
        Body: None
    Response - Headers: {'status': '200', 'content-length': '1350', 'content-location': 'http://10.4.1.3:8774/v2.1/3f4a514d122c4a46af16fa04481dc8dd/servers/01d6096a-4e7b-4786-93cf-e960870700d3', 'x-compute-request-id': 'req-8774784a-c7a4-4223-895c-97b1162fb3a8', 'vary': 'X-OpenStack-Nova-API-Version', 'connection': 'close', 'x-openstack-nova-api-version': '2.1', 'date': 'Mon, 22 Feb 2016 09:17:03 GMT', 'content-type': 'application/json'}
        Body: {"server": {"status": "BUILD", "updated": "2016-02-22T09:17:03Z", "hostId": "", "addresses": {}, "links": [{"href": "http://10.4.1.3:8774/v2.1/3f4a514d122c4a46af16fa04481dc8dd/servers/01d6096a-4e7b-4786-93cf-e960870700d3", "rel": "self"}, {"href": "http://10.4.1.3:8774/3f4a514d122c4a46af16fa04481dc8dd/servers/01d6096a-4e7b-4786-93cf-e960870700d3", "rel": "bookmark"}], "key_name": "tempest-TestGettingAddress-111559077", "image": {"id": "0471e227-c2f2-4260-bf14-dc2dec1c6e9b", "links": [{"href": "http://10.4.1.3:8774/3f4a514d122c4a46af16fa04481dc8dd/images/0471e227-c2f2-4260-bf14-dc2dec1c6e9b", "rel": "bookmark"}]}, "OS-EXT-STS:task_state": "scheduling", "OS-EXT-STS:vm_state": "building", "OS-SRV-USG:launched_at": null, "flavor": {"id": "42", "links": [{"href": "http://10.4.1.3:8774/3f4a514d122c4a46af16fa04481dc8dd/flavors/42", "rel": "bookmark"}]}, "id": "01d6096a-4e7b-4786-93cf-e960870700d3", "OS-SRV-USG:terminated_at": null, "OS-EXT-AZ:availability_zone": "", "user_id": "78af6669c56c41018daaee69753ea21a", "name": "tempest.common.compute-instance-1651123105", "created": "2016-02-22T09:17:02Z", "tenant_id": "3f4a514d122c4a46af16fa04481dc8dd", "OS-DCF:diskConfig": "MANUAL", "os-extended-volumes:volumes_attached": [], "accessIPv4": "", "accessIPv6": "", "progress": 0, "OS-EXT-STS:power_state": 0, "config_drive": "", "metadata": {}}}
2016-02-22 09:17:05,006 27903 INFO     [tempest_lib.common.rest_client] Request (TestGettingAddress:test_dhcp6_stateless_from_os): 200 GET http://10.4.1.3:8774/v2.1/3f4a514d122c4a46af16fa04481dc8dd/servers/01d6096a-4e7b-4786-93cf-e960870700d3 0.591s
2016-02-22 09:17:05,007 27903 DEBUG    [tempest_lib.common.rest_client] Request - Headers: {'Content-Type': 'application/json', 'Accept': 'application/json', 'X-Auth-Token': '&lt;omitted&gt;'}
        Body: None
    Response - Headers: {'status': '200', 'content-length': '1408', 'content-location': 'http://10.4.1.3:8774/v2.1/3f4a514d122c4a46af16fa04481dc8dd/servers/01d6096a-4e7b-4786-93cf-e960870700d3', 'x-compute-request-id': 'req-7ff3f82b-1a08-4e40-9ab1-9da3cc1973b6', 'vary': 'X-OpenStack-Nova-API-Version', 'connection': 'close', 'x-openstack-nova-api-version': '2.1', 'date': 'Mon, 22 Feb 2016 09:17:05 GMT', 'content-type': 'application/json'}
        Body: {"server": {"status": "BUILD", "updated": "2016-02-22T09:17:04Z", "hostId": "87ce08fad34c9870d66ea55a5e66342be69c416e89032efdc9dfe18e", "addresses": {}, "links": [{"href": "http://10.4.1.3:8774/v2.1/3f4a514d122c4a46af16fa04481dc8dd/servers/01d6096a-4e7b-4786-93cf-e960870700d3", "rel": "self"}, {"href": "http://10.4.1.3:8774/3f4a514d122c4a46af16fa04481dc8dd/servers/01d6096a-4e7b-4786-93cf-e960870700d3", "rel": "bookmark"}], "key_name": "tempest-TestGettingAddress-111559077", "image": {"id": "0471e227-c2f2-4260-bf14-dc2dec1c6e9b", "links": [{"href": "http://10.4.1.3:8774/3f4a514d122c4a46af16fa04481dc8dd/images/0471e227-c2f2-4260-bf14-dc2dec1c6e9b", "rel": "bookmark"}]}, "OS-EXT-STS:task_state": "spawning", "OS-EXT-STS:vm_state": "building", "OS-SRV-USG:launched_at": null, "flavor": {"id": "42", "links": [{"href": "http://10.4.1.3:8774/3f4a514d122c4a46af16fa04481dc8dd/flavors/42", "rel": "bookmark"}]}, "id": "01d6096a-4e7b-4786-93cf-e960870700d3", "OS-SRV-USG:terminated_at": null, "OS-EXT-AZ:availability_zone": "nova", "user_id": "78af6669c56c41018daaee69753ea21a", "name": "tempest.common.compute-instance-1651123105", "created": "2016-02-22T09:17:02Z", "tenant_id": "3f4a514d122c4a46af16fa04481dc8dd", "OS-DCF:diskConfig": "MANUAL", "os-extended-volumes:volumes_attached": [], "accessIPv4": "", "accessIPv6": "", "progress": 0, "OS-EXT-STS:power_state": 0, "config_drive": "", "metadata": {}}}
2016-02-22 09:17:05,014 27903 INFO     [tempest.common.waiters] State transition "BUILD/scheduling" ==&gt; "BUILD/spawning" after 2 second wait
2016-02-22 09:17:06,736 27903 INFO     [tempest_lib.common.rest_client] Request (TestGettingAddress:test_dhcp6_stateless_from_os): 200 GET http://10.4.1.3:8774/v2.1/3f4a514d122c4a46af16fa04481dc8dd/servers/01d6096a-4e7b-4786-93cf-e960870700d3 0.721s
2016-02-22 09:17:06,737 27903 DEBUG    [tempest_lib.common.rest_client] Request - Headers: {'Content-Type': 'application/json', 'Accept': 'application/json', 'X-Auth-Token': '&lt;omitted&gt;'}
        Body: None
    Response - Headers: {'status': '200', 'content-length': '1476', 'content-location': 'http://10.4.1.3:8774/v2.1/3f4a514d122c4a46af16fa04481dc8dd/servers/01d6096a-4e7b-4786-93cf-e960870700d3', 'x-compute-request-id': 'req-5bd48e24-54f0-4672-8669-1a65e81e6674', 'vary': 'X-OpenStack-Nova-API-Version', 'connection': 'close', 'x-openstack-nova-api-version': '2.1', 'date': 'Mon, 22 Feb 2016 09:17:06 GMT', 'content-type': 'application/json'}
        Body: {"server": {"status": "BUILD", "updated": "2016-02-22T09:17:04Z", "hostId": "87ce08fad34c9870d66ea55a5e66342be69c416e89032efdc9dfe18e", "addresses": {}, "links": [{"href": "http://10.4.1.3:8774/v2.1/3f4a514d122c4a46af16fa04481dc8dd/servers/01d6096a-4e7b-4786-93cf-e960870700d3", "rel": "self"}, {"href": "http://10.4.1.3:8774/3f4a514d122c4a46af16fa04481dc8dd/servers/01d6096a-4e7b-4786-93cf-e960870700d3", "rel": "bookmark"}], "key_name": "tempest-TestGettingAddress-111559077", "image": {"id": "0471e227-c2f2-4260-bf14-dc2dec1c6e9b", "links": [{"href": "http://10.4.1.3:8774/3f4a514d122c4a46af16fa04481dc8dd/images/0471e227-c2f2-4260-bf14-dc2dec1c6e9b", "rel": "bookmark"}]}, "OS-EXT-STS:task_state": "spawning", "OS-EXT-STS:vm_state": "building", "OS-SRV-USG:launched_at": null, "flavor": {"id": "42", "links": [{"href": "http://10.4.1.3:8774/3f4a514d122c4a46af16fa04481dc8dd/flavors/42", "rel": "bookmark"}]}, "id": "01d6096a-4e7b-4786-93cf-e960870700d3", "security_groups": [{"name": "tempest-secgroup-smoke-1699370264"}], "OS-SRV-USG:terminated_at": null, "OS-EXT-AZ:availability_zone": "nova", "user_id": "78af6669c56c41018daaee69753ea21a", "name": "tempest.common.compute-instance-1651123105", "created": "2016-02-22T09:17:02Z", "tenant_id": "3f4a514d122c4a46af16fa04481dc8dd", "OS-DCF:diskConfig": "MANUAL", "os-extended-volumes:volumes_attached": [], "accessIPv4": "", "accessIPv6": "", "progress": 0, "OS-EXT-STS:power_state": 0, "config_drive": "", "metadata": {}}}
2016-02-22 09:17:08,441 27903 INFO     [tempest_lib.common.rest_client] Request (TestGettingAddress:test_dhcp6_stateless_from_os): 200 GET http://10.4.1.3:8774/v2.1/3f4a514d122c4a46af16fa04481dc8dd/servers/01d6096a-4e7b-4786-93cf-e960870700d3 0.690s
2016-02-22 09:17:08,441 27903 DEBUG    [tempest_lib.common.rest_client] Request - Headers: {'Content-Type': 'application/json', 'Accept': 'application/json', 'X-Auth-Token': '&lt;omitted&gt;'}
        Body: None
    Response - Headers: {'status': '200', 'content-length': '1476', 'content-location': 'http://10.4.1.3:8774/v2.1/3f4a514d122c4a46af16fa04481dc8dd/servers/01d6096a-4e7b-4786-93cf-e960870700d3', 'x-compute-request-id': 'req-12a7fa49-9da4-43d9-b4c6-15c628cbd2a3', 'vary': 'X-OpenStack-Nova-API-Version', 'connection': 'close', 'x-openstack-nova-api-version': '2.1', 'date': 'Mon, 22 Feb 2016 09:17:08 GMT', 'content-type': 'application/json'}
        Body: {"server": {"status": "BUILD", "updated": "2016-02-22T09:17:04Z", "hostId": "87ce08fad34c9870d66ea55a5e66342be69c416e89032efdc9dfe18e", "addresses": {}, "links": [{"href": "http://10.4.1.3:8774/v2.1/3f4a514d122c4a46af16fa04481dc8dd/servers/01d6096a-4e7b-4786-93cf-e960870700d3", "rel": "self"}, {"href": "http://10.4.1.3:8774/3f4a514d122c4a46af16fa04481dc8dd/servers/01d6096a-4e7b-4786-93cf-e960870700d3", "rel": "bookmark"}], "key_name": "tempest-TestGettingAddress-111559077", "image": {"id": "0471e227-c2f2-4260-bf14-dc2dec1c6e9b", "links": [{"href": "http://10.4.1.3:8774/3f4a514d122c4a46af16fa04481dc8dd/images/0471e227-c2f2-4260-bf14-dc2dec1c6e9b", "rel": "bookmark"}]}, "OS-EXT-STS:task_state": "spawning", "OS-EXT-STS:vm_state": "building", "OS-SRV-USG:launched_at": null, "flavor": {"id": "42", "links": [{"href": "http://10.4.1.3:8774/3f4a514d122c4a46af16fa04481dc8dd/flavors/42", "rel": "bookmark"}]}, "id": "01d6096a-4e7b-4786-93cf-e960870700d3", "security_groups": [{"name": "tempest-secgroup-smoke-1699370264"}], "OS-SRV-USG:terminated_at": null, "OS-EXT-AZ:availability_zone": "nova", "user_id": "78af6669c56c41018daaee69753ea21a", "name": "tempest.common.compute-instance-1651123105", "created": "2016-02-22T09:17:02Z", "tenant_id": "3f4a514d122c4a46af16fa04481dc8dd", "OS-DCF:diskConfig": "MANUAL", "os-extended-volumes:volumes_attached": [], "accessIPv4": "", "accessIPv6": "", "progress": 0, "OS-EXT-STS:power_state": 0, "config_drive": "", "metadata": {}}}
2016-02-22 09:17:10,394 27903 INFO     [tempest_lib.common.rest_client] Request (TestGettingAddress:test_dhcp6_stateless_from_os): 200 GET http://10.4.1.3:8774/v2.1/3f4a514d122c4a46af16fa04481dc8dd/servers/01d6096a-4e7b-4786-93cf-e960870700d3 0.944s
2016-02-22 09:17:10,395 27903 DEBUG    [tempest_lib.common.rest_client] Request - Headers: {'Content-Type': 'application/json', 'Accept': 'application/json', 'X-Auth-Token': '&lt;omitted&gt;'}
        Body: None
    Response - Headers: {'status': '200', 'content-length': '1777', 'content-location': 'http://10.4.1.3:8774/v2.1/3f4a514d122c4a46af16fa04481dc8dd/servers/01d6096a-4e7b-4786-93cf-e960870700d3', 'x-compute-request-id': 'req-0d87244e-7237-40d1-8b1a-0915ca153865', 'vary': 'X-OpenStack-Nova-API-Version', 'connection': 'close', 'x-openstack-nova-api-version': '2.1', 'date': 'Mon, 22 Feb 2016 09:17:10 GMT', 'content-type': 'application/json'}
        Body: {"server": {"status": "ACTIVE", "updated": "2016-02-22T09:17:09Z", "hostId": "87ce08fad34c9870d66ea55a5e66342be69c416e89032efdc9dfe18e", "addresses": {"tempest-network-smoke--1917368696": [{"OS-EXT-IPS-MAC:mac_addr": "fa:16:3e:02:52:45", "version": 4, "addr": "10.100.0.3", "OS-EXT-IPS:type": "fixed"}, {"OS-EXT-IPS-MAC:mac_addr": "fa:16:3e:02:52:45", "version": 6, "addr": "2003::f816:3eff:fe02:5245", "OS-EXT-IPS:type": "fixed"}]}, "links": [{"href": "http://10.4.1.3:8774/v2.1/3f4a514d122c4a46af16fa04481dc8dd/servers/01d6096a-4e7b-4786-93cf-e960870700d3", "rel": "self"}, {"href": "http://10.4.1.3:8774/3f4a514d122c4a46af16fa04481dc8dd/servers/01d6096a-4e7b-4786-93cf-e960870700d3", "rel": "bookmark"}], "key_name": "tempest-TestGettingAddress-111559077", "image": {"id": "0471e227-c2f2-4260-bf14-dc2dec1c6e9b", "links": [{"href": "http://10.4.1.3:8774/3f4a514d122c4a46af16fa04481dc8dd/images/0471e227-c2f2-4260-bf14-dc2dec1c6e9b", "rel": "bookmark"}]}, "OS-EXT-STS:task_state": null, "OS-EXT-STS:vm_state": "active", "OS-SRV-USG:launched_at": "2016-02-22T09:17:09.000000", "flavor": {"id": "42", "links": [{"href": "http://10.4.1.3:8774/3f4a514d122c4a46af16fa04481dc8dd/flavors/42", "rel": "bookmark"}]}, "id": "01d6096a-4e7b-4786-93cf-e960870700d3", "security_groups": [{"name": "tempest-secgroup-smoke-1699370264"}], "OS-SRV-USG:terminated_at": null, "OS-EXT-AZ:availability_zone": "nova", "user_id": "78af6669c56c41018daaee69753ea21a", "name": "tempest.common.compute-instance-1651123105", "created": "2016-02-22T09:17:02Z", "tenant_id": "3f4a514d122c4a46af16fa04481dc8dd", "OS-DCF:diskConfig": "MANUAL", "os-extended-volumes:volumes_attached": [], "accessIPv4": "", "accessIPv6": "", "progress": 0, "OS-EXT-STS:power_state": 1, "config_drive": "True", "metadata": {}}}
2016-02-22 09:17:10,404 27903 INFO     [tempest.common.waiters] State transition "BUILD/spawning" ==&gt; "ACTIVE/None" after 7 second wait
2016-02-22 09:17:11,058 27903 INFO     [tempest_lib.common.rest_client] Request (TestGettingAddress:test_dhcp6_stateless_from_os): 200 GET http://10.4.1.3:8774/v2.1/3f4a514d122c4a46af16fa04481dc8dd/servers/01d6096a-4e7b-4786-93cf-e960870700d3 0.653s
2016-02-22 09:17:11,058 27903 DEBUG    [tempest_lib.common.rest_client] Request - Headers: {'Content-Type': 'application/json', 'Accept': 'application/json', 'X-Auth-Token': '&lt;omitted&gt;'}
        Body: None
    Response - Headers: {'status': '200', 'content-length': '1777', 'content-location': 'http://10.4.1.3:8774/v2.1/3f4a514d122c4a46af16fa04481dc8dd/servers/01d6096a-4e7b-4786-93cf-e960870700d3', 'x-compute-request-id': 'req-94cfd179-3d4f-4ede-9db9-c2633109a52f', 'vary': 'X-OpenStack-Nova-API-Version', 'connection': 'close', 'x-openstack-nova-api-version': '2.1', 'date': 'Mon, 22 Feb 2016 09:17:11 GMT', 'content-type': 'application/json'}
        Body: {"server": {"status": "ACTIVE", "updated": "2016-02-22T09:17:09Z", "hostId": "87ce08fad34c9870d66ea55a5e66342be69c416e89032efdc9dfe18e", "addresses": {"tempest-network-smoke--1917368696": [{"OS-EXT-IPS-MAC:mac_addr": "fa:16:3e:02:52:45", "version": 4, "addr": "10.100.0.3", "OS-EXT-IPS:type": "fixed"}, {"OS-EXT-IPS-MAC:mac_addr": "fa:16:3e:02:52:45", "version": 6, "addr": "2003::f816:3eff:fe02:5245", "OS-EXT-IPS:type": "fixed"}]}, "links": [{"href": "http://10.4.1.3:8774/v2.1/3f4a514d122c4a46af16fa04481dc8dd/servers/01d6096a-4e7b-4786-93cf-e960870700d3", "rel": "self"}, {"href": "http://10.4.1.3:8774/3f4a514d122c4a46af16fa04481dc8dd/servers/01d6096a-4e7b-4786-93cf-e960870700d3", "rel": "bookmark"}], "key_name": "tempest-TestGettingAddress-111559077", "image": {"id": "0471e227-c2f2-4260-bf14-dc2dec1c6e9b", "links": [{"href": "http://10.4.1.3:8774/3f4a514d122c4a46af16fa04481dc8dd/images/0471e227-c2f2-4260-bf14-dc2dec1c6e9b", "rel": "bookmark"}]}, "OS-EXT-STS:task_state": null, "OS-EXT-STS:vm_state": "active", "OS-SRV-USG:launched_at": "2016-02-22T09:17:09.000000", "flavor": {"id": "42", "links": [{"href": "http://10.4.1.3:8774/3f4a514d122c4a46af16fa04481dc8dd/flavors/42", "rel": "bookmark"}]}, "id": "01d6096a-4e7b-4786-93cf-e960870700d3", "security_groups": [{"name": "tempest-secgroup-smoke-1699370264"}], "OS-SRV-USG:terminated_at": null, "OS-EXT-AZ:availability_zone": "nova", "user_id": "78af6669c56c41018daaee69753ea21a", "name": "tempest.common.compute-instance-1651123105", "created": "2016-02-22T09:17:02Z", "tenant_id": "3f4a514d122c4a46af16fa04481dc8dd", "OS-DCF:diskConfig": "MANUAL", "os-extended-volumes:volumes_attached": [], "accessIPv4": "", "accessIPv6": "", "progress": 0, "OS-EXT-STS:power_state": 1, "config_drive": "True", "metadata": {}}}
2016-02-22 09:17:11,285 27903 INFO     [tempest_lib.common.rest_client] Request (TestGettingAddress:test_dhcp6_stateless_from_os): 200 GET http://10.4.1.3:9696/v2.0/ports?fixed_ip=None&amp;device_id=01d6096a-4e7b-4786-93cf-e960870700d3 0.218s
2016-02-22 09:17:11,286 27903 DEBUG    [tempest_lib.common.rest_client] Request - Headers: {'Content-Type': 'application/json', 'Accept': 'application/json', 'X-Auth-Token': '&lt;omitted&gt;'}
        Body: None
    Response - Headers: {'status': '200', 'content-length': '853', 'content-location': 'http://10.4.1.3:9696/v2.0/ports?fixed_ip=None&amp;device_id=01d6096a-4e7b-4786-93cf-e960870700d3', 'connection': 'close', 'date': 'Mon, 22 Feb 2016 09:17:11 GMT', 'content-type': 'application/json; charset=UTF-8', 'x-openstack-request-id': 'req-665afb2f-f2d5-422d-86c4-9b6c64a57de6'}
        Body: {"ports": [{"status": "ACTIVE", "binding:host_id": "vagrant-ubuntu-trusty-64", "name": "", "allowed_address_pairs": [], "admin_state_up": true, "network_id": "1014401a-7cb4-428e-ac05-004bbe5216ec", "tenant_id": "3f4a514d122c4a46af16fa04481dc8dd", "extra_dhcp_opts": [], "mac_address": "fa:16:3e:02:52:45", "binding:vif_details": {"port_filter": true}, "binding:vif_type": "ovs", "device_owner": "compute:None", "binding:profile": {}, "port_security_enabled": true, "binding:vnic_type": "normal", "fixed_ips": [{"subnet_id": "74460274-2539-4cf9-97bd-c29235d0c9b8", "ip_address": "10.100.0.3"}, {"subnet_id": "867a1647-ce86-46be-8128-79dc59d29ce7", "ip_address": "2003::f816:3eff:fe02:5245"}], "id": "eeaeb912-45cd-4b7c-ae0d-c646c0e6d2dc", "security_groups": ["599197cf-8377-484f-a06d-c909118b962c"], "device_id": "01d6096a-4e7b-4786-93cf-e960870700d3"}]}
2016-02-22 09:17:12,105 27903 INFO     [tempest_lib.common.rest_client] Request (TestGettingAddress:test_dhcp6_stateless_from_os): 201 POST http://10.4.1.3:9696/v2.0/floatingips 0.818s
2016-02-22 09:17:12,105 27903 DEBUG    [tempest_lib.common.rest_client] Request - Headers: {'Content-Type': 'application/json', 'Accept': 'application/json', 'X-Auth-Token': '&lt;omitted&gt;'}
        Body: {"floatingip": {"floating_network_id": "3e276b4c-e780-4d23-b266-e3e8c9c8060b", "tenant_id": "3f4a514d122c4a46af16fa04481dc8dd", "fixed_ip_address": "10.100.0.3", "port_id": "eeaeb912-45cd-4b7c-ae0d-c646c0e6d2dc"}}
    Response - Headers: {'status': '201', 'content-length': '369', 'connection': 'close', 'date': 'Mon, 22 Feb 2016 09:17:12 GMT', 'content-type': 'application/json; charset=UTF-8', 'x-openstack-request-id': 'req-aa10b218-e6ac-4b5b-92a1-28272cd2d8d3'}
        Body: {"floatingip": {"floating_network_id": "3e276b4c-e780-4d23-b266-e3e8c9c8060b", "router_id": "e91dd633-cfa3-4efa-851b-c21c760f2469", "fixed_ip_address": "10.100.0.3", "floating_ip_address": "172.24.4.4", "tenant_id": "3f4a514d122c4a46af16fa04481dc8dd", "status": "ACTIVE", "port_id": "eeaeb912-45cd-4b7c-ae0d-c646c0e6d2dc", "id": "3503b7c0-9ed4-4795-b197-21ed69c960a4"}}
2016-02-22 09:17:12,106 27903 INFO     [tempest_lib.common.ssh] Creating ssh connection to '172.24.4.4' as 'cirros' with public key authentication
2016-02-22 09:18:12,169 27903 WARNING  [tempest_lib.common.ssh] Failed to establish authenticated ssh connection to cirros@172.24.4.4 (timed out). Number attempts: 1. Retry after 2 seconds.
2016-02-22 09:19:14,717 27903 WARNING  [tempest_lib.common.ssh] Failed to establish authenticated ssh connection to cirros@172.24.4.4 (timed out). Number attempts: 2. Retry after 3 seconds.
2016-02-22 09:20:18,271 27903 WARNING  [tempest_lib.common.ssh] Failed to establish authenticated ssh connection to cirros@172.24.4.4 (timed out). Number attempts: 3. Retry after 4 seconds.
2016-02-22 09:21:22,811 27903 ERROR    [tempest_lib.common.ssh] Failed to establish authenticated ssh connection to cirros@172.24.4.4 after 3 attempts
2016-02-22 09:21:22.811 27903 ERROR tempest_lib.common.ssh Traceback (most recent call last):
2016-02-22 09:21:22.811 27903 ERROR tempest_lib.common.ssh   File "/usr/local/lib/python2.7/dist-packages/tempest_lib/common/ssh.py", line 75, in _get_ssh_connection
2016-02-22 09:21:22.811 27903 ERROR tempest_lib.common.ssh     timeout=self.channel_timeout, pkey=self.pkey)
2016-02-22 09:21:22.811 27903 ERROR tempest_lib.common.ssh   File "/usr/local/lib/python2.7/dist-packages/paramiko/client.py", line 292, in connect
2016-02-22 09:21:22.811 27903 ERROR tempest_lib.common.ssh     retry_on_signal(lambda: sock.connect(addr))
2016-02-22 09:21:22.811 27903 ERROR tempest_lib.common.ssh   File "/usr/local/lib/python2.7/dist-packages/paramiko/util.py", line 270, in retry_on_signal
2016-02-22 09:21:22.811 27903 ERROR tempest_lib.common.ssh     return function()
2016-02-22 09:21:22.811 27903 ERROR tempest_lib.common.ssh   File "/usr/local/lib/python2.7/dist-packages/paramiko/client.py", line 292, in &lt;lambda&gt;
2016-02-22 09:21:22.811 27903 ERROR tempest_lib.common.ssh     retry_on_signal(lambda: sock.connect(addr))
2016-02-22 09:21:22.811 27903 ERROR tempest_lib.common.ssh   File "/usr/lib/python2.7/socket.py", line 224, in meth
2016-02-22 09:21:22.811 27903 ERROR tempest_lib.common.ssh     return getattr(self._sock,name)(*args)
2016-02-22 09:21:22.811 27903 ERROR tempest_lib.common.ssh timeout: timed out
2016-02-22 09:21:22.811 27903 ERROR tempest_lib.common.ssh 
2016-02-22 09:21:22,814 27903 ERROR    [tempest.scenario.manager] (TestGettingAddress:test_dhcp6_stateless_from_os) Initializing SSH connection to 172.24.4.4 failed. Error: Connection to the 172.24.4.4 via SSH timed out.
User: cirros, Password: None
2016-02-22 09:21:22.814 27903 ERROR tempest.scenario.manager Traceback (most recent call last):
2016-02-22 09:21:22.814 27903 ERROR tempest.scenario.manager   File "tempest/scenario/manager.py", line 377, in get_remote_client
2016-02-22 09:21:22.814 27903 ERROR tempest.scenario.manager     linux_client.validate_authentication()
2016-02-22 09:21:22.814 27903 ERROR tempest.scenario.manager   File "tempest/common/utils/linux/remote_client.py", line 51, in validate_authentication
2016-02-22 09:21:22.814 27903 ERROR tempest.scenario.manager     self.ssh_client.test_connection_auth()
2016-02-22 09:21:22.814 27903 ERROR tempest.scenario.manager   File "/usr/local/lib/python2.7/dist-packages/tempest_lib/common/ssh.py", line 173, in test_connection_auth
2016-02-22 09:21:22.814 27903 ERROR tempest.scenario.manager     connection = self._get_ssh_connection()
2016-02-22 09:21:22.814 27903 ERROR tempest.scenario.manager   File "/usr/local/lib/python2.7/dist-packages/tempest_lib/common/ssh.py", line 88, in _get_ssh_connection
2016-02-22 09:21:22.814 27903 ERROR tempest.scenario.manager     password=self.password)
2016-02-22 09:21:22.814 27903 ERROR tempest.scenario.manager SSHTimeout: Connection to the 172.24.4.4 via SSH timed out.
2016-02-22 09:21:22.814 27903 ERROR tempest.scenario.manager User: cirros, Password: None
2016-02-22 09:21:22.814 27903 ERROR tempest.scenario.manager 
2016-02-22 09:21:23,211 27903 INFO     [tempest_lib.common.rest_client] Request (TestGettingAddress:test_dhcp6_stateless_from_os): 200 GET http://10.4.1.3:8774/v2.1/3f4a514d122c4a46af16fa04481dc8dd/servers 0.395s
2016-02-22 09:21:23,212 27903 DEBUG    [tempest_lib.common.rest_client] Request - Headers: {'Content-Type': 'application/json', 'Accept': 'application/json', 'X-Auth-Token': '&lt;omitted&gt;'}
        Body: None
    Response - Headers: {'status': '200', 'content-length': '389', 'content-location': 'http://10.4.1.3:8774/v2.1/3f4a514d122c4a46af16fa04481dc8dd/servers', 'x-compute-request-id': 'req-7dfea813-8218-47c1-b4e3-0caf11b371c3', 'vary': 'X-OpenStack-Nova-API-Version', 'connection': 'close', 'x-openstack-nova-api-version': '2.1', 'date': 'Mon, 22 Feb 2016 09:21:23 GMT', 'content-type': 'application/json'}
        Body: {"servers": [{"id": "01d6096a-4e7b-4786-93cf-e960870700d3", "links": [{"href": "http://10.4.1.3:8774/v2.1/3f4a514d122c4a46af16fa04481dc8dd/servers/01d6096a-4e7b-4786-93cf-e960870700d3", "rel": "self"}, {"href": "http://10.4.1.3:8774/3f4a514d122c4a46af16fa04481dc8dd/servers/01d6096a-4e7b-4786-93cf-e960870700d3", "rel": "bookmark"}], "name": "tempest.common.compute-instance-1651123105"}]}
2016-02-22 09:21:23,642 27903 INFO     [tempest_lib.common.rest_client] Request (TestGettingAddress:test_dhcp6_stateless_from_os): 200 POST http://10.4.1.3:8774/v2.1/3f4a514d122c4a46af16fa04481dc8dd/servers/01d6096a-4e7b-4786-93cf-e960870700d3/action 0.422s
2016-02-22 09:21:23,643 27903 DEBUG    [tempest_lib.common.rest_client] Request - Headers: {'Content-Type': 'application/json', 'Accept': 'application/json', 'X-Auth-Token': '&lt;omitted&gt;'}
        Body: {"os-getConsoleOutput": {}}
    Response - Headers: {'status': '200', 'content-length': '24747', 'x-compute-request-id': 'req-7a9a073f-5c3e-420d-86e5-01915d50cd18', 'vary': 'X-OpenStack-Nova-API-Version', 'connection': 'close', 'x-openstack-nova-api-version': '2.1', 'date': 'Mon, 22 Feb 2016 09:21:23 GMT', 'content-type': 'application/json'}
        Body: {"output": "[    0.000000] Initializing cgroup subsys cpuset\n[    0.000000] Initializing cgroup subsys cpu\n[    0.000000] Linux version 3.2.0-80-virtual (buildd@batsu) (gcc version 4.6.3 (Ubuntu/Linaro 4.6.3-1ubuntu5) ) #116-Ubuntu SMP Mon Mar 23 17:28:52 UTC 2015 (Ubuntu 3.2.0-80.116-virtual 3.2.68)\n[    0.000000] Command line: root=/dev/vda console=tty0 console=ttyS0 no_timer_check\n[    0.000000] KERNEL supported cpus:\n[    0.000000]   Intel GenuineIntel\n[    0.000000]   AMD AuthenticAMD\n[    0.000000]   Centaur CentaurHauls\n[    0.000000] BIOS-provided physical RAM map:\n[    0.000000]  BIOS-e820: 0000000000000000 - 000000000009fc00 (usable)\n[    0.000000]  BIOS-e820: 000000000009fc00 - 00000000000a0000 (reserved)\n[    0.000000]  BIOS-e820: 00000000000f0000 - 0000000000100000 (reserved)\n[    0.000000]  BIOS-e820: 0000000000100000 - 0000000003ffe000 (usable)\n[    0.000000]  BIOS-e820: 0000000003ffe000 - 0000000004000000 (reserved)\n[    0.000000]  BIOS-e820: 00000000fffc0000 - 0000000100000000 (reserved)\n[    0.000000] NX (Execute Disable) protection: active\n[    0.000000] SMBIOS 2.4 present.\n[    0.000000] No AGP bridge found\n[    0.000000] last_pfn = 0x3ffe max_arch_pfn = 0x400000000\n[    0.000000] x86 PAT enabled: cpu 0, old 0x7040600070406, new 0x7010600070106\n[    0.000000] found SMP MP-table at [ffff8800000f0b00] f0b00\n[    0.000000] init_memory_mapping: 0000000000000000-0000000003ffe000\n[    0.000000] RAMDISK: 03c5e000 - 03ff0000\n[    0.000000] ACPI: RSDP 00000000000f0950 00014 (v00 BOCHS )\n[    0.000000] ACPI: RSDT 0000000003fffbc1 00034 (v01 BOCHS  BXPCRSDT 00000001 BXPC 00000001)\n[    0.000000] ACPI: FACP 0000000003fff1c0 00074 (v01 BOCHS  BXPCFACP 00000001 BXPC 00000001)\n[    0.000000] ACPI: DSDT 0000000003ffe040 01180 (v01 BOCHS  BXPCDSDT 00000001 BXPC 00000001)\n[    0.000000] ACPI: FACS 0000000003ffe000 00040\n[    0.000000] ACPI: SSDT 0000000003fff234 008DD (v01 BOCHS  BXPCSSDT 00000001 BXPC 00000001)\n[    0.000000] ACPI: APIC 0000000003fffb11 00078 (v01 BOCHS  BXPCAPIC 00000001 BXPC 00000001)\n[    0.000000] ACPI: HPET 0000000003fffb89 00038 (v01 BOCHS  BXPCHPET 00000001 BXPC 00000001)\n[    0.000000] No NUMA configuration found\n[    0.000000] Faking a node at 0000000000000000-0000000003ffe000\n[    0.000000] Initmem setup node 0 0000000000000000-0000000003ffe000\n[    0.000000]   NODE_DATA [0000000003ff6000 - 0000000003ffafff]\n[    0.000000] Zone PFN ranges:\n[    0.000000]   DMA      0x00000010 -&gt; 0x00001000\n[    0.000000]   DMA32    0x00001000 -&gt; 0x00100000\n[    0.000000]   Normal   empty\n[    0.000000] Movable zone start PFN for each node\n[    0.000000] early_node_map[2] active PFN ranges\n[    0.000000]     0: 0x00000010 -&gt; 0x0000009f\n[    0.000000]     0: 0x00000100 -&gt; 0x00003ffe\n[    0.000000] ACPI: PM-Timer IO Port: 0xb008\n[    0.000000] ACPI: LAPIC (acpi_id[0x00] lapic_id[0x00] enabled)\n[    0.000000] ACPI: LAPIC_NMI (acpi_id[0xff] dfl dfl lint[0x1])\n[    0.000000] ACPI: IOAPIC (id[0x00] address[0xfec00000] gsi_base[0])\n[    0.000000] IOAPIC[0]: apic_id 0, version 17, address 0xfec00000, GSI 0-23\n[    0.000000] ACPI: INT_SRC_OVR (bus 0 bus_irq 0 global_irq 2 dfl dfl)\n[    0.000000] ACPI: INT_SRC_OVR (bus 0 bus_irq 5 global_irq 5 high level)\n[    0.000000] ACPI: INT_SRC_OVR (bus 0 bus_irq 9 global_irq 9 high level)\n[    0.000000] ACPI: INT_SRC_OVR (bus 0 bus_irq 10 global_irq 10 high level)\n[    0.000000] ACPI: INT_SRC_OVR (bus 0 bus_irq 11 global_irq 11 high level)\n[    0.000000] Using ACPI (MADT) for SMP configuration information\n[    0.000000] ACPI: HPET id: 0x8086a201 base: 0xfed00000\n[    0.000000] SMP: Allowing 1 CPUs, 0 hotplug CPUs\n[    0.000000] PM: Registered nosave memory: 000000000009f000 - 00000000000a0000\n[    0.000000] PM: Registered nosave memory: 00000000000a0000 - 00000000000f0000\n[    0.000000] PM: Registered nosave memory: 00000000000f0000 - 0000000000100000\n[    0.000000] Allocating PCI resources starting at 4000000 (gap: 4000000:fbfc0000)\n[    0.000000] Booting paravirtualized kernel on bare hardware\n[    0.000000] setup_pe
2016-02-22 09:21:23,645 27903 DEBUG    [tempest.scenario.manager] Console output for 01d6096a-4e7b-4786-93cf-e960870700d3
body=
[    0.000000] Initializing cgroup subsys cpuset
[    0.000000] Initializing cgroup subsys cpu
[    0.000000] Linux version 3.2.0-80-virtual (buildd@batsu) (gcc version 4.6.3 (Ubuntu/Linaro 4.6.3-1ubuntu5) ) #116-Ubuntu SMP Mon Mar 23 17:28:52 UTC 2015 (Ubuntu 3.2.0-80.116-virtual 3.2.68)
[    0.000000] Command line: root=/dev/vda console=tty0 console=ttyS0 no_timer_check
[    0.000000] KERNEL supported cpus:
[    0.000000]   Intel GenuineIntel
[    0.000000]   AMD AuthenticAMD
[    0.000000]   Centaur CentaurHauls
[    0.000000] BIOS-provided physical RAM map:
[    0.000000]  BIOS-e820: 0000000000000000 - 000000000009fc00 (usable)
[    0.000000]  BIOS-e820: 000000000009fc00 - 00000000000a0000 (reserved)
[    0.000000]  BIOS-e820: 00000000000f0000 - 0000000000100000 (reserved)
[    0.000000]  BIOS-e820: 0000000000100000 - 0000000003ffe000 (usable)
[    0.000000]  BIOS-e820: 0000000003ffe000 - 0000000004000000 (reserved)
[    0.000000]  BIOS-e820: 00000000fffc0000 - 0000000100000000 (reserved)
[    0.000000] NX (Execute Disable) protection: active
[    0.000000] SMBIOS 2.4 present.
[    0.000000] No AGP bridge found
[    0.000000] last_pfn = 0x3ffe max_arch_pfn = 0x400000000
[    0.000000] x86 PAT enabled: cpu 0, old 0x7040600070406, new 0x7010600070106
[    0.000000] found SMP MP-table at [ffff8800000f0b00] f0b00
[    0.000000] init_memory_mapping: 0000000000000000-0000000003ffe000
[    0.000000] RAMDISK: 03c5e000 - 03ff0000
[    0.000000] ACPI: RSDP 00000000000f0950 00014 (v00 BOCHS )
[    0.000000] ACPI: RSDT 0000000003fffbc1 00034 (v01 BOCHS  BXPCRSDT 00000001 BXPC 00000001)
[    0.000000] ACPI: FACP 0000000003fff1c0 00074 (v01 BOCHS  BXPCFACP 00000001 BXPC 00000001)
[    0.000000] ACPI: DSDT 0000000003ffe040 01180 (v01 BOCHS  BXPCDSDT 00000001 BXPC 00000001)
[    0.000000] ACPI: FACS 0000000003ffe000 00040
[    0.000000] ACPI: SSDT 0000000003fff234 008DD (v01 BOCHS  BXPCSSDT 00000001 BXPC 00000001)
[    0.000000] ACPI: APIC 0000000003fffb11 00078 (v01 BOCHS  BXPCAPIC 00000001 BXPC 00000001)
[    0.000000] ACPI: HPET 0000000003fffb89 00038 (v01 BOCHS  BXPCHPET 00000001 BXPC 00000001)
[    0.000000] No NUMA configuration found
[    0.000000] Faking a node at 0000000000000000-0000000003ffe000
[    0.000000] Initmem setup node 0 0000000000000000-0000000003ffe000
[    0.000000]   NODE_DATA [0000000003ff6000 - 0000000003ffafff]
[    0.000000] Zone PFN ranges:
[    0.000000]   DMA      0x00000010 -&gt; 0x00001000
[    0.000000]   DMA32    0x00001000 -&gt; 0x00100000
[    0.000000]   Normal   empty
[    0.000000] Movable zone start PFN for each node
[    0.000000] early_node_map[2] active PFN ranges
[    0.000000]     0: 0x00000010 -&gt; 0x0000009f
[    0.000000]     0: 0x00000100 -&gt; 0x00003ffe
[    0.000000] ACPI: PM-Timer IO Port: 0xb008
[    0.000000] ACPI: LAPIC (acpi_id[0x00] lapic_id[0x00] enabled)
[    0.000000] ACPI: LAPIC_NMI (acpi_id[0xff] dfl dfl lint[0x1])
[    0.000000] ACPI: IOAPIC (id[0x00] address[0xfec00000] gsi_base[0])
[    0.000000] IOAPIC[0]: apic_id 0, version 17, address 0xfec00000, GSI 0-23
[    0.000000] ACPI: INT_SRC_OVR (bus 0 bus_irq 0 global_irq 2 dfl dfl)
[    0.000000] ACPI: INT_SRC_OVR (bus 0 bus_irq 5 global_irq 5 high level)
[    0.000000] ACPI: INT_SRC_OVR (bus 0 bus_irq 9 global_irq 9 high level)
[    0.000000] ACPI: INT_SRC_OVR (bus 0 bus_irq 10 global_irq 10 high level)
[    0.000000] ACPI: INT_SRC_OVR (bus 0 bus_irq 11 global_irq 11 high level)
[    0.000000] Using ACPI (MADT) for SMP configuration information
[    0.000000] ACPI: HPET id: 0x8086a201 base: 0xfed00000
[    0.000000] SMP: Allowing 1 CPUs, 0 hotplug CPUs
[    0.000000] PM: Registered nosave memory: 000000000009f000 - 00000000000a0000
[    0.000000] PM: Registered nosave memory: 00000000000a0000 - 00000000000f0000
[    0.000000] PM: Registered nosave memory: 00000000000f0000 - 0000000000100000
[    0.000000] Allocating PCI resources starting at 4000000 (gap: 4000000:fbfc0000)
[    0.000000] Booting paravirtualized kernel on bare hardware
[    0.000000] setup_percpu: NR_CPUS:64 nr_cpumask_bits:64 nr_cpu_ids:1 nr_node_ids:1
[    0.000000] PERCPU: Embedded 27 pages/cpu @ffff880003a00000 s78848 r8192 d23552 u2097152
[    0.000000] Built 1 zonelists in Node order, mobility grouping on.  Total pages: 16008
[    0.000000] Policy zone: DMA32
[    0.000000] Kernel command line: root=/dev/vda console=tty0 console=ttyS0 no_timer_check
[    0.000000] PID hash table entries: 256 (order: -1, 2048 bytes)
[    0.000000] Checking aperture...
[    0.000000] No AGP bridge found
[    0.000000] Memory: 43492k/65528k available (6576k kernel code, 452k absent, 21584k reserved, 6620k data, 928k init)
[    0.000000] SLUB: Genslabs=15, HWalign=64, Order=0-3, MinObjects=0, CPUs=1, Nodes=1
[    0.000000] Hierarchical RCU implementation.
[    0.000000] 	RCU dyntick-idle grace-period acceleration is enabled.
[    0.000000] NR_IRQS:4352 nr_irqs:256 16
[    0.000000] Console: colour VGA+ 80x25
[    0.000000] console [tty0] enabled
[    0.000000] console [ttyS0] enabled
[    0.000000] allocated 1048576 bytes of page_cgroup
[    0.000000] please try 'cgroup_disable=memory' option if you don't want memory cgroups
[    0.000000] Fast TSC calibration failed
[    0.000000] TSC: Unable to calibrate against PIT
[    0.000000] TSC: using HPET reference calibration
[    0.000000] Detected 2291.570 MHz processor.
[    0.032783] Calibrating delay loop (skipped), value calculated using timer frequency.. 4583.14 BogoMIPS (lpj=9166280)
[    0.036791] pid_max: default: 32768 minimum: 301
[    0.045102] Security Framework initialized
[    0.050891] AppArmor: AppArmor initialized
[    0.052119] Yama: becoming mindful.
[    0.058780] Dentry cache hash table entries: 8192 (order: 4, 65536 bytes)
[    0.060396] Inode-cache hash table entries: 4096 (order: 3, 32768 bytes)
[    0.061923] Mount-cache hash table entries: 256
[    0.078114] Initializing cgroup subsys cpuacct
[    0.079054] Initializing cgroup subsys memory
[    0.080767] Initializing cgroup subsys devices
[    0.081686] Initializing cgroup subsys freezer
[    0.082329] Initializing cgroup subsys blkio
[    0.083039] Initializing cgroup subsys perf_event
[    0.088465] mce: CPU supports 10 MCE banks
[    0.090967] SMP alternatives: switching to UP code
[    0.508320] Freeing SMP alternatives: 24k freed
[    0.510463] ACPI: Core revision 20110623
[    0.563220] ftrace: allocating 26610 entries in 105 pages
[    0.595316] ..TIMER: vector=0x30 apic1=0 pin1=2 apic2=-1 pin2=-1
[    0.596175] CPU0: AMD QEMU Virtual CPU version 2.0.0 stepping 03
[    0.600036] Performance Events: Broken PMU hardware detected, using software events only.
[    0.608527] NMI watchdog disabled (cpu0): hardware events not enabled
[    0.610177] Brought up 1 CPUs
[    0.610793] Total of 1 processors activated (4583.14 BogoMIPS).
[    0.633476] devtmpfs: initialized
[    0.664527] EVM: security.selinux
[    0.665008] EVM: security.SMACK64
[    0.665558] EVM: security.capability
[    0.685054] print_constraints: dummy: 
[    0.686916] RTC time:  9:17:12, date: 02/22/16
[    0.689894] NET: Registered protocol family 16
[    0.698119] ACPI: bus type pci registered
[    0.702029] PCI: Using configuration type 1 for base access
[    0.730531] bio: create slab &lt;bio-0&gt; at 0
[    0.738024] ACPI: Added _OSI(Module Device)
[    0.738765] ACPI: Added _OSI(Processor Device)
[    0.740125] ACPI: Added _OSI(3.0 _SCP Extensions)
[    0.741004] ACPI: Added _OSI(Processor Aggregator Device)
[    0.825960] ACPI: Interpreter enabled
[    0.826612] ACPI: (supports S0 S3 S4 S5)
[    0.828897] ACPI: Using IOAPIC for interrupt routing
[    0.904478] ACPI: No dock devices found.
[    0.905077] HEST: Table not found.
[    0.905769] PCI: Using host bridge windows from ACPI; if necessary, use "pci=nocrs" and report a bug
[    0.911334] ACPI: PCI Root Bridge [PCI0] (domain 0000 [bus 00-ff])
[    0.917374] pci_root PNP0A03:00: host bridge window [io  0x0000-0x0cf7]
[    0.918295] pci_root PNP0A03:00: host bridge window [io  0x0d00-0xadff]
[    0.919092] pci_root PNP0A03:00: host bridge window [io  0xae0f-0xaeff]
[    0.920110] pci_root PNP0A03:00: host bridge window [io  0xaf20-0xafdf]
[    0.920861] pci_root PNP0A03:00: host bridge window [io  0xafe4-0xffff]
[    0.921829] pci_root PNP0A03:00: host bridge window [mem 0x000a0000-0x000bffff]
[    0.922737] pci_root PNP0A03:00: host bridge window [mem 0x04000000-0xfebfffff]
[    0.943181] pci 0000:00:01.3: quirk: [io  0xb000-0xb03f] claimed by PIIX4 ACPI
[    0.944172] pci 0000:00:01.3: quirk: [io  0xb100-0xb10f] claimed by PIIX4 SMB
[    1.016616]  pci0000:00: Unable to request _OSC control (_OSC support mask: 0x1e)
[    1.071483] ACPI: PCI Interrupt Link [LNKA] (IRQs 5 *10 11)
[    1.073756] ACPI: PCI Interrupt Link [LNKB] (IRQs 5 *10 11)
[    1.076660] ACPI: PCI Interrupt Link [LNKC] (IRQs 5 10 *11)
[    1.078660] ACPI: PCI Interrupt Link [LNKD] (IRQs 5 10 *11)
[    1.080801] ACPI: PCI Interrupt Link [LNKS] (IRQs *9)
[    1.087302] vgaarb: device added: PCI:0000:00:02.0,decodes=io+mem,owns=io+mem,locks=none
[    1.088217] vgaarb: loaded
[    1.088631] vgaarb: bridge control possible 0000:00:02.0
[    1.093156] i2c-core: driver [aat2870] using legacy suspend method
[    1.093990] i2c-core: driver [aat2870] using legacy resume method
[    1.096805] SCSI subsystem initialized
[    1.100609] usbcore: registered new interface driver usbfs
[    1.101781] usbcore: registered new interface driver hub
[    1.102931] usbcore: registered new device driver usb
[    1.106932] PCI: Using ACPI for IRQ routing
[    1.120293] NetLabel: Initializing
[    1.120844] NetLabel:  domain hash size = 128
[    1.121456] NetLabel:  protocols = UNLABELED CIPSOv4
[    1.124167] NetLabel:  unlabeled traffic allowed by default
[    1.126133] HPET: 3 timers in total, 0 timers will be used for per-cpu timer
[    1.127334] hpet0: at MMIO 0xfed00000, IRQs 2, 8, 0
[    1.128546] hpet0: 3 comparators, 64-bit 100.000000 MHz counter
[    1.142341] Switching to clocksource hpet
[    1.375528] AppArmor: AppArmor Filesystem Enabled
[    1.377839] pnp: PnP ACPI init
[    1.378569] ACPI: bus type pnp registered
[    1.398209] pnp: PnP ACPI: found 9 devices
[    1.398864] ACPI: ACPI bus type pnp unregistered
[    1.454588] NET: Registered protocol family 2
[    1.489110] IP route cache hash table entries: 512 (order: 0, 4096 bytes)
[    1.497015] TCP established hash table entries: 2048 (order: 3, 32768 bytes)
[    1.498615] TCP bind hash table entries: 2048 (order: 3, 32768 bytes)
[    1.499561] TCP: Hash tables configured (established 2048 bind 2048)
[    1.501117] TCP reno registered
[    1.501480] UDP hash table entries: 128 (order: 0, 4096 bytes)
[    1.502416] UDP-Lite hash table entries: 128 (order: 0, 4096 bytes)
[    1.505754] NET: Registered protocol family 1
[    1.506667] pci 0000:00:00.0: Limiting direct PCI/PCI transfers
[    1.507473] pci 0000:00:01.0: PIIX3: Enabling Passive Release
[    1.509074] pci 0000:00:01.0: Activating ISA DMA hang workarounds
[    1.513741] ACPI: PCI Interrupt Link [LNKD] enabled at IRQ 11
[    1.514754] pci 0000:00:01.2: PCI INT D -&gt; Link[LNKD] -&gt; GSI 11 (level, high) -&gt; IRQ 11
[    1.517651] pci 0000:00:01.2: PCI INT D disabled
[    1.535797] Trying to unpack rootfs image as initramfs...
[    1.551345] audit: initializing netlink socket (disabled)
[    1.554115] type=2000 audit(1456132632.552:1): initialized
[    1.818999] HugeTLB registered 2 MB page size, pre-allocated 0 pages
[    2.522300] Refined TSC clocksource calibration: 2291.606 MHz.
[    2.524015] Switching to clocksource tsc
[    2.614682] VFS: Disk quotas dquot_6.5.2
[    2.616114] Dquot-cache hash table entries: 512 (order 0, 4096 bytes)
[    2.659621] fuse init (API version 7.17)
[    2.663208] msgmni has been set to 84
[    2.700324] Block layer SCSI generic (bsg) driver version 0.4 loaded (major 253)
[    2.709744] io scheduler noop registered
[    2.710489] io scheduler deadline registered (default)
[    2.711978] io scheduler cfq registered
[    2.716058] pci_hotplug: PCI Hot Plug PCI Core version: 0.5
[    2.719283] pciehp: PCI Express Hot Plug Controller Driver version: 0.4
[    2.726931] input: Power Button as /devices/LNXSYSTM:00/LNXPWRBN:00/input/input0
[    2.730544] ACPI: Power Button [PWRF]
[    2.802064] ERST: Table is not found!
[    2.802746] GHES: HEST is not enabled!
[    2.826945] ACPI: PCI Interrupt Link [LNKC] enabled at IRQ 10
[    2.827910] virtio-pci 0000:00:03.0: PCI INT A -&gt; Link[LNKC] -&gt; GSI 10 (level, high) -&gt; IRQ 10
[    2.831884] virtio-pci 0000:00:04.0: PCI INT A -&gt; Link[LNKD] -&gt; GSI 11 (level, high) -&gt; IRQ 11
[    2.842770] ACPI: PCI Interrupt Link [LNKA] enabled at IRQ 10
[    2.843443] virtio-pci 0000:00:05.0: PCI INT A -&gt; Link[LNKA] -&gt; GSI 10 (level, high) -&gt; IRQ 10
[    2.853492] Serial: 8250/16550 driver, 32 ports, IRQ sharing enabled
[    2.898580] serial8250: ttyS0 at I/O 0x3f8 (irq = 4) is a 16550A
[    2.958459] Freeing initrd memory: 3656k freed
[    3.009651] serial8250: ttyS1 at I/O 0x2f8 (irq = 3) is a 16550A
[    3.080687] 00:05: ttyS0 at I/O 0x3f8 (irq = 4) is a 16550A
[    3.121707] 00:06: ttyS1 at I/O 0x2f8 (irq = 3) is a 16550A
[    3.136016] Linux agpgart interface v0.103
[    3.181633] brd: module loaded
[    3.202977] loop: module loaded
[    3.237827]  vda: unknown partition table
[    3.262275] scsi0 : ata_piix
[    3.266005] scsi1 : ata_piix
[    3.267461] ata1: PATA max MWDMA2 cmd 0x1f0 ctl 0x3f6 bmdma 0xc0a0 irq 14
[    3.269288] ata2: PATA max MWDMA2 cmd 0x170 ctl 0x376 bmdma 0xc0a8 irq 15
[    3.281156] Fixed MDIO Bus: probed
[    3.282027] tun: Universal TUN/TAP device driver, 1.6
[    3.282687] tun: (C) 1999-2004 Max Krasnyansky &lt;maxk@qualcomm.com&gt;
[    3.309419] PPP generic driver version 2.4.2
[    3.314272] ehci_hcd: USB 2.0 'Enhanced' Host Controller (EHCI) Driver
[    3.315652] ohci_hcd: USB 1.1 'Open' Host Controller (OHCI) Driver
[    3.317829] uhci_hcd: USB Universal Host Controller Interface driver
[    3.319707] uhci_hcd 0000:00:01.2: PCI INT D -&gt; Link[LNKD] -&gt; GSI 11 (level, high) -&gt; IRQ 11
[    3.325433] uhci_hcd 0000:00:01.2: UHCI Host Controller
[    3.327922] uhci_hcd 0000:00:01.2: new USB bus registered, assigned bus number 1
[    3.331472] uhci_hcd 0000:00:01.2: irq 11, io base 0x0000c040
[    3.350257] hub 1-0:1.0: USB hub found
[    3.351474] hub 1-0:1.0: 2 ports detected
[    3.364105] usbcore: registered new interface driver libusual
[    3.367522] i8042: PNP: PS/2 Controller [PNP0303:KBD,PNP0f13:MOU] at 0x60,0x64 irq 1,12
[    3.375350] serio: i8042 KBD port at 0x60,0x64 irq 1
[    3.376757] serio: i8042 AUX port at 0x60,0x64 irq 12
[    3.383354] mousedev: PS/2 mouse device common for all mice
[    3.391997] input: AT Translated Set 2 keyboard as /devices/platform/i8042/serio0/input/input1
[    3.395787] rtc_cmos 00:01: RTC can wake from S4
[    3.397705] rtc_cmos 00:01: rtc core: registered rtc_cmos as rtc0
[    3.397705] rtc0: alarms up to one day, 114 bytes nvram, hpet irqs
[    3.397705] device-mapper: uevent: version 1.0.3
[    3.408944] device-mapper: ioctl: 4.22.0-ioctl (2011-10-19) initialised: dm-devel@redhat.com
[    3.409524] cpuidle: using governor ladder
[    3.413177] cpuidle: using governor menu
[    3.413792] EFI Variables Facility v0.08 2004-May-17
[    3.420244] TCP cubic registered
[    3.423626] NET: Registered protocol family 10
[    3.445985] NET: Registered protocol family 17
[    3.447497] Registering the dns_resolver key type
[    3.470463] registered taskstats version 1
[    3.475750] ata2.01: ATAPI: QEMU DVD-ROM, 2.0.0, max UDMA/100
[    3.495150] ata2.01: configured for MWDMA2
[    3.532460] scsi 1:0:1:0: CD-ROM            QEMU     QEMU DVD-ROM     2.0. PQ: 0 ANSI: 5
[    3.646288] sr0: scsi3-mmc drive: 4x/4x cd/rw xa/form2 tray
[    3.648186] cdrom: Uniform CD-ROM driver Revision: 3.20
[    3.712740] sr 1:0:1:0: Attached scsi generic sg0 type 5
[    4.132472]   Magic number: 4:301:273
[    4.133087] tty tty10: hash matches
[    4.134705] net lo: hash matches
[    4.140365] rtc_cmos 00:01: setting system clock to 2016-02-22 09:17:15 UTC (1456132635)
[    4.143708] powernow-k8: Processor cpuid 663 not supported
[    4.149602] BIOS EDD facility v0.16 2004-Jun-25, 0 devices found
[    4.152232] EDD information not available.
[    4.228066] Freeing unused kernel memory: 928k freed
[    4.236079] Write protecting the kernel read-only data: 12288k
[    4.371074] Freeing unused kernel memory: 1596k freed
[    4.433001] Freeing unused kernel memory: 1184k freed

info: initramfs: up at 4.62
modprobe: module virtio_blk not found in modules.dep
modprobe: module virtio_net not found in modules.dep
info: copying initramfs to /dev/vda
info: initramfs loading root from /dev/vda
info: /etc/init.d/rc.sysinit: up at 9.15
info: container: none
Starting logging: OK
modprobe: module virtio_blk not found in modules.dep
modprobe: module virtio_net not found in modules.dep
WARN: /etc/rc3.d/S10-load-modules failed
Initializing random number generator... done.
Starting acpid: OK
cirros-ds 'local' up at 11.76
found datasource (configdrive, local)
Starting network...
udhcpc (v1.20.1) started
Sending discover...
Sending discover...
Sending discover...
Usage: /sbin/cirros-dhcpc &lt;up|down&gt;
No lease, failing
WARN: /etc/rc3.d/S40-network failed
Starting dropbear sshd: generating rsa key... generating dsa key... OK
no userdata for datasource
=== system information ===
Platform: OpenStack Foundation OpenStack Nova
Container: none
Arch: x86_64
CPU(s): 1 @ 2291.570 MHz
Cores/Sockets/Threads: 1/1/1
Virt-type: AMD-V
RAM Size: 49MB
Disks:
NAME MAJ:MIN     SIZE LABEL         MOUNTPOINT
vda  253:0   25165824 cirros-rootfs /
sr0   11:0     432128 config-2      
=== sshd host keys ===
-----BEGIN SSH HOST KEY KEYS-----
ssh-rsa AAAAB3NzaC1yc2EAAAADAQABAAAAgwCNhpJUv053ASOHB99Bq3rmF4yfKH//Xh73X2TPdx5Zn8LEzGGht7EkKLWQt3q6RinDC0NraacfynYdI8Vmk7dDRog00HsDsTxw3P/tqQQgK8SDQ4R/0bi2LCLNWdOITtyFxkD2G1kgUQLg/N1lACsu3Xd/gD1vUQ04ep6n9FuKNdsh root@tempest
ssh-dss AAAAB3NzaC1kc3MAAACBAOLndltK36Q+fnrONifkH8e7BRf5PgxjxclNN2NkvienXRicJD+kzbF13nQnSUGvpEuBTwmVLaAGvPuMBnQKfONn44fY+9SMW29t7ZetrDj0jt0wKNmbzcmFb4el8VGw76SjiVQb86VBaD7ij9QZIs1/R6n5f4H7Z3dR+hnEBBclAAAAFQDXxjNDnDNcZ1cLswEKfvXZEhwxxQAAAIBKlLpX4DGCONEc1aqJ13pnpnaIKYc73dQyZsqyRKf3E51Jzi5S6CXxWWtCnHq/6JOufaFpnHQ7cwUdRoV09Ha7PGF4AG1IVdSMvc1mpVhvl/ZrqTfNJ1DVBM95nLEjiIIn19plSeFmAtB83hlnsuZ0pjO6b5GcICs06uh1ltckQAAAAIAYWoLC2kcn9+53T6rAgUciVzjngqSi5fTkxbbyhP2NLnSw401cDptTc7zaNUJUMxJgKNMhUni9JDRQMxHxtImCI3flF5mcJhpbmFGlLY7UwDTgT/uKQdNbN+pgA235Gi4xy5sZxJRoaOGeTXORvXFqBRhGFpA9Tf07JzrvcoWG0w== root@tempest
-----END SSH HOST KEY KEYS-----
=== network info ===
if-info: lo,up,127.0.0.1,8,::1
if-info: eth0,up,,8,fe80::f816:3eff:fe02:5245
=== datasource: configdrive local ===
instance-id: 01d6096a-4e7b-4786-93cf-e960870700d3
name: tempest.common.compute-instance-1651123105
availability-zone: nova
local-hostname: tempest.common.compute-instance-1651123105.novalocal
launch-index: 0
=== cirros: current=0.3.4 uptime=203.15 ===
route: fscanf
=== pinging gateway failed, debugging connection ===
############ debug start ##############
### /etc/init.d/sshd start
Starting dropbear sshd: OK
route: fscanf
### ifconfig -a
eth0      Link encap:Ethernet  HWaddr FA:16:3E:02:52:45  
          inet6 addr: fe80::f816:3eff:fe02:5245/64 Scope:Link
          UP BROADCAST RUNNING MULTICAST  MTU:1500  Metric:1
          RX packets:13 errors:0 dropped:5 overruns:0 frame:0
          TX packets:8 errors:0 dropped:0 overruns:0 carrier:0
          collisions:0 txqueuelen:1000 
          RX bytes:1213 (1.1 KiB)  TX bytes:1134 (1.1 KiB)

lo        Link encap:Local Loopback  
          inet addr:127.0.0.1  Mask:255.0.0.0
          inet6 addr: ::1/128 Scope:Host
          UP LOOPBACK RUNNING  MTU:16436  Metric:1
          RX packets:12 errors:0 dropped:0 overruns:0 frame:0
          TX packets:12 errors:0 dropped:0 overruns:0 carrier:0
          collisions:0 txqueuelen:0 
          RX bytes:1020 (1020.0 B)  TX bytes:1020 (1020.0 B)

### route -n
Kernel IP routing table
Destination     Gateway         Genmask         Flags Metric Ref    Use Iface
route: fscanf
### cat /etc/resolv.conf
cat: can't open '/etc/resolv.conf': No such file or directory
### gateway not found
/sbin/cirros-status: line 1: can't open /etc/resolv.conf: no such file
### pinging nameservers
### uname -a
Linux tempest 3.2.0-80-virtual #116-Ubuntu SMP Mon Mar 23 17:28:52 UTC 2015 x86_64 GNU/Linux
### lsmod
Module                  Size  Used by    Not tainted
nls_iso8859_1          12713  0 
nls_cp437              16991  0 
vfat                   17585  0 
fat                    61512  1 vfat
isofs                  40259  0 
ip_tables              27473  0 
x_tables               29891  1 ip_tables
pcnet32                42119  0 
8139cp                 27360  0 
ne2k_pci               13691  0 
8390                   18856  1 ne2k_pci
e1000                 108589  0 
acpiphp                24231  0 
### dmesg | tail
[    5.371178] EXT3-fs (vda): mounted filesystem with ordered data mode
[    5.615004] ISO 9660 Extensions: Microsoft Joliet Level 3
[    5.693991] ISO 9660 Extensions: RRIP_1991A
[    5.939907] kjournald starting.  Commit interval 5 seconds
[    5.961656] EXT3-fs (vda): using internal journal
[    5.961811] EXT3-fs (vda): mounted filesystem with ordered data mode
[    9.260561] EXT3-fs (vda): using internal journal
[   12.628233] ISO 9660 Extensions: Microsoft Joliet Level 3
[   12.718254] ISO 9660 Extensions: RRIP_1991A
[   27.751333] eth0: no IPv6 routers present
### tail -n 25 /var/log/messages
Feb 22 09:17:22 cirros kern.info kernel: [    4.901702] acpiphp: Slot [25] registered
Feb 22 09:17:22 cirros kern.info kernel: [    4.902031] acpiphp: Slot [26] registered
Feb 22 09:17:22 cirros kern.info kernel: [    4.902393] acpiphp: Slot [27] registered
Feb 22 09:17:22 cirros kern.info kernel: [    4.902695] acpiphp: Slot [28] registered
Feb 22 09:17:22 cirros kern.info kernel: [    4.903029] acpiphp: Slot [29] registered
Feb 22 09:17:22 cirros kern.info kernel: [    4.903314] acpiphp: Slot [30] registered
Feb 22 09:17:22 cirros kern.info kernel: [    4.945318] e1000: Intel(R) PRO/1000 Network Driver - version 7.3.21-k8-NAPI
Feb 22 09:17:22 cirros kern.info kernel: [    4.945371] e1000: Copyright (c) 1999-2006 Intel Corporation.
Feb 22 09:17:22 cirros kern.info kernel: [    4.979738] ne2k-pci.c:v1.03 9/22/2003 D. Becker/P. Gortmaker
Feb 22 09:17:22 cirros kern.info kernel: [    5.011836] 8139cp: 8139cp: 10/100 PCI Ethernet driver v1.3 (Mar 22, 2004)
Feb 22 09:17:22 cirros kern.info kernel: [    5.045148] pcnet32: pcnet32.c:v1.35 21.Apr.2008 tsbogend@alpha.franken.de
Feb 22 09:17:22 cirros kern.info kernel: [    5.083625] ip_tables: (C) 2000-2006 Netfilter Core Team
Feb 22 09:17:22 cirros kern.info kernel: [    5.367104] kjournald starting.  Commit interval 5 seconds
Feb 22 09:17:22 cirros kern.info kernel: [    5.371178] EXT3-fs (vda): mounted filesystem with ordered data mode
Feb 22 09:17:22 cirros kern.debug kernel: [    5.615004] ISO 9660 Extensions: Microsoft Joliet Level 3
Feb 22 09:17:22 cirros kern.debug kernel: [    5.693991] ISO 9660 Extensions: RRIP_1991A
Feb 22 09:17:22 cirros kern.info kernel: [    5.939907] kjournald starting.  Commit interval 5 seconds
Feb 22 09:17:22 cirros kern.info kernel: [    5.961656] EXT3-fs (vda): using internal journal
Feb 22 09:17:22 cirros kern.info kernel: [    5.961811] EXT3-fs (vda): mounted filesystem with ordered data mode
Feb 22 09:17:22 cirros kern.info kernel: [    9.260561] EXT3-fs (vda): using internal journal
Feb 22 09:17:23 cirros kern.debug kernel: [   12.628233] ISO 9660 Extensions: Microsoft Joliet Level 3
Feb 22 09:17:24 cirros kern.debug kernel: [   12.718254] ISO 9660 Extensions: RRIP_1991A
Feb 22 09:17:27 cirros auth.notice su: + /dev/console root:cirros
Feb 22 09:17:39 cirros kern.debug kernel: [   27.751333] eth0: no IPv6 routers present
Feb 22 09:20:32 cirros authpriv.info dropbear[282]: Running in background
############ debug end   ##############
  ____               ____  ____
 / __/ __ ____ ____ / __ \/ __/
/ /__ / // __// __// /_/ /\ \ 
\___//_//_/  /_/   \____/___/ 
   http://cirros-cloud.net


login as 'cirros' user. default password: 'cubswin:)'. use 'sudo' for root.
tempest login: 
2016-02-22 09:21:24,184 27903 INFO     [tempest_lib.common.rest_client] Request (TestGettingAddress:_run_cleanups): 204 DELETE http://10.4.1.3:9696/v2.0/floatingips/3503b7c0-9ed4-4795-b197-21ed69c960a4 0.533s
2016-02-22 09:21:24,184 27903 DEBUG    [tempest_lib.common.rest_client] Request - Headers: {'Content-Type': 'application/json', 'Accept': 'application/json', 'X-Auth-Token': '&lt;omitted&gt;'}
        Body: None
    Response - Headers: {'date': 'Mon, 22 Feb 2016 09:21:24 GMT', 'status': '204', 'connection': 'close', 'content-length': '0', 'x-openstack-request-id': 'req-5a9a2fbf-ae9d-4a9d-9bf8-bd276f2399a5'}
        Body: 
2016-02-22 09:21:24,655 27903 INFO     [tempest_lib.common.rest_client] Request (TestGettingAddress:_run_cleanups): 204 DELETE http://10.4.1.3:8774/v2.1/3f4a514d122c4a46af16fa04481dc8dd/servers/01d6096a-4e7b-4786-93cf-e960870700d3 0.469s
2016-02-22 09:21:24,655 27903 DEBUG    [tempest_lib.common.rest_client] Request - Headers: {'Content-Type': 'application/json', 'Accept': 'application/json', 'X-Auth-Token': '&lt;omitted&gt;'}
        Body: None
    Response - Headers: {'status': '204', 'content-length': '0', 'x-compute-request-id': 'req-90c4e8f9-2419-4690-abbf-c6e3775d43a5', 'vary': 'X-OpenStack-Nova-API-Version', 'connection': 'close', 'x-openstack-nova-api-version': '2.1', 'date': 'Mon, 22 Feb 2016 09:21:24 GMT', 'content-type': 'application/json'}
        Body: 
2016-02-22 09:21:25,442 27903 INFO     [tempest_lib.common.rest_client] Request (TestGettingAddress:_run_cleanups): 200 GET http://10.4.1.3:8774/v2.1/3f4a514d122c4a46af16fa04481dc8dd/servers/01d6096a-4e7b-4786-93cf-e960870700d3 0.786s
2016-02-22 09:21:25,443 27903 DEBUG    [tempest_lib.common.rest_client] Request - Headers: {'Content-Type': 'application/json', 'Accept': 'application/json', 'X-Auth-Token': '&lt;omitted&gt;'}
        Body: None
    Response - Headers: {'status': '200', 'content-length': '1900', 'content-location': 'http://10.4.1.3:8774/v2.1/3f4a514d122c4a46af16fa04481dc8dd/servers/01d6096a-4e7b-4786-93cf-e960870700d3', 'x-compute-request-id': 'req-c74d5ad3-9982-4193-888b-1405b4baf102', 'vary': 'X-OpenStack-Nova-API-Version', 'connection': 'close', 'x-openstack-nova-api-version': '2.1', 'date': 'Mon, 22 Feb 2016 09:21:25 GMT', 'content-type': 'application/json'}
        Body: {"server": {"status": "ACTIVE", "updated": "2016-02-22T09:21:24Z", "hostId": "87ce08fad34c9870d66ea55a5e66342be69c416e89032efdc9dfe18e", "addresses": {"tempest-network-smoke--1917368696": [{"OS-EXT-IPS-MAC:mac_addr": "fa:16:3e:02:52:45", "version": 4, "addr": "10.100.0.3", "OS-EXT-IPS:type": "fixed"}, {"OS-EXT-IPS-MAC:mac_addr": "fa:16:3e:02:52:45", "version": 6, "addr": "2003::f816:3eff:fe02:5245", "OS-EXT-IPS:type": "fixed"}, {"OS-EXT-IPS-MAC:mac_addr": "fa:16:3e:02:52:45", "version": 4, "addr": "172.24.4.4", "OS-EXT-IPS:type": "floating"}]}, "links": [{"href": "http://10.4.1.3:8774/v2.1/3f4a514d122c4a46af16fa04481dc8dd/servers/01d6096a-4e7b-4786-93cf-e960870700d3", "rel": "self"}, {"href": "http://10.4.1.3:8774/3f4a514d122c4a46af16fa04481dc8dd/servers/01d6096a-4e7b-4786-93cf-e960870700d3", "rel": "bookmark"}], "key_name": "tempest-TestGettingAddress-111559077", "image": {"id": "0471e227-c2f2-4260-bf14-dc2dec1c6e9b", "links": [{"href": "http://10.4.1.3:8774/3f4a514d122c4a46af16fa04481dc8dd/images/0471e227-c2f2-4260-bf14-dc2dec1c6e9b", "rel": "bookmark"}]}, "OS-EXT-STS:task_state": "deleting", "OS-EXT-STS:vm_state": "active", "OS-SRV-USG:launched_at": "2016-02-22T09:17:09.000000", "flavor": {"id": "42", "links": [{"href": "http://10.4.1.3:8774/3f4a514d122c4a46af16fa04481dc8dd/flavors/42", "rel": "bookmark"}]}, "id": "01d6096a-4e7b-4786-93cf-e960870700d3", "security_groups": [{"name": "tempest-secgroup-smoke-1699370264"}], "OS-SRV-USG:terminated_at": null, "OS-EXT-AZ:availability_zone": "nova", "user_id": "78af6669c56c41018daaee69753ea21a", "name": "tempest.common.compute-instance-1651123105", "created": "2016-02-22T09:17:02Z", "tenant_id": "3f4a514d122c4a46af16fa04481dc8dd", "OS-DCF:diskConfig": "MANUAL", "os-extended-volumes:volumes_attached": [], "accessIPv4": "", "accessIPv6": "", "progress": 0, "OS-EXT-STS:power_state": 1, "config_drive": "True", "metadata": {}}}
2016-02-22 09:21:26,779 27903 INFO     [tempest_lib.common.rest_client] Request (TestGettingAddress:_run_cleanups): 404 GET http://10.4.1.3:8774/v2.1/3f4a514d122c4a46af16fa04481dc8dd/servers/01d6096a-4e7b-4786-93cf-e960870700d3 0.316s
2016-02-22 09:21:26,780 27903 DEBUG    [tempest_lib.common.rest_client] Request - Headers: {'Content-Type': 'application/json', 'Accept': 'application/json', 'X-Auth-Token': '&lt;omitted&gt;'}
        Body: None
    Response - Headers: {'status': '404', 'content-length': '111', 'x-compute-request-id': 'req-ef7d987b-ada0-467e-a030-263cab00c1bf', 'vary': 'X-OpenStack-Nova-API-Version', 'connection': 'close', 'x-openstack-nova-api-version': '2.1', 'date': 'Mon, 22 Feb 2016 09:21:26 GMT', 'content-type': 'application/json; charset=UTF-8'}
        Body: {"itemNotFound": {"message": "Instance 01d6096a-4e7b-4786-93cf-e960870700d3 could not be found.", "code": 404}}
2016-02-22 09:21:27,422 27903 INFO     [tempest_lib.common.rest_client] Request (TestGettingAddress:_run_cleanups): 500 PUT http://10.4.1.3:9696/v2.0/routers/e91dd633-cfa3-4efa-851b-c21c760f2469/remove_router_interface 0.640s
2016-02-22 09:21:27,422 27903 DEBUG    [tempest_lib.common.rest_client] Request - Headers: {'Content-Type': 'application/json', 'Accept': 'application/json', 'X-Auth-Token': '&lt;omitted&gt;'}
        Body: {"subnet_id": "867a1647-ce86-46be-8128-79dc59d29ce7"}
    Response - Headers: {'status': '500', 'content-length': '150', 'connection': 'close', 'date': 'Mon, 22 Feb 2016 09:21:27 GMT', 'content-type': 'application/json; charset=UTF-8', 'x-openstack-request-id': 'req-61232aa4-773f-404b-8a64-d16391e4fdf0'}
        Body: {"NeutronError": {"message": "Request Failed: internal server error while processing your request.", "type": "HTTPInternalServerError", "detail": ""}}
2016-02-22 09:21:27,901 27903 INFO     [tempest_lib.common.rest_client] Request (TestGettingAddress:_run_cleanups): 404 PUT http://10.4.1.3:9696/v2.0/routers/e91dd633-cfa3-4efa-851b-c21c760f2469/remove_router_interface 0.475s
2016-02-22 09:21:27,901 27903 DEBUG    [tempest_lib.common.rest_client] Request - Headers: {'Content-Type': 'application/json', 'Accept': 'application/json', 'X-Auth-Token': '&lt;omitted&gt;'}
        Body: {"subnet_id": "867a1647-ce86-46be-8128-79dc59d29ce7"}
    Response - Headers: {'status': '404', 'content-length': '198', 'connection': 'close', 'date': 'Mon, 22 Feb 2016 09:21:27 GMT', 'content-type': 'application/json; charset=UTF-8', 'x-openstack-request-id': 'req-9474a48c-d193-4da0-8b41-a3dba46f83c0'}
        Body: {"NeutronError": {"message": "Router e91dd633-cfa3-4efa-851b-c21c760f2469 has no interface on subnet 867a1647-ce86-46be-8128-79dc59d29ce7", "type": "RouterInterfaceNotFoundForSubnet", "detail": ""}}
2016-02-22 09:21:28,599 27903 INFO     [tempest_lib.common.rest_client] Request (TestGettingAddress:_run_cleanups): 500 PUT http://10.4.1.3:9696/v2.0/routers/e91dd633-cfa3-4efa-851b-c21c760f2469/remove_router_interface 0.696s
2016-02-22 09:21:28,600 27903 DEBUG    [tempest_lib.common.rest_client] Request - Headers: {'Content-Type': 'application/json', 'Accept': 'application/json', 'X-Auth-Token': '&lt;omitted&gt;'}
        Body: {"subnet_id": "74460274-2539-4cf9-97bd-c29235d0c9b8"}
    Response - Headers: {'status': '500', 'content-length': '150', 'connection': 'close', 'date': 'Mon, 22 Feb 2016 09:21:28 GMT', 'content-type': 'application/json; charset=UTF-8', 'x-openstack-request-id': 'req-f30e4639-59c5-4cb7-82cb-30ca36b2de7f'}
        Body: {"NeutronError": {"message": "Request Failed: internal server error while processing your request.", "type": "HTTPInternalServerError", "detail": ""}}
2016-02-22 09:21:28,877 27903 INFO     [tempest_lib.common.rest_client] Request (TestGettingAddress:_run_cleanups): 200 GET http://10.4.1.3:9696/v2.0/routers/e91dd633-cfa3-4efa-851b-c21c760f2469 0.276s
2016-02-22 09:21:28,878 27903 DEBUG    [tempest_lib.common.rest_client] Request - Headers: {'Content-Type': 'application/json', 'Accept': 'application/json', 'X-Auth-Token': '&lt;omitted&gt;'}
        Body: None
    Response - Headers: {'status': '200', 'content-length': '501', 'content-location': 'http://10.4.1.3:9696/v2.0/routers/e91dd633-cfa3-4efa-851b-c21c760f2469', 'connection': 'close', 'date': 'Mon, 22 Feb 2016 09:21:28 GMT', 'content-type': 'application/json; charset=UTF-8', 'x-openstack-request-id': 'req-35751459-a68f-4042-897d-6dd7ca2e387b'}
        Body: {"router": {"status": "ACTIVE", "external_gateway_info": {"network_id": "3e276b4c-e780-4d23-b266-e3e8c9c8060b", "enable_snat": true, "external_fixed_ips": [{"subnet_id": "05c42bf5-179e-4f7c-bbf4-282703ec231e", "ip_address": "172.24.4.3"}, {"subnet_id": "216a07f5-547a-4cd7-9f44-ef1569616bdd", "ip_address": "2001:db8::4"}]}, "name": "tempest-router-smoke-2089699906", "admin_state_up": true, "tenant_id": "3f4a514d122c4a46af16fa04481dc8dd", "routes": [], "id": "e91dd633-cfa3-4efa-851b-c21c760f2469"}}
2016-02-22 09:21:29,436 27903 INFO     [tempest_lib.common.rest_client] Request (TestGettingAddress:_run_cleanups): 200 PUT http://10.4.1.3:9696/v2.0/routers/e91dd633-cfa3-4efa-851b-c21c760f2469 0.556s
2016-02-22 09:21:29,436 27903 DEBUG    [tempest_lib.common.rest_client] Request - Headers: {'Content-Type': 'application/json', 'Accept': 'application/json', 'X-Auth-Token': '&lt;omitted&gt;'}
        Body: {"router": {"external_gateway_info": {}, "name": "tempest-router-smoke-2089699906", "admin_state_up": true}}
    Response - Headers: {'status': '200', 'content-length': '239', 'connection': 'close', 'date': 'Mon, 22 Feb 2016 09:21:29 GMT', 'content-type': 'application/json; charset=UTF-8', 'x-openstack-request-id': 'req-7e9139db-0c3f-4e00-8d5a-6bd2a9a0adb7'}
        Body: {"router": {"status": "ACTIVE", "external_gateway_info": null, "name": "tempest-router-smoke-2089699906", "admin_state_up": true, "tenant_id": "3f4a514d122c4a46af16fa04481dc8dd", "routes": [], "id": "e91dd633-cfa3-4efa-851b-c21c760f2469"}}
2016-02-22 09:21:29,853 27903 INFO     [tempest_lib.common.rest_client] Request (TestGettingAddress:_run_cleanups): 500 DELETE http://10.4.1.3:9696/v2.0/routers/e91dd633-cfa3-4efa-851b-c21c760f2469 0.416s
2016-02-22 09:21:29,854 27903 DEBUG    [tempest_lib.common.rest_client] Request - Headers: {'Content-Type': 'application/json', 'Accept': 'application/json', 'X-Auth-Token': '&lt;omitted&gt;'}
        Body: None
    Response - Headers: {'status': '500', 'content-length': '150', 'connection': 'close', 'date': 'Mon, 22 Feb 2016 09:21:29 GMT', 'content-type': 'application/json; charset=UTF-8', 'x-openstack-request-id': 'req-c423c247-356e-455e-b18d-c2793da3e85e'}
        Body: {"NeutronError": {"message": "Request Failed: internal server error while processing your request.", "type": "HTTPInternalServerError", "detail": ""}}
2016-02-22 09:21:30,106 27903 INFO     [tempest_lib.common.rest_client] Request (TestGettingAddress:_run_cleanups): 404 PUT http://10.4.1.3:9696/v2.0/routers/e91dd633-cfa3-4efa-851b-c21c760f2469/remove_router_interface 0.249s
