<?xml version="1.0" encoding="UTF-8"?>
<!DOCTYPE html PUBLIC "-//W3C//DTD XHTML 1.0 Strict//EN"
     "http://www.w3.org/TR/xhtml1/DTD/xhtml1-strict.dtd">
<html xmlns="http://www.w3.org/1999/xhtml">
<head>
    <title>Unit Test Report</title>
    <meta name="generator" content="subunit2html 0.1"/>
    <meta http-equiv="Content-Type" content="text/html; charset=UTF-8"/>
    
<style type="text/css" media="screen">
body        { font-family: verdana, arial, helvetica, sans-serif;
    font-size: 80%; }
table       { font-size: 100%; width: 100%;}
pre         { font-size: 80%; }

/* -- heading -------------------------------------------------------------- */
h1 {
        font-size: 16pt;
        color: gray;
}
.heading {
    margin-top: 0ex;
    margin-bottom: 1ex;
}

.heading .attribute {
    margin-top: 1ex;
    margin-bottom: 0;
}

.heading .description {
    margin-top: 4ex;
    margin-bottom: 6ex;
}

/* -- css div popup -------------------------------------------------------- */
a.popup_link {
}

a.popup_link:hover {
    color: red;
}

.popup_window {
    display: none;
    overflow-x: scroll;
    /*border: solid #627173 1px; */
    padding: 10px;
    background-color: #E6E6D6;
    font-family: "Ubuntu Mono", "Lucida Console", "Courier New", monospace;
    text-align: left;
    font-size: 8pt;
}

}
/* -- report --------------------------------------------------------------- */
#show_detail_line {
    margin-top: 3ex;
    margin-bottom: 1ex;
}
#result_table {
    width: 100%;
    border-collapse: collapse;
    border: 1px solid #777;
}
#header_row {
    font-weight: bold;
    color: white;
    background-color: #777;
}
#result_table td {
    border: 1px solid #777;
    padding: 2px;
}
#total_row  { font-weight: bold; }
.passClass  { background-color: #6c6; }
.failClass  { background-color: #c60; }
.errorClass { background-color: #c00; }
.passCase   { color: #6c6; }
.failCase   { color: #c60; font-weight: bold; }
.errorCase  { color: #c00; font-weight: bold; }
.hiddenRow  { display: none; }
.testcase   { margin-left: 2em; }
td.testname {width: 40%}
td.small {width: 40px}

/* -- ending --------------------------------------------------------------- */
#ending {
}

</style>

</head>
<body>
<script language="javascript" type="text/javascript"><!--
output_list = Array();

/* level - 0:Summary; 1:Failed; 2:All */
function showCase(level) {
    trs = document.getElementsByTagName("tr");
    for (var i = 0; i < trs.length; i++) {
        tr = trs[i];
        id = tr.id;
        if (id.substr(0,2) == 'ft') {
            if (level < 1) {
                tr.className = 'hiddenRow';
            }
            else {
                tr.className = '';
            }
        }
        if (id.substr(0,2) == 'pt') {
            if (level > 1) {
                tr.className = '';
            }
            else {
                tr.className = 'hiddenRow';
            }
        }
    }
}


function showClassDetail(cid, count) {
    var id_list = Array(count);
    var toHide = 1;
    for (var i = 0; i < count; i++) {
        tid0 = 't' + cid.substr(1) + '.' + (i+1);
        tid = 'f' + tid0;
        tr = document.getElementById(tid);
        if (!tr) {
            tid = 'p' + tid0;
            tr = document.getElementById(tid);
        }
        id_list[i] = tid;
        if (tr.className) {
            toHide = 0;
        }
    }
    for (var i = 0; i < count; i++) {
        tid = id_list[i];
        if (toHide) {
            document.getElementById('div_'+tid).style.display = 'none'
            document.getElementById(tid).className = 'hiddenRow';
        }
        else {
            document.getElementById(tid).className = '';
        }
    }
}


function showTestDetail(div_id){
    var details_div = document.getElementById(div_id)
    var displayState = details_div.style.display
    // alert(displayState)
    if (displayState != 'block' ) {
        displayState = 'block'
        details_div.style.display = 'block'
    }
    else {
        details_div.style.display = 'none'
    }
}


function html_escape(s) {
    s = s.replace(/&/g,'&amp;');
    s = s.replace(/</g,'&lt;');
    s = s.replace(/>/g,'&gt;');
    return s;
}

/* obsoleted by detail in <div>
function showOutput(id, name) {
    var w = window.open("", //url
                    name,
                    "resizable,scrollbars,status,width=800,height=450");
    d = w.document;
    d.write("<pre>");
    d.write(html_escape(output_list[id]));
    d.write("\n");
    d.write("<a href='javascript:window.close()'>close</a>\n");
    d.write("</pre>\n");
    d.close();
}
*/
--></script>

<div class='heading'>
<h1>Unit Test Report</h1>

<p class='attribute'><strong>Status:</strong> Failure 8</p>

<p class='description'></p>
</div>



<p id='show_detail_line'>Show
<a href='javascript:showCase(0)'>Summary</a>
<a href='javascript:showCase(1)'>Failed</a>
<a href='javascript:showCase(2)'>All</a>
</p>
<table id='result_table'>
<colgroup>
<col align='left' />
<col align='right' />
<col align='right' />
<col align='right' />
<col align='right' />
<col align='right' />
<col align='right' />
<col align='right' />
</colgroup>
<tr id='header_row'>
    <td>Test Group/Test case</td>
    <td>Count</td>
    <td>Pass</td>
    <td>Fail</td>
    <td>Error</td>
    <td>Skip</td>
    <td>View</td>
    <td> </td>
</tr>

<tr class='failClass'>
    <td class="testname">tempest.scenario.test_network_v6.TestGettingAddress</td>
    <td class="small">8</td>
    <td class="small">0</td>
    <td class="small">8</td>
    <td class="small">0</td>
    <td class="small">0</td>
    <td class="small"><a href="javascript:showClassDetail('c1',8)"
>Detail</a></td>
    <td> </td>
</tr>

<tr id='ft1.1' class='none'>
    <td class='failCase'><div class='testcase'>test_dhcp6_stateless_from_os[compute,id-d7e1f858-187c-45a6-89c9-bdafde619a9f,network,slow]</div></td>
    <td colspan='7' align='left'>

    <!--css div popup start-->
    <a class="popup_link" onfocus='this.blur();'
    href="javascript:showTestDetail('div_ft1.1')" >
        fail</a>

    <div id='div_ft1.1' class="popup_window">
        <div style='text-align: right; color:red;cursor:pointer'>
        <a onfocus='this.blur();'
onclick="document.getElementById('div_ft1.1').style.display = 'none' " >
           [x]</a>
        </div>
        <pre>
        
ft1.1: tempest.scenario.test_network_v6.TestGettingAddress.test_dhcp6_stateless_from_os[compute,id-d7e1f858-187c-45a6-89c9-bdafde619a9f,network,slow]_StringException: Empty attachments:
  stderr
  stdout

pythonlogging:'': {{{
2016-02-22 19:36:09,706 28465 INFO     [tempest_lib.common.rest_client] Request (TestGettingAddress:setUp): 200 POST http://10.4.1.3:8774/v2.1/71fb1a965afd471394f7b968bef58ed2/os-keypairs 0.438s
2016-02-22 19:36:09,706 28465 DEBUG    [tempest_lib.common.rest_client] Request - Headers: {'Content-Type': 'application/json', 'Accept': 'application/json', 'X-Auth-Token': '&lt;omitted&gt;'}
        Body: {"keypair": {"name": "tempest-TestGettingAddress-818744123"}}
    Response - Headers: {'status': '200', 'content-length': '2319', 'x-compute-request-id': 'req-a9dc543c-73f1-46d7-a47d-d885871bf55c', 'vary': 'X-OpenStack-Nova-API-Version', 'connection': 'close', 'x-openstack-nova-api-version': '2.1', 'date': 'Mon, 22 Feb 2016 19:36:09 GMT', 'content-type': 'application/json'}
        Body: {"keypair": {"public_key": "ssh-rsa AAAAB3NzaC1yc2EAAAADAQABAAABAQDbrK6GgOK5BNCDyxsoaykjYNsVOorgEgiuOSK8Gue45vCFP61i3yT0Fwe6GhBwj9h+qbAbdEEL/Nk0fTv2Vs9+FdWs6FCjTGCpB1nnbmSvOgG0YaCYGWQvPbyaGv2KV6MNRFuP0CVOMym9Njqq4r2JZTA8+/UkHG0XHC+RBSPc/+pb6jrPYEMq7xsX2N/aKbJYbJbKOdTLqBF8h/F3Inr9jC8bF8tZwqt6+5Wse0VefCYbrmW6y1r14dk+deCrXLCEpX19qxQ0ceTruVf0eJccPlNahmo9g3gXnD7tTNFo3E5rsXyS6d/7WQsMHMJi0xsdWeQUZL+KfOyBSjOONcdp Generated-by-Nova", "private_key": "-----BEGIN RSA PRIVATE KEY-----\nMIIEqQIBAAKCAQEA26yuhoDiuQTQg8sbKGspI2DbFTqK4BIIrjkivBrnuObwhT+t\nYt8k9BcHuhoQcI/YfqmwG3RBC/zZNH079lbPfhXVrOhQo0xgqQdZ525krzoBtGGg\nmBlkLz28mhr9ilejDURbj9AlTjMpvTY6quK9iWUwPPv1JBxtFxwvkQUj3P/qW+o6\nz2BDKu8bF9jf2imyWGyWyjnUy6gRfIfxdyJ6/YwvGxfLWcKrevuVrHtFXnwmG65l\nusta9eHZPnXgq1ywhKV9fasUNHHk67lX9HiXHD5TWoZqPYN4F5w+7UzRaNxOa7F8\nkunf+1kLDBzCYtMbHVnkFGS/inzsgUozjjXHaQIDAQABAoIBADj++NlVH345zZAk\nZot6IlZXjwBXDClPBImPsX90y6Kh6M3p06bPltruDscudA2AhP94L4UwCKB/niuM\nQr6Lj5J7P9F5BVMZQgsZKS5u6hi8yCxxGCXekKvhLMofLqFyU4/hqJALxWIgzDeX\nlmk4I00+v+FSzivsZDGW0pCh8Mgp8yhK7sJmqHXm1kRtLq7LnDiNuN4rtxgAaWmb\nTxW9Hw8c6vGVCyiCLALmotwRL7hWX3CjeWp8kbYOfW+5HZPpml2/6W1kCHfa+W2k\nJMpiZnQnovhJEFguKmqM43osbtP0XBfU6bBTV0BUeGTb5/tzmyJuSF5TYXtz8qNL\nAUa1VAECggCBAOrsVSmhiZvKAPu+rAIo8nUW2nu2GD57CVIzEnuJhdqOwtbK3zJM\nB5To3agNQeEIIZphHCqiC3zZzAHq6x2xpsDlXkFTvPpq5el6ETtzzvOYlaJUWhhT\nND0ROo70J46NB48fmxFLbE+U3aD4b47zi3S3tW+EWOeYfM6uwD6ZrkPhAoIAgQDv\nYh8bsprPqHvCjwVvPz4t9R7xC8Buc+rJAyt/qxB66VY7P8fpugDganOYq2NeiHyD\njbkK4+fZ+aLEJIf4zDIjTTkJBDWs+CqV13eJWCVhacrpB+tFjRwQUT812+Ei0LPO\nOqskcMljimDJJWCG2cHMuivpJEEU94TuzRghX2H0iQKCAIEAnT3WuujOzKHnCpnT\nVBbIQqsrTkbR73A3Cvf4VQv1thZ8P3zG7EmLgZZkVsmY4OCqbUS2r6qK+eRl8pql\nCNkR/mcIMb207gCDJ0V3J04apV3qOh8vtrxqaL2RboHpwDaRarEDAA51zsabmdTw\nBsTpARS9sojpYQrl7wl0z/HZfMECggCBAMp7CqkY982yS4yUARrKOcQR1Cw7rnc+\n4VdJsR96CKSOffv7xRMz2832/PQj9BdgB0IXPG+zuscrWrvh0oll3vrxNM8lmmlG\nOG8qI9gukN/G5nUZ162q4BQFRRw/cj1KnuxPv7dBF3d08szxKqalxkFvL/kyS0J6\n4xxCqqh/z5FRAoIAgB/r9HJIK6oArd3AEir7FHBg1QbNXvwOvE2AzgfaLJYiIxk+\nZxkRfM8xpW4yFcdH7KL0KN4/UPfAyuzhz4zCxe9tp+fQgGKQo9SEH6S+LpGa49AP\nYEfKJ3Do2q4bhK/vZeIGefaYVFGC+tXGNQURt+zF893/IVSmHbORD42V3+0k\n-----END RSA PRIVATE KEY-----\n", "user_id": "0e795eaba1b24747a2e28778d03d9acb", "name": "tempest-TestGettingAddress-818744123", "fingerprint": "8f:f7:e4:06:19:31:7d:88:8e:6e:6b:3d:04:44:96:ee"}}
2016-02-22 19:36:10,117 28465 INFO     [tempest_lib.common.rest_client] Request (TestGettingAddress:setUp): 201 POST http://10.4.1.3:9696/v2.0/security-groups 0.406s
2016-02-22 19:36:10,117 28465 DEBUG    [tempest_lib.common.rest_client] Request - Headers: {'Content-Type': 'application/json', 'Accept': 'application/json', 'X-Auth-Token': '&lt;omitted&gt;'}
        Body: {"security_group": {"tenant_id": "71fb1a965afd471394f7b968bef58ed2", "description": "tempest-secgroup-smoke-2141781369 description", "name": "tempest-secgroup-smoke-2141781369"}}
    Response - Headers: {'status': '201', 'content-length': '888', 'connection': 'close', 'date': 'Mon, 22 Feb 2016 19:36:10 GMT', 'content-type': 'application/json; charset=UTF-8', 'x-openstack-request-id': 'req-3665f1ad-02d2-4b23-8610-21d11ced04ea'}
        Body: {"security_group": {"tenant_id": "71fb1a965afd471394f7b968bef58ed2", "description": "tempest-secgroup-smoke-2141781369 description", "id": "8096a2c1-46be-496c-85b9-4ebef356079b", "security_group_rules": [{"remote_group_id": null, "direction": "egress", "remote_ip_prefix": null, "protocol": null, "ethertype": "IPv4", "tenant_id": "71fb1a965afd471394f7b968bef58ed2", "port_range_max": null, "port_range_min": null, "id": "5227301a-e246-4a5d-b77a-56e578fefc45", "security_group_id": "8096a2c1-46be-496c-85b9-4ebef356079b"}, {"remote_group_id": null, "direction": "egress", "remote_ip_prefix": null, "protocol": null, "ethertype": "IPv6", "tenant_id": "71fb1a965afd471394f7b968bef58ed2", "port_range_max": null, "port_range_min": null, "id": "ccc4cb73-50a1-4bcf-ab94-0414aaa9decc", "security_group_id": "8096a2c1-46be-496c-85b9-4ebef356079b"}], "name": "tempest-secgroup-smoke-2141781369"}}
2016-02-22 19:36:10,421 28465 INFO     [tempest_lib.common.rest_client] Request (TestGettingAddress:setUp): 201 POST http://10.4.1.3:9696/v2.0/security-group-rules 0.302s
2016-02-22 19:36:10,422 28465 DEBUG    [tempest_lib.common.rest_client] Request - Headers: {'Content-Type': 'application/json', 'Accept': 'application/json', 'X-Auth-Token': '&lt;omitted&gt;'}
        Body: {"security_group_rule": {"direction": "ingress", "protocol": "tcp", "tenant_id": "71fb1a965afd471394f7b968bef58ed2", "port_range_max": 22, "security_group_id": "8096a2c1-46be-496c-85b9-4ebef356079b", "port_range_min": 22}}
    Response - Headers: {'status': '201', 'content-length': '340', 'connection': 'close', 'date': 'Mon, 22 Feb 2016 19:36:10 GMT', 'content-type': 'application/json; charset=UTF-8', 'x-openstack-request-id': 'req-56dcfcc9-e58f-41c2-a720-2f6e677fff5b'}
        Body: {"security_group_rule": {"remote_group_id": null, "direction": "ingress", "remote_ip_prefix": null, "protocol": "tcp", "ethertype": "IPv4", "tenant_id": "71fb1a965afd471394f7b968bef58ed2", "port_range_max": 22, "port_range_min": 22, "id": "65480648-6179-4afb-8fa7-429191da8d3d", "security_group_id": "8096a2c1-46be-496c-85b9-4ebef356079b"}}
2016-02-22 19:36:10,752 28465 INFO     [tempest_lib.common.rest_client] Request (TestGettingAddress:setUp): 201 POST http://10.4.1.3:9696/v2.0/security-group-rules 0.328s
2016-02-22 19:36:10,753 28465 DEBUG    [tempest_lib.common.rest_client] Request - Headers: {'Content-Type': 'application/json', 'Accept': 'application/json', 'X-Auth-Token': '&lt;omitted&gt;'}
        Body: {"security_group_rule": {"direction": "egress", "protocol": "tcp", "tenant_id": "71fb1a965afd471394f7b968bef58ed2", "port_range_max": 22, "security_group_id": "8096a2c1-46be-496c-85b9-4ebef356079b", "port_range_min": 22}}
    Response - Headers: {'status': '201', 'content-length': '339', 'connection': 'close', 'date': 'Mon, 22 Feb 2016 19:36:10 GMT', 'content-type': 'application/json; charset=UTF-8', 'x-openstack-request-id': 'req-169869ec-3686-4991-aed7-2614b2b106a6'}
        Body: {"security_group_rule": {"remote_group_id": null, "direction": "egress", "remote_ip_prefix": null, "protocol": "tcp", "ethertype": "IPv4", "tenant_id": "71fb1a965afd471394f7b968bef58ed2", "port_range_max": 22, "port_range_min": 22, "id": "e83c32c7-d62f-4767-a177-37d589ecc7f0", "security_group_id": "8096a2c1-46be-496c-85b9-4ebef356079b"}}
2016-02-22 19:36:11,110 28465 INFO     [tempest_lib.common.rest_client] Request (TestGettingAddress:setUp): 201 POST http://10.4.1.3:9696/v2.0/security-group-rules 0.355s
2016-02-22 19:36:11,111 28465 DEBUG    [tempest_lib.common.rest_client] Request - Headers: {'Content-Type': 'application/json', 'Accept': 'application/json', 'X-Auth-Token': '&lt;omitted&gt;'}
        Body: {"security_group_rule": {"tenant_id": "71fb1a965afd471394f7b968bef58ed2", "direction": "ingress", "protocol": "icmp", "security_group_id": "8096a2c1-46be-496c-85b9-4ebef356079b"}}
    Response - Headers: {'status': '201', 'content-length': '345', 'connection': 'close', 'date': 'Mon, 22 Feb 2016 19:36:11 GMT', 'content-type': 'application/json; charset=UTF-8', 'x-openstack-request-id': 'req-b027eed0-954d-45f4-a9fb-cd04214beb64'}
        Body: {"security_group_rule": {"remote_group_id": null, "direction": "ingress", "remote_ip_prefix": null, "protocol": "icmp", "ethertype": "IPv4", "tenant_id": "71fb1a965afd471394f7b968bef58ed2", "port_range_max": null, "port_range_min": null, "id": "cb943a7a-2cdf-477a-b80a-dab38447aed3", "security_group_id": "8096a2c1-46be-496c-85b9-4ebef356079b"}}
2016-02-22 19:36:11,439 28465 INFO     [tempest_lib.common.rest_client] Request (TestGettingAddress:setUp): 201 POST http://10.4.1.3:9696/v2.0/security-group-rules 0.326s
2016-02-22 19:36:11,439 28465 DEBUG    [tempest_lib.common.rest_client] Request - Headers: {'Content-Type': 'application/json', 'Accept': 'application/json', 'X-Auth-Token': '&lt;omitted&gt;'}
        Body: {"security_group_rule": {"tenant_id": "71fb1a965afd471394f7b968bef58ed2", "direction": "egress", "protocol": "icmp", "security_group_id": "8096a2c1-46be-496c-85b9-4ebef356079b"}}
    Response - Headers: {'status': '201', 'content-length': '344', 'connection': 'close', 'date': 'Mon, 22 Feb 2016 19:36:11 GMT', 'content-type': 'application/json; charset=UTF-8', 'x-openstack-request-id': 'req-81787fd6-4bf6-4206-ad40-6e176a0519de'}
        Body: {"security_group_rule": {"remote_group_id": null, "direction": "egress", "remote_ip_prefix": null, "protocol": "icmp", "ethertype": "IPv4", "tenant_id": "71fb1a965afd471394f7b968bef58ed2", "port_range_max": null, "port_range_min": null, "id": "0dbc08b6-4001-4cd5-bf8d-2e8ba1747b38", "security_group_id": "8096a2c1-46be-496c-85b9-4ebef356079b"}}
2016-02-22 19:36:11,765 28465 INFO     [tempest_lib.common.rest_client] Request (TestGettingAddress:setUp): 201 POST http://10.4.1.3:9696/v2.0/security-group-rules 0.324s
2016-02-22 19:36:11,766 28465 DEBUG    [tempest_lib.common.rest_client] Request - Headers: {'Content-Type': 'application/json', 'Accept': 'application/json', 'X-Auth-Token': '&lt;omitted&gt;'}
        Body: {"security_group_rule": {"tenant_id": "71fb1a965afd471394f7b968bef58ed2", "direction": "ingress", "security_group_id": "8096a2c1-46be-496c-85b9-4ebef356079b", "protocol": "icmp", "ethertype": "IPv6"}}
    Response - Headers: {'status': '201', 'content-length': '345', 'connection': 'close', 'date': 'Mon, 22 Feb 2016 19:36:11 GMT', 'content-type': 'application/json; charset=UTF-8', 'x-openstack-request-id': 'req-579d8593-f3b4-4300-a36c-fa83b3130a2d'}
        Body: {"security_group_rule": {"remote_group_id": null, "direction": "ingress", "remote_ip_prefix": null, "protocol": "icmp", "ethertype": "IPv6", "tenant_id": "71fb1a965afd471394f7b968bef58ed2", "port_range_max": null, "port_range_min": null, "id": "589a7f8d-8a08-4474-a1a3-0c1558f0550f", "security_group_id": "8096a2c1-46be-496c-85b9-4ebef356079b"}}
2016-02-22 19:36:12,110 28465 INFO     [tempest_lib.common.rest_client] Request (TestGettingAddress:setUp): 201 POST http://10.4.1.3:9696/v2.0/security-group-rules 0.342s
2016-02-22 19:36:12,111 28465 DEBUG    [tempest_lib.common.rest_client] Request - Headers: {'Content-Type': 'application/json', 'Accept': 'application/json', 'X-Auth-Token': '&lt;omitted&gt;'}
        Body: {"security_group_rule": {"tenant_id": "71fb1a965afd471394f7b968bef58ed2", "direction": "egress", "security_group_id": "8096a2c1-46be-496c-85b9-4ebef356079b", "protocol": "icmp", "ethertype": "IPv6"}}
    Response - Headers: {'status': '201', 'content-length': '344', 'connection': 'close', 'date': 'Mon, 22 Feb 2016 19:36:12 GMT', 'content-type': 'application/json; charset=UTF-8', 'x-openstack-request-id': 'req-e0f753cb-73ac-422b-8a21-c997c15d4b38'}
        Body: {"security_group_rule": {"remote_group_id": null, "direction": "egress", "remote_ip_prefix": null, "protocol": "icmp", "ethertype": "IPv6", "tenant_id": "71fb1a965afd471394f7b968bef58ed2", "port_range_max": null, "port_range_min": null, "id": "16c96092-2de9-4e45-9950-2968c5da297b", "security_group_id": "8096a2c1-46be-496c-85b9-4ebef356079b"}}
2016-02-22 19:36:12,583 28465 INFO     [tempest_lib.common.rest_client] Request (TestGettingAddress:test_dhcp6_stateless_from_os): 201 POST http://10.4.1.3:9696/v2.0/networks 0.470s
2016-02-22 19:36:12,584 28465 DEBUG    [tempest_lib.common.rest_client] Request - Headers: {'Content-Type': 'application/json', 'Accept': 'application/json', 'X-Auth-Token': '&lt;omitted&gt;'}
        Body: {"network": {"tenant_id": "71fb1a965afd471394f7b968bef58ed2", "name": "tempest-network-smoke--1904924568"}}
    Response - Headers: {'status': '201', 'content-length': '356', 'connection': 'close', 'date': 'Mon, 22 Feb 2016 19:36:12 GMT', 'content-type': 'application/json; charset=UTF-8', 'x-openstack-request-id': 'req-7499cc79-f93f-43e5-8f32-9614c963e3b5'}
        Body: {"network": {"status": "ACTIVE", "subnets": [], "availability_zone_hints": [], "availability_zones": [], "name": "tempest-network-smoke--1904924568", "admin_state_up": true, "tenant_id": "71fb1a965afd471394f7b968bef58ed2", "mtu": 1450, "router:external": false, "shared": false, "port_security_enabled": true, "id": "3f47be45-da03-48a4-ab44-e1ba7bb37533"}}
2016-02-22 19:36:12,856 28465 INFO     [tempest_lib.common.rest_client] Request (TestGettingAddress:test_dhcp6_stateless_from_os): 200 GET http://10.4.1.3:9696/v2.0/subnets?tenant_id=71fb1a965afd471394f7b968bef58ed2&amp;cidr=10.100.0.0%2F28 0.270s
2016-02-22 19:36:12,856 28465 DEBUG    [tempest_lib.common.rest_client] Request - Headers: {'Content-Type': 'application/json', 'Accept': 'application/json', 'X-Auth-Token': '&lt;omitted&gt;'}
        Body: None
    Response - Headers: {'status': '200', 'content-length': '15', 'content-location': 'http://10.4.1.3:9696/v2.0/subnets?tenant_id=71fb1a965afd471394f7b968bef58ed2&amp;cidr=10.100.0.0%2F28', 'connection': 'close', 'date': 'Mon, 22 Feb 2016 19:36:12 GMT', 'content-type': 'application/json; charset=UTF-8', 'x-openstack-request-id': 'req-71903b0d-9163-4d56-a7ee-3eb6be6a807c'}
        Body: {"subnets": []}
2016-02-22 19:36:13,368 28465 INFO     [tempest_lib.common.rest_client] Request (TestGettingAddress:test_dhcp6_stateless_from_os): 201 POST http://10.4.1.3:9696/v2.0/subnets 0.511s
2016-02-22 19:36:13,369 28465 DEBUG    [tempest_lib.common.rest_client] Request - Headers: {'Content-Type': 'application/json', 'Accept': 'application/json', 'X-Auth-Token': '&lt;omitted&gt;'}
        Body: {"subnet": {"ip_version": 4, "tenant_id": "71fb1a965afd471394f7b968bef58ed2", "cidr": "10.100.0.0/28", "network_id": "3f47be45-da03-48a4-ab44-e1ba7bb37533", "name": "tempest-sub4-853189382"}}
    Response - Headers: {'status': '201', 'content-length': '469', 'connection': 'close', 'date': 'Mon, 22 Feb 2016 19:36:13 GMT', 'content-type': 'application/json; charset=UTF-8', 'x-openstack-request-id': 'req-08e526a0-6366-4887-a0a2-4bbdfa0a78ae'}
        Body: {"subnet": {"name": "tempest-sub4-853189382", "enable_dhcp": true, "network_id": "3f47be45-da03-48a4-ab44-e1ba7bb37533", "tenant_id": "71fb1a965afd471394f7b968bef58ed2", "dns_nameservers": [], "gateway_ip": "10.100.0.1", "ipv6_ra_mode": null, "allocation_pools": [{"start": "10.100.0.2", "end": "10.100.0.14"}], "host_routes": [], "ip_version": 4, "ipv6_address_mode": null, "cidr": "10.100.0.0/28", "id": "82c30c65-5a1c-4494-b256-ed8c9e746026", "subnetpool_id": null}}
2016-02-22 19:36:13,601 28465 INFO     [tempest_lib.common.rest_client] Request (TestGettingAddress:test_dhcp6_stateless_from_os): 201 POST http://10.4.1.3:9696/v2.0/routers 0.232s
2016-02-22 19:36:13,602 28465 DEBUG    [tempest_lib.common.rest_client] Request - Headers: {'Content-Type': 'application/json', 'Accept': 'application/json', 'X-Auth-Token': '&lt;omitted&gt;'}
        Body: {"router": {"tenant_id": "71fb1a965afd471394f7b968bef58ed2", "name": "tempest-router-smoke-1398347853", "admin_state_up": true}}
    Response - Headers: {'status': '201', 'content-length': '239', 'connection': 'close', 'date': 'Mon, 22 Feb 2016 19:36:13 GMT', 'content-type': 'application/json; charset=UTF-8', 'x-openstack-request-id': 'req-d474a073-bd81-4e04-8c93-cb5700cced56'}
        Body: {"router": {"status": "ACTIVE", "external_gateway_info": null, "name": "tempest-router-smoke-1398347853", "admin_state_up": true, "tenant_id": "71fb1a965afd471394f7b968bef58ed2", "routes": [], "id": "3655b2d6-5e11-4112-b139-9bd67242dfab"}}
2016-02-22 19:36:13,816 28465 INFO     [tempest_lib.common.rest_client] Request (TestGettingAddress:test_dhcp6_stateless_from_os): 200 GET http://10.4.1.3:9696/v2.0/routers/3655b2d6-5e11-4112-b139-9bd67242dfab 0.213s
2016-02-22 19:36:13,816 28465 DEBUG    [tempest_lib.common.rest_client] Request - Headers: {'Content-Type': 'application/json', 'Accept': 'application/json', 'X-Auth-Token': '&lt;omitted&gt;'}
        Body: None
    Response - Headers: {'status': '200', 'content-length': '239', 'content-location': 'http://10.4.1.3:9696/v2.0/routers/3655b2d6-5e11-4112-b139-9bd67242dfab', 'connection': 'close', 'date': 'Mon, 22 Feb 2016 19:36:13 GMT', 'content-type': 'application/json; charset=UTF-8', 'x-openstack-request-id': 'req-8a74b778-b496-4641-ac15-41bd4cac266f'}
        Body: {"router": {"status": "ACTIVE", "external_gateway_info": null, "name": "tempest-router-smoke-1398347853", "admin_state_up": true, "tenant_id": "71fb1a965afd471394f7b968bef58ed2", "routes": [], "id": "3655b2d6-5e11-4112-b139-9bd67242dfab"}}
2016-02-22 19:36:14,693 28465 INFO     [tempest_lib.common.rest_client] Request (TestGettingAddress:test_dhcp6_stateless_from_os): 200 PUT http://10.4.1.3:9696/v2.0/routers/3655b2d6-5e11-4112-b139-9bd67242dfab 0.876s
2016-02-22 19:36:14,694 28465 DEBUG    [tempest_lib.common.rest_client] Request - Headers: {'Content-Type': 'application/json', 'Accept': 'application/json', 'X-Auth-Token': '&lt;omitted&gt;'}
        Body: {"router": {"external_gateway_info": {"network_id": "e903d64c-fe1b-4921-a57b-22e58ad30d84"}, "name": "tempest-router-smoke-1398347853", "admin_state_up": true}}
    Response - Headers: {'status': '200', 'content-length': '501', 'connection': 'close', 'date': 'Mon, 22 Feb 2016 19:36:14 GMT', 'content-type': 'application/json; charset=UTF-8', 'x-openstack-request-id': 'req-d8ccb6ad-17d1-4169-8861-59986f89e80c'}
        Body: {"router": {"status": "ACTIVE", "external_gateway_info": {"network_id": "e903d64c-fe1b-4921-a57b-22e58ad30d84", "enable_snat": true, "external_fixed_ips": [{"subnet_id": "9caae6e2-3c01-4e2c-afc6-6bcb05f40fd8", "ip_address": "172.24.4.3"}, {"subnet_id": "d8fcad04-113f-4bf0-977a-e4863af12f76", "ip_address": "2001:db8::3"}]}, "name": "tempest-router-smoke-1398347853", "admin_state_up": true, "tenant_id": "71fb1a965afd471394f7b968bef58ed2", "routes": [], "id": "3655b2d6-5e11-4112-b139-9bd67242dfab"}}
2016-02-22 19:36:15,565 28465 INFO     [tempest_lib.common.rest_client] Request (TestGettingAddress:test_dhcp6_stateless_from_os): 200 PUT http://10.4.1.3:9696/v2.0/routers/3655b2d6-5e11-4112-b139-9bd67242dfab/add_router_interface 0.869s
2016-02-22 19:36:15,565 28465 DEBUG    [tempest_lib.common.rest_client] Request - Headers: {'Content-Type': 'application/json', 'Accept': 'application/json', 'X-Auth-Token': '&lt;omitted&gt;'}
        Body: {"subnet_id": "82c30c65-5a1c-4494-b256-ed8c9e746026"}
    Response - Headers: {'status': '200', 'content-length': '309', 'connection': 'close', 'date': 'Mon, 22 Feb 2016 19:36:15 GMT', 'content-type': 'application/json; charset=UTF-8', 'x-openstack-request-id': 'req-45422d1e-6e97-4cb0-8f5c-3df48bfcfe3d'}
        Body: {"network_id": "3f47be45-da03-48a4-ab44-e1ba7bb37533", "tenant_id": "71fb1a965afd471394f7b968bef58ed2", "subnet_id": "82c30c65-5a1c-4494-b256-ed8c9e746026", "subnet_ids": ["82c30c65-5a1c-4494-b256-ed8c9e746026"], "port_id": "b80da1ca-07bf-48bb-8758-a3fa2a4d706e", "id": "3655b2d6-5e11-4112-b139-9bd67242dfab"}
2016-02-22 19:36:15,834 28465 INFO     [tempest_lib.common.rest_client] Request (TestGettingAddress:test_dhcp6_stateless_from_os): 200 GET http://10.4.1.3:9696/v2.0/subnets?tenant_id=71fb1a965afd471394f7b968bef58ed2&amp;cidr=2003%3A%3A%2F64 0.268s
2016-02-22 19:36:15,835 28465 DEBUG    [tempest_lib.common.rest_client] Request - Headers: {'Content-Type': 'application/json', 'Accept': 'application/json', 'X-Auth-Token': '&lt;omitted&gt;'}
        Body: None
    Response - Headers: {'status': '200', 'content-length': '15', 'content-location': 'http://10.4.1.3:9696/v2.0/subnets?tenant_id=71fb1a965afd471394f7b968bef58ed2&amp;cidr=2003%3A%3A%2F64', 'connection': 'close', 'date': 'Mon, 22 Feb 2016 19:36:15 GMT', 'content-type': 'application/json; charset=UTF-8', 'x-openstack-request-id': 'req-7fe0dc6d-2ec9-416c-8e97-e3768ca343b6'}
        Body: {"subnets": []}
2016-02-22 19:36:17,011 28465 INFO     [tempest_lib.common.rest_client] Request (TestGettingAddress:test_dhcp6_stateless_from_os): 201 POST http://10.4.1.3:9696/v2.0/subnets 1.175s
2016-02-22 19:36:17,011 28465 DEBUG    [tempest_lib.common.rest_client] Request - Headers: {'Content-Type': 'application/json', 'Accept': 'application/json', 'X-Auth-Token': '&lt;omitted&gt;'}
        Body: {"subnet": {"name": "tempest-sub6-1926160624", "network_id": "3f47be45-da03-48a4-ab44-e1ba7bb37533", "tenant_id": "71fb1a965afd471394f7b968bef58ed2", "ipv6_ra_mode": "dhcpv6-stateless", "ip_version": 6, "ipv6_address_mode": "dhcpv6-stateless", "cidr": "2003::/64"}}
    Response - Headers: {'status': '201', 'content-length': '502', 'connection': 'close', 'date': 'Mon, 22 Feb 2016 19:36:17 GMT', 'content-type': 'application/json; charset=UTF-8', 'x-openstack-request-id': 'req-3865e582-1f5b-419f-89ee-85a2a48aa1d9'}
        Body: {"subnet": {"name": "tempest-sub6-1926160624", "enable_dhcp": true, "network_id": "3f47be45-da03-48a4-ab44-e1ba7bb37533", "tenant_id": "71fb1a965afd471394f7b968bef58ed2", "dns_nameservers": [], "gateway_ip": "2003::1", "ipv6_ra_mode": "dhcpv6-stateless", "allocation_pools": [{"start": "2003::2", "end": "2003::ffff:ffff:ffff:ffff"}], "host_routes": [], "ip_version": 6, "ipv6_address_mode": "dhcpv6-stateless", "cidr": "2003::/64", "id": "4e19e8a4-445c-415c-82bf-d86879761cf1", "subnetpool_id": null}}
2016-02-22 19:36:17,897 28465 INFO     [tempest_lib.common.rest_client] Request (TestGettingAddress:test_dhcp6_stateless_from_os): 200 PUT http://10.4.1.3:9696/v2.0/routers/3655b2d6-5e11-4112-b139-9bd67242dfab/add_router_interface 0.883s
2016-02-22 19:36:17,897 28465 DEBUG    [tempest_lib.common.rest_client] Request - Headers: {'Content-Type': 'application/json', 'Accept': 'application/json', 'X-Auth-Token': '&lt;omitted&gt;'}
        Body: {"subnet_id": "4e19e8a4-445c-415c-82bf-d86879761cf1"}
    Response - Headers: {'status': '200', 'content-length': '309', 'connection': 'close', 'date': 'Mon, 22 Feb 2016 19:36:17 GMT', 'content-type': 'application/json; charset=UTF-8', 'x-openstack-request-id': 'req-a81ed447-5dc4-41e0-8d6a-447f6961f8c6'}
        Body: {"network_id": "3f47be45-da03-48a4-ab44-e1ba7bb37533", "tenant_id": "71fb1a965afd471394f7b968bef58ed2", "subnet_id": "4e19e8a4-445c-415c-82bf-d86879761cf1", "subnet_ids": ["4e19e8a4-445c-415c-82bf-d86879761cf1"], "port_id": "2d84c4fc-6937-452a-b729-a19945410d63", "id": "3655b2d6-5e11-4112-b139-9bd67242dfab"}
2016-02-22 19:36:18,088 28465 INFO     [tempest_lib.common.rest_client] Request (TestGettingAddress:test_dhcp6_stateless_from_os): 200 POST http://10.4.1.3:5000/v2.0/tokens
2016-02-22 19:36:18,089 28465 DEBUG    [tempest_lib.common.rest_client] Request - Headers: {'Content-Type': 'application/json', 'Accept': 'application/json'}
        Body: &lt;omitted&gt;
    Response - Headers: {'status': '200', 'content-length': '2256', 'vary': 'X-Auth-Token', 'server': 'Apache/2.4.7 (Ubuntu)', 'connection': 'close', 'date': 'Mon, 22 Feb 2016 19:36:17 GMT', 'content-type': 'application/json', 'x-openstack-request-id': 'req-944ec26f-b43c-42ad-bf4c-96a696d4c632'}
        Body: {"access": {"token": {"issued_at": "2016-02-22T19:36:18.071411", "expires": "2016-02-22T20:36:18Z", "id": "05679296b1364f169221f30c0b334d69", "tenant": {"description": "tempest-TestGettingAddress-1140486985-desc", "enabled": true, "id": "71fb1a965afd471394f7b968bef58ed2", "name": "tempest-TestGettingAddress-1140486985"}, "audit_ids": ["9oDlzz_FRgaiFvNvnaKgZw"]}, "serviceCatalog": [{"endpoints": [{"adminURL": "http://10.4.1.3:9292", "region": "RegionOne", "internalURL": "http://10.4.1.3:9292", "id": "27271789d0a8497eabf8e74b662260ae", "publicURL": "http://10.4.1.3:9292"}], "endpoints_links": [], "type": "image", "name": "glance"}, {"endpoints": [{"adminURL": "http://10.4.1.3:8774/v2.1/71fb1a965afd471394f7b968bef58ed2", "region": "RegionOne", "internalURL": "http://10.4.1.3:8774/v2.1/71fb1a965afd471394f7b968bef58ed2", "id": "45536635a26b42c0aa3160cf9202358c", "publicURL": "http://10.4.1.3:8774/v2.1/71fb1a965afd471394f7b968bef58ed2"}], "endpoints_links": [], "type": "compute", "name": "nova"}, {"endpoints": [{"adminURL": "http://10.4.1.3:9696/", "region": "RegionOne", "internalURL": "http://10.4.1.3:9696/", "id": "296d0878fb554184b4ece6facdc11ba6", "publicURL": "http://10.4.1.3:9696/"}], "endpoints_links": [], "type": "network", "name": "neutron"}, {"endpoints": [{"adminURL": "http://10.4.1.3:35357/v2.0", "region": "RegionOne", "internalURL": "http://10.4.1.3:5000/v2.0", "id": "c364c963a81546be80de4a6a6b6a3238", "publicURL": "http://10.4.1.3:5000/v2.0"}], "endpoints_links": [], "type": "identity", "name": "keystone"}, {"endpoints": [{"adminURL": "http://10.4.1.3:8774/v2/71fb1a965afd471394f7b968bef58ed2", "region": "RegionOne", "internalURL": "http://10.4.1.3:8774/v2/71fb1a965afd471394f7b968bef58ed2", "id": "73cc9012787f453ba0b56818553e0da1", "publicURL": "http://10.4.1.3:8774/v2/71fb1a965afd471394f7b968bef58ed2"}], "endpoints_links": [], "type": "compute_legacy", "name": "nova_legacy"}], "user": {"username": "tempest-TestGettingAddress-1799662869", "roles_links": [], "id": "0e795eaba1b24747a2e28778d03d9acb", "roles": [{"name": "_member_"}, {"name": "Member"}], "name": "tempest-TestGettingAddress-1799662869"}, "metadata": {"is_admin": 0, "roles": ["9fe2ff9ee4384b1894a90878d3e92bab", "de8acb25252441648ff71f204c5e477b"]}}}
2016-02-22 19:36:18,098 28465 DEBUG    [tempest.common.fixed_network] (TestGettingAddress:test_dhcp6_stateless_from_os) No valid network provided or created, defaulting to fixed_network_name
2016-02-22 19:36:18,576 28465 INFO     [tempest_lib.common.rest_client] Request (TestGettingAddress:test_dhcp6_stateless_from_os): 200 GET http://10.4.1.3:8774/v2.1/71fb1a965afd471394f7b968bef58ed2/os-networks 0.477s
2016-02-22 19:36:18,576 28465 DEBUG    [tempest_lib.common.rest_client] Request - Headers: {'Content-Type': 'application/json', 'Accept': 'application/json', 'X-Auth-Token': '&lt;omitted&gt;'}
        Body: None
    Response - Headers: {'status': '200', 'content-length': '479', 'content-location': 'http://10.4.1.3:8774/v2.1/71fb1a965afd471394f7b968bef58ed2/os-networks', 'x-compute-request-id': 'req-15c84876-8d07-4306-a052-8ce544a0f11e', 'vary': 'X-OpenStack-Nova-API-Version', 'connection': 'close', 'x-openstack-nova-api-version': '2.1', 'date': 'Mon, 22 Feb 2016 19:36:18 GMT', 'content-type': 'application/json'}
        Body: {"networks": [{"cidr_v6": null, "dns2": null, "dns1": null, "gateway": null, "broadcast": null, "netmask": null, "gateway_v6": null, "cidr": null, "label": "public", "id": "e903d64c-fe1b-4921-a57b-22e58ad30d84", "netmask_v6": null}, {"cidr_v6": null, "dns2": null, "dns1": null, "gateway": null, "broadcast": null, "netmask": null, "gateway_v6": null, "cidr": null, "label": "tempest-network-smoke--1904924568", "id": "3f47be45-da03-48a4-ab44-e1ba7bb37533", "netmask_v6": null}]}
2016-02-22 19:36:18,577 28465 WARNING  [tempest.common.fixed_network] (TestGettingAddress:test_dhcp6_stateless_from_os) Network with name: private not found
2016-02-22 19:36:18,578 28465 INFO     [tempest.common.fixed_network] (TestGettingAddress:test_dhcp6_stateless_from_os) Found network {} available for tenant
2016-02-22 19:36:21,988 28465 INFO     [tempest_lib.common.rest_client] Request (TestGettingAddress:test_dhcp6_stateless_from_os): 202 POST http://10.4.1.3:8774/v2.1/71fb1a965afd471394f7b968bef58ed2/servers 3.409s
2016-02-22 19:36:21,989 28465 DEBUG    [tempest_lib.common.rest_client] Request - Headers: {'Content-Type': 'application/json', 'Accept': 'application/json', 'X-Auth-Token': '&lt;omitted&gt;'}
        Body: {"server": {"name": "tempest.common.compute-instance-853135478", "imageRef": "1fa19407-d4a3-4f57-a88f-fdee7c78a9e4", "key_name": "tempest-TestGettingAddress-818744123", "flavorRef": "42", "networks": [{"uuid": "3f47be45-da03-48a4-ab44-e1ba7bb37533"}], "security_groups": [{"name": "tempest-secgroup-smoke-2141781369"}]}}
    Response - Headers: {'status': '202', 'content-length': '460', 'x-compute-request-id': 'req-27abc0cd-d29b-4b32-b152-1d4326000d30', 'vary': 'X-OpenStack-Nova-API-Version', 'connection': 'close', 'location': 'http://10.4.1.3:8774/v2.1/71fb1a965afd471394f7b968bef58ed2/servers/9fb310ef-ed49-44d6-bafe-7219c29009bc', 'x-openstack-nova-api-version': '2.1', 'date': 'Mon, 22 Feb 2016 19:36:21 GMT', 'content-type': 'application/json'}
        Body: {"server": {"security_groups": [{"name": "tempest-secgroup-smoke-2141781369"}], "OS-DCF:diskConfig": "MANUAL", "id": "9fb310ef-ed49-44d6-bafe-7219c29009bc", "links": [{"href": "http://10.4.1.3:8774/v2.1/71fb1a965afd471394f7b968bef58ed2/servers/9fb310ef-ed49-44d6-bafe-7219c29009bc", "rel": "self"}, {"href": "http://10.4.1.3:8774/71fb1a965afd471394f7b968bef58ed2/servers/9fb310ef-ed49-44d6-bafe-7219c29009bc", "rel": "bookmark"}], "adminPass": "4Dp4H5d6TSLY"}}
2016-02-22 19:36:22,477 28465 INFO     [tempest_lib.common.rest_client] Request (TestGettingAddress:test_dhcp6_stateless_from_os): 200 GET http://10.4.1.3:8774/v2.1/71fb1a965afd471394f7b968bef58ed2/servers/9fb310ef-ed49-44d6-bafe-7219c29009bc 0.482s
2016-02-22 19:36:22,477 28465 DEBUG    [tempest_lib.common.rest_client] Request - Headers: {'Content-Type': 'application/json', 'Accept': 'application/json', 'X-Auth-Token': '&lt;omitted&gt;'}
        Body: None
    Response - Headers: {'status': '200', 'content-length': '1349', 'content-location': 'http://10.4.1.3:8774/v2.1/71fb1a965afd471394f7b968bef58ed2/servers/9fb310ef-ed49-44d6-bafe-7219c29009bc', 'x-compute-request-id': 'req-4b4d3891-f833-4755-8463-f0ae12b1e82c', 'vary': 'X-OpenStack-Nova-API-Version', 'connection': 'close', 'x-openstack-nova-api-version': '2.1', 'date': 'Mon, 22 Feb 2016 19:36:22 GMT', 'content-type': 'application/json'}
        Body: {"server": {"status": "BUILD", "updated": "2016-02-22T19:36:22Z", "hostId": "", "addresses": {}, "links": [{"href": "http://10.4.1.3:8774/v2.1/71fb1a965afd471394f7b968bef58ed2/servers/9fb310ef-ed49-44d6-bafe-7219c29009bc", "rel": "self"}, {"href": "http://10.4.1.3:8774/71fb1a965afd471394f7b968bef58ed2/servers/9fb310ef-ed49-44d6-bafe-7219c29009bc", "rel": "bookmark"}], "key_name": "tempest-TestGettingAddress-818744123", "image": {"id": "1fa19407-d4a3-4f57-a88f-fdee7c78a9e4", "links": [{"href": "http://10.4.1.3:8774/71fb1a965afd471394f7b968bef58ed2/images/1fa19407-d4a3-4f57-a88f-fdee7c78a9e4", "rel": "bookmark"}]}, "OS-EXT-STS:task_state": "scheduling", "OS-EXT-STS:vm_state": "building", "OS-SRV-USG:launched_at": null, "flavor": {"id": "42", "links": [{"href": "http://10.4.1.3:8774/71fb1a965afd471394f7b968bef58ed2/flavors/42", "rel": "bookmark"}]}, "id": "9fb310ef-ed49-44d6-bafe-7219c29009bc", "OS-SRV-USG:terminated_at": null, "OS-EXT-AZ:availability_zone": "", "user_id": "0e795eaba1b24747a2e28778d03d9acb", "name": "tempest.common.compute-instance-853135478", "created": "2016-02-22T19:36:21Z", "tenant_id": "71fb1a965afd471394f7b968bef58ed2", "OS-DCF:diskConfig": "MANUAL", "os-extended-volumes:volumes_attached": [], "accessIPv4": "", "accessIPv6": "", "progress": 0, "OS-EXT-STS:power_state": 0, "config_drive": "", "metadata": {}}}
2016-02-22 19:36:24,051 28465 INFO     [tempest_lib.common.rest_client] Request (TestGettingAddress:test_dhcp6_stateless_from_os): 200 GET http://10.4.1.3:8774/v2.1/71fb1a965afd471394f7b968bef58ed2/servers/9fb310ef-ed49-44d6-bafe-7219c29009bc 0.565s
2016-02-22 19:36:24,051 28465 DEBUG    [tempest_lib.common.rest_client] Request - Headers: {'Content-Type': 'application/json', 'Accept': 'application/json', 'X-Auth-Token': '&lt;omitted&gt;'}
        Body: None
    Response - Headers: {'status': '200', 'content-length': '1407', 'content-location': 'http://10.4.1.3:8774/v2.1/71fb1a965afd471394f7b968bef58ed2/servers/9fb310ef-ed49-44d6-bafe-7219c29009bc', 'x-compute-request-id': 'req-92a9156c-c29e-46d2-82ca-bbe3ddd65c71', 'vary': 'X-OpenStack-Nova-API-Version', 'connection': 'close', 'x-openstack-nova-api-version': '2.1', 'date': 'Mon, 22 Feb 2016 19:36:24 GMT', 'content-type': 'application/json'}
        Body: {"server": {"status": "BUILD", "updated": "2016-02-22T19:36:23Z", "hostId": "46b17d9ffd3a42ffdfd5511ed6cea4ef24704e3d8915a5e1201bc132", "addresses": {}, "links": [{"href": "http://10.4.1.3:8774/v2.1/71fb1a965afd471394f7b968bef58ed2/servers/9fb310ef-ed49-44d6-bafe-7219c29009bc", "rel": "self"}, {"href": "http://10.4.1.3:8774/71fb1a965afd471394f7b968bef58ed2/servers/9fb310ef-ed49-44d6-bafe-7219c29009bc", "rel": "bookmark"}], "key_name": "tempest-TestGettingAddress-818744123", "image": {"id": "1fa19407-d4a3-4f57-a88f-fdee7c78a9e4", "links": [{"href": "http://10.4.1.3:8774/71fb1a965afd471394f7b968bef58ed2/images/1fa19407-d4a3-4f57-a88f-fdee7c78a9e4", "rel": "bookmark"}]}, "OS-EXT-STS:task_state": "spawning", "OS-EXT-STS:vm_state": "building", "OS-SRV-USG:launched_at": null, "flavor": {"id": "42", "links": [{"href": "http://10.4.1.3:8774/71fb1a965afd471394f7b968bef58ed2/flavors/42", "rel": "bookmark"}]}, "id": "9fb310ef-ed49-44d6-bafe-7219c29009bc", "OS-SRV-USG:terminated_at": null, "OS-EXT-AZ:availability_zone": "nova", "user_id": "0e795eaba1b24747a2e28778d03d9acb", "name": "tempest.common.compute-instance-853135478", "created": "2016-02-22T19:36:21Z", "tenant_id": "71fb1a965afd471394f7b968bef58ed2", "OS-DCF:diskConfig": "MANUAL", "os-extended-volumes:volumes_attached": [], "accessIPv4": "", "accessIPv6": "", "progress": 0, "OS-EXT-STS:power_state": 0, "config_drive": "", "metadata": {}}}
2016-02-22 19:36:24,059 28465 INFO     [tempest.common.waiters] State transition "BUILD/scheduling" ==&gt; "BUILD/spawning" after 2 second wait
2016-02-22 19:36:25,884 28465 INFO     [tempest_lib.common.rest_client] Request (TestGettingAddress:test_dhcp6_stateless_from_os): 200 GET http://10.4.1.3:8774/v2.1/71fb1a965afd471394f7b968bef58ed2/servers/9fb310ef-ed49-44d6-bafe-7219c29009bc 0.823s
2016-02-22 19:36:25,885 28465 DEBUG    [tempest_lib.common.rest_client] Request - Headers: {'Content-Type': 'application/json', 'Accept': 'application/json', 'X-Auth-Token': '&lt;omitted&gt;'}
        Body: None
    Response - Headers: {'status': '200', 'content-length': '1475', 'content-location': 'http://10.4.1.3:8774/v2.1/71fb1a965afd471394f7b968bef58ed2/servers/9fb310ef-ed49-44d6-bafe-7219c29009bc', 'x-compute-request-id': 'req-0148d1c1-c6f4-4eef-b682-466bb1698d61', 'vary': 'X-OpenStack-Nova-API-Version', 'connection': 'close', 'x-openstack-nova-api-version': '2.1', 'date': 'Mon, 22 Feb 2016 19:36:25 GMT', 'content-type': 'application/json'}
        Body: {"server": {"status": "BUILD", "updated": "2016-02-22T19:36:23Z", "hostId": "46b17d9ffd3a42ffdfd5511ed6cea4ef24704e3d8915a5e1201bc132", "addresses": {}, "links": [{"href": "http://10.4.1.3:8774/v2.1/71fb1a965afd471394f7b968bef58ed2/servers/9fb310ef-ed49-44d6-bafe-7219c29009bc", "rel": "self"}, {"href": "http://10.4.1.3:8774/71fb1a965afd471394f7b968bef58ed2/servers/9fb310ef-ed49-44d6-bafe-7219c29009bc", "rel": "bookmark"}], "key_name": "tempest-TestGettingAddress-818744123", "image": {"id": "1fa19407-d4a3-4f57-a88f-fdee7c78a9e4", "links": [{"href": "http://10.4.1.3:8774/71fb1a965afd471394f7b968bef58ed2/images/1fa19407-d4a3-4f57-a88f-fdee7c78a9e4", "rel": "bookmark"}]}, "OS-EXT-STS:task_state": "spawning", "OS-EXT-STS:vm_state": "building", "OS-SRV-USG:launched_at": null, "flavor": {"id": "42", "links": [{"href": "http://10.4.1.3:8774/71fb1a965afd471394f7b968bef58ed2/flavors/42", "rel": "bookmark"}]}, "id": "9fb310ef-ed49-44d6-bafe-7219c29009bc", "security_groups": [{"name": "tempest-secgroup-smoke-2141781369"}], "OS-SRV-USG:terminated_at": null, "OS-EXT-AZ:availability_zone": "nova", "user_id": "0e795eaba1b24747a2e28778d03d9acb", "name": "tempest.common.compute-instance-853135478", "created": "2016-02-22T19:36:21Z", "tenant_id": "71fb1a965afd471394f7b968bef58ed2", "OS-DCF:diskConfig": "MANUAL", "os-extended-volumes:volumes_attached": [], "accessIPv4": "", "accessIPv6": "", "progress": 0, "OS-EXT-STS:power_state": 0, "config_drive": "", "metadata": {}}}
2016-02-22 19:36:27,745 28465 INFO     [tempest_lib.common.rest_client] Request (TestGettingAddress:test_dhcp6_stateless_from_os): 200 GET http://10.4.1.3:8774/v2.1/71fb1a965afd471394f7b968bef58ed2/servers/9fb310ef-ed49-44d6-bafe-7219c29009bc 0.846s
2016-02-22 19:36:27,746 28465 DEBUG    [tempest_lib.common.rest_client] Request - Headers: {'Content-Type': 'application/json', 'Accept': 'application/json', 'X-Auth-Token': '&lt;omitted&gt;'}
        Body: None
    Response - Headers: {'status': '200', 'content-length': '1475', 'content-location': 'http://10.4.1.3:8774/v2.1/71fb1a965afd471394f7b968bef58ed2/servers/9fb310ef-ed49-44d6-bafe-7219c29009bc', 'x-compute-request-id': 'req-71ecdd22-5770-4dfe-8979-16f28e5a6ca3', 'vary': 'X-OpenStack-Nova-API-Version', 'connection': 'close', 'x-openstack-nova-api-version': '2.1', 'date': 'Mon, 22 Feb 2016 19:36:27 GMT', 'content-type': 'application/json'}
        Body: {"server": {"status": "BUILD", "updated": "2016-02-22T19:36:23Z", "hostId": "46b17d9ffd3a42ffdfd5511ed6cea4ef24704e3d8915a5e1201bc132", "addresses": {}, "links": [{"href": "http://10.4.1.3:8774/v2.1/71fb1a965afd471394f7b968bef58ed2/servers/9fb310ef-ed49-44d6-bafe-7219c29009bc", "rel": "self"}, {"href": "http://10.4.1.3:8774/71fb1a965afd471394f7b968bef58ed2/servers/9fb310ef-ed49-44d6-bafe-7219c29009bc", "rel": "bookmark"}], "key_name": "tempest-TestGettingAddress-818744123", "image": {"id": "1fa19407-d4a3-4f57-a88f-fdee7c78a9e4", "links": [{"href": "http://10.4.1.3:8774/71fb1a965afd471394f7b968bef58ed2/images/1fa19407-d4a3-4f57-a88f-fdee7c78a9e4", "rel": "bookmark"}]}, "OS-EXT-STS:task_state": "spawning", "OS-EXT-STS:vm_state": "building", "OS-SRV-USG:launched_at": null, "flavor": {"id": "42", "links": [{"href": "http://10.4.1.3:8774/71fb1a965afd471394f7b968bef58ed2/flavors/42", "rel": "bookmark"}]}, "id": "9fb310ef-ed49-44d6-bafe-7219c29009bc", "security_groups": [{"name": "tempest-secgroup-smoke-2141781369"}], "OS-SRV-USG:terminated_at": null, "OS-EXT-AZ:availability_zone": "nova", "user_id": "0e795eaba1b24747a2e28778d03d9acb", "name": "tempest.common.compute-instance-853135478", "created": "2016-02-22T19:36:21Z", "tenant_id": "71fb1a965afd471394f7b968bef58ed2", "OS-DCF:diskConfig": "MANUAL", "os-extended-volumes:volumes_attached": [], "accessIPv4": "", "accessIPv6": "", "progress": 0, "OS-EXT-STS:power_state": 0, "config_drive": "", "metadata": {}}}
2016-02-22 19:36:29,506 28465 INFO     [tempest_lib.common.rest_client] Request (TestGettingAddress:test_dhcp6_stateless_from_os): 200 GET http://10.4.1.3:8774/v2.1/71fb1a965afd471394f7b968bef58ed2/servers/9fb310ef-ed49-44d6-bafe-7219c29009bc 0.747s
2016-02-22 19:36:29,506 28465 DEBUG    [tempest_lib.common.rest_client] Request - Headers: {'Content-Type': 'application/json', 'Accept': 'application/json', 'X-Auth-Token': '&lt;omitted&gt;'}
        Body: None
    Response - Headers: {'status': '200', 'content-length': '1776', 'content-location': 'http://10.4.1.3:8774/v2.1/71fb1a965afd471394f7b968bef58ed2/servers/9fb310ef-ed49-44d6-bafe-7219c29009bc', 'x-compute-request-id': 'req-8f2a26bd-d2dd-449b-9787-63f09d52d5ee', 'vary': 'X-OpenStack-Nova-API-Version', 'connection': 'close', 'x-openstack-nova-api-version': '2.1', 'date': 'Mon, 22 Feb 2016 19:36:29 GMT', 'content-type': 'application/json'}
        Body: {"server": {"status": "ACTIVE", "updated": "2016-02-22T19:36:27Z", "hostId": "46b17d9ffd3a42ffdfd5511ed6cea4ef24704e3d8915a5e1201bc132", "addresses": {"tempest-network-smoke--1904924568": [{"OS-EXT-IPS-MAC:mac_addr": "fa:16:3e:63:13:64", "version": 6, "addr": "2003::f816:3eff:fe63:1364", "OS-EXT-IPS:type": "fixed"}, {"OS-EXT-IPS-MAC:mac_addr": "fa:16:3e:63:13:64", "version": 4, "addr": "10.100.0.3", "OS-EXT-IPS:type": "fixed"}]}, "links": [{"href": "http://10.4.1.3:8774/v2.1/71fb1a965afd471394f7b968bef58ed2/servers/9fb310ef-ed49-44d6-bafe-7219c29009bc", "rel": "self"}, {"href": "http://10.4.1.3:8774/71fb1a965afd471394f7b968bef58ed2/servers/9fb310ef-ed49-44d6-bafe-7219c29009bc", "rel": "bookmark"}], "key_name": "tempest-TestGettingAddress-818744123", "image": {"id": "1fa19407-d4a3-4f57-a88f-fdee7c78a9e4", "links": [{"href": "http://10.4.1.3:8774/71fb1a965afd471394f7b968bef58ed2/images/1fa19407-d4a3-4f57-a88f-fdee7c78a9e4", "rel": "bookmark"}]}, "OS-EXT-STS:task_state": null, "OS-EXT-STS:vm_state": "active", "OS-SRV-USG:launched_at": "2016-02-22T19:36:27.000000", "flavor": {"id": "42", "links": [{"href": "http://10.4.1.3:8774/71fb1a965afd471394f7b968bef58ed2/flavors/42", "rel": "bookmark"}]}, "id": "9fb310ef-ed49-44d6-bafe-7219c29009bc", "security_groups": [{"name": "tempest-secgroup-smoke-2141781369"}], "OS-SRV-USG:terminated_at": null, "OS-EXT-AZ:availability_zone": "nova", "user_id": "0e795eaba1b24747a2e28778d03d9acb", "name": "tempest.common.compute-instance-853135478", "created": "2016-02-22T19:36:21Z", "tenant_id": "71fb1a965afd471394f7b968bef58ed2", "OS-DCF:diskConfig": "MANUAL", "os-extended-volumes:volumes_attached": [], "accessIPv4": "", "accessIPv6": "", "progress": 0, "OS-EXT-STS:power_state": 1, "config_drive": "True", "metadata": {}}}
2016-02-22 19:36:29,516 28465 INFO     [tempest.common.waiters] State transition "BUILD/spawning" ==&gt; "ACTIVE/None" after 7 second wait
2016-02-22 19:36:30,207 28465 INFO     [tempest_lib.common.rest_client] Request (TestGettingAddress:test_dhcp6_stateless_from_os): 200 GET http://10.4.1.3:8774/v2.1/71fb1a965afd471394f7b968bef58ed2/servers/9fb310ef-ed49-44d6-bafe-7219c29009bc 0.690s
2016-02-22 19:36:30,207 28465 DEBUG    [tempest_lib.common.rest_client] Request - Headers: {'Content-Type': 'application/json', 'Accept': 'application/json', 'X-Auth-Token': '&lt;omitted&gt;'}
        Body: None
    Response - Headers: {'status': '200', 'content-length': '1776', 'content-location': 'http://10.4.1.3:8774/v2.1/71fb1a965afd471394f7b968bef58ed2/servers/9fb310ef-ed49-44d6-bafe-7219c29009bc', 'x-compute-request-id': 'req-edca02a6-136f-41b4-bf40-f13df61426b9', 'vary': 'X-OpenStack-Nova-API-Version', 'connection': 'close', 'x-openstack-nova-api-version': '2.1', 'date': 'Mon, 22 Feb 2016 19:36:30 GMT', 'content-type': 'application/json'}
        Body: {"server": {"status": "ACTIVE", "updated": "2016-02-22T19:36:27Z", "hostId": "46b17d9ffd3a42ffdfd5511ed6cea4ef24704e3d8915a5e1201bc132", "addresses": {"tempest-network-smoke--1904924568": [{"OS-EXT-IPS-MAC:mac_addr": "fa:16:3e:63:13:64", "version": 6, "addr": "2003::f816:3eff:fe63:1364", "OS-EXT-IPS:type": "fixed"}, {"OS-EXT-IPS-MAC:mac_addr": "fa:16:3e:63:13:64", "version": 4, "addr": "10.100.0.3", "OS-EXT-IPS:type": "fixed"}]}, "links": [{"href": "http://10.4.1.3:8774/v2.1/71fb1a965afd471394f7b968bef58ed2/servers/9fb310ef-ed49-44d6-bafe-7219c29009bc", "rel": "self"}, {"href": "http://10.4.1.3:8774/71fb1a965afd471394f7b968bef58ed2/servers/9fb310ef-ed49-44d6-bafe-7219c29009bc", "rel": "bookmark"}], "key_name": "tempest-TestGettingAddress-818744123", "image": {"id": "1fa19407-d4a3-4f57-a88f-fdee7c78a9e4", "links": [{"href": "http://10.4.1.3:8774/71fb1a965afd471394f7b968bef58ed2/images/1fa19407-d4a3-4f57-a88f-fdee7c78a9e4", "rel": "bookmark"}]}, "OS-EXT-STS:task_state": null, "OS-EXT-STS:vm_state": "active", "OS-SRV-USG:launched_at": "2016-02-22T19:36:27.000000", "flavor": {"id": "42", "links": [{"href": "http://10.4.1.3:8774/71fb1a965afd471394f7b968bef58ed2/flavors/42", "rel": "bookmark"}]}, "id": "9fb310ef-ed49-44d6-bafe-7219c29009bc", "security_groups": [{"name": "tempest-secgroup-smoke-2141781369"}], "OS-SRV-USG:terminated_at": null, "OS-EXT-AZ:availability_zone": "nova", "user_id": "0e795eaba1b24747a2e28778d03d9acb", "name": "tempest.common.compute-instance-853135478", "created": "2016-02-22T19:36:21Z", "tenant_id": "71fb1a965afd471394f7b968bef58ed2", "OS-DCF:diskConfig": "MANUAL", "os-extended-volumes:volumes_attached": [], "accessIPv4": "", "accessIPv6": "", "progress": 0, "OS-EXT-STS:power_state": 1, "config_drive": "True", "metadata": {}}}
2016-02-22 19:36:30,447 28465 INFO     [tempest_lib.common.rest_client] Request (TestGettingAddress:test_dhcp6_stateless_from_os): 200 GET http://10.4.1.3:9696/v2.0/ports?fixed_ip=None&amp;device_id=9fb310ef-ed49-44d6-bafe-7219c29009bc 0.224s
2016-02-22 19:36:30,447 28465 DEBUG    [tempest_lib.common.rest_client] Request - Headers: {'Content-Type': 'application/json', 'Accept': 'application/json', 'X-Auth-Token': '&lt;omitted&gt;'}
        Body: None
    Response - Headers: {'status': '200', 'content-length': '853', 'content-location': 'http://10.4.1.3:9696/v2.0/ports?fixed_ip=None&amp;device_id=9fb310ef-ed49-44d6-bafe-7219c29009bc', 'connection': 'close', 'date': 'Mon, 22 Feb 2016 19:36:30 GMT', 'content-type': 'application/json; charset=UTF-8', 'x-openstack-request-id': 'req-d27d2984-7fce-45b3-bf4c-782af25bd630'}
        Body: {"ports": [{"status": "ACTIVE", "binding:host_id": "vagrant-ubuntu-trusty-64", "name": "", "allowed_address_pairs": [], "admin_state_up": true, "network_id": "3f47be45-da03-48a4-ab44-e1ba7bb37533", "tenant_id": "71fb1a965afd471394f7b968bef58ed2", "extra_dhcp_opts": [], "mac_address": "fa:16:3e:63:13:64", "binding:vif_details": {"port_filter": true}, "binding:vif_type": "ovs", "device_owner": "compute:None", "binding:profile": {}, "port_security_enabled": true, "binding:vnic_type": "normal", "fixed_ips": [{"subnet_id": "82c30c65-5a1c-4494-b256-ed8c9e746026", "ip_address": "10.100.0.3"}, {"subnet_id": "4e19e8a4-445c-415c-82bf-d86879761cf1", "ip_address": "2003::f816:3eff:fe63:1364"}], "id": "06e3dce8-d22a-4ae4-8bb4-df83d9abdb8c", "security_groups": ["8096a2c1-46be-496c-85b9-4ebef356079b"], "device_id": "9fb310ef-ed49-44d6-bafe-7219c29009bc"}]}
2016-02-22 19:36:31,129 28465 INFO     [tempest_lib.common.rest_client] Request (TestGettingAddress:test_dhcp6_stateless_from_os): 201 POST http://10.4.1.3:9696/v2.0/floatingips 0.680s
2016-02-22 19:36:31,129 28465 DEBUG    [tempest_lib.common.rest_client] Request - Headers: {'Content-Type': 'application/json', 'Accept': 'application/json', 'X-Auth-Token': '&lt;omitted&gt;'}
        Body: {"floatingip": {"floating_network_id": "e903d64c-fe1b-4921-a57b-22e58ad30d84", "tenant_id": "71fb1a965afd471394f7b968bef58ed2", "fixed_ip_address": "10.100.0.3", "port_id": "06e3dce8-d22a-4ae4-8bb4-df83d9abdb8c"}}
    Response - Headers: {'status': '201', 'content-length': '369', 'connection': 'close', 'date': 'Mon, 22 Feb 2016 19:36:31 GMT', 'content-type': 'application/json; charset=UTF-8', 'x-openstack-request-id': 'req-7ec57053-737c-40fd-a3eb-4925f85dcb83'}
        Body: {"floatingip": {"floating_network_id": "e903d64c-fe1b-4921-a57b-22e58ad30d84", "router_id": "3655b2d6-5e11-4112-b139-9bd67242dfab", "fixed_ip_address": "10.100.0.3", "floating_ip_address": "172.24.4.4", "tenant_id": "71fb1a965afd471394f7b968bef58ed2", "status": "ACTIVE", "port_id": "06e3dce8-d22a-4ae4-8bb4-df83d9abdb8c", "id": "426c8023-b893-414d-a526-5b5cabc44dac"}}
2016-02-22 19:36:31,130 28465 INFO     [tempest_lib.common.ssh] Creating ssh connection to '172.24.4.4' as 'cirros' with public key authentication
2016-02-22 19:37:31,169 28465 WARNING  [tempest_lib.common.ssh] Failed to establish authenticated ssh connection to cirros@172.24.4.4 (timed out). Number attempts: 1. Retry after 2 seconds.
2016-02-22 19:38:33,733 28465 WARNING  [tempest_lib.common.ssh] Failed to establish authenticated ssh connection to cirros@172.24.4.4 (timed out). Number attempts: 2. Retry after 3 seconds.
2016-02-22 19:39:37,284 28465 WARNING  [tempest_lib.common.ssh] Failed to establish authenticated ssh connection to cirros@172.24.4.4 (timed out). Number attempts: 3. Retry after 4 seconds.
2016-02-22 19:40:41,849 28465 ERROR    [tempest_lib.common.ssh] Failed to establish authenticated ssh connection to cirros@172.24.4.4 after 3 attempts
2016-02-22 19:40:41.849 28465 ERROR tempest_lib.common.ssh Traceback (most recent call last):
2016-02-22 19:40:41.849 28465 ERROR tempest_lib.common.ssh   File "/usr/local/lib/python2.7/dist-packages/tempest_lib/common/ssh.py", line 75, in _get_ssh_connection
2016-02-22 19:40:41.849 28465 ERROR tempest_lib.common.ssh     timeout=self.channel_timeout, pkey=self.pkey)
2016-02-22 19:40:41.849 28465 ERROR tempest_lib.common.ssh   File "/usr/local/lib/python2.7/dist-packages/paramiko/client.py", line 292, in connect
2016-02-22 19:40:41.849 28465 ERROR tempest_lib.common.ssh     retry_on_signal(lambda: sock.connect(addr))
2016-02-22 19:40:41.849 28465 ERROR tempest_lib.common.ssh   File "/usr/local/lib/python2.7/dist-packages/paramiko/util.py", line 270, in retry_on_signal
2016-02-22 19:40:41.849 28465 ERROR tempest_lib.common.ssh     return function()
2016-02-22 19:40:41.849 28465 ERROR tempest_lib.common.ssh   File "/usr/local/lib/python2.7/dist-packages/paramiko/client.py", line 292, in &lt;lambda&gt;
2016-02-22 19:40:41.849 28465 ERROR tempest_lib.common.ssh     retry_on_signal(lambda: sock.connect(addr))
2016-02-22 19:40:41.849 28465 ERROR tempest_lib.common.ssh   File "/usr/lib/python2.7/socket.py", line 224, in meth
2016-02-22 19:40:41.849 28465 ERROR tempest_lib.common.ssh     return getattr(self._sock,name)(*args)
2016-02-22 19:40:41.849 28465 ERROR tempest_lib.common.ssh timeout: timed out
2016-02-22 19:40:41.849 28465 ERROR tempest_lib.common.ssh 
2016-02-22 19:40:41,853 28465 ERROR    [tempest.scenario.manager] (TestGettingAddress:test_dhcp6_stateless_from_os) Initializing SSH connection to 172.24.4.4 failed. Error: Connection to the 172.24.4.4 via SSH timed out.
User: cirros, Password: None
2016-02-22 19:40:41.853 28465 ERROR tempest.scenario.manager Traceback (most recent call last):
2016-02-22 19:40:41.853 28465 ERROR tempest.scenario.manager   File "tempest/scenario/manager.py", line 377, in get_remote_client
2016-02-22 19:40:41.853 28465 ERROR tempest.scenario.manager     linux_client.validate_authentication()
2016-02-22 19:40:41.853 28465 ERROR tempest.scenario.manager   File "tempest/common/utils/linux/remote_client.py", line 51, in validate_authentication
2016-02-22 19:40:41.853 28465 ERROR tempest.scenario.manager     self.ssh_client.test_connection_auth()
2016-02-22 19:40:41.853 28465 ERROR tempest.scenario.manager   File "/usr/local/lib/python2.7/dist-packages/tempest_lib/common/ssh.py", line 173, in test_connection_auth
2016-02-22 19:40:41.853 28465 ERROR tempest.scenario.manager     connection = self._get_ssh_connection()
2016-02-22 19:40:41.853 28465 ERROR tempest.scenario.manager   File "/usr/local/lib/python2.7/dist-packages/tempest_lib/common/ssh.py", line 88, in _get_ssh_connection
2016-02-22 19:40:41.853 28465 ERROR tempest.scenario.manager     password=self.password)
2016-02-22 19:40:41.853 28465 ERROR tempest.scenario.manager SSHTimeout: Connection to the 172.24.4.4 via SSH timed out.
2016-02-22 19:40:41.853 28465 ERROR tempest.scenario.manager User: cirros, Password: None
2016-02-22 19:40:41.853 28465 ERROR tempest.scenario.manager 
2016-02-22 19:40:42,122 28465 INFO     [tempest_lib.common.rest_client] Request (TestGettingAddress:test_dhcp6_stateless_from_os): 200 GET http://10.4.1.3:8774/v2.1/71fb1a965afd471394f7b968bef58ed2/servers 0.266s
2016-02-22 19:40:42,123 28465 DEBUG    [tempest_lib.common.rest_client] Request - Headers: {'Content-Type': 'application/json', 'Accept': 'application/json', 'X-Auth-Token': '&lt;omitted&gt;'}
        Body: None
    Response - Headers: {'status': '200', 'content-length': '388', 'content-location': 'http://10.4.1.3:8774/v2.1/71fb1a965afd471394f7b968bef58ed2/servers', 'x-compute-request-id': 'req-b2da14e2-6b69-4ef2-b067-189e9627ff8c', 'vary': 'X-OpenStack-Nova-API-Version', 'connection': 'close', 'x-openstack-nova-api-version': '2.1', 'date': 'Mon, 22 Feb 2016 19:40:42 GMT', 'content-type': 'application/json'}
        Body: {"servers": [{"id": "9fb310ef-ed49-44d6-bafe-7219c29009bc", "links": [{"href": "http://10.4.1.3:8774/v2.1/71fb1a965afd471394f7b968bef58ed2/servers/9fb310ef-ed49-44d6-bafe-7219c29009bc", "rel": "self"}, {"href": "http://10.4.1.3:8774/71fb1a965afd471394f7b968bef58ed2/servers/9fb310ef-ed49-44d6-bafe-7219c29009bc", "rel": "bookmark"}], "name": "tempest.common.compute-instance-853135478"}]}
2016-02-22 19:40:42,538 28465 INFO     [tempest_lib.common.rest_client] Request (TestGettingAddress:test_dhcp6_stateless_from_os): 200 POST http://10.4.1.3:8774/v2.1/71fb1a965afd471394f7b968bef58ed2/servers/9fb310ef-ed49-44d6-bafe-7219c29009bc/action 0.408s
2016-02-22 19:40:42,539 28465 DEBUG    [tempest_lib.common.rest_client] Request - Headers: {'Content-Type': 'application/json', 'Accept': 'application/json', 'X-Auth-Token': '&lt;omitted&gt;'}
        Body: {"os-getConsoleOutput": {}}
    Response - Headers: {'status': '200', 'content-length': '24625', 'x-compute-request-id': 'req-c2c5a59a-fd6f-48a9-be19-fb2d0f2f0bce', 'vary': 'X-OpenStack-Nova-API-Version', 'connection': 'close', 'x-openstack-nova-api-version': '2.1', 'date': 'Mon, 22 Feb 2016 19:40:42 GMT', 'content-type': 'application/json'}
        Body: {"output": "[    0.000000] Initializing cgroup subsys cpuset\n[    0.000000] Initializing cgroup subsys cpu\n[    0.000000] Linux version 3.2.0-80-virtual (buildd@batsu) (gcc version 4.6.3 (Ubuntu/Linaro 4.6.3-1ubuntu5) ) #116-Ubuntu SMP Mon Mar 23 17:28:52 UTC 2015 (Ubuntu 3.2.0-80.116-virtual 3.2.68)\n[    0.000000] Command line: root=/dev/vda console=tty0 console=ttyS0 no_timer_check\n[    0.000000] KERNEL supported cpus:\n[    0.000000]   Intel GenuineIntel\n[    0.000000]   AMD AuthenticAMD\n[    0.000000]   Centaur CentaurHauls\n[    0.000000] BIOS-provided physical RAM map:\n[    0.000000]  BIOS-e820: 0000000000000000 - 000000000009fc00 (usable)\n[    0.000000]  BIOS-e820: 000000000009fc00 - 00000000000a0000 (reserved)\n[    0.000000]  BIOS-e820: 00000000000f0000 - 0000000000100000 (reserved)\n[    0.000000]  BIOS-e820: 0000000000100000 - 0000000003ffe000 (usable)\n[    0.000000]  BIOS-e820: 0000000003ffe000 - 0000000004000000 (reserved)\n[    0.000000]  BIOS-e820: 00000000fffc0000 - 0000000100000000 (reserved)\n[    0.000000] NX (Execute Disable) protection: active\n[    0.000000] SMBIOS 2.4 present.\n[    0.000000] No AGP bridge found\n[    0.000000] last_pfn = 0x3ffe max_arch_pfn = 0x400000000\n[    0.000000] x86 PAT enabled: cpu 0, old 0x7040600070406, new 0x7010600070106\n[    0.000000] found SMP MP-table at [ffff8800000f0b00] f0b00\n[    0.000000] init_memory_mapping: 0000000000000000-0000000003ffe000\n[    0.000000] RAMDISK: 03c5e000 - 03ff0000\n[    0.000000] ACPI: RSDP 00000000000f0950 00014 (v00 BOCHS )\n[    0.000000] ACPI: RSDT 0000000003fffbc1 00034 (v01 BOCHS  BXPCRSDT 00000001 BXPC 00000001)\n[    0.000000] ACPI: FACP 0000000003fff1c0 00074 (v01 BOCHS  BXPCFACP 00000001 BXPC 00000001)\n[    0.000000] ACPI: DSDT 0000000003ffe040 01180 (v01 BOCHS  BXPCDSDT 00000001 BXPC 00000001)\n[    0.000000] ACPI: FACS 0000000003ffe000 00040\n[    0.000000] ACPI: SSDT 0000000003fff234 008DD (v01 BOCHS  BXPCSSDT 00000001 BXPC 00000001)\n[    0.000000] ACPI: APIC 0000000003fffb11 00078 (v01 BOCHS  BXPCAPIC 00000001 BXPC 00000001)\n[    0.000000] ACPI: HPET 0000000003fffb89 00038 (v01 BOCHS  BXPCHPET 00000001 BXPC 00000001)\n[    0.000000] No NUMA configuration found\n[    0.000000] Faking a node at 0000000000000000-0000000003ffe000\n[    0.000000] Initmem setup node 0 0000000000000000-0000000003ffe000\n[    0.000000]   NODE_DATA [0000000003ff6000 - 0000000003ffafff]\n[    0.000000] Zone PFN ranges:\n[    0.000000]   DMA      0x00000010 -&gt; 0x00001000\n[    0.000000]   DMA32    0x00001000 -&gt; 0x00100000\n[    0.000000]   Normal   empty\n[    0.000000] Movable zone start PFN for each node\n[    0.000000] early_node_map[2] active PFN ranges\n[    0.000000]     0: 0x00000010 -&gt; 0x0000009f\n[    0.000000]     0: 0x00000100 -&gt; 0x00003ffe\n[    0.000000] ACPI: PM-Timer IO Port: 0xb008\n[    0.000000] ACPI: LAPIC (acpi_id[0x00] lapic_id[0x00] enabled)\n[    0.000000] ACPI: LAPIC_NMI (acpi_id[0xff] dfl dfl lint[0x1])\n[    0.000000] ACPI: IOAPIC (id[0x00] address[0xfec00000] gsi_base[0])\n[    0.000000] IOAPIC[0]: apic_id 0, version 17, address 0xfec00000, GSI 0-23\n[    0.000000] ACPI: INT_SRC_OVR (bus 0 bus_irq 0 global_irq 2 dfl dfl)\n[    0.000000] ACPI: INT_SRC_OVR (bus 0 bus_irq 5 global_irq 5 high level)\n[    0.000000] ACPI: INT_SRC_OVR (bus 0 bus_irq 9 global_irq 9 high level)\n[    0.000000] ACPI: INT_SRC_OVR (bus 0 bus_irq 10 global_irq 10 high level)\n[    0.000000] ACPI: INT_SRC_OVR (bus 0 bus_irq 11 global_irq 11 high level)\n[    0.000000] Using ACPI (MADT) for SMP configuration information\n[    0.000000] ACPI: HPET id: 0x8086a201 base: 0xfed00000\n[    0.000000] SMP: Allowing 1 CPUs, 0 hotplug CPUs\n[    0.000000] PM: Registered nosave memory: 000000000009f000 - 00000000000a0000\n[    0.000000] PM: Registered nosave memory: 00000000000a0000 - 00000000000f0000\n[    0.000000] PM: Registered nosave memory: 00000000000f0000 - 0000000000100000\n[    0.000000] Allocating PCI resources starting at 4000000 (gap: 4000000:fbfc0000)\n[    0.000000] Booting paravirtualized kernel on bare hardware\n[    0.000000] setup_pe
2016-02-22 19:40:42,540 28465 DEBUG    [tempest.scenario.manager] Console output for 9fb310ef-ed49-44d6-bafe-7219c29009bc
body=
[    0.000000] Initializing cgroup subsys cpuset
[    0.000000] Initializing cgroup subsys cpu
[    0.000000] Linux version 3.2.0-80-virtual (buildd@batsu) (gcc version 4.6.3 (Ubuntu/Linaro 4.6.3-1ubuntu5) ) #116-Ubuntu SMP Mon Mar 23 17:28:52 UTC 2015 (Ubuntu 3.2.0-80.116-virtual 3.2.68)
[    0.000000] Command line: root=/dev/vda console=tty0 console=ttyS0 no_timer_check
[    0.000000] KERNEL supported cpus:
[    0.000000]   Intel GenuineIntel
[    0.000000]   AMD AuthenticAMD
[    0.000000]   Centaur CentaurHauls
[    0.000000] BIOS-provided physical RAM map:
[    0.000000]  BIOS-e820: 0000000000000000 - 000000000009fc00 (usable)
[    0.000000]  BIOS-e820: 000000000009fc00 - 00000000000a0000 (reserved)
[    0.000000]  BIOS-e820: 00000000000f0000 - 0000000000100000 (reserved)
[    0.000000]  BIOS-e820: 0000000000100000 - 0000000003ffe000 (usable)
[    0.000000]  BIOS-e820: 0000000003ffe000 - 0000000004000000 (reserved)
[    0.000000]  BIOS-e820: 00000000fffc0000 - 0000000100000000 (reserved)
[    0.000000] NX (Execute Disable) protection: active
[    0.000000] SMBIOS 2.4 present.
[    0.000000] No AGP bridge found
[    0.000000] last_pfn = 0x3ffe max_arch_pfn = 0x400000000
[    0.000000] x86 PAT enabled: cpu 0, old 0x7040600070406, new 0x7010600070106
[    0.000000] found SMP MP-table at [ffff8800000f0b00] f0b00
[    0.000000] init_memory_mapping: 0000000000000000-0000000003ffe000
[    0.000000] RAMDISK: 03c5e000 - 03ff0000
[    0.000000] ACPI: RSDP 00000000000f0950 00014 (v00 BOCHS )
[    0.000000] ACPI: RSDT 0000000003fffbc1 00034 (v01 BOCHS  BXPCRSDT 00000001 BXPC 00000001)
[    0.000000] ACPI: FACP 0000000003fff1c0 00074 (v01 BOCHS  BXPCFACP 00000001 BXPC 00000001)
[    0.000000] ACPI: DSDT 0000000003ffe040 01180 (v01 BOCHS  BXPCDSDT 00000001 BXPC 00000001)
[    0.000000] ACPI: FACS 0000000003ffe000 00040
[    0.000000] ACPI: SSDT 0000000003fff234 008DD (v01 BOCHS  BXPCSSDT 00000001 BXPC 00000001)
[    0.000000] ACPI: APIC 0000000003fffb11 00078 (v01 BOCHS  BXPCAPIC 00000001 BXPC 00000001)
[    0.000000] ACPI: HPET 0000000003fffb89 00038 (v01 BOCHS  BXPCHPET 00000001 BXPC 00000001)
[    0.000000] No NUMA configuration found
[    0.000000] Faking a node at 0000000000000000-0000000003ffe000
[    0.000000] Initmem setup node 0 0000000000000000-0000000003ffe000
[    0.000000]   NODE_DATA [0000000003ff6000 - 0000000003ffafff]
[    0.000000] Zone PFN ranges:
[    0.000000]   DMA      0x00000010 -&gt; 0x00001000
[    0.000000]   DMA32    0x00001000 -&gt; 0x00100000
[    0.000000]   Normal   empty
[    0.000000] Movable zone start PFN for each node
[    0.000000] early_node_map[2] active PFN ranges
[    0.000000]     0: 0x00000010 -&gt; 0x0000009f
[    0.000000]     0: 0x00000100 -&gt; 0x00003ffe
[    0.000000] ACPI: PM-Timer IO Port: 0xb008
[    0.000000] ACPI: LAPIC (acpi_id[0x00] lapic_id[0x00] enabled)
[    0.000000] ACPI: LAPIC_NMI (acpi_id[0xff] dfl dfl lint[0x1])
[    0.000000] ACPI: IOAPIC (id[0x00] address[0xfec00000] gsi_base[0])
[    0.000000] IOAPIC[0]: apic_id 0, version 17, address 0xfec00000, GSI 0-23
[    0.000000] ACPI: INT_SRC_OVR (bus 0 bus_irq 0 global_irq 2 dfl dfl)
[    0.000000] ACPI: INT_SRC_OVR (bus 0 bus_irq 5 global_irq 5 high level)
[    0.000000] ACPI: INT_SRC_OVR (bus 0 bus_irq 9 global_irq 9 high level)
[    0.000000] ACPI: INT_SRC_OVR (bus 0 bus_irq 10 global_irq 10 high level)
[    0.000000] ACPI: INT_SRC_OVR (bus 0 bus_irq 11 global_irq 11 high level)
[    0.000000] Using ACPI (MADT) for SMP configuration information
[    0.000000] ACPI: HPET id: 0x8086a201 base: 0xfed00000
[    0.000000] SMP: Allowing 1 CPUs, 0 hotplug CPUs
[    0.000000] PM: Registered nosave memory: 000000000009f000 - 00000000000a0000
[    0.000000] PM: Registered nosave memory: 00000000000a0000 - 00000000000f0000
[    0.000000] PM: Registered nosave memory: 00000000000f0000 - 0000000000100000
[    0.000000] Allocating PCI resources starting at 4000000 (gap: 4000000:fbfc0000)
[    0.000000] Booting paravirtualized kernel on bare hardware
[    0.000000] setup_percpu: NR_CPUS:64 nr_cpumask_bits:64 nr_cpu_ids:1 nr_node_ids:1
[    0.000000] PERCPU: Embedded 27 pages/cpu @ffff880003a00000 s78848 r8192 d23552 u2097152
[    0.000000] Built 1 zonelists in Node order, mobility grouping on.  Total pages: 16008
[    0.000000] Policy zone: DMA32
[    0.000000] Kernel command line: root=/dev/vda console=tty0 console=ttyS0 no_timer_check
[    0.000000] PID hash table entries: 256 (order: -1, 2048 bytes)
[    0.000000] Checking aperture...
[    0.000000] No AGP bridge found
[    0.000000] Memory: 43492k/65528k available (6576k kernel code, 452k absent, 21584k reserved, 6620k data, 928k init)
[    0.000000] SLUB: Genslabs=15, HWalign=64, Order=0-3, MinObjects=0, CPUs=1, Nodes=1
[    0.000000] Hierarchical RCU implementation.
[    0.000000] 	RCU dyntick-idle grace-period acceleration is enabled.
[    0.000000] NR_IRQS:4352 nr_irqs:256 16
[    0.000000] Console: colour VGA+ 80x25
[    0.000000] console [tty0] enabled
[    0.000000] console [ttyS0] enabled
[    0.000000] allocated 1048576 bytes of page_cgroup
[    0.000000] please try 'cgroup_disable=memory' option if you don't want memory cgroups
[    0.000000] Fast TSC calibration failed
[    0.000000] TSC: Unable to calibrate against PIT
[    0.000000] TSC: using HPET reference calibration
[    0.000000] Detected 2291.952 MHz processor.
[    0.028531] Calibrating delay loop (skipped), value calculated using timer frequency.. 4583.90 BogoMIPS (lpj=9167808)
[    0.032371] pid_max: default: 32768 minimum: 301
[    0.041081] Security Framework initialized
[    0.046407] AppArmor: AppArmor initialized
[    0.047291] Yama: becoming mindful.
[    0.056500] Dentry cache hash table entries: 8192 (order: 4, 65536 bytes)
[    0.058302] Inode-cache hash table entries: 4096 (order: 3, 32768 bytes)
[    0.060820] Mount-cache hash table entries: 256
[    0.079108] Initializing cgroup subsys cpuacct
[    0.080487] Initializing cgroup subsys memory
[    0.081985] Initializing cgroup subsys devices
[    0.082910] Initializing cgroup subsys freezer
[    0.084213] Initializing cgroup subsys blkio
[    0.084968] Initializing cgroup subsys perf_event
[    0.090038] mce: CPU supports 10 MCE banks
[    0.093150] SMP alternatives: switching to UP code
[    0.484291] Freeing SMP alternatives: 24k freed
[    0.485970] ACPI: Core revision 20110623
[    0.528429] ftrace: allocating 26610 entries in 105 pages
[    0.558484] ..TIMER: vector=0x30 apic1=0 pin1=2 apic2=-1 pin2=-1
[    0.560188] CPU0: AMD QEMU Virtual CPU version 2.0.0 stepping 03
[    0.564034] Performance Events: Broken PMU hardware detected, using software events only.
[    0.576575] NMI watchdog disabled (cpu0): hardware events not enabled
[    0.578168] Brought up 1 CPUs
[    0.578722] Total of 1 processors activated (4583.90 BogoMIPS).
[    0.602347] devtmpfs: initialized
[    0.630869] EVM: security.selinux
[    0.631385] EVM: security.SMACK64
[    0.632078] EVM: security.capability
[    0.652456] print_constraints: dummy: 
[    0.654192] RTC time: 19:36:31, date: 02/22/16
[    0.656781] NET: Registered protocol family 16
[    0.664343] ACPI: bus type pci registered
[    0.667481] PCI: Using configuration type 1 for base access
[    0.695086] bio: create slab &lt;bio-0&gt; at 0
[    0.700266] ACPI: Added _OSI(Module Device)
[    0.700815] ACPI: Added _OSI(Processor Device)
[    0.701451] ACPI: Added _OSI(3.0 _SCP Extensions)
[    0.702020] ACPI: Added _OSI(Processor Aggregator Device)
[    0.772526] ACPI: Interpreter enabled
[    0.773098] ACPI: (supports S0 S3 S4 S5)
[    0.775043] ACPI: Using IOAPIC for interrupt routing
[    0.853064] ACPI: No dock devices found.
[    0.853789] HEST: Table not found.
[    0.854340] PCI: Using host bridge windows from ACPI; if necessary, use "pci=nocrs" and report a bug
[    0.860940] ACPI: PCI Root Bridge [PCI0] (domain 0000 [bus 00-ff])
[    0.866699] pci_root PNP0A03:00: host bridge window [io  0x0000-0x0cf7]
[    0.868166] pci_root PNP0A03:00: host bridge window [io  0x0d00-0xadff]
[    0.869174] pci_root PNP0A03:00: host bridge window [io  0xae0f-0xaeff]
[    0.870079] pci_root PNP0A03:00: host bridge window [io  0xaf20-0xafdf]
[    0.871028] pci_root PNP0A03:00: host bridge window [io  0xafe4-0xffff]
[    0.872419] pci_root PNP0A03:00: host bridge window [mem 0x000a0000-0x000bffff]
[    0.874240] pci_root PNP0A03:00: host bridge window [mem 0x04000000-0xfebfffff]
[    0.900122] pci 0000:00:01.3: quirk: [io  0xb000-0xb03f] claimed by PIIX4 ACPI
[    0.901161] pci 0000:00:01.3: quirk: [io  0xb100-0xb10f] claimed by PIIX4 SMB
[    0.966512]  pci0000:00: Unable to request _OSC control (_OSC support mask: 0x1e)
[    1.028905] ACPI: PCI Interrupt Link [LNKA] (IRQs 5 *10 11)
[    1.031330] ACPI: PCI Interrupt Link [LNKB] (IRQs 5 *10 11)
[    1.033448] ACPI: PCI Interrupt Link [LNKC] (IRQs 5 10 *11)
[    1.036365] ACPI: PCI Interrupt Link [LNKD] (IRQs 5 10 *11)
[    1.037797] ACPI: PCI Interrupt Link [LNKS] (IRQs *9)
[    1.045765] vgaarb: device added: PCI:0000:00:02.0,decodes=io+mem,owns=io+mem,locks=none
[    1.046792] vgaarb: loaded
[    1.047411] vgaarb: bridge control possible 0000:00:02.0
[    1.050744] i2c-core: driver [aat2870] using legacy suspend method
[    1.052138] i2c-core: driver [aat2870] using legacy resume method
[    1.054661] SCSI subsystem initialized
[    1.058657] usbcore: registered new interface driver usbfs
[    1.060647] usbcore: registered new interface driver hub
[    1.061940] usbcore: registered new device driver usb
[    1.066297] PCI: Using ACPI for IRQ routing
[    1.077201] NetLabel: Initializing
[    1.077985] NetLabel:  domain hash size = 128
[    1.078549] NetLabel:  protocols = UNLABELED CIPSOv4
[    1.080789] NetLabel:  unlabeled traffic allowed by default
[    1.082786] HPET: 3 timers in total, 0 timers will be used for per-cpu timer
[    1.084427] hpet0: at MMIO 0xfed00000, IRQs 2, 8, 0
[    1.085284] hpet0: 3 comparators, 64-bit 100.000000 MHz counter
[    1.097610] Switching to clocksource hpet
[    1.336944] AppArmor: AppArmor Filesystem Enabled
[    1.338252] pnp: PnP ACPI init
[    1.338866] ACPI: bus type pnp registered
[    1.357984] pnp: PnP ACPI: found 9 devices
[    1.358549] ACPI: ACPI bus type pnp unregistered
[    1.413636] NET: Registered protocol family 2
[    1.444673] IP route cache hash table entries: 512 (order: 0, 4096 bytes)
[    1.453117] TCP established hash table entries: 2048 (order: 3, 32768 bytes)
[    1.454503] TCP bind hash table entries: 2048 (order: 3, 32768 bytes)
[    1.455507] TCP: Hash tables configured (established 2048 bind 2048)
[    1.456996] TCP reno registered
[    1.457551] UDP hash table entries: 128 (order: 0, 4096 bytes)
[    1.458445] UDP-Lite hash table entries: 128 (order: 0, 4096 bytes)
[    1.461790] NET: Registered protocol family 1
[    1.462595] pci 0000:00:00.0: Limiting direct PCI/PCI transfers
[    1.463421] pci 0000:00:01.0: PIIX3: Enabling Passive Release
[    1.465090] pci 0000:00:01.0: Activating ISA DMA hang workarounds
[    1.469510] ACPI: PCI Interrupt Link [LNKD] enabled at IRQ 11
[    1.470451] pci 0000:00:01.2: PCI INT D -&gt; Link[LNKD] -&gt; GSI 11 (level, high) -&gt; IRQ 11
[    1.473747] pci 0000:00:01.2: PCI INT D disabled
[    1.491378] Trying to unpack rootfs image as initramfs...
[    1.508047] audit: initializing netlink socket (disabled)
[    1.510545] type=2000 audit(1456169791.508:1): initialized
[    1.768474] HugeTLB registered 2 MB page size, pre-allocated 0 pages
[    1.846934] VFS: Disk quotas dquot_6.5.2
[    1.849203] Dquot-cache hash table entries: 512 (order 0, 4096 bytes)
[    1.875243] fuse init (API version 7.17)
[    1.887485] msgmni has been set to 84
[    1.931892] Block layer SCSI generic (bsg) driver version 0.4 loaded (major 253)
[    1.934607] io scheduler noop registered
[    1.935264] io scheduler deadline registered (default)
[    1.937468] io scheduler cfq registered
[    1.941168] pci_hotplug: PCI Hot Plug PCI Core version: 0.5
[    1.943028] pciehp: PCI Express Hot Plug Controller Driver version: 0.4
[    1.949074] input: Power Button as /devices/LNXSYSTM:00/LNXPWRBN:00/input/input0
[    1.950716] ACPI: Power Button [PWRF]
[    2.001652] ERST: Table is not found!
[    2.002184] GHES: HEST is not enabled!
[    2.014899] ACPI: PCI Interrupt Link [LNKC] enabled at IRQ 10
[    2.015792] virtio-pci 0000:00:03.0: PCI INT A -&gt; Link[LNKC] -&gt; GSI 10 (level, high) -&gt; IRQ 10
[    2.019793] virtio-pci 0000:00:04.0: PCI INT A -&gt; Link[LNKD] -&gt; GSI 11 (level, high) -&gt; IRQ 11
[    2.030885] ACPI: PCI Interrupt Link [LNKA] enabled at IRQ 10
[    2.031688] virtio-pci 0000:00:05.0: PCI INT A -&gt; Link[LNKA] -&gt; GSI 10 (level, high) -&gt; IRQ 10
[    2.054257] Serial: 8250/16550 driver, 32 ports, IRQ sharing enabled
[    2.093455] serial8250: ttyS0 at I/O 0x3f8 (irq = 4) is a 16550A
[    2.169274] serial8250: ttyS1 at I/O 0x2f8 (irq = 3) is a 16550A
[    2.314728] 00:05: ttyS0 at I/O 0x3f8 (irq = 4) is a 16550A
[    2.386763] 00:06: ttyS1 at I/O 0x2f8 (irq = 3) is a 16550A
[    2.425962] Linux agpgart interface v0.103
[    2.477620] Refined TSC clocksource calibration: 2292.144 MHz.
[    2.478477] Switching to clocksource tsc
[    2.492040] brd: module loaded
[    2.531742] loop: module loaded
[    2.589671]  vda: unknown partition table
[    2.645284] scsi0 : ata_piix
[    2.653371] scsi1 : ata_piix
[    2.655964] ata1: PATA max MWDMA2 cmd 0x1f0 ctl 0x3f6 bmdma 0xc0a0 irq 14
[    2.658950] ata2: PATA max MWDMA2 cmd 0x170 ctl 0x376 bmdma 0xc0a8 irq 15
[    2.675913] Fixed MDIO Bus: probed
[    2.677803] tun: Universal TUN/TAP device driver, 1.6
[    2.678433] tun: (C) 1999-2004 Max Krasnyansky &lt;maxk@qualcomm.com&gt;
[    2.701693] PPP generic driver version 2.4.2
[    2.735847] ehci_hcd: USB 2.0 'Enhanced' Host Controller (EHCI) Driver
[    2.737912] ohci_hcd: USB 1.1 'Open' Host Controller (OHCI) Driver
[    2.738832] uhci_hcd: USB Universal Host Controller Interface driver
[    2.739753] uhci_hcd 0000:00:01.2: PCI INT D -&gt; Link[LNKD] -&gt; GSI 11 (level, high) -&gt; IRQ 11
[    2.742926] uhci_hcd 0000:00:01.2: UHCI Host Controller
[    2.754309] uhci_hcd 0000:00:01.2: new USB bus registered, assigned bus number 1
[    2.757395] uhci_hcd 0000:00:01.2: irq 11, io base 0x0000c040
[    2.783015] hub 1-0:1.0: USB hub found
[    2.785543] hub 1-0:1.0: 2 ports detected
[    2.793345] usbcore: registered new interface driver libusual
[    2.795865] i8042: PNP: PS/2 Controller [PNP0303:KBD,PNP0f13:MOU] at 0x60,0x64 irq 1,12
[    2.803480] serio: i8042 KBD port at 0x60,0x64 irq 1
[    2.805076] serio: i8042 AUX port at 0x60,0x64 irq 12
[    2.847830] mousedev: PS/2 mouse device common for all mice
[    2.856690] input: AT Translated Set 2 keyboard as /devices/platform/i8042/serio0/input/input1
[    2.860950] rtc_cmos 00:01: RTC can wake from S4
[    2.885110] rtc_cmos 00:01: rtc core: registered rtc_cmos as rtc0
[    2.889123] rtc0: alarms up to one day, 114 bytes nvram, hpet irqs
[    2.892033] device-mapper: uevent: version 1.0.3
[    2.901048] ata2.01: ATAPI: QEMU DVD-ROM, 2.0.0, max UDMA/100
[    2.912255] ata2.01: configured for MWDMA2
[    2.935390] device-mapper: ioctl: 4.22.0-ioctl (2011-10-19) initialised: dm-devel@redhat.com
[    2.939147] cpuidle: using governor ladder
[    2.939754] cpuidle: using governor menu
[    2.940989] EFI Variables Facility v0.08 2004-May-17
[    2.947642] TCP cubic registered
[    2.951650] NET: Registered protocol family 10
[    2.974622] NET: Registered protocol family 17
[    2.976012] Registering the dns_resolver key type
[    2.985473] scsi 1:0:1:0: CD-ROM            QEMU     QEMU DVD-ROM     2.0. PQ: 0 ANSI: 5
[    3.001169] sr0: scsi3-mmc drive: 4x/4x cd/rw xa/form2 tray
[    3.002314] cdrom: Uniform CD-ROM driver Revision: 3.20
[    3.019061] sr 1:0:1:0: Attached scsi generic sg0 type 5
[    3.064169] registered taskstats version 1
[    3.095047] Freeing initrd memory: 3656k freed
[    3.611564]   Magic number: 4:226:648
[    3.618699] rtc_cmos 00:01: setting system clock to 2016-02-22 19:36:34 UTC (1456169794)
[    3.622504] powernow-k8: Processor cpuid 663 not supported
[    3.627886] BIOS EDD facility v0.16 2004-Jun-25, 0 devices found
[    3.629240] EDD information not available.
[    3.707567] Freeing unused kernel memory: 928k freed
[    3.716109] Write protecting the kernel read-only data: 12288k
[    3.841893] Freeing unused kernel memory: 1596k freed
[    3.921854] Freeing unused kernel memory: 1184k freed

info: initramfs: up at 4.10
modprobe: module virtio_blk not found in modules.dep
modprobe: module virtio_net not found in modules.dep
info: copying initramfs to /dev/vda
info: initramfs loading root from /dev/vda
info: /etc/init.d/rc.sysinit: up at 8.45
info: container: none
Starting logging: OK
modprobe: module virtio_blk not found in modules.dep
modprobe: module virtio_net not found in modules.dep
WARN: /etc/rc3.d/S10-load-modules failed
Initializing random number generator... done.
Starting acpid: OK
cirros-ds 'local' up at 11.00
found datasource (configdrive, local)
Starting network...
udhcpc (v1.20.1) started
Sending discover...
Sending discover...
Sending discover...
Usage: /sbin/cirros-dhcpc &lt;up|down&gt;
No lease, failing
WARN: /etc/rc3.d/S40-network failed
Starting dropbear sshd: generating rsa key... generating dsa key... OK
no userdata for datasource
=== system information ===
Platform: OpenStack Foundation OpenStack Nova
Container: none
Arch: x86_64
CPU(s): 1 @ 2291.952 MHz
Cores/Sockets/Threads: 1/1/1
Virt-type: AMD-V
RAM Size: 49MB
Disks:
NAME MAJ:MIN     SIZE LABEL         MOUNTPOINT
vda  253:0   25165824 cirros-rootfs /
sr0   11:0     432128 config-2      
=== sshd host keys ===
-----BEGIN SSH HOST KEY KEYS-----
ssh-rsa AAAAB3NzaC1yc2EAAAADAQABAAAAgwCWJfX1YPTmBkBe4IGpitwx8Tqstq3zzZ6i85vGyqkbJhCQnQXgoBNQNRlN/vzLDs9mLX4uk69O+fJFKgYjrwbT3hnBlxEs//HjdoLeYhWOeJyZoyKakxQs3G29/Ru4iWpeLcjkCptvfH1jw95g7M8ZiBvF4K9FxWHW960FGKQMyZeB root@tempest
ssh-dss AAAAB3NzaC1kc3MAAACBAJ+u/6sd2/TPBsZN+QMe67gcZpxeYMO3sUYOPuQM2CvelFY7cD3p+6PgB3AKdnCzURGjrJGO4fkXZHoQJeIbr/gXXVTDAY4sO9qIdSWXDXZ6DB98cwXLM0jdmQnyPd2nB8n58XvkMmT8uR7534t0lkAxxjkzfjoEYj2g0M5B9i8JAAAAFQDx3DioOuIaqcdt0fWuu0J32tgvAwAAAIA5mE+igGRAaZeNEtlNijhzx0wUcWwzifZUnQXaW6ba4tjp38pemEYQVeFLOGCc6cc9W2PU6ayUu12f8OfgLqwujAhHSHgB7LhiIxIt3+Gl01N1nzwaDBVCiL0Hou0X6EkjAATVlJHoQPjOUHVLrTvf8aqLtb/4eVn/dkXAxCJcaQAAAIAp/iM8b/Sb5RXlDnn/VtyScinl39kU2WxZdBFesgiAYBefh9T1dVdARkusPmGIP2LNGP1QCcIrAWodBC6pDFVeR9Z9XA84kNvlS0y8/7yU9nxrEdORH+psI7QXCHWaJc8/lUQSgtPumdapfdTPx5x+XxCrlXOmtxWdHoonAt0wuA== root@tempest
-----END SSH HOST KEY KEYS-----
=== network info ===
if-info: lo,up,127.0.0.1,8,::1
if-info: eth0,up,,8,fe80::f816:3eff:fe63:1364
=== datasource: configdrive local ===
instance-id: 9fb310ef-ed49-44d6-bafe-7219c29009bc
name: tempest.common.compute-instance-853135478
availability-zone: nova
local-hostname: tempest.common.compute-instance-853135478.novalocal
launch-index: 0
=== cirros: current=0.3.4 uptime=202.53 ===
route: fscanf
=== pinging gateway failed, debugging connection ===
############ debug start ##############
### /etc/init.d/sshd start
Starting dropbear sshd: OK
route: fscanf
### ifconfig -a
eth0      Link encap:Ethernet  HWaddr FA:16:3E:63:13:64  
          inet6 addr: fe80::f816:3eff:fe63:1364/64 Scope:Link
          UP BROADCAST RUNNING MULTICAST  MTU:1500  Metric:1
          RX packets:13 errors:0 dropped:5 overruns:0 frame:0
          TX packets:8 errors:0 dropped:0 overruns:0 carrier:0
          collisions:0 txqueuelen:1000 
          RX bytes:1213 (1.1 KiB)  TX bytes:1134 (1.1 KiB)

lo        Link encap:Local Loopback  
          inet addr:127.0.0.1  Mask:255.0.0.0
          inet6 addr: ::1/128 Scope:Host
          UP LOOPBACK RUNNING  MTU:16436  Metric:1
          RX packets:12 errors:0 dropped:0 overruns:0 frame:0
          TX packets:12 errors:0 dropped:0 overruns:0 carrier:0
          collisions:0 txqueuelen:0 
          RX bytes:1020 (1020.0 B)  TX bytes:1020 (1020.0 B)

### route -n
Kernel IP routing table
Destination     Gateway         Genmask         Flags Metric Ref    Use Iface
route: fscanf
### cat /etc/resolv.conf
cat: can't open '/etc/resolv.conf': No such file or directory
### gateway not found
/sbin/cirros-status: line 1: can't open /etc/resolv.conf: no such file
### pinging nameservers
### uname -a
Linux tempest 3.2.0-80-virtual #116-Ubuntu SMP Mon Mar 23 17:28:52 UTC 2015 x86_64 GNU/Linux
### lsmod
Module                  Size  Used by    Not tainted
nls_iso8859_1          12713  0 
nls_cp437              16991  0 
vfat                   17585  0 
fat                    61512  1 vfat
isofs                  40259  0 
ip_tables              27473  0 
x_tables               29891  1 ip_tables
pcnet32                42119  0 
8139cp                 27360  0 
ne2k_pci               13691  0 
8390                   18856  1 ne2k_pci
e1000                 108589  0 
acpiphp                24231  0 
### dmesg | tail
[    4.905597] EXT3-fs (vda): mounted filesystem with ordered data mode
[    5.198490] ISO 9660 Extensions: Microsoft Joliet Level 3
[    5.257348] ISO 9660 Extensions: RRIP_1991A
[    5.443576] kjournald starting.  Commit interval 5 seconds
[    5.454364] EXT3-fs (vda): using internal journal
[    5.454785] EXT3-fs (vda): mounted filesystem with ordered data mode
[    8.495809] EXT3-fs (vda): using internal journal
[   11.781527] ISO 9660 Extensions: Microsoft Joliet Level 3
[   11.885720] ISO 9660 Extensions: RRIP_1991A
[   26.868105] eth0: no IPv6 routers present
### tail -n 25 /var/log/messages
Feb 22 19:36:40 cirros kern.info kernel: [    4.411406] acpiphp: Slot [18] registered
Feb 22 19:36:40 cirros kern.info kernel: [    4.412039] acpiphp: Slot [19] registered
Feb 22 19:36:40 cirros kern.info kernel: [    4.414561] acpiphp: Slot [20] registered
Feb 22 19:36:40 cirros kern.info kernel: [    4.415366] acpiphp: Slot [21] registered
Feb 22 19:36:40 cirros kern.info kernel: [    4.415969] acpiphp: Slot [22] registered
Feb 22 19:36:40 cirros kern.info kernel: [    4.417774] acpiphp: Slot [23] registered
Feb 22 19:36:40 cirros kern.info kernel: [    4.418407] acpiphp: Slot [24] registered
Feb 22 19:36:40 cirros kern.info kernel: [    4.419698] acpiphp: Slot [25] registered
Feb 22 19:36:40 cirros kern.info kernel: [    4.420143] acpiphp: Slot [26] registered
Feb 22 19:36:40 cirros kern.info kernel: [    4.478561] e1000: Intel(R) PRO/1000 Network Driver - version 7.3.21-k8-NAPI
Feb 22 19:36:40 cirros kern.info kernel: [    4.478635] e1000: Copyright (c) 1999-2006 Intel Corporation.
Feb 22 19:36:40 cirros kern.info kernel: [    4.518845] ne2k-pci.c:v1.03 9/22/2003 D. Becker/P. Gortmaker
Feb 22 19:36:40 cirros kern.info kernel: [    4.560610] 8139cp: 8139cp: 10/100 PCI Ethernet driver v1.3 (Mar 22, 2004)
Feb 22 19:36:40 cirros kern.info kernel: [    4.606323] pcnet32: pcnet32.c:v1.35 21.Apr.2008 tsbogend@alpha.franken.de
Feb 22 19:36:40 cirros kern.info kernel: [    4.655004] ip_tables: (C) 2000-2006 Netfilter Core Team
Feb 22 19:36:40 cirros kern.info kernel: [    4.889974] kjournald starting.  Commit interval 5 seconds
Feb 22 19:36:40 cirros kern.info kernel: [    4.905597] EXT3-fs (vda): mounted filesystem with ordered data mode
Feb 22 19:36:40 cirros kern.debug kernel: [    5.198490] ISO 9660 Extensions: Microsoft Joliet Level 3
Feb 22 19:36:40 cirros kern.debug kernel: [    5.257348] ISO 9660 Extensions: RRIP_1991A
Feb 22 19:36:40 cirros kern.info kernel: [    5.443576] kjournald starting.  Commit interval 5 seconds
Feb 22 19:36:42 cirros kern.debug kernel: [   11.781527] ISO 9660 Extensions: Microsoft Joliet Level 3
Feb 22 19:36:42 cirros kern.debug kernel: [   11.885720] ISO 9660 Extensions: RRIP_1991A
Feb 22 19:36:45 cirros auth.notice su: + /dev/console root:cirros
Feb 22 19:36:57 cirros kern.debug kernel: [   26.868105] eth0: no IPv6 routers present
Feb 22 19:39:51 cirros authpriv.info dropbear[283]: Running in background
############ debug end   ##############
  ____               ____  ____
 / __/ __ ____ ____ / __ \/ __/
/ /__ / // __// __// /_/ /\ \ 
\___//_//_/  /_/   \____/___/ 
   http://cirros-cloud.net


login as 'cirros' user. default password: 'cubswin:)'. use 'sudo' for root.
tempest login: 
2016-02-22 19:40:42,996 28465 INFO     [tempest_lib.common.rest_client] Request (TestGettingAddress:_run_cleanups): 204 DELETE http://10.4.1.3:9696/v2.0/floatingips/426c8023-b893-414d-a526-5b5cabc44dac 0.450s
2016-02-22 19:40:42,997 28465 DEBUG    [tempest_lib.common.rest_client] Request - Headers: {'Content-Type': 'application/json', 'Accept': 'application/json', 'X-Auth-Token': '&lt;omitted&gt;'}
        Body: None
    Response - Headers: {'date': 'Mon, 22 Feb 2016 19:40:42 GMT', 'status': '204', 'connection': 'close', 'content-length': '0', 'x-openstack-request-id': 'req-4eaf21e1-170a-4a40-9edd-e7c030e1ba54'}
        Body: 
2016-02-22 19:40:43,456 28465 INFO     [tempest_lib.common.rest_client] Request (TestGettingAddress:_run_cleanups): 204 DELETE http://10.4.1.3:8774/v2.1/71fb1a965afd471394f7b968bef58ed2/servers/9fb310ef-ed49-44d6-bafe-7219c29009bc 0.457s
2016-02-22 19:40:43,456 28465 DEBUG    [tempest_lib.common.rest_client] Request - Headers: {'Content-Type': 'application/json', 'Accept': 'application/json', 'X-Auth-Token': '&lt;omitted&gt;'}
        Body: None
    Response - Headers: {'status': '204', 'content-length': '0', 'x-compute-request-id': 'req-02ac87a4-e0a3-469a-bdd0-d295fad42730', 'vary': 'X-OpenStack-Nova-API-Version', 'connection': 'close', 'x-openstack-nova-api-version': '2.1', 'date': 'Mon, 22 Feb 2016 19:40:43 GMT', 'content-type': 'application/json'}
        Body: 
2016-02-22 19:40:44,160 28465 INFO     [tempest_lib.common.rest_client] Request (TestGettingAddress:_run_cleanups): 200 GET http://10.4.1.3:8774/v2.1/71fb1a965afd471394f7b968bef58ed2/servers/9fb310ef-ed49-44d6-bafe-7219c29009bc 0.702s
2016-02-22 19:40:44,161 28465 DEBUG    [tempest_lib.common.rest_client] Request - Headers: {'Content-Type': 'application/json', 'Accept': 'application/json', 'X-Auth-Token': '&lt;omitted&gt;'}
        Body: None
    Response - Headers: {'status': '200', 'content-length': '1899', 'content-location': 'http://10.4.1.3:8774/v2.1/71fb1a965afd471394f7b968bef58ed2/servers/9fb310ef-ed49-44d6-bafe-7219c29009bc', 'x-compute-request-id': 'req-9a4b5ec2-17ba-4b63-b7da-8e4ff0009dba', 'vary': 'X-OpenStack-Nova-API-Version', 'connection': 'close', 'x-openstack-nova-api-version': '2.1', 'date': 'Mon, 22 Feb 2016 19:40:44 GMT', 'content-type': 'application/json'}
        Body: {"server": {"status": "ACTIVE", "updated": "2016-02-22T19:40:43Z", "hostId": "46b17d9ffd3a42ffdfd5511ed6cea4ef24704e3d8915a5e1201bc132", "addresses": {"tempest-network-smoke--1904924568": [{"OS-EXT-IPS-MAC:mac_addr": "fa:16:3e:63:13:64", "version": 4, "addr": "10.100.0.3", "OS-EXT-IPS:type": "fixed"}, {"OS-EXT-IPS-MAC:mac_addr": "fa:16:3e:63:13:64", "version": 6, "addr": "2003::f816:3eff:fe63:1364", "OS-EXT-IPS:type": "fixed"}, {"OS-EXT-IPS-MAC:mac_addr": "fa:16:3e:63:13:64", "version": 4, "addr": "172.24.4.4", "OS-EXT-IPS:type": "floating"}]}, "links": [{"href": "http://10.4.1.3:8774/v2.1/71fb1a965afd471394f7b968bef58ed2/servers/9fb310ef-ed49-44d6-bafe-7219c29009bc", "rel": "self"}, {"href": "http://10.4.1.3:8774/71fb1a965afd471394f7b968bef58ed2/servers/9fb310ef-ed49-44d6-bafe-7219c29009bc", "rel": "bookmark"}], "key_name": "tempest-TestGettingAddress-818744123", "image": {"id": "1fa19407-d4a3-4f57-a88f-fdee7c78a9e4", "links": [{"href": "http://10.4.1.3:8774/71fb1a965afd471394f7b968bef58ed2/images/1fa19407-d4a3-4f57-a88f-fdee7c78a9e4", "rel": "bookmark"}]}, "OS-EXT-STS:task_state": "deleting", "OS-EXT-STS:vm_state": "active", "OS-SRV-USG:launched_at": "2016-02-22T19:36:27.000000", "flavor": {"id": "42", "links": [{"href": "http://10.4.1.3:8774/71fb1a965afd471394f7b968bef58ed2/flavors/42", "rel": "bookmark"}]}, "id": "9fb310ef-ed49-44d6-bafe-7219c29009bc", "security_groups": [{"name": "tempest-secgroup-smoke-2141781369"}], "OS-SRV-USG:terminated_at": null, "OS-EXT-AZ:availability_zone": "nova", "user_id": "0e795eaba1b24747a2e28778d03d9acb", "name": "tempest.common.compute-instance-853135478", "created": "2016-02-22T19:36:21Z", "tenant_id": "71fb1a965afd471394f7b968bef58ed2", "OS-DCF:diskConfig": "MANUAL", "os-extended-volumes:volumes_attached": [], "accessIPv4": "", "accessIPv6": "", "progress": 0, "OS-EXT-STS:power_state": 1, "config_drive": "True", "metadata": {}}}
2016-02-22 19:40:45,466 28465 INFO     [tempest_lib.common.rest_client] Request (TestGettingAddress:_run_cleanups): 404 GET http://10.4.1.3:8774/v2.1/71fb1a965afd471394f7b968bef58ed2/servers/9fb310ef-ed49-44d6-bafe-7219c29009bc 0.285s
2016-02-22 19:40:45,467 28465 DEBUG    [tempest_lib.common.rest_client] Request - Headers: {'Content-Type': 'application/json', 'Accept': 'application/json', 'X-Auth-Token': '&lt;omitted&gt;'}
        Body: None
    Response - Headers: {'status': '404', 'content-length': '111', 'x-compute-request-id': 'req-cb9e5f31-5423-4cf9-855c-803edd45075a', 'vary': 'X-OpenStack-Nova-API-Version', 'connection': 'close', 'x-openstack-nova-api-version': '2.1', 'date': 'Mon, 22 Feb 2016 19:40:45 GMT', 'content-type': 'application/json; charset=UTF-8'}
        Body: {"itemNotFound": {"message": "Instance 9fb310ef-ed49-44d6-bafe-7219c29009bc could not be found.", "code": 404}}
2016-02-22 19:40:46,189 28465 INFO     [tempest_lib.common.rest_client] Request (TestGettingAddress:_run_cleanups): 500 PUT http://10.4.1.3:9696/v2.0/routers/3655b2d6-5e11-4112-b139-9bd67242dfab/remove_router_interface 0.722s
2016-02-22 19:40:46,190 28465 DEBUG    [tempest_lib.common.rest_client] Request - Headers: {'Content-Type': 'application/json', 'Accept': 'application/json', 'X-Auth-Token': '&lt;omitted&gt;'}
        Body: {"subnet_id": "4e19e8a4-445c-415c-82bf-d86879761cf1"}
    Response - Headers: {'status': '500', 'content-length': '150', 'connection': 'close', 'date': 'Mon, 22 Feb 2016 19:40:46 GMT', 'content-type': 'application/json; charset=UTF-8', 'x-openstack-request-id': 'req-65d345c4-9787-4278-9e36-abc92c7cb85e'}
        Body: {"NeutronError": {"message": "Request Failed: internal server error while processing your request.", "type": "HTTPInternalServerError", "detail": ""}}
2016-02-22 19:40:46,678 28465 INFO     [tempest_lib.common.rest_client] Request (TestGettingAddress:_run_cleanups): 404 PUT http://10.4.1.3:9696/v2.0/routers/3655b2d6-5e11-4112-b139-9bd67242dfab/remove_router_interface 0.484s
2016-02-22 19:40:46,678 28465 DEBUG    [tempest_lib.common.rest_client] Request - Headers: {'Content-Type': 'application/json', 'Accept': 'application/json', 'X-Auth-Token': '&lt;omitted&gt;'}
        Body: {"subnet_id": "4e19e8a4-445c-415c-82bf-d86879761cf1"}
    Response - Headers: {'status': '404', 'content-length': '198', 'connection': 'close', 'date': 'Mon, 22 Feb 2016 19:40:46 GMT', 'content-type': 'application/json; charset=UTF-8', 'x-openstack-request-id': 'req-76faf661-2d4d-477b-a82c-dc3443c801b5'}
        Body: {"NeutronError": {"message": "Router 3655b2d6-5e11-4112-b139-9bd67242dfab has no interface on subnet 4e19e8a4-445c-415c-82bf-d86879761cf1", "type": "RouterInterfaceNotFoundForSubnet", "detail": ""}}
2016-02-22 19:40:47,308 28465 INFO     [tempest_lib.common.rest_client] Request (TestGettingAddress:_run_cleanups): 500 PUT http://10.4.1.3:9696/v2.0/routers/3655b2d6-5e11-4112-b139-9bd67242dfab/remove_router_interface 0.629s
2016-02-22 19:40:47,309 28465 DEBUG    [tempest_lib.common.rest_client] Request - Headers: {'Content-Type': 'application/json', 'Accept': 'application/json', 'X-Auth-Token': '&lt;omitted&gt;'}
        Body: {"subnet_id": "82c30c65-5a1c-4494-b256-ed8c9e746026"}
    Response - Headers: {'status': '500', 'content-length': '150', 'connection': 'close', 'date': 'Mon, 22 Feb 2016 19:40:47 GMT', 'content-type': 'application/json; charset=UTF-8', 'x-openstack-request-id': 'req-a6699477-53da-44ad-89cd-c3dbd37fcff8'}
        Body: {"NeutronError": {"message": "Request Failed: internal server error while processing your request.", "type": "HTTPInternalServerError", "detail": ""}}
2016-02-22 19:40:47,568 28465 INFO     [tempest_lib.common.rest_client] Request (TestGettingAddress:_run_cleanups): 200 GET http://10.4.1.3:9696/v2.0/routers/3655b2d6-5e11-4112-b139-9bd67242dfab 0.257s
2016-02-22 19:40:47,568 28465 DEBUG    [tempest_lib.common.rest_client] Request - Headers: {'Content-Type': 'application/json', 'Accept': 'application/json', 'X-Auth-Token': '&lt;omitted&gt;'}
        Body: None
    Response - Headers: {'status': '200', 'content-length': '501', 'content-location': 'http://10.4.1.3:9696/v2.0/routers/3655b2d6-5e11-4112-b139-9bd67242dfab', 'connection': 'close', 'date': 'Mon, 22 Feb 2016 19:40:47 GMT', 'content-type': 'application/json; charset=UTF-8', 'x-openstack-request-id': 'req-31adc66b-2b9b-404b-8850-6d57dfc0a18a'}
        Body: {"router": {"status": "ACTIVE", "external_gateway_info": {"network_id": "e903d64c-fe1b-4921-a57b-22e58ad30d84", "enable_snat": true, "external_fixed_ips": [{"subnet_id": "9caae6e2-3c01-4e2c-afc6-6bcb05f40fd8", "ip_address": "172.24.4.3"}, {"subnet_id": "d8fcad04-113f-4bf0-977a-e4863af12f76", "ip_address": "2001:db8::3"}]}, "name": "tempest-router-smoke-1398347853", "admin_state_up": true, "tenant_id": "71fb1a965afd471394f7b968bef58ed2", "routes": [], "id": "3655b2d6-5e11-4112-b139-9bd67242dfab"}}
2016-02-22 19:40:48,131 28465 INFO     [tempest_lib.common.rest_client] Request (TestGettingAddress:_run_cleanups): 200 PUT http://10.4.1.3:9696/v2.0/routers/3655b2d6-5e11-4112-b139-9bd67242dfab 0.561s
2016-02-22 19:40:48,132 28465 DEBUG    [tempest_lib.common.rest_client] Request - Headers: {'Content-Type': 'application/json', 'Accept': 'application/json', 'X-Auth-Token': '&lt;omitted&gt;'}
        Body: {"router": {"external_gateway_info": {}, "name": "tempest-router-smoke-1398347853", "admin_state_up": true}}
    Response - Headers: {'status': '200', 'content-length': '239', 'connection': 'close', 'date': 'Mon, 22 Feb 2016 19:40:48 GMT', 'content-type': 'application/json; charset=UTF-8', 'x-openstack-request-id': 'req-368431e5-84bb-4b87-b284-9f8a110a03e3'}
        Body: {"router": {"status": "ACTIVE", "external_gateway_info": null, "name": "tempest-router-smoke-1398347853", "admin_state_up": true, "tenant_id": "71fb1a965afd471394f7b968bef58ed2", "routes": [], "id": "3655b2d6-5e11-4112-b139-9bd67242dfab"}}
2016-02-22 19:40:48,531 28465 INFO     [tempest_lib.common.rest_client] Request (TestGettingAddress:_run_cleanups): 500 DELETE http://10.4.1.3:9696/v2.0/routers/3655b2d6-5e11-4112-b139-9bd67242dfab 0.397s
2016-02-22 19:40:48,532 28465 DEBUG    [tempest_lib.common.rest_client] Request - Headers: {'Content-Type': 'application/json', 'Accept': 'application/json', 'X-Auth-Token': '&lt;omitted&gt;'}
        Body: None
    Response - Headers: {'status': '500', 'content-length': '150', 'connection': 'close', 'date': 'Mon, 22 Feb 2016 19:40:48 GMT', 'content-type': 'application/json; charset=UTF-8', 'x-openstack-request-id': 'req-61201b7c-10b2-41c3-90cc-24ce60f61bf4'}
        Body: {"NeutronError": {"message": "Request Failed: internal server error while processing your request.", "type": "HTTPInternalServerError", "detail": ""}}
2016-02-22 19:40:48,793 28465 INFO     [tempest_lib.common.rest_client] Request (TestGettingAddress:_run_cleanups): 404 PUT http://10.4.1.3:9696/v2.0/routers/3655b2d6-5e11-4112-b139-9bd67242dfab/remove_router_interface 0.258s
