<?xml version="1.0" encoding="UTF-8"?>
<!DOCTYPE html PUBLIC "-//W3C//DTD XHTML 1.0 Strict//EN"
     "http://www.w3.org/TR/xhtml1/DTD/xhtml1-strict.dtd">
<html xmlns="http://www.w3.org/1999/xhtml">
<head>
    <title>Unit Test Report</title>
    <meta name="generator" content="subunit2html 0.1"/>
    <meta http-equiv="Content-Type" content="text/html; charset=UTF-8"/>
    
<style type="text/css" media="screen">
body        { font-family: verdana, arial, helvetica, sans-serif;
    font-size: 80%; }
table       { font-size: 100%; width: 100%;}
pre         { font-size: 80%; }

/* -- heading -------------------------------------------------------------- */
h1 {
        font-size: 16pt;
        color: gray;
}
.heading {
    margin-top: 0ex;
    margin-bottom: 1ex;
}

.heading .attribute {
    margin-top: 1ex;
    margin-bottom: 0;
}

.heading .description {
    margin-top: 4ex;
    margin-bottom: 6ex;
}

/* -- css div popup -------------------------------------------------------- */
a.popup_link {
}

a.popup_link:hover {
    color: red;
}

.popup_window {
    display: none;
    overflow-x: scroll;
    /*border: solid #627173 1px; */
    padding: 10px;
    background-color: #E6E6D6;
    font-family: "Ubuntu Mono", "Lucida Console", "Courier New", monospace;
    text-align: left;
    font-size: 8pt;
}

}
/* -- report --------------------------------------------------------------- */
#show_detail_line {
    margin-top: 3ex;
    margin-bottom: 1ex;
}
#result_table {
    width: 100%;
    border-collapse: collapse;
    border: 1px solid #777;
}
#header_row {
    font-weight: bold;
    color: white;
    background-color: #777;
}
#result_table td {
    border: 1px solid #777;
    padding: 2px;
}
#total_row  { font-weight: bold; }
.passClass  { background-color: #6c6; }
.failClass  { background-color: #c60; }
.errorClass { background-color: #c00; }
.passCase   { color: #6c6; }
.failCase   { color: #c60; font-weight: bold; }
.errorCase  { color: #c00; font-weight: bold; }
.hiddenRow  { display: none; }
.testcase   { margin-left: 2em; }
td.testname {width: 40%}
td.small {width: 40px}

/* -- ending --------------------------------------------------------------- */
#ending {
}

</style>

</head>
<body>
<script language="javascript" type="text/javascript"><!--
output_list = Array();

/* level - 0:Summary; 1:Failed; 2:All */
function showCase(level) {
    trs = document.getElementsByTagName("tr");
    for (var i = 0; i < trs.length; i++) {
        tr = trs[i];
        id = tr.id;
        if (id.substr(0,2) == 'ft') {
            if (level < 1) {
                tr.className = 'hiddenRow';
            }
            else {
                tr.className = '';
            }
        }
        if (id.substr(0,2) == 'pt') {
            if (level > 1) {
                tr.className = '';
            }
            else {
                tr.className = 'hiddenRow';
            }
        }
    }
}


function showClassDetail(cid, count) {
    var id_list = Array(count);
    var toHide = 1;
    for (var i = 0; i < count; i++) {
        tid0 = 't' + cid.substr(1) + '.' + (i+1);
        tid = 'f' + tid0;
        tr = document.getElementById(tid);
        if (!tr) {
            tid = 'p' + tid0;
            tr = document.getElementById(tid);
        }
        id_list[i] = tid;
        if (tr.className) {
            toHide = 0;
        }
    }
    for (var i = 0; i < count; i++) {
        tid = id_list[i];
        if (toHide) {
            document.getElementById('div_'+tid).style.display = 'none'
            document.getElementById(tid).className = 'hiddenRow';
        }
        else {
            document.getElementById(tid).className = '';
        }
    }
}


function showTestDetail(div_id){
    var details_div = document.getElementById(div_id)
    var displayState = details_div.style.display
    // alert(displayState)
    if (displayState != 'block' ) {
        displayState = 'block'
        details_div.style.display = 'block'
    }
    else {
        details_div.style.display = 'none'
    }
}


function html_escape(s) {
    s = s.replace(/&/g,'&amp;');
    s = s.replace(/</g,'&lt;');
    s = s.replace(/>/g,'&gt;');
    return s;
}

/* obsoleted by detail in <div>
function showOutput(id, name) {
    var w = window.open("", //url
                    name,
                    "resizable,scrollbars,status,width=800,height=450");
    d = w.document;
    d.write("<pre>");
    d.write(html_escape(output_list[id]));
    d.write("\n");
    d.write("<a href='javascript:window.close()'>close</a>\n");
    d.write("</pre>\n");
    d.close();
}
*/
--></script>

<div class='heading'>
<h1>Unit Test Report</h1>

<p class='attribute'><strong>Status:</strong> Failure 8</p>

<p class='description'></p>
</div>



<p id='show_detail_line'>Show
<a href='javascript:showCase(0)'>Summary</a>
<a href='javascript:showCase(1)'>Failed</a>
<a href='javascript:showCase(2)'>All</a>
</p>
<table id='result_table'>
<colgroup>
<col align='left' />
<col align='right' />
<col align='right' />
<col align='right' />
<col align='right' />
<col align='right' />
<col align='right' />
<col align='right' />
</colgroup>
<tr id='header_row'>
    <td>Test Group/Test case</td>
    <td>Count</td>
    <td>Pass</td>
    <td>Fail</td>
    <td>Error</td>
    <td>Skip</td>
    <td>View</td>
    <td> </td>
</tr>

<tr class='failClass'>
    <td class="testname">tempest.scenario.test_network_v6.TestGettingAddress</td>
    <td class="small">8</td>
    <td class="small">0</td>
    <td class="small">8</td>
    <td class="small">0</td>
    <td class="small">0</td>
    <td class="small"><a href="javascript:showClassDetail('c1',8)"
>Detail</a></td>
    <td> </td>
</tr>

<tr id='ft1.1' class='none'>
    <td class='failCase'><div class='testcase'>test_dhcp6_stateless_from_os[compute,id-d7e1f858-187c-45a6-89c9-bdafde619a9f,network,slow]</div></td>
    <td colspan='7' align='left'>

    <!--css div popup start-->
    <a class="popup_link" onfocus='this.blur();'
    href="javascript:showTestDetail('div_ft1.1')" >
        fail</a>

    <div id='div_ft1.1' class="popup_window">
        <div style='text-align: right; color:red;cursor:pointer'>
        <a onfocus='this.blur();'
onclick="document.getElementById('div_ft1.1').style.display = 'none' " >
           [x]</a>
        </div>
        <pre>
        
ft1.1: tempest.scenario.test_network_v6.TestGettingAddress.test_dhcp6_stateless_from_os[compute,id-d7e1f858-187c-45a6-89c9-bdafde619a9f,network,slow]_StringException: Empty attachments:
  stderr
  stdout

pythonlogging:'': {{{
2016-02-19 05:40:37,228 27482 INFO     [tempest_lib.common.rest_client] Request (TestGettingAddress:setUp): 200 POST http://10.4.1.3:8774/v2.1/4086eb49f7f949f5aed834fc9059c8c4/os-keypairs 0.699s
2016-02-19 05:40:37,229 27482 DEBUG    [tempest_lib.common.rest_client] Request - Headers: {'Content-Type': 'application/json', 'Accept': 'application/json', 'X-Auth-Token': '&lt;omitted&gt;'}
        Body: {"keypair": {"name": "tempest-TestGettingAddress-1028067041"}}
    Response - Headers: {'status': '200', 'content-length': '2320', 'x-compute-request-id': 'req-eba507e2-f867-47f1-a6a4-d2d759b43fed', 'vary': 'X-OpenStack-Nova-API-Version', 'connection': 'close', 'x-openstack-nova-api-version': '2.1', 'date': 'Fri, 19 Feb 2016 05:40:37 GMT', 'content-type': 'application/json'}
        Body: {"keypair": {"public_key": "ssh-rsa AAAAB3NzaC1yc2EAAAADAQABAAABAQCgHGRE+WisUimyCRn6BRSMOMli4/XbVRIZzWWnoM71kHcrq5D9g84NvEc2d9KzGJd5LZILrZ0uqMGdwqym1PFWGsL3bvg2IMzT8XCG2cC/Tb38doQKmhWii43SjFy2939jpcQvuxwj3abnkw3VOQM48GlwEbw7eCTWdTtEIcBbexqxifQ8BAjiaJ2RHx40vj0+mk+x4hhEThBNV5owefC57o6bjofKOPnw3WJeQ55yk+y9dOhIwE+jMBJw68wEDrTTd00E55mwBn8pacKh/0IbcS1xIqerZ2q6yZ85GESJN0SFzgztm9k/DNEai/9sef3pov6ppka1cPkAw50H7Gb3 Generated-by-Nova", "private_key": "-----BEGIN RSA PRIVATE KEY-----\nMIIEqAIBAAKCAQEAoBxkRPlorFIpsgkZ+gUUjDjJYuP121USGc1lp6DO9ZB3K6uQ\n/YPODbxHNnfSsxiXeS2SC62dLqjBncKsptTxVhrC9274NiDM0/FwhtnAv029/HaE\nCpoVoouN0oxctvd/Y6XEL7scI92m55MN1TkDOPBpcBG8O3gk1nU7RCHAW3sasYn0\nPAQI4midkR8eNL49PppPseIYRE4QTVeaMHnwue6Om46Hyjj58N1iXkOecpPsvXTo\nSMBPozAScOvMBA6003dNBOeZsAZ/KWnCof9CG3EtcSKnq2dqusmfORhEiTdEhc4M\n7ZvZPwzRGov/bHn96aL+qaZGtXD5AMOdB+xm9wIDAQABAoIBAQCW9s4wHr3sJLg9\nrsk4bUvXfr+bp3csLAUaIQllSYF6FpHWsjjOYFWLq+e1WrtmtJw13JrkufkHgoS0\nXFbwIr2+wxLrvEz6tGiMugywiWZsuj+VaKXNXUVi8pRxXnkY5znM2gKmQpUg2CBE\nHuqfDdeU+1FfIsnJhNmu//A2qGA3n9ZV9tJGk/n+ynvM+JkdHYFS1mANlqQek9RU\nceZJ0ukaz/8htOQD4Ibs7WzmBKsIdlZHjbLqLgoSAveXTeDnhYV3z4Qko5bsSFV6\nziIqnNG+JG4qrdVC3VanM/JS68IJpbTfUKU4QYgCFPPH4HPwDq02bvx53ZEeOYR+\nIac1B0VRAoIAgQC2olWNGbZC0t3uVSJSx/ssVW7eQuZaI8XL2RDQMtCFVwMw2And\nyvodyiodOsFyAVbOTE7ZcIlKEDwTsYH6dovFWcCMBQ9yGQbAr//Jbw6uPpKAAcgq\nN3lV+mfLDBl1hRigXc4IwrVlosp+17VqR7zfuX0BCydCQfCf6u+vip8cjwKCAIEA\n4G3SquWtE/Bxg5/pZbss8HRGoQfyjQZjC01g0upuBxWs3xOBIJAJUYMyUNx1zYQv\nycqSjbMYVaSY78UnRmeda7siSDnZhgskpDD9cWSPE/TGAFVOqqPsL4U7Y55sJ9RC\nHDuhhgv5iWQaSyYD7VBgi2S9wbF2Rqi+KSMgNoZ8ExkCggCAYFnuRn2NIV38BbPW\nYtPsWCxOTGYA/wcmX/AJpb1ZMy9/mHIxaliecb7pTvhjfBDmyfmKE78CPxenikA4\nsXl/LcO3CGfXCTvYyylPCedUWGrcgTnvbw5LLifoQEAG4nAwWNKEUyzd5Fvo9tg4\ndnSYWXOTVkybDqKZHtUkVHkOjlMCggCAQKvE6hQXBMjjnP9GnVcLgxqug5arsTGm\n9snMXdrJ6+a2Eu4m5oA6/y8kH6L3m0o9DxP9mTGDkKJGo8kXITWYakPZhCCPaw3o\n+BtZ3QQSKrj9GXl7mrZzx9nHnFQ5bFzA1Cvmxp7KwGmFHiSNOyRPPbvA5oDByWi0\nq1wA21VziXkCggCAKG2vlMADfBFMxIfaQSPj2v9kStqrB0vW5dpjY4nAM2tEFE5Z\n0QisD7hvg6h88NLXmGvDlZrpN5V52U7zo6DEAJZ48DG+Q1nj9r77LZ/j1/CIy7k8\nKolQ8rZEnZU9VlhX8Y0ByfUh8tPDLhhhNyxe2gHalHhCdyIbcThNOmjXHN0=\n-----END RSA PRIVATE KEY-----\n", "user_id": "837dff0bdf784c89afd901ef477ba518", "name": "tempest-TestGettingAddress-1028067041", "fingerprint": "01:09:76:d2:c2:51:5a:c2:a0:a9:19:44:a7:2a:40:27"}}
2016-02-19 05:40:37,658 27482 INFO     [tempest_lib.common.rest_client] Request (TestGettingAddress:setUp): 201 POST http://10.4.1.3:9696/v2.0/security-groups 0.423s
2016-02-19 05:40:37,659 27482 DEBUG    [tempest_lib.common.rest_client] Request - Headers: {'Content-Type': 'application/json', 'Accept': 'application/json', 'X-Auth-Token': '&lt;omitted&gt;'}
        Body: {"security_group": {"tenant_id": "4086eb49f7f949f5aed834fc9059c8c4", "description": "tempest-secgroup-smoke-877349324 description", "name": "tempest-secgroup-smoke-877349324"}}
    Response - Headers: {'status': '201', 'content-length': '886', 'connection': 'close', 'date': 'Fri, 19 Feb 2016 05:40:37 GMT', 'content-type': 'application/json; charset=UTF-8', 'x-openstack-request-id': 'req-e80d1788-6906-47f2-92b4-3edef9a1fa12'}
        Body: {"security_group": {"tenant_id": "4086eb49f7f949f5aed834fc9059c8c4", "description": "tempest-secgroup-smoke-877349324 description", "id": "5bea07b4-7b4f-4fa0-8cbc-4affe32f0312", "security_group_rules": [{"remote_group_id": null, "direction": "egress", "remote_ip_prefix": null, "protocol": null, "ethertype": "IPv4", "tenant_id": "4086eb49f7f949f5aed834fc9059c8c4", "port_range_max": null, "port_range_min": null, "id": "dc9b40e8-d9f1-4ddc-b620-2cd02c4155bf", "security_group_id": "5bea07b4-7b4f-4fa0-8cbc-4affe32f0312"}, {"remote_group_id": null, "direction": "egress", "remote_ip_prefix": null, "protocol": null, "ethertype": "IPv6", "tenant_id": "4086eb49f7f949f5aed834fc9059c8c4", "port_range_max": null, "port_range_min": null, "id": "da3b13b0-fc63-4f9b-90ac-26883b5f6587", "security_group_id": "5bea07b4-7b4f-4fa0-8cbc-4affe32f0312"}], "name": "tempest-secgroup-smoke-877349324"}}
2016-02-19 05:40:37,991 27482 INFO     [tempest_lib.common.rest_client] Request (TestGettingAddress:setUp): 201 POST http://10.4.1.3:9696/v2.0/security-group-rules 0.332s
2016-02-19 05:40:37,992 27482 DEBUG    [tempest_lib.common.rest_client] Request - Headers: {'Content-Type': 'application/json', 'Accept': 'application/json', 'X-Auth-Token': '&lt;omitted&gt;'}
        Body: {"security_group_rule": {"direction": "ingress", "protocol": "tcp", "tenant_id": "4086eb49f7f949f5aed834fc9059c8c4", "port_range_max": 22, "security_group_id": "5bea07b4-7b4f-4fa0-8cbc-4affe32f0312", "port_range_min": 22}}
    Response - Headers: {'status': '201', 'content-length': '340', 'connection': 'close', 'date': 'Fri, 19 Feb 2016 05:40:37 GMT', 'content-type': 'application/json; charset=UTF-8', 'x-openstack-request-id': 'req-68774cfe-e345-4810-bc4e-eddc0eb8ba77'}
        Body: {"security_group_rule": {"remote_group_id": null, "direction": "ingress", "remote_ip_prefix": null, "protocol": "tcp", "ethertype": "IPv4", "tenant_id": "4086eb49f7f949f5aed834fc9059c8c4", "port_range_max": 22, "port_range_min": 22, "id": "e7bb24f1-c9cb-4c23-b0d6-f1eb9dfe103d", "security_group_id": "5bea07b4-7b4f-4fa0-8cbc-4affe32f0312"}}
2016-02-19 05:40:38,332 27482 INFO     [tempest_lib.common.rest_client] Request (TestGettingAddress:setUp): 201 POST http://10.4.1.3:9696/v2.0/security-group-rules 0.338s
2016-02-19 05:40:38,332 27482 DEBUG    [tempest_lib.common.rest_client] Request - Headers: {'Content-Type': 'application/json', 'Accept': 'application/json', 'X-Auth-Token': '&lt;omitted&gt;'}
        Body: {"security_group_rule": {"direction": "egress", "protocol": "tcp", "tenant_id": "4086eb49f7f949f5aed834fc9059c8c4", "port_range_max": 22, "security_group_id": "5bea07b4-7b4f-4fa0-8cbc-4affe32f0312", "port_range_min": 22}}
    Response - Headers: {'status': '201', 'content-length': '339', 'connection': 'close', 'date': 'Fri, 19 Feb 2016 05:40:38 GMT', 'content-type': 'application/json; charset=UTF-8', 'x-openstack-request-id': 'req-92f5b9b2-eb20-4e49-9e33-48bc2d975223'}
        Body: {"security_group_rule": {"remote_group_id": null, "direction": "egress", "remote_ip_prefix": null, "protocol": "tcp", "ethertype": "IPv4", "tenant_id": "4086eb49f7f949f5aed834fc9059c8c4", "port_range_max": 22, "port_range_min": 22, "id": "254a633f-fe88-47b9-8830-c6efd1b9ee9d", "security_group_id": "5bea07b4-7b4f-4fa0-8cbc-4affe32f0312"}}
2016-02-19 05:40:38,648 27482 INFO     [tempest_lib.common.rest_client] Request (TestGettingAddress:setUp): 201 POST http://10.4.1.3:9696/v2.0/security-group-rules 0.315s
2016-02-19 05:40:38,649 27482 DEBUG    [tempest_lib.common.rest_client] Request - Headers: {'Content-Type': 'application/json', 'Accept': 'application/json', 'X-Auth-Token': '&lt;omitted&gt;'}
        Body: {"security_group_rule": {"tenant_id": "4086eb49f7f949f5aed834fc9059c8c4", "direction": "ingress", "protocol": "icmp", "security_group_id": "5bea07b4-7b4f-4fa0-8cbc-4affe32f0312"}}
    Response - Headers: {'status': '201', 'content-length': '345', 'connection': 'close', 'date': 'Fri, 19 Feb 2016 05:40:38 GMT', 'content-type': 'application/json; charset=UTF-8', 'x-openstack-request-id': 'req-d5468fc6-10bf-4944-8f1a-e6b43cb23d3f'}
        Body: {"security_group_rule": {"remote_group_id": null, "direction": "ingress", "remote_ip_prefix": null, "protocol": "icmp", "ethertype": "IPv4", "tenant_id": "4086eb49f7f949f5aed834fc9059c8c4", "port_range_max": null, "port_range_min": null, "id": "4ecf90d6-bf16-4509-9e47-ae373ee064c0", "security_group_id": "5bea07b4-7b4f-4fa0-8cbc-4affe32f0312"}}
2016-02-19 05:40:38,989 27482 INFO     [tempest_lib.common.rest_client] Request (TestGettingAddress:setUp): 201 POST http://10.4.1.3:9696/v2.0/security-group-rules 0.339s
2016-02-19 05:40:38,989 27482 DEBUG    [tempest_lib.common.rest_client] Request - Headers: {'Content-Type': 'application/json', 'Accept': 'application/json', 'X-Auth-Token': '&lt;omitted&gt;'}
        Body: {"security_group_rule": {"tenant_id": "4086eb49f7f949f5aed834fc9059c8c4", "direction": "egress", "protocol": "icmp", "security_group_id": "5bea07b4-7b4f-4fa0-8cbc-4affe32f0312"}}
    Response - Headers: {'status': '201', 'content-length': '344', 'connection': 'close', 'date': 'Fri, 19 Feb 2016 05:40:38 GMT', 'content-type': 'application/json; charset=UTF-8', 'x-openstack-request-id': 'req-943708e2-8293-460b-bb04-d7155cd52314'}
        Body: {"security_group_rule": {"remote_group_id": null, "direction": "egress", "remote_ip_prefix": null, "protocol": "icmp", "ethertype": "IPv4", "tenant_id": "4086eb49f7f949f5aed834fc9059c8c4", "port_range_max": null, "port_range_min": null, "id": "d3440a6d-8910-4166-b7a8-22340af51244", "security_group_id": "5bea07b4-7b4f-4fa0-8cbc-4affe32f0312"}}
2016-02-19 05:40:39,296 27482 INFO     [tempest_lib.common.rest_client] Request (TestGettingAddress:setUp): 201 POST http://10.4.1.3:9696/v2.0/security-group-rules 0.306s
2016-02-19 05:40:39,297 27482 DEBUG    [tempest_lib.common.rest_client] Request - Headers: {'Content-Type': 'application/json', 'Accept': 'application/json', 'X-Auth-Token': '&lt;omitted&gt;'}
        Body: {"security_group_rule": {"tenant_id": "4086eb49f7f949f5aed834fc9059c8c4", "direction": "ingress", "security_group_id": "5bea07b4-7b4f-4fa0-8cbc-4affe32f0312", "protocol": "icmp", "ethertype": "IPv6"}}
    Response - Headers: {'status': '201', 'content-length': '345', 'connection': 'close', 'date': 'Fri, 19 Feb 2016 05:40:39 GMT', 'content-type': 'application/json; charset=UTF-8', 'x-openstack-request-id': 'req-24b7579c-844e-45b9-9dc3-bc38aae834d1'}
        Body: {"security_group_rule": {"remote_group_id": null, "direction": "ingress", "remote_ip_prefix": null, "protocol": "icmp", "ethertype": "IPv6", "tenant_id": "4086eb49f7f949f5aed834fc9059c8c4", "port_range_max": null, "port_range_min": null, "id": "ab8994da-3bfb-49af-b990-ba4233f332df", "security_group_id": "5bea07b4-7b4f-4fa0-8cbc-4affe32f0312"}}
2016-02-19 05:40:39,584 27482 INFO     [tempest_lib.common.rest_client] Request (TestGettingAddress:setUp): 201 POST http://10.4.1.3:9696/v2.0/security-group-rules 0.286s
2016-02-19 05:40:39,585 27482 DEBUG    [tempest_lib.common.rest_client] Request - Headers: {'Content-Type': 'application/json', 'Accept': 'application/json', 'X-Auth-Token': '&lt;omitted&gt;'}
        Body: {"security_group_rule": {"tenant_id": "4086eb49f7f949f5aed834fc9059c8c4", "direction": "egress", "security_group_id": "5bea07b4-7b4f-4fa0-8cbc-4affe32f0312", "protocol": "icmp", "ethertype": "IPv6"}}
    Response - Headers: {'status': '201', 'content-length': '344', 'connection': 'close', 'date': 'Fri, 19 Feb 2016 05:40:39 GMT', 'content-type': 'application/json; charset=UTF-8', 'x-openstack-request-id': 'req-72502a56-bba6-4025-9acd-c04c36d1c678'}
        Body: {"security_group_rule": {"remote_group_id": null, "direction": "egress", "remote_ip_prefix": null, "protocol": "icmp", "ethertype": "IPv6", "tenant_id": "4086eb49f7f949f5aed834fc9059c8c4", "port_range_max": null, "port_range_min": null, "id": "d5ab6d4b-21dc-4ea8-8bf1-6fa5ffe4e75a", "security_group_id": "5bea07b4-7b4f-4fa0-8cbc-4affe32f0312"}}
2016-02-19 05:40:40,047 27482 INFO     [tempest_lib.common.rest_client] Request (TestGettingAddress:test_dhcp6_stateless_from_os): 201 POST http://10.4.1.3:9696/v2.0/networks 0.460s
2016-02-19 05:40:40,048 27482 DEBUG    [tempest_lib.common.rest_client] Request - Headers: {'Content-Type': 'application/json', 'Accept': 'application/json', 'X-Auth-Token': '&lt;omitted&gt;'}
        Body: {"network": {"tenant_id": "4086eb49f7f949f5aed834fc9059c8c4", "name": "tempest-network-smoke--682586954"}}
    Response - Headers: {'status': '201', 'content-length': '355', 'connection': 'close', 'date': 'Fri, 19 Feb 2016 05:40:40 GMT', 'content-type': 'application/json; charset=UTF-8', 'x-openstack-request-id': 'req-bc1affd6-d7f5-4ec1-83af-6da171804001'}
        Body: {"network": {"status": "ACTIVE", "subnets": [], "availability_zone_hints": [], "availability_zones": [], "name": "tempest-network-smoke--682586954", "admin_state_up": true, "tenant_id": "4086eb49f7f949f5aed834fc9059c8c4", "mtu": 1450, "router:external": false, "shared": false, "port_security_enabled": true, "id": "412751b9-58e6-43ec-9aa6-bad46ce10d12"}}
2016-02-19 05:40:40,307 27482 INFO     [tempest_lib.common.rest_client] Request (TestGettingAddress:test_dhcp6_stateless_from_os): 200 GET http://10.4.1.3:9696/v2.0/subnets?tenant_id=4086eb49f7f949f5aed834fc9059c8c4&amp;cidr=10.100.0.0%2F28 0.257s
2016-02-19 05:40:40,307 27482 DEBUG    [tempest_lib.common.rest_client] Request - Headers: {'Content-Type': 'application/json', 'Accept': 'application/json', 'X-Auth-Token': '&lt;omitted&gt;'}
        Body: None
    Response - Headers: {'status': '200', 'content-length': '15', 'content-location': 'http://10.4.1.3:9696/v2.0/subnets?tenant_id=4086eb49f7f949f5aed834fc9059c8c4&amp;cidr=10.100.0.0%2F28', 'connection': 'close', 'date': 'Fri, 19 Feb 2016 05:40:40 GMT', 'content-type': 'application/json; charset=UTF-8', 'x-openstack-request-id': 'req-48407847-a88d-43ea-88ce-f1ac45d27c99'}
        Body: {"subnets": []}
2016-02-19 05:40:40,833 27482 INFO     [tempest_lib.common.rest_client] Request (TestGettingAddress:test_dhcp6_stateless_from_os): 201 POST http://10.4.1.3:9696/v2.0/subnets 0.525s
2016-02-19 05:40:40,834 27482 DEBUG    [tempest_lib.common.rest_client] Request - Headers: {'Content-Type': 'application/json', 'Accept': 'application/json', 'X-Auth-Token': '&lt;omitted&gt;'}
        Body: {"subnet": {"ip_version": 4, "tenant_id": "4086eb49f7f949f5aed834fc9059c8c4", "cidr": "10.100.0.0/28", "network_id": "412751b9-58e6-43ec-9aa6-bad46ce10d12", "name": "tempest-sub4-2089791292"}}
    Response - Headers: {'status': '201', 'content-length': '470', 'connection': 'close', 'date': 'Fri, 19 Feb 2016 05:40:40 GMT', 'content-type': 'application/json; charset=UTF-8', 'x-openstack-request-id': 'req-cc62d2a1-7e3c-4246-9f96-77c89e32ef7b'}
        Body: {"subnet": {"name": "tempest-sub4-2089791292", "enable_dhcp": true, "network_id": "412751b9-58e6-43ec-9aa6-bad46ce10d12", "tenant_id": "4086eb49f7f949f5aed834fc9059c8c4", "dns_nameservers": [], "gateway_ip": "10.100.0.1", "ipv6_ra_mode": null, "allocation_pools": [{"start": "10.100.0.2", "end": "10.100.0.14"}], "host_routes": [], "ip_version": 4, "ipv6_address_mode": null, "cidr": "10.100.0.0/28", "id": "c454b1fc-99a5-4db6-aa97-486eb04a69cb", "subnetpool_id": null}}
2016-02-19 05:40:41,069 27482 INFO     [tempest_lib.common.rest_client] Request (TestGettingAddress:test_dhcp6_stateless_from_os): 201 POST http://10.4.1.3:9696/v2.0/routers 0.234s
2016-02-19 05:40:41,070 27482 DEBUG    [tempest_lib.common.rest_client] Request - Headers: {'Content-Type': 'application/json', 'Accept': 'application/json', 'X-Auth-Token': '&lt;omitted&gt;'}
        Body: {"router": {"tenant_id": "4086eb49f7f949f5aed834fc9059c8c4", "name": "tempest-router-smoke-1045563136", "admin_state_up": true}}
    Response - Headers: {'status': '201', 'content-length': '239', 'connection': 'close', 'date': 'Fri, 19 Feb 2016 05:40:41 GMT', 'content-type': 'application/json; charset=UTF-8', 'x-openstack-request-id': 'req-202e4ce2-2af8-4ddc-a426-06afaa28293b'}
        Body: {"router": {"status": "ACTIVE", "external_gateway_info": null, "name": "tempest-router-smoke-1045563136", "admin_state_up": true, "tenant_id": "4086eb49f7f949f5aed834fc9059c8c4", "routes": [], "id": "51fe6c23-b05f-45f8-a6f1-006ff3230477"}}
2016-02-19 05:40:41,295 27482 INFO     [tempest_lib.common.rest_client] Request (TestGettingAddress:test_dhcp6_stateless_from_os): 200 GET http://10.4.1.3:9696/v2.0/routers/51fe6c23-b05f-45f8-a6f1-006ff3230477 0.224s
2016-02-19 05:40:41,295 27482 DEBUG    [tempest_lib.common.rest_client] Request - Headers: {'Content-Type': 'application/json', 'Accept': 'application/json', 'X-Auth-Token': '&lt;omitted&gt;'}
        Body: None
    Response - Headers: {'status': '200', 'content-length': '239', 'content-location': 'http://10.4.1.3:9696/v2.0/routers/51fe6c23-b05f-45f8-a6f1-006ff3230477', 'connection': 'close', 'date': 'Fri, 19 Feb 2016 05:40:41 GMT', 'content-type': 'application/json; charset=UTF-8', 'x-openstack-request-id': 'req-125544fa-b0d7-412b-9462-16d59dfbbba0'}
        Body: {"router": {"status": "ACTIVE", "external_gateway_info": null, "name": "tempest-router-smoke-1045563136", "admin_state_up": true, "tenant_id": "4086eb49f7f949f5aed834fc9059c8c4", "routes": [], "id": "51fe6c23-b05f-45f8-a6f1-006ff3230477"}}
2016-02-19 05:40:42,131 27482 INFO     [tempest_lib.common.rest_client] Request (TestGettingAddress:test_dhcp6_stateless_from_os): 200 PUT http://10.4.1.3:9696/v2.0/routers/51fe6c23-b05f-45f8-a6f1-006ff3230477 0.836s
2016-02-19 05:40:42,132 27482 DEBUG    [tempest_lib.common.rest_client] Request - Headers: {'Content-Type': 'application/json', 'Accept': 'application/json', 'X-Auth-Token': '&lt;omitted&gt;'}
        Body: {"router": {"external_gateway_info": {"network_id": "e1652edc-b931-471a-815f-03e3579655b4"}, "name": "tempest-router-smoke-1045563136", "admin_state_up": true}}
    Response - Headers: {'status': '200', 'content-length': '501', 'connection': 'close', 'date': 'Fri, 19 Feb 2016 05:40:42 GMT', 'content-type': 'application/json; charset=UTF-8', 'x-openstack-request-id': 'req-41b452a8-b4a1-4e60-bfe6-ff22bab7f989'}
        Body: {"router": {"status": "ACTIVE", "external_gateway_info": {"network_id": "e1652edc-b931-471a-815f-03e3579655b4", "enable_snat": true, "external_fixed_ips": [{"subnet_id": "2ab227c9-4da9-4346-a9d4-a5dc1e6d8254", "ip_address": "172.24.4.3"}, {"subnet_id": "be7a6e92-3ca7-4a59-aa43-4435b7ec5a2d", "ip_address": "2001:db8::4"}]}, "name": "tempest-router-smoke-1045563136", "admin_state_up": true, "tenant_id": "4086eb49f7f949f5aed834fc9059c8c4", "routes": [], "id": "51fe6c23-b05f-45f8-a6f1-006ff3230477"}}
2016-02-19 05:40:43,015 27482 INFO     [tempest_lib.common.rest_client] Request (TestGettingAddress:test_dhcp6_stateless_from_os): 200 PUT http://10.4.1.3:9696/v2.0/routers/51fe6c23-b05f-45f8-a6f1-006ff3230477/add_router_interface 0.883s
2016-02-19 05:40:43,016 27482 DEBUG    [tempest_lib.common.rest_client] Request - Headers: {'Content-Type': 'application/json', 'Accept': 'application/json', 'X-Auth-Token': '&lt;omitted&gt;'}
        Body: {"subnet_id": "c454b1fc-99a5-4db6-aa97-486eb04a69cb"}
    Response - Headers: {'status': '200', 'content-length': '309', 'connection': 'close', 'date': 'Fri, 19 Feb 2016 05:40:43 GMT', 'content-type': 'application/json; charset=UTF-8', 'x-openstack-request-id': 'req-572bced9-606e-4aeb-b139-6caee88fbf82'}
        Body: {"network_id": "412751b9-58e6-43ec-9aa6-bad46ce10d12", "tenant_id": "4086eb49f7f949f5aed834fc9059c8c4", "subnet_id": "c454b1fc-99a5-4db6-aa97-486eb04a69cb", "subnet_ids": ["c454b1fc-99a5-4db6-aa97-486eb04a69cb"], "port_id": "1136e617-d982-460b-906d-2033972a0c42", "id": "51fe6c23-b05f-45f8-a6f1-006ff3230477"}
2016-02-19 05:40:43,274 27482 INFO     [tempest_lib.common.rest_client] Request (TestGettingAddress:test_dhcp6_stateless_from_os): 200 GET http://10.4.1.3:9696/v2.0/subnets?tenant_id=4086eb49f7f949f5aed834fc9059c8c4&amp;cidr=2003%3A%3A%2F64 0.257s
2016-02-19 05:40:43,275 27482 DEBUG    [tempest_lib.common.rest_client] Request - Headers: {'Content-Type': 'application/json', 'Accept': 'application/json', 'X-Auth-Token': '&lt;omitted&gt;'}
        Body: None
    Response - Headers: {'status': '200', 'content-length': '15', 'content-location': 'http://10.4.1.3:9696/v2.0/subnets?tenant_id=4086eb49f7f949f5aed834fc9059c8c4&amp;cidr=2003%3A%3A%2F64', 'connection': 'close', 'date': 'Fri, 19 Feb 2016 05:40:43 GMT', 'content-type': 'application/json; charset=UTF-8', 'x-openstack-request-id': 'req-5a00c84e-5cb6-46f2-87d2-e33727f59f08'}
        Body: {"subnets": []}
2016-02-19 05:40:44,492 27482 INFO     [tempest_lib.common.rest_client] Request (TestGettingAddress:test_dhcp6_stateless_from_os): 201 POST http://10.4.1.3:9696/v2.0/subnets 1.215s
2016-02-19 05:40:44,492 27482 DEBUG    [tempest_lib.common.rest_client] Request - Headers: {'Content-Type': 'application/json', 'Accept': 'application/json', 'X-Auth-Token': '&lt;omitted&gt;'}
        Body: {"subnet": {"name": "tempest-sub6-1742547010", "network_id": "412751b9-58e6-43ec-9aa6-bad46ce10d12", "tenant_id": "4086eb49f7f949f5aed834fc9059c8c4", "ipv6_ra_mode": "dhcpv6-stateless", "ip_version": 6, "ipv6_address_mode": "dhcpv6-stateless", "cidr": "2003::/64"}}
    Response - Headers: {'status': '201', 'content-length': '502', 'connection': 'close', 'date': 'Fri, 19 Feb 2016 05:40:44 GMT', 'content-type': 'application/json; charset=UTF-8', 'x-openstack-request-id': 'req-f9da86a6-2947-4e98-985d-ee288dd5a318'}
        Body: {"subnet": {"name": "tempest-sub6-1742547010", "enable_dhcp": true, "network_id": "412751b9-58e6-43ec-9aa6-bad46ce10d12", "tenant_id": "4086eb49f7f949f5aed834fc9059c8c4", "dns_nameservers": [], "gateway_ip": "2003::1", "ipv6_ra_mode": "dhcpv6-stateless", "allocation_pools": [{"start": "2003::2", "end": "2003::ffff:ffff:ffff:ffff"}], "host_routes": [], "ip_version": 6, "ipv6_address_mode": "dhcpv6-stateless", "cidr": "2003::/64", "id": "dfed2ee0-e35b-4c20-be02-f6079d1d88b0", "subnetpool_id": null}}
2016-02-19 05:40:45,412 27482 INFO     [tempest_lib.common.rest_client] Request (TestGettingAddress:test_dhcp6_stateless_from_os): 200 PUT http://10.4.1.3:9696/v2.0/routers/51fe6c23-b05f-45f8-a6f1-006ff3230477/add_router_interface 0.918s
2016-02-19 05:40:45,413 27482 DEBUG    [tempest_lib.common.rest_client] Request - Headers: {'Content-Type': 'application/json', 'Accept': 'application/json', 'X-Auth-Token': '&lt;omitted&gt;'}
        Body: {"subnet_id": "dfed2ee0-e35b-4c20-be02-f6079d1d88b0"}
    Response - Headers: {'status': '200', 'content-length': '309', 'connection': 'close', 'date': 'Fri, 19 Feb 2016 05:40:45 GMT', 'content-type': 'application/json; charset=UTF-8', 'x-openstack-request-id': 'req-5a9ed0c6-b8a9-42c4-a9ca-5ff7ed465268'}
        Body: {"network_id": "412751b9-58e6-43ec-9aa6-bad46ce10d12", "tenant_id": "4086eb49f7f949f5aed834fc9059c8c4", "subnet_id": "dfed2ee0-e35b-4c20-be02-f6079d1d88b0", "subnet_ids": ["dfed2ee0-e35b-4c20-be02-f6079d1d88b0"], "port_id": "8b2afdec-fa6a-436e-b851-d14bedc6b9ec", "id": "51fe6c23-b05f-45f8-a6f1-006ff3230477"}
2016-02-19 05:40:45,599 27482 INFO     [tempest_lib.common.rest_client] Request (TestGettingAddress:test_dhcp6_stateless_from_os): 200 POST http://10.4.1.3:5000/v2.0/tokens
2016-02-19 05:40:45,600 27482 DEBUG    [tempest_lib.common.rest_client] Request - Headers: {'Content-Type': 'application/json', 'Accept': 'application/json'}
        Body: &lt;omitted&gt;
    Response - Headers: {'status': '200', 'content-length': '2254', 'vary': 'X-Auth-Token', 'server': 'Apache/2.4.7 (Ubuntu)', 'connection': 'close', 'date': 'Fri, 19 Feb 2016 05:40:45 GMT', 'content-type': 'application/json', 'x-openstack-request-id': 'req-aa243087-f2d2-418d-82d3-e556d0faa833'}
        Body: {"access": {"token": {"issued_at": "2016-02-19T05:40:45.584230", "expires": "2016-02-19T06:40:45Z", "id": "9bacab3d7b4e414481907c211e601a03", "tenant": {"description": "tempest-TestGettingAddress-1244321103-desc", "enabled": true, "id": "4086eb49f7f949f5aed834fc9059c8c4", "name": "tempest-TestGettingAddress-1244321103"}, "audit_ids": ["OLF1umP_T4uQbDABqThZsw"]}, "serviceCatalog": [{"endpoints": [{"adminURL": "http://10.4.1.3:9292", "region": "RegionOne", "internalURL": "http://10.4.1.3:9292", "id": "06657cff55dc4268b8624a422f224d21", "publicURL": "http://10.4.1.3:9292"}], "endpoints_links": [], "type": "image", "name": "glance"}, {"endpoints": [{"adminURL": "http://10.4.1.3:8774/v2.1/4086eb49f7f949f5aed834fc9059c8c4", "region": "RegionOne", "internalURL": "http://10.4.1.3:8774/v2.1/4086eb49f7f949f5aed834fc9059c8c4", "id": "069b40d1b0ac4d0b8a3fcc41bd67687a", "publicURL": "http://10.4.1.3:8774/v2.1/4086eb49f7f949f5aed834fc9059c8c4"}], "endpoints_links": [], "type": "compute", "name": "nova"}, {"endpoints": [{"adminURL": "http://10.4.1.3:9696/", "region": "RegionOne", "internalURL": "http://10.4.1.3:9696/", "id": "0b748039cf0642829cc8d2d74f123be6", "publicURL": "http://10.4.1.3:9696/"}], "endpoints_links": [], "type": "network", "name": "neutron"}, {"endpoints": [{"adminURL": "http://10.4.1.3:35357/v2.0", "region": "RegionOne", "internalURL": "http://10.4.1.3:5000/v2.0", "id": "1ec746be064a48a88c171f3781324c09", "publicURL": "http://10.4.1.3:5000/v2.0"}], "endpoints_links": [], "type": "identity", "name": "keystone"}, {"endpoints": [{"adminURL": "http://10.4.1.3:8774/v2/4086eb49f7f949f5aed834fc9059c8c4", "region": "RegionOne", "internalURL": "http://10.4.1.3:8774/v2/4086eb49f7f949f5aed834fc9059c8c4", "id": "2902671eb2c34f629c77037397bde6b4", "publicURL": "http://10.4.1.3:8774/v2/4086eb49f7f949f5aed834fc9059c8c4"}], "endpoints_links": [], "type": "compute_legacy", "name": "nova_legacy"}], "user": {"username": "tempest-TestGettingAddress-256521842", "roles_links": [], "id": "837dff0bdf784c89afd901ef477ba518", "roles": [{"name": "_member_"}, {"name": "Member"}], "name": "tempest-TestGettingAddress-256521842"}, "metadata": {"is_admin": 0, "roles": ["9fe2ff9ee4384b1894a90878d3e92bab", "e3e7c22a18214791926e7b54d08de9e5"]}}}
2016-02-19 05:40:45,606 27482 DEBUG    [tempest.common.fixed_network] (TestGettingAddress:test_dhcp6_stateless_from_os) No valid network provided or created, defaulting to fixed_network_name
2016-02-19 05:40:46,095 27482 INFO     [tempest_lib.common.rest_client] Request (TestGettingAddress:test_dhcp6_stateless_from_os): 200 GET http://10.4.1.3:8774/v2.1/4086eb49f7f949f5aed834fc9059c8c4/os-networks 0.488s
2016-02-19 05:40:46,095 27482 DEBUG    [tempest_lib.common.rest_client] Request - Headers: {'Content-Type': 'application/json', 'Accept': 'application/json', 'X-Auth-Token': '&lt;omitted&gt;'}
        Body: None
    Response - Headers: {'status': '200', 'content-length': '478', 'content-location': 'http://10.4.1.3:8774/v2.1/4086eb49f7f949f5aed834fc9059c8c4/os-networks', 'x-compute-request-id': 'req-77c39cc1-28e0-4113-833d-97b32937546e', 'vary': 'X-OpenStack-Nova-API-Version', 'connection': 'close', 'x-openstack-nova-api-version': '2.1', 'date': 'Fri, 19 Feb 2016 05:40:46 GMT', 'content-type': 'application/json'}
        Body: {"networks": [{"cidr_v6": null, "dns2": null, "dns1": null, "gateway": null, "broadcast": null, "netmask": null, "gateway_v6": null, "cidr": null, "label": "public", "id": "e1652edc-b931-471a-815f-03e3579655b4", "netmask_v6": null}, {"cidr_v6": null, "dns2": null, "dns1": null, "gateway": null, "broadcast": null, "netmask": null, "gateway_v6": null, "cidr": null, "label": "tempest-network-smoke--682586954", "id": "412751b9-58e6-43ec-9aa6-bad46ce10d12", "netmask_v6": null}]}
2016-02-19 05:40:46,096 27482 WARNING  [tempest.common.fixed_network] (TestGettingAddress:test_dhcp6_stateless_from_os) Network with name: private not found
2016-02-19 05:40:46,096 27482 INFO     [tempest.common.fixed_network] (TestGettingAddress:test_dhcp6_stateless_from_os) Found network {} available for tenant
2016-02-19 05:40:49,727 27482 INFO     [tempest_lib.common.rest_client] Request (TestGettingAddress:test_dhcp6_stateless_from_os): 202 POST http://10.4.1.3:8774/v2.1/4086eb49f7f949f5aed834fc9059c8c4/servers 3.628s
2016-02-19 05:40:49,728 27482 DEBUG    [tempest_lib.common.rest_client] Request - Headers: {'Content-Type': 'application/json', 'Accept': 'application/json', 'X-Auth-Token': '&lt;omitted&gt;'}
        Body: {"server": {"name": "tempest.common.compute-instance-448376579", "imageRef": "8ad70d76-e8bb-4a23-b8ef-3504a288b748", "key_name": "tempest-TestGettingAddress-1028067041", "flavorRef": "42", "networks": [{"uuid": "412751b9-58e6-43ec-9aa6-bad46ce10d12"}], "security_groups": [{"name": "tempest-secgroup-smoke-877349324"}]}}
    Response - Headers: {'status': '202', 'content-length': '459', 'x-compute-request-id': 'req-4a2a0875-b0a8-44b6-bbbe-16a0504f332f', 'vary': 'X-OpenStack-Nova-API-Version', 'connection': 'close', 'location': 'http://10.4.1.3:8774/v2.1/4086eb49f7f949f5aed834fc9059c8c4/servers/8bf00265-f059-4b38-9795-d26c796dd6ad', 'x-openstack-nova-api-version': '2.1', 'date': 'Fri, 19 Feb 2016 05:40:49 GMT', 'content-type': 'application/json'}
        Body: {"server": {"security_groups": [{"name": "tempest-secgroup-smoke-877349324"}], "OS-DCF:diskConfig": "MANUAL", "id": "8bf00265-f059-4b38-9795-d26c796dd6ad", "links": [{"href": "http://10.4.1.3:8774/v2.1/4086eb49f7f949f5aed834fc9059c8c4/servers/8bf00265-f059-4b38-9795-d26c796dd6ad", "rel": "self"}, {"href": "http://10.4.1.3:8774/4086eb49f7f949f5aed834fc9059c8c4/servers/8bf00265-f059-4b38-9795-d26c796dd6ad", "rel": "bookmark"}], "adminPass": "R3vBDLgRLGZq"}}
2016-02-19 05:40:50,225 27482 INFO     [tempest_lib.common.rest_client] Request (TestGettingAddress:test_dhcp6_stateless_from_os): 200 GET http://10.4.1.3:8774/v2.1/4086eb49f7f949f5aed834fc9059c8c4/servers/8bf00265-f059-4b38-9795-d26c796dd6ad 0.493s
2016-02-19 05:40:50,226 27482 DEBUG    [tempest_lib.common.rest_client] Request - Headers: {'Content-Type': 'application/json', 'Accept': 'application/json', 'X-Auth-Token': '&lt;omitted&gt;'}
        Body: None
    Response - Headers: {'status': '200', 'content-length': '1350', 'content-location': 'http://10.4.1.3:8774/v2.1/4086eb49f7f949f5aed834fc9059c8c4/servers/8bf00265-f059-4b38-9795-d26c796dd6ad', 'x-compute-request-id': 'req-55dd5df5-b0d2-47a9-93d7-e4b69fdb9f2c', 'vary': 'X-OpenStack-Nova-API-Version', 'connection': 'close', 'x-openstack-nova-api-version': '2.1', 'date': 'Fri, 19 Feb 2016 05:40:50 GMT', 'content-type': 'application/json'}
        Body: {"server": {"status": "BUILD", "updated": "2016-02-19T05:40:50Z", "hostId": "", "addresses": {}, "links": [{"href": "http://10.4.1.3:8774/v2.1/4086eb49f7f949f5aed834fc9059c8c4/servers/8bf00265-f059-4b38-9795-d26c796dd6ad", "rel": "self"}, {"href": "http://10.4.1.3:8774/4086eb49f7f949f5aed834fc9059c8c4/servers/8bf00265-f059-4b38-9795-d26c796dd6ad", "rel": "bookmark"}], "key_name": "tempest-TestGettingAddress-1028067041", "image": {"id": "8ad70d76-e8bb-4a23-b8ef-3504a288b748", "links": [{"href": "http://10.4.1.3:8774/4086eb49f7f949f5aed834fc9059c8c4/images/8ad70d76-e8bb-4a23-b8ef-3504a288b748", "rel": "bookmark"}]}, "OS-EXT-STS:task_state": "scheduling", "OS-EXT-STS:vm_state": "building", "OS-SRV-USG:launched_at": null, "flavor": {"id": "42", "links": [{"href": "http://10.4.1.3:8774/4086eb49f7f949f5aed834fc9059c8c4/flavors/42", "rel": "bookmark"}]}, "id": "8bf00265-f059-4b38-9795-d26c796dd6ad", "OS-SRV-USG:terminated_at": null, "OS-EXT-AZ:availability_zone": "", "user_id": "837dff0bdf784c89afd901ef477ba518", "name": "tempest.common.compute-instance-448376579", "created": "2016-02-19T05:40:49Z", "tenant_id": "4086eb49f7f949f5aed834fc9059c8c4", "OS-DCF:diskConfig": "MANUAL", "os-extended-volumes:volumes_attached": [], "accessIPv4": "", "accessIPv6": "", "progress": 0, "OS-EXT-STS:power_state": 0, "config_drive": "", "metadata": {}}}
2016-02-19 05:40:51,797 27482 INFO     [tempest_lib.common.rest_client] Request (TestGettingAddress:test_dhcp6_stateless_from_os): 200 GET http://10.4.1.3:8774/v2.1/4086eb49f7f949f5aed834fc9059c8c4/servers/8bf00265-f059-4b38-9795-d26c796dd6ad 0.560s
2016-02-19 05:40:51,798 27482 DEBUG    [tempest_lib.common.rest_client] Request - Headers: {'Content-Type': 'application/json', 'Accept': 'application/json', 'X-Auth-Token': '&lt;omitted&gt;'}
        Body: None
    Response - Headers: {'status': '200', 'content-length': '1408', 'content-location': 'http://10.4.1.3:8774/v2.1/4086eb49f7f949f5aed834fc9059c8c4/servers/8bf00265-f059-4b38-9795-d26c796dd6ad', 'x-compute-request-id': 'req-ccc9d13d-2122-4ca9-a2d3-f8f63b2a8fa2', 'vary': 'X-OpenStack-Nova-API-Version', 'connection': 'close', 'x-openstack-nova-api-version': '2.1', 'date': 'Fri, 19 Feb 2016 05:40:51 GMT', 'content-type': 'application/json'}
        Body: {"server": {"status": "BUILD", "updated": "2016-02-19T05:40:51Z", "hostId": "2a6a6ea1c2dfab298a60c5066e51602057daffcfb770fc52f388d761", "addresses": {}, "links": [{"href": "http://10.4.1.3:8774/v2.1/4086eb49f7f949f5aed834fc9059c8c4/servers/8bf00265-f059-4b38-9795-d26c796dd6ad", "rel": "self"}, {"href": "http://10.4.1.3:8774/4086eb49f7f949f5aed834fc9059c8c4/servers/8bf00265-f059-4b38-9795-d26c796dd6ad", "rel": "bookmark"}], "key_name": "tempest-TestGettingAddress-1028067041", "image": {"id": "8ad70d76-e8bb-4a23-b8ef-3504a288b748", "links": [{"href": "http://10.4.1.3:8774/4086eb49f7f949f5aed834fc9059c8c4/images/8ad70d76-e8bb-4a23-b8ef-3504a288b748", "rel": "bookmark"}]}, "OS-EXT-STS:task_state": "spawning", "OS-EXT-STS:vm_state": "building", "OS-SRV-USG:launched_at": null, "flavor": {"id": "42", "links": [{"href": "http://10.4.1.3:8774/4086eb49f7f949f5aed834fc9059c8c4/flavors/42", "rel": "bookmark"}]}, "id": "8bf00265-f059-4b38-9795-d26c796dd6ad", "OS-SRV-USG:terminated_at": null, "OS-EXT-AZ:availability_zone": "nova", "user_id": "837dff0bdf784c89afd901ef477ba518", "name": "tempest.common.compute-instance-448376579", "created": "2016-02-19T05:40:49Z", "tenant_id": "4086eb49f7f949f5aed834fc9059c8c4", "OS-DCF:diskConfig": "MANUAL", "os-extended-volumes:volumes_attached": [], "accessIPv4": "", "accessIPv6": "", "progress": 0, "OS-EXT-STS:power_state": 0, "config_drive": "", "metadata": {}}}
2016-02-19 05:40:51,814 27482 INFO     [tempest.common.waiters] State transition "BUILD/scheduling" ==&gt; "BUILD/spawning" after 1 second wait
2016-02-19 05:40:53,596 27482 INFO     [tempest_lib.common.rest_client] Request (TestGettingAddress:test_dhcp6_stateless_from_os): 200 GET http://10.4.1.3:8774/v2.1/4086eb49f7f949f5aed834fc9059c8c4/servers/8bf00265-f059-4b38-9795-d26c796dd6ad 0.780s
2016-02-19 05:40:53,597 27482 DEBUG    [tempest_lib.common.rest_client] Request - Headers: {'Content-Type': 'application/json', 'Accept': 'application/json', 'X-Auth-Token': '&lt;omitted&gt;'}
        Body: None
    Response - Headers: {'status': '200', 'content-length': '1475', 'content-location': 'http://10.4.1.3:8774/v2.1/4086eb49f7f949f5aed834fc9059c8c4/servers/8bf00265-f059-4b38-9795-d26c796dd6ad', 'x-compute-request-id': 'req-9b2c076d-64b2-4d76-8db1-d4d2a5098241', 'vary': 'X-OpenStack-Nova-API-Version', 'connection': 'close', 'x-openstack-nova-api-version': '2.1', 'date': 'Fri, 19 Feb 2016 05:40:53 GMT', 'content-type': 'application/json'}
        Body: {"server": {"status": "BUILD", "updated": "2016-02-19T05:40:51Z", "hostId": "2a6a6ea1c2dfab298a60c5066e51602057daffcfb770fc52f388d761", "addresses": {}, "links": [{"href": "http://10.4.1.3:8774/v2.1/4086eb49f7f949f5aed834fc9059c8c4/servers/8bf00265-f059-4b38-9795-d26c796dd6ad", "rel": "self"}, {"href": "http://10.4.1.3:8774/4086eb49f7f949f5aed834fc9059c8c4/servers/8bf00265-f059-4b38-9795-d26c796dd6ad", "rel": "bookmark"}], "key_name": "tempest-TestGettingAddress-1028067041", "image": {"id": "8ad70d76-e8bb-4a23-b8ef-3504a288b748", "links": [{"href": "http://10.4.1.3:8774/4086eb49f7f949f5aed834fc9059c8c4/images/8ad70d76-e8bb-4a23-b8ef-3504a288b748", "rel": "bookmark"}]}, "OS-EXT-STS:task_state": "spawning", "OS-EXT-STS:vm_state": "building", "OS-SRV-USG:launched_at": null, "flavor": {"id": "42", "links": [{"href": "http://10.4.1.3:8774/4086eb49f7f949f5aed834fc9059c8c4/flavors/42", "rel": "bookmark"}]}, "id": "8bf00265-f059-4b38-9795-d26c796dd6ad", "security_groups": [{"name": "tempest-secgroup-smoke-877349324"}], "OS-SRV-USG:terminated_at": null, "OS-EXT-AZ:availability_zone": "nova", "user_id": "837dff0bdf784c89afd901ef477ba518", "name": "tempest.common.compute-instance-448376579", "created": "2016-02-19T05:40:49Z", "tenant_id": "4086eb49f7f949f5aed834fc9059c8c4", "OS-DCF:diskConfig": "MANUAL", "os-extended-volumes:volumes_attached": [], "accessIPv4": "", "accessIPv6": "", "progress": 0, "OS-EXT-STS:power_state": 0, "config_drive": "", "metadata": {}}}
2016-02-19 05:40:55,282 27482 INFO     [tempest_lib.common.rest_client] Request (TestGettingAddress:test_dhcp6_stateless_from_os): 200 GET http://10.4.1.3:8774/v2.1/4086eb49f7f949f5aed834fc9059c8c4/servers/8bf00265-f059-4b38-9795-d26c796dd6ad 0.674s
2016-02-19 05:40:55,282 27482 DEBUG    [tempest_lib.common.rest_client] Request - Headers: {'Content-Type': 'application/json', 'Accept': 'application/json', 'X-Auth-Token': '&lt;omitted&gt;'}
        Body: None
    Response - Headers: {'status': '200', 'content-length': '1475', 'content-location': 'http://10.4.1.3:8774/v2.1/4086eb49f7f949f5aed834fc9059c8c4/servers/8bf00265-f059-4b38-9795-d26c796dd6ad', 'x-compute-request-id': 'req-2fd425f4-a866-4523-94b8-f18211f35664', 'vary': 'X-OpenStack-Nova-API-Version', 'connection': 'close', 'x-openstack-nova-api-version': '2.1', 'date': 'Fri, 19 Feb 2016 05:40:55 GMT', 'content-type': 'application/json'}
        Body: {"server": {"status": "BUILD", "updated": "2016-02-19T05:40:51Z", "hostId": "2a6a6ea1c2dfab298a60c5066e51602057daffcfb770fc52f388d761", "addresses": {}, "links": [{"href": "http://10.4.1.3:8774/v2.1/4086eb49f7f949f5aed834fc9059c8c4/servers/8bf00265-f059-4b38-9795-d26c796dd6ad", "rel": "self"}, {"href": "http://10.4.1.3:8774/4086eb49f7f949f5aed834fc9059c8c4/servers/8bf00265-f059-4b38-9795-d26c796dd6ad", "rel": "bookmark"}], "key_name": "tempest-TestGettingAddress-1028067041", "image": {"id": "8ad70d76-e8bb-4a23-b8ef-3504a288b748", "links": [{"href": "http://10.4.1.3:8774/4086eb49f7f949f5aed834fc9059c8c4/images/8ad70d76-e8bb-4a23-b8ef-3504a288b748", "rel": "bookmark"}]}, "OS-EXT-STS:task_state": "spawning", "OS-EXT-STS:vm_state": "building", "OS-SRV-USG:launched_at": null, "flavor": {"id": "42", "links": [{"href": "http://10.4.1.3:8774/4086eb49f7f949f5aed834fc9059c8c4/flavors/42", "rel": "bookmark"}]}, "id": "8bf00265-f059-4b38-9795-d26c796dd6ad", "security_groups": [{"name": "tempest-secgroup-smoke-877349324"}], "OS-SRV-USG:terminated_at": null, "OS-EXT-AZ:availability_zone": "nova", "user_id": "837dff0bdf784c89afd901ef477ba518", "name": "tempest.common.compute-instance-448376579", "created": "2016-02-19T05:40:49Z", "tenant_id": "4086eb49f7f949f5aed834fc9059c8c4", "OS-DCF:diskConfig": "MANUAL", "os-extended-volumes:volumes_attached": [], "accessIPv4": "", "accessIPv6": "", "progress": 0, "OS-EXT-STS:power_state": 0, "config_drive": "", "metadata": {}}}
2016-02-19 05:40:57,067 27482 INFO     [tempest_lib.common.rest_client] Request (TestGettingAddress:test_dhcp6_stateless_from_os): 200 GET http://10.4.1.3:8774/v2.1/4086eb49f7f949f5aed834fc9059c8c4/servers/8bf00265-f059-4b38-9795-d26c796dd6ad 0.768s
2016-02-19 05:40:57,068 27482 DEBUG    [tempest_lib.common.rest_client] Request - Headers: {'Content-Type': 'application/json', 'Accept': 'application/json', 'X-Auth-Token': '&lt;omitted&gt;'}
        Body: None
    Response - Headers: {'status': '200', 'content-length': '1775', 'content-location': 'http://10.4.1.3:8774/v2.1/4086eb49f7f949f5aed834fc9059c8c4/servers/8bf00265-f059-4b38-9795-d26c796dd6ad', 'x-compute-request-id': 'req-b861adc2-d42d-4759-bab5-85a2f3634a8b', 'vary': 'X-OpenStack-Nova-API-Version', 'connection': 'close', 'x-openstack-nova-api-version': '2.1', 'date': 'Fri, 19 Feb 2016 05:40:57 GMT', 'content-type': 'application/json'}
        Body: {"server": {"status": "ACTIVE", "updated": "2016-02-19T05:40:55Z", "hostId": "2a6a6ea1c2dfab298a60c5066e51602057daffcfb770fc52f388d761", "addresses": {"tempest-network-smoke--682586954": [{"OS-EXT-IPS-MAC:mac_addr": "fa:16:3e:95:9f:41", "version": 4, "addr": "10.100.0.3", "OS-EXT-IPS:type": "fixed"}, {"OS-EXT-IPS-MAC:mac_addr": "fa:16:3e:95:9f:41", "version": 6, "addr": "2003::f816:3eff:fe95:9f41", "OS-EXT-IPS:type": "fixed"}]}, "links": [{"href": "http://10.4.1.3:8774/v2.1/4086eb49f7f949f5aed834fc9059c8c4/servers/8bf00265-f059-4b38-9795-d26c796dd6ad", "rel": "self"}, {"href": "http://10.4.1.3:8774/4086eb49f7f949f5aed834fc9059c8c4/servers/8bf00265-f059-4b38-9795-d26c796dd6ad", "rel": "bookmark"}], "key_name": "tempest-TestGettingAddress-1028067041", "image": {"id": "8ad70d76-e8bb-4a23-b8ef-3504a288b748", "links": [{"href": "http://10.4.1.3:8774/4086eb49f7f949f5aed834fc9059c8c4/images/8ad70d76-e8bb-4a23-b8ef-3504a288b748", "rel": "bookmark"}]}, "OS-EXT-STS:task_state": null, "OS-EXT-STS:vm_state": "active", "OS-SRV-USG:launched_at": "2016-02-19T05:40:55.000000", "flavor": {"id": "42", "links": [{"href": "http://10.4.1.3:8774/4086eb49f7f949f5aed834fc9059c8c4/flavors/42", "rel": "bookmark"}]}, "id": "8bf00265-f059-4b38-9795-d26c796dd6ad", "security_groups": [{"name": "tempest-secgroup-smoke-877349324"}], "OS-SRV-USG:terminated_at": null, "OS-EXT-AZ:availability_zone": "nova", "user_id": "837dff0bdf784c89afd901ef477ba518", "name": "tempest.common.compute-instance-448376579", "created": "2016-02-19T05:40:49Z", "tenant_id": "4086eb49f7f949f5aed834fc9059c8c4", "OS-DCF:diskConfig": "MANUAL", "os-extended-volumes:volumes_attached": [], "accessIPv4": "", "accessIPv6": "", "progress": 0, "OS-EXT-STS:power_state": 1, "config_drive": "True", "metadata": {}}}
2016-02-19 05:40:57,078 27482 INFO     [tempest.common.waiters] State transition "BUILD/spawning" ==&gt; "ACTIVE/None" after 7 second wait
2016-02-19 05:40:57,857 27482 INFO     [tempest_lib.common.rest_client] Request (TestGettingAddress:test_dhcp6_stateless_from_os): 200 GET http://10.4.1.3:8774/v2.1/4086eb49f7f949f5aed834fc9059c8c4/servers/8bf00265-f059-4b38-9795-d26c796dd6ad 0.779s
2016-02-19 05:40:57,857 27482 DEBUG    [tempest_lib.common.rest_client] Request - Headers: {'Content-Type': 'application/json', 'Accept': 'application/json', 'X-Auth-Token': '&lt;omitted&gt;'}
        Body: None
    Response - Headers: {'status': '200', 'content-length': '1775', 'content-location': 'http://10.4.1.3:8774/v2.1/4086eb49f7f949f5aed834fc9059c8c4/servers/8bf00265-f059-4b38-9795-d26c796dd6ad', 'x-compute-request-id': 'req-f16cd1c8-e447-47a8-bab5-b2a518fef382', 'vary': 'X-OpenStack-Nova-API-Version', 'connection': 'close', 'x-openstack-nova-api-version': '2.1', 'date': 'Fri, 19 Feb 2016 05:40:57 GMT', 'content-type': 'application/json'}
        Body: {"server": {"status": "ACTIVE", "updated": "2016-02-19T05:40:55Z", "hostId": "2a6a6ea1c2dfab298a60c5066e51602057daffcfb770fc52f388d761", "addresses": {"tempest-network-smoke--682586954": [{"OS-EXT-IPS-MAC:mac_addr": "fa:16:3e:95:9f:41", "version": 4, "addr": "10.100.0.3", "OS-EXT-IPS:type": "fixed"}, {"OS-EXT-IPS-MAC:mac_addr": "fa:16:3e:95:9f:41", "version": 6, "addr": "2003::f816:3eff:fe95:9f41", "OS-EXT-IPS:type": "fixed"}]}, "links": [{"href": "http://10.4.1.3:8774/v2.1/4086eb49f7f949f5aed834fc9059c8c4/servers/8bf00265-f059-4b38-9795-d26c796dd6ad", "rel": "self"}, {"href": "http://10.4.1.3:8774/4086eb49f7f949f5aed834fc9059c8c4/servers/8bf00265-f059-4b38-9795-d26c796dd6ad", "rel": "bookmark"}], "key_name": "tempest-TestGettingAddress-1028067041", "image": {"id": "8ad70d76-e8bb-4a23-b8ef-3504a288b748", "links": [{"href": "http://10.4.1.3:8774/4086eb49f7f949f5aed834fc9059c8c4/images/8ad70d76-e8bb-4a23-b8ef-3504a288b748", "rel": "bookmark"}]}, "OS-EXT-STS:task_state": null, "OS-EXT-STS:vm_state": "active", "OS-SRV-USG:launched_at": "2016-02-19T05:40:55.000000", "flavor": {"id": "42", "links": [{"href": "http://10.4.1.3:8774/4086eb49f7f949f5aed834fc9059c8c4/flavors/42", "rel": "bookmark"}]}, "id": "8bf00265-f059-4b38-9795-d26c796dd6ad", "security_groups": [{"name": "tempest-secgroup-smoke-877349324"}], "OS-SRV-USG:terminated_at": null, "OS-EXT-AZ:availability_zone": "nova", "user_id": "837dff0bdf784c89afd901ef477ba518", "name": "tempest.common.compute-instance-448376579", "created": "2016-02-19T05:40:49Z", "tenant_id": "4086eb49f7f949f5aed834fc9059c8c4", "OS-DCF:diskConfig": "MANUAL", "os-extended-volumes:volumes_attached": [], "accessIPv4": "", "accessIPv6": "", "progress": 0, "OS-EXT-STS:power_state": 1, "config_drive": "True", "metadata": {}}}
2016-02-19 05:40:58,091 27482 INFO     [tempest_lib.common.rest_client] Request (TestGettingAddress:test_dhcp6_stateless_from_os): 200 GET http://10.4.1.3:9696/v2.0/ports?fixed_ip=None&amp;device_id=8bf00265-f059-4b38-9795-d26c796dd6ad 0.224s
2016-02-19 05:40:58,092 27482 DEBUG    [tempest_lib.common.rest_client] Request - Headers: {'Content-Type': 'application/json', 'Accept': 'application/json', 'X-Auth-Token': '&lt;omitted&gt;'}
        Body: None
    Response - Headers: {'status': '200', 'content-length': '853', 'content-location': 'http://10.4.1.3:9696/v2.0/ports?fixed_ip=None&amp;device_id=8bf00265-f059-4b38-9795-d26c796dd6ad', 'connection': 'close', 'date': 'Fri, 19 Feb 2016 05:40:58 GMT', 'content-type': 'application/json; charset=UTF-8', 'x-openstack-request-id': 'req-d160eca7-ade2-4f0c-b127-c2263673d640'}
        Body: {"ports": [{"status": "ACTIVE", "binding:host_id": "vagrant-ubuntu-trusty-64", "name": "", "allowed_address_pairs": [], "admin_state_up": true, "network_id": "412751b9-58e6-43ec-9aa6-bad46ce10d12", "tenant_id": "4086eb49f7f949f5aed834fc9059c8c4", "extra_dhcp_opts": [], "mac_address": "fa:16:3e:95:9f:41", "binding:vif_details": {"port_filter": true}, "binding:vif_type": "ovs", "device_owner": "compute:None", "binding:profile": {}, "port_security_enabled": true, "binding:vnic_type": "normal", "fixed_ips": [{"subnet_id": "c454b1fc-99a5-4db6-aa97-486eb04a69cb", "ip_address": "10.100.0.3"}, {"subnet_id": "dfed2ee0-e35b-4c20-be02-f6079d1d88b0", "ip_address": "2003::f816:3eff:fe95:9f41"}], "id": "7aa3a922-e034-4769-b67b-94b3d3b46b88", "security_groups": ["5bea07b4-7b4f-4fa0-8cbc-4affe32f0312"], "device_id": "8bf00265-f059-4b38-9795-d26c796dd6ad"}]}
2016-02-19 05:40:58,867 27482 INFO     [tempest_lib.common.rest_client] Request (TestGettingAddress:test_dhcp6_stateless_from_os): 201 POST http://10.4.1.3:9696/v2.0/floatingips 0.775s
2016-02-19 05:40:58,868 27482 DEBUG    [tempest_lib.common.rest_client] Request - Headers: {'Content-Type': 'application/json', 'Accept': 'application/json', 'X-Auth-Token': '&lt;omitted&gt;'}
        Body: {"floatingip": {"floating_network_id": "e1652edc-b931-471a-815f-03e3579655b4", "tenant_id": "4086eb49f7f949f5aed834fc9059c8c4", "fixed_ip_address": "10.100.0.3", "port_id": "7aa3a922-e034-4769-b67b-94b3d3b46b88"}}
    Response - Headers: {'status': '201', 'content-length': '369', 'connection': 'close', 'date': 'Fri, 19 Feb 2016 05:40:58 GMT', 'content-type': 'application/json; charset=UTF-8', 'x-openstack-request-id': 'req-c08b396f-7910-487a-b779-a2e5161fb1cf'}
        Body: {"floatingip": {"floating_network_id": "e1652edc-b931-471a-815f-03e3579655b4", "router_id": "51fe6c23-b05f-45f8-a6f1-006ff3230477", "fixed_ip_address": "10.100.0.3", "floating_ip_address": "172.24.4.4", "tenant_id": "4086eb49f7f949f5aed834fc9059c8c4", "status": "ACTIVE", "port_id": "7aa3a922-e034-4769-b67b-94b3d3b46b88", "id": "4c2c3c00-306e-4011-82f6-d1aa3cc443ec"}}
2016-02-19 05:40:58,869 27482 INFO     [tempest_lib.common.ssh] Creating ssh connection to '172.24.4.4' as 'cirros' with public key authentication
2016-02-19 05:41:58,905 27482 WARNING  [tempest_lib.common.ssh] Failed to establish authenticated ssh connection to cirros@172.24.4.4 (timed out). Number attempts: 1. Retry after 2 seconds.
2016-02-19 05:43:01,449 27482 WARNING  [tempest_lib.common.ssh] Failed to establish authenticated ssh connection to cirros@172.24.4.4 (timed out). Number attempts: 2. Retry after 3 seconds.
2016-02-19 05:44:04,994 27482 WARNING  [tempest_lib.common.ssh] Failed to establish authenticated ssh connection to cirros@172.24.4.4 (timed out). Number attempts: 3. Retry after 4 seconds.
2016-02-19 05:45:09,561 27482 ERROR    [tempest_lib.common.ssh] Failed to establish authenticated ssh connection to cirros@172.24.4.4 after 3 attempts
2016-02-19 05:45:09.561 27482 ERROR tempest_lib.common.ssh Traceback (most recent call last):
2016-02-19 05:45:09.561 27482 ERROR tempest_lib.common.ssh   File "/usr/local/lib/python2.7/dist-packages/tempest_lib/common/ssh.py", line 75, in _get_ssh_connection
2016-02-19 05:45:09.561 27482 ERROR tempest_lib.common.ssh     timeout=self.channel_timeout, pkey=self.pkey)
2016-02-19 05:45:09.561 27482 ERROR tempest_lib.common.ssh   File "/usr/local/lib/python2.7/dist-packages/paramiko/client.py", line 292, in connect
2016-02-19 05:45:09.561 27482 ERROR tempest_lib.common.ssh     retry_on_signal(lambda: sock.connect(addr))
2016-02-19 05:45:09.561 27482 ERROR tempest_lib.common.ssh   File "/usr/local/lib/python2.7/dist-packages/paramiko/util.py", line 270, in retry_on_signal
2016-02-19 05:45:09.561 27482 ERROR tempest_lib.common.ssh     return function()
2016-02-19 05:45:09.561 27482 ERROR tempest_lib.common.ssh   File "/usr/local/lib/python2.7/dist-packages/paramiko/client.py", line 292, in &lt;lambda&gt;
2016-02-19 05:45:09.561 27482 ERROR tempest_lib.common.ssh     retry_on_signal(lambda: sock.connect(addr))
2016-02-19 05:45:09.561 27482 ERROR tempest_lib.common.ssh   File "/usr/lib/python2.7/socket.py", line 224, in meth
2016-02-19 05:45:09.561 27482 ERROR tempest_lib.common.ssh     return getattr(self._sock,name)(*args)
2016-02-19 05:45:09.561 27482 ERROR tempest_lib.common.ssh timeout: timed out
2016-02-19 05:45:09.561 27482 ERROR tempest_lib.common.ssh 
2016-02-19 05:45:09,563 27482 ERROR    [tempest.scenario.manager] (TestGettingAddress:test_dhcp6_stateless_from_os) Initializing SSH connection to 172.24.4.4 failed. Error: Connection to the 172.24.4.4 via SSH timed out.
User: cirros, Password: None
2016-02-19 05:45:09.563 27482 ERROR tempest.scenario.manager Traceback (most recent call last):
2016-02-19 05:45:09.563 27482 ERROR tempest.scenario.manager   File "tempest/scenario/manager.py", line 377, in get_remote_client
2016-02-19 05:45:09.563 27482 ERROR tempest.scenario.manager     linux_client.validate_authentication()
2016-02-19 05:45:09.563 27482 ERROR tempest.scenario.manager   File "tempest/common/utils/linux/remote_client.py", line 51, in validate_authentication
2016-02-19 05:45:09.563 27482 ERROR tempest.scenario.manager     self.ssh_client.test_connection_auth()
2016-02-19 05:45:09.563 27482 ERROR tempest.scenario.manager   File "/usr/local/lib/python2.7/dist-packages/tempest_lib/common/ssh.py", line 173, in test_connection_auth
2016-02-19 05:45:09.563 27482 ERROR tempest.scenario.manager     connection = self._get_ssh_connection()
2016-02-19 05:45:09.563 27482 ERROR tempest.scenario.manager   File "/usr/local/lib/python2.7/dist-packages/tempest_lib/common/ssh.py", line 88, in _get_ssh_connection
2016-02-19 05:45:09.563 27482 ERROR tempest.scenario.manager     password=self.password)
2016-02-19 05:45:09.563 27482 ERROR tempest.scenario.manager SSHTimeout: Connection to the 172.24.4.4 via SSH timed out.
2016-02-19 05:45:09.563 27482 ERROR tempest.scenario.manager User: cirros, Password: None
2016-02-19 05:45:09.563 27482 ERROR tempest.scenario.manager 
2016-02-19 05:45:09,853 27482 INFO     [tempest_lib.common.rest_client] Request (TestGettingAddress:test_dhcp6_stateless_from_os): 200 GET http://10.4.1.3:8774/v2.1/4086eb49f7f949f5aed834fc9059c8c4/servers 0.288s
2016-02-19 05:45:09,854 27482 DEBUG    [tempest_lib.common.rest_client] Request - Headers: {'Content-Type': 'application/json', 'Accept': 'application/json', 'X-Auth-Token': '&lt;omitted&gt;'}
        Body: None
    Response - Headers: {'status': '200', 'content-length': '388', 'content-location': 'http://10.4.1.3:8774/v2.1/4086eb49f7f949f5aed834fc9059c8c4/servers', 'x-compute-request-id': 'req-2a70d829-a0c2-47c3-a02d-50a56fa8fcf5', 'vary': 'X-OpenStack-Nova-API-Version', 'connection': 'close', 'x-openstack-nova-api-version': '2.1', 'date': 'Fri, 19 Feb 2016 05:45:09 GMT', 'content-type': 'application/json'}
        Body: {"servers": [{"id": "8bf00265-f059-4b38-9795-d26c796dd6ad", "links": [{"href": "http://10.4.1.3:8774/v2.1/4086eb49f7f949f5aed834fc9059c8c4/servers/8bf00265-f059-4b38-9795-d26c796dd6ad", "rel": "self"}, {"href": "http://10.4.1.3:8774/4086eb49f7f949f5aed834fc9059c8c4/servers/8bf00265-f059-4b38-9795-d26c796dd6ad", "rel": "bookmark"}], "name": "tempest.common.compute-instance-448376579"}]}
2016-02-19 05:45:10,253 27482 INFO     [tempest_lib.common.rest_client] Request (TestGettingAddress:test_dhcp6_stateless_from_os): 200 POST http://10.4.1.3:8774/v2.1/4086eb49f7f949f5aed834fc9059c8c4/servers/8bf00265-f059-4b38-9795-d26c796dd6ad/action 0.392s
2016-02-19 05:45:10,254 27482 DEBUG    [tempest_lib.common.rest_client] Request - Headers: {'Content-Type': 'application/json', 'Accept': 'application/json', 'X-Auth-Token': '&lt;omitted&gt;'}
        Body: {"os-getConsoleOutput": {}}
    Response - Headers: {'status': '200', 'content-length': '24667', 'x-compute-request-id': 'req-f37a15ed-d223-439a-82d4-1b87637b853f', 'vary': 'X-OpenStack-Nova-API-Version', 'connection': 'close', 'x-openstack-nova-api-version': '2.1', 'date': 'Fri, 19 Feb 2016 05:45:10 GMT', 'content-type': 'application/json'}
        Body: {"output": "[    0.000000] Initializing cgroup subsys cpuset\n[    0.000000] Initializing cgroup subsys cpu\n[    0.000000] Linux version 3.2.0-80-virtual (buildd@batsu) (gcc version 4.6.3 (Ubuntu/Linaro 4.6.3-1ubuntu5) ) #116-Ubuntu SMP Mon Mar 23 17:28:52 UTC 2015 (Ubuntu 3.2.0-80.116-virtual 3.2.68)\n[    0.000000] Command line: root=/dev/vda console=tty0 console=ttyS0 no_timer_check\n[    0.000000] KERNEL supported cpus:\n[    0.000000]   Intel GenuineIntel\n[    0.000000]   AMD AuthenticAMD\n[    0.000000]   Centaur CentaurHauls\n[    0.000000] BIOS-provided physical RAM map:\n[    0.000000]  BIOS-e820: 0000000000000000 - 000000000009fc00 (usable)\n[    0.000000]  BIOS-e820: 000000000009fc00 - 00000000000a0000 (reserved)\n[    0.000000]  BIOS-e820: 00000000000f0000 - 0000000000100000 (reserved)\n[    0.000000]  BIOS-e820: 0000000000100000 - 0000000003ffe000 (usable)\n[    0.000000]  BIOS-e820: 0000000003ffe000 - 0000000004000000 (reserved)\n[    0.000000]  BIOS-e820: 00000000fffc0000 - 0000000100000000 (reserved)\n[    0.000000] NX (Execute Disable) protection: active\n[    0.000000] SMBIOS 2.4 present.\n[    0.000000] No AGP bridge found\n[    0.000000] last_pfn = 0x3ffe max_arch_pfn = 0x400000000\n[    0.000000] x86 PAT enabled: cpu 0, old 0x7040600070406, new 0x7010600070106\n[    0.000000] found SMP MP-table at [ffff8800000f0b00] f0b00\n[    0.000000] init_memory_mapping: 0000000000000000-0000000003ffe000\n[    0.000000] RAMDISK: 03c5e000 - 03ff0000\n[    0.000000] ACPI: RSDP 00000000000f0950 00014 (v00 BOCHS )\n[    0.000000] ACPI: RSDT 0000000003fffbc1 00034 (v01 BOCHS  BXPCRSDT 00000001 BXPC 00000001)\n[    0.000000] ACPI: FACP 0000000003fff1c0 00074 (v01 BOCHS  BXPCFACP 00000001 BXPC 00000001)\n[    0.000000] ACPI: DSDT 0000000003ffe040 01180 (v01 BOCHS  BXPCDSDT 00000001 BXPC 00000001)\n[    0.000000] ACPI: FACS 0000000003ffe000 00040\n[    0.000000] ACPI: SSDT 0000000003fff234 008DD (v01 BOCHS  BXPCSSDT 00000001 BXPC 00000001)\n[    0.000000] ACPI: APIC 0000000003fffb11 00078 (v01 BOCHS  BXPCAPIC 00000001 BXPC 00000001)\n[    0.000000] ACPI: HPET 0000000003fffb89 00038 (v01 BOCHS  BXPCHPET 00000001 BXPC 00000001)\n[    0.000000] No NUMA configuration found\n[    0.000000] Faking a node at 0000000000000000-0000000003ffe000\n[    0.000000] Initmem setup node 0 0000000000000000-0000000003ffe000\n[    0.000000]   NODE_DATA [0000000003ff6000 - 0000000003ffafff]\n[    0.000000] Zone PFN ranges:\n[    0.000000]   DMA      0x00000010 -&gt; 0x00001000\n[    0.000000]   DMA32    0x00001000 -&gt; 0x00100000\n[    0.000000]   Normal   empty\n[    0.000000] Movable zone start PFN for each node\n[    0.000000] early_node_map[2] active PFN ranges\n[    0.000000]     0: 0x00000010 -&gt; 0x0000009f\n[    0.000000]     0: 0x00000100 -&gt; 0x00003ffe\n[    0.000000] ACPI: PM-Timer IO Port: 0xb008\n[    0.000000] ACPI: LAPIC (acpi_id[0x00] lapic_id[0x00] enabled)\n[    0.000000] ACPI: LAPIC_NMI (acpi_id[0xff] dfl dfl lint[0x1])\n[    0.000000] ACPI: IOAPIC (id[0x00] address[0xfec00000] gsi_base[0])\n[    0.000000] IOAPIC[0]: apic_id 0, version 17, address 0xfec00000, GSI 0-23\n[    0.000000] ACPI: INT_SRC_OVR (bus 0 bus_irq 0 global_irq 2 dfl dfl)\n[    0.000000] ACPI: INT_SRC_OVR (bus 0 bus_irq 5 global_irq 5 high level)\n[    0.000000] ACPI: INT_SRC_OVR (bus 0 bus_irq 9 global_irq 9 high level)\n[    0.000000] ACPI: INT_SRC_OVR (bus 0 bus_irq 10 global_irq 10 high level)\n[    0.000000] ACPI: INT_SRC_OVR (bus 0 bus_irq 11 global_irq 11 high level)\n[    0.000000] Using ACPI (MADT) for SMP configuration information\n[    0.000000] ACPI: HPET id: 0x8086a201 base: 0xfed00000\n[    0.000000] SMP: Allowing 1 CPUs, 0 hotplug CPUs\n[    0.000000] PM: Registered nosave memory: 000000000009f000 - 00000000000a0000\n[    0.000000] PM: Registered nosave memory: 00000000000a0000 - 00000000000f0000\n[    0.000000] PM: Registered nosave memory: 00000000000f0000 - 0000000000100000\n[    0.000000] Allocating PCI resources starting at 4000000 (gap: 4000000:fbfc0000)\n[    0.000000] Booting paravirtualized kernel on bare hardware\n[    0.000000] setup_pe
2016-02-19 05:45:10,256 27482 DEBUG    [tempest.scenario.manager] Console output for 8bf00265-f059-4b38-9795-d26c796dd6ad
body=
[    0.000000] Initializing cgroup subsys cpuset
[    0.000000] Initializing cgroup subsys cpu
[    0.000000] Linux version 3.2.0-80-virtual (buildd@batsu) (gcc version 4.6.3 (Ubuntu/Linaro 4.6.3-1ubuntu5) ) #116-Ubuntu SMP Mon Mar 23 17:28:52 UTC 2015 (Ubuntu 3.2.0-80.116-virtual 3.2.68)
[    0.000000] Command line: root=/dev/vda console=tty0 console=ttyS0 no_timer_check
[    0.000000] KERNEL supported cpus:
[    0.000000]   Intel GenuineIntel
[    0.000000]   AMD AuthenticAMD
[    0.000000]   Centaur CentaurHauls
[    0.000000] BIOS-provided physical RAM map:
[    0.000000]  BIOS-e820: 0000000000000000 - 000000000009fc00 (usable)
[    0.000000]  BIOS-e820: 000000000009fc00 - 00000000000a0000 (reserved)
[    0.000000]  BIOS-e820: 00000000000f0000 - 0000000000100000 (reserved)
[    0.000000]  BIOS-e820: 0000000000100000 - 0000000003ffe000 (usable)
[    0.000000]  BIOS-e820: 0000000003ffe000 - 0000000004000000 (reserved)
[    0.000000]  BIOS-e820: 00000000fffc0000 - 0000000100000000 (reserved)
[    0.000000] NX (Execute Disable) protection: active
[    0.000000] SMBIOS 2.4 present.
[    0.000000] No AGP bridge found
[    0.000000] last_pfn = 0x3ffe max_arch_pfn = 0x400000000
[    0.000000] x86 PAT enabled: cpu 0, old 0x7040600070406, new 0x7010600070106
[    0.000000] found SMP MP-table at [ffff8800000f0b00] f0b00
[    0.000000] init_memory_mapping: 0000000000000000-0000000003ffe000
[    0.000000] RAMDISK: 03c5e000 - 03ff0000
[    0.000000] ACPI: RSDP 00000000000f0950 00014 (v00 BOCHS )
[    0.000000] ACPI: RSDT 0000000003fffbc1 00034 (v01 BOCHS  BXPCRSDT 00000001 BXPC 00000001)
[    0.000000] ACPI: FACP 0000000003fff1c0 00074 (v01 BOCHS  BXPCFACP 00000001 BXPC 00000001)
[    0.000000] ACPI: DSDT 0000000003ffe040 01180 (v01 BOCHS  BXPCDSDT 00000001 BXPC 00000001)
[    0.000000] ACPI: FACS 0000000003ffe000 00040
[    0.000000] ACPI: SSDT 0000000003fff234 008DD (v01 BOCHS  BXPCSSDT 00000001 BXPC 00000001)
[    0.000000] ACPI: APIC 0000000003fffb11 00078 (v01 BOCHS  BXPCAPIC 00000001 BXPC 00000001)
[    0.000000] ACPI: HPET 0000000003fffb89 00038 (v01 BOCHS  BXPCHPET 00000001 BXPC 00000001)
[    0.000000] No NUMA configuration found
[    0.000000] Faking a node at 0000000000000000-0000000003ffe000
[    0.000000] Initmem setup node 0 0000000000000000-0000000003ffe000
[    0.000000]   NODE_DATA [0000000003ff6000 - 0000000003ffafff]
[    0.000000] Zone PFN ranges:
[    0.000000]   DMA      0x00000010 -&gt; 0x00001000
[    0.000000]   DMA32    0x00001000 -&gt; 0x00100000
[    0.000000]   Normal   empty
[    0.000000] Movable zone start PFN for each node
[    0.000000] early_node_map[2] active PFN ranges
[    0.000000]     0: 0x00000010 -&gt; 0x0000009f
[    0.000000]     0: 0x00000100 -&gt; 0x00003ffe
[    0.000000] ACPI: PM-Timer IO Port: 0xb008
[    0.000000] ACPI: LAPIC (acpi_id[0x00] lapic_id[0x00] enabled)
[    0.000000] ACPI: LAPIC_NMI (acpi_id[0xff] dfl dfl lint[0x1])
[    0.000000] ACPI: IOAPIC (id[0x00] address[0xfec00000] gsi_base[0])
[    0.000000] IOAPIC[0]: apic_id 0, version 17, address 0xfec00000, GSI 0-23
[    0.000000] ACPI: INT_SRC_OVR (bus 0 bus_irq 0 global_irq 2 dfl dfl)
[    0.000000] ACPI: INT_SRC_OVR (bus 0 bus_irq 5 global_irq 5 high level)
[    0.000000] ACPI: INT_SRC_OVR (bus 0 bus_irq 9 global_irq 9 high level)
[    0.000000] ACPI: INT_SRC_OVR (bus 0 bus_irq 10 global_irq 10 high level)
[    0.000000] ACPI: INT_SRC_OVR (bus 0 bus_irq 11 global_irq 11 high level)
[    0.000000] Using ACPI (MADT) for SMP configuration information
[    0.000000] ACPI: HPET id: 0x8086a201 base: 0xfed00000
[    0.000000] SMP: Allowing 1 CPUs, 0 hotplug CPUs
[    0.000000] PM: Registered nosave memory: 000000000009f000 - 00000000000a0000
[    0.000000] PM: Registered nosave memory: 00000000000a0000 - 00000000000f0000
[    0.000000] PM: Registered nosave memory: 00000000000f0000 - 0000000000100000
[    0.000000] Allocating PCI resources starting at 4000000 (gap: 4000000:fbfc0000)
[    0.000000] Booting paravirtualized kernel on bare hardware
[    0.000000] setup_percpu: NR_CPUS:64 nr_cpumask_bits:64 nr_cpu_ids:1 nr_node_ids:1
[    0.000000] PERCPU: Embedded 27 pages/cpu @ffff880003a00000 s78848 r8192 d23552 u2097152
[    0.000000] Built 1 zonelists in Node order, mobility grouping on.  Total pages: 16008
[    0.000000] Policy zone: DMA32
[    0.000000] Kernel command line: root=/dev/vda console=tty0 console=ttyS0 no_timer_check
[    0.000000] PID hash table entries: 256 (order: -1, 2048 bytes)
[    0.000000] Checking aperture...
[    0.000000] No AGP bridge found
[    0.000000] Memory: 43492k/65528k available (6576k kernel code, 452k absent, 21584k reserved, 6620k data, 928k init)
[    0.000000] SLUB: Genslabs=15, HWalign=64, Order=0-3, MinObjects=0, CPUs=1, Nodes=1
[    0.000000] Hierarchical RCU implementation.
[    0.000000] 	RCU dyntick-idle grace-period acceleration is enabled.
[    0.000000] NR_IRQS:4352 nr_irqs:256 16
[    0.000000] Console: colour VGA+ 80x25
[    0.000000] console [tty0] enabled
[    0.000000] console [ttyS0] enabled
[    0.000000] allocated 1048576 bytes of page_cgroup
[    0.000000] please try 'cgroup_disable=memory' option if you don't want memory cgroups
[    0.000000] Fast TSC calibration failed
[    0.000000] TSC: Unable to calibrate against PIT
[    0.000000] TSC: using HPET reference calibration
[    0.000000] Detected 2293.084 MHz processor.
[    0.032790] Calibrating delay loop (skipped), value calculated using timer frequency.. 4586.16 BogoMIPS (lpj=9172336)
[    0.037199] pid_max: default: 32768 minimum: 301
[    0.047122] Security Framework initialized
[    0.052865] AppArmor: AppArmor initialized
[    0.056250] Yama: becoming mindful.
[    0.069472] Dentry cache hash table entries: 8192 (order: 4, 65536 bytes)
[    0.072261] Inode-cache hash table entries: 4096 (order: 3, 32768 bytes)
[    0.073865] Mount-cache hash table entries: 256
[    0.090398] Initializing cgroup subsys cpuacct
[    0.092300] Initializing cgroup subsys memory
[    0.094027] Initializing cgroup subsys devices
[    0.094960] Initializing cgroup subsys freezer
[    0.096131] Initializing cgroup subsys blkio
[    0.096852] Initializing cgroup subsys perf_event
[    0.101987] mce: CPU supports 10 MCE banks
[    0.105416] SMP alternatives: switching to UP code
[    0.533024] Freeing SMP alternatives: 24k freed
[    0.536437] ACPI: Core revision 20110623
[    0.604626] ftrace: allocating 26610 entries in 105 pages
[    0.646540] ..TIMER: vector=0x30 apic1=0 pin1=2 apic2=-1 pin2=-1
[    0.648138] CPU0: AMD QEMU Virtual CPU version 2.0.0 stepping 03
[    0.652040] Performance Events: Broken PMU hardware detected, using software events only.
[    0.660566] NMI watchdog disabled (cpu0): hardware events not enabled
[    0.664231] Brought up 1 CPUs
[    0.664837] Total of 1 processors activated (4586.16 BogoMIPS).
[    0.689695] devtmpfs: initialized
[    0.724683] EVM: security.selinux
[    0.725559] EVM: security.SMACK64
[    0.726150] EVM: security.capability
[    0.749649] print_constraints: dummy: 
[    0.752185] RTC time:  5:40:59, date: 02/19/16
[    0.754662] NET: Registered protocol family 16
[    0.762499] ACPI: bus type pci registered
[    0.766313] PCI: Using configuration type 1 for base access
[    0.795343] bio: create slab &lt;bio-0&gt; at 0
[    0.800687] ACPI: Added _OSI(Module Device)
[    0.801317] ACPI: Added _OSI(Processor Device)
[    0.801982] ACPI: Added _OSI(3.0 _SCP Extensions)
[    0.802721] ACPI: Added _OSI(Processor Aggregator Device)
[    0.893821] ACPI: Interpreter enabled
[    0.894508] ACPI: (supports S0 S3 S4 S5)
[    0.896999] ACPI: Using IOAPIC for interrupt routing
[    0.986809] ACPI: No dock devices found.
[    0.988251] HEST: Table not found.
[    0.989130] PCI: Using host bridge windows from ACPI; if necessary, use "pci=nocrs" and report a bug
[    0.997451] ACPI: PCI Root Bridge [PCI0] (domain 0000 [bus 00-ff])
[    1.002970] pci_root PNP0A03:00: host bridge window [io  0x0000-0x0cf7]
[    1.005160] pci_root PNP0A03:00: host bridge window [io  0x0d00-0xadff]
[    1.006245] pci_root PNP0A03:00: host bridge window [io  0xae0f-0xaeff]
[    1.008114] pci_root PNP0A03:00: host bridge window [io  0xaf20-0xafdf]
[    1.009114] pci_root PNP0A03:00: host bridge window [io  0xafe4-0xffff]
[    1.010022] pci_root PNP0A03:00: host bridge window [mem 0x000a0000-0x000bffff]
[    1.011101] pci_root PNP0A03:00: host bridge window [mem 0x04000000-0xfebfffff]
[    1.032788] pci 0000:00:01.3: quirk: [io  0xb000-0xb03f] claimed by PIIX4 ACPI
[    1.033828] pci 0000:00:01.3: quirk: [io  0xb100-0xb10f] claimed by PIIX4 SMB
[    1.096393]  pci0000:00: Unable to request _OSC control (_OSC support mask: 0x1e)
[    1.156576] ACPI: PCI Interrupt Link [LNKA] (IRQs 5 *10 11)
[    1.158947] ACPI: PCI Interrupt Link [LNKB] (IRQs 5 *10 11)
[    1.161492] ACPI: PCI Interrupt Link [LNKC] (IRQs 5 10 *11)
[    1.162843] ACPI: PCI Interrupt Link [LNKD] (IRQs 5 10 *11)
[    1.164845] ACPI: PCI Interrupt Link [LNKS] (IRQs *9)
[    1.171641] vgaarb: device added: PCI:0000:00:02.0,decodes=io+mem,owns=io+mem,locks=none
[    1.172200] vgaarb: loaded
[    1.172829] vgaarb: bridge control possible 0000:00:02.0
[    1.177765] i2c-core: driver [aat2870] using legacy suspend method
[    1.178567] i2c-core: driver [aat2870] using legacy resume method
[    1.181755] SCSI subsystem initialized
[    1.185720] usbcore: registered new interface driver usbfs
[    1.186937] usbcore: registered new interface driver hub
[    1.188959] usbcore: registered new device driver usb
[    1.194972] PCI: Using ACPI for IRQ routing
[    1.208617] NetLabel: Initializing
[    1.209090] NetLabel:  domain hash size = 128
[    1.209758] NetLabel:  protocols = UNLABELED CIPSOv4
[    1.210753] NetLabel:  unlabeled traffic allowed by default
[    1.213499] HPET: 3 timers in total, 0 timers will be used for per-cpu timer
[    1.216471] hpet0: at MMIO 0xfed00000, IRQs 2, 8, 0
[    1.217446] hpet0: 3 comparators, 64-bit 100.000000 MHz counter
[    1.233579] Switching to clocksource hpet
[    1.475547] AppArmor: AppArmor Filesystem Enabled
[    1.477827] pnp: PnP ACPI init
[    1.478465] ACPI: bus type pnp registered
[    1.498238] pnp: PnP ACPI: found 9 devices
[    1.498790] ACPI: ACPI bus type pnp unregistered
[    1.552330] NET: Registered protocol family 2
[    1.589878] IP route cache hash table entries: 512 (order: 0, 4096 bytes)
[    1.598100] TCP established hash table entries: 2048 (order: 3, 32768 bytes)
[    1.599534] TCP bind hash table entries: 2048 (order: 3, 32768 bytes)
[    1.601496] TCP: Hash tables configured (established 2048 bind 2048)
[    1.602683] TCP reno registered
[    1.603272] UDP hash table entries: 128 (order: 0, 4096 bytes)
[    1.604197] UDP-Lite hash table entries: 128 (order: 0, 4096 bytes)
[    1.607251] NET: Registered protocol family 1
[    1.609202] pci 0000:00:00.0: Limiting direct PCI/PCI transfers
[    1.610095] pci 0000:00:01.0: PIIX3: Enabling Passive Release
[    1.611030] pci 0000:00:01.0: Activating ISA DMA hang workarounds
[    1.615981] ACPI: PCI Interrupt Link [LNKD] enabled at IRQ 11
[    1.617935] pci 0000:00:01.2: PCI INT D -&gt; Link[LNKD] -&gt; GSI 11 (level, high) -&gt; IRQ 11
[    1.620099] pci 0000:00:01.2: PCI INT D disabled
[    1.637901] Trying to unpack rootfs image as initramfs...
[    1.654842] audit: initializing netlink socket (disabled)
[    1.657624] type=2000 audit(1455860459.652:1): initialized
[    1.953602] HugeTLB registered 2 MB page size, pre-allocated 0 pages
[    2.035055] VFS: Disk quotas dquot_6.5.2
[    2.037205] Dquot-cache hash table entries: 512 (order 0, 4096 bytes)
[    2.062503] fuse init (API version 7.17)
[    2.065758] msgmni has been set to 84
[    2.098680] Block layer SCSI generic (bsg) driver version 0.4 loaded (major 253)
[    2.101170] io scheduler noop registered
[    2.101842] io scheduler deadline registered (default)
[    2.103015] io scheduler cfq registered
[    2.106884] pci_hotplug: PCI Hot Plug PCI Core version: 0.5
[    2.109541] pciehp: PCI Express Hot Plug Controller Driver version: 0.4
[    2.115806] input: Power Button as /devices/LNXSYSTM:00/LNXPWRBN:00/input/input0
[    2.118454] ACPI: Power Button [PWRF]
[    2.175728] ERST: Table is not found!
[    2.176988] GHES: HEST is not enabled!
[    2.189976] ACPI: PCI Interrupt Link [LNKC] enabled at IRQ 10
[    2.190993] virtio-pci 0000:00:03.0: PCI INT A -&gt; Link[LNKC] -&gt; GSI 10 (level, high) -&gt; IRQ 10
[    2.194774] virtio-pci 0000:00:04.0: PCI INT A -&gt; Link[LNKD] -&gt; GSI 11 (level, high) -&gt; IRQ 11
[    2.207588] ACPI: PCI Interrupt Link [LNKA] enabled at IRQ 10
[    2.209399] virtio-pci 0000:00:05.0: PCI INT A -&gt; Link[LNKA] -&gt; GSI 10 (level, high) -&gt; IRQ 10
[    2.223140] Serial: 8250/16550 driver, 32 ports, IRQ sharing enabled
[    2.257637] serial8250: ttyS0 at I/O 0x3f8 (irq = 4) is a 16550A
[    2.340621] serial8250: ttyS1 at I/O 0x2f8 (irq = 3) is a 16550A
[    2.478073] 00:05: ttyS0 at I/O 0x3f8 (irq = 4) is a 16550A
[    2.557773] 00:06: ttyS1 at I/O 0x2f8 (irq = 3) is a 16550A
[    2.603718] Linux agpgart interface v0.103
[    2.625756] Refined TSC clocksource calibration: 2293.195 MHz.
[    2.626625] Switching to clocksource tsc
[    2.673112] brd: module loaded
[    2.703827] loop: module loaded
[    2.758765]  vda: unknown partition table
[    2.829505] scsi0 : ata_piix
[    2.837338] scsi1 : ata_piix
[    2.839222] ata1: PATA max MWDMA2 cmd 0x1f0 ctl 0x3f6 bmdma 0xc0a0 irq 14
[    2.840162] ata2: PATA max MWDMA2 cmd 0x170 ctl 0x376 bmdma 0xc0a8 irq 15
[    2.850301] Fixed MDIO Bus: probed
[    2.852191] tun: Universal TUN/TAP device driver, 1.6
[    2.853925] tun: (C) 1999-2004 Max Krasnyansky &lt;maxk@qualcomm.com&gt;
[    2.867822] PPP generic driver version 2.4.2
[    2.891677] ehci_hcd: USB 2.0 'Enhanced' Host Controller (EHCI) Driver
[    2.893676] ohci_hcd: USB 1.1 'Open' Host Controller (OHCI) Driver
[    2.894707] uhci_hcd: USB Universal Host Controller Interface driver
[    2.895812] uhci_hcd 0000:00:01.2: PCI INT D -&gt; Link[LNKD] -&gt; GSI 11 (level, high) -&gt; IRQ 11
[    2.899327] uhci_hcd 0000:00:01.2: UHCI Host Controller
[    2.913717] uhci_hcd 0000:00:01.2: new USB bus registered, assigned bus number 1
[    2.917820] uhci_hcd 0000:00:01.2: irq 11, io base 0x0000c040
[    2.958536] hub 1-0:1.0: USB hub found
[    2.961944] hub 1-0:1.0: 2 ports detected
[    2.974242] usbcore: registered new interface driver libusual
[    2.979473] i8042: PNP: PS/2 Controller [PNP0303:KBD,PNP0f13:MOU] at 0x60,0x64 irq 1,12
[    2.992970] serio: i8042 KBD port at 0x60,0x64 irq 1
[    2.995317] serio: i8042 AUX port at 0x60,0x64 irq 12
[    3.043801] mousedev: PS/2 mouse device common for all mice
[    3.058117] input: AT Translated Set 2 keyboard as /devices/platform/i8042/serio0/input/input1
[    3.071200] rtc_cmos 00:01: RTC can wake from S4
[    3.084430] ata2.01: ATAPI: QEMU DVD-ROM, 2.0.0, max UDMA/100
[    3.093270] rtc_cmos 00:01: rtc core: registered rtc_cmos as rtc0
[    3.096984] rtc0: alarms up to one day, 114 bytes nvram, hpet irqs
[    3.099140] device-mapper: uevent: version 1.0.3
[    3.103748] ata2.01: configured for MWDMA2
[    3.130479] device-mapper: ioctl: 4.22.0-ioctl (2011-10-19) initialised: dm-devel@redhat.com
[    3.134278] cpuidle: using governor ladder
[    3.135502] cpuidle: using governor menu
[    3.136145] EFI Variables Facility v0.08 2004-May-17
[    3.148356] TCP cubic registered
[    3.153229] NET: Registered protocol family 10
[    3.179829] NET: Registered protocol family 17
[    3.181855] Registering the dns_resolver key type
[    3.190098] scsi 1:0:1:0: CD-ROM            QEMU     QEMU DVD-ROM     2.0. PQ: 0 ANSI: 5
[    3.220852] sr0: scsi3-mmc drive: 4x/4x cd/rw xa/form2 tray
[    3.222371] cdrom: Uniform CD-ROM driver Revision: 3.20
[    3.246811] sr 1:0:1:0: Attached scsi generic sg0 type 5
[    3.284353] Freeing initrd memory: 3656k freed
[    3.298829] registered taskstats version 1
[    3.767360]   Magic number: 4:64:669
[    3.777708] rtc_cmos 00:01: setting system clock to 2016-02-19 05:41:02 UTC (1455860462)
[    3.781247] powernow-k8: Processor cpuid 663 not supported
[    3.786806] BIOS EDD facility v0.16 2004-Jun-25, 0 devices found
[    3.787859] EDD information not available.
[    3.860060] Freeing unused kernel memory: 928k freed
[    3.870792] Write protecting the kernel read-only data: 12288k
[    3.992318] Freeing unused kernel memory: 1596k freed
[    4.068449] Freeing unused kernel memory: 1184k freed

info: initramfs: up at 4.28
modprobe: module virtio_blk not found in modules.dep
modprobe: module virtio_net not found in modules.dep
info: copying initramfs to /dev/vda
info: initramfs loading root from /dev/vda
info: /etc/init.d/rc.sysinit: up at 9.02
info: container: none
Starting logging: OK
modprobe: module virtio_blk not found in modules.dep
modprobe: module virtio_net not found in modules.dep
WARN: /etc/rc3.d/S10-load-modules failed
Initializing random number generator... done.
Starting acpid: OK
cirros-ds 'local' up at 11.49
found datasource (configdrive, local)
Starting network...
udhcpc (v1.20.1) started
Sending discover...
Sending discover...
Sending discover...
Usage: /sbin/cirros-dhcpc &lt;up|down&gt;
No lease, failing
WARN: /etc/rc3.d/S40-network failed
Starting dropbear sshd: generating rsa key... generating dsa key... OK
no userdata for datasource
=== system information ===
Platform: OpenStack Foundation OpenStack Nova
Container: none
Arch: x86_64
CPU(s): 1 @ 2293.084 MHz
Cores/Sockets/Threads: 1/1/1
Virt-type: AMD-V
RAM Size: 49MB
Disks:
NAME MAJ:MIN     SIZE LABEL         MOUNTPOINT
vda  253:0   25165824 cirros-rootfs /
sr0   11:0     432128 config-2      
=== sshd host keys ===
-----BEGIN SSH HOST KEY KEYS-----
ssh-rsa AAAAB3NzaC1yc2EAAAADAQABAAAAgmM788IlONOcq8fBdAk9b7on8rryAUfLlr5enhuL/8jMRdtbemdYBApLNgkc6xC9uh6yORU85agMSJAoWZpBwF8Ho2ledCeJ7ajMu+46Lh9MLAcJ8MuPL9T3vnTsKWgViCh36+0Ye+1m/sZDCRiZ2BxNKd/RkmDdGR4VRIzp+/swmRk= root@tempest
ssh-dss AAAAB3NzaC1kc3MAAACBAJI0W+yL1uSCc3Tv0SY8pJejfeE4Jhjmaw9aiTI86vVF83D0K2EswWAFJYscUVgefN3f/AWT507j67f1kodVYepBrSxVjvOCMZ0GSIEgcBSH3+w8dT3EI7b56dPVFoE+VU54MxwBAc1EqCn2JwPo36Zofi74A+u7tAqkGOhMoQPxAAAAFQDuMdUbiR8lC++Hxfs/LSVwBkf01QAAAIBYSNBS4uGRLuyUmKlgBHpLB43DZ9Qo4jtsxj3EEkg8Y1tcKvMS3hHozKxlbWb85suyEBPhfhC+It186rrO3patBF6MruDv6p0LdC658Q/84SgT80r26+HGKy2m3i4Q59HQb4e5GzAyv+oRhTdEmqvoCyK9Cpk2akBLOw+zAFhklAAAAIBJ9xP1Ej84Ux2HdUPovWdIzoljsNXvVq3VBtCfB9g4NOJKlgZMcNrz3B4e4DrYkqsIyzcxqHQpDJuUq8QmznbGsmB5wi8RFG762aPKAil+oL7B0el/1F7nvK3Bu8915QHGykddErSg52UaFW9mW6iPQUAZvt4t/ZwIztbEflUMSw== root@tempest
-----END SSH HOST KEY KEYS-----
=== network info ===
if-info: lo,up,127.0.0.1,8,::1
if-info: eth0,up,,8,fe80::f816:3eff:fe95:9f41
=== datasource: configdrive local ===
instance-id: 8bf00265-f059-4b38-9795-d26c796dd6ad
name: tempest.common.compute-instance-448376579
availability-zone: nova
local-hostname: tempest.common.compute-instance-448376579.novalocal
launch-index: 0
=== cirros: current=0.3.4 uptime=201.56 ===
route: fscanf
=== pinging gateway failed, debugging connection ===
############ debug start ##############
### /etc/init.d/sshd start
Starting dropbear sshd: OK
route: fscanf
### ifconfig -a
eth0      Link encap:Ethernet  HWaddr FA:16:3E:95:9F:41  
          inet6 addr: fe80::f816:3eff:fe95:9f41/64 Scope:Link
          UP BROADCAST RUNNING MULTICAST  MTU:1500  Metric:1
          RX packets:13 errors:0 dropped:5 overruns:0 frame:0
          TX packets:8 errors:0 dropped:0 overruns:0 carrier:0
          collisions:0 txqueuelen:1000 
          RX bytes:1213 (1.1 KiB)  TX bytes:1134 (1.1 KiB)

lo        Link encap:Local Loopback  
          inet addr:127.0.0.1  Mask:255.0.0.0
          inet6 addr: ::1/128 Scope:Host
          UP LOOPBACK RUNNING  MTU:16436  Metric:1
          RX packets:12 errors:0 dropped:0 overruns:0 frame:0
          TX packets:12 errors:0 dropped:0 overruns:0 carrier:0
          collisions:0 txqueuelen:0 
          RX bytes:1020 (1020.0 B)  TX bytes:1020 (1020.0 B)

### route -n
Kernel IP routing table
Destination     Gateway         Genmask         Flags Metric Ref    Use Iface
route: fscanf
### cat /etc/resolv.conf
cat: can't open '/etc/resolv.conf': No such file or directory
### gateway not found
/sbin/cirros-status: line 1: can't open /etc/resolv.conf: no such file
### pinging nameservers
### uname -a
Linux tempest 3.2.0-80-virtual #116-Ubuntu SMP Mon Mar 23 17:28:52 UTC 2015 x86_64 GNU/Linux
### lsmod
Module                  Size  Used by    Not tainted
nls_iso8859_1          12713  0 
nls_cp437              16991  0 
vfat                   17585  0 
fat                    61512  1 vfat
isofs                  40259  0 
ip_tables              27473  0 
x_tables               29891  1 ip_tables
pcnet32                42119  0 
8139cp                 27360  0 
ne2k_pci               13691  0 
8390                   18856  1 ne2k_pci
e1000                 108589  0 
acpiphp                24231  0 
### dmesg | tail
[    5.007368] EXT3-fs (vda): mounted filesystem with ordered data mode
[    5.342208] ISO 9660 Extensions: Microsoft Joliet Level 3
[    5.415367] ISO 9660 Extensions: RRIP_1991A
[    5.640312] kjournald starting.  Commit interval 5 seconds
[    5.658108] EXT3-fs (vda): using internal journal
[    5.658692] EXT3-fs (vda): mounted filesystem with ordered data mode
[    9.115188] EXT3-fs (vda): using internal journal
[   12.231462] ISO 9660 Extensions: Microsoft Joliet Level 3
[   12.333908] ISO 9660 Extensions: RRIP_1991A
[   27.293145] eth0: no IPv6 routers present
### tail -n 25 /var/log/messages
Feb 19 05:41:09 cirros kern.info kernel: [    4.557201] acpiphp: Slot [26] registered
Feb 19 05:41:09 cirros kern.info kernel: [    4.557499] acpiphp: Slot [27] registered
Feb 19 05:41:09 cirros kern.info kernel: [    4.557791] acpiphp: Slot [28] registered
Feb 19 05:41:09 cirros kern.info kernel: [    4.558112] acpiphp: Slot [29] registered
Feb 19 05:41:09 cirros kern.info kernel: [    4.558406] acpiphp: Slot [30] registered
Feb 19 05:41:09 cirros kern.info kernel: [    4.558698] acpiphp: Slot [31] registered
Feb 19 05:41:09 cirros kern.info kernel: [    4.605221] e1000: Intel(R) PRO/1000 Network Driver - version 7.3.21-k8-NAPI
Feb 19 05:41:09 cirros kern.info kernel: [    4.605272] e1000: Copyright (c) 1999-2006 Intel Corporation.
Feb 19 05:41:09 cirros kern.info kernel: [    4.641728] ne2k-pci.c:v1.03 9/22/2003 D. Becker/P. Gortmaker
Feb 19 05:41:09 cirros kern.info kernel: [    4.685460] 8139cp: 8139cp: 10/100 PCI Ethernet driver v1.3 (Mar 22, 2004)
Feb 19 05:41:09 cirros kern.info kernel: [    4.726804] pcnet32: pcnet32.c:v1.35 21.Apr.2008 tsbogend@alpha.franken.de
Feb 19 05:41:09 cirros kern.info kernel: [    4.782605] ip_tables: (C) 2000-2006 Netfilter Core Team
Feb 19 05:41:09 cirros kern.info kernel: [    5.004076] kjournald starting.  Commit interval 5 seconds
Feb 19 05:41:09 cirros kern.info kernel: [    5.007368] EXT3-fs (vda): mounted filesystem with ordered data mode
Feb 19 05:41:09 cirros kern.debug kernel: [    5.342208] ISO 9660 Extensions: Microsoft Joliet Level 3
Feb 19 05:41:09 cirros kern.debug kernel: [    5.415367] ISO 9660 Extensions: RRIP_1991A
Feb 19 05:41:09 cirros kern.info kernel: [    5.640312] kjournald starting.  Commit interval 5 seconds
Feb 19 05:41:09 cirros kern.info kernel: [    5.658108] EXT3-fs (vda): using internal journal
Feb 19 05:41:09 cirros kern.info kernel: [    5.658692] EXT3-fs (vda): mounted filesystem with ordered data mode
Feb 19 05:41:09 cirros kern.info kernel: [    9.115188] EXT3-fs (vda): using internal journal
Feb 19 05:41:10 cirros kern.debug kernel: [   12.231462] ISO 9660 Extensions: Microsoft Joliet Level 3
Feb 19 05:41:11 cirros kern.debug kernel: [   12.333908] ISO 9660 Extensions: RRIP_1991A
Feb 19 05:41:13 cirros auth.notice su: + /dev/console root:cirros
Feb 19 05:41:26 cirros kern.debug kernel: [   27.293145] eth0: no IPv6 routers present
Feb 19 05:44:18 cirros authpriv.info dropbear[283]: Running in background
############ debug end   ##############
  ____               ____  ____
 / __/ __ ____ ____ / __ \/ __/
/ /__ / // __// __// /_/ /\ \ 
\___//_//_/  /_/   \____/___/ 
   http://cirros-cloud.net


login as 'cirros' user. default password: 'cubswin:)'. use 'sudo' for root.
tempest login: 
2016-02-19 05:45:10,711 27482 INFO     [tempest_lib.common.rest_client] Request (TestGettingAddress:_run_cleanups): 204 DELETE http://10.4.1.3:9696/v2.0/floatingips/4c2c3c00-306e-4011-82f6-d1aa3cc443ec 0.451s
2016-02-19 05:45:10,712 27482 DEBUG    [tempest_lib.common.rest_client] Request - Headers: {'Content-Type': 'application/json', 'Accept': 'application/json', 'X-Auth-Token': '&lt;omitted&gt;'}
        Body: None
    Response - Headers: {'date': 'Fri, 19 Feb 2016 05:45:10 GMT', 'status': '204', 'connection': 'close', 'content-length': '0', 'x-openstack-request-id': 'req-dc6a0db2-2550-466d-b68e-1663fb063a58'}
        Body: 
2016-02-19 05:45:11,164 27482 INFO     [tempest_lib.common.rest_client] Request (TestGettingAddress:_run_cleanups): 204 DELETE http://10.4.1.3:8774/v2.1/4086eb49f7f949f5aed834fc9059c8c4/servers/8bf00265-f059-4b38-9795-d26c796dd6ad 0.451s
2016-02-19 05:45:11,165 27482 DEBUG    [tempest_lib.common.rest_client] Request - Headers: {'Content-Type': 'application/json', 'Accept': 'application/json', 'X-Auth-Token': '&lt;omitted&gt;'}
        Body: None
    Response - Headers: {'status': '204', 'content-length': '0', 'x-compute-request-id': 'req-995d5a6b-9cd0-419b-91ba-e30f8e3d0cd0', 'vary': 'X-OpenStack-Nova-API-Version', 'connection': 'close', 'x-openstack-nova-api-version': '2.1', 'date': 'Fri, 19 Feb 2016 05:45:11 GMT', 'content-type': 'application/json'}
        Body: 
2016-02-19 05:45:11,870 27482 INFO     [tempest_lib.common.rest_client] Request (TestGettingAddress:_run_cleanups): 200 GET http://10.4.1.3:8774/v2.1/4086eb49f7f949f5aed834fc9059c8c4/servers/8bf00265-f059-4b38-9795-d26c796dd6ad 0.704s
2016-02-19 05:45:11,871 27482 DEBUG    [tempest_lib.common.rest_client] Request - Headers: {'Content-Type': 'application/json', 'Accept': 'application/json', 'X-Auth-Token': '&lt;omitted&gt;'}
        Body: None
    Response - Headers: {'status': '200', 'content-length': '1898', 'content-location': 'http://10.4.1.3:8774/v2.1/4086eb49f7f949f5aed834fc9059c8c4/servers/8bf00265-f059-4b38-9795-d26c796dd6ad', 'x-compute-request-id': 'req-e052c357-7658-4459-a06c-b80c753ddb52', 'vary': 'X-OpenStack-Nova-API-Version', 'connection': 'close', 'x-openstack-nova-api-version': '2.1', 'date': 'Fri, 19 Feb 2016 05:45:11 GMT', 'content-type': 'application/json'}
        Body: {"server": {"status": "ACTIVE", "updated": "2016-02-19T05:45:11Z", "hostId": "2a6a6ea1c2dfab298a60c5066e51602057daffcfb770fc52f388d761", "addresses": {"tempest-network-smoke--682586954": [{"OS-EXT-IPS-MAC:mac_addr": "fa:16:3e:95:9f:41", "version": 6, "addr": "2003::f816:3eff:fe95:9f41", "OS-EXT-IPS:type": "fixed"}, {"OS-EXT-IPS-MAC:mac_addr": "fa:16:3e:95:9f:41", "version": 4, "addr": "10.100.0.3", "OS-EXT-IPS:type": "fixed"}, {"OS-EXT-IPS-MAC:mac_addr": "fa:16:3e:95:9f:41", "version": 4, "addr": "172.24.4.4", "OS-EXT-IPS:type": "floating"}]}, "links": [{"href": "http://10.4.1.3:8774/v2.1/4086eb49f7f949f5aed834fc9059c8c4/servers/8bf00265-f059-4b38-9795-d26c796dd6ad", "rel": "self"}, {"href": "http://10.4.1.3:8774/4086eb49f7f949f5aed834fc9059c8c4/servers/8bf00265-f059-4b38-9795-d26c796dd6ad", "rel": "bookmark"}], "key_name": "tempest-TestGettingAddress-1028067041", "image": {"id": "8ad70d76-e8bb-4a23-b8ef-3504a288b748", "links": [{"href": "http://10.4.1.3:8774/4086eb49f7f949f5aed834fc9059c8c4/images/8ad70d76-e8bb-4a23-b8ef-3504a288b748", "rel": "bookmark"}]}, "OS-EXT-STS:task_state": "deleting", "OS-EXT-STS:vm_state": "active", "OS-SRV-USG:launched_at": "2016-02-19T05:40:55.000000", "flavor": {"id": "42", "links": [{"href": "http://10.4.1.3:8774/4086eb49f7f949f5aed834fc9059c8c4/flavors/42", "rel": "bookmark"}]}, "id": "8bf00265-f059-4b38-9795-d26c796dd6ad", "security_groups": [{"name": "tempest-secgroup-smoke-877349324"}], "OS-SRV-USG:terminated_at": null, "OS-EXT-AZ:availability_zone": "nova", "user_id": "837dff0bdf784c89afd901ef477ba518", "name": "tempest.common.compute-instance-448376579", "created": "2016-02-19T05:40:49Z", "tenant_id": "4086eb49f7f949f5aed834fc9059c8c4", "OS-DCF:diskConfig": "MANUAL", "os-extended-volumes:volumes_attached": [], "accessIPv4": "", "accessIPv6": "", "progress": 0, "OS-EXT-STS:power_state": 1, "config_drive": "True", "metadata": {}}}
2016-02-19 05:45:13,148 27482 INFO     [tempest_lib.common.rest_client] Request (TestGettingAddress:_run_cleanups): 404 GET http://10.4.1.3:8774/v2.1/4086eb49f7f949f5aed834fc9059c8c4/servers/8bf00265-f059-4b38-9795-d26c796dd6ad 0.257s
2016-02-19 05:45:13,148 27482 DEBUG    [tempest_lib.common.rest_client] Request - Headers: {'Content-Type': 'application/json', 'Accept': 'application/json', 'X-Auth-Token': '&lt;omitted&gt;'}
        Body: None
    Response - Headers: {'status': '404', 'content-length': '111', 'x-compute-request-id': 'req-e40f274d-d590-4838-925d-f64fed7cdb2e', 'vary': 'X-OpenStack-Nova-API-Version', 'connection': 'close', 'x-openstack-nova-api-version': '2.1', 'date': 'Fri, 19 Feb 2016 05:45:13 GMT', 'content-type': 'application/json; charset=UTF-8'}
        Body: {"itemNotFound": {"message": "Instance 8bf00265-f059-4b38-9795-d26c796dd6ad could not be found.", "code": 404}}
2016-02-19 05:45:13,793 27482 INFO     [tempest_lib.common.rest_client] Request (TestGettingAddress:_run_cleanups): 500 PUT http://10.4.1.3:9696/v2.0/routers/51fe6c23-b05f-45f8-a6f1-006ff3230477/remove_router_interface 0.643s
2016-02-19 05:45:13,793 27482 DEBUG    [tempest_lib.common.rest_client] Request - Headers: {'Content-Type': 'application/json', 'Accept': 'application/json', 'X-Auth-Token': '&lt;omitted&gt;'}
        Body: {"subnet_id": "dfed2ee0-e35b-4c20-be02-f6079d1d88b0"}
    Response - Headers: {'status': '500', 'content-length': '150', 'connection': 'close', 'date': 'Fri, 19 Feb 2016 05:45:13 GMT', 'content-type': 'application/json; charset=UTF-8', 'x-openstack-request-id': 'req-c7bfd855-f1c5-4639-a757-8d8a4dfc5788'}
        Body: {"NeutronError": {"message": "Request Failed: internal server error while processing your request.", "type": "HTTPInternalServerError", "detail": ""}}
2016-02-19 05:45:14,306 27482 INFO     [tempest_lib.common.rest_client] Request (TestGettingAddress:_run_cleanups): 404 PUT http://10.4.1.3:9696/v2.0/routers/51fe6c23-b05f-45f8-a6f1-006ff3230477/remove_router_interface 0.511s
2016-02-19 05:45:14,307 27482 DEBUG    [tempest_lib.common.rest_client] Request - Headers: {'Content-Type': 'application/json', 'Accept': 'application/json', 'X-Auth-Token': '&lt;omitted&gt;'}
        Body: {"subnet_id": "dfed2ee0-e35b-4c20-be02-f6079d1d88b0"}
    Response - Headers: {'status': '404', 'content-length': '198', 'connection': 'close', 'date': 'Fri, 19 Feb 2016 05:45:14 GMT', 'content-type': 'application/json; charset=UTF-8', 'x-openstack-request-id': 'req-d4ea9025-26d2-496d-bf48-bd9732d7db3b'}
        Body: {"NeutronError": {"message": "Router 51fe6c23-b05f-45f8-a6f1-006ff3230477 has no interface on subnet dfed2ee0-e35b-4c20-be02-f6079d1d88b0", "type": "RouterInterfaceNotFoundForSubnet", "detail": ""}}
2016-02-19 05:45:15,010 27482 INFO     [tempest_lib.common.rest_client] Request (TestGettingAddress:_run_cleanups): 500 PUT http://10.4.1.3:9696/v2.0/routers/51fe6c23-b05f-45f8-a6f1-006ff3230477/remove_router_interface 0.702s
2016-02-19 05:45:15,011 27482 DEBUG    [tempest_lib.common.rest_client] Request - Headers: {'Content-Type': 'application/json', 'Accept': 'application/json', 'X-Auth-Token': '&lt;omitted&gt;'}
        Body: {"subnet_id": "c454b1fc-99a5-4db6-aa97-486eb04a69cb"}
    Response - Headers: {'status': '500', 'content-length': '150', 'connection': 'close', 'date': 'Fri, 19 Feb 2016 05:45:15 GMT', 'content-type': 'application/json; charset=UTF-8', 'x-openstack-request-id': 'req-e893f15b-375c-40a8-b68a-9692eecc4a89'}
        Body: {"NeutronError": {"message": "Request Failed: internal server error while processing your request.", "type": "HTTPInternalServerError", "detail": ""}}
2016-02-19 05:45:15,266 27482 INFO     [tempest_lib.common.rest_client] Request (TestGettingAddress:_run_cleanups): 200 GET http://10.4.1.3:9696/v2.0/routers/51fe6c23-b05f-45f8-a6f1-006ff3230477 0.253s
2016-02-19 05:45:15,266 27482 DEBUG    [tempest_lib.common.rest_client] Request - Headers: {'Content-Type': 'application/json', 'Accept': 'application/json', 'X-Auth-Token': '&lt;omitted&gt;'}
        Body: None
    Response - Headers: {'status': '200', 'content-length': '501', 'content-location': 'http://10.4.1.3:9696/v2.0/routers/51fe6c23-b05f-45f8-a6f1-006ff3230477', 'connection': 'close', 'date': 'Fri, 19 Feb 2016 05:45:15 GMT', 'content-type': 'application/json; charset=UTF-8', 'x-openstack-request-id': 'req-15dade61-ac5b-475b-b9bf-45befc6c4a28'}
        Body: {"router": {"status": "ACTIVE", "external_gateway_info": {"network_id": "e1652edc-b931-471a-815f-03e3579655b4", "enable_snat": true, "external_fixed_ips": [{"subnet_id": "2ab227c9-4da9-4346-a9d4-a5dc1e6d8254", "ip_address": "172.24.4.3"}, {"subnet_id": "be7a6e92-3ca7-4a59-aa43-4435b7ec5a2d", "ip_address": "2001:db8::4"}]}, "name": "tempest-router-smoke-1045563136", "admin_state_up": true, "tenant_id": "4086eb49f7f949f5aed834fc9059c8c4", "routes": [], "id": "51fe6c23-b05f-45f8-a6f1-006ff3230477"}}
2016-02-19 05:45:15,833 27482 INFO     [tempest_lib.common.rest_client] Request (TestGettingAddress:_run_cleanups): 200 PUT http://10.4.1.3:9696/v2.0/routers/51fe6c23-b05f-45f8-a6f1-006ff3230477 0.565s
2016-02-19 05:45:15,834 27482 DEBUG    [tempest_lib.common.rest_client] Request - Headers: {'Content-Type': 'application/json', 'Accept': 'application/json', 'X-Auth-Token': '&lt;omitted&gt;'}
        Body: {"router": {"external_gateway_info": {}, "name": "tempest-router-smoke-1045563136", "admin_state_up": true}}
    Response - Headers: {'status': '200', 'content-length': '239', 'connection': 'close', 'date': 'Fri, 19 Feb 2016 05:45:15 GMT', 'content-type': 'application/json; charset=UTF-8', 'x-openstack-request-id': 'req-f2e7830b-19a0-4fee-9493-bef8e0a012b4'}
        Body: {"router": {"status": "ACTIVE", "external_gateway_info": null, "name": "tempest-router-smoke-1045563136", "admin_state_up": true, "tenant_id": "4086eb49f7f949f5aed834fc9059c8c4", "routes": [], "id": "51fe6c23-b05f-45f8-a6f1-006ff3230477"}}
2016-02-19 05:45:16,311 27482 INFO     [tempest_lib.common.rest_client] Request (TestGettingAddress:_run_cleanups): 500 DELETE http://10.4.1.3:9696/v2.0/routers/51fe6c23-b05f-45f8-a6f1-006ff3230477 0.476s
2016-02-19 05:45:16,311 27482 DEBUG    [tempest_lib.common.rest_client] Request - Headers: {'Content-Type': 'application/json', 'Accept': 'application/json', 'X-Auth-Token': '&lt;omitted&gt;'}
        Body: None
    Response - Headers: {'status': '500', 'content-length': '150', 'connection': 'close', 'date': 'Fri, 19 Feb 2016 05:45:16 GMT', 'content-type': 'application/json; charset=UTF-8', 'x-openstack-request-id': 'req-bc23acee-e322-4746-a9d0-bf7442d2c4f7'}
        Body: {"NeutronError": {"message": "Request Failed: internal server error while processing your request.", "type": "HTTPInternalServerError", "detail": ""}}
2016-02-19 05:45:16,538 27482 INFO     [tempest_lib.common.rest_client] Request (TestGettingAddress:_run_cleanups): 404 PUT http://10.4.1.3:9696/v2.0/routers/51fe6c23-b05f-45f8-a6f1-006ff3230477/remove_router_interface 0.226s
