<?xml version="1.0" encoding="UTF-8"?>
<!DOCTYPE html PUBLIC "-//W3C//DTD XHTML 1.0 Strict//EN"
     "http://www.w3.org/TR/xhtml1/DTD/xhtml1-strict.dtd">
<html xmlns="http://www.w3.org/1999/xhtml">
<head>
    <title>Unit Test Report</title>
    <meta name="generator" content="subunit2html 0.1"/>
    <meta http-equiv="Content-Type" content="text/html; charset=UTF-8"/>
    
<style type="text/css" media="screen">
body        { font-family: verdana, arial, helvetica, sans-serif;
    font-size: 80%; }
table       { font-size: 100%; width: 100%;}
pre         { font-size: 80%; }

/* -- heading -------------------------------------------------------------- */
h1 {
        font-size: 16pt;
        color: gray;
}
.heading {
    margin-top: 0ex;
    margin-bottom: 1ex;
}

.heading .attribute {
    margin-top: 1ex;
    margin-bottom: 0;
}

.heading .description {
    margin-top: 4ex;
    margin-bottom: 6ex;
}

/* -- css div popup -------------------------------------------------------- */
a.popup_link {
}

a.popup_link:hover {
    color: red;
}

.popup_window {
    display: none;
    overflow-x: scroll;
    /*border: solid #627173 1px; */
    padding: 10px;
    background-color: #E6E6D6;
    font-family: "Ubuntu Mono", "Lucida Console", "Courier New", monospace;
    text-align: left;
    font-size: 8pt;
}

}
/* -- report --------------------------------------------------------------- */
#show_detail_line {
    margin-top: 3ex;
    margin-bottom: 1ex;
}
#result_table {
    width: 100%;
    border-collapse: collapse;
    border: 1px solid #777;
}
#header_row {
    font-weight: bold;
    color: white;
    background-color: #777;
}
#result_table td {
    border: 1px solid #777;
    padding: 2px;
}
#total_row  { font-weight: bold; }
.passClass  { background-color: #6c6; }
.failClass  { background-color: #c60; }
.errorClass { background-color: #c00; }
.passCase   { color: #6c6; }
.failCase   { color: #c60; font-weight: bold; }
.errorCase  { color: #c00; font-weight: bold; }
.hiddenRow  { display: none; }
.testcase   { margin-left: 2em; }
td.testname {width: 40%}
td.small {width: 40px}

/* -- ending --------------------------------------------------------------- */
#ending {
}

</style>

</head>
<body>
<script language="javascript" type="text/javascript"><!--
output_list = Array();

/* level - 0:Summary; 1:Failed; 2:All */
function showCase(level) {
    trs = document.getElementsByTagName("tr");
    for (var i = 0; i < trs.length; i++) {
        tr = trs[i];
        id = tr.id;
        if (id.substr(0,2) == 'ft') {
            if (level < 1) {
                tr.className = 'hiddenRow';
            }
            else {
                tr.className = '';
            }
        }
        if (id.substr(0,2) == 'pt') {
            if (level > 1) {
                tr.className = '';
            }
            else {
                tr.className = 'hiddenRow';
            }
        }
    }
}


function showClassDetail(cid, count) {
    var id_list = Array(count);
    var toHide = 1;
    for (var i = 0; i < count; i++) {
        tid0 = 't' + cid.substr(1) + '.' + (i+1);
        tid = 'f' + tid0;
        tr = document.getElementById(tid);
        if (!tr) {
            tid = 'p' + tid0;
            tr = document.getElementById(tid);
        }
        id_list[i] = tid;
        if (tr.className) {
            toHide = 0;
        }
    }
    for (var i = 0; i < count; i++) {
        tid = id_list[i];
        if (toHide) {
            document.getElementById('div_'+tid).style.display = 'none'
            document.getElementById(tid).className = 'hiddenRow';
        }
        else {
            document.getElementById(tid).className = '';
        }
    }
}


function showTestDetail(div_id){
    var details_div = document.getElementById(div_id)
    var displayState = details_div.style.display
    // alert(displayState)
    if (displayState != 'block' ) {
        displayState = 'block'
        details_div.style.display = 'block'
    }
    else {
        details_div.style.display = 'none'
    }
}


function html_escape(s) {
    s = s.replace(/&/g,'&amp;');
    s = s.replace(/</g,'&lt;');
    s = s.replace(/>/g,'&gt;');
    return s;
}

/* obsoleted by detail in <div>
function showOutput(id, name) {
    var w = window.open("", //url
                    name,
                    "resizable,scrollbars,status,width=800,height=450");
    d = w.document;
    d.write("<pre>");
    d.write(html_escape(output_list[id]));
    d.write("\n");
    d.write("<a href='javascript:window.close()'>close</a>\n");
    d.write("</pre>\n");
    d.close();
}
*/
--></script>

<div class='heading'>
<h1>Unit Test Report</h1>

<p class='attribute'><strong>Status:</strong> Failure 8</p>

<p class='description'></p>
</div>



<p id='show_detail_line'>Show
<a href='javascript:showCase(0)'>Summary</a>
<a href='javascript:showCase(1)'>Failed</a>
<a href='javascript:showCase(2)'>All</a>
</p>
<table id='result_table'>
<colgroup>
<col align='left' />
<col align='right' />
<col align='right' />
<col align='right' />
<col align='right' />
<col align='right' />
<col align='right' />
<col align='right' />
</colgroup>
<tr id='header_row'>
    <td>Test Group/Test case</td>
    <td>Count</td>
    <td>Pass</td>
    <td>Fail</td>
    <td>Error</td>
    <td>Skip</td>
    <td>View</td>
    <td> </td>
</tr>

<tr class='failClass'>
    <td class="testname">tempest.scenario.test_network_v6.TestGettingAddress</td>
    <td class="small">8</td>
    <td class="small">0</td>
    <td class="small">8</td>
    <td class="small">0</td>
    <td class="small">0</td>
    <td class="small"><a href="javascript:showClassDetail('c1',8)"
>Detail</a></td>
    <td> </td>
</tr>

<tr id='ft1.1' class='none'>
    <td class='failCase'><div class='testcase'>test_dhcp6_stateless_from_os[compute,id-d7e1f858-187c-45a6-89c9-bdafde619a9f,network,slow]</div></td>
    <td colspan='7' align='left'>

    <!--css div popup start-->
    <a class="popup_link" onfocus='this.blur();'
    href="javascript:showTestDetail('div_ft1.1')" >
        fail</a>

    <div id='div_ft1.1' class="popup_window">
        <div style='text-align: right; color:red;cursor:pointer'>
        <a onfocus='this.blur();'
onclick="document.getElementById('div_ft1.1').style.display = 'none' " >
           [x]</a>
        </div>
        <pre>
        
ft1.1: tempest.scenario.test_network_v6.TestGettingAddress.test_dhcp6_stateless_from_os[compute,id-d7e1f858-187c-45a6-89c9-bdafde619a9f,network,slow]_StringException: Empty attachments:
  stderr
  stdout

pythonlogging:'': {{{
2016-02-16 16:52:54,653 19048 INFO     [tempest_lib.common.rest_client] Request (TestGettingAddress:setUp): 200 POST http://10.4.1.3:8774/v2.1/4c752b4b40b84a45a693c82a9f53698a/os-keypairs 0.824s
2016-02-16 16:52:54,653 19048 DEBUG    [tempest_lib.common.rest_client] Request - Headers: {'Content-Type': 'application/json', 'Accept': 'application/json', 'X-Auth-Token': '&lt;omitted&gt;'}
        Body: {"keypair": {"name": "tempest-TestGettingAddress-1667072378"}}
    Response - Headers: {'status': '200', 'content-length': '2320', 'x-compute-request-id': 'req-4de1bf69-c312-487a-b6b7-010fa13a5301', 'vary': 'X-OpenStack-Nova-API-Version', 'connection': 'close', 'x-openstack-nova-api-version': '2.1', 'date': 'Tue, 16 Feb 2016 16:52:54 GMT', 'content-type': 'application/json'}
        Body: {"keypair": {"public_key": "ssh-rsa AAAAB3NzaC1yc2EAAAADAQABAAABAQCx/Ce9cfc53e/khKh+XgPuAdCE61WMhh7g1L25eAp4kNZnPnqgZ6UmNQDhykhQSkKm8uBfTgT1R9P/7hY0AnW3FM/lx4VValdE3mvGwVBkgCz4MjkqK3l9suJ7KlR5pGBi5Iescr7mU4kGWn4I2VI4Wc6iVk4ICPX8KWf8ih+4t3NKhO6nlnKnhisdD0++Xh38l6v4F91jpcZZqJV1ws5bBx6TCb/RtQMvFo0HaKaHK1AhbS/FUQA4fDUu4NHasMlFZ60w4LGyrV3kXE0El3MDVq3RHEpPZQprEJZNzFD/jFnLV9Qq23gNG/taPUYbNUzOa3WHDmBT1qFp655aJQ+N Generated-by-Nova", "private_key": "-----BEGIN RSA PRIVATE KEY-----\nMIIEqQIBAAKCAQEAsfwnvXH3Od3v5ISofl4D7gHQhOtVjIYe4NS9uXgKeJDWZz56\noGelJjUA4cpIUEpCpvLgX04E9UfT/+4WNAJ1txTP5ceFVWpXRN5rxsFQZIAs+DI5\nKit5fbLieypUeaRgYuSHrHK+5lOJBlp+CNlSOFnOolZOCAj1/Cln/IofuLdzSoTu\np5Zyp4YrHQ9Pvl4d/Jer+BfdY6XGWaiVdcLOWwcekwm/0bUDLxaNB2imhytQIW0v\nxVEAOHw1LuDR2rDJRWetMOCxsq1d5FxNBJdzA1at0RxKT2UKaxCWTcxQ/4xZy1fU\nKtt4DRv7Wj1GGzVMzmt1hw5gU9ahaeueWiUPjQIDAQABAoIBABULcJN41zeTY1sM\nyHNwoFxTAJnGza246gvBe9FjPTG2RnOcspkmyCM1Xy5TYauErE7bJuZ97h4maQ24\n1A1AQTTtlAtiRQStdzYganPsxZmsgiSyo4m17D6NmTPg9G4Rnofy54vfYW0QcYI7\nzu0y7QLWs5UESWOv044GQ1Jb7pZDgCL6cb8iA0W84Xj8QJ/NN8X7uh3NDxPWCnqM\nM0zeye32BKe2tdNwNgKKoyj94EX1wSekCqXdk5vARdjCb9wrqePoHmTn7+bhgdB8\nipEzNHZNb8gbWLxfOfsXa/qlq+NZaeLkjlxjWlS8t0d+/B8pCvwuaETjXOIKS39K\n1AOvQi0CggCBAMn2aJy92rGp9JLiBRcC1Ds5tqBsy2f4J628CjBHRsU1U/dJ1gsx\n1ECzlHbrmszDlNY3dUAJ4jvwFI6+/rDtMSaVDSVQ0nolANRX+FMpqnrO9FfaZizj\nlbo+zffOeHXHVG9CQvs7gSTdohISNMr5dixyLdu3mTubkbWXwGP3EAGrAoIAgQDh\nm2Jd0fR/SgKbCwwEuzal1dNU5psW8FyNvmbMv61VNKJRSMKrd++DIGezNaMxFb+r\nQee9MHlBtjBtJpDfEN0HGd86gLv2YNzpr1TX72p0EycZOYHKT3+u+infWIVtLJzV\nvtE2mGkAn8yAg/xWD19ypZoOH0k2YYrf8QOj44TrpwKCAIAZBRzKpj6MmgiBldyZ\nkDEosSqtzyyX0cdgn5YHixz6W3Pug8gvlNm9tkGjRebkjSpIK5CsAU10rXZuhLza\nwFfBdt+tCsk4dpMWu1s5OkUzd6YPqC/WSc+HxjYQCBUmSi5spiHUK/gA0DA+2uCN\ncMAyG2cQ/DrQhqJTg9xCxh3GhwKCAIEAoAZtkYrZWGiQzJTbY4e/zYWML06bd3vq\nyofhtx3Gvwdkky9/Fc0u0N3tcIp9RNXebIWE8QcvG1M1qlaOsArwHJdXZdHmgW5X\nhFJfZgNmiQsE0rmdvHkDYoQDq27IxZW9cUe2cnlNEapHjmkQVaL12wZn7dh3P+GU\ndiAoqtk5cUUCggCBAK6fFYyQXkfFKxonPT5dqISgbdwFoUpbnZywpNc+gYo5mfuf\nqU04lDsSCvkVudPMId9cMmZ5HU+Kl5QzMlurPzmqu7073IuZMT6i5WCLwB/QvRyS\nUltjPRft7lJG1yfTPvNODdtEier0OAwx/8HG8jIm93n+E3WWG2UlJYdsLuAq\n-----END RSA PRIVATE KEY-----\n", "user_id": "2dc70ead8bd24e90b6d4f2838d9ebca7", "name": "tempest-TestGettingAddress-1667072378", "fingerprint": "10:87:81:12:88:af:26:0c:b5:b5:9a:34:00:7b:83:79"}}
2016-02-16 16:52:55,070 19048 INFO     [tempest_lib.common.rest_client] Request (TestGettingAddress:setUp): 201 POST http://10.4.1.3:9696/v2.0/security-groups 0.412s
2016-02-16 16:52:55,071 19048 DEBUG    [tempest_lib.common.rest_client] Request - Headers: {'Content-Type': 'application/json', 'Accept': 'application/json', 'X-Auth-Token': '&lt;omitted&gt;'}
        Body: {"security_group": {"tenant_id": "4c752b4b40b84a45a693c82a9f53698a", "description": "tempest-secgroup-smoke-864646137 description", "name": "tempest-secgroup-smoke-864646137"}}
    Response - Headers: {'status': '201', 'content-length': '886', 'connection': 'close', 'date': 'Tue, 16 Feb 2016 16:52:55 GMT', 'content-type': 'application/json; charset=UTF-8', 'x-openstack-request-id': 'req-bb0ed939-0025-483c-9d6e-c7ead3ff7712'}
        Body: {"security_group": {"tenant_id": "4c752b4b40b84a45a693c82a9f53698a", "description": "tempest-secgroup-smoke-864646137 description", "id": "9613dcef-9dee-4db7-a8a6-b4f31fec097a", "security_group_rules": [{"remote_group_id": null, "direction": "egress", "remote_ip_prefix": null, "protocol": null, "ethertype": "IPv4", "tenant_id": "4c752b4b40b84a45a693c82a9f53698a", "port_range_max": null, "port_range_min": null, "id": "00271f7a-72a4-4f6f-8ff3-c1365da9cbea", "security_group_id": "9613dcef-9dee-4db7-a8a6-b4f31fec097a"}, {"remote_group_id": null, "direction": "egress", "remote_ip_prefix": null, "protocol": null, "ethertype": "IPv6", "tenant_id": "4c752b4b40b84a45a693c82a9f53698a", "port_range_max": null, "port_range_min": null, "id": "fa146f7d-d8e1-44c1-b94d-dbd3d231dc13", "security_group_id": "9613dcef-9dee-4db7-a8a6-b4f31fec097a"}], "name": "tempest-secgroup-smoke-864646137"}}
2016-02-16 16:52:55,381 19048 INFO     [tempest_lib.common.rest_client] Request (TestGettingAddress:setUp): 201 POST http://10.4.1.3:9696/v2.0/security-group-rules 0.308s
2016-02-16 16:52:55,382 19048 DEBUG    [tempest_lib.common.rest_client] Request - Headers: {'Content-Type': 'application/json', 'Accept': 'application/json', 'X-Auth-Token': '&lt;omitted&gt;'}
        Body: {"security_group_rule": {"direction": "ingress", "protocol": "tcp", "tenant_id": "4c752b4b40b84a45a693c82a9f53698a", "port_range_max": 22, "security_group_id": "9613dcef-9dee-4db7-a8a6-b4f31fec097a", "port_range_min": 22}}
    Response - Headers: {'status': '201', 'content-length': '340', 'connection': 'close', 'date': 'Tue, 16 Feb 2016 16:52:55 GMT', 'content-type': 'application/json; charset=UTF-8', 'x-openstack-request-id': 'req-439aceeb-41d4-450e-9b0c-80c615042e92'}
        Body: {"security_group_rule": {"remote_group_id": null, "direction": "ingress", "remote_ip_prefix": null, "protocol": "tcp", "ethertype": "IPv4", "tenant_id": "4c752b4b40b84a45a693c82a9f53698a", "port_range_max": 22, "port_range_min": 22, "id": "cda7f4cc-e2df-4fef-addf-2ea9452aaf9f", "security_group_id": "9613dcef-9dee-4db7-a8a6-b4f31fec097a"}}
2016-02-16 16:52:55,692 19048 INFO     [tempest_lib.common.rest_client] Request (TestGettingAddress:setUp): 201 POST http://10.4.1.3:9696/v2.0/security-group-rules 0.309s
2016-02-16 16:52:55,693 19048 DEBUG    [tempest_lib.common.rest_client] Request - Headers: {'Content-Type': 'application/json', 'Accept': 'application/json', 'X-Auth-Token': '&lt;omitted&gt;'}
        Body: {"security_group_rule": {"direction": "egress", "protocol": "tcp", "tenant_id": "4c752b4b40b84a45a693c82a9f53698a", "port_range_max": 22, "security_group_id": "9613dcef-9dee-4db7-a8a6-b4f31fec097a", "port_range_min": 22}}
    Response - Headers: {'status': '201', 'content-length': '339', 'connection': 'close', 'date': 'Tue, 16 Feb 2016 16:52:55 GMT', 'content-type': 'application/json; charset=UTF-8', 'x-openstack-request-id': 'req-48378142-8841-4ee7-8e7c-ee0872674576'}
        Body: {"security_group_rule": {"remote_group_id": null, "direction": "egress", "remote_ip_prefix": null, "protocol": "tcp", "ethertype": "IPv4", "tenant_id": "4c752b4b40b84a45a693c82a9f53698a", "port_range_max": 22, "port_range_min": 22, "id": "b2aef4ef-f905-4005-af00-d6a93dbdbf28", "security_group_id": "9613dcef-9dee-4db7-a8a6-b4f31fec097a"}}
2016-02-16 16:52:56,016 19048 INFO     [tempest_lib.common.rest_client] Request (TestGettingAddress:setUp): 201 POST http://10.4.1.3:9696/v2.0/security-group-rules 0.322s
2016-02-16 16:52:56,017 19048 DEBUG    [tempest_lib.common.rest_client] Request - Headers: {'Content-Type': 'application/json', 'Accept': 'application/json', 'X-Auth-Token': '&lt;omitted&gt;'}
        Body: {"security_group_rule": {"tenant_id": "4c752b4b40b84a45a693c82a9f53698a", "direction": "ingress", "protocol": "icmp", "security_group_id": "9613dcef-9dee-4db7-a8a6-b4f31fec097a"}}
    Response - Headers: {'status': '201', 'content-length': '345', 'connection': 'close', 'date': 'Tue, 16 Feb 2016 16:52:56 GMT', 'content-type': 'application/json; charset=UTF-8', 'x-openstack-request-id': 'req-d7aaa995-bfd5-4428-9d48-a1538675095c'}
        Body: {"security_group_rule": {"remote_group_id": null, "direction": "ingress", "remote_ip_prefix": null, "protocol": "icmp", "ethertype": "IPv4", "tenant_id": "4c752b4b40b84a45a693c82a9f53698a", "port_range_max": null, "port_range_min": null, "id": "1807bb63-bdce-4353-9389-5c1e03db9256", "security_group_id": "9613dcef-9dee-4db7-a8a6-b4f31fec097a"}}
2016-02-16 16:52:56,334 19048 INFO     [tempest_lib.common.rest_client] Request (TestGettingAddress:setUp): 201 POST http://10.4.1.3:9696/v2.0/security-group-rules 0.315s
2016-02-16 16:52:56,335 19048 DEBUG    [tempest_lib.common.rest_client] Request - Headers: {'Content-Type': 'application/json', 'Accept': 'application/json', 'X-Auth-Token': '&lt;omitted&gt;'}
        Body: {"security_group_rule": {"tenant_id": "4c752b4b40b84a45a693c82a9f53698a", "direction": "egress", "protocol": "icmp", "security_group_id": "9613dcef-9dee-4db7-a8a6-b4f31fec097a"}}
    Response - Headers: {'status': '201', 'content-length': '344', 'connection': 'close', 'date': 'Tue, 16 Feb 2016 16:52:56 GMT', 'content-type': 'application/json; charset=UTF-8', 'x-openstack-request-id': 'req-ffc9166f-6de6-429a-a08f-951e60074751'}
        Body: {"security_group_rule": {"remote_group_id": null, "direction": "egress", "remote_ip_prefix": null, "protocol": "icmp", "ethertype": "IPv4", "tenant_id": "4c752b4b40b84a45a693c82a9f53698a", "port_range_max": null, "port_range_min": null, "id": "0593975e-b3ce-423e-a630-a3996622e5bb", "security_group_id": "9613dcef-9dee-4db7-a8a6-b4f31fec097a"}}
2016-02-16 16:52:56,637 19048 INFO     [tempest_lib.common.rest_client] Request (TestGettingAddress:setUp): 201 POST http://10.4.1.3:9696/v2.0/security-group-rules 0.300s
2016-02-16 16:52:56,637 19048 DEBUG    [tempest_lib.common.rest_client] Request - Headers: {'Content-Type': 'application/json', 'Accept': 'application/json', 'X-Auth-Token': '&lt;omitted&gt;'}
        Body: {"security_group_rule": {"tenant_id": "4c752b4b40b84a45a693c82a9f53698a", "direction": "ingress", "security_group_id": "9613dcef-9dee-4db7-a8a6-b4f31fec097a", "protocol": "icmp", "ethertype": "IPv6"}}
    Response - Headers: {'status': '201', 'content-length': '345', 'connection': 'close', 'date': 'Tue, 16 Feb 2016 16:52:56 GMT', 'content-type': 'application/json; charset=UTF-8', 'x-openstack-request-id': 'req-89c92a47-9ade-4bb0-af4a-d36c1fb3b925'}
        Body: {"security_group_rule": {"remote_group_id": null, "direction": "ingress", "remote_ip_prefix": null, "protocol": "icmp", "ethertype": "IPv6", "tenant_id": "4c752b4b40b84a45a693c82a9f53698a", "port_range_max": null, "port_range_min": null, "id": "b93f18c9-e60b-4737-b187-9b0729b46c12", "security_group_id": "9613dcef-9dee-4db7-a8a6-b4f31fec097a"}}
2016-02-16 16:52:56,955 19048 INFO     [tempest_lib.common.rest_client] Request (TestGettingAddress:setUp): 201 POST http://10.4.1.3:9696/v2.0/security-group-rules 0.316s
2016-02-16 16:52:56,955 19048 DEBUG    [tempest_lib.common.rest_client] Request - Headers: {'Content-Type': 'application/json', 'Accept': 'application/json', 'X-Auth-Token': '&lt;omitted&gt;'}
        Body: {"security_group_rule": {"tenant_id": "4c752b4b40b84a45a693c82a9f53698a", "direction": "egress", "security_group_id": "9613dcef-9dee-4db7-a8a6-b4f31fec097a", "protocol": "icmp", "ethertype": "IPv6"}}
    Response - Headers: {'status': '201', 'content-length': '344', 'connection': 'close', 'date': 'Tue, 16 Feb 2016 16:52:56 GMT', 'content-type': 'application/json; charset=UTF-8', 'x-openstack-request-id': 'req-c6883eda-8bb9-446f-9cc5-ad0f1d094701'}
        Body: {"security_group_rule": {"remote_group_id": null, "direction": "egress", "remote_ip_prefix": null, "protocol": "icmp", "ethertype": "IPv6", "tenant_id": "4c752b4b40b84a45a693c82a9f53698a", "port_range_max": null, "port_range_min": null, "id": "7511ccca-ecf5-43bb-aa39-15b4758905a5", "security_group_id": "9613dcef-9dee-4db7-a8a6-b4f31fec097a"}}
2016-02-16 16:52:57,418 19048 INFO     [tempest_lib.common.rest_client] Request (TestGettingAddress:test_dhcp6_stateless_from_os): 201 POST http://10.4.1.3:9696/v2.0/networks 0.460s
2016-02-16 16:52:57,418 19048 DEBUG    [tempest_lib.common.rest_client] Request - Headers: {'Content-Type': 'application/json', 'Accept': 'application/json', 'X-Auth-Token': '&lt;omitted&gt;'}
        Body: {"network": {"tenant_id": "4c752b4b40b84a45a693c82a9f53698a", "name": "tempest-network-smoke--494749601"}}
    Response - Headers: {'status': '201', 'content-length': '355', 'connection': 'close', 'date': 'Tue, 16 Feb 2016 16:52:57 GMT', 'content-type': 'application/json; charset=UTF-8', 'x-openstack-request-id': 'req-f16bd31c-5a82-452a-a6e6-cb19f22d291a'}
        Body: {"network": {"status": "ACTIVE", "subnets": [], "availability_zone_hints": [], "availability_zones": [], "name": "tempest-network-smoke--494749601", "admin_state_up": true, "tenant_id": "4c752b4b40b84a45a693c82a9f53698a", "mtu": 1450, "router:external": false, "shared": false, "port_security_enabled": true, "id": "1cc04b56-08c1-4c51-a4cd-827c4f09ece1"}}
2016-02-16 16:52:57,670 19048 INFO     [tempest_lib.common.rest_client] Request (TestGettingAddress:test_dhcp6_stateless_from_os): 200 GET http://10.4.1.3:9696/v2.0/subnets?tenant_id=4c752b4b40b84a45a693c82a9f53698a&amp;cidr=10.100.0.0%2F28 0.250s
2016-02-16 16:52:57,671 19048 DEBUG    [tempest_lib.common.rest_client] Request - Headers: {'Content-Type': 'application/json', 'Accept': 'application/json', 'X-Auth-Token': '&lt;omitted&gt;'}
        Body: None
    Response - Headers: {'status': '200', 'content-length': '15', 'content-location': 'http://10.4.1.3:9696/v2.0/subnets?tenant_id=4c752b4b40b84a45a693c82a9f53698a&amp;cidr=10.100.0.0%2F28', 'connection': 'close', 'date': 'Tue, 16 Feb 2016 16:52:57 GMT', 'content-type': 'application/json; charset=UTF-8', 'x-openstack-request-id': 'req-d18921a8-9f84-4665-9545-6aabe5cdd434'}
        Body: {"subnets": []}
2016-02-16 16:52:58,332 19048 INFO     [tempest_lib.common.rest_client] Request (TestGettingAddress:test_dhcp6_stateless_from_os): 201 POST http://10.4.1.3:9696/v2.0/subnets 0.660s
2016-02-16 16:52:58,333 19048 DEBUG    [tempest_lib.common.rest_client] Request - Headers: {'Content-Type': 'application/json', 'Accept': 'application/json', 'X-Auth-Token': '&lt;omitted&gt;'}
        Body: {"subnet": {"ip_version": 4, "tenant_id": "4c752b4b40b84a45a693c82a9f53698a", "cidr": "10.100.0.0/28", "network_id": "1cc04b56-08c1-4c51-a4cd-827c4f09ece1", "name": "tempest-sub4-799183686"}}
    Response - Headers: {'status': '201', 'content-length': '469', 'connection': 'close', 'date': 'Tue, 16 Feb 2016 16:52:58 GMT', 'content-type': 'application/json; charset=UTF-8', 'x-openstack-request-id': 'req-acea06bd-57a3-4168-85de-2db769fe3044'}
        Body: {"subnet": {"name": "tempest-sub4-799183686", "enable_dhcp": true, "network_id": "1cc04b56-08c1-4c51-a4cd-827c4f09ece1", "tenant_id": "4c752b4b40b84a45a693c82a9f53698a", "dns_nameservers": [], "gateway_ip": "10.100.0.1", "ipv6_ra_mode": null, "allocation_pools": [{"start": "10.100.0.2", "end": "10.100.0.14"}], "host_routes": [], "ip_version": 4, "ipv6_address_mode": null, "cidr": "10.100.0.0/28", "id": "3efc5952-8756-47cc-b7f5-d31d25c5cdec", "subnetpool_id": null}}
2016-02-16 16:52:58,557 19048 INFO     [tempest_lib.common.rest_client] Request (TestGettingAddress:test_dhcp6_stateless_from_os): 201 POST http://10.4.1.3:9696/v2.0/routers 0.223s
2016-02-16 16:52:58,558 19048 DEBUG    [tempest_lib.common.rest_client] Request - Headers: {'Content-Type': 'application/json', 'Accept': 'application/json', 'X-Auth-Token': '&lt;omitted&gt;'}
        Body: {"router": {"tenant_id": "4c752b4b40b84a45a693c82a9f53698a", "name": "tempest-router-smoke-1536646156", "admin_state_up": true}}
    Response - Headers: {'status': '201', 'content-length': '239', 'connection': 'close', 'date': 'Tue, 16 Feb 2016 16:52:58 GMT', 'content-type': 'application/json; charset=UTF-8', 'x-openstack-request-id': 'req-0cee43c2-f8d8-4750-8ace-0afe5783bb18'}
        Body: {"router": {"status": "ACTIVE", "external_gateway_info": null, "name": "tempest-router-smoke-1536646156", "admin_state_up": true, "tenant_id": "4c752b4b40b84a45a693c82a9f53698a", "routes": [], "id": "4dd3f922-6546-4de2-9a7a-63b5212f428c"}}
2016-02-16 16:52:58,766 19048 INFO     [tempest_lib.common.rest_client] Request (TestGettingAddress:test_dhcp6_stateless_from_os): 200 GET http://10.4.1.3:9696/v2.0/routers/4dd3f922-6546-4de2-9a7a-63b5212f428c 0.207s
2016-02-16 16:52:58,766 19048 DEBUG    [tempest_lib.common.rest_client] Request - Headers: {'Content-Type': 'application/json', 'Accept': 'application/json', 'X-Auth-Token': '&lt;omitted&gt;'}
        Body: None
    Response - Headers: {'status': '200', 'content-length': '239', 'content-location': 'http://10.4.1.3:9696/v2.0/routers/4dd3f922-6546-4de2-9a7a-63b5212f428c', 'connection': 'close', 'date': 'Tue, 16 Feb 2016 16:52:58 GMT', 'content-type': 'application/json; charset=UTF-8', 'x-openstack-request-id': 'req-41f12b26-3c08-4ca2-bcf6-7e600cb9c862'}
        Body: {"router": {"status": "ACTIVE", "external_gateway_info": null, "name": "tempest-router-smoke-1536646156", "admin_state_up": true, "tenant_id": "4c752b4b40b84a45a693c82a9f53698a", "routes": [], "id": "4dd3f922-6546-4de2-9a7a-63b5212f428c"}}
2016-02-16 16:52:59,545 19048 INFO     [tempest_lib.common.rest_client] Request (TestGettingAddress:test_dhcp6_stateless_from_os): 200 PUT http://10.4.1.3:9696/v2.0/routers/4dd3f922-6546-4de2-9a7a-63b5212f428c 0.778s
2016-02-16 16:52:59,546 19048 DEBUG    [tempest_lib.common.rest_client] Request - Headers: {'Content-Type': 'application/json', 'Accept': 'application/json', 'X-Auth-Token': '&lt;omitted&gt;'}
        Body: {"router": {"external_gateway_info": {"network_id": "86df8747-be5b-4f31-8be6-41d50471f1c4"}, "name": "tempest-router-smoke-1536646156", "admin_state_up": true}}
    Response - Headers: {'status': '200', 'content-length': '501', 'connection': 'close', 'date': 'Tue, 16 Feb 2016 16:52:59 GMT', 'content-type': 'application/json; charset=UTF-8', 'x-openstack-request-id': 'req-8985ad8f-7e9b-4163-bec2-5dff3faaf1b1'}
        Body: {"router": {"status": "ACTIVE", "external_gateway_info": {"network_id": "86df8747-be5b-4f31-8be6-41d50471f1c4", "enable_snat": true, "external_fixed_ips": [{"subnet_id": "676b8be7-bad1-417a-b302-9034e5ee3d82", "ip_address": "172.24.4.3"}, {"subnet_id": "a16a0393-3b91-46b6-9a47-9235cd99cb78", "ip_address": "2001:db8::3"}]}, "name": "tempest-router-smoke-1536646156", "admin_state_up": true, "tenant_id": "4c752b4b40b84a45a693c82a9f53698a", "routes": [], "id": "4dd3f922-6546-4de2-9a7a-63b5212f428c"}}
2016-02-16 16:53:00,231 19048 INFO     [tempest_lib.common.rest_client] Request (TestGettingAddress:test_dhcp6_stateless_from_os): 200 PUT http://10.4.1.3:9696/v2.0/routers/4dd3f922-6546-4de2-9a7a-63b5212f428c/add_router_interface 0.685s
2016-02-16 16:53:00,232 19048 DEBUG    [tempest_lib.common.rest_client] Request - Headers: {'Content-Type': 'application/json', 'Accept': 'application/json', 'X-Auth-Token': '&lt;omitted&gt;'}
        Body: {"subnet_id": "3efc5952-8756-47cc-b7f5-d31d25c5cdec"}
    Response - Headers: {'status': '200', 'content-length': '309', 'connection': 'close', 'date': 'Tue, 16 Feb 2016 16:53:00 GMT', 'content-type': 'application/json; charset=UTF-8', 'x-openstack-request-id': 'req-0e00e379-f7e2-4d51-a2bf-33369000543d'}
        Body: {"network_id": "1cc04b56-08c1-4c51-a4cd-827c4f09ece1", "tenant_id": "4c752b4b40b84a45a693c82a9f53698a", "subnet_id": "3efc5952-8756-47cc-b7f5-d31d25c5cdec", "subnet_ids": ["3efc5952-8756-47cc-b7f5-d31d25c5cdec"], "port_id": "fe7a25e0-8557-4105-8fbf-1785fb9e3fc2", "id": "4dd3f922-6546-4de2-9a7a-63b5212f428c"}
2016-02-16 16:53:00,452 19048 INFO     [tempest_lib.common.rest_client] Request (TestGettingAddress:test_dhcp6_stateless_from_os): 200 GET http://10.4.1.3:9696/v2.0/subnets?tenant_id=4c752b4b40b84a45a693c82a9f53698a&amp;cidr=2003%3A%3A%2F64 0.219s
2016-02-16 16:53:00,453 19048 DEBUG    [tempest_lib.common.rest_client] Request - Headers: {'Content-Type': 'application/json', 'Accept': 'application/json', 'X-Auth-Token': '&lt;omitted&gt;'}
        Body: None
    Response - Headers: {'status': '200', 'content-length': '15', 'content-location': 'http://10.4.1.3:9696/v2.0/subnets?tenant_id=4c752b4b40b84a45a693c82a9f53698a&amp;cidr=2003%3A%3A%2F64', 'connection': 'close', 'date': 'Tue, 16 Feb 2016 16:53:00 GMT', 'content-type': 'application/json; charset=UTF-8', 'x-openstack-request-id': 'req-b485fa06-a055-410b-9c1e-33e232f6761f'}
        Body: {"subnets": []}
2016-02-16 16:53:01,734 19048 INFO     [tempest_lib.common.rest_client] Request (TestGettingAddress:test_dhcp6_stateless_from_os): 201 POST http://10.4.1.3:9696/v2.0/subnets 1.280s
2016-02-16 16:53:01,735 19048 DEBUG    [tempest_lib.common.rest_client] Request - Headers: {'Content-Type': 'application/json', 'Accept': 'application/json', 'X-Auth-Token': '&lt;omitted&gt;'}
        Body: {"subnet": {"name": "tempest-sub6-572693058", "network_id": "1cc04b56-08c1-4c51-a4cd-827c4f09ece1", "tenant_id": "4c752b4b40b84a45a693c82a9f53698a", "ipv6_ra_mode": "dhcpv6-stateless", "ip_version": 6, "ipv6_address_mode": "dhcpv6-stateless", "cidr": "2003::/64"}}
    Response - Headers: {'status': '201', 'content-length': '501', 'connection': 'close', 'date': 'Tue, 16 Feb 2016 16:53:01 GMT', 'content-type': 'application/json; charset=UTF-8', 'x-openstack-request-id': 'req-70675ea9-9f49-4df0-8ebd-f76359911c6d'}
        Body: {"subnet": {"name": "tempest-sub6-572693058", "enable_dhcp": true, "network_id": "1cc04b56-08c1-4c51-a4cd-827c4f09ece1", "tenant_id": "4c752b4b40b84a45a693c82a9f53698a", "dns_nameservers": [], "gateway_ip": "2003::1", "ipv6_ra_mode": "dhcpv6-stateless", "allocation_pools": [{"start": "2003::2", "end": "2003::ffff:ffff:ffff:ffff"}], "host_routes": [], "ip_version": 6, "ipv6_address_mode": "dhcpv6-stateless", "cidr": "2003::/64", "id": "c96dc203-2bf2-4096-a63c-00d12d245a89", "subnetpool_id": null}}
2016-02-16 16:53:02,509 19048 INFO     [tempest_lib.common.rest_client] Request (TestGettingAddress:test_dhcp6_stateless_from_os): 200 PUT http://10.4.1.3:9696/v2.0/routers/4dd3f922-6546-4de2-9a7a-63b5212f428c/add_router_interface 0.772s
2016-02-16 16:53:02,509 19048 DEBUG    [tempest_lib.common.rest_client] Request - Headers: {'Content-Type': 'application/json', 'Accept': 'application/json', 'X-Auth-Token': '&lt;omitted&gt;'}
        Body: {"subnet_id": "c96dc203-2bf2-4096-a63c-00d12d245a89"}
    Response - Headers: {'status': '200', 'content-length': '309', 'connection': 'close', 'date': 'Tue, 16 Feb 2016 16:53:02 GMT', 'content-type': 'application/json; charset=UTF-8', 'x-openstack-request-id': 'req-4e14b014-bd7c-402b-b158-30d7af8a1d39'}
        Body: {"network_id": "1cc04b56-08c1-4c51-a4cd-827c4f09ece1", "tenant_id": "4c752b4b40b84a45a693c82a9f53698a", "subnet_id": "c96dc203-2bf2-4096-a63c-00d12d245a89", "subnet_ids": ["c96dc203-2bf2-4096-a63c-00d12d245a89"], "port_id": "cdc74750-afb3-4fc4-9f52-3ae57b531dce", "id": "4dd3f922-6546-4de2-9a7a-63b5212f428c"}
2016-02-16 16:53:02,665 19048 INFO     [tempest_lib.common.rest_client] Request (TestGettingAddress:test_dhcp6_stateless_from_os): 200 POST http://10.4.1.3:5000/v2.0/tokens
2016-02-16 16:53:02,665 19048 DEBUG    [tempest_lib.common.rest_client] Request - Headers: {'Content-Type': 'application/json', 'Accept': 'application/json'}
        Body: &lt;omitted&gt;
    Response - Headers: {'status': '200', 'content-length': '2254', 'vary': 'X-Auth-Token', 'server': 'Apache/2.4.7 (Ubuntu)', 'connection': 'close', 'date': 'Tue, 16 Feb 2016 16:53:02 GMT', 'content-type': 'application/json', 'x-openstack-request-id': 'req-cd5238ef-9a51-46c7-bb37-0c5a39aaae39'}
        Body: {"access": {"token": {"issued_at": "2016-02-16T16:53:02.655314", "expires": "2016-02-16T17:53:02Z", "id": "172886f6bc1045dd8a7ec01eead86921", "tenant": {"description": "tempest-TestGettingAddress-1185357297-desc", "enabled": true, "id": "4c752b4b40b84a45a693c82a9f53698a", "name": "tempest-TestGettingAddress-1185357297"}, "audit_ids": ["vNtngKriTXGNZpQYWtPIzQ"]}, "serviceCatalog": [{"endpoints": [{"adminURL": "http://10.4.1.3:9292", "region": "RegionOne", "internalURL": "http://10.4.1.3:9292", "id": "5b6374aa56a349c699f1d972183d02a3", "publicURL": "http://10.4.1.3:9292"}], "endpoints_links": [], "type": "image", "name": "glance"}, {"endpoints": [{"adminURL": "http://10.4.1.3:8774/v2.1/4c752b4b40b84a45a693c82a9f53698a", "region": "RegionOne", "internalURL": "http://10.4.1.3:8774/v2.1/4c752b4b40b84a45a693c82a9f53698a", "id": "56c45ef6746e47cc949638c45156436b", "publicURL": "http://10.4.1.3:8774/v2.1/4c752b4b40b84a45a693c82a9f53698a"}], "endpoints_links": [], "type": "compute", "name": "nova"}, {"endpoints": [{"adminURL": "http://10.4.1.3:8774/v2/4c752b4b40b84a45a693c82a9f53698a", "region": "RegionOne", "internalURL": "http://10.4.1.3:8774/v2/4c752b4b40b84a45a693c82a9f53698a", "id": "0437a21a7cdd46ee8072360f76311729", "publicURL": "http://10.4.1.3:8774/v2/4c752b4b40b84a45a693c82a9f53698a"}], "endpoints_links": [], "type": "compute_legacy", "name": "nova_legacy"}, {"endpoints": [{"adminURL": "http://10.4.1.3:35357/v2.0", "region": "RegionOne", "internalURL": "http://10.4.1.3:5000/v2.0", "id": "b1e75357eec64bfc830176effd97597e", "publicURL": "http://10.4.1.3:5000/v2.0"}], "endpoints_links": [], "type": "identity", "name": "keystone"}, {"endpoints": [{"adminURL": "http://10.4.1.3:9696/", "region": "RegionOne", "internalURL": "http://10.4.1.3:9696/", "id": "816144626de749d19130a0001e85a4bf", "publicURL": "http://10.4.1.3:9696/"}], "endpoints_links": [], "type": "network", "name": "neutron"}], "user": {"username": "tempest-TestGettingAddress-602856919", "roles_links": [], "id": "2dc70ead8bd24e90b6d4f2838d9ebca7", "roles": [{"name": "_member_"}, {"name": "Member"}], "name": "tempest-TestGettingAddress-602856919"}, "metadata": {"is_admin": 0, "roles": ["9fe2ff9ee4384b1894a90878d3e92bab", "4500155c7923467c8096a6f81771e814"]}}}
2016-02-16 16:53:02,671 19048 DEBUG    [tempest.common.fixed_network] (TestGettingAddress:test_dhcp6_stateless_from_os) No valid network provided or created, defaulting to fixed_network_name
2016-02-16 16:53:03,138 19048 INFO     [tempest_lib.common.rest_client] Request (TestGettingAddress:test_dhcp6_stateless_from_os): 200 GET http://10.4.1.3:8774/v2.1/4c752b4b40b84a45a693c82a9f53698a/os-networks 0.466s
2016-02-16 16:53:03,138 19048 DEBUG    [tempest_lib.common.rest_client] Request - Headers: {'Content-Type': 'application/json', 'Accept': 'application/json', 'X-Auth-Token': '&lt;omitted&gt;'}
        Body: None
    Response - Headers: {'status': '200', 'content-length': '478', 'content-location': 'http://10.4.1.3:8774/v2.1/4c752b4b40b84a45a693c82a9f53698a/os-networks', 'x-compute-request-id': 'req-e6e95b4d-f62a-4808-9775-fb86423b2486', 'vary': 'X-OpenStack-Nova-API-Version', 'connection': 'close', 'x-openstack-nova-api-version': '2.1', 'date': 'Tue, 16 Feb 2016 16:53:03 GMT', 'content-type': 'application/json'}
        Body: {"networks": [{"cidr_v6": null, "dns2": null, "dns1": null, "gateway": null, "broadcast": null, "netmask": null, "gateway_v6": null, "cidr": null, "label": "tempest-network-smoke--494749601", "id": "1cc04b56-08c1-4c51-a4cd-827c4f09ece1", "netmask_v6": null}, {"cidr_v6": null, "dns2": null, "dns1": null, "gateway": null, "broadcast": null, "netmask": null, "gateway_v6": null, "cidr": null, "label": "public", "id": "86df8747-be5b-4f31-8be6-41d50471f1c4", "netmask_v6": null}]}
2016-02-16 16:53:03,138 19048 WARNING  [tempest.common.fixed_network] (TestGettingAddress:test_dhcp6_stateless_from_os) Network with name: private not found
2016-02-16 16:53:03,140 19048 INFO     [tempest.common.fixed_network] (TestGettingAddress:test_dhcp6_stateless_from_os) Found network {} available for tenant
2016-02-16 16:53:06,529 19048 INFO     [tempest_lib.common.rest_client] Request (TestGettingAddress:test_dhcp6_stateless_from_os): 202 POST http://10.4.1.3:8774/v2.1/4c752b4b40b84a45a693c82a9f53698a/servers 3.388s
2016-02-16 16:53:06,531 19048 DEBUG    [tempest_lib.common.rest_client] Request - Headers: {'Content-Type': 'application/json', 'Accept': 'application/json', 'X-Auth-Token': '&lt;omitted&gt;'}
        Body: {"server": {"name": "tempest.common.compute-instance-1317608566", "imageRef": "d195af58-857e-4d87-af90-0bc9708301dd", "key_name": "tempest-TestGettingAddress-1667072378", "flavorRef": "42", "networks": [{"uuid": "1cc04b56-08c1-4c51-a4cd-827c4f09ece1"}], "security_groups": [{"name": "tempest-secgroup-smoke-864646137"}]}}
    Response - Headers: {'status': '202', 'content-length': '459', 'x-compute-request-id': 'req-dbb6cd75-de34-45f1-a6d7-d2ccf086d78f', 'vary': 'X-OpenStack-Nova-API-Version', 'connection': 'close', 'location': 'http://10.4.1.3:8774/v2.1/4c752b4b40b84a45a693c82a9f53698a/servers/253e18ee-18f6-43aa-a911-2aefd962e050', 'x-openstack-nova-api-version': '2.1', 'date': 'Tue, 16 Feb 2016 16:53:06 GMT', 'content-type': 'application/json'}
        Body: {"server": {"security_groups": [{"name": "tempest-secgroup-smoke-864646137"}], "OS-DCF:diskConfig": "MANUAL", "id": "253e18ee-18f6-43aa-a911-2aefd962e050", "links": [{"href": "http://10.4.1.3:8774/v2.1/4c752b4b40b84a45a693c82a9f53698a/servers/253e18ee-18f6-43aa-a911-2aefd962e050", "rel": "self"}, {"href": "http://10.4.1.3:8774/4c752b4b40b84a45a693c82a9f53698a/servers/253e18ee-18f6-43aa-a911-2aefd962e050", "rel": "bookmark"}], "adminPass": "tRA8HatpDhB4"}}
2016-02-16 16:53:07,070 19048 INFO     [tempest_lib.common.rest_client] Request (TestGettingAddress:test_dhcp6_stateless_from_os): 200 GET http://10.4.1.3:8774/v2.1/4c752b4b40b84a45a693c82a9f53698a/servers/253e18ee-18f6-43aa-a911-2aefd962e050 0.535s
2016-02-16 16:53:07,070 19048 DEBUG    [tempest_lib.common.rest_client] Request - Headers: {'Content-Type': 'application/json', 'Accept': 'application/json', 'X-Auth-Token': '&lt;omitted&gt;'}
        Body: None
    Response - Headers: {'status': '200', 'content-length': '1351', 'content-location': 'http://10.4.1.3:8774/v2.1/4c752b4b40b84a45a693c82a9f53698a/servers/253e18ee-18f6-43aa-a911-2aefd962e050', 'x-compute-request-id': 'req-9d3a92ad-cb06-47e0-93ea-13f1daece4e6', 'vary': 'X-OpenStack-Nova-API-Version', 'connection': 'close', 'x-openstack-nova-api-version': '2.1', 'date': 'Tue, 16 Feb 2016 16:53:07 GMT', 'content-type': 'application/json'}
        Body: {"server": {"status": "BUILD", "updated": "2016-02-16T16:53:06Z", "hostId": "", "addresses": {}, "links": [{"href": "http://10.4.1.3:8774/v2.1/4c752b4b40b84a45a693c82a9f53698a/servers/253e18ee-18f6-43aa-a911-2aefd962e050", "rel": "self"}, {"href": "http://10.4.1.3:8774/4c752b4b40b84a45a693c82a9f53698a/servers/253e18ee-18f6-43aa-a911-2aefd962e050", "rel": "bookmark"}], "key_name": "tempest-TestGettingAddress-1667072378", "image": {"id": "d195af58-857e-4d87-af90-0bc9708301dd", "links": [{"href": "http://10.4.1.3:8774/4c752b4b40b84a45a693c82a9f53698a/images/d195af58-857e-4d87-af90-0bc9708301dd", "rel": "bookmark"}]}, "OS-EXT-STS:task_state": "scheduling", "OS-EXT-STS:vm_state": "building", "OS-SRV-USG:launched_at": null, "flavor": {"id": "42", "links": [{"href": "http://10.4.1.3:8774/4c752b4b40b84a45a693c82a9f53698a/flavors/42", "rel": "bookmark"}]}, "id": "253e18ee-18f6-43aa-a911-2aefd962e050", "OS-SRV-USG:terminated_at": null, "OS-EXT-AZ:availability_zone": "", "user_id": "2dc70ead8bd24e90b6d4f2838d9ebca7", "name": "tempest.common.compute-instance-1317608566", "created": "2016-02-16T16:53:06Z", "tenant_id": "4c752b4b40b84a45a693c82a9f53698a", "OS-DCF:diskConfig": "MANUAL", "os-extended-volumes:volumes_attached": [], "accessIPv4": "", "accessIPv6": "", "progress": 0, "OS-EXT-STS:power_state": 0, "config_drive": "", "metadata": {}}}
2016-02-16 16:53:08,539 19048 INFO     [tempest_lib.common.rest_client] Request (TestGettingAddress:test_dhcp6_stateless_from_os): 200 GET http://10.4.1.3:8774/v2.1/4c752b4b40b84a45a693c82a9f53698a/servers/253e18ee-18f6-43aa-a911-2aefd962e050 0.460s
2016-02-16 16:53:08,540 19048 DEBUG    [tempest_lib.common.rest_client] Request - Headers: {'Content-Type': 'application/json', 'Accept': 'application/json', 'X-Auth-Token': '&lt;omitted&gt;'}
        Body: None
    Response - Headers: {'status': '200', 'content-length': '1409', 'content-location': 'http://10.4.1.3:8774/v2.1/4c752b4b40b84a45a693c82a9f53698a/servers/253e18ee-18f6-43aa-a911-2aefd962e050', 'x-compute-request-id': 'req-837ed33f-4649-436f-a988-f97131bd0252', 'vary': 'X-OpenStack-Nova-API-Version', 'connection': 'close', 'x-openstack-nova-api-version': '2.1', 'date': 'Tue, 16 Feb 2016 16:53:08 GMT', 'content-type': 'application/json'}
        Body: {"server": {"status": "BUILD", "updated": "2016-02-16T16:53:07Z", "hostId": "ca94deb3beb32a1a9581ed03f6087d95148897bec0dd572983dc8b87", "addresses": {}, "links": [{"href": "http://10.4.1.3:8774/v2.1/4c752b4b40b84a45a693c82a9f53698a/servers/253e18ee-18f6-43aa-a911-2aefd962e050", "rel": "self"}, {"href": "http://10.4.1.3:8774/4c752b4b40b84a45a693c82a9f53698a/servers/253e18ee-18f6-43aa-a911-2aefd962e050", "rel": "bookmark"}], "key_name": "tempest-TestGettingAddress-1667072378", "image": {"id": "d195af58-857e-4d87-af90-0bc9708301dd", "links": [{"href": "http://10.4.1.3:8774/4c752b4b40b84a45a693c82a9f53698a/images/d195af58-857e-4d87-af90-0bc9708301dd", "rel": "bookmark"}]}, "OS-EXT-STS:task_state": "spawning", "OS-EXT-STS:vm_state": "building", "OS-SRV-USG:launched_at": null, "flavor": {"id": "42", "links": [{"href": "http://10.4.1.3:8774/4c752b4b40b84a45a693c82a9f53698a/flavors/42", "rel": "bookmark"}]}, "id": "253e18ee-18f6-43aa-a911-2aefd962e050", "OS-SRV-USG:terminated_at": null, "OS-EXT-AZ:availability_zone": "nova", "user_id": "2dc70ead8bd24e90b6d4f2838d9ebca7", "name": "tempest.common.compute-instance-1317608566", "created": "2016-02-16T16:53:06Z", "tenant_id": "4c752b4b40b84a45a693c82a9f53698a", "OS-DCF:diskConfig": "MANUAL", "os-extended-volumes:volumes_attached": [], "accessIPv4": "", "accessIPv6": "", "progress": 0, "OS-EXT-STS:power_state": 0, "config_drive": "", "metadata": {}}}
2016-02-16 16:53:08,548 19048 INFO     [tempest.common.waiters] State transition "BUILD/scheduling" ==&gt; "BUILD/spawning" after 1 second wait
2016-02-16 16:53:10,491 19048 INFO     [tempest_lib.common.rest_client] Request (TestGettingAddress:test_dhcp6_stateless_from_os): 200 GET http://10.4.1.3:8774/v2.1/4c752b4b40b84a45a693c82a9f53698a/servers/253e18ee-18f6-43aa-a911-2aefd962e050 0.941s
2016-02-16 16:53:10,491 19048 DEBUG    [tempest_lib.common.rest_client] Request - Headers: {'Content-Type': 'application/json', 'Accept': 'application/json', 'X-Auth-Token': '&lt;omitted&gt;'}
        Body: None
    Response - Headers: {'status': '200', 'content-length': '1476', 'content-location': 'http://10.4.1.3:8774/v2.1/4c752b4b40b84a45a693c82a9f53698a/servers/253e18ee-18f6-43aa-a911-2aefd962e050', 'x-compute-request-id': 'req-c821904a-2ff6-4c11-8feb-73b420edeb06', 'vary': 'X-OpenStack-Nova-API-Version', 'connection': 'close', 'x-openstack-nova-api-version': '2.1', 'date': 'Tue, 16 Feb 2016 16:53:10 GMT', 'content-type': 'application/json'}
        Body: {"server": {"status": "BUILD", "updated": "2016-02-16T16:53:07Z", "hostId": "ca94deb3beb32a1a9581ed03f6087d95148897bec0dd572983dc8b87", "addresses": {}, "links": [{"href": "http://10.4.1.3:8774/v2.1/4c752b4b40b84a45a693c82a9f53698a/servers/253e18ee-18f6-43aa-a911-2aefd962e050", "rel": "self"}, {"href": "http://10.4.1.3:8774/4c752b4b40b84a45a693c82a9f53698a/servers/253e18ee-18f6-43aa-a911-2aefd962e050", "rel": "bookmark"}], "key_name": "tempest-TestGettingAddress-1667072378", "image": {"id": "d195af58-857e-4d87-af90-0bc9708301dd", "links": [{"href": "http://10.4.1.3:8774/4c752b4b40b84a45a693c82a9f53698a/images/d195af58-857e-4d87-af90-0bc9708301dd", "rel": "bookmark"}]}, "OS-EXT-STS:task_state": "spawning", "OS-EXT-STS:vm_state": "building", "OS-SRV-USG:launched_at": null, "flavor": {"id": "42", "links": [{"href": "http://10.4.1.3:8774/4c752b4b40b84a45a693c82a9f53698a/flavors/42", "rel": "bookmark"}]}, "id": "253e18ee-18f6-43aa-a911-2aefd962e050", "security_groups": [{"name": "tempest-secgroup-smoke-864646137"}], "OS-SRV-USG:terminated_at": null, "OS-EXT-AZ:availability_zone": "nova", "user_id": "2dc70ead8bd24e90b6d4f2838d9ebca7", "name": "tempest.common.compute-instance-1317608566", "created": "2016-02-16T16:53:06Z", "tenant_id": "4c752b4b40b84a45a693c82a9f53698a", "OS-DCF:diskConfig": "MANUAL", "os-extended-volumes:volumes_attached": [], "accessIPv4": "", "accessIPv6": "", "progress": 0, "OS-EXT-STS:power_state": 0, "config_drive": "", "metadata": {}}}
2016-02-16 16:53:12,192 19048 INFO     [tempest_lib.common.rest_client] Request (TestGettingAddress:test_dhcp6_stateless_from_os): 200 GET http://10.4.1.3:8774/v2.1/4c752b4b40b84a45a693c82a9f53698a/servers/253e18ee-18f6-43aa-a911-2aefd962e050 0.690s
2016-02-16 16:53:12,193 19048 DEBUG    [tempest_lib.common.rest_client] Request - Headers: {'Content-Type': 'application/json', 'Accept': 'application/json', 'X-Auth-Token': '&lt;omitted&gt;'}
        Body: None
    Response - Headers: {'status': '200', 'content-length': '1476', 'content-location': 'http://10.4.1.3:8774/v2.1/4c752b4b40b84a45a693c82a9f53698a/servers/253e18ee-18f6-43aa-a911-2aefd962e050', 'x-compute-request-id': 'req-c816127f-adb2-49aa-9887-13192e06b4a0', 'vary': 'X-OpenStack-Nova-API-Version', 'connection': 'close', 'x-openstack-nova-api-version': '2.1', 'date': 'Tue, 16 Feb 2016 16:53:12 GMT', 'content-type': 'application/json'}
        Body: {"server": {"status": "BUILD", "updated": "2016-02-16T16:53:07Z", "hostId": "ca94deb3beb32a1a9581ed03f6087d95148897bec0dd572983dc8b87", "addresses": {}, "links": [{"href": "http://10.4.1.3:8774/v2.1/4c752b4b40b84a45a693c82a9f53698a/servers/253e18ee-18f6-43aa-a911-2aefd962e050", "rel": "self"}, {"href": "http://10.4.1.3:8774/4c752b4b40b84a45a693c82a9f53698a/servers/253e18ee-18f6-43aa-a911-2aefd962e050", "rel": "bookmark"}], "key_name": "tempest-TestGettingAddress-1667072378", "image": {"id": "d195af58-857e-4d87-af90-0bc9708301dd", "links": [{"href": "http://10.4.1.3:8774/4c752b4b40b84a45a693c82a9f53698a/images/d195af58-857e-4d87-af90-0bc9708301dd", "rel": "bookmark"}]}, "OS-EXT-STS:task_state": "spawning", "OS-EXT-STS:vm_state": "building", "OS-SRV-USG:launched_at": null, "flavor": {"id": "42", "links": [{"href": "http://10.4.1.3:8774/4c752b4b40b84a45a693c82a9f53698a/flavors/42", "rel": "bookmark"}]}, "id": "253e18ee-18f6-43aa-a911-2aefd962e050", "security_groups": [{"name": "tempest-secgroup-smoke-864646137"}], "OS-SRV-USG:terminated_at": null, "OS-EXT-AZ:availability_zone": "nova", "user_id": "2dc70ead8bd24e90b6d4f2838d9ebca7", "name": "tempest.common.compute-instance-1317608566", "created": "2016-02-16T16:53:06Z", "tenant_id": "4c752b4b40b84a45a693c82a9f53698a", "OS-DCF:diskConfig": "MANUAL", "os-extended-volumes:volumes_attached": [], "accessIPv4": "", "accessIPv6": "", "progress": 0, "OS-EXT-STS:power_state": 0, "config_drive": "", "metadata": {}}}
2016-02-16 16:53:13,889 19048 INFO     [tempest_lib.common.rest_client] Request (TestGettingAddress:test_dhcp6_stateless_from_os): 200 GET http://10.4.1.3:8774/v2.1/4c752b4b40b84a45a693c82a9f53698a/servers/253e18ee-18f6-43aa-a911-2aefd962e050 0.686s
2016-02-16 16:53:13,889 19048 DEBUG    [tempest_lib.common.rest_client] Request - Headers: {'Content-Type': 'application/json', 'Accept': 'application/json', 'X-Auth-Token': '&lt;omitted&gt;'}
        Body: None
    Response - Headers: {'status': '200', 'content-length': '1776', 'content-location': 'http://10.4.1.3:8774/v2.1/4c752b4b40b84a45a693c82a9f53698a/servers/253e18ee-18f6-43aa-a911-2aefd962e050', 'x-compute-request-id': 'req-6f1bd3e7-4ccf-417e-9112-6dcfbe5f483c', 'vary': 'X-OpenStack-Nova-API-Version', 'connection': 'close', 'x-openstack-nova-api-version': '2.1', 'date': 'Tue, 16 Feb 2016 16:53:13 GMT', 'content-type': 'application/json'}
        Body: {"server": {"status": "ACTIVE", "updated": "2016-02-16T16:53:12Z", "hostId": "ca94deb3beb32a1a9581ed03f6087d95148897bec0dd572983dc8b87", "addresses": {"tempest-network-smoke--494749601": [{"OS-EXT-IPS-MAC:mac_addr": "fa:16:3e:4b:ee:0a", "version": 6, "addr": "2003::f816:3eff:fe4b:ee0a", "OS-EXT-IPS:type": "fixed"}, {"OS-EXT-IPS-MAC:mac_addr": "fa:16:3e:4b:ee:0a", "version": 4, "addr": "10.100.0.3", "OS-EXT-IPS:type": "fixed"}]}, "links": [{"href": "http://10.4.1.3:8774/v2.1/4c752b4b40b84a45a693c82a9f53698a/servers/253e18ee-18f6-43aa-a911-2aefd962e050", "rel": "self"}, {"href": "http://10.4.1.3:8774/4c752b4b40b84a45a693c82a9f53698a/servers/253e18ee-18f6-43aa-a911-2aefd962e050", "rel": "bookmark"}], "key_name": "tempest-TestGettingAddress-1667072378", "image": {"id": "d195af58-857e-4d87-af90-0bc9708301dd", "links": [{"href": "http://10.4.1.3:8774/4c752b4b40b84a45a693c82a9f53698a/images/d195af58-857e-4d87-af90-0bc9708301dd", "rel": "bookmark"}]}, "OS-EXT-STS:task_state": null, "OS-EXT-STS:vm_state": "active", "OS-SRV-USG:launched_at": "2016-02-16T16:53:12.000000", "flavor": {"id": "42", "links": [{"href": "http://10.4.1.3:8774/4c752b4b40b84a45a693c82a9f53698a/flavors/42", "rel": "bookmark"}]}, "id": "253e18ee-18f6-43aa-a911-2aefd962e050", "security_groups": [{"name": "tempest-secgroup-smoke-864646137"}], "OS-SRV-USG:terminated_at": null, "OS-EXT-AZ:availability_zone": "nova", "user_id": "2dc70ead8bd24e90b6d4f2838d9ebca7", "name": "tempest.common.compute-instance-1317608566", "created": "2016-02-16T16:53:06Z", "tenant_id": "4c752b4b40b84a45a693c82a9f53698a", "OS-DCF:diskConfig": "MANUAL", "os-extended-volumes:volumes_attached": [], "accessIPv4": "", "accessIPv6": "", "progress": 0, "OS-EXT-STS:power_state": 1, "config_drive": "True", "metadata": {}}}
2016-02-16 16:53:13,902 19048 INFO     [tempest.common.waiters] State transition "BUILD/spawning" ==&gt; "ACTIVE/None" after 6 second wait
2016-02-16 16:53:14,569 19048 INFO     [tempest_lib.common.rest_client] Request (TestGettingAddress:test_dhcp6_stateless_from_os): 200 GET http://10.4.1.3:8774/v2.1/4c752b4b40b84a45a693c82a9f53698a/servers/253e18ee-18f6-43aa-a911-2aefd962e050 0.667s
2016-02-16 16:53:14,569 19048 DEBUG    [tempest_lib.common.rest_client] Request - Headers: {'Content-Type': 'application/json', 'Accept': 'application/json', 'X-Auth-Token': '&lt;omitted&gt;'}
        Body: None
    Response - Headers: {'status': '200', 'content-length': '1776', 'content-location': 'http://10.4.1.3:8774/v2.1/4c752b4b40b84a45a693c82a9f53698a/servers/253e18ee-18f6-43aa-a911-2aefd962e050', 'x-compute-request-id': 'req-93add23d-3cdb-4df1-89b4-618443741594', 'vary': 'X-OpenStack-Nova-API-Version', 'connection': 'close', 'x-openstack-nova-api-version': '2.1', 'date': 'Tue, 16 Feb 2016 16:53:14 GMT', 'content-type': 'application/json'}
        Body: {"server": {"status": "ACTIVE", "updated": "2016-02-16T16:53:12Z", "hostId": "ca94deb3beb32a1a9581ed03f6087d95148897bec0dd572983dc8b87", "addresses": {"tempest-network-smoke--494749601": [{"OS-EXT-IPS-MAC:mac_addr": "fa:16:3e:4b:ee:0a", "version": 6, "addr": "2003::f816:3eff:fe4b:ee0a", "OS-EXT-IPS:type": "fixed"}, {"OS-EXT-IPS-MAC:mac_addr": "fa:16:3e:4b:ee:0a", "version": 4, "addr": "10.100.0.3", "OS-EXT-IPS:type": "fixed"}]}, "links": [{"href": "http://10.4.1.3:8774/v2.1/4c752b4b40b84a45a693c82a9f53698a/servers/253e18ee-18f6-43aa-a911-2aefd962e050", "rel": "self"}, {"href": "http://10.4.1.3:8774/4c752b4b40b84a45a693c82a9f53698a/servers/253e18ee-18f6-43aa-a911-2aefd962e050", "rel": "bookmark"}], "key_name": "tempest-TestGettingAddress-1667072378", "image": {"id": "d195af58-857e-4d87-af90-0bc9708301dd", "links": [{"href": "http://10.4.1.3:8774/4c752b4b40b84a45a693c82a9f53698a/images/d195af58-857e-4d87-af90-0bc9708301dd", "rel": "bookmark"}]}, "OS-EXT-STS:task_state": null, "OS-EXT-STS:vm_state": "active", "OS-SRV-USG:launched_at": "2016-02-16T16:53:12.000000", "flavor": {"id": "42", "links": [{"href": "http://10.4.1.3:8774/4c752b4b40b84a45a693c82a9f53698a/flavors/42", "rel": "bookmark"}]}, "id": "253e18ee-18f6-43aa-a911-2aefd962e050", "security_groups": [{"name": "tempest-secgroup-smoke-864646137"}], "OS-SRV-USG:terminated_at": null, "OS-EXT-AZ:availability_zone": "nova", "user_id": "2dc70ead8bd24e90b6d4f2838d9ebca7", "name": "tempest.common.compute-instance-1317608566", "created": "2016-02-16T16:53:06Z", "tenant_id": "4c752b4b40b84a45a693c82a9f53698a", "OS-DCF:diskConfig": "MANUAL", "os-extended-volumes:volumes_attached": [], "accessIPv4": "", "accessIPv6": "", "progress": 0, "OS-EXT-STS:power_state": 1, "config_drive": "True", "metadata": {}}}
2016-02-16 16:53:14,770 19048 INFO     [tempest_lib.common.rest_client] Request (TestGettingAddress:test_dhcp6_stateless_from_os): 200 GET http://10.4.1.3:9696/v2.0/ports?status=ACTIVE&amp;fixed_ip=None&amp;device_id=253e18ee-18f6-43aa-a911-2aefd962e050 0.192s
2016-02-16 16:53:14,771 19048 DEBUG    [tempest_lib.common.rest_client] Request - Headers: {'Content-Type': 'application/json', 'Accept': 'application/json', 'X-Auth-Token': '&lt;omitted&gt;'}
        Body: None
    Response - Headers: {'status': '200', 'content-length': '853', 'content-location': 'http://10.4.1.3:9696/v2.0/ports?status=ACTIVE&amp;fixed_ip=None&amp;device_id=253e18ee-18f6-43aa-a911-2aefd962e050', 'connection': 'close', 'date': 'Tue, 16 Feb 2016 16:53:14 GMT', 'content-type': 'application/json; charset=UTF-8', 'x-openstack-request-id': 'req-6dcc07bf-7654-4663-8c85-3ed3a8902a24'}
        Body: {"ports": [{"status": "ACTIVE", "binding:host_id": "vagrant-ubuntu-trusty-64", "name": "", "allowed_address_pairs": [], "admin_state_up": true, "network_id": "1cc04b56-08c1-4c51-a4cd-827c4f09ece1", "tenant_id": "4c752b4b40b84a45a693c82a9f53698a", "extra_dhcp_opts": [], "mac_address": "fa:16:3e:4b:ee:0a", "binding:vif_details": {"port_filter": true}, "binding:vif_type": "ovs", "device_owner": "compute:None", "binding:profile": {}, "port_security_enabled": true, "binding:vnic_type": "normal", "fixed_ips": [{"subnet_id": "3efc5952-8756-47cc-b7f5-d31d25c5cdec", "ip_address": "10.100.0.3"}, {"subnet_id": "c96dc203-2bf2-4096-a63c-00d12d245a89", "ip_address": "2003::f816:3eff:fe4b:ee0a"}], "id": "bff99afa-92cd-450d-ac1b-1500f9e63a64", "security_groups": ["9613dcef-9dee-4db7-a8a6-b4f31fec097a"], "device_id": "253e18ee-18f6-43aa-a911-2aefd962e050"}]}
2016-02-16 16:53:15,485 19048 INFO     [tempest_lib.common.rest_client] Request (TestGettingAddress:test_dhcp6_stateless_from_os): 201 POST http://10.4.1.3:9696/v2.0/floatingips 0.714s
2016-02-16 16:53:15,486 19048 DEBUG    [tempest_lib.common.rest_client] Request - Headers: {'Content-Type': 'application/json', 'Accept': 'application/json', 'X-Auth-Token': '&lt;omitted&gt;'}
        Body: {"floatingip": {"floating_network_id": "86df8747-be5b-4f31-8be6-41d50471f1c4", "tenant_id": "4c752b4b40b84a45a693c82a9f53698a", "fixed_ip_address": "10.100.0.3", "port_id": "bff99afa-92cd-450d-ac1b-1500f9e63a64"}}
    Response - Headers: {'status': '201', 'content-length': '369', 'connection': 'close', 'date': 'Tue, 16 Feb 2016 16:53:15 GMT', 'content-type': 'application/json; charset=UTF-8', 'x-openstack-request-id': 'req-7ecfa508-bbc9-444d-b88a-e44a25c7d236'}
        Body: {"floatingip": {"floating_network_id": "86df8747-be5b-4f31-8be6-41d50471f1c4", "router_id": "4dd3f922-6546-4de2-9a7a-63b5212f428c", "fixed_ip_address": "10.100.0.3", "floating_ip_address": "172.24.4.4", "tenant_id": "4c752b4b40b84a45a693c82a9f53698a", "status": "ACTIVE", "port_id": "bff99afa-92cd-450d-ac1b-1500f9e63a64", "id": "5ac2fb12-e73b-4f35-ab2e-5ef489d61f22"}}
2016-02-16 16:53:15,487 19048 INFO     [tempest_lib.common.ssh] Creating ssh connection to '172.24.4.4' as 'cirros' with public key authentication
2016-02-16 16:54:15,552 19048 WARNING  [tempest_lib.common.ssh] Failed to establish authenticated ssh connection to cirros@172.24.4.4 (timed out). Number attempts: 1. Retry after 2 seconds.
2016-02-16 16:55:18,114 19048 WARNING  [tempest_lib.common.ssh] Failed to establish authenticated ssh connection to cirros@172.24.4.4 (timed out). Number attempts: 2. Retry after 3 seconds.
2016-02-16 16:56:21,667 19048 WARNING  [tempest_lib.common.ssh] Failed to establish authenticated ssh connection to cirros@172.24.4.4 (timed out). Number attempts: 3. Retry after 4 seconds.
2016-02-16 16:57:26,228 19048 ERROR    [tempest_lib.common.ssh] Failed to establish authenticated ssh connection to cirros@172.24.4.4 after 3 attempts
2016-02-16 16:57:26.228 19048 ERROR tempest_lib.common.ssh Traceback (most recent call last):
2016-02-16 16:57:26.228 19048 ERROR tempest_lib.common.ssh   File "/usr/local/lib/python2.7/dist-packages/tempest_lib/common/ssh.py", line 75, in _get_ssh_connection
2016-02-16 16:57:26.228 19048 ERROR tempest_lib.common.ssh     timeout=self.channel_timeout, pkey=self.pkey)
2016-02-16 16:57:26.228 19048 ERROR tempest_lib.common.ssh   File "/usr/local/lib/python2.7/dist-packages/paramiko/client.py", line 292, in connect
2016-02-16 16:57:26.228 19048 ERROR tempest_lib.common.ssh     retry_on_signal(lambda: sock.connect(addr))
2016-02-16 16:57:26.228 19048 ERROR tempest_lib.common.ssh   File "/usr/local/lib/python2.7/dist-packages/paramiko/util.py", line 270, in retry_on_signal
2016-02-16 16:57:26.228 19048 ERROR tempest_lib.common.ssh     return function()
2016-02-16 16:57:26.228 19048 ERROR tempest_lib.common.ssh   File "/usr/local/lib/python2.7/dist-packages/paramiko/client.py", line 292, in &lt;lambda&gt;
2016-02-16 16:57:26.228 19048 ERROR tempest_lib.common.ssh     retry_on_signal(lambda: sock.connect(addr))
2016-02-16 16:57:26.228 19048 ERROR tempest_lib.common.ssh   File "/usr/lib/python2.7/socket.py", line 224, in meth
2016-02-16 16:57:26.228 19048 ERROR tempest_lib.common.ssh     return getattr(self._sock,name)(*args)
2016-02-16 16:57:26.228 19048 ERROR tempest_lib.common.ssh timeout: timed out
2016-02-16 16:57:26.228 19048 ERROR tempest_lib.common.ssh 
2016-02-16 16:57:26,232 19048 ERROR    [tempest.scenario.manager] (TestGettingAddress:test_dhcp6_stateless_from_os) Initializing SSH connection to 172.24.4.4 failed. Error: Connection to the 172.24.4.4 via SSH timed out.
User: cirros, Password: None
2016-02-16 16:57:26.232 19048 ERROR tempest.scenario.manager Traceback (most recent call last):
2016-02-16 16:57:26.232 19048 ERROR tempest.scenario.manager   File "tempest/scenario/manager.py", line 377, in get_remote_client
2016-02-16 16:57:26.232 19048 ERROR tempest.scenario.manager     linux_client.validate_authentication()
2016-02-16 16:57:26.232 19048 ERROR tempest.scenario.manager   File "tempest/common/utils/linux/remote_client.py", line 51, in validate_authentication
2016-02-16 16:57:26.232 19048 ERROR tempest.scenario.manager     self.ssh_client.test_connection_auth()
2016-02-16 16:57:26.232 19048 ERROR tempest.scenario.manager   File "/usr/local/lib/python2.7/dist-packages/tempest_lib/common/ssh.py", line 173, in test_connection_auth
2016-02-16 16:57:26.232 19048 ERROR tempest.scenario.manager     connection = self._get_ssh_connection()
2016-02-16 16:57:26.232 19048 ERROR tempest.scenario.manager   File "/usr/local/lib/python2.7/dist-packages/tempest_lib/common/ssh.py", line 88, in _get_ssh_connection
2016-02-16 16:57:26.232 19048 ERROR tempest.scenario.manager     password=self.password)
2016-02-16 16:57:26.232 19048 ERROR tempest.scenario.manager SSHTimeout: Connection to the 172.24.4.4 via SSH timed out.
2016-02-16 16:57:26.232 19048 ERROR tempest.scenario.manager User: cirros, Password: None
2016-02-16 16:57:26.232 19048 ERROR tempest.scenario.manager 
2016-02-16 16:57:26,493 19048 INFO     [tempest_lib.common.rest_client] Request (TestGettingAddress:test_dhcp6_stateless_from_os): 200 GET http://10.4.1.3:8774/v2.1/4c752b4b40b84a45a693c82a9f53698a/servers 0.258s
2016-02-16 16:57:26,494 19048 DEBUG    [tempest_lib.common.rest_client] Request - Headers: {'Content-Type': 'application/json', 'Accept': 'application/json', 'X-Auth-Token': '&lt;omitted&gt;'}
        Body: None
    Response - Headers: {'status': '200', 'content-length': '389', 'content-location': 'http://10.4.1.3:8774/v2.1/4c752b4b40b84a45a693c82a9f53698a/servers', 'x-compute-request-id': 'req-7762710f-8fa3-483a-9e1b-b4311aac9d0e', 'vary': 'X-OpenStack-Nova-API-Version', 'connection': 'close', 'x-openstack-nova-api-version': '2.1', 'date': 'Tue, 16 Feb 2016 16:57:26 GMT', 'content-type': 'application/json'}
        Body: {"servers": [{"id": "253e18ee-18f6-43aa-a911-2aefd962e050", "links": [{"href": "http://10.4.1.3:8774/v2.1/4c752b4b40b84a45a693c82a9f53698a/servers/253e18ee-18f6-43aa-a911-2aefd962e050", "rel": "self"}, {"href": "http://10.4.1.3:8774/4c752b4b40b84a45a693c82a9f53698a/servers/253e18ee-18f6-43aa-a911-2aefd962e050", "rel": "bookmark"}], "name": "tempest.common.compute-instance-1317608566"}]}
2016-02-16 16:57:26,889 19048 INFO     [tempest_lib.common.rest_client] Request (TestGettingAddress:test_dhcp6_stateless_from_os): 200 POST http://10.4.1.3:8774/v2.1/4c752b4b40b84a45a693c82a9f53698a/servers/253e18ee-18f6-43aa-a911-2aefd962e050/action 0.389s
2016-02-16 16:57:26,890 19048 DEBUG    [tempest_lib.common.rest_client] Request - Headers: {'Content-Type': 'application/json', 'Accept': 'application/json', 'X-Auth-Token': '&lt;omitted&gt;'}
        Body: {"os-getConsoleOutput": {}}
    Response - Headers: {'status': '200', 'content-length': '24670', 'x-compute-request-id': 'req-8cf107d9-8234-4e34-8954-f62fd4203ae4', 'vary': 'X-OpenStack-Nova-API-Version', 'connection': 'close', 'x-openstack-nova-api-version': '2.1', 'date': 'Tue, 16 Feb 2016 16:57:26 GMT', 'content-type': 'application/json'}
        Body: {"output": "[    0.000000] Initializing cgroup subsys cpuset\n[    0.000000] Initializing cgroup subsys cpu\n[    0.000000] Linux version 3.2.0-80-virtual (buildd@batsu) (gcc version 4.6.3 (Ubuntu/Linaro 4.6.3-1ubuntu5) ) #116-Ubuntu SMP Mon Mar 23 17:28:52 UTC 2015 (Ubuntu 3.2.0-80.116-virtual 3.2.68)\n[    0.000000] Command line: root=/dev/vda console=tty0 console=ttyS0 no_timer_check\n[    0.000000] KERNEL supported cpus:\n[    0.000000]   Intel GenuineIntel\n[    0.000000]   AMD AuthenticAMD\n[    0.000000]   Centaur CentaurHauls\n[    0.000000] BIOS-provided physical RAM map:\n[    0.000000]  BIOS-e820: 0000000000000000 - 000000000009fc00 (usable)\n[    0.000000]  BIOS-e820: 000000000009fc00 - 00000000000a0000 (reserved)\n[    0.000000]  BIOS-e820: 00000000000f0000 - 0000000000100000 (reserved)\n[    0.000000]  BIOS-e820: 0000000000100000 - 0000000003ffe000 (usable)\n[    0.000000]  BIOS-e820: 0000000003ffe000 - 0000000004000000 (reserved)\n[    0.000000]  BIOS-e820: 00000000fffc0000 - 0000000100000000 (reserved)\n[    0.000000] NX (Execute Disable) protection: active\n[    0.000000] SMBIOS 2.4 present.\n[    0.000000] No AGP bridge found\n[    0.000000] last_pfn = 0x3ffe max_arch_pfn = 0x400000000\n[    0.000000] x86 PAT enabled: cpu 0, old 0x7040600070406, new 0x7010600070106\n[    0.000000] found SMP MP-table at [ffff8800000f0b00] f0b00\n[    0.000000] init_memory_mapping: 0000000000000000-0000000003ffe000\n[    0.000000] RAMDISK: 03c5e000 - 03ff0000\n[    0.000000] ACPI: RSDP 00000000000f0950 00014 (v00 BOCHS )\n[    0.000000] ACPI: RSDT 0000000003fffbc1 00034 (v01 BOCHS  BXPCRSDT 00000001 BXPC 00000001)\n[    0.000000] ACPI: FACP 0000000003fff1c0 00074 (v01 BOCHS  BXPCFACP 00000001 BXPC 00000001)\n[    0.000000] ACPI: DSDT 0000000003ffe040 01180 (v01 BOCHS  BXPCDSDT 00000001 BXPC 00000001)\n[    0.000000] ACPI: FACS 0000000003ffe000 00040\n[    0.000000] ACPI: SSDT 0000000003fff234 008DD (v01 BOCHS  BXPCSSDT 00000001 BXPC 00000001)\n[    0.000000] ACPI: APIC 0000000003fffb11 00078 (v01 BOCHS  BXPCAPIC 00000001 BXPC 00000001)\n[    0.000000] ACPI: HPET 0000000003fffb89 00038 (v01 BOCHS  BXPCHPET 00000001 BXPC 00000001)\n[    0.000000] No NUMA configuration found\n[    0.000000] Faking a node at 0000000000000000-0000000003ffe000\n[    0.000000] Initmem setup node 0 0000000000000000-0000000003ffe000\n[    0.000000]   NODE_DATA [0000000003ff6000 - 0000000003ffafff]\n[    0.000000] Zone PFN ranges:\n[    0.000000]   DMA      0x00000010 -&gt; 0x00001000\n[    0.000000]   DMA32    0x00001000 -&gt; 0x00100000\n[    0.000000]   Normal   empty\n[    0.000000] Movable zone start PFN for each node\n[    0.000000] early_node_map[2] active PFN ranges\n[    0.000000]     0: 0x00000010 -&gt; 0x0000009f\n[    0.000000]     0: 0x00000100 -&gt; 0x00003ffe\n[    0.000000] ACPI: PM-Timer IO Port: 0xb008\n[    0.000000] ACPI: LAPIC (acpi_id[0x00] lapic_id[0x00] enabled)\n[    0.000000] ACPI: LAPIC_NMI (acpi_id[0xff] dfl dfl lint[0x1])\n[    0.000000] ACPI: IOAPIC (id[0x00] address[0xfec00000] gsi_base[0])\n[    0.000000] IOAPIC[0]: apic_id 0, version 17, address 0xfec00000, GSI 0-23\n[    0.000000] ACPI: INT_SRC_OVR (bus 0 bus_irq 0 global_irq 2 dfl dfl)\n[    0.000000] ACPI: INT_SRC_OVR (bus 0 bus_irq 5 global_irq 5 high level)\n[    0.000000] ACPI: INT_SRC_OVR (bus 0 bus_irq 9 global_irq 9 high level)\n[    0.000000] ACPI: INT_SRC_OVR (bus 0 bus_irq 10 global_irq 10 high level)\n[    0.000000] ACPI: INT_SRC_OVR (bus 0 bus_irq 11 global_irq 11 high level)\n[    0.000000] Using ACPI (MADT) for SMP configuration information\n[    0.000000] ACPI: HPET id: 0x8086a201 base: 0xfed00000\n[    0.000000] SMP: Allowing 1 CPUs, 0 hotplug CPUs\n[    0.000000] PM: Registered nosave memory: 000000000009f000 - 00000000000a0000\n[    0.000000] PM: Registered nosave memory: 00000000000a0000 - 00000000000f0000\n[    0.000000] PM: Registered nosave memory: 00000000000f0000 - 0000000000100000\n[    0.000000] Allocating PCI resources starting at 4000000 (gap: 4000000:fbfc0000)\n[    0.000000] Booting paravirtualized kernel on bare hardware\n[    0.000000] setup_pe
2016-02-16 16:57:26,892 19048 DEBUG    [tempest.scenario.manager] Console output for 253e18ee-18f6-43aa-a911-2aefd962e050
body=
[    0.000000] Initializing cgroup subsys cpuset
[    0.000000] Initializing cgroup subsys cpu
[    0.000000] Linux version 3.2.0-80-virtual (buildd@batsu) (gcc version 4.6.3 (Ubuntu/Linaro 4.6.3-1ubuntu5) ) #116-Ubuntu SMP Mon Mar 23 17:28:52 UTC 2015 (Ubuntu 3.2.0-80.116-virtual 3.2.68)
[    0.000000] Command line: root=/dev/vda console=tty0 console=ttyS0 no_timer_check
[    0.000000] KERNEL supported cpus:
[    0.000000]   Intel GenuineIntel
[    0.000000]   AMD AuthenticAMD
[    0.000000]   Centaur CentaurHauls
[    0.000000] BIOS-provided physical RAM map:
[    0.000000]  BIOS-e820: 0000000000000000 - 000000000009fc00 (usable)
[    0.000000]  BIOS-e820: 000000000009fc00 - 00000000000a0000 (reserved)
[    0.000000]  BIOS-e820: 00000000000f0000 - 0000000000100000 (reserved)
[    0.000000]  BIOS-e820: 0000000000100000 - 0000000003ffe000 (usable)
[    0.000000]  BIOS-e820: 0000000003ffe000 - 0000000004000000 (reserved)
[    0.000000]  BIOS-e820: 00000000fffc0000 - 0000000100000000 (reserved)
[    0.000000] NX (Execute Disable) protection: active
[    0.000000] SMBIOS 2.4 present.
[    0.000000] No AGP bridge found
[    0.000000] last_pfn = 0x3ffe max_arch_pfn = 0x400000000
[    0.000000] x86 PAT enabled: cpu 0, old 0x7040600070406, new 0x7010600070106
[    0.000000] found SMP MP-table at [ffff8800000f0b00] f0b00
[    0.000000] init_memory_mapping: 0000000000000000-0000000003ffe000
[    0.000000] RAMDISK: 03c5e000 - 03ff0000
[    0.000000] ACPI: RSDP 00000000000f0950 00014 (v00 BOCHS )
[    0.000000] ACPI: RSDT 0000000003fffbc1 00034 (v01 BOCHS  BXPCRSDT 00000001 BXPC 00000001)
[    0.000000] ACPI: FACP 0000000003fff1c0 00074 (v01 BOCHS  BXPCFACP 00000001 BXPC 00000001)
[    0.000000] ACPI: DSDT 0000000003ffe040 01180 (v01 BOCHS  BXPCDSDT 00000001 BXPC 00000001)
[    0.000000] ACPI: FACS 0000000003ffe000 00040
[    0.000000] ACPI: SSDT 0000000003fff234 008DD (v01 BOCHS  BXPCSSDT 00000001 BXPC 00000001)
[    0.000000] ACPI: APIC 0000000003fffb11 00078 (v01 BOCHS  BXPCAPIC 00000001 BXPC 00000001)
[    0.000000] ACPI: HPET 0000000003fffb89 00038 (v01 BOCHS  BXPCHPET 00000001 BXPC 00000001)
[    0.000000] No NUMA configuration found
[    0.000000] Faking a node at 0000000000000000-0000000003ffe000
[    0.000000] Initmem setup node 0 0000000000000000-0000000003ffe000
[    0.000000]   NODE_DATA [0000000003ff6000 - 0000000003ffafff]
[    0.000000] Zone PFN ranges:
[    0.000000]   DMA      0x00000010 -&gt; 0x00001000
[    0.000000]   DMA32    0x00001000 -&gt; 0x00100000
[    0.000000]   Normal   empty
[    0.000000] Movable zone start PFN for each node
[    0.000000] early_node_map[2] active PFN ranges
[    0.000000]     0: 0x00000010 -&gt; 0x0000009f
[    0.000000]     0: 0x00000100 -&gt; 0x00003ffe
[    0.000000] ACPI: PM-Timer IO Port: 0xb008
[    0.000000] ACPI: LAPIC (acpi_id[0x00] lapic_id[0x00] enabled)
[    0.000000] ACPI: LAPIC_NMI (acpi_id[0xff] dfl dfl lint[0x1])
[    0.000000] ACPI: IOAPIC (id[0x00] address[0xfec00000] gsi_base[0])
[    0.000000] IOAPIC[0]: apic_id 0, version 17, address 0xfec00000, GSI 0-23
[    0.000000] ACPI: INT_SRC_OVR (bus 0 bus_irq 0 global_irq 2 dfl dfl)
[    0.000000] ACPI: INT_SRC_OVR (bus 0 bus_irq 5 global_irq 5 high level)
[    0.000000] ACPI: INT_SRC_OVR (bus 0 bus_irq 9 global_irq 9 high level)
[    0.000000] ACPI: INT_SRC_OVR (bus 0 bus_irq 10 global_irq 10 high level)
[    0.000000] ACPI: INT_SRC_OVR (bus 0 bus_irq 11 global_irq 11 high level)
[    0.000000] Using ACPI (MADT) for SMP configuration information
[    0.000000] ACPI: HPET id: 0x8086a201 base: 0xfed00000
[    0.000000] SMP: Allowing 1 CPUs, 0 hotplug CPUs
[    0.000000] PM: Registered nosave memory: 000000000009f000 - 00000000000a0000
[    0.000000] PM: Registered nosave memory: 00000000000a0000 - 00000000000f0000
[    0.000000] PM: Registered nosave memory: 00000000000f0000 - 0000000000100000
[    0.000000] Allocating PCI resources starting at 4000000 (gap: 4000000:fbfc0000)
[    0.000000] Booting paravirtualized kernel on bare hardware
[    0.000000] setup_percpu: NR_CPUS:64 nr_cpumask_bits:64 nr_cpu_ids:1 nr_node_ids:1
[    0.000000] PERCPU: Embedded 27 pages/cpu @ffff880003a00000 s78848 r8192 d23552 u2097152
[    0.000000] Built 1 zonelists in Node order, mobility grouping on.  Total pages: 16008
[    0.000000] Policy zone: DMA32
[    0.000000] Kernel command line: root=/dev/vda console=tty0 console=ttyS0 no_timer_check
[    0.000000] PID hash table entries: 256 (order: -1, 2048 bytes)
[    0.000000] Checking aperture...
[    0.000000] No AGP bridge found
[    0.000000] Memory: 43492k/65528k available (6576k kernel code, 452k absent, 21584k reserved, 6620k data, 928k init)
[    0.000000] SLUB: Genslabs=15, HWalign=64, Order=0-3, MinObjects=0, CPUs=1, Nodes=1
[    0.000000] Hierarchical RCU implementation.
[    0.000000] 	RCU dyntick-idle grace-period acceleration is enabled.
[    0.000000] NR_IRQS:4352 nr_irqs:256 16
[    0.000000] Console: colour VGA+ 80x25
[    0.000000] console [tty0] enabled
[    0.000000] console [ttyS0] enabled
[    0.000000] allocated 1048576 bytes of page_cgroup
[    0.000000] please try 'cgroup_disable=memory' option if you don't want memory cgroups
[    0.000000] Fast TSC calibration failed
[    0.000000] TSC: Unable to calibrate against PIT
[    0.000000] TSC: using HPET reference calibration
[    0.000000] Detected 2292.879 MHz processor.
[    0.037527] Calibrating delay loop (skipped), value calculated using timer frequency.. 4585.75 BogoMIPS (lpj=9171516)
[    0.042209] pid_max: default: 32768 minimum: 301
[    0.053982] Security Framework initialized
[    0.058326] AppArmor: AppArmor initialized
[    0.059004] Yama: becoming mindful.
[    0.065856] Dentry cache hash table entries: 8192 (order: 4, 65536 bytes)
[    0.068617] Inode-cache hash table entries: 4096 (order: 3, 32768 bytes)
[    0.070060] Mount-cache hash table entries: 256
[    0.085007] Initializing cgroup subsys cpuacct
[    0.085905] Initializing cgroup subsys memory
[    0.087157] Initializing cgroup subsys devices
[    0.088174] Initializing cgroup subsys freezer
[    0.088834] Initializing cgroup subsys blkio
[    0.089517] Initializing cgroup subsys perf_event
[    0.094287] mce: CPU supports 10 MCE banks
[    0.097667] SMP alternatives: switching to UP code
[    0.504030] Freeing SMP alternatives: 24k freed
[    0.505148] ACPI: Core revision 20110623
[    0.560459] ftrace: allocating 26610 entries in 105 pages
[    0.605925] ..TIMER: vector=0x30 apic1=0 pin1=2 apic2=-1 pin2=-1
[    0.608155] CPU0: AMD QEMU Virtual CPU version 2.0.0 stepping 03
[    0.612037] Performance Events: Broken PMU hardware detected, using software events only.
[    0.619411] NMI watchdog disabled (cpu0): hardware events not enabled
[    0.620688] Brought up 1 CPUs
[    0.621244] Total of 1 processors activated (4585.75 BogoMIPS).
[    0.650631] devtmpfs: initialized
[    0.685218] EVM: security.selinux
[    0.685735] EVM: security.SMACK64
[    0.686165] EVM: security.capability
[    0.708519] print_constraints: dummy: 
[    0.710349] RTC time: 16:53:15, date: 02/16/16
[    0.713750] NET: Registered protocol family 16
[    0.721804] ACPI: bus type pci registered
[    0.726757] PCI: Using configuration type 1 for base access
[    0.758616] bio: create slab &lt;bio-0&gt; at 0
[    0.763325] ACPI: Added _OSI(Module Device)
[    0.764134] ACPI: Added _OSI(Processor Device)
[    0.764697] ACPI: Added _OSI(3.0 _SCP Extensions)
[    0.765311] ACPI: Added _OSI(Processor Aggregator Device)
[    0.847179] ACPI: Interpreter enabled
[    0.848134] ACPI: (supports S0 S3 S4 S5)
[    0.853181] ACPI: Using IOAPIC for interrupt routing
[    0.930177] ACPI: No dock devices found.
[    0.931040] HEST: Table not found.
[    0.932356] PCI: Using host bridge windows from ACPI; if necessary, use "pci=nocrs" and report a bug
[    0.940522] ACPI: PCI Root Bridge [PCI0] (domain 0000 [bus 00-ff])
[    0.946772] pci_root PNP0A03:00: host bridge window [io  0x0000-0x0cf7]
[    0.948159] pci_root PNP0A03:00: host bridge window [io  0x0d00-0xadff]
[    0.948906] pci_root PNP0A03:00: host bridge window [io  0xae0f-0xaeff]
[    0.949682] pci_root PNP0A03:00: host bridge window [io  0xaf20-0xafdf]
[    0.952110] pci_root PNP0A03:00: host bridge window [io  0xafe4-0xffff]
[    0.952917] pci_root PNP0A03:00: host bridge window [mem 0x000a0000-0x000bffff]
[    0.953891] pci_root PNP0A03:00: host bridge window [mem 0x04000000-0xfebfffff]
[    0.975686] pci 0000:00:01.3: quirk: [io  0xb000-0xb03f] claimed by PIIX4 ACPI
[    0.976176] pci 0000:00:01.3: quirk: [io  0xb100-0xb10f] claimed by PIIX4 SMB
[    1.053381]  pci0000:00: Unable to request _OSC control (_OSC support mask: 0x1e)
[    1.117049] ACPI: PCI Interrupt Link [LNKA] (IRQs 5 *10 11)
[    1.119124] ACPI: PCI Interrupt Link [LNKB] (IRQs 5 *10 11)
[    1.121742] ACPI: PCI Interrupt Link [LNKC] (IRQs 5 10 *11)
[    1.124939] ACPI: PCI Interrupt Link [LNKD] (IRQs 5 10 *11)
[    1.126654] ACPI: PCI Interrupt Link [LNKS] (IRQs *9)
[    1.135371] vgaarb: device added: PCI:0000:00:02.0,decodes=io+mem,owns=io+mem,locks=none
[    1.136318] vgaarb: loaded
[    1.137008] vgaarb: bridge control possible 0000:00:02.0
[    1.145310] i2c-core: driver [aat2870] using legacy suspend method
[    1.146639] i2c-core: driver [aat2870] using legacy resume method
[    1.149949] SCSI subsystem initialized
[    1.154799] usbcore: registered new interface driver usbfs
[    1.156912] usbcore: registered new interface driver hub
[    1.160847] usbcore: registered new device driver usb
[    1.165856] PCI: Using ACPI for IRQ routing
[    1.177845] NetLabel: Initializing
[    1.178376] NetLabel:  domain hash size = 128
[    1.178842] NetLabel:  protocols = UNLABELED CIPSOv4
[    1.181665] NetLabel:  unlabeled traffic allowed by default
[    1.184232] HPET: 3 timers in total, 0 timers will be used for per-cpu timer
[    1.185387] hpet0: at MMIO 0xfed00000, IRQs 2, 8, 0
[    1.186233] hpet0: 3 comparators, 64-bit 100.000000 MHz counter
[    1.197661] Switching to clocksource hpet
[    1.457643] AppArmor: AppArmor Filesystem Enabled
[    1.458948] pnp: PnP ACPI init
[    1.459663] ACPI: bus type pnp registered
[    1.479718] pnp: PnP ACPI: found 9 devices
[    1.481162] ACPI: ACPI bus type pnp unregistered
[    1.541564] NET: Registered protocol family 2
[    1.589983] IP route cache hash table entries: 512 (order: 0, 4096 bytes)
[    1.598699] TCP established hash table entries: 2048 (order: 3, 32768 bytes)
[    1.600168] TCP bind hash table entries: 2048 (order: 3, 32768 bytes)
[    1.602035] TCP: Hash tables configured (established 2048 bind 2048)
[    1.602894] TCP reno registered
[    1.603584] UDP hash table entries: 128 (order: 0, 4096 bytes)
[    1.605146] UDP-Lite hash table entries: 128 (order: 0, 4096 bytes)
[    1.607708] NET: Registered protocol family 1
[    1.609377] pci 0000:00:00.0: Limiting direct PCI/PCI transfers
[    1.610124] pci 0000:00:01.0: PIIX3: Enabling Passive Release
[    1.611169] pci 0000:00:01.0: Activating ISA DMA hang workarounds
[    1.617065] ACPI: PCI Interrupt Link [LNKD] enabled at IRQ 11
[    1.618030] pci 0000:00:01.2: PCI INT D -&gt; Link[LNKD] -&gt; GSI 11 (level, high) -&gt; IRQ 11
[    1.619875] pci 0000:00:01.2: PCI INT D disabled
[    1.638984] Trying to unpack rootfs image as initramfs...
[    1.666501] audit: initializing netlink socket (disabled)
[    1.668016] type=2000 audit(1455641595.664:1): initialized
[    1.947860] HugeTLB registered 2 MB page size, pre-allocated 0 pages
[    2.029601] VFS: Disk quotas dquot_6.5.2
[    2.033500] Dquot-cache hash table entries: 512 (order 0, 4096 bytes)
[    2.062581] fuse init (API version 7.17)
[    2.066465] msgmni has been set to 84
[    2.110615] Block layer SCSI generic (bsg) driver version 0.4 loaded (major 253)
[    2.114200] io scheduler noop registered
[    2.114921] io scheduler deadline registered (default)
[    2.116618] io scheduler cfq registered
[    2.119899] pci_hotplug: PCI Hot Plug PCI Core version: 0.5
[    2.122598] pciehp: PCI Express Hot Plug Controller Driver version: 0.4
[    2.129636] input: Power Button as /devices/LNXSYSTM:00/LNXPWRBN:00/input/input0
[    2.131390] ACPI: Power Button [PWRF]
[    2.191197] ERST: Table is not found!
[    2.192732] GHES: HEST is not enabled!
[    2.202599] ACPI: PCI Interrupt Link [LNKC] enabled at IRQ 10
[    2.204141] virtio-pci 0000:00:03.0: PCI INT A -&gt; Link[LNKC] -&gt; GSI 10 (level, high) -&gt; IRQ 10
[    2.211586] virtio-pci 0000:00:04.0: PCI INT A -&gt; Link[LNKD] -&gt; GSI 11 (level, high) -&gt; IRQ 11
[    2.235264] ACPI: PCI Interrupt Link [LNKA] enabled at IRQ 10
[    2.237379] virtio-pci 0000:00:05.0: PCI INT A -&gt; Link[LNKA] -&gt; GSI 10 (level, high) -&gt; IRQ 10
[    2.259163] Serial: 8250/16550 driver, 32 ports, IRQ sharing enabled
[    2.305156] serial8250: ttyS0 at I/O 0x3f8 (irq = 4) is a 16550A
[    2.393278] serial8250: ttyS1 at I/O 0x2f8 (irq = 3) is a 16550A
[    2.531403] 00:05: ttyS0 at I/O 0x3f8 (irq = 4) is a 16550A
[    2.606700] 00:06: ttyS1 at I/O 0x2f8 (irq = 3) is a 16550A
[    2.626210] Refined TSC clocksource calibration: 2293.101 MHz.
[    2.627015] Switching to clocksource tsc
[    2.651769] Linux agpgart interface v0.103
[    2.711701] brd: module loaded
[    2.747803] loop: module loaded
[    2.816132]  vda: unknown partition table
[    2.871594] scsi0 : ata_piix
[    2.876676] scsi1 : ata_piix
[    2.878988] ata1: PATA max MWDMA2 cmd 0x1f0 ctl 0x3f6 bmdma 0xc0a0 irq 14
[    2.881489] ata2: PATA max MWDMA2 cmd 0x170 ctl 0x376 bmdma 0xc0a8 irq 15
[    2.900153] Fixed MDIO Bus: probed
[    2.902883] tun: Universal TUN/TAP device driver, 1.6
[    2.904899] tun: (C) 1999-2004 Max Krasnyansky &lt;maxk@qualcomm.com&gt;
[    2.928109] PPP generic driver version 2.4.2
[    2.945431] ehci_hcd: USB 2.0 'Enhanced' Host Controller (EHCI) Driver
[    2.946631] ohci_hcd: USB 1.1 'Open' Host Controller (OHCI) Driver
[    2.947751] uhci_hcd: USB Universal Host Controller Interface driver
[    2.949640] uhci_hcd 0000:00:01.2: PCI INT D -&gt; Link[LNKD] -&gt; GSI 11 (level, high) -&gt; IRQ 11
[    2.953387] uhci_hcd 0000:00:01.2: UHCI Host Controller
[    2.978548] uhci_hcd 0000:00:01.2: new USB bus registered, assigned bus number 1
[    2.981342] uhci_hcd 0000:00:01.2: irq 11, io base 0x0000c040
[    3.015388] hub 1-0:1.0: USB hub found
[    3.017470] hub 1-0:1.0: 2 ports detected
[    3.031375] usbcore: registered new interface driver libusual
[    3.037397] i8042: PNP: PS/2 Controller [PNP0303:KBD,PNP0f13:MOU] at 0x60,0x64 irq 1,12
[    3.047776] serio: i8042 KBD port at 0x60,0x64 irq 1
[    3.049048] serio: i8042 AUX port at 0x60,0x64 irq 12
[    3.101667] mousedev: PS/2 mouse device common for all mice
[    3.112054] input: AT Translated Set 2 keyboard as /devices/platform/i8042/serio0/input/input1
[    3.130490] rtc_cmos 00:01: RTC can wake from S4
[    3.144048] rtc_cmos 00:01: rtc core: registered rtc_cmos as rtc0
[    3.149738] rtc0: alarms up to one day, 114 bytes nvram, hpet irqs
[    3.153196] device-mapper: uevent: version 1.0.3
[    3.174743] ata2.01: ATAPI: QEMU DVD-ROM, 2.0.0, max UDMA/100
[    3.182890] ata2.01: configured for MWDMA2
[    3.197116] device-mapper: ioctl: 4.22.0-ioctl (2011-10-19) initialised: dm-devel@redhat.com
[    3.200045] cpuidle: using governor ladder
[    3.201504] cpuidle: using governor menu
[    3.201925] EFI Variables Facility v0.08 2004-May-17
[    3.212754] TCP cubic registered
[    3.216469] NET: Registered protocol family 10
[    3.245987] NET: Registered protocol family 17
[    3.247250] Registering the dns_resolver key type
[    3.287289] scsi 1:0:1:0: CD-ROM            QEMU     QEMU DVD-ROM     2.0. PQ: 0 ANSI: 5
[    3.318302] sr0: scsi3-mmc drive: 4x/4x cd/rw xa/form2 tray
[    3.320764] cdrom: Uniform CD-ROM driver Revision: 3.20
[    3.338846] sr 1:0:1:0: Attached scsi generic sg0 type 5
[    3.376662] registered taskstats version 1
[    3.523293] Freeing initrd memory: 3656k freed
[    4.022921]   Magic number: 4:214:894
[    4.031008] rtc_cmos 00:01: setting system clock to 2016-02-16 16:53:18 UTC (1455641598)
[    4.033442] powernow-k8: Processor cpuid 663 not supported
[    4.041245] BIOS EDD facility v0.16 2004-Jun-25, 0 devices found
[    4.043227] EDD information not available.
[    4.122160] Freeing unused kernel memory: 928k freed
[    4.126211] Write protecting the kernel read-only data: 12288k
[    4.210897] Freeing unused kernel memory: 1596k freed
[    4.273236] Freeing unused kernel memory: 1184k freed

info: initramfs: up at 4.44
modprobe: module virtio_blk not found in modules.dep
modprobe: module virtio_net not found in modules.dep
info: copying initramfs to /dev/vda
info: initramfs loading root from /dev/vda
info: /etc/init.d/rc.sysinit: up at 9.35
info: container: none
Starting logging: OK
modprobe: module virtio_blk not found in modules.dep
modprobe: module virtio_net not found in modules.dep
WARN: /etc/rc3.d/S10-load-modules failed
Initializing random number generator... done.
Starting acpid: OK
cirros-ds 'local' up at 12.06
found datasource (configdrive, local)
Starting network...
udhcpc (v1.20.1) started
Sending discover...
Sending discover...
Sending discover...
Usage: /sbin/cirros-dhcpc &lt;up|down&gt;
No lease, failing
WARN: /etc/rc3.d/S40-network failed
Starting dropbear sshd: generating rsa key... generating dsa key... OK
no userdata for datasource
=== system information ===
Platform: OpenStack Foundation OpenStack Nova
Container: none
Arch: x86_64
CPU(s): 1 @ 2292.879 MHz
Cores/Sockets/Threads: 1/1/1
Virt-type: AMD-V
RAM Size: 49MB
Disks:
NAME MAJ:MIN     SIZE LABEL         MOUNTPOINT
vda  253:0   25165824 cirros-rootfs /
sr0   11:0     432128 config-2      
=== sshd host keys ===
-----BEGIN SSH HOST KEY KEYS-----
ssh-rsa AAAAB3NzaC1yc2EAAAADAQABAAAAgwCJTei9Vif8u7UgcsmW/AwxhGCeZtSCq0Y4WOUfOZ1eRLOgKQ03wcBjnkGwdc5gHg6iUfDLxxi2Dupr3ZjJVnjcYNe/OgAWZCvFmwJVw2yDipqbTOoGcssZsXyw35/HGQewMICKNGScVQsffKLz+zH9CkcScnaKllxHpkONe2J2X5nX root@tempest
ssh-dss AAAAB3NzaC1kc3MAAACBAIQYOVv0nB+PYjWXkWjGSIYjChyQIKKuLDOPfQpD9e4TPl7bod21hTitvD0IdKuDQ3C6wrNQ9nvd7kAqPCfeQCHW57eU7lUa3C1zsi+XW+0c/FEyqipuzan1SBkoIn8kKMJXB9OFs/0LPxlQZ7sNaoer5zbTo0dedcbp+k08K+YnAAAAFQDJlZNKEBhA6/DdjJDL2JAm6Mw5RQAAAIAozRsDU5mNsmGw5wlzbxtK6df7vWI5EPfMowzOfAXSzbcHmyc2zP0pxELCXwPTFj4v4I88DPV6v+dHbPF6G3HXUHig416hrx0PqFhJyL2W6OCT8LzXTmEqOqGuoWtV/9niX51GdDQOYvE2iNZkXLSmH6nLST2Y2yVx9euqnyWEkgAAAIBTG/kEiU9GkcsGELJqYKmCWf80DgdbZoRTRyeiGiQ/X38cqCix685T7MZL5AfUNBrdEcgJKfSscntymnT0lLfxdh49fNLpBGHkc3EsKARAT8/Y3U/UL0CmkjTjSYMK9ikGzE3ZhAtieVnugyp/Gr5Som8mQwUct38T2l4V4Drl0g== root@tempest
-----END SSH HOST KEY KEYS-----
=== network info ===
if-info: lo,up,127.0.0.1,8,::1
if-info: eth0,up,,8,fe80::f816:3eff:fe4b:ee0a
=== datasource: configdrive local ===
instance-id: 253e18ee-18f6-43aa-a911-2aefd962e050
name: tempest.common.compute-instance-1317608566
availability-zone: nova
local-hostname: tempest.common.compute-instance-1317608566.novalocal
launch-index: 0
=== cirros: current=0.3.4 uptime=200.96 ===
route: fscanf
=== pinging gateway failed, debugging connection ===
############ debug start ##############
### /etc/init.d/sshd start
Starting dropbear sshd: OK
route: fscanf
### ifconfig -a
eth0      Link encap:Ethernet  HWaddr FA:16:3E:4B:EE:0A  
          inet6 addr: fe80::f816:3eff:fe4b:ee0a/64 Scope:Link
          UP BROADCAST RUNNING MULTICAST  MTU:1500  Metric:1
          RX packets:13 errors:0 dropped:5 overruns:0 frame:0
          TX packets:8 errors:0 dropped:0 overruns:0 carrier:0
          collisions:0 txqueuelen:1000 
          RX bytes:1213 (1.1 KiB)  TX bytes:1134 (1.1 KiB)

lo        Link encap:Local Loopback  
          inet addr:127.0.0.1  Mask:255.0.0.0
          inet6 addr: ::1/128 Scope:Host
          UP LOOPBACK RUNNING  MTU:16436  Metric:1
          RX packets:12 errors:0 dropped:0 overruns:0 frame:0
          TX packets:12 errors:0 dropped:0 overruns:0 carrier:0
          collisions:0 txqueuelen:0 
          RX bytes:1020 (1020.0 B)  TX bytes:1020 (1020.0 B)

### route -n
Kernel IP routing table
Destination     Gateway         Genmask         Flags Metric Ref    Use Iface
route: fscanf
### cat /etc/resolv.conf
cat: can't open '/etc/resolv.conf': No such file or directory
### gateway not found
/sbin/cirros-status: line 1: can't open /etc/resolv.conf: no such file
### pinging nameservers
### uname -a
Linux tempest 3.2.0-80-virtual #116-Ubuntu SMP Mon Mar 23 17:28:52 UTC 2015 x86_64 GNU/Linux
### lsmod
Module                  Size  Used by    Not tainted
nls_iso8859_1          12713  0 
nls_cp437              16991  0 
vfat                   17585  0 
fat                    61512  1 vfat
isofs                  40259  0 
ip_tables              27473  0 
x_tables               29891  1 ip_tables
pcnet32                42119  0 
8139cp                 27360  0 
ne2k_pci               13691  0 
8390                   18856  1 ne2k_pci
e1000                 108589  0 
acpiphp                24231  0 
### dmesg | tail
[    5.224077] EXT3-fs (vda): mounted filesystem with ordered data mode
[    5.517760] ISO 9660 Extensions: Microsoft Joliet Level 3
[    5.596122] ISO 9660 Extensions: RRIP_1991A
[    5.867172] kjournald starting.  Commit interval 5 seconds
[    5.879233] EXT3-fs (vda): using internal journal
[    5.879379] EXT3-fs (vda): mounted filesystem with ordered data mode
[    9.416075] EXT3-fs (vda): using internal journal
[   12.839061] ISO 9660 Extensions: Microsoft Joliet Level 3
[   12.928601] ISO 9660 Extensions: RRIP_1991A
[   27.823413] eth0: no IPv6 routers present
### tail -n 25 /var/log/messages
Feb 16 16:53:25 cirros kern.info kernel: [    4.731963] acpiphp: Slot [26] registered
Feb 16 16:53:25 cirros kern.info kernel: [    4.732587] acpiphp: Slot [27] registered
Feb 16 16:53:25 cirros kern.info kernel: [    4.733240] acpiphp: Slot [28] registered
Feb 16 16:53:25 cirros kern.info kernel: [    4.733572] acpiphp: Slot [29] registered
Feb 16 16:53:25 cirros kern.info kernel: [    4.733844] acpiphp: Slot [30] registered
Feb 16 16:53:25 cirros kern.info kernel: [    4.734355] acpiphp: Slot [31] registered
Feb 16 16:53:25 cirros kern.info kernel: [    4.792178] e1000: Intel(R) PRO/1000 Network Driver - version 7.3.21-k8-NAPI
Feb 16 16:53:25 cirros kern.info kernel: [    4.792496] e1000: Copyright (c) 1999-2006 Intel Corporation.
Feb 16 16:53:25 cirros kern.info kernel: [    4.830494] ne2k-pci.c:v1.03 9/22/2003 D. Becker/P. Gortmaker
Feb 16 16:53:25 cirros kern.info kernel: [    4.865632] 8139cp: 8139cp: 10/100 PCI Ethernet driver v1.3 (Mar 22, 2004)
Feb 16 16:53:25 cirros kern.info kernel: [    4.910957] pcnet32: pcnet32.c:v1.35 21.Apr.2008 tsbogend@alpha.franken.de
Feb 16 16:53:25 cirros kern.info kernel: [    4.969783] ip_tables: (C) 2000-2006 Netfilter Core Team
Feb 16 16:53:25 cirros kern.info kernel: [    5.217087] kjournald starting.  Commit interval 5 seconds
Feb 16 16:53:25 cirros kern.info kernel: [    5.224077] EXT3-fs (vda): mounted filesystem with ordered data mode
Feb 16 16:53:25 cirros kern.debug kernel: [    5.517760] ISO 9660 Extensions: Microsoft Joliet Level 3
Feb 16 16:53:25 cirros kern.debug kernel: [    5.596122] ISO 9660 Extensions: RRIP_1991A
Feb 16 16:53:25 cirros kern.info kernel: [    5.867172] kjournald starting.  Commit interval 5 seconds
Feb 16 16:53:25 cirros kern.info kernel: [    5.879233] EXT3-fs (vda): using internal journal
Feb 16 16:53:25 cirros kern.info kernel: [    5.879379] EXT3-fs (vda): mounted filesystem with ordered data mode
Feb 16 16:53:25 cirros kern.info kernel: [    9.416075] EXT3-fs (vda): using internal journal
Feb 16 16:53:27 cirros kern.debug kernel: [   12.839061] ISO 9660 Extensions: Microsoft Joliet Level 3
Feb 16 16:53:27 cirros kern.debug kernel: [   12.928601] ISO 9660 Extensions: RRIP_1991A
Feb 16 16:53:30 cirros auth.notice su: + /dev/console root:cirros
Feb 16 16:53:42 cirros kern.debug kernel: [   27.823413] eth0: no IPv6 routers present
Feb 16 16:56:33 cirros authpriv.info dropbear[283]: Running in background
############ debug end   ##############
  ____               ____  ____
 / __/ __ ____ ____ / __ \/ __/
/ /__ / // __// __// /_/ /\ \ 
\___//_//_/  /_/   \____/___/ 
   http://cirros-cloud.net


login as 'cirros' user. default password: 'cubswin:)'. use 'sudo' for root.
tempest login: 
2016-02-16 16:57:27,323 19048 INFO     [tempest_lib.common.rest_client] Request (TestGettingAddress:_run_cleanups): 204 DELETE http://10.4.1.3:9696/v2.0/floatingips/5ac2fb12-e73b-4f35-ab2e-5ef489d61f22 0.426s
2016-02-16 16:57:27,324 19048 DEBUG    [tempest_lib.common.rest_client] Request - Headers: {'Content-Type': 'application/json', 'Accept': 'application/json', 'X-Auth-Token': '&lt;omitted&gt;'}
        Body: None
    Response - Headers: {'date': 'Tue, 16 Feb 2016 16:57:27 GMT', 'status': '204', 'connection': 'close', 'content-length': '0', 'x-openstack-request-id': 'req-b96d67b3-27b6-4552-b26e-07b7fda39cef'}
        Body: 
2016-02-16 16:57:27,762 19048 INFO     [tempest_lib.common.rest_client] Request (TestGettingAddress:_run_cleanups): 204 DELETE http://10.4.1.3:8774/v2.1/4c752b4b40b84a45a693c82a9f53698a/servers/253e18ee-18f6-43aa-a911-2aefd962e050 0.437s
2016-02-16 16:57:27,763 19048 DEBUG    [tempest_lib.common.rest_client] Request - Headers: {'Content-Type': 'application/json', 'Accept': 'application/json', 'X-Auth-Token': '&lt;omitted&gt;'}
        Body: None
    Response - Headers: {'status': '204', 'content-length': '0', 'x-compute-request-id': 'req-4cb028f1-b879-4293-8cbe-e9119875c3b2', 'vary': 'X-OpenStack-Nova-API-Version', 'connection': 'close', 'x-openstack-nova-api-version': '2.1', 'date': 'Tue, 16 Feb 2016 16:57:27 GMT', 'content-type': 'application/json'}
        Body: 
2016-02-16 16:57:28,504 19048 INFO     [tempest_lib.common.rest_client] Request (TestGettingAddress:_run_cleanups): 200 GET http://10.4.1.3:8774/v2.1/4c752b4b40b84a45a693c82a9f53698a/servers/253e18ee-18f6-43aa-a911-2aefd962e050 0.740s
2016-02-16 16:57:28,505 19048 DEBUG    [tempest_lib.common.rest_client] Request - Headers: {'Content-Type': 'application/json', 'Accept': 'application/json', 'X-Auth-Token': '&lt;omitted&gt;'}
        Body: None
    Response - Headers: {'status': '200', 'content-length': '1899', 'content-location': 'http://10.4.1.3:8774/v2.1/4c752b4b40b84a45a693c82a9f53698a/servers/253e18ee-18f6-43aa-a911-2aefd962e050', 'x-compute-request-id': 'req-fa9fbcf7-9418-419c-a67b-c50885f8f146', 'vary': 'X-OpenStack-Nova-API-Version', 'connection': 'close', 'x-openstack-nova-api-version': '2.1', 'date': 'Tue, 16 Feb 2016 16:57:28 GMT', 'content-type': 'application/json'}
        Body: {"server": {"status": "ACTIVE", "updated": "2016-02-16T16:57:27Z", "hostId": "ca94deb3beb32a1a9581ed03f6087d95148897bec0dd572983dc8b87", "addresses": {"tempest-network-smoke--494749601": [{"OS-EXT-IPS-MAC:mac_addr": "fa:16:3e:4b:ee:0a", "version": 6, "addr": "2003::f816:3eff:fe4b:ee0a", "OS-EXT-IPS:type": "fixed"}, {"OS-EXT-IPS-MAC:mac_addr": "fa:16:3e:4b:ee:0a", "version": 4, "addr": "10.100.0.3", "OS-EXT-IPS:type": "fixed"}, {"OS-EXT-IPS-MAC:mac_addr": "fa:16:3e:4b:ee:0a", "version": 4, "addr": "172.24.4.4", "OS-EXT-IPS:type": "floating"}]}, "links": [{"href": "http://10.4.1.3:8774/v2.1/4c752b4b40b84a45a693c82a9f53698a/servers/253e18ee-18f6-43aa-a911-2aefd962e050", "rel": "self"}, {"href": "http://10.4.1.3:8774/4c752b4b40b84a45a693c82a9f53698a/servers/253e18ee-18f6-43aa-a911-2aefd962e050", "rel": "bookmark"}], "key_name": "tempest-TestGettingAddress-1667072378", "image": {"id": "d195af58-857e-4d87-af90-0bc9708301dd", "links": [{"href": "http://10.4.1.3:8774/4c752b4b40b84a45a693c82a9f53698a/images/d195af58-857e-4d87-af90-0bc9708301dd", "rel": "bookmark"}]}, "OS-EXT-STS:task_state": "deleting", "OS-EXT-STS:vm_state": "active", "OS-SRV-USG:launched_at": "2016-02-16T16:53:12.000000", "flavor": {"id": "42", "links": [{"href": "http://10.4.1.3:8774/4c752b4b40b84a45a693c82a9f53698a/flavors/42", "rel": "bookmark"}]}, "id": "253e18ee-18f6-43aa-a911-2aefd962e050", "security_groups": [{"name": "tempest-secgroup-smoke-864646137"}], "OS-SRV-USG:terminated_at": null, "OS-EXT-AZ:availability_zone": "nova", "user_id": "2dc70ead8bd24e90b6d4f2838d9ebca7", "name": "tempest.common.compute-instance-1317608566", "created": "2016-02-16T16:53:06Z", "tenant_id": "4c752b4b40b84a45a693c82a9f53698a", "OS-DCF:diskConfig": "MANUAL", "os-extended-volumes:volumes_attached": [], "accessIPv4": "", "accessIPv6": "", "progress": 0, "OS-EXT-STS:power_state": 1, "config_drive": "True", "metadata": {}}}
2016-02-16 16:57:29,781 19048 INFO     [tempest_lib.common.rest_client] Request (TestGettingAddress:_run_cleanups): 404 GET http://10.4.1.3:8774/v2.1/4c752b4b40b84a45a693c82a9f53698a/servers/253e18ee-18f6-43aa-a911-2aefd962e050 0.265s
2016-02-16 16:57:29,782 19048 DEBUG    [tempest_lib.common.rest_client] Request - Headers: {'Content-Type': 'application/json', 'Accept': 'application/json', 'X-Auth-Token': '&lt;omitted&gt;'}
        Body: None
    Response - Headers: {'status': '404', 'content-length': '111', 'x-compute-request-id': 'req-d84d3ee6-af2f-4be7-9881-2548033ac564', 'vary': 'X-OpenStack-Nova-API-Version', 'connection': 'close', 'x-openstack-nova-api-version': '2.1', 'date': 'Tue, 16 Feb 2016 16:57:29 GMT', 'content-type': 'application/json; charset=UTF-8'}
        Body: {"itemNotFound": {"message": "Instance 253e18ee-18f6-43aa-a911-2aefd962e050 could not be found.", "code": 404}}
2016-02-16 16:57:30,544 19048 INFO     [tempest_lib.common.rest_client] Request (TestGettingAddress:_run_cleanups): 500 PUT http://10.4.1.3:9696/v2.0/routers/4dd3f922-6546-4de2-9a7a-63b5212f428c/remove_router_interface 0.760s
2016-02-16 16:57:30,545 19048 DEBUG    [tempest_lib.common.rest_client] Request - Headers: {'Content-Type': 'application/json', 'Accept': 'application/json', 'X-Auth-Token': '&lt;omitted&gt;'}
        Body: {"subnet_id": "c96dc203-2bf2-4096-a63c-00d12d245a89"}
    Response - Headers: {'status': '500', 'content-length': '150', 'connection': 'close', 'date': 'Tue, 16 Feb 2016 16:57:30 GMT', 'content-type': 'application/json; charset=UTF-8', 'x-openstack-request-id': 'req-70fed72d-4612-4274-bdbb-117477fef993'}
        Body: {"NeutronError": {"message": "Request Failed: internal server error while processing your request.", "type": "HTTPInternalServerError", "detail": ""}}
2016-02-16 16:57:31,045 19048 INFO     [tempest_lib.common.rest_client] Request (TestGettingAddress:_run_cleanups): 404 PUT http://10.4.1.3:9696/v2.0/routers/4dd3f922-6546-4de2-9a7a-63b5212f428c/remove_router_interface 0.496s
2016-02-16 16:57:31,046 19048 DEBUG    [tempest_lib.common.rest_client] Request - Headers: {'Content-Type': 'application/json', 'Accept': 'application/json', 'X-Auth-Token': '&lt;omitted&gt;'}
        Body: {"subnet_id": "c96dc203-2bf2-4096-a63c-00d12d245a89"}
    Response - Headers: {'status': '404', 'content-length': '198', 'connection': 'close', 'date': 'Tue, 16 Feb 2016 16:57:31 GMT', 'content-type': 'application/json; charset=UTF-8', 'x-openstack-request-id': 'req-e5f46a6f-4b8f-4d55-ba68-91b99998528b'}
        Body: {"NeutronError": {"message": "Router 4dd3f922-6546-4de2-9a7a-63b5212f428c has no interface on subnet c96dc203-2bf2-4096-a63c-00d12d245a89", "type": "RouterInterfaceNotFoundForSubnet", "detail": ""}}
2016-02-16 16:57:31,695 19048 INFO     [tempest_lib.common.rest_client] Request (TestGettingAddress:_run_cleanups): 500 PUT http://10.4.1.3:9696/v2.0/routers/4dd3f922-6546-4de2-9a7a-63b5212f428c/remove_router_interface 0.648s
2016-02-16 16:57:31,695 19048 DEBUG    [tempest_lib.common.rest_client] Request - Headers: {'Content-Type': 'application/json', 'Accept': 'application/json', 'X-Auth-Token': '&lt;omitted&gt;'}
        Body: {"subnet_id": "3efc5952-8756-47cc-b7f5-d31d25c5cdec"}
    Response - Headers: {'status': '500', 'content-length': '150', 'connection': 'close', 'date': 'Tue, 16 Feb 2016 16:57:31 GMT', 'content-type': 'application/json; charset=UTF-8', 'x-openstack-request-id': 'req-00a9809b-5fa6-4c4d-bcd6-c89eb0371fe5'}
        Body: {"NeutronError": {"message": "Request Failed: internal server error while processing your request.", "type": "HTTPInternalServerError", "detail": ""}}
2016-02-16 16:57:32,072 19048 INFO     [tempest_lib.common.rest_client] Request (TestGettingAddress:_run_cleanups): 200 GET http://10.4.1.3:9696/v2.0/routers/4dd3f922-6546-4de2-9a7a-63b5212f428c 0.375s
2016-02-16 16:57:32,072 19048 DEBUG    [tempest_lib.common.rest_client] Request - Headers: {'Content-Type': 'application/json', 'Accept': 'application/json', 'X-Auth-Token': '&lt;omitted&gt;'}
        Body: None
    Response - Headers: {'status': '200', 'content-length': '501', 'content-location': 'http://10.4.1.3:9696/v2.0/routers/4dd3f922-6546-4de2-9a7a-63b5212f428c', 'connection': 'close', 'date': 'Tue, 16 Feb 2016 16:57:32 GMT', 'content-type': 'application/json; charset=UTF-8', 'x-openstack-request-id': 'req-52930a29-5210-44c7-a9a8-b089cfc865b7'}
        Body: {"router": {"status": "ACTIVE", "external_gateway_info": {"network_id": "86df8747-be5b-4f31-8be6-41d50471f1c4", "enable_snat": true, "external_fixed_ips": [{"subnet_id": "676b8be7-bad1-417a-b302-9034e5ee3d82", "ip_address": "172.24.4.3"}, {"subnet_id": "a16a0393-3b91-46b6-9a47-9235cd99cb78", "ip_address": "2001:db8::3"}]}, "name": "tempest-router-smoke-1536646156", "admin_state_up": true, "tenant_id": "4c752b4b40b84a45a693c82a9f53698a", "routes": [], "id": "4dd3f922-6546-4de2-9a7a-63b5212f428c"}}
2016-02-16 16:57:32,645 19048 INFO     [tempest_lib.common.rest_client] Request (TestGettingAddress:_run_cleanups): 200 PUT http://10.4.1.3:9696/v2.0/routers/4dd3f922-6546-4de2-9a7a-63b5212f428c 0.571s
2016-02-16 16:57:32,646 19048 DEBUG    [tempest_lib.common.rest_client] Request - Headers: {'Content-Type': 'application/json', 'Accept': 'application/json', 'X-Auth-Token': '&lt;omitted&gt;'}
        Body: {"router": {"external_gateway_info": {}, "name": "tempest-router-smoke-1536646156", "admin_state_up": true}}
    Response - Headers: {'status': '200', 'content-length': '239', 'connection': 'close', 'date': 'Tue, 16 Feb 2016 16:57:32 GMT', 'content-type': 'application/json; charset=UTF-8', 'x-openstack-request-id': 'req-129726c4-fb1b-4ac6-8ecb-24306bb3a662'}
        Body: {"router": {"status": "ACTIVE", "external_gateway_info": null, "name": "tempest-router-smoke-1536646156", "admin_state_up": true, "tenant_id": "4c752b4b40b84a45a693c82a9f53698a", "routes": [], "id": "4dd3f922-6546-4de2-9a7a-63b5212f428c"}}
2016-02-16 16:57:33,046 19048 INFO     [tempest_lib.common.rest_client] Request (TestGettingAddress:_run_cleanups): 500 DELETE http://10.4.1.3:9696/v2.0/routers/4dd3f922-6546-4de2-9a7a-63b5212f428c 0.399s
2016-02-16 16:57:33,047 19048 DEBUG    [tempest_lib.common.rest_client] Request - Headers: {'Content-Type': 'application/json', 'Accept': 'application/json', 'X-Auth-Token': '&lt;omitted&gt;'}
        Body: None
    Response - Headers: {'status': '500', 'content-length': '150', 'connection': 'close', 'date': 'Tue, 16 Feb 2016 16:57:33 GMT', 'content-type': 'application/json; charset=UTF-8', 'x-openstack-request-id': 'req-9938a1bd-60a2-4a6e-ba03-7f9d613f005b'}
        Body: {"NeutronError": {"message": "Request Failed: internal server error while processing your request.", "type": "HTTPInternalServerError", "detail": ""}}
2016-02-16 16:57:33,304 19048 INFO     [tempest_lib.common.rest_client] Request (TestGettingAddress:_run_cleanups): 404 PUT http://10.4.1.3:9696/v2.0/routers/4dd3f922-6546-4de2-9a7a-63b5212f428c/remove_router_interface 0.255s
