<?xml version="1.0" encoding="UTF-8"?>
<!DOCTYPE html PUBLIC "-//W3C//DTD XHTML 1.0 Strict//EN"
     "http://www.w3.org/TR/xhtml1/DTD/xhtml1-strict.dtd">
<html xmlns="http://www.w3.org/1999/xhtml">
<head>
    <title>Unit Test Report</title>
    <meta name="generator" content="subunit2html 0.1"/>
    <meta http-equiv="Content-Type" content="text/html; charset=UTF-8"/>
    
<style type="text/css" media="screen">
body        { font-family: verdana, arial, helvetica, sans-serif;
    font-size: 80%; }
table       { font-size: 100%; width: 100%;}
pre         { font-size: 80%; }

/* -- heading -------------------------------------------------------------- */
h1 {
        font-size: 16pt;
        color: gray;
}
.heading {
    margin-top: 0ex;
    margin-bottom: 1ex;
}

.heading .attribute {
    margin-top: 1ex;
    margin-bottom: 0;
}

.heading .description {
    margin-top: 4ex;
    margin-bottom: 6ex;
}

/* -- css div popup -------------------------------------------------------- */
a.popup_link {
}

a.popup_link:hover {
    color: red;
}

.popup_window {
    display: none;
    overflow-x: scroll;
    /*border: solid #627173 1px; */
    padding: 10px;
    background-color: #E6E6D6;
    font-family: "Ubuntu Mono", "Lucida Console", "Courier New", monospace;
    text-align: left;
    font-size: 8pt;
}

}
/* -- report --------------------------------------------------------------- */
#show_detail_line {
    margin-top: 3ex;
    margin-bottom: 1ex;
}
#result_table {
    width: 100%;
    border-collapse: collapse;
    border: 1px solid #777;
}
#header_row {
    font-weight: bold;
    color: white;
    background-color: #777;
}
#result_table td {
    border: 1px solid #777;
    padding: 2px;
}
#total_row  { font-weight: bold; }
.passClass  { background-color: #6c6; }
.failClass  { background-color: #c60; }
.errorClass { background-color: #c00; }
.passCase   { color: #6c6; }
.failCase   { color: #c60; font-weight: bold; }
.errorCase  { color: #c00; font-weight: bold; }
.hiddenRow  { display: none; }
.testcase   { margin-left: 2em; }
td.testname {width: 40%}
td.small {width: 40px}

/* -- ending --------------------------------------------------------------- */
#ending {
}

</style>

</head>
<body>
<script language="javascript" type="text/javascript"><!--
output_list = Array();

/* level - 0:Summary; 1:Failed; 2:All */
function showCase(level) {
    trs = document.getElementsByTagName("tr");
    for (var i = 0; i < trs.length; i++) {
        tr = trs[i];
        id = tr.id;
        if (id.substr(0,2) == 'ft') {
            if (level < 1) {
                tr.className = 'hiddenRow';
            }
            else {
                tr.className = '';
            }
        }
        if (id.substr(0,2) == 'pt') {
            if (level > 1) {
                tr.className = '';
            }
            else {
                tr.className = 'hiddenRow';
            }
        }
    }
}


function showClassDetail(cid, count) {
    var id_list = Array(count);
    var toHide = 1;
    for (var i = 0; i < count; i++) {
        tid0 = 't' + cid.substr(1) + '.' + (i+1);
        tid = 'f' + tid0;
        tr = document.getElementById(tid);
        if (!tr) {
            tid = 'p' + tid0;
            tr = document.getElementById(tid);
        }
        id_list[i] = tid;
        if (tr.className) {
            toHide = 0;
        }
    }
    for (var i = 0; i < count; i++) {
        tid = id_list[i];
        if (toHide) {
            document.getElementById('div_'+tid).style.display = 'none'
            document.getElementById(tid).className = 'hiddenRow';
        }
        else {
            document.getElementById(tid).className = '';
        }
    }
}


function showTestDetail(div_id){
    var details_div = document.getElementById(div_id)
    var displayState = details_div.style.display
    // alert(displayState)
    if (displayState != 'block' ) {
        displayState = 'block'
        details_div.style.display = 'block'
    }
    else {
        details_div.style.display = 'none'
    }
}


function html_escape(s) {
    s = s.replace(/&/g,'&amp;');
    s = s.replace(/</g,'&lt;');
    s = s.replace(/>/g,'&gt;');
    return s;
}

/* obsoleted by detail in <div>
function showOutput(id, name) {
    var w = window.open("", //url
                    name,
                    "resizable,scrollbars,status,width=800,height=450");
    d = w.document;
    d.write("<pre>");
    d.write(html_escape(output_list[id]));
    d.write("\n");
    d.write("<a href='javascript:window.close()'>close</a>\n");
    d.write("</pre>\n");
    d.close();
}
*/
--></script>

<div class='heading'>
<h1>Unit Test Report</h1>

<p class='attribute'><strong>Status:</strong> Failure 8</p>

<p class='description'></p>
</div>



<p id='show_detail_line'>Show
<a href='javascript:showCase(0)'>Summary</a>
<a href='javascript:showCase(1)'>Failed</a>
<a href='javascript:showCase(2)'>All</a>
</p>
<table id='result_table'>
<colgroup>
<col align='left' />
<col align='right' />
<col align='right' />
<col align='right' />
<col align='right' />
<col align='right' />
<col align='right' />
<col align='right' />
</colgroup>
<tr id='header_row'>
    <td>Test Group/Test case</td>
    <td>Count</td>
    <td>Pass</td>
    <td>Fail</td>
    <td>Error</td>
    <td>Skip</td>
    <td>View</td>
    <td> </td>
</tr>

<tr class='failClass'>
    <td class="testname">tempest.scenario.test_network_v6.TestGettingAddress</td>
    <td class="small">8</td>
    <td class="small">0</td>
    <td class="small">8</td>
    <td class="small">0</td>
    <td class="small">0</td>
    <td class="small"><a href="javascript:showClassDetail('c1',8)"
>Detail</a></td>
    <td> </td>
</tr>

<tr id='ft1.1' class='none'>
    <td class='failCase'><div class='testcase'>test_dhcp6_stateless_from_os[compute,id-d7e1f858-187c-45a6-89c9-bdafde619a9f,network]</div></td>
    <td colspan='7' align='left'>

    <!--css div popup start-->
    <a class="popup_link" onfocus='this.blur();'
    href="javascript:showTestDetail('div_ft1.1')" >
        fail</a>

    <div id='div_ft1.1' class="popup_window">
        <div style='text-align: right; color:red;cursor:pointer'>
        <a onfocus='this.blur();'
onclick="document.getElementById('div_ft1.1').style.display = 'none' " >
           [x]</a>
        </div>
        <pre>
        
ft1.1: tempest.scenario.test_network_v6.TestGettingAddress.test_dhcp6_stateless_from_os[compute,id-d7e1f858-187c-45a6-89c9-bdafde619a9f,network]_StringException: Empty attachments:
  stderr
  stdout

pythonlogging:'': {{{
2016-01-27 04:43:42,142 16511 INFO     [tempest_lib.common.rest_client] Request (TestGettingAddress:setUp): 200 POST http://10.4.1.3:8774/v2.1/8fabaab41c0040728005d5522f945a6b/os-keypairs 0.497s
2016-01-27 04:43:42,143 16511 DEBUG    [tempest_lib.common.rest_client] Request - Headers: {'Content-Type': 'application/json', 'Accept': 'application/json', 'X-Auth-Token': '&lt;omitted&gt;'}
        Body: {"keypair": {"name": "tempest-TestGettingAddress-1864029764"}}
    Response - Headers: {'status': '200', 'content-length': '2320', 'x-compute-request-id': 'req-e24c8d7c-8445-450e-9c82-103569dc0fd1', 'vary': 'X-OpenStack-Nova-API-Version', 'connection': 'close', 'x-openstack-nova-api-version': '2.1', 'date': 'Wed, 27 Jan 2016 04:43:42 GMT', 'content-type': 'application/json'}
        Body: {"keypair": {"public_key": "ssh-rsa AAAAB3NzaC1yc2EAAAADAQABAAABAQCcApAtOpaNQiZZFo9ImtyefweSoisgjzFcqGBnzeay921drn/JE8wxTMIg6P/R5Q5yydgxNe2T79ao9i35KyQsfwH1209uG8wHyFm1UQdyiiinRUeyYmUY8Zf4PlVbgcI69sklROKAaXXGQNh6WbkerQro+JbwOVlvFImwOoAXti0k++Vl75XdVnZjhCMgFlaoqHBqC6RHGEwcmw/IpXIDfcCTd6oEjqFrvf3xEFpna/sPRpZ6psALiUIfbLCx6+VcXskesaKTtzf0K9vHG2FO/7k/DDkHQ2QFTjle6wgB05eeZHmA5L7bDFe5pFntF2XMMTiPU00VAVji7FBw554h Generated-by-Nova", "private_key": "-----BEGIN RSA PRIVATE KEY-----\nMIIEqQIBAAKCAQEAnAKQLTqWjUImWRaPSJrcnn8HkqIrII8xXKhgZ83msvdtXa5/\nyRPMMUzCIOj/0eUOcsnYMTXtk+/WqPYt+SskLH8B9dtPbhvMB8hZtVEHcooop0VH\nsmJlGPGX+D5VW4HCOvbJJUTigGl1xkDYelm5Hq0K6PiW8DlZbxSJsDqAF7YtJPvl\nZe+V3VZ2Y4QjIBZWqKhwagukRxhMHJsPyKVyA33Ak3eqBI6ha7398RBaZ2v7D0aW\neqbAC4lCH2ywsevlXF7JHrGik7c39CvbxxthTv+5Pww5B0NkBU45XusIAdOXnmR5\ngOS+2wxXuaRZ7RdlzDE4j1NNFQFY4uxQcOeeIQIDAQABAoIBADywxpPBwgWr4S0x\nGIZ/MCo8cp65lZtx+Rr5qZ9YO1IN7S7PjoiTuhDHspGI8tQdjpRbL05dk1HEsLZE\nJrhS7xycQA/7xBeqmqHAcB2YKxSE6LHBwtWDb57XhW4eGaiifwPfM3rbJF4eKKH6\nYfye4OQtHxxocJd9R+xtie7TozcVnJ14Tr59G92eJGDLmISFLNP5HiBTPO7jujBj\n0m9mXtg7RsCAzsi8h7ma9xehnoKaFx1KnNLXF21TwtQPb5O658lNvMddpcfU/vs1\nAoxGzEzpih2zAva1PEA120PHmFCdKsFfIXppSk+ijN57tIerANU4sAaZoF6AZxfU\nbJCK4AECggCBALV1/dmPcEiPby32IJhLsYDMp5MTU3jIf9041+5MkGLsppBiuKYC\niHOm7C+LJfGWlDsXJknvN9rVYlK/oCsDvpL0lP/Qcd3vgPPLTacfIk9szfclVd/0\nrU4gJHh3YrZFKGun1hreG0C2rXEitkrsC2VINIzB9b7lzLI6Metpo+0hAoIAgQDc\nGDb3soLaXZkFn7m+I5JbzqtSoBjDdN5zFfKtdOJ6omG3cofGtgd/5PHFNufeGspB\n42dmRABE2YAMi6+wAyko33vi0bvvmlVtCQcJHVxmyOHUgOd+LXbrCPBSvwmtzXFP\niy1F3m8dZWD0QVpps84DQ7z/Wh3BCBuKxbtdW3SRAQKCAIAxSm28DTSI4T1oFLVh\n6R28SNs0HknMQ1pIM0qkVnPaC0JrcgWKQqHiGHOLrpaN+0MkkfM6nhpj/RaKN7dA\nN/IqZPmcS3jCum4iyxS60sA1Ju8DtUaQYRw6XozJlFRiAoMqSxrjjXWFrJmMY8t0\nqo2l42ky2vTv9+gUea5ZrgZzQQKCAIEA21XqWXh1fOYv2/HsafcLISDZjTLs2sQ5\n91jVClVkajAuz2F8u+Oln6fp5M6tzaLHE1hrL/fuiK50NIx0XiUYPJpS3JyE/OfB\n4DJR55xx/CCPJXX8vLrUOrAix2OIYsNM+6dIS8u60gG42FHUp2g/kvNLgvIsmrTY\ntbgN26CLjwECggCBAKcYsGjK1Q5KDEbDZ2wX69WY7Kr/SdXVPDucm/WcmxHm/X3Q\nRr9yRDfo4KapcQiucT01tj3fvC9QdOc80Bs8UpdcfbkSa1Z+t55NaMtvT6yyK+lG\nNdTeYBTwOjdwG9Wj9f8Jug8SOLD99lzxAO67uLdLR4DbekZ/rqyP9mDquJ2W\n-----END RSA PRIVATE KEY-----\n", "user_id": "8679b9f34be04c0c8fb3ee16eb850928", "name": "tempest-TestGettingAddress-1864029764", "fingerprint": "2c:e0:1f:fd:b1:d8:49:22:9d:f9:89:40:10:b0:97:64"}}
2016-01-27 04:43:42,557 16511 INFO     [tempest_lib.common.rest_client] Request (TestGettingAddress:setUp): 201 POST http://10.4.1.3:9696/v2.0/security-groups 0.411s
2016-01-27 04:43:42,558 16511 DEBUG    [tempest_lib.common.rest_client] Request - Headers: {'Content-Type': 'application/json', 'Accept': 'application/json', 'X-Auth-Token': '&lt;omitted&gt;'}
        Body: {"security_group": {"tenant_id": "8fabaab41c0040728005d5522f945a6b", "description": "tempest-secgroup-smoke-1040320019 description", "name": "tempest-secgroup-smoke-1040320019"}}
    Response - Headers: {'status': '201', 'content-length': '888', 'connection': 'close', 'date': 'Wed, 27 Jan 2016 04:43:42 GMT', 'content-type': 'application/json; charset=UTF-8', 'x-openstack-request-id': 'req-55af5a84-6173-4784-982a-00c35521ad1d'}
        Body: {"security_group": {"tenant_id": "8fabaab41c0040728005d5522f945a6b", "description": "tempest-secgroup-smoke-1040320019 description", "id": "563ff2c2-cf0f-43fc-83ca-d80c5f9bf394", "security_group_rules": [{"remote_group_id": null, "direction": "egress", "remote_ip_prefix": null, "protocol": null, "ethertype": "IPv4", "tenant_id": "8fabaab41c0040728005d5522f945a6b", "port_range_max": null, "port_range_min": null, "id": "7396043e-d82f-4f3d-a9e1-3e38d7c42d0e", "security_group_id": "563ff2c2-cf0f-43fc-83ca-d80c5f9bf394"}, {"remote_group_id": null, "direction": "egress", "remote_ip_prefix": null, "protocol": null, "ethertype": "IPv6", "tenant_id": "8fabaab41c0040728005d5522f945a6b", "port_range_max": null, "port_range_min": null, "id": "f541d87a-1237-48ba-99e8-bb70e0f2f85b", "security_group_id": "563ff2c2-cf0f-43fc-83ca-d80c5f9bf394"}], "name": "tempest-secgroup-smoke-1040320019"}}
2016-01-27 04:43:42,848 16511 INFO     [tempest_lib.common.rest_client] Request (TestGettingAddress:setUp): 201 POST http://10.4.1.3:9696/v2.0/security-group-rules 0.289s
2016-01-27 04:43:42,848 16511 DEBUG    [tempest_lib.common.rest_client] Request - Headers: {'Content-Type': 'application/json', 'Accept': 'application/json', 'X-Auth-Token': '&lt;omitted&gt;'}
        Body: {"security_group_rule": {"direction": "ingress", "protocol": "tcp", "tenant_id": "8fabaab41c0040728005d5522f945a6b", "port_range_max": 22, "security_group_id": "563ff2c2-cf0f-43fc-83ca-d80c5f9bf394", "port_range_min": 22}}
    Response - Headers: {'status': '201', 'content-length': '340', 'connection': 'close', 'date': 'Wed, 27 Jan 2016 04:43:42 GMT', 'content-type': 'application/json; charset=UTF-8', 'x-openstack-request-id': 'req-27367002-bb84-4ae3-a173-34bd026f9c07'}
        Body: {"security_group_rule": {"remote_group_id": null, "direction": "ingress", "remote_ip_prefix": null, "protocol": "tcp", "ethertype": "IPv4", "tenant_id": "8fabaab41c0040728005d5522f945a6b", "port_range_max": 22, "port_range_min": 22, "id": "d1089fc2-2536-4fce-b2a1-452895212dda", "security_group_id": "563ff2c2-cf0f-43fc-83ca-d80c5f9bf394"}}
2016-01-27 04:43:43,131 16511 INFO     [tempest_lib.common.rest_client] Request (TestGettingAddress:setUp): 201 POST http://10.4.1.3:9696/v2.0/security-group-rules 0.282s
2016-01-27 04:43:43,132 16511 DEBUG    [tempest_lib.common.rest_client] Request - Headers: {'Content-Type': 'application/json', 'Accept': 'application/json', 'X-Auth-Token': '&lt;omitted&gt;'}
        Body: {"security_group_rule": {"direction": "egress", "protocol": "tcp", "tenant_id": "8fabaab41c0040728005d5522f945a6b", "port_range_max": 22, "security_group_id": "563ff2c2-cf0f-43fc-83ca-d80c5f9bf394", "port_range_min": 22}}
    Response - Headers: {'status': '201', 'content-length': '339', 'connection': 'close', 'date': 'Wed, 27 Jan 2016 04:43:43 GMT', 'content-type': 'application/json; charset=UTF-8', 'x-openstack-request-id': 'req-3e840e99-2708-4f6b-b81d-9beb50501472'}
        Body: {"security_group_rule": {"remote_group_id": null, "direction": "egress", "remote_ip_prefix": null, "protocol": "tcp", "ethertype": "IPv4", "tenant_id": "8fabaab41c0040728005d5522f945a6b", "port_range_max": 22, "port_range_min": 22, "id": "b151a122-13d9-4a80-b4c2-1ed9e7d43de4", "security_group_id": "563ff2c2-cf0f-43fc-83ca-d80c5f9bf394"}}
2016-01-27 04:43:43,419 16511 INFO     [tempest_lib.common.rest_client] Request (TestGettingAddress:setUp): 201 POST http://10.4.1.3:9696/v2.0/security-group-rules 0.286s
2016-01-27 04:43:43,420 16511 DEBUG    [tempest_lib.common.rest_client] Request - Headers: {'Content-Type': 'application/json', 'Accept': 'application/json', 'X-Auth-Token': '&lt;omitted&gt;'}
        Body: {"security_group_rule": {"tenant_id": "8fabaab41c0040728005d5522f945a6b", "direction": "ingress", "protocol": "icmp", "security_group_id": "563ff2c2-cf0f-43fc-83ca-d80c5f9bf394"}}
    Response - Headers: {'status': '201', 'content-length': '345', 'connection': 'close', 'date': 'Wed, 27 Jan 2016 04:43:43 GMT', 'content-type': 'application/json; charset=UTF-8', 'x-openstack-request-id': 'req-0730ca94-625e-439d-83c1-c3f678e0d40d'}
        Body: {"security_group_rule": {"remote_group_id": null, "direction": "ingress", "remote_ip_prefix": null, "protocol": "icmp", "ethertype": "IPv4", "tenant_id": "8fabaab41c0040728005d5522f945a6b", "port_range_max": null, "port_range_min": null, "id": "d6812381-cd8e-4900-9aae-a3174d1b5c2d", "security_group_id": "563ff2c2-cf0f-43fc-83ca-d80c5f9bf394"}}
2016-01-27 04:43:43,710 16511 INFO     [tempest_lib.common.rest_client] Request (TestGettingAddress:setUp): 201 POST http://10.4.1.3:9696/v2.0/security-group-rules 0.288s
2016-01-27 04:43:43,710 16511 DEBUG    [tempest_lib.common.rest_client] Request - Headers: {'Content-Type': 'application/json', 'Accept': 'application/json', 'X-Auth-Token': '&lt;omitted&gt;'}
        Body: {"security_group_rule": {"tenant_id": "8fabaab41c0040728005d5522f945a6b", "direction": "egress", "protocol": "icmp", "security_group_id": "563ff2c2-cf0f-43fc-83ca-d80c5f9bf394"}}
    Response - Headers: {'status': '201', 'content-length': '344', 'connection': 'close', 'date': 'Wed, 27 Jan 2016 04:43:43 GMT', 'content-type': 'application/json; charset=UTF-8', 'x-openstack-request-id': 'req-6ae8c1b1-a8fa-4bbd-82e4-e85844df46ae'}
        Body: {"security_group_rule": {"remote_group_id": null, "direction": "egress", "remote_ip_prefix": null, "protocol": "icmp", "ethertype": "IPv4", "tenant_id": "8fabaab41c0040728005d5522f945a6b", "port_range_max": null, "port_range_min": null, "id": "f9fa394b-7611-4efd-b3c6-7c6a580571a7", "security_group_id": "563ff2c2-cf0f-43fc-83ca-d80c5f9bf394"}}
2016-01-27 04:43:43,999 16511 INFO     [tempest_lib.common.rest_client] Request (TestGettingAddress:setUp): 201 POST http://10.4.1.3:9696/v2.0/security-group-rules 0.287s
2016-01-27 04:43:44,000 16511 DEBUG    [tempest_lib.common.rest_client] Request - Headers: {'Content-Type': 'application/json', 'Accept': 'application/json', 'X-Auth-Token': '&lt;omitted&gt;'}
        Body: {"security_group_rule": {"tenant_id": "8fabaab41c0040728005d5522f945a6b", "direction": "ingress", "security_group_id": "563ff2c2-cf0f-43fc-83ca-d80c5f9bf394", "protocol": "icmp", "ethertype": "IPv6"}}
    Response - Headers: {'status': '201', 'content-length': '345', 'connection': 'close', 'date': 'Wed, 27 Jan 2016 04:43:43 GMT', 'content-type': 'application/json; charset=UTF-8', 'x-openstack-request-id': 'req-5d7c8a43-f510-4c30-964f-1fed948b0e3b'}
        Body: {"security_group_rule": {"remote_group_id": null, "direction": "ingress", "remote_ip_prefix": null, "protocol": "icmp", "ethertype": "IPv6", "tenant_id": "8fabaab41c0040728005d5522f945a6b", "port_range_max": null, "port_range_min": null, "id": "04c9253c-b6f5-443d-94cd-b9aede130bfa", "security_group_id": "563ff2c2-cf0f-43fc-83ca-d80c5f9bf394"}}
2016-01-27 04:43:44,282 16511 INFO     [tempest_lib.common.rest_client] Request (TestGettingAddress:setUp): 201 POST http://10.4.1.3:9696/v2.0/security-group-rules 0.280s
2016-01-27 04:43:44,282 16511 DEBUG    [tempest_lib.common.rest_client] Request - Headers: {'Content-Type': 'application/json', 'Accept': 'application/json', 'X-Auth-Token': '&lt;omitted&gt;'}
        Body: {"security_group_rule": {"tenant_id": "8fabaab41c0040728005d5522f945a6b", "direction": "egress", "security_group_id": "563ff2c2-cf0f-43fc-83ca-d80c5f9bf394", "protocol": "icmp", "ethertype": "IPv6"}}
    Response - Headers: {'status': '201', 'content-length': '344', 'connection': 'close', 'date': 'Wed, 27 Jan 2016 04:43:44 GMT', 'content-type': 'application/json; charset=UTF-8', 'x-openstack-request-id': 'req-1de6acc7-a6f6-4c83-bc8d-5d180d395b5d'}
        Body: {"security_group_rule": {"remote_group_id": null, "direction": "egress", "remote_ip_prefix": null, "protocol": "icmp", "ethertype": "IPv6", "tenant_id": "8fabaab41c0040728005d5522f945a6b", "port_range_max": null, "port_range_min": null, "id": "4fdf9fb9-0dea-48a6-90b4-8197cac8b3d3", "security_group_id": "563ff2c2-cf0f-43fc-83ca-d80c5f9bf394"}}
2016-01-27 04:43:44,625 16511 INFO     [tempest_lib.common.rest_client] Request (TestGettingAddress:test_dhcp6_stateless_from_os): 201 POST http://10.4.1.3:9696/v2.0/networks 0.341s
2016-01-27 04:43:44,626 16511 DEBUG    [tempest_lib.common.rest_client] Request - Headers: {'Content-Type': 'application/json', 'Accept': 'application/json', 'X-Auth-Token': '&lt;omitted&gt;'}
        Body: {"network": {"tenant_id": "8fabaab41c0040728005d5522f945a6b", "name": "tempest-network-smoke--785348625"}}
    Response - Headers: {'status': '201', 'content-length': '329', 'connection': 'close', 'date': 'Wed, 27 Jan 2016 04:43:44 GMT', 'content-type': 'application/json; charset=UTF-8', 'x-openstack-request-id': 'req-c30c6e34-f588-4165-ac85-f8a17e3eb71a'}
        Body: {"network": {"status": "ACTIVE", "subnets": [], "availability_zone_hints": [], "name": "tempest-network-smoke--785348625", "admin_state_up": true, "tenant_id": "8fabaab41c0040728005d5522f945a6b", "mtu": 1450, "router:external": false, "shared": false, "port_security_enabled": true, "id": "69f9720f-da17-42a5-8b53-91dfdbf31bad"}}
2016-01-27 04:43:44,856 16511 INFO     [tempest_lib.common.rest_client] Request (TestGettingAddress:test_dhcp6_stateless_from_os): 200 GET http://10.4.1.3:9696/v2.0/subnets?tenant_id=8fabaab41c0040728005d5522f945a6b&amp;cidr=10.100.0.0%2F28 0.228s
2016-01-27 04:43:44,857 16511 DEBUG    [tempest_lib.common.rest_client] Request - Headers: {'Content-Type': 'application/json', 'Accept': 'application/json', 'X-Auth-Token': '&lt;omitted&gt;'}
        Body: None
    Response - Headers: {'status': '200', 'content-length': '15', 'content-location': 'http://10.4.1.3:9696/v2.0/subnets?tenant_id=8fabaab41c0040728005d5522f945a6b&amp;cidr=10.100.0.0%2F28', 'connection': 'close', 'date': 'Wed, 27 Jan 2016 04:43:44 GMT', 'content-type': 'application/json; charset=UTF-8', 'x-openstack-request-id': 'req-0e98dae5-2809-494b-b361-35a58c05ec93'}
        Body: {"subnets": []}
2016-01-27 04:43:45,453 16511 INFO     [tempest_lib.common.rest_client] Request (TestGettingAddress:test_dhcp6_stateless_from_os): 201 POST http://10.4.1.3:9696/v2.0/subnets 0.595s
2016-01-27 04:43:45,454 16511 DEBUG    [tempest_lib.common.rest_client] Request - Headers: {'Content-Type': 'application/json', 'Accept': 'application/json', 'X-Auth-Token': '&lt;omitted&gt;'}
        Body: {"subnet": {"ip_version": 4, "tenant_id": "8fabaab41c0040728005d5522f945a6b", "cidr": "10.100.0.0/28", "network_id": "69f9720f-da17-42a5-8b53-91dfdbf31bad", "name": "tempest-sub4-976790478"}}
    Response - Headers: {'status': '201', 'content-length': '469', 'connection': 'close', 'date': 'Wed, 27 Jan 2016 04:43:45 GMT', 'content-type': 'application/json; charset=UTF-8', 'x-openstack-request-id': 'req-d4edea49-dfcd-444d-b21f-aa73fa1773f2'}
        Body: {"subnet": {"name": "tempest-sub4-976790478", "enable_dhcp": true, "network_id": "69f9720f-da17-42a5-8b53-91dfdbf31bad", "tenant_id": "8fabaab41c0040728005d5522f945a6b", "dns_nameservers": [], "gateway_ip": "10.100.0.1", "ipv6_ra_mode": null, "allocation_pools": [{"start": "10.100.0.2", "end": "10.100.0.14"}], "host_routes": [], "ip_version": 4, "ipv6_address_mode": null, "cidr": "10.100.0.0/28", "id": "bff42387-a006-4db3-9264-79d563caab14", "subnetpool_id": null}}
2016-01-27 04:43:45,682 16511 INFO     [tempest_lib.common.rest_client] Request (TestGettingAddress:test_dhcp6_stateless_from_os): 201 POST http://10.4.1.3:9696/v2.0/routers 0.227s
2016-01-27 04:43:45,683 16511 DEBUG    [tempest_lib.common.rest_client] Request - Headers: {'Content-Type': 'application/json', 'Accept': 'application/json', 'X-Auth-Token': '&lt;omitted&gt;'}
        Body: {"router": {"tenant_id": "8fabaab41c0040728005d5522f945a6b", "name": "tempest-router-smoke-376416228", "admin_state_up": true}}
    Response - Headers: {'status': '201', 'content-length': '238', 'connection': 'close', 'date': 'Wed, 27 Jan 2016 04:43:45 GMT', 'content-type': 'application/json; charset=UTF-8', 'x-openstack-request-id': 'req-a4c79d55-05a0-451c-af41-6a8df7dca9d2'}
        Body: {"router": {"status": "ACTIVE", "external_gateway_info": null, "name": "tempest-router-smoke-376416228", "admin_state_up": true, "tenant_id": "8fabaab41c0040728005d5522f945a6b", "routes": [], "id": "2a421fa3-550f-4c7b-a3d8-fc5d72d4d894"}}
2016-01-27 04:43:45,869 16511 INFO     [tempest_lib.common.rest_client] Request (TestGettingAddress:test_dhcp6_stateless_from_os): 200 GET http://10.4.1.3:9696/v2.0/routers/2a421fa3-550f-4c7b-a3d8-fc5d72d4d894 0.185s
2016-01-27 04:43:45,869 16511 DEBUG    [tempest_lib.common.rest_client] Request - Headers: {'Content-Type': 'application/json', 'Accept': 'application/json', 'X-Auth-Token': '&lt;omitted&gt;'}
        Body: None
    Response - Headers: {'status': '200', 'content-length': '238', 'content-location': 'http://10.4.1.3:9696/v2.0/routers/2a421fa3-550f-4c7b-a3d8-fc5d72d4d894', 'connection': 'close', 'date': 'Wed, 27 Jan 2016 04:43:45 GMT', 'content-type': 'application/json; charset=UTF-8', 'x-openstack-request-id': 'req-2961b5b1-d1cf-4bcc-84e7-f0529fe258ed'}
        Body: {"router": {"status": "ACTIVE", "external_gateway_info": null, "name": "tempest-router-smoke-376416228", "admin_state_up": true, "tenant_id": "8fabaab41c0040728005d5522f945a6b", "routes": [], "id": "2a421fa3-550f-4c7b-a3d8-fc5d72d4d894"}}
2016-01-27 04:43:46,760 16511 INFO     [tempest_lib.common.rest_client] Request (TestGettingAddress:test_dhcp6_stateless_from_os): 200 PUT http://10.4.1.3:9696/v2.0/routers/2a421fa3-550f-4c7b-a3d8-fc5d72d4d894 0.890s
2016-01-27 04:43:46,760 16511 DEBUG    [tempest_lib.common.rest_client] Request - Headers: {'Content-Type': 'application/json', 'Accept': 'application/json', 'X-Auth-Token': '&lt;omitted&gt;'}
        Body: {"router": {"external_gateway_info": {"network_id": "c76647b2-616c-4fbf-a5a5-bb93d338095a"}, "name": "tempest-router-smoke-376416228", "admin_state_up": true}}
    Response - Headers: {'status': '200', 'content-length': '500', 'connection': 'close', 'date': 'Wed, 27 Jan 2016 04:43:46 GMT', 'content-type': 'application/json; charset=UTF-8', 'x-openstack-request-id': 'req-3af6f642-b00f-440a-85c5-a62a955c7279'}
        Body: {"router": {"status": "ACTIVE", "external_gateway_info": {"network_id": "c76647b2-616c-4fbf-a5a5-bb93d338095a", "enable_snat": true, "external_fixed_ips": [{"subnet_id": "8c4900d9-5b46-4323-a9f2-6a96cf8dd909", "ip_address": "172.24.4.3"}, {"subnet_id": "3b65f166-553e-48f5-9e40-e85381a14c11", "ip_address": "2001:db8::3"}]}, "name": "tempest-router-smoke-376416228", "admin_state_up": true, "tenant_id": "8fabaab41c0040728005d5522f945a6b", "routes": [], "id": "2a421fa3-550f-4c7b-a3d8-fc5d72d4d894"}}
2016-01-27 04:43:47,479 16511 INFO     [tempest_lib.common.rest_client] Request (TestGettingAddress:test_dhcp6_stateless_from_os): 200 PUT http://10.4.1.3:9696/v2.0/routers/2a421fa3-550f-4c7b-a3d8-fc5d72d4d894/add_router_interface 0.718s
2016-01-27 04:43:47,480 16511 DEBUG    [tempest_lib.common.rest_client] Request - Headers: {'Content-Type': 'application/json', 'Accept': 'application/json', 'X-Auth-Token': '&lt;omitted&gt;'}
        Body: {"subnet_id": "bff42387-a006-4db3-9264-79d563caab14"}
    Response - Headers: {'status': '200', 'content-length': '309', 'connection': 'close', 'date': 'Wed, 27 Jan 2016 04:43:47 GMT', 'content-type': 'application/json; charset=UTF-8', 'x-openstack-request-id': 'req-72aef9bc-1d9b-4f6d-ad91-acafca8e0161'}
        Body: {"network_id": "69f9720f-da17-42a5-8b53-91dfdbf31bad", "tenant_id": "8fabaab41c0040728005d5522f945a6b", "subnet_id": "bff42387-a006-4db3-9264-79d563caab14", "subnet_ids": ["bff42387-a006-4db3-9264-79d563caab14"], "port_id": "80ec48ac-7a29-4789-828a-56a2b10bd074", "id": "2a421fa3-550f-4c7b-a3d8-fc5d72d4d894"}
2016-01-27 04:43:47,685 16511 INFO     [tempest_lib.common.rest_client] Request (TestGettingAddress:test_dhcp6_stateless_from_os): 200 GET http://10.4.1.3:9696/v2.0/subnets?tenant_id=8fabaab41c0040728005d5522f945a6b&amp;cidr=2003%3A%3A%2F64 0.205s
2016-01-27 04:43:47,686 16511 DEBUG    [tempest_lib.common.rest_client] Request - Headers: {'Content-Type': 'application/json', 'Accept': 'application/json', 'X-Auth-Token': '&lt;omitted&gt;'}
        Body: None
    Response - Headers: {'status': '200', 'content-length': '15', 'content-location': 'http://10.4.1.3:9696/v2.0/subnets?tenant_id=8fabaab41c0040728005d5522f945a6b&amp;cidr=2003%3A%3A%2F64', 'connection': 'close', 'date': 'Wed, 27 Jan 2016 04:43:47 GMT', 'content-type': 'application/json; charset=UTF-8', 'x-openstack-request-id': 'req-1e43149a-21b8-45f5-964a-097fb78cae20'}
        Body: {"subnets": []}
2016-01-27 04:43:48,202 16511 INFO     [tempest_lib.common.rest_client] Request (TestGettingAddress:test_dhcp6_stateless_from_os): 201 POST http://10.4.1.3:9696/v2.0/subnets 0.514s
2016-01-27 04:43:48,203 16511 DEBUG    [tempest_lib.common.rest_client] Request - Headers: {'Content-Type': 'application/json', 'Accept': 'application/json', 'X-Auth-Token': '&lt;omitted&gt;'}
        Body: {"subnet": {"name": "tempest-sub6-1356620354", "network_id": "69f9720f-da17-42a5-8b53-91dfdbf31bad", "tenant_id": "8fabaab41c0040728005d5522f945a6b", "ipv6_ra_mode": "dhcpv6-stateless", "ip_version": 6, "ipv6_address_mode": "dhcpv6-stateless", "cidr": "2003::/64"}}
    Response - Headers: {'status': '201', 'content-length': '502', 'connection': 'close', 'date': 'Wed, 27 Jan 2016 04:43:48 GMT', 'content-type': 'application/json; charset=UTF-8', 'x-openstack-request-id': 'req-93435e6d-39f8-4f8a-85da-c3ddd197586c'}
        Body: {"subnet": {"name": "tempest-sub6-1356620354", "enable_dhcp": true, "network_id": "69f9720f-da17-42a5-8b53-91dfdbf31bad", "tenant_id": "8fabaab41c0040728005d5522f945a6b", "dns_nameservers": [], "gateway_ip": "2003::1", "ipv6_ra_mode": "dhcpv6-stateless", "allocation_pools": [{"start": "2003::2", "end": "2003::ffff:ffff:ffff:ffff"}], "host_routes": [], "ip_version": 6, "ipv6_address_mode": "dhcpv6-stateless", "cidr": "2003::/64", "id": "12a1296a-8807-478f-a498-15fc5df31112", "subnetpool_id": null}}
2016-01-27 04:43:49,005 16511 INFO     [tempest_lib.common.rest_client] Request (TestGettingAddress:test_dhcp6_stateless_from_os): 200 PUT http://10.4.1.3:9696/v2.0/routers/2a421fa3-550f-4c7b-a3d8-fc5d72d4d894/add_router_interface 0.800s
2016-01-27 04:43:49,005 16511 DEBUG    [tempest_lib.common.rest_client] Request - Headers: {'Content-Type': 'application/json', 'Accept': 'application/json', 'X-Auth-Token': '&lt;omitted&gt;'}
        Body: {"subnet_id": "12a1296a-8807-478f-a498-15fc5df31112"}
    Response - Headers: {'status': '200', 'content-length': '309', 'connection': 'close', 'date': 'Wed, 27 Jan 2016 04:43:49 GMT', 'content-type': 'application/json; charset=UTF-8', 'x-openstack-request-id': 'req-85e13bd6-271b-4bb4-a38b-c73c0121d9ca'}
        Body: {"network_id": "69f9720f-da17-42a5-8b53-91dfdbf31bad", "tenant_id": "8fabaab41c0040728005d5522f945a6b", "subnet_id": "12a1296a-8807-478f-a498-15fc5df31112", "subnet_ids": ["12a1296a-8807-478f-a498-15fc5df31112"], "port_id": "0aae11a5-ddc4-4aa7-946a-8499e1615604", "id": "2a421fa3-550f-4c7b-a3d8-fc5d72d4d894"}
2016-01-27 04:43:49,153 16511 INFO     [tempest_lib.common.rest_client] Request (TestGettingAddress:test_dhcp6_stateless_from_os): 200 POST http://10.4.1.3:5000/v2.0/tokens
2016-01-27 04:43:49,154 16511 DEBUG    [tempest_lib.common.rest_client] Request - Headers: {'Content-Type': 'application/json', 'Accept': 'application/json'}
        Body: &lt;omitted&gt;
    Response - Headers: {'status': '200', 'content-length': '2254', 'vary': 'X-Auth-Token', 'server': 'Apache/2.4.7 (Ubuntu)', 'connection': 'close', 'date': 'Wed, 27 Jan 2016 04:43:49 GMT', 'content-type': 'application/json', 'x-openstack-request-id': 'req-73912b87-a976-4e7d-b049-a51791048528'}
        Body: {"access": {"token": {"issued_at": "2016-01-27T04:43:49.144906", "expires": "2016-01-27T05:43:49Z", "id": "6efeb5e9458b425bb04645213fa2f29b", "tenant": {"description": "tempest-TestGettingAddress-1796738530-desc", "enabled": true, "id": "8fabaab41c0040728005d5522f945a6b", "name": "tempest-TestGettingAddress-1796738530"}, "audit_ids": ["2CrREnmKSWKK14OwXmcBHw"]}, "serviceCatalog": [{"endpoints": [{"adminURL": "http://10.4.1.3:9292", "region": "RegionOne", "internalURL": "http://10.4.1.3:9292", "id": "4a21221c38e14c1585cc2290c83fc9d6", "publicURL": "http://10.4.1.3:9292"}], "endpoints_links": [], "type": "image", "name": "glance"}, {"endpoints": [{"adminURL": "http://10.4.1.3:8774/v2.1/8fabaab41c0040728005d5522f945a6b", "region": "RegionOne", "internalURL": "http://10.4.1.3:8774/v2.1/8fabaab41c0040728005d5522f945a6b", "id": "3322d81bbbb64c4e802e8c994d395bcf", "publicURL": "http://10.4.1.3:8774/v2.1/8fabaab41c0040728005d5522f945a6b"}], "endpoints_links": [], "type": "compute", "name": "nova"}, {"endpoints": [{"adminURL": "http://10.4.1.3:9696/", "region": "RegionOne", "internalURL": "http://10.4.1.3:9696/", "id": "4da4db4de524427fadd80785303b33c1", "publicURL": "http://10.4.1.3:9696/"}], "endpoints_links": [], "type": "network", "name": "neutron"}, {"endpoints": [{"adminURL": "http://10.4.1.3:35357/v2.0", "region": "RegionOne", "internalURL": "http://10.4.1.3:5000/v2.0", "id": "22ee7082a4a84c538731212781b1ac06", "publicURL": "http://10.4.1.3:5000/v2.0"}], "endpoints_links": [], "type": "identity", "name": "keystone"}, {"endpoints": [{"adminURL": "http://10.4.1.3:8774/v2/8fabaab41c0040728005d5522f945a6b", "region": "RegionOne", "internalURL": "http://10.4.1.3:8774/v2/8fabaab41c0040728005d5522f945a6b", "id": "afd2a1df99964612a999b03338fb8cca", "publicURL": "http://10.4.1.3:8774/v2/8fabaab41c0040728005d5522f945a6b"}], "endpoints_links": [], "type": "compute_legacy", "name": "nova_legacy"}], "user": {"username": "tempest-TestGettingAddress-464683782", "roles_links": [], "id": "8679b9f34be04c0c8fb3ee16eb850928", "roles": [{"name": "Member"}, {"name": "_member_"}], "name": "tempest-TestGettingAddress-464683782"}, "metadata": {"is_admin": 0, "roles": ["b5a39813568842fa96b7a079c70b87e3", "9fe2ff9ee4384b1894a90878d3e92bab"]}}}
2016-01-27 04:43:49,158 16511 DEBUG    [tempest.common.fixed_network] (TestGettingAddress:test_dhcp6_stateless_from_os) No valid network provided or created, defaulting to fixed_network_name
2016-01-27 04:43:49,559 16511 INFO     [tempest_lib.common.rest_client] Request (TestGettingAddress:test_dhcp6_stateless_from_os): 200 GET http://10.4.1.3:8774/v2.1/8fabaab41c0040728005d5522f945a6b/os-networks 0.400s
2016-01-27 04:43:49,560 16511 DEBUG    [tempest_lib.common.rest_client] Request - Headers: {'Content-Type': 'application/json', 'Accept': 'application/json', 'X-Auth-Token': '&lt;omitted&gt;'}
        Body: None
    Response - Headers: {'status': '200', 'content-length': '478', 'content-location': 'http://10.4.1.3:8774/v2.1/8fabaab41c0040728005d5522f945a6b/os-networks', 'x-compute-request-id': 'req-b2d34ab8-5b04-49d8-8c20-109fc99ea879', 'vary': 'X-OpenStack-Nova-API-Version', 'connection': 'close', 'x-openstack-nova-api-version': '2.1', 'date': 'Wed, 27 Jan 2016 04:43:49 GMT', 'content-type': 'application/json'}
        Body: {"networks": [{"cidr_v6": null, "dns2": null, "dns1": null, "gateway": null, "broadcast": null, "netmask": null, "gateway_v6": null, "cidr": null, "label": "public", "id": "c76647b2-616c-4fbf-a5a5-bb93d338095a", "netmask_v6": null}, {"cidr_v6": null, "dns2": null, "dns1": null, "gateway": null, "broadcast": null, "netmask": null, "gateway_v6": null, "cidr": null, "label": "tempest-network-smoke--785348625", "id": "69f9720f-da17-42a5-8b53-91dfdbf31bad", "netmask_v6": null}]}
2016-01-27 04:43:49,560 16511 WARNING  [tempest.common.fixed_network] (TestGettingAddress:test_dhcp6_stateless_from_os) Network with name: private not found
2016-01-27 04:43:49,561 16511 INFO     [tempest.common.fixed_network] (TestGettingAddress:test_dhcp6_stateless_from_os) Found network {} available for tenant
2016-01-27 04:43:52,656 16511 INFO     [tempest_lib.common.rest_client] Request (TestGettingAddress:test_dhcp6_stateless_from_os): 202 POST http://10.4.1.3:8774/v2.1/8fabaab41c0040728005d5522f945a6b/servers 3.094s
2016-01-27 04:43:52,657 16511 DEBUG    [tempest_lib.common.rest_client] Request - Headers: {'Content-Type': 'application/json', 'Accept': 'application/json', 'X-Auth-Token': '&lt;omitted&gt;'}
        Body: {"server": {"name": "tempest.common.compute-instance-1497363564", "imageRef": "48adebbb-68cd-4739-9973-d9d23cf2c71d", "key_name": "tempest-TestGettingAddress-1864029764", "flavorRef": "42", "networks": [{"uuid": "69f9720f-da17-42a5-8b53-91dfdbf31bad"}], "security_groups": [{"name": "tempest-secgroup-smoke-1040320019"}]}}
    Response - Headers: {'status': '202', 'content-length': '460', 'x-compute-request-id': 'req-42581a29-846c-4af9-a842-913036f32ea8', 'vary': 'X-OpenStack-Nova-API-Version', 'connection': 'close', 'location': 'http://10.4.1.3:8774/v2.1/8fabaab41c0040728005d5522f945a6b/servers/03d20d70-426e-4139-a972-e05903d9becf', 'x-openstack-nova-api-version': '2.1', 'date': 'Wed, 27 Jan 2016 04:43:52 GMT', 'content-type': 'application/json'}
        Body: {"server": {"security_groups": [{"name": "tempest-secgroup-smoke-1040320019"}], "OS-DCF:diskConfig": "MANUAL", "id": "03d20d70-426e-4139-a972-e05903d9becf", "links": [{"href": "http://10.4.1.3:8774/v2.1/8fabaab41c0040728005d5522f945a6b/servers/03d20d70-426e-4139-a972-e05903d9becf", "rel": "self"}, {"href": "http://10.4.1.3:8774/8fabaab41c0040728005d5522f945a6b/servers/03d20d70-426e-4139-a972-e05903d9becf", "rel": "bookmark"}], "adminPass": "Kb6GpRgU6DMb"}}
2016-01-27 04:43:53,100 16511 INFO     [tempest_lib.common.rest_client] Request (TestGettingAddress:test_dhcp6_stateless_from_os): 200 GET http://10.4.1.3:8774/v2.1/8fabaab41c0040728005d5522f945a6b/servers/03d20d70-426e-4139-a972-e05903d9becf 0.438s
2016-01-27 04:43:53,101 16511 DEBUG    [tempest_lib.common.rest_client] Request - Headers: {'Content-Type': 'application/json', 'Accept': 'application/json', 'X-Auth-Token': '&lt;omitted&gt;'}
        Body: None
    Response - Headers: {'status': '200', 'content-length': '1351', 'content-location': 'http://10.4.1.3:8774/v2.1/8fabaab41c0040728005d5522f945a6b/servers/03d20d70-426e-4139-a972-e05903d9becf', 'x-compute-request-id': 'req-4b5e261b-1fff-48a7-92a3-495217e9c165', 'vary': 'X-OpenStack-Nova-API-Version', 'connection': 'close', 'x-openstack-nova-api-version': '2.1', 'date': 'Wed, 27 Jan 2016 04:43:53 GMT', 'content-type': 'application/json'}
        Body: {"server": {"status": "BUILD", "updated": "2016-01-27T04:43:52Z", "hostId": "", "addresses": {}, "links": [{"href": "http://10.4.1.3:8774/v2.1/8fabaab41c0040728005d5522f945a6b/servers/03d20d70-426e-4139-a972-e05903d9becf", "rel": "self"}, {"href": "http://10.4.1.3:8774/8fabaab41c0040728005d5522f945a6b/servers/03d20d70-426e-4139-a972-e05903d9becf", "rel": "bookmark"}], "key_name": "tempest-TestGettingAddress-1864029764", "image": {"id": "48adebbb-68cd-4739-9973-d9d23cf2c71d", "links": [{"href": "http://10.4.1.3:8774/8fabaab41c0040728005d5522f945a6b/images/48adebbb-68cd-4739-9973-d9d23cf2c71d", "rel": "bookmark"}]}, "OS-EXT-STS:task_state": "scheduling", "OS-EXT-STS:vm_state": "building", "OS-SRV-USG:launched_at": null, "flavor": {"id": "42", "links": [{"href": "http://10.4.1.3:8774/8fabaab41c0040728005d5522f945a6b/flavors/42", "rel": "bookmark"}]}, "id": "03d20d70-426e-4139-a972-e05903d9becf", "OS-SRV-USG:terminated_at": null, "OS-EXT-AZ:availability_zone": "", "user_id": "8679b9f34be04c0c8fb3ee16eb850928", "name": "tempest.common.compute-instance-1497363564", "created": "2016-01-27T04:43:52Z", "tenant_id": "8fabaab41c0040728005d5522f945a6b", "OS-DCF:diskConfig": "MANUAL", "os-extended-volumes:volumes_attached": [], "accessIPv4": "", "accessIPv6": "", "progress": 0, "OS-EXT-STS:power_state": 0, "config_drive": "", "metadata": {}}}
2016-01-27 04:43:54,791 16511 INFO     [tempest_lib.common.rest_client] Request (TestGettingAddress:test_dhcp6_stateless_from_os): 200 GET http://10.4.1.3:8774/v2.1/8fabaab41c0040728005d5522f945a6b/servers/03d20d70-426e-4139-a972-e05903d9becf 0.680s
2016-01-27 04:43:54,792 16511 DEBUG    [tempest_lib.common.rest_client] Request - Headers: {'Content-Type': 'application/json', 'Accept': 'application/json', 'X-Auth-Token': '&lt;omitted&gt;'}
        Body: None
    Response - Headers: {'status': '200', 'content-length': '1477', 'content-location': 'http://10.4.1.3:8774/v2.1/8fabaab41c0040728005d5522f945a6b/servers/03d20d70-426e-4139-a972-e05903d9becf', 'x-compute-request-id': 'req-43180cf6-680c-4c65-9e43-895694529949', 'vary': 'X-OpenStack-Nova-API-Version', 'connection': 'close', 'x-openstack-nova-api-version': '2.1', 'date': 'Wed, 27 Jan 2016 04:43:54 GMT', 'content-type': 'application/json'}
        Body: {"server": {"status": "BUILD", "updated": "2016-01-27T04:43:53Z", "hostId": "e2deebde4fb195a9bc867a302d8624d8ea70fb3ad8dec0aee27a4081", "addresses": {}, "links": [{"href": "http://10.4.1.3:8774/v2.1/8fabaab41c0040728005d5522f945a6b/servers/03d20d70-426e-4139-a972-e05903d9becf", "rel": "self"}, {"href": "http://10.4.1.3:8774/8fabaab41c0040728005d5522f945a6b/servers/03d20d70-426e-4139-a972-e05903d9becf", "rel": "bookmark"}], "key_name": "tempest-TestGettingAddress-1864029764", "image": {"id": "48adebbb-68cd-4739-9973-d9d23cf2c71d", "links": [{"href": "http://10.4.1.3:8774/8fabaab41c0040728005d5522f945a6b/images/48adebbb-68cd-4739-9973-d9d23cf2c71d", "rel": "bookmark"}]}, "OS-EXT-STS:task_state": "spawning", "OS-EXT-STS:vm_state": "building", "OS-SRV-USG:launched_at": null, "flavor": {"id": "42", "links": [{"href": "http://10.4.1.3:8774/8fabaab41c0040728005d5522f945a6b/flavors/42", "rel": "bookmark"}]}, "id": "03d20d70-426e-4139-a972-e05903d9becf", "security_groups": [{"name": "tempest-secgroup-smoke-1040320019"}], "OS-SRV-USG:terminated_at": null, "OS-EXT-AZ:availability_zone": "nova", "user_id": "8679b9f34be04c0c8fb3ee16eb850928", "name": "tempest.common.compute-instance-1497363564", "created": "2016-01-27T04:43:52Z", "tenant_id": "8fabaab41c0040728005d5522f945a6b", "OS-DCF:diskConfig": "MANUAL", "os-extended-volumes:volumes_attached": [], "accessIPv4": "", "accessIPv6": "", "progress": 0, "OS-EXT-STS:power_state": 0, "config_drive": "", "metadata": {}}}
2016-01-27 04:43:54,803 16511 INFO     [tempest.common.waiters] State transition "BUILD/scheduling" ==&gt; "BUILD/spawning" after 1 second wait
2016-01-27 04:43:56,445 16511 INFO     [tempest_lib.common.rest_client] Request (TestGettingAddress:test_dhcp6_stateless_from_os): 200 GET http://10.4.1.3:8774/v2.1/8fabaab41c0040728005d5522f945a6b/servers/03d20d70-426e-4139-a972-e05903d9becf 0.639s
2016-01-27 04:43:56,445 16511 DEBUG    [tempest_lib.common.rest_client] Request - Headers: {'Content-Type': 'application/json', 'Accept': 'application/json', 'X-Auth-Token': '&lt;omitted&gt;'}
        Body: None
    Response - Headers: {'status': '200', 'content-length': '1477', 'content-location': 'http://10.4.1.3:8774/v2.1/8fabaab41c0040728005d5522f945a6b/servers/03d20d70-426e-4139-a972-e05903d9becf', 'x-compute-request-id': 'req-70f4694b-ef25-4dfa-875b-b697f69951f4', 'vary': 'X-OpenStack-Nova-API-Version', 'connection': 'close', 'x-openstack-nova-api-version': '2.1', 'date': 'Wed, 27 Jan 2016 04:43:56 GMT', 'content-type': 'application/json'}
        Body: {"server": {"status": "BUILD", "updated": "2016-01-27T04:43:53Z", "hostId": "e2deebde4fb195a9bc867a302d8624d8ea70fb3ad8dec0aee27a4081", "addresses": {}, "links": [{"href": "http://10.4.1.3:8774/v2.1/8fabaab41c0040728005d5522f945a6b/servers/03d20d70-426e-4139-a972-e05903d9becf", "rel": "self"}, {"href": "http://10.4.1.3:8774/8fabaab41c0040728005d5522f945a6b/servers/03d20d70-426e-4139-a972-e05903d9becf", "rel": "bookmark"}], "key_name": "tempest-TestGettingAddress-1864029764", "image": {"id": "48adebbb-68cd-4739-9973-d9d23cf2c71d", "links": [{"href": "http://10.4.1.3:8774/8fabaab41c0040728005d5522f945a6b/images/48adebbb-68cd-4739-9973-d9d23cf2c71d", "rel": "bookmark"}]}, "OS-EXT-STS:task_state": "spawning", "OS-EXT-STS:vm_state": "building", "OS-SRV-USG:launched_at": null, "flavor": {"id": "42", "links": [{"href": "http://10.4.1.3:8774/8fabaab41c0040728005d5522f945a6b/flavors/42", "rel": "bookmark"}]}, "id": "03d20d70-426e-4139-a972-e05903d9becf", "security_groups": [{"name": "tempest-secgroup-smoke-1040320019"}], "OS-SRV-USG:terminated_at": null, "OS-EXT-AZ:availability_zone": "nova", "user_id": "8679b9f34be04c0c8fb3ee16eb850928", "name": "tempest.common.compute-instance-1497363564", "created": "2016-01-27T04:43:52Z", "tenant_id": "8fabaab41c0040728005d5522f945a6b", "OS-DCF:diskConfig": "MANUAL", "os-extended-volumes:volumes_attached": [], "accessIPv4": "", "accessIPv6": "", "progress": 0, "OS-EXT-STS:power_state": 0, "config_drive": "", "metadata": {}}}
2016-01-27 04:43:58,016 16511 INFO     [tempest_lib.common.rest_client] Request (TestGettingAddress:test_dhcp6_stateless_from_os): 200 GET http://10.4.1.3:8774/v2.1/8fabaab41c0040728005d5522f945a6b/servers/03d20d70-426e-4139-a972-e05903d9becf 0.561s
2016-01-27 04:43:58,016 16511 DEBUG    [tempest_lib.common.rest_client] Request - Headers: {'Content-Type': 'application/json', 'Accept': 'application/json', 'X-Auth-Token': '&lt;omitted&gt;'}
        Body: None
    Response - Headers: {'status': '200', 'content-length': '1777', 'content-location': 'http://10.4.1.3:8774/v2.1/8fabaab41c0040728005d5522f945a6b/servers/03d20d70-426e-4139-a972-e05903d9becf', 'x-compute-request-id': 'req-6188e02b-b4d0-4099-963e-6a388d550295', 'vary': 'X-OpenStack-Nova-API-Version', 'connection': 'close', 'x-openstack-nova-api-version': '2.1', 'date': 'Wed, 27 Jan 2016 04:43:58 GMT', 'content-type': 'application/json'}
        Body: {"server": {"status": "ACTIVE", "updated": "2016-01-27T04:43:57Z", "hostId": "e2deebde4fb195a9bc867a302d8624d8ea70fb3ad8dec0aee27a4081", "addresses": {"tempest-network-smoke--785348625": [{"OS-EXT-IPS-MAC:mac_addr": "fa:16:3e:2e:d6:fc", "version": 6, "addr": "2003::f816:3eff:fe2e:d6fc", "OS-EXT-IPS:type": "fixed"}, {"OS-EXT-IPS-MAC:mac_addr": "fa:16:3e:2e:d6:fc", "version": 4, "addr": "10.100.0.3", "OS-EXT-IPS:type": "fixed"}]}, "links": [{"href": "http://10.4.1.3:8774/v2.1/8fabaab41c0040728005d5522f945a6b/servers/03d20d70-426e-4139-a972-e05903d9becf", "rel": "self"}, {"href": "http://10.4.1.3:8774/8fabaab41c0040728005d5522f945a6b/servers/03d20d70-426e-4139-a972-e05903d9becf", "rel": "bookmark"}], "key_name": "tempest-TestGettingAddress-1864029764", "image": {"id": "48adebbb-68cd-4739-9973-d9d23cf2c71d", "links": [{"href": "http://10.4.1.3:8774/8fabaab41c0040728005d5522f945a6b/images/48adebbb-68cd-4739-9973-d9d23cf2c71d", "rel": "bookmark"}]}, "OS-EXT-STS:task_state": null, "OS-EXT-STS:vm_state": "active", "OS-SRV-USG:launched_at": "2016-01-27T04:43:57.000000", "flavor": {"id": "42", "links": [{"href": "http://10.4.1.3:8774/8fabaab41c0040728005d5522f945a6b/flavors/42", "rel": "bookmark"}]}, "id": "03d20d70-426e-4139-a972-e05903d9becf", "security_groups": [{"name": "tempest-secgroup-smoke-1040320019"}], "OS-SRV-USG:terminated_at": null, "OS-EXT-AZ:availability_zone": "nova", "user_id": "8679b9f34be04c0c8fb3ee16eb850928", "name": "tempest.common.compute-instance-1497363564", "created": "2016-01-27T04:43:52Z", "tenant_id": "8fabaab41c0040728005d5522f945a6b", "OS-DCF:diskConfig": "MANUAL", "os-extended-volumes:volumes_attached": [], "accessIPv4": "", "accessIPv6": "", "progress": 0, "OS-EXT-STS:power_state": 1, "config_drive": "True", "metadata": {}}}
2016-01-27 04:43:58,025 16511 INFO     [tempest.common.waiters] State transition "BUILD/spawning" ==&gt; "ACTIVE/None" after 5 second wait
2016-01-27 04:43:58,628 16511 INFO     [tempest_lib.common.rest_client] Request (TestGettingAddress:test_dhcp6_stateless_from_os): 200 GET http://10.4.1.3:8774/v2.1/8fabaab41c0040728005d5522f945a6b/servers/03d20d70-426e-4139-a972-e05903d9becf 0.603s
2016-01-27 04:43:58,629 16511 DEBUG    [tempest_lib.common.rest_client] Request - Headers: {'Content-Type': 'application/json', 'Accept': 'application/json', 'X-Auth-Token': '&lt;omitted&gt;'}
        Body: None
    Response - Headers: {'status': '200', 'content-length': '1777', 'content-location': 'http://10.4.1.3:8774/v2.1/8fabaab41c0040728005d5522f945a6b/servers/03d20d70-426e-4139-a972-e05903d9becf', 'x-compute-request-id': 'req-3a44a66b-e6d6-45eb-9e6d-3c940e526c33', 'vary': 'X-OpenStack-Nova-API-Version', 'connection': 'close', 'x-openstack-nova-api-version': '2.1', 'date': 'Wed, 27 Jan 2016 04:43:58 GMT', 'content-type': 'application/json'}
        Body: {"server": {"status": "ACTIVE", "updated": "2016-01-27T04:43:57Z", "hostId": "e2deebde4fb195a9bc867a302d8624d8ea70fb3ad8dec0aee27a4081", "addresses": {"tempest-network-smoke--785348625": [{"OS-EXT-IPS-MAC:mac_addr": "fa:16:3e:2e:d6:fc", "version": 6, "addr": "2003::f816:3eff:fe2e:d6fc", "OS-EXT-IPS:type": "fixed"}, {"OS-EXT-IPS-MAC:mac_addr": "fa:16:3e:2e:d6:fc", "version": 4, "addr": "10.100.0.3", "OS-EXT-IPS:type": "fixed"}]}, "links": [{"href": "http://10.4.1.3:8774/v2.1/8fabaab41c0040728005d5522f945a6b/servers/03d20d70-426e-4139-a972-e05903d9becf", "rel": "self"}, {"href": "http://10.4.1.3:8774/8fabaab41c0040728005d5522f945a6b/servers/03d20d70-426e-4139-a972-e05903d9becf", "rel": "bookmark"}], "key_name": "tempest-TestGettingAddress-1864029764", "image": {"id": "48adebbb-68cd-4739-9973-d9d23cf2c71d", "links": [{"href": "http://10.4.1.3:8774/8fabaab41c0040728005d5522f945a6b/images/48adebbb-68cd-4739-9973-d9d23cf2c71d", "rel": "bookmark"}]}, "OS-EXT-STS:task_state": null, "OS-EXT-STS:vm_state": "active", "OS-SRV-USG:launched_at": "2016-01-27T04:43:57.000000", "flavor": {"id": "42", "links": [{"href": "http://10.4.1.3:8774/8fabaab41c0040728005d5522f945a6b/flavors/42", "rel": "bookmark"}]}, "id": "03d20d70-426e-4139-a972-e05903d9becf", "security_groups": [{"name": "tempest-secgroup-smoke-1040320019"}], "OS-SRV-USG:terminated_at": null, "OS-EXT-AZ:availability_zone": "nova", "user_id": "8679b9f34be04c0c8fb3ee16eb850928", "name": "tempest.common.compute-instance-1497363564", "created": "2016-01-27T04:43:52Z", "tenant_id": "8fabaab41c0040728005d5522f945a6b", "OS-DCF:diskConfig": "MANUAL", "os-extended-volumes:volumes_attached": [], "accessIPv4": "", "accessIPv6": "", "progress": 0, "OS-EXT-STS:power_state": 1, "config_drive": "True", "metadata": {}}}
2016-01-27 04:43:58,810 16511 INFO     [tempest_lib.common.rest_client] Request (TestGettingAddress:test_dhcp6_stateless_from_os): 200 GET http://10.4.1.3:9696/v2.0/ports?status=ACTIVE&amp;fixed_ip=None&amp;device_id=03d20d70-426e-4139-a972-e05903d9becf 0.172s
2016-01-27 04:43:58,811 16511 DEBUG    [tempest_lib.common.rest_client] Request - Headers: {'Content-Type': 'application/json', 'Accept': 'application/json', 'X-Auth-Token': '&lt;omitted&gt;'}
        Body: None
    Response - Headers: {'status': '200', 'content-length': '1142', 'content-location': 'http://10.4.1.3:9696/v2.0/ports?status=ACTIVE&amp;fixed_ip=None&amp;device_id=03d20d70-426e-4139-a972-e05903d9becf', 'connection': 'close', 'date': 'Wed, 27 Jan 2016 04:43:58 GMT', 'content-type': 'application/json; charset=UTF-8', 'x-openstack-request-id': 'req-3de2630b-4fd5-4535-8553-14c7d25182f8'}
        Body: {"ports": [{"status": "ACTIVE", "binding:host_id": "vagrant-ubuntu-trusty-64", "allowed_address_pairs": [], "extra_dhcp_opts": [], "dns_assignment": [{"hostname": "host-10-100-0-3", "ip_address": "10.100.0.3", "fqdn": "host-10-100-0-3.openstacklocal."}, {"hostname": "host-2003--f816-3eff-fe2e-d6fc", "ip_address": "2003::f816:3eff:fe2e:d6fc", "fqdn": "host-2003--f816-3eff-fe2e-d6fc.openstacklocal."}], "device_owner": "compute:None", "port_security_enabled": true, "binding:profile": {}, "fixed_ips": [{"subnet_id": "bff42387-a006-4db3-9264-79d563caab14", "ip_address": "10.100.0.3"}, {"subnet_id": "12a1296a-8807-478f-a498-15fc5df31112", "ip_address": "2003::f816:3eff:fe2e:d6fc"}], "id": "c25c5560-f7bb-4723-beff-7fd28b0c5725", "security_groups": ["563ff2c2-cf0f-43fc-83ca-d80c5f9bf394"], "device_id": "03d20d70-426e-4139-a972-e05903d9becf", "name": "", "admin_state_up": true, "network_id": "69f9720f-da17-42a5-8b53-91dfdbf31bad", "dns_name": "", "binding:vif_details": {"port_filter": true}, "binding:vnic_type": "normal", "binding:vif_type": "ovs", "tenant_id": "8fabaab41c0040728005d5522f945a6b", "mac_address": "fa:16:3e:2e:d6:fc"}]}
2016-01-27 04:43:59,567 16511 INFO     [tempest_lib.common.rest_client] Request (TestGettingAddress:test_dhcp6_stateless_from_os): 201 POST http://10.4.1.3:9696/v2.0/floatingips 0.755s
2016-01-27 04:43:59,567 16511 DEBUG    [tempest_lib.common.rest_client] Request - Headers: {'Content-Type': 'application/json', 'Accept': 'application/json', 'X-Auth-Token': '&lt;omitted&gt;'}
        Body: {"floatingip": {"floating_network_id": "c76647b2-616c-4fbf-a5a5-bb93d338095a", "tenant_id": "8fabaab41c0040728005d5522f945a6b", "fixed_ip_address": "10.100.0.3", "port_id": "c25c5560-f7bb-4723-beff-7fd28b0c5725"}}
    Response - Headers: {'status': '201', 'content-length': '369', 'connection': 'close', 'date': 'Wed, 27 Jan 2016 04:43:59 GMT', 'content-type': 'application/json; charset=UTF-8', 'x-openstack-request-id': 'req-3110f1be-52bc-4ee2-b616-00e574ef49a5'}
        Body: {"floatingip": {"floating_network_id": "c76647b2-616c-4fbf-a5a5-bb93d338095a", "router_id": "2a421fa3-550f-4c7b-a3d8-fc5d72d4d894", "fixed_ip_address": "10.100.0.3", "floating_ip_address": "172.24.4.4", "tenant_id": "8fabaab41c0040728005d5522f945a6b", "status": "ACTIVE", "port_id": "c25c5560-f7bb-4723-beff-7fd28b0c5725", "id": "f055b975-0e4a-4acc-bbef-5adc8f7844bb"}}
2016-01-27 04:43:59,568 16511 INFO     [tempest_lib.common.ssh] Creating ssh connection to '172.24.4.4' as 'cirros' with public key authentication
2016-01-27 04:44:59,629 16511 WARNING  [tempest_lib.common.ssh] Failed to establish authenticated ssh connection to cirros@172.24.4.4 (timed out). Number attempts: 1. Retry after 2 seconds.
2016-01-27 04:46:02,185 16511 WARNING  [tempest_lib.common.ssh] Failed to establish authenticated ssh connection to cirros@172.24.4.4 (timed out). Number attempts: 2. Retry after 3 seconds.
2016-01-27 04:47:05,749 16511 WARNING  [tempest_lib.common.ssh] Failed to establish authenticated ssh connection to cirros@172.24.4.4 (timed out). Number attempts: 3. Retry after 4 seconds.
2016-01-27 04:48:10,305 16511 ERROR    [tempest_lib.common.ssh] Failed to establish authenticated ssh connection to cirros@172.24.4.4 after 3 attempts
2016-01-27 04:48:10.305 16511 ERROR tempest_lib.common.ssh Traceback (most recent call last):
2016-01-27 04:48:10.305 16511 ERROR tempest_lib.common.ssh   File "/usr/local/lib/python2.7/dist-packages/tempest_lib/common/ssh.py", line 75, in _get_ssh_connection
2016-01-27 04:48:10.305 16511 ERROR tempest_lib.common.ssh     timeout=self.channel_timeout, pkey=self.pkey)
2016-01-27 04:48:10.305 16511 ERROR tempest_lib.common.ssh   File "/usr/local/lib/python2.7/dist-packages/paramiko/client.py", line 292, in connect
2016-01-27 04:48:10.305 16511 ERROR tempest_lib.common.ssh     retry_on_signal(lambda: sock.connect(addr))
2016-01-27 04:48:10.305 16511 ERROR tempest_lib.common.ssh   File "/usr/local/lib/python2.7/dist-packages/paramiko/util.py", line 270, in retry_on_signal
2016-01-27 04:48:10.305 16511 ERROR tempest_lib.common.ssh     return function()
2016-01-27 04:48:10.305 16511 ERROR tempest_lib.common.ssh   File "/usr/local/lib/python2.7/dist-packages/paramiko/client.py", line 292, in &lt;lambda&gt;
2016-01-27 04:48:10.305 16511 ERROR tempest_lib.common.ssh     retry_on_signal(lambda: sock.connect(addr))
2016-01-27 04:48:10.305 16511 ERROR tempest_lib.common.ssh   File "/usr/lib/python2.7/socket.py", line 224, in meth
2016-01-27 04:48:10.305 16511 ERROR tempest_lib.common.ssh     return getattr(self._sock,name)(*args)
2016-01-27 04:48:10.305 16511 ERROR tempest_lib.common.ssh timeout: timed out
2016-01-27 04:48:10.305 16511 ERROR tempest_lib.common.ssh 
2016-01-27 04:48:10,308 16511 ERROR    [tempest.scenario.manager] (TestGettingAddress:test_dhcp6_stateless_from_os) Initializing SSH connection to 172.24.4.4 failed. Error: Connection to the 172.24.4.4 via SSH timed out.
User: cirros, Password: None
2016-01-27 04:48:10.308 16511 ERROR tempest.scenario.manager Traceback (most recent call last):
2016-01-27 04:48:10.308 16511 ERROR tempest.scenario.manager   File "tempest/scenario/manager.py", line 390, in get_remote_client
2016-01-27 04:48:10.308 16511 ERROR tempest.scenario.manager     linux_client.validate_authentication()
2016-01-27 04:48:10.308 16511 ERROR tempest.scenario.manager   File "tempest/common/utils/linux/remote_client.py", line 63, in validate_authentication
2016-01-27 04:48:10.308 16511 ERROR tempest.scenario.manager     self.ssh_client.test_connection_auth()
2016-01-27 04:48:10.308 16511 ERROR tempest.scenario.manager   File "/usr/local/lib/python2.7/dist-packages/tempest_lib/common/ssh.py", line 172, in test_connection_auth
2016-01-27 04:48:10.308 16511 ERROR tempest.scenario.manager     connection = self._get_ssh_connection()
2016-01-27 04:48:10.308 16511 ERROR tempest.scenario.manager   File "/usr/local/lib/python2.7/dist-packages/tempest_lib/common/ssh.py", line 87, in _get_ssh_connection
2016-01-27 04:48:10.308 16511 ERROR tempest.scenario.manager     password=self.password)
2016-01-27 04:48:10.308 16511 ERROR tempest.scenario.manager SSHTimeout: Connection to the 172.24.4.4 via SSH timed out.
2016-01-27 04:48:10.308 16511 ERROR tempest.scenario.manager User: cirros, Password: None
2016-01-27 04:48:10.308 16511 ERROR tempest.scenario.manager 
2016-01-27 04:48:10,557 16511 INFO     [tempest_lib.common.rest_client] Request (TestGettingAddress:test_dhcp6_stateless_from_os): 200 GET http://10.4.1.3:8774/v2.1/8fabaab41c0040728005d5522f945a6b/servers 0.247s
2016-01-27 04:48:10,558 16511 DEBUG    [tempest_lib.common.rest_client] Request - Headers: {'Content-Type': 'application/json', 'Accept': 'application/json', 'X-Auth-Token': '&lt;omitted&gt;'}
        Body: None
    Response - Headers: {'status': '200', 'content-length': '389', 'content-location': 'http://10.4.1.3:8774/v2.1/8fabaab41c0040728005d5522f945a6b/servers', 'x-compute-request-id': 'req-e6b430a9-5e95-49c1-8b1b-d33b047e596a', 'vary': 'X-OpenStack-Nova-API-Version', 'connection': 'close', 'x-openstack-nova-api-version': '2.1', 'date': 'Wed, 27 Jan 2016 04:48:10 GMT', 'content-type': 'application/json'}
        Body: {"servers": [{"id": "03d20d70-426e-4139-a972-e05903d9becf", "links": [{"href": "http://10.4.1.3:8774/v2.1/8fabaab41c0040728005d5522f945a6b/servers/03d20d70-426e-4139-a972-e05903d9becf", "rel": "self"}, {"href": "http://10.4.1.3:8774/8fabaab41c0040728005d5522f945a6b/servers/03d20d70-426e-4139-a972-e05903d9becf", "rel": "bookmark"}], "name": "tempest.common.compute-instance-1497363564"}]}
2016-01-27 04:48:10,927 16511 INFO     [tempest_lib.common.rest_client] Request (TestGettingAddress:test_dhcp6_stateless_from_os): 200 POST http://10.4.1.3:8774/v2.1/8fabaab41c0040728005d5522f945a6b/servers/03d20d70-426e-4139-a972-e05903d9becf/action 0.363s
2016-01-27 04:48:10,928 16511 DEBUG    [tempest_lib.common.rest_client] Request - Headers: {'Content-Type': 'application/json', 'Accept': 'application/json', 'X-Auth-Token': '&lt;omitted&gt;'}
        Body: {"os-getConsoleOutput": {}}
    Response - Headers: {'status': '200', 'content-length': '24670', 'x-compute-request-id': 'req-405ea7ae-c45c-4c1c-88fe-098af3088757', 'vary': 'X-OpenStack-Nova-API-Version', 'connection': 'close', 'x-openstack-nova-api-version': '2.1', 'date': 'Wed, 27 Jan 2016 04:48:10 GMT', 'content-type': 'application/json'}
        Body: {"output": "[    0.000000] Initializing cgroup subsys cpuset\n[    0.000000] Initializing cgroup subsys cpu\n[    0.000000] Linux version 3.2.0-80-virtual (buildd@batsu) (gcc version 4.6.3 (Ubuntu/Linaro 4.6.3-1ubuntu5) ) #116-Ubuntu SMP Mon Mar 23 17:28:52 UTC 2015 (Ubuntu 3.2.0-80.116-virtual 3.2.68)\n[    0.000000] Command line: root=/dev/vda console=tty0 console=ttyS0 no_timer_check\n[    0.000000] KERNEL supported cpus:\n[    0.000000]   Intel GenuineIntel\n[    0.000000]   AMD AuthenticAMD\n[    0.000000]   Centaur CentaurHauls\n[    0.000000] BIOS-provided physical RAM map:\n[    0.000000]  BIOS-e820: 0000000000000000 - 000000000009fc00 (usable)\n[    0.000000]  BIOS-e820: 000000000009fc00 - 00000000000a0000 (reserved)\n[    0.000000]  BIOS-e820: 00000000000f0000 - 0000000000100000 (reserved)\n[    0.000000]  BIOS-e820: 0000000000100000 - 0000000003ffe000 (usable)\n[    0.000000]  BIOS-e820: 0000000003ffe000 - 0000000004000000 (reserved)\n[    0.000000]  BIOS-e820: 00000000fffc0000 - 0000000100000000 (reserved)\n[    0.000000] NX (Execute Disable) protection: active\n[    0.000000] SMBIOS 2.4 present.\n[    0.000000] No AGP bridge found\n[    0.000000] last_pfn = 0x3ffe max_arch_pfn = 0x400000000\n[    0.000000] x86 PAT enabled: cpu 0, old 0x7040600070406, new 0x7010600070106\n[    0.000000] found SMP MP-table at [ffff8800000f0b00] f0b00\n[    0.000000] init_memory_mapping: 0000000000000000-0000000003ffe000\n[    0.000000] RAMDISK: 03c5e000 - 03ff0000\n[    0.000000] ACPI: RSDP 00000000000f0950 00014 (v00 BOCHS )\n[    0.000000] ACPI: RSDT 0000000003fffbc1 00034 (v01 BOCHS  BXPCRSDT 00000001 BXPC 00000001)\n[    0.000000] ACPI: FACP 0000000003fff1c0 00074 (v01 BOCHS  BXPCFACP 00000001 BXPC 00000001)\n[    0.000000] ACPI: DSDT 0000000003ffe040 01180 (v01 BOCHS  BXPCDSDT 00000001 BXPC 00000001)\n[    0.000000] ACPI: FACS 0000000003ffe000 00040\n[    0.000000] ACPI: SSDT 0000000003fff234 008DD (v01 BOCHS  BXPCSSDT 00000001 BXPC 00000001)\n[    0.000000] ACPI: APIC 0000000003fffb11 00078 (v01 BOCHS  BXPCAPIC 00000001 BXPC 00000001)\n[    0.000000] ACPI: HPET 0000000003fffb89 00038 (v01 BOCHS  BXPCHPET 00000001 BXPC 00000001)\n[    0.000000] No NUMA configuration found\n[    0.000000] Faking a node at 0000000000000000-0000000003ffe000\n[    0.000000] Initmem setup node 0 0000000000000000-0000000003ffe000\n[    0.000000]   NODE_DATA [0000000003ff6000 - 0000000003ffafff]\n[    0.000000] Zone PFN ranges:\n[    0.000000]   DMA      0x00000010 -&gt; 0x00001000\n[    0.000000]   DMA32    0x00001000 -&gt; 0x00100000\n[    0.000000]   Normal   empty\n[    0.000000] Movable zone start PFN for each node\n[    0.000000] early_node_map[2] active PFN ranges\n[    0.000000]     0: 0x00000010 -&gt; 0x0000009f\n[    0.000000]     0: 0x00000100 -&gt; 0x00003ffe\n[    0.000000] ACPI: PM-Timer IO Port: 0xb008\n[    0.000000] ACPI: LAPIC (acpi_id[0x00] lapic_id[0x00] enabled)\n[    0.000000] ACPI: LAPIC_NMI (acpi_id[0xff] dfl dfl lint[0x1])\n[    0.000000] ACPI: IOAPIC (id[0x00] address[0xfec00000] gsi_base[0])\n[    0.000000] IOAPIC[0]: apic_id 0, version 17, address 0xfec00000, GSI 0-23\n[    0.000000] ACPI: INT_SRC_OVR (bus 0 bus_irq 0 global_irq 2 dfl dfl)\n[    0.000000] ACPI: INT_SRC_OVR (bus 0 bus_irq 5 global_irq 5 high level)\n[    0.000000] ACPI: INT_SRC_OVR (bus 0 bus_irq 9 global_irq 9 high level)\n[    0.000000] ACPI: INT_SRC_OVR (bus 0 bus_irq 10 global_irq 10 high level)\n[    0.000000] ACPI: INT_SRC_OVR (bus 0 bus_irq 11 global_irq 11 high level)\n[    0.000000] Using ACPI (MADT) for SMP configuration information\n[    0.000000] ACPI: HPET id: 0x8086a201 base: 0xfed00000\n[    0.000000] SMP: Allowing 1 CPUs, 0 hotplug CPUs\n[    0.000000] PM: Registered nosave memory: 000000000009f000 - 00000000000a0000\n[    0.000000] PM: Registered nosave memory: 00000000000a0000 - 00000000000f0000\n[    0.000000] PM: Registered nosave memory: 00000000000f0000 - 0000000000100000\n[    0.000000] Allocating PCI resources starting at 4000000 (gap: 4000000:fbfc0000)\n[    0.000000] Booting paravirtualized kernel on bare hardware\n[    0.000000] setup_pe
2016-01-27 04:48:10,932 16511 DEBUG    [tempest.scenario.manager] Console output for 03d20d70-426e-4139-a972-e05903d9becf
body=
[    0.000000] Initializing cgroup subsys cpuset
[    0.000000] Initializing cgroup subsys cpu
[    0.000000] Linux version 3.2.0-80-virtual (buildd@batsu) (gcc version 4.6.3 (Ubuntu/Linaro 4.6.3-1ubuntu5) ) #116-Ubuntu SMP Mon Mar 23 17:28:52 UTC 2015 (Ubuntu 3.2.0-80.116-virtual 3.2.68)
[    0.000000] Command line: root=/dev/vda console=tty0 console=ttyS0 no_timer_check
[    0.000000] KERNEL supported cpus:
[    0.000000]   Intel GenuineIntel
[    0.000000]   AMD AuthenticAMD
[    0.000000]   Centaur CentaurHauls
[    0.000000] BIOS-provided physical RAM map:
[    0.000000]  BIOS-e820: 0000000000000000 - 000000000009fc00 (usable)
[    0.000000]  BIOS-e820: 000000000009fc00 - 00000000000a0000 (reserved)
[    0.000000]  BIOS-e820: 00000000000f0000 - 0000000000100000 (reserved)
[    0.000000]  BIOS-e820: 0000000000100000 - 0000000003ffe000 (usable)
[    0.000000]  BIOS-e820: 0000000003ffe000 - 0000000004000000 (reserved)
[    0.000000]  BIOS-e820: 00000000fffc0000 - 0000000100000000 (reserved)
[    0.000000] NX (Execute Disable) protection: active
[    0.000000] SMBIOS 2.4 present.
[    0.000000] No AGP bridge found
[    0.000000] last_pfn = 0x3ffe max_arch_pfn = 0x400000000
[    0.000000] x86 PAT enabled: cpu 0, old 0x7040600070406, new 0x7010600070106
[    0.000000] found SMP MP-table at [ffff8800000f0b00] f0b00
[    0.000000] init_memory_mapping: 0000000000000000-0000000003ffe000
[    0.000000] RAMDISK: 03c5e000 - 03ff0000
[    0.000000] ACPI: RSDP 00000000000f0950 00014 (v00 BOCHS )
[    0.000000] ACPI: RSDT 0000000003fffbc1 00034 (v01 BOCHS  BXPCRSDT 00000001 BXPC 00000001)
[    0.000000] ACPI: FACP 0000000003fff1c0 00074 (v01 BOCHS  BXPCFACP 00000001 BXPC 00000001)
[    0.000000] ACPI: DSDT 0000000003ffe040 01180 (v01 BOCHS  BXPCDSDT 00000001 BXPC 00000001)
[    0.000000] ACPI: FACS 0000000003ffe000 00040
[    0.000000] ACPI: SSDT 0000000003fff234 008DD (v01 BOCHS  BXPCSSDT 00000001 BXPC 00000001)
[    0.000000] ACPI: APIC 0000000003fffb11 00078 (v01 BOCHS  BXPCAPIC 00000001 BXPC 00000001)
[    0.000000] ACPI: HPET 0000000003fffb89 00038 (v01 BOCHS  BXPCHPET 00000001 BXPC 00000001)
[    0.000000] No NUMA configuration found
[    0.000000] Faking a node at 0000000000000000-0000000003ffe000
[    0.000000] Initmem setup node 0 0000000000000000-0000000003ffe000
[    0.000000]   NODE_DATA [0000000003ff6000 - 0000000003ffafff]
[    0.000000] Zone PFN ranges:
[    0.000000]   DMA      0x00000010 -&gt; 0x00001000
[    0.000000]   DMA32    0x00001000 -&gt; 0x00100000
[    0.000000]   Normal   empty
[    0.000000] Movable zone start PFN for each node
[    0.000000] early_node_map[2] active PFN ranges
[    0.000000]     0: 0x00000010 -&gt; 0x0000009f
[    0.000000]     0: 0x00000100 -&gt; 0x00003ffe
[    0.000000] ACPI: PM-Timer IO Port: 0xb008
[    0.000000] ACPI: LAPIC (acpi_id[0x00] lapic_id[0x00] enabled)
[    0.000000] ACPI: LAPIC_NMI (acpi_id[0xff] dfl dfl lint[0x1])
[    0.000000] ACPI: IOAPIC (id[0x00] address[0xfec00000] gsi_base[0])
[    0.000000] IOAPIC[0]: apic_id 0, version 17, address 0xfec00000, GSI 0-23
[    0.000000] ACPI: INT_SRC_OVR (bus 0 bus_irq 0 global_irq 2 dfl dfl)
[    0.000000] ACPI: INT_SRC_OVR (bus 0 bus_irq 5 global_irq 5 high level)
[    0.000000] ACPI: INT_SRC_OVR (bus 0 bus_irq 9 global_irq 9 high level)
[    0.000000] ACPI: INT_SRC_OVR (bus 0 bus_irq 10 global_irq 10 high level)
[    0.000000] ACPI: INT_SRC_OVR (bus 0 bus_irq 11 global_irq 11 high level)
[    0.000000] Using ACPI (MADT) for SMP configuration information
[    0.000000] ACPI: HPET id: 0x8086a201 base: 0xfed00000
[    0.000000] SMP: Allowing 1 CPUs, 0 hotplug CPUs
[    0.000000] PM: Registered nosave memory: 000000000009f000 - 00000000000a0000
[    0.000000] PM: Registered nosave memory: 00000000000a0000 - 00000000000f0000
[    0.000000] PM: Registered nosave memory: 00000000000f0000 - 0000000000100000
[    0.000000] Allocating PCI resources starting at 4000000 (gap: 4000000:fbfc0000)
[    0.000000] Booting paravirtualized kernel on bare hardware
[    0.000000] setup_percpu: NR_CPUS:64 nr_cpumask_bits:64 nr_cpu_ids:1 nr_node_ids:1
[    0.000000] PERCPU: Embedded 27 pages/cpu @ffff880003a00000 s78848 r8192 d23552 u2097152
[    0.000000] Built 1 zonelists in Node order, mobility grouping on.  Total pages: 16008
[    0.000000] Policy zone: DMA32
[    0.000000] Kernel command line: root=/dev/vda console=tty0 console=ttyS0 no_timer_check
[    0.000000] PID hash table entries: 256 (order: -1, 2048 bytes)
[    0.000000] Checking aperture...
[    0.000000] No AGP bridge found
[    0.000000] Memory: 43492k/65528k available (6576k kernel code, 452k absent, 21584k reserved, 6620k data, 928k init)
[    0.000000] SLUB: Genslabs=15, HWalign=64, Order=0-3, MinObjects=0, CPUs=1, Nodes=1
[    0.000000] Hierarchical RCU implementation.
[    0.000000] 	RCU dyntick-idle grace-period acceleration is enabled.
[    0.000000] NR_IRQS:4352 nr_irqs:256 16
[    0.000000] Console: colour VGA+ 80x25
[    0.000000] console [tty0] enabled
[    0.000000] console [ttyS0] enabled
[    0.000000] allocated 1048576 bytes of page_cgroup
[    0.000000] please try 'cgroup_disable=memory' option if you don't want memory cgroups
[    0.000000] Fast TSC calibration failed
[    0.000000] TSC: Unable to calibrate against PIT
[    0.000000] TSC: using HPET reference calibration
[    0.000000] Detected 2293.466 MHz processor.
[    0.032480] Calibrating delay loop (skipped), value calculated using timer frequency.. 4586.93 BogoMIPS (lpj=9173864)
[    0.036655] pid_max: default: 32768 minimum: 301
[    0.046698] Security Framework initialized
[    0.050528] AppArmor: AppArmor initialized
[    0.051123] Yama: becoming mindful.
[    0.062214] Dentry cache hash table entries: 8192 (order: 4, 65536 bytes)
[    0.064886] Inode-cache hash table entries: 4096 (order: 3, 32768 bytes)
[    0.069399] Mount-cache hash table entries: 256
[    0.086266] Initializing cgroup subsys cpuacct
[    0.087122] Initializing cgroup subsys memory
[    0.088766] Initializing cgroup subsys devices
[    0.089331] Initializing cgroup subsys freezer
[    0.089934] Initializing cgroup subsys blkio
[    0.092188] Initializing cgroup subsys perf_event
[    0.096592] mce: CPU supports 10 MCE banks
[    0.099116] SMP alternatives: switching to UP code
[    0.460665] Freeing SMP alternatives: 24k freed
[    0.462386] ACPI: Core revision 20110623
[    0.516538] ftrace: allocating 26610 entries in 105 pages
[    0.546039] ..TIMER: vector=0x30 apic1=0 pin1=2 apic2=-1 pin2=-1
[    0.548182] CPU0: AMD QEMU Virtual CPU version 2.0.0 stepping 03
[    0.552033] Performance Events: Broken PMU hardware detected, using software events only.
[    0.559283] NMI watchdog disabled (cpu0): hardware events not enabled
[    0.560623] Brought up 1 CPUs
[    0.561171] Total of 1 processors activated (4586.93 BogoMIPS).
[    0.585701] devtmpfs: initialized
[    0.622289] EVM: security.selinux
[    0.622822] EVM: security.SMACK64
[    0.623316] EVM: security.capability
[    0.643507] print_constraints: dummy: 
[    0.645431] RTC time:  4:44:00, date: 01/27/16
[    0.649014] NET: Registered protocol family 16
[    0.657883] ACPI: bus type pci registered
[    0.662296] PCI: Using configuration type 1 for base access
[    0.690818] bio: create slab &lt;bio-0&gt; at 0
[    0.695241] ACPI: Added _OSI(Module Device)
[    0.696145] ACPI: Added _OSI(Processor Device)
[    0.696713] ACPI: Added _OSI(3.0 _SCP Extensions)
[    0.697264] ACPI: Added _OSI(Processor Aggregator Device)
[    0.772277] ACPI: Interpreter enabled
[    0.772952] ACPI: (supports S0 S3 S4 S5)
[    0.774908] ACPI: Using IOAPIC for interrupt routing
[    0.857358] ACPI: No dock devices found.
[    0.857965] HEST: Table not found.
[    0.858540] PCI: Using host bridge windows from ACPI; if necessary, use "pci=nocrs" and report a bug
[    0.865428] ACPI: PCI Root Bridge [PCI0] (domain 0000 [bus 00-ff])
[    0.869358] pci_root PNP0A03:00: host bridge window [io  0x0000-0x0cf7]
[    0.872151] pci_root PNP0A03:00: host bridge window [io  0x0d00-0xadff]
[    0.872887] pci_root PNP0A03:00: host bridge window [io  0xae0f-0xaeff]
[    0.873702] pci_root PNP0A03:00: host bridge window [io  0xaf20-0xafdf]
[    0.874508] pci_root PNP0A03:00: host bridge window [io  0xafe4-0xffff]
[    0.876182] pci_root PNP0A03:00: host bridge window [mem 0x000a0000-0x000bffff]
[    0.877067] pci_root PNP0A03:00: host bridge window [mem 0x04000000-0xfebfffff]
[    0.900859] pci 0000:00:01.3: quirk: [io  0xb000-0xb03f] claimed by PIIX4 ACPI
[    0.901919] pci 0000:00:01.3: quirk: [io  0xb100-0xb10f] claimed by PIIX4 SMB
[    0.970834]  pci0000:00: Unable to request _OSC control (_OSC support mask: 0x1e)
[    1.034950] ACPI: PCI Interrupt Link [LNKA] (IRQs 5 *10 11)
[    1.038054] ACPI: PCI Interrupt Link [LNKB] (IRQs 5 *10 11)
[    1.041616] ACPI: PCI Interrupt Link [LNKC] (IRQs 5 10 *11)
[    1.044770] ACPI: PCI Interrupt Link [LNKD] (IRQs 5 10 *11)
[    1.046807] ACPI: PCI Interrupt Link [LNKS] (IRQs *9)
[    1.054192] vgaarb: device added: PCI:0000:00:02.0,decodes=io+mem,owns=io+mem,locks=none
[    1.055357] vgaarb: loaded
[    1.056180] vgaarb: bridge control possible 0000:00:02.0
[    1.061077] i2c-core: driver [aat2870] using legacy suspend method
[    1.061915] i2c-core: driver [aat2870] using legacy resume method
[    1.064954] SCSI subsystem initialized
[    1.068827] usbcore: registered new interface driver usbfs
[    1.070114] usbcore: registered new interface driver hub
[    1.071284] usbcore: registered new device driver usb
[    1.076176] PCI: Using ACPI for IRQ routing
[    1.085657] NetLabel: Initializing
[    1.088137] NetLabel:  domain hash size = 128
[    1.088733] NetLabel:  protocols = UNLABELED CIPSOv4
[    1.091175] NetLabel:  unlabeled traffic allowed by default
[    1.093513] HPET: 3 timers in total, 0 timers will be used for per-cpu timer
[    1.094630] hpet0: at MMIO 0xfed00000, IRQs 2, 8, 0
[    1.096253] hpet0: 3 comparators, 64-bit 100.000000 MHz counter
[    1.109555] Switching to clocksource hpet
[    1.341781] AppArmor: AppArmor Filesystem Enabled
[    1.343054] pnp: PnP ACPI init
[    1.343816] ACPI: bus type pnp registered
[    1.362539] pnp: PnP ACPI: found 9 devices
[    1.363065] ACPI: ACPI bus type pnp unregistered
[    1.417759] NET: Registered protocol family 2
[    1.450369] IP route cache hash table entries: 512 (order: 0, 4096 bytes)
[    1.458329] TCP established hash table entries: 2048 (order: 3, 32768 bytes)
[    1.461087] TCP bind hash table entries: 2048 (order: 3, 32768 bytes)
[    1.461956] TCP: Hash tables configured (established 2048 bind 2048)
[    1.462700] TCP reno registered
[    1.463191] UDP hash table entries: 128 (order: 0, 4096 bytes)
[    1.464117] UDP-Lite hash table entries: 128 (order: 0, 4096 bytes)
[    1.467644] NET: Registered protocol family 1
[    1.469157] pci 0000:00:00.0: Limiting direct PCI/PCI transfers
[    1.469934] pci 0000:00:01.0: PIIX3: Enabling Passive Release
[    1.470855] pci 0000:00:01.0: Activating ISA DMA hang workarounds
[    1.475166] ACPI: PCI Interrupt Link [LNKD] enabled at IRQ 11
[    1.476369] pci 0000:00:01.2: PCI INT D -&gt; Link[LNKD] -&gt; GSI 11 (level, high) -&gt; IRQ 11
[    1.480209] pci 0000:00:01.2: PCI INT D disabled
[    1.501195] Trying to unpack rootfs image as initramfs...
[    1.518213] audit: initializing netlink socket (disabled)
[    1.519742] type=2000 audit(1453869840.516:1): initialized
[    1.802540] HugeTLB registered 2 MB page size, pre-allocated 0 pages
[    1.883641] VFS: Disk quotas dquot_6.5.2
[    1.885591] Dquot-cache hash table entries: 512 (order 0, 4096 bytes)
[    1.918186] fuse init (API version 7.17)
[    1.921719] msgmni has been set to 84
[    1.969859] Block layer SCSI generic (bsg) driver version 0.4 loaded (major 253)
[    1.971654] io scheduler noop registered
[    1.973266] io scheduler deadline registered (default)
[    1.974337] io scheduler cfq registered
[    1.977613] pci_hotplug: PCI Hot Plug PCI Core version: 0.5
[    1.979393] pciehp: PCI Express Hot Plug Controller Driver version: 0.4
[    1.985625] input: Power Button as /devices/LNXSYSTM:00/LNXPWRBN:00/input/input0
[    1.987140] ACPI: Power Button [PWRF]
[    2.038562] ERST: Table is not found!
[    2.039190] GHES: HEST is not enabled!
[    2.052896] ACPI: PCI Interrupt Link [LNKC] enabled at IRQ 10
[    2.053683] virtio-pci 0000:00:03.0: PCI INT A -&gt; Link[LNKC] -&gt; GSI 10 (level, high) -&gt; IRQ 10
[    2.057257] virtio-pci 0000:00:04.0: PCI INT A -&gt; Link[LNKD] -&gt; GSI 11 (level, high) -&gt; IRQ 11
[    2.070490] ACPI: PCI Interrupt Link [LNKA] enabled at IRQ 10
[    2.071134] virtio-pci 0000:00:05.0: PCI INT A -&gt; Link[LNKA] -&gt; GSI 10 (level, high) -&gt; IRQ 10
[    2.082793] Serial: 8250/16550 driver, 32 ports, IRQ sharing enabled
[    2.121351] serial8250: ttyS0 at I/O 0x3f8 (irq = 4) is a 16550A
[    2.194290] serial8250: ttyS1 at I/O 0x2f8 (irq = 3) is a 16550A
[    2.342422] 00:05: ttyS0 at I/O 0x3f8 (irq = 4) is a 16550A
[    2.428464] 00:06: ttyS1 at I/O 0x2f8 (irq = 3) is a 16550A
[    2.471256] Linux agpgart interface v0.103
[    2.481824] Refined TSC clocksource calibration: 2293.472 MHz.
[    2.482566] Switching to clocksource tsc
[    2.539496] brd: module loaded
[    2.574263] loop: module loaded
[    2.616090]  vda: unknown partition table
[    2.669393] scsi0 : ata_piix
[    2.671600] scsi1 : ata_piix
[    2.673754] ata1: PATA max MWDMA2 cmd 0x1f0 ctl 0x3f6 bmdma 0xc0a0 irq 14
[    2.674625] ata2: PATA max MWDMA2 cmd 0x170 ctl 0x376 bmdma 0xc0a8 irq 15
[    2.685379] Fixed MDIO Bus: probed
[    2.686278] tun: Universal TUN/TAP device driver, 1.6
[    2.686857] tun: (C) 1999-2004 Max Krasnyansky &lt;maxk@qualcomm.com&gt;
[    2.707743] PPP generic driver version 2.4.2
[    2.731386] ehci_hcd: USB 2.0 'Enhanced' Host Controller (EHCI) Driver
[    2.733345] ohci_hcd: USB 1.1 'Open' Host Controller (OHCI) Driver
[    2.734318] uhci_hcd: USB Universal Host Controller Interface driver
[    2.735357] uhci_hcd 0000:00:01.2: PCI INT D -&gt; Link[LNKD] -&gt; GSI 11 (level, high) -&gt; IRQ 11
[    2.738344] uhci_hcd 0000:00:01.2: UHCI Host Controller
[    2.753382] uhci_hcd 0000:00:01.2: new USB bus registered, assigned bus number 1
[    2.754942] uhci_hcd 0000:00:01.2: irq 11, io base 0x0000c040
[    2.780132] hub 1-0:1.0: USB hub found
[    2.783102] hub 1-0:1.0: 2 ports detected
[    2.795789] usbcore: registered new interface driver libusual
[    2.803661] i8042: PNP: PS/2 Controller [PNP0303:KBD,PNP0f13:MOU] at 0x60,0x64 irq 1,12
[    2.819998] serio: i8042 KBD port at 0x60,0x64 irq 1
[    2.821865] serio: i8042 AUX port at 0x60,0x64 irq 12
[    2.872091] mousedev: PS/2 mouse device common for all mice
[    2.900877] ata2.01: ATAPI: QEMU DVD-ROM, 2.0.0, max UDMA/100
[    2.906461] rtc_cmos 00:01: RTC can wake from S4
[    2.918330] input: AT Translated Set 2 keyboard as /devices/platform/i8042/serio0/input/input1
[    2.931651] rtc_cmos 00:01: rtc core: registered rtc_cmos as rtc0
[    2.935704] rtc0: alarms up to one day, 114 bytes nvram, hpet irqs
[    2.939893] device-mapper: uevent: version 1.0.3
[    2.961533] ata2.01: configured for MWDMA2
[    2.987021] device-mapper: ioctl: 4.22.0-ioctl (2011-10-19) initialised: dm-devel@redhat.com
[    2.991228] cpuidle: using governor ladder
[    2.991968] cpuidle: using governor menu
[    2.993602] EFI Variables Facility v0.08 2004-May-17
[    3.006678] TCP cubic registered
[    3.015968] NET: Registered protocol family 10
[    3.046468] NET: Registered protocol family 17
[    3.047575] Registering the dns_resolver key type
[    3.059982] scsi 1:0:1:0: CD-ROM            QEMU     QEMU DVD-ROM     2.0. PQ: 0 ANSI: 5
[    3.094229] sr0: scsi3-mmc drive: 4x/4x cd/rw xa/form2 tray
[    3.095920] cdrom: Uniform CD-ROM driver Revision: 3.20
[    3.111933] sr 1:0:1:0: Attached scsi generic sg0 type 5
[    3.184659] Freeing initrd memory: 3656k freed
[    3.202972] registered taskstats version 1
[    3.672463]   Magic number: 0:105:718
[    3.683904] rtc_cmos 00:01: setting system clock to 2016-01-27 04:44:03 UTC (1453869843)
[    3.686092] powernow-k8: Processor cpuid 663 not supported
[    3.692012] BIOS EDD facility v0.16 2004-Jun-25, 0 devices found
[    3.693418] EDD information not available.
[    3.759413] Freeing unused kernel memory: 928k freed
[    3.765686] Write protecting the kernel read-only data: 12288k
[    3.885418] Freeing unused kernel memory: 1596k freed
[    3.953306] Freeing unused kernel memory: 1184k freed

info: initramfs: up at 4.14
modprobe: module virtio_blk not found in modules.dep
modprobe: module virtio_net not found in modules.dep
info: copying initramfs to /dev/vda
info: initramfs loading root from /dev/vda
info: /etc/init.d/rc.sysinit: up at 8.77
info: container: none
Starting logging: OK
modprobe: module virtio_blk not found in modules.dep
modprobe: module virtio_net not found in modules.dep
WARN: /etc/rc3.d/S10-load-modules failed
Initializing random number generator... done.
Starting acpid: OK
cirros-ds 'local' up at 11.26
found datasource (configdrive, local)
Starting network...
udhcpc (v1.20.1) started
Sending discover...
Sending discover...
Sending discover...
Usage: /sbin/cirros-dhcpc &lt;up|down&gt;
No lease, failing
WARN: /etc/rc3.d/S40-network failed
Starting dropbear sshd: generating rsa key... generating dsa key... OK
no userdata for datasource
=== system information ===
Platform: OpenStack Foundation OpenStack Nova
Container: none
Arch: x86_64
CPU(s): 1 @ 2293.466 MHz
Cores/Sockets/Threads: 1/1/1
Virt-type: AMD-V
RAM Size: 49MB
Disks:
NAME MAJ:MIN     SIZE LABEL         MOUNTPOINT
vda  253:0   25165824 cirros-rootfs /
sr0   11:0     428032 config-2      
=== sshd host keys ===
-----BEGIN SSH HOST KEY KEYS-----
ssh-rsa AAAAB3NzaC1yc2EAAAADAQABAAAAgwC+eMul3bsg6jxQlRLZ+KcgRFDYlUtlR79mQ0n0+gqhssGI6pS0znxvxXGhb99Gb2yjtFTnoVXJUnzkJ/ustkqq1VDxs69OAWvqiipf0QchvzNL4QQy5Id8XLGeF9yeHjpHhM74zRJ7y4y8r7ysXLnvBzrKPLm6lbABhvzMeTVwEWhT root@tempest
ssh-dss AAAAB3NzaC1kc3MAAACBAJQ+YaVqL7e8mUhPqQXzmFL8cW82FgyuB9yD4/cGiVaeEUCCEKEP5ZQtHz0587MAeNpkBIFUNJ2K4HEzqbePJjqEIAGHbdUDBGsZzaH1cWFvolG27i9H0c3Fv66t4H5VGCAiyENF64ZUMdvMvSn+PJOpIaAsp7VyJs4GdEqSPCi9AAAAFQDi/ZJwuQ0NcotlAoJ86/Tr92edhQAAAIAdqXW9FHRdkHIBfnNK3SaHVycfc6IrIgVwIWZFHTekVq/rUCJukSK73wX6iahLlH1mh0Epqrg5v4ohssDAL34tgLUPAqL66AuFf1gnGQaR18VN522fpVCyJUMqNCotCT5xy8/oObkMaMX+nfj0iDGPHQ+vNQqv2Ag7urBCuQFjNgAAAIEAko+YQb7lZhQ+r0H8eudOaknPYy81+fXZ8TB64jANB3Z2JWh6jT2/XhN4a+dYlg2j4ADbXglGFyewjvzmQCwOh8osfY5xir4X16X6QMUB0uPVTBUt6+vbtlfuP+eJzCOo7t+qHlMjg+19xfSxju1u61VFsOrzmSXCDgfI4AjWZ/A= root@tempest
-----END SSH HOST KEY KEYS-----
=== network info ===
if-info: lo,up,127.0.0.1,8,::1
if-info: eth0,up,,8,fe80::f816:3eff:fe2e:d6fc
=== datasource: configdrive local ===
instance-id: 03d20d70-426e-4139-a972-e05903d9becf
name: tempest.common.compute-instance-1497363564
availability-zone: nova
local-hostname: tempest.common.compute-instance-1497363564.novalocal
launch-index: 0
=== cirros: current=0.3.4 uptime=203.30 ===
route: fscanf
=== pinging gateway failed, debugging connection ===
############ debug start ##############
### /etc/init.d/sshd start
Starting dropbear sshd: OK
route: fscanf
### ifconfig -a
eth0      Link encap:Ethernet  HWaddr FA:16:3E:2E:D6:FC  
          inet6 addr: fe80::f816:3eff:fe2e:d6fc/64 Scope:Link
          UP BROADCAST RUNNING MULTICAST  MTU:1500  Metric:1
          RX packets:13 errors:0 dropped:5 overruns:0 frame:0
          TX packets:8 errors:0 dropped:0 overruns:0 carrier:0
          collisions:0 txqueuelen:1000 
          RX bytes:1213 (1.1 KiB)  TX bytes:1134 (1.1 KiB)

lo        Link encap:Local Loopback  
          inet addr:127.0.0.1  Mask:255.0.0.0
          inet6 addr: ::1/128 Scope:Host
          UP LOOPBACK RUNNING  MTU:16436  Metric:1
          RX packets:12 errors:0 dropped:0 overruns:0 frame:0
          TX packets:12 errors:0 dropped:0 overruns:0 carrier:0
          collisions:0 txqueuelen:0 
          RX bytes:1020 (1020.0 B)  TX bytes:1020 (1020.0 B)

### route -n
Kernel IP routing table
Destination     Gateway         Genmask         Flags Metric Ref    Use Iface
route: fscanf
### cat /etc/resolv.conf
cat: can't open '/etc/resolv.conf': No such file or directory
### gateway not found
/sbin/cirros-status: line 1: can't open /etc/resolv.conf: no such file
### pinging nameservers
### uname -a
Linux tempest 3.2.0-80-virtual #116-Ubuntu SMP Mon Mar 23 17:28:52 UTC 2015 x86_64 GNU/Linux
### lsmod
Module                  Size  Used by    Not tainted
nls_iso8859_1          12713  0 
nls_cp437              16991  0 
vfat                   17585  0 
fat                    61512  1 vfat
isofs                  40259  0 
ip_tables              27473  0 
x_tables               29891  1 ip_tables
pcnet32                42119  0 
8139cp                 27360  0 
ne2k_pci               13691  0 
8390                   18856  1 ne2k_pci
e1000                 108589  0 
acpiphp                24231  0 
### dmesg | tail
[    4.989566] EXT3-fs (vda): mounted filesystem with ordered data mode
[    5.239880] ISO 9660 Extensions: Microsoft Joliet Level 3
[    5.313155] ISO 9660 Extensions: RRIP_1991A
[    5.543751] kjournald starting.  Commit interval 5 seconds
[    5.561986] EXT3-fs (vda): using internal journal
[    5.562124] EXT3-fs (vda): mounted filesystem with ordered data mode
[    8.817446] EXT3-fs (vda): using internal journal
[   11.985250] ISO 9660 Extensions: Microsoft Joliet Level 3
[   12.068892] ISO 9660 Extensions: RRIP_1991A
[   26.277406] eth0: no IPv6 routers present
### tail -n 25 /var/log/messages
Jan 27 04:44:10 cirros kern.info kernel: [    4.423414] acpiphp: Slot [26] registered
Jan 27 04:44:10 cirros kern.info kernel: [    4.423757] acpiphp: Slot [27] registered
Jan 27 04:44:10 cirros kern.info kernel: [    4.424020] acpiphp: Slot [28] registered
Jan 27 04:44:10 cirros kern.info kernel: [    4.425090] acpiphp: Slot [29] registered
Jan 27 04:44:10 cirros kern.info kernel: [    4.425396] acpiphp: Slot [30] registered
Jan 27 04:44:10 cirros kern.info kernel: [    4.425743] acpiphp: Slot [31] registered
Jan 27 04:44:10 cirros kern.info kernel: [    4.485519] e1000: Intel(R) PRO/1000 Network Driver - version 7.3.21-k8-NAPI
Jan 27 04:44:10 cirros kern.info kernel: [    4.485584] e1000: Copyright (c) 1999-2006 Intel Corporation.
Jan 27 04:44:10 cirros kern.info kernel: [    4.526223] ne2k-pci.c:v1.03 9/22/2003 D. Becker/P. Gortmaker
Jan 27 04:44:10 cirros kern.info kernel: [    4.565786] 8139cp: 8139cp: 10/100 PCI Ethernet driver v1.3 (Mar 22, 2004)
Jan 27 04:44:10 cirros kern.info kernel: [    4.614004] pcnet32: pcnet32.c:v1.35 21.Apr.2008 tsbogend@alpha.franken.de
Jan 27 04:44:10 cirros kern.info kernel: [    4.672192] ip_tables: (C) 2000-2006 Netfilter Core Team
Jan 27 04:44:10 cirros kern.info kernel: [    4.983119] kjournald starting.  Commit interval 5 seconds
Jan 27 04:44:10 cirros kern.info kernel: [    4.989566] EXT3-fs (vda): mounted filesystem with ordered data mode
Jan 27 04:44:10 cirros kern.debug kernel: [    5.239880] ISO 9660 Extensions: Microsoft Joliet Level 3
Jan 27 04:44:10 cirros kern.debug kernel: [    5.313155] ISO 9660 Extensions: RRIP_1991A
Jan 27 04:44:10 cirros kern.info kernel: [    5.543751] kjournald starting.  Commit interval 5 seconds
Jan 27 04:44:10 cirros kern.info kernel: [    5.561986] EXT3-fs (vda): using internal journal
Jan 27 04:44:10 cirros kern.info kernel: [    5.562124] EXT3-fs (vda): mounted filesystem with ordered data mode
Jan 27 04:44:10 cirros kern.info kernel: [    8.817446] EXT3-fs (vda): using internal journal
Jan 27 04:44:11 cirros kern.debug kernel: [   11.985250] ISO 9660 Extensions: Microsoft Joliet Level 3
Jan 27 04:44:11 cirros kern.debug kernel: [   12.068892] ISO 9660 Extensions: RRIP_1991A
Jan 27 04:44:14 cirros auth.notice su: + /dev/console root:cirros
Jan 27 04:44:26 cirros kern.debug kernel: [   26.277406] eth0: no IPv6 routers present
Jan 27 04:47:21 cirros authpriv.info dropbear[283]: Running in background
############ debug end   ##############
  ____               ____  ____
 / __/ __ ____ ____ / __ \/ __/
/ /__ / // __// __// /_/ /\ \ 
\___//_//_/  /_/   \____/___/ 
   http://cirros-cloud.net


login as 'cirros' user. default password: 'cubswin:)'. use 'sudo' for root.
tempest login: 
2016-01-27 04:48:11,333 16511 INFO     [tempest_lib.common.rest_client] Request (TestGettingAddress:_run_cleanups): 204 DELETE http://10.4.1.3:9696/v2.0/floatingips/f055b975-0e4a-4acc-bbef-5adc8f7844bb 0.396s
2016-01-27 04:48:11,333 16511 DEBUG    [tempest_lib.common.rest_client] Request - Headers: {'Content-Type': 'application/json', 'Accept': 'application/json', 'X-Auth-Token': '&lt;omitted&gt;'}
        Body: None
    Response - Headers: {'date': 'Wed, 27 Jan 2016 04:48:11 GMT', 'status': '204', 'connection': 'close', 'content-length': '0', 'x-openstack-request-id': 'req-1a9d19e9-64d9-4512-81c5-3dc77b4ee2a8'}
        Body: 
2016-01-27 04:48:11,717 16511 INFO     [tempest_lib.common.rest_client] Request (TestGettingAddress:_run_cleanups): 204 DELETE http://10.4.1.3:8774/v2.1/8fabaab41c0040728005d5522f945a6b/servers/03d20d70-426e-4139-a972-e05903d9becf 0.383s
2016-01-27 04:48:11,718 16511 DEBUG    [tempest_lib.common.rest_client] Request - Headers: {'Content-Type': 'application/json', 'Accept': 'application/json', 'X-Auth-Token': '&lt;omitted&gt;'}
        Body: None
    Response - Headers: {'status': '204', 'content-length': '0', 'x-compute-request-id': 'req-de7d23e3-7af8-4ca8-a3e7-f8a645d5743c', 'vary': 'X-OpenStack-Nova-API-Version', 'connection': 'close', 'x-openstack-nova-api-version': '2.1', 'date': 'Wed, 27 Jan 2016 04:48:11 GMT', 'content-type': 'application/json'}
        Body: 
2016-01-27 04:48:12,364 16511 INFO     [tempest_lib.common.rest_client] Request (TestGettingAddress:_run_cleanups): 200 GET http://10.4.1.3:8774/v2.1/8fabaab41c0040728005d5522f945a6b/servers/03d20d70-426e-4139-a972-e05903d9becf 0.644s
2016-01-27 04:48:12,364 16511 DEBUG    [tempest_lib.common.rest_client] Request - Headers: {'Content-Type': 'application/json', 'Accept': 'application/json', 'X-Auth-Token': '&lt;omitted&gt;'}
        Body: None
    Response - Headers: {'status': '200', 'content-length': '1900', 'content-location': 'http://10.4.1.3:8774/v2.1/8fabaab41c0040728005d5522f945a6b/servers/03d20d70-426e-4139-a972-e05903d9becf', 'x-compute-request-id': 'req-eb7d2afb-4b21-4de7-ab36-ab0188803cef', 'vary': 'X-OpenStack-Nova-API-Version', 'connection': 'close', 'x-openstack-nova-api-version': '2.1', 'date': 'Wed, 27 Jan 2016 04:48:12 GMT', 'content-type': 'application/json'}
        Body: {"server": {"status": "ACTIVE", "updated": "2016-01-27T04:48:11Z", "hostId": "e2deebde4fb195a9bc867a302d8624d8ea70fb3ad8dec0aee27a4081", "addresses": {"tempest-network-smoke--785348625": [{"OS-EXT-IPS-MAC:mac_addr": "fa:16:3e:2e:d6:fc", "version": 6, "addr": "2003::f816:3eff:fe2e:d6fc", "OS-EXT-IPS:type": "fixed"}, {"OS-EXT-IPS-MAC:mac_addr": "fa:16:3e:2e:d6:fc", "version": 4, "addr": "10.100.0.3", "OS-EXT-IPS:type": "fixed"}, {"OS-EXT-IPS-MAC:mac_addr": "fa:16:3e:2e:d6:fc", "version": 4, "addr": "172.24.4.4", "OS-EXT-IPS:type": "floating"}]}, "links": [{"href": "http://10.4.1.3:8774/v2.1/8fabaab41c0040728005d5522f945a6b/servers/03d20d70-426e-4139-a972-e05903d9becf", "rel": "self"}, {"href": "http://10.4.1.3:8774/8fabaab41c0040728005d5522f945a6b/servers/03d20d70-426e-4139-a972-e05903d9becf", "rel": "bookmark"}], "key_name": "tempest-TestGettingAddress-1864029764", "image": {"id": "48adebbb-68cd-4739-9973-d9d23cf2c71d", "links": [{"href": "http://10.4.1.3:8774/8fabaab41c0040728005d5522f945a6b/images/48adebbb-68cd-4739-9973-d9d23cf2c71d", "rel": "bookmark"}]}, "OS-EXT-STS:task_state": "deleting", "OS-EXT-STS:vm_state": "active", "OS-SRV-USG:launched_at": "2016-01-27T04:43:57.000000", "flavor": {"id": "42", "links": [{"href": "http://10.4.1.3:8774/8fabaab41c0040728005d5522f945a6b/flavors/42", "rel": "bookmark"}]}, "id": "03d20d70-426e-4139-a972-e05903d9becf", "security_groups": [{"name": "tempest-secgroup-smoke-1040320019"}], "OS-SRV-USG:terminated_at": null, "OS-EXT-AZ:availability_zone": "nova", "user_id": "8679b9f34be04c0c8fb3ee16eb850928", "name": "tempest.common.compute-instance-1497363564", "created": "2016-01-27T04:43:52Z", "tenant_id": "8fabaab41c0040728005d5522f945a6b", "OS-DCF:diskConfig": "MANUAL", "os-extended-volumes:volumes_attached": [], "accessIPv4": "", "accessIPv6": "", "progress": 0, "OS-EXT-STS:power_state": 1, "config_drive": "True", "metadata": {}}}
2016-01-27 04:48:13,622 16511 INFO     [tempest_lib.common.rest_client] Request (TestGettingAddress:_run_cleanups): 404 GET http://10.4.1.3:8774/v2.1/8fabaab41c0040728005d5522f945a6b/servers/03d20d70-426e-4139-a972-e05903d9becf 0.245s
2016-01-27 04:48:13,622 16511 DEBUG    [tempest_lib.common.rest_client] Request - Headers: {'Content-Type': 'application/json', 'Accept': 'application/json', 'X-Auth-Token': '&lt;omitted&gt;'}
        Body: None
    Response - Headers: {'status': '404', 'content-length': '111', 'x-compute-request-id': 'req-262c6563-f2d2-48d7-9a48-0551987e2b4f', 'vary': 'X-OpenStack-Nova-API-Version', 'connection': 'close', 'x-openstack-nova-api-version': '2.1', 'date': 'Wed, 27 Jan 2016 04:48:13 GMT', 'content-type': 'application/json; charset=UTF-8'}
        Body: {"itemNotFound": {"message": "Instance 03d20d70-426e-4139-a972-e05903d9becf could not be found.", "code": 404}}
2016-01-27 04:48:14,233 16511 INFO     [tempest_lib.common.rest_client] Request (TestGettingAddress:_run_cleanups): 500 PUT http://10.4.1.3:9696/v2.0/routers/2a421fa3-550f-4c7b-a3d8-fc5d72d4d894/remove_router_interface 0.609s
2016-01-27 04:48:14,234 16511 DEBUG    [tempest_lib.common.rest_client] Request - Headers: {'Content-Type': 'application/json', 'Accept': 'application/json', 'X-Auth-Token': '&lt;omitted&gt;'}
        Body: {"subnet_id": "12a1296a-8807-478f-a498-15fc5df31112"}
    Response - Headers: {'status': '500', 'content-length': '150', 'connection': 'close', 'date': 'Wed, 27 Jan 2016 04:48:14 GMT', 'content-type': 'application/json; charset=UTF-8', 'x-openstack-request-id': 'req-80f0128d-7afc-4ded-aa46-eada285abb9f'}
        Body: {"NeutronError": {"message": "Request Failed: internal server error while processing your request.", "type": "HTTPInternalServerError", "detail": ""}}
2016-01-27 04:48:14,782 16511 INFO     [tempest_lib.common.rest_client] Request (TestGettingAddress:_run_cleanups): 404 PUT http://10.4.1.3:9696/v2.0/routers/2a421fa3-550f-4c7b-a3d8-fc5d72d4d894/remove_router_interface 0.544s
2016-01-27 04:48:14,782 16511 DEBUG    [tempest_lib.common.rest_client] Request - Headers: {'Content-Type': 'application/json', 'Accept': 'application/json', 'X-Auth-Token': '&lt;omitted&gt;'}
        Body: {"subnet_id": "12a1296a-8807-478f-a498-15fc5df31112"}
    Response - Headers: {'status': '404', 'content-length': '198', 'connection': 'close', 'date': 'Wed, 27 Jan 2016 04:48:14 GMT', 'content-type': 'application/json; charset=UTF-8', 'x-openstack-request-id': 'req-30fc330b-6d69-488b-ad0f-4da3378c75a9'}
        Body: {"NeutronError": {"message": "Router 2a421fa3-550f-4c7b-a3d8-fc5d72d4d894 has no interface on subnet 12a1296a-8807-478f-a498-15fc5df31112", "type": "RouterInterfaceNotFoundForSubnet", "detail": ""}}
2016-01-27 04:48:15,358 16511 INFO     [tempest_lib.common.rest_client] Request (TestGettingAddress:_run_cleanups): 500 PUT http://10.4.1.3:9696/v2.0/routers/2a421fa3-550f-4c7b-a3d8-fc5d72d4d894/remove_router_interface 0.574s
2016-01-27 04:48:15,359 16511 DEBUG    [tempest_lib.common.rest_client] Request - Headers: {'Content-Type': 'application/json', 'Accept': 'application/json', 'X-Auth-Token': '&lt;omitted&gt;'}
        Body: {"subnet_id": "bff42387-a006-4db3-9264-79d563caab14"}
    Response - Headers: {'status': '500', 'content-length': '150', 'connection': 'close', 'date': 'Wed, 27 Jan 2016 04:48:15 GMT', 'content-type': 'application/json; charset=UTF-8', 'x-openstack-request-id': 'req-ee13f8e0-6be2-4efc-9311-8b065e340fa6'}
        Body: {"NeutronError": {"message": "Request Failed: internal server error while processing your request.", "type": "HTTPInternalServerError", "detail": ""}}
2016-01-27 04:48:15,563 16511 INFO     [tempest_lib.common.rest_client] Request (TestGettingAddress:_run_cleanups): 200 GET http://10.4.1.3:9696/v2.0/routers/2a421fa3-550f-4c7b-a3d8-fc5d72d4d894 0.203s
2016-01-27 04:48:15,564 16511 DEBUG    [tempest_lib.common.rest_client] Request - Headers: {'Content-Type': 'application/json', 'Accept': 'application/json', 'X-Auth-Token': '&lt;omitted&gt;'}
        Body: None
    Response - Headers: {'status': '200', 'content-length': '500', 'content-location': 'http://10.4.1.3:9696/v2.0/routers/2a421fa3-550f-4c7b-a3d8-fc5d72d4d894', 'connection': 'close', 'date': 'Wed, 27 Jan 2016 04:48:15 GMT', 'content-type': 'application/json; charset=UTF-8', 'x-openstack-request-id': 'req-8d9dca1a-3dd0-49d5-b1c5-923f39b5d748'}
        Body: {"router": {"status": "ACTIVE", "external_gateway_info": {"network_id": "c76647b2-616c-4fbf-a5a5-bb93d338095a", "enable_snat": true, "external_fixed_ips": [{"subnet_id": "8c4900d9-5b46-4323-a9f2-6a96cf8dd909", "ip_address": "172.24.4.3"}, {"subnet_id": "3b65f166-553e-48f5-9e40-e85381a14c11", "ip_address": "2001:db8::3"}]}, "name": "tempest-router-smoke-376416228", "admin_state_up": true, "tenant_id": "8fabaab41c0040728005d5522f945a6b", "routes": [], "id": "2a421fa3-550f-4c7b-a3d8-fc5d72d4d894"}}
2016-01-27 04:48:16,111 16511 INFO     [tempest_lib.common.rest_client] Request (TestGettingAddress:_run_cleanups): 200 PUT http://10.4.1.3:9696/v2.0/routers/2a421fa3-550f-4c7b-a3d8-fc5d72d4d894 0.545s
2016-01-27 04:48:16,112 16511 DEBUG    [tempest_lib.common.rest_client] Request - Headers: {'Content-Type': 'application/json', 'Accept': 'application/json', 'X-Auth-Token': '&lt;omitted&gt;'}
        Body: {"router": {"external_gateway_info": {}, "name": "tempest-router-smoke-376416228", "admin_state_up": true}}
    Response - Headers: {'status': '200', 'content-length': '238', 'connection': 'close', 'date': 'Wed, 27 Jan 2016 04:48:16 GMT', 'content-type': 'application/json; charset=UTF-8', 'x-openstack-request-id': 'req-ea837139-1716-46c4-b641-590435829c77'}
        Body: {"router": {"status": "ACTIVE", "external_gateway_info": null, "name": "tempest-router-smoke-376416228", "admin_state_up": true, "tenant_id": "8fabaab41c0040728005d5522f945a6b", "routes": [], "id": "2a421fa3-550f-4c7b-a3d8-fc5d72d4d894"}}
2016-01-27 04:48:16,472 16511 INFO     [tempest_lib.common.rest_client] Request (TestGettingAddress:_run_cleanups): 500 DELETE http://10.4.1.3:9696/v2.0/routers/2a421fa3-550f-4c7b-a3d8-fc5d72d4d894 0.359s
2016-01-27 04:48:16,472 16511 DEBUG    [tempest_lib.common.rest_client] Request - Headers: {'Content-Type': 'application/json', 'Accept': 'application/json', 'X-Auth-Token': '&lt;omitted&gt;'}
        Body: None
    Response - Headers: {'status': '500', 'content-length': '150', 'connection': 'close', 'date': 'Wed, 27 Jan 2016 04:48:16 GMT', 'content-type': 'application/json; charset=UTF-8', 'x-openstack-request-id': 'req-e311c65b-7ad9-40d9-8be7-6196d1f3b6e2'}
        Body: {"NeutronError": {"message": "Request Failed: internal server error while processing your request.", "type": "HTTPInternalServerError", "detail": ""}}
2016-01-27 04:48:16,687 16511 INFO     [tempest_lib.common.rest_client] Request (TestGettingAddress:_run_cleanups): 404 PUT http://10.4.1.3:9696/v2.0/routers/2a421fa3-550f-4c7b-a3d8-fc5d72d4d894/remove_router_interface 0.213s
2016-01-27 04:48:16,687 16511 DEBUG    [tempest_lib.common.rest_client] Request - Headers: {'Content-Type': 'application/json', 'Accept': 'application/json', 'X-Auth-Token': '&lt;omitted&gt;'}
        Body: {"subnet_id": "bff42387-a006-4db3-9264-79d563caab14"}
    Response - Headers: {'status': '404', 'content-length': '135', 'connection': 'close', 'date': 'Wed, 27 Jan 2016 04:48:16 GMT', 'content-type': 'application/json; charset=UTF-8', 'x-openstack-request-id': 'req-0e76551c-e482-427f-a55f-26ec7d8f98f8'}
        Body: {"NeutronError": {"message": "Router 2a421fa3-550f-4c7b-a3d8-fc5d72d4d894 could not be found", "type": "RouterNotFound", "detail": ""}}
2016-01-27 04:48:17,480 16511 INFO     [tempest_lib.common.rest_client] Request (TestGettingAddress:_run_cleanups): 204 DELETE http://10.4.1.3:9696/v2.0/networks/69f9720f-da17-42a5-8b53-91dfdbf31bad 0.790s
2016-01-27 04:48:17,481 16511 DEBUG    [tempest_lib.common.rest_client] Request - Headers: {'Content-Type': 'application/json', 'Accept': 'application/json', 'X-Auth-Token': '&lt;omitted&gt;'}
        Body: None
    Response - Headers: {'date': 'Wed, 27 Jan 2016 04:48:17 GMT', 'status': '204', 'connection': 'close', 'content-length': '0', 'x-openstack-request-id': 'req-6368c5d8-f3a7-4235-8b8e-08c551a44081'}
        Body: 
2016-01-27 04:48:17,712 16511 INFO     [tempest_lib.common.rest_client] Request (TestGettingAddress:_run_cleanups): 204 DELETE http://10.4.1.3:9696/v2.0/security-group-rules/4fdf9fb9-0dea-48a6-90b4-8197cac8b3d3 0.230s
2016-01-27 04:48:17,713 16511 DEBUG    [tempest_lib.common.rest_client] Request - Headers: {'Content-Type': 'application/json', 'Accept': 'application/json', 'X-Auth-Token': '&lt;omitted&gt;'}
        Body: None
    Response - Headers: {'date': 'Wed, 27 Jan 2016 04:48:17 GMT', 'status': '204', 'connection': 'close', 'content-length': '0', 'x-openstack-request-id': 'req-c6476c54-fb46-4d73-9e13-2bd4a19ab024'}
        Body: 
2016-01-27 04:48:17,938 16511 INFO     [tempest_lib.common.rest_client] Request (TestGettingAddress:_run_cleanups): 204 DELETE http://10.4.1.3:9696/v2.0/security-group-rules/04c9253c-b6f5-443d-94cd-b9aede130bfa 0.224s
