<?xml version="1.0" encoding="UTF-8"?>
<!DOCTYPE html PUBLIC "-//W3C//DTD XHTML 1.0 Strict//EN"
     "http://www.w3.org/TR/xhtml1/DTD/xhtml1-strict.dtd">
<html xmlns="http://www.w3.org/1999/xhtml">
<head>
    <title>Unit Test Report</title>
    <meta name="generator" content="subunit2html 0.1"/>
    <meta http-equiv="Content-Type" content="text/html; charset=UTF-8"/>
    
<style type="text/css" media="screen">
body        { font-family: verdana, arial, helvetica, sans-serif;
    font-size: 80%; }
table       { font-size: 100%; width: 100%;}
pre         { font-size: 80%; }

/* -- heading -------------------------------------------------------------- */
h1 {
        font-size: 16pt;
        color: gray;
}
.heading {
    margin-top: 0ex;
    margin-bottom: 1ex;
}

.heading .attribute {
    margin-top: 1ex;
    margin-bottom: 0;
}

.heading .description {
    margin-top: 4ex;
    margin-bottom: 6ex;
}

/* -- css div popup -------------------------------------------------------- */
a.popup_link {
}

a.popup_link:hover {
    color: red;
}

.popup_window {
    display: none;
    overflow-x: scroll;
    /*border: solid #627173 1px; */
    padding: 10px;
    background-color: #E6E6D6;
    font-family: "Ubuntu Mono", "Lucida Console", "Courier New", monospace;
    text-align: left;
    font-size: 8pt;
}

}
/* -- report --------------------------------------------------------------- */
#show_detail_line {
    margin-top: 3ex;
    margin-bottom: 1ex;
}
#result_table {
    width: 100%;
    border-collapse: collapse;
    border: 1px solid #777;
}
#header_row {
    font-weight: bold;
    color: white;
    background-color: #777;
}
#result_table td {
    border: 1px solid #777;
    padding: 2px;
}
#total_row  { font-weight: bold; }
.passClass  { background-color: #6c6; }
.failClass  { background-color: #c60; }
.errorClass { background-color: #c00; }
.passCase   { color: #6c6; }
.failCase   { color: #c60; font-weight: bold; }
.errorCase  { color: #c00; font-weight: bold; }
.hiddenRow  { display: none; }
.testcase   { margin-left: 2em; }
td.testname {width: 40%}
td.small {width: 40px}

/* -- ending --------------------------------------------------------------- */
#ending {
}

</style>

</head>
<body>
<script language="javascript" type="text/javascript"><!--
output_list = Array();

/* level - 0:Summary; 1:Failed; 2:All */
function showCase(level) {
    trs = document.getElementsByTagName("tr");
    for (var i = 0; i < trs.length; i++) {
        tr = trs[i];
        id = tr.id;
        if (id.substr(0,2) == 'ft') {
            if (level < 1) {
                tr.className = 'hiddenRow';
            }
            else {
                tr.className = '';
            }
        }
        if (id.substr(0,2) == 'pt') {
            if (level > 1) {
                tr.className = '';
            }
            else {
                tr.className = 'hiddenRow';
            }
        }
    }
}


function showClassDetail(cid, count) {
    var id_list = Array(count);
    var toHide = 1;
    for (var i = 0; i < count; i++) {
        tid0 = 't' + cid.substr(1) + '.' + (i+1);
        tid = 'f' + tid0;
        tr = document.getElementById(tid);
        if (!tr) {
            tid = 'p' + tid0;
            tr = document.getElementById(tid);
        }
        id_list[i] = tid;
        if (tr.className) {
            toHide = 0;
        }
    }
    for (var i = 0; i < count; i++) {
        tid = id_list[i];
        if (toHide) {
            document.getElementById('div_'+tid).style.display = 'none'
            document.getElementById(tid).className = 'hiddenRow';
        }
        else {
            document.getElementById(tid).className = '';
        }
    }
}


function showTestDetail(div_id){
    var details_div = document.getElementById(div_id)
    var displayState = details_div.style.display
    // alert(displayState)
    if (displayState != 'block' ) {
        displayState = 'block'
        details_div.style.display = 'block'
    }
    else {
        details_div.style.display = 'none'
    }
}


function html_escape(s) {
    s = s.replace(/&/g,'&amp;');
    s = s.replace(/</g,'&lt;');
    s = s.replace(/>/g,'&gt;');
    return s;
}

/* obsoleted by detail in <div>
function showOutput(id, name) {
    var w = window.open("", //url
                    name,
                    "resizable,scrollbars,status,width=800,height=450");
    d = w.document;
    d.write("<pre>");
    d.write(html_escape(output_list[id]));
    d.write("\n");
    d.write("<a href='javascript:window.close()'>close</a>\n");
    d.write("</pre>\n");
    d.close();
}
*/
--></script>

<div class='heading'>
<h1>Unit Test Report</h1>

<p class='attribute'><strong>Status:</strong> Failure 8</p>

<p class='description'></p>
</div>



<p id='show_detail_line'>Show
<a href='javascript:showCase(0)'>Summary</a>
<a href='javascript:showCase(1)'>Failed</a>
<a href='javascript:showCase(2)'>All</a>
</p>
<table id='result_table'>
<colgroup>
<col align='left' />
<col align='right' />
<col align='right' />
<col align='right' />
<col align='right' />
<col align='right' />
<col align='right' />
<col align='right' />
</colgroup>
<tr id='header_row'>
    <td>Test Group/Test case</td>
    <td>Count</td>
    <td>Pass</td>
    <td>Fail</td>
    <td>Error</td>
    <td>Skip</td>
    <td>View</td>
    <td> </td>
</tr>

<tr class='failClass'>
    <td class="testname">tempest.scenario.test_network_v6.TestGettingAddress</td>
    <td class="small">8</td>
    <td class="small">0</td>
    <td class="small">8</td>
    <td class="small">0</td>
    <td class="small">0</td>
    <td class="small"><a href="javascript:showClassDetail('c1',8)"
>Detail</a></td>
    <td> </td>
</tr>

<tr id='ft1.1' class='none'>
    <td class='failCase'><div class='testcase'>test_dhcp6_stateless_from_os[compute,id-d7e1f858-187c-45a6-89c9-bdafde619a9f,network,slow]</div></td>
    <td colspan='7' align='left'>

    <!--css div popup start-->
    <a class="popup_link" onfocus='this.blur();'
    href="javascript:showTestDetail('div_ft1.1')" >
        fail</a>

    <div id='div_ft1.1' class="popup_window">
        <div style='text-align: right; color:red;cursor:pointer'>
        <a onfocus='this.blur();'
onclick="document.getElementById('div_ft1.1').style.display = 'none' " >
           [x]</a>
        </div>
        <pre>
        
ft1.1: tempest.scenario.test_network_v6.TestGettingAddress.test_dhcp6_stateless_from_os[compute,id-d7e1f858-187c-45a6-89c9-bdafde619a9f,network,slow]_StringException: Empty attachments:
  stderr
  stdout

pythonlogging:'': {{{
2016-02-18 19:20:45,212 27639 INFO     [tempest_lib.common.rest_client] Request (TestGettingAddress:setUp): 200 POST http://10.4.1.3:8774/v2.1/59bf494d898f4342895035be0b486849/os-keypairs 0.730s
2016-02-18 19:20:45,212 27639 DEBUG    [tempest_lib.common.rest_client] Request - Headers: {'Content-Type': 'application/json', 'Accept': 'application/json', 'X-Auth-Token': '&lt;omitted&gt;'}
        Body: {"keypair": {"name": "tempest-TestGettingAddress-530623955"}}
    Response - Headers: {'status': '200', 'content-length': '2319', 'x-compute-request-id': 'req-fa96b360-ec4b-453f-939a-3b24a2d0de05', 'vary': 'X-OpenStack-Nova-API-Version', 'connection': 'close', 'x-openstack-nova-api-version': '2.1', 'date': 'Thu, 18 Feb 2016 19:20:45 GMT', 'content-type': 'application/json'}
        Body: {"keypair": {"public_key": "ssh-rsa AAAAB3NzaC1yc2EAAAADAQABAAABAQDN4NXkSkt9UxPKUP0BXabcZPxUx6eYv3BVBpcWmcyNL/Lszlenbms6jP1hwBRe92ZaXI/clgWdgNUugs5DyacQZjqB3UuhZYyxknr1hPEr5WXESYMwSwetOY+59/4Fvo8g4PZwuIAQixUEhBYYf1c3o7vmRZcjOxre//hiUSYtsYs5gRZHMnzcC+OxyDvAW31tLFKcXQfXEp1p5HKUkN9Y+D/fTUcdCUzkl1nHq54s/I5TxIykjpDNq3Al4R1WPd3om7I5qQkUiBIGgz7ZKffvJ7oP4CNXvPfY6OzynfmW5qtD8HCQuM9xxZwJWYdGDp6RaW6hsi1i7VD3wNIOqESz Generated-by-Nova", "private_key": "-----BEGIN RSA PRIVATE KEY-----\nMIIEpwIBAAKCAQEAzeDV5EpLfVMTylD9AV2m3GT8VMenmL9wVQaXFpnMjS/y7M5X\np25rOoz9YcAUXvdmWlyP3JYFnYDVLoLOQ8mnEGY6gd1LoWWMsZJ69YTxK+VlxEmD\nMEsHrTmPuff+Bb6PIOD2cLiAEIsVBIQWGH9XN6O75kWXIzsa3v/4YlEmLbGLOYEW\nRzJ83Avjscg7wFt9bSxSnF0H1xKdaeRylJDfWPg/301HHQlM5JdZx6ueLPyOU8SM\npI6QzatwJeEdVj3d6JuyOakJFIgSBoM+2Sn37ye6D+AjV7z32Ojs8p35luarQ/Bw\nkLjPccWcCVmHRg6ekWluobItYu1Q98DSDqhEswIDAQABAoIBAAgMXBA6n0zc7I8i\nL2HYSWegQwUFcRXVlgyc31cw2ABE+ZgsUNzowiRd0qH5olI8FbI+oBkdfEa1/J9+\n2ZVo0rEfbfYZspUypRdkBI6Ije0LYLkVrp06sagh8e5xNWsAEhRU9w1dCRSce0vb\n5gk7ISu5qOTNn6Tu8JP7KbieN4HdtvfbET1tnlES4PS44p08gU2YBuddtiQgIznz\nKUlN80pfcXTjFkOOR9POujoT03QcfbcSuzd9u4/XUUtgSM4/J0Py7fxcO2rCuiE+\nCWKztDZrJuokA+SUZO/25ca0v4vqMxAUBYmu8USIqYirJi8EKnFZziWDeiWiYIZu\nk+tcc7ECggCBANZ0YKk44HY083uHcuW7TpWaCC/QNshqWI8PWO8e70EE6bSVGZVp\n7rRbaDAA4TikYbKOmd5N/2alxfyb7h5HlNDjPiFjIlUN5DO+jthpHMgo+DAOHJjA\nl31fokVogklQbj7KR1kR1V1keRYIKsmdoUeDEMkevOoXpqsRHjsfNIGXAoIAgQD1\nwx/qtU3a0VfBIsFRaUKcEvVSnuxXn0JqEsMlfICVs+iXP1sl8czrEAX97ieSGuVq\n5uVOZA3CredWF647W2eNAr9+7EmSwK4r0tRcxXnPb+qo2oBj9gsltD8WF768ZkVd\nqLcehQke+B9aGxgSxl5n5CeJAH9jjsVVSHLKs3ZBRQKCAIBdcw0D8ILvP5eyBo3s\nybguvJZAr4yPvLemb1ujp2k+ffOQ+z/Quf6InSRDdr6tvgPMmRM3qelXQ3mI4DHd\nA/g3Ji7WwaoeQhVk7u60Iuml1yR/XEbd0V6yBVBiym2roN7Jgb+hcoH1VmjlTt3G\nSWgUD2rrGPfdUj0QYj84KBrrNQKCAIA9SiQzjHOWFo8kA17ixrVt5ux3Zlran0UY\n3wT73EjVDMD8tzgsBllsZdqYsUP9E+gS+PJG0nz8CBKhTdaNxwXUDNNk+9h9WMAW\n/cUoPbdbHDYRViyewUWWaZUyFUnkAj1aVjEU02iq6IYpGoiuZfo1Ppj9ebpLQdfE\npQS7uHXNYQKCAIBUurb3yGILgayQEkONj5+z86bHwJEu44XiOTM+NFSUG8JPZCZq\nshr+IPttFPR15pUHlzS3yT+DPbT8snJ474KGjnD6+yuzwfz4QpstrpspwPIt85cF\n3rgoLlZp7E0cHSiJtVIciiX8nitfEnj+u4lgs+9zGye/Cf+zmk9uqxcBrw==\n-----END RSA PRIVATE KEY-----\n", "user_id": "9d50a9a26c6d487a8be59748965b1ded", "name": "tempest-TestGettingAddress-530623955", "fingerprint": "c8:33:8b:4c:c9:56:85:da:a5:f7:03:66:ab:65:fd:50"}}
2016-02-18 19:20:45,640 27639 INFO     [tempest_lib.common.rest_client] Request (TestGettingAddress:setUp): 201 POST http://10.4.1.3:9696/v2.0/security-groups 0.422s
2016-02-18 19:20:45,641 27639 DEBUG    [tempest_lib.common.rest_client] Request - Headers: {'Content-Type': 'application/json', 'Accept': 'application/json', 'X-Auth-Token': '&lt;omitted&gt;'}
        Body: {"security_group": {"tenant_id": "59bf494d898f4342895035be0b486849", "description": "tempest-secgroup-smoke-903110914 description", "name": "tempest-secgroup-smoke-903110914"}}
    Response - Headers: {'status': '201', 'content-length': '886', 'connection': 'close', 'date': 'Thu, 18 Feb 2016 19:20:45 GMT', 'content-type': 'application/json; charset=UTF-8', 'x-openstack-request-id': 'req-3f4d750b-9787-468b-90fe-055b776e66f3'}
        Body: {"security_group": {"tenant_id": "59bf494d898f4342895035be0b486849", "description": "tempest-secgroup-smoke-903110914 description", "id": "e754f306-d147-4d0f-98ca-3b7b8cf15d3a", "security_group_rules": [{"remote_group_id": null, "direction": "egress", "remote_ip_prefix": null, "protocol": null, "ethertype": "IPv4", "tenant_id": "59bf494d898f4342895035be0b486849", "port_range_max": null, "port_range_min": null, "id": "c587d0f1-5518-4bf3-a532-a9345e313765", "security_group_id": "e754f306-d147-4d0f-98ca-3b7b8cf15d3a"}, {"remote_group_id": null, "direction": "egress", "remote_ip_prefix": null, "protocol": null, "ethertype": "IPv6", "tenant_id": "59bf494d898f4342895035be0b486849", "port_range_max": null, "port_range_min": null, "id": "1007b03a-9bc9-4e05-ba10-6fad4e0c3a1c", "security_group_id": "e754f306-d147-4d0f-98ca-3b7b8cf15d3a"}], "name": "tempest-secgroup-smoke-903110914"}}
2016-02-18 19:20:45,971 27639 INFO     [tempest_lib.common.rest_client] Request (TestGettingAddress:setUp): 201 POST http://10.4.1.3:9696/v2.0/security-group-rules 0.328s
2016-02-18 19:20:45,972 27639 DEBUG    [tempest_lib.common.rest_client] Request - Headers: {'Content-Type': 'application/json', 'Accept': 'application/json', 'X-Auth-Token': '&lt;omitted&gt;'}
        Body: {"security_group_rule": {"direction": "ingress", "protocol": "tcp", "tenant_id": "59bf494d898f4342895035be0b486849", "port_range_max": 22, "security_group_id": "e754f306-d147-4d0f-98ca-3b7b8cf15d3a", "port_range_min": 22}}
    Response - Headers: {'status': '201', 'content-length': '340', 'connection': 'close', 'date': 'Thu, 18 Feb 2016 19:20:45 GMT', 'content-type': 'application/json; charset=UTF-8', 'x-openstack-request-id': 'req-31fb7c2e-4b15-4f3d-adba-a9ff80a5388c'}
        Body: {"security_group_rule": {"remote_group_id": null, "direction": "ingress", "remote_ip_prefix": null, "protocol": "tcp", "ethertype": "IPv4", "tenant_id": "59bf494d898f4342895035be0b486849", "port_range_max": 22, "port_range_min": 22, "id": "0b020573-fddf-4605-a681-c4e880e4d9c4", "security_group_id": "e754f306-d147-4d0f-98ca-3b7b8cf15d3a"}}
2016-02-18 19:20:46,281 27639 INFO     [tempest_lib.common.rest_client] Request (TestGettingAddress:setUp): 201 POST http://10.4.1.3:9696/v2.0/security-group-rules 0.308s
2016-02-18 19:20:46,281 27639 DEBUG    [tempest_lib.common.rest_client] Request - Headers: {'Content-Type': 'application/json', 'Accept': 'application/json', 'X-Auth-Token': '&lt;omitted&gt;'}
        Body: {"security_group_rule": {"direction": "egress", "protocol": "tcp", "tenant_id": "59bf494d898f4342895035be0b486849", "port_range_max": 22, "security_group_id": "e754f306-d147-4d0f-98ca-3b7b8cf15d3a", "port_range_min": 22}}
    Response - Headers: {'status': '201', 'content-length': '339', 'connection': 'close', 'date': 'Thu, 18 Feb 2016 19:20:46 GMT', 'content-type': 'application/json; charset=UTF-8', 'x-openstack-request-id': 'req-0f383a7f-26c5-41ef-b995-bdd02dd9ee83'}
        Body: {"security_group_rule": {"remote_group_id": null, "direction": "egress", "remote_ip_prefix": null, "protocol": "tcp", "ethertype": "IPv4", "tenant_id": "59bf494d898f4342895035be0b486849", "port_range_max": 22, "port_range_min": 22, "id": "b5c8f928-be98-49fa-a49d-84d815d78155", "security_group_id": "e754f306-d147-4d0f-98ca-3b7b8cf15d3a"}}
2016-02-18 19:20:46,558 27639 INFO     [tempest_lib.common.rest_client] Request (TestGettingAddress:setUp): 201 POST http://10.4.1.3:9696/v2.0/security-group-rules 0.275s
2016-02-18 19:20:46,558 27639 DEBUG    [tempest_lib.common.rest_client] Request - Headers: {'Content-Type': 'application/json', 'Accept': 'application/json', 'X-Auth-Token': '&lt;omitted&gt;'}
        Body: {"security_group_rule": {"tenant_id": "59bf494d898f4342895035be0b486849", "direction": "ingress", "protocol": "icmp", "security_group_id": "e754f306-d147-4d0f-98ca-3b7b8cf15d3a"}}
    Response - Headers: {'status': '201', 'content-length': '345', 'connection': 'close', 'date': 'Thu, 18 Feb 2016 19:20:46 GMT', 'content-type': 'application/json; charset=UTF-8', 'x-openstack-request-id': 'req-05512d45-e353-47f4-89a4-87ad0d0befca'}
        Body: {"security_group_rule": {"remote_group_id": null, "direction": "ingress", "remote_ip_prefix": null, "protocol": "icmp", "ethertype": "IPv4", "tenant_id": "59bf494d898f4342895035be0b486849", "port_range_max": null, "port_range_min": null, "id": "a140e2ff-3984-435b-9304-eb9e8e45bd42", "security_group_id": "e754f306-d147-4d0f-98ca-3b7b8cf15d3a"}}
2016-02-18 19:20:46,873 27639 INFO     [tempest_lib.common.rest_client] Request (TestGettingAddress:setUp): 201 POST http://10.4.1.3:9696/v2.0/security-group-rules 0.314s
2016-02-18 19:20:46,874 27639 DEBUG    [tempest_lib.common.rest_client] Request - Headers: {'Content-Type': 'application/json', 'Accept': 'application/json', 'X-Auth-Token': '&lt;omitted&gt;'}
        Body: {"security_group_rule": {"tenant_id": "59bf494d898f4342895035be0b486849", "direction": "egress", "protocol": "icmp", "security_group_id": "e754f306-d147-4d0f-98ca-3b7b8cf15d3a"}}
    Response - Headers: {'status': '201', 'content-length': '344', 'connection': 'close', 'date': 'Thu, 18 Feb 2016 19:20:46 GMT', 'content-type': 'application/json; charset=UTF-8', 'x-openstack-request-id': 'req-1d391de5-2a19-4166-b669-a70de89846f7'}
        Body: {"security_group_rule": {"remote_group_id": null, "direction": "egress", "remote_ip_prefix": null, "protocol": "icmp", "ethertype": "IPv4", "tenant_id": "59bf494d898f4342895035be0b486849", "port_range_max": null, "port_range_min": null, "id": "e2f01f32-c787-4de9-bc2c-570dd1436cf4", "security_group_id": "e754f306-d147-4d0f-98ca-3b7b8cf15d3a"}}
2016-02-18 19:20:47,208 27639 INFO     [tempest_lib.common.rest_client] Request (TestGettingAddress:setUp): 201 POST http://10.4.1.3:9696/v2.0/security-group-rules 0.333s
2016-02-18 19:20:47,209 27639 DEBUG    [tempest_lib.common.rest_client] Request - Headers: {'Content-Type': 'application/json', 'Accept': 'application/json', 'X-Auth-Token': '&lt;omitted&gt;'}
        Body: {"security_group_rule": {"tenant_id": "59bf494d898f4342895035be0b486849", "direction": "ingress", "security_group_id": "e754f306-d147-4d0f-98ca-3b7b8cf15d3a", "protocol": "icmp", "ethertype": "IPv6"}}
    Response - Headers: {'status': '201', 'content-length': '345', 'connection': 'close', 'date': 'Thu, 18 Feb 2016 19:20:47 GMT', 'content-type': 'application/json; charset=UTF-8', 'x-openstack-request-id': 'req-008ae70f-2121-45e8-94b3-8f54c403abcd'}
        Body: {"security_group_rule": {"remote_group_id": null, "direction": "ingress", "remote_ip_prefix": null, "protocol": "icmp", "ethertype": "IPv6", "tenant_id": "59bf494d898f4342895035be0b486849", "port_range_max": null, "port_range_min": null, "id": "ad351407-1cf2-48d5-8f22-947f17eb3b76", "security_group_id": "e754f306-d147-4d0f-98ca-3b7b8cf15d3a"}}
2016-02-18 19:20:47,520 27639 INFO     [tempest_lib.common.rest_client] Request (TestGettingAddress:setUp): 201 POST http://10.4.1.3:9696/v2.0/security-group-rules 0.309s
2016-02-18 19:20:47,521 27639 DEBUG    [tempest_lib.common.rest_client] Request - Headers: {'Content-Type': 'application/json', 'Accept': 'application/json', 'X-Auth-Token': '&lt;omitted&gt;'}
        Body: {"security_group_rule": {"tenant_id": "59bf494d898f4342895035be0b486849", "direction": "egress", "security_group_id": "e754f306-d147-4d0f-98ca-3b7b8cf15d3a", "protocol": "icmp", "ethertype": "IPv6"}}
    Response - Headers: {'status': '201', 'content-length': '344', 'connection': 'close', 'date': 'Thu, 18 Feb 2016 19:20:47 GMT', 'content-type': 'application/json; charset=UTF-8', 'x-openstack-request-id': 'req-a6b97ef9-da00-40ad-b883-f6164bda6bfb'}
        Body: {"security_group_rule": {"remote_group_id": null, "direction": "egress", "remote_ip_prefix": null, "protocol": "icmp", "ethertype": "IPv6", "tenant_id": "59bf494d898f4342895035be0b486849", "port_range_max": null, "port_range_min": null, "id": "28aa2cd1-a85b-4d61-8bf7-d13cb236b3a4", "security_group_id": "e754f306-d147-4d0f-98ca-3b7b8cf15d3a"}}
2016-02-18 19:20:47,974 27639 INFO     [tempest_lib.common.rest_client] Request (TestGettingAddress:test_dhcp6_stateless_from_os): 201 POST http://10.4.1.3:9696/v2.0/networks 0.451s
2016-02-18 19:20:47,975 27639 DEBUG    [tempest_lib.common.rest_client] Request - Headers: {'Content-Type': 'application/json', 'Accept': 'application/json', 'X-Auth-Token': '&lt;omitted&gt;'}
        Body: {"network": {"tenant_id": "59bf494d898f4342895035be0b486849", "name": "tempest-network-smoke--1747256040"}}
    Response - Headers: {'status': '201', 'content-length': '356', 'connection': 'close', 'date': 'Thu, 18 Feb 2016 19:20:47 GMT', 'content-type': 'application/json; charset=UTF-8', 'x-openstack-request-id': 'req-a33e07c8-a6c7-47c0-b867-1e136997c071'}
        Body: {"network": {"status": "ACTIVE", "subnets": [], "availability_zone_hints": [], "availability_zones": [], "name": "tempest-network-smoke--1747256040", "admin_state_up": true, "tenant_id": "59bf494d898f4342895035be0b486849", "mtu": 1450, "router:external": false, "shared": false, "port_security_enabled": true, "id": "e02f4679-5d26-4063-8fd8-e8e2cd4d958b"}}
2016-02-18 19:20:48,257 27639 INFO     [tempest_lib.common.rest_client] Request (TestGettingAddress:test_dhcp6_stateless_from_os): 200 GET http://10.4.1.3:9696/v2.0/subnets?tenant_id=59bf494d898f4342895035be0b486849&amp;cidr=10.100.0.0%2F28 0.280s
2016-02-18 19:20:48,257 27639 DEBUG    [tempest_lib.common.rest_client] Request - Headers: {'Content-Type': 'application/json', 'Accept': 'application/json', 'X-Auth-Token': '&lt;omitted&gt;'}
        Body: None
    Response - Headers: {'status': '200', 'content-length': '15', 'content-location': 'http://10.4.1.3:9696/v2.0/subnets?tenant_id=59bf494d898f4342895035be0b486849&amp;cidr=10.100.0.0%2F28', 'connection': 'close', 'date': 'Thu, 18 Feb 2016 19:20:48 GMT', 'content-type': 'application/json; charset=UTF-8', 'x-openstack-request-id': 'req-23280c57-8c3d-4953-88d3-64602a6f3d36'}
        Body: {"subnets": []}
2016-02-18 19:20:48,886 27639 INFO     [tempest_lib.common.rest_client] Request (TestGettingAddress:test_dhcp6_stateless_from_os): 201 POST http://10.4.1.3:9696/v2.0/subnets 0.627s
2016-02-18 19:20:48,887 27639 DEBUG    [tempest_lib.common.rest_client] Request - Headers: {'Content-Type': 'application/json', 'Accept': 'application/json', 'X-Auth-Token': '&lt;omitted&gt;'}
        Body: {"subnet": {"ip_version": 4, "tenant_id": "59bf494d898f4342895035be0b486849", "cidr": "10.100.0.0/28", "network_id": "e02f4679-5d26-4063-8fd8-e8e2cd4d958b", "name": "tempest-sub4-1916374137"}}
    Response - Headers: {'status': '201', 'content-length': '470', 'connection': 'close', 'date': 'Thu, 18 Feb 2016 19:20:48 GMT', 'content-type': 'application/json; charset=UTF-8', 'x-openstack-request-id': 'req-f37a7e73-a958-46c8-b7d4-c667b090dd76'}
        Body: {"subnet": {"name": "tempest-sub4-1916374137", "enable_dhcp": true, "network_id": "e02f4679-5d26-4063-8fd8-e8e2cd4d958b", "tenant_id": "59bf494d898f4342895035be0b486849", "dns_nameservers": [], "gateway_ip": "10.100.0.1", "ipv6_ra_mode": null, "allocation_pools": [{"start": "10.100.0.2", "end": "10.100.0.14"}], "host_routes": [], "ip_version": 4, "ipv6_address_mode": null, "cidr": "10.100.0.0/28", "id": "5b2a7d35-4ff8-4ab8-bf0e-71028bd6f336", "subnetpool_id": null}}
2016-02-18 19:20:49,133 27639 INFO     [tempest_lib.common.rest_client] Request (TestGettingAddress:test_dhcp6_stateless_from_os): 201 POST http://10.4.1.3:9696/v2.0/routers 0.245s
2016-02-18 19:20:49,133 27639 DEBUG    [tempest_lib.common.rest_client] Request - Headers: {'Content-Type': 'application/json', 'Accept': 'application/json', 'X-Auth-Token': '&lt;omitted&gt;'}
        Body: {"router": {"tenant_id": "59bf494d898f4342895035be0b486849", "name": "tempest-router-smoke-1309380396", "admin_state_up": true}}
    Response - Headers: {'status': '201', 'content-length': '239', 'connection': 'close', 'date': 'Thu, 18 Feb 2016 19:20:49 GMT', 'content-type': 'application/json; charset=UTF-8', 'x-openstack-request-id': 'req-06491550-e03b-41d7-8d43-3fea75def7fb'}
        Body: {"router": {"status": "ACTIVE", "external_gateway_info": null, "name": "tempest-router-smoke-1309380396", "admin_state_up": true, "tenant_id": "59bf494d898f4342895035be0b486849", "routes": [], "id": "98f9fee9-a719-4c36-a2c3-ec10b6a43636"}}
2016-02-18 19:20:49,490 27639 INFO     [tempest_lib.common.rest_client] Request (TestGettingAddress:test_dhcp6_stateless_from_os): 200 GET http://10.4.1.3:9696/v2.0/routers/98f9fee9-a719-4c36-a2c3-ec10b6a43636 0.356s
2016-02-18 19:20:49,491 27639 DEBUG    [tempest_lib.common.rest_client] Request - Headers: {'Content-Type': 'application/json', 'Accept': 'application/json', 'X-Auth-Token': '&lt;omitted&gt;'}
        Body: None
    Response - Headers: {'status': '200', 'content-length': '239', 'content-location': 'http://10.4.1.3:9696/v2.0/routers/98f9fee9-a719-4c36-a2c3-ec10b6a43636', 'connection': 'close', 'date': 'Thu, 18 Feb 2016 19:20:49 GMT', 'content-type': 'application/json; charset=UTF-8', 'x-openstack-request-id': 'req-50519897-88cf-4520-8c8a-2c96f5f9306c'}
        Body: {"router": {"status": "ACTIVE", "external_gateway_info": null, "name": "tempest-router-smoke-1309380396", "admin_state_up": true, "tenant_id": "59bf494d898f4342895035be0b486849", "routes": [], "id": "98f9fee9-a719-4c36-a2c3-ec10b6a43636"}}
2016-02-18 19:20:50,472 27639 INFO     [tempest_lib.common.rest_client] Request (TestGettingAddress:test_dhcp6_stateless_from_os): 200 PUT http://10.4.1.3:9696/v2.0/routers/98f9fee9-a719-4c36-a2c3-ec10b6a43636 0.980s
2016-02-18 19:20:50,474 27639 DEBUG    [tempest_lib.common.rest_client] Request - Headers: {'Content-Type': 'application/json', 'Accept': 'application/json', 'X-Auth-Token': '&lt;omitted&gt;'}
        Body: {"router": {"external_gateway_info": {"network_id": "a40bfbcd-74d7-4a85-9ab6-ee822ee2b29f"}, "name": "tempest-router-smoke-1309380396", "admin_state_up": true}}
    Response - Headers: {'status': '200', 'content-length': '501', 'connection': 'close', 'date': 'Thu, 18 Feb 2016 19:20:50 GMT', 'content-type': 'application/json; charset=UTF-8', 'x-openstack-request-id': 'req-7ecb90d6-c5aa-4efb-963d-24ff93748be4'}
        Body: {"router": {"status": "ACTIVE", "external_gateway_info": {"network_id": "a40bfbcd-74d7-4a85-9ab6-ee822ee2b29f", "enable_snat": true, "external_fixed_ips": [{"subnet_id": "f3dbcaab-57fc-4c31-b4c5-657cf0ddfec2", "ip_address": "172.24.4.3"}, {"subnet_id": "a7de9b7a-ca9e-440d-b307-f614ff4ad513", "ip_address": "2001:db8::4"}]}, "name": "tempest-router-smoke-1309380396", "admin_state_up": true, "tenant_id": "59bf494d898f4342895035be0b486849", "routes": [], "id": "98f9fee9-a719-4c36-a2c3-ec10b6a43636"}}
2016-02-18 19:20:51,262 27639 INFO     [tempest_lib.common.rest_client] Request (TestGettingAddress:test_dhcp6_stateless_from_os): 200 PUT http://10.4.1.3:9696/v2.0/routers/98f9fee9-a719-4c36-a2c3-ec10b6a43636/add_router_interface 0.787s
2016-02-18 19:20:51,262 27639 DEBUG    [tempest_lib.common.rest_client] Request - Headers: {'Content-Type': 'application/json', 'Accept': 'application/json', 'X-Auth-Token': '&lt;omitted&gt;'}
        Body: {"subnet_id": "5b2a7d35-4ff8-4ab8-bf0e-71028bd6f336"}
    Response - Headers: {'status': '200', 'content-length': '309', 'connection': 'close', 'date': 'Thu, 18 Feb 2016 19:20:51 GMT', 'content-type': 'application/json; charset=UTF-8', 'x-openstack-request-id': 'req-81fb298a-2c2e-4f0d-8e1f-2fbd90d48493'}
        Body: {"network_id": "e02f4679-5d26-4063-8fd8-e8e2cd4d958b", "tenant_id": "59bf494d898f4342895035be0b486849", "subnet_id": "5b2a7d35-4ff8-4ab8-bf0e-71028bd6f336", "subnet_ids": ["5b2a7d35-4ff8-4ab8-bf0e-71028bd6f336"], "port_id": "e43dc832-ceda-4dc9-858b-e215b3ebb265", "id": "98f9fee9-a719-4c36-a2c3-ec10b6a43636"}
2016-02-18 19:20:51,524 27639 INFO     [tempest_lib.common.rest_client] Request (TestGettingAddress:test_dhcp6_stateless_from_os): 200 GET http://10.4.1.3:9696/v2.0/subnets?tenant_id=59bf494d898f4342895035be0b486849&amp;cidr=2003%3A%3A%2F64 0.261s
2016-02-18 19:20:51,525 27639 DEBUG    [tempest_lib.common.rest_client] Request - Headers: {'Content-Type': 'application/json', 'Accept': 'application/json', 'X-Auth-Token': '&lt;omitted&gt;'}
        Body: None
    Response - Headers: {'status': '200', 'content-length': '15', 'content-location': 'http://10.4.1.3:9696/v2.0/subnets?tenant_id=59bf494d898f4342895035be0b486849&amp;cidr=2003%3A%3A%2F64', 'connection': 'close', 'date': 'Thu, 18 Feb 2016 19:20:51 GMT', 'content-type': 'application/json; charset=UTF-8', 'x-openstack-request-id': 'req-51063f25-4ab9-4a8c-af42-e04b2a30b253'}
        Body: {"subnets": []}
2016-02-18 19:20:52,691 27639 INFO     [tempest_lib.common.rest_client] Request (TestGettingAddress:test_dhcp6_stateless_from_os): 201 POST http://10.4.1.3:9696/v2.0/subnets 1.165s
2016-02-18 19:20:52,692 27639 DEBUG    [tempest_lib.common.rest_client] Request - Headers: {'Content-Type': 'application/json', 'Accept': 'application/json', 'X-Auth-Token': '&lt;omitted&gt;'}
        Body: {"subnet": {"name": "tempest-sub6-836335918", "network_id": "e02f4679-5d26-4063-8fd8-e8e2cd4d958b", "tenant_id": "59bf494d898f4342895035be0b486849", "ipv6_ra_mode": "dhcpv6-stateless", "ip_version": 6, "ipv6_address_mode": "dhcpv6-stateless", "cidr": "2003::/64"}}
    Response - Headers: {'status': '201', 'content-length': '501', 'connection': 'close', 'date': 'Thu, 18 Feb 2016 19:20:52 GMT', 'content-type': 'application/json; charset=UTF-8', 'x-openstack-request-id': 'req-ecd0a7f3-ad68-4787-852b-2d2fd33893b9'}
        Body: {"subnet": {"name": "tempest-sub6-836335918", "enable_dhcp": true, "network_id": "e02f4679-5d26-4063-8fd8-e8e2cd4d958b", "tenant_id": "59bf494d898f4342895035be0b486849", "dns_nameservers": [], "gateway_ip": "2003::1", "ipv6_ra_mode": "dhcpv6-stateless", "allocation_pools": [{"start": "2003::2", "end": "2003::ffff:ffff:ffff:ffff"}], "host_routes": [], "ip_version": 6, "ipv6_address_mode": "dhcpv6-stateless", "cidr": "2003::/64", "id": "c7864af5-f371-48d1-b022-f5f6e8589b7e", "subnetpool_id": null}}
2016-02-18 19:20:53,650 27639 INFO     [tempest_lib.common.rest_client] Request (TestGettingAddress:test_dhcp6_stateless_from_os): 200 PUT http://10.4.1.3:9696/v2.0/routers/98f9fee9-a719-4c36-a2c3-ec10b6a43636/add_router_interface 0.957s
2016-02-18 19:20:53,650 27639 DEBUG    [tempest_lib.common.rest_client] Request - Headers: {'Content-Type': 'application/json', 'Accept': 'application/json', 'X-Auth-Token': '&lt;omitted&gt;'}
        Body: {"subnet_id": "c7864af5-f371-48d1-b022-f5f6e8589b7e"}
    Response - Headers: {'status': '200', 'content-length': '309', 'connection': 'close', 'date': 'Thu, 18 Feb 2016 19:20:53 GMT', 'content-type': 'application/json; charset=UTF-8', 'x-openstack-request-id': 'req-3f669d4f-2e0b-4f9d-af1b-d67114f51d41'}
        Body: {"network_id": "e02f4679-5d26-4063-8fd8-e8e2cd4d958b", "tenant_id": "59bf494d898f4342895035be0b486849", "subnet_id": "c7864af5-f371-48d1-b022-f5f6e8589b7e", "subnet_ids": ["c7864af5-f371-48d1-b022-f5f6e8589b7e"], "port_id": "b9362216-8d3f-45d9-82c5-9928bc939048", "id": "98f9fee9-a719-4c36-a2c3-ec10b6a43636"}
2016-02-18 19:20:53,828 27639 INFO     [tempest_lib.common.rest_client] Request (TestGettingAddress:test_dhcp6_stateless_from_os): 200 POST http://10.4.1.3:5000/v2.0/tokens
2016-02-18 19:20:53,829 27639 DEBUG    [tempest_lib.common.rest_client] Request - Headers: {'Content-Type': 'application/json', 'Accept': 'application/json'}
        Body: &lt;omitted&gt;
    Response - Headers: {'status': '200', 'content-length': '2252', 'vary': 'X-Auth-Token', 'server': 'Apache/2.4.7 (Ubuntu)', 'connection': 'close', 'date': 'Thu, 18 Feb 2016 19:20:53 GMT', 'content-type': 'application/json', 'x-openstack-request-id': 'req-dfaefd17-657a-4cd5-9319-1deb7828adf2'}
        Body: {"access": {"token": {"issued_at": "2016-02-18T19:20:53.814211", "expires": "2016-02-18T20:20:53Z", "id": "50aa1172a3e54f468c771e755cfb1b27", "tenant": {"description": "tempest-TestGettingAddress-594832011-desc", "enabled": true, "id": "59bf494d898f4342895035be0b486849", "name": "tempest-TestGettingAddress-594832011"}, "audit_ids": ["5HFURNvSR0W0Lzqgjn17ZQ"]}, "serviceCatalog": [{"endpoints": [{"adminURL": "http://10.4.1.3:9292", "region": "RegionOne", "internalURL": "http://10.4.1.3:9292", "id": "31461cc5976947a98e69e7ebb4ed9506", "publicURL": "http://10.4.1.3:9292"}], "endpoints_links": [], "type": "image", "name": "glance"}, {"endpoints": [{"adminURL": "http://10.4.1.3:8774/v2.1/59bf494d898f4342895035be0b486849", "region": "RegionOne", "internalURL": "http://10.4.1.3:8774/v2.1/59bf494d898f4342895035be0b486849", "id": "4f5fe912e38243b891de0b846f2dcee6", "publicURL": "http://10.4.1.3:8774/v2.1/59bf494d898f4342895035be0b486849"}], "endpoints_links": [], "type": "compute", "name": "nova"}, {"endpoints": [{"adminURL": "http://10.4.1.3:8774/v2/59bf494d898f4342895035be0b486849", "region": "RegionOne", "internalURL": "http://10.4.1.3:8774/v2/59bf494d898f4342895035be0b486849", "id": "15d625257be4494bb10c21574d1420d0", "publicURL": "http://10.4.1.3:8774/v2/59bf494d898f4342895035be0b486849"}], "endpoints_links": [], "type": "compute_legacy", "name": "nova_legacy"}, {"endpoints": [{"adminURL": "http://10.4.1.3:35357/v2.0", "region": "RegionOne", "internalURL": "http://10.4.1.3:5000/v2.0", "id": "2644a939576c43e490f37fb4bab3dc22", "publicURL": "http://10.4.1.3:5000/v2.0"}], "endpoints_links": [], "type": "identity", "name": "keystone"}, {"endpoints": [{"adminURL": "http://10.4.1.3:9696/", "region": "RegionOne", "internalURL": "http://10.4.1.3:9696/", "id": "8f3eea5c3c544daf8016850a599d66a1", "publicURL": "http://10.4.1.3:9696/"}], "endpoints_links": [], "type": "network", "name": "neutron"}], "user": {"username": "tempest-TestGettingAddress-926720696", "roles_links": [], "id": "9d50a9a26c6d487a8be59748965b1ded", "roles": [{"name": "_member_"}, {"name": "Member"}], "name": "tempest-TestGettingAddress-926720696"}, "metadata": {"is_admin": 0, "roles": ["9fe2ff9ee4384b1894a90878d3e92bab", "8a5612ecdbd64a0c88122c676bff2dc7"]}}}
2016-02-18 19:20:53,837 27639 DEBUG    [tempest.common.fixed_network] (TestGettingAddress:test_dhcp6_stateless_from_os) No valid network provided or created, defaulting to fixed_network_name
2016-02-18 19:20:54,330 27639 INFO     [tempest_lib.common.rest_client] Request (TestGettingAddress:test_dhcp6_stateless_from_os): 200 GET http://10.4.1.3:8774/v2.1/59bf494d898f4342895035be0b486849/os-networks 0.492s
2016-02-18 19:20:54,331 27639 DEBUG    [tempest_lib.common.rest_client] Request - Headers: {'Content-Type': 'application/json', 'Accept': 'application/json', 'X-Auth-Token': '&lt;omitted&gt;'}
        Body: None
    Response - Headers: {'status': '200', 'content-length': '479', 'content-location': 'http://10.4.1.3:8774/v2.1/59bf494d898f4342895035be0b486849/os-networks', 'x-compute-request-id': 'req-efd0f84f-620a-4e2d-96d0-9ac34068c176', 'vary': 'X-OpenStack-Nova-API-Version', 'connection': 'close', 'x-openstack-nova-api-version': '2.1', 'date': 'Thu, 18 Feb 2016 19:20:54 GMT', 'content-type': 'application/json'}
        Body: {"networks": [{"cidr_v6": null, "dns2": null, "dns1": null, "gateway": null, "broadcast": null, "netmask": null, "gateway_v6": null, "cidr": null, "label": "public", "id": "a40bfbcd-74d7-4a85-9ab6-ee822ee2b29f", "netmask_v6": null}, {"cidr_v6": null, "dns2": null, "dns1": null, "gateway": null, "broadcast": null, "netmask": null, "gateway_v6": null, "cidr": null, "label": "tempest-network-smoke--1747256040", "id": "e02f4679-5d26-4063-8fd8-e8e2cd4d958b", "netmask_v6": null}]}
2016-02-18 19:20:54,331 27639 WARNING  [tempest.common.fixed_network] (TestGettingAddress:test_dhcp6_stateless_from_os) Network with name: private not found
2016-02-18 19:20:54,332 27639 INFO     [tempest.common.fixed_network] (TestGettingAddress:test_dhcp6_stateless_from_os) Found network {} available for tenant
2016-02-18 19:20:57,395 27639 INFO     [tempest_lib.common.rest_client] Request (TestGettingAddress:test_dhcp6_stateless_from_os): 202 POST http://10.4.1.3:8774/v2.1/59bf494d898f4342895035be0b486849/servers 3.061s
2016-02-18 19:20:57,396 27639 DEBUG    [tempest_lib.common.rest_client] Request - Headers: {'Content-Type': 'application/json', 'Accept': 'application/json', 'X-Auth-Token': '&lt;omitted&gt;'}
        Body: {"server": {"name": "tempest.common.compute-instance-196881618", "imageRef": "62a1d24f-e550-4640-a824-6f0a55e13ffc", "key_name": "tempest-TestGettingAddress-530623955", "flavorRef": "42", "networks": [{"uuid": "e02f4679-5d26-4063-8fd8-e8e2cd4d958b"}], "security_groups": [{"name": "tempest-secgroup-smoke-903110914"}]}}
    Response - Headers: {'status': '202', 'content-length': '459', 'x-compute-request-id': 'req-a026c29b-3f5e-482b-b042-32777c92acdf', 'vary': 'X-OpenStack-Nova-API-Version', 'connection': 'close', 'location': 'http://10.4.1.3:8774/v2.1/59bf494d898f4342895035be0b486849/servers/98e945fe-0235-42a8-bb10-958bca1d5000', 'x-openstack-nova-api-version': '2.1', 'date': 'Thu, 18 Feb 2016 19:20:57 GMT', 'content-type': 'application/json'}
        Body: {"server": {"security_groups": [{"name": "tempest-secgroup-smoke-903110914"}], "OS-DCF:diskConfig": "MANUAL", "id": "98e945fe-0235-42a8-bb10-958bca1d5000", "links": [{"href": "http://10.4.1.3:8774/v2.1/59bf494d898f4342895035be0b486849/servers/98e945fe-0235-42a8-bb10-958bca1d5000", "rel": "self"}, {"href": "http://10.4.1.3:8774/59bf494d898f4342895035be0b486849/servers/98e945fe-0235-42a8-bb10-958bca1d5000", "rel": "bookmark"}], "adminPass": "hcS36uUxMdun"}}
2016-02-18 19:20:57,891 27639 INFO     [tempest_lib.common.rest_client] Request (TestGettingAddress:test_dhcp6_stateless_from_os): 200 GET http://10.4.1.3:8774/v2.1/59bf494d898f4342895035be0b486849/servers/98e945fe-0235-42a8-bb10-958bca1d5000 0.490s
2016-02-18 19:20:57,891 27639 DEBUG    [tempest_lib.common.rest_client] Request - Headers: {'Content-Type': 'application/json', 'Accept': 'application/json', 'X-Auth-Token': '&lt;omitted&gt;'}
        Body: None
    Response - Headers: {'status': '200', 'content-length': '1349', 'content-location': 'http://10.4.1.3:8774/v2.1/59bf494d898f4342895035be0b486849/servers/98e945fe-0235-42a8-bb10-958bca1d5000', 'x-compute-request-id': 'req-5c8aa310-59c0-4268-bf18-166e175531ee', 'vary': 'X-OpenStack-Nova-API-Version', 'connection': 'close', 'x-openstack-nova-api-version': '2.1', 'date': 'Thu, 18 Feb 2016 19:20:57 GMT', 'content-type': 'application/json'}
        Body: {"server": {"status": "BUILD", "updated": "2016-02-18T19:20:57Z", "hostId": "", "addresses": {}, "links": [{"href": "http://10.4.1.3:8774/v2.1/59bf494d898f4342895035be0b486849/servers/98e945fe-0235-42a8-bb10-958bca1d5000", "rel": "self"}, {"href": "http://10.4.1.3:8774/59bf494d898f4342895035be0b486849/servers/98e945fe-0235-42a8-bb10-958bca1d5000", "rel": "bookmark"}], "key_name": "tempest-TestGettingAddress-530623955", "image": {"id": "62a1d24f-e550-4640-a824-6f0a55e13ffc", "links": [{"href": "http://10.4.1.3:8774/59bf494d898f4342895035be0b486849/images/62a1d24f-e550-4640-a824-6f0a55e13ffc", "rel": "bookmark"}]}, "OS-EXT-STS:task_state": "scheduling", "OS-EXT-STS:vm_state": "building", "OS-SRV-USG:launched_at": null, "flavor": {"id": "42", "links": [{"href": "http://10.4.1.3:8774/59bf494d898f4342895035be0b486849/flavors/42", "rel": "bookmark"}]}, "id": "98e945fe-0235-42a8-bb10-958bca1d5000", "OS-SRV-USG:terminated_at": null, "OS-EXT-AZ:availability_zone": "", "user_id": "9d50a9a26c6d487a8be59748965b1ded", "name": "tempest.common.compute-instance-196881618", "created": "2016-02-18T19:20:57Z", "tenant_id": "59bf494d898f4342895035be0b486849", "OS-DCF:diskConfig": "MANUAL", "os-extended-volumes:volumes_attached": [], "accessIPv4": "", "accessIPv6": "", "progress": 0, "OS-EXT-STS:power_state": 0, "config_drive": "", "metadata": {}}}
2016-02-18 19:20:59,568 27639 INFO     [tempest_lib.common.rest_client] Request (TestGettingAddress:test_dhcp6_stateless_from_os): 200 GET http://10.4.1.3:8774/v2.1/59bf494d898f4342895035be0b486849/servers/98e945fe-0235-42a8-bb10-958bca1d5000 0.663s
2016-02-18 19:20:59,569 27639 DEBUG    [tempest_lib.common.rest_client] Request - Headers: {'Content-Type': 'application/json', 'Accept': 'application/json', 'X-Auth-Token': '&lt;omitted&gt;'}
        Body: None
    Response - Headers: {'status': '200', 'content-length': '1407', 'content-location': 'http://10.4.1.3:8774/v2.1/59bf494d898f4342895035be0b486849/servers/98e945fe-0235-42a8-bb10-958bca1d5000', 'x-compute-request-id': 'req-5106bdf0-d992-40db-a22a-b8794e4e2e91', 'vary': 'X-OpenStack-Nova-API-Version', 'connection': 'close', 'x-openstack-nova-api-version': '2.1', 'date': 'Thu, 18 Feb 2016 19:20:59 GMT', 'content-type': 'application/json'}
        Body: {"server": {"status": "BUILD", "updated": "2016-02-18T19:20:58Z", "hostId": "82b407d71c16217ac5e16912fee1f7a6570e841580d5dd354114fad0", "addresses": {}, "links": [{"href": "http://10.4.1.3:8774/v2.1/59bf494d898f4342895035be0b486849/servers/98e945fe-0235-42a8-bb10-958bca1d5000", "rel": "self"}, {"href": "http://10.4.1.3:8774/59bf494d898f4342895035be0b486849/servers/98e945fe-0235-42a8-bb10-958bca1d5000", "rel": "bookmark"}], "key_name": "tempest-TestGettingAddress-530623955", "image": {"id": "62a1d24f-e550-4640-a824-6f0a55e13ffc", "links": [{"href": "http://10.4.1.3:8774/59bf494d898f4342895035be0b486849/images/62a1d24f-e550-4640-a824-6f0a55e13ffc", "rel": "bookmark"}]}, "OS-EXT-STS:task_state": "spawning", "OS-EXT-STS:vm_state": "building", "OS-SRV-USG:launched_at": null, "flavor": {"id": "42", "links": [{"href": "http://10.4.1.3:8774/59bf494d898f4342895035be0b486849/flavors/42", "rel": "bookmark"}]}, "id": "98e945fe-0235-42a8-bb10-958bca1d5000", "OS-SRV-USG:terminated_at": null, "OS-EXT-AZ:availability_zone": "nova", "user_id": "9d50a9a26c6d487a8be59748965b1ded", "name": "tempest.common.compute-instance-196881618", "created": "2016-02-18T19:20:57Z", "tenant_id": "59bf494d898f4342895035be0b486849", "OS-DCF:diskConfig": "MANUAL", "os-extended-volumes:volumes_attached": [], "accessIPv4": "", "accessIPv6": "", "progress": 0, "OS-EXT-STS:power_state": 0, "config_drive": "", "metadata": {}}}
2016-02-18 19:20:59,577 27639 INFO     [tempest.common.waiters] State transition "BUILD/scheduling" ==&gt; "BUILD/spawning" after 2 second wait
2016-02-18 19:21:01,377 27639 INFO     [tempest_lib.common.rest_client] Request (TestGettingAddress:test_dhcp6_stateless_from_os): 200 GET http://10.4.1.3:8774/v2.1/59bf494d898f4342895035be0b486849/servers/98e945fe-0235-42a8-bb10-958bca1d5000 0.798s
2016-02-18 19:21:01,378 27639 DEBUG    [tempest_lib.common.rest_client] Request - Headers: {'Content-Type': 'application/json', 'Accept': 'application/json', 'X-Auth-Token': '&lt;omitted&gt;'}
        Body: None
    Response - Headers: {'status': '200', 'content-length': '1474', 'content-location': 'http://10.4.1.3:8774/v2.1/59bf494d898f4342895035be0b486849/servers/98e945fe-0235-42a8-bb10-958bca1d5000', 'x-compute-request-id': 'req-2405f3b7-ca6d-48b2-8e1d-562a0df893e9', 'vary': 'X-OpenStack-Nova-API-Version', 'connection': 'close', 'x-openstack-nova-api-version': '2.1', 'date': 'Thu, 18 Feb 2016 19:21:01 GMT', 'content-type': 'application/json'}
        Body: {"server": {"status": "BUILD", "updated": "2016-02-18T19:20:58Z", "hostId": "82b407d71c16217ac5e16912fee1f7a6570e841580d5dd354114fad0", "addresses": {}, "links": [{"href": "http://10.4.1.3:8774/v2.1/59bf494d898f4342895035be0b486849/servers/98e945fe-0235-42a8-bb10-958bca1d5000", "rel": "self"}, {"href": "http://10.4.1.3:8774/59bf494d898f4342895035be0b486849/servers/98e945fe-0235-42a8-bb10-958bca1d5000", "rel": "bookmark"}], "key_name": "tempest-TestGettingAddress-530623955", "image": {"id": "62a1d24f-e550-4640-a824-6f0a55e13ffc", "links": [{"href": "http://10.4.1.3:8774/59bf494d898f4342895035be0b486849/images/62a1d24f-e550-4640-a824-6f0a55e13ffc", "rel": "bookmark"}]}, "OS-EXT-STS:task_state": "spawning", "OS-EXT-STS:vm_state": "building", "OS-SRV-USG:launched_at": null, "flavor": {"id": "42", "links": [{"href": "http://10.4.1.3:8774/59bf494d898f4342895035be0b486849/flavors/42", "rel": "bookmark"}]}, "id": "98e945fe-0235-42a8-bb10-958bca1d5000", "security_groups": [{"name": "tempest-secgroup-smoke-903110914"}], "OS-SRV-USG:terminated_at": null, "OS-EXT-AZ:availability_zone": "nova", "user_id": "9d50a9a26c6d487a8be59748965b1ded", "name": "tempest.common.compute-instance-196881618", "created": "2016-02-18T19:20:57Z", "tenant_id": "59bf494d898f4342895035be0b486849", "OS-DCF:diskConfig": "MANUAL", "os-extended-volumes:volumes_attached": [], "accessIPv4": "", "accessIPv6": "", "progress": 0, "OS-EXT-STS:power_state": 0, "config_drive": "", "metadata": {}}}
2016-02-18 19:21:03,170 27639 INFO     [tempest_lib.common.rest_client] Request (TestGettingAddress:test_dhcp6_stateless_from_os): 200 GET http://10.4.1.3:8774/v2.1/59bf494d898f4342895035be0b486849/servers/98e945fe-0235-42a8-bb10-958bca1d5000 0.780s
2016-02-18 19:21:03,170 27639 DEBUG    [tempest_lib.common.rest_client] Request - Headers: {'Content-Type': 'application/json', 'Accept': 'application/json', 'X-Auth-Token': '&lt;omitted&gt;'}
        Body: None
    Response - Headers: {'status': '200', 'content-length': '1474', 'content-location': 'http://10.4.1.3:8774/v2.1/59bf494d898f4342895035be0b486849/servers/98e945fe-0235-42a8-bb10-958bca1d5000', 'x-compute-request-id': 'req-7467162a-39ed-4afb-af99-a8a174ee10ee', 'vary': 'X-OpenStack-Nova-API-Version', 'connection': 'close', 'x-openstack-nova-api-version': '2.1', 'date': 'Thu, 18 Feb 2016 19:21:03 GMT', 'content-type': 'application/json'}
        Body: {"server": {"status": "BUILD", "updated": "2016-02-18T19:20:58Z", "hostId": "82b407d71c16217ac5e16912fee1f7a6570e841580d5dd354114fad0", "addresses": {}, "links": [{"href": "http://10.4.1.3:8774/v2.1/59bf494d898f4342895035be0b486849/servers/98e945fe-0235-42a8-bb10-958bca1d5000", "rel": "self"}, {"href": "http://10.4.1.3:8774/59bf494d898f4342895035be0b486849/servers/98e945fe-0235-42a8-bb10-958bca1d5000", "rel": "bookmark"}], "key_name": "tempest-TestGettingAddress-530623955", "image": {"id": "62a1d24f-e550-4640-a824-6f0a55e13ffc", "links": [{"href": "http://10.4.1.3:8774/59bf494d898f4342895035be0b486849/images/62a1d24f-e550-4640-a824-6f0a55e13ffc", "rel": "bookmark"}]}, "OS-EXT-STS:task_state": "spawning", "OS-EXT-STS:vm_state": "building", "OS-SRV-USG:launched_at": null, "flavor": {"id": "42", "links": [{"href": "http://10.4.1.3:8774/59bf494d898f4342895035be0b486849/flavors/42", "rel": "bookmark"}]}, "id": "98e945fe-0235-42a8-bb10-958bca1d5000", "security_groups": [{"name": "tempest-secgroup-smoke-903110914"}], "OS-SRV-USG:terminated_at": null, "OS-EXT-AZ:availability_zone": "nova", "user_id": "9d50a9a26c6d487a8be59748965b1ded", "name": "tempest.common.compute-instance-196881618", "created": "2016-02-18T19:20:57Z", "tenant_id": "59bf494d898f4342895035be0b486849", "OS-DCF:diskConfig": "MANUAL", "os-extended-volumes:volumes_attached": [], "accessIPv4": "", "accessIPv6": "", "progress": 0, "OS-EXT-STS:power_state": 0, "config_drive": "", "metadata": {}}}
2016-02-18 19:21:04,814 27639 INFO     [tempest_lib.common.rest_client] Request (TestGettingAddress:test_dhcp6_stateless_from_os): 200 GET http://10.4.1.3:8774/v2.1/59bf494d898f4342895035be0b486849/servers/98e945fe-0235-42a8-bb10-958bca1d5000 0.633s
2016-02-18 19:21:04,814 27639 DEBUG    [tempest_lib.common.rest_client] Request - Headers: {'Content-Type': 'application/json', 'Accept': 'application/json', 'X-Auth-Token': '&lt;omitted&gt;'}
        Body: None
    Response - Headers: {'status': '200', 'content-length': '1775', 'content-location': 'http://10.4.1.3:8774/v2.1/59bf494d898f4342895035be0b486849/servers/98e945fe-0235-42a8-bb10-958bca1d5000', 'x-compute-request-id': 'req-9c14d9b9-d143-4a3f-88c8-50c54d52260d', 'vary': 'X-OpenStack-Nova-API-Version', 'connection': 'close', 'x-openstack-nova-api-version': '2.1', 'date': 'Thu, 18 Feb 2016 19:21:04 GMT', 'content-type': 'application/json'}
        Body: {"server": {"status": "ACTIVE", "updated": "2016-02-18T19:21:03Z", "hostId": "82b407d71c16217ac5e16912fee1f7a6570e841580d5dd354114fad0", "addresses": {"tempest-network-smoke--1747256040": [{"OS-EXT-IPS-MAC:mac_addr": "fa:16:3e:46:10:2a", "version": 6, "addr": "2003::f816:3eff:fe46:102a", "OS-EXT-IPS:type": "fixed"}, {"OS-EXT-IPS-MAC:mac_addr": "fa:16:3e:46:10:2a", "version": 4, "addr": "10.100.0.3", "OS-EXT-IPS:type": "fixed"}]}, "links": [{"href": "http://10.4.1.3:8774/v2.1/59bf494d898f4342895035be0b486849/servers/98e945fe-0235-42a8-bb10-958bca1d5000", "rel": "self"}, {"href": "http://10.4.1.3:8774/59bf494d898f4342895035be0b486849/servers/98e945fe-0235-42a8-bb10-958bca1d5000", "rel": "bookmark"}], "key_name": "tempest-TestGettingAddress-530623955", "image": {"id": "62a1d24f-e550-4640-a824-6f0a55e13ffc", "links": [{"href": "http://10.4.1.3:8774/59bf494d898f4342895035be0b486849/images/62a1d24f-e550-4640-a824-6f0a55e13ffc", "rel": "bookmark"}]}, "OS-EXT-STS:task_state": null, "OS-EXT-STS:vm_state": "active", "OS-SRV-USG:launched_at": "2016-02-18T19:21:03.000000", "flavor": {"id": "42", "links": [{"href": "http://10.4.1.3:8774/59bf494d898f4342895035be0b486849/flavors/42", "rel": "bookmark"}]}, "id": "98e945fe-0235-42a8-bb10-958bca1d5000", "security_groups": [{"name": "tempest-secgroup-smoke-903110914"}], "OS-SRV-USG:terminated_at": null, "OS-EXT-AZ:availability_zone": "nova", "user_id": "9d50a9a26c6d487a8be59748965b1ded", "name": "tempest.common.compute-instance-196881618", "created": "2016-02-18T19:20:57Z", "tenant_id": "59bf494d898f4342895035be0b486849", "OS-DCF:diskConfig": "MANUAL", "os-extended-volumes:volumes_attached": [], "accessIPv4": "", "accessIPv6": "", "progress": 0, "OS-EXT-STS:power_state": 1, "config_drive": "True", "metadata": {}}}
2016-02-18 19:21:04,824 27639 INFO     [tempest.common.waiters] State transition "BUILD/spawning" ==&gt; "ACTIVE/None" after 7 second wait
2016-02-18 19:21:05,463 27639 INFO     [tempest_lib.common.rest_client] Request (TestGettingAddress:test_dhcp6_stateless_from_os): 200 GET http://10.4.1.3:8774/v2.1/59bf494d898f4342895035be0b486849/servers/98e945fe-0235-42a8-bb10-958bca1d5000 0.638s
2016-02-18 19:21:05,464 27639 DEBUG    [tempest_lib.common.rest_client] Request - Headers: {'Content-Type': 'application/json', 'Accept': 'application/json', 'X-Auth-Token': '&lt;omitted&gt;'}
        Body: None
    Response - Headers: {'status': '200', 'content-length': '1775', 'content-location': 'http://10.4.1.3:8774/v2.1/59bf494d898f4342895035be0b486849/servers/98e945fe-0235-42a8-bb10-958bca1d5000', 'x-compute-request-id': 'req-b42b38e5-cca1-4d69-93b4-b093632be9dc', 'vary': 'X-OpenStack-Nova-API-Version', 'connection': 'close', 'x-openstack-nova-api-version': '2.1', 'date': 'Thu, 18 Feb 2016 19:21:05 GMT', 'content-type': 'application/json'}
        Body: {"server": {"status": "ACTIVE", "updated": "2016-02-18T19:21:03Z", "hostId": "82b407d71c16217ac5e16912fee1f7a6570e841580d5dd354114fad0", "addresses": {"tempest-network-smoke--1747256040": [{"OS-EXT-IPS-MAC:mac_addr": "fa:16:3e:46:10:2a", "version": 6, "addr": "2003::f816:3eff:fe46:102a", "OS-EXT-IPS:type": "fixed"}, {"OS-EXT-IPS-MAC:mac_addr": "fa:16:3e:46:10:2a", "version": 4, "addr": "10.100.0.3", "OS-EXT-IPS:type": "fixed"}]}, "links": [{"href": "http://10.4.1.3:8774/v2.1/59bf494d898f4342895035be0b486849/servers/98e945fe-0235-42a8-bb10-958bca1d5000", "rel": "self"}, {"href": "http://10.4.1.3:8774/59bf494d898f4342895035be0b486849/servers/98e945fe-0235-42a8-bb10-958bca1d5000", "rel": "bookmark"}], "key_name": "tempest-TestGettingAddress-530623955", "image": {"id": "62a1d24f-e550-4640-a824-6f0a55e13ffc", "links": [{"href": "http://10.4.1.3:8774/59bf494d898f4342895035be0b486849/images/62a1d24f-e550-4640-a824-6f0a55e13ffc", "rel": "bookmark"}]}, "OS-EXT-STS:task_state": null, "OS-EXT-STS:vm_state": "active", "OS-SRV-USG:launched_at": "2016-02-18T19:21:03.000000", "flavor": {"id": "42", "links": [{"href": "http://10.4.1.3:8774/59bf494d898f4342895035be0b486849/flavors/42", "rel": "bookmark"}]}, "id": "98e945fe-0235-42a8-bb10-958bca1d5000", "security_groups": [{"name": "tempest-secgroup-smoke-903110914"}], "OS-SRV-USG:terminated_at": null, "OS-EXT-AZ:availability_zone": "nova", "user_id": "9d50a9a26c6d487a8be59748965b1ded", "name": "tempest.common.compute-instance-196881618", "created": "2016-02-18T19:20:57Z", "tenant_id": "59bf494d898f4342895035be0b486849", "OS-DCF:diskConfig": "MANUAL", "os-extended-volumes:volumes_attached": [], "accessIPv4": "", "accessIPv6": "", "progress": 0, "OS-EXT-STS:power_state": 1, "config_drive": "True", "metadata": {}}}
2016-02-18 19:21:05,721 27639 INFO     [tempest_lib.common.rest_client] Request (TestGettingAddress:test_dhcp6_stateless_from_os): 200 GET http://10.4.1.3:9696/v2.0/ports?fixed_ip=None&amp;device_id=98e945fe-0235-42a8-bb10-958bca1d5000 0.247s
2016-02-18 19:21:05,722 27639 DEBUG    [tempest_lib.common.rest_client] Request - Headers: {'Content-Type': 'application/json', 'Accept': 'application/json', 'X-Auth-Token': '&lt;omitted&gt;'}
        Body: None
    Response - Headers: {'status': '200', 'content-length': '853', 'content-location': 'http://10.4.1.3:9696/v2.0/ports?fixed_ip=None&amp;device_id=98e945fe-0235-42a8-bb10-958bca1d5000', 'connection': 'close', 'date': 'Thu, 18 Feb 2016 19:21:05 GMT', 'content-type': 'application/json; charset=UTF-8', 'x-openstack-request-id': 'req-ecfbd0a2-ed66-4f30-94e6-edd16b8f1655'}
        Body: {"ports": [{"status": "ACTIVE", "binding:host_id": "vagrant-ubuntu-trusty-64", "name": "", "allowed_address_pairs": [], "admin_state_up": true, "network_id": "e02f4679-5d26-4063-8fd8-e8e2cd4d958b", "tenant_id": "59bf494d898f4342895035be0b486849", "extra_dhcp_opts": [], "mac_address": "fa:16:3e:46:10:2a", "binding:vif_details": {"port_filter": true}, "binding:vif_type": "ovs", "device_owner": "compute:None", "binding:profile": {}, "port_security_enabled": true, "binding:vnic_type": "normal", "fixed_ips": [{"subnet_id": "5b2a7d35-4ff8-4ab8-bf0e-71028bd6f336", "ip_address": "10.100.0.3"}, {"subnet_id": "c7864af5-f371-48d1-b022-f5f6e8589b7e", "ip_address": "2003::f816:3eff:fe46:102a"}], "id": "6468ac92-796b-4b78-b51e-c323f8c5b761", "security_groups": ["e754f306-d147-4d0f-98ca-3b7b8cf15d3a"], "device_id": "98e945fe-0235-42a8-bb10-958bca1d5000"}]}
2016-02-18 19:21:06,521 27639 INFO     [tempest_lib.common.rest_client] Request (TestGettingAddress:test_dhcp6_stateless_from_os): 201 POST http://10.4.1.3:9696/v2.0/floatingips 0.798s
2016-02-18 19:21:06,521 27639 DEBUG    [tempest_lib.common.rest_client] Request - Headers: {'Content-Type': 'application/json', 'Accept': 'application/json', 'X-Auth-Token': '&lt;omitted&gt;'}
        Body: {"floatingip": {"floating_network_id": "a40bfbcd-74d7-4a85-9ab6-ee822ee2b29f", "tenant_id": "59bf494d898f4342895035be0b486849", "fixed_ip_address": "10.100.0.3", "port_id": "6468ac92-796b-4b78-b51e-c323f8c5b761"}}
    Response - Headers: {'status': '201', 'content-length': '369', 'connection': 'close', 'date': 'Thu, 18 Feb 2016 19:21:06 GMT', 'content-type': 'application/json; charset=UTF-8', 'x-openstack-request-id': 'req-bceef1fa-05b1-427c-81a5-f02374b38b4d'}
        Body: {"floatingip": {"floating_network_id": "a40bfbcd-74d7-4a85-9ab6-ee822ee2b29f", "router_id": "98f9fee9-a719-4c36-a2c3-ec10b6a43636", "fixed_ip_address": "10.100.0.3", "floating_ip_address": "172.24.4.4", "tenant_id": "59bf494d898f4342895035be0b486849", "status": "ACTIVE", "port_id": "6468ac92-796b-4b78-b51e-c323f8c5b761", "id": "1cc63d17-721f-42d3-99d5-3c17259cf1f0"}}
2016-02-18 19:21:06,522 27639 INFO     [tempest_lib.common.ssh] Creating ssh connection to '172.24.4.4' as 'cirros' with public key authentication
2016-02-18 19:22:06,585 27639 WARNING  [tempest_lib.common.ssh] Failed to establish authenticated ssh connection to cirros@172.24.4.4 (timed out). Number attempts: 1. Retry after 2 seconds.
2016-02-18 19:23:09,141 27639 WARNING  [tempest_lib.common.ssh] Failed to establish authenticated ssh connection to cirros@172.24.4.4 (timed out). Number attempts: 2. Retry after 3 seconds.
2016-02-18 19:24:12,705 27639 WARNING  [tempest_lib.common.ssh] Failed to establish authenticated ssh connection to cirros@172.24.4.4 (timed out). Number attempts: 3. Retry after 4 seconds.
2016-02-18 19:25:17,267 27639 ERROR    [tempest_lib.common.ssh] Failed to establish authenticated ssh connection to cirros@172.24.4.4 after 3 attempts
2016-02-18 19:25:17.267 27639 ERROR tempest_lib.common.ssh Traceback (most recent call last):
2016-02-18 19:25:17.267 27639 ERROR tempest_lib.common.ssh   File "/usr/local/lib/python2.7/dist-packages/tempest_lib/common/ssh.py", line 75, in _get_ssh_connection
2016-02-18 19:25:17.267 27639 ERROR tempest_lib.common.ssh     timeout=self.channel_timeout, pkey=self.pkey)
2016-02-18 19:25:17.267 27639 ERROR tempest_lib.common.ssh   File "/usr/local/lib/python2.7/dist-packages/paramiko/client.py", line 292, in connect
2016-02-18 19:25:17.267 27639 ERROR tempest_lib.common.ssh     retry_on_signal(lambda: sock.connect(addr))
2016-02-18 19:25:17.267 27639 ERROR tempest_lib.common.ssh   File "/usr/local/lib/python2.7/dist-packages/paramiko/util.py", line 270, in retry_on_signal
2016-02-18 19:25:17.267 27639 ERROR tempest_lib.common.ssh     return function()
2016-02-18 19:25:17.267 27639 ERROR tempest_lib.common.ssh   File "/usr/local/lib/python2.7/dist-packages/paramiko/client.py", line 292, in &lt;lambda&gt;
2016-02-18 19:25:17.267 27639 ERROR tempest_lib.common.ssh     retry_on_signal(lambda: sock.connect(addr))
2016-02-18 19:25:17.267 27639 ERROR tempest_lib.common.ssh   File "/usr/lib/python2.7/socket.py", line 224, in meth
2016-02-18 19:25:17.267 27639 ERROR tempest_lib.common.ssh     return getattr(self._sock,name)(*args)
2016-02-18 19:25:17.267 27639 ERROR tempest_lib.common.ssh timeout: timed out
2016-02-18 19:25:17.267 27639 ERROR tempest_lib.common.ssh 
2016-02-18 19:25:17,271 27639 ERROR    [tempest.scenario.manager] (TestGettingAddress:test_dhcp6_stateless_from_os) Initializing SSH connection to 172.24.4.4 failed. Error: Connection to the 172.24.4.4 via SSH timed out.
User: cirros, Password: None
2016-02-18 19:25:17.271 27639 ERROR tempest.scenario.manager Traceback (most recent call last):
2016-02-18 19:25:17.271 27639 ERROR tempest.scenario.manager   File "tempest/scenario/manager.py", line 377, in get_remote_client
2016-02-18 19:25:17.271 27639 ERROR tempest.scenario.manager     linux_client.validate_authentication()
2016-02-18 19:25:17.271 27639 ERROR tempest.scenario.manager   File "tempest/common/utils/linux/remote_client.py", line 51, in validate_authentication
2016-02-18 19:25:17.271 27639 ERROR tempest.scenario.manager     self.ssh_client.test_connection_auth()
2016-02-18 19:25:17.271 27639 ERROR tempest.scenario.manager   File "/usr/local/lib/python2.7/dist-packages/tempest_lib/common/ssh.py", line 173, in test_connection_auth
2016-02-18 19:25:17.271 27639 ERROR tempest.scenario.manager     connection = self._get_ssh_connection()
2016-02-18 19:25:17.271 27639 ERROR tempest.scenario.manager   File "/usr/local/lib/python2.7/dist-packages/tempest_lib/common/ssh.py", line 88, in _get_ssh_connection
2016-02-18 19:25:17.271 27639 ERROR tempest.scenario.manager     password=self.password)
2016-02-18 19:25:17.271 27639 ERROR tempest.scenario.manager SSHTimeout: Connection to the 172.24.4.4 via SSH timed out.
2016-02-18 19:25:17.271 27639 ERROR tempest.scenario.manager User: cirros, Password: None
2016-02-18 19:25:17.271 27639 ERROR tempest.scenario.manager 
2016-02-18 19:25:17,533 27639 INFO     [tempest_lib.common.rest_client] Request (TestGettingAddress:test_dhcp6_stateless_from_os): 200 GET http://10.4.1.3:8774/v2.1/59bf494d898f4342895035be0b486849/servers 0.260s
2016-02-18 19:25:17,534 27639 DEBUG    [tempest_lib.common.rest_client] Request - Headers: {'Content-Type': 'application/json', 'Accept': 'application/json', 'X-Auth-Token': '&lt;omitted&gt;'}
        Body: None
    Response - Headers: {'status': '200', 'content-length': '388', 'content-location': 'http://10.4.1.3:8774/v2.1/59bf494d898f4342895035be0b486849/servers', 'x-compute-request-id': 'req-0af8c83b-2487-42cf-ba3f-e82bf5048374', 'vary': 'X-OpenStack-Nova-API-Version', 'connection': 'close', 'x-openstack-nova-api-version': '2.1', 'date': 'Thu, 18 Feb 2016 19:25:17 GMT', 'content-type': 'application/json'}
        Body: {"servers": [{"id": "98e945fe-0235-42a8-bb10-958bca1d5000", "links": [{"href": "http://10.4.1.3:8774/v2.1/59bf494d898f4342895035be0b486849/servers/98e945fe-0235-42a8-bb10-958bca1d5000", "rel": "self"}, {"href": "http://10.4.1.3:8774/59bf494d898f4342895035be0b486849/servers/98e945fe-0235-42a8-bb10-958bca1d5000", "rel": "bookmark"}], "name": "tempest.common.compute-instance-196881618"}]}
2016-02-18 19:25:17,948 27639 INFO     [tempest_lib.common.rest_client] Request (TestGettingAddress:test_dhcp6_stateless_from_os): 200 POST http://10.4.1.3:8774/v2.1/59bf494d898f4342895035be0b486849/servers/98e945fe-0235-42a8-bb10-958bca1d5000/action 0.410s
2016-02-18 19:25:17,948 27639 DEBUG    [tempest_lib.common.rest_client] Request - Headers: {'Content-Type': 'application/json', 'Accept': 'application/json', 'X-Auth-Token': '&lt;omitted&gt;'}
        Body: {"os-getConsoleOutput": {}}
    Response - Headers: {'status': '200', 'content-length': '24624', 'x-compute-request-id': 'req-d6ca400a-50f3-420b-90e5-80c57911da7a', 'vary': 'X-OpenStack-Nova-API-Version', 'connection': 'close', 'x-openstack-nova-api-version': '2.1', 'date': 'Thu, 18 Feb 2016 19:25:17 GMT', 'content-type': 'application/json'}
        Body: {"output": "[    0.000000] Initializing cgroup subsys cpuset\n[    0.000000] Initializing cgroup subsys cpu\n[    0.000000] Linux version 3.2.0-80-virtual (buildd@batsu) (gcc version 4.6.3 (Ubuntu/Linaro 4.6.3-1ubuntu5) ) #116-Ubuntu SMP Mon Mar 23 17:28:52 UTC 2015 (Ubuntu 3.2.0-80.116-virtual 3.2.68)\n[    0.000000] Command line: root=/dev/vda console=tty0 console=ttyS0 no_timer_check\n[    0.000000] KERNEL supported cpus:\n[    0.000000]   Intel GenuineIntel\n[    0.000000]   AMD AuthenticAMD\n[    0.000000]   Centaur CentaurHauls\n[    0.000000] BIOS-provided physical RAM map:\n[    0.000000]  BIOS-e820: 0000000000000000 - 000000000009fc00 (usable)\n[    0.000000]  BIOS-e820: 000000000009fc00 - 00000000000a0000 (reserved)\n[    0.000000]  BIOS-e820: 00000000000f0000 - 0000000000100000 (reserved)\n[    0.000000]  BIOS-e820: 0000000000100000 - 0000000003ffe000 (usable)\n[    0.000000]  BIOS-e820: 0000000003ffe000 - 0000000004000000 (reserved)\n[    0.000000]  BIOS-e820: 00000000fffc0000 - 0000000100000000 (reserved)\n[    0.000000] NX (Execute Disable) protection: active\n[    0.000000] SMBIOS 2.4 present.\n[    0.000000] No AGP bridge found\n[    0.000000] last_pfn = 0x3ffe max_arch_pfn = 0x400000000\n[    0.000000] x86 PAT enabled: cpu 0, old 0x7040600070406, new 0x7010600070106\n[    0.000000] found SMP MP-table at [ffff8800000f0b00] f0b00\n[    0.000000] init_memory_mapping: 0000000000000000-0000000003ffe000\n[    0.000000] RAMDISK: 03c5e000 - 03ff0000\n[    0.000000] ACPI: RSDP 00000000000f0950 00014 (v00 BOCHS )\n[    0.000000] ACPI: RSDT 0000000003fffbc1 00034 (v01 BOCHS  BXPCRSDT 00000001 BXPC 00000001)\n[    0.000000] ACPI: FACP 0000000003fff1c0 00074 (v01 BOCHS  BXPCFACP 00000001 BXPC 00000001)\n[    0.000000] ACPI: DSDT 0000000003ffe040 01180 (v01 BOCHS  BXPCDSDT 00000001 BXPC 00000001)\n[    0.000000] ACPI: FACS 0000000003ffe000 00040\n[    0.000000] ACPI: SSDT 0000000003fff234 008DD (v01 BOCHS  BXPCSSDT 00000001 BXPC 00000001)\n[    0.000000] ACPI: APIC 0000000003fffb11 00078 (v01 BOCHS  BXPCAPIC 00000001 BXPC 00000001)\n[    0.000000] ACPI: HPET 0000000003fffb89 00038 (v01 BOCHS  BXPCHPET 00000001 BXPC 00000001)\n[    0.000000] No NUMA configuration found\n[    0.000000] Faking a node at 0000000000000000-0000000003ffe000\n[    0.000000] Initmem setup node 0 0000000000000000-0000000003ffe000\n[    0.000000]   NODE_DATA [0000000003ff6000 - 0000000003ffafff]\n[    0.000000] Zone PFN ranges:\n[    0.000000]   DMA      0x00000010 -&gt; 0x00001000\n[    0.000000]   DMA32    0x00001000 -&gt; 0x00100000\n[    0.000000]   Normal   empty\n[    0.000000] Movable zone start PFN for each node\n[    0.000000] early_node_map[2] active PFN ranges\n[    0.000000]     0: 0x00000010 -&gt; 0x0000009f\n[    0.000000]     0: 0x00000100 -&gt; 0x00003ffe\n[    0.000000] ACPI: PM-Timer IO Port: 0xb008\n[    0.000000] ACPI: LAPIC (acpi_id[0x00] lapic_id[0x00] enabled)\n[    0.000000] ACPI: LAPIC_NMI (acpi_id[0xff] dfl dfl lint[0x1])\n[    0.000000] ACPI: IOAPIC (id[0x00] address[0xfec00000] gsi_base[0])\n[    0.000000] IOAPIC[0]: apic_id 0, version 17, address 0xfec00000, GSI 0-23\n[    0.000000] ACPI: INT_SRC_OVR (bus 0 bus_irq 0 global_irq 2 dfl dfl)\n[    0.000000] ACPI: INT_SRC_OVR (bus 0 bus_irq 5 global_irq 5 high level)\n[    0.000000] ACPI: INT_SRC_OVR (bus 0 bus_irq 9 global_irq 9 high level)\n[    0.000000] ACPI: INT_SRC_OVR (bus 0 bus_irq 10 global_irq 10 high level)\n[    0.000000] ACPI: INT_SRC_OVR (bus 0 bus_irq 11 global_irq 11 high level)\n[    0.000000] Using ACPI (MADT) for SMP configuration information\n[    0.000000] ACPI: HPET id: 0x8086a201 base: 0xfed00000\n[    0.000000] SMP: Allowing 1 CPUs, 0 hotplug CPUs\n[    0.000000] PM: Registered nosave memory: 000000000009f000 - 00000000000a0000\n[    0.000000] PM: Registered nosave memory: 00000000000a0000 - 00000000000f0000\n[    0.000000] PM: Registered nosave memory: 00000000000f0000 - 0000000000100000\n[    0.000000] Allocating PCI resources starting at 4000000 (gap: 4000000:fbfc0000)\n[    0.000000] Booting paravirtualized kernel on bare hardware\n[    0.000000] setup_pe
2016-02-18 19:25:17,950 27639 DEBUG    [tempest.scenario.manager] Console output for 98e945fe-0235-42a8-bb10-958bca1d5000
body=
[    0.000000] Initializing cgroup subsys cpuset
[    0.000000] Initializing cgroup subsys cpu
[    0.000000] Linux version 3.2.0-80-virtual (buildd@batsu) (gcc version 4.6.3 (Ubuntu/Linaro 4.6.3-1ubuntu5) ) #116-Ubuntu SMP Mon Mar 23 17:28:52 UTC 2015 (Ubuntu 3.2.0-80.116-virtual 3.2.68)
[    0.000000] Command line: root=/dev/vda console=tty0 console=ttyS0 no_timer_check
[    0.000000] KERNEL supported cpus:
[    0.000000]   Intel GenuineIntel
[    0.000000]   AMD AuthenticAMD
[    0.000000]   Centaur CentaurHauls
[    0.000000] BIOS-provided physical RAM map:
[    0.000000]  BIOS-e820: 0000000000000000 - 000000000009fc00 (usable)
[    0.000000]  BIOS-e820: 000000000009fc00 - 00000000000a0000 (reserved)
[    0.000000]  BIOS-e820: 00000000000f0000 - 0000000000100000 (reserved)
[    0.000000]  BIOS-e820: 0000000000100000 - 0000000003ffe000 (usable)
[    0.000000]  BIOS-e820: 0000000003ffe000 - 0000000004000000 (reserved)
[    0.000000]  BIOS-e820: 00000000fffc0000 - 0000000100000000 (reserved)
[    0.000000] NX (Execute Disable) protection: active
[    0.000000] SMBIOS 2.4 present.
[    0.000000] No AGP bridge found
[    0.000000] last_pfn = 0x3ffe max_arch_pfn = 0x400000000
[    0.000000] x86 PAT enabled: cpu 0, old 0x7040600070406, new 0x7010600070106
[    0.000000] found SMP MP-table at [ffff8800000f0b00] f0b00
[    0.000000] init_memory_mapping: 0000000000000000-0000000003ffe000
[    0.000000] RAMDISK: 03c5e000 - 03ff0000
[    0.000000] ACPI: RSDP 00000000000f0950 00014 (v00 BOCHS )
[    0.000000] ACPI: RSDT 0000000003fffbc1 00034 (v01 BOCHS  BXPCRSDT 00000001 BXPC 00000001)
[    0.000000] ACPI: FACP 0000000003fff1c0 00074 (v01 BOCHS  BXPCFACP 00000001 BXPC 00000001)
[    0.000000] ACPI: DSDT 0000000003ffe040 01180 (v01 BOCHS  BXPCDSDT 00000001 BXPC 00000001)
[    0.000000] ACPI: FACS 0000000003ffe000 00040
[    0.000000] ACPI: SSDT 0000000003fff234 008DD (v01 BOCHS  BXPCSSDT 00000001 BXPC 00000001)
[    0.000000] ACPI: APIC 0000000003fffb11 00078 (v01 BOCHS  BXPCAPIC 00000001 BXPC 00000001)
[    0.000000] ACPI: HPET 0000000003fffb89 00038 (v01 BOCHS  BXPCHPET 00000001 BXPC 00000001)
[    0.000000] No NUMA configuration found
[    0.000000] Faking a node at 0000000000000000-0000000003ffe000
[    0.000000] Initmem setup node 0 0000000000000000-0000000003ffe000
[    0.000000]   NODE_DATA [0000000003ff6000 - 0000000003ffafff]
[    0.000000] Zone PFN ranges:
[    0.000000]   DMA      0x00000010 -&gt; 0x00001000
[    0.000000]   DMA32    0x00001000 -&gt; 0x00100000
[    0.000000]   Normal   empty
[    0.000000] Movable zone start PFN for each node
[    0.000000] early_node_map[2] active PFN ranges
[    0.000000]     0: 0x00000010 -&gt; 0x0000009f
[    0.000000]     0: 0x00000100 -&gt; 0x00003ffe
[    0.000000] ACPI: PM-Timer IO Port: 0xb008
[    0.000000] ACPI: LAPIC (acpi_id[0x00] lapic_id[0x00] enabled)
[    0.000000] ACPI: LAPIC_NMI (acpi_id[0xff] dfl dfl lint[0x1])
[    0.000000] ACPI: IOAPIC (id[0x00] address[0xfec00000] gsi_base[0])
[    0.000000] IOAPIC[0]: apic_id 0, version 17, address 0xfec00000, GSI 0-23
[    0.000000] ACPI: INT_SRC_OVR (bus 0 bus_irq 0 global_irq 2 dfl dfl)
[    0.000000] ACPI: INT_SRC_OVR (bus 0 bus_irq 5 global_irq 5 high level)
[    0.000000] ACPI: INT_SRC_OVR (bus 0 bus_irq 9 global_irq 9 high level)
[    0.000000] ACPI: INT_SRC_OVR (bus 0 bus_irq 10 global_irq 10 high level)
[    0.000000] ACPI: INT_SRC_OVR (bus 0 bus_irq 11 global_irq 11 high level)
[    0.000000] Using ACPI (MADT) for SMP configuration information
[    0.000000] ACPI: HPET id: 0x8086a201 base: 0xfed00000
[    0.000000] SMP: Allowing 1 CPUs, 0 hotplug CPUs
[    0.000000] PM: Registered nosave memory: 000000000009f000 - 00000000000a0000
[    0.000000] PM: Registered nosave memory: 00000000000a0000 - 00000000000f0000
[    0.000000] PM: Registered nosave memory: 00000000000f0000 - 0000000000100000
[    0.000000] Allocating PCI resources starting at 4000000 (gap: 4000000:fbfc0000)
[    0.000000] Booting paravirtualized kernel on bare hardware
[    0.000000] setup_percpu: NR_CPUS:64 nr_cpumask_bits:64 nr_cpu_ids:1 nr_node_ids:1
[    0.000000] PERCPU: Embedded 27 pages/cpu @ffff880003a00000 s78848 r8192 d23552 u2097152
[    0.000000] Built 1 zonelists in Node order, mobility grouping on.  Total pages: 16008
[    0.000000] Policy zone: DMA32
[    0.000000] Kernel command line: root=/dev/vda console=tty0 console=ttyS0 no_timer_check
[    0.000000] PID hash table entries: 256 (order: -1, 2048 bytes)
[    0.000000] Checking aperture...
[    0.000000] No AGP bridge found
[    0.000000] Memory: 43492k/65528k available (6576k kernel code, 452k absent, 21584k reserved, 6620k data, 928k init)
[    0.000000] SLUB: Genslabs=15, HWalign=64, Order=0-3, MinObjects=0, CPUs=1, Nodes=1
[    0.000000] Hierarchical RCU implementation.
[    0.000000] 	RCU dyntick-idle grace-period acceleration is enabled.
[    0.000000] NR_IRQS:4352 nr_irqs:256 16
[    0.000000] Console: colour VGA+ 80x25
[    0.000000] console [tty0] enabled
[    0.000000] console [ttyS0] enabled
[    0.000000] allocated 1048576 bytes of page_cgroup
[    0.000000] please try 'cgroup_disable=memory' option if you don't want memory cgroups
[    0.000000] Fast TSC calibration failed
[    0.000000] TSC: Unable to calibrate against PIT
[    0.000000] TSC: using HPET reference calibration
[    0.000000] Detected 2293.343 MHz processor.
[    0.032678] Calibrating delay loop (skipped), value calculated using timer frequency.. 4586.68 BogoMIPS (lpj=9173372)
[    0.036224] pid_max: default: 32768 minimum: 301
[    0.045273] Security Framework initialized
[    0.048852] AppArmor: AppArmor initialized
[    0.049546] Yama: becoming mindful.
[    0.057788] Dentry cache hash table entries: 8192 (order: 4, 65536 bytes)
[    0.060321] Inode-cache hash table entries: 4096 (order: 3, 32768 bytes)
[    0.061806] Mount-cache hash table entries: 256
[    0.076470] Initializing cgroup subsys cpuacct
[    0.077391] Initializing cgroup subsys memory
[    0.078607] Initializing cgroup subsys devices
[    0.080133] Initializing cgroup subsys freezer
[    0.080762] Initializing cgroup subsys blkio
[    0.081423] Initializing cgroup subsys perf_event
[    0.085186] mce: CPU supports 10 MCE banks
[    0.088904] SMP alternatives: switching to UP code
[    0.478131] Freeing SMP alternatives: 24k freed
[    0.480895] ACPI: Core revision 20110623
[    0.527059] ftrace: allocating 26610 entries in 105 pages
[    0.560034] ..TIMER: vector=0x30 apic1=0 pin1=2 apic2=-1 pin2=-1
[    0.560034] CPU0: AMD QEMU Virtual CPU version 2.0.0 stepping 03
[    0.564034] Performance Events: Broken PMU hardware detected, using software events only.
[    0.573248] NMI watchdog disabled (cpu0): hardware events not enabled
[    0.576672] Brought up 1 CPUs
[    0.577340] Total of 1 processors activated (4586.68 BogoMIPS).
[    0.606806] devtmpfs: initialized
[    0.640839] EVM: security.selinux
[    0.641347] EVM: security.SMACK64
[    0.641865] EVM: security.capability
[    0.662584] print_constraints: dummy: 
[    0.665616] RTC time: 19:21:07, date: 02/18/16
[    0.670156] NET: Registered protocol family 16
[    0.680889] ACPI: bus type pci registered
[    0.684769] PCI: Using configuration type 1 for base access
[    0.725307] bio: create slab &lt;bio-0&gt; at 0
[    0.732285] ACPI: Added _OSI(Module Device)
[    0.732905] ACPI: Added _OSI(Processor Device)
[    0.733462] ACPI: Added _OSI(3.0 _SCP Extensions)
[    0.734046] ACPI: Added _OSI(Processor Aggregator Device)
[    0.813705] ACPI: Interpreter enabled
[    0.814452] ACPI: (supports S0 S3 S4 S5)
[    0.816759] ACPI: Using IOAPIC for interrupt routing
[    0.893918] ACPI: No dock devices found.
[    0.894735] HEST: Table not found.
[    0.896177] PCI: Using host bridge windows from ACPI; if necessary, use "pci=nocrs" and report a bug
[    0.902298] ACPI: PCI Root Bridge [PCI0] (domain 0000 [bus 00-ff])
[    0.908872] pci_root PNP0A03:00: host bridge window [io  0x0000-0x0cf7]
[    0.909687] pci_root PNP0A03:00: host bridge window [io  0x0d00-0xadff]
[    0.910798] pci_root PNP0A03:00: host bridge window [io  0xae0f-0xaeff]
[    0.912108] pci_root PNP0A03:00: host bridge window [io  0xaf20-0xafdf]
[    0.913143] pci_root PNP0A03:00: host bridge window [io  0xafe4-0xffff]
[    0.913987] pci_root PNP0A03:00: host bridge window [mem 0x000a0000-0x000bffff]
[    0.914894] pci_root PNP0A03:00: host bridge window [mem 0x04000000-0xfebfffff]
[    0.944835] pci 0000:00:01.3: quirk: [io  0xb000-0xb03f] claimed by PIIX4 ACPI
[    0.945960] pci 0000:00:01.3: quirk: [io  0xb100-0xb10f] claimed by PIIX4 SMB
[    1.016994]  pci0000:00: Unable to request _OSC control (_OSC support mask: 0x1e)
[    1.072801] ACPI: PCI Interrupt Link [LNKA] (IRQs 5 *10 11)
[    1.074883] ACPI: PCI Interrupt Link [LNKB] (IRQs 5 *10 11)
[    1.077146] ACPI: PCI Interrupt Link [LNKC] (IRQs 5 10 *11)
[    1.079035] ACPI: PCI Interrupt Link [LNKD] (IRQs 5 10 *11)
[    1.080561] ACPI: PCI Interrupt Link [LNKS] (IRQs *9)
[    1.087523] vgaarb: device added: PCI:0000:00:02.0,decodes=io+mem,owns=io+mem,locks=none
[    1.088187] vgaarb: loaded
[    1.088652] vgaarb: bridge control possible 0000:00:02.0
[    1.093705] i2c-core: driver [aat2870] using legacy suspend method
[    1.094418] i2c-core: driver [aat2870] using legacy resume method
[    1.097080] SCSI subsystem initialized
[    1.101011] usbcore: registered new interface driver usbfs
[    1.102177] usbcore: registered new interface driver hub
[    1.103249] usbcore: registered new device driver usb
[    1.106763] PCI: Using ACPI for IRQ routing
[    1.117773] NetLabel: Initializing
[    1.118191] NetLabel:  domain hash size = 128
[    1.118789] NetLabel:  protocols = UNLABELED CIPSOv4
[    1.121112] NetLabel:  unlabeled traffic allowed by default
[    1.123139] HPET: 3 timers in total, 0 timers will be used for per-cpu timer
[    1.124436] hpet0: at MMIO 0xfed00000, IRQs 2, 8, 0
[    1.125638] hpet0: 3 comparators, 64-bit 100.000000 MHz counter
[    1.140352] Switching to clocksource hpet
[    1.363101] AppArmor: AppArmor Filesystem Enabled
[    1.365557] pnp: PnP ACPI init
[    1.366588] ACPI: bus type pnp registered
[    1.391101] pnp: PnP ACPI: found 9 devices
[    1.391645] ACPI: ACPI bus type pnp unregistered
[    1.453300] NET: Registered protocol family 2
[    1.491220] IP route cache hash table entries: 512 (order: 0, 4096 bytes)
[    1.498637] TCP established hash table entries: 2048 (order: 3, 32768 bytes)
[    1.500170] TCP bind hash table entries: 2048 (order: 3, 32768 bytes)
[    1.501774] TCP: Hash tables configured (established 2048 bind 2048)
[    1.502563] TCP reno registered
[    1.503230] UDP hash table entries: 128 (order: 0, 4096 bytes)
[    1.504097] UDP-Lite hash table entries: 128 (order: 0, 4096 bytes)
[    1.507364] NET: Registered protocol family 1
[    1.508532] pci 0000:00:00.0: Limiting direct PCI/PCI transfers
[    1.509684] pci 0000:00:01.0: PIIX3: Enabling Passive Release
[    1.510803] pci 0000:00:01.0: Activating ISA DMA hang workarounds
[    1.516117] ACPI: PCI Interrupt Link [LNKD] enabled at IRQ 11
[    1.518145] pci 0000:00:01.2: PCI INT D -&gt; Link[LNKD] -&gt; GSI 11 (level, high) -&gt; IRQ 11
[    1.521424] pci 0000:00:01.2: PCI INT D disabled
[    1.541617] Trying to unpack rootfs image as initramfs...
[    1.559842] audit: initializing netlink socket (disabled)
[    1.562390] type=2000 audit(1455823267.560:1): initialized
[    1.863606] HugeTLB registered 2 MB page size, pre-allocated 0 pages
[    1.955348] VFS: Disk quotas dquot_6.5.2
[    1.957471] Dquot-cache hash table entries: 512 (order 0, 4096 bytes)
[    1.971785] fuse init (API version 7.17)
[    1.975258] msgmni has been set to 84
[    2.014255] Block layer SCSI generic (bsg) driver version 0.4 loaded (major 253)
[    2.015766] io scheduler noop registered
[    2.016297] io scheduler deadline registered (default)
[    2.018582] io scheduler cfq registered
[    2.022289] pci_hotplug: PCI Hot Plug PCI Core version: 0.5
[    2.025360] pciehp: PCI Express Hot Plug Controller Driver version: 0.4
[    2.031335] input: Power Button as /devices/LNXSYSTM:00/LNXPWRBN:00/input/input0
[    2.033737] ACPI: Power Button [PWRF]
[    2.093612] ERST: Table is not found!
[    2.094317] GHES: HEST is not enabled!
[    2.101627] ACPI: PCI Interrupt Link [LNKC] enabled at IRQ 10
[    2.102331] virtio-pci 0000:00:03.0: PCI INT A -&gt; Link[LNKC] -&gt; GSI 10 (level, high) -&gt; IRQ 10
[    2.107149] virtio-pci 0000:00:04.0: PCI INT A -&gt; Link[LNKD] -&gt; GSI 11 (level, high) -&gt; IRQ 11
[    2.126280] ACPI: PCI Interrupt Link [LNKA] enabled at IRQ 10
[    2.127168] virtio-pci 0000:00:05.0: PCI INT A -&gt; Link[LNKA] -&gt; GSI 10 (level, high) -&gt; IRQ 10
[    2.137651] Serial: 8250/16550 driver, 32 ports, IRQ sharing enabled
[    2.177525] serial8250: ttyS0 at I/O 0x3f8 (irq = 4) is a 16550A
[    2.272171] serial8250: ttyS1 at I/O 0x2f8 (irq = 3) is a 16550A
[    2.419720] 00:05: ttyS0 at I/O 0x3f8 (irq = 4) is a 16550A
[    2.508216] 00:06: ttyS1 at I/O 0x2f8 (irq = 3) is a 16550A
[    2.525276] Refined TSC clocksource calibration: 2293.344 MHz.
[    2.526024] Switching to clocksource tsc
[    2.564664] Linux agpgart interface v0.103
[    2.647614] brd: module loaded
[    2.687180] loop: module loaded
[    2.750421]  vda: unknown partition table
[    2.793427] scsi0 : ata_piix
[    2.801437] scsi1 : ata_piix
[    2.802663] ata1: PATA max MWDMA2 cmd 0x1f0 ctl 0x3f6 bmdma 0xc0a0 irq 14
[    2.803542] ata2: PATA max MWDMA2 cmd 0x170 ctl 0x376 bmdma 0xc0a8 irq 15
[    2.813331] Fixed MDIO Bus: probed
[    2.814301] tun: Universal TUN/TAP device driver, 1.6
[    2.814978] tun: (C) 1999-2004 Max Krasnyansky &lt;maxk@qualcomm.com&gt;
[    2.828121] PPP generic driver version 2.4.2
[    2.851906] ehci_hcd: USB 2.0 'Enhanced' Host Controller (EHCI) Driver
[    2.854042] ohci_hcd: USB 1.1 'Open' Host Controller (OHCI) Driver
[    2.855144] uhci_hcd: USB Universal Host Controller Interface driver
[    2.855869] uhci_hcd 0000:00:01.2: PCI INT D -&gt; Link[LNKD] -&gt; GSI 11 (level, high) -&gt; IRQ 11
[    2.859125] uhci_hcd 0000:00:01.2: UHCI Host Controller
[    2.869582] uhci_hcd 0000:00:01.2: new USB bus registered, assigned bus number 1
[    2.871372] uhci_hcd 0000:00:01.2: irq 11, io base 0x0000c040
[    2.903009] hub 1-0:1.0: USB hub found
[    2.904713] hub 1-0:1.0: 2 ports detected
[    2.911713] usbcore: registered new interface driver libusual
[    2.915196] i8042: PNP: PS/2 Controller [PNP0303:KBD,PNP0f13:MOU] at 0x60,0x64 irq 1,12
[    2.923375] serio: i8042 KBD port at 0x60,0x64 irq 1
[    2.925938] serio: i8042 AUX port at 0x60,0x64 irq 12
[    2.959239] mousedev: PS/2 mouse device common for all mice
[    2.984198] input: AT Translated Set 2 keyboard as /devices/platform/i8042/serio0/input/input1
[    2.991662] rtc_cmos 00:01: RTC can wake from S4
[    2.997303] rtc_cmos 00:01: rtc core: registered rtc_cmos as rtc0
[    3.002796] rtc0: alarms up to one day, 114 bytes nvram, hpet irqs
[    3.007383] device-mapper: uevent: version 1.0.3
[    3.027536] device-mapper: ioctl: 4.22.0-ioctl (2011-10-19) initialised: dm-devel@redhat.com
[    3.030556] cpuidle: using governor ladder
[    3.031895] cpuidle: using governor menu
[    3.032876] EFI Variables Facility v0.08 2004-May-17
[    3.052189] TCP cubic registered
[    3.059269] NET: Registered protocol family 10
[    3.087758] NET: Registered protocol family 17
[    3.088909] Registering the dns_resolver key type
[    3.111158] ata2.01: ATAPI: QEMU DVD-ROM, 2.0.0, max UDMA/100
[    3.132954] ata2.01: configured for MWDMA2
[    3.161331] scsi 1:0:1:0: CD-ROM            QEMU     QEMU DVD-ROM     2.0. PQ: 0 ANSI: 5
[    3.188799] sr0: scsi3-mmc drive: 4x/4x cd/rw xa/form2 tray
[    3.190560] cdrom: Uniform CD-ROM driver Revision: 3.20
[    3.199239] sr 1:0:1:0: Attached scsi generic sg0 type 5
[    3.238366] registered taskstats version 1
[    3.260461] Freeing initrd memory: 3656k freed
[    3.737938]   Magic number: 4:167:395
[    3.750099] rtc_cmos 00:01: setting system clock to 2016-02-18 19:21:10 UTC (1455823270)
[    3.752005] powernow-k8: Processor cpuid 663 not supported
[    3.759341] BIOS EDD facility v0.16 2004-Jun-25, 0 devices found
[    3.763660] EDD information not available.
[    3.856600] Freeing unused kernel memory: 928k freed
[    3.862450] Write protecting the kernel read-only data: 12288k
[    3.988496] Freeing unused kernel memory: 1596k freed
[    4.092314] Freeing unused kernel memory: 1184k freed

info: initramfs: up at 4.27
modprobe: module virtio_blk not found in modules.dep
modprobe: module virtio_net not found in modules.dep
info: copying initramfs to /dev/vda
info: initramfs loading root from /dev/vda
info: /etc/init.d/rc.sysinit: up at 9.07
info: container: none
Starting logging: OK
modprobe: module virtio_blk not found in modules.dep
modprobe: module virtio_net not found in modules.dep
WARN: /etc/rc3.d/S10-load-modules failed
Initializing random number generator... done.
Starting acpid: OK
cirros-ds 'local' up at 11.60
found datasource (configdrive, local)
Starting network...
udhcpc (v1.20.1) started
Sending discover...
Sending discover...
Sending discover...
Usage: /sbin/cirros-dhcpc &lt;up|down&gt;
No lease, failing
WARN: /etc/rc3.d/S40-network failed
Starting dropbear sshd: generating rsa key... generating dsa key... OK
no userdata for datasource
=== system information ===
Platform: OpenStack Foundation OpenStack Nova
Container: none
Arch: x86_64
CPU(s): 1 @ 2293.343 MHz
Cores/Sockets/Threads: 1/1/1
Virt-type: AMD-V
RAM Size: 49MB
Disks:
NAME MAJ:MIN     SIZE LABEL         MOUNTPOINT
vda  253:0   25165824 cirros-rootfs /
sr0   11:0     432128 config-2      
=== sshd host keys ===
-----BEGIN SSH HOST KEY KEYS-----
ssh-rsa AAAAB3NzaC1yc2EAAAADAQABAAAAgwC2r09a+F29HRqElZ/IyGjlbHd9mz8PO4j5HV22X9JOv+xkreK0Jsyn0f84fY72CfgYrFvikW7DwgLmhy9uaSDTVeU515pbS0Jfs8eRbkE77HYh0NUoxpZcLhTWlY+xgvPmnprKzm5vJ/RmkO1ueTpwMoKTnyi+R2lQ4kkBjQ+UpuGj root@tempest
ssh-dss AAAAB3NzaC1kc3MAAACBAKQxHXMR/hzIJlDYTnGzGpqCutTwfIL5ZItTxss4Y+w7gRPAPcw0UzNg5XYyDJINOlcJAjsV8rfwQNJgfJAJWCdHciqJwFXq/rvb+gYRY7zMwxy7elboIxkMvLd6UyZ7XyVtl3beFvhRjlekTJtFRkOh560rKFlqvSLUGK043hl3AAAAFQCpABeZ7SsEGZN/EmDW7unu5ie6UwAAAIAe8bq4+vVKHhGgXJoofIm1JHLplyOIVZ9CDaMH1GI6Xt6GdGye6Pl2iNiOazR00+iln3MPMw8CJVjcmTIr8fc13jjhDSvAuBWLapDKKASSG8aOX+8YngnEtHAIssjEkB+n7fcgUJPhzRdANEi/T0zmVGHXGozD+yxuqD64cF0UPAAAAIA6MS8pfKocoJ2HTeB4PffmGe59BkO3IMcEje677KIkabqe9E6mJVPuJD5mkByg/VLwIt5QUwRPUpVBTlZj1KsAENaEgM3ivklGR/QotL/G8e7dUIgMHGQhDb2pkLbxhlgyH3p1EcI99UW/MkBhSg/IKd9YGCAUV0kZVZnO4rmbng== root@tempest
-----END SSH HOST KEY KEYS-----
=== network info ===
if-info: lo,up,127.0.0.1,8,::1
if-info: eth0,up,,8,fe80::f816:3eff:fe46:102a
=== datasource: configdrive local ===
instance-id: 98e945fe-0235-42a8-bb10-958bca1d5000
name: tempest.common.compute-instance-196881618
availability-zone: nova
local-hostname: tempest.common.compute-instance-196881618.novalocal
launch-index: 0
=== cirros: current=0.3.4 uptime=203.75 ===
route: fscanf
=== pinging gateway failed, debugging connection ===
############ debug start ##############
### /etc/init.d/sshd start
Starting dropbear sshd: OK
route: fscanf
### ifconfig -a
eth0      Link encap:Ethernet  HWaddr FA:16:3E:46:10:2A  
          inet6 addr: fe80::f816:3eff:fe46:102a/64 Scope:Link
          UP BROADCAST RUNNING MULTICAST  MTU:1500  Metric:1
          RX packets:13 errors:0 dropped:5 overruns:0 frame:0
          TX packets:8 errors:0 dropped:0 overruns:0 carrier:0
          collisions:0 txqueuelen:1000 
          RX bytes:1213 (1.1 KiB)  TX bytes:1134 (1.1 KiB)

lo        Link encap:Local Loopback  
          inet addr:127.0.0.1  Mask:255.0.0.0
          inet6 addr: ::1/128 Scope:Host
          UP LOOPBACK RUNNING  MTU:16436  Metric:1
          RX packets:12 errors:0 dropped:0 overruns:0 frame:0
          TX packets:12 errors:0 dropped:0 overruns:0 carrier:0
          collisions:0 txqueuelen:0 
          RX bytes:1020 (1020.0 B)  TX bytes:1020 (1020.0 B)

### route -n
Kernel IP routing table
Destination     Gateway         Genmask         Flags Metric Ref    Use Iface
route: fscanf
### cat /etc/resolv.conf
cat: can't open '/etc/resolv.conf': No such file or directory
### gateway not found
/sbin/cirros-status: line 1: can't open /etc/resolv.conf: no such file
### pinging nameservers
### uname -a
Linux tempest 3.2.0-80-virtual #116-Ubuntu SMP Mon Mar 23 17:28:52 UTC 2015 x86_64 GNU/Linux
### lsmod
Module                  Size  Used by    Not tainted
nls_iso8859_1          12713  0 
nls_cp437              16991  0 
vfat                   17585  0 
fat                    61512  1 vfat
isofs                  40259  0 
ip_tables              27473  0 
x_tables               29891  1 ip_tables
pcnet32                42119  0 
8139cp                 27360  0 
ne2k_pci               13691  0 
8390                   18856  1 ne2k_pci
e1000                 108589  0 
acpiphp                24231  0 
### dmesg | tail
[    4.963587] EXT3-fs (vda): mounted filesystem with ordered data mode
[    5.293271] ISO 9660 Extensions: Microsoft Joliet Level 3
[    5.361783] ISO 9660 Extensions: RRIP_1991A
[    5.582367] kjournald starting.  Commit interval 5 seconds
[    5.597617] EXT3-fs (vda): using internal journal
[    5.598612] EXT3-fs (vda): mounted filesystem with ordered data mode
[    9.170432] EXT3-fs (vda): using internal journal
[   12.301450] ISO 9660 Extensions: Microsoft Joliet Level 3
[   12.394127] ISO 9660 Extensions: RRIP_1991A
[   26.795880] eth0: no IPv6 routers present
### tail -n 25 /var/log/messages
Feb 18 19:21:17 cirros kern.info kernel: [    4.562225] acpiphp: Slot [24] registered
Feb 18 19:21:17 cirros kern.info kernel: [    4.562520] acpiphp: Slot [25] registered
Feb 18 19:21:17 cirros kern.info kernel: [    4.562967] acpiphp: Slot [26] registered
Feb 18 19:21:17 cirros kern.info kernel: [    4.563241] acpiphp: Slot [27] registered
Feb 18 19:21:17 cirros kern.info kernel: [    4.563601] acpiphp: Slot [28] registered
Feb 18 19:21:17 cirros kern.info kernel: [    4.563913] acpiphp: Slot [29] registered
Feb 18 19:21:17 cirros kern.info kernel: [    4.564459] acpiphp: Slot [30] registered
Feb 18 19:21:17 cirros kern.info kernel: [    4.565156] acpiphp: Slot [31] registered
Feb 18 19:21:17 cirros kern.info kernel: [    4.614360] e1000: Intel(R) PRO/1000 Network Driver - version 7.3.21-k8-NAPI
Feb 18 19:21:17 cirros kern.info kernel: [    4.614411] e1000: Copyright (c) 1999-2006 Intel Corporation.
Feb 18 19:21:17 cirros kern.info kernel: [    4.652000] ne2k-pci.c:v1.03 9/22/2003 D. Becker/P. Gortmaker
Feb 18 19:21:17 cirros kern.info kernel: [    4.686180] 8139cp: 8139cp: 10/100 PCI Ethernet driver v1.3 (Mar 22, 2004)
Feb 18 19:21:17 cirros kern.info kernel: [    4.719551] pcnet32: pcnet32.c:v1.35 21.Apr.2008 tsbogend@alpha.franken.de
Feb 18 19:21:17 cirros kern.info kernel: [    4.758647] ip_tables: (C) 2000-2006 Netfilter Core Team
Feb 18 19:21:17 cirros kern.info kernel: [    4.960539] kjournald starting.  Commit interval 5 seconds
Feb 18 19:21:17 cirros kern.debug kernel: [    5.361783] ISO 9660 Extensions: RRIP_1991A
Feb 18 19:21:17 cirros kern.info kernel: [    5.582367] kjournald starting.  Commit interval 5 seconds
Feb 18 19:21:17 cirros kern.info kernel: [    5.597617] EXT3-fs (vda): using internal journal
Feb 18 19:21:17 cirros kern.info kernel: [    5.598612] EXT3-fs (vda): mounted filesystem with ordered data mode
Feb 18 19:21:17 cirros kern.info kernel: [    9.170432] EXT3-fs (vda): using internal journal
Feb 18 19:21:19 cirros kern.debug kernel: [   12.301450] ISO 9660 Extensions: Microsoft Joliet Level 3
Feb 18 19:21:19 cirros kern.debug kernel: [   12.394127] ISO 9660 Extensions: RRIP_1991A
Feb 18 19:21:22 cirros auth.notice su: + /dev/console root:cirros
Feb 18 19:21:33 cirros kern.debug kernel: [   26.795880] eth0: no IPv6 routers present
Feb 18 19:24:28 cirros authpriv.info dropbear[283]: Running in background
############ debug end   ##############
  ____               ____  ____
 / __/ __ ____ ____ / __ \/ __/
/ /__ / // __// __// /_/ /\ \ 
\___//_//_/  /_/   \____/___/ 
   http://cirros-cloud.net


login as 'cirros' user. default password: 'cubswin:)'. use 'sudo' for root.
tempest login: 
2016-02-18 19:25:18,422 27639 INFO     [tempest_lib.common.rest_client] Request (TestGettingAddress:_run_cleanups): 204 DELETE http://10.4.1.3:9696/v2.0/floatingips/1cc63d17-721f-42d3-99d5-3c17259cf1f0 0.468s
2016-02-18 19:25:18,423 27639 DEBUG    [tempest_lib.common.rest_client] Request - Headers: {'Content-Type': 'application/json', 'Accept': 'application/json', 'X-Auth-Token': '&lt;omitted&gt;'}
        Body: None
    Response - Headers: {'date': 'Thu, 18 Feb 2016 19:25:18 GMT', 'status': '204', 'connection': 'close', 'content-length': '0', 'x-openstack-request-id': 'req-7a0a490f-f326-44d2-8b2b-6659c68b102d'}
        Body: 
2016-02-18 19:25:18,853 27639 INFO     [tempest_lib.common.rest_client] Request (TestGettingAddress:_run_cleanups): 204 DELETE http://10.4.1.3:8774/v2.1/59bf494d898f4342895035be0b486849/servers/98e945fe-0235-42a8-bb10-958bca1d5000 0.429s
2016-02-18 19:25:18,853 27639 DEBUG    [tempest_lib.common.rest_client] Request - Headers: {'Content-Type': 'application/json', 'Accept': 'application/json', 'X-Auth-Token': '&lt;omitted&gt;'}
        Body: None
    Response - Headers: {'status': '204', 'content-length': '0', 'x-compute-request-id': 'req-3f7724a9-68d4-42d7-bfd8-e8185e55064e', 'vary': 'X-OpenStack-Nova-API-Version', 'connection': 'close', 'x-openstack-nova-api-version': '2.1', 'date': 'Thu, 18 Feb 2016 19:25:18 GMT', 'content-type': 'application/json'}
        Body: 
2016-02-18 19:25:19,624 27639 INFO     [tempest_lib.common.rest_client] Request (TestGettingAddress:_run_cleanups): 200 GET http://10.4.1.3:8774/v2.1/59bf494d898f4342895035be0b486849/servers/98e945fe-0235-42a8-bb10-958bca1d5000 0.770s
2016-02-18 19:25:19,625 27639 DEBUG    [tempest_lib.common.rest_client] Request - Headers: {'Content-Type': 'application/json', 'Accept': 'application/json', 'X-Auth-Token': '&lt;omitted&gt;'}
        Body: None
    Response - Headers: {'status': '200', 'content-length': '1898', 'content-location': 'http://10.4.1.3:8774/v2.1/59bf494d898f4342895035be0b486849/servers/98e945fe-0235-42a8-bb10-958bca1d5000', 'x-compute-request-id': 'req-a6bbe199-f86a-4117-bc19-a0f02e08f524', 'vary': 'X-OpenStack-Nova-API-Version', 'connection': 'close', 'x-openstack-nova-api-version': '2.1', 'date': 'Thu, 18 Feb 2016 19:25:19 GMT', 'content-type': 'application/json'}
        Body: {"server": {"status": "ACTIVE", "updated": "2016-02-18T19:25:18Z", "hostId": "82b407d71c16217ac5e16912fee1f7a6570e841580d5dd354114fad0", "addresses": {"tempest-network-smoke--1747256040": [{"OS-EXT-IPS-MAC:mac_addr": "fa:16:3e:46:10:2a", "version": 6, "addr": "2003::f816:3eff:fe46:102a", "OS-EXT-IPS:type": "fixed"}, {"OS-EXT-IPS-MAC:mac_addr": "fa:16:3e:46:10:2a", "version": 4, "addr": "10.100.0.3", "OS-EXT-IPS:type": "fixed"}, {"OS-EXT-IPS-MAC:mac_addr": "fa:16:3e:46:10:2a", "version": 4, "addr": "172.24.4.4", "OS-EXT-IPS:type": "floating"}]}, "links": [{"href": "http://10.4.1.3:8774/v2.1/59bf494d898f4342895035be0b486849/servers/98e945fe-0235-42a8-bb10-958bca1d5000", "rel": "self"}, {"href": "http://10.4.1.3:8774/59bf494d898f4342895035be0b486849/servers/98e945fe-0235-42a8-bb10-958bca1d5000", "rel": "bookmark"}], "key_name": "tempest-TestGettingAddress-530623955", "image": {"id": "62a1d24f-e550-4640-a824-6f0a55e13ffc", "links": [{"href": "http://10.4.1.3:8774/59bf494d898f4342895035be0b486849/images/62a1d24f-e550-4640-a824-6f0a55e13ffc", "rel": "bookmark"}]}, "OS-EXT-STS:task_state": "deleting", "OS-EXT-STS:vm_state": "active", "OS-SRV-USG:launched_at": "2016-02-18T19:21:03.000000", "flavor": {"id": "42", "links": [{"href": "http://10.4.1.3:8774/59bf494d898f4342895035be0b486849/flavors/42", "rel": "bookmark"}]}, "id": "98e945fe-0235-42a8-bb10-958bca1d5000", "security_groups": [{"name": "tempest-secgroup-smoke-903110914"}], "OS-SRV-USG:terminated_at": null, "OS-EXT-AZ:availability_zone": "nova", "user_id": "9d50a9a26c6d487a8be59748965b1ded", "name": "tempest.common.compute-instance-196881618", "created": "2016-02-18T19:20:57Z", "tenant_id": "59bf494d898f4342895035be0b486849", "OS-DCF:diskConfig": "MANUAL", "os-extended-volumes:volumes_attached": [], "accessIPv4": "", "accessIPv6": "", "progress": 0, "OS-EXT-STS:power_state": 1, "config_drive": "True", "metadata": {}}}
2016-02-18 19:25:20,910 27639 INFO     [tempest_lib.common.rest_client] Request (TestGettingAddress:_run_cleanups): 404 GET http://10.4.1.3:8774/v2.1/59bf494d898f4342895035be0b486849/servers/98e945fe-0235-42a8-bb10-958bca1d5000 0.272s
2016-02-18 19:25:20,910 27639 DEBUG    [tempest_lib.common.rest_client] Request - Headers: {'Content-Type': 'application/json', 'Accept': 'application/json', 'X-Auth-Token': '&lt;omitted&gt;'}
        Body: None
    Response - Headers: {'status': '404', 'content-length': '111', 'x-compute-request-id': 'req-a3a544a7-51c3-49a3-a0be-d49542b17663', 'vary': 'X-OpenStack-Nova-API-Version', 'connection': 'close', 'x-openstack-nova-api-version': '2.1', 'date': 'Thu, 18 Feb 2016 19:25:20 GMT', 'content-type': 'application/json; charset=UTF-8'}
        Body: {"itemNotFound": {"message": "Instance 98e945fe-0235-42a8-bb10-958bca1d5000 could not be found.", "code": 404}}
2016-02-18 19:25:21,562 27639 INFO     [tempest_lib.common.rest_client] Request (TestGettingAddress:_run_cleanups): 500 PUT http://10.4.1.3:9696/v2.0/routers/98f9fee9-a719-4c36-a2c3-ec10b6a43636/remove_router_interface 0.650s
2016-02-18 19:25:21,562 27639 DEBUG    [tempest_lib.common.rest_client] Request - Headers: {'Content-Type': 'application/json', 'Accept': 'application/json', 'X-Auth-Token': '&lt;omitted&gt;'}
        Body: {"subnet_id": "c7864af5-f371-48d1-b022-f5f6e8589b7e"}
    Response - Headers: {'status': '500', 'content-length': '150', 'connection': 'close', 'date': 'Thu, 18 Feb 2016 19:25:21 GMT', 'content-type': 'application/json; charset=UTF-8', 'x-openstack-request-id': 'req-4e3c5fef-f0f5-4b7f-818a-76d520882122'}
        Body: {"NeutronError": {"message": "Request Failed: internal server error while processing your request.", "type": "HTTPInternalServerError", "detail": ""}}
2016-02-18 19:25:22,213 27639 INFO     [tempest_lib.common.rest_client] Request (TestGettingAddress:_run_cleanups): 404 PUT http://10.4.1.3:9696/v2.0/routers/98f9fee9-a719-4c36-a2c3-ec10b6a43636/remove_router_interface 0.646s
2016-02-18 19:25:22,213 27639 DEBUG    [tempest_lib.common.rest_client] Request - Headers: {'Content-Type': 'application/json', 'Accept': 'application/json', 'X-Auth-Token': '&lt;omitted&gt;'}
        Body: {"subnet_id": "c7864af5-f371-48d1-b022-f5f6e8589b7e"}
    Response - Headers: {'status': '404', 'content-length': '198', 'connection': 'close', 'date': 'Thu, 18 Feb 2016 19:25:22 GMT', 'content-type': 'application/json; charset=UTF-8', 'x-openstack-request-id': 'req-d238c187-bc7c-4c57-bf09-6fafb6ca4147'}
        Body: {"NeutronError": {"message": "Router 98f9fee9-a719-4c36-a2c3-ec10b6a43636 has no interface on subnet c7864af5-f371-48d1-b022-f5f6e8589b7e", "type": "RouterInterfaceNotFoundForSubnet", "detail": ""}}
2016-02-18 19:25:22,943 27639 INFO     [tempest_lib.common.rest_client] Request (TestGettingAddress:_run_cleanups): 500 PUT http://10.4.1.3:9696/v2.0/routers/98f9fee9-a719-4c36-a2c3-ec10b6a43636/remove_router_interface 0.729s
2016-02-18 19:25:22,944 27639 DEBUG    [tempest_lib.common.rest_client] Request - Headers: {'Content-Type': 'application/json', 'Accept': 'application/json', 'X-Auth-Token': '&lt;omitted&gt;'}
        Body: {"subnet_id": "5b2a7d35-4ff8-4ab8-bf0e-71028bd6f336"}
    Response - Headers: {'status': '500', 'content-length': '150', 'connection': 'close', 'date': 'Thu, 18 Feb 2016 19:25:22 GMT', 'content-type': 'application/json; charset=UTF-8', 'x-openstack-request-id': 'req-a2ba3a21-6e87-44c1-a3ea-2f976d66baca'}
        Body: {"NeutronError": {"message": "Request Failed: internal server error while processing your request.", "type": "HTTPInternalServerError", "detail": ""}}
2016-02-18 19:25:23,218 27639 INFO     [tempest_lib.common.rest_client] Request (TestGettingAddress:_run_cleanups): 200 GET http://10.4.1.3:9696/v2.0/routers/98f9fee9-a719-4c36-a2c3-ec10b6a43636 0.271s
2016-02-18 19:25:23,218 27639 DEBUG    [tempest_lib.common.rest_client] Request - Headers: {'Content-Type': 'application/json', 'Accept': 'application/json', 'X-Auth-Token': '&lt;omitted&gt;'}
        Body: None
    Response - Headers: {'status': '200', 'content-length': '501', 'content-location': 'http://10.4.1.3:9696/v2.0/routers/98f9fee9-a719-4c36-a2c3-ec10b6a43636', 'connection': 'close', 'date': 'Thu, 18 Feb 2016 19:25:23 GMT', 'content-type': 'application/json; charset=UTF-8', 'x-openstack-request-id': 'req-e2251f80-5997-424d-ab87-60934ebffefe'}
        Body: {"router": {"status": "ACTIVE", "external_gateway_info": {"network_id": "a40bfbcd-74d7-4a85-9ab6-ee822ee2b29f", "enable_snat": true, "external_fixed_ips": [{"subnet_id": "f3dbcaab-57fc-4c31-b4c5-657cf0ddfec2", "ip_address": "172.24.4.3"}, {"subnet_id": "a7de9b7a-ca9e-440d-b307-f614ff4ad513", "ip_address": "2001:db8::4"}]}, "name": "tempest-router-smoke-1309380396", "admin_state_up": true, "tenant_id": "59bf494d898f4342895035be0b486849", "routes": [], "id": "98f9fee9-a719-4c36-a2c3-ec10b6a43636"}}
2016-02-18 19:25:23,794 27639 INFO     [tempest_lib.common.rest_client] Request (TestGettingAddress:_run_cleanups): 200 PUT http://10.4.1.3:9696/v2.0/routers/98f9fee9-a719-4c36-a2c3-ec10b6a43636 0.574s
2016-02-18 19:25:23,794 27639 DEBUG    [tempest_lib.common.rest_client] Request - Headers: {'Content-Type': 'application/json', 'Accept': 'application/json', 'X-Auth-Token': '&lt;omitted&gt;'}
        Body: {"router": {"external_gateway_info": {}, "name": "tempest-router-smoke-1309380396", "admin_state_up": true}}
    Response - Headers: {'status': '200', 'content-length': '239', 'connection': 'close', 'date': 'Thu, 18 Feb 2016 19:25:23 GMT', 'content-type': 'application/json; charset=UTF-8', 'x-openstack-request-id': 'req-82ef6e55-26fe-4492-9f95-6943afb5c1cc'}
        Body: {"router": {"status": "ACTIVE", "external_gateway_info": null, "name": "tempest-router-smoke-1309380396", "admin_state_up": true, "tenant_id": "59bf494d898f4342895035be0b486849", "routes": [], "id": "98f9fee9-a719-4c36-a2c3-ec10b6a43636"}}
2016-02-18 19:25:24,312 27639 INFO     [tempest_lib.common.rest_client] Request (TestGettingAddress:_run_cleanups): 500 DELETE http://10.4.1.3:9696/v2.0/routers/98f9fee9-a719-4c36-a2c3-ec10b6a43636 0.516s
2016-02-18 19:25:24,313 27639 DEBUG    [tempest_lib.common.rest_client] Request - Headers: {'Content-Type': 'application/json', 'Accept': 'application/json', 'X-Auth-Token': '&lt;omitted&gt;'}
        Body: None
    Response - Headers: {'status': '500', 'content-length': '150', 'connection': 'close', 'date': 'Thu, 18 Feb 2016 19:25:24 GMT', 'content-type': 'application/json; charset=UTF-8', 'x-openstack-request-id': 'req-1132e282-7804-4790-b17e-a6f16a932629'}
        Body: {"NeutronError": {"message": "Request Failed: internal server error while processing your request.", "type": "HTTPInternalServerError", "detail": ""}}
2016-02-18 19:25:24,572 27639 INFO     [tempest_lib.common.rest_client] Request (TestGettingAddress:_run_cleanups): 404 PUT http://10.4.1.3:9696/v2.0/routers/98f9fee9-a719-4c36-a2c3-ec10b6a43636/remove_router_interface 0.257s
