<?xml version="1.0" encoding="UTF-8"?>
<!DOCTYPE html PUBLIC "-//W3C//DTD XHTML 1.0 Strict//EN"
     "http://www.w3.org/TR/xhtml1/DTD/xhtml1-strict.dtd">
<html xmlns="http://www.w3.org/1999/xhtml">
<head>
    <title>Unit Test Report</title>
    <meta name="generator" content="subunit2html 0.1"/>
    <meta http-equiv="Content-Type" content="text/html; charset=UTF-8"/>
    
<style type="text/css" media="screen">
body        { font-family: verdana, arial, helvetica, sans-serif;
    font-size: 80%; }
table       { font-size: 100%; width: 100%;}
pre         { font-size: 80%; }

/* -- heading -------------------------------------------------------------- */
h1 {
        font-size: 16pt;
        color: gray;
}
.heading {
    margin-top: 0ex;
    margin-bottom: 1ex;
}

.heading .attribute {
    margin-top: 1ex;
    margin-bottom: 0;
}

.heading .description {
    margin-top: 4ex;
    margin-bottom: 6ex;
}

/* -- css div popup -------------------------------------------------------- */
a.popup_link {
}

a.popup_link:hover {
    color: red;
}

.popup_window {
    display: none;
    overflow-x: scroll;
    /*border: solid #627173 1px; */
    padding: 10px;
    background-color: #E6E6D6;
    font-family: "Ubuntu Mono", "Lucida Console", "Courier New", monospace;
    text-align: left;
    font-size: 8pt;
}

}
/* -- report --------------------------------------------------------------- */
#show_detail_line {
    margin-top: 3ex;
    margin-bottom: 1ex;
}
#result_table {
    width: 100%;
    border-collapse: collapse;
    border: 1px solid #777;
}
#header_row {
    font-weight: bold;
    color: white;
    background-color: #777;
}
#result_table td {
    border: 1px solid #777;
    padding: 2px;
}
#total_row  { font-weight: bold; }
.passClass  { background-color: #6c6; }
.failClass  { background-color: #c60; }
.errorClass { background-color: #c00; }
.passCase   { color: #6c6; }
.failCase   { color: #c60; font-weight: bold; }
.errorCase  { color: #c00; font-weight: bold; }
.hiddenRow  { display: none; }
.testcase   { margin-left: 2em; }
td.testname {width: 40%}
td.small {width: 40px}

/* -- ending --------------------------------------------------------------- */
#ending {
}

</style>

</head>
<body>
<script language="javascript" type="text/javascript"><!--
output_list = Array();

/* level - 0:Summary; 1:Failed; 2:All */
function showCase(level) {
    trs = document.getElementsByTagName("tr");
    for (var i = 0; i < trs.length; i++) {
        tr = trs[i];
        id = tr.id;
        if (id.substr(0,2) == 'ft') {
            if (level < 1) {
                tr.className = 'hiddenRow';
            }
            else {
                tr.className = '';
            }
        }
        if (id.substr(0,2) == 'pt') {
            if (level > 1) {
                tr.className = '';
            }
            else {
                tr.className = 'hiddenRow';
            }
        }
    }
}


function showClassDetail(cid, count) {
    var id_list = Array(count);
    var toHide = 1;
    for (var i = 0; i < count; i++) {
        tid0 = 't' + cid.substr(1) + '.' + (i+1);
        tid = 'f' + tid0;
        tr = document.getElementById(tid);
        if (!tr) {
            tid = 'p' + tid0;
            tr = document.getElementById(tid);
        }
        id_list[i] = tid;
        if (tr.className) {
            toHide = 0;
        }
    }
    for (var i = 0; i < count; i++) {
        tid = id_list[i];
        if (toHide) {
            document.getElementById('div_'+tid).style.display = 'none'
            document.getElementById(tid).className = 'hiddenRow';
        }
        else {
            document.getElementById(tid).className = '';
        }
    }
}


function showTestDetail(div_id){
    var details_div = document.getElementById(div_id)
    var displayState = details_div.style.display
    // alert(displayState)
    if (displayState != 'block' ) {
        displayState = 'block'
        details_div.style.display = 'block'
    }
    else {
        details_div.style.display = 'none'
    }
}


function html_escape(s) {
    s = s.replace(/&/g,'&amp;');
    s = s.replace(/</g,'&lt;');
    s = s.replace(/>/g,'&gt;');
    return s;
}

/* obsoleted by detail in <div>
function showOutput(id, name) {
    var w = window.open("", //url
                    name,
                    "resizable,scrollbars,status,width=800,height=450");
    d = w.document;
    d.write("<pre>");
    d.write(html_escape(output_list[id]));
    d.write("\n");
    d.write("<a href='javascript:window.close()'>close</a>\n");
    d.write("</pre>\n");
    d.close();
}
*/
--></script>

<div class='heading'>
<h1>Unit Test Report</h1>

<p class='attribute'><strong>Status:</strong> Failure 8</p>

<p class='description'></p>
</div>



<p id='show_detail_line'>Show
<a href='javascript:showCase(0)'>Summary</a>
<a href='javascript:showCase(1)'>Failed</a>
<a href='javascript:showCase(2)'>All</a>
</p>
<table id='result_table'>
<colgroup>
<col align='left' />
<col align='right' />
<col align='right' />
<col align='right' />
<col align='right' />
<col align='right' />
<col align='right' />
<col align='right' />
</colgroup>
<tr id='header_row'>
    <td>Test Group/Test case</td>
    <td>Count</td>
    <td>Pass</td>
    <td>Fail</td>
    <td>Error</td>
    <td>Skip</td>
    <td>View</td>
    <td> </td>
</tr>

<tr class='failClass'>
    <td class="testname">tempest.scenario.test_network_v6.TestGettingAddress</td>
    <td class="small">8</td>
    <td class="small">0</td>
    <td class="small">8</td>
    <td class="small">0</td>
    <td class="small">0</td>
    <td class="small"><a href="javascript:showClassDetail('c1',8)"
>Detail</a></td>
    <td> </td>
</tr>

<tr id='ft1.1' class='none'>
    <td class='failCase'><div class='testcase'>test_dhcp6_stateless_from_os[compute,id-d7e1f858-187c-45a6-89c9-bdafde619a9f,network]</div></td>
    <td colspan='7' align='left'>

    <!--css div popup start-->
    <a class="popup_link" onfocus='this.blur();'
    href="javascript:showTestDetail('div_ft1.1')" >
        fail</a>

    <div id='div_ft1.1' class="popup_window">
        <div style='text-align: right; color:red;cursor:pointer'>
        <a onfocus='this.blur();'
onclick="document.getElementById('div_ft1.1').style.display = 'none' " >
           [x]</a>
        </div>
        <pre>
        
ft1.1: tempest.scenario.test_network_v6.TestGettingAddress.test_dhcp6_stateless_from_os[compute,id-d7e1f858-187c-45a6-89c9-bdafde619a9f,network]_StringException: Empty attachments:
  stderr
  stdout

pythonlogging:'': {{{
2016-01-26 18:19:59,139 15821 INFO     [tempest_lib.common.rest_client] Request (TestGettingAddress:setUp): 200 POST http://10.4.1.3:8774/v2.1/9dd698dd61814311b69a2556593e2669/os-keypairs 0.576s
2016-01-26 18:19:59,139 15821 DEBUG    [tempest_lib.common.rest_client] Request - Headers: {'Content-Type': 'application/json', 'Accept': 'application/json', 'X-Auth-Token': '&lt;omitted&gt;'}
        Body: {"keypair": {"name": "tempest-TestGettingAddress-1768674327"}}
    Response - Headers: {'status': '200', 'content-length': '2324', 'x-compute-request-id': 'req-5ffb0300-4d1f-469c-868c-b65a47801692', 'vary': 'X-OpenStack-Nova-API-Version', 'connection': 'close', 'x-openstack-nova-api-version': '2.1', 'date': 'Tue, 26 Jan 2016 18:19:59 GMT', 'content-type': 'application/json'}
        Body: {"keypair": {"public_key": "ssh-rsa AAAAB3NzaC1yc2EAAAADAQABAAABAQCmZz1thdm1M9bI5Ayz12BPhocYTQSGXrBHldytqfOtMuQOJRp717p0teBhH8V6Bz6s+U+72bEXrLsu9MqgGqfjm9DLPYkQQAD+LaVMzyeuaDMC8hiW3H8C7hp8luI2xpsMocyZGhNf9BNFqU8FycXDwO02yWeYF5dqScDEWcQbZFaogDRDbWSmHywaherTe/3HHso5mKPPtaojaj3mHQHnm6p4C5qFwrxdUs+gFkR8THYw5qDreXN3cYW1J9ZrLWCFFWTcERsTQm/BYxAoAd0O8DR1bJERl4ZVZrK6Qxa8YNeF3zNizRX8mkOUiqJY86/pPezhhVoCM3C6Cgf8cTlz Generated-by-Nova", "private_key": "-----BEGIN RSA PRIVATE KEY-----\nMIIEqgIBAAKCAQEApmc9bYXZtTPWyOQMs9dgT4aHGE0Ehl6wR5XcranzrTLkDiUa\ne9e6dLXgYR/Fegc+rPlPu9mxF6y7LvTKoBqn45vQyz2JEEAA/i2lTM8nrmgzAvIY\nltx/Au4afJbiNsabDKHMmRoTX/QTRalPBcnFw8DtNslnmBeXaknAxFnEG2RWqIA0\nQ21kph8sGoXq03v9xx7KOZijz7WqI2o95h0B55uqeAuahcK8XVLPoBZEfEx2MOag\n63lzd3GFtSfWay1ghRVk3BEbE0JvwWMQKAHdDvA0dWyREZeGVWayukMWvGDXhd8z\nYs0V/JpDlIqiWPOv6T3s4YVaAjNwugoH/HE5cwIDAQABAoIBAQCEyI00AEMhXSRf\nWdrpB0xLKUZUFeEueBCijutxiNRxuNJSlzjy6cpXp2pNFlU2cuGIlckSVTwDcEpN\nxfiKmbqu3X9XLttYpDommbX1/LflbDCIgTct6vVPGUD5ek04+HJxOgtRgIVFZDac\nt+Xe8ItnEWQ4+642p1yj7AZuqFLcp4LzZqTn5/+fb5TTYNhKPkfncyy+d3xbGgK3\nU2U7EYNFm33AuvefxZY3bs7zJV2RF1P3mxVG9A+9ftltA1Epx8+AcY8dHWVG8BwI\n/mZ/5zeG5WVUJ+3Im63LUdQds5M5rscKDmvNijizjNwOqnX+jo8Dg+gtsMl2ZKBw\nt7X8DJTBAoIAgQDGJdNM7p/b5JKlLN5RiW/T7eUL8yAY191aw2/WvCPXPz2509BP\nFvQYZSCXIE2Di6WCxGpvyZ/YzyMVXmZGVF7lqHCQ66l2JZNgkkPqRhCb0QVBsYAU\n+xEJOjN4gyyjrlu+c072mO4XOJIepclVUBHFPVoQaLDNn2ZXVsCBP2KGxQKCAIEA\n1vy8DsYw7cvGJve7C1Af4/S9vJ9Y4umjI5/wPOB5E6yQNQlN7xN+6snX4fE26Xre\ndRfmh/ufJGGqZVDHwmMMs5sfA7kMHJXbYDRHcqXXIwStrcE8K1V9fUSOhB2YThl8\nB0n9WjgA4O95XNaZfWT37/y+o7gIUwSga+AYRGtagtcCggCBAKkg8imxaIulnzIT\niTOpjuUjIqU/gX8TCeKF/LkaX7FDTqmFzUEkw3brIpU8Qk1s7fofMwZ139WMgFKl\n/8A6FcILMwHP1RZ+XjxIvGWEJnsJP2ZiXoQKBPGOVw6fUIPpuG9oNtcvk9IIPFii\ng6YpMPHdOznUUk1AqHcWGjx34N5NAoIAgQC0pRDv6SDb70nFHIwSaXUielej0tFB\necgW+yFGRef23B0gM31E0kDm0EuSErltXkzmXvracFe8nkQrdcEkWU4m7MUWv7qp\nmlIHeGZAs5EeX6QASEpirycOxzhpUuTTWx6YkVdNI5m5Z/+2PqwibWDYSqt1rgFw\noIabnmVFuF8JaQKCAIBNUbTu2bs6LdWyDtIzOQU3rvdaM8PCPIMF6cnEOzjwiM9L\nbeVMtw5Nb+QK9OP0X94SoCdvs3ZLDZnaJuE/x44Jrr7u8X5hQTv5UIID9IYfjhGX\nRT3HYQY6JByT5ZYNXKao5bb34QoLawuKa9WNrHvnWpem/GzrnpUOlcM8YhNCKA==\n-----END RSA PRIVATE KEY-----\n", "user_id": "15e0db4968fc4a4eb0127d47af3859e4", "name": "tempest-TestGettingAddress-1768674327", "fingerprint": "6b:1b:2d:5c:40:e2:18:82:9a:f0:c3:cc:f4:2e:04:71"}}
2016-01-26 18:19:59,553 15821 INFO     [tempest_lib.common.rest_client] Request (TestGettingAddress:setUp): 201 POST http://10.4.1.3:9696/v2.0/security-groups 0.410s
2016-01-26 18:19:59,554 15821 DEBUG    [tempest_lib.common.rest_client] Request - Headers: {'Content-Type': 'application/json', 'Accept': 'application/json', 'X-Auth-Token': '&lt;omitted&gt;'}
        Body: {"security_group": {"tenant_id": "9dd698dd61814311b69a2556593e2669", "description": "tempest-secgroup-smoke-634846976 description", "name": "tempest-secgroup-smoke-634846976"}}
    Response - Headers: {'status': '201', 'content-length': '886', 'connection': 'close', 'date': 'Tue, 26 Jan 2016 18:19:59 GMT', 'content-type': 'application/json; charset=UTF-8', 'x-openstack-request-id': 'req-82f4d961-8d04-4c33-ba73-735aacbe34b8'}
        Body: {"security_group": {"tenant_id": "9dd698dd61814311b69a2556593e2669", "description": "tempest-secgroup-smoke-634846976 description", "id": "73b61328-abee-4a49-ac1e-6fdb96b66c96", "security_group_rules": [{"remote_group_id": null, "direction": "egress", "remote_ip_prefix": null, "protocol": null, "ethertype": "IPv4", "tenant_id": "9dd698dd61814311b69a2556593e2669", "port_range_max": null, "port_range_min": null, "id": "17ee3ccd-6057-436c-8600-23e7918a11e4", "security_group_id": "73b61328-abee-4a49-ac1e-6fdb96b66c96"}, {"remote_group_id": null, "direction": "egress", "remote_ip_prefix": null, "protocol": null, "ethertype": "IPv6", "tenant_id": "9dd698dd61814311b69a2556593e2669", "port_range_max": null, "port_range_min": null, "id": "10248b6b-c952-41b4-875c-b3542b6d54eb", "security_group_id": "73b61328-abee-4a49-ac1e-6fdb96b66c96"}], "name": "tempest-secgroup-smoke-634846976"}}
2016-01-26 18:19:59,834 15821 INFO     [tempest_lib.common.rest_client] Request (TestGettingAddress:setUp): 201 POST http://10.4.1.3:9696/v2.0/security-group-rules 0.278s
2016-01-26 18:19:59,835 15821 DEBUG    [tempest_lib.common.rest_client] Request - Headers: {'Content-Type': 'application/json', 'Accept': 'application/json', 'X-Auth-Token': '&lt;omitted&gt;'}
        Body: {"security_group_rule": {"direction": "ingress", "protocol": "tcp", "tenant_id": "9dd698dd61814311b69a2556593e2669", "port_range_max": 22, "security_group_id": "73b61328-abee-4a49-ac1e-6fdb96b66c96", "port_range_min": 22}}
    Response - Headers: {'status': '201', 'content-length': '340', 'connection': 'close', 'date': 'Tue, 26 Jan 2016 18:19:59 GMT', 'content-type': 'application/json; charset=UTF-8', 'x-openstack-request-id': 'req-403670b0-5688-4e1b-a2fb-42addcc96d85'}
        Body: {"security_group_rule": {"remote_group_id": null, "direction": "ingress", "remote_ip_prefix": null, "protocol": "tcp", "ethertype": "IPv4", "tenant_id": "9dd698dd61814311b69a2556593e2669", "port_range_max": 22, "port_range_min": 22, "id": "9a50d8f2-f3f5-4130-8598-42ed752f5521", "security_group_id": "73b61328-abee-4a49-ac1e-6fdb96b66c96"}}
2016-01-26 18:20:00,116 15821 INFO     [tempest_lib.common.rest_client] Request (TestGettingAddress:setUp): 201 POST http://10.4.1.3:9696/v2.0/security-group-rules 0.280s
2016-01-26 18:20:00,117 15821 DEBUG    [tempest_lib.common.rest_client] Request - Headers: {'Content-Type': 'application/json', 'Accept': 'application/json', 'X-Auth-Token': '&lt;omitted&gt;'}
        Body: {"security_group_rule": {"direction": "egress", "protocol": "tcp", "tenant_id": "9dd698dd61814311b69a2556593e2669", "port_range_max": 22, "security_group_id": "73b61328-abee-4a49-ac1e-6fdb96b66c96", "port_range_min": 22}}
    Response - Headers: {'status': '201', 'content-length': '339', 'connection': 'close', 'date': 'Tue, 26 Jan 2016 18:20:00 GMT', 'content-type': 'application/json; charset=UTF-8', 'x-openstack-request-id': 'req-7f419175-5e92-438f-9ee1-8d06d6657bf4'}
        Body: {"security_group_rule": {"remote_group_id": null, "direction": "egress", "remote_ip_prefix": null, "protocol": "tcp", "ethertype": "IPv4", "tenant_id": "9dd698dd61814311b69a2556593e2669", "port_range_max": 22, "port_range_min": 22, "id": "a951cf24-56d5-4493-9f14-40ef68de3fa8", "security_group_id": "73b61328-abee-4a49-ac1e-6fdb96b66c96"}}
2016-01-26 18:20:00,375 15821 INFO     [tempest_lib.common.rest_client] Request (TestGettingAddress:setUp): 201 POST http://10.4.1.3:9696/v2.0/security-group-rules 0.256s
2016-01-26 18:20:00,375 15821 DEBUG    [tempest_lib.common.rest_client] Request - Headers: {'Content-Type': 'application/json', 'Accept': 'application/json', 'X-Auth-Token': '&lt;omitted&gt;'}
        Body: {"security_group_rule": {"tenant_id": "9dd698dd61814311b69a2556593e2669", "direction": "ingress", "protocol": "icmp", "security_group_id": "73b61328-abee-4a49-ac1e-6fdb96b66c96"}}
    Response - Headers: {'status': '201', 'content-length': '345', 'connection': 'close', 'date': 'Tue, 26 Jan 2016 18:20:00 GMT', 'content-type': 'application/json; charset=UTF-8', 'x-openstack-request-id': 'req-45f850fc-c007-4d30-9a51-d22390ea1e2c'}
        Body: {"security_group_rule": {"remote_group_id": null, "direction": "ingress", "remote_ip_prefix": null, "protocol": "icmp", "ethertype": "IPv4", "tenant_id": "9dd698dd61814311b69a2556593e2669", "port_range_max": null, "port_range_min": null, "id": "2333e14d-432f-45a2-9227-fc7f36a852bd", "security_group_id": "73b61328-abee-4a49-ac1e-6fdb96b66c96"}}
2016-01-26 18:20:00,613 15821 INFO     [tempest_lib.common.rest_client] Request (TestGettingAddress:setUp): 201 POST http://10.4.1.3:9696/v2.0/security-group-rules 0.236s
2016-01-26 18:20:00,613 15821 DEBUG    [tempest_lib.common.rest_client] Request - Headers: {'Content-Type': 'application/json', 'Accept': 'application/json', 'X-Auth-Token': '&lt;omitted&gt;'}
        Body: {"security_group_rule": {"tenant_id": "9dd698dd61814311b69a2556593e2669", "direction": "egress", "protocol": "icmp", "security_group_id": "73b61328-abee-4a49-ac1e-6fdb96b66c96"}}
    Response - Headers: {'status': '201', 'content-length': '344', 'connection': 'close', 'date': 'Tue, 26 Jan 2016 18:20:00 GMT', 'content-type': 'application/json; charset=UTF-8', 'x-openstack-request-id': 'req-646fe26e-0b9c-42f3-9b52-a4b3e524df53'}
        Body: {"security_group_rule": {"remote_group_id": null, "direction": "egress", "remote_ip_prefix": null, "protocol": "icmp", "ethertype": "IPv4", "tenant_id": "9dd698dd61814311b69a2556593e2669", "port_range_max": null, "port_range_min": null, "id": "19ceaf1a-c2af-44ad-a860-492d6593545e", "security_group_id": "73b61328-abee-4a49-ac1e-6fdb96b66c96"}}
2016-01-26 18:20:00,876 15821 INFO     [tempest_lib.common.rest_client] Request (TestGettingAddress:setUp): 201 POST http://10.4.1.3:9696/v2.0/security-group-rules 0.262s
2016-01-26 18:20:00,877 15821 DEBUG    [tempest_lib.common.rest_client] Request - Headers: {'Content-Type': 'application/json', 'Accept': 'application/json', 'X-Auth-Token': '&lt;omitted&gt;'}
        Body: {"security_group_rule": {"tenant_id": "9dd698dd61814311b69a2556593e2669", "direction": "ingress", "security_group_id": "73b61328-abee-4a49-ac1e-6fdb96b66c96", "protocol": "icmp", "ethertype": "IPv6"}}
    Response - Headers: {'status': '201', 'content-length': '345', 'connection': 'close', 'date': 'Tue, 26 Jan 2016 18:20:00 GMT', 'content-type': 'application/json; charset=UTF-8', 'x-openstack-request-id': 'req-c29ca215-52d9-4e33-83fb-782ac07c6eb5'}
        Body: {"security_group_rule": {"remote_group_id": null, "direction": "ingress", "remote_ip_prefix": null, "protocol": "icmp", "ethertype": "IPv6", "tenant_id": "9dd698dd61814311b69a2556593e2669", "port_range_max": null, "port_range_min": null, "id": "1e66c198-79d2-4194-9cf5-433721f7f249", "security_group_id": "73b61328-abee-4a49-ac1e-6fdb96b66c96"}}
2016-01-26 18:20:01,147 15821 INFO     [tempest_lib.common.rest_client] Request (TestGettingAddress:setUp): 201 POST http://10.4.1.3:9696/v2.0/security-group-rules 0.268s
2016-01-26 18:20:01,147 15821 DEBUG    [tempest_lib.common.rest_client] Request - Headers: {'Content-Type': 'application/json', 'Accept': 'application/json', 'X-Auth-Token': '&lt;omitted&gt;'}
        Body: {"security_group_rule": {"tenant_id": "9dd698dd61814311b69a2556593e2669", "direction": "egress", "security_group_id": "73b61328-abee-4a49-ac1e-6fdb96b66c96", "protocol": "icmp", "ethertype": "IPv6"}}
    Response - Headers: {'status': '201', 'content-length': '344', 'connection': 'close', 'date': 'Tue, 26 Jan 2016 18:20:01 GMT', 'content-type': 'application/json; charset=UTF-8', 'x-openstack-request-id': 'req-72e86f5e-d979-44f8-926b-825b2b749ba3'}
        Body: {"security_group_rule": {"remote_group_id": null, "direction": "egress", "remote_ip_prefix": null, "protocol": "icmp", "ethertype": "IPv6", "tenant_id": "9dd698dd61814311b69a2556593e2669", "port_range_max": null, "port_range_min": null, "id": "cb0a64dc-eb37-4cca-b742-e24cfe1e5224", "security_group_id": "73b61328-abee-4a49-ac1e-6fdb96b66c96"}}
2016-01-26 18:20:01,510 15821 INFO     [tempest_lib.common.rest_client] Request (TestGettingAddress:test_dhcp6_stateless_from_os): 201 POST http://10.4.1.3:9696/v2.0/networks 0.362s
2016-01-26 18:20:01,511 15821 DEBUG    [tempest_lib.common.rest_client] Request - Headers: {'Content-Type': 'application/json', 'Accept': 'application/json', 'X-Auth-Token': '&lt;omitted&gt;'}
        Body: {"network": {"tenant_id": "9dd698dd61814311b69a2556593e2669", "name": "tempest-network-smoke--1586754681"}}
    Response - Headers: {'status': '201', 'content-length': '330', 'connection': 'close', 'date': 'Tue, 26 Jan 2016 18:20:01 GMT', 'content-type': 'application/json; charset=UTF-8', 'x-openstack-request-id': 'req-dcffcbf4-4aad-4500-85c5-a8a95c860cc6'}
        Body: {"network": {"status": "ACTIVE", "subnets": [], "availability_zone_hints": [], "name": "tempest-network-smoke--1586754681", "admin_state_up": true, "tenant_id": "9dd698dd61814311b69a2556593e2669", "mtu": 1450, "router:external": false, "shared": false, "port_security_enabled": true, "id": "69b6a6fb-e983-48c7-88e4-d54fca9df0f0"}}
2016-01-26 18:20:01,722 15821 INFO     [tempest_lib.common.rest_client] Request (TestGettingAddress:test_dhcp6_stateless_from_os): 200 GET http://10.4.1.3:9696/v2.0/subnets?tenant_id=9dd698dd61814311b69a2556593e2669&amp;cidr=10.100.0.0%2F28 0.210s
2016-01-26 18:20:01,723 15821 DEBUG    [tempest_lib.common.rest_client] Request - Headers: {'Content-Type': 'application/json', 'Accept': 'application/json', 'X-Auth-Token': '&lt;omitted&gt;'}
        Body: None
    Response - Headers: {'status': '200', 'content-length': '15', 'content-location': 'http://10.4.1.3:9696/v2.0/subnets?tenant_id=9dd698dd61814311b69a2556593e2669&amp;cidr=10.100.0.0%2F28', 'connection': 'close', 'date': 'Tue, 26 Jan 2016 18:20:01 GMT', 'content-type': 'application/json; charset=UTF-8', 'x-openstack-request-id': 'req-cec8ea33-dad0-4635-b612-a1c4cb6b571b'}
        Body: {"subnets": []}
2016-01-26 18:20:02,231 15821 INFO     [tempest_lib.common.rest_client] Request (TestGettingAddress:test_dhcp6_stateless_from_os): 201 POST http://10.4.1.3:9696/v2.0/subnets 0.506s
2016-01-26 18:20:02,231 15821 DEBUG    [tempest_lib.common.rest_client] Request - Headers: {'Content-Type': 'application/json', 'Accept': 'application/json', 'X-Auth-Token': '&lt;omitted&gt;'}
        Body: {"subnet": {"ip_version": 4, "tenant_id": "9dd698dd61814311b69a2556593e2669", "cidr": "10.100.0.0/28", "network_id": "69b6a6fb-e983-48c7-88e4-d54fca9df0f0", "name": "tempest-sub4-1715452116"}}
    Response - Headers: {'status': '201', 'content-length': '470', 'connection': 'close', 'date': 'Tue, 26 Jan 2016 18:20:02 GMT', 'content-type': 'application/json; charset=UTF-8', 'x-openstack-request-id': 'req-03adce4d-2879-4981-92a2-f16eda60018f'}
        Body: {"subnet": {"name": "tempest-sub4-1715452116", "enable_dhcp": true, "network_id": "69b6a6fb-e983-48c7-88e4-d54fca9df0f0", "tenant_id": "9dd698dd61814311b69a2556593e2669", "dns_nameservers": [], "gateway_ip": "10.100.0.1", "ipv6_ra_mode": null, "allocation_pools": [{"start": "10.100.0.2", "end": "10.100.0.14"}], "host_routes": [], "ip_version": 4, "ipv6_address_mode": null, "cidr": "10.100.0.0/28", "id": "5d507c88-a507-4a59-943f-6637b3269ca3", "subnetpool_id": null}}
2016-01-26 18:20:02,537 15821 INFO     [tempest_lib.common.rest_client] Request (TestGettingAddress:test_dhcp6_stateless_from_os): 201 POST http://10.4.1.3:9696/v2.0/routers 0.304s
2016-01-26 18:20:02,537 15821 DEBUG    [tempest_lib.common.rest_client] Request - Headers: {'Content-Type': 'application/json', 'Accept': 'application/json', 'X-Auth-Token': '&lt;omitted&gt;'}
        Body: {"router": {"tenant_id": "9dd698dd61814311b69a2556593e2669", "name": "tempest-router-smoke-1064785398", "admin_state_up": true}}
    Response - Headers: {'status': '201', 'content-length': '239', 'connection': 'close', 'date': 'Tue, 26 Jan 2016 18:20:02 GMT', 'content-type': 'application/json; charset=UTF-8', 'x-openstack-request-id': 'req-fd152c56-8383-4684-bf2f-d249ff7fb9ac'}
        Body: {"router": {"status": "ACTIVE", "external_gateway_info": null, "name": "tempest-router-smoke-1064785398", "admin_state_up": true, "tenant_id": "9dd698dd61814311b69a2556593e2669", "routes": [], "id": "3c62280d-f8f7-4837-96fb-b6e5367af370"}}
2016-01-26 18:20:02,757 15821 INFO     [tempest_lib.common.rest_client] Request (TestGettingAddress:test_dhcp6_stateless_from_os): 200 GET http://10.4.1.3:9696/v2.0/routers/3c62280d-f8f7-4837-96fb-b6e5367af370 0.218s
2016-01-26 18:20:02,757 15821 DEBUG    [tempest_lib.common.rest_client] Request - Headers: {'Content-Type': 'application/json', 'Accept': 'application/json', 'X-Auth-Token': '&lt;omitted&gt;'}
        Body: None
    Response - Headers: {'status': '200', 'content-length': '239', 'content-location': 'http://10.4.1.3:9696/v2.0/routers/3c62280d-f8f7-4837-96fb-b6e5367af370', 'connection': 'close', 'date': 'Tue, 26 Jan 2016 18:20:02 GMT', 'content-type': 'application/json; charset=UTF-8', 'x-openstack-request-id': 'req-6cc3b9ad-97d6-40cd-8dad-2f515deb42a7'}
        Body: {"router": {"status": "ACTIVE", "external_gateway_info": null, "name": "tempest-router-smoke-1064785398", "admin_state_up": true, "tenant_id": "9dd698dd61814311b69a2556593e2669", "routes": [], "id": "3c62280d-f8f7-4837-96fb-b6e5367af370"}}
2016-01-26 18:20:03,484 15821 INFO     [tempest_lib.common.rest_client] Request (TestGettingAddress:test_dhcp6_stateless_from_os): 200 PUT http://10.4.1.3:9696/v2.0/routers/3c62280d-f8f7-4837-96fb-b6e5367af370 0.725s
2016-01-26 18:20:03,484 15821 DEBUG    [tempest_lib.common.rest_client] Request - Headers: {'Content-Type': 'application/json', 'Accept': 'application/json', 'X-Auth-Token': '&lt;omitted&gt;'}
        Body: {"router": {"external_gateway_info": {"network_id": "95d922c5-9fd1-434e-b96c-d1da8f4237aa"}, "name": "tempest-router-smoke-1064785398", "admin_state_up": true}}
    Response - Headers: {'status': '200', 'content-length': '501', 'connection': 'close', 'date': 'Tue, 26 Jan 2016 18:20:03 GMT', 'content-type': 'application/json; charset=UTF-8', 'x-openstack-request-id': 'req-ecaed046-ffa6-4839-8548-28bc140b03a2'}
        Body: {"router": {"status": "ACTIVE", "external_gateway_info": {"network_id": "95d922c5-9fd1-434e-b96c-d1da8f4237aa", "enable_snat": true, "external_fixed_ips": [{"subnet_id": "ebba3e38-067d-4bbb-a0e9-4080f5903d44", "ip_address": "172.24.4.3"}, {"subnet_id": "73baa8c4-8acf-4b3d-a836-bc6d90d423dd", "ip_address": "2001:db8::3"}]}, "name": "tempest-router-smoke-1064785398", "admin_state_up": true, "tenant_id": "9dd698dd61814311b69a2556593e2669", "routes": [], "id": "3c62280d-f8f7-4837-96fb-b6e5367af370"}}
2016-01-26 18:20:04,205 15821 INFO     [tempest_lib.common.rest_client] Request (TestGettingAddress:test_dhcp6_stateless_from_os): 200 PUT http://10.4.1.3:9696/v2.0/routers/3c62280d-f8f7-4837-96fb-b6e5367af370/add_router_interface 0.720s
2016-01-26 18:20:04,206 15821 DEBUG    [tempest_lib.common.rest_client] Request - Headers: {'Content-Type': 'application/json', 'Accept': 'application/json', 'X-Auth-Token': '&lt;omitted&gt;'}
        Body: {"subnet_id": "5d507c88-a507-4a59-943f-6637b3269ca3"}
    Response - Headers: {'status': '200', 'content-length': '255', 'connection': 'close', 'date': 'Tue, 26 Jan 2016 18:20:04 GMT', 'content-type': 'application/json; charset=UTF-8', 'x-openstack-request-id': 'req-0e9d18e9-5220-453e-97bb-58665652f0e6'}
        Body: {"subnet_id": "5d507c88-a507-4a59-943f-6637b3269ca3", "tenant_id": "9dd698dd61814311b69a2556593e2669", "subnet_ids": ["5d507c88-a507-4a59-943f-6637b3269ca3"], "port_id": "da12af82-5d51-43bf-96c1-9be2e52da0b4", "id": "3c62280d-f8f7-4837-96fb-b6e5367af370"}
2016-01-26 18:20:04,411 15821 INFO     [tempest_lib.common.rest_client] Request (TestGettingAddress:test_dhcp6_stateless_from_os): 200 GET http://10.4.1.3:9696/v2.0/subnets?tenant_id=9dd698dd61814311b69a2556593e2669&amp;cidr=2003%3A%3A%2F64 0.204s
2016-01-26 18:20:04,411 15821 DEBUG    [tempest_lib.common.rest_client] Request - Headers: {'Content-Type': 'application/json', 'Accept': 'application/json', 'X-Auth-Token': '&lt;omitted&gt;'}
        Body: None
    Response - Headers: {'status': '200', 'content-length': '15', 'content-location': 'http://10.4.1.3:9696/v2.0/subnets?tenant_id=9dd698dd61814311b69a2556593e2669&amp;cidr=2003%3A%3A%2F64', 'connection': 'close', 'date': 'Tue, 26 Jan 2016 18:20:04 GMT', 'content-type': 'application/json; charset=UTF-8', 'x-openstack-request-id': 'req-9ac2b79a-0b38-41f9-8856-b642b89b1f3a'}
        Body: {"subnets": []}
2016-01-26 18:20:04,918 15821 INFO     [tempest_lib.common.rest_client] Request (TestGettingAddress:test_dhcp6_stateless_from_os): 201 POST http://10.4.1.3:9696/v2.0/subnets 0.506s
2016-01-26 18:20:04,919 15821 DEBUG    [tempest_lib.common.rest_client] Request - Headers: {'Content-Type': 'application/json', 'Accept': 'application/json', 'X-Auth-Token': '&lt;omitted&gt;'}
        Body: {"subnet": {"name": "tempest-sub6-426028572", "network_id": "69b6a6fb-e983-48c7-88e4-d54fca9df0f0", "tenant_id": "9dd698dd61814311b69a2556593e2669", "ipv6_ra_mode": "dhcpv6-stateless", "ip_version": 6, "ipv6_address_mode": "dhcpv6-stateless", "cidr": "2003::/64"}}
    Response - Headers: {'status': '201', 'content-length': '501', 'connection': 'close', 'date': 'Tue, 26 Jan 2016 18:20:04 GMT', 'content-type': 'application/json; charset=UTF-8', 'x-openstack-request-id': 'req-6c409df3-4850-4973-8371-b742af7ca885'}
        Body: {"subnet": {"name": "tempest-sub6-426028572", "enable_dhcp": true, "network_id": "69b6a6fb-e983-48c7-88e4-d54fca9df0f0", "tenant_id": "9dd698dd61814311b69a2556593e2669", "dns_nameservers": [], "gateway_ip": "2003::1", "ipv6_ra_mode": "dhcpv6-stateless", "allocation_pools": [{"start": "2003::2", "end": "2003::ffff:ffff:ffff:ffff"}], "host_routes": [], "ip_version": 6, "ipv6_address_mode": "dhcpv6-stateless", "cidr": "2003::/64", "id": "d32a45f4-2481-4c0f-b3e4-370013b59516", "subnetpool_id": null}}
2016-01-26 18:20:05,707 15821 INFO     [tempest_lib.common.rest_client] Request (TestGettingAddress:test_dhcp6_stateless_from_os): 200 PUT http://10.4.1.3:9696/v2.0/routers/3c62280d-f8f7-4837-96fb-b6e5367af370/add_router_interface 0.786s
2016-01-26 18:20:05,707 15821 DEBUG    [tempest_lib.common.rest_client] Request - Headers: {'Content-Type': 'application/json', 'Accept': 'application/json', 'X-Auth-Token': '&lt;omitted&gt;'}
        Body: {"subnet_id": "d32a45f4-2481-4c0f-b3e4-370013b59516"}
    Response - Headers: {'status': '200', 'content-length': '255', 'connection': 'close', 'date': 'Tue, 26 Jan 2016 18:20:05 GMT', 'content-type': 'application/json; charset=UTF-8', 'x-openstack-request-id': 'req-ff6006b9-6568-4846-a18f-ce8f6065a532'}
        Body: {"subnet_id": "d32a45f4-2481-4c0f-b3e4-370013b59516", "tenant_id": "9dd698dd61814311b69a2556593e2669", "subnet_ids": ["d32a45f4-2481-4c0f-b3e4-370013b59516"], "port_id": "da650206-c7d0-47e1-bdfa-aa30d20c4a62", "id": "3c62280d-f8f7-4837-96fb-b6e5367af370"}
2016-01-26 18:20:05,850 15821 INFO     [tempest_lib.common.rest_client] Request (TestGettingAddress:test_dhcp6_stateless_from_os): 200 POST http://10.4.1.3:5000/v2.0/tokens
2016-01-26 18:20:05,851 15821 DEBUG    [tempest_lib.common.rest_client] Request - Headers: {'Content-Type': 'application/json', 'Accept': 'application/json'}
        Body: &lt;omitted&gt;
    Response - Headers: {'status': '200', 'content-length': '2256', 'vary': 'X-Auth-Token', 'server': 'Apache/2.4.7 (Ubuntu)', 'connection': 'close', 'date': 'Tue, 26 Jan 2016 18:20:05 GMT', 'content-type': 'application/json', 'x-openstack-request-id': 'req-0ecc7ed9-2561-41b7-a33f-950c217e3583'}
        Body: {"access": {"token": {"issued_at": "2016-01-26T18:20:05.839065", "expires": "2016-01-26T19:20:05Z", "id": "4733f760488746db86d83df8d729a495", "tenant": {"description": "tempest-TestGettingAddress-1235417374-desc", "enabled": true, "id": "9dd698dd61814311b69a2556593e2669", "name": "tempest-TestGettingAddress-1235417374"}, "audit_ids": ["Zq3fBruPQD6bv4q--loSQw"]}, "serviceCatalog": [{"endpoints": [{"adminURL": "http://10.4.1.3:9292", "region": "RegionOne", "internalURL": "http://10.4.1.3:9292", "id": "4087948a00bf412eaf54a025fa978c67", "publicURL": "http://10.4.1.3:9292"}], "endpoints_links": [], "type": "image", "name": "glance"}, {"endpoints": [{"adminURL": "http://10.4.1.3:8774/v2.1/9dd698dd61814311b69a2556593e2669", "region": "RegionOne", "internalURL": "http://10.4.1.3:8774/v2.1/9dd698dd61814311b69a2556593e2669", "id": "0fe03dff6285492fbe7f62566f0df03e", "publicURL": "http://10.4.1.3:8774/v2.1/9dd698dd61814311b69a2556593e2669"}], "endpoints_links": [], "type": "compute", "name": "nova"}, {"endpoints": [{"adminURL": "http://10.4.1.3:9696/", "region": "RegionOne", "internalURL": "http://10.4.1.3:9696/", "id": "0b0648c917774a7884afab246697634a", "publicURL": "http://10.4.1.3:9696/"}], "endpoints_links": [], "type": "network", "name": "neutron"}, {"endpoints": [{"adminURL": "http://10.4.1.3:35357/v2.0", "region": "RegionOne", "internalURL": "http://10.4.1.3:5000/v2.0", "id": "28b4379154ef4fdbb14a224d154f4150", "publicURL": "http://10.4.1.3:5000/v2.0"}], "endpoints_links": [], "type": "identity", "name": "keystone"}, {"endpoints": [{"adminURL": "http://10.4.1.3:8774/v2/9dd698dd61814311b69a2556593e2669", "region": "RegionOne", "internalURL": "http://10.4.1.3:8774/v2/9dd698dd61814311b69a2556593e2669", "id": "599fac60bddd4efcb48f691d0bb874f4", "publicURL": "http://10.4.1.3:8774/v2/9dd698dd61814311b69a2556593e2669"}], "endpoints_links": [], "type": "compute_legacy", "name": "nova_legacy"}], "user": {"username": "tempest-TestGettingAddress-1654613552", "roles_links": [], "id": "15e0db4968fc4a4eb0127d47af3859e4", "roles": [{"name": "_member_"}, {"name": "Member"}], "name": "tempest-TestGettingAddress-1654613552"}, "metadata": {"is_admin": 0, "roles": ["9fe2ff9ee4384b1894a90878d3e92bab", "83a4fe1d0a554af6b97ffbd108a17b75"]}}}
2016-01-26 18:20:05,857 15821 DEBUG    [tempest.common.fixed_network] (TestGettingAddress:test_dhcp6_stateless_from_os) No valid network provided or created, defaulting to fixed_network_name
2016-01-26 18:20:06,242 15821 INFO     [tempest_lib.common.rest_client] Request (TestGettingAddress:test_dhcp6_stateless_from_os): 200 GET http://10.4.1.3:8774/v2.1/9dd698dd61814311b69a2556593e2669/os-networks 0.384s
2016-01-26 18:20:06,242 15821 DEBUG    [tempest_lib.common.rest_client] Request - Headers: {'Content-Type': 'application/json', 'Accept': 'application/json', 'X-Auth-Token': '&lt;omitted&gt;'}
        Body: None
    Response - Headers: {'status': '200', 'content-length': '479', 'content-location': 'http://10.4.1.3:8774/v2.1/9dd698dd61814311b69a2556593e2669/os-networks', 'x-compute-request-id': 'req-a1f62320-7c12-42b4-8e58-dfb23db9bf00', 'vary': 'X-OpenStack-Nova-API-Version', 'connection': 'close', 'x-openstack-nova-api-version': '2.1', 'date': 'Tue, 26 Jan 2016 18:20:06 GMT', 'content-type': 'application/json'}
        Body: {"networks": [{"cidr_v6": null, "dns2": null, "dns1": null, "gateway": null, "broadcast": null, "netmask": null, "gateway_v6": null, "cidr": null, "label": "public", "id": "95d922c5-9fd1-434e-b96c-d1da8f4237aa", "netmask_v6": null}, {"cidr_v6": null, "dns2": null, "dns1": null, "gateway": null, "broadcast": null, "netmask": null, "gateway_v6": null, "cidr": null, "label": "tempest-network-smoke--1586754681", "id": "69b6a6fb-e983-48c7-88e4-d54fca9df0f0", "netmask_v6": null}]}
2016-01-26 18:20:06,243 15821 WARNING  [tempest.common.fixed_network] (TestGettingAddress:test_dhcp6_stateless_from_os) Network with name: private not found
2016-01-26 18:20:06,243 15821 INFO     [tempest.common.fixed_network] (TestGettingAddress:test_dhcp6_stateless_from_os) Found network {} available for tenant
2016-01-26 18:20:09,514 15821 INFO     [tempest_lib.common.rest_client] Request (TestGettingAddress:test_dhcp6_stateless_from_os): 202 POST http://10.4.1.3:8774/v2.1/9dd698dd61814311b69a2556593e2669/servers 3.270s
2016-01-26 18:20:09,515 15821 DEBUG    [tempest_lib.common.rest_client] Request - Headers: {'Content-Type': 'application/json', 'Accept': 'application/json', 'X-Auth-Token': '&lt;omitted&gt;'}
        Body: {"server": {"name": "tempest.common.compute-instance-140217203", "imageRef": "4782ce67-f867-4023-b454-1dc2f901a108", "key_name": "tempest-TestGettingAddress-1768674327", "flavorRef": "42", "networks": [{"uuid": "69b6a6fb-e983-48c7-88e4-d54fca9df0f0"}], "security_groups": [{"name": "tempest-secgroup-smoke-634846976"}]}}
    Response - Headers: {'status': '202', 'content-length': '459', 'x-compute-request-id': 'req-da8fff03-1d15-422c-9639-84109e532ea5', 'vary': 'X-OpenStack-Nova-API-Version', 'connection': 'close', 'location': 'http://10.4.1.3:8774/v2.1/9dd698dd61814311b69a2556593e2669/servers/0e05f03d-f7f0-4edf-afc0-e69c2c525873', 'x-openstack-nova-api-version': '2.1', 'date': 'Tue, 26 Jan 2016 18:20:09 GMT', 'content-type': 'application/json'}
        Body: {"server": {"security_groups": [{"name": "tempest-secgroup-smoke-634846976"}], "OS-DCF:diskConfig": "MANUAL", "id": "0e05f03d-f7f0-4edf-afc0-e69c2c525873", "links": [{"href": "http://10.4.1.3:8774/v2.1/9dd698dd61814311b69a2556593e2669/servers/0e05f03d-f7f0-4edf-afc0-e69c2c525873", "rel": "self"}, {"href": "http://10.4.1.3:8774/9dd698dd61814311b69a2556593e2669/servers/0e05f03d-f7f0-4edf-afc0-e69c2c525873", "rel": "bookmark"}], "adminPass": "W2csQuJSykp5"}}
2016-01-26 18:20:09,995 15821 INFO     [tempest_lib.common.rest_client] Request (TestGettingAddress:test_dhcp6_stateless_from_os): 200 GET http://10.4.1.3:8774/v2.1/9dd698dd61814311b69a2556593e2669/servers/0e05f03d-f7f0-4edf-afc0-e69c2c525873 0.477s
2016-01-26 18:20:09,996 15821 DEBUG    [tempest_lib.common.rest_client] Request - Headers: {'Content-Type': 'application/json', 'Accept': 'application/json', 'X-Auth-Token': '&lt;omitted&gt;'}
        Body: None
    Response - Headers: {'status': '200', 'content-length': '1350', 'content-location': 'http://10.4.1.3:8774/v2.1/9dd698dd61814311b69a2556593e2669/servers/0e05f03d-f7f0-4edf-afc0-e69c2c525873', 'x-compute-request-id': 'req-5c813b91-7f64-45de-b6d8-8eacc565e96e', 'vary': 'X-OpenStack-Nova-API-Version', 'connection': 'close', 'x-openstack-nova-api-version': '2.1', 'date': 'Tue, 26 Jan 2016 18:20:09 GMT', 'content-type': 'application/json'}
        Body: {"server": {"status": "BUILD", "updated": "2016-01-26T18:20:09Z", "hostId": "", "addresses": {}, "links": [{"href": "http://10.4.1.3:8774/v2.1/9dd698dd61814311b69a2556593e2669/servers/0e05f03d-f7f0-4edf-afc0-e69c2c525873", "rel": "self"}, {"href": "http://10.4.1.3:8774/9dd698dd61814311b69a2556593e2669/servers/0e05f03d-f7f0-4edf-afc0-e69c2c525873", "rel": "bookmark"}], "key_name": "tempest-TestGettingAddress-1768674327", "image": {"id": "4782ce67-f867-4023-b454-1dc2f901a108", "links": [{"href": "http://10.4.1.3:8774/9dd698dd61814311b69a2556593e2669/images/4782ce67-f867-4023-b454-1dc2f901a108", "rel": "bookmark"}]}, "OS-EXT-STS:task_state": "scheduling", "OS-EXT-STS:vm_state": "building", "OS-SRV-USG:launched_at": null, "flavor": {"id": "42", "links": [{"href": "http://10.4.1.3:8774/9dd698dd61814311b69a2556593e2669/flavors/42", "rel": "bookmark"}]}, "id": "0e05f03d-f7f0-4edf-afc0-e69c2c525873", "OS-SRV-USG:terminated_at": null, "OS-EXT-AZ:availability_zone": "", "user_id": "15e0db4968fc4a4eb0127d47af3859e4", "name": "tempest.common.compute-instance-140217203", "created": "2016-01-26T18:20:09Z", "tenant_id": "9dd698dd61814311b69a2556593e2669", "OS-DCF:diskConfig": "MANUAL", "os-extended-volumes:volumes_attached": [], "accessIPv4": "", "accessIPv6": "", "progress": 0, "OS-EXT-STS:power_state": 0, "config_drive": "", "metadata": {}}}
2016-01-26 18:20:11,651 15821 INFO     [tempest_lib.common.rest_client] Request (TestGettingAddress:test_dhcp6_stateless_from_os): 200 GET http://10.4.1.3:8774/v2.1/9dd698dd61814311b69a2556593e2669/servers/0e05f03d-f7f0-4edf-afc0-e69c2c525873 0.646s
2016-01-26 18:20:11,651 15821 DEBUG    [tempest_lib.common.rest_client] Request - Headers: {'Content-Type': 'application/json', 'Accept': 'application/json', 'X-Auth-Token': '&lt;omitted&gt;'}
        Body: None
    Response - Headers: {'status': '200', 'content-length': '1475', 'content-location': 'http://10.4.1.3:8774/v2.1/9dd698dd61814311b69a2556593e2669/servers/0e05f03d-f7f0-4edf-afc0-e69c2c525873', 'x-compute-request-id': 'req-7f53710a-494f-4448-bd23-d148864e5fa8', 'vary': 'X-OpenStack-Nova-API-Version', 'connection': 'close', 'x-openstack-nova-api-version': '2.1', 'date': 'Tue, 26 Jan 2016 18:20:11 GMT', 'content-type': 'application/json'}
        Body: {"server": {"status": "BUILD", "updated": "2016-01-26T18:20:10Z", "hostId": "e186e61957a1343c8d34eea6cb9221bb5ccea0e09088737e87d6e1c3", "addresses": {}, "links": [{"href": "http://10.4.1.3:8774/v2.1/9dd698dd61814311b69a2556593e2669/servers/0e05f03d-f7f0-4edf-afc0-e69c2c525873", "rel": "self"}, {"href": "http://10.4.1.3:8774/9dd698dd61814311b69a2556593e2669/servers/0e05f03d-f7f0-4edf-afc0-e69c2c525873", "rel": "bookmark"}], "key_name": "tempest-TestGettingAddress-1768674327", "image": {"id": "4782ce67-f867-4023-b454-1dc2f901a108", "links": [{"href": "http://10.4.1.3:8774/9dd698dd61814311b69a2556593e2669/images/4782ce67-f867-4023-b454-1dc2f901a108", "rel": "bookmark"}]}, "OS-EXT-STS:task_state": "spawning", "OS-EXT-STS:vm_state": "building", "OS-SRV-USG:launched_at": null, "flavor": {"id": "42", "links": [{"href": "http://10.4.1.3:8774/9dd698dd61814311b69a2556593e2669/flavors/42", "rel": "bookmark"}]}, "id": "0e05f03d-f7f0-4edf-afc0-e69c2c525873", "security_groups": [{"name": "tempest-secgroup-smoke-634846976"}], "OS-SRV-USG:terminated_at": null, "OS-EXT-AZ:availability_zone": "nova", "user_id": "15e0db4968fc4a4eb0127d47af3859e4", "name": "tempest.common.compute-instance-140217203", "created": "2016-01-26T18:20:09Z", "tenant_id": "9dd698dd61814311b69a2556593e2669", "OS-DCF:diskConfig": "MANUAL", "os-extended-volumes:volumes_attached": [], "accessIPv4": "", "accessIPv6": "", "progress": 0, "OS-EXT-STS:power_state": 0, "config_drive": "", "metadata": {}}}
2016-01-26 18:20:11,659 15821 INFO     [tempest.common.waiters] State transition "BUILD/scheduling" ==&gt; "BUILD/spawning" after 1 second wait
2016-01-26 18:20:13,302 15821 INFO     [tempest_lib.common.rest_client] Request (TestGettingAddress:test_dhcp6_stateless_from_os): 200 GET http://10.4.1.3:8774/v2.1/9dd698dd61814311b69a2556593e2669/servers/0e05f03d-f7f0-4edf-afc0-e69c2c525873 0.642s
2016-01-26 18:20:13,303 15821 DEBUG    [tempest_lib.common.rest_client] Request - Headers: {'Content-Type': 'application/json', 'Accept': 'application/json', 'X-Auth-Token': '&lt;omitted&gt;'}
        Body: None
    Response - Headers: {'status': '200', 'content-length': '1475', 'content-location': 'http://10.4.1.3:8774/v2.1/9dd698dd61814311b69a2556593e2669/servers/0e05f03d-f7f0-4edf-afc0-e69c2c525873', 'x-compute-request-id': 'req-4c8bee4a-5ec8-4f7a-8515-35e0f54cd49f', 'vary': 'X-OpenStack-Nova-API-Version', 'connection': 'close', 'x-openstack-nova-api-version': '2.1', 'date': 'Tue, 26 Jan 2016 18:20:13 GMT', 'content-type': 'application/json'}
        Body: {"server": {"status": "BUILD", "updated": "2016-01-26T18:20:10Z", "hostId": "e186e61957a1343c8d34eea6cb9221bb5ccea0e09088737e87d6e1c3", "addresses": {}, "links": [{"href": "http://10.4.1.3:8774/v2.1/9dd698dd61814311b69a2556593e2669/servers/0e05f03d-f7f0-4edf-afc0-e69c2c525873", "rel": "self"}, {"href": "http://10.4.1.3:8774/9dd698dd61814311b69a2556593e2669/servers/0e05f03d-f7f0-4edf-afc0-e69c2c525873", "rel": "bookmark"}], "key_name": "tempest-TestGettingAddress-1768674327", "image": {"id": "4782ce67-f867-4023-b454-1dc2f901a108", "links": [{"href": "http://10.4.1.3:8774/9dd698dd61814311b69a2556593e2669/images/4782ce67-f867-4023-b454-1dc2f901a108", "rel": "bookmark"}]}, "OS-EXT-STS:task_state": "spawning", "OS-EXT-STS:vm_state": "building", "OS-SRV-USG:launched_at": null, "flavor": {"id": "42", "links": [{"href": "http://10.4.1.3:8774/9dd698dd61814311b69a2556593e2669/flavors/42", "rel": "bookmark"}]}, "id": "0e05f03d-f7f0-4edf-afc0-e69c2c525873", "security_groups": [{"name": "tempest-secgroup-smoke-634846976"}], "OS-SRV-USG:terminated_at": null, "OS-EXT-AZ:availability_zone": "nova", "user_id": "15e0db4968fc4a4eb0127d47af3859e4", "name": "tempest.common.compute-instance-140217203", "created": "2016-01-26T18:20:09Z", "tenant_id": "9dd698dd61814311b69a2556593e2669", "OS-DCF:diskConfig": "MANUAL", "os-extended-volumes:volumes_attached": [], "accessIPv4": "", "accessIPv6": "", "progress": 0, "OS-EXT-STS:power_state": 0, "config_drive": "", "metadata": {}}}
2016-01-26 18:20:14,939 15821 INFO     [tempest_lib.common.rest_client] Request (TestGettingAddress:test_dhcp6_stateless_from_os): 200 GET http://10.4.1.3:8774/v2.1/9dd698dd61814311b69a2556593e2669/servers/0e05f03d-f7f0-4edf-afc0-e69c2c525873 0.626s
2016-01-26 18:20:14,939 15821 DEBUG    [tempest_lib.common.rest_client] Request - Headers: {'Content-Type': 'application/json', 'Accept': 'application/json', 'X-Auth-Token': '&lt;omitted&gt;'}
        Body: None
    Response - Headers: {'status': '200', 'content-length': '1776', 'content-location': 'http://10.4.1.3:8774/v2.1/9dd698dd61814311b69a2556593e2669/servers/0e05f03d-f7f0-4edf-afc0-e69c2c525873', 'x-compute-request-id': 'req-65522383-73e5-4876-8b93-4c409c049593', 'vary': 'X-OpenStack-Nova-API-Version', 'connection': 'close', 'x-openstack-nova-api-version': '2.1', 'date': 'Tue, 26 Jan 2016 18:20:14 GMT', 'content-type': 'application/json'}
        Body: {"server": {"status": "ACTIVE", "updated": "2016-01-26T18:20:14Z", "hostId": "e186e61957a1343c8d34eea6cb9221bb5ccea0e09088737e87d6e1c3", "addresses": {"tempest-network-smoke--1586754681": [{"OS-EXT-IPS-MAC:mac_addr": "fa:16:3e:4f:82:cb", "version": 4, "addr": "10.100.0.3", "OS-EXT-IPS:type": "fixed"}, {"OS-EXT-IPS-MAC:mac_addr": "fa:16:3e:4f:82:cb", "version": 6, "addr": "2003::f816:3eff:fe4f:82cb", "OS-EXT-IPS:type": "fixed"}]}, "links": [{"href": "http://10.4.1.3:8774/v2.1/9dd698dd61814311b69a2556593e2669/servers/0e05f03d-f7f0-4edf-afc0-e69c2c525873", "rel": "self"}, {"href": "http://10.4.1.3:8774/9dd698dd61814311b69a2556593e2669/servers/0e05f03d-f7f0-4edf-afc0-e69c2c525873", "rel": "bookmark"}], "key_name": "tempest-TestGettingAddress-1768674327", "image": {"id": "4782ce67-f867-4023-b454-1dc2f901a108", "links": [{"href": "http://10.4.1.3:8774/9dd698dd61814311b69a2556593e2669/images/4782ce67-f867-4023-b454-1dc2f901a108", "rel": "bookmark"}]}, "OS-EXT-STS:task_state": null, "OS-EXT-STS:vm_state": "active", "OS-SRV-USG:launched_at": "2016-01-26T18:20:13.000000", "flavor": {"id": "42", "links": [{"href": "http://10.4.1.3:8774/9dd698dd61814311b69a2556593e2669/flavors/42", "rel": "bookmark"}]}, "id": "0e05f03d-f7f0-4edf-afc0-e69c2c525873", "security_groups": [{"name": "tempest-secgroup-smoke-634846976"}], "OS-SRV-USG:terminated_at": null, "OS-EXT-AZ:availability_zone": "nova", "user_id": "15e0db4968fc4a4eb0127d47af3859e4", "name": "tempest.common.compute-instance-140217203", "created": "2016-01-26T18:20:09Z", "tenant_id": "9dd698dd61814311b69a2556593e2669", "OS-DCF:diskConfig": "MANUAL", "os-extended-volumes:volumes_attached": [], "accessIPv4": "", "accessIPv6": "", "progress": 0, "OS-EXT-STS:power_state": 1, "config_drive": "True", "metadata": {}}}
2016-01-26 18:20:14,950 15821 INFO     [tempest.common.waiters] State transition "BUILD/spawning" ==&gt; "ACTIVE/None" after 4 second wait
2016-01-26 18:20:15,559 15821 INFO     [tempest_lib.common.rest_client] Request (TestGettingAddress:test_dhcp6_stateless_from_os): 200 GET http://10.4.1.3:8774/v2.1/9dd698dd61814311b69a2556593e2669/servers/0e05f03d-f7f0-4edf-afc0-e69c2c525873 0.609s
2016-01-26 18:20:15,560 15821 DEBUG    [tempest_lib.common.rest_client] Request - Headers: {'Content-Type': 'application/json', 'Accept': 'application/json', 'X-Auth-Token': '&lt;omitted&gt;'}
        Body: None
    Response - Headers: {'status': '200', 'content-length': '1776', 'content-location': 'http://10.4.1.3:8774/v2.1/9dd698dd61814311b69a2556593e2669/servers/0e05f03d-f7f0-4edf-afc0-e69c2c525873', 'x-compute-request-id': 'req-d43ffaae-7375-4b70-9d16-e95ee70b8a93', 'vary': 'X-OpenStack-Nova-API-Version', 'connection': 'close', 'x-openstack-nova-api-version': '2.1', 'date': 'Tue, 26 Jan 2016 18:20:15 GMT', 'content-type': 'application/json'}
        Body: {"server": {"status": "ACTIVE", "updated": "2016-01-26T18:20:14Z", "hostId": "e186e61957a1343c8d34eea6cb9221bb5ccea0e09088737e87d6e1c3", "addresses": {"tempest-network-smoke--1586754681": [{"OS-EXT-IPS-MAC:mac_addr": "fa:16:3e:4f:82:cb", "version": 4, "addr": "10.100.0.3", "OS-EXT-IPS:type": "fixed"}, {"OS-EXT-IPS-MAC:mac_addr": "fa:16:3e:4f:82:cb", "version": 6, "addr": "2003::f816:3eff:fe4f:82cb", "OS-EXT-IPS:type": "fixed"}]}, "links": [{"href": "http://10.4.1.3:8774/v2.1/9dd698dd61814311b69a2556593e2669/servers/0e05f03d-f7f0-4edf-afc0-e69c2c525873", "rel": "self"}, {"href": "http://10.4.1.3:8774/9dd698dd61814311b69a2556593e2669/servers/0e05f03d-f7f0-4edf-afc0-e69c2c525873", "rel": "bookmark"}], "key_name": "tempest-TestGettingAddress-1768674327", "image": {"id": "4782ce67-f867-4023-b454-1dc2f901a108", "links": [{"href": "http://10.4.1.3:8774/9dd698dd61814311b69a2556593e2669/images/4782ce67-f867-4023-b454-1dc2f901a108", "rel": "bookmark"}]}, "OS-EXT-STS:task_state": null, "OS-EXT-STS:vm_state": "active", "OS-SRV-USG:launched_at": "2016-01-26T18:20:13.000000", "flavor": {"id": "42", "links": [{"href": "http://10.4.1.3:8774/9dd698dd61814311b69a2556593e2669/flavors/42", "rel": "bookmark"}]}, "id": "0e05f03d-f7f0-4edf-afc0-e69c2c525873", "security_groups": [{"name": "tempest-secgroup-smoke-634846976"}], "OS-SRV-USG:terminated_at": null, "OS-EXT-AZ:availability_zone": "nova", "user_id": "15e0db4968fc4a4eb0127d47af3859e4", "name": "tempest.common.compute-instance-140217203", "created": "2016-01-26T18:20:09Z", "tenant_id": "9dd698dd61814311b69a2556593e2669", "OS-DCF:diskConfig": "MANUAL", "os-extended-volumes:volumes_attached": [], "accessIPv4": "", "accessIPv6": "", "progress": 0, "OS-EXT-STS:power_state": 1, "config_drive": "True", "metadata": {}}}
2016-01-26 18:20:15,722 15821 INFO     [tempest_lib.common.rest_client] Request (TestGettingAddress:test_dhcp6_stateless_from_os): 200 GET http://10.4.1.3:9696/v2.0/ports?status=ACTIVE&amp;fixed_ip=None&amp;device_id=0e05f03d-f7f0-4edf-afc0-e69c2c525873 0.154s
2016-01-26 18:20:15,722 15821 DEBUG    [tempest_lib.common.rest_client] Request - Headers: {'Content-Type': 'application/json', 'Accept': 'application/json', 'X-Auth-Token': '&lt;omitted&gt;'}
        Body: None
    Response - Headers: {'status': '200', 'content-length': '1142', 'content-location': 'http://10.4.1.3:9696/v2.0/ports?status=ACTIVE&amp;fixed_ip=None&amp;device_id=0e05f03d-f7f0-4edf-afc0-e69c2c525873', 'connection': 'close', 'date': 'Tue, 26 Jan 2016 18:20:15 GMT', 'content-type': 'application/json; charset=UTF-8', 'x-openstack-request-id': 'req-7c2b6444-06df-4dd8-9504-a0b8c3ba4e0b'}
        Body: {"ports": [{"status": "ACTIVE", "binding:host_id": "vagrant-ubuntu-trusty-64", "allowed_address_pairs": [], "extra_dhcp_opts": [], "dns_assignment": [{"hostname": "host-10-100-0-3", "ip_address": "10.100.0.3", "fqdn": "host-10-100-0-3.openstacklocal."}, {"hostname": "host-2003--f816-3eff-fe4f-82cb", "ip_address": "2003::f816:3eff:fe4f:82cb", "fqdn": "host-2003--f816-3eff-fe4f-82cb.openstacklocal."}], "device_owner": "compute:None", "port_security_enabled": true, "binding:profile": {}, "fixed_ips": [{"subnet_id": "5d507c88-a507-4a59-943f-6637b3269ca3", "ip_address": "10.100.0.3"}, {"subnet_id": "d32a45f4-2481-4c0f-b3e4-370013b59516", "ip_address": "2003::f816:3eff:fe4f:82cb"}], "id": "d8bc5378-6546-4de6-bfee-31a6b4d28541", "security_groups": ["73b61328-abee-4a49-ac1e-6fdb96b66c96"], "device_id": "0e05f03d-f7f0-4edf-afc0-e69c2c525873", "name": "", "admin_state_up": true, "network_id": "69b6a6fb-e983-48c7-88e4-d54fca9df0f0", "dns_name": "", "binding:vif_details": {"port_filter": true}, "binding:vnic_type": "normal", "binding:vif_type": "ovs", "tenant_id": "9dd698dd61814311b69a2556593e2669", "mac_address": "fa:16:3e:4f:82:cb"}]}
2016-01-26 18:20:16,364 15821 INFO     [tempest_lib.common.rest_client] Request (TestGettingAddress:test_dhcp6_stateless_from_os): 201 POST http://10.4.1.3:9696/v2.0/floatingips 0.640s
2016-01-26 18:20:16,365 15821 DEBUG    [tempest_lib.common.rest_client] Request - Headers: {'Content-Type': 'application/json', 'Accept': 'application/json', 'X-Auth-Token': '&lt;omitted&gt;'}
        Body: {"floatingip": {"floating_network_id": "95d922c5-9fd1-434e-b96c-d1da8f4237aa", "tenant_id": "9dd698dd61814311b69a2556593e2669", "fixed_ip_address": "10.100.0.3", "port_id": "d8bc5378-6546-4de6-bfee-31a6b4d28541"}}
    Response - Headers: {'status': '201', 'content-length': '369', 'connection': 'close', 'date': 'Tue, 26 Jan 2016 18:20:16 GMT', 'content-type': 'application/json; charset=UTF-8', 'x-openstack-request-id': 'req-6e63c5be-410f-40de-a5bc-faaf96b0d59c'}
        Body: {"floatingip": {"floating_network_id": "95d922c5-9fd1-434e-b96c-d1da8f4237aa", "router_id": "3c62280d-f8f7-4837-96fb-b6e5367af370", "fixed_ip_address": "10.100.0.3", "floating_ip_address": "172.24.4.4", "tenant_id": "9dd698dd61814311b69a2556593e2669", "status": "ACTIVE", "port_id": "d8bc5378-6546-4de6-bfee-31a6b4d28541", "id": "10f52cbc-26a6-480d-8d5a-604fe173ac2e"}}
2016-01-26 18:20:16,366 15821 INFO     [tempest_lib.common.ssh] Creating ssh connection to '172.24.4.4' as 'cirros' with public key authentication
2016-01-26 18:21:16,418 15821 WARNING  [tempest_lib.common.ssh] Failed to establish authenticated ssh connection to cirros@172.24.4.4 (timed out). Number attempts: 1. Retry after 2 seconds.
2016-01-26 18:22:18,973 15821 WARNING  [tempest_lib.common.ssh] Failed to establish authenticated ssh connection to cirros@172.24.4.4 (timed out). Number attempts: 2. Retry after 3 seconds.
2016-01-26 18:23:22,511 15821 WARNING  [tempest_lib.common.ssh] Failed to establish authenticated ssh connection to cirros@172.24.4.4 (timed out). Number attempts: 3. Retry after 4 seconds.
2016-01-26 18:24:27,074 15821 ERROR    [tempest_lib.common.ssh] Failed to establish authenticated ssh connection to cirros@172.24.4.4 after 3 attempts
2016-01-26 18:24:27.074 15821 ERROR tempest_lib.common.ssh Traceback (most recent call last):
2016-01-26 18:24:27.074 15821 ERROR tempest_lib.common.ssh   File "/usr/local/lib/python2.7/dist-packages/tempest_lib/common/ssh.py", line 75, in _get_ssh_connection
2016-01-26 18:24:27.074 15821 ERROR tempest_lib.common.ssh     timeout=self.channel_timeout, pkey=self.pkey)
2016-01-26 18:24:27.074 15821 ERROR tempest_lib.common.ssh   File "/usr/local/lib/python2.7/dist-packages/paramiko/client.py", line 292, in connect
2016-01-26 18:24:27.074 15821 ERROR tempest_lib.common.ssh     retry_on_signal(lambda: sock.connect(addr))
2016-01-26 18:24:27.074 15821 ERROR tempest_lib.common.ssh   File "/usr/local/lib/python2.7/dist-packages/paramiko/util.py", line 270, in retry_on_signal
2016-01-26 18:24:27.074 15821 ERROR tempest_lib.common.ssh     return function()
2016-01-26 18:24:27.074 15821 ERROR tempest_lib.common.ssh   File "/usr/local/lib/python2.7/dist-packages/paramiko/client.py", line 292, in &lt;lambda&gt;
2016-01-26 18:24:27.074 15821 ERROR tempest_lib.common.ssh     retry_on_signal(lambda: sock.connect(addr))
2016-01-26 18:24:27.074 15821 ERROR tempest_lib.common.ssh   File "/usr/lib/python2.7/socket.py", line 224, in meth
2016-01-26 18:24:27.074 15821 ERROR tempest_lib.common.ssh     return getattr(self._sock,name)(*args)
2016-01-26 18:24:27.074 15821 ERROR tempest_lib.common.ssh timeout: timed out
2016-01-26 18:24:27.074 15821 ERROR tempest_lib.common.ssh 
2016-01-26 18:24:27,078 15821 ERROR    [tempest.scenario.manager] (TestGettingAddress:test_dhcp6_stateless_from_os) Initializing SSH connection to 172.24.4.4 failed. Error: Connection to the 172.24.4.4 via SSH timed out.
User: cirros, Password: None
2016-01-26 18:24:27.078 15821 ERROR tempest.scenario.manager Traceback (most recent call last):
2016-01-26 18:24:27.078 15821 ERROR tempest.scenario.manager   File "tempest/scenario/manager.py", line 390, in get_remote_client
2016-01-26 18:24:27.078 15821 ERROR tempest.scenario.manager     linux_client.validate_authentication()
2016-01-26 18:24:27.078 15821 ERROR tempest.scenario.manager   File "tempest/common/utils/linux/remote_client.py", line 63, in validate_authentication
2016-01-26 18:24:27.078 15821 ERROR tempest.scenario.manager     self.ssh_client.test_connection_auth()
2016-01-26 18:24:27.078 15821 ERROR tempest.scenario.manager   File "/usr/local/lib/python2.7/dist-packages/tempest_lib/common/ssh.py", line 172, in test_connection_auth
2016-01-26 18:24:27.078 15821 ERROR tempest.scenario.manager     connection = self._get_ssh_connection()
2016-01-26 18:24:27.078 15821 ERROR tempest.scenario.manager   File "/usr/local/lib/python2.7/dist-packages/tempest_lib/common/ssh.py", line 87, in _get_ssh_connection
2016-01-26 18:24:27.078 15821 ERROR tempest.scenario.manager     password=self.password)
2016-01-26 18:24:27.078 15821 ERROR tempest.scenario.manager SSHTimeout: Connection to the 172.24.4.4 via SSH timed out.
2016-01-26 18:24:27.078 15821 ERROR tempest.scenario.manager User: cirros, Password: None
2016-01-26 18:24:27.078 15821 ERROR tempest.scenario.manager 
2016-01-26 18:24:27,322 15821 INFO     [tempest_lib.common.rest_client] Request (TestGettingAddress:test_dhcp6_stateless_from_os): 200 GET http://10.4.1.3:8774/v2.1/9dd698dd61814311b69a2556593e2669/servers 0.242s
2016-01-26 18:24:27,322 15821 DEBUG    [tempest_lib.common.rest_client] Request - Headers: {'Content-Type': 'application/json', 'Accept': 'application/json', 'X-Auth-Token': '&lt;omitted&gt;'}
        Body: None
    Response - Headers: {'status': '200', 'content-length': '388', 'content-location': 'http://10.4.1.3:8774/v2.1/9dd698dd61814311b69a2556593e2669/servers', 'x-compute-request-id': 'req-0a68930b-a08e-44bc-bbc3-0d28125f188c', 'vary': 'X-OpenStack-Nova-API-Version', 'connection': 'close', 'x-openstack-nova-api-version': '2.1', 'date': 'Tue, 26 Jan 2016 18:24:27 GMT', 'content-type': 'application/json'}
        Body: {"servers": [{"id": "0e05f03d-f7f0-4edf-afc0-e69c2c525873", "links": [{"href": "http://10.4.1.3:8774/v2.1/9dd698dd61814311b69a2556593e2669/servers/0e05f03d-f7f0-4edf-afc0-e69c2c525873", "rel": "self"}, {"href": "http://10.4.1.3:8774/9dd698dd61814311b69a2556593e2669/servers/0e05f03d-f7f0-4edf-afc0-e69c2c525873", "rel": "bookmark"}], "name": "tempest.common.compute-instance-140217203"}]}
2016-01-26 18:24:27,708 15821 INFO     [tempest_lib.common.rest_client] Request (TestGettingAddress:test_dhcp6_stateless_from_os): 200 POST http://10.4.1.3:8774/v2.1/9dd698dd61814311b69a2556593e2669/servers/0e05f03d-f7f0-4edf-afc0-e69c2c525873/action 0.380s
2016-01-26 18:24:27,709 15821 DEBUG    [tempest_lib.common.rest_client] Request - Headers: {'Content-Type': 'application/json', 'Accept': 'application/json', 'X-Auth-Token': '&lt;omitted&gt;'}
        Body: {"os-getConsoleOutput": {}}
    Response - Headers: {'status': '200', 'content-length': '24627', 'x-compute-request-id': 'req-ac7c10ab-94bd-4ebe-89c5-a627483ca143', 'vary': 'X-OpenStack-Nova-API-Version', 'connection': 'close', 'x-openstack-nova-api-version': '2.1', 'date': 'Tue, 26 Jan 2016 18:24:27 GMT', 'content-type': 'application/json'}
        Body: {"output": "[    0.000000] Initializing cgroup subsys cpuset\n[    0.000000] Initializing cgroup subsys cpu\n[    0.000000] Linux version 3.2.0-80-virtual (buildd@batsu) (gcc version 4.6.3 (Ubuntu/Linaro 4.6.3-1ubuntu5) ) #116-Ubuntu SMP Mon Mar 23 17:28:52 UTC 2015 (Ubuntu 3.2.0-80.116-virtual 3.2.68)\n[    0.000000] Command line: root=/dev/vda console=tty0 console=ttyS0 no_timer_check\n[    0.000000] KERNEL supported cpus:\n[    0.000000]   Intel GenuineIntel\n[    0.000000]   AMD AuthenticAMD\n[    0.000000]   Centaur CentaurHauls\n[    0.000000] BIOS-provided physical RAM map:\n[    0.000000]  BIOS-e820: 0000000000000000 - 000000000009fc00 (usable)\n[    0.000000]  BIOS-e820: 000000000009fc00 - 00000000000a0000 (reserved)\n[    0.000000]  BIOS-e820: 00000000000f0000 - 0000000000100000 (reserved)\n[    0.000000]  BIOS-e820: 0000000000100000 - 0000000003ffe000 (usable)\n[    0.000000]  BIOS-e820: 0000000003ffe000 - 0000000004000000 (reserved)\n[    0.000000]  BIOS-e820: 00000000fffc0000 - 0000000100000000 (reserved)\n[    0.000000] NX (Execute Disable) protection: active\n[    0.000000] SMBIOS 2.4 present.\n[    0.000000] No AGP bridge found\n[    0.000000] last_pfn = 0x3ffe max_arch_pfn = 0x400000000\n[    0.000000] x86 PAT enabled: cpu 0, old 0x7040600070406, new 0x7010600070106\n[    0.000000] found SMP MP-table at [ffff8800000f0b00] f0b00\n[    0.000000] init_memory_mapping: 0000000000000000-0000000003ffe000\n[    0.000000] RAMDISK: 03c5e000 - 03ff0000\n[    0.000000] ACPI: RSDP 00000000000f0950 00014 (v00 BOCHS )\n[    0.000000] ACPI: RSDT 0000000003fffbc1 00034 (v01 BOCHS  BXPCRSDT 00000001 BXPC 00000001)\n[    0.000000] ACPI: FACP 0000000003fff1c0 00074 (v01 BOCHS  BXPCFACP 00000001 BXPC 00000001)\n[    0.000000] ACPI: DSDT 0000000003ffe040 01180 (v01 BOCHS  BXPCDSDT 00000001 BXPC 00000001)\n[    0.000000] ACPI: FACS 0000000003ffe000 00040\n[    0.000000] ACPI: SSDT 0000000003fff234 008DD (v01 BOCHS  BXPCSSDT 00000001 BXPC 00000001)\n[    0.000000] ACPI: APIC 0000000003fffb11 00078 (v01 BOCHS  BXPCAPIC 00000001 BXPC 00000001)\n[    0.000000] ACPI: HPET 0000000003fffb89 00038 (v01 BOCHS  BXPCHPET 00000001 BXPC 00000001)\n[    0.000000] No NUMA configuration found\n[    0.000000] Faking a node at 0000000000000000-0000000003ffe000\n[    0.000000] Initmem setup node 0 0000000000000000-0000000003ffe000\n[    0.000000]   NODE_DATA [0000000003ff6000 - 0000000003ffafff]\n[    0.000000] Zone PFN ranges:\n[    0.000000]   DMA      0x00000010 -&gt; 0x00001000\n[    0.000000]   DMA32    0x00001000 -&gt; 0x00100000\n[    0.000000]   Normal   empty\n[    0.000000] Movable zone start PFN for each node\n[    0.000000] early_node_map[2] active PFN ranges\n[    0.000000]     0: 0x00000010 -&gt; 0x0000009f\n[    0.000000]     0: 0x00000100 -&gt; 0x00003ffe\n[    0.000000] ACPI: PM-Timer IO Port: 0xb008\n[    0.000000] ACPI: LAPIC (acpi_id[0x00] lapic_id[0x00] enabled)\n[    0.000000] ACPI: LAPIC_NMI (acpi_id[0xff] dfl dfl lint[0x1])\n[    0.000000] ACPI: IOAPIC (id[0x00] address[0xfec00000] gsi_base[0])\n[    0.000000] IOAPIC[0]: apic_id 0, version 17, address 0xfec00000, GSI 0-23\n[    0.000000] ACPI: INT_SRC_OVR (bus 0 bus_irq 0 global_irq 2 dfl dfl)\n[    0.000000] ACPI: INT_SRC_OVR (bus 0 bus_irq 5 global_irq 5 high level)\n[    0.000000] ACPI: INT_SRC_OVR (bus 0 bus_irq 9 global_irq 9 high level)\n[    0.000000] ACPI: INT_SRC_OVR (bus 0 bus_irq 10 global_irq 10 high level)\n[    0.000000] ACPI: INT_SRC_OVR (bus 0 bus_irq 11 global_irq 11 high level)\n[    0.000000] Using ACPI (MADT) for SMP configuration information\n[    0.000000] ACPI: HPET id: 0x8086a201 base: 0xfed00000\n[    0.000000] SMP: Allowing 1 CPUs, 0 hotplug CPUs\n[    0.000000] PM: Registered nosave memory: 000000000009f000 - 00000000000a0000\n[    0.000000] PM: Registered nosave memory: 00000000000a0000 - 00000000000f0000\n[    0.000000] PM: Registered nosave memory: 00000000000f0000 - 0000000000100000\n[    0.000000] Allocating PCI resources starting at 4000000 (gap: 4000000:fbfc0000)\n[    0.000000] Booting paravirtualized kernel on bare hardware\n[    0.000000] setup_pe
2016-01-26 18:24:27,712 15821 DEBUG    [tempest.scenario.manager] Console output for 0e05f03d-f7f0-4edf-afc0-e69c2c525873
body=
[    0.000000] Initializing cgroup subsys cpuset
[    0.000000] Initializing cgroup subsys cpu
[    0.000000] Linux version 3.2.0-80-virtual (buildd@batsu) (gcc version 4.6.3 (Ubuntu/Linaro 4.6.3-1ubuntu5) ) #116-Ubuntu SMP Mon Mar 23 17:28:52 UTC 2015 (Ubuntu 3.2.0-80.116-virtual 3.2.68)
[    0.000000] Command line: root=/dev/vda console=tty0 console=ttyS0 no_timer_check
[    0.000000] KERNEL supported cpus:
[    0.000000]   Intel GenuineIntel
[    0.000000]   AMD AuthenticAMD
[    0.000000]   Centaur CentaurHauls
[    0.000000] BIOS-provided physical RAM map:
[    0.000000]  BIOS-e820: 0000000000000000 - 000000000009fc00 (usable)
[    0.000000]  BIOS-e820: 000000000009fc00 - 00000000000a0000 (reserved)
[    0.000000]  BIOS-e820: 00000000000f0000 - 0000000000100000 (reserved)
[    0.000000]  BIOS-e820: 0000000000100000 - 0000000003ffe000 (usable)
[    0.000000]  BIOS-e820: 0000000003ffe000 - 0000000004000000 (reserved)
[    0.000000]  BIOS-e820: 00000000fffc0000 - 0000000100000000 (reserved)
[    0.000000] NX (Execute Disable) protection: active
[    0.000000] SMBIOS 2.4 present.
[    0.000000] No AGP bridge found
[    0.000000] last_pfn = 0x3ffe max_arch_pfn = 0x400000000
[    0.000000] x86 PAT enabled: cpu 0, old 0x7040600070406, new 0x7010600070106
[    0.000000] found SMP MP-table at [ffff8800000f0b00] f0b00
[    0.000000] init_memory_mapping: 0000000000000000-0000000003ffe000
[    0.000000] RAMDISK: 03c5e000 - 03ff0000
[    0.000000] ACPI: RSDP 00000000000f0950 00014 (v00 BOCHS )
[    0.000000] ACPI: RSDT 0000000003fffbc1 00034 (v01 BOCHS  BXPCRSDT 00000001 BXPC 00000001)
[    0.000000] ACPI: FACP 0000000003fff1c0 00074 (v01 BOCHS  BXPCFACP 00000001 BXPC 00000001)
[    0.000000] ACPI: DSDT 0000000003ffe040 01180 (v01 BOCHS  BXPCDSDT 00000001 BXPC 00000001)
[    0.000000] ACPI: FACS 0000000003ffe000 00040
[    0.000000] ACPI: SSDT 0000000003fff234 008DD (v01 BOCHS  BXPCSSDT 00000001 BXPC 00000001)
[    0.000000] ACPI: APIC 0000000003fffb11 00078 (v01 BOCHS  BXPCAPIC 00000001 BXPC 00000001)
[    0.000000] ACPI: HPET 0000000003fffb89 00038 (v01 BOCHS  BXPCHPET 00000001 BXPC 00000001)
[    0.000000] No NUMA configuration found
[    0.000000] Faking a node at 0000000000000000-0000000003ffe000
[    0.000000] Initmem setup node 0 0000000000000000-0000000003ffe000
[    0.000000]   NODE_DATA [0000000003ff6000 - 0000000003ffafff]
[    0.000000] Zone PFN ranges:
[    0.000000]   DMA      0x00000010 -&gt; 0x00001000
[    0.000000]   DMA32    0x00001000 -&gt; 0x00100000
[    0.000000]   Normal   empty
[    0.000000] Movable zone start PFN for each node
[    0.000000] early_node_map[2] active PFN ranges
[    0.000000]     0: 0x00000010 -&gt; 0x0000009f
[    0.000000]     0: 0x00000100 -&gt; 0x00003ffe
[    0.000000] ACPI: PM-Timer IO Port: 0xb008
[    0.000000] ACPI: LAPIC (acpi_id[0x00] lapic_id[0x00] enabled)
[    0.000000] ACPI: LAPIC_NMI (acpi_id[0xff] dfl dfl lint[0x1])
[    0.000000] ACPI: IOAPIC (id[0x00] address[0xfec00000] gsi_base[0])
[    0.000000] IOAPIC[0]: apic_id 0, version 17, address 0xfec00000, GSI 0-23
[    0.000000] ACPI: INT_SRC_OVR (bus 0 bus_irq 0 global_irq 2 dfl dfl)
[    0.000000] ACPI: INT_SRC_OVR (bus 0 bus_irq 5 global_irq 5 high level)
[    0.000000] ACPI: INT_SRC_OVR (bus 0 bus_irq 9 global_irq 9 high level)
[    0.000000] ACPI: INT_SRC_OVR (bus 0 bus_irq 10 global_irq 10 high level)
[    0.000000] ACPI: INT_SRC_OVR (bus 0 bus_irq 11 global_irq 11 high level)
[    0.000000] Using ACPI (MADT) for SMP configuration information
[    0.000000] ACPI: HPET id: 0x8086a201 base: 0xfed00000
[    0.000000] SMP: Allowing 1 CPUs, 0 hotplug CPUs
[    0.000000] PM: Registered nosave memory: 000000000009f000 - 00000000000a0000
[    0.000000] PM: Registered nosave memory: 00000000000a0000 - 00000000000f0000
[    0.000000] PM: Registered nosave memory: 00000000000f0000 - 0000000000100000
[    0.000000] Allocating PCI resources starting at 4000000 (gap: 4000000:fbfc0000)
[    0.000000] Booting paravirtualized kernel on bare hardware
[    0.000000] setup_percpu: NR_CPUS:64 nr_cpumask_bits:64 nr_cpu_ids:1 nr_node_ids:1
[    0.000000] PERCPU: Embedded 27 pages/cpu @ffff880003a00000 s78848 r8192 d23552 u2097152
[    0.000000] Built 1 zonelists in Node order, mobility grouping on.  Total pages: 16008
[    0.000000] Policy zone: DMA32
[    0.000000] Kernel command line: root=/dev/vda console=tty0 console=ttyS0 no_timer_check
[    0.000000] PID hash table entries: 256 (order: -1, 2048 bytes)
[    0.000000] Checking aperture...
[    0.000000] No AGP bridge found
[    0.000000] Memory: 43492k/65528k available (6576k kernel code, 452k absent, 21584k reserved, 6620k data, 928k init)
[    0.000000] SLUB: Genslabs=15, HWalign=64, Order=0-3, MinObjects=0, CPUs=1, Nodes=1
[    0.000000] Hierarchical RCU implementation.
[    0.000000] 	RCU dyntick-idle grace-period acceleration is enabled.
[    0.000000] NR_IRQS:4352 nr_irqs:256 16
[    0.000000] Console: colour VGA+ 80x25
[    0.000000] console [tty0] enabled
[    0.000000] console [ttyS0] enabled
[    0.000000] allocated 1048576 bytes of page_cgroup
[    0.000000] please try 'cgroup_disable=memory' option if you don't want memory cgroups
[    0.000000] Fast TSC calibration failed
[    0.000000] TSC: Unable to calibrate against PIT
[    0.000000] TSC: using HPET reference calibration
[    0.000000] Detected 2294.066 MHz processor.
[    0.032808] Calibrating delay loop (skipped), value calculated using timer frequency.. 4588.13 BogoMIPS (lpj=9176264)
[    0.036902] pid_max: default: 32768 minimum: 301
[    0.050687] Security Framework initialized
[    0.056743] AppArmor: AppArmor initialized
[    0.057973] Yama: becoming mindful.
[    0.069556] Dentry cache hash table entries: 8192 (order: 4, 65536 bytes)
[    0.072650] Inode-cache hash table entries: 4096 (order: 3, 32768 bytes)
[    0.074268] Mount-cache hash table entries: 256
[    0.090708] Initializing cgroup subsys cpuacct
[    0.092333] Initializing cgroup subsys memory
[    0.093748] Initializing cgroup subsys devices
[    0.094526] Initializing cgroup subsys freezer
[    0.095244] Initializing cgroup subsys blkio
[    0.096203] Initializing cgroup subsys perf_event
[    0.101121] mce: CPU supports 10 MCE banks
[    0.104696] SMP alternatives: switching to UP code
[    0.514615] Freeing SMP alternatives: 24k freed
[    0.517044] ACPI: Core revision 20110623
[    0.566672] ftrace: allocating 26610 entries in 105 pages
[    0.602219] ..TIMER: vector=0x30 apic1=0 pin1=2 apic2=-1 pin2=-1
[    0.604166] CPU0: AMD QEMU Virtual CPU version 2.0.0 stepping 03
[    0.608037] Performance Events: Broken PMU hardware detected, using software events only.
[    0.616395] NMI watchdog disabled (cpu0): hardware events not enabled
[    0.617766] Brought up 1 CPUs
[    0.618301] Total of 1 processors activated (4588.13 BogoMIPS).
[    0.643057] devtmpfs: initialized
[    0.677449] EVM: security.selinux
[    0.678391] EVM: security.SMACK64
[    0.680123] EVM: security.capability
[    0.707622] print_constraints: dummy: 
[    0.709415] RTC time: 18:20:17, date: 01/26/16
[    0.713081] NET: Registered protocol family 16
[    0.721463] ACPI: bus type pci registered
[    0.725425] PCI: Using configuration type 1 for base access
[    0.756751] bio: create slab &lt;bio-0&gt; at 0
[    0.760864] ACPI: Added _OSI(Module Device)
[    0.762178] ACPI: Added _OSI(Processor Device)
[    0.762708] ACPI: Added _OSI(3.0 _SCP Extensions)
[    0.764107] ACPI: Added _OSI(Processor Aggregator Device)
[    0.858491] ACPI: Interpreter enabled
[    0.860175] ACPI: (supports S0 S3 S4 S5)
[    0.862214] ACPI: Using IOAPIC for interrupt routing
[    0.953181] ACPI: No dock devices found.
[    0.954019] HEST: Table not found.
[    0.954895] PCI: Using host bridge windows from ACPI; if necessary, use "pci=nocrs" and report a bug
[    0.965283] ACPI: PCI Root Bridge [PCI0] (domain 0000 [bus 00-ff])
[    0.972751] pci_root PNP0A03:00: host bridge window [io  0x0000-0x0cf7]
[    0.973720] pci_root PNP0A03:00: host bridge window [io  0x0d00-0xadff]
[    0.974622] pci_root PNP0A03:00: host bridge window [io  0xae0f-0xaeff]
[    0.975575] pci_root PNP0A03:00: host bridge window [io  0xaf20-0xafdf]
[    0.976159] pci_root PNP0A03:00: host bridge window [io  0xafe4-0xffff]
[    0.980186] pci_root PNP0A03:00: host bridge window [mem 0x000a0000-0x000bffff]
[    0.981050] pci_root PNP0A03:00: host bridge window [mem 0x04000000-0xfebfffff]
[    1.009983] pci 0000:00:01.3: quirk: [io  0xb000-0xb03f] claimed by PIIX4 ACPI
[    1.012226] pci 0000:00:01.3: quirk: [io  0xb100-0xb10f] claimed by PIIX4 SMB
[    1.098867]  pci0000:00: Unable to request _OSC control (_OSC support mask: 0x1e)
[    1.183488] ACPI: PCI Interrupt Link [LNKA] (IRQs 5 *10 11)
[    1.185779] ACPI: PCI Interrupt Link [LNKB] (IRQs 5 *10 11)
[    1.188758] ACPI: PCI Interrupt Link [LNKC] (IRQs 5 10 *11)
[    1.190139] ACPI: PCI Interrupt Link [LNKD] (IRQs 5 10 *11)
[    1.192215] ACPI: PCI Interrupt Link [LNKS] (IRQs *9)
[    1.198986] vgaarb: device added: PCI:0000:00:02.0,decodes=io+mem,owns=io+mem,locks=none
[    1.200214] vgaarb: loaded
[    1.200650] vgaarb: bridge control possible 0000:00:02.0
[    1.204854] i2c-core: driver [aat2870] using legacy suspend method
[    1.205565] i2c-core: driver [aat2870] using legacy resume method
[    1.209034] SCSI subsystem initialized
[    1.212769] usbcore: registered new interface driver usbfs
[    1.213835] usbcore: registered new interface driver hub
[    1.215298] usbcore: registered new device driver usb
[    1.218949] PCI: Using ACPI for IRQ routing
[    1.230005] NetLabel: Initializing
[    1.230475] NetLabel:  domain hash size = 128
[    1.230984] NetLabel:  protocols = UNLABELED CIPSOv4
[    1.233496] NetLabel:  unlabeled traffic allowed by default
[    1.236248] HPET: 3 timers in total, 0 timers will be used for per-cpu timer
[    1.237428] hpet0: at MMIO 0xfed00000, IRQs 2, 8, 0
[    1.238212] hpet0: 3 comparators, 64-bit 100.000000 MHz counter
[    1.252860] Switching to clocksource hpet
[    1.530333] AppArmor: AppArmor Filesystem Enabled
[    1.531971] pnp: PnP ACPI init
[    1.533865] ACPI: bus type pnp registered
[    1.557564] pnp: PnP ACPI: found 9 devices
[    1.558183] ACPI: ACPI bus type pnp unregistered
[    1.630648] NET: Registered protocol family 2
[    1.675402] IP route cache hash table entries: 512 (order: 0, 4096 bytes)
[    1.684274] TCP established hash table entries: 2048 (order: 3, 32768 bytes)
[    1.687154] TCP bind hash table entries: 2048 (order: 3, 32768 bytes)
[    1.687890] TCP: Hash tables configured (established 2048 bind 2048)
[    1.689729] TCP reno registered
[    1.690200] UDP hash table entries: 128 (order: 0, 4096 bytes)
[    1.691309] UDP-Lite hash table entries: 128 (order: 0, 4096 bytes)
[    1.695073] NET: Registered protocol family 1
[    1.696153] pci 0000:00:00.0: Limiting direct PCI/PCI transfers
[    1.697841] pci 0000:00:01.0: PIIX3: Enabling Passive Release
[    1.698694] pci 0000:00:01.0: Activating ISA DMA hang workarounds
[    1.703697] ACPI: PCI Interrupt Link [LNKD] enabled at IRQ 11
[    1.706369] pci 0000:00:01.2: PCI INT D -&gt; Link[LNKD] -&gt; GSI 11 (level, high) -&gt; IRQ 11
[    1.709346] pci 0000:00:01.2: PCI INT D disabled
[    1.728885] Trying to unpack rootfs image as initramfs...
[    1.747981] audit: initializing netlink socket (disabled)
[    1.750204] type=2000 audit(1453832417.748:1): initialized
[    2.046716] HugeTLB registered 2 MB page size, pre-allocated 0 pages
[    2.144342] VFS: Disk quotas dquot_6.5.2
[    2.146917] Dquot-cache hash table entries: 512 (order 0, 4096 bytes)
[    2.166347] fuse init (API version 7.17)
[    2.168394] msgmni has been set to 84
[    2.207379] Block layer SCSI generic (bsg) driver version 0.4 loaded (major 253)
[    2.217301] io scheduler noop registered
[    2.217876] io scheduler deadline registered (default)
[    2.219028] io scheduler cfq registered
[    2.222944] pci_hotplug: PCI Hot Plug PCI Core version: 0.5
[    2.225899] pciehp: PCI Express Hot Plug Controller Driver version: 0.4
[    2.231041] input: Power Button as /devices/LNXSYSTM:00/LNXPWRBN:00/input/input0
[    2.233686] ACPI: Power Button [PWRF]
[    2.293735] ERST: Table is not found!
[    2.294290] GHES: HEST is not enabled!
[    2.306336] ACPI: PCI Interrupt Link [LNKC] enabled at IRQ 10
[    2.307079] virtio-pci 0000:00:03.0: PCI INT A -&gt; Link[LNKC] -&gt; GSI 10 (level, high) -&gt; IRQ 10
[    2.310665] virtio-pci 0000:00:04.0: PCI INT A -&gt; Link[LNKD] -&gt; GSI 11 (level, high) -&gt; IRQ 11
[    2.319850] ACPI: PCI Interrupt Link [LNKA] enabled at IRQ 10
[    2.320890] virtio-pci 0000:00:05.0: PCI INT A -&gt; Link[LNKA] -&gt; GSI 10 (level, high) -&gt; IRQ 10
[    2.335114] Serial: 8250/16550 driver, 32 ports, IRQ sharing enabled
[    2.373325] serial8250: ttyS0 at I/O 0x3f8 (irq = 4) is a 16550A
[    2.447592] serial8250: ttyS1 at I/O 0x2f8 (irq = 3) is a 16550A
[    2.586803] 00:05: ttyS0 at I/O 0x3f8 (irq = 4) is a 16550A
[    2.669363] 00:06: ttyS1 at I/O 0x2f8 (irq = 3) is a 16550A
[    2.715434] Refined TSC clocksource calibration: 2294.159 MHz.
[    2.717950] Switching to clocksource tsc
[    2.726247] Linux agpgart interface v0.103
[    2.812915] brd: module loaded
[    2.843697] loop: module loaded
[    2.897608]  vda: unknown partition table
[    2.950017] scsi0 : ata_piix
[    2.952309] scsi1 : ata_piix
[    2.954381] ata1: PATA max MWDMA2 cmd 0x1f0 ctl 0x3f6 bmdma 0xc0a0 irq 14
[    2.955694] ata2: PATA max MWDMA2 cmd 0x170 ctl 0x376 bmdma 0xc0a8 irq 15
[    2.966346] Fixed MDIO Bus: probed
[    2.967121] tun: Universal TUN/TAP device driver, 1.6
[    2.967740] tun: (C) 1999-2004 Max Krasnyansky &lt;maxk@qualcomm.com&gt;
[    2.983141] PPP generic driver version 2.4.2
[    3.015302] ehci_hcd: USB 2.0 'Enhanced' Host Controller (EHCI) Driver
[    3.017269] ohci_hcd: USB 1.1 'Open' Host Controller (OHCI) Driver
[    3.018448] uhci_hcd: USB Universal Host Controller Interface driver
[    3.019411] uhci_hcd 0000:00:01.2: PCI INT D -&gt; Link[LNKD] -&gt; GSI 11 (level, high) -&gt; IRQ 11
[    3.022783] uhci_hcd 0000:00:01.2: UHCI Host Controller
[    3.033714] uhci_hcd 0000:00:01.2: new USB bus registered, assigned bus number 1
[    3.035622] uhci_hcd 0000:00:01.2: irq 11, io base 0x0000c040
[    3.066193] hub 1-0:1.0: USB hub found
[    3.067693] hub 1-0:1.0: 2 ports detected
[    3.074859] usbcore: registered new interface driver libusual
[    3.080076] i8042: PNP: PS/2 Controller [PNP0303:KBD,PNP0f13:MOU] at 0x60,0x64 irq 1,12
[    3.092841] serio: i8042 KBD port at 0x60,0x64 irq 1
[    3.095859] serio: i8042 AUX port at 0x60,0x64 irq 12
[    3.141178] mousedev: PS/2 mouse device common for all mice
[    3.150020] input: AT Translated Set 2 keyboard as /devices/platform/i8042/serio0/input/input1
[    3.175624] rtc_cmos 00:01: RTC can wake from S4
[    3.193397] rtc_cmos 00:01: rtc core: registered rtc_cmos as rtc0
[    3.197726] rtc0: alarms up to one day, 114 bytes nvram, hpet irqs
[    3.201960] device-mapper: uevent: version 1.0.3
[    3.219355] ata2.01: ATAPI: QEMU DVD-ROM, 2.0.0, max UDMA/100
[    3.229276] device-mapper: ioctl: 4.22.0-ioctl (2011-10-19) initialised: dm-devel@redhat.com
[    3.232023] cpuidle: using governor ladder
[    3.233616] cpuidle: using governor menu
[    3.235745] EFI Variables Facility v0.08 2004-May-17
[    3.248713] TCP cubic registered
[    3.252880] NET: Registered protocol family 10
[    3.287043] NET: Registered protocol family 17
[    3.288284] Registering the dns_resolver key type
[    3.302703] ata2.01: configured for MWDMA2
[    3.331518] scsi 1:0:1:0: CD-ROM            QEMU     QEMU DVD-ROM     2.0. PQ: 0 ANSI: 5
[    3.369115] sr0: scsi3-mmc drive: 4x/4x cd/rw xa/form2 tray
[    3.371360] cdrom: Uniform CD-ROM driver Revision: 3.20
[    3.389851] sr 1:0:1:0: Attached scsi generic sg0 type 5
[    3.431376] registered taskstats version 1
[    3.486179] Freeing initrd memory: 3656k freed
[    3.978213]   Magic number: 0:105:343
[    3.982739] tty tty60: hash matches
[    3.986485] rtc_cmos 00:01: setting system clock to 2016-01-26 18:20:20 UTC (1453832420)
[    3.988838] powernow-k8: Processor cpuid 663 not supported
[    3.994376] BIOS EDD facility v0.16 2004-Jun-25, 0 devices found
[    3.995608] EDD information not available.
[    4.060040] Freeing unused kernel memory: 928k freed
[    4.067036] Write protecting the kernel read-only data: 12288k
[    4.157879] Freeing unused kernel memory: 1596k freed
[    4.211979] Freeing unused kernel memory: 1184k freed

info: initramfs: up at 4.38
modprobe: module virtio_blk not found in modules.dep
modprobe: module virtio_net not found in modules.dep
info: copying initramfs to /dev/vda
info: initramfs loading root from /dev/vda
info: /etc/init.d/rc.sysinit: up at 9.21
info: container: none
Starting logging: OK
modprobe: module virtio_blk not found in modules.dep
modprobe: module virtio_net not found in modules.dep
WARN: /etc/rc3.d/S10-load-modules failed
Initializing random number generator... done.
Starting acpid: OK
cirros-ds 'local' up at 11.97
found datasource (configdrive, local)
Starting network...
udhcpc (v1.20.1) started
Sending discover...
Sending discover...
Sending discover...
Usage: /sbin/cirros-dhcpc &lt;up|down&gt;
No lease, failing
WARN: /etc/rc3.d/S40-network failed
Starting dropbear sshd: generating rsa key... generating dsa key... OK
no userdata for datasource
=== system information ===
Platform: OpenStack Foundation OpenStack Nova
Container: none
Arch: x86_64
CPU(s): 1 @ 2294.066 MHz
Cores/Sockets/Threads: 1/1/1
Virt-type: AMD-V
RAM Size: 49MB
Disks:
NAME MAJ:MIN     SIZE LABEL         MOUNTPOINT
vda  253:0   25165824 cirros-rootfs /
sr0   11:0     428032 config-2      
=== sshd host keys ===
-----BEGIN SSH HOST KEY KEYS-----
ssh-rsa AAAAB3NzaC1yc2EAAAADAQABAAAAgnpWHdew9+a2FeX6JZz/sm0UJzCZYwN0eSOmshlieNS8jItCZH326JjinMrTaQLYX0QY/krNgZfUqsc77T+o6b+z7Rqr3wosuRt2U96Fv4mVGjeNwPa9nn98AO9DkWD+cKxcM2sehTb+byAkXfF9jaOrelr15rH73XdHHuw+DuDGF0E= root@tempest
ssh-dss AAAAB3NzaC1kc3MAAACBAM3LJrATq30JV8mRtVkT1ouep4FumX6FF6a9HZtcmRVWmQLKUMS5Px91JZaqfHAaNWqVJb8nYDHD/0MqyFWo3IktQg2rfkFhP7p/sJIu27+b7cmb1LpTOhpoy9Yo+3JEvw6C6NbeAW7tqp4gXovAdcBnzAnh1tcPp78ItGrU41mnAAAAFQDtz6TkyyPAx3LFhxd1xZcXTohcSQAAAIEAtzw5/T9+SZBRYOQP8ZuvNdTg4nJB0KiVGDPhSnB/wqMUZMr+RMn8oQHpVqwNEB3wl1qtMsYbG81A+yKThry6XMPALn+k9soPGvCsylfUKbjD402juEjmsqG1mSv9+UKRtlU4ACQ+5CRqfWNWuP129mYDQWsAow6eLqyytnbdrwAAAACAWQ1M5Exejw0Qz+wwR8bjSSNqYMaSnJCZkRPSJbKqDsqEc5f74tknwwkp8WBpJwVbu2VKohEZxhVU5dNAUJoAVjfODt5FQE3PE6i+Ox5bKFgC5Al49v2EKVO4O8Q2exGihn5qcVxd6kEjvH/os3EcNb4t3qH4v/8/PNunjxrKiTg= root@tempest
-----END SSH HOST KEY KEYS-----
=== network info ===
if-info: lo,up,127.0.0.1,8,::1
if-info: eth0,up,,8,fe80::f816:3eff:fe4f:82cb
=== datasource: configdrive local ===
instance-id: 0e05f03d-f7f0-4edf-afc0-e69c2c525873
name: tempest.common.compute-instance-140217203
availability-zone: nova
local-hostname: tempest.common.compute-instance-140217203.novalocal
launch-index: 0
=== cirros: current=0.3.4 uptime=202.96 ===
route: fscanf
=== pinging gateway failed, debugging connection ===
############ debug start ##############
### /etc/init.d/sshd start
Starting dropbear sshd: OK
route: fscanf
### ifconfig -a
eth0      Link encap:Ethernet  HWaddr FA:16:3E:4F:82:CB  
          inet6 addr: fe80::f816:3eff:fe4f:82cb/64 Scope:Link
          UP BROADCAST RUNNING MULTICAST  MTU:1500  Metric:1
          RX packets:14 errors:0 dropped:6 overruns:0 frame:0
          TX packets:8 errors:0 dropped:0 overruns:0 carrier:0
          collisions:0 txqueuelen:1000 
          RX bytes:1326 (1.2 KiB)  TX bytes:1134 (1.1 KiB)

lo        Link encap:Local Loopback  
          inet addr:127.0.0.1  Mask:255.0.0.0
          inet6 addr: ::1/128 Scope:Host
          UP LOOPBACK RUNNING  MTU:16436  Metric:1
          RX packets:12 errors:0 dropped:0 overruns:0 frame:0
          TX packets:12 errors:0 dropped:0 overruns:0 carrier:0
          collisions:0 txqueuelen:0 
          RX bytes:1020 (1020.0 B)  TX bytes:1020 (1020.0 B)

### route -n
Kernel IP routing table
Destination     Gateway         Genmask         Flags Metric Ref    Use Iface
route: fscanf
### cat /etc/resolv.conf
cat: can't open '/etc/resolv.conf': No such file or directory
### gateway not found
/sbin/cirros-status: line 1: can't open /etc/resolv.conf: no such file
### pinging nameservers
### uname -a
Linux tempest 3.2.0-80-virtual #116-Ubuntu SMP Mon Mar 23 17:28:52 UTC 2015 x86_64 GNU/Linux
### lsmod
Module                  Size  Used by    Not tainted
nls_iso8859_1          12713  0 
nls_cp437              16991  0 
vfat                   17585  0 
fat                    61512  1 vfat
isofs                  40259  0 
ip_tables              27473  0 
x_tables               29891  1 ip_tables
pcnet32                42119  0 
8139cp                 27360  0 
ne2k_pci               13691  0 
8390                   18856  1 ne2k_pci
e1000                 108589  0 
acpiphp                24231  0 
### dmesg | tail
[    5.176140] EXT3-fs (vda): mounted filesystem with ordered data mode
[    5.492951] ISO 9660 Extensions: Microsoft Joliet Level 3
[    5.573130] ISO 9660 Extensions: RRIP_1991A
[    5.823481] kjournald starting.  Commit interval 5 seconds
[    5.838586] EXT3-fs (vda): using internal journal
[    5.838677] EXT3-fs (vda): mounted filesystem with ordered data mode
[    9.277842] EXT3-fs (vda): using internal journal
[   12.698198] ISO 9660 Extensions: Microsoft Joliet Level 3
[   12.795285] ISO 9660 Extensions: RRIP_1991A
[   27.955279] eth0: no IPv6 routers present
### tail -n 25 /var/log/messages
Jan 26 18:20:27 cirros kern.info kernel: [    4.673093] acpiphp: Slot [21] registered
Jan 26 18:20:27 cirros kern.info kernel: [    4.673404] acpiphp: Slot [22] registered
Jan 26 18:20:27 cirros kern.info kernel: [    4.673732] acpiphp: Slot [23] registered
Jan 26 18:20:27 cirros kern.info kernel: [    4.673740] acpiphp: Slot [24] registered
Jan 26 18:20:27 cirros kern.info kernel: [    4.673989] acpiphp: Slot [25] registered
Jan 26 18:20:27 cirros kern.info kernel: [    4.674529] acpiphp: Slot [26] registered
Jan 26 18:20:27 cirros kern.info kernel: [    4.674832] acpiphp: Slot [27] registered
Jan 26 18:20:27 cirros kern.info kernel: [    4.675130] acpiphp: Slot [28] registered
Jan 26 18:20:27 cirros kern.info kernel: [    4.675400] acpiphp: Slot [29] registered
Jan 26 18:20:27 cirros kern.info kernel: [    4.675724] acpiphp: Slot [30] registered
Jan 26 18:20:27 cirros kern.info kernel: [    4.676019] acpiphp: Slot [31] registered
Jan 26 18:20:27 cirros kern.info kernel: [    4.736603] e1000: Intel(R) PRO/1000 Network Driver - version 7.3.21-k8-NAPI
Jan 26 18:20:27 cirros kern.info kernel: [    4.736997] e1000: Copyright (c) 1999-2006 Intel Corporation.
Jan 26 18:20:27 cirros kern.info kernel: [    4.774940] ne2k-pci.c:v1.03 9/22/2003 D. Becker/P. Gortmaker
Jan 26 18:20:27 cirros kern.info kernel: [    4.811219] 8139cp: 8139cp: 10/100 PCI Ethernet driver v1.3 (Mar 22, 2004)
Jan 26 18:20:27 cirros kern.info kernel: [    4.851795] pcnet32: pcnet32.c:v1.35 21.Apr.2008 tsbogend@alpha.franken.de
Jan 26 18:20:27 cirros kern.info kernel: [    4.895556] ip_tables: (C) 2000-2006 Netfilter Core Team
Jan 26 18:20:27 cirros kern.info kernel: [    5.838586] EXT3-fs (vda): using internal journal
Jan 26 18:20:27 cirros kern.info kernel: [    5.838677] EXT3-fs (vda): mounted filesystem with ordered data mode
Jan 26 18:20:27 cirros kern.info kernel: [    9.277842] EXT3-fs (vda): using internal journal
Jan 26 18:20:29 cirros kern.debug kernel: [   12.698198] ISO 9660 Extensions: Microsoft Joliet Level 3
Jan 26 18:20:29 cirros kern.debug kernel: [   12.795285] ISO 9660 Extensions: RRIP_1991A
Jan 26 18:20:32 cirros auth.notice su: + /dev/console root:cirros
Jan 26 18:20:44 cirros kern.debug kernel: [   27.955279] eth0: no IPv6 routers present
Jan 26 18:23:37 cirros authpriv.info dropbear[283]: Running in background
############ debug end   ##############
  ____               ____  ____
 / __/ __ ____ ____ / __ \/ __/
/ /__ / // __// __// /_/ /\ \ 
\___//_//_/  /_/   \____/___/ 
   http://cirros-cloud.net


login as 'cirros' user. default password: 'cubswin:)'. use 'sudo' for root.
tempest login: 
2016-01-26 18:24:28,120 15821 INFO     [tempest_lib.common.rest_client] Request (TestGettingAddress:_run_cleanups): 204 DELETE http://10.4.1.3:9696/v2.0/floatingips/10f52cbc-26a6-480d-8d5a-604fe173ac2e 0.403s
2016-01-26 18:24:28,120 15821 DEBUG    [tempest_lib.common.rest_client] Request - Headers: {'Content-Type': 'application/json', 'Accept': 'application/json', 'X-Auth-Token': '&lt;omitted&gt;'}
        Body: None
    Response - Headers: {'date': 'Tue, 26 Jan 2016 18:24:28 GMT', 'status': '204', 'connection': 'close', 'content-length': '0', 'x-openstack-request-id': 'req-707870b4-72e7-421e-9653-e5b555503620'}
        Body: 
2016-01-26 18:24:28,585 15821 INFO     [tempest_lib.common.rest_client] Request (TestGettingAddress:_run_cleanups): 204 DELETE http://10.4.1.3:8774/v2.1/9dd698dd61814311b69a2556593e2669/servers/0e05f03d-f7f0-4edf-afc0-e69c2c525873 0.464s
2016-01-26 18:24:28,585 15821 DEBUG    [tempest_lib.common.rest_client] Request - Headers: {'Content-Type': 'application/json', 'Accept': 'application/json', 'X-Auth-Token': '&lt;omitted&gt;'}
        Body: None
    Response - Headers: {'status': '204', 'content-length': '0', 'x-compute-request-id': 'req-04f1a026-9c3e-424a-a1e2-4cab03c008a7', 'vary': 'X-OpenStack-Nova-API-Version', 'connection': 'close', 'x-openstack-nova-api-version': '2.1', 'date': 'Tue, 26 Jan 2016 18:24:28 GMT', 'content-type': 'application/json'}
        Body: 
2016-01-26 18:24:29,194 15821 INFO     [tempest_lib.common.rest_client] Request (TestGettingAddress:_run_cleanups): 200 GET http://10.4.1.3:8774/v2.1/9dd698dd61814311b69a2556593e2669/servers/0e05f03d-f7f0-4edf-afc0-e69c2c525873 0.608s
2016-01-26 18:24:29,195 15821 DEBUG    [tempest_lib.common.rest_client] Request - Headers: {'Content-Type': 'application/json', 'Accept': 'application/json', 'X-Auth-Token': '&lt;omitted&gt;'}
        Body: None
    Response - Headers: {'status': '200', 'content-length': '1899', 'content-location': 'http://10.4.1.3:8774/v2.1/9dd698dd61814311b69a2556593e2669/servers/0e05f03d-f7f0-4edf-afc0-e69c2c525873', 'x-compute-request-id': 'req-1150bde6-ccdf-47fa-a794-ce4778feacec', 'vary': 'X-OpenStack-Nova-API-Version', 'connection': 'close', 'x-openstack-nova-api-version': '2.1', 'date': 'Tue, 26 Jan 2016 18:24:29 GMT', 'content-type': 'application/json'}
        Body: {"server": {"status": "ACTIVE", "updated": "2016-01-26T18:24:28Z", "hostId": "e186e61957a1343c8d34eea6cb9221bb5ccea0e09088737e87d6e1c3", "addresses": {"tempest-network-smoke--1586754681": [{"OS-EXT-IPS-MAC:mac_addr": "fa:16:3e:4f:82:cb", "version": 6, "addr": "2003::f816:3eff:fe4f:82cb", "OS-EXT-IPS:type": "fixed"}, {"OS-EXT-IPS-MAC:mac_addr": "fa:16:3e:4f:82:cb", "version": 4, "addr": "10.100.0.3", "OS-EXT-IPS:type": "fixed"}, {"OS-EXT-IPS-MAC:mac_addr": "fa:16:3e:4f:82:cb", "version": 4, "addr": "172.24.4.4", "OS-EXT-IPS:type": "floating"}]}, "links": [{"href": "http://10.4.1.3:8774/v2.1/9dd698dd61814311b69a2556593e2669/servers/0e05f03d-f7f0-4edf-afc0-e69c2c525873", "rel": "self"}, {"href": "http://10.4.1.3:8774/9dd698dd61814311b69a2556593e2669/servers/0e05f03d-f7f0-4edf-afc0-e69c2c525873", "rel": "bookmark"}], "key_name": "tempest-TestGettingAddress-1768674327", "image": {"id": "4782ce67-f867-4023-b454-1dc2f901a108", "links": [{"href": "http://10.4.1.3:8774/9dd698dd61814311b69a2556593e2669/images/4782ce67-f867-4023-b454-1dc2f901a108", "rel": "bookmark"}]}, "OS-EXT-STS:task_state": "deleting", "OS-EXT-STS:vm_state": "active", "OS-SRV-USG:launched_at": "2016-01-26T18:20:13.000000", "flavor": {"id": "42", "links": [{"href": "http://10.4.1.3:8774/9dd698dd61814311b69a2556593e2669/flavors/42", "rel": "bookmark"}]}, "id": "0e05f03d-f7f0-4edf-afc0-e69c2c525873", "security_groups": [{"name": "tempest-secgroup-smoke-634846976"}], "OS-SRV-USG:terminated_at": null, "OS-EXT-AZ:availability_zone": "nova", "user_id": "15e0db4968fc4a4eb0127d47af3859e4", "name": "tempest.common.compute-instance-140217203", "created": "2016-01-26T18:20:09Z", "tenant_id": "9dd698dd61814311b69a2556593e2669", "OS-DCF:diskConfig": "MANUAL", "os-extended-volumes:volumes_attached": [], "accessIPv4": "", "accessIPv6": "", "progress": 0, "OS-EXT-STS:power_state": 1, "config_drive": "True", "metadata": {}}}
2016-01-26 18:24:30,672 15821 INFO     [tempest_lib.common.rest_client] Request (TestGettingAddress:_run_cleanups): 200 GET http://10.4.1.3:8774/v2.1/9dd698dd61814311b69a2556593e2669/servers/0e05f03d-f7f0-4edf-afc0-e69c2c525873 0.465s
2016-01-26 18:24:30,673 15821 DEBUG    [tempest_lib.common.rest_client] Request - Headers: {'Content-Type': 'application/json', 'Accept': 'application/json', 'X-Auth-Token': '&lt;omitted&gt;'}
        Body: None
    Response - Headers: {'status': '200', 'content-length': '1440', 'content-location': 'http://10.4.1.3:8774/v2.1/9dd698dd61814311b69a2556593e2669/servers/0e05f03d-f7f0-4edf-afc0-e69c2c525873', 'x-compute-request-id': 'req-7770bcd8-348b-40eb-ad5f-c680f43d6aff', 'vary': 'X-OpenStack-Nova-API-Version', 'connection': 'close', 'x-openstack-nova-api-version': '2.1', 'date': 'Tue, 26 Jan 2016 18:24:30 GMT', 'content-type': 'application/json'}
        Body: {"server": {"status": "DELETED", "updated": "2016-01-26T18:24:30Z", "hostId": "e186e61957a1343c8d34eea6cb9221bb5ccea0e09088737e87d6e1c3", "addresses": {}, "links": [{"href": "http://10.4.1.3:8774/v2.1/9dd698dd61814311b69a2556593e2669/servers/0e05f03d-f7f0-4edf-afc0-e69c2c525873", "rel": "self"}, {"href": "http://10.4.1.3:8774/9dd698dd61814311b69a2556593e2669/servers/0e05f03d-f7f0-4edf-afc0-e69c2c525873", "rel": "bookmark"}], "key_name": "tempest-TestGettingAddress-1768674327", "image": {"id": "4782ce67-f867-4023-b454-1dc2f901a108", "links": [{"href": "http://10.4.1.3:8774/9dd698dd61814311b69a2556593e2669/images/4782ce67-f867-4023-b454-1dc2f901a108", "rel": "bookmark"}]}, "OS-EXT-STS:task_state": null, "OS-EXT-STS:vm_state": "deleted", "OS-SRV-USG:launched_at": "2016-01-26T18:20:13.000000", "flavor": {"id": "42", "links": [{"href": "http://10.4.1.3:8774/9dd698dd61814311b69a2556593e2669/flavors/42", "rel": "bookmark"}]}, "id": "0e05f03d-f7f0-4edf-afc0-e69c2c525873", "OS-SRV-USG:terminated_at": "2016-01-26T18:24:30.000000", "OS-EXT-AZ:availability_zone": "nova", "user_id": "15e0db4968fc4a4eb0127d47af3859e4", "name": "tempest.common.compute-instance-140217203", "created": "2016-01-26T18:20:09Z", "tenant_id": "9dd698dd61814311b69a2556593e2669", "OS-DCF:diskConfig": "MANUAL", "os-extended-volumes:volumes_attached": [], "accessIPv4": "", "accessIPv6": "", "OS-EXT-STS:power_state": 0, "config_drive": "True", "metadata": {}}}
2016-01-26 18:24:31,921 15821 INFO     [tempest_lib.common.rest_client] Request (TestGettingAddress:_run_cleanups): 404 GET http://10.4.1.3:8774/v2.1/9dd698dd61814311b69a2556593e2669/servers/0e05f03d-f7f0-4edf-afc0-e69c2c525873 0.233s
2016-01-26 18:24:31,922 15821 DEBUG    [tempest_lib.common.rest_client] Request - Headers: {'Content-Type': 'application/json', 'Accept': 'application/json', 'X-Auth-Token': '&lt;omitted&gt;'}
        Body: None
    Response - Headers: {'status': '404', 'content-length': '111', 'x-compute-request-id': 'req-dafa54f3-f089-4a50-a358-9a736a84178d', 'vary': 'X-OpenStack-Nova-API-Version', 'connection': 'close', 'x-openstack-nova-api-version': '2.1', 'date': 'Tue, 26 Jan 2016 18:24:31 GMT', 'content-type': 'application/json; charset=UTF-8'}
        Body: {"itemNotFound": {"message": "Instance 0e05f03d-f7f0-4edf-afc0-e69c2c525873 could not be found.", "code": 404}}
2016-01-26 18:24:32,441 15821 INFO     [tempest_lib.common.rest_client] Request (TestGettingAddress:_run_cleanups): 500 PUT http://10.4.1.3:9696/v2.0/routers/3c62280d-f8f7-4837-96fb-b6e5367af370/remove_router_interface 0.518s
2016-01-26 18:24:32,441 15821 DEBUG    [tempest_lib.common.rest_client] Request - Headers: {'Content-Type': 'application/json', 'Accept': 'application/json', 'X-Auth-Token': '&lt;omitted&gt;'}
        Body: {"subnet_id": "d32a45f4-2481-4c0f-b3e4-370013b59516"}
    Response - Headers: {'status': '500', 'content-length': '150', 'connection': 'close', 'date': 'Tue, 26 Jan 2016 18:24:32 GMT', 'content-type': 'application/json; charset=UTF-8', 'x-openstack-request-id': 'req-4826b027-43c0-4750-9e64-5cd6c3d45d10'}
        Body: {"NeutronError": {"message": "Request Failed: internal server error while processing your request.", "type": "HTTPInternalServerError", "detail": ""}}
2016-01-26 18:24:32,853 15821 INFO     [tempest_lib.common.rest_client] Request (TestGettingAddress:_run_cleanups): 404 PUT http://10.4.1.3:9696/v2.0/routers/3c62280d-f8f7-4837-96fb-b6e5367af370/remove_router_interface 0.407s
2016-01-26 18:24:32,854 15821 DEBUG    [tempest_lib.common.rest_client] Request - Headers: {'Content-Type': 'application/json', 'Accept': 'application/json', 'X-Auth-Token': '&lt;omitted&gt;'}
        Body: {"subnet_id": "d32a45f4-2481-4c0f-b3e4-370013b59516"}
    Response - Headers: {'status': '404', 'content-length': '198', 'connection': 'close', 'date': 'Tue, 26 Jan 2016 18:24:32 GMT', 'content-type': 'application/json; charset=UTF-8', 'x-openstack-request-id': 'req-ef1d60f2-a66c-4632-97b9-963e6cf7a1b4'}
        Body: {"NeutronError": {"message": "Router 3c62280d-f8f7-4837-96fb-b6e5367af370 has no interface on subnet d32a45f4-2481-4c0f-b3e4-370013b59516", "type": "RouterInterfaceNotFoundForSubnet", "detail": ""}}
2016-01-26 18:24:33,441 15821 INFO     [tempest_lib.common.rest_client] Request (TestGettingAddress:_run_cleanups): 500 PUT http://10.4.1.3:9696/v2.0/routers/3c62280d-f8f7-4837-96fb-b6e5367af370/remove_router_interface 0.585s
2016-01-26 18:24:33,441 15821 DEBUG    [tempest_lib.common.rest_client] Request - Headers: {'Content-Type': 'application/json', 'Accept': 'application/json', 'X-Auth-Token': '&lt;omitted&gt;'}
        Body: {"subnet_id": "5d507c88-a507-4a59-943f-6637b3269ca3"}
    Response - Headers: {'status': '500', 'content-length': '150', 'connection': 'close', 'date': 'Tue, 26 Jan 2016 18:24:33 GMT', 'content-type': 'application/json; charset=UTF-8', 'x-openstack-request-id': 'req-f8d95d34-77be-4634-a50b-56606c8183f3'}
        Body: {"NeutronError": {"message": "Request Failed: internal server error while processing your request.", "type": "HTTPInternalServerError", "detail": ""}}
2016-01-26 18:24:33,656 15821 INFO     [tempest_lib.common.rest_client] Request (TestGettingAddress:_run_cleanups): 200 GET http://10.4.1.3:9696/v2.0/routers/3c62280d-f8f7-4837-96fb-b6e5367af370 0.213s
2016-01-26 18:24:33,657 15821 DEBUG    [tempest_lib.common.rest_client] Request - Headers: {'Content-Type': 'application/json', 'Accept': 'application/json', 'X-Auth-Token': '&lt;omitted&gt;'}
        Body: None
    Response - Headers: {'status': '200', 'content-length': '501', 'content-location': 'http://10.4.1.3:9696/v2.0/routers/3c62280d-f8f7-4837-96fb-b6e5367af370', 'connection': 'close', 'date': 'Tue, 26 Jan 2016 18:24:33 GMT', 'content-type': 'application/json; charset=UTF-8', 'x-openstack-request-id': 'req-4fd97a10-80d6-4b9b-bb89-2916dd2fb02e'}
        Body: {"router": {"status": "ACTIVE", "external_gateway_info": {"network_id": "95d922c5-9fd1-434e-b96c-d1da8f4237aa", "enable_snat": true, "external_fixed_ips": [{"subnet_id": "ebba3e38-067d-4bbb-a0e9-4080f5903d44", "ip_address": "172.24.4.3"}, {"subnet_id": "73baa8c4-8acf-4b3d-a836-bc6d90d423dd", "ip_address": "2001:db8::3"}]}, "name": "tempest-router-smoke-1064785398", "admin_state_up": true, "tenant_id": "9dd698dd61814311b69a2556593e2669", "routes": [], "id": "3c62280d-f8f7-4837-96fb-b6e5367af370"}}
2016-01-26 18:24:34,140 15821 INFO     [tempest_lib.common.rest_client] Request (TestGettingAddress:_run_cleanups): 200 PUT http://10.4.1.3:9696/v2.0/routers/3c62280d-f8f7-4837-96fb-b6e5367af370 0.482s
2016-01-26 18:24:34,141 15821 DEBUG    [tempest_lib.common.rest_client] Request - Headers: {'Content-Type': 'application/json', 'Accept': 'application/json', 'X-Auth-Token': '&lt;omitted&gt;'}
        Body: {"router": {"external_gateway_info": {}, "name": "tempest-router-smoke-1064785398", "admin_state_up": true}}
    Response - Headers: {'status': '200', 'content-length': '239', 'connection': 'close', 'date': 'Tue, 26 Jan 2016 18:24:34 GMT', 'content-type': 'application/json; charset=UTF-8', 'x-openstack-request-id': 'req-9eae3e6a-a6c1-46bf-a7a8-9f4436d453f0'}
        Body: {"router": {"status": "ACTIVE", "external_gateway_info": null, "name": "tempest-router-smoke-1064785398", "admin_state_up": true, "tenant_id": "9dd698dd61814311b69a2556593e2669", "routes": [], "id": "3c62280d-f8f7-4837-96fb-b6e5367af370"}}
2016-01-26 18:24:34,491 15821 INFO     [tempest_lib.common.rest_client] Request (TestGettingAddress:_run_cleanups): 500 DELETE http://10.4.1.3:9696/v2.0/routers/3c62280d-f8f7-4837-96fb-b6e5367af370 0.348s
2016-01-26 18:24:34,491 15821 DEBUG    [tempest_lib.common.rest_client] Request - Headers: {'Content-Type': 'application/json', 'Accept': 'application/json', 'X-Auth-Token': '&lt;omitted&gt;'}
        Body: None
    Response - Headers: {'status': '500', 'content-length': '150', 'connection': 'close', 'date': 'Tue, 26 Jan 2016 18:24:34 GMT', 'content-type': 'application/json; charset=UTF-8', 'x-openstack-request-id': 'req-0c5a8ffa-cbf5-4a39-937a-b62400762bf1'}
        Body: {"NeutronError": {"message": "Request Failed: internal server error while processing your request.", "type": "HTTPInternalServerError", "detail": ""}}
