<?xml version="1.0" encoding="UTF-8"?>
<!DOCTYPE html PUBLIC "-//W3C//DTD XHTML 1.0 Strict//EN"
     "http://www.w3.org/TR/xhtml1/DTD/xhtml1-strict.dtd">
<html xmlns="http://www.w3.org/1999/xhtml">
<head>
    <title>Unit Test Report</title>
    <meta name="generator" content="subunit2html 0.1"/>
    <meta http-equiv="Content-Type" content="text/html; charset=UTF-8"/>
    
<style type="text/css" media="screen">
body        { font-family: verdana, arial, helvetica, sans-serif;
    font-size: 80%; }
table       { font-size: 100%; width: 100%;}
pre         { font-size: 80%; }

/* -- heading -------------------------------------------------------------- */
h1 {
        font-size: 16pt;
        color: gray;
}
.heading {
    margin-top: 0ex;
    margin-bottom: 1ex;
}

.heading .attribute {
    margin-top: 1ex;
    margin-bottom: 0;
}

.heading .description {
    margin-top: 4ex;
    margin-bottom: 6ex;
}

/* -- css div popup -------------------------------------------------------- */
a.popup_link {
}

a.popup_link:hover {
    color: red;
}

.popup_window {
    display: none;
    overflow-x: scroll;
    /*border: solid #627173 1px; */
    padding: 10px;
    background-color: #E6E6D6;
    font-family: "Ubuntu Mono", "Lucida Console", "Courier New", monospace;
    text-align: left;
    font-size: 8pt;
}

}
/* -- report --------------------------------------------------------------- */
#show_detail_line {
    margin-top: 3ex;
    margin-bottom: 1ex;
}
#result_table {
    width: 100%;
    border-collapse: collapse;
    border: 1px solid #777;
}
#header_row {
    font-weight: bold;
    color: white;
    background-color: #777;
}
#result_table td {
    border: 1px solid #777;
    padding: 2px;
}
#total_row  { font-weight: bold; }
.passClass  { background-color: #6c6; }
.failClass  { background-color: #c60; }
.errorClass { background-color: #c00; }
.passCase   { color: #6c6; }
.failCase   { color: #c60; font-weight: bold; }
.errorCase  { color: #c00; font-weight: bold; }
.hiddenRow  { display: none; }
.testcase   { margin-left: 2em; }
td.testname {width: 40%}
td.small {width: 40px}

/* -- ending --------------------------------------------------------------- */
#ending {
}

</style>

</head>
<body>
<script language="javascript" type="text/javascript"><!--
output_list = Array();

/* level - 0:Summary; 1:Failed; 2:All */
function showCase(level) {
    trs = document.getElementsByTagName("tr");
    for (var i = 0; i < trs.length; i++) {
        tr = trs[i];
        id = tr.id;
        if (id.substr(0,2) == 'ft') {
            if (level < 1) {
                tr.className = 'hiddenRow';
            }
            else {
                tr.className = '';
            }
        }
        if (id.substr(0,2) == 'pt') {
            if (level > 1) {
                tr.className = '';
            }
            else {
                tr.className = 'hiddenRow';
            }
        }
    }
}


function showClassDetail(cid, count) {
    var id_list = Array(count);
    var toHide = 1;
    for (var i = 0; i < count; i++) {
        tid0 = 't' + cid.substr(1) + '.' + (i+1);
        tid = 'f' + tid0;
        tr = document.getElementById(tid);
        if (!tr) {
            tid = 'p' + tid0;
            tr = document.getElementById(tid);
        }
        id_list[i] = tid;
        if (tr.className) {
            toHide = 0;
        }
    }
    for (var i = 0; i < count; i++) {
        tid = id_list[i];
        if (toHide) {
            document.getElementById('div_'+tid).style.display = 'none'
            document.getElementById(tid).className = 'hiddenRow';
        }
        else {
            document.getElementById(tid).className = '';
        }
    }
}


function showTestDetail(div_id){
    var details_div = document.getElementById(div_id)
    var displayState = details_div.style.display
    // alert(displayState)
    if (displayState != 'block' ) {
        displayState = 'block'
        details_div.style.display = 'block'
    }
    else {
        details_div.style.display = 'none'
    }
}


function html_escape(s) {
    s = s.replace(/&/g,'&amp;');
    s = s.replace(/</g,'&lt;');
    s = s.replace(/>/g,'&gt;');
    return s;
}

/* obsoleted by detail in <div>
function showOutput(id, name) {
    var w = window.open("", //url
                    name,
                    "resizable,scrollbars,status,width=800,height=450");
    d = w.document;
    d.write("<pre>");
    d.write(html_escape(output_list[id]));
    d.write("\n");
    d.write("<a href='javascript:window.close()'>close</a>\n");
    d.write("</pre>\n");
    d.close();
}
*/
--></script>

<div class='heading'>
<h1>Unit Test Report</h1>

<p class='attribute'><strong>Status:</strong> Failure 8 Skip 1</p>

<p class='description'></p>
</div>



<p id='show_detail_line'>Show
<a href='javascript:showCase(0)'>Summary</a>
<a href='javascript:showCase(1)'>Failed</a>
<a href='javascript:showCase(2)'>All</a>
</p>
<table id='result_table'>
<colgroup>
<col align='left' />
<col align='right' />
<col align='right' />
<col align='right' />
<col align='right' />
<col align='right' />
<col align='right' />
<col align='right' />
</colgroup>
<tr id='header_row'>
    <td>Test Group/Test case</td>
    <td>Count</td>
    <td>Pass</td>
    <td>Fail</td>
    <td>Error</td>
    <td>Skip</td>
    <td>View</td>
    <td> </td>
</tr>

<tr class='failClass'>
    <td class="testname">tempest.scenario.test_network_basic_ops.TestNetworkBasicOps</td>
    <td class="small">9</td>
    <td class="small">0</td>
    <td class="small">8</td>
    <td class="small">0</td>
    <td class="small">1</td>
    <td class="small"><a href="javascript:showClassDetail('c1',9)"
>Detail</a></td>
    <td> </td>
</tr>

<tr id='ft1.1' class='none'>
    <td class='failCase'><div class='testcase'>test_connectivity_between_vms_on_different_networks[compute,id-1546850e-fbaa-42f5-8b5f-03d8a6a95f15,network]</div></td>
    <td colspan='7' align='left'>

    <!--css div popup start-->
    <a class="popup_link" onfocus='this.blur();'
    href="javascript:showTestDetail('div_ft1.1')" >
        fail</a>

    <div id='div_ft1.1' class="popup_window">
        <div style='text-align: right; color:red;cursor:pointer'>
        <a onfocus='this.blur();'
onclick="document.getElementById('div_ft1.1').style.display = 'none' " >
           [x]</a>
        </div>
        <pre>
        
ft1.1: tempest.scenario.test_network_basic_ops.TestNetworkBasicOps.test_connectivity_between_vms_on_different_networks[compute,id-1546850e-fbaa-42f5-8b5f-03d8a6a95f15,network]_StringException: Empty attachments:
  stderr
  stdout

pythonlogging:'': {{{
2016-02-16 16:00:30,137 18749 INFO     [tempest_lib.common.rest_client] Request (TestNetworkBasicOps:test_connectivity_between_vms_on_different_networks): 201 POST http://10.4.1.3:9696/v2.0/security-groups 0.395s
2016-02-16 16:00:30,138 18749 DEBUG    [tempest_lib.common.rest_client] Request - Headers: {'Content-Type': 'application/json', 'Accept': 'application/json', 'X-Auth-Token': '&lt;omitted&gt;'}
        Body: {"security_group": {"tenant_id": "7a01fbce335e44169bb51414daa035bc", "description": "tempest-secgroup-smoke-1424878366 description", "name": "tempest-secgroup-smoke-1424878366"}}
    Response - Headers: {'status': '201', 'content-length': '888', 'connection': 'close', 'date': 'Tue, 16 Feb 2016 16:00:30 GMT', 'content-type': 'application/json; charset=UTF-8', 'x-openstack-request-id': 'req-dcab78a7-1a17-4292-a017-b555a7725ab6'}
        Body: {"security_group": {"tenant_id": "7a01fbce335e44169bb51414daa035bc", "description": "tempest-secgroup-smoke-1424878366 description", "id": "aaa1f86c-c87f-4060-8d8b-ea16acd0c94d", "security_group_rules": [{"remote_group_id": null, "direction": "egress", "remote_ip_prefix": null, "protocol": null, "ethertype": "IPv4", "tenant_id": "7a01fbce335e44169bb51414daa035bc", "port_range_max": null, "port_range_min": null, "id": "00fffa97-84b4-4c44-b2ea-60f4b011819d", "security_group_id": "aaa1f86c-c87f-4060-8d8b-ea16acd0c94d"}, {"remote_group_id": null, "direction": "egress", "remote_ip_prefix": null, "protocol": null, "ethertype": "IPv6", "tenant_id": "7a01fbce335e44169bb51414daa035bc", "port_range_max": null, "port_range_min": null, "id": "fee25512-a06b-44a6-a031-d6cb6333bd63", "security_group_id": "aaa1f86c-c87f-4060-8d8b-ea16acd0c94d"}], "name": "tempest-secgroup-smoke-1424878366"}}
2016-02-16 16:00:30,441 18749 INFO     [tempest_lib.common.rest_client] Request (TestNetworkBasicOps:test_connectivity_between_vms_on_different_networks): 201 POST http://10.4.1.3:9696/v2.0/security-group-rules 0.302s
2016-02-16 16:00:30,442 18749 DEBUG    [tempest_lib.common.rest_client] Request - Headers: {'Content-Type': 'application/json', 'Accept': 'application/json', 'X-Auth-Token': '&lt;omitted&gt;'}
        Body: {"security_group_rule": {"direction": "ingress", "protocol": "tcp", "tenant_id": "7a01fbce335e44169bb51414daa035bc", "port_range_max": 22, "security_group_id": "aaa1f86c-c87f-4060-8d8b-ea16acd0c94d", "port_range_min": 22}}
    Response - Headers: {'status': '201', 'content-length': '340', 'connection': 'close', 'date': 'Tue, 16 Feb 2016 16:00:30 GMT', 'content-type': 'application/json; charset=UTF-8', 'x-openstack-request-id': 'req-6bbe855f-ffc7-4f4e-9c32-4b347c05086a'}
        Body: {"security_group_rule": {"remote_group_id": null, "direction": "ingress", "remote_ip_prefix": null, "protocol": "tcp", "ethertype": "IPv4", "tenant_id": "7a01fbce335e44169bb51414daa035bc", "port_range_max": 22, "port_range_min": 22, "id": "7cdf24e1-58b3-4529-8a71-85adea31d78b", "security_group_id": "aaa1f86c-c87f-4060-8d8b-ea16acd0c94d"}}
2016-02-16 16:00:30,755 18749 INFO     [tempest_lib.common.rest_client] Request (TestNetworkBasicOps:test_connectivity_between_vms_on_different_networks): 201 POST http://10.4.1.3:9696/v2.0/security-group-rules 0.312s
2016-02-16 16:00:30,756 18749 DEBUG    [tempest_lib.common.rest_client] Request - Headers: {'Content-Type': 'application/json', 'Accept': 'application/json', 'X-Auth-Token': '&lt;omitted&gt;'}
        Body: {"security_group_rule": {"direction": "egress", "protocol": "tcp", "tenant_id": "7a01fbce335e44169bb51414daa035bc", "port_range_max": 22, "security_group_id": "aaa1f86c-c87f-4060-8d8b-ea16acd0c94d", "port_range_min": 22}}
    Response - Headers: {'status': '201', 'content-length': '339', 'connection': 'close', 'date': 'Tue, 16 Feb 2016 16:00:30 GMT', 'content-type': 'application/json; charset=UTF-8', 'x-openstack-request-id': 'req-6079ad59-6ae6-4632-84b0-cf7b2739d64d'}
        Body: {"security_group_rule": {"remote_group_id": null, "direction": "egress", "remote_ip_prefix": null, "protocol": "tcp", "ethertype": "IPv4", "tenant_id": "7a01fbce335e44169bb51414daa035bc", "port_range_max": 22, "port_range_min": 22, "id": "9ebf5e62-0644-41ea-840b-14c90353f953", "security_group_id": "aaa1f86c-c87f-4060-8d8b-ea16acd0c94d"}}
2016-02-16 16:00:31,052 18749 INFO     [tempest_lib.common.rest_client] Request (TestNetworkBasicOps:test_connectivity_between_vms_on_different_networks): 201 POST http://10.4.1.3:9696/v2.0/security-group-rules 0.296s
2016-02-16 16:00:31,054 18749 DEBUG    [tempest_lib.common.rest_client] Request - Headers: {'Content-Type': 'application/json', 'Accept': 'application/json', 'X-Auth-Token': '&lt;omitted&gt;'}
        Body: {"security_group_rule": {"tenant_id": "7a01fbce335e44169bb51414daa035bc", "direction": "ingress", "protocol": "icmp", "security_group_id": "aaa1f86c-c87f-4060-8d8b-ea16acd0c94d"}}
    Response - Headers: {'status': '201', 'content-length': '345', 'connection': 'close', 'date': 'Tue, 16 Feb 2016 16:00:31 GMT', 'content-type': 'application/json; charset=UTF-8', 'x-openstack-request-id': 'req-02d0e1f0-ca36-4b43-a351-61368338737a'}
        Body: {"security_group_rule": {"remote_group_id": null, "direction": "ingress", "remote_ip_prefix": null, "protocol": "icmp", "ethertype": "IPv4", "tenant_id": "7a01fbce335e44169bb51414daa035bc", "port_range_max": null, "port_range_min": null, "id": "66d50d5e-24d5-476e-b51d-7fecb62e3fff", "security_group_id": "aaa1f86c-c87f-4060-8d8b-ea16acd0c94d"}}
2016-02-16 16:00:31,358 18749 INFO     [tempest_lib.common.rest_client] Request (TestNetworkBasicOps:test_connectivity_between_vms_on_different_networks): 201 POST http://10.4.1.3:9696/v2.0/security-group-rules 0.303s
2016-02-16 16:00:31,359 18749 DEBUG    [tempest_lib.common.rest_client] Request - Headers: {'Content-Type': 'application/json', 'Accept': 'application/json', 'X-Auth-Token': '&lt;omitted&gt;'}
        Body: {"security_group_rule": {"tenant_id": "7a01fbce335e44169bb51414daa035bc", "direction": "egress", "protocol": "icmp", "security_group_id": "aaa1f86c-c87f-4060-8d8b-ea16acd0c94d"}}
    Response - Headers: {'status': '201', 'content-length': '344', 'connection': 'close', 'date': 'Tue, 16 Feb 2016 16:00:31 GMT', 'content-type': 'application/json; charset=UTF-8', 'x-openstack-request-id': 'req-1927c50b-70fc-4444-b112-7b5a8b2fa450'}
        Body: {"security_group_rule": {"remote_group_id": null, "direction": "egress", "remote_ip_prefix": null, "protocol": "icmp", "ethertype": "IPv4", "tenant_id": "7a01fbce335e44169bb51414daa035bc", "port_range_max": null, "port_range_min": null, "id": "3db8796c-800c-4633-843a-48536cba5c1a", "security_group_id": "aaa1f86c-c87f-4060-8d8b-ea16acd0c94d"}}
2016-02-16 16:00:31,657 18749 INFO     [tempest_lib.common.rest_client] Request (TestNetworkBasicOps:test_connectivity_between_vms_on_different_networks): 201 POST http://10.4.1.3:9696/v2.0/security-group-rules 0.297s
2016-02-16 16:00:31,658 18749 DEBUG    [tempest_lib.common.rest_client] Request - Headers: {'Content-Type': 'application/json', 'Accept': 'application/json', 'X-Auth-Token': '&lt;omitted&gt;'}
        Body: {"security_group_rule": {"tenant_id": "7a01fbce335e44169bb51414daa035bc", "direction": "ingress", "security_group_id": "aaa1f86c-c87f-4060-8d8b-ea16acd0c94d", "protocol": "icmp", "ethertype": "IPv6"}}
    Response - Headers: {'status': '201', 'content-length': '345', 'connection': 'close', 'date': 'Tue, 16 Feb 2016 16:00:31 GMT', 'content-type': 'application/json; charset=UTF-8', 'x-openstack-request-id': 'req-c9f65f7e-ccb3-4c91-9a44-9387b2a46023'}
        Body: {"security_group_rule": {"remote_group_id": null, "direction": "ingress", "remote_ip_prefix": null, "protocol": "icmp", "ethertype": "IPv6", "tenant_id": "7a01fbce335e44169bb51414daa035bc", "port_range_max": null, "port_range_min": null, "id": "7542e896-b9ff-48cb-945c-a6268e4c0c62", "security_group_id": "aaa1f86c-c87f-4060-8d8b-ea16acd0c94d"}}
2016-02-16 16:00:31,929 18749 INFO     [tempest_lib.common.rest_client] Request (TestNetworkBasicOps:test_connectivity_between_vms_on_different_networks): 201 POST http://10.4.1.3:9696/v2.0/security-group-rules 0.270s
2016-02-16 16:00:31,929 18749 DEBUG    [tempest_lib.common.rest_client] Request - Headers: {'Content-Type': 'application/json', 'Accept': 'application/json', 'X-Auth-Token': '&lt;omitted&gt;'}
        Body: {"security_group_rule": {"tenant_id": "7a01fbce335e44169bb51414daa035bc", "direction": "egress", "security_group_id": "aaa1f86c-c87f-4060-8d8b-ea16acd0c94d", "protocol": "icmp", "ethertype": "IPv6"}}
    Response - Headers: {'status': '201', 'content-length': '344', 'connection': 'close', 'date': 'Tue, 16 Feb 2016 16:00:31 GMT', 'content-type': 'application/json; charset=UTF-8', 'x-openstack-request-id': 'req-08ee8f17-93a5-407f-bce7-c90263c81c79'}
        Body: {"security_group_rule": {"remote_group_id": null, "direction": "egress", "remote_ip_prefix": null, "protocol": "icmp", "ethertype": "IPv6", "tenant_id": "7a01fbce335e44169bb51414daa035bc", "port_range_max": null, "port_range_min": null, "id": "6c1b279c-c774-4461-a794-4f7932a21687", "security_group_id": "aaa1f86c-c87f-4060-8d8b-ea16acd0c94d"}}
2016-02-16 16:00:32,375 18749 INFO     [tempest_lib.common.rest_client] Request (TestNetworkBasicOps:test_connectivity_between_vms_on_different_networks): 201 POST http://10.4.1.3:9696/v2.0/networks 0.445s
2016-02-16 16:00:32,376 18749 DEBUG    [tempest_lib.common.rest_client] Request - Headers: {'Content-Type': 'application/json', 'Accept': 'application/json', 'X-Auth-Token': '&lt;omitted&gt;'}
        Body: {"network": {"tenant_id": "7a01fbce335e44169bb51414daa035bc", "name": "tempest-network-smoke--1401215776"}}
    Response - Headers: {'status': '201', 'content-length': '356', 'connection': 'close', 'date': 'Tue, 16 Feb 2016 16:00:32 GMT', 'content-type': 'application/json; charset=UTF-8', 'x-openstack-request-id': 'req-6b889f37-0613-4797-b6ac-8e75a23656a9'}
        Body: {"network": {"status": "ACTIVE", "subnets": [], "availability_zone_hints": [], "availability_zones": [], "name": "tempest-network-smoke--1401215776", "admin_state_up": true, "tenant_id": "7a01fbce335e44169bb51414daa035bc", "mtu": 1450, "router:external": false, "shared": false, "port_security_enabled": true, "id": "027a3313-b455-47cd-ad9c-389a7389c823"}}
2016-02-16 16:00:32,643 18749 INFO     [tempest_lib.common.rest_client] Request (TestNetworkBasicOps:test_connectivity_between_vms_on_different_networks): 201 POST http://10.4.1.3:9696/v2.0/routers 0.266s
2016-02-16 16:00:32,644 18749 DEBUG    [tempest_lib.common.rest_client] Request - Headers: {'Content-Type': 'application/json', 'Accept': 'application/json', 'X-Auth-Token': '&lt;omitted&gt;'}
        Body: {"router": {"tenant_id": "7a01fbce335e44169bb51414daa035bc", "name": "tempest-router-smoke-126844617", "admin_state_up": true}}
    Response - Headers: {'status': '201', 'content-length': '238', 'connection': 'close', 'date': 'Tue, 16 Feb 2016 16:00:32 GMT', 'content-type': 'application/json; charset=UTF-8', 'x-openstack-request-id': 'req-890a8aee-7229-4668-9f79-8b43690048a1'}
        Body: {"router": {"status": "ACTIVE", "external_gateway_info": null, "name": "tempest-router-smoke-126844617", "admin_state_up": true, "tenant_id": "7a01fbce335e44169bb51414daa035bc", "routes": [], "id": "f82ee07e-301b-4d6c-bd3a-c0e6524fbd34"}}
2016-02-16 16:00:32,879 18749 INFO     [tempest_lib.common.rest_client] Request (TestNetworkBasicOps:test_connectivity_between_vms_on_different_networks): 200 GET http://10.4.1.3:9696/v2.0/routers/f82ee07e-301b-4d6c-bd3a-c0e6524fbd34 0.234s
2016-02-16 16:00:32,880 18749 DEBUG    [tempest_lib.common.rest_client] Request - Headers: {'Content-Type': 'application/json', 'Accept': 'application/json', 'X-Auth-Token': '&lt;omitted&gt;'}
        Body: None
    Response - Headers: {'status': '200', 'content-length': '238', 'content-location': 'http://10.4.1.3:9696/v2.0/routers/f82ee07e-301b-4d6c-bd3a-c0e6524fbd34', 'connection': 'close', 'date': 'Tue, 16 Feb 2016 16:00:32 GMT', 'content-type': 'application/json; charset=UTF-8', 'x-openstack-request-id': 'req-488f8c1d-5f02-4681-8742-7509dd9f4cba'}
        Body: {"router": {"status": "ACTIVE", "external_gateway_info": null, "name": "tempest-router-smoke-126844617", "admin_state_up": true, "tenant_id": "7a01fbce335e44169bb51414daa035bc", "routes": [], "id": "f82ee07e-301b-4d6c-bd3a-c0e6524fbd34"}}
2016-02-16 16:00:33,666 18749 INFO     [tempest_lib.common.rest_client] Request (TestNetworkBasicOps:test_connectivity_between_vms_on_different_networks): 200 PUT http://10.4.1.3:9696/v2.0/routers/f82ee07e-301b-4d6c-bd3a-c0e6524fbd34 0.785s
2016-02-16 16:00:33,667 18749 DEBUG    [tempest_lib.common.rest_client] Request - Headers: {'Content-Type': 'application/json', 'Accept': 'application/json', 'X-Auth-Token': '&lt;omitted&gt;'}
        Body: {"router": {"external_gateway_info": {"network_id": "fea0bd59-9d51-4e9e-86b0-170d00b131d8"}, "name": "tempest-router-smoke-126844617", "admin_state_up": true}}
    Response - Headers: {'status': '200', 'content-length': '500', 'connection': 'close', 'date': 'Tue, 16 Feb 2016 16:00:33 GMT', 'content-type': 'application/json; charset=UTF-8', 'x-openstack-request-id': 'req-fdef6158-321a-450a-8864-233eb42dc33a'}
        Body: {"router": {"status": "ACTIVE", "external_gateway_info": {"network_id": "fea0bd59-9d51-4e9e-86b0-170d00b131d8", "enable_snat": true, "external_fixed_ips": [{"subnet_id": "be7c8ef0-7d4d-4a42-ab91-00fb5a26fed7", "ip_address": "172.24.4.3"}, {"subnet_id": "296a3abf-cb36-4928-807b-8ba0a12943fb", "ip_address": "2001:db8::3"}]}, "name": "tempest-router-smoke-126844617", "admin_state_up": true, "tenant_id": "7a01fbce335e44169bb51414daa035bc", "routes": [], "id": "f82ee07e-301b-4d6c-bd3a-c0e6524fbd34"}}
2016-02-16 16:00:33,906 18749 INFO     [tempest_lib.common.rest_client] Request (TestNetworkBasicOps:test_connectivity_between_vms_on_different_networks): 200 GET http://10.4.1.3:9696/v2.0/subnets?tenant_id=7a01fbce335e44169bb51414daa035bc&amp;cidr=10.100.0.0%2F28 0.237s
2016-02-16 16:00:33,907 18749 DEBUG    [tempest_lib.common.rest_client] Request - Headers: {'Content-Type': 'application/json', 'Accept': 'application/json', 'X-Auth-Token': '&lt;omitted&gt;'}
        Body: None
    Response - Headers: {'status': '200', 'content-length': '15', 'content-location': 'http://10.4.1.3:9696/v2.0/subnets?tenant_id=7a01fbce335e44169bb51414daa035bc&amp;cidr=10.100.0.0%2F28', 'connection': 'close', 'date': 'Tue, 16 Feb 2016 16:00:33 GMT', 'content-type': 'application/json; charset=UTF-8', 'x-openstack-request-id': 'req-cf2eeb30-b15f-4141-98b4-d02d7d3a4566'}
        Body: {"subnets": []}
2016-02-16 16:00:34,455 18749 INFO     [tempest_lib.common.rest_client] Request (TestNetworkBasicOps:test_connectivity_between_vms_on_different_networks): 201 POST http://10.4.1.3:9696/v2.0/subnets 0.547s
2016-02-16 16:00:34,455 18749 DEBUG    [tempest_lib.common.rest_client] Request - Headers: {'Content-Type': 'application/json', 'Accept': 'application/json', 'X-Auth-Token': '&lt;omitted&gt;'}
        Body: {"subnet": {"ip_version": 4, "tenant_id": "7a01fbce335e44169bb51414daa035bc", "cidr": "10.100.0.0/28", "network_id": "027a3313-b455-47cd-ad9c-389a7389c823", "name": "tempest-subnet-smoke-368057205"}}
    Response - Headers: {'status': '201', 'content-length': '477', 'connection': 'close', 'date': 'Tue, 16 Feb 2016 16:00:34 GMT', 'content-type': 'application/json; charset=UTF-8', 'x-openstack-request-id': 'req-ec3b5003-4bec-4ed4-9fd2-a2c966be9799'}
        Body: {"subnet": {"name": "tempest-subnet-smoke-368057205", "enable_dhcp": true, "network_id": "027a3313-b455-47cd-ad9c-389a7389c823", "tenant_id": "7a01fbce335e44169bb51414daa035bc", "dns_nameservers": [], "gateway_ip": "10.100.0.1", "ipv6_ra_mode": null, "allocation_pools": [{"start": "10.100.0.2", "end": "10.100.0.14"}], "host_routes": [], "ip_version": 4, "ipv6_address_mode": null, "cidr": "10.100.0.0/28", "id": "81e11802-7093-4c37-a6bd-91413b0dc404", "subnetpool_id": null}}
2016-02-16 16:00:35,305 18749 INFO     [tempest_lib.common.rest_client] Request (TestNetworkBasicOps:test_connectivity_between_vms_on_different_networks): 200 PUT http://10.4.1.3:9696/v2.0/routers/f82ee07e-301b-4d6c-bd3a-c0e6524fbd34/add_router_interface 0.848s
2016-02-16 16:00:35,306 18749 DEBUG    [tempest_lib.common.rest_client] Request - Headers: {'Content-Type': 'application/json', 'Accept': 'application/json', 'X-Auth-Token': '&lt;omitted&gt;'}
        Body: {"subnet_id": "81e11802-7093-4c37-a6bd-91413b0dc404"}
    Response - Headers: {'status': '200', 'content-length': '309', 'connection': 'close', 'date': 'Tue, 16 Feb 2016 16:00:35 GMT', 'content-type': 'application/json; charset=UTF-8', 'x-openstack-request-id': 'req-bc09c1fd-334b-454d-b042-43b81ead0593'}
        Body: {"network_id": "027a3313-b455-47cd-ad9c-389a7389c823", "tenant_id": "7a01fbce335e44169bb51414daa035bc", "subnet_id": "81e11802-7093-4c37-a6bd-91413b0dc404", "subnet_ids": ["81e11802-7093-4c37-a6bd-91413b0dc404"], "port_id": "38779c43-240b-4b01-964b-d4cb833cb612", "id": "f82ee07e-301b-4d6c-bd3a-c0e6524fbd34"}
2016-02-16 16:00:35,547 18749 INFO     [tempest_lib.common.rest_client] Request (TestNetworkBasicOps:test_connectivity_between_vms_on_different_networks): 200 GET http://10.4.1.3:9696/v2.0/networks 0.240s
2016-02-16 16:00:35,548 18749 DEBUG    [tempest_lib.common.rest_client] Request - Headers: {'Content-Type': 'application/json', 'Accept': 'application/json', 'X-Auth-Token': '&lt;omitted&gt;'}
        Body: None
    Response - Headers: {'status': '200', 'content-length': '1537', 'content-location': 'http://10.4.1.3:9696/v2.0/networks', 'connection': 'close', 'date': 'Tue, 16 Feb 2016 16:00:35 GMT', 'content-type': 'application/json; charset=UTF-8', 'x-openstack-request-id': 'req-5f8c2135-c122-4ed4-8af4-a65e09edcbc9'}
        Body: {"networks": [{"status": "ACTIVE", "subnets": ["100be318-af2c-4ef6-b234-beeeb65cb016", "3d5d8877-5d8a-4275-8541-122b089fb419"], "availability_zone_hints": [], "availability_zones": ["nova"], "name": "private", "provider:physical_network": null, "admin_state_up": true, "tenant_id": "5863a30596cb46b8bb515ffbf7f70210", "mtu": 1450, "router:external": false, "shared": false, "port_security_enabled": true, "provider:network_type": "vxlan", "id": "c5d819cc-dbb0-4097-a46c-f54e76626224", "provider:segmentation_id": 1063}, {"status": "ACTIVE", "subnets": ["be7c8ef0-7d4d-4a42-ab91-00fb5a26fed7", "296a3abf-cb36-4928-807b-8ba0a12943fb"], "availability_zone_hints": [], "availability_zones": ["nova"], "name": "public", "provider:physical_network": null, "admin_state_up": true, "tenant_id": "e0fbed8ba88248b49ccd0b25d32de3d0", "mtu": 1450, "is_default": false, "router:external": true, "shared": false, "port_security_enabled": true, "provider:network_type": "vxlan", "id": "fea0bd59-9d51-4e9e-86b0-170d00b131d8", "provider:segmentation_id": 1031}, {"status": "ACTIVE", "subnets": ["81e11802-7093-4c37-a6bd-91413b0dc404"], "availability_zone_hints": [], "availability_zones": ["nova"], "name": "tempest-network-smoke--1401215776", "provider:physical_network": null, "admin_state_up": true, "tenant_id": "7a01fbce335e44169bb51414daa035bc", "mtu": 1450, "router:external": false, "shared": false, "port_security_enabled": true, "provider:network_type": "vxlan", "id": "027a3313-b455-47cd-ad9c-389a7389c823", "provider:segmentation_id": 1060}]}
2016-02-16 16:00:35,887 18749 INFO     [tempest_lib.common.rest_client] Request (TestNetworkBasicOps:test_connectivity_between_vms_on_different_networks): 200 GET http://10.4.1.3:9696/v2.0/subnets 0.337s
2016-02-16 16:00:35,887 18749 DEBUG    [tempest_lib.common.rest_client] Request - Headers: {'Content-Type': 'application/json', 'Accept': 'application/json', 'X-Auth-Token': '&lt;omitted&gt;'}
        Body: None
    Response - Headers: {'status': '200', 'content-length': '2407', 'content-location': 'http://10.4.1.3:9696/v2.0/subnets', 'connection': 'close', 'date': 'Tue, 16 Feb 2016 16:00:35 GMT', 'content-type': 'application/json; charset=UTF-8', 'x-openstack-request-id': 'req-d35416a4-12bb-4fd6-813d-ad91ba3c8dc6'}
        Body: {"subnets": [{"name": "ipv6-public-subnet", "enable_dhcp": false, "network_id": "fea0bd59-9d51-4e9e-86b0-170d00b131d8", "tenant_id": "e0fbed8ba88248b49ccd0b25d32de3d0", "dns_nameservers": [], "gateway_ip": "2001:db8::2", "ipv6_ra_mode": null, "allocation_pools": [{"start": "2001:db8::1", "end": "2001:db8::1"}, {"start": "2001:db8::3", "end": "2001:db8::ffff:ffff:ffff:ffff"}], "host_routes": [], "ip_version": 6, "ipv6_address_mode": null, "cidr": "2001:db8::/64", "id": "296a3abf-cb36-4928-807b-8ba0a12943fb", "subnetpool_id": null}, {"name": "public-subnet", "enable_dhcp": false, "network_id": "fea0bd59-9d51-4e9e-86b0-170d00b131d8", "tenant_id": "e0fbed8ba88248b49ccd0b25d32de3d0", "dns_nameservers": [], "gateway_ip": "172.24.4.1", "ipv6_ra_mode": null, "allocation_pools": [{"start": "172.24.4.2", "end": "172.24.4.254"}], "host_routes": [], "ip_version": 4, "ipv6_address_mode": null, "cidr": "172.24.4.0/24", "id": "be7c8ef0-7d4d-4a42-ab91-00fb5a26fed7", "subnetpool_id": null}, {"name": "tempest-subnet-smoke-368057205", "enable_dhcp": true, "network_id": "027a3313-b455-47cd-ad9c-389a7389c823", "tenant_id": "7a01fbce335e44169bb51414daa035bc", "dns_nameservers": [], "gateway_ip": "10.100.0.1", "ipv6_ra_mode": null, "allocation_pools": [{"start": "10.100.0.2", "end": "10.100.0.14"}], "host_routes": [], "ip_version": 4, "ipv6_address_mode": null, "cidr": "10.100.0.0/28", "id": "81e11802-7093-4c37-a6bd-91413b0dc404", "subnetpool_id": null}, {"name": "private-subnet", "enable_dhcp": true, "network_id": "c5d819cc-dbb0-4097-a46c-f54e76626224", "tenant_id": "5863a30596cb46b8bb515ffbf7f70210", "dns_nameservers": [], "gateway_ip": "10.0.0.1", "ipv6_ra_mode": null, "allocation_pools": [{"start": "10.0.0.2", "end": "10.0.0.254"}], "host_routes": [], "ip_version": 4, "ipv6_address_mode": null, "cidr": "10.0.0.0/24", "id": "100be318-af2c-4ef6-b234-beeeb65cb016", "subnetpool_id": null}, {"name": "ipv6-private-subnet", "enable_dhcp": true, "network_id": "c5d819cc-dbb0-4097-a46c-f54e76626224", "tenant_id": "5863a30596cb46b8bb515ffbf7f70210", "dns_nameservers": [], "gateway_ip": "fde0:255c:3c7b::1", "ipv6_ra_mode": "slaac", "allocation_pools": [{"start": "fde0:255c:3c7b::2", "end": "fde0:255c:3c7b:0:ffff:ffff:ffff:ffff"}], "host_routes": [], "ip_version": 6, "ipv6_address_mode": "slaac", "cidr": "fde0:255c:3c7b::/64", "id": "3d5d8877-5d8a-4275-8541-122b089fb419", "subnetpool_id": null}]}
2016-02-16 16:00:36,125 18749 INFO     [tempest_lib.common.rest_client] Request (TestNetworkBasicOps:test_connectivity_between_vms_on_different_networks): 200 GET http://10.4.1.3:9696/v2.0/routers 0.237s
2016-02-16 16:00:36,126 18749 DEBUG    [tempest_lib.common.rest_client] Request - Headers: {'Content-Type': 'application/json', 'Accept': 'application/json', 'X-Auth-Token': '&lt;omitted&gt;'}
        Body: None
    Response - Headers: {'status': '200', 'content-length': '1014', 'content-location': 'http://10.4.1.3:9696/v2.0/routers', 'connection': 'close', 'date': 'Tue, 16 Feb 2016 16:00:36 GMT', 'content-type': 'application/json; charset=UTF-8', 'x-openstack-request-id': 'req-883fbce0-f810-4b3a-a7ec-ae9259c4a25f'}
        Body: {"routers": [{"status": "ACTIVE", "external_gateway_info": {"network_id": "fea0bd59-9d51-4e9e-86b0-170d00b131d8", "enable_snat": true, "external_fixed_ips": [{"subnet_id": "be7c8ef0-7d4d-4a42-ab91-00fb5a26fed7", "ip_address": "172.24.4.2"}, {"subnet_id": "296a3abf-cb36-4928-807b-8ba0a12943fb", "ip_address": "2001:db8::1"}]}, "name": "router1", "admin_state_up": true, "tenant_id": "5863a30596cb46b8bb515ffbf7f70210", "distributed": false, "routes": [], "id": "050f97d3-2339-4b41-b2af-375b54c3fd3c"}, {"status": "ACTIVE", "external_gateway_info": {"network_id": "fea0bd59-9d51-4e9e-86b0-170d00b131d8", "enable_snat": true, "external_fixed_ips": [{"subnet_id": "be7c8ef0-7d4d-4a42-ab91-00fb5a26fed7", "ip_address": "172.24.4.3"}, {"subnet_id": "296a3abf-cb36-4928-807b-8ba0a12943fb", "ip_address": "2001:db8::3"}]}, "name": "tempest-router-smoke-126844617", "admin_state_up": true, "tenant_id": "7a01fbce335e44169bb51414daa035bc", "distributed": false, "routes": [], "id": "f82ee07e-301b-4d6c-bd3a-c0e6524fbd34"}]}
2016-02-16 16:00:36,763 18749 INFO     [tempest_lib.common.rest_client] Request (TestNetworkBasicOps:test_connectivity_between_vms_on_different_networks): 200 POST http://10.4.1.3:8774/v2.1/7a01fbce335e44169bb51414daa035bc/os-keypairs 0.636s
2016-02-16 16:00:36,764 18749 DEBUG    [tempest_lib.common.rest_client] Request - Headers: {'Content-Type': 'application/json', 'Accept': 'application/json', 'X-Auth-Token': '&lt;omitted&gt;'}
        Body: {"keypair": {"name": "tempest-TestNetworkBasicOps-1027358146"}}
    Response - Headers: {'status': '200', 'content-length': '2321', 'x-compute-request-id': 'req-648073b1-d0cb-4219-ac60-281e4955cff5', 'vary': 'X-OpenStack-Nova-API-Version', 'connection': 'close', 'x-openstack-nova-api-version': '2.1', 'date': 'Tue, 16 Feb 2016 16:00:36 GMT', 'content-type': 'application/json'}
        Body: {"keypair": {"public_key": "ssh-rsa AAAAB3NzaC1yc2EAAAADAQABAAABAQCjPEXooxA7dmXZ1s3lCxHYRhr2hB6vL6Rp5De/J5GQ4bueSkRFKBgLam9XaAIJXWhwVcAhcDr+Z12ojdBJo3Xitv2yO7e2PI2doaSTQjvqvEUuiteY9jaMyi6VkDgbtyPMHZqAD/eFzAE5fXCevhr45/sW66XshkwCRu7fLRM803zPXw/bS+muAETdbdEFr77np3jgkPQ/qk/h35u0lb4NclQBHeVPPzs24bd/XO/KX5EV36ewu2yak3zApTXJkCCITlMod5mORi0jXTOR9C8LtpE0BEV8G551NGCBw9T2reiEN8mIytiZiPBKXnVwBYjh5HV4hPtd6ykeQrhKzEop Generated-by-Nova", "private_key": "-----BEGIN RSA PRIVATE KEY-----\nMIIEqAIBAAKCAQEAozxF6KMQO3Zl2dbN5QsR2EYa9oQery+kaeQ3vyeRkOG7nkpE\nRSgYC2pvV2gCCV1ocFXAIXA6/mddqI3QSaN14rb9sju3tjyNnaGkk0I76rxFLorX\nmPY2jMoulZA4G7cjzB2agA/3hcwBOX1wnr4a+Of7Fuul7IZMAkbu3y0TPNN8z18P\n20vprgBE3W3RBa++56d44JD0P6pP4d+btJW+DXJUAR3lTz87NuG3f1zvyl+RFd+n\nsLtsmpN8wKU1yZAgiE5TKHeZjkYtI10zkfQvC7aRNARFfBuedTRggcPU9q3ohDfJ\niMrYmYjwSl51cAWI4eR1eIT7XespHkK4SsxKKQIDAQABAoIBAHlL4XrkKLy21ypP\ndwH6/tCiD4kdVhvBoD/biR0vTvjE9IDEGQT2rR9WgNQHgnPpCCFpZvKyDfRbZPpK\nHvuJTqEgb1ZRD8uIJYd7xOp0LkfYjOPv4hNU6eYmmwUifL8DkMMtQFBnDPxMQqCw\nuM4M38gTwb4fb1VZ2gNbKEeInCH2qOmivQC4JBnxxfWxVFTtpi7IiFM1eoUimqNm\nSMEJLUG25KM2qkTQ3AvA1n3I9uw65myeySP05Gy0BZs0DHDOIjs2DIhDD1SRlD2m\naiOXWx2UeCzUmvcGqBYce/azfXUQBFsLLBCSARkxYr+9uuLZ45xB5w4++xA6yBlh\np67JWYECggCBAL8XsZmTCDgxi9hr0SQbB7dfFH556bMg3jvCKH8gOxDDpb9NWI3B\nPglnNDBMsDeVopeR/bcvVs44GBI5Itfvlou1LnlT4eDW5yE7j3x9NfM+/pYYR1mN\nEo8EahWzKOeyxrXc/ns7gl/dWORVhZArnmW2s2E5xcUJ6yye+Mq0Ppu5AoIAgQDa\nrkkZ+d6Juom8L80ERcBQr0FJhFQy2v1DIqDA9RcBPAEq+NaPiXJEx51TT2vvv4X9\nlMgywg0gyVreqTT/yZIcpyJavv9VGixHCwacRCK5SN7JqVdPIZIhW17+4zxUiCTn\nr5my6wSI416C/t6R0WgeM0YhfyXGkV5RScqz/2u58QKCAIBe4UjRU+vU2uTwxDfH\nkZQ3PAJU+ftLcZpmWXT6CerJ3BrD7Yd2euhuisui37DvKGDemSI8fki/g6KQCcZ/\nKPq6y28T1s5kcM+59HS9/v12lWSa6dsjX6RDVpHFzHsW7/EyA1Rno5iMOL8WQFBc\n0QuIvTo7oA/OUapvMU+edfhQIQKCAIA8hn6PJPx2DF4w6t4Ir7GR41/jlC+lv7zX\nRw9NOMi8O7prBWKFadpptQITW+kY+15/mB1tBw6RI4n2FMkpfsXlDlFQ4opTKKJW\nq3OR7r3ZoJShJjCXI0iJ2PtK+uPo1aG5Sn306l1f8eZnxVke7OGvciuX+9QdyIBd\naVokRa6wUQKCAIEAudOROVfdkV1o6fg3A24zfLX65Oa3znEXXGRSxX34d+D2uMys\nOk6CCImp2fEKrP3heprYPJKPV1f7iP32gV2CNzZLfjSpNpGkRaMT9xvBKfn9bsu/\n/ZNrMpSyFaHGv+g+0RbcVHN27afAbH+ZRMHpXP78a7oXp7IqbDk3Q53r8cI=\n-----END RSA PRIVATE KEY-----\n", "user_id": "f627daa9112e4e75b5dc40e850947e00", "name": "tempest-TestNetworkBasicOps-1027358146", "fingerprint": "6e:7f:23:0c:77:98:89:7f:79:41:79:aa:51:c2:d3:41"}}
2016-02-16 16:00:36,923 18749 INFO     [tempest_lib.common.rest_client] Request (TestNetworkBasicOps:test_connectivity_between_vms_on_different_networks): 200 POST http://10.4.1.3:5000/v2.0/tokens
2016-02-16 16:00:36,923 18749 DEBUG    [tempest_lib.common.rest_client] Request - Headers: {'Content-Type': 'application/json', 'Accept': 'application/json'}
        Body: &lt;omitted&gt;
    Response - Headers: {'status': '200', 'content-length': '2260', 'vary': 'X-Auth-Token', 'server': 'Apache/2.4.7 (Ubuntu)', 'connection': 'close', 'date': 'Tue, 16 Feb 2016 16:00:36 GMT', 'content-type': 'application/json', 'x-openstack-request-id': 'req-1181ee22-4e50-4b5c-afc0-73365ea387dc'}
        Body: {"access": {"token": {"issued_at": "2016-02-16T16:00:36.913798", "expires": "2016-02-16T17:00:36Z", "id": "f826cc1966a14fef8d6a95addfb2170d", "tenant": {"description": "tempest-TestNetworkBasicOps-1235262761-desc", "enabled": true, "id": "7a01fbce335e44169bb51414daa035bc", "name": "tempest-TestNetworkBasicOps-1235262761"}, "audit_ids": ["NvcbPcngTteo71sDst4t0g"]}, "serviceCatalog": [{"endpoints": [{"adminURL": "http://10.4.1.3:9292", "region": "RegionOne", "internalURL": "http://10.4.1.3:9292", "id": "180e95f76e394629909e34611fe3c048", "publicURL": "http://10.4.1.3:9292"}], "endpoints_links": [], "type": "image", "name": "glance"}, {"endpoints": [{"adminURL": "http://10.4.1.3:8774/v2.1/7a01fbce335e44169bb51414daa035bc", "region": "RegionOne", "internalURL": "http://10.4.1.3:8774/v2.1/7a01fbce335e44169bb51414daa035bc", "id": "324b6a277f3b48e593ab299105e0adf2", "publicURL": "http://10.4.1.3:8774/v2.1/7a01fbce335e44169bb51414daa035bc"}], "endpoints_links": [], "type": "compute", "name": "nova"}, {"endpoints": [{"adminURL": "http://10.4.1.3:8774/v2/7a01fbce335e44169bb51414daa035bc", "region": "RegionOne", "internalURL": "http://10.4.1.3:8774/v2/7a01fbce335e44169bb51414daa035bc", "id": "3d12b06c844f4a8e91e85318e4279727", "publicURL": "http://10.4.1.3:8774/v2/7a01fbce335e44169bb51414daa035bc"}], "endpoints_links": [], "type": "compute_legacy", "name": "nova_legacy"}, {"endpoints": [{"adminURL": "http://10.4.1.3:35357/v2.0", "region": "RegionOne", "internalURL": "http://10.4.1.3:5000/v2.0", "id": "1c3ebb94104c40849bcf26e58fe17e19", "publicURL": "http://10.4.1.3:5000/v2.0"}], "endpoints_links": [], "type": "identity", "name": "keystone"}, {"endpoints": [{"adminURL": "http://10.4.1.3:9696/", "region": "RegionOne", "internalURL": "http://10.4.1.3:9696/", "id": "af761646c64b419cbff47ac66a65c595", "publicURL": "http://10.4.1.3:9696/"}], "endpoints_links": [], "type": "network", "name": "neutron"}], "user": {"username": "tempest-TestNetworkBasicOps-1561990426", "roles_links": [], "id": "f627daa9112e4e75b5dc40e850947e00", "roles": [{"name": "_member_"}, {"name": "Member"}], "name": "tempest-TestNetworkBasicOps-1561990426"}, "metadata": {"is_admin": 0, "roles": ["9fe2ff9ee4384b1894a90878d3e92bab", "2bbd1f64e0584dd48e1a44097d0f4a16"]}}}
2016-02-16 16:00:36,927 18749 DEBUG    [tempest.common.fixed_network] (TestNetworkBasicOps:test_connectivity_between_vms_on_different_networks) No valid network provided or created, defaulting to fixed_network_name
2016-02-16 16:00:37,394 18749 INFO     [tempest_lib.common.rest_client] Request (TestNetworkBasicOps:test_connectivity_between_vms_on_different_networks): 200 GET http://10.4.1.3:8774/v2.1/7a01fbce335e44169bb51414daa035bc/os-networks 0.466s
2016-02-16 16:00:37,394 18749 DEBUG    [tempest_lib.common.rest_client] Request - Headers: {'Content-Type': 'application/json', 'Accept': 'application/json', 'X-Auth-Token': '&lt;omitted&gt;'}
        Body: None
    Response - Headers: {'status': '200', 'content-length': '479', 'content-location': 'http://10.4.1.3:8774/v2.1/7a01fbce335e44169bb51414daa035bc/os-networks', 'x-compute-request-id': 'req-b4305209-f091-4764-beb3-369612480817', 'vary': 'X-OpenStack-Nova-API-Version', 'connection': 'close', 'x-openstack-nova-api-version': '2.1', 'date': 'Tue, 16 Feb 2016 16:00:37 GMT', 'content-type': 'application/json'}
        Body: {"networks": [{"cidr_v6": null, "dns2": null, "dns1": null, "gateway": null, "broadcast": null, "netmask": null, "gateway_v6": null, "cidr": null, "label": "public", "id": "fea0bd59-9d51-4e9e-86b0-170d00b131d8", "netmask_v6": null}, {"cidr_v6": null, "dns2": null, "dns1": null, "gateway": null, "broadcast": null, "netmask": null, "gateway_v6": null, "cidr": null, "label": "tempest-network-smoke--1401215776", "id": "027a3313-b455-47cd-ad9c-389a7389c823", "netmask_v6": null}]}
2016-02-16 16:00:37,395 18749 WARNING  [tempest.common.fixed_network] (TestNetworkBasicOps:test_connectivity_between_vms_on_different_networks) Network with name: private not found
2016-02-16 16:00:37,395 18749 INFO     [tempest.common.fixed_network] (TestNetworkBasicOps:test_connectivity_between_vms_on_different_networks) Found network {} available for tenant
2016-02-16 16:00:40,358 18749 INFO     [tempest_lib.common.rest_client] Request (TestNetworkBasicOps:test_connectivity_between_vms_on_different_networks): 202 POST http://10.4.1.3:8774/v2.1/7a01fbce335e44169bb51414daa035bc/servers 2.962s
2016-02-16 16:00:40,359 18749 DEBUG    [tempest_lib.common.rest_client] Request - Headers: {'Content-Type': 'application/json', 'Accept': 'application/json', 'X-Auth-Token': '&lt;omitted&gt;'}
        Body: {"server": {"name": "tempest-server-smoke-632675577", "imageRef": "d69df48f-7a5d-4b03-8f12-68f9f4700004", "key_name": "tempest-TestNetworkBasicOps-1027358146", "flavorRef": "42", "networks": [{"uuid": "027a3313-b455-47cd-ad9c-389a7389c823"}], "security_groups": [{"name": "tempest-secgroup-smoke-1424878366"}]}}
    Response - Headers: {'status': '202', 'content-length': '460', 'x-compute-request-id': 'req-fce5973a-3fe5-4c33-83c4-257dd338a382', 'vary': 'X-OpenStack-Nova-API-Version', 'connection': 'close', 'location': 'http://10.4.1.3:8774/v2.1/7a01fbce335e44169bb51414daa035bc/servers/2313df98-e54f-48a3-85a4-cb36fab71efd', 'x-openstack-nova-api-version': '2.1', 'date': 'Tue, 16 Feb 2016 16:00:40 GMT', 'content-type': 'application/json'}
        Body: {"server": {"security_groups": [{"name": "tempest-secgroup-smoke-1424878366"}], "OS-DCF:diskConfig": "MANUAL", "id": "2313df98-e54f-48a3-85a4-cb36fab71efd", "links": [{"href": "http://10.4.1.3:8774/v2.1/7a01fbce335e44169bb51414daa035bc/servers/2313df98-e54f-48a3-85a4-cb36fab71efd", "rel": "self"}, {"href": "http://10.4.1.3:8774/7a01fbce335e44169bb51414daa035bc/servers/2313df98-e54f-48a3-85a4-cb36fab71efd", "rel": "bookmark"}], "adminPass": "bdzJRTPi3vpU"}}
2016-02-16 16:00:40,792 18749 INFO     [tempest_lib.common.rest_client] Request (TestNetworkBasicOps:test_connectivity_between_vms_on_different_networks): 200 GET http://10.4.1.3:8774/v2.1/7a01fbce335e44169bb51414daa035bc/servers/2313df98-e54f-48a3-85a4-cb36fab71efd 0.431s
2016-02-16 16:00:40,792 18749 DEBUG    [tempest_lib.common.rest_client] Request - Headers: {'Content-Type': 'application/json', 'Accept': 'application/json', 'X-Auth-Token': '&lt;omitted&gt;'}
        Body: None
    Response - Headers: {'status': '200', 'content-length': '1340', 'content-location': 'http://10.4.1.3:8774/v2.1/7a01fbce335e44169bb51414daa035bc/servers/2313df98-e54f-48a3-85a4-cb36fab71efd', 'x-compute-request-id': 'req-f67e1065-14b9-46d5-9fd0-7423f1c67cc3', 'vary': 'X-OpenStack-Nova-API-Version', 'connection': 'close', 'x-openstack-nova-api-version': '2.1', 'date': 'Tue, 16 Feb 2016 16:00:40 GMT', 'content-type': 'application/json'}
        Body: {"server": {"status": "BUILD", "updated": "2016-02-16T16:00:40Z", "hostId": "", "addresses": {}, "links": [{"href": "http://10.4.1.3:8774/v2.1/7a01fbce335e44169bb51414daa035bc/servers/2313df98-e54f-48a3-85a4-cb36fab71efd", "rel": "self"}, {"href": "http://10.4.1.3:8774/7a01fbce335e44169bb51414daa035bc/servers/2313df98-e54f-48a3-85a4-cb36fab71efd", "rel": "bookmark"}], "key_name": "tempest-TestNetworkBasicOps-1027358146", "image": {"id": "d69df48f-7a5d-4b03-8f12-68f9f4700004", "links": [{"href": "http://10.4.1.3:8774/7a01fbce335e44169bb51414daa035bc/images/d69df48f-7a5d-4b03-8f12-68f9f4700004", "rel": "bookmark"}]}, "OS-EXT-STS:task_state": "scheduling", "OS-EXT-STS:vm_state": "building", "OS-SRV-USG:launched_at": null, "flavor": {"id": "42", "links": [{"href": "http://10.4.1.3:8774/7a01fbce335e44169bb51414daa035bc/flavors/42", "rel": "bookmark"}]}, "id": "2313df98-e54f-48a3-85a4-cb36fab71efd", "OS-SRV-USG:terminated_at": null, "OS-EXT-AZ:availability_zone": "", "user_id": "f627daa9112e4e75b5dc40e850947e00", "name": "tempest-server-smoke-632675577", "created": "2016-02-16T16:00:40Z", "tenant_id": "7a01fbce335e44169bb51414daa035bc", "OS-DCF:diskConfig": "MANUAL", "os-extended-volumes:volumes_attached": [], "accessIPv4": "", "accessIPv6": "", "progress": 0, "OS-EXT-STS:power_state": 0, "config_drive": "", "metadata": {}}}
2016-02-16 16:00:42,315 18749 INFO     [tempest_lib.common.rest_client] Request (TestNetworkBasicOps:test_connectivity_between_vms_on_different_networks): 200 GET http://10.4.1.3:8774/v2.1/7a01fbce335e44169bb51414daa035bc/servers/2313df98-e54f-48a3-85a4-cb36fab71efd 0.512s
2016-02-16 16:00:42,315 18749 DEBUG    [tempest_lib.common.rest_client] Request - Headers: {'Content-Type': 'application/json', 'Accept': 'application/json', 'X-Auth-Token': '&lt;omitted&gt;'}
        Body: None
    Response - Headers: {'status': '200', 'content-length': '1398', 'content-location': 'http://10.4.1.3:8774/v2.1/7a01fbce335e44169bb51414daa035bc/servers/2313df98-e54f-48a3-85a4-cb36fab71efd', 'x-compute-request-id': 'req-96013d3c-c65b-4451-a09d-7fb04f2b9630', 'vary': 'X-OpenStack-Nova-API-Version', 'connection': 'close', 'x-openstack-nova-api-version': '2.1', 'date': 'Tue, 16 Feb 2016 16:00:42 GMT', 'content-type': 'application/json'}
        Body: {"server": {"status": "BUILD", "updated": "2016-02-16T16:00:41Z", "hostId": "d0eff44ab10c63df3abbcf78e5cf29bfdf1a9d2d648929ad6405a175", "addresses": {}, "links": [{"href": "http://10.4.1.3:8774/v2.1/7a01fbce335e44169bb51414daa035bc/servers/2313df98-e54f-48a3-85a4-cb36fab71efd", "rel": "self"}, {"href": "http://10.4.1.3:8774/7a01fbce335e44169bb51414daa035bc/servers/2313df98-e54f-48a3-85a4-cb36fab71efd", "rel": "bookmark"}], "key_name": "tempest-TestNetworkBasicOps-1027358146", "image": {"id": "d69df48f-7a5d-4b03-8f12-68f9f4700004", "links": [{"href": "http://10.4.1.3:8774/7a01fbce335e44169bb51414daa035bc/images/d69df48f-7a5d-4b03-8f12-68f9f4700004", "rel": "bookmark"}]}, "OS-EXT-STS:task_state": "spawning", "OS-EXT-STS:vm_state": "building", "OS-SRV-USG:launched_at": null, "flavor": {"id": "42", "links": [{"href": "http://10.4.1.3:8774/7a01fbce335e44169bb51414daa035bc/flavors/42", "rel": "bookmark"}]}, "id": "2313df98-e54f-48a3-85a4-cb36fab71efd", "OS-SRV-USG:terminated_at": null, "OS-EXT-AZ:availability_zone": "nova", "user_id": "f627daa9112e4e75b5dc40e850947e00", "name": "tempest-server-smoke-632675577", "created": "2016-02-16T16:00:40Z", "tenant_id": "7a01fbce335e44169bb51414daa035bc", "OS-DCF:diskConfig": "MANUAL", "os-extended-volumes:volumes_attached": [], "accessIPv4": "", "accessIPv6": "", "progress": 0, "OS-EXT-STS:power_state": 0, "config_drive": "", "metadata": {}}}
2016-02-16 16:00:42,323 18749 INFO     [tempest.common.waiters] State transition "BUILD/scheduling" ==&gt; "BUILD/spawning" after 2 second wait
2016-02-16 16:00:44,080 18749 INFO     [tempest_lib.common.rest_client] Request (TestNetworkBasicOps:test_connectivity_between_vms_on_different_networks): 200 GET http://10.4.1.3:8774/v2.1/7a01fbce335e44169bb51414daa035bc/servers/2313df98-e54f-48a3-85a4-cb36fab71efd 0.755s
2016-02-16 16:00:44,080 18749 DEBUG    [tempest_lib.common.rest_client] Request - Headers: {'Content-Type': 'application/json', 'Accept': 'application/json', 'X-Auth-Token': '&lt;omitted&gt;'}
        Body: None
    Response - Headers: {'status': '200', 'content-length': '1466', 'content-location': 'http://10.4.1.3:8774/v2.1/7a01fbce335e44169bb51414daa035bc/servers/2313df98-e54f-48a3-85a4-cb36fab71efd', 'x-compute-request-id': 'req-0d7a33dd-ee73-49f8-b106-1bbb25d9114c', 'vary': 'X-OpenStack-Nova-API-Version', 'connection': 'close', 'x-openstack-nova-api-version': '2.1', 'date': 'Tue, 16 Feb 2016 16:00:44 GMT', 'content-type': 'application/json'}
        Body: {"server": {"status": "BUILD", "updated": "2016-02-16T16:00:41Z", "hostId": "d0eff44ab10c63df3abbcf78e5cf29bfdf1a9d2d648929ad6405a175", "addresses": {}, "links": [{"href": "http://10.4.1.3:8774/v2.1/7a01fbce335e44169bb51414daa035bc/servers/2313df98-e54f-48a3-85a4-cb36fab71efd", "rel": "self"}, {"href": "http://10.4.1.3:8774/7a01fbce335e44169bb51414daa035bc/servers/2313df98-e54f-48a3-85a4-cb36fab71efd", "rel": "bookmark"}], "key_name": "tempest-TestNetworkBasicOps-1027358146", "image": {"id": "d69df48f-7a5d-4b03-8f12-68f9f4700004", "links": [{"href": "http://10.4.1.3:8774/7a01fbce335e44169bb51414daa035bc/images/d69df48f-7a5d-4b03-8f12-68f9f4700004", "rel": "bookmark"}]}, "OS-EXT-STS:task_state": "spawning", "OS-EXT-STS:vm_state": "building", "OS-SRV-USG:launched_at": null, "flavor": {"id": "42", "links": [{"href": "http://10.4.1.3:8774/7a01fbce335e44169bb51414daa035bc/flavors/42", "rel": "bookmark"}]}, "id": "2313df98-e54f-48a3-85a4-cb36fab71efd", "security_groups": [{"name": "tempest-secgroup-smoke-1424878366"}], "OS-SRV-USG:terminated_at": null, "OS-EXT-AZ:availability_zone": "nova", "user_id": "f627daa9112e4e75b5dc40e850947e00", "name": "tempest-server-smoke-632675577", "created": "2016-02-16T16:00:40Z", "tenant_id": "7a01fbce335e44169bb51414daa035bc", "OS-DCF:diskConfig": "MANUAL", "os-extended-volumes:volumes_attached": [], "accessIPv4": "", "accessIPv6": "", "progress": 0, "OS-EXT-STS:power_state": 0, "config_drive": "", "metadata": {}}}
2016-02-16 16:00:45,771 18749 INFO     [tempest_lib.common.rest_client] Request (TestNetworkBasicOps:test_connectivity_between_vms_on_different_networks): 200 GET http://10.4.1.3:8774/v2.1/7a01fbce335e44169bb51414daa035bc/servers/2313df98-e54f-48a3-85a4-cb36fab71efd 0.677s
2016-02-16 16:00:45,771 18749 DEBUG    [tempest_lib.common.rest_client] Request - Headers: {'Content-Type': 'application/json', 'Accept': 'application/json', 'X-Auth-Token': '&lt;omitted&gt;'}
        Body: None
    Response - Headers: {'status': '200', 'content-length': '1466', 'content-location': 'http://10.4.1.3:8774/v2.1/7a01fbce335e44169bb51414daa035bc/servers/2313df98-e54f-48a3-85a4-cb36fab71efd', 'x-compute-request-id': 'req-df4baf54-408d-4a04-93dc-1d77bf99c107', 'vary': 'X-OpenStack-Nova-API-Version', 'connection': 'close', 'x-openstack-nova-api-version': '2.1', 'date': 'Tue, 16 Feb 2016 16:00:45 GMT', 'content-type': 'application/json'}
        Body: {"server": {"status": "BUILD", "updated": "2016-02-16T16:00:41Z", "hostId": "d0eff44ab10c63df3abbcf78e5cf29bfdf1a9d2d648929ad6405a175", "addresses": {}, "links": [{"href": "http://10.4.1.3:8774/v2.1/7a01fbce335e44169bb51414daa035bc/servers/2313df98-e54f-48a3-85a4-cb36fab71efd", "rel": "self"}, {"href": "http://10.4.1.3:8774/7a01fbce335e44169bb51414daa035bc/servers/2313df98-e54f-48a3-85a4-cb36fab71efd", "rel": "bookmark"}], "key_name": "tempest-TestNetworkBasicOps-1027358146", "image": {"id": "d69df48f-7a5d-4b03-8f12-68f9f4700004", "links": [{"href": "http://10.4.1.3:8774/7a01fbce335e44169bb51414daa035bc/images/d69df48f-7a5d-4b03-8f12-68f9f4700004", "rel": "bookmark"}]}, "OS-EXT-STS:task_state": "spawning", "OS-EXT-STS:vm_state": "building", "OS-SRV-USG:launched_at": null, "flavor": {"id": "42", "links": [{"href": "http://10.4.1.3:8774/7a01fbce335e44169bb51414daa035bc/flavors/42", "rel": "bookmark"}]}, "id": "2313df98-e54f-48a3-85a4-cb36fab71efd", "security_groups": [{"name": "tempest-secgroup-smoke-1424878366"}], "OS-SRV-USG:terminated_at": null, "OS-EXT-AZ:availability_zone": "nova", "user_id": "f627daa9112e4e75b5dc40e850947e00", "name": "tempest-server-smoke-632675577", "created": "2016-02-16T16:00:40Z", "tenant_id": "7a01fbce335e44169bb51414daa035bc", "OS-DCF:diskConfig": "MANUAL", "os-extended-volumes:volumes_attached": [], "accessIPv4": "", "accessIPv6": "", "progress": 0, "OS-EXT-STS:power_state": 0, "config_drive": "", "metadata": {}}}
2016-02-16 16:00:47,411 18749 INFO     [tempest_lib.common.rest_client] Request (TestNetworkBasicOps:test_connectivity_between_vms_on_different_networks): 200 GET http://10.4.1.3:8774/v2.1/7a01fbce335e44169bb51414daa035bc/servers/2313df98-e54f-48a3-85a4-cb36fab71efd 0.630s
2016-02-16 16:00:47,411 18749 DEBUG    [tempest_lib.common.rest_client] Request - Headers: {'Content-Type': 'application/json', 'Accept': 'application/json', 'X-Auth-Token': '&lt;omitted&gt;'}
        Body: None
    Response - Headers: {'status': '200', 'content-length': '1638', 'content-location': 'http://10.4.1.3:8774/v2.1/7a01fbce335e44169bb51414daa035bc/servers/2313df98-e54f-48a3-85a4-cb36fab71efd', 'x-compute-request-id': 'req-efae1fca-b821-4bd4-8d03-4ac9229dc84e', 'vary': 'X-OpenStack-Nova-API-Version', 'connection': 'close', 'x-openstack-nova-api-version': '2.1', 'date': 'Tue, 16 Feb 2016 16:00:47 GMT', 'content-type': 'application/json'}
        Body: {"server": {"status": "ACTIVE", "updated": "2016-02-16T16:00:45Z", "hostId": "d0eff44ab10c63df3abbcf78e5cf29bfdf1a9d2d648929ad6405a175", "addresses": {"tempest-network-smoke--1401215776": [{"OS-EXT-IPS-MAC:mac_addr": "fa:16:3e:e2:1b:6e", "version": 4, "addr": "10.100.0.3", "OS-EXT-IPS:type": "fixed"}]}, "links": [{"href": "http://10.4.1.3:8774/v2.1/7a01fbce335e44169bb51414daa035bc/servers/2313df98-e54f-48a3-85a4-cb36fab71efd", "rel": "self"}, {"href": "http://10.4.1.3:8774/7a01fbce335e44169bb51414daa035bc/servers/2313df98-e54f-48a3-85a4-cb36fab71efd", "rel": "bookmark"}], "key_name": "tempest-TestNetworkBasicOps-1027358146", "image": {"id": "d69df48f-7a5d-4b03-8f12-68f9f4700004", "links": [{"href": "http://10.4.1.3:8774/7a01fbce335e44169bb51414daa035bc/images/d69df48f-7a5d-4b03-8f12-68f9f4700004", "rel": "bookmark"}]}, "OS-EXT-STS:task_state": null, "OS-EXT-STS:vm_state": "active", "OS-SRV-USG:launched_at": "2016-02-16T16:00:45.000000", "flavor": {"id": "42", "links": [{"href": "http://10.4.1.3:8774/7a01fbce335e44169bb51414daa035bc/flavors/42", "rel": "bookmark"}]}, "id": "2313df98-e54f-48a3-85a4-cb36fab71efd", "security_groups": [{"name": "tempest-secgroup-smoke-1424878366"}], "OS-SRV-USG:terminated_at": null, "OS-EXT-AZ:availability_zone": "nova", "user_id": "f627daa9112e4e75b5dc40e850947e00", "name": "tempest-server-smoke-632675577", "created": "2016-02-16T16:00:40Z", "tenant_id": "7a01fbce335e44169bb51414daa035bc", "OS-DCF:diskConfig": "MANUAL", "os-extended-volumes:volumes_attached": [], "accessIPv4": "", "accessIPv6": "", "progress": 0, "OS-EXT-STS:power_state": 1, "config_drive": "True", "metadata": {}}}
2016-02-16 16:00:47,420 18749 INFO     [tempest.common.waiters] State transition "BUILD/spawning" ==&gt; "ACTIVE/None" after 7 second wait
2016-02-16 16:00:48,112 18749 INFO     [tempest_lib.common.rest_client] Request (TestNetworkBasicOps:test_connectivity_between_vms_on_different_networks): 200 GET http://10.4.1.3:8774/v2.1/7a01fbce335e44169bb51414daa035bc/servers/2313df98-e54f-48a3-85a4-cb36fab71efd 0.691s
2016-02-16 16:00:48,113 18749 DEBUG    [tempest_lib.common.rest_client] Request - Headers: {'Content-Type': 'application/json', 'Accept': 'application/json', 'X-Auth-Token': '&lt;omitted&gt;'}
        Body: None
    Response - Headers: {'status': '200', 'content-length': '1638', 'content-location': 'http://10.4.1.3:8774/v2.1/7a01fbce335e44169bb51414daa035bc/servers/2313df98-e54f-48a3-85a4-cb36fab71efd', 'x-compute-request-id': 'req-ef2f67db-92be-498a-bfe7-c61bea329c03', 'vary': 'X-OpenStack-Nova-API-Version', 'connection': 'close', 'x-openstack-nova-api-version': '2.1', 'date': 'Tue, 16 Feb 2016 16:00:48 GMT', 'content-type': 'application/json'}
        Body: {"server": {"status": "ACTIVE", "updated": "2016-02-16T16:00:45Z", "hostId": "d0eff44ab10c63df3abbcf78e5cf29bfdf1a9d2d648929ad6405a175", "addresses": {"tempest-network-smoke--1401215776": [{"OS-EXT-IPS-MAC:mac_addr": "fa:16:3e:e2:1b:6e", "version": 4, "addr": "10.100.0.3", "OS-EXT-IPS:type": "fixed"}]}, "links": [{"href": "http://10.4.1.3:8774/v2.1/7a01fbce335e44169bb51414daa035bc/servers/2313df98-e54f-48a3-85a4-cb36fab71efd", "rel": "self"}, {"href": "http://10.4.1.3:8774/7a01fbce335e44169bb51414daa035bc/servers/2313df98-e54f-48a3-85a4-cb36fab71efd", "rel": "bookmark"}], "key_name": "tempest-TestNetworkBasicOps-1027358146", "image": {"id": "d69df48f-7a5d-4b03-8f12-68f9f4700004", "links": [{"href": "http://10.4.1.3:8774/7a01fbce335e44169bb51414daa035bc/images/d69df48f-7a5d-4b03-8f12-68f9f4700004", "rel": "bookmark"}]}, "OS-EXT-STS:task_state": null, "OS-EXT-STS:vm_state": "active", "OS-SRV-USG:launched_at": "2016-02-16T16:00:45.000000", "flavor": {"id": "42", "links": [{"href": "http://10.4.1.3:8774/7a01fbce335e44169bb51414daa035bc/flavors/42", "rel": "bookmark"}]}, "id": "2313df98-e54f-48a3-85a4-cb36fab71efd", "security_groups": [{"name": "tempest-secgroup-smoke-1424878366"}], "OS-SRV-USG:terminated_at": null, "OS-EXT-AZ:availability_zone": "nova", "user_id": "f627daa9112e4e75b5dc40e850947e00", "name": "tempest-server-smoke-632675577", "created": "2016-02-16T16:00:40Z", "tenant_id": "7a01fbce335e44169bb51414daa035bc", "OS-DCF:diskConfig": "MANUAL", "os-extended-volumes:volumes_attached": [], "accessIPv4": "", "accessIPv6": "", "progress": 0, "OS-EXT-STS:power_state": 1, "config_drive": "True", "metadata": {}}}
2016-02-16 16:00:48,126 18749 INFO     [tempest.scenario.manager] Tenant networks not configured to be reachable.
2016-02-16 16:00:48,341 18749 INFO     [tempest_lib.common.rest_client] Request (TestNetworkBasicOps:test_connectivity_between_vms_on_different_networks): 200 GET http://10.4.1.3:9696/v2.0/ports?status=ACTIVE&amp;fixed_ip=None&amp;device_id=2313df98-e54f-48a3-85a4-cb36fab71efd 0.214s
2016-02-16 16:00:48,341 18749 DEBUG    [tempest_lib.common.rest_client] Request - Headers: {'Content-Type': 'application/json', 'Accept': 'application/json', 'X-Auth-Token': '&lt;omitted&gt;'}
        Body: None
    Response - Headers: {'status': '200', 'content-length': '755', 'content-location': 'http://10.4.1.3:9696/v2.0/ports?status=ACTIVE&amp;fixed_ip=None&amp;device_id=2313df98-e54f-48a3-85a4-cb36fab71efd', 'connection': 'close', 'date': 'Tue, 16 Feb 2016 16:00:48 GMT', 'content-type': 'application/json; charset=UTF-8', 'x-openstack-request-id': 'req-4eab9716-2bea-402e-8151-f43ce1626b64'}
        Body: {"ports": [{"status": "ACTIVE", "binding:host_id": "vagrant-ubuntu-trusty-64", "name": "", "allowed_address_pairs": [], "admin_state_up": true, "network_id": "027a3313-b455-47cd-ad9c-389a7389c823", "tenant_id": "7a01fbce335e44169bb51414daa035bc", "extra_dhcp_opts": [], "mac_address": "fa:16:3e:e2:1b:6e", "binding:vif_details": {"port_filter": true}, "binding:vif_type": "ovs", "device_owner": "compute:None", "binding:profile": {}, "port_security_enabled": true, "binding:vnic_type": "normal", "fixed_ips": [{"subnet_id": "81e11802-7093-4c37-a6bd-91413b0dc404", "ip_address": "10.100.0.3"}], "id": "f9004643-00d4-4cbe-b981-826e9402b23d", "security_groups": ["aaa1f86c-c87f-4060-8d8b-ea16acd0c94d"], "device_id": "2313df98-e54f-48a3-85a4-cb36fab71efd"}]}
2016-02-16 16:00:48,989 18749 INFO     [tempest_lib.common.rest_client] Request (TestNetworkBasicOps:test_connectivity_between_vms_on_different_networks): 201 POST http://10.4.1.3:9696/v2.0/floatingips 0.646s
2016-02-16 16:00:48,989 18749 DEBUG    [tempest_lib.common.rest_client] Request - Headers: {'Content-Type': 'application/json', 'Accept': 'application/json', 'X-Auth-Token': '&lt;omitted&gt;'}
        Body: {"floatingip": {"floating_network_id": "fea0bd59-9d51-4e9e-86b0-170d00b131d8", "tenant_id": "7a01fbce335e44169bb51414daa035bc", "fixed_ip_address": "10.100.0.3", "port_id": "f9004643-00d4-4cbe-b981-826e9402b23d"}}
    Response - Headers: {'status': '201', 'content-length': '369', 'connection': 'close', 'date': 'Tue, 16 Feb 2016 16:00:48 GMT', 'content-type': 'application/json; charset=UTF-8', 'x-openstack-request-id': 'req-c7a2ebef-a637-40a4-abd7-6cd3571ea550'}
        Body: {"floatingip": {"floating_network_id": "fea0bd59-9d51-4e9e-86b0-170d00b131d8", "router_id": "f82ee07e-301b-4d6c-bd3a-c0e6524fbd34", "fixed_ip_address": "10.100.0.3", "floating_ip_address": "172.24.4.4", "tenant_id": "7a01fbce335e44169bb51414daa035bc", "status": "ACTIVE", "port_id": "f9004643-00d4-4cbe-b981-826e9402b23d", "id": "751cdabc-78e7-4b7d-a891-4b082bb76e92"}}
2016-02-16 16:00:49,169 18749 INFO     [tempest_lib.common.rest_client] Request (TestNetworkBasicOps:test_connectivity_between_vms_on_different_networks): 200 GET http://10.4.1.3:9696/v2.0/floatingips/751cdabc-78e7-4b7d-a891-4b082bb76e92 0.179s
2016-02-16 16:00:49,169 18749 DEBUG    [tempest_lib.common.rest_client] Request - Headers: {'Content-Type': 'application/json', 'Accept': 'application/json', 'X-Auth-Token': '&lt;omitted&gt;'}
        Body: None
    Response - Headers: {'status': '200', 'content-length': '369', 'content-location': 'http://10.4.1.3:9696/v2.0/floatingips/751cdabc-78e7-4b7d-a891-4b082bb76e92', 'connection': 'close', 'date': 'Tue, 16 Feb 2016 16:00:49 GMT', 'content-type': 'application/json; charset=UTF-8', 'x-openstack-request-id': 'req-20eab0b3-576f-4013-b6d1-7e92998a1bbe'}
        Body: {"floatingip": {"floating_network_id": "fea0bd59-9d51-4e9e-86b0-170d00b131d8", "router_id": "f82ee07e-301b-4d6c-bd3a-c0e6524fbd34", "fixed_ip_address": "10.100.0.3", "floating_ip_address": "172.24.4.4", "tenant_id": "7a01fbce335e44169bb51414daa035bc", "status": "ACTIVE", "port_id": "f9004643-00d4-4cbe-b981-826e9402b23d", "id": "751cdabc-78e7-4b7d-a891-4b082bb76e92"}}
2016-02-16 16:00:49,170 18749 INFO     [tempest.scenario.manager] FloatingIP: &lt;"FloatingIP" addr="172.24.4.4" id="751cdabc-78e7-4b7d-a891-4b082bb76e92"&gt; is at status: ACTIVE
2016-02-16 16:00:49,170 18749 DEBUG    [tempest.scenario.manager] checking network connections to IP 172.24.4.4 with user: cirros
2016-02-16 16:00:49,171 18749 DEBUG    [tempest.scenario.manager] TestNetworkBasicOps:test_connectivity_between_vms_on_different_networks begins to ping 172.24.4.4 in 120 sec and the expected result is reachable
2016-02-16 16:02:50,788 18749 DEBUG    [tempest.scenario.manager] TestNetworkBasicOps:test_connectivity_between_vms_on_different_networks finishes ping 172.24.4.4 in 120 sec and the ping result is unexpected
2016-02-16 16:02:50,789 18749 ERROR    [tempest.scenario.manager] Public network connectivity check failed
2016-02-16 16:02:50.789 18749 ERROR tempest.scenario.manager Traceback (most recent call last):
2016-02-16 16:02:50.789 18749 ERROR tempest.scenario.manager   File "tempest/scenario/manager.py", line 598, in check_public_network_connectivity
2016-02-16 16:02:50.789 18749 ERROR tempest.scenario.manager     should_connect=should_connect)
2016-02-16 16:02:50.789 18749 ERROR tempest.scenario.manager   File "tempest/scenario/manager.py", line 582, in check_vm_connectivity
2016-02-16 16:02:50.789 18749 ERROR tempest.scenario.manager     msg=msg)
2016-02-16 16:02:50.789 18749 ERROR tempest.scenario.manager   File "/usr/local/lib/python2.7/dist-packages/unittest2/case.py", line 702, in assertTrue
2016-02-16 16:02:50.789 18749 ERROR tempest.scenario.manager     raise self.failureException(msg)
2016-02-16 16:02:50.789 18749 ERROR tempest.scenario.manager AssertionError: False is not true : Timed out waiting for 172.24.4.4 to become reachable
2016-02-16 16:02:50.789 18749 ERROR tempest.scenario.manager 
2016-02-16 16:02:51,172 18749 INFO     [tempest_lib.common.rest_client] Request (TestNetworkBasicOps:test_connectivity_between_vms_on_different_networks): 200 POST http://10.4.1.3:8774/v2.1/7a01fbce335e44169bb51414daa035bc/servers/2313df98-e54f-48a3-85a4-cb36fab71efd/action 0.378s
2016-02-16 16:02:51,172 18749 DEBUG    [tempest_lib.common.rest_client] Request - Headers: {'Content-Type': 'application/json', 'Accept': 'application/json', 'X-Auth-Token': '&lt;omitted&gt;'}
        Body: {"os-getConsoleOutput": {}}
    Response - Headers: {'status': '200', 'content-length': '17427', 'x-compute-request-id': 'req-561ca293-b897-45cd-9777-9fe130963a45', 'vary': 'X-OpenStack-Nova-API-Version', 'connection': 'close', 'x-openstack-nova-api-version': '2.1', 'date': 'Tue, 16 Feb 2016 16:02:51 GMT', 'content-type': 'application/json'}
        Body: {"output": "[    0.000000] Initializing cgroup subsys cpuset\n[    0.000000] Initializing cgroup subsys cpu\n[    0.000000] Linux version 3.2.0-80-virtual (buildd@batsu) (gcc version 4.6.3 (Ubuntu/Linaro 4.6.3-1ubuntu5) ) #116-Ubuntu SMP Mon Mar 23 17:28:52 UTC 2015 (Ubuntu 3.2.0-80.116-virtual 3.2.68)\n[    0.000000] Command line: root=/dev/vda console=tty0 console=ttyS0 no_timer_check\n[    0.000000] KERNEL supported cpus:\n[    0.000000]   Intel GenuineIntel\n[    0.000000]   AMD AuthenticAMD\n[    0.000000]   Centaur CentaurHauls\n[    0.000000] BIOS-provided physical RAM map:\n[    0.000000]  BIOS-e820: 0000000000000000 - 000000000009fc00 (usable)\n[    0.000000]  BIOS-e820: 000000000009fc00 - 00000000000a0000 (reserved)\n[    0.000000]  BIOS-e820: 00000000000f0000 - 0000000000100000 (reserved)\n[    0.000000]  BIOS-e820: 0000000000100000 - 0000000003ffe000 (usable)\n[    0.000000]  BIOS-e820: 0000000003ffe000 - 0000000004000000 (reserved)\n[    0.000000]  BIOS-e820: 00000000fffc0000 - 0000000100000000 (reserved)\n[    0.000000] NX (Execute Disable) protection: active\n[    0.000000] SMBIOS 2.4 present.\n[    0.000000] No AGP bridge found\n[    0.000000] last_pfn = 0x3ffe max_arch_pfn = 0x400000000\n[    0.000000] x86 PAT enabled: cpu 0, old 0x7040600070406, new 0x7010600070106\n[    0.000000] found SMP MP-table at [ffff8800000f0b00] f0b00\n[    0.000000] init_memory_mapping: 0000000000000000-0000000003ffe000\n[    0.000000] RAMDISK: 03c5e000 - 03ff0000\n[    0.000000] ACPI: RSDP 00000000000f0950 00014 (v00 BOCHS )\n[    0.000000] ACPI: RSDT 0000000003fffbc1 00034 (v01 BOCHS  BXPCRSDT 00000001 BXPC 00000001)\n[    0.000000] ACPI: FACP 0000000003fff1c0 00074 (v01 BOCHS  BXPCFACP 00000001 BXPC 00000001)\n[    0.000000] ACPI: DSDT 0000000003ffe040 01180 (v01 BOCHS  BXPCDSDT 00000001 BXPC 00000001)\n[    0.000000] ACPI: FACS 0000000003ffe000 00040\n[    0.000000] ACPI: SSDT 0000000003fff234 008DD (v01 BOCHS  BXPCSSDT 00000001 BXPC 00000001)\n[    0.000000] ACPI: APIC 0000000003fffb11 00078 (v01 BOCHS  BXPCAPIC 00000001 BXPC 00000001)\n[    0.000000] ACPI: HPET 0000000003fffb89 00038 (v01 BOCHS  BXPCHPET 00000001 BXPC 00000001)\n[    0.000000] No NUMA configuration found\n[    0.000000] Faking a node at 0000000000000000-0000000003ffe000\n[    0.000000] Initmem setup node 0 0000000000000000-0000000003ffe000\n[    0.000000]   NODE_DATA [0000000003ff6000 - 0000000003ffafff]\n[    0.000000] Zone PFN ranges:\n[    0.000000]   DMA      0x00000010 -&gt; 0x00001000\n[    0.000000]   DMA32    0x00001000 -&gt; 0x00100000\n[    0.000000]   Normal   empty\n[    0.000000] Movable zone start PFN for each node\n[    0.000000] early_node_map[2] active PFN ranges\n[    0.000000]     0: 0x00000010 -&gt; 0x0000009f\n[    0.000000]     0: 0x00000100 -&gt; 0x00003ffe\n[    0.000000] ACPI: PM-Timer IO Port: 0xb008\n[    0.000000] ACPI: LAPIC (acpi_id[0x00] lapic_id[0x00] enabled)\n[    0.000000] ACPI: LAPIC_NMI (acpi_id[0xff] dfl dfl lint[0x1])\n[    0.000000] ACPI: IOAPIC (id[0x00] address[0xfec00000] gsi_base[0])\n[    0.000000] IOAPIC[0]: apic_id 0, version 17, address 0xfec00000, GSI 0-23\n[    0.000000] ACPI: INT_SRC_OVR (bus 0 bus_irq 0 global_irq 2 dfl dfl)\n[    0.000000] ACPI: INT_SRC_OVR (bus 0 bus_irq 5 global_irq 5 high level)\n[    0.000000] ACPI: INT_SRC_OVR (bus 0 bus_irq 9 global_irq 9 high level)\n[    0.000000] ACPI: INT_SRC_OVR (bus 0 bus_irq 10 global_irq 10 high level)\n[    0.000000] ACPI: INT_SRC_OVR (bus 0 bus_irq 11 global_irq 11 high level)\n[    0.000000] Using ACPI (MADT) for SMP configuration information\n[    0.000000] ACPI: HPET id: 0x8086a201 base: 0xfed00000\n[    0.000000] SMP: Allowing 1 CPUs, 0 hotplug CPUs\n[    0.000000] PM: Registered nosave memory: 000000000009f000 - 00000000000a0000\n[    0.000000] PM: Registered nosave memory: 00000000000a0000 - 00000000000f0000\n[    0.000000] PM: Registered nosave memory: 00000000000f0000 - 0000000000100000\n[    0.000000] Allocating PCI resources starting at 4000000 (gap: 4000000:fbfc0000)\n[    0.000000] Booting paravirtualized kernel on bare hardware\n[    0.000000] setup_pe
2016-02-16 16:02:51,176 18749 DEBUG    [tempest.scenario.manager] Console output for 2313df98-e54f-48a3-85a4-cb36fab71efd
body=
[    0.000000] Initializing cgroup subsys cpuset
[    0.000000] Initializing cgroup subsys cpu
[    0.000000] Linux version 3.2.0-80-virtual (buildd@batsu) (gcc version 4.6.3 (Ubuntu/Linaro 4.6.3-1ubuntu5) ) #116-Ubuntu SMP Mon Mar 23 17:28:52 UTC 2015 (Ubuntu 3.2.0-80.116-virtual 3.2.68)
[    0.000000] Command line: root=/dev/vda console=tty0 console=ttyS0 no_timer_check
[    0.000000] KERNEL supported cpus:
[    0.000000]   Intel GenuineIntel
[    0.000000]   AMD AuthenticAMD
[    0.000000]   Centaur CentaurHauls
[    0.000000] BIOS-provided physical RAM map:
[    0.000000]  BIOS-e820: 0000000000000000 - 000000000009fc00 (usable)
[    0.000000]  BIOS-e820: 000000000009fc00 - 00000000000a0000 (reserved)
[    0.000000]  BIOS-e820: 00000000000f0000 - 0000000000100000 (reserved)
[    0.000000]  BIOS-e820: 0000000000100000 - 0000000003ffe000 (usable)
[    0.000000]  BIOS-e820: 0000000003ffe000 - 0000000004000000 (reserved)
[    0.000000]  BIOS-e820: 00000000fffc0000 - 0000000100000000 (reserved)
[    0.000000] NX (Execute Disable) protection: active
[    0.000000] SMBIOS 2.4 present.
[    0.000000] No AGP bridge found
[    0.000000] last_pfn = 0x3ffe max_arch_pfn = 0x400000000
[    0.000000] x86 PAT enabled: cpu 0, old 0x7040600070406, new 0x7010600070106
[    0.000000] found SMP MP-table at [ffff8800000f0b00] f0b00
[    0.000000] init_memory_mapping: 0000000000000000-0000000003ffe000
[    0.000000] RAMDISK: 03c5e000 - 03ff0000
[    0.000000] ACPI: RSDP 00000000000f0950 00014 (v00 BOCHS )
[    0.000000] ACPI: RSDT 0000000003fffbc1 00034 (v01 BOCHS  BXPCRSDT 00000001 BXPC 00000001)
[    0.000000] ACPI: FACP 0000000003fff1c0 00074 (v01 BOCHS  BXPCFACP 00000001 BXPC 00000001)
[    0.000000] ACPI: DSDT 0000000003ffe040 01180 (v01 BOCHS  BXPCDSDT 00000001 BXPC 00000001)
[    0.000000] ACPI: FACS 0000000003ffe000 00040
[    0.000000] ACPI: SSDT 0000000003fff234 008DD (v01 BOCHS  BXPCSSDT 00000001 BXPC 00000001)
[    0.000000] ACPI: APIC 0000000003fffb11 00078 (v01 BOCHS  BXPCAPIC 00000001 BXPC 00000001)
[    0.000000] ACPI: HPET 0000000003fffb89 00038 (v01 BOCHS  BXPCHPET 00000001 BXPC 00000001)
[    0.000000] No NUMA configuration found
[    0.000000] Faking a node at 0000000000000000-0000000003ffe000
[    0.000000] Initmem setup node 0 0000000000000000-0000000003ffe000
[    0.000000]   NODE_DATA [0000000003ff6000 - 0000000003ffafff]
[    0.000000] Zone PFN ranges:
[    0.000000]   DMA      0x00000010 -&gt; 0x00001000
[    0.000000]   DMA32    0x00001000 -&gt; 0x00100000
[    0.000000]   Normal   empty
[    0.000000] Movable zone start PFN for each node
[    0.000000] early_node_map[2] active PFN ranges
[    0.000000]     0: 0x00000010 -&gt; 0x0000009f
[    0.000000]     0: 0x00000100 -&gt; 0x00003ffe
[    0.000000] ACPI: PM-Timer IO Port: 0xb008
[    0.000000] ACPI: LAPIC (acpi_id[0x00] lapic_id[0x00] enabled)
[    0.000000] ACPI: LAPIC_NMI (acpi_id[0xff] dfl dfl lint[0x1])
[    0.000000] ACPI: IOAPIC (id[0x00] address[0xfec00000] gsi_base[0])
[    0.000000] IOAPIC[0]: apic_id 0, version 17, address 0xfec00000, GSI 0-23
[    0.000000] ACPI: INT_SRC_OVR (bus 0 bus_irq 0 global_irq 2 dfl dfl)
[    0.000000] ACPI: INT_SRC_OVR (bus 0 bus_irq 5 global_irq 5 high level)
[    0.000000] ACPI: INT_SRC_OVR (bus 0 bus_irq 9 global_irq 9 high level)
[    0.000000] ACPI: INT_SRC_OVR (bus 0 bus_irq 10 global_irq 10 high level)
[    0.000000] ACPI: INT_SRC_OVR (bus 0 bus_irq 11 global_irq 11 high level)
[    0.000000] Using ACPI (MADT) for SMP configuration information
[    0.000000] ACPI: HPET id: 0x8086a201 base: 0xfed00000
[    0.000000] SMP: Allowing 1 CPUs, 0 hotplug CPUs
[    0.000000] PM: Registered nosave memory: 000000000009f000 - 00000000000a0000
[    0.000000] PM: Registered nosave memory: 00000000000a0000 - 00000000000f0000
[    0.000000] PM: Registered nosave memory: 00000000000f0000 - 0000000000100000
[    0.000000] Allocating PCI resources starting at 4000000 (gap: 4000000:fbfc0000)
[    0.000000] Booting paravirtualized kernel on bare hardware
[    0.000000] setup_percpu: NR_CPUS:64 nr_cpumask_bits:64 nr_cpu_ids:1 nr_node_ids:1
[    0.000000] PERCPU: Embedded 27 pages/cpu @ffff880003a00000 s78848 r8192 d23552 u2097152
[    0.000000] Built 1 zonelists in Node order, mobility grouping on.  Total pages: 16008
[    0.000000] Policy zone: DMA32
[    0.000000] Kernel command line: root=/dev/vda console=tty0 console=ttyS0 no_timer_check
[    0.000000] PID hash table entries: 256 (order: -1, 2048 bytes)
[    0.000000] Checking aperture...
[    0.000000] No AGP bridge found
[    0.000000] Memory: 43492k/65528k available (6576k kernel code, 452k absent, 21584k reserved, 6620k data, 928k init)
[    0.000000] SLUB: Genslabs=15, HWalign=64, Order=0-3, MinObjects=0, CPUs=1, Nodes=1
[    0.000000] Hierarchical RCU implementation.
[    0.000000] 	RCU dyntick-idle grace-period acceleration is enabled.
[    0.000000] NR_IRQS:4352 nr_irqs:256 16
[    0.000000] Console: colour VGA+ 80x25
[    0.000000] console [tty0] enabled
[    0.000000] console [ttyS0] enabled
[    0.000000] allocated 1048576 bytes of page_cgroup
[    0.000000] please try 'cgroup_disable=memory' option if you don't want memory cgroups
[    0.000000] Fast TSC calibration failed
[    0.000000] TSC: Unable to calibrate against PIT
[    0.000000] TSC: using HPET reference calibration
[    0.000000] Detected 2292.575 MHz processor.
[    0.037483] Calibrating delay loop (skipped), value calculated using timer frequency.. 4585.15 BogoMIPS (lpj=9170300)
[    0.039715] pid_max: default: 32768 minimum: 301
[    0.052208] Security Framework initialized
[    0.056003] AppArmor: AppArmor initialized
[    0.056141] Yama: becoming mindful.
[    0.065450] Dentry cache hash table entries: 8192 (order: 4, 65536 bytes)
[    0.066874] Inode-cache hash table entries: 4096 (order: 3, 32768 bytes)
[    0.068003] Mount-cache hash table entries: 256
[    0.093317] Initializing cgroup subsys cpuacct
[    0.094218] Initializing cgroup subsys memory
[    0.096318] Initializing cgroup subsys devices
[    0.097027] Initializing cgroup subsys freezer
[    0.097681] Initializing cgroup subsys blkio
[    0.098378] Initializing cgroup subsys perf_event
[    0.102877] mce: CPU supports 10 MCE banks
[    0.106486] SMP alternatives: switching to UP code
[    0.540185] Freeing SMP alternatives: 24k freed
[    0.541746] ACPI: Core revision 20110623
[    0.598126] ftrace: allocating 26610 entries in 105 pages
[    0.631437] ..TIMER: vector=0x30 apic1=0 pin1=2 apic2=-1 pin2=-1
[    0.632133] CPU0: AMD QEMU Virtual CPU version 2.0.0 stepping 03
[    0.636039] Performance Events: Broken PMU hardware detected, using software events only.
[    0.644419] NMI watchdog disabled (cpu0): hardware events not enabled
[    0.646015] Brought up 1 CPUs
[    0.646587] Total of 1 processors activated (4585.15 BogoMIPS).
[    0.669242] devtmpfs: initialized
[    0.698693] EVM: security.selinux
[    0.699164] EVM: security.SMACK64
[    0.699580] EVM: security.capability
[    0.719392] print_constraints: dummy: 
[    0.721409] RTC time: 16:00:49, date: 02/16/16
[    0.724868] NET: Registered protocol family 16
[    0.733258] ACPI: bus type pci registered
[    0.737123] PCI: Using configuration type 1 for base access
[    0.766753] bio: create slab &lt;bio-0&gt; at 0
[    0.771144] ACPI: Added _OSI(Module Device)
[    0.772152] ACPI: Added _OSI(Processor Device)
[    0.772760] ACPI: Added _OSI(3.0 _SCP Extensions)
[    0.773535] ACPI: Added _OSI(Processor Aggregator Device)
[    0.844817] ACPI: Interpreter enabled
[    0.845530] ACPI: (supports S0 S3 S4 S5)
[    0.847287] ACPI: Using IOAPIC for interrupt routing
[    0.918164] ACPI: No dock devices found.
[    0.919325] HEST: Table not found.
[    0.920301] PCI: Using host bridge windows from ACPI; if necessary, use "pci=nocrs" and report a bug
[    0.930736] ACPI: PCI Root Bridge [PCI0] (domain 0000 [bus 00-ff])
[    0.937934] pci_root PNP0A03:00: host bridge window [io  0x0000-0x0cf7]
[    0.938758] pci_root PNP0A03:00: host bridge window [io  0x0d00-0xadff]
[    0.940058] pci_root PNP0A03:00: host bridge window [io  0xae0f-0xaeff]
[    0.940115] pci_root PNP0A03:00: host bridge window [io  0xaf20-0xafdf]
[    0.940984] pci_root PNP0A03:00: host bridge window [io  0xafe4-0xffff]
[    0.941870] pci_root PNP0A03:00: host bridge window [mem 0x000a0000-0x000bffff]
[    0.944161] pci_root PNP0A03:00: host bridge window [mem 0x04000000-0xfebfffff]
[    0.973319] pci 0000:00:01.3: quirk: [io  0xb000-0xb03f] claimed by PIIX4 ACPI
[    0.974275] pci 0000:00:01.3: quirk: [io  0xb100-0xb10f] claimed by PIIX4 SMB
[    1.052583]  pci0000:00: Unable to request _OSC control (_OSC support mask: 0x1e)
[    1.116413] ACPI: PCI Interrupt Link [LNKA] (IRQs 5 *10 11)
[    1.118278] ACPI: PCI Interrupt Link [LNKB] (IRQs 5 *10 11)
[    1.120651] ACPI: PCI Interrupt Link [LNKC] (IRQs 5 10 *11)
[    1.122386] ACPI: PCI Interrupt Link [LNKD] (IRQs 5 10 *11)
[    1.124753] ACPI: PCI Interrupt Link [LNKS] (IRQs *9)
[    1.131278] vgaarb: device added: PCI:0000:00:02.0,decodes=io+mem,owns=io+mem,locks=none
[    1.132186] vgaarb: loaded
[    1.132570] vgaarb: bridge control possible 0000:00:02.0
[    1.138237] i2c-core: driver [aat2870] using legacy suspend method
[    1.138980] i2c-core: driver [aat2870] using legacy resume method
[    1.141831] SCSI subsystem initialized
[    1.145334] usbcore: registered new interface driver usbfs
[    1.146423] usbcore: registered new interface driver hub
[    1.147581] usbcore: registered new device driver usb
[    1.150702] PCI: Using ACPI for IRQ routing
[    1.162759] NetLabel: Initializing
[    1.163191] NetLabel:  domain hash size = 128
[    1.164140] NetLabel:  protocols = UNLABELED CIPSOv4
[    1.166011] NetLabel:  unlabeled traffic allowed by default
[    1.169237] HPET: 3 timers in total, 0 timers will be used for per-cpu timer
[    1.170424] hpet0: at MMIO 0xfed00000, IRQs 2, 8, 0
[    1.171345] hpet0: 3 comparators, 64-bit 100.000000 MHz counter
[    1.182479] Switching to clocksource hpet
[    1.428984] AppArmor: AppArmor Filesystem Enabled
[    1.431091] pnp: PnP ACPI init
[    1.431716] ACPI: bus type pnp registered
[    1.451819] pnp: PnP ACPI: found 9 devices
[    1.453534] ACPI: ACPI bus type pnp unregistered
[    1.509923] NET: Registered protocol family 2
[    1.543064] IP route cache hash table entries: 512 (order: 0, 4096 bytes)
[    1.551723] TCP established hash table entries: 2048 (order: 3, 32768 bytes)
[    1.555368] TCP bind hash table entries: 2048 (order: 3, 32768 bytes)
[    1.558829] TCP: Hash tables configured (established 2048 bind 2048)
[    1.560232] TCP reno registered
[    1.562627] UDP hash table entries: 128 (order: 0, 4096 bytes)
[    1.564208] UDP-Lite hash table entries: 128 (order: 0, 4096 bytes)
[    1.567999] NET: Registered protocol family 1
[    1.569927] pci 0000:00:00.0: Limiting direct PCI/PCI transfers
[    1.571014] pci 0000:00:01.0: PIIX3: Enabling Passive Release
[    1.572039] pci 0000:00:01.0: Activating ISA DMA hang workarounds
[    1.578304] ACPI: PCI Interrupt Link [LNKD] enabled at IRQ 11
[    1.579269] pci 0000:00:01.2: PCI INT D -&gt; Link[LNKD] -&gt; GSI 11 (level, high) -&gt; IRQ 11
[    1.582429] pci 0000:00:01.2: PCI INT D disabled
[    1.611598] Trying to unpack rootfs image as initramfs...
[    1.630195] audit: initializing netlink socket (disabled)
[    1.631600] type=2000 audit(1455638449.628:1): initialized
[    1.950006] HugeTLB registered 2 MB page size, pre-allocated 0 pages
[    2.005062] VFS: Disk quotas dquot_6.5.2
[    2.006578] Dquot-cache hash table entries: 512 (order 0, 4096 bytes)
[    2.046295] fuse init (API version 7.17)
[    2.054562] msgmni has been set to 84
[    2.098822] Block layer SCSI generic (bsg) driver version 0.4 loaded (major 253)
[    2.109677] io scheduler noop registered
[    2.110767] io scheduler deadline registered (default)
[    2.114623] io scheduler cfq registered
[    2.121481] pci_hotplug: PCI Hot Plug PCI Core version: 0.5
[    2.125717] pciehp: PCI Express Hot Plug Controller Driver version: 0.4
[    2.134562] input: Power Button as /devices/LNXSYSTM:00/LNXPWRBN:00/input/input0
[    2.135893] ACPI: Power Button [PWRF]
[    2.206302] ERST: Table is not found!
[    2.206855] GHES: HEST is not enabled!
[    2.223103] ACPI: PCI Interrupt Link [LNKC] enabled at IRQ 10
[    2.223811] virtio-pci 0000:00:03.0: PCI INT A -&gt; Link[LNKC] -&gt; GSI 10 (level, high) -&gt; IRQ 10
[    2.227855] virtio-pci 0000:00:04.0: PCI INT A -&gt; Link[LNKD] -&gt; GSI 11 (level, high) -&gt; IRQ 11
[    2.238575] ACPI: PCI Interrupt Link [LNKA] enabled at IRQ 10
[    2.239302] virtio-pci 0000:00:05.0: PCI INT A -&gt; Link[LNKA] -&gt; GSI 10 (level, high) -&gt; IRQ 10
[    2.254289] Serial: 8250/16550 driver, 32 ports, IRQ sharing enabled
[    2.291750] serial8250: ttyS0 at I/O 0x3f8 (irq = 4) is a 16550A
[    2.360929] serial8250: ttyS1 at I/O 0x2f8 (irq = 3) is a 16550A
[    2.487642] 00:05: ttyS0 at I/O 0x3f8 (irq = 4) is a 16550A
[    2.577598] 00:06: ttyS1 at I/O 0x2f8 (irq = 3) is a 16550A
[    2.589814] Refined TSC clocksource calibration: 2292.599 MHz.
[    2.591473] Switching to clocksource tsc
[    2.631653] Linux agpgart interface v0.103
[    2.690327] brd: module loaded
[    2.725950] loop: module loaded
[    2.783016]  vda: unknown partition table
[    2.838060] scsi0 : ata_piix
[    2.841308] scsi1 : ata_piix
[    2.842494] ata1: PATA max MWDMA2 cmd 0x1f0 ctl 0x3f6 bmdma 0xc0a0 irq 14
[    2.843233] ata2: PATA max MWDMA2 cmd 0x170 ctl 0x376 bmdma 0xc0a8 irq 15
[    2.853324] Fixed MDIO Bus: probed
[    2.854178] tun: Universal TUN/TAP device driver, 1.6
[    2.854893] tun: (C) 1999-2004 Max Krasnyansky &lt;maxk@qualcomm.com&gt;
[    2.866943] PPP generic driver version 2.4.2
[    2.890501] ehci_hcd: USB 2.0 'Enhanced' Host Controller (EHCI) Driver
[    2.891629] ohci_hcd: USB 1.1 'Open' Host Controller (OHCI) Driver
[    2.893335] uhci_hcd: USB Universal Host Controller Interface driver
[    2.894357] uhci_hcd 0000:00:01.2: PCI INT D -&gt; Link[LNKD] -&gt; GSI 11 (level, high) -&gt; IRQ 11
[    2.898364] uhci_hcd 0000:00:01.2: UHCI Host Controller
[    2.906305] uhci_hcd 0000:00:01.2: new USB bus registered, assigned bus number 1
[    2.908613] uhci_hcd 0000:00:01.2: irq 11, io base 0x0000c040
[    2.939807] hub 1-0:1.0: USB hub found
[    2.942160] hub 1-0:1.0: 2 ports detected
[    2.951624] usbcore: registered new interface driver libusual
[    2.955592] i8042: PNP: PS/2 Controller [PNP0303:KBD,PNP0f13:MOU] at 0x60,0x64 irq 1,12
[    2.967824] serio: i8042 KBD port at 0x60,0x64 irq 1
[    2.969981] serio: i8042 AUX port at 0x60,0x64 irq 12
[    3.013211] mousedev: PS/2 mouse device common for all mice
[    3.024395] input: AT Translated Set 2 keyboard as /devices/platform/i8042/serio0/input/input1
[    3.028911] rtc_cmos 00:01: RTC can wake from S4
[    3.066999] rtc_cmos 00:01: rtc core: registered rtc_cmos as rtc0
[    3.071772] rtc0: alarms up to one day, 114 bytes nvram, hpet irqs
[    3.073275] device-mapper: uevent: version 1.0.3
[    3.084591] ata2.01: ATAPI: QEMU DVD-ROM, 2.0.0, max UDMA/100
[    3.098341] ata2.01: configured for MWDMA2
[    3.109489] device-mapper: ioctl: 4.22.0-ioctl (2011-10-19) initialised: dm-devel@redhat.com
[    3.111779] cpuidle: using governor ladder
[    3.114180] cpuidle: using governor menu
[    3.115657] EFI Variables Facility v0.08 2004-May-17
[    3.130703] TCP cubic registered
[    3.134999] NET: Registered protocol family 10
[    3.166241] NET: Registered protocol family 17
[    3.167696] Registering the dns_resolver key type
[    3.186593] scsi 1:0:1:0: CD-ROM            QEMU     QEMU DVD-ROM     2.0. PQ: 0 ANSI: 5
[    3.208088] sr0: scsi3-mmc drive: 4x/4x cd/rw xa/form2 tray
[    3.209411] cdrom: Uniform CD-ROM driver Revision: 3.20
[    3.226348] sr 1:0:1:0: Attached scsi generic sg0 type 5
[    3.284731] registered taskstats version 1
[    3.340873] Freeing initrd memory: 3656k freed
[    3.823481]   Magic number: 4:834:34
[    3.838545] rtc_cmos 00:01: setting system clock to 2016-02-16 16:00:52 UTC (1455638452)
[    3.841153] powernow-k8: Processor cpuid 663 not supported
[    3.846915] BIOS EDD facility v0.16 2004-Jun-25, 0 devices found
[    3.847930] EDD information not available.
[    3.927654] Freeing unused kernel memory: 928k freed
[    3.932605] Write protecting the kernel read-only data: 12288k
[    4.040634] Freeing unused kernel memory: 1596k freed
[    4.130834] Freeing unused kernel memory: 1184k freed

info: initramfs: up at 4.29
modprobe: module virtio_blk not found in modules.dep
modprobe: module virtio_net not found in modules.dep
info: copying initramfs to /dev/vda
info: initramfs loading root from /dev/vda
info: /etc/init.d/rc.sysinit: up at 8.96
info: container: none
Starting logging: OK
modprobe: module virtio_blk not found in modules.dep
modprobe: module virtio_net not found in modules.dep
WARN: /etc/rc3.d/S10-load-modules failed
Initializing random number generator... done.
Starting acpid: OK
cirros-ds 'local' up at 11.51
found datasource (configdrive, local)
Starting network...
udhcpc (v1.20.1) started
Sending discover...
Sending discover...

2016-02-16 16:02:51,618 18749 INFO     [tempest_lib.common.rest_client] Request (TestNetworkBasicOps:_run_cleanups): 204 DELETE http://10.4.1.3:9696/v2.0/floatingips/751cdabc-78e7-4b7d-a891-4b082bb76e92 0.434s
2016-02-16 16:02:51,619 18749 DEBUG    [tempest_lib.common.rest_client] Request - Headers: {'Content-Type': 'application/json', 'Accept': 'application/json', 'X-Auth-Token': '&lt;omitted&gt;'}
        Body: None
    Response - Headers: {'date': 'Tue, 16 Feb 2016 16:02:51 GMT', 'status': '204', 'connection': 'close', 'content-length': '0', 'x-openstack-request-id': 'req-c256a59b-8db8-4f97-a7f0-7da9b252701c'}
        Body: 
2016-02-16 16:02:52,059 18749 INFO     [tempest_lib.common.rest_client] Request (TestNetworkBasicOps:_run_cleanups): 204 DELETE http://10.4.1.3:8774/v2.1/7a01fbce335e44169bb51414daa035bc/servers/2313df98-e54f-48a3-85a4-cb36fab71efd 0.439s
2016-02-16 16:02:52,060 18749 DEBUG    [tempest_lib.common.rest_client] Request - Headers: {'Content-Type': 'application/json', 'Accept': 'application/json', 'X-Auth-Token': '&lt;omitted&gt;'}
        Body: None
    Response - Headers: {'status': '204', 'content-length': '0', 'x-compute-request-id': 'req-c6b21b93-7114-4644-9773-bf2ad4dcd5a3', 'vary': 'X-OpenStack-Nova-API-Version', 'connection': 'close', 'x-openstack-nova-api-version': '2.1', 'date': 'Tue, 16 Feb 2016 16:02:52 GMT', 'content-type': 'application/json'}
        Body: 
2016-02-16 16:02:52,756 18749 INFO     [tempest_lib.common.rest_client] Request (TestNetworkBasicOps:_run_cleanups): 200 GET http://10.4.1.3:8774/v2.1/7a01fbce335e44169bb51414daa035bc/servers/2313df98-e54f-48a3-85a4-cb36fab71efd 0.694s
2016-02-16 16:02:52,756 18749 DEBUG    [tempest_lib.common.rest_client] Request - Headers: {'Content-Type': 'application/json', 'Accept': 'application/json', 'X-Auth-Token': '&lt;omitted&gt;'}
        Body: None
    Response - Headers: {'status': '200', 'content-length': '1761', 'content-location': 'http://10.4.1.3:8774/v2.1/7a01fbce335e44169bb51414daa035bc/servers/2313df98-e54f-48a3-85a4-cb36fab71efd', 'x-compute-request-id': 'req-d0565288-7be0-49a7-ae79-505064519622', 'vary': 'X-OpenStack-Nova-API-Version', 'connection': 'close', 'x-openstack-nova-api-version': '2.1', 'date': 'Tue, 16 Feb 2016 16:02:52 GMT', 'content-type': 'application/json'}
        Body: {"server": {"status": "ACTIVE", "updated": "2016-02-16T16:02:51Z", "hostId": "d0eff44ab10c63df3abbcf78e5cf29bfdf1a9d2d648929ad6405a175", "addresses": {"tempest-network-smoke--1401215776": [{"OS-EXT-IPS-MAC:mac_addr": "fa:16:3e:e2:1b:6e", "version": 4, "addr": "10.100.0.3", "OS-EXT-IPS:type": "fixed"}, {"OS-EXT-IPS-MAC:mac_addr": "fa:16:3e:e2:1b:6e", "version": 4, "addr": "172.24.4.4", "OS-EXT-IPS:type": "floating"}]}, "links": [{"href": "http://10.4.1.3:8774/v2.1/7a01fbce335e44169bb51414daa035bc/servers/2313df98-e54f-48a3-85a4-cb36fab71efd", "rel": "self"}, {"href": "http://10.4.1.3:8774/7a01fbce335e44169bb51414daa035bc/servers/2313df98-e54f-48a3-85a4-cb36fab71efd", "rel": "bookmark"}], "key_name": "tempest-TestNetworkBasicOps-1027358146", "image": {"id": "d69df48f-7a5d-4b03-8f12-68f9f4700004", "links": [{"href": "http://10.4.1.3:8774/7a01fbce335e44169bb51414daa035bc/images/d69df48f-7a5d-4b03-8f12-68f9f4700004", "rel": "bookmark"}]}, "OS-EXT-STS:task_state": "deleting", "OS-EXT-STS:vm_state": "active", "OS-SRV-USG:launched_at": "2016-02-16T16:00:45.000000", "flavor": {"id": "42", "links": [{"href": "http://10.4.1.3:8774/7a01fbce335e44169bb51414daa035bc/flavors/42", "rel": "bookmark"}]}, "id": "2313df98-e54f-48a3-85a4-cb36fab71efd", "security_groups": [{"name": "tempest-secgroup-smoke-1424878366"}], "OS-SRV-USG:terminated_at": null, "OS-EXT-AZ:availability_zone": "nova", "user_id": "f627daa9112e4e75b5dc40e850947e00", "name": "tempest-server-smoke-632675577", "created": "2016-02-16T16:00:40Z", "tenant_id": "7a01fbce335e44169bb51414daa035bc", "OS-DCF:diskConfig": "MANUAL", "os-extended-volumes:volumes_attached": [], "accessIPv4": "", "accessIPv6": "", "progress": 0, "OS-EXT-STS:power_state": 1, "config_drive": "True", "metadata": {}}}
2016-02-16 16:02:54,015 18749 INFO     [tempest_lib.common.rest_client] Request (TestNetworkBasicOps:_run_cleanups): 404 GET http://10.4.1.3:8774/v2.1/7a01fbce335e44169bb51414daa035bc/servers/2313df98-e54f-48a3-85a4-cb36fab71efd 0.246s
2016-02-16 16:02:54,016 18749 DEBUG    [tempest_lib.common.rest_client] Request - Headers: {'Content-Type': 'application/json', 'Accept': 'application/json', 'X-Auth-Token': '&lt;omitted&gt;'}
        Body: None
    Response - Headers: {'status': '404', 'content-length': '111', 'x-compute-request-id': 'req-c85f9683-a4fd-4764-b2ad-aef3f5868587', 'vary': 'X-OpenStack-Nova-API-Version', 'connection': 'close', 'x-openstack-nova-api-version': '2.1', 'date': 'Tue, 16 Feb 2016 16:02:54 GMT', 'content-type': 'application/json; charset=UTF-8'}
        Body: {"itemNotFound": {"message": "Instance 2313df98-e54f-48a3-85a4-cb36fab71efd could not be found.", "code": 404}}
2016-02-16 16:02:54,216 18749 INFO     [tempest_lib.common.rest_client] Request (TestNetworkBasicOps:_run_cleanups): 202 DELETE http://10.4.1.3:8774/v2.1/7a01fbce335e44169bb51414daa035bc/os-keypairs/tempest-TestNetworkBasicOps-1027358146 0.198s
2016-02-16 16:02:54,217 18749 DEBUG    [tempest_lib.common.rest_client] Request - Headers: {'Content-Type': 'application/json', 'Accept': 'application/json', 'X-Auth-Token': '&lt;omitted&gt;'}
        Body: None
    Response - Headers: {'status': '202', 'content-length': '0', 'x-compute-request-id': 'req-287886ae-6394-4da4-87f5-c0c589f91386', 'vary': 'X-OpenStack-Nova-API-Version', 'connection': 'close', 'x-openstack-nova-api-version': '2.1', 'date': 'Tue, 16 Feb 2016 16:02:54 GMT', 'content-type': 'application/json'}
        Body: 
2016-02-16 16:02:54,859 18749 INFO     [tempest_lib.common.rest_client] Request (TestNetworkBasicOps:_run_cleanups): 500 PUT http://10.4.1.3:9696/v2.0/routers/f82ee07e-301b-4d6c-bd3a-c0e6524fbd34/remove_router_interface 0.640s
2016-02-16 16:02:54,859 18749 DEBUG    [tempest_lib.common.rest_client] Request - Headers: {'Content-Type': 'application/json', 'Accept': 'application/json', 'X-Auth-Token': '&lt;omitted&gt;'}
        Body: {"subnet_id": "81e11802-7093-4c37-a6bd-91413b0dc404"}
    Response - Headers: {'status': '500', 'content-length': '150', 'connection': 'close', 'date': 'Tue, 16 Feb 2016 16:02:54 GMT', 'content-type': 'application/json; charset=UTF-8', 'x-openstack-request-id': 'req-4e4dc70f-a76c-4362-b28a-178feaf89fed'}
        Body: {"NeutronError": {"message": "Request Failed: internal server error while processing your request.", "type": "HTTPInternalServerError", "detail": ""}}
2016-02-16 16:02:55,112 18749 INFO     [tempest_lib.common.rest_client] Request (TestNetworkBasicOps:_run_cleanups): 200 GET http://10.4.1.3:9696/v2.0/routers/f82ee07e-301b-4d6c-bd3a-c0e6524fbd34 0.247s
2016-02-16 16:02:55,112 18749 DEBUG    [tempest_lib.common.rest_client] Request - Headers: {'Content-Type': 'application/json', 'Accept': 'application/json', 'X-Auth-Token': '&lt;omitted&gt;'}
        Body: None
    Response - Headers: {'status': '200', 'content-length': '500', 'content-location': 'http://10.4.1.3:9696/v2.0/routers/f82ee07e-301b-4d6c-bd3a-c0e6524fbd34', 'connection': 'close', 'date': 'Tue, 16 Feb 2016 16:02:55 GMT', 'content-type': 'application/json; charset=UTF-8', 'x-openstack-request-id': 'req-bb7e32bc-527a-4d0e-851d-7cd2a858412b'}
        Body: {"router": {"status": "ACTIVE", "external_gateway_info": {"network_id": "fea0bd59-9d51-4e9e-86b0-170d00b131d8", "enable_snat": true, "external_fixed_ips": [{"subnet_id": "be7c8ef0-7d4d-4a42-ab91-00fb5a26fed7", "ip_address": "172.24.4.3"}, {"subnet_id": "296a3abf-cb36-4928-807b-8ba0a12943fb", "ip_address": "2001:db8::3"}]}, "name": "tempest-router-smoke-126844617", "admin_state_up": true, "tenant_id": "7a01fbce335e44169bb51414daa035bc", "routes": [], "id": "f82ee07e-301b-4d6c-bd3a-c0e6524fbd34"}}
2016-02-16 16:02:55,738 18749 INFO     [tempest_lib.common.rest_client] Request (TestNetworkBasicOps:_run_cleanups): 200 PUT http://10.4.1.3:9696/v2.0/routers/f82ee07e-301b-4d6c-bd3a-c0e6524fbd34 0.624s
2016-02-16 16:02:55,738 18749 DEBUG    [tempest_lib.common.rest_client] Request - Headers: {'Content-Type': 'application/json', 'Accept': 'application/json', 'X-Auth-Token': '&lt;omitted&gt;'}
        Body: {"router": {"external_gateway_info": {}, "name": "tempest-router-smoke-126844617", "admin_state_up": true}}
    Response - Headers: {'status': '200', 'content-length': '238', 'connection': 'close', 'date': 'Tue, 16 Feb 2016 16:02:55 GMT', 'content-type': 'application/json; charset=UTF-8', 'x-openstack-request-id': 'req-2b28e1a9-b299-44ef-b5ca-5fb3e17c1025'}
        Body: {"router": {"status": "ACTIVE", "external_gateway_info": null, "name": "tempest-router-smoke-126844617", "admin_state_up": true, "tenant_id": "7a01fbce335e44169bb51414daa035bc", "routes": [], "id": "f82ee07e-301b-4d6c-bd3a-c0e6524fbd34"}}
2016-02-16 16:02:56,102 18749 INFO     [tempest_lib.common.rest_client] Request (TestNetworkBasicOps:_run_cleanups): 500 DELETE http://10.4.1.3:9696/v2.0/routers/f82ee07e-301b-4d6c-bd3a-c0e6524fbd34 0.363s
2016-02-16 16:02:56,103 18749 DEBUG    [tempest_lib.common.rest_client] Request - Headers: {'Content-Type': 'application/json', 'Accept': 'application/json', 'X-Auth-Token': '&lt;omitted&gt;'}
        Body: None
    Response - Headers: {'status': '500', 'content-length': '150', 'connection': 'close', 'date': 'Tue, 16 Feb 2016 16:02:56 GMT', 'content-type': 'application/json; charset=UTF-8', 'x-openstack-request-id': 'req-35c3ce8a-bdde-4be5-ab33-7f2bd87d6dd7'}
        Body: {"NeutronError": {"message": "Request Failed: internal server error while processing your request.", "type": "HTTPInternalServerError", "detail": ""}}
2016-02-16 16:02:56,777 18749 INFO     [tempest_lib.common.rest_client] Request (TestNetworkBasicOps:_run_cleanups): 204 DELETE http://10.4.1.3:9696/v2.0/networks/027a3313-b455-47cd-ad9c-389a7389c823 0.672s
2016-02-16 16:02:56,778 18749 DEBUG    [tempest_lib.common.rest_client] Request - Headers: {'Content-Type': 'application/json', 'Accept': 'application/json', 'X-Auth-Token': '&lt;omitted&gt;'}
        Body: None
    Response - Headers: {'date': 'Tue, 16 Feb 2016 16:02:56 GMT', 'status': '204', 'connection': 'close', 'content-length': '0', 'x-openstack-request-id': 'req-94aad8ee-73af-4d40-ae10-834cda86bb91'}
        Body: 
2016-02-16 16:02:57,095 18749 INFO     [tempest_lib.common.rest_client] Request (TestNetworkBasicOps:_run_cleanups): 204 DELETE http://10.4.1.3:9696/v2.0/security-groups/aaa1f86c-c87f-4060-8d8b-ea16acd0c94d 0.316s
2016-02-16 16:02:57,096 18749 DEBUG    [tempest_lib.common.rest_client] Request - Headers: {'Content-Type': 'application/json', 'Accept': 'application/json', 'X-Auth-Token': '&lt;omitted&gt;'}
        Body: None
    Response - Headers: {'date': 'Tue, 16 Feb 2016 16:02:57 GMT', 'status': '204', 'connection': 'close', 'content-length': '0', 'x-openstack-request-id': 'req-fd03585b-ec97-48fc-8745-2dba34f4bce5'}
        Body: 
2016-02-16 16:02:57,373 18749 INFO     [tempest_lib.common.rest_client] Request (TestNetworkBasicOps:_run_cleanups): 404 GET http://10.4.1.3:8774/v2.1/7a01fbce335e44169bb51414daa035bc/servers/2313df98-e54f-48a3-85a4-cb36fab71efd 0.276s
2016-02-16 16:02:57,374 18749 DEBUG    [tempest_lib.common.rest_client] Request - Headers: {'Content-Type': 'application/json', 'Accept': 'application/json', 'X-Auth-Token': '&lt;omitted&gt;'}
        Body: None
    Response - Headers: {'status': '404', 'content-length': '111', 'x-compute-request-id': 'req-9e0ed752-2968-48aa-acaa-9422f1a196dc', 'vary': 'X-OpenStack-Nova-API-Version', 'connection': 'close', 'x-openstack-nova-api-version': '2.1', 'date': 'Tue, 16 Feb 2016 16:02:57 GMT', 'content-type': 'application/json; charset=UTF-8'}
        Body: {"itemNotFound": {"message": "Instance 2313df98-e54f-48a3-85a4-cb36fab71efd could not be found.", "code": 404}}
}}}

traceback-1: {{{
Traceback (most recent call last):
  File "tempest/scenario/manager.py", line 108, in delete_wrapper
    delete_thing(*args, **kwargs)
  File "tempest/services/network/resources.py", line 98, in delete
    subnet_id=self.id)
  File "tempest/services/network/json/network_client.py", line 199, in remove_router_interface
    return self.update_resource(uri, kwargs)
  File "tempest/services/network/json/base.py", line 68, in update_resource
    resp, body = self.put(req_uri, req_post_data)
  File "/usr/local/lib/python2.7/dist-packages/tempest_lib/common/rest_client.py", line 322, in put
    return self.request('PUT', url, extra_headers, headers, body)
  File "/usr/local/lib/python2.7/dist-packages/tempest_lib/common/rest_client.py", line 642, in request
    resp, resp_body)
  File "/usr/local/lib/python2.7/dist-packages/tempest_lib/common/rest_client.py", line 761, in _error_checker
    message=message)
tempest_lib.exceptions.ServerFault: Got server fault
Details: Request Failed: internal server error while processing your request.
}}}

traceback-2: {{{
Traceback (most recent call last):
  File "tempest/scenario/manager.py", line 108, in delete_wrapper
    delete_thing(*args, **kwargs)
  File "tempest/services/network/resources.py", line 119, in delete
    self.client.delete_router(self.id)
  File "tempest/services/network/json/network_client.py", line 169, in delete_router
    return self.delete_resource(uri)
  File "tempest/services/network/json/base.py", line 41, in delete_resource
    resp, body = self.delete(req_uri)
  File "/usr/local/lib/python2.7/dist-packages/tempest_lib/common/rest_client.py", line 290, in delete
    return self.request('DELETE', url, extra_headers, headers, body)
  File "/usr/local/lib/python2.7/dist-packages/tempest_lib/common/rest_client.py", line 642, in request
    resp, resp_body)
  File "/usr/local/lib/python2.7/dist-packages/tempest_lib/common/rest_client.py", line 761, in _error_checker
    message=message)
tempest_lib.exceptions.ServerFault: Got server fault
Details: Request Failed: internal server error while processing your request.
}}}

Traceback (most recent call last):
  File "tempest/test.py", line 113, in wrapper
    return f(self, *func_args, **func_kwargs)
  File "tempest/scenario/test_network_basic_ops.py", line 445, in test_connectivity_between_vms_on_different_networks
    self.check_public_network_connectivity(should_connect=True)
  File "tempest/scenario/test_network_basic_ops.py", line 212, in check_public_network_connectivity
    self.servers)
  File "tempest/scenario/manager.py", line 598, in check_public_network_connectivity
    should_connect=should_connect)
  File "tempest/scenario/manager.py", line 582, in check_vm_connectivity
    msg=msg)
  File "/usr/local/lib/python2.7/dist-packages/unittest2/case.py", line 702, in assertTrue
    raise self.failureException(msg)
AssertionError: False is not true : Timed out waiting for 172.24.4.4 to become reachable



        </pre>
    </div>
    <!--css div popup end-->

    </td>
</tr>

<tr id='ft1.2' class='none'>
    <td class='failCase'><div class='testcase'>test_hotplug_nic[compute,id-c5adff73-e961-41f1-b4a9-343614f18cfa,network]</div></td>
    <td colspan='7' align='left'>

    <!--css div popup start-->
    <a class="popup_link" onfocus='this.blur();'
    href="javascript:showTestDetail('div_ft1.2')" >
        fail</a>

    <div id='div_ft1.2' class="popup_window">
        <div style='text-align: right; color:red;cursor:pointer'>
        <a onfocus='this.blur();'
onclick="document.getElementById('div_ft1.2').style.display = 'none' " >
           [x]</a>
        </div>
        <pre>
        
ft1.2: tempest.scenario.test_network_basic_ops.TestNetworkBasicOps.test_hotplug_nic[compute,id-c5adff73-e961-41f1-b4a9-343614f18cfa,network]_StringException: Empty attachments:
  stderr
  stdout

pythonlogging:'': {{{
2016-02-16 16:02:57,708 18749 INFO     [tempest_lib.common.rest_client] Request (TestNetworkBasicOps:test_hotplug_nic): 201 POST http://10.4.1.3:9696/v2.0/security-groups 0.306s
