<?xml version="1.0" encoding="UTF-8"?>
<!DOCTYPE html PUBLIC "-//W3C//DTD XHTML 1.0 Strict//EN"
     "http://www.w3.org/TR/xhtml1/DTD/xhtml1-strict.dtd">
<html xmlns="http://www.w3.org/1999/xhtml">
<head>
    <title>Unit Test Report</title>
    <meta name="generator" content="subunit2html 0.1"/>
    <meta http-equiv="Content-Type" content="text/html; charset=UTF-8"/>
    
<style type="text/css" media="screen">
body        { font-family: verdana, arial, helvetica, sans-serif;
    font-size: 80%; }
table       { font-size: 100%; width: 100%;}
pre         { font-size: 80%; }

/* -- heading -------------------------------------------------------------- */
h1 {
        font-size: 16pt;
        color: gray;
}
.heading {
    margin-top: 0ex;
    margin-bottom: 1ex;
}

.heading .attribute {
    margin-top: 1ex;
    margin-bottom: 0;
}

.heading .description {
    margin-top: 4ex;
    margin-bottom: 6ex;
}

/* -- css div popup -------------------------------------------------------- */
a.popup_link {
}

a.popup_link:hover {
    color: red;
}

.popup_window {
    display: none;
    overflow-x: scroll;
    /*border: solid #627173 1px; */
    padding: 10px;
    background-color: #E6E6D6;
    font-family: "Ubuntu Mono", "Lucida Console", "Courier New", monospace;
    text-align: left;
    font-size: 8pt;
}

}
/* -- report --------------------------------------------------------------- */
#show_detail_line {
    margin-top: 3ex;
    margin-bottom: 1ex;
}
#result_table {
    width: 100%;
    border-collapse: collapse;
    border: 1px solid #777;
}
#header_row {
    font-weight: bold;
    color: white;
    background-color: #777;
}
#result_table td {
    border: 1px solid #777;
    padding: 2px;
}
#total_row  { font-weight: bold; }
.passClass  { background-color: #6c6; }
.failClass  { background-color: #c60; }
.errorClass { background-color: #c00; }
.passCase   { color: #6c6; }
.failCase   { color: #c60; font-weight: bold; }
.errorCase  { color: #c00; font-weight: bold; }
.hiddenRow  { display: none; }
.testcase   { margin-left: 2em; }
td.testname {width: 40%}
td.small {width: 40px}

/* -- ending --------------------------------------------------------------- */
#ending {
}

</style>

</head>
<body>
<script language="javascript" type="text/javascript"><!--
output_list = Array();

/* level - 0:Summary; 1:Failed; 2:All */
function showCase(level) {
    trs = document.getElementsByTagName("tr");
    for (var i = 0; i < trs.length; i++) {
        tr = trs[i];
        id = tr.id;
        if (id.substr(0,2) == 'ft') {
            if (level < 1) {
                tr.className = 'hiddenRow';
            }
            else {
                tr.className = '';
            }
        }
        if (id.substr(0,2) == 'pt') {
            if (level > 1) {
                tr.className = '';
            }
            else {
                tr.className = 'hiddenRow';
            }
        }
    }
}


function showClassDetail(cid, count) {
    var id_list = Array(count);
    var toHide = 1;
    for (var i = 0; i < count; i++) {
        tid0 = 't' + cid.substr(1) + '.' + (i+1);
        tid = 'f' + tid0;
        tr = document.getElementById(tid);
        if (!tr) {
            tid = 'p' + tid0;
            tr = document.getElementById(tid);
        }
        id_list[i] = tid;
        if (tr.className) {
            toHide = 0;
        }
    }
    for (var i = 0; i < count; i++) {
        tid = id_list[i];
        if (toHide) {
            document.getElementById('div_'+tid).style.display = 'none'
            document.getElementById(tid).className = 'hiddenRow';
        }
        else {
            document.getElementById(tid).className = '';
        }
    }
}


function showTestDetail(div_id){
    var details_div = document.getElementById(div_id)
    var displayState = details_div.style.display
    // alert(displayState)
    if (displayState != 'block' ) {
        displayState = 'block'
        details_div.style.display = 'block'
    }
    else {
        details_div.style.display = 'none'
    }
}


function html_escape(s) {
    s = s.replace(/&/g,'&amp;');
    s = s.replace(/</g,'&lt;');
    s = s.replace(/>/g,'&gt;');
    return s;
}

/* obsoleted by detail in <div>
function showOutput(id, name) {
    var w = window.open("", //url
                    name,
                    "resizable,scrollbars,status,width=800,height=450");
    d = w.document;
    d.write("<pre>");
    d.write(html_escape(output_list[id]));
    d.write("\n");
    d.write("<a href='javascript:window.close()'>close</a>\n");
    d.write("</pre>\n");
    d.close();
}
*/
--></script>

<div class='heading'>
<h1>Unit Test Report</h1>

<p class='attribute'><strong>Status:</strong> Failure 8 Skip 1</p>

<p class='description'></p>
</div>



<p id='show_detail_line'>Show
<a href='javascript:showCase(0)'>Summary</a>
<a href='javascript:showCase(1)'>Failed</a>
<a href='javascript:showCase(2)'>All</a>
</p>
<table id='result_table'>
<colgroup>
<col align='left' />
<col align='right' />
<col align='right' />
<col align='right' />
<col align='right' />
<col align='right' />
<col align='right' />
<col align='right' />
</colgroup>
<tr id='header_row'>
    <td>Test Group/Test case</td>
    <td>Count</td>
    <td>Pass</td>
    <td>Fail</td>
    <td>Error</td>
    <td>Skip</td>
    <td>View</td>
    <td> </td>
</tr>

<tr class='failClass'>
    <td class="testname">tempest.scenario.test_network_basic_ops.TestNetworkBasicOps</td>
    <td class="small">9</td>
    <td class="small">0</td>
    <td class="small">8</td>
    <td class="small">0</td>
    <td class="small">1</td>
    <td class="small"><a href="javascript:showClassDetail('c1',9)"
>Detail</a></td>
    <td> </td>
</tr>

<tr id='ft1.1' class='none'>
    <td class='failCase'><div class='testcase'>test_connectivity_between_vms_on_different_networks[compute,id-1546850e-fbaa-42f5-8b5f-03d8a6a95f15,network]</div></td>
    <td colspan='7' align='left'>

    <!--css div popup start-->
    <a class="popup_link" onfocus='this.blur();'
    href="javascript:showTestDetail('div_ft1.1')" >
        fail</a>

    <div id='div_ft1.1' class="popup_window">
        <div style='text-align: right; color:red;cursor:pointer'>
        <a onfocus='this.blur();'
onclick="document.getElementById('div_ft1.1').style.display = 'none' " >
           [x]</a>
        </div>
        <pre>
        
ft1.1: tempest.scenario.test_network_basic_ops.TestNetworkBasicOps.test_connectivity_between_vms_on_different_networks[compute,id-1546850e-fbaa-42f5-8b5f-03d8a6a95f15,network]_StringException: Empty attachments:
  stderr
  stdout

pythonlogging:'': {{{
2016-01-27 03:46:08,861 16674 INFO     [tempest_lib.common.rest_client] Request (TestNetworkBasicOps:test_connectivity_between_vms_on_different_networks): 201 POST http://10.4.1.3:9696/v2.0/security-groups 0.394s
2016-01-27 03:46:08,862 16674 DEBUG    [tempest_lib.common.rest_client] Request - Headers: {'Content-Type': 'application/json', 'Accept': 'application/json', 'X-Auth-Token': '&lt;omitted&gt;'}
        Body: {"security_group": {"tenant_id": "a147743128ee4550b619d299d5af8832", "description": "tempest-secgroup-smoke-1553481920 description", "name": "tempest-secgroup-smoke-1553481920"}}
    Response - Headers: {'status': '201', 'content-length': '888', 'connection': 'close', 'date': 'Wed, 27 Jan 2016 03:46:08 GMT', 'content-type': 'application/json; charset=UTF-8', 'x-openstack-request-id': 'req-17296f19-3854-46ab-ae31-27d1436d89d8'}
        Body: {"security_group": {"tenant_id": "a147743128ee4550b619d299d5af8832", "description": "tempest-secgroup-smoke-1553481920 description", "id": "55ade884-f146-4ce7-ac57-26857beb78c5", "security_group_rules": [{"remote_group_id": null, "direction": "egress", "remote_ip_prefix": null, "protocol": null, "ethertype": "IPv4", "tenant_id": "a147743128ee4550b619d299d5af8832", "port_range_max": null, "port_range_min": null, "id": "40d17870-b9ba-499f-a27f-e5cfbd37fb55", "security_group_id": "55ade884-f146-4ce7-ac57-26857beb78c5"}, {"remote_group_id": null, "direction": "egress", "remote_ip_prefix": null, "protocol": null, "ethertype": "IPv6", "tenant_id": "a147743128ee4550b619d299d5af8832", "port_range_max": null, "port_range_min": null, "id": "3796ad70-37ba-4673-8bd0-62bbb1729949", "security_group_id": "55ade884-f146-4ce7-ac57-26857beb78c5"}], "name": "tempest-secgroup-smoke-1553481920"}}
2016-01-27 03:46:09,145 16674 INFO     [tempest_lib.common.rest_client] Request (TestNetworkBasicOps:test_connectivity_between_vms_on_different_networks): 201 POST http://10.4.1.3:9696/v2.0/security-group-rules 0.281s
2016-01-27 03:46:09,145 16674 DEBUG    [tempest_lib.common.rest_client] Request - Headers: {'Content-Type': 'application/json', 'Accept': 'application/json', 'X-Auth-Token': '&lt;omitted&gt;'}
        Body: {"security_group_rule": {"direction": "ingress", "protocol": "tcp", "tenant_id": "a147743128ee4550b619d299d5af8832", "port_range_max": 22, "security_group_id": "55ade884-f146-4ce7-ac57-26857beb78c5", "port_range_min": 22}}
    Response - Headers: {'status': '201', 'content-length': '340', 'connection': 'close', 'date': 'Wed, 27 Jan 2016 03:46:09 GMT', 'content-type': 'application/json; charset=UTF-8', 'x-openstack-request-id': 'req-adf5cc25-368d-4f31-9c35-479b1189453f'}
        Body: {"security_group_rule": {"remote_group_id": null, "direction": "ingress", "remote_ip_prefix": null, "protocol": "tcp", "ethertype": "IPv4", "tenant_id": "a147743128ee4550b619d299d5af8832", "port_range_max": 22, "port_range_min": 22, "id": "f49a4be3-169a-4590-a092-031fa0658118", "security_group_id": "55ade884-f146-4ce7-ac57-26857beb78c5"}}
2016-01-27 03:46:09,403 16674 INFO     [tempest_lib.common.rest_client] Request (TestNetworkBasicOps:test_connectivity_between_vms_on_different_networks): 201 POST http://10.4.1.3:9696/v2.0/security-group-rules 0.256s
2016-01-27 03:46:09,403 16674 DEBUG    [tempest_lib.common.rest_client] Request - Headers: {'Content-Type': 'application/json', 'Accept': 'application/json', 'X-Auth-Token': '&lt;omitted&gt;'}
        Body: {"security_group_rule": {"direction": "egress", "protocol": "tcp", "tenant_id": "a147743128ee4550b619d299d5af8832", "port_range_max": 22, "security_group_id": "55ade884-f146-4ce7-ac57-26857beb78c5", "port_range_min": 22}}
    Response - Headers: {'status': '201', 'content-length': '339', 'connection': 'close', 'date': 'Wed, 27 Jan 2016 03:46:09 GMT', 'content-type': 'application/json; charset=UTF-8', 'x-openstack-request-id': 'req-77f5ab9a-71f5-4ac1-9dd3-ed56617194e8'}
        Body: {"security_group_rule": {"remote_group_id": null, "direction": "egress", "remote_ip_prefix": null, "protocol": "tcp", "ethertype": "IPv4", "tenant_id": "a147743128ee4550b619d299d5af8832", "port_range_max": 22, "port_range_min": 22, "id": "ab0a41b8-0c25-4020-94dc-45aacbebc43b", "security_group_id": "55ade884-f146-4ce7-ac57-26857beb78c5"}}
2016-01-27 03:46:09,647 16674 INFO     [tempest_lib.common.rest_client] Request (TestNetworkBasicOps:test_connectivity_between_vms_on_different_networks): 201 POST http://10.4.1.3:9696/v2.0/security-group-rules 0.243s
2016-01-27 03:46:09,648 16674 DEBUG    [tempest_lib.common.rest_client] Request - Headers: {'Content-Type': 'application/json', 'Accept': 'application/json', 'X-Auth-Token': '&lt;omitted&gt;'}
        Body: {"security_group_rule": {"tenant_id": "a147743128ee4550b619d299d5af8832", "direction": "ingress", "protocol": "icmp", "security_group_id": "55ade884-f146-4ce7-ac57-26857beb78c5"}}
    Response - Headers: {'status': '201', 'content-length': '345', 'connection': 'close', 'date': 'Wed, 27 Jan 2016 03:46:09 GMT', 'content-type': 'application/json; charset=UTF-8', 'x-openstack-request-id': 'req-03f45b97-9837-490b-acca-4467ae5be888'}
        Body: {"security_group_rule": {"remote_group_id": null, "direction": "ingress", "remote_ip_prefix": null, "protocol": "icmp", "ethertype": "IPv4", "tenant_id": "a147743128ee4550b619d299d5af8832", "port_range_max": null, "port_range_min": null, "id": "4fd86922-78e9-4e73-ba0b-eeaea2aeec44", "security_group_id": "55ade884-f146-4ce7-ac57-26857beb78c5"}}
2016-01-27 03:46:09,938 16674 INFO     [tempest_lib.common.rest_client] Request (TestNetworkBasicOps:test_connectivity_between_vms_on_different_networks): 201 POST http://10.4.1.3:9696/v2.0/security-group-rules 0.289s
2016-01-27 03:46:09,939 16674 DEBUG    [tempest_lib.common.rest_client] Request - Headers: {'Content-Type': 'application/json', 'Accept': 'application/json', 'X-Auth-Token': '&lt;omitted&gt;'}
        Body: {"security_group_rule": {"tenant_id": "a147743128ee4550b619d299d5af8832", "direction": "egress", "protocol": "icmp", "security_group_id": "55ade884-f146-4ce7-ac57-26857beb78c5"}}
    Response - Headers: {'status': '201', 'content-length': '344', 'connection': 'close', 'date': 'Wed, 27 Jan 2016 03:46:09 GMT', 'content-type': 'application/json; charset=UTF-8', 'x-openstack-request-id': 'req-48dc16fb-9623-4095-8956-c75786517101'}
        Body: {"security_group_rule": {"remote_group_id": null, "direction": "egress", "remote_ip_prefix": null, "protocol": "icmp", "ethertype": "IPv4", "tenant_id": "a147743128ee4550b619d299d5af8832", "port_range_max": null, "port_range_min": null, "id": "e0eec2c0-7121-4be1-9fa2-b933a35199d7", "security_group_id": "55ade884-f146-4ce7-ac57-26857beb78c5"}}
2016-01-27 03:46:10,219 16674 INFO     [tempest_lib.common.rest_client] Request (TestNetworkBasicOps:test_connectivity_between_vms_on_different_networks): 201 POST http://10.4.1.3:9696/v2.0/security-group-rules 0.278s
2016-01-27 03:46:10,219 16674 DEBUG    [tempest_lib.common.rest_client] Request - Headers: {'Content-Type': 'application/json', 'Accept': 'application/json', 'X-Auth-Token': '&lt;omitted&gt;'}
        Body: {"security_group_rule": {"tenant_id": "a147743128ee4550b619d299d5af8832", "direction": "ingress", "security_group_id": "55ade884-f146-4ce7-ac57-26857beb78c5", "protocol": "icmp", "ethertype": "IPv6"}}
    Response - Headers: {'status': '201', 'content-length': '345', 'connection': 'close', 'date': 'Wed, 27 Jan 2016 03:46:10 GMT', 'content-type': 'application/json; charset=UTF-8', 'x-openstack-request-id': 'req-3bce5eff-a755-4903-b10a-53121b7a325b'}
        Body: {"security_group_rule": {"remote_group_id": null, "direction": "ingress", "remote_ip_prefix": null, "protocol": "icmp", "ethertype": "IPv6", "tenant_id": "a147743128ee4550b619d299d5af8832", "port_range_max": null, "port_range_min": null, "id": "9d4611f3-c6cb-4908-af41-30d1da2a8007", "security_group_id": "55ade884-f146-4ce7-ac57-26857beb78c5"}}
2016-01-27 03:46:10,497 16674 INFO     [tempest_lib.common.rest_client] Request (TestNetworkBasicOps:test_connectivity_between_vms_on_different_networks): 201 POST http://10.4.1.3:9696/v2.0/security-group-rules 0.276s
2016-01-27 03:46:10,497 16674 DEBUG    [tempest_lib.common.rest_client] Request - Headers: {'Content-Type': 'application/json', 'Accept': 'application/json', 'X-Auth-Token': '&lt;omitted&gt;'}
        Body: {"security_group_rule": {"tenant_id": "a147743128ee4550b619d299d5af8832", "direction": "egress", "security_group_id": "55ade884-f146-4ce7-ac57-26857beb78c5", "protocol": "icmp", "ethertype": "IPv6"}}
    Response - Headers: {'status': '201', 'content-length': '344', 'connection': 'close', 'date': 'Wed, 27 Jan 2016 03:46:10 GMT', 'content-type': 'application/json; charset=UTF-8', 'x-openstack-request-id': 'req-8b6920aa-7942-4eea-b33d-45ac56fd6f72'}
        Body: {"security_group_rule": {"remote_group_id": null, "direction": "egress", "remote_ip_prefix": null, "protocol": "icmp", "ethertype": "IPv6", "tenant_id": "a147743128ee4550b619d299d5af8832", "port_range_max": null, "port_range_min": null, "id": "4b9fb9a4-13ad-4082-b368-fa45ad2a1bee", "security_group_id": "55ade884-f146-4ce7-ac57-26857beb78c5"}}
2016-01-27 03:46:10,874 16674 INFO     [tempest_lib.common.rest_client] Request (TestNetworkBasicOps:test_connectivity_between_vms_on_different_networks): 201 POST http://10.4.1.3:9696/v2.0/networks 0.374s
2016-01-27 03:46:10,875 16674 DEBUG    [tempest_lib.common.rest_client] Request - Headers: {'Content-Type': 'application/json', 'Accept': 'application/json', 'X-Auth-Token': '&lt;omitted&gt;'}
        Body: {"network": {"tenant_id": "a147743128ee4550b619d299d5af8832", "name": "tempest-network-smoke--1160062634"}}
    Response - Headers: {'status': '201', 'content-length': '330', 'connection': 'close', 'date': 'Wed, 27 Jan 2016 03:46:10 GMT', 'content-type': 'application/json; charset=UTF-8', 'x-openstack-request-id': 'req-2d55f9da-bb44-4e04-8436-a2deed7fd1d8'}
        Body: {"network": {"status": "ACTIVE", "subnets": [], "availability_zone_hints": [], "name": "tempest-network-smoke--1160062634", "admin_state_up": true, "tenant_id": "a147743128ee4550b619d299d5af8832", "mtu": 1450, "router:external": false, "shared": false, "port_security_enabled": true, "id": "c98fa721-6d9f-4e32-a409-a71aeb0b59c6"}}
2016-01-27 03:46:11,118 16674 INFO     [tempest_lib.common.rest_client] Request (TestNetworkBasicOps:test_connectivity_between_vms_on_different_networks): 201 POST http://10.4.1.3:9696/v2.0/routers 0.241s
2016-01-27 03:46:11,119 16674 DEBUG    [tempest_lib.common.rest_client] Request - Headers: {'Content-Type': 'application/json', 'Accept': 'application/json', 'X-Auth-Token': '&lt;omitted&gt;'}
        Body: {"router": {"tenant_id": "a147743128ee4550b619d299d5af8832", "name": "tempest-router-smoke-1010802299", "admin_state_up": true}}
    Response - Headers: {'status': '201', 'content-length': '239', 'connection': 'close', 'date': 'Wed, 27 Jan 2016 03:46:11 GMT', 'content-type': 'application/json; charset=UTF-8', 'x-openstack-request-id': 'req-7f66cf65-3b4d-4947-9da1-0d323cd1e4be'}
        Body: {"router": {"status": "ACTIVE", "external_gateway_info": null, "name": "tempest-router-smoke-1010802299", "admin_state_up": true, "tenant_id": "a147743128ee4550b619d299d5af8832", "routes": [], "id": "3c80bb33-75b0-47be-b243-55a24356e3fd"}}
2016-01-27 03:46:11,324 16674 INFO     [tempest_lib.common.rest_client] Request (TestNetworkBasicOps:test_connectivity_between_vms_on_different_networks): 200 GET http://10.4.1.3:9696/v2.0/routers/3c80bb33-75b0-47be-b243-55a24356e3fd 0.204s
2016-01-27 03:46:11,325 16674 DEBUG    [tempest_lib.common.rest_client] Request - Headers: {'Content-Type': 'application/json', 'Accept': 'application/json', 'X-Auth-Token': '&lt;omitted&gt;'}
        Body: None
    Response - Headers: {'status': '200', 'content-length': '239', 'content-location': 'http://10.4.1.3:9696/v2.0/routers/3c80bb33-75b0-47be-b243-55a24356e3fd', 'connection': 'close', 'date': 'Wed, 27 Jan 2016 03:46:11 GMT', 'content-type': 'application/json; charset=UTF-8', 'x-openstack-request-id': 'req-11b6ac50-d6b8-4a6d-b13d-b742764c05ed'}
        Body: {"router": {"status": "ACTIVE", "external_gateway_info": null, "name": "tempest-router-smoke-1010802299", "admin_state_up": true, "tenant_id": "a147743128ee4550b619d299d5af8832", "routes": [], "id": "3c80bb33-75b0-47be-b243-55a24356e3fd"}}
2016-01-27 03:46:12,156 16674 INFO     [tempest_lib.common.rest_client] Request (TestNetworkBasicOps:test_connectivity_between_vms_on_different_networks): 200 PUT http://10.4.1.3:9696/v2.0/routers/3c80bb33-75b0-47be-b243-55a24356e3fd 0.831s
2016-01-27 03:46:12,157 16674 DEBUG    [tempest_lib.common.rest_client] Request - Headers: {'Content-Type': 'application/json', 'Accept': 'application/json', 'X-Auth-Token': '&lt;omitted&gt;'}
        Body: {"router": {"external_gateway_info": {"network_id": "ece6daae-815a-43c1-b749-27c366e23f90"}, "name": "tempest-router-smoke-1010802299", "admin_state_up": true}}
    Response - Headers: {'status': '200', 'content-length': '501', 'connection': 'close', 'date': 'Wed, 27 Jan 2016 03:46:12 GMT', 'content-type': 'application/json; charset=UTF-8', 'x-openstack-request-id': 'req-cb451d6f-b24a-403d-b810-4e88c9a5fa1c'}
        Body: {"router": {"status": "ACTIVE", "external_gateway_info": {"network_id": "ece6daae-815a-43c1-b749-27c366e23f90", "enable_snat": true, "external_fixed_ips": [{"subnet_id": "63457fda-1a78-4bab-a6b9-3edcbcdd78b2", "ip_address": "172.24.4.3"}, {"subnet_id": "8575839f-2c7c-437e-8c3f-cffb58ae4323", "ip_address": "2001:db8::3"}]}, "name": "tempest-router-smoke-1010802299", "admin_state_up": true, "tenant_id": "a147743128ee4550b619d299d5af8832", "routes": [], "id": "3c80bb33-75b0-47be-b243-55a24356e3fd"}}
2016-01-27 03:46:12,362 16674 INFO     [tempest_lib.common.rest_client] Request (TestNetworkBasicOps:test_connectivity_between_vms_on_different_networks): 200 GET http://10.4.1.3:9696/v2.0/subnets?tenant_id=a147743128ee4550b619d299d5af8832&amp;cidr=10.100.0.0%2F28 0.203s
2016-01-27 03:46:12,363 16674 DEBUG    [tempest_lib.common.rest_client] Request - Headers: {'Content-Type': 'application/json', 'Accept': 'application/json', 'X-Auth-Token': '&lt;omitted&gt;'}
        Body: None
    Response - Headers: {'status': '200', 'content-length': '15', 'content-location': 'http://10.4.1.3:9696/v2.0/subnets?tenant_id=a147743128ee4550b619d299d5af8832&amp;cidr=10.100.0.0%2F28', 'connection': 'close', 'date': 'Wed, 27 Jan 2016 03:46:12 GMT', 'content-type': 'application/json; charset=UTF-8', 'x-openstack-request-id': 'req-96bec0e0-3319-4b63-89f4-d048fca28bd9'}
        Body: {"subnets": []}
2016-01-27 03:46:12,948 16674 INFO     [tempest_lib.common.rest_client] Request (TestNetworkBasicOps:test_connectivity_between_vms_on_different_networks): 201 POST http://10.4.1.3:9696/v2.0/subnets 0.584s
2016-01-27 03:46:12,949 16674 DEBUG    [tempest_lib.common.rest_client] Request - Headers: {'Content-Type': 'application/json', 'Accept': 'application/json', 'X-Auth-Token': '&lt;omitted&gt;'}
        Body: {"subnet": {"ip_version": 4, "tenant_id": "a147743128ee4550b619d299d5af8832", "cidr": "10.100.0.0/28", "network_id": "c98fa721-6d9f-4e32-a409-a71aeb0b59c6", "name": "tempest-subnet-smoke-1410816997"}}
    Response - Headers: {'status': '201', 'content-length': '478', 'connection': 'close', 'date': 'Wed, 27 Jan 2016 03:46:12 GMT', 'content-type': 'application/json; charset=UTF-8', 'x-openstack-request-id': 'req-9ad6500d-96d7-45f6-a54b-635438ab4674'}
        Body: {"subnet": {"name": "tempest-subnet-smoke-1410816997", "enable_dhcp": true, "network_id": "c98fa721-6d9f-4e32-a409-a71aeb0b59c6", "tenant_id": "a147743128ee4550b619d299d5af8832", "dns_nameservers": [], "gateway_ip": "10.100.0.1", "ipv6_ra_mode": null, "allocation_pools": [{"start": "10.100.0.2", "end": "10.100.0.14"}], "host_routes": [], "ip_version": 4, "ipv6_address_mode": null, "cidr": "10.100.0.0/28", "id": "81f8906c-9544-41b0-8f0e-2dc53b42e17d", "subnetpool_id": null}}
2016-01-27 03:46:13,593 16674 INFO     [tempest_lib.common.rest_client] Request (TestNetworkBasicOps:test_connectivity_between_vms_on_different_networks): 200 PUT http://10.4.1.3:9696/v2.0/routers/3c80bb33-75b0-47be-b243-55a24356e3fd/add_router_interface 0.642s
2016-01-27 03:46:13,593 16674 DEBUG    [tempest_lib.common.rest_client] Request - Headers: {'Content-Type': 'application/json', 'Accept': 'application/json', 'X-Auth-Token': '&lt;omitted&gt;'}
        Body: {"subnet_id": "81f8906c-9544-41b0-8f0e-2dc53b42e17d"}
    Response - Headers: {'status': '200', 'content-length': '255', 'connection': 'close', 'date': 'Wed, 27 Jan 2016 03:46:13 GMT', 'content-type': 'application/json; charset=UTF-8', 'x-openstack-request-id': 'req-ea76e541-fc79-4853-8baf-ed1a7051369d'}
        Body: {"subnet_id": "81f8906c-9544-41b0-8f0e-2dc53b42e17d", "tenant_id": "a147743128ee4550b619d299d5af8832", "subnet_ids": ["81f8906c-9544-41b0-8f0e-2dc53b42e17d"], "port_id": "197c790d-b373-46e6-a804-931dc07e02d1", "id": "3c80bb33-75b0-47be-b243-55a24356e3fd"}
2016-01-27 03:46:13,845 16674 INFO     [tempest_lib.common.rest_client] Request (TestNetworkBasicOps:test_connectivity_between_vms_on_different_networks): 200 GET http://10.4.1.3:9696/v2.0/networks 0.251s
2016-01-27 03:46:13,846 16674 DEBUG    [tempest_lib.common.rest_client] Request - Headers: {'Content-Type': 'application/json', 'Accept': 'application/json', 'X-Auth-Token': '&lt;omitted&gt;'}
        Body: None
    Response - Headers: {'status': '200', 'content-length': '1516', 'content-location': 'http://10.4.1.3:9696/v2.0/networks', 'connection': 'close', 'date': 'Wed, 27 Jan 2016 03:46:13 GMT', 'content-type': 'application/json; charset=UTF-8', 'x-openstack-request-id': 'req-10360797-d55a-462b-905d-9a0c15cb582c'}
        Body: {"networks": [{"status": "ACTIVE", "subnets": ["8575839f-2c7c-437e-8c3f-cffb58ae4323", "63457fda-1a78-4bab-a6b9-3edcbcdd78b2"], "availability_zone_hints": [], "availability_zones": ["nova"], "name": "public", "provider:physical_network": null, "admin_state_up": true, "tenant_id": "9221456c3b134b83bc21292d233ceee5", "mtu": 1450, "router:external": true, "shared": false, "port_security_enabled": true, "provider:network_type": "vxlan", "id": "ece6daae-815a-43c1-b749-27c366e23f90", "provider:segmentation_id": 1031}, {"status": "ACTIVE", "subnets": ["9a896d33-0cd9-4234-ab1a-95a38a0c454a", "d827c3b1-f9e1-404c-acfc-d7854864a9c5"], "availability_zone_hints": [], "availability_zones": ["nova"], "name": "private", "provider:physical_network": null, "admin_state_up": true, "tenant_id": "5e873ba925b14ba88e0b45b9a3216007", "mtu": 1450, "router:external": false, "shared": false, "port_security_enabled": true, "provider:network_type": "vxlan", "id": "2179762e-47e7-4d44-bf4d-8fadcfc5ce90", "provider:segmentation_id": 1058}, {"status": "ACTIVE", "subnets": ["81f8906c-9544-41b0-8f0e-2dc53b42e17d"], "availability_zone_hints": [], "availability_zones": ["nova"], "name": "tempest-network-smoke--1160062634", "provider:physical_network": null, "admin_state_up": true, "tenant_id": "a147743128ee4550b619d299d5af8832", "mtu": 1450, "router:external": false, "shared": false, "port_security_enabled": true, "provider:network_type": "vxlan", "id": "c98fa721-6d9f-4e32-a409-a71aeb0b59c6", "provider:segmentation_id": 1003}]}
2016-01-27 03:46:14,061 16674 INFO     [tempest_lib.common.rest_client] Request (TestNetworkBasicOps:test_connectivity_between_vms_on_different_networks): 200 GET http://10.4.1.3:9696/v2.0/subnets 0.213s
2016-01-27 03:46:14,061 16674 DEBUG    [tempest_lib.common.rest_client] Request - Headers: {'Content-Type': 'application/json', 'Accept': 'application/json', 'X-Auth-Token': '&lt;omitted&gt;'}
        Body: None
    Response - Headers: {'status': '200', 'content-length': '2408', 'content-location': 'http://10.4.1.3:9696/v2.0/subnets', 'connection': 'close', 'date': 'Wed, 27 Jan 2016 03:46:14 GMT', 'content-type': 'application/json; charset=UTF-8', 'x-openstack-request-id': 'req-48193ab4-0425-49d7-bb44-876761a57d10'}
        Body: {"subnets": [{"name": "ipv6-public-subnet", "enable_dhcp": false, "network_id": "ece6daae-815a-43c1-b749-27c366e23f90", "tenant_id": "9221456c3b134b83bc21292d233ceee5", "dns_nameservers": [], "gateway_ip": "2001:db8::2", "ipv6_ra_mode": null, "allocation_pools": [{"start": "2001:db8::1", "end": "2001:db8::1"}, {"start": "2001:db8::3", "end": "2001:db8::ffff:ffff:ffff:ffff"}], "host_routes": [], "ip_version": 6, "ipv6_address_mode": null, "cidr": "2001:db8::/64", "id": "8575839f-2c7c-437e-8c3f-cffb58ae4323", "subnetpool_id": null}, {"name": "tempest-subnet-smoke-1410816997", "enable_dhcp": true, "network_id": "c98fa721-6d9f-4e32-a409-a71aeb0b59c6", "tenant_id": "a147743128ee4550b619d299d5af8832", "dns_nameservers": [], "gateway_ip": "10.100.0.1", "ipv6_ra_mode": null, "allocation_pools": [{"start": "10.100.0.2", "end": "10.100.0.14"}], "host_routes": [], "ip_version": 4, "ipv6_address_mode": null, "cidr": "10.100.0.0/28", "id": "81f8906c-9544-41b0-8f0e-2dc53b42e17d", "subnetpool_id": null}, {"name": "private-subnet", "enable_dhcp": true, "network_id": "2179762e-47e7-4d44-bf4d-8fadcfc5ce90", "tenant_id": "5e873ba925b14ba88e0b45b9a3216007", "dns_nameservers": [], "gateway_ip": "10.0.0.1", "ipv6_ra_mode": null, "allocation_pools": [{"start": "10.0.0.2", "end": "10.0.0.254"}], "host_routes": [], "ip_version": 4, "ipv6_address_mode": null, "cidr": "10.0.0.0/24", "id": "d827c3b1-f9e1-404c-acfc-d7854864a9c5", "subnetpool_id": null}, {"name": "ipv6-private-subnet", "enable_dhcp": true, "network_id": "2179762e-47e7-4d44-bf4d-8fadcfc5ce90", "tenant_id": "5e873ba925b14ba88e0b45b9a3216007", "dns_nameservers": [], "gateway_ip": "fd8d:140c:68ba::1", "ipv6_ra_mode": "slaac", "allocation_pools": [{"start": "fd8d:140c:68ba::2", "end": "fd8d:140c:68ba:0:ffff:ffff:ffff:ffff"}], "host_routes": [], "ip_version": 6, "ipv6_address_mode": "slaac", "cidr": "fd8d:140c:68ba::/64", "id": "9a896d33-0cd9-4234-ab1a-95a38a0c454a", "subnetpool_id": null}, {"name": "public-subnet", "enable_dhcp": false, "network_id": "ece6daae-815a-43c1-b749-27c366e23f90", "tenant_id": "9221456c3b134b83bc21292d233ceee5", "dns_nameservers": [], "gateway_ip": "172.24.4.1", "ipv6_ra_mode": null, "allocation_pools": [{"start": "172.24.4.2", "end": "172.24.4.254"}], "host_routes": [], "ip_version": 4, "ipv6_address_mode": null, "cidr": "172.24.4.0/24", "id": "63457fda-1a78-4bab-a6b9-3edcbcdd78b2", "subnetpool_id": null}]}
2016-01-27 03:46:14,281 16674 INFO     [tempest_lib.common.rest_client] Request (TestNetworkBasicOps:test_connectivity_between_vms_on_different_networks): 200 GET http://10.4.1.3:9696/v2.0/routers 0.219s
2016-01-27 03:46:14,282 16674 DEBUG    [tempest_lib.common.rest_client] Request - Headers: {'Content-Type': 'application/json', 'Accept': 'application/json', 'X-Auth-Token': '&lt;omitted&gt;'}
        Body: None
    Response - Headers: {'status': '200', 'content-length': '1015', 'content-location': 'http://10.4.1.3:9696/v2.0/routers', 'connection': 'close', 'date': 'Wed, 27 Jan 2016 03:46:14 GMT', 'content-type': 'application/json; charset=UTF-8', 'x-openstack-request-id': 'req-ece0ac75-5a45-4f05-a5ac-2b9063ac38c7'}
        Body: {"routers": [{"status": "ACTIVE", "external_gateway_info": {"network_id": "ece6daae-815a-43c1-b749-27c366e23f90", "enable_snat": true, "external_fixed_ips": [{"subnet_id": "63457fda-1a78-4bab-a6b9-3edcbcdd78b2", "ip_address": "172.24.4.3"}, {"subnet_id": "8575839f-2c7c-437e-8c3f-cffb58ae4323", "ip_address": "2001:db8::3"}]}, "name": "tempest-router-smoke-1010802299", "admin_state_up": true, "tenant_id": "a147743128ee4550b619d299d5af8832", "distributed": false, "routes": [], "id": "3c80bb33-75b0-47be-b243-55a24356e3fd"}, {"status": "ACTIVE", "external_gateway_info": {"network_id": "ece6daae-815a-43c1-b749-27c366e23f90", "enable_snat": true, "external_fixed_ips": [{"subnet_id": "63457fda-1a78-4bab-a6b9-3edcbcdd78b2", "ip_address": "172.24.4.2"}, {"subnet_id": "8575839f-2c7c-437e-8c3f-cffb58ae4323", "ip_address": "2001:db8::1"}]}, "name": "router1", "admin_state_up": true, "tenant_id": "5e873ba925b14ba88e0b45b9a3216007", "distributed": false, "routes": [], "id": "87d1d89b-9f72-4c94-810a-38b772949c83"}]}
2016-01-27 03:46:14,683 16674 INFO     [tempest_lib.common.rest_client] Request (TestNetworkBasicOps:test_connectivity_between_vms_on_different_networks): 200 POST http://10.4.1.3:8774/v2.1/a147743128ee4550b619d299d5af8832/os-keypairs 0.400s
2016-01-27 03:46:14,683 16674 DEBUG    [tempest_lib.common.rest_client] Request - Headers: {'Content-Type': 'application/json', 'Accept': 'application/json', 'X-Auth-Token': '&lt;omitted&gt;'}
        Body: {"keypair": {"name": "tempest-TestNetworkBasicOps-1175122114"}}
    Response - Headers: {'status': '200', 'content-length': '2321', 'x-compute-request-id': 'req-8b807a80-3e98-4efa-8c9c-cf149c49cc5d', 'vary': 'X-OpenStack-Nova-API-Version', 'connection': 'close', 'x-openstack-nova-api-version': '2.1', 'date': 'Wed, 27 Jan 2016 03:46:14 GMT', 'content-type': 'application/json'}
        Body: {"keypair": {"public_key": "ssh-rsa AAAAB3NzaC1yc2EAAAADAQABAAABAQDDra8mFGya2z/PRPVConbf+wmZVi6Ez1UD2oSGAjRIlNgulWMHgUxipKwkgYrspRxqE/hFq5oJQ9Wcknl77Y/ktrc2vMGnrMrh9wce9NNr7Z4+HaFAOwKke+cPzlkP2V6jxhRiZiqyUD0HQqJyOVbfS4YhWT9fSvyYKdKbl7ujqbk7PpffOIfTxUAjOQ5Y7TTAMNOMRbXlEsSbdJZeXpCLPjI5GE1t5aEwqKxRbWoXmC+PKjpbm2EjRZx3AJSRRq6uap/+DYP4wUXouPMSrjn1czv/4Loys7kLRPegAgfT1ejJPtVTXog0YxQN+iRUUAC8dYYtLnnmF3mDa8ZhTWkV Generated-by-Nova", "private_key": "-----BEGIN RSA PRIVATE KEY-----\nMIIEqAIBAAKCAQEAw62vJhRsmts/z0T1QqJ23/sJmVYuhM9VA9qEhgI0SJTYLpVj\nB4FMYqSsJIGK7KUcahP4RauaCUPVnJJ5e+2P5La3NrzBp6zK4fcHHvTTa+2ePh2h\nQDsCpHvnD85ZD9leo8YUYmYqslA9B0KicjlW30uGIVk/X0r8mCnSm5e7o6m5Oz6X\n3ziH08VAIzkOWO00wDDTjEW15RLEm3SWXl6Qiz4yORhNbeWhMKisUW1qF5gvjyo6\nW5thI0WcdwCUkUaurmqf/g2D+MFF6LjzEq459XM7/+C6MrO5C0T3oAIH09XoyT7V\nU16INGMUDfokVFAAvHWGLS555hd5g2vGYU1pFQIDAQABAoIBAEEokb0taei6/2mG\nfeD9dnYpAs5Di2QAIkARQLXbAAv3PHFunzY9kPD8ArJ5TIh2hpqwIakZdkaFhxkH\nEVr6BUNUsHeSrS2ndTt/ZaiiP9CdpGbsuOhJfhzFgXCa9r83U7NXXyxQ9wC/hULo\npm1AuLPMU1LBhD+4GZqVuqLDCOF7KhgLydnjKXpduj+snDGNzZqtBVj8fVyr9el6\npQKcM1aLG6qcLrM1PPIPbm52H5gf6s1zK6CE1wiebcss9lT+AVLqaIwchZmsexPr\nm0d90RrMnvfNmKvJU877yze5j3njjVv/+ltiGeHHrMept2x6zSytS5s1kODG9T3z\nGJY8bUECggCBAMwOIJ8g17fZn2op4BcP4AAU018PsO2WR04LOoZ7jE+d3cklf7/F\nDFEjkmAsiyNfFW6OafRerbNNUjEDPaQwKd3JiUU/O4GqDwy7W84aWIq5pQH6iYHH\n1qsfi60zMxU40sIaLWdwmK0PoQOaoFKOPyg0CtUbRn6FrN/zy3LqfyMlAoIAgQD1\nfalni1lq8h8eXxcEa/9ckl8J1KVRlz10pWfvbI+rqBPvbprTUukBsq+BxD1RYY52\nSRhJytssVa52KsCQPBYdMRYaKVuvNFwWYQ2ejtzKzixbWsrkRLERn8KaQiVypCx2\nwF3x1zl1moo4J7qJ06W5iN5mgOCCKKl/9zRrnSFDMQKCAIAA3MpsgcIHp+bRlw24\nazvCJFRkYXeY+XqhrNB5gworx/oJAJySne2YZjMXLvkDlEJN7lIqU0AesuP3CxF2\noTF8G372CPdia+qWXjBcJaZcJ763zGxKXSLeJEr912qO22egpGWuuz4Z9Sf0EPI+\nhxVjQR0Om4fnvv7lD227tZwF9QKCAIAsBG8moMbUtTs9L+Gpqk+sYpZl5doKqiqb\nyri7JmUQa1+/s75RG/Gpm0d65hv0hqCLtwmC2bu41Fgm2f2THyL78vw6jqXg4WuN\nm7NcddNDDfrIGpx8l5CET3gOPsQGLUfHtzBhF6022BHmhcEdy3RQsyjlikA3NmFG\nD6Y3kYIQUQKCAIEAojy6hz4RW3KDorHMCgMgDildMbkGsxLi9JQ4/jR8x3bHv2u2\nth5qnlKZsB7XinoICsKgc1/b7fAe0ydsU5GXKAsNU0h47Dwm21bnII4vif2Ycb2g\n/T9OwoEuqpWRP1WTIan6F00b8MkmfPvfYeuxWS7fBGvgFQxua6BPx3ehrn4=\n-----END RSA PRIVATE KEY-----\n", "user_id": "1d06d22355d7416fa093b5b8a2c57a09", "name": "tempest-TestNetworkBasicOps-1175122114", "fingerprint": "8b:e0:56:06:8f:c0:58:8f:4f:b9:ea:c1:59:8c:5f:f0"}}
2016-01-27 03:46:14,828 16674 INFO     [tempest_lib.common.rest_client] Request (TestNetworkBasicOps:test_connectivity_between_vms_on_different_networks): 200 POST http://10.4.1.3:5000/v2.0/tokens
2016-01-27 03:46:14,829 16674 DEBUG    [tempest_lib.common.rest_client] Request - Headers: {'Content-Type': 'application/json', 'Accept': 'application/json'}
        Body: &lt;omitted&gt;
    Response - Headers: {'status': '200', 'content-length': '2260', 'vary': 'X-Auth-Token', 'server': 'Apache/2.4.7 (Ubuntu)', 'connection': 'close', 'date': 'Wed, 27 Jan 2016 03:46:14 GMT', 'content-type': 'application/json', 'x-openstack-request-id': 'req-07c19001-c30a-4076-b071-336ab7e9d6e4'}
        Body: {"access": {"token": {"issued_at": "2016-01-27T03:46:14.816765", "expires": "2016-01-27T04:46:14Z", "id": "9aaa6e227d8d470db645ab6f060544f2", "tenant": {"description": "tempest-TestNetworkBasicOps-1246006151-desc", "enabled": true, "id": "a147743128ee4550b619d299d5af8832", "name": "tempest-TestNetworkBasicOps-1246006151"}, "audit_ids": ["2OAoUroYQJ-pdmOcknz7YQ"]}, "serviceCatalog": [{"endpoints": [{"adminURL": "http://10.4.1.3:9292", "region": "RegionOne", "internalURL": "http://10.4.1.3:9292", "id": "142c2d0abfd840b88a384bdf3c2ef63f", "publicURL": "http://10.4.1.3:9292"}], "endpoints_links": [], "type": "image", "name": "glance"}, {"endpoints": [{"adminURL": "http://10.4.1.3:8774/v2.1/a147743128ee4550b619d299d5af8832", "region": "RegionOne", "internalURL": "http://10.4.1.3:8774/v2.1/a147743128ee4550b619d299d5af8832", "id": "273896fd6aea4ea19a0b378975c8b5c7", "publicURL": "http://10.4.1.3:8774/v2.1/a147743128ee4550b619d299d5af8832"}], "endpoints_links": [], "type": "compute", "name": "nova"}, {"endpoints": [{"adminURL": "http://10.4.1.3:9696/", "region": "RegionOne", "internalURL": "http://10.4.1.3:9696/", "id": "247d57f98dce48229b4598a7ad52d788", "publicURL": "http://10.4.1.3:9696/"}], "endpoints_links": [], "type": "network", "name": "neutron"}, {"endpoints": [{"adminURL": "http://10.4.1.3:35357/v2.0", "region": "RegionOne", "internalURL": "http://10.4.1.3:5000/v2.0", "id": "194ff13033294d1caecebec50c203722", "publicURL": "http://10.4.1.3:5000/v2.0"}], "endpoints_links": [], "type": "identity", "name": "keystone"}, {"endpoints": [{"adminURL": "http://10.4.1.3:8774/v2/a147743128ee4550b619d299d5af8832", "region": "RegionOne", "internalURL": "http://10.4.1.3:8774/v2/a147743128ee4550b619d299d5af8832", "id": "3e5221ee003d45a4addced795c448488", "publicURL": "http://10.4.1.3:8774/v2/a147743128ee4550b619d299d5af8832"}], "endpoints_links": [], "type": "compute_legacy", "name": "nova_legacy"}], "user": {"username": "tempest-TestNetworkBasicOps-1970741522", "roles_links": [], "id": "1d06d22355d7416fa093b5b8a2c57a09", "roles": [{"name": "_member_"}, {"name": "Member"}], "name": "tempest-TestNetworkBasicOps-1970741522"}, "metadata": {"is_admin": 0, "roles": ["9fe2ff9ee4384b1894a90878d3e92bab", "4c05d4303fe34bc1a74002bc326dc0a1"]}}}
2016-01-27 03:46:14,836 16674 DEBUG    [tempest.common.fixed_network] (TestNetworkBasicOps:test_connectivity_between_vms_on_different_networks) No valid network provided or created, defaulting to fixed_network_name
2016-01-27 03:46:15,219 16674 INFO     [tempest_lib.common.rest_client] Request (TestNetworkBasicOps:test_connectivity_between_vms_on_different_networks): 200 GET http://10.4.1.3:8774/v2.1/a147743128ee4550b619d299d5af8832/os-networks 0.381s
2016-01-27 03:46:15,219 16674 DEBUG    [tempest_lib.common.rest_client] Request - Headers: {'Content-Type': 'application/json', 'Accept': 'application/json', 'X-Auth-Token': '&lt;omitted&gt;'}
        Body: None
    Response - Headers: {'status': '200', 'content-length': '479', 'content-location': 'http://10.4.1.3:8774/v2.1/a147743128ee4550b619d299d5af8832/os-networks', 'x-compute-request-id': 'req-513899f8-e629-486b-9a81-34e5f86b52aa', 'vary': 'X-OpenStack-Nova-API-Version', 'connection': 'close', 'x-openstack-nova-api-version': '2.1', 'date': 'Wed, 27 Jan 2016 03:46:15 GMT', 'content-type': 'application/json'}
        Body: {"networks": [{"cidr_v6": null, "dns2": null, "dns1": null, "gateway": null, "broadcast": null, "netmask": null, "gateway_v6": null, "cidr": null, "label": "tempest-network-smoke--1160062634", "id": "c98fa721-6d9f-4e32-a409-a71aeb0b59c6", "netmask_v6": null}, {"cidr_v6": null, "dns2": null, "dns1": null, "gateway": null, "broadcast": null, "netmask": null, "gateway_v6": null, "cidr": null, "label": "public", "id": "ece6daae-815a-43c1-b749-27c366e23f90", "netmask_v6": null}]}
2016-01-27 03:46:15,219 16674 WARNING  [tempest.common.fixed_network] (TestNetworkBasicOps:test_connectivity_between_vms_on_different_networks) Network with name: private not found
2016-01-27 03:46:15,220 16674 INFO     [tempest.common.fixed_network] (TestNetworkBasicOps:test_connectivity_between_vms_on_different_networks) Found network {} available for tenant
2016-01-27 03:46:18,187 16674 INFO     [tempest_lib.common.rest_client] Request (TestNetworkBasicOps:test_connectivity_between_vms_on_different_networks): 202 POST http://10.4.1.3:8774/v2.1/a147743128ee4550b619d299d5af8832/servers 2.967s
2016-01-27 03:46:18,188 16674 DEBUG    [tempest_lib.common.rest_client] Request - Headers: {'Content-Type': 'application/json', 'Accept': 'application/json', 'X-Auth-Token': '&lt;omitted&gt;'}
        Body: {"server": {"name": "tempest-server-smoke-1418043712", "imageRef": "ff9af8bf-0708-4a44-b735-bebd9982804f", "key_name": "tempest-TestNetworkBasicOps-1175122114", "flavorRef": "42", "networks": [{"uuid": "c98fa721-6d9f-4e32-a409-a71aeb0b59c6"}], "security_groups": [{"name": "tempest-secgroup-smoke-1553481920"}]}}
    Response - Headers: {'status': '202', 'content-length': '460', 'x-compute-request-id': 'req-c81de4f1-c16a-42b8-a6c5-f99d8053088b', 'vary': 'X-OpenStack-Nova-API-Version', 'connection': 'close', 'location': 'http://10.4.1.3:8774/v2.1/a147743128ee4550b619d299d5af8832/servers/ce6f11c2-faa3-4ae4-b7f6-03653b8b6c0e', 'x-openstack-nova-api-version': '2.1', 'date': 'Wed, 27 Jan 2016 03:46:18 GMT', 'content-type': 'application/json'}
        Body: {"server": {"security_groups": [{"name": "tempest-secgroup-smoke-1553481920"}], "OS-DCF:diskConfig": "MANUAL", "id": "ce6f11c2-faa3-4ae4-b7f6-03653b8b6c0e", "links": [{"href": "http://10.4.1.3:8774/v2.1/a147743128ee4550b619d299d5af8832/servers/ce6f11c2-faa3-4ae4-b7f6-03653b8b6c0e", "rel": "self"}, {"href": "http://10.4.1.3:8774/a147743128ee4550b619d299d5af8832/servers/ce6f11c2-faa3-4ae4-b7f6-03653b8b6c0e", "rel": "bookmark"}], "adminPass": "r4DaZoyr5Gvk"}}
2016-01-27 03:46:18,587 16674 INFO     [tempest_lib.common.rest_client] Request (TestNetworkBasicOps:test_connectivity_between_vms_on_different_networks): 200 GET http://10.4.1.3:8774/v2.1/a147743128ee4550b619d299d5af8832/servers/ce6f11c2-faa3-4ae4-b7f6-03653b8b6c0e 0.396s
2016-01-27 03:46:18,588 16674 DEBUG    [tempest_lib.common.rest_client] Request - Headers: {'Content-Type': 'application/json', 'Accept': 'application/json', 'X-Auth-Token': '&lt;omitted&gt;'}
        Body: None
    Response - Headers: {'status': '200', 'content-length': '1341', 'content-location': 'http://10.4.1.3:8774/v2.1/a147743128ee4550b619d299d5af8832/servers/ce6f11c2-faa3-4ae4-b7f6-03653b8b6c0e', 'x-compute-request-id': 'req-49c23f05-a05f-4e0b-97eb-adebe3ff5cb2', 'vary': 'X-OpenStack-Nova-API-Version', 'connection': 'close', 'x-openstack-nova-api-version': '2.1', 'date': 'Wed, 27 Jan 2016 03:46:18 GMT', 'content-type': 'application/json'}
        Body: {"server": {"status": "BUILD", "updated": "2016-01-27T03:46:18Z", "hostId": "", "addresses": {}, "links": [{"href": "http://10.4.1.3:8774/v2.1/a147743128ee4550b619d299d5af8832/servers/ce6f11c2-faa3-4ae4-b7f6-03653b8b6c0e", "rel": "self"}, {"href": "http://10.4.1.3:8774/a147743128ee4550b619d299d5af8832/servers/ce6f11c2-faa3-4ae4-b7f6-03653b8b6c0e", "rel": "bookmark"}], "key_name": "tempest-TestNetworkBasicOps-1175122114", "image": {"id": "ff9af8bf-0708-4a44-b735-bebd9982804f", "links": [{"href": "http://10.4.1.3:8774/a147743128ee4550b619d299d5af8832/images/ff9af8bf-0708-4a44-b735-bebd9982804f", "rel": "bookmark"}]}, "OS-EXT-STS:task_state": "scheduling", "OS-EXT-STS:vm_state": "building", "OS-SRV-USG:launched_at": null, "flavor": {"id": "42", "links": [{"href": "http://10.4.1.3:8774/a147743128ee4550b619d299d5af8832/flavors/42", "rel": "bookmark"}]}, "id": "ce6f11c2-faa3-4ae4-b7f6-03653b8b6c0e", "OS-SRV-USG:terminated_at": null, "OS-EXT-AZ:availability_zone": "", "user_id": "1d06d22355d7416fa093b5b8a2c57a09", "name": "tempest-server-smoke-1418043712", "created": "2016-01-27T03:46:18Z", "tenant_id": "a147743128ee4550b619d299d5af8832", "OS-DCF:diskConfig": "MANUAL", "os-extended-volumes:volumes_attached": [], "accessIPv4": "", "accessIPv6": "", "progress": 0, "OS-EXT-STS:power_state": 0, "config_drive": "", "metadata": {}}}
2016-01-27 03:46:20,320 16674 INFO     [tempest_lib.common.rest_client] Request (TestNetworkBasicOps:test_connectivity_between_vms_on_different_networks): 200 GET http://10.4.1.3:8774/v2.1/a147743128ee4550b619d299d5af8832/servers/ce6f11c2-faa3-4ae4-b7f6-03653b8b6c0e 0.723s
2016-01-27 03:46:20,320 16674 DEBUG    [tempest_lib.common.rest_client] Request - Headers: {'Content-Type': 'application/json', 'Accept': 'application/json', 'X-Auth-Token': '&lt;omitted&gt;'}
        Body: None
    Response - Headers: {'status': '200', 'content-length': '1467', 'content-location': 'http://10.4.1.3:8774/v2.1/a147743128ee4550b619d299d5af8832/servers/ce6f11c2-faa3-4ae4-b7f6-03653b8b6c0e', 'x-compute-request-id': 'req-05cf2e02-4b54-4c94-8b90-a92224124e81', 'vary': 'X-OpenStack-Nova-API-Version', 'connection': 'close', 'x-openstack-nova-api-version': '2.1', 'date': 'Wed, 27 Jan 2016 03:46:20 GMT', 'content-type': 'application/json'}
        Body: {"server": {"status": "BUILD", "updated": "2016-01-27T03:46:19Z", "hostId": "7a766dcf6ed0522843b5723d4f480ec9edcc6a50c96b0bb429fcb8d2", "addresses": {}, "links": [{"href": "http://10.4.1.3:8774/v2.1/a147743128ee4550b619d299d5af8832/servers/ce6f11c2-faa3-4ae4-b7f6-03653b8b6c0e", "rel": "self"}, {"href": "http://10.4.1.3:8774/a147743128ee4550b619d299d5af8832/servers/ce6f11c2-faa3-4ae4-b7f6-03653b8b6c0e", "rel": "bookmark"}], "key_name": "tempest-TestNetworkBasicOps-1175122114", "image": {"id": "ff9af8bf-0708-4a44-b735-bebd9982804f", "links": [{"href": "http://10.4.1.3:8774/a147743128ee4550b619d299d5af8832/images/ff9af8bf-0708-4a44-b735-bebd9982804f", "rel": "bookmark"}]}, "OS-EXT-STS:task_state": "spawning", "OS-EXT-STS:vm_state": "building", "OS-SRV-USG:launched_at": null, "flavor": {"id": "42", "links": [{"href": "http://10.4.1.3:8774/a147743128ee4550b619d299d5af8832/flavors/42", "rel": "bookmark"}]}, "id": "ce6f11c2-faa3-4ae4-b7f6-03653b8b6c0e", "security_groups": [{"name": "tempest-secgroup-smoke-1553481920"}], "OS-SRV-USG:terminated_at": null, "OS-EXT-AZ:availability_zone": "nova", "user_id": "1d06d22355d7416fa093b5b8a2c57a09", "name": "tempest-server-smoke-1418043712", "created": "2016-01-27T03:46:18Z", "tenant_id": "a147743128ee4550b619d299d5af8832", "OS-DCF:diskConfig": "MANUAL", "os-extended-volumes:volumes_attached": [], "accessIPv4": "", "accessIPv6": "", "progress": 0, "OS-EXT-STS:power_state": 0, "config_drive": "", "metadata": {}}}
2016-01-27 03:46:20,330 16674 INFO     [tempest.common.waiters] State transition "BUILD/scheduling" ==&gt; "BUILD/spawning" after 2 second wait
2016-01-27 03:46:22,010 16674 INFO     [tempest_lib.common.rest_client] Request (TestNetworkBasicOps:test_connectivity_between_vms_on_different_networks): 200 GET http://10.4.1.3:8774/v2.1/a147743128ee4550b619d299d5af8832/servers/ce6f11c2-faa3-4ae4-b7f6-03653b8b6c0e 0.678s
2016-01-27 03:46:22,011 16674 DEBUG    [tempest_lib.common.rest_client] Request - Headers: {'Content-Type': 'application/json', 'Accept': 'application/json', 'X-Auth-Token': '&lt;omitted&gt;'}
        Body: None
    Response - Headers: {'status': '200', 'content-length': '1467', 'content-location': 'http://10.4.1.3:8774/v2.1/a147743128ee4550b619d299d5af8832/servers/ce6f11c2-faa3-4ae4-b7f6-03653b8b6c0e', 'x-compute-request-id': 'req-8e8d1db4-cf82-4fce-9bf8-bb056db1ca0c', 'vary': 'X-OpenStack-Nova-API-Version', 'connection': 'close', 'x-openstack-nova-api-version': '2.1', 'date': 'Wed, 27 Jan 2016 03:46:22 GMT', 'content-type': 'application/json'}
        Body: {"server": {"status": "BUILD", "updated": "2016-01-27T03:46:19Z", "hostId": "7a766dcf6ed0522843b5723d4f480ec9edcc6a50c96b0bb429fcb8d2", "addresses": {}, "links": [{"href": "http://10.4.1.3:8774/v2.1/a147743128ee4550b619d299d5af8832/servers/ce6f11c2-faa3-4ae4-b7f6-03653b8b6c0e", "rel": "self"}, {"href": "http://10.4.1.3:8774/a147743128ee4550b619d299d5af8832/servers/ce6f11c2-faa3-4ae4-b7f6-03653b8b6c0e", "rel": "bookmark"}], "key_name": "tempest-TestNetworkBasicOps-1175122114", "image": {"id": "ff9af8bf-0708-4a44-b735-bebd9982804f", "links": [{"href": "http://10.4.1.3:8774/a147743128ee4550b619d299d5af8832/images/ff9af8bf-0708-4a44-b735-bebd9982804f", "rel": "bookmark"}]}, "OS-EXT-STS:task_state": "spawning", "OS-EXT-STS:vm_state": "building", "OS-SRV-USG:launched_at": null, "flavor": {"id": "42", "links": [{"href": "http://10.4.1.3:8774/a147743128ee4550b619d299d5af8832/flavors/42", "rel": "bookmark"}]}, "id": "ce6f11c2-faa3-4ae4-b7f6-03653b8b6c0e", "security_groups": [{"name": "tempest-secgroup-smoke-1553481920"}], "OS-SRV-USG:terminated_at": null, "OS-EXT-AZ:availability_zone": "nova", "user_id": "1d06d22355d7416fa093b5b8a2c57a09", "name": "tempest-server-smoke-1418043712", "created": "2016-01-27T03:46:18Z", "tenant_id": "a147743128ee4550b619d299d5af8832", "OS-DCF:diskConfig": "MANUAL", "os-extended-volumes:volumes_attached": [], "accessIPv4": "", "accessIPv6": "", "progress": 0, "OS-EXT-STS:power_state": 0, "config_drive": "", "metadata": {}}}
2016-01-27 03:46:23,686 16674 INFO     [tempest_lib.common.rest_client] Request (TestNetworkBasicOps:test_connectivity_between_vms_on_different_networks): 200 GET http://10.4.1.3:8774/v2.1/a147743128ee4550b619d299d5af8832/servers/ce6f11c2-faa3-4ae4-b7f6-03653b8b6c0e 0.665s
2016-01-27 03:46:23,687 16674 DEBUG    [tempest_lib.common.rest_client] Request - Headers: {'Content-Type': 'application/json', 'Accept': 'application/json', 'X-Auth-Token': '&lt;omitted&gt;'}
        Body: None
    Response - Headers: {'status': '200', 'content-length': '1467', 'content-location': 'http://10.4.1.3:8774/v2.1/a147743128ee4550b619d299d5af8832/servers/ce6f11c2-faa3-4ae4-b7f6-03653b8b6c0e', 'x-compute-request-id': 'req-2cf8b79b-e8f1-46f2-8dd6-f32aae8bb89d', 'vary': 'X-OpenStack-Nova-API-Version', 'connection': 'close', 'x-openstack-nova-api-version': '2.1', 'date': 'Wed, 27 Jan 2016 03:46:23 GMT', 'content-type': 'application/json'}
        Body: {"server": {"status": "BUILD", "updated": "2016-01-27T03:46:19Z", "hostId": "7a766dcf6ed0522843b5723d4f480ec9edcc6a50c96b0bb429fcb8d2", "addresses": {}, "links": [{"href": "http://10.4.1.3:8774/v2.1/a147743128ee4550b619d299d5af8832/servers/ce6f11c2-faa3-4ae4-b7f6-03653b8b6c0e", "rel": "self"}, {"href": "http://10.4.1.3:8774/a147743128ee4550b619d299d5af8832/servers/ce6f11c2-faa3-4ae4-b7f6-03653b8b6c0e", "rel": "bookmark"}], "key_name": "tempest-TestNetworkBasicOps-1175122114", "image": {"id": "ff9af8bf-0708-4a44-b735-bebd9982804f", "links": [{"href": "http://10.4.1.3:8774/a147743128ee4550b619d299d5af8832/images/ff9af8bf-0708-4a44-b735-bebd9982804f", "rel": "bookmark"}]}, "OS-EXT-STS:task_state": "spawning", "OS-EXT-STS:vm_state": "building", "OS-SRV-USG:launched_at": null, "flavor": {"id": "42", "links": [{"href": "http://10.4.1.3:8774/a147743128ee4550b619d299d5af8832/flavors/42", "rel": "bookmark"}]}, "id": "ce6f11c2-faa3-4ae4-b7f6-03653b8b6c0e", "security_groups": [{"name": "tempest-secgroup-smoke-1553481920"}], "OS-SRV-USG:terminated_at": null, "OS-EXT-AZ:availability_zone": "nova", "user_id": "1d06d22355d7416fa093b5b8a2c57a09", "name": "tempest-server-smoke-1418043712", "created": "2016-01-27T03:46:18Z", "tenant_id": "a147743128ee4550b619d299d5af8832", "OS-DCF:diskConfig": "MANUAL", "os-extended-volumes:volumes_attached": [], "accessIPv4": "", "accessIPv6": "", "progress": 0, "OS-EXT-STS:power_state": 0, "config_drive": "", "metadata": {}}}
2016-01-27 03:46:25,273 16674 INFO     [tempest_lib.common.rest_client] Request (TestNetworkBasicOps:test_connectivity_between_vms_on_different_networks): 200 GET http://10.4.1.3:8774/v2.1/a147743128ee4550b619d299d5af8832/servers/ce6f11c2-faa3-4ae4-b7f6-03653b8b6c0e 0.576s
2016-01-27 03:46:25,275 16674 DEBUG    [tempest_lib.common.rest_client] Request - Headers: {'Content-Type': 'application/json', 'Accept': 'application/json', 'X-Auth-Token': '&lt;omitted&gt;'}
        Body: None
    Response - Headers: {'status': '200', 'content-length': '1639', 'content-location': 'http://10.4.1.3:8774/v2.1/a147743128ee4550b619d299d5af8832/servers/ce6f11c2-faa3-4ae4-b7f6-03653b8b6c0e', 'x-compute-request-id': 'req-f6b417c0-4de5-41ba-bd9b-d6996c962e93', 'vary': 'X-OpenStack-Nova-API-Version', 'connection': 'close', 'x-openstack-nova-api-version': '2.1', 'date': 'Wed, 27 Jan 2016 03:46:25 GMT', 'content-type': 'application/json'}
        Body: {"server": {"status": "ACTIVE", "updated": "2016-01-27T03:46:23Z", "hostId": "7a766dcf6ed0522843b5723d4f480ec9edcc6a50c96b0bb429fcb8d2", "addresses": {"tempest-network-smoke--1160062634": [{"OS-EXT-IPS-MAC:mac_addr": "fa:16:3e:99:1c:fe", "version": 4, "addr": "10.100.0.3", "OS-EXT-IPS:type": "fixed"}]}, "links": [{"href": "http://10.4.1.3:8774/v2.1/a147743128ee4550b619d299d5af8832/servers/ce6f11c2-faa3-4ae4-b7f6-03653b8b6c0e", "rel": "self"}, {"href": "http://10.4.1.3:8774/a147743128ee4550b619d299d5af8832/servers/ce6f11c2-faa3-4ae4-b7f6-03653b8b6c0e", "rel": "bookmark"}], "key_name": "tempest-TestNetworkBasicOps-1175122114", "image": {"id": "ff9af8bf-0708-4a44-b735-bebd9982804f", "links": [{"href": "http://10.4.1.3:8774/a147743128ee4550b619d299d5af8832/images/ff9af8bf-0708-4a44-b735-bebd9982804f", "rel": "bookmark"}]}, "OS-EXT-STS:task_state": null, "OS-EXT-STS:vm_state": "active", "OS-SRV-USG:launched_at": "2016-01-27T03:46:23.000000", "flavor": {"id": "42", "links": [{"href": "http://10.4.1.3:8774/a147743128ee4550b619d299d5af8832/flavors/42", "rel": "bookmark"}]}, "id": "ce6f11c2-faa3-4ae4-b7f6-03653b8b6c0e", "security_groups": [{"name": "tempest-secgroup-smoke-1553481920"}], "OS-SRV-USG:terminated_at": null, "OS-EXT-AZ:availability_zone": "nova", "user_id": "1d06d22355d7416fa093b5b8a2c57a09", "name": "tempest-server-smoke-1418043712", "created": "2016-01-27T03:46:18Z", "tenant_id": "a147743128ee4550b619d299d5af8832", "OS-DCF:diskConfig": "MANUAL", "os-extended-volumes:volumes_attached": [], "accessIPv4": "", "accessIPv6": "", "progress": 0, "OS-EXT-STS:power_state": 1, "config_drive": "True", "metadata": {}}}
2016-01-27 03:46:25,283 16674 INFO     [tempest.common.waiters] State transition "BUILD/spawning" ==&gt; "ACTIVE/None" after 7 second wait
2016-01-27 03:46:25,859 16674 INFO     [tempest_lib.common.rest_client] Request (TestNetworkBasicOps:test_connectivity_between_vms_on_different_networks): 200 GET http://10.4.1.3:8774/v2.1/a147743128ee4550b619d299d5af8832/servers/ce6f11c2-faa3-4ae4-b7f6-03653b8b6c0e 0.575s
2016-01-27 03:46:25,860 16674 DEBUG    [tempest_lib.common.rest_client] Request - Headers: {'Content-Type': 'application/json', 'Accept': 'application/json', 'X-Auth-Token': '&lt;omitted&gt;'}
        Body: None
    Response - Headers: {'status': '200', 'content-length': '1639', 'content-location': 'http://10.4.1.3:8774/v2.1/a147743128ee4550b619d299d5af8832/servers/ce6f11c2-faa3-4ae4-b7f6-03653b8b6c0e', 'x-compute-request-id': 'req-fee3ab59-a541-4836-b084-bb4297be96a8', 'vary': 'X-OpenStack-Nova-API-Version', 'connection': 'close', 'x-openstack-nova-api-version': '2.1', 'date': 'Wed, 27 Jan 2016 03:46:25 GMT', 'content-type': 'application/json'}
        Body: {"server": {"status": "ACTIVE", "updated": "2016-01-27T03:46:23Z", "hostId": "7a766dcf6ed0522843b5723d4f480ec9edcc6a50c96b0bb429fcb8d2", "addresses": {"tempest-network-smoke--1160062634": [{"OS-EXT-IPS-MAC:mac_addr": "fa:16:3e:99:1c:fe", "version": 4, "addr": "10.100.0.3", "OS-EXT-IPS:type": "fixed"}]}, "links": [{"href": "http://10.4.1.3:8774/v2.1/a147743128ee4550b619d299d5af8832/servers/ce6f11c2-faa3-4ae4-b7f6-03653b8b6c0e", "rel": "self"}, {"href": "http://10.4.1.3:8774/a147743128ee4550b619d299d5af8832/servers/ce6f11c2-faa3-4ae4-b7f6-03653b8b6c0e", "rel": "bookmark"}], "key_name": "tempest-TestNetworkBasicOps-1175122114", "image": {"id": "ff9af8bf-0708-4a44-b735-bebd9982804f", "links": [{"href": "http://10.4.1.3:8774/a147743128ee4550b619d299d5af8832/images/ff9af8bf-0708-4a44-b735-bebd9982804f", "rel": "bookmark"}]}, "OS-EXT-STS:task_state": null, "OS-EXT-STS:vm_state": "active", "OS-SRV-USG:launched_at": "2016-01-27T03:46:23.000000", "flavor": {"id": "42", "links": [{"href": "http://10.4.1.3:8774/a147743128ee4550b619d299d5af8832/flavors/42", "rel": "bookmark"}]}, "id": "ce6f11c2-faa3-4ae4-b7f6-03653b8b6c0e", "security_groups": [{"name": "tempest-secgroup-smoke-1553481920"}], "OS-SRV-USG:terminated_at": null, "OS-EXT-AZ:availability_zone": "nova", "user_id": "1d06d22355d7416fa093b5b8a2c57a09", "name": "tempest-server-smoke-1418043712", "created": "2016-01-27T03:46:18Z", "tenant_id": "a147743128ee4550b619d299d5af8832", "OS-DCF:diskConfig": "MANUAL", "os-extended-volumes:volumes_attached": [], "accessIPv4": "", "accessIPv6": "", "progress": 0, "OS-EXT-STS:power_state": 1, "config_drive": "True", "metadata": {}}}
2016-01-27 03:46:25,870 16674 INFO     [tempest.scenario.manager] Tenant networks not configured to be reachable.
2016-01-27 03:46:26,038 16674 INFO     [tempest_lib.common.rest_client] Request (TestNetworkBasicOps:test_connectivity_between_vms_on_different_networks): 200 GET http://10.4.1.3:9696/v2.0/ports?status=ACTIVE&amp;fixed_ip=None&amp;device_id=ce6f11c2-faa3-4ae4-b7f6-03653b8b6c0e 0.167s
2016-01-27 03:46:26,038 16674 DEBUG    [tempest_lib.common.rest_client] Request - Headers: {'Content-Type': 'application/json', 'Accept': 'application/json', 'X-Auth-Token': '&lt;omitted&gt;'}
        Body: None
    Response - Headers: {'status': '200', 'content-length': '895', 'content-location': 'http://10.4.1.3:9696/v2.0/ports?status=ACTIVE&amp;fixed_ip=None&amp;device_id=ce6f11c2-faa3-4ae4-b7f6-03653b8b6c0e', 'connection': 'close', 'date': 'Wed, 27 Jan 2016 03:46:26 GMT', 'content-type': 'application/json; charset=UTF-8', 'x-openstack-request-id': 'req-f6bee5c4-7541-4deb-8896-21d995eebd99'}
        Body: {"ports": [{"status": "ACTIVE", "binding:host_id": "vagrant-ubuntu-trusty-64", "allowed_address_pairs": [], "extra_dhcp_opts": [], "dns_assignment": [{"hostname": "host-10-100-0-3", "ip_address": "10.100.0.3", "fqdn": "host-10-100-0-3.openstacklocal."}], "device_owner": "compute:None", "port_security_enabled": true, "binding:profile": {}, "fixed_ips": [{"subnet_id": "81f8906c-9544-41b0-8f0e-2dc53b42e17d", "ip_address": "10.100.0.3"}], "id": "0d53eb25-af93-48c9-a4d6-3a0c678f4c8b", "security_groups": ["55ade884-f146-4ce7-ac57-26857beb78c5"], "device_id": "ce6f11c2-faa3-4ae4-b7f6-03653b8b6c0e", "name": "", "admin_state_up": true, "network_id": "c98fa721-6d9f-4e32-a409-a71aeb0b59c6", "dns_name": "", "binding:vif_details": {"port_filter": true}, "binding:vnic_type": "normal", "binding:vif_type": "ovs", "tenant_id": "a147743128ee4550b619d299d5af8832", "mac_address": "fa:16:3e:99:1c:fe"}]}
2016-01-27 03:46:26,679 16674 INFO     [tempest_lib.common.rest_client] Request (TestNetworkBasicOps:test_connectivity_between_vms_on_different_networks): 201 POST http://10.4.1.3:9696/v2.0/floatingips 0.640s
2016-01-27 03:46:26,680 16674 DEBUG    [tempest_lib.common.rest_client] Request - Headers: {'Content-Type': 'application/json', 'Accept': 'application/json', 'X-Auth-Token': '&lt;omitted&gt;'}
        Body: {"floatingip": {"floating_network_id": "ece6daae-815a-43c1-b749-27c366e23f90", "tenant_id": "a147743128ee4550b619d299d5af8832", "fixed_ip_address": "10.100.0.3", "port_id": "0d53eb25-af93-48c9-a4d6-3a0c678f4c8b"}}
    Response - Headers: {'status': '201', 'content-length': '369', 'connection': 'close', 'date': 'Wed, 27 Jan 2016 03:46:26 GMT', 'content-type': 'application/json; charset=UTF-8', 'x-openstack-request-id': 'req-11e29330-7e2c-4207-b49b-5d085a642099'}
        Body: {"floatingip": {"floating_network_id": "ece6daae-815a-43c1-b749-27c366e23f90", "router_id": "3c80bb33-75b0-47be-b243-55a24356e3fd", "fixed_ip_address": "10.100.0.3", "floating_ip_address": "172.24.4.4", "tenant_id": "a147743128ee4550b619d299d5af8832", "status": "ACTIVE", "port_id": "0d53eb25-af93-48c9-a4d6-3a0c678f4c8b", "id": "2225b7cd-dde3-4744-9dc0-c5e694813174"}}
2016-01-27 03:46:26,850 16674 INFO     [tempest_lib.common.rest_client] Request (TestNetworkBasicOps:test_connectivity_between_vms_on_different_networks): 200 GET http://10.4.1.3:9696/v2.0/floatingips/2225b7cd-dde3-4744-9dc0-c5e694813174 0.169s
2016-01-27 03:46:26,851 16674 DEBUG    [tempest_lib.common.rest_client] Request - Headers: {'Content-Type': 'application/json', 'Accept': 'application/json', 'X-Auth-Token': '&lt;omitted&gt;'}
        Body: None
    Response - Headers: {'status': '200', 'content-length': '369', 'content-location': 'http://10.4.1.3:9696/v2.0/floatingips/2225b7cd-dde3-4744-9dc0-c5e694813174', 'connection': 'close', 'date': 'Wed, 27 Jan 2016 03:46:26 GMT', 'content-type': 'application/json; charset=UTF-8', 'x-openstack-request-id': 'req-76817840-e952-4200-af28-9bcdfceddf77'}
        Body: {"floatingip": {"floating_network_id": "ece6daae-815a-43c1-b749-27c366e23f90", "router_id": "3c80bb33-75b0-47be-b243-55a24356e3fd", "fixed_ip_address": "10.100.0.3", "floating_ip_address": "172.24.4.4", "tenant_id": "a147743128ee4550b619d299d5af8832", "status": "ACTIVE", "port_id": "0d53eb25-af93-48c9-a4d6-3a0c678f4c8b", "id": "2225b7cd-dde3-4744-9dc0-c5e694813174"}}
2016-01-27 03:46:26,851 16674 INFO     [tempest.scenario.manager] FloatingIP: &lt;"FloatingIP" addr="172.24.4.4" id="2225b7cd-dde3-4744-9dc0-c5e694813174"&gt; is at status: ACTIVE
2016-01-27 03:46:26,852 16674 DEBUG    [tempest.scenario.manager] checking network connections to IP 172.24.4.4 with user: cirros
2016-01-27 03:46:26,852 16674 DEBUG    [tempest.scenario.manager] TestNetworkBasicOps:test_connectivity_between_vms_on_different_networks begins to ping 172.24.4.4 in 120 sec and the expected result is reachable
2016-01-27 03:48:28,459 16674 DEBUG    [tempest.scenario.manager] TestNetworkBasicOps:test_connectivity_between_vms_on_different_networks finishes ping 172.24.4.4 in 120 sec and the ping result is unexpected
2016-01-27 03:48:28,460 16674 ERROR    [tempest.scenario.manager] Public network connectivity check failed
2016-01-27 03:48:28.460 16674 ERROR tempest.scenario.manager Traceback (most recent call last):
2016-01-27 03:48:28.460 16674 ERROR tempest.scenario.manager   File "tempest/scenario/manager.py", line 610, in check_public_network_connectivity
2016-01-27 03:48:28.460 16674 ERROR tempest.scenario.manager     should_connect=should_connect)
2016-01-27 03:48:28.460 16674 ERROR tempest.scenario.manager   File "tempest/scenario/manager.py", line 594, in check_vm_connectivity
2016-01-27 03:48:28.460 16674 ERROR tempest.scenario.manager     msg=msg)
2016-01-27 03:48:28.460 16674 ERROR tempest.scenario.manager   File "/usr/local/lib/python2.7/dist-packages/unittest2/case.py", line 702, in assertTrue
2016-01-27 03:48:28.460 16674 ERROR tempest.scenario.manager     raise self.failureException(msg)
2016-01-27 03:48:28.460 16674 ERROR tempest.scenario.manager AssertionError: False is not true : Timed out waiting for 172.24.4.4 to become reachable
2016-01-27 03:48:28.460 16674 ERROR tempest.scenario.manager 
2016-01-27 03:48:28,852 16674 INFO     [tempest_lib.common.rest_client] Request (TestNetworkBasicOps:test_connectivity_between_vms_on_different_networks): 200 POST http://10.4.1.3:8774/v2.1/a147743128ee4550b619d299d5af8832/servers/ce6f11c2-faa3-4ae4-b7f6-03653b8b6c0e/action 0.388s
2016-01-27 03:48:28,853 16674 DEBUG    [tempest_lib.common.rest_client] Request - Headers: {'Content-Type': 'application/json', 'Accept': 'application/json', 'X-Auth-Token': '&lt;omitted&gt;'}
        Body: {"os-getConsoleOutput": {}}
    Response - Headers: {'status': '200', 'content-length': '17428', 'x-compute-request-id': 'req-a09520cc-71a8-4085-92e3-63b7d2b5153b', 'vary': 'X-OpenStack-Nova-API-Version', 'connection': 'close', 'x-openstack-nova-api-version': '2.1', 'date': 'Wed, 27 Jan 2016 03:48:28 GMT', 'content-type': 'application/json'}
        Body: {"output": "[    0.000000] Initializing cgroup subsys cpuset\n[    0.000000] Initializing cgroup subsys cpu\n[    0.000000] Linux version 3.2.0-80-virtual (buildd@batsu) (gcc version 4.6.3 (Ubuntu/Linaro 4.6.3-1ubuntu5) ) #116-Ubuntu SMP Mon Mar 23 17:28:52 UTC 2015 (Ubuntu 3.2.0-80.116-virtual 3.2.68)\n[    0.000000] Command line: root=/dev/vda console=tty0 console=ttyS0 no_timer_check\n[    0.000000] KERNEL supported cpus:\n[    0.000000]   Intel GenuineIntel\n[    0.000000]   AMD AuthenticAMD\n[    0.000000]   Centaur CentaurHauls\n[    0.000000] BIOS-provided physical RAM map:\n[    0.000000]  BIOS-e820: 0000000000000000 - 000000000009fc00 (usable)\n[    0.000000]  BIOS-e820: 000000000009fc00 - 00000000000a0000 (reserved)\n[    0.000000]  BIOS-e820: 00000000000f0000 - 0000000000100000 (reserved)\n[    0.000000]  BIOS-e820: 0000000000100000 - 0000000003ffe000 (usable)\n[    0.000000]  BIOS-e820: 0000000003ffe000 - 0000000004000000 (reserved)\n[    0.000000]  BIOS-e820: 00000000fffc0000 - 0000000100000000 (reserved)\n[    0.000000] NX (Execute Disable) protection: active\n[    0.000000] SMBIOS 2.4 present.\n[    0.000000] No AGP bridge found\n[    0.000000] last_pfn = 0x3ffe max_arch_pfn = 0x400000000\n[    0.000000] x86 PAT enabled: cpu 0, old 0x7040600070406, new 0x7010600070106\n[    0.000000] found SMP MP-table at [ffff8800000f0b00] f0b00\n[    0.000000] init_memory_mapping: 0000000000000000-0000000003ffe000\n[    0.000000] RAMDISK: 03c5e000 - 03ff0000\n[    0.000000] ACPI: RSDP 00000000000f0950 00014 (v00 BOCHS )\n[    0.000000] ACPI: RSDT 0000000003fffbc1 00034 (v01 BOCHS  BXPCRSDT 00000001 BXPC 00000001)\n[    0.000000] ACPI: FACP 0000000003fff1c0 00074 (v01 BOCHS  BXPCFACP 00000001 BXPC 00000001)\n[    0.000000] ACPI: DSDT 0000000003ffe040 01180 (v01 BOCHS  BXPCDSDT 00000001 BXPC 00000001)\n[    0.000000] ACPI: FACS 0000000003ffe000 00040\n[    0.000000] ACPI: SSDT 0000000003fff234 008DD (v01 BOCHS  BXPCSSDT 00000001 BXPC 00000001)\n[    0.000000] ACPI: APIC 0000000003fffb11 00078 (v01 BOCHS  BXPCAPIC 00000001 BXPC 00000001)\n[    0.000000] ACPI: HPET 0000000003fffb89 00038 (v01 BOCHS  BXPCHPET 00000001 BXPC 00000001)\n[    0.000000] No NUMA configuration found\n[    0.000000] Faking a node at 0000000000000000-0000000003ffe000\n[    0.000000] Initmem setup node 0 0000000000000000-0000000003ffe000\n[    0.000000]   NODE_DATA [0000000003ff6000 - 0000000003ffafff]\n[    0.000000] Zone PFN ranges:\n[    0.000000]   DMA      0x00000010 -&gt; 0x00001000\n[    0.000000]   DMA32    0x00001000 -&gt; 0x00100000\n[    0.000000]   Normal   empty\n[    0.000000] Movable zone start PFN for each node\n[    0.000000] early_node_map[2] active PFN ranges\n[    0.000000]     0: 0x00000010 -&gt; 0x0000009f\n[    0.000000]     0: 0x00000100 -&gt; 0x00003ffe\n[    0.000000] ACPI: PM-Timer IO Port: 0xb008\n[    0.000000] ACPI: LAPIC (acpi_id[0x00] lapic_id[0x00] enabled)\n[    0.000000] ACPI: LAPIC_NMI (acpi_id[0xff] dfl dfl lint[0x1])\n[    0.000000] ACPI: IOAPIC (id[0x00] address[0xfec00000] gsi_base[0])\n[    0.000000] IOAPIC[0]: apic_id 0, version 17, address 0xfec00000, GSI 0-23\n[    0.000000] ACPI: INT_SRC_OVR (bus 0 bus_irq 0 global_irq 2 dfl dfl)\n[    0.000000] ACPI: INT_SRC_OVR (bus 0 bus_irq 5 global_irq 5 high level)\n[    0.000000] ACPI: INT_SRC_OVR (bus 0 bus_irq 9 global_irq 9 high level)\n[    0.000000] ACPI: INT_SRC_OVR (bus 0 bus_irq 10 global_irq 10 high level)\n[    0.000000] ACPI: INT_SRC_OVR (bus 0 bus_irq 11 global_irq 11 high level)\n[    0.000000] Using ACPI (MADT) for SMP configuration information\n[    0.000000] ACPI: HPET id: 0x8086a201 base: 0xfed00000\n[    0.000000] SMP: Allowing 1 CPUs, 0 hotplug CPUs\n[    0.000000] PM: Registered nosave memory: 000000000009f000 - 00000000000a0000\n[    0.000000] PM: Registered nosave memory: 00000000000a0000 - 00000000000f0000\n[    0.000000] PM: Registered nosave memory: 00000000000f0000 - 0000000000100000\n[    0.000000] Allocating PCI resources starting at 4000000 (gap: 4000000:fbfc0000)\n[    0.000000] Booting paravirtualized kernel on bare hardware\n[    0.000000] setup_pe
2016-01-27 03:48:28,858 16674 DEBUG    [tempest.scenario.manager] Console output for ce6f11c2-faa3-4ae4-b7f6-03653b8b6c0e
body=
[    0.000000] Initializing cgroup subsys cpuset
[    0.000000] Initializing cgroup subsys cpu
[    0.000000] Linux version 3.2.0-80-virtual (buildd@batsu) (gcc version 4.6.3 (Ubuntu/Linaro 4.6.3-1ubuntu5) ) #116-Ubuntu SMP Mon Mar 23 17:28:52 UTC 2015 (Ubuntu 3.2.0-80.116-virtual 3.2.68)
[    0.000000] Command line: root=/dev/vda console=tty0 console=ttyS0 no_timer_check
[    0.000000] KERNEL supported cpus:
[    0.000000]   Intel GenuineIntel
[    0.000000]   AMD AuthenticAMD
[    0.000000]   Centaur CentaurHauls
[    0.000000] BIOS-provided physical RAM map:
[    0.000000]  BIOS-e820: 0000000000000000 - 000000000009fc00 (usable)
[    0.000000]  BIOS-e820: 000000000009fc00 - 00000000000a0000 (reserved)
[    0.000000]  BIOS-e820: 00000000000f0000 - 0000000000100000 (reserved)
[    0.000000]  BIOS-e820: 0000000000100000 - 0000000003ffe000 (usable)
[    0.000000]  BIOS-e820: 0000000003ffe000 - 0000000004000000 (reserved)
[    0.000000]  BIOS-e820: 00000000fffc0000 - 0000000100000000 (reserved)
[    0.000000] NX (Execute Disable) protection: active
[    0.000000] SMBIOS 2.4 present.
[    0.000000] No AGP bridge found
[    0.000000] last_pfn = 0x3ffe max_arch_pfn = 0x400000000
[    0.000000] x86 PAT enabled: cpu 0, old 0x7040600070406, new 0x7010600070106
[    0.000000] found SMP MP-table at [ffff8800000f0b00] f0b00
[    0.000000] init_memory_mapping: 0000000000000000-0000000003ffe000
[    0.000000] RAMDISK: 03c5e000 - 03ff0000
[    0.000000] ACPI: RSDP 00000000000f0950 00014 (v00 BOCHS )
[    0.000000] ACPI: RSDT 0000000003fffbc1 00034 (v01 BOCHS  BXPCRSDT 00000001 BXPC 00000001)
[    0.000000] ACPI: FACP 0000000003fff1c0 00074 (v01 BOCHS  BXPCFACP 00000001 BXPC 00000001)
[    0.000000] ACPI: DSDT 0000000003ffe040 01180 (v01 BOCHS  BXPCDSDT 00000001 BXPC 00000001)
[    0.000000] ACPI: FACS 0000000003ffe000 00040
[    0.000000] ACPI: SSDT 0000000003fff234 008DD (v01 BOCHS  BXPCSSDT 00000001 BXPC 00000001)
[    0.000000] ACPI: APIC 0000000003fffb11 00078 (v01 BOCHS  BXPCAPIC 00000001 BXPC 00000001)
[    0.000000] ACPI: HPET 0000000003fffb89 00038 (v01 BOCHS  BXPCHPET 00000001 BXPC 00000001)
[    0.000000] No NUMA configuration found
[    0.000000] Faking a node at 0000000000000000-0000000003ffe000
[    0.000000] Initmem setup node 0 0000000000000000-0000000003ffe000
[    0.000000]   NODE_DATA [0000000003ff6000 - 0000000003ffafff]
[    0.000000] Zone PFN ranges:
[    0.000000]   DMA      0x00000010 -&gt; 0x00001000
[    0.000000]   DMA32    0x00001000 -&gt; 0x00100000
[    0.000000]   Normal   empty
[    0.000000] Movable zone start PFN for each node
[    0.000000] early_node_map[2] active PFN ranges
[    0.000000]     0: 0x00000010 -&gt; 0x0000009f
[    0.000000]     0: 0x00000100 -&gt; 0x00003ffe
[    0.000000] ACPI: PM-Timer IO Port: 0xb008
[    0.000000] ACPI: LAPIC (acpi_id[0x00] lapic_id[0x00] enabled)
[    0.000000] ACPI: LAPIC_NMI (acpi_id[0xff] dfl dfl lint[0x1])
[    0.000000] ACPI: IOAPIC (id[0x00] address[0xfec00000] gsi_base[0])
[    0.000000] IOAPIC[0]: apic_id 0, version 17, address 0xfec00000, GSI 0-23
[    0.000000] ACPI: INT_SRC_OVR (bus 0 bus_irq 0 global_irq 2 dfl dfl)
[    0.000000] ACPI: INT_SRC_OVR (bus 0 bus_irq 5 global_irq 5 high level)
[    0.000000] ACPI: INT_SRC_OVR (bus 0 bus_irq 9 global_irq 9 high level)
[    0.000000] ACPI: INT_SRC_OVR (bus 0 bus_irq 10 global_irq 10 high level)
[    0.000000] ACPI: INT_SRC_OVR (bus 0 bus_irq 11 global_irq 11 high level)
[    0.000000] Using ACPI (MADT) for SMP configuration information
[    0.000000] ACPI: HPET id: 0x8086a201 base: 0xfed00000
[    0.000000] SMP: Allowing 1 CPUs, 0 hotplug CPUs
[    0.000000] PM: Registered nosave memory: 000000000009f000 - 00000000000a0000
[    0.000000] PM: Registered nosave memory: 00000000000a0000 - 00000000000f0000
[    0.000000] PM: Registered nosave memory: 00000000000f0000 - 0000000000100000
[    0.000000] Allocating PCI resources starting at 4000000 (gap: 4000000:fbfc0000)
[    0.000000] Booting paravirtualized kernel on bare hardware
[    0.000000] setup_percpu: NR_CPUS:64 nr_cpumask_bits:64 nr_cpu_ids:1 nr_node_ids:1
[    0.000000] PERCPU: Embedded 27 pages/cpu @ffff880003a00000 s78848 r8192 d23552 u2097152
[    0.000000] Built 1 zonelists in Node order, mobility grouping on.  Total pages: 16008
[    0.000000] Policy zone: DMA32
[    0.000000] Kernel command line: root=/dev/vda console=tty0 console=ttyS0 no_timer_check
[    0.000000] PID hash table entries: 256 (order: -1, 2048 bytes)
[    0.000000] Checking aperture...
[    0.000000] No AGP bridge found
[    0.000000] Memory: 43492k/65528k available (6576k kernel code, 452k absent, 21584k reserved, 6620k data, 928k init)
[    0.000000] SLUB: Genslabs=15, HWalign=64, Order=0-3, MinObjects=0, CPUs=1, Nodes=1
[    0.000000] Hierarchical RCU implementation.
[    0.000000] 	RCU dyntick-idle grace-period acceleration is enabled.
[    0.000000] NR_IRQS:4352 nr_irqs:256 16
[    0.000000] Console: colour VGA+ 80x25
[    0.000000] console [tty0] enabled
[    0.000000] console [ttyS0] enabled
[    0.000000] allocated 1048576 bytes of page_cgroup
[    0.000000] please try 'cgroup_disable=memory' option if you don't want memory cgroups
[    0.000000] Fast TSC calibration failed
[    0.000000] TSC: Unable to calibrate against PIT
[    0.000000] TSC: using HPET reference calibration
[    0.000000] Detected 2293.177 MHz processor.
[    0.032876] Calibrating delay loop (skipped), value calculated using timer frequency.. 4586.35 BogoMIPS (lpj=9172708)
[    0.036816] pid_max: default: 32768 minimum: 301
[    0.045816] Security Framework initialized
[    0.052392] AppArmor: AppArmor initialized
[    0.053227] Yama: becoming mindful.
[    0.064648] Dentry cache hash table entries: 8192 (order: 4, 65536 bytes)
[    0.068396] Inode-cache hash table entries: 4096 (order: 3, 32768 bytes)
[    0.069984] Mount-cache hash table entries: 256
[    0.086034] Initializing cgroup subsys cpuacct
[    0.087038] Initializing cgroup subsys memory
[    0.088823] Initializing cgroup subsys devices
[    0.089665] Initializing cgroup subsys freezer
[    0.090299] Initializing cgroup subsys blkio
[    0.091013] Initializing cgroup subsys perf_event
[    0.096221] mce: CPU supports 10 MCE banks
[    0.099259] SMP alternatives: switching to UP code
[    0.508695] Freeing SMP alternatives: 24k freed
[    0.511216] ACPI: Core revision 20110623
[    0.568500] ftrace: allocating 26610 entries in 105 pages
[    0.600036] ..TIMER: vector=0x30 apic1=0 pin1=2 apic2=-1 pin2=-1
[    0.600132] CPU0: AMD QEMU Virtual CPU version 2.0.0 stepping 03
[    0.604037] Performance Events: Broken PMU hardware detected, using software events only.
[    0.613084] NMI watchdog disabled (cpu0): hardware events not enabled
[    0.616233] Brought up 1 CPUs
[    0.616961] Total of 1 processors activated (4586.35 BogoMIPS).
[    0.642604] devtmpfs: initialized
[    0.678879] EVM: security.selinux
[    0.680168] EVM: security.SMACK64
[    0.680846] EVM: security.capability
[    0.705969] print_constraints: dummy: 
[    0.709845] RTC time:  3:46:26, date: 01/27/16
[    0.713140] NET: Registered protocol family 16
[    0.721379] ACPI: bus type pci registered
[    0.727114] PCI: Using configuration type 1 for base access
[    0.761846] bio: create slab &lt;bio-0&gt; at 0
[    0.766530] ACPI: Added _OSI(Module Device)
[    0.767183] ACPI: Added _OSI(Processor Device)
[    0.768112] ACPI: Added _OSI(3.0 _SCP Extensions)
[    0.768809] ACPI: Added _OSI(Processor Aggregator Device)
[    0.840332] ACPI: Interpreter enabled
[    0.841041] ACPI: (supports S0 S3 S4 S5)
[    0.842951] ACPI: Using IOAPIC for interrupt routing
[    0.912406] ACPI: No dock devices found.
[    0.913151] HEST: Table not found.
[    0.913767] PCI: Using host bridge windows from ACPI; if necessary, use "pci=nocrs" and report a bug
[    0.919877] ACPI: PCI Root Bridge [PCI0] (domain 0000 [bus 00-ff])
[    0.926017] pci_root PNP0A03:00: host bridge window [io  0x0000-0x0cf7]
[    0.927193] pci_root PNP0A03:00: host bridge window [io  0x0d00-0xadff]
[    0.928130] pci_root PNP0A03:00: host bridge window [io  0xae0f-0xaeff]
[    0.929268] pci_root PNP0A03:00: host bridge window [io  0xaf20-0xafdf]
[    0.932136] pci_root PNP0A03:00: host bridge window [io  0xafe4-0xffff]
[    0.933369] pci_root PNP0A03:00: host bridge window [mem 0x000a0000-0x000bffff]
[    0.934678] pci_root PNP0A03:00: host bridge window [mem 0x04000000-0xfebfffff]
[    0.958764] pci 0000:00:01.3: quirk: [io  0xb000-0xb03f] claimed by PIIX4 ACPI
[    0.960178] pci 0000:00:01.3: quirk: [io  0xb100-0xb10f] claimed by PIIX4 SMB
[    1.028592]  pci0000:00: Unable to request _OSC control (_OSC support mask: 0x1e)
[    1.083319] ACPI: PCI Interrupt Link [LNKA] (IRQs 5 *10 11)
[    1.085377] ACPI: PCI Interrupt Link [LNKB] (IRQs 5 *10 11)
[    1.089156] ACPI: PCI Interrupt Link [LNKC] (IRQs 5 10 *11)
[    1.090918] ACPI: PCI Interrupt Link [LNKD] (IRQs 5 10 *11)
[    1.093009] ACPI: PCI Interrupt Link [LNKS] (IRQs *9)
[    1.099147] vgaarb: device added: PCI:0000:00:02.0,decodes=io+mem,owns=io+mem,locks=none
[    1.100189] vgaarb: loaded
[    1.100663] vgaarb: bridge control possible 0000:00:02.0
[    1.104504] i2c-core: driver [aat2870] using legacy suspend method
[    1.105265] i2c-core: driver [aat2870] using legacy resume method
[    1.108335] SCSI subsystem initialized
[    1.111164] usbcore: registered new interface driver usbfs
[    1.112592] usbcore: registered new interface driver hub
[    1.113827] usbcore: registered new device driver usb
[    1.117355] PCI: Using ACPI for IRQ routing
[    1.128545] NetLabel: Initializing
[    1.128959] NetLabel:  domain hash size = 128
[    1.129590] NetLabel:  protocols = UNLABELED CIPSOv4
[    1.131555] NetLabel:  unlabeled traffic allowed by default
[    1.133429] HPET: 3 timers in total, 0 timers will be used for per-cpu timer
[    1.134508] hpet0: at MMIO 0xfed00000, IRQs 2, 8, 0
[    1.136416] hpet0: 3 comparators, 64-bit 100.000000 MHz counter
[    1.149968] Switching to clocksource hpet
[    1.371238] AppArmor: AppArmor Filesystem Enabled
[    1.373499] pnp: PnP ACPI init
[    1.373923] ACPI: bus type pnp registered
[    1.394556] pnp: PnP ACPI: found 9 devices
[    1.395102] ACPI: ACPI bus type pnp unregistered
[    1.458390] NET: Registered protocol family 2
[    1.493957] IP route cache hash table entries: 512 (order: 0, 4096 bytes)
[    1.505860] TCP established hash table entries: 2048 (order: 3, 32768 bytes)
[    1.507229] TCP bind hash table entries: 2048 (order: 3, 32768 bytes)
[    1.508082] TCP: Hash tables configured (established 2048 bind 2048)
[    1.509668] TCP reno registered
[    1.510195] UDP hash table entries: 128 (order: 0, 4096 bytes)
[    1.511162] UDP-Lite hash table entries: 128 (order: 0, 4096 bytes)
[    1.513560] NET: Registered protocol family 1
[    1.515155] pci 0000:00:00.0: Limiting direct PCI/PCI transfers
[    1.516062] pci 0000:00:01.0: PIIX3: Enabling Passive Release
[    1.518260] pci 0000:00:01.0: Activating ISA DMA hang workarounds
[    1.522904] ACPI: PCI Interrupt Link [LNKD] enabled at IRQ 11
[    1.526362] pci 0000:00:01.2: PCI INT D -&gt; Link[LNKD] -&gt; GSI 11 (level, high) -&gt; IRQ 11
[    1.529230] pci 0000:00:01.2: PCI INT D disabled
[    1.548021] Trying to unpack rootfs image as initramfs...
[    1.563964] audit: initializing netlink socket (disabled)
[    1.566545] type=2000 audit(1453866386.564:1): initialized
[    1.850642] HugeTLB registered 2 MB page size, pre-allocated 0 pages
[    1.918480] VFS: Disk quotas dquot_6.5.2
[    1.919850] Dquot-cache hash table entries: 512 (order 0, 4096 bytes)
[    1.934796] fuse init (API version 7.17)
[    1.937479] msgmni has been set to 84
[    1.970458] Block layer SCSI generic (bsg) driver version 0.4 loaded (major 253)
[    1.971967] io scheduler noop registered
[    1.973462] io scheduler deadline registered (default)
[    1.974553] io scheduler cfq registered
[    1.977674] pci_hotplug: PCI Hot Plug PCI Core version: 0.5
[    1.979437] pciehp: PCI Express Hot Plug Controller Driver version: 0.4
[    1.985755] input: Power Button as /devices/LNXSYSTM:00/LNXPWRBN:00/input/input0
[    1.987250] ACPI: Power Button [PWRF]
[    2.046058] ERST: Table is not found!
[    2.046655] GHES: HEST is not enabled!
[    2.055212] ACPI: PCI Interrupt Link [LNKC] enabled at IRQ 10
[    2.057029] virtio-pci 0000:00:03.0: PCI INT A -&gt; Link[LNKC] -&gt; GSI 10 (level, high) -&gt; IRQ 10
[    2.059931] virtio-pci 0000:00:04.0: PCI INT A -&gt; Link[LNKD] -&gt; GSI 11 (level, high) -&gt; IRQ 11
[    2.075007] ACPI: PCI Interrupt Link [LNKA] enabled at IRQ 10
[    2.075754] virtio-pci 0000:00:05.0: PCI INT A -&gt; Link[LNKA] -&gt; GSI 10 (level, high) -&gt; IRQ 10
[    2.085831] Serial: 8250/16550 driver, 32 ports, IRQ sharing enabled
[    2.126118] serial8250: ttyS0 at I/O 0x3f8 (irq = 4) is a 16550A
[    2.206517] serial8250: ttyS1 at I/O 0x2f8 (irq = 3) is a 16550A
[    2.335070] 00:05: ttyS0 at I/O 0x3f8 (irq = 4) is a 16550A
[    2.409096] 00:06: ttyS1 at I/O 0x2f8 (irq = 3) is a 16550A
[    2.462644] Linux agpgart interface v0.103
[    2.525598] brd: module loaded
[    2.533510] Refined TSC clocksource calibration: 2293.254 MHz.
[    2.534401] Switching to clocksource tsc
[    2.564082] loop: module loaded
[    2.624030]  vda: unknown partition table
[    2.689888] scsi0 : ata_piix
[    2.698070] scsi1 : ata_piix
[    2.701249] ata1: PATA max MWDMA2 cmd 0x1f0 ctl 0x3f6 bmdma 0xc0a0 irq 14
[    2.702630] ata2: PATA max MWDMA2 cmd 0x170 ctl 0x376 bmdma 0xc0a8 irq 15
[    2.712517] Fixed MDIO Bus: probed
[    2.713688] tun: Universal TUN/TAP device driver, 1.6
[    2.714308] tun: (C) 1999-2004 Max Krasnyansky &lt;maxk@qualcomm.com&gt;
[    2.726848] PPP generic driver version 2.4.2
[    2.752215] ehci_hcd: USB 2.0 'Enhanced' Host Controller (EHCI) Driver
[    2.754420] ohci_hcd: USB 1.1 'Open' Host Controller (OHCI) Driver
[    2.755338] uhci_hcd: USB Universal Host Controller Interface driver
[    2.757332] uhci_hcd 0000:00:01.2: PCI INT D -&gt; Link[LNKD] -&gt; GSI 11 (level, high) -&gt; IRQ 11
[    2.760144] uhci_hcd 0000:00:01.2: UHCI Host Controller
[    2.769631] uhci_hcd 0000:00:01.2: new USB bus registered, assigned bus number 1
[    2.773174] uhci_hcd 0000:00:01.2: irq 11, io base 0x0000c040
[    2.804828] hub 1-0:1.0: USB hub found
[    2.806083] hub 1-0:1.0: 2 ports detected
[    2.813385] usbcore: registered new interface driver libusual
[    2.816763] i8042: PNP: PS/2 Controller [PNP0303:KBD,PNP0f13:MOU] at 0x60,0x64 irq 1,12
[    2.824684] serio: i8042 KBD port at 0x60,0x64 irq 1
[    2.827096] serio: i8042 AUX port at 0x60,0x64 irq 12
[    2.852637] mousedev: PS/2 mouse device common for all mice
[    2.877479] input: AT Translated Set 2 keyboard as /devices/platform/i8042/serio0/input/input1
[    2.883668] rtc_cmos 00:01: RTC can wake from S4
[    2.903941] rtc_cmos 00:01: rtc core: registered rtc_cmos as rtc0
[    2.909405] rtc0: alarms up to one day, 114 bytes nvram, hpet irqs
[    2.914519] device-mapper: uevent: version 1.0.3
[    2.941978] ata2.01: ATAPI: QEMU DVD-ROM, 2.0.0, max UDMA/100
[    2.951270] ata2.01: configured for MWDMA2
[    2.957896] device-mapper: ioctl: 4.22.0-ioctl (2011-10-19) initialised: dm-devel@redhat.com
[    2.961964] cpuidle: using governor ladder
[    2.962814] cpuidle: using governor menu
[    2.963669] EFI Variables Facility v0.08 2004-May-17
[    2.983250] TCP cubic registered
[    2.986822] NET: Registered protocol family 10
[    3.019853] NET: Registered protocol family 17
[    3.022598] Registering the dns_resolver key type
[    3.060023] scsi 1:0:1:0: CD-ROM            QEMU     QEMU DVD-ROM     2.0. PQ: 0 ANSI: 5
[    3.093636] sr0: scsi3-mmc drive: 4x/4x cd/rw xa/form2 tray
[    3.095940] cdrom: Uniform CD-ROM driver Revision: 3.20
[    3.111839] sr 1:0:1:0: Attached scsi generic sg0 type 5
[    3.172014] Freeing initrd memory: 3656k freed
[    3.188025] registered taskstats version 1
[    3.738935]   Magic number: 0:549:766
[    3.750442] rtc_cmos 00:01: setting system clock to 2016-01-27 03:46:29 UTC (1453866389)
[    3.752362] powernow-k8: Processor cpuid 663 not supported
[    3.760941] BIOS EDD facility v0.16 2004-Jun-25, 0 devices found
[    3.762208] EDD information not available.
[    3.819209] Freeing unused kernel memory: 928k freed
[    3.826101] Write protecting the kernel read-only data: 12288k
[    3.938446] Freeing unused kernel memory: 1596k freed
[    4.013989] Freeing unused kernel memory: 1184k freed

info: initramfs: up at 4.18
modprobe: module virtio_blk not found in modules.dep
modprobe: module virtio_net not found in modules.dep
info: copying initramfs to /dev/vda
info: initramfs loading root from /dev/vda
info: /etc/init.d/rc.sysinit: up at 8.71
info: container: none
Starting logging: OK
modprobe: module virtio_blk not found in modules.dep
modprobe: module virtio_net not found in modules.dep
WARN: /etc/rc3.d/S10-load-modules failed
Initializing random number generator... done.
Starting acpid: OK
cirros-ds 'local' up at 11.25
found datasource (configdrive, local)
Starting network...
udhcpc (v1.20.1) started
Sending discover...
Sending discover...

2016-01-27 03:48:29,246 16674 INFO     [tempest_lib.common.rest_client] Request (TestNetworkBasicOps:_run_cleanups): 204 DELETE http://10.4.1.3:9696/v2.0/floatingips/2225b7cd-dde3-4744-9dc0-c5e694813174 0.382s
2016-01-27 03:48:29,246 16674 DEBUG    [tempest_lib.common.rest_client] Request - Headers: {'Content-Type': 'application/json', 'Accept': 'application/json', 'X-Auth-Token': '&lt;omitted&gt;'}
        Body: None
    Response - Headers: {'date': 'Wed, 27 Jan 2016 03:48:29 GMT', 'status': '204', 'connection': 'close', 'content-length': '0', 'x-openstack-request-id': 'req-c5ae2d3c-cca1-4dbb-b9c1-7ac6c83a3550'}
        Body: 
2016-01-27 03:48:29,655 16674 INFO     [tempest_lib.common.rest_client] Request (TestNetworkBasicOps:_run_cleanups): 204 DELETE http://10.4.1.3:8774/v2.1/a147743128ee4550b619d299d5af8832/servers/ce6f11c2-faa3-4ae4-b7f6-03653b8b6c0e 0.408s
2016-01-27 03:48:29,657 16674 DEBUG    [tempest_lib.common.rest_client] Request - Headers: {'Content-Type': 'application/json', 'Accept': 'application/json', 'X-Auth-Token': '&lt;omitted&gt;'}
        Body: None
    Response - Headers: {'status': '204', 'content-length': '0', 'x-compute-request-id': 'req-4771883c-15fa-4dfb-a91a-54980c46e2d0', 'vary': 'X-OpenStack-Nova-API-Version', 'connection': 'close', 'x-openstack-nova-api-version': '2.1', 'date': 'Wed, 27 Jan 2016 03:48:29 GMT', 'content-type': 'application/json'}
        Body: 
2016-01-27 03:48:30,304 16674 INFO     [tempest_lib.common.rest_client] Request (TestNetworkBasicOps:_run_cleanups): 200 GET http://10.4.1.3:8774/v2.1/a147743128ee4550b619d299d5af8832/servers/ce6f11c2-faa3-4ae4-b7f6-03653b8b6c0e 0.646s
2016-01-27 03:48:30,305 16674 DEBUG    [tempest_lib.common.rest_client] Request - Headers: {'Content-Type': 'application/json', 'Accept': 'application/json', 'X-Auth-Token': '&lt;omitted&gt;'}
        Body: None
    Response - Headers: {'status': '200', 'content-length': '1762', 'content-location': 'http://10.4.1.3:8774/v2.1/a147743128ee4550b619d299d5af8832/servers/ce6f11c2-faa3-4ae4-b7f6-03653b8b6c0e', 'x-compute-request-id': 'req-4c917c79-ef47-432a-878e-8b9965e2094e', 'vary': 'X-OpenStack-Nova-API-Version', 'connection': 'close', 'x-openstack-nova-api-version': '2.1', 'date': 'Wed, 27 Jan 2016 03:48:30 GMT', 'content-type': 'application/json'}
        Body: {"server": {"status": "ACTIVE", "updated": "2016-01-27T03:48:29Z", "hostId": "7a766dcf6ed0522843b5723d4f480ec9edcc6a50c96b0bb429fcb8d2", "addresses": {"tempest-network-smoke--1160062634": [{"OS-EXT-IPS-MAC:mac_addr": "fa:16:3e:99:1c:fe", "version": 4, "addr": "10.100.0.3", "OS-EXT-IPS:type": "fixed"}, {"OS-EXT-IPS-MAC:mac_addr": "fa:16:3e:99:1c:fe", "version": 4, "addr": "172.24.4.4", "OS-EXT-IPS:type": "floating"}]}, "links": [{"href": "http://10.4.1.3:8774/v2.1/a147743128ee4550b619d299d5af8832/servers/ce6f11c2-faa3-4ae4-b7f6-03653b8b6c0e", "rel": "self"}, {"href": "http://10.4.1.3:8774/a147743128ee4550b619d299d5af8832/servers/ce6f11c2-faa3-4ae4-b7f6-03653b8b6c0e", "rel": "bookmark"}], "key_name": "tempest-TestNetworkBasicOps-1175122114", "image": {"id": "ff9af8bf-0708-4a44-b735-bebd9982804f", "links": [{"href": "http://10.4.1.3:8774/a147743128ee4550b619d299d5af8832/images/ff9af8bf-0708-4a44-b735-bebd9982804f", "rel": "bookmark"}]}, "OS-EXT-STS:task_state": "deleting", "OS-EXT-STS:vm_state": "active", "OS-SRV-USG:launched_at": "2016-01-27T03:46:23.000000", "flavor": {"id": "42", "links": [{"href": "http://10.4.1.3:8774/a147743128ee4550b619d299d5af8832/flavors/42", "rel": "bookmark"}]}, "id": "ce6f11c2-faa3-4ae4-b7f6-03653b8b6c0e", "security_groups": [{"name": "tempest-secgroup-smoke-1553481920"}], "OS-SRV-USG:terminated_at": null, "OS-EXT-AZ:availability_zone": "nova", "user_id": "1d06d22355d7416fa093b5b8a2c57a09", "name": "tempest-server-smoke-1418043712", "created": "2016-01-27T03:46:18Z", "tenant_id": "a147743128ee4550b619d299d5af8832", "OS-DCF:diskConfig": "MANUAL", "os-extended-volumes:volumes_attached": [], "accessIPv4": "", "accessIPv6": "", "progress": 0, "OS-EXT-STS:power_state": 1, "config_drive": "True", "metadata": {}}}
2016-01-27 03:48:31,557 16674 INFO     [tempest_lib.common.rest_client] Request (TestNetworkBasicOps:_run_cleanups): 404 GET http://10.4.1.3:8774/v2.1/a147743128ee4550b619d299d5af8832/servers/ce6f11c2-faa3-4ae4-b7f6-03653b8b6c0e 0.237s
2016-01-27 03:48:31,558 16674 DEBUG    [tempest_lib.common.rest_client] Request - Headers: {'Content-Type': 'application/json', 'Accept': 'application/json', 'X-Auth-Token': '&lt;omitted&gt;'}
        Body: None
    Response - Headers: {'status': '404', 'content-length': '111', 'x-compute-request-id': 'req-c9997723-d1d6-4740-a117-9228c2715975', 'vary': 'X-OpenStack-Nova-API-Version', 'connection': 'close', 'x-openstack-nova-api-version': '2.1', 'date': 'Wed, 27 Jan 2016 03:48:31 GMT', 'content-type': 'application/json; charset=UTF-8'}
        Body: {"itemNotFound": {"message": "Instance ce6f11c2-faa3-4ae4-b7f6-03653b8b6c0e could not be found.", "code": 404}}
2016-01-27 03:48:31,735 16674 INFO     [tempest_lib.common.rest_client] Request (TestNetworkBasicOps:_run_cleanups): 202 DELETE http://10.4.1.3:8774/v2.1/a147743128ee4550b619d299d5af8832/os-keypairs/tempest-TestNetworkBasicOps-1175122114 0.176s
2016-01-27 03:48:31,736 16674 DEBUG    [tempest_lib.common.rest_client] Request - Headers: {'Content-Type': 'application/json', 'Accept': 'application/json', 'X-Auth-Token': '&lt;omitted&gt;'}
        Body: None
    Response - Headers: {'status': '202', 'content-length': '0', 'x-compute-request-id': 'req-d61efa15-5985-40b3-b376-be5156d72412', 'vary': 'X-OpenStack-Nova-API-Version', 'connection': 'close', 'x-openstack-nova-api-version': '2.1', 'date': 'Wed, 27 Jan 2016 03:48:31 GMT', 'content-type': 'application/json'}
        Body: 
2016-01-27 03:48:32,237 16674 INFO     [tempest_lib.common.rest_client] Request (TestNetworkBasicOps:_run_cleanups): 500 PUT http://10.4.1.3:9696/v2.0/routers/3c80bb33-75b0-47be-b243-55a24356e3fd/remove_router_interface 0.499s
2016-01-27 03:48:32,237 16674 DEBUG    [tempest_lib.common.rest_client] Request - Headers: {'Content-Type': 'application/json', 'Accept': 'application/json', 'X-Auth-Token': '&lt;omitted&gt;'}
        Body: {"subnet_id": "81f8906c-9544-41b0-8f0e-2dc53b42e17d"}
    Response - Headers: {'status': '500', 'content-length': '150', 'connection': 'close', 'date': 'Wed, 27 Jan 2016 03:48:32 GMT', 'content-type': 'application/json; charset=UTF-8', 'x-openstack-request-id': 'req-395c4db8-fa63-45f3-b68b-64c03f917a47'}
        Body: {"NeutronError": {"message": "Request Failed: internal server error while processing your request.", "type": "HTTPInternalServerError", "detail": ""}}
2016-01-27 03:48:32,448 16674 INFO     [tempest_lib.common.rest_client] Request (TestNetworkBasicOps:_run_cleanups): 200 GET http://10.4.1.3:9696/v2.0/routers/3c80bb33-75b0-47be-b243-55a24356e3fd 0.208s
2016-01-27 03:48:32,450 16674 DEBUG    [tempest_lib.common.rest_client] Request - Headers: {'Content-Type': 'application/json', 'Accept': 'application/json', 'X-Auth-Token': '&lt;omitted&gt;'}
        Body: None
    Response - Headers: {'status': '200', 'content-length': '501', 'content-location': 'http://10.4.1.3:9696/v2.0/routers/3c80bb33-75b0-47be-b243-55a24356e3fd', 'connection': 'close', 'date': 'Wed, 27 Jan 2016 03:48:32 GMT', 'content-type': 'application/json; charset=UTF-8', 'x-openstack-request-id': 'req-4b6d3f78-a436-4fe3-9293-7744dbb9113c'}
        Body: {"router": {"status": "ACTIVE", "external_gateway_info": {"network_id": "ece6daae-815a-43c1-b749-27c366e23f90", "enable_snat": true, "external_fixed_ips": [{"subnet_id": "63457fda-1a78-4bab-a6b9-3edcbcdd78b2", "ip_address": "172.24.4.3"}, {"subnet_id": "8575839f-2c7c-437e-8c3f-cffb58ae4323", "ip_address": "2001:db8::3"}]}, "name": "tempest-router-smoke-1010802299", "admin_state_up": true, "tenant_id": "a147743128ee4550b619d299d5af8832", "routes": [], "id": "3c80bb33-75b0-47be-b243-55a24356e3fd"}}
2016-01-27 03:48:33,056 16674 INFO     [tempest_lib.common.rest_client] Request (TestNetworkBasicOps:_run_cleanups): 200 PUT http://10.4.1.3:9696/v2.0/routers/3c80bb33-75b0-47be-b243-55a24356e3fd 0.605s
2016-01-27 03:48:33,057 16674 DEBUG    [tempest_lib.common.rest_client] Request - Headers: {'Content-Type': 'application/json', 'Accept': 'application/json', 'X-Auth-Token': '&lt;omitted&gt;'}
        Body: {"router": {"external_gateway_info": {}, "name": "tempest-router-smoke-1010802299", "admin_state_up": true}}
    Response - Headers: {'status': '200', 'content-length': '239', 'connection': 'close', 'date': 'Wed, 27 Jan 2016 03:48:33 GMT', 'content-type': 'application/json; charset=UTF-8', 'x-openstack-request-id': 'req-719af73c-bc2d-41ff-854c-ceea07628642'}
        Body: {"router": {"status": "ACTIVE", "external_gateway_info": null, "name": "tempest-router-smoke-1010802299", "admin_state_up": true, "tenant_id": "a147743128ee4550b619d299d5af8832", "routes": [], "id": "3c80bb33-75b0-47be-b243-55a24356e3fd"}}
2016-01-27 03:48:33,407 16674 INFO     [tempest_lib.common.rest_client] Request (TestNetworkBasicOps:_run_cleanups): 500 DELETE http://10.4.1.3:9696/v2.0/routers/3c80bb33-75b0-47be-b243-55a24356e3fd 0.348s
2016-01-27 03:48:33,407 16674 DEBUG    [tempest_lib.common.rest_client] Request - Headers: {'Content-Type': 'application/json', 'Accept': 'application/json', 'X-Auth-Token': '&lt;omitted&gt;'}
        Body: None
    Response - Headers: {'status': '500', 'content-length': '150', 'connection': 'close', 'date': 'Wed, 27 Jan 2016 03:48:33 GMT', 'content-type': 'application/json; charset=UTF-8', 'x-openstack-request-id': 'req-e5bd3b7f-465e-4d4e-bc4d-098768b79e12'}
        Body: {"NeutronError": {"message": "Request Failed: internal server error while processing your request.", "type": "HTTPInternalServerError", "detail": ""}}
2016-01-27 03:48:34,109 16674 INFO     [tempest_lib.common.rest_client] Request (TestNetworkBasicOps:_run_cleanups): 204 DELETE http://10.4.1.3:9696/v2.0/networks/c98fa721-6d9f-4e32-a409-a71aeb0b59c6 0.701s
2016-01-27 03:48:34,110 16674 DEBUG    [tempest_lib.common.rest_client] Request - Headers: {'Content-Type': 'application/json', 'Accept': 'application/json', 'X-Auth-Token': '&lt;omitted&gt;'}
        Body: None
    Response - Headers: {'date': 'Wed, 27 Jan 2016 03:48:34 GMT', 'status': '204', 'connection': 'close', 'content-length': '0', 'x-openstack-request-id': 'req-f0188b94-50f8-420b-8e6d-194848b77b9a'}
        Body: 
2016-01-27 03:48:34,327 16674 INFO     [tempest_lib.common.rest_client] Request (TestNetworkBasicOps:_run_cleanups): 204 DELETE http://10.4.1.3:9696/v2.0/security-group-rules/4b9fb9a4-13ad-4082-b368-fa45ad2a1bee 0.215s
2016-01-27 03:48:34,328 16674 DEBUG    [tempest_lib.common.rest_client] Request - Headers: {'Content-Type': 'application/json', 'Accept': 'application/json', 'X-Auth-Token': '&lt;omitted&gt;'}
        Body: None
    Response - Headers: {'date': 'Wed, 27 Jan 2016 03:48:34 GMT', 'status': '204', 'connection': 'close', 'content-length': '0', 'x-openstack-request-id': 'req-4d999aad-915a-469b-a13e-15b3afcf9a0c'}
        Body: 
2016-01-27 03:48:34,563 16674 INFO     [tempest_lib.common.rest_client] Request (TestNetworkBasicOps:_run_cleanups): 204 DELETE http://10.4.1.3:9696/v2.0/security-group-rules/9d4611f3-c6cb-4908-af41-30d1da2a8007 0.234s
2016-01-27 03:48:34,564 16674 DEBUG    [tempest_lib.common.rest_client] Request - Headers: {'Content-Type': 'application/json', 'Accept': 'application/json', 'X-Auth-Token': '&lt;omitted&gt;'}
        Body: None
    Response - Headers: {'date': 'Wed, 27 Jan 2016 03:48:34 GMT', 'status': '204', 'connection': 'close', 'content-length': '0', 'x-openstack-request-id': 'req-04d569ef-0a21-45a4-a425-6fb5069431fd'}
        Body: 
2016-01-27 03:48:34,782 16674 INFO     [tempest_lib.common.rest_client] Request (TestNetworkBasicOps:_run_cleanups): 204 DELETE http://10.4.1.3:9696/v2.0/security-group-rules/e0eec2c0-7121-4be1-9fa2-b933a35199d7 0.216s
2016-01-27 03:48:34,782 16674 DEBUG    [tempest_lib.common.rest_client] Request - Headers: {'Content-Type': 'application/json', 'Accept': 'application/json', 'X-Auth-Token': '&lt;omitted&gt;'}
        Body: None
    Response - Headers: {'date': 'Wed, 27 Jan 2016 03:48:34 GMT', 'status': '204', 'connection': 'close', 'content-length': '0', 'x-openstack-request-id': 'req-506dc561-58b8-4608-a8f3-c43a91e4796c'}
        Body: 
2016-01-27 03:48:34,998 16674 INFO     [tempest_lib.common.rest_client] Request (TestNetworkBasicOps:_run_cleanups): 204 DELETE http://10.4.1.3:9696/v2.0/security-group-rules/4fd86922-78e9-4e73-ba0b-eeaea2aeec44 0.214s
2016-01-27 03:48:34,998 16674 DEBUG    [tempest_lib.common.rest_client] Request - Headers: {'Content-Type': 'application/json', 'Accept': 'application/json', 'X-Auth-Token': '&lt;omitted&gt;'}
        Body: None
    Response - Headers: {'date': 'Wed, 27 Jan 2016 03:48:34 GMT', 'status': '204', 'connection': 'close', 'content-length': '0', 'x-openstack-request-id': 'req-5dc49198-2b38-404c-a6dd-3d063df43b78'}
        Body: 
2016-01-27 03:48:35,213 16674 INFO     [tempest_lib.common.rest_client] Request (TestNetworkBasicOps:_run_cleanups): 204 DELETE http://10.4.1.3:9696/v2.0/security-group-rules/ab0a41b8-0c25-4020-94dc-45aacbebc43b 0.214s
2016-01-27 03:48:35,214 16674 DEBUG    [tempest_lib.common.rest_client] Request - Headers: {'Content-Type': 'application/json', 'Accept': 'application/json', 'X-Auth-Token': '&lt;omitted&gt;'}
        Body: None
    Response - Headers: {'date': 'Wed, 27 Jan 2016 03:48:35 GMT', 'status': '204', 'connection': 'close', 'content-length': '0', 'x-openstack-request-id': 'req-463b0f84-23fb-4a16-9236-3d87d48ead33'}
        Body: 
2016-01-27 03:48:35,432 16674 INFO     [tempest_lib.common.rest_client] Request (TestNetworkBasicOps:_run_cleanups): 204 DELETE http://10.4.1.3:9696/v2.0/security-group-rules/f49a4be3-169a-4590-a092-031fa0658118 0.218s
2016-01-27 03:48:35,433 16674 DEBUG    [tempest_lib.common.rest_client] Request - Headers: {'Content-Type': 'application/json', 'Accept': 'application/json', 'X-Auth-Token': '&lt;omitted&gt;'}
        Body: None
    Response - Headers: {'date': 'Wed, 27 Jan 2016 03:48:35 GMT', 'status': '204', 'connection': 'close', 'content-length': '0', 'x-openstack-request-id': 'req-14ad2203-21af-48d3-a0be-9f6a799009ab'}
        Body: 
2016-01-27 03:48:35,692 16674 INFO     [tempest_lib.common.rest_client] Request (TestNetworkBasicOps:_run_cleanups): 204 DELETE http://10.4.1.3:9696/v2.0/security-groups/55ade884-f146-4ce7-ac57-26857beb78c5 0.258s
2016-01-27 03:48:35,693 16674 DEBUG    [tempest_lib.common.rest_client] Request - Headers: {'Content-Type': 'application/json', 'Accept': 'application/json', 'X-Auth-Token': '&lt;omitted&gt;'}
        Body: None
    Response - Headers: {'date': 'Wed, 27 Jan 2016 03:48:35 GMT', 'status': '204', 'connection': 'close', 'content-length': '0', 'x-openstack-request-id': 'req-2b831f30-6269-400f-8a77-ef0b4d828d2f'}
        Body: 
2016-01-27 03:48:35,941 16674 INFO     [tempest_lib.common.rest_client] Request (TestNetworkBasicOps:_run_cleanups): 404 GET http://10.4.1.3:8774/v2.1/a147743128ee4550b619d299d5af8832/servers/ce6f11c2-faa3-4ae4-b7f6-03653b8b6c0e 0.246s
2016-01-27 03:48:35,942 16674 DEBUG    [tempest_lib.common.rest_client] Request - Headers: {'Content-Type': 'application/json', 'Accept': 'application/json', 'X-Auth-Token': '&lt;omitted&gt;'}
        Body: None
    Response - Headers: {'status': '404', 'content-length': '111', 'x-compute-request-id': 'req-758df437-9010-4c0f-aad1-d33c7732d429', 'vary': 'X-OpenStack-Nova-API-Version', 'connection': 'close', 'x-openstack-nova-api-version': '2.1', 'date': 'Wed, 27 Jan 2016 03:48:35 GMT', 'content-type': 'application/json; charset=UTF-8'}
        Body: {"itemNotFound": {"message": "Instance ce6f11c2-faa3-4ae4-b7f6-03653b8b6c0e could not be found.", "code": 404}}
}}}

traceback-1: {{{
Traceback (most recent call last):
  File "tempest/scenario/manager.py", line 108, in delete_wrapper
