<?xml version="1.0" encoding="UTF-8"?>
<!DOCTYPE html PUBLIC "-//W3C//DTD XHTML 1.0 Strict//EN"
     "http://www.w3.org/TR/xhtml1/DTD/xhtml1-strict.dtd">
<html xmlns="http://www.w3.org/1999/xhtml">
<head>
    <title>Unit Test Report</title>
    <meta name="generator" content="subunit2html 0.1"/>
    <meta http-equiv="Content-Type" content="text/html; charset=UTF-8"/>
    
<style type="text/css" media="screen">
body        { font-family: verdana, arial, helvetica, sans-serif;
    font-size: 80%; }
table       { font-size: 100%; width: 100%;}
pre         { font-size: 80%; }

/* -- heading -------------------------------------------------------------- */
h1 {
        font-size: 16pt;
        color: gray;
}
.heading {
    margin-top: 0ex;
    margin-bottom: 1ex;
}

.heading .attribute {
    margin-top: 1ex;
    margin-bottom: 0;
}

.heading .description {
    margin-top: 4ex;
    margin-bottom: 6ex;
}

/* -- css div popup -------------------------------------------------------- */
a.popup_link {
}

a.popup_link:hover {
    color: red;
}

.popup_window {
    display: none;
    overflow-x: scroll;
    /*border: solid #627173 1px; */
    padding: 10px;
    background-color: #E6E6D6;
    font-family: "Ubuntu Mono", "Lucida Console", "Courier New", monospace;
    text-align: left;
    font-size: 8pt;
}

}
/* -- report --------------------------------------------------------------- */
#show_detail_line {
    margin-top: 3ex;
    margin-bottom: 1ex;
}
#result_table {
    width: 100%;
    border-collapse: collapse;
    border: 1px solid #777;
}
#header_row {
    font-weight: bold;
    color: white;
    background-color: #777;
}
#result_table td {
    border: 1px solid #777;
    padding: 2px;
}
#total_row  { font-weight: bold; }
.passClass  { background-color: #6c6; }
.failClass  { background-color: #c60; }
.errorClass { background-color: #c00; }
.passCase   { color: #6c6; }
.failCase   { color: #c60; font-weight: bold; }
.errorCase  { color: #c00; font-weight: bold; }
.hiddenRow  { display: none; }
.testcase   { margin-left: 2em; }
td.testname {width: 40%}
td.small {width: 40px}

/* -- ending --------------------------------------------------------------- */
#ending {
}

</style>

</head>
<body>
<script language="javascript" type="text/javascript"><!--
output_list = Array();

/* level - 0:Summary; 1:Failed; 2:All */
function showCase(level) {
    trs = document.getElementsByTagName("tr");
    for (var i = 0; i < trs.length; i++) {
        tr = trs[i];
        id = tr.id;
        if (id.substr(0,2) == 'ft') {
            if (level < 1) {
                tr.className = 'hiddenRow';
            }
            else {
                tr.className = '';
            }
        }
        if (id.substr(0,2) == 'pt') {
            if (level > 1) {
                tr.className = '';
            }
            else {
                tr.className = 'hiddenRow';
            }
        }
    }
}


function showClassDetail(cid, count) {
    var id_list = Array(count);
    var toHide = 1;
    for (var i = 0; i < count; i++) {
        tid0 = 't' + cid.substr(1) + '.' + (i+1);
        tid = 'f' + tid0;
        tr = document.getElementById(tid);
        if (!tr) {
            tid = 'p' + tid0;
            tr = document.getElementById(tid);
        }
        id_list[i] = tid;
        if (tr.className) {
            toHide = 0;
        }
    }
    for (var i = 0; i < count; i++) {
        tid = id_list[i];
        if (toHide) {
            document.getElementById('div_'+tid).style.display = 'none'
            document.getElementById(tid).className = 'hiddenRow';
        }
        else {
            document.getElementById(tid).className = '';
        }
    }
}


function showTestDetail(div_id){
    var details_div = document.getElementById(div_id)
    var displayState = details_div.style.display
    // alert(displayState)
    if (displayState != 'block' ) {
        displayState = 'block'
        details_div.style.display = 'block'
    }
    else {
        details_div.style.display = 'none'
    }
}


function html_escape(s) {
    s = s.replace(/&/g,'&amp;');
    s = s.replace(/</g,'&lt;');
    s = s.replace(/>/g,'&gt;');
    return s;
}

/* obsoleted by detail in <div>
function showOutput(id, name) {
    var w = window.open("", //url
                    name,
                    "resizable,scrollbars,status,width=800,height=450");
    d = w.document;
    d.write("<pre>");
    d.write(html_escape(output_list[id]));
    d.write("\n");
    d.write("<a href='javascript:window.close()'>close</a>\n");
    d.write("</pre>\n");
    d.close();
}
*/
--></script>

<div class='heading'>
<h1>Unit Test Report</h1>

<p class='attribute'><strong>Status:</strong> Failure 8 Skip 1</p>

<p class='description'></p>
</div>



<p id='show_detail_line'>Show
<a href='javascript:showCase(0)'>Summary</a>
<a href='javascript:showCase(1)'>Failed</a>
<a href='javascript:showCase(2)'>All</a>
</p>
<table id='result_table'>
<colgroup>
<col align='left' />
<col align='right' />
<col align='right' />
<col align='right' />
<col align='right' />
<col align='right' />
<col align='right' />
<col align='right' />
</colgroup>
<tr id='header_row'>
    <td>Test Group/Test case</td>
    <td>Count</td>
    <td>Pass</td>
    <td>Fail</td>
    <td>Error</td>
    <td>Skip</td>
    <td>View</td>
    <td> </td>
</tr>

<tr class='failClass'>
    <td class="testname">tempest.scenario.test_network_basic_ops.TestNetworkBasicOps</td>
    <td class="small">9</td>
    <td class="small">0</td>
    <td class="small">8</td>
    <td class="small">0</td>
    <td class="small">1</td>
    <td class="small"><a href="javascript:showClassDetail('c1',9)"
>Detail</a></td>
    <td> </td>
</tr>

<tr id='ft1.1' class='none'>
    <td class='failCase'><div class='testcase'>test_connectivity_between_vms_on_different_networks[compute,id-1546850e-fbaa-42f5-8b5f-03d8a6a95f15,network]</div></td>
    <td colspan='7' align='left'>

    <!--css div popup start-->
    <a class="popup_link" onfocus='this.blur();'
    href="javascript:showTestDetail('div_ft1.1')" >
        fail</a>

    <div id='div_ft1.1' class="popup_window">
        <div style='text-align: right; color:red;cursor:pointer'>
        <a onfocus='this.blur();'
onclick="document.getElementById('div_ft1.1').style.display = 'none' " >
           [x]</a>
        </div>
        <pre>
        
ft1.1: tempest.scenario.test_network_basic_ops.TestNetworkBasicOps.test_connectivity_between_vms_on_different_networks[compute,id-1546850e-fbaa-42f5-8b5f-03d8a6a95f15,network]_StringException: Empty attachments:
  stderr
  stdout

pythonlogging:'': {{{
2016-02-18 18:28:08,052 27889 INFO     [tempest_lib.common.rest_client] Request (TestNetworkBasicOps:test_connectivity_between_vms_on_different_networks): 201 POST http://10.4.1.3:9696/v2.0/security-groups 0.423s
2016-02-18 18:28:08,053 27889 DEBUG    [tempest_lib.common.rest_client] Request - Headers: {'Content-Type': 'application/json', 'Accept': 'application/json', 'X-Auth-Token': '&lt;omitted&gt;'}
        Body: {"security_group": {"tenant_id": "b839b882163f470d9568f329246fd093", "description": "tempest-secgroup-smoke-858206965 description", "name": "tempest-secgroup-smoke-858206965"}}
    Response - Headers: {'status': '201', 'content-length': '886', 'connection': 'close', 'date': 'Thu, 18 Feb 2016 18:28:08 GMT', 'content-type': 'application/json; charset=UTF-8', 'x-openstack-request-id': 'req-2952f3cd-fcc2-4a22-8502-8ed9272e3dae'}
        Body: {"security_group": {"tenant_id": "b839b882163f470d9568f329246fd093", "description": "tempest-secgroup-smoke-858206965 description", "id": "20343beb-00e3-4c88-99da-ebb3c7b27698", "security_group_rules": [{"remote_group_id": null, "direction": "egress", "remote_ip_prefix": null, "protocol": null, "ethertype": "IPv4", "tenant_id": "b839b882163f470d9568f329246fd093", "port_range_max": null, "port_range_min": null, "id": "5921e124-7899-475d-b6f2-1474d59b8770", "security_group_id": "20343beb-00e3-4c88-99da-ebb3c7b27698"}, {"remote_group_id": null, "direction": "egress", "remote_ip_prefix": null, "protocol": null, "ethertype": "IPv6", "tenant_id": "b839b882163f470d9568f329246fd093", "port_range_max": null, "port_range_min": null, "id": "e1666409-5d1e-46d8-b219-b595881e903e", "security_group_id": "20343beb-00e3-4c88-99da-ebb3c7b27698"}], "name": "tempest-secgroup-smoke-858206965"}}
2016-02-18 18:28:08,369 27889 INFO     [tempest_lib.common.rest_client] Request (TestNetworkBasicOps:test_connectivity_between_vms_on_different_networks): 201 POST http://10.4.1.3:9696/v2.0/security-group-rules 0.315s
2016-02-18 18:28:08,370 27889 DEBUG    [tempest_lib.common.rest_client] Request - Headers: {'Content-Type': 'application/json', 'Accept': 'application/json', 'X-Auth-Token': '&lt;omitted&gt;'}
        Body: {"security_group_rule": {"direction": "ingress", "protocol": "tcp", "tenant_id": "b839b882163f470d9568f329246fd093", "port_range_max": 22, "security_group_id": "20343beb-00e3-4c88-99da-ebb3c7b27698", "port_range_min": 22}}
    Response - Headers: {'status': '201', 'content-length': '340', 'connection': 'close', 'date': 'Thu, 18 Feb 2016 18:28:08 GMT', 'content-type': 'application/json; charset=UTF-8', 'x-openstack-request-id': 'req-6d716035-0945-4a59-aad9-9f6f47d48e36'}
        Body: {"security_group_rule": {"remote_group_id": null, "direction": "ingress", "remote_ip_prefix": null, "protocol": "tcp", "ethertype": "IPv4", "tenant_id": "b839b882163f470d9568f329246fd093", "port_range_max": 22, "port_range_min": 22, "id": "8a6c133b-0806-40d9-8070-e3bc9c784c85", "security_group_id": "20343beb-00e3-4c88-99da-ebb3c7b27698"}}
2016-02-18 18:28:08,698 27889 INFO     [tempest_lib.common.rest_client] Request (TestNetworkBasicOps:test_connectivity_between_vms_on_different_networks): 201 POST http://10.4.1.3:9696/v2.0/security-group-rules 0.327s
2016-02-18 18:28:08,699 27889 DEBUG    [tempest_lib.common.rest_client] Request - Headers: {'Content-Type': 'application/json', 'Accept': 'application/json', 'X-Auth-Token': '&lt;omitted&gt;'}
        Body: {"security_group_rule": {"direction": "egress", "protocol": "tcp", "tenant_id": "b839b882163f470d9568f329246fd093", "port_range_max": 22, "security_group_id": "20343beb-00e3-4c88-99da-ebb3c7b27698", "port_range_min": 22}}
    Response - Headers: {'status': '201', 'content-length': '339', 'connection': 'close', 'date': 'Thu, 18 Feb 2016 18:28:08 GMT', 'content-type': 'application/json; charset=UTF-8', 'x-openstack-request-id': 'req-89646fc7-f128-4489-89d4-c8cbb1ecdca7'}
        Body: {"security_group_rule": {"remote_group_id": null, "direction": "egress", "remote_ip_prefix": null, "protocol": "tcp", "ethertype": "IPv4", "tenant_id": "b839b882163f470d9568f329246fd093", "port_range_max": 22, "port_range_min": 22, "id": "69396fc8-3599-4658-b256-d1b5f656d90e", "security_group_id": "20343beb-00e3-4c88-99da-ebb3c7b27698"}}
2016-02-18 18:28:09,038 27889 INFO     [tempest_lib.common.rest_client] Request (TestNetworkBasicOps:test_connectivity_between_vms_on_different_networks): 201 POST http://10.4.1.3:9696/v2.0/security-group-rules 0.338s
2016-02-18 18:28:09,039 27889 DEBUG    [tempest_lib.common.rest_client] Request - Headers: {'Content-Type': 'application/json', 'Accept': 'application/json', 'X-Auth-Token': '&lt;omitted&gt;'}
        Body: {"security_group_rule": {"tenant_id": "b839b882163f470d9568f329246fd093", "direction": "ingress", "protocol": "icmp", "security_group_id": "20343beb-00e3-4c88-99da-ebb3c7b27698"}}
    Response - Headers: {'status': '201', 'content-length': '345', 'connection': 'close', 'date': 'Thu, 18 Feb 2016 18:28:09 GMT', 'content-type': 'application/json; charset=UTF-8', 'x-openstack-request-id': 'req-ccff6f1c-8393-4d3e-8b3f-0bba5c26c6dc'}
        Body: {"security_group_rule": {"remote_group_id": null, "direction": "ingress", "remote_ip_prefix": null, "protocol": "icmp", "ethertype": "IPv4", "tenant_id": "b839b882163f470d9568f329246fd093", "port_range_max": null, "port_range_min": null, "id": "a65a456f-655a-43a0-b9a2-a1b89895bbac", "security_group_id": "20343beb-00e3-4c88-99da-ebb3c7b27698"}}
2016-02-18 18:28:09,368 27889 INFO     [tempest_lib.common.rest_client] Request (TestNetworkBasicOps:test_connectivity_between_vms_on_different_networks): 201 POST http://10.4.1.3:9696/v2.0/security-group-rules 0.327s
2016-02-18 18:28:09,368 27889 DEBUG    [tempest_lib.common.rest_client] Request - Headers: {'Content-Type': 'application/json', 'Accept': 'application/json', 'X-Auth-Token': '&lt;omitted&gt;'}
        Body: {"security_group_rule": {"tenant_id": "b839b882163f470d9568f329246fd093", "direction": "egress", "protocol": "icmp", "security_group_id": "20343beb-00e3-4c88-99da-ebb3c7b27698"}}
    Response - Headers: {'status': '201', 'content-length': '344', 'connection': 'close', 'date': 'Thu, 18 Feb 2016 18:28:09 GMT', 'content-type': 'application/json; charset=UTF-8', 'x-openstack-request-id': 'req-d8e11e43-40e7-4c66-b468-24632f88d17b'}
        Body: {"security_group_rule": {"remote_group_id": null, "direction": "egress", "remote_ip_prefix": null, "protocol": "icmp", "ethertype": "IPv4", "tenant_id": "b839b882163f470d9568f329246fd093", "port_range_max": null, "port_range_min": null, "id": "c9d96ce7-e77c-414d-8076-4062604fad18", "security_group_id": "20343beb-00e3-4c88-99da-ebb3c7b27698"}}
2016-02-18 18:28:09,685 27889 INFO     [tempest_lib.common.rest_client] Request (TestNetworkBasicOps:test_connectivity_between_vms_on_different_networks): 201 POST http://10.4.1.3:9696/v2.0/security-group-rules 0.316s
2016-02-18 18:28:09,686 27889 DEBUG    [tempest_lib.common.rest_client] Request - Headers: {'Content-Type': 'application/json', 'Accept': 'application/json', 'X-Auth-Token': '&lt;omitted&gt;'}
        Body: {"security_group_rule": {"tenant_id": "b839b882163f470d9568f329246fd093", "direction": "ingress", "security_group_id": "20343beb-00e3-4c88-99da-ebb3c7b27698", "protocol": "icmp", "ethertype": "IPv6"}}
    Response - Headers: {'status': '201', 'content-length': '345', 'connection': 'close', 'date': 'Thu, 18 Feb 2016 18:28:09 GMT', 'content-type': 'application/json; charset=UTF-8', 'x-openstack-request-id': 'req-6b8f4521-5cae-4275-b218-e527c30ff0d4'}
        Body: {"security_group_rule": {"remote_group_id": null, "direction": "ingress", "remote_ip_prefix": null, "protocol": "icmp", "ethertype": "IPv6", "tenant_id": "b839b882163f470d9568f329246fd093", "port_range_max": null, "port_range_min": null, "id": "051c4423-4a27-4651-9a8e-0762b4c9d2ed", "security_group_id": "20343beb-00e3-4c88-99da-ebb3c7b27698"}}
2016-02-18 18:28:10,005 27889 INFO     [tempest_lib.common.rest_client] Request (TestNetworkBasicOps:test_connectivity_between_vms_on_different_networks): 201 POST http://10.4.1.3:9696/v2.0/security-group-rules 0.316s
2016-02-18 18:28:10,006 27889 DEBUG    [tempest_lib.common.rest_client] Request - Headers: {'Content-Type': 'application/json', 'Accept': 'application/json', 'X-Auth-Token': '&lt;omitted&gt;'}
        Body: {"security_group_rule": {"tenant_id": "b839b882163f470d9568f329246fd093", "direction": "egress", "security_group_id": "20343beb-00e3-4c88-99da-ebb3c7b27698", "protocol": "icmp", "ethertype": "IPv6"}}
    Response - Headers: {'status': '201', 'content-length': '344', 'connection': 'close', 'date': 'Thu, 18 Feb 2016 18:28:10 GMT', 'content-type': 'application/json; charset=UTF-8', 'x-openstack-request-id': 'req-be283ea1-b82b-4327-ad88-eda692f5df4b'}
        Body: {"security_group_rule": {"remote_group_id": null, "direction": "egress", "remote_ip_prefix": null, "protocol": "icmp", "ethertype": "IPv6", "tenant_id": "b839b882163f470d9568f329246fd093", "port_range_max": null, "port_range_min": null, "id": "2d0da4d7-0b8d-4d0e-82ef-bba7432c7e0f", "security_group_id": "20343beb-00e3-4c88-99da-ebb3c7b27698"}}
2016-02-18 18:28:10,469 27889 INFO     [tempest_lib.common.rest_client] Request (TestNetworkBasicOps:test_connectivity_between_vms_on_different_networks): 201 POST http://10.4.1.3:9696/v2.0/networks 0.462s
2016-02-18 18:28:10,470 27889 DEBUG    [tempest_lib.common.rest_client] Request - Headers: {'Content-Type': 'application/json', 'Accept': 'application/json', 'X-Auth-Token': '&lt;omitted&gt;'}
        Body: {"network": {"tenant_id": "b839b882163f470d9568f329246fd093", "name": "tempest-network-smoke--503484113"}}
    Response - Headers: {'status': '201', 'content-length': '355', 'connection': 'close', 'date': 'Thu, 18 Feb 2016 18:28:10 GMT', 'content-type': 'application/json; charset=UTF-8', 'x-openstack-request-id': 'req-c76b90d1-b7e3-4637-98db-45148c002b4d'}
        Body: {"network": {"status": "ACTIVE", "subnets": [], "availability_zone_hints": [], "availability_zones": [], "name": "tempest-network-smoke--503484113", "admin_state_up": true, "tenant_id": "b839b882163f470d9568f329246fd093", "mtu": 1450, "router:external": false, "shared": false, "port_security_enabled": true, "id": "2b713c0b-6958-41da-a835-a356924342ee"}}
2016-02-18 18:28:10,803 27889 INFO     [tempest_lib.common.rest_client] Request (TestNetworkBasicOps:test_connectivity_between_vms_on_different_networks): 201 POST http://10.4.1.3:9696/v2.0/routers 0.332s
2016-02-18 18:28:10,803 27889 DEBUG    [tempest_lib.common.rest_client] Request - Headers: {'Content-Type': 'application/json', 'Accept': 'application/json', 'X-Auth-Token': '&lt;omitted&gt;'}
        Body: {"router": {"tenant_id": "b839b882163f470d9568f329246fd093", "name": "tempest-router-smoke-1255687563", "admin_state_up": true}}
    Response - Headers: {'status': '201', 'content-length': '239', 'connection': 'close', 'date': 'Thu, 18 Feb 2016 18:28:10 GMT', 'content-type': 'application/json; charset=UTF-8', 'x-openstack-request-id': 'req-a56f36f0-4725-4efa-8c6a-c9b0e1ffd3fc'}
        Body: {"router": {"status": "ACTIVE", "external_gateway_info": null, "name": "tempest-router-smoke-1255687563", "admin_state_up": true, "tenant_id": "b839b882163f470d9568f329246fd093", "routes": [], "id": "6a7ce3d5-44e0-4514-98ce-363ac27ca500"}}
2016-02-18 18:28:11,064 27889 INFO     [tempest_lib.common.rest_client] Request (TestNetworkBasicOps:test_connectivity_between_vms_on_different_networks): 200 GET http://10.4.1.3:9696/v2.0/routers/6a7ce3d5-44e0-4514-98ce-363ac27ca500 0.259s
2016-02-18 18:28:11,064 27889 DEBUG    [tempest_lib.common.rest_client] Request - Headers: {'Content-Type': 'application/json', 'Accept': 'application/json', 'X-Auth-Token': '&lt;omitted&gt;'}
        Body: None
    Response - Headers: {'status': '200', 'content-length': '239', 'content-location': 'http://10.4.1.3:9696/v2.0/routers/6a7ce3d5-44e0-4514-98ce-363ac27ca500', 'connection': 'close', 'date': 'Thu, 18 Feb 2016 18:28:11 GMT', 'content-type': 'application/json; charset=UTF-8', 'x-openstack-request-id': 'req-8c5f3fa3-f6d0-4485-8116-c908af0abd65'}
        Body: {"router": {"status": "ACTIVE", "external_gateway_info": null, "name": "tempest-router-smoke-1255687563", "admin_state_up": true, "tenant_id": "b839b882163f470d9568f329246fd093", "routes": [], "id": "6a7ce3d5-44e0-4514-98ce-363ac27ca500"}}
2016-02-18 18:28:11,914 27889 INFO     [tempest_lib.common.rest_client] Request (TestNetworkBasicOps:test_connectivity_between_vms_on_different_networks): 200 PUT http://10.4.1.3:9696/v2.0/routers/6a7ce3d5-44e0-4514-98ce-363ac27ca500 0.848s
2016-02-18 18:28:11,914 27889 DEBUG    [tempest_lib.common.rest_client] Request - Headers: {'Content-Type': 'application/json', 'Accept': 'application/json', 'X-Auth-Token': '&lt;omitted&gt;'}
        Body: {"router": {"external_gateway_info": {"network_id": "f4d97cbc-d92c-483e-96f0-21a8ec34d46b"}, "name": "tempest-router-smoke-1255687563", "admin_state_up": true}}
    Response - Headers: {'status': '200', 'content-length': '501', 'connection': 'close', 'date': 'Thu, 18 Feb 2016 18:28:11 GMT', 'content-type': 'application/json; charset=UTF-8', 'x-openstack-request-id': 'req-6f64bd6c-2ce0-4fa9-b44d-9e305c1b5538'}
        Body: {"router": {"status": "ACTIVE", "external_gateway_info": {"network_id": "f4d97cbc-d92c-483e-96f0-21a8ec34d46b", "enable_snat": true, "external_fixed_ips": [{"subnet_id": "9a6e35cd-c375-4982-8517-3edc6eba9d3b", "ip_address": "172.24.4.3"}, {"subnet_id": "283c0789-9b10-47e3-98d3-f740e5f38af2", "ip_address": "2001:db8::4"}]}, "name": "tempest-router-smoke-1255687563", "admin_state_up": true, "tenant_id": "b839b882163f470d9568f329246fd093", "routes": [], "id": "6a7ce3d5-44e0-4514-98ce-363ac27ca500"}}
2016-02-18 18:28:12,181 27889 INFO     [tempest_lib.common.rest_client] Request (TestNetworkBasicOps:test_connectivity_between_vms_on_different_networks): 200 GET http://10.4.1.3:9696/v2.0/subnets?tenant_id=b839b882163f470d9568f329246fd093&amp;cidr=10.100.0.0%2F28 0.265s
2016-02-18 18:28:12,182 27889 DEBUG    [tempest_lib.common.rest_client] Request - Headers: {'Content-Type': 'application/json', 'Accept': 'application/json', 'X-Auth-Token': '&lt;omitted&gt;'}
        Body: None
    Response - Headers: {'status': '200', 'content-length': '15', 'content-location': 'http://10.4.1.3:9696/v2.0/subnets?tenant_id=b839b882163f470d9568f329246fd093&amp;cidr=10.100.0.0%2F28', 'connection': 'close', 'date': 'Thu, 18 Feb 2016 18:28:12 GMT', 'content-type': 'application/json; charset=UTF-8', 'x-openstack-request-id': 'req-9b325c8f-ab0f-43ba-b03c-6652686fd50b'}
        Body: {"subnets": []}
2016-02-18 18:28:12,735 27889 INFO     [tempest_lib.common.rest_client] Request (TestNetworkBasicOps:test_connectivity_between_vms_on_different_networks): 201 POST http://10.4.1.3:9696/v2.0/subnets 0.552s
2016-02-18 18:28:12,736 27889 DEBUG    [tempest_lib.common.rest_client] Request - Headers: {'Content-Type': 'application/json', 'Accept': 'application/json', 'X-Auth-Token': '&lt;omitted&gt;'}
        Body: {"subnet": {"ip_version": 4, "tenant_id": "b839b882163f470d9568f329246fd093", "cidr": "10.100.0.0/28", "network_id": "2b713c0b-6958-41da-a835-a356924342ee", "name": "tempest-subnet-smoke-1765562825"}}
    Response - Headers: {'status': '201', 'content-length': '478', 'connection': 'close', 'date': 'Thu, 18 Feb 2016 18:28:12 GMT', 'content-type': 'application/json; charset=UTF-8', 'x-openstack-request-id': 'req-70df26ad-4250-431c-88a8-0b7ea9d12fd3'}
        Body: {"subnet": {"name": "tempest-subnet-smoke-1765562825", "enable_dhcp": true, "network_id": "2b713c0b-6958-41da-a835-a356924342ee", "tenant_id": "b839b882163f470d9568f329246fd093", "dns_nameservers": [], "gateway_ip": "10.100.0.1", "ipv6_ra_mode": null, "allocation_pools": [{"start": "10.100.0.2", "end": "10.100.0.14"}], "host_routes": [], "ip_version": 4, "ipv6_address_mode": null, "cidr": "10.100.0.0/28", "id": "89bd5738-30df-4526-a9bc-9b0a5821c189", "subnetpool_id": null}}
2016-02-18 18:28:13,597 27889 INFO     [tempest_lib.common.rest_client] Request (TestNetworkBasicOps:test_connectivity_between_vms_on_different_networks): 200 PUT http://10.4.1.3:9696/v2.0/routers/6a7ce3d5-44e0-4514-98ce-363ac27ca500/add_router_interface 0.859s
2016-02-18 18:28:13,597 27889 DEBUG    [tempest_lib.common.rest_client] Request - Headers: {'Content-Type': 'application/json', 'Accept': 'application/json', 'X-Auth-Token': '&lt;omitted&gt;'}
        Body: {"subnet_id": "89bd5738-30df-4526-a9bc-9b0a5821c189"}
    Response - Headers: {'status': '200', 'content-length': '309', 'connection': 'close', 'date': 'Thu, 18 Feb 2016 18:28:13 GMT', 'content-type': 'application/json; charset=UTF-8', 'x-openstack-request-id': 'req-4788e415-ce8d-4904-88d5-c2eea5f94d61'}
        Body: {"network_id": "2b713c0b-6958-41da-a835-a356924342ee", "tenant_id": "b839b882163f470d9568f329246fd093", "subnet_id": "89bd5738-30df-4526-a9bc-9b0a5821c189", "subnet_ids": ["89bd5738-30df-4526-a9bc-9b0a5821c189"], "port_id": "a51e9ff2-98ff-42b8-8faf-5a79ee70983a", "id": "6a7ce3d5-44e0-4514-98ce-363ac27ca500"}
2016-02-18 18:28:13,883 27889 INFO     [tempest_lib.common.rest_client] Request (TestNetworkBasicOps:test_connectivity_between_vms_on_different_networks): 200 GET http://10.4.1.3:9696/v2.0/networks 0.284s
2016-02-18 18:28:13,883 27889 DEBUG    [tempest_lib.common.rest_client] Request - Headers: {'Content-Type': 'application/json', 'Accept': 'application/json', 'X-Auth-Token': '&lt;omitted&gt;'}
        Body: None
    Response - Headers: {'status': '200', 'content-length': '1536', 'content-location': 'http://10.4.1.3:9696/v2.0/networks', 'connection': 'close', 'date': 'Thu, 18 Feb 2016 18:28:13 GMT', 'content-type': 'application/json; charset=UTF-8', 'x-openstack-request-id': 'req-70c34481-f913-4136-a773-f48458f09a71'}
        Body: {"networks": [{"status": "ACTIVE", "subnets": ["283c0789-9b10-47e3-98d3-f740e5f38af2", "9a6e35cd-c375-4982-8517-3edc6eba9d3b"], "availability_zone_hints": [], "availability_zones": ["nova"], "name": "public", "provider:physical_network": null, "admin_state_up": true, "tenant_id": "9ea0977d9bdb41f1b80a6ce30626360f", "mtu": 1450, "is_default": false, "router:external": true, "shared": false, "port_security_enabled": true, "provider:network_type": "vxlan", "id": "f4d97cbc-d92c-483e-96f0-21a8ec34d46b", "provider:segmentation_id": 1019}, {"status": "ACTIVE", "subnets": ["89bd5738-30df-4526-a9bc-9b0a5821c189"], "availability_zone_hints": [], "availability_zones": ["nova"], "name": "tempest-network-smoke--503484113", "provider:physical_network": null, "admin_state_up": true, "tenant_id": "b839b882163f470d9568f329246fd093", "mtu": 1450, "router:external": false, "shared": false, "port_security_enabled": true, "provider:network_type": "vxlan", "id": "2b713c0b-6958-41da-a835-a356924342ee", "provider:segmentation_id": 1005}, {"status": "ACTIVE", "subnets": ["8affd785-ea86-4a9a-a5dc-88caee2efdb7", "656676e3-713c-4945-a8f6-466b5971c346"], "availability_zone_hints": [], "availability_zones": ["nova"], "name": "private", "provider:physical_network": null, "admin_state_up": true, "tenant_id": "40c9e72ae7d74e9daaa16609108158f1", "mtu": 1450, "router:external": false, "shared": false, "port_security_enabled": true, "provider:network_type": "vxlan", "id": "0bf84bb7-651f-4001-b06c-8343b6abf721", "provider:segmentation_id": 1025}]}
2016-02-18 18:28:14,149 27889 INFO     [tempest_lib.common.rest_client] Request (TestNetworkBasicOps:test_connectivity_between_vms_on_different_networks): 200 GET http://10.4.1.3:9696/v2.0/subnets 0.264s
2016-02-18 18:28:14,150 27889 DEBUG    [tempest_lib.common.rest_client] Request - Headers: {'Content-Type': 'application/json', 'Accept': 'application/json', 'X-Auth-Token': '&lt;omitted&gt;'}
        Body: None
    Response - Headers: {'status': '200', 'content-length': '2408', 'content-location': 'http://10.4.1.3:9696/v2.0/subnets', 'connection': 'close', 'date': 'Thu, 18 Feb 2016 18:28:14 GMT', 'content-type': 'application/json; charset=UTF-8', 'x-openstack-request-id': 'req-eb3a4731-f2cb-4175-a7cd-5cd8ea6d1b32'}
        Body: {"subnets": [{"name": "tempest-subnet-smoke-1765562825", "enable_dhcp": true, "network_id": "2b713c0b-6958-41da-a835-a356924342ee", "tenant_id": "b839b882163f470d9568f329246fd093", "dns_nameservers": [], "gateway_ip": "10.100.0.1", "ipv6_ra_mode": null, "allocation_pools": [{"start": "10.100.0.2", "end": "10.100.0.14"}], "host_routes": [], "ip_version": 4, "ipv6_address_mode": null, "cidr": "10.100.0.0/28", "id": "89bd5738-30df-4526-a9bc-9b0a5821c189", "subnetpool_id": null}, {"name": "private-subnet", "enable_dhcp": true, "network_id": "0bf84bb7-651f-4001-b06c-8343b6abf721", "tenant_id": "40c9e72ae7d74e9daaa16609108158f1", "dns_nameservers": [], "gateway_ip": "10.0.0.1", "ipv6_ra_mode": null, "allocation_pools": [{"start": "10.0.0.2", "end": "10.0.0.254"}], "host_routes": [], "ip_version": 4, "ipv6_address_mode": null, "cidr": "10.0.0.0/24", "id": "656676e3-713c-4945-a8f6-466b5971c346", "subnetpool_id": null}, {"name": "ipv6-public-subnet", "enable_dhcp": false, "network_id": "f4d97cbc-d92c-483e-96f0-21a8ec34d46b", "tenant_id": "9ea0977d9bdb41f1b80a6ce30626360f", "dns_nameservers": [], "gateway_ip": "2001:db8::2", "ipv6_ra_mode": null, "allocation_pools": [{"start": "2001:db8::1", "end": "2001:db8::1"}, {"start": "2001:db8::3", "end": "2001:db8::ffff:ffff:ffff:ffff"}], "host_routes": [], "ip_version": 6, "ipv6_address_mode": null, "cidr": "2001:db8::/64", "id": "283c0789-9b10-47e3-98d3-f740e5f38af2", "subnetpool_id": null}, {"name": "public-subnet", "enable_dhcp": false, "network_id": "f4d97cbc-d92c-483e-96f0-21a8ec34d46b", "tenant_id": "9ea0977d9bdb41f1b80a6ce30626360f", "dns_nameservers": [], "gateway_ip": "172.24.4.1", "ipv6_ra_mode": null, "allocation_pools": [{"start": "172.24.4.2", "end": "172.24.4.254"}], "host_routes": [], "ip_version": 4, "ipv6_address_mode": null, "cidr": "172.24.4.0/24", "id": "9a6e35cd-c375-4982-8517-3edc6eba9d3b", "subnetpool_id": null}, {"name": "ipv6-private-subnet", "enable_dhcp": true, "network_id": "0bf84bb7-651f-4001-b06c-8343b6abf721", "tenant_id": "40c9e72ae7d74e9daaa16609108158f1", "dns_nameservers": [], "gateway_ip": "fd90:c6c2:1bf7::1", "ipv6_ra_mode": "slaac", "allocation_pools": [{"start": "fd90:c6c2:1bf7::2", "end": "fd90:c6c2:1bf7:0:ffff:ffff:ffff:ffff"}], "host_routes": [], "ip_version": 6, "ipv6_address_mode": "slaac", "cidr": "fd90:c6c2:1bf7::/64", "id": "8affd785-ea86-4a9a-a5dc-88caee2efdb7", "subnetpool_id": null}]}
2016-02-18 18:28:14,434 27889 INFO     [tempest_lib.common.rest_client] Request (TestNetworkBasicOps:test_connectivity_between_vms_on_different_networks): 200 GET http://10.4.1.3:9696/v2.0/routers 0.283s
2016-02-18 18:28:14,435 27889 DEBUG    [tempest_lib.common.rest_client] Request - Headers: {'Content-Type': 'application/json', 'Accept': 'application/json', 'X-Auth-Token': '&lt;omitted&gt;'}
        Body: None
    Response - Headers: {'status': '200', 'content-length': '1015', 'content-location': 'http://10.4.1.3:9696/v2.0/routers', 'connection': 'close', 'date': 'Thu, 18 Feb 2016 18:28:14 GMT', 'content-type': 'application/json; charset=UTF-8', 'x-openstack-request-id': 'req-7f75453c-348a-41a8-8aa5-d5cf21f8b6b5'}
        Body: {"routers": [{"status": "ACTIVE", "external_gateway_info": {"network_id": "f4d97cbc-d92c-483e-96f0-21a8ec34d46b", "enable_snat": true, "external_fixed_ips": [{"subnet_id": "9a6e35cd-c375-4982-8517-3edc6eba9d3b", "ip_address": "172.24.4.2"}, {"subnet_id": "283c0789-9b10-47e3-98d3-f740e5f38af2", "ip_address": "2001:db8::3"}]}, "name": "router1", "admin_state_up": true, "tenant_id": "40c9e72ae7d74e9daaa16609108158f1", "distributed": false, "routes": [], "id": "00ea2cae-fc4a-4620-9d71-86bcc60314ed"}, {"status": "ACTIVE", "external_gateway_info": {"network_id": "f4d97cbc-d92c-483e-96f0-21a8ec34d46b", "enable_snat": true, "external_fixed_ips": [{"subnet_id": "9a6e35cd-c375-4982-8517-3edc6eba9d3b", "ip_address": "172.24.4.3"}, {"subnet_id": "283c0789-9b10-47e3-98d3-f740e5f38af2", "ip_address": "2001:db8::4"}]}, "name": "tempest-router-smoke-1255687563", "admin_state_up": true, "tenant_id": "b839b882163f470d9568f329246fd093", "distributed": false, "routes": [], "id": "6a7ce3d5-44e0-4514-98ce-363ac27ca500"}]}
2016-02-18 18:28:15,147 27889 INFO     [tempest_lib.common.rest_client] Request (TestNetworkBasicOps:test_connectivity_between_vms_on_different_networks): 200 POST http://10.4.1.3:8774/v2.1/b839b882163f470d9568f329246fd093/os-keypairs 0.710s
2016-02-18 18:28:15,147 27889 DEBUG    [tempest_lib.common.rest_client] Request - Headers: {'Content-Type': 'application/json', 'Accept': 'application/json', 'X-Auth-Token': '&lt;omitted&gt;'}
        Body: {"keypair": {"name": "tempest-TestNetworkBasicOps-482684580"}}
    Response - Headers: {'status': '200', 'content-length': '2320', 'x-compute-request-id': 'req-1ce26917-fcf0-459f-ad01-a443a92c2bff', 'vary': 'X-OpenStack-Nova-API-Version', 'connection': 'close', 'x-openstack-nova-api-version': '2.1', 'date': 'Thu, 18 Feb 2016 18:28:15 GMT', 'content-type': 'application/json'}
        Body: {"keypair": {"public_key": "ssh-rsa AAAAB3NzaC1yc2EAAAADAQABAAABAQDRZHCr9RJIM3oZAj1KdpxWT6B+2edjO/t8qaGVVjAAm4Gi4TQC2KH3q2eFl8HSqhE5Lj9y/jv6aBJWFX07YWoMI98TLN2SlEvkTG88c4G5/7YS1Up5uy+SypshH7USJ92BEMng0kE9Nt2K/ut9+nAmWjO2axohLlILTwM8N+juV31Hb7cc3RSc0HPQ1PfoRQivkVOZ5c+5SdO5yfqDbeo30owvtjRCU//F+o6h5kyJAqc2aYskNt9foM5MXQfiDMGQrqoF11bdjswXJSp+Ud2brSeRQ2Z/iTvIYrJj9jSXhBjkYrmuL9NheE+q8B/NM3crSNrINocgcTlfo7DzLkX5 Generated-by-Nova", "private_key": "-----BEGIN RSA PRIVATE KEY-----\nMIIEqAIBAAKCAQEA0WRwq/USSDN6GQI9SnacVk+gftnnYzv7fKmhlVYwAJuBouE0\nAtih96tnhZfB0qoROS4/cv47+mgSVhV9O2FqDCPfEyzdkpRL5ExvPHOBuf+2EtVK\nebsvksqbIR+1EifdgRDJ4NJBPTbdiv7rffpwJloztmsaIS5SC08DPDfo7ld9R2+3\nHN0UnNBz0NT36EUIr5FTmeXPuUnTucn6g23qN9KML7Y0QlP/xfqOoeZMiQKnNmmL\nJDbfX6DOTF0H4gzBkK6qBddW3Y7MFyUqflHdm60nkUNmf4k7yGKyY/Y0l4QY5GK5\nri/TYXhPqvAfzTN3K0jayDaHIHE5X6Ow8y5F+QIDAQABAoIBADuAPiAvGM3ZiuWW\nZFJHmC9SmznQs9bYEaOgFGF6R1O03MarFfuFEaluVJF6yUISv6gvAyqrIeILNsKt\ngpOgH+FpRBeP1Tq010f9jFJyRDfVeSiq4WnsDh25YxGrj+mj2Ga3nZY8SPubHqND\nwyleRAYx9aXtk1RAdGHwRuwSuycWw2ILbSqrop8wZKPYIaSFFHhYe1Hn1XU3yg7X\ngPWJE8Y3giu7HalQmIdgT4KQb6IfTAI76CH1ARJ9OXGbhTX2A0DVUWkgQ7+vn+p7\nHVnnWKLL0QbA62iyOccsqSRiD3hr8rkWhs5JMGVnIj3bVsl7VJWa7jD54NRPn93/\nr6p75gECggCBANUOX5FjJQ3FQ9D1Q5Uf+5zsAISdlM1bp0kacVlTnK2GOwlZhvcA\n3JzanAJv3wTopYdxb5xGtvCmMFnm7js7Jd/fEIh/Z0IhRa3i79l5qiofM4ls4OMX\np7npVIOcl0hBL/A20lWYXgqMk3RnaKH41AqpGhra3w7FMPOoWUWacNrBAoIAgQD7\nmQQPs8v/DNgXvYx/ysrfEDBhwEUWCUUFSXprzw49Um9hQDT3VdzPT3yj4dwkB3oO\n/dGqKZIXVpytiuDsxVHW+UUiFShopPryizWGZTbZYhppjdys+vWHg/4w9sCC3i3Y\nd40Cw1O/a8D/NfslLmWGwFnHZIk/qdxY1CaPOPbROQKCAIBSze5ItC7Phk6QJPKq\nP67r0zF0WUZe9fMzT0qkfAGV02iYfqocz8HuWGxv6gjUgJLs7CKDq1wodX6vQjhu\n3tMeijSDyHhaVFIffebYMBf5nPzLuXxB5oyyjcPiDvchBuzZwITI7ZoHIZGhmRsq\ncGoA5q4Vp+EvfWZEHLbtfVPFQQKCAIEA1TMqFOBIGl3Y8+0klNnUpcdDKGJUaML8\nIOnN+nNf3qjvRxqwh3LUBTyXIwxujn1jejatp6NIb8xuQkTwKtNecWuToLkLH/nF\nySgb+EHmg7k1JoMXH+Idk3NPQFCoe30onklYTaIVYp0900X8BtrVH6X5rhRMlY0r\n8n38Gturk0kCggCAMcpSt6/O1sXiMoIsDKmu0MIrxsCu469Z3mE8xYAicGAmrLYI\n4dKPEiwTsTZIpTlmZxLUPtqsUDzZXFA2xFrT1bSC/v0V7BF7lOGXK4pARoiIhIFW\nl87du5+niCyFizHb9nshLpaQWVEBK8JM/xaP77iCyw9fPQW0Yq4UbvgOWVw=\n-----END RSA PRIVATE KEY-----\n", "user_id": "9da2fa69a6b2446294aed51c2d7390dd", "name": "tempest-TestNetworkBasicOps-482684580", "fingerprint": "76:07:c3:67:a6:bb:de:e4:cb:96:e2:ff:e6:e1:0e:34"}}
2016-02-18 18:28:15,331 27889 INFO     [tempest_lib.common.rest_client] Request (TestNetworkBasicOps:test_connectivity_between_vms_on_different_networks): 200 POST http://10.4.1.3:5000/v2.0/tokens
2016-02-18 18:28:15,331 27889 DEBUG    [tempest_lib.common.rest_client] Request - Headers: {'Content-Type': 'application/json', 'Accept': 'application/json'}
        Body: &lt;omitted&gt;
    Response - Headers: {'status': '200', 'content-length': '2258', 'vary': 'X-Auth-Token', 'server': 'Apache/2.4.7 (Ubuntu)', 'connection': 'close', 'date': 'Thu, 18 Feb 2016 18:28:15 GMT', 'content-type': 'application/json', 'x-openstack-request-id': 'req-59984539-9373-4461-bf77-5e000942cc54'}
        Body: {"access": {"token": {"issued_at": "2016-02-18T18:28:15.314949", "expires": "2016-02-18T19:28:15Z", "id": "dd34710a882b4accb06832e96cc35c5d", "tenant": {"description": "tempest-TestNetworkBasicOps-1470297906-desc", "enabled": true, "id": "b839b882163f470d9568f329246fd093", "name": "tempest-TestNetworkBasicOps-1470297906"}, "audit_ids": ["taNKBsMvStuZB1HceDEDmQ"]}, "serviceCatalog": [{"endpoints": [{"adminURL": "http://10.4.1.3:9292", "region": "RegionOne", "internalURL": "http://10.4.1.3:9292", "id": "6da6842a20374515b4adfa536520b2ba", "publicURL": "http://10.4.1.3:9292"}], "endpoints_links": [], "type": "image", "name": "glance"}, {"endpoints": [{"adminURL": "http://10.4.1.3:8774/v2.1/b839b882163f470d9568f329246fd093", "region": "RegionOne", "internalURL": "http://10.4.1.3:8774/v2.1/b839b882163f470d9568f329246fd093", "id": "07cff9c973314d49bfbfa528af96252b", "publicURL": "http://10.4.1.3:8774/v2.1/b839b882163f470d9568f329246fd093"}], "endpoints_links": [], "type": "compute", "name": "nova"}, {"endpoints": [{"adminURL": "http://10.4.1.3:8774/v2/b839b882163f470d9568f329246fd093", "region": "RegionOne", "internalURL": "http://10.4.1.3:8774/v2/b839b882163f470d9568f329246fd093", "id": "56295acbdc3d45c096f7a05161079e33", "publicURL": "http://10.4.1.3:8774/v2/b839b882163f470d9568f329246fd093"}], "endpoints_links": [], "type": "compute_legacy", "name": "nova_legacy"}, {"endpoints": [{"adminURL": "http://10.4.1.3:35357/v2.0", "region": "RegionOne", "internalURL": "http://10.4.1.3:5000/v2.0", "id": "2ed259f4b7de427dbd677dd699f4bf3e", "publicURL": "http://10.4.1.3:5000/v2.0"}], "endpoints_links": [], "type": "identity", "name": "keystone"}, {"endpoints": [{"adminURL": "http://10.4.1.3:9696/", "region": "RegionOne", "internalURL": "http://10.4.1.3:9696/", "id": "6f8ac268468f4f84bc17e72a883c8d9f", "publicURL": "http://10.4.1.3:9696/"}], "endpoints_links": [], "type": "network", "name": "neutron"}], "user": {"username": "tempest-TestNetworkBasicOps-331416900", "roles_links": [], "id": "9da2fa69a6b2446294aed51c2d7390dd", "roles": [{"name": "_member_"}, {"name": "Member"}], "name": "tempest-TestNetworkBasicOps-331416900"}, "metadata": {"is_admin": 0, "roles": ["9fe2ff9ee4384b1894a90878d3e92bab", "08d433f55af1489ca1f4cf3d1d9a767f"]}}}
2016-02-18 18:28:15,340 27889 DEBUG    [tempest.common.fixed_network] (TestNetworkBasicOps:test_connectivity_between_vms_on_different_networks) No valid network provided or created, defaulting to fixed_network_name
2016-02-18 18:28:15,829 27889 INFO     [tempest_lib.common.rest_client] Request (TestNetworkBasicOps:test_connectivity_between_vms_on_different_networks): 200 GET http://10.4.1.3:8774/v2.1/b839b882163f470d9568f329246fd093/os-networks 0.488s
2016-02-18 18:28:15,829 27889 DEBUG    [tempest_lib.common.rest_client] Request - Headers: {'Content-Type': 'application/json', 'Accept': 'application/json', 'X-Auth-Token': '&lt;omitted&gt;'}
        Body: None
    Response - Headers: {'status': '200', 'content-length': '478', 'content-location': 'http://10.4.1.3:8774/v2.1/b839b882163f470d9568f329246fd093/os-networks', 'x-compute-request-id': 'req-a8628264-9946-4356-9cd0-fa8a9d2de0bb', 'vary': 'X-OpenStack-Nova-API-Version', 'connection': 'close', 'x-openstack-nova-api-version': '2.1', 'date': 'Thu, 18 Feb 2016 18:28:15 GMT', 'content-type': 'application/json'}
        Body: {"networks": [{"cidr_v6": null, "dns2": null, "dns1": null, "gateway": null, "broadcast": null, "netmask": null, "gateway_v6": null, "cidr": null, "label": "tempest-network-smoke--503484113", "id": "2b713c0b-6958-41da-a835-a356924342ee", "netmask_v6": null}, {"cidr_v6": null, "dns2": null, "dns1": null, "gateway": null, "broadcast": null, "netmask": null, "gateway_v6": null, "cidr": null, "label": "public", "id": "f4d97cbc-d92c-483e-96f0-21a8ec34d46b", "netmask_v6": null}]}
2016-02-18 18:28:15,830 27889 WARNING  [tempest.common.fixed_network] (TestNetworkBasicOps:test_connectivity_between_vms_on_different_networks) Network with name: private not found
2016-02-18 18:28:15,830 27889 INFO     [tempest.common.fixed_network] (TestNetworkBasicOps:test_connectivity_between_vms_on_different_networks) Found network {} available for tenant
2016-02-18 18:28:18,877 27889 INFO     [tempest_lib.common.rest_client] Request (TestNetworkBasicOps:test_connectivity_between_vms_on_different_networks): 202 POST http://10.4.1.3:8774/v2.1/b839b882163f470d9568f329246fd093/servers 3.046s
2016-02-18 18:28:18,878 27889 DEBUG    [tempest_lib.common.rest_client] Request - Headers: {'Content-Type': 'application/json', 'Accept': 'application/json', 'X-Auth-Token': '&lt;omitted&gt;'}
        Body: {"server": {"name": "tempest-server-smoke-2109329020", "imageRef": "c64fce93-0a63-4f01-b16d-b2b74824747f", "key_name": "tempest-TestNetworkBasicOps-482684580", "flavorRef": "42", "networks": [{"uuid": "2b713c0b-6958-41da-a835-a356924342ee"}], "security_groups": [{"name": "tempest-secgroup-smoke-858206965"}]}}
    Response - Headers: {'status': '202', 'content-length': '459', 'x-compute-request-id': 'req-ef8e85ea-142f-4798-b0aa-74c6e0dfa31d', 'vary': 'X-OpenStack-Nova-API-Version', 'connection': 'close', 'location': 'http://10.4.1.3:8774/v2.1/b839b882163f470d9568f329246fd093/servers/f6ec74b2-9f41-4a5f-94f0-2620f03be177', 'x-openstack-nova-api-version': '2.1', 'date': 'Thu, 18 Feb 2016 18:28:18 GMT', 'content-type': 'application/json'}
        Body: {"server": {"security_groups": [{"name": "tempest-secgroup-smoke-858206965"}], "OS-DCF:diskConfig": "MANUAL", "id": "f6ec74b2-9f41-4a5f-94f0-2620f03be177", "links": [{"href": "http://10.4.1.3:8774/v2.1/b839b882163f470d9568f329246fd093/servers/f6ec74b2-9f41-4a5f-94f0-2620f03be177", "rel": "self"}, {"href": "http://10.4.1.3:8774/b839b882163f470d9568f329246fd093/servers/f6ec74b2-9f41-4a5f-94f0-2620f03be177", "rel": "bookmark"}], "adminPass": "DTvs9UT6BXnv"}}
2016-02-18 18:28:19,391 27889 INFO     [tempest_lib.common.rest_client] Request (TestNetworkBasicOps:test_connectivity_between_vms_on_different_networks): 200 GET http://10.4.1.3:8774/v2.1/b839b882163f470d9568f329246fd093/servers/f6ec74b2-9f41-4a5f-94f0-2620f03be177 0.510s
2016-02-18 18:28:19,391 27889 DEBUG    [tempest_lib.common.rest_client] Request - Headers: {'Content-Type': 'application/json', 'Accept': 'application/json', 'X-Auth-Token': '&lt;omitted&gt;'}
        Body: None
    Response - Headers: {'status': '200', 'content-length': '1340', 'content-location': 'http://10.4.1.3:8774/v2.1/b839b882163f470d9568f329246fd093/servers/f6ec74b2-9f41-4a5f-94f0-2620f03be177', 'x-compute-request-id': 'req-4d2f9cd4-9b75-4ed8-b465-c3e4c2d57c86', 'vary': 'X-OpenStack-Nova-API-Version', 'connection': 'close', 'x-openstack-nova-api-version': '2.1', 'date': 'Thu, 18 Feb 2016 18:28:19 GMT', 'content-type': 'application/json'}
        Body: {"server": {"status": "BUILD", "updated": "2016-02-18T18:28:19Z", "hostId": "", "addresses": {}, "links": [{"href": "http://10.4.1.3:8774/v2.1/b839b882163f470d9568f329246fd093/servers/f6ec74b2-9f41-4a5f-94f0-2620f03be177", "rel": "self"}, {"href": "http://10.4.1.3:8774/b839b882163f470d9568f329246fd093/servers/f6ec74b2-9f41-4a5f-94f0-2620f03be177", "rel": "bookmark"}], "key_name": "tempest-TestNetworkBasicOps-482684580", "image": {"id": "c64fce93-0a63-4f01-b16d-b2b74824747f", "links": [{"href": "http://10.4.1.3:8774/b839b882163f470d9568f329246fd093/images/c64fce93-0a63-4f01-b16d-b2b74824747f", "rel": "bookmark"}]}, "OS-EXT-STS:task_state": "scheduling", "OS-EXT-STS:vm_state": "building", "OS-SRV-USG:launched_at": null, "flavor": {"id": "42", "links": [{"href": "http://10.4.1.3:8774/b839b882163f470d9568f329246fd093/flavors/42", "rel": "bookmark"}]}, "id": "f6ec74b2-9f41-4a5f-94f0-2620f03be177", "OS-SRV-USG:terminated_at": null, "OS-EXT-AZ:availability_zone": "", "user_id": "9da2fa69a6b2446294aed51c2d7390dd", "name": "tempest-server-smoke-2109329020", "created": "2016-02-18T18:28:18Z", "tenant_id": "b839b882163f470d9568f329246fd093", "OS-DCF:diskConfig": "MANUAL", "os-extended-volumes:volumes_attached": [], "accessIPv4": "", "accessIPv6": "", "progress": 0, "OS-EXT-STS:power_state": 0, "config_drive": "", "metadata": {}}}
2016-02-18 18:28:21,022 27889 INFO     [tempest_lib.common.rest_client] Request (TestNetworkBasicOps:test_connectivity_between_vms_on_different_networks): 200 GET http://10.4.1.3:8774/v2.1/b839b882163f470d9568f329246fd093/servers/f6ec74b2-9f41-4a5f-94f0-2620f03be177 0.620s
2016-02-18 18:28:21,022 27889 DEBUG    [tempest_lib.common.rest_client] Request - Headers: {'Content-Type': 'application/json', 'Accept': 'application/json', 'X-Auth-Token': '&lt;omitted&gt;'}
        Body: None
    Response - Headers: {'status': '200', 'content-length': '1398', 'content-location': 'http://10.4.1.3:8774/v2.1/b839b882163f470d9568f329246fd093/servers/f6ec74b2-9f41-4a5f-94f0-2620f03be177', 'x-compute-request-id': 'req-7078617f-6d17-48ef-b515-baef9311d68d', 'vary': 'X-OpenStack-Nova-API-Version', 'connection': 'close', 'x-openstack-nova-api-version': '2.1', 'date': 'Thu, 18 Feb 2016 18:28:21 GMT', 'content-type': 'application/json'}
        Body: {"server": {"status": "BUILD", "updated": "2016-02-18T18:28:20Z", "hostId": "795ae2968a63c4e430bccc73bef2c5db2095f07972283390060e9490", "addresses": {}, "links": [{"href": "http://10.4.1.3:8774/v2.1/b839b882163f470d9568f329246fd093/servers/f6ec74b2-9f41-4a5f-94f0-2620f03be177", "rel": "self"}, {"href": "http://10.4.1.3:8774/b839b882163f470d9568f329246fd093/servers/f6ec74b2-9f41-4a5f-94f0-2620f03be177", "rel": "bookmark"}], "key_name": "tempest-TestNetworkBasicOps-482684580", "image": {"id": "c64fce93-0a63-4f01-b16d-b2b74824747f", "links": [{"href": "http://10.4.1.3:8774/b839b882163f470d9568f329246fd093/images/c64fce93-0a63-4f01-b16d-b2b74824747f", "rel": "bookmark"}]}, "OS-EXT-STS:task_state": "spawning", "OS-EXT-STS:vm_state": "building", "OS-SRV-USG:launched_at": null, "flavor": {"id": "42", "links": [{"href": "http://10.4.1.3:8774/b839b882163f470d9568f329246fd093/flavors/42", "rel": "bookmark"}]}, "id": "f6ec74b2-9f41-4a5f-94f0-2620f03be177", "OS-SRV-USG:terminated_at": null, "OS-EXT-AZ:availability_zone": "nova", "user_id": "9da2fa69a6b2446294aed51c2d7390dd", "name": "tempest-server-smoke-2109329020", "created": "2016-02-18T18:28:18Z", "tenant_id": "b839b882163f470d9568f329246fd093", "OS-DCF:diskConfig": "MANUAL", "os-extended-volumes:volumes_attached": [], "accessIPv4": "", "accessIPv6": "", "progress": 0, "OS-EXT-STS:power_state": 0, "config_drive": "", "metadata": {}}}
2016-02-18 18:28:21,030 27889 INFO     [tempest.common.waiters] State transition "BUILD/scheduling" ==&gt; "BUILD/spawning" after 2 second wait
2016-02-18 18:28:22,805 27889 INFO     [tempest_lib.common.rest_client] Request (TestNetworkBasicOps:test_connectivity_between_vms_on_different_networks): 200 GET http://10.4.1.3:8774/v2.1/b839b882163f470d9568f329246fd093/servers/f6ec74b2-9f41-4a5f-94f0-2620f03be177 0.773s
2016-02-18 18:28:22,806 27889 DEBUG    [tempest_lib.common.rest_client] Request - Headers: {'Content-Type': 'application/json', 'Accept': 'application/json', 'X-Auth-Token': '&lt;omitted&gt;'}
        Body: None
    Response - Headers: {'status': '200', 'content-length': '1465', 'content-location': 'http://10.4.1.3:8774/v2.1/b839b882163f470d9568f329246fd093/servers/f6ec74b2-9f41-4a5f-94f0-2620f03be177', 'x-compute-request-id': 'req-52073688-3e94-4c6c-9ecf-63c8cb04597d', 'vary': 'X-OpenStack-Nova-API-Version', 'connection': 'close', 'x-openstack-nova-api-version': '2.1', 'date': 'Thu, 18 Feb 2016 18:28:22 GMT', 'content-type': 'application/json'}
        Body: {"server": {"status": "BUILD", "updated": "2016-02-18T18:28:20Z", "hostId": "795ae2968a63c4e430bccc73bef2c5db2095f07972283390060e9490", "addresses": {}, "links": [{"href": "http://10.4.1.3:8774/v2.1/b839b882163f470d9568f329246fd093/servers/f6ec74b2-9f41-4a5f-94f0-2620f03be177", "rel": "self"}, {"href": "http://10.4.1.3:8774/b839b882163f470d9568f329246fd093/servers/f6ec74b2-9f41-4a5f-94f0-2620f03be177", "rel": "bookmark"}], "key_name": "tempest-TestNetworkBasicOps-482684580", "image": {"id": "c64fce93-0a63-4f01-b16d-b2b74824747f", "links": [{"href": "http://10.4.1.3:8774/b839b882163f470d9568f329246fd093/images/c64fce93-0a63-4f01-b16d-b2b74824747f", "rel": "bookmark"}]}, "OS-EXT-STS:task_state": "spawning", "OS-EXT-STS:vm_state": "building", "OS-SRV-USG:launched_at": null, "flavor": {"id": "42", "links": [{"href": "http://10.4.1.3:8774/b839b882163f470d9568f329246fd093/flavors/42", "rel": "bookmark"}]}, "id": "f6ec74b2-9f41-4a5f-94f0-2620f03be177", "security_groups": [{"name": "tempest-secgroup-smoke-858206965"}], "OS-SRV-USG:terminated_at": null, "OS-EXT-AZ:availability_zone": "nova", "user_id": "9da2fa69a6b2446294aed51c2d7390dd", "name": "tempest-server-smoke-2109329020", "created": "2016-02-18T18:28:18Z", "tenant_id": "b839b882163f470d9568f329246fd093", "OS-DCF:diskConfig": "MANUAL", "os-extended-volumes:volumes_attached": [], "accessIPv4": "", "accessIPv6": "", "progress": 0, "OS-EXT-STS:power_state": 0, "config_drive": "", "metadata": {}}}
2016-02-18 18:28:24,622 27889 INFO     [tempest_lib.common.rest_client] Request (TestNetworkBasicOps:test_connectivity_between_vms_on_different_networks): 200 GET http://10.4.1.3:8774/v2.1/b839b882163f470d9568f329246fd093/servers/f6ec74b2-9f41-4a5f-94f0-2620f03be177 0.804s
2016-02-18 18:28:24,623 27889 DEBUG    [tempest_lib.common.rest_client] Request - Headers: {'Content-Type': 'application/json', 'Accept': 'application/json', 'X-Auth-Token': '&lt;omitted&gt;'}
        Body: None
    Response - Headers: {'status': '200', 'content-length': '1465', 'content-location': 'http://10.4.1.3:8774/v2.1/b839b882163f470d9568f329246fd093/servers/f6ec74b2-9f41-4a5f-94f0-2620f03be177', 'x-compute-request-id': 'req-b940b4a3-c7a7-4702-88b9-0d3320966ac3', 'vary': 'X-OpenStack-Nova-API-Version', 'connection': 'close', 'x-openstack-nova-api-version': '2.1', 'date': 'Thu, 18 Feb 2016 18:28:24 GMT', 'content-type': 'application/json'}
        Body: {"server": {"status": "BUILD", "updated": "2016-02-18T18:28:20Z", "hostId": "795ae2968a63c4e430bccc73bef2c5db2095f07972283390060e9490", "addresses": {}, "links": [{"href": "http://10.4.1.3:8774/v2.1/b839b882163f470d9568f329246fd093/servers/f6ec74b2-9f41-4a5f-94f0-2620f03be177", "rel": "self"}, {"href": "http://10.4.1.3:8774/b839b882163f470d9568f329246fd093/servers/f6ec74b2-9f41-4a5f-94f0-2620f03be177", "rel": "bookmark"}], "key_name": "tempest-TestNetworkBasicOps-482684580", "image": {"id": "c64fce93-0a63-4f01-b16d-b2b74824747f", "links": [{"href": "http://10.4.1.3:8774/b839b882163f470d9568f329246fd093/images/c64fce93-0a63-4f01-b16d-b2b74824747f", "rel": "bookmark"}]}, "OS-EXT-STS:task_state": "spawning", "OS-EXT-STS:vm_state": "building", "OS-SRV-USG:launched_at": null, "flavor": {"id": "42", "links": [{"href": "http://10.4.1.3:8774/b839b882163f470d9568f329246fd093/flavors/42", "rel": "bookmark"}]}, "id": "f6ec74b2-9f41-4a5f-94f0-2620f03be177", "security_groups": [{"name": "tempest-secgroup-smoke-858206965"}], "OS-SRV-USG:terminated_at": null, "OS-EXT-AZ:availability_zone": "nova", "user_id": "9da2fa69a6b2446294aed51c2d7390dd", "name": "tempest-server-smoke-2109329020", "created": "2016-02-18T18:28:18Z", "tenant_id": "b839b882163f470d9568f329246fd093", "OS-DCF:diskConfig": "MANUAL", "os-extended-volumes:volumes_attached": [], "accessIPv4": "", "accessIPv6": "", "progress": 0, "OS-EXT-STS:power_state": 0, "config_drive": "", "metadata": {}}}
2016-02-18 18:28:26,310 27889 INFO     [tempest_lib.common.rest_client] Request (TestNetworkBasicOps:test_connectivity_between_vms_on_different_networks): 200 GET http://10.4.1.3:8774/v2.1/b839b882163f470d9568f329246fd093/servers/f6ec74b2-9f41-4a5f-94f0-2620f03be177 0.672s
2016-02-18 18:28:26,310 27889 DEBUG    [tempest_lib.common.rest_client] Request - Headers: {'Content-Type': 'application/json', 'Accept': 'application/json', 'X-Auth-Token': '&lt;omitted&gt;'}
        Body: None
    Response - Headers: {'status': '200', 'content-length': '1636', 'content-location': 'http://10.4.1.3:8774/v2.1/b839b882163f470d9568f329246fd093/servers/f6ec74b2-9f41-4a5f-94f0-2620f03be177', 'x-compute-request-id': 'req-1f19b762-3ac4-4177-bd91-cb2a8395e100', 'vary': 'X-OpenStack-Nova-API-Version', 'connection': 'close', 'x-openstack-nova-api-version': '2.1', 'date': 'Thu, 18 Feb 2016 18:28:26 GMT', 'content-type': 'application/json'}
        Body: {"server": {"status": "ACTIVE", "updated": "2016-02-18T18:28:25Z", "hostId": "795ae2968a63c4e430bccc73bef2c5db2095f07972283390060e9490", "addresses": {"tempest-network-smoke--503484113": [{"OS-EXT-IPS-MAC:mac_addr": "fa:16:3e:76:d6:46", "version": 4, "addr": "10.100.0.3", "OS-EXT-IPS:type": "fixed"}]}, "links": [{"href": "http://10.4.1.3:8774/v2.1/b839b882163f470d9568f329246fd093/servers/f6ec74b2-9f41-4a5f-94f0-2620f03be177", "rel": "self"}, {"href": "http://10.4.1.3:8774/b839b882163f470d9568f329246fd093/servers/f6ec74b2-9f41-4a5f-94f0-2620f03be177", "rel": "bookmark"}], "key_name": "tempest-TestNetworkBasicOps-482684580", "image": {"id": "c64fce93-0a63-4f01-b16d-b2b74824747f", "links": [{"href": "http://10.4.1.3:8774/b839b882163f470d9568f329246fd093/images/c64fce93-0a63-4f01-b16d-b2b74824747f", "rel": "bookmark"}]}, "OS-EXT-STS:task_state": null, "OS-EXT-STS:vm_state": "active", "OS-SRV-USG:launched_at": "2016-02-18T18:28:25.000000", "flavor": {"id": "42", "links": [{"href": "http://10.4.1.3:8774/b839b882163f470d9568f329246fd093/flavors/42", "rel": "bookmark"}]}, "id": "f6ec74b2-9f41-4a5f-94f0-2620f03be177", "security_groups": [{"name": "tempest-secgroup-smoke-858206965"}], "OS-SRV-USG:terminated_at": null, "OS-EXT-AZ:availability_zone": "nova", "user_id": "9da2fa69a6b2446294aed51c2d7390dd", "name": "tempest-server-smoke-2109329020", "created": "2016-02-18T18:28:18Z", "tenant_id": "b839b882163f470d9568f329246fd093", "OS-DCF:diskConfig": "MANUAL", "os-extended-volumes:volumes_attached": [], "accessIPv4": "", "accessIPv6": "", "progress": 0, "OS-EXT-STS:power_state": 1, "config_drive": "True", "metadata": {}}}
2016-02-18 18:28:26,319 27889 INFO     [tempest.common.waiters] State transition "BUILD/spawning" ==&gt; "ACTIVE/None" after 7 second wait
2016-02-18 18:28:27,022 27889 INFO     [tempest_lib.common.rest_client] Request (TestNetworkBasicOps:test_connectivity_between_vms_on_different_networks): 200 GET http://10.4.1.3:8774/v2.1/b839b882163f470d9568f329246fd093/servers/f6ec74b2-9f41-4a5f-94f0-2620f03be177 0.702s
2016-02-18 18:28:27,023 27889 DEBUG    [tempest_lib.common.rest_client] Request - Headers: {'Content-Type': 'application/json', 'Accept': 'application/json', 'X-Auth-Token': '&lt;omitted&gt;'}
        Body: None
    Response - Headers: {'status': '200', 'content-length': '1636', 'content-location': 'http://10.4.1.3:8774/v2.1/b839b882163f470d9568f329246fd093/servers/f6ec74b2-9f41-4a5f-94f0-2620f03be177', 'x-compute-request-id': 'req-8d339df9-52fc-4565-896f-00bcb1de50e0', 'vary': 'X-OpenStack-Nova-API-Version', 'connection': 'close', 'x-openstack-nova-api-version': '2.1', 'date': 'Thu, 18 Feb 2016 18:28:27 GMT', 'content-type': 'application/json'}
        Body: {"server": {"status": "ACTIVE", "updated": "2016-02-18T18:28:25Z", "hostId": "795ae2968a63c4e430bccc73bef2c5db2095f07972283390060e9490", "addresses": {"tempest-network-smoke--503484113": [{"OS-EXT-IPS-MAC:mac_addr": "fa:16:3e:76:d6:46", "version": 4, "addr": "10.100.0.3", "OS-EXT-IPS:type": "fixed"}]}, "links": [{"href": "http://10.4.1.3:8774/v2.1/b839b882163f470d9568f329246fd093/servers/f6ec74b2-9f41-4a5f-94f0-2620f03be177", "rel": "self"}, {"href": "http://10.4.1.3:8774/b839b882163f470d9568f329246fd093/servers/f6ec74b2-9f41-4a5f-94f0-2620f03be177", "rel": "bookmark"}], "key_name": "tempest-TestNetworkBasicOps-482684580", "image": {"id": "c64fce93-0a63-4f01-b16d-b2b74824747f", "links": [{"href": "http://10.4.1.3:8774/b839b882163f470d9568f329246fd093/images/c64fce93-0a63-4f01-b16d-b2b74824747f", "rel": "bookmark"}]}, "OS-EXT-STS:task_state": null, "OS-EXT-STS:vm_state": "active", "OS-SRV-USG:launched_at": "2016-02-18T18:28:25.000000", "flavor": {"id": "42", "links": [{"href": "http://10.4.1.3:8774/b839b882163f470d9568f329246fd093/flavors/42", "rel": "bookmark"}]}, "id": "f6ec74b2-9f41-4a5f-94f0-2620f03be177", "security_groups": [{"name": "tempest-secgroup-smoke-858206965"}], "OS-SRV-USG:terminated_at": null, "OS-EXT-AZ:availability_zone": "nova", "user_id": "9da2fa69a6b2446294aed51c2d7390dd", "name": "tempest-server-smoke-2109329020", "created": "2016-02-18T18:28:18Z", "tenant_id": "b839b882163f470d9568f329246fd093", "OS-DCF:diskConfig": "MANUAL", "os-extended-volumes:volumes_attached": [], "accessIPv4": "", "accessIPv6": "", "progress": 0, "OS-EXT-STS:power_state": 1, "config_drive": "True", "metadata": {}}}
2016-02-18 18:28:27,036 27889 INFO     [tempest.scenario.manager] Tenant networks not configured to be reachable.
2016-02-18 18:28:27,290 27889 INFO     [tempest_lib.common.rest_client] Request (TestNetworkBasicOps:test_connectivity_between_vms_on_different_networks): 200 GET http://10.4.1.3:9696/v2.0/ports?fixed_ip=None&amp;device_id=f6ec74b2-9f41-4a5f-94f0-2620f03be177 0.253s
2016-02-18 18:28:27,290 27889 DEBUG    [tempest_lib.common.rest_client] Request - Headers: {'Content-Type': 'application/json', 'Accept': 'application/json', 'X-Auth-Token': '&lt;omitted&gt;'}
        Body: None
    Response - Headers: {'status': '200', 'content-length': '755', 'content-location': 'http://10.4.1.3:9696/v2.0/ports?fixed_ip=None&amp;device_id=f6ec74b2-9f41-4a5f-94f0-2620f03be177', 'connection': 'close', 'date': 'Thu, 18 Feb 2016 18:28:27 GMT', 'content-type': 'application/json; charset=UTF-8', 'x-openstack-request-id': 'req-006c071c-12e6-45a2-beda-8dc0184b1323'}
        Body: {"ports": [{"status": "ACTIVE", "binding:host_id": "vagrant-ubuntu-trusty-64", "name": "", "allowed_address_pairs": [], "admin_state_up": true, "network_id": "2b713c0b-6958-41da-a835-a356924342ee", "tenant_id": "b839b882163f470d9568f329246fd093", "extra_dhcp_opts": [], "mac_address": "fa:16:3e:76:d6:46", "binding:vif_details": {"port_filter": true}, "binding:vif_type": "ovs", "device_owner": "compute:None", "binding:profile": {}, "port_security_enabled": true, "binding:vnic_type": "normal", "fixed_ips": [{"subnet_id": "89bd5738-30df-4526-a9bc-9b0a5821c189", "ip_address": "10.100.0.3"}], "id": "8b3dd32f-80ff-4d51-8702-0e6a27302fa9", "security_groups": ["20343beb-00e3-4c88-99da-ebb3c7b27698"], "device_id": "f6ec74b2-9f41-4a5f-94f0-2620f03be177"}]}
2016-02-18 18:28:28,163 27889 INFO     [tempest_lib.common.rest_client] Request (TestNetworkBasicOps:test_connectivity_between_vms_on_different_networks): 201 POST http://10.4.1.3:9696/v2.0/floatingips 0.871s
2016-02-18 18:28:28,163 27889 DEBUG    [tempest_lib.common.rest_client] Request - Headers: {'Content-Type': 'application/json', 'Accept': 'application/json', 'X-Auth-Token': '&lt;omitted&gt;'}
        Body: {"floatingip": {"floating_network_id": "f4d97cbc-d92c-483e-96f0-21a8ec34d46b", "tenant_id": "b839b882163f470d9568f329246fd093", "fixed_ip_address": "10.100.0.3", "port_id": "8b3dd32f-80ff-4d51-8702-0e6a27302fa9"}}
    Response - Headers: {'status': '201', 'content-length': '369', 'connection': 'close', 'date': 'Thu, 18 Feb 2016 18:28:28 GMT', 'content-type': 'application/json; charset=UTF-8', 'x-openstack-request-id': 'req-a1f60d5c-ebb8-4b9d-b5f9-2d6b57a90b79'}
        Body: {"floatingip": {"floating_network_id": "f4d97cbc-d92c-483e-96f0-21a8ec34d46b", "router_id": "6a7ce3d5-44e0-4514-98ce-363ac27ca500", "fixed_ip_address": "10.100.0.3", "floating_ip_address": "172.24.4.4", "tenant_id": "b839b882163f470d9568f329246fd093", "status": "ACTIVE", "port_id": "8b3dd32f-80ff-4d51-8702-0e6a27302fa9", "id": "251a3dde-7a52-4b89-a481-e6162370683c"}}
2016-02-18 18:28:28,348 27889 INFO     [tempest_lib.common.rest_client] Request (TestNetworkBasicOps:test_connectivity_between_vms_on_different_networks): 200 GET http://10.4.1.3:9696/v2.0/floatingips/251a3dde-7a52-4b89-a481-e6162370683c 0.184s
2016-02-18 18:28:28,348 27889 DEBUG    [tempest_lib.common.rest_client] Request - Headers: {'Content-Type': 'application/json', 'Accept': 'application/json', 'X-Auth-Token': '&lt;omitted&gt;'}
        Body: None
    Response - Headers: {'status': '200', 'content-length': '369', 'content-location': 'http://10.4.1.3:9696/v2.0/floatingips/251a3dde-7a52-4b89-a481-e6162370683c', 'connection': 'close', 'date': 'Thu, 18 Feb 2016 18:28:28 GMT', 'content-type': 'application/json; charset=UTF-8', 'x-openstack-request-id': 'req-e7be5e1b-3022-4f0e-87f5-76b69c74d6a1'}
        Body: {"floatingip": {"floating_network_id": "f4d97cbc-d92c-483e-96f0-21a8ec34d46b", "router_id": "6a7ce3d5-44e0-4514-98ce-363ac27ca500", "fixed_ip_address": "10.100.0.3", "floating_ip_address": "172.24.4.4", "tenant_id": "b839b882163f470d9568f329246fd093", "status": "ACTIVE", "port_id": "8b3dd32f-80ff-4d51-8702-0e6a27302fa9", "id": "251a3dde-7a52-4b89-a481-e6162370683c"}}
2016-02-18 18:28:28,349 27889 INFO     [tempest.scenario.manager] FloatingIP: &lt;"FloatingIP" addr="172.24.4.4" id="251a3dde-7a52-4b89-a481-e6162370683c"&gt; is at status: ACTIVE
2016-02-18 18:28:28,349 27889 DEBUG    [tempest.scenario.manager] checking network connections to IP 172.24.4.4 with user: cirros
2016-02-18 18:28:28,349 27889 DEBUG    [tempest.scenario.manager] TestNetworkBasicOps:test_connectivity_between_vms_on_different_networks begins to ping 172.24.4.4 in 120 sec and the expected result is reachable
2016-02-18 18:30:29,937 27889 DEBUG    [tempest.scenario.manager] TestNetworkBasicOps:test_connectivity_between_vms_on_different_networks finishes ping 172.24.4.4 in 120 sec and the ping result is unexpected
2016-02-18 18:30:29,938 27889 ERROR    [tempest.scenario.manager] Public network connectivity check failed
2016-02-18 18:30:29.938 27889 ERROR tempest.scenario.manager Traceback (most recent call last):
2016-02-18 18:30:29.938 27889 ERROR tempest.scenario.manager   File "tempest/scenario/manager.py", line 598, in check_public_network_connectivity
2016-02-18 18:30:29.938 27889 ERROR tempest.scenario.manager     should_connect=should_connect)
2016-02-18 18:30:29.938 27889 ERROR tempest.scenario.manager   File "tempest/scenario/manager.py", line 582, in check_vm_connectivity
2016-02-18 18:30:29.938 27889 ERROR tempest.scenario.manager     msg=msg)
2016-02-18 18:30:29.938 27889 ERROR tempest.scenario.manager   File "/usr/local/lib/python2.7/dist-packages/unittest2/case.py", line 702, in assertTrue
2016-02-18 18:30:29.938 27889 ERROR tempest.scenario.manager     raise self.failureException(msg)
2016-02-18 18:30:29.938 27889 ERROR tempest.scenario.manager AssertionError: False is not true : Timed out waiting for 172.24.4.4 to become reachable
2016-02-18 18:30:29.938 27889 ERROR tempest.scenario.manager 
2016-02-18 18:30:30,345 27889 INFO     [tempest_lib.common.rest_client] Request (TestNetworkBasicOps:test_connectivity_between_vms_on_different_networks): 200 POST http://10.4.1.3:8774/v2.1/b839b882163f470d9568f329246fd093/servers/f6ec74b2-9f41-4a5f-94f0-2620f03be177/action 0.401s
2016-02-18 18:30:30,345 27889 DEBUG    [tempest_lib.common.rest_client] Request - Headers: {'Content-Type': 'application/json', 'Accept': 'application/json', 'X-Auth-Token': '&lt;omitted&gt;'}
        Body: {"os-getConsoleOutput": {}}
    Response - Headers: {'status': '200', 'content-length': '17428', 'x-compute-request-id': 'req-ab59b76e-d0fb-42f6-9d6a-e8dafe3e8ed4', 'vary': 'X-OpenStack-Nova-API-Version', 'connection': 'close', 'x-openstack-nova-api-version': '2.1', 'date': 'Thu, 18 Feb 2016 18:30:30 GMT', 'content-type': 'application/json'}
        Body: {"output": "[    0.000000] Initializing cgroup subsys cpuset\n[    0.000000] Initializing cgroup subsys cpu\n[    0.000000] Linux version 3.2.0-80-virtual (buildd@batsu) (gcc version 4.6.3 (Ubuntu/Linaro 4.6.3-1ubuntu5) ) #116-Ubuntu SMP Mon Mar 23 17:28:52 UTC 2015 (Ubuntu 3.2.0-80.116-virtual 3.2.68)\n[    0.000000] Command line: root=/dev/vda console=tty0 console=ttyS0 no_timer_check\n[    0.000000] KERNEL supported cpus:\n[    0.000000]   Intel GenuineIntel\n[    0.000000]   AMD AuthenticAMD\n[    0.000000]   Centaur CentaurHauls\n[    0.000000] BIOS-provided physical RAM map:\n[    0.000000]  BIOS-e820: 0000000000000000 - 000000000009fc00 (usable)\n[    0.000000]  BIOS-e820: 000000000009fc00 - 00000000000a0000 (reserved)\n[    0.000000]  BIOS-e820: 00000000000f0000 - 0000000000100000 (reserved)\n[    0.000000]  BIOS-e820: 0000000000100000 - 0000000003ffe000 (usable)\n[    0.000000]  BIOS-e820: 0000000003ffe000 - 0000000004000000 (reserved)\n[    0.000000]  BIOS-e820: 00000000fffc0000 - 0000000100000000 (reserved)\n[    0.000000] NX (Execute Disable) protection: active\n[    0.000000] SMBIOS 2.4 present.\n[    0.000000] No AGP bridge found\n[    0.000000] last_pfn = 0x3ffe max_arch_pfn = 0x400000000\n[    0.000000] x86 PAT enabled: cpu 0, old 0x7040600070406, new 0x7010600070106\n[    0.000000] found SMP MP-table at [ffff8800000f0b00] f0b00\n[    0.000000] init_memory_mapping: 0000000000000000-0000000003ffe000\n[    0.000000] RAMDISK: 03c5e000 - 03ff0000\n[    0.000000] ACPI: RSDP 00000000000f0950 00014 (v00 BOCHS )\n[    0.000000] ACPI: RSDT 0000000003fffbc1 00034 (v01 BOCHS  BXPCRSDT 00000001 BXPC 00000001)\n[    0.000000] ACPI: FACP 0000000003fff1c0 00074 (v01 BOCHS  BXPCFACP 00000001 BXPC 00000001)\n[    0.000000] ACPI: DSDT 0000000003ffe040 01180 (v01 BOCHS  BXPCDSDT 00000001 BXPC 00000001)\n[    0.000000] ACPI: FACS 0000000003ffe000 00040\n[    0.000000] ACPI: SSDT 0000000003fff234 008DD (v01 BOCHS  BXPCSSDT 00000001 BXPC 00000001)\n[    0.000000] ACPI: APIC 0000000003fffb11 00078 (v01 BOCHS  BXPCAPIC 00000001 BXPC 00000001)\n[    0.000000] ACPI: HPET 0000000003fffb89 00038 (v01 BOCHS  BXPCHPET 00000001 BXPC 00000001)\n[    0.000000] No NUMA configuration found\n[    0.000000] Faking a node at 0000000000000000-0000000003ffe000\n[    0.000000] Initmem setup node 0 0000000000000000-0000000003ffe000\n[    0.000000]   NODE_DATA [0000000003ff6000 - 0000000003ffafff]\n[    0.000000] Zone PFN ranges:\n[    0.000000]   DMA      0x00000010 -&gt; 0x00001000\n[    0.000000]   DMA32    0x00001000 -&gt; 0x00100000\n[    0.000000]   Normal   empty\n[    0.000000] Movable zone start PFN for each node\n[    0.000000] early_node_map[2] active PFN ranges\n[    0.000000]     0: 0x00000010 -&gt; 0x0000009f\n[    0.000000]     0: 0x00000100 -&gt; 0x00003ffe\n[    0.000000] ACPI: PM-Timer IO Port: 0xb008\n[    0.000000] ACPI: LAPIC (acpi_id[0x00] lapic_id[0x00] enabled)\n[    0.000000] ACPI: LAPIC_NMI (acpi_id[0xff] dfl dfl lint[0x1])\n[    0.000000] ACPI: IOAPIC (id[0x00] address[0xfec00000] gsi_base[0])\n[    0.000000] IOAPIC[0]: apic_id 0, version 17, address 0xfec00000, GSI 0-23\n[    0.000000] ACPI: INT_SRC_OVR (bus 0 bus_irq 0 global_irq 2 dfl dfl)\n[    0.000000] ACPI: INT_SRC_OVR (bus 0 bus_irq 5 global_irq 5 high level)\n[    0.000000] ACPI: INT_SRC_OVR (bus 0 bus_irq 9 global_irq 9 high level)\n[    0.000000] ACPI: INT_SRC_OVR (bus 0 bus_irq 10 global_irq 10 high level)\n[    0.000000] ACPI: INT_SRC_OVR (bus 0 bus_irq 11 global_irq 11 high level)\n[    0.000000] Using ACPI (MADT) for SMP configuration information\n[    0.000000] ACPI: HPET id: 0x8086a201 base: 0xfed00000\n[    0.000000] SMP: Allowing 1 CPUs, 0 hotplug CPUs\n[    0.000000] PM: Registered nosave memory: 000000000009f000 - 00000000000a0000\n[    0.000000] PM: Registered nosave memory: 00000000000a0000 - 00000000000f0000\n[    0.000000] PM: Registered nosave memory: 00000000000f0000 - 0000000000100000\n[    0.000000] Allocating PCI resources starting at 4000000 (gap: 4000000:fbfc0000)\n[    0.000000] Booting paravirtualized kernel on bare hardware\n[    0.000000] setup_pe
2016-02-18 18:30:30,347 27889 DEBUG    [tempest.scenario.manager] Console output for f6ec74b2-9f41-4a5f-94f0-2620f03be177
body=
[    0.000000] Initializing cgroup subsys cpuset
[    0.000000] Initializing cgroup subsys cpu
[    0.000000] Linux version 3.2.0-80-virtual (buildd@batsu) (gcc version 4.6.3 (Ubuntu/Linaro 4.6.3-1ubuntu5) ) #116-Ubuntu SMP Mon Mar 23 17:28:52 UTC 2015 (Ubuntu 3.2.0-80.116-virtual 3.2.68)
[    0.000000] Command line: root=/dev/vda console=tty0 console=ttyS0 no_timer_check
[    0.000000] KERNEL supported cpus:
[    0.000000]   Intel GenuineIntel
[    0.000000]   AMD AuthenticAMD
[    0.000000]   Centaur CentaurHauls
[    0.000000] BIOS-provided physical RAM map:
[    0.000000]  BIOS-e820: 0000000000000000 - 000000000009fc00 (usable)
[    0.000000]  BIOS-e820: 000000000009fc00 - 00000000000a0000 (reserved)
[    0.000000]  BIOS-e820: 00000000000f0000 - 0000000000100000 (reserved)
[    0.000000]  BIOS-e820: 0000000000100000 - 0000000003ffe000 (usable)
[    0.000000]  BIOS-e820: 0000000003ffe000 - 0000000004000000 (reserved)
[    0.000000]  BIOS-e820: 00000000fffc0000 - 0000000100000000 (reserved)
[    0.000000] NX (Execute Disable) protection: active
[    0.000000] SMBIOS 2.4 present.
[    0.000000] No AGP bridge found
[    0.000000] last_pfn = 0x3ffe max_arch_pfn = 0x400000000
[    0.000000] x86 PAT enabled: cpu 0, old 0x7040600070406, new 0x7010600070106
[    0.000000] found SMP MP-table at [ffff8800000f0b00] f0b00
[    0.000000] init_memory_mapping: 0000000000000000-0000000003ffe000
[    0.000000] RAMDISK: 03c5e000 - 03ff0000
[    0.000000] ACPI: RSDP 00000000000f0950 00014 (v00 BOCHS )
[    0.000000] ACPI: RSDT 0000000003fffbc1 00034 (v01 BOCHS  BXPCRSDT 00000001 BXPC 00000001)
[    0.000000] ACPI: FACP 0000000003fff1c0 00074 (v01 BOCHS  BXPCFACP 00000001 BXPC 00000001)
[    0.000000] ACPI: DSDT 0000000003ffe040 01180 (v01 BOCHS  BXPCDSDT 00000001 BXPC 00000001)
[    0.000000] ACPI: FACS 0000000003ffe000 00040
[    0.000000] ACPI: SSDT 0000000003fff234 008DD (v01 BOCHS  BXPCSSDT 00000001 BXPC 00000001)
[    0.000000] ACPI: APIC 0000000003fffb11 00078 (v01 BOCHS  BXPCAPIC 00000001 BXPC 00000001)
[    0.000000] ACPI: HPET 0000000003fffb89 00038 (v01 BOCHS  BXPCHPET 00000001 BXPC 00000001)
[    0.000000] No NUMA configuration found
[    0.000000] Faking a node at 0000000000000000-0000000003ffe000
[    0.000000] Initmem setup node 0 0000000000000000-0000000003ffe000
[    0.000000]   NODE_DATA [0000000003ff6000 - 0000000003ffafff]
[    0.000000] Zone PFN ranges:
[    0.000000]   DMA      0x00000010 -&gt; 0x00001000
[    0.000000]   DMA32    0x00001000 -&gt; 0x00100000
[    0.000000]   Normal   empty
[    0.000000] Movable zone start PFN for each node
[    0.000000] early_node_map[2] active PFN ranges
[    0.000000]     0: 0x00000010 -&gt; 0x0000009f
[    0.000000]     0: 0x00000100 -&gt; 0x00003ffe
[    0.000000] ACPI: PM-Timer IO Port: 0xb008
[    0.000000] ACPI: LAPIC (acpi_id[0x00] lapic_id[0x00] enabled)
[    0.000000] ACPI: LAPIC_NMI (acpi_id[0xff] dfl dfl lint[0x1])
[    0.000000] ACPI: IOAPIC (id[0x00] address[0xfec00000] gsi_base[0])
[    0.000000] IOAPIC[0]: apic_id 0, version 17, address 0xfec00000, GSI 0-23
[    0.000000] ACPI: INT_SRC_OVR (bus 0 bus_irq 0 global_irq 2 dfl dfl)
[    0.000000] ACPI: INT_SRC_OVR (bus 0 bus_irq 5 global_irq 5 high level)
[    0.000000] ACPI: INT_SRC_OVR (bus 0 bus_irq 9 global_irq 9 high level)
[    0.000000] ACPI: INT_SRC_OVR (bus 0 bus_irq 10 global_irq 10 high level)
[    0.000000] ACPI: INT_SRC_OVR (bus 0 bus_irq 11 global_irq 11 high level)
[    0.000000] Using ACPI (MADT) for SMP configuration information
[    0.000000] ACPI: HPET id: 0x8086a201 base: 0xfed00000
[    0.000000] SMP: Allowing 1 CPUs, 0 hotplug CPUs
[    0.000000] PM: Registered nosave memory: 000000000009f000 - 00000000000a0000
[    0.000000] PM: Registered nosave memory: 00000000000a0000 - 00000000000f0000
[    0.000000] PM: Registered nosave memory: 00000000000f0000 - 0000000000100000
[    0.000000] Allocating PCI resources starting at 4000000 (gap: 4000000:fbfc0000)
[    0.000000] Booting paravirtualized kernel on bare hardware
[    0.000000] setup_percpu: NR_CPUS:64 nr_cpumask_bits:64 nr_cpu_ids:1 nr_node_ids:1
[    0.000000] PERCPU: Embedded 27 pages/cpu @ffff880003a00000 s78848 r8192 d23552 u2097152
[    0.000000] Built 1 zonelists in Node order, mobility grouping on.  Total pages: 16008
[    0.000000] Policy zone: DMA32
[    0.000000] Kernel command line: root=/dev/vda console=tty0 console=ttyS0 no_timer_check
[    0.000000] PID hash table entries: 256 (order: -1, 2048 bytes)
[    0.000000] Checking aperture...
[    0.000000] No AGP bridge found
[    0.000000] Memory: 43492k/65528k available (6576k kernel code, 452k absent, 21584k reserved, 6620k data, 928k init)
[    0.000000] SLUB: Genslabs=15, HWalign=64, Order=0-3, MinObjects=0, CPUs=1, Nodes=1
[    0.000000] Hierarchical RCU implementation.
[    0.000000] 	RCU dyntick-idle grace-period acceleration is enabled.
[    0.000000] NR_IRQS:4352 nr_irqs:256 16
[    0.000000] Console: colour VGA+ 80x25
[    0.000000] console [tty0] enabled
[    0.000000] console [ttyS0] enabled
[    0.000000] allocated 1048576 bytes of page_cgroup
[    0.000000] please try 'cgroup_disable=memory' option if you don't want memory cgroups
[    0.000000] Fast TSC calibration failed
[    0.000000] TSC: Unable to calibrate against PIT
[    0.000000] TSC: using HPET reference calibration
[    0.000000] Detected 2291.616 MHz processor.
[    0.028870] Calibrating delay loop (skipped), value calculated using timer frequency.. 4583.23 BogoMIPS (lpj=9166464)
[    0.032852] pid_max: default: 32768 minimum: 301
[    0.041142] Security Framework initialized
[    0.046905] AppArmor: AppArmor initialized
[    0.048143] Yama: becoming mindful.
[    0.053996] Dentry cache hash table entries: 8192 (order: 4, 65536 bytes)
[    0.056137] Inode-cache hash table entries: 4096 (order: 3, 32768 bytes)
[    0.057554] Mount-cache hash table entries: 256
[    0.072650] Initializing cgroup subsys cpuacct
[    0.073555] Initializing cgroup subsys memory
[    0.076104] Initializing cgroup subsys devices
[    0.076905] Initializing cgroup subsys freezer
[    0.077565] Initializing cgroup subsys blkio
[    0.078246] Initializing cgroup subsys perf_event
[    0.082409] mce: CPU supports 10 MCE banks
[    0.086428] SMP alternatives: switching to UP code
[    0.472600] Freeing SMP alternatives: 24k freed
[    0.474383] ACPI: Core revision 20110623
[    0.524461] ftrace: allocating 26610 entries in 105 pages
[    0.555218] ..TIMER: vector=0x30 apic1=0 pin1=2 apic2=-1 pin2=-1
[    0.556148] CPU0: AMD QEMU Virtual CPU version 2.0.0 stepping 03
[    0.564034] Performance Events: Broken PMU hardware detected, using software events only.
[    0.577153] NMI watchdog disabled (cpu0): hardware events not enabled
[    0.578876] Brought up 1 CPUs
[    0.580035] Total of 1 processors activated (4583.23 BogoMIPS).
[    0.605031] devtmpfs: initialized
[    0.638660] EVM: security.selinux
[    0.639224] EVM: security.SMACK64
[    0.640080] EVM: security.capability
[    0.660762] print_constraints: dummy: 
[    0.662880] RTC time: 18:28:28, date: 02/18/16
[    0.666597] NET: Registered protocol family 16
[    0.675065] ACPI: bus type pci registered
[    0.678819] PCI: Using configuration type 1 for base access
[    0.720877] bio: create slab &lt;bio-0&gt; at 0
[    0.726192] ACPI: Added _OSI(Module Device)
[    0.726763] ACPI: Added _OSI(Processor Device)
[    0.728101] ACPI: Added _OSI(3.0 _SCP Extensions)
[    0.728692] ACPI: Added _OSI(Processor Aggregator Device)
[    0.796426] ACPI: Interpreter enabled
[    0.796968] ACPI: (supports S0 S3 S4 S5)
[    0.798713] ACPI: Using IOAPIC for interrupt routing
[    0.868270] ACPI: No dock devices found.
[    0.869154] HEST: Table not found.
[    0.869792] PCI: Using host bridge windows from ACPI; if necessary, use "pci=nocrs" and report a bug
[    0.876510] ACPI: PCI Root Bridge [PCI0] (domain 0000 [bus 00-ff])
[    0.882137] pci_root PNP0A03:00: host bridge window [io  0x0000-0x0cf7]
[    0.883021] pci_root PNP0A03:00: host bridge window [io  0x0d00-0xadff]
[    0.884108] pci_root PNP0A03:00: host bridge window [io  0xae0f-0xaeff]
[    0.885081] pci_root PNP0A03:00: host bridge window [io  0xaf20-0xafdf]
[    0.886138] pci_root PNP0A03:00: host bridge window [io  0xafe4-0xffff]
[    0.886956] pci_root PNP0A03:00: host bridge window [mem 0x000a0000-0x000bffff]
[    0.888122] pci_root PNP0A03:00: host bridge window [mem 0x04000000-0xfebfffff]
[    0.909935] pci 0000:00:01.3: quirk: [io  0xb000-0xb03f] claimed by PIIX4 ACPI
[    0.912179] pci 0000:00:01.3: quirk: [io  0xb100-0xb10f] claimed by PIIX4 SMB
[    0.973534]  pci0000:00: Unable to request _OSC control (_OSC support mask: 0x1e)
[    1.029127] ACPI: PCI Interrupt Link [LNKA] (IRQs 5 *10 11)
[    1.031421] ACPI: PCI Interrupt Link [LNKB] (IRQs 5 *10 11)
[    1.033346] ACPI: PCI Interrupt Link [LNKC] (IRQs 5 10 *11)
[    1.034977] ACPI: PCI Interrupt Link [LNKD] (IRQs 5 10 *11)
[    1.036835] ACPI: PCI Interrupt Link [LNKS] (IRQs *9)
[    1.043071] vgaarb: device added: PCI:0000:00:02.0,decodes=io+mem,owns=io+mem,locks=none
[    1.044182] vgaarb: loaded
[    1.044548] vgaarb: bridge control possible 0000:00:02.0
[    1.048630] i2c-core: driver [aat2870] using legacy suspend method
[    1.049344] i2c-core: driver [aat2870] using legacy resume method
[    1.052136] SCSI subsystem initialized
[    1.055022] usbcore: registered new interface driver usbfs
[    1.056675] usbcore: registered new interface driver hub
[    1.058030] usbcore: registered new device driver usb
[    1.062461] PCI: Using ACPI for IRQ routing
[    1.074117] NetLabel: Initializing
[    1.076135] NetLabel:  domain hash size = 128
[    1.076659] NetLabel:  protocols = UNLABELED CIPSOv4
[    1.078702] NetLabel:  unlabeled traffic allowed by default
[    1.081088] HPET: 3 timers in total, 0 timers will be used for per-cpu timer
[    1.082210] hpet0: at MMIO 0xfed00000, IRQs 2, 8, 0
[    1.083053] hpet0: 3 comparators, 64-bit 100.000000 MHz counter
[    1.093600] Switching to clocksource hpet
[    1.333925] AppArmor: AppArmor Filesystem Enabled
[    1.335456] pnp: PnP ACPI init
[    1.336088] ACPI: bus type pnp registered
[    1.355392] pnp: PnP ACPI: found 9 devices
[    1.356051] ACPI: ACPI bus type pnp unregistered
[    1.425285] NET: Registered protocol family 2
[    1.467455] IP route cache hash table entries: 512 (order: 0, 4096 bytes)
[    1.482630] TCP established hash table entries: 2048 (order: 3, 32768 bytes)
[    1.486395] TCP bind hash table entries: 2048 (order: 3, 32768 bytes)
[    1.487456] TCP: Hash tables configured (established 2048 bind 2048)
[    1.489197] TCP reno registered
[    1.489744] UDP hash table entries: 128 (order: 0, 4096 bytes)
[    1.490952] UDP-Lite hash table entries: 128 (order: 0, 4096 bytes)
[    1.496191] NET: Registered protocol family 1
[    1.499474] pci 0000:00:00.0: Limiting direct PCI/PCI transfers
[    1.501454] pci 0000:00:01.0: PIIX3: Enabling Passive Release
[    1.502602] pci 0000:00:01.0: Activating ISA DMA hang workarounds
[    1.507695] ACPI: PCI Interrupt Link [LNKD] enabled at IRQ 11
[    1.509537] pci 0000:00:01.2: PCI INT D -&gt; Link[LNKD] -&gt; GSI 11 (level, high) -&gt; IRQ 11
[    1.511592] pci 0000:00:01.2: PCI INT D disabled
[    1.529140] Trying to unpack rootfs image as initramfs...
[    1.546616] audit: initializing netlink socket (disabled)
[    1.548130] type=2000 audit(1455820108.544:1): initialized
[    1.846729] HugeTLB registered 2 MB page size, pre-allocated 0 pages
[    1.931550] VFS: Disk quotas dquot_6.5.2
[    1.933528] Dquot-cache hash table entries: 512 (order 0, 4096 bytes)
[    1.947300] fuse init (API version 7.17)
[    1.950169] msgmni has been set to 84
[    1.983122] Block layer SCSI generic (bsg) driver version 0.4 loaded (major 253)
[    1.993893] io scheduler noop registered
[    1.994443] io scheduler deadline registered (default)
[    1.995593] io scheduler cfq registered
[    1.999097] pci_hotplug: PCI Hot Plug PCI Core version: 0.5
[    2.001850] pciehp: PCI Express Hot Plug Controller Driver version: 0.4
[    2.007520] input: Power Button as /devices/LNXSYSTM:00/LNXPWRBN:00/input/input0
[    2.009945] ACPI: Power Button [PWRF]
[    2.054480] ERST: Table is not found!
[    2.055022] GHES: HEST is not enabled!
[    2.063514] ACPI: PCI Interrupt Link [LNKC] enabled at IRQ 10
[    2.066017] virtio-pci 0000:00:03.0: PCI INT A -&gt; Link[LNKC] -&gt; GSI 10 (level, high) -&gt; IRQ 10
[    2.070473] virtio-pci 0000:00:04.0: PCI INT A -&gt; Link[LNKD] -&gt; GSI 11 (level, high) -&gt; IRQ 11
[    2.091672] ACPI: PCI Interrupt Link [LNKA] enabled at IRQ 10
[    2.092805] virtio-pci 0000:00:05.0: PCI INT A -&gt; Link[LNKA] -&gt; GSI 10 (level, high) -&gt; IRQ 10
[    2.106775] Serial: 8250/16550 driver, 32 ports, IRQ sharing enabled
[    2.141225] serial8250: ttyS0 at I/O 0x3f8 (irq = 4) is a 16550A
[    2.222156] serial8250: ttyS1 at I/O 0x2f8 (irq = 3) is a 16550A
[    2.367644] 00:05: ttyS0 at I/O 0x3f8 (irq = 4) is a 16550A
[    2.461081] 00:06: ttyS1 at I/O 0x2f8 (irq = 3) is a 16550A
[    2.515066] Linux agpgart interface v0.103
[    2.523437] Refined TSC clocksource calibration: 2291.704 MHz.
[    2.524798] Switching to clocksource tsc
[    2.594358] brd: module loaded
[    2.627720] loop: module loaded
[    2.694197]  vda: unknown partition table
[    2.761684] scsi0 : ata_piix
[    2.765177] scsi1 : ata_piix
[    2.767001] ata1: PATA max MWDMA2 cmd 0x1f0 ctl 0x3f6 bmdma 0xc0a0 irq 14
[    2.767979] ata2: PATA max MWDMA2 cmd 0x170 ctl 0x376 bmdma 0xc0a8 irq 15
[    2.778939] Fixed MDIO Bus: probed
[    2.779801] tun: Universal TUN/TAP device driver, 1.6
[    2.780667] tun: (C) 1999-2004 Max Krasnyansky &lt;maxk@qualcomm.com&gt;
[    2.794884] PPP generic driver version 2.4.2
[    2.827280] ehci_hcd: USB 2.0 'Enhanced' Host Controller (EHCI) Driver
[    2.829274] ohci_hcd: USB 1.1 'Open' Host Controller (OHCI) Driver
[    2.830205] uhci_hcd: USB Universal Host Controller Interface driver
[    2.831259] uhci_hcd 0000:00:01.2: PCI INT D -&gt; Link[LNKD] -&gt; GSI 11 (level, high) -&gt; IRQ 11
[    2.834728] uhci_hcd 0000:00:01.2: UHCI Host Controller
[    2.849960] uhci_hcd 0000:00:01.2: new USB bus registered, assigned bus number 1
[    2.851612] uhci_hcd 0000:00:01.2: irq 11, io base 0x0000c040
[    2.882780] hub 1-0:1.0: USB hub found
[    2.885234] hub 1-0:1.0: 2 ports detected
[    2.895764] usbcore: registered new interface driver libusual
[    2.900030] i8042: PNP: PS/2 Controller [PNP0303:KBD,PNP0f13:MOU] at 0x60,0x64 irq 1,12
[    2.909263] serio: i8042 KBD port at 0x60,0x64 irq 1
[    2.911974] serio: i8042 AUX port at 0x60,0x64 irq 12
[    2.989417] mousedev: PS/2 mouse device common for all mice
[    3.003881] input: AT Translated Set 2 keyboard as /devices/platform/i8042/serio0/input/input1
[    3.007786] rtc_cmos 00:01: RTC can wake from S4
[    3.014892] ata2.01: ATAPI: QEMU DVD-ROM, 2.0.0, max UDMA/100
[    3.025284] rtc_cmos 00:01: rtc core: registered rtc_cmos as rtc0
[    3.030083] rtc0: alarms up to one day, 114 bytes nvram, hpet irqs
[    3.035312] device-mapper: uevent: version 1.0.3
[    3.060015] ata2.01: configured for MWDMA2
[    3.091451] scsi 1:0:1:0: CD-ROM            QEMU     QEMU DVD-ROM     2.0. PQ: 0 ANSI: 5
[    3.098154] device-mapper: ioctl: 4.22.0-ioctl (2011-10-19) initialised: dm-devel@redhat.com
[    3.101561] cpuidle: using governor ladder
[    3.102951] cpuidle: using governor menu
[    3.103899] EFI Variables Facility v0.08 2004-May-17
[    3.115827] TCP cubic registered
[    3.122705] NET: Registered protocol family 10
[    3.153364] NET: Registered protocol family 17
[    3.156786] Registering the dns_resolver key type
[    3.186249] sr0: scsi3-mmc drive: 4x/4x cd/rw xa/form2 tray
[    3.192352] cdrom: Uniform CD-ROM driver Revision: 3.20
[    3.226097] sr 1:0:1:0: Attached scsi generic sg0 type 5
[    3.294428] registered taskstats version 1
[    3.333953] Freeing initrd memory: 3656k freed
[    3.838396]   Magic number: 4:164:494
[    3.847325] rtc_cmos 00:01: setting system clock to 2016-02-18 18:28:32 UTC (1455820112)
[    3.849837] powernow-k8: Processor cpuid 663 not supported
[    3.855707] BIOS EDD facility v0.16 2004-Jun-25, 0 devices found
[    3.856826] EDD information not available.
[    3.917323] Freeing unused kernel memory: 928k freed
[    3.922159] Write protecting the kernel read-only data: 12288k
[    4.032083] Freeing unused kernel memory: 1596k freed
[    4.115455] Freeing unused kernel memory: 1184k freed

info: initramfs: up at 4.29
modprobe: module virtio_blk not found in modules.dep
modprobe: module virtio_net not found in modules.dep
info: copying initramfs to /dev/vda
info: initramfs loading root from /dev/vda
info: /etc/init.d/rc.sysinit: up at 8.71
info: container: none
Starting logging: OK
modprobe: module virtio_blk not found in modules.dep
modprobe: module virtio_net not found in modules.dep
WARN: /etc/rc3.d/S10-load-modules failed
Initializing random number generator... done.
Starting acpid: OK
cirros-ds 'local' up at 11.43
found datasource (configdrive, local)
Starting network...
udhcpc (v1.20.1) started
Sending discover...
Sending discover...

2016-02-18 18:30:30,741 27889 INFO     [tempest_lib.common.rest_client] Request (TestNetworkBasicOps:_run_cleanups): 204 DELETE http://10.4.1.3:9696/v2.0/floatingips/251a3dde-7a52-4b89-a481-e6162370683c 0.388s
2016-02-18 18:30:30,741 27889 DEBUG    [tempest_lib.common.rest_client] Request - Headers: {'Content-Type': 'application/json', 'Accept': 'application/json', 'X-Auth-Token': '&lt;omitted&gt;'}
        Body: None
    Response - Headers: {'date': 'Thu, 18 Feb 2016 18:30:30 GMT', 'status': '204', 'connection': 'close', 'content-length': '0', 'x-openstack-request-id': 'req-e46e1b7d-7a5c-442e-a574-100d682a28eb'}
        Body: 
2016-02-18 18:30:31,189 27889 INFO     [tempest_lib.common.rest_client] Request (TestNetworkBasicOps:_run_cleanups): 204 DELETE http://10.4.1.3:8774/v2.1/b839b882163f470d9568f329246fd093/servers/f6ec74b2-9f41-4a5f-94f0-2620f03be177 0.447s
2016-02-18 18:30:31,190 27889 DEBUG    [tempest_lib.common.rest_client] Request - Headers: {'Content-Type': 'application/json', 'Accept': 'application/json', 'X-Auth-Token': '&lt;omitted&gt;'}
        Body: None
    Response - Headers: {'status': '204', 'content-length': '0', 'x-compute-request-id': 'req-edaa2521-acdd-4dde-a00b-297f2a32806a', 'vary': 'X-OpenStack-Nova-API-Version', 'connection': 'close', 'x-openstack-nova-api-version': '2.1', 'date': 'Thu, 18 Feb 2016 18:30:31 GMT', 'content-type': 'application/json'}
        Body: 
2016-02-18 18:30:31,966 27889 INFO     [tempest_lib.common.rest_client] Request (TestNetworkBasicOps:_run_cleanups): 200 GET http://10.4.1.3:8774/v2.1/b839b882163f470d9568f329246fd093/servers/f6ec74b2-9f41-4a5f-94f0-2620f03be177 0.776s
2016-02-18 18:30:31,967 27889 DEBUG    [tempest_lib.common.rest_client] Request - Headers: {'Content-Type': 'application/json', 'Accept': 'application/json', 'X-Auth-Token': '&lt;omitted&gt;'}
        Body: None
    Response - Headers: {'status': '200', 'content-length': '1759', 'content-location': 'http://10.4.1.3:8774/v2.1/b839b882163f470d9568f329246fd093/servers/f6ec74b2-9f41-4a5f-94f0-2620f03be177', 'x-compute-request-id': 'req-d38ade56-9537-4959-aa9c-3ad6ced78315', 'vary': 'X-OpenStack-Nova-API-Version', 'connection': 'close', 'x-openstack-nova-api-version': '2.1', 'date': 'Thu, 18 Feb 2016 18:30:31 GMT', 'content-type': 'application/json'}
        Body: {"server": {"status": "ACTIVE", "updated": "2016-02-18T18:30:31Z", "hostId": "795ae2968a63c4e430bccc73bef2c5db2095f07972283390060e9490", "addresses": {"tempest-network-smoke--503484113": [{"OS-EXT-IPS-MAC:mac_addr": "fa:16:3e:76:d6:46", "version": 4, "addr": "10.100.0.3", "OS-EXT-IPS:type": "fixed"}, {"OS-EXT-IPS-MAC:mac_addr": "fa:16:3e:76:d6:46", "version": 4, "addr": "172.24.4.4", "OS-EXT-IPS:type": "floating"}]}, "links": [{"href": "http://10.4.1.3:8774/v2.1/b839b882163f470d9568f329246fd093/servers/f6ec74b2-9f41-4a5f-94f0-2620f03be177", "rel": "self"}, {"href": "http://10.4.1.3:8774/b839b882163f470d9568f329246fd093/servers/f6ec74b2-9f41-4a5f-94f0-2620f03be177", "rel": "bookmark"}], "key_name": "tempest-TestNetworkBasicOps-482684580", "image": {"id": "c64fce93-0a63-4f01-b16d-b2b74824747f", "links": [{"href": "http://10.4.1.3:8774/b839b882163f470d9568f329246fd093/images/c64fce93-0a63-4f01-b16d-b2b74824747f", "rel": "bookmark"}]}, "OS-EXT-STS:task_state": "deleting", "OS-EXT-STS:vm_state": "active", "OS-SRV-USG:launched_at": "2016-02-18T18:28:25.000000", "flavor": {"id": "42", "links": [{"href": "http://10.4.1.3:8774/b839b882163f470d9568f329246fd093/flavors/42", "rel": "bookmark"}]}, "id": "f6ec74b2-9f41-4a5f-94f0-2620f03be177", "security_groups": [{"name": "tempest-secgroup-smoke-858206965"}], "OS-SRV-USG:terminated_at": null, "OS-EXT-AZ:availability_zone": "nova", "user_id": "9da2fa69a6b2446294aed51c2d7390dd", "name": "tempest-server-smoke-2109329020", "created": "2016-02-18T18:28:18Z", "tenant_id": "b839b882163f470d9568f329246fd093", "OS-DCF:diskConfig": "MANUAL", "os-extended-volumes:volumes_attached": [], "accessIPv4": "", "accessIPv6": "", "progress": 0, "OS-EXT-STS:power_state": 1, "config_drive": "True", "metadata": {}}}
2016-02-18 18:30:33,255 27889 INFO     [tempest_lib.common.rest_client] Request (TestNetworkBasicOps:_run_cleanups): 404 GET http://10.4.1.3:8774/v2.1/b839b882163f470d9568f329246fd093/servers/f6ec74b2-9f41-4a5f-94f0-2620f03be177 0.277s
2016-02-18 18:30:33,256 27889 DEBUG    [tempest_lib.common.rest_client] Request - Headers: {'Content-Type': 'application/json', 'Accept': 'application/json', 'X-Auth-Token': '&lt;omitted&gt;'}
        Body: None
    Response - Headers: {'status': '404', 'content-length': '111', 'x-compute-request-id': 'req-8a372dde-7ba6-443b-ad0b-21defcd420e3', 'vary': 'X-OpenStack-Nova-API-Version', 'connection': 'close', 'x-openstack-nova-api-version': '2.1', 'date': 'Thu, 18 Feb 2016 18:30:33 GMT', 'content-type': 'application/json; charset=UTF-8'}
        Body: {"itemNotFound": {"message": "Instance f6ec74b2-9f41-4a5f-94f0-2620f03be177 could not be found.", "code": 404}}
2016-02-18 18:30:33,476 27889 INFO     [tempest_lib.common.rest_client] Request (TestNetworkBasicOps:_run_cleanups): 202 DELETE http://10.4.1.3:8774/v2.1/b839b882163f470d9568f329246fd093/os-keypairs/tempest-TestNetworkBasicOps-482684580 0.220s
2016-02-18 18:30:33,477 27889 DEBUG    [tempest_lib.common.rest_client] Request - Headers: {'Content-Type': 'application/json', 'Accept': 'application/json', 'X-Auth-Token': '&lt;omitted&gt;'}
        Body: None
    Response - Headers: {'status': '202', 'content-length': '0', 'x-compute-request-id': 'req-32f6aa85-0894-4061-9491-d2adf301cdba', 'vary': 'X-OpenStack-Nova-API-Version', 'connection': 'close', 'x-openstack-nova-api-version': '2.1', 'date': 'Thu, 18 Feb 2016 18:30:33 GMT', 'content-type': 'application/json'}
        Body: 
2016-02-18 18:30:34,136 27889 INFO     [tempest_lib.common.rest_client] Request (TestNetworkBasicOps:_run_cleanups): 500 PUT http://10.4.1.3:9696/v2.0/routers/6a7ce3d5-44e0-4514-98ce-363ac27ca500/remove_router_interface 0.658s
2016-02-18 18:30:34,137 27889 DEBUG    [tempest_lib.common.rest_client] Request - Headers: {'Content-Type': 'application/json', 'Accept': 'application/json', 'X-Auth-Token': '&lt;omitted&gt;'}
        Body: {"subnet_id": "89bd5738-30df-4526-a9bc-9b0a5821c189"}
    Response - Headers: {'status': '500', 'content-length': '150', 'connection': 'close', 'date': 'Thu, 18 Feb 2016 18:30:34 GMT', 'content-type': 'application/json; charset=UTF-8', 'x-openstack-request-id': 'req-d081b2a2-6363-4b9e-814c-c562903aa9c8'}
        Body: {"NeutronError": {"message": "Request Failed: internal server error while processing your request.", "type": "HTTPInternalServerError", "detail": ""}}
2016-02-18 18:30:34,388 27889 INFO     [tempest_lib.common.rest_client] Request (TestNetworkBasicOps:_run_cleanups): 200 GET http://10.4.1.3:9696/v2.0/routers/6a7ce3d5-44e0-4514-98ce-363ac27ca500 0.248s
2016-02-18 18:30:34,389 27889 DEBUG    [tempest_lib.common.rest_client] Request - Headers: {'Content-Type': 'application/json', 'Accept': 'application/json', 'X-Auth-Token': '&lt;omitted&gt;'}
        Body: None
    Response - Headers: {'status': '200', 'content-length': '501', 'content-location': 'http://10.4.1.3:9696/v2.0/routers/6a7ce3d5-44e0-4514-98ce-363ac27ca500', 'connection': 'close', 'date': 'Thu, 18 Feb 2016 18:30:34 GMT', 'content-type': 'application/json; charset=UTF-8', 'x-openstack-request-id': 'req-788fe9a6-37ea-490f-9831-3d5bb6208642'}
        Body: {"router": {"status": "ACTIVE", "external_gateway_info": {"network_id": "f4d97cbc-d92c-483e-96f0-21a8ec34d46b", "enable_snat": true, "external_fixed_ips": [{"subnet_id": "9a6e35cd-c375-4982-8517-3edc6eba9d3b", "ip_address": "172.24.4.3"}, {"subnet_id": "283c0789-9b10-47e3-98d3-f740e5f38af2", "ip_address": "2001:db8::4"}]}, "name": "tempest-router-smoke-1255687563", "admin_state_up": true, "tenant_id": "b839b882163f470d9568f329246fd093", "routes": [], "id": "6a7ce3d5-44e0-4514-98ce-363ac27ca500"}}
2016-02-18 18:30:35,010 27889 INFO     [tempest_lib.common.rest_client] Request (TestNetworkBasicOps:_run_cleanups): 200 PUT http://10.4.1.3:9696/v2.0/routers/6a7ce3d5-44e0-4514-98ce-363ac27ca500 0.620s
2016-02-18 18:30:35,011 27889 DEBUG    [tempest_lib.common.rest_client] Request - Headers: {'Content-Type': 'application/json', 'Accept': 'application/json', 'X-Auth-Token': '&lt;omitted&gt;'}
        Body: {"router": {"external_gateway_info": {}, "name": "tempest-router-smoke-1255687563", "admin_state_up": true}}
    Response - Headers: {'status': '200', 'content-length': '239', 'connection': 'close', 'date': 'Thu, 18 Feb 2016 18:30:35 GMT', 'content-type': 'application/json; charset=UTF-8', 'x-openstack-request-id': 'req-c6db0cde-d7df-4485-987b-6525a20e80f7'}
        Body: {"router": {"status": "ACTIVE", "external_gateway_info": null, "name": "tempest-router-smoke-1255687563", "admin_state_up": true, "tenant_id": "b839b882163f470d9568f329246fd093", "routes": [], "id": "6a7ce3d5-44e0-4514-98ce-363ac27ca500"}}
2016-02-18 18:30:35,501 27889 INFO     [tempest_lib.common.rest_client] Request (TestNetworkBasicOps:_run_cleanups): 500 DELETE http://10.4.1.3:9696/v2.0/routers/6a7ce3d5-44e0-4514-98ce-363ac27ca500 0.488s
2016-02-18 18:30:35,501 27889 DEBUG    [tempest_lib.common.rest_client] Request - Headers: {'Content-Type': 'application/json', 'Accept': 'application/json', 'X-Auth-Token': '&lt;omitted&gt;'}
        Body: None
    Response - Headers: {'status': '500', 'content-length': '150', 'connection': 'close', 'date': 'Thu, 18 Feb 2016 18:30:35 GMT', 'content-type': 'application/json; charset=UTF-8', 'x-openstack-request-id': 'req-2d324a81-45e6-4084-86f8-bf3617c5aaa1'}
        Body: {"NeutronError": {"message": "Request Failed: internal server error while processing your request.", "type": "HTTPInternalServerError", "detail": ""}}
2016-02-18 18:30:36,244 27889 INFO     [tempest_lib.common.rest_client] Request (TestNetworkBasicOps:_run_cleanups): 204 DELETE http://10.4.1.3:9696/v2.0/networks/2b713c0b-6958-41da-a835-a356924342ee 0.740s
2016-02-18 18:30:36,245 27889 DEBUG    [tempest_lib.common.rest_client] Request - Headers: {'Content-Type': 'application/json', 'Accept': 'application/json', 'X-Auth-Token': '&lt;omitted&gt;'}
        Body: None
    Response - Headers: {'date': 'Thu, 18 Feb 2016 18:30:36 GMT', 'status': '204', 'connection': 'close', 'content-length': '0', 'x-openstack-request-id': 'req-b191f3d4-bd9a-44b5-9622-5580554895ae'}
        Body: 
2016-02-18 18:30:36,583 27889 INFO     [tempest_lib.common.rest_client] Request (TestNetworkBasicOps:_run_cleanups): 204 DELETE http://10.4.1.3:9696/v2.0/security-groups/20343beb-00e3-4c88-99da-ebb3c7b27698 0.337s
2016-02-18 18:30:36,584 27889 DEBUG    [tempest_lib.common.rest_client] Request - Headers: {'Content-Type': 'application/json', 'Accept': 'application/json', 'X-Auth-Token': '&lt;omitted&gt;'}
        Body: None
    Response - Headers: {'date': 'Thu, 18 Feb 2016 18:30:36 GMT', 'status': '204', 'connection': 'close', 'content-length': '0', 'x-openstack-request-id': 'req-2c6204ad-890f-4b9d-901c-b37e5f885f3b'}
        Body: 
2016-02-18 18:30:36,889 27889 INFO     [tempest_lib.common.rest_client] Request (TestNetworkBasicOps:_run_cleanups): 404 GET http://10.4.1.3:8774/v2.1/b839b882163f470d9568f329246fd093/servers/f6ec74b2-9f41-4a5f-94f0-2620f03be177 0.304s
2016-02-18 18:30:36,890 27889 DEBUG    [tempest_lib.common.rest_client] Request - Headers: {'Content-Type': 'application/json', 'Accept': 'application/json', 'X-Auth-Token': '&lt;omitted&gt;'}
        Body: None
    Response - Headers: {'status': '404', 'content-length': '111', 'x-compute-request-id': 'req-becd45a9-face-4d54-8d46-12b9528e6860', 'vary': 'X-OpenStack-Nova-API-Version', 'connection': 'close', 'x-openstack-nova-api-version': '2.1', 'date': 'Thu, 18 Feb 2016 18:30:36 GMT', 'content-type': 'application/json; charset=UTF-8'}
        Body: {"itemNotFound": {"message": "Instance f6ec74b2-9f41-4a5f-94f0-2620f03be177 could not be found.", "code": 404}}
}}}

traceback-1: {{{
Traceback (most recent call last):
  File "tempest/scenario/manager.py", line 108, in delete_wrapper
    delete_thing(*args, **kwargs)
  File "tempest/services/network/resources.py", line 98, in delete
    subnet_id=self.id)
  File "tempest/services/network/json/network_client.py", line 199, in remove_router_interface
    return self.update_resource(uri, kwargs)
  File "tempest/services/network/json/base.py", line 68, in update_resource
    resp, body = self.put(req_uri, req_post_data)
  File "/usr/local/lib/python2.7/dist-packages/tempest_lib/common/rest_client.py", line 322, in put
    return self.request('PUT', url, extra_headers, headers, body)
  File "/usr/local/lib/python2.7/dist-packages/tempest_lib/common/rest_client.py", line 642, in request
    resp, resp_body)
  File "/usr/local/lib/python2.7/dist-packages/tempest_lib/common/rest_client.py", line 761, in _error_checker
    message=message)
tempest_lib.exceptions.ServerFault: Got server fault
Details: Request Failed: internal server error while processing your request.
}}}

traceback-2: {{{
Traceback (most recent call last):
  File "tempest/scenario/manager.py", line 108, in delete_wrapper
    delete_thing(*args, **kwargs)
  File "tempest/services/network/resources.py", line 119, in delete
    self.client.delete_router(self.id)
  File "tempest/services/network/json/network_client.py", line 169, in delete_router
    return self.delete_resource(uri)
  File "tempest/services/network/json/base.py", line 41, in delete_resource
    resp, body = self.delete(req_uri)
  File "/usr/local/lib/python2.7/dist-packages/tempest_lib/common/rest_client.py", line 290, in delete
    return self.request('DELETE', url, extra_headers, headers, body)
  File "/usr/local/lib/python2.7/dist-packages/tempest_lib/common/rest_client.py", line 642, in request
    resp, resp_body)
  File "/usr/local/lib/python2.7/dist-packages/tempest_lib/common/rest_client.py", line 761, in _error_checker
    message=message)
tempest_lib.exceptions.ServerFault: Got server fault
Details: Request Failed: internal server error while processing your request.
}}}

Traceback (most recent call last):
  File "tempest/test.py", line 113, in wrapper
    return f(self, *func_args, **func_kwargs)
  File "tempest/scenario/test_network_basic_ops.py", line 445, in test_connectivity_between_vms_on_different_networks
    self.check_public_network_connectivity(should_connect=True)
  File "tempest/scenario/test_network_basic_ops.py", line 212, in check_public_network_connectivity
    self.servers)
  File "tempest/scenario/manager.py", line 598, in check_public_network_connectivity
    should_connect=should_connect)
  File "tempest/scenario/manager.py", line 582, in check_vm_connectivity
    msg=msg)
  File "/usr/local/lib/python2.7/dist-packages/unittest2/case.py", line 702, in assertTrue
    raise self.failureException(msg)
AssertionError: False is not true : Timed out waiting for 172.24.4.4 to become reachable



        </pre>
    </div>
    <!--css div popup end-->

    </td>
</tr>

<tr id='ft1.2' class='none'>
    <td class='failCase'><div class='testcase'>test_hotplug_nic[compute,id-c5adff73-e961-41f1-b4a9-343614f18cfa,network]</div></td>
    <td colspan='7' align='left'>

    <!--css div popup start-->
    <a class="popup_link" onfocus='this.blur();'
    href="javascript:showTestDetail('div_ft1.2')" >
        fail</a>

    <div id='div_ft1.2' class="popup_window">
        <div style='text-align: right; color:red;cursor:pointer'>
        <a onfocus='this.blur();'
onclick="document.getElementById('div_ft1.2').style.display = 'none' " >
           [x]</a>
        </div>
        <pre>
        
ft1.2: tempest.scenario.test_network_basic_ops.TestNetworkBasicOps.test_hotplug_nic[compute,id-c5adff73-e961-41f1-b4a9-343614f18cfa,network]_StringException: Empty attachments:
  stderr
  stdout

pythonlogging:'': {{{
2016-02-18 18:30:37,225 27889 INFO     [tempest_lib.common.rest_client] Request (TestNetworkBasicOps:test_hotplug_nic): 201 POST http://10.4.1.3:9696/v2.0/security-groups 0.306s
