<?xml version="1.0" encoding="UTF-8"?>
<!DOCTYPE html PUBLIC "-//W3C//DTD XHTML 1.0 Strict//EN"
     "http://www.w3.org/TR/xhtml1/DTD/xhtml1-strict.dtd">
<html xmlns="http://www.w3.org/1999/xhtml">
<head>
    <title>Unit Test Report</title>
    <meta name="generator" content="subunit2html 0.1"/>
    <meta http-equiv="Content-Type" content="text/html; charset=UTF-8"/>
    
<style type="text/css" media="screen">
body        { font-family: verdana, arial, helvetica, sans-serif;
    font-size: 80%; }
table       { font-size: 100%; width: 100%;}
pre         { font-size: 80%; }

/* -- heading -------------------------------------------------------------- */
h1 {
        font-size: 16pt;
        color: gray;
}
.heading {
    margin-top: 0ex;
    margin-bottom: 1ex;
}

.heading .attribute {
    margin-top: 1ex;
    margin-bottom: 0;
}

.heading .description {
    margin-top: 4ex;
    margin-bottom: 6ex;
}

/* -- css div popup -------------------------------------------------------- */
a.popup_link {
}

a.popup_link:hover {
    color: red;
}

.popup_window {
    display: none;
    overflow-x: scroll;
    /*border: solid #627173 1px; */
    padding: 10px;
    background-color: #E6E6D6;
    font-family: "Ubuntu Mono", "Lucida Console", "Courier New", monospace;
    text-align: left;
    font-size: 8pt;
}

}
/* -- report --------------------------------------------------------------- */
#show_detail_line {
    margin-top: 3ex;
    margin-bottom: 1ex;
}
#result_table {
    width: 100%;
    border-collapse: collapse;
    border: 1px solid #777;
}
#header_row {
    font-weight: bold;
    color: white;
    background-color: #777;
}
#result_table td {
    border: 1px solid #777;
    padding: 2px;
}
#total_row  { font-weight: bold; }
.passClass  { background-color: #6c6; }
.failClass  { background-color: #c60; }
.errorClass { background-color: #c00; }
.passCase   { color: #6c6; }
.failCase   { color: #c60; font-weight: bold; }
.errorCase  { color: #c00; font-weight: bold; }
.hiddenRow  { display: none; }
.testcase   { margin-left: 2em; }
td.testname {width: 40%}
td.small {width: 40px}

/* -- ending --------------------------------------------------------------- */
#ending {
}

</style>

</head>
<body>
<script language="javascript" type="text/javascript"><!--
output_list = Array();

/* level - 0:Summary; 1:Failed; 2:All */
function showCase(level) {
    trs = document.getElementsByTagName("tr");
    for (var i = 0; i < trs.length; i++) {
        tr = trs[i];
        id = tr.id;
        if (id.substr(0,2) == 'ft') {
            if (level < 1) {
                tr.className = 'hiddenRow';
            }
            else {
                tr.className = '';
            }
        }
        if (id.substr(0,2) == 'pt') {
            if (level > 1) {
                tr.className = '';
            }
            else {
                tr.className = 'hiddenRow';
            }
        }
    }
}


function showClassDetail(cid, count) {
    var id_list = Array(count);
    var toHide = 1;
    for (var i = 0; i < count; i++) {
        tid0 = 't' + cid.substr(1) + '.' + (i+1);
        tid = 'f' + tid0;
        tr = document.getElementById(tid);
        if (!tr) {
            tid = 'p' + tid0;
            tr = document.getElementById(tid);
        }
        id_list[i] = tid;
        if (tr.className) {
            toHide = 0;
        }
    }
    for (var i = 0; i < count; i++) {
        tid = id_list[i];
        if (toHide) {
            document.getElementById('div_'+tid).style.display = 'none'
            document.getElementById(tid).className = 'hiddenRow';
        }
        else {
            document.getElementById(tid).className = '';
        }
    }
}


function showTestDetail(div_id){
    var details_div = document.getElementById(div_id)
    var displayState = details_div.style.display
    // alert(displayState)
    if (displayState != 'block' ) {
        displayState = 'block'
        details_div.style.display = 'block'
    }
    else {
        details_div.style.display = 'none'
    }
}


function html_escape(s) {
    s = s.replace(/&/g,'&amp;');
    s = s.replace(/</g,'&lt;');
    s = s.replace(/>/g,'&gt;');
    return s;
}

/* obsoleted by detail in <div>
function showOutput(id, name) {
    var w = window.open("", //url
                    name,
                    "resizable,scrollbars,status,width=800,height=450");
    d = w.document;
    d.write("<pre>");
    d.write(html_escape(output_list[id]));
    d.write("\n");
    d.write("<a href='javascript:window.close()'>close</a>\n");
    d.write("</pre>\n");
    d.close();
}
*/
--></script>

<div class='heading'>
<h1>Unit Test Report</h1>

<p class='attribute'><strong>Status:</strong> Failure 8 Skip 1</p>

<p class='description'></p>
</div>



<p id='show_detail_line'>Show
<a href='javascript:showCase(0)'>Summary</a>
<a href='javascript:showCase(1)'>Failed</a>
<a href='javascript:showCase(2)'>All</a>
</p>
<table id='result_table'>
<colgroup>
<col align='left' />
<col align='right' />
<col align='right' />
<col align='right' />
<col align='right' />
<col align='right' />
<col align='right' />
<col align='right' />
</colgroup>
<tr id='header_row'>
    <td>Test Group/Test case</td>
    <td>Count</td>
    <td>Pass</td>
    <td>Fail</td>
    <td>Error</td>
    <td>Skip</td>
    <td>View</td>
    <td> </td>
</tr>

<tr class='failClass'>
    <td class="testname">tempest.scenario.test_network_basic_ops.TestNetworkBasicOps</td>
    <td class="small">9</td>
    <td class="small">0</td>
    <td class="small">8</td>
    <td class="small">0</td>
    <td class="small">1</td>
    <td class="small"><a href="javascript:showClassDetail('c1',9)"
>Detail</a></td>
    <td> </td>
</tr>

<tr id='ft1.1' class='none'>
    <td class='failCase'><div class='testcase'>test_connectivity_between_vms_on_different_networks[compute,id-1546850e-fbaa-42f5-8b5f-03d8a6a95f15,network]</div></td>
    <td colspan='7' align='left'>

    <!--css div popup start-->
    <a class="popup_link" onfocus='this.blur();'
    href="javascript:showTestDetail('div_ft1.1')" >
        fail</a>

    <div id='div_ft1.1' class="popup_window">
        <div style='text-align: right; color:red;cursor:pointer'>
        <a onfocus='this.blur();'
onclick="document.getElementById('div_ft1.1').style.display = 'none' " >
           [x]</a>
        </div>
        <pre>
        
ft1.1: tempest.scenario.test_network_basic_ops.TestNetworkBasicOps.test_connectivity_between_vms_on_different_networks[compute,id-1546850e-fbaa-42f5-8b5f-03d8a6a95f15,network]_StringException: Empty attachments:
  stderr
  stdout

pythonlogging:'': {{{
2016-01-22 16:06:38,354 14888 INFO     [tempest_lib.common.rest_client] Request (TestNetworkBasicOps:test_connectivity_between_vms_on_different_networks): 201 POST http://10.4.1.3:9696/v2.0/security-groups 0.330s
2016-01-22 16:06:38,355 14888 DEBUG    [tempest_lib.common.rest_client] Request - Headers: {'Content-Type': 'application/json', 'Accept': 'application/json', 'X-Auth-Token': '&lt;omitted&gt;'}
        Body: {"security_group": {"tenant_id": "05bed524e95748f891472d374cacac35", "description": "tempest-secgroup-smoke-1470450011 description", "name": "tempest-secgroup-smoke-1470450011"}}
    Response - Headers: {'status': '201', 'content-length': '888', 'connection': 'close', 'date': 'Fri, 22 Jan 2016 16:06:38 GMT', 'content-type': 'application/json; charset=UTF-8', 'x-openstack-request-id': 'req-63dbccd0-6bf7-416e-87c5-0b8dd8aa8b92'}
        Body: {"security_group": {"tenant_id": "05bed524e95748f891472d374cacac35", "description": "tempest-secgroup-smoke-1470450011 description", "id": "b708f007-f01e-4f37-a792-5bfa6929f570", "security_group_rules": [{"remote_group_id": null, "direction": "egress", "remote_ip_prefix": null, "protocol": null, "ethertype": "IPv4", "tenant_id": "05bed524e95748f891472d374cacac35", "port_range_max": null, "port_range_min": null, "id": "9899fc09-d64d-4ed3-91e4-a5561e32db40", "security_group_id": "b708f007-f01e-4f37-a792-5bfa6929f570"}, {"remote_group_id": null, "direction": "egress", "remote_ip_prefix": null, "protocol": null, "ethertype": "IPv6", "tenant_id": "05bed524e95748f891472d374cacac35", "port_range_max": null, "port_range_min": null, "id": "b197dc54-6d60-4840-8ee6-7fb9f5c743b9", "security_group_id": "b708f007-f01e-4f37-a792-5bfa6929f570"}], "name": "tempest-secgroup-smoke-1470450011"}}
2016-01-22 16:06:38,467 14888 INFO     [tempest_lib.common.rest_client] Request (TestNetworkBasicOps:test_connectivity_between_vms_on_different_networks): 201 POST http://10.4.1.3:9696/v2.0/security-group-rules 0.110s
2016-01-22 16:06:38,468 14888 DEBUG    [tempest_lib.common.rest_client] Request - Headers: {'Content-Type': 'application/json', 'Accept': 'application/json', 'X-Auth-Token': '&lt;omitted&gt;'}
        Body: {"security_group_rule": {"direction": "ingress", "protocol": "tcp", "tenant_id": "05bed524e95748f891472d374cacac35", "port_range_max": 22, "security_group_id": "b708f007-f01e-4f37-a792-5bfa6929f570", "port_range_min": 22}}
    Response - Headers: {'status': '201', 'content-length': '340', 'connection': 'close', 'date': 'Fri, 22 Jan 2016 16:06:38 GMT', 'content-type': 'application/json; charset=UTF-8', 'x-openstack-request-id': 'req-96507d78-3d18-4837-8a06-d3a0675e185e'}
        Body: {"security_group_rule": {"remote_group_id": null, "direction": "ingress", "remote_ip_prefix": null, "protocol": "tcp", "ethertype": "IPv4", "tenant_id": "05bed524e95748f891472d374cacac35", "port_range_max": 22, "port_range_min": 22, "id": "f799f2ea-b3c2-4a1d-94e0-d5dde2a88c69", "security_group_id": "b708f007-f01e-4f37-a792-5bfa6929f570"}}
2016-01-22 16:06:38,583 14888 INFO     [tempest_lib.common.rest_client] Request (TestNetworkBasicOps:test_connectivity_between_vms_on_different_networks): 201 POST http://10.4.1.3:9696/v2.0/security-group-rules 0.114s
2016-01-22 16:06:38,583 14888 DEBUG    [tempest_lib.common.rest_client] Request - Headers: {'Content-Type': 'application/json', 'Accept': 'application/json', 'X-Auth-Token': '&lt;omitted&gt;'}
        Body: {"security_group_rule": {"direction": "egress", "protocol": "tcp", "tenant_id": "05bed524e95748f891472d374cacac35", "port_range_max": 22, "security_group_id": "b708f007-f01e-4f37-a792-5bfa6929f570", "port_range_min": 22}}
    Response - Headers: {'status': '201', 'content-length': '339', 'connection': 'close', 'date': 'Fri, 22 Jan 2016 16:06:38 GMT', 'content-type': 'application/json; charset=UTF-8', 'x-openstack-request-id': 'req-8e30cf72-f06b-4485-877e-cb0bf50b10fe'}
        Body: {"security_group_rule": {"remote_group_id": null, "direction": "egress", "remote_ip_prefix": null, "protocol": "tcp", "ethertype": "IPv4", "tenant_id": "05bed524e95748f891472d374cacac35", "port_range_max": 22, "port_range_min": 22, "id": "20139150-8008-452c-9be6-f40fa41001e9", "security_group_id": "b708f007-f01e-4f37-a792-5bfa6929f570"}}
2016-01-22 16:06:38,710 14888 INFO     [tempest_lib.common.rest_client] Request (TestNetworkBasicOps:test_connectivity_between_vms_on_different_networks): 201 POST http://10.4.1.3:9696/v2.0/security-group-rules 0.126s
2016-01-22 16:06:38,711 14888 DEBUG    [tempest_lib.common.rest_client] Request - Headers: {'Content-Type': 'application/json', 'Accept': 'application/json', 'X-Auth-Token': '&lt;omitted&gt;'}
        Body: {"security_group_rule": {"tenant_id": "05bed524e95748f891472d374cacac35", "direction": "ingress", "protocol": "icmp", "security_group_id": "b708f007-f01e-4f37-a792-5bfa6929f570"}}
    Response - Headers: {'status': '201', 'content-length': '345', 'connection': 'close', 'date': 'Fri, 22 Jan 2016 16:06:38 GMT', 'content-type': 'application/json; charset=UTF-8', 'x-openstack-request-id': 'req-71976e25-559e-494d-ac48-3721759ecbca'}
        Body: {"security_group_rule": {"remote_group_id": null, "direction": "ingress", "remote_ip_prefix": null, "protocol": "icmp", "ethertype": "IPv4", "tenant_id": "05bed524e95748f891472d374cacac35", "port_range_max": null, "port_range_min": null, "id": "07ad59d4-33ef-48a7-98b2-2001b7d92604", "security_group_id": "b708f007-f01e-4f37-a792-5bfa6929f570"}}
2016-01-22 16:06:38,834 14888 INFO     [tempest_lib.common.rest_client] Request (TestNetworkBasicOps:test_connectivity_between_vms_on_different_networks): 201 POST http://10.4.1.3:9696/v2.0/security-group-rules 0.122s
2016-01-22 16:06:38,835 14888 DEBUG    [tempest_lib.common.rest_client] Request - Headers: {'Content-Type': 'application/json', 'Accept': 'application/json', 'X-Auth-Token': '&lt;omitted&gt;'}
        Body: {"security_group_rule": {"tenant_id": "05bed524e95748f891472d374cacac35", "direction": "egress", "protocol": "icmp", "security_group_id": "b708f007-f01e-4f37-a792-5bfa6929f570"}}
    Response - Headers: {'status': '201', 'content-length': '344', 'connection': 'close', 'date': 'Fri, 22 Jan 2016 16:06:38 GMT', 'content-type': 'application/json; charset=UTF-8', 'x-openstack-request-id': 'req-1a474d3f-08a0-4568-acba-867f97f3d844'}
        Body: {"security_group_rule": {"remote_group_id": null, "direction": "egress", "remote_ip_prefix": null, "protocol": "icmp", "ethertype": "IPv4", "tenant_id": "05bed524e95748f891472d374cacac35", "port_range_max": null, "port_range_min": null, "id": "5e6dc008-06cb-44f3-96fc-2b80fb8a6153", "security_group_id": "b708f007-f01e-4f37-a792-5bfa6929f570"}}
2016-01-22 16:06:38,953 14888 INFO     [tempest_lib.common.rest_client] Request (TestNetworkBasicOps:test_connectivity_between_vms_on_different_networks): 201 POST http://10.4.1.3:9696/v2.0/security-group-rules 0.117s
2016-01-22 16:06:38,954 14888 DEBUG    [tempest_lib.common.rest_client] Request - Headers: {'Content-Type': 'application/json', 'Accept': 'application/json', 'X-Auth-Token': '&lt;omitted&gt;'}
        Body: {"security_group_rule": {"tenant_id": "05bed524e95748f891472d374cacac35", "direction": "ingress", "security_group_id": "b708f007-f01e-4f37-a792-5bfa6929f570", "protocol": "icmp", "ethertype": "IPv6"}}
    Response - Headers: {'status': '201', 'content-length': '345', 'connection': 'close', 'date': 'Fri, 22 Jan 2016 16:06:38 GMT', 'content-type': 'application/json; charset=UTF-8', 'x-openstack-request-id': 'req-566d91cd-e4d2-40fe-829d-334c61dc20b6'}
        Body: {"security_group_rule": {"remote_group_id": null, "direction": "ingress", "remote_ip_prefix": null, "protocol": "icmp", "ethertype": "IPv6", "tenant_id": "05bed524e95748f891472d374cacac35", "port_range_max": null, "port_range_min": null, "id": "7baf0c4b-41bd-416c-a07b-0cd4f5abb771", "security_group_id": "b708f007-f01e-4f37-a792-5bfa6929f570"}}
2016-01-22 16:06:39,087 14888 INFO     [tempest_lib.common.rest_client] Request (TestNetworkBasicOps:test_connectivity_between_vms_on_different_networks): 201 POST http://10.4.1.3:9696/v2.0/security-group-rules 0.131s
2016-01-22 16:06:39,088 14888 DEBUG    [tempest_lib.common.rest_client] Request - Headers: {'Content-Type': 'application/json', 'Accept': 'application/json', 'X-Auth-Token': '&lt;omitted&gt;'}
        Body: {"security_group_rule": {"tenant_id": "05bed524e95748f891472d374cacac35", "direction": "egress", "security_group_id": "b708f007-f01e-4f37-a792-5bfa6929f570", "protocol": "icmp", "ethertype": "IPv6"}}
    Response - Headers: {'status': '201', 'content-length': '344', 'connection': 'close', 'date': 'Fri, 22 Jan 2016 16:06:39 GMT', 'content-type': 'application/json; charset=UTF-8', 'x-openstack-request-id': 'req-450b3c69-5ee5-4a53-a25c-7ef29aeff553'}
        Body: {"security_group_rule": {"remote_group_id": null, "direction": "egress", "remote_ip_prefix": null, "protocol": "icmp", "ethertype": "IPv6", "tenant_id": "05bed524e95748f891472d374cacac35", "port_range_max": null, "port_range_min": null, "id": "a91e4b02-24d8-48d4-8e72-13bbe856d39a", "security_group_id": "b708f007-f01e-4f37-a792-5bfa6929f570"}}
2016-01-22 16:06:39,272 14888 INFO     [tempest_lib.common.rest_client] Request (TestNetworkBasicOps:test_connectivity_between_vms_on_different_networks): 201 POST http://10.4.1.3:9696/v2.0/networks 0.183s
2016-01-22 16:06:39,273 14888 DEBUG    [tempest_lib.common.rest_client] Request - Headers: {'Content-Type': 'application/json', 'Accept': 'application/json', 'X-Auth-Token': '&lt;omitted&gt;'}
        Body: {"network": {"tenant_id": "05bed524e95748f891472d374cacac35", "name": "tempest-network-smoke--1712205242"}}
    Response - Headers: {'status': '201', 'content-length': '327', 'connection': 'close', 'date': 'Fri, 22 Jan 2016 16:06:39 GMT', 'content-type': 'application/json; charset=UTF-8', 'x-openstack-request-id': 'req-fba0900d-a7cc-489d-99ab-550d540710a7'}
        Body: {"network": {"status": "ACTIVE", "subnets": [], "availability_zone_hints": [], "name": "tempest-network-smoke--1712205242", "admin_state_up": true, "tenant_id": "05bed524e95748f891472d374cacac35", "mtu": 0, "router:external": false, "shared": false, "port_security_enabled": true, "id": "6e53dead-297f-4a45-a9b2-62da6dee98c2"}}
2016-01-22 16:06:39,362 14888 INFO     [tempest_lib.common.rest_client] Request (TestNetworkBasicOps:test_connectivity_between_vms_on_different_networks): 201 POST http://10.4.1.3:9696/v2.0/routers 0.088s
2016-01-22 16:06:39,363 14888 DEBUG    [tempest_lib.common.rest_client] Request - Headers: {'Content-Type': 'application/json', 'Accept': 'application/json', 'X-Auth-Token': '&lt;omitted&gt;'}
        Body: {"router": {"tenant_id": "05bed524e95748f891472d374cacac35", "name": "tempest-router-smoke-1452449881", "admin_state_up": true}}
    Response - Headers: {'status': '201', 'content-length': '239', 'connection': 'close', 'date': 'Fri, 22 Jan 2016 16:06:39 GMT', 'content-type': 'application/json; charset=UTF-8', 'x-openstack-request-id': 'req-b4cde1e8-74b2-45af-a03d-ce5016b298c5'}
        Body: {"router": {"status": "ACTIVE", "external_gateway_info": null, "name": "tempest-router-smoke-1452449881", "admin_state_up": true, "tenant_id": "05bed524e95748f891472d374cacac35", "routes": [], "id": "5d2b0225-d65f-4d8e-8f25-98fd9d58e37a"}}
2016-01-22 16:06:39,420 14888 INFO     [tempest_lib.common.rest_client] Request (TestNetworkBasicOps:test_connectivity_between_vms_on_different_networks): 200 GET http://10.4.1.3:9696/v2.0/routers/5d2b0225-d65f-4d8e-8f25-98fd9d58e37a 0.056s
2016-01-22 16:06:39,421 14888 DEBUG    [tempest_lib.common.rest_client] Request - Headers: {'Content-Type': 'application/json', 'Accept': 'application/json', 'X-Auth-Token': '&lt;omitted&gt;'}
        Body: None
    Response - Headers: {'status': '200', 'content-length': '239', 'content-location': 'http://10.4.1.3:9696/v2.0/routers/5d2b0225-d65f-4d8e-8f25-98fd9d58e37a', 'connection': 'close', 'date': 'Fri, 22 Jan 2016 16:06:39 GMT', 'content-type': 'application/json; charset=UTF-8', 'x-openstack-request-id': 'req-96730b8a-0193-4104-97b7-950eeda6f81a'}
        Body: {"router": {"status": "ACTIVE", "external_gateway_info": null, "name": "tempest-router-smoke-1452449881", "admin_state_up": true, "tenant_id": "05bed524e95748f891472d374cacac35", "routes": [], "id": "5d2b0225-d65f-4d8e-8f25-98fd9d58e37a"}}
2016-01-22 16:06:40,118 14888 INFO     [tempest_lib.common.rest_client] Request (TestNetworkBasicOps:test_connectivity_between_vms_on_different_networks): 200 PUT http://10.4.1.3:9696/v2.0/routers/5d2b0225-d65f-4d8e-8f25-98fd9d58e37a 0.696s
2016-01-22 16:06:40,118 14888 DEBUG    [tempest_lib.common.rest_client] Request - Headers: {'Content-Type': 'application/json', 'Accept': 'application/json', 'X-Auth-Token': '&lt;omitted&gt;'}
        Body: {"router": {"external_gateway_info": {"network_id": "20522c11-d04b-40f4-8fdb-f0c0c034b39e"}, "name": "tempest-router-smoke-1452449881", "admin_state_up": true}}
    Response - Headers: {'status': '200', 'content-length': '501', 'connection': 'close', 'date': 'Fri, 22 Jan 2016 16:06:40 GMT', 'content-type': 'application/json; charset=UTF-8', 'x-openstack-request-id': 'req-be6b5dd7-94e5-4faa-b093-5d5296434433'}
        Body: {"router": {"status": "ACTIVE", "external_gateway_info": {"network_id": "20522c11-d04b-40f4-8fdb-f0c0c034b39e", "enable_snat": true, "external_fixed_ips": [{"subnet_id": "53f88bd2-371d-46b0-8b8d-bc8ad72b9306", "ip_address": "172.24.4.3"}, {"subnet_id": "e615e6c0-88b9-4cb1-8531-0aba60049b53", "ip_address": "2001:db8::3"}]}, "name": "tempest-router-smoke-1452449881", "admin_state_up": true, "tenant_id": "05bed524e95748f891472d374cacac35", "routes": [], "id": "5d2b0225-d65f-4d8e-8f25-98fd9d58e37a"}}
2016-01-22 16:06:40,328 14888 INFO     [tempest_lib.common.rest_client] Request (TestNetworkBasicOps:test_connectivity_between_vms_on_different_networks): 200 GET http://10.4.1.3:9696/v2.0/subnets?tenant_id=05bed524e95748f891472d374cacac35&amp;cidr=10.100.0.0%2F28 0.209s
2016-01-22 16:06:40,329 14888 DEBUG    [tempest_lib.common.rest_client] Request - Headers: {'Content-Type': 'application/json', 'Accept': 'application/json', 'X-Auth-Token': '&lt;omitted&gt;'}
        Body: None
    Response - Headers: {'status': '200', 'content-length': '15', 'content-location': 'http://10.4.1.3:9696/v2.0/subnets?tenant_id=05bed524e95748f891472d374cacac35&amp;cidr=10.100.0.0%2F28', 'connection': 'close', 'date': 'Fri, 22 Jan 2016 16:06:40 GMT', 'content-type': 'application/json; charset=UTF-8', 'x-openstack-request-id': 'req-48e2c4d8-986b-4e19-b4b4-7d151e7bef09'}
        Body: {"subnets": []}
2016-01-22 16:06:40,674 14888 INFO     [tempest_lib.common.rest_client] Request (TestNetworkBasicOps:test_connectivity_between_vms_on_different_networks): 201 POST http://10.4.1.3:9696/v2.0/subnets 0.344s
2016-01-22 16:06:40,675 14888 DEBUG    [tempest_lib.common.rest_client] Request - Headers: {'Content-Type': 'application/json', 'Accept': 'application/json', 'X-Auth-Token': '&lt;omitted&gt;'}
        Body: {"subnet": {"ip_version": 4, "tenant_id": "05bed524e95748f891472d374cacac35", "cidr": "10.100.0.0/28", "network_id": "6e53dead-297f-4a45-a9b2-62da6dee98c2", "name": "tempest-subnet-smoke-1424830476"}}
    Response - Headers: {'status': '201', 'content-length': '478', 'connection': 'close', 'date': 'Fri, 22 Jan 2016 16:06:40 GMT', 'content-type': 'application/json; charset=UTF-8', 'x-openstack-request-id': 'req-d4d7eec0-42ae-469e-9e05-1a38473f9228'}
        Body: {"subnet": {"name": "tempest-subnet-smoke-1424830476", "enable_dhcp": true, "network_id": "6e53dead-297f-4a45-a9b2-62da6dee98c2", "tenant_id": "05bed524e95748f891472d374cacac35", "dns_nameservers": [], "gateway_ip": "10.100.0.1", "ipv6_ra_mode": null, "allocation_pools": [{"start": "10.100.0.2", "end": "10.100.0.14"}], "host_routes": [], "ip_version": 4, "ipv6_address_mode": null, "cidr": "10.100.0.0/28", "id": "f0a8d595-131b-48bc-a1ac-d7ebd9cabaf8", "subnetpool_id": null}}
2016-01-22 16:06:41,453 14888 INFO     [tempest_lib.common.rest_client] Request (TestNetworkBasicOps:test_connectivity_between_vms_on_different_networks): 200 PUT http://10.4.1.3:9696/v2.0/routers/5d2b0225-d65f-4d8e-8f25-98fd9d58e37a/add_router_interface 0.777s
2016-01-22 16:06:41,454 14888 DEBUG    [tempest_lib.common.rest_client] Request - Headers: {'Content-Type': 'application/json', 'Accept': 'application/json', 'X-Auth-Token': '&lt;omitted&gt;'}
        Body: {"subnet_id": "f0a8d595-131b-48bc-a1ac-d7ebd9cabaf8"}
    Response - Headers: {'status': '200', 'content-length': '255', 'connection': 'close', 'date': 'Fri, 22 Jan 2016 16:06:41 GMT', 'content-type': 'application/json; charset=UTF-8', 'x-openstack-request-id': 'req-d6c94452-1b1e-423d-bf04-da3b746bf2e5'}
        Body: {"subnet_id": "f0a8d595-131b-48bc-a1ac-d7ebd9cabaf8", "tenant_id": "05bed524e95748f891472d374cacac35", "subnet_ids": ["f0a8d595-131b-48bc-a1ac-d7ebd9cabaf8"], "port_id": "39ec2dab-e82f-41bf-b3b3-7b672a0db274", "id": "5d2b0225-d65f-4d8e-8f25-98fd9d58e37a"}
2016-01-22 16:06:41,505 14888 INFO     [tempest_lib.common.rest_client] Request (TestNetworkBasicOps:test_connectivity_between_vms_on_different_networks): 200 GET http://10.4.1.3:9696/v2.0/networks 0.051s
2016-01-22 16:06:41,506 14888 DEBUG    [tempest_lib.common.rest_client] Request - Headers: {'Content-Type': 'application/json', 'Accept': 'application/json', 'X-Auth-Token': '&lt;omitted&gt;'}
        Body: None
    Response - Headers: {'status': '200', 'content-length': '1507', 'content-location': 'http://10.4.1.3:9696/v2.0/networks', 'connection': 'close', 'date': 'Fri, 22 Jan 2016 16:06:41 GMT', 'content-type': 'application/json; charset=UTF-8', 'x-openstack-request-id': 'req-6de78788-afd6-4ebe-a58b-a0545c26b072'}
        Body: {"networks": [{"status": "ACTIVE", "subnets": ["e615e6c0-88b9-4cb1-8531-0aba60049b53", "53f88bd2-371d-46b0-8b8d-bc8ad72b9306"], "availability_zone_hints": [], "availability_zones": ["nova"], "name": "public", "provider:physical_network": null, "admin_state_up": true, "tenant_id": "afe6154aaf534467a5d8aca4874b0815", "mtu": 0, "router:external": true, "shared": false, "port_security_enabled": true, "provider:network_type": "vxlan", "id": "20522c11-d04b-40f4-8fdb-f0c0c034b39e", "provider:segmentation_id": 1090}, {"status": "ACTIVE", "subnets": ["58159ebc-ba16-45ee-8e03-1b9d28d98cd1", "2b01dca7-6177-4efe-b5cc-9aa491e2d3b8"], "availability_zone_hints": [], "availability_zones": ["nova"], "name": "private", "provider:physical_network": null, "admin_state_up": true, "tenant_id": "ee71e9c4d6fa468d87c8417f84c0ab64", "mtu": 0, "router:external": false, "shared": false, "port_security_enabled": true, "provider:network_type": "vxlan", "id": "aab22ea7-74b5-4c4d-a5bd-759ccaef6403", "provider:segmentation_id": 1029}, {"status": "ACTIVE", "subnets": ["f0a8d595-131b-48bc-a1ac-d7ebd9cabaf8"], "availability_zone_hints": [], "availability_zones": ["nova"], "name": "tempest-network-smoke--1712205242", "provider:physical_network": null, "admin_state_up": true, "tenant_id": "05bed524e95748f891472d374cacac35", "mtu": 0, "router:external": false, "shared": false, "port_security_enabled": true, "provider:network_type": "vxlan", "id": "6e53dead-297f-4a45-a9b2-62da6dee98c2", "provider:segmentation_id": 1003}]}
2016-01-22 16:06:41,733 14888 INFO     [tempest_lib.common.rest_client] Request (TestNetworkBasicOps:test_connectivity_between_vms_on_different_networks): 200 GET http://10.4.1.3:9696/v2.0/subnets 0.226s
2016-01-22 16:06:41,734 14888 DEBUG    [tempest_lib.common.rest_client] Request - Headers: {'Content-Type': 'application/json', 'Accept': 'application/json', 'X-Auth-Token': '&lt;omitted&gt;'}
        Body: None
    Response - Headers: {'status': '200', 'content-length': '2408', 'content-location': 'http://10.4.1.3:9696/v2.0/subnets', 'connection': 'close', 'date': 'Fri, 22 Jan 2016 16:06:41 GMT', 'content-type': 'application/json; charset=UTF-8', 'x-openstack-request-id': 'req-b0dc814f-ea4f-4f1f-b652-843bf0a6bbc0'}
        Body: {"subnets": [{"name": "public-subnet", "enable_dhcp": false, "network_id": "20522c11-d04b-40f4-8fdb-f0c0c034b39e", "tenant_id": "afe6154aaf534467a5d8aca4874b0815", "dns_nameservers": [], "gateway_ip": "172.24.4.1", "ipv6_ra_mode": null, "allocation_pools": [{"start": "172.24.4.2", "end": "172.24.4.254"}], "host_routes": [], "ip_version": 4, "ipv6_address_mode": null, "cidr": "172.24.4.0/24", "id": "53f88bd2-371d-46b0-8b8d-bc8ad72b9306", "subnetpool_id": null}, {"name": "tempest-subnet-smoke-1424830476", "enable_dhcp": true, "network_id": "6e53dead-297f-4a45-a9b2-62da6dee98c2", "tenant_id": "05bed524e95748f891472d374cacac35", "dns_nameservers": [], "gateway_ip": "10.100.0.1", "ipv6_ra_mode": null, "allocation_pools": [{"start": "10.100.0.2", "end": "10.100.0.14"}], "host_routes": [], "ip_version": 4, "ipv6_address_mode": null, "cidr": "10.100.0.0/28", "id": "f0a8d595-131b-48bc-a1ac-d7ebd9cabaf8", "subnetpool_id": null}, {"name": "ipv6-public-subnet", "enable_dhcp": false, "network_id": "20522c11-d04b-40f4-8fdb-f0c0c034b39e", "tenant_id": "afe6154aaf534467a5d8aca4874b0815", "dns_nameservers": [], "gateway_ip": "2001:db8::2", "ipv6_ra_mode": null, "allocation_pools": [{"start": "2001:db8::3", "end": "2001:db8::ffff:ffff:ffff:ffff"}, {"start": "2001:db8::1", "end": "2001:db8::1"}], "host_routes": [], "ip_version": 6, "ipv6_address_mode": null, "cidr": "2001:db8::/64", "id": "e615e6c0-88b9-4cb1-8531-0aba60049b53", "subnetpool_id": null}, {"name": "private-subnet", "enable_dhcp": true, "network_id": "aab22ea7-74b5-4c4d-a5bd-759ccaef6403", "tenant_id": "ee71e9c4d6fa468d87c8417f84c0ab64", "dns_nameservers": [], "gateway_ip": "10.0.0.1", "ipv6_ra_mode": null, "allocation_pools": [{"start": "10.0.0.2", "end": "10.0.0.254"}], "host_routes": [], "ip_version": 4, "ipv6_address_mode": null, "cidr": "10.0.0.0/24", "id": "2b01dca7-6177-4efe-b5cc-9aa491e2d3b8", "subnetpool_id": null}, {"name": "ipv6-private-subnet", "enable_dhcp": true, "network_id": "aab22ea7-74b5-4c4d-a5bd-759ccaef6403", "tenant_id": "ee71e9c4d6fa468d87c8417f84c0ab64", "dns_nameservers": [], "gateway_ip": "fdea:6eb6:69ef::1", "ipv6_ra_mode": "slaac", "allocation_pools": [{"start": "fdea:6eb6:69ef::2", "end": "fdea:6eb6:69ef:0:ffff:ffff:ffff:ffff"}], "host_routes": [], "ip_version": 6, "ipv6_address_mode": "slaac", "cidr": "fdea:6eb6:69ef::/64", "id": "58159ebc-ba16-45ee-8e03-1b9d28d98cd1", "subnetpool_id": null}]}
2016-01-22 16:06:41,788 14888 INFO     [tempest_lib.common.rest_client] Request (TestNetworkBasicOps:test_connectivity_between_vms_on_different_networks): 200 GET http://10.4.1.3:9696/v2.0/routers 0.053s
2016-01-22 16:06:41,789 14888 DEBUG    [tempest_lib.common.rest_client] Request - Headers: {'Content-Type': 'application/json', 'Accept': 'application/json', 'X-Auth-Token': '&lt;omitted&gt;'}
        Body: None
    Response - Headers: {'status': '200', 'content-length': '1015', 'content-location': 'http://10.4.1.3:9696/v2.0/routers', 'connection': 'close', 'date': 'Fri, 22 Jan 2016 16:06:41 GMT', 'content-type': 'application/json; charset=UTF-8', 'x-openstack-request-id': 'req-63a69b93-d3e2-4953-8c27-3de015624ddd'}
        Body: {"routers": [{"status": "ACTIVE", "external_gateway_info": {"network_id": "20522c11-d04b-40f4-8fdb-f0c0c034b39e", "enable_snat": true, "external_fixed_ips": [{"subnet_id": "53f88bd2-371d-46b0-8b8d-bc8ad72b9306", "ip_address": "172.24.4.3"}, {"subnet_id": "e615e6c0-88b9-4cb1-8531-0aba60049b53", "ip_address": "2001:db8::3"}]}, "name": "tempest-router-smoke-1452449881", "admin_state_up": true, "tenant_id": "05bed524e95748f891472d374cacac35", "distributed": false, "routes": [], "id": "5d2b0225-d65f-4d8e-8f25-98fd9d58e37a"}, {"status": "ACTIVE", "external_gateway_info": {"network_id": "20522c11-d04b-40f4-8fdb-f0c0c034b39e", "enable_snat": true, "external_fixed_ips": [{"subnet_id": "53f88bd2-371d-46b0-8b8d-bc8ad72b9306", "ip_address": "172.24.4.2"}, {"subnet_id": "e615e6c0-88b9-4cb1-8531-0aba60049b53", "ip_address": "2001:db8::1"}]}, "name": "router1", "admin_state_up": true, "tenant_id": "ee71e9c4d6fa468d87c8417f84c0ab64", "distributed": false, "routes": [], "id": "df2a8544-ea30-4ebe-b880-4571f42ecfd6"}]}
2016-01-22 16:06:42,220 14888 INFO     [tempest_lib.common.rest_client] Request (TestNetworkBasicOps:test_connectivity_between_vms_on_different_networks): 200 POST http://10.4.1.3:8774/v2.1/05bed524e95748f891472d374cacac35/os-keypairs 0.429s
2016-01-22 16:06:42,221 14888 DEBUG    [tempest_lib.common.rest_client] Request - Headers: {'Content-Type': 'application/json', 'Accept': 'application/json', 'X-Auth-Token': '&lt;omitted&gt;'}
        Body: {"keypair": {"name": "tempest-TestNetworkBasicOps-1298947071"}}
    Response - Headers: {'status': '200', 'content-length': '2325', 'x-compute-request-id': 'req-b8ceef96-71f3-4af4-a8a5-6058bb3a3ad2', 'vary': 'X-OpenStack-Nova-API-Version', 'connection': 'close', 'x-openstack-nova-api-version': '2.1', 'date': 'Fri, 22 Jan 2016 16:06:42 GMT', 'content-type': 'application/json'}
        Body: {"keypair": {"public_key": "ssh-rsa AAAAB3NzaC1yc2EAAAADAQABAAABAQDhMtIr1uUqaGvx2HR6Ay0ObNpqreyTiyXFvEsabw6R3/vKqv/Gqz3I58Co7uFgCBQYexGR6i7fo7JLSW7AzPjyw+b4+Eb4diO71DLJW6v4LZqAF+1JzTOa50HKIvI+CoGUbZfE7CoDL2qbR3+wmeIFHFeiv48SUCTMqlbs1UE9Ex53GhKmOmRPSxAlggRS5qKQnq5Q903gVK2CHig9wmUrGrs4meJFbbMbrw9isy+9MQJKxE9CuL2v2KeDWBRJDZ31vHgB6GsxaoTVIepjRDDOUNWDZ5uB5jLT/N+zr+UB99w6Rs7zivTFZ0DUQ8nAf8lwvTTw9SNSN5BKG2T/mVHT Generated-by-Nova", "private_key": "-----BEGIN RSA PRIVATE KEY-----\nMIIEqwIBAAKCAQEA4TLSK9blKmhr8dh0egMtDmzaaq3sk4slxbxLGm8Okd/7yqr/\nxqs9yOfAqO7hYAgUGHsRkeou36OyS0luwMz48sPm+PhG+HYju9QyyVur+C2agBft\nSc0zmudByiLyPgqBlG2XxOwqAy9qm0d/sJniBRxXor+PElAkzKpW7NVBPRMedxoS\npjpkT0sQJYIEUuaikJ6uUPdN4FStgh4oPcJlKxq7OJniRW2zG68PYrMvvTECSsRP\nQri9r9ing1gUSQ2d9bx4AehrMWqE1SHqY0QwzlDVg2ebgeYy0/zfs6/lAffcOkbO\n84r0xWdA1EPJwH/JcL008PUjUjeQShtk/5lR0wIDAQABAoIBAQCKY8LIcgzuXLFJ\nM+2QNXdwz/ABctRZbz9NHoNAwVLAzlZbm24HVqBnYBQDPJl/fDdtO+P2OWWIxX4B\nyiSnks7B0SWVhm2GroMTIDn9h7pMjynM4edOXS4DWW4SnBsliStMXXTQ7Rh8UJ1A\nw1Vy334ICfzI5NM1O88BfwRgEkU/E+NcrR/M+QD6zb1mB2WOVuVrMwAA4gBqkfvq\ndm78r+zGFT9OpzV3RFaqmK9pIU7fg/kejPOaHdmtI5oIb8DCfVJB1JWzv+YNjICX\nDbrfF9JxZ1uEo5GZr/zINfG2/lMwZ5w7BaCkT6k8ftN4jq8OtusALwlbgYUcDIEb\nbSv3JKKBAoIAgQDmMPWvrJcS0/YAKe43Q8KRFNyJTanl43/YwEZc7ANCBhx/NbPX\n0+7dCubDTg7MybaChIr20m2woEkJZ17z5Jx+p+rp81aqqU4fq8XSXJCETBU+z3M4\ntITCEQzAhQ2Ayxkeqrz9szlPIkTFoqY+YmuAGCPdc3FVQe4ZrimVEizV8wKCAIEA\n+nKO13AD+ZK7cDIPUoVhf6coWUoGN+QaKguZ34NVe9Ep+8LIuVt6WVVL43ebjRBR\nmP5QHQL9sbmTT0N1+PSRVQI8JJnkijM/qO/bcIp+A/3AsyRKsUImwTHhBPMPtWt4\nlpDwC0k90Vffs1ND+L2ULiVqoy327d/Do8qS44QbLKECggCBAMqHFxLaeg0RuqYI\nPlQXZQ962FJhp3LhR7Gv8fh9mpwzfk0aNcJV8BpBJil9+x2I9/A7p3xkRigZzkjc\nzzks0dfJ67Cs7Xq3/Ul2O1XLJUeRHTwnD4w7n3aTw7F7HxdLGi3WMPPSBUEvuGxe\nn3/R3h1Un/GOSY+ms1Oa3XEQDayrAoIAgQCdK1dJDBryfIr0lfXXq6zMF3LS1gmg\n+Z0R1cXy5tC2q0TVoh+lcysM9OJzFZSgqiULBk3wZvgemH9BtuxKF/E8j/J+ZbVu\npUrGEgB8V+1NQ+mygov9Qa5gf5TfLkolaBR9KOf7rTMGNUdFmnOFnjNn4kNRtH7K\nOSrllzMnZLhJAQKCAIEAxJ920zTvs2Lvm/9PAnmnc/2dn9eE9qKQoj9L+698WS01\nB42ngjQqin6LjChXJeP/xZsiR6Iwmpb7YtSFfvrsltbbU3MaKKrRQ9qs/0Haugx+\nOweiatXoaGQQAEtYuIFuXPDZWGpOZGmxbTdMP6mvKAlqxpcA2e1fww4W2cEMWUA=\n-----END RSA PRIVATE KEY-----\n", "user_id": "fba49da31af944c495e91a8d4e3d2197", "name": "tempest-TestNetworkBasicOps-1298947071", "fingerprint": "0a:f2:ab:8d:0f:d9:3e:3c:de:71:3c:5a:27:ea:ac:80"}}
2016-01-22 16:06:42,380 14888 INFO     [tempest_lib.common.rest_client] Request (TestNetworkBasicOps:test_connectivity_between_vms_on_different_networks): 200 POST http://10.4.1.3:5000/v2.0/tokens
2016-01-22 16:06:42,381 14888 DEBUG    [tempest_lib.common.rest_client] Request - Headers: {'Content-Type': 'application/json', 'Accept': 'application/json'}
        Body: &lt;omitted&gt;
    Response - Headers: {'status': '200', 'content-length': '2258', 'vary': 'X-Auth-Token', 'server': 'Apache/2.4.7 (Ubuntu)', 'connection': 'close', 'date': 'Fri, 22 Jan 2016 16:06:42 GMT', 'content-type': 'application/json', 'x-openstack-request-id': 'req-5e96f0e3-08ff-4f48-a484-8827102063cc'}
        Body: {"access": {"token": {"issued_at": "2016-01-22T16:06:42.367619", "expires": "2016-01-22T17:06:42Z", "id": "439f7e59bc424a80a82b19964fa24c2e", "tenant": {"description": "tempest-TestNetworkBasicOps-984997461-desc", "enabled": true, "id": "05bed524e95748f891472d374cacac35", "name": "tempest-TestNetworkBasicOps-984997461"}, "audit_ids": ["Lm90VDHhSbaVKm9vdCjF4A"]}, "serviceCatalog": [{"endpoints": [{"adminURL": "http://10.4.1.3:9292", "region": "RegionOne", "internalURL": "http://10.4.1.3:9292", "id": "09e362c2cd5f455f8cfe124654caf651", "publicURL": "http://10.4.1.3:9292"}], "endpoints_links": [], "type": "image", "name": "glance"}, {"endpoints": [{"adminURL": "http://10.4.1.3:8774/v2.1/05bed524e95748f891472d374cacac35", "region": "RegionOne", "internalURL": "http://10.4.1.3:8774/v2.1/05bed524e95748f891472d374cacac35", "id": "0bbc550017ee43fe9d5a3b1e6ea9d394", "publicURL": "http://10.4.1.3:8774/v2.1/05bed524e95748f891472d374cacac35"}], "endpoints_links": [], "type": "compute", "name": "nova"}, {"endpoints": [{"adminURL": "http://10.4.1.3:8774/v2/05bed524e95748f891472d374cacac35", "region": "RegionOne", "internalURL": "http://10.4.1.3:8774/v2/05bed524e95748f891472d374cacac35", "id": "2858478b4458417ab521be7bcad920b7", "publicURL": "http://10.4.1.3:8774/v2/05bed524e95748f891472d374cacac35"}], "endpoints_links": [], "type": "compute_legacy", "name": "nova_legacy"}, {"endpoints": [{"adminURL": "http://10.4.1.3:35357/v2.0", "region": "RegionOne", "internalURL": "http://10.4.1.3:5000/v2.0", "id": "b2de8e6b377746a9ba314100033df9a4", "publicURL": "http://10.4.1.3:5000/v2.0"}], "endpoints_links": [], "type": "identity", "name": "keystone"}, {"endpoints": [{"adminURL": "http://10.4.1.3:9696/", "region": "RegionOne", "internalURL": "http://10.4.1.3:9696/", "id": "4ce920437ac04cf583a3b15ccc61ff95", "publicURL": "http://10.4.1.3:9696/"}], "endpoints_links": [], "type": "network", "name": "neutron"}], "user": {"username": "tempest-TestNetworkBasicOps-1338187730", "roles_links": [], "id": "fba49da31af944c495e91a8d4e3d2197", "roles": [{"name": "Member"}, {"name": "_member_"}], "name": "tempest-TestNetworkBasicOps-1338187730"}, "metadata": {"is_admin": 0, "roles": ["0bcac49834d24258bd276dbbba03f952", "9fe2ff9ee4384b1894a90878d3e92bab"]}}}
2016-01-22 16:06:42,385 14888 DEBUG    [tempest.common.fixed_network] (TestNetworkBasicOps:test_connectivity_between_vms_on_different_networks) No valid network provided or created, defaulting to fixed_network_name
2016-01-22 16:06:42,780 14888 INFO     [tempest_lib.common.rest_client] Request (TestNetworkBasicOps:test_connectivity_between_vms_on_different_networks): 200 GET http://10.4.1.3:8774/v2.1/05bed524e95748f891472d374cacac35/os-networks 0.393s
2016-01-22 16:06:42,780 14888 DEBUG    [tempest_lib.common.rest_client] Request - Headers: {'Content-Type': 'application/json', 'Accept': 'application/json', 'X-Auth-Token': '&lt;omitted&gt;'}
        Body: None
    Response - Headers: {'status': '200', 'content-length': '479', 'content-location': 'http://10.4.1.3:8774/v2.1/05bed524e95748f891472d374cacac35/os-networks', 'x-compute-request-id': 'req-74116f13-eb54-47c9-a607-538115b48c60', 'vary': 'X-OpenStack-Nova-API-Version', 'connection': 'close', 'x-openstack-nova-api-version': '2.1', 'date': 'Fri, 22 Jan 2016 16:06:42 GMT', 'content-type': 'application/json'}
        Body: {"networks": [{"cidr_v6": null, "dns2": null, "dns1": null, "gateway": null, "broadcast": null, "netmask": null, "gateway_v6": null, "cidr": null, "label": "public", "id": "20522c11-d04b-40f4-8fdb-f0c0c034b39e", "netmask_v6": null}, {"cidr_v6": null, "dns2": null, "dns1": null, "gateway": null, "broadcast": null, "netmask": null, "gateway_v6": null, "cidr": null, "label": "tempest-network-smoke--1712205242", "id": "6e53dead-297f-4a45-a9b2-62da6dee98c2", "netmask_v6": null}]}
2016-01-22 16:06:42,781 14888 WARNING  [tempest.common.fixed_network] (TestNetworkBasicOps:test_connectivity_between_vms_on_different_networks) Network with name: private not found
2016-01-22 16:06:42,781 14888 INFO     [tempest.common.fixed_network] (TestNetworkBasicOps:test_connectivity_between_vms_on_different_networks) Found network {} available for tenant
2016-01-22 16:06:44,771 14888 INFO     [tempest_lib.common.rest_client] Request (TestNetworkBasicOps:test_connectivity_between_vms_on_different_networks): 202 POST http://10.4.1.3:8774/v2.1/05bed524e95748f891472d374cacac35/servers 1.989s
2016-01-22 16:06:44,772 14888 DEBUG    [tempest_lib.common.rest_client] Request - Headers: {'Content-Type': 'application/json', 'Accept': 'application/json', 'X-Auth-Token': '&lt;omitted&gt;'}
        Body: {"server": {"name": "tempest-server-smoke-128023053", "imageRef": "48bc0421-6680-4b44-9230-60d35c593b26", "key_name": "tempest-TestNetworkBasicOps-1298947071", "flavorRef": "42", "networks": [{"uuid": "6e53dead-297f-4a45-a9b2-62da6dee98c2"}], "security_groups": [{"name": "tempest-secgroup-smoke-1470450011"}]}}
    Response - Headers: {'status': '202', 'content-length': '460', 'x-compute-request-id': 'req-4566583e-1d52-4916-a38c-afdbf43ae6ee', 'vary': 'X-OpenStack-Nova-API-Version', 'connection': 'close', 'location': 'http://10.4.1.3:8774/v2.1/05bed524e95748f891472d374cacac35/servers/e6e494ca-0595-4345-821b-e57665f35126', 'x-openstack-nova-api-version': '2.1', 'date': 'Fri, 22 Jan 2016 16:06:44 GMT', 'content-type': 'application/json'}
        Body: {"server": {"security_groups": [{"name": "tempest-secgroup-smoke-1470450011"}], "OS-DCF:diskConfig": "MANUAL", "id": "e6e494ca-0595-4345-821b-e57665f35126", "links": [{"href": "http://10.4.1.3:8774/v2.1/05bed524e95748f891472d374cacac35/servers/e6e494ca-0595-4345-821b-e57665f35126", "rel": "self"}, {"href": "http://10.4.1.3:8774/05bed524e95748f891472d374cacac35/servers/e6e494ca-0595-4345-821b-e57665f35126", "rel": "bookmark"}], "adminPass": "NELSqpGxTV6T"}}
2016-01-22 16:06:44,920 14888 INFO     [tempest_lib.common.rest_client] Request (TestNetworkBasicOps:test_connectivity_between_vms_on_different_networks): 200 GET http://10.4.1.3:8774/v2.1/05bed524e95748f891472d374cacac35/servers/e6e494ca-0595-4345-821b-e57665f35126 0.145s
2016-01-22 16:06:44,920 14888 DEBUG    [tempest_lib.common.rest_client] Request - Headers: {'Content-Type': 'application/json', 'Accept': 'application/json', 'X-Auth-Token': '&lt;omitted&gt;'}
        Body: None
    Response - Headers: {'status': '200', 'content-length': '1340', 'content-location': 'http://10.4.1.3:8774/v2.1/05bed524e95748f891472d374cacac35/servers/e6e494ca-0595-4345-821b-e57665f35126', 'x-compute-request-id': 'req-15c9e7ae-b2d4-4a72-8fa5-504d1936d051', 'vary': 'X-OpenStack-Nova-API-Version', 'connection': 'close', 'x-openstack-nova-api-version': '2.1', 'date': 'Fri, 22 Jan 2016 16:06:44 GMT', 'content-type': 'application/json'}
        Body: {"server": {"status": "BUILD", "updated": "2016-01-22T16:06:44Z", "hostId": "", "addresses": {}, "links": [{"href": "http://10.4.1.3:8774/v2.1/05bed524e95748f891472d374cacac35/servers/e6e494ca-0595-4345-821b-e57665f35126", "rel": "self"}, {"href": "http://10.4.1.3:8774/05bed524e95748f891472d374cacac35/servers/e6e494ca-0595-4345-821b-e57665f35126", "rel": "bookmark"}], "key_name": "tempest-TestNetworkBasicOps-1298947071", "image": {"id": "48bc0421-6680-4b44-9230-60d35c593b26", "links": [{"href": "http://10.4.1.3:8774/05bed524e95748f891472d374cacac35/images/48bc0421-6680-4b44-9230-60d35c593b26", "rel": "bookmark"}]}, "OS-EXT-STS:task_state": "scheduling", "OS-EXT-STS:vm_state": "building", "OS-SRV-USG:launched_at": null, "flavor": {"id": "42", "links": [{"href": "http://10.4.1.3:8774/05bed524e95748f891472d374cacac35/flavors/42", "rel": "bookmark"}]}, "id": "e6e494ca-0595-4345-821b-e57665f35126", "OS-SRV-USG:terminated_at": null, "OS-EXT-AZ:availability_zone": "", "user_id": "fba49da31af944c495e91a8d4e3d2197", "name": "tempest-server-smoke-128023053", "created": "2016-01-22T16:06:44Z", "tenant_id": "05bed524e95748f891472d374cacac35", "OS-DCF:diskConfig": "MANUAL", "os-extended-volumes:volumes_attached": [], "accessIPv4": "", "accessIPv6": "", "progress": 0, "OS-EXT-STS:power_state": 0, "config_drive": "", "metadata": {}}}
2016-01-22 16:06:46,353 14888 INFO     [tempest_lib.common.rest_client] Request (TestNetworkBasicOps:test_connectivity_between_vms_on_different_networks): 200 GET http://10.4.1.3:8774/v2.1/05bed524e95748f891472d374cacac35/servers/e6e494ca-0595-4345-821b-e57665f35126 0.420s
2016-01-22 16:06:46,354 14888 DEBUG    [tempest_lib.common.rest_client] Request - Headers: {'Content-Type': 'application/json', 'Accept': 'application/json', 'X-Auth-Token': '&lt;omitted&gt;'}
        Body: None
    Response - Headers: {'status': '200', 'content-length': '1466', 'content-location': 'http://10.4.1.3:8774/v2.1/05bed524e95748f891472d374cacac35/servers/e6e494ca-0595-4345-821b-e57665f35126', 'x-compute-request-id': 'req-fc01fe72-5378-4fc0-a13c-a3fc7b642ef7', 'vary': 'X-OpenStack-Nova-API-Version', 'connection': 'close', 'x-openstack-nova-api-version': '2.1', 'date': 'Fri, 22 Jan 2016 16:06:46 GMT', 'content-type': 'application/json'}
        Body: {"server": {"status": "BUILD", "updated": "2016-01-22T16:06:45Z", "hostId": "ed5c64fe86c1db710d4995f088a53ae032f63d5adc2c43746381e8a3", "addresses": {}, "links": [{"href": "http://10.4.1.3:8774/v2.1/05bed524e95748f891472d374cacac35/servers/e6e494ca-0595-4345-821b-e57665f35126", "rel": "self"}, {"href": "http://10.4.1.3:8774/05bed524e95748f891472d374cacac35/servers/e6e494ca-0595-4345-821b-e57665f35126", "rel": "bookmark"}], "key_name": "tempest-TestNetworkBasicOps-1298947071", "image": {"id": "48bc0421-6680-4b44-9230-60d35c593b26", "links": [{"href": "http://10.4.1.3:8774/05bed524e95748f891472d374cacac35/images/48bc0421-6680-4b44-9230-60d35c593b26", "rel": "bookmark"}]}, "OS-EXT-STS:task_state": "spawning", "OS-EXT-STS:vm_state": "building", "OS-SRV-USG:launched_at": null, "flavor": {"id": "42", "links": [{"href": "http://10.4.1.3:8774/05bed524e95748f891472d374cacac35/flavors/42", "rel": "bookmark"}]}, "id": "e6e494ca-0595-4345-821b-e57665f35126", "security_groups": [{"name": "tempest-secgroup-smoke-1470450011"}], "OS-SRV-USG:terminated_at": null, "OS-EXT-AZ:availability_zone": "nova", "user_id": "fba49da31af944c495e91a8d4e3d2197", "name": "tempest-server-smoke-128023053", "created": "2016-01-22T16:06:44Z", "tenant_id": "05bed524e95748f891472d374cacac35", "OS-DCF:diskConfig": "MANUAL", "os-extended-volumes:volumes_attached": [], "accessIPv4": "", "accessIPv6": "", "progress": 0, "OS-EXT-STS:power_state": 0, "config_drive": "", "metadata": {}}}
2016-01-22 16:06:46,362 14888 INFO     [tempest.common.waiters] State transition "BUILD/scheduling" ==&gt; "BUILD/spawning" after 2 second wait
2016-01-22 16:06:47,582 14888 INFO     [tempest_lib.common.rest_client] Request (TestNetworkBasicOps:test_connectivity_between_vms_on_different_networks): 200 GET http://10.4.1.3:8774/v2.1/05bed524e95748f891472d374cacac35/servers/e6e494ca-0595-4345-821b-e57665f35126 0.218s
2016-01-22 16:06:47,582 14888 DEBUG    [tempest_lib.common.rest_client] Request - Headers: {'Content-Type': 'application/json', 'Accept': 'application/json', 'X-Auth-Token': '&lt;omitted&gt;'}
        Body: None
    Response - Headers: {'status': '200', 'content-length': '1466', 'content-location': 'http://10.4.1.3:8774/v2.1/05bed524e95748f891472d374cacac35/servers/e6e494ca-0595-4345-821b-e57665f35126', 'x-compute-request-id': 'req-2321e36f-b6da-4aa4-bee1-3f53de781f50', 'vary': 'X-OpenStack-Nova-API-Version', 'connection': 'close', 'x-openstack-nova-api-version': '2.1', 'date': 'Fri, 22 Jan 2016 16:06:47 GMT', 'content-type': 'application/json'}
        Body: {"server": {"status": "BUILD", "updated": "2016-01-22T16:06:45Z", "hostId": "ed5c64fe86c1db710d4995f088a53ae032f63d5adc2c43746381e8a3", "addresses": {}, "links": [{"href": "http://10.4.1.3:8774/v2.1/05bed524e95748f891472d374cacac35/servers/e6e494ca-0595-4345-821b-e57665f35126", "rel": "self"}, {"href": "http://10.4.1.3:8774/05bed524e95748f891472d374cacac35/servers/e6e494ca-0595-4345-821b-e57665f35126", "rel": "bookmark"}], "key_name": "tempest-TestNetworkBasicOps-1298947071", "image": {"id": "48bc0421-6680-4b44-9230-60d35c593b26", "links": [{"href": "http://10.4.1.3:8774/05bed524e95748f891472d374cacac35/images/48bc0421-6680-4b44-9230-60d35c593b26", "rel": "bookmark"}]}, "OS-EXT-STS:task_state": "spawning", "OS-EXT-STS:vm_state": "building", "OS-SRV-USG:launched_at": null, "flavor": {"id": "42", "links": [{"href": "http://10.4.1.3:8774/05bed524e95748f891472d374cacac35/flavors/42", "rel": "bookmark"}]}, "id": "e6e494ca-0595-4345-821b-e57665f35126", "security_groups": [{"name": "tempest-secgroup-smoke-1470450011"}], "OS-SRV-USG:terminated_at": null, "OS-EXT-AZ:availability_zone": "nova", "user_id": "fba49da31af944c495e91a8d4e3d2197", "name": "tempest-server-smoke-128023053", "created": "2016-01-22T16:06:44Z", "tenant_id": "05bed524e95748f891472d374cacac35", "OS-DCF:diskConfig": "MANUAL", "os-extended-volumes:volumes_attached": [], "accessIPv4": "", "accessIPv6": "", "progress": 0, "OS-EXT-STS:power_state": 0, "config_drive": "", "metadata": {}}}
2016-01-22 16:06:48,798 14888 INFO     [tempest_lib.common.rest_client] Request (TestNetworkBasicOps:test_connectivity_between_vms_on_different_networks): 200 GET http://10.4.1.3:8774/v2.1/05bed524e95748f891472d374cacac35/servers/e6e494ca-0595-4345-821b-e57665f35126 0.205s
2016-01-22 16:06:48,798 14888 DEBUG    [tempest_lib.common.rest_client] Request - Headers: {'Content-Type': 'application/json', 'Accept': 'application/json', 'X-Auth-Token': '&lt;omitted&gt;'}
        Body: None
    Response - Headers: {'status': '200', 'content-length': '1638', 'content-location': 'http://10.4.1.3:8774/v2.1/05bed524e95748f891472d374cacac35/servers/e6e494ca-0595-4345-821b-e57665f35126', 'x-compute-request-id': 'req-1af8bbb6-314d-4e5d-8a65-b15cdab8858c', 'vary': 'X-OpenStack-Nova-API-Version', 'connection': 'close', 'x-openstack-nova-api-version': '2.1', 'date': 'Fri, 22 Jan 2016 16:06:48 GMT', 'content-type': 'application/json'}
        Body: {"server": {"status": "ACTIVE", "updated": "2016-01-22T16:06:48Z", "hostId": "ed5c64fe86c1db710d4995f088a53ae032f63d5adc2c43746381e8a3", "addresses": {"tempest-network-smoke--1712205242": [{"OS-EXT-IPS-MAC:mac_addr": "fa:16:3e:25:3a:c8", "version": 4, "addr": "10.100.0.3", "OS-EXT-IPS:type": "fixed"}]}, "links": [{"href": "http://10.4.1.3:8774/v2.1/05bed524e95748f891472d374cacac35/servers/e6e494ca-0595-4345-821b-e57665f35126", "rel": "self"}, {"href": "http://10.4.1.3:8774/05bed524e95748f891472d374cacac35/servers/e6e494ca-0595-4345-821b-e57665f35126", "rel": "bookmark"}], "key_name": "tempest-TestNetworkBasicOps-1298947071", "image": {"id": "48bc0421-6680-4b44-9230-60d35c593b26", "links": [{"href": "http://10.4.1.3:8774/05bed524e95748f891472d374cacac35/images/48bc0421-6680-4b44-9230-60d35c593b26", "rel": "bookmark"}]}, "OS-EXT-STS:task_state": null, "OS-EXT-STS:vm_state": "active", "OS-SRV-USG:launched_at": "2016-01-22T16:06:48.000000", "flavor": {"id": "42", "links": [{"href": "http://10.4.1.3:8774/05bed524e95748f891472d374cacac35/flavors/42", "rel": "bookmark"}]}, "id": "e6e494ca-0595-4345-821b-e57665f35126", "security_groups": [{"name": "tempest-secgroup-smoke-1470450011"}], "OS-SRV-USG:terminated_at": null, "OS-EXT-AZ:availability_zone": "nova", "user_id": "fba49da31af944c495e91a8d4e3d2197", "name": "tempest-server-smoke-128023053", "created": "2016-01-22T16:06:44Z", "tenant_id": "05bed524e95748f891472d374cacac35", "OS-DCF:diskConfig": "MANUAL", "os-extended-volumes:volumes_attached": [], "accessIPv4": "", "accessIPv6": "", "progress": 0, "OS-EXT-STS:power_state": 1, "config_drive": "True", "metadata": {}}}
2016-01-22 16:06:48,806 14888 INFO     [tempest.common.waiters] State transition "BUILD/spawning" ==&gt; "ACTIVE/None" after 4 second wait
2016-01-22 16:06:49,041 14888 INFO     [tempest_lib.common.rest_client] Request (TestNetworkBasicOps:test_connectivity_between_vms_on_different_networks): 200 GET http://10.4.1.3:8774/v2.1/05bed524e95748f891472d374cacac35/servers/e6e494ca-0595-4345-821b-e57665f35126 0.233s
2016-01-22 16:06:49,041 14888 DEBUG    [tempest_lib.common.rest_client] Request - Headers: {'Content-Type': 'application/json', 'Accept': 'application/json', 'X-Auth-Token': '&lt;omitted&gt;'}
        Body: None
    Response - Headers: {'status': '200', 'content-length': '1638', 'content-location': 'http://10.4.1.3:8774/v2.1/05bed524e95748f891472d374cacac35/servers/e6e494ca-0595-4345-821b-e57665f35126', 'x-compute-request-id': 'req-7c6ea9bb-6cf1-4aad-a05f-ef6ff785e485', 'vary': 'X-OpenStack-Nova-API-Version', 'connection': 'close', 'x-openstack-nova-api-version': '2.1', 'date': 'Fri, 22 Jan 2016 16:06:49 GMT', 'content-type': 'application/json'}
        Body: {"server": {"status": "ACTIVE", "updated": "2016-01-22T16:06:48Z", "hostId": "ed5c64fe86c1db710d4995f088a53ae032f63d5adc2c43746381e8a3", "addresses": {"tempest-network-smoke--1712205242": [{"OS-EXT-IPS-MAC:mac_addr": "fa:16:3e:25:3a:c8", "version": 4, "addr": "10.100.0.3", "OS-EXT-IPS:type": "fixed"}]}, "links": [{"href": "http://10.4.1.3:8774/v2.1/05bed524e95748f891472d374cacac35/servers/e6e494ca-0595-4345-821b-e57665f35126", "rel": "self"}, {"href": "http://10.4.1.3:8774/05bed524e95748f891472d374cacac35/servers/e6e494ca-0595-4345-821b-e57665f35126", "rel": "bookmark"}], "key_name": "tempest-TestNetworkBasicOps-1298947071", "image": {"id": "48bc0421-6680-4b44-9230-60d35c593b26", "links": [{"href": "http://10.4.1.3:8774/05bed524e95748f891472d374cacac35/images/48bc0421-6680-4b44-9230-60d35c593b26", "rel": "bookmark"}]}, "OS-EXT-STS:task_state": null, "OS-EXT-STS:vm_state": "active", "OS-SRV-USG:launched_at": "2016-01-22T16:06:48.000000", "flavor": {"id": "42", "links": [{"href": "http://10.4.1.3:8774/05bed524e95748f891472d374cacac35/flavors/42", "rel": "bookmark"}]}, "id": "e6e494ca-0595-4345-821b-e57665f35126", "security_groups": [{"name": "tempest-secgroup-smoke-1470450011"}], "OS-SRV-USG:terminated_at": null, "OS-EXT-AZ:availability_zone": "nova", "user_id": "fba49da31af944c495e91a8d4e3d2197", "name": "tempest-server-smoke-128023053", "created": "2016-01-22T16:06:44Z", "tenant_id": "05bed524e95748f891472d374cacac35", "OS-DCF:diskConfig": "MANUAL", "os-extended-volumes:volumes_attached": [], "accessIPv4": "", "accessIPv6": "", "progress": 0, "OS-EXT-STS:power_state": 1, "config_drive": "True", "metadata": {}}}
2016-01-22 16:06:49,054 14888 INFO     [tempest.scenario.manager] Tenant networks not configured to be reachable.
2016-01-22 16:06:49,089 14888 INFO     [tempest_lib.common.rest_client] Request (TestNetworkBasicOps:test_connectivity_between_vms_on_different_networks): 200 GET http://10.4.1.3:9696/v2.0/ports?status=ACTIVE&amp;fixed_ip=None&amp;device_id=e6e494ca-0595-4345-821b-e57665f35126 0.034s
2016-01-22 16:06:49,089 14888 DEBUG    [tempest_lib.common.rest_client] Request - Headers: {'Content-Type': 'application/json', 'Accept': 'application/json', 'X-Auth-Token': '&lt;omitted&gt;'}
        Body: None
    Response - Headers: {'status': '200', 'content-length': '895', 'content-location': 'http://10.4.1.3:9696/v2.0/ports?status=ACTIVE&amp;fixed_ip=None&amp;device_id=e6e494ca-0595-4345-821b-e57665f35126', 'connection': 'close', 'date': 'Fri, 22 Jan 2016 16:06:49 GMT', 'content-type': 'application/json; charset=UTF-8', 'x-openstack-request-id': 'req-68c36b06-7c6f-484f-a115-22f8e84a6890'}
        Body: {"ports": [{"status": "ACTIVE", "binding:host_id": "vagrant-ubuntu-trusty-64", "allowed_address_pairs": [], "extra_dhcp_opts": [], "dns_assignment": [{"hostname": "host-10-100-0-3", "ip_address": "10.100.0.3", "fqdn": "host-10-100-0-3.openstacklocal."}], "device_owner": "compute:None", "port_security_enabled": true, "binding:profile": {}, "fixed_ips": [{"subnet_id": "f0a8d595-131b-48bc-a1ac-d7ebd9cabaf8", "ip_address": "10.100.0.3"}], "id": "49fc3d55-fbeb-4dba-8d3b-0a365e2b34d5", "security_groups": ["b708f007-f01e-4f37-a792-5bfa6929f570"], "device_id": "e6e494ca-0595-4345-821b-e57665f35126", "name": "", "admin_state_up": true, "network_id": "6e53dead-297f-4a45-a9b2-62da6dee98c2", "dns_name": "", "binding:vif_details": {"port_filter": true}, "binding:vnic_type": "normal", "binding:vif_type": "ovs", "tenant_id": "05bed524e95748f891472d374cacac35", "mac_address": "fa:16:3e:25:3a:c8"}]}
2016-01-22 16:06:49,777 14888 INFO     [tempest_lib.common.rest_client] Request (TestNetworkBasicOps:test_connectivity_between_vms_on_different_networks): 201 POST http://10.4.1.3:9696/v2.0/floatingips 0.687s
2016-01-22 16:06:49,777 14888 DEBUG    [tempest_lib.common.rest_client] Request - Headers: {'Content-Type': 'application/json', 'Accept': 'application/json', 'X-Auth-Token': '&lt;omitted&gt;'}
        Body: {"floatingip": {"floating_network_id": "20522c11-d04b-40f4-8fdb-f0c0c034b39e", "tenant_id": "05bed524e95748f891472d374cacac35", "fixed_ip_address": "10.100.0.3", "port_id": "49fc3d55-fbeb-4dba-8d3b-0a365e2b34d5"}}
    Response - Headers: {'status': '201', 'content-length': '369', 'connection': 'close', 'date': 'Fri, 22 Jan 2016 16:06:49 GMT', 'content-type': 'application/json; charset=UTF-8', 'x-openstack-request-id': 'req-c4cf7905-664b-4eb4-a499-a6ddf08a32eb'}
        Body: {"floatingip": {"floating_network_id": "20522c11-d04b-40f4-8fdb-f0c0c034b39e", "router_id": "5d2b0225-d65f-4d8e-8f25-98fd9d58e37a", "fixed_ip_address": "10.100.0.3", "floating_ip_address": "172.24.4.4", "tenant_id": "05bed524e95748f891472d374cacac35", "status": "ACTIVE", "port_id": "49fc3d55-fbeb-4dba-8d3b-0a365e2b34d5", "id": "89b0bceb-baac-4ae3-ba26-7dc930115a7d"}}
2016-01-22 16:06:49,793 14888 INFO     [tempest_lib.common.rest_client] Request (TestNetworkBasicOps:test_connectivity_between_vms_on_different_networks): 200 GET http://10.4.1.3:9696/v2.0/floatingips/89b0bceb-baac-4ae3-ba26-7dc930115a7d 0.015s
2016-01-22 16:06:49,794 14888 DEBUG    [tempest_lib.common.rest_client] Request - Headers: {'Content-Type': 'application/json', 'Accept': 'application/json', 'X-Auth-Token': '&lt;omitted&gt;'}
        Body: None
    Response - Headers: {'status': '200', 'content-length': '369', 'content-location': 'http://10.4.1.3:9696/v2.0/floatingips/89b0bceb-baac-4ae3-ba26-7dc930115a7d', 'connection': 'close', 'date': 'Fri, 22 Jan 2016 16:06:49 GMT', 'content-type': 'application/json; charset=UTF-8', 'x-openstack-request-id': 'req-36cd4a14-7cf7-4c9d-b601-3097c3ae83db'}
        Body: {"floatingip": {"floating_network_id": "20522c11-d04b-40f4-8fdb-f0c0c034b39e", "router_id": "5d2b0225-d65f-4d8e-8f25-98fd9d58e37a", "fixed_ip_address": "10.100.0.3", "floating_ip_address": "172.24.4.4", "tenant_id": "05bed524e95748f891472d374cacac35", "status": "ACTIVE", "port_id": "49fc3d55-fbeb-4dba-8d3b-0a365e2b34d5", "id": "89b0bceb-baac-4ae3-ba26-7dc930115a7d"}}
2016-01-22 16:06:49,794 14888 INFO     [tempest.scenario.manager] FloatingIP: &lt;"FloatingIP" addr="172.24.4.4" id="89b0bceb-baac-4ae3-ba26-7dc930115a7d"&gt; is at status: ACTIVE
2016-01-22 16:06:49,794 14888 DEBUG    [tempest.scenario.manager] checking network connections to IP 172.24.4.4 with user: cirros
2016-01-22 16:06:49,794 14888 DEBUG    [tempest.scenario.manager] TestNetworkBasicOps:test_connectivity_between_vms_on_different_networks begins to ping 172.24.4.4 in 120 sec and the expected result is reachable
2016-01-22 16:08:51,386 14888 DEBUG    [tempest.scenario.manager] TestNetworkBasicOps:test_connectivity_between_vms_on_different_networks finishes ping 172.24.4.4 in 120 sec and the ping result is unexpected
2016-01-22 16:08:51,387 14888 ERROR    [tempest.scenario.manager] Public network connectivity check failed
2016-01-22 16:08:51.387 14888 ERROR tempest.scenario.manager Traceback (most recent call last):
2016-01-22 16:08:51.387 14888 ERROR tempest.scenario.manager   File "tempest/scenario/manager.py", line 608, in check_public_network_connectivity
2016-01-22 16:08:51.387 14888 ERROR tempest.scenario.manager     should_connect=should_connect)
2016-01-22 16:08:51.387 14888 ERROR tempest.scenario.manager   File "tempest/scenario/manager.py", line 592, in check_vm_connectivity
2016-01-22 16:08:51.387 14888 ERROR tempest.scenario.manager     msg=msg)
2016-01-22 16:08:51.387 14888 ERROR tempest.scenario.manager   File "/usr/local/lib/python2.7/dist-packages/unittest2/case.py", line 702, in assertTrue
2016-01-22 16:08:51.387 14888 ERROR tempest.scenario.manager     raise self.failureException(msg)
2016-01-22 16:08:51.387 14888 ERROR tempest.scenario.manager AssertionError: False is not true : Timed out waiting for 172.24.4.4 to become reachable
2016-01-22 16:08:51.387 14888 ERROR tempest.scenario.manager 
2016-01-22 16:08:51,599 14888 INFO     [tempest_lib.common.rest_client] Request (TestNetworkBasicOps:test_connectivity_between_vms_on_different_networks): 200 POST http://10.4.1.3:8774/v2.1/05bed524e95748f891472d374cacac35/servers/e6e494ca-0595-4345-821b-e57665f35126/action 0.209s
2016-01-22 16:08:51,599 14888 DEBUG    [tempest_lib.common.rest_client] Request - Headers: {'Content-Type': 'application/json', 'Accept': 'application/json', 'X-Auth-Token': '&lt;omitted&gt;'}
        Body: {"os-getConsoleOutput": {}}
    Response - Headers: {'status': '200', 'content-length': '17469', 'x-compute-request-id': 'req-5ab2e685-5cde-445c-9180-54f44d904fde', 'vary': 'X-OpenStack-Nova-API-Version', 'connection': 'close', 'x-openstack-nova-api-version': '2.1', 'date': 'Fri, 22 Jan 2016 16:08:51 GMT', 'content-type': 'application/json'}
        Body: {"output": "[    0.000000] Initializing cgroup subsys cpuset\n[    0.000000] Initializing cgroup subsys cpu\n[    0.000000] Linux version 3.2.0-80-virtual (buildd@batsu) (gcc version 4.6.3 (Ubuntu/Linaro 4.6.3-1ubuntu5) ) #116-Ubuntu SMP Mon Mar 23 17:28:52 UTC 2015 (Ubuntu 3.2.0-80.116-virtual 3.2.68)\n[    0.000000] Command line: root=/dev/vda console=tty0 console=ttyS0 no_timer_check\n[    0.000000] KERNEL supported cpus:\n[    0.000000]   Intel GenuineIntel\n[    0.000000]   AMD AuthenticAMD\n[    0.000000]   Centaur CentaurHauls\n[    0.000000] BIOS-provided physical RAM map:\n[    0.000000]  BIOS-e820: 0000000000000000 - 000000000009fc00 (usable)\n[    0.000000]  BIOS-e820: 000000000009fc00 - 00000000000a0000 (reserved)\n[    0.000000]  BIOS-e820: 00000000000f0000 - 0000000000100000 (reserved)\n[    0.000000]  BIOS-e820: 0000000000100000 - 0000000003ffe000 (usable)\n[    0.000000]  BIOS-e820: 0000000003ffe000 - 0000000004000000 (reserved)\n[    0.000000]  BIOS-e820: 00000000fffc0000 - 0000000100000000 (reserved)\n[    0.000000] NX (Execute Disable) protection: active\n[    0.000000] SMBIOS 2.4 present.\n[    0.000000] No AGP bridge found\n[    0.000000] last_pfn = 0x3ffe max_arch_pfn = 0x400000000\n[    0.000000] x86 PAT enabled: cpu 0, old 0x7040600070406, new 0x7010600070106\n[    0.000000] found SMP MP-table at [ffff8800000f0b00] f0b00\n[    0.000000] init_memory_mapping: 0000000000000000-0000000003ffe000\n[    0.000000] RAMDISK: 03c5e000 - 03ff0000\n[    0.000000] ACPI: RSDP 00000000000f0950 00014 (v00 BOCHS )\n[    0.000000] ACPI: RSDT 0000000003fffbc1 00034 (v01 BOCHS  BXPCRSDT 00000001 BXPC 00000001)\n[    0.000000] ACPI: FACP 0000000003fff1c0 00074 (v01 BOCHS  BXPCFACP 00000001 BXPC 00000001)\n[    0.000000] ACPI: DSDT 0000000003ffe040 01180 (v01 BOCHS  BXPCDSDT 00000001 BXPC 00000001)\n[    0.000000] ACPI: FACS 0000000003ffe000 00040\n[    0.000000] ACPI: SSDT 0000000003fff234 008DD (v01 BOCHS  BXPCSSDT 00000001 BXPC 00000001)\n[    0.000000] ACPI: APIC 0000000003fffb11 00078 (v01 BOCHS  BXPCAPIC 00000001 BXPC 00000001)\n[    0.000000] ACPI: HPET 0000000003fffb89 00038 (v01 BOCHS  BXPCHPET 00000001 BXPC 00000001)\n[    0.000000] No NUMA configuration found\n[    0.000000] Faking a node at 0000000000000000-0000000003ffe000\n[    0.000000] Initmem setup node 0 0000000000000000-0000000003ffe000\n[    0.000000]   NODE_DATA [0000000003ff6000 - 0000000003ffafff]\n[    0.000000] Zone PFN ranges:\n[    0.000000]   DMA      0x00000010 -&gt; 0x00001000\n[    0.000000]   DMA32    0x00001000 -&gt; 0x00100000\n[    0.000000]   Normal   empty\n[    0.000000] Movable zone start PFN for each node\n[    0.000000] early_node_map[2] active PFN ranges\n[    0.000000]     0: 0x00000010 -&gt; 0x0000009f\n[    0.000000]     0: 0x00000100 -&gt; 0x00003ffe\n[    0.000000] ACPI: PM-Timer IO Port: 0xb008\n[    0.000000] ACPI: LAPIC (acpi_id[0x00] lapic_id[0x00] enabled)\n[    0.000000] ACPI: LAPIC_NMI (acpi_id[0xff] dfl dfl lint[0x1])\n[    0.000000] ACPI: IOAPIC (id[0x00] address[0xfec00000] gsi_base[0])\n[    0.000000] IOAPIC[0]: apic_id 0, version 17, address 0xfec00000, GSI 0-23\n[    0.000000] ACPI: INT_SRC_OVR (bus 0 bus_irq 0 global_irq 2 dfl dfl)\n[    0.000000] ACPI: INT_SRC_OVR (bus 0 bus_irq 5 global_irq 5 high level)\n[    0.000000] ACPI: INT_SRC_OVR (bus 0 bus_irq 9 global_irq 9 high level)\n[    0.000000] ACPI: INT_SRC_OVR (bus 0 bus_irq 10 global_irq 10 high level)\n[    0.000000] ACPI: INT_SRC_OVR (bus 0 bus_irq 11 global_irq 11 high level)\n[    0.000000] Using ACPI (MADT) for SMP configuration information\n[    0.000000] ACPI: HPET id: 0x8086a201 base: 0xfed00000\n[    0.000000] SMP: Allowing 1 CPUs, 0 hotplug CPUs\n[    0.000000] PM: Registered nosave memory: 000000000009f000 - 00000000000a0000\n[    0.000000] PM: Registered nosave memory: 00000000000a0000 - 00000000000f0000\n[    0.000000] PM: Registered nosave memory: 00000000000f0000 - 0000000000100000\n[    0.000000] Allocating PCI resources starting at 4000000 (gap: 4000000:fbfc0000)\n[    0.000000] Booting paravirtualized kernel on bare hardware\n[    0.000000] setup_pe
2016-01-22 16:08:51,602 14888 DEBUG    [tempest.scenario.manager] Console output for e6e494ca-0595-4345-821b-e57665f35126
body=
[    0.000000] Initializing cgroup subsys cpuset
[    0.000000] Initializing cgroup subsys cpu
[    0.000000] Linux version 3.2.0-80-virtual (buildd@batsu) (gcc version 4.6.3 (Ubuntu/Linaro 4.6.3-1ubuntu5) ) #116-Ubuntu SMP Mon Mar 23 17:28:52 UTC 2015 (Ubuntu 3.2.0-80.116-virtual 3.2.68)
[    0.000000] Command line: root=/dev/vda console=tty0 console=ttyS0 no_timer_check
[    0.000000] KERNEL supported cpus:
[    0.000000]   Intel GenuineIntel
[    0.000000]   AMD AuthenticAMD
[    0.000000]   Centaur CentaurHauls
[    0.000000] BIOS-provided physical RAM map:
[    0.000000]  BIOS-e820: 0000000000000000 - 000000000009fc00 (usable)
[    0.000000]  BIOS-e820: 000000000009fc00 - 00000000000a0000 (reserved)
[    0.000000]  BIOS-e820: 00000000000f0000 - 0000000000100000 (reserved)
[    0.000000]  BIOS-e820: 0000000000100000 - 0000000003ffe000 (usable)
[    0.000000]  BIOS-e820: 0000000003ffe000 - 0000000004000000 (reserved)
[    0.000000]  BIOS-e820: 00000000fffc0000 - 0000000100000000 (reserved)
[    0.000000] NX (Execute Disable) protection: active
[    0.000000] SMBIOS 2.4 present.
[    0.000000] No AGP bridge found
[    0.000000] last_pfn = 0x3ffe max_arch_pfn = 0x400000000
[    0.000000] x86 PAT enabled: cpu 0, old 0x7040600070406, new 0x7010600070106
[    0.000000] found SMP MP-table at [ffff8800000f0b00] f0b00
[    0.000000] init_memory_mapping: 0000000000000000-0000000003ffe000
[    0.000000] RAMDISK: 03c5e000 - 03ff0000
[    0.000000] ACPI: RSDP 00000000000f0950 00014 (v00 BOCHS )
[    0.000000] ACPI: RSDT 0000000003fffbc1 00034 (v01 BOCHS  BXPCRSDT 00000001 BXPC 00000001)
[    0.000000] ACPI: FACP 0000000003fff1c0 00074 (v01 BOCHS  BXPCFACP 00000001 BXPC 00000001)
[    0.000000] ACPI: DSDT 0000000003ffe040 01180 (v01 BOCHS  BXPCDSDT 00000001 BXPC 00000001)
[    0.000000] ACPI: FACS 0000000003ffe000 00040
[    0.000000] ACPI: SSDT 0000000003fff234 008DD (v01 BOCHS  BXPCSSDT 00000001 BXPC 00000001)
[    0.000000] ACPI: APIC 0000000003fffb11 00078 (v01 BOCHS  BXPCAPIC 00000001 BXPC 00000001)
[    0.000000] ACPI: HPET 0000000003fffb89 00038 (v01 BOCHS  BXPCHPET 00000001 BXPC 00000001)
[    0.000000] No NUMA configuration found
[    0.000000] Faking a node at 0000000000000000-0000000003ffe000
[    0.000000] Initmem setup node 0 0000000000000000-0000000003ffe000
[    0.000000]   NODE_DATA [0000000003ff6000 - 0000000003ffafff]
[    0.000000] Zone PFN ranges:
[    0.000000]   DMA      0x00000010 -&gt; 0x00001000
[    0.000000]   DMA32    0x00001000 -&gt; 0x00100000
[    0.000000]   Normal   empty
[    0.000000] Movable zone start PFN for each node
[    0.000000] early_node_map[2] active PFN ranges
[    0.000000]     0: 0x00000010 -&gt; 0x0000009f
[    0.000000]     0: 0x00000100 -&gt; 0x00003ffe
[    0.000000] ACPI: PM-Timer IO Port: 0xb008
[    0.000000] ACPI: LAPIC (acpi_id[0x00] lapic_id[0x00] enabled)
[    0.000000] ACPI: LAPIC_NMI (acpi_id[0xff] dfl dfl lint[0x1])
[    0.000000] ACPI: IOAPIC (id[0x00] address[0xfec00000] gsi_base[0])
[    0.000000] IOAPIC[0]: apic_id 0, version 17, address 0xfec00000, GSI 0-23
[    0.000000] ACPI: INT_SRC_OVR (bus 0 bus_irq 0 global_irq 2 dfl dfl)
[    0.000000] ACPI: INT_SRC_OVR (bus 0 bus_irq 5 global_irq 5 high level)
[    0.000000] ACPI: INT_SRC_OVR (bus 0 bus_irq 9 global_irq 9 high level)
[    0.000000] ACPI: INT_SRC_OVR (bus 0 bus_irq 10 global_irq 10 high level)
[    0.000000] ACPI: INT_SRC_OVR (bus 0 bus_irq 11 global_irq 11 high level)
[    0.000000] Using ACPI (MADT) for SMP configuration information
[    0.000000] ACPI: HPET id: 0x8086a201 base: 0xfed00000
[    0.000000] SMP: Allowing 1 CPUs, 0 hotplug CPUs
[    0.000000] PM: Registered nosave memory: 000000000009f000 - 00000000000a0000
[    0.000000] PM: Registered nosave memory: 00000000000a0000 - 00000000000f0000
[    0.000000] PM: Registered nosave memory: 00000000000f0000 - 0000000000100000
[    0.000000] Allocating PCI resources starting at 4000000 (gap: 4000000:fbfc0000)
[    0.000000] Booting paravirtualized kernel on bare hardware
[    0.000000] setup_percpu: NR_CPUS:64 nr_cpumask_bits:64 nr_cpu_ids:1 nr_node_ids:1
[    0.000000] PERCPU: Embedded 27 pages/cpu @ffff880003a00000 s78848 r8192 d23552 u2097152
[    0.000000] Built 1 zonelists in Node order, mobility grouping on.  Total pages: 16008
[    0.000000] Policy zone: DMA32
[    0.000000] Kernel command line: root=/dev/vda console=tty0 console=ttyS0 no_timer_check
[    0.000000] PID hash table entries: 256 (order: -1, 2048 bytes)
[    0.000000] Checking aperture...
[    0.000000] No AGP bridge found
[    0.000000] Memory: 43492k/65528k available (6576k kernel code, 452k absent, 21584k reserved, 6620k data, 928k init)
[    0.000000] SLUB: Genslabs=15, HWalign=64, Order=0-3, MinObjects=0, CPUs=1, Nodes=1
[    0.000000] Hierarchical RCU implementation.
[    0.000000] 	RCU dyntick-idle grace-period acceleration is enabled.
[    0.000000] NR_IRQS:4352 nr_irqs:256 16
[    0.000000] Console: colour VGA+ 80x25
[    0.000000] console [tty0] enabled
[    0.000000] console [ttyS0] enabled
[    0.000000] allocated 1048576 bytes of page_cgroup
[    0.000000] please try 'cgroup_disable=memory' option if you don't want memory cgroups
[    0.000000] Fast TSC calibration failed
[    0.000000] TSC: Unable to calibrate against PIT
[    0.000000] TSC: using HPET reference calibration
[    0.000000] Detected 2292.943 MHz processor.
[    0.032814] Calibrating delay loop (skipped), value calculated using timer frequency.. 4585.88 BogoMIPS (lpj=9171772)
[    0.036208] pid_max: default: 32768 minimum: 301
[    0.042981] Security Framework initialized
[    0.048289] AppArmor: AppArmor initialized
[    0.048910] Yama: becoming mindful.
[    0.056347] Dentry cache hash table entries: 8192 (order: 4, 65536 bytes)
[    0.057786] Inode-cache hash table entries: 4096 (order: 3, 32768 bytes)
[    0.059491] Mount-cache hash table entries: 256
[    0.073530] Initializing cgroup subsys cpuacct
[    0.074645] Initializing cgroup subsys memory
[    0.076214] Initializing cgroup subsys devices
[    0.076942] Initializing cgroup subsys freezer
[    0.077574] Initializing cgroup subsys blkio
[    0.078586] Initializing cgroup subsys perf_event
[    0.085832] mce: CPU supports 10 MCE banks
[    0.090372] SMP alternatives: switching to UP code
[    0.491331] Freeing SMP alternatives: 24k freed
[    0.493179] ACPI: Core revision 20110623
[    0.549691] ftrace: allocating 26610 entries in 105 pages
[    0.583452] ..TIMER: vector=0x30 apic1=0 pin1=2 apic2=-1 pin2=-1
[    0.584157] CPU0: AMD QEMU Virtual CPU version 2.0.0 stepping 03
[    0.588036] Performance Events: Broken PMU hardware detected, using software events only.
[    0.595400] NMI watchdog disabled (cpu0): hardware events not enabled
[    0.596766] Brought up 1 CPUs
[    0.597290] Total of 1 processors activated (4585.88 BogoMIPS).
[    0.622745] devtmpfs: initialized
[    0.652095] EVM: security.selinux
[    0.652679] EVM: security.SMACK64
[    0.653112] EVM: security.capability
[    0.680363] print_constraints: dummy: 
[    0.682012] RTC time: 16:06:51, date: 01/22/16
[    0.685179] NET: Registered protocol family 16
[    0.693049] ACPI: bus type pci registered
[    0.697345] PCI: Using configuration type 1 for base access
[    0.727805] bio: create slab &lt;bio-0&gt; at 0
[    0.732894] ACPI: Added _OSI(Module Device)
[    0.733526] ACPI: Added _OSI(Processor Device)
[    0.734085] ACPI: Added _OSI(3.0 _SCP Extensions)
[    0.734736] ACPI: Added _OSI(Processor Aggregator Device)
[    0.801096] ACPI: Interpreter enabled
[    0.801698] ACPI: (supports S0 S3 S4 S5)
[    0.804294] ACPI: Using IOAPIC for interrupt routing
[    0.881591] ACPI: No dock devices found.
[    0.882876] HEST: Table not found.
[    0.884327] PCI: Using host bridge windows from ACPI; if necessary, use "pci=nocrs" and report a bug
[    0.894022] ACPI: PCI Root Bridge [PCI0] (domain 0000 [bus 00-ff])
[    0.900679] pci_root PNP0A03:00: host bridge window [io  0x0000-0x0cf7]
[    0.901540] pci_root PNP0A03:00: host bridge window [io  0x0d00-0xadff]
[    0.902426] pci_root PNP0A03:00: host bridge window [io  0xae0f-0xaeff]
[    0.904109] pci_root PNP0A03:00: host bridge window [io  0xaf20-0xafdf]
[    0.904910] pci_root PNP0A03:00: host bridge window [io  0xafe4-0xffff]
[    0.905798] pci_root PNP0A03:00: host bridge window [mem 0x000a0000-0x000bffff]
[    0.906730] pci_root PNP0A03:00: host bridge window [mem 0x04000000-0xfebfffff]
[    0.928813] pci 0000:00:01.3: quirk: [io  0xb000-0xb03f] claimed by PIIX4 ACPI
[    0.929795] pci 0000:00:01.3: quirk: [io  0xb100-0xb10f] claimed by PIIX4 SMB
[    0.995430]  pci0000:00: Unable to request _OSC control (_OSC support mask: 0x1e)
[    1.058220] ACPI: PCI Interrupt Link [LNKA] (IRQs 5 *10 11)
[    1.061324] ACPI: PCI Interrupt Link [LNKB] (IRQs 5 *10 11)
[    1.063184] ACPI: PCI Interrupt Link [LNKC] (IRQs 5 10 *11)
[    1.065357] ACPI: PCI Interrupt Link [LNKD] (IRQs 5 10 *11)
[    1.066681] ACPI: PCI Interrupt Link [LNKS] (IRQs *9)
[    1.077811] vgaarb: device added: PCI:0000:00:02.0,decodes=io+mem,owns=io+mem,locks=none
[    1.080187] vgaarb: loaded
[    1.080826] vgaarb: bridge control possible 0000:00:02.0
[    1.085771] i2c-core: driver [aat2870] using legacy suspend method
[    1.086681] i2c-core: driver [aat2870] using legacy resume method
[    1.089792] SCSI subsystem initialized
[    1.093978] usbcore: registered new interface driver usbfs
[    1.095201] usbcore: registered new interface driver hub
[    1.096549] usbcore: registered new device driver usb
[    1.101150] PCI: Using ACPI for IRQ routing
[    1.114052] NetLabel: Initializing
[    1.114533] NetLabel:  domain hash size = 128
[    1.115033] NetLabel:  protocols = UNLABELED CIPSOv4
[    1.118013] NetLabel:  unlabeled traffic allowed by default
[    1.120673] HPET: 3 timers in total, 0 timers will be used for per-cpu timer
[    1.121758] hpet0: at MMIO 0xfed00000, IRQs 2, 8, 0
[    1.122669] hpet0: 3 comparators, 64-bit 100.000000 MHz counter
[    1.137159] Switching to clocksource hpet
[    1.386469] AppArmor: AppArmor Filesystem Enabled
[    1.387904] pnp: PnP ACPI init
[    1.389537] ACPI: bus type pnp registered
[    1.414640] pnp: PnP ACPI: found 9 devices
[    1.415224] ACPI: ACPI bus type pnp unregistered
[    1.473933] NET: Registered protocol family 2
[    1.520161] IP route cache hash table entries: 512 (order: 0, 4096 bytes)
[    1.529252] TCP established hash table entries: 2048 (order: 3, 32768 bytes)
[    1.530379] TCP bind hash table entries: 2048 (order: 3, 32768 bytes)
[    1.531271] TCP: Hash tables configured (established 2048 bind 2048)
[    1.532044] TCP reno registered
[    1.534209] UDP hash table entries: 128 (order: 0, 4096 bytes)
[    1.535106] UDP-Lite hash table entries: 128 (order: 0, 4096 bytes)
[    1.538347] NET: Registered protocol family 1
[    1.539228] pci 0000:00:00.0: Limiting direct PCI/PCI transfers
[    1.540669] pci 0000:00:01.0: PIIX3: Enabling Passive Release
[    1.542169] pci 0000:00:01.0: Activating ISA DMA hang workarounds
[    1.549859] ACPI: PCI Interrupt Link [LNKD] enabled at IRQ 11
[    1.550908] pci 0000:00:01.2: PCI INT D -&gt; Link[LNKD] -&gt; GSI 11 (level, high) -&gt; IRQ 11
[    1.553667] pci 0000:00:01.2: PCI INT D disabled
[    1.571549] Trying to unpack rootfs image as initramfs...
[    1.589804] audit: initializing netlink socket (disabled)
[    1.591382] type=2000 audit(1453478811.588:1): initialized
[    1.902053] HugeTLB registered 2 MB page size, pre-allocated 0 pages
[    1.991007] VFS: Disk quotas dquot_6.5.2
[    1.996994] Dquot-cache hash table entries: 512 (order 0, 4096 bytes)
[    2.023893] fuse init (API version 7.17)
[    2.034375] msgmni has been set to 84
[    2.067521] Block layer SCSI generic (bsg) driver version 0.4 loaded (major 253)
[    2.070213] io scheduler noop registered
[    2.070802] io scheduler deadline registered (default)
[    2.072000] io scheduler cfq registered
[    2.077425] pci_hotplug: PCI Hot Plug PCI Core version: 0.5
[    2.079374] pciehp: PCI Express Hot Plug Controller Driver version: 0.4
[    2.086069] input: Power Button as /devices/LNXSYSTM:00/LNXPWRBN:00/input/input0
[    2.087756] ACPI: Power Button [PWRF]
[    2.147456] ERST: Table is not found!
[    2.148087] GHES: HEST is not enabled!
[    2.160623] ACPI: PCI Interrupt Link [LNKC] enabled at IRQ 10
[    2.161823] virtio-pci 0000:00:03.0: PCI INT A -&gt; Link[LNKC] -&gt; GSI 10 (level, high) -&gt; IRQ 10
[    2.166001] virtio-pci 0000:00:04.0: PCI INT A -&gt; Link[LNKD] -&gt; GSI 11 (level, high) -&gt; IRQ 11
[    2.190764] ACPI: PCI Interrupt Link [LNKA] enabled at IRQ 10
[    2.191463] virtio-pci 0000:00:05.0: PCI INT A -&gt; Link[LNKA] -&gt; GSI 10 (level, high) -&gt; IRQ 10
[    2.202361] Serial: 8250/16550 driver, 32 ports, IRQ sharing enabled
[    2.241482] serial8250: ttyS0 at I/O 0x3f8 (irq = 4) is a 16550A
[    2.327459] serial8250: ttyS1 at I/O 0x2f8 (irq = 3) is a 16550A
[    2.455003] 00:05: ttyS0 at I/O 0x3f8 (irq = 4) is a 16550A
[    2.532906] 00:06: ttyS1 at I/O 0x2f8 (irq = 3) is a 16550A
[    2.558306] Refined TSC clocksource calibration: 2293.027 MHz.
[    2.559983] Switching to clocksource tsc
[    2.587528] Linux agpgart interface v0.103
[    2.648110] brd: module loaded
[    2.674838] loop: module loaded
[    2.722874]  vda: unknown partition table
[    2.777603] scsi0 : ata_piix
[    2.779944] scsi1 : ata_piix
[    2.782234] ata1: PATA max MWDMA2 cmd 0x1f0 ctl 0x3f6 bmdma 0xc0a0 irq 14
[    2.783036] ata2: PATA max MWDMA2 cmd 0x170 ctl 0x376 bmdma 0xc0a8 irq 15
[    2.793446] Fixed MDIO Bus: probed
[    2.794386] tun: Universal TUN/TAP device driver, 1.6
[    2.794985] tun: (C) 1999-2004 Max Krasnyansky &lt;maxk@qualcomm.com&gt;
[    2.809426] PPP generic driver version 2.4.2
[    2.827301] ehci_hcd: USB 2.0 'Enhanced' Host Controller (EHCI) Driver
[    2.828990] ohci_hcd: USB 1.1 'Open' Host Controller (OHCI) Driver
[    2.830120] uhci_hcd: USB Universal Host Controller Interface driver
[    2.831131] uhci_hcd 0000:00:01.2: PCI INT D -&gt; Link[LNKD] -&gt; GSI 11 (level, high) -&gt; IRQ 11
[    2.835201] uhci_hcd 0000:00:01.2: UHCI Host Controller
[    2.849981] uhci_hcd 0000:00:01.2: new USB bus registered, assigned bus number 1
[    2.851910] uhci_hcd 0000:00:01.2: irq 11, io base 0x0000c040
[    2.878401] hub 1-0:1.0: USB hub found
[    2.881379] hub 1-0:1.0: 2 ports detected
[    2.887750] usbcore: registered new interface driver libusual
[    2.891216] i8042: PNP: PS/2 Controller [PNP0303:KBD,PNP0f13:MOU] at 0x60,0x64 irq 1,12
[    2.898202] serio: i8042 KBD port at 0x60,0x64 irq 1
[    2.900472] serio: i8042 AUX port at 0x60,0x64 irq 12
[    2.932931] mousedev: PS/2 mouse device common for all mice
[    2.950918] input: AT Translated Set 2 keyboard as /devices/platform/i8042/serio0/input/input1
[    2.955648] rtc_cmos 00:01: RTC can wake from S4
[    2.960046] rtc_cmos 00:01: rtc core: registered rtc_cmos as rtc0
[    2.966163] rtc0: alarms up to one day, 114 bytes nvram, hpet irqs
[    2.970374] device-mapper: uevent: version 1.0.3
[    3.001968] ata2.01: ATAPI: QEMU DVD-ROM, 2.0.0, max UDMA/100
[    3.010473] ata2.01: configured for MWDMA2
[    3.017250] device-mapper: ioctl: 4.22.0-ioctl (2011-10-19) initialised: dm-devel@redhat.com
[    3.020713] cpuidle: using governor ladder
[    3.022309] cpuidle: using governor menu
[    3.024402] EFI Variables Facility v0.08 2004-May-17
[    3.035700] TCP cubic registered
[    3.047158] NET: Registered protocol family 10
[    3.080110] NET: Registered protocol family 17
[    3.082815] Registering the dns_resolver key type
[    3.112672] scsi 1:0:1:0: CD-ROM            QEMU     QEMU DVD-ROM     2.0. PQ: 0 ANSI: 5
[    3.134088] sr0: scsi3-mmc drive: 4x/4x cd/rw xa/form2 tray
[    3.137499] cdrom: Uniform CD-ROM driver Revision: 3.20
[    3.153749] sr 1:0:1:0: Attached scsi generic sg0 type 5
[    3.218207] registered taskstats version 1
[    3.270156] Freeing initrd memory: 3656k freed
[    3.761508]   Magic number: 0:384:136
[    3.768023] block ram1: hash matches
[    3.772672] rtc_cmos 00:01: setting system clock to 2016-01-22 16:06:54 UTC (1453478814)
[    3.774420] powernow-k8: Processor cpuid 663 not supported
[    3.781190] BIOS EDD facility v0.16 2004-Jun-25, 0 devices found
[    3.782571] EDD information not available.
[    3.861784] Freeing unused kernel memory: 928k freed
[    3.870337] Write protecting the kernel read-only data: 12288k
[    4.008427] Freeing unused kernel memory: 1596k freed
[    4.100725] Freeing unused kernel memory: 1184k freed

info: initramfs: up at 4.28
modprobe: module virtio_blk not found in modules.dep
modprobe: module virtio_net not found in modules.dep
info: copying initramfs to /dev/vda
info: initramfs loading root from /dev/vda
info: /etc/init.d/rc.sysinit: up at 8.98
info: container: none
Starting logging: OK
modprobe: module virtio_blk not found in modules.dep
modprobe: module virtio_net not found in modules.dep
WARN: /etc/rc3.d/S10-load-modules failed
Initializing random number generator... done.
Starting acpid: OK
cirros-ds 'local' up at 11.56
found datasource (configdrive, local)
Starting network...
udhcpc (v1.20.1) started
Sending discover...
Sending discover...

2016-01-22 16:08:51,929 14888 INFO     [tempest_lib.common.rest_client] Request (TestNetworkBasicOps:_run_cleanups): 204 DELETE http://10.4.1.3:9696/v2.0/floatingips/89b0bceb-baac-4ae3-ba26-7dc930115a7d 0.322s
2016-01-22 16:08:51,930 14888 DEBUG    [tempest_lib.common.rest_client] Request - Headers: {'Content-Type': 'application/json', 'Accept': 'application/json', 'X-Auth-Token': '&lt;omitted&gt;'}
        Body: None
    Response - Headers: {'date': 'Fri, 22 Jan 2016 16:08:51 GMT', 'status': '204', 'connection': 'close', 'content-length': '0', 'x-openstack-request-id': 'req-18e02989-fb79-42e3-a122-a616947d36f7'}
        Body: 
2016-01-22 16:08:52,183 14888 INFO     [tempest_lib.common.rest_client] Request (TestNetworkBasicOps:_run_cleanups): 204 DELETE http://10.4.1.3:8774/v2.1/05bed524e95748f891472d374cacac35/servers/e6e494ca-0595-4345-821b-e57665f35126 0.251s
2016-01-22 16:08:52,183 14888 DEBUG    [tempest_lib.common.rest_client] Request - Headers: {'Content-Type': 'application/json', 'Accept': 'application/json', 'X-Auth-Token': '&lt;omitted&gt;'}
        Body: None
    Response - Headers: {'status': '204', 'content-length': '0', 'x-compute-request-id': 'req-31d6e062-b613-43b2-b456-68e20c780c0c', 'vary': 'X-OpenStack-Nova-API-Version', 'connection': 'close', 'x-openstack-nova-api-version': '2.1', 'date': 'Fri, 22 Jan 2016 16:08:52 GMT', 'content-type': 'application/json'}
        Body: 
2016-01-22 16:08:52,405 14888 INFO     [tempest_lib.common.rest_client] Request (TestNetworkBasicOps:_run_cleanups): 200 GET http://10.4.1.3:8774/v2.1/05bed524e95748f891472d374cacac35/servers/e6e494ca-0595-4345-821b-e57665f35126 0.221s
2016-01-22 16:08:52,406 14888 DEBUG    [tempest_lib.common.rest_client] Request - Headers: {'Content-Type': 'application/json', 'Accept': 'application/json', 'X-Auth-Token': '&lt;omitted&gt;'}
        Body: None
    Response - Headers: {'status': '200', 'content-length': '1761', 'content-location': 'http://10.4.1.3:8774/v2.1/05bed524e95748f891472d374cacac35/servers/e6e494ca-0595-4345-821b-e57665f35126', 'x-compute-request-id': 'req-cbcd80ea-617d-45bc-9d66-756897e9e6c3', 'vary': 'X-OpenStack-Nova-API-Version', 'connection': 'close', 'x-openstack-nova-api-version': '2.1', 'date': 'Fri, 22 Jan 2016 16:08:52 GMT', 'content-type': 'application/json'}
        Body: {"server": {"status": "ACTIVE", "updated": "2016-01-22T16:08:52Z", "hostId": "ed5c64fe86c1db710d4995f088a53ae032f63d5adc2c43746381e8a3", "addresses": {"tempest-network-smoke--1712205242": [{"OS-EXT-IPS-MAC:mac_addr": "fa:16:3e:25:3a:c8", "version": 4, "addr": "10.100.0.3", "OS-EXT-IPS:type": "fixed"}, {"OS-EXT-IPS-MAC:mac_addr": "fa:16:3e:25:3a:c8", "version": 4, "addr": "172.24.4.4", "OS-EXT-IPS:type": "floating"}]}, "links": [{"href": "http://10.4.1.3:8774/v2.1/05bed524e95748f891472d374cacac35/servers/e6e494ca-0595-4345-821b-e57665f35126", "rel": "self"}, {"href": "http://10.4.1.3:8774/05bed524e95748f891472d374cacac35/servers/e6e494ca-0595-4345-821b-e57665f35126", "rel": "bookmark"}], "key_name": "tempest-TestNetworkBasicOps-1298947071", "image": {"id": "48bc0421-6680-4b44-9230-60d35c593b26", "links": [{"href": "http://10.4.1.3:8774/05bed524e95748f891472d374cacac35/images/48bc0421-6680-4b44-9230-60d35c593b26", "rel": "bookmark"}]}, "OS-EXT-STS:task_state": "deleting", "OS-EXT-STS:vm_state": "active", "OS-SRV-USG:launched_at": "2016-01-22T16:06:48.000000", "flavor": {"id": "42", "links": [{"href": "http://10.4.1.3:8774/05bed524e95748f891472d374cacac35/flavors/42", "rel": "bookmark"}]}, "id": "e6e494ca-0595-4345-821b-e57665f35126", "security_groups": [{"name": "tempest-secgroup-smoke-1470450011"}], "OS-SRV-USG:terminated_at": null, "OS-EXT-AZ:availability_zone": "nova", "user_id": "fba49da31af944c495e91a8d4e3d2197", "name": "tempest-server-smoke-128023053", "created": "2016-01-22T16:06:44Z", "tenant_id": "05bed524e95748f891472d374cacac35", "OS-DCF:diskConfig": "MANUAL", "os-extended-volumes:volumes_attached": [], "accessIPv4": "", "accessIPv6": "", "progress": 0, "OS-EXT-STS:power_state": 1, "config_drive": "True", "metadata": {}}}
2016-01-22 16:08:53,578 14888 INFO     [tempest_lib.common.rest_client] Request (TestNetworkBasicOps:_run_cleanups): 200 GET http://10.4.1.3:8774/v2.1/05bed524e95748f891472d374cacac35/servers/e6e494ca-0595-4345-821b-e57665f35126 0.157s
2016-01-22 16:08:53,578 14888 DEBUG    [tempest_lib.common.rest_client] Request - Headers: {'Content-Type': 'application/json', 'Accept': 'application/json', 'X-Auth-Token': '&lt;omitted&gt;'}
        Body: None
    Response - Headers: {'status': '200', 'content-length': '1425', 'content-location': 'http://10.4.1.3:8774/v2.1/05bed524e95748f891472d374cacac35/servers/e6e494ca-0595-4345-821b-e57665f35126', 'x-compute-request-id': 'req-e0e15be2-5810-4250-9dcc-866c71e1be11', 'vary': 'X-OpenStack-Nova-API-Version', 'connection': 'close', 'x-openstack-nova-api-version': '2.1', 'date': 'Fri, 22 Jan 2016 16:08:53 GMT', 'content-type': 'application/json'}
        Body: {"server": {"status": "ACTIVE", "updated": "2016-01-22T16:08:52Z", "hostId": "ed5c64fe86c1db710d4995f088a53ae032f63d5adc2c43746381e8a3", "addresses": {}, "links": [{"href": "http://10.4.1.3:8774/v2.1/05bed524e95748f891472d374cacac35/servers/e6e494ca-0595-4345-821b-e57665f35126", "rel": "self"}, {"href": "http://10.4.1.3:8774/05bed524e95748f891472d374cacac35/servers/e6e494ca-0595-4345-821b-e57665f35126", "rel": "bookmark"}], "key_name": "tempest-TestNetworkBasicOps-1298947071", "image": {"id": "48bc0421-6680-4b44-9230-60d35c593b26", "links": [{"href": "http://10.4.1.3:8774/05bed524e95748f891472d374cacac35/images/48bc0421-6680-4b44-9230-60d35c593b26", "rel": "bookmark"}]}, "OS-EXT-STS:task_state": "deleting", "OS-EXT-STS:vm_state": "active", "OS-SRV-USG:launched_at": "2016-01-22T16:06:48.000000", "flavor": {"id": "42", "links": [{"href": "http://10.4.1.3:8774/05bed524e95748f891472d374cacac35/flavors/42", "rel": "bookmark"}]}, "id": "e6e494ca-0595-4345-821b-e57665f35126", "OS-SRV-USG:terminated_at": null, "OS-EXT-AZ:availability_zone": "nova", "user_id": "fba49da31af944c495e91a8d4e3d2197", "name": "tempest-server-smoke-128023053", "created": "2016-01-22T16:06:44Z", "tenant_id": "05bed524e95748f891472d374cacac35", "OS-DCF:diskConfig": "MANUAL", "os-extended-volumes:volumes_attached": [], "accessIPv4": "", "accessIPv6": "", "progress": 0, "OS-EXT-STS:power_state": 1, "config_drive": "True", "metadata": {}}}
2016-01-22 16:08:54,668 14888 INFO     [tempest_lib.common.rest_client] Request (TestNetworkBasicOps:_run_cleanups): 404 GET http://10.4.1.3:8774/v2.1/05bed524e95748f891472d374cacac35/servers/e6e494ca-0595-4345-821b-e57665f35126 0.079s
2016-01-22 16:08:54,669 14888 DEBUG    [tempest_lib.common.rest_client] Request - Headers: {'Content-Type': 'application/json', 'Accept': 'application/json', 'X-Auth-Token': '&lt;omitted&gt;'}
        Body: None
    Response - Headers: {'status': '404', 'content-length': '111', 'x-compute-request-id': 'req-84e68d9b-48a7-43d6-a479-aab7b15631bb', 'vary': 'X-OpenStack-Nova-API-Version', 'connection': 'close', 'x-openstack-nova-api-version': '2.1', 'date': 'Fri, 22 Jan 2016 16:08:54 GMT', 'content-type': 'application/json; charset=UTF-8'}
        Body: {"itemNotFound": {"message": "Instance e6e494ca-0595-4345-821b-e57665f35126 could not be found.", "code": 404}}
2016-01-22 16:08:54,685 14888 INFO     [tempest_lib.common.rest_client] Request (TestNetworkBasicOps:_run_cleanups): 202 DELETE http://10.4.1.3:8774/v2.1/05bed524e95748f891472d374cacac35/os-keypairs/tempest-TestNetworkBasicOps-1298947071 0.015s
2016-01-22 16:08:54,686 14888 DEBUG    [tempest_lib.common.rest_client] Request - Headers: {'Content-Type': 'application/json', 'Accept': 'application/json', 'X-Auth-Token': '&lt;omitted&gt;'}
        Body: None
    Response - Headers: {'status': '202', 'content-length': '0', 'x-compute-request-id': 'req-9f72f00b-bbb9-4cae-8986-a181aeaf2c13', 'vary': 'X-OpenStack-Nova-API-Version', 'connection': 'close', 'x-openstack-nova-api-version': '2.1', 'date': 'Fri, 22 Jan 2016 16:08:54 GMT', 'content-type': 'application/json'}
        Body: 
2016-01-22 16:08:55,066 14888 INFO     [tempest_lib.common.rest_client] Request (TestNetworkBasicOps:_run_cleanups): 500 PUT http://10.4.1.3:9696/v2.0/routers/5d2b0225-d65f-4d8e-8f25-98fd9d58e37a/remove_router_interface 0.379s
2016-01-22 16:08:55,066 14888 DEBUG    [tempest_lib.common.rest_client] Request - Headers: {'Content-Type': 'application/json', 'Accept': 'application/json', 'X-Auth-Token': '&lt;omitted&gt;'}
        Body: {"subnet_id": "f0a8d595-131b-48bc-a1ac-d7ebd9cabaf8"}
    Response - Headers: {'status': '500', 'content-length': '150', 'connection': 'close', 'date': 'Fri, 22 Jan 2016 16:08:55 GMT', 'content-type': 'application/json; charset=UTF-8', 'x-openstack-request-id': 'req-8153ae9b-91d9-4452-9f6b-9ef6d902a855'}
        Body: {"NeutronError": {"message": "Request Failed: internal server error while processing your request.", "type": "HTTPInternalServerError", "detail": ""}}
2016-01-22 16:08:55,128 14888 INFO     [tempest_lib.common.rest_client] Request (TestNetworkBasicOps:_run_cleanups): 200 GET http://10.4.1.3:9696/v2.0/routers/5d2b0225-d65f-4d8e-8f25-98fd9d58e37a 0.059s
2016-01-22 16:08:55,129 14888 DEBUG    [tempest_lib.common.rest_client] Request - Headers: {'Content-Type': 'application/json', 'Accept': 'application/json', 'X-Auth-Token': '&lt;omitted&gt;'}
        Body: None
    Response - Headers: {'status': '200', 'content-length': '501', 'content-location': 'http://10.4.1.3:9696/v2.0/routers/5d2b0225-d65f-4d8e-8f25-98fd9d58e37a', 'connection': 'close', 'date': 'Fri, 22 Jan 2016 16:08:55 GMT', 'content-type': 'application/json; charset=UTF-8', 'x-openstack-request-id': 'req-16ed3889-37d9-4c95-92e4-1d335217fb89'}
        Body: {"router": {"status": "ACTIVE", "external_gateway_info": {"network_id": "20522c11-d04b-40f4-8fdb-f0c0c034b39e", "enable_snat": true, "external_fixed_ips": [{"subnet_id": "53f88bd2-371d-46b0-8b8d-bc8ad72b9306", "ip_address": "172.24.4.3"}, {"subnet_id": "e615e6c0-88b9-4cb1-8531-0aba60049b53", "ip_address": "2001:db8::3"}]}, "name": "tempest-router-smoke-1452449881", "admin_state_up": true, "tenant_id": "05bed524e95748f891472d374cacac35", "routes": [], "id": "5d2b0225-d65f-4d8e-8f25-98fd9d58e37a"}}
2016-01-22 16:08:55,560 14888 INFO     [tempest_lib.common.rest_client] Request (TestNetworkBasicOps:_run_cleanups): 200 PUT http://10.4.1.3:9696/v2.0/routers/5d2b0225-d65f-4d8e-8f25-98fd9d58e37a 0.429s
2016-01-22 16:08:55,560 14888 DEBUG    [tempest_lib.common.rest_client] Request - Headers: {'Content-Type': 'application/json', 'Accept': 'application/json', 'X-Auth-Token': '&lt;omitted&gt;'}
        Body: {"router": {"external_gateway_info": {}, "name": "tempest-router-smoke-1452449881", "admin_state_up": true}}
    Response - Headers: {'status': '200', 'content-length': '239', 'connection': 'close', 'date': 'Fri, 22 Jan 2016 16:08:55 GMT', 'content-type': 'application/json; charset=UTF-8', 'x-openstack-request-id': 'req-7778568b-cf7e-43ac-92ea-0541b9dbbb16'}
        Body: {"router": {"status": "ACTIVE", "external_gateway_info": null, "name": "tempest-router-smoke-1452449881", "admin_state_up": true, "tenant_id": "05bed524e95748f891472d374cacac35", "routes": [], "id": "5d2b0225-d65f-4d8e-8f25-98fd9d58e37a"}}
2016-01-22 16:08:55,771 14888 INFO     [tempest_lib.common.rest_client] Request (TestNetworkBasicOps:_run_cleanups): 500 DELETE http://10.4.1.3:9696/v2.0/routers/5d2b0225-d65f-4d8e-8f25-98fd9d58e37a 0.209s
2016-01-22 16:08:55,771 14888 DEBUG    [tempest_lib.common.rest_client] Request - Headers: {'Content-Type': 'application/json', 'Accept': 'application/json', 'X-Auth-Token': '&lt;omitted&gt;'}
        Body: None
    Response - Headers: {'status': '500', 'content-length': '150', 'connection': 'close', 'date': 'Fri, 22 Jan 2016 16:08:55 GMT', 'content-type': 'application/json; charset=UTF-8', 'x-openstack-request-id': 'req-00559580-0e01-4201-b99d-9f32e6858ad8'}
        Body: {"NeutronError": {"message": "Request Failed: internal server error while processing your request.", "type": "HTTPInternalServerError", "detail": ""}}
2016-01-22 16:08:56,297 14888 INFO     [tempest_lib.common.rest_client] Request (TestNetworkBasicOps:_run_cleanups): 204 DELETE http://10.4.1.3:9696/v2.0/networks/6e53dead-297f-4a45-a9b2-62da6dee98c2 0.524s
2016-01-22 16:08:56,298 14888 DEBUG    [tempest_lib.common.rest_client] Request - Headers: {'Content-Type': 'application/json', 'Accept': 'application/json', 'X-Auth-Token': '&lt;omitted&gt;'}
        Body: None
    Response - Headers: {'date': 'Fri, 22 Jan 2016 16:08:56 GMT', 'status': '204', 'connection': 'close', 'content-length': '0', 'x-openstack-request-id': 'req-c2631bea-6972-4783-851f-f9e6b5e8b7b9'}
        Body: 
2016-01-22 16:08:56,357 14888 INFO     [tempest_lib.common.rest_client] Request (TestNetworkBasicOps:_run_cleanups): 204 DELETE http://10.4.1.3:9696/v2.0/security-group-rules/a91e4b02-24d8-48d4-8e72-13bbe856d39a 0.059s
2016-01-22 16:08:56,358 14888 DEBUG    [tempest_lib.common.rest_client] Request - Headers: {'Content-Type': 'application/json', 'Accept': 'application/json', 'X-Auth-Token': '&lt;omitted&gt;'}
        Body: None
    Response - Headers: {'date': 'Fri, 22 Jan 2016 16:08:56 GMT', 'status': '204', 'connection': 'close', 'content-length': '0', 'x-openstack-request-id': 'req-e80c21eb-deaf-4a7b-9415-47456b9c3851'}
        Body: 
2016-01-22 16:08:56,422 14888 INFO     [tempest_lib.common.rest_client] Request (TestNetworkBasicOps:_run_cleanups): 204 DELETE http://10.4.1.3:9696/v2.0/security-group-rules/7baf0c4b-41bd-416c-a07b-0cd4f5abb771 0.064s
2016-01-22 16:08:56,423 14888 DEBUG    [tempest_lib.common.rest_client] Request - Headers: {'Content-Type': 'application/json', 'Accept': 'application/json', 'X-Auth-Token': '&lt;omitted&gt;'}
        Body: None
    Response - Headers: {'date': 'Fri, 22 Jan 2016 16:08:56 GMT', 'status': '204', 'connection': 'close', 'content-length': '0', 'x-openstack-request-id': 'req-ee938163-a5d4-48cf-813d-09529ef83d29'}
        Body: 
2016-01-22 16:08:56,483 14888 INFO     [tempest_lib.common.rest_client] Request (TestNetworkBasicOps:_run_cleanups): 204 DELETE http://10.4.1.3:9696/v2.0/security-group-rules/5e6dc008-06cb-44f3-96fc-2b80fb8a6153 0.059s
2016-01-22 16:08:56,484 14888 DEBUG    [tempest_lib.common.rest_client] Request - Headers: {'Content-Type': 'application/json', 'Accept': 'application/json', 'X-Auth-Token': '&lt;omitted&gt;'}
        Body: None
    Response - Headers: {'date': 'Fri, 22 Jan 2016 16:08:56 GMT', 'status': '204', 'connection': 'close', 'content-length': '0', 'x-openstack-request-id': 'req-2bad2a67-53d7-4f4d-982f-247f25c8bfee'}
        Body: 
2016-01-22 16:08:56,542 14888 INFO     [tempest_lib.common.rest_client] Request (TestNetworkBasicOps:_run_cleanups): 204 DELETE http://10.4.1.3:9696/v2.0/security-group-rules/07ad59d4-33ef-48a7-98b2-2001b7d92604 0.057s
2016-01-22 16:08:56,543 14888 DEBUG    [tempest_lib.common.rest_client] Request - Headers: {'Content-Type': 'application/json', 'Accept': 'application/json', 'X-Auth-Token': '&lt;omitted&gt;'}
        Body: None
    Response - Headers: {'date': 'Fri, 22 Jan 2016 16:08:56 GMT', 'status': '204', 'connection': 'close', 'content-length': '0', 'x-openstack-request-id': 'req-322c6f9d-3087-4d09-9022-8c0a6e60f913'}
        Body: 
2016-01-22 16:08:56,600 14888 INFO     [tempest_lib.common.rest_client] Request (TestNetworkBasicOps:_run_cleanups): 204 DELETE http://10.4.1.3:9696/v2.0/security-group-rules/20139150-8008-452c-9be6-f40fa41001e9 0.057s
2016-01-22 16:08:56,601 14888 DEBUG    [tempest_lib.common.rest_client] Request - Headers: {'Content-Type': 'application/json', 'Accept': 'application/json', 'X-Auth-Token': '&lt;omitted&gt;'}
        Body: None
    Response - Headers: {'date': 'Fri, 22 Jan 2016 16:08:56 GMT', 'status': '204', 'connection': 'close', 'content-length': '0', 'x-openstack-request-id': 'req-d47f4c8a-13dd-4d4a-bab8-a8528c0a6eeb'}
        Body: 
2016-01-22 16:08:56,666 14888 INFO     [tempest_lib.common.rest_client] Request (TestNetworkBasicOps:_run_cleanups): 204 DELETE http://10.4.1.3:9696/v2.0/security-group-rules/f799f2ea-b3c2-4a1d-94e0-d5dde2a88c69 0.063s
2016-01-22 16:08:56,667 14888 DEBUG    [tempest_lib.common.rest_client] Request - Headers: {'Content-Type': 'application/json', 'Accept': 'application/json', 'X-Auth-Token': '&lt;omitted&gt;'}
        Body: None
    Response - Headers: {'date': 'Fri, 22 Jan 2016 16:08:56 GMT', 'status': '204', 'connection': 'close', 'content-length': '0', 'x-openstack-request-id': 'req-8ae8dc1c-5755-4b51-aff4-da09ef26e86c'}
        Body: 
2016-01-22 16:08:56,767 14888 INFO     [tempest_lib.common.rest_client] Request (TestNetworkBasicOps:_run_cleanups): 204 DELETE http://10.4.1.3:9696/v2.0/security-groups/b708f007-f01e-4f37-a792-5bfa6929f570 0.098s
2016-01-22 16:08:56,767 14888 DEBUG    [tempest_lib.common.rest_client] Request - Headers: {'Content-Type': 'application/json', 'Accept': 'application/json', 'X-Auth-Token': '&lt;omitted&gt;'}
        Body: None
    Response - Headers: {'date': 'Fri, 22 Jan 2016 16:08:56 GMT', 'status': '204', 'connection': 'close', 'content-length': '0', 'x-openstack-request-id': 'req-e8157f11-5239-422b-b3c5-6c4c9e6baf07'}
        Body: 
2016-01-22 16:08:56,962 14888 INFO     [tempest_lib.common.rest_client] Request (TestNetworkBasicOps:_run_cleanups): 404 GET http://10.4.1.3:8774/v2.1/05bed524e95748f891472d374cacac35/servers/e6e494ca-0595-4345-821b-e57665f35126 0.194s
2016-01-22 16:08:56,963 14888 DEBUG    [tempest_lib.common.rest_client] Request - Headers: {'Content-Type': 'application/json', 'Accept': 'application/json', 'X-Auth-Token': '&lt;omitted&gt;'}
        Body: None
    Response - Headers: {'status': '404', 'content-length': '111', 'x-compute-request-id': 'req-57b475bc-00c2-40be-ab69-d5f0384ba8f9', 'vary': 'X-OpenStack-Nova-API-Version', 'connection': 'close', 'x-openstack-nova-api-version': '2.1', 'date': 'Fri, 22 Jan 2016 16:08:56 GMT', 'content-type': 'application/json; charset=UTF-8'}
        Body: {"itemNotFound": {"message": "Instance e6e494ca-0595-4345-821b-e57665f35126 could not be found.", "code": 404}}
}}}

traceback-1: {{{
Traceback (most recent call last):
  File "tempest/scenario/manager.py", line 106, in delete_wrapper
    delete_thing(*args, **kwargs)
