<?xml version="1.0" encoding="UTF-8"?>
<!DOCTYPE html PUBLIC "-//W3C//DTD XHTML 1.0 Strict//EN"
     "http://www.w3.org/TR/xhtml1/DTD/xhtml1-strict.dtd">
<html xmlns="http://www.w3.org/1999/xhtml">
<head>
    <title>Unit Test Report</title>
    <meta name="generator" content="subunit2html 0.1"/>
    <meta http-equiv="Content-Type" content="text/html; charset=UTF-8"/>
    
<style type="text/css" media="screen">
body        { font-family: verdana, arial, helvetica, sans-serif;
    font-size: 80%; }
table       { font-size: 100%; width: 100%;}
pre         { font-size: 80%; }

/* -- heading -------------------------------------------------------------- */
h1 {
        font-size: 16pt;
        color: gray;
}
.heading {
    margin-top: 0ex;
    margin-bottom: 1ex;
}

.heading .attribute {
    margin-top: 1ex;
    margin-bottom: 0;
}

.heading .description {
    margin-top: 4ex;
    margin-bottom: 6ex;
}

/* -- css div popup -------------------------------------------------------- */
a.popup_link {
}

a.popup_link:hover {
    color: red;
}

.popup_window {
    display: none;
    overflow-x: scroll;
    /*border: solid #627173 1px; */
    padding: 10px;
    background-color: #E6E6D6;
    font-family: "Ubuntu Mono", "Lucida Console", "Courier New", monospace;
    text-align: left;
    font-size: 8pt;
}

}
/* -- report --------------------------------------------------------------- */
#show_detail_line {
    margin-top: 3ex;
    margin-bottom: 1ex;
}
#result_table {
    width: 100%;
    border-collapse: collapse;
    border: 1px solid #777;
}
#header_row {
    font-weight: bold;
    color: white;
    background-color: #777;
}
#result_table td {
    border: 1px solid #777;
    padding: 2px;
}
#total_row  { font-weight: bold; }
.passClass  { background-color: #6c6; }
.failClass  { background-color: #c60; }
.errorClass { background-color: #c00; }
.passCase   { color: #6c6; }
.failCase   { color: #c60; font-weight: bold; }
.errorCase  { color: #c00; font-weight: bold; }
.hiddenRow  { display: none; }
.testcase   { margin-left: 2em; }
td.testname {width: 40%}
td.small {width: 40px}

/* -- ending --------------------------------------------------------------- */
#ending {
}

</style>

</head>
<body>
<script language="javascript" type="text/javascript"><!--
output_list = Array();

/* level - 0:Summary; 1:Failed; 2:All */
function showCase(level) {
    trs = document.getElementsByTagName("tr");
    for (var i = 0; i < trs.length; i++) {
        tr = trs[i];
        id = tr.id;
        if (id.substr(0,2) == 'ft') {
            if (level < 1) {
                tr.className = 'hiddenRow';
            }
            else {
                tr.className = '';
            }
        }
        if (id.substr(0,2) == 'pt') {
            if (level > 1) {
                tr.className = '';
            }
            else {
                tr.className = 'hiddenRow';
            }
        }
    }
}


function showClassDetail(cid, count) {
    var id_list = Array(count);
    var toHide = 1;
    for (var i = 0; i < count; i++) {
        tid0 = 't' + cid.substr(1) + '.' + (i+1);
        tid = 'f' + tid0;
        tr = document.getElementById(tid);
        if (!tr) {
            tid = 'p' + tid0;
            tr = document.getElementById(tid);
        }
        id_list[i] = tid;
        if (tr.className) {
            toHide = 0;
        }
    }
    for (var i = 0; i < count; i++) {
        tid = id_list[i];
        if (toHide) {
            document.getElementById('div_'+tid).style.display = 'none'
            document.getElementById(tid).className = 'hiddenRow';
        }
        else {
            document.getElementById(tid).className = '';
        }
    }
}


function showTestDetail(div_id){
    var details_div = document.getElementById(div_id)
    var displayState = details_div.style.display
    // alert(displayState)
    if (displayState != 'block' ) {
        displayState = 'block'
        details_div.style.display = 'block'
    }
    else {
        details_div.style.display = 'none'
    }
}


function html_escape(s) {
    s = s.replace(/&/g,'&amp;');
    s = s.replace(/</g,'&lt;');
    s = s.replace(/>/g,'&gt;');
    return s;
}

/* obsoleted by detail in <div>
function showOutput(id, name) {
    var w = window.open("", //url
                    name,
                    "resizable,scrollbars,status,width=800,height=450");
    d = w.document;
    d.write("<pre>");
    d.write(html_escape(output_list[id]));
    d.write("\n");
    d.write("<a href='javascript:window.close()'>close</a>\n");
    d.write("</pre>\n");
    d.close();
}
*/
--></script>

<div class='heading'>
<h1>Unit Test Report</h1>

<p class='attribute'><strong>Status:</strong> Failure 8 Skip 1</p>

<p class='description'></p>
</div>



<p id='show_detail_line'>Show
<a href='javascript:showCase(0)'>Summary</a>
<a href='javascript:showCase(1)'>Failed</a>
<a href='javascript:showCase(2)'>All</a>
</p>
<table id='result_table'>
<colgroup>
<col align='left' />
<col align='right' />
<col align='right' />
<col align='right' />
<col align='right' />
<col align='right' />
<col align='right' />
<col align='right' />
</colgroup>
<tr id='header_row'>
    <td>Test Group/Test case</td>
    <td>Count</td>
    <td>Pass</td>
    <td>Fail</td>
    <td>Error</td>
    <td>Skip</td>
    <td>View</td>
    <td> </td>
</tr>

<tr class='failClass'>
    <td class="testname">tempest.scenario.test_network_basic_ops.TestNetworkBasicOps</td>
    <td class="small">9</td>
    <td class="small">0</td>
    <td class="small">8</td>
    <td class="small">0</td>
    <td class="small">1</td>
    <td class="small"><a href="javascript:showClassDetail('c1',9)"
>Detail</a></td>
    <td> </td>
</tr>

<tr id='ft1.1' class='none'>
    <td class='failCase'><div class='testcase'>test_connectivity_between_vms_on_different_networks[compute,id-1546850e-fbaa-42f5-8b5f-03d8a6a95f15,network]</div></td>
    <td colspan='7' align='left'>

    <!--css div popup start-->
    <a class="popup_link" onfocus='this.blur();'
    href="javascript:showTestDetail('div_ft1.1')" >
        fail</a>

    <div id='div_ft1.1' class="popup_window">
        <div style='text-align: right; color:red;cursor:pointer'>
        <a onfocus='this.blur();'
onclick="document.getElementById('div_ft1.1').style.display = 'none' " >
           [x]</a>
        </div>
        <pre>
        
ft1.1: tempest.scenario.test_network_basic_ops.TestNetworkBasicOps.test_connectivity_between_vms_on_different_networks[compute,id-1546850e-fbaa-42f5-8b5f-03d8a6a95f15,network]_StringException: Empty attachments:
  stderr
  stdout

pythonlogging:'': {{{
2016-02-18 08:22:40,854 27836 INFO     [tempest_lib.common.rest_client] Request (TestNetworkBasicOps:test_connectivity_between_vms_on_different_networks): 201 POST http://10.4.1.3:9696/v2.0/security-groups 0.482s
2016-02-18 08:22:40,854 27836 DEBUG    [tempest_lib.common.rest_client] Request - Headers: {'Content-Type': 'application/json', 'Accept': 'application/json', 'X-Auth-Token': '&lt;omitted&gt;'}
        Body: {"security_group": {"tenant_id": "07e46abf4eed4dec930e4fb784dc466a", "description": "tempest-secgroup-smoke-1129992564 description", "name": "tempest-secgroup-smoke-1129992564"}}
    Response - Headers: {'status': '201', 'content-length': '888', 'connection': 'close', 'date': 'Thu, 18 Feb 2016 08:22:40 GMT', 'content-type': 'application/json; charset=UTF-8', 'x-openstack-request-id': 'req-39a7b99a-8a74-42b8-9dd0-432bf048e83a'}
        Body: {"security_group": {"tenant_id": "07e46abf4eed4dec930e4fb784dc466a", "description": "tempest-secgroup-smoke-1129992564 description", "id": "5a862f40-afe1-4c9a-bada-48e96acb2339", "security_group_rules": [{"remote_group_id": null, "direction": "egress", "remote_ip_prefix": null, "protocol": null, "ethertype": "IPv4", "tenant_id": "07e46abf4eed4dec930e4fb784dc466a", "port_range_max": null, "port_range_min": null, "id": "babce51d-bcfa-47d2-819f-7d6085f39a4e", "security_group_id": "5a862f40-afe1-4c9a-bada-48e96acb2339"}, {"remote_group_id": null, "direction": "egress", "remote_ip_prefix": null, "protocol": null, "ethertype": "IPv6", "tenant_id": "07e46abf4eed4dec930e4fb784dc466a", "port_range_max": null, "port_range_min": null, "id": "12c2b575-46b1-4711-a243-7fc4e1ecd3d4", "security_group_id": "5a862f40-afe1-4c9a-bada-48e96acb2339"}], "name": "tempest-secgroup-smoke-1129992564"}}
2016-02-18 08:22:41,190 27836 INFO     [tempest_lib.common.rest_client] Request (TestNetworkBasicOps:test_connectivity_between_vms_on_different_networks): 201 POST http://10.4.1.3:9696/v2.0/security-group-rules 0.335s
2016-02-18 08:22:41,191 27836 DEBUG    [tempest_lib.common.rest_client] Request - Headers: {'Content-Type': 'application/json', 'Accept': 'application/json', 'X-Auth-Token': '&lt;omitted&gt;'}
        Body: {"security_group_rule": {"direction": "ingress", "protocol": "tcp", "tenant_id": "07e46abf4eed4dec930e4fb784dc466a", "port_range_max": 22, "security_group_id": "5a862f40-afe1-4c9a-bada-48e96acb2339", "port_range_min": 22}}
    Response - Headers: {'status': '201', 'content-length': '340', 'connection': 'close', 'date': 'Thu, 18 Feb 2016 08:22:41 GMT', 'content-type': 'application/json; charset=UTF-8', 'x-openstack-request-id': 'req-afb94fca-067b-4c4a-bb07-a56efe010501'}
        Body: {"security_group_rule": {"remote_group_id": null, "direction": "ingress", "remote_ip_prefix": null, "protocol": "tcp", "ethertype": "IPv4", "tenant_id": "07e46abf4eed4dec930e4fb784dc466a", "port_range_max": 22, "port_range_min": 22, "id": "d2ffcbe1-e867-4b9d-a2d5-ddfa6bb73138", "security_group_id": "5a862f40-afe1-4c9a-bada-48e96acb2339"}}
2016-02-18 08:22:41,520 27836 INFO     [tempest_lib.common.rest_client] Request (TestNetworkBasicOps:test_connectivity_between_vms_on_different_networks): 201 POST http://10.4.1.3:9696/v2.0/security-group-rules 0.329s
2016-02-18 08:22:41,521 27836 DEBUG    [tempest_lib.common.rest_client] Request - Headers: {'Content-Type': 'application/json', 'Accept': 'application/json', 'X-Auth-Token': '&lt;omitted&gt;'}
        Body: {"security_group_rule": {"direction": "egress", "protocol": "tcp", "tenant_id": "07e46abf4eed4dec930e4fb784dc466a", "port_range_max": 22, "security_group_id": "5a862f40-afe1-4c9a-bada-48e96acb2339", "port_range_min": 22}}
    Response - Headers: {'status': '201', 'content-length': '339', 'connection': 'close', 'date': 'Thu, 18 Feb 2016 08:22:41 GMT', 'content-type': 'application/json; charset=UTF-8', 'x-openstack-request-id': 'req-83f788b8-2fd8-455d-a534-e655cef63835'}
        Body: {"security_group_rule": {"remote_group_id": null, "direction": "egress", "remote_ip_prefix": null, "protocol": "tcp", "ethertype": "IPv4", "tenant_id": "07e46abf4eed4dec930e4fb784dc466a", "port_range_max": 22, "port_range_min": 22, "id": "a72aebbe-7d9d-460d-8bfc-2dae0ca2aaca", "security_group_id": "5a862f40-afe1-4c9a-bada-48e96acb2339"}}
2016-02-18 08:22:41,834 27836 INFO     [tempest_lib.common.rest_client] Request (TestNetworkBasicOps:test_connectivity_between_vms_on_different_networks): 201 POST http://10.4.1.3:9696/v2.0/security-group-rules 0.311s
2016-02-18 08:22:41,835 27836 DEBUG    [tempest_lib.common.rest_client] Request - Headers: {'Content-Type': 'application/json', 'Accept': 'application/json', 'X-Auth-Token': '&lt;omitted&gt;'}
        Body: {"security_group_rule": {"tenant_id": "07e46abf4eed4dec930e4fb784dc466a", "direction": "ingress", "protocol": "icmp", "security_group_id": "5a862f40-afe1-4c9a-bada-48e96acb2339"}}
    Response - Headers: {'status': '201', 'content-length': '345', 'connection': 'close', 'date': 'Thu, 18 Feb 2016 08:22:41 GMT', 'content-type': 'application/json; charset=UTF-8', 'x-openstack-request-id': 'req-d0e60c54-7c6e-4927-a566-730fa9a64fac'}
        Body: {"security_group_rule": {"remote_group_id": null, "direction": "ingress", "remote_ip_prefix": null, "protocol": "icmp", "ethertype": "IPv4", "tenant_id": "07e46abf4eed4dec930e4fb784dc466a", "port_range_max": null, "port_range_min": null, "id": "de5a4078-dc27-4991-87fe-e33518a12c60", "security_group_id": "5a862f40-afe1-4c9a-bada-48e96acb2339"}}
2016-02-18 08:22:42,156 27836 INFO     [tempest_lib.common.rest_client] Request (TestNetworkBasicOps:test_connectivity_between_vms_on_different_networks): 201 POST http://10.4.1.3:9696/v2.0/security-group-rules 0.320s
2016-02-18 08:22:42,156 27836 DEBUG    [tempest_lib.common.rest_client] Request - Headers: {'Content-Type': 'application/json', 'Accept': 'application/json', 'X-Auth-Token': '&lt;omitted&gt;'}
        Body: {"security_group_rule": {"tenant_id": "07e46abf4eed4dec930e4fb784dc466a", "direction": "egress", "protocol": "icmp", "security_group_id": "5a862f40-afe1-4c9a-bada-48e96acb2339"}}
    Response - Headers: {'status': '201', 'content-length': '344', 'connection': 'close', 'date': 'Thu, 18 Feb 2016 08:22:42 GMT', 'content-type': 'application/json; charset=UTF-8', 'x-openstack-request-id': 'req-d1e9b121-b65c-453f-bede-e3208fa431e9'}
        Body: {"security_group_rule": {"remote_group_id": null, "direction": "egress", "remote_ip_prefix": null, "protocol": "icmp", "ethertype": "IPv4", "tenant_id": "07e46abf4eed4dec930e4fb784dc466a", "port_range_max": null, "port_range_min": null, "id": "39af651d-1e2d-4385-9145-b6b3912e837b", "security_group_id": "5a862f40-afe1-4c9a-bada-48e96acb2339"}}
2016-02-18 08:22:42,511 27836 INFO     [tempest_lib.common.rest_client] Request (TestNetworkBasicOps:test_connectivity_between_vms_on_different_networks): 201 POST http://10.4.1.3:9696/v2.0/security-group-rules 0.352s
2016-02-18 08:22:42,513 27836 DEBUG    [tempest_lib.common.rest_client] Request - Headers: {'Content-Type': 'application/json', 'Accept': 'application/json', 'X-Auth-Token': '&lt;omitted&gt;'}
        Body: {"security_group_rule": {"tenant_id": "07e46abf4eed4dec930e4fb784dc466a", "direction": "ingress", "security_group_id": "5a862f40-afe1-4c9a-bada-48e96acb2339", "protocol": "icmp", "ethertype": "IPv6"}}
    Response - Headers: {'status': '201', 'content-length': '345', 'connection': 'close', 'date': 'Thu, 18 Feb 2016 08:22:42 GMT', 'content-type': 'application/json; charset=UTF-8', 'x-openstack-request-id': 'req-fbe79921-d819-4d4f-9a3d-cde0d2f7483d'}
        Body: {"security_group_rule": {"remote_group_id": null, "direction": "ingress", "remote_ip_prefix": null, "protocol": "icmp", "ethertype": "IPv6", "tenant_id": "07e46abf4eed4dec930e4fb784dc466a", "port_range_max": null, "port_range_min": null, "id": "405c7553-f84a-4f21-80d6-bd0db7329790", "security_group_id": "5a862f40-afe1-4c9a-bada-48e96acb2339"}}
2016-02-18 08:22:42,850 27836 INFO     [tempest_lib.common.rest_client] Request (TestNetworkBasicOps:test_connectivity_between_vms_on_different_networks): 201 POST http://10.4.1.3:9696/v2.0/security-group-rules 0.336s
2016-02-18 08:22:42,851 27836 DEBUG    [tempest_lib.common.rest_client] Request - Headers: {'Content-Type': 'application/json', 'Accept': 'application/json', 'X-Auth-Token': '&lt;omitted&gt;'}
        Body: {"security_group_rule": {"tenant_id": "07e46abf4eed4dec930e4fb784dc466a", "direction": "egress", "security_group_id": "5a862f40-afe1-4c9a-bada-48e96acb2339", "protocol": "icmp", "ethertype": "IPv6"}}
    Response - Headers: {'status': '201', 'content-length': '344', 'connection': 'close', 'date': 'Thu, 18 Feb 2016 08:22:42 GMT', 'content-type': 'application/json; charset=UTF-8', 'x-openstack-request-id': 'req-3361cefb-f405-4a28-a8bb-eb8223fdd15d'}
        Body: {"security_group_rule": {"remote_group_id": null, "direction": "egress", "remote_ip_prefix": null, "protocol": "icmp", "ethertype": "IPv6", "tenant_id": "07e46abf4eed4dec930e4fb784dc466a", "port_range_max": null, "port_range_min": null, "id": "77053913-aa18-4c3f-9b20-7fa56f52bd39", "security_group_id": "5a862f40-afe1-4c9a-bada-48e96acb2339"}}
2016-02-18 08:22:43,333 27836 INFO     [tempest_lib.common.rest_client] Request (TestNetworkBasicOps:test_connectivity_between_vms_on_different_networks): 201 POST http://10.4.1.3:9696/v2.0/networks 0.481s
2016-02-18 08:22:43,334 27836 DEBUG    [tempest_lib.common.rest_client] Request - Headers: {'Content-Type': 'application/json', 'Accept': 'application/json', 'X-Auth-Token': '&lt;omitted&gt;'}
        Body: {"network": {"tenant_id": "07e46abf4eed4dec930e4fb784dc466a", "name": "tempest-network-smoke--1527909083"}}
    Response - Headers: {'status': '201', 'content-length': '356', 'connection': 'close', 'date': 'Thu, 18 Feb 2016 08:22:43 GMT', 'content-type': 'application/json; charset=UTF-8', 'x-openstack-request-id': 'req-e3615e1f-6d08-4c28-908f-a6e56a0f8a47'}
        Body: {"network": {"status": "ACTIVE", "subnets": [], "availability_zone_hints": [], "availability_zones": [], "name": "tempest-network-smoke--1527909083", "admin_state_up": true, "tenant_id": "07e46abf4eed4dec930e4fb784dc466a", "mtu": 1450, "router:external": false, "shared": false, "port_security_enabled": true, "id": "603a9b5b-f859-49af-b891-45e69247dd19"}}
2016-02-18 08:22:43,650 27836 INFO     [tempest_lib.common.rest_client] Request (TestNetworkBasicOps:test_connectivity_between_vms_on_different_networks): 201 POST http://10.4.1.3:9696/v2.0/routers 0.314s
2016-02-18 08:22:43,650 27836 DEBUG    [tempest_lib.common.rest_client] Request - Headers: {'Content-Type': 'application/json', 'Accept': 'application/json', 'X-Auth-Token': '&lt;omitted&gt;'}
        Body: {"router": {"tenant_id": "07e46abf4eed4dec930e4fb784dc466a", "name": "tempest-router-smoke-1329103781", "admin_state_up": true}}
    Response - Headers: {'status': '201', 'content-length': '239', 'connection': 'close', 'date': 'Thu, 18 Feb 2016 08:22:43 GMT', 'content-type': 'application/json; charset=UTF-8', 'x-openstack-request-id': 'req-edc2bae9-c872-46c4-956e-42191d00102a'}
        Body: {"router": {"status": "ACTIVE", "external_gateway_info": null, "name": "tempest-router-smoke-1329103781", "admin_state_up": true, "tenant_id": "07e46abf4eed4dec930e4fb784dc466a", "routes": [], "id": "92e38b67-4c28-489f-86fd-798f57ac9d21"}}
2016-02-18 08:22:43,933 27836 INFO     [tempest_lib.common.rest_client] Request (TestNetworkBasicOps:test_connectivity_between_vms_on_different_networks): 200 GET http://10.4.1.3:9696/v2.0/routers/92e38b67-4c28-489f-86fd-798f57ac9d21 0.281s
2016-02-18 08:22:43,933 27836 DEBUG    [tempest_lib.common.rest_client] Request - Headers: {'Content-Type': 'application/json', 'Accept': 'application/json', 'X-Auth-Token': '&lt;omitted&gt;'}
        Body: None
    Response - Headers: {'status': '200', 'content-length': '239', 'content-location': 'http://10.4.1.3:9696/v2.0/routers/92e38b67-4c28-489f-86fd-798f57ac9d21', 'connection': 'close', 'date': 'Thu, 18 Feb 2016 08:22:43 GMT', 'content-type': 'application/json; charset=UTF-8', 'x-openstack-request-id': 'req-b37870d7-4f5f-408d-a946-6dc8214556e4'}
        Body: {"router": {"status": "ACTIVE", "external_gateway_info": null, "name": "tempest-router-smoke-1329103781", "admin_state_up": true, "tenant_id": "07e46abf4eed4dec930e4fb784dc466a", "routes": [], "id": "92e38b67-4c28-489f-86fd-798f57ac9d21"}}
2016-02-18 08:22:44,764 27836 INFO     [tempest_lib.common.rest_client] Request (TestNetworkBasicOps:test_connectivity_between_vms_on_different_networks): 200 PUT http://10.4.1.3:9696/v2.0/routers/92e38b67-4c28-489f-86fd-798f57ac9d21 0.830s
2016-02-18 08:22:44,765 27836 DEBUG    [tempest_lib.common.rest_client] Request - Headers: {'Content-Type': 'application/json', 'Accept': 'application/json', 'X-Auth-Token': '&lt;omitted&gt;'}
        Body: {"router": {"external_gateway_info": {"network_id": "3a30148f-c810-47f7-8439-b4b91d381823"}, "name": "tempest-router-smoke-1329103781", "admin_state_up": true}}
    Response - Headers: {'status': '200', 'content-length': '501', 'connection': 'close', 'date': 'Thu, 18 Feb 2016 08:22:44 GMT', 'content-type': 'application/json; charset=UTF-8', 'x-openstack-request-id': 'req-32876d67-1c0b-498a-9458-2c673ad0d03a'}
        Body: {"router": {"status": "ACTIVE", "external_gateway_info": {"network_id": "3a30148f-c810-47f7-8439-b4b91d381823", "enable_snat": true, "external_fixed_ips": [{"subnet_id": "c7c9fc81-9ba6-4b40-b03e-a5fde9a351c5", "ip_address": "172.24.4.3"}, {"subnet_id": "47834147-e463-4b89-b1df-6436c45538a8", "ip_address": "2001:db8::3"}]}, "name": "tempest-router-smoke-1329103781", "admin_state_up": true, "tenant_id": "07e46abf4eed4dec930e4fb784dc466a", "routes": [], "id": "92e38b67-4c28-489f-86fd-798f57ac9d21"}}
2016-02-18 08:22:45,020 27836 INFO     [tempest_lib.common.rest_client] Request (TestNetworkBasicOps:test_connectivity_between_vms_on_different_networks): 200 GET http://10.4.1.3:9696/v2.0/subnets?tenant_id=07e46abf4eed4dec930e4fb784dc466a&amp;cidr=10.100.0.0%2F28 0.252s
2016-02-18 08:22:45,021 27836 DEBUG    [tempest_lib.common.rest_client] Request - Headers: {'Content-Type': 'application/json', 'Accept': 'application/json', 'X-Auth-Token': '&lt;omitted&gt;'}
        Body: None
    Response - Headers: {'status': '200', 'content-length': '15', 'content-location': 'http://10.4.1.3:9696/v2.0/subnets?tenant_id=07e46abf4eed4dec930e4fb784dc466a&amp;cidr=10.100.0.0%2F28', 'connection': 'close', 'date': 'Thu, 18 Feb 2016 08:22:45 GMT', 'content-type': 'application/json; charset=UTF-8', 'x-openstack-request-id': 'req-2eefb240-13b1-4c97-88dc-951c4d31e8c5'}
        Body: {"subnets": []}
2016-02-18 08:22:45,556 27836 INFO     [tempest_lib.common.rest_client] Request (TestNetworkBasicOps:test_connectivity_between_vms_on_different_networks): 201 POST http://10.4.1.3:9696/v2.0/subnets 0.534s
2016-02-18 08:22:45,557 27836 DEBUG    [tempest_lib.common.rest_client] Request - Headers: {'Content-Type': 'application/json', 'Accept': 'application/json', 'X-Auth-Token': '&lt;omitted&gt;'}
        Body: {"subnet": {"ip_version": 4, "tenant_id": "07e46abf4eed4dec930e4fb784dc466a", "cidr": "10.100.0.0/28", "network_id": "603a9b5b-f859-49af-b891-45e69247dd19", "name": "tempest-subnet-smoke-1069800976"}}
    Response - Headers: {'status': '201', 'content-length': '478', 'connection': 'close', 'date': 'Thu, 18 Feb 2016 08:22:45 GMT', 'content-type': 'application/json; charset=UTF-8', 'x-openstack-request-id': 'req-f7df5481-000b-4cbe-9543-98894767e00b'}
        Body: {"subnet": {"name": "tempest-subnet-smoke-1069800976", "enable_dhcp": true, "network_id": "603a9b5b-f859-49af-b891-45e69247dd19", "tenant_id": "07e46abf4eed4dec930e4fb784dc466a", "dns_nameservers": [], "gateway_ip": "10.100.0.1", "ipv6_ra_mode": null, "allocation_pools": [{"start": "10.100.0.2", "end": "10.100.0.14"}], "host_routes": [], "ip_version": 4, "ipv6_address_mode": null, "cidr": "10.100.0.0/28", "id": "43eb1c13-9d44-4656-ab64-953c98aae72c", "subnetpool_id": null}}
2016-02-18 08:22:46,344 27836 INFO     [tempest_lib.common.rest_client] Request (TestNetworkBasicOps:test_connectivity_between_vms_on_different_networks): 200 PUT http://10.4.1.3:9696/v2.0/routers/92e38b67-4c28-489f-86fd-798f57ac9d21/add_router_interface 0.785s
2016-02-18 08:22:46,344 27836 DEBUG    [tempest_lib.common.rest_client] Request - Headers: {'Content-Type': 'application/json', 'Accept': 'application/json', 'X-Auth-Token': '&lt;omitted&gt;'}
        Body: {"subnet_id": "43eb1c13-9d44-4656-ab64-953c98aae72c"}
    Response - Headers: {'status': '200', 'content-length': '309', 'connection': 'close', 'date': 'Thu, 18 Feb 2016 08:22:46 GMT', 'content-type': 'application/json; charset=UTF-8', 'x-openstack-request-id': 'req-b889df2a-d234-4217-8fd0-f42e84b6c518'}
        Body: {"network_id": "603a9b5b-f859-49af-b891-45e69247dd19", "tenant_id": "07e46abf4eed4dec930e4fb784dc466a", "subnet_id": "43eb1c13-9d44-4656-ab64-953c98aae72c", "subnet_ids": ["43eb1c13-9d44-4656-ab64-953c98aae72c"], "port_id": "66072f38-90b0-4fdc-bb2e-e47da3e3604a", "id": "92e38b67-4c28-489f-86fd-798f57ac9d21"}
2016-02-18 08:22:46,618 27836 INFO     [tempest_lib.common.rest_client] Request (TestNetworkBasicOps:test_connectivity_between_vms_on_different_networks): 200 GET http://10.4.1.3:9696/v2.0/networks 0.272s
2016-02-18 08:22:46,619 27836 DEBUG    [tempest_lib.common.rest_client] Request - Headers: {'Content-Type': 'application/json', 'Accept': 'application/json', 'X-Auth-Token': '&lt;omitted&gt;'}
        Body: None
    Response - Headers: {'status': '200', 'content-length': '1537', 'content-location': 'http://10.4.1.3:9696/v2.0/networks', 'connection': 'close', 'date': 'Thu, 18 Feb 2016 08:22:46 GMT', 'content-type': 'application/json; charset=UTF-8', 'x-openstack-request-id': 'req-0f68ece8-771a-4a94-881a-fefd99489001'}
        Body: {"networks": [{"status": "ACTIVE", "subnets": ["47834147-e463-4b89-b1df-6436c45538a8", "c7c9fc81-9ba6-4b40-b03e-a5fde9a351c5"], "availability_zone_hints": [], "availability_zones": ["nova"], "name": "public", "provider:physical_network": null, "admin_state_up": true, "tenant_id": "bf9da39b66844253a44c1efcfefc7437", "mtu": 1450, "is_default": false, "router:external": true, "shared": false, "port_security_enabled": true, "provider:network_type": "vxlan", "id": "3a30148f-c810-47f7-8439-b4b91d381823", "provider:segmentation_id": 1085}, {"status": "ACTIVE", "subnets": ["b712bfcc-2c0a-40d3-8759-2ebafff216f1", "b41f1dc4-6d42-4993-8825-555d44172262"], "availability_zone_hints": [], "availability_zones": ["nova"], "name": "private", "provider:physical_network": null, "admin_state_up": true, "tenant_id": "e0444cdcc2414f2ebe5add4228e65426", "mtu": 1450, "router:external": false, "shared": false, "port_security_enabled": true, "provider:network_type": "vxlan", "id": "97ea64b7-ff3f-47ef-ae01-e3fbefb2d8e4", "provider:segmentation_id": 1054}, {"status": "ACTIVE", "subnets": ["43eb1c13-9d44-4656-ab64-953c98aae72c"], "availability_zone_hints": [], "availability_zones": ["nova"], "name": "tempest-network-smoke--1527909083", "provider:physical_network": null, "admin_state_up": true, "tenant_id": "07e46abf4eed4dec930e4fb784dc466a", "mtu": 1450, "router:external": false, "shared": false, "port_security_enabled": true, "provider:network_type": "vxlan", "id": "603a9b5b-f859-49af-b891-45e69247dd19", "provider:segmentation_id": 1091}]}
2016-02-18 08:22:46,919 27836 INFO     [tempest_lib.common.rest_client] Request (TestNetworkBasicOps:test_connectivity_between_vms_on_different_networks): 200 GET http://10.4.1.3:9696/v2.0/subnets 0.298s
2016-02-18 08:22:46,919 27836 DEBUG    [tempest_lib.common.rest_client] Request - Headers: {'Content-Type': 'application/json', 'Accept': 'application/json', 'X-Auth-Token': '&lt;omitted&gt;'}
        Body: None
    Response - Headers: {'status': '200', 'content-length': '2408', 'content-location': 'http://10.4.1.3:9696/v2.0/subnets', 'connection': 'close', 'date': 'Thu, 18 Feb 2016 08:22:46 GMT', 'content-type': 'application/json; charset=UTF-8', 'x-openstack-request-id': 'req-770236ec-cba2-422e-946a-ad5db9cd3492'}
        Body: {"subnets": [{"name": "ipv6-public-subnet", "enable_dhcp": false, "network_id": "3a30148f-c810-47f7-8439-b4b91d381823", "tenant_id": "bf9da39b66844253a44c1efcfefc7437", "dns_nameservers": [], "gateway_ip": "2001:db8::2", "ipv6_ra_mode": null, "allocation_pools": [{"start": "2001:db8::1", "end": "2001:db8::1"}, {"start": "2001:db8::3", "end": "2001:db8::ffff:ffff:ffff:ffff"}], "host_routes": [], "ip_version": 6, "ipv6_address_mode": null, "cidr": "2001:db8::/64", "id": "47834147-e463-4b89-b1df-6436c45538a8", "subnetpool_id": null}, {"name": "public-subnet", "enable_dhcp": false, "network_id": "3a30148f-c810-47f7-8439-b4b91d381823", "tenant_id": "bf9da39b66844253a44c1efcfefc7437", "dns_nameservers": [], "gateway_ip": "172.24.4.1", "ipv6_ra_mode": null, "allocation_pools": [{"start": "172.24.4.2", "end": "172.24.4.254"}], "host_routes": [], "ip_version": 4, "ipv6_address_mode": null, "cidr": "172.24.4.0/24", "id": "c7c9fc81-9ba6-4b40-b03e-a5fde9a351c5", "subnetpool_id": null}, {"name": "private-subnet", "enable_dhcp": true, "network_id": "97ea64b7-ff3f-47ef-ae01-e3fbefb2d8e4", "tenant_id": "e0444cdcc2414f2ebe5add4228e65426", "dns_nameservers": [], "gateway_ip": "10.0.0.1", "ipv6_ra_mode": null, "allocation_pools": [{"start": "10.0.0.2", "end": "10.0.0.254"}], "host_routes": [], "ip_version": 4, "ipv6_address_mode": null, "cidr": "10.0.0.0/24", "id": "b712bfcc-2c0a-40d3-8759-2ebafff216f1", "subnetpool_id": null}, {"name": "tempest-subnet-smoke-1069800976", "enable_dhcp": true, "network_id": "603a9b5b-f859-49af-b891-45e69247dd19", "tenant_id": "07e46abf4eed4dec930e4fb784dc466a", "dns_nameservers": [], "gateway_ip": "10.100.0.1", "ipv6_ra_mode": null, "allocation_pools": [{"start": "10.100.0.2", "end": "10.100.0.14"}], "host_routes": [], "ip_version": 4, "ipv6_address_mode": null, "cidr": "10.100.0.0/28", "id": "43eb1c13-9d44-4656-ab64-953c98aae72c", "subnetpool_id": null}, {"name": "ipv6-private-subnet", "enable_dhcp": true, "network_id": "97ea64b7-ff3f-47ef-ae01-e3fbefb2d8e4", "tenant_id": "e0444cdcc2414f2ebe5add4228e65426", "dns_nameservers": [], "gateway_ip": "fd9d:d2e9:8ca0::1", "ipv6_ra_mode": "slaac", "allocation_pools": [{"start": "fd9d:d2e9:8ca0::2", "end": "fd9d:d2e9:8ca0:0:ffff:ffff:ffff:ffff"}], "host_routes": [], "ip_version": 6, "ipv6_address_mode": "slaac", "cidr": "fd9d:d2e9:8ca0::/64", "id": "b41f1dc4-6d42-4993-8825-555d44172262", "subnetpool_id": null}]}
2016-02-18 08:22:47,181 27836 INFO     [tempest_lib.common.rest_client] Request (TestNetworkBasicOps:test_connectivity_between_vms_on_different_networks): 200 GET http://10.4.1.3:9696/v2.0/routers 0.261s
2016-02-18 08:22:47,182 27836 DEBUG    [tempest_lib.common.rest_client] Request - Headers: {'Content-Type': 'application/json', 'Accept': 'application/json', 'X-Auth-Token': '&lt;omitted&gt;'}
        Body: None
    Response - Headers: {'status': '200', 'content-length': '1015', 'content-location': 'http://10.4.1.3:9696/v2.0/routers', 'connection': 'close', 'date': 'Thu, 18 Feb 2016 08:22:47 GMT', 'content-type': 'application/json; charset=UTF-8', 'x-openstack-request-id': 'req-124f976c-f124-4b30-8d04-3e20a22da805'}
        Body: {"routers": [{"status": "ACTIVE", "external_gateway_info": {"network_id": "3a30148f-c810-47f7-8439-b4b91d381823", "enable_snat": true, "external_fixed_ips": [{"subnet_id": "c7c9fc81-9ba6-4b40-b03e-a5fde9a351c5", "ip_address": "172.24.4.2"}, {"subnet_id": "47834147-e463-4b89-b1df-6436c45538a8", "ip_address": "2001:db8::1"}]}, "name": "router1", "admin_state_up": true, "tenant_id": "e0444cdcc2414f2ebe5add4228e65426", "distributed": false, "routes": [], "id": "4d6c2f86-e056-42b4-a8fc-d4018841bb50"}, {"status": "ACTIVE", "external_gateway_info": {"network_id": "3a30148f-c810-47f7-8439-b4b91d381823", "enable_snat": true, "external_fixed_ips": [{"subnet_id": "c7c9fc81-9ba6-4b40-b03e-a5fde9a351c5", "ip_address": "172.24.4.3"}, {"subnet_id": "47834147-e463-4b89-b1df-6436c45538a8", "ip_address": "2001:db8::3"}]}, "name": "tempest-router-smoke-1329103781", "admin_state_up": true, "tenant_id": "07e46abf4eed4dec930e4fb784dc466a", "distributed": false, "routes": [], "id": "92e38b67-4c28-489f-86fd-798f57ac9d21"}]}
2016-02-18 08:22:47,944 27836 INFO     [tempest_lib.common.rest_client] Request (TestNetworkBasicOps:test_connectivity_between_vms_on_different_networks): 200 POST http://10.4.1.3:8774/v2.1/07e46abf4eed4dec930e4fb784dc466a/os-keypairs 0.760s
2016-02-18 08:22:47,944 27836 DEBUG    [tempest_lib.common.rest_client] Request - Headers: {'Content-Type': 'application/json', 'Accept': 'application/json', 'X-Auth-Token': '&lt;omitted&gt;'}
        Body: {"keypair": {"name": "tempest-TestNetworkBasicOps-1243948415"}}
    Response - Headers: {'status': '200', 'content-length': '2321', 'x-compute-request-id': 'req-5acecc34-15b5-419e-8bd4-221fce5b6b6f', 'vary': 'X-OpenStack-Nova-API-Version', 'connection': 'close', 'x-openstack-nova-api-version': '2.1', 'date': 'Thu, 18 Feb 2016 08:22:47 GMT', 'content-type': 'application/json'}
        Body: {"keypair": {"public_key": "ssh-rsa AAAAB3NzaC1yc2EAAAADAQABAAABAQCz4hlWu7mcshB45CEnyFpG7jHxLJViErL0SQkRUSGoW7Tkx/tvo/KhsOGpkv7DoHJa9W31Mhu4gOy7ty1RAdBUDCuWjaevIOU+pGp3FrBBixnXSoWpcB/+whe54Yu8oGk5j/YRSp4h7ZcgDRnRo3bkbTtajjBdVpz5NIvgrtmGJws+dMkh95JYfTSBffZMTBvSXY9dnYlo6cit4J+2URm3ifMQbp4tRhm4TXsrDCDCfMs4gVAOM6P8DW9bWpvSnjJvcRv7gV6Oni9AbXCdvUefgY/hfk02+hZPRvUxLxoKVblo8LpcPQYTHermm2+oRek8yRJr+ApCIhZ1smoT8diP Generated-by-Nova", "private_key": "-----BEGIN RSA PRIVATE KEY-----\nMIIEqQIBAAKCAQEAs+IZVru5nLIQeOQhJ8haRu4x8SyVYhKy9EkJEVEhqFu05Mf7\nb6PyobDhqZL+w6ByWvVt9TIbuIDsu7ctUQHQVAwrlo2nryDlPqRqdxawQYsZ10qF\nqXAf/sIXueGLvKBpOY/2EUqeIe2XIA0Z0aN25G07Wo4wXVac+TSL4K7ZhicLPnTJ\nIfeSWH00gX32TEwb0l2PXZ2JaOnIreCftlEZt4nzEG6eLUYZuE17KwwgwnzLOIFQ\nDjOj/A1vW1qb0p4yb3Eb+4Fejp4vQG1wnb1Hn4GP4X5NNvoWT0b1MS8aClW5aPC6\nXD0GEx3q5ptvqEXpPMkSa/gKQiIWdbJqE/HYjwIDAQABAoIBAFlQffxOoU5oKz2b\nJ8s0834cbresx082sZwRV2s9uVR6lEqz8Ofxo1sdFC66SbygQadgDQSdqJ3nhaN+\nxAVgvSu+DzZlh0ixMKH1yNbwcPtaMa5v1gXXIku/2z/z+QnjK9vk2uyi+/kkmtDT\nMGqimzm38qx3xRPTGYWyzXD14BN3IKxCjqUVR8KEqBM3Ubt6fZ2NykLBFo6pV/fb\nZTC2VGDnf2voL2E2hhdRsBi1+LSL8rgSHw2cdm7JWr+babT9RonZKKAGOS9iFGNm\nj4VkbqxKS7n1Wv/KF+BrbYbJXcO13D1FGRbIN17QF/Zkz14BD+fAOS/nOWJAnLBR\nMUHuy6ECggCBAL3ILSATdd2+sakCHwvamnsyb/Q/zH0oQ5dwJ7DkMeGLbsxNhX7Y\nBwasTmBJOK/uqz2czLd4ce2Gec98jX5WeEOZfIYm/2T/51nSmrPnt9aQwFnVzPK+\n3VkWinaI/nhM4EfGux/T7r9AETl8XDmfIV5YdECkia7CEjTwvxquFjEbAoIAgQDy\npb29k8c+yFWcPXKzyr/Ps7IBUsiywbxTaC3U89Q4ZgqYnunJ8lseZIU69iuK7UWV\nwi91LzwQTx+ODSNUbTVbQNOODEefMowh0vD0sdYUkI57pywjQ3zRBv1GJxztilMc\nlHJqIlYIVa5z/+AxQwLC5nhfOyOj1fTjjrj0TVfhnQKCAIBlAKc7ff/pzvaAizd4\nuJQk4vgAVv/+0DIA49jL5PbDIdEK/GsC0fgTThq8VdvMjkomlU/CiWCg2EP18ETh\nqyWAXKyQPSsJVsSK4nIhMz58/DbS2N2lh30IT93LLie4YLmwmYy3aLSUpoVEQfJX\nXGCG9K6SRL9d+b103XfnvCTlZwKCAIEAlexcUP828466fr/k2DvkygOgb3rj8LcN\nkodjEhnZvUMnNuexUgrBzASV4Tlq6/rwrLh/tCsMNJN+zrlFZAvaFNj4HeNueWm0\n9c0s/jPHL4ulzbcb6WnwfAKSiT7ve8Gk2prKGtO+ToYKNTgbILTjxuK56zVSLw+q\nsNNlaeVD8G0CggCBAKVSunuJFtfaP/GzLZPTMu+AVYd/lYLRRnwYSA5Rnv8E+Ddc\nGSc3kXMmkvMbY9YpoWcheVuvNR4+4S0ErOzHi7p6TbZUoovATVZf2oETOUsdPz4v\nGZco5RiR2EWVTsuFBdLt5O6GnyNwPMy94G8HhC7f08YaS5vBeN3F21+6hZ9q\n-----END RSA PRIVATE KEY-----\n", "user_id": "2b65c6e1eaa149468a111ddab094d580", "name": "tempest-TestNetworkBasicOps-1243948415", "fingerprint": "59:32:7e:6d:26:f3:9f:47:69:1c:92:11:ef:56:ef:06"}}
2016-02-18 08:22:48,133 27836 INFO     [tempest_lib.common.rest_client] Request (TestNetworkBasicOps:test_connectivity_between_vms_on_different_networks): 200 POST http://10.4.1.3:5000/v2.0/tokens
2016-02-18 08:22:48,134 27836 DEBUG    [tempest_lib.common.rest_client] Request - Headers: {'Content-Type': 'application/json', 'Accept': 'application/json'}
        Body: &lt;omitted&gt;
    Response - Headers: {'status': '200', 'content-length': '2258', 'vary': 'X-Auth-Token', 'server': 'Apache/2.4.7 (Ubuntu)', 'connection': 'close', 'date': 'Thu, 18 Feb 2016 08:22:47 GMT', 'content-type': 'application/json', 'x-openstack-request-id': 'req-7d06d083-1fe4-48d9-aea0-1c1a5004086e'}
        Body: {"access": {"token": {"issued_at": "2016-02-18T08:22:48.117476", "expires": "2016-02-18T09:22:48Z", "id": "e21e23e199b9456590f559616c3a462d", "tenant": {"description": "tempest-TestNetworkBasicOps-342486515-desc", "enabled": true, "id": "07e46abf4eed4dec930e4fb784dc466a", "name": "tempest-TestNetworkBasicOps-342486515"}, "audit_ids": ["Pv2C64aSQye3kPWLRCcTqw"]}, "serviceCatalog": [{"endpoints": [{"adminURL": "http://10.4.1.3:9292", "region": "RegionOne", "internalURL": "http://10.4.1.3:9292", "id": "8578b7a859be46a88f38ee80c0a06987", "publicURL": "http://10.4.1.3:9292"}], "endpoints_links": [], "type": "image", "name": "glance"}, {"endpoints": [{"adminURL": "http://10.4.1.3:8774/v2.1/07e46abf4eed4dec930e4fb784dc466a", "region": "RegionOne", "internalURL": "http://10.4.1.3:8774/v2.1/07e46abf4eed4dec930e4fb784dc466a", "id": "5c1daef2d7794619aabc276b54304fee", "publicURL": "http://10.4.1.3:8774/v2.1/07e46abf4eed4dec930e4fb784dc466a"}], "endpoints_links": [], "type": "compute", "name": "nova"}, {"endpoints": [{"adminURL": "http://10.4.1.3:8774/v2/07e46abf4eed4dec930e4fb784dc466a", "region": "RegionOne", "internalURL": "http://10.4.1.3:8774/v2/07e46abf4eed4dec930e4fb784dc466a", "id": "355ad7efb29e42fca38e6936611bea32", "publicURL": "http://10.4.1.3:8774/v2/07e46abf4eed4dec930e4fb784dc466a"}], "endpoints_links": [], "type": "compute_legacy", "name": "nova_legacy"}, {"endpoints": [{"adminURL": "http://10.4.1.3:35357/v2.0", "region": "RegionOne", "internalURL": "http://10.4.1.3:5000/v2.0", "id": "6c26ed73335a4b5299d45cccd3906e50", "publicURL": "http://10.4.1.3:5000/v2.0"}], "endpoints_links": [], "type": "identity", "name": "keystone"}, {"endpoints": [{"adminURL": "http://10.4.1.3:9696/", "region": "RegionOne", "internalURL": "http://10.4.1.3:9696/", "id": "4f7637a2ac2c4ead97e7737cee32df26", "publicURL": "http://10.4.1.3:9696/"}], "endpoints_links": [], "type": "network", "name": "neutron"}], "user": {"username": "tempest-TestNetworkBasicOps-1326746802", "roles_links": [], "id": "2b65c6e1eaa149468a111ddab094d580", "roles": [{"name": "_member_"}, {"name": "Member"}], "name": "tempest-TestNetworkBasicOps-1326746802"}, "metadata": {"is_admin": 0, "roles": ["9fe2ff9ee4384b1894a90878d3e92bab", "e32bbf55a55e4460b7ecaa03f8e6f9d5"]}}}
2016-02-18 08:22:48,140 27836 DEBUG    [tempest.common.fixed_network] (TestNetworkBasicOps:test_connectivity_between_vms_on_different_networks) No valid network provided or created, defaulting to fixed_network_name
2016-02-18 08:22:48,631 27836 INFO     [tempest_lib.common.rest_client] Request (TestNetworkBasicOps:test_connectivity_between_vms_on_different_networks): 200 GET http://10.4.1.3:8774/v2.1/07e46abf4eed4dec930e4fb784dc466a/os-networks 0.489s
2016-02-18 08:22:48,632 27836 DEBUG    [tempest_lib.common.rest_client] Request - Headers: {'Content-Type': 'application/json', 'Accept': 'application/json', 'X-Auth-Token': '&lt;omitted&gt;'}
        Body: None
    Response - Headers: {'status': '200', 'content-length': '479', 'content-location': 'http://10.4.1.3:8774/v2.1/07e46abf4eed4dec930e4fb784dc466a/os-networks', 'x-compute-request-id': 'req-8853b73e-9448-418f-bfef-1bb84c1aa76d', 'vary': 'X-OpenStack-Nova-API-Version', 'connection': 'close', 'x-openstack-nova-api-version': '2.1', 'date': 'Thu, 18 Feb 2016 08:22:48 GMT', 'content-type': 'application/json'}
        Body: {"networks": [{"cidr_v6": null, "dns2": null, "dns1": null, "gateway": null, "broadcast": null, "netmask": null, "gateway_v6": null, "cidr": null, "label": "public", "id": "3a30148f-c810-47f7-8439-b4b91d381823", "netmask_v6": null}, {"cidr_v6": null, "dns2": null, "dns1": null, "gateway": null, "broadcast": null, "netmask": null, "gateway_v6": null, "cidr": null, "label": "tempest-network-smoke--1527909083", "id": "603a9b5b-f859-49af-b891-45e69247dd19", "netmask_v6": null}]}
2016-02-18 08:22:48,633 27836 WARNING  [tempest.common.fixed_network] (TestNetworkBasicOps:test_connectivity_between_vms_on_different_networks) Network with name: private not found
2016-02-18 08:22:48,633 27836 INFO     [tempest.common.fixed_network] (TestNetworkBasicOps:test_connectivity_between_vms_on_different_networks) Found network {} available for tenant
2016-02-18 08:22:51,640 27836 INFO     [tempest_lib.common.rest_client] Request (TestNetworkBasicOps:test_connectivity_between_vms_on_different_networks): 202 POST http://10.4.1.3:8774/v2.1/07e46abf4eed4dec930e4fb784dc466a/servers 3.005s
2016-02-18 08:22:51,641 27836 DEBUG    [tempest_lib.common.rest_client] Request - Headers: {'Content-Type': 'application/json', 'Accept': 'application/json', 'X-Auth-Token': '&lt;omitted&gt;'}
        Body: {"server": {"name": "tempest-server-smoke-17981537", "imageRef": "06149d15-d0c7-4916-a63c-15fbab721673", "key_name": "tempest-TestNetworkBasicOps-1243948415", "flavorRef": "42", "networks": [{"uuid": "603a9b5b-f859-49af-b891-45e69247dd19"}], "security_groups": [{"name": "tempest-secgroup-smoke-1129992564"}]}}
    Response - Headers: {'status': '202', 'content-length': '460', 'x-compute-request-id': 'req-e79140c4-5955-4872-b4a4-a00804e824bc', 'vary': 'X-OpenStack-Nova-API-Version', 'connection': 'close', 'location': 'http://10.4.1.3:8774/v2.1/07e46abf4eed4dec930e4fb784dc466a/servers/319504d2-ab61-4d03-bb7a-ec36b4d31b51', 'x-openstack-nova-api-version': '2.1', 'date': 'Thu, 18 Feb 2016 08:22:51 GMT', 'content-type': 'application/json'}
        Body: {"server": {"security_groups": [{"name": "tempest-secgroup-smoke-1129992564"}], "OS-DCF:diskConfig": "MANUAL", "id": "319504d2-ab61-4d03-bb7a-ec36b4d31b51", "links": [{"href": "http://10.4.1.3:8774/v2.1/07e46abf4eed4dec930e4fb784dc466a/servers/319504d2-ab61-4d03-bb7a-ec36b4d31b51", "rel": "self"}, {"href": "http://10.4.1.3:8774/07e46abf4eed4dec930e4fb784dc466a/servers/319504d2-ab61-4d03-bb7a-ec36b4d31b51", "rel": "bookmark"}], "adminPass": "kaRX8msScMxP"}}
2016-02-18 08:22:52,156 27836 INFO     [tempest_lib.common.rest_client] Request (TestNetworkBasicOps:test_connectivity_between_vms_on_different_networks): 200 GET http://10.4.1.3:8774/v2.1/07e46abf4eed4dec930e4fb784dc466a/servers/319504d2-ab61-4d03-bb7a-ec36b4d31b51 0.509s
2016-02-18 08:22:52,156 27836 DEBUG    [tempest_lib.common.rest_client] Request - Headers: {'Content-Type': 'application/json', 'Accept': 'application/json', 'X-Auth-Token': '&lt;omitted&gt;'}
        Body: None
    Response - Headers: {'status': '200', 'content-length': '1339', 'content-location': 'http://10.4.1.3:8774/v2.1/07e46abf4eed4dec930e4fb784dc466a/servers/319504d2-ab61-4d03-bb7a-ec36b4d31b51', 'x-compute-request-id': 'req-4c937592-3383-4a8c-a914-5a9565429d63', 'vary': 'X-OpenStack-Nova-API-Version', 'connection': 'close', 'x-openstack-nova-api-version': '2.1', 'date': 'Thu, 18 Feb 2016 08:22:52 GMT', 'content-type': 'application/json'}
        Body: {"server": {"status": "BUILD", "updated": "2016-02-18T08:22:51Z", "hostId": "", "addresses": {}, "links": [{"href": "http://10.4.1.3:8774/v2.1/07e46abf4eed4dec930e4fb784dc466a/servers/319504d2-ab61-4d03-bb7a-ec36b4d31b51", "rel": "self"}, {"href": "http://10.4.1.3:8774/07e46abf4eed4dec930e4fb784dc466a/servers/319504d2-ab61-4d03-bb7a-ec36b4d31b51", "rel": "bookmark"}], "key_name": "tempest-TestNetworkBasicOps-1243948415", "image": {"id": "06149d15-d0c7-4916-a63c-15fbab721673", "links": [{"href": "http://10.4.1.3:8774/07e46abf4eed4dec930e4fb784dc466a/images/06149d15-d0c7-4916-a63c-15fbab721673", "rel": "bookmark"}]}, "OS-EXT-STS:task_state": "scheduling", "OS-EXT-STS:vm_state": "building", "OS-SRV-USG:launched_at": null, "flavor": {"id": "42", "links": [{"href": "http://10.4.1.3:8774/07e46abf4eed4dec930e4fb784dc466a/flavors/42", "rel": "bookmark"}]}, "id": "319504d2-ab61-4d03-bb7a-ec36b4d31b51", "OS-SRV-USG:terminated_at": null, "OS-EXT-AZ:availability_zone": "", "user_id": "2b65c6e1eaa149468a111ddab094d580", "name": "tempest-server-smoke-17981537", "created": "2016-02-18T08:22:51Z", "tenant_id": "07e46abf4eed4dec930e4fb784dc466a", "OS-DCF:diskConfig": "MANUAL", "os-extended-volumes:volumes_attached": [], "accessIPv4": "", "accessIPv6": "", "progress": 0, "OS-EXT-STS:power_state": 0, "config_drive": "", "metadata": {}}}
2016-02-18 08:22:53,804 27836 INFO     [tempest_lib.common.rest_client] Request (TestNetworkBasicOps:test_connectivity_between_vms_on_different_networks): 200 GET http://10.4.1.3:8774/v2.1/07e46abf4eed4dec930e4fb784dc466a/servers/319504d2-ab61-4d03-bb7a-ec36b4d31b51 0.636s
2016-02-18 08:22:53,805 27836 DEBUG    [tempest_lib.common.rest_client] Request - Headers: {'Content-Type': 'application/json', 'Accept': 'application/json', 'X-Auth-Token': '&lt;omitted&gt;'}
        Body: None
    Response - Headers: {'status': '200', 'content-length': '1397', 'content-location': 'http://10.4.1.3:8774/v2.1/07e46abf4eed4dec930e4fb784dc466a/servers/319504d2-ab61-4d03-bb7a-ec36b4d31b51', 'x-compute-request-id': 'req-672dbd25-544e-4b73-9eb2-0df5640b97e1', 'vary': 'X-OpenStack-Nova-API-Version', 'connection': 'close', 'x-openstack-nova-api-version': '2.1', 'date': 'Thu, 18 Feb 2016 08:22:53 GMT', 'content-type': 'application/json'}
        Body: {"server": {"status": "BUILD", "updated": "2016-02-18T08:22:52Z", "hostId": "57286b4216395f608c68b391c882723b7b7ae181918895f2fd3d145f", "addresses": {}, "links": [{"href": "http://10.4.1.3:8774/v2.1/07e46abf4eed4dec930e4fb784dc466a/servers/319504d2-ab61-4d03-bb7a-ec36b4d31b51", "rel": "self"}, {"href": "http://10.4.1.3:8774/07e46abf4eed4dec930e4fb784dc466a/servers/319504d2-ab61-4d03-bb7a-ec36b4d31b51", "rel": "bookmark"}], "key_name": "tempest-TestNetworkBasicOps-1243948415", "image": {"id": "06149d15-d0c7-4916-a63c-15fbab721673", "links": [{"href": "http://10.4.1.3:8774/07e46abf4eed4dec930e4fb784dc466a/images/06149d15-d0c7-4916-a63c-15fbab721673", "rel": "bookmark"}]}, "OS-EXT-STS:task_state": "spawning", "OS-EXT-STS:vm_state": "building", "OS-SRV-USG:launched_at": null, "flavor": {"id": "42", "links": [{"href": "http://10.4.1.3:8774/07e46abf4eed4dec930e4fb784dc466a/flavors/42", "rel": "bookmark"}]}, "id": "319504d2-ab61-4d03-bb7a-ec36b4d31b51", "OS-SRV-USG:terminated_at": null, "OS-EXT-AZ:availability_zone": "nova", "user_id": "2b65c6e1eaa149468a111ddab094d580", "name": "tempest-server-smoke-17981537", "created": "2016-02-18T08:22:51Z", "tenant_id": "07e46abf4eed4dec930e4fb784dc466a", "OS-DCF:diskConfig": "MANUAL", "os-extended-volumes:volumes_attached": [], "accessIPv4": "", "accessIPv6": "", "progress": 0, "OS-EXT-STS:power_state": 0, "config_drive": "", "metadata": {}}}
2016-02-18 08:22:53,821 27836 INFO     [tempest.common.waiters] State transition "BUILD/scheduling" ==&gt; "BUILD/spawning" after 1 second wait
2016-02-18 08:22:55,647 27836 INFO     [tempest_lib.common.rest_client] Request (TestNetworkBasicOps:test_connectivity_between_vms_on_different_networks): 200 GET http://10.4.1.3:8774/v2.1/07e46abf4eed4dec930e4fb784dc466a/servers/319504d2-ab61-4d03-bb7a-ec36b4d31b51 0.824s
2016-02-18 08:22:55,648 27836 DEBUG    [tempest_lib.common.rest_client] Request - Headers: {'Content-Type': 'application/json', 'Accept': 'application/json', 'X-Auth-Token': '&lt;omitted&gt;'}
        Body: None
    Response - Headers: {'status': '200', 'content-length': '1465', 'content-location': 'http://10.4.1.3:8774/v2.1/07e46abf4eed4dec930e4fb784dc466a/servers/319504d2-ab61-4d03-bb7a-ec36b4d31b51', 'x-compute-request-id': 'req-dcda94ca-baf4-45e7-b1e3-120d5778aebd', 'vary': 'X-OpenStack-Nova-API-Version', 'connection': 'close', 'x-openstack-nova-api-version': '2.1', 'date': 'Thu, 18 Feb 2016 08:22:55 GMT', 'content-type': 'application/json'}
        Body: {"server": {"status": "BUILD", "updated": "2016-02-18T08:22:52Z", "hostId": "57286b4216395f608c68b391c882723b7b7ae181918895f2fd3d145f", "addresses": {}, "links": [{"href": "http://10.4.1.3:8774/v2.1/07e46abf4eed4dec930e4fb784dc466a/servers/319504d2-ab61-4d03-bb7a-ec36b4d31b51", "rel": "self"}, {"href": "http://10.4.1.3:8774/07e46abf4eed4dec930e4fb784dc466a/servers/319504d2-ab61-4d03-bb7a-ec36b4d31b51", "rel": "bookmark"}], "key_name": "tempest-TestNetworkBasicOps-1243948415", "image": {"id": "06149d15-d0c7-4916-a63c-15fbab721673", "links": [{"href": "http://10.4.1.3:8774/07e46abf4eed4dec930e4fb784dc466a/images/06149d15-d0c7-4916-a63c-15fbab721673", "rel": "bookmark"}]}, "OS-EXT-STS:task_state": "spawning", "OS-EXT-STS:vm_state": "building", "OS-SRV-USG:launched_at": null, "flavor": {"id": "42", "links": [{"href": "http://10.4.1.3:8774/07e46abf4eed4dec930e4fb784dc466a/flavors/42", "rel": "bookmark"}]}, "id": "319504d2-ab61-4d03-bb7a-ec36b4d31b51", "security_groups": [{"name": "tempest-secgroup-smoke-1129992564"}], "OS-SRV-USG:terminated_at": null, "OS-EXT-AZ:availability_zone": "nova", "user_id": "2b65c6e1eaa149468a111ddab094d580", "name": "tempest-server-smoke-17981537", "created": "2016-02-18T08:22:51Z", "tenant_id": "07e46abf4eed4dec930e4fb784dc466a", "OS-DCF:diskConfig": "MANUAL", "os-extended-volumes:volumes_attached": [], "accessIPv4": "", "accessIPv6": "", "progress": 0, "OS-EXT-STS:power_state": 0, "config_drive": "", "metadata": {}}}
2016-02-18 08:22:57,369 27836 INFO     [tempest_lib.common.rest_client] Request (TestNetworkBasicOps:test_connectivity_between_vms_on_different_networks): 200 GET http://10.4.1.3:8774/v2.1/07e46abf4eed4dec930e4fb784dc466a/servers/319504d2-ab61-4d03-bb7a-ec36b4d31b51 0.703s
2016-02-18 08:22:57,370 27836 DEBUG    [tempest_lib.common.rest_client] Request - Headers: {'Content-Type': 'application/json', 'Accept': 'application/json', 'X-Auth-Token': '&lt;omitted&gt;'}
        Body: None
    Response - Headers: {'status': '200', 'content-length': '1465', 'content-location': 'http://10.4.1.3:8774/v2.1/07e46abf4eed4dec930e4fb784dc466a/servers/319504d2-ab61-4d03-bb7a-ec36b4d31b51', 'x-compute-request-id': 'req-65d87cc8-6e1e-4865-9836-8d3ec9dc0941', 'vary': 'X-OpenStack-Nova-API-Version', 'connection': 'close', 'x-openstack-nova-api-version': '2.1', 'date': 'Thu, 18 Feb 2016 08:22:57 GMT', 'content-type': 'application/json'}
        Body: {"server": {"status": "BUILD", "updated": "2016-02-18T08:22:52Z", "hostId": "57286b4216395f608c68b391c882723b7b7ae181918895f2fd3d145f", "addresses": {}, "links": [{"href": "http://10.4.1.3:8774/v2.1/07e46abf4eed4dec930e4fb784dc466a/servers/319504d2-ab61-4d03-bb7a-ec36b4d31b51", "rel": "self"}, {"href": "http://10.4.1.3:8774/07e46abf4eed4dec930e4fb784dc466a/servers/319504d2-ab61-4d03-bb7a-ec36b4d31b51", "rel": "bookmark"}], "key_name": "tempest-TestNetworkBasicOps-1243948415", "image": {"id": "06149d15-d0c7-4916-a63c-15fbab721673", "links": [{"href": "http://10.4.1.3:8774/07e46abf4eed4dec930e4fb784dc466a/images/06149d15-d0c7-4916-a63c-15fbab721673", "rel": "bookmark"}]}, "OS-EXT-STS:task_state": "spawning", "OS-EXT-STS:vm_state": "building", "OS-SRV-USG:launched_at": null, "flavor": {"id": "42", "links": [{"href": "http://10.4.1.3:8774/07e46abf4eed4dec930e4fb784dc466a/flavors/42", "rel": "bookmark"}]}, "id": "319504d2-ab61-4d03-bb7a-ec36b4d31b51", "security_groups": [{"name": "tempest-secgroup-smoke-1129992564"}], "OS-SRV-USG:terminated_at": null, "OS-EXT-AZ:availability_zone": "nova", "user_id": "2b65c6e1eaa149468a111ddab094d580", "name": "tempest-server-smoke-17981537", "created": "2016-02-18T08:22:51Z", "tenant_id": "07e46abf4eed4dec930e4fb784dc466a", "OS-DCF:diskConfig": "MANUAL", "os-extended-volumes:volumes_attached": [], "accessIPv4": "", "accessIPv6": "", "progress": 0, "OS-EXT-STS:power_state": 0, "config_drive": "", "metadata": {}}}
2016-02-18 08:22:59,091 27836 INFO     [tempest_lib.common.rest_client] Request (TestNetworkBasicOps:test_connectivity_between_vms_on_different_networks): 200 GET http://10.4.1.3:8774/v2.1/07e46abf4eed4dec930e4fb784dc466a/servers/319504d2-ab61-4d03-bb7a-ec36b4d31b51 0.712s
2016-02-18 08:22:59,092 27836 DEBUG    [tempest_lib.common.rest_client] Request - Headers: {'Content-Type': 'application/json', 'Accept': 'application/json', 'X-Auth-Token': '&lt;omitted&gt;'}
        Body: None
    Response - Headers: {'status': '200', 'content-length': '1637', 'content-location': 'http://10.4.1.3:8774/v2.1/07e46abf4eed4dec930e4fb784dc466a/servers/319504d2-ab61-4d03-bb7a-ec36b4d31b51', 'x-compute-request-id': 'req-03359b60-fd25-4406-933c-96208e8f168d', 'vary': 'X-OpenStack-Nova-API-Version', 'connection': 'close', 'x-openstack-nova-api-version': '2.1', 'date': 'Thu, 18 Feb 2016 08:22:59 GMT', 'content-type': 'application/json'}
        Body: {"server": {"status": "ACTIVE", "updated": "2016-02-18T08:22:57Z", "hostId": "57286b4216395f608c68b391c882723b7b7ae181918895f2fd3d145f", "addresses": {"tempest-network-smoke--1527909083": [{"OS-EXT-IPS-MAC:mac_addr": "fa:16:3e:b7:78:77", "version": 4, "addr": "10.100.0.3", "OS-EXT-IPS:type": "fixed"}]}, "links": [{"href": "http://10.4.1.3:8774/v2.1/07e46abf4eed4dec930e4fb784dc466a/servers/319504d2-ab61-4d03-bb7a-ec36b4d31b51", "rel": "self"}, {"href": "http://10.4.1.3:8774/07e46abf4eed4dec930e4fb784dc466a/servers/319504d2-ab61-4d03-bb7a-ec36b4d31b51", "rel": "bookmark"}], "key_name": "tempest-TestNetworkBasicOps-1243948415", "image": {"id": "06149d15-d0c7-4916-a63c-15fbab721673", "links": [{"href": "http://10.4.1.3:8774/07e46abf4eed4dec930e4fb784dc466a/images/06149d15-d0c7-4916-a63c-15fbab721673", "rel": "bookmark"}]}, "OS-EXT-STS:task_state": null, "OS-EXT-STS:vm_state": "active", "OS-SRV-USG:launched_at": "2016-02-18T08:22:57.000000", "flavor": {"id": "42", "links": [{"href": "http://10.4.1.3:8774/07e46abf4eed4dec930e4fb784dc466a/flavors/42", "rel": "bookmark"}]}, "id": "319504d2-ab61-4d03-bb7a-ec36b4d31b51", "security_groups": [{"name": "tempest-secgroup-smoke-1129992564"}], "OS-SRV-USG:terminated_at": null, "OS-EXT-AZ:availability_zone": "nova", "user_id": "2b65c6e1eaa149468a111ddab094d580", "name": "tempest-server-smoke-17981537", "created": "2016-02-18T08:22:51Z", "tenant_id": "07e46abf4eed4dec930e4fb784dc466a", "OS-DCF:diskConfig": "MANUAL", "os-extended-volumes:volumes_attached": [], "accessIPv4": "", "accessIPv6": "", "progress": 0, "OS-EXT-STS:power_state": 1, "config_drive": "True", "metadata": {}}}
2016-02-18 08:22:59,101 27836 INFO     [tempest.common.waiters] State transition "BUILD/spawning" ==&gt; "ACTIVE/None" after 7 second wait
2016-02-18 08:22:59,742 27836 INFO     [tempest_lib.common.rest_client] Request (TestNetworkBasicOps:test_connectivity_between_vms_on_different_networks): 200 GET http://10.4.1.3:8774/v2.1/07e46abf4eed4dec930e4fb784dc466a/servers/319504d2-ab61-4d03-bb7a-ec36b4d31b51 0.641s
2016-02-18 08:22:59,743 27836 DEBUG    [tempest_lib.common.rest_client] Request - Headers: {'Content-Type': 'application/json', 'Accept': 'application/json', 'X-Auth-Token': '&lt;omitted&gt;'}
        Body: None
    Response - Headers: {'status': '200', 'content-length': '1637', 'content-location': 'http://10.4.1.3:8774/v2.1/07e46abf4eed4dec930e4fb784dc466a/servers/319504d2-ab61-4d03-bb7a-ec36b4d31b51', 'x-compute-request-id': 'req-600c25eb-623f-4d3c-ab31-75182fb706b7', 'vary': 'X-OpenStack-Nova-API-Version', 'connection': 'close', 'x-openstack-nova-api-version': '2.1', 'date': 'Thu, 18 Feb 2016 08:22:59 GMT', 'content-type': 'application/json'}
        Body: {"server": {"status": "ACTIVE", "updated": "2016-02-18T08:22:57Z", "hostId": "57286b4216395f608c68b391c882723b7b7ae181918895f2fd3d145f", "addresses": {"tempest-network-smoke--1527909083": [{"OS-EXT-IPS-MAC:mac_addr": "fa:16:3e:b7:78:77", "version": 4, "addr": "10.100.0.3", "OS-EXT-IPS:type": "fixed"}]}, "links": [{"href": "http://10.4.1.3:8774/v2.1/07e46abf4eed4dec930e4fb784dc466a/servers/319504d2-ab61-4d03-bb7a-ec36b4d31b51", "rel": "self"}, {"href": "http://10.4.1.3:8774/07e46abf4eed4dec930e4fb784dc466a/servers/319504d2-ab61-4d03-bb7a-ec36b4d31b51", "rel": "bookmark"}], "key_name": "tempest-TestNetworkBasicOps-1243948415", "image": {"id": "06149d15-d0c7-4916-a63c-15fbab721673", "links": [{"href": "http://10.4.1.3:8774/07e46abf4eed4dec930e4fb784dc466a/images/06149d15-d0c7-4916-a63c-15fbab721673", "rel": "bookmark"}]}, "OS-EXT-STS:task_state": null, "OS-EXT-STS:vm_state": "active", "OS-SRV-USG:launched_at": "2016-02-18T08:22:57.000000", "flavor": {"id": "42", "links": [{"href": "http://10.4.1.3:8774/07e46abf4eed4dec930e4fb784dc466a/flavors/42", "rel": "bookmark"}]}, "id": "319504d2-ab61-4d03-bb7a-ec36b4d31b51", "security_groups": [{"name": "tempest-secgroup-smoke-1129992564"}], "OS-SRV-USG:terminated_at": null, "OS-EXT-AZ:availability_zone": "nova", "user_id": "2b65c6e1eaa149468a111ddab094d580", "name": "tempest-server-smoke-17981537", "created": "2016-02-18T08:22:51Z", "tenant_id": "07e46abf4eed4dec930e4fb784dc466a", "OS-DCF:diskConfig": "MANUAL", "os-extended-volumes:volumes_attached": [], "accessIPv4": "", "accessIPv6": "", "progress": 0, "OS-EXT-STS:power_state": 1, "config_drive": "True", "metadata": {}}}
2016-02-18 08:22:59,750 27836 INFO     [tempest.scenario.manager] Tenant networks not configured to be reachable.
2016-02-18 08:22:59,954 27836 INFO     [tempest_lib.common.rest_client] Request (TestNetworkBasicOps:test_connectivity_between_vms_on_different_networks): 200 GET http://10.4.1.3:9696/v2.0/ports?fixed_ip=None&amp;device_id=319504d2-ab61-4d03-bb7a-ec36b4d31b51 0.203s
2016-02-18 08:22:59,955 27836 DEBUG    [tempest_lib.common.rest_client] Request - Headers: {'Content-Type': 'application/json', 'Accept': 'application/json', 'X-Auth-Token': '&lt;omitted&gt;'}
        Body: None
    Response - Headers: {'status': '200', 'content-length': '755', 'content-location': 'http://10.4.1.3:9696/v2.0/ports?fixed_ip=None&amp;device_id=319504d2-ab61-4d03-bb7a-ec36b4d31b51', 'connection': 'close', 'date': 'Thu, 18 Feb 2016 08:22:59 GMT', 'content-type': 'application/json; charset=UTF-8', 'x-openstack-request-id': 'req-ce74ffa1-a816-434f-8d1c-1cb673dd4a07'}
        Body: {"ports": [{"status": "ACTIVE", "binding:host_id": "vagrant-ubuntu-trusty-64", "name": "", "allowed_address_pairs": [], "admin_state_up": true, "network_id": "603a9b5b-f859-49af-b891-45e69247dd19", "tenant_id": "07e46abf4eed4dec930e4fb784dc466a", "extra_dhcp_opts": [], "mac_address": "fa:16:3e:b7:78:77", "binding:vif_details": {"port_filter": true}, "binding:vif_type": "ovs", "device_owner": "compute:None", "binding:profile": {}, "port_security_enabled": true, "binding:vnic_type": "normal", "fixed_ips": [{"subnet_id": "43eb1c13-9d44-4656-ab64-953c98aae72c", "ip_address": "10.100.0.3"}], "id": "4878ac10-ee4a-46c4-b118-dcca7419182c", "security_groups": ["5a862f40-afe1-4c9a-bada-48e96acb2339"], "device_id": "319504d2-ab61-4d03-bb7a-ec36b4d31b51"}]}
2016-02-18 08:23:00,647 27836 INFO     [tempest_lib.common.rest_client] Request (TestNetworkBasicOps:test_connectivity_between_vms_on_different_networks): 201 POST http://10.4.1.3:9696/v2.0/floatingips 0.691s
2016-02-18 08:23:00,648 27836 DEBUG    [tempest_lib.common.rest_client] Request - Headers: {'Content-Type': 'application/json', 'Accept': 'application/json', 'X-Auth-Token': '&lt;omitted&gt;'}
        Body: {"floatingip": {"floating_network_id": "3a30148f-c810-47f7-8439-b4b91d381823", "tenant_id": "07e46abf4eed4dec930e4fb784dc466a", "fixed_ip_address": "10.100.0.3", "port_id": "4878ac10-ee4a-46c4-b118-dcca7419182c"}}
    Response - Headers: {'status': '201', 'content-length': '369', 'connection': 'close', 'date': 'Thu, 18 Feb 2016 08:23:00 GMT', 'content-type': 'application/json; charset=UTF-8', 'x-openstack-request-id': 'req-df3f19ec-f2e4-4b0a-bba8-9eca525ca20b'}
        Body: {"floatingip": {"floating_network_id": "3a30148f-c810-47f7-8439-b4b91d381823", "router_id": "92e38b67-4c28-489f-86fd-798f57ac9d21", "fixed_ip_address": "10.100.0.3", "floating_ip_address": "172.24.4.4", "tenant_id": "07e46abf4eed4dec930e4fb784dc466a", "status": "ACTIVE", "port_id": "4878ac10-ee4a-46c4-b118-dcca7419182c", "id": "27f85852-8fdb-4a46-91ee-b7b46fa25f03"}}
2016-02-18 08:23:00,845 27836 INFO     [tempest_lib.common.rest_client] Request (TestNetworkBasicOps:test_connectivity_between_vms_on_different_networks): 200 GET http://10.4.1.3:9696/v2.0/floatingips/27f85852-8fdb-4a46-91ee-b7b46fa25f03 0.196s
2016-02-18 08:23:00,846 27836 DEBUG    [tempest_lib.common.rest_client] Request - Headers: {'Content-Type': 'application/json', 'Accept': 'application/json', 'X-Auth-Token': '&lt;omitted&gt;'}
        Body: None
    Response - Headers: {'status': '200', 'content-length': '369', 'content-location': 'http://10.4.1.3:9696/v2.0/floatingips/27f85852-8fdb-4a46-91ee-b7b46fa25f03', 'connection': 'close', 'date': 'Thu, 18 Feb 2016 08:23:00 GMT', 'content-type': 'application/json; charset=UTF-8', 'x-openstack-request-id': 'req-abf13896-046d-47f6-a1f3-d803f3fd909a'}
        Body: {"floatingip": {"floating_network_id": "3a30148f-c810-47f7-8439-b4b91d381823", "router_id": "92e38b67-4c28-489f-86fd-798f57ac9d21", "fixed_ip_address": "10.100.0.3", "floating_ip_address": "172.24.4.4", "tenant_id": "07e46abf4eed4dec930e4fb784dc466a", "status": "ACTIVE", "port_id": "4878ac10-ee4a-46c4-b118-dcca7419182c", "id": "27f85852-8fdb-4a46-91ee-b7b46fa25f03"}}
2016-02-18 08:23:00,847 27836 INFO     [tempest.scenario.manager] FloatingIP: &lt;"FloatingIP" addr="172.24.4.4" id="27f85852-8fdb-4a46-91ee-b7b46fa25f03"&gt; is at status: ACTIVE
2016-02-18 08:23:00,847 27836 DEBUG    [tempest.scenario.manager] checking network connections to IP 172.24.4.4 with user: cirros
2016-02-18 08:23:00,848 27836 DEBUG    [tempest.scenario.manager] TestNetworkBasicOps:test_connectivity_between_vms_on_different_networks begins to ping 172.24.4.4 in 120 sec and the expected result is reachable
2016-02-18 08:25:01,421 27836 DEBUG    [tempest.scenario.manager] TestNetworkBasicOps:test_connectivity_between_vms_on_different_networks finishes ping 172.24.4.4 in 120 sec and the ping result is unexpected
2016-02-18 08:25:01,421 27836 ERROR    [tempest.scenario.manager] Public network connectivity check failed
2016-02-18 08:25:01.421 27836 ERROR tempest.scenario.manager Traceback (most recent call last):
2016-02-18 08:25:01.421 27836 ERROR tempest.scenario.manager   File "tempest/scenario/manager.py", line 598, in check_public_network_connectivity
2016-02-18 08:25:01.421 27836 ERROR tempest.scenario.manager     should_connect=should_connect)
2016-02-18 08:25:01.421 27836 ERROR tempest.scenario.manager   File "tempest/scenario/manager.py", line 582, in check_vm_connectivity
2016-02-18 08:25:01.421 27836 ERROR tempest.scenario.manager     msg=msg)
2016-02-18 08:25:01.421 27836 ERROR tempest.scenario.manager   File "/usr/local/lib/python2.7/dist-packages/unittest2/case.py", line 702, in assertTrue
2016-02-18 08:25:01.421 27836 ERROR tempest.scenario.manager     raise self.failureException(msg)
2016-02-18 08:25:01.421 27836 ERROR tempest.scenario.manager AssertionError: False is not true : Timed out waiting for 172.24.4.4 to become reachable
2016-02-18 08:25:01.421 27836 ERROR tempest.scenario.manager 
2016-02-18 08:25:01,822 27836 INFO     [tempest_lib.common.rest_client] Request (TestNetworkBasicOps:test_connectivity_between_vms_on_different_networks): 200 POST http://10.4.1.3:8774/v2.1/07e46abf4eed4dec930e4fb784dc466a/servers/319504d2-ab61-4d03-bb7a-ec36b4d31b51/action 0.399s
2016-02-18 08:25:01,823 27836 DEBUG    [tempest_lib.common.rest_client] Request - Headers: {'Content-Type': 'application/json', 'Accept': 'application/json', 'X-Auth-Token': '&lt;omitted&gt;'}
        Body: {"os-getConsoleOutput": {}}
    Response - Headers: {'status': '200', 'content-length': '17428', 'x-compute-request-id': 'req-7f71d4da-3a10-4d79-9716-1e0dd34c15a5', 'vary': 'X-OpenStack-Nova-API-Version', 'connection': 'close', 'x-openstack-nova-api-version': '2.1', 'date': 'Thu, 18 Feb 2016 08:25:01 GMT', 'content-type': 'application/json'}
        Body: {"output": "[    0.000000] Initializing cgroup subsys cpuset\n[    0.000000] Initializing cgroup subsys cpu\n[    0.000000] Linux version 3.2.0-80-virtual (buildd@batsu) (gcc version 4.6.3 (Ubuntu/Linaro 4.6.3-1ubuntu5) ) #116-Ubuntu SMP Mon Mar 23 17:28:52 UTC 2015 (Ubuntu 3.2.0-80.116-virtual 3.2.68)\n[    0.000000] Command line: root=/dev/vda console=tty0 console=ttyS0 no_timer_check\n[    0.000000] KERNEL supported cpus:\n[    0.000000]   Intel GenuineIntel\n[    0.000000]   AMD AuthenticAMD\n[    0.000000]   Centaur CentaurHauls\n[    0.000000] BIOS-provided physical RAM map:\n[    0.000000]  BIOS-e820: 0000000000000000 - 000000000009fc00 (usable)\n[    0.000000]  BIOS-e820: 000000000009fc00 - 00000000000a0000 (reserved)\n[    0.000000]  BIOS-e820: 00000000000f0000 - 0000000000100000 (reserved)\n[    0.000000]  BIOS-e820: 0000000000100000 - 0000000003ffe000 (usable)\n[    0.000000]  BIOS-e820: 0000000003ffe000 - 0000000004000000 (reserved)\n[    0.000000]  BIOS-e820: 00000000fffc0000 - 0000000100000000 (reserved)\n[    0.000000] NX (Execute Disable) protection: active\n[    0.000000] SMBIOS 2.4 present.\n[    0.000000] No AGP bridge found\n[    0.000000] last_pfn = 0x3ffe max_arch_pfn = 0x400000000\n[    0.000000] x86 PAT enabled: cpu 0, old 0x7040600070406, new 0x7010600070106\n[    0.000000] found SMP MP-table at [ffff8800000f0b00] f0b00\n[    0.000000] init_memory_mapping: 0000000000000000-0000000003ffe000\n[    0.000000] RAMDISK: 03c5e000 - 03ff0000\n[    0.000000] ACPI: RSDP 00000000000f0950 00014 (v00 BOCHS )\n[    0.000000] ACPI: RSDT 0000000003fffbc1 00034 (v01 BOCHS  BXPCRSDT 00000001 BXPC 00000001)\n[    0.000000] ACPI: FACP 0000000003fff1c0 00074 (v01 BOCHS  BXPCFACP 00000001 BXPC 00000001)\n[    0.000000] ACPI: DSDT 0000000003ffe040 01180 (v01 BOCHS  BXPCDSDT 00000001 BXPC 00000001)\n[    0.000000] ACPI: FACS 0000000003ffe000 00040\n[    0.000000] ACPI: SSDT 0000000003fff234 008DD (v01 BOCHS  BXPCSSDT 00000001 BXPC 00000001)\n[    0.000000] ACPI: APIC 0000000003fffb11 00078 (v01 BOCHS  BXPCAPIC 00000001 BXPC 00000001)\n[    0.000000] ACPI: HPET 0000000003fffb89 00038 (v01 BOCHS  BXPCHPET 00000001 BXPC 00000001)\n[    0.000000] No NUMA configuration found\n[    0.000000] Faking a node at 0000000000000000-0000000003ffe000\n[    0.000000] Initmem setup node 0 0000000000000000-0000000003ffe000\n[    0.000000]   NODE_DATA [0000000003ff6000 - 0000000003ffafff]\n[    0.000000] Zone PFN ranges:\n[    0.000000]   DMA      0x00000010 -&gt; 0x00001000\n[    0.000000]   DMA32    0x00001000 -&gt; 0x00100000\n[    0.000000]   Normal   empty\n[    0.000000] Movable zone start PFN for each node\n[    0.000000] early_node_map[2] active PFN ranges\n[    0.000000]     0: 0x00000010 -&gt; 0x0000009f\n[    0.000000]     0: 0x00000100 -&gt; 0x00003ffe\n[    0.000000] ACPI: PM-Timer IO Port: 0xb008\n[    0.000000] ACPI: LAPIC (acpi_id[0x00] lapic_id[0x00] enabled)\n[    0.000000] ACPI: LAPIC_NMI (acpi_id[0xff] dfl dfl lint[0x1])\n[    0.000000] ACPI: IOAPIC (id[0x00] address[0xfec00000] gsi_base[0])\n[    0.000000] IOAPIC[0]: apic_id 0, version 17, address 0xfec00000, GSI 0-23\n[    0.000000] ACPI: INT_SRC_OVR (bus 0 bus_irq 0 global_irq 2 dfl dfl)\n[    0.000000] ACPI: INT_SRC_OVR (bus 0 bus_irq 5 global_irq 5 high level)\n[    0.000000] ACPI: INT_SRC_OVR (bus 0 bus_irq 9 global_irq 9 high level)\n[    0.000000] ACPI: INT_SRC_OVR (bus 0 bus_irq 10 global_irq 10 high level)\n[    0.000000] ACPI: INT_SRC_OVR (bus 0 bus_irq 11 global_irq 11 high level)\n[    0.000000] Using ACPI (MADT) for SMP configuration information\n[    0.000000] ACPI: HPET id: 0x8086a201 base: 0xfed00000\n[    0.000000] SMP: Allowing 1 CPUs, 0 hotplug CPUs\n[    0.000000] PM: Registered nosave memory: 000000000009f000 - 00000000000a0000\n[    0.000000] PM: Registered nosave memory: 00000000000a0000 - 00000000000f0000\n[    0.000000] PM: Registered nosave memory: 00000000000f0000 - 0000000000100000\n[    0.000000] Allocating PCI resources starting at 4000000 (gap: 4000000:fbfc0000)\n[    0.000000] Booting paravirtualized kernel on bare hardware\n[    0.000000] setup_pe
2016-02-18 08:25:01,825 27836 DEBUG    [tempest.scenario.manager] Console output for 319504d2-ab61-4d03-bb7a-ec36b4d31b51
body=
[    0.000000] Initializing cgroup subsys cpuset
[    0.000000] Initializing cgroup subsys cpu
[    0.000000] Linux version 3.2.0-80-virtual (buildd@batsu) (gcc version 4.6.3 (Ubuntu/Linaro 4.6.3-1ubuntu5) ) #116-Ubuntu SMP Mon Mar 23 17:28:52 UTC 2015 (Ubuntu 3.2.0-80.116-virtual 3.2.68)
[    0.000000] Command line: root=/dev/vda console=tty0 console=ttyS0 no_timer_check
[    0.000000] KERNEL supported cpus:
[    0.000000]   Intel GenuineIntel
[    0.000000]   AMD AuthenticAMD
[    0.000000]   Centaur CentaurHauls
[    0.000000] BIOS-provided physical RAM map:
[    0.000000]  BIOS-e820: 0000000000000000 - 000000000009fc00 (usable)
[    0.000000]  BIOS-e820: 000000000009fc00 - 00000000000a0000 (reserved)
[    0.000000]  BIOS-e820: 00000000000f0000 - 0000000000100000 (reserved)
[    0.000000]  BIOS-e820: 0000000000100000 - 0000000003ffe000 (usable)
[    0.000000]  BIOS-e820: 0000000003ffe000 - 0000000004000000 (reserved)
[    0.000000]  BIOS-e820: 00000000fffc0000 - 0000000100000000 (reserved)
[    0.000000] NX (Execute Disable) protection: active
[    0.000000] SMBIOS 2.4 present.
[    0.000000] No AGP bridge found
[    0.000000] last_pfn = 0x3ffe max_arch_pfn = 0x400000000
[    0.000000] x86 PAT enabled: cpu 0, old 0x7040600070406, new 0x7010600070106
[    0.000000] found SMP MP-table at [ffff8800000f0b00] f0b00
[    0.000000] init_memory_mapping: 0000000000000000-0000000003ffe000
[    0.000000] RAMDISK: 03c5e000 - 03ff0000
[    0.000000] ACPI: RSDP 00000000000f0950 00014 (v00 BOCHS )
[    0.000000] ACPI: RSDT 0000000003fffbc1 00034 (v01 BOCHS  BXPCRSDT 00000001 BXPC 00000001)
[    0.000000] ACPI: FACP 0000000003fff1c0 00074 (v01 BOCHS  BXPCFACP 00000001 BXPC 00000001)
[    0.000000] ACPI: DSDT 0000000003ffe040 01180 (v01 BOCHS  BXPCDSDT 00000001 BXPC 00000001)
[    0.000000] ACPI: FACS 0000000003ffe000 00040
[    0.000000] ACPI: SSDT 0000000003fff234 008DD (v01 BOCHS  BXPCSSDT 00000001 BXPC 00000001)
[    0.000000] ACPI: APIC 0000000003fffb11 00078 (v01 BOCHS  BXPCAPIC 00000001 BXPC 00000001)
[    0.000000] ACPI: HPET 0000000003fffb89 00038 (v01 BOCHS  BXPCHPET 00000001 BXPC 00000001)
[    0.000000] No NUMA configuration found
[    0.000000] Faking a node at 0000000000000000-0000000003ffe000
[    0.000000] Initmem setup node 0 0000000000000000-0000000003ffe000
[    0.000000]   NODE_DATA [0000000003ff6000 - 0000000003ffafff]
[    0.000000] Zone PFN ranges:
[    0.000000]   DMA      0x00000010 -&gt; 0x00001000
[    0.000000]   DMA32    0x00001000 -&gt; 0x00100000
[    0.000000]   Normal   empty
[    0.000000] Movable zone start PFN for each node
[    0.000000] early_node_map[2] active PFN ranges
[    0.000000]     0: 0x00000010 -&gt; 0x0000009f
[    0.000000]     0: 0x00000100 -&gt; 0x00003ffe
[    0.000000] ACPI: PM-Timer IO Port: 0xb008
[    0.000000] ACPI: LAPIC (acpi_id[0x00] lapic_id[0x00] enabled)
[    0.000000] ACPI: LAPIC_NMI (acpi_id[0xff] dfl dfl lint[0x1])
[    0.000000] ACPI: IOAPIC (id[0x00] address[0xfec00000] gsi_base[0])
[    0.000000] IOAPIC[0]: apic_id 0, version 17, address 0xfec00000, GSI 0-23
[    0.000000] ACPI: INT_SRC_OVR (bus 0 bus_irq 0 global_irq 2 dfl dfl)
[    0.000000] ACPI: INT_SRC_OVR (bus 0 bus_irq 5 global_irq 5 high level)
[    0.000000] ACPI: INT_SRC_OVR (bus 0 bus_irq 9 global_irq 9 high level)
[    0.000000] ACPI: INT_SRC_OVR (bus 0 bus_irq 10 global_irq 10 high level)
[    0.000000] ACPI: INT_SRC_OVR (bus 0 bus_irq 11 global_irq 11 high level)
[    0.000000] Using ACPI (MADT) for SMP configuration information
[    0.000000] ACPI: HPET id: 0x8086a201 base: 0xfed00000
[    0.000000] SMP: Allowing 1 CPUs, 0 hotplug CPUs
[    0.000000] PM: Registered nosave memory: 000000000009f000 - 00000000000a0000
[    0.000000] PM: Registered nosave memory: 00000000000a0000 - 00000000000f0000
[    0.000000] PM: Registered nosave memory: 00000000000f0000 - 0000000000100000
[    0.000000] Allocating PCI resources starting at 4000000 (gap: 4000000:fbfc0000)
[    0.000000] Booting paravirtualized kernel on bare hardware
[    0.000000] setup_percpu: NR_CPUS:64 nr_cpumask_bits:64 nr_cpu_ids:1 nr_node_ids:1
[    0.000000] PERCPU: Embedded 27 pages/cpu @ffff880003a00000 s78848 r8192 d23552 u2097152
[    0.000000] Built 1 zonelists in Node order, mobility grouping on.  Total pages: 16008
[    0.000000] Policy zone: DMA32
[    0.000000] Kernel command line: root=/dev/vda console=tty0 console=ttyS0 no_timer_check
[    0.000000] PID hash table entries: 256 (order: -1, 2048 bytes)
[    0.000000] Checking aperture...
[    0.000000] No AGP bridge found
[    0.000000] Memory: 43492k/65528k available (6576k kernel code, 452k absent, 21584k reserved, 6620k data, 928k init)
[    0.000000] SLUB: Genslabs=15, HWalign=64, Order=0-3, MinObjects=0, CPUs=1, Nodes=1
[    0.000000] Hierarchical RCU implementation.
[    0.000000] 	RCU dyntick-idle grace-period acceleration is enabled.
[    0.000000] NR_IRQS:4352 nr_irqs:256 16
[    0.000000] Console: colour VGA+ 80x25
[    0.000000] console [tty0] enabled
[    0.000000] console [ttyS0] enabled
[    0.000000] allocated 1048576 bytes of page_cgroup
[    0.000000] please try 'cgroup_disable=memory' option if you don't want memory cgroups
[    0.000000] Fast TSC calibration failed
[    0.000000] TSC: Unable to calibrate against PIT
[    0.000000] TSC: using HPET reference calibration
[    0.000000] Detected 2292.729 MHz processor.
[    0.033558] Calibrating delay loop (skipped), value calculated using timer frequency.. 4585.45 BogoMIPS (lpj=9170916)
[    0.035512] pid_max: default: 32768 minimum: 301
[    0.047053] Security Framework initialized
[    0.054901] AppArmor: AppArmor initialized
[    0.056132] Yama: becoming mindful.
[    0.065298] Dentry cache hash table entries: 8192 (order: 4, 65536 bytes)
[    0.067053] Inode-cache hash table entries: 4096 (order: 3, 32768 bytes)
[    0.068779] Mount-cache hash table entries: 256
[    0.085983] Initializing cgroup subsys cpuacct
[    0.086881] Initializing cgroup subsys memory
[    0.088891] Initializing cgroup subsys devices
[    0.089689] Initializing cgroup subsys freezer
[    0.090851] Initializing cgroup subsys blkio
[    0.092183] Initializing cgroup subsys perf_event
[    0.097928] mce: CPU supports 10 MCE banks
[    0.102479] SMP alternatives: switching to UP code
[    0.501741] Freeing SMP alternatives: 24k freed
[    0.505353] ACPI: Core revision 20110623
[    0.565881] ftrace: allocating 26610 entries in 105 pages
[    0.601282] ..TIMER: vector=0x30 apic1=0 pin1=2 apic2=-1 pin2=-1
[    0.602704] CPU0: AMD QEMU Virtual CPU version 2.0.0 stepping 03
[    0.608037] Performance Events: Broken PMU hardware detected, using software events only.
[    0.615364] NMI watchdog disabled (cpu0): hardware events not enabled
[    0.616699] Brought up 1 CPUs
[    0.617206] Total of 1 processors activated (4585.45 BogoMIPS).
[    0.639208] devtmpfs: initialized
[    0.676775] EVM: security.selinux
[    0.677400] EVM: security.SMACK64
[    0.678183] EVM: security.capability
[    0.703445] print_constraints: dummy: 
[    0.705324] RTC time:  8:23:01, date: 02/18/16
[    0.708833] NET: Registered protocol family 16
[    0.717093] ACPI: bus type pci registered
[    0.720605] PCI: Using configuration type 1 for base access
[    0.750742] bio: create slab &lt;bio-0&gt; at 0
[    0.756204] ACPI: Added _OSI(Module Device)
[    0.756789] ACPI: Added _OSI(Processor Device)
[    0.757331] ACPI: Added _OSI(3.0 _SCP Extensions)
[    0.757923] ACPI: Added _OSI(Processor Aggregator Device)
[    0.844708] ACPI: Interpreter enabled
[    0.845845] ACPI: (supports S0 S3 S4 S5)
[    0.849036] ACPI: Using IOAPIC for interrupt routing
[    0.933443] ACPI: No dock devices found.
[    0.934079] HEST: Table not found.
[    0.934705] PCI: Using host bridge windows from ACPI; if necessary, use "pci=nocrs" and report a bug
[    0.942920] ACPI: PCI Root Bridge [PCI0] (domain 0000 [bus 00-ff])
[    0.952241] pci_root PNP0A03:00: host bridge window [io  0x0000-0x0cf7]
[    0.953058] pci_root PNP0A03:00: host bridge window [io  0x0d00-0xadff]
[    0.953868] pci_root PNP0A03:00: host bridge window [io  0xae0f-0xaeff]
[    0.954663] pci_root PNP0A03:00: host bridge window [io  0xaf20-0xafdf]
[    0.956107] pci_root PNP0A03:00: host bridge window [io  0xafe4-0xffff]
[    0.957015] pci_root PNP0A03:00: host bridge window [mem 0x000a0000-0x000bffff]
[    0.957896] pci_root PNP0A03:00: host bridge window [mem 0x04000000-0xfebfffff]
[    0.985764] pci 0000:00:01.3: quirk: [io  0xb000-0xb03f] claimed by PIIX4 ACPI
[    0.988239] pci 0000:00:01.3: quirk: [io  0xb100-0xb10f] claimed by PIIX4 SMB
[    1.066004]  pci0000:00: Unable to request _OSC control (_OSC support mask: 0x1e)
[    1.129673] ACPI: PCI Interrupt Link [LNKA] (IRQs 5 *10 11)
[    1.132713] ACPI: PCI Interrupt Link [LNKB] (IRQs 5 *10 11)
[    1.134414] ACPI: PCI Interrupt Link [LNKC] (IRQs 5 10 *11)
[    1.137479] ACPI: PCI Interrupt Link [LNKD] (IRQs 5 10 *11)
[    1.138797] ACPI: PCI Interrupt Link [LNKS] (IRQs *9)
[    1.147056] vgaarb: device added: PCI:0000:00:02.0,decodes=io+mem,owns=io+mem,locks=none
[    1.148218] vgaarb: loaded
[    1.148654] vgaarb: bridge control possible 0000:00:02.0
[    1.153790] i2c-core: driver [aat2870] using legacy suspend method
[    1.154626] i2c-core: driver [aat2870] using legacy resume method
[    1.157560] SCSI subsystem initialized
[    1.161846] usbcore: registered new interface driver usbfs
[    1.163032] usbcore: registered new interface driver hub
[    1.164775] usbcore: registered new device driver usb
[    1.169159] PCI: Using ACPI for IRQ routing
[    1.181473] NetLabel: Initializing
[    1.182432] NetLabel:  domain hash size = 128
[    1.182919] NetLabel:  protocols = UNLABELED CIPSOv4
[    1.185479] NetLabel:  unlabeled traffic allowed by default
[    1.187407] HPET: 3 timers in total, 0 timers will be used for per-cpu timer
[    1.188426] hpet0: at MMIO 0xfed00000, IRQs 2, 8, 0
[    1.189284] hpet0: 3 comparators, 64-bit 100.000000 MHz counter
[    1.203057] Switching to clocksource hpet
[    1.426196] AppArmor: AppArmor Filesystem Enabled
[    1.427762] pnp: PnP ACPI init
[    1.429085] ACPI: bus type pnp registered
[    1.450878] pnp: PnP ACPI: found 9 devices
[    1.451420] ACPI: ACPI bus type pnp unregistered
[    1.508580] NET: Registered protocol family 2
[    1.542501] IP route cache hash table entries: 512 (order: 0, 4096 bytes)
[    1.550841] TCP established hash table entries: 2048 (order: 3, 32768 bytes)
[    1.553463] TCP bind hash table entries: 2048 (order: 3, 32768 bytes)
[    1.554548] TCP: Hash tables configured (established 2048 bind 2048)
[    1.555326] TCP reno registered
[    1.556023] UDP hash table entries: 128 (order: 0, 4096 bytes)
[    1.557677] UDP-Lite hash table entries: 128 (order: 0, 4096 bytes)
[    1.560705] NET: Registered protocol family 1
[    1.561942] pci 0000:00:00.0: Limiting direct PCI/PCI transfers
[    1.562706] pci 0000:00:01.0: PIIX3: Enabling Passive Release
[    1.563707] pci 0000:00:01.0: Activating ISA DMA hang workarounds
[    1.569729] ACPI: PCI Interrupt Link [LNKD] enabled at IRQ 11
[    1.570659] pci 0000:00:01.2: PCI INT D -&gt; Link[LNKD] -&gt; GSI 11 (level, high) -&gt; IRQ 11
[    1.573812] pci 0000:00:01.2: PCI INT D disabled
[    1.593600] Trying to unpack rootfs image as initramfs...
[    1.608123] audit: initializing netlink socket (disabled)
[    1.610297] type=2000 audit(1455783781.608:1): initialized
[    1.899112] HugeTLB registered 2 MB page size, pre-allocated 0 pages
[    1.975212] VFS: Disk quotas dquot_6.5.2
[    1.977527] Dquot-cache hash table entries: 512 (order 0, 4096 bytes)
[    2.002128] fuse init (API version 7.17)
[    2.005928] msgmni has been set to 84
[    2.043305] Block layer SCSI generic (bsg) driver version 0.4 loaded (major 253)
[    2.048003] io scheduler noop registered
[    2.050352] io scheduler deadline registered (default)
[    2.053147] io scheduler cfq registered
[    2.057701] pci_hotplug: PCI Hot Plug PCI Core version: 0.5
[    2.059714] pciehp: PCI Express Hot Plug Controller Driver version: 0.4
[    2.066353] input: Power Button as /devices/LNXSYSTM:00/LNXPWRBN:00/input/input0
[    2.067930] ACPI: Power Button [PWRF]
[    2.146519] ERST: Table is not found!
[    2.147033] GHES: HEST is not enabled!
[    2.149897] ACPI: PCI Interrupt Link [LNKC] enabled at IRQ 10
[    2.150609] virtio-pci 0000:00:03.0: PCI INT A -&gt; Link[LNKC] -&gt; GSI 10 (level, high) -&gt; IRQ 10
[    2.154777] virtio-pci 0000:00:04.0: PCI INT A -&gt; Link[LNKD] -&gt; GSI 11 (level, high) -&gt; IRQ 11
[    2.170636] ACPI: PCI Interrupt Link [LNKA] enabled at IRQ 10
[    2.171212] virtio-pci 0000:00:05.0: PCI INT A -&gt; Link[LNKA] -&gt; GSI 10 (level, high) -&gt; IRQ 10
[    2.186050] Serial: 8250/16550 driver, 32 ports, IRQ sharing enabled
[    2.227356] serial8250: ttyS0 at I/O 0x3f8 (irq = 4) is a 16550A
[    2.314560] serial8250: ttyS1 at I/O 0x2f8 (irq = 3) is a 16550A
[    2.446530] 00:05: ttyS0 at I/O 0x3f8 (irq = 4) is a 16550A
[    2.524878] 00:06: ttyS1 at I/O 0x2f8 (irq = 3) is a 16550A
[    2.577333] Refined TSC clocksource calibration: 2292.782 MHz.
[    2.578141] Switching to clocksource tsc
[    2.582071] Linux agpgart interface v0.103
[    2.671324] brd: module loaded
[    2.712329] loop: module loaded
[    2.758121]  vda: unknown partition table
[    2.809941] scsi0 : ata_piix
[    2.818219] scsi1 : ata_piix
[    2.819510] ata1: PATA max MWDMA2 cmd 0x1f0 ctl 0x3f6 bmdma 0xc0a0 irq 14
[    2.821128] ata2: PATA max MWDMA2 cmd 0x170 ctl 0x376 bmdma 0xc0a8 irq 15
[    2.830937] Fixed MDIO Bus: probed
[    2.832160] tun: Universal TUN/TAP device driver, 1.6
[    2.833121] tun: (C) 1999-2004 Max Krasnyansky &lt;maxk@qualcomm.com&gt;
[    2.845445] PPP generic driver version 2.4.2
[    2.863613] ehci_hcd: USB 2.0 'Enhanced' Host Controller (EHCI) Driver
[    2.865870] ohci_hcd: USB 1.1 'Open' Host Controller (OHCI) Driver
[    2.866835] uhci_hcd: USB Universal Host Controller Interface driver
[    2.867610] uhci_hcd 0000:00:01.2: PCI INT D -&gt; Link[LNKD] -&gt; GSI 11 (level, high) -&gt; IRQ 11
[    2.871008] uhci_hcd 0000:00:01.2: UHCI Host Controller
[    2.886922] uhci_hcd 0000:00:01.2: new USB bus registered, assigned bus number 1
[    2.891276] uhci_hcd 0000:00:01.2: irq 11, io base 0x0000c040
[    2.920901] hub 1-0:1.0: USB hub found
[    2.923178] hub 1-0:1.0: 2 ports detected
[    2.928843] usbcore: registered new interface driver libusual
[    2.931789] i8042: PNP: PS/2 Controller [PNP0303:KBD,PNP0f13:MOU] at 0x60,0x64 irq 1,12
[    2.939366] serio: i8042 KBD port at 0x60,0x64 irq 1
[    2.942073] serio: i8042 AUX port at 0x60,0x64 irq 12
[    2.984698] mousedev: PS/2 mouse device common for all mice
[    2.997270] input: AT Translated Set 2 keyboard as /devices/platform/i8042/serio0/input/input1
[    3.005102] rtc_cmos 00:01: RTC can wake from S4
[    3.038766] rtc_cmos 00:01: rtc core: registered rtc_cmos as rtc0
[    3.043422] rtc0: alarms up to one day, 114 bytes nvram, hpet irqs
[    3.047350] device-mapper: uevent: version 1.0.3
[    3.071664] ata2.01: ATAPI: QEMU DVD-ROM, 2.0.0, max UDMA/100
[    3.085155] device-mapper: ioctl: 4.22.0-ioctl (2011-10-19) initialised: dm-devel@redhat.com
[    3.088917] cpuidle: using governor ladder
[    3.090237] cpuidle: using governor menu
[    3.090754] EFI Variables Facility v0.08 2004-May-17
[    3.102826] TCP cubic registered
[    3.109552] NET: Registered protocol family 10
[    3.140101] NET: Registered protocol family 17
[    3.141162] Registering the dns_resolver key type
[    3.148123] ata2.01: configured for MWDMA2
[    3.174619] scsi 1:0:1:0: CD-ROM            QEMU     QEMU DVD-ROM     2.0. PQ: 0 ANSI: 5
[    3.194405] sr0: scsi3-mmc drive: 4x/4x cd/rw xa/form2 tray
[    3.195711] cdrom: Uniform CD-ROM driver Revision: 3.20
[    3.223766] sr 1:0:1:0: Attached scsi generic sg0 type 5
[    3.273802] registered taskstats version 1
[    3.296071] Freeing initrd memory: 3656k freed
[    3.818838]   Magic number: 4:995:371
[    3.827834] rtc_cmos 00:01: setting system clock to 2016-02-18 08:23:04 UTC (1455783784)
[    3.830401] powernow-k8: Processor cpuid 663 not supported
[    3.835829] BIOS EDD facility v0.16 2004-Jun-25, 0 devices found
[    3.836485] EDD information not available.
[    3.897925] Freeing unused kernel memory: 928k freed
[    3.903020] Write protecting the kernel read-only data: 12288k
[    4.026949] Freeing unused kernel memory: 1596k freed
[    4.129324] Freeing unused kernel memory: 1184k freed

info: initramfs: up at 4.29
modprobe: module virtio_blk not found in modules.dep
modprobe: module virtio_net not found in modules.dep
info: copying initramfs to /dev/vda
info: initramfs loading root from /dev/vda
info: /etc/init.d/rc.sysinit: up at 8.84
info: container: none
Starting logging: OK
modprobe: module virtio_blk not found in modules.dep
modprobe: module virtio_net not found in modules.dep
WARN: /etc/rc3.d/S10-load-modules failed
Initializing random number generator... done.
Starting acpid: OK
cirros-ds 'local' up at 11.42
found datasource (configdrive, local)
Starting network...
udhcpc (v1.20.1) started
Sending discover...
Sending discover...

2016-02-18 08:25:02,269 27836 INFO     [tempest_lib.common.rest_client] Request (TestNetworkBasicOps:_run_cleanups): 204 DELETE http://10.4.1.3:9696/v2.0/floatingips/27f85852-8fdb-4a46-91ee-b7b46fa25f03 0.439s
2016-02-18 08:25:02,269 27836 DEBUG    [tempest_lib.common.rest_client] Request - Headers: {'Content-Type': 'application/json', 'Accept': 'application/json', 'X-Auth-Token': '&lt;omitted&gt;'}
        Body: None
    Response - Headers: {'date': 'Thu, 18 Feb 2016 08:25:02 GMT', 'status': '204', 'connection': 'close', 'content-length': '0', 'x-openstack-request-id': 'req-bdedbd09-10d2-4206-b319-bc4fa259b0dc'}
        Body: 
2016-02-18 08:25:02,663 27836 INFO     [tempest_lib.common.rest_client] Request (TestNetworkBasicOps:_run_cleanups): 204 DELETE http://10.4.1.3:8774/v2.1/07e46abf4eed4dec930e4fb784dc466a/servers/319504d2-ab61-4d03-bb7a-ec36b4d31b51 0.393s
2016-02-18 08:25:02,663 27836 DEBUG    [tempest_lib.common.rest_client] Request - Headers: {'Content-Type': 'application/json', 'Accept': 'application/json', 'X-Auth-Token': '&lt;omitted&gt;'}
        Body: None
    Response - Headers: {'status': '204', 'content-length': '0', 'x-compute-request-id': 'req-3ee7e22a-10f1-4f5a-9228-fc6e8ab87536', 'vary': 'X-OpenStack-Nova-API-Version', 'connection': 'close', 'x-openstack-nova-api-version': '2.1', 'date': 'Thu, 18 Feb 2016 08:25:02 GMT', 'content-type': 'application/json'}
        Body: 
2016-02-18 08:25:03,353 27836 INFO     [tempest_lib.common.rest_client] Request (TestNetworkBasicOps:_run_cleanups): 200 GET http://10.4.1.3:8774/v2.1/07e46abf4eed4dec930e4fb784dc466a/servers/319504d2-ab61-4d03-bb7a-ec36b4d31b51 0.689s
2016-02-18 08:25:03,353 27836 DEBUG    [tempest_lib.common.rest_client] Request - Headers: {'Content-Type': 'application/json', 'Accept': 'application/json', 'X-Auth-Token': '&lt;omitted&gt;'}
        Body: None
    Response - Headers: {'status': '200', 'content-length': '1760', 'content-location': 'http://10.4.1.3:8774/v2.1/07e46abf4eed4dec930e4fb784dc466a/servers/319504d2-ab61-4d03-bb7a-ec36b4d31b51', 'x-compute-request-id': 'req-e97d9a32-e56a-416c-8014-d27e751e7dfb', 'vary': 'X-OpenStack-Nova-API-Version', 'connection': 'close', 'x-openstack-nova-api-version': '2.1', 'date': 'Thu, 18 Feb 2016 08:25:03 GMT', 'content-type': 'application/json'}
        Body: {"server": {"status": "ACTIVE", "updated": "2016-02-18T08:25:02Z", "hostId": "57286b4216395f608c68b391c882723b7b7ae181918895f2fd3d145f", "addresses": {"tempest-network-smoke--1527909083": [{"OS-EXT-IPS-MAC:mac_addr": "fa:16:3e:b7:78:77", "version": 4, "addr": "10.100.0.3", "OS-EXT-IPS:type": "fixed"}, {"OS-EXT-IPS-MAC:mac_addr": "fa:16:3e:b7:78:77", "version": 4, "addr": "172.24.4.4", "OS-EXT-IPS:type": "floating"}]}, "links": [{"href": "http://10.4.1.3:8774/v2.1/07e46abf4eed4dec930e4fb784dc466a/servers/319504d2-ab61-4d03-bb7a-ec36b4d31b51", "rel": "self"}, {"href": "http://10.4.1.3:8774/07e46abf4eed4dec930e4fb784dc466a/servers/319504d2-ab61-4d03-bb7a-ec36b4d31b51", "rel": "bookmark"}], "key_name": "tempest-TestNetworkBasicOps-1243948415", "image": {"id": "06149d15-d0c7-4916-a63c-15fbab721673", "links": [{"href": "http://10.4.1.3:8774/07e46abf4eed4dec930e4fb784dc466a/images/06149d15-d0c7-4916-a63c-15fbab721673", "rel": "bookmark"}]}, "OS-EXT-STS:task_state": "deleting", "OS-EXT-STS:vm_state": "active", "OS-SRV-USG:launched_at": "2016-02-18T08:22:57.000000", "flavor": {"id": "42", "links": [{"href": "http://10.4.1.3:8774/07e46abf4eed4dec930e4fb784dc466a/flavors/42", "rel": "bookmark"}]}, "id": "319504d2-ab61-4d03-bb7a-ec36b4d31b51", "security_groups": [{"name": "tempest-secgroup-smoke-1129992564"}], "OS-SRV-USG:terminated_at": null, "OS-EXT-AZ:availability_zone": "nova", "user_id": "2b65c6e1eaa149468a111ddab094d580", "name": "tempest-server-smoke-17981537", "created": "2016-02-18T08:22:51Z", "tenant_id": "07e46abf4eed4dec930e4fb784dc466a", "OS-DCF:diskConfig": "MANUAL", "os-extended-volumes:volumes_attached": [], "accessIPv4": "", "accessIPv6": "", "progress": 0, "OS-EXT-STS:power_state": 1, "config_drive": "True", "metadata": {}}}
2016-02-18 08:25:04,643 27836 INFO     [tempest_lib.common.rest_client] Request (TestNetworkBasicOps:_run_cleanups): 404 GET http://10.4.1.3:8774/v2.1/07e46abf4eed4dec930e4fb784dc466a/servers/319504d2-ab61-4d03-bb7a-ec36b4d31b51 0.279s
2016-02-18 08:25:04,644 27836 DEBUG    [tempest_lib.common.rest_client] Request - Headers: {'Content-Type': 'application/json', 'Accept': 'application/json', 'X-Auth-Token': '&lt;omitted&gt;'}
        Body: None
    Response - Headers: {'status': '404', 'content-length': '111', 'x-compute-request-id': 'req-b47ac45f-f75f-4cdb-a648-3233973934c9', 'vary': 'X-OpenStack-Nova-API-Version', 'connection': 'close', 'x-openstack-nova-api-version': '2.1', 'date': 'Thu, 18 Feb 2016 08:25:04 GMT', 'content-type': 'application/json; charset=UTF-8'}
        Body: {"itemNotFound": {"message": "Instance 319504d2-ab61-4d03-bb7a-ec36b4d31b51 could not be found.", "code": 404}}
2016-02-18 08:25:04,847 27836 INFO     [tempest_lib.common.rest_client] Request (TestNetworkBasicOps:_run_cleanups): 202 DELETE http://10.4.1.3:8774/v2.1/07e46abf4eed4dec930e4fb784dc466a/os-keypairs/tempest-TestNetworkBasicOps-1243948415 0.201s
2016-02-18 08:25:04,848 27836 DEBUG    [tempest_lib.common.rest_client] Request - Headers: {'Content-Type': 'application/json', 'Accept': 'application/json', 'X-Auth-Token': '&lt;omitted&gt;'}
        Body: None
    Response - Headers: {'status': '202', 'content-length': '0', 'x-compute-request-id': 'req-7d97c606-f773-4eaf-afa8-b9b773b8ac0a', 'vary': 'X-OpenStack-Nova-API-Version', 'connection': 'close', 'x-openstack-nova-api-version': '2.1', 'date': 'Thu, 18 Feb 2016 08:25:04 GMT', 'content-type': 'application/json'}
        Body: 
2016-02-18 08:25:05,562 27836 INFO     [tempest_lib.common.rest_client] Request (TestNetworkBasicOps:_run_cleanups): 500 PUT http://10.4.1.3:9696/v2.0/routers/92e38b67-4c28-489f-86fd-798f57ac9d21/remove_router_interface 0.712s
2016-02-18 08:25:05,562 27836 DEBUG    [tempest_lib.common.rest_client] Request - Headers: {'Content-Type': 'application/json', 'Accept': 'application/json', 'X-Auth-Token': '&lt;omitted&gt;'}
        Body: {"subnet_id": "43eb1c13-9d44-4656-ab64-953c98aae72c"}
    Response - Headers: {'status': '500', 'content-length': '150', 'connection': 'close', 'date': 'Thu, 18 Feb 2016 08:25:05 GMT', 'content-type': 'application/json; charset=UTF-8', 'x-openstack-request-id': 'req-31086da5-f312-4c7f-9014-b98536972bbd'}
        Body: {"NeutronError": {"message": "Request Failed: internal server error while processing your request.", "type": "HTTPInternalServerError", "detail": ""}}
2016-02-18 08:25:05,842 27836 INFO     [tempest_lib.common.rest_client] Request (TestNetworkBasicOps:_run_cleanups): 200 GET http://10.4.1.3:9696/v2.0/routers/92e38b67-4c28-489f-86fd-798f57ac9d21 0.275s
2016-02-18 08:25:05,842 27836 DEBUG    [tempest_lib.common.rest_client] Request - Headers: {'Content-Type': 'application/json', 'Accept': 'application/json', 'X-Auth-Token': '&lt;omitted&gt;'}
        Body: None
    Response - Headers: {'status': '200', 'content-length': '501', 'content-location': 'http://10.4.1.3:9696/v2.0/routers/92e38b67-4c28-489f-86fd-798f57ac9d21', 'connection': 'close', 'date': 'Thu, 18 Feb 2016 08:25:05 GMT', 'content-type': 'application/json; charset=UTF-8', 'x-openstack-request-id': 'req-44e1e86d-e19b-44f1-a79b-e38de94b9c41'}
        Body: {"router": {"status": "ACTIVE", "external_gateway_info": {"network_id": "3a30148f-c810-47f7-8439-b4b91d381823", "enable_snat": true, "external_fixed_ips": [{"subnet_id": "c7c9fc81-9ba6-4b40-b03e-a5fde9a351c5", "ip_address": "172.24.4.3"}, {"subnet_id": "47834147-e463-4b89-b1df-6436c45538a8", "ip_address": "2001:db8::3"}]}, "name": "tempest-router-smoke-1329103781", "admin_state_up": true, "tenant_id": "07e46abf4eed4dec930e4fb784dc466a", "routes": [], "id": "92e38b67-4c28-489f-86fd-798f57ac9d21"}}
2016-02-18 08:25:06,439 27836 INFO     [tempest_lib.common.rest_client] Request (TestNetworkBasicOps:_run_cleanups): 200 PUT http://10.4.1.3:9696/v2.0/routers/92e38b67-4c28-489f-86fd-798f57ac9d21 0.595s
2016-02-18 08:25:06,439 27836 DEBUG    [tempest_lib.common.rest_client] Request - Headers: {'Content-Type': 'application/json', 'Accept': 'application/json', 'X-Auth-Token': '&lt;omitted&gt;'}
        Body: {"router": {"external_gateway_info": {}, "name": "tempest-router-smoke-1329103781", "admin_state_up": true}}
    Response - Headers: {'status': '200', 'content-length': '239', 'connection': 'close', 'date': 'Thu, 18 Feb 2016 08:25:06 GMT', 'content-type': 'application/json; charset=UTF-8', 'x-openstack-request-id': 'req-d3780a5f-c91b-4104-8a3e-cad7acc52d8d'}
        Body: {"router": {"status": "ACTIVE", "external_gateway_info": null, "name": "tempest-router-smoke-1329103781", "admin_state_up": true, "tenant_id": "07e46abf4eed4dec930e4fb784dc466a", "routes": [], "id": "92e38b67-4c28-489f-86fd-798f57ac9d21"}}
2016-02-18 08:25:06,946 27836 INFO     [tempest_lib.common.rest_client] Request (TestNetworkBasicOps:_run_cleanups): 500 DELETE http://10.4.1.3:9696/v2.0/routers/92e38b67-4c28-489f-86fd-798f57ac9d21 0.505s
2016-02-18 08:25:06,947 27836 DEBUG    [tempest_lib.common.rest_client] Request - Headers: {'Content-Type': 'application/json', 'Accept': 'application/json', 'X-Auth-Token': '&lt;omitted&gt;'}
        Body: None
    Response - Headers: {'status': '500', 'content-length': '150', 'connection': 'close', 'date': 'Thu, 18 Feb 2016 08:25:06 GMT', 'content-type': 'application/json; charset=UTF-8', 'x-openstack-request-id': 'req-9a1914cf-b623-432a-96a4-03f24127d732'}
        Body: {"NeutronError": {"message": "Request Failed: internal server error while processing your request.", "type": "HTTPInternalServerError", "detail": ""}}
2016-02-18 08:25:07,657 27836 INFO     [tempest_lib.common.rest_client] Request (TestNetworkBasicOps:_run_cleanups): 204 DELETE http://10.4.1.3:9696/v2.0/networks/603a9b5b-f859-49af-b891-45e69247dd19 0.708s
2016-02-18 08:25:07,658 27836 DEBUG    [tempest_lib.common.rest_client] Request - Headers: {'Content-Type': 'application/json', 'Accept': 'application/json', 'X-Auth-Token': '&lt;omitted&gt;'}
        Body: None
    Response - Headers: {'date': 'Thu, 18 Feb 2016 08:25:07 GMT', 'status': '204', 'connection': 'close', 'content-length': '0', 'x-openstack-request-id': 'req-b11bc321-718c-4963-9daf-da27ff7468f3'}
        Body: 
2016-02-18 08:25:07,944 27836 INFO     [tempest_lib.common.rest_client] Request (TestNetworkBasicOps:_run_cleanups): 204 DELETE http://10.4.1.3:9696/v2.0/security-groups/5a862f40-afe1-4c9a-bada-48e96acb2339 0.284s
2016-02-18 08:25:07,944 27836 DEBUG    [tempest_lib.common.rest_client] Request - Headers: {'Content-Type': 'application/json', 'Accept': 'application/json', 'X-Auth-Token': '&lt;omitted&gt;'}
        Body: None
    Response - Headers: {'date': 'Thu, 18 Feb 2016 08:25:07 GMT', 'status': '204', 'connection': 'close', 'content-length': '0', 'x-openstack-request-id': 'req-5a188c82-3ef5-40a1-a61e-42c3262fed2c'}
        Body: 
2016-02-18 08:25:08,239 27836 INFO     [tempest_lib.common.rest_client] Request (TestNetworkBasicOps:_run_cleanups): 404 GET http://10.4.1.3:8774/v2.1/07e46abf4eed4dec930e4fb784dc466a/servers/319504d2-ab61-4d03-bb7a-ec36b4d31b51 0.293s
2016-02-18 08:25:08,240 27836 DEBUG    [tempest_lib.common.rest_client] Request - Headers: {'Content-Type': 'application/json', 'Accept': 'application/json', 'X-Auth-Token': '&lt;omitted&gt;'}
        Body: None
    Response - Headers: {'status': '404', 'content-length': '111', 'x-compute-request-id': 'req-e218957b-d5c2-400f-bf1d-6d43f7bfb6e7', 'vary': 'X-OpenStack-Nova-API-Version', 'connection': 'close', 'x-openstack-nova-api-version': '2.1', 'date': 'Thu, 18 Feb 2016 08:25:08 GMT', 'content-type': 'application/json; charset=UTF-8'}
        Body: {"itemNotFound": {"message": "Instance 319504d2-ab61-4d03-bb7a-ec36b4d31b51 could not be found.", "code": 404}}
}}}

traceback-1: {{{
Traceback (most recent call last):
  File "tempest/scenario/manager.py", line 108, in delete_wrapper
    delete_thing(*args, **kwargs)
  File "tempest/services/network/resources.py", line 98, in delete
    subnet_id=self.id)
  File "tempest/services/network/json/network_client.py", line 199, in remove_router_interface
    return self.update_resource(uri, kwargs)
  File "tempest/services/network/json/base.py", line 68, in update_resource
    resp, body = self.put(req_uri, req_post_data)
  File "/usr/local/lib/python2.7/dist-packages/tempest_lib/common/rest_client.py", line 322, in put
    return self.request('PUT', url, extra_headers, headers, body)
  File "/usr/local/lib/python2.7/dist-packages/tempest_lib/common/rest_client.py", line 642, in request
    resp, resp_body)
  File "/usr/local/lib/python2.7/dist-packages/tempest_lib/common/rest_client.py", line 761, in _error_checker
    message=message)
tempest_lib.exceptions.ServerFault: Got server fault
Details: Request Failed: internal server error while processing your request.
}}}

traceback-2: {{{
Traceback (most recent call last):
  File "tempest/scenario/manager.py", line 108, in delete_wrapper
    delete_thing(*args, **kwargs)
  File "tempest/services/network/resources.py", line 119, in delete
    self.client.delete_router(self.id)
  File "tempest/services/network/json/network_client.py", line 169, in delete_router
    return self.delete_resource(uri)
  File "tempest/services/network/json/base.py", line 41, in delete_resource
    resp, body = self.delete(req_uri)
  File "/usr/local/lib/python2.7/dist-packages/tempest_lib/common/rest_client.py", line 290, in delete
    return self.request('DELETE', url, extra_headers, headers, body)
  File "/usr/local/lib/python2.7/dist-packages/tempest_lib/common/rest_client.py", line 642, in request
    resp, resp_body)
  File "/usr/local/lib/python2.7/dist-packages/tempest_lib/common/rest_client.py", line 761, in _error_checker
    message=message)
tempest_lib.exceptions.ServerFault: Got server fault
Details: Request Failed: internal server error while processing your request.
}}}

Traceback (most recent call last):
  File "tempest/test.py", line 113, in wrapper
    return f(self, *func_args, **func_kwargs)
  File "tempest/scenario/test_network_basic_ops.py", line 445, in test_connectivity_between_vms_on_different_networks
    self.check_public_network_connectivity(should_connect=True)
  File "tempest/scenario/test_network_basic_ops.py", line 212, in check_public_network_connectivity
    self.servers)
  File "tempest/scenario/manager.py", line 598, in check_public_network_connectivity
    should_connect=should_connect)
  File "tempest/scenario/manager.py", line 582, in check_vm_connectivity
    msg=msg)
  File "/usr/local/lib/python2.7/dist-packages/unittest2/case.py", line 702, in assertTrue
    raise self.failureException(msg)
AssertionError: False is not true : Timed out waiting for 172.24.4.4 to become reachable



        </pre>
    </div>
    <!--css div popup end-->

    </td>
</tr>

<tr id='ft1.2' class='none'>
    <td class='failCase'><div class='testcase'>test_hotplug_nic[compute,id-c5adff73-e961-41f1-b4a9-343614f18cfa,network]</div></td>
    <td colspan='7' align='left'>

    <!--css div popup start-->
    <a class="popup_link" onfocus='this.blur();'
    href="javascript:showTestDetail('div_ft1.2')" >
        fail</a>

    <div id='div_ft1.2' class="popup_window">
        <div style='text-align: right; color:red;cursor:pointer'>
        <a onfocus='this.blur();'
onclick="document.getElementById('div_ft1.2').style.display = 'none' " >
           [x]</a>
        </div>
        <pre>
        
ft1.2: tempest.scenario.test_network_basic_ops.TestNetworkBasicOps.test_hotplug_nic[compute,id-c5adff73-e961-41f1-b4a9-343614f18cfa,network]_StringException: Empty attachments:
  stderr
  stdout

pythonlogging:'': {{{
2016-02-18 08:25:08,590 27836 INFO     [tempest_lib.common.rest_client] Request (TestNetworkBasicOps:test_hotplug_nic): 201 POST http://10.4.1.3:9696/v2.0/security-groups 0.324s
