<?xml version="1.0" encoding="UTF-8"?>
<!DOCTYPE html PUBLIC "-//W3C//DTD XHTML 1.0 Strict//EN"
     "http://www.w3.org/TR/xhtml1/DTD/xhtml1-strict.dtd">
<html xmlns="http://www.w3.org/1999/xhtml">
<head>
    <title>Unit Test Report</title>
    <meta name="generator" content="subunit2html 0.1"/>
    <meta http-equiv="Content-Type" content="text/html; charset=UTF-8"/>
    
<style type="text/css" media="screen">
body        { font-family: verdana, arial, helvetica, sans-serif;
    font-size: 80%; }
table       { font-size: 100%; width: 100%;}
pre         { font-size: 80%; }

/* -- heading -------------------------------------------------------------- */
h1 {
        font-size: 16pt;
        color: gray;
}
.heading {
    margin-top: 0ex;
    margin-bottom: 1ex;
}

.heading .attribute {
    margin-top: 1ex;
    margin-bottom: 0;
}

.heading .description {
    margin-top: 4ex;
    margin-bottom: 6ex;
}

/* -- css div popup -------------------------------------------------------- */
a.popup_link {
}

a.popup_link:hover {
    color: red;
}

.popup_window {
    display: none;
    overflow-x: scroll;
    /*border: solid #627173 1px; */
    padding: 10px;
    background-color: #E6E6D6;
    font-family: "Ubuntu Mono", "Lucida Console", "Courier New", monospace;
    text-align: left;
    font-size: 8pt;
}

}
/* -- report --------------------------------------------------------------- */
#show_detail_line {
    margin-top: 3ex;
    margin-bottom: 1ex;
}
#result_table {
    width: 100%;
    border-collapse: collapse;
    border: 1px solid #777;
}
#header_row {
    font-weight: bold;
    color: white;
    background-color: #777;
}
#result_table td {
    border: 1px solid #777;
    padding: 2px;
}
#total_row  { font-weight: bold; }
.passClass  { background-color: #6c6; }
.failClass  { background-color: #c60; }
.errorClass { background-color: #c00; }
.passCase   { color: #6c6; }
.failCase   { color: #c60; font-weight: bold; }
.errorCase  { color: #c00; font-weight: bold; }
.hiddenRow  { display: none; }
.testcase   { margin-left: 2em; }
td.testname {width: 40%}
td.small {width: 40px}

/* -- ending --------------------------------------------------------------- */
#ending {
}

</style>

</head>
<body>
<script language="javascript" type="text/javascript"><!--
output_list = Array();

/* level - 0:Summary; 1:Failed; 2:All */
function showCase(level) {
    trs = document.getElementsByTagName("tr");
    for (var i = 0; i < trs.length; i++) {
        tr = trs[i];
        id = tr.id;
        if (id.substr(0,2) == 'ft') {
            if (level < 1) {
                tr.className = 'hiddenRow';
            }
            else {
                tr.className = '';
            }
        }
        if (id.substr(0,2) == 'pt') {
            if (level > 1) {
                tr.className = '';
            }
            else {
                tr.className = 'hiddenRow';
            }
        }
    }
}


function showClassDetail(cid, count) {
    var id_list = Array(count);
    var toHide = 1;
    for (var i = 0; i < count; i++) {
        tid0 = 't' + cid.substr(1) + '.' + (i+1);
        tid = 'f' + tid0;
        tr = document.getElementById(tid);
        if (!tr) {
            tid = 'p' + tid0;
            tr = document.getElementById(tid);
        }
        id_list[i] = tid;
        if (tr.className) {
            toHide = 0;
        }
    }
    for (var i = 0; i < count; i++) {
        tid = id_list[i];
        if (toHide) {
            document.getElementById('div_'+tid).style.display = 'none'
            document.getElementById(tid).className = 'hiddenRow';
        }
        else {
            document.getElementById(tid).className = '';
        }
    }
}


function showTestDetail(div_id){
    var details_div = document.getElementById(div_id)
    var displayState = details_div.style.display
    // alert(displayState)
    if (displayState != 'block' ) {
        displayState = 'block'
        details_div.style.display = 'block'
    }
    else {
        details_div.style.display = 'none'
    }
}


function html_escape(s) {
    s = s.replace(/&/g,'&amp;');
    s = s.replace(/</g,'&lt;');
    s = s.replace(/>/g,'&gt;');
    return s;
}

/* obsoleted by detail in <div>
function showOutput(id, name) {
    var w = window.open("", //url
                    name,
                    "resizable,scrollbars,status,width=800,height=450");
    d = w.document;
    d.write("<pre>");
    d.write(html_escape(output_list[id]));
    d.write("\n");
    d.write("<a href='javascript:window.close()'>close</a>\n");
    d.write("</pre>\n");
    d.close();
}
*/
--></script>

<div class='heading'>
<h1>Unit Test Report</h1>

<p class='attribute'><strong>Status:</strong> Failure 8 Skip 1</p>

<p class='description'></p>
</div>



<p id='show_detail_line'>Show
<a href='javascript:showCase(0)'>Summary</a>
<a href='javascript:showCase(1)'>Failed</a>
<a href='javascript:showCase(2)'>All</a>
</p>
<table id='result_table'>
<colgroup>
<col align='left' />
<col align='right' />
<col align='right' />
<col align='right' />
<col align='right' />
<col align='right' />
<col align='right' />
<col align='right' />
</colgroup>
<tr id='header_row'>
    <td>Test Group/Test case</td>
    <td>Count</td>
    <td>Pass</td>
    <td>Fail</td>
    <td>Error</td>
    <td>Skip</td>
    <td>View</td>
    <td> </td>
</tr>

<tr class='failClass'>
    <td class="testname">tempest.scenario.test_network_basic_ops.TestNetworkBasicOps</td>
    <td class="small">9</td>
    <td class="small">0</td>
    <td class="small">8</td>
    <td class="small">0</td>
    <td class="small">1</td>
    <td class="small"><a href="javascript:showClassDetail('c1',9)"
>Detail</a></td>
    <td> </td>
</tr>

<tr id='ft1.1' class='none'>
    <td class='failCase'><div class='testcase'>test_connectivity_between_vms_on_different_networks[compute,id-1546850e-fbaa-42f5-8b5f-03d8a6a95f15,network]</div></td>
    <td colspan='7' align='left'>

    <!--css div popup start-->
    <a class="popup_link" onfocus='this.blur();'
    href="javascript:showTestDetail('div_ft1.1')" >
        fail</a>

    <div id='div_ft1.1' class="popup_window">
        <div style='text-align: right; color:red;cursor:pointer'>
        <a onfocus='this.blur();'
onclick="document.getElementById('div_ft1.1').style.display = 'none' " >
           [x]</a>
        </div>
        <pre>
        
ft1.1: tempest.scenario.test_network_basic_ops.TestNetworkBasicOps.test_connectivity_between_vms_on_different_networks[compute,id-1546850e-fbaa-42f5-8b5f-03d8a6a95f15,network]_StringException: Empty attachments:
  stderr
  stdout

pythonlogging:'': {{{
2016-02-17 22:32:47,846 28257 INFO     [tempest_lib.common.rest_client] Request (TestNetworkBasicOps:test_connectivity_between_vms_on_different_networks): 201 POST http://10.4.1.3:9696/v2.0/security-groups 0.413s
2016-02-17 22:32:47,846 28257 DEBUG    [tempest_lib.common.rest_client] Request - Headers: {'Content-Type': 'application/json', 'Accept': 'application/json', 'X-Auth-Token': '&lt;omitted&gt;'}
        Body: {"security_group": {"tenant_id": "22b311350e5b43ffbb4612cd935328ac", "description": "tempest-secgroup-smoke-1913728541 description", "name": "tempest-secgroup-smoke-1913728541"}}
    Response - Headers: {'status': '201', 'content-length': '888', 'connection': 'close', 'date': 'Wed, 17 Feb 2016 22:32:47 GMT', 'content-type': 'application/json; charset=UTF-8', 'x-openstack-request-id': 'req-2c2a5a3e-af7c-4733-aafc-7fad42d63f2d'}
        Body: {"security_group": {"tenant_id": "22b311350e5b43ffbb4612cd935328ac", "description": "tempest-secgroup-smoke-1913728541 description", "id": "9e4f2e12-5d13-45da-9168-5a564ae978ba", "security_group_rules": [{"remote_group_id": null, "direction": "egress", "remote_ip_prefix": null, "protocol": null, "ethertype": "IPv4", "tenant_id": "22b311350e5b43ffbb4612cd935328ac", "port_range_max": null, "port_range_min": null, "id": "c7542d82-e00d-4875-b395-3ae15ec0884f", "security_group_id": "9e4f2e12-5d13-45da-9168-5a564ae978ba"}, {"remote_group_id": null, "direction": "egress", "remote_ip_prefix": null, "protocol": null, "ethertype": "IPv6", "tenant_id": "22b311350e5b43ffbb4612cd935328ac", "port_range_max": null, "port_range_min": null, "id": "db3a50d8-fb22-4d58-98b8-257762f89186", "security_group_id": "9e4f2e12-5d13-45da-9168-5a564ae978ba"}], "name": "tempest-secgroup-smoke-1913728541"}}
2016-02-17 22:32:48,143 28257 INFO     [tempest_lib.common.rest_client] Request (TestNetworkBasicOps:test_connectivity_between_vms_on_different_networks): 201 POST http://10.4.1.3:9696/v2.0/security-group-rules 0.296s
2016-02-17 22:32:48,144 28257 DEBUG    [tempest_lib.common.rest_client] Request - Headers: {'Content-Type': 'application/json', 'Accept': 'application/json', 'X-Auth-Token': '&lt;omitted&gt;'}
        Body: {"security_group_rule": {"direction": "ingress", "protocol": "tcp", "tenant_id": "22b311350e5b43ffbb4612cd935328ac", "port_range_max": 22, "security_group_id": "9e4f2e12-5d13-45da-9168-5a564ae978ba", "port_range_min": 22}}
    Response - Headers: {'status': '201', 'content-length': '340', 'connection': 'close', 'date': 'Wed, 17 Feb 2016 22:32:48 GMT', 'content-type': 'application/json; charset=UTF-8', 'x-openstack-request-id': 'req-ed9cc9f3-60db-4825-b96a-9c0bd0d4658a'}
        Body: {"security_group_rule": {"remote_group_id": null, "direction": "ingress", "remote_ip_prefix": null, "protocol": "tcp", "ethertype": "IPv4", "tenant_id": "22b311350e5b43ffbb4612cd935328ac", "port_range_max": 22, "port_range_min": 22, "id": "b617980c-0569-4143-a6e7-4b83695df8dd", "security_group_id": "9e4f2e12-5d13-45da-9168-5a564ae978ba"}}
2016-02-17 22:32:48,488 28257 INFO     [tempest_lib.common.rest_client] Request (TestNetworkBasicOps:test_connectivity_between_vms_on_different_networks): 201 POST http://10.4.1.3:9696/v2.0/security-group-rules 0.343s
2016-02-17 22:32:48,489 28257 DEBUG    [tempest_lib.common.rest_client] Request - Headers: {'Content-Type': 'application/json', 'Accept': 'application/json', 'X-Auth-Token': '&lt;omitted&gt;'}
        Body: {"security_group_rule": {"direction": "egress", "protocol": "tcp", "tenant_id": "22b311350e5b43ffbb4612cd935328ac", "port_range_max": 22, "security_group_id": "9e4f2e12-5d13-45da-9168-5a564ae978ba", "port_range_min": 22}}
    Response - Headers: {'status': '201', 'content-length': '339', 'connection': 'close', 'date': 'Wed, 17 Feb 2016 22:32:48 GMT', 'content-type': 'application/json; charset=UTF-8', 'x-openstack-request-id': 'req-4955eec8-6753-4661-9041-28f551ce36f7'}
        Body: {"security_group_rule": {"remote_group_id": null, "direction": "egress", "remote_ip_prefix": null, "protocol": "tcp", "ethertype": "IPv4", "tenant_id": "22b311350e5b43ffbb4612cd935328ac", "port_range_max": 22, "port_range_min": 22, "id": "74da8ad2-12a8-4365-8960-0a63bee3f977", "security_group_id": "9e4f2e12-5d13-45da-9168-5a564ae978ba"}}
2016-02-17 22:32:48,818 28257 INFO     [tempest_lib.common.rest_client] Request (TestNetworkBasicOps:test_connectivity_between_vms_on_different_networks): 201 POST http://10.4.1.3:9696/v2.0/security-group-rules 0.328s
2016-02-17 22:32:48,819 28257 DEBUG    [tempest_lib.common.rest_client] Request - Headers: {'Content-Type': 'application/json', 'Accept': 'application/json', 'X-Auth-Token': '&lt;omitted&gt;'}
        Body: {"security_group_rule": {"tenant_id": "22b311350e5b43ffbb4612cd935328ac", "direction": "ingress", "protocol": "icmp", "security_group_id": "9e4f2e12-5d13-45da-9168-5a564ae978ba"}}
    Response - Headers: {'status': '201', 'content-length': '345', 'connection': 'close', 'date': 'Wed, 17 Feb 2016 22:32:48 GMT', 'content-type': 'application/json; charset=UTF-8', 'x-openstack-request-id': 'req-33826864-0668-4b61-8ae2-3cbbc32fc5ee'}
        Body: {"security_group_rule": {"remote_group_id": null, "direction": "ingress", "remote_ip_prefix": null, "protocol": "icmp", "ethertype": "IPv4", "tenant_id": "22b311350e5b43ffbb4612cd935328ac", "port_range_max": null, "port_range_min": null, "id": "6f8b6b4a-0f6b-4494-9ea1-61508a36332f", "security_group_id": "9e4f2e12-5d13-45da-9168-5a564ae978ba"}}
2016-02-17 22:32:49,147 28257 INFO     [tempest_lib.common.rest_client] Request (TestNetworkBasicOps:test_connectivity_between_vms_on_different_networks): 201 POST http://10.4.1.3:9696/v2.0/security-group-rules 0.327s
2016-02-17 22:32:49,147 28257 DEBUG    [tempest_lib.common.rest_client] Request - Headers: {'Content-Type': 'application/json', 'Accept': 'application/json', 'X-Auth-Token': '&lt;omitted&gt;'}
        Body: {"security_group_rule": {"tenant_id": "22b311350e5b43ffbb4612cd935328ac", "direction": "egress", "protocol": "icmp", "security_group_id": "9e4f2e12-5d13-45da-9168-5a564ae978ba"}}
    Response - Headers: {'status': '201', 'content-length': '344', 'connection': 'close', 'date': 'Wed, 17 Feb 2016 22:32:49 GMT', 'content-type': 'application/json; charset=UTF-8', 'x-openstack-request-id': 'req-3f626e54-cdee-4d46-ba9e-6db640621c51'}
        Body: {"security_group_rule": {"remote_group_id": null, "direction": "egress", "remote_ip_prefix": null, "protocol": "icmp", "ethertype": "IPv4", "tenant_id": "22b311350e5b43ffbb4612cd935328ac", "port_range_max": null, "port_range_min": null, "id": "a1be438a-fb9e-4326-85df-0e06b197dca6", "security_group_id": "9e4f2e12-5d13-45da-9168-5a564ae978ba"}}
2016-02-17 22:32:49,463 28257 INFO     [tempest_lib.common.rest_client] Request (TestNetworkBasicOps:test_connectivity_between_vms_on_different_networks): 201 POST http://10.4.1.3:9696/v2.0/security-group-rules 0.315s
2016-02-17 22:32:49,463 28257 DEBUG    [tempest_lib.common.rest_client] Request - Headers: {'Content-Type': 'application/json', 'Accept': 'application/json', 'X-Auth-Token': '&lt;omitted&gt;'}
        Body: {"security_group_rule": {"tenant_id": "22b311350e5b43ffbb4612cd935328ac", "direction": "ingress", "security_group_id": "9e4f2e12-5d13-45da-9168-5a564ae978ba", "protocol": "icmp", "ethertype": "IPv6"}}
    Response - Headers: {'status': '201', 'content-length': '345', 'connection': 'close', 'date': 'Wed, 17 Feb 2016 22:32:49 GMT', 'content-type': 'application/json; charset=UTF-8', 'x-openstack-request-id': 'req-1d782e1c-34da-4bd5-ae90-e2e478cd1687'}
        Body: {"security_group_rule": {"remote_group_id": null, "direction": "ingress", "remote_ip_prefix": null, "protocol": "icmp", "ethertype": "IPv6", "tenant_id": "22b311350e5b43ffbb4612cd935328ac", "port_range_max": null, "port_range_min": null, "id": "8f465ac3-bf4f-485f-bad2-3000c24c1b84", "security_group_id": "9e4f2e12-5d13-45da-9168-5a564ae978ba"}}
2016-02-17 22:32:49,776 28257 INFO     [tempest_lib.common.rest_client] Request (TestNetworkBasicOps:test_connectivity_between_vms_on_different_networks): 201 POST http://10.4.1.3:9696/v2.0/security-group-rules 0.311s
2016-02-17 22:32:49,777 28257 DEBUG    [tempest_lib.common.rest_client] Request - Headers: {'Content-Type': 'application/json', 'Accept': 'application/json', 'X-Auth-Token': '&lt;omitted&gt;'}
        Body: {"security_group_rule": {"tenant_id": "22b311350e5b43ffbb4612cd935328ac", "direction": "egress", "security_group_id": "9e4f2e12-5d13-45da-9168-5a564ae978ba", "protocol": "icmp", "ethertype": "IPv6"}}
    Response - Headers: {'status': '201', 'content-length': '344', 'connection': 'close', 'date': 'Wed, 17 Feb 2016 22:32:49 GMT', 'content-type': 'application/json; charset=UTF-8', 'x-openstack-request-id': 'req-f4287abd-20ba-47c8-be81-710cade232e8'}
        Body: {"security_group_rule": {"remote_group_id": null, "direction": "egress", "remote_ip_prefix": null, "protocol": "icmp", "ethertype": "IPv6", "tenant_id": "22b311350e5b43ffbb4612cd935328ac", "port_range_max": null, "port_range_min": null, "id": "1e8bf459-f6ca-4543-907b-a0f78673fe62", "security_group_id": "9e4f2e12-5d13-45da-9168-5a564ae978ba"}}
2016-02-17 22:32:50,316 28257 INFO     [tempest_lib.common.rest_client] Request (TestNetworkBasicOps:test_connectivity_between_vms_on_different_networks): 201 POST http://10.4.1.3:9696/v2.0/networks 0.538s
2016-02-17 22:32:50,317 28257 DEBUG    [tempest_lib.common.rest_client] Request - Headers: {'Content-Type': 'application/json', 'Accept': 'application/json', 'X-Auth-Token': '&lt;omitted&gt;'}
        Body: {"network": {"tenant_id": "22b311350e5b43ffbb4612cd935328ac", "name": "tempest-network-smoke--113986589"}}
    Response - Headers: {'status': '201', 'content-length': '355', 'connection': 'close', 'date': 'Wed, 17 Feb 2016 22:32:50 GMT', 'content-type': 'application/json; charset=UTF-8', 'x-openstack-request-id': 'req-cea99682-88d0-4a11-9e35-738c3b485ae9'}
        Body: {"network": {"status": "ACTIVE", "subnets": [], "availability_zone_hints": [], "availability_zones": [], "name": "tempest-network-smoke--113986589", "admin_state_up": true, "tenant_id": "22b311350e5b43ffbb4612cd935328ac", "mtu": 1450, "router:external": false, "shared": false, "port_security_enabled": true, "id": "c30ed815-535d-409c-9a8e-45a2c1cc2a12"}}
2016-02-17 22:32:50,607 28257 INFO     [tempest_lib.common.rest_client] Request (TestNetworkBasicOps:test_connectivity_between_vms_on_different_networks): 201 POST http://10.4.1.3:9696/v2.0/routers 0.288s
2016-02-17 22:32:50,607 28257 DEBUG    [tempest_lib.common.rest_client] Request - Headers: {'Content-Type': 'application/json', 'Accept': 'application/json', 'X-Auth-Token': '&lt;omitted&gt;'}
        Body: {"router": {"tenant_id": "22b311350e5b43ffbb4612cd935328ac", "name": "tempest-router-smoke-641446878", "admin_state_up": true}}
    Response - Headers: {'status': '201', 'content-length': '238', 'connection': 'close', 'date': 'Wed, 17 Feb 2016 22:32:50 GMT', 'content-type': 'application/json; charset=UTF-8', 'x-openstack-request-id': 'req-7cceb20c-219b-4493-8517-173d1d7aa1b1'}
        Body: {"router": {"status": "ACTIVE", "external_gateway_info": null, "name": "tempest-router-smoke-641446878", "admin_state_up": true, "tenant_id": "22b311350e5b43ffbb4612cd935328ac", "routes": [], "id": "5548e3ac-43b1-4998-ade9-d1f8b0a03196"}}
2016-02-17 22:32:50,860 28257 INFO     [tempest_lib.common.rest_client] Request (TestNetworkBasicOps:test_connectivity_between_vms_on_different_networks): 200 GET http://10.4.1.3:9696/v2.0/routers/5548e3ac-43b1-4998-ade9-d1f8b0a03196 0.251s
2016-02-17 22:32:50,861 28257 DEBUG    [tempest_lib.common.rest_client] Request - Headers: {'Content-Type': 'application/json', 'Accept': 'application/json', 'X-Auth-Token': '&lt;omitted&gt;'}
        Body: None
    Response - Headers: {'status': '200', 'content-length': '238', 'content-location': 'http://10.4.1.3:9696/v2.0/routers/5548e3ac-43b1-4998-ade9-d1f8b0a03196', 'connection': 'close', 'date': 'Wed, 17 Feb 2016 22:32:50 GMT', 'content-type': 'application/json; charset=UTF-8', 'x-openstack-request-id': 'req-34fe24f3-46a9-4cf6-b163-0a7e2eac1048'}
        Body: {"router": {"status": "ACTIVE", "external_gateway_info": null, "name": "tempest-router-smoke-641446878", "admin_state_up": true, "tenant_id": "22b311350e5b43ffbb4612cd935328ac", "routes": [], "id": "5548e3ac-43b1-4998-ade9-d1f8b0a03196"}}
2016-02-17 22:32:51,659 28257 INFO     [tempest_lib.common.rest_client] Request (TestNetworkBasicOps:test_connectivity_between_vms_on_different_networks): 200 PUT http://10.4.1.3:9696/v2.0/routers/5548e3ac-43b1-4998-ade9-d1f8b0a03196 0.796s
2016-02-17 22:32:51,660 28257 DEBUG    [tempest_lib.common.rest_client] Request - Headers: {'Content-Type': 'application/json', 'Accept': 'application/json', 'X-Auth-Token': '&lt;omitted&gt;'}
        Body: {"router": {"external_gateway_info": {"network_id": "eb6e3bf4-bb47-4bb8-9990-f12a678f1ca7"}, "name": "tempest-router-smoke-641446878", "admin_state_up": true}}
    Response - Headers: {'status': '200', 'content-length': '500', 'connection': 'close', 'date': 'Wed, 17 Feb 2016 22:32:51 GMT', 'content-type': 'application/json; charset=UTF-8', 'x-openstack-request-id': 'req-fc6cbc1a-3f40-4685-a5f5-1b2f472757df'}
        Body: {"router": {"status": "ACTIVE", "external_gateway_info": {"network_id": "eb6e3bf4-bb47-4bb8-9990-f12a678f1ca7", "enable_snat": true, "external_fixed_ips": [{"subnet_id": "16008e92-d749-4f6f-8259-a331a938cbfc", "ip_address": "172.24.4.3"}, {"subnet_id": "1a8954f0-7097-439a-b11f-f3249f5b0442", "ip_address": "2001:db8::3"}]}, "name": "tempest-router-smoke-641446878", "admin_state_up": true, "tenant_id": "22b311350e5b43ffbb4612cd935328ac", "routes": [], "id": "5548e3ac-43b1-4998-ade9-d1f8b0a03196"}}
2016-02-17 22:32:51,916 28257 INFO     [tempest_lib.common.rest_client] Request (TestNetworkBasicOps:test_connectivity_between_vms_on_different_networks): 200 GET http://10.4.1.3:9696/v2.0/subnets?tenant_id=22b311350e5b43ffbb4612cd935328ac&amp;cidr=10.100.0.0%2F28 0.254s
2016-02-17 22:32:51,917 28257 DEBUG    [tempest_lib.common.rest_client] Request - Headers: {'Content-Type': 'application/json', 'Accept': 'application/json', 'X-Auth-Token': '&lt;omitted&gt;'}
        Body: None
    Response - Headers: {'status': '200', 'content-length': '15', 'content-location': 'http://10.4.1.3:9696/v2.0/subnets?tenant_id=22b311350e5b43ffbb4612cd935328ac&amp;cidr=10.100.0.0%2F28', 'connection': 'close', 'date': 'Wed, 17 Feb 2016 22:32:51 GMT', 'content-type': 'application/json; charset=UTF-8', 'x-openstack-request-id': 'req-ec840919-c551-46c9-9b0f-9b3c89e6f1f2'}
        Body: {"subnets": []}
2016-02-17 22:32:52,426 28257 INFO     [tempest_lib.common.rest_client] Request (TestNetworkBasicOps:test_connectivity_between_vms_on_different_networks): 201 POST http://10.4.1.3:9696/v2.0/subnets 0.508s
2016-02-17 22:32:52,426 28257 DEBUG    [tempest_lib.common.rest_client] Request - Headers: {'Content-Type': 'application/json', 'Accept': 'application/json', 'X-Auth-Token': '&lt;omitted&gt;'}
        Body: {"subnet": {"ip_version": 4, "tenant_id": "22b311350e5b43ffbb4612cd935328ac", "cidr": "10.100.0.0/28", "network_id": "c30ed815-535d-409c-9a8e-45a2c1cc2a12", "name": "tempest-subnet-smoke-1885926634"}}
    Response - Headers: {'status': '201', 'content-length': '478', 'connection': 'close', 'date': 'Wed, 17 Feb 2016 22:32:52 GMT', 'content-type': 'application/json; charset=UTF-8', 'x-openstack-request-id': 'req-4acdd897-a224-4c98-9ed2-c8becddf3255'}
        Body: {"subnet": {"name": "tempest-subnet-smoke-1885926634", "enable_dhcp": true, "network_id": "c30ed815-535d-409c-9a8e-45a2c1cc2a12", "tenant_id": "22b311350e5b43ffbb4612cd935328ac", "dns_nameservers": [], "gateway_ip": "10.100.0.1", "ipv6_ra_mode": null, "allocation_pools": [{"start": "10.100.0.2", "end": "10.100.0.14"}], "host_routes": [], "ip_version": 4, "ipv6_address_mode": null, "cidr": "10.100.0.0/28", "id": "b2a1b326-ab1b-49a3-bda9-7956f7958d6d", "subnetpool_id": null}}
2016-02-17 22:32:53,319 28257 INFO     [tempest_lib.common.rest_client] Request (TestNetworkBasicOps:test_connectivity_between_vms_on_different_networks): 200 PUT http://10.4.1.3:9696/v2.0/routers/5548e3ac-43b1-4998-ade9-d1f8b0a03196/add_router_interface 0.892s
2016-02-17 22:32:53,320 28257 DEBUG    [tempest_lib.common.rest_client] Request - Headers: {'Content-Type': 'application/json', 'Accept': 'application/json', 'X-Auth-Token': '&lt;omitted&gt;'}
        Body: {"subnet_id": "b2a1b326-ab1b-49a3-bda9-7956f7958d6d"}
    Response - Headers: {'status': '200', 'content-length': '309', 'connection': 'close', 'date': 'Wed, 17 Feb 2016 22:32:53 GMT', 'content-type': 'application/json; charset=UTF-8', 'x-openstack-request-id': 'req-cb4b4e06-0ebc-4fa3-b1bb-4692db48e659'}
        Body: {"network_id": "c30ed815-535d-409c-9a8e-45a2c1cc2a12", "tenant_id": "22b311350e5b43ffbb4612cd935328ac", "subnet_id": "b2a1b326-ab1b-49a3-bda9-7956f7958d6d", "subnet_ids": ["b2a1b326-ab1b-49a3-bda9-7956f7958d6d"], "port_id": "dcbee6cb-9b36-477e-a5bc-4c4d4b79146a", "id": "5548e3ac-43b1-4998-ade9-d1f8b0a03196"}
2016-02-17 22:32:53,554 28257 INFO     [tempest_lib.common.rest_client] Request (TestNetworkBasicOps:test_connectivity_between_vms_on_different_networks): 200 GET http://10.4.1.3:9696/v2.0/networks 0.233s
2016-02-17 22:32:53,554 28257 DEBUG    [tempest_lib.common.rest_client] Request - Headers: {'Content-Type': 'application/json', 'Accept': 'application/json', 'X-Auth-Token': '&lt;omitted&gt;'}
        Body: None
    Response - Headers: {'status': '200', 'content-length': '1536', 'content-location': 'http://10.4.1.3:9696/v2.0/networks', 'connection': 'close', 'date': 'Wed, 17 Feb 2016 22:32:53 GMT', 'content-type': 'application/json; charset=UTF-8', 'x-openstack-request-id': 'req-c8a77bf4-b758-4308-86a1-4880db09d553'}
        Body: {"networks": [{"status": "ACTIVE", "subnets": ["16008e92-d749-4f6f-8259-a331a938cbfc", "1a8954f0-7097-439a-b11f-f3249f5b0442"], "availability_zone_hints": [], "availability_zones": ["nova"], "name": "public", "provider:physical_network": null, "admin_state_up": true, "tenant_id": "ab2f03d577c94652902a07f79e5b16a8", "mtu": 1450, "is_default": false, "router:external": true, "shared": false, "port_security_enabled": true, "provider:network_type": "vxlan", "id": "eb6e3bf4-bb47-4bb8-9990-f12a678f1ca7", "provider:segmentation_id": 1003}, {"status": "ACTIVE", "subnets": ["627df97e-9bdc-45ea-9cc6-37945624fd64", "513505f9-abab-4383-9faa-5effda0db3f5"], "availability_zone_hints": [], "availability_zones": ["nova"], "name": "private", "provider:physical_network": null, "admin_state_up": true, "tenant_id": "ddbd77315466492e91fbe1c682c3a9be", "mtu": 1450, "router:external": false, "shared": false, "port_security_enabled": true, "provider:network_type": "vxlan", "id": "ca351333-fc49-4e39-880f-6fbf8de527fb", "provider:segmentation_id": 1005}, {"status": "ACTIVE", "subnets": ["b2a1b326-ab1b-49a3-bda9-7956f7958d6d"], "availability_zone_hints": [], "availability_zones": ["nova"], "name": "tempest-network-smoke--113986589", "provider:physical_network": null, "admin_state_up": true, "tenant_id": "22b311350e5b43ffbb4612cd935328ac", "mtu": 1450, "router:external": false, "shared": false, "port_security_enabled": true, "provider:network_type": "vxlan", "id": "c30ed815-535d-409c-9a8e-45a2c1cc2a12", "provider:segmentation_id": 1072}]}
2016-02-17 22:32:53,803 28257 INFO     [tempest_lib.common.rest_client] Request (TestNetworkBasicOps:test_connectivity_between_vms_on_different_networks): 200 GET http://10.4.1.3:9696/v2.0/subnets 0.248s
2016-02-17 22:32:53,803 28257 DEBUG    [tempest_lib.common.rest_client] Request - Headers: {'Content-Type': 'application/json', 'Accept': 'application/json', 'X-Auth-Token': '&lt;omitted&gt;'}
        Body: None
    Response - Headers: {'status': '200', 'content-length': '2408', 'content-location': 'http://10.4.1.3:9696/v2.0/subnets', 'connection': 'close', 'date': 'Wed, 17 Feb 2016 22:32:53 GMT', 'content-type': 'application/json; charset=UTF-8', 'x-openstack-request-id': 'req-48cedf66-b57b-4ee4-8bca-fd9b3a6d9d1b'}
        Body: {"subnets": [{"name": "private-subnet", "enable_dhcp": true, "network_id": "ca351333-fc49-4e39-880f-6fbf8de527fb", "tenant_id": "ddbd77315466492e91fbe1c682c3a9be", "dns_nameservers": [], "gateway_ip": "10.0.0.1", "ipv6_ra_mode": null, "allocation_pools": [{"start": "10.0.0.2", "end": "10.0.0.254"}], "host_routes": [], "ip_version": 4, "ipv6_address_mode": null, "cidr": "10.0.0.0/24", "id": "513505f9-abab-4383-9faa-5effda0db3f5", "subnetpool_id": null}, {"name": "ipv6-public-subnet", "enable_dhcp": false, "network_id": "eb6e3bf4-bb47-4bb8-9990-f12a678f1ca7", "tenant_id": "ab2f03d577c94652902a07f79e5b16a8", "dns_nameservers": [], "gateway_ip": "2001:db8::2", "ipv6_ra_mode": null, "allocation_pools": [{"start": "2001:db8::3", "end": "2001:db8::ffff:ffff:ffff:ffff"}, {"start": "2001:db8::1", "end": "2001:db8::1"}], "host_routes": [], "ip_version": 6, "ipv6_address_mode": null, "cidr": "2001:db8::/64", "id": "1a8954f0-7097-439a-b11f-f3249f5b0442", "subnetpool_id": null}, {"name": "tempest-subnet-smoke-1885926634", "enable_dhcp": true, "network_id": "c30ed815-535d-409c-9a8e-45a2c1cc2a12", "tenant_id": "22b311350e5b43ffbb4612cd935328ac", "dns_nameservers": [], "gateway_ip": "10.100.0.1", "ipv6_ra_mode": null, "allocation_pools": [{"start": "10.100.0.2", "end": "10.100.0.14"}], "host_routes": [], "ip_version": 4, "ipv6_address_mode": null, "cidr": "10.100.0.0/28", "id": "b2a1b326-ab1b-49a3-bda9-7956f7958d6d", "subnetpool_id": null}, {"name": "ipv6-private-subnet", "enable_dhcp": true, "network_id": "ca351333-fc49-4e39-880f-6fbf8de527fb", "tenant_id": "ddbd77315466492e91fbe1c682c3a9be", "dns_nameservers": [], "gateway_ip": "fd4b:5bd9:1e21::1", "ipv6_ra_mode": "slaac", "allocation_pools": [{"start": "fd4b:5bd9:1e21::2", "end": "fd4b:5bd9:1e21:0:ffff:ffff:ffff:ffff"}], "host_routes": [], "ip_version": 6, "ipv6_address_mode": "slaac", "cidr": "fd4b:5bd9:1e21::/64", "id": "627df97e-9bdc-45ea-9cc6-37945624fd64", "subnetpool_id": null}, {"name": "public-subnet", "enable_dhcp": false, "network_id": "eb6e3bf4-bb47-4bb8-9990-f12a678f1ca7", "tenant_id": "ab2f03d577c94652902a07f79e5b16a8", "dns_nameservers": [], "gateway_ip": "172.24.4.1", "ipv6_ra_mode": null, "allocation_pools": [{"start": "172.24.4.2", "end": "172.24.4.254"}], "host_routes": [], "ip_version": 4, "ipv6_address_mode": null, "cidr": "172.24.4.0/24", "id": "16008e92-d749-4f6f-8259-a331a938cbfc", "subnetpool_id": null}]}
2016-02-17 22:32:54,093 28257 INFO     [tempest_lib.common.rest_client] Request (TestNetworkBasicOps:test_connectivity_between_vms_on_different_networks): 200 GET http://10.4.1.3:9696/v2.0/routers 0.289s
2016-02-17 22:32:54,093 28257 DEBUG    [tempest_lib.common.rest_client] Request - Headers: {'Content-Type': 'application/json', 'Accept': 'application/json', 'X-Auth-Token': '&lt;omitted&gt;'}
        Body: None
    Response - Headers: {'status': '200', 'content-length': '1014', 'content-location': 'http://10.4.1.3:9696/v2.0/routers', 'connection': 'close', 'date': 'Wed, 17 Feb 2016 22:32:54 GMT', 'content-type': 'application/json; charset=UTF-8', 'x-openstack-request-id': 'req-744b7af1-f435-4496-82a3-46dd685ba56e'}
        Body: {"routers": [{"status": "ACTIVE", "external_gateway_info": {"network_id": "eb6e3bf4-bb47-4bb8-9990-f12a678f1ca7", "enable_snat": true, "external_fixed_ips": [{"subnet_id": "16008e92-d749-4f6f-8259-a331a938cbfc", "ip_address": "172.24.4.2"}, {"subnet_id": "1a8954f0-7097-439a-b11f-f3249f5b0442", "ip_address": "2001:db8::1"}]}, "name": "router1", "admin_state_up": true, "tenant_id": "ddbd77315466492e91fbe1c682c3a9be", "distributed": false, "routes": [], "id": "1c1e755a-a1b5-4ef4-b82f-48e026e3885f"}, {"status": "ACTIVE", "external_gateway_info": {"network_id": "eb6e3bf4-bb47-4bb8-9990-f12a678f1ca7", "enable_snat": true, "external_fixed_ips": [{"subnet_id": "16008e92-d749-4f6f-8259-a331a938cbfc", "ip_address": "172.24.4.3"}, {"subnet_id": "1a8954f0-7097-439a-b11f-f3249f5b0442", "ip_address": "2001:db8::3"}]}, "name": "tempest-router-smoke-641446878", "admin_state_up": true, "tenant_id": "22b311350e5b43ffbb4612cd935328ac", "distributed": false, "routes": [], "id": "5548e3ac-43b1-4998-ade9-d1f8b0a03196"}]}
2016-02-17 22:32:54,687 28257 INFO     [tempest_lib.common.rest_client] Request (TestNetworkBasicOps:test_connectivity_between_vms_on_different_networks): 200 POST http://10.4.1.3:8774/v2.1/22b311350e5b43ffbb4612cd935328ac/os-keypairs 0.592s
2016-02-17 22:32:54,687 28257 DEBUG    [tempest_lib.common.rest_client] Request - Headers: {'Content-Type': 'application/json', 'Accept': 'application/json', 'X-Auth-Token': '&lt;omitted&gt;'}
        Body: {"keypair": {"name": "tempest-TestNetworkBasicOps-1057401045"}}
    Response - Headers: {'status': '200', 'content-length': '2325', 'x-compute-request-id': 'req-4a3cd3ce-4801-4c07-ba2a-52de2ed3c356', 'vary': 'X-OpenStack-Nova-API-Version', 'connection': 'close', 'x-openstack-nova-api-version': '2.1', 'date': 'Wed, 17 Feb 2016 22:32:54 GMT', 'content-type': 'application/json'}
        Body: {"keypair": {"public_key": "ssh-rsa AAAAB3NzaC1yc2EAAAADAQABAAABAQDbdgsTX4IKPdjfOpCHHNSVVtHsf9lj60DGs15cUa+oQgnec502+wGKMOIrFY7aK0NyiftubmMc5tLgXm/MABS3t/9pbViSsfxgHHXPGVzk5DIoIqdkjMBkUqUgnQqCRyN+JTOydmktkDyEgQ4/XXXfJDEb++DdlMGLbmFl3Ite8+/Q1ph1yJkAEI1Oc6aDUQJzKaa5TtchwIW11qdo9Ca/OKVJRNiPwshxm+IFxQA/EUW9Bz5JnWXPaEHZv/vYHZTtzg5gmEhxIs5mJ0xZCTbLcWHSaMh3vGTDqjiDwJvAngiFKgcTZ34MKK282B/NE1Uyg9sDefgo3e/TiTu1+xqT Generated-by-Nova", "private_key": "-----BEGIN RSA PRIVATE KEY-----\nMIIEqgIBAAKCAQEA23YLE1+CCj3Y3zqQhxzUlVbR7H/ZY+tAxrNeXFGvqEIJ3nOd\nNvsBijDiKxWO2itDcon7bm5jHObS4F5vzAAUt7f/aW1YkrH8YBx1zxlc5OQyKCKn\nZIzAZFKlIJ0KgkcjfiUzsnZpLZA8hIEOP1113yQxG/vg3ZTBi25hZdyLXvPv0NaY\ndciZABCNTnOmg1ECcymmuU7XIcCFtdanaPQmvzilSUTYj8LIcZviBcUAPxFFvQc+\nSZ1lz2hB2b/72B2U7c4OYJhIcSLOZidMWQk2y3Fh0mjId7xkw6o4g8CbwJ4IhSoH\nE2d+DCitvNgfzRNVMoPbA3n4KN3v04k7tfsakwIDAQABAoIBAQCCKLeW7N0+X8IB\nW0WerM20KMLmZkkzhrJrZrR/Qn9Q5qHdymoi0qnuIOHytZ187Y3aH9X8gAHOgWPu\naHQb5Kxk7f7Qs2aF0oQhKKACjUNYCbNptGvdKdFtbsq61gkGjVSSm1PW832b5WDP\nIY+mqzKefmOV+kQ6huBnZrbjZ/NNA3zsSCM3rxhGHXmP0XRmBffPfRICJiBwGYm4\nrIgTmUBk1/bPAnH2vNpRNe6gAsqLeHInHxq9J+QoVXyaxEpUrWvcy/3HJyTKXvpi\nonCvzrtugxv53205GGAllYKYKT9/BDcXX3A46UXdq0wtPg/n+k+rP+V2VqHjzKRM\nJjtDpl75AoIAgQDh92invRMzgQoDMyfYiFyx1iFH72Qn7bl5pBndgrLzLa+PaFOP\nqdqCoUqN+cS7kxF5+58RnEATowySFOd5ibfhIvJhbt9Djb/vBzNxuo3cunuWTsv+\nRW6HKIzZAWei8uTK+WjNH6q5fCC5hYynqx9ivC16ty3k+2v+BKdrd7dn1wKCAIEA\n+KFJvueMOeubkyC5GgIvAX8lKya6m4/GGE/KjIczO2ssydPkvqiY6+eePJtcVVwR\nnuf5Y3dfgxuBn6hILzVCYHf4ryFBi5soF5Lfd63dUFLYXVBByz2Cjcmnv54W+uwx\ngRITzqCTkNxzMSDhW4xTW4Wj28FagPrwPBvVAdGKm6UCggCBAIqDa06vMw72QZn2\niK1N4WxNszbyQrXLHk+3TPegv2sbjSteKyK8XqqGjjn7aiIFI8hfeoGEAy9GWlVN\npRq2VdYW4vbgzNEPGiE+i8ViMsWkNk/L23XxP7BwJe570vhq5d6aBij/CVsMAM9Y\nUwEQf3u5mDNKCEL975PVbH8O8okfAoIAgQCJs4KNid5/Ib+Lb/80qWrxUEL8sDl/\n+NQFGQQcarD0QrqOmZ3B/sybMy/Pb1hnKlPUB7R242Fx0qUrEN/RzZSSqz9/d1K/\nCFLfI4hC13eQiiGtJMsbzlhlQP94QA2IMZKFYsa3lPXFsGLYHdbShliQguaqyl7e\nupydHekOVciHxQKCAIB+KlRQUdvLi6iBgELl+wxaFiuy9uw/wBUSJIyrvoKp3dIT\n1OOqnOinG10I6WDdjvYRVjjwYo8GOy4PYhysXEVnbjbYtPxToSAv1KHHJANwb9GJ\nV2EBpK4sGMMdyPashUqq5qRcMGxYqleZ8oelBhBmx67VTCE8BVff1Oa8+AtCeg==\n-----END RSA PRIVATE KEY-----\n", "user_id": "675c7ba769d5459ea3b83cbcbe161c1e", "name": "tempest-TestNetworkBasicOps-1057401045", "fingerprint": "66:27:b4:c6:8e:7f:8b:5a:7d:0a:18:38:a6:1e:34:49"}}
2016-02-17 22:32:54,862 28257 INFO     [tempest_lib.common.rest_client] Request (TestNetworkBasicOps:test_connectivity_between_vms_on_different_networks): 200 POST http://10.4.1.3:5000/v2.0/tokens
2016-02-17 22:32:54,863 28257 DEBUG    [tempest_lib.common.rest_client] Request - Headers: {'Content-Type': 'application/json', 'Accept': 'application/json'}
        Body: &lt;omitted&gt;
    Response - Headers: {'status': '200', 'content-length': '2258', 'vary': 'X-Auth-Token', 'server': 'Apache/2.4.7 (Ubuntu)', 'connection': 'close', 'date': 'Wed, 17 Feb 2016 22:32:54 GMT', 'content-type': 'application/json', 'x-openstack-request-id': 'req-2ffcad83-f55e-4b16-ad60-9e5a1d34d2ec'}
        Body: {"access": {"token": {"issued_at": "2016-02-17T22:32:54.847596", "expires": "2016-02-17T23:32:54Z", "id": "8104782a4b4f4c36854e2bb30997da07", "tenant": {"description": "tempest-TestNetworkBasicOps-1057581585-desc", "enabled": true, "id": "22b311350e5b43ffbb4612cd935328ac", "name": "tempest-TestNetworkBasicOps-1057581585"}, "audit_ids": ["hFNPuV4cTy6LBwfyDGpoGw"]}, "serviceCatalog": [{"endpoints": [{"adminURL": "http://10.4.1.3:9292", "region": "RegionOne", "internalURL": "http://10.4.1.3:9292", "id": "46722dbcd33b4fe08dc9726b1b3cdded", "publicURL": "http://10.4.1.3:9292"}], "endpoints_links": [], "type": "image", "name": "glance"}, {"endpoints": [{"adminURL": "http://10.4.1.3:8774/v2.1/22b311350e5b43ffbb4612cd935328ac", "region": "RegionOne", "internalURL": "http://10.4.1.3:8774/v2.1/22b311350e5b43ffbb4612cd935328ac", "id": "1deb153779cb443eb5a252395de73e1e", "publicURL": "http://10.4.1.3:8774/v2.1/22b311350e5b43ffbb4612cd935328ac"}], "endpoints_links": [], "type": "compute", "name": "nova"}, {"endpoints": [{"adminURL": "http://10.4.1.3:8774/v2/22b311350e5b43ffbb4612cd935328ac", "region": "RegionOne", "internalURL": "http://10.4.1.3:8774/v2/22b311350e5b43ffbb4612cd935328ac", "id": "0ac7cb96a47542c592a625dca4a7f6d9", "publicURL": "http://10.4.1.3:8774/v2/22b311350e5b43ffbb4612cd935328ac"}], "endpoints_links": [], "type": "compute_legacy", "name": "nova_legacy"}, {"endpoints": [{"adminURL": "http://10.4.1.3:35357/v2.0", "region": "RegionOne", "internalURL": "http://10.4.1.3:5000/v2.0", "id": "02a32c4694be4fceb0930315374acaf7", "publicURL": "http://10.4.1.3:5000/v2.0"}], "endpoints_links": [], "type": "identity", "name": "keystone"}, {"endpoints": [{"adminURL": "http://10.4.1.3:9696/", "region": "RegionOne", "internalURL": "http://10.4.1.3:9696/", "id": "4b9ac00ad48340c6a0ce14ed4f306913", "publicURL": "http://10.4.1.3:9696/"}], "endpoints_links": [], "type": "network", "name": "neutron"}], "user": {"username": "tempest-TestNetworkBasicOps-153676913", "roles_links": [], "id": "675c7ba769d5459ea3b83cbcbe161c1e", "roles": [{"name": "_member_"}, {"name": "Member"}], "name": "tempest-TestNetworkBasicOps-153676913"}, "metadata": {"is_admin": 0, "roles": ["9fe2ff9ee4384b1894a90878d3e92bab", "5dc983d406ed4c3bb94eddceead3ba6c"]}}}
2016-02-17 22:32:54,870 28257 DEBUG    [tempest.common.fixed_network] (TestNetworkBasicOps:test_connectivity_between_vms_on_different_networks) No valid network provided or created, defaulting to fixed_network_name
2016-02-17 22:32:55,332 28257 INFO     [tempest_lib.common.rest_client] Request (TestNetworkBasicOps:test_connectivity_between_vms_on_different_networks): 200 GET http://10.4.1.3:8774/v2.1/22b311350e5b43ffbb4612cd935328ac/os-networks 0.461s
2016-02-17 22:32:55,333 28257 DEBUG    [tempest_lib.common.rest_client] Request - Headers: {'Content-Type': 'application/json', 'Accept': 'application/json', 'X-Auth-Token': '&lt;omitted&gt;'}
        Body: None
    Response - Headers: {'status': '200', 'content-length': '478', 'content-location': 'http://10.4.1.3:8774/v2.1/22b311350e5b43ffbb4612cd935328ac/os-networks', 'x-compute-request-id': 'req-6b605b54-ae4b-4722-ba6c-82a069074bfa', 'vary': 'X-OpenStack-Nova-API-Version', 'connection': 'close', 'x-openstack-nova-api-version': '2.1', 'date': 'Wed, 17 Feb 2016 22:32:55 GMT', 'content-type': 'application/json'}
        Body: {"networks": [{"cidr_v6": null, "dns2": null, "dns1": null, "gateway": null, "broadcast": null, "netmask": null, "gateway_v6": null, "cidr": null, "label": "public", "id": "eb6e3bf4-bb47-4bb8-9990-f12a678f1ca7", "netmask_v6": null}, {"cidr_v6": null, "dns2": null, "dns1": null, "gateway": null, "broadcast": null, "netmask": null, "gateway_v6": null, "cidr": null, "label": "tempest-network-smoke--113986589", "id": "c30ed815-535d-409c-9a8e-45a2c1cc2a12", "netmask_v6": null}]}
2016-02-17 22:32:55,333 28257 WARNING  [tempest.common.fixed_network] (TestNetworkBasicOps:test_connectivity_between_vms_on_different_networks) Network with name: private not found
2016-02-17 22:32:55,333 28257 INFO     [tempest.common.fixed_network] (TestNetworkBasicOps:test_connectivity_between_vms_on_different_networks) Found network {} available for tenant
2016-02-17 22:32:58,308 28257 INFO     [tempest_lib.common.rest_client] Request (TestNetworkBasicOps:test_connectivity_between_vms_on_different_networks): 202 POST http://10.4.1.3:8774/v2.1/22b311350e5b43ffbb4612cd935328ac/servers 2.973s
2016-02-17 22:32:58,309 28257 DEBUG    [tempest_lib.common.rest_client] Request - Headers: {'Content-Type': 'application/json', 'Accept': 'application/json', 'X-Auth-Token': '&lt;omitted&gt;'}
        Body: {"server": {"name": "tempest-server-smoke-387885707", "imageRef": "8e8b2ed9-9976-48f2-a6b5-2c4df5211263", "key_name": "tempest-TestNetworkBasicOps-1057401045", "flavorRef": "42", "networks": [{"uuid": "c30ed815-535d-409c-9a8e-45a2c1cc2a12"}], "security_groups": [{"name": "tempest-secgroup-smoke-1913728541"}]}}
    Response - Headers: {'status': '202', 'content-length': '460', 'x-compute-request-id': 'req-338496e8-dd4f-469e-a04b-f3a64b0ecfa2', 'vary': 'X-OpenStack-Nova-API-Version', 'connection': 'close', 'location': 'http://10.4.1.3:8774/v2.1/22b311350e5b43ffbb4612cd935328ac/servers/7c13d498-84b6-42da-9a32-b6372aa27bee', 'x-openstack-nova-api-version': '2.1', 'date': 'Wed, 17 Feb 2016 22:32:58 GMT', 'content-type': 'application/json'}
        Body: {"server": {"security_groups": [{"name": "tempest-secgroup-smoke-1913728541"}], "OS-DCF:diskConfig": "MANUAL", "id": "7c13d498-84b6-42da-9a32-b6372aa27bee", "links": [{"href": "http://10.4.1.3:8774/v2.1/22b311350e5b43ffbb4612cd935328ac/servers/7c13d498-84b6-42da-9a32-b6372aa27bee", "rel": "self"}, {"href": "http://10.4.1.3:8774/22b311350e5b43ffbb4612cd935328ac/servers/7c13d498-84b6-42da-9a32-b6372aa27bee", "rel": "bookmark"}], "adminPass": "j6BeJMxk2bXS"}}
2016-02-17 22:32:58,801 28257 INFO     [tempest_lib.common.rest_client] Request (TestNetworkBasicOps:test_connectivity_between_vms_on_different_networks): 200 GET http://10.4.1.3:8774/v2.1/22b311350e5b43ffbb4612cd935328ac/servers/7c13d498-84b6-42da-9a32-b6372aa27bee 0.486s
2016-02-17 22:32:58,801 28257 DEBUG    [tempest_lib.common.rest_client] Request - Headers: {'Content-Type': 'application/json', 'Accept': 'application/json', 'X-Auth-Token': '&lt;omitted&gt;'}
        Body: None
    Response - Headers: {'status': '200', 'content-length': '1340', 'content-location': 'http://10.4.1.3:8774/v2.1/22b311350e5b43ffbb4612cd935328ac/servers/7c13d498-84b6-42da-9a32-b6372aa27bee', 'x-compute-request-id': 'req-32ba9e61-3b4c-4558-8703-9a8fc881a0f9', 'vary': 'X-OpenStack-Nova-API-Version', 'connection': 'close', 'x-openstack-nova-api-version': '2.1', 'date': 'Wed, 17 Feb 2016 22:32:58 GMT', 'content-type': 'application/json'}
        Body: {"server": {"status": "BUILD", "updated": "2016-02-17T22:32:58Z", "hostId": "", "addresses": {}, "links": [{"href": "http://10.4.1.3:8774/v2.1/22b311350e5b43ffbb4612cd935328ac/servers/7c13d498-84b6-42da-9a32-b6372aa27bee", "rel": "self"}, {"href": "http://10.4.1.3:8774/22b311350e5b43ffbb4612cd935328ac/servers/7c13d498-84b6-42da-9a32-b6372aa27bee", "rel": "bookmark"}], "key_name": "tempest-TestNetworkBasicOps-1057401045", "image": {"id": "8e8b2ed9-9976-48f2-a6b5-2c4df5211263", "links": [{"href": "http://10.4.1.3:8774/22b311350e5b43ffbb4612cd935328ac/images/8e8b2ed9-9976-48f2-a6b5-2c4df5211263", "rel": "bookmark"}]}, "OS-EXT-STS:task_state": "scheduling", "OS-EXT-STS:vm_state": "building", "OS-SRV-USG:launched_at": null, "flavor": {"id": "42", "links": [{"href": "http://10.4.1.3:8774/22b311350e5b43ffbb4612cd935328ac/flavors/42", "rel": "bookmark"}]}, "id": "7c13d498-84b6-42da-9a32-b6372aa27bee", "OS-SRV-USG:terminated_at": null, "OS-EXT-AZ:availability_zone": "", "user_id": "675c7ba769d5459ea3b83cbcbe161c1e", "name": "tempest-server-smoke-387885707", "created": "2016-02-17T22:32:58Z", "tenant_id": "22b311350e5b43ffbb4612cd935328ac", "OS-DCF:diskConfig": "MANUAL", "os-extended-volumes:volumes_attached": [], "accessIPv4": "", "accessIPv6": "", "progress": 0, "OS-EXT-STS:power_state": 0, "config_drive": "", "metadata": {}}}
2016-02-17 22:33:00,323 28257 INFO     [tempest_lib.common.rest_client] Request (TestNetworkBasicOps:test_connectivity_between_vms_on_different_networks): 200 GET http://10.4.1.3:8774/v2.1/22b311350e5b43ffbb4612cd935328ac/servers/7c13d498-84b6-42da-9a32-b6372aa27bee 0.510s
2016-02-17 22:33:00,324 28257 DEBUG    [tempest_lib.common.rest_client] Request - Headers: {'Content-Type': 'application/json', 'Accept': 'application/json', 'X-Auth-Token': '&lt;omitted&gt;'}
        Body: None
    Response - Headers: {'status': '200', 'content-length': '1398', 'content-location': 'http://10.4.1.3:8774/v2.1/22b311350e5b43ffbb4612cd935328ac/servers/7c13d498-84b6-42da-9a32-b6372aa27bee', 'x-compute-request-id': 'req-ed228f9b-f50e-4836-b8d6-7572c9b2a11a', 'vary': 'X-OpenStack-Nova-API-Version', 'connection': 'close', 'x-openstack-nova-api-version': '2.1', 'date': 'Wed, 17 Feb 2016 22:33:00 GMT', 'content-type': 'application/json'}
        Body: {"server": {"status": "BUILD", "updated": "2016-02-17T22:32:59Z", "hostId": "1ec924260d1850b6bc3295c4c97bd46b5dde72c53558bca28d5b4ece", "addresses": {}, "links": [{"href": "http://10.4.1.3:8774/v2.1/22b311350e5b43ffbb4612cd935328ac/servers/7c13d498-84b6-42da-9a32-b6372aa27bee", "rel": "self"}, {"href": "http://10.4.1.3:8774/22b311350e5b43ffbb4612cd935328ac/servers/7c13d498-84b6-42da-9a32-b6372aa27bee", "rel": "bookmark"}], "key_name": "tempest-TestNetworkBasicOps-1057401045", "image": {"id": "8e8b2ed9-9976-48f2-a6b5-2c4df5211263", "links": [{"href": "http://10.4.1.3:8774/22b311350e5b43ffbb4612cd935328ac/images/8e8b2ed9-9976-48f2-a6b5-2c4df5211263", "rel": "bookmark"}]}, "OS-EXT-STS:task_state": "spawning", "OS-EXT-STS:vm_state": "building", "OS-SRV-USG:launched_at": null, "flavor": {"id": "42", "links": [{"href": "http://10.4.1.3:8774/22b311350e5b43ffbb4612cd935328ac/flavors/42", "rel": "bookmark"}]}, "id": "7c13d498-84b6-42da-9a32-b6372aa27bee", "OS-SRV-USG:terminated_at": null, "OS-EXT-AZ:availability_zone": "nova", "user_id": "675c7ba769d5459ea3b83cbcbe161c1e", "name": "tempest-server-smoke-387885707", "created": "2016-02-17T22:32:58Z", "tenant_id": "22b311350e5b43ffbb4612cd935328ac", "OS-DCF:diskConfig": "MANUAL", "os-extended-volumes:volumes_attached": [], "accessIPv4": "", "accessIPv6": "", "progress": 0, "OS-EXT-STS:power_state": 0, "config_drive": "", "metadata": {}}}
2016-02-17 22:33:00,332 28257 INFO     [tempest.common.waiters] State transition "BUILD/scheduling" ==&gt; "BUILD/spawning" after 2 second wait
2016-02-17 22:33:02,062 28257 INFO     [tempest_lib.common.rest_client] Request (TestNetworkBasicOps:test_connectivity_between_vms_on_different_networks): 200 GET http://10.4.1.3:8774/v2.1/22b311350e5b43ffbb4612cd935328ac/servers/7c13d498-84b6-42da-9a32-b6372aa27bee 0.728s
2016-02-17 22:33:02,063 28257 DEBUG    [tempest_lib.common.rest_client] Request - Headers: {'Content-Type': 'application/json', 'Accept': 'application/json', 'X-Auth-Token': '&lt;omitted&gt;'}
        Body: None
    Response - Headers: {'status': '200', 'content-length': '1466', 'content-location': 'http://10.4.1.3:8774/v2.1/22b311350e5b43ffbb4612cd935328ac/servers/7c13d498-84b6-42da-9a32-b6372aa27bee', 'x-compute-request-id': 'req-1460adec-b570-4516-b24e-e56dd98f4879', 'vary': 'X-OpenStack-Nova-API-Version', 'connection': 'close', 'x-openstack-nova-api-version': '2.1', 'date': 'Wed, 17 Feb 2016 22:33:02 GMT', 'content-type': 'application/json'}
        Body: {"server": {"status": "BUILD", "updated": "2016-02-17T22:32:59Z", "hostId": "1ec924260d1850b6bc3295c4c97bd46b5dde72c53558bca28d5b4ece", "addresses": {}, "links": [{"href": "http://10.4.1.3:8774/v2.1/22b311350e5b43ffbb4612cd935328ac/servers/7c13d498-84b6-42da-9a32-b6372aa27bee", "rel": "self"}, {"href": "http://10.4.1.3:8774/22b311350e5b43ffbb4612cd935328ac/servers/7c13d498-84b6-42da-9a32-b6372aa27bee", "rel": "bookmark"}], "key_name": "tempest-TestNetworkBasicOps-1057401045", "image": {"id": "8e8b2ed9-9976-48f2-a6b5-2c4df5211263", "links": [{"href": "http://10.4.1.3:8774/22b311350e5b43ffbb4612cd935328ac/images/8e8b2ed9-9976-48f2-a6b5-2c4df5211263", "rel": "bookmark"}]}, "OS-EXT-STS:task_state": "spawning", "OS-EXT-STS:vm_state": "building", "OS-SRV-USG:launched_at": null, "flavor": {"id": "42", "links": [{"href": "http://10.4.1.3:8774/22b311350e5b43ffbb4612cd935328ac/flavors/42", "rel": "bookmark"}]}, "id": "7c13d498-84b6-42da-9a32-b6372aa27bee", "security_groups": [{"name": "tempest-secgroup-smoke-1913728541"}], "OS-SRV-USG:terminated_at": null, "OS-EXT-AZ:availability_zone": "nova", "user_id": "675c7ba769d5459ea3b83cbcbe161c1e", "name": "tempest-server-smoke-387885707", "created": "2016-02-17T22:32:58Z", "tenant_id": "22b311350e5b43ffbb4612cd935328ac", "OS-DCF:diskConfig": "MANUAL", "os-extended-volumes:volumes_attached": [], "accessIPv4": "", "accessIPv6": "", "progress": 0, "OS-EXT-STS:power_state": 0, "config_drive": "", "metadata": {}}}
2016-02-17 22:33:03,779 28257 INFO     [tempest_lib.common.rest_client] Request (TestNetworkBasicOps:test_connectivity_between_vms_on_different_networks): 200 GET http://10.4.1.3:8774/v2.1/22b311350e5b43ffbb4612cd935328ac/servers/7c13d498-84b6-42da-9a32-b6372aa27bee 0.698s
2016-02-17 22:33:03,780 28257 DEBUG    [tempest_lib.common.rest_client] Request - Headers: {'Content-Type': 'application/json', 'Accept': 'application/json', 'X-Auth-Token': '&lt;omitted&gt;'}
        Body: None
    Response - Headers: {'status': '200', 'content-length': '1466', 'content-location': 'http://10.4.1.3:8774/v2.1/22b311350e5b43ffbb4612cd935328ac/servers/7c13d498-84b6-42da-9a32-b6372aa27bee', 'x-compute-request-id': 'req-c18f8cb8-f21c-4da5-9a8d-b37a57f2318e', 'vary': 'X-OpenStack-Nova-API-Version', 'connection': 'close', 'x-openstack-nova-api-version': '2.1', 'date': 'Wed, 17 Feb 2016 22:33:03 GMT', 'content-type': 'application/json'}
        Body: {"server": {"status": "BUILD", "updated": "2016-02-17T22:32:59Z", "hostId": "1ec924260d1850b6bc3295c4c97bd46b5dde72c53558bca28d5b4ece", "addresses": {}, "links": [{"href": "http://10.4.1.3:8774/v2.1/22b311350e5b43ffbb4612cd935328ac/servers/7c13d498-84b6-42da-9a32-b6372aa27bee", "rel": "self"}, {"href": "http://10.4.1.3:8774/22b311350e5b43ffbb4612cd935328ac/servers/7c13d498-84b6-42da-9a32-b6372aa27bee", "rel": "bookmark"}], "key_name": "tempest-TestNetworkBasicOps-1057401045", "image": {"id": "8e8b2ed9-9976-48f2-a6b5-2c4df5211263", "links": [{"href": "http://10.4.1.3:8774/22b311350e5b43ffbb4612cd935328ac/images/8e8b2ed9-9976-48f2-a6b5-2c4df5211263", "rel": "bookmark"}]}, "OS-EXT-STS:task_state": "spawning", "OS-EXT-STS:vm_state": "building", "OS-SRV-USG:launched_at": null, "flavor": {"id": "42", "links": [{"href": "http://10.4.1.3:8774/22b311350e5b43ffbb4612cd935328ac/flavors/42", "rel": "bookmark"}]}, "id": "7c13d498-84b6-42da-9a32-b6372aa27bee", "security_groups": [{"name": "tempest-secgroup-smoke-1913728541"}], "OS-SRV-USG:terminated_at": null, "OS-EXT-AZ:availability_zone": "nova", "user_id": "675c7ba769d5459ea3b83cbcbe161c1e", "name": "tempest-server-smoke-387885707", "created": "2016-02-17T22:32:58Z", "tenant_id": "22b311350e5b43ffbb4612cd935328ac", "OS-DCF:diskConfig": "MANUAL", "os-extended-volumes:volumes_attached": [], "accessIPv4": "", "accessIPv6": "", "progress": 0, "OS-EXT-STS:power_state": 0, "config_drive": "", "metadata": {}}}
2016-02-17 22:33:05,429 28257 INFO     [tempest_lib.common.rest_client] Request (TestNetworkBasicOps:test_connectivity_between_vms_on_different_networks): 200 GET http://10.4.1.3:8774/v2.1/22b311350e5b43ffbb4612cd935328ac/servers/7c13d498-84b6-42da-9a32-b6372aa27bee 0.640s
2016-02-17 22:33:05,430 28257 DEBUG    [tempest_lib.common.rest_client] Request - Headers: {'Content-Type': 'application/json', 'Accept': 'application/json', 'X-Auth-Token': '&lt;omitted&gt;'}
        Body: None
    Response - Headers: {'status': '200', 'content-length': '1637', 'content-location': 'http://10.4.1.3:8774/v2.1/22b311350e5b43ffbb4612cd935328ac/servers/7c13d498-84b6-42da-9a32-b6372aa27bee', 'x-compute-request-id': 'req-923e161f-ff27-4098-91be-b767ba6daf9e', 'vary': 'X-OpenStack-Nova-API-Version', 'connection': 'close', 'x-openstack-nova-api-version': '2.1', 'date': 'Wed, 17 Feb 2016 22:33:05 GMT', 'content-type': 'application/json'}
        Body: {"server": {"status": "ACTIVE", "updated": "2016-02-17T22:33:04Z", "hostId": "1ec924260d1850b6bc3295c4c97bd46b5dde72c53558bca28d5b4ece", "addresses": {"tempest-network-smoke--113986589": [{"OS-EXT-IPS-MAC:mac_addr": "fa:16:3e:e9:c4:24", "version": 4, "addr": "10.100.0.3", "OS-EXT-IPS:type": "fixed"}]}, "links": [{"href": "http://10.4.1.3:8774/v2.1/22b311350e5b43ffbb4612cd935328ac/servers/7c13d498-84b6-42da-9a32-b6372aa27bee", "rel": "self"}, {"href": "http://10.4.1.3:8774/22b311350e5b43ffbb4612cd935328ac/servers/7c13d498-84b6-42da-9a32-b6372aa27bee", "rel": "bookmark"}], "key_name": "tempest-TestNetworkBasicOps-1057401045", "image": {"id": "8e8b2ed9-9976-48f2-a6b5-2c4df5211263", "links": [{"href": "http://10.4.1.3:8774/22b311350e5b43ffbb4612cd935328ac/images/8e8b2ed9-9976-48f2-a6b5-2c4df5211263", "rel": "bookmark"}]}, "OS-EXT-STS:task_state": null, "OS-EXT-STS:vm_state": "active", "OS-SRV-USG:launched_at": "2016-02-17T22:33:04.000000", "flavor": {"id": "42", "links": [{"href": "http://10.4.1.3:8774/22b311350e5b43ffbb4612cd935328ac/flavors/42", "rel": "bookmark"}]}, "id": "7c13d498-84b6-42da-9a32-b6372aa27bee", "security_groups": [{"name": "tempest-secgroup-smoke-1913728541"}], "OS-SRV-USG:terminated_at": null, "OS-EXT-AZ:availability_zone": "nova", "user_id": "675c7ba769d5459ea3b83cbcbe161c1e", "name": "tempest-server-smoke-387885707", "created": "2016-02-17T22:32:58Z", "tenant_id": "22b311350e5b43ffbb4612cd935328ac", "OS-DCF:diskConfig": "MANUAL", "os-extended-volumes:volumes_attached": [], "accessIPv4": "", "accessIPv6": "", "progress": 0, "OS-EXT-STS:power_state": 1, "config_drive": "True", "metadata": {}}}
2016-02-17 22:33:05,439 28257 INFO     [tempest.common.waiters] State transition "BUILD/spawning" ==&gt; "ACTIVE/None" after 7 second wait
2016-02-17 22:33:06,060 28257 INFO     [tempest_lib.common.rest_client] Request (TestNetworkBasicOps:test_connectivity_between_vms_on_different_networks): 200 GET http://10.4.1.3:8774/v2.1/22b311350e5b43ffbb4612cd935328ac/servers/7c13d498-84b6-42da-9a32-b6372aa27bee 0.621s
2016-02-17 22:33:06,060 28257 DEBUG    [tempest_lib.common.rest_client] Request - Headers: {'Content-Type': 'application/json', 'Accept': 'application/json', 'X-Auth-Token': '&lt;omitted&gt;'}
        Body: None
    Response - Headers: {'status': '200', 'content-length': '1637', 'content-location': 'http://10.4.1.3:8774/v2.1/22b311350e5b43ffbb4612cd935328ac/servers/7c13d498-84b6-42da-9a32-b6372aa27bee', 'x-compute-request-id': 'req-71529c65-163c-46d5-a0df-fd83f10e3778', 'vary': 'X-OpenStack-Nova-API-Version', 'connection': 'close', 'x-openstack-nova-api-version': '2.1', 'date': 'Wed, 17 Feb 2016 22:33:06 GMT', 'content-type': 'application/json'}
        Body: {"server": {"status": "ACTIVE", "updated": "2016-02-17T22:33:04Z", "hostId": "1ec924260d1850b6bc3295c4c97bd46b5dde72c53558bca28d5b4ece", "addresses": {"tempest-network-smoke--113986589": [{"OS-EXT-IPS-MAC:mac_addr": "fa:16:3e:e9:c4:24", "version": 4, "addr": "10.100.0.3", "OS-EXT-IPS:type": "fixed"}]}, "links": [{"href": "http://10.4.1.3:8774/v2.1/22b311350e5b43ffbb4612cd935328ac/servers/7c13d498-84b6-42da-9a32-b6372aa27bee", "rel": "self"}, {"href": "http://10.4.1.3:8774/22b311350e5b43ffbb4612cd935328ac/servers/7c13d498-84b6-42da-9a32-b6372aa27bee", "rel": "bookmark"}], "key_name": "tempest-TestNetworkBasicOps-1057401045", "image": {"id": "8e8b2ed9-9976-48f2-a6b5-2c4df5211263", "links": [{"href": "http://10.4.1.3:8774/22b311350e5b43ffbb4612cd935328ac/images/8e8b2ed9-9976-48f2-a6b5-2c4df5211263", "rel": "bookmark"}]}, "OS-EXT-STS:task_state": null, "OS-EXT-STS:vm_state": "active", "OS-SRV-USG:launched_at": "2016-02-17T22:33:04.000000", "flavor": {"id": "42", "links": [{"href": "http://10.4.1.3:8774/22b311350e5b43ffbb4612cd935328ac/flavors/42", "rel": "bookmark"}]}, "id": "7c13d498-84b6-42da-9a32-b6372aa27bee", "security_groups": [{"name": "tempest-secgroup-smoke-1913728541"}], "OS-SRV-USG:terminated_at": null, "OS-EXT-AZ:availability_zone": "nova", "user_id": "675c7ba769d5459ea3b83cbcbe161c1e", "name": "tempest-server-smoke-387885707", "created": "2016-02-17T22:32:58Z", "tenant_id": "22b311350e5b43ffbb4612cd935328ac", "OS-DCF:diskConfig": "MANUAL", "os-extended-volumes:volumes_attached": [], "accessIPv4": "", "accessIPv6": "", "progress": 0, "OS-EXT-STS:power_state": 1, "config_drive": "True", "metadata": {}}}
2016-02-17 22:33:06,069 28257 INFO     [tempest.scenario.manager] Tenant networks not configured to be reachable.
2016-02-17 22:33:06,269 28257 INFO     [tempest_lib.common.rest_client] Request (TestNetworkBasicOps:test_connectivity_between_vms_on_different_networks): 200 GET http://10.4.1.3:9696/v2.0/ports?fixed_ip=None&amp;device_id=7c13d498-84b6-42da-9a32-b6372aa27bee 0.199s
2016-02-17 22:33:06,269 28257 DEBUG    [tempest_lib.common.rest_client] Request - Headers: {'Content-Type': 'application/json', 'Accept': 'application/json', 'X-Auth-Token': '&lt;omitted&gt;'}
        Body: None
    Response - Headers: {'status': '200', 'content-length': '755', 'content-location': 'http://10.4.1.3:9696/v2.0/ports?fixed_ip=None&amp;device_id=7c13d498-84b6-42da-9a32-b6372aa27bee', 'connection': 'close', 'date': 'Wed, 17 Feb 2016 22:33:06 GMT', 'content-type': 'application/json; charset=UTF-8', 'x-openstack-request-id': 'req-c831f41a-2561-4eff-ba71-3e945f0080c0'}
        Body: {"ports": [{"status": "ACTIVE", "binding:host_id": "vagrant-ubuntu-trusty-64", "name": "", "allowed_address_pairs": [], "admin_state_up": true, "network_id": "c30ed815-535d-409c-9a8e-45a2c1cc2a12", "tenant_id": "22b311350e5b43ffbb4612cd935328ac", "extra_dhcp_opts": [], "mac_address": "fa:16:3e:e9:c4:24", "binding:vif_details": {"port_filter": true}, "binding:vif_type": "ovs", "device_owner": "compute:None", "binding:profile": {}, "port_security_enabled": true, "binding:vnic_type": "normal", "fixed_ips": [{"subnet_id": "b2a1b326-ab1b-49a3-bda9-7956f7958d6d", "ip_address": "10.100.0.3"}], "id": "a409d6ea-baa4-4b15-b4b6-e72e6888572b", "security_groups": ["9e4f2e12-5d13-45da-9168-5a564ae978ba"], "device_id": "7c13d498-84b6-42da-9a32-b6372aa27bee"}]}
2016-02-17 22:33:06,981 28257 INFO     [tempest_lib.common.rest_client] Request (TestNetworkBasicOps:test_connectivity_between_vms_on_different_networks): 201 POST http://10.4.1.3:9696/v2.0/floatingips 0.711s
2016-02-17 22:33:06,982 28257 DEBUG    [tempest_lib.common.rest_client] Request - Headers: {'Content-Type': 'application/json', 'Accept': 'application/json', 'X-Auth-Token': '&lt;omitted&gt;'}
        Body: {"floatingip": {"floating_network_id": "eb6e3bf4-bb47-4bb8-9990-f12a678f1ca7", "tenant_id": "22b311350e5b43ffbb4612cd935328ac", "fixed_ip_address": "10.100.0.3", "port_id": "a409d6ea-baa4-4b15-b4b6-e72e6888572b"}}
    Response - Headers: {'status': '201', 'content-length': '369', 'connection': 'close', 'date': 'Wed, 17 Feb 2016 22:33:06 GMT', 'content-type': 'application/json; charset=UTF-8', 'x-openstack-request-id': 'req-6c8adb43-36b7-4c34-a4d3-f45f7d439549'}
        Body: {"floatingip": {"floating_network_id": "eb6e3bf4-bb47-4bb8-9990-f12a678f1ca7", "router_id": "5548e3ac-43b1-4998-ade9-d1f8b0a03196", "fixed_ip_address": "10.100.0.3", "floating_ip_address": "172.24.4.4", "tenant_id": "22b311350e5b43ffbb4612cd935328ac", "status": "ACTIVE", "port_id": "a409d6ea-baa4-4b15-b4b6-e72e6888572b", "id": "5c7892ef-f296-4cde-b80f-58bdc740414b"}}
2016-02-17 22:33:07,152 28257 INFO     [tempest_lib.common.rest_client] Request (TestNetworkBasicOps:test_connectivity_between_vms_on_different_networks): 200 GET http://10.4.1.3:9696/v2.0/floatingips/5c7892ef-f296-4cde-b80f-58bdc740414b 0.169s
2016-02-17 22:33:07,153 28257 DEBUG    [tempest_lib.common.rest_client] Request - Headers: {'Content-Type': 'application/json', 'Accept': 'application/json', 'X-Auth-Token': '&lt;omitted&gt;'}
        Body: None
    Response - Headers: {'status': '200', 'content-length': '369', 'content-location': 'http://10.4.1.3:9696/v2.0/floatingips/5c7892ef-f296-4cde-b80f-58bdc740414b', 'connection': 'close', 'date': 'Wed, 17 Feb 2016 22:33:07 GMT', 'content-type': 'application/json; charset=UTF-8', 'x-openstack-request-id': 'req-01c24fe0-9f0f-4976-a4ae-3542ab6cb703'}
        Body: {"floatingip": {"floating_network_id": "eb6e3bf4-bb47-4bb8-9990-f12a678f1ca7", "router_id": "5548e3ac-43b1-4998-ade9-d1f8b0a03196", "fixed_ip_address": "10.100.0.3", "floating_ip_address": "172.24.4.4", "tenant_id": "22b311350e5b43ffbb4612cd935328ac", "status": "ACTIVE", "port_id": "a409d6ea-baa4-4b15-b4b6-e72e6888572b", "id": "5c7892ef-f296-4cde-b80f-58bdc740414b"}}
2016-02-17 22:33:07,153 28257 INFO     [tempest.scenario.manager] FloatingIP: &lt;"FloatingIP" addr="172.24.4.4" id="5c7892ef-f296-4cde-b80f-58bdc740414b"&gt; is at status: ACTIVE
2016-02-17 22:33:07,153 28257 DEBUG    [tempest.scenario.manager] checking network connections to IP 172.24.4.4 with user: cirros
2016-02-17 22:33:07,154 28257 DEBUG    [tempest.scenario.manager] TestNetworkBasicOps:test_connectivity_between_vms_on_different_networks begins to ping 172.24.4.4 in 120 sec and the expected result is reachable
2016-02-17 22:35:08,764 28257 DEBUG    [tempest.scenario.manager] TestNetworkBasicOps:test_connectivity_between_vms_on_different_networks finishes ping 172.24.4.4 in 120 sec and the ping result is unexpected
2016-02-17 22:35:08,765 28257 ERROR    [tempest.scenario.manager] Public network connectivity check failed
2016-02-17 22:35:08.765 28257 ERROR tempest.scenario.manager Traceback (most recent call last):
2016-02-17 22:35:08.765 28257 ERROR tempest.scenario.manager   File "tempest/scenario/manager.py", line 598, in check_public_network_connectivity
2016-02-17 22:35:08.765 28257 ERROR tempest.scenario.manager     should_connect=should_connect)
2016-02-17 22:35:08.765 28257 ERROR tempest.scenario.manager   File "tempest/scenario/manager.py", line 582, in check_vm_connectivity
2016-02-17 22:35:08.765 28257 ERROR tempest.scenario.manager     msg=msg)
2016-02-17 22:35:08.765 28257 ERROR tempest.scenario.manager   File "/usr/local/lib/python2.7/dist-packages/unittest2/case.py", line 702, in assertTrue
2016-02-17 22:35:08.765 28257 ERROR tempest.scenario.manager     raise self.failureException(msg)
2016-02-17 22:35:08.765 28257 ERROR tempest.scenario.manager AssertionError: False is not true : Timed out waiting for 172.24.4.4 to become reachable
2016-02-17 22:35:08.765 28257 ERROR tempest.scenario.manager 
2016-02-17 22:35:09,182 28257 INFO     [tempest_lib.common.rest_client] Request (TestNetworkBasicOps:test_connectivity_between_vms_on_different_networks): 200 POST http://10.4.1.3:8774/v2.1/22b311350e5b43ffbb4612cd935328ac/servers/7c13d498-84b6-42da-9a32-b6372aa27bee/action 0.413s
2016-02-17 22:35:09,184 28257 DEBUG    [tempest_lib.common.rest_client] Request - Headers: {'Content-Type': 'application/json', 'Accept': 'application/json', 'X-Auth-Token': '&lt;omitted&gt;'}
        Body: {"os-getConsoleOutput": {}}
    Response - Headers: {'status': '200', 'content-length': '17428', 'x-compute-request-id': 'req-f418f636-82c1-4119-90e7-ed1db485d993', 'vary': 'X-OpenStack-Nova-API-Version', 'connection': 'close', 'x-openstack-nova-api-version': '2.1', 'date': 'Wed, 17 Feb 2016 22:35:09 GMT', 'content-type': 'application/json'}
        Body: {"output": "[    0.000000] Initializing cgroup subsys cpuset\n[    0.000000] Initializing cgroup subsys cpu\n[    0.000000] Linux version 3.2.0-80-virtual (buildd@batsu) (gcc version 4.6.3 (Ubuntu/Linaro 4.6.3-1ubuntu5) ) #116-Ubuntu SMP Mon Mar 23 17:28:52 UTC 2015 (Ubuntu 3.2.0-80.116-virtual 3.2.68)\n[    0.000000] Command line: root=/dev/vda console=tty0 console=ttyS0 no_timer_check\n[    0.000000] KERNEL supported cpus:\n[    0.000000]   Intel GenuineIntel\n[    0.000000]   AMD AuthenticAMD\n[    0.000000]   Centaur CentaurHauls\n[    0.000000] BIOS-provided physical RAM map:\n[    0.000000]  BIOS-e820: 0000000000000000 - 000000000009fc00 (usable)\n[    0.000000]  BIOS-e820: 000000000009fc00 - 00000000000a0000 (reserved)\n[    0.000000]  BIOS-e820: 00000000000f0000 - 0000000000100000 (reserved)\n[    0.000000]  BIOS-e820: 0000000000100000 - 0000000003ffe000 (usable)\n[    0.000000]  BIOS-e820: 0000000003ffe000 - 0000000004000000 (reserved)\n[    0.000000]  BIOS-e820: 00000000fffc0000 - 0000000100000000 (reserved)\n[    0.000000] NX (Execute Disable) protection: active\n[    0.000000] SMBIOS 2.4 present.\n[    0.000000] No AGP bridge found\n[    0.000000] last_pfn = 0x3ffe max_arch_pfn = 0x400000000\n[    0.000000] x86 PAT enabled: cpu 0, old 0x7040600070406, new 0x7010600070106\n[    0.000000] found SMP MP-table at [ffff8800000f0b00] f0b00\n[    0.000000] init_memory_mapping: 0000000000000000-0000000003ffe000\n[    0.000000] RAMDISK: 03c5e000 - 03ff0000\n[    0.000000] ACPI: RSDP 00000000000f0950 00014 (v00 BOCHS )\n[    0.000000] ACPI: RSDT 0000000003fffbc1 00034 (v01 BOCHS  BXPCRSDT 00000001 BXPC 00000001)\n[    0.000000] ACPI: FACP 0000000003fff1c0 00074 (v01 BOCHS  BXPCFACP 00000001 BXPC 00000001)\n[    0.000000] ACPI: DSDT 0000000003ffe040 01180 (v01 BOCHS  BXPCDSDT 00000001 BXPC 00000001)\n[    0.000000] ACPI: FACS 0000000003ffe000 00040\n[    0.000000] ACPI: SSDT 0000000003fff234 008DD (v01 BOCHS  BXPCSSDT 00000001 BXPC 00000001)\n[    0.000000] ACPI: APIC 0000000003fffb11 00078 (v01 BOCHS  BXPCAPIC 00000001 BXPC 00000001)\n[    0.000000] ACPI: HPET 0000000003fffb89 00038 (v01 BOCHS  BXPCHPET 00000001 BXPC 00000001)\n[    0.000000] No NUMA configuration found\n[    0.000000] Faking a node at 0000000000000000-0000000003ffe000\n[    0.000000] Initmem setup node 0 0000000000000000-0000000003ffe000\n[    0.000000]   NODE_DATA [0000000003ff6000 - 0000000003ffafff]\n[    0.000000] Zone PFN ranges:\n[    0.000000]   DMA      0x00000010 -&gt; 0x00001000\n[    0.000000]   DMA32    0x00001000 -&gt; 0x00100000\n[    0.000000]   Normal   empty\n[    0.000000] Movable zone start PFN for each node\n[    0.000000] early_node_map[2] active PFN ranges\n[    0.000000]     0: 0x00000010 -&gt; 0x0000009f\n[    0.000000]     0: 0x00000100 -&gt; 0x00003ffe\n[    0.000000] ACPI: PM-Timer IO Port: 0xb008\n[    0.000000] ACPI: LAPIC (acpi_id[0x00] lapic_id[0x00] enabled)\n[    0.000000] ACPI: LAPIC_NMI (acpi_id[0xff] dfl dfl lint[0x1])\n[    0.000000] ACPI: IOAPIC (id[0x00] address[0xfec00000] gsi_base[0])\n[    0.000000] IOAPIC[0]: apic_id 0, version 17, address 0xfec00000, GSI 0-23\n[    0.000000] ACPI: INT_SRC_OVR (bus 0 bus_irq 0 global_irq 2 dfl dfl)\n[    0.000000] ACPI: INT_SRC_OVR (bus 0 bus_irq 5 global_irq 5 high level)\n[    0.000000] ACPI: INT_SRC_OVR (bus 0 bus_irq 9 global_irq 9 high level)\n[    0.000000] ACPI: INT_SRC_OVR (bus 0 bus_irq 10 global_irq 10 high level)\n[    0.000000] ACPI: INT_SRC_OVR (bus 0 bus_irq 11 global_irq 11 high level)\n[    0.000000] Using ACPI (MADT) for SMP configuration information\n[    0.000000] ACPI: HPET id: 0x8086a201 base: 0xfed00000\n[    0.000000] SMP: Allowing 1 CPUs, 0 hotplug CPUs\n[    0.000000] PM: Registered nosave memory: 000000000009f000 - 00000000000a0000\n[    0.000000] PM: Registered nosave memory: 00000000000a0000 - 00000000000f0000\n[    0.000000] PM: Registered nosave memory: 00000000000f0000 - 0000000000100000\n[    0.000000] Allocating PCI resources starting at 4000000 (gap: 4000000:fbfc0000)\n[    0.000000] Booting paravirtualized kernel on bare hardware\n[    0.000000] setup_pe
2016-02-17 22:35:09,188 28257 DEBUG    [tempest.scenario.manager] Console output for 7c13d498-84b6-42da-9a32-b6372aa27bee
body=
[    0.000000] Initializing cgroup subsys cpuset
[    0.000000] Initializing cgroup subsys cpu
[    0.000000] Linux version 3.2.0-80-virtual (buildd@batsu) (gcc version 4.6.3 (Ubuntu/Linaro 4.6.3-1ubuntu5) ) #116-Ubuntu SMP Mon Mar 23 17:28:52 UTC 2015 (Ubuntu 3.2.0-80.116-virtual 3.2.68)
[    0.000000] Command line: root=/dev/vda console=tty0 console=ttyS0 no_timer_check
[    0.000000] KERNEL supported cpus:
[    0.000000]   Intel GenuineIntel
[    0.000000]   AMD AuthenticAMD
[    0.000000]   Centaur CentaurHauls
[    0.000000] BIOS-provided physical RAM map:
[    0.000000]  BIOS-e820: 0000000000000000 - 000000000009fc00 (usable)
[    0.000000]  BIOS-e820: 000000000009fc00 - 00000000000a0000 (reserved)
[    0.000000]  BIOS-e820: 00000000000f0000 - 0000000000100000 (reserved)
[    0.000000]  BIOS-e820: 0000000000100000 - 0000000003ffe000 (usable)
[    0.000000]  BIOS-e820: 0000000003ffe000 - 0000000004000000 (reserved)
[    0.000000]  BIOS-e820: 00000000fffc0000 - 0000000100000000 (reserved)
[    0.000000] NX (Execute Disable) protection: active
[    0.000000] SMBIOS 2.4 present.
[    0.000000] No AGP bridge found
[    0.000000] last_pfn = 0x3ffe max_arch_pfn = 0x400000000
[    0.000000] x86 PAT enabled: cpu 0, old 0x7040600070406, new 0x7010600070106
[    0.000000] found SMP MP-table at [ffff8800000f0b00] f0b00
[    0.000000] init_memory_mapping: 0000000000000000-0000000003ffe000
[    0.000000] RAMDISK: 03c5e000 - 03ff0000
[    0.000000] ACPI: RSDP 00000000000f0950 00014 (v00 BOCHS )
[    0.000000] ACPI: RSDT 0000000003fffbc1 00034 (v01 BOCHS  BXPCRSDT 00000001 BXPC 00000001)
[    0.000000] ACPI: FACP 0000000003fff1c0 00074 (v01 BOCHS  BXPCFACP 00000001 BXPC 00000001)
[    0.000000] ACPI: DSDT 0000000003ffe040 01180 (v01 BOCHS  BXPCDSDT 00000001 BXPC 00000001)
[    0.000000] ACPI: FACS 0000000003ffe000 00040
[    0.000000] ACPI: SSDT 0000000003fff234 008DD (v01 BOCHS  BXPCSSDT 00000001 BXPC 00000001)
[    0.000000] ACPI: APIC 0000000003fffb11 00078 (v01 BOCHS  BXPCAPIC 00000001 BXPC 00000001)
[    0.000000] ACPI: HPET 0000000003fffb89 00038 (v01 BOCHS  BXPCHPET 00000001 BXPC 00000001)
[    0.000000] No NUMA configuration found
[    0.000000] Faking a node at 0000000000000000-0000000003ffe000
[    0.000000] Initmem setup node 0 0000000000000000-0000000003ffe000
[    0.000000]   NODE_DATA [0000000003ff6000 - 0000000003ffafff]
[    0.000000] Zone PFN ranges:
[    0.000000]   DMA      0x00000010 -&gt; 0x00001000
[    0.000000]   DMA32    0x00001000 -&gt; 0x00100000
[    0.000000]   Normal   empty
[    0.000000] Movable zone start PFN for each node
[    0.000000] early_node_map[2] active PFN ranges
[    0.000000]     0: 0x00000010 -&gt; 0x0000009f
[    0.000000]     0: 0x00000100 -&gt; 0x00003ffe
[    0.000000] ACPI: PM-Timer IO Port: 0xb008
[    0.000000] ACPI: LAPIC (acpi_id[0x00] lapic_id[0x00] enabled)
[    0.000000] ACPI: LAPIC_NMI (acpi_id[0xff] dfl dfl lint[0x1])
[    0.000000] ACPI: IOAPIC (id[0x00] address[0xfec00000] gsi_base[0])
[    0.000000] IOAPIC[0]: apic_id 0, version 17, address 0xfec00000, GSI 0-23
[    0.000000] ACPI: INT_SRC_OVR (bus 0 bus_irq 0 global_irq 2 dfl dfl)
[    0.000000] ACPI: INT_SRC_OVR (bus 0 bus_irq 5 global_irq 5 high level)
[    0.000000] ACPI: INT_SRC_OVR (bus 0 bus_irq 9 global_irq 9 high level)
[    0.000000] ACPI: INT_SRC_OVR (bus 0 bus_irq 10 global_irq 10 high level)
[    0.000000] ACPI: INT_SRC_OVR (bus 0 bus_irq 11 global_irq 11 high level)
[    0.000000] Using ACPI (MADT) for SMP configuration information
[    0.000000] ACPI: HPET id: 0x8086a201 base: 0xfed00000
[    0.000000] SMP: Allowing 1 CPUs, 0 hotplug CPUs
[    0.000000] PM: Registered nosave memory: 000000000009f000 - 00000000000a0000
[    0.000000] PM: Registered nosave memory: 00000000000a0000 - 00000000000f0000
[    0.000000] PM: Registered nosave memory: 00000000000f0000 - 0000000000100000
[    0.000000] Allocating PCI resources starting at 4000000 (gap: 4000000:fbfc0000)
[    0.000000] Booting paravirtualized kernel on bare hardware
[    0.000000] setup_percpu: NR_CPUS:64 nr_cpumask_bits:64 nr_cpu_ids:1 nr_node_ids:1
[    0.000000] PERCPU: Embedded 27 pages/cpu @ffff880003a00000 s78848 r8192 d23552 u2097152
[    0.000000] Built 1 zonelists in Node order, mobility grouping on.  Total pages: 16008
[    0.000000] Policy zone: DMA32
[    0.000000] Kernel command line: root=/dev/vda console=tty0 console=ttyS0 no_timer_check
[    0.000000] PID hash table entries: 256 (order: -1, 2048 bytes)
[    0.000000] Checking aperture...
[    0.000000] No AGP bridge found
[    0.000000] Memory: 43492k/65528k available (6576k kernel code, 452k absent, 21584k reserved, 6620k data, 928k init)
[    0.000000] SLUB: Genslabs=15, HWalign=64, Order=0-3, MinObjects=0, CPUs=1, Nodes=1
[    0.000000] Hierarchical RCU implementation.
[    0.000000] 	RCU dyntick-idle grace-period acceleration is enabled.
[    0.000000] NR_IRQS:4352 nr_irqs:256 16
[    0.000000] Console: colour VGA+ 80x25
[    0.000000] console [tty0] enabled
[    0.000000] console [ttyS0] enabled
[    0.000000] allocated 1048576 bytes of page_cgroup
[    0.000000] please try 'cgroup_disable=memory' option if you don't want memory cgroups
[    0.000000] Fast TSC calibration failed
[    0.000000] TSC: Unable to calibrate against PIT
[    0.000000] TSC: using HPET reference calibration
[    0.000000] Detected 2293.073 MHz processor.
[    0.037409] Calibrating delay loop (skipped), value calculated using timer frequency.. 4586.14 BogoMIPS (lpj=9172292)
[    0.039592] pid_max: default: 32768 minimum: 301
[    0.046803] Security Framework initialized
[    0.051365] AppArmor: AppArmor initialized
[    0.052119] Yama: becoming mindful.
[    0.059129] Dentry cache hash table entries: 8192 (order: 4, 65536 bytes)
[    0.060609] Inode-cache hash table entries: 4096 (order: 3, 32768 bytes)
[    0.062132] Mount-cache hash table entries: 256
[    0.077766] Initializing cgroup subsys cpuacct
[    0.078684] Initializing cgroup subsys memory
[    0.080481] Initializing cgroup subsys devices
[    0.081479] Initializing cgroup subsys freezer
[    0.082179] Initializing cgroup subsys blkio
[    0.082896] Initializing cgroup subsys perf_event
[    0.087129] mce: CPU supports 10 MCE banks
[    0.090360] SMP alternatives: switching to UP code
[    0.460213] Freeing SMP alternatives: 24k freed
[    0.461956] ACPI: Core revision 20110623
[    0.505972] ftrace: allocating 26610 entries in 105 pages
[    0.538376] ..TIMER: vector=0x30 apic1=0 pin1=2 apic2=-1 pin2=-1
[    0.540159] CPU0: AMD QEMU Virtual CPU version 2.0.0 stepping 03
[    0.544033] Performance Events: Broken PMU hardware detected, using software events only.
[    0.553935] NMI watchdog disabled (cpu0): hardware events not enabled
[    0.557312] Brought up 1 CPUs
[    0.560352] Total of 1 processors activated (4586.14 BogoMIPS).
[    0.596841] devtmpfs: initialized
[    0.632429] EVM: security.selinux
[    0.632915] EVM: security.SMACK64
[    0.633354] EVM: security.capability
[    0.656560] print_constraints: dummy: 
[    0.657622] RTC time: 22:33:07, date: 02/17/16
[    0.660879] NET: Registered protocol family 16
[    0.669523] ACPI: bus type pci registered
[    0.673348] PCI: Using configuration type 1 for base access
[    0.705851] bio: create slab &lt;bio-0&gt; at 0
[    0.710095] ACPI: Added _OSI(Module Device)
[    0.711484] ACPI: Added _OSI(Processor Device)
[    0.712102] ACPI: Added _OSI(3.0 _SCP Extensions)
[    0.712821] ACPI: Added _OSI(Processor Aggregator Device)
[    0.800668] ACPI: Interpreter enabled
[    0.801781] ACPI: (supports S0 S3 S4 S5)
[    0.805728] ACPI: Using IOAPIC for interrupt routing
[    0.889209] ACPI: No dock devices found.
[    0.889990] HEST: Table not found.
[    0.890736] PCI: Using host bridge windows from ACPI; if necessary, use "pci=nocrs" and report a bug
[    0.898675] ACPI: PCI Root Bridge [PCI0] (domain 0000 [bus 00-ff])
[    0.905057] pci_root PNP0A03:00: host bridge window [io  0x0000-0x0cf7]
[    0.905991] pci_root PNP0A03:00: host bridge window [io  0x0d00-0xadff]
[    0.906886] pci_root PNP0A03:00: host bridge window [io  0xae0f-0xaeff]
[    0.908109] pci_root PNP0A03:00: host bridge window [io  0xaf20-0xafdf]
[    0.908921] pci_root PNP0A03:00: host bridge window [io  0xafe4-0xffff]
[    0.909790] pci_root PNP0A03:00: host bridge window [mem 0x000a0000-0x000bffff]
[    0.910802] pci_root PNP0A03:00: host bridge window [mem 0x04000000-0xfebfffff]
[    0.940295] pci 0000:00:01.3: quirk: [io  0xb000-0xb03f] claimed by PIIX4 ACPI
[    0.941292] pci 0000:00:01.3: quirk: [io  0xb100-0xb10f] claimed by PIIX4 SMB
[    1.010213]  pci0000:00: Unable to request _OSC control (_OSC support mask: 0x1e)
[    1.074268] ACPI: PCI Interrupt Link [LNKA] (IRQs 5 *10 11)
[    1.077897] ACPI: PCI Interrupt Link [LNKB] (IRQs 5 *10 11)
[    1.080437] ACPI: PCI Interrupt Link [LNKC] (IRQs 5 10 *11)
[    1.082030] ACPI: PCI Interrupt Link [LNKD] (IRQs 5 10 *11)
[    1.083522] ACPI: PCI Interrupt Link [LNKS] (IRQs *9)
[    1.090151] vgaarb: device added: PCI:0000:00:02.0,decodes=io+mem,owns=io+mem,locks=none
[    1.092077] vgaarb: loaded
[    1.092499] vgaarb: bridge control possible 0000:00:02.0
[    1.097903] i2c-core: driver [aat2870] using legacy suspend method
[    1.098729] i2c-core: driver [aat2870] using legacy resume method
[    1.101717] SCSI subsystem initialized
[    1.105652] usbcore: registered new interface driver usbfs
[    1.108284] usbcore: registered new interface driver hub
[    1.109532] usbcore: registered new device driver usb
[    1.114280] PCI: Using ACPI for IRQ routing
[    1.126401] NetLabel: Initializing
[    1.126841] NetLabel:  domain hash size = 128
[    1.128146] NetLabel:  protocols = UNLABELED CIPSOv4
[    1.130030] NetLabel:  unlabeled traffic allowed by default
[    1.133027] HPET: 3 timers in total, 0 timers will be used for per-cpu timer
[    1.134273] hpet0: at MMIO 0xfed00000, IRQs 2, 8, 0
[    1.136542] hpet0: 3 comparators, 64-bit 100.000000 MHz counter
[    1.146981] Switching to clocksource hpet
[    1.396956] AppArmor: AppArmor Filesystem Enabled
[    1.398604] pnp: PnP ACPI init
[    1.399242] ACPI: bus type pnp registered
[    1.422173] pnp: PnP ACPI: found 9 devices
[    1.422729] ACPI: ACPI bus type pnp unregistered
[    1.491291] NET: Registered protocol family 2
[    1.530847] IP route cache hash table entries: 512 (order: 0, 4096 bytes)
[    1.541895] TCP established hash table entries: 2048 (order: 3, 32768 bytes)
[    1.549210] TCP bind hash table entries: 2048 (order: 3, 32768 bytes)
[    1.550665] TCP: Hash tables configured (established 2048 bind 2048)
[    1.552410] TCP reno registered
[    1.554145] UDP hash table entries: 128 (order: 0, 4096 bytes)
[    1.555300] UDP-Lite hash table entries: 128 (order: 0, 4096 bytes)
[    1.557133] NET: Registered protocol family 1
[    1.557133] pci 0000:00:00.0: Limiting direct PCI/PCI transfers
[    1.561491] pci 0000:00:01.0: PIIX3: Enabling Passive Release
[    1.562368] pci 0000:00:01.0: Activating ISA DMA hang workarounds
[    1.567566] ACPI: PCI Interrupt Link [LNKD] enabled at IRQ 11
[    1.569680] pci 0000:00:01.2: PCI INT D -&gt; Link[LNKD] -&gt; GSI 11 (level, high) -&gt; IRQ 11
[    1.571868] pci 0000:00:01.2: PCI INT D disabled
[    1.597901] Trying to unpack rootfs image as initramfs...
[    1.617316] audit: initializing netlink socket (disabled)
[    1.619212] type=2000 audit(1455748387.616:1): initialized
[    1.871306] HugeTLB registered 2 MB page size, pre-allocated 0 pages
[    1.967972] VFS: Disk quotas dquot_6.5.2
[    1.970057] Dquot-cache hash table entries: 512 (order 0, 4096 bytes)
[    1.985736] fuse init (API version 7.17)
[    1.988128] msgmni has been set to 84
[    2.027620] Block layer SCSI generic (bsg) driver version 0.4 loaded (major 253)
[    2.030530] io scheduler noop registered
[    2.031236] io scheduler deadline registered (default)
[    2.032887] io scheduler cfq registered
[    2.035986] pci_hotplug: PCI Hot Plug PCI Core version: 0.5
[    2.038724] pciehp: PCI Express Hot Plug Controller Driver version: 0.4
[    2.044064] input: Power Button as /devices/LNXSYSTM:00/LNXPWRBN:00/input/input0
[    2.046310] ACPI: Power Button [PWRF]
[    2.103141] ERST: Table is not found!
[    2.103705] GHES: HEST is not enabled!
[    2.114299] ACPI: PCI Interrupt Link [LNKC] enabled at IRQ 10
[    2.115548] virtio-pci 0000:00:03.0: PCI INT A -&gt; Link[LNKC] -&gt; GSI 10 (level, high) -&gt; IRQ 10
[    2.119940] virtio-pci 0000:00:04.0: PCI INT A -&gt; Link[LNKD] -&gt; GSI 11 (level, high) -&gt; IRQ 11
[    2.131569] ACPI: PCI Interrupt Link [LNKA] enabled at IRQ 10
[    2.132558] virtio-pci 0000:00:05.0: PCI INT A -&gt; Link[LNKA] -&gt; GSI 10 (level, high) -&gt; IRQ 10
[    2.142729] Serial: 8250/16550 driver, 32 ports, IRQ sharing enabled
[    2.182780] serial8250: ttyS0 at I/O 0x3f8 (irq = 4) is a 16550A
[    2.265229] serial8250: ttyS1 at I/O 0x2f8 (irq = 3) is a 16550A
[    2.405587] 00:05: ttyS0 at I/O 0x3f8 (irq = 4) is a 16550A
[    2.502125] 00:06: ttyS1 at I/O 0x2f8 (irq = 3) is a 16550A
[    2.556048] Linux agpgart interface v0.103
[    2.579107] Refined TSC clocksource calibration: 2293.189 MHz.
[    2.581408] Switching to clocksource tsc
[    2.633982] brd: module loaded
[    2.661459] loop: module loaded
[    2.710646]  vda: unknown partition table
[    2.766253] scsi0 : ata_piix
[    2.778407] scsi1 : ata_piix
[    2.780396] ata1: PATA max MWDMA2 cmd 0x1f0 ctl 0x3f6 bmdma 0xc0a0 irq 14
[    2.782515] ata2: PATA max MWDMA2 cmd 0x170 ctl 0x376 bmdma 0xc0a8 irq 15
[    2.794563] Fixed MDIO Bus: probed
[    2.795663] tun: Universal TUN/TAP device driver, 1.6
[    2.796884] tun: (C) 1999-2004 Max Krasnyansky &lt;maxk@qualcomm.com&gt;
[    2.813542] PPP generic driver version 2.4.2
[    2.838467] ehci_hcd: USB 2.0 'Enhanced' Host Controller (EHCI) Driver
[    2.839570] ohci_hcd: USB 1.1 'Open' Host Controller (OHCI) Driver
[    2.841390] uhci_hcd: USB Universal Host Controller Interface driver
[    2.843270] uhci_hcd 0000:00:01.2: PCI INT D -&gt; Link[LNKD] -&gt; GSI 11 (level, high) -&gt; IRQ 11
[    2.847820] uhci_hcd 0000:00:01.2: UHCI Host Controller
[    2.869335] uhci_hcd 0000:00:01.2: new USB bus registered, assigned bus number 1
[    2.871309] uhci_hcd 0000:00:01.2: irq 11, io base 0x0000c040
[    2.909284] hub 1-0:1.0: USB hub found
[    2.912689] hub 1-0:1.0: 2 ports detected
[    2.921988] usbcore: registered new interface driver libusual
[    2.925300] i8042: PNP: PS/2 Controller [PNP0303:KBD,PNP0f13:MOU] at 0x60,0x64 irq 1,12
[    2.935770] serio: i8042 KBD port at 0x60,0x64 irq 1
[    2.938536] serio: i8042 AUX port at 0x60,0x64 irq 12
[    3.009529] mousedev: PS/2 mouse device common for all mice
[    3.019154] ata2.01: ATAPI: QEMU DVD-ROM, 2.0.0, max UDMA/100
[    3.033923] input: AT Translated Set 2 keyboard as /devices/platform/i8042/serio0/input/input1
[    3.039422] rtc_cmos 00:01: RTC can wake from S4
[    3.054801] rtc_cmos 00:01: rtc core: registered rtc_cmos as rtc0
[    3.057934] rtc0: alarms up to one day, 114 bytes nvram, hpet irqs
[    3.061292] device-mapper: uevent: version 1.0.3
[    3.075484] ata2.01: configured for MWDMA2
[    3.106482] device-mapper: ioctl: 4.22.0-ioctl (2011-10-19) initialised: dm-devel@redhat.com
[    3.110540] cpuidle: using governor ladder
[    3.111728] cpuidle: using governor menu
[    3.113293] EFI Variables Facility v0.08 2004-May-17
[    3.124104] TCP cubic registered
[    3.131939] NET: Registered protocol family 10
[    3.166789] NET: Registered protocol family 17
[    3.168167] Registering the dns_resolver key type
[    3.182726] scsi 1:0:1:0: CD-ROM            QEMU     QEMU DVD-ROM     2.0. PQ: 0 ANSI: 5
[    3.208020] sr0: scsi3-mmc drive: 4x/4x cd/rw xa/form2 tray
[    3.210953] cdrom: Uniform CD-ROM driver Revision: 3.20
[    3.229557] sr 1:0:1:0: Attached scsi generic sg0 type 5
[    3.290388] registered taskstats version 1
[    3.403385] Freeing initrd memory: 3656k freed
[    3.928613]   Magic number: 4:616:603
[    3.941598] rtc_cmos 00:01: setting system clock to 2016-02-17 22:33:10 UTC (1455748390)
[    3.944605] powernow-k8: Processor cpuid 663 not supported
[    3.952529] BIOS EDD facility v0.16 2004-Jun-25, 0 devices found
[    3.954146] EDD information not available.
[    4.031367] Freeing unused kernel memory: 928k freed
[    4.041593] Write protecting the kernel read-only data: 12288k
[    4.151575] Freeing unused kernel memory: 1596k freed
[    4.210785] Freeing unused kernel memory: 1184k freed

info: initramfs: up at 4.38
modprobe: module virtio_blk not found in modules.dep
modprobe: module virtio_net not found in modules.dep
info: copying initramfs to /dev/vda
info: initramfs loading root from /dev/vda
info: /etc/init.d/rc.sysinit: up at 9.03
info: container: none
Starting logging: OK
modprobe: module virtio_blk not found in modules.dep
modprobe: module virtio_net not found in modules.dep
WARN: /etc/rc3.d/S10-load-modules failed
Initializing random number generator... done.
Starting acpid: OK
cirros-ds 'local' up at 11.51
found datasource (configdrive, local)
Starting network...
udhcpc (v1.20.1) started
Sending discover...
Sending discover...

2016-02-17 22:35:09,636 28257 INFO     [tempest_lib.common.rest_client] Request (TestNetworkBasicOps:_run_cleanups): 204 DELETE http://10.4.1.3:9696/v2.0/floatingips/5c7892ef-f296-4cde-b80f-58bdc740414b 0.441s
2016-02-17 22:35:09,637 28257 DEBUG    [tempest_lib.common.rest_client] Request - Headers: {'Content-Type': 'application/json', 'Accept': 'application/json', 'X-Auth-Token': '&lt;omitted&gt;'}
        Body: None
    Response - Headers: {'date': 'Wed, 17 Feb 2016 22:35:09 GMT', 'status': '204', 'connection': 'close', 'content-length': '0', 'x-openstack-request-id': 'req-06b6266c-4902-4e0e-b414-4cda17e00548'}
        Body: 
2016-02-17 22:35:10,099 28257 INFO     [tempest_lib.common.rest_client] Request (TestNetworkBasicOps:_run_cleanups): 204 DELETE http://10.4.1.3:8774/v2.1/22b311350e5b43ffbb4612cd935328ac/servers/7c13d498-84b6-42da-9a32-b6372aa27bee 0.461s
2016-02-17 22:35:10,100 28257 DEBUG    [tempest_lib.common.rest_client] Request - Headers: {'Content-Type': 'application/json', 'Accept': 'application/json', 'X-Auth-Token': '&lt;omitted&gt;'}
        Body: None
    Response - Headers: {'status': '204', 'content-length': '0', 'x-compute-request-id': 'req-c03cce47-fd83-45f4-a6f5-d630a9a513ad', 'vary': 'X-OpenStack-Nova-API-Version', 'connection': 'close', 'x-openstack-nova-api-version': '2.1', 'date': 'Wed, 17 Feb 2016 22:35:10 GMT', 'content-type': 'application/json'}
        Body: 
2016-02-17 22:35:10,843 28257 INFO     [tempest_lib.common.rest_client] Request (TestNetworkBasicOps:_run_cleanups): 200 GET http://10.4.1.3:8774/v2.1/22b311350e5b43ffbb4612cd935328ac/servers/7c13d498-84b6-42da-9a32-b6372aa27bee 0.741s
2016-02-17 22:35:10,843 28257 DEBUG    [tempest_lib.common.rest_client] Request - Headers: {'Content-Type': 'application/json', 'Accept': 'application/json', 'X-Auth-Token': '&lt;omitted&gt;'}
        Body: None
    Response - Headers: {'status': '200', 'content-length': '1760', 'content-location': 'http://10.4.1.3:8774/v2.1/22b311350e5b43ffbb4612cd935328ac/servers/7c13d498-84b6-42da-9a32-b6372aa27bee', 'x-compute-request-id': 'req-17e8e938-d59c-4b2f-a143-a60443cf2389', 'vary': 'X-OpenStack-Nova-API-Version', 'connection': 'close', 'x-openstack-nova-api-version': '2.1', 'date': 'Wed, 17 Feb 2016 22:35:10 GMT', 'content-type': 'application/json'}
        Body: {"server": {"status": "ACTIVE", "updated": "2016-02-17T22:35:10Z", "hostId": "1ec924260d1850b6bc3295c4c97bd46b5dde72c53558bca28d5b4ece", "addresses": {"tempest-network-smoke--113986589": [{"OS-EXT-IPS-MAC:mac_addr": "fa:16:3e:e9:c4:24", "version": 4, "addr": "10.100.0.3", "OS-EXT-IPS:type": "fixed"}, {"OS-EXT-IPS-MAC:mac_addr": "fa:16:3e:e9:c4:24", "version": 4, "addr": "172.24.4.4", "OS-EXT-IPS:type": "floating"}]}, "links": [{"href": "http://10.4.1.3:8774/v2.1/22b311350e5b43ffbb4612cd935328ac/servers/7c13d498-84b6-42da-9a32-b6372aa27bee", "rel": "self"}, {"href": "http://10.4.1.3:8774/22b311350e5b43ffbb4612cd935328ac/servers/7c13d498-84b6-42da-9a32-b6372aa27bee", "rel": "bookmark"}], "key_name": "tempest-TestNetworkBasicOps-1057401045", "image": {"id": "8e8b2ed9-9976-48f2-a6b5-2c4df5211263", "links": [{"href": "http://10.4.1.3:8774/22b311350e5b43ffbb4612cd935328ac/images/8e8b2ed9-9976-48f2-a6b5-2c4df5211263", "rel": "bookmark"}]}, "OS-EXT-STS:task_state": "deleting", "OS-EXT-STS:vm_state": "active", "OS-SRV-USG:launched_at": "2016-02-17T22:33:04.000000", "flavor": {"id": "42", "links": [{"href": "http://10.4.1.3:8774/22b311350e5b43ffbb4612cd935328ac/flavors/42", "rel": "bookmark"}]}, "id": "7c13d498-84b6-42da-9a32-b6372aa27bee", "security_groups": [{"name": "tempest-secgroup-smoke-1913728541"}], "OS-SRV-USG:terminated_at": null, "OS-EXT-AZ:availability_zone": "nova", "user_id": "675c7ba769d5459ea3b83cbcbe161c1e", "name": "tempest-server-smoke-387885707", "created": "2016-02-17T22:32:58Z", "tenant_id": "22b311350e5b43ffbb4612cd935328ac", "OS-DCF:diskConfig": "MANUAL", "os-extended-volumes:volumes_attached": [], "accessIPv4": "", "accessIPv6": "", "progress": 0, "OS-EXT-STS:power_state": 1, "config_drive": "True", "metadata": {}}}
2016-02-17 22:35:12,125 28257 INFO     [tempest_lib.common.rest_client] Request (TestNetworkBasicOps:_run_cleanups): 404 GET http://10.4.1.3:8774/v2.1/22b311350e5b43ffbb4612cd935328ac/servers/7c13d498-84b6-42da-9a32-b6372aa27bee 0.270s
2016-02-17 22:35:12,125 28257 DEBUG    [tempest_lib.common.rest_client] Request - Headers: {'Content-Type': 'application/json', 'Accept': 'application/json', 'X-Auth-Token': '&lt;omitted&gt;'}
        Body: None
    Response - Headers: {'status': '404', 'content-length': '111', 'x-compute-request-id': 'req-58ac6234-d2b9-4e65-9e5c-b89905e4b5ab', 'vary': 'X-OpenStack-Nova-API-Version', 'connection': 'close', 'x-openstack-nova-api-version': '2.1', 'date': 'Wed, 17 Feb 2016 22:35:12 GMT', 'content-type': 'application/json; charset=UTF-8'}
        Body: {"itemNotFound": {"message": "Instance 7c13d498-84b6-42da-9a32-b6372aa27bee could not be found.", "code": 404}}
2016-02-17 22:35:12,357 28257 INFO     [tempest_lib.common.rest_client] Request (TestNetworkBasicOps:_run_cleanups): 202 DELETE http://10.4.1.3:8774/v2.1/22b311350e5b43ffbb4612cd935328ac/os-keypairs/tempest-TestNetworkBasicOps-1057401045 0.230s
2016-02-17 22:35:12,358 28257 DEBUG    [tempest_lib.common.rest_client] Request - Headers: {'Content-Type': 'application/json', 'Accept': 'application/json', 'X-Auth-Token': '&lt;omitted&gt;'}
        Body: None
    Response - Headers: {'status': '202', 'content-length': '0', 'x-compute-request-id': 'req-b144d124-f80d-4199-831c-8d5c3d3ee408', 'vary': 'X-OpenStack-Nova-API-Version', 'connection': 'close', 'x-openstack-nova-api-version': '2.1', 'date': 'Wed, 17 Feb 2016 22:35:12 GMT', 'content-type': 'application/json'}
        Body: 
2016-02-17 22:35:13,076 28257 INFO     [tempest_lib.common.rest_client] Request (TestNetworkBasicOps:_run_cleanups): 500 PUT http://10.4.1.3:9696/v2.0/routers/5548e3ac-43b1-4998-ade9-d1f8b0a03196/remove_router_interface 0.716s
2016-02-17 22:35:13,077 28257 DEBUG    [tempest_lib.common.rest_client] Request - Headers: {'Content-Type': 'application/json', 'Accept': 'application/json', 'X-Auth-Token': '&lt;omitted&gt;'}
        Body: {"subnet_id": "b2a1b326-ab1b-49a3-bda9-7956f7958d6d"}
    Response - Headers: {'status': '500', 'content-length': '150', 'connection': 'close', 'date': 'Wed, 17 Feb 2016 22:35:13 GMT', 'content-type': 'application/json; charset=UTF-8', 'x-openstack-request-id': 'req-cf19e9b5-95a2-4ba0-bf43-1c4b24ae4525'}
        Body: {"NeutronError": {"message": "Request Failed: internal server error while processing your request.", "type": "HTTPInternalServerError", "detail": ""}}
2016-02-17 22:35:13,337 28257 INFO     [tempest_lib.common.rest_client] Request (TestNetworkBasicOps:_run_cleanups): 200 GET http://10.4.1.3:9696/v2.0/routers/5548e3ac-43b1-4998-ade9-d1f8b0a03196 0.256s
2016-02-17 22:35:13,338 28257 DEBUG    [tempest_lib.common.rest_client] Request - Headers: {'Content-Type': 'application/json', 'Accept': 'application/json', 'X-Auth-Token': '&lt;omitted&gt;'}
        Body: None
    Response - Headers: {'status': '200', 'content-length': '500', 'content-location': 'http://10.4.1.3:9696/v2.0/routers/5548e3ac-43b1-4998-ade9-d1f8b0a03196', 'connection': 'close', 'date': 'Wed, 17 Feb 2016 22:35:13 GMT', 'content-type': 'application/json; charset=UTF-8', 'x-openstack-request-id': 'req-c5b7e198-339d-40e9-aeae-8e6107d44fe3'}
        Body: {"router": {"status": "ACTIVE", "external_gateway_info": {"network_id": "eb6e3bf4-bb47-4bb8-9990-f12a678f1ca7", "enable_snat": true, "external_fixed_ips": [{"subnet_id": "16008e92-d749-4f6f-8259-a331a938cbfc", "ip_address": "172.24.4.3"}, {"subnet_id": "1a8954f0-7097-439a-b11f-f3249f5b0442", "ip_address": "2001:db8::3"}]}, "name": "tempest-router-smoke-641446878", "admin_state_up": true, "tenant_id": "22b311350e5b43ffbb4612cd935328ac", "routes": [], "id": "5548e3ac-43b1-4998-ade9-d1f8b0a03196"}}
2016-02-17 22:35:13,904 28257 INFO     [tempest_lib.common.rest_client] Request (TestNetworkBasicOps:_run_cleanups): 200 PUT http://10.4.1.3:9696/v2.0/routers/5548e3ac-43b1-4998-ade9-d1f8b0a03196 0.565s
2016-02-17 22:35:13,905 28257 DEBUG    [tempest_lib.common.rest_client] Request - Headers: {'Content-Type': 'application/json', 'Accept': 'application/json', 'X-Auth-Token': '&lt;omitted&gt;'}
        Body: {"router": {"external_gateway_info": {}, "name": "tempest-router-smoke-641446878", "admin_state_up": true}}
    Response - Headers: {'status': '200', 'content-length': '238', 'connection': 'close', 'date': 'Wed, 17 Feb 2016 22:35:13 GMT', 'content-type': 'application/json; charset=UTF-8', 'x-openstack-request-id': 'req-4d002bde-a9fe-4143-b2e2-877901c7096d'}
        Body: {"router": {"status": "ACTIVE", "external_gateway_info": null, "name": "tempest-router-smoke-641446878", "admin_state_up": true, "tenant_id": "22b311350e5b43ffbb4612cd935328ac", "routes": [], "id": "5548e3ac-43b1-4998-ade9-d1f8b0a03196"}}
2016-02-17 22:35:14,358 28257 INFO     [tempest_lib.common.rest_client] Request (TestNetworkBasicOps:_run_cleanups): 500 DELETE http://10.4.1.3:9696/v2.0/routers/5548e3ac-43b1-4998-ade9-d1f8b0a03196 0.452s
2016-02-17 22:35:14,358 28257 DEBUG    [tempest_lib.common.rest_client] Request - Headers: {'Content-Type': 'application/json', 'Accept': 'application/json', 'X-Auth-Token': '&lt;omitted&gt;'}
        Body: None
    Response - Headers: {'status': '500', 'content-length': '150', 'connection': 'close', 'date': 'Wed, 17 Feb 2016 22:35:14 GMT', 'content-type': 'application/json; charset=UTF-8', 'x-openstack-request-id': 'req-b3d84d63-fccf-46d5-b23b-4dc59f20997e'}
        Body: {"NeutronError": {"message": "Request Failed: internal server error while processing your request.", "type": "HTTPInternalServerError", "detail": ""}}
2016-02-17 22:35:15,087 28257 INFO     [tempest_lib.common.rest_client] Request (TestNetworkBasicOps:_run_cleanups): 204 DELETE http://10.4.1.3:9696/v2.0/networks/c30ed815-535d-409c-9a8e-45a2c1cc2a12 0.727s
2016-02-17 22:35:15,087 28257 DEBUG    [tempest_lib.common.rest_client] Request - Headers: {'Content-Type': 'application/json', 'Accept': 'application/json', 'X-Auth-Token': '&lt;omitted&gt;'}
        Body: None
    Response - Headers: {'date': 'Wed, 17 Feb 2016 22:35:15 GMT', 'status': '204', 'connection': 'close', 'content-length': '0', 'x-openstack-request-id': 'req-4377f68b-ac03-4baf-9091-5347c4ac6f33'}
        Body: 
2016-02-17 22:35:15,400 28257 INFO     [tempest_lib.common.rest_client] Request (TestNetworkBasicOps:_run_cleanups): 204 DELETE http://10.4.1.3:9696/v2.0/security-groups/9e4f2e12-5d13-45da-9168-5a564ae978ba 0.311s
2016-02-17 22:35:15,401 28257 DEBUG    [tempest_lib.common.rest_client] Request - Headers: {'Content-Type': 'application/json', 'Accept': 'application/json', 'X-Auth-Token': '&lt;omitted&gt;'}
        Body: None
    Response - Headers: {'date': 'Wed, 17 Feb 2016 22:35:15 GMT', 'status': '204', 'connection': 'close', 'content-length': '0', 'x-openstack-request-id': 'req-66bac936-f476-417f-8e0d-95b67d45f9cf'}
        Body: 
2016-02-17 22:35:15,686 28257 INFO     [tempest_lib.common.rest_client] Request (TestNetworkBasicOps:_run_cleanups): 404 GET http://10.4.1.3:8774/v2.1/22b311350e5b43ffbb4612cd935328ac/servers/7c13d498-84b6-42da-9a32-b6372aa27bee 0.283s
2016-02-17 22:35:15,686 28257 DEBUG    [tempest_lib.common.rest_client] Request - Headers: {'Content-Type': 'application/json', 'Accept': 'application/json', 'X-Auth-Token': '&lt;omitted&gt;'}
        Body: None
    Response - Headers: {'status': '404', 'content-length': '111', 'x-compute-request-id': 'req-17eaf566-313f-45bc-8e7f-aa96b09712d9', 'vary': 'X-OpenStack-Nova-API-Version', 'connection': 'close', 'x-openstack-nova-api-version': '2.1', 'date': 'Wed, 17 Feb 2016 22:35:15 GMT', 'content-type': 'application/json; charset=UTF-8'}
        Body: {"itemNotFound": {"message": "Instance 7c13d498-84b6-42da-9a32-b6372aa27bee could not be found.", "code": 404}}
}}}

traceback-1: {{{
Traceback (most recent call last):
  File "tempest/scenario/manager.py", line 108, in delete_wrapper
    delete_thing(*args, **kwargs)
  File "tempest/services/network/resources.py", line 98, in delete
    subnet_id=self.id)
  File "tempest/services/network/json/network_client.py", line 199, in remove_router_interface
    return self.update_resource(uri, kwargs)
  File "tempest/services/network/json/base.py", line 68, in update_resource
    resp, body = self.put(req_uri, req_post_data)
  File "/usr/local/lib/python2.7/dist-packages/tempest_lib/common/rest_client.py", line 322, in put
    return self.request('PUT', url, extra_headers, headers, body)
  File "/usr/local/lib/python2.7/dist-packages/tempest_lib/common/rest_client.py", line 642, in request
    resp, resp_body)
  File "/usr/local/lib/python2.7/dist-packages/tempest_lib/common/rest_client.py", line 761, in _error_checker
    message=message)
tempest_lib.exceptions.ServerFault: Got server fault
Details: Request Failed: internal server error while processing your request.
}}}

traceback-2: {{{
Traceback (most recent call last):
  File "tempest/scenario/manager.py", line 108, in delete_wrapper
    delete_thing(*args, **kwargs)
  File "tempest/services/network/resources.py", line 119, in delete
    self.client.delete_router(self.id)
  File "tempest/services/network/json/network_client.py", line 169, in delete_router
    return self.delete_resource(uri)
  File "tempest/services/network/json/base.py", line 41, in delete_resource
    resp, body = self.delete(req_uri)
  File "/usr/local/lib/python2.7/dist-packages/tempest_lib/common/rest_client.py", line 290, in delete
    return self.request('DELETE', url, extra_headers, headers, body)
  File "/usr/local/lib/python2.7/dist-packages/tempest_lib/common/rest_client.py", line 642, in request
    resp, resp_body)
  File "/usr/local/lib/python2.7/dist-packages/tempest_lib/common/rest_client.py", line 761, in _error_checker
    message=message)
tempest_lib.exceptions.ServerFault: Got server fault
Details: Request Failed: internal server error while processing your request.
}}}

Traceback (most recent call last):
  File "tempest/test.py", line 113, in wrapper
    return f(self, *func_args, **func_kwargs)
  File "tempest/scenario/test_network_basic_ops.py", line 445, in test_connectivity_between_vms_on_different_networks
    self.check_public_network_connectivity(should_connect=True)
  File "tempest/scenario/test_network_basic_ops.py", line 212, in check_public_network_connectivity
    self.servers)
  File "tempest/scenario/manager.py", line 598, in check_public_network_connectivity
    should_connect=should_connect)
  File "tempest/scenario/manager.py", line 582, in check_vm_connectivity
    msg=msg)
  File "/usr/local/lib/python2.7/dist-packages/unittest2/case.py", line 702, in assertTrue
    raise self.failureException(msg)
AssertionError: False is not true : Timed out waiting for 172.24.4.4 to become reachable



        </pre>
    </div>
    <!--css div popup end-->

    </td>
</tr>

<tr id='ft1.2' class='none'>
    <td class='failCase'><div class='testcase'>test_hotplug_nic[compute,id-c5adff73-e961-41f1-b4a9-343614f18cfa,network]</div></td>
    <td colspan='7' align='left'>

    <!--css div popup start-->
    <a class="popup_link" onfocus='this.blur();'
    href="javascript:showTestDetail('div_ft1.2')" >
        fail</a>

    <div id='div_ft1.2' class="popup_window">
        <div style='text-align: right; color:red;cursor:pointer'>
        <a onfocus='this.blur();'
onclick="document.getElementById('div_ft1.2').style.display = 'none' " >
           [x]</a>
        </div>
        <pre>
        
ft1.2: tempest.scenario.test_network_basic_ops.TestNetworkBasicOps.test_hotplug_nic[compute,id-c5adff73-e961-41f1-b4a9-343614f18cfa,network]_StringException: Empty attachments:
  stderr
  stdout

pythonlogging:'': {{{
2016-02-17 22:35:16,041 28257 INFO     [tempest_lib.common.rest_client] Request (TestNetworkBasicOps:test_hotplug_nic): 201 POST http://10.4.1.3:9696/v2.0/security-groups 0.325s
