<?xml version="1.0" encoding="UTF-8"?>
<!DOCTYPE html PUBLIC "-//W3C//DTD XHTML 1.0 Strict//EN"
     "http://www.w3.org/TR/xhtml1/DTD/xhtml1-strict.dtd">
<html xmlns="http://www.w3.org/1999/xhtml">
<head>
    <title>Unit Test Report</title>
    <meta name="generator" content="subunit2html 0.1"/>
    <meta http-equiv="Content-Type" content="text/html; charset=UTF-8"/>
    
<style type="text/css" media="screen">
body        { font-family: verdana, arial, helvetica, sans-serif;
    font-size: 80%; }
table       { font-size: 100%; width: 100%;}
pre         { font-size: 80%; }

/* -- heading -------------------------------------------------------------- */
h1 {
        font-size: 16pt;
        color: gray;
}
.heading {
    margin-top: 0ex;
    margin-bottom: 1ex;
}

.heading .attribute {
    margin-top: 1ex;
    margin-bottom: 0;
}

.heading .description {
    margin-top: 4ex;
    margin-bottom: 6ex;
}

/* -- css div popup -------------------------------------------------------- */
a.popup_link {
}

a.popup_link:hover {
    color: red;
}

.popup_window {
    display: none;
    overflow-x: scroll;
    /*border: solid #627173 1px; */
    padding: 10px;
    background-color: #E6E6D6;
    font-family: "Ubuntu Mono", "Lucida Console", "Courier New", monospace;
    text-align: left;
    font-size: 8pt;
}

}
/* -- report --------------------------------------------------------------- */
#show_detail_line {
    margin-top: 3ex;
    margin-bottom: 1ex;
}
#result_table {
    width: 100%;
    border-collapse: collapse;
    border: 1px solid #777;
}
#header_row {
    font-weight: bold;
    color: white;
    background-color: #777;
}
#result_table td {
    border: 1px solid #777;
    padding: 2px;
}
#total_row  { font-weight: bold; }
.passClass  { background-color: #6c6; }
.failClass  { background-color: #c60; }
.errorClass { background-color: #c00; }
.passCase   { color: #6c6; }
.failCase   { color: #c60; font-weight: bold; }
.errorCase  { color: #c00; font-weight: bold; }
.hiddenRow  { display: none; }
.testcase   { margin-left: 2em; }
td.testname {width: 40%}
td.small {width: 40px}

/* -- ending --------------------------------------------------------------- */
#ending {
}

</style>

</head>
<body>
<script language="javascript" type="text/javascript"><!--
output_list = Array();

/* level - 0:Summary; 1:Failed; 2:All */
function showCase(level) {
    trs = document.getElementsByTagName("tr");
    for (var i = 0; i < trs.length; i++) {
        tr = trs[i];
        id = tr.id;
        if (id.substr(0,2) == 'ft') {
            if (level < 1) {
                tr.className = 'hiddenRow';
            }
            else {
                tr.className = '';
            }
        }
        if (id.substr(0,2) == 'pt') {
            if (level > 1) {
                tr.className = '';
            }
            else {
                tr.className = 'hiddenRow';
            }
        }
    }
}


function showClassDetail(cid, count) {
    var id_list = Array(count);
    var toHide = 1;
    for (var i = 0; i < count; i++) {
        tid0 = 't' + cid.substr(1) + '.' + (i+1);
        tid = 'f' + tid0;
        tr = document.getElementById(tid);
        if (!tr) {
            tid = 'p' + tid0;
            tr = document.getElementById(tid);
        }
        id_list[i] = tid;
        if (tr.className) {
            toHide = 0;
        }
    }
    for (var i = 0; i < count; i++) {
        tid = id_list[i];
        if (toHide) {
            document.getElementById('div_'+tid).style.display = 'none'
            document.getElementById(tid).className = 'hiddenRow';
        }
        else {
            document.getElementById(tid).className = '';
        }
    }
}


function showTestDetail(div_id){
    var details_div = document.getElementById(div_id)
    var displayState = details_div.style.display
    // alert(displayState)
    if (displayState != 'block' ) {
        displayState = 'block'
        details_div.style.display = 'block'
    }
    else {
        details_div.style.display = 'none'
    }
}


function html_escape(s) {
    s = s.replace(/&/g,'&amp;');
    s = s.replace(/</g,'&lt;');
    s = s.replace(/>/g,'&gt;');
    return s;
}

/* obsoleted by detail in <div>
function showOutput(id, name) {
    var w = window.open("", //url
                    name,
                    "resizable,scrollbars,status,width=800,height=450");
    d = w.document;
    d.write("<pre>");
    d.write(html_escape(output_list[id]));
    d.write("\n");
    d.write("<a href='javascript:window.close()'>close</a>\n");
    d.write("</pre>\n");
    d.close();
}
*/
--></script>

<div class='heading'>
<h1>Unit Test Report</h1>

<p class='attribute'><strong>Status:</strong> Failure 8 Skip 1</p>

<p class='description'></p>
</div>



<p id='show_detail_line'>Show
<a href='javascript:showCase(0)'>Summary</a>
<a href='javascript:showCase(1)'>Failed</a>
<a href='javascript:showCase(2)'>All</a>
</p>
<table id='result_table'>
<colgroup>
<col align='left' />
<col align='right' />
<col align='right' />
<col align='right' />
<col align='right' />
<col align='right' />
<col align='right' />
<col align='right' />
</colgroup>
<tr id='header_row'>
    <td>Test Group/Test case</td>
    <td>Count</td>
    <td>Pass</td>
    <td>Fail</td>
    <td>Error</td>
    <td>Skip</td>
    <td>View</td>
    <td> </td>
</tr>

<tr class='failClass'>
    <td class="testname">tempest.scenario.test_network_basic_ops.TestNetworkBasicOps</td>
    <td class="small">9</td>
    <td class="small">0</td>
    <td class="small">8</td>
    <td class="small">0</td>
    <td class="small">1</td>
    <td class="small"><a href="javascript:showClassDetail('c1',9)"
>Detail</a></td>
    <td> </td>
</tr>

<tr id='ft1.1' class='none'>
    <td class='failCase'><div class='testcase'>test_connectivity_between_vms_on_different_networks[compute,id-1546850e-fbaa-42f5-8b5f-03d8a6a95f15,network]</div></td>
    <td colspan='7' align='left'>

    <!--css div popup start-->
    <a class="popup_link" onfocus='this.blur();'
    href="javascript:showTestDetail('div_ft1.1')" >
        fail</a>

    <div id='div_ft1.1' class="popup_window">
        <div style='text-align: right; color:red;cursor:pointer'>
        <a onfocus='this.blur();'
onclick="document.getElementById('div_ft1.1').style.display = 'none' " >
           [x]</a>
        </div>
        <pre>
        
ft1.1: tempest.scenario.test_network_basic_ops.TestNetworkBasicOps.test_connectivity_between_vms_on_different_networks[compute,id-1546850e-fbaa-42f5-8b5f-03d8a6a95f15,network]_StringException: Empty attachments:
  stderr
  stdout

pythonlogging:'': {{{
2016-02-23 14:49:43,786 27797 INFO     [tempest_lib.common.rest_client] Request (TestNetworkBasicOps:test_connectivity_between_vms_on_different_networks): 201 POST http://10.4.1.3:9696/v2.0/security-groups 0.406s
2016-02-23 14:49:43,787 27797 DEBUG    [tempest_lib.common.rest_client] Request - Headers: {'Content-Type': 'application/json', 'Accept': 'application/json', 'X-Auth-Token': '&lt;omitted&gt;'}
        Body: {"security_group": {"tenant_id": "f596193be9cd4499b3ba8e6c441998cf", "description": "tempest-secgroup-smoke-2113752613 description", "name": "tempest-secgroup-smoke-2113752613"}}
    Response - Headers: {'status': '201', 'content-length': '888', 'connection': 'close', 'date': 'Tue, 23 Feb 2016 14:49:43 GMT', 'content-type': 'application/json; charset=UTF-8', 'x-openstack-request-id': 'req-0d94a232-a8d6-426a-8754-a1dcd81f4178'}
        Body: {"security_group": {"tenant_id": "f596193be9cd4499b3ba8e6c441998cf", "description": "tempest-secgroup-smoke-2113752613 description", "id": "2c539d7a-e7ad-4d9b-80cd-a2e9b2bdbf87", "security_group_rules": [{"remote_group_id": null, "direction": "egress", "remote_ip_prefix": null, "protocol": null, "ethertype": "IPv4", "tenant_id": "f596193be9cd4499b3ba8e6c441998cf", "port_range_max": null, "port_range_min": null, "id": "84165e19-24f0-4157-94f7-043d8668725c", "security_group_id": "2c539d7a-e7ad-4d9b-80cd-a2e9b2bdbf87"}, {"remote_group_id": null, "direction": "egress", "remote_ip_prefix": null, "protocol": null, "ethertype": "IPv6", "tenant_id": "f596193be9cd4499b3ba8e6c441998cf", "port_range_max": null, "port_range_min": null, "id": "6da5c9db-7c92-4335-b30e-77de6dc57d80", "security_group_id": "2c539d7a-e7ad-4d9b-80cd-a2e9b2bdbf87"}], "name": "tempest-secgroup-smoke-2113752613"}}
2016-02-23 14:49:44,107 27797 INFO     [tempest_lib.common.rest_client] Request (TestNetworkBasicOps:test_connectivity_between_vms_on_different_networks): 201 POST http://10.4.1.3:9696/v2.0/security-group-rules 0.318s
2016-02-23 14:49:44,107 27797 DEBUG    [tempest_lib.common.rest_client] Request - Headers: {'Content-Type': 'application/json', 'Accept': 'application/json', 'X-Auth-Token': '&lt;omitted&gt;'}
        Body: {"security_group_rule": {"direction": "ingress", "protocol": "tcp", "tenant_id": "f596193be9cd4499b3ba8e6c441998cf", "port_range_max": 22, "security_group_id": "2c539d7a-e7ad-4d9b-80cd-a2e9b2bdbf87", "port_range_min": 22}}
    Response - Headers: {'status': '201', 'content-length': '340', 'connection': 'close', 'date': 'Tue, 23 Feb 2016 14:49:44 GMT', 'content-type': 'application/json; charset=UTF-8', 'x-openstack-request-id': 'req-df95def7-0ad3-4ddd-ab27-9b49625bf12b'}
        Body: {"security_group_rule": {"remote_group_id": null, "direction": "ingress", "remote_ip_prefix": null, "protocol": "tcp", "ethertype": "IPv4", "tenant_id": "f596193be9cd4499b3ba8e6c441998cf", "port_range_max": 22, "port_range_min": 22, "id": "dc3376c9-5685-4d3b-b1f4-940f08835fdc", "security_group_id": "2c539d7a-e7ad-4d9b-80cd-a2e9b2bdbf87"}}
2016-02-23 14:49:44,423 27797 INFO     [tempest_lib.common.rest_client] Request (TestNetworkBasicOps:test_connectivity_between_vms_on_different_networks): 201 POST http://10.4.1.3:9696/v2.0/security-group-rules 0.314s
2016-02-23 14:49:44,424 27797 DEBUG    [tempest_lib.common.rest_client] Request - Headers: {'Content-Type': 'application/json', 'Accept': 'application/json', 'X-Auth-Token': '&lt;omitted&gt;'}
        Body: {"security_group_rule": {"direction": "egress", "protocol": "tcp", "tenant_id": "f596193be9cd4499b3ba8e6c441998cf", "port_range_max": 22, "security_group_id": "2c539d7a-e7ad-4d9b-80cd-a2e9b2bdbf87", "port_range_min": 22}}
    Response - Headers: {'status': '201', 'content-length': '339', 'connection': 'close', 'date': 'Tue, 23 Feb 2016 14:49:44 GMT', 'content-type': 'application/json; charset=UTF-8', 'x-openstack-request-id': 'req-66cda8b7-c3a6-4d88-9698-d931e70c2a91'}
        Body: {"security_group_rule": {"remote_group_id": null, "direction": "egress", "remote_ip_prefix": null, "protocol": "tcp", "ethertype": "IPv4", "tenant_id": "f596193be9cd4499b3ba8e6c441998cf", "port_range_max": 22, "port_range_min": 22, "id": "e0d46621-0062-4eea-ad64-22b1208ba138", "security_group_id": "2c539d7a-e7ad-4d9b-80cd-a2e9b2bdbf87"}}
2016-02-23 14:49:44,757 27797 INFO     [tempest_lib.common.rest_client] Request (TestNetworkBasicOps:test_connectivity_between_vms_on_different_networks): 201 POST http://10.4.1.3:9696/v2.0/security-group-rules 0.332s
2016-02-23 14:49:44,758 27797 DEBUG    [tempest_lib.common.rest_client] Request - Headers: {'Content-Type': 'application/json', 'Accept': 'application/json', 'X-Auth-Token': '&lt;omitted&gt;'}
        Body: {"security_group_rule": {"tenant_id": "f596193be9cd4499b3ba8e6c441998cf", "direction": "ingress", "protocol": "icmp", "security_group_id": "2c539d7a-e7ad-4d9b-80cd-a2e9b2bdbf87"}}
    Response - Headers: {'status': '201', 'content-length': '345', 'connection': 'close', 'date': 'Tue, 23 Feb 2016 14:49:44 GMT', 'content-type': 'application/json; charset=UTF-8', 'x-openstack-request-id': 'req-604924de-840f-4c28-9878-cbff10d20efc'}
        Body: {"security_group_rule": {"remote_group_id": null, "direction": "ingress", "remote_ip_prefix": null, "protocol": "icmp", "ethertype": "IPv4", "tenant_id": "f596193be9cd4499b3ba8e6c441998cf", "port_range_max": null, "port_range_min": null, "id": "733124ed-f003-4a8a-9944-1bb63729fb38", "security_group_id": "2c539d7a-e7ad-4d9b-80cd-a2e9b2bdbf87"}}
2016-02-23 14:49:45,093 27797 INFO     [tempest_lib.common.rest_client] Request (TestNetworkBasicOps:test_connectivity_between_vms_on_different_networks): 201 POST http://10.4.1.3:9696/v2.0/security-group-rules 0.333s
2016-02-23 14:49:45,094 27797 DEBUG    [tempest_lib.common.rest_client] Request - Headers: {'Content-Type': 'application/json', 'Accept': 'application/json', 'X-Auth-Token': '&lt;omitted&gt;'}
        Body: {"security_group_rule": {"tenant_id": "f596193be9cd4499b3ba8e6c441998cf", "direction": "egress", "protocol": "icmp", "security_group_id": "2c539d7a-e7ad-4d9b-80cd-a2e9b2bdbf87"}}
    Response - Headers: {'status': '201', 'content-length': '344', 'connection': 'close', 'date': 'Tue, 23 Feb 2016 14:49:45 GMT', 'content-type': 'application/json; charset=UTF-8', 'x-openstack-request-id': 'req-2b72b0ca-a809-41ea-bb0d-1b3627529512'}
        Body: {"security_group_rule": {"remote_group_id": null, "direction": "egress", "remote_ip_prefix": null, "protocol": "icmp", "ethertype": "IPv4", "tenant_id": "f596193be9cd4499b3ba8e6c441998cf", "port_range_max": null, "port_range_min": null, "id": "0db8316e-b393-45ef-9185-38515c99593c", "security_group_id": "2c539d7a-e7ad-4d9b-80cd-a2e9b2bdbf87"}}
2016-02-23 14:49:45,405 27797 INFO     [tempest_lib.common.rest_client] Request (TestNetworkBasicOps:test_connectivity_between_vms_on_different_networks): 201 POST http://10.4.1.3:9696/v2.0/security-group-rules 0.310s
2016-02-23 14:49:45,406 27797 DEBUG    [tempest_lib.common.rest_client] Request - Headers: {'Content-Type': 'application/json', 'Accept': 'application/json', 'X-Auth-Token': '&lt;omitted&gt;'}
        Body: {"security_group_rule": {"tenant_id": "f596193be9cd4499b3ba8e6c441998cf", "direction": "ingress", "security_group_id": "2c539d7a-e7ad-4d9b-80cd-a2e9b2bdbf87", "protocol": "icmp", "ethertype": "IPv6"}}
    Response - Headers: {'status': '201', 'content-length': '345', 'connection': 'close', 'date': 'Tue, 23 Feb 2016 14:49:45 GMT', 'content-type': 'application/json; charset=UTF-8', 'x-openstack-request-id': 'req-27db916d-fefa-42ea-a5cb-9ac332955112'}
        Body: {"security_group_rule": {"remote_group_id": null, "direction": "ingress", "remote_ip_prefix": null, "protocol": "icmp", "ethertype": "IPv6", "tenant_id": "f596193be9cd4499b3ba8e6c441998cf", "port_range_max": null, "port_range_min": null, "id": "80a5e6ea-043d-4abe-b1d6-7fbdcc785a3d", "security_group_id": "2c539d7a-e7ad-4d9b-80cd-a2e9b2bdbf87"}}
2016-02-23 14:49:45,718 27797 INFO     [tempest_lib.common.rest_client] Request (TestNetworkBasicOps:test_connectivity_between_vms_on_different_networks): 201 POST http://10.4.1.3:9696/v2.0/security-group-rules 0.310s
2016-02-23 14:49:45,719 27797 DEBUG    [tempest_lib.common.rest_client] Request - Headers: {'Content-Type': 'application/json', 'Accept': 'application/json', 'X-Auth-Token': '&lt;omitted&gt;'}
        Body: {"security_group_rule": {"tenant_id": "f596193be9cd4499b3ba8e6c441998cf", "direction": "egress", "security_group_id": "2c539d7a-e7ad-4d9b-80cd-a2e9b2bdbf87", "protocol": "icmp", "ethertype": "IPv6"}}
    Response - Headers: {'status': '201', 'content-length': '344', 'connection': 'close', 'date': 'Tue, 23 Feb 2016 14:49:45 GMT', 'content-type': 'application/json; charset=UTF-8', 'x-openstack-request-id': 'req-613ca84e-edcd-4732-83d1-f837516e84b0'}
        Body: {"security_group_rule": {"remote_group_id": null, "direction": "egress", "remote_ip_prefix": null, "protocol": "icmp", "ethertype": "IPv6", "tenant_id": "f596193be9cd4499b3ba8e6c441998cf", "port_range_max": null, "port_range_min": null, "id": "4e2f5d45-b64c-4926-a429-7b7394e41348", "security_group_id": "2c539d7a-e7ad-4d9b-80cd-a2e9b2bdbf87"}}
2016-02-23 14:49:46,195 27797 INFO     [tempest_lib.common.rest_client] Request (TestNetworkBasicOps:test_connectivity_between_vms_on_different_networks): 201 POST http://10.4.1.3:9696/v2.0/networks 0.474s
2016-02-23 14:49:46,195 27797 DEBUG    [tempest_lib.common.rest_client] Request - Headers: {'Content-Type': 'application/json', 'Accept': 'application/json', 'X-Auth-Token': '&lt;omitted&gt;'}
        Body: {"network": {"tenant_id": "f596193be9cd4499b3ba8e6c441998cf", "name": "tempest-network-smoke--1947565437"}}
    Response - Headers: {'status': '201', 'content-length': '356', 'connection': 'close', 'date': 'Tue, 23 Feb 2016 14:49:46 GMT', 'content-type': 'application/json; charset=UTF-8', 'x-openstack-request-id': 'req-c514fc8d-fcd2-47e7-b973-22a3e4bbf992'}
        Body: {"network": {"status": "ACTIVE", "subnets": [], "availability_zone_hints": [], "availability_zones": [], "name": "tempest-network-smoke--1947565437", "admin_state_up": true, "tenant_id": "f596193be9cd4499b3ba8e6c441998cf", "mtu": 1450, "router:external": false, "shared": false, "port_security_enabled": true, "id": "eaa3531f-5eab-4482-afec-2a8c230748dc"}}
2016-02-23 14:49:46,481 27797 INFO     [tempest_lib.common.rest_client] Request (TestNetworkBasicOps:test_connectivity_between_vms_on_different_networks): 201 POST http://10.4.1.3:9696/v2.0/routers 0.284s
2016-02-23 14:49:46,482 27797 DEBUG    [tempest_lib.common.rest_client] Request - Headers: {'Content-Type': 'application/json', 'Accept': 'application/json', 'X-Auth-Token': '&lt;omitted&gt;'}
        Body: {"router": {"tenant_id": "f596193be9cd4499b3ba8e6c441998cf", "name": "tempest-router-smoke-564798404", "admin_state_up": true}}
    Response - Headers: {'status': '201', 'content-length': '238', 'connection': 'close', 'date': 'Tue, 23 Feb 2016 14:49:46 GMT', 'content-type': 'application/json; charset=UTF-8', 'x-openstack-request-id': 'req-9b9e515d-472b-4928-a1a1-429d89bd2955'}
        Body: {"router": {"status": "ACTIVE", "external_gateway_info": null, "name": "tempest-router-smoke-564798404", "admin_state_up": true, "tenant_id": "f596193be9cd4499b3ba8e6c441998cf", "routes": [], "id": "b36439f2-7abc-4d8c-80dd-711411ea886d"}}
2016-02-23 14:49:46,728 27797 INFO     [tempest_lib.common.rest_client] Request (TestNetworkBasicOps:test_connectivity_between_vms_on_different_networks): 200 GET http://10.4.1.3:9696/v2.0/routers/b36439f2-7abc-4d8c-80dd-711411ea886d 0.245s
2016-02-23 14:49:46,729 27797 DEBUG    [tempest_lib.common.rest_client] Request - Headers: {'Content-Type': 'application/json', 'Accept': 'application/json', 'X-Auth-Token': '&lt;omitted&gt;'}
        Body: None
    Response - Headers: {'status': '200', 'content-length': '238', 'content-location': 'http://10.4.1.3:9696/v2.0/routers/b36439f2-7abc-4d8c-80dd-711411ea886d', 'connection': 'close', 'date': 'Tue, 23 Feb 2016 14:49:46 GMT', 'content-type': 'application/json; charset=UTF-8', 'x-openstack-request-id': 'req-8e8e97fb-6d3f-4f63-9b1c-b4a041336762'}
        Body: {"router": {"status": "ACTIVE", "external_gateway_info": null, "name": "tempest-router-smoke-564798404", "admin_state_up": true, "tenant_id": "f596193be9cd4499b3ba8e6c441998cf", "routes": [], "id": "b36439f2-7abc-4d8c-80dd-711411ea886d"}}
2016-02-23 14:49:47,590 27797 INFO     [tempest_lib.common.rest_client] Request (TestNetworkBasicOps:test_connectivity_between_vms_on_different_networks): 200 PUT http://10.4.1.3:9696/v2.0/routers/b36439f2-7abc-4d8c-80dd-711411ea886d 0.860s
2016-02-23 14:49:47,591 27797 DEBUG    [tempest_lib.common.rest_client] Request - Headers: {'Content-Type': 'application/json', 'Accept': 'application/json', 'X-Auth-Token': '&lt;omitted&gt;'}
        Body: {"router": {"external_gateway_info": {"network_id": "d779a6ed-08bb-4335-8c5d-3d1ee51c127c"}, "name": "tempest-router-smoke-564798404", "admin_state_up": true}}
    Response - Headers: {'status': '200', 'content-length': '500', 'connection': 'close', 'date': 'Tue, 23 Feb 2016 14:49:47 GMT', 'content-type': 'application/json; charset=UTF-8', 'x-openstack-request-id': 'req-cca222ca-bb93-4c36-bb19-ba20a847e815'}
        Body: {"router": {"status": "ACTIVE", "external_gateway_info": {"network_id": "d779a6ed-08bb-4335-8c5d-3d1ee51c127c", "enable_snat": true, "external_fixed_ips": [{"subnet_id": "34d76666-1138-4df6-9994-96fa1aa97caa", "ip_address": "172.24.4.3"}, {"subnet_id": "750b9252-ab32-4f43-add8-1130120cbf2a", "ip_address": "2001:db8::4"}]}, "name": "tempest-router-smoke-564798404", "admin_state_up": true, "tenant_id": "f596193be9cd4499b3ba8e6c441998cf", "routes": [], "id": "b36439f2-7abc-4d8c-80dd-711411ea886d"}}
2016-02-23 14:49:47,859 27797 INFO     [tempest_lib.common.rest_client] Request (TestNetworkBasicOps:test_connectivity_between_vms_on_different_networks): 200 GET http://10.4.1.3:9696/v2.0/subnets?tenant_id=f596193be9cd4499b3ba8e6c441998cf&amp;cidr=10.100.0.0%2F28 0.266s
2016-02-23 14:49:47,859 27797 DEBUG    [tempest_lib.common.rest_client] Request - Headers: {'Content-Type': 'application/json', 'Accept': 'application/json', 'X-Auth-Token': '&lt;omitted&gt;'}
        Body: None
    Response - Headers: {'status': '200', 'content-length': '15', 'content-location': 'http://10.4.1.3:9696/v2.0/subnets?tenant_id=f596193be9cd4499b3ba8e6c441998cf&amp;cidr=10.100.0.0%2F28', 'connection': 'close', 'date': 'Tue, 23 Feb 2016 14:49:47 GMT', 'content-type': 'application/json; charset=UTF-8', 'x-openstack-request-id': 'req-29b734f1-fdb0-4b58-9f08-ab4f19f8d4aa'}
        Body: {"subnets": []}
2016-02-23 14:49:48,494 27797 INFO     [tempest_lib.common.rest_client] Request (TestNetworkBasicOps:test_connectivity_between_vms_on_different_networks): 201 POST http://10.4.1.3:9696/v2.0/subnets 0.633s
2016-02-23 14:49:48,495 27797 DEBUG    [tempest_lib.common.rest_client] Request - Headers: {'Content-Type': 'application/json', 'Accept': 'application/json', 'X-Auth-Token': '&lt;omitted&gt;'}
        Body: {"subnet": {"ip_version": 4, "tenant_id": "f596193be9cd4499b3ba8e6c441998cf", "cidr": "10.100.0.0/28", "network_id": "eaa3531f-5eab-4482-afec-2a8c230748dc", "name": "tempest-subnet-smoke-299512538"}}
    Response - Headers: {'status': '201', 'content-length': '477', 'connection': 'close', 'date': 'Tue, 23 Feb 2016 14:49:48 GMT', 'content-type': 'application/json; charset=UTF-8', 'x-openstack-request-id': 'req-06db493b-9878-4213-8fee-4a1f3977299e'}
        Body: {"subnet": {"name": "tempest-subnet-smoke-299512538", "enable_dhcp": true, "network_id": "eaa3531f-5eab-4482-afec-2a8c230748dc", "tenant_id": "f596193be9cd4499b3ba8e6c441998cf", "dns_nameservers": [], "gateway_ip": "10.100.0.1", "ipv6_ra_mode": null, "allocation_pools": [{"start": "10.100.0.2", "end": "10.100.0.14"}], "host_routes": [], "ip_version": 4, "ipv6_address_mode": null, "cidr": "10.100.0.0/28", "id": "30601975-e088-4e62-9faa-bd8b46a8b90b", "subnetpool_id": null}}
2016-02-23 14:49:49,253 27797 INFO     [tempest_lib.common.rest_client] Request (TestNetworkBasicOps:test_connectivity_between_vms_on_different_networks): 200 PUT http://10.4.1.3:9696/v2.0/routers/b36439f2-7abc-4d8c-80dd-711411ea886d/add_router_interface 0.758s
2016-02-23 14:49:49,254 27797 DEBUG    [tempest_lib.common.rest_client] Request - Headers: {'Content-Type': 'application/json', 'Accept': 'application/json', 'X-Auth-Token': '&lt;omitted&gt;'}
        Body: {"subnet_id": "30601975-e088-4e62-9faa-bd8b46a8b90b"}
    Response - Headers: {'status': '200', 'content-length': '309', 'connection': 'close', 'date': 'Tue, 23 Feb 2016 14:49:49 GMT', 'content-type': 'application/json; charset=UTF-8', 'x-openstack-request-id': 'req-245df195-2ddb-4f17-a8c8-e25c96b7d4e7'}
        Body: {"network_id": "eaa3531f-5eab-4482-afec-2a8c230748dc", "tenant_id": "f596193be9cd4499b3ba8e6c441998cf", "subnet_id": "30601975-e088-4e62-9faa-bd8b46a8b90b", "subnet_ids": ["30601975-e088-4e62-9faa-bd8b46a8b90b"], "port_id": "347e6a9b-6b03-4cec-80ec-68bd7189b10e", "id": "b36439f2-7abc-4d8c-80dd-711411ea886d"}
2016-02-23 14:49:49,537 27797 INFO     [tempest_lib.common.rest_client] Request (TestNetworkBasicOps:test_connectivity_between_vms_on_different_networks): 200 GET http://10.4.1.3:9696/v2.0/networks 0.282s
2016-02-23 14:49:49,538 27797 DEBUG    [tempest_lib.common.rest_client] Request - Headers: {'Content-Type': 'application/json', 'Accept': 'application/json', 'X-Auth-Token': '&lt;omitted&gt;'}
        Body: None
    Response - Headers: {'status': '200', 'content-length': '1536', 'content-location': 'http://10.4.1.3:9696/v2.0/networks', 'connection': 'close', 'date': 'Tue, 23 Feb 2016 14:49:49 GMT', 'content-type': 'application/json; charset=UTF-8', 'x-openstack-request-id': 'req-7a217a94-0009-447a-a610-008afc4564f0'}
        Body: {"networks": [{"status": "ACTIVE", "subnets": ["750b9252-ab32-4f43-add8-1130120cbf2a", "34d76666-1138-4df6-9994-96fa1aa97caa"], "availability_zone_hints": [], "availability_zones": ["nova"], "name": "public", "provider:physical_network": null, "admin_state_up": true, "tenant_id": "5120ce9ed534439dab75a98a6c0bfd17", "mtu": 1450, "is_default": true, "router:external": true, "shared": false, "port_security_enabled": true, "provider:network_type": "vxlan", "id": "d779a6ed-08bb-4335-8c5d-3d1ee51c127c", "provider:segmentation_id": 1077}, {"status": "ACTIVE", "subnets": ["0c5b64ca-76ce-4ade-b22e-cbbb8bb7680d", "4c8d8440-d306-44b1-975c-c8f9abdd1d29"], "availability_zone_hints": [], "availability_zones": ["nova"], "name": "private", "provider:physical_network": null, "admin_state_up": true, "tenant_id": "d0c8456f219b4e9fab9812f401969dfa", "mtu": 1450, "router:external": false, "shared": false, "port_security_enabled": true, "provider:network_type": "vxlan", "id": "d212024a-7a2b-4c87-8cd6-314c4f9c75e0", "provider:segmentation_id": 1095}, {"status": "ACTIVE", "subnets": ["30601975-e088-4e62-9faa-bd8b46a8b90b"], "availability_zone_hints": [], "availability_zones": ["nova"], "name": "tempest-network-smoke--1947565437", "provider:physical_network": null, "admin_state_up": true, "tenant_id": "f596193be9cd4499b3ba8e6c441998cf", "mtu": 1450, "router:external": false, "shared": false, "port_security_enabled": true, "provider:network_type": "vxlan", "id": "eaa3531f-5eab-4482-afec-2a8c230748dc", "provider:segmentation_id": 1007}]}
2016-02-23 14:49:49,784 27797 INFO     [tempest_lib.common.rest_client] Request (TestNetworkBasicOps:test_connectivity_between_vms_on_different_networks): 200 GET http://10.4.1.3:9696/v2.0/subnets 0.245s
2016-02-23 14:49:49,784 27797 DEBUG    [tempest_lib.common.rest_client] Request - Headers: {'Content-Type': 'application/json', 'Accept': 'application/json', 'X-Auth-Token': '&lt;omitted&gt;'}
        Body: None
    Response - Headers: {'status': '200', 'content-length': '2407', 'content-location': 'http://10.4.1.3:9696/v2.0/subnets', 'connection': 'close', 'date': 'Tue, 23 Feb 2016 14:49:49 GMT', 'content-type': 'application/json; charset=UTF-8', 'x-openstack-request-id': 'req-feee7440-d917-4252-9de7-964d4fe6b7f1'}
        Body: {"subnets": [{"name": "tempest-subnet-smoke-299512538", "enable_dhcp": true, "network_id": "eaa3531f-5eab-4482-afec-2a8c230748dc", "tenant_id": "f596193be9cd4499b3ba8e6c441998cf", "dns_nameservers": [], "gateway_ip": "10.100.0.1", "ipv6_ra_mode": null, "allocation_pools": [{"start": "10.100.0.2", "end": "10.100.0.14"}], "host_routes": [], "ip_version": 4, "ipv6_address_mode": null, "cidr": "10.100.0.0/28", "id": "30601975-e088-4e62-9faa-bd8b46a8b90b", "subnetpool_id": null}, {"name": "ipv6-public-subnet", "enable_dhcp": false, "network_id": "d779a6ed-08bb-4335-8c5d-3d1ee51c127c", "tenant_id": "5120ce9ed534439dab75a98a6c0bfd17", "dns_nameservers": [], "gateway_ip": "2001:db8::2", "ipv6_ra_mode": null, "allocation_pools": [{"start": "2001:db8::1", "end": "2001:db8::1"}, {"start": "2001:db8::3", "end": "2001:db8::ffff:ffff:ffff:ffff"}], "host_routes": [], "ip_version": 6, "ipv6_address_mode": null, "cidr": "2001:db8::/64", "id": "750b9252-ab32-4f43-add8-1130120cbf2a", "subnetpool_id": null}, {"name": "private-subnet", "enable_dhcp": true, "network_id": "d212024a-7a2b-4c87-8cd6-314c4f9c75e0", "tenant_id": "d0c8456f219b4e9fab9812f401969dfa", "dns_nameservers": [], "gateway_ip": "10.0.0.1", "ipv6_ra_mode": null, "allocation_pools": [{"start": "10.0.0.2", "end": "10.0.0.254"}], "host_routes": [], "ip_version": 4, "ipv6_address_mode": null, "cidr": "10.0.0.0/24", "id": "0c5b64ca-76ce-4ade-b22e-cbbb8bb7680d", "subnetpool_id": null}, {"name": "ipv6-private-subnet", "enable_dhcp": true, "network_id": "d212024a-7a2b-4c87-8cd6-314c4f9c75e0", "tenant_id": "d0c8456f219b4e9fab9812f401969dfa", "dns_nameservers": [], "gateway_ip": "fd07:5f01:fab4::1", "ipv6_ra_mode": "slaac", "allocation_pools": [{"start": "fd07:5f01:fab4::2", "end": "fd07:5f01:fab4:0:ffff:ffff:ffff:ffff"}], "host_routes": [], "ip_version": 6, "ipv6_address_mode": "slaac", "cidr": "fd07:5f01:fab4::/64", "id": "4c8d8440-d306-44b1-975c-c8f9abdd1d29", "subnetpool_id": null}, {"name": "public-subnet", "enable_dhcp": false, "network_id": "d779a6ed-08bb-4335-8c5d-3d1ee51c127c", "tenant_id": "5120ce9ed534439dab75a98a6c0bfd17", "dns_nameservers": [], "gateway_ip": "172.24.4.1", "ipv6_ra_mode": null, "allocation_pools": [{"start": "172.24.4.2", "end": "172.24.4.254"}], "host_routes": [], "ip_version": 4, "ipv6_address_mode": null, "cidr": "172.24.4.0/24", "id": "34d76666-1138-4df6-9994-96fa1aa97caa", "subnetpool_id": null}]}
2016-02-23 14:49:50,007 27797 INFO     [tempest_lib.common.rest_client] Request (TestNetworkBasicOps:test_connectivity_between_vms_on_different_networks): 200 GET http://10.4.1.3:9696/v2.0/routers 0.221s
2016-02-23 14:49:50,008 27797 DEBUG    [tempest_lib.common.rest_client] Request - Headers: {'Content-Type': 'application/json', 'Accept': 'application/json', 'X-Auth-Token': '&lt;omitted&gt;'}
        Body: None
    Response - Headers: {'status': '200', 'content-length': '1014', 'content-location': 'http://10.4.1.3:9696/v2.0/routers', 'connection': 'close', 'date': 'Tue, 23 Feb 2016 14:49:50 GMT', 'content-type': 'application/json; charset=UTF-8', 'x-openstack-request-id': 'req-58823adf-91bb-4b04-be38-7e0638eee6fe'}
        Body: {"routers": [{"status": "ACTIVE", "external_gateway_info": {"network_id": "d779a6ed-08bb-4335-8c5d-3d1ee51c127c", "enable_snat": true, "external_fixed_ips": [{"subnet_id": "34d76666-1138-4df6-9994-96fa1aa97caa", "ip_address": "172.24.4.3"}, {"subnet_id": "750b9252-ab32-4f43-add8-1130120cbf2a", "ip_address": "2001:db8::4"}]}, "name": "tempest-router-smoke-564798404", "admin_state_up": true, "tenant_id": "f596193be9cd4499b3ba8e6c441998cf", "distributed": false, "routes": [], "id": "b36439f2-7abc-4d8c-80dd-711411ea886d"}, {"status": "ACTIVE", "external_gateway_info": {"network_id": "d779a6ed-08bb-4335-8c5d-3d1ee51c127c", "enable_snat": true, "external_fixed_ips": [{"subnet_id": "34d76666-1138-4df6-9994-96fa1aa97caa", "ip_address": "172.24.4.2"}, {"subnet_id": "750b9252-ab32-4f43-add8-1130120cbf2a", "ip_address": "2001:db8::3"}]}, "name": "router1", "admin_state_up": true, "tenant_id": "d0c8456f219b4e9fab9812f401969dfa", "distributed": false, "routes": [], "id": "fdcadc55-c940-4ef7-a616-bf34c3d35408"}]}
2016-02-23 14:49:50,466 27797 INFO     [tempest_lib.common.rest_client] Request (TestNetworkBasicOps:test_connectivity_between_vms_on_different_networks): 200 POST http://10.4.1.3:8774/v2.1/f596193be9cd4499b3ba8e6c441998cf/os-keypairs 0.457s
2016-02-23 14:49:50,466 27797 DEBUG    [tempest_lib.common.rest_client] Request - Headers: {'Content-Type': 'application/json', 'Accept': 'application/json', 'X-Auth-Token': '&lt;omitted&gt;'}
        Body: {"keypair": {"name": "tempest-TestNetworkBasicOps-1938503714"}}
    Response - Headers: {'status': '200', 'content-length': '2321', 'x-compute-request-id': 'req-0b4014ee-77cc-4715-a89e-9d028396eef1', 'vary': 'X-OpenStack-Nova-API-Version', 'connection': 'close', 'x-openstack-nova-api-version': '2.1', 'date': 'Tue, 23 Feb 2016 14:49:50 GMT', 'content-type': 'application/json'}
        Body: {"keypair": {"public_key": "ssh-rsa AAAAB3NzaC1yc2EAAAADAQABAAABAQC9xhr4vBUk/d7tkIZ5zyyRS+hRFbvq22qQyD/IBghzvpwgP7iplZRdsTiNcUXJCgW2x9Hu21tMwjfWsq06HuHNzz88f/XlQITjpT1xjMiZCKznJKM6+XtR5QlyFtUC6pj7QwpuRI76xUDvSGpKI8bCaK4ZaF2A7Lupr5ZOSd95ECObEJHzTufR87JgqTIatb+87cqAP+SBncTiMfiztXcp0yrue6UnIB2NaTzBs9YINGTASW1Ajglmy5t7RM6Reihd7tkWZrGE4Oj869nXQ34xV7xO4CqhJJ5xIp7dDn9931pCy7z8jq/UTduC1d69hK62WxlKWS5eS/Q4/1uVFk5P Generated-by-Nova", "private_key": "-----BEGIN RSA PRIVATE KEY-----\nMIIEpwIBAAKCAQEAvcYa+LwVJP3e7ZCGec8skUvoURW76ttqkMg/yAYIc76cID+4\nqZWUXbE4jXFFyQoFtsfR7ttbTMI31rKtOh7hzc8/PH/15UCE46U9cYzImQis5ySj\nOvl7UeUJchbVAuqY+0MKbkSO+sVA70hqSiPGwmiuGWhdgOy7qa+WTknfeRAjmxCR\n807n0fOyYKkyGrW/vO3KgD/kgZ3E4jH4s7V3KdMq7nulJyAdjWk8wbPWCDRkwElt\nQI4JZsube0TOkXooXe7ZFmaxhODo/OvZ10N+MVe8TuAqoSSecSKe3Q5/fd9aQsu8\n/I6v1E3bgtXevYSutlsZSlkuXkv0OP9blRZOTwIDAQABAoIBADV95tJf6bHgoXrj\nNxSUsiJOfDCG6M49hN9Eor3V/YHqo4VvkLS0hfqW3rL3z8zoN04bKvCiAi0zvZuW\nB8APPmTN2yxJgV1af1rPk+8y2MRSLrKEoEIaWolt/uiayPYmfHKupf0I9Ch5e2E3\nT0aQqRDZguGEin6xvAALj1mH9ybfSUX/rY8wTbxz3stvf/miAIeBK82V9cMb2zfV\nbvZgr+NJKgd85iZAi/rGHnAsRd21pV8i+Q7Rbwc2vtTYOc+5AR+OYVIQKPaqDlT2\nbXT/xDJIVIZoHwJOi+VnYaOzDpT/yK1m+ABh39igKcilsJ38xioIeZE1on3kNlTL\nNrVaWpECggCBAL/kjIrJ7/XME16O0YJeqykM4YlYITDU0bHvftABxu5Fv7NfCTGQ\nXsuSRlJPL8eWEAKilTVuVslnuh9Mk7LrNnQoHQmO5Knshiz3oK8LVEzhTj/HhOVN\n6X9hYNcJBHMhoTn+R6gL3dxQPuYh2hlkeu6UyvlTpqahXodrhaj6KWJnAoIAgQD9\nLFZw6hGznA/CmMjod7UjNxzaKr4NB+Q5XeysOXt7PbkfOFKKmuOaFH7KtVRey4+k\nv6T/y8BLZH+kZ3evWXOnrL4UF8cOam20yVjTTgRSzpFW9pKH71WWYVJY6D+eoaOH\nrIaOijK+DoAXDnrYfYHQjjqj12Oj8hrczaz6uoHT2QKCAIAbCYbL31wSE+j+v7zB\nU7lmFUyJ34L9sF7DZW1GvZlb5TP3gAJ5m0/f+wIxgrrGslwbIvFHD/7mbdkJo+6D\nnSSVBTniKOILFypol5NqVnxQQMaXsfMFpA6sRfoxEjIwTqK62xsZkGJ4Mk5KeqaS\nQVgY2ZonuyOWAtKg3gN9JZJDLQKCAIBijuUj1euIOWPlRKdJ4HgyulzQDb2owv60\n2nytWz9X7eJoZfu0G7IpJHtrnIW41ZQY9cZdEkvMzdXnAaSVLcSZbOUeW1dRpFsK\n+ytKL1/9gI8SBLFsm958yWxOUjOaJKDNy3sieGhilrCEyU1HhCyKLSRk7g/LHhAZ\nDzSc8whhmQKCAIBnSi75CYmYFiLnYqbkbvzoGUYj0x5c+fCs/KCXBra4BBOCkMFB\nQX8KOFtgIQAVzPkNYPTEd1osj6YNj+0r+O5PyM0OpwuvJR141iw8y985hyIAYlef\nSJeeYRJrXsnpz/6kXNZKjLegdAKoXVbj9TjijLW/L28xzC80bRiOpnvahQ==\n-----END RSA PRIVATE KEY-----\n", "user_id": "3ee5a6113f134dfca56806955c7689bc", "name": "tempest-TestNetworkBasicOps-1938503714", "fingerprint": "18:68:19:69:b8:cc:67:82:a3:c2:6c:fb:27:65:08:8a"}}
2016-02-23 14:49:50,628 27797 INFO     [tempest_lib.common.rest_client] Request (TestNetworkBasicOps:test_connectivity_between_vms_on_different_networks): 200 POST http://10.4.1.3:5000/v2.0/tokens
2016-02-23 14:49:50,629 27797 DEBUG    [tempest_lib.common.rest_client] Request - Headers: {'Content-Type': 'application/json', 'Accept': 'application/json'}
        Body: &lt;omitted&gt;
    Response - Headers: {'status': '200', 'content-length': '2258', 'vary': 'X-Auth-Token', 'server': 'Apache/2.4.7 (Ubuntu)', 'connection': 'close', 'date': 'Tue, 23 Feb 2016 14:49:50 GMT', 'content-type': 'application/json', 'x-openstack-request-id': 'req-ce99c18d-adaa-4f7e-9bf4-fd4e2bd8fa75'}
        Body: {"access": {"token": {"issued_at": "2016-02-23T14:49:50.616078", "expires": "2016-02-23T15:49:50Z", "id": "f10111af6445410d98c8878c50a89dd9", "tenant": {"description": "tempest-TestNetworkBasicOps-1318153996-desc", "enabled": true, "id": "f596193be9cd4499b3ba8e6c441998cf", "name": "tempest-TestNetworkBasicOps-1318153996"}, "audit_ids": ["S872jzR3SI2T2zMLHC1qzA"]}, "serviceCatalog": [{"endpoints": [{"adminURL": "http://10.4.1.3:9292", "region": "RegionOne", "internalURL": "http://10.4.1.3:9292", "id": "14cf00a51e034cafadea32a5ae03b9f6", "publicURL": "http://10.4.1.3:9292"}], "endpoints_links": [], "type": "image", "name": "glance"}, {"endpoints": [{"adminURL": "http://10.4.1.3:8774/v2.1/f596193be9cd4499b3ba8e6c441998cf", "region": "RegionOne", "internalURL": "http://10.4.1.3:8774/v2.1/f596193be9cd4499b3ba8e6c441998cf", "id": "17124594275d420abff2a8d2e7866559", "publicURL": "http://10.4.1.3:8774/v2.1/f596193be9cd4499b3ba8e6c441998cf"}], "endpoints_links": [], "type": "compute", "name": "nova"}, {"endpoints": [{"adminURL": "http://10.4.1.3:9696/", "region": "RegionOne", "internalURL": "http://10.4.1.3:9696/", "id": "302d555b387341c383b88debb7b78240", "publicURL": "http://10.4.1.3:9696/"}], "endpoints_links": [], "type": "network", "name": "neutron"}, {"endpoints": [{"adminURL": "http://10.4.1.3:35357/v2.0", "region": "RegionOne", "internalURL": "http://10.4.1.3:5000/v2.0", "id": "01102f1691c64b9095897e6adf154ee5", "publicURL": "http://10.4.1.3:5000/v2.0"}], "endpoints_links": [], "type": "identity", "name": "keystone"}, {"endpoints": [{"adminURL": "http://10.4.1.3:8774/v2/f596193be9cd4499b3ba8e6c441998cf", "region": "RegionOne", "internalURL": "http://10.4.1.3:8774/v2/f596193be9cd4499b3ba8e6c441998cf", "id": "42f3a698b7174a919c6e132fef6328ae", "publicURL": "http://10.4.1.3:8774/v2/f596193be9cd4499b3ba8e6c441998cf"}], "endpoints_links": [], "type": "compute_legacy", "name": "nova_legacy"}], "user": {"username": "tempest-TestNetworkBasicOps-784403124", "roles_links": [], "id": "3ee5a6113f134dfca56806955c7689bc", "roles": [{"name": "Member"}, {"name": "_member_"}], "name": "tempest-TestNetworkBasicOps-784403124"}, "metadata": {"is_admin": 0, "roles": ["9017bb123ede415e95381aa22458af6c", "9fe2ff9ee4384b1894a90878d3e92bab"]}}}
2016-02-23 14:49:50,635 27797 DEBUG    [tempest.common.fixed_network] (TestNetworkBasicOps:test_connectivity_between_vms_on_different_networks) No valid network provided or created, defaulting to fixed_network_name
2016-02-23 14:49:51,115 27797 INFO     [tempest_lib.common.rest_client] Request (TestNetworkBasicOps:test_connectivity_between_vms_on_different_networks): 200 GET http://10.4.1.3:8774/v2.1/f596193be9cd4499b3ba8e6c441998cf/os-networks 0.479s
2016-02-23 14:49:51,117 27797 DEBUG    [tempest_lib.common.rest_client] Request - Headers: {'Content-Type': 'application/json', 'Accept': 'application/json', 'X-Auth-Token': '&lt;omitted&gt;'}
        Body: None
    Response - Headers: {'status': '200', 'content-length': '479', 'content-location': 'http://10.4.1.3:8774/v2.1/f596193be9cd4499b3ba8e6c441998cf/os-networks', 'x-compute-request-id': 'req-1fc4d720-df69-497c-92eb-2d4cab7771da', 'vary': 'X-OpenStack-Nova-API-Version', 'connection': 'close', 'x-openstack-nova-api-version': '2.1', 'date': 'Tue, 23 Feb 2016 14:49:51 GMT', 'content-type': 'application/json'}
        Body: {"networks": [{"cidr_v6": null, "dns2": null, "dns1": null, "gateway": null, "broadcast": null, "netmask": null, "gateway_v6": null, "cidr": null, "label": "public", "id": "d779a6ed-08bb-4335-8c5d-3d1ee51c127c", "netmask_v6": null}, {"cidr_v6": null, "dns2": null, "dns1": null, "gateway": null, "broadcast": null, "netmask": null, "gateway_v6": null, "cidr": null, "label": "tempest-network-smoke--1947565437", "id": "eaa3531f-5eab-4482-afec-2a8c230748dc", "netmask_v6": null}]}
2016-02-23 14:49:51,117 27797 WARNING  [tempest.common.fixed_network] (TestNetworkBasicOps:test_connectivity_between_vms_on_different_networks) Network with name: private not found
2016-02-23 14:49:51,118 27797 INFO     [tempest.common.fixed_network] (TestNetworkBasicOps:test_connectivity_between_vms_on_different_networks) Found network {} available for tenant
2016-02-23 14:49:54,133 27797 INFO     [tempest_lib.common.rest_client] Request (TestNetworkBasicOps:test_connectivity_between_vms_on_different_networks): 202 POST http://10.4.1.3:8774/v2.1/f596193be9cd4499b3ba8e6c441998cf/servers 3.014s
2016-02-23 14:49:54,134 27797 DEBUG    [tempest_lib.common.rest_client] Request - Headers: {'Content-Type': 'application/json', 'Accept': 'application/json', 'X-Auth-Token': '&lt;omitted&gt;'}
        Body: {"server": {"name": "tempest-server-smoke-60237286", "imageRef": "cb61dcb9-b283-4166-b760-ca7516814437", "key_name": "tempest-TestNetworkBasicOps-1938503714", "flavorRef": "42", "networks": [{"uuid": "eaa3531f-5eab-4482-afec-2a8c230748dc"}], "security_groups": [{"name": "tempest-secgroup-smoke-2113752613"}]}}
    Response - Headers: {'status': '202', 'content-length': '460', 'x-compute-request-id': 'req-0ec54318-98b0-4cf1-97ed-b50f4355d860', 'vary': 'X-OpenStack-Nova-API-Version', 'connection': 'close', 'location': 'http://10.4.1.3:8774/v2.1/f596193be9cd4499b3ba8e6c441998cf/servers/0e79a455-09c4-4485-aa68-3663e84e7455', 'x-openstack-nova-api-version': '2.1', 'date': 'Tue, 23 Feb 2016 14:49:54 GMT', 'content-type': 'application/json'}
        Body: {"server": {"security_groups": [{"name": "tempest-secgroup-smoke-2113752613"}], "OS-DCF:diskConfig": "MANUAL", "id": "0e79a455-09c4-4485-aa68-3663e84e7455", "links": [{"href": "http://10.4.1.3:8774/v2.1/f596193be9cd4499b3ba8e6c441998cf/servers/0e79a455-09c4-4485-aa68-3663e84e7455", "rel": "self"}, {"href": "http://10.4.1.3:8774/f596193be9cd4499b3ba8e6c441998cf/servers/0e79a455-09c4-4485-aa68-3663e84e7455", "rel": "bookmark"}], "adminPass": "chucUYA3r3GK"}}
2016-02-23 14:49:54,688 27797 INFO     [tempest_lib.common.rest_client] Request (TestNetworkBasicOps:test_connectivity_between_vms_on_different_networks): 200 GET http://10.4.1.3:8774/v2.1/f596193be9cd4499b3ba8e6c441998cf/servers/0e79a455-09c4-4485-aa68-3663e84e7455 0.549s
2016-02-23 14:49:54,688 27797 DEBUG    [tempest_lib.common.rest_client] Request - Headers: {'Content-Type': 'application/json', 'Accept': 'application/json', 'X-Auth-Token': '&lt;omitted&gt;'}
        Body: None
    Response - Headers: {'status': '200', 'content-length': '1339', 'content-location': 'http://10.4.1.3:8774/v2.1/f596193be9cd4499b3ba8e6c441998cf/servers/0e79a455-09c4-4485-aa68-3663e84e7455', 'x-compute-request-id': 'req-a28a443d-5006-4f05-8cfe-928dffacfe72', 'vary': 'X-OpenStack-Nova-API-Version', 'connection': 'close', 'x-openstack-nova-api-version': '2.1', 'date': 'Tue, 23 Feb 2016 14:49:54 GMT', 'content-type': 'application/json'}
        Body: {"server": {"status": "BUILD", "updated": "2016-02-23T14:49:54Z", "hostId": "", "addresses": {}, "links": [{"href": "http://10.4.1.3:8774/v2.1/f596193be9cd4499b3ba8e6c441998cf/servers/0e79a455-09c4-4485-aa68-3663e84e7455", "rel": "self"}, {"href": "http://10.4.1.3:8774/f596193be9cd4499b3ba8e6c441998cf/servers/0e79a455-09c4-4485-aa68-3663e84e7455", "rel": "bookmark"}], "key_name": "tempest-TestNetworkBasicOps-1938503714", "image": {"id": "cb61dcb9-b283-4166-b760-ca7516814437", "links": [{"href": "http://10.4.1.3:8774/f596193be9cd4499b3ba8e6c441998cf/images/cb61dcb9-b283-4166-b760-ca7516814437", "rel": "bookmark"}]}, "OS-EXT-STS:task_state": "scheduling", "OS-EXT-STS:vm_state": "building", "OS-SRV-USG:launched_at": null, "flavor": {"id": "42", "links": [{"href": "http://10.4.1.3:8774/f596193be9cd4499b3ba8e6c441998cf/flavors/42", "rel": "bookmark"}]}, "id": "0e79a455-09c4-4485-aa68-3663e84e7455", "OS-SRV-USG:terminated_at": null, "OS-EXT-AZ:availability_zone": "", "user_id": "3ee5a6113f134dfca56806955c7689bc", "name": "tempest-server-smoke-60237286", "created": "2016-02-23T14:49:54Z", "tenant_id": "f596193be9cd4499b3ba8e6c441998cf", "OS-DCF:diskConfig": "MANUAL", "os-extended-volumes:volumes_attached": [], "accessIPv4": "", "accessIPv6": "", "progress": 0, "OS-EXT-STS:power_state": 0, "config_drive": "", "metadata": {}}}
2016-02-23 14:49:56,271 27797 INFO     [tempest_lib.common.rest_client] Request (TestNetworkBasicOps:test_connectivity_between_vms_on_different_networks): 200 GET http://10.4.1.3:8774/v2.1/f596193be9cd4499b3ba8e6c441998cf/servers/0e79a455-09c4-4485-aa68-3663e84e7455 0.572s
2016-02-23 14:49:56,272 27797 DEBUG    [tempest_lib.common.rest_client] Request - Headers: {'Content-Type': 'application/json', 'Accept': 'application/json', 'X-Auth-Token': '&lt;omitted&gt;'}
        Body: None
    Response - Headers: {'status': '200', 'content-length': '1397', 'content-location': 'http://10.4.1.3:8774/v2.1/f596193be9cd4499b3ba8e6c441998cf/servers/0e79a455-09c4-4485-aa68-3663e84e7455', 'x-compute-request-id': 'req-2b80bbbd-de1f-4319-a7f9-b75a7ec933ed', 'vary': 'X-OpenStack-Nova-API-Version', 'connection': 'close', 'x-openstack-nova-api-version': '2.1', 'date': 'Tue, 23 Feb 2016 14:49:56 GMT', 'content-type': 'application/json'}
        Body: {"server": {"status": "BUILD", "updated": "2016-02-23T14:49:55Z", "hostId": "d9a119a0e566747e7e4faaab66291015f1e1ea4167befcb28536bc2e", "addresses": {}, "links": [{"href": "http://10.4.1.3:8774/v2.1/f596193be9cd4499b3ba8e6c441998cf/servers/0e79a455-09c4-4485-aa68-3663e84e7455", "rel": "self"}, {"href": "http://10.4.1.3:8774/f596193be9cd4499b3ba8e6c441998cf/servers/0e79a455-09c4-4485-aa68-3663e84e7455", "rel": "bookmark"}], "key_name": "tempest-TestNetworkBasicOps-1938503714", "image": {"id": "cb61dcb9-b283-4166-b760-ca7516814437", "links": [{"href": "http://10.4.1.3:8774/f596193be9cd4499b3ba8e6c441998cf/images/cb61dcb9-b283-4166-b760-ca7516814437", "rel": "bookmark"}]}, "OS-EXT-STS:task_state": "spawning", "OS-EXT-STS:vm_state": "building", "OS-SRV-USG:launched_at": null, "flavor": {"id": "42", "links": [{"href": "http://10.4.1.3:8774/f596193be9cd4499b3ba8e6c441998cf/flavors/42", "rel": "bookmark"}]}, "id": "0e79a455-09c4-4485-aa68-3663e84e7455", "OS-SRV-USG:terminated_at": null, "OS-EXT-AZ:availability_zone": "nova", "user_id": "3ee5a6113f134dfca56806955c7689bc", "name": "tempest-server-smoke-60237286", "created": "2016-02-23T14:49:54Z", "tenant_id": "f596193be9cd4499b3ba8e6c441998cf", "OS-DCF:diskConfig": "MANUAL", "os-extended-volumes:volumes_attached": [], "accessIPv4": "", "accessIPv6": "", "progress": 0, "OS-EXT-STS:power_state": 0, "config_drive": "", "metadata": {}}}
2016-02-23 14:49:56,280 27797 INFO     [tempest.common.waiters] State transition "BUILD/scheduling" ==&gt; "BUILD/spawning" after 2 second wait
2016-02-23 14:49:58,207 27797 INFO     [tempest_lib.common.rest_client] Request (TestNetworkBasicOps:test_connectivity_between_vms_on_different_networks): 200 GET http://10.4.1.3:8774/v2.1/f596193be9cd4499b3ba8e6c441998cf/servers/0e79a455-09c4-4485-aa68-3663e84e7455 0.926s
2016-02-23 14:49:58,207 27797 DEBUG    [tempest_lib.common.rest_client] Request - Headers: {'Content-Type': 'application/json', 'Accept': 'application/json', 'X-Auth-Token': '&lt;omitted&gt;'}
        Body: None
    Response - Headers: {'status': '200', 'content-length': '1465', 'content-location': 'http://10.4.1.3:8774/v2.1/f596193be9cd4499b3ba8e6c441998cf/servers/0e79a455-09c4-4485-aa68-3663e84e7455', 'x-compute-request-id': 'req-f8e99ba6-dcc1-4d7e-8bb3-ef7d8a8c9d6f', 'vary': 'X-OpenStack-Nova-API-Version', 'connection': 'close', 'x-openstack-nova-api-version': '2.1', 'date': 'Tue, 23 Feb 2016 14:49:58 GMT', 'content-type': 'application/json'}
        Body: {"server": {"status": "BUILD", "updated": "2016-02-23T14:49:55Z", "hostId": "d9a119a0e566747e7e4faaab66291015f1e1ea4167befcb28536bc2e", "addresses": {}, "links": [{"href": "http://10.4.1.3:8774/v2.1/f596193be9cd4499b3ba8e6c441998cf/servers/0e79a455-09c4-4485-aa68-3663e84e7455", "rel": "self"}, {"href": "http://10.4.1.3:8774/f596193be9cd4499b3ba8e6c441998cf/servers/0e79a455-09c4-4485-aa68-3663e84e7455", "rel": "bookmark"}], "key_name": "tempest-TestNetworkBasicOps-1938503714", "image": {"id": "cb61dcb9-b283-4166-b760-ca7516814437", "links": [{"href": "http://10.4.1.3:8774/f596193be9cd4499b3ba8e6c441998cf/images/cb61dcb9-b283-4166-b760-ca7516814437", "rel": "bookmark"}]}, "OS-EXT-STS:task_state": "spawning", "OS-EXT-STS:vm_state": "building", "OS-SRV-USG:launched_at": null, "flavor": {"id": "42", "links": [{"href": "http://10.4.1.3:8774/f596193be9cd4499b3ba8e6c441998cf/flavors/42", "rel": "bookmark"}]}, "id": "0e79a455-09c4-4485-aa68-3663e84e7455", "security_groups": [{"name": "tempest-secgroup-smoke-2113752613"}], "OS-SRV-USG:terminated_at": null, "OS-EXT-AZ:availability_zone": "nova", "user_id": "3ee5a6113f134dfca56806955c7689bc", "name": "tempest-server-smoke-60237286", "created": "2016-02-23T14:49:54Z", "tenant_id": "f596193be9cd4499b3ba8e6c441998cf", "OS-DCF:diskConfig": "MANUAL", "os-extended-volumes:volumes_attached": [], "accessIPv4": "", "accessIPv6": "", "progress": 0, "OS-EXT-STS:power_state": 0, "config_drive": "", "metadata": {}}}
2016-02-23 14:50:00,027 27797 INFO     [tempest_lib.common.rest_client] Request (TestNetworkBasicOps:test_connectivity_between_vms_on_different_networks): 200 GET http://10.4.1.3:8774/v2.1/f596193be9cd4499b3ba8e6c441998cf/servers/0e79a455-09c4-4485-aa68-3663e84e7455 0.810s
2016-02-23 14:50:00,027 27797 DEBUG    [tempest_lib.common.rest_client] Request - Headers: {'Content-Type': 'application/json', 'Accept': 'application/json', 'X-Auth-Token': '&lt;omitted&gt;'}
        Body: None
    Response - Headers: {'status': '200', 'content-length': '1465', 'content-location': 'http://10.4.1.3:8774/v2.1/f596193be9cd4499b3ba8e6c441998cf/servers/0e79a455-09c4-4485-aa68-3663e84e7455', 'x-compute-request-id': 'req-2f0ed474-69f2-4987-a76d-a333bb03234c', 'vary': 'X-OpenStack-Nova-API-Version', 'connection': 'close', 'x-openstack-nova-api-version': '2.1', 'date': 'Tue, 23 Feb 2016 14:50:00 GMT', 'content-type': 'application/json'}
        Body: {"server": {"status": "BUILD", "updated": "2016-02-23T14:49:55Z", "hostId": "d9a119a0e566747e7e4faaab66291015f1e1ea4167befcb28536bc2e", "addresses": {}, "links": [{"href": "http://10.4.1.3:8774/v2.1/f596193be9cd4499b3ba8e6c441998cf/servers/0e79a455-09c4-4485-aa68-3663e84e7455", "rel": "self"}, {"href": "http://10.4.1.3:8774/f596193be9cd4499b3ba8e6c441998cf/servers/0e79a455-09c4-4485-aa68-3663e84e7455", "rel": "bookmark"}], "key_name": "tempest-TestNetworkBasicOps-1938503714", "image": {"id": "cb61dcb9-b283-4166-b760-ca7516814437", "links": [{"href": "http://10.4.1.3:8774/f596193be9cd4499b3ba8e6c441998cf/images/cb61dcb9-b283-4166-b760-ca7516814437", "rel": "bookmark"}]}, "OS-EXT-STS:task_state": "spawning", "OS-EXT-STS:vm_state": "building", "OS-SRV-USG:launched_at": null, "flavor": {"id": "42", "links": [{"href": "http://10.4.1.3:8774/f596193be9cd4499b3ba8e6c441998cf/flavors/42", "rel": "bookmark"}]}, "id": "0e79a455-09c4-4485-aa68-3663e84e7455", "security_groups": [{"name": "tempest-secgroup-smoke-2113752613"}], "OS-SRV-USG:terminated_at": null, "OS-EXT-AZ:availability_zone": "nova", "user_id": "3ee5a6113f134dfca56806955c7689bc", "name": "tempest-server-smoke-60237286", "created": "2016-02-23T14:49:54Z", "tenant_id": "f596193be9cd4499b3ba8e6c441998cf", "OS-DCF:diskConfig": "MANUAL", "os-extended-volumes:volumes_attached": [], "accessIPv4": "", "accessIPv6": "", "progress": 0, "OS-EXT-STS:power_state": 0, "config_drive": "", "metadata": {}}}
2016-02-23 14:50:01,682 27797 INFO     [tempest_lib.common.rest_client] Request (TestNetworkBasicOps:test_connectivity_between_vms_on_different_networks): 200 GET http://10.4.1.3:8774/v2.1/f596193be9cd4499b3ba8e6c441998cf/servers/0e79a455-09c4-4485-aa68-3663e84e7455 0.639s
2016-02-23 14:50:01,683 27797 DEBUG    [tempest_lib.common.rest_client] Request - Headers: {'Content-Type': 'application/json', 'Accept': 'application/json', 'X-Auth-Token': '&lt;omitted&gt;'}
        Body: None
    Response - Headers: {'status': '200', 'content-length': '1637', 'content-location': 'http://10.4.1.3:8774/v2.1/f596193be9cd4499b3ba8e6c441998cf/servers/0e79a455-09c4-4485-aa68-3663e84e7455', 'x-compute-request-id': 'req-ef564104-b9c0-4012-bd20-bbbf6f165a95', 'vary': 'X-OpenStack-Nova-API-Version', 'connection': 'close', 'x-openstack-nova-api-version': '2.1', 'date': 'Tue, 23 Feb 2016 14:50:01 GMT', 'content-type': 'application/json'}
        Body: {"server": {"status": "ACTIVE", "updated": "2016-02-23T14:50:00Z", "hostId": "d9a119a0e566747e7e4faaab66291015f1e1ea4167befcb28536bc2e", "addresses": {"tempest-network-smoke--1947565437": [{"OS-EXT-IPS-MAC:mac_addr": "fa:16:3e:a5:95:eb", "version": 4, "addr": "10.100.0.3", "OS-EXT-IPS:type": "fixed"}]}, "links": [{"href": "http://10.4.1.3:8774/v2.1/f596193be9cd4499b3ba8e6c441998cf/servers/0e79a455-09c4-4485-aa68-3663e84e7455", "rel": "self"}, {"href": "http://10.4.1.3:8774/f596193be9cd4499b3ba8e6c441998cf/servers/0e79a455-09c4-4485-aa68-3663e84e7455", "rel": "bookmark"}], "key_name": "tempest-TestNetworkBasicOps-1938503714", "image": {"id": "cb61dcb9-b283-4166-b760-ca7516814437", "links": [{"href": "http://10.4.1.3:8774/f596193be9cd4499b3ba8e6c441998cf/images/cb61dcb9-b283-4166-b760-ca7516814437", "rel": "bookmark"}]}, "OS-EXT-STS:task_state": null, "OS-EXT-STS:vm_state": "active", "OS-SRV-USG:launched_at": "2016-02-23T14:49:59.000000", "flavor": {"id": "42", "links": [{"href": "http://10.4.1.3:8774/f596193be9cd4499b3ba8e6c441998cf/flavors/42", "rel": "bookmark"}]}, "id": "0e79a455-09c4-4485-aa68-3663e84e7455", "security_groups": [{"name": "tempest-secgroup-smoke-2113752613"}], "OS-SRV-USG:terminated_at": null, "OS-EXT-AZ:availability_zone": "nova", "user_id": "3ee5a6113f134dfca56806955c7689bc", "name": "tempest-server-smoke-60237286", "created": "2016-02-23T14:49:54Z", "tenant_id": "f596193be9cd4499b3ba8e6c441998cf", "OS-DCF:diskConfig": "MANUAL", "os-extended-volumes:volumes_attached": [], "accessIPv4": "", "accessIPv6": "", "progress": 0, "OS-EXT-STS:power_state": 1, "config_drive": "True", "metadata": {}}}
2016-02-23 14:50:01,691 27797 INFO     [tempest.common.waiters] State transition "BUILD/spawning" ==&gt; "ACTIVE/None" after 7 second wait
2016-02-23 14:50:02,320 27797 INFO     [tempest_lib.common.rest_client] Request (TestNetworkBasicOps:test_connectivity_between_vms_on_different_networks): 200 GET http://10.4.1.3:8774/v2.1/f596193be9cd4499b3ba8e6c441998cf/servers/0e79a455-09c4-4485-aa68-3663e84e7455 0.627s
2016-02-23 14:50:02,320 27797 DEBUG    [tempest_lib.common.rest_client] Request - Headers: {'Content-Type': 'application/json', 'Accept': 'application/json', 'X-Auth-Token': '&lt;omitted&gt;'}
        Body: None
    Response - Headers: {'status': '200', 'content-length': '1637', 'content-location': 'http://10.4.1.3:8774/v2.1/f596193be9cd4499b3ba8e6c441998cf/servers/0e79a455-09c4-4485-aa68-3663e84e7455', 'x-compute-request-id': 'req-84fc0c85-7145-4f66-8113-7e5907aa3afe', 'vary': 'X-OpenStack-Nova-API-Version', 'connection': 'close', 'x-openstack-nova-api-version': '2.1', 'date': 'Tue, 23 Feb 2016 14:50:02 GMT', 'content-type': 'application/json'}
        Body: {"server": {"status": "ACTIVE", "updated": "2016-02-23T14:50:00Z", "hostId": "d9a119a0e566747e7e4faaab66291015f1e1ea4167befcb28536bc2e", "addresses": {"tempest-network-smoke--1947565437": [{"OS-EXT-IPS-MAC:mac_addr": "fa:16:3e:a5:95:eb", "version": 4, "addr": "10.100.0.3", "OS-EXT-IPS:type": "fixed"}]}, "links": [{"href": "http://10.4.1.3:8774/v2.1/f596193be9cd4499b3ba8e6c441998cf/servers/0e79a455-09c4-4485-aa68-3663e84e7455", "rel": "self"}, {"href": "http://10.4.1.3:8774/f596193be9cd4499b3ba8e6c441998cf/servers/0e79a455-09c4-4485-aa68-3663e84e7455", "rel": "bookmark"}], "key_name": "tempest-TestNetworkBasicOps-1938503714", "image": {"id": "cb61dcb9-b283-4166-b760-ca7516814437", "links": [{"href": "http://10.4.1.3:8774/f596193be9cd4499b3ba8e6c441998cf/images/cb61dcb9-b283-4166-b760-ca7516814437", "rel": "bookmark"}]}, "OS-EXT-STS:task_state": null, "OS-EXT-STS:vm_state": "active", "OS-SRV-USG:launched_at": "2016-02-23T14:49:59.000000", "flavor": {"id": "42", "links": [{"href": "http://10.4.1.3:8774/f596193be9cd4499b3ba8e6c441998cf/flavors/42", "rel": "bookmark"}]}, "id": "0e79a455-09c4-4485-aa68-3663e84e7455", "security_groups": [{"name": "tempest-secgroup-smoke-2113752613"}], "OS-SRV-USG:terminated_at": null, "OS-EXT-AZ:availability_zone": "nova", "user_id": "3ee5a6113f134dfca56806955c7689bc", "name": "tempest-server-smoke-60237286", "created": "2016-02-23T14:49:54Z", "tenant_id": "f596193be9cd4499b3ba8e6c441998cf", "OS-DCF:diskConfig": "MANUAL", "os-extended-volumes:volumes_attached": [], "accessIPv4": "", "accessIPv6": "", "progress": 0, "OS-EXT-STS:power_state": 1, "config_drive": "True", "metadata": {}}}
2016-02-23 14:50:02,328 27797 INFO     [tempest.scenario.manager] Tenant networks not configured to be reachable.
2016-02-23 14:50:02,537 27797 INFO     [tempest_lib.common.rest_client] Request (TestNetworkBasicOps:test_connectivity_between_vms_on_different_networks): 200 GET http://10.4.1.3:9696/v2.0/ports?fixed_ip=None&amp;device_id=0e79a455-09c4-4485-aa68-3663e84e7455 0.209s
2016-02-23 14:50:02,538 27797 DEBUG    [tempest_lib.common.rest_client] Request - Headers: {'Content-Type': 'application/json', 'Accept': 'application/json', 'X-Auth-Token': '&lt;omitted&gt;'}
        Body: None
    Response - Headers: {'status': '200', 'content-length': '755', 'content-location': 'http://10.4.1.3:9696/v2.0/ports?fixed_ip=None&amp;device_id=0e79a455-09c4-4485-aa68-3663e84e7455', 'connection': 'close', 'date': 'Tue, 23 Feb 2016 14:50:02 GMT', 'content-type': 'application/json; charset=UTF-8', 'x-openstack-request-id': 'req-94475a0d-a9f4-4a66-87c6-94322be006b3'}
        Body: {"ports": [{"status": "ACTIVE", "binding:host_id": "vagrant-ubuntu-trusty-64", "name": "", "allowed_address_pairs": [], "admin_state_up": true, "network_id": "eaa3531f-5eab-4482-afec-2a8c230748dc", "tenant_id": "f596193be9cd4499b3ba8e6c441998cf", "extra_dhcp_opts": [], "mac_address": "fa:16:3e:a5:95:eb", "binding:vif_details": {"port_filter": true}, "binding:vif_type": "ovs", "device_owner": "compute:None", "binding:profile": {}, "port_security_enabled": true, "binding:vnic_type": "normal", "fixed_ips": [{"subnet_id": "30601975-e088-4e62-9faa-bd8b46a8b90b", "ip_address": "10.100.0.3"}], "id": "a5e1aab1-9da1-421a-b180-f0d3ebde3f84", "security_groups": ["2c539d7a-e7ad-4d9b-80cd-a2e9b2bdbf87"], "device_id": "0e79a455-09c4-4485-aa68-3663e84e7455"}]}
2016-02-23 14:50:03,217 27797 INFO     [tempest_lib.common.rest_client] Request (TestNetworkBasicOps:test_connectivity_between_vms_on_different_networks): 201 POST http://10.4.1.3:9696/v2.0/floatingips 0.678s
2016-02-23 14:50:03,217 27797 DEBUG    [tempest_lib.common.rest_client] Request - Headers: {'Content-Type': 'application/json', 'Accept': 'application/json', 'X-Auth-Token': '&lt;omitted&gt;'}
        Body: {"floatingip": {"floating_network_id": "d779a6ed-08bb-4335-8c5d-3d1ee51c127c", "tenant_id": "f596193be9cd4499b3ba8e6c441998cf", "fixed_ip_address": "10.100.0.3", "port_id": "a5e1aab1-9da1-421a-b180-f0d3ebde3f84"}}
    Response - Headers: {'status': '201', 'content-length': '369', 'connection': 'close', 'date': 'Tue, 23 Feb 2016 14:50:03 GMT', 'content-type': 'application/json; charset=UTF-8', 'x-openstack-request-id': 'req-8b074354-9a8a-4399-b517-dd997f69a32a'}
        Body: {"floatingip": {"floating_network_id": "d779a6ed-08bb-4335-8c5d-3d1ee51c127c", "router_id": "b36439f2-7abc-4d8c-80dd-711411ea886d", "fixed_ip_address": "10.100.0.3", "floating_ip_address": "172.24.4.4", "tenant_id": "f596193be9cd4499b3ba8e6c441998cf", "status": "ACTIVE", "port_id": "a5e1aab1-9da1-421a-b180-f0d3ebde3f84", "id": "895baa93-354a-4aaa-b10c-d88eaf8ffc97"}}
2016-02-23 14:50:03,412 27797 INFO     [tempest_lib.common.rest_client] Request (TestNetworkBasicOps:test_connectivity_between_vms_on_different_networks): 200 GET http://10.4.1.3:9696/v2.0/floatingips/895baa93-354a-4aaa-b10c-d88eaf8ffc97 0.194s
2016-02-23 14:50:03,413 27797 DEBUG    [tempest_lib.common.rest_client] Request - Headers: {'Content-Type': 'application/json', 'Accept': 'application/json', 'X-Auth-Token': '&lt;omitted&gt;'}
        Body: None
    Response - Headers: {'status': '200', 'content-length': '369', 'content-location': 'http://10.4.1.3:9696/v2.0/floatingips/895baa93-354a-4aaa-b10c-d88eaf8ffc97', 'connection': 'close', 'date': 'Tue, 23 Feb 2016 14:50:03 GMT', 'content-type': 'application/json; charset=UTF-8', 'x-openstack-request-id': 'req-49bed4ec-f622-49df-aa51-f0b8f1ceb6f2'}
        Body: {"floatingip": {"floating_network_id": "d779a6ed-08bb-4335-8c5d-3d1ee51c127c", "router_id": "b36439f2-7abc-4d8c-80dd-711411ea886d", "fixed_ip_address": "10.100.0.3", "floating_ip_address": "172.24.4.4", "tenant_id": "f596193be9cd4499b3ba8e6c441998cf", "status": "ACTIVE", "port_id": "a5e1aab1-9da1-421a-b180-f0d3ebde3f84", "id": "895baa93-354a-4aaa-b10c-d88eaf8ffc97"}}
2016-02-23 14:50:03,413 27797 INFO     [tempest.scenario.manager] FloatingIP: &lt;"FloatingIP" addr="172.24.4.4" id="895baa93-354a-4aaa-b10c-d88eaf8ffc97"&gt; is at status: ACTIVE
2016-02-23 14:50:03,414 27797 DEBUG    [tempest.scenario.manager] checking network connections to IP 172.24.4.4 with user: cirros
2016-02-23 14:50:03,414 27797 DEBUG    [tempest.scenario.manager] TestNetworkBasicOps:test_connectivity_between_vms_on_different_networks begins to ping 172.24.4.4 in 120 sec and the expected result is reachable
2016-02-23 14:52:03,992 27797 DEBUG    [tempest.scenario.manager] TestNetworkBasicOps:test_connectivity_between_vms_on_different_networks finishes ping 172.24.4.4 in 120 sec and the ping result is unexpected
2016-02-23 14:52:03,993 27797 ERROR    [tempest.scenario.manager] Public network connectivity check failed
2016-02-23 14:52:03.993 27797 ERROR tempest.scenario.manager Traceback (most recent call last):
2016-02-23 14:52:03.993 27797 ERROR tempest.scenario.manager   File "tempest/scenario/manager.py", line 598, in check_public_network_connectivity
2016-02-23 14:52:03.993 27797 ERROR tempest.scenario.manager     should_connect=should_connect)
2016-02-23 14:52:03.993 27797 ERROR tempest.scenario.manager   File "tempest/scenario/manager.py", line 582, in check_vm_connectivity
2016-02-23 14:52:03.993 27797 ERROR tempest.scenario.manager     msg=msg)
2016-02-23 14:52:03.993 27797 ERROR tempest.scenario.manager   File "/usr/local/lib/python2.7/dist-packages/unittest2/case.py", line 702, in assertTrue
2016-02-23 14:52:03.993 27797 ERROR tempest.scenario.manager     raise self.failureException(msg)
2016-02-23 14:52:03.993 27797 ERROR tempest.scenario.manager AssertionError: False is not true : Timed out waiting for 172.24.4.4 to become reachable
2016-02-23 14:52:03.993 27797 ERROR tempest.scenario.manager 
2016-02-23 14:52:04,418 27797 INFO     [tempest_lib.common.rest_client] Request (TestNetworkBasicOps:test_connectivity_between_vms_on_different_networks): 200 POST http://10.4.1.3:8774/v2.1/f596193be9cd4499b3ba8e6c441998cf/servers/0e79a455-09c4-4485-aa68-3663e84e7455/action 0.421s
2016-02-23 14:52:04,419 27797 DEBUG    [tempest_lib.common.rest_client] Request - Headers: {'Content-Type': 'application/json', 'Accept': 'application/json', 'X-Auth-Token': '&lt;omitted&gt;'}
        Body: {"os-getConsoleOutput": {}}
    Response - Headers: {'status': '200', 'content-length': '17428', 'x-compute-request-id': 'req-4509c375-ce37-465c-8388-4ab98c53190b', 'vary': 'X-OpenStack-Nova-API-Version', 'connection': 'close', 'x-openstack-nova-api-version': '2.1', 'date': 'Tue, 23 Feb 2016 14:52:04 GMT', 'content-type': 'application/json'}
        Body: {"output": "[    0.000000] Initializing cgroup subsys cpuset\n[    0.000000] Initializing cgroup subsys cpu\n[    0.000000] Linux version 3.2.0-80-virtual (buildd@batsu) (gcc version 4.6.3 (Ubuntu/Linaro 4.6.3-1ubuntu5) ) #116-Ubuntu SMP Mon Mar 23 17:28:52 UTC 2015 (Ubuntu 3.2.0-80.116-virtual 3.2.68)\n[    0.000000] Command line: root=/dev/vda console=tty0 console=ttyS0 no_timer_check\n[    0.000000] KERNEL supported cpus:\n[    0.000000]   Intel GenuineIntel\n[    0.000000]   AMD AuthenticAMD\n[    0.000000]   Centaur CentaurHauls\n[    0.000000] BIOS-provided physical RAM map:\n[    0.000000]  BIOS-e820: 0000000000000000 - 000000000009fc00 (usable)\n[    0.000000]  BIOS-e820: 000000000009fc00 - 00000000000a0000 (reserved)\n[    0.000000]  BIOS-e820: 00000000000f0000 - 0000000000100000 (reserved)\n[    0.000000]  BIOS-e820: 0000000000100000 - 0000000003ffe000 (usable)\n[    0.000000]  BIOS-e820: 0000000003ffe000 - 0000000004000000 (reserved)\n[    0.000000]  BIOS-e820: 00000000fffc0000 - 0000000100000000 (reserved)\n[    0.000000] NX (Execute Disable) protection: active\n[    0.000000] SMBIOS 2.4 present.\n[    0.000000] No AGP bridge found\n[    0.000000] last_pfn = 0x3ffe max_arch_pfn = 0x400000000\n[    0.000000] x86 PAT enabled: cpu 0, old 0x7040600070406, new 0x7010600070106\n[    0.000000] found SMP MP-table at [ffff8800000f0b00] f0b00\n[    0.000000] init_memory_mapping: 0000000000000000-0000000003ffe000\n[    0.000000] RAMDISK: 03c5e000 - 03ff0000\n[    0.000000] ACPI: RSDP 00000000000f0950 00014 (v00 BOCHS )\n[    0.000000] ACPI: RSDT 0000000003fffbc1 00034 (v01 BOCHS  BXPCRSDT 00000001 BXPC 00000001)\n[    0.000000] ACPI: FACP 0000000003fff1c0 00074 (v01 BOCHS  BXPCFACP 00000001 BXPC 00000001)\n[    0.000000] ACPI: DSDT 0000000003ffe040 01180 (v01 BOCHS  BXPCDSDT 00000001 BXPC 00000001)\n[    0.000000] ACPI: FACS 0000000003ffe000 00040\n[    0.000000] ACPI: SSDT 0000000003fff234 008DD (v01 BOCHS  BXPCSSDT 00000001 BXPC 00000001)\n[    0.000000] ACPI: APIC 0000000003fffb11 00078 (v01 BOCHS  BXPCAPIC 00000001 BXPC 00000001)\n[    0.000000] ACPI: HPET 0000000003fffb89 00038 (v01 BOCHS  BXPCHPET 00000001 BXPC 00000001)\n[    0.000000] No NUMA configuration found\n[    0.000000] Faking a node at 0000000000000000-0000000003ffe000\n[    0.000000] Initmem setup node 0 0000000000000000-0000000003ffe000\n[    0.000000]   NODE_DATA [0000000003ff6000 - 0000000003ffafff]\n[    0.000000] Zone PFN ranges:\n[    0.000000]   DMA      0x00000010 -&gt; 0x00001000\n[    0.000000]   DMA32    0x00001000 -&gt; 0x00100000\n[    0.000000]   Normal   empty\n[    0.000000] Movable zone start PFN for each node\n[    0.000000] early_node_map[2] active PFN ranges\n[    0.000000]     0: 0x00000010 -&gt; 0x0000009f\n[    0.000000]     0: 0x00000100 -&gt; 0x00003ffe\n[    0.000000] ACPI: PM-Timer IO Port: 0xb008\n[    0.000000] ACPI: LAPIC (acpi_id[0x00] lapic_id[0x00] enabled)\n[    0.000000] ACPI: LAPIC_NMI (acpi_id[0xff] dfl dfl lint[0x1])\n[    0.000000] ACPI: IOAPIC (id[0x00] address[0xfec00000] gsi_base[0])\n[    0.000000] IOAPIC[0]: apic_id 0, version 17, address 0xfec00000, GSI 0-23\n[    0.000000] ACPI: INT_SRC_OVR (bus 0 bus_irq 0 global_irq 2 dfl dfl)\n[    0.000000] ACPI: INT_SRC_OVR (bus 0 bus_irq 5 global_irq 5 high level)\n[    0.000000] ACPI: INT_SRC_OVR (bus 0 bus_irq 9 global_irq 9 high level)\n[    0.000000] ACPI: INT_SRC_OVR (bus 0 bus_irq 10 global_irq 10 high level)\n[    0.000000] ACPI: INT_SRC_OVR (bus 0 bus_irq 11 global_irq 11 high level)\n[    0.000000] Using ACPI (MADT) for SMP configuration information\n[    0.000000] ACPI: HPET id: 0x8086a201 base: 0xfed00000\n[    0.000000] SMP: Allowing 1 CPUs, 0 hotplug CPUs\n[    0.000000] PM: Registered nosave memory: 000000000009f000 - 00000000000a0000\n[    0.000000] PM: Registered nosave memory: 00000000000a0000 - 00000000000f0000\n[    0.000000] PM: Registered nosave memory: 00000000000f0000 - 0000000000100000\n[    0.000000] Allocating PCI resources starting at 4000000 (gap: 4000000:fbfc0000)\n[    0.000000] Booting paravirtualized kernel on bare hardware\n[    0.000000] setup_pe
2016-02-23 14:52:04,423 27797 DEBUG    [tempest.scenario.manager] Console output for 0e79a455-09c4-4485-aa68-3663e84e7455
body=
[    0.000000] Initializing cgroup subsys cpuset
[    0.000000] Initializing cgroup subsys cpu
[    0.000000] Linux version 3.2.0-80-virtual (buildd@batsu) (gcc version 4.6.3 (Ubuntu/Linaro 4.6.3-1ubuntu5) ) #116-Ubuntu SMP Mon Mar 23 17:28:52 UTC 2015 (Ubuntu 3.2.0-80.116-virtual 3.2.68)
[    0.000000] Command line: root=/dev/vda console=tty0 console=ttyS0 no_timer_check
[    0.000000] KERNEL supported cpus:
[    0.000000]   Intel GenuineIntel
[    0.000000]   AMD AuthenticAMD
[    0.000000]   Centaur CentaurHauls
[    0.000000] BIOS-provided physical RAM map:
[    0.000000]  BIOS-e820: 0000000000000000 - 000000000009fc00 (usable)
[    0.000000]  BIOS-e820: 000000000009fc00 - 00000000000a0000 (reserved)
[    0.000000]  BIOS-e820: 00000000000f0000 - 0000000000100000 (reserved)
[    0.000000]  BIOS-e820: 0000000000100000 - 0000000003ffe000 (usable)
[    0.000000]  BIOS-e820: 0000000003ffe000 - 0000000004000000 (reserved)
[    0.000000]  BIOS-e820: 00000000fffc0000 - 0000000100000000 (reserved)
[    0.000000] NX (Execute Disable) protection: active
[    0.000000] SMBIOS 2.4 present.
[    0.000000] No AGP bridge found
[    0.000000] last_pfn = 0x3ffe max_arch_pfn = 0x400000000
[    0.000000] x86 PAT enabled: cpu 0, old 0x7040600070406, new 0x7010600070106
[    0.000000] found SMP MP-table at [ffff8800000f0b00] f0b00
[    0.000000] init_memory_mapping: 0000000000000000-0000000003ffe000
[    0.000000] RAMDISK: 03c5e000 - 03ff0000
[    0.000000] ACPI: RSDP 00000000000f0950 00014 (v00 BOCHS )
[    0.000000] ACPI: RSDT 0000000003fffbc1 00034 (v01 BOCHS  BXPCRSDT 00000001 BXPC 00000001)
[    0.000000] ACPI: FACP 0000000003fff1c0 00074 (v01 BOCHS  BXPCFACP 00000001 BXPC 00000001)
[    0.000000] ACPI: DSDT 0000000003ffe040 01180 (v01 BOCHS  BXPCDSDT 00000001 BXPC 00000001)
[    0.000000] ACPI: FACS 0000000003ffe000 00040
[    0.000000] ACPI: SSDT 0000000003fff234 008DD (v01 BOCHS  BXPCSSDT 00000001 BXPC 00000001)
[    0.000000] ACPI: APIC 0000000003fffb11 00078 (v01 BOCHS  BXPCAPIC 00000001 BXPC 00000001)
[    0.000000] ACPI: HPET 0000000003fffb89 00038 (v01 BOCHS  BXPCHPET 00000001 BXPC 00000001)
[    0.000000] No NUMA configuration found
[    0.000000] Faking a node at 0000000000000000-0000000003ffe000
[    0.000000] Initmem setup node 0 0000000000000000-0000000003ffe000
[    0.000000]   NODE_DATA [0000000003ff6000 - 0000000003ffafff]
[    0.000000] Zone PFN ranges:
[    0.000000]   DMA      0x00000010 -&gt; 0x00001000
[    0.000000]   DMA32    0x00001000 -&gt; 0x00100000
[    0.000000]   Normal   empty
[    0.000000] Movable zone start PFN for each node
[    0.000000] early_node_map[2] active PFN ranges
[    0.000000]     0: 0x00000010 -&gt; 0x0000009f
[    0.000000]     0: 0x00000100 -&gt; 0x00003ffe
[    0.000000] ACPI: PM-Timer IO Port: 0xb008
[    0.000000] ACPI: LAPIC (acpi_id[0x00] lapic_id[0x00] enabled)
[    0.000000] ACPI: LAPIC_NMI (acpi_id[0xff] dfl dfl lint[0x1])
[    0.000000] ACPI: IOAPIC (id[0x00] address[0xfec00000] gsi_base[0])
[    0.000000] IOAPIC[0]: apic_id 0, version 17, address 0xfec00000, GSI 0-23
[    0.000000] ACPI: INT_SRC_OVR (bus 0 bus_irq 0 global_irq 2 dfl dfl)
[    0.000000] ACPI: INT_SRC_OVR (bus 0 bus_irq 5 global_irq 5 high level)
[    0.000000] ACPI: INT_SRC_OVR (bus 0 bus_irq 9 global_irq 9 high level)
[    0.000000] ACPI: INT_SRC_OVR (bus 0 bus_irq 10 global_irq 10 high level)
[    0.000000] ACPI: INT_SRC_OVR (bus 0 bus_irq 11 global_irq 11 high level)
[    0.000000] Using ACPI (MADT) for SMP configuration information
[    0.000000] ACPI: HPET id: 0x8086a201 base: 0xfed00000
[    0.000000] SMP: Allowing 1 CPUs, 0 hotplug CPUs
[    0.000000] PM: Registered nosave memory: 000000000009f000 - 00000000000a0000
[    0.000000] PM: Registered nosave memory: 00000000000a0000 - 00000000000f0000
[    0.000000] PM: Registered nosave memory: 00000000000f0000 - 0000000000100000
[    0.000000] Allocating PCI resources starting at 4000000 (gap: 4000000:fbfc0000)
[    0.000000] Booting paravirtualized kernel on bare hardware
[    0.000000] setup_percpu: NR_CPUS:64 nr_cpumask_bits:64 nr_cpu_ids:1 nr_node_ids:1
[    0.000000] PERCPU: Embedded 27 pages/cpu @ffff880003a00000 s78848 r8192 d23552 u2097152
[    0.000000] Built 1 zonelists in Node order, mobility grouping on.  Total pages: 16008
[    0.000000] Policy zone: DMA32
[    0.000000] Kernel command line: root=/dev/vda console=tty0 console=ttyS0 no_timer_check
[    0.000000] PID hash table entries: 256 (order: -1, 2048 bytes)
[    0.000000] Checking aperture...
[    0.000000] No AGP bridge found
[    0.000000] Memory: 43492k/65528k available (6576k kernel code, 452k absent, 21584k reserved, 6620k data, 928k init)
[    0.000000] SLUB: Genslabs=15, HWalign=64, Order=0-3, MinObjects=0, CPUs=1, Nodes=1
[    0.000000] Hierarchical RCU implementation.
[    0.000000] 	RCU dyntick-idle grace-period acceleration is enabled.
[    0.000000] NR_IRQS:4352 nr_irqs:256 16
[    0.000000] Console: colour VGA+ 80x25
[    0.000000] console [tty0] enabled
[    0.000000] console [ttyS0] enabled
[    0.000000] allocated 1048576 bytes of page_cgroup
[    0.000000] please try 'cgroup_disable=memory' option if you don't want memory cgroups
[    0.000000] Fast TSC calibration failed
[    0.000000] TSC: Unable to calibrate against PIT
[    0.000000] TSC: using HPET reference calibration
[    0.000000] Detected 2291.328 MHz processor.
[    0.029548] Calibrating delay loop (skipped), value calculated using timer frequency.. 4582.65 BogoMIPS (lpj=9165312)
[    0.032789] pid_max: default: 32768 minimum: 301
[    0.041391] Security Framework initialized
[    0.045865] AppArmor: AppArmor initialized
[    0.046535] Yama: becoming mindful.
[    0.056837] Dentry cache hash table entries: 8192 (order: 4, 65536 bytes)
[    0.058024] Inode-cache hash table entries: 4096 (order: 3, 32768 bytes)
[    0.060166] Mount-cache hash table entries: 256
[    0.074421] Initializing cgroup subsys cpuacct
[    0.076367] Initializing cgroup subsys memory
[    0.077844] Initializing cgroup subsys devices
[    0.078820] Initializing cgroup subsys freezer
[    0.080148] Initializing cgroup subsys blkio
[    0.080881] Initializing cgroup subsys perf_event
[    0.085822] mce: CPU supports 10 MCE banks
[    0.088945] SMP alternatives: switching to UP code
[    0.533209] Freeing SMP alternatives: 24k freed
[    0.534445] ACPI: Core revision 20110623
[    0.582850] ftrace: allocating 26610 entries in 105 pages
[    0.621235] ..TIMER: vector=0x30 apic1=0 pin1=2 apic2=-1 pin2=-1
[    0.622645] CPU0: AMD QEMU Virtual CPU version 2.0.0 stepping 03
[    0.628038] Performance Events: Broken PMU hardware detected, using software events only.
[    0.637638] NMI watchdog disabled (cpu0): hardware events not enabled
[    0.641328] Brought up 1 CPUs
[    0.642103] Total of 1 processors activated (4582.65 BogoMIPS).
[    0.667233] devtmpfs: initialized
[    0.705500] EVM: security.selinux
[    0.706285] EVM: security.SMACK64
[    0.706711] EVM: security.capability
[    0.731182] print_constraints: dummy: 
[    0.734140] RTC time: 14:50:03, date: 02/23/16
[    0.737505] NET: Registered protocol family 16
[    0.745862] ACPI: bus type pci registered
[    0.749887] PCI: Using configuration type 1 for base access
[    0.781938] bio: create slab &lt;bio-0&gt; at 0
[    0.787162] ACPI: Added _OSI(Module Device)
[    0.788200] ACPI: Added _OSI(Processor Device)
[    0.789287] ACPI: Added _OSI(3.0 _SCP Extensions)
[    0.789997] ACPI: Added _OSI(Processor Aggregator Device)
[    0.866944] ACPI: Interpreter enabled
[    0.868124] ACPI: (supports S0 S3 S4 S5)
[    0.869904] ACPI: Using IOAPIC for interrupt routing
[    0.960155] ACPI: No dock devices found.
[    0.961400] HEST: Table not found.
[    0.962441] PCI: Using host bridge windows from ACPI; if necessary, use "pci=nocrs" and report a bug
[    0.973000] ACPI: PCI Root Bridge [PCI0] (domain 0000 [bus 00-ff])
[    0.981352] pci_root PNP0A03:00: host bridge window [io  0x0000-0x0cf7]
[    0.982162] pci_root PNP0A03:00: host bridge window [io  0x0d00-0xadff]
[    0.982903] pci_root PNP0A03:00: host bridge window [io  0xae0f-0xaeff]
[    0.984132] pci_root PNP0A03:00: host bridge window [io  0xaf20-0xafdf]
[    0.985279] pci_root PNP0A03:00: host bridge window [io  0xafe4-0xffff]
[    0.986406] pci_root PNP0A03:00: host bridge window [mem 0x000a0000-0x000bffff]
[    0.988110] pci_root PNP0A03:00: host bridge window [mem 0x04000000-0xfebfffff]
[    1.009184] pci 0000:00:01.3: quirk: [io  0xb000-0xb03f] claimed by PIIX4 ACPI
[    1.010108] pci 0000:00:01.3: quirk: [io  0xb100-0xb10f] claimed by PIIX4 SMB
[    1.074850]  pci0000:00: Unable to request _OSC control (_OSC support mask: 0x1e)
[    1.137230] ACPI: PCI Interrupt Link [LNKA] (IRQs 5 *10 11)
[    1.139210] ACPI: PCI Interrupt Link [LNKB] (IRQs 5 *10 11)
[    1.141346] ACPI: PCI Interrupt Link [LNKC] (IRQs 5 10 *11)
[    1.144435] ACPI: PCI Interrupt Link [LNKD] (IRQs 5 10 *11)
[    1.145795] ACPI: PCI Interrupt Link [LNKS] (IRQs *9)
[    1.152071] vgaarb: device added: PCI:0000:00:02.0,decodes=io+mem,owns=io+mem,locks=none
[    1.152190] vgaarb: loaded
[    1.152543] vgaarb: bridge control possible 0000:00:02.0
[    1.157819] i2c-core: driver [aat2870] using legacy suspend method
[    1.158454] i2c-core: driver [aat2870] using legacy resume method
[    1.161060] SCSI subsystem initialized
[    1.164753] usbcore: registered new interface driver usbfs
[    1.165774] usbcore: registered new interface driver hub
[    1.166899] usbcore: registered new device driver usb
[    1.170907] PCI: Using ACPI for IRQ routing
[    1.182043] NetLabel: Initializing
[    1.182775] NetLabel:  domain hash size = 128
[    1.184136] NetLabel:  protocols = UNLABELED CIPSOv4
[    1.186839] NetLabel:  unlabeled traffic allowed by default
[    1.189480] HPET: 3 timers in total, 0 timers will be used for per-cpu timer
[    1.190841] hpet0: at MMIO 0xfed00000, IRQs 2, 8, 0
[    1.192597] hpet0: 3 comparators, 64-bit 100.000000 MHz counter
[    1.205986] Switching to clocksource hpet
[    1.432975] AppArmor: AppArmor Filesystem Enabled
[    1.434326] pnp: PnP ACPI init
[    1.434846] ACPI: bus type pnp registered
[    1.459391] pnp: PnP ACPI: found 9 devices
[    1.460012] ACPI: ACPI bus type pnp unregistered
[    1.522433] NET: Registered protocol family 2
[    1.560388] IP route cache hash table entries: 512 (order: 0, 4096 bytes)
[    1.567547] TCP established hash table entries: 2048 (order: 3, 32768 bytes)
[    1.570159] TCP bind hash table entries: 2048 (order: 3, 32768 bytes)
[    1.571188] TCP: Hash tables configured (established 2048 bind 2048)
[    1.572113] TCP reno registered
[    1.573611] UDP hash table entries: 128 (order: 0, 4096 bytes)
[    1.574248] UDP-Lite hash table entries: 128 (order: 0, 4096 bytes)
[    1.578260] NET: Registered protocol family 1
[    1.579857] pci 0000:00:00.0: Limiting direct PCI/PCI transfers
[    1.583111] pci 0000:00:01.0: PIIX3: Enabling Passive Release
[    1.586124] pci 0000:00:01.0: Activating ISA DMA hang workarounds
[    1.593238] ACPI: PCI Interrupt Link [LNKD] enabled at IRQ 11
[    1.594175] pci 0000:00:01.2: PCI INT D -&gt; Link[LNKD] -&gt; GSI 11 (level, high) -&gt; IRQ 11
[    1.596281] pci 0000:00:01.2: PCI INT D disabled
[    1.615006] Trying to unpack rootfs image as initramfs...
[    1.639616] audit: initializing netlink socket (disabled)
[    1.643418] type=2000 audit(1456239003.640:1): initialized
[    1.947475] HugeTLB registered 2 MB page size, pre-allocated 0 pages
[    2.032036] VFS: Disk quotas dquot_6.5.2
[    2.034468] Dquot-cache hash table entries: 512 (order 0, 4096 bytes)
[    2.051316] fuse init (API version 7.17)
[    2.057497] msgmni has been set to 84
[    2.095850] Block layer SCSI generic (bsg) driver version 0.4 loaded (major 253)
[    2.105219] io scheduler noop registered
[    2.105994] io scheduler deadline registered (default)
[    2.107233] io scheduler cfq registered
[    2.115589] pci_hotplug: PCI Hot Plug PCI Core version: 0.5
[    2.121719] pciehp: PCI Express Hot Plug Controller Driver version: 0.4
[    2.129533] input: Power Button as /devices/LNXSYSTM:00/LNXPWRBN:00/input/input0
[    2.131192] ACPI: Power Button [PWRF]
[    2.198774] ERST: Table is not found!
[    2.199223] GHES: HEST is not enabled!
[    2.214614] ACPI: PCI Interrupt Link [LNKC] enabled at IRQ 10
[    2.215299] virtio-pci 0000:00:03.0: PCI INT A -&gt; Link[LNKC] -&gt; GSI 10 (level, high) -&gt; IRQ 10
[    2.219387] virtio-pci 0000:00:04.0: PCI INT A -&gt; Link[LNKD] -&gt; GSI 11 (level, high) -&gt; IRQ 11
[    2.230173] ACPI: PCI Interrupt Link [LNKA] enabled at IRQ 10
[    2.230832] virtio-pci 0000:00:05.0: PCI INT A -&gt; Link[LNKA] -&gt; GSI 10 (level, high) -&gt; IRQ 10
[    2.245442] Serial: 8250/16550 driver, 32 ports, IRQ sharing enabled
[    2.293238] serial8250: ttyS0 at I/O 0x3f8 (irq = 4) is a 16550A
[    2.386265] serial8250: ttyS1 at I/O 0x2f8 (irq = 3) is a 16550A
[    2.518505] 00:05: ttyS0 at I/O 0x3f8 (irq = 4) is a 16550A
[    2.617979] 00:06: ttyS1 at I/O 0x2f8 (irq = 3) is a 16550A
[    2.621386] Refined TSC clocksource calibration: 2291.907 MHz.
[    2.623174] Switching to clocksource tsc
[    2.674793] Linux agpgart interface v0.103
[    2.762311] brd: module loaded
[    2.794542] loop: module loaded
[    2.836130]  vda: unknown partition table
[    2.881090] scsi0 : ata_piix
[    2.889062] scsi1 : ata_piix
[    2.890375] ata1: PATA max MWDMA2 cmd 0x1f0 ctl 0x3f6 bmdma 0xc0a0 irq 14
[    2.891196] ata2: PATA max MWDMA2 cmd 0x170 ctl 0x376 bmdma 0xc0a8 irq 15
[    2.901211] Fixed MDIO Bus: probed
[    2.902236] tun: Universal TUN/TAP device driver, 1.6
[    2.902759] tun: (C) 1999-2004 Max Krasnyansky &lt;maxk@qualcomm.com&gt;
[    2.914469] PPP generic driver version 2.4.2
[    2.935487] ehci_hcd: USB 2.0 'Enhanced' Host Controller (EHCI) Driver
[    2.937576] ohci_hcd: USB 1.1 'Open' Host Controller (OHCI) Driver
[    2.938432] uhci_hcd: USB Universal Host Controller Interface driver
[    2.939457] uhci_hcd 0000:00:01.2: PCI INT D -&gt; Link[LNKD] -&gt; GSI 11 (level, high) -&gt; IRQ 11
[    2.942579] uhci_hcd 0000:00:01.2: UHCI Host Controller
[    2.953467] uhci_hcd 0000:00:01.2: new USB bus registered, assigned bus number 1
[    2.955071] uhci_hcd 0000:00:01.2: irq 11, io base 0x0000c040
[    2.983503] hub 1-0:1.0: USB hub found
[    2.985164] hub 1-0:1.0: 2 ports detected
[    2.994904] usbcore: registered new interface driver libusual
[    2.999053] i8042: PNP: PS/2 Controller [PNP0303:KBD,PNP0f13:MOU] at 0x60,0x64 irq 1,12
[    3.006031] serio: i8042 KBD port at 0x60,0x64 irq 1
[    3.007485] serio: i8042 AUX port at 0x60,0x64 irq 12
[    3.048053] mousedev: PS/2 mouse device common for all mice
[    3.067824] input: AT Translated Set 2 keyboard as /devices/platform/i8042/serio0/input/input1
[    3.073155] rtc_cmos 00:01: RTC can wake from S4
[    3.089350] rtc_cmos 00:01: rtc core: registered rtc_cmos as rtc0
[    3.093628] rtc0: alarms up to one day, 114 bytes nvram, hpet irqs
[    3.097103] device-mapper: uevent: version 1.0.3
[    3.103238] device-mapper: ioctl: 4.22.0-ioctl (2011-10-19) initialised: dm-devel@redhat.com
[    3.105986] cpuidle: using governor ladder
[    3.106542] cpuidle: using governor menu
[    3.108010] EFI Variables Facility v0.08 2004-May-17
[    3.118564] TCP cubic registered
[    3.123266] NET: Registered protocol family 10
[    3.147152] NET: Registered protocol family 17
[    3.147942] Registering the dns_resolver key type
[    3.171913] ata2.01: ATAPI: QEMU DVD-ROM, 2.0.0, max UDMA/100
[    3.191212] ata2.01: configured for MWDMA2
[    3.235979] scsi 1:0:1:0: CD-ROM            QEMU     QEMU DVD-ROM     2.0. PQ: 0 ANSI: 5
[    3.269497] registered taskstats version 1
[    3.276696] sr0: scsi3-mmc drive: 4x/4x cd/rw xa/form2 tray
[    3.278213] cdrom: Uniform CD-ROM driver Revision: 3.20
[    3.296530] sr 1:0:1:0: Attached scsi generic sg0 type 5
[    3.444161] Freeing initrd memory: 3656k freed
[    3.995438]   Magic number: 4:974:839
[    4.007401] rtc_cmos 00:01: setting system clock to 2016-02-23 14:50:06 UTC (1456239006)
[    4.010805] powernow-k8: Processor cpuid 663 not supported
[    4.018578] BIOS EDD facility v0.16 2004-Jun-25, 0 devices found
[    4.021058] EDD information not available.
[    4.113410] Freeing unused kernel memory: 928k freed
[    4.118771] Write protecting the kernel read-only data: 12288k
[    4.202316] Freeing unused kernel memory: 1596k freed
[    4.261915] Freeing unused kernel memory: 1184k freed

info: initramfs: up at 4.41
modprobe: module virtio_blk not found in modules.dep
modprobe: module virtio_net not found in modules.dep
info: copying initramfs to /dev/vda
info: initramfs loading root from /dev/vda
info: /etc/init.d/rc.sysinit: up at 9.07
info: container: none
Starting logging: OK
modprobe: module virtio_blk not found in modules.dep
modprobe: module virtio_net not found in modules.dep
WARN: /etc/rc3.d/S10-load-modules failed
Initializing random number generator... done.
Starting acpid: OK
cirros-ds 'local' up at 11.57
found datasource (configdrive, local)
Starting network...
udhcpc (v1.20.1) started
Sending discover...
Sending discover...

2016-02-23 14:52:04,888 27797 INFO     [tempest_lib.common.rest_client] Request (TestNetworkBasicOps:_run_cleanups): 204 DELETE http://10.4.1.3:9696/v2.0/floatingips/895baa93-354a-4aaa-b10c-d88eaf8ffc97 0.457s
2016-02-23 14:52:04,889 27797 DEBUG    [tempest_lib.common.rest_client] Request - Headers: {'Content-Type': 'application/json', 'Accept': 'application/json', 'X-Auth-Token': '&lt;omitted&gt;'}
        Body: None
    Response - Headers: {'date': 'Tue, 23 Feb 2016 14:52:04 GMT', 'status': '204', 'connection': 'close', 'content-length': '0', 'x-openstack-request-id': 'req-d2461dab-93b4-4fdb-b627-ec671e0bbb98'}
        Body: 
2016-02-23 14:52:05,329 27797 INFO     [tempest_lib.common.rest_client] Request (TestNetworkBasicOps:_run_cleanups): 204 DELETE http://10.4.1.3:8774/v2.1/f596193be9cd4499b3ba8e6c441998cf/servers/0e79a455-09c4-4485-aa68-3663e84e7455 0.439s
2016-02-23 14:52:05,330 27797 DEBUG    [tempest_lib.common.rest_client] Request - Headers: {'Content-Type': 'application/json', 'Accept': 'application/json', 'X-Auth-Token': '&lt;omitted&gt;'}
        Body: None
    Response - Headers: {'status': '204', 'content-length': '0', 'x-compute-request-id': 'req-7651d6de-228b-440c-8268-d0da5f6db055', 'vary': 'X-OpenStack-Nova-API-Version', 'connection': 'close', 'x-openstack-nova-api-version': '2.1', 'date': 'Tue, 23 Feb 2016 14:52:05 GMT', 'content-type': 'application/json'}
        Body: 
2016-02-23 14:52:06,044 27797 INFO     [tempest_lib.common.rest_client] Request (TestNetworkBasicOps:_run_cleanups): 200 GET http://10.4.1.3:8774/v2.1/f596193be9cd4499b3ba8e6c441998cf/servers/0e79a455-09c4-4485-aa68-3663e84e7455 0.714s
2016-02-23 14:52:06,044 27797 DEBUG    [tempest_lib.common.rest_client] Request - Headers: {'Content-Type': 'application/json', 'Accept': 'application/json', 'X-Auth-Token': '&lt;omitted&gt;'}
        Body: None
    Response - Headers: {'status': '200', 'content-length': '1760', 'content-location': 'http://10.4.1.3:8774/v2.1/f596193be9cd4499b3ba8e6c441998cf/servers/0e79a455-09c4-4485-aa68-3663e84e7455', 'x-compute-request-id': 'req-230e45fe-3335-4075-9479-cea6bf305c50', 'vary': 'X-OpenStack-Nova-API-Version', 'connection': 'close', 'x-openstack-nova-api-version': '2.1', 'date': 'Tue, 23 Feb 2016 14:52:06 GMT', 'content-type': 'application/json'}
        Body: {"server": {"status": "ACTIVE", "updated": "2016-02-23T14:52:05Z", "hostId": "d9a119a0e566747e7e4faaab66291015f1e1ea4167befcb28536bc2e", "addresses": {"tempest-network-smoke--1947565437": [{"OS-EXT-IPS-MAC:mac_addr": "fa:16:3e:a5:95:eb", "version": 4, "addr": "10.100.0.3", "OS-EXT-IPS:type": "fixed"}, {"OS-EXT-IPS-MAC:mac_addr": "fa:16:3e:a5:95:eb", "version": 4, "addr": "172.24.4.4", "OS-EXT-IPS:type": "floating"}]}, "links": [{"href": "http://10.4.1.3:8774/v2.1/f596193be9cd4499b3ba8e6c441998cf/servers/0e79a455-09c4-4485-aa68-3663e84e7455", "rel": "self"}, {"href": "http://10.4.1.3:8774/f596193be9cd4499b3ba8e6c441998cf/servers/0e79a455-09c4-4485-aa68-3663e84e7455", "rel": "bookmark"}], "key_name": "tempest-TestNetworkBasicOps-1938503714", "image": {"id": "cb61dcb9-b283-4166-b760-ca7516814437", "links": [{"href": "http://10.4.1.3:8774/f596193be9cd4499b3ba8e6c441998cf/images/cb61dcb9-b283-4166-b760-ca7516814437", "rel": "bookmark"}]}, "OS-EXT-STS:task_state": "deleting", "OS-EXT-STS:vm_state": "active", "OS-SRV-USG:launched_at": "2016-02-23T14:49:59.000000", "flavor": {"id": "42", "links": [{"href": "http://10.4.1.3:8774/f596193be9cd4499b3ba8e6c441998cf/flavors/42", "rel": "bookmark"}]}, "id": "0e79a455-09c4-4485-aa68-3663e84e7455", "security_groups": [{"name": "tempest-secgroup-smoke-2113752613"}], "OS-SRV-USG:terminated_at": null, "OS-EXT-AZ:availability_zone": "nova", "user_id": "3ee5a6113f134dfca56806955c7689bc", "name": "tempest-server-smoke-60237286", "created": "2016-02-23T14:49:54Z", "tenant_id": "f596193be9cd4499b3ba8e6c441998cf", "OS-DCF:diskConfig": "MANUAL", "os-extended-volumes:volumes_attached": [], "accessIPv4": "", "accessIPv6": "", "progress": 0, "OS-EXT-STS:power_state": 1, "config_drive": "True", "metadata": {}}}
2016-02-23 14:52:07,354 27797 INFO     [tempest_lib.common.rest_client] Request (TestNetworkBasicOps:_run_cleanups): 404 GET http://10.4.1.3:8774/v2.1/f596193be9cd4499b3ba8e6c441998cf/servers/0e79a455-09c4-4485-aa68-3663e84e7455 0.297s
2016-02-23 14:52:07,355 27797 DEBUG    [tempest_lib.common.rest_client] Request - Headers: {'Content-Type': 'application/json', 'Accept': 'application/json', 'X-Auth-Token': '&lt;omitted&gt;'}
        Body: None
    Response - Headers: {'status': '404', 'content-length': '111', 'x-compute-request-id': 'req-3f6c164e-e4ff-4afa-b270-87c4af15c716', 'vary': 'X-OpenStack-Nova-API-Version', 'connection': 'close', 'x-openstack-nova-api-version': '2.1', 'date': 'Tue, 23 Feb 2016 14:52:07 GMT', 'content-type': 'application/json; charset=UTF-8'}
        Body: {"itemNotFound": {"message": "Instance 0e79a455-09c4-4485-aa68-3663e84e7455 could not be found.", "code": 404}}
2016-02-23 14:52:07,568 27797 INFO     [tempest_lib.common.rest_client] Request (TestNetworkBasicOps:_run_cleanups): 202 DELETE http://10.4.1.3:8774/v2.1/f596193be9cd4499b3ba8e6c441998cf/os-keypairs/tempest-TestNetworkBasicOps-1938503714 0.210s
2016-02-23 14:52:07,568 27797 DEBUG    [tempest_lib.common.rest_client] Request - Headers: {'Content-Type': 'application/json', 'Accept': 'application/json', 'X-Auth-Token': '&lt;omitted&gt;'}
        Body: None
    Response - Headers: {'status': '202', 'content-length': '0', 'x-compute-request-id': 'req-ff9891ac-7ac5-41a6-aae2-442a32308080', 'vary': 'X-OpenStack-Nova-API-Version', 'connection': 'close', 'x-openstack-nova-api-version': '2.1', 'date': 'Tue, 23 Feb 2016 14:52:07 GMT', 'content-type': 'application/json'}
        Body: 
2016-02-23 14:52:08,302 27797 INFO     [tempest_lib.common.rest_client] Request (TestNetworkBasicOps:_run_cleanups): 500 PUT http://10.4.1.3:9696/v2.0/routers/b36439f2-7abc-4d8c-80dd-711411ea886d/remove_router_interface 0.732s
2016-02-23 14:52:08,303 27797 DEBUG    [tempest_lib.common.rest_client] Request - Headers: {'Content-Type': 'application/json', 'Accept': 'application/json', 'X-Auth-Token': '&lt;omitted&gt;'}
        Body: {"subnet_id": "30601975-e088-4e62-9faa-bd8b46a8b90b"}
    Response - Headers: {'status': '500', 'content-length': '150', 'connection': 'close', 'date': 'Tue, 23 Feb 2016 14:52:08 GMT', 'content-type': 'application/json; charset=UTF-8', 'x-openstack-request-id': 'req-c3ee8090-7226-4011-898a-d79bde2f3eaf'}
        Body: {"NeutronError": {"message": "Request Failed: internal server error while processing your request.", "type": "HTTPInternalServerError", "detail": ""}}
2016-02-23 14:52:08,566 27797 INFO     [tempest_lib.common.rest_client] Request (TestNetworkBasicOps:_run_cleanups): 200 GET http://10.4.1.3:9696/v2.0/routers/b36439f2-7abc-4d8c-80dd-711411ea886d 0.257s
2016-02-23 14:52:08,566 27797 DEBUG    [tempest_lib.common.rest_client] Request - Headers: {'Content-Type': 'application/json', 'Accept': 'application/json', 'X-Auth-Token': '&lt;omitted&gt;'}
        Body: None
    Response - Headers: {'status': '200', 'content-length': '500', 'content-location': 'http://10.4.1.3:9696/v2.0/routers/b36439f2-7abc-4d8c-80dd-711411ea886d', 'connection': 'close', 'date': 'Tue, 23 Feb 2016 14:52:08 GMT', 'content-type': 'application/json; charset=UTF-8', 'x-openstack-request-id': 'req-38036747-be1f-4850-9242-dca09b0a23bf'}
        Body: {"router": {"status": "ACTIVE", "external_gateway_info": {"network_id": "d779a6ed-08bb-4335-8c5d-3d1ee51c127c", "enable_snat": true, "external_fixed_ips": [{"subnet_id": "34d76666-1138-4df6-9994-96fa1aa97caa", "ip_address": "172.24.4.3"}, {"subnet_id": "750b9252-ab32-4f43-add8-1130120cbf2a", "ip_address": "2001:db8::4"}]}, "name": "tempest-router-smoke-564798404", "admin_state_up": true, "tenant_id": "f596193be9cd4499b3ba8e6c441998cf", "routes": [], "id": "b36439f2-7abc-4d8c-80dd-711411ea886d"}}
2016-02-23 14:52:09,070 27797 INFO     [tempest_lib.common.rest_client] Request (TestNetworkBasicOps:_run_cleanups): 200 PUT http://10.4.1.3:9696/v2.0/routers/b36439f2-7abc-4d8c-80dd-711411ea886d 0.502s
2016-02-23 14:52:09,071 27797 DEBUG    [tempest_lib.common.rest_client] Request - Headers: {'Content-Type': 'application/json', 'Accept': 'application/json', 'X-Auth-Token': '&lt;omitted&gt;'}
        Body: {"router": {"external_gateway_info": {}, "name": "tempest-router-smoke-564798404", "admin_state_up": true}}
    Response - Headers: {'status': '200', 'content-length': '238', 'connection': 'close', 'date': 'Tue, 23 Feb 2016 14:52:09 GMT', 'content-type': 'application/json; charset=UTF-8', 'x-openstack-request-id': 'req-386e9355-0501-4aae-b5d4-382590e4c96d'}
        Body: {"router": {"status": "ACTIVE", "external_gateway_info": null, "name": "tempest-router-smoke-564798404", "admin_state_up": true, "tenant_id": "f596193be9cd4499b3ba8e6c441998cf", "routes": [], "id": "b36439f2-7abc-4d8c-80dd-711411ea886d"}}
2016-02-23 14:52:09,462 27797 INFO     [tempest_lib.common.rest_client] Request (TestNetworkBasicOps:_run_cleanups): 500 DELETE http://10.4.1.3:9696/v2.0/routers/b36439f2-7abc-4d8c-80dd-711411ea886d 0.391s
2016-02-23 14:52:09,463 27797 DEBUG    [tempest_lib.common.rest_client] Request - Headers: {'Content-Type': 'application/json', 'Accept': 'application/json', 'X-Auth-Token': '&lt;omitted&gt;'}
        Body: None
    Response - Headers: {'status': '500', 'content-length': '150', 'connection': 'close', 'date': 'Tue, 23 Feb 2016 14:52:09 GMT', 'content-type': 'application/json; charset=UTF-8', 'x-openstack-request-id': 'req-f3ae774e-851c-48c2-893f-043023e09a75'}
        Body: {"NeutronError": {"message": "Request Failed: internal server error while processing your request.", "type": "HTTPInternalServerError", "detail": ""}}
2016-02-23 14:52:10,201 27797 INFO     [tempest_lib.common.rest_client] Request (TestNetworkBasicOps:_run_cleanups): 204 DELETE http://10.4.1.3:9696/v2.0/networks/eaa3531f-5eab-4482-afec-2a8c230748dc 0.735s
2016-02-23 14:52:10,201 27797 DEBUG    [tempest_lib.common.rest_client] Request - Headers: {'Content-Type': 'application/json', 'Accept': 'application/json', 'X-Auth-Token': '&lt;omitted&gt;'}
        Body: None
    Response - Headers: {'date': 'Tue, 23 Feb 2016 14:52:10 GMT', 'status': '204', 'connection': 'close', 'content-length': '0', 'x-openstack-request-id': 'req-11ac1b4c-ba49-44fc-9ddf-5ee0446f6da3'}
        Body: 
2016-02-23 14:52:10,531 27797 INFO     [tempest_lib.common.rest_client] Request (TestNetworkBasicOps:_run_cleanups): 204 DELETE http://10.4.1.3:9696/v2.0/security-groups/2c539d7a-e7ad-4d9b-80cd-a2e9b2bdbf87 0.328s
2016-02-23 14:52:10,531 27797 DEBUG    [tempest_lib.common.rest_client] Request - Headers: {'Content-Type': 'application/json', 'Accept': 'application/json', 'X-Auth-Token': '&lt;omitted&gt;'}
        Body: None
    Response - Headers: {'date': 'Tue, 23 Feb 2016 14:52:10 GMT', 'status': '204', 'connection': 'close', 'content-length': '0', 'x-openstack-request-id': 'req-13a72213-b69b-4ae0-9208-077a320bc96d'}
        Body: 
2016-02-23 14:52:10,951 27797 INFO     [tempest_lib.common.rest_client] Request (TestNetworkBasicOps:_run_cleanups): 404 GET http://10.4.1.3:8774/v2.1/f596193be9cd4499b3ba8e6c441998cf/servers/0e79a455-09c4-4485-aa68-3663e84e7455 0.419s
2016-02-23 14:52:10,952 27797 DEBUG    [tempest_lib.common.rest_client] Request - Headers: {'Content-Type': 'application/json', 'Accept': 'application/json', 'X-Auth-Token': '&lt;omitted&gt;'}
        Body: None
    Response - Headers: {'status': '404', 'content-length': '111', 'x-compute-request-id': 'req-8ce734a4-7ccd-456f-8174-0223c1baa63a', 'vary': 'X-OpenStack-Nova-API-Version', 'connection': 'close', 'x-openstack-nova-api-version': '2.1', 'date': 'Tue, 23 Feb 2016 14:52:10 GMT', 'content-type': 'application/json; charset=UTF-8'}
        Body: {"itemNotFound": {"message": "Instance 0e79a455-09c4-4485-aa68-3663e84e7455 could not be found.", "code": 404}}
}}}

traceback-1: {{{
Traceback (most recent call last):
  File "tempest/scenario/manager.py", line 108, in delete_wrapper
    delete_thing(*args, **kwargs)
  File "tempest/services/network/resources.py", line 98, in delete
    subnet_id=self.id)
  File "tempest/services/network/json/network_client.py", line 199, in remove_router_interface
    return self.update_resource(uri, kwargs)
  File "tempest/services/network/json/base.py", line 68, in update_resource
    resp, body = self.put(req_uri, req_post_data)
  File "/usr/local/lib/python2.7/dist-packages/tempest_lib/common/rest_client.py", line 322, in put
    return self.request('PUT', url, extra_headers, headers, body)
  File "/usr/local/lib/python2.7/dist-packages/tempest_lib/common/rest_client.py", line 642, in request
    resp, resp_body)
  File "/usr/local/lib/python2.7/dist-packages/tempest_lib/common/rest_client.py", line 761, in _error_checker
    message=message)
tempest_lib.exceptions.ServerFault: Got server fault
Details: Request Failed: internal server error while processing your request.
}}}

traceback-2: {{{
Traceback (most recent call last):
  File "tempest/scenario/manager.py", line 108, in delete_wrapper
    delete_thing(*args, **kwargs)
  File "tempest/services/network/resources.py", line 119, in delete
    self.client.delete_router(self.id)
  File "tempest/services/network/json/network_client.py", line 169, in delete_router
    return self.delete_resource(uri)
  File "tempest/services/network/json/base.py", line 41, in delete_resource
    resp, body = self.delete(req_uri)
  File "/usr/local/lib/python2.7/dist-packages/tempest_lib/common/rest_client.py", line 290, in delete
    return self.request('DELETE', url, extra_headers, headers, body)
  File "/usr/local/lib/python2.7/dist-packages/tempest_lib/common/rest_client.py", line 642, in request
    resp, resp_body)
  File "/usr/local/lib/python2.7/dist-packages/tempest_lib/common/rest_client.py", line 761, in _error_checker
    message=message)
tempest_lib.exceptions.ServerFault: Got server fault
Details: Request Failed: internal server error while processing your request.
}}}

Traceback (most recent call last):
  File "tempest/test.py", line 113, in wrapper
    return f(self, *func_args, **func_kwargs)
  File "tempest/scenario/test_network_basic_ops.py", line 445, in test_connectivity_between_vms_on_different_networks
    self.check_public_network_connectivity(should_connect=True)
  File "tempest/scenario/test_network_basic_ops.py", line 212, in check_public_network_connectivity
    self.servers)
  File "tempest/scenario/manager.py", line 598, in check_public_network_connectivity
    should_connect=should_connect)
  File "tempest/scenario/manager.py", line 582, in check_vm_connectivity
    msg=msg)
  File "/usr/local/lib/python2.7/dist-packages/unittest2/case.py", line 702, in assertTrue
    raise self.failureException(msg)
AssertionError: False is not true : Timed out waiting for 172.24.4.4 to become reachable



        </pre>
    </div>
    <!--css div popup end-->

    </td>
</tr>

<tr id='ft1.2' class='none'>
    <td class='failCase'><div class='testcase'>test_hotplug_nic[compute,id-c5adff73-e961-41f1-b4a9-343614f18cfa,network]</div></td>
    <td colspan='7' align='left'>

    <!--css div popup start-->
    <a class="popup_link" onfocus='this.blur();'
    href="javascript:showTestDetail('div_ft1.2')" >
        fail</a>

    <div id='div_ft1.2' class="popup_window">
        <div style='text-align: right; color:red;cursor:pointer'>
        <a onfocus='this.blur();'
onclick="document.getElementById('div_ft1.2').style.display = 'none' " >
           [x]</a>
        </div>
        <pre>
        
ft1.2: tempest.scenario.test_network_basic_ops.TestNetworkBasicOps.test_hotplug_nic[compute,id-c5adff73-e961-41f1-b4a9-343614f18cfa,network]_StringException: Empty attachments:
  stderr
  stdout

pythonlogging:'': {{{
2016-02-23 14:52:11,327 27797 INFO     [tempest_lib.common.rest_client] Request (TestNetworkBasicOps:test_hotplug_nic): 201 POST http://10.4.1.3:9696/v2.0/security-groups 0.350s
