<?xml version="1.0" encoding="UTF-8"?>
<!DOCTYPE html PUBLIC "-//W3C//DTD XHTML 1.0 Strict//EN"
     "http://www.w3.org/TR/xhtml1/DTD/xhtml1-strict.dtd">
<html xmlns="http://www.w3.org/1999/xhtml">
<head>
    <title>Unit Test Report</title>
    <meta name="generator" content="subunit2html 0.1"/>
    <meta http-equiv="Content-Type" content="text/html; charset=UTF-8"/>
    
<style type="text/css" media="screen">
body        { font-family: verdana, arial, helvetica, sans-serif;
    font-size: 80%; }
table       { font-size: 100%; width: 100%;}
pre         { font-size: 80%; }

/* -- heading -------------------------------------------------------------- */
h1 {
        font-size: 16pt;
        color: gray;
}
.heading {
    margin-top: 0ex;
    margin-bottom: 1ex;
}

.heading .attribute {
    margin-top: 1ex;
    margin-bottom: 0;
}

.heading .description {
    margin-top: 4ex;
    margin-bottom: 6ex;
}

/* -- css div popup -------------------------------------------------------- */
a.popup_link {
}

a.popup_link:hover {
    color: red;
}

.popup_window {
    display: none;
    overflow-x: scroll;
    /*border: solid #627173 1px; */
    padding: 10px;
    background-color: #E6E6D6;
    font-family: "Ubuntu Mono", "Lucida Console", "Courier New", monospace;
    text-align: left;
    font-size: 8pt;
}

}
/* -- report --------------------------------------------------------------- */
#show_detail_line {
    margin-top: 3ex;
    margin-bottom: 1ex;
}
#result_table {
    width: 100%;
    border-collapse: collapse;
    border: 1px solid #777;
}
#header_row {
    font-weight: bold;
    color: white;
    background-color: #777;
}
#result_table td {
    border: 1px solid #777;
    padding: 2px;
}
#total_row  { font-weight: bold; }
.passClass  { background-color: #6c6; }
.failClass  { background-color: #c60; }
.errorClass { background-color: #c00; }
.passCase   { color: #6c6; }
.failCase   { color: #c60; font-weight: bold; }
.errorCase  { color: #c00; font-weight: bold; }
.hiddenRow  { display: none; }
.testcase   { margin-left: 2em; }
td.testname {width: 40%}
td.small {width: 40px}

/* -- ending --------------------------------------------------------------- */
#ending {
}

</style>

</head>
<body>
<script language="javascript" type="text/javascript"><!--
output_list = Array();

/* level - 0:Summary; 1:Failed; 2:All */
function showCase(level) {
    trs = document.getElementsByTagName("tr");
    for (var i = 0; i < trs.length; i++) {
        tr = trs[i];
        id = tr.id;
        if (id.substr(0,2) == 'ft') {
            if (level < 1) {
                tr.className = 'hiddenRow';
            }
            else {
                tr.className = '';
            }
        }
        if (id.substr(0,2) == 'pt') {
            if (level > 1) {
                tr.className = '';
            }
            else {
                tr.className = 'hiddenRow';
            }
        }
    }
}


function showClassDetail(cid, count) {
    var id_list = Array(count);
    var toHide = 1;
    for (var i = 0; i < count; i++) {
        tid0 = 't' + cid.substr(1) + '.' + (i+1);
        tid = 'f' + tid0;
        tr = document.getElementById(tid);
        if (!tr) {
            tid = 'p' + tid0;
            tr = document.getElementById(tid);
        }
        id_list[i] = tid;
        if (tr.className) {
            toHide = 0;
        }
    }
    for (var i = 0; i < count; i++) {
        tid = id_list[i];
        if (toHide) {
            document.getElementById('div_'+tid).style.display = 'none'
            document.getElementById(tid).className = 'hiddenRow';
        }
        else {
            document.getElementById(tid).className = '';
        }
    }
}


function showTestDetail(div_id){
    var details_div = document.getElementById(div_id)
    var displayState = details_div.style.display
    // alert(displayState)
    if (displayState != 'block' ) {
        displayState = 'block'
        details_div.style.display = 'block'
    }
    else {
        details_div.style.display = 'none'
    }
}


function html_escape(s) {
    s = s.replace(/&/g,'&amp;');
    s = s.replace(/</g,'&lt;');
    s = s.replace(/>/g,'&gt;');
    return s;
}

/* obsoleted by detail in <div>
function showOutput(id, name) {
    var w = window.open("", //url
                    name,
                    "resizable,scrollbars,status,width=800,height=450");
    d = w.document;
    d.write("<pre>");
    d.write(html_escape(output_list[id]));
    d.write("\n");
    d.write("<a href='javascript:window.close()'>close</a>\n");
    d.write("</pre>\n");
    d.close();
}
*/
--></script>

<div class='heading'>
<h1>Unit Test Report</h1>

<p class='attribute'><strong>Status:</strong> Failure 8 Skip 1</p>

<p class='description'></p>
</div>



<p id='show_detail_line'>Show
<a href='javascript:showCase(0)'>Summary</a>
<a href='javascript:showCase(1)'>Failed</a>
<a href='javascript:showCase(2)'>All</a>
</p>
<table id='result_table'>
<colgroup>
<col align='left' />
<col align='right' />
<col align='right' />
<col align='right' />
<col align='right' />
<col align='right' />
<col align='right' />
<col align='right' />
</colgroup>
<tr id='header_row'>
    <td>Test Group/Test case</td>
    <td>Count</td>
    <td>Pass</td>
    <td>Fail</td>
    <td>Error</td>
    <td>Skip</td>
    <td>View</td>
    <td> </td>
</tr>

<tr class='failClass'>
    <td class="testname">tempest.scenario.test_network_basic_ops.TestNetworkBasicOps</td>
    <td class="small">9</td>
    <td class="small">0</td>
    <td class="small">8</td>
    <td class="small">0</td>
    <td class="small">1</td>
    <td class="small"><a href="javascript:showClassDetail('c1',9)"
>Detail</a></td>
    <td> </td>
</tr>

<tr id='ft1.1' class='none'>
    <td class='failCase'><div class='testcase'>test_connectivity_between_vms_on_different_networks[compute,id-1546850e-fbaa-42f5-8b5f-03d8a6a95f15,network]</div></td>
    <td colspan='7' align='left'>

    <!--css div popup start-->
    <a class="popup_link" onfocus='this.blur();'
    href="javascript:showTestDetail('div_ft1.1')" >
        fail</a>

    <div id='div_ft1.1' class="popup_window">
        <div style='text-align: right; color:red;cursor:pointer'>
        <a onfocus='this.blur();'
onclick="document.getElementById('div_ft1.1').style.display = 'none' " >
           [x]</a>
        </div>
        <pre>
        
ft1.1: tempest.scenario.test_network_basic_ops.TestNetworkBasicOps.test_connectivity_between_vms_on_different_networks[compute,id-1546850e-fbaa-42f5-8b5f-03d8a6a95f15,network]_StringException: Empty attachments:
  stderr
  stdout

pythonlogging:'': {{{
2016-01-27 22:53:25,644 15683 INFO     [tempest_lib.common.rest_client] Request (TestNetworkBasicOps:test_connectivity_between_vms_on_different_networks): 201 POST http://10.4.1.3:9696/v2.0/security-groups 0.408s
2016-01-27 22:53:25,645 15683 DEBUG    [tempest_lib.common.rest_client] Request - Headers: {'Content-Type': 'application/json', 'Accept': 'application/json', 'X-Auth-Token': '&lt;omitted&gt;'}
        Body: {"security_group": {"tenant_id": "d0945e15166b4b53805385f5e22f4cdb", "description": "tempest-secgroup-smoke-526006280 description", "name": "tempest-secgroup-smoke-526006280"}}
    Response - Headers: {'status': '201', 'content-length': '886', 'connection': 'close', 'date': 'Wed, 27 Jan 2016 22:53:25 GMT', 'content-type': 'application/json; charset=UTF-8', 'x-openstack-request-id': 'req-a68ae1c5-2bc6-41a0-a6c7-16889e7c34b6'}
        Body: {"security_group": {"tenant_id": "d0945e15166b4b53805385f5e22f4cdb", "description": "tempest-secgroup-smoke-526006280 description", "id": "cc67788b-1c8d-4458-a3e4-a735419cc434", "security_group_rules": [{"remote_group_id": null, "direction": "egress", "remote_ip_prefix": null, "protocol": null, "ethertype": "IPv4", "tenant_id": "d0945e15166b4b53805385f5e22f4cdb", "port_range_max": null, "port_range_min": null, "id": "f745d2d1-669c-4cb2-be46-0df295e324c1", "security_group_id": "cc67788b-1c8d-4458-a3e4-a735419cc434"}, {"remote_group_id": null, "direction": "egress", "remote_ip_prefix": null, "protocol": null, "ethertype": "IPv6", "tenant_id": "d0945e15166b4b53805385f5e22f4cdb", "port_range_max": null, "port_range_min": null, "id": "be752b58-efdc-417f-8300-20d0edf54f7f", "security_group_id": "cc67788b-1c8d-4458-a3e4-a735419cc434"}], "name": "tempest-secgroup-smoke-526006280"}}
2016-01-27 22:53:25,926 15683 INFO     [tempest_lib.common.rest_client] Request (TestNetworkBasicOps:test_connectivity_between_vms_on_different_networks): 201 POST http://10.4.1.3:9696/v2.0/security-group-rules 0.280s
2016-01-27 22:53:25,927 15683 DEBUG    [tempest_lib.common.rest_client] Request - Headers: {'Content-Type': 'application/json', 'Accept': 'application/json', 'X-Auth-Token': '&lt;omitted&gt;'}
        Body: {"security_group_rule": {"direction": "ingress", "protocol": "tcp", "tenant_id": "d0945e15166b4b53805385f5e22f4cdb", "port_range_max": 22, "security_group_id": "cc67788b-1c8d-4458-a3e4-a735419cc434", "port_range_min": 22}}
    Response - Headers: {'status': '201', 'content-length': '340', 'connection': 'close', 'date': 'Wed, 27 Jan 2016 22:53:25 GMT', 'content-type': 'application/json; charset=UTF-8', 'x-openstack-request-id': 'req-c9f1348c-1d34-4703-96c6-203741e87a1d'}
        Body: {"security_group_rule": {"remote_group_id": null, "direction": "ingress", "remote_ip_prefix": null, "protocol": "tcp", "ethertype": "IPv4", "tenant_id": "d0945e15166b4b53805385f5e22f4cdb", "port_range_max": 22, "port_range_min": 22, "id": "53618e42-4038-456f-a2a2-686706ff40bd", "security_group_id": "cc67788b-1c8d-4458-a3e4-a735419cc434"}}
2016-01-27 22:53:26,202 15683 INFO     [tempest_lib.common.rest_client] Request (TestNetworkBasicOps:test_connectivity_between_vms_on_different_networks): 201 POST http://10.4.1.3:9696/v2.0/security-group-rules 0.274s
2016-01-27 22:53:26,203 15683 DEBUG    [tempest_lib.common.rest_client] Request - Headers: {'Content-Type': 'application/json', 'Accept': 'application/json', 'X-Auth-Token': '&lt;omitted&gt;'}
        Body: {"security_group_rule": {"direction": "egress", "protocol": "tcp", "tenant_id": "d0945e15166b4b53805385f5e22f4cdb", "port_range_max": 22, "security_group_id": "cc67788b-1c8d-4458-a3e4-a735419cc434", "port_range_min": 22}}
    Response - Headers: {'status': '201', 'content-length': '339', 'connection': 'close', 'date': 'Wed, 27 Jan 2016 22:53:26 GMT', 'content-type': 'application/json; charset=UTF-8', 'x-openstack-request-id': 'req-373b829f-788b-474c-bcf9-cccc2e4b2785'}
        Body: {"security_group_rule": {"remote_group_id": null, "direction": "egress", "remote_ip_prefix": null, "protocol": "tcp", "ethertype": "IPv4", "tenant_id": "d0945e15166b4b53805385f5e22f4cdb", "port_range_max": 22, "port_range_min": 22, "id": "3ff75604-91db-464c-9a57-7691a68a4a44", "security_group_id": "cc67788b-1c8d-4458-a3e4-a735419cc434"}}
2016-01-27 22:53:26,494 15683 INFO     [tempest_lib.common.rest_client] Request (TestNetworkBasicOps:test_connectivity_between_vms_on_different_networks): 201 POST http://10.4.1.3:9696/v2.0/security-group-rules 0.290s
2016-01-27 22:53:26,494 15683 DEBUG    [tempest_lib.common.rest_client] Request - Headers: {'Content-Type': 'application/json', 'Accept': 'application/json', 'X-Auth-Token': '&lt;omitted&gt;'}
        Body: {"security_group_rule": {"tenant_id": "d0945e15166b4b53805385f5e22f4cdb", "direction": "ingress", "protocol": "icmp", "security_group_id": "cc67788b-1c8d-4458-a3e4-a735419cc434"}}
    Response - Headers: {'status': '201', 'content-length': '345', 'connection': 'close', 'date': 'Wed, 27 Jan 2016 22:53:26 GMT', 'content-type': 'application/json; charset=UTF-8', 'x-openstack-request-id': 'req-86d5c102-e2e2-4ad4-88b3-3001b5c5357c'}
        Body: {"security_group_rule": {"remote_group_id": null, "direction": "ingress", "remote_ip_prefix": null, "protocol": "icmp", "ethertype": "IPv4", "tenant_id": "d0945e15166b4b53805385f5e22f4cdb", "port_range_max": null, "port_range_min": null, "id": "a9fcf60b-1240-4ca0-b032-2715b9d22b5f", "security_group_id": "cc67788b-1c8d-4458-a3e4-a735419cc434"}}
2016-01-27 22:53:26,794 15683 INFO     [tempest_lib.common.rest_client] Request (TestNetworkBasicOps:test_connectivity_between_vms_on_different_networks): 201 POST http://10.4.1.3:9696/v2.0/security-group-rules 0.298s
2016-01-27 22:53:26,795 15683 DEBUG    [tempest_lib.common.rest_client] Request - Headers: {'Content-Type': 'application/json', 'Accept': 'application/json', 'X-Auth-Token': '&lt;omitted&gt;'}
        Body: {"security_group_rule": {"tenant_id": "d0945e15166b4b53805385f5e22f4cdb", "direction": "egress", "protocol": "icmp", "security_group_id": "cc67788b-1c8d-4458-a3e4-a735419cc434"}}
    Response - Headers: {'status': '201', 'content-length': '344', 'connection': 'close', 'date': 'Wed, 27 Jan 2016 22:53:26 GMT', 'content-type': 'application/json; charset=UTF-8', 'x-openstack-request-id': 'req-15a66cbe-688e-4261-94e8-25bef604c919'}
        Body: {"security_group_rule": {"remote_group_id": null, "direction": "egress", "remote_ip_prefix": null, "protocol": "icmp", "ethertype": "IPv4", "tenant_id": "d0945e15166b4b53805385f5e22f4cdb", "port_range_max": null, "port_range_min": null, "id": "086febb0-9cb5-4638-81b4-632346ece16d", "security_group_id": "cc67788b-1c8d-4458-a3e4-a735419cc434"}}
2016-01-27 22:53:27,079 15683 INFO     [tempest_lib.common.rest_client] Request (TestNetworkBasicOps:test_connectivity_between_vms_on_different_networks): 201 POST http://10.4.1.3:9696/v2.0/security-group-rules 0.282s
2016-01-27 22:53:27,079 15683 DEBUG    [tempest_lib.common.rest_client] Request - Headers: {'Content-Type': 'application/json', 'Accept': 'application/json', 'X-Auth-Token': '&lt;omitted&gt;'}
        Body: {"security_group_rule": {"tenant_id": "d0945e15166b4b53805385f5e22f4cdb", "direction": "ingress", "security_group_id": "cc67788b-1c8d-4458-a3e4-a735419cc434", "protocol": "icmp", "ethertype": "IPv6"}}
    Response - Headers: {'status': '201', 'content-length': '345', 'connection': 'close', 'date': 'Wed, 27 Jan 2016 22:53:27 GMT', 'content-type': 'application/json; charset=UTF-8', 'x-openstack-request-id': 'req-47e9e333-9f1a-4f53-b1af-6e8e82d6dac2'}
        Body: {"security_group_rule": {"remote_group_id": null, "direction": "ingress", "remote_ip_prefix": null, "protocol": "icmp", "ethertype": "IPv6", "tenant_id": "d0945e15166b4b53805385f5e22f4cdb", "port_range_max": null, "port_range_min": null, "id": "4703d503-57a3-4174-8250-1029eba42fe3", "security_group_id": "cc67788b-1c8d-4458-a3e4-a735419cc434"}}
2016-01-27 22:53:27,350 15683 INFO     [tempest_lib.common.rest_client] Request (TestNetworkBasicOps:test_connectivity_between_vms_on_different_networks): 201 POST http://10.4.1.3:9696/v2.0/security-group-rules 0.270s
2016-01-27 22:53:27,351 15683 DEBUG    [tempest_lib.common.rest_client] Request - Headers: {'Content-Type': 'application/json', 'Accept': 'application/json', 'X-Auth-Token': '&lt;omitted&gt;'}
        Body: {"security_group_rule": {"tenant_id": "d0945e15166b4b53805385f5e22f4cdb", "direction": "egress", "security_group_id": "cc67788b-1c8d-4458-a3e4-a735419cc434", "protocol": "icmp", "ethertype": "IPv6"}}
    Response - Headers: {'status': '201', 'content-length': '344', 'connection': 'close', 'date': 'Wed, 27 Jan 2016 22:53:27 GMT', 'content-type': 'application/json; charset=UTF-8', 'x-openstack-request-id': 'req-70c3b4c6-7cd2-4618-8ae6-757bc4bf3adb'}
        Body: {"security_group_rule": {"remote_group_id": null, "direction": "egress", "remote_ip_prefix": null, "protocol": "icmp", "ethertype": "IPv6", "tenant_id": "d0945e15166b4b53805385f5e22f4cdb", "port_range_max": null, "port_range_min": null, "id": "4c997818-5fe8-4109-955d-fda85332481c", "security_group_id": "cc67788b-1c8d-4458-a3e4-a735419cc434"}}
2016-01-27 22:53:27,731 15683 INFO     [tempest_lib.common.rest_client] Request (TestNetworkBasicOps:test_connectivity_between_vms_on_different_networks): 201 POST http://10.4.1.3:9696/v2.0/networks 0.379s
2016-01-27 22:53:27,732 15683 DEBUG    [tempest_lib.common.rest_client] Request - Headers: {'Content-Type': 'application/json', 'Accept': 'application/json', 'X-Auth-Token': '&lt;omitted&gt;'}
        Body: {"network": {"tenant_id": "d0945e15166b4b53805385f5e22f4cdb", "name": "tempest-network-smoke--1702703298"}}
    Response - Headers: {'status': '201', 'content-length': '330', 'connection': 'close', 'date': 'Wed, 27 Jan 2016 22:53:27 GMT', 'content-type': 'application/json; charset=UTF-8', 'x-openstack-request-id': 'req-d3f23492-b308-413e-a021-a19c25b1de2c'}
        Body: {"network": {"status": "ACTIVE", "subnets": [], "availability_zone_hints": [], "name": "tempest-network-smoke--1702703298", "admin_state_up": true, "tenant_id": "d0945e15166b4b53805385f5e22f4cdb", "mtu": 1450, "router:external": false, "shared": false, "port_security_enabled": true, "id": "bae0f50e-a7ca-470c-816b-38b2c3027688"}}
2016-01-27 22:53:27,966 15683 INFO     [tempest_lib.common.rest_client] Request (TestNetworkBasicOps:test_connectivity_between_vms_on_different_networks): 201 POST http://10.4.1.3:9696/v2.0/routers 0.232s
2016-01-27 22:53:27,967 15683 DEBUG    [tempest_lib.common.rest_client] Request - Headers: {'Content-Type': 'application/json', 'Accept': 'application/json', 'X-Auth-Token': '&lt;omitted&gt;'}
        Body: {"router": {"tenant_id": "d0945e15166b4b53805385f5e22f4cdb", "name": "tempest-router-smoke-1085270744", "admin_state_up": true}}
    Response - Headers: {'status': '201', 'content-length': '239', 'connection': 'close', 'date': 'Wed, 27 Jan 2016 22:53:27 GMT', 'content-type': 'application/json; charset=UTF-8', 'x-openstack-request-id': 'req-e3b228f8-8779-437a-9d12-b22a19852491'}
        Body: {"router": {"status": "ACTIVE", "external_gateway_info": null, "name": "tempest-router-smoke-1085270744", "admin_state_up": true, "tenant_id": "d0945e15166b4b53805385f5e22f4cdb", "routes": [], "id": "7f88c7f2-f4bd-4696-985c-43e333f6d4a9"}}
2016-01-27 22:53:28,177 15683 INFO     [tempest_lib.common.rest_client] Request (TestNetworkBasicOps:test_connectivity_between_vms_on_different_networks): 200 GET http://10.4.1.3:9696/v2.0/routers/7f88c7f2-f4bd-4696-985c-43e333f6d4a9 0.209s
2016-01-27 22:53:28,177 15683 DEBUG    [tempest_lib.common.rest_client] Request - Headers: {'Content-Type': 'application/json', 'Accept': 'application/json', 'X-Auth-Token': '&lt;omitted&gt;'}
        Body: None
    Response - Headers: {'status': '200', 'content-length': '239', 'content-location': 'http://10.4.1.3:9696/v2.0/routers/7f88c7f2-f4bd-4696-985c-43e333f6d4a9', 'connection': 'close', 'date': 'Wed, 27 Jan 2016 22:53:28 GMT', 'content-type': 'application/json; charset=UTF-8', 'x-openstack-request-id': 'req-dd191ca4-f75f-45d1-9853-4ffa3de7acc0'}
        Body: {"router": {"status": "ACTIVE", "external_gateway_info": null, "name": "tempest-router-smoke-1085270744", "admin_state_up": true, "tenant_id": "d0945e15166b4b53805385f5e22f4cdb", "routes": [], "id": "7f88c7f2-f4bd-4696-985c-43e333f6d4a9"}}
2016-01-27 22:53:28,963 15683 INFO     [tempest_lib.common.rest_client] Request (TestNetworkBasicOps:test_connectivity_between_vms_on_different_networks): 200 PUT http://10.4.1.3:9696/v2.0/routers/7f88c7f2-f4bd-4696-985c-43e333f6d4a9 0.785s
2016-01-27 22:53:28,963 15683 DEBUG    [tempest_lib.common.rest_client] Request - Headers: {'Content-Type': 'application/json', 'Accept': 'application/json', 'X-Auth-Token': '&lt;omitted&gt;'}
        Body: {"router": {"external_gateway_info": {"network_id": "06246bf9-c18b-4718-84d8-f17945711880"}, "name": "tempest-router-smoke-1085270744", "admin_state_up": true}}
    Response - Headers: {'status': '200', 'content-length': '501', 'connection': 'close', 'date': 'Wed, 27 Jan 2016 22:53:28 GMT', 'content-type': 'application/json; charset=UTF-8', 'x-openstack-request-id': 'req-6bc8406b-65b6-4595-9425-1df105a039a0'}
        Body: {"router": {"status": "ACTIVE", "external_gateway_info": {"network_id": "06246bf9-c18b-4718-84d8-f17945711880", "enable_snat": true, "external_fixed_ips": [{"subnet_id": "8574f7d8-1c16-4962-9d3d-964a53b125f3", "ip_address": "172.24.4.3"}, {"subnet_id": "c6bce8de-940c-4f2d-b9df-c46a3f9d2102", "ip_address": "2001:db8::4"}]}, "name": "tempest-router-smoke-1085270744", "admin_state_up": true, "tenant_id": "d0945e15166b4b53805385f5e22f4cdb", "routes": [], "id": "7f88c7f2-f4bd-4696-985c-43e333f6d4a9"}}
2016-01-27 22:53:29,180 15683 INFO     [tempest_lib.common.rest_client] Request (TestNetworkBasicOps:test_connectivity_between_vms_on_different_networks): 200 GET http://10.4.1.3:9696/v2.0/subnets?tenant_id=d0945e15166b4b53805385f5e22f4cdb&amp;cidr=10.100.0.0%2F28 0.215s
2016-01-27 22:53:29,181 15683 DEBUG    [tempest_lib.common.rest_client] Request - Headers: {'Content-Type': 'application/json', 'Accept': 'application/json', 'X-Auth-Token': '&lt;omitted&gt;'}
        Body: None
    Response - Headers: {'status': '200', 'content-length': '15', 'content-location': 'http://10.4.1.3:9696/v2.0/subnets?tenant_id=d0945e15166b4b53805385f5e22f4cdb&amp;cidr=10.100.0.0%2F28', 'connection': 'close', 'date': 'Wed, 27 Jan 2016 22:53:29 GMT', 'content-type': 'application/json; charset=UTF-8', 'x-openstack-request-id': 'req-0257c0f6-bc9b-4b8f-ae70-970839729c8d'}
        Body: {"subnets": []}
2016-01-27 22:53:29,764 15683 INFO     [tempest_lib.common.rest_client] Request (TestNetworkBasicOps:test_connectivity_between_vms_on_different_networks): 201 POST http://10.4.1.3:9696/v2.0/subnets 0.582s
2016-01-27 22:53:29,765 15683 DEBUG    [tempest_lib.common.rest_client] Request - Headers: {'Content-Type': 'application/json', 'Accept': 'application/json', 'X-Auth-Token': '&lt;omitted&gt;'}
        Body: {"subnet": {"ip_version": 4, "tenant_id": "d0945e15166b4b53805385f5e22f4cdb", "cidr": "10.100.0.0/28", "network_id": "bae0f50e-a7ca-470c-816b-38b2c3027688", "name": "tempest-subnet-smoke-1413477443"}}
    Response - Headers: {'status': '201', 'content-length': '478', 'connection': 'close', 'date': 'Wed, 27 Jan 2016 22:53:29 GMT', 'content-type': 'application/json; charset=UTF-8', 'x-openstack-request-id': 'req-4893fc53-7130-4386-aa20-52ba2dcddda0'}
        Body: {"subnet": {"name": "tempest-subnet-smoke-1413477443", "enable_dhcp": true, "network_id": "bae0f50e-a7ca-470c-816b-38b2c3027688", "tenant_id": "d0945e15166b4b53805385f5e22f4cdb", "dns_nameservers": [], "gateway_ip": "10.100.0.1", "ipv6_ra_mode": null, "allocation_pools": [{"start": "10.100.0.2", "end": "10.100.0.14"}], "host_routes": [], "ip_version": 4, "ipv6_address_mode": null, "cidr": "10.100.0.0/28", "id": "6d53192a-8603-44f3-a978-a1dda4dfa8cc", "subnetpool_id": null}}
2016-01-27 22:53:30,419 15683 INFO     [tempest_lib.common.rest_client] Request (TestNetworkBasicOps:test_connectivity_between_vms_on_different_networks): 200 PUT http://10.4.1.3:9696/v2.0/routers/7f88c7f2-f4bd-4696-985c-43e333f6d4a9/add_router_interface 0.653s
2016-01-27 22:53:30,420 15683 DEBUG    [tempest_lib.common.rest_client] Request - Headers: {'Content-Type': 'application/json', 'Accept': 'application/json', 'X-Auth-Token': '&lt;omitted&gt;'}
        Body: {"subnet_id": "6d53192a-8603-44f3-a978-a1dda4dfa8cc"}
    Response - Headers: {'status': '200', 'content-length': '309', 'connection': 'close', 'date': 'Wed, 27 Jan 2016 22:53:30 GMT', 'content-type': 'application/json; charset=UTF-8', 'x-openstack-request-id': 'req-b91d3930-60da-40c4-8ca4-bcdc6bb94c9e'}
        Body: {"network_id": "bae0f50e-a7ca-470c-816b-38b2c3027688", "tenant_id": "d0945e15166b4b53805385f5e22f4cdb", "subnet_id": "6d53192a-8603-44f3-a978-a1dda4dfa8cc", "subnet_ids": ["6d53192a-8603-44f3-a978-a1dda4dfa8cc"], "port_id": "66c2f78e-e72f-414b-bc9c-2623c556ed3a", "id": "7f88c7f2-f4bd-4696-985c-43e333f6d4a9"}
2016-01-27 22:53:30,630 15683 INFO     [tempest_lib.common.rest_client] Request (TestNetworkBasicOps:test_connectivity_between_vms_on_different_networks): 200 GET http://10.4.1.3:9696/v2.0/networks 0.209s
2016-01-27 22:53:30,631 15683 DEBUG    [tempest_lib.common.rest_client] Request - Headers: {'Content-Type': 'application/json', 'Accept': 'application/json', 'X-Auth-Token': '&lt;omitted&gt;'}
        Body: None
    Response - Headers: {'status': '200', 'content-length': '1516', 'content-location': 'http://10.4.1.3:9696/v2.0/networks', 'connection': 'close', 'date': 'Wed, 27 Jan 2016 22:53:30 GMT', 'content-type': 'application/json; charset=UTF-8', 'x-openstack-request-id': 'req-d33e59df-2a5f-4409-a6fc-2f4f0f8ba8df'}
        Body: {"networks": [{"status": "ACTIVE", "subnets": ["c4d9f1d5-4981-4cba-9738-53ce5f0728bb", "ed96994d-45c3-4fb2-8fe4-bb05e1ce111f"], "availability_zone_hints": [], "availability_zones": ["nova"], "name": "private", "provider:physical_network": null, "admin_state_up": true, "tenant_id": "cee2d0d9c2ce4eeea8b40d8da5c564a0", "mtu": 1450, "router:external": false, "shared": false, "port_security_enabled": true, "provider:network_type": "vxlan", "id": "bc20e297-3497-44db-8761-32a7510e1bc9", "provider:segmentation_id": 1037}, {"status": "ACTIVE", "subnets": ["8574f7d8-1c16-4962-9d3d-964a53b125f3", "c6bce8de-940c-4f2d-b9df-c46a3f9d2102"], "availability_zone_hints": [], "availability_zones": ["nova"], "name": "public", "provider:physical_network": null, "admin_state_up": true, "tenant_id": "fcf71924f97e4289ac02b4adf1de2f20", "mtu": 1450, "router:external": true, "shared": false, "port_security_enabled": true, "provider:network_type": "vxlan", "id": "06246bf9-c18b-4718-84d8-f17945711880", "provider:segmentation_id": 1029}, {"status": "ACTIVE", "subnets": ["6d53192a-8603-44f3-a978-a1dda4dfa8cc"], "availability_zone_hints": [], "availability_zones": ["nova"], "name": "tempest-network-smoke--1702703298", "provider:physical_network": null, "admin_state_up": true, "tenant_id": "d0945e15166b4b53805385f5e22f4cdb", "mtu": 1450, "router:external": false, "shared": false, "port_security_enabled": true, "provider:network_type": "vxlan", "id": "bae0f50e-a7ca-470c-816b-38b2c3027688", "provider:segmentation_id": 1040}]}
2016-01-27 22:53:30,850 15683 INFO     [tempest_lib.common.rest_client] Request (TestNetworkBasicOps:test_connectivity_between_vms_on_different_networks): 200 GET http://10.4.1.3:9696/v2.0/subnets 0.218s
2016-01-27 22:53:30,850 15683 DEBUG    [tempest_lib.common.rest_client] Request - Headers: {'Content-Type': 'application/json', 'Accept': 'application/json', 'X-Auth-Token': '&lt;omitted&gt;'}
        Body: None
    Response - Headers: {'status': '200', 'content-length': '2404', 'content-location': 'http://10.4.1.3:9696/v2.0/subnets', 'connection': 'close', 'date': 'Wed, 27 Jan 2016 22:53:30 GMT', 'content-type': 'application/json; charset=UTF-8', 'x-openstack-request-id': 'req-63d164b0-4250-45f4-8c57-32fdcb349919'}
        Body: {"subnets": [{"name": "ipv6-public-subnet", "enable_dhcp": false, "network_id": "06246bf9-c18b-4718-84d8-f17945711880", "tenant_id": "fcf71924f97e4289ac02b4adf1de2f20", "dns_nameservers": [], "gateway_ip": "2001:db8::2", "ipv6_ra_mode": null, "allocation_pools": [{"start": "2001:db8::1", "end": "2001:db8::1"}, {"start": "2001:db8::3", "end": "2001:db8::ffff:ffff:ffff:ffff"}], "host_routes": [], "ip_version": 6, "ipv6_address_mode": null, "cidr": "2001:db8::/64", "id": "c6bce8de-940c-4f2d-b9df-c46a3f9d2102", "subnetpool_id": null}, {"name": "tempest-subnet-smoke-1413477443", "enable_dhcp": true, "network_id": "bae0f50e-a7ca-470c-816b-38b2c3027688", "tenant_id": "d0945e15166b4b53805385f5e22f4cdb", "dns_nameservers": [], "gateway_ip": "10.100.0.1", "ipv6_ra_mode": null, "allocation_pools": [{"start": "10.100.0.2", "end": "10.100.0.14"}], "host_routes": [], "ip_version": 4, "ipv6_address_mode": null, "cidr": "10.100.0.0/28", "id": "6d53192a-8603-44f3-a978-a1dda4dfa8cc", "subnetpool_id": null}, {"name": "ipv6-private-subnet", "enable_dhcp": true, "network_id": "bc20e297-3497-44db-8761-32a7510e1bc9", "tenant_id": "cee2d0d9c2ce4eeea8b40d8da5c564a0", "dns_nameservers": [], "gateway_ip": "fd1b:d3a6:a06::1", "ipv6_ra_mode": "slaac", "allocation_pools": [{"start": "fd1b:d3a6:a06::2", "end": "fd1b:d3a6:a06:0:ffff:ffff:ffff:ffff"}], "host_routes": [], "ip_version": 6, "ipv6_address_mode": "slaac", "cidr": "fd1b:d3a6:a06::/64", "id": "c4d9f1d5-4981-4cba-9738-53ce5f0728bb", "subnetpool_id": null}, {"name": "public-subnet", "enable_dhcp": false, "network_id": "06246bf9-c18b-4718-84d8-f17945711880", "tenant_id": "fcf71924f97e4289ac02b4adf1de2f20", "dns_nameservers": [], "gateway_ip": "172.24.4.1", "ipv6_ra_mode": null, "allocation_pools": [{"start": "172.24.4.2", "end": "172.24.4.254"}], "host_routes": [], "ip_version": 4, "ipv6_address_mode": null, "cidr": "172.24.4.0/24", "id": "8574f7d8-1c16-4962-9d3d-964a53b125f3", "subnetpool_id": null}, {"name": "private-subnet", "enable_dhcp": true, "network_id": "bc20e297-3497-44db-8761-32a7510e1bc9", "tenant_id": "cee2d0d9c2ce4eeea8b40d8da5c564a0", "dns_nameservers": [], "gateway_ip": "10.0.0.1", "ipv6_ra_mode": null, "allocation_pools": [{"start": "10.0.0.2", "end": "10.0.0.254"}], "host_routes": [], "ip_version": 4, "ipv6_address_mode": null, "cidr": "10.0.0.0/24", "id": "ed96994d-45c3-4fb2-8fe4-bb05e1ce111f", "subnetpool_id": null}]}
2016-01-27 22:53:31,073 15683 INFO     [tempest_lib.common.rest_client] Request (TestNetworkBasicOps:test_connectivity_between_vms_on_different_networks): 200 GET http://10.4.1.3:9696/v2.0/routers 0.221s
2016-01-27 22:53:31,073 15683 DEBUG    [tempest_lib.common.rest_client] Request - Headers: {'Content-Type': 'application/json', 'Accept': 'application/json', 'X-Auth-Token': '&lt;omitted&gt;'}
        Body: None
    Response - Headers: {'status': '200', 'content-length': '1015', 'content-location': 'http://10.4.1.3:9696/v2.0/routers', 'connection': 'close', 'date': 'Wed, 27 Jan 2016 22:53:31 GMT', 'content-type': 'application/json; charset=UTF-8', 'x-openstack-request-id': 'req-350df91f-705b-4467-ba6d-c385c23f18c9'}
        Body: {"routers": [{"status": "ACTIVE", "external_gateway_info": {"network_id": "06246bf9-c18b-4718-84d8-f17945711880", "enable_snat": true, "external_fixed_ips": [{"subnet_id": "8574f7d8-1c16-4962-9d3d-964a53b125f3", "ip_address": "172.24.4.2"}, {"subnet_id": "c6bce8de-940c-4f2d-b9df-c46a3f9d2102", "ip_address": "2001:db8::3"}]}, "name": "router1", "admin_state_up": true, "tenant_id": "cee2d0d9c2ce4eeea8b40d8da5c564a0", "distributed": false, "routes": [], "id": "52e6daed-009b-455d-996e-17cada4337e5"}, {"status": "ACTIVE", "external_gateway_info": {"network_id": "06246bf9-c18b-4718-84d8-f17945711880", "enable_snat": true, "external_fixed_ips": [{"subnet_id": "8574f7d8-1c16-4962-9d3d-964a53b125f3", "ip_address": "172.24.4.3"}, {"subnet_id": "c6bce8de-940c-4f2d-b9df-c46a3f9d2102", "ip_address": "2001:db8::4"}]}, "name": "tempest-router-smoke-1085270744", "admin_state_up": true, "tenant_id": "d0945e15166b4b53805385f5e22f4cdb", "distributed": false, "routes": [], "id": "7f88c7f2-f4bd-4696-985c-43e333f6d4a9"}]}
2016-01-27 22:53:31,868 15683 INFO     [tempest_lib.common.rest_client] Request (TestNetworkBasicOps:test_connectivity_between_vms_on_different_networks): 200 POST http://10.4.1.3:8774/v2.1/d0945e15166b4b53805385f5e22f4cdb/os-keypairs 0.793s
2016-01-27 22:53:31,868 15683 DEBUG    [tempest_lib.common.rest_client] Request - Headers: {'Content-Type': 'application/json', 'Accept': 'application/json', 'X-Auth-Token': '&lt;omitted&gt;'}
        Body: {"keypair": {"name": "tempest-TestNetworkBasicOps-1749931843"}}
    Response - Headers: {'status': '200', 'content-length': '2321', 'x-compute-request-id': 'req-26a2c7e7-3fa0-4deb-8583-6f14f60b945b', 'vary': 'X-OpenStack-Nova-API-Version', 'connection': 'close', 'x-openstack-nova-api-version': '2.1', 'date': 'Wed, 27 Jan 2016 22:53:31 GMT', 'content-type': 'application/json'}
        Body: {"keypair": {"public_key": "ssh-rsa AAAAB3NzaC1yc2EAAAADAQABAAABAQDGVTJ1QXNX1VbL2eqzVMDl0OyYUrEleGY3WZtygA4mdOelsTK01WdqOoiEFn1QBnnfDIA4BHT88hNjCAQeTqFflfbiklHIa2DtwLlcd81EbF7/MrKdD/b8c7qzHBkG+vPuTzUmxVNMOfzi/SLvR2bNEDTGIvwCqUMn4Sk9Z14lqiwFGxFpiSV2+BmoZ99fp3vfb/Ox0wkEc2XKBuzJ8Q08ZYUOMtG4llgOlGcrL29rXA2G71M9BeU9tn6iHdHfcT1a9gmlCJUlWzk1eTUty/OyE2LFkqyUOgtwWLilvlp3RNg22Y3tBYXXaGNIA5eLQ7B4I0Pu0qDqsBhuUJnfEGtj Generated-by-Nova", "private_key": "-----BEGIN RSA PRIVATE KEY-----\nMIIEqAIBAAKCAQEAxlUydUFzV9VWy9nqs1TA5dDsmFKxJXhmN1mbcoAOJnTnpbEy\ntNVnajqIhBZ9UAZ53wyAOAR0/PITYwgEHk6hX5X24pJRyGtg7cC5XHfNRGxe/zKy\nnQ/2/HO6sxwZBvrz7k81JsVTTDn84v0i70dmzRA0xiL8AqlDJ+EpPWdeJaosBRsR\naYkldvgZqGffX6d732/zsdMJBHNlygbsyfENPGWFDjLRuJZYDpRnKy9va1wNhu9T\nPQXlPbZ+oh3R33E9WvYJpQiVJVs5NXk1LcvzshNixZKslDoLcFi4pb5ad0TYNtmN\n7QWF12hjSAOXi0OweCND7tKg6rAYblCZ3xBrYwIDAQABAoIBAQDCQzDpKPKRVaVu\nhkQc4ycN81XK3TQmP4ffLyXTQRqbEGbVJHtGJMDmi+6rclvLxowYrWXpeHQeTf4v\nQerGxL3LolfwFOGGLacDOYJV0AJ+wqdJz56juL9zBugYB6176NKE2ZB2KVEtmJ7a\ntpdBR+6pbPZEHIA7Gw9sQF7khhrxR8PmhgY5Oe8UusyaPZl/FSGPuZYBfnchd+ue\nrinrKqMajsOUhc4lphQcggvhWehmHiW8gFFPK00eL++BL2QB0Wldr8nl13XAh008\nhdZCIZM6Ys1/ECvIGaZRZRHAgpMvj5xdoTYqyTppBYV97UmF8aQKBqxHz6v/i+qa\nU7is32ABAoIAgQDfLsxP+m/6dyUb076kWBCFIMbGvchS+FFKKO1GDPH4zZWQ+Anu\nOccCCf1e7EdUj/uKZbz/AV6GQXYv1b27vztwVVHrwOyN6hYtYip2vZK87JUs3Fn9\nH8X1V0wfaaAVJTFGgrWyW3QLzubrPC0R3gHKqlDG8hJW5zEwLqqRz+ReQQKCAIEA\n4376WY590yPmgvqmeM9AkIEKhk4O0wRJ303KfpDCRvLTJrzKUE6eGcW2xoJkntAe\n3qcK98bFHuI6o1cZflIF5luOAj1O9w5cN7XhLGmetkbvwieisSUNzrc/wrArNY0m\n612gE+10fKPxliZvYLf/HTUFkuEztCFj8ITS4H7eaKMCggCAbJDPQniI0EX0/zxZ\nmIheQORYzYS0VegFYxXVliXl7ynSf9qougHRFOTXI728VR5VNlWXQlTgLl7ZpxtK\nWHIF7/cRCqWmbMJaV2lRTsGZB93uEwx9mexC173HgeBXxvF4rtwWltR19uiG3BdB\ntVdRd8yxzpUi5rM/8jhBMPz4EgECggCAQObz82LUgM0oMUvi/GpcSB2YbBKO5iK+\nFIfz8kHIO0eBd/a6XUjgkAe5Ck8e97P2ap0LYv8BM7tk8T6jFke+SSbrj7X/9jnR\nk08/S1Vioyv/sMtv/cvNcaET/q4V1bRMWy+dwLGo3vpCrQyQD+7OSH3c9jdrccNo\n6LBsHQH037MCggCAV5LIsopNYuZeHOqthV7B1d2Uy01FaPmgEPLr0jn4IyhedUT/\ny29Kblehl9LkwXH23CMGTcj+zsaWJH+7fEstU5u4crqsADavn+gkaE0UnbAPdB8B\nTV52DWTBLiwp6cv/qhAVOHBKmwJJQ0/JSOE1g8EopCaXXbU9YgMGGrmElpA=\n-----END RSA PRIVATE KEY-----\n", "user_id": "980bc81569c74c46b0f35429cbbeaa21", "name": "tempest-TestNetworkBasicOps-1749931843", "fingerprint": "f7:a7:8b:f5:98:0b:34:41:ac:36:d7:ef:b4:4a:18:60"}}
2016-01-27 22:53:32,022 15683 INFO     [tempest_lib.common.rest_client] Request (TestNetworkBasicOps:test_connectivity_between_vms_on_different_networks): 200 POST http://10.4.1.3:5000/v2.0/tokens
2016-01-27 22:53:32,023 15683 DEBUG    [tempest_lib.common.rest_client] Request - Headers: {'Content-Type': 'application/json', 'Accept': 'application/json'}
        Body: &lt;omitted&gt;
    Response - Headers: {'status': '200', 'content-length': '2260', 'vary': 'X-Auth-Token', 'server': 'Apache/2.4.7 (Ubuntu)', 'connection': 'close', 'date': 'Wed, 27 Jan 2016 22:53:31 GMT', 'content-type': 'application/json', 'x-openstack-request-id': 'req-216dad04-5581-4873-a9fd-8e5af635538d'}
        Body: {"access": {"token": {"issued_at": "2016-01-27T22:53:32.010173", "expires": "2016-01-27T23:53:31Z", "id": "2c424a1d19584869bd9d356e395f23be", "tenant": {"description": "tempest-TestNetworkBasicOps-1270661841-desc", "enabled": true, "id": "d0945e15166b4b53805385f5e22f4cdb", "name": "tempest-TestNetworkBasicOps-1270661841"}, "audit_ids": ["mS-43IkwSEKkbR2GXOe92Q"]}, "serviceCatalog": [{"endpoints": [{"adminURL": "http://10.4.1.3:9292", "region": "RegionOne", "internalURL": "http://10.4.1.3:9292", "id": "6d30bfaf3a374d95822aaf828e4f6266", "publicURL": "http://10.4.1.3:9292"}], "endpoints_links": [], "type": "image", "name": "glance"}, {"endpoints": [{"adminURL": "http://10.4.1.3:8774/v2.1/d0945e15166b4b53805385f5e22f4cdb", "region": "RegionOne", "internalURL": "http://10.4.1.3:8774/v2.1/d0945e15166b4b53805385f5e22f4cdb", "id": "13d2761c52d4413593bf09f4e3133aa9", "publicURL": "http://10.4.1.3:8774/v2.1/d0945e15166b4b53805385f5e22f4cdb"}], "endpoints_links": [], "type": "compute", "name": "nova"}, {"endpoints": [{"adminURL": "http://10.4.1.3:8774/v2/d0945e15166b4b53805385f5e22f4cdb", "region": "RegionOne", "internalURL": "http://10.4.1.3:8774/v2/d0945e15166b4b53805385f5e22f4cdb", "id": "283f9f058b0546eb9dc71408edfd8152", "publicURL": "http://10.4.1.3:8774/v2/d0945e15166b4b53805385f5e22f4cdb"}], "endpoints_links": [], "type": "compute_legacy", "name": "nova_legacy"}, {"endpoints": [{"adminURL": "http://10.4.1.3:35357/v2.0", "region": "RegionOne", "internalURL": "http://10.4.1.3:5000/v2.0", "id": "7b0d2cceebcf44158ec11b32b39cc767", "publicURL": "http://10.4.1.3:5000/v2.0"}], "endpoints_links": [], "type": "identity", "name": "keystone"}, {"endpoints": [{"adminURL": "http://10.4.1.3:9696/", "region": "RegionOne", "internalURL": "http://10.4.1.3:9696/", "id": "596ebdd229884fc7b1a2bd1855cadfc1", "publicURL": "http://10.4.1.3:9696/"}], "endpoints_links": [], "type": "network", "name": "neutron"}], "user": {"username": "tempest-TestNetworkBasicOps-1198018979", "roles_links": [], "id": "980bc81569c74c46b0f35429cbbeaa21", "roles": [{"name": "_member_"}, {"name": "Member"}], "name": "tempest-TestNetworkBasicOps-1198018979"}, "metadata": {"is_admin": 0, "roles": ["9fe2ff9ee4384b1894a90878d3e92bab", "e7913f9d029e47baad79b6d615cbeed6"]}}}
2016-01-27 22:53:32,028 15683 DEBUG    [tempest.common.fixed_network] (TestNetworkBasicOps:test_connectivity_between_vms_on_different_networks) No valid network provided or created, defaulting to fixed_network_name
2016-01-27 22:53:32,436 15683 INFO     [tempest_lib.common.rest_client] Request (TestNetworkBasicOps:test_connectivity_between_vms_on_different_networks): 200 GET http://10.4.1.3:8774/v2.1/d0945e15166b4b53805385f5e22f4cdb/os-networks 0.407s
2016-01-27 22:53:32,436 15683 DEBUG    [tempest_lib.common.rest_client] Request - Headers: {'Content-Type': 'application/json', 'Accept': 'application/json', 'X-Auth-Token': '&lt;omitted&gt;'}
        Body: None
    Response - Headers: {'status': '200', 'content-length': '479', 'content-location': 'http://10.4.1.3:8774/v2.1/d0945e15166b4b53805385f5e22f4cdb/os-networks', 'x-compute-request-id': 'req-466e2484-4b15-4f2b-9db8-566b17e030c5', 'vary': 'X-OpenStack-Nova-API-Version', 'connection': 'close', 'x-openstack-nova-api-version': '2.1', 'date': 'Wed, 27 Jan 2016 22:53:32 GMT', 'content-type': 'application/json'}
        Body: {"networks": [{"cidr_v6": null, "dns2": null, "dns1": null, "gateway": null, "broadcast": null, "netmask": null, "gateway_v6": null, "cidr": null, "label": "public", "id": "06246bf9-c18b-4718-84d8-f17945711880", "netmask_v6": null}, {"cidr_v6": null, "dns2": null, "dns1": null, "gateway": null, "broadcast": null, "netmask": null, "gateway_v6": null, "cidr": null, "label": "tempest-network-smoke--1702703298", "id": "bae0f50e-a7ca-470c-816b-38b2c3027688", "netmask_v6": null}]}
2016-01-27 22:53:32,437 15683 WARNING  [tempest.common.fixed_network] (TestNetworkBasicOps:test_connectivity_between_vms_on_different_networks) Network with name: private not found
2016-01-27 22:53:32,438 15683 INFO     [tempest.common.fixed_network] (TestNetworkBasicOps:test_connectivity_between_vms_on_different_networks) Found network {} available for tenant
2016-01-27 22:53:35,603 15683 INFO     [tempest_lib.common.rest_client] Request (TestNetworkBasicOps:test_connectivity_between_vms_on_different_networks): 202 POST http://10.4.1.3:8774/v2.1/d0945e15166b4b53805385f5e22f4cdb/servers 3.164s
2016-01-27 22:53:35,603 15683 DEBUG    [tempest_lib.common.rest_client] Request - Headers: {'Content-Type': 'application/json', 'Accept': 'application/json', 'X-Auth-Token': '&lt;omitted&gt;'}
        Body: {"server": {"name": "tempest-server-smoke-1262304870", "imageRef": "c14abedd-2ceb-4577-ad22-acd21d540c0b", "key_name": "tempest-TestNetworkBasicOps-1749931843", "flavorRef": "42", "networks": [{"uuid": "bae0f50e-a7ca-470c-816b-38b2c3027688"}], "security_groups": [{"name": "tempest-secgroup-smoke-526006280"}]}}
    Response - Headers: {'status': '202', 'content-length': '459', 'x-compute-request-id': 'req-ad333158-43e2-466c-8fb0-a86b466ed08b', 'vary': 'X-OpenStack-Nova-API-Version', 'connection': 'close', 'location': 'http://10.4.1.3:8774/v2.1/d0945e15166b4b53805385f5e22f4cdb/servers/6c70d5ac-d50a-4fb5-b1ed-d017b78d57d6', 'x-openstack-nova-api-version': '2.1', 'date': 'Wed, 27 Jan 2016 22:53:35 GMT', 'content-type': 'application/json'}
        Body: {"server": {"security_groups": [{"name": "tempest-secgroup-smoke-526006280"}], "OS-DCF:diskConfig": "MANUAL", "id": "6c70d5ac-d50a-4fb5-b1ed-d017b78d57d6", "links": [{"href": "http://10.4.1.3:8774/v2.1/d0945e15166b4b53805385f5e22f4cdb/servers/6c70d5ac-d50a-4fb5-b1ed-d017b78d57d6", "rel": "self"}, {"href": "http://10.4.1.3:8774/d0945e15166b4b53805385f5e22f4cdb/servers/6c70d5ac-d50a-4fb5-b1ed-d017b78d57d6", "rel": "bookmark"}], "adminPass": "muyJZX97sGAf"}}
2016-01-27 22:53:36,003 15683 INFO     [tempest_lib.common.rest_client] Request (TestNetworkBasicOps:test_connectivity_between_vms_on_different_networks): 200 GET http://10.4.1.3:8774/v2.1/d0945e15166b4b53805385f5e22f4cdb/servers/6c70d5ac-d50a-4fb5-b1ed-d017b78d57d6 0.396s
2016-01-27 22:53:36,003 15683 DEBUG    [tempest_lib.common.rest_client] Request - Headers: {'Content-Type': 'application/json', 'Accept': 'application/json', 'X-Auth-Token': '&lt;omitted&gt;'}
        Body: None
    Response - Headers: {'status': '200', 'content-length': '1341', 'content-location': 'http://10.4.1.3:8774/v2.1/d0945e15166b4b53805385f5e22f4cdb/servers/6c70d5ac-d50a-4fb5-b1ed-d017b78d57d6', 'x-compute-request-id': 'req-8f73eea3-97f7-49e0-b72f-5917359f7394', 'vary': 'X-OpenStack-Nova-API-Version', 'connection': 'close', 'x-openstack-nova-api-version': '2.1', 'date': 'Wed, 27 Jan 2016 22:53:36 GMT', 'content-type': 'application/json'}
        Body: {"server": {"status": "BUILD", "updated": "2016-01-27T22:53:35Z", "hostId": "", "addresses": {}, "links": [{"href": "http://10.4.1.3:8774/v2.1/d0945e15166b4b53805385f5e22f4cdb/servers/6c70d5ac-d50a-4fb5-b1ed-d017b78d57d6", "rel": "self"}, {"href": "http://10.4.1.3:8774/d0945e15166b4b53805385f5e22f4cdb/servers/6c70d5ac-d50a-4fb5-b1ed-d017b78d57d6", "rel": "bookmark"}], "key_name": "tempest-TestNetworkBasicOps-1749931843", "image": {"id": "c14abedd-2ceb-4577-ad22-acd21d540c0b", "links": [{"href": "http://10.4.1.3:8774/d0945e15166b4b53805385f5e22f4cdb/images/c14abedd-2ceb-4577-ad22-acd21d540c0b", "rel": "bookmark"}]}, "OS-EXT-STS:task_state": "scheduling", "OS-EXT-STS:vm_state": "building", "OS-SRV-USG:launched_at": null, "flavor": {"id": "42", "links": [{"href": "http://10.4.1.3:8774/d0945e15166b4b53805385f5e22f4cdb/flavors/42", "rel": "bookmark"}]}, "id": "6c70d5ac-d50a-4fb5-b1ed-d017b78d57d6", "OS-SRV-USG:terminated_at": null, "OS-EXT-AZ:availability_zone": "", "user_id": "980bc81569c74c46b0f35429cbbeaa21", "name": "tempest-server-smoke-1262304870", "created": "2016-01-27T22:53:35Z", "tenant_id": "d0945e15166b4b53805385f5e22f4cdb", "OS-DCF:diskConfig": "MANUAL", "os-extended-volumes:volumes_attached": [], "accessIPv4": "", "accessIPv6": "", "progress": 0, "OS-EXT-STS:power_state": 0, "config_drive": "", "metadata": {}}}
2016-01-27 22:53:37,710 15683 INFO     [tempest_lib.common.rest_client] Request (TestNetworkBasicOps:test_connectivity_between_vms_on_different_networks): 200 GET http://10.4.1.3:8774/v2.1/d0945e15166b4b53805385f5e22f4cdb/servers/6c70d5ac-d50a-4fb5-b1ed-d017b78d57d6 0.696s
2016-01-27 22:53:37,710 15683 DEBUG    [tempest_lib.common.rest_client] Request - Headers: {'Content-Type': 'application/json', 'Accept': 'application/json', 'X-Auth-Token': '&lt;omitted&gt;'}
        Body: None
    Response - Headers: {'status': '200', 'content-length': '1466', 'content-location': 'http://10.4.1.3:8774/v2.1/d0945e15166b4b53805385f5e22f4cdb/servers/6c70d5ac-d50a-4fb5-b1ed-d017b78d57d6', 'x-compute-request-id': 'req-9f56af9a-fe75-4b95-b6ef-1241190ffc3c', 'vary': 'X-OpenStack-Nova-API-Version', 'connection': 'close', 'x-openstack-nova-api-version': '2.1', 'date': 'Wed, 27 Jan 2016 22:53:37 GMT', 'content-type': 'application/json'}
        Body: {"server": {"status": "BUILD", "updated": "2016-01-27T22:53:36Z", "hostId": "6bdfc01151561ef9efa1102aa90bc6b6649a56eac2055f9339d49c8f", "addresses": {}, "links": [{"href": "http://10.4.1.3:8774/v2.1/d0945e15166b4b53805385f5e22f4cdb/servers/6c70d5ac-d50a-4fb5-b1ed-d017b78d57d6", "rel": "self"}, {"href": "http://10.4.1.3:8774/d0945e15166b4b53805385f5e22f4cdb/servers/6c70d5ac-d50a-4fb5-b1ed-d017b78d57d6", "rel": "bookmark"}], "key_name": "tempest-TestNetworkBasicOps-1749931843", "image": {"id": "c14abedd-2ceb-4577-ad22-acd21d540c0b", "links": [{"href": "http://10.4.1.3:8774/d0945e15166b4b53805385f5e22f4cdb/images/c14abedd-2ceb-4577-ad22-acd21d540c0b", "rel": "bookmark"}]}, "OS-EXT-STS:task_state": "spawning", "OS-EXT-STS:vm_state": "building", "OS-SRV-USG:launched_at": null, "flavor": {"id": "42", "links": [{"href": "http://10.4.1.3:8774/d0945e15166b4b53805385f5e22f4cdb/flavors/42", "rel": "bookmark"}]}, "id": "6c70d5ac-d50a-4fb5-b1ed-d017b78d57d6", "security_groups": [{"name": "tempest-secgroup-smoke-526006280"}], "OS-SRV-USG:terminated_at": null, "OS-EXT-AZ:availability_zone": "nova", "user_id": "980bc81569c74c46b0f35429cbbeaa21", "name": "tempest-server-smoke-1262304870", "created": "2016-01-27T22:53:35Z", "tenant_id": "d0945e15166b4b53805385f5e22f4cdb", "OS-DCF:diskConfig": "MANUAL", "os-extended-volumes:volumes_attached": [], "accessIPv4": "", "accessIPv6": "", "progress": 0, "OS-EXT-STS:power_state": 0, "config_drive": "", "metadata": {}}}
2016-01-27 22:53:37,719 15683 INFO     [tempest.common.waiters] State transition "BUILD/scheduling" ==&gt; "BUILD/spawning" after 1 second wait
2016-01-27 22:53:39,388 15683 INFO     [tempest_lib.common.rest_client] Request (TestNetworkBasicOps:test_connectivity_between_vms_on_different_networks): 200 GET http://10.4.1.3:8774/v2.1/d0945e15166b4b53805385f5e22f4cdb/servers/6c70d5ac-d50a-4fb5-b1ed-d017b78d57d6 0.666s
2016-01-27 22:53:39,388 15683 DEBUG    [tempest_lib.common.rest_client] Request - Headers: {'Content-Type': 'application/json', 'Accept': 'application/json', 'X-Auth-Token': '&lt;omitted&gt;'}
        Body: None
    Response - Headers: {'status': '200', 'content-length': '1466', 'content-location': 'http://10.4.1.3:8774/v2.1/d0945e15166b4b53805385f5e22f4cdb/servers/6c70d5ac-d50a-4fb5-b1ed-d017b78d57d6', 'x-compute-request-id': 'req-6316d7fb-3389-455a-8bea-9eef2fb9b0c8', 'vary': 'X-OpenStack-Nova-API-Version', 'connection': 'close', 'x-openstack-nova-api-version': '2.1', 'date': 'Wed, 27 Jan 2016 22:53:39 GMT', 'content-type': 'application/json'}
        Body: {"server": {"status": "BUILD", "updated": "2016-01-27T22:53:36Z", "hostId": "6bdfc01151561ef9efa1102aa90bc6b6649a56eac2055f9339d49c8f", "addresses": {}, "links": [{"href": "http://10.4.1.3:8774/v2.1/d0945e15166b4b53805385f5e22f4cdb/servers/6c70d5ac-d50a-4fb5-b1ed-d017b78d57d6", "rel": "self"}, {"href": "http://10.4.1.3:8774/d0945e15166b4b53805385f5e22f4cdb/servers/6c70d5ac-d50a-4fb5-b1ed-d017b78d57d6", "rel": "bookmark"}], "key_name": "tempest-TestNetworkBasicOps-1749931843", "image": {"id": "c14abedd-2ceb-4577-ad22-acd21d540c0b", "links": [{"href": "http://10.4.1.3:8774/d0945e15166b4b53805385f5e22f4cdb/images/c14abedd-2ceb-4577-ad22-acd21d540c0b", "rel": "bookmark"}]}, "OS-EXT-STS:task_state": "spawning", "OS-EXT-STS:vm_state": "building", "OS-SRV-USG:launched_at": null, "flavor": {"id": "42", "links": [{"href": "http://10.4.1.3:8774/d0945e15166b4b53805385f5e22f4cdb/flavors/42", "rel": "bookmark"}]}, "id": "6c70d5ac-d50a-4fb5-b1ed-d017b78d57d6", "security_groups": [{"name": "tempest-secgroup-smoke-526006280"}], "OS-SRV-USG:terminated_at": null, "OS-EXT-AZ:availability_zone": "nova", "user_id": "980bc81569c74c46b0f35429cbbeaa21", "name": "tempest-server-smoke-1262304870", "created": "2016-01-27T22:53:35Z", "tenant_id": "d0945e15166b4b53805385f5e22f4cdb", "OS-DCF:diskConfig": "MANUAL", "os-extended-volumes:volumes_attached": [], "accessIPv4": "", "accessIPv6": "", "progress": 0, "OS-EXT-STS:power_state": 0, "config_drive": "", "metadata": {}}}
2016-01-27 22:53:41,177 15683 INFO     [tempest_lib.common.rest_client] Request (TestNetworkBasicOps:test_connectivity_between_vms_on_different_networks): 200 GET http://10.4.1.3:8774/v2.1/d0945e15166b4b53805385f5e22f4cdb/servers/6c70d5ac-d50a-4fb5-b1ed-d017b78d57d6 0.779s
2016-01-27 22:53:41,177 15683 DEBUG    [tempest_lib.common.rest_client] Request - Headers: {'Content-Type': 'application/json', 'Accept': 'application/json', 'X-Auth-Token': '&lt;omitted&gt;'}
        Body: None
    Response - Headers: {'status': '200', 'content-length': '1638', 'content-location': 'http://10.4.1.3:8774/v2.1/d0945e15166b4b53805385f5e22f4cdb/servers/6c70d5ac-d50a-4fb5-b1ed-d017b78d57d6', 'x-compute-request-id': 'req-19907ef1-c019-4087-9386-ec55e080b9ba', 'vary': 'X-OpenStack-Nova-API-Version', 'connection': 'close', 'x-openstack-nova-api-version': '2.1', 'date': 'Wed, 27 Jan 2016 22:53:41 GMT', 'content-type': 'application/json'}
        Body: {"server": {"status": "ACTIVE", "updated": "2016-01-27T22:53:40Z", "hostId": "6bdfc01151561ef9efa1102aa90bc6b6649a56eac2055f9339d49c8f", "addresses": {"tempest-network-smoke--1702703298": [{"OS-EXT-IPS-MAC:mac_addr": "fa:16:3e:9c:15:2e", "version": 4, "addr": "10.100.0.3", "OS-EXT-IPS:type": "fixed"}]}, "links": [{"href": "http://10.4.1.3:8774/v2.1/d0945e15166b4b53805385f5e22f4cdb/servers/6c70d5ac-d50a-4fb5-b1ed-d017b78d57d6", "rel": "self"}, {"href": "http://10.4.1.3:8774/d0945e15166b4b53805385f5e22f4cdb/servers/6c70d5ac-d50a-4fb5-b1ed-d017b78d57d6", "rel": "bookmark"}], "key_name": "tempest-TestNetworkBasicOps-1749931843", "image": {"id": "c14abedd-2ceb-4577-ad22-acd21d540c0b", "links": [{"href": "http://10.4.1.3:8774/d0945e15166b4b53805385f5e22f4cdb/images/c14abedd-2ceb-4577-ad22-acd21d540c0b", "rel": "bookmark"}]}, "OS-EXT-STS:task_state": null, "OS-EXT-STS:vm_state": "active", "OS-SRV-USG:launched_at": "2016-01-27T22:53:40.000000", "flavor": {"id": "42", "links": [{"href": "http://10.4.1.3:8774/d0945e15166b4b53805385f5e22f4cdb/flavors/42", "rel": "bookmark"}]}, "id": "6c70d5ac-d50a-4fb5-b1ed-d017b78d57d6", "security_groups": [{"name": "tempest-secgroup-smoke-526006280"}], "OS-SRV-USG:terminated_at": null, "OS-EXT-AZ:availability_zone": "nova", "user_id": "980bc81569c74c46b0f35429cbbeaa21", "name": "tempest-server-smoke-1262304870", "created": "2016-01-27T22:53:35Z", "tenant_id": "d0945e15166b4b53805385f5e22f4cdb", "OS-DCF:diskConfig": "MANUAL", "os-extended-volumes:volumes_attached": [], "accessIPv4": "", "accessIPv6": "", "progress": 0, "OS-EXT-STS:power_state": 1, "config_drive": "True", "metadata": {}}}
2016-01-27 22:53:41,187 15683 INFO     [tempest.common.waiters] State transition "BUILD/spawning" ==&gt; "ACTIVE/None" after 5 second wait
2016-01-27 22:53:41,797 15683 INFO     [tempest_lib.common.rest_client] Request (TestNetworkBasicOps:test_connectivity_between_vms_on_different_networks): 200 GET http://10.4.1.3:8774/v2.1/d0945e15166b4b53805385f5e22f4cdb/servers/6c70d5ac-d50a-4fb5-b1ed-d017b78d57d6 0.610s
2016-01-27 22:53:41,797 15683 DEBUG    [tempest_lib.common.rest_client] Request - Headers: {'Content-Type': 'application/json', 'Accept': 'application/json', 'X-Auth-Token': '&lt;omitted&gt;'}
        Body: None
    Response - Headers: {'status': '200', 'content-length': '1638', 'content-location': 'http://10.4.1.3:8774/v2.1/d0945e15166b4b53805385f5e22f4cdb/servers/6c70d5ac-d50a-4fb5-b1ed-d017b78d57d6', 'x-compute-request-id': 'req-8a29d7e9-6822-46f3-889c-de17a81b1bf4', 'vary': 'X-OpenStack-Nova-API-Version', 'connection': 'close', 'x-openstack-nova-api-version': '2.1', 'date': 'Wed, 27 Jan 2016 22:53:41 GMT', 'content-type': 'application/json'}
        Body: {"server": {"status": "ACTIVE", "updated": "2016-01-27T22:53:40Z", "hostId": "6bdfc01151561ef9efa1102aa90bc6b6649a56eac2055f9339d49c8f", "addresses": {"tempest-network-smoke--1702703298": [{"OS-EXT-IPS-MAC:mac_addr": "fa:16:3e:9c:15:2e", "version": 4, "addr": "10.100.0.3", "OS-EXT-IPS:type": "fixed"}]}, "links": [{"href": "http://10.4.1.3:8774/v2.1/d0945e15166b4b53805385f5e22f4cdb/servers/6c70d5ac-d50a-4fb5-b1ed-d017b78d57d6", "rel": "self"}, {"href": "http://10.4.1.3:8774/d0945e15166b4b53805385f5e22f4cdb/servers/6c70d5ac-d50a-4fb5-b1ed-d017b78d57d6", "rel": "bookmark"}], "key_name": "tempest-TestNetworkBasicOps-1749931843", "image": {"id": "c14abedd-2ceb-4577-ad22-acd21d540c0b", "links": [{"href": "http://10.4.1.3:8774/d0945e15166b4b53805385f5e22f4cdb/images/c14abedd-2ceb-4577-ad22-acd21d540c0b", "rel": "bookmark"}]}, "OS-EXT-STS:task_state": null, "OS-EXT-STS:vm_state": "active", "OS-SRV-USG:launched_at": "2016-01-27T22:53:40.000000", "flavor": {"id": "42", "links": [{"href": "http://10.4.1.3:8774/d0945e15166b4b53805385f5e22f4cdb/flavors/42", "rel": "bookmark"}]}, "id": "6c70d5ac-d50a-4fb5-b1ed-d017b78d57d6", "security_groups": [{"name": "tempest-secgroup-smoke-526006280"}], "OS-SRV-USG:terminated_at": null, "OS-EXT-AZ:availability_zone": "nova", "user_id": "980bc81569c74c46b0f35429cbbeaa21", "name": "tempest-server-smoke-1262304870", "created": "2016-01-27T22:53:35Z", "tenant_id": "d0945e15166b4b53805385f5e22f4cdb", "OS-DCF:diskConfig": "MANUAL", "os-extended-volumes:volumes_attached": [], "accessIPv4": "", "accessIPv6": "", "progress": 0, "OS-EXT-STS:power_state": 1, "config_drive": "True", "metadata": {}}}
2016-01-27 22:53:41,806 15683 INFO     [tempest.scenario.manager] Tenant networks not configured to be reachable.
2016-01-27 22:53:41,965 15683 INFO     [tempest_lib.common.rest_client] Request (TestNetworkBasicOps:test_connectivity_between_vms_on_different_networks): 200 GET http://10.4.1.3:9696/v2.0/ports?status=ACTIVE&amp;fixed_ip=None&amp;device_id=6c70d5ac-d50a-4fb5-b1ed-d017b78d57d6 0.157s
2016-01-27 22:53:41,965 15683 DEBUG    [tempest_lib.common.rest_client] Request - Headers: {'Content-Type': 'application/json', 'Accept': 'application/json', 'X-Auth-Token': '&lt;omitted&gt;'}
        Body: None
    Response - Headers: {'status': '200', 'content-length': '895', 'content-location': 'http://10.4.1.3:9696/v2.0/ports?status=ACTIVE&amp;fixed_ip=None&amp;device_id=6c70d5ac-d50a-4fb5-b1ed-d017b78d57d6', 'connection': 'close', 'date': 'Wed, 27 Jan 2016 22:53:41 GMT', 'content-type': 'application/json; charset=UTF-8', 'x-openstack-request-id': 'req-63d528aa-bdb9-4e66-9fa2-3be20705cf8b'}
        Body: {"ports": [{"status": "ACTIVE", "binding:host_id": "vagrant-ubuntu-trusty-64", "allowed_address_pairs": [], "extra_dhcp_opts": [], "dns_assignment": [{"hostname": "host-10-100-0-3", "ip_address": "10.100.0.3", "fqdn": "host-10-100-0-3.openstacklocal."}], "device_owner": "compute:None", "port_security_enabled": true, "binding:profile": {}, "fixed_ips": [{"subnet_id": "6d53192a-8603-44f3-a978-a1dda4dfa8cc", "ip_address": "10.100.0.3"}], "id": "013182ea-4bf0-44bf-9cf4-9325977e3bc8", "security_groups": ["cc67788b-1c8d-4458-a3e4-a735419cc434"], "device_id": "6c70d5ac-d50a-4fb5-b1ed-d017b78d57d6", "name": "", "admin_state_up": true, "network_id": "bae0f50e-a7ca-470c-816b-38b2c3027688", "dns_name": "", "binding:vif_details": {"port_filter": true}, "binding:vnic_type": "normal", "binding:vif_type": "ovs", "tenant_id": "d0945e15166b4b53805385f5e22f4cdb", "mac_address": "fa:16:3e:9c:15:2e"}]}
2016-01-27 22:53:42,585 15683 INFO     [tempest_lib.common.rest_client] Request (TestNetworkBasicOps:test_connectivity_between_vms_on_different_networks): 201 POST http://10.4.1.3:9696/v2.0/floatingips 0.619s
2016-01-27 22:53:42,586 15683 DEBUG    [tempest_lib.common.rest_client] Request - Headers: {'Content-Type': 'application/json', 'Accept': 'application/json', 'X-Auth-Token': '&lt;omitted&gt;'}
        Body: {"floatingip": {"floating_network_id": "06246bf9-c18b-4718-84d8-f17945711880", "tenant_id": "d0945e15166b4b53805385f5e22f4cdb", "fixed_ip_address": "10.100.0.3", "port_id": "013182ea-4bf0-44bf-9cf4-9325977e3bc8"}}
    Response - Headers: {'status': '201', 'content-length': '369', 'connection': 'close', 'date': 'Wed, 27 Jan 2016 22:53:42 GMT', 'content-type': 'application/json; charset=UTF-8', 'x-openstack-request-id': 'req-d27502f9-fdf9-4526-aa82-5e7b79056633'}
        Body: {"floatingip": {"floating_network_id": "06246bf9-c18b-4718-84d8-f17945711880", "router_id": "7f88c7f2-f4bd-4696-985c-43e333f6d4a9", "fixed_ip_address": "10.100.0.3", "floating_ip_address": "172.24.4.4", "tenant_id": "d0945e15166b4b53805385f5e22f4cdb", "status": "ACTIVE", "port_id": "013182ea-4bf0-44bf-9cf4-9325977e3bc8", "id": "cbada9d7-e160-4170-a3ab-709aedd63572"}}
2016-01-27 22:53:42,861 15683 INFO     [tempest_lib.common.rest_client] Request (TestNetworkBasicOps:test_connectivity_between_vms_on_different_networks): 200 GET http://10.4.1.3:9696/v2.0/floatingips/cbada9d7-e160-4170-a3ab-709aedd63572 0.274s
2016-01-27 22:53:42,861 15683 DEBUG    [tempest_lib.common.rest_client] Request - Headers: {'Content-Type': 'application/json', 'Accept': 'application/json', 'X-Auth-Token': '&lt;omitted&gt;'}
        Body: None
    Response - Headers: {'status': '200', 'content-length': '369', 'content-location': 'http://10.4.1.3:9696/v2.0/floatingips/cbada9d7-e160-4170-a3ab-709aedd63572', 'connection': 'close', 'date': 'Wed, 27 Jan 2016 22:53:42 GMT', 'content-type': 'application/json; charset=UTF-8', 'x-openstack-request-id': 'req-66fc5848-184e-4aeb-8078-c24a8165d526'}
        Body: {"floatingip": {"floating_network_id": "06246bf9-c18b-4718-84d8-f17945711880", "router_id": "7f88c7f2-f4bd-4696-985c-43e333f6d4a9", "fixed_ip_address": "10.100.0.3", "floating_ip_address": "172.24.4.4", "tenant_id": "d0945e15166b4b53805385f5e22f4cdb", "status": "ACTIVE", "port_id": "013182ea-4bf0-44bf-9cf4-9325977e3bc8", "id": "cbada9d7-e160-4170-a3ab-709aedd63572"}}
2016-01-27 22:53:42,862 15683 INFO     [tempest.scenario.manager] FloatingIP: &lt;"FloatingIP" addr="172.24.4.4" id="cbada9d7-e160-4170-a3ab-709aedd63572"&gt; is at status: ACTIVE
2016-01-27 22:53:42,862 15683 DEBUG    [tempest.scenario.manager] checking network connections to IP 172.24.4.4 with user: cirros
2016-01-27 22:53:42,862 15683 DEBUG    [tempest.scenario.manager] TestNetworkBasicOps:test_connectivity_between_vms_on_different_networks begins to ping 172.24.4.4 in 120 sec and the expected result is reachable
2016-01-27 22:55:43,406 15683 DEBUG    [tempest.scenario.manager] TestNetworkBasicOps:test_connectivity_between_vms_on_different_networks finishes ping 172.24.4.4 in 120 sec and the ping result is unexpected
2016-01-27 22:55:43,407 15683 ERROR    [tempest.scenario.manager] Public network connectivity check failed
2016-01-27 22:55:43.407 15683 ERROR tempest.scenario.manager Traceback (most recent call last):
2016-01-27 22:55:43.407 15683 ERROR tempest.scenario.manager   File "tempest/scenario/manager.py", line 610, in check_public_network_connectivity
2016-01-27 22:55:43.407 15683 ERROR tempest.scenario.manager     should_connect=should_connect)
2016-01-27 22:55:43.407 15683 ERROR tempest.scenario.manager   File "tempest/scenario/manager.py", line 594, in check_vm_connectivity
2016-01-27 22:55:43.407 15683 ERROR tempest.scenario.manager     msg=msg)
2016-01-27 22:55:43.407 15683 ERROR tempest.scenario.manager   File "/usr/local/lib/python2.7/dist-packages/unittest2/case.py", line 702, in assertTrue
2016-01-27 22:55:43.407 15683 ERROR tempest.scenario.manager     raise self.failureException(msg)
2016-01-27 22:55:43.407 15683 ERROR tempest.scenario.manager AssertionError: False is not true : Timed out waiting for 172.24.4.4 to become reachable
2016-01-27 22:55:43.407 15683 ERROR tempest.scenario.manager 
2016-01-27 22:55:43,785 15683 INFO     [tempest_lib.common.rest_client] Request (TestNetworkBasicOps:test_connectivity_between_vms_on_different_networks): 200 POST http://10.4.1.3:8774/v2.1/d0945e15166b4b53805385f5e22f4cdb/servers/6c70d5ac-d50a-4fb5-b1ed-d017b78d57d6/action 0.373s
2016-01-27 22:55:43,786 15683 DEBUG    [tempest_lib.common.rest_client] Request - Headers: {'Content-Type': 'application/json', 'Accept': 'application/json', 'X-Auth-Token': '&lt;omitted&gt;'}
        Body: {"os-getConsoleOutput": {}}
    Response - Headers: {'status': '200', 'content-length': '17428', 'x-compute-request-id': 'req-526f8a52-6118-4e4e-903a-f7d3b98c32a5', 'vary': 'X-OpenStack-Nova-API-Version', 'connection': 'close', 'x-openstack-nova-api-version': '2.1', 'date': 'Wed, 27 Jan 2016 22:55:43 GMT', 'content-type': 'application/json'}
        Body: {"output": "[    0.000000] Initializing cgroup subsys cpuset\n[    0.000000] Initializing cgroup subsys cpu\n[    0.000000] Linux version 3.2.0-80-virtual (buildd@batsu) (gcc version 4.6.3 (Ubuntu/Linaro 4.6.3-1ubuntu5) ) #116-Ubuntu SMP Mon Mar 23 17:28:52 UTC 2015 (Ubuntu 3.2.0-80.116-virtual 3.2.68)\n[    0.000000] Command line: root=/dev/vda console=tty0 console=ttyS0 no_timer_check\n[    0.000000] KERNEL supported cpus:\n[    0.000000]   Intel GenuineIntel\n[    0.000000]   AMD AuthenticAMD\n[    0.000000]   Centaur CentaurHauls\n[    0.000000] BIOS-provided physical RAM map:\n[    0.000000]  BIOS-e820: 0000000000000000 - 000000000009fc00 (usable)\n[    0.000000]  BIOS-e820: 000000000009fc00 - 00000000000a0000 (reserved)\n[    0.000000]  BIOS-e820: 00000000000f0000 - 0000000000100000 (reserved)\n[    0.000000]  BIOS-e820: 0000000000100000 - 0000000003ffe000 (usable)\n[    0.000000]  BIOS-e820: 0000000003ffe000 - 0000000004000000 (reserved)\n[    0.000000]  BIOS-e820: 00000000fffc0000 - 0000000100000000 (reserved)\n[    0.000000] NX (Execute Disable) protection: active\n[    0.000000] SMBIOS 2.4 present.\n[    0.000000] No AGP bridge found\n[    0.000000] last_pfn = 0x3ffe max_arch_pfn = 0x400000000\n[    0.000000] x86 PAT enabled: cpu 0, old 0x7040600070406, new 0x7010600070106\n[    0.000000] found SMP MP-table at [ffff8800000f0b00] f0b00\n[    0.000000] init_memory_mapping: 0000000000000000-0000000003ffe000\n[    0.000000] RAMDISK: 03c5e000 - 03ff0000\n[    0.000000] ACPI: RSDP 00000000000f0950 00014 (v00 BOCHS )\n[    0.000000] ACPI: RSDT 0000000003fffbc1 00034 (v01 BOCHS  BXPCRSDT 00000001 BXPC 00000001)\n[    0.000000] ACPI: FACP 0000000003fff1c0 00074 (v01 BOCHS  BXPCFACP 00000001 BXPC 00000001)\n[    0.000000] ACPI: DSDT 0000000003ffe040 01180 (v01 BOCHS  BXPCDSDT 00000001 BXPC 00000001)\n[    0.000000] ACPI: FACS 0000000003ffe000 00040\n[    0.000000] ACPI: SSDT 0000000003fff234 008DD (v01 BOCHS  BXPCSSDT 00000001 BXPC 00000001)\n[    0.000000] ACPI: APIC 0000000003fffb11 00078 (v01 BOCHS  BXPCAPIC 00000001 BXPC 00000001)\n[    0.000000] ACPI: HPET 0000000003fffb89 00038 (v01 BOCHS  BXPCHPET 00000001 BXPC 00000001)\n[    0.000000] No NUMA configuration found\n[    0.000000] Faking a node at 0000000000000000-0000000003ffe000\n[    0.000000] Initmem setup node 0 0000000000000000-0000000003ffe000\n[    0.000000]   NODE_DATA [0000000003ff6000 - 0000000003ffafff]\n[    0.000000] Zone PFN ranges:\n[    0.000000]   DMA      0x00000010 -&gt; 0x00001000\n[    0.000000]   DMA32    0x00001000 -&gt; 0x00100000\n[    0.000000]   Normal   empty\n[    0.000000] Movable zone start PFN for each node\n[    0.000000] early_node_map[2] active PFN ranges\n[    0.000000]     0: 0x00000010 -&gt; 0x0000009f\n[    0.000000]     0: 0x00000100 -&gt; 0x00003ffe\n[    0.000000] ACPI: PM-Timer IO Port: 0xb008\n[    0.000000] ACPI: LAPIC (acpi_id[0x00] lapic_id[0x00] enabled)\n[    0.000000] ACPI: LAPIC_NMI (acpi_id[0xff] dfl dfl lint[0x1])\n[    0.000000] ACPI: IOAPIC (id[0x00] address[0xfec00000] gsi_base[0])\n[    0.000000] IOAPIC[0]: apic_id 0, version 17, address 0xfec00000, GSI 0-23\n[    0.000000] ACPI: INT_SRC_OVR (bus 0 bus_irq 0 global_irq 2 dfl dfl)\n[    0.000000] ACPI: INT_SRC_OVR (bus 0 bus_irq 5 global_irq 5 high level)\n[    0.000000] ACPI: INT_SRC_OVR (bus 0 bus_irq 9 global_irq 9 high level)\n[    0.000000] ACPI: INT_SRC_OVR (bus 0 bus_irq 10 global_irq 10 high level)\n[    0.000000] ACPI: INT_SRC_OVR (bus 0 bus_irq 11 global_irq 11 high level)\n[    0.000000] Using ACPI (MADT) for SMP configuration information\n[    0.000000] ACPI: HPET id: 0x8086a201 base: 0xfed00000\n[    0.000000] SMP: Allowing 1 CPUs, 0 hotplug CPUs\n[    0.000000] PM: Registered nosave memory: 000000000009f000 - 00000000000a0000\n[    0.000000] PM: Registered nosave memory: 00000000000a0000 - 00000000000f0000\n[    0.000000] PM: Registered nosave memory: 00000000000f0000 - 0000000000100000\n[    0.000000] Allocating PCI resources starting at 4000000 (gap: 4000000:fbfc0000)\n[    0.000000] Booting paravirtualized kernel on bare hardware\n[    0.000000] setup_pe
2016-01-27 22:55:43,790 15683 DEBUG    [tempest.scenario.manager] Console output for 6c70d5ac-d50a-4fb5-b1ed-d017b78d57d6
body=
[    0.000000] Initializing cgroup subsys cpuset
[    0.000000] Initializing cgroup subsys cpu
[    0.000000] Linux version 3.2.0-80-virtual (buildd@batsu) (gcc version 4.6.3 (Ubuntu/Linaro 4.6.3-1ubuntu5) ) #116-Ubuntu SMP Mon Mar 23 17:28:52 UTC 2015 (Ubuntu 3.2.0-80.116-virtual 3.2.68)
[    0.000000] Command line: root=/dev/vda console=tty0 console=ttyS0 no_timer_check
[    0.000000] KERNEL supported cpus:
[    0.000000]   Intel GenuineIntel
[    0.000000]   AMD AuthenticAMD
[    0.000000]   Centaur CentaurHauls
[    0.000000] BIOS-provided physical RAM map:
[    0.000000]  BIOS-e820: 0000000000000000 - 000000000009fc00 (usable)
[    0.000000]  BIOS-e820: 000000000009fc00 - 00000000000a0000 (reserved)
[    0.000000]  BIOS-e820: 00000000000f0000 - 0000000000100000 (reserved)
[    0.000000]  BIOS-e820: 0000000000100000 - 0000000003ffe000 (usable)
[    0.000000]  BIOS-e820: 0000000003ffe000 - 0000000004000000 (reserved)
[    0.000000]  BIOS-e820: 00000000fffc0000 - 0000000100000000 (reserved)
[    0.000000] NX (Execute Disable) protection: active
[    0.000000] SMBIOS 2.4 present.
[    0.000000] No AGP bridge found
[    0.000000] last_pfn = 0x3ffe max_arch_pfn = 0x400000000
[    0.000000] x86 PAT enabled: cpu 0, old 0x7040600070406, new 0x7010600070106
[    0.000000] found SMP MP-table at [ffff8800000f0b00] f0b00
[    0.000000] init_memory_mapping: 0000000000000000-0000000003ffe000
[    0.000000] RAMDISK: 03c5e000 - 03ff0000
[    0.000000] ACPI: RSDP 00000000000f0950 00014 (v00 BOCHS )
[    0.000000] ACPI: RSDT 0000000003fffbc1 00034 (v01 BOCHS  BXPCRSDT 00000001 BXPC 00000001)
[    0.000000] ACPI: FACP 0000000003fff1c0 00074 (v01 BOCHS  BXPCFACP 00000001 BXPC 00000001)
[    0.000000] ACPI: DSDT 0000000003ffe040 01180 (v01 BOCHS  BXPCDSDT 00000001 BXPC 00000001)
[    0.000000] ACPI: FACS 0000000003ffe000 00040
[    0.000000] ACPI: SSDT 0000000003fff234 008DD (v01 BOCHS  BXPCSSDT 00000001 BXPC 00000001)
[    0.000000] ACPI: APIC 0000000003fffb11 00078 (v01 BOCHS  BXPCAPIC 00000001 BXPC 00000001)
[    0.000000] ACPI: HPET 0000000003fffb89 00038 (v01 BOCHS  BXPCHPET 00000001 BXPC 00000001)
[    0.000000] No NUMA configuration found
[    0.000000] Faking a node at 0000000000000000-0000000003ffe000
[    0.000000] Initmem setup node 0 0000000000000000-0000000003ffe000
[    0.000000]   NODE_DATA [0000000003ff6000 - 0000000003ffafff]
[    0.000000] Zone PFN ranges:
[    0.000000]   DMA      0x00000010 -&gt; 0x00001000
[    0.000000]   DMA32    0x00001000 -&gt; 0x00100000
[    0.000000]   Normal   empty
[    0.000000] Movable zone start PFN for each node
[    0.000000] early_node_map[2] active PFN ranges
[    0.000000]     0: 0x00000010 -&gt; 0x0000009f
[    0.000000]     0: 0x00000100 -&gt; 0x00003ffe
[    0.000000] ACPI: PM-Timer IO Port: 0xb008
[    0.000000] ACPI: LAPIC (acpi_id[0x00] lapic_id[0x00] enabled)
[    0.000000] ACPI: LAPIC_NMI (acpi_id[0xff] dfl dfl lint[0x1])
[    0.000000] ACPI: IOAPIC (id[0x00] address[0xfec00000] gsi_base[0])
[    0.000000] IOAPIC[0]: apic_id 0, version 17, address 0xfec00000, GSI 0-23
[    0.000000] ACPI: INT_SRC_OVR (bus 0 bus_irq 0 global_irq 2 dfl dfl)
[    0.000000] ACPI: INT_SRC_OVR (bus 0 bus_irq 5 global_irq 5 high level)
[    0.000000] ACPI: INT_SRC_OVR (bus 0 bus_irq 9 global_irq 9 high level)
[    0.000000] ACPI: INT_SRC_OVR (bus 0 bus_irq 10 global_irq 10 high level)
[    0.000000] ACPI: INT_SRC_OVR (bus 0 bus_irq 11 global_irq 11 high level)
[    0.000000] Using ACPI (MADT) for SMP configuration information
[    0.000000] ACPI: HPET id: 0x8086a201 base: 0xfed00000
[    0.000000] SMP: Allowing 1 CPUs, 0 hotplug CPUs
[    0.000000] PM: Registered nosave memory: 000000000009f000 - 00000000000a0000
[    0.000000] PM: Registered nosave memory: 00000000000a0000 - 00000000000f0000
[    0.000000] PM: Registered nosave memory: 00000000000f0000 - 0000000000100000
[    0.000000] Allocating PCI resources starting at 4000000 (gap: 4000000:fbfc0000)
[    0.000000] Booting paravirtualized kernel on bare hardware
[    0.000000] setup_percpu: NR_CPUS:64 nr_cpumask_bits:64 nr_cpu_ids:1 nr_node_ids:1
[    0.000000] PERCPU: Embedded 27 pages/cpu @ffff880003a00000 s78848 r8192 d23552 u2097152
[    0.000000] Built 1 zonelists in Node order, mobility grouping on.  Total pages: 16008
[    0.000000] Policy zone: DMA32
[    0.000000] Kernel command line: root=/dev/vda console=tty0 console=ttyS0 no_timer_check
[    0.000000] PID hash table entries: 256 (order: -1, 2048 bytes)
[    0.000000] Checking aperture...
[    0.000000] No AGP bridge found
[    0.000000] Memory: 43492k/65528k available (6576k kernel code, 452k absent, 21584k reserved, 6620k data, 928k init)
[    0.000000] SLUB: Genslabs=15, HWalign=64, Order=0-3, MinObjects=0, CPUs=1, Nodes=1
[    0.000000] Hierarchical RCU implementation.
[    0.000000] 	RCU dyntick-idle grace-period acceleration is enabled.
[    0.000000] NR_IRQS:4352 nr_irqs:256 16
[    0.000000] Console: colour VGA+ 80x25
[    0.000000] console [tty0] enabled
[    0.000000] console [ttyS0] enabled
[    0.000000] allocated 1048576 bytes of page_cgroup
[    0.000000] please try 'cgroup_disable=memory' option if you don't want memory cgroups
[    0.000000] Fast TSC calibration failed
[    0.000000] TSC: Unable to calibrate against PIT
[    0.000000] TSC: using HPET reference calibration
[    0.000000] Detected 2291.251 MHz processor.
[    0.032812] Calibrating delay loop (skipped), value calculated using timer frequency.. 4582.50 BogoMIPS (lpj=9165004)
[    0.036957] pid_max: default: 32768 minimum: 301
[    0.045813] Security Framework initialized
[    0.054360] AppArmor: AppArmor initialized
[    0.054897] Yama: becoming mindful.
[    0.062312] Dentry cache hash table entries: 8192 (order: 4, 65536 bytes)
[    0.064825] Inode-cache hash table entries: 4096 (order: 3, 32768 bytes)
[    0.066468] Mount-cache hash table entries: 256
[    0.083243] Initializing cgroup subsys cpuacct
[    0.084234] Initializing cgroup subsys memory
[    0.085241] Initializing cgroup subsys devices
[    0.086039] Initializing cgroup subsys freezer
[    0.086612] Initializing cgroup subsys blkio
[    0.088184] Initializing cgroup subsys perf_event
[    0.092631] mce: CPU supports 10 MCE banks
[    0.098211] SMP alternatives: switching to UP code
[    0.484136] Freeing SMP alternatives: 24k freed
[    0.485969] ACPI: Core revision 20110623
[    0.534155] ftrace: allocating 26610 entries in 105 pages
[    0.562093] ..TIMER: vector=0x30 apic1=0 pin1=2 apic2=-1 pin2=-1
[    0.563440] CPU0: AMD QEMU Virtual CPU version 2.0.0 stepping 03
[    0.568034] Performance Events: Broken PMU hardware detected, using software events only.
[    0.577308] NMI watchdog disabled (cpu0): hardware events not enabled
[    0.578853] Brought up 1 CPUs
[    0.580355] Total of 1 processors activated (4582.50 BogoMIPS).
[    0.611002] devtmpfs: initialized
[    0.647522] EVM: security.selinux
[    0.648032] EVM: security.SMACK64
[    0.648081] EVM: security.capability
[    0.669357] print_constraints: dummy: 
[    0.671641] RTC time: 22:53:43, date: 01/27/16
[    0.673792] NET: Registered protocol family 16
[    0.682702] ACPI: bus type pci registered
[    0.686522] PCI: Using configuration type 1 for base access
[    0.718879] bio: create slab &lt;bio-0&gt; at 0
[    0.724355] ACPI: Added _OSI(Module Device)
[    0.725220] ACPI: Added _OSI(Processor Device)
[    0.725836] ACPI: Added _OSI(3.0 _SCP Extensions)
[    0.726532] ACPI: Added _OSI(Processor Aggregator Device)
[    0.803119] ACPI: Interpreter enabled
[    0.804176] ACPI: (supports S0 S3 S4 S5)
[    0.805906] ACPI: Using IOAPIC for interrupt routing
[    0.881528] ACPI: No dock devices found.
[    0.882164] HEST: Table not found.
[    0.882550] PCI: Using host bridge windows from ACPI; if necessary, use "pci=nocrs" and report a bug
[    0.888977] ACPI: PCI Root Bridge [PCI0] (domain 0000 [bus 00-ff])
[    0.893579] pci_root PNP0A03:00: host bridge window [io  0x0000-0x0cf7]
[    0.894862] pci_root PNP0A03:00: host bridge window [io  0x0d00-0xadff]
[    0.896109] pci_root PNP0A03:00: host bridge window [io  0xae0f-0xaeff]
[    0.896914] pci_root PNP0A03:00: host bridge window [io  0xaf20-0xafdf]
[    0.897681] pci_root PNP0A03:00: host bridge window [io  0xafe4-0xffff]
[    0.898671] pci_root PNP0A03:00: host bridge window [mem 0x000a0000-0x000bffff]
[    0.900107] pci_root PNP0A03:00: host bridge window [mem 0x04000000-0xfebfffff]
[    0.923177] pci 0000:00:01.3: quirk: [io  0xb000-0xb03f] claimed by PIIX4 ACPI
[    0.924176] pci 0000:00:01.3: quirk: [io  0xb100-0xb10f] claimed by PIIX4 SMB
[    0.988159]  pci0000:00: Unable to request _OSC control (_OSC support mask: 0x1e)
[    1.044548] ACPI: PCI Interrupt Link [LNKA] (IRQs 5 *10 11)
[    1.046529] ACPI: PCI Interrupt Link [LNKB] (IRQs 5 *10 11)
[    1.048919] ACPI: PCI Interrupt Link [LNKC] (IRQs 5 10 *11)
[    1.050479] ACPI: PCI Interrupt Link [LNKD] (IRQs 5 10 *11)
[    1.052433] ACPI: PCI Interrupt Link [LNKS] (IRQs *9)
[    1.058243] vgaarb: device added: PCI:0000:00:02.0,decodes=io+mem,owns=io+mem,locks=none
[    1.059326] vgaarb: loaded
[    1.060163] vgaarb: bridge control possible 0000:00:02.0
[    1.062974] i2c-core: driver [aat2870] using legacy suspend method
[    1.064139] i2c-core: driver [aat2870] using legacy resume method
[    1.066600] SCSI subsystem initialized
[    1.070090] usbcore: registered new interface driver usbfs
[    1.071945] usbcore: registered new interface driver hub
[    1.072673] usbcore: registered new device driver usb
[    1.077666] PCI: Using ACPI for IRQ routing
[    1.088667] NetLabel: Initializing
[    1.089104] NetLabel:  domain hash size = 128
[    1.089606] NetLabel:  protocols = UNLABELED CIPSOv4
[    1.092347] NetLabel:  unlabeled traffic allowed by default
[    1.094477] HPET: 3 timers in total, 0 timers will be used for per-cpu timer
[    1.096293] hpet0: at MMIO 0xfed00000, IRQs 2, 8, 0
[    1.097114] hpet0: 3 comparators, 64-bit 100.000000 MHz counter
[    1.110507] Switching to clocksource hpet
[    1.385635] AppArmor: AppArmor Filesystem Enabled
[    1.387302] pnp: PnP ACPI init
[    1.388057] ACPI: bus type pnp registered
[    1.409371] pnp: PnP ACPI: found 9 devices
[    1.409966] ACPI: ACPI bus type pnp unregistered
[    1.483753] NET: Registered protocol family 2
[    1.521757] IP route cache hash table entries: 512 (order: 0, 4096 bytes)
[    1.530263] TCP established hash table entries: 2048 (order: 3, 32768 bytes)
[    1.531010] TCP bind hash table entries: 2048 (order: 3, 32768 bytes)
[    1.533914] TCP: Hash tables configured (established 2048 bind 2048)
[    1.534812] TCP reno registered
[    1.535391] UDP hash table entries: 128 (order: 0, 4096 bytes)
[    1.537287] UDP-Lite hash table entries: 128 (order: 0, 4096 bytes)
[    1.539341] NET: Registered protocol family 1
[    1.541435] pci 0000:00:00.0: Limiting direct PCI/PCI transfers
[    1.542361] pci 0000:00:01.0: PIIX3: Enabling Passive Release
[    1.543346] pci 0000:00:01.0: Activating ISA DMA hang workarounds
[    1.549924] ACPI: PCI Interrupt Link [LNKD] enabled at IRQ 11
[    1.550954] pci 0000:00:01.2: PCI INT D -&gt; Link[LNKD] -&gt; GSI 11 (level, high) -&gt; IRQ 11
[    1.554241] pci 0000:00:01.2: PCI INT D disabled
[    1.574568] Trying to unpack rootfs image as initramfs...
[    1.595099] audit: initializing netlink socket (disabled)
[    1.597795] type=2000 audit(1453935223.596:1): initialized
[    1.881773] HugeTLB registered 2 MB page size, pre-allocated 0 pages
[    1.963252] VFS: Disk quotas dquot_6.5.2
[    1.965375] Dquot-cache hash table entries: 512 (order 0, 4096 bytes)
[    1.983444] fuse init (API version 7.17)
[    1.986928] msgmni has been set to 84
[    2.024051] Block layer SCSI generic (bsg) driver version 0.4 loaded (major 253)
[    2.033673] io scheduler noop registered
[    2.034229] io scheduler deadline registered (default)
[    2.035381] io scheduler cfq registered
[    2.039635] pci_hotplug: PCI Hot Plug PCI Core version: 0.5
[    2.042924] pciehp: PCI Express Hot Plug Controller Driver version: 0.4
[    2.049838] input: Power Button as /devices/LNXSYSTM:00/LNXPWRBN:00/input/input0
[    2.051355] ACPI: Power Button [PWRF]
[    2.107120] ERST: Table is not found!
[    2.107700] GHES: HEST is not enabled!
[    2.109653] ACPI: PCI Interrupt Link [LNKC] enabled at IRQ 10
[    2.112748] virtio-pci 0000:00:03.0: PCI INT A -&gt; Link[LNKC] -&gt; GSI 10 (level, high) -&gt; IRQ 10
[    2.116144] virtio-pci 0000:00:04.0: PCI INT A -&gt; Link[LNKD] -&gt; GSI 11 (level, high) -&gt; IRQ 11
[    2.143107] ACPI: PCI Interrupt Link [LNKA] enabled at IRQ 10
[    2.143879] virtio-pci 0000:00:05.0: PCI INT A -&gt; Link[LNKA] -&gt; GSI 10 (level, high) -&gt; IRQ 10
[    2.160787] Serial: 8250/16550 driver, 32 ports, IRQ sharing enabled
[    2.210678] serial8250: ttyS0 at I/O 0x3f8 (irq = 4) is a 16550A
[    2.302360] serial8250: ttyS1 at I/O 0x2f8 (irq = 3) is a 16550A
[    2.441342] 00:05: ttyS0 at I/O 0x3f8 (irq = 4) is a 16550A
[    2.529326] 00:06: ttyS1 at I/O 0x2f8 (irq = 3) is a 16550A
[    2.558171] Refined TSC clocksource calibration: 2291.583 MHz.
[    2.558982] Switching to clocksource tsc
[    2.578605] Linux agpgart interface v0.103
[    2.643341] brd: module loaded
[    2.666968] loop: module loaded
[    2.721629]  vda: unknown partition table
[    2.773342] scsi0 : ata_piix
[    2.775601] scsi1 : ata_piix
[    2.777630] ata1: PATA max MWDMA2 cmd 0x1f0 ctl 0x3f6 bmdma 0xc0a0 irq 14
[    2.778458] ata2: PATA max MWDMA2 cmd 0x170 ctl 0x376 bmdma 0xc0a8 irq 15
[    2.787828] Fixed MDIO Bus: probed
[    2.789332] tun: Universal TUN/TAP device driver, 1.6
[    2.789922] tun: (C) 1999-2004 Max Krasnyansky &lt;maxk@qualcomm.com&gt;
[    2.801436] PPP generic driver version 2.4.2
[    2.821378] ehci_hcd: USB 2.0 'Enhanced' Host Controller (EHCI) Driver
[    2.822128] ohci_hcd: USB 1.1 'Open' Host Controller (OHCI) Driver
[    2.823083] uhci_hcd: USB Universal Host Controller Interface driver
[    2.824040] uhci_hcd 0000:00:01.2: PCI INT D -&gt; Link[LNKD] -&gt; GSI 11 (level, high) -&gt; IRQ 11
[    2.827604] uhci_hcd 0000:00:01.2: UHCI Host Controller
[    2.838056] uhci_hcd 0000:00:01.2: new USB bus registered, assigned bus number 1
[    2.839819] uhci_hcd 0000:00:01.2: irq 11, io base 0x0000c040
[    2.874317] hub 1-0:1.0: USB hub found
[    2.875889] hub 1-0:1.0: 2 ports detected
[    2.881753] usbcore: registered new interface driver libusual
[    2.883560] i8042: PNP: PS/2 Controller [PNP0303:KBD,PNP0f13:MOU] at 0x60,0x64 irq 1,12
[    2.891602] serio: i8042 KBD port at 0x60,0x64 irq 1
[    2.894028] serio: i8042 AUX port at 0x60,0x64 irq 12
[    2.919395] mousedev: PS/2 mouse device common for all mice
[    2.937829] input: AT Translated Set 2 keyboard as /devices/platform/i8042/serio0/input/input1
[    2.941695] rtc_cmos 00:01: RTC can wake from S4
[    2.953208] rtc_cmos 00:01: rtc core: registered rtc_cmos as rtc0
[    2.959274] rtc0: alarms up to one day, 114 bytes nvram, hpet irqs
[    2.964394] device-mapper: uevent: version 1.0.3
[    2.988082] ata2.01: ATAPI: QEMU DVD-ROM, 2.0.0, max UDMA/100
[    3.007224] ata2.01: configured for MWDMA2
[    3.030850] device-mapper: ioctl: 4.22.0-ioctl (2011-10-19) initialised: dm-devel@redhat.com
[    3.035220] cpuidle: using governor ladder
[    3.036204] cpuidle: using governor menu
[    3.037194] EFI Variables Facility v0.08 2004-May-17
[    3.048081] TCP cubic registered
[    3.057093] NET: Registered protocol family 10
[    3.102520] NET: Registered protocol family 17
[    3.104189] Registering the dns_resolver key type
[    3.127881] scsi 1:0:1:0: CD-ROM            QEMU     QEMU DVD-ROM     2.0. PQ: 0 ANSI: 5
[    3.155013] sr0: scsi3-mmc drive: 4x/4x cd/rw xa/form2 tray
[    3.156878] cdrom: Uniform CD-ROM driver Revision: 3.20
[    3.184473] sr 1:0:1:0: Attached scsi generic sg0 type 5
[    3.256791] registered taskstats version 1
[    3.311545] Freeing initrd memory: 3656k freed
[    3.825335]   Magic number: 0:672:907
[    3.843382] rtc_cmos 00:01: setting system clock to 2016-01-27 22:53:47 UTC (1453935227)
[    3.847098] powernow-k8: Processor cpuid 663 not supported
[    3.853954] BIOS EDD facility v0.16 2004-Jun-25, 0 devices found
[    3.855515] EDD information not available.
[    3.941243] Freeing unused kernel memory: 928k freed
[    3.946419] Write protecting the kernel read-only data: 12288k
[    4.070959] Freeing unused kernel memory: 1596k freed
[    4.155969] Freeing unused kernel memory: 1184k freed

info: initramfs: up at 4.33
modprobe: module virtio_blk not found in modules.dep
modprobe: module virtio_net not found in modules.dep
info: copying initramfs to /dev/vda
info: initramfs loading root from /dev/vda
info: /etc/init.d/rc.sysinit: up at 8.92
info: container: none
Starting logging: OK
modprobe: module virtio_blk not found in modules.dep
modprobe: module virtio_net not found in modules.dep
WARN: /etc/rc3.d/S10-load-modules failed
Initializing random number generator... done.
Starting acpid: OK
cirros-ds 'local' up at 11.42
found datasource (configdrive, local)
Starting network...
udhcpc (v1.20.1) started
Sending discover...
Sending discover...

2016-01-27 22:55:44,168 15683 INFO     [tempest_lib.common.rest_client] Request (TestNetworkBasicOps:_run_cleanups): 204 DELETE http://10.4.1.3:9696/v2.0/floatingips/cbada9d7-e160-4170-a3ab-709aedd63572 0.372s
2016-01-27 22:55:44,168 15683 DEBUG    [tempest_lib.common.rest_client] Request - Headers: {'Content-Type': 'application/json', 'Accept': 'application/json', 'X-Auth-Token': '&lt;omitted&gt;'}
        Body: None
    Response - Headers: {'date': 'Wed, 27 Jan 2016 22:55:44 GMT', 'status': '204', 'connection': 'close', 'content-length': '0', 'x-openstack-request-id': 'req-9a3ed435-8620-4161-8bfc-91cc8c989bd7'}
        Body: 
2016-01-27 22:55:44,560 15683 INFO     [tempest_lib.common.rest_client] Request (TestNetworkBasicOps:_run_cleanups): 204 DELETE http://10.4.1.3:8774/v2.1/d0945e15166b4b53805385f5e22f4cdb/servers/6c70d5ac-d50a-4fb5-b1ed-d017b78d57d6 0.391s
2016-01-27 22:55:44,561 15683 DEBUG    [tempest_lib.common.rest_client] Request - Headers: {'Content-Type': 'application/json', 'Accept': 'application/json', 'X-Auth-Token': '&lt;omitted&gt;'}
        Body: None
    Response - Headers: {'status': '204', 'content-length': '0', 'x-compute-request-id': 'req-aa300ed3-0f2a-4d01-8a8c-7d5f8c6efea6', 'vary': 'X-OpenStack-Nova-API-Version', 'connection': 'close', 'x-openstack-nova-api-version': '2.1', 'date': 'Wed, 27 Jan 2016 22:55:44 GMT', 'content-type': 'application/json'}
        Body: 
2016-01-27 22:55:45,143 15683 INFO     [tempest_lib.common.rest_client] Request (TestNetworkBasicOps:_run_cleanups): 200 GET http://10.4.1.3:8774/v2.1/d0945e15166b4b53805385f5e22f4cdb/servers/6c70d5ac-d50a-4fb5-b1ed-d017b78d57d6 0.581s
2016-01-27 22:55:45,144 15683 DEBUG    [tempest_lib.common.rest_client] Request - Headers: {'Content-Type': 'application/json', 'Accept': 'application/json', 'X-Auth-Token': '&lt;omitted&gt;'}
        Body: None
    Response - Headers: {'status': '200', 'content-length': '1761', 'content-location': 'http://10.4.1.3:8774/v2.1/d0945e15166b4b53805385f5e22f4cdb/servers/6c70d5ac-d50a-4fb5-b1ed-d017b78d57d6', 'x-compute-request-id': 'req-65df2339-573e-4cc8-b9e1-93b3a816225a', 'vary': 'X-OpenStack-Nova-API-Version', 'connection': 'close', 'x-openstack-nova-api-version': '2.1', 'date': 'Wed, 27 Jan 2016 22:55:45 GMT', 'content-type': 'application/json'}
        Body: {"server": {"status": "ACTIVE", "updated": "2016-01-27T22:55:44Z", "hostId": "6bdfc01151561ef9efa1102aa90bc6b6649a56eac2055f9339d49c8f", "addresses": {"tempest-network-smoke--1702703298": [{"OS-EXT-IPS-MAC:mac_addr": "fa:16:3e:9c:15:2e", "version": 4, "addr": "10.100.0.3", "OS-EXT-IPS:type": "fixed"}, {"OS-EXT-IPS-MAC:mac_addr": "fa:16:3e:9c:15:2e", "version": 4, "addr": "172.24.4.4", "OS-EXT-IPS:type": "floating"}]}, "links": [{"href": "http://10.4.1.3:8774/v2.1/d0945e15166b4b53805385f5e22f4cdb/servers/6c70d5ac-d50a-4fb5-b1ed-d017b78d57d6", "rel": "self"}, {"href": "http://10.4.1.3:8774/d0945e15166b4b53805385f5e22f4cdb/servers/6c70d5ac-d50a-4fb5-b1ed-d017b78d57d6", "rel": "bookmark"}], "key_name": "tempest-TestNetworkBasicOps-1749931843", "image": {"id": "c14abedd-2ceb-4577-ad22-acd21d540c0b", "links": [{"href": "http://10.4.1.3:8774/d0945e15166b4b53805385f5e22f4cdb/images/c14abedd-2ceb-4577-ad22-acd21d540c0b", "rel": "bookmark"}]}, "OS-EXT-STS:task_state": "deleting", "OS-EXT-STS:vm_state": "active", "OS-SRV-USG:launched_at": "2016-01-27T22:53:40.000000", "flavor": {"id": "42", "links": [{"href": "http://10.4.1.3:8774/d0945e15166b4b53805385f5e22f4cdb/flavors/42", "rel": "bookmark"}]}, "id": "6c70d5ac-d50a-4fb5-b1ed-d017b78d57d6", "security_groups": [{"name": "tempest-secgroup-smoke-526006280"}], "OS-SRV-USG:terminated_at": null, "OS-EXT-AZ:availability_zone": "nova", "user_id": "980bc81569c74c46b0f35429cbbeaa21", "name": "tempest-server-smoke-1262304870", "created": "2016-01-27T22:53:35Z", "tenant_id": "d0945e15166b4b53805385f5e22f4cdb", "OS-DCF:diskConfig": "MANUAL", "os-extended-volumes:volumes_attached": [], "accessIPv4": "", "accessIPv6": "", "progress": 0, "OS-EXT-STS:power_state": 1, "config_drive": "True", "metadata": {}}}
2016-01-27 22:55:46,367 15683 INFO     [tempest_lib.common.rest_client] Request (TestNetworkBasicOps:_run_cleanups): 404 GET http://10.4.1.3:8774/v2.1/d0945e15166b4b53805385f5e22f4cdb/servers/6c70d5ac-d50a-4fb5-b1ed-d017b78d57d6 0.212s
2016-01-27 22:55:46,367 15683 DEBUG    [tempest_lib.common.rest_client] Request - Headers: {'Content-Type': 'application/json', 'Accept': 'application/json', 'X-Auth-Token': '&lt;omitted&gt;'}
        Body: None
    Response - Headers: {'status': '404', 'content-length': '111', 'x-compute-request-id': 'req-350c79ae-4415-49a1-8a6b-e7346731cd10', 'vary': 'X-OpenStack-Nova-API-Version', 'connection': 'close', 'x-openstack-nova-api-version': '2.1', 'date': 'Wed, 27 Jan 2016 22:55:46 GMT', 'content-type': 'application/json; charset=UTF-8'}
        Body: {"itemNotFound": {"message": "Instance 6c70d5ac-d50a-4fb5-b1ed-d017b78d57d6 could not be found.", "code": 404}}
2016-01-27 22:55:46,550 15683 INFO     [tempest_lib.common.rest_client] Request (TestNetworkBasicOps:_run_cleanups): 202 DELETE http://10.4.1.3:8774/v2.1/d0945e15166b4b53805385f5e22f4cdb/os-keypairs/tempest-TestNetworkBasicOps-1749931843 0.181s
2016-01-27 22:55:46,552 15683 DEBUG    [tempest_lib.common.rest_client] Request - Headers: {'Content-Type': 'application/json', 'Accept': 'application/json', 'X-Auth-Token': '&lt;omitted&gt;'}
        Body: None
    Response - Headers: {'status': '202', 'content-length': '0', 'x-compute-request-id': 'req-a74e6443-b5b4-42c6-8309-6735a302a804', 'vary': 'X-OpenStack-Nova-API-Version', 'connection': 'close', 'x-openstack-nova-api-version': '2.1', 'date': 'Wed, 27 Jan 2016 22:55:46 GMT', 'content-type': 'application/json'}
        Body: 
2016-01-27 22:55:47,277 15683 INFO     [tempest_lib.common.rest_client] Request (TestNetworkBasicOps:_run_cleanups): 500 PUT http://10.4.1.3:9696/v2.0/routers/7f88c7f2-f4bd-4696-985c-43e333f6d4a9/remove_router_interface 0.723s
2016-01-27 22:55:47,277 15683 DEBUG    [tempest_lib.common.rest_client] Request - Headers: {'Content-Type': 'application/json', 'Accept': 'application/json', 'X-Auth-Token': '&lt;omitted&gt;'}
        Body: {"subnet_id": "6d53192a-8603-44f3-a978-a1dda4dfa8cc"}
    Response - Headers: {'status': '500', 'content-length': '150', 'connection': 'close', 'date': 'Wed, 27 Jan 2016 22:55:47 GMT', 'content-type': 'application/json; charset=UTF-8', 'x-openstack-request-id': 'req-f5581f75-d1d2-429b-ad16-8f4ff647a820'}
        Body: {"NeutronError": {"message": "Request Failed: internal server error while processing your request.", "type": "HTTPInternalServerError", "detail": ""}}
2016-01-27 22:55:47,507 15683 INFO     [tempest_lib.common.rest_client] Request (TestNetworkBasicOps:_run_cleanups): 200 GET http://10.4.1.3:9696/v2.0/routers/7f88c7f2-f4bd-4696-985c-43e333f6d4a9 0.226s
2016-01-27 22:55:47,507 15683 DEBUG    [tempest_lib.common.rest_client] Request - Headers: {'Content-Type': 'application/json', 'Accept': 'application/json', 'X-Auth-Token': '&lt;omitted&gt;'}
        Body: None
    Response - Headers: {'status': '200', 'content-length': '501', 'content-location': 'http://10.4.1.3:9696/v2.0/routers/7f88c7f2-f4bd-4696-985c-43e333f6d4a9', 'connection': 'close', 'date': 'Wed, 27 Jan 2016 22:55:47 GMT', 'content-type': 'application/json; charset=UTF-8', 'x-openstack-request-id': 'req-d3182a02-0057-40a3-9807-3525e2ff39b2'}
        Body: {"router": {"status": "ACTIVE", "external_gateway_info": {"network_id": "06246bf9-c18b-4718-84d8-f17945711880", "enable_snat": true, "external_fixed_ips": [{"subnet_id": "8574f7d8-1c16-4962-9d3d-964a53b125f3", "ip_address": "172.24.4.3"}, {"subnet_id": "c6bce8de-940c-4f2d-b9df-c46a3f9d2102", "ip_address": "2001:db8::4"}]}, "name": "tempest-router-smoke-1085270744", "admin_state_up": true, "tenant_id": "d0945e15166b4b53805385f5e22f4cdb", "routes": [], "id": "7f88c7f2-f4bd-4696-985c-43e333f6d4a9"}}
2016-01-27 22:55:48,034 15683 INFO     [tempest_lib.common.rest_client] Request (TestNetworkBasicOps:_run_cleanups): 200 PUT http://10.4.1.3:9696/v2.0/routers/7f88c7f2-f4bd-4696-985c-43e333f6d4a9 0.526s
2016-01-27 22:55:48,035 15683 DEBUG    [tempest_lib.common.rest_client] Request - Headers: {'Content-Type': 'application/json', 'Accept': 'application/json', 'X-Auth-Token': '&lt;omitted&gt;'}
        Body: {"router": {"external_gateway_info": {}, "name": "tempest-router-smoke-1085270744", "admin_state_up": true}}
    Response - Headers: {'status': '200', 'content-length': '239', 'connection': 'close', 'date': 'Wed, 27 Jan 2016 22:55:48 GMT', 'content-type': 'application/json; charset=UTF-8', 'x-openstack-request-id': 'req-27cb3610-ac63-46a4-9295-bac952486ef6'}
        Body: {"router": {"status": "ACTIVE", "external_gateway_info": null, "name": "tempest-router-smoke-1085270744", "admin_state_up": true, "tenant_id": "d0945e15166b4b53805385f5e22f4cdb", "routes": [], "id": "7f88c7f2-f4bd-4696-985c-43e333f6d4a9"}}
2016-01-27 22:55:48,390 15683 INFO     [tempest_lib.common.rest_client] Request (TestNetworkBasicOps:_run_cleanups): 500 DELETE http://10.4.1.3:9696/v2.0/routers/7f88c7f2-f4bd-4696-985c-43e333f6d4a9 0.354s
2016-01-27 22:55:48,391 15683 DEBUG    [tempest_lib.common.rest_client] Request - Headers: {'Content-Type': 'application/json', 'Accept': 'application/json', 'X-Auth-Token': '&lt;omitted&gt;'}
        Body: None
    Response - Headers: {'status': '500', 'content-length': '150', 'connection': 'close', 'date': 'Wed, 27 Jan 2016 22:55:48 GMT', 'content-type': 'application/json; charset=UTF-8', 'x-openstack-request-id': 'req-3b038b17-67b8-4cec-958e-6a8120d0f93d'}
        Body: {"NeutronError": {"message": "Request Failed: internal server error while processing your request.", "type": "HTTPInternalServerError", "detail": ""}}
2016-01-27 22:55:49,062 15683 INFO     [tempest_lib.common.rest_client] Request (TestNetworkBasicOps:_run_cleanups): 204 DELETE http://10.4.1.3:9696/v2.0/networks/bae0f50e-a7ca-470c-816b-38b2c3027688 0.668s
2016-01-27 22:55:49,062 15683 DEBUG    [tempest_lib.common.rest_client] Request - Headers: {'Content-Type': 'application/json', 'Accept': 'application/json', 'X-Auth-Token': '&lt;omitted&gt;'}
        Body: None
    Response - Headers: {'date': 'Wed, 27 Jan 2016 22:55:49 GMT', 'status': '204', 'connection': 'close', 'content-length': '0', 'x-openstack-request-id': 'req-33d43b2c-4788-4ace-b995-444f6c084014'}
        Body: 
2016-01-27 22:55:49,271 15683 INFO     [tempest_lib.common.rest_client] Request (TestNetworkBasicOps:_run_cleanups): 204 DELETE http://10.4.1.3:9696/v2.0/security-group-rules/4c997818-5fe8-4109-955d-fda85332481c 0.207s
2016-01-27 22:55:49,271 15683 DEBUG    [tempest_lib.common.rest_client] Request - Headers: {'Content-Type': 'application/json', 'Accept': 'application/json', 'X-Auth-Token': '&lt;omitted&gt;'}
        Body: None
    Response - Headers: {'date': 'Wed, 27 Jan 2016 22:55:49 GMT', 'status': '204', 'connection': 'close', 'content-length': '0', 'x-openstack-request-id': 'req-aa3f8972-6196-4bd6-94b7-1931c0b145b8'}
        Body: 
2016-01-27 22:55:49,501 15683 INFO     [tempest_lib.common.rest_client] Request (TestNetworkBasicOps:_run_cleanups): 204 DELETE http://10.4.1.3:9696/v2.0/security-group-rules/4703d503-57a3-4174-8250-1029eba42fe3 0.228s
2016-01-27 22:55:49,502 15683 DEBUG    [tempest_lib.common.rest_client] Request - Headers: {'Content-Type': 'application/json', 'Accept': 'application/json', 'X-Auth-Token': '&lt;omitted&gt;'}
        Body: None
    Response - Headers: {'date': 'Wed, 27 Jan 2016 22:55:49 GMT', 'status': '204', 'connection': 'close', 'content-length': '0', 'x-openstack-request-id': 'req-5a04f814-0f18-4481-a545-abce6bacca49'}
        Body: 
2016-01-27 22:55:49,728 15683 INFO     [tempest_lib.common.rest_client] Request (TestNetworkBasicOps:_run_cleanups): 204 DELETE http://10.4.1.3:9696/v2.0/security-group-rules/086febb0-9cb5-4638-81b4-632346ece16d 0.225s
2016-01-27 22:55:49,728 15683 DEBUG    [tempest_lib.common.rest_client] Request - Headers: {'Content-Type': 'application/json', 'Accept': 'application/json', 'X-Auth-Token': '&lt;omitted&gt;'}
        Body: None
    Response - Headers: {'date': 'Wed, 27 Jan 2016 22:55:49 GMT', 'status': '204', 'connection': 'close', 'content-length': '0', 'x-openstack-request-id': 'req-63e8c3df-0d01-4276-9630-d85e42637214'}
        Body: 
2016-01-27 22:55:49,953 15683 INFO     [tempest_lib.common.rest_client] Request (TestNetworkBasicOps:_run_cleanups): 204 DELETE http://10.4.1.3:9696/v2.0/security-group-rules/a9fcf60b-1240-4ca0-b032-2715b9d22b5f 0.223s
2016-01-27 22:55:49,953 15683 DEBUG    [tempest_lib.common.rest_client] Request - Headers: {'Content-Type': 'application/json', 'Accept': 'application/json', 'X-Auth-Token': '&lt;omitted&gt;'}
        Body: None
    Response - Headers: {'date': 'Wed, 27 Jan 2016 22:55:49 GMT', 'status': '204', 'connection': 'close', 'content-length': '0', 'x-openstack-request-id': 'req-b0779bfb-20b0-4bf9-916b-56cfaa23659a'}
        Body: 
2016-01-27 22:55:50,159 15683 INFO     [tempest_lib.common.rest_client] Request (TestNetworkBasicOps:_run_cleanups): 204 DELETE http://10.4.1.3:9696/v2.0/security-group-rules/3ff75604-91db-464c-9a57-7691a68a4a44 0.204s
2016-01-27 22:55:50,159 15683 DEBUG    [tempest_lib.common.rest_client] Request - Headers: {'Content-Type': 'application/json', 'Accept': 'application/json', 'X-Auth-Token': '&lt;omitted&gt;'}
        Body: None
    Response - Headers: {'date': 'Wed, 27 Jan 2016 22:55:50 GMT', 'status': '204', 'connection': 'close', 'content-length': '0', 'x-openstack-request-id': 'req-c464a4b7-3330-49ba-af90-70da7f4a2a3f'}
        Body: 
2016-01-27 22:55:50,357 15683 INFO     [tempest_lib.common.rest_client] Request (TestNetworkBasicOps:_run_cleanups): 204 DELETE http://10.4.1.3:9696/v2.0/security-group-rules/53618e42-4038-456f-a2a2-686706ff40bd 0.197s
2016-01-27 22:55:50,358 15683 DEBUG    [tempest_lib.common.rest_client] Request - Headers: {'Content-Type': 'application/json', 'Accept': 'application/json', 'X-Auth-Token': '&lt;omitted&gt;'}
        Body: None
    Response - Headers: {'date': 'Wed, 27 Jan 2016 22:55:50 GMT', 'status': '204', 'connection': 'close', 'content-length': '0', 'x-openstack-request-id': 'req-b0a69fa9-d5e3-4c21-a295-639886c925fc'}
        Body: 
2016-01-27 22:55:50,594 15683 INFO     [tempest_lib.common.rest_client] Request (TestNetworkBasicOps:_run_cleanups): 204 DELETE http://10.4.1.3:9696/v2.0/security-groups/cc67788b-1c8d-4458-a3e4-a735419cc434 0.236s
2016-01-27 22:55:50,595 15683 DEBUG    [tempest_lib.common.rest_client] Request - Headers: {'Content-Type': 'application/json', 'Accept': 'application/json', 'X-Auth-Token': '&lt;omitted&gt;'}
        Body: None
    Response - Headers: {'date': 'Wed, 27 Jan 2016 22:55:50 GMT', 'status': '204', 'connection': 'close', 'content-length': '0', 'x-openstack-request-id': 'req-4df3fd75-a679-4efe-8119-6cfb0444a63b'}
        Body: 
2016-01-27 22:55:50,838 15683 INFO     [tempest_lib.common.rest_client] Request (TestNetworkBasicOps:_run_cleanups): 404 GET http://10.4.1.3:8774/v2.1/d0945e15166b4b53805385f5e22f4cdb/servers/6c70d5ac-d50a-4fb5-b1ed-d017b78d57d6 0.243s
2016-01-27 22:55:50,839 15683 DEBUG    [tempest_lib.common.rest_client] Request - Headers: {'Content-Type': 'application/json', 'Accept': 'application/json', 'X-Auth-Token': '&lt;omitted&gt;'}
        Body: None
    Response - Headers: {'status': '404', 'content-length': '111', 'x-compute-request-id': 'req-152d1f54-017c-4adf-a22d-ef22d0b9067f', 'vary': 'X-OpenStack-Nova-API-Version', 'connection': 'close', 'x-openstack-nova-api-version': '2.1', 'date': 'Wed, 27 Jan 2016 22:55:50 GMT', 'content-type': 'application/json; charset=UTF-8'}
        Body: {"itemNotFound": {"message": "Instance 6c70d5ac-d50a-4fb5-b1ed-d017b78d57d6 could not be found.", "code": 404}}
}}}

traceback-1: {{{
Traceback (most recent call last):
  File "tempest/scenario/manager.py", line 108, in delete_wrapper
    delete_thing(*args, **kwargs)
  File "tempest/services/network/resources.py", line 99, in delete
    subnet_id=self.id)
  File "tempest/services/network/json/network_client.py", line 204, in remove_router_interface_with_subnet_id
    return self.update_resource(uri, update_body)
  File "tempest/services/network/json/base.py", line 68, in update_resource
    resp, body = self.put(req_uri, req_post_data)
  File "/usr/local/lib/python2.7/dist-packages/tempest_lib/common/rest_client.py", line 322, in put
    return self.request('PUT', url, extra_headers, headers, body)
  File "/usr/local/lib/python2.7/dist-packages/tempest_lib/common/rest_client.py", line 640, in request
    resp, resp_body)
  File "/usr/local/lib/python2.7/dist-packages/tempest_lib/common/rest_client.py", line 759, in _error_checker
    message=message)
tempest_lib.exceptions.ServerFault: Got server fault
Details: Request Failed: internal server error while processing your request.
}}}

traceback-2: {{{
Traceback (most recent call last):
  File "tempest/scenario/manager.py", line 108, in delete_wrapper
    delete_thing(*args, **kwargs)
  File "tempest/services/network/resources.py", line 120, in delete
    self.client.delete_router(self.id)
  File "tempest/services/network/json/network_client.py", line 177, in delete_router
    return self.delete_resource(uri)
  File "tempest/services/network/json/base.py", line 41, in delete_resource
    resp, body = self.delete(req_uri)
  File "/usr/local/lib/python2.7/dist-packages/tempest_lib/common/rest_client.py", line 290, in delete
    return self.request('DELETE', url, extra_headers, headers, body)
  File "/usr/local/lib/python2.7/dist-packages/tempest_lib/common/rest_client.py", line 640, in request
    resp, resp_body)
  File "/usr/local/lib/python2.7/dist-packages/tempest_lib/common/rest_client.py", line 759, in _error_checker
    message=message)
tempest_lib.exceptions.ServerFault: Got server fault
Details: Request Failed: internal server error while processing your request.
}}}

Traceback (most recent call last):
  File "tempest/test.py", line 113, in wrapper
    return f(self, *func_args, **func_kwargs)
  File "tempest/scenario/test_network_basic_ops.py", line 445, in test_connectivity_between_vms_on_different_networks
    self.check_public_network_connectivity(should_connect=True)
