<?xml version="1.0" encoding="UTF-8"?>
<!DOCTYPE html PUBLIC "-//W3C//DTD XHTML 1.0 Strict//EN"
     "http://www.w3.org/TR/xhtml1/DTD/xhtml1-strict.dtd">
<html xmlns="http://www.w3.org/1999/xhtml">
<head>
    <title>Unit Test Report</title>
    <meta name="generator" content="subunit2html 0.1"/>
    <meta http-equiv="Content-Type" content="text/html; charset=UTF-8"/>
    
<style type="text/css" media="screen">
body        { font-family: verdana, arial, helvetica, sans-serif;
    font-size: 80%; }
table       { font-size: 100%; width: 100%;}
pre         { font-size: 80%; }

/* -- heading -------------------------------------------------------------- */
h1 {
        font-size: 16pt;
        color: gray;
}
.heading {
    margin-top: 0ex;
    margin-bottom: 1ex;
}

.heading .attribute {
    margin-top: 1ex;
    margin-bottom: 0;
}

.heading .description {
    margin-top: 4ex;
    margin-bottom: 6ex;
}

/* -- css div popup -------------------------------------------------------- */
a.popup_link {
}

a.popup_link:hover {
    color: red;
}

.popup_window {
    display: none;
    overflow-x: scroll;
    /*border: solid #627173 1px; */
    padding: 10px;
    background-color: #E6E6D6;
    font-family: "Ubuntu Mono", "Lucida Console", "Courier New", monospace;
    text-align: left;
    font-size: 8pt;
}

}
/* -- report --------------------------------------------------------------- */
#show_detail_line {
    margin-top: 3ex;
    margin-bottom: 1ex;
}
#result_table {
    width: 100%;
    border-collapse: collapse;
    border: 1px solid #777;
}
#header_row {
    font-weight: bold;
    color: white;
    background-color: #777;
}
#result_table td {
    border: 1px solid #777;
    padding: 2px;
}
#total_row  { font-weight: bold; }
.passClass  { background-color: #6c6; }
.failClass  { background-color: #c60; }
.errorClass { background-color: #c00; }
.passCase   { color: #6c6; }
.failCase   { color: #c60; font-weight: bold; }
.errorCase  { color: #c00; font-weight: bold; }
.hiddenRow  { display: none; }
.testcase   { margin-left: 2em; }
td.testname {width: 40%}
td.small {width: 40px}

/* -- ending --------------------------------------------------------------- */
#ending {
}

</style>

</head>
<body>
<script language="javascript" type="text/javascript"><!--
output_list = Array();

/* level - 0:Summary; 1:Failed; 2:All */
function showCase(level) {
    trs = document.getElementsByTagName("tr");
    for (var i = 0; i < trs.length; i++) {
        tr = trs[i];
        id = tr.id;
        if (id.substr(0,2) == 'ft') {
            if (level < 1) {
                tr.className = 'hiddenRow';
            }
            else {
                tr.className = '';
            }
        }
        if (id.substr(0,2) == 'pt') {
            if (level > 1) {
                tr.className = '';
            }
            else {
                tr.className = 'hiddenRow';
            }
        }
    }
}


function showClassDetail(cid, count) {
    var id_list = Array(count);
    var toHide = 1;
    for (var i = 0; i < count; i++) {
        tid0 = 't' + cid.substr(1) + '.' + (i+1);
        tid = 'f' + tid0;
        tr = document.getElementById(tid);
        if (!tr) {
            tid = 'p' + tid0;
            tr = document.getElementById(tid);
        }
        id_list[i] = tid;
        if (tr.className) {
            toHide = 0;
        }
    }
    for (var i = 0; i < count; i++) {
        tid = id_list[i];
        if (toHide) {
            document.getElementById('div_'+tid).style.display = 'none'
            document.getElementById(tid).className = 'hiddenRow';
        }
        else {
            document.getElementById(tid).className = '';
        }
    }
}


function showTestDetail(div_id){
    var details_div = document.getElementById(div_id)
    var displayState = details_div.style.display
    // alert(displayState)
    if (displayState != 'block' ) {
        displayState = 'block'
        details_div.style.display = 'block'
    }
    else {
        details_div.style.display = 'none'
    }
}


function html_escape(s) {
    s = s.replace(/&/g,'&amp;');
    s = s.replace(/</g,'&lt;');
    s = s.replace(/>/g,'&gt;');
    return s;
}

/* obsoleted by detail in <div>
function showOutput(id, name) {
    var w = window.open("", //url
                    name,
                    "resizable,scrollbars,status,width=800,height=450");
    d = w.document;
    d.write("<pre>");
    d.write(html_escape(output_list[id]));
    d.write("\n");
    d.write("<a href='javascript:window.close()'>close</a>\n");
    d.write("</pre>\n");
    d.close();
}
*/
--></script>

<div class='heading'>
<h1>Unit Test Report</h1>

<p class='attribute'><strong>Status:</strong> Failure 8 Skip 1</p>

<p class='description'></p>
</div>



<p id='show_detail_line'>Show
<a href='javascript:showCase(0)'>Summary</a>
<a href='javascript:showCase(1)'>Failed</a>
<a href='javascript:showCase(2)'>All</a>
</p>
<table id='result_table'>
<colgroup>
<col align='left' />
<col align='right' />
<col align='right' />
<col align='right' />
<col align='right' />
<col align='right' />
<col align='right' />
<col align='right' />
</colgroup>
<tr id='header_row'>
    <td>Test Group/Test case</td>
    <td>Count</td>
    <td>Pass</td>
    <td>Fail</td>
    <td>Error</td>
    <td>Skip</td>
    <td>View</td>
    <td> </td>
</tr>

<tr class='failClass'>
    <td class="testname">tempest.scenario.test_network_basic_ops.TestNetworkBasicOps</td>
    <td class="small">9</td>
    <td class="small">0</td>
    <td class="small">8</td>
    <td class="small">0</td>
    <td class="small">1</td>
    <td class="small"><a href="javascript:showClassDetail('c1',9)"
>Detail</a></td>
    <td> </td>
</tr>

<tr id='ft1.1' class='none'>
    <td class='failCase'><div class='testcase'>test_connectivity_between_vms_on_different_networks[compute,id-1546850e-fbaa-42f5-8b5f-03d8a6a95f15,network]</div></td>
    <td colspan='7' align='left'>

    <!--css div popup start-->
    <a class="popup_link" onfocus='this.blur();'
    href="javascript:showTestDetail('div_ft1.1')" >
        fail</a>

    <div id='div_ft1.1' class="popup_window">
        <div style='text-align: right; color:red;cursor:pointer'>
        <a onfocus='this.blur();'
onclick="document.getElementById('div_ft1.1').style.display = 'none' " >
           [x]</a>
        </div>
        <pre>
        
ft1.1: tempest.scenario.test_network_basic_ops.TestNetworkBasicOps.test_connectivity_between_vms_on_different_networks[compute,id-1546850e-fbaa-42f5-8b5f-03d8a6a95f15,network]_StringException: Empty attachments:
  stderr
  stdout

pythonlogging:'': {{{
2016-01-27 13:29:16,659 15918 INFO     [tempest_lib.common.rest_client] Request (TestNetworkBasicOps:test_connectivity_between_vms_on_different_networks): 201 POST http://10.4.1.3:9696/v2.0/security-groups 0.410s
2016-01-27 13:29:16,659 15918 DEBUG    [tempest_lib.common.rest_client] Request - Headers: {'Content-Type': 'application/json', 'Accept': 'application/json', 'X-Auth-Token': '&lt;omitted&gt;'}
        Body: {"security_group": {"tenant_id": "08891f3ecd944b419647f3e4beee7d1b", "description": "tempest-secgroup-smoke-26146177 description", "name": "tempest-secgroup-smoke-26146177"}}
    Response - Headers: {'status': '201', 'content-length': '884', 'connection': 'close', 'date': 'Wed, 27 Jan 2016 13:29:16 GMT', 'content-type': 'application/json; charset=UTF-8', 'x-openstack-request-id': 'req-b7cda749-3abc-4958-8660-6d722564269d'}
        Body: {"security_group": {"tenant_id": "08891f3ecd944b419647f3e4beee7d1b", "description": "tempest-secgroup-smoke-26146177 description", "id": "63916018-5281-4b52-8f57-c2ee68bba980", "security_group_rules": [{"remote_group_id": null, "direction": "egress", "remote_ip_prefix": null, "protocol": null, "ethertype": "IPv4", "tenant_id": "08891f3ecd944b419647f3e4beee7d1b", "port_range_max": null, "port_range_min": null, "id": "79a9e7a1-24a3-4a1a-b784-b908cb522c9b", "security_group_id": "63916018-5281-4b52-8f57-c2ee68bba980"}, {"remote_group_id": null, "direction": "egress", "remote_ip_prefix": null, "protocol": null, "ethertype": "IPv6", "tenant_id": "08891f3ecd944b419647f3e4beee7d1b", "port_range_max": null, "port_range_min": null, "id": "c2138af0-b16c-433b-8983-7ed474293585", "security_group_id": "63916018-5281-4b52-8f57-c2ee68bba980"}], "name": "tempest-secgroup-smoke-26146177"}}
2016-01-27 13:29:16,975 15918 INFO     [tempest_lib.common.rest_client] Request (TestNetworkBasicOps:test_connectivity_between_vms_on_different_networks): 201 POST http://10.4.1.3:9696/v2.0/security-group-rules 0.314s
2016-01-27 13:29:16,976 15918 DEBUG    [tempest_lib.common.rest_client] Request - Headers: {'Content-Type': 'application/json', 'Accept': 'application/json', 'X-Auth-Token': '&lt;omitted&gt;'}
        Body: {"security_group_rule": {"direction": "ingress", "protocol": "tcp", "tenant_id": "08891f3ecd944b419647f3e4beee7d1b", "port_range_max": 22, "security_group_id": "63916018-5281-4b52-8f57-c2ee68bba980", "port_range_min": 22}}
    Response - Headers: {'status': '201', 'content-length': '340', 'connection': 'close', 'date': 'Wed, 27 Jan 2016 13:29:16 GMT', 'content-type': 'application/json; charset=UTF-8', 'x-openstack-request-id': 'req-88ab8765-30af-4fab-855d-94e703f41728'}
        Body: {"security_group_rule": {"remote_group_id": null, "direction": "ingress", "remote_ip_prefix": null, "protocol": "tcp", "ethertype": "IPv4", "tenant_id": "08891f3ecd944b419647f3e4beee7d1b", "port_range_max": 22, "port_range_min": 22, "id": "b4abaef3-6fad-4266-91e5-7c1416962645", "security_group_id": "63916018-5281-4b52-8f57-c2ee68bba980"}}
2016-01-27 13:29:17,269 15918 INFO     [tempest_lib.common.rest_client] Request (TestNetworkBasicOps:test_connectivity_between_vms_on_different_networks): 201 POST http://10.4.1.3:9696/v2.0/security-group-rules 0.291s
2016-01-27 13:29:17,269 15918 DEBUG    [tempest_lib.common.rest_client] Request - Headers: {'Content-Type': 'application/json', 'Accept': 'application/json', 'X-Auth-Token': '&lt;omitted&gt;'}
        Body: {"security_group_rule": {"direction": "egress", "protocol": "tcp", "tenant_id": "08891f3ecd944b419647f3e4beee7d1b", "port_range_max": 22, "security_group_id": "63916018-5281-4b52-8f57-c2ee68bba980", "port_range_min": 22}}
    Response - Headers: {'status': '201', 'content-length': '339', 'connection': 'close', 'date': 'Wed, 27 Jan 2016 13:29:17 GMT', 'content-type': 'application/json; charset=UTF-8', 'x-openstack-request-id': 'req-6fd07ee3-4a6e-4011-8cc1-10bef2a2c17e'}
        Body: {"security_group_rule": {"remote_group_id": null, "direction": "egress", "remote_ip_prefix": null, "protocol": "tcp", "ethertype": "IPv4", "tenant_id": "08891f3ecd944b419647f3e4beee7d1b", "port_range_max": 22, "port_range_min": 22, "id": "473af2d7-e91b-416b-8c8e-e173f57ff4d0", "security_group_id": "63916018-5281-4b52-8f57-c2ee68bba980"}}
2016-01-27 13:29:17,552 15918 INFO     [tempest_lib.common.rest_client] Request (TestNetworkBasicOps:test_connectivity_between_vms_on_different_networks): 201 POST http://10.4.1.3:9696/v2.0/security-group-rules 0.280s
2016-01-27 13:29:17,552 15918 DEBUG    [tempest_lib.common.rest_client] Request - Headers: {'Content-Type': 'application/json', 'Accept': 'application/json', 'X-Auth-Token': '&lt;omitted&gt;'}
        Body: {"security_group_rule": {"tenant_id": "08891f3ecd944b419647f3e4beee7d1b", "direction": "ingress", "protocol": "icmp", "security_group_id": "63916018-5281-4b52-8f57-c2ee68bba980"}}
    Response - Headers: {'status': '201', 'content-length': '345', 'connection': 'close', 'date': 'Wed, 27 Jan 2016 13:29:17 GMT', 'content-type': 'application/json; charset=UTF-8', 'x-openstack-request-id': 'req-4de76bc2-6a55-4cdc-8860-b6be8d06db46'}
        Body: {"security_group_rule": {"remote_group_id": null, "direction": "ingress", "remote_ip_prefix": null, "protocol": "icmp", "ethertype": "IPv4", "tenant_id": "08891f3ecd944b419647f3e4beee7d1b", "port_range_max": null, "port_range_min": null, "id": "fd2183a4-60a6-41ef-bf4c-bc6968e78f2e", "security_group_id": "63916018-5281-4b52-8f57-c2ee68bba980"}}
2016-01-27 13:29:17,839 15918 INFO     [tempest_lib.common.rest_client] Request (TestNetworkBasicOps:test_connectivity_between_vms_on_different_networks): 201 POST http://10.4.1.3:9696/v2.0/security-group-rules 0.285s
2016-01-27 13:29:17,840 15918 DEBUG    [tempest_lib.common.rest_client] Request - Headers: {'Content-Type': 'application/json', 'Accept': 'application/json', 'X-Auth-Token': '&lt;omitted&gt;'}
        Body: {"security_group_rule": {"tenant_id": "08891f3ecd944b419647f3e4beee7d1b", "direction": "egress", "protocol": "icmp", "security_group_id": "63916018-5281-4b52-8f57-c2ee68bba980"}}
    Response - Headers: {'status': '201', 'content-length': '344', 'connection': 'close', 'date': 'Wed, 27 Jan 2016 13:29:17 GMT', 'content-type': 'application/json; charset=UTF-8', 'x-openstack-request-id': 'req-65f02ded-06e6-4ff8-b623-2f1c6a591c87'}
        Body: {"security_group_rule": {"remote_group_id": null, "direction": "egress", "remote_ip_prefix": null, "protocol": "icmp", "ethertype": "IPv4", "tenant_id": "08891f3ecd944b419647f3e4beee7d1b", "port_range_max": null, "port_range_min": null, "id": "393457fc-47bc-4fd7-a80e-cebfea473693", "security_group_id": "63916018-5281-4b52-8f57-c2ee68bba980"}}
2016-01-27 13:29:18,132 15918 INFO     [tempest_lib.common.rest_client] Request (TestNetworkBasicOps:test_connectivity_between_vms_on_different_networks): 201 POST http://10.4.1.3:9696/v2.0/security-group-rules 0.290s
2016-01-27 13:29:18,133 15918 DEBUG    [tempest_lib.common.rest_client] Request - Headers: {'Content-Type': 'application/json', 'Accept': 'application/json', 'X-Auth-Token': '&lt;omitted&gt;'}
        Body: {"security_group_rule": {"tenant_id": "08891f3ecd944b419647f3e4beee7d1b", "direction": "ingress", "security_group_id": "63916018-5281-4b52-8f57-c2ee68bba980", "protocol": "icmp", "ethertype": "IPv6"}}
    Response - Headers: {'status': '201', 'content-length': '345', 'connection': 'close', 'date': 'Wed, 27 Jan 2016 13:29:18 GMT', 'content-type': 'application/json; charset=UTF-8', 'x-openstack-request-id': 'req-9dab4508-552b-4cd1-a896-29ad62b70c22'}
        Body: {"security_group_rule": {"remote_group_id": null, "direction": "ingress", "remote_ip_prefix": null, "protocol": "icmp", "ethertype": "IPv6", "tenant_id": "08891f3ecd944b419647f3e4beee7d1b", "port_range_max": null, "port_range_min": null, "id": "25d48385-c3e6-4284-8940-7447b3186af3", "security_group_id": "63916018-5281-4b52-8f57-c2ee68bba980"}}
2016-01-27 13:29:18,410 15918 INFO     [tempest_lib.common.rest_client] Request (TestNetworkBasicOps:test_connectivity_between_vms_on_different_networks): 201 POST http://10.4.1.3:9696/v2.0/security-group-rules 0.276s
2016-01-27 13:29:18,411 15918 DEBUG    [tempest_lib.common.rest_client] Request - Headers: {'Content-Type': 'application/json', 'Accept': 'application/json', 'X-Auth-Token': '&lt;omitted&gt;'}
        Body: {"security_group_rule": {"tenant_id": "08891f3ecd944b419647f3e4beee7d1b", "direction": "egress", "security_group_id": "63916018-5281-4b52-8f57-c2ee68bba980", "protocol": "icmp", "ethertype": "IPv6"}}
    Response - Headers: {'status': '201', 'content-length': '344', 'connection': 'close', 'date': 'Wed, 27 Jan 2016 13:29:18 GMT', 'content-type': 'application/json; charset=UTF-8', 'x-openstack-request-id': 'req-2aaff72b-6283-4772-9a07-213738d84aec'}
        Body: {"security_group_rule": {"remote_group_id": null, "direction": "egress", "remote_ip_prefix": null, "protocol": "icmp", "ethertype": "IPv6", "tenant_id": "08891f3ecd944b419647f3e4beee7d1b", "port_range_max": null, "port_range_min": null, "id": "8446cf73-a4ea-4d32-ab56-b88ae9c71e68", "security_group_id": "63916018-5281-4b52-8f57-c2ee68bba980"}}
2016-01-27 13:29:18,803 15918 INFO     [tempest_lib.common.rest_client] Request (TestNetworkBasicOps:test_connectivity_between_vms_on_different_networks): 201 POST http://10.4.1.3:9696/v2.0/networks 0.389s
2016-01-27 13:29:18,804 15918 DEBUG    [tempest_lib.common.rest_client] Request - Headers: {'Content-Type': 'application/json', 'Accept': 'application/json', 'X-Auth-Token': '&lt;omitted&gt;'}
        Body: {"network": {"tenant_id": "08891f3ecd944b419647f3e4beee7d1b", "name": "tempest-network-smoke--1258178217"}}
    Response - Headers: {'status': '201', 'content-length': '330', 'connection': 'close', 'date': 'Wed, 27 Jan 2016 13:29:18 GMT', 'content-type': 'application/json; charset=UTF-8', 'x-openstack-request-id': 'req-6fa2770d-5c4d-4a6d-8e83-c8d6cf8eff12'}
        Body: {"network": {"status": "ACTIVE", "subnets": [], "availability_zone_hints": [], "name": "tempest-network-smoke--1258178217", "admin_state_up": true, "tenant_id": "08891f3ecd944b419647f3e4beee7d1b", "mtu": 1450, "router:external": false, "shared": false, "port_security_enabled": true, "id": "0a87ba16-e410-4bba-bea0-aad655a7585c"}}
2016-01-27 13:29:19,046 15918 INFO     [tempest_lib.common.rest_client] Request (TestNetworkBasicOps:test_connectivity_between_vms_on_different_networks): 201 POST http://10.4.1.3:9696/v2.0/routers 0.241s
2016-01-27 13:29:19,047 15918 DEBUG    [tempest_lib.common.rest_client] Request - Headers: {'Content-Type': 'application/json', 'Accept': 'application/json', 'X-Auth-Token': '&lt;omitted&gt;'}
        Body: {"router": {"tenant_id": "08891f3ecd944b419647f3e4beee7d1b", "name": "tempest-router-smoke-1868333", "admin_state_up": true}}
    Response - Headers: {'status': '201', 'content-length': '236', 'connection': 'close', 'date': 'Wed, 27 Jan 2016 13:29:19 GMT', 'content-type': 'application/json; charset=UTF-8', 'x-openstack-request-id': 'req-7f2dac64-1875-4f84-8ded-c33f82e8e24d'}
        Body: {"router": {"status": "ACTIVE", "external_gateway_info": null, "name": "tempest-router-smoke-1868333", "admin_state_up": true, "tenant_id": "08891f3ecd944b419647f3e4beee7d1b", "routes": [], "id": "b3645714-6ca3-4d0b-95d6-5cbbcb62ab54"}}
2016-01-27 13:29:19,283 15918 INFO     [tempest_lib.common.rest_client] Request (TestNetworkBasicOps:test_connectivity_between_vms_on_different_networks): 200 GET http://10.4.1.3:9696/v2.0/routers/b3645714-6ca3-4d0b-95d6-5cbbcb62ab54 0.235s
2016-01-27 13:29:19,284 15918 DEBUG    [tempest_lib.common.rest_client] Request - Headers: {'Content-Type': 'application/json', 'Accept': 'application/json', 'X-Auth-Token': '&lt;omitted&gt;'}
        Body: None
    Response - Headers: {'status': '200', 'content-length': '236', 'content-location': 'http://10.4.1.3:9696/v2.0/routers/b3645714-6ca3-4d0b-95d6-5cbbcb62ab54', 'connection': 'close', 'date': 'Wed, 27 Jan 2016 13:29:19 GMT', 'content-type': 'application/json; charset=UTF-8', 'x-openstack-request-id': 'req-0611f58a-705d-45bb-aab0-acb1e3bac31d'}
        Body: {"router": {"status": "ACTIVE", "external_gateway_info": null, "name": "tempest-router-smoke-1868333", "admin_state_up": true, "tenant_id": "08891f3ecd944b419647f3e4beee7d1b", "routes": [], "id": "b3645714-6ca3-4d0b-95d6-5cbbcb62ab54"}}
2016-01-27 13:29:20,107 15918 INFO     [tempest_lib.common.rest_client] Request (TestNetworkBasicOps:test_connectivity_between_vms_on_different_networks): 200 PUT http://10.4.1.3:9696/v2.0/routers/b3645714-6ca3-4d0b-95d6-5cbbcb62ab54 0.822s
2016-01-27 13:29:20,107 15918 DEBUG    [tempest_lib.common.rest_client] Request - Headers: {'Content-Type': 'application/json', 'Accept': 'application/json', 'X-Auth-Token': '&lt;omitted&gt;'}
        Body: {"router": {"external_gateway_info": {"network_id": "65e53821-fd32-4ce9-9e3b-9192170e72af"}, "name": "tempest-router-smoke-1868333", "admin_state_up": true}}
    Response - Headers: {'status': '200', 'content-length': '498', 'connection': 'close', 'date': 'Wed, 27 Jan 2016 13:29:20 GMT', 'content-type': 'application/json; charset=UTF-8', 'x-openstack-request-id': 'req-0b10bbd1-b619-4b64-bf8e-8b28ddcc10d3'}
        Body: {"router": {"status": "ACTIVE", "external_gateway_info": {"network_id": "65e53821-fd32-4ce9-9e3b-9192170e72af", "enable_snat": true, "external_fixed_ips": [{"subnet_id": "0bc602e6-dedc-4022-a337-ed1aa4c5293d", "ip_address": "172.24.4.3"}, {"subnet_id": "97d0fe2a-1d1e-4678-9b5f-11fe06eaa122", "ip_address": "2001:db8::4"}]}, "name": "tempest-router-smoke-1868333", "admin_state_up": true, "tenant_id": "08891f3ecd944b419647f3e4beee7d1b", "routes": [], "id": "b3645714-6ca3-4d0b-95d6-5cbbcb62ab54"}}
2016-01-27 13:29:20,311 15918 INFO     [tempest_lib.common.rest_client] Request (TestNetworkBasicOps:test_connectivity_between_vms_on_different_networks): 200 GET http://10.4.1.3:9696/v2.0/subnets?tenant_id=08891f3ecd944b419647f3e4beee7d1b&amp;cidr=10.100.0.0%2F28 0.203s
2016-01-27 13:29:20,311 15918 DEBUG    [tempest_lib.common.rest_client] Request - Headers: {'Content-Type': 'application/json', 'Accept': 'application/json', 'X-Auth-Token': '&lt;omitted&gt;'}
        Body: None
    Response - Headers: {'status': '200', 'content-length': '15', 'content-location': 'http://10.4.1.3:9696/v2.0/subnets?tenant_id=08891f3ecd944b419647f3e4beee7d1b&amp;cidr=10.100.0.0%2F28', 'connection': 'close', 'date': 'Wed, 27 Jan 2016 13:29:20 GMT', 'content-type': 'application/json; charset=UTF-8', 'x-openstack-request-id': 'req-f3e7bf57-842b-4804-91d4-73053e4fa576'}
        Body: {"subnets": []}
2016-01-27 13:29:20,834 15918 INFO     [tempest_lib.common.rest_client] Request (TestNetworkBasicOps:test_connectivity_between_vms_on_different_networks): 201 POST http://10.4.1.3:9696/v2.0/subnets 0.521s
2016-01-27 13:29:20,834 15918 DEBUG    [tempest_lib.common.rest_client] Request - Headers: {'Content-Type': 'application/json', 'Accept': 'application/json', 'X-Auth-Token': '&lt;omitted&gt;'}
        Body: {"subnet": {"ip_version": 4, "tenant_id": "08891f3ecd944b419647f3e4beee7d1b", "cidr": "10.100.0.0/28", "network_id": "0a87ba16-e410-4bba-bea0-aad655a7585c", "name": "tempest-subnet-smoke-462784171"}}
    Response - Headers: {'status': '201', 'content-length': '477', 'connection': 'close', 'date': 'Wed, 27 Jan 2016 13:29:20 GMT', 'content-type': 'application/json; charset=UTF-8', 'x-openstack-request-id': 'req-05306a57-ce08-4aa2-bfe6-0a4eeb59255a'}
        Body: {"subnet": {"name": "tempest-subnet-smoke-462784171", "enable_dhcp": true, "network_id": "0a87ba16-e410-4bba-bea0-aad655a7585c", "tenant_id": "08891f3ecd944b419647f3e4beee7d1b", "dns_nameservers": [], "gateway_ip": "10.100.0.1", "ipv6_ra_mode": null, "allocation_pools": [{"start": "10.100.0.2", "end": "10.100.0.14"}], "host_routes": [], "ip_version": 4, "ipv6_address_mode": null, "cidr": "10.100.0.0/28", "id": "f4383897-ca32-46b2-99ed-9574f867e16d", "subnetpool_id": null}}
2016-01-27 13:29:21,633 15918 INFO     [tempest_lib.common.rest_client] Request (TestNetworkBasicOps:test_connectivity_between_vms_on_different_networks): 200 PUT http://10.4.1.3:9696/v2.0/routers/b3645714-6ca3-4d0b-95d6-5cbbcb62ab54/add_router_interface 0.798s
2016-01-27 13:29:21,634 15918 DEBUG    [tempest_lib.common.rest_client] Request - Headers: {'Content-Type': 'application/json', 'Accept': 'application/json', 'X-Auth-Token': '&lt;omitted&gt;'}
        Body: {"subnet_id": "f4383897-ca32-46b2-99ed-9574f867e16d"}
    Response - Headers: {'status': '200', 'content-length': '309', 'connection': 'close', 'date': 'Wed, 27 Jan 2016 13:29:21 GMT', 'content-type': 'application/json; charset=UTF-8', 'x-openstack-request-id': 'req-6f1eabd0-23f9-4233-9b38-f80565ec9696'}
        Body: {"network_id": "0a87ba16-e410-4bba-bea0-aad655a7585c", "tenant_id": "08891f3ecd944b419647f3e4beee7d1b", "subnet_id": "f4383897-ca32-46b2-99ed-9574f867e16d", "subnet_ids": ["f4383897-ca32-46b2-99ed-9574f867e16d"], "port_id": "3389a694-8370-42a1-b169-e4c556d8deac", "id": "b3645714-6ca3-4d0b-95d6-5cbbcb62ab54"}
2016-01-27 13:29:21,848 15918 INFO     [tempest_lib.common.rest_client] Request (TestNetworkBasicOps:test_connectivity_between_vms_on_different_networks): 200 GET http://10.4.1.3:9696/v2.0/networks 0.213s
2016-01-27 13:29:21,848 15918 DEBUG    [tempest_lib.common.rest_client] Request - Headers: {'Content-Type': 'application/json', 'Accept': 'application/json', 'X-Auth-Token': '&lt;omitted&gt;'}
        Body: None
    Response - Headers: {'status': '200', 'content-length': '1516', 'content-location': 'http://10.4.1.3:9696/v2.0/networks', 'connection': 'close', 'date': 'Wed, 27 Jan 2016 13:29:21 GMT', 'content-type': 'application/json; charset=UTF-8', 'x-openstack-request-id': 'req-ef51a32f-d89d-4f5e-a214-c7d83a3ddf75'}
        Body: {"networks": [{"status": "ACTIVE", "subnets": ["0bc602e6-dedc-4022-a337-ed1aa4c5293d", "97d0fe2a-1d1e-4678-9b5f-11fe06eaa122"], "availability_zone_hints": [], "availability_zones": ["nova"], "name": "public", "provider:physical_network": null, "admin_state_up": true, "tenant_id": "5fd6fe4474c34056acfca2974baddcd6", "mtu": 1450, "router:external": true, "shared": false, "port_security_enabled": true, "provider:network_type": "vxlan", "id": "65e53821-fd32-4ce9-9e3b-9192170e72af", "provider:segmentation_id": 1093}, {"status": "ACTIVE", "subnets": ["d796d005-85aa-420e-9064-e48e20704153", "74f6b8df-1550-44ef-99d8-f3a80b7c285a"], "availability_zone_hints": [], "availability_zones": ["nova"], "name": "private", "provider:physical_network": null, "admin_state_up": true, "tenant_id": "229ffaab0f774b329fe3d787171f886a", "mtu": 1450, "router:external": false, "shared": false, "port_security_enabled": true, "provider:network_type": "vxlan", "id": "cfc48b39-7158-4fdd-9f30-40a3e6df6956", "provider:segmentation_id": 1091}, {"status": "ACTIVE", "subnets": ["f4383897-ca32-46b2-99ed-9574f867e16d"], "availability_zone_hints": [], "availability_zones": ["nova"], "name": "tempest-network-smoke--1258178217", "provider:physical_network": null, "admin_state_up": true, "tenant_id": "08891f3ecd944b419647f3e4beee7d1b", "mtu": 1450, "router:external": false, "shared": false, "port_security_enabled": true, "provider:network_type": "vxlan", "id": "0a87ba16-e410-4bba-bea0-aad655a7585c", "provider:segmentation_id": 1051}]}
2016-01-27 13:29:22,030 15918 INFO     [tempest_lib.common.rest_client] Request (TestNetworkBasicOps:test_connectivity_between_vms_on_different_networks): 200 GET http://10.4.1.3:9696/v2.0/subnets 0.181s
2016-01-27 13:29:22,031 15918 DEBUG    [tempest_lib.common.rest_client] Request - Headers: {'Content-Type': 'application/json', 'Accept': 'application/json', 'X-Auth-Token': '&lt;omitted&gt;'}
        Body: None
    Response - Headers: {'status': '200', 'content-length': '2407', 'content-location': 'http://10.4.1.3:9696/v2.0/subnets', 'connection': 'close', 'date': 'Wed, 27 Jan 2016 13:29:22 GMT', 'content-type': 'application/json; charset=UTF-8', 'x-openstack-request-id': 'req-6c49dc94-d4da-4db0-be94-21093071816a'}
        Body: {"subnets": [{"name": "tempest-subnet-smoke-462784171", "enable_dhcp": true, "network_id": "0a87ba16-e410-4bba-bea0-aad655a7585c", "tenant_id": "08891f3ecd944b419647f3e4beee7d1b", "dns_nameservers": [], "gateway_ip": "10.100.0.1", "ipv6_ra_mode": null, "allocation_pools": [{"start": "10.100.0.2", "end": "10.100.0.14"}], "host_routes": [], "ip_version": 4, "ipv6_address_mode": null, "cidr": "10.100.0.0/28", "id": "f4383897-ca32-46b2-99ed-9574f867e16d", "subnetpool_id": null}, {"name": "private-subnet", "enable_dhcp": true, "network_id": "cfc48b39-7158-4fdd-9f30-40a3e6df6956", "tenant_id": "229ffaab0f774b329fe3d787171f886a", "dns_nameservers": [], "gateway_ip": "10.0.0.1", "ipv6_ra_mode": null, "allocation_pools": [{"start": "10.0.0.2", "end": "10.0.0.254"}], "host_routes": [], "ip_version": 4, "ipv6_address_mode": null, "cidr": "10.0.0.0/24", "id": "74f6b8df-1550-44ef-99d8-f3a80b7c285a", "subnetpool_id": null}, {"name": "ipv6-private-subnet", "enable_dhcp": true, "network_id": "cfc48b39-7158-4fdd-9f30-40a3e6df6956", "tenant_id": "229ffaab0f774b329fe3d787171f886a", "dns_nameservers": [], "gateway_ip": "fd8e:84c6:b91d::1", "ipv6_ra_mode": "slaac", "allocation_pools": [{"start": "fd8e:84c6:b91d::2", "end": "fd8e:84c6:b91d:0:ffff:ffff:ffff:ffff"}], "host_routes": [], "ip_version": 6, "ipv6_address_mode": "slaac", "cidr": "fd8e:84c6:b91d::/64", "id": "d796d005-85aa-420e-9064-e48e20704153", "subnetpool_id": null}, {"name": "public-subnet", "enable_dhcp": false, "network_id": "65e53821-fd32-4ce9-9e3b-9192170e72af", "tenant_id": "5fd6fe4474c34056acfca2974baddcd6", "dns_nameservers": [], "gateway_ip": "172.24.4.1", "ipv6_ra_mode": null, "allocation_pools": [{"start": "172.24.4.2", "end": "172.24.4.254"}], "host_routes": [], "ip_version": 4, "ipv6_address_mode": null, "cidr": "172.24.4.0/24", "id": "0bc602e6-dedc-4022-a337-ed1aa4c5293d", "subnetpool_id": null}, {"name": "ipv6-public-subnet", "enable_dhcp": false, "network_id": "65e53821-fd32-4ce9-9e3b-9192170e72af", "tenant_id": "5fd6fe4474c34056acfca2974baddcd6", "dns_nameservers": [], "gateway_ip": "2001:db8::2", "ipv6_ra_mode": null, "allocation_pools": [{"start": "2001:db8::1", "end": "2001:db8::1"}, {"start": "2001:db8::3", "end": "2001:db8::ffff:ffff:ffff:ffff"}], "host_routes": [], "ip_version": 6, "ipv6_address_mode": null, "cidr": "2001:db8::/64", "id": "97d0fe2a-1d1e-4678-9b5f-11fe06eaa122", "subnetpool_id": null}]}
2016-01-27 13:29:22,230 15918 INFO     [tempest_lib.common.rest_client] Request (TestNetworkBasicOps:test_connectivity_between_vms_on_different_networks): 200 GET http://10.4.1.3:9696/v2.0/routers 0.198s
2016-01-27 13:29:22,230 15918 DEBUG    [tempest_lib.common.rest_client] Request - Headers: {'Content-Type': 'application/json', 'Accept': 'application/json', 'X-Auth-Token': '&lt;omitted&gt;'}
        Body: None
    Response - Headers: {'status': '200', 'content-length': '1012', 'content-location': 'http://10.4.1.3:9696/v2.0/routers', 'connection': 'close', 'date': 'Wed, 27 Jan 2016 13:29:22 GMT', 'content-type': 'application/json; charset=UTF-8', 'x-openstack-request-id': 'req-b069e8c8-9085-4e87-a3f5-2a8d894e2cf6'}
        Body: {"routers": [{"status": "ACTIVE", "external_gateway_info": {"network_id": "65e53821-fd32-4ce9-9e3b-9192170e72af", "enable_snat": true, "external_fixed_ips": [{"subnet_id": "0bc602e6-dedc-4022-a337-ed1aa4c5293d", "ip_address": "172.24.4.3"}, {"subnet_id": "97d0fe2a-1d1e-4678-9b5f-11fe06eaa122", "ip_address": "2001:db8::4"}]}, "name": "tempest-router-smoke-1868333", "admin_state_up": true, "tenant_id": "08891f3ecd944b419647f3e4beee7d1b", "distributed": false, "routes": [], "id": "b3645714-6ca3-4d0b-95d6-5cbbcb62ab54"}, {"status": "ACTIVE", "external_gateway_info": {"network_id": "65e53821-fd32-4ce9-9e3b-9192170e72af", "enable_snat": true, "external_fixed_ips": [{"subnet_id": "0bc602e6-dedc-4022-a337-ed1aa4c5293d", "ip_address": "172.24.4.2"}, {"subnet_id": "97d0fe2a-1d1e-4678-9b5f-11fe06eaa122", "ip_address": "2001:db8::3"}]}, "name": "router1", "admin_state_up": true, "tenant_id": "229ffaab0f774b329fe3d787171f886a", "distributed": false, "routes": [], "id": "db5d2baa-43d5-4c4f-a2cb-917ac2b445aa"}]}
2016-01-27 13:29:22,624 15918 INFO     [tempest_lib.common.rest_client] Request (TestNetworkBasicOps:test_connectivity_between_vms_on_different_networks): 200 POST http://10.4.1.3:8774/v2.1/08891f3ecd944b419647f3e4beee7d1b/os-keypairs 0.393s
2016-01-27 13:29:22,625 15918 DEBUG    [tempest_lib.common.rest_client] Request - Headers: {'Content-Type': 'application/json', 'Accept': 'application/json', 'X-Auth-Token': '&lt;omitted&gt;'}
        Body: {"keypair": {"name": "tempest-TestNetworkBasicOps-76802150"}}
    Response - Headers: {'status': '200', 'content-length': '2323', 'x-compute-request-id': 'req-919d2f97-9df1-4fed-bea8-d9ace3d3652f', 'vary': 'X-OpenStack-Nova-API-Version', 'connection': 'close', 'x-openstack-nova-api-version': '2.1', 'date': 'Wed, 27 Jan 2016 13:29:22 GMT', 'content-type': 'application/json'}
        Body: {"keypair": {"public_key": "ssh-rsa AAAAB3NzaC1yc2EAAAADAQABAAABAQCt3zo+i7KkrkGyJeleWsXhKBuxRRptVUCwStBt0izZy1v6/se5+Vynbsx1uqsgBYMY6BkV9fjdQGHagTL9h9StVbiXPbwtRYkGyDopHmEjATlkxaQtIAbB19lyy89zrbh2uqjrK9SbcJaGtm/2nceeMw5RBSSWNhOzZ0JccflFMa/sjhC34tCkGJLa0/Jo0ABT7lpl2zE6+77uMJIoaQfzLypWG8X+7JVqo0c6UlW9183Eq0B8N6op2UUwCnL7jd7hZgMHM88W2t80XgShjZ4INEszI6+R0cAtoJrzWu+3BCGkP8fN16WgLqDWH4tF/MTNNJkyQ583bRP3CuZ7w5zl Generated-by-Nova", "private_key": "-----BEGIN RSA PRIVATE KEY-----\nMIIEqgIBAAKCAQEArd86PouypK5BsiXpXlrF4SgbsUUabVVAsErQbdIs2ctb+v7H\nuflcp27MdbqrIAWDGOgZFfX43UBh2oEy/YfUrVW4lz28LUWJBsg6KR5hIwE5ZMWk\nLSAGwdfZcsvPc624drqo6yvUm3CWhrZv9p3HnjMOUQUkljYTs2dCXHH5RTGv7I4Q\nt+LQpBiS2tPyaNAAU+5aZdsxOvu+7jCSKGkH8y8qVhvF/uyVaqNHOlJVvdfNxKtA\nfDeqKdlFMApy+43e4WYDBzPPFtrfNF4EoY2eCDRLMyOvkdHALaCa81rvtwQhpD/H\nzdeloC6g1h+LRfzEzTSZMkOfN20T9wrme8Oc5QIDAQABAoIBAE2VLM0Z0qWu57uR\nNReYE3HLTsgD2K3ue4XubCCExuSL3EgcBYzTWuePBgaGO7N3Ii8r6X2mGtzGzKMO\nQW1lfZ22gT5jGqNswp7XGzSbzKYs9qojkoVcJAe8w9d4X+HzIzs/QP5muWB+lXwY\nzc7SSm8pwvqd+9xW1uWXbsIHTT31F0Uez6HZFOcpr7WlX+sWblXxPxNIUcnms+nJ\naJfHTz0OmaZHVVuIIqVnp+5KHUkOW4Hlnf9MTd9z2gWPrQ5K1LPrXlG5Ov1eRk+4\nkcwiekV1IpkgkYhb4fVvd1oJg6A/fMYP8wVHvOKfH0xVHa9qScjvWMvJHT91GRKJ\nUEO8p0ECggCBALu78/iDVbdK0HbufUs/oMZ0b+tS2myI6IqI3F/exksQrLW0PxWE\nP74b8GtgHVFXMKiBWyECKd63+kJM/11MZ7CO/2SZ23g+Y8V2xLqz4U+FzgSuP7cI\n7SdM57/CuW3PQe3SftUrNHweCOtB127IKzFy12/OMr4bRfqL+fKzRP31AoIAgQDt\nGNnakdj3IpR/5wGk+h5hFHgqaz4A6f4kw+XmByOwAQ308+7iRASnNzeYpYhRQvuI\nCyCSJjHIJ8TbtUUjKn0O2AZa8KCiWrVYj59izUD1b4WWv9TPvZt4ZZcRFdpViD18\n8ogvQ928OeYIHm/13Pf4S8u0Jy5YhX1HskCTuPldMQKCAIEAhHrWaAEGdBpvkf4q\nnPeB1YpFkKMfUIgs0dZS7bSf6kkSGAfinKR+9wFwX9Wr2sLUq5TdYiXMtkbObAs6\nCfTpF0dSIwQQRIKClc6Cdd6KmTurbtIoVFoQQTOcN06K3FruA44Pww6CMzRexuXn\nyV2oXXTVYyj31gAZGf29nO+1OCECggCBAIW3Sz4ynRub/AY6YToK+dEkezTpMJnR\nXcycUu8tPZpIrfdlD2e6lqk7wfYr/TpfPX6XT/I86jyI+UQz8l8H2mnhuYvWQ7Hs\n2HOu5GQTgDwrfjrry3ix5Zm8KbuwCGfOo2bxXY7Shp5eRPZ1PA18Zrk4/hSHOGMi\nPeqOhE8Ltk8xAoIAgQCljDhj1sVr8tQ1GzOiBudP0MHH7A6ufUqgbzTDJoB1cpvx\nYx/IXneoM/z9rzpc0BwTLQOwzZSb9kgBqM3Z4y9cVO9idbycfjO3/Ob4wiLhwcTP\ncI19KGSU47C/txMbyDhISRIE/Hs10YrcCF/wLQ017Le994gWoO1PMfyQPRQVbQ==\n-----END RSA PRIVATE KEY-----\n", "user_id": "de9e8e7b85e2476a9e55f81b8ff47b42", "name": "tempest-TestNetworkBasicOps-76802150", "fingerprint": "f8:b3:01:55:28:e3:94:2e:97:17:18:c2:ba:b5:c4:01"}}
2016-01-27 13:29:22,787 15918 INFO     [tempest_lib.common.rest_client] Request (TestNetworkBasicOps:test_connectivity_between_vms_on_different_networks): 200 POST http://10.4.1.3:5000/v2.0/tokens
2016-01-27 13:29:22,788 15918 DEBUG    [tempest_lib.common.rest_client] Request - Headers: {'Content-Type': 'application/json', 'Accept': 'application/json'}
        Body: &lt;omitted&gt;
    Response - Headers: {'status': '200', 'content-length': '2258', 'vary': 'X-Auth-Token', 'server': 'Apache/2.4.7 (Ubuntu)', 'connection': 'close', 'date': 'Wed, 27 Jan 2016 13:29:22 GMT', 'content-type': 'application/json', 'x-openstack-request-id': 'req-d96b5720-d832-4b6c-af88-5e7b323f4258'}
        Body: {"access": {"token": {"issued_at": "2016-01-27T13:29:22.773766", "expires": "2016-01-27T14:29:22Z", "id": "a5390073a1e64284bac51d0faf8f230f", "tenant": {"description": "tempest-TestNetworkBasicOps-1214679478-desc", "enabled": true, "id": "08891f3ecd944b419647f3e4beee7d1b", "name": "tempest-TestNetworkBasicOps-1214679478"}, "audit_ids": ["TmS6oFfRRKagET3O2LQNUg"]}, "serviceCatalog": [{"endpoints": [{"adminURL": "http://10.4.1.3:9292", "region": "RegionOne", "internalURL": "http://10.4.1.3:9292", "id": "201aef01c3874e2db05ffccf1cb30e9b", "publicURL": "http://10.4.1.3:9292"}], "endpoints_links": [], "type": "image", "name": "glance"}, {"endpoints": [{"adminURL": "http://10.4.1.3:8774/v2.1/08891f3ecd944b419647f3e4beee7d1b", "region": "RegionOne", "internalURL": "http://10.4.1.3:8774/v2.1/08891f3ecd944b419647f3e4beee7d1b", "id": "068c93ef372a40028dbe4dc2a65b9b0a", "publicURL": "http://10.4.1.3:8774/v2.1/08891f3ecd944b419647f3e4beee7d1b"}], "endpoints_links": [], "type": "compute", "name": "nova"}, {"endpoints": [{"adminURL": "http://10.4.1.3:8774/v2/08891f3ecd944b419647f3e4beee7d1b", "region": "RegionOne", "internalURL": "http://10.4.1.3:8774/v2/08891f3ecd944b419647f3e4beee7d1b", "id": "1c1292fb53df4cf384aabf3c9fa545a3", "publicURL": "http://10.4.1.3:8774/v2/08891f3ecd944b419647f3e4beee7d1b"}], "endpoints_links": [], "type": "compute_legacy", "name": "nova_legacy"}, {"endpoints": [{"adminURL": "http://10.4.1.3:35357/v2.0", "region": "RegionOne", "internalURL": "http://10.4.1.3:5000/v2.0", "id": "8d13e4efac394abe9933a8e4db609623", "publicURL": "http://10.4.1.3:5000/v2.0"}], "endpoints_links": [], "type": "identity", "name": "keystone"}, {"endpoints": [{"adminURL": "http://10.4.1.3:9696/", "region": "RegionOne", "internalURL": "http://10.4.1.3:9696/", "id": "27beb7825a7849eaa4ca3d3272e0898f", "publicURL": "http://10.4.1.3:9696/"}], "endpoints_links": [], "type": "network", "name": "neutron"}], "user": {"username": "tempest-TestNetworkBasicOps-423697965", "roles_links": [], "id": "de9e8e7b85e2476a9e55f81b8ff47b42", "roles": [{"name": "_member_"}, {"name": "Member"}], "name": "tempest-TestNetworkBasicOps-423697965"}, "metadata": {"is_admin": 0, "roles": ["9fe2ff9ee4384b1894a90878d3e92bab", "e6eae03cc28343d28b299d691ed1d6b3"]}}}
2016-01-27 13:29:22,795 15918 DEBUG    [tempest.common.fixed_network] (TestNetworkBasicOps:test_connectivity_between_vms_on_different_networks) No valid network provided or created, defaulting to fixed_network_name
2016-01-27 13:29:23,183 15918 INFO     [tempest_lib.common.rest_client] Request (TestNetworkBasicOps:test_connectivity_between_vms_on_different_networks): 200 GET http://10.4.1.3:8774/v2.1/08891f3ecd944b419647f3e4beee7d1b/os-networks 0.387s
2016-01-27 13:29:23,184 15918 DEBUG    [tempest_lib.common.rest_client] Request - Headers: {'Content-Type': 'application/json', 'Accept': 'application/json', 'X-Auth-Token': '&lt;omitted&gt;'}
        Body: None
    Response - Headers: {'status': '200', 'content-length': '479', 'content-location': 'http://10.4.1.3:8774/v2.1/08891f3ecd944b419647f3e4beee7d1b/os-networks', 'x-compute-request-id': 'req-b2168a0a-b350-4181-98d7-03fbe09ad10c', 'vary': 'X-OpenStack-Nova-API-Version', 'connection': 'close', 'x-openstack-nova-api-version': '2.1', 'date': 'Wed, 27 Jan 2016 13:29:23 GMT', 'content-type': 'application/json'}
        Body: {"networks": [{"cidr_v6": null, "dns2": null, "dns1": null, "gateway": null, "broadcast": null, "netmask": null, "gateway_v6": null, "cidr": null, "label": "public", "id": "65e53821-fd32-4ce9-9e3b-9192170e72af", "netmask_v6": null}, {"cidr_v6": null, "dns2": null, "dns1": null, "gateway": null, "broadcast": null, "netmask": null, "gateway_v6": null, "cidr": null, "label": "tempest-network-smoke--1258178217", "id": "0a87ba16-e410-4bba-bea0-aad655a7585c", "netmask_v6": null}]}
2016-01-27 13:29:23,185 15918 WARNING  [tempest.common.fixed_network] (TestNetworkBasicOps:test_connectivity_between_vms_on_different_networks) Network with name: private not found
2016-01-27 13:29:23,185 15918 INFO     [tempest.common.fixed_network] (TestNetworkBasicOps:test_connectivity_between_vms_on_different_networks) Found network {} available for tenant
2016-01-27 13:29:26,294 15918 INFO     [tempest_lib.common.rest_client] Request (TestNetworkBasicOps:test_connectivity_between_vms_on_different_networks): 202 POST http://10.4.1.3:8774/v2.1/08891f3ecd944b419647f3e4beee7d1b/servers 3.108s
2016-01-27 13:29:26,295 15918 DEBUG    [tempest_lib.common.rest_client] Request - Headers: {'Content-Type': 'application/json', 'Accept': 'application/json', 'X-Auth-Token': '&lt;omitted&gt;'}
        Body: {"server": {"name": "tempest-server-smoke-577729875", "imageRef": "cb4de43f-8fca-4849-95ca-d37aec2a029c", "key_name": "tempest-TestNetworkBasicOps-76802150", "flavorRef": "42", "networks": [{"uuid": "0a87ba16-e410-4bba-bea0-aad655a7585c"}], "security_groups": [{"name": "tempest-secgroup-smoke-26146177"}]}}
    Response - Headers: {'status': '202', 'content-length': '458', 'x-compute-request-id': 'req-f4c7e233-5b8a-4801-8b02-d290ae95409a', 'vary': 'X-OpenStack-Nova-API-Version', 'connection': 'close', 'location': 'http://10.4.1.3:8774/v2.1/08891f3ecd944b419647f3e4beee7d1b/servers/ed200122-6a23-479a-8a12-4b847bdd21e1', 'x-openstack-nova-api-version': '2.1', 'date': 'Wed, 27 Jan 2016 13:29:26 GMT', 'content-type': 'application/json'}
        Body: {"server": {"security_groups": [{"name": "tempest-secgroup-smoke-26146177"}], "OS-DCF:diskConfig": "MANUAL", "id": "ed200122-6a23-479a-8a12-4b847bdd21e1", "links": [{"href": "http://10.4.1.3:8774/v2.1/08891f3ecd944b419647f3e4beee7d1b/servers/ed200122-6a23-479a-8a12-4b847bdd21e1", "rel": "self"}, {"href": "http://10.4.1.3:8774/08891f3ecd944b419647f3e4beee7d1b/servers/ed200122-6a23-479a-8a12-4b847bdd21e1", "rel": "bookmark"}], "adminPass": "XrzdY2bLWLv8"}}
2016-01-27 13:29:26,709 15918 INFO     [tempest_lib.common.rest_client] Request (TestNetworkBasicOps:test_connectivity_between_vms_on_different_networks): 200 GET http://10.4.1.3:8774/v2.1/08891f3ecd944b419647f3e4beee7d1b/servers/ed200122-6a23-479a-8a12-4b847bdd21e1 0.411s
2016-01-27 13:29:26,710 15918 DEBUG    [tempest_lib.common.rest_client] Request - Headers: {'Content-Type': 'application/json', 'Accept': 'application/json', 'X-Auth-Token': '&lt;omitted&gt;'}
        Body: None
    Response - Headers: {'status': '200', 'content-length': '1338', 'content-location': 'http://10.4.1.3:8774/v2.1/08891f3ecd944b419647f3e4beee7d1b/servers/ed200122-6a23-479a-8a12-4b847bdd21e1', 'x-compute-request-id': 'req-b4be38a1-6528-471d-ac17-9acf0b64406e', 'vary': 'X-OpenStack-Nova-API-Version', 'connection': 'close', 'x-openstack-nova-api-version': '2.1', 'date': 'Wed, 27 Jan 2016 13:29:26 GMT', 'content-type': 'application/json'}
        Body: {"server": {"status": "BUILD", "updated": "2016-01-27T13:29:26Z", "hostId": "", "addresses": {}, "links": [{"href": "http://10.4.1.3:8774/v2.1/08891f3ecd944b419647f3e4beee7d1b/servers/ed200122-6a23-479a-8a12-4b847bdd21e1", "rel": "self"}, {"href": "http://10.4.1.3:8774/08891f3ecd944b419647f3e4beee7d1b/servers/ed200122-6a23-479a-8a12-4b847bdd21e1", "rel": "bookmark"}], "key_name": "tempest-TestNetworkBasicOps-76802150", "image": {"id": "cb4de43f-8fca-4849-95ca-d37aec2a029c", "links": [{"href": "http://10.4.1.3:8774/08891f3ecd944b419647f3e4beee7d1b/images/cb4de43f-8fca-4849-95ca-d37aec2a029c", "rel": "bookmark"}]}, "OS-EXT-STS:task_state": "scheduling", "OS-EXT-STS:vm_state": "building", "OS-SRV-USG:launched_at": null, "flavor": {"id": "42", "links": [{"href": "http://10.4.1.3:8774/08891f3ecd944b419647f3e4beee7d1b/flavors/42", "rel": "bookmark"}]}, "id": "ed200122-6a23-479a-8a12-4b847bdd21e1", "OS-SRV-USG:terminated_at": null, "OS-EXT-AZ:availability_zone": "", "user_id": "de9e8e7b85e2476a9e55f81b8ff47b42", "name": "tempest-server-smoke-577729875", "created": "2016-01-27T13:29:26Z", "tenant_id": "08891f3ecd944b419647f3e4beee7d1b", "OS-DCF:diskConfig": "MANUAL", "os-extended-volumes:volumes_attached": [], "accessIPv4": "", "accessIPv6": "", "progress": 0, "OS-EXT-STS:power_state": 0, "config_drive": "", "metadata": {}}}
2016-01-27 13:29:28,516 15918 INFO     [tempest_lib.common.rest_client] Request (TestNetworkBasicOps:test_connectivity_between_vms_on_different_networks): 200 GET http://10.4.1.3:8774/v2.1/08891f3ecd944b419647f3e4beee7d1b/servers/ed200122-6a23-479a-8a12-4b847bdd21e1 0.795s
2016-01-27 13:29:28,517 15918 DEBUG    [tempest_lib.common.rest_client] Request - Headers: {'Content-Type': 'application/json', 'Accept': 'application/json', 'X-Auth-Token': '&lt;omitted&gt;'}
        Body: None
    Response - Headers: {'status': '200', 'content-length': '1462', 'content-location': 'http://10.4.1.3:8774/v2.1/08891f3ecd944b419647f3e4beee7d1b/servers/ed200122-6a23-479a-8a12-4b847bdd21e1', 'x-compute-request-id': 'req-25b36300-f430-4703-b32c-3c8f62684095', 'vary': 'X-OpenStack-Nova-API-Version', 'connection': 'close', 'x-openstack-nova-api-version': '2.1', 'date': 'Wed, 27 Jan 2016 13:29:28 GMT', 'content-type': 'application/json'}
        Body: {"server": {"status": "BUILD", "updated": "2016-01-27T13:29:27Z", "hostId": "2553462ade1423bb88fa9edaa54b6a089c2aba402a38b51ca1ab1c62", "addresses": {}, "links": [{"href": "http://10.4.1.3:8774/v2.1/08891f3ecd944b419647f3e4beee7d1b/servers/ed200122-6a23-479a-8a12-4b847bdd21e1", "rel": "self"}, {"href": "http://10.4.1.3:8774/08891f3ecd944b419647f3e4beee7d1b/servers/ed200122-6a23-479a-8a12-4b847bdd21e1", "rel": "bookmark"}], "key_name": "tempest-TestNetworkBasicOps-76802150", "image": {"id": "cb4de43f-8fca-4849-95ca-d37aec2a029c", "links": [{"href": "http://10.4.1.3:8774/08891f3ecd944b419647f3e4beee7d1b/images/cb4de43f-8fca-4849-95ca-d37aec2a029c", "rel": "bookmark"}]}, "OS-EXT-STS:task_state": "spawning", "OS-EXT-STS:vm_state": "building", "OS-SRV-USG:launched_at": null, "flavor": {"id": "42", "links": [{"href": "http://10.4.1.3:8774/08891f3ecd944b419647f3e4beee7d1b/flavors/42", "rel": "bookmark"}]}, "id": "ed200122-6a23-479a-8a12-4b847bdd21e1", "security_groups": [{"name": "tempest-secgroup-smoke-26146177"}], "OS-SRV-USG:terminated_at": null, "OS-EXT-AZ:availability_zone": "nova", "user_id": "de9e8e7b85e2476a9e55f81b8ff47b42", "name": "tempest-server-smoke-577729875", "created": "2016-01-27T13:29:26Z", "tenant_id": "08891f3ecd944b419647f3e4beee7d1b", "OS-DCF:diskConfig": "MANUAL", "os-extended-volumes:volumes_attached": [], "accessIPv4": "", "accessIPv6": "", "progress": 0, "OS-EXT-STS:power_state": 0, "config_drive": "", "metadata": {}}}
2016-01-27 13:29:28,534 15918 INFO     [tempest.common.waiters] State transition "BUILD/scheduling" ==&gt; "BUILD/spawning" after 2 second wait
2016-01-27 13:29:30,301 15918 INFO     [tempest_lib.common.rest_client] Request (TestNetworkBasicOps:test_connectivity_between_vms_on_different_networks): 200 GET http://10.4.1.3:8774/v2.1/08891f3ecd944b419647f3e4beee7d1b/servers/ed200122-6a23-479a-8a12-4b847bdd21e1 0.766s
2016-01-27 13:29:30,301 15918 DEBUG    [tempest_lib.common.rest_client] Request - Headers: {'Content-Type': 'application/json', 'Accept': 'application/json', 'X-Auth-Token': '&lt;omitted&gt;'}
        Body: None
    Response - Headers: {'status': '200', 'content-length': '1462', 'content-location': 'http://10.4.1.3:8774/v2.1/08891f3ecd944b419647f3e4beee7d1b/servers/ed200122-6a23-479a-8a12-4b847bdd21e1', 'x-compute-request-id': 'req-cc2d7e42-98a8-47d2-acdd-c3ae987cd71a', 'vary': 'X-OpenStack-Nova-API-Version', 'connection': 'close', 'x-openstack-nova-api-version': '2.1', 'date': 'Wed, 27 Jan 2016 13:29:30 GMT', 'content-type': 'application/json'}
        Body: {"server": {"status": "BUILD", "updated": "2016-01-27T13:29:27Z", "hostId": "2553462ade1423bb88fa9edaa54b6a089c2aba402a38b51ca1ab1c62", "addresses": {}, "links": [{"href": "http://10.4.1.3:8774/v2.1/08891f3ecd944b419647f3e4beee7d1b/servers/ed200122-6a23-479a-8a12-4b847bdd21e1", "rel": "self"}, {"href": "http://10.4.1.3:8774/08891f3ecd944b419647f3e4beee7d1b/servers/ed200122-6a23-479a-8a12-4b847bdd21e1", "rel": "bookmark"}], "key_name": "tempest-TestNetworkBasicOps-76802150", "image": {"id": "cb4de43f-8fca-4849-95ca-d37aec2a029c", "links": [{"href": "http://10.4.1.3:8774/08891f3ecd944b419647f3e4beee7d1b/images/cb4de43f-8fca-4849-95ca-d37aec2a029c", "rel": "bookmark"}]}, "OS-EXT-STS:task_state": "spawning", "OS-EXT-STS:vm_state": "building", "OS-SRV-USG:launched_at": null, "flavor": {"id": "42", "links": [{"href": "http://10.4.1.3:8774/08891f3ecd944b419647f3e4beee7d1b/flavors/42", "rel": "bookmark"}]}, "id": "ed200122-6a23-479a-8a12-4b847bdd21e1", "security_groups": [{"name": "tempest-secgroup-smoke-26146177"}], "OS-SRV-USG:terminated_at": null, "OS-EXT-AZ:availability_zone": "nova", "user_id": "de9e8e7b85e2476a9e55f81b8ff47b42", "name": "tempest-server-smoke-577729875", "created": "2016-01-27T13:29:26Z", "tenant_id": "08891f3ecd944b419647f3e4beee7d1b", "OS-DCF:diskConfig": "MANUAL", "os-extended-volumes:volumes_attached": [], "accessIPv4": "", "accessIPv6": "", "progress": 0, "OS-EXT-STS:power_state": 0, "config_drive": "", "metadata": {}}}
2016-01-27 13:29:32,079 15918 INFO     [tempest_lib.common.rest_client] Request (TestNetworkBasicOps:test_connectivity_between_vms_on_different_networks): 200 GET http://10.4.1.3:8774/v2.1/08891f3ecd944b419647f3e4beee7d1b/servers/ed200122-6a23-479a-8a12-4b847bdd21e1 0.768s
2016-01-27 13:29:32,079 15918 DEBUG    [tempest_lib.common.rest_client] Request - Headers: {'Content-Type': 'application/json', 'Accept': 'application/json', 'X-Auth-Token': '&lt;omitted&gt;'}
        Body: None
    Response - Headers: {'status': '200', 'content-length': '1634', 'content-location': 'http://10.4.1.3:8774/v2.1/08891f3ecd944b419647f3e4beee7d1b/servers/ed200122-6a23-479a-8a12-4b847bdd21e1', 'x-compute-request-id': 'req-f28aba46-a358-46a2-8019-22d6c9e03c36', 'vary': 'X-OpenStack-Nova-API-Version', 'connection': 'close', 'x-openstack-nova-api-version': '2.1', 'date': 'Wed, 27 Jan 2016 13:29:32 GMT', 'content-type': 'application/json'}
        Body: {"server": {"status": "ACTIVE", "updated": "2016-01-27T13:29:31Z", "hostId": "2553462ade1423bb88fa9edaa54b6a089c2aba402a38b51ca1ab1c62", "addresses": {"tempest-network-smoke--1258178217": [{"OS-EXT-IPS-MAC:mac_addr": "fa:16:3e:ba:66:77", "version": 4, "addr": "10.100.0.3", "OS-EXT-IPS:type": "fixed"}]}, "links": [{"href": "http://10.4.1.3:8774/v2.1/08891f3ecd944b419647f3e4beee7d1b/servers/ed200122-6a23-479a-8a12-4b847bdd21e1", "rel": "self"}, {"href": "http://10.4.1.3:8774/08891f3ecd944b419647f3e4beee7d1b/servers/ed200122-6a23-479a-8a12-4b847bdd21e1", "rel": "bookmark"}], "key_name": "tempest-TestNetworkBasicOps-76802150", "image": {"id": "cb4de43f-8fca-4849-95ca-d37aec2a029c", "links": [{"href": "http://10.4.1.3:8774/08891f3ecd944b419647f3e4beee7d1b/images/cb4de43f-8fca-4849-95ca-d37aec2a029c", "rel": "bookmark"}]}, "OS-EXT-STS:task_state": null, "OS-EXT-STS:vm_state": "active", "OS-SRV-USG:launched_at": "2016-01-27T13:29:31.000000", "flavor": {"id": "42", "links": [{"href": "http://10.4.1.3:8774/08891f3ecd944b419647f3e4beee7d1b/flavors/42", "rel": "bookmark"}]}, "id": "ed200122-6a23-479a-8a12-4b847bdd21e1", "security_groups": [{"name": "tempest-secgroup-smoke-26146177"}], "OS-SRV-USG:terminated_at": null, "OS-EXT-AZ:availability_zone": "nova", "user_id": "de9e8e7b85e2476a9e55f81b8ff47b42", "name": "tempest-server-smoke-577729875", "created": "2016-01-27T13:29:26Z", "tenant_id": "08891f3ecd944b419647f3e4beee7d1b", "OS-DCF:diskConfig": "MANUAL", "os-extended-volumes:volumes_attached": [], "accessIPv4": "", "accessIPv6": "", "progress": 0, "OS-EXT-STS:power_state": 1, "config_drive": "True", "metadata": {}}}
2016-01-27 13:29:32,088 15918 INFO     [tempest.common.waiters] State transition "BUILD/spawning" ==&gt; "ACTIVE/None" after 6 second wait
2016-01-27 13:29:32,657 15918 INFO     [tempest_lib.common.rest_client] Request (TestNetworkBasicOps:test_connectivity_between_vms_on_different_networks): 200 GET http://10.4.1.3:8774/v2.1/08891f3ecd944b419647f3e4beee7d1b/servers/ed200122-6a23-479a-8a12-4b847bdd21e1 0.569s
2016-01-27 13:29:32,658 15918 DEBUG    [tempest_lib.common.rest_client] Request - Headers: {'Content-Type': 'application/json', 'Accept': 'application/json', 'X-Auth-Token': '&lt;omitted&gt;'}
        Body: None
    Response - Headers: {'status': '200', 'content-length': '1634', 'content-location': 'http://10.4.1.3:8774/v2.1/08891f3ecd944b419647f3e4beee7d1b/servers/ed200122-6a23-479a-8a12-4b847bdd21e1', 'x-compute-request-id': 'req-c9346ef8-52da-41e5-8fad-805fa3e92a78', 'vary': 'X-OpenStack-Nova-API-Version', 'connection': 'close', 'x-openstack-nova-api-version': '2.1', 'date': 'Wed, 27 Jan 2016 13:29:32 GMT', 'content-type': 'application/json'}
        Body: {"server": {"status": "ACTIVE", "updated": "2016-01-27T13:29:31Z", "hostId": "2553462ade1423bb88fa9edaa54b6a089c2aba402a38b51ca1ab1c62", "addresses": {"tempest-network-smoke--1258178217": [{"OS-EXT-IPS-MAC:mac_addr": "fa:16:3e:ba:66:77", "version": 4, "addr": "10.100.0.3", "OS-EXT-IPS:type": "fixed"}]}, "links": [{"href": "http://10.4.1.3:8774/v2.1/08891f3ecd944b419647f3e4beee7d1b/servers/ed200122-6a23-479a-8a12-4b847bdd21e1", "rel": "self"}, {"href": "http://10.4.1.3:8774/08891f3ecd944b419647f3e4beee7d1b/servers/ed200122-6a23-479a-8a12-4b847bdd21e1", "rel": "bookmark"}], "key_name": "tempest-TestNetworkBasicOps-76802150", "image": {"id": "cb4de43f-8fca-4849-95ca-d37aec2a029c", "links": [{"href": "http://10.4.1.3:8774/08891f3ecd944b419647f3e4beee7d1b/images/cb4de43f-8fca-4849-95ca-d37aec2a029c", "rel": "bookmark"}]}, "OS-EXT-STS:task_state": null, "OS-EXT-STS:vm_state": "active", "OS-SRV-USG:launched_at": "2016-01-27T13:29:31.000000", "flavor": {"id": "42", "links": [{"href": "http://10.4.1.3:8774/08891f3ecd944b419647f3e4beee7d1b/flavors/42", "rel": "bookmark"}]}, "id": "ed200122-6a23-479a-8a12-4b847bdd21e1", "security_groups": [{"name": "tempest-secgroup-smoke-26146177"}], "OS-SRV-USG:terminated_at": null, "OS-EXT-AZ:availability_zone": "nova", "user_id": "de9e8e7b85e2476a9e55f81b8ff47b42", "name": "tempest-server-smoke-577729875", "created": "2016-01-27T13:29:26Z", "tenant_id": "08891f3ecd944b419647f3e4beee7d1b", "OS-DCF:diskConfig": "MANUAL", "os-extended-volumes:volumes_attached": [], "accessIPv4": "", "accessIPv6": "", "progress": 0, "OS-EXT-STS:power_state": 1, "config_drive": "True", "metadata": {}}}
2016-01-27 13:29:32,667 15918 INFO     [tempest.scenario.manager] Tenant networks not configured to be reachable.
2016-01-27 13:29:32,831 15918 INFO     [tempest_lib.common.rest_client] Request (TestNetworkBasicOps:test_connectivity_between_vms_on_different_networks): 200 GET http://10.4.1.3:9696/v2.0/ports?status=ACTIVE&amp;fixed_ip=None&amp;device_id=ed200122-6a23-479a-8a12-4b847bdd21e1 0.163s
2016-01-27 13:29:32,832 15918 DEBUG    [tempest_lib.common.rest_client] Request - Headers: {'Content-Type': 'application/json', 'Accept': 'application/json', 'X-Auth-Token': '&lt;omitted&gt;'}
        Body: None
    Response - Headers: {'status': '200', 'content-length': '895', 'content-location': 'http://10.4.1.3:9696/v2.0/ports?status=ACTIVE&amp;fixed_ip=None&amp;device_id=ed200122-6a23-479a-8a12-4b847bdd21e1', 'connection': 'close', 'date': 'Wed, 27 Jan 2016 13:29:32 GMT', 'content-type': 'application/json; charset=UTF-8', 'x-openstack-request-id': 'req-f96ec434-94d9-4a19-987d-554fda357cf2'}
        Body: {"ports": [{"status": "ACTIVE", "binding:host_id": "vagrant-ubuntu-trusty-64", "allowed_address_pairs": [], "extra_dhcp_opts": [], "dns_assignment": [{"hostname": "host-10-100-0-3", "ip_address": "10.100.0.3", "fqdn": "host-10-100-0-3.openstacklocal."}], "device_owner": "compute:None", "port_security_enabled": true, "binding:profile": {}, "fixed_ips": [{"subnet_id": "f4383897-ca32-46b2-99ed-9574f867e16d", "ip_address": "10.100.0.3"}], "id": "b25e3e74-f5c2-43ec-b7b2-d4215aaac8fd", "security_groups": ["63916018-5281-4b52-8f57-c2ee68bba980"], "device_id": "ed200122-6a23-479a-8a12-4b847bdd21e1", "name": "", "admin_state_up": true, "network_id": "0a87ba16-e410-4bba-bea0-aad655a7585c", "dns_name": "", "binding:vif_details": {"port_filter": true}, "binding:vnic_type": "normal", "binding:vif_type": "ovs", "tenant_id": "08891f3ecd944b419647f3e4beee7d1b", "mac_address": "fa:16:3e:ba:66:77"}]}
2016-01-27 13:29:33,429 15918 INFO     [tempest_lib.common.rest_client] Request (TestNetworkBasicOps:test_connectivity_between_vms_on_different_networks): 201 POST http://10.4.1.3:9696/v2.0/floatingips 0.597s
2016-01-27 13:29:33,430 15918 DEBUG    [tempest_lib.common.rest_client] Request - Headers: {'Content-Type': 'application/json', 'Accept': 'application/json', 'X-Auth-Token': '&lt;omitted&gt;'}
        Body: {"floatingip": {"floating_network_id": "65e53821-fd32-4ce9-9e3b-9192170e72af", "tenant_id": "08891f3ecd944b419647f3e4beee7d1b", "fixed_ip_address": "10.100.0.3", "port_id": "b25e3e74-f5c2-43ec-b7b2-d4215aaac8fd"}}
    Response - Headers: {'status': '201', 'content-length': '369', 'connection': 'close', 'date': 'Wed, 27 Jan 2016 13:29:33 GMT', 'content-type': 'application/json; charset=UTF-8', 'x-openstack-request-id': 'req-104bf13f-99d3-41f2-a3f9-3f57dbc4e792'}
        Body: {"floatingip": {"floating_network_id": "65e53821-fd32-4ce9-9e3b-9192170e72af", "router_id": "b3645714-6ca3-4d0b-95d6-5cbbcb62ab54", "fixed_ip_address": "10.100.0.3", "floating_ip_address": "172.24.4.4", "tenant_id": "08891f3ecd944b419647f3e4beee7d1b", "status": "ACTIVE", "port_id": "b25e3e74-f5c2-43ec-b7b2-d4215aaac8fd", "id": "83d9f3c2-ae5e-446a-adc9-4c22c3e7a594"}}
2016-01-27 13:29:33,566 15918 INFO     [tempest_lib.common.rest_client] Request (TestNetworkBasicOps:test_connectivity_between_vms_on_different_networks): 200 GET http://10.4.1.3:9696/v2.0/floatingips/83d9f3c2-ae5e-446a-adc9-4c22c3e7a594 0.135s
2016-01-27 13:29:33,567 15918 DEBUG    [tempest_lib.common.rest_client] Request - Headers: {'Content-Type': 'application/json', 'Accept': 'application/json', 'X-Auth-Token': '&lt;omitted&gt;'}
        Body: None
    Response - Headers: {'status': '200', 'content-length': '369', 'content-location': 'http://10.4.1.3:9696/v2.0/floatingips/83d9f3c2-ae5e-446a-adc9-4c22c3e7a594', 'connection': 'close', 'date': 'Wed, 27 Jan 2016 13:29:33 GMT', 'content-type': 'application/json; charset=UTF-8', 'x-openstack-request-id': 'req-d833de5a-87e6-405e-9b1d-6d8008e4b2ce'}
        Body: {"floatingip": {"floating_network_id": "65e53821-fd32-4ce9-9e3b-9192170e72af", "router_id": "b3645714-6ca3-4d0b-95d6-5cbbcb62ab54", "fixed_ip_address": "10.100.0.3", "floating_ip_address": "172.24.4.4", "tenant_id": "08891f3ecd944b419647f3e4beee7d1b", "status": "ACTIVE", "port_id": "b25e3e74-f5c2-43ec-b7b2-d4215aaac8fd", "id": "83d9f3c2-ae5e-446a-adc9-4c22c3e7a594"}}
2016-01-27 13:29:33,567 15918 INFO     [tempest.scenario.manager] FloatingIP: &lt;"FloatingIP" addr="172.24.4.4" id="83d9f3c2-ae5e-446a-adc9-4c22c3e7a594"&gt; is at status: ACTIVE
2016-01-27 13:29:33,567 15918 DEBUG    [tempest.scenario.manager] checking network connections to IP 172.24.4.4 with user: cirros
2016-01-27 13:29:33,568 15918 DEBUG    [tempest.scenario.manager] TestNetworkBasicOps:test_connectivity_between_vms_on_different_networks begins to ping 172.24.4.4 in 120 sec and the expected result is reachable
2016-01-27 13:31:35,138 15918 DEBUG    [tempest.scenario.manager] TestNetworkBasicOps:test_connectivity_between_vms_on_different_networks finishes ping 172.24.4.4 in 120 sec and the ping result is unexpected
2016-01-27 13:31:35,141 15918 ERROR    [tempest.scenario.manager] Public network connectivity check failed
2016-01-27 13:31:35.141 15918 ERROR tempest.scenario.manager Traceback (most recent call last):
2016-01-27 13:31:35.141 15918 ERROR tempest.scenario.manager   File "tempest/scenario/manager.py", line 610, in check_public_network_connectivity
2016-01-27 13:31:35.141 15918 ERROR tempest.scenario.manager     should_connect=should_connect)
2016-01-27 13:31:35.141 15918 ERROR tempest.scenario.manager   File "tempest/scenario/manager.py", line 594, in check_vm_connectivity
2016-01-27 13:31:35.141 15918 ERROR tempest.scenario.manager     msg=msg)
2016-01-27 13:31:35.141 15918 ERROR tempest.scenario.manager   File "/usr/local/lib/python2.7/dist-packages/unittest2/case.py", line 702, in assertTrue
2016-01-27 13:31:35.141 15918 ERROR tempest.scenario.manager     raise self.failureException(msg)
2016-01-27 13:31:35.141 15918 ERROR tempest.scenario.manager AssertionError: False is not true : Timed out waiting for 172.24.4.4 to become reachable
2016-01-27 13:31:35.141 15918 ERROR tempest.scenario.manager 
2016-01-27 13:31:35,511 15918 INFO     [tempest_lib.common.rest_client] Request (TestNetworkBasicOps:test_connectivity_between_vms_on_different_networks): 200 POST http://10.4.1.3:8774/v2.1/08891f3ecd944b419647f3e4beee7d1b/servers/ed200122-6a23-479a-8a12-4b847bdd21e1/action 0.366s
2016-01-27 13:31:35,512 15918 DEBUG    [tempest_lib.common.rest_client] Request - Headers: {'Content-Type': 'application/json', 'Accept': 'application/json', 'X-Auth-Token': '&lt;omitted&gt;'}
        Body: {"os-getConsoleOutput": {}}
    Response - Headers: {'status': '200', 'content-length': '17428', 'x-compute-request-id': 'req-f69c3e22-3fdf-4830-b290-5a11b56328a8', 'vary': 'X-OpenStack-Nova-API-Version', 'connection': 'close', 'x-openstack-nova-api-version': '2.1', 'date': 'Wed, 27 Jan 2016 13:31:35 GMT', 'content-type': 'application/json'}
        Body: {"output": "[    0.000000] Initializing cgroup subsys cpuset\n[    0.000000] Initializing cgroup subsys cpu\n[    0.000000] Linux version 3.2.0-80-virtual (buildd@batsu) (gcc version 4.6.3 (Ubuntu/Linaro 4.6.3-1ubuntu5) ) #116-Ubuntu SMP Mon Mar 23 17:28:52 UTC 2015 (Ubuntu 3.2.0-80.116-virtual 3.2.68)\n[    0.000000] Command line: root=/dev/vda console=tty0 console=ttyS0 no_timer_check\n[    0.000000] KERNEL supported cpus:\n[    0.000000]   Intel GenuineIntel\n[    0.000000]   AMD AuthenticAMD\n[    0.000000]   Centaur CentaurHauls\n[    0.000000] BIOS-provided physical RAM map:\n[    0.000000]  BIOS-e820: 0000000000000000 - 000000000009fc00 (usable)\n[    0.000000]  BIOS-e820: 000000000009fc00 - 00000000000a0000 (reserved)\n[    0.000000]  BIOS-e820: 00000000000f0000 - 0000000000100000 (reserved)\n[    0.000000]  BIOS-e820: 0000000000100000 - 0000000003ffe000 (usable)\n[    0.000000]  BIOS-e820: 0000000003ffe000 - 0000000004000000 (reserved)\n[    0.000000]  BIOS-e820: 00000000fffc0000 - 0000000100000000 (reserved)\n[    0.000000] NX (Execute Disable) protection: active\n[    0.000000] SMBIOS 2.4 present.\n[    0.000000] No AGP bridge found\n[    0.000000] last_pfn = 0x3ffe max_arch_pfn = 0x400000000\n[    0.000000] x86 PAT enabled: cpu 0, old 0x7040600070406, new 0x7010600070106\n[    0.000000] found SMP MP-table at [ffff8800000f0b00] f0b00\n[    0.000000] init_memory_mapping: 0000000000000000-0000000003ffe000\n[    0.000000] RAMDISK: 03c5e000 - 03ff0000\n[    0.000000] ACPI: RSDP 00000000000f0950 00014 (v00 BOCHS )\n[    0.000000] ACPI: RSDT 0000000003fffbc1 00034 (v01 BOCHS  BXPCRSDT 00000001 BXPC 00000001)\n[    0.000000] ACPI: FACP 0000000003fff1c0 00074 (v01 BOCHS  BXPCFACP 00000001 BXPC 00000001)\n[    0.000000] ACPI: DSDT 0000000003ffe040 01180 (v01 BOCHS  BXPCDSDT 00000001 BXPC 00000001)\n[    0.000000] ACPI: FACS 0000000003ffe000 00040\n[    0.000000] ACPI: SSDT 0000000003fff234 008DD (v01 BOCHS  BXPCSSDT 00000001 BXPC 00000001)\n[    0.000000] ACPI: APIC 0000000003fffb11 00078 (v01 BOCHS  BXPCAPIC 00000001 BXPC 00000001)\n[    0.000000] ACPI: HPET 0000000003fffb89 00038 (v01 BOCHS  BXPCHPET 00000001 BXPC 00000001)\n[    0.000000] No NUMA configuration found\n[    0.000000] Faking a node at 0000000000000000-0000000003ffe000\n[    0.000000] Initmem setup node 0 0000000000000000-0000000003ffe000\n[    0.000000]   NODE_DATA [0000000003ff6000 - 0000000003ffafff]\n[    0.000000] Zone PFN ranges:\n[    0.000000]   DMA      0x00000010 -&gt; 0x00001000\n[    0.000000]   DMA32    0x00001000 -&gt; 0x00100000\n[    0.000000]   Normal   empty\n[    0.000000] Movable zone start PFN for each node\n[    0.000000] early_node_map[2] active PFN ranges\n[    0.000000]     0: 0x00000010 -&gt; 0x0000009f\n[    0.000000]     0: 0x00000100 -&gt; 0x00003ffe\n[    0.000000] ACPI: PM-Timer IO Port: 0xb008\n[    0.000000] ACPI: LAPIC (acpi_id[0x00] lapic_id[0x00] enabled)\n[    0.000000] ACPI: LAPIC_NMI (acpi_id[0xff] dfl dfl lint[0x1])\n[    0.000000] ACPI: IOAPIC (id[0x00] address[0xfec00000] gsi_base[0])\n[    0.000000] IOAPIC[0]: apic_id 0, version 17, address 0xfec00000, GSI 0-23\n[    0.000000] ACPI: INT_SRC_OVR (bus 0 bus_irq 0 global_irq 2 dfl dfl)\n[    0.000000] ACPI: INT_SRC_OVR (bus 0 bus_irq 5 global_irq 5 high level)\n[    0.000000] ACPI: INT_SRC_OVR (bus 0 bus_irq 9 global_irq 9 high level)\n[    0.000000] ACPI: INT_SRC_OVR (bus 0 bus_irq 10 global_irq 10 high level)\n[    0.000000] ACPI: INT_SRC_OVR (bus 0 bus_irq 11 global_irq 11 high level)\n[    0.000000] Using ACPI (MADT) for SMP configuration information\n[    0.000000] ACPI: HPET id: 0x8086a201 base: 0xfed00000\n[    0.000000] SMP: Allowing 1 CPUs, 0 hotplug CPUs\n[    0.000000] PM: Registered nosave memory: 000000000009f000 - 00000000000a0000\n[    0.000000] PM: Registered nosave memory: 00000000000a0000 - 00000000000f0000\n[    0.000000] PM: Registered nosave memory: 00000000000f0000 - 0000000000100000\n[    0.000000] Allocating PCI resources starting at 4000000 (gap: 4000000:fbfc0000)\n[    0.000000] Booting paravirtualized kernel on bare hardware\n[    0.000000] setup_pe
2016-01-27 13:31:35,516 15918 DEBUG    [tempest.scenario.manager] Console output for ed200122-6a23-479a-8a12-4b847bdd21e1
body=
[    0.000000] Initializing cgroup subsys cpuset
[    0.000000] Initializing cgroup subsys cpu
[    0.000000] Linux version 3.2.0-80-virtual (buildd@batsu) (gcc version 4.6.3 (Ubuntu/Linaro 4.6.3-1ubuntu5) ) #116-Ubuntu SMP Mon Mar 23 17:28:52 UTC 2015 (Ubuntu 3.2.0-80.116-virtual 3.2.68)
[    0.000000] Command line: root=/dev/vda console=tty0 console=ttyS0 no_timer_check
[    0.000000] KERNEL supported cpus:
[    0.000000]   Intel GenuineIntel
[    0.000000]   AMD AuthenticAMD
[    0.000000]   Centaur CentaurHauls
[    0.000000] BIOS-provided physical RAM map:
[    0.000000]  BIOS-e820: 0000000000000000 - 000000000009fc00 (usable)
[    0.000000]  BIOS-e820: 000000000009fc00 - 00000000000a0000 (reserved)
[    0.000000]  BIOS-e820: 00000000000f0000 - 0000000000100000 (reserved)
[    0.000000]  BIOS-e820: 0000000000100000 - 0000000003ffe000 (usable)
[    0.000000]  BIOS-e820: 0000000003ffe000 - 0000000004000000 (reserved)
[    0.000000]  BIOS-e820: 00000000fffc0000 - 0000000100000000 (reserved)
[    0.000000] NX (Execute Disable) protection: active
[    0.000000] SMBIOS 2.4 present.
[    0.000000] No AGP bridge found
[    0.000000] last_pfn = 0x3ffe max_arch_pfn = 0x400000000
[    0.000000] x86 PAT enabled: cpu 0, old 0x7040600070406, new 0x7010600070106
[    0.000000] found SMP MP-table at [ffff8800000f0b00] f0b00
[    0.000000] init_memory_mapping: 0000000000000000-0000000003ffe000
[    0.000000] RAMDISK: 03c5e000 - 03ff0000
[    0.000000] ACPI: RSDP 00000000000f0950 00014 (v00 BOCHS )
[    0.000000] ACPI: RSDT 0000000003fffbc1 00034 (v01 BOCHS  BXPCRSDT 00000001 BXPC 00000001)
[    0.000000] ACPI: FACP 0000000003fff1c0 00074 (v01 BOCHS  BXPCFACP 00000001 BXPC 00000001)
[    0.000000] ACPI: DSDT 0000000003ffe040 01180 (v01 BOCHS  BXPCDSDT 00000001 BXPC 00000001)
[    0.000000] ACPI: FACS 0000000003ffe000 00040
[    0.000000] ACPI: SSDT 0000000003fff234 008DD (v01 BOCHS  BXPCSSDT 00000001 BXPC 00000001)
[    0.000000] ACPI: APIC 0000000003fffb11 00078 (v01 BOCHS  BXPCAPIC 00000001 BXPC 00000001)
[    0.000000] ACPI: HPET 0000000003fffb89 00038 (v01 BOCHS  BXPCHPET 00000001 BXPC 00000001)
[    0.000000] No NUMA configuration found
[    0.000000] Faking a node at 0000000000000000-0000000003ffe000
[    0.000000] Initmem setup node 0 0000000000000000-0000000003ffe000
[    0.000000]   NODE_DATA [0000000003ff6000 - 0000000003ffafff]
[    0.000000] Zone PFN ranges:
[    0.000000]   DMA      0x00000010 -&gt; 0x00001000
[    0.000000]   DMA32    0x00001000 -&gt; 0x00100000
[    0.000000]   Normal   empty
[    0.000000] Movable zone start PFN for each node
[    0.000000] early_node_map[2] active PFN ranges
[    0.000000]     0: 0x00000010 -&gt; 0x0000009f
[    0.000000]     0: 0x00000100 -&gt; 0x00003ffe
[    0.000000] ACPI: PM-Timer IO Port: 0xb008
[    0.000000] ACPI: LAPIC (acpi_id[0x00] lapic_id[0x00] enabled)
[    0.000000] ACPI: LAPIC_NMI (acpi_id[0xff] dfl dfl lint[0x1])
[    0.000000] ACPI: IOAPIC (id[0x00] address[0xfec00000] gsi_base[0])
[    0.000000] IOAPIC[0]: apic_id 0, version 17, address 0xfec00000, GSI 0-23
[    0.000000] ACPI: INT_SRC_OVR (bus 0 bus_irq 0 global_irq 2 dfl dfl)
[    0.000000] ACPI: INT_SRC_OVR (bus 0 bus_irq 5 global_irq 5 high level)
[    0.000000] ACPI: INT_SRC_OVR (bus 0 bus_irq 9 global_irq 9 high level)
[    0.000000] ACPI: INT_SRC_OVR (bus 0 bus_irq 10 global_irq 10 high level)
[    0.000000] ACPI: INT_SRC_OVR (bus 0 bus_irq 11 global_irq 11 high level)
[    0.000000] Using ACPI (MADT) for SMP configuration information
[    0.000000] ACPI: HPET id: 0x8086a201 base: 0xfed00000
[    0.000000] SMP: Allowing 1 CPUs, 0 hotplug CPUs
[    0.000000] PM: Registered nosave memory: 000000000009f000 - 00000000000a0000
[    0.000000] PM: Registered nosave memory: 00000000000a0000 - 00000000000f0000
[    0.000000] PM: Registered nosave memory: 00000000000f0000 - 0000000000100000
[    0.000000] Allocating PCI resources starting at 4000000 (gap: 4000000:fbfc0000)
[    0.000000] Booting paravirtualized kernel on bare hardware
[    0.000000] setup_percpu: NR_CPUS:64 nr_cpumask_bits:64 nr_cpu_ids:1 nr_node_ids:1
[    0.000000] PERCPU: Embedded 27 pages/cpu @ffff880003a00000 s78848 r8192 d23552 u2097152
[    0.000000] Built 1 zonelists in Node order, mobility grouping on.  Total pages: 16008
[    0.000000] Policy zone: DMA32
[    0.000000] Kernel command line: root=/dev/vda console=tty0 console=ttyS0 no_timer_check
[    0.000000] PID hash table entries: 256 (order: -1, 2048 bytes)
[    0.000000] Checking aperture...
[    0.000000] No AGP bridge found
[    0.000000] Memory: 43492k/65528k available (6576k kernel code, 452k absent, 21584k reserved, 6620k data, 928k init)
[    0.000000] SLUB: Genslabs=15, HWalign=64, Order=0-3, MinObjects=0, CPUs=1, Nodes=1
[    0.000000] Hierarchical RCU implementation.
[    0.000000] 	RCU dyntick-idle grace-period acceleration is enabled.
[    0.000000] NR_IRQS:4352 nr_irqs:256 16
[    0.000000] Console: colour VGA+ 80x25
[    0.000000] console [tty0] enabled
[    0.000000] console [ttyS0] enabled
[    0.000000] allocated 1048576 bytes of page_cgroup
[    0.000000] please try 'cgroup_disable=memory' option if you don't want memory cgroups
[    0.000000] Fast TSC calibration failed
[    0.000000] TSC: Unable to calibrate against PIT
[    0.000000] TSC: using HPET reference calibration
[    0.000000] Detected 2295.047 MHz processor.
[    0.029533] Calibrating delay loop (skipped), value calculated using timer frequency.. 4590.09 BogoMIPS (lpj=9180188)
[    0.031363] pid_max: default: 32768 minimum: 301
[    0.042093] Security Framework initialized
[    0.048324] AppArmor: AppArmor initialized
[    0.048991] Yama: becoming mindful.
[    0.056265] Dentry cache hash table entries: 8192 (order: 4, 65536 bytes)
[    0.057782] Inode-cache hash table entries: 4096 (order: 3, 32768 bytes)
[    0.060161] Mount-cache hash table entries: 256
[    0.076566] Initializing cgroup subsys cpuacct
[    0.077554] Initializing cgroup subsys memory
[    0.080168] Initializing cgroup subsys devices
[    0.080902] Initializing cgroup subsys freezer
[    0.081681] Initializing cgroup subsys blkio
[    0.082372] Initializing cgroup subsys perf_event
[    0.086640] mce: CPU supports 10 MCE banks
[    0.089461] SMP alternatives: switching to UP code
[    0.501803] Freeing SMP alternatives: 24k freed
[    0.505000] ACPI: Core revision 20110623
[    0.552448] ftrace: allocating 26610 entries in 105 pages
[    0.587478] ..TIMER: vector=0x30 apic1=0 pin1=2 apic2=-1 pin2=-1
[    0.588176] CPU0: AMD QEMU Virtual CPU version 2.0.0 stepping 03
[    0.596036] Performance Events: Broken PMU hardware detected, using software events only.
[    0.604900] NMI watchdog disabled (cpu0): hardware events not enabled
[    0.606432] Brought up 1 CPUs
[    0.606974] Total of 1 processors activated (4590.09 BogoMIPS).
[    0.630787] devtmpfs: initialized
[    0.658765] EVM: security.selinux
[    0.659229] EVM: security.SMACK64
[    0.660040] EVM: security.capability
[    0.680597] print_constraints: dummy: 
[    0.682300] RTC time: 13:29:34, date: 01/27/16
[    0.685186] NET: Registered protocol family 16
[    0.693206] ACPI: bus type pci registered
[    0.696941] PCI: Using configuration type 1 for base access
[    0.733498] bio: create slab &lt;bio-0&gt; at 0
[    0.737818] ACPI: Added _OSI(Module Device)
[    0.738432] ACPI: Added _OSI(Processor Device)
[    0.738976] ACPI: Added _OSI(3.0 _SCP Extensions)
[    0.740203] ACPI: Added _OSI(Processor Aggregator Device)
[    0.806566] ACPI: Interpreter enabled
[    0.807139] ACPI: (supports S0 S3 S4 S5)
[    0.809298] ACPI: Using IOAPIC for interrupt routing
[    0.905708] ACPI: No dock devices found.
[    0.907046] HEST: Table not found.
[    0.908330] PCI: Using host bridge windows from ACPI; if necessary, use "pci=nocrs" and report a bug
[    0.917620] ACPI: PCI Root Bridge [PCI0] (domain 0000 [bus 00-ff])
[    0.928485] pci_root PNP0A03:00: host bridge window [io  0x0000-0x0cf7]
[    0.929724] pci_root PNP0A03:00: host bridge window [io  0x0d00-0xadff]
[    0.931188] pci_root PNP0A03:00: host bridge window [io  0xae0f-0xaeff]
[    0.932128] pci_root PNP0A03:00: host bridge window [io  0xaf20-0xafdf]
[    0.933250] pci_root PNP0A03:00: host bridge window [io  0xafe4-0xffff]
[    0.936170] pci_root PNP0A03:00: host bridge window [mem 0x000a0000-0x000bffff]
[    0.937134] pci_root PNP0A03:00: host bridge window [mem 0x04000000-0xfebfffff]
[    0.960780] pci 0000:00:01.3: quirk: [io  0xb000-0xb03f] claimed by PIIX4 ACPI
[    0.961836] pci 0000:00:01.3: quirk: [io  0xb100-0xb10f] claimed by PIIX4 SMB
[    1.024609]  pci0000:00: Unable to request _OSC control (_OSC support mask: 0x1e)
[    1.101009] ACPI: PCI Interrupt Link [LNKA] (IRQs 5 *10 11)
[    1.104955] ACPI: PCI Interrupt Link [LNKB] (IRQs 5 *10 11)
[    1.106677] ACPI: PCI Interrupt Link [LNKC] (IRQs 5 10 *11)
[    1.109707] ACPI: PCI Interrupt Link [LNKD] (IRQs 5 10 *11)
[    1.110968] ACPI: PCI Interrupt Link [LNKS] (IRQs *9)
[    1.118095] vgaarb: device added: PCI:0000:00:02.0,decodes=io+mem,owns=io+mem,locks=none
[    1.119047] vgaarb: loaded
[    1.119455] vgaarb: bridge control possible 0000:00:02.0
[    1.122406] i2c-core: driver [aat2870] using legacy suspend method
[    1.124159] i2c-core: driver [aat2870] using legacy resume method
[    1.126407] SCSI subsystem initialized
[    1.130322] usbcore: registered new interface driver usbfs
[    1.131401] usbcore: registered new interface driver hub
[    1.132791] usbcore: registered new device driver usb
[    1.138924] PCI: Using ACPI for IRQ routing
[    1.154098] NetLabel: Initializing
[    1.154554] NetLabel:  domain hash size = 128
[    1.155106] NetLabel:  protocols = UNLABELED CIPSOv4
[    1.157556] NetLabel:  unlabeled traffic allowed by default
[    1.161618] HPET: 3 timers in total, 0 timers will be used for per-cpu timer
[    1.163003] hpet0: at MMIO 0xfed00000, IRQs 2, 8, 0
[    1.164547] hpet0: 3 comparators, 64-bit 100.000000 MHz counter
[    1.184314] Switching to clocksource hpet
[    1.467605] AppArmor: AppArmor Filesystem Enabled
[    1.470050] pnp: PnP ACPI init
[    1.470562] ACPI: bus type pnp registered
[    1.494719] pnp: PnP ACPI: found 9 devices
[    1.495314] ACPI: ACPI bus type pnp unregistered
[    1.567248] NET: Registered protocol family 2
[    1.602188] IP route cache hash table entries: 512 (order: 0, 4096 bytes)
[    1.609983] TCP established hash table entries: 2048 (order: 3, 32768 bytes)
[    1.611411] TCP bind hash table entries: 2048 (order: 3, 32768 bytes)
[    1.613052] TCP: Hash tables configured (established 2048 bind 2048)
[    1.613987] TCP reno registered
[    1.614544] UDP hash table entries: 128 (order: 0, 4096 bytes)
[    1.615451] UDP-Lite hash table entries: 128 (order: 0, 4096 bytes)
[    1.618844] NET: Registered protocol family 1
[    1.619676] pci 0000:00:00.0: Limiting direct PCI/PCI transfers
[    1.621461] pci 0000:00:01.0: PIIX3: Enabling Passive Release
[    1.622447] pci 0000:00:01.0: Activating ISA DMA hang workarounds
[    1.627279] ACPI: PCI Interrupt Link [LNKD] enabled at IRQ 11
[    1.629302] pci 0000:00:01.2: PCI INT D -&gt; Link[LNKD] -&gt; GSI 11 (level, high) -&gt; IRQ 11
[    1.631569] pci 0000:00:01.2: PCI INT D disabled
[    1.650610] Trying to unpack rootfs image as initramfs...
[    1.670748] audit: initializing netlink socket (disabled)
[    1.673300] type=2000 audit(1453901374.668:1): initialized
[    1.959365] HugeTLB registered 2 MB page size, pre-allocated 0 pages
[    2.031743] VFS: Disk quotas dquot_6.5.2
[    2.034065] Dquot-cache hash table entries: 512 (order 0, 4096 bytes)
[    2.070628] fuse init (API version 7.17)
[    2.073765] msgmni has been set to 84
[    2.106984] Block layer SCSI generic (bsg) driver version 0.4 loaded (major 253)
[    2.109222] io scheduler noop registered
[    2.109868] io scheduler deadline registered (default)
[    2.110736] io scheduler cfq registered
[    2.114415] pci_hotplug: PCI Hot Plug PCI Core version: 0.5
[    2.117130] pciehp: PCI Express Hot Plug Controller Driver version: 0.4
[    2.122423] input: Power Button as /devices/LNXSYSTM:00/LNXPWRBN:00/input/input0
[    2.123972] ACPI: Power Button [PWRF]
[    2.177805] ERST: Table is not found!
[    2.178411] GHES: HEST is not enabled!
[    2.190453] ACPI: PCI Interrupt Link [LNKC] enabled at IRQ 10
[    2.191341] virtio-pci 0000:00:03.0: PCI INT A -&gt; Link[LNKC] -&gt; GSI 10 (level, high) -&gt; IRQ 10
[    2.195343] virtio-pci 0000:00:04.0: PCI INT A -&gt; Link[LNKD] -&gt; GSI 11 (level, high) -&gt; IRQ 11
[    2.218898] ACPI: PCI Interrupt Link [LNKA] enabled at IRQ 10
[    2.219718] virtio-pci 0000:00:05.0: PCI INT A -&gt; Link[LNKA] -&gt; GSI 10 (level, high) -&gt; IRQ 10
[    2.229338] Serial: 8250/16550 driver, 32 ports, IRQ sharing enabled
[    2.266731] serial8250: ttyS0 at I/O 0x3f8 (irq = 4) is a 16550A
[    2.345972] serial8250: ttyS1 at I/O 0x2f8 (irq = 3) is a 16550A
[    2.477780] 00:05: ttyS0 at I/O 0x3f8 (irq = 4) is a 16550A
[    2.553191] 00:06: ttyS1 at I/O 0x2f8 (irq = 3) is a 16550A
[    2.610540] Linux agpgart interface v0.103
[    2.637670] Refined TSC clocksource calibration: 2295.014 MHz.
[    2.638606] Switching to clocksource tsc
[    2.677768] brd: module loaded
[    2.706794] loop: module loaded
[    2.757492]  vda: unknown partition table
[    2.870032] scsi0 : ata_piix
[    2.878274] scsi1 : ata_piix
[    2.879632] ata1: PATA max MWDMA2 cmd 0x1f0 ctl 0x3f6 bmdma 0xc0a0 irq 14
[    2.881096] ata2: PATA max MWDMA2 cmd 0x170 ctl 0x376 bmdma 0xc0a8 irq 15
[    2.890572] Fixed MDIO Bus: probed
[    2.891518] tun: Universal TUN/TAP device driver, 1.6
[    2.892533] tun: (C) 1999-2004 Max Krasnyansky &lt;maxk@qualcomm.com&gt;
[    2.906144] PPP generic driver version 2.4.2
[    2.930835] ehci_hcd: USB 2.0 'Enhanced' Host Controller (EHCI) Driver
[    2.934035] ohci_hcd: USB 1.1 'Open' Host Controller (OHCI) Driver
[    2.935314] uhci_hcd: USB Universal Host Controller Interface driver
[    2.937849] uhci_hcd 0000:00:01.2: PCI INT D -&gt; Link[LNKD] -&gt; GSI 11 (level, high) -&gt; IRQ 11
[    2.942173] uhci_hcd 0000:00:01.2: UHCI Host Controller
[    2.961764] uhci_hcd 0000:00:01.2: new USB bus registered, assigned bus number 1
[    2.963991] uhci_hcd 0000:00:01.2: irq 11, io base 0x0000c040
[    2.993272] hub 1-0:1.0: USB hub found
[    2.995324] hub 1-0:1.0: 2 ports detected
[    3.005510] usbcore: registered new interface driver libusual
[    3.010371] i8042: PNP: PS/2 Controller [PNP0303:KBD,PNP0f13:MOU] at 0x60,0x64 irq 1,12
[    3.020041] serio: i8042 KBD port at 0x60,0x64 irq 1
[    3.022289] serio: i8042 AUX port at 0x60,0x64 irq 12
[    3.087916] mousedev: PS/2 mouse device common for all mice
[    3.091863] ata2.01: ATAPI: QEMU DVD-ROM, 2.0.0, max UDMA/100
[    3.105081] rtc_cmos 00:01: RTC can wake from S4
[    3.120128] input: AT Translated Set 2 keyboard as /devices/platform/i8042/serio0/input/input1
[    3.135871] rtc_cmos 00:01: rtc core: registered rtc_cmos as rtc0
[    3.140557] rtc0: alarms up to one day, 114 bytes nvram, hpet irqs
[    3.143747] device-mapper: uevent: version 1.0.3
[    3.158655] ata2.01: configured for MWDMA2
[    3.182485] device-mapper: ioctl: 4.22.0-ioctl (2011-10-19) initialised: dm-devel@redhat.com
[    3.185552] cpuidle: using governor ladder
[    3.188299] cpuidle: using governor menu
[    3.191736] EFI Variables Facility v0.08 2004-May-17
[    3.208932] TCP cubic registered
[    3.213291] NET: Registered protocol family 10
[    3.244098] NET: Registered protocol family 17
[    3.246692] Registering the dns_resolver key type
[    3.268123] scsi 1:0:1:0: CD-ROM            QEMU     QEMU DVD-ROM     2.0. PQ: 0 ANSI: 5
[    3.306738] sr0: scsi3-mmc drive: 4x/4x cd/rw xa/form2 tray
[    3.308033] cdrom: Uniform CD-ROM driver Revision: 3.20
[    3.330431] sr 1:0:1:0: Attached scsi generic sg0 type 5
[    3.374145] registered taskstats version 1
[    3.417741] Freeing initrd memory: 3656k freed
[    3.904555]   Magic number: 0:303:484
[    3.915498] rtc_cmos 00:01: setting system clock to 2016-01-27 13:29:37 UTC (1453901377)
[    3.917439] powernow-k8: Processor cpuid 663 not supported
[    3.923394] BIOS EDD facility v0.16 2004-Jun-25, 0 devices found
[    3.924710] EDD information not available.
[    3.978529] Freeing unused kernel memory: 928k freed
[    3.983826] Write protecting the kernel read-only data: 12288k
[    4.100987] Freeing unused kernel memory: 1596k freed
[    4.162773] Freeing unused kernel memory: 1184k freed

info: initramfs: up at 4.32
modprobe: module virtio_blk not found in modules.dep
modprobe: module virtio_net not found in modules.dep
info: copying initramfs to /dev/vda
info: initramfs loading root from /dev/vda
info: /etc/init.d/rc.sysinit: up at 8.85
info: container: none
Starting logging: OK
modprobe: module virtio_blk not found in modules.dep
modprobe: module virtio_net not found in modules.dep
WARN: /etc/rc3.d/S10-load-modules failed
Initializing random number generator... done.
Starting acpid: OK
cirros-ds 'local' up at 11.25
found datasource (configdrive, local)
Starting network...
udhcpc (v1.20.1) started
Sending discover...
Sending discover...

2016-01-27 13:31:35,911 15918 INFO     [tempest_lib.common.rest_client] Request (TestNetworkBasicOps:_run_cleanups): 204 DELETE http://10.4.1.3:9696/v2.0/floatingips/83d9f3c2-ae5e-446a-adc9-4c22c3e7a594 0.390s
2016-01-27 13:31:35,912 15918 DEBUG    [tempest_lib.common.rest_client] Request - Headers: {'Content-Type': 'application/json', 'Accept': 'application/json', 'X-Auth-Token': '&lt;omitted&gt;'}
        Body: None
    Response - Headers: {'date': 'Wed, 27 Jan 2016 13:31:35 GMT', 'status': '204', 'connection': 'close', 'content-length': '0', 'x-openstack-request-id': 'req-3c0cf9ab-03ce-411a-a41e-0bfc57ccb37f'}
        Body: 
2016-01-27 13:31:36,295 15918 INFO     [tempest_lib.common.rest_client] Request (TestNetworkBasicOps:_run_cleanups): 204 DELETE http://10.4.1.3:8774/v2.1/08891f3ecd944b419647f3e4beee7d1b/servers/ed200122-6a23-479a-8a12-4b847bdd21e1 0.383s
2016-01-27 13:31:36,295 15918 DEBUG    [tempest_lib.common.rest_client] Request - Headers: {'Content-Type': 'application/json', 'Accept': 'application/json', 'X-Auth-Token': '&lt;omitted&gt;'}
        Body: None
    Response - Headers: {'status': '204', 'content-length': '0', 'x-compute-request-id': 'req-a2078e4d-aa16-47de-ac8e-8625265cb89a', 'vary': 'X-OpenStack-Nova-API-Version', 'connection': 'close', 'x-openstack-nova-api-version': '2.1', 'date': 'Wed, 27 Jan 2016 13:31:36 GMT', 'content-type': 'application/json'}
        Body: 
2016-01-27 13:31:36,914 15918 INFO     [tempest_lib.common.rest_client] Request (TestNetworkBasicOps:_run_cleanups): 200 GET http://10.4.1.3:8774/v2.1/08891f3ecd944b419647f3e4beee7d1b/servers/ed200122-6a23-479a-8a12-4b847bdd21e1 0.618s
2016-01-27 13:31:36,915 15918 DEBUG    [tempest_lib.common.rest_client] Request - Headers: {'Content-Type': 'application/json', 'Accept': 'application/json', 'X-Auth-Token': '&lt;omitted&gt;'}
        Body: None
    Response - Headers: {'status': '200', 'content-length': '1757', 'content-location': 'http://10.4.1.3:8774/v2.1/08891f3ecd944b419647f3e4beee7d1b/servers/ed200122-6a23-479a-8a12-4b847bdd21e1', 'x-compute-request-id': 'req-8c93310e-4d73-4675-b5d3-c961ad88c755', 'vary': 'X-OpenStack-Nova-API-Version', 'connection': 'close', 'x-openstack-nova-api-version': '2.1', 'date': 'Wed, 27 Jan 2016 13:31:36 GMT', 'content-type': 'application/json'}
        Body: {"server": {"status": "ACTIVE", "updated": "2016-01-27T13:31:36Z", "hostId": "2553462ade1423bb88fa9edaa54b6a089c2aba402a38b51ca1ab1c62", "addresses": {"tempest-network-smoke--1258178217": [{"OS-EXT-IPS-MAC:mac_addr": "fa:16:3e:ba:66:77", "version": 4, "addr": "10.100.0.3", "OS-EXT-IPS:type": "fixed"}, {"OS-EXT-IPS-MAC:mac_addr": "fa:16:3e:ba:66:77", "version": 4, "addr": "172.24.4.4", "OS-EXT-IPS:type": "floating"}]}, "links": [{"href": "http://10.4.1.3:8774/v2.1/08891f3ecd944b419647f3e4beee7d1b/servers/ed200122-6a23-479a-8a12-4b847bdd21e1", "rel": "self"}, {"href": "http://10.4.1.3:8774/08891f3ecd944b419647f3e4beee7d1b/servers/ed200122-6a23-479a-8a12-4b847bdd21e1", "rel": "bookmark"}], "key_name": "tempest-TestNetworkBasicOps-76802150", "image": {"id": "cb4de43f-8fca-4849-95ca-d37aec2a029c", "links": [{"href": "http://10.4.1.3:8774/08891f3ecd944b419647f3e4beee7d1b/images/cb4de43f-8fca-4849-95ca-d37aec2a029c", "rel": "bookmark"}]}, "OS-EXT-STS:task_state": "deleting", "OS-EXT-STS:vm_state": "active", "OS-SRV-USG:launched_at": "2016-01-27T13:29:31.000000", "flavor": {"id": "42", "links": [{"href": "http://10.4.1.3:8774/08891f3ecd944b419647f3e4beee7d1b/flavors/42", "rel": "bookmark"}]}, "id": "ed200122-6a23-479a-8a12-4b847bdd21e1", "security_groups": [{"name": "tempest-secgroup-smoke-26146177"}], "OS-SRV-USG:terminated_at": null, "OS-EXT-AZ:availability_zone": "nova", "user_id": "de9e8e7b85e2476a9e55f81b8ff47b42", "name": "tempest-server-smoke-577729875", "created": "2016-01-27T13:29:26Z", "tenant_id": "08891f3ecd944b419647f3e4beee7d1b", "OS-DCF:diskConfig": "MANUAL", "os-extended-volumes:volumes_attached": [], "accessIPv4": "", "accessIPv6": "", "progress": 0, "OS-EXT-STS:power_state": 1, "config_drive": "True", "metadata": {}}}
2016-01-27 13:31:38,364 15918 INFO     [tempest_lib.common.rest_client] Request (TestNetworkBasicOps:_run_cleanups): 200 GET http://10.4.1.3:8774/v2.1/08891f3ecd944b419647f3e4beee7d1b/servers/ed200122-6a23-479a-8a12-4b847bdd21e1 0.438s
2016-01-27 13:31:38,364 15918 DEBUG    [tempest_lib.common.rest_client] Request - Headers: {'Content-Type': 'application/json', 'Accept': 'application/json', 'X-Auth-Token': '&lt;omitted&gt;'}
        Body: None
    Response - Headers: {'status': '200', 'content-length': '1428', 'content-location': 'http://10.4.1.3:8774/v2.1/08891f3ecd944b419647f3e4beee7d1b/servers/ed200122-6a23-479a-8a12-4b847bdd21e1', 'x-compute-request-id': 'req-e7a612c2-62b6-467b-b082-1e06423bb45a', 'vary': 'X-OpenStack-Nova-API-Version', 'connection': 'close', 'x-openstack-nova-api-version': '2.1', 'date': 'Wed, 27 Jan 2016 13:31:38 GMT', 'content-type': 'application/json'}
        Body: {"server": {"status": "DELETED", "updated": "2016-01-27T13:31:37Z", "hostId": "2553462ade1423bb88fa9edaa54b6a089c2aba402a38b51ca1ab1c62", "addresses": {}, "links": [{"href": "http://10.4.1.3:8774/v2.1/08891f3ecd944b419647f3e4beee7d1b/servers/ed200122-6a23-479a-8a12-4b847bdd21e1", "rel": "self"}, {"href": "http://10.4.1.3:8774/08891f3ecd944b419647f3e4beee7d1b/servers/ed200122-6a23-479a-8a12-4b847bdd21e1", "rel": "bookmark"}], "key_name": "tempest-TestNetworkBasicOps-76802150", "image": {"id": "cb4de43f-8fca-4849-95ca-d37aec2a029c", "links": [{"href": "http://10.4.1.3:8774/08891f3ecd944b419647f3e4beee7d1b/images/cb4de43f-8fca-4849-95ca-d37aec2a029c", "rel": "bookmark"}]}, "OS-EXT-STS:task_state": null, "OS-EXT-STS:vm_state": "deleted", "OS-SRV-USG:launched_at": "2016-01-27T13:29:31.000000", "flavor": {"id": "42", "links": [{"href": "http://10.4.1.3:8774/08891f3ecd944b419647f3e4beee7d1b/flavors/42", "rel": "bookmark"}]}, "id": "ed200122-6a23-479a-8a12-4b847bdd21e1", "OS-SRV-USG:terminated_at": "2016-01-27T13:31:37.000000", "OS-EXT-AZ:availability_zone": "nova", "user_id": "de9e8e7b85e2476a9e55f81b8ff47b42", "name": "tempest-server-smoke-577729875", "created": "2016-01-27T13:29:26Z", "tenant_id": "08891f3ecd944b419647f3e4beee7d1b", "OS-DCF:diskConfig": "MANUAL", "os-extended-volumes:volumes_attached": [], "accessIPv4": "", "accessIPv6": "", "OS-EXT-STS:power_state": 0, "config_drive": "True", "metadata": {}}}
2016-01-27 13:31:39,640 15918 INFO     [tempest_lib.common.rest_client] Request (TestNetworkBasicOps:_run_cleanups): 404 GET http://10.4.1.3:8774/v2.1/08891f3ecd944b419647f3e4beee7d1b/servers/ed200122-6a23-479a-8a12-4b847bdd21e1 0.262s
2016-01-27 13:31:39,640 15918 DEBUG    [tempest_lib.common.rest_client] Request - Headers: {'Content-Type': 'application/json', 'Accept': 'application/json', 'X-Auth-Token': '&lt;omitted&gt;'}
        Body: None
    Response - Headers: {'status': '404', 'content-length': '111', 'x-compute-request-id': 'req-c2932c6e-c6bf-4898-86e9-6849910c542d', 'vary': 'X-OpenStack-Nova-API-Version', 'connection': 'close', 'x-openstack-nova-api-version': '2.1', 'date': 'Wed, 27 Jan 2016 13:31:39 GMT', 'content-type': 'application/json; charset=UTF-8'}
        Body: {"itemNotFound": {"message": "Instance ed200122-6a23-479a-8a12-4b847bdd21e1 could not be found.", "code": 404}}
2016-01-27 13:31:39,826 15918 INFO     [tempest_lib.common.rest_client] Request (TestNetworkBasicOps:_run_cleanups): 202 DELETE http://10.4.1.3:8774/v2.1/08891f3ecd944b419647f3e4beee7d1b/os-keypairs/tempest-TestNetworkBasicOps-76802150 0.184s
2016-01-27 13:31:39,827 15918 DEBUG    [tempest_lib.common.rest_client] Request - Headers: {'Content-Type': 'application/json', 'Accept': 'application/json', 'X-Auth-Token': '&lt;omitted&gt;'}
        Body: None
    Response - Headers: {'status': '202', 'content-length': '0', 'x-compute-request-id': 'req-d45aa849-64ea-4d12-8046-127399af2e15', 'vary': 'X-OpenStack-Nova-API-Version', 'connection': 'close', 'x-openstack-nova-api-version': '2.1', 'date': 'Wed, 27 Jan 2016 13:31:39 GMT', 'content-type': 'application/json'}
        Body: 
2016-01-27 13:31:40,512 15918 INFO     [tempest_lib.common.rest_client] Request (TestNetworkBasicOps:_run_cleanups): 500 PUT http://10.4.1.3:9696/v2.0/routers/b3645714-6ca3-4d0b-95d6-5cbbcb62ab54/remove_router_interface 0.684s
2016-01-27 13:31:40,512 15918 DEBUG    [tempest_lib.common.rest_client] Request - Headers: {'Content-Type': 'application/json', 'Accept': 'application/json', 'X-Auth-Token': '&lt;omitted&gt;'}
        Body: {"subnet_id": "f4383897-ca32-46b2-99ed-9574f867e16d"}
    Response - Headers: {'status': '500', 'content-length': '150', 'connection': 'close', 'date': 'Wed, 27 Jan 2016 13:31:40 GMT', 'content-type': 'application/json; charset=UTF-8', 'x-openstack-request-id': 'req-b9321832-aa58-4764-8b6a-79a2fffa4c93'}
        Body: {"NeutronError": {"message": "Request Failed: internal server error while processing your request.", "type": "HTTPInternalServerError", "detail": ""}}
2016-01-27 13:31:40,705 15918 INFO     [tempest_lib.common.rest_client] Request (TestNetworkBasicOps:_run_cleanups): 200 GET http://10.4.1.3:9696/v2.0/routers/b3645714-6ca3-4d0b-95d6-5cbbcb62ab54 0.190s
2016-01-27 13:31:40,706 15918 DEBUG    [tempest_lib.common.rest_client] Request - Headers: {'Content-Type': 'application/json', 'Accept': 'application/json', 'X-Auth-Token': '&lt;omitted&gt;'}
        Body: None
    Response - Headers: {'status': '200', 'content-length': '498', 'content-location': 'http://10.4.1.3:9696/v2.0/routers/b3645714-6ca3-4d0b-95d6-5cbbcb62ab54', 'connection': 'close', 'date': 'Wed, 27 Jan 2016 13:31:40 GMT', 'content-type': 'application/json; charset=UTF-8', 'x-openstack-request-id': 'req-0ed9eedb-6658-44e2-b3aa-17184071dd8e'}
        Body: {"router": {"status": "ACTIVE", "external_gateway_info": {"network_id": "65e53821-fd32-4ce9-9e3b-9192170e72af", "enable_snat": true, "external_fixed_ips": [{"subnet_id": "0bc602e6-dedc-4022-a337-ed1aa4c5293d", "ip_address": "172.24.4.3"}, {"subnet_id": "97d0fe2a-1d1e-4678-9b5f-11fe06eaa122", "ip_address": "2001:db8::4"}]}, "name": "tempest-router-smoke-1868333", "admin_state_up": true, "tenant_id": "08891f3ecd944b419647f3e4beee7d1b", "routes": [], "id": "b3645714-6ca3-4d0b-95d6-5cbbcb62ab54"}}
2016-01-27 13:31:41,174 15918 INFO     [tempest_lib.common.rest_client] Request (TestNetworkBasicOps:_run_cleanups): 200 PUT http://10.4.1.3:9696/v2.0/routers/b3645714-6ca3-4d0b-95d6-5cbbcb62ab54 0.465s
2016-01-27 13:31:41,175 15918 DEBUG    [tempest_lib.common.rest_client] Request - Headers: {'Content-Type': 'application/json', 'Accept': 'application/json', 'X-Auth-Token': '&lt;omitted&gt;'}
        Body: {"router": {"external_gateway_info": {}, "name": "tempest-router-smoke-1868333", "admin_state_up": true}}
    Response - Headers: {'status': '200', 'content-length': '236', 'connection': 'close', 'date': 'Wed, 27 Jan 2016 13:31:41 GMT', 'content-type': 'application/json; charset=UTF-8', 'x-openstack-request-id': 'req-6c0bb53c-a84e-4c54-aea0-2ee8b76ae941'}
        Body: {"router": {"status": "ACTIVE", "external_gateway_info": null, "name": "tempest-router-smoke-1868333", "admin_state_up": true, "tenant_id": "08891f3ecd944b419647f3e4beee7d1b", "routes": [], "id": "b3645714-6ca3-4d0b-95d6-5cbbcb62ab54"}}
2016-01-27 13:31:41,528 15918 INFO     [tempest_lib.common.rest_client] Request (TestNetworkBasicOps:_run_cleanups): 500 DELETE http://10.4.1.3:9696/v2.0/routers/b3645714-6ca3-4d0b-95d6-5cbbcb62ab54 0.352s
2016-01-27 13:31:41,529 15918 DEBUG    [tempest_lib.common.rest_client] Request - Headers: {'Content-Type': 'application/json', 'Accept': 'application/json', 'X-Auth-Token': '&lt;omitted&gt;'}
        Body: None
    Response - Headers: {'status': '500', 'content-length': '150', 'connection': 'close', 'date': 'Wed, 27 Jan 2016 13:31:41 GMT', 'content-type': 'application/json; charset=UTF-8', 'x-openstack-request-id': 'req-275ae6be-5b87-42de-b5fd-8c43306922ac'}
        Body: {"NeutronError": {"message": "Request Failed: internal server error while processing your request.", "type": "HTTPInternalServerError", "detail": ""}}
2016-01-27 13:31:42,198 15918 INFO     [tempest_lib.common.rest_client] Request (TestNetworkBasicOps:_run_cleanups): 204 DELETE http://10.4.1.3:9696/v2.0/networks/0a87ba16-e410-4bba-bea0-aad655a7585c 0.667s
2016-01-27 13:31:42,198 15918 DEBUG    [tempest_lib.common.rest_client] Request - Headers: {'Content-Type': 'application/json', 'Accept': 'application/json', 'X-Auth-Token': '&lt;omitted&gt;'}
        Body: None
    Response - Headers: {'date': 'Wed, 27 Jan 2016 13:31:42 GMT', 'status': '204', 'connection': 'close', 'content-length': '0', 'x-openstack-request-id': 'req-494ddb43-0c5c-446d-a7f9-5eb5272d78f9'}
        Body: 
2016-01-27 13:31:42,402 15918 INFO     [tempest_lib.common.rest_client] Request (TestNetworkBasicOps:_run_cleanups): 204 DELETE http://10.4.1.3:9696/v2.0/security-group-rules/8446cf73-a4ea-4d32-ab56-b88ae9c71e68 0.202s
2016-01-27 13:31:42,403 15918 DEBUG    [tempest_lib.common.rest_client] Request - Headers: {'Content-Type': 'application/json', 'Accept': 'application/json', 'X-Auth-Token': '&lt;omitted&gt;'}
        Body: None
    Response - Headers: {'date': 'Wed, 27 Jan 2016 13:31:42 GMT', 'status': '204', 'connection': 'close', 'content-length': '0', 'x-openstack-request-id': 'req-b4676dce-5d1c-4ef0-8a66-9ad23fa46e5f'}
        Body: 
2016-01-27 13:31:42,617 15918 INFO     [tempest_lib.common.rest_client] Request (TestNetworkBasicOps:_run_cleanups): 204 DELETE http://10.4.1.3:9696/v2.0/security-group-rules/25d48385-c3e6-4284-8940-7447b3186af3 0.213s
2016-01-27 13:31:42,618 15918 DEBUG    [tempest_lib.common.rest_client] Request - Headers: {'Content-Type': 'application/json', 'Accept': 'application/json', 'X-Auth-Token': '&lt;omitted&gt;'}
        Body: None
    Response - Headers: {'date': 'Wed, 27 Jan 2016 13:31:42 GMT', 'status': '204', 'connection': 'close', 'content-length': '0', 'x-openstack-request-id': 'req-49fa414b-6ced-4f3c-8238-d16a6dd34663'}
        Body: 
2016-01-27 13:31:42,836 15918 INFO     [tempest_lib.common.rest_client] Request (TestNetworkBasicOps:_run_cleanups): 204 DELETE http://10.4.1.3:9696/v2.0/security-group-rules/393457fc-47bc-4fd7-a80e-cebfea473693 0.217s
2016-01-27 13:31:42,837 15918 DEBUG    [tempest_lib.common.rest_client] Request - Headers: {'Content-Type': 'application/json', 'Accept': 'application/json', 'X-Auth-Token': '&lt;omitted&gt;'}
        Body: None
    Response - Headers: {'date': 'Wed, 27 Jan 2016 13:31:42 GMT', 'status': '204', 'connection': 'close', 'content-length': '0', 'x-openstack-request-id': 'req-6457b362-3290-46f4-bd46-2a2db608876d'}
        Body: 
2016-01-27 13:31:43,059 15918 INFO     [tempest_lib.common.rest_client] Request (TestNetworkBasicOps:_run_cleanups): 204 DELETE http://10.4.1.3:9696/v2.0/security-group-rules/fd2183a4-60a6-41ef-bf4c-bc6968e78f2e 0.221s
2016-01-27 13:31:43,059 15918 DEBUG    [tempest_lib.common.rest_client] Request - Headers: {'Content-Type': 'application/json', 'Accept': 'application/json', 'X-Auth-Token': '&lt;omitted&gt;'}
        Body: None
    Response - Headers: {'date': 'Wed, 27 Jan 2016 13:31:43 GMT', 'status': '204', 'connection': 'close', 'content-length': '0', 'x-openstack-request-id': 'req-a305e5ee-6bff-4887-a12c-76c512345955'}
        Body: 
2016-01-27 13:31:43,300 15918 INFO     [tempest_lib.common.rest_client] Request (TestNetworkBasicOps:_run_cleanups): 204 DELETE http://10.4.1.3:9696/v2.0/security-group-rules/473af2d7-e91b-416b-8c8e-e173f57ff4d0 0.240s
2016-01-27 13:31:43,301 15918 DEBUG    [tempest_lib.common.rest_client] Request - Headers: {'Content-Type': 'application/json', 'Accept': 'application/json', 'X-Auth-Token': '&lt;omitted&gt;'}
        Body: None
    Response - Headers: {'date': 'Wed, 27 Jan 2016 13:31:43 GMT', 'status': '204', 'connection': 'close', 'content-length': '0', 'x-openstack-request-id': 'req-a2da2c5c-c5b0-4e7a-b308-6a0f9f718309'}
        Body: 
2016-01-27 13:31:43,511 15918 INFO     [tempest_lib.common.rest_client] Request (TestNetworkBasicOps:_run_cleanups): 204 DELETE http://10.4.1.3:9696/v2.0/security-group-rules/b4abaef3-6fad-4266-91e5-7c1416962645 0.209s
2016-01-27 13:31:43,511 15918 DEBUG    [tempest_lib.common.rest_client] Request - Headers: {'Content-Type': 'application/json', 'Accept': 'application/json', 'X-Auth-Token': '&lt;omitted&gt;'}
        Body: None
    Response - Headers: {'date': 'Wed, 27 Jan 2016 13:31:43 GMT', 'status': '204', 'connection': 'close', 'content-length': '0', 'x-openstack-request-id': 'req-5879f852-7e10-46a2-95a6-03e52696fd69'}
        Body: 
2016-01-27 13:31:43,761 15918 INFO     [tempest_lib.common.rest_client] Request (TestNetworkBasicOps:_run_cleanups): 204 DELETE http://10.4.1.3:9696/v2.0/security-groups/63916018-5281-4b52-8f57-c2ee68bba980 0.249s
2016-01-27 13:31:43,762 15918 DEBUG    [tempest_lib.common.rest_client] Request - Headers: {'Content-Type': 'application/json', 'Accept': 'application/json', 'X-Auth-Token': '&lt;omitted&gt;'}
        Body: None
    Response - Headers: {'date': 'Wed, 27 Jan 2016 13:31:43 GMT', 'status': '204', 'connection': 'close', 'content-length': '0', 'x-openstack-request-id': 'req-531432dd-376c-412c-a4d2-948f65ef7326'}
        Body: 
2016-01-27 13:31:44,021 15918 INFO     [tempest_lib.common.rest_client] Request (TestNetworkBasicOps:_run_cleanups): 404 GET http://10.4.1.3:8774/v2.1/08891f3ecd944b419647f3e4beee7d1b/servers/ed200122-6a23-479a-8a12-4b847bdd21e1 0.258s
2016-01-27 13:31:44,022 15918 DEBUG    [tempest_lib.common.rest_client] Request - Headers: {'Content-Type': 'application/json', 'Accept': 'application/json', 'X-Auth-Token': '&lt;omitted&gt;'}
        Body: None
    Response - Headers: {'status': '404', 'content-length': '111', 'x-compute-request-id': 'req-ff506435-b85f-40ea-88e5-112efecd8133', 'vary': 'X-OpenStack-Nova-API-Version', 'connection': 'close', 'x-openstack-nova-api-version': '2.1', 'date': 'Wed, 27 Jan 2016 13:31:44 GMT', 'content-type': 'application/json; charset=UTF-8'}
        Body: {"itemNotFound": {"message": "Instance ed200122-6a23-479a-8a12-4b847bdd21e1 could not be found.", "code": 404}}
}}}

traceback-1: {{{
Traceback (most recent call last):
  File "tempest/scenario/manager.py", line 108, in delete_wrapper
    delete_thing(*args, **kwargs)
  File "tempest/services/network/resources.py", line 99, in delete
    subnet_id=self.id)
