<?xml version="1.0" encoding="UTF-8"?>
<!DOCTYPE html PUBLIC "-//W3C//DTD XHTML 1.0 Strict//EN"
     "http://www.w3.org/TR/xhtml1/DTD/xhtml1-strict.dtd">
<html xmlns="http://www.w3.org/1999/xhtml">
<head>
    <title>Unit Test Report</title>
    <meta name="generator" content="subunit2html 0.1"/>
    <meta http-equiv="Content-Type" content="text/html; charset=UTF-8"/>
    
<style type="text/css" media="screen">
body        { font-family: verdana, arial, helvetica, sans-serif;
    font-size: 80%; }
table       { font-size: 100%; width: 100%;}
pre         { font-size: 80%; }

/* -- heading -------------------------------------------------------------- */
h1 {
        font-size: 16pt;
        color: gray;
}
.heading {
    margin-top: 0ex;
    margin-bottom: 1ex;
}

.heading .attribute {
    margin-top: 1ex;
    margin-bottom: 0;
}

.heading .description {
    margin-top: 4ex;
    margin-bottom: 6ex;
}

/* -- css div popup -------------------------------------------------------- */
a.popup_link {
}

a.popup_link:hover {
    color: red;
}

.popup_window {
    display: none;
    overflow-x: scroll;
    /*border: solid #627173 1px; */
    padding: 10px;
    background-color: #E6E6D6;
    font-family: "Ubuntu Mono", "Lucida Console", "Courier New", monospace;
    text-align: left;
    font-size: 8pt;
}

}
/* -- report --------------------------------------------------------------- */
#show_detail_line {
    margin-top: 3ex;
    margin-bottom: 1ex;
}
#result_table {
    width: 100%;
    border-collapse: collapse;
    border: 1px solid #777;
}
#header_row {
    font-weight: bold;
    color: white;
    background-color: #777;
}
#result_table td {
    border: 1px solid #777;
    padding: 2px;
}
#total_row  { font-weight: bold; }
.passClass  { background-color: #6c6; }
.failClass  { background-color: #c60; }
.errorClass { background-color: #c00; }
.passCase   { color: #6c6; }
.failCase   { color: #c60; font-weight: bold; }
.errorCase  { color: #c00; font-weight: bold; }
.hiddenRow  { display: none; }
.testcase   { margin-left: 2em; }
td.testname {width: 40%}
td.small {width: 40px}

/* -- ending --------------------------------------------------------------- */
#ending {
}

</style>

</head>
<body>
<script language="javascript" type="text/javascript"><!--
output_list = Array();

/* level - 0:Summary; 1:Failed; 2:All */
function showCase(level) {
    trs = document.getElementsByTagName("tr");
    for (var i = 0; i < trs.length; i++) {
        tr = trs[i];
        id = tr.id;
        if (id.substr(0,2) == 'ft') {
            if (level < 1) {
                tr.className = 'hiddenRow';
            }
            else {
                tr.className = '';
            }
        }
        if (id.substr(0,2) == 'pt') {
            if (level > 1) {
                tr.className = '';
            }
            else {
                tr.className = 'hiddenRow';
            }
        }
    }
}


function showClassDetail(cid, count) {
    var id_list = Array(count);
    var toHide = 1;
    for (var i = 0; i < count; i++) {
        tid0 = 't' + cid.substr(1) + '.' + (i+1);
        tid = 'f' + tid0;
        tr = document.getElementById(tid);
        if (!tr) {
            tid = 'p' + tid0;
            tr = document.getElementById(tid);
        }
        id_list[i] = tid;
        if (tr.className) {
            toHide = 0;
        }
    }
    for (var i = 0; i < count; i++) {
        tid = id_list[i];
        if (toHide) {
            document.getElementById('div_'+tid).style.display = 'none'
            document.getElementById(tid).className = 'hiddenRow';
        }
        else {
            document.getElementById(tid).className = '';
        }
    }
}


function showTestDetail(div_id){
    var details_div = document.getElementById(div_id)
    var displayState = details_div.style.display
    // alert(displayState)
    if (displayState != 'block' ) {
        displayState = 'block'
        details_div.style.display = 'block'
    }
    else {
        details_div.style.display = 'none'
    }
}


function html_escape(s) {
    s = s.replace(/&/g,'&amp;');
    s = s.replace(/</g,'&lt;');
    s = s.replace(/>/g,'&gt;');
    return s;
}

/* obsoleted by detail in <div>
function showOutput(id, name) {
    var w = window.open("", //url
                    name,
                    "resizable,scrollbars,status,width=800,height=450");
    d = w.document;
    d.write("<pre>");
    d.write(html_escape(output_list[id]));
    d.write("\n");
    d.write("<a href='javascript:window.close()'>close</a>\n");
    d.write("</pre>\n");
    d.close();
}
*/
--></script>

<div class='heading'>
<h1>Unit Test Report</h1>

<p class='attribute'><strong>Status:</strong> Failure 8 Skip 1</p>

<p class='description'></p>
</div>



<p id='show_detail_line'>Show
<a href='javascript:showCase(0)'>Summary</a>
<a href='javascript:showCase(1)'>Failed</a>
<a href='javascript:showCase(2)'>All</a>
</p>
<table id='result_table'>
<colgroup>
<col align='left' />
<col align='right' />
<col align='right' />
<col align='right' />
<col align='right' />
<col align='right' />
<col align='right' />
<col align='right' />
</colgroup>
<tr id='header_row'>
    <td>Test Group/Test case</td>
    <td>Count</td>
    <td>Pass</td>
    <td>Fail</td>
    <td>Error</td>
    <td>Skip</td>
    <td>View</td>
    <td> </td>
</tr>

<tr class='failClass'>
    <td class="testname">tempest.scenario.test_network_basic_ops.TestNetworkBasicOps</td>
    <td class="small">9</td>
    <td class="small">0</td>
    <td class="small">8</td>
    <td class="small">0</td>
    <td class="small">1</td>
    <td class="small"><a href="javascript:showClassDetail('c1',9)"
>Detail</a></td>
    <td> </td>
</tr>

<tr id='ft1.1' class='none'>
    <td class='failCase'><div class='testcase'>test_connectivity_between_vms_on_different_networks[compute,id-1546850e-fbaa-42f5-8b5f-03d8a6a95f15,network]</div></td>
    <td colspan='7' align='left'>

    <!--css div popup start-->
    <a class="popup_link" onfocus='this.blur();'
    href="javascript:showTestDetail('div_ft1.1')" >
        fail</a>

    <div id='div_ft1.1' class="popup_window">
        <div style='text-align: right; color:red;cursor:pointer'>
        <a onfocus='this.blur();'
onclick="document.getElementById('div_ft1.1').style.display = 'none' " >
           [x]</a>
        </div>
        <pre>
        
ft1.1: tempest.scenario.test_network_basic_ops.TestNetworkBasicOps.test_connectivity_between_vms_on_different_networks[compute,id-1546850e-fbaa-42f5-8b5f-03d8a6a95f15,network]_StringException: Empty attachments:
  stderr
  stdout

pythonlogging:'': {{{
2016-02-17 02:06:47,558 28329 INFO     [tempest_lib.common.rest_client] Request (TestNetworkBasicOps:test_connectivity_between_vms_on_different_networks): 201 POST http://10.4.1.3:9696/v2.0/security-groups 0.370s
2016-02-17 02:06:47,559 28329 DEBUG    [tempest_lib.common.rest_client] Request - Headers: {'Content-Type': 'application/json', 'Accept': 'application/json', 'X-Auth-Token': '&lt;omitted&gt;'}
        Body: {"security_group": {"tenant_id": "2f00858f64524aa0ba8bcdf9af4e7eb2", "description": "tempest-secgroup-smoke-2060210566 description", "name": "tempest-secgroup-smoke-2060210566"}}
    Response - Headers: {'status': '201', 'content-length': '888', 'connection': 'close', 'date': 'Wed, 17 Feb 2016 02:06:47 GMT', 'content-type': 'application/json; charset=UTF-8', 'x-openstack-request-id': 'req-5e64a16a-9496-462c-bbac-7dfdf48a4ab9'}
        Body: {"security_group": {"tenant_id": "2f00858f64524aa0ba8bcdf9af4e7eb2", "description": "tempest-secgroup-smoke-2060210566 description", "id": "5736ca0b-b06f-4ae4-947d-4986cb0eb26b", "security_group_rules": [{"remote_group_id": null, "direction": "egress", "remote_ip_prefix": null, "protocol": null, "ethertype": "IPv4", "tenant_id": "2f00858f64524aa0ba8bcdf9af4e7eb2", "port_range_max": null, "port_range_min": null, "id": "289a856a-99b0-418a-a19c-e14b841c327c", "security_group_id": "5736ca0b-b06f-4ae4-947d-4986cb0eb26b"}, {"remote_group_id": null, "direction": "egress", "remote_ip_prefix": null, "protocol": null, "ethertype": "IPv6", "tenant_id": "2f00858f64524aa0ba8bcdf9af4e7eb2", "port_range_max": null, "port_range_min": null, "id": "fec6a026-e439-4ef2-9492-38384ecad1d9", "security_group_id": "5736ca0b-b06f-4ae4-947d-4986cb0eb26b"}], "name": "tempest-secgroup-smoke-2060210566"}}
2016-02-17 02:06:47,876 28329 INFO     [tempest_lib.common.rest_client] Request (TestNetworkBasicOps:test_connectivity_between_vms_on_different_networks): 201 POST http://10.4.1.3:9696/v2.0/security-group-rules 0.315s
2016-02-17 02:06:47,876 28329 DEBUG    [tempest_lib.common.rest_client] Request - Headers: {'Content-Type': 'application/json', 'Accept': 'application/json', 'X-Auth-Token': '&lt;omitted&gt;'}
        Body: {"security_group_rule": {"direction": "ingress", "protocol": "tcp", "tenant_id": "2f00858f64524aa0ba8bcdf9af4e7eb2", "port_range_max": 22, "security_group_id": "5736ca0b-b06f-4ae4-947d-4986cb0eb26b", "port_range_min": 22}}
    Response - Headers: {'status': '201', 'content-length': '340', 'connection': 'close', 'date': 'Wed, 17 Feb 2016 02:06:47 GMT', 'content-type': 'application/json; charset=UTF-8', 'x-openstack-request-id': 'req-6f622440-fc57-4e32-8a4d-601b10fe1f23'}
        Body: {"security_group_rule": {"remote_group_id": null, "direction": "ingress", "remote_ip_prefix": null, "protocol": "tcp", "ethertype": "IPv4", "tenant_id": "2f00858f64524aa0ba8bcdf9af4e7eb2", "port_range_max": 22, "port_range_min": 22, "id": "9997074a-ef24-417e-9ad6-c69bd5ca88f3", "security_group_id": "5736ca0b-b06f-4ae4-947d-4986cb0eb26b"}}
2016-02-17 02:06:48,194 28329 INFO     [tempest_lib.common.rest_client] Request (TestNetworkBasicOps:test_connectivity_between_vms_on_different_networks): 201 POST http://10.4.1.3:9696/v2.0/security-group-rules 0.316s
2016-02-17 02:06:48,195 28329 DEBUG    [tempest_lib.common.rest_client] Request - Headers: {'Content-Type': 'application/json', 'Accept': 'application/json', 'X-Auth-Token': '&lt;omitted&gt;'}
        Body: {"security_group_rule": {"direction": "egress", "protocol": "tcp", "tenant_id": "2f00858f64524aa0ba8bcdf9af4e7eb2", "port_range_max": 22, "security_group_id": "5736ca0b-b06f-4ae4-947d-4986cb0eb26b", "port_range_min": 22}}
    Response - Headers: {'status': '201', 'content-length': '339', 'connection': 'close', 'date': 'Wed, 17 Feb 2016 02:06:48 GMT', 'content-type': 'application/json; charset=UTF-8', 'x-openstack-request-id': 'req-ac605c86-2ebf-409c-9846-635599cc0e0d'}
        Body: {"security_group_rule": {"remote_group_id": null, "direction": "egress", "remote_ip_prefix": null, "protocol": "tcp", "ethertype": "IPv4", "tenant_id": "2f00858f64524aa0ba8bcdf9af4e7eb2", "port_range_max": 22, "port_range_min": 22, "id": "df5ff5a3-3a6e-4ee9-a9c7-e0a54de8a25d", "security_group_id": "5736ca0b-b06f-4ae4-947d-4986cb0eb26b"}}
2016-02-17 02:06:48,484 28329 INFO     [tempest_lib.common.rest_client] Request (TestNetworkBasicOps:test_connectivity_between_vms_on_different_networks): 201 POST http://10.4.1.3:9696/v2.0/security-group-rules 0.287s
2016-02-17 02:06:48,484 28329 DEBUG    [tempest_lib.common.rest_client] Request - Headers: {'Content-Type': 'application/json', 'Accept': 'application/json', 'X-Auth-Token': '&lt;omitted&gt;'}
        Body: {"security_group_rule": {"tenant_id": "2f00858f64524aa0ba8bcdf9af4e7eb2", "direction": "ingress", "protocol": "icmp", "security_group_id": "5736ca0b-b06f-4ae4-947d-4986cb0eb26b"}}
    Response - Headers: {'status': '201', 'content-length': '345', 'connection': 'close', 'date': 'Wed, 17 Feb 2016 02:06:48 GMT', 'content-type': 'application/json; charset=UTF-8', 'x-openstack-request-id': 'req-5b8a4d2b-1a7b-43fd-99bb-98c25437bcb7'}
        Body: {"security_group_rule": {"remote_group_id": null, "direction": "ingress", "remote_ip_prefix": null, "protocol": "icmp", "ethertype": "IPv4", "tenant_id": "2f00858f64524aa0ba8bcdf9af4e7eb2", "port_range_max": null, "port_range_min": null, "id": "cbf901e4-6c00-4235-be7d-33be88d211ec", "security_group_id": "5736ca0b-b06f-4ae4-947d-4986cb0eb26b"}}
2016-02-17 02:06:48,810 28329 INFO     [tempest_lib.common.rest_client] Request (TestNetworkBasicOps:test_connectivity_between_vms_on_different_networks): 201 POST http://10.4.1.3:9696/v2.0/security-group-rules 0.324s
2016-02-17 02:06:48,811 28329 DEBUG    [tempest_lib.common.rest_client] Request - Headers: {'Content-Type': 'application/json', 'Accept': 'application/json', 'X-Auth-Token': '&lt;omitted&gt;'}
        Body: {"security_group_rule": {"tenant_id": "2f00858f64524aa0ba8bcdf9af4e7eb2", "direction": "egress", "protocol": "icmp", "security_group_id": "5736ca0b-b06f-4ae4-947d-4986cb0eb26b"}}
    Response - Headers: {'status': '201', 'content-length': '344', 'connection': 'close', 'date': 'Wed, 17 Feb 2016 02:06:48 GMT', 'content-type': 'application/json; charset=UTF-8', 'x-openstack-request-id': 'req-9129f277-9754-4068-a627-658d3de73204'}
        Body: {"security_group_rule": {"remote_group_id": null, "direction": "egress", "remote_ip_prefix": null, "protocol": "icmp", "ethertype": "IPv4", "tenant_id": "2f00858f64524aa0ba8bcdf9af4e7eb2", "port_range_max": null, "port_range_min": null, "id": "c90b1e6e-8819-4651-8639-d96220eb8597", "security_group_id": "5736ca0b-b06f-4ae4-947d-4986cb0eb26b"}}
2016-02-17 02:06:49,127 28329 INFO     [tempest_lib.common.rest_client] Request (TestNetworkBasicOps:test_connectivity_between_vms_on_different_networks): 201 POST http://10.4.1.3:9696/v2.0/security-group-rules 0.315s
2016-02-17 02:06:49,128 28329 DEBUG    [tempest_lib.common.rest_client] Request - Headers: {'Content-Type': 'application/json', 'Accept': 'application/json', 'X-Auth-Token': '&lt;omitted&gt;'}
        Body: {"security_group_rule": {"tenant_id": "2f00858f64524aa0ba8bcdf9af4e7eb2", "direction": "ingress", "security_group_id": "5736ca0b-b06f-4ae4-947d-4986cb0eb26b", "protocol": "icmp", "ethertype": "IPv6"}}
    Response - Headers: {'status': '201', 'content-length': '345', 'connection': 'close', 'date': 'Wed, 17 Feb 2016 02:06:49 GMT', 'content-type': 'application/json; charset=UTF-8', 'x-openstack-request-id': 'req-cb756435-d8e8-4516-8d39-ada078dc579c'}
        Body: {"security_group_rule": {"remote_group_id": null, "direction": "ingress", "remote_ip_prefix": null, "protocol": "icmp", "ethertype": "IPv6", "tenant_id": "2f00858f64524aa0ba8bcdf9af4e7eb2", "port_range_max": null, "port_range_min": null, "id": "ad6070c0-df6c-4aa5-8526-bfdd37423360", "security_group_id": "5736ca0b-b06f-4ae4-947d-4986cb0eb26b"}}
2016-02-17 02:06:49,456 28329 INFO     [tempest_lib.common.rest_client] Request (TestNetworkBasicOps:test_connectivity_between_vms_on_different_networks): 201 POST http://10.4.1.3:9696/v2.0/security-group-rules 0.326s
2016-02-17 02:06:49,456 28329 DEBUG    [tempest_lib.common.rest_client] Request - Headers: {'Content-Type': 'application/json', 'Accept': 'application/json', 'X-Auth-Token': '&lt;omitted&gt;'}
        Body: {"security_group_rule": {"tenant_id": "2f00858f64524aa0ba8bcdf9af4e7eb2", "direction": "egress", "security_group_id": "5736ca0b-b06f-4ae4-947d-4986cb0eb26b", "protocol": "icmp", "ethertype": "IPv6"}}
    Response - Headers: {'status': '201', 'content-length': '344', 'connection': 'close', 'date': 'Wed, 17 Feb 2016 02:06:49 GMT', 'content-type': 'application/json; charset=UTF-8', 'x-openstack-request-id': 'req-2eb88096-ca3c-4a57-b38b-61e9bd529c49'}
        Body: {"security_group_rule": {"remote_group_id": null, "direction": "egress", "remote_ip_prefix": null, "protocol": "icmp", "ethertype": "IPv6", "tenant_id": "2f00858f64524aa0ba8bcdf9af4e7eb2", "port_range_max": null, "port_range_min": null, "id": "af8316c1-8ed8-4dca-833b-c25103b2654b", "security_group_id": "5736ca0b-b06f-4ae4-947d-4986cb0eb26b"}}
2016-02-17 02:06:49,921 28329 INFO     [tempest_lib.common.rest_client] Request (TestNetworkBasicOps:test_connectivity_between_vms_on_different_networks): 201 POST http://10.4.1.3:9696/v2.0/networks 0.463s
2016-02-17 02:06:49,922 28329 DEBUG    [tempest_lib.common.rest_client] Request - Headers: {'Content-Type': 'application/json', 'Accept': 'application/json', 'X-Auth-Token': '&lt;omitted&gt;'}
        Body: {"network": {"tenant_id": "2f00858f64524aa0ba8bcdf9af4e7eb2", "name": "tempest-network-smoke--1333074101"}}
    Response - Headers: {'status': '201', 'content-length': '356', 'connection': 'close', 'date': 'Wed, 17 Feb 2016 02:06:49 GMT', 'content-type': 'application/json; charset=UTF-8', 'x-openstack-request-id': 'req-57c42541-9dc5-4307-81a2-4185aaf8d529'}
        Body: {"network": {"status": "ACTIVE", "subnets": [], "availability_zone_hints": [], "availability_zones": [], "name": "tempest-network-smoke--1333074101", "admin_state_up": true, "tenant_id": "2f00858f64524aa0ba8bcdf9af4e7eb2", "mtu": 1450, "router:external": false, "shared": false, "port_security_enabled": true, "id": "53b70b4c-c8a9-4733-aa75-674687067bc5"}}
2016-02-17 02:06:50,189 28329 INFO     [tempest_lib.common.rest_client] Request (TestNetworkBasicOps:test_connectivity_between_vms_on_different_networks): 201 POST http://10.4.1.3:9696/v2.0/routers 0.266s
2016-02-17 02:06:50,189 28329 DEBUG    [tempest_lib.common.rest_client] Request - Headers: {'Content-Type': 'application/json', 'Accept': 'application/json', 'X-Auth-Token': '&lt;omitted&gt;'}
        Body: {"router": {"tenant_id": "2f00858f64524aa0ba8bcdf9af4e7eb2", "name": "tempest-router-smoke-568709238", "admin_state_up": true}}
    Response - Headers: {'status': '201', 'content-length': '238', 'connection': 'close', 'date': 'Wed, 17 Feb 2016 02:06:50 GMT', 'content-type': 'application/json; charset=UTF-8', 'x-openstack-request-id': 'req-7b328d2d-8b18-4be7-8bda-9a839b77f6ad'}
        Body: {"router": {"status": "ACTIVE", "external_gateway_info": null, "name": "tempest-router-smoke-568709238", "admin_state_up": true, "tenant_id": "2f00858f64524aa0ba8bcdf9af4e7eb2", "routes": [], "id": "8c9284b4-f235-4ff4-88e6-947bfde0a2b6"}}
2016-02-17 02:06:50,423 28329 INFO     [tempest_lib.common.rest_client] Request (TestNetworkBasicOps:test_connectivity_between_vms_on_different_networks): 200 GET http://10.4.1.3:9696/v2.0/routers/8c9284b4-f235-4ff4-88e6-947bfde0a2b6 0.232s
2016-02-17 02:06:50,424 28329 DEBUG    [tempest_lib.common.rest_client] Request - Headers: {'Content-Type': 'application/json', 'Accept': 'application/json', 'X-Auth-Token': '&lt;omitted&gt;'}
        Body: None
    Response - Headers: {'status': '200', 'content-length': '238', 'content-location': 'http://10.4.1.3:9696/v2.0/routers/8c9284b4-f235-4ff4-88e6-947bfde0a2b6', 'connection': 'close', 'date': 'Wed, 17 Feb 2016 02:06:50 GMT', 'content-type': 'application/json; charset=UTF-8', 'x-openstack-request-id': 'req-230f6f70-5850-4fde-9e32-6a0fdcedab36'}
        Body: {"router": {"status": "ACTIVE", "external_gateway_info": null, "name": "tempest-router-smoke-568709238", "admin_state_up": true, "tenant_id": "2f00858f64524aa0ba8bcdf9af4e7eb2", "routes": [], "id": "8c9284b4-f235-4ff4-88e6-947bfde0a2b6"}}
2016-02-17 02:06:51,249 28329 INFO     [tempest_lib.common.rest_client] Request (TestNetworkBasicOps:test_connectivity_between_vms_on_different_networks): 200 PUT http://10.4.1.3:9696/v2.0/routers/8c9284b4-f235-4ff4-88e6-947bfde0a2b6 0.824s
2016-02-17 02:06:51,250 28329 DEBUG    [tempest_lib.common.rest_client] Request - Headers: {'Content-Type': 'application/json', 'Accept': 'application/json', 'X-Auth-Token': '&lt;omitted&gt;'}
        Body: {"router": {"external_gateway_info": {"network_id": "45c4a449-0581-4d6c-8b2e-a034a11fb13a"}, "name": "tempest-router-smoke-568709238", "admin_state_up": true}}
    Response - Headers: {'status': '200', 'content-length': '500', 'connection': 'close', 'date': 'Wed, 17 Feb 2016 02:06:51 GMT', 'content-type': 'application/json; charset=UTF-8', 'x-openstack-request-id': 'req-e637b488-6a7d-4913-877b-aa3a0d1bcef3'}
        Body: {"router": {"status": "ACTIVE", "external_gateway_info": {"network_id": "45c4a449-0581-4d6c-8b2e-a034a11fb13a", "enable_snat": true, "external_fixed_ips": [{"subnet_id": "e859e33b-0e61-45c7-a73c-7dd0560cc4f8", "ip_address": "172.24.4.3"}, {"subnet_id": "a8b1931d-2edf-4bb5-8e35-5593d0b108ac", "ip_address": "2001:db8::4"}]}, "name": "tempest-router-smoke-568709238", "admin_state_up": true, "tenant_id": "2f00858f64524aa0ba8bcdf9af4e7eb2", "routes": [], "id": "8c9284b4-f235-4ff4-88e6-947bfde0a2b6"}}
2016-02-17 02:06:51,503 28329 INFO     [tempest_lib.common.rest_client] Request (TestNetworkBasicOps:test_connectivity_between_vms_on_different_networks): 200 GET http://10.4.1.3:9696/v2.0/subnets?tenant_id=2f00858f64524aa0ba8bcdf9af4e7eb2&amp;cidr=10.100.0.0%2F28 0.252s
2016-02-17 02:06:51,504 28329 DEBUG    [tempest_lib.common.rest_client] Request - Headers: {'Content-Type': 'application/json', 'Accept': 'application/json', 'X-Auth-Token': '&lt;omitted&gt;'}
        Body: None
    Response - Headers: {'status': '200', 'content-length': '15', 'content-location': 'http://10.4.1.3:9696/v2.0/subnets?tenant_id=2f00858f64524aa0ba8bcdf9af4e7eb2&amp;cidr=10.100.0.0%2F28', 'connection': 'close', 'date': 'Wed, 17 Feb 2016 02:06:51 GMT', 'content-type': 'application/json; charset=UTF-8', 'x-openstack-request-id': 'req-04bc014e-1cee-4f93-a632-8ad0738d3b9a'}
        Body: {"subnets": []}
2016-02-17 02:06:52,079 28329 INFO     [tempest_lib.common.rest_client] Request (TestNetworkBasicOps:test_connectivity_between_vms_on_different_networks): 201 POST http://10.4.1.3:9696/v2.0/subnets 0.573s
2016-02-17 02:06:52,080 28329 DEBUG    [tempest_lib.common.rest_client] Request - Headers: {'Content-Type': 'application/json', 'Accept': 'application/json', 'X-Auth-Token': '&lt;omitted&gt;'}
        Body: {"subnet": {"ip_version": 4, "tenant_id": "2f00858f64524aa0ba8bcdf9af4e7eb2", "cidr": "10.100.0.0/28", "network_id": "53b70b4c-c8a9-4733-aa75-674687067bc5", "name": "tempest-subnet-smoke-771752873"}}
    Response - Headers: {'status': '201', 'content-length': '477', 'connection': 'close', 'date': 'Wed, 17 Feb 2016 02:06:52 GMT', 'content-type': 'application/json; charset=UTF-8', 'x-openstack-request-id': 'req-0f3646d5-36bf-4b62-9106-2374dc65f408'}
        Body: {"subnet": {"name": "tempest-subnet-smoke-771752873", "enable_dhcp": true, "network_id": "53b70b4c-c8a9-4733-aa75-674687067bc5", "tenant_id": "2f00858f64524aa0ba8bcdf9af4e7eb2", "dns_nameservers": [], "gateway_ip": "10.100.0.1", "ipv6_ra_mode": null, "allocation_pools": [{"start": "10.100.0.2", "end": "10.100.0.14"}], "host_routes": [], "ip_version": 4, "ipv6_address_mode": null, "cidr": "10.100.0.0/28", "id": "874b9ae6-f63f-4971-bbbc-b208e4884a53", "subnetpool_id": null}}
2016-02-17 02:06:53,024 28329 INFO     [tempest_lib.common.rest_client] Request (TestNetworkBasicOps:test_connectivity_between_vms_on_different_networks): 200 PUT http://10.4.1.3:9696/v2.0/routers/8c9284b4-f235-4ff4-88e6-947bfde0a2b6/add_router_interface 0.943s
2016-02-17 02:06:53,025 28329 DEBUG    [tempest_lib.common.rest_client] Request - Headers: {'Content-Type': 'application/json', 'Accept': 'application/json', 'X-Auth-Token': '&lt;omitted&gt;'}
        Body: {"subnet_id": "874b9ae6-f63f-4971-bbbc-b208e4884a53"}
    Response - Headers: {'status': '200', 'content-length': '309', 'connection': 'close', 'date': 'Wed, 17 Feb 2016 02:06:53 GMT', 'content-type': 'application/json; charset=UTF-8', 'x-openstack-request-id': 'req-dee8388c-9128-4d74-90e4-1f7a8410b8fd'}
        Body: {"network_id": "53b70b4c-c8a9-4733-aa75-674687067bc5", "tenant_id": "2f00858f64524aa0ba8bcdf9af4e7eb2", "subnet_id": "874b9ae6-f63f-4971-bbbc-b208e4884a53", "subnet_ids": ["874b9ae6-f63f-4971-bbbc-b208e4884a53"], "port_id": "6809a3fd-4fcd-4fe2-8525-b5e273599ca1", "id": "8c9284b4-f235-4ff4-88e6-947bfde0a2b6"}
2016-02-17 02:06:53,264 28329 INFO     [tempest_lib.common.rest_client] Request (TestNetworkBasicOps:test_connectivity_between_vms_on_different_networks): 200 GET http://10.4.1.3:9696/v2.0/networks 0.238s
2016-02-17 02:06:53,265 28329 DEBUG    [tempest_lib.common.rest_client] Request - Headers: {'Content-Type': 'application/json', 'Accept': 'application/json', 'X-Auth-Token': '&lt;omitted&gt;'}
        Body: None
    Response - Headers: {'status': '200', 'content-length': '1537', 'content-location': 'http://10.4.1.3:9696/v2.0/networks', 'connection': 'close', 'date': 'Wed, 17 Feb 2016 02:06:53 GMT', 'content-type': 'application/json; charset=UTF-8', 'x-openstack-request-id': 'req-dbf20494-45d3-497c-8290-eeec5b010a66'}
        Body: {"networks": [{"status": "ACTIVE", "subnets": ["e1f2dce0-588e-47aa-8346-5177986df014", "bfc9ab6a-7256-48f8-884e-435b4dde47ce"], "availability_zone_hints": [], "availability_zones": ["nova"], "name": "private", "provider:physical_network": null, "admin_state_up": true, "tenant_id": "887744566e854c0ebf697149504d7436", "mtu": 1450, "router:external": false, "shared": false, "port_security_enabled": true, "provider:network_type": "vxlan", "id": "0e919edc-d383-4406-9c7e-504322d1b982", "provider:segmentation_id": 1024}, {"status": "ACTIVE", "subnets": ["874b9ae6-f63f-4971-bbbc-b208e4884a53"], "availability_zone_hints": [], "availability_zones": ["nova"], "name": "tempest-network-smoke--1333074101", "provider:physical_network": null, "admin_state_up": true, "tenant_id": "2f00858f64524aa0ba8bcdf9af4e7eb2", "mtu": 1450, "router:external": false, "shared": false, "port_security_enabled": true, "provider:network_type": "vxlan", "id": "53b70b4c-c8a9-4733-aa75-674687067bc5", "provider:segmentation_id": 1042}, {"status": "ACTIVE", "subnets": ["e859e33b-0e61-45c7-a73c-7dd0560cc4f8", "a8b1931d-2edf-4bb5-8e35-5593d0b108ac"], "availability_zone_hints": [], "availability_zones": ["nova"], "name": "public", "provider:physical_network": null, "admin_state_up": true, "tenant_id": "5d27d8c725974374abf37fe2f423c72a", "mtu": 1450, "is_default": false, "router:external": true, "shared": false, "port_security_enabled": true, "provider:network_type": "vxlan", "id": "45c4a449-0581-4d6c-8b2e-a034a11fb13a", "provider:segmentation_id": 1019}]}
2016-02-17 02:06:53,494 28329 INFO     [tempest_lib.common.rest_client] Request (TestNetworkBasicOps:test_connectivity_between_vms_on_different_networks): 200 GET http://10.4.1.3:9696/v2.0/subnets 0.228s
2016-02-17 02:06:53,495 28329 DEBUG    [tempest_lib.common.rest_client] Request - Headers: {'Content-Type': 'application/json', 'Accept': 'application/json', 'X-Auth-Token': '&lt;omitted&gt;'}
        Body: None
    Response - Headers: {'status': '200', 'content-length': '2407', 'content-location': 'http://10.4.1.3:9696/v2.0/subnets', 'connection': 'close', 'date': 'Wed, 17 Feb 2016 02:06:53 GMT', 'content-type': 'application/json; charset=UTF-8', 'x-openstack-request-id': 'req-be21c7c3-ecb7-477f-ab2a-0fbe72d36b0a'}
        Body: {"subnets": [{"name": "private-subnet", "enable_dhcp": true, "network_id": "0e919edc-d383-4406-9c7e-504322d1b982", "tenant_id": "887744566e854c0ebf697149504d7436", "dns_nameservers": [], "gateway_ip": "10.0.0.1", "ipv6_ra_mode": null, "allocation_pools": [{"start": "10.0.0.2", "end": "10.0.0.254"}], "host_routes": [], "ip_version": 4, "ipv6_address_mode": null, "cidr": "10.0.0.0/24", "id": "bfc9ab6a-7256-48f8-884e-435b4dde47ce", "subnetpool_id": null}, {"name": "public-subnet", "enable_dhcp": false, "network_id": "45c4a449-0581-4d6c-8b2e-a034a11fb13a", "tenant_id": "5d27d8c725974374abf37fe2f423c72a", "dns_nameservers": [], "gateway_ip": "172.24.4.1", "ipv6_ra_mode": null, "allocation_pools": [{"start": "172.24.4.2", "end": "172.24.4.254"}], "host_routes": [], "ip_version": 4, "ipv6_address_mode": null, "cidr": "172.24.4.0/24", "id": "e859e33b-0e61-45c7-a73c-7dd0560cc4f8", "subnetpool_id": null}, {"name": "ipv6-public-subnet", "enable_dhcp": false, "network_id": "45c4a449-0581-4d6c-8b2e-a034a11fb13a", "tenant_id": "5d27d8c725974374abf37fe2f423c72a", "dns_nameservers": [], "gateway_ip": "2001:db8::2", "ipv6_ra_mode": null, "allocation_pools": [{"start": "2001:db8::1", "end": "2001:db8::1"}, {"start": "2001:db8::3", "end": "2001:db8::ffff:ffff:ffff:ffff"}], "host_routes": [], "ip_version": 6, "ipv6_address_mode": null, "cidr": "2001:db8::/64", "id": "a8b1931d-2edf-4bb5-8e35-5593d0b108ac", "subnetpool_id": null}, {"name": "tempest-subnet-smoke-771752873", "enable_dhcp": true, "network_id": "53b70b4c-c8a9-4733-aa75-674687067bc5", "tenant_id": "2f00858f64524aa0ba8bcdf9af4e7eb2", "dns_nameservers": [], "gateway_ip": "10.100.0.1", "ipv6_ra_mode": null, "allocation_pools": [{"start": "10.100.0.2", "end": "10.100.0.14"}], "host_routes": [], "ip_version": 4, "ipv6_address_mode": null, "cidr": "10.100.0.0/28", "id": "874b9ae6-f63f-4971-bbbc-b208e4884a53", "subnetpool_id": null}, {"name": "ipv6-private-subnet", "enable_dhcp": true, "network_id": "0e919edc-d383-4406-9c7e-504322d1b982", "tenant_id": "887744566e854c0ebf697149504d7436", "dns_nameservers": [], "gateway_ip": "fd12:42f1:7042::1", "ipv6_ra_mode": "slaac", "allocation_pools": [{"start": "fd12:42f1:7042::2", "end": "fd12:42f1:7042:0:ffff:ffff:ffff:ffff"}], "host_routes": [], "ip_version": 6, "ipv6_address_mode": "slaac", "cidr": "fd12:42f1:7042::/64", "id": "e1f2dce0-588e-47aa-8346-5177986df014", "subnetpool_id": null}]}
2016-02-17 02:06:53,775 28329 INFO     [tempest_lib.common.rest_client] Request (TestNetworkBasicOps:test_connectivity_between_vms_on_different_networks): 200 GET http://10.4.1.3:9696/v2.0/routers 0.278s
2016-02-17 02:06:53,776 28329 DEBUG    [tempest_lib.common.rest_client] Request - Headers: {'Content-Type': 'application/json', 'Accept': 'application/json', 'X-Auth-Token': '&lt;omitted&gt;'}
        Body: None
    Response - Headers: {'status': '200', 'content-length': '1014', 'content-location': 'http://10.4.1.3:9696/v2.0/routers', 'connection': 'close', 'date': 'Wed, 17 Feb 2016 02:06:53 GMT', 'content-type': 'application/json; charset=UTF-8', 'x-openstack-request-id': 'req-a67426b6-1b01-460c-b852-5e66b64daead'}
        Body: {"routers": [{"status": "ACTIVE", "external_gateway_info": {"network_id": "45c4a449-0581-4d6c-8b2e-a034a11fb13a", "enable_snat": true, "external_fixed_ips": [{"subnet_id": "e859e33b-0e61-45c7-a73c-7dd0560cc4f8", "ip_address": "172.24.4.3"}, {"subnet_id": "a8b1931d-2edf-4bb5-8e35-5593d0b108ac", "ip_address": "2001:db8::4"}]}, "name": "tempest-router-smoke-568709238", "admin_state_up": true, "tenant_id": "2f00858f64524aa0ba8bcdf9af4e7eb2", "distributed": false, "routes": [], "id": "8c9284b4-f235-4ff4-88e6-947bfde0a2b6"}, {"status": "ACTIVE", "external_gateway_info": {"network_id": "45c4a449-0581-4d6c-8b2e-a034a11fb13a", "enable_snat": true, "external_fixed_ips": [{"subnet_id": "e859e33b-0e61-45c7-a73c-7dd0560cc4f8", "ip_address": "172.24.4.2"}, {"subnet_id": "a8b1931d-2edf-4bb5-8e35-5593d0b108ac", "ip_address": "2001:db8::3"}]}, "name": "router1", "admin_state_up": true, "tenant_id": "887744566e854c0ebf697149504d7436", "distributed": false, "routes": [], "id": "e14f2297-d4a2-4a57-86ee-56fc2d57b0d2"}]}
2016-02-17 02:06:54,176 28329 INFO     [tempest_lib.common.rest_client] Request (TestNetworkBasicOps:test_connectivity_between_vms_on_different_networks): 200 POST http://10.4.1.3:8774/v2.1/2f00858f64524aa0ba8bcdf9af4e7eb2/os-keypairs 0.399s
2016-02-17 02:06:54,176 28329 DEBUG    [tempest_lib.common.rest_client] Request - Headers: {'Content-Type': 'application/json', 'Accept': 'application/json', 'X-Auth-Token': '&lt;omitted&gt;'}
        Body: {"keypair": {"name": "tempest-TestNetworkBasicOps-232567611"}}
    Response - Headers: {'status': '200', 'content-length': '2320', 'x-compute-request-id': 'req-19511b2b-163d-41e1-8a4d-2f3b7c952f25', 'vary': 'X-OpenStack-Nova-API-Version', 'connection': 'close', 'x-openstack-nova-api-version': '2.1', 'date': 'Wed, 17 Feb 2016 02:06:54 GMT', 'content-type': 'application/json'}
        Body: {"keypair": {"public_key": "ssh-rsa AAAAB3NzaC1yc2EAAAADAQABAAABAQDCoa9g7g24CfX1uV3fjGrQBh0FB2SuTbFsFqZfpQ/D2cleMtSVsyfnQXpRuvO7Gvd9l2Rl9/L0+V2AWMotu1/aPQtpy/uOfX+tx8IkBKh7ijuVLQTu1IohAnX8/iqzc710ANyBS11JaiXHhiHUJomFBvzIN7obRjhauyPSXlUaXL4jZoEiqkK6i4DW/7cb1b/E7ZSjcnc2u+3HIyivAZ2ncnAjp36lMI53Ae185cnYyLXygd4nl1ysvPEYGxEhl281ZXTCdtmCn76Kb3APkfVMGlhNvAak86Sk2WqZcraVB1Q2h2AFnBBl3dg8O7o4OTjn2B1hJB0FWmTJOKAypgpx Generated-by-Nova", "private_key": "-----BEGIN RSA PRIVATE KEY-----\nMIIEqAIBAAKCAQEAwqGvYO4NuAn19bld34xq0AYdBQdkrk2xbBamX6UPw9nJXjLU\nlbMn50F6Ubrzuxr3fZdkZffy9PldgFjKLbtf2j0Lacv7jn1/rcfCJASoe4o7lS0E\n7tSKIQJ1/P4qs3O9dADcgUtdSWolx4Yh1CaJhQb8yDe6G0Y4Wrsj0l5VGly+I2aB\nIqpCuouA1v+3G9W/xO2Uo3J3NrvtxyMorwGdp3JwI6d+pTCOdwHtfOXJ2Mi18oHe\nJ5dcrLzxGBsRIZdvNWV0wnbZgp++im9wD5H1TBpYTbwGpPOkpNlqmXK2lQdUNodg\nBZwQZd3YPDu6ODk459gdYSQdBVpkyTigMqYKcQIDAQABAoIBAQCZDSwsvQZswuh3\n4ty+/lzAWQ5Y9gdmShJLPUR30gUjrg9709z4G3o1kHfv7WPcrsgQKwz4YpLbsXyl\ngSz76Wzm4TooaA/ZbTcKIRu51y/mdj2EgXJvnRNCAf1mhThvBYTlxAeiZPFm2eH7\nlK7ldaiOw3/ksm3XJNEMCD2TIDssDoCrFAordtJVmEs+5PaHCc1eWRCEbbZJ3rQ8\nLF3O11R+R5L5mPzPd23Eei40O6sFkJXMUjb2rykLxsL47o1pzfqDqfn1v6gYjicC\nKYyaNRwXgVy1BFZaOq3fWeIdc75eRH0N36RfSgshAhYunFvSoZfhx9NO0gj2CyDq\nowREcHhBAoIAgQDGNkF7sqdNNGgyfsHYR0urEDwPwkSgWKpoAWvmkv0D69tW3dpS\n8WqutzjxaFKzWO6ZhhpMgV1EcA1zDMHAmnJf1x3o3ZkO2ee1CR0iXF4JfcrYnJ4E\nIGYIN6OeDjZ/hguhz64bQiDhqNVgTDXP1PIZOYCsN2izTsgAFGID+qe10wKCAIEA\n+2A0u126AkIhjac+AKDgc7i3AjrCkdevdKFkJ1lZi+Areoxl+dPIHPfHJLOkLfB+\np4asECKAMiwTUs9BcIQlwP6Qrax36TerZvhgnaL7EBCbspsYtTFBMSkPAZlacAjZ\nYqxUSkC/PmuU3wSEE1L/YcpRxhep9/B9xh5JYeyLgCsCggCAYZ9bRSdKixXis+wG\nYRVMSWZnjoNp9Wd2Fl+M2zVN9F532yLNYsiQeJi5LPzqrnaAnZCU51VXsFtX5HBG\nBSyMZHO4wXZS6iOcoWdpuACyOA6Cl4kbsoCagDWXGkN5x/knRXzaDYbWVw4meZVP\nc5s32gCeRTPNF3MXwiJH3BnZ/A0CggCARp0t8vxPRlchadNzPWXz504aSswK4EFA\njnjP06Xr27krPY+3DckKS+jmzk6Qbj9CtPjF2Pp4HJ/5Bagm796PZHmeVss+HAuB\nYLmhGmcwM8EWm8Op2yxs7cxk5MQZfaNevbM/MmSh1H0QIt335B3Kk8Pr2MPJAVdT\nXZYgcxupzGUCggCAfdDa1oa+AamBdHVkvZE6+QlbnhtyIIF1uOfXHu+DiFbuGGnp\nEnZCwwqTkTPUIXNzKPSoWqFCy0Osn85KXff/xXlv/bInEiwOtGKXtHhKZKdvZgNh\nZbH/NhGZ/Ag0f2pb8yFoSMbcvJRaeH0Rh9EprofgtnPmgytzD2jIRTZLvLY=\n-----END RSA PRIVATE KEY-----\n", "user_id": "f3e2d11dec4d4e31baf27f53e81e27f0", "name": "tempest-TestNetworkBasicOps-232567611", "fingerprint": "15:be:40:87:14:83:7f:40:fd:41:24:f5:bb:7b:ed:00"}}
2016-02-17 02:06:54,353 28329 INFO     [tempest_lib.common.rest_client] Request (TestNetworkBasicOps:test_connectivity_between_vms_on_different_networks): 200 POST http://10.4.1.3:5000/v2.0/tokens
2016-02-17 02:06:54,354 28329 DEBUG    [tempest_lib.common.rest_client] Request - Headers: {'Content-Type': 'application/json', 'Accept': 'application/json'}
        Body: &lt;omitted&gt;
    Response - Headers: {'status': '200', 'content-length': '2258', 'vary': 'X-Auth-Token', 'server': 'Apache/2.4.7 (Ubuntu)', 'connection': 'close', 'date': 'Wed, 17 Feb 2016 02:06:54 GMT', 'content-type': 'application/json', 'x-openstack-request-id': 'req-51f34a74-8403-4f12-80d6-9e2a4c31b0ef'}
        Body: {"access": {"token": {"issued_at": "2016-02-17T02:06:54.339043", "expires": "2016-02-17T03:06:54Z", "id": "254a82dff6a2414aafd44f0c62239c0d", "tenant": {"description": "tempest-TestNetworkBasicOps-1671145538-desc", "enabled": true, "id": "2f00858f64524aa0ba8bcdf9af4e7eb2", "name": "tempest-TestNetworkBasicOps-1671145538"}, "audit_ids": ["xH5Y0-PRRhOlpdAHllUqfg"]}, "serviceCatalog": [{"endpoints": [{"adminURL": "http://10.4.1.3:9292", "region": "RegionOne", "internalURL": "http://10.4.1.3:9292", "id": "0f74660f24e442dfa4999c4695a850c9", "publicURL": "http://10.4.1.3:9292"}], "endpoints_links": [], "type": "image", "name": "glance"}, {"endpoints": [{"adminURL": "http://10.4.1.3:8774/v2.1/2f00858f64524aa0ba8bcdf9af4e7eb2", "region": "RegionOne", "internalURL": "http://10.4.1.3:8774/v2.1/2f00858f64524aa0ba8bcdf9af4e7eb2", "id": "34d92488df6842ccab5f9e049b945af4", "publicURL": "http://10.4.1.3:8774/v2.1/2f00858f64524aa0ba8bcdf9af4e7eb2"}], "endpoints_links": [], "type": "compute", "name": "nova"}, {"endpoints": [{"adminURL": "http://10.4.1.3:9696/", "region": "RegionOne", "internalURL": "http://10.4.1.3:9696/", "id": "4e2118a8c15e44eaac4cb160c67a28c7", "publicURL": "http://10.4.1.3:9696/"}], "endpoints_links": [], "type": "network", "name": "neutron"}, {"endpoints": [{"adminURL": "http://10.4.1.3:35357/v2.0", "region": "RegionOne", "internalURL": "http://10.4.1.3:5000/v2.0", "id": "5312945ca8fa4224bd588a90ab1d675c", "publicURL": "http://10.4.1.3:5000/v2.0"}], "endpoints_links": [], "type": "identity", "name": "keystone"}, {"endpoints": [{"adminURL": "http://10.4.1.3:8774/v2/2f00858f64524aa0ba8bcdf9af4e7eb2", "region": "RegionOne", "internalURL": "http://10.4.1.3:8774/v2/2f00858f64524aa0ba8bcdf9af4e7eb2", "id": "8d74afb31a2b41b486317546c4b22f1f", "publicURL": "http://10.4.1.3:8774/v2/2f00858f64524aa0ba8bcdf9af4e7eb2"}], "endpoints_links": [], "type": "compute_legacy", "name": "nova_legacy"}], "user": {"username": "tempest-TestNetworkBasicOps-508814870", "roles_links": [], "id": "f3e2d11dec4d4e31baf27f53e81e27f0", "roles": [{"name": "_member_"}, {"name": "Member"}], "name": "tempest-TestNetworkBasicOps-508814870"}, "metadata": {"is_admin": 0, "roles": ["9fe2ff9ee4384b1894a90878d3e92bab", "d8d37e24a3d94266852ee9aabbedccd7"]}}}
2016-02-17 02:06:54,361 28329 DEBUG    [tempest.common.fixed_network] (TestNetworkBasicOps:test_connectivity_between_vms_on_different_networks) No valid network provided or created, defaulting to fixed_network_name
2016-02-17 02:06:54,800 28329 INFO     [tempest_lib.common.rest_client] Request (TestNetworkBasicOps:test_connectivity_between_vms_on_different_networks): 200 GET http://10.4.1.3:8774/v2.1/2f00858f64524aa0ba8bcdf9af4e7eb2/os-networks 0.437s
2016-02-17 02:06:54,801 28329 DEBUG    [tempest_lib.common.rest_client] Request - Headers: {'Content-Type': 'application/json', 'Accept': 'application/json', 'X-Auth-Token': '&lt;omitted&gt;'}
        Body: None
    Response - Headers: {'status': '200', 'content-length': '479', 'content-location': 'http://10.4.1.3:8774/v2.1/2f00858f64524aa0ba8bcdf9af4e7eb2/os-networks', 'x-compute-request-id': 'req-4228237f-098f-4b92-885c-345addb4759f', 'vary': 'X-OpenStack-Nova-API-Version', 'connection': 'close', 'x-openstack-nova-api-version': '2.1', 'date': 'Wed, 17 Feb 2016 02:06:54 GMT', 'content-type': 'application/json'}
        Body: {"networks": [{"cidr_v6": null, "dns2": null, "dns1": null, "gateway": null, "broadcast": null, "netmask": null, "gateway_v6": null, "cidr": null, "label": "public", "id": "45c4a449-0581-4d6c-8b2e-a034a11fb13a", "netmask_v6": null}, {"cidr_v6": null, "dns2": null, "dns1": null, "gateway": null, "broadcast": null, "netmask": null, "gateway_v6": null, "cidr": null, "label": "tempest-network-smoke--1333074101", "id": "53b70b4c-c8a9-4733-aa75-674687067bc5", "netmask_v6": null}]}
2016-02-17 02:06:54,802 28329 WARNING  [tempest.common.fixed_network] (TestNetworkBasicOps:test_connectivity_between_vms_on_different_networks) Network with name: private not found
2016-02-17 02:06:54,802 28329 INFO     [tempest.common.fixed_network] (TestNetworkBasicOps:test_connectivity_between_vms_on_different_networks) Found network {} available for tenant
2016-02-17 02:06:57,828 28329 INFO     [tempest_lib.common.rest_client] Request (TestNetworkBasicOps:test_connectivity_between_vms_on_different_networks): 202 POST http://10.4.1.3:8774/v2.1/2f00858f64524aa0ba8bcdf9af4e7eb2/servers 3.024s
2016-02-17 02:06:57,829 28329 DEBUG    [tempest_lib.common.rest_client] Request - Headers: {'Content-Type': 'application/json', 'Accept': 'application/json', 'X-Auth-Token': '&lt;omitted&gt;'}
        Body: {"server": {"name": "tempest-server-smoke-156445430", "imageRef": "e82e502a-5041-4670-9381-015ae22e96cd", "key_name": "tempest-TestNetworkBasicOps-232567611", "flavorRef": "42", "networks": [{"uuid": "53b70b4c-c8a9-4733-aa75-674687067bc5"}], "security_groups": [{"name": "tempest-secgroup-smoke-2060210566"}]}}
    Response - Headers: {'status': '202', 'content-length': '460', 'x-compute-request-id': 'req-88480d4d-18e7-4443-9b53-b0f38e53d611', 'vary': 'X-OpenStack-Nova-API-Version', 'connection': 'close', 'location': 'http://10.4.1.3:8774/v2.1/2f00858f64524aa0ba8bcdf9af4e7eb2/servers/f10f0f94-090c-4d62-a6b2-50df41bcbc0a', 'x-openstack-nova-api-version': '2.1', 'date': 'Wed, 17 Feb 2016 02:06:57 GMT', 'content-type': 'application/json'}
        Body: {"server": {"security_groups": [{"name": "tempest-secgroup-smoke-2060210566"}], "OS-DCF:diskConfig": "MANUAL", "id": "f10f0f94-090c-4d62-a6b2-50df41bcbc0a", "links": [{"href": "http://10.4.1.3:8774/v2.1/2f00858f64524aa0ba8bcdf9af4e7eb2/servers/f10f0f94-090c-4d62-a6b2-50df41bcbc0a", "rel": "self"}, {"href": "http://10.4.1.3:8774/2f00858f64524aa0ba8bcdf9af4e7eb2/servers/f10f0f94-090c-4d62-a6b2-50df41bcbc0a", "rel": "bookmark"}], "adminPass": "7m4L6MQynujF"}}
2016-02-17 02:06:58,367 28329 INFO     [tempest_lib.common.rest_client] Request (TestNetworkBasicOps:test_connectivity_between_vms_on_different_networks): 200 GET http://10.4.1.3:8774/v2.1/2f00858f64524aa0ba8bcdf9af4e7eb2/servers/f10f0f94-090c-4d62-a6b2-50df41bcbc0a 0.533s
2016-02-17 02:06:58,368 28329 DEBUG    [tempest_lib.common.rest_client] Request - Headers: {'Content-Type': 'application/json', 'Accept': 'application/json', 'X-Auth-Token': '&lt;omitted&gt;'}
        Body: None
    Response - Headers: {'status': '200', 'content-length': '1339', 'content-location': 'http://10.4.1.3:8774/v2.1/2f00858f64524aa0ba8bcdf9af4e7eb2/servers/f10f0f94-090c-4d62-a6b2-50df41bcbc0a', 'x-compute-request-id': 'req-884244d1-d79b-4ca2-8b43-2c1d35959a85', 'vary': 'X-OpenStack-Nova-API-Version', 'connection': 'close', 'x-openstack-nova-api-version': '2.1', 'date': 'Wed, 17 Feb 2016 02:06:58 GMT', 'content-type': 'application/json'}
        Body: {"server": {"status": "BUILD", "updated": "2016-02-17T02:06:58Z", "hostId": "", "addresses": {}, "links": [{"href": "http://10.4.1.3:8774/v2.1/2f00858f64524aa0ba8bcdf9af4e7eb2/servers/f10f0f94-090c-4d62-a6b2-50df41bcbc0a", "rel": "self"}, {"href": "http://10.4.1.3:8774/2f00858f64524aa0ba8bcdf9af4e7eb2/servers/f10f0f94-090c-4d62-a6b2-50df41bcbc0a", "rel": "bookmark"}], "key_name": "tempest-TestNetworkBasicOps-232567611", "image": {"id": "e82e502a-5041-4670-9381-015ae22e96cd", "links": [{"href": "http://10.4.1.3:8774/2f00858f64524aa0ba8bcdf9af4e7eb2/images/e82e502a-5041-4670-9381-015ae22e96cd", "rel": "bookmark"}]}, "OS-EXT-STS:task_state": "scheduling", "OS-EXT-STS:vm_state": "building", "OS-SRV-USG:launched_at": null, "flavor": {"id": "42", "links": [{"href": "http://10.4.1.3:8774/2f00858f64524aa0ba8bcdf9af4e7eb2/flavors/42", "rel": "bookmark"}]}, "id": "f10f0f94-090c-4d62-a6b2-50df41bcbc0a", "OS-SRV-USG:terminated_at": null, "OS-EXT-AZ:availability_zone": "", "user_id": "f3e2d11dec4d4e31baf27f53e81e27f0", "name": "tempest-server-smoke-156445430", "created": "2016-02-17T02:06:57Z", "tenant_id": "2f00858f64524aa0ba8bcdf9af4e7eb2", "OS-DCF:diskConfig": "MANUAL", "os-extended-volumes:volumes_attached": [], "accessIPv4": "", "accessIPv6": "", "progress": 0, "OS-EXT-STS:power_state": 0, "config_drive": "", "metadata": {}}}
2016-02-17 02:06:59,953 28329 INFO     [tempest_lib.common.rest_client] Request (TestNetworkBasicOps:test_connectivity_between_vms_on_different_networks): 200 GET http://10.4.1.3:8774/v2.1/2f00858f64524aa0ba8bcdf9af4e7eb2/servers/f10f0f94-090c-4d62-a6b2-50df41bcbc0a 0.573s
2016-02-17 02:06:59,953 28329 DEBUG    [tempest_lib.common.rest_client] Request - Headers: {'Content-Type': 'application/json', 'Accept': 'application/json', 'X-Auth-Token': '&lt;omitted&gt;'}
        Body: None
    Response - Headers: {'status': '200', 'content-length': '1397', 'content-location': 'http://10.4.1.3:8774/v2.1/2f00858f64524aa0ba8bcdf9af4e7eb2/servers/f10f0f94-090c-4d62-a6b2-50df41bcbc0a', 'x-compute-request-id': 'req-b69139cf-607c-4da3-92bb-c8e1f0eef5e1', 'vary': 'X-OpenStack-Nova-API-Version', 'connection': 'close', 'x-openstack-nova-api-version': '2.1', 'date': 'Wed, 17 Feb 2016 02:06:59 GMT', 'content-type': 'application/json'}
        Body: {"server": {"status": "BUILD", "updated": "2016-02-17T02:06:59Z", "hostId": "090594d199eaaa8d4d25124c159a68fee0be9565cfc4b6bd692d22d7", "addresses": {}, "links": [{"href": "http://10.4.1.3:8774/v2.1/2f00858f64524aa0ba8bcdf9af4e7eb2/servers/f10f0f94-090c-4d62-a6b2-50df41bcbc0a", "rel": "self"}, {"href": "http://10.4.1.3:8774/2f00858f64524aa0ba8bcdf9af4e7eb2/servers/f10f0f94-090c-4d62-a6b2-50df41bcbc0a", "rel": "bookmark"}], "key_name": "tempest-TestNetworkBasicOps-232567611", "image": {"id": "e82e502a-5041-4670-9381-015ae22e96cd", "links": [{"href": "http://10.4.1.3:8774/2f00858f64524aa0ba8bcdf9af4e7eb2/images/e82e502a-5041-4670-9381-015ae22e96cd", "rel": "bookmark"}]}, "OS-EXT-STS:task_state": "spawning", "OS-EXT-STS:vm_state": "building", "OS-SRV-USG:launched_at": null, "flavor": {"id": "42", "links": [{"href": "http://10.4.1.3:8774/2f00858f64524aa0ba8bcdf9af4e7eb2/flavors/42", "rel": "bookmark"}]}, "id": "f10f0f94-090c-4d62-a6b2-50df41bcbc0a", "OS-SRV-USG:terminated_at": null, "OS-EXT-AZ:availability_zone": "nova", "user_id": "f3e2d11dec4d4e31baf27f53e81e27f0", "name": "tempest-server-smoke-156445430", "created": "2016-02-17T02:06:57Z", "tenant_id": "2f00858f64524aa0ba8bcdf9af4e7eb2", "OS-DCF:diskConfig": "MANUAL", "os-extended-volumes:volumes_attached": [], "accessIPv4": "", "accessIPv6": "", "progress": 0, "OS-EXT-STS:power_state": 0, "config_drive": "", "metadata": {}}}
2016-02-17 02:06:59,961 28329 INFO     [tempest.common.waiters] State transition "BUILD/scheduling" ==&gt; "BUILD/spawning" after 1 second wait
2016-02-17 02:07:01,615 28329 INFO     [tempest_lib.common.rest_client] Request (TestNetworkBasicOps:test_connectivity_between_vms_on_different_networks): 200 GET http://10.4.1.3:8774/v2.1/2f00858f64524aa0ba8bcdf9af4e7eb2/servers/f10f0f94-090c-4d62-a6b2-50df41bcbc0a 0.652s
2016-02-17 02:07:01,616 28329 DEBUG    [tempest_lib.common.rest_client] Request - Headers: {'Content-Type': 'application/json', 'Accept': 'application/json', 'X-Auth-Token': '&lt;omitted&gt;'}
        Body: None
    Response - Headers: {'status': '200', 'content-length': '1465', 'content-location': 'http://10.4.1.3:8774/v2.1/2f00858f64524aa0ba8bcdf9af4e7eb2/servers/f10f0f94-090c-4d62-a6b2-50df41bcbc0a', 'x-compute-request-id': 'req-3e67a82a-7565-4e35-8ca5-4e6bb7f99b02', 'vary': 'X-OpenStack-Nova-API-Version', 'connection': 'close', 'x-openstack-nova-api-version': '2.1', 'date': 'Wed, 17 Feb 2016 02:07:01 GMT', 'content-type': 'application/json'}
        Body: {"server": {"status": "BUILD", "updated": "2016-02-17T02:06:59Z", "hostId": "090594d199eaaa8d4d25124c159a68fee0be9565cfc4b6bd692d22d7", "addresses": {}, "links": [{"href": "http://10.4.1.3:8774/v2.1/2f00858f64524aa0ba8bcdf9af4e7eb2/servers/f10f0f94-090c-4d62-a6b2-50df41bcbc0a", "rel": "self"}, {"href": "http://10.4.1.3:8774/2f00858f64524aa0ba8bcdf9af4e7eb2/servers/f10f0f94-090c-4d62-a6b2-50df41bcbc0a", "rel": "bookmark"}], "key_name": "tempest-TestNetworkBasicOps-232567611", "image": {"id": "e82e502a-5041-4670-9381-015ae22e96cd", "links": [{"href": "http://10.4.1.3:8774/2f00858f64524aa0ba8bcdf9af4e7eb2/images/e82e502a-5041-4670-9381-015ae22e96cd", "rel": "bookmark"}]}, "OS-EXT-STS:task_state": "spawning", "OS-EXT-STS:vm_state": "building", "OS-SRV-USG:launched_at": null, "flavor": {"id": "42", "links": [{"href": "http://10.4.1.3:8774/2f00858f64524aa0ba8bcdf9af4e7eb2/flavors/42", "rel": "bookmark"}]}, "id": "f10f0f94-090c-4d62-a6b2-50df41bcbc0a", "security_groups": [{"name": "tempest-secgroup-smoke-2060210566"}], "OS-SRV-USG:terminated_at": null, "OS-EXT-AZ:availability_zone": "nova", "user_id": "f3e2d11dec4d4e31baf27f53e81e27f0", "name": "tempest-server-smoke-156445430", "created": "2016-02-17T02:06:57Z", "tenant_id": "2f00858f64524aa0ba8bcdf9af4e7eb2", "OS-DCF:diskConfig": "MANUAL", "os-extended-volumes:volumes_attached": [], "accessIPv4": "", "accessIPv6": "", "progress": 0, "OS-EXT-STS:power_state": 0, "config_drive": "", "metadata": {}}}
2016-02-17 02:07:03,324 28329 INFO     [tempest_lib.common.rest_client] Request (TestNetworkBasicOps:test_connectivity_between_vms_on_different_networks): 200 GET http://10.4.1.3:8774/v2.1/2f00858f64524aa0ba8bcdf9af4e7eb2/servers/f10f0f94-090c-4d62-a6b2-50df41bcbc0a 0.696s
2016-02-17 02:07:03,325 28329 DEBUG    [tempest_lib.common.rest_client] Request - Headers: {'Content-Type': 'application/json', 'Accept': 'application/json', 'X-Auth-Token': '&lt;omitted&gt;'}
        Body: None
    Response - Headers: {'status': '200', 'content-length': '1465', 'content-location': 'http://10.4.1.3:8774/v2.1/2f00858f64524aa0ba8bcdf9af4e7eb2/servers/f10f0f94-090c-4d62-a6b2-50df41bcbc0a', 'x-compute-request-id': 'req-6a8675ac-f1f4-4a7f-8b15-0f636388b130', 'vary': 'X-OpenStack-Nova-API-Version', 'connection': 'close', 'x-openstack-nova-api-version': '2.1', 'date': 'Wed, 17 Feb 2016 02:07:03 GMT', 'content-type': 'application/json'}
        Body: {"server": {"status": "BUILD", "updated": "2016-02-17T02:06:59Z", "hostId": "090594d199eaaa8d4d25124c159a68fee0be9565cfc4b6bd692d22d7", "addresses": {}, "links": [{"href": "http://10.4.1.3:8774/v2.1/2f00858f64524aa0ba8bcdf9af4e7eb2/servers/f10f0f94-090c-4d62-a6b2-50df41bcbc0a", "rel": "self"}, {"href": "http://10.4.1.3:8774/2f00858f64524aa0ba8bcdf9af4e7eb2/servers/f10f0f94-090c-4d62-a6b2-50df41bcbc0a", "rel": "bookmark"}], "key_name": "tempest-TestNetworkBasicOps-232567611", "image": {"id": "e82e502a-5041-4670-9381-015ae22e96cd", "links": [{"href": "http://10.4.1.3:8774/2f00858f64524aa0ba8bcdf9af4e7eb2/images/e82e502a-5041-4670-9381-015ae22e96cd", "rel": "bookmark"}]}, "OS-EXT-STS:task_state": "spawning", "OS-EXT-STS:vm_state": "building", "OS-SRV-USG:launched_at": null, "flavor": {"id": "42", "links": [{"href": "http://10.4.1.3:8774/2f00858f64524aa0ba8bcdf9af4e7eb2/flavors/42", "rel": "bookmark"}]}, "id": "f10f0f94-090c-4d62-a6b2-50df41bcbc0a", "security_groups": [{"name": "tempest-secgroup-smoke-2060210566"}], "OS-SRV-USG:terminated_at": null, "OS-EXT-AZ:availability_zone": "nova", "user_id": "f3e2d11dec4d4e31baf27f53e81e27f0", "name": "tempest-server-smoke-156445430", "created": "2016-02-17T02:06:57Z", "tenant_id": "2f00858f64524aa0ba8bcdf9af4e7eb2", "OS-DCF:diskConfig": "MANUAL", "os-extended-volumes:volumes_attached": [], "accessIPv4": "", "accessIPv6": "", "progress": 0, "OS-EXT-STS:power_state": 0, "config_drive": "", "metadata": {}}}
2016-02-17 02:07:04,977 28329 INFO     [tempest_lib.common.rest_client] Request (TestNetworkBasicOps:test_connectivity_between_vms_on_different_networks): 200 GET http://10.4.1.3:8774/v2.1/2f00858f64524aa0ba8bcdf9af4e7eb2/servers/f10f0f94-090c-4d62-a6b2-50df41bcbc0a 0.637s
2016-02-17 02:07:04,978 28329 DEBUG    [tempest_lib.common.rest_client] Request - Headers: {'Content-Type': 'application/json', 'Accept': 'application/json', 'X-Auth-Token': '&lt;omitted&gt;'}
        Body: None
    Response - Headers: {'status': '200', 'content-length': '1637', 'content-location': 'http://10.4.1.3:8774/v2.1/2f00858f64524aa0ba8bcdf9af4e7eb2/servers/f10f0f94-090c-4d62-a6b2-50df41bcbc0a', 'x-compute-request-id': 'req-cef8a7ab-269c-4e71-8c2e-8fe9bcc2e8ca', 'vary': 'X-OpenStack-Nova-API-Version', 'connection': 'close', 'x-openstack-nova-api-version': '2.1', 'date': 'Wed, 17 Feb 2016 02:07:04 GMT', 'content-type': 'application/json'}
        Body: {"server": {"status": "ACTIVE", "updated": "2016-02-17T02:07:03Z", "hostId": "090594d199eaaa8d4d25124c159a68fee0be9565cfc4b6bd692d22d7", "addresses": {"tempest-network-smoke--1333074101": [{"OS-EXT-IPS-MAC:mac_addr": "fa:16:3e:de:d3:f3", "version": 4, "addr": "10.100.0.3", "OS-EXT-IPS:type": "fixed"}]}, "links": [{"href": "http://10.4.1.3:8774/v2.1/2f00858f64524aa0ba8bcdf9af4e7eb2/servers/f10f0f94-090c-4d62-a6b2-50df41bcbc0a", "rel": "self"}, {"href": "http://10.4.1.3:8774/2f00858f64524aa0ba8bcdf9af4e7eb2/servers/f10f0f94-090c-4d62-a6b2-50df41bcbc0a", "rel": "bookmark"}], "key_name": "tempest-TestNetworkBasicOps-232567611", "image": {"id": "e82e502a-5041-4670-9381-015ae22e96cd", "links": [{"href": "http://10.4.1.3:8774/2f00858f64524aa0ba8bcdf9af4e7eb2/images/e82e502a-5041-4670-9381-015ae22e96cd", "rel": "bookmark"}]}, "OS-EXT-STS:task_state": null, "OS-EXT-STS:vm_state": "active", "OS-SRV-USG:launched_at": "2016-02-17T02:07:03.000000", "flavor": {"id": "42", "links": [{"href": "http://10.4.1.3:8774/2f00858f64524aa0ba8bcdf9af4e7eb2/flavors/42", "rel": "bookmark"}]}, "id": "f10f0f94-090c-4d62-a6b2-50df41bcbc0a", "security_groups": [{"name": "tempest-secgroup-smoke-2060210566"}], "OS-SRV-USG:terminated_at": null, "OS-EXT-AZ:availability_zone": "nova", "user_id": "f3e2d11dec4d4e31baf27f53e81e27f0", "name": "tempest-server-smoke-156445430", "created": "2016-02-17T02:06:57Z", "tenant_id": "2f00858f64524aa0ba8bcdf9af4e7eb2", "OS-DCF:diskConfig": "MANUAL", "os-extended-volumes:volumes_attached": [], "accessIPv4": "", "accessIPv6": "", "progress": 0, "OS-EXT-STS:power_state": 1, "config_drive": "True", "metadata": {}}}
2016-02-17 02:07:04,987 28329 INFO     [tempest.common.waiters] State transition "BUILD/spawning" ==&gt; "ACTIVE/None" after 6 second wait
2016-02-17 02:07:05,589 28329 INFO     [tempest_lib.common.rest_client] Request (TestNetworkBasicOps:test_connectivity_between_vms_on_different_networks): 200 GET http://10.4.1.3:8774/v2.1/2f00858f64524aa0ba8bcdf9af4e7eb2/servers/f10f0f94-090c-4d62-a6b2-50df41bcbc0a 0.601s
2016-02-17 02:07:05,590 28329 DEBUG    [tempest_lib.common.rest_client] Request - Headers: {'Content-Type': 'application/json', 'Accept': 'application/json', 'X-Auth-Token': '&lt;omitted&gt;'}
        Body: None
    Response - Headers: {'status': '200', 'content-length': '1637', 'content-location': 'http://10.4.1.3:8774/v2.1/2f00858f64524aa0ba8bcdf9af4e7eb2/servers/f10f0f94-090c-4d62-a6b2-50df41bcbc0a', 'x-compute-request-id': 'req-74663d72-2ef9-4c09-8dd4-87bb915a9ab7', 'vary': 'X-OpenStack-Nova-API-Version', 'connection': 'close', 'x-openstack-nova-api-version': '2.1', 'date': 'Wed, 17 Feb 2016 02:07:05 GMT', 'content-type': 'application/json'}
        Body: {"server": {"status": "ACTIVE", "updated": "2016-02-17T02:07:03Z", "hostId": "090594d199eaaa8d4d25124c159a68fee0be9565cfc4b6bd692d22d7", "addresses": {"tempest-network-smoke--1333074101": [{"OS-EXT-IPS-MAC:mac_addr": "fa:16:3e:de:d3:f3", "version": 4, "addr": "10.100.0.3", "OS-EXT-IPS:type": "fixed"}]}, "links": [{"href": "http://10.4.1.3:8774/v2.1/2f00858f64524aa0ba8bcdf9af4e7eb2/servers/f10f0f94-090c-4d62-a6b2-50df41bcbc0a", "rel": "self"}, {"href": "http://10.4.1.3:8774/2f00858f64524aa0ba8bcdf9af4e7eb2/servers/f10f0f94-090c-4d62-a6b2-50df41bcbc0a", "rel": "bookmark"}], "key_name": "tempest-TestNetworkBasicOps-232567611", "image": {"id": "e82e502a-5041-4670-9381-015ae22e96cd", "links": [{"href": "http://10.4.1.3:8774/2f00858f64524aa0ba8bcdf9af4e7eb2/images/e82e502a-5041-4670-9381-015ae22e96cd", "rel": "bookmark"}]}, "OS-EXT-STS:task_state": null, "OS-EXT-STS:vm_state": "active", "OS-SRV-USG:launched_at": "2016-02-17T02:07:03.000000", "flavor": {"id": "42", "links": [{"href": "http://10.4.1.3:8774/2f00858f64524aa0ba8bcdf9af4e7eb2/flavors/42", "rel": "bookmark"}]}, "id": "f10f0f94-090c-4d62-a6b2-50df41bcbc0a", "security_groups": [{"name": "tempest-secgroup-smoke-2060210566"}], "OS-SRV-USG:terminated_at": null, "OS-EXT-AZ:availability_zone": "nova", "user_id": "f3e2d11dec4d4e31baf27f53e81e27f0", "name": "tempest-server-smoke-156445430", "created": "2016-02-17T02:06:57Z", "tenant_id": "2f00858f64524aa0ba8bcdf9af4e7eb2", "OS-DCF:diskConfig": "MANUAL", "os-extended-volumes:volumes_attached": [], "accessIPv4": "", "accessIPv6": "", "progress": 0, "OS-EXT-STS:power_state": 1, "config_drive": "True", "metadata": {}}}
2016-02-17 02:07:05,599 28329 INFO     [tempest.scenario.manager] Tenant networks not configured to be reachable.
2016-02-17 02:07:05,780 28329 INFO     [tempest_lib.common.rest_client] Request (TestNetworkBasicOps:test_connectivity_between_vms_on_different_networks): 200 GET http://10.4.1.3:9696/v2.0/ports?fixed_ip=None&amp;device_id=f10f0f94-090c-4d62-a6b2-50df41bcbc0a 0.181s
2016-02-17 02:07:05,781 28329 DEBUG    [tempest_lib.common.rest_client] Request - Headers: {'Content-Type': 'application/json', 'Accept': 'application/json', 'X-Auth-Token': '&lt;omitted&gt;'}
        Body: None
    Response - Headers: {'status': '200', 'content-length': '755', 'content-location': 'http://10.4.1.3:9696/v2.0/ports?fixed_ip=None&amp;device_id=f10f0f94-090c-4d62-a6b2-50df41bcbc0a', 'connection': 'close', 'date': 'Wed, 17 Feb 2016 02:07:05 GMT', 'content-type': 'application/json; charset=UTF-8', 'x-openstack-request-id': 'req-529e1f2b-d9c6-4d4b-a85d-3b364c03c2a1'}
        Body: {"ports": [{"status": "ACTIVE", "binding:host_id": "vagrant-ubuntu-trusty-64", "name": "", "allowed_address_pairs": [], "admin_state_up": true, "network_id": "53b70b4c-c8a9-4733-aa75-674687067bc5", "tenant_id": "2f00858f64524aa0ba8bcdf9af4e7eb2", "extra_dhcp_opts": [], "mac_address": "fa:16:3e:de:d3:f3", "binding:vif_details": {"port_filter": true}, "binding:vif_type": "ovs", "device_owner": "compute:None", "binding:profile": {}, "port_security_enabled": true, "binding:vnic_type": "normal", "fixed_ips": [{"subnet_id": "874b9ae6-f63f-4971-bbbc-b208e4884a53", "ip_address": "10.100.0.3"}], "id": "0944c45d-3221-470c-aee4-10c5a450f739", "security_groups": ["5736ca0b-b06f-4ae4-947d-4986cb0eb26b"], "device_id": "f10f0f94-090c-4d62-a6b2-50df41bcbc0a"}]}
2016-02-17 02:07:06,426 28329 INFO     [tempest_lib.common.rest_client] Request (TestNetworkBasicOps:test_connectivity_between_vms_on_different_networks): 201 POST http://10.4.1.3:9696/v2.0/floatingips 0.645s
2016-02-17 02:07:06,427 28329 DEBUG    [tempest_lib.common.rest_client] Request - Headers: {'Content-Type': 'application/json', 'Accept': 'application/json', 'X-Auth-Token': '&lt;omitted&gt;'}
        Body: {"floatingip": {"floating_network_id": "45c4a449-0581-4d6c-8b2e-a034a11fb13a", "tenant_id": "2f00858f64524aa0ba8bcdf9af4e7eb2", "fixed_ip_address": "10.100.0.3", "port_id": "0944c45d-3221-470c-aee4-10c5a450f739"}}
    Response - Headers: {'status': '201', 'content-length': '369', 'connection': 'close', 'date': 'Wed, 17 Feb 2016 02:07:06 GMT', 'content-type': 'application/json; charset=UTF-8', 'x-openstack-request-id': 'req-101b9d45-5d34-4064-a1ee-b167f0990fc6'}
        Body: {"floatingip": {"floating_network_id": "45c4a449-0581-4d6c-8b2e-a034a11fb13a", "router_id": "8c9284b4-f235-4ff4-88e6-947bfde0a2b6", "fixed_ip_address": "10.100.0.3", "floating_ip_address": "172.24.4.4", "tenant_id": "2f00858f64524aa0ba8bcdf9af4e7eb2", "status": "ACTIVE", "port_id": "0944c45d-3221-470c-aee4-10c5a450f739", "id": "6618dd33-c683-47ce-849a-5241849bc7b1"}}
2016-02-17 02:07:06,588 28329 INFO     [tempest_lib.common.rest_client] Request (TestNetworkBasicOps:test_connectivity_between_vms_on_different_networks): 200 GET http://10.4.1.3:9696/v2.0/floatingips/6618dd33-c683-47ce-849a-5241849bc7b1 0.160s
2016-02-17 02:07:06,589 28329 DEBUG    [tempest_lib.common.rest_client] Request - Headers: {'Content-Type': 'application/json', 'Accept': 'application/json', 'X-Auth-Token': '&lt;omitted&gt;'}
        Body: None
    Response - Headers: {'status': '200', 'content-length': '369', 'content-location': 'http://10.4.1.3:9696/v2.0/floatingips/6618dd33-c683-47ce-849a-5241849bc7b1', 'connection': 'close', 'date': 'Wed, 17 Feb 2016 02:07:06 GMT', 'content-type': 'application/json; charset=UTF-8', 'x-openstack-request-id': 'req-504f3bb9-c812-4a5a-9c7c-0425ab318810'}
        Body: {"floatingip": {"floating_network_id": "45c4a449-0581-4d6c-8b2e-a034a11fb13a", "router_id": "8c9284b4-f235-4ff4-88e6-947bfde0a2b6", "fixed_ip_address": "10.100.0.3", "floating_ip_address": "172.24.4.4", "tenant_id": "2f00858f64524aa0ba8bcdf9af4e7eb2", "status": "ACTIVE", "port_id": "0944c45d-3221-470c-aee4-10c5a450f739", "id": "6618dd33-c683-47ce-849a-5241849bc7b1"}}
2016-02-17 02:07:06,589 28329 INFO     [tempest.scenario.manager] FloatingIP: &lt;"FloatingIP" addr="172.24.4.4" id="6618dd33-c683-47ce-849a-5241849bc7b1"&gt; is at status: ACTIVE
2016-02-17 02:07:06,590 28329 DEBUG    [tempest.scenario.manager] checking network connections to IP 172.24.4.4 with user: cirros
2016-02-17 02:07:06,590 28329 DEBUG    [tempest.scenario.manager] TestNetworkBasicOps:test_connectivity_between_vms_on_different_networks begins to ping 172.24.4.4 in 120 sec and the expected result is reachable
2016-02-17 02:09:07,183 28329 DEBUG    [tempest.scenario.manager] TestNetworkBasicOps:test_connectivity_between_vms_on_different_networks finishes ping 172.24.4.4 in 120 sec and the ping result is unexpected
2016-02-17 02:09:07,185 28329 ERROR    [tempest.scenario.manager] Public network connectivity check failed
2016-02-17 02:09:07.185 28329 ERROR tempest.scenario.manager Traceback (most recent call last):
2016-02-17 02:09:07.185 28329 ERROR tempest.scenario.manager   File "tempest/scenario/manager.py", line 598, in check_public_network_connectivity
2016-02-17 02:09:07.185 28329 ERROR tempest.scenario.manager     should_connect=should_connect)
2016-02-17 02:09:07.185 28329 ERROR tempest.scenario.manager   File "tempest/scenario/manager.py", line 582, in check_vm_connectivity
2016-02-17 02:09:07.185 28329 ERROR tempest.scenario.manager     msg=msg)
2016-02-17 02:09:07.185 28329 ERROR tempest.scenario.manager   File "/usr/local/lib/python2.7/dist-packages/unittest2/case.py", line 702, in assertTrue
2016-02-17 02:09:07.185 28329 ERROR tempest.scenario.manager     raise self.failureException(msg)
2016-02-17 02:09:07.185 28329 ERROR tempest.scenario.manager AssertionError: False is not true : Timed out waiting for 172.24.4.4 to become reachable
2016-02-17 02:09:07.185 28329 ERROR tempest.scenario.manager 
2016-02-17 02:09:07,604 28329 INFO     [tempest_lib.common.rest_client] Request (TestNetworkBasicOps:test_connectivity_between_vms_on_different_networks): 200 POST http://10.4.1.3:8774/v2.1/2f00858f64524aa0ba8bcdf9af4e7eb2/servers/f10f0f94-090c-4d62-a6b2-50df41bcbc0a/action 0.416s
2016-02-17 02:09:07,605 28329 DEBUG    [tempest_lib.common.rest_client] Request - Headers: {'Content-Type': 'application/json', 'Accept': 'application/json', 'X-Auth-Token': '&lt;omitted&gt;'}
        Body: {"os-getConsoleOutput": {}}
    Response - Headers: {'status': '200', 'content-length': '17428', 'x-compute-request-id': 'req-ca8f9e4a-c6d0-447f-806c-9abc7895c637', 'vary': 'X-OpenStack-Nova-API-Version', 'connection': 'close', 'x-openstack-nova-api-version': '2.1', 'date': 'Wed, 17 Feb 2016 02:09:07 GMT', 'content-type': 'application/json'}
        Body: {"output": "[    0.000000] Initializing cgroup subsys cpuset\n[    0.000000] Initializing cgroup subsys cpu\n[    0.000000] Linux version 3.2.0-80-virtual (buildd@batsu) (gcc version 4.6.3 (Ubuntu/Linaro 4.6.3-1ubuntu5) ) #116-Ubuntu SMP Mon Mar 23 17:28:52 UTC 2015 (Ubuntu 3.2.0-80.116-virtual 3.2.68)\n[    0.000000] Command line: root=/dev/vda console=tty0 console=ttyS0 no_timer_check\n[    0.000000] KERNEL supported cpus:\n[    0.000000]   Intel GenuineIntel\n[    0.000000]   AMD AuthenticAMD\n[    0.000000]   Centaur CentaurHauls\n[    0.000000] BIOS-provided physical RAM map:\n[    0.000000]  BIOS-e820: 0000000000000000 - 000000000009fc00 (usable)\n[    0.000000]  BIOS-e820: 000000000009fc00 - 00000000000a0000 (reserved)\n[    0.000000]  BIOS-e820: 00000000000f0000 - 0000000000100000 (reserved)\n[    0.000000]  BIOS-e820: 0000000000100000 - 0000000003ffe000 (usable)\n[    0.000000]  BIOS-e820: 0000000003ffe000 - 0000000004000000 (reserved)\n[    0.000000]  BIOS-e820: 00000000fffc0000 - 0000000100000000 (reserved)\n[    0.000000] NX (Execute Disable) protection: active\n[    0.000000] SMBIOS 2.4 present.\n[    0.000000] No AGP bridge found\n[    0.000000] last_pfn = 0x3ffe max_arch_pfn = 0x400000000\n[    0.000000] x86 PAT enabled: cpu 0, old 0x7040600070406, new 0x7010600070106\n[    0.000000] found SMP MP-table at [ffff8800000f0b00] f0b00\n[    0.000000] init_memory_mapping: 0000000000000000-0000000003ffe000\n[    0.000000] RAMDISK: 03c5e000 - 03ff0000\n[    0.000000] ACPI: RSDP 00000000000f0950 00014 (v00 BOCHS )\n[    0.000000] ACPI: RSDT 0000000003fffbc1 00034 (v01 BOCHS  BXPCRSDT 00000001 BXPC 00000001)\n[    0.000000] ACPI: FACP 0000000003fff1c0 00074 (v01 BOCHS  BXPCFACP 00000001 BXPC 00000001)\n[    0.000000] ACPI: DSDT 0000000003ffe040 01180 (v01 BOCHS  BXPCDSDT 00000001 BXPC 00000001)\n[    0.000000] ACPI: FACS 0000000003ffe000 00040\n[    0.000000] ACPI: SSDT 0000000003fff234 008DD (v01 BOCHS  BXPCSSDT 00000001 BXPC 00000001)\n[    0.000000] ACPI: APIC 0000000003fffb11 00078 (v01 BOCHS  BXPCAPIC 00000001 BXPC 00000001)\n[    0.000000] ACPI: HPET 0000000003fffb89 00038 (v01 BOCHS  BXPCHPET 00000001 BXPC 00000001)\n[    0.000000] No NUMA configuration found\n[    0.000000] Faking a node at 0000000000000000-0000000003ffe000\n[    0.000000] Initmem setup node 0 0000000000000000-0000000003ffe000\n[    0.000000]   NODE_DATA [0000000003ff6000 - 0000000003ffafff]\n[    0.000000] Zone PFN ranges:\n[    0.000000]   DMA      0x00000010 -&gt; 0x00001000\n[    0.000000]   DMA32    0x00001000 -&gt; 0x00100000\n[    0.000000]   Normal   empty\n[    0.000000] Movable zone start PFN for each node\n[    0.000000] early_node_map[2] active PFN ranges\n[    0.000000]     0: 0x00000010 -&gt; 0x0000009f\n[    0.000000]     0: 0x00000100 -&gt; 0x00003ffe\n[    0.000000] ACPI: PM-Timer IO Port: 0xb008\n[    0.000000] ACPI: LAPIC (acpi_id[0x00] lapic_id[0x00] enabled)\n[    0.000000] ACPI: LAPIC_NMI (acpi_id[0xff] dfl dfl lint[0x1])\n[    0.000000] ACPI: IOAPIC (id[0x00] address[0xfec00000] gsi_base[0])\n[    0.000000] IOAPIC[0]: apic_id 0, version 17, address 0xfec00000, GSI 0-23\n[    0.000000] ACPI: INT_SRC_OVR (bus 0 bus_irq 0 global_irq 2 dfl dfl)\n[    0.000000] ACPI: INT_SRC_OVR (bus 0 bus_irq 5 global_irq 5 high level)\n[    0.000000] ACPI: INT_SRC_OVR (bus 0 bus_irq 9 global_irq 9 high level)\n[    0.000000] ACPI: INT_SRC_OVR (bus 0 bus_irq 10 global_irq 10 high level)\n[    0.000000] ACPI: INT_SRC_OVR (bus 0 bus_irq 11 global_irq 11 high level)\n[    0.000000] Using ACPI (MADT) for SMP configuration information\n[    0.000000] ACPI: HPET id: 0x8086a201 base: 0xfed00000\n[    0.000000] SMP: Allowing 1 CPUs, 0 hotplug CPUs\n[    0.000000] PM: Registered nosave memory: 000000000009f000 - 00000000000a0000\n[    0.000000] PM: Registered nosave memory: 00000000000a0000 - 00000000000f0000\n[    0.000000] PM: Registered nosave memory: 00000000000f0000 - 0000000000100000\n[    0.000000] Allocating PCI resources starting at 4000000 (gap: 4000000:fbfc0000)\n[    0.000000] Booting paravirtualized kernel on bare hardware\n[    0.000000] setup_pe
2016-02-17 02:09:07,609 28329 DEBUG    [tempest.scenario.manager] Console output for f10f0f94-090c-4d62-a6b2-50df41bcbc0a
body=
[    0.000000] Initializing cgroup subsys cpuset
[    0.000000] Initializing cgroup subsys cpu
[    0.000000] Linux version 3.2.0-80-virtual (buildd@batsu) (gcc version 4.6.3 (Ubuntu/Linaro 4.6.3-1ubuntu5) ) #116-Ubuntu SMP Mon Mar 23 17:28:52 UTC 2015 (Ubuntu 3.2.0-80.116-virtual 3.2.68)
[    0.000000] Command line: root=/dev/vda console=tty0 console=ttyS0 no_timer_check
[    0.000000] KERNEL supported cpus:
[    0.000000]   Intel GenuineIntel
[    0.000000]   AMD AuthenticAMD
[    0.000000]   Centaur CentaurHauls
[    0.000000] BIOS-provided physical RAM map:
[    0.000000]  BIOS-e820: 0000000000000000 - 000000000009fc00 (usable)
[    0.000000]  BIOS-e820: 000000000009fc00 - 00000000000a0000 (reserved)
[    0.000000]  BIOS-e820: 00000000000f0000 - 0000000000100000 (reserved)
[    0.000000]  BIOS-e820: 0000000000100000 - 0000000003ffe000 (usable)
[    0.000000]  BIOS-e820: 0000000003ffe000 - 0000000004000000 (reserved)
[    0.000000]  BIOS-e820: 00000000fffc0000 - 0000000100000000 (reserved)
[    0.000000] NX (Execute Disable) protection: active
[    0.000000] SMBIOS 2.4 present.
[    0.000000] No AGP bridge found
[    0.000000] last_pfn = 0x3ffe max_arch_pfn = 0x400000000
[    0.000000] x86 PAT enabled: cpu 0, old 0x7040600070406, new 0x7010600070106
[    0.000000] found SMP MP-table at [ffff8800000f0b00] f0b00
[    0.000000] init_memory_mapping: 0000000000000000-0000000003ffe000
[    0.000000] RAMDISK: 03c5e000 - 03ff0000
[    0.000000] ACPI: RSDP 00000000000f0950 00014 (v00 BOCHS )
[    0.000000] ACPI: RSDT 0000000003fffbc1 00034 (v01 BOCHS  BXPCRSDT 00000001 BXPC 00000001)
[    0.000000] ACPI: FACP 0000000003fff1c0 00074 (v01 BOCHS  BXPCFACP 00000001 BXPC 00000001)
[    0.000000] ACPI: DSDT 0000000003ffe040 01180 (v01 BOCHS  BXPCDSDT 00000001 BXPC 00000001)
[    0.000000] ACPI: FACS 0000000003ffe000 00040
[    0.000000] ACPI: SSDT 0000000003fff234 008DD (v01 BOCHS  BXPCSSDT 00000001 BXPC 00000001)
[    0.000000] ACPI: APIC 0000000003fffb11 00078 (v01 BOCHS  BXPCAPIC 00000001 BXPC 00000001)
[    0.000000] ACPI: HPET 0000000003fffb89 00038 (v01 BOCHS  BXPCHPET 00000001 BXPC 00000001)
[    0.000000] No NUMA configuration found
[    0.000000] Faking a node at 0000000000000000-0000000003ffe000
[    0.000000] Initmem setup node 0 0000000000000000-0000000003ffe000
[    0.000000]   NODE_DATA [0000000003ff6000 - 0000000003ffafff]
[    0.000000] Zone PFN ranges:
[    0.000000]   DMA      0x00000010 -&gt; 0x00001000
[    0.000000]   DMA32    0x00001000 -&gt; 0x00100000
[    0.000000]   Normal   empty
[    0.000000] Movable zone start PFN for each node
[    0.000000] early_node_map[2] active PFN ranges
[    0.000000]     0: 0x00000010 -&gt; 0x0000009f
[    0.000000]     0: 0x00000100 -&gt; 0x00003ffe
[    0.000000] ACPI: PM-Timer IO Port: 0xb008
[    0.000000] ACPI: LAPIC (acpi_id[0x00] lapic_id[0x00] enabled)
[    0.000000] ACPI: LAPIC_NMI (acpi_id[0xff] dfl dfl lint[0x1])
[    0.000000] ACPI: IOAPIC (id[0x00] address[0xfec00000] gsi_base[0])
[    0.000000] IOAPIC[0]: apic_id 0, version 17, address 0xfec00000, GSI 0-23
[    0.000000] ACPI: INT_SRC_OVR (bus 0 bus_irq 0 global_irq 2 dfl dfl)
[    0.000000] ACPI: INT_SRC_OVR (bus 0 bus_irq 5 global_irq 5 high level)
[    0.000000] ACPI: INT_SRC_OVR (bus 0 bus_irq 9 global_irq 9 high level)
[    0.000000] ACPI: INT_SRC_OVR (bus 0 bus_irq 10 global_irq 10 high level)
[    0.000000] ACPI: INT_SRC_OVR (bus 0 bus_irq 11 global_irq 11 high level)
[    0.000000] Using ACPI (MADT) for SMP configuration information
[    0.000000] ACPI: HPET id: 0x8086a201 base: 0xfed00000
[    0.000000] SMP: Allowing 1 CPUs, 0 hotplug CPUs
[    0.000000] PM: Registered nosave memory: 000000000009f000 - 00000000000a0000
[    0.000000] PM: Registered nosave memory: 00000000000a0000 - 00000000000f0000
[    0.000000] PM: Registered nosave memory: 00000000000f0000 - 0000000000100000
[    0.000000] Allocating PCI resources starting at 4000000 (gap: 4000000:fbfc0000)
[    0.000000] Booting paravirtualized kernel on bare hardware
[    0.000000] setup_percpu: NR_CPUS:64 nr_cpumask_bits:64 nr_cpu_ids:1 nr_node_ids:1
[    0.000000] PERCPU: Embedded 27 pages/cpu @ffff880003a00000 s78848 r8192 d23552 u2097152
[    0.000000] Built 1 zonelists in Node order, mobility grouping on.  Total pages: 16008
[    0.000000] Policy zone: DMA32
[    0.000000] Kernel command line: root=/dev/vda console=tty0 console=ttyS0 no_timer_check
[    0.000000] PID hash table entries: 256 (order: -1, 2048 bytes)
[    0.000000] Checking aperture...
[    0.000000] No AGP bridge found
[    0.000000] Memory: 43492k/65528k available (6576k kernel code, 452k absent, 21584k reserved, 6620k data, 928k init)
[    0.000000] SLUB: Genslabs=15, HWalign=64, Order=0-3, MinObjects=0, CPUs=1, Nodes=1
[    0.000000] Hierarchical RCU implementation.
[    0.000000] 	RCU dyntick-idle grace-period acceleration is enabled.
[    0.000000] NR_IRQS:4352 nr_irqs:256 16
[    0.000000] Console: colour VGA+ 80x25
[    0.000000] console [tty0] enabled
[    0.000000] console [ttyS0] enabled
[    0.000000] allocated 1048576 bytes of page_cgroup
[    0.000000] please try 'cgroup_disable=memory' option if you don't want memory cgroups
[    0.000000] Fast TSC calibration failed
[    0.000000] TSC: Unable to calibrate against PIT
[    0.000000] TSC: using HPET reference calibration
[    0.000000] Detected 2292.706 MHz processor.
[    0.032792] Calibrating delay loop (skipped), value calculated using timer frequency.. 4585.41 BogoMIPS (lpj=9170824)
[    0.035373] pid_max: default: 32768 minimum: 301
[    0.042826] Security Framework initialized
[    0.048218] AppArmor: AppArmor initialized
[    0.048832] Yama: becoming mindful.
[    0.055110] Dentry cache hash table entries: 8192 (order: 4, 65536 bytes)
[    0.056600] Inode-cache hash table entries: 4096 (order: 3, 32768 bytes)
[    0.058172] Mount-cache hash table entries: 256
[    0.074976] Initializing cgroup subsys cpuacct
[    0.076324] Initializing cgroup subsys memory
[    0.078174] Initializing cgroup subsys devices
[    0.079033] Initializing cgroup subsys freezer
[    0.080133] Initializing cgroup subsys blkio
[    0.080827] Initializing cgroup subsys perf_event
[    0.088265] mce: CPU supports 10 MCE banks
[    0.092988] SMP alternatives: switching to UP code
[    0.503794] Freeing SMP alternatives: 24k freed
[    0.505046] ACPI: Core revision 20110623
[    0.557626] ftrace: allocating 26610 entries in 105 pages
[    0.588036] ..TIMER: vector=0x30 apic1=0 pin1=2 apic2=-1 pin2=-1
[    0.588163] CPU0: AMD QEMU Virtual CPU version 2.0.0 stepping 03
[    0.596036] Performance Events: Broken PMU hardware detected, using software events only.
[    0.604576] NMI watchdog disabled (cpu0): hardware events not enabled
[    0.606286] Brought up 1 CPUs
[    0.606831] Total of 1 processors activated (4585.41 BogoMIPS).
[    0.631022] devtmpfs: initialized
[    0.660787] EVM: security.selinux
[    0.661349] EVM: security.SMACK64
[    0.661831] EVM: security.capability
[    0.684679] print_constraints: dummy: 
[    0.689979] RTC time:  2:07:07, date: 02/17/16
[    0.694102] NET: Registered protocol family 16
[    0.705518] ACPI: bus type pci registered
[    0.710905] PCI: Using configuration type 1 for base access
[    0.749941] bio: create slab &lt;bio-0&gt; at 0
[    0.755240] ACPI: Added _OSI(Module Device)
[    0.756132] ACPI: Added _OSI(Processor Device)
[    0.756890] ACPI: Added _OSI(3.0 _SCP Extensions)
[    0.757503] ACPI: Added _OSI(Processor Aggregator Device)
[    0.843016] ACPI: Interpreter enabled
[    0.844256] ACPI: (supports S0 S3 S4 S5)
[    0.848441] ACPI: Using IOAPIC for interrupt routing
[    0.928922] ACPI: No dock devices found.
[    0.932191] HEST: Table not found.
[    0.932795] PCI: Using host bridge windows from ACPI; if necessary, use "pci=nocrs" and report a bug
[    0.940058] ACPI: PCI Root Bridge [PCI0] (domain 0000 [bus 00-ff])
[    0.946585] pci_root PNP0A03:00: host bridge window [io  0x0000-0x0cf7]
[    0.947454] pci_root PNP0A03:00: host bridge window [io  0x0d00-0xadff]
[    0.948112] pci_root PNP0A03:00: host bridge window [io  0xae0f-0xaeff]
[    0.948950] pci_root PNP0A03:00: host bridge window [io  0xaf20-0xafdf]
[    0.949961] pci_root PNP0A03:00: host bridge window [io  0xafe4-0xffff]
[    0.952131] pci_root PNP0A03:00: host bridge window [mem 0x000a0000-0x000bffff]
[    0.953209] pci_root PNP0A03:00: host bridge window [mem 0x04000000-0xfebfffff]
[    0.974185] pci 0000:00:01.3: quirk: [io  0xb000-0xb03f] claimed by PIIX4 ACPI
[    0.976173] pci 0000:00:01.3: quirk: [io  0xb100-0xb10f] claimed by PIIX4 SMB
[    1.053195]  pci0000:00: Unable to request _OSC control (_OSC support mask: 0x1e)
[    1.111417] ACPI: PCI Interrupt Link [LNKA] (IRQs 5 *10 11)
[    1.113754] ACPI: PCI Interrupt Link [LNKB] (IRQs 5 *10 11)
[    1.116717] ACPI: PCI Interrupt Link [LNKC] (IRQs 5 10 *11)
[    1.119076] ACPI: PCI Interrupt Link [LNKD] (IRQs 5 10 *11)
[    1.120881] ACPI: PCI Interrupt Link [LNKS] (IRQs *9)
[    1.130223] vgaarb: device added: PCI:0000:00:02.0,decodes=io+mem,owns=io+mem,locks=none
[    1.132274] vgaarb: loaded
[    1.133074] vgaarb: bridge control possible 0000:00:02.0
[    1.137869] i2c-core: driver [aat2870] using legacy suspend method
[    1.138975] i2c-core: driver [aat2870] using legacy resume method
[    1.145170] SCSI subsystem initialized
[    1.149717] usbcore: registered new interface driver usbfs
[    1.151134] usbcore: registered new interface driver hub
[    1.153066] usbcore: registered new device driver usb
[    1.158438] PCI: Using ACPI for IRQ routing
[    1.175721] NetLabel: Initializing
[    1.176191] NetLabel:  domain hash size = 128
[    1.177021] NetLabel:  protocols = UNLABELED CIPSOv4
[    1.180555] NetLabel:  unlabeled traffic allowed by default
[    1.182694] HPET: 3 timers in total, 0 timers will be used for per-cpu timer
[    1.184876] hpet0: at MMIO 0xfed00000, IRQs 2, 8, 0
[    1.186190] hpet0: 3 comparators, 64-bit 100.000000 MHz counter
[    1.204460] Switching to clocksource hpet
[    1.465914] AppArmor: AppArmor Filesystem Enabled
[    1.469364] pnp: PnP ACPI init
[    1.470778] ACPI: bus type pnp registered
[    1.493894] pnp: PnP ACPI: found 9 devices
[    1.494474] ACPI: ACPI bus type pnp unregistered
[    1.566069] NET: Registered protocol family 2
[    1.609384] IP route cache hash table entries: 512 (order: 0, 4096 bytes)
[    1.617511] TCP established hash table entries: 2048 (order: 3, 32768 bytes)
[    1.619138] TCP bind hash table entries: 2048 (order: 3, 32768 bytes)
[    1.620060] TCP: Hash tables configured (established 2048 bind 2048)
[    1.621773] TCP reno registered
[    1.622316] UDP hash table entries: 128 (order: 0, 4096 bytes)
[    1.623321] UDP-Lite hash table entries: 128 (order: 0, 4096 bytes)
[    1.626060] NET: Registered protocol family 1
[    1.626961] pci 0000:00:00.0: Limiting direct PCI/PCI transfers
[    1.627741] pci 0000:00:01.0: PIIX3: Enabling Passive Release
[    1.629526] pci 0000:00:01.0: Activating ISA DMA hang workarounds
[    1.634451] ACPI: PCI Interrupt Link [LNKD] enabled at IRQ 11
[    1.635587] pci 0000:00:01.2: PCI INT D -&gt; Link[LNKD] -&gt; GSI 11 (level, high) -&gt; IRQ 11
[    1.638302] pci 0000:00:01.2: PCI INT D disabled
[    1.658424] Trying to unpack rootfs image as initramfs...
[    1.685707] audit: initializing netlink socket (disabled)
[    1.687409] type=2000 audit(1455674827.684:1): initialized
[    1.995811] HugeTLB registered 2 MB page size, pre-allocated 0 pages
[    2.079701] VFS: Disk quotas dquot_6.5.2
[    2.082136] Dquot-cache hash table entries: 512 (order 0, 4096 bytes)
[    2.110460] fuse init (API version 7.17)
[    2.118061] msgmni has been set to 84
[    2.153300] Block layer SCSI generic (bsg) driver version 0.4 loaded (major 253)
[    2.161839] io scheduler noop registered
[    2.162713] io scheduler deadline registered (default)
[    2.164596] io scheduler cfq registered
[    2.169963] pci_hotplug: PCI Hot Plug PCI Core version: 0.5
[    2.172130] pciehp: PCI Express Hot Plug Controller Driver version: 0.4
[    2.182500] input: Power Button as /devices/LNXSYSTM:00/LNXPWRBN:00/input/input0
[    2.185558] ACPI: Power Button [PWRF]
[    2.241834] ERST: Table is not found!
[    2.242821] GHES: HEST is not enabled!
[    2.265910] ACPI: PCI Interrupt Link [LNKC] enabled at IRQ 10
[    2.267631] virtio-pci 0000:00:03.0: PCI INT A -&gt; Link[LNKC] -&gt; GSI 10 (level, high) -&gt; IRQ 10
[    2.274661] virtio-pci 0000:00:04.0: PCI INT A -&gt; Link[LNKD] -&gt; GSI 11 (level, high) -&gt; IRQ 11
[    2.295063] ACPI: PCI Interrupt Link [LNKA] enabled at IRQ 10
[    2.295780] virtio-pci 0000:00:05.0: PCI INT A -&gt; Link[LNKA] -&gt; GSI 10 (level, high) -&gt; IRQ 10
[    2.301340] Serial: 8250/16550 driver, 32 ports, IRQ sharing enabled
[    2.345149] serial8250: ttyS0 at I/O 0x3f8 (irq = 4) is a 16550A
[    2.432123] serial8250: ttyS1 at I/O 0x2f8 (irq = 3) is a 16550A
[    2.563281] 00:05: ttyS0 at I/O 0x3f8 (irq = 4) is a 16550A
[    2.652561] 00:06: ttyS1 at I/O 0x2f8 (irq = 3) is a 16550A
[    2.653996] Refined TSC clocksource calibration: 2293.332 MHz.
[    2.654894] Switching to clocksource tsc
[    2.707404] Linux agpgart interface v0.103
[    2.771965] brd: module loaded
[    2.803482] loop: module loaded
[    2.845513]  vda: unknown partition table
[    2.894630] scsi0 : ata_piix
[    2.897748] scsi1 : ata_piix
[    2.899071] ata1: PATA max MWDMA2 cmd 0x1f0 ctl 0x3f6 bmdma 0xc0a0 irq 14
[    2.899918] ata2: PATA max MWDMA2 cmd 0x170 ctl 0x376 bmdma 0xc0a8 irq 15
[    2.911501] Fixed MDIO Bus: probed
[    2.913450] tun: Universal TUN/TAP device driver, 1.6
[    2.915206] tun: (C) 1999-2004 Max Krasnyansky &lt;maxk@qualcomm.com&gt;
[    2.928202] PPP generic driver version 2.4.2
[    2.947634] ehci_hcd: USB 2.0 'Enhanced' Host Controller (EHCI) Driver
[    2.949473] ohci_hcd: USB 1.1 'Open' Host Controller (OHCI) Driver
[    2.950388] uhci_hcd: USB Universal Host Controller Interface driver
[    2.951453] uhci_hcd 0000:00:01.2: PCI INT D -&gt; Link[LNKD] -&gt; GSI 11 (level, high) -&gt; IRQ 11
[    2.955099] uhci_hcd 0000:00:01.2: UHCI Host Controller
[    2.973793] uhci_hcd 0000:00:01.2: new USB bus registered, assigned bus number 1
[    2.975541] uhci_hcd 0000:00:01.2: irq 11, io base 0x0000c040
[    3.013514] hub 1-0:1.0: USB hub found
[    3.018134] hub 1-0:1.0: 2 ports detected
[    3.027553] usbcore: registered new interface driver libusual
[    3.031170] i8042: PNP: PS/2 Controller [PNP0303:KBD,PNP0f13:MOU] at 0x60,0x64 irq 1,12
[    3.042484] serio: i8042 KBD port at 0x60,0x64 irq 1
[    3.044704] serio: i8042 AUX port at 0x60,0x64 irq 12
[    3.100948] mousedev: PS/2 mouse device common for all mice
[    3.115836] input: AT Translated Set 2 keyboard as /devices/platform/i8042/serio0/input/input1
[    3.148637] rtc_cmos 00:01: RTC can wake from S4
[    3.161333] rtc_cmos 00:01: rtc core: registered rtc_cmos as rtc0
[    3.167333] rtc0: alarms up to one day, 114 bytes nvram, hpet irqs
[    3.171880] device-mapper: uevent: version 1.0.3
[    3.193136] ata2.01: ATAPI: QEMU DVD-ROM, 2.0.0, max UDMA/100
[    3.202660] ata2.01: configured for MWDMA2
[    3.232997] device-mapper: ioctl: 4.22.0-ioctl (2011-10-19) initialised: dm-devel@redhat.com
[    3.237084] cpuidle: using governor ladder
[    3.238693] cpuidle: using governor menu
[    3.239826] EFI Variables Facility v0.08 2004-May-17
[    3.246077] TCP cubic registered
[    3.250191] NET: Registered protocol family 10
[    3.292227] NET: Registered protocol family 17
[    3.294671] Registering the dns_resolver key type
[    3.308761] scsi 1:0:1:0: CD-ROM            QEMU     QEMU DVD-ROM     2.0. PQ: 0 ANSI: 5
[    3.328854] sr0: scsi3-mmc drive: 4x/4x cd/rw xa/form2 tray
[    3.331363] cdrom: Uniform CD-ROM driver Revision: 3.20
[    3.349385] sr 1:0:1:0: Attached scsi generic sg0 type 5
[    3.399667] registered taskstats version 1
[    3.446964] Freeing initrd memory: 3656k freed
[    3.980975]   Magic number: 4:525:106
[    3.989172] rtc_cmos 00:01: setting system clock to 2016-02-17 02:07:10 UTC (1455674830)
[    3.991518] powernow-k8: Processor cpuid 663 not supported
[    3.997745] BIOS EDD facility v0.16 2004-Jun-25, 0 devices found
[    3.999572] EDD information not available.
[    4.069484] Freeing unused kernel memory: 928k freed
[    4.078205] Write protecting the kernel read-only data: 12288k
[    4.155697] Freeing unused kernel memory: 1596k freed
[    4.204013] Freeing unused kernel memory: 1184k freed

info: initramfs: up at 4.37
modprobe: module virtio_blk not found in modules.dep
modprobe: module virtio_net not found in modules.dep
info: copying initramfs to /dev/vda
info: initramfs loading root from /dev/vda
info: /etc/init.d/rc.sysinit: up at 8.70
info: container: none
Starting logging: OK
modprobe: module virtio_blk not found in modules.dep
modprobe: module virtio_net not found in modules.dep
WARN: /etc/rc3.d/S10-load-modules failed
Initializing random number generator... done.
Starting acpid: OK
cirros-ds 'local' up at 11.17
found datasource (configdrive, local)
Starting network...
udhcpc (v1.20.1) started
Sending discover...
Sending discover...

2016-02-17 02:09:08,053 28329 INFO     [tempest_lib.common.rest_client] Request (TestNetworkBasicOps:_run_cleanups): 204 DELETE http://10.4.1.3:9696/v2.0/floatingips/6618dd33-c683-47ce-849a-5241849bc7b1 0.437s
2016-02-17 02:09:08,054 28329 DEBUG    [tempest_lib.common.rest_client] Request - Headers: {'Content-Type': 'application/json', 'Accept': 'application/json', 'X-Auth-Token': '&lt;omitted&gt;'}
        Body: None
    Response - Headers: {'date': 'Wed, 17 Feb 2016 02:09:08 GMT', 'status': '204', 'connection': 'close', 'content-length': '0', 'x-openstack-request-id': 'req-ea98947d-539b-411f-b620-8c0f71aa287e'}
        Body: 
2016-02-17 02:09:08,494 28329 INFO     [tempest_lib.common.rest_client] Request (TestNetworkBasicOps:_run_cleanups): 204 DELETE http://10.4.1.3:8774/v2.1/2f00858f64524aa0ba8bcdf9af4e7eb2/servers/f10f0f94-090c-4d62-a6b2-50df41bcbc0a 0.439s
2016-02-17 02:09:08,495 28329 DEBUG    [tempest_lib.common.rest_client] Request - Headers: {'Content-Type': 'application/json', 'Accept': 'application/json', 'X-Auth-Token': '&lt;omitted&gt;'}
        Body: None
    Response - Headers: {'status': '204', 'content-length': '0', 'x-compute-request-id': 'req-bcd48da1-376c-4d5c-8bc5-959b4cad3e3a', 'vary': 'X-OpenStack-Nova-API-Version', 'connection': 'close', 'x-openstack-nova-api-version': '2.1', 'date': 'Wed, 17 Feb 2016 02:09:08 GMT', 'content-type': 'application/json'}
        Body: 
2016-02-17 02:09:09,226 28329 INFO     [tempest_lib.common.rest_client] Request (TestNetworkBasicOps:_run_cleanups): 200 GET http://10.4.1.3:8774/v2.1/2f00858f64524aa0ba8bcdf9af4e7eb2/servers/f10f0f94-090c-4d62-a6b2-50df41bcbc0a 0.730s
2016-02-17 02:09:09,226 28329 DEBUG    [tempest_lib.common.rest_client] Request - Headers: {'Content-Type': 'application/json', 'Accept': 'application/json', 'X-Auth-Token': '&lt;omitted&gt;'}
        Body: None
    Response - Headers: {'status': '200', 'content-length': '1760', 'content-location': 'http://10.4.1.3:8774/v2.1/2f00858f64524aa0ba8bcdf9af4e7eb2/servers/f10f0f94-090c-4d62-a6b2-50df41bcbc0a', 'x-compute-request-id': 'req-dae8b7d2-a1a8-4918-84d1-42fc151da8b4', 'vary': 'X-OpenStack-Nova-API-Version', 'connection': 'close', 'x-openstack-nova-api-version': '2.1', 'date': 'Wed, 17 Feb 2016 02:09:09 GMT', 'content-type': 'application/json'}
        Body: {"server": {"status": "ACTIVE", "updated": "2016-02-17T02:09:08Z", "hostId": "090594d199eaaa8d4d25124c159a68fee0be9565cfc4b6bd692d22d7", "addresses": {"tempest-network-smoke--1333074101": [{"OS-EXT-IPS-MAC:mac_addr": "fa:16:3e:de:d3:f3", "version": 4, "addr": "10.100.0.3", "OS-EXT-IPS:type": "fixed"}, {"OS-EXT-IPS-MAC:mac_addr": "fa:16:3e:de:d3:f3", "version": 4, "addr": "172.24.4.4", "OS-EXT-IPS:type": "floating"}]}, "links": [{"href": "http://10.4.1.3:8774/v2.1/2f00858f64524aa0ba8bcdf9af4e7eb2/servers/f10f0f94-090c-4d62-a6b2-50df41bcbc0a", "rel": "self"}, {"href": "http://10.4.1.3:8774/2f00858f64524aa0ba8bcdf9af4e7eb2/servers/f10f0f94-090c-4d62-a6b2-50df41bcbc0a", "rel": "bookmark"}], "key_name": "tempest-TestNetworkBasicOps-232567611", "image": {"id": "e82e502a-5041-4670-9381-015ae22e96cd", "links": [{"href": "http://10.4.1.3:8774/2f00858f64524aa0ba8bcdf9af4e7eb2/images/e82e502a-5041-4670-9381-015ae22e96cd", "rel": "bookmark"}]}, "OS-EXT-STS:task_state": "deleting", "OS-EXT-STS:vm_state": "active", "OS-SRV-USG:launched_at": "2016-02-17T02:07:03.000000", "flavor": {"id": "42", "links": [{"href": "http://10.4.1.3:8774/2f00858f64524aa0ba8bcdf9af4e7eb2/flavors/42", "rel": "bookmark"}]}, "id": "f10f0f94-090c-4d62-a6b2-50df41bcbc0a", "security_groups": [{"name": "tempest-secgroup-smoke-2060210566"}], "OS-SRV-USG:terminated_at": null, "OS-EXT-AZ:availability_zone": "nova", "user_id": "f3e2d11dec4d4e31baf27f53e81e27f0", "name": "tempest-server-smoke-156445430", "created": "2016-02-17T02:06:57Z", "tenant_id": "2f00858f64524aa0ba8bcdf9af4e7eb2", "OS-DCF:diskConfig": "MANUAL", "os-extended-volumes:volumes_attached": [], "accessIPv4": "", "accessIPv6": "", "progress": 0, "OS-EXT-STS:power_state": 1, "config_drive": "True", "metadata": {}}}
2016-02-17 02:09:10,828 28329 INFO     [tempest_lib.common.rest_client] Request (TestNetworkBasicOps:_run_cleanups): 200 GET http://10.4.1.3:8774/v2.1/2f00858f64524aa0ba8bcdf9af4e7eb2/servers/f10f0f94-090c-4d62-a6b2-50df41bcbc0a 0.586s
2016-02-17 02:09:10,830 28329 DEBUG    [tempest_lib.common.rest_client] Request - Headers: {'Content-Type': 'application/json', 'Accept': 'application/json', 'X-Auth-Token': '&lt;omitted&gt;'}
        Body: None
    Response - Headers: {'status': '200', 'content-length': '1429', 'content-location': 'http://10.4.1.3:8774/v2.1/2f00858f64524aa0ba8bcdf9af4e7eb2/servers/f10f0f94-090c-4d62-a6b2-50df41bcbc0a', 'x-compute-request-id': 'req-91b0da85-31c6-4207-9021-71acbba907af', 'vary': 'X-OpenStack-Nova-API-Version', 'connection': 'close', 'x-openstack-nova-api-version': '2.1', 'date': 'Wed, 17 Feb 2016 02:09:10 GMT', 'content-type': 'application/json'}
        Body: {"server": {"status": "DELETED", "updated": "2016-02-17T02:09:10Z", "hostId": "090594d199eaaa8d4d25124c159a68fee0be9565cfc4b6bd692d22d7", "addresses": {}, "links": [{"href": "http://10.4.1.3:8774/v2.1/2f00858f64524aa0ba8bcdf9af4e7eb2/servers/f10f0f94-090c-4d62-a6b2-50df41bcbc0a", "rel": "self"}, {"href": "http://10.4.1.3:8774/2f00858f64524aa0ba8bcdf9af4e7eb2/servers/f10f0f94-090c-4d62-a6b2-50df41bcbc0a", "rel": "bookmark"}], "key_name": "tempest-TestNetworkBasicOps-232567611", "image": {"id": "e82e502a-5041-4670-9381-015ae22e96cd", "links": [{"href": "http://10.4.1.3:8774/2f00858f64524aa0ba8bcdf9af4e7eb2/images/e82e502a-5041-4670-9381-015ae22e96cd", "rel": "bookmark"}]}, "OS-EXT-STS:task_state": null, "OS-EXT-STS:vm_state": "deleted", "OS-SRV-USG:launched_at": "2016-02-17T02:07:03.000000", "flavor": {"id": "42", "links": [{"href": "http://10.4.1.3:8774/2f00858f64524aa0ba8bcdf9af4e7eb2/flavors/42", "rel": "bookmark"}]}, "id": "f10f0f94-090c-4d62-a6b2-50df41bcbc0a", "OS-SRV-USG:terminated_at": "2016-02-17T02:09:10.000000", "OS-EXT-AZ:availability_zone": "nova", "user_id": "f3e2d11dec4d4e31baf27f53e81e27f0", "name": "tempest-server-smoke-156445430", "created": "2016-02-17T02:06:57Z", "tenant_id": "2f00858f64524aa0ba8bcdf9af4e7eb2", "OS-DCF:diskConfig": "MANUAL", "os-extended-volumes:volumes_attached": [], "accessIPv4": "", "accessIPv6": "", "OS-EXT-STS:power_state": 0, "config_drive": "True", "metadata": {}}}
2016-02-17 02:09:12,124 28329 INFO     [tempest_lib.common.rest_client] Request (TestNetworkBasicOps:_run_cleanups): 404 GET http://10.4.1.3:8774/v2.1/2f00858f64524aa0ba8bcdf9af4e7eb2/servers/f10f0f94-090c-4d62-a6b2-50df41bcbc0a 0.278s
2016-02-17 02:09:12,124 28329 DEBUG    [tempest_lib.common.rest_client] Request - Headers: {'Content-Type': 'application/json', 'Accept': 'application/json', 'X-Auth-Token': '&lt;omitted&gt;'}
        Body: None
    Response - Headers: {'status': '404', 'content-length': '111', 'x-compute-request-id': 'req-63abf7f1-0fb3-4998-868c-f7aef874a706', 'vary': 'X-OpenStack-Nova-API-Version', 'connection': 'close', 'x-openstack-nova-api-version': '2.1', 'date': 'Wed, 17 Feb 2016 02:09:12 GMT', 'content-type': 'application/json; charset=UTF-8'}
        Body: {"itemNotFound": {"message": "Instance f10f0f94-090c-4d62-a6b2-50df41bcbc0a could not be found.", "code": 404}}
2016-02-17 02:09:12,334 28329 INFO     [tempest_lib.common.rest_client] Request (TestNetworkBasicOps:_run_cleanups): 202 DELETE http://10.4.1.3:8774/v2.1/2f00858f64524aa0ba8bcdf9af4e7eb2/os-keypairs/tempest-TestNetworkBasicOps-232567611 0.208s
2016-02-17 02:09:12,334 28329 DEBUG    [tempest_lib.common.rest_client] Request - Headers: {'Content-Type': 'application/json', 'Accept': 'application/json', 'X-Auth-Token': '&lt;omitted&gt;'}
        Body: None
    Response - Headers: {'status': '202', 'content-length': '0', 'x-compute-request-id': 'req-46c3cfbd-d512-4727-a980-8745c2b4f3f0', 'vary': 'X-OpenStack-Nova-API-Version', 'connection': 'close', 'x-openstack-nova-api-version': '2.1', 'date': 'Wed, 17 Feb 2016 02:09:12 GMT', 'content-type': 'application/json'}
        Body: 
2016-02-17 02:09:13,011 28329 INFO     [tempest_lib.common.rest_client] Request (TestNetworkBasicOps:_run_cleanups): 500 PUT http://10.4.1.3:9696/v2.0/routers/8c9284b4-f235-4ff4-88e6-947bfde0a2b6/remove_router_interface 0.675s
2016-02-17 02:09:13,012 28329 DEBUG    [tempest_lib.common.rest_client] Request - Headers: {'Content-Type': 'application/json', 'Accept': 'application/json', 'X-Auth-Token': '&lt;omitted&gt;'}
        Body: {"subnet_id": "874b9ae6-f63f-4971-bbbc-b208e4884a53"}
    Response - Headers: {'status': '500', 'content-length': '150', 'connection': 'close', 'date': 'Wed, 17 Feb 2016 02:09:13 GMT', 'content-type': 'application/json; charset=UTF-8', 'x-openstack-request-id': 'req-f07d9f01-2d9f-4faf-9331-412d4c909c3e'}
        Body: {"NeutronError": {"message": "Request Failed: internal server error while processing your request.", "type": "HTTPInternalServerError", "detail": ""}}
2016-02-17 02:09:13,272 28329 INFO     [tempest_lib.common.rest_client] Request (TestNetworkBasicOps:_run_cleanups): 200 GET http://10.4.1.3:9696/v2.0/routers/8c9284b4-f235-4ff4-88e6-947bfde0a2b6 0.256s
2016-02-17 02:09:13,273 28329 DEBUG    [tempest_lib.common.rest_client] Request - Headers: {'Content-Type': 'application/json', 'Accept': 'application/json', 'X-Auth-Token': '&lt;omitted&gt;'}
        Body: None
    Response - Headers: {'status': '200', 'content-length': '500', 'content-location': 'http://10.4.1.3:9696/v2.0/routers/8c9284b4-f235-4ff4-88e6-947bfde0a2b6', 'connection': 'close', 'date': 'Wed, 17 Feb 2016 02:09:13 GMT', 'content-type': 'application/json; charset=UTF-8', 'x-openstack-request-id': 'req-4b59520b-8dfe-4687-ab9b-f81b43bf9604'}
        Body: {"router": {"status": "ACTIVE", "external_gateway_info": {"network_id": "45c4a449-0581-4d6c-8b2e-a034a11fb13a", "enable_snat": true, "external_fixed_ips": [{"subnet_id": "e859e33b-0e61-45c7-a73c-7dd0560cc4f8", "ip_address": "172.24.4.3"}, {"subnet_id": "a8b1931d-2edf-4bb5-8e35-5593d0b108ac", "ip_address": "2001:db8::4"}]}, "name": "tempest-router-smoke-568709238", "admin_state_up": true, "tenant_id": "2f00858f64524aa0ba8bcdf9af4e7eb2", "routes": [], "id": "8c9284b4-f235-4ff4-88e6-947bfde0a2b6"}}
2016-02-17 02:09:13,819 28329 INFO     [tempest_lib.common.rest_client] Request (TestNetworkBasicOps:_run_cleanups): 200 PUT http://10.4.1.3:9696/v2.0/routers/8c9284b4-f235-4ff4-88e6-947bfde0a2b6 0.545s
2016-02-17 02:09:13,820 28329 DEBUG    [tempest_lib.common.rest_client] Request - Headers: {'Content-Type': 'application/json', 'Accept': 'application/json', 'X-Auth-Token': '&lt;omitted&gt;'}
        Body: {"router": {"external_gateway_info": {}, "name": "tempest-router-smoke-568709238", "admin_state_up": true}}
    Response - Headers: {'status': '200', 'content-length': '238', 'connection': 'close', 'date': 'Wed, 17 Feb 2016 02:09:13 GMT', 'content-type': 'application/json; charset=UTF-8', 'x-openstack-request-id': 'req-65929e72-3226-4cc5-9f87-8781759d4da5'}
        Body: {"router": {"status": "ACTIVE", "external_gateway_info": null, "name": "tempest-router-smoke-568709238", "admin_state_up": true, "tenant_id": "2f00858f64524aa0ba8bcdf9af4e7eb2", "routes": [], "id": "8c9284b4-f235-4ff4-88e6-947bfde0a2b6"}}
2016-02-17 02:09:14,223 28329 INFO     [tempest_lib.common.rest_client] Request (TestNetworkBasicOps:_run_cleanups): 500 DELETE http://10.4.1.3:9696/v2.0/routers/8c9284b4-f235-4ff4-88e6-947bfde0a2b6 0.403s
2016-02-17 02:09:14,224 28329 DEBUG    [tempest_lib.common.rest_client] Request - Headers: {'Content-Type': 'application/json', 'Accept': 'application/json', 'X-Auth-Token': '&lt;omitted&gt;'}
        Body: None
    Response - Headers: {'status': '500', 'content-length': '150', 'connection': 'close', 'date': 'Wed, 17 Feb 2016 02:09:14 GMT', 'content-type': 'application/json; charset=UTF-8', 'x-openstack-request-id': 'req-7b8ca2b9-8063-48e3-9e14-a62421955978'}
        Body: {"NeutronError": {"message": "Request Failed: internal server error while processing your request.", "type": "HTTPInternalServerError", "detail": ""}}
2016-02-17 02:09:14,903 28329 INFO     [tempest_lib.common.rest_client] Request (TestNetworkBasicOps:_run_cleanups): 204 DELETE http://10.4.1.3:9696/v2.0/networks/53b70b4c-c8a9-4733-aa75-674687067bc5 0.678s
2016-02-17 02:09:14,904 28329 DEBUG    [tempest_lib.common.rest_client] Request - Headers: {'Content-Type': 'application/json', 'Accept': 'application/json', 'X-Auth-Token': '&lt;omitted&gt;'}
        Body: None
    Response - Headers: {'date': 'Wed, 17 Feb 2016 02:09:14 GMT', 'status': '204', 'connection': 'close', 'content-length': '0', 'x-openstack-request-id': 'req-70f2ab4e-3fd9-40b9-a76d-f80a7fce2ec6'}
        Body: 
2016-02-17 02:09:15,207 28329 INFO     [tempest_lib.common.rest_client] Request (TestNetworkBasicOps:_run_cleanups): 204 DELETE http://10.4.1.3:9696/v2.0/security-groups/5736ca0b-b06f-4ae4-947d-4986cb0eb26b 0.302s
2016-02-17 02:09:15,208 28329 DEBUG    [tempest_lib.common.rest_client] Request - Headers: {'Content-Type': 'application/json', 'Accept': 'application/json', 'X-Auth-Token': '&lt;omitted&gt;'}
        Body: None
    Response - Headers: {'date': 'Wed, 17 Feb 2016 02:09:15 GMT', 'status': '204', 'connection': 'close', 'content-length': '0', 'x-openstack-request-id': 'req-ab60075f-0dd1-4fea-af10-5344632f9dee'}
        Body: 
2016-02-17 02:09:15,524 28329 INFO     [tempest_lib.common.rest_client] Request (TestNetworkBasicOps:_run_cleanups): 404 GET http://10.4.1.3:8774/v2.1/2f00858f64524aa0ba8bcdf9af4e7eb2/servers/f10f0f94-090c-4d62-a6b2-50df41bcbc0a 0.314s
2016-02-17 02:09:15,524 28329 DEBUG    [tempest_lib.common.rest_client] Request - Headers: {'Content-Type': 'application/json', 'Accept': 'application/json', 'X-Auth-Token': '&lt;omitted&gt;'}
        Body: None
    Response - Headers: {'status': '404', 'content-length': '111', 'x-compute-request-id': 'req-f17469cd-f833-4bfe-9078-fe5175f6059f', 'vary': 'X-OpenStack-Nova-API-Version', 'connection': 'close', 'x-openstack-nova-api-version': '2.1', 'date': 'Wed, 17 Feb 2016 02:09:15 GMT', 'content-type': 'application/json; charset=UTF-8'}
        Body: {"itemNotFound": {"message": "Instance f10f0f94-090c-4d62-a6b2-50df41bcbc0a could not be found.", "code": 404}}
}}}

traceback-1: {{{
Traceback (most recent call last):
  File "tempest/scenario/manager.py", line 108, in delete_wrapper
    delete_thing(*args, **kwargs)
  File "tempest/services/network/resources.py", line 98, in delete
    subnet_id=self.id)
  File "tempest/services/network/json/network_client.py", line 199, in remove_router_interface
    return self.update_resource(uri, kwargs)
  File "tempest/services/network/json/base.py", line 68, in update_resource
    resp, body = self.put(req_uri, req_post_data)
  File "/usr/local/lib/python2.7/dist-packages/tempest_lib/common/rest_client.py", line 322, in put
    return self.request('PUT', url, extra_headers, headers, body)
  File "/usr/local/lib/python2.7/dist-packages/tempest_lib/common/rest_client.py", line 642, in request
    resp, resp_body)
  File "/usr/local/lib/python2.7/dist-packages/tempest_lib/common/rest_client.py", line 761, in _error_checker
    message=message)
tempest_lib.exceptions.ServerFault: Got server fault
Details: Request Failed: internal server error while processing your request.
}}}

traceback-2: {{{
Traceback (most recent call last):
  File "tempest/scenario/manager.py", line 108, in delete_wrapper
    delete_thing(*args, **kwargs)
  File "tempest/services/network/resources.py", line 119, in delete
    self.client.delete_router(self.id)
  File "tempest/services/network/json/network_client.py", line 169, in delete_router
    return self.delete_resource(uri)
  File "tempest/services/network/json/base.py", line 41, in delete_resource
    resp, body = self.delete(req_uri)
  File "/usr/local/lib/python2.7/dist-packages/tempest_lib/common/rest_client.py", line 290, in delete
    return self.request('DELETE', url, extra_headers, headers, body)
  File "/usr/local/lib/python2.7/dist-packages/tempest_lib/common/rest_client.py", line 642, in request
