<?xml version="1.0" encoding="UTF-8"?>
<!DOCTYPE html PUBLIC "-//W3C//DTD XHTML 1.0 Strict//EN"
     "http://www.w3.org/TR/xhtml1/DTD/xhtml1-strict.dtd">
<html xmlns="http://www.w3.org/1999/xhtml">
<head>
    <title>Unit Test Report</title>
    <meta name="generator" content="subunit2html 0.1"/>
    <meta http-equiv="Content-Type" content="text/html; charset=UTF-8"/>
    
<style type="text/css" media="screen">
body        { font-family: verdana, arial, helvetica, sans-serif;
    font-size: 80%; }
table       { font-size: 100%; width: 100%;}
pre         { font-size: 80%; }

/* -- heading -------------------------------------------------------------- */
h1 {
        font-size: 16pt;
        color: gray;
}
.heading {
    margin-top: 0ex;
    margin-bottom: 1ex;
}

.heading .attribute {
    margin-top: 1ex;
    margin-bottom: 0;
}

.heading .description {
    margin-top: 4ex;
    margin-bottom: 6ex;
}

/* -- css div popup -------------------------------------------------------- */
a.popup_link {
}

a.popup_link:hover {
    color: red;
}

.popup_window {
    display: none;
    overflow-x: scroll;
    /*border: solid #627173 1px; */
    padding: 10px;
    background-color: #E6E6D6;
    font-family: "Ubuntu Mono", "Lucida Console", "Courier New", monospace;
    text-align: left;
    font-size: 8pt;
}

}
/* -- report --------------------------------------------------------------- */
#show_detail_line {
    margin-top: 3ex;
    margin-bottom: 1ex;
}
#result_table {
    width: 100%;
    border-collapse: collapse;
    border: 1px solid #777;
}
#header_row {
    font-weight: bold;
    color: white;
    background-color: #777;
}
#result_table td {
    border: 1px solid #777;
    padding: 2px;
}
#total_row  { font-weight: bold; }
.passClass  { background-color: #6c6; }
.failClass  { background-color: #c60; }
.errorClass { background-color: #c00; }
.passCase   { color: #6c6; }
.failCase   { color: #c60; font-weight: bold; }
.errorCase  { color: #c00; font-weight: bold; }
.hiddenRow  { display: none; }
.testcase   { margin-left: 2em; }
td.testname {width: 40%}
td.small {width: 40px}

/* -- ending --------------------------------------------------------------- */
#ending {
}

</style>

</head>
<body>
<script language="javascript" type="text/javascript"><!--
output_list = Array();

/* level - 0:Summary; 1:Failed; 2:All */
function showCase(level) {
    trs = document.getElementsByTagName("tr");
    for (var i = 0; i < trs.length; i++) {
        tr = trs[i];
        id = tr.id;
        if (id.substr(0,2) == 'ft') {
            if (level < 1) {
                tr.className = 'hiddenRow';
            }
            else {
                tr.className = '';
            }
        }
        if (id.substr(0,2) == 'pt') {
            if (level > 1) {
                tr.className = '';
            }
            else {
                tr.className = 'hiddenRow';
            }
        }
    }
}


function showClassDetail(cid, count) {
    var id_list = Array(count);
    var toHide = 1;
    for (var i = 0; i < count; i++) {
        tid0 = 't' + cid.substr(1) + '.' + (i+1);
        tid = 'f' + tid0;
        tr = document.getElementById(tid);
        if (!tr) {
            tid = 'p' + tid0;
            tr = document.getElementById(tid);
        }
        id_list[i] = tid;
        if (tr.className) {
            toHide = 0;
        }
    }
    for (var i = 0; i < count; i++) {
        tid = id_list[i];
        if (toHide) {
            document.getElementById('div_'+tid).style.display = 'none'
            document.getElementById(tid).className = 'hiddenRow';
        }
        else {
            document.getElementById(tid).className = '';
        }
    }
}


function showTestDetail(div_id){
    var details_div = document.getElementById(div_id)
    var displayState = details_div.style.display
    // alert(displayState)
    if (displayState != 'block' ) {
        displayState = 'block'
        details_div.style.display = 'block'
    }
    else {
        details_div.style.display = 'none'
    }
}


function html_escape(s) {
    s = s.replace(/&/g,'&amp;');
    s = s.replace(/</g,'&lt;');
    s = s.replace(/>/g,'&gt;');
    return s;
}

/* obsoleted by detail in <div>
function showOutput(id, name) {
    var w = window.open("", //url
                    name,
                    "resizable,scrollbars,status,width=800,height=450");
    d = w.document;
    d.write("<pre>");
    d.write(html_escape(output_list[id]));
    d.write("\n");
    d.write("<a href='javascript:window.close()'>close</a>\n");
    d.write("</pre>\n");
    d.close();
}
*/
--></script>

<div class='heading'>
<h1>Unit Test Report</h1>

<p class='attribute'><strong>Status:</strong> Failure 6</p>

<p class='description'></p>
</div>



<p id='show_detail_line'>Show
<a href='javascript:showCase(0)'>Summary</a>
<a href='javascript:showCase(1)'>Failed</a>
<a href='javascript:showCase(2)'>All</a>
</p>
<table id='result_table'>
<colgroup>
<col align='left' />
<col align='right' />
<col align='right' />
<col align='right' />
<col align='right' />
<col align='right' />
<col align='right' />
<col align='right' />
</colgroup>
<tr id='header_row'>
    <td>Test Group/Test case</td>
    <td>Count</td>
    <td>Pass</td>
    <td>Fail</td>
    <td>Error</td>
    <td>Skip</td>
    <td>View</td>
    <td> </td>
</tr>

<tr class='failClass'>
    <td class="testname">tempest.scenario.test_network_advanced_server_ops.TestNetworkAdvancedServerOps</td>
    <td class="small">6</td>
    <td class="small">0</td>
    <td class="small">6</td>
    <td class="small">0</td>
    <td class="small">0</td>
    <td class="small"><a href="javascript:showClassDetail('c1',6)"
>Detail</a></td>
    <td> </td>
</tr>

<tr id='ft1.1' class='none'>
    <td class='failCase'><div class='testcase'>test_server_connectivity_pause_unpause[compute,id-2b2642db-6568-4b35-b812-eceed3fa20ce,network]</div></td>
    <td colspan='7' align='left'>

    <!--css div popup start-->
    <a class="popup_link" onfocus='this.blur();'
    href="javascript:showTestDetail('div_ft1.1')" >
        fail</a>

    <div id='div_ft1.1' class="popup_window">
        <div style='text-align: right; color:red;cursor:pointer'>
        <a onfocus='this.blur();'
onclick="document.getElementById('div_ft1.1').style.display = 'none' " >
           [x]</a>
        </div>
        <pre>
        
ft1.1: tempest.scenario.test_network_advanced_server_ops.TestNetworkAdvancedServerOps.test_server_connectivity_pause_unpause[compute,id-2b2642db-6568-4b35-b812-eceed3fa20ce,network]_StringException: Empty attachments:
  stderr
  stdout

pythonlogging:'': {{{
2016-02-17 14:06:01,073 27613 INFO     [tempest_lib.common.rest_client] Request (TestNetworkAdvancedServerOps:test_server_connectivity_pause_unpause): 200 POST http://10.4.1.3:8774/v2.1/dcc7c70dd196402598d068c26890c5dd/os-keypairs 0.444s
2016-02-17 14:06:01,075 27613 DEBUG    [tempest_lib.common.rest_client] Request - Headers: {'Content-Type': 'application/json', 'Accept': 'application/json', 'X-Auth-Token': '&lt;omitted&gt;'}
        Body: {"keypair": {"name": "tempest-TestNetworkAdvancedServerOps-683368518"}}
    Response - Headers: {'status': '200', 'content-length': '2333', 'x-compute-request-id': 'req-4b1fa2b8-0faf-49bf-9483-89b86681abad', 'vary': 'X-OpenStack-Nova-API-Version', 'connection': 'close', 'x-openstack-nova-api-version': '2.1', 'date': 'Wed, 17 Feb 2016 14:06:01 GMT', 'content-type': 'application/json'}
        Body: {"keypair": {"public_key": "ssh-rsa AAAAB3NzaC1yc2EAAAADAQABAAABAQDnxC7iuP0XX1BHkILWa0x5gY/Ef9RU6eApQHJ0U0Oe8qyf+V5Pa5e1jtCPrWGnkXKxjoGg52N3wKaMRnSeCj2OBjiRIBBPvQ/3b672Oj7NdKg3H6b7zOKkQilg3FEUMlL3A9IGN4TRnoE/Kkpw5gnWoUvKEslmbobh1cXU1OrvQP0/Y3WkFOWnXcMVdWLtLpuvIvGAohp8qJ19yX5og8qaJXWrrlNfYfwiyFeOoPP/qAXTJAzINY5aKJY5HTWCRuB6Fs8oJ9GLRByCpmxj3OMca6+9e6ScTSEbxbWaCZBWQ/y5TFH9c4FnnJhjP1hpDO6AJBZ3L9EAvyyTL314ldfZ Generated-by-Nova", "private_key": "-----BEGIN RSA PRIVATE KEY-----\nMIIEqwIBAAKCAQEA58Qu4rj9F19QR5CC1mtMeYGPxH/UVOngKUBydFNDnvKsn/le\nT2uXtY7Qj61hp5FysY6BoOdjd8CmjEZ0ngo9jgY4kSAQT70P92+u9jo+zXSoNx+m\n+8zipEIpYNxRFDJS9wPSBjeE0Z6BPypKcOYJ1qFLyhLJZm6G4dXF1NTq70D9P2N1\npBTlp13DFXVi7S6bryLxgKIafKidfcl+aIPKmiV1q65TX2H8IshXjqDz/6gF0yQM\nyDWOWiiWOR01gkbgehbPKCfRi0QcgqZsY9zjHGuvvXuknE0hG8W1mgmQVkP8uUxR\n/XOBZ5yYYz9YaQzugCQWdy/RAL8sky99eJXX2QIDAQABAoIBAQCvIz0a7xeyNcCA\nk9+LEII1v4ZYwxA9Ko7OHXlgFhufXVq9eL+f3HpEJKvOJwMIkYzOSBYE9VXhBJ/W\nmNc/JhXl4SWV5VjuKLyMCsV4JAOZVnJXVX/l/6m03ppOK67JSE4Rg72OHR4tGU4p\n4VdngS4mFrUi+pde5F7hAZ4BevQd3tpVoHRYXiDuqeIxseM9vQ1FRuYFFK4IT5op\nt3gLMwOAQe8Sk5dM/7GNVZ7ccabtmixouSH1MRic0VxrzN0yrFOs9YaaU6OCkSYU\noMd6+Zl+nI1raudrmjhprmThqWw8855q0WmQyw5SD3B7+NWH8vL63pKcMnBT8GV2\nMTR6/j4BAoIAgQDwfnzMlMJq5SgUoi/DrkFHZn2LuisgJhTD5ZKLcV63C6/tE9vw\ng865uBWo6pURT4dFM1xz+YLhjqCxS3FiocPvdEawVTTakEuZLyKZbHMRoMf/K96a\nR5Afj5H9X9QWo6J2rMLrKTi9v4QPtGoMzqBuqioi7WfEwJtdop+iZMap6QKCAIEA\n9rWjbgXxWoo+XH1MwC+aoIHbqEBciWq1VWvgA7h1H4g6XCKcmJK3GZMgH6uh1lO8\n9KHRlzQKQLUQygrhhC7uTeAyEaIJaQsIg3Y3cXn2G7Y00gDftWCpDYUi/99Sfu/6\n2dGmY30YGAMrEWFu1XOhr4xxBYiOW1PCKkGEx6PfGHECggCBALpIf8rH/8BlOKKi\n7nSYaaAw11aAIh+I39TN4rF4Y3FN8DunglnO/zYETWLGMilyfMkxe4+p2aN1oysx\n0OYhf2/flVHI7mPOGYDSbe6BfrBM5h3VkVvXyt9niiHFNLdEkPdz4pfdGkKAMn8n\ntG2vL74IuRLM6fARcUcaTKSxguDhAoIAgQDX5NYS5yJxr/6oo4HxwPbYtSsLDt+r\n5XSwPwm3V8kvAeDIVgWhwup2d/ipnmGulHMLxTwLzJ+YRptdo638JbGm9qX6JkmD\n4gLeQCp+pFMJpyaMC/W43NCzoymgrsabjNiBmuS3tXXLNaKPwCrkoh8A567UP88L\n/r0wi0tuBWqrEQKCAIEA0WXYahUeAexJbsGpcAwI1s493GLaV0Kei392iMOeU9Yz\nSaS4ATDx7I1yh8xwwKy0cyslSCsclROU2bHArh0wtZjvFLE38AIKR0Hn+BlpNzdZ\nBjxHiNCjL2Hjf+H+PUdDoONPFUqKDMHSPN1bWYMxfq9u/YouhIRIs4VoT1JhkyY=\n-----END RSA PRIVATE KEY-----\n", "user_id": "9b4aa3303e7e4ae7993936ac21783d3c", "name": "tempest-TestNetworkAdvancedServerOps-683368518", "fingerprint": "6d:e4:48:fc:5d:69:41:18:17:7a:db:80:6a:59:94:33"}}
2016-02-17 14:06:01,504 27613 INFO     [tempest_lib.common.rest_client] Request (TestNetworkAdvancedServerOps:test_server_connectivity_pause_unpause): 201 POST http://10.4.1.3:9696/v2.0/security-groups 0.424s
2016-02-17 14:06:01,504 27613 DEBUG    [tempest_lib.common.rest_client] Request - Headers: {'Content-Type': 'application/json', 'Accept': 'application/json', 'X-Auth-Token': '&lt;omitted&gt;'}
        Body: {"security_group": {"tenant_id": "dcc7c70dd196402598d068c26890c5dd", "description": "tempest-secgroup-smoke-1815095056 description", "name": "tempest-secgroup-smoke-1815095056"}}
    Response - Headers: {'status': '201', 'content-length': '888', 'connection': 'close', 'date': 'Wed, 17 Feb 2016 14:06:01 GMT', 'content-type': 'application/json; charset=UTF-8', 'x-openstack-request-id': 'req-d5b240d1-5691-41b0-83dd-a5d25cd39413'}
        Body: {"security_group": {"tenant_id": "dcc7c70dd196402598d068c26890c5dd", "description": "tempest-secgroup-smoke-1815095056 description", "id": "773b5862-658c-439e-8bde-e3d7e280fb32", "security_group_rules": [{"remote_group_id": null, "direction": "egress", "remote_ip_prefix": null, "protocol": null, "ethertype": "IPv4", "tenant_id": "dcc7c70dd196402598d068c26890c5dd", "port_range_max": null, "port_range_min": null, "id": "fd975d9a-f0b9-4336-914b-b38fd73a7eae", "security_group_id": "773b5862-658c-439e-8bde-e3d7e280fb32"}, {"remote_group_id": null, "direction": "egress", "remote_ip_prefix": null, "protocol": null, "ethertype": "IPv6", "tenant_id": "dcc7c70dd196402598d068c26890c5dd", "port_range_max": null, "port_range_min": null, "id": "a3950934-c533-4a80-b003-1562db787b2a", "security_group_id": "773b5862-658c-439e-8bde-e3d7e280fb32"}], "name": "tempest-secgroup-smoke-1815095056"}}
2016-02-17 14:06:01,830 27613 INFO     [tempest_lib.common.rest_client] Request (TestNetworkAdvancedServerOps:test_server_connectivity_pause_unpause): 201 POST http://10.4.1.3:9696/v2.0/security-group-rules 0.325s
2016-02-17 14:06:01,832 27613 DEBUG    [tempest_lib.common.rest_client] Request - Headers: {'Content-Type': 'application/json', 'Accept': 'application/json', 'X-Auth-Token': '&lt;omitted&gt;'}
        Body: {"security_group_rule": {"direction": "ingress", "protocol": "tcp", "tenant_id": "dcc7c70dd196402598d068c26890c5dd", "port_range_max": 22, "security_group_id": "773b5862-658c-439e-8bde-e3d7e280fb32", "port_range_min": 22}}
    Response - Headers: {'status': '201', 'content-length': '340', 'connection': 'close', 'date': 'Wed, 17 Feb 2016 14:06:01 GMT', 'content-type': 'application/json; charset=UTF-8', 'x-openstack-request-id': 'req-9db52095-9219-4eb8-a5b1-3f91697d7779'}
        Body: {"security_group_rule": {"remote_group_id": null, "direction": "ingress", "remote_ip_prefix": null, "protocol": "tcp", "ethertype": "IPv4", "tenant_id": "dcc7c70dd196402598d068c26890c5dd", "port_range_max": 22, "port_range_min": 22, "id": "7c41ca1c-17fe-4a9c-9d6e-41d91629aa7d", "security_group_id": "773b5862-658c-439e-8bde-e3d7e280fb32"}}
2016-02-17 14:06:02,177 27613 INFO     [tempest_lib.common.rest_client] Request (TestNetworkAdvancedServerOps:test_server_connectivity_pause_unpause): 201 POST http://10.4.1.3:9696/v2.0/security-group-rules 0.343s
2016-02-17 14:06:02,177 27613 DEBUG    [tempest_lib.common.rest_client] Request - Headers: {'Content-Type': 'application/json', 'Accept': 'application/json', 'X-Auth-Token': '&lt;omitted&gt;'}
        Body: {"security_group_rule": {"direction": "egress", "protocol": "tcp", "tenant_id": "dcc7c70dd196402598d068c26890c5dd", "port_range_max": 22, "security_group_id": "773b5862-658c-439e-8bde-e3d7e280fb32", "port_range_min": 22}}
    Response - Headers: {'status': '201', 'content-length': '339', 'connection': 'close', 'date': 'Wed, 17 Feb 2016 14:06:02 GMT', 'content-type': 'application/json; charset=UTF-8', 'x-openstack-request-id': 'req-9d29bcfd-189c-48dc-8277-61e74d74811b'}
        Body: {"security_group_rule": {"remote_group_id": null, "direction": "egress", "remote_ip_prefix": null, "protocol": "tcp", "ethertype": "IPv4", "tenant_id": "dcc7c70dd196402598d068c26890c5dd", "port_range_max": 22, "port_range_min": 22, "id": "a5db8cae-ad18-491b-825a-35b3264b9d48", "security_group_id": "773b5862-658c-439e-8bde-e3d7e280fb32"}}
2016-02-17 14:06:02,496 27613 INFO     [tempest_lib.common.rest_client] Request (TestNetworkAdvancedServerOps:test_server_connectivity_pause_unpause): 201 POST http://10.4.1.3:9696/v2.0/security-group-rules 0.317s
2016-02-17 14:06:02,496 27613 DEBUG    [tempest_lib.common.rest_client] Request - Headers: {'Content-Type': 'application/json', 'Accept': 'application/json', 'X-Auth-Token': '&lt;omitted&gt;'}
        Body: {"security_group_rule": {"tenant_id": "dcc7c70dd196402598d068c26890c5dd", "direction": "ingress", "protocol": "icmp", "security_group_id": "773b5862-658c-439e-8bde-e3d7e280fb32"}}
    Response - Headers: {'status': '201', 'content-length': '345', 'connection': 'close', 'date': 'Wed, 17 Feb 2016 14:06:02 GMT', 'content-type': 'application/json; charset=UTF-8', 'x-openstack-request-id': 'req-aa887267-6025-4f93-ad7b-f00fdf571a4d'}
        Body: {"security_group_rule": {"remote_group_id": null, "direction": "ingress", "remote_ip_prefix": null, "protocol": "icmp", "ethertype": "IPv4", "tenant_id": "dcc7c70dd196402598d068c26890c5dd", "port_range_max": null, "port_range_min": null, "id": "4e11a1ca-33d3-4424-8bd3-0a75d555051e", "security_group_id": "773b5862-658c-439e-8bde-e3d7e280fb32"}}
2016-02-17 14:06:02,806 27613 INFO     [tempest_lib.common.rest_client] Request (TestNetworkAdvancedServerOps:test_server_connectivity_pause_unpause): 201 POST http://10.4.1.3:9696/v2.0/security-group-rules 0.308s
2016-02-17 14:06:02,806 27613 DEBUG    [tempest_lib.common.rest_client] Request - Headers: {'Content-Type': 'application/json', 'Accept': 'application/json', 'X-Auth-Token': '&lt;omitted&gt;'}
        Body: {"security_group_rule": {"tenant_id": "dcc7c70dd196402598d068c26890c5dd", "direction": "egress", "protocol": "icmp", "security_group_id": "773b5862-658c-439e-8bde-e3d7e280fb32"}}
    Response - Headers: {'status': '201', 'content-length': '344', 'connection': 'close', 'date': 'Wed, 17 Feb 2016 14:06:02 GMT', 'content-type': 'application/json; charset=UTF-8', 'x-openstack-request-id': 'req-34633ce4-ea3f-431e-9545-64098ff9857b'}
        Body: {"security_group_rule": {"remote_group_id": null, "direction": "egress", "remote_ip_prefix": null, "protocol": "icmp", "ethertype": "IPv4", "tenant_id": "dcc7c70dd196402598d068c26890c5dd", "port_range_max": null, "port_range_min": null, "id": "69ef160d-4f20-4f78-a53c-b30d2a887e9d", "security_group_id": "773b5862-658c-439e-8bde-e3d7e280fb32"}}
2016-02-17 14:06:03,117 27613 INFO     [tempest_lib.common.rest_client] Request (TestNetworkAdvancedServerOps:test_server_connectivity_pause_unpause): 201 POST http://10.4.1.3:9696/v2.0/security-group-rules 0.309s
2016-02-17 14:06:03,118 27613 DEBUG    [tempest_lib.common.rest_client] Request - Headers: {'Content-Type': 'application/json', 'Accept': 'application/json', 'X-Auth-Token': '&lt;omitted&gt;'}
        Body: {"security_group_rule": {"tenant_id": "dcc7c70dd196402598d068c26890c5dd", "direction": "ingress", "security_group_id": "773b5862-658c-439e-8bde-e3d7e280fb32", "protocol": "icmp", "ethertype": "IPv6"}}
    Response - Headers: {'status': '201', 'content-length': '345', 'connection': 'close', 'date': 'Wed, 17 Feb 2016 14:06:03 GMT', 'content-type': 'application/json; charset=UTF-8', 'x-openstack-request-id': 'req-b337464a-5d0f-4227-9f69-7db5906b9bf4'}
        Body: {"security_group_rule": {"remote_group_id": null, "direction": "ingress", "remote_ip_prefix": null, "protocol": "icmp", "ethertype": "IPv6", "tenant_id": "dcc7c70dd196402598d068c26890c5dd", "port_range_max": null, "port_range_min": null, "id": "09b4e649-7863-44e7-b9f4-437dd702e6da", "security_group_id": "773b5862-658c-439e-8bde-e3d7e280fb32"}}
2016-02-17 14:06:03,439 27613 INFO     [tempest_lib.common.rest_client] Request (TestNetworkAdvancedServerOps:test_server_connectivity_pause_unpause): 201 POST http://10.4.1.3:9696/v2.0/security-group-rules 0.320s
2016-02-17 14:06:03,440 27613 DEBUG    [tempest_lib.common.rest_client] Request - Headers: {'Content-Type': 'application/json', 'Accept': 'application/json', 'X-Auth-Token': '&lt;omitted&gt;'}
        Body: {"security_group_rule": {"tenant_id": "dcc7c70dd196402598d068c26890c5dd", "direction": "egress", "security_group_id": "773b5862-658c-439e-8bde-e3d7e280fb32", "protocol": "icmp", "ethertype": "IPv6"}}
    Response - Headers: {'status': '201', 'content-length': '344', 'connection': 'close', 'date': 'Wed, 17 Feb 2016 14:06:03 GMT', 'content-type': 'application/json; charset=UTF-8', 'x-openstack-request-id': 'req-82ed16c3-1fb7-45b4-a989-c780abadd5a2'}
        Body: {"security_group_rule": {"remote_group_id": null, "direction": "egress", "remote_ip_prefix": null, "protocol": "icmp", "ethertype": "IPv6", "tenant_id": "dcc7c70dd196402598d068c26890c5dd", "port_range_max": null, "port_range_min": null, "id": "867d7054-5ab6-4f10-8b92-e35494267386", "security_group_id": "773b5862-658c-439e-8bde-e3d7e280fb32"}}
2016-02-17 14:06:03,895 27613 INFO     [tempest_lib.common.rest_client] Request (TestNetworkAdvancedServerOps:test_server_connectivity_pause_unpause): 201 POST http://10.4.1.3:9696/v2.0/networks 0.453s
2016-02-17 14:06:03,896 27613 DEBUG    [tempest_lib.common.rest_client] Request - Headers: {'Content-Type': 'application/json', 'Accept': 'application/json', 'X-Auth-Token': '&lt;omitted&gt;'}
        Body: {"network": {"tenant_id": "dcc7c70dd196402598d068c26890c5dd", "name": "tempest-network-smoke--2059657164"}}
    Response - Headers: {'status': '201', 'content-length': '356', 'connection': 'close', 'date': 'Wed, 17 Feb 2016 14:06:03 GMT', 'content-type': 'application/json; charset=UTF-8', 'x-openstack-request-id': 'req-2d9f4c48-293d-4c14-afa9-fdf487047010'}
        Body: {"network": {"status": "ACTIVE", "subnets": [], "availability_zone_hints": [], "availability_zones": [], "name": "tempest-network-smoke--2059657164", "admin_state_up": true, "tenant_id": "dcc7c70dd196402598d068c26890c5dd", "mtu": 1450, "router:external": false, "shared": false, "port_security_enabled": true, "id": "90d522e6-b77a-493f-8114-26ebf307f80b"}}
2016-02-17 14:06:04,193 27613 INFO     [tempest_lib.common.rest_client] Request (TestNetworkAdvancedServerOps:test_server_connectivity_pause_unpause): 201 POST http://10.4.1.3:9696/v2.0/routers 0.296s
2016-02-17 14:06:04,193 27613 DEBUG    [tempest_lib.common.rest_client] Request - Headers: {'Content-Type': 'application/json', 'Accept': 'application/json', 'X-Auth-Token': '&lt;omitted&gt;'}
        Body: {"router": {"tenant_id": "dcc7c70dd196402598d068c26890c5dd", "name": "tempest-router-smoke-1569942841", "admin_state_up": true}}
    Response - Headers: {'status': '201', 'content-length': '239', 'connection': 'close', 'date': 'Wed, 17 Feb 2016 14:06:04 GMT', 'content-type': 'application/json; charset=UTF-8', 'x-openstack-request-id': 'req-44dfd5e3-ec49-441a-ba57-8245c9b53ad7'}
        Body: {"router": {"status": "ACTIVE", "external_gateway_info": null, "name": "tempest-router-smoke-1569942841", "admin_state_up": true, "tenant_id": "dcc7c70dd196402598d068c26890c5dd", "routes": [], "id": "00942268-7d60-4bdc-9ec8-13be1ba1c74e"}}
2016-02-17 14:06:04,453 27613 INFO     [tempest_lib.common.rest_client] Request (TestNetworkAdvancedServerOps:test_server_connectivity_pause_unpause): 200 GET http://10.4.1.3:9696/v2.0/routers/00942268-7d60-4bdc-9ec8-13be1ba1c74e 0.258s
2016-02-17 14:06:04,454 27613 DEBUG    [tempest_lib.common.rest_client] Request - Headers: {'Content-Type': 'application/json', 'Accept': 'application/json', 'X-Auth-Token': '&lt;omitted&gt;'}
        Body: None
    Response - Headers: {'status': '200', 'content-length': '239', 'content-location': 'http://10.4.1.3:9696/v2.0/routers/00942268-7d60-4bdc-9ec8-13be1ba1c74e', 'connection': 'close', 'date': 'Wed, 17 Feb 2016 14:06:04 GMT', 'content-type': 'application/json; charset=UTF-8', 'x-openstack-request-id': 'req-3f6f4737-f2d7-4f68-9a3e-ab0a778dab40'}
        Body: {"router": {"status": "ACTIVE", "external_gateway_info": null, "name": "tempest-router-smoke-1569942841", "admin_state_up": true, "tenant_id": "dcc7c70dd196402598d068c26890c5dd", "routes": [], "id": "00942268-7d60-4bdc-9ec8-13be1ba1c74e"}}
2016-02-17 14:06:05,303 27613 INFO     [tempest_lib.common.rest_client] Request (TestNetworkAdvancedServerOps:test_server_connectivity_pause_unpause): 200 PUT http://10.4.1.3:9696/v2.0/routers/00942268-7d60-4bdc-9ec8-13be1ba1c74e 0.848s
2016-02-17 14:06:05,303 27613 DEBUG    [tempest_lib.common.rest_client] Request - Headers: {'Content-Type': 'application/json', 'Accept': 'application/json', 'X-Auth-Token': '&lt;omitted&gt;'}
        Body: {"router": {"external_gateway_info": {"network_id": "ee9e3695-463e-4923-9673-eab87542e5ee"}, "name": "tempest-router-smoke-1569942841", "admin_state_up": true}}
    Response - Headers: {'status': '200', 'content-length': '501', 'connection': 'close', 'date': 'Wed, 17 Feb 2016 14:06:05 GMT', 'content-type': 'application/json; charset=UTF-8', 'x-openstack-request-id': 'req-3e6cd110-cf37-4ec9-9f99-e4ab4b4a8032'}
        Body: {"router": {"status": "ACTIVE", "external_gateway_info": {"network_id": "ee9e3695-463e-4923-9673-eab87542e5ee", "enable_snat": true, "external_fixed_ips": [{"subnet_id": "d81ac486-4760-4f23-8bef-89e01da3adce", "ip_address": "172.24.4.3"}, {"subnet_id": "df32e2ec-319d-4754-af82-b8957bbe4361", "ip_address": "2001:db8::3"}]}, "name": "tempest-router-smoke-1569942841", "admin_state_up": true, "tenant_id": "dcc7c70dd196402598d068c26890c5dd", "routes": [], "id": "00942268-7d60-4bdc-9ec8-13be1ba1c74e"}}
2016-02-17 14:06:05,584 27613 INFO     [tempest_lib.common.rest_client] Request (TestNetworkAdvancedServerOps:test_server_connectivity_pause_unpause): 200 GET http://10.4.1.3:9696/v2.0/subnets?tenant_id=dcc7c70dd196402598d068c26890c5dd&amp;cidr=10.100.0.0%2F28 0.279s
2016-02-17 14:06:05,584 27613 DEBUG    [tempest_lib.common.rest_client] Request - Headers: {'Content-Type': 'application/json', 'Accept': 'application/json', 'X-Auth-Token': '&lt;omitted&gt;'}
        Body: None
    Response - Headers: {'status': '200', 'content-length': '15', 'content-location': 'http://10.4.1.3:9696/v2.0/subnets?tenant_id=dcc7c70dd196402598d068c26890c5dd&amp;cidr=10.100.0.0%2F28', 'connection': 'close', 'date': 'Wed, 17 Feb 2016 14:06:05 GMT', 'content-type': 'application/json; charset=UTF-8', 'x-openstack-request-id': 'req-15f49583-dae8-4628-ad31-82382aaa0ef1'}
        Body: {"subnets": []}
2016-02-17 14:06:06,153 27613 INFO     [tempest_lib.common.rest_client] Request (TestNetworkAdvancedServerOps:test_server_connectivity_pause_unpause): 201 POST http://10.4.1.3:9696/v2.0/subnets 0.568s
2016-02-17 14:06:06,154 27613 DEBUG    [tempest_lib.common.rest_client] Request - Headers: {'Content-Type': 'application/json', 'Accept': 'application/json', 'X-Auth-Token': '&lt;omitted&gt;'}
        Body: {"subnet": {"ip_version": 4, "tenant_id": "dcc7c70dd196402598d068c26890c5dd", "cidr": "10.100.0.0/28", "network_id": "90d522e6-b77a-493f-8114-26ebf307f80b", "name": "tempest-subnet-smoke-1069613536"}}
    Response - Headers: {'status': '201', 'content-length': '478', 'connection': 'close', 'date': 'Wed, 17 Feb 2016 14:06:06 GMT', 'content-type': 'application/json; charset=UTF-8', 'x-openstack-request-id': 'req-01653c80-8aba-4790-a374-9424f15f4db8'}
        Body: {"subnet": {"name": "tempest-subnet-smoke-1069613536", "enable_dhcp": true, "network_id": "90d522e6-b77a-493f-8114-26ebf307f80b", "tenant_id": "dcc7c70dd196402598d068c26890c5dd", "dns_nameservers": [], "gateway_ip": "10.100.0.1", "ipv6_ra_mode": null, "allocation_pools": [{"start": "10.100.0.2", "end": "10.100.0.14"}], "host_routes": [], "ip_version": 4, "ipv6_address_mode": null, "cidr": "10.100.0.0/28", "id": "b9ce43f3-904a-4993-ad74-a29b47ee731f", "subnetpool_id": null}}
2016-02-17 14:06:07,046 27613 INFO     [tempest_lib.common.rest_client] Request (TestNetworkAdvancedServerOps:test_server_connectivity_pause_unpause): 200 PUT http://10.4.1.3:9696/v2.0/routers/00942268-7d60-4bdc-9ec8-13be1ba1c74e/add_router_interface 0.890s
2016-02-17 14:06:07,047 27613 DEBUG    [tempest_lib.common.rest_client] Request - Headers: {'Content-Type': 'application/json', 'Accept': 'application/json', 'X-Auth-Token': '&lt;omitted&gt;'}
        Body: {"subnet_id": "b9ce43f3-904a-4993-ad74-a29b47ee731f"}
    Response - Headers: {'status': '200', 'content-length': '309', 'connection': 'close', 'date': 'Wed, 17 Feb 2016 14:06:07 GMT', 'content-type': 'application/json; charset=UTF-8', 'x-openstack-request-id': 'req-214f26b3-6fee-41e3-8450-082fdbd63a44'}
        Body: {"network_id": "90d522e6-b77a-493f-8114-26ebf307f80b", "tenant_id": "dcc7c70dd196402598d068c26890c5dd", "subnet_id": "b9ce43f3-904a-4993-ad74-a29b47ee731f", "subnet_ids": ["b9ce43f3-904a-4993-ad74-a29b47ee731f"], "port_id": "03145ea4-4ed8-4a68-b564-4c1fc535a6b3", "id": "00942268-7d60-4bdc-9ec8-13be1ba1c74e"}
2016-02-17 14:06:07,226 27613 INFO     [tempest_lib.common.rest_client] Request (TestNetworkAdvancedServerOps:test_server_connectivity_pause_unpause): 200 POST http://10.4.1.3:5000/v2.0/tokens
2016-02-17 14:06:07,227 27613 DEBUG    [tempest_lib.common.rest_client] Request - Headers: {'Content-Type': 'application/json', 'Accept': 'application/json'}
        Body: &lt;omitted&gt;
    Response - Headers: {'status': '200', 'content-length': '2292', 'vary': 'X-Auth-Token', 'server': 'Apache/2.4.7 (Ubuntu)', 'connection': 'close', 'date': 'Wed, 17 Feb 2016 14:06:07 GMT', 'content-type': 'application/json', 'x-openstack-request-id': 'req-dce07c11-5076-4df9-b64d-a2f9e6b77adc'}
        Body: {"access": {"token": {"issued_at": "2016-02-17T14:06:07.212678", "expires": "2016-02-17T15:06:07Z", "id": "bbaee7d29988456f9c592ec98ce0983a", "tenant": {"description": "tempest-TestNetworkAdvancedServerOps-1061424301-desc", "enabled": true, "id": "dcc7c70dd196402598d068c26890c5dd", "name": "tempest-TestNetworkAdvancedServerOps-1061424301"}, "audit_ids": ["c-ZlgcdOQ7qaNEYD2Jxztg"]}, "serviceCatalog": [{"endpoints": [{"adminURL": "http://10.4.1.3:9292", "region": "RegionOne", "internalURL": "http://10.4.1.3:9292", "id": "5e08e1d845244214ab31761fed0e7c85", "publicURL": "http://10.4.1.3:9292"}], "endpoints_links": [], "type": "image", "name": "glance"}, {"endpoints": [{"adminURL": "http://10.4.1.3:8774/v2.1/dcc7c70dd196402598d068c26890c5dd", "region": "RegionOne", "internalURL": "http://10.4.1.3:8774/v2.1/dcc7c70dd196402598d068c26890c5dd", "id": "01ac74ddd4b44e878b7fb68b808acf7b", "publicURL": "http://10.4.1.3:8774/v2.1/dcc7c70dd196402598d068c26890c5dd"}], "endpoints_links": [], "type": "compute", "name": "nova"}, {"endpoints": [{"adminURL": "http://10.4.1.3:9696/", "region": "RegionOne", "internalURL": "http://10.4.1.3:9696/", "id": "69112c2b290e47aba6b5e68cafa7b273", "publicURL": "http://10.4.1.3:9696/"}], "endpoints_links": [], "type": "network", "name": "neutron"}, {"endpoints": [{"adminURL": "http://10.4.1.3:35357/v2.0", "region": "RegionOne", "internalURL": "http://10.4.1.3:5000/v2.0", "id": "034592ce452148c59720097af3f3ec8d", "publicURL": "http://10.4.1.3:5000/v2.0"}], "endpoints_links": [], "type": "identity", "name": "keystone"}, {"endpoints": [{"adminURL": "http://10.4.1.3:8774/v2/dcc7c70dd196402598d068c26890c5dd", "region": "RegionOne", "internalURL": "http://10.4.1.3:8774/v2/dcc7c70dd196402598d068c26890c5dd", "id": "8ad9e3097f5b421d8e7553ccea73e421", "publicURL": "http://10.4.1.3:8774/v2/dcc7c70dd196402598d068c26890c5dd"}], "endpoints_links": [], "type": "compute_legacy", "name": "nova_legacy"}], "user": {"username": "tempest-TestNetworkAdvancedServerOps-21570980", "roles_links": [], "id": "9b4aa3303e7e4ae7993936ac21783d3c", "roles": [{"name": "_member_"}, {"name": "Member"}], "name": "tempest-TestNetworkAdvancedServerOps-21570980"}, "metadata": {"is_admin": 0, "roles": ["9fe2ff9ee4384b1894a90878d3e92bab", "f6f4781e3dbc4111a16e0962d03e7e27"]}}}
2016-02-17 14:06:07,232 27613 DEBUG    [tempest.common.fixed_network] (TestNetworkAdvancedServerOps:test_server_connectivity_pause_unpause) No valid network provided or created, defaulting to fixed_network_name
2016-02-17 14:06:07,754 27613 INFO     [tempest_lib.common.rest_client] Request (TestNetworkAdvancedServerOps:test_server_connectivity_pause_unpause): 200 GET http://10.4.1.3:8774/v2.1/dcc7c70dd196402598d068c26890c5dd/os-networks 0.521s
2016-02-17 14:06:07,755 27613 DEBUG    [tempest_lib.common.rest_client] Request - Headers: {'Content-Type': 'application/json', 'Accept': 'application/json', 'X-Auth-Token': '&lt;omitted&gt;'}
        Body: None
    Response - Headers: {'status': '200', 'content-length': '479', 'content-location': 'http://10.4.1.3:8774/v2.1/dcc7c70dd196402598d068c26890c5dd/os-networks', 'x-compute-request-id': 'req-d4655744-3ce8-443d-84be-e2494671bab2', 'vary': 'X-OpenStack-Nova-API-Version', 'connection': 'close', 'x-openstack-nova-api-version': '2.1', 'date': 'Wed, 17 Feb 2016 14:06:07 GMT', 'content-type': 'application/json'}
        Body: {"networks": [{"cidr_v6": null, "dns2": null, "dns1": null, "gateway": null, "broadcast": null, "netmask": null, "gateway_v6": null, "cidr": null, "label": "public", "id": "ee9e3695-463e-4923-9673-eab87542e5ee", "netmask_v6": null}, {"cidr_v6": null, "dns2": null, "dns1": null, "gateway": null, "broadcast": null, "netmask": null, "gateway_v6": null, "cidr": null, "label": "tempest-network-smoke--2059657164", "id": "90d522e6-b77a-493f-8114-26ebf307f80b", "netmask_v6": null}]}
2016-02-17 14:06:07,756 27613 WARNING  [tempest.common.fixed_network] (TestNetworkAdvancedServerOps:test_server_connectivity_pause_unpause) Network with name: private not found
2016-02-17 14:06:07,756 27613 INFO     [tempest.common.fixed_network] (TestNetworkAdvancedServerOps:test_server_connectivity_pause_unpause) Found network {} available for tenant
2016-02-17 14:06:11,227 27613 INFO     [tempest_lib.common.rest_client] Request (TestNetworkAdvancedServerOps:test_server_connectivity_pause_unpause): 202 POST http://10.4.1.3:8774/v2.1/dcc7c70dd196402598d068c26890c5dd/servers 3.469s
2016-02-17 14:06:11,228 27613 DEBUG    [tempest_lib.common.rest_client] Request - Headers: {'Content-Type': 'application/json', 'Accept': 'application/json', 'X-Auth-Token': '&lt;omitted&gt;'}
        Body: {"server": {"name": "tempest-server-smoke-948702600", "imageRef": "6e205511-4f31-49ad-af74-845f28297dcb", "key_name": "tempest-TestNetworkAdvancedServerOps-683368518", "flavorRef": "42", "networks": [{"uuid": "90d522e6-b77a-493f-8114-26ebf307f80b"}], "security_groups": [{"name": "tempest-secgroup-smoke-1815095056"}]}}
    Response - Headers: {'status': '202', 'content-length': '460', 'x-compute-request-id': 'req-c8d335f6-9f77-4e1c-b694-64754f2337b3', 'vary': 'X-OpenStack-Nova-API-Version', 'connection': 'close', 'location': 'http://10.4.1.3:8774/v2.1/dcc7c70dd196402598d068c26890c5dd/servers/6961e938-0841-46c6-ac2d-f3578860e720', 'x-openstack-nova-api-version': '2.1', 'date': 'Wed, 17 Feb 2016 14:06:11 GMT', 'content-type': 'application/json'}
        Body: {"server": {"security_groups": [{"name": "tempest-secgroup-smoke-1815095056"}], "OS-DCF:diskConfig": "MANUAL", "id": "6961e938-0841-46c6-ac2d-f3578860e720", "links": [{"href": "http://10.4.1.3:8774/v2.1/dcc7c70dd196402598d068c26890c5dd/servers/6961e938-0841-46c6-ac2d-f3578860e720", "rel": "self"}, {"href": "http://10.4.1.3:8774/dcc7c70dd196402598d068c26890c5dd/servers/6961e938-0841-46c6-ac2d-f3578860e720", "rel": "bookmark"}], "adminPass": "3ciYpTdc5T4q"}}
2016-02-17 14:06:11,773 27613 INFO     [tempest_lib.common.rest_client] Request (TestNetworkAdvancedServerOps:test_server_connectivity_pause_unpause): 200 GET http://10.4.1.3:8774/v2.1/dcc7c70dd196402598d068c26890c5dd/servers/6961e938-0841-46c6-ac2d-f3578860e720 0.540s
2016-02-17 14:06:11,773 27613 DEBUG    [tempest_lib.common.rest_client] Request - Headers: {'Content-Type': 'application/json', 'Accept': 'application/json', 'X-Auth-Token': '&lt;omitted&gt;'}
        Body: None
    Response - Headers: {'status': '200', 'content-length': '1348', 'content-location': 'http://10.4.1.3:8774/v2.1/dcc7c70dd196402598d068c26890c5dd/servers/6961e938-0841-46c6-ac2d-f3578860e720', 'x-compute-request-id': 'req-010c608b-4bd9-4426-ae5d-e23422fce046', 'vary': 'X-OpenStack-Nova-API-Version', 'connection': 'close', 'x-openstack-nova-api-version': '2.1', 'date': 'Wed, 17 Feb 2016 14:06:11 GMT', 'content-type': 'application/json'}
        Body: {"server": {"status": "BUILD", "updated": "2016-02-17T14:06:11Z", "hostId": "", "addresses": {}, "links": [{"href": "http://10.4.1.3:8774/v2.1/dcc7c70dd196402598d068c26890c5dd/servers/6961e938-0841-46c6-ac2d-f3578860e720", "rel": "self"}, {"href": "http://10.4.1.3:8774/dcc7c70dd196402598d068c26890c5dd/servers/6961e938-0841-46c6-ac2d-f3578860e720", "rel": "bookmark"}], "key_name": "tempest-TestNetworkAdvancedServerOps-683368518", "image": {"id": "6e205511-4f31-49ad-af74-845f28297dcb", "links": [{"href": "http://10.4.1.3:8774/dcc7c70dd196402598d068c26890c5dd/images/6e205511-4f31-49ad-af74-845f28297dcb", "rel": "bookmark"}]}, "OS-EXT-STS:task_state": "scheduling", "OS-EXT-STS:vm_state": "building", "OS-SRV-USG:launched_at": null, "flavor": {"id": "42", "links": [{"href": "http://10.4.1.3:8774/dcc7c70dd196402598d068c26890c5dd/flavors/42", "rel": "bookmark"}]}, "id": "6961e938-0841-46c6-ac2d-f3578860e720", "OS-SRV-USG:terminated_at": null, "OS-EXT-AZ:availability_zone": "", "user_id": "9b4aa3303e7e4ae7993936ac21783d3c", "name": "tempest-server-smoke-948702600", "created": "2016-02-17T14:06:11Z", "tenant_id": "dcc7c70dd196402598d068c26890c5dd", "OS-DCF:diskConfig": "MANUAL", "os-extended-volumes:volumes_attached": [], "accessIPv4": "", "accessIPv6": "", "progress": 0, "OS-EXT-STS:power_state": 0, "config_drive": "", "metadata": {}}}
2016-02-17 14:06:13,392 27613 INFO     [tempest_lib.common.rest_client] Request (TestNetworkAdvancedServerOps:test_server_connectivity_pause_unpause): 200 GET http://10.4.1.3:8774/v2.1/dcc7c70dd196402598d068c26890c5dd/servers/6961e938-0841-46c6-ac2d-f3578860e720 0.606s
2016-02-17 14:06:13,393 27613 DEBUG    [tempest_lib.common.rest_client] Request - Headers: {'Content-Type': 'application/json', 'Accept': 'application/json', 'X-Auth-Token': '&lt;omitted&gt;'}
        Body: None
    Response - Headers: {'status': '200', 'content-length': '1406', 'content-location': 'http://10.4.1.3:8774/v2.1/dcc7c70dd196402598d068c26890c5dd/servers/6961e938-0841-46c6-ac2d-f3578860e720', 'x-compute-request-id': 'req-ebe7b403-33b2-4bcd-b58a-bb416e504554', 'vary': 'X-OpenStack-Nova-API-Version', 'connection': 'close', 'x-openstack-nova-api-version': '2.1', 'date': 'Wed, 17 Feb 2016 14:06:13 GMT', 'content-type': 'application/json'}
        Body: {"server": {"status": "BUILD", "updated": "2016-02-17T14:06:12Z", "hostId": "5c285f471aa58546853bd27d8391286c1b9caf183858aa31f7ebd540", "addresses": {}, "links": [{"href": "http://10.4.1.3:8774/v2.1/dcc7c70dd196402598d068c26890c5dd/servers/6961e938-0841-46c6-ac2d-f3578860e720", "rel": "self"}, {"href": "http://10.4.1.3:8774/dcc7c70dd196402598d068c26890c5dd/servers/6961e938-0841-46c6-ac2d-f3578860e720", "rel": "bookmark"}], "key_name": "tempest-TestNetworkAdvancedServerOps-683368518", "image": {"id": "6e205511-4f31-49ad-af74-845f28297dcb", "links": [{"href": "http://10.4.1.3:8774/dcc7c70dd196402598d068c26890c5dd/images/6e205511-4f31-49ad-af74-845f28297dcb", "rel": "bookmark"}]}, "OS-EXT-STS:task_state": "spawning", "OS-EXT-STS:vm_state": "building", "OS-SRV-USG:launched_at": null, "flavor": {"id": "42", "links": [{"href": "http://10.4.1.3:8774/dcc7c70dd196402598d068c26890c5dd/flavors/42", "rel": "bookmark"}]}, "id": "6961e938-0841-46c6-ac2d-f3578860e720", "OS-SRV-USG:terminated_at": null, "OS-EXT-AZ:availability_zone": "nova", "user_id": "9b4aa3303e7e4ae7993936ac21783d3c", "name": "tempest-server-smoke-948702600", "created": "2016-02-17T14:06:11Z", "tenant_id": "dcc7c70dd196402598d068c26890c5dd", "OS-DCF:diskConfig": "MANUAL", "os-extended-volumes:volumes_attached": [], "accessIPv4": "", "accessIPv6": "", "progress": 0, "OS-EXT-STS:power_state": 0, "config_drive": "", "metadata": {}}}
2016-02-17 14:06:13,409 27613 INFO     [tempest.common.waiters] State transition "BUILD/scheduling" ==&gt; "BUILD/spawning" after 2 second wait
2016-02-17 14:06:15,207 27613 INFO     [tempest_lib.common.rest_client] Request (TestNetworkAdvancedServerOps:test_server_connectivity_pause_unpause): 200 GET http://10.4.1.3:8774/v2.1/dcc7c70dd196402598d068c26890c5dd/servers/6961e938-0841-46c6-ac2d-f3578860e720 0.797s
2016-02-17 14:06:15,208 27613 DEBUG    [tempest_lib.common.rest_client] Request - Headers: {'Content-Type': 'application/json', 'Accept': 'application/json', 'X-Auth-Token': '&lt;omitted&gt;'}
        Body: None
    Response - Headers: {'status': '200', 'content-length': '1474', 'content-location': 'http://10.4.1.3:8774/v2.1/dcc7c70dd196402598d068c26890c5dd/servers/6961e938-0841-46c6-ac2d-f3578860e720', 'x-compute-request-id': 'req-151ad5ab-582b-4d84-a570-349387b8f2f0', 'vary': 'X-OpenStack-Nova-API-Version', 'connection': 'close', 'x-openstack-nova-api-version': '2.1', 'date': 'Wed, 17 Feb 2016 14:06:15 GMT', 'content-type': 'application/json'}
        Body: {"server": {"status": "BUILD", "updated": "2016-02-17T14:06:12Z", "hostId": "5c285f471aa58546853bd27d8391286c1b9caf183858aa31f7ebd540", "addresses": {}, "links": [{"href": "http://10.4.1.3:8774/v2.1/dcc7c70dd196402598d068c26890c5dd/servers/6961e938-0841-46c6-ac2d-f3578860e720", "rel": "self"}, {"href": "http://10.4.1.3:8774/dcc7c70dd196402598d068c26890c5dd/servers/6961e938-0841-46c6-ac2d-f3578860e720", "rel": "bookmark"}], "key_name": "tempest-TestNetworkAdvancedServerOps-683368518", "image": {"id": "6e205511-4f31-49ad-af74-845f28297dcb", "links": [{"href": "http://10.4.1.3:8774/dcc7c70dd196402598d068c26890c5dd/images/6e205511-4f31-49ad-af74-845f28297dcb", "rel": "bookmark"}]}, "OS-EXT-STS:task_state": "spawning", "OS-EXT-STS:vm_state": "building", "OS-SRV-USG:launched_at": null, "flavor": {"id": "42", "links": [{"href": "http://10.4.1.3:8774/dcc7c70dd196402598d068c26890c5dd/flavors/42", "rel": "bookmark"}]}, "id": "6961e938-0841-46c6-ac2d-f3578860e720", "security_groups": [{"name": "tempest-secgroup-smoke-1815095056"}], "OS-SRV-USG:terminated_at": null, "OS-EXT-AZ:availability_zone": "nova", "user_id": "9b4aa3303e7e4ae7993936ac21783d3c", "name": "tempest-server-smoke-948702600", "created": "2016-02-17T14:06:11Z", "tenant_id": "dcc7c70dd196402598d068c26890c5dd", "OS-DCF:diskConfig": "MANUAL", "os-extended-volumes:volumes_attached": [], "accessIPv4": "", "accessIPv6": "", "progress": 0, "OS-EXT-STS:power_state": 0, "config_drive": "", "metadata": {}}}
2016-02-17 14:06:17,053 27613 INFO     [tempest_lib.common.rest_client] Request (TestNetworkAdvancedServerOps:test_server_connectivity_pause_unpause): 200 GET http://10.4.1.3:8774/v2.1/dcc7c70dd196402598d068c26890c5dd/servers/6961e938-0841-46c6-ac2d-f3578860e720 0.832s
2016-02-17 14:06:17,053 27613 DEBUG    [tempest_lib.common.rest_client] Request - Headers: {'Content-Type': 'application/json', 'Accept': 'application/json', 'X-Auth-Token': '&lt;omitted&gt;'}
        Body: None
    Response - Headers: {'status': '200', 'content-length': '1474', 'content-location': 'http://10.4.1.3:8774/v2.1/dcc7c70dd196402598d068c26890c5dd/servers/6961e938-0841-46c6-ac2d-f3578860e720', 'x-compute-request-id': 'req-1311d60d-d522-447b-9686-7e2ad18f2d8c', 'vary': 'X-OpenStack-Nova-API-Version', 'connection': 'close', 'x-openstack-nova-api-version': '2.1', 'date': 'Wed, 17 Feb 2016 14:06:17 GMT', 'content-type': 'application/json'}
        Body: {"server": {"status": "BUILD", "updated": "2016-02-17T14:06:12Z", "hostId": "5c285f471aa58546853bd27d8391286c1b9caf183858aa31f7ebd540", "addresses": {}, "links": [{"href": "http://10.4.1.3:8774/v2.1/dcc7c70dd196402598d068c26890c5dd/servers/6961e938-0841-46c6-ac2d-f3578860e720", "rel": "self"}, {"href": "http://10.4.1.3:8774/dcc7c70dd196402598d068c26890c5dd/servers/6961e938-0841-46c6-ac2d-f3578860e720", "rel": "bookmark"}], "key_name": "tempest-TestNetworkAdvancedServerOps-683368518", "image": {"id": "6e205511-4f31-49ad-af74-845f28297dcb", "links": [{"href": "http://10.4.1.3:8774/dcc7c70dd196402598d068c26890c5dd/images/6e205511-4f31-49ad-af74-845f28297dcb", "rel": "bookmark"}]}, "OS-EXT-STS:task_state": "spawning", "OS-EXT-STS:vm_state": "building", "OS-SRV-USG:launched_at": null, "flavor": {"id": "42", "links": [{"href": "http://10.4.1.3:8774/dcc7c70dd196402598d068c26890c5dd/flavors/42", "rel": "bookmark"}]}, "id": "6961e938-0841-46c6-ac2d-f3578860e720", "security_groups": [{"name": "tempest-secgroup-smoke-1815095056"}], "OS-SRV-USG:terminated_at": null, "OS-EXT-AZ:availability_zone": "nova", "user_id": "9b4aa3303e7e4ae7993936ac21783d3c", "name": "tempest-server-smoke-948702600", "created": "2016-02-17T14:06:11Z", "tenant_id": "dcc7c70dd196402598d068c26890c5dd", "OS-DCF:diskConfig": "MANUAL", "os-extended-volumes:volumes_attached": [], "accessIPv4": "", "accessIPv6": "", "progress": 0, "OS-EXT-STS:power_state": 0, "config_drive": "", "metadata": {}}}
2016-02-17 14:06:18,760 27613 INFO     [tempest_lib.common.rest_client] Request (TestNetworkAdvancedServerOps:test_server_connectivity_pause_unpause): 200 GET http://10.4.1.3:8774/v2.1/dcc7c70dd196402598d068c26890c5dd/servers/6961e938-0841-46c6-ac2d-f3578860e720 0.696s
2016-02-17 14:06:18,760 27613 DEBUG    [tempest_lib.common.rest_client] Request - Headers: {'Content-Type': 'application/json', 'Accept': 'application/json', 'X-Auth-Token': '&lt;omitted&gt;'}
        Body: None
    Response - Headers: {'status': '200', 'content-length': '1646', 'content-location': 'http://10.4.1.3:8774/v2.1/dcc7c70dd196402598d068c26890c5dd/servers/6961e938-0841-46c6-ac2d-f3578860e720', 'x-compute-request-id': 'req-f20079d0-77cf-43d6-a3a5-6e3b1133dc61', 'vary': 'X-OpenStack-Nova-API-Version', 'connection': 'close', 'x-openstack-nova-api-version': '2.1', 'date': 'Wed, 17 Feb 2016 14:06:18 GMT', 'content-type': 'application/json'}
        Body: {"server": {"status": "ACTIVE", "updated": "2016-02-17T14:06:17Z", "hostId": "5c285f471aa58546853bd27d8391286c1b9caf183858aa31f7ebd540", "addresses": {"tempest-network-smoke--2059657164": [{"OS-EXT-IPS-MAC:mac_addr": "fa:16:3e:0e:63:73", "version": 4, "addr": "10.100.0.3", "OS-EXT-IPS:type": "fixed"}]}, "links": [{"href": "http://10.4.1.3:8774/v2.1/dcc7c70dd196402598d068c26890c5dd/servers/6961e938-0841-46c6-ac2d-f3578860e720", "rel": "self"}, {"href": "http://10.4.1.3:8774/dcc7c70dd196402598d068c26890c5dd/servers/6961e938-0841-46c6-ac2d-f3578860e720", "rel": "bookmark"}], "key_name": "tempest-TestNetworkAdvancedServerOps-683368518", "image": {"id": "6e205511-4f31-49ad-af74-845f28297dcb", "links": [{"href": "http://10.4.1.3:8774/dcc7c70dd196402598d068c26890c5dd/images/6e205511-4f31-49ad-af74-845f28297dcb", "rel": "bookmark"}]}, "OS-EXT-STS:task_state": null, "OS-EXT-STS:vm_state": "active", "OS-SRV-USG:launched_at": "2016-02-17T14:06:17.000000", "flavor": {"id": "42", "links": [{"href": "http://10.4.1.3:8774/dcc7c70dd196402598d068c26890c5dd/flavors/42", "rel": "bookmark"}]}, "id": "6961e938-0841-46c6-ac2d-f3578860e720", "security_groups": [{"name": "tempest-secgroup-smoke-1815095056"}], "OS-SRV-USG:terminated_at": null, "OS-EXT-AZ:availability_zone": "nova", "user_id": "9b4aa3303e7e4ae7993936ac21783d3c", "name": "tempest-server-smoke-948702600", "created": "2016-02-17T14:06:11Z", "tenant_id": "dcc7c70dd196402598d068c26890c5dd", "OS-DCF:diskConfig": "MANUAL", "os-extended-volumes:volumes_attached": [], "accessIPv4": "", "accessIPv6": "", "progress": 0, "OS-EXT-STS:power_state": 1, "config_drive": "True", "metadata": {}}}
2016-02-17 14:06:18,771 27613 INFO     [tempest.common.waiters] State transition "BUILD/spawning" ==&gt; "ACTIVE/None" after 7 second wait
2016-02-17 14:06:19,430 27613 INFO     [tempest_lib.common.rest_client] Request (TestNetworkAdvancedServerOps:test_server_connectivity_pause_unpause): 200 GET http://10.4.1.3:8774/v2.1/dcc7c70dd196402598d068c26890c5dd/servers/6961e938-0841-46c6-ac2d-f3578860e720 0.658s
2016-02-17 14:06:19,431 27613 DEBUG    [tempest_lib.common.rest_client] Request - Headers: {'Content-Type': 'application/json', 'Accept': 'application/json', 'X-Auth-Token': '&lt;omitted&gt;'}
        Body: None
    Response - Headers: {'status': '200', 'content-length': '1646', 'content-location': 'http://10.4.1.3:8774/v2.1/dcc7c70dd196402598d068c26890c5dd/servers/6961e938-0841-46c6-ac2d-f3578860e720', 'x-compute-request-id': 'req-03d67e20-4d3b-4eb9-9ff1-cf421eadcd3d', 'vary': 'X-OpenStack-Nova-API-Version', 'connection': 'close', 'x-openstack-nova-api-version': '2.1', 'date': 'Wed, 17 Feb 2016 14:06:19 GMT', 'content-type': 'application/json'}
        Body: {"server": {"status": "ACTIVE", "updated": "2016-02-17T14:06:17Z", "hostId": "5c285f471aa58546853bd27d8391286c1b9caf183858aa31f7ebd540", "addresses": {"tempest-network-smoke--2059657164": [{"OS-EXT-IPS-MAC:mac_addr": "fa:16:3e:0e:63:73", "version": 4, "addr": "10.100.0.3", "OS-EXT-IPS:type": "fixed"}]}, "links": [{"href": "http://10.4.1.3:8774/v2.1/dcc7c70dd196402598d068c26890c5dd/servers/6961e938-0841-46c6-ac2d-f3578860e720", "rel": "self"}, {"href": "http://10.4.1.3:8774/dcc7c70dd196402598d068c26890c5dd/servers/6961e938-0841-46c6-ac2d-f3578860e720", "rel": "bookmark"}], "key_name": "tempest-TestNetworkAdvancedServerOps-683368518", "image": {"id": "6e205511-4f31-49ad-af74-845f28297dcb", "links": [{"href": "http://10.4.1.3:8774/dcc7c70dd196402598d068c26890c5dd/images/6e205511-4f31-49ad-af74-845f28297dcb", "rel": "bookmark"}]}, "OS-EXT-STS:task_state": null, "OS-EXT-STS:vm_state": "active", "OS-SRV-USG:launched_at": "2016-02-17T14:06:17.000000", "flavor": {"id": "42", "links": [{"href": "http://10.4.1.3:8774/dcc7c70dd196402598d068c26890c5dd/flavors/42", "rel": "bookmark"}]}, "id": "6961e938-0841-46c6-ac2d-f3578860e720", "security_groups": [{"name": "tempest-secgroup-smoke-1815095056"}], "OS-SRV-USG:terminated_at": null, "OS-EXT-AZ:availability_zone": "nova", "user_id": "9b4aa3303e7e4ae7993936ac21783d3c", "name": "tempest-server-smoke-948702600", "created": "2016-02-17T14:06:11Z", "tenant_id": "dcc7c70dd196402598d068c26890c5dd", "OS-DCF:diskConfig": "MANUAL", "os-extended-volumes:volumes_attached": [], "accessIPv4": "", "accessIPv6": "", "progress": 0, "OS-EXT-STS:power_state": 1, "config_drive": "True", "metadata": {}}}
2016-02-17 14:06:19,639 27613 INFO     [tempest_lib.common.rest_client] Request (TestNetworkAdvancedServerOps:test_server_connectivity_pause_unpause): 200 GET http://10.4.1.3:9696/v2.0/ports?fixed_ip=None&amp;device_id=6961e938-0841-46c6-ac2d-f3578860e720 0.200s
2016-02-17 14:06:19,640 27613 DEBUG    [tempest_lib.common.rest_client] Request - Headers: {'Content-Type': 'application/json', 'Accept': 'application/json', 'X-Auth-Token': '&lt;omitted&gt;'}
        Body: None
    Response - Headers: {'status': '200', 'content-length': '755', 'content-location': 'http://10.4.1.3:9696/v2.0/ports?fixed_ip=None&amp;device_id=6961e938-0841-46c6-ac2d-f3578860e720', 'connection': 'close', 'date': 'Wed, 17 Feb 2016 14:06:19 GMT', 'content-type': 'application/json; charset=UTF-8', 'x-openstack-request-id': 'req-90180c81-5b9c-4f6a-892e-c23c5151ce5b'}
        Body: {"ports": [{"status": "ACTIVE", "binding:host_id": "vagrant-ubuntu-trusty-64", "name": "", "allowed_address_pairs": [], "admin_state_up": true, "network_id": "90d522e6-b77a-493f-8114-26ebf307f80b", "tenant_id": "dcc7c70dd196402598d068c26890c5dd", "extra_dhcp_opts": [], "mac_address": "fa:16:3e:0e:63:73", "binding:vif_details": {"port_filter": true}, "binding:vif_type": "ovs", "device_owner": "compute:None", "binding:profile": {}, "port_security_enabled": true, "binding:vnic_type": "normal", "fixed_ips": [{"subnet_id": "b9ce43f3-904a-4993-ad74-a29b47ee731f", "ip_address": "10.100.0.3"}], "id": "6a74b8a3-be36-41ff-a00e-061d35ac92ec", "security_groups": ["773b5862-658c-439e-8bde-e3d7e280fb32"], "device_id": "6961e938-0841-46c6-ac2d-f3578860e720"}]}
2016-02-17 14:06:20,723 27613 INFO     [tempest_lib.common.rest_client] Request (TestNetworkAdvancedServerOps:test_server_connectivity_pause_unpause): 201 POST http://10.4.1.3:9696/v2.0/floatingips 1.082s
2016-02-17 14:06:20,724 27613 DEBUG    [tempest_lib.common.rest_client] Request - Headers: {'Content-Type': 'application/json', 'Accept': 'application/json', 'X-Auth-Token': '&lt;omitted&gt;'}
        Body: {"floatingip": {"floating_network_id": "ee9e3695-463e-4923-9673-eab87542e5ee", "tenant_id": "dcc7c70dd196402598d068c26890c5dd", "fixed_ip_address": "10.100.0.3", "port_id": "6a74b8a3-be36-41ff-a00e-061d35ac92ec"}}
    Response - Headers: {'status': '201', 'content-length': '369', 'connection': 'close', 'date': 'Wed, 17 Feb 2016 14:06:20 GMT', 'content-type': 'application/json; charset=UTF-8', 'x-openstack-request-id': 'req-d47d6890-e3fa-4512-b509-791bb75e4f64'}
        Body: {"floatingip": {"floating_network_id": "ee9e3695-463e-4923-9673-eab87542e5ee", "router_id": "00942268-7d60-4bdc-9ec8-13be1ba1c74e", "fixed_ip_address": "10.100.0.3", "floating_ip_address": "172.24.4.4", "tenant_id": "dcc7c70dd196402598d068c26890c5dd", "status": "ACTIVE", "port_id": "6a74b8a3-be36-41ff-a00e-061d35ac92ec", "id": "39449955-de5d-4aec-aaf6-eff9a9a3bbcc"}}
2016-02-17 14:06:21,491 27613 INFO     [tempest_lib.common.rest_client] Request (TestNetworkAdvancedServerOps:test_server_connectivity_pause_unpause): 200 GET http://10.4.1.3:8774/v2.1/dcc7c70dd196402598d068c26890c5dd/servers/6961e938-0841-46c6-ac2d-f3578860e720 0.767s
2016-02-17 14:06:21,492 27613 DEBUG    [tempest_lib.common.rest_client] Request - Headers: {'Content-Type': 'application/json', 'Accept': 'application/json', 'X-Auth-Token': '&lt;omitted&gt;'}
        Body: None
    Response - Headers: {'status': '200', 'content-length': '1646', 'content-location': 'http://10.4.1.3:8774/v2.1/dcc7c70dd196402598d068c26890c5dd/servers/6961e938-0841-46c6-ac2d-f3578860e720', 'x-compute-request-id': 'req-af29d071-d9ac-4e47-b4f4-9a097dc34234', 'vary': 'X-OpenStack-Nova-API-Version', 'connection': 'close', 'x-openstack-nova-api-version': '2.1', 'date': 'Wed, 17 Feb 2016 14:06:21 GMT', 'content-type': 'application/json'}
        Body: {"server": {"status": "ACTIVE", "updated": "2016-02-17T14:06:17Z", "hostId": "5c285f471aa58546853bd27d8391286c1b9caf183858aa31f7ebd540", "addresses": {"tempest-network-smoke--2059657164": [{"OS-EXT-IPS-MAC:mac_addr": "fa:16:3e:0e:63:73", "version": 4, "addr": "10.100.0.3", "OS-EXT-IPS:type": "fixed"}]}, "links": [{"href": "http://10.4.1.3:8774/v2.1/dcc7c70dd196402598d068c26890c5dd/servers/6961e938-0841-46c6-ac2d-f3578860e720", "rel": "self"}, {"href": "http://10.4.1.3:8774/dcc7c70dd196402598d068c26890c5dd/servers/6961e938-0841-46c6-ac2d-f3578860e720", "rel": "bookmark"}], "key_name": "tempest-TestNetworkAdvancedServerOps-683368518", "image": {"id": "6e205511-4f31-49ad-af74-845f28297dcb", "links": [{"href": "http://10.4.1.3:8774/dcc7c70dd196402598d068c26890c5dd/images/6e205511-4f31-49ad-af74-845f28297dcb", "rel": "bookmark"}]}, "OS-EXT-STS:task_state": null, "OS-EXT-STS:vm_state": "active", "OS-SRV-USG:launched_at": "2016-02-17T14:06:17.000000", "flavor": {"id": "42", "links": [{"href": "http://10.4.1.3:8774/dcc7c70dd196402598d068c26890c5dd/flavors/42", "rel": "bookmark"}]}, "id": "6961e938-0841-46c6-ac2d-f3578860e720", "security_groups": [{"name": "tempest-secgroup-smoke-1815095056"}], "OS-SRV-USG:terminated_at": null, "OS-EXT-AZ:availability_zone": "nova", "user_id": "9b4aa3303e7e4ae7993936ac21783d3c", "name": "tempest-server-smoke-948702600", "created": "2016-02-17T14:06:11Z", "tenant_id": "dcc7c70dd196402598d068c26890c5dd", "OS-DCF:diskConfig": "MANUAL", "os-extended-volumes:volumes_attached": [], "accessIPv4": "", "accessIPv6": "", "progress": 0, "OS-EXT-STS:power_state": 1, "config_drive": "True", "metadata": {}}}
2016-02-17 14:06:21,505 27613 INFO     [tempest.scenario.manager] Tenant networks not configured to be reachable.
2016-02-17 14:06:21,712 27613 INFO     [tempest_lib.common.rest_client] Request (TestNetworkAdvancedServerOps:test_server_connectivity_pause_unpause): 200 GET http://10.4.1.3:9696/v2.0/floatingips/39449955-de5d-4aec-aaf6-eff9a9a3bbcc 0.207s
2016-02-17 14:06:21,713 27613 DEBUG    [tempest_lib.common.rest_client] Request - Headers: {'Content-Type': 'application/json', 'Accept': 'application/json', 'X-Auth-Token': '&lt;omitted&gt;'}
        Body: None
    Response - Headers: {'status': '200', 'content-length': '369', 'content-location': 'http://10.4.1.3:9696/v2.0/floatingips/39449955-de5d-4aec-aaf6-eff9a9a3bbcc', 'connection': 'close', 'date': 'Wed, 17 Feb 2016 14:06:21 GMT', 'content-type': 'application/json; charset=UTF-8', 'x-openstack-request-id': 'req-0172ca10-464f-4b3a-8c0e-be6d5d62a78c'}
        Body: {"floatingip": {"floating_network_id": "ee9e3695-463e-4923-9673-eab87542e5ee", "router_id": "00942268-7d60-4bdc-9ec8-13be1ba1c74e", "fixed_ip_address": "10.100.0.3", "floating_ip_address": "172.24.4.4", "tenant_id": "dcc7c70dd196402598d068c26890c5dd", "status": "ACTIVE", "port_id": "6a74b8a3-be36-41ff-a00e-061d35ac92ec", "id": "39449955-de5d-4aec-aaf6-eff9a9a3bbcc"}}
2016-02-17 14:06:21,713 27613 INFO     [tempest.scenario.manager] FloatingIP: &lt;"FloatingIP" addr="172.24.4.4" id="39449955-de5d-4aec-aaf6-eff9a9a3bbcc"&gt; is at status: ACTIVE
2016-02-17 14:06:21,713 27613 DEBUG    [tempest.scenario.manager] checking network connections to IP 172.24.4.4 with user: cirros
2016-02-17 14:06:21,714 27613 DEBUG    [tempest.scenario.manager] TestNetworkAdvancedServerOps:test_server_connectivity_pause_unpause begins to ping 172.24.4.4 in 120 sec and the expected result is reachable
2016-02-17 14:08:23,309 27613 DEBUG    [tempest.scenario.manager] TestNetworkAdvancedServerOps:test_server_connectivity_pause_unpause finishes ping 172.24.4.4 in 120 sec and the ping result is unexpected
2016-02-17 14:08:23,310 27613 ERROR    [tempest.scenario.manager] Public network connectivity check failed
2016-02-17 14:08:23.310 27613 ERROR tempest.scenario.manager Traceback (most recent call last):
2016-02-17 14:08:23.310 27613 ERROR tempest.scenario.manager   File "tempest/scenario/manager.py", line 598, in check_public_network_connectivity
2016-02-17 14:08:23.310 27613 ERROR tempest.scenario.manager     should_connect=should_connect)
2016-02-17 14:08:23.310 27613 ERROR tempest.scenario.manager   File "tempest/scenario/manager.py", line 582, in check_vm_connectivity
2016-02-17 14:08:23.310 27613 ERROR tempest.scenario.manager     msg=msg)
2016-02-17 14:08:23.310 27613 ERROR tempest.scenario.manager   File "/usr/local/lib/python2.7/dist-packages/unittest2/case.py", line 702, in assertTrue
2016-02-17 14:08:23.310 27613 ERROR tempest.scenario.manager     raise self.failureException(msg)
2016-02-17 14:08:23.310 27613 ERROR tempest.scenario.manager AssertionError: False is not true : Timed out waiting for 172.24.4.4 to become reachable
2016-02-17 14:08:23.310 27613 ERROR tempest.scenario.manager 
2016-02-17 14:08:23,739 27613 INFO     [tempest_lib.common.rest_client] Request (TestNetworkAdvancedServerOps:test_server_connectivity_pause_unpause): 200 POST http://10.4.1.3:8774/v2.1/dcc7c70dd196402598d068c26890c5dd/servers/6961e938-0841-46c6-ac2d-f3578860e720/action 0.425s
2016-02-17 14:08:23,740 27613 DEBUG    [tempest_lib.common.rest_client] Request - Headers: {'Content-Type': 'application/json', 'Accept': 'application/json', 'X-Auth-Token': '&lt;omitted&gt;'}
        Body: {"os-getConsoleOutput": {}}
    Response - Headers: {'status': '200', 'content-length': '17473', 'x-compute-request-id': 'req-b06ae125-c92a-4e7d-b611-0aad794df9a9', 'vary': 'X-OpenStack-Nova-API-Version', 'connection': 'close', 'x-openstack-nova-api-version': '2.1', 'date': 'Wed, 17 Feb 2016 14:08:23 GMT', 'content-type': 'application/json'}
        Body: {"output": "[    0.000000] Initializing cgroup subsys cpuset\n[    0.000000] Initializing cgroup subsys cpu\n[    0.000000] Linux version 3.2.0-80-virtual (buildd@batsu) (gcc version 4.6.3 (Ubuntu/Linaro 4.6.3-1ubuntu5) ) #116-Ubuntu SMP Mon Mar 23 17:28:52 UTC 2015 (Ubuntu 3.2.0-80.116-virtual 3.2.68)\n[    0.000000] Command line: root=/dev/vda console=tty0 console=ttyS0 no_timer_check\n[    0.000000] KERNEL supported cpus:\n[    0.000000]   Intel GenuineIntel\n[    0.000000]   AMD AuthenticAMD\n[    0.000000]   Centaur CentaurHauls\n[    0.000000] BIOS-provided physical RAM map:\n[    0.000000]  BIOS-e820: 0000000000000000 - 000000000009fc00 (usable)\n[    0.000000]  BIOS-e820: 000000000009fc00 - 00000000000a0000 (reserved)\n[    0.000000]  BIOS-e820: 00000000000f0000 - 0000000000100000 (reserved)\n[    0.000000]  BIOS-e820: 0000000000100000 - 0000000003ffe000 (usable)\n[    0.000000]  BIOS-e820: 0000000003ffe000 - 0000000004000000 (reserved)\n[    0.000000]  BIOS-e820: 00000000fffc0000 - 0000000100000000 (reserved)\n[    0.000000] NX (Execute Disable) protection: active\n[    0.000000] SMBIOS 2.4 present.\n[    0.000000] No AGP bridge found\n[    0.000000] last_pfn = 0x3ffe max_arch_pfn = 0x400000000\n[    0.000000] x86 PAT enabled: cpu 0, old 0x7040600070406, new 0x7010600070106\n[    0.000000] found SMP MP-table at [ffff8800000f0b00] f0b00\n[    0.000000] init_memory_mapping: 0000000000000000-0000000003ffe000\n[    0.000000] RAMDISK: 03c5e000 - 03ff0000\n[    0.000000] ACPI: RSDP 00000000000f0950 00014 (v00 BOCHS )\n[    0.000000] ACPI: RSDT 0000000003fffbc1 00034 (v01 BOCHS  BXPCRSDT 00000001 BXPC 00000001)\n[    0.000000] ACPI: FACP 0000000003fff1c0 00074 (v01 BOCHS  BXPCFACP 00000001 BXPC 00000001)\n[    0.000000] ACPI: DSDT 0000000003ffe040 01180 (v01 BOCHS  BXPCDSDT 00000001 BXPC 00000001)\n[    0.000000] ACPI: FACS 0000000003ffe000 00040\n[    0.000000] ACPI: SSDT 0000000003fff234 008DD (v01 BOCHS  BXPCSSDT 00000001 BXPC 00000001)\n[    0.000000] ACPI: APIC 0000000003fffb11 00078 (v01 BOCHS  BXPCAPIC 00000001 BXPC 00000001)\n[    0.000000] ACPI: HPET 0000000003fffb89 00038 (v01 BOCHS  BXPCHPET 00000001 BXPC 00000001)\n[    0.000000] No NUMA configuration found\n[    0.000000] Faking a node at 0000000000000000-0000000003ffe000\n[    0.000000] Initmem setup node 0 0000000000000000-0000000003ffe000\n[    0.000000]   NODE_DATA [0000000003ff6000 - 0000000003ffafff]\n[    0.000000] Zone PFN ranges:\n[    0.000000]   DMA      0x00000010 -&gt; 0x00001000\n[    0.000000]   DMA32    0x00001000 -&gt; 0x00100000\n[    0.000000]   Normal   empty\n[    0.000000] Movable zone start PFN for each node\n[    0.000000] early_node_map[2] active PFN ranges\n[    0.000000]     0: 0x00000010 -&gt; 0x0000009f\n[    0.000000]     0: 0x00000100 -&gt; 0x00003ffe\n[    0.000000] ACPI: PM-Timer IO Port: 0xb008\n[    0.000000] ACPI: LAPIC (acpi_id[0x00] lapic_id[0x00] enabled)\n[    0.000000] ACPI: LAPIC_NMI (acpi_id[0xff] dfl dfl lint[0x1])\n[    0.000000] ACPI: IOAPIC (id[0x00] address[0xfec00000] gsi_base[0])\n[    0.000000] IOAPIC[0]: apic_id 0, version 17, address 0xfec00000, GSI 0-23\n[    0.000000] ACPI: INT_SRC_OVR (bus 0 bus_irq 0 global_irq 2 dfl dfl)\n[    0.000000] ACPI: INT_SRC_OVR (bus 0 bus_irq 5 global_irq 5 high level)\n[    0.000000] ACPI: INT_SRC_OVR (bus 0 bus_irq 9 global_irq 9 high level)\n[    0.000000] ACPI: INT_SRC_OVR (bus 0 bus_irq 10 global_irq 10 high level)\n[    0.000000] ACPI: INT_SRC_OVR (bus 0 bus_irq 11 global_irq 11 high level)\n[    0.000000] Using ACPI (MADT) for SMP configuration information\n[    0.000000] ACPI: HPET id: 0x8086a201 base: 0xfed00000\n[    0.000000] SMP: Allowing 1 CPUs, 0 hotplug CPUs\n[    0.000000] PM: Registered nosave memory: 000000000009f000 - 00000000000a0000\n[    0.000000] PM: Registered nosave memory: 00000000000a0000 - 00000000000f0000\n[    0.000000] PM: Registered nosave memory: 00000000000f0000 - 0000000000100000\n[    0.000000] Allocating PCI resources starting at 4000000 (gap: 4000000:fbfc0000)\n[    0.000000] Booting paravirtualized kernel on bare hardware\n[    0.000000] setup_pe
2016-02-17 14:08:23,743 27613 DEBUG    [tempest.scenario.manager] Console output for 6961e938-0841-46c6-ac2d-f3578860e720
body=
[    0.000000] Initializing cgroup subsys cpuset
[    0.000000] Initializing cgroup subsys cpu
[    0.000000] Linux version 3.2.0-80-virtual (buildd@batsu) (gcc version 4.6.3 (Ubuntu/Linaro 4.6.3-1ubuntu5) ) #116-Ubuntu SMP Mon Mar 23 17:28:52 UTC 2015 (Ubuntu 3.2.0-80.116-virtual 3.2.68)
[    0.000000] Command line: root=/dev/vda console=tty0 console=ttyS0 no_timer_check
[    0.000000] KERNEL supported cpus:
[    0.000000]   Intel GenuineIntel
[    0.000000]   AMD AuthenticAMD
[    0.000000]   Centaur CentaurHauls
[    0.000000] BIOS-provided physical RAM map:
[    0.000000]  BIOS-e820: 0000000000000000 - 000000000009fc00 (usable)
[    0.000000]  BIOS-e820: 000000000009fc00 - 00000000000a0000 (reserved)
[    0.000000]  BIOS-e820: 00000000000f0000 - 0000000000100000 (reserved)
[    0.000000]  BIOS-e820: 0000000000100000 - 0000000003ffe000 (usable)
[    0.000000]  BIOS-e820: 0000000003ffe000 - 0000000004000000 (reserved)
[    0.000000]  BIOS-e820: 00000000fffc0000 - 0000000100000000 (reserved)
[    0.000000] NX (Execute Disable) protection: active
[    0.000000] SMBIOS 2.4 present.
[    0.000000] No AGP bridge found
[    0.000000] last_pfn = 0x3ffe max_arch_pfn = 0x400000000
[    0.000000] x86 PAT enabled: cpu 0, old 0x7040600070406, new 0x7010600070106
[    0.000000] found SMP MP-table at [ffff8800000f0b00] f0b00
[    0.000000] init_memory_mapping: 0000000000000000-0000000003ffe000
[    0.000000] RAMDISK: 03c5e000 - 03ff0000
[    0.000000] ACPI: RSDP 00000000000f0950 00014 (v00 BOCHS )
[    0.000000] ACPI: RSDT 0000000003fffbc1 00034 (v01 BOCHS  BXPCRSDT 00000001 BXPC 00000001)
[    0.000000] ACPI: FACP 0000000003fff1c0 00074 (v01 BOCHS  BXPCFACP 00000001 BXPC 00000001)
[    0.000000] ACPI: DSDT 0000000003ffe040 01180 (v01 BOCHS  BXPCDSDT 00000001 BXPC 00000001)
[    0.000000] ACPI: FACS 0000000003ffe000 00040
[    0.000000] ACPI: SSDT 0000000003fff234 008DD (v01 BOCHS  BXPCSSDT 00000001 BXPC 00000001)
[    0.000000] ACPI: APIC 0000000003fffb11 00078 (v01 BOCHS  BXPCAPIC 00000001 BXPC 00000001)
[    0.000000] ACPI: HPET 0000000003fffb89 00038 (v01 BOCHS  BXPCHPET 00000001 BXPC 00000001)
[    0.000000] No NUMA configuration found
[    0.000000] Faking a node at 0000000000000000-0000000003ffe000
[    0.000000] Initmem setup node 0 0000000000000000-0000000003ffe000
[    0.000000]   NODE_DATA [0000000003ff6000 - 0000000003ffafff]
[    0.000000] Zone PFN ranges:
[    0.000000]   DMA      0x00000010 -&gt; 0x00001000
[    0.000000]   DMA32    0x00001000 -&gt; 0x00100000
[    0.000000]   Normal   empty
[    0.000000] Movable zone start PFN for each node
[    0.000000] early_node_map[2] active PFN ranges
[    0.000000]     0: 0x00000010 -&gt; 0x0000009f
[    0.000000]     0: 0x00000100 -&gt; 0x00003ffe
[    0.000000] ACPI: PM-Timer IO Port: 0xb008
[    0.000000] ACPI: LAPIC (acpi_id[0x00] lapic_id[0x00] enabled)
[    0.000000] ACPI: LAPIC_NMI (acpi_id[0xff] dfl dfl lint[0x1])
[    0.000000] ACPI: IOAPIC (id[0x00] address[0xfec00000] gsi_base[0])
[    0.000000] IOAPIC[0]: apic_id 0, version 17, address 0xfec00000, GSI 0-23
[    0.000000] ACPI: INT_SRC_OVR (bus 0 bus_irq 0 global_irq 2 dfl dfl)
[    0.000000] ACPI: INT_SRC_OVR (bus 0 bus_irq 5 global_irq 5 high level)
[    0.000000] ACPI: INT_SRC_OVR (bus 0 bus_irq 9 global_irq 9 high level)
[    0.000000] ACPI: INT_SRC_OVR (bus 0 bus_irq 10 global_irq 10 high level)
[    0.000000] ACPI: INT_SRC_OVR (bus 0 bus_irq 11 global_irq 11 high level)
[    0.000000] Using ACPI (MADT) for SMP configuration information
[    0.000000] ACPI: HPET id: 0x8086a201 base: 0xfed00000
[    0.000000] SMP: Allowing 1 CPUs, 0 hotplug CPUs
[    0.000000] PM: Registered nosave memory: 000000000009f000 - 00000000000a0000
[    0.000000] PM: Registered nosave memory: 00000000000a0000 - 00000000000f0000
[    0.000000] PM: Registered nosave memory: 00000000000f0000 - 0000000000100000
[    0.000000] Allocating PCI resources starting at 4000000 (gap: 4000000:fbfc0000)
[    0.000000] Booting paravirtualized kernel on bare hardware
[    0.000000] setup_percpu: NR_CPUS:64 nr_cpumask_bits:64 nr_cpu_ids:1 nr_node_ids:1
[    0.000000] PERCPU: Embedded 27 pages/cpu @ffff880003a00000 s78848 r8192 d23552 u2097152
[    0.000000] Built 1 zonelists in Node order, mobility grouping on.  Total pages: 16008
[    0.000000] Policy zone: DMA32
[    0.000000] Kernel command line: root=/dev/vda console=tty0 console=ttyS0 no_timer_check
[    0.000000] PID hash table entries: 256 (order: -1, 2048 bytes)
[    0.000000] Checking aperture...
[    0.000000] No AGP bridge found
[    0.000000] Memory: 43492k/65528k available (6576k kernel code, 452k absent, 21584k reserved, 6620k data, 928k init)
[    0.000000] SLUB: Genslabs=15, HWalign=64, Order=0-3, MinObjects=0, CPUs=1, Nodes=1
[    0.000000] Hierarchical RCU implementation.
[    0.000000] 	RCU dyntick-idle grace-period acceleration is enabled.
[    0.000000] NR_IRQS:4352 nr_irqs:256 16
[    0.000000] Console: colour VGA+ 80x25
[    0.000000] console [tty0] enabled
[    0.000000] console [ttyS0] enabled
[    0.000000] allocated 1048576 bytes of page_cgroup
[    0.000000] please try 'cgroup_disable=memory' option if you don't want memory cgroups
[    0.000000] Fast TSC calibration failed
[    0.000000] TSC: Unable to calibrate against PIT
[    0.000000] TSC: using HPET reference calibration
[    0.000000] Detected 2292.524 MHz processor.
[    0.032791] Calibrating delay loop (skipped), value calculated using timer frequency.. 4585.04 BogoMIPS (lpj=9170096)
[    0.037028] pid_max: default: 32768 minimum: 301
[    0.045712] Security Framework initialized
[    0.048625] AppArmor: AppArmor initialized
[    0.050425] Yama: becoming mindful.
[    0.057556] Dentry cache hash table entries: 8192 (order: 4, 65536 bytes)
[    0.059068] Inode-cache hash table entries: 4096 (order: 3, 32768 bytes)
[    0.060207] Mount-cache hash table entries: 256
[    0.076460] Initializing cgroup subsys cpuacct
[    0.077329] Initializing cgroup subsys memory
[    0.078667] Initializing cgroup subsys devices
[    0.079399] Initializing cgroup subsys freezer
[    0.080130] Initializing cgroup subsys blkio
[    0.080826] Initializing cgroup subsys perf_event
[    0.085626] mce: CPU supports 10 MCE banks
[    0.089883] SMP alternatives: switching to UP code
[    0.493024] Freeing SMP alternatives: 24k freed
[    0.494660] ACPI: Core revision 20110623
[    0.552447] ftrace: allocating 26610 entries in 105 pages
[    0.592875] ..TIMER: vector=0x30 apic1=0 pin1=2 apic2=-1 pin2=-1
[    0.594323] CPU0: AMD QEMU Virtual CPU version 2.0.0 stepping 03
[    0.600036] Performance Events: Broken PMU hardware detected, using software events only.
[    0.610862] NMI watchdog disabled (cpu0): hardware events not enabled
[    0.612651] Brought up 1 CPUs
[    0.613289] Total of 1 processors activated (4585.04 BogoMIPS).
[    0.639306] devtmpfs: initialized
[    0.677744] EVM: security.selinux
[    0.678539] EVM: security.SMACK64
[    0.679204] EVM: security.capability
[    0.709206] print_constraints: dummy: 
[    0.711034] RTC time: 14:06:21, date: 02/17/16
[    0.716255] NET: Registered protocol family 16
[    0.730581] ACPI: bus type pci registered
[    0.736800] PCI: Using configuration type 1 for base access
[    0.776525] bio: create slab &lt;bio-0&gt; at 0
[    0.781145] ACPI: Added _OSI(Module Device)
[    0.781978] ACPI: Added _OSI(Processor Device)
[    0.782538] ACPI: Added _OSI(3.0 _SCP Extensions)
[    0.783113] ACPI: Added _OSI(Processor Aggregator Device)
[    0.857656] ACPI: Interpreter enabled
[    0.858245] ACPI: (supports S0 S3 S4 S5)
[    0.860855] ACPI: Using IOAPIC for interrupt routing
[    0.933304] ACPI: No dock devices found.
[    0.934468] HEST: Table not found.
[    0.936413] PCI: Using host bridge windows from ACPI; if necessary, use "pci=nocrs" and report a bug
[    0.947339] ACPI: PCI Root Bridge [PCI0] (domain 0000 [bus 00-ff])
[    0.953791] pci_root PNP0A03:00: host bridge window [io  0x0000-0x0cf7]
[    0.954753] pci_root PNP0A03:00: host bridge window [io  0x0d00-0xadff]
[    0.956130] pci_root PNP0A03:00: host bridge window [io  0xae0f-0xaeff]
[    0.957009] pci_root PNP0A03:00: host bridge window [io  0xaf20-0xafdf]
[    0.957829] pci_root PNP0A03:00: host bridge window [io  0xafe4-0xffff]
[    0.958679] pci_root PNP0A03:00: host bridge window [mem 0x000a0000-0x000bffff]
[    0.960111] pci_root PNP0A03:00: host bridge window [mem 0x04000000-0xfebfffff]
[    0.982923] pci 0000:00:01.3: quirk: [io  0xb000-0xb03f] claimed by PIIX4 ACPI
[    0.984286] pci 0000:00:01.3: quirk: [io  0xb100-0xb10f] claimed by PIIX4 SMB
[    1.056250]  pci0000:00: Unable to request _OSC control (_OSC support mask: 0x1e)
[    1.133959] ACPI: PCI Interrupt Link [LNKA] (IRQs 5 *10 11)
[    1.137191] ACPI: PCI Interrupt Link [LNKB] (IRQs 5 *10 11)
[    1.140424] ACPI: PCI Interrupt Link [LNKC] (IRQs 5 10 *11)
[    1.142231] ACPI: PCI Interrupt Link [LNKD] (IRQs 5 10 *11)
[    1.144397] ACPI: PCI Interrupt Link [LNKS] (IRQs *9)
[    1.151174] vgaarb: device added: PCI:0000:00:02.0,decodes=io+mem,owns=io+mem,locks=none
[    1.152211] vgaarb: loaded
[    1.152654] vgaarb: bridge control possible 0000:00:02.0
[    1.157729] i2c-core: driver [aat2870] using legacy suspend method
[    1.158426] i2c-core: driver [aat2870] using legacy resume method
[    1.161531] SCSI subsystem initialized
[    1.165726] usbcore: registered new interface driver usbfs
[    1.166863] usbcore: registered new interface driver hub
[    1.168795] usbcore: registered new device driver usb
[    1.172910] PCI: Using ACPI for IRQ routing
[    1.184119] NetLabel: Initializing
[    1.184660] NetLabel:  domain hash size = 128
[    1.185158] NetLabel:  protocols = UNLABELED CIPSOv4
[    1.187650] NetLabel:  unlabeled traffic allowed by default
[    1.189504] HPET: 3 timers in total, 0 timers will be used for per-cpu timer
[    1.192306] hpet0: at MMIO 0xfed00000, IRQs 2, 8, 0
[    1.193285] hpet0: 3 comparators, 64-bit 100.000000 MHz counter
[    1.204853] Switching to clocksource hpet
[    1.463552] AppArmor: AppArmor Filesystem Enabled
[    1.466055] pnp: PnP ACPI init
[    1.467222] ACPI: bus type pnp registered
[    1.489527] pnp: PnP ACPI: found 9 devices
[    1.490095] ACPI: ACPI bus type pnp unregistered
[    1.549844] NET: Registered protocol family 2
[    1.586798] IP route cache hash table entries: 512 (order: 0, 4096 bytes)
[    1.595367] TCP established hash table entries: 2048 (order: 3, 32768 bytes)
[    1.597654] TCP bind hash table entries: 2048 (order: 3, 32768 bytes)
[    1.598623] TCP: Hash tables configured (established 2048 bind 2048)
[    1.599377] TCP reno registered
[    1.600059] UDP hash table entries: 128 (order: 0, 4096 bytes)
[    1.601785] UDP-Lite hash table entries: 128 (order: 0, 4096 bytes)
[    1.605240] NET: Registered protocol family 1
[    1.606125] pci 0000:00:00.0: Limiting direct PCI/PCI transfers
[    1.606901] pci 0000:00:01.0: PIIX3: Enabling Passive Release
[    1.607566] pci 0000:00:01.0: Activating ISA DMA hang workarounds
[    1.613703] ACPI: PCI Interrupt Link [LNKD] enabled at IRQ 11
[    1.615095] pci 0000:00:01.2: PCI INT D -&gt; Link[LNKD] -&gt; GSI 11 (level, high) -&gt; IRQ 11
[    1.618328] pci 0000:00:01.2: PCI INT D disabled
[    1.641825] Trying to unpack rootfs image as initramfs...
[    1.665375] audit: initializing netlink socket (disabled)
[    1.666818] type=2000 audit(1455717981.664:1): initialized
[    2.006722] HugeTLB registered 2 MB page size, pre-allocated 0 pages
[    2.083838] VFS: Disk quotas dquot_6.5.2
[    2.086304] Dquot-cache hash table entries: 512 (order 0, 4096 bytes)
[    2.107564] fuse init (API version 7.17)
[    2.117759] msgmni has been set to 84
[    2.159457] Block layer SCSI generic (bsg) driver version 0.4 loaded (major 253)
[    2.169702] io scheduler noop registered
[    2.170474] io scheduler deadline registered (default)
[    2.171862] io scheduler cfq registered
[    2.176202] pci_hotplug: PCI Hot Plug PCI Core version: 0.5
[    2.179327] pciehp: PCI Express Hot Plug Controller Driver version: 0.4
[    2.186449] input: Power Button as /devices/LNXSYSTM:00/LNXPWRBN:00/input/input0
[    2.188987] ACPI: Power Button [PWRF]
[    2.254561] ERST: Table is not found!
[    2.255157] GHES: HEST is not enabled!
[    2.271754] ACPI: PCI Interrupt Link [LNKC] enabled at IRQ 10
[    2.272959] virtio-pci 0000:00:03.0: PCI INT A -&gt; Link[LNKC] -&gt; GSI 10 (level, high) -&gt; IRQ 10
[    2.277059] virtio-pci 0000:00:04.0: PCI INT A -&gt; Link[LNKD] -&gt; GSI 11 (level, high) -&gt; IRQ 11
[    2.291231] ACPI: PCI Interrupt Link [LNKA] enabled at IRQ 10
[    2.292005] virtio-pci 0000:00:05.0: PCI INT A -&gt; Link[LNKA] -&gt; GSI 10 (level, high) -&gt; IRQ 10
[    2.301643] Serial: 8250/16550 driver, 32 ports, IRQ sharing enabled
[    2.343018] serial8250: ttyS0 at I/O 0x3f8 (irq = 4) is a 16550A
[    2.427653] serial8250: ttyS1 at I/O 0x2f8 (irq = 3) is a 16550A
[    2.558240] 00:05: ttyS0 at I/O 0x3f8 (irq = 4) is a 16550A
[    2.647679] 00:06: ttyS1 at I/O 0x2f8 (irq = 3) is a 16550A
[    2.649892] Refined TSC clocksource calibration: 2292.518 MHz.
[    2.650611] Switching to clocksource tsc
[    2.696677] Linux agpgart interface v0.103
[    2.759104] brd: module loaded
[    2.785670] loop: module loaded
[    2.837315]  vda: unknown partition table
[    2.889726] scsi0 : ata_piix
[    2.897432] scsi1 : ata_piix
[    2.898748] ata1: PATA max MWDMA2 cmd 0x1f0 ctl 0x3f6 bmdma 0xc0a0 irq 14
[    2.899852] ata2: PATA max MWDMA2 cmd 0x170 ctl 0x376 bmdma 0xc0a8 irq 15
[    2.910393] Fixed MDIO Bus: probed
[    2.911178] tun: Universal TUN/TAP device driver, 1.6
[    2.911868] tun: (C) 1999-2004 Max Krasnyansky &lt;maxk@qualcomm.com&gt;
[    2.925891] PPP generic driver version 2.4.2
[    2.948150] ehci_hcd: USB 2.0 'Enhanced' Host Controller (EHCI) Driver
[    2.950071] ohci_hcd: USB 1.1 'Open' Host Controller (OHCI) Driver
[    2.951017] uhci_hcd: USB Universal Host Controller Interface driver
[    2.952194] uhci_hcd 0000:00:01.2: PCI INT D -&gt; Link[LNKD] -&gt; GSI 11 (level, high) -&gt; IRQ 11
[    2.958712] uhci_hcd 0000:00:01.2: UHCI Host Controller
[    2.977544] uhci_hcd 0000:00:01.2: new USB bus registered, assigned bus number 1
[    2.979295] uhci_hcd 0000:00:01.2: irq 11, io base 0x0000c040
[    3.022345] hub 1-0:1.0: USB hub found
[    3.024026] hub 1-0:1.0: 2 ports detected
[    3.030566] usbcore: registered new interface driver libusual
[    3.034163] i8042: PNP: PS/2 Controller [PNP0303:KBD,PNP0f13:MOU] at 0x60,0x64 irq 1,12
[    3.042123] serio: i8042 KBD port at 0x60,0x64 irq 1
[    3.043762] serio: i8042 AUX port at 0x60,0x64 irq 12
[    3.109717] mousedev: PS/2 mouse device common for all mice
[    3.115189] ata2.01: ATAPI: QEMU DVD-ROM, 2.0.0, max UDMA/100
[    3.128670] input: AT Translated Set 2 keyboard as /devices/platform/i8042/serio0/input/input1
[    3.132992] rtc_cmos 00:01: RTC can wake from S4
[    3.147825] rtc_cmos 00:01: rtc core: registered rtc_cmos as rtc0
[    3.152037] rtc0: alarms up to one day, 114 bytes nvram, hpet irqs
[    3.156742] device-mapper: uevent: version 1.0.3
[    3.191010] ata2.01: configured for MWDMA2
[    3.250642] device-mapper: ioctl: 4.22.0-ioctl (2011-10-19) initialised: dm-devel@redhat.com
[    3.255525] cpuidle: using governor ladder
[    3.258916] cpuidle: using governor menu
[    3.260810] EFI Variables Facility v0.08 2004-May-17
[    3.268798] TCP cubic registered
[    3.272636] NET: Registered protocol family 10
[    3.297331] NET: Registered protocol family 17
[    3.299528] Registering the dns_resolver key type
[    3.330994] scsi 1:0:1:0: CD-ROM            QEMU     QEMU DVD-ROM     2.0. PQ: 0 ANSI: 5
[    3.353917] sr0: scsi3-mmc drive: 4x/4x cd/rw xa/form2 tray
[    3.355914] cdrom: Uniform CD-ROM driver Revision: 3.20
[    3.371060] sr 1:0:1:0: Attached scsi generic sg0 type 5
[    3.405541] registered taskstats version 1
[    3.443981] Freeing initrd memory: 3656k freed
[    3.976127]   Magic number: 4:800:131
[    3.982723] acpi device:06: hash matches
[    3.987321] rtc_cmos 00:01: setting system clock to 2016-02-17 14:06:24 UTC (1455717984)
[    3.989748] powernow-k8: Processor cpuid 663 not supported
[    3.997951] BIOS EDD facility v0.16 2004-Jun-25, 0 devices found
[    3.999416] EDD information not available.
[    4.071852] Freeing unused kernel memory: 928k freed
[    4.080677] Write protecting the kernel read-only data: 12288k
[    4.176737] Freeing unused kernel memory: 1596k freed
[    4.235242] Freeing unused kernel memory: 1184k freed

info: initramfs: up at 4.42
modprobe: module virtio_blk not found in modules.dep
modprobe: module virtio_net not found in modules.dep
info: copying initramfs to /dev/vda
info: initramfs loading root from /dev/vda
info: /etc/init.d/rc.sysinit: up at 9.21
info: container: none
Starting logging: OK
modprobe: module virtio_blk not found in modules.dep
modprobe: module virtio_net not found in modules.dep
WARN: /etc/rc3.d/S10-load-modules failed
Initializing random number generator... done.
Starting acpid: OK
cirros-ds 'local' up at 11.81
found datasource (configdrive, local)
Starting network...
udhcpc (v1.20.1) started
Sending discover...
Sending discover...

2016-02-17 14:08:24,213 27613 INFO     [tempest_lib.common.rest_client] Request (TestNetworkAdvancedServerOps:_run_cleanups): 204 DELETE http://10.4.1.3:9696/v2.0/floatingips/39449955-de5d-4aec-aaf6-eff9a9a3bbcc 0.462s
2016-02-17 14:08:24,214 27613 DEBUG    [tempest_lib.common.rest_client] Request - Headers: {'Content-Type': 'application/json', 'Accept': 'application/json', 'X-Auth-Token': '&lt;omitted&gt;'}
        Body: None
    Response - Headers: {'date': 'Wed, 17 Feb 2016 14:08:24 GMT', 'status': '204', 'connection': 'close', 'content-length': '0', 'x-openstack-request-id': 'req-367bdcf1-db28-47a7-822d-b7734d64bc39'}
        Body: 
2016-02-17 14:08:24,675 27613 INFO     [tempest_lib.common.rest_client] Request (TestNetworkAdvancedServerOps:_run_cleanups): 204 DELETE http://10.4.1.3:8774/v2.1/dcc7c70dd196402598d068c26890c5dd/servers/6961e938-0841-46c6-ac2d-f3578860e720 0.460s
2016-02-17 14:08:24,675 27613 DEBUG    [tempest_lib.common.rest_client] Request - Headers: {'Content-Type': 'application/json', 'Accept': 'application/json', 'X-Auth-Token': '&lt;omitted&gt;'}
        Body: None
    Response - Headers: {'status': '204', 'content-length': '0', 'x-compute-request-id': 'req-1aa4c866-c8d1-402b-8cd7-2edf958eaf5e', 'vary': 'X-OpenStack-Nova-API-Version', 'connection': 'close', 'x-openstack-nova-api-version': '2.1', 'date': 'Wed, 17 Feb 2016 14:08:24 GMT', 'content-type': 'application/json'}
        Body: 
2016-02-17 14:08:25,353 27613 INFO     [tempest_lib.common.rest_client] Request (TestNetworkAdvancedServerOps:_run_cleanups): 200 GET http://10.4.1.3:8774/v2.1/dcc7c70dd196402598d068c26890c5dd/servers/6961e938-0841-46c6-ac2d-f3578860e720 0.678s
2016-02-17 14:08:25,354 27613 DEBUG    [tempest_lib.common.rest_client] Request - Headers: {'Content-Type': 'application/json', 'Accept': 'application/json', 'X-Auth-Token': '&lt;omitted&gt;'}
        Body: None
    Response - Headers: {'status': '200', 'content-length': '1769', 'content-location': 'http://10.4.1.3:8774/v2.1/dcc7c70dd196402598d068c26890c5dd/servers/6961e938-0841-46c6-ac2d-f3578860e720', 'x-compute-request-id': 'req-11bf4725-29e2-4ca4-8cb0-0dbb4ea9de0b', 'vary': 'X-OpenStack-Nova-API-Version', 'connection': 'close', 'x-openstack-nova-api-version': '2.1', 'date': 'Wed, 17 Feb 2016 14:08:25 GMT', 'content-type': 'application/json'}
        Body: {"server": {"status": "ACTIVE", "updated": "2016-02-17T14:08:24Z", "hostId": "5c285f471aa58546853bd27d8391286c1b9caf183858aa31f7ebd540", "addresses": {"tempest-network-smoke--2059657164": [{"OS-EXT-IPS-MAC:mac_addr": "fa:16:3e:0e:63:73", "version": 4, "addr": "10.100.0.3", "OS-EXT-IPS:type": "fixed"}, {"OS-EXT-IPS-MAC:mac_addr": "fa:16:3e:0e:63:73", "version": 4, "addr": "172.24.4.4", "OS-EXT-IPS:type": "floating"}]}, "links": [{"href": "http://10.4.1.3:8774/v2.1/dcc7c70dd196402598d068c26890c5dd/servers/6961e938-0841-46c6-ac2d-f3578860e720", "rel": "self"}, {"href": "http://10.4.1.3:8774/dcc7c70dd196402598d068c26890c5dd/servers/6961e938-0841-46c6-ac2d-f3578860e720", "rel": "bookmark"}], "key_name": "tempest-TestNetworkAdvancedServerOps-683368518", "image": {"id": "6e205511-4f31-49ad-af74-845f28297dcb", "links": [{"href": "http://10.4.1.3:8774/dcc7c70dd196402598d068c26890c5dd/images/6e205511-4f31-49ad-af74-845f28297dcb", "rel": "bookmark"}]}, "OS-EXT-STS:task_state": "deleting", "OS-EXT-STS:vm_state": "active", "OS-SRV-USG:launched_at": "2016-02-17T14:06:17.000000", "flavor": {"id": "42", "links": [{"href": "http://10.4.1.3:8774/dcc7c70dd196402598d068c26890c5dd/flavors/42", "rel": "bookmark"}]}, "id": "6961e938-0841-46c6-ac2d-f3578860e720", "security_groups": [{"name": "tempest-secgroup-smoke-1815095056"}], "OS-SRV-USG:terminated_at": null, "OS-EXT-AZ:availability_zone": "nova", "user_id": "9b4aa3303e7e4ae7993936ac21783d3c", "name": "tempest-server-smoke-948702600", "created": "2016-02-17T14:06:11Z", "tenant_id": "dcc7c70dd196402598d068c26890c5dd", "OS-DCF:diskConfig": "MANUAL", "os-extended-volumes:volumes_attached": [], "accessIPv4": "", "accessIPv6": "", "progress": 0, "OS-EXT-STS:power_state": 1, "config_drive": "True", "metadata": {}}}
2016-02-17 14:08:26,617 27613 INFO     [tempest_lib.common.rest_client] Request (TestNetworkAdvancedServerOps:_run_cleanups): 404 GET http://10.4.1.3:8774/v2.1/dcc7c70dd196402598d068c26890c5dd/servers/6961e938-0841-46c6-ac2d-f3578860e720 0.252s
2016-02-17 14:08:26,617 27613 DEBUG    [tempest_lib.common.rest_client] Request - Headers: {'Content-Type': 'application/json', 'Accept': 'application/json', 'X-Auth-Token': '&lt;omitted&gt;'}
        Body: None
    Response - Headers: {'status': '404', 'content-length': '111', 'x-compute-request-id': 'req-386a6938-89b4-4fad-90b7-268de145ff5c', 'vary': 'X-OpenStack-Nova-API-Version', 'connection': 'close', 'x-openstack-nova-api-version': '2.1', 'date': 'Wed, 17 Feb 2016 14:08:26 GMT', 'content-type': 'application/json; charset=UTF-8'}
        Body: {"itemNotFound": {"message": "Instance 6961e938-0841-46c6-ac2d-f3578860e720 could not be found.", "code": 404}}
2016-02-17 14:08:27,228 27613 INFO     [tempest_lib.common.rest_client] Request (TestNetworkAdvancedServerOps:_run_cleanups): 500 PUT http://10.4.1.3:9696/v2.0/routers/00942268-7d60-4bdc-9ec8-13be1ba1c74e/remove_router_interface 0.610s
2016-02-17 14:08:27,229 27613 DEBUG    [tempest_lib.common.rest_client] Request - Headers: {'Content-Type': 'application/json', 'Accept': 'application/json', 'X-Auth-Token': '&lt;omitted&gt;'}
        Body: {"subnet_id": "b9ce43f3-904a-4993-ad74-a29b47ee731f"}
    Response - Headers: {'status': '500', 'content-length': '150', 'connection': 'close', 'date': 'Wed, 17 Feb 2016 14:08:27 GMT', 'content-type': 'application/json; charset=UTF-8', 'x-openstack-request-id': 'req-5c97a972-5052-4d8c-b3ea-db1c6e058163'}
        Body: {"NeutronError": {"message": "Request Failed: internal server error while processing your request.", "type": "HTTPInternalServerError", "detail": ""}}
2016-02-17 14:08:27,458 27613 INFO     [tempest_lib.common.rest_client] Request (TestNetworkAdvancedServerOps:_run_cleanups): 200 GET http://10.4.1.3:9696/v2.0/routers/00942268-7d60-4bdc-9ec8-13be1ba1c74e 0.225s
2016-02-17 14:08:27,459 27613 DEBUG    [tempest_lib.common.rest_client] Request - Headers: {'Content-Type': 'application/json', 'Accept': 'application/json', 'X-Auth-Token': '&lt;omitted&gt;'}
        Body: None
    Response - Headers: {'status': '200', 'content-length': '501', 'content-location': 'http://10.4.1.3:9696/v2.0/routers/00942268-7d60-4bdc-9ec8-13be1ba1c74e', 'connection': 'close', 'date': 'Wed, 17 Feb 2016 14:08:27 GMT', 'content-type': 'application/json; charset=UTF-8', 'x-openstack-request-id': 'req-610368b9-812b-4fc4-a528-71d42d13b9e5'}
        Body: {"router": {"status": "ACTIVE", "external_gateway_info": {"network_id": "ee9e3695-463e-4923-9673-eab87542e5ee", "enable_snat": true, "external_fixed_ips": [{"subnet_id": "d81ac486-4760-4f23-8bef-89e01da3adce", "ip_address": "172.24.4.3"}, {"subnet_id": "df32e2ec-319d-4754-af82-b8957bbe4361", "ip_address": "2001:db8::3"}]}, "name": "tempest-router-smoke-1569942841", "admin_state_up": true, "tenant_id": "dcc7c70dd196402598d068c26890c5dd", "routes": [], "id": "00942268-7d60-4bdc-9ec8-13be1ba1c74e"}}
2016-02-17 14:08:27,993 27613 INFO     [tempest_lib.common.rest_client] Request (TestNetworkAdvancedServerOps:_run_cleanups): 200 PUT http://10.4.1.3:9696/v2.0/routers/00942268-7d60-4bdc-9ec8-13be1ba1c74e 0.532s
2016-02-17 14:08:27,993 27613 DEBUG    [tempest_lib.common.rest_client] Request - Headers: {'Content-Type': 'application/json', 'Accept': 'application/json', 'X-Auth-Token': '&lt;omitted&gt;'}
        Body: {"router": {"external_gateway_info": {}, "name": "tempest-router-smoke-1569942841", "admin_state_up": true}}
    Response - Headers: {'status': '200', 'content-length': '239', 'connection': 'close', 'date': 'Wed, 17 Feb 2016 14:08:27 GMT', 'content-type': 'application/json; charset=UTF-8', 'x-openstack-request-id': 'req-8c498777-e761-4460-8a86-67bfb80e6bc5'}
        Body: {"router": {"status": "ACTIVE", "external_gateway_info": null, "name": "tempest-router-smoke-1569942841", "admin_state_up": true, "tenant_id": "dcc7c70dd196402598d068c26890c5dd", "routes": [], "id": "00942268-7d60-4bdc-9ec8-13be1ba1c74e"}}
2016-02-17 14:08:28,452 27613 INFO     [tempest_lib.common.rest_client] Request (TestNetworkAdvancedServerOps:_run_cleanups): 500 DELETE http://10.4.1.3:9696/v2.0/routers/00942268-7d60-4bdc-9ec8-13be1ba1c74e 0.457s
2016-02-17 14:08:28,452 27613 DEBUG    [tempest_lib.common.rest_client] Request - Headers: {'Content-Type': 'application/json', 'Accept': 'application/json', 'X-Auth-Token': '&lt;omitted&gt;'}
        Body: None
    Response - Headers: {'status': '500', 'content-length': '150', 'connection': 'close', 'date': 'Wed, 17 Feb 2016 14:08:28 GMT', 'content-type': 'application/json; charset=UTF-8', 'x-openstack-request-id': 'req-7a61bb42-fe10-4b16-9c01-c2f64aaf9fb6'}
        Body: {"NeutronError": {"message": "Request Failed: internal server error while processing your request.", "type": "HTTPInternalServerError", "detail": ""}}
2016-02-17 14:08:29,197 27613 INFO     [tempest_lib.common.rest_client] Request (TestNetworkAdvancedServerOps:_run_cleanups): 204 DELETE http://10.4.1.3:9696/v2.0/networks/90d522e6-b77a-493f-8114-26ebf307f80b 0.743s
2016-02-17 14:08:29,197 27613 DEBUG    [tempest_lib.common.rest_client] Request - Headers: {'Content-Type': 'application/json', 'Accept': 'application/json', 'X-Auth-Token': '&lt;omitted&gt;'}
        Body: None
    Response - Headers: {'date': 'Wed, 17 Feb 2016 14:08:29 GMT', 'status': '204', 'connection': 'close', 'content-length': '0', 'x-openstack-request-id': 'req-8f825b32-78e6-422c-9b68-85f8072bbdc7'}
        Body: 
2016-02-17 14:08:29,511 27613 INFO     [tempest_lib.common.rest_client] Request (TestNetworkAdvancedServerOps:_run_cleanups): 204 DELETE http://10.4.1.3:9696/v2.0/security-groups/773b5862-658c-439e-8bde-e3d7e280fb32 0.313s
2016-02-17 14:08:29,512 27613 DEBUG    [tempest_lib.common.rest_client] Request - Headers: {'Content-Type': 'application/json', 'Accept': 'application/json', 'X-Auth-Token': '&lt;omitted&gt;'}
        Body: None
    Response - Headers: {'date': 'Wed, 17 Feb 2016 14:08:29 GMT', 'status': '204', 'connection': 'close', 'content-length': '0', 'x-openstack-request-id': 'req-b2627c44-cd05-4304-9ab4-5bd1346a1336'}
        Body: 
2016-02-17 14:08:29,736 27613 INFO     [tempest_lib.common.rest_client] Request (TestNetworkAdvancedServerOps:_run_cleanups): 202 DELETE http://10.4.1.3:8774/v2.1/dcc7c70dd196402598d068c26890c5dd/os-keypairs/tempest-TestNetworkAdvancedServerOps-683368518 0.223s
2016-02-17 14:08:29,737 27613 DEBUG    [tempest_lib.common.rest_client] Request - Headers: {'Content-Type': 'application/json', 'Accept': 'application/json', 'X-Auth-Token': '&lt;omitted&gt;'}
        Body: None
    Response - Headers: {'status': '202', 'content-length': '0', 'x-compute-request-id': 'req-10e3a19f-bcac-485b-89bf-56540b1fe1e3', 'vary': 'X-OpenStack-Nova-API-Version', 'connection': 'close', 'x-openstack-nova-api-version': '2.1', 'date': 'Wed, 17 Feb 2016 14:08:29 GMT', 'content-type': 'application/json'}
        Body: 
2016-02-17 14:08:30,035 27613 INFO     [tempest_lib.common.rest_client] Request (TestNetworkAdvancedServerOps:_run_cleanups): 404 GET http://10.4.1.3:8774/v2.1/dcc7c70dd196402598d068c26890c5dd/servers/6961e938-0841-46c6-ac2d-f3578860e720 0.297s
2016-02-17 14:08:30,036 27613 DEBUG    [tempest_lib.common.rest_client] Request - Headers: {'Content-Type': 'application/json', 'Accept': 'application/json', 'X-Auth-Token': '&lt;omitted&gt;'}
        Body: None
    Response - Headers: {'status': '404', 'content-length': '111', 'x-compute-request-id': 'req-dc46a6fc-b921-4ced-ac01-2281ef81e518', 'vary': 'X-OpenStack-Nova-API-Version', 'connection': 'close', 'x-openstack-nova-api-version': '2.1', 'date': 'Wed, 17 Feb 2016 14:08:30 GMT', 'content-type': 'application/json; charset=UTF-8'}
        Body: {"itemNotFound": {"message": "Instance 6961e938-0841-46c6-ac2d-f3578860e720 could not be found.", "code": 404}}
}}}

traceback-1: {{{
Traceback (most recent call last):
  File "tempest/scenario/manager.py", line 108, in delete_wrapper
    delete_thing(*args, **kwargs)
  File "tempest/services/network/resources.py", line 98, in delete
    subnet_id=self.id)
  File "tempest/services/network/json/network_client.py", line 199, in remove_router_interface
    return self.update_resource(uri, kwargs)
  File "tempest/services/network/json/base.py", line 68, in update_resource
    resp, body = self.put(req_uri, req_post_data)
  File "/usr/local/lib/python2.7/dist-packages/tempest_lib/common/rest_client.py", line 322, in put
    return self.request('PUT', url, extra_headers, headers, body)
  File "/usr/local/lib/python2.7/dist-packages/tempest_lib/common/rest_client.py", line 642, in request
    resp, resp_body)
  File "/usr/local/lib/python2.7/dist-packages/tempest_lib/common/rest_client.py", line 761, in _error_checker
    message=message)
tempest_lib.exceptions.ServerFault: Got server fault
Details: Request Failed: internal server error while processing your request.
}}}

traceback-2: {{{
Traceback (most recent call last):
  File "tempest/scenario/manager.py", line 108, in delete_wrapper
    delete_thing(*args, **kwargs)
  File "tempest/services/network/resources.py", line 119, in delete
    self.client.delete_router(self.id)
  File "tempest/services/network/json/network_client.py", line 169, in delete_router
    return self.delete_resource(uri)
  File "tempest/services/network/json/base.py", line 41, in delete_resource
    resp, body = self.delete(req_uri)
  File "/usr/local/lib/python2.7/dist-packages/tempest_lib/common/rest_client.py", line 290, in delete
    return self.request('DELETE', url, extra_headers, headers, body)
  File "/usr/local/lib/python2.7/dist-packages/tempest_lib/common/rest_client.py", line 642, in request
    resp, resp_body)
  File "/usr/local/lib/python2.7/dist-packages/tempest_lib/common/rest_client.py", line 761, in _error_checker
    message=message)
tempest_lib.exceptions.ServerFault: Got server fault
Details: Request Failed: internal server error while processing your request.
}}}

Traceback (most recent call last):
  File "tempest/test.py", line 113, in wrapper
    return f(self, *func_args, **func_kwargs)
  File "tempest/scenario/test_network_advanced_server_ops.py", line 132, in test_server_connectivity_pause_unpause
    server, keypair, floating_ip = self._setup_network_and_servers()
  File "tempest/scenario/test_network_advanced_server_ops.py", line 69, in _setup_network_and_servers
    server, keypair, floating_ip)
  File "tempest/scenario/test_network_advanced_server_ops.py", line 93, in _wait_server_status_and_check_network_connectivity
    self._check_network_connectivity(server, keypair, floating_ip)
  File "tempest/scenario/test_network_advanced_server_ops.py", line 86, in _check_network_connectivity
    servers=[server])
  File "tempest/scenario/manager.py", line 598, in check_public_network_connectivity
    should_connect=should_connect)
  File "tempest/scenario/manager.py", line 582, in check_vm_connectivity
    msg=msg)
  File "/usr/local/lib/python2.7/dist-packages/unittest2/case.py", line 702, in assertTrue
    raise self.failureException(msg)
AssertionError: False is not true : Timed out waiting for 172.24.4.4 to become reachable



        </pre>
    </div>
    <!--css div popup end-->

    </td>
</tr>

<tr id='ft1.2' class='none'>
    <td class='failCase'><div class='testcase'>test_server_connectivity_reboot[compute,id-7b6860c2-afa3-4846-9522-adeb38dfbe08,network]</div></td>
    <td colspan='7' align='left'>

    <!--css div popup start-->
    <a class="popup_link" onfocus='this.blur();'
    href="javascript:showTestDetail('div_ft1.2')" >
        fail</a>

    <div id='div_ft1.2' class="popup_window">
        <div style='text-align: right; color:red;cursor:pointer'>
        <a onfocus='this.blur();'
onclick="document.getElementById('div_ft1.2').style.display = 'none' " >
           [x]</a>
        </div>
        <pre>
        
ft1.2: tempest.scenario.test_network_advanced_server_ops.TestNetworkAdvancedServerOps.test_server_connectivity_reboot[compute,id-7b6860c2-afa3-4846-9522-adeb38dfbe08,network]_StringException: Empty attachments:
  stderr
  stdout

pythonlogging:'': {{{
2016-02-17 14:08:30,524 27613 INFO     [tempest_lib.common.rest_client] Request (TestNetworkAdvancedServerOps:test_server_connectivity_reboot): 200 POST http://10.4.1.3:8774/v2.1/dcc7c70dd196402598d068c26890c5dd/os-keypairs 0.460s
2016-02-17 14:08:30,525 27613 DEBUG    [tempest_lib.common.rest_client] Request - Headers: {'Content-Type': 'application/json', 'Accept': 'application/json', 'X-Auth-Token': '&lt;omitted&gt;'}
        Body: {"keypair": {"name": "tempest-TestNetworkAdvancedServerOps-637369184"}}
    Response - Headers: {'status': '200', 'content-length': '2329', 'x-compute-request-id': 'req-fc51476f-968c-4b99-bf6d-a84a54f4a335', 'vary': 'X-OpenStack-Nova-API-Version', 'connection': 'close', 'x-openstack-nova-api-version': '2.1', 'date': 'Wed, 17 Feb 2016 14:08:30 GMT', 'content-type': 'application/json'}
        Body: {"keypair": {"public_key": "ssh-rsa AAAAB3NzaC1yc2EAAAADAQABAAABAQCmDPNAOmdUhD8F9jydr0l/3noD6asrkMb93oH+/G122aKbOSrhvXY6xvAhEqlr5xWuTlTIjiZgb8AfUNcVoaChyGc+yVzkFggN0eIA2cLNo2Qa98iMsL1PUokuM//H6wqDwfPEhuWHDInvJUJwQ/SEMOrvi0Q8Nvwl4K8UfSDgSSGj4OoxW6Z8nf+J2vt70JmOMkaCUInAV5O/UHDRU8TcjY7HgmAaoiIoR5QYggozhlBLf2h3JKR9OF2XbEfvratJ+pSuSirM0nIinmid+Q94e9qo/Wh6ZSvLR+SibGHhI1e/oscDlBZOIwawZHI026V40a3wjDhU6kCqjY4PRqiF Generated-by-Nova", "private_key": "-----BEGIN RSA PRIVATE KEY-----\nMIIEqAIBAAKCAQEApgzzQDpnVIQ/BfY8na9Jf956A+mrK5DG/d6B/vxtdtmimzkq\n4b12OsbwIRKpa+cVrk5UyI4mYG/AH1DXFaGgochnPslc5BYIDdHiANnCzaNkGvfI\njLC9T1KJLjP/x+sKg8HzxIblhwyJ7yVCcEP0hDDq74tEPDb8JeCvFH0g4Ekho+Dq\nMVumfJ3/idr7e9CZjjJGglCJwFeTv1Bw0VPE3I2Ox4JgGqIiKEeUGIIKM4ZQS39o\ndySkfThdl2xH762rSfqUrkoqzNJyIp5onfkPeHvaqP1oemUry0fkomxh4SNXv6LH\nA5QWTiMGsGRyNNuleNGt8Iw4VOpAqo2OD0aohQIDAQABAoIBABQzfSByOoHwuM4b\n39H7MkDpKwTw148sRNk7yargwNx1q6+gq9PcvdZ2v132rD/hVCTpiK0Bhi+zSLdG\nmXQbPrSP8eeUjcV93Kr5vroFxApKd3JEdNSQ5+cPjnrdfp+uu4+9988P7jqYzusW\nKFgKHGQ8o0hTNBDzS4e8JvCiLG68pIb0QbSXqxGYkcfVtyfZB8iEjn/CHlDVn0K3\njkT4jrt9nDzLz5Ulk3XS1R48sEIYMqqnrBdjF7SpfUnv9jlIJw/Tf5XLrQJPBjB5\n6BKZb6c9TOr3hJ2EDQZvCj6qtqxgJ/yPFDfAMdtthZJdLTVbBMNPZSS2t6/nyD6b\nedtXQEECggCBALwH+58tk/8jEY2QTOw1dtUBBgg78ri0mlhhdY/BZAi6l++cIuHt\n42sMUb3DzZXQR7lVOczWwi7dZ0lKP0LHK4FJhvZXkg4cY030UK5oOJYC3dwqgw3a\nWdgbwmE8hfcUHCly52a28DNe8TMjb8VPj6ecgW7v7iBN6KKI7QaL+kc1AoIAgQDi\nEu2m8iPxrBQnujBuliJL3uCxFZL0HBWXUGhRIrm0vwXH7xqj74JdOZ545K9dmQLo\nbPc1GkMWLIqaX08dMxeV2r0JgczcP4pBxMreQF0G185YIcyY0WfQUJMzpnio7X69\npAAYYdGGaQBpXzWcumSM/TgusBgf+GHHBmBD/q/2EQKCAIAI3Y99l9aMhwjC1fTq\nhjLOJDg2ly0AjHNii2XRm1quFq4nPANhB6hbWb9Y5SyCTcmz8VLCV7XcI9BE4l1N\nNrrUY7UbVFGsnKYJ/OT49C0G1afEQ7TeKFdoGxb1IrdmSOpzAdnrO+DjayyQLrGM\nag3p5zUrF+DwYPwA/de/IUZxqQKCAIA8pK8zVUjnDy3o6j0LrSJOD99eIVdmPBJe\noKca/KGsJoG6fB09VIY307j63P1dsinhhzlY+U59qD0V4/Mo9gehnyeOYU8+1ZyU\nv+FbdRB/QWyMn6Ruad3bN4IFHObJCcwxush7weGemJQPsAaFoEpQt6xWec4+5TX1\nWXSBSNSSwQKCAIEAkO4w5QbBfug767avOw78NEykgCZLCmUFZ73zaS7VbhnYBIvb\n8XxQM+QB1L59mM21TAeE4WLFixkW9yh7omqkvTLAx/N90RCGz/pBRBOfDS5hRAxh\n2dme0QQkOCLknrEHxL8eS+gEiBKOXUmQG7Nwmypy+n/J2Lp5tNyP/DJ0E4k=\n-----END RSA PRIVATE KEY-----\n", "user_id": "9b4aa3303e7e4ae7993936ac21783d3c", "name": "tempest-TestNetworkAdvancedServerOps-637369184", "fingerprint": "09:81:e4:6a:ef:82:97:d3:20:92:1b:8e:2c:2f:74:71"}}
2016-02-17 14:08:30,851 27613 INFO     [tempest_lib.common.rest_client] Request (TestNetworkAdvancedServerOps:test_server_connectivity_reboot): 201 POST http://10.4.1.3:9696/v2.0/security-groups 0.322s
2016-02-17 14:08:30,851 27613 DEBUG    [tempest_lib.common.rest_client] Request - Headers: {'Content-Type': 'application/json', 'Accept': 'application/json', 'X-Auth-Token': '&lt;omitted&gt;'}
        Body: {"security_group": {"tenant_id": "dcc7c70dd196402598d068c26890c5dd", "description": "tempest-secgroup-smoke-1361486450 description", "name": "tempest-secgroup-smoke-1361486450"}}
    Response - Headers: {'status': '201', 'content-length': '888', 'connection': 'close', 'date': 'Wed, 17 Feb 2016 14:08:30 GMT', 'content-type': 'application/json; charset=UTF-8', 'x-openstack-request-id': 'req-72a64ce5-70a5-4b42-b0b1-004e0677b2d5'}
