<?xml version="1.0" encoding="UTF-8"?>
<!DOCTYPE html PUBLIC "-//W3C//DTD XHTML 1.0 Strict//EN"
     "http://www.w3.org/TR/xhtml1/DTD/xhtml1-strict.dtd">
<html xmlns="http://www.w3.org/1999/xhtml">
<head>
    <title>Unit Test Report</title>
    <meta name="generator" content="subunit2html 0.1"/>
    <meta http-equiv="Content-Type" content="text/html; charset=UTF-8"/>
    
<style type="text/css" media="screen">
body        { font-family: verdana, arial, helvetica, sans-serif;
    font-size: 80%; }
table       { font-size: 100%; width: 100%;}
pre         { font-size: 80%; }

/* -- heading -------------------------------------------------------------- */
h1 {
        font-size: 16pt;
        color: gray;
}
.heading {
    margin-top: 0ex;
    margin-bottom: 1ex;
}

.heading .attribute {
    margin-top: 1ex;
    margin-bottom: 0;
}

.heading .description {
    margin-top: 4ex;
    margin-bottom: 6ex;
}

/* -- css div popup -------------------------------------------------------- */
a.popup_link {
}

a.popup_link:hover {
    color: red;
}

.popup_window {
    display: none;
    overflow-x: scroll;
    /*border: solid #627173 1px; */
    padding: 10px;
    background-color: #E6E6D6;
    font-family: "Ubuntu Mono", "Lucida Console", "Courier New", monospace;
    text-align: left;
    font-size: 8pt;
}

}
/* -- report --------------------------------------------------------------- */
#show_detail_line {
    margin-top: 3ex;
    margin-bottom: 1ex;
}
#result_table {
    width: 100%;
    border-collapse: collapse;
    border: 1px solid #777;
}
#header_row {
    font-weight: bold;
    color: white;
    background-color: #777;
}
#result_table td {
    border: 1px solid #777;
    padding: 2px;
}
#total_row  { font-weight: bold; }
.passClass  { background-color: #6c6; }
.failClass  { background-color: #c60; }
.errorClass { background-color: #c00; }
.passCase   { color: #6c6; }
.failCase   { color: #c60; font-weight: bold; }
.errorCase  { color: #c00; font-weight: bold; }
.hiddenRow  { display: none; }
.testcase   { margin-left: 2em; }
td.testname {width: 40%}
td.small {width: 40px}

/* -- ending --------------------------------------------------------------- */
#ending {
}

</style>

</head>
<body>
<script language="javascript" type="text/javascript"><!--
output_list = Array();

/* level - 0:Summary; 1:Failed; 2:All */
function showCase(level) {
    trs = document.getElementsByTagName("tr");
    for (var i = 0; i < trs.length; i++) {
        tr = trs[i];
        id = tr.id;
        if (id.substr(0,2) == 'ft') {
            if (level < 1) {
                tr.className = 'hiddenRow';
            }
            else {
                tr.className = '';
            }
        }
        if (id.substr(0,2) == 'pt') {
            if (level > 1) {
                tr.className = '';
            }
            else {
                tr.className = 'hiddenRow';
            }
        }
    }
}


function showClassDetail(cid, count) {
    var id_list = Array(count);
    var toHide = 1;
    for (var i = 0; i < count; i++) {
        tid0 = 't' + cid.substr(1) + '.' + (i+1);
        tid = 'f' + tid0;
        tr = document.getElementById(tid);
        if (!tr) {
            tid = 'p' + tid0;
            tr = document.getElementById(tid);
        }
        id_list[i] = tid;
        if (tr.className) {
            toHide = 0;
        }
    }
    for (var i = 0; i < count; i++) {
        tid = id_list[i];
        if (toHide) {
            document.getElementById('div_'+tid).style.display = 'none'
            document.getElementById(tid).className = 'hiddenRow';
        }
        else {
            document.getElementById(tid).className = '';
        }
    }
}


function showTestDetail(div_id){
    var details_div = document.getElementById(div_id)
    var displayState = details_div.style.display
    // alert(displayState)
    if (displayState != 'block' ) {
        displayState = 'block'
        details_div.style.display = 'block'
    }
    else {
        details_div.style.display = 'none'
    }
}


function html_escape(s) {
    s = s.replace(/&/g,'&amp;');
    s = s.replace(/</g,'&lt;');
    s = s.replace(/>/g,'&gt;');
    return s;
}

/* obsoleted by detail in <div>
function showOutput(id, name) {
    var w = window.open("", //url
                    name,
                    "resizable,scrollbars,status,width=800,height=450");
    d = w.document;
    d.write("<pre>");
    d.write(html_escape(output_list[id]));
    d.write("\n");
    d.write("<a href='javascript:window.close()'>close</a>\n");
    d.write("</pre>\n");
    d.close();
}
*/
--></script>

<div class='heading'>
<h1>Unit Test Report</h1>

<p class='attribute'><strong>Status:</strong> Failure 6</p>

<p class='description'></p>
</div>



<p id='show_detail_line'>Show
<a href='javascript:showCase(0)'>Summary</a>
<a href='javascript:showCase(1)'>Failed</a>
<a href='javascript:showCase(2)'>All</a>
</p>
<table id='result_table'>
<colgroup>
<col align='left' />
<col align='right' />
<col align='right' />
<col align='right' />
<col align='right' />
<col align='right' />
<col align='right' />
<col align='right' />
</colgroup>
<tr id='header_row'>
    <td>Test Group/Test case</td>
    <td>Count</td>
    <td>Pass</td>
    <td>Fail</td>
    <td>Error</td>
    <td>Skip</td>
    <td>View</td>
    <td> </td>
</tr>

<tr class='failClass'>
    <td class="testname">tempest.scenario.test_network_advanced_server_ops.TestNetworkAdvancedServerOps</td>
    <td class="small">6</td>
    <td class="small">0</td>
    <td class="small">6</td>
    <td class="small">0</td>
    <td class="small">0</td>
    <td class="small"><a href="javascript:showClassDetail('c1',6)"
>Detail</a></td>
    <td> </td>
</tr>

<tr id='ft1.1' class='none'>
    <td class='failCase'><div class='testcase'>test_server_connectivity_pause_unpause[compute,id-2b2642db-6568-4b35-b812-eceed3fa20ce,network]</div></td>
    <td colspan='7' align='left'>

    <!--css div popup start-->
    <a class="popup_link" onfocus='this.blur();'
    href="javascript:showTestDetail('div_ft1.1')" >
        fail</a>

    <div id='div_ft1.1' class="popup_window">
        <div style='text-align: right; color:red;cursor:pointer'>
        <a onfocus='this.blur();'
onclick="document.getElementById('div_ft1.1').style.display = 'none' " >
           [x]</a>
        </div>
        <pre>
        
ft1.1: tempest.scenario.test_network_advanced_server_ops.TestNetworkAdvancedServerOps.test_server_connectivity_pause_unpause[compute,id-2b2642db-6568-4b35-b812-eceed3fa20ce,network]_StringException: Empty attachments:
  stderr
  stdout

pythonlogging:'': {{{
2016-02-16 04:15:37,477 19049 INFO     [tempest_lib.common.rest_client] Request (TestNetworkAdvancedServerOps:test_server_connectivity_pause_unpause): 200 POST http://10.4.1.3:8774/v2.1/2432c1170bc04252987ab250f57e4cb7/os-keypairs 0.375s
2016-02-16 04:15:37,478 19049 DEBUG    [tempest_lib.common.rest_client] Request - Headers: {'Content-Type': 'application/json', 'Accept': 'application/json', 'X-Auth-Token': '&lt;omitted&gt;'}
        Body: {"keypair": {"name": "tempest-TestNetworkAdvancedServerOps-1973397653"}}
    Response - Headers: {'status': '200', 'content-length': '2330', 'x-compute-request-id': 'req-872096dc-dd5d-44da-a394-17bd0d2e1e0b', 'vary': 'X-OpenStack-Nova-API-Version', 'connection': 'close', 'x-openstack-nova-api-version': '2.1', 'date': 'Tue, 16 Feb 2016 04:15:37 GMT', 'content-type': 'application/json'}
        Body: {"keypair": {"public_key": "ssh-rsa AAAAB3NzaC1yc2EAAAADAQABAAABAQCMH1xVJckvAgDly1faxhZOyj/Awfnk0He4w0cOrm40OGrzEQEZOpdPsxmdcz2ffVHZnRAi0AuEUQLSu3CUZg7wqq1ijbshQDh2Jhj9PviISL5hNN74qEm34eGM8BXlTTpnd1TIV29Lt5pBJgwe6ZwIJk0eqEID8fksqsWVlYdrlsbJJjUUKz2kyhwVwOtQ+/LDE6HHLYYtvxgTbcrn0NlHpvgDipJIPli2YQ1U8ZKlU9rnMwsVwPXl7GJfaKrp3PCrjNYEP1BB9TOlBf8hOU/E4V9n+ghtGJKpqSnp05SRIZDvDcDy28C+rNAWndqRG7d7Jew86wnqDByKoXORG+El Generated-by-Nova", "private_key": "-----BEGIN RSA PRIVATE KEY-----\nMIIEqAIBAAKCAQEAjB9cVSXJLwIA5ctX2sYWTso/wMH55NB3uMNHDq5uNDhq8xEB\nGTqXT7MZnXM9n31R2Z0QItALhFEC0rtwlGYO8KqtYo27IUA4diYY/T74iEi+YTTe\n+KhJt+HhjPAV5U06Z3dUyFdvS7eaQSYMHumcCCZNHqhCA/H5LKrFlZWHa5bGySY1\nFCs9pMocFcDrUPvywxOhxy2GLb8YE23K59DZR6b4A4qSSD5YtmENVPGSpVPa5zML\nFcD15exiX2iq6dzwq4zWBD9QQfUzpQX/ITlPxOFfZ/oIbRiSqakp6dOUkSGQ7w3A\n8tvAvqzQFp3akRu3eyXsPOsJ6gwciqFzkRvhJQIDAQABAoIBAAXaFXAU6OcGrWTr\nbhrb5PibZ7g0IayVrDpSJXiOflm99XF7R1F3afRRJYO22V78y9tLvO3HRIPdIkIM\nw/HepUcVybHw+1yzIuiERMzmwVhnuVOz8o/t7043p8TMDg4KgKLrj+XiCOrfmxiX\nbzAnT3Xjq5rZKhCiHWbpJuFNYl9y17xpJcvigguZrVYdx/gMFxMGUdAMrCehEoDA\nbPq8y+8u7LvDOS+vKgWPF/LdTnglwhH7KNRjLtTXC/WB6tKGkEP9Xi5svr21B2VM\nYguCky/6hEkciRau7HUGctZtsduAv9omFu2QCeJkswvmalzY1yfEs9rEipHIuD00\n0ksS9MECggCBALdCnB29bppJZQ0FUoNkBdV0vM1n0CyDK63rGGInZei9YNXmav9a\nJYb+0fkUs6QfUpmCHZ4FIs660sAiYZNKl8u/bEULVfs8GMfssjDkdMkJjpNzmZVn\nnvVBe2BvtXjenaRCb9+vfUmItC58Nkpd5q/UMiC2q7+3pP168KQ6nr3xAoIAgQDD\nvXRHUXh1hAOacqFHrDshaSV1lsjM9uCpHyyPdYTJEjDQxOz6Mv9/ztZ9qqifKjpK\nTg2WQwfrHjQ3RzwASn44C36888Yl7veJJv9oG/kew8Th4EisVjFk6vJoBu25kAnU\npVObhSA5cEf/7AQE/47SSAeQ1c6NCueiM5oI3tYydQKCAIAouw9DtOSuOf3RpQsv\n1L1PMgD8jkRAgG7m2seymRsXXW/2Wp4RXxHULTKx7531rliHcdnvUyjnVbKdrYaO\nXBfc2xDPT7OugS7o0HzSTRR/0jX0I89Q25UC4ajwSCPHV4MmDPYcez6XZ2DUrBrM\n8I3jKoBxsOf/Vmu/QuHVPooloQKCAIBUZ4mQh00OP5LeMrfhFB+bVJ/WiOKln39Y\n7hxk8CQGIFX0cDZP3VXXYvWS0thLagYgrG+nb9gmRqv1ej4hUf4DZNGN4QB8swMC\nnVJdLlLKNVjcnb44siIyhi1pNjOkZLwYegIHeexfWE9zx+4jyZ9oha7dgZTDtQQV\nKXMuiAiNUQKCAIEAhluEVnPa5QYVKTpOPXMDzztTpcbakCn4A0LcaP+/Emb2IDsH\nToKBvu0/vlAW75A6DXysLzShi1tlbPRVrUqPv2JyERTYTkkeeFruYCEroiXhX+N4\nXguHe9YNGUlGyAUAInR8AeWsHOgRKOd+rqm4mJ5q3X65gtUw9309n48fIpM=\n-----END RSA PRIVATE KEY-----\n", "user_id": "0559d128c37940a4af85c5e23ac1fcfb", "name": "tempest-TestNetworkAdvancedServerOps-1973397653", "fingerprint": "b8:cd:e5:03:3b:d9:ba:14:30:e5:39:51:91:92:09:f5"}}
2016-02-16 04:15:37,873 19049 INFO     [tempest_lib.common.rest_client] Request (TestNetworkAdvancedServerOps:test_server_connectivity_pause_unpause): 201 POST http://10.4.1.3:9696/v2.0/security-groups 0.392s
2016-02-16 04:15:37,873 19049 DEBUG    [tempest_lib.common.rest_client] Request - Headers: {'Content-Type': 'application/json', 'Accept': 'application/json', 'X-Auth-Token': '&lt;omitted&gt;'}
        Body: {"security_group": {"tenant_id": "2432c1170bc04252987ab250f57e4cb7", "description": "tempest-secgroup-smoke-1328569557 description", "name": "tempest-secgroup-smoke-1328569557"}}
    Response - Headers: {'status': '201', 'content-length': '888', 'connection': 'close', 'date': 'Tue, 16 Feb 2016 04:15:37 GMT', 'content-type': 'application/json; charset=UTF-8', 'x-openstack-request-id': 'req-c34aa850-a4dd-4ee5-b8f7-79f8e45358c9'}
        Body: {"security_group": {"tenant_id": "2432c1170bc04252987ab250f57e4cb7", "description": "tempest-secgroup-smoke-1328569557 description", "id": "535c8a8d-5ffa-4d10-88a7-bf031cfcffea", "security_group_rules": [{"remote_group_id": null, "direction": "egress", "remote_ip_prefix": null, "protocol": null, "ethertype": "IPv4", "tenant_id": "2432c1170bc04252987ab250f57e4cb7", "port_range_max": null, "port_range_min": null, "id": "db4c7cb7-254d-40a2-abf1-69e6d66dab78", "security_group_id": "535c8a8d-5ffa-4d10-88a7-bf031cfcffea"}, {"remote_group_id": null, "direction": "egress", "remote_ip_prefix": null, "protocol": null, "ethertype": "IPv6", "tenant_id": "2432c1170bc04252987ab250f57e4cb7", "port_range_max": null, "port_range_min": null, "id": "faec91f2-fe29-47f6-8f2b-f678936e63d6", "security_group_id": "535c8a8d-5ffa-4d10-88a7-bf031cfcffea"}], "name": "tempest-secgroup-smoke-1328569557"}}
2016-02-16 04:15:38,197 19049 INFO     [tempest_lib.common.rest_client] Request (TestNetworkAdvancedServerOps:test_server_connectivity_pause_unpause): 201 POST http://10.4.1.3:9696/v2.0/security-group-rules 0.322s
2016-02-16 04:15:38,197 19049 DEBUG    [tempest_lib.common.rest_client] Request - Headers: {'Content-Type': 'application/json', 'Accept': 'application/json', 'X-Auth-Token': '&lt;omitted&gt;'}
        Body: {"security_group_rule": {"direction": "ingress", "protocol": "tcp", "tenant_id": "2432c1170bc04252987ab250f57e4cb7", "port_range_max": 22, "security_group_id": "535c8a8d-5ffa-4d10-88a7-bf031cfcffea", "port_range_min": 22}}
    Response - Headers: {'status': '201', 'content-length': '340', 'connection': 'close', 'date': 'Tue, 16 Feb 2016 04:15:38 GMT', 'content-type': 'application/json; charset=UTF-8', 'x-openstack-request-id': 'req-15437164-f3e3-4b22-a660-2fd13161b794'}
        Body: {"security_group_rule": {"remote_group_id": null, "direction": "ingress", "remote_ip_prefix": null, "protocol": "tcp", "ethertype": "IPv4", "tenant_id": "2432c1170bc04252987ab250f57e4cb7", "port_range_max": 22, "port_range_min": 22, "id": "c9d67401-c90d-4473-b698-132604938b36", "security_group_id": "535c8a8d-5ffa-4d10-88a7-bf031cfcffea"}}
2016-02-16 04:15:38,501 19049 INFO     [tempest_lib.common.rest_client] Request (TestNetworkAdvancedServerOps:test_server_connectivity_pause_unpause): 201 POST http://10.4.1.3:9696/v2.0/security-group-rules 0.303s
2016-02-16 04:15:38,502 19049 DEBUG    [tempest_lib.common.rest_client] Request - Headers: {'Content-Type': 'application/json', 'Accept': 'application/json', 'X-Auth-Token': '&lt;omitted&gt;'}
        Body: {"security_group_rule": {"direction": "egress", "protocol": "tcp", "tenant_id": "2432c1170bc04252987ab250f57e4cb7", "port_range_max": 22, "security_group_id": "535c8a8d-5ffa-4d10-88a7-bf031cfcffea", "port_range_min": 22}}
    Response - Headers: {'status': '201', 'content-length': '339', 'connection': 'close', 'date': 'Tue, 16 Feb 2016 04:15:38 GMT', 'content-type': 'application/json; charset=UTF-8', 'x-openstack-request-id': 'req-f6308b82-1fd8-44ef-82d6-6f7385372163'}
        Body: {"security_group_rule": {"remote_group_id": null, "direction": "egress", "remote_ip_prefix": null, "protocol": "tcp", "ethertype": "IPv4", "tenant_id": "2432c1170bc04252987ab250f57e4cb7", "port_range_max": 22, "port_range_min": 22, "id": "6e29c69e-7795-4f00-8538-bf8dea9bc892", "security_group_id": "535c8a8d-5ffa-4d10-88a7-bf031cfcffea"}}
2016-02-16 04:15:38,802 19049 INFO     [tempest_lib.common.rest_client] Request (TestNetworkAdvancedServerOps:test_server_connectivity_pause_unpause): 201 POST http://10.4.1.3:9696/v2.0/security-group-rules 0.300s
2016-02-16 04:15:38,803 19049 DEBUG    [tempest_lib.common.rest_client] Request - Headers: {'Content-Type': 'application/json', 'Accept': 'application/json', 'X-Auth-Token': '&lt;omitted&gt;'}
        Body: {"security_group_rule": {"tenant_id": "2432c1170bc04252987ab250f57e4cb7", "direction": "ingress", "protocol": "icmp", "security_group_id": "535c8a8d-5ffa-4d10-88a7-bf031cfcffea"}}
    Response - Headers: {'status': '201', 'content-length': '345', 'connection': 'close', 'date': 'Tue, 16 Feb 2016 04:15:38 GMT', 'content-type': 'application/json; charset=UTF-8', 'x-openstack-request-id': 'req-94b89081-801d-4e45-8420-d5473c62e5be'}
        Body: {"security_group_rule": {"remote_group_id": null, "direction": "ingress", "remote_ip_prefix": null, "protocol": "icmp", "ethertype": "IPv4", "tenant_id": "2432c1170bc04252987ab250f57e4cb7", "port_range_max": null, "port_range_min": null, "id": "5886c370-c136-43c0-b7e9-1173c96241c4", "security_group_id": "535c8a8d-5ffa-4d10-88a7-bf031cfcffea"}}
2016-02-16 04:15:39,116 19049 INFO     [tempest_lib.common.rest_client] Request (TestNetworkAdvancedServerOps:test_server_connectivity_pause_unpause): 201 POST http://10.4.1.3:9696/v2.0/security-group-rules 0.310s
2016-02-16 04:15:39,117 19049 DEBUG    [tempest_lib.common.rest_client] Request - Headers: {'Content-Type': 'application/json', 'Accept': 'application/json', 'X-Auth-Token': '&lt;omitted&gt;'}
        Body: {"security_group_rule": {"tenant_id": "2432c1170bc04252987ab250f57e4cb7", "direction": "egress", "protocol": "icmp", "security_group_id": "535c8a8d-5ffa-4d10-88a7-bf031cfcffea"}}
    Response - Headers: {'status': '201', 'content-length': '344', 'connection': 'close', 'date': 'Tue, 16 Feb 2016 04:15:39 GMT', 'content-type': 'application/json; charset=UTF-8', 'x-openstack-request-id': 'req-cc9d5972-e74d-4ba0-8511-e6e2cad08631'}
        Body: {"security_group_rule": {"remote_group_id": null, "direction": "egress", "remote_ip_prefix": null, "protocol": "icmp", "ethertype": "IPv4", "tenant_id": "2432c1170bc04252987ab250f57e4cb7", "port_range_max": null, "port_range_min": null, "id": "0a2be1b0-5aa3-4c5e-bff2-68f6956d37b9", "security_group_id": "535c8a8d-5ffa-4d10-88a7-bf031cfcffea"}}
2016-02-16 04:15:39,436 19049 INFO     [tempest_lib.common.rest_client] Request (TestNetworkAdvancedServerOps:test_server_connectivity_pause_unpause): 201 POST http://10.4.1.3:9696/v2.0/security-group-rules 0.316s
2016-02-16 04:15:39,436 19049 DEBUG    [tempest_lib.common.rest_client] Request - Headers: {'Content-Type': 'application/json', 'Accept': 'application/json', 'X-Auth-Token': '&lt;omitted&gt;'}
        Body: {"security_group_rule": {"tenant_id": "2432c1170bc04252987ab250f57e4cb7", "direction": "ingress", "security_group_id": "535c8a8d-5ffa-4d10-88a7-bf031cfcffea", "protocol": "icmp", "ethertype": "IPv6"}}
    Response - Headers: {'status': '201', 'content-length': '345', 'connection': 'close', 'date': 'Tue, 16 Feb 2016 04:15:39 GMT', 'content-type': 'application/json; charset=UTF-8', 'x-openstack-request-id': 'req-54243902-ba1e-403f-8d8d-fc665ba52876'}
        Body: {"security_group_rule": {"remote_group_id": null, "direction": "ingress", "remote_ip_prefix": null, "protocol": "icmp", "ethertype": "IPv6", "tenant_id": "2432c1170bc04252987ab250f57e4cb7", "port_range_max": null, "port_range_min": null, "id": "96195b02-5cf9-4d1d-a51f-e9107bb8d65b", "security_group_id": "535c8a8d-5ffa-4d10-88a7-bf031cfcffea"}}
2016-02-16 04:15:39,760 19049 INFO     [tempest_lib.common.rest_client] Request (TestNetworkAdvancedServerOps:test_server_connectivity_pause_unpause): 201 POST http://10.4.1.3:9696/v2.0/security-group-rules 0.323s
2016-02-16 04:15:39,761 19049 DEBUG    [tempest_lib.common.rest_client] Request - Headers: {'Content-Type': 'application/json', 'Accept': 'application/json', 'X-Auth-Token': '&lt;omitted&gt;'}
        Body: {"security_group_rule": {"tenant_id": "2432c1170bc04252987ab250f57e4cb7", "direction": "egress", "security_group_id": "535c8a8d-5ffa-4d10-88a7-bf031cfcffea", "protocol": "icmp", "ethertype": "IPv6"}}
    Response - Headers: {'status': '201', 'content-length': '344', 'connection': 'close', 'date': 'Tue, 16 Feb 2016 04:15:39 GMT', 'content-type': 'application/json; charset=UTF-8', 'x-openstack-request-id': 'req-6b50c0f6-2e4c-47b2-9c0d-7c9cb150f225'}
        Body: {"security_group_rule": {"remote_group_id": null, "direction": "egress", "remote_ip_prefix": null, "protocol": "icmp", "ethertype": "IPv6", "tenant_id": "2432c1170bc04252987ab250f57e4cb7", "port_range_max": null, "port_range_min": null, "id": "e30c4813-80a2-41bc-843c-fb782957f38b", "security_group_id": "535c8a8d-5ffa-4d10-88a7-bf031cfcffea"}}
2016-02-16 04:15:40,293 19049 INFO     [tempest_lib.common.rest_client] Request (TestNetworkAdvancedServerOps:test_server_connectivity_pause_unpause): 201 POST http://10.4.1.3:9696/v2.0/networks 0.530s
2016-02-16 04:15:40,293 19049 DEBUG    [tempest_lib.common.rest_client] Request - Headers: {'Content-Type': 'application/json', 'Accept': 'application/json', 'X-Auth-Token': '&lt;omitted&gt;'}
        Body: {"network": {"tenant_id": "2432c1170bc04252987ab250f57e4cb7", "name": "tempest-network-smoke--2041475644"}}
    Response - Headers: {'status': '201', 'content-length': '356', 'connection': 'close', 'date': 'Tue, 16 Feb 2016 04:15:40 GMT', 'content-type': 'application/json; charset=UTF-8', 'x-openstack-request-id': 'req-e7a7118a-08dc-413b-925e-245bf314c98f'}
        Body: {"network": {"status": "ACTIVE", "subnets": [], "availability_zone_hints": [], "availability_zones": [], "name": "tempest-network-smoke--2041475644", "admin_state_up": true, "tenant_id": "2432c1170bc04252987ab250f57e4cb7", "mtu": 1450, "router:external": false, "shared": false, "port_security_enabled": true, "id": "743872d1-2503-4973-8846-7ab2e65d2d20"}}
2016-02-16 04:15:40,575 19049 INFO     [tempest_lib.common.rest_client] Request (TestNetworkAdvancedServerOps:test_server_connectivity_pause_unpause): 201 POST http://10.4.1.3:9696/v2.0/routers 0.280s
2016-02-16 04:15:40,576 19049 DEBUG    [tempest_lib.common.rest_client] Request - Headers: {'Content-Type': 'application/json', 'Accept': 'application/json', 'X-Auth-Token': '&lt;omitted&gt;'}
        Body: {"router": {"tenant_id": "2432c1170bc04252987ab250f57e4cb7", "name": "tempest-router-smoke-1591017906", "admin_state_up": true}}
    Response - Headers: {'status': '201', 'content-length': '239', 'connection': 'close', 'date': 'Tue, 16 Feb 2016 04:15:40 GMT', 'content-type': 'application/json; charset=UTF-8', 'x-openstack-request-id': 'req-78ae6a11-fb39-4e02-83db-5c42c37c3001'}
        Body: {"router": {"status": "ACTIVE", "external_gateway_info": null, "name": "tempest-router-smoke-1591017906", "admin_state_up": true, "tenant_id": "2432c1170bc04252987ab250f57e4cb7", "routes": [], "id": "bf4e7a93-89a8-4b72-9636-c48eb78ad74b"}}
2016-02-16 04:15:40,813 19049 INFO     [tempest_lib.common.rest_client] Request (TestNetworkAdvancedServerOps:test_server_connectivity_pause_unpause): 200 GET http://10.4.1.3:9696/v2.0/routers/bf4e7a93-89a8-4b72-9636-c48eb78ad74b 0.236s
2016-02-16 04:15:40,814 19049 DEBUG    [tempest_lib.common.rest_client] Request - Headers: {'Content-Type': 'application/json', 'Accept': 'application/json', 'X-Auth-Token': '&lt;omitted&gt;'}
        Body: None
    Response - Headers: {'status': '200', 'content-length': '239', 'content-location': 'http://10.4.1.3:9696/v2.0/routers/bf4e7a93-89a8-4b72-9636-c48eb78ad74b', 'connection': 'close', 'date': 'Tue, 16 Feb 2016 04:15:40 GMT', 'content-type': 'application/json; charset=UTF-8', 'x-openstack-request-id': 'req-45bd4aaf-12f0-4a23-b323-f29aa69f24d5'}
        Body: {"router": {"status": "ACTIVE", "external_gateway_info": null, "name": "tempest-router-smoke-1591017906", "admin_state_up": true, "tenant_id": "2432c1170bc04252987ab250f57e4cb7", "routes": [], "id": "bf4e7a93-89a8-4b72-9636-c48eb78ad74b"}}
2016-02-16 04:15:41,631 19049 INFO     [tempest_lib.common.rest_client] Request (TestNetworkAdvancedServerOps:test_server_connectivity_pause_unpause): 200 PUT http://10.4.1.3:9696/v2.0/routers/bf4e7a93-89a8-4b72-9636-c48eb78ad74b 0.816s
2016-02-16 04:15:41,632 19049 DEBUG    [tempest_lib.common.rest_client] Request - Headers: {'Content-Type': 'application/json', 'Accept': 'application/json', 'X-Auth-Token': '&lt;omitted&gt;'}
        Body: {"router": {"external_gateway_info": {"network_id": "810c27b9-fbd2-4c75-b695-b20458cee12c"}, "name": "tempest-router-smoke-1591017906", "admin_state_up": true}}
    Response - Headers: {'status': '200', 'content-length': '501', 'connection': 'close', 'date': 'Tue, 16 Feb 2016 04:15:41 GMT', 'content-type': 'application/json; charset=UTF-8', 'x-openstack-request-id': 'req-b195cf90-9a7e-43e5-9dc1-d09692e31aa6'}
        Body: {"router": {"status": "ACTIVE", "external_gateway_info": {"network_id": "810c27b9-fbd2-4c75-b695-b20458cee12c", "enable_snat": true, "external_fixed_ips": [{"subnet_id": "ec3d0ee8-cf70-40d6-8940-b1b26deda46e", "ip_address": "172.24.4.3"}, {"subnet_id": "fa5b982f-eee4-4b0b-ba34-4727db145a8e", "ip_address": "2001:db8::4"}]}, "name": "tempest-router-smoke-1591017906", "admin_state_up": true, "tenant_id": "2432c1170bc04252987ab250f57e4cb7", "routes": [], "id": "bf4e7a93-89a8-4b72-9636-c48eb78ad74b"}}
2016-02-16 04:15:41,897 19049 INFO     [tempest_lib.common.rest_client] Request (TestNetworkAdvancedServerOps:test_server_connectivity_pause_unpause): 200 GET http://10.4.1.3:9696/v2.0/subnets?tenant_id=2432c1170bc04252987ab250f57e4cb7&amp;cidr=10.100.0.0%2F28 0.263s
2016-02-16 04:15:41,898 19049 DEBUG    [tempest_lib.common.rest_client] Request - Headers: {'Content-Type': 'application/json', 'Accept': 'application/json', 'X-Auth-Token': '&lt;omitted&gt;'}
        Body: None
    Response - Headers: {'status': '200', 'content-length': '15', 'content-location': 'http://10.4.1.3:9696/v2.0/subnets?tenant_id=2432c1170bc04252987ab250f57e4cb7&amp;cidr=10.100.0.0%2F28', 'connection': 'close', 'date': 'Tue, 16 Feb 2016 04:15:41 GMT', 'content-type': 'application/json; charset=UTF-8', 'x-openstack-request-id': 'req-122d4d74-b090-487a-8e1c-1e966e1ba660'}
        Body: {"subnets": []}
2016-02-16 04:15:42,446 19049 INFO     [tempest_lib.common.rest_client] Request (TestNetworkAdvancedServerOps:test_server_connectivity_pause_unpause): 201 POST http://10.4.1.3:9696/v2.0/subnets 0.547s
2016-02-16 04:15:42,446 19049 DEBUG    [tempest_lib.common.rest_client] Request - Headers: {'Content-Type': 'application/json', 'Accept': 'application/json', 'X-Auth-Token': '&lt;omitted&gt;'}
        Body: {"subnet": {"ip_version": 4, "tenant_id": "2432c1170bc04252987ab250f57e4cb7", "cidr": "10.100.0.0/28", "network_id": "743872d1-2503-4973-8846-7ab2e65d2d20", "name": "tempest-subnet-smoke-2090747086"}}
    Response - Headers: {'status': '201', 'content-length': '478', 'connection': 'close', 'date': 'Tue, 16 Feb 2016 04:15:42 GMT', 'content-type': 'application/json; charset=UTF-8', 'x-openstack-request-id': 'req-39ff1b05-a64e-4cab-8029-aa5668cb0f57'}
        Body: {"subnet": {"name": "tempest-subnet-smoke-2090747086", "enable_dhcp": true, "network_id": "743872d1-2503-4973-8846-7ab2e65d2d20", "tenant_id": "2432c1170bc04252987ab250f57e4cb7", "dns_nameservers": [], "gateway_ip": "10.100.0.1", "ipv6_ra_mode": null, "allocation_pools": [{"start": "10.100.0.2", "end": "10.100.0.14"}], "host_routes": [], "ip_version": 4, "ipv6_address_mode": null, "cidr": "10.100.0.0/28", "id": "cb34e334-c646-4950-afda-4eb7b3ddc119", "subnetpool_id": null}}
2016-02-16 04:15:43,226 19049 INFO     [tempest_lib.common.rest_client] Request (TestNetworkAdvancedServerOps:test_server_connectivity_pause_unpause): 200 PUT http://10.4.1.3:9696/v2.0/routers/bf4e7a93-89a8-4b72-9636-c48eb78ad74b/add_router_interface 0.778s
2016-02-16 04:15:43,227 19049 DEBUG    [tempest_lib.common.rest_client] Request - Headers: {'Content-Type': 'application/json', 'Accept': 'application/json', 'X-Auth-Token': '&lt;omitted&gt;'}
        Body: {"subnet_id": "cb34e334-c646-4950-afda-4eb7b3ddc119"}
    Response - Headers: {'status': '200', 'content-length': '309', 'connection': 'close', 'date': 'Tue, 16 Feb 2016 04:15:43 GMT', 'content-type': 'application/json; charset=UTF-8', 'x-openstack-request-id': 'req-4ef58158-6a1b-4fc8-816d-77f5150590a3'}
        Body: {"network_id": "743872d1-2503-4973-8846-7ab2e65d2d20", "tenant_id": "2432c1170bc04252987ab250f57e4cb7", "subnet_id": "cb34e334-c646-4950-afda-4eb7b3ddc119", "subnet_ids": ["cb34e334-c646-4950-afda-4eb7b3ddc119"], "port_id": "dc0b52a0-7065-42a3-af07-17a38034df81", "id": "bf4e7a93-89a8-4b72-9636-c48eb78ad74b"}
2016-02-16 04:15:43,391 19049 INFO     [tempest_lib.common.rest_client] Request (TestNetworkAdvancedServerOps:test_server_connectivity_pause_unpause): 200 POST http://10.4.1.3:5000/v2.0/tokens
2016-02-16 04:15:43,392 19049 DEBUG    [tempest_lib.common.rest_client] Request - Headers: {'Content-Type': 'application/json', 'Accept': 'application/json'}
        Body: &lt;omitted&gt;
    Response - Headers: {'status': '200', 'content-length': '2294', 'vary': 'X-Auth-Token', 'server': 'Apache/2.4.7 (Ubuntu)', 'connection': 'close', 'date': 'Tue, 16 Feb 2016 04:15:43 GMT', 'content-type': 'application/json', 'x-openstack-request-id': 'req-19efe455-12ae-45c6-a1a0-15b31d980a93'}
        Body: {"access": {"token": {"issued_at": "2016-02-16T04:15:43.374557", "expires": "2016-02-16T05:15:43Z", "id": "544e6bccbd5049d0869d57e957c8944b", "tenant": {"description": "tempest-TestNetworkAdvancedServerOps-585881237-desc", "enabled": true, "id": "2432c1170bc04252987ab250f57e4cb7", "name": "tempest-TestNetworkAdvancedServerOps-585881237"}, "audit_ids": ["mnXsaE-1SyKfzPqGMSVNnA"]}, "serviceCatalog": [{"endpoints": [{"adminURL": "http://10.4.1.3:9292", "region": "RegionOne", "internalURL": "http://10.4.1.3:9292", "id": "571fd25a678543d994fce5fc2ebcde17", "publicURL": "http://10.4.1.3:9292"}], "endpoints_links": [], "type": "image", "name": "glance"}, {"endpoints": [{"adminURL": "http://10.4.1.3:8774/v2.1/2432c1170bc04252987ab250f57e4cb7", "region": "RegionOne", "internalURL": "http://10.4.1.3:8774/v2.1/2432c1170bc04252987ab250f57e4cb7", "id": "18d99e73387e4b44ae2208cf91a0a34f", "publicURL": "http://10.4.1.3:8774/v2.1/2432c1170bc04252987ab250f57e4cb7"}], "endpoints_links": [], "type": "compute", "name": "nova"}, {"endpoints": [{"adminURL": "http://10.4.1.3:8774/v2/2432c1170bc04252987ab250f57e4cb7", "region": "RegionOne", "internalURL": "http://10.4.1.3:8774/v2/2432c1170bc04252987ab250f57e4cb7", "id": "2df0a9328e0a446b8e2abac2dd81f68c", "publicURL": "http://10.4.1.3:8774/v2/2432c1170bc04252987ab250f57e4cb7"}], "endpoints_links": [], "type": "compute_legacy", "name": "nova_legacy"}, {"endpoints": [{"adminURL": "http://10.4.1.3:35357/v2.0", "region": "RegionOne", "internalURL": "http://10.4.1.3:5000/v2.0", "id": "8cc92a2d7ccc4077b114ba8a69ea2b19", "publicURL": "http://10.4.1.3:5000/v2.0"}], "endpoints_links": [], "type": "identity", "name": "keystone"}, {"endpoints": [{"adminURL": "http://10.4.1.3:9696/", "region": "RegionOne", "internalURL": "http://10.4.1.3:9696/", "id": "cec7196931494c91961dfcb969b91828", "publicURL": "http://10.4.1.3:9696/"}], "endpoints_links": [], "type": "network", "name": "neutron"}], "user": {"username": "tempest-TestNetworkAdvancedServerOps-1694394657", "roles_links": [], "id": "0559d128c37940a4af85c5e23ac1fcfb", "roles": [{"name": "_member_"}, {"name": "Member"}], "name": "tempest-TestNetworkAdvancedServerOps-1694394657"}, "metadata": {"is_admin": 0, "roles": ["9fe2ff9ee4384b1894a90878d3e92bab", "dda6d989538c4f24b6ca37a3f4ef0ed2"]}}}
2016-02-16 04:15:43,399 19049 DEBUG    [tempest.common.fixed_network] (TestNetworkAdvancedServerOps:test_server_connectivity_pause_unpause) No valid network provided or created, defaulting to fixed_network_name
2016-02-16 04:15:45,037 19049 INFO     [tempest_lib.common.rest_client] Request (TestNetworkAdvancedServerOps:test_server_connectivity_pause_unpause): 200 GET http://10.4.1.3:8774/v2.1/2432c1170bc04252987ab250f57e4cb7/os-networks 1.637s
2016-02-16 04:15:45,038 19049 DEBUG    [tempest_lib.common.rest_client] Request - Headers: {'Content-Type': 'application/json', 'Accept': 'application/json', 'X-Auth-Token': '&lt;omitted&gt;'}
        Body: None
    Response - Headers: {'status': '200', 'content-length': '479', 'content-location': 'http://10.4.1.3:8774/v2.1/2432c1170bc04252987ab250f57e4cb7/os-networks', 'x-compute-request-id': 'req-ffebf3d8-a7eb-42b4-814f-2be3dd64ffdf', 'vary': 'X-OpenStack-Nova-API-Version', 'connection': 'close', 'x-openstack-nova-api-version': '2.1', 'date': 'Tue, 16 Feb 2016 04:15:45 GMT', 'content-type': 'application/json'}
        Body: {"networks": [{"cidr_v6": null, "dns2": null, "dns1": null, "gateway": null, "broadcast": null, "netmask": null, "gateway_v6": null, "cidr": null, "label": "public", "id": "810c27b9-fbd2-4c75-b695-b20458cee12c", "netmask_v6": null}, {"cidr_v6": null, "dns2": null, "dns1": null, "gateway": null, "broadcast": null, "netmask": null, "gateway_v6": null, "cidr": null, "label": "tempest-network-smoke--2041475644", "id": "743872d1-2503-4973-8846-7ab2e65d2d20", "netmask_v6": null}]}
2016-02-16 04:15:45,039 19049 WARNING  [tempest.common.fixed_network] (TestNetworkAdvancedServerOps:test_server_connectivity_pause_unpause) Network with name: private not found
2016-02-16 04:15:45,040 19049 INFO     [tempest.common.fixed_network] (TestNetworkAdvancedServerOps:test_server_connectivity_pause_unpause) Found network {} available for tenant
2016-02-16 04:15:48,341 19049 INFO     [tempest_lib.common.rest_client] Request (TestNetworkAdvancedServerOps:test_server_connectivity_pause_unpause): 202 POST http://10.4.1.3:8774/v2.1/2432c1170bc04252987ab250f57e4cb7/servers 3.300s
2016-02-16 04:15:48,342 19049 DEBUG    [tempest_lib.common.rest_client] Request - Headers: {'Content-Type': 'application/json', 'Accept': 'application/json', 'X-Auth-Token': '&lt;omitted&gt;'}
        Body: {"server": {"name": "tempest-server-smoke-264982281", "imageRef": "c73bcb57-0336-4094-b158-2b9de6f74882", "key_name": "tempest-TestNetworkAdvancedServerOps-1973397653", "flavorRef": "42", "networks": [{"uuid": "743872d1-2503-4973-8846-7ab2e65d2d20"}], "security_groups": [{"name": "tempest-secgroup-smoke-1328569557"}]}}
    Response - Headers: {'status': '202', 'content-length': '460', 'x-compute-request-id': 'req-2f56a9ac-ab8e-4fd5-8a02-29ac0f0e6fc4', 'vary': 'X-OpenStack-Nova-API-Version', 'connection': 'close', 'location': 'http://10.4.1.3:8774/v2.1/2432c1170bc04252987ab250f57e4cb7/servers/4a6ef789-bdd2-41b0-85b9-79c28ddae9e7', 'x-openstack-nova-api-version': '2.1', 'date': 'Tue, 16 Feb 2016 04:15:48 GMT', 'content-type': 'application/json'}
        Body: {"server": {"security_groups": [{"name": "tempest-secgroup-smoke-1328569557"}], "OS-DCF:diskConfig": "MANUAL", "id": "4a6ef789-bdd2-41b0-85b9-79c28ddae9e7", "links": [{"href": "http://10.4.1.3:8774/v2.1/2432c1170bc04252987ab250f57e4cb7/servers/4a6ef789-bdd2-41b0-85b9-79c28ddae9e7", "rel": "self"}, {"href": "http://10.4.1.3:8774/2432c1170bc04252987ab250f57e4cb7/servers/4a6ef789-bdd2-41b0-85b9-79c28ddae9e7", "rel": "bookmark"}], "adminPass": "cCE8yseqMYqF"}}
2016-02-16 04:15:48,837 19049 INFO     [tempest_lib.common.rest_client] Request (TestNetworkAdvancedServerOps:test_server_connectivity_pause_unpause): 200 GET http://10.4.1.3:8774/v2.1/2432c1170bc04252987ab250f57e4cb7/servers/4a6ef789-bdd2-41b0-85b9-79c28ddae9e7 0.491s
2016-02-16 04:15:48,838 19049 DEBUG    [tempest_lib.common.rest_client] Request - Headers: {'Content-Type': 'application/json', 'Accept': 'application/json', 'X-Auth-Token': '&lt;omitted&gt;'}
        Body: None
    Response - Headers: {'status': '200', 'content-length': '1349', 'content-location': 'http://10.4.1.3:8774/v2.1/2432c1170bc04252987ab250f57e4cb7/servers/4a6ef789-bdd2-41b0-85b9-79c28ddae9e7', 'x-compute-request-id': 'req-b1086804-5ef7-4624-aef8-02f1542e8964', 'vary': 'X-OpenStack-Nova-API-Version', 'connection': 'close', 'x-openstack-nova-api-version': '2.1', 'date': 'Tue, 16 Feb 2016 04:15:48 GMT', 'content-type': 'application/json'}
        Body: {"server": {"status": "BUILD", "updated": "2016-02-16T04:15:48Z", "hostId": "", "addresses": {}, "links": [{"href": "http://10.4.1.3:8774/v2.1/2432c1170bc04252987ab250f57e4cb7/servers/4a6ef789-bdd2-41b0-85b9-79c28ddae9e7", "rel": "self"}, {"href": "http://10.4.1.3:8774/2432c1170bc04252987ab250f57e4cb7/servers/4a6ef789-bdd2-41b0-85b9-79c28ddae9e7", "rel": "bookmark"}], "key_name": "tempest-TestNetworkAdvancedServerOps-1973397653", "image": {"id": "c73bcb57-0336-4094-b158-2b9de6f74882", "links": [{"href": "http://10.4.1.3:8774/2432c1170bc04252987ab250f57e4cb7/images/c73bcb57-0336-4094-b158-2b9de6f74882", "rel": "bookmark"}]}, "OS-EXT-STS:task_state": "scheduling", "OS-EXT-STS:vm_state": "building", "OS-SRV-USG:launched_at": null, "flavor": {"id": "42", "links": [{"href": "http://10.4.1.3:8774/2432c1170bc04252987ab250f57e4cb7/flavors/42", "rel": "bookmark"}]}, "id": "4a6ef789-bdd2-41b0-85b9-79c28ddae9e7", "OS-SRV-USG:terminated_at": null, "OS-EXT-AZ:availability_zone": "", "user_id": "0559d128c37940a4af85c5e23ac1fcfb", "name": "tempest-server-smoke-264982281", "created": "2016-02-16T04:15:48Z", "tenant_id": "2432c1170bc04252987ab250f57e4cb7", "OS-DCF:diskConfig": "MANUAL", "os-extended-volumes:volumes_attached": [], "accessIPv4": "", "accessIPv6": "", "progress": 0, "OS-EXT-STS:power_state": 0, "config_drive": "", "metadata": {}}}
2016-02-16 04:15:50,428 19049 INFO     [tempest_lib.common.rest_client] Request (TestNetworkAdvancedServerOps:test_server_connectivity_pause_unpause): 200 GET http://10.4.1.3:8774/v2.1/2432c1170bc04252987ab250f57e4cb7/servers/4a6ef789-bdd2-41b0-85b9-79c28ddae9e7 0.578s
2016-02-16 04:15:50,429 19049 DEBUG    [tempest_lib.common.rest_client] Request - Headers: {'Content-Type': 'application/json', 'Accept': 'application/json', 'X-Auth-Token': '&lt;omitted&gt;'}
        Body: None
    Response - Headers: {'status': '200', 'content-length': '1407', 'content-location': 'http://10.4.1.3:8774/v2.1/2432c1170bc04252987ab250f57e4cb7/servers/4a6ef789-bdd2-41b0-85b9-79c28ddae9e7', 'x-compute-request-id': 'req-202371aa-5691-45bf-bab2-6200d9e15242', 'vary': 'X-OpenStack-Nova-API-Version', 'connection': 'close', 'x-openstack-nova-api-version': '2.1', 'date': 'Tue, 16 Feb 2016 04:15:50 GMT', 'content-type': 'application/json'}
        Body: {"server": {"status": "BUILD", "updated": "2016-02-16T04:15:49Z", "hostId": "2281856b2125aaa104411b0998e7984b658c78948554082a27473b16", "addresses": {}, "links": [{"href": "http://10.4.1.3:8774/v2.1/2432c1170bc04252987ab250f57e4cb7/servers/4a6ef789-bdd2-41b0-85b9-79c28ddae9e7", "rel": "self"}, {"href": "http://10.4.1.3:8774/2432c1170bc04252987ab250f57e4cb7/servers/4a6ef789-bdd2-41b0-85b9-79c28ddae9e7", "rel": "bookmark"}], "key_name": "tempest-TestNetworkAdvancedServerOps-1973397653", "image": {"id": "c73bcb57-0336-4094-b158-2b9de6f74882", "links": [{"href": "http://10.4.1.3:8774/2432c1170bc04252987ab250f57e4cb7/images/c73bcb57-0336-4094-b158-2b9de6f74882", "rel": "bookmark"}]}, "OS-EXT-STS:task_state": "spawning", "OS-EXT-STS:vm_state": "building", "OS-SRV-USG:launched_at": null, "flavor": {"id": "42", "links": [{"href": "http://10.4.1.3:8774/2432c1170bc04252987ab250f57e4cb7/flavors/42", "rel": "bookmark"}]}, "id": "4a6ef789-bdd2-41b0-85b9-79c28ddae9e7", "OS-SRV-USG:terminated_at": null, "OS-EXT-AZ:availability_zone": "nova", "user_id": "0559d128c37940a4af85c5e23ac1fcfb", "name": "tempest-server-smoke-264982281", "created": "2016-02-16T04:15:48Z", "tenant_id": "2432c1170bc04252987ab250f57e4cb7", "OS-DCF:diskConfig": "MANUAL", "os-extended-volumes:volumes_attached": [], "accessIPv4": "", "accessIPv6": "", "progress": 0, "OS-EXT-STS:power_state": 0, "config_drive": "", "metadata": {}}}
2016-02-16 04:15:50,437 19049 INFO     [tempest.common.waiters] State transition "BUILD/scheduling" ==&gt; "BUILD/spawning" after 2 second wait
2016-02-16 04:15:52,297 19049 INFO     [tempest_lib.common.rest_client] Request (TestNetworkAdvancedServerOps:test_server_connectivity_pause_unpause): 200 GET http://10.4.1.3:8774/v2.1/2432c1170bc04252987ab250f57e4cb7/servers/4a6ef789-bdd2-41b0-85b9-79c28ddae9e7 0.858s
2016-02-16 04:15:52,297 19049 DEBUG    [tempest_lib.common.rest_client] Request - Headers: {'Content-Type': 'application/json', 'Accept': 'application/json', 'X-Auth-Token': '&lt;omitted&gt;'}
        Body: None
    Response - Headers: {'status': '200', 'content-length': '1475', 'content-location': 'http://10.4.1.3:8774/v2.1/2432c1170bc04252987ab250f57e4cb7/servers/4a6ef789-bdd2-41b0-85b9-79c28ddae9e7', 'x-compute-request-id': 'req-9b648f1a-d6fc-4b4b-a1cf-26b18fd25b34', 'vary': 'X-OpenStack-Nova-API-Version', 'connection': 'close', 'x-openstack-nova-api-version': '2.1', 'date': 'Tue, 16 Feb 2016 04:15:52 GMT', 'content-type': 'application/json'}
        Body: {"server": {"status": "BUILD", "updated": "2016-02-16T04:15:49Z", "hostId": "2281856b2125aaa104411b0998e7984b658c78948554082a27473b16", "addresses": {}, "links": [{"href": "http://10.4.1.3:8774/v2.1/2432c1170bc04252987ab250f57e4cb7/servers/4a6ef789-bdd2-41b0-85b9-79c28ddae9e7", "rel": "self"}, {"href": "http://10.4.1.3:8774/2432c1170bc04252987ab250f57e4cb7/servers/4a6ef789-bdd2-41b0-85b9-79c28ddae9e7", "rel": "bookmark"}], "key_name": "tempest-TestNetworkAdvancedServerOps-1973397653", "image": {"id": "c73bcb57-0336-4094-b158-2b9de6f74882", "links": [{"href": "http://10.4.1.3:8774/2432c1170bc04252987ab250f57e4cb7/images/c73bcb57-0336-4094-b158-2b9de6f74882", "rel": "bookmark"}]}, "OS-EXT-STS:task_state": "spawning", "OS-EXT-STS:vm_state": "building", "OS-SRV-USG:launched_at": null, "flavor": {"id": "42", "links": [{"href": "http://10.4.1.3:8774/2432c1170bc04252987ab250f57e4cb7/flavors/42", "rel": "bookmark"}]}, "id": "4a6ef789-bdd2-41b0-85b9-79c28ddae9e7", "security_groups": [{"name": "tempest-secgroup-smoke-1328569557"}], "OS-SRV-USG:terminated_at": null, "OS-EXT-AZ:availability_zone": "nova", "user_id": "0559d128c37940a4af85c5e23ac1fcfb", "name": "tempest-server-smoke-264982281", "created": "2016-02-16T04:15:48Z", "tenant_id": "2432c1170bc04252987ab250f57e4cb7", "OS-DCF:diskConfig": "MANUAL", "os-extended-volumes:volumes_attached": [], "accessIPv4": "", "accessIPv6": "", "progress": 0, "OS-EXT-STS:power_state": 0, "config_drive": "", "metadata": {}}}
2016-02-16 04:15:54,090 19049 INFO     [tempest_lib.common.rest_client] Request (TestNetworkAdvancedServerOps:test_server_connectivity_pause_unpause): 200 GET http://10.4.1.3:8774/v2.1/2432c1170bc04252987ab250f57e4cb7/servers/4a6ef789-bdd2-41b0-85b9-79c28ddae9e7 0.774s
2016-02-16 04:15:54,090 19049 DEBUG    [tempest_lib.common.rest_client] Request - Headers: {'Content-Type': 'application/json', 'Accept': 'application/json', 'X-Auth-Token': '&lt;omitted&gt;'}
        Body: None
    Response - Headers: {'status': '200', 'content-length': '1475', 'content-location': 'http://10.4.1.3:8774/v2.1/2432c1170bc04252987ab250f57e4cb7/servers/4a6ef789-bdd2-41b0-85b9-79c28ddae9e7', 'x-compute-request-id': 'req-b2110b3c-92b3-4681-8714-b10829254e5a', 'vary': 'X-OpenStack-Nova-API-Version', 'connection': 'close', 'x-openstack-nova-api-version': '2.1', 'date': 'Tue, 16 Feb 2016 04:15:54 GMT', 'content-type': 'application/json'}
        Body: {"server": {"status": "BUILD", "updated": "2016-02-16T04:15:49Z", "hostId": "2281856b2125aaa104411b0998e7984b658c78948554082a27473b16", "addresses": {}, "links": [{"href": "http://10.4.1.3:8774/v2.1/2432c1170bc04252987ab250f57e4cb7/servers/4a6ef789-bdd2-41b0-85b9-79c28ddae9e7", "rel": "self"}, {"href": "http://10.4.1.3:8774/2432c1170bc04252987ab250f57e4cb7/servers/4a6ef789-bdd2-41b0-85b9-79c28ddae9e7", "rel": "bookmark"}], "key_name": "tempest-TestNetworkAdvancedServerOps-1973397653", "image": {"id": "c73bcb57-0336-4094-b158-2b9de6f74882", "links": [{"href": "http://10.4.1.3:8774/2432c1170bc04252987ab250f57e4cb7/images/c73bcb57-0336-4094-b158-2b9de6f74882", "rel": "bookmark"}]}, "OS-EXT-STS:task_state": "spawning", "OS-EXT-STS:vm_state": "building", "OS-SRV-USG:launched_at": null, "flavor": {"id": "42", "links": [{"href": "http://10.4.1.3:8774/2432c1170bc04252987ab250f57e4cb7/flavors/42", "rel": "bookmark"}]}, "id": "4a6ef789-bdd2-41b0-85b9-79c28ddae9e7", "security_groups": [{"name": "tempest-secgroup-smoke-1328569557"}], "OS-SRV-USG:terminated_at": null, "OS-EXT-AZ:availability_zone": "nova", "user_id": "0559d128c37940a4af85c5e23ac1fcfb", "name": "tempest-server-smoke-264982281", "created": "2016-02-16T04:15:48Z", "tenant_id": "2432c1170bc04252987ab250f57e4cb7", "OS-DCF:diskConfig": "MANUAL", "os-extended-volumes:volumes_attached": [], "accessIPv4": "", "accessIPv6": "", "progress": 0, "OS-EXT-STS:power_state": 0, "config_drive": "", "metadata": {}}}
2016-02-16 04:15:55,783 19049 INFO     [tempest_lib.common.rest_client] Request (TestNetworkAdvancedServerOps:test_server_connectivity_pause_unpause): 200 GET http://10.4.1.3:8774/v2.1/2432c1170bc04252987ab250f57e4cb7/servers/4a6ef789-bdd2-41b0-85b9-79c28ddae9e7 0.682s
2016-02-16 04:15:55,783 19049 DEBUG    [tempest_lib.common.rest_client] Request - Headers: {'Content-Type': 'application/json', 'Accept': 'application/json', 'X-Auth-Token': '&lt;omitted&gt;'}
        Body: None
    Response - Headers: {'status': '200', 'content-length': '1647', 'content-location': 'http://10.4.1.3:8774/v2.1/2432c1170bc04252987ab250f57e4cb7/servers/4a6ef789-bdd2-41b0-85b9-79c28ddae9e7', 'x-compute-request-id': 'req-efaae19b-1a28-40e1-bd84-390048bcb793', 'vary': 'X-OpenStack-Nova-API-Version', 'connection': 'close', 'x-openstack-nova-api-version': '2.1', 'date': 'Tue, 16 Feb 2016 04:15:55 GMT', 'content-type': 'application/json'}
        Body: {"server": {"status": "ACTIVE", "updated": "2016-02-16T04:15:54Z", "hostId": "2281856b2125aaa104411b0998e7984b658c78948554082a27473b16", "addresses": {"tempest-network-smoke--2041475644": [{"OS-EXT-IPS-MAC:mac_addr": "fa:16:3e:0c:d2:6c", "version": 4, "addr": "10.100.0.3", "OS-EXT-IPS:type": "fixed"}]}, "links": [{"href": "http://10.4.1.3:8774/v2.1/2432c1170bc04252987ab250f57e4cb7/servers/4a6ef789-bdd2-41b0-85b9-79c28ddae9e7", "rel": "self"}, {"href": "http://10.4.1.3:8774/2432c1170bc04252987ab250f57e4cb7/servers/4a6ef789-bdd2-41b0-85b9-79c28ddae9e7", "rel": "bookmark"}], "key_name": "tempest-TestNetworkAdvancedServerOps-1973397653", "image": {"id": "c73bcb57-0336-4094-b158-2b9de6f74882", "links": [{"href": "http://10.4.1.3:8774/2432c1170bc04252987ab250f57e4cb7/images/c73bcb57-0336-4094-b158-2b9de6f74882", "rel": "bookmark"}]}, "OS-EXT-STS:task_state": null, "OS-EXT-STS:vm_state": "active", "OS-SRV-USG:launched_at": "2016-02-16T04:15:54.000000", "flavor": {"id": "42", "links": [{"href": "http://10.4.1.3:8774/2432c1170bc04252987ab250f57e4cb7/flavors/42", "rel": "bookmark"}]}, "id": "4a6ef789-bdd2-41b0-85b9-79c28ddae9e7", "security_groups": [{"name": "tempest-secgroup-smoke-1328569557"}], "OS-SRV-USG:terminated_at": null, "OS-EXT-AZ:availability_zone": "nova", "user_id": "0559d128c37940a4af85c5e23ac1fcfb", "name": "tempest-server-smoke-264982281", "created": "2016-02-16T04:15:48Z", "tenant_id": "2432c1170bc04252987ab250f57e4cb7", "OS-DCF:diskConfig": "MANUAL", "os-extended-volumes:volumes_attached": [], "accessIPv4": "", "accessIPv6": "", "progress": 0, "OS-EXT-STS:power_state": 1, "config_drive": "True", "metadata": {}}}
2016-02-16 04:15:55,796 19049 INFO     [tempest.common.waiters] State transition "BUILD/spawning" ==&gt; "ACTIVE/None" after 7 second wait
2016-02-16 04:15:56,506 19049 INFO     [tempest_lib.common.rest_client] Request (TestNetworkAdvancedServerOps:test_server_connectivity_pause_unpause): 200 GET http://10.4.1.3:8774/v2.1/2432c1170bc04252987ab250f57e4cb7/servers/4a6ef789-bdd2-41b0-85b9-79c28ddae9e7 0.710s
2016-02-16 04:15:56,506 19049 DEBUG    [tempest_lib.common.rest_client] Request - Headers: {'Content-Type': 'application/json', 'Accept': 'application/json', 'X-Auth-Token': '&lt;omitted&gt;'}
        Body: None
    Response - Headers: {'status': '200', 'content-length': '1647', 'content-location': 'http://10.4.1.3:8774/v2.1/2432c1170bc04252987ab250f57e4cb7/servers/4a6ef789-bdd2-41b0-85b9-79c28ddae9e7', 'x-compute-request-id': 'req-28ea889f-911c-435b-8973-dec80dcb1e65', 'vary': 'X-OpenStack-Nova-API-Version', 'connection': 'close', 'x-openstack-nova-api-version': '2.1', 'date': 'Tue, 16 Feb 2016 04:15:56 GMT', 'content-type': 'application/json'}
        Body: {"server": {"status": "ACTIVE", "updated": "2016-02-16T04:15:54Z", "hostId": "2281856b2125aaa104411b0998e7984b658c78948554082a27473b16", "addresses": {"tempest-network-smoke--2041475644": [{"OS-EXT-IPS-MAC:mac_addr": "fa:16:3e:0c:d2:6c", "version": 4, "addr": "10.100.0.3", "OS-EXT-IPS:type": "fixed"}]}, "links": [{"href": "http://10.4.1.3:8774/v2.1/2432c1170bc04252987ab250f57e4cb7/servers/4a6ef789-bdd2-41b0-85b9-79c28ddae9e7", "rel": "self"}, {"href": "http://10.4.1.3:8774/2432c1170bc04252987ab250f57e4cb7/servers/4a6ef789-bdd2-41b0-85b9-79c28ddae9e7", "rel": "bookmark"}], "key_name": "tempest-TestNetworkAdvancedServerOps-1973397653", "image": {"id": "c73bcb57-0336-4094-b158-2b9de6f74882", "links": [{"href": "http://10.4.1.3:8774/2432c1170bc04252987ab250f57e4cb7/images/c73bcb57-0336-4094-b158-2b9de6f74882", "rel": "bookmark"}]}, "OS-EXT-STS:task_state": null, "OS-EXT-STS:vm_state": "active", "OS-SRV-USG:launched_at": "2016-02-16T04:15:54.000000", "flavor": {"id": "42", "links": [{"href": "http://10.4.1.3:8774/2432c1170bc04252987ab250f57e4cb7/flavors/42", "rel": "bookmark"}]}, "id": "4a6ef789-bdd2-41b0-85b9-79c28ddae9e7", "security_groups": [{"name": "tempest-secgroup-smoke-1328569557"}], "OS-SRV-USG:terminated_at": null, "OS-EXT-AZ:availability_zone": "nova", "user_id": "0559d128c37940a4af85c5e23ac1fcfb", "name": "tempest-server-smoke-264982281", "created": "2016-02-16T04:15:48Z", "tenant_id": "2432c1170bc04252987ab250f57e4cb7", "OS-DCF:diskConfig": "MANUAL", "os-extended-volumes:volumes_attached": [], "accessIPv4": "", "accessIPv6": "", "progress": 0, "OS-EXT-STS:power_state": 1, "config_drive": "True", "metadata": {}}}
2016-02-16 04:15:56,705 19049 INFO     [tempest_lib.common.rest_client] Request (TestNetworkAdvancedServerOps:test_server_connectivity_pause_unpause): 200 GET http://10.4.1.3:9696/v2.0/ports?status=ACTIVE&amp;fixed_ip=None&amp;device_id=4a6ef789-bdd2-41b0-85b9-79c28ddae9e7 0.184s
2016-02-16 04:15:56,706 19049 DEBUG    [tempest_lib.common.rest_client] Request - Headers: {'Content-Type': 'application/json', 'Accept': 'application/json', 'X-Auth-Token': '&lt;omitted&gt;'}
        Body: None
    Response - Headers: {'status': '200', 'content-length': '755', 'content-location': 'http://10.4.1.3:9696/v2.0/ports?status=ACTIVE&amp;fixed_ip=None&amp;device_id=4a6ef789-bdd2-41b0-85b9-79c28ddae9e7', 'connection': 'close', 'date': 'Tue, 16 Feb 2016 04:15:56 GMT', 'content-type': 'application/json; charset=UTF-8', 'x-openstack-request-id': 'req-4b822210-c99b-4d30-9233-cd0ac99e93b1'}
        Body: {"ports": [{"status": "ACTIVE", "binding:host_id": "vagrant-ubuntu-trusty-64", "name": "", "allowed_address_pairs": [], "admin_state_up": true, "network_id": "743872d1-2503-4973-8846-7ab2e65d2d20", "tenant_id": "2432c1170bc04252987ab250f57e4cb7", "extra_dhcp_opts": [], "mac_address": "fa:16:3e:0c:d2:6c", "binding:vif_details": {"port_filter": true}, "binding:vif_type": "ovs", "device_owner": "compute:None", "binding:profile": {}, "port_security_enabled": true, "binding:vnic_type": "normal", "fixed_ips": [{"subnet_id": "cb34e334-c646-4950-afda-4eb7b3ddc119", "ip_address": "10.100.0.3"}], "id": "1e09114c-aed7-4944-b56c-eb3c5639e99c", "security_groups": ["535c8a8d-5ffa-4d10-88a7-bf031cfcffea"], "device_id": "4a6ef789-bdd2-41b0-85b9-79c28ddae9e7"}]}
2016-02-16 04:15:57,519 19049 INFO     [tempest_lib.common.rest_client] Request (TestNetworkAdvancedServerOps:test_server_connectivity_pause_unpause): 201 POST http://10.4.1.3:9696/v2.0/floatingips 0.811s
2016-02-16 04:15:57,519 19049 DEBUG    [tempest_lib.common.rest_client] Request - Headers: {'Content-Type': 'application/json', 'Accept': 'application/json', 'X-Auth-Token': '&lt;omitted&gt;'}
        Body: {"floatingip": {"floating_network_id": "810c27b9-fbd2-4c75-b695-b20458cee12c", "tenant_id": "2432c1170bc04252987ab250f57e4cb7", "fixed_ip_address": "10.100.0.3", "port_id": "1e09114c-aed7-4944-b56c-eb3c5639e99c"}}
    Response - Headers: {'status': '201', 'content-length': '369', 'connection': 'close', 'date': 'Tue, 16 Feb 2016 04:15:57 GMT', 'content-type': 'application/json; charset=UTF-8', 'x-openstack-request-id': 'req-4ada270f-6f63-4fe8-81eb-b82cf3f3b33a'}
        Body: {"floatingip": {"floating_network_id": "810c27b9-fbd2-4c75-b695-b20458cee12c", "router_id": "bf4e7a93-89a8-4b72-9636-c48eb78ad74b", "fixed_ip_address": "10.100.0.3", "floating_ip_address": "172.24.4.4", "tenant_id": "2432c1170bc04252987ab250f57e4cb7", "status": "ACTIVE", "port_id": "1e09114c-aed7-4944-b56c-eb3c5639e99c", "id": "9a72c9ce-b0d4-4450-a4b0-82742c8c4756"}}
2016-02-16 04:15:58,319 19049 INFO     [tempest_lib.common.rest_client] Request (TestNetworkAdvancedServerOps:test_server_connectivity_pause_unpause): 200 GET http://10.4.1.3:8774/v2.1/2432c1170bc04252987ab250f57e4cb7/servers/4a6ef789-bdd2-41b0-85b9-79c28ddae9e7 0.799s
2016-02-16 04:15:58,319 19049 DEBUG    [tempest_lib.common.rest_client] Request - Headers: {'Content-Type': 'application/json', 'Accept': 'application/json', 'X-Auth-Token': '&lt;omitted&gt;'}
        Body: None
    Response - Headers: {'status': '200', 'content-length': '1647', 'content-location': 'http://10.4.1.3:8774/v2.1/2432c1170bc04252987ab250f57e4cb7/servers/4a6ef789-bdd2-41b0-85b9-79c28ddae9e7', 'x-compute-request-id': 'req-3e800082-7403-4542-8227-959f6f97ff63', 'vary': 'X-OpenStack-Nova-API-Version', 'connection': 'close', 'x-openstack-nova-api-version': '2.1', 'date': 'Tue, 16 Feb 2016 04:15:58 GMT', 'content-type': 'application/json'}
        Body: {"server": {"status": "ACTIVE", "updated": "2016-02-16T04:15:54Z", "hostId": "2281856b2125aaa104411b0998e7984b658c78948554082a27473b16", "addresses": {"tempest-network-smoke--2041475644": [{"OS-EXT-IPS-MAC:mac_addr": "fa:16:3e:0c:d2:6c", "version": 4, "addr": "10.100.0.3", "OS-EXT-IPS:type": "fixed"}]}, "links": [{"href": "http://10.4.1.3:8774/v2.1/2432c1170bc04252987ab250f57e4cb7/servers/4a6ef789-bdd2-41b0-85b9-79c28ddae9e7", "rel": "self"}, {"href": "http://10.4.1.3:8774/2432c1170bc04252987ab250f57e4cb7/servers/4a6ef789-bdd2-41b0-85b9-79c28ddae9e7", "rel": "bookmark"}], "key_name": "tempest-TestNetworkAdvancedServerOps-1973397653", "image": {"id": "c73bcb57-0336-4094-b158-2b9de6f74882", "links": [{"href": "http://10.4.1.3:8774/2432c1170bc04252987ab250f57e4cb7/images/c73bcb57-0336-4094-b158-2b9de6f74882", "rel": "bookmark"}]}, "OS-EXT-STS:task_state": null, "OS-EXT-STS:vm_state": "active", "OS-SRV-USG:launched_at": "2016-02-16T04:15:54.000000", "flavor": {"id": "42", "links": [{"href": "http://10.4.1.3:8774/2432c1170bc04252987ab250f57e4cb7/flavors/42", "rel": "bookmark"}]}, "id": "4a6ef789-bdd2-41b0-85b9-79c28ddae9e7", "security_groups": [{"name": "tempest-secgroup-smoke-1328569557"}], "OS-SRV-USG:terminated_at": null, "OS-EXT-AZ:availability_zone": "nova", "user_id": "0559d128c37940a4af85c5e23ac1fcfb", "name": "tempest-server-smoke-264982281", "created": "2016-02-16T04:15:48Z", "tenant_id": "2432c1170bc04252987ab250f57e4cb7", "OS-DCF:diskConfig": "MANUAL", "os-extended-volumes:volumes_attached": [], "accessIPv4": "", "accessIPv6": "", "progress": 0, "OS-EXT-STS:power_state": 1, "config_drive": "True", "metadata": {}}}
2016-02-16 04:15:58,334 19049 INFO     [tempest.scenario.manager] Tenant networks not configured to be reachable.
2016-02-16 04:15:58,503 19049 INFO     [tempest_lib.common.rest_client] Request (TestNetworkAdvancedServerOps:test_server_connectivity_pause_unpause): 200 GET http://10.4.1.3:9696/v2.0/floatingips/9a72c9ce-b0d4-4450-a4b0-82742c8c4756 0.168s
2016-02-16 04:15:58,503 19049 DEBUG    [tempest_lib.common.rest_client] Request - Headers: {'Content-Type': 'application/json', 'Accept': 'application/json', 'X-Auth-Token': '&lt;omitted&gt;'}
        Body: None
    Response - Headers: {'status': '200', 'content-length': '369', 'content-location': 'http://10.4.1.3:9696/v2.0/floatingips/9a72c9ce-b0d4-4450-a4b0-82742c8c4756', 'connection': 'close', 'date': 'Tue, 16 Feb 2016 04:15:58 GMT', 'content-type': 'application/json; charset=UTF-8', 'x-openstack-request-id': 'req-af9f298e-e419-4f43-8cfe-7d762c39276a'}
        Body: {"floatingip": {"floating_network_id": "810c27b9-fbd2-4c75-b695-b20458cee12c", "router_id": "bf4e7a93-89a8-4b72-9636-c48eb78ad74b", "fixed_ip_address": "10.100.0.3", "floating_ip_address": "172.24.4.4", "tenant_id": "2432c1170bc04252987ab250f57e4cb7", "status": "ACTIVE", "port_id": "1e09114c-aed7-4944-b56c-eb3c5639e99c", "id": "9a72c9ce-b0d4-4450-a4b0-82742c8c4756"}}
2016-02-16 04:15:58,504 19049 INFO     [tempest.scenario.manager] FloatingIP: &lt;"FloatingIP" addr="172.24.4.4" id="9a72c9ce-b0d4-4450-a4b0-82742c8c4756"&gt; is at status: ACTIVE
2016-02-16 04:15:58,504 19049 DEBUG    [tempest.scenario.manager] checking network connections to IP 172.24.4.4 with user: cirros
2016-02-16 04:15:58,505 19049 DEBUG    [tempest.scenario.manager] TestNetworkAdvancedServerOps:test_server_connectivity_pause_unpause begins to ping 172.24.4.4 in 120 sec and the expected result is reachable
2016-02-16 04:18:00,084 19049 DEBUG    [tempest.scenario.manager] TestNetworkAdvancedServerOps:test_server_connectivity_pause_unpause finishes ping 172.24.4.4 in 120 sec and the ping result is unexpected
2016-02-16 04:18:00,086 19049 ERROR    [tempest.scenario.manager] Public network connectivity check failed
2016-02-16 04:18:00.086 19049 ERROR tempest.scenario.manager Traceback (most recent call last):
2016-02-16 04:18:00.086 19049 ERROR tempest.scenario.manager   File "tempest/scenario/manager.py", line 598, in check_public_network_connectivity
2016-02-16 04:18:00.086 19049 ERROR tempest.scenario.manager     should_connect=should_connect)
2016-02-16 04:18:00.086 19049 ERROR tempest.scenario.manager   File "tempest/scenario/manager.py", line 582, in check_vm_connectivity
2016-02-16 04:18:00.086 19049 ERROR tempest.scenario.manager     msg=msg)
2016-02-16 04:18:00.086 19049 ERROR tempest.scenario.manager   File "/usr/local/lib/python2.7/dist-packages/unittest2/case.py", line 702, in assertTrue
2016-02-16 04:18:00.086 19049 ERROR tempest.scenario.manager     raise self.failureException(msg)
2016-02-16 04:18:00.086 19049 ERROR tempest.scenario.manager AssertionError: False is not true : Timed out waiting for 172.24.4.4 to become reachable
2016-02-16 04:18:00.086 19049 ERROR tempest.scenario.manager 
2016-02-16 04:18:00,478 19049 INFO     [tempest_lib.common.rest_client] Request (TestNetworkAdvancedServerOps:test_server_connectivity_pause_unpause): 200 POST http://10.4.1.3:8774/v2.1/2432c1170bc04252987ab250f57e4cb7/servers/4a6ef789-bdd2-41b0-85b9-79c28ddae9e7/action 0.388s
2016-02-16 04:18:00,479 19049 DEBUG    [tempest_lib.common.rest_client] Request - Headers: {'Content-Type': 'application/json', 'Accept': 'application/json', 'X-Auth-Token': '&lt;omitted&gt;'}
        Body: {"os-getConsoleOutput": {}}
    Response - Headers: {'status': '200', 'content-length': '17581', 'x-compute-request-id': 'req-33704cd8-3d6c-42cc-8c35-e9fc362e8943', 'vary': 'X-OpenStack-Nova-API-Version', 'connection': 'close', 'x-openstack-nova-api-version': '2.1', 'date': 'Tue, 16 Feb 2016 04:18:00 GMT', 'content-type': 'application/json'}
        Body: {"output": "[    0.000000] Initializing cgroup subsys cpuset\n[    0.000000] Initializing cgroup subsys cpu\n[    0.000000] Linux version 3.2.0-80-virtual (buildd@batsu) (gcc version 4.6.3 (Ubuntu/Linaro 4.6.3-1ubuntu5) ) #116-Ubuntu SMP Mon Mar 23 17:28:52 UTC 2015 (Ubuntu 3.2.0-80.116-virtual 3.2.68)\n[    0.000000] Command line: root=/dev/vda console=tty0 console=ttyS0 no_timer_check\n[    0.000000] KERNEL supported cpus:\n[    0.000000]   Intel GenuineIntel\n[    0.000000]   AMD AuthenticAMD\n[    0.000000]   Centaur CentaurHauls\n[    0.000000] BIOS-provided physical RAM map:\n[    0.000000]  BIOS-e820: 0000000000000000 - 000000000009fc00 (usable)\n[    0.000000]  BIOS-e820: 000000000009fc00 - 00000000000a0000 (reserved)\n[    0.000000]  BIOS-e820: 00000000000f0000 - 0000000000100000 (reserved)\n[    0.000000]  BIOS-e820: 0000000000100000 - 0000000003ffe000 (usable)\n[    0.000000]  BIOS-e820: 0000000003ffe000 - 0000000004000000 (reserved)\n[    0.000000]  BIOS-e820: 00000000fffc0000 - 0000000100000000 (reserved)\n[    0.000000] NX (Execute Disable) protection: active\n[    0.000000] SMBIOS 2.4 present.\n[    0.000000] No AGP bridge found\n[    0.000000] last_pfn = 0x3ffe max_arch_pfn = 0x400000000\n[    0.000000] x86 PAT enabled: cpu 0, old 0x7040600070406, new 0x7010600070106\n[    0.000000] found SMP MP-table at [ffff8800000f0b00] f0b00\n[    0.000000] init_memory_mapping: 0000000000000000-0000000003ffe000\n[    0.000000] RAMDISK: 03c5e000 - 03ff0000\n[    0.000000] ACPI: RSDP 00000000000f0950 00014 (v00 BOCHS )\n[    0.000000] ACPI: RSDT 0000000003fffbc1 00034 (v01 BOCHS  BXPCRSDT 00000001 BXPC 00000001)\n[    0.000000] ACPI: FACP 0000000003fff1c0 00074 (v01 BOCHS  BXPCFACP 00000001 BXPC 00000001)\n[    0.000000] ACPI: DSDT 0000000003ffe040 01180 (v01 BOCHS  BXPCDSDT 00000001 BXPC 00000001)\n[    0.000000] ACPI: FACS 0000000003ffe000 00040\n[    0.000000] ACPI: SSDT 0000000003fff234 008DD (v01 BOCHS  BXPCSSDT 00000001 BXPC 00000001)\n[    0.000000] ACPI: APIC 0000000003fffb11 00078 (v01 BOCHS  BXPCAPIC 00000001 BXPC 00000001)\n[    0.000000] ACPI: HPET 0000000003fffb89 00038 (v01 BOCHS  BXPCHPET 00000001 BXPC 00000001)\n[    0.000000] No NUMA configuration found\n[    0.000000] Faking a node at 0000000000000000-0000000003ffe000\n[    0.000000] Initmem setup node 0 0000000000000000-0000000003ffe000\n[    0.000000]   NODE_DATA [0000000003ff6000 - 0000000003ffafff]\n[    0.000000] Zone PFN ranges:\n[    0.000000]   DMA      0x00000010 -&gt; 0x00001000\n[    0.000000]   DMA32    0x00001000 -&gt; 0x00100000\n[    0.000000]   Normal   empty\n[    0.000000] Movable zone start PFN for each node\n[    0.000000] early_node_map[2] active PFN ranges\n[    0.000000]     0: 0x00000010 -&gt; 0x0000009f\n[    0.000000]     0: 0x00000100 -&gt; 0x00003ffe\n[    0.000000] ACPI: PM-Timer IO Port: 0xb008\n[    0.000000] ACPI: LAPIC (acpi_id[0x00] lapic_id[0x00] enabled)\n[    0.000000] ACPI: LAPIC_NMI (acpi_id[0xff] dfl dfl lint[0x1])\n[    0.000000] ACPI: IOAPIC (id[0x00] address[0xfec00000] gsi_base[0])\n[    0.000000] IOAPIC[0]: apic_id 0, version 17, address 0xfec00000, GSI 0-23\n[    0.000000] ACPI: INT_SRC_OVR (bus 0 bus_irq 0 global_irq 2 dfl dfl)\n[    0.000000] ACPI: INT_SRC_OVR (bus 0 bus_irq 5 global_irq 5 high level)\n[    0.000000] ACPI: INT_SRC_OVR (bus 0 bus_irq 9 global_irq 9 high level)\n[    0.000000] ACPI: INT_SRC_OVR (bus 0 bus_irq 10 global_irq 10 high level)\n[    0.000000] ACPI: INT_SRC_OVR (bus 0 bus_irq 11 global_irq 11 high level)\n[    0.000000] Using ACPI (MADT) for SMP configuration information\n[    0.000000] ACPI: HPET id: 0x8086a201 base: 0xfed00000\n[    0.000000] SMP: Allowing 1 CPUs, 0 hotplug CPUs\n[    0.000000] PM: Registered nosave memory: 000000000009f000 - 00000000000a0000\n[    0.000000] PM: Registered nosave memory: 00000000000a0000 - 00000000000f0000\n[    0.000000] PM: Registered nosave memory: 00000000000f0000 - 0000000000100000\n[    0.000000] Allocating PCI resources starting at 4000000 (gap: 4000000:fbfc0000)\n[    0.000000] Booting paravirtualized kernel on bare hardware\n[    0.000000] setup_pe
2016-02-16 04:18:00,483 19049 DEBUG    [tempest.scenario.manager] Console output for 4a6ef789-bdd2-41b0-85b9-79c28ddae9e7
body=
[    0.000000] Initializing cgroup subsys cpuset
[    0.000000] Initializing cgroup subsys cpu
[    0.000000] Linux version 3.2.0-80-virtual (buildd@batsu) (gcc version 4.6.3 (Ubuntu/Linaro 4.6.3-1ubuntu5) ) #116-Ubuntu SMP Mon Mar 23 17:28:52 UTC 2015 (Ubuntu 3.2.0-80.116-virtual 3.2.68)
[    0.000000] Command line: root=/dev/vda console=tty0 console=ttyS0 no_timer_check
[    0.000000] KERNEL supported cpus:
[    0.000000]   Intel GenuineIntel
[    0.000000]   AMD AuthenticAMD
[    0.000000]   Centaur CentaurHauls
[    0.000000] BIOS-provided physical RAM map:
[    0.000000]  BIOS-e820: 0000000000000000 - 000000000009fc00 (usable)
[    0.000000]  BIOS-e820: 000000000009fc00 - 00000000000a0000 (reserved)
[    0.000000]  BIOS-e820: 00000000000f0000 - 0000000000100000 (reserved)
[    0.000000]  BIOS-e820: 0000000000100000 - 0000000003ffe000 (usable)
[    0.000000]  BIOS-e820: 0000000003ffe000 - 0000000004000000 (reserved)
[    0.000000]  BIOS-e820: 00000000fffc0000 - 0000000100000000 (reserved)
[    0.000000] NX (Execute Disable) protection: active
[    0.000000] SMBIOS 2.4 present.
[    0.000000] No AGP bridge found
[    0.000000] last_pfn = 0x3ffe max_arch_pfn = 0x400000000
[    0.000000] x86 PAT enabled: cpu 0, old 0x7040600070406, new 0x7010600070106
[    0.000000] found SMP MP-table at [ffff8800000f0b00] f0b00
[    0.000000] init_memory_mapping: 0000000000000000-0000000003ffe000
[    0.000000] RAMDISK: 03c5e000 - 03ff0000
[    0.000000] ACPI: RSDP 00000000000f0950 00014 (v00 BOCHS )
[    0.000000] ACPI: RSDT 0000000003fffbc1 00034 (v01 BOCHS  BXPCRSDT 00000001 BXPC 00000001)
[    0.000000] ACPI: FACP 0000000003fff1c0 00074 (v01 BOCHS  BXPCFACP 00000001 BXPC 00000001)
[    0.000000] ACPI: DSDT 0000000003ffe040 01180 (v01 BOCHS  BXPCDSDT 00000001 BXPC 00000001)
[    0.000000] ACPI: FACS 0000000003ffe000 00040
[    0.000000] ACPI: SSDT 0000000003fff234 008DD (v01 BOCHS  BXPCSSDT 00000001 BXPC 00000001)
[    0.000000] ACPI: APIC 0000000003fffb11 00078 (v01 BOCHS  BXPCAPIC 00000001 BXPC 00000001)
[    0.000000] ACPI: HPET 0000000003fffb89 00038 (v01 BOCHS  BXPCHPET 00000001 BXPC 00000001)
[    0.000000] No NUMA configuration found
[    0.000000] Faking a node at 0000000000000000-0000000003ffe000
[    0.000000] Initmem setup node 0 0000000000000000-0000000003ffe000
[    0.000000]   NODE_DATA [0000000003ff6000 - 0000000003ffafff]
[    0.000000] Zone PFN ranges:
[    0.000000]   DMA      0x00000010 -&gt; 0x00001000
[    0.000000]   DMA32    0x00001000 -&gt; 0x00100000
[    0.000000]   Normal   empty
[    0.000000] Movable zone start PFN for each node
[    0.000000] early_node_map[2] active PFN ranges
[    0.000000]     0: 0x00000010 -&gt; 0x0000009f
[    0.000000]     0: 0x00000100 -&gt; 0x00003ffe
[    0.000000] ACPI: PM-Timer IO Port: 0xb008
[    0.000000] ACPI: LAPIC (acpi_id[0x00] lapic_id[0x00] enabled)
[    0.000000] ACPI: LAPIC_NMI (acpi_id[0xff] dfl dfl lint[0x1])
[    0.000000] ACPI: IOAPIC (id[0x00] address[0xfec00000] gsi_base[0])
[    0.000000] IOAPIC[0]: apic_id 0, version 17, address 0xfec00000, GSI 0-23
[    0.000000] ACPI: INT_SRC_OVR (bus 0 bus_irq 0 global_irq 2 dfl dfl)
[    0.000000] ACPI: INT_SRC_OVR (bus 0 bus_irq 5 global_irq 5 high level)
[    0.000000] ACPI: INT_SRC_OVR (bus 0 bus_irq 9 global_irq 9 high level)
[    0.000000] ACPI: INT_SRC_OVR (bus 0 bus_irq 10 global_irq 10 high level)
[    0.000000] ACPI: INT_SRC_OVR (bus 0 bus_irq 11 global_irq 11 high level)
[    0.000000] Using ACPI (MADT) for SMP configuration information
[    0.000000] ACPI: HPET id: 0x8086a201 base: 0xfed00000
[    0.000000] SMP: Allowing 1 CPUs, 0 hotplug CPUs
[    0.000000] PM: Registered nosave memory: 000000000009f000 - 00000000000a0000
[    0.000000] PM: Registered nosave memory: 00000000000a0000 - 00000000000f0000
[    0.000000] PM: Registered nosave memory: 00000000000f0000 - 0000000000100000
[    0.000000] Allocating PCI resources starting at 4000000 (gap: 4000000:fbfc0000)
[    0.000000] Booting paravirtualized kernel on bare hardware
[    0.000000] setup_percpu: NR_CPUS:64 nr_cpumask_bits:64 nr_cpu_ids:1 nr_node_ids:1
[    0.000000] PERCPU: Embedded 27 pages/cpu @ffff880003a00000 s78848 r8192 d23552 u2097152
[    0.000000] Built 1 zonelists in Node order, mobility grouping on.  Total pages: 16008
[    0.000000] Policy zone: DMA32
[    0.000000] Kernel command line: root=/dev/vda console=tty0 console=ttyS0 no_timer_check
[    0.000000] PID hash table entries: 256 (order: -1, 2048 bytes)
[    0.000000] Checking aperture...
[    0.000000] No AGP bridge found
[    0.000000] Memory: 43492k/65528k available (6576k kernel code, 452k absent, 21584k reserved, 6620k data, 928k init)
[    0.000000] SLUB: Genslabs=15, HWalign=64, Order=0-3, MinObjects=0, CPUs=1, Nodes=1
[    0.000000] Hierarchical RCU implementation.
[    0.000000] 	RCU dyntick-idle grace-period acceleration is enabled.
[    0.000000] NR_IRQS:4352 nr_irqs:256 16
[    0.000000] Console: colour VGA+ 80x25
[    0.000000] console [tty0] enabled
[    0.000000] console [ttyS0] enabled
[    0.000000] allocated 1048576 bytes of page_cgroup
[    0.000000] please try 'cgroup_disable=memory' option if you don't want memory cgroups
[    0.000000] Fast TSC calibration failed
[    0.000000] TSC: Unable to calibrate against PIT
[    0.000000] TSC: using HPET reference calibration
[    0.000000] Detected 2292.800 MHz processor.
[    0.037202] Calibrating delay loop (skipped), value calculated using timer frequency.. 4585.60 BogoMIPS (lpj=9171200)
[    0.040834] pid_max: default: 32768 minimum: 301
[    0.050293] Security Framework initialized
[    0.055428] AppArmor: AppArmor initialized
[    0.056188] Yama: becoming mindful.
[    0.064244] Dentry cache hash table entries: 8192 (order: 4, 65536 bytes)
[    0.066358] Inode-cache hash table entries: 4096 (order: 3, 32768 bytes)
[    0.068806] Mount-cache hash table entries: 256
[    0.090127] Initializing cgroup subsys cpuacct
[    0.092098] Initializing cgroup subsys memory
[    0.093542] Initializing cgroup subsys devices
[    0.094242] Initializing cgroup subsys freezer
[    0.094872] Initializing cgroup subsys blkio
[    0.096169] Initializing cgroup subsys perf_event
[    0.101676] mce: CPU supports 10 MCE banks
[    0.105333] SMP alternatives: switching to UP code
[    0.560462] Freeing SMP alternatives: 24k freed
[    0.562405] ACPI: Core revision 20110623
[    0.608529] ftrace: allocating 26610 entries in 105 pages
[    0.637574] ..TIMER: vector=0x30 apic1=0 pin1=2 apic2=-1 pin2=-1
[    0.638764] CPU0: AMD QEMU Virtual CPU version 2.0.0 stepping 03
[    0.644039] APIC calibration not consistent with PM-Timer: 107ms instead of 100ms
[    0.644039] APIC delta adjusted to PM-Timer: 6250027 (6742586)
[    0.644039] Performance Events: Broken PMU hardware detected, using software events only.
[    0.652104] NMI watchdog disabled (cpu0): hardware events not enabled
[    0.653990] Brought up 1 CPUs
[    0.654603] Total of 1 processors activated (4585.60 BogoMIPS).
[    0.682362] devtmpfs: initialized
[    0.727392] EVM: security.selinux
[    0.728103] EVM: security.SMACK64
[    0.728865] EVM: security.capability
[    0.753677] print_constraints: dummy: 
[    0.756221] RTC time:  4:15:58, date: 02/16/16
[    0.759102] NET: Registered protocol family 16
[    0.768874] ACPI: bus type pci registered
[    0.772612] PCI: Using configuration type 1 for base access
[    0.809514] bio: create slab &lt;bio-0&gt; at 0
[    0.816289] ACPI: Added _OSI(Module Device)
[    0.816890] ACPI: Added _OSI(Processor Device)
[    0.817757] ACPI: Added _OSI(3.0 _SCP Extensions)
[    0.818335] ACPI: Added _OSI(Processor Aggregator Device)
[    0.906142] ACPI: Interpreter enabled
[    0.906828] ACPI: (supports S0 S3 S4 S5)
[    0.909647] ACPI: Using IOAPIC for interrupt routing
[    1.010372] ACPI: No dock devices found.
[    1.012189] HEST: Table not found.
[    1.012781] PCI: Using host bridge windows from ACPI; if necessary, use "pci=nocrs" and report a bug
[    1.019196] ACPI: PCI Root Bridge [PCI0] (domain 0000 [bus 00-ff])
[    1.025837] pci_root PNP0A03:00: host bridge window [io  0x0000-0x0cf7]
[    1.026741] pci_root PNP0A03:00: host bridge window [io  0x0d00-0xadff]
[    1.028118] pci_root PNP0A03:00: host bridge window [io  0xae0f-0xaeff]
[    1.028941] pci_root PNP0A03:00: host bridge window [io  0xaf20-0xafdf]
[    1.029787] pci_root PNP0A03:00: host bridge window [io  0xafe4-0xffff]
[    1.030657] pci_root PNP0A03:00: host bridge window [mem 0x000a0000-0x000bffff]
[    1.032117] pci_root PNP0A03:00: host bridge window [mem 0x04000000-0xfebfffff]
[    1.055110] pci 0000:00:01.3: quirk: [io  0xb000-0xb03f] claimed by PIIX4 ACPI
[    1.056252] pci 0000:00:01.3: quirk: [io  0xb100-0xb10f] claimed by PIIX4 SMB
[    1.121566]  pci0000:00: Unable to request _OSC control (_OSC support mask: 0x1e)
[    1.182019] ACPI: PCI Interrupt Link [LNKA] (IRQs 5 *10 11)
[    1.184805] ACPI: PCI Interrupt Link [LNKB] (IRQs 5 *10 11)
[    1.186719] ACPI: PCI Interrupt Link [LNKC] (IRQs 5 10 *11)
[    1.189135] ACPI: PCI Interrupt Link [LNKD] (IRQs 5 10 *11)
[    1.190613] ACPI: PCI Interrupt Link [LNKS] (IRQs *9)
[    1.197870] vgaarb: device added: PCI:0000:00:02.0,decodes=io+mem,owns=io+mem,locks=none
[    1.198966] vgaarb: loaded
[    1.199293] vgaarb: bridge control possible 0000:00:02.0
[    1.204152] i2c-core: driver [aat2870] using legacy suspend method
[    1.204845] i2c-core: driver [aat2870] using legacy resume method
[    1.208116] SCSI subsystem initialized
[    1.211183] usbcore: registered new interface driver usbfs
[    1.212889] usbcore: registered new interface driver hub
[    1.214096] usbcore: registered new device driver usb
[    1.218651] PCI: Using ACPI for IRQ routing
[    1.230270] NetLabel: Initializing
[    1.230712] NetLabel:  domain hash size = 128
[    1.231253] NetLabel:  protocols = UNLABELED CIPSOv4
[    1.233506] NetLabel:  unlabeled traffic allowed by default
[    1.236788] HPET: 3 timers in total, 0 timers will be used for per-cpu timer
[    1.238059] hpet0: at MMIO 0xfed00000, IRQs 2, 8, 0
[    1.238875] hpet0: 3 comparators, 64-bit 100.000000 MHz counter
[    1.252922] Switching to clocksource hpet
[    1.490096] AppArmor: AppArmor Filesystem Enabled
[    1.491413] pnp: PnP ACPI init
[    1.492115] ACPI: bus type pnp registered
[    1.511669] pnp: PnP ACPI: found 9 devices
[    1.512254] ACPI: ACPI bus type pnp unregistered
[    1.571919] NET: Registered protocol family 2
[    1.609767] IP route cache hash table entries: 512 (order: 0, 4096 bytes)
[    1.619475] TCP established hash table entries: 2048 (order: 3, 32768 bytes)
[    1.622372] TCP bind hash table entries: 2048 (order: 3, 32768 bytes)
[    1.624195] TCP: Hash tables configured (established 2048 bind 2048)
[    1.629321] TCP reno registered
[    1.630184] UDP hash table entries: 128 (order: 0, 4096 bytes)
[    1.631916] UDP-Lite hash table entries: 128 (order: 0, 4096 bytes)
[    1.640039] NET: Registered protocol family 1
[    1.642434] pci 0000:00:00.0: Limiting direct PCI/PCI transfers
[    1.643420] pci 0000:00:01.0: PIIX3: Enabling Passive Release
[    1.645605] pci 0000:00:01.0: Activating ISA DMA hang workarounds
[    1.650986] ACPI: PCI Interrupt Link [LNKD] enabled at IRQ 11
[    1.653483] pci 0000:00:01.2: PCI INT D -&gt; Link[LNKD] -&gt; GSI 11 (level, high) -&gt; IRQ 11
[    1.655449] pci 0000:00:01.2: PCI INT D disabled
[    1.674638] Trying to unpack rootfs image as initramfs...
[    1.691573] audit: initializing netlink socket (disabled)
[    1.694230] type=2000 audit(1455596157.692:1): initialized
[    1.970793] HugeTLB registered 2 MB page size, pre-allocated 0 pages
[    2.062553] VFS: Disk quotas dquot_6.5.2
[    2.065238] Dquot-cache hash table entries: 512 (order 0, 4096 bytes)
[    2.081781] fuse init (API version 7.17)
[    2.085679] msgmni has been set to 84
[    2.122367] Block layer SCSI generic (bsg) driver version 0.4 loaded (major 253)
[    2.124038] io scheduler noop registered
[    2.125618] io scheduler deadline registered (default)
[    2.127349] io scheduler cfq registered
[    2.130449] pci_hotplug: PCI Hot Plug PCI Core version: 0.5
[    2.133887] pciehp: PCI Express Hot Plug Controller Driver version: 0.4
[    2.139476] input: Power Button as /devices/LNXSYSTM:00/LNXPWRBN:00/input/input0
[    2.141856] ACPI: Power Button [PWRF]
[    2.197848] ERST: Table is not found!
[    2.198379] GHES: HEST is not enabled!
[    2.206193] ACPI: PCI Interrupt Link [LNKC] enabled at IRQ 10
[    2.207007] virtio-pci 0000:00:03.0: PCI INT A -&gt; Link[LNKC] -&gt; GSI 10 (level, high) -&gt; IRQ 10
[    2.210835] virtio-pci 0000:00:04.0: PCI INT A -&gt; Link[LNKD] -&gt; GSI 11 (level, high) -&gt; IRQ 11
[    2.223002] ACPI: PCI Interrupt Link [LNKA] enabled at IRQ 10
[    2.223852] virtio-pci 0000:00:05.0: PCI INT A -&gt; Link[LNKA] -&gt; GSI 10 (level, high) -&gt; IRQ 10
[    2.237438] Serial: 8250/16550 driver, 32 ports, IRQ sharing enabled
[    2.265602] serial8250: ttyS0 at I/O 0x3f8 (irq = 4) is a 16550A
[    2.345260] serial8250: ttyS1 at I/O 0x2f8 (irq = 3) is a 16550A
[    2.474289] 00:05: ttyS0 at I/O 0x3f8 (irq = 4) is a 16550A
[    2.545264] 00:06: ttyS1 at I/O 0x2f8 (irq = 3) is a 16550A
[    2.582837] Linux agpgart interface v0.103
[    2.639626] brd: module loaded
[    2.661667] Refined TSC clocksource calibration: 2293.039 MHz.
[    2.662439] Switching to clocksource tsc
[    2.678471] loop: module loaded
[    2.725260]  vda: unknown partition table
[    2.781235] scsi0 : ata_piix
[    2.783461] scsi1 : ata_piix
[    2.785599] ata1: PATA max MWDMA2 cmd 0x1f0 ctl 0x3f6 bmdma 0xc0a0 irq 14
[    2.786337] ata2: PATA max MWDMA2 cmd 0x170 ctl 0x376 bmdma 0xc0a8 irq 15
[    2.795369] Fixed MDIO Bus: probed
[    2.797382] tun: Universal TUN/TAP device driver, 1.6
[    2.797961] tun: (C) 1999-2004 Max Krasnyansky &lt;maxk@qualcomm.com&gt;
[    2.814930] PPP generic driver version 2.4.2
[    2.837919] ehci_hcd: USB 2.0 'Enhanced' Host Controller (EHCI) Driver
[    2.838975] ohci_hcd: USB 1.1 'Open' Host Controller (OHCI) Driver
[    2.839954] uhci_hcd: USB Universal Host Controller Interface driver
[    2.841649] uhci_hcd 0000:00:01.2: PCI INT D -&gt; Link[LNKD] -&gt; GSI 11 (level, high) -&gt; IRQ 11
[    2.844148] uhci_hcd 0000:00:01.2: UHCI Host Controller
[    2.853658] uhci_hcd 0000:00:01.2: new USB bus registered, assigned bus number 1
[    2.855378] uhci_hcd 0000:00:01.2: irq 11, io base 0x0000c040
[    2.883376] hub 1-0:1.0: USB hub found
[    2.885474] hub 1-0:1.0: 2 ports detected
[    2.892460] usbcore: registered new interface driver libusual
[    2.895708] i8042: PNP: PS/2 Controller [PNP0303:KBD,PNP0f13:MOU] at 0x60,0x64 irq 1,12
[    2.903590] serio: i8042 KBD port at 0x60,0x64 irq 1
[    2.905420] serio: i8042 AUX port at 0x60,0x64 irq 12
[    2.940907] mousedev: PS/2 mouse device common for all mice
[    2.953608] input: AT Translated Set 2 keyboard as /devices/platform/i8042/serio0/input/input1
[    2.959250] rtc_cmos 00:01: RTC can wake from S4
[    2.974171] rtc_cmos 00:01: rtc core: registered rtc_cmos as rtc0
[    2.978851] rtc0: alarms up to one day, 114 bytes nvram, hpet irqs
[    2.982694] device-mapper: uevent: version 1.0.3
[    3.023940] device-mapper: ioctl: 4.22.0-ioctl (2011-10-19) initialised: dm-devel@redhat.com
[    3.027278] cpuidle: using governor ladder
[    3.035746] cpuidle: using governor menu
[    3.037239] EFI Variables Facility v0.08 2004-May-17
[    3.059967] TCP cubic registered
[    3.065276] NET: Registered protocol family 10
[    3.106349] NET: Registered protocol family 17
[    3.108976] Registering the dns_resolver key type
[    3.125173] ata2.01: ATAPI: QEMU DVD-ROM, 2.0.0, max UDMA/100
[    3.136673] ata2.01: configured for MWDMA2
[    3.178291] scsi 1:0:1:0: CD-ROM            QEMU     QEMU DVD-ROM     2.0. PQ: 0 ANSI: 5
[    3.212878] sr0: scsi3-mmc drive: 4x/4x cd/rw xa/form2 tray
[    3.214617] cdrom: Uniform CD-ROM driver Revision: 3.20
[    3.235807] sr 1:0:1:0: Attached scsi generic sg0 type 5
[    3.309758] registered taskstats version 1
[    3.416017] Freeing initrd memory: 3656k freed
[    3.894292]   Magic number: 4:318:262
[    3.907616] rtc_cmos 00:01: setting system clock to 2016-02-16 04:16:01 UTC (1455596161)
[    3.910686] powernow-k8: Processor cpuid 663 not supported
[    3.919730] BIOS EDD facility v0.16 2004-Jun-25, 0 devices found
[    3.921057] EDD information not available.
[    3.984863] Freeing unused kernel memory: 928k freed
[    3.990727] Write protecting the kernel read-only data: 12288k
[    4.100017] Freeing unused kernel memory: 1596k freed
[    4.174547] Freeing unused kernel memory: 1184k freed

info: initramfs: up at 4.37
modprobe: module virtio_blk not found in modules.dep
modprobe: module virtio_net not found in modules.dep
info: copying initramfs to /dev/vda
info: initramfs loading root from /dev/vda
info: /etc/init.d/rc.sysinit: up at 8.98
info: container: none
Starting logging: OK
modprobe: module virtio_blk not found in modules.dep
modprobe: module virtio_net not found in modules.dep
WARN: /etc/rc3.d/S10-load-modules failed
Initializing random number generator... done.
Starting acpid: OK
cirros-ds 'local' up at 11.49
found datasource (configdrive, local)
Starting network...
udhcpc (v1.20.1) started
Sending discover...
Sending discover...

2016-02-16 04:18:00,909 19049 INFO     [tempest_lib.common.rest_client] Request (TestNetworkAdvancedServerOps:_run_cleanups): 204 DELETE http://10.4.1.3:9696/v2.0/floatingips/9a72c9ce-b0d4-4450-a4b0-82742c8c4756 0.421s
2016-02-16 04:18:00,910 19049 DEBUG    [tempest_lib.common.rest_client] Request - Headers: {'Content-Type': 'application/json', 'Accept': 'application/json', 'X-Auth-Token': '&lt;omitted&gt;'}
        Body: None
    Response - Headers: {'date': 'Tue, 16 Feb 2016 04:18:00 GMT', 'status': '204', 'connection': 'close', 'content-length': '0', 'x-openstack-request-id': 'req-a10a9972-6c79-49a9-84fc-09e72568807d'}
        Body: 
2016-02-16 04:18:01,344 19049 INFO     [tempest_lib.common.rest_client] Request (TestNetworkAdvancedServerOps:_run_cleanups): 204 DELETE http://10.4.1.3:8774/v2.1/2432c1170bc04252987ab250f57e4cb7/servers/4a6ef789-bdd2-41b0-85b9-79c28ddae9e7 0.433s
2016-02-16 04:18:01,344 19049 DEBUG    [tempest_lib.common.rest_client] Request - Headers: {'Content-Type': 'application/json', 'Accept': 'application/json', 'X-Auth-Token': '&lt;omitted&gt;'}
        Body: None
    Response - Headers: {'status': '204', 'content-length': '0', 'x-compute-request-id': 'req-469c476b-6c72-455b-97f5-5191c78dd88e', 'vary': 'X-OpenStack-Nova-API-Version', 'connection': 'close', 'x-openstack-nova-api-version': '2.1', 'date': 'Tue, 16 Feb 2016 04:18:01 GMT', 'content-type': 'application/json'}
        Body: 
2016-02-16 04:18:02,100 19049 INFO     [tempest_lib.common.rest_client] Request (TestNetworkAdvancedServerOps:_run_cleanups): 200 GET http://10.4.1.3:8774/v2.1/2432c1170bc04252987ab250f57e4cb7/servers/4a6ef789-bdd2-41b0-85b9-79c28ddae9e7 0.755s
2016-02-16 04:18:02,100 19049 DEBUG    [tempest_lib.common.rest_client] Request - Headers: {'Content-Type': 'application/json', 'Accept': 'application/json', 'X-Auth-Token': '&lt;omitted&gt;'}
        Body: None
    Response - Headers: {'status': '200', 'content-length': '1770', 'content-location': 'http://10.4.1.3:8774/v2.1/2432c1170bc04252987ab250f57e4cb7/servers/4a6ef789-bdd2-41b0-85b9-79c28ddae9e7', 'x-compute-request-id': 'req-3f8ea4a6-ea26-484e-b2cd-fcfef566a871', 'vary': 'X-OpenStack-Nova-API-Version', 'connection': 'close', 'x-openstack-nova-api-version': '2.1', 'date': 'Tue, 16 Feb 2016 04:18:02 GMT', 'content-type': 'application/json'}
        Body: {"server": {"status": "ACTIVE", "updated": "2016-02-16T04:18:01Z", "hostId": "2281856b2125aaa104411b0998e7984b658c78948554082a27473b16", "addresses": {"tempest-network-smoke--2041475644": [{"OS-EXT-IPS-MAC:mac_addr": "fa:16:3e:0c:d2:6c", "version": 4, "addr": "10.100.0.3", "OS-EXT-IPS:type": "fixed"}, {"OS-EXT-IPS-MAC:mac_addr": "fa:16:3e:0c:d2:6c", "version": 4, "addr": "172.24.4.4", "OS-EXT-IPS:type": "floating"}]}, "links": [{"href": "http://10.4.1.3:8774/v2.1/2432c1170bc04252987ab250f57e4cb7/servers/4a6ef789-bdd2-41b0-85b9-79c28ddae9e7", "rel": "self"}, {"href": "http://10.4.1.3:8774/2432c1170bc04252987ab250f57e4cb7/servers/4a6ef789-bdd2-41b0-85b9-79c28ddae9e7", "rel": "bookmark"}], "key_name": "tempest-TestNetworkAdvancedServerOps-1973397653", "image": {"id": "c73bcb57-0336-4094-b158-2b9de6f74882", "links": [{"href": "http://10.4.1.3:8774/2432c1170bc04252987ab250f57e4cb7/images/c73bcb57-0336-4094-b158-2b9de6f74882", "rel": "bookmark"}]}, "OS-EXT-STS:task_state": "deleting", "OS-EXT-STS:vm_state": "active", "OS-SRV-USG:launched_at": "2016-02-16T04:15:54.000000", "flavor": {"id": "42", "links": [{"href": "http://10.4.1.3:8774/2432c1170bc04252987ab250f57e4cb7/flavors/42", "rel": "bookmark"}]}, "id": "4a6ef789-bdd2-41b0-85b9-79c28ddae9e7", "security_groups": [{"name": "tempest-secgroup-smoke-1328569557"}], "OS-SRV-USG:terminated_at": null, "OS-EXT-AZ:availability_zone": "nova", "user_id": "0559d128c37940a4af85c5e23ac1fcfb", "name": "tempest-server-smoke-264982281", "created": "2016-02-16T04:15:48Z", "tenant_id": "2432c1170bc04252987ab250f57e4cb7", "OS-DCF:diskConfig": "MANUAL", "os-extended-volumes:volumes_attached": [], "accessIPv4": "", "accessIPv6": "", "progress": 0, "OS-EXT-STS:power_state": 1, "config_drive": "True", "metadata": {}}}
2016-02-16 04:18:03,360 19049 INFO     [tempest_lib.common.rest_client] Request (TestNetworkAdvancedServerOps:_run_cleanups): 404 GET http://10.4.1.3:8774/v2.1/2432c1170bc04252987ab250f57e4cb7/servers/4a6ef789-bdd2-41b0-85b9-79c28ddae9e7 0.248s
2016-02-16 04:18:03,360 19049 DEBUG    [tempest_lib.common.rest_client] Request - Headers: {'Content-Type': 'application/json', 'Accept': 'application/json', 'X-Auth-Token': '&lt;omitted&gt;'}
        Body: None
    Response - Headers: {'status': '404', 'content-length': '111', 'x-compute-request-id': 'req-7db386f3-c726-4611-89af-ff5470dd5ca1', 'vary': 'X-OpenStack-Nova-API-Version', 'connection': 'close', 'x-openstack-nova-api-version': '2.1', 'date': 'Tue, 16 Feb 2016 04:18:03 GMT', 'content-type': 'application/json; charset=UTF-8'}
        Body: {"itemNotFound": {"message": "Instance 4a6ef789-bdd2-41b0-85b9-79c28ddae9e7 could not be found.", "code": 404}}
2016-02-16 04:18:03,975 19049 INFO     [tempest_lib.common.rest_client] Request (TestNetworkAdvancedServerOps:_run_cleanups): 500 PUT http://10.4.1.3:9696/v2.0/routers/bf4e7a93-89a8-4b72-9636-c48eb78ad74b/remove_router_interface 0.613s
2016-02-16 04:18:03,976 19049 DEBUG    [tempest_lib.common.rest_client] Request - Headers: {'Content-Type': 'application/json', 'Accept': 'application/json', 'X-Auth-Token': '&lt;omitted&gt;'}
        Body: {"subnet_id": "cb34e334-c646-4950-afda-4eb7b3ddc119"}
    Response - Headers: {'status': '500', 'content-length': '150', 'connection': 'close', 'date': 'Tue, 16 Feb 2016 04:18:03 GMT', 'content-type': 'application/json; charset=UTF-8', 'x-openstack-request-id': 'req-61bd1788-8b44-4c35-b0d2-b5a82e10b4b3'}
        Body: {"NeutronError": {"message": "Request Failed: internal server error while processing your request.", "type": "HTTPInternalServerError", "detail": ""}}
2016-02-16 04:18:04,226 19049 INFO     [tempest_lib.common.rest_client] Request (TestNetworkAdvancedServerOps:_run_cleanups): 200 GET http://10.4.1.3:9696/v2.0/routers/bf4e7a93-89a8-4b72-9636-c48eb78ad74b 0.246s
2016-02-16 04:18:04,227 19049 DEBUG    [tempest_lib.common.rest_client] Request - Headers: {'Content-Type': 'application/json', 'Accept': 'application/json', 'X-Auth-Token': '&lt;omitted&gt;'}
        Body: None
    Response - Headers: {'status': '200', 'content-length': '501', 'content-location': 'http://10.4.1.3:9696/v2.0/routers/bf4e7a93-89a8-4b72-9636-c48eb78ad74b', 'connection': 'close', 'date': 'Tue, 16 Feb 2016 04:18:04 GMT', 'content-type': 'application/json; charset=UTF-8', 'x-openstack-request-id': 'req-e6f11aaa-3a5d-4dd8-a34d-81c5c66cb79d'}
        Body: {"router": {"status": "ACTIVE", "external_gateway_info": {"network_id": "810c27b9-fbd2-4c75-b695-b20458cee12c", "enable_snat": true, "external_fixed_ips": [{"subnet_id": "ec3d0ee8-cf70-40d6-8940-b1b26deda46e", "ip_address": "172.24.4.3"}, {"subnet_id": "fa5b982f-eee4-4b0b-ba34-4727db145a8e", "ip_address": "2001:db8::4"}]}, "name": "tempest-router-smoke-1591017906", "admin_state_up": true, "tenant_id": "2432c1170bc04252987ab250f57e4cb7", "routes": [], "id": "bf4e7a93-89a8-4b72-9636-c48eb78ad74b"}}
2016-02-16 04:18:04,863 19049 INFO     [tempest_lib.common.rest_client] Request (TestNetworkAdvancedServerOps:_run_cleanups): 200 PUT http://10.4.1.3:9696/v2.0/routers/bf4e7a93-89a8-4b72-9636-c48eb78ad74b 0.635s
2016-02-16 04:18:04,864 19049 DEBUG    [tempest_lib.common.rest_client] Request - Headers: {'Content-Type': 'application/json', 'Accept': 'application/json', 'X-Auth-Token': '&lt;omitted&gt;'}
        Body: {"router": {"external_gateway_info": {}, "name": "tempest-router-smoke-1591017906", "admin_state_up": true}}
    Response - Headers: {'status': '200', 'content-length': '239', 'connection': 'close', 'date': 'Tue, 16 Feb 2016 04:18:04 GMT', 'content-type': 'application/json; charset=UTF-8', 'x-openstack-request-id': 'req-e0b6e5c6-063b-4079-876c-cca4fc89866f'}
        Body: {"router": {"status": "ACTIVE", "external_gateway_info": null, "name": "tempest-router-smoke-1591017906", "admin_state_up": true, "tenant_id": "2432c1170bc04252987ab250f57e4cb7", "routes": [], "id": "bf4e7a93-89a8-4b72-9636-c48eb78ad74b"}}
2016-02-16 04:18:05,237 19049 INFO     [tempest_lib.common.rest_client] Request (TestNetworkAdvancedServerOps:_run_cleanups): 500 DELETE http://10.4.1.3:9696/v2.0/routers/bf4e7a93-89a8-4b72-9636-c48eb78ad74b 0.372s
2016-02-16 04:18:05,238 19049 DEBUG    [tempest_lib.common.rest_client] Request - Headers: {'Content-Type': 'application/json', 'Accept': 'application/json', 'X-Auth-Token': '&lt;omitted&gt;'}
        Body: None
    Response - Headers: {'status': '500', 'content-length': '150', 'connection': 'close', 'date': 'Tue, 16 Feb 2016 04:18:05 GMT', 'content-type': 'application/json; charset=UTF-8', 'x-openstack-request-id': 'req-bf7cc05a-d08b-454d-a54f-49ef4311a8bd'}
        Body: {"NeutronError": {"message": "Request Failed: internal server error while processing your request.", "type": "HTTPInternalServerError", "detail": ""}}
2016-02-16 04:18:05,924 19049 INFO     [tempest_lib.common.rest_client] Request (TestNetworkAdvancedServerOps:_run_cleanups): 204 DELETE http://10.4.1.3:9696/v2.0/networks/743872d1-2503-4973-8846-7ab2e65d2d20 0.684s
2016-02-16 04:18:05,925 19049 DEBUG    [tempest_lib.common.rest_client] Request - Headers: {'Content-Type': 'application/json', 'Accept': 'application/json', 'X-Auth-Token': '&lt;omitted&gt;'}
        Body: None
    Response - Headers: {'date': 'Tue, 16 Feb 2016 04:18:05 GMT', 'status': '204', 'connection': 'close', 'content-length': '0', 'x-openstack-request-id': 'req-05a23ff1-99c5-4439-ad6b-9614901e52a6'}
        Body: 
2016-02-16 04:18:06,209 19049 INFO     [tempest_lib.common.rest_client] Request (TestNetworkAdvancedServerOps:_run_cleanups): 204 DELETE http://10.4.1.3:9696/v2.0/security-groups/535c8a8d-5ffa-4d10-88a7-bf031cfcffea 0.283s
2016-02-16 04:18:06,210 19049 DEBUG    [tempest_lib.common.rest_client] Request - Headers: {'Content-Type': 'application/json', 'Accept': 'application/json', 'X-Auth-Token': '&lt;omitted&gt;'}
        Body: None
    Response - Headers: {'date': 'Tue, 16 Feb 2016 04:18:06 GMT', 'status': '204', 'connection': 'close', 'content-length': '0', 'x-openstack-request-id': 'req-ff1e24c9-bd4c-4647-92f0-e622ba8a229d'}
        Body: 
2016-02-16 04:18:06,427 19049 INFO     [tempest_lib.common.rest_client] Request (TestNetworkAdvancedServerOps:_run_cleanups): 202 DELETE http://10.4.1.3:8774/v2.1/2432c1170bc04252987ab250f57e4cb7/os-keypairs/tempest-TestNetworkAdvancedServerOps-1973397653 0.216s
2016-02-16 04:18:06,428 19049 DEBUG    [tempest_lib.common.rest_client] Request - Headers: {'Content-Type': 'application/json', 'Accept': 'application/json', 'X-Auth-Token': '&lt;omitted&gt;'}
        Body: None
    Response - Headers: {'status': '202', 'content-length': '0', 'x-compute-request-id': 'req-8ce72c81-1f27-48d7-b169-a40465ac888c', 'vary': 'X-OpenStack-Nova-API-Version', 'connection': 'close', 'x-openstack-nova-api-version': '2.1', 'date': 'Tue, 16 Feb 2016 04:18:06 GMT', 'content-type': 'application/json'}
        Body: 
2016-02-16 04:18:06,715 19049 INFO     [tempest_lib.common.rest_client] Request (TestNetworkAdvancedServerOps:_run_cleanups): 404 GET http://10.4.1.3:8774/v2.1/2432c1170bc04252987ab250f57e4cb7/servers/4a6ef789-bdd2-41b0-85b9-79c28ddae9e7 0.286s
2016-02-16 04:18:06,716 19049 DEBUG    [tempest_lib.common.rest_client] Request - Headers: {'Content-Type': 'application/json', 'Accept': 'application/json', 'X-Auth-Token': '&lt;omitted&gt;'}
        Body: None
    Response - Headers: {'status': '404', 'content-length': '111', 'x-compute-request-id': 'req-926f3e09-d962-4939-b73e-0c7cc03fa7de', 'vary': 'X-OpenStack-Nova-API-Version', 'connection': 'close', 'x-openstack-nova-api-version': '2.1', 'date': 'Tue, 16 Feb 2016 04:18:06 GMT', 'content-type': 'application/json; charset=UTF-8'}
        Body: {"itemNotFound": {"message": "Instance 4a6ef789-bdd2-41b0-85b9-79c28ddae9e7 could not be found.", "code": 404}}
}}}

traceback-1: {{{
Traceback (most recent call last):
  File "tempest/scenario/manager.py", line 108, in delete_wrapper
    delete_thing(*args, **kwargs)
  File "tempest/services/network/resources.py", line 98, in delete
    subnet_id=self.id)
  File "tempest/services/network/json/network_client.py", line 199, in remove_router_interface
    return self.update_resource(uri, kwargs)
  File "tempest/services/network/json/base.py", line 68, in update_resource
    resp, body = self.put(req_uri, req_post_data)
  File "/usr/local/lib/python2.7/dist-packages/tempest_lib/common/rest_client.py", line 322, in put
    return self.request('PUT', url, extra_headers, headers, body)
  File "/usr/local/lib/python2.7/dist-packages/tempest_lib/common/rest_client.py", line 642, in request
    resp, resp_body)
  File "/usr/local/lib/python2.7/dist-packages/tempest_lib/common/rest_client.py", line 761, in _error_checker
    message=message)
tempest_lib.exceptions.ServerFault: Got server fault
Details: Request Failed: internal server error while processing your request.
}}}

traceback-2: {{{
Traceback (most recent call last):
  File "tempest/scenario/manager.py", line 108, in delete_wrapper
    delete_thing(*args, **kwargs)
  File "tempest/services/network/resources.py", line 119, in delete
    self.client.delete_router(self.id)
  File "tempest/services/network/json/network_client.py", line 169, in delete_router
    return self.delete_resource(uri)
  File "tempest/services/network/json/base.py", line 41, in delete_resource
    resp, body = self.delete(req_uri)
  File "/usr/local/lib/python2.7/dist-packages/tempest_lib/common/rest_client.py", line 290, in delete
    return self.request('DELETE', url, extra_headers, headers, body)
  File "/usr/local/lib/python2.7/dist-packages/tempest_lib/common/rest_client.py", line 642, in request
    resp, resp_body)
  File "/usr/local/lib/python2.7/dist-packages/tempest_lib/common/rest_client.py", line 761, in _error_checker
    message=message)
tempest_lib.exceptions.ServerFault: Got server fault
Details: Request Failed: internal server error while processing your request.
}}}

Traceback (most recent call last):
  File "tempest/test.py", line 113, in wrapper
    return f(self, *func_args, **func_kwargs)
  File "tempest/scenario/test_network_advanced_server_ops.py", line 132, in test_server_connectivity_pause_unpause
    server, keypair, floating_ip = self._setup_network_and_servers()
  File "tempest/scenario/test_network_advanced_server_ops.py", line 69, in _setup_network_and_servers
    server, keypair, floating_ip)
  File "tempest/scenario/test_network_advanced_server_ops.py", line 93, in _wait_server_status_and_check_network_connectivity
    self._check_network_connectivity(server, keypair, floating_ip)
  File "tempest/scenario/test_network_advanced_server_ops.py", line 86, in _check_network_connectivity
    servers=[server])
  File "tempest/scenario/manager.py", line 598, in check_public_network_connectivity
    should_connect=should_connect)
  File "tempest/scenario/manager.py", line 582, in check_vm_connectivity
    msg=msg)
  File "/usr/local/lib/python2.7/dist-packages/unittest2/case.py", line 702, in assertTrue
    raise self.failureException(msg)
AssertionError: False is not true : Timed out waiting for 172.24.4.4 to become reachable



        </pre>
    </div>
    <!--css div popup end-->

    </td>
</tr>

<tr id='ft1.2' class='none'>
    <td class='failCase'><div class='testcase'>test_server_connectivity_reboot[compute,id-7b6860c2-afa3-4846-9522-adeb38dfbe08,network]</div></td>
    <td colspan='7' align='left'>

    <!--css div popup start-->
    <a class="popup_link" onfocus='this.blur();'
    href="javascript:showTestDetail('div_ft1.2')" >
        fail</a>

    <div id='div_ft1.2' class="popup_window">
        <div style='text-align: right; color:red;cursor:pointer'>
        <a onfocus='this.blur();'
onclick="document.getElementById('div_ft1.2').style.display = 'none' " >
           [x]</a>
        </div>
        <pre>
        
ft1.2: tempest.scenario.test_network_advanced_server_ops.TestNetworkAdvancedServerOps.test_server_connectivity_reboot[compute,id-7b6860c2-afa3-4846-9522-adeb38dfbe08,network]_StringException: Empty attachments:
  stderr
  stdout

pythonlogging:'': {{{
2016-02-16 04:18:07,048 19049 INFO     [tempest_lib.common.rest_client] Request (TestNetworkAdvancedServerOps:test_server_connectivity_reboot): 200 POST http://10.4.1.3:8774/v2.1/2432c1170bc04252987ab250f57e4cb7/os-keypairs 0.305s
2016-02-16 04:18:07,049 19049 DEBUG    [tempest_lib.common.rest_client] Request - Headers: {'Content-Type': 'application/json', 'Accept': 'application/json', 'X-Auth-Token': '&lt;omitted&gt;'}
        Body: {"keypair": {"name": "tempest-TestNetworkAdvancedServerOps-1168633957"}}
    Response - Headers: {'status': '200', 'content-length': '2330', 'x-compute-request-id': 'req-12c1a257-8dfe-413b-ac97-ba1197a01c20', 'vary': 'X-OpenStack-Nova-API-Version', 'connection': 'close', 'x-openstack-nova-api-version': '2.1', 'date': 'Tue, 16 Feb 2016 04:18:07 GMT', 'content-type': 'application/json'}
        Body: {"keypair": {"public_key": "ssh-rsa AAAAB3NzaC1yc2EAAAADAQABAAABAQCqBnx9BgbzrLtudwrzhgmY1LtkoNq5+Hi7pla1Xp/PYUSp6yxPcocIg1uJYUVzgNkiQiElQRKDbG8zXGJ4ZRU7Yseeq7MGSsvQQk0EF8t6cAYdYQlcaNLs5J+scVmfHBwqmoBxBU5cSYmqU5b/dMQPOzYI8f3Xw9vDR4yyEy0bhZ7cl/c+Qkl1GDWpq/+9268LlhAxTnrO8UE7qkx27ou68c6SU3I9RjBgb45s7oCvd7NNvcOaNQOnvSuTCW0PyQrLMfH5jGCS38bawwmE3IIY/rwcgoT7rEhNnZcmsMsp4F+PynVkbuGAcCchpFZ/43ABo5VZEvRocEIfhd6fV2wB Generated-by-Nova", "private_key": "-----BEGIN RSA PRIVATE KEY-----\nMIIEqAIBAAKCAQEAqgZ8fQYG86y7bncK84YJmNS7ZKDaufh4u6ZWtV6fz2FEqess\nT3KHCINbiWFFc4DZIkIhJUESg2xvM1xieGUVO2LHnquzBkrL0EJNBBfLenAGHWEJ\nXGjS7OSfrHFZnxwcKpqAcQVOXEmJqlOW/3TEDzs2CPH918Pbw0eMshMtG4We3Jf3\nPkJJdRg1qav/vduvC5YQMU56zvFBO6pMdu6LuvHOklNyPUYwYG+ObO6Ar3ezTb3D\nmjUDp70rkwltD8kKyzHx+Yxgkt/G2sMJhNyCGP68HIKE+6xITZ2XJrDLKeBfj8p1\nZG7hgHAnIaRWf+NwAaOVWRL0aHBCH4Xen1dsAQIDAQABAoIBADxI4njd2zcpBqgL\nM2nXG64Bt5PdaNBJpl06hEH4lAdOwK7SwLpGrFQ7ZwhV4e8rP1HjSqdP5EWO+/ql\nBhEUHiwZQRgkXuybNprX90C9Qxtdfv2Ju2z1idwO0AKvigxdRitg7qukKv2T4Wjw\nDHj1KNMRtn4Dd3K6ckBSLTOykurPqDxFRPyDYueHKRN/SSslEHYB5V/qk7IpONQ4\n+pYLf2yX4/IhmfKqWv6TCefS8/gFZv4jefcUERwIpSNkW1/33trgPQ+p0LcXHww+\nTqRxx8/X85uvWs8XzXvajTe94+JqFcTMPymZsXx6WTzCNpV3speO3uOpGDXAg4V1\n/z6ZgsECggCBAL2MNbDktWcgKdHfgCjD0pW0DNQvXHw/hPn1LVhc+dOP4vAcrcHe\nwjubRNwvYaiXggHiEzI6mEgvIcqT1y1atXKvkzsY9u7THfmGhLJfFT7rWk44KLNM\nCbZDwAyRRP/hIpnjNbpBCmbdxNubnvqTnRqMS/9CPKdPfqAOn1s6STopAoIAgQDl\noigoYt3U76bqm4K5CfxHlxPjmVRH0IioeQC09pRnhfz7i0Gh6X2PHi7dyrNOctWL\nqN7/B5vZUJiiP+d395U7bObXwLlmPMddNLhgQuQzdheVhhoA8ZYouHuqktS2Vm+H\nLS5lNUCj29wXkQs9A1R9afThfn7UC5gsN+fWqj6OGQKCAIEApratepqOWtfVMHyt\n0iz6CSXFqtLFO5r6sIbOjUupiESjy6DNyxjMKXUVibw63vfzJwja7XDQA51A0VZb\nCc8gjHCUxIPenIwfbxq7l889dou2b9nBIoIcgKzyO5uB3rT7o/JNjTYrmfIwdR9Z\nIve2VGVVanutsVKgAtMZojmPspECggCAP63uMPTpy2kCAsFJSQMJ4Nh2fYFBrACa\nRQ35MjXHBcZUV3VQqBPV6+BU4tCZVMHnkiksXdDAWU1OZoAOMmiIC8ixY1dgkod8\nSc6a6qbiHZs8Aw0DHQvhtj0injTFpCLoHrZazVotKMOJj0d7tFm+DmFZtUac6TSl\n6G1Ab3kai9ECggCANaCeWQpFC+ezwPDeU9lPs4pZ3cVQAGf2jQkycq0kOW19Z+Ho\nnQQV9ZydKXH6MVUpIP+Ct5cYHjExD3eeYHF9eI1H+hTYyGh1TuZwwlwh+5XvJTur\nOKtJG4apZ5782N6tDaZQxCrJfS/3+zSd9TBHJA+OawChvD8nIeVsusWgqpo=\n-----END RSA PRIVATE KEY-----\n", "user_id": "0559d128c37940a4af85c5e23ac1fcfb", "name": "tempest-TestNetworkAdvancedServerOps-1168633957", "fingerprint": "00:5f:86:1e:5e:79:1d:a6:75:00:7c:2b:75:49:90:39"}}
2016-02-16 04:18:07,389 19049 INFO     [tempest_lib.common.rest_client] Request (TestNetworkAdvancedServerOps:test_server_connectivity_reboot): 201 POST http://10.4.1.3:9696/v2.0/security-groups 0.336s
2016-02-16 04:18:07,390 19049 DEBUG    [tempest_lib.common.rest_client] Request - Headers: {'Content-Type': 'application/json', 'Accept': 'application/json', 'X-Auth-Token': '&lt;omitted&gt;'}
        Body: {"security_group": {"tenant_id": "2432c1170bc04252987ab250f57e4cb7", "description": "tempest-secgroup-smoke-1864793392 description", "name": "tempest-secgroup-smoke-1864793392"}}
    Response - Headers: {'status': '201', 'content-length': '888', 'connection': 'close', 'date': 'Tue, 16 Feb 2016 04:18:07 GMT', 'content-type': 'application/json; charset=UTF-8', 'x-openstack-request-id': 'req-a0a1593d-95ea-4663-b0dc-71e0d63c8e9b'}
