<?xml version="1.0" encoding="UTF-8"?>
<!DOCTYPE html PUBLIC "-//W3C//DTD XHTML 1.0 Strict//EN"
     "http://www.w3.org/TR/xhtml1/DTD/xhtml1-strict.dtd">
<html xmlns="http://www.w3.org/1999/xhtml">
<head>
    <title>Unit Test Report</title>
    <meta name="generator" content="subunit2html 0.1"/>
    <meta http-equiv="Content-Type" content="text/html; charset=UTF-8"/>
    
<style type="text/css" media="screen">
body        { font-family: verdana, arial, helvetica, sans-serif;
    font-size: 80%; }
table       { font-size: 100%; width: 100%;}
pre         { font-size: 80%; }

/* -- heading -------------------------------------------------------------- */
h1 {
        font-size: 16pt;
        color: gray;
}
.heading {
    margin-top: 0ex;
    margin-bottom: 1ex;
}

.heading .attribute {
    margin-top: 1ex;
    margin-bottom: 0;
}

.heading .description {
    margin-top: 4ex;
    margin-bottom: 6ex;
}

/* -- css div popup -------------------------------------------------------- */
a.popup_link {
}

a.popup_link:hover {
    color: red;
}

.popup_window {
    display: none;
    overflow-x: scroll;
    /*border: solid #627173 1px; */
    padding: 10px;
    background-color: #E6E6D6;
    font-family: "Ubuntu Mono", "Lucida Console", "Courier New", monospace;
    text-align: left;
    font-size: 8pt;
}

}
/* -- report --------------------------------------------------------------- */
#show_detail_line {
    margin-top: 3ex;
    margin-bottom: 1ex;
}
#result_table {
    width: 100%;
    border-collapse: collapse;
    border: 1px solid #777;
}
#header_row {
    font-weight: bold;
    color: white;
    background-color: #777;
}
#result_table td {
    border: 1px solid #777;
    padding: 2px;
}
#total_row  { font-weight: bold; }
.passClass  { background-color: #6c6; }
.failClass  { background-color: #c60; }
.errorClass { background-color: #c00; }
.passCase   { color: #6c6; }
.failCase   { color: #c60; font-weight: bold; }
.errorCase  { color: #c00; font-weight: bold; }
.hiddenRow  { display: none; }
.testcase   { margin-left: 2em; }
td.testname {width: 40%}
td.small {width: 40px}

/* -- ending --------------------------------------------------------------- */
#ending {
}

</style>

</head>
<body>
<script language="javascript" type="text/javascript"><!--
output_list = Array();

/* level - 0:Summary; 1:Failed; 2:All */
function showCase(level) {
    trs = document.getElementsByTagName("tr");
    for (var i = 0; i < trs.length; i++) {
        tr = trs[i];
        id = tr.id;
        if (id.substr(0,2) == 'ft') {
            if (level < 1) {
                tr.className = 'hiddenRow';
            }
            else {
                tr.className = '';
            }
        }
        if (id.substr(0,2) == 'pt') {
            if (level > 1) {
                tr.className = '';
            }
            else {
                tr.className = 'hiddenRow';
            }
        }
    }
}


function showClassDetail(cid, count) {
    var id_list = Array(count);
    var toHide = 1;
    for (var i = 0; i < count; i++) {
        tid0 = 't' + cid.substr(1) + '.' + (i+1);
        tid = 'f' + tid0;
        tr = document.getElementById(tid);
        if (!tr) {
            tid = 'p' + tid0;
            tr = document.getElementById(tid);
        }
        id_list[i] = tid;
        if (tr.className) {
            toHide = 0;
        }
    }
    for (var i = 0; i < count; i++) {
        tid = id_list[i];
        if (toHide) {
            document.getElementById('div_'+tid).style.display = 'none'
            document.getElementById(tid).className = 'hiddenRow';
        }
        else {
            document.getElementById(tid).className = '';
        }
    }
}


function showTestDetail(div_id){
    var details_div = document.getElementById(div_id)
    var displayState = details_div.style.display
    // alert(displayState)
    if (displayState != 'block' ) {
        displayState = 'block'
        details_div.style.display = 'block'
    }
    else {
        details_div.style.display = 'none'
    }
}


function html_escape(s) {
    s = s.replace(/&/g,'&amp;');
    s = s.replace(/</g,'&lt;');
    s = s.replace(/>/g,'&gt;');
    return s;
}

/* obsoleted by detail in <div>
function showOutput(id, name) {
    var w = window.open("", //url
                    name,
                    "resizable,scrollbars,status,width=800,height=450");
    d = w.document;
    d.write("<pre>");
    d.write(html_escape(output_list[id]));
    d.write("\n");
    d.write("<a href='javascript:window.close()'>close</a>\n");
    d.write("</pre>\n");
    d.close();
}
*/
--></script>

<div class='heading'>
<h1>Unit Test Report</h1>

<p class='attribute'><strong>Status:</strong> Failure 6</p>

<p class='description'></p>
</div>



<p id='show_detail_line'>Show
<a href='javascript:showCase(0)'>Summary</a>
<a href='javascript:showCase(1)'>Failed</a>
<a href='javascript:showCase(2)'>All</a>
</p>
<table id='result_table'>
<colgroup>
<col align='left' />
<col align='right' />
<col align='right' />
<col align='right' />
<col align='right' />
<col align='right' />
<col align='right' />
<col align='right' />
</colgroup>
<tr id='header_row'>
    <td>Test Group/Test case</td>
    <td>Count</td>
    <td>Pass</td>
    <td>Fail</td>
    <td>Error</td>
    <td>Skip</td>
    <td>View</td>
    <td> </td>
</tr>

<tr class='failClass'>
    <td class="testname">tempest.scenario.test_network_advanced_server_ops.TestNetworkAdvancedServerOps</td>
    <td class="small">6</td>
    <td class="small">0</td>
    <td class="small">6</td>
    <td class="small">0</td>
    <td class="small">0</td>
    <td class="small"><a href="javascript:showClassDetail('c1',6)"
>Detail</a></td>
    <td> </td>
</tr>

<tr id='ft1.1' class='none'>
    <td class='failCase'><div class='testcase'>test_server_connectivity_pause_unpause[compute,id-2b2642db-6568-4b35-b812-eceed3fa20ce,network]</div></td>
    <td colspan='7' align='left'>

    <!--css div popup start-->
    <a class="popup_link" onfocus='this.blur();'
    href="javascript:showTestDetail('div_ft1.1')" >
        fail</a>

    <div id='div_ft1.1' class="popup_window">
        <div style='text-align: right; color:red;cursor:pointer'>
        <a onfocus='this.blur();'
onclick="document.getElementById('div_ft1.1').style.display = 'none' " >
           [x]</a>
        </div>
        <pre>
        
ft1.1: tempest.scenario.test_network_advanced_server_ops.TestNetworkAdvancedServerOps.test_server_connectivity_pause_unpause[compute,id-2b2642db-6568-4b35-b812-eceed3fa20ce,network]_StringException: Empty attachments:
  stderr
  stdout

pythonlogging:'': {{{
2016-01-26 19:12:46,605 15804 INFO     [tempest_lib.common.rest_client] Request (TestNetworkAdvancedServerOps:test_server_connectivity_pause_unpause): 200 POST http://10.4.1.3:8774/v2.1/5a6ec848713c4efd95c268387122907d/os-keypairs 0.430s
2016-01-26 19:12:46,606 15804 DEBUG    [tempest_lib.common.rest_client] Request - Headers: {'Content-Type': 'application/json', 'Accept': 'application/json', 'X-Auth-Token': '&lt;omitted&gt;'}
        Body: {"keypair": {"name": "tempest-TestNetworkAdvancedServerOps-1197958470"}}
    Response - Headers: {'status': '200', 'content-length': '2330', 'x-compute-request-id': 'req-ab23356a-ab12-4bdc-b2c3-045111c86857', 'vary': 'X-OpenStack-Nova-API-Version', 'connection': 'close', 'x-openstack-nova-api-version': '2.1', 'date': 'Tue, 26 Jan 2016 19:12:46 GMT', 'content-type': 'application/json'}
        Body: {"keypair": {"public_key": "ssh-rsa AAAAB3NzaC1yc2EAAAADAQABAAABAQDvjcnHHbIG0bI+ulYJT07SmBHYMTL55SWrr0CT00cdZQE0fC8MRH+gbABBZPNm67bl1ZdqCqH/Y9jz+B0RNnZ+1SMRQdLbpMpzV5HrKhnSZ+6/iLdmh3WTIUPlxRYsMPJ9wOpQHxdfA79yv/PyD6MK2Lpj7OerOlNXG5DV+RmIarQyF3xt72GUc0qrPT+0sAFuTsGHB6/HHuaxnkwzuBIwFRJ5dlVU96/iCtP1xtv6fYS57c6YS9rNIxbqx6wacnf17yyq6tx8P9c91REONNG8oy+/gKtGB70tXTuKzO0tBAlDdJCeZNa/XC4abrp45F2E6tE77T4woh84JRmqRKGJ Generated-by-Nova", "private_key": "-----BEGIN RSA PRIVATE KEY-----\nMIIEqQIBAAKCAQEA743Jxx2yBtGyPrpWCU9O0pgR2DEy+eUlq69Ak9NHHWUBNHwv\nDER/oGwAQWTzZuu25dWXagqh/2PY8/gdETZ2ftUjEUHS26TKc1eR6yoZ0mfuv4i3\nZod1kyFD5cUWLDDyfcDqUB8XXwO/cr/z8g+jCti6Y+znqzpTVxuQ1fkZiGq0Mhd8\nbe9hlHNKqz0/tLABbk7Bhwevxx7msZ5MM7gSMBUSeXZVVPev4grT9cbb+n2Eue3O\nmEvazSMW6sesGnJ39e8squrcfD/XPdURDjTRvKMvv4CrRge9LV07isztLQQJQ3SQ\nnmTWv1wuGm66eORdhOrRO+0+MKIfOCUZqkShiQIDAQABAoIBACefdDiTGNc36Buo\nBoMTsx3yOUFhIeVjmY+ENVI+KA0cn85mnAGTcui99GzcncXwRxhM8/Z+O71abpAs\nAeLO91qTNnGsSYw6/aGGYoRbOlorBrp3ip5S2Ye0gN6IctpsXi+esSL/gYYdwJTi\nWx82puksX+gXT1prE03dKV+7DBYb/jXazuRydz5NnZjfnb3oPk/XEC748n20F9rQ\nSY5lKDoGc/CFYg640wppOhpXiWflSUKxN6O97n7Ib6gvMGCL0JAvL9aoDdkIICh/\npgYDrvtDnRsZo+Ss+i8eYi4AEBDhFq26OvynnFUyQIb1Y/zocYT2383mzJUqkLrp\n4988v2ECggCBAPZnWtUv0jT3eChsowTAyvR0cFtroBOcM/TRR9AO+Tm2qv2rI4Ni\njdMg/c5pnYxBCwXGR53RmH6uIibxJrADzj4ZOcMLaiMYw9QqYqrCDentxJxCqOYM\n/dqV/VQnOr+tEFS99G76sP7q1jhfnhadXgwcwltllIMYUs0rQ9efob97AoIAgQD4\n4iPixewnfnLSvaEQgIGS7OUCxrzIaLs0BxCqpsJ3wvB1X5RRYK42m7sbwcdbc5L2\n7DjvGbK9f2IVjrjG0QQtHAGNAP5BlNfNyHI+3cbPpmCNGCw+7vUhOCP7gDxCo0Et\nRpC9iG9tWV/ZjPRHOkNI91uMNQiQ3rTTVoAtO43xywKCAIEA5zm+J2ik3keMXoLz\nx7YTvqq19VRd94kRyJ/LwBcNEXe1pi4/OT/2zzWad2TtD3zKFzUmZ5cUf2xxaBHM\nuEgZ9nQ9nCbOBvlqa2MLDCrmW6tgYTK8xIVUgxdVju7xVoXVWXCYPLzL86v0Mxqn\ng5lRdBRY3uPIJe1hZl8/XszSQJkCggCAN+1hUQlW6v0QQmkYc4PdGi4fvEL6kzJt\ntuBLj32Pv6fPryB+TNcj7uOJ5U/jQ5qyEMi+doRY1Rp16RA8V3kKrjRX6N6rRAN1\nhyme+p+NmIXztmETOEUsUn2yIEcNw4+6CrmLtvucxn7J+jIhhowCKLhlGxmjxiI1\nkjQi84cpe4cCggCBALvdUXYCB4Utk4LjD2JSqsOxZ9PTG9OBLnhfN6wvN8V32KpQ\nnSabpwgmyglcllHFLqgqed6bhc+/tbWQjSVG53Vl6lj1iwxrwZV4b5iNv+UGBB5n\nq6u8BN3GpFmskJ2NiVgPnxc1USQxW/wAajrj+s1+AbbmDa4oHGa0kkhioQwJ\n-----END RSA PRIVATE KEY-----\n", "user_id": "45b3b0d1a6274a2c919ab103899ae645", "name": "tempest-TestNetworkAdvancedServerOps-1197958470", "fingerprint": "41:7d:2e:fd:93:a9:05:a2:eb:d4:4b:17:64:71:72:ef"}}
2016-01-26 19:12:47,000 15804 INFO     [tempest_lib.common.rest_client] Request (TestNetworkAdvancedServerOps:test_server_connectivity_pause_unpause): 201 POST http://10.4.1.3:9696/v2.0/security-groups 0.389s
2016-01-26 19:12:47,001 15804 DEBUG    [tempest_lib.common.rest_client] Request - Headers: {'Content-Type': 'application/json', 'Accept': 'application/json', 'X-Auth-Token': '&lt;omitted&gt;'}
        Body: {"security_group": {"tenant_id": "5a6ec848713c4efd95c268387122907d", "description": "tempest-secgroup-smoke-1657636331 description", "name": "tempest-secgroup-smoke-1657636331"}}
    Response - Headers: {'status': '201', 'content-length': '888', 'connection': 'close', 'date': 'Tue, 26 Jan 2016 19:12:46 GMT', 'content-type': 'application/json; charset=UTF-8', 'x-openstack-request-id': 'req-7313faf2-fc5a-4662-bbc4-9c40db62f44c'}
        Body: {"security_group": {"tenant_id": "5a6ec848713c4efd95c268387122907d", "description": "tempest-secgroup-smoke-1657636331 description", "id": "c865464e-d024-4cfb-8e26-210baa7ce10a", "security_group_rules": [{"remote_group_id": null, "direction": "egress", "remote_ip_prefix": null, "protocol": null, "ethertype": "IPv4", "tenant_id": "5a6ec848713c4efd95c268387122907d", "port_range_max": null, "port_range_min": null, "id": "d3e2764f-0422-42ed-81d6-0293e6002d6e", "security_group_id": "c865464e-d024-4cfb-8e26-210baa7ce10a"}, {"remote_group_id": null, "direction": "egress", "remote_ip_prefix": null, "protocol": null, "ethertype": "IPv6", "tenant_id": "5a6ec848713c4efd95c268387122907d", "port_range_max": null, "port_range_min": null, "id": "78f614d3-102b-49d5-a2f5-a29a20db39da", "security_group_id": "c865464e-d024-4cfb-8e26-210baa7ce10a"}], "name": "tempest-secgroup-smoke-1657636331"}}
2016-01-26 19:12:47,284 15804 INFO     [tempest_lib.common.rest_client] Request (TestNetworkAdvancedServerOps:test_server_connectivity_pause_unpause): 201 POST http://10.4.1.3:9696/v2.0/security-group-rules 0.281s
2016-01-26 19:12:47,285 15804 DEBUG    [tempest_lib.common.rest_client] Request - Headers: {'Content-Type': 'application/json', 'Accept': 'application/json', 'X-Auth-Token': '&lt;omitted&gt;'}
        Body: {"security_group_rule": {"direction": "ingress", "protocol": "tcp", "tenant_id": "5a6ec848713c4efd95c268387122907d", "port_range_max": 22, "security_group_id": "c865464e-d024-4cfb-8e26-210baa7ce10a", "port_range_min": 22}}
    Response - Headers: {'status': '201', 'content-length': '340', 'connection': 'close', 'date': 'Tue, 26 Jan 2016 19:12:47 GMT', 'content-type': 'application/json; charset=UTF-8', 'x-openstack-request-id': 'req-77c20125-a7fa-40c8-8e92-96098e398e01'}
        Body: {"security_group_rule": {"remote_group_id": null, "direction": "ingress", "remote_ip_prefix": null, "protocol": "tcp", "ethertype": "IPv4", "tenant_id": "5a6ec848713c4efd95c268387122907d", "port_range_max": 22, "port_range_min": 22, "id": "a17a8058-dde4-480c-b63d-48c939d3e08c", "security_group_id": "c865464e-d024-4cfb-8e26-210baa7ce10a"}}
2016-01-26 19:12:47,549 15804 INFO     [tempest_lib.common.rest_client] Request (TestNetworkAdvancedServerOps:test_server_connectivity_pause_unpause): 201 POST http://10.4.1.3:9696/v2.0/security-group-rules 0.262s
2016-01-26 19:12:47,550 15804 DEBUG    [tempest_lib.common.rest_client] Request - Headers: {'Content-Type': 'application/json', 'Accept': 'application/json', 'X-Auth-Token': '&lt;omitted&gt;'}
        Body: {"security_group_rule": {"direction": "egress", "protocol": "tcp", "tenant_id": "5a6ec848713c4efd95c268387122907d", "port_range_max": 22, "security_group_id": "c865464e-d024-4cfb-8e26-210baa7ce10a", "port_range_min": 22}}
    Response - Headers: {'status': '201', 'content-length': '339', 'connection': 'close', 'date': 'Tue, 26 Jan 2016 19:12:47 GMT', 'content-type': 'application/json; charset=UTF-8', 'x-openstack-request-id': 'req-726b6022-9a37-4cb2-aab3-30b9bd800eb5'}
        Body: {"security_group_rule": {"remote_group_id": null, "direction": "egress", "remote_ip_prefix": null, "protocol": "tcp", "ethertype": "IPv4", "tenant_id": "5a6ec848713c4efd95c268387122907d", "port_range_max": 22, "port_range_min": 22, "id": "a00a9e7a-b3f9-4e6e-814e-855d7350bd4e", "security_group_id": "c865464e-d024-4cfb-8e26-210baa7ce10a"}}
2016-01-26 19:12:47,843 15804 INFO     [tempest_lib.common.rest_client] Request (TestNetworkAdvancedServerOps:test_server_connectivity_pause_unpause): 201 POST http://10.4.1.3:9696/v2.0/security-group-rules 0.293s
2016-01-26 19:12:47,844 15804 DEBUG    [tempest_lib.common.rest_client] Request - Headers: {'Content-Type': 'application/json', 'Accept': 'application/json', 'X-Auth-Token': '&lt;omitted&gt;'}
        Body: {"security_group_rule": {"tenant_id": "5a6ec848713c4efd95c268387122907d", "direction": "ingress", "protocol": "icmp", "security_group_id": "c865464e-d024-4cfb-8e26-210baa7ce10a"}}
    Response - Headers: {'status': '201', 'content-length': '345', 'connection': 'close', 'date': 'Tue, 26 Jan 2016 19:12:47 GMT', 'content-type': 'application/json; charset=UTF-8', 'x-openstack-request-id': 'req-ed968310-fa7b-4ccd-9319-1d16c2546173'}
        Body: {"security_group_rule": {"remote_group_id": null, "direction": "ingress", "remote_ip_prefix": null, "protocol": "icmp", "ethertype": "IPv4", "tenant_id": "5a6ec848713c4efd95c268387122907d", "port_range_max": null, "port_range_min": null, "id": "dd807545-4799-472c-b449-44863ffff977", "security_group_id": "c865464e-d024-4cfb-8e26-210baa7ce10a"}}
2016-01-26 19:12:48,136 15804 INFO     [tempest_lib.common.rest_client] Request (TestNetworkAdvancedServerOps:test_server_connectivity_pause_unpause): 201 POST http://10.4.1.3:9696/v2.0/security-group-rules 0.291s
2016-01-26 19:12:48,136 15804 DEBUG    [tempest_lib.common.rest_client] Request - Headers: {'Content-Type': 'application/json', 'Accept': 'application/json', 'X-Auth-Token': '&lt;omitted&gt;'}
        Body: {"security_group_rule": {"tenant_id": "5a6ec848713c4efd95c268387122907d", "direction": "egress", "protocol": "icmp", "security_group_id": "c865464e-d024-4cfb-8e26-210baa7ce10a"}}
    Response - Headers: {'status': '201', 'content-length': '344', 'connection': 'close', 'date': 'Tue, 26 Jan 2016 19:12:48 GMT', 'content-type': 'application/json; charset=UTF-8', 'x-openstack-request-id': 'req-6fef1fdf-caf1-418a-a704-de9a6fe859d0'}
        Body: {"security_group_rule": {"remote_group_id": null, "direction": "egress", "remote_ip_prefix": null, "protocol": "icmp", "ethertype": "IPv4", "tenant_id": "5a6ec848713c4efd95c268387122907d", "port_range_max": null, "port_range_min": null, "id": "8f7c1777-056b-4bef-b56f-6fb767944b0b", "security_group_id": "c865464e-d024-4cfb-8e26-210baa7ce10a"}}
2016-01-26 19:12:48,405 15804 INFO     [tempest_lib.common.rest_client] Request (TestNetworkAdvancedServerOps:test_server_connectivity_pause_unpause): 201 POST http://10.4.1.3:9696/v2.0/security-group-rules 0.268s
2016-01-26 19:12:48,406 15804 DEBUG    [tempest_lib.common.rest_client] Request - Headers: {'Content-Type': 'application/json', 'Accept': 'application/json', 'X-Auth-Token': '&lt;omitted&gt;'}
        Body: {"security_group_rule": {"tenant_id": "5a6ec848713c4efd95c268387122907d", "direction": "ingress", "security_group_id": "c865464e-d024-4cfb-8e26-210baa7ce10a", "protocol": "icmp", "ethertype": "IPv6"}}
    Response - Headers: {'status': '201', 'content-length': '345', 'connection': 'close', 'date': 'Tue, 26 Jan 2016 19:12:48 GMT', 'content-type': 'application/json; charset=UTF-8', 'x-openstack-request-id': 'req-9071d3ab-8513-4f57-bc02-c34343c00fa1'}
        Body: {"security_group_rule": {"remote_group_id": null, "direction": "ingress", "remote_ip_prefix": null, "protocol": "icmp", "ethertype": "IPv6", "tenant_id": "5a6ec848713c4efd95c268387122907d", "port_range_max": null, "port_range_min": null, "id": "fd61c113-c61f-4441-8f46-a0bd70781dbd", "security_group_id": "c865464e-d024-4cfb-8e26-210baa7ce10a"}}
2016-01-26 19:12:48,690 15804 INFO     [tempest_lib.common.rest_client] Request (TestNetworkAdvancedServerOps:test_server_connectivity_pause_unpause): 201 POST http://10.4.1.3:9696/v2.0/security-group-rules 0.283s
2016-01-26 19:12:48,691 15804 DEBUG    [tempest_lib.common.rest_client] Request - Headers: {'Content-Type': 'application/json', 'Accept': 'application/json', 'X-Auth-Token': '&lt;omitted&gt;'}
        Body: {"security_group_rule": {"tenant_id": "5a6ec848713c4efd95c268387122907d", "direction": "egress", "security_group_id": "c865464e-d024-4cfb-8e26-210baa7ce10a", "protocol": "icmp", "ethertype": "IPv6"}}
    Response - Headers: {'status': '201', 'content-length': '344', 'connection': 'close', 'date': 'Tue, 26 Jan 2016 19:12:48 GMT', 'content-type': 'application/json; charset=UTF-8', 'x-openstack-request-id': 'req-ba567922-efa9-4854-9f80-c41b70a71715'}
        Body: {"security_group_rule": {"remote_group_id": null, "direction": "egress", "remote_ip_prefix": null, "protocol": "icmp", "ethertype": "IPv6", "tenant_id": "5a6ec848713c4efd95c268387122907d", "port_range_max": null, "port_range_min": null, "id": "a431dfed-fe68-4287-809d-ebec9e957d34", "security_group_id": "c865464e-d024-4cfb-8e26-210baa7ce10a"}}
2016-01-26 19:12:49,104 15804 INFO     [tempest_lib.common.rest_client] Request (TestNetworkAdvancedServerOps:test_server_connectivity_pause_unpause): 201 POST http://10.4.1.3:9696/v2.0/networks 0.412s
2016-01-26 19:12:49,105 15804 DEBUG    [tempest_lib.common.rest_client] Request - Headers: {'Content-Type': 'application/json', 'Accept': 'application/json', 'X-Auth-Token': '&lt;omitted&gt;'}
        Body: {"network": {"tenant_id": "5a6ec848713c4efd95c268387122907d", "name": "tempest-network-smoke--1994386258"}}
    Response - Headers: {'status': '201', 'content-length': '330', 'connection': 'close', 'date': 'Tue, 26 Jan 2016 19:12:49 GMT', 'content-type': 'application/json; charset=UTF-8', 'x-openstack-request-id': 'req-82f9e5c9-9c2e-4963-8c38-680d0aede0bd'}
        Body: {"network": {"status": "ACTIVE", "subnets": [], "availability_zone_hints": [], "name": "tempest-network-smoke--1994386258", "admin_state_up": true, "tenant_id": "5a6ec848713c4efd95c268387122907d", "mtu": 1450, "router:external": false, "shared": false, "port_security_enabled": true, "id": "34f0b2c1-66c1-42f8-aeec-4304e980b181"}}
2016-01-26 19:12:49,354 15804 INFO     [tempest_lib.common.rest_client] Request (TestNetworkAdvancedServerOps:test_server_connectivity_pause_unpause): 201 POST http://10.4.1.3:9696/v2.0/routers 0.248s
2016-01-26 19:12:49,354 15804 DEBUG    [tempest_lib.common.rest_client] Request - Headers: {'Content-Type': 'application/json', 'Accept': 'application/json', 'X-Auth-Token': '&lt;omitted&gt;'}
        Body: {"router": {"tenant_id": "5a6ec848713c4efd95c268387122907d", "name": "tempest-router-smoke-664394381", "admin_state_up": true}}
    Response - Headers: {'status': '201', 'content-length': '238', 'connection': 'close', 'date': 'Tue, 26 Jan 2016 19:12:49 GMT', 'content-type': 'application/json; charset=UTF-8', 'x-openstack-request-id': 'req-84dfb230-d4f2-4e99-b070-37b731950dbb'}
        Body: {"router": {"status": "ACTIVE", "external_gateway_info": null, "name": "tempest-router-smoke-664394381", "admin_state_up": true, "tenant_id": "5a6ec848713c4efd95c268387122907d", "routes": [], "id": "29633f42-5441-4e12-a0b6-9df2c3e08942"}}
2016-01-26 19:12:49,573 15804 INFO     [tempest_lib.common.rest_client] Request (TestNetworkAdvancedServerOps:test_server_connectivity_pause_unpause): 200 GET http://10.4.1.3:9696/v2.0/routers/29633f42-5441-4e12-a0b6-9df2c3e08942 0.219s
2016-01-26 19:12:49,574 15804 DEBUG    [tempest_lib.common.rest_client] Request - Headers: {'Content-Type': 'application/json', 'Accept': 'application/json', 'X-Auth-Token': '&lt;omitted&gt;'}
        Body: None
    Response - Headers: {'status': '200', 'content-length': '238', 'content-location': 'http://10.4.1.3:9696/v2.0/routers/29633f42-5441-4e12-a0b6-9df2c3e08942', 'connection': 'close', 'date': 'Tue, 26 Jan 2016 19:12:49 GMT', 'content-type': 'application/json; charset=UTF-8', 'x-openstack-request-id': 'req-7ba30a6e-06e7-4695-891d-525bf4883983'}
        Body: {"router": {"status": "ACTIVE", "external_gateway_info": null, "name": "tempest-router-smoke-664394381", "admin_state_up": true, "tenant_id": "5a6ec848713c4efd95c268387122907d", "routes": [], "id": "29633f42-5441-4e12-a0b6-9df2c3e08942"}}
2016-01-26 19:12:50,420 15804 INFO     [tempest_lib.common.rest_client] Request (TestNetworkAdvancedServerOps:test_server_connectivity_pause_unpause): 200 PUT http://10.4.1.3:9696/v2.0/routers/29633f42-5441-4e12-a0b6-9df2c3e08942 0.844s
2016-01-26 19:12:50,420 15804 DEBUG    [tempest_lib.common.rest_client] Request - Headers: {'Content-Type': 'application/json', 'Accept': 'application/json', 'X-Auth-Token': '&lt;omitted&gt;'}
        Body: {"router": {"external_gateway_info": {"network_id": "2206f907-e55f-4610-a88e-889ba5d863c7"}, "name": "tempest-router-smoke-664394381", "admin_state_up": true}}
    Response - Headers: {'status': '200', 'content-length': '500', 'connection': 'close', 'date': 'Tue, 26 Jan 2016 19:12:50 GMT', 'content-type': 'application/json; charset=UTF-8', 'x-openstack-request-id': 'req-cfd0c35d-fd28-4e2c-8dfa-3709a3ea2047'}
        Body: {"router": {"status": "ACTIVE", "external_gateway_info": {"network_id": "2206f907-e55f-4610-a88e-889ba5d863c7", "enable_snat": true, "external_fixed_ips": [{"subnet_id": "0f1780c8-2bd8-4936-b4f8-50a0c201a83e", "ip_address": "172.24.4.3"}, {"subnet_id": "c82fbd42-6c8e-466e-9f77-b52caf42defa", "ip_address": "2001:db8::4"}]}, "name": "tempest-router-smoke-664394381", "admin_state_up": true, "tenant_id": "5a6ec848713c4efd95c268387122907d", "routes": [], "id": "29633f42-5441-4e12-a0b6-9df2c3e08942"}}
2016-01-26 19:12:50,628 15804 INFO     [tempest_lib.common.rest_client] Request (TestNetworkAdvancedServerOps:test_server_connectivity_pause_unpause): 200 GET http://10.4.1.3:9696/v2.0/subnets?tenant_id=5a6ec848713c4efd95c268387122907d&amp;cidr=10.100.0.0%2F28 0.206s
2016-01-26 19:12:50,629 15804 DEBUG    [tempest_lib.common.rest_client] Request - Headers: {'Content-Type': 'application/json', 'Accept': 'application/json', 'X-Auth-Token': '&lt;omitted&gt;'}
        Body: None
    Response - Headers: {'status': '200', 'content-length': '15', 'content-location': 'http://10.4.1.3:9696/v2.0/subnets?tenant_id=5a6ec848713c4efd95c268387122907d&amp;cidr=10.100.0.0%2F28', 'connection': 'close', 'date': 'Tue, 26 Jan 2016 19:12:50 GMT', 'content-type': 'application/json; charset=UTF-8', 'x-openstack-request-id': 'req-71c6a34e-006c-4240-a249-15a7607418f6'}
        Body: {"subnets": []}
2016-01-26 19:12:51,120 15804 INFO     [tempest_lib.common.rest_client] Request (TestNetworkAdvancedServerOps:test_server_connectivity_pause_unpause): 201 POST http://10.4.1.3:9696/v2.0/subnets 0.490s
2016-01-26 19:12:51,120 15804 DEBUG    [tempest_lib.common.rest_client] Request - Headers: {'Content-Type': 'application/json', 'Accept': 'application/json', 'X-Auth-Token': '&lt;omitted&gt;'}
        Body: {"subnet": {"ip_version": 4, "tenant_id": "5a6ec848713c4efd95c268387122907d", "cidr": "10.100.0.0/28", "network_id": "34f0b2c1-66c1-42f8-aeec-4304e980b181", "name": "tempest-subnet-smoke-913631612"}}
    Response - Headers: {'status': '201', 'content-length': '477', 'connection': 'close', 'date': 'Tue, 26 Jan 2016 19:12:51 GMT', 'content-type': 'application/json; charset=UTF-8', 'x-openstack-request-id': 'req-7034fdf9-c2d5-4009-beeb-5d12d133125d'}
        Body: {"subnet": {"name": "tempest-subnet-smoke-913631612", "enable_dhcp": true, "network_id": "34f0b2c1-66c1-42f8-aeec-4304e980b181", "tenant_id": "5a6ec848713c4efd95c268387122907d", "dns_nameservers": [], "gateway_ip": "10.100.0.1", "ipv6_ra_mode": null, "allocation_pools": [{"start": "10.100.0.2", "end": "10.100.0.14"}], "host_routes": [], "ip_version": 4, "ipv6_address_mode": null, "cidr": "10.100.0.0/28", "id": "1bd87985-c6cc-4fcd-849b-cc586691d1b8", "subnetpool_id": null}}
2016-01-26 19:12:51,864 15804 INFO     [tempest_lib.common.rest_client] Request (TestNetworkAdvancedServerOps:test_server_connectivity_pause_unpause): 200 PUT http://10.4.1.3:9696/v2.0/routers/29633f42-5441-4e12-a0b6-9df2c3e08942/add_router_interface 0.742s
2016-01-26 19:12:51,864 15804 DEBUG    [tempest_lib.common.rest_client] Request - Headers: {'Content-Type': 'application/json', 'Accept': 'application/json', 'X-Auth-Token': '&lt;omitted&gt;'}
        Body: {"subnet_id": "1bd87985-c6cc-4fcd-849b-cc586691d1b8"}
    Response - Headers: {'status': '200', 'content-length': '255', 'connection': 'close', 'date': 'Tue, 26 Jan 2016 19:12:51 GMT', 'content-type': 'application/json; charset=UTF-8', 'x-openstack-request-id': 'req-6b31ebf7-e798-4d00-8eef-c8b92ed4d3f6'}
        Body: {"subnet_id": "1bd87985-c6cc-4fcd-849b-cc586691d1b8", "tenant_id": "5a6ec848713c4efd95c268387122907d", "subnet_ids": ["1bd87985-c6cc-4fcd-849b-cc586691d1b8"], "port_id": "93179c88-f6f9-47c7-ad21-75d95254b451", "id": "29633f42-5441-4e12-a0b6-9df2c3e08942"}
2016-01-26 19:12:52,006 15804 INFO     [tempest_lib.common.rest_client] Request (TestNetworkAdvancedServerOps:test_server_connectivity_pause_unpause): 200 POST http://10.4.1.3:5000/v2.0/tokens
2016-01-26 19:12:52,007 15804 DEBUG    [tempest_lib.common.rest_client] Request - Headers: {'Content-Type': 'application/json', 'Accept': 'application/json'}
        Body: &lt;omitted&gt;
    Response - Headers: {'status': '200', 'content-length': '2294', 'vary': 'X-Auth-Token', 'server': 'Apache/2.4.7 (Ubuntu)', 'connection': 'close', 'date': 'Tue, 26 Jan 2016 19:12:51 GMT', 'content-type': 'application/json', 'x-openstack-request-id': 'req-1e828b96-1f9c-4eb5-a7f0-9e199856e874'}
        Body: {"access": {"token": {"issued_at": "2016-01-26T19:12:51.994246", "expires": "2016-01-26T20:12:51Z", "id": "90870334c1d149fbb15af18546fdf4ed", "tenant": {"description": "tempest-TestNetworkAdvancedServerOps-762870786-desc", "enabled": true, "id": "5a6ec848713c4efd95c268387122907d", "name": "tempest-TestNetworkAdvancedServerOps-762870786"}, "audit_ids": ["5QS2f9aiRlirpupHzQQ56Q"]}, "serviceCatalog": [{"endpoints": [{"adminURL": "http://10.4.1.3:9292", "region": "RegionOne", "internalURL": "http://10.4.1.3:9292", "id": "a33cc9f30de54b9aa1998f1c4d94bd32", "publicURL": "http://10.4.1.3:9292"}], "endpoints_links": [], "type": "image", "name": "glance"}, {"endpoints": [{"adminURL": "http://10.4.1.3:8774/v2.1/5a6ec848713c4efd95c268387122907d", "region": "RegionOne", "internalURL": "http://10.4.1.3:8774/v2.1/5a6ec848713c4efd95c268387122907d", "id": "2a3746fd918847bf81b4978d519485d0", "publicURL": "http://10.4.1.3:8774/v2.1/5a6ec848713c4efd95c268387122907d"}], "endpoints_links": [], "type": "compute", "name": "nova"}, {"endpoints": [{"adminURL": "http://10.4.1.3:9696/", "region": "RegionOne", "internalURL": "http://10.4.1.3:9696/", "id": "0fa0b026f1df4303a128ef13d210a19e", "publicURL": "http://10.4.1.3:9696/"}], "endpoints_links": [], "type": "network", "name": "neutron"}, {"endpoints": [{"adminURL": "http://10.4.1.3:35357/v2.0", "region": "RegionOne", "internalURL": "http://10.4.1.3:5000/v2.0", "id": "0533869fab5e47b49af4a7f4f41c176e", "publicURL": "http://10.4.1.3:5000/v2.0"}], "endpoints_links": [], "type": "identity", "name": "keystone"}, {"endpoints": [{"adminURL": "http://10.4.1.3:8774/v2/5a6ec848713c4efd95c268387122907d", "region": "RegionOne", "internalURL": "http://10.4.1.3:8774/v2/5a6ec848713c4efd95c268387122907d", "id": "8f2e0277d99e4b2c85461dcaa23591d1", "publicURL": "http://10.4.1.3:8774/v2/5a6ec848713c4efd95c268387122907d"}], "endpoints_links": [], "type": "compute_legacy", "name": "nova_legacy"}], "user": {"username": "tempest-TestNetworkAdvancedServerOps-1952522131", "roles_links": [], "id": "45b3b0d1a6274a2c919ab103899ae645", "roles": [{"name": "_member_"}, {"name": "Member"}], "name": "tempest-TestNetworkAdvancedServerOps-1952522131"}, "metadata": {"is_admin": 0, "roles": ["9fe2ff9ee4384b1894a90878d3e92bab", "6980365418244b5ca7cb38dfde6235b1"]}}}
2016-01-26 19:12:52,014 15804 DEBUG    [tempest.common.fixed_network] (TestNetworkAdvancedServerOps:test_server_connectivity_pause_unpause) No valid network provided or created, defaulting to fixed_network_name
2016-01-26 19:12:52,420 15804 INFO     [tempest_lib.common.rest_client] Request (TestNetworkAdvancedServerOps:test_server_connectivity_pause_unpause): 200 GET http://10.4.1.3:8774/v2.1/5a6ec848713c4efd95c268387122907d/os-networks 0.405s
2016-01-26 19:12:52,420 15804 DEBUG    [tempest_lib.common.rest_client] Request - Headers: {'Content-Type': 'application/json', 'Accept': 'application/json', 'X-Auth-Token': '&lt;omitted&gt;'}
        Body: None
    Response - Headers: {'status': '200', 'content-length': '479', 'content-location': 'http://10.4.1.3:8774/v2.1/5a6ec848713c4efd95c268387122907d/os-networks', 'x-compute-request-id': 'req-185c0544-3119-405e-a405-94c018f39b5b', 'vary': 'X-OpenStack-Nova-API-Version', 'connection': 'close', 'x-openstack-nova-api-version': '2.1', 'date': 'Tue, 26 Jan 2016 19:12:52 GMT', 'content-type': 'application/json'}
        Body: {"networks": [{"cidr_v6": null, "dns2": null, "dns1": null, "gateway": null, "broadcast": null, "netmask": null, "gateway_v6": null, "cidr": null, "label": "public", "id": "2206f907-e55f-4610-a88e-889ba5d863c7", "netmask_v6": null}, {"cidr_v6": null, "dns2": null, "dns1": null, "gateway": null, "broadcast": null, "netmask": null, "gateway_v6": null, "cidr": null, "label": "tempest-network-smoke--1994386258", "id": "34f0b2c1-66c1-42f8-aeec-4304e980b181", "netmask_v6": null}]}
2016-01-26 19:12:52,420 15804 WARNING  [tempest.common.fixed_network] (TestNetworkAdvancedServerOps:test_server_connectivity_pause_unpause) Network with name: private not found
2016-01-26 19:12:52,421 15804 INFO     [tempest.common.fixed_network] (TestNetworkAdvancedServerOps:test_server_connectivity_pause_unpause) Found network {} available for tenant
2016-01-26 19:12:55,696 15804 INFO     [tempest_lib.common.rest_client] Request (TestNetworkAdvancedServerOps:test_server_connectivity_pause_unpause): 202 POST http://10.4.1.3:8774/v2.1/5a6ec848713c4efd95c268387122907d/servers 3.274s
2016-01-26 19:12:55,696 15804 DEBUG    [tempest_lib.common.rest_client] Request - Headers: {'Content-Type': 'application/json', 'Accept': 'application/json', 'X-Auth-Token': '&lt;omitted&gt;'}
        Body: {"server": {"name": "tempest-server-smoke-508590099", "imageRef": "ab60c484-f4e4-479d-a5b4-eff8a7d228f7", "key_name": "tempest-TestNetworkAdvancedServerOps-1197958470", "flavorRef": "42", "networks": [{"uuid": "34f0b2c1-66c1-42f8-aeec-4304e980b181"}], "security_groups": [{"name": "tempest-secgroup-smoke-1657636331"}]}}
    Response - Headers: {'status': '202', 'content-length': '460', 'x-compute-request-id': 'req-7b778e92-50f2-4411-8446-3132f12b54c3', 'vary': 'X-OpenStack-Nova-API-Version', 'connection': 'close', 'location': 'http://10.4.1.3:8774/v2.1/5a6ec848713c4efd95c268387122907d/servers/a376b397-27b1-43a2-a856-f71ae512e976', 'x-openstack-nova-api-version': '2.1', 'date': 'Tue, 26 Jan 2016 19:12:55 GMT', 'content-type': 'application/json'}
        Body: {"server": {"security_groups": [{"name": "tempest-secgroup-smoke-1657636331"}], "OS-DCF:diskConfig": "MANUAL", "id": "a376b397-27b1-43a2-a856-f71ae512e976", "links": [{"href": "http://10.4.1.3:8774/v2.1/5a6ec848713c4efd95c268387122907d/servers/a376b397-27b1-43a2-a856-f71ae512e976", "rel": "self"}, {"href": "http://10.4.1.3:8774/5a6ec848713c4efd95c268387122907d/servers/a376b397-27b1-43a2-a856-f71ae512e976", "rel": "bookmark"}], "adminPass": "TuiWp47RPdkE"}}
2016-01-26 19:12:56,209 15804 INFO     [tempest_lib.common.rest_client] Request (TestNetworkAdvancedServerOps:test_server_connectivity_pause_unpause): 200 GET http://10.4.1.3:8774/v2.1/5a6ec848713c4efd95c268387122907d/servers/a376b397-27b1-43a2-a856-f71ae512e976 0.508s
2016-01-26 19:12:56,209 15804 DEBUG    [tempest_lib.common.rest_client] Request - Headers: {'Content-Type': 'application/json', 'Accept': 'application/json', 'X-Auth-Token': '&lt;omitted&gt;'}
        Body: None
    Response - Headers: {'status': '200', 'content-length': '1349', 'content-location': 'http://10.4.1.3:8774/v2.1/5a6ec848713c4efd95c268387122907d/servers/a376b397-27b1-43a2-a856-f71ae512e976', 'x-compute-request-id': 'req-8c9ca9fe-a8ec-46cd-be8b-25008a14ac29', 'vary': 'X-OpenStack-Nova-API-Version', 'connection': 'close', 'x-openstack-nova-api-version': '2.1', 'date': 'Tue, 26 Jan 2016 19:12:56 GMT', 'content-type': 'application/json'}
        Body: {"server": {"status": "BUILD", "updated": "2016-01-26T19:12:55Z", "hostId": "", "addresses": {}, "links": [{"href": "http://10.4.1.3:8774/v2.1/5a6ec848713c4efd95c268387122907d/servers/a376b397-27b1-43a2-a856-f71ae512e976", "rel": "self"}, {"href": "http://10.4.1.3:8774/5a6ec848713c4efd95c268387122907d/servers/a376b397-27b1-43a2-a856-f71ae512e976", "rel": "bookmark"}], "key_name": "tempest-TestNetworkAdvancedServerOps-1197958470", "image": {"id": "ab60c484-f4e4-479d-a5b4-eff8a7d228f7", "links": [{"href": "http://10.4.1.3:8774/5a6ec848713c4efd95c268387122907d/images/ab60c484-f4e4-479d-a5b4-eff8a7d228f7", "rel": "bookmark"}]}, "OS-EXT-STS:task_state": "scheduling", "OS-EXT-STS:vm_state": "building", "OS-SRV-USG:launched_at": null, "flavor": {"id": "42", "links": [{"href": "http://10.4.1.3:8774/5a6ec848713c4efd95c268387122907d/flavors/42", "rel": "bookmark"}]}, "id": "a376b397-27b1-43a2-a856-f71ae512e976", "OS-SRV-USG:terminated_at": null, "OS-EXT-AZ:availability_zone": "", "user_id": "45b3b0d1a6274a2c919ab103899ae645", "name": "tempest-server-smoke-508590099", "created": "2016-01-26T19:12:55Z", "tenant_id": "5a6ec848713c4efd95c268387122907d", "OS-DCF:diskConfig": "MANUAL", "os-extended-volumes:volumes_attached": [], "accessIPv4": "", "accessIPv6": "", "progress": 0, "OS-EXT-STS:power_state": 0, "config_drive": "", "metadata": {}}}
2016-01-26 19:12:57,850 15804 INFO     [tempest_lib.common.rest_client] Request (TestNetworkAdvancedServerOps:test_server_connectivity_pause_unpause): 200 GET http://10.4.1.3:8774/v2.1/5a6ec848713c4efd95c268387122907d/servers/a376b397-27b1-43a2-a856-f71ae512e976 0.627s
2016-01-26 19:12:57,850 15804 DEBUG    [tempest_lib.common.rest_client] Request - Headers: {'Content-Type': 'application/json', 'Accept': 'application/json', 'X-Auth-Token': '&lt;omitted&gt;'}
        Body: None
    Response - Headers: {'status': '200', 'content-length': '1475', 'content-location': 'http://10.4.1.3:8774/v2.1/5a6ec848713c4efd95c268387122907d/servers/a376b397-27b1-43a2-a856-f71ae512e976', 'x-compute-request-id': 'req-78ab2b1e-aa1f-40d5-8c85-2ac651101785', 'vary': 'X-OpenStack-Nova-API-Version', 'connection': 'close', 'x-openstack-nova-api-version': '2.1', 'date': 'Tue, 26 Jan 2016 19:12:57 GMT', 'content-type': 'application/json'}
        Body: {"server": {"status": "BUILD", "updated": "2016-01-26T19:12:56Z", "hostId": "ae61f01612595420dfd25ef5b83e432a6a0333df819777cb1b5b7b1f", "addresses": {}, "links": [{"href": "http://10.4.1.3:8774/v2.1/5a6ec848713c4efd95c268387122907d/servers/a376b397-27b1-43a2-a856-f71ae512e976", "rel": "self"}, {"href": "http://10.4.1.3:8774/5a6ec848713c4efd95c268387122907d/servers/a376b397-27b1-43a2-a856-f71ae512e976", "rel": "bookmark"}], "key_name": "tempest-TestNetworkAdvancedServerOps-1197958470", "image": {"id": "ab60c484-f4e4-479d-a5b4-eff8a7d228f7", "links": [{"href": "http://10.4.1.3:8774/5a6ec848713c4efd95c268387122907d/images/ab60c484-f4e4-479d-a5b4-eff8a7d228f7", "rel": "bookmark"}]}, "OS-EXT-STS:task_state": "spawning", "OS-EXT-STS:vm_state": "building", "OS-SRV-USG:launched_at": null, "flavor": {"id": "42", "links": [{"href": "http://10.4.1.3:8774/5a6ec848713c4efd95c268387122907d/flavors/42", "rel": "bookmark"}]}, "id": "a376b397-27b1-43a2-a856-f71ae512e976", "security_groups": [{"name": "tempest-secgroup-smoke-1657636331"}], "OS-SRV-USG:terminated_at": null, "OS-EXT-AZ:availability_zone": "nova", "user_id": "45b3b0d1a6274a2c919ab103899ae645", "name": "tempest-server-smoke-508590099", "created": "2016-01-26T19:12:55Z", "tenant_id": "5a6ec848713c4efd95c268387122907d", "OS-DCF:diskConfig": "MANUAL", "os-extended-volumes:volumes_attached": [], "accessIPv4": "", "accessIPv6": "", "progress": 0, "OS-EXT-STS:power_state": 0, "config_drive": "", "metadata": {}}}
2016-01-26 19:12:57,860 15804 INFO     [tempest.common.waiters] State transition "BUILD/scheduling" ==&gt; "BUILD/spawning" after 1 second wait
2016-01-26 19:12:59,463 15804 INFO     [tempest_lib.common.rest_client] Request (TestNetworkAdvancedServerOps:test_server_connectivity_pause_unpause): 200 GET http://10.4.1.3:8774/v2.1/5a6ec848713c4efd95c268387122907d/servers/a376b397-27b1-43a2-a856-f71ae512e976 0.600s
2016-01-26 19:12:59,464 15804 DEBUG    [tempest_lib.common.rest_client] Request - Headers: {'Content-Type': 'application/json', 'Accept': 'application/json', 'X-Auth-Token': '&lt;omitted&gt;'}
        Body: None
    Response - Headers: {'status': '200', 'content-length': '1475', 'content-location': 'http://10.4.1.3:8774/v2.1/5a6ec848713c4efd95c268387122907d/servers/a376b397-27b1-43a2-a856-f71ae512e976', 'x-compute-request-id': 'req-23cfefa9-aa88-4f70-9180-d3b1ef572f1c', 'vary': 'X-OpenStack-Nova-API-Version', 'connection': 'close', 'x-openstack-nova-api-version': '2.1', 'date': 'Tue, 26 Jan 2016 19:12:59 GMT', 'content-type': 'application/json'}
        Body: {"server": {"status": "BUILD", "updated": "2016-01-26T19:12:56Z", "hostId": "ae61f01612595420dfd25ef5b83e432a6a0333df819777cb1b5b7b1f", "addresses": {}, "links": [{"href": "http://10.4.1.3:8774/v2.1/5a6ec848713c4efd95c268387122907d/servers/a376b397-27b1-43a2-a856-f71ae512e976", "rel": "self"}, {"href": "http://10.4.1.3:8774/5a6ec848713c4efd95c268387122907d/servers/a376b397-27b1-43a2-a856-f71ae512e976", "rel": "bookmark"}], "key_name": "tempest-TestNetworkAdvancedServerOps-1197958470", "image": {"id": "ab60c484-f4e4-479d-a5b4-eff8a7d228f7", "links": [{"href": "http://10.4.1.3:8774/5a6ec848713c4efd95c268387122907d/images/ab60c484-f4e4-479d-a5b4-eff8a7d228f7", "rel": "bookmark"}]}, "OS-EXT-STS:task_state": "spawning", "OS-EXT-STS:vm_state": "building", "OS-SRV-USG:launched_at": null, "flavor": {"id": "42", "links": [{"href": "http://10.4.1.3:8774/5a6ec848713c4efd95c268387122907d/flavors/42", "rel": "bookmark"}]}, "id": "a376b397-27b1-43a2-a856-f71ae512e976", "security_groups": [{"name": "tempest-secgroup-smoke-1657636331"}], "OS-SRV-USG:terminated_at": null, "OS-EXT-AZ:availability_zone": "nova", "user_id": "45b3b0d1a6274a2c919ab103899ae645", "name": "tempest-server-smoke-508590099", "created": "2016-01-26T19:12:55Z", "tenant_id": "5a6ec848713c4efd95c268387122907d", "OS-DCF:diskConfig": "MANUAL", "os-extended-volumes:volumes_attached": [], "accessIPv4": "", "accessIPv6": "", "progress": 0, "OS-EXT-STS:power_state": 0, "config_drive": "", "metadata": {}}}
2016-01-26 19:13:01,060 15804 INFO     [tempest_lib.common.rest_client] Request (TestNetworkAdvancedServerOps:test_server_connectivity_pause_unpause): 200 GET http://10.4.1.3:8774/v2.1/5a6ec848713c4efd95c268387122907d/servers/a376b397-27b1-43a2-a856-f71ae512e976 0.587s
2016-01-26 19:13:01,061 15804 DEBUG    [tempest_lib.common.rest_client] Request - Headers: {'Content-Type': 'application/json', 'Accept': 'application/json', 'X-Auth-Token': '&lt;omitted&gt;'}
        Body: None
    Response - Headers: {'status': '200', 'content-length': '1647', 'content-location': 'http://10.4.1.3:8774/v2.1/5a6ec848713c4efd95c268387122907d/servers/a376b397-27b1-43a2-a856-f71ae512e976', 'x-compute-request-id': 'req-c3f5bda0-23f4-4d16-bf34-fa682f497d7a', 'vary': 'X-OpenStack-Nova-API-Version', 'connection': 'close', 'x-openstack-nova-api-version': '2.1', 'date': 'Tue, 26 Jan 2016 19:13:01 GMT', 'content-type': 'application/json'}
        Body: {"server": {"status": "ACTIVE", "updated": "2016-01-26T19:13:00Z", "hostId": "ae61f01612595420dfd25ef5b83e432a6a0333df819777cb1b5b7b1f", "addresses": {"tempest-network-smoke--1994386258": [{"OS-EXT-IPS-MAC:mac_addr": "fa:16:3e:17:f1:34", "version": 4, "addr": "10.100.0.3", "OS-EXT-IPS:type": "fixed"}]}, "links": [{"href": "http://10.4.1.3:8774/v2.1/5a6ec848713c4efd95c268387122907d/servers/a376b397-27b1-43a2-a856-f71ae512e976", "rel": "self"}, {"href": "http://10.4.1.3:8774/5a6ec848713c4efd95c268387122907d/servers/a376b397-27b1-43a2-a856-f71ae512e976", "rel": "bookmark"}], "key_name": "tempest-TestNetworkAdvancedServerOps-1197958470", "image": {"id": "ab60c484-f4e4-479d-a5b4-eff8a7d228f7", "links": [{"href": "http://10.4.1.3:8774/5a6ec848713c4efd95c268387122907d/images/ab60c484-f4e4-479d-a5b4-eff8a7d228f7", "rel": "bookmark"}]}, "OS-EXT-STS:task_state": null, "OS-EXT-STS:vm_state": "active", "OS-SRV-USG:launched_at": "2016-01-26T19:12:59.000000", "flavor": {"id": "42", "links": [{"href": "http://10.4.1.3:8774/5a6ec848713c4efd95c268387122907d/flavors/42", "rel": "bookmark"}]}, "id": "a376b397-27b1-43a2-a856-f71ae512e976", "security_groups": [{"name": "tempest-secgroup-smoke-1657636331"}], "OS-SRV-USG:terminated_at": null, "OS-EXT-AZ:availability_zone": "nova", "user_id": "45b3b0d1a6274a2c919ab103899ae645", "name": "tempest-server-smoke-508590099", "created": "2016-01-26T19:12:55Z", "tenant_id": "5a6ec848713c4efd95c268387122907d", "OS-DCF:diskConfig": "MANUAL", "os-extended-volumes:volumes_attached": [], "accessIPv4": "", "accessIPv6": "", "progress": 0, "OS-EXT-STS:power_state": 1, "config_drive": "True", "metadata": {}}}
2016-01-26 19:13:01,070 15804 INFO     [tempest.common.waiters] State transition "BUILD/spawning" ==&gt; "ACTIVE/None" after 5 second wait
2016-01-26 19:13:01,626 15804 INFO     [tempest_lib.common.rest_client] Request (TestNetworkAdvancedServerOps:test_server_connectivity_pause_unpause): 200 GET http://10.4.1.3:8774/v2.1/5a6ec848713c4efd95c268387122907d/servers/a376b397-27b1-43a2-a856-f71ae512e976 0.555s
2016-01-26 19:13:01,626 15804 DEBUG    [tempest_lib.common.rest_client] Request - Headers: {'Content-Type': 'application/json', 'Accept': 'application/json', 'X-Auth-Token': '&lt;omitted&gt;'}
        Body: None
    Response - Headers: {'status': '200', 'content-length': '1647', 'content-location': 'http://10.4.1.3:8774/v2.1/5a6ec848713c4efd95c268387122907d/servers/a376b397-27b1-43a2-a856-f71ae512e976', 'x-compute-request-id': 'req-fb88f383-fce1-4664-aee6-60d5961d91aa', 'vary': 'X-OpenStack-Nova-API-Version', 'connection': 'close', 'x-openstack-nova-api-version': '2.1', 'date': 'Tue, 26 Jan 2016 19:13:01 GMT', 'content-type': 'application/json'}
        Body: {"server": {"status": "ACTIVE", "updated": "2016-01-26T19:13:00Z", "hostId": "ae61f01612595420dfd25ef5b83e432a6a0333df819777cb1b5b7b1f", "addresses": {"tempest-network-smoke--1994386258": [{"OS-EXT-IPS-MAC:mac_addr": "fa:16:3e:17:f1:34", "version": 4, "addr": "10.100.0.3", "OS-EXT-IPS:type": "fixed"}]}, "links": [{"href": "http://10.4.1.3:8774/v2.1/5a6ec848713c4efd95c268387122907d/servers/a376b397-27b1-43a2-a856-f71ae512e976", "rel": "self"}, {"href": "http://10.4.1.3:8774/5a6ec848713c4efd95c268387122907d/servers/a376b397-27b1-43a2-a856-f71ae512e976", "rel": "bookmark"}], "key_name": "tempest-TestNetworkAdvancedServerOps-1197958470", "image": {"id": "ab60c484-f4e4-479d-a5b4-eff8a7d228f7", "links": [{"href": "http://10.4.1.3:8774/5a6ec848713c4efd95c268387122907d/images/ab60c484-f4e4-479d-a5b4-eff8a7d228f7", "rel": "bookmark"}]}, "OS-EXT-STS:task_state": null, "OS-EXT-STS:vm_state": "active", "OS-SRV-USG:launched_at": "2016-01-26T19:12:59.000000", "flavor": {"id": "42", "links": [{"href": "http://10.4.1.3:8774/5a6ec848713c4efd95c268387122907d/flavors/42", "rel": "bookmark"}]}, "id": "a376b397-27b1-43a2-a856-f71ae512e976", "security_groups": [{"name": "tempest-secgroup-smoke-1657636331"}], "OS-SRV-USG:terminated_at": null, "OS-EXT-AZ:availability_zone": "nova", "user_id": "45b3b0d1a6274a2c919ab103899ae645", "name": "tempest-server-smoke-508590099", "created": "2016-01-26T19:12:55Z", "tenant_id": "5a6ec848713c4efd95c268387122907d", "OS-DCF:diskConfig": "MANUAL", "os-extended-volumes:volumes_attached": [], "accessIPv4": "", "accessIPv6": "", "progress": 0, "OS-EXT-STS:power_state": 1, "config_drive": "True", "metadata": {}}}
2016-01-26 19:13:01,791 15804 INFO     [tempest_lib.common.rest_client] Request (TestNetworkAdvancedServerOps:test_server_connectivity_pause_unpause): 200 GET http://10.4.1.3:9696/v2.0/ports?status=ACTIVE&amp;fixed_ip=None&amp;device_id=a376b397-27b1-43a2-a856-f71ae512e976 0.156s
2016-01-26 19:13:01,791 15804 DEBUG    [tempest_lib.common.rest_client] Request - Headers: {'Content-Type': 'application/json', 'Accept': 'application/json', 'X-Auth-Token': '&lt;omitted&gt;'}
        Body: None
    Response - Headers: {'status': '200', 'content-length': '895', 'content-location': 'http://10.4.1.3:9696/v2.0/ports?status=ACTIVE&amp;fixed_ip=None&amp;device_id=a376b397-27b1-43a2-a856-f71ae512e976', 'connection': 'close', 'date': 'Tue, 26 Jan 2016 19:13:01 GMT', 'content-type': 'application/json; charset=UTF-8', 'x-openstack-request-id': 'req-773cd8aa-aa07-4231-b9fb-ee9d982eb125'}
        Body: {"ports": [{"status": "ACTIVE", "binding:host_id": "vagrant-ubuntu-trusty-64", "allowed_address_pairs": [], "extra_dhcp_opts": [], "dns_assignment": [{"hostname": "host-10-100-0-3", "ip_address": "10.100.0.3", "fqdn": "host-10-100-0-3.openstacklocal."}], "device_owner": "compute:None", "port_security_enabled": true, "binding:profile": {}, "fixed_ips": [{"subnet_id": "1bd87985-c6cc-4fcd-849b-cc586691d1b8", "ip_address": "10.100.0.3"}], "id": "26dc662d-e6f7-419d-812c-6027a58ab46e", "security_groups": ["c865464e-d024-4cfb-8e26-210baa7ce10a"], "device_id": "a376b397-27b1-43a2-a856-f71ae512e976", "name": "", "admin_state_up": true, "network_id": "34f0b2c1-66c1-42f8-aeec-4304e980b181", "dns_name": "", "binding:vif_details": {"port_filter": true}, "binding:vnic_type": "normal", "binding:vif_type": "ovs", "tenant_id": "5a6ec848713c4efd95c268387122907d", "mac_address": "fa:16:3e:17:f1:34"}]}
2016-01-26 19:13:02,374 15804 INFO     [tempest_lib.common.rest_client] Request (TestNetworkAdvancedServerOps:test_server_connectivity_pause_unpause): 201 POST http://10.4.1.3:9696/v2.0/floatingips 0.582s
2016-01-26 19:13:02,374 15804 DEBUG    [tempest_lib.common.rest_client] Request - Headers: {'Content-Type': 'application/json', 'Accept': 'application/json', 'X-Auth-Token': '&lt;omitted&gt;'}
        Body: {"floatingip": {"floating_network_id": "2206f907-e55f-4610-a88e-889ba5d863c7", "tenant_id": "5a6ec848713c4efd95c268387122907d", "fixed_ip_address": "10.100.0.3", "port_id": "26dc662d-e6f7-419d-812c-6027a58ab46e"}}
    Response - Headers: {'status': '201', 'content-length': '369', 'connection': 'close', 'date': 'Tue, 26 Jan 2016 19:13:02 GMT', 'content-type': 'application/json; charset=UTF-8', 'x-openstack-request-id': 'req-8747a187-74f9-49b6-a6de-b3102f85c4a9'}
        Body: {"floatingip": {"floating_network_id": "2206f907-e55f-4610-a88e-889ba5d863c7", "router_id": "29633f42-5441-4e12-a0b6-9df2c3e08942", "fixed_ip_address": "10.100.0.3", "floating_ip_address": "172.24.4.4", "tenant_id": "5a6ec848713c4efd95c268387122907d", "status": "ACTIVE", "port_id": "26dc662d-e6f7-419d-812c-6027a58ab46e", "id": "3402738c-13a2-4ff3-b551-69accd2c1ac9"}}
2016-01-26 19:13:02,944 15804 INFO     [tempest_lib.common.rest_client] Request (TestNetworkAdvancedServerOps:test_server_connectivity_pause_unpause): 200 GET http://10.4.1.3:8774/v2.1/5a6ec848713c4efd95c268387122907d/servers/a376b397-27b1-43a2-a856-f71ae512e976 0.569s
2016-01-26 19:13:02,944 15804 DEBUG    [tempest_lib.common.rest_client] Request - Headers: {'Content-Type': 'application/json', 'Accept': 'application/json', 'X-Auth-Token': '&lt;omitted&gt;'}
        Body: None
    Response - Headers: {'status': '200', 'content-length': '1647', 'content-location': 'http://10.4.1.3:8774/v2.1/5a6ec848713c4efd95c268387122907d/servers/a376b397-27b1-43a2-a856-f71ae512e976', 'x-compute-request-id': 'req-2065216e-dbd9-418a-ac97-59fb5ef0c9cc', 'vary': 'X-OpenStack-Nova-API-Version', 'connection': 'close', 'x-openstack-nova-api-version': '2.1', 'date': 'Tue, 26 Jan 2016 19:13:02 GMT', 'content-type': 'application/json'}
        Body: {"server": {"status": "ACTIVE", "updated": "2016-01-26T19:13:00Z", "hostId": "ae61f01612595420dfd25ef5b83e432a6a0333df819777cb1b5b7b1f", "addresses": {"tempest-network-smoke--1994386258": [{"OS-EXT-IPS-MAC:mac_addr": "fa:16:3e:17:f1:34", "version": 4, "addr": "10.100.0.3", "OS-EXT-IPS:type": "fixed"}]}, "links": [{"href": "http://10.4.1.3:8774/v2.1/5a6ec848713c4efd95c268387122907d/servers/a376b397-27b1-43a2-a856-f71ae512e976", "rel": "self"}, {"href": "http://10.4.1.3:8774/5a6ec848713c4efd95c268387122907d/servers/a376b397-27b1-43a2-a856-f71ae512e976", "rel": "bookmark"}], "key_name": "tempest-TestNetworkAdvancedServerOps-1197958470", "image": {"id": "ab60c484-f4e4-479d-a5b4-eff8a7d228f7", "links": [{"href": "http://10.4.1.3:8774/5a6ec848713c4efd95c268387122907d/images/ab60c484-f4e4-479d-a5b4-eff8a7d228f7", "rel": "bookmark"}]}, "OS-EXT-STS:task_state": null, "OS-EXT-STS:vm_state": "active", "OS-SRV-USG:launched_at": "2016-01-26T19:12:59.000000", "flavor": {"id": "42", "links": [{"href": "http://10.4.1.3:8774/5a6ec848713c4efd95c268387122907d/flavors/42", "rel": "bookmark"}]}, "id": "a376b397-27b1-43a2-a856-f71ae512e976", "security_groups": [{"name": "tempest-secgroup-smoke-1657636331"}], "OS-SRV-USG:terminated_at": null, "OS-EXT-AZ:availability_zone": "nova", "user_id": "45b3b0d1a6274a2c919ab103899ae645", "name": "tempest-server-smoke-508590099", "created": "2016-01-26T19:12:55Z", "tenant_id": "5a6ec848713c4efd95c268387122907d", "OS-DCF:diskConfig": "MANUAL", "os-extended-volumes:volumes_attached": [], "accessIPv4": "", "accessIPv6": "", "progress": 0, "OS-EXT-STS:power_state": 1, "config_drive": "True", "metadata": {}}}
2016-01-26 19:13:02,954 15804 INFO     [tempest.scenario.manager] Tenant networks not configured to be reachable.
2016-01-26 19:13:03,090 15804 INFO     [tempest_lib.common.rest_client] Request (TestNetworkAdvancedServerOps:test_server_connectivity_pause_unpause): 200 GET http://10.4.1.3:9696/v2.0/floatingips/3402738c-13a2-4ff3-b551-69accd2c1ac9 0.136s
2016-01-26 19:13:03,091 15804 DEBUG    [tempest_lib.common.rest_client] Request - Headers: {'Content-Type': 'application/json', 'Accept': 'application/json', 'X-Auth-Token': '&lt;omitted&gt;'}
        Body: None
    Response - Headers: {'status': '200', 'content-length': '369', 'content-location': 'http://10.4.1.3:9696/v2.0/floatingips/3402738c-13a2-4ff3-b551-69accd2c1ac9', 'connection': 'close', 'date': 'Tue, 26 Jan 2016 19:13:03 GMT', 'content-type': 'application/json; charset=UTF-8', 'x-openstack-request-id': 'req-ced6a49b-4975-4c42-be66-27633b7ff169'}
        Body: {"floatingip": {"floating_network_id": "2206f907-e55f-4610-a88e-889ba5d863c7", "router_id": "29633f42-5441-4e12-a0b6-9df2c3e08942", "fixed_ip_address": "10.100.0.3", "floating_ip_address": "172.24.4.4", "tenant_id": "5a6ec848713c4efd95c268387122907d", "status": "ACTIVE", "port_id": "26dc662d-e6f7-419d-812c-6027a58ab46e", "id": "3402738c-13a2-4ff3-b551-69accd2c1ac9"}}
2016-01-26 19:13:03,092 15804 INFO     [tempest.scenario.manager] FloatingIP: &lt;"FloatingIP" addr="172.24.4.4" id="3402738c-13a2-4ff3-b551-69accd2c1ac9"&gt; is at status: ACTIVE
2016-01-26 19:13:03,092 15804 DEBUG    [tempest.scenario.manager] checking network connections to IP 172.24.4.4 with user: cirros
2016-01-26 19:13:03,093 15804 DEBUG    [tempest.scenario.manager] TestNetworkAdvancedServerOps:test_server_connectivity_pause_unpause begins to ping 172.24.4.4 in 120 sec and the expected result is reachable
2016-01-26 19:15:03,670 15804 DEBUG    [tempest.scenario.manager] TestNetworkAdvancedServerOps:test_server_connectivity_pause_unpause finishes ping 172.24.4.4 in 120 sec and the ping result is unexpected
2016-01-26 19:15:03,672 15804 ERROR    [tempest.scenario.manager] Public network connectivity check failed
2016-01-26 19:15:03.672 15804 ERROR tempest.scenario.manager Traceback (most recent call last):
2016-01-26 19:15:03.672 15804 ERROR tempest.scenario.manager   File "tempest/scenario/manager.py", line 610, in check_public_network_connectivity
2016-01-26 19:15:03.672 15804 ERROR tempest.scenario.manager     should_connect=should_connect)
2016-01-26 19:15:03.672 15804 ERROR tempest.scenario.manager   File "tempest/scenario/manager.py", line 594, in check_vm_connectivity
2016-01-26 19:15:03.672 15804 ERROR tempest.scenario.manager     msg=msg)
2016-01-26 19:15:03.672 15804 ERROR tempest.scenario.manager   File "/usr/local/lib/python2.7/dist-packages/unittest2/case.py", line 702, in assertTrue
2016-01-26 19:15:03.672 15804 ERROR tempest.scenario.manager     raise self.failureException(msg)
2016-01-26 19:15:03.672 15804 ERROR tempest.scenario.manager AssertionError: False is not true : Timed out waiting for 172.24.4.4 to become reachable
2016-01-26 19:15:03.672 15804 ERROR tempest.scenario.manager 
2016-01-26 19:15:04,063 15804 INFO     [tempest_lib.common.rest_client] Request (TestNetworkAdvancedServerOps:test_server_connectivity_pause_unpause): 200 POST http://10.4.1.3:8774/v2.1/5a6ec848713c4efd95c268387122907d/servers/a376b397-27b1-43a2-a856-f71ae512e976/action 0.385s
2016-01-26 19:15:04,064 15804 DEBUG    [tempest_lib.common.rest_client] Request - Headers: {'Content-Type': 'application/json', 'Accept': 'application/json', 'X-Auth-Token': '&lt;omitted&gt;'}
        Body: {"os-getConsoleOutput": {}}
    Response - Headers: {'status': '200', 'content-length': '17428', 'x-compute-request-id': 'req-2f781075-1995-4c29-9c80-99162f885dad', 'vary': 'X-OpenStack-Nova-API-Version', 'connection': 'close', 'x-openstack-nova-api-version': '2.1', 'date': 'Tue, 26 Jan 2016 19:15:04 GMT', 'content-type': 'application/json'}
        Body: {"output": "[    0.000000] Initializing cgroup subsys cpuset\n[    0.000000] Initializing cgroup subsys cpu\n[    0.000000] Linux version 3.2.0-80-virtual (buildd@batsu) (gcc version 4.6.3 (Ubuntu/Linaro 4.6.3-1ubuntu5) ) #116-Ubuntu SMP Mon Mar 23 17:28:52 UTC 2015 (Ubuntu 3.2.0-80.116-virtual 3.2.68)\n[    0.000000] Command line: root=/dev/vda console=tty0 console=ttyS0 no_timer_check\n[    0.000000] KERNEL supported cpus:\n[    0.000000]   Intel GenuineIntel\n[    0.000000]   AMD AuthenticAMD\n[    0.000000]   Centaur CentaurHauls\n[    0.000000] BIOS-provided physical RAM map:\n[    0.000000]  BIOS-e820: 0000000000000000 - 000000000009fc00 (usable)\n[    0.000000]  BIOS-e820: 000000000009fc00 - 00000000000a0000 (reserved)\n[    0.000000]  BIOS-e820: 00000000000f0000 - 0000000000100000 (reserved)\n[    0.000000]  BIOS-e820: 0000000000100000 - 0000000003ffe000 (usable)\n[    0.000000]  BIOS-e820: 0000000003ffe000 - 0000000004000000 (reserved)\n[    0.000000]  BIOS-e820: 00000000fffc0000 - 0000000100000000 (reserved)\n[    0.000000] NX (Execute Disable) protection: active\n[    0.000000] SMBIOS 2.4 present.\n[    0.000000] No AGP bridge found\n[    0.000000] last_pfn = 0x3ffe max_arch_pfn = 0x400000000\n[    0.000000] x86 PAT enabled: cpu 0, old 0x7040600070406, new 0x7010600070106\n[    0.000000] found SMP MP-table at [ffff8800000f0b00] f0b00\n[    0.000000] init_memory_mapping: 0000000000000000-0000000003ffe000\n[    0.000000] RAMDISK: 03c5e000 - 03ff0000\n[    0.000000] ACPI: RSDP 00000000000f0950 00014 (v00 BOCHS )\n[    0.000000] ACPI: RSDT 0000000003fffbc1 00034 (v01 BOCHS  BXPCRSDT 00000001 BXPC 00000001)\n[    0.000000] ACPI: FACP 0000000003fff1c0 00074 (v01 BOCHS  BXPCFACP 00000001 BXPC 00000001)\n[    0.000000] ACPI: DSDT 0000000003ffe040 01180 (v01 BOCHS  BXPCDSDT 00000001 BXPC 00000001)\n[    0.000000] ACPI: FACS 0000000003ffe000 00040\n[    0.000000] ACPI: SSDT 0000000003fff234 008DD (v01 BOCHS  BXPCSSDT 00000001 BXPC 00000001)\n[    0.000000] ACPI: APIC 0000000003fffb11 00078 (v01 BOCHS  BXPCAPIC 00000001 BXPC 00000001)\n[    0.000000] ACPI: HPET 0000000003fffb89 00038 (v01 BOCHS  BXPCHPET 00000001 BXPC 00000001)\n[    0.000000] No NUMA configuration found\n[    0.000000] Faking a node at 0000000000000000-0000000003ffe000\n[    0.000000] Initmem setup node 0 0000000000000000-0000000003ffe000\n[    0.000000]   NODE_DATA [0000000003ff6000 - 0000000003ffafff]\n[    0.000000] Zone PFN ranges:\n[    0.000000]   DMA      0x00000010 -&gt; 0x00001000\n[    0.000000]   DMA32    0x00001000 -&gt; 0x00100000\n[    0.000000]   Normal   empty\n[    0.000000] Movable zone start PFN for each node\n[    0.000000] early_node_map[2] active PFN ranges\n[    0.000000]     0: 0x00000010 -&gt; 0x0000009f\n[    0.000000]     0: 0x00000100 -&gt; 0x00003ffe\n[    0.000000] ACPI: PM-Timer IO Port: 0xb008\n[    0.000000] ACPI: LAPIC (acpi_id[0x00] lapic_id[0x00] enabled)\n[    0.000000] ACPI: LAPIC_NMI (acpi_id[0xff] dfl dfl lint[0x1])\n[    0.000000] ACPI: IOAPIC (id[0x00] address[0xfec00000] gsi_base[0])\n[    0.000000] IOAPIC[0]: apic_id 0, version 17, address 0xfec00000, GSI 0-23\n[    0.000000] ACPI: INT_SRC_OVR (bus 0 bus_irq 0 global_irq 2 dfl dfl)\n[    0.000000] ACPI: INT_SRC_OVR (bus 0 bus_irq 5 global_irq 5 high level)\n[    0.000000] ACPI: INT_SRC_OVR (bus 0 bus_irq 9 global_irq 9 high level)\n[    0.000000] ACPI: INT_SRC_OVR (bus 0 bus_irq 10 global_irq 10 high level)\n[    0.000000] ACPI: INT_SRC_OVR (bus 0 bus_irq 11 global_irq 11 high level)\n[    0.000000] Using ACPI (MADT) for SMP configuration information\n[    0.000000] ACPI: HPET id: 0x8086a201 base: 0xfed00000\n[    0.000000] SMP: Allowing 1 CPUs, 0 hotplug CPUs\n[    0.000000] PM: Registered nosave memory: 000000000009f000 - 00000000000a0000\n[    0.000000] PM: Registered nosave memory: 00000000000a0000 - 00000000000f0000\n[    0.000000] PM: Registered nosave memory: 00000000000f0000 - 0000000000100000\n[    0.000000] Allocating PCI resources starting at 4000000 (gap: 4000000:fbfc0000)\n[    0.000000] Booting paravirtualized kernel on bare hardware\n[    0.000000] setup_pe
2016-01-26 19:15:04,067 15804 DEBUG    [tempest.scenario.manager] Console output for a376b397-27b1-43a2-a856-f71ae512e976
body=
[    0.000000] Initializing cgroup subsys cpuset
[    0.000000] Initializing cgroup subsys cpu
[    0.000000] Linux version 3.2.0-80-virtual (buildd@batsu) (gcc version 4.6.3 (Ubuntu/Linaro 4.6.3-1ubuntu5) ) #116-Ubuntu SMP Mon Mar 23 17:28:52 UTC 2015 (Ubuntu 3.2.0-80.116-virtual 3.2.68)
[    0.000000] Command line: root=/dev/vda console=tty0 console=ttyS0 no_timer_check
[    0.000000] KERNEL supported cpus:
[    0.000000]   Intel GenuineIntel
[    0.000000]   AMD AuthenticAMD
[    0.000000]   Centaur CentaurHauls
[    0.000000] BIOS-provided physical RAM map:
[    0.000000]  BIOS-e820: 0000000000000000 - 000000000009fc00 (usable)
[    0.000000]  BIOS-e820: 000000000009fc00 - 00000000000a0000 (reserved)
[    0.000000]  BIOS-e820: 00000000000f0000 - 0000000000100000 (reserved)
[    0.000000]  BIOS-e820: 0000000000100000 - 0000000003ffe000 (usable)
[    0.000000]  BIOS-e820: 0000000003ffe000 - 0000000004000000 (reserved)
[    0.000000]  BIOS-e820: 00000000fffc0000 - 0000000100000000 (reserved)
[    0.000000] NX (Execute Disable) protection: active
[    0.000000] SMBIOS 2.4 present.
[    0.000000] No AGP bridge found
[    0.000000] last_pfn = 0x3ffe max_arch_pfn = 0x400000000
[    0.000000] x86 PAT enabled: cpu 0, old 0x7040600070406, new 0x7010600070106
[    0.000000] found SMP MP-table at [ffff8800000f0b00] f0b00
[    0.000000] init_memory_mapping: 0000000000000000-0000000003ffe000
[    0.000000] RAMDISK: 03c5e000 - 03ff0000
[    0.000000] ACPI: RSDP 00000000000f0950 00014 (v00 BOCHS )
[    0.000000] ACPI: RSDT 0000000003fffbc1 00034 (v01 BOCHS  BXPCRSDT 00000001 BXPC 00000001)
[    0.000000] ACPI: FACP 0000000003fff1c0 00074 (v01 BOCHS  BXPCFACP 00000001 BXPC 00000001)
[    0.000000] ACPI: DSDT 0000000003ffe040 01180 (v01 BOCHS  BXPCDSDT 00000001 BXPC 00000001)
[    0.000000] ACPI: FACS 0000000003ffe000 00040
[    0.000000] ACPI: SSDT 0000000003fff234 008DD (v01 BOCHS  BXPCSSDT 00000001 BXPC 00000001)
[    0.000000] ACPI: APIC 0000000003fffb11 00078 (v01 BOCHS  BXPCAPIC 00000001 BXPC 00000001)
[    0.000000] ACPI: HPET 0000000003fffb89 00038 (v01 BOCHS  BXPCHPET 00000001 BXPC 00000001)
[    0.000000] No NUMA configuration found
[    0.000000] Faking a node at 0000000000000000-0000000003ffe000
[    0.000000] Initmem setup node 0 0000000000000000-0000000003ffe000
[    0.000000]   NODE_DATA [0000000003ff6000 - 0000000003ffafff]
[    0.000000] Zone PFN ranges:
[    0.000000]   DMA      0x00000010 -&gt; 0x00001000
[    0.000000]   DMA32    0x00001000 -&gt; 0x00100000
[    0.000000]   Normal   empty
[    0.000000] Movable zone start PFN for each node
[    0.000000] early_node_map[2] active PFN ranges
[    0.000000]     0: 0x00000010 -&gt; 0x0000009f
[    0.000000]     0: 0x00000100 -&gt; 0x00003ffe
[    0.000000] ACPI: PM-Timer IO Port: 0xb008
[    0.000000] ACPI: LAPIC (acpi_id[0x00] lapic_id[0x00] enabled)
[    0.000000] ACPI: LAPIC_NMI (acpi_id[0xff] dfl dfl lint[0x1])
[    0.000000] ACPI: IOAPIC (id[0x00] address[0xfec00000] gsi_base[0])
[    0.000000] IOAPIC[0]: apic_id 0, version 17, address 0xfec00000, GSI 0-23
[    0.000000] ACPI: INT_SRC_OVR (bus 0 bus_irq 0 global_irq 2 dfl dfl)
[    0.000000] ACPI: INT_SRC_OVR (bus 0 bus_irq 5 global_irq 5 high level)
[    0.000000] ACPI: INT_SRC_OVR (bus 0 bus_irq 9 global_irq 9 high level)
[    0.000000] ACPI: INT_SRC_OVR (bus 0 bus_irq 10 global_irq 10 high level)
[    0.000000] ACPI: INT_SRC_OVR (bus 0 bus_irq 11 global_irq 11 high level)
[    0.000000] Using ACPI (MADT) for SMP configuration information
[    0.000000] ACPI: HPET id: 0x8086a201 base: 0xfed00000
[    0.000000] SMP: Allowing 1 CPUs, 0 hotplug CPUs
[    0.000000] PM: Registered nosave memory: 000000000009f000 - 00000000000a0000
[    0.000000] PM: Registered nosave memory: 00000000000a0000 - 00000000000f0000
[    0.000000] PM: Registered nosave memory: 00000000000f0000 - 0000000000100000
[    0.000000] Allocating PCI resources starting at 4000000 (gap: 4000000:fbfc0000)
[    0.000000] Booting paravirtualized kernel on bare hardware
[    0.000000] setup_percpu: NR_CPUS:64 nr_cpumask_bits:64 nr_cpu_ids:1 nr_node_ids:1
[    0.000000] PERCPU: Embedded 27 pages/cpu @ffff880003a00000 s78848 r8192 d23552 u2097152
[    0.000000] Built 1 zonelists in Node order, mobility grouping on.  Total pages: 16008
[    0.000000] Policy zone: DMA32
[    0.000000] Kernel command line: root=/dev/vda console=tty0 console=ttyS0 no_timer_check
[    0.000000] PID hash table entries: 256 (order: -1, 2048 bytes)
[    0.000000] Checking aperture...
[    0.000000] No AGP bridge found
[    0.000000] Memory: 43492k/65528k available (6576k kernel code, 452k absent, 21584k reserved, 6620k data, 928k init)
[    0.000000] SLUB: Genslabs=15, HWalign=64, Order=0-3, MinObjects=0, CPUs=1, Nodes=1
[    0.000000] Hierarchical RCU implementation.
[    0.000000] 	RCU dyntick-idle grace-period acceleration is enabled.
[    0.000000] NR_IRQS:4352 nr_irqs:256 16
[    0.000000] Console: colour VGA+ 80x25
[    0.000000] console [tty0] enabled
[    0.000000] console [ttyS0] enabled
[    0.000000] allocated 1048576 bytes of page_cgroup
[    0.000000] please try 'cgroup_disable=memory' option if you don't want memory cgroups
[    0.000000] Fast TSC calibration failed
[    0.000000] TSC: Unable to calibrate against PIT
[    0.000000] TSC: using HPET reference calibration
[    0.000000] Detected 2291.639 MHz processor.
[    0.037106] Calibrating delay loop (skipped), value calculated using timer frequency.. 4583.27 BogoMIPS (lpj=9166556)
[    0.041123] pid_max: default: 32768 minimum: 301
[    0.050524] Security Framework initialized
[    0.056890] AppArmor: AppArmor initialized
[    0.057693] Yama: becoming mindful.
[    0.066463] Dentry cache hash table entries: 8192 (order: 4, 65536 bytes)
[    0.068700] Inode-cache hash table entries: 4096 (order: 3, 32768 bytes)
[    0.070268] Mount-cache hash table entries: 256
[    0.093401] Initializing cgroup subsys cpuacct
[    0.094481] Initializing cgroup subsys memory
[    0.096348] Initializing cgroup subsys devices
[    0.097166] Initializing cgroup subsys freezer
[    0.097888] Initializing cgroup subsys blkio
[    0.098606] Initializing cgroup subsys perf_event
[    0.104418] mce: CPU supports 10 MCE banks
[    0.110101] SMP alternatives: switching to UP code
[    0.512527] Freeing SMP alternatives: 24k freed
[    0.514062] ACPI: Core revision 20110623
[    0.557917] ftrace: allocating 26610 entries in 105 pages
[    0.589450] ..TIMER: vector=0x30 apic1=0 pin1=2 apic2=-1 pin2=-1
[    0.590840] CPU0: AMD QEMU Virtual CPU version 2.0.0 stepping 03
[    0.596036] Performance Events: Broken PMU hardware detected, using software events only.
[    0.605255] NMI watchdog disabled (cpu0): hardware events not enabled
[    0.607058] Brought up 1 CPUs
[    0.608207] Total of 1 processors activated (4583.27 BogoMIPS).
[    0.629875] devtmpfs: initialized
[    0.658819] EVM: security.selinux
[    0.659277] EVM: security.SMACK64
[    0.660078] EVM: security.capability
[    0.678385] print_constraints: dummy: 
[    0.680284] RTC time: 19:13:03, date: 01/26/16
[    0.682483] NET: Registered protocol family 16
[    0.691080] ACPI: bus type pci registered
[    0.696517] PCI: Using configuration type 1 for base access
[    0.732483] bio: create slab &lt;bio-0&gt; at 0
[    0.737249] ACPI: Added _OSI(Module Device)
[    0.737843] ACPI: Added _OSI(Processor Device)
[    0.738605] ACPI: Added _OSI(3.0 _SCP Extensions)
[    0.739368] ACPI: Added _OSI(Processor Aggregator Device)
[    0.811012] ACPI: Interpreter enabled
[    0.812400] ACPI: (supports S0 S3 S4 S5)
[    0.814401] ACPI: Using IOAPIC for interrupt routing
[    0.881951] ACPI: No dock devices found.
[    0.882573] HEST: Table not found.
[    0.883107] PCI: Using host bridge windows from ACPI; if necessary, use "pci=nocrs" and report a bug
[    0.889418] ACPI: PCI Root Bridge [PCI0] (domain 0000 [bus 00-ff])
[    0.894033] pci_root PNP0A03:00: host bridge window [io  0x0000-0x0cf7]
[    0.894866] pci_root PNP0A03:00: host bridge window [io  0x0d00-0xadff]
[    0.896108] pci_root PNP0A03:00: host bridge window [io  0xae0f-0xaeff]
[    0.897141] pci_root PNP0A03:00: host bridge window [io  0xaf20-0xafdf]
[    0.897955] pci_root PNP0A03:00: host bridge window [io  0xafe4-0xffff]
[    0.898973] pci_root PNP0A03:00: host bridge window [mem 0x000a0000-0x000bffff]
[    0.900105] pci_root PNP0A03:00: host bridge window [mem 0x04000000-0xfebfffff]
[    0.920645] pci 0000:00:01.3: quirk: [io  0xb000-0xb03f] claimed by PIIX4 ACPI
[    0.921884] pci 0000:00:01.3: quirk: [io  0xb100-0xb10f] claimed by PIIX4 SMB
[    0.997958]  pci0000:00: Unable to request _OSC control (_OSC support mask: 0x1e)
[    1.080377] ACPI: PCI Interrupt Link [LNKA] (IRQs 5 *10 11)
[    1.082429] ACPI: PCI Interrupt Link [LNKB] (IRQs 5 *10 11)
[    1.085240] ACPI: PCI Interrupt Link [LNKC] (IRQs 5 10 *11)
[    1.087547] ACPI: PCI Interrupt Link [LNKD] (IRQs 5 10 *11)
[    1.089078] ACPI: PCI Interrupt Link [LNKS] (IRQs *9)
[    1.096772] vgaarb: device added: PCI:0000:00:02.0,decodes=io+mem,owns=io+mem,locks=none
[    1.097956] vgaarb: loaded
[    1.098420] vgaarb: bridge control possible 0000:00:02.0
[    1.102412] i2c-core: driver [aat2870] using legacy suspend method
[    1.103367] i2c-core: driver [aat2870] using legacy resume method
[    1.105738] SCSI subsystem initialized
[    1.110306] usbcore: registered new interface driver usbfs
[    1.111581] usbcore: registered new interface driver hub
[    1.112822] usbcore: registered new device driver usb
[    1.117372] PCI: Using ACPI for IRQ routing
[    1.128329] NetLabel: Initializing
[    1.128822] NetLabel:  domain hash size = 128
[    1.129391] NetLabel:  protocols = UNLABELED CIPSOv4
[    1.132900] NetLabel:  unlabeled traffic allowed by default
[    1.136519] HPET: 3 timers in total, 0 timers will be used for per-cpu timer
[    1.137321] hpet0: at MMIO 0xfed00000, IRQs 2, 8, 0
[    1.138327] hpet0: 3 comparators, 64-bit 100.000000 MHz counter
[    1.150175] Switching to clocksource hpet
[    1.440109] AppArmor: AppArmor Filesystem Enabled
[    1.442289] pnp: PnP ACPI init
[    1.443076] ACPI: bus type pnp registered
[    1.462297] pnp: PnP ACPI: found 9 devices
[    1.463024] ACPI: ACPI bus type pnp unregistered
[    1.519691] NET: Registered protocol family 2
[    1.554712] IP route cache hash table entries: 512 (order: 0, 4096 bytes)
[    1.562396] TCP established hash table entries: 2048 (order: 3, 32768 bytes)
[    1.563818] TCP bind hash table entries: 2048 (order: 3, 32768 bytes)
[    1.565490] TCP: Hash tables configured (established 2048 bind 2048)
[    1.566327] TCP reno registered
[    1.566889] UDP hash table entries: 128 (order: 0, 4096 bytes)
[    1.567847] UDP-Lite hash table entries: 128 (order: 0, 4096 bytes)
[    1.571273] NET: Registered protocol family 1
[    1.572429] pci 0000:00:00.0: Limiting direct PCI/PCI transfers
[    1.573822] pci 0000:00:01.0: PIIX3: Enabling Passive Release
[    1.574738] pci 0000:00:01.0: Activating ISA DMA hang workarounds
[    1.579512] ACPI: PCI Interrupt Link [LNKD] enabled at IRQ 11
[    1.581337] pci 0000:00:01.2: PCI INT D -&gt; Link[LNKD] -&gt; GSI 11 (level, high) -&gt; IRQ 11
[    1.583811] pci 0000:00:01.2: PCI INT D disabled
[    1.605946] Trying to unpack rootfs image as initramfs...
[    1.623020] audit: initializing netlink socket (disabled)
[    1.625275] type=2000 audit(1453835583.620:1): initialized
[    1.914263] HugeTLB registered 2 MB page size, pre-allocated 0 pages
[    1.989672] VFS: Disk quotas dquot_6.5.2
[    1.991618] Dquot-cache hash table entries: 512 (order 0, 4096 bytes)
[    2.014951] fuse init (API version 7.17)
[    2.018592] msgmni has been set to 84
[    2.058993] Block layer SCSI generic (bsg) driver version 0.4 loaded (major 253)
[    2.062299] io scheduler noop registered
[    2.063138] io scheduler deadline registered (default)
[    2.065285] io scheduler cfq registered
[    2.069721] pci_hotplug: PCI Hot Plug PCI Core version: 0.5
[    2.072054] pciehp: PCI Express Hot Plug Controller Driver version: 0.4
[    2.078373] input: Power Button as /devices/LNXSYSTM:00/LNXPWRBN:00/input/input0
[    2.079993] ACPI: Power Button [PWRF]
[    2.143299] ERST: Table is not found!
[    2.143821] GHES: HEST is not enabled!
[    2.147549] ACPI: PCI Interrupt Link [LNKC] enabled at IRQ 10
[    2.149216] virtio-pci 0000:00:03.0: PCI INT A -&gt; Link[LNKC] -&gt; GSI 10 (level, high) -&gt; IRQ 10
[    2.152048] virtio-pci 0000:00:04.0: PCI INT A -&gt; Link[LNKD] -&gt; GSI 11 (level, high) -&gt; IRQ 11
[    2.167779] ACPI: PCI Interrupt Link [LNKA] enabled at IRQ 10
[    2.169405] virtio-pci 0000:00:05.0: PCI INT A -&gt; Link[LNKA] -&gt; GSI 10 (level, high) -&gt; IRQ 10
[    2.186598] Serial: 8250/16550 driver, 32 ports, IRQ sharing enabled
[    2.230313] serial8250: ttyS0 at I/O 0x3f8 (irq = 4) is a 16550A
[    2.316846] serial8250: ttyS1 at I/O 0x2f8 (irq = 3) is a 16550A
[    2.461981] 00:05: ttyS0 at I/O 0x3f8 (irq = 4) is a 16550A
[    2.543297] 00:06: ttyS1 at I/O 0x2f8 (irq = 3) is a 16550A
[    2.590381] Linux agpgart interface v0.103
[    2.598185] Refined TSC clocksource calibration: 2291.643 MHz.
[    2.598988] Switching to clocksource tsc
[    2.649389] brd: module loaded
[    2.687891] loop: module loaded
[    2.738572]  vda: unknown partition table
[    2.793130] scsi0 : ata_piix
[    2.801186] scsi1 : ata_piix
[    2.802420] ata1: PATA max MWDMA2 cmd 0x1f0 ctl 0x3f6 bmdma 0xc0a0 irq 14
[    2.803441] ata2: PATA max MWDMA2 cmd 0x170 ctl 0x376 bmdma 0xc0a8 irq 15
[    2.814646] Fixed MDIO Bus: probed
[    2.815663] tun: Universal TUN/TAP device driver, 1.6
[    2.817098] tun: (C) 1999-2004 Max Krasnyansky &lt;maxk@qualcomm.com&gt;
[    2.829987] PPP generic driver version 2.4.2
[    2.851173] ehci_hcd: USB 2.0 'Enhanced' Host Controller (EHCI) Driver
[    2.853628] ohci_hcd: USB 1.1 'Open' Host Controller (OHCI) Driver
[    2.855301] uhci_hcd: USB Universal Host Controller Interface driver
[    2.857998] uhci_hcd 0000:00:01.2: PCI INT D -&gt; Link[LNKD] -&gt; GSI 11 (level, high) -&gt; IRQ 11
[    2.863131] uhci_hcd 0000:00:01.2: UHCI Host Controller
[    2.878349] uhci_hcd 0000:00:01.2: new USB bus registered, assigned bus number 1
[    2.881218] uhci_hcd 0000:00:01.2: irq 11, io base 0x0000c040
[    2.909740] hub 1-0:1.0: USB hub found
[    2.911169] hub 1-0:1.0: 2 ports detected
[    2.916812] usbcore: registered new interface driver libusual
[    2.923068] i8042: PNP: PS/2 Controller [PNP0303:KBD,PNP0f13:MOU] at 0x60,0x64 irq 1,12
[    2.931120] serio: i8042 KBD port at 0x60,0x64 irq 1
[    2.932280] serio: i8042 AUX port at 0x60,0x64 irq 12
[    2.967629] mousedev: PS/2 mouse device common for all mice
[    2.996901] input: AT Translated Set 2 keyboard as /devices/platform/i8042/serio0/input/input1
[    3.008424] rtc_cmos 00:01: RTC can wake from S4
[    3.019023] rtc_cmos 00:01: rtc core: registered rtc_cmos as rtc0
[    3.025219] rtc0: alarms up to one day, 114 bytes nvram, hpet irqs
[    3.029055] device-mapper: uevent: version 1.0.3
[    3.035868] ata2.01: ATAPI: QEMU DVD-ROM, 2.0.0, max UDMA/100
[    3.045192] ata2.01: configured for MWDMA2
[    3.080604] device-mapper: ioctl: 4.22.0-ioctl (2011-10-19) initialised: dm-devel@redhat.com
[    3.084053] cpuidle: using governor ladder
[    3.085033] cpuidle: using governor menu
[    3.086176] EFI Variables Facility v0.08 2004-May-17
[    3.095443] TCP cubic registered
[    3.102163] NET: Registered protocol family 10
[    3.130807] NET: Registered protocol family 17
[    3.132420] Registering the dns_resolver key type
[    3.148013] scsi 1:0:1:0: CD-ROM            QEMU     QEMU DVD-ROM     2.0. PQ: 0 ANSI: 5
[    3.175762] sr0: scsi3-mmc drive: 4x/4x cd/rw xa/form2 tray
[    3.178537] cdrom: Uniform CD-ROM driver Revision: 3.20
[    3.203037] sr 1:0:1:0: Attached scsi generic sg0 type 5
[    3.245485] registered taskstats version 1
[    3.343300] Freeing initrd memory: 3656k freed
[    3.893127]   Magic number: 0:108:244
[    3.903012] rtc_cmos 00:01: setting system clock to 2016-01-26 19:13:06 UTC (1453835586)
[    3.905713] powernow-k8: Processor cpuid 663 not supported
[    3.911632] BIOS EDD facility v0.16 2004-Jun-25, 0 devices found
[    3.913340] EDD information not available.
[    3.970505] Freeing unused kernel memory: 928k freed
[    3.976272] Write protecting the kernel read-only data: 12288k
[    4.083346] Freeing unused kernel memory: 1596k freed
[    4.160928] Freeing unused kernel memory: 1184k freed

info: initramfs: up at 4.34
modprobe: module virtio_blk not found in modules.dep
modprobe: module virtio_net not found in modules.dep
info: copying initramfs to /dev/vda
info: initramfs loading root from /dev/vda
info: /etc/init.d/rc.sysinit: up at 8.99
info: container: none
Starting logging: OK
modprobe: module virtio_blk not found in modules.dep
modprobe: module virtio_net not found in modules.dep
WARN: /etc/rc3.d/S10-load-modules failed
Initializing random number generator... done.
Starting acpid: OK
cirros-ds 'local' up at 11.56
found datasource (configdrive, local)
Starting network...
udhcpc (v1.20.1) started
Sending discover...
Sending discover...

2016-01-26 19:15:04,458 15804 INFO     [tempest_lib.common.rest_client] Request (TestNetworkAdvancedServerOps:_run_cleanups): 204 DELETE http://10.4.1.3:9696/v2.0/floatingips/3402738c-13a2-4ff3-b551-69accd2c1ac9 0.386s
2016-01-26 19:15:04,458 15804 DEBUG    [tempest_lib.common.rest_client] Request - Headers: {'Content-Type': 'application/json', 'Accept': 'application/json', 'X-Auth-Token': '&lt;omitted&gt;'}
        Body: None
    Response - Headers: {'date': 'Tue, 26 Jan 2016 19:15:04 GMT', 'status': '204', 'connection': 'close', 'content-length': '0', 'x-openstack-request-id': 'req-5070969a-bbfd-4ffb-b890-f2ad20ba7f2e'}
        Body: 
2016-01-26 19:15:04,872 15804 INFO     [tempest_lib.common.rest_client] Request (TestNetworkAdvancedServerOps:_run_cleanups): 204 DELETE http://10.4.1.3:8774/v2.1/5a6ec848713c4efd95c268387122907d/servers/a376b397-27b1-43a2-a856-f71ae512e976 0.413s
2016-01-26 19:15:04,873 15804 DEBUG    [tempest_lib.common.rest_client] Request - Headers: {'Content-Type': 'application/json', 'Accept': 'application/json', 'X-Auth-Token': '&lt;omitted&gt;'}
        Body: None
    Response - Headers: {'status': '204', 'content-length': '0', 'x-compute-request-id': 'req-bee49b9b-6342-44ef-a9a5-1f7513ff2342', 'vary': 'X-OpenStack-Nova-API-Version', 'connection': 'close', 'x-openstack-nova-api-version': '2.1', 'date': 'Tue, 26 Jan 2016 19:15:04 GMT', 'content-type': 'application/json'}
        Body: 
2016-01-26 19:15:05,466 15804 INFO     [tempest_lib.common.rest_client] Request (TestNetworkAdvancedServerOps:_run_cleanups): 200 GET http://10.4.1.3:8774/v2.1/5a6ec848713c4efd95c268387122907d/servers/a376b397-27b1-43a2-a856-f71ae512e976 0.592s
2016-01-26 19:15:05,466 15804 DEBUG    [tempest_lib.common.rest_client] Request - Headers: {'Content-Type': 'application/json', 'Accept': 'application/json', 'X-Auth-Token': '&lt;omitted&gt;'}
        Body: None
    Response - Headers: {'status': '200', 'content-length': '1770', 'content-location': 'http://10.4.1.3:8774/v2.1/5a6ec848713c4efd95c268387122907d/servers/a376b397-27b1-43a2-a856-f71ae512e976', 'x-compute-request-id': 'req-f75fb260-5d07-421d-a9d7-99194315ee3a', 'vary': 'X-OpenStack-Nova-API-Version', 'connection': 'close', 'x-openstack-nova-api-version': '2.1', 'date': 'Tue, 26 Jan 2016 19:15:05 GMT', 'content-type': 'application/json'}
        Body: {"server": {"status": "ACTIVE", "updated": "2016-01-26T19:15:04Z", "hostId": "ae61f01612595420dfd25ef5b83e432a6a0333df819777cb1b5b7b1f", "addresses": {"tempest-network-smoke--1994386258": [{"OS-EXT-IPS-MAC:mac_addr": "fa:16:3e:17:f1:34", "version": 4, "addr": "10.100.0.3", "OS-EXT-IPS:type": "fixed"}, {"OS-EXT-IPS-MAC:mac_addr": "fa:16:3e:17:f1:34", "version": 4, "addr": "172.24.4.4", "OS-EXT-IPS:type": "floating"}]}, "links": [{"href": "http://10.4.1.3:8774/v2.1/5a6ec848713c4efd95c268387122907d/servers/a376b397-27b1-43a2-a856-f71ae512e976", "rel": "self"}, {"href": "http://10.4.1.3:8774/5a6ec848713c4efd95c268387122907d/servers/a376b397-27b1-43a2-a856-f71ae512e976", "rel": "bookmark"}], "key_name": "tempest-TestNetworkAdvancedServerOps-1197958470", "image": {"id": "ab60c484-f4e4-479d-a5b4-eff8a7d228f7", "links": [{"href": "http://10.4.1.3:8774/5a6ec848713c4efd95c268387122907d/images/ab60c484-f4e4-479d-a5b4-eff8a7d228f7", "rel": "bookmark"}]}, "OS-EXT-STS:task_state": "deleting", "OS-EXT-STS:vm_state": "active", "OS-SRV-USG:launched_at": "2016-01-26T19:12:59.000000", "flavor": {"id": "42", "links": [{"href": "http://10.4.1.3:8774/5a6ec848713c4efd95c268387122907d/flavors/42", "rel": "bookmark"}]}, "id": "a376b397-27b1-43a2-a856-f71ae512e976", "security_groups": [{"name": "tempest-secgroup-smoke-1657636331"}], "OS-SRV-USG:terminated_at": null, "OS-EXT-AZ:availability_zone": "nova", "user_id": "45b3b0d1a6274a2c919ab103899ae645", "name": "tempest-server-smoke-508590099", "created": "2016-01-26T19:12:55Z", "tenant_id": "5a6ec848713c4efd95c268387122907d", "OS-DCF:diskConfig": "MANUAL", "os-extended-volumes:volumes_attached": [], "accessIPv4": "", "accessIPv6": "", "progress": 0, "OS-EXT-STS:power_state": 1, "config_drive": "True", "metadata": {}}}
2016-01-26 19:15:06,723 15804 INFO     [tempest_lib.common.rest_client] Request (TestNetworkAdvancedServerOps:_run_cleanups): 404 GET http://10.4.1.3:8774/v2.1/5a6ec848713c4efd95c268387122907d/servers/a376b397-27b1-43a2-a856-f71ae512e976 0.246s
2016-01-26 19:15:06,723 15804 DEBUG    [tempest_lib.common.rest_client] Request - Headers: {'Content-Type': 'application/json', 'Accept': 'application/json', 'X-Auth-Token': '&lt;omitted&gt;'}
        Body: None
    Response - Headers: {'status': '404', 'content-length': '111', 'x-compute-request-id': 'req-499a4a78-a709-4bf6-b263-1e5b4c89723d', 'vary': 'X-OpenStack-Nova-API-Version', 'connection': 'close', 'x-openstack-nova-api-version': '2.1', 'date': 'Tue, 26 Jan 2016 19:15:06 GMT', 'content-type': 'application/json; charset=UTF-8'}
        Body: {"itemNotFound": {"message": "Instance a376b397-27b1-43a2-a856-f71ae512e976 could not be found.", "code": 404}}
2016-01-26 19:15:07,238 15804 INFO     [tempest_lib.common.rest_client] Request (TestNetworkAdvancedServerOps:_run_cleanups): 500 PUT http://10.4.1.3:9696/v2.0/routers/29633f42-5441-4e12-a0b6-9df2c3e08942/remove_router_interface 0.513s
2016-01-26 19:15:07,239 15804 DEBUG    [tempest_lib.common.rest_client] Request - Headers: {'Content-Type': 'application/json', 'Accept': 'application/json', 'X-Auth-Token': '&lt;omitted&gt;'}
        Body: {"subnet_id": "1bd87985-c6cc-4fcd-849b-cc586691d1b8"}
    Response - Headers: {'status': '500', 'content-length': '150', 'connection': 'close', 'date': 'Tue, 26 Jan 2016 19:15:07 GMT', 'content-type': 'application/json; charset=UTF-8', 'x-openstack-request-id': 'req-b6758fcb-afa6-4c03-8bc7-c33bcc0e8cd0'}
        Body: {"NeutronError": {"message": "Request Failed: internal server error while processing your request.", "type": "HTTPInternalServerError", "detail": ""}}
2016-01-26 19:15:07,454 15804 INFO     [tempest_lib.common.rest_client] Request (TestNetworkAdvancedServerOps:_run_cleanups): 200 GET http://10.4.1.3:9696/v2.0/routers/29633f42-5441-4e12-a0b6-9df2c3e08942 0.211s
2016-01-26 19:15:07,454 15804 DEBUG    [tempest_lib.common.rest_client] Request - Headers: {'Content-Type': 'application/json', 'Accept': 'application/json', 'X-Auth-Token': '&lt;omitted&gt;'}
        Body: None
    Response - Headers: {'status': '200', 'content-length': '500', 'content-location': 'http://10.4.1.3:9696/v2.0/routers/29633f42-5441-4e12-a0b6-9df2c3e08942', 'connection': 'close', 'date': 'Tue, 26 Jan 2016 19:15:07 GMT', 'content-type': 'application/json; charset=UTF-8', 'x-openstack-request-id': 'req-a305fb3c-2eb1-4d35-82fe-4fa8315fd40d'}
        Body: {"router": {"status": "ACTIVE", "external_gateway_info": {"network_id": "2206f907-e55f-4610-a88e-889ba5d863c7", "enable_snat": true, "external_fixed_ips": [{"subnet_id": "0f1780c8-2bd8-4936-b4f8-50a0c201a83e", "ip_address": "172.24.4.3"}, {"subnet_id": "c82fbd42-6c8e-466e-9f77-b52caf42defa", "ip_address": "2001:db8::4"}]}, "name": "tempest-router-smoke-664394381", "admin_state_up": true, "tenant_id": "5a6ec848713c4efd95c268387122907d", "routes": [], "id": "29633f42-5441-4e12-a0b6-9df2c3e08942"}}
2016-01-26 19:15:08,075 15804 INFO     [tempest_lib.common.rest_client] Request (TestNetworkAdvancedServerOps:_run_cleanups): 200 PUT http://10.4.1.3:9696/v2.0/routers/29633f42-5441-4e12-a0b6-9df2c3e08942 0.619s
2016-01-26 19:15:08,076 15804 DEBUG    [tempest_lib.common.rest_client] Request - Headers: {'Content-Type': 'application/json', 'Accept': 'application/json', 'X-Auth-Token': '&lt;omitted&gt;'}
        Body: {"router": {"external_gateway_info": {}, "name": "tempest-router-smoke-664394381", "admin_state_up": true}}
    Response - Headers: {'status': '200', 'content-length': '238', 'connection': 'close', 'date': 'Tue, 26 Jan 2016 19:15:08 GMT', 'content-type': 'application/json; charset=UTF-8', 'x-openstack-request-id': 'req-5f1fe8ae-2779-4774-9383-93f37231bac0'}
        Body: {"router": {"status": "ACTIVE", "external_gateway_info": null, "name": "tempest-router-smoke-664394381", "admin_state_up": true, "tenant_id": "5a6ec848713c4efd95c268387122907d", "routes": [], "id": "29633f42-5441-4e12-a0b6-9df2c3e08942"}}
2016-01-26 19:15:08,423 15804 INFO     [tempest_lib.common.rest_client] Request (TestNetworkAdvancedServerOps:_run_cleanups): 500 DELETE http://10.4.1.3:9696/v2.0/routers/29633f42-5441-4e12-a0b6-9df2c3e08942 0.346s
2016-01-26 19:15:08,424 15804 DEBUG    [tempest_lib.common.rest_client] Request - Headers: {'Content-Type': 'application/json', 'Accept': 'application/json', 'X-Auth-Token': '&lt;omitted&gt;'}
        Body: None
    Response - Headers: {'status': '500', 'content-length': '150', 'connection': 'close', 'date': 'Tue, 26 Jan 2016 19:15:08 GMT', 'content-type': 'application/json; charset=UTF-8', 'x-openstack-request-id': 'req-f877f398-69c5-4dd3-97ee-85d41470a999'}
        Body: {"NeutronError": {"message": "Request Failed: internal server error while processing your request.", "type": "HTTPInternalServerError", "detail": ""}}
2016-01-26 19:15:09,073 15804 INFO     [tempest_lib.common.rest_client] Request (TestNetworkAdvancedServerOps:_run_cleanups): 204 DELETE http://10.4.1.3:9696/v2.0/networks/34f0b2c1-66c1-42f8-aeec-4304e980b181 0.647s
2016-01-26 19:15:09,073 15804 DEBUG    [tempest_lib.common.rest_client] Request - Headers: {'Content-Type': 'application/json', 'Accept': 'application/json', 'X-Auth-Token': '&lt;omitted&gt;'}
        Body: None
    Response - Headers: {'date': 'Tue, 26 Jan 2016 19:15:09 GMT', 'status': '204', 'connection': 'close', 'content-length': '0', 'x-openstack-request-id': 'req-38693201-389a-44cc-81c9-ede1e05be313'}
        Body: 
2016-01-26 19:15:09,250 15804 INFO     [tempest_lib.common.rest_client] Request (TestNetworkAdvancedServerOps:_run_cleanups): 204 DELETE http://10.4.1.3:9696/v2.0/security-group-rules/a431dfed-fe68-4287-809d-ebec9e957d34 0.176s
2016-01-26 19:15:09,251 15804 DEBUG    [tempest_lib.common.rest_client] Request - Headers: {'Content-Type': 'application/json', 'Accept': 'application/json', 'X-Auth-Token': '&lt;omitted&gt;'}
        Body: None
    Response - Headers: {'date': 'Tue, 26 Jan 2016 19:15:09 GMT', 'status': '204', 'connection': 'close', 'content-length': '0', 'x-openstack-request-id': 'req-c54539fe-e9be-47ea-a59a-49465abd36d8'}
        Body: 
2016-01-26 19:15:09,432 15804 INFO     [tempest_lib.common.rest_client] Request (TestNetworkAdvancedServerOps:_run_cleanups): 204 DELETE http://10.4.1.3:9696/v2.0/security-group-rules/fd61c113-c61f-4441-8f46-a0bd70781dbd 0.180s
2016-01-26 19:15:09,433 15804 DEBUG    [tempest_lib.common.rest_client] Request - Headers: {'Content-Type': 'application/json', 'Accept': 'application/json', 'X-Auth-Token': '&lt;omitted&gt;'}
        Body: None
    Response - Headers: {'date': 'Tue, 26 Jan 2016 19:15:09 GMT', 'status': '204', 'connection': 'close', 'content-length': '0', 'x-openstack-request-id': 'req-eceabace-15ea-4318-ae8a-3567abeca7f4'}
        Body: 
2016-01-26 19:15:09,609 15804 INFO     [tempest_lib.common.rest_client] Request (TestNetworkAdvancedServerOps:_run_cleanups): 204 DELETE http://10.4.1.3:9696/v2.0/security-group-rules/8f7c1777-056b-4bef-b56f-6fb767944b0b 0.176s
2016-01-26 19:15:09,610 15804 DEBUG    [tempest_lib.common.rest_client] Request - Headers: {'Content-Type': 'application/json', 'Accept': 'application/json', 'X-Auth-Token': '&lt;omitted&gt;'}
        Body: None
    Response - Headers: {'date': 'Tue, 26 Jan 2016 19:15:09 GMT', 'status': '204', 'connection': 'close', 'content-length': '0', 'x-openstack-request-id': 'req-4410e6e9-b2d4-4b3a-8343-41727cc6ac36'}
        Body: 
2016-01-26 19:15:09,777 15804 INFO     [tempest_lib.common.rest_client] Request (TestNetworkAdvancedServerOps:_run_cleanups): 204 DELETE http://10.4.1.3:9696/v2.0/security-group-rules/dd807545-4799-472c-b449-44863ffff977 0.167s
2016-01-26 19:15:09,778 15804 DEBUG    [tempest_lib.common.rest_client] Request - Headers: {'Content-Type': 'application/json', 'Accept': 'application/json', 'X-Auth-Token': '&lt;omitted&gt;'}
        Body: None
    Response - Headers: {'date': 'Tue, 26 Jan 2016 19:15:09 GMT', 'status': '204', 'connection': 'close', 'content-length': '0', 'x-openstack-request-id': 'req-b5f77853-a314-4e2f-a67d-43d5d46f4433'}
        Body: 
2016-01-26 19:15:09,962 15804 INFO     [tempest_lib.common.rest_client] Request (TestNetworkAdvancedServerOps:_run_cleanups): 204 DELETE http://10.4.1.3:9696/v2.0/security-group-rules/a00a9e7a-b3f9-4e6e-814e-855d7350bd4e 0.183s
2016-01-26 19:15:09,962 15804 DEBUG    [tempest_lib.common.rest_client] Request - Headers: {'Content-Type': 'application/json', 'Accept': 'application/json', 'X-Auth-Token': '&lt;omitted&gt;'}
        Body: None
    Response - Headers: {'date': 'Tue, 26 Jan 2016 19:15:09 GMT', 'status': '204', 'connection': 'close', 'content-length': '0', 'x-openstack-request-id': 'req-3c91c6fb-14a9-414a-8d86-c9f9605ec99e'}
        Body: 
2016-01-26 19:15:10,169 15804 INFO     [tempest_lib.common.rest_client] Request (TestNetworkAdvancedServerOps:_run_cleanups): 204 DELETE http://10.4.1.3:9696/v2.0/security-group-rules/a17a8058-dde4-480c-b63d-48c939d3e08c 0.205s
2016-01-26 19:15:10,170 15804 DEBUG    [tempest_lib.common.rest_client] Request - Headers: {'Content-Type': 'application/json', 'Accept': 'application/json', 'X-Auth-Token': '&lt;omitted&gt;'}
        Body: None
    Response - Headers: {'date': 'Tue, 26 Jan 2016 19:15:10 GMT', 'status': '204', 'connection': 'close', 'content-length': '0', 'x-openstack-request-id': 'req-c0cd81e3-9d02-4bf3-80f3-1d507950bab7'}
        Body: 
2016-01-26 19:15:10,422 15804 INFO     [tempest_lib.common.rest_client] Request (TestNetworkAdvancedServerOps:_run_cleanups): 204 DELETE http://10.4.1.3:9696/v2.0/security-groups/c865464e-d024-4cfb-8e26-210baa7ce10a 0.251s
2016-01-26 19:15:10,423 15804 DEBUG    [tempest_lib.common.rest_client] Request - Headers: {'Content-Type': 'application/json', 'Accept': 'application/json', 'X-Auth-Token': '&lt;omitted&gt;'}
        Body: None
    Response - Headers: {'date': 'Tue, 26 Jan 2016 19:15:10 GMT', 'status': '204', 'connection': 'close', 'content-length': '0', 'x-openstack-request-id': 'req-82dc50db-b3a6-4e08-9bb5-34289ea12b06'}
        Body: 
2016-01-26 19:15:10,620 15804 INFO     [tempest_lib.common.rest_client] Request (TestNetworkAdvancedServerOps:_run_cleanups): 202 DELETE http://10.4.1.3:8774/v2.1/5a6ec848713c4efd95c268387122907d/os-keypairs/tempest-TestNetworkAdvancedServerOps-1197958470 0.196s
2016-01-26 19:15:10,621 15804 DEBUG    [tempest_lib.common.rest_client] Request - Headers: {'Content-Type': 'application/json', 'Accept': 'application/json', 'X-Auth-Token': '&lt;omitted&gt;'}
        Body: None
    Response - Headers: {'status': '202', 'content-length': '0', 'x-compute-request-id': 'req-8029f8a4-61b9-4b3d-a6cf-a31fa037a285', 'vary': 'X-OpenStack-Nova-API-Version', 'connection': 'close', 'x-openstack-nova-api-version': '2.1', 'date': 'Tue, 26 Jan 2016 19:15:10 GMT', 'content-type': 'application/json'}
        Body: 
2016-01-26 19:15:10,875 15804 INFO     [tempest_lib.common.rest_client] Request (TestNetworkAdvancedServerOps:_run_cleanups): 404 GET http://10.4.1.3:8774/v2.1/5a6ec848713c4efd95c268387122907d/servers/a376b397-27b1-43a2-a856-f71ae512e976 0.253s
2016-01-26 19:15:10,876 15804 DEBUG    [tempest_lib.common.rest_client] Request - Headers: {'Content-Type': 'application/json', 'Accept': 'application/json', 'X-Auth-Token': '&lt;omitted&gt;'}
        Body: None
    Response - Headers: {'status': '404', 'content-length': '111', 'x-compute-request-id': 'req-2baa4a5d-57a7-405f-aaca-89c3aa188390', 'vary': 'X-OpenStack-Nova-API-Version', 'connection': 'close', 'x-openstack-nova-api-version': '2.1', 'date': 'Tue, 26 Jan 2016 19:15:10 GMT', 'content-type': 'application/json; charset=UTF-8'}
        Body: {"itemNotFound": {"message": "Instance a376b397-27b1-43a2-a856-f71ae512e976 could not be found.", "code": 404}}
}}}

traceback-1: {{{
Traceback (most recent call last):
  File "tempest/scenario/manager.py", line 108, in delete_wrapper
    delete_thing(*args, **kwargs)
  File "tempest/services/network/resources.py", line 99, in delete
    subnet_id=self.id)
  File "tempest/services/network/json/network_client.py", line 204, in remove_router_interface_with_subnet_id
    return self.update_resource(uri, update_body)
  File "tempest/services/network/json/base.py", line 68, in update_resource
    resp, body = self.put(req_uri, req_post_data)
  File "/usr/local/lib/python2.7/dist-packages/tempest_lib/common/rest_client.py", line 322, in put
    return self.request('PUT', url, extra_headers, headers, body)
  File "/usr/local/lib/python2.7/dist-packages/tempest_lib/common/rest_client.py", line 640, in request
    resp, resp_body)
  File "/usr/local/lib/python2.7/dist-packages/tempest_lib/common/rest_client.py", line 759, in _error_checker
    message=message)
tempest_lib.exceptions.ServerFault: Got server fault
Details: Request Failed: internal server error while processing your request.
}}}

traceback-2: {{{
Traceback (most recent call last):
  File "tempest/scenario/manager.py", line 108, in delete_wrapper
    delete_thing(*args, **kwargs)
  File "tempest/services/network/resources.py", line 120, in delete
    self.client.delete_router(self.id)
  File "tempest/services/network/json/network_client.py", line 177, in delete_router
    return self.delete_resource(uri)
  File "tempest/services/network/json/base.py", line 41, in delete_resource
    resp, body = self.delete(req_uri)
  File "/usr/local/lib/python2.7/dist-packages/tempest_lib/common/rest_client.py", line 290, in delete
    return self.request('DELETE', url, extra_headers, headers, body)
  File "/usr/local/lib/python2.7/dist-packages/tempest_lib/common/rest_client.py", line 640, in request
    resp, resp_body)
  File "/usr/local/lib/python2.7/dist-packages/tempest_lib/common/rest_client.py", line 759, in _error_checker
    message=message)
tempest_lib.exceptions.ServerFault: Got server fault
Details: Request Failed: internal server error while processing your request.
}}}

Traceback (most recent call last):
  File "tempest/test.py", line 113, in wrapper
    return f(self, *func_args, **func_kwargs)
  File "tempest/scenario/test_network_advanced_server_ops.py", line 132, in test_server_connectivity_pause_unpause
    server, keypair, floating_ip = self._setup_network_and_servers()
  File "tempest/scenario/test_network_advanced_server_ops.py", line 69, in _setup_network_and_servers
    server, keypair, floating_ip)
  File "tempest/scenario/test_network_advanced_server_ops.py", line 93, in _wait_server_status_and_check_network_connectivity
    self._check_network_connectivity(server, keypair, floating_ip)
  File "tempest/scenario/test_network_advanced_server_ops.py", line 86, in _check_network_connectivity
    servers=[server])
  File "tempest/scenario/manager.py", line 610, in check_public_network_connectivity
    should_connect=should_connect)
  File "tempest/scenario/manager.py", line 594, in check_vm_connectivity
    msg=msg)
  File "/usr/local/lib/python2.7/dist-packages/unittest2/case.py", line 702, in assertTrue
    raise self.failureException(msg)
AssertionError: False is not true : Timed out waiting for 172.24.4.4 to become reachable



        </pre>
    </div>
    <!--css div popup end-->

    </td>
</tr>

<tr id='ft1.2' class='none'>
    <td class='failCase'><div class='testcase'>test_server_connectivity_reboot[compute,id-7b6860c2-afa3-4846-9522-adeb38dfbe08,network]</div></td>
    <td colspan='7' align='left'>

    <!--css div popup start-->
    <a class="popup_link" onfocus='this.blur();'
    href="javascript:showTestDetail('div_ft1.2')" >
        fail</a>

    <div id='div_ft1.2' class="popup_window">
        <div style='text-align: right; color:red;cursor:pointer'>
        <a onfocus='this.blur();'
onclick="document.getElementById('div_ft1.2').style.display = 'none' " >
           [x]</a>
        </div>
        <pre>
        
ft1.2: tempest.scenario.test_network_advanced_server_ops.TestNetworkAdvancedServerOps.test_server_connectivity_reboot[compute,id-7b6860c2-afa3-4846-9522-adeb38dfbe08,network]_StringException: Empty attachments:
  stderr
  stdout

pythonlogging:'': {{{
2016-01-26 19:15:11,231 15804 INFO     [tempest_lib.common.rest_client] Request (TestNetworkAdvancedServerOps:test_server_connectivity_reboot): 200 POST http://10.4.1.3:8774/v2.1/5a6ec848713c4efd95c268387122907d/os-keypairs 0.319s
2016-01-26 19:15:11,232 15804 DEBUG    [tempest_lib.common.rest_client] Request - Headers: {'Content-Type': 'application/json', 'Accept': 'application/json', 'X-Auth-Token': '&lt;omitted&gt;'}
        Body: {"keypair": {"name": "tempest-TestNetworkAdvancedServerOps-188747576"}}
    Response - Headers: {'status': '200', 'content-length': '2329', 'x-compute-request-id': 'req-4d7ae7c0-6487-4486-a587-2a2e84c92426', 'vary': 'X-OpenStack-Nova-API-Version', 'connection': 'close', 'x-openstack-nova-api-version': '2.1', 'date': 'Tue, 26 Jan 2016 19:15:11 GMT', 'content-type': 'application/json'}
