<?xml version="1.0" encoding="UTF-8"?>
<!DOCTYPE html PUBLIC "-//W3C//DTD XHTML 1.0 Strict//EN"
     "http://www.w3.org/TR/xhtml1/DTD/xhtml1-strict.dtd">
<html xmlns="http://www.w3.org/1999/xhtml">
<head>
    <title>Unit Test Report</title>
    <meta name="generator" content="subunit2html 0.1"/>
    <meta http-equiv="Content-Type" content="text/html; charset=UTF-8"/>
    
<style type="text/css" media="screen">
body        { font-family: verdana, arial, helvetica, sans-serif;
    font-size: 80%; }
table       { font-size: 100%; width: 100%;}
pre         { font-size: 80%; }

/* -- heading -------------------------------------------------------------- */
h1 {
        font-size: 16pt;
        color: gray;
}
.heading {
    margin-top: 0ex;
    margin-bottom: 1ex;
}

.heading .attribute {
    margin-top: 1ex;
    margin-bottom: 0;
}

.heading .description {
    margin-top: 4ex;
    margin-bottom: 6ex;
}

/* -- css div popup -------------------------------------------------------- */
a.popup_link {
}

a.popup_link:hover {
    color: red;
}

.popup_window {
    display: none;
    overflow-x: scroll;
    /*border: solid #627173 1px; */
    padding: 10px;
    background-color: #E6E6D6;
    font-family: "Ubuntu Mono", "Lucida Console", "Courier New", monospace;
    text-align: left;
    font-size: 8pt;
}

}
/* -- report --------------------------------------------------------------- */
#show_detail_line {
    margin-top: 3ex;
    margin-bottom: 1ex;
}
#result_table {
    width: 100%;
    border-collapse: collapse;
    border: 1px solid #777;
}
#header_row {
    font-weight: bold;
    color: white;
    background-color: #777;
}
#result_table td {
    border: 1px solid #777;
    padding: 2px;
}
#total_row  { font-weight: bold; }
.passClass  { background-color: #6c6; }
.failClass  { background-color: #c60; }
.errorClass { background-color: #c00; }
.passCase   { color: #6c6; }
.failCase   { color: #c60; font-weight: bold; }
.errorCase  { color: #c00; font-weight: bold; }
.hiddenRow  { display: none; }
.testcase   { margin-left: 2em; }
td.testname {width: 40%}
td.small {width: 40px}

/* -- ending --------------------------------------------------------------- */
#ending {
}

</style>

</head>
<body>
<script language="javascript" type="text/javascript"><!--
output_list = Array();

/* level - 0:Summary; 1:Failed; 2:All */
function showCase(level) {
    trs = document.getElementsByTagName("tr");
    for (var i = 0; i < trs.length; i++) {
        tr = trs[i];
        id = tr.id;
        if (id.substr(0,2) == 'ft') {
            if (level < 1) {
                tr.className = 'hiddenRow';
            }
            else {
                tr.className = '';
            }
        }
        if (id.substr(0,2) == 'pt') {
            if (level > 1) {
                tr.className = '';
            }
            else {
                tr.className = 'hiddenRow';
            }
        }
    }
}


function showClassDetail(cid, count) {
    var id_list = Array(count);
    var toHide = 1;
    for (var i = 0; i < count; i++) {
        tid0 = 't' + cid.substr(1) + '.' + (i+1);
        tid = 'f' + tid0;
        tr = document.getElementById(tid);
        if (!tr) {
            tid = 'p' + tid0;
            tr = document.getElementById(tid);
        }
        id_list[i] = tid;
        if (tr.className) {
            toHide = 0;
        }
    }
    for (var i = 0; i < count; i++) {
        tid = id_list[i];
        if (toHide) {
            document.getElementById('div_'+tid).style.display = 'none'
            document.getElementById(tid).className = 'hiddenRow';
        }
        else {
            document.getElementById(tid).className = '';
        }
    }
}


function showTestDetail(div_id){
    var details_div = document.getElementById(div_id)
    var displayState = details_div.style.display
    // alert(displayState)
    if (displayState != 'block' ) {
        displayState = 'block'
        details_div.style.display = 'block'
    }
    else {
        details_div.style.display = 'none'
    }
}


function html_escape(s) {
    s = s.replace(/&/g,'&amp;');
    s = s.replace(/</g,'&lt;');
    s = s.replace(/>/g,'&gt;');
    return s;
}

/* obsoleted by detail in <div>
function showOutput(id, name) {
    var w = window.open("", //url
                    name,
                    "resizable,scrollbars,status,width=800,height=450");
    d = w.document;
    d.write("<pre>");
    d.write(html_escape(output_list[id]));
    d.write("\n");
    d.write("<a href='javascript:window.close()'>close</a>\n");
    d.write("</pre>\n");
    d.close();
}
*/
--></script>

<div class='heading'>
<h1>Unit Test Report</h1>

<p class='attribute'><strong>Status:</strong> Failure 6</p>

<p class='description'></p>
</div>



<p id='show_detail_line'>Show
<a href='javascript:showCase(0)'>Summary</a>
<a href='javascript:showCase(1)'>Failed</a>
<a href='javascript:showCase(2)'>All</a>
</p>
<table id='result_table'>
<colgroup>
<col align='left' />
<col align='right' />
<col align='right' />
<col align='right' />
<col align='right' />
<col align='right' />
<col align='right' />
<col align='right' />
</colgroup>
<tr id='header_row'>
    <td>Test Group/Test case</td>
    <td>Count</td>
    <td>Pass</td>
    <td>Fail</td>
    <td>Error</td>
    <td>Skip</td>
    <td>View</td>
    <td> </td>
</tr>

<tr class='failClass'>
    <td class="testname">tempest.scenario.test_network_advanced_server_ops.TestNetworkAdvancedServerOps</td>
    <td class="small">6</td>
    <td class="small">0</td>
    <td class="small">6</td>
    <td class="small">0</td>
    <td class="small">0</td>
    <td class="small"><a href="javascript:showClassDetail('c1',6)"
>Detail</a></td>
    <td> </td>
</tr>

<tr id='ft1.1' class='none'>
    <td class='failCase'><div class='testcase'>test_server_connectivity_pause_unpause[compute,id-2b2642db-6568-4b35-b812-eceed3fa20ce,network]</div></td>
    <td colspan='7' align='left'>

    <!--css div popup start-->
    <a class="popup_link" onfocus='this.blur();'
    href="javascript:showTestDetail('div_ft1.1')" >
        fail</a>

    <div id='div_ft1.1' class="popup_window">
        <div style='text-align: right; color:red;cursor:pointer'>
        <a onfocus='this.blur();'
onclick="document.getElementById('div_ft1.1').style.display = 'none' " >
           [x]</a>
        </div>
        <pre>
        
ft1.1: tempest.scenario.test_network_advanced_server_ops.TestNetworkAdvancedServerOps.test_server_connectivity_pause_unpause[compute,id-2b2642db-6568-4b35-b812-eceed3fa20ce,network]_StringException: Empty attachments:
  stderr
  stdout

pythonlogging:'': {{{
2016-02-22 00:13:40,484 27941 INFO     [tempest_lib.common.rest_client] Request (TestNetworkAdvancedServerOps:test_server_connectivity_pause_unpause): 200 POST http://10.4.1.3:8774/v2.1/ff10985f74d841a29e7d9a45d4d6097a/os-keypairs 0.361s
2016-02-22 00:13:40,485 27941 DEBUG    [tempest_lib.common.rest_client] Request - Headers: {'Content-Type': 'application/json', 'Accept': 'application/json', 'X-Auth-Token': '&lt;omitted&gt;'}
        Body: {"keypair": {"name": "tempest-TestNetworkAdvancedServerOps-64253979"}}
    Response - Headers: {'status': '200', 'content-length': '2328', 'x-compute-request-id': 'req-88981020-007e-4f33-94fb-740d4f5af18a', 'vary': 'X-OpenStack-Nova-API-Version', 'connection': 'close', 'x-openstack-nova-api-version': '2.1', 'date': 'Mon, 22 Feb 2016 00:13:40 GMT', 'content-type': 'application/json'}
        Body: {"keypair": {"public_key": "ssh-rsa AAAAB3NzaC1yc2EAAAADAQABAAABAQDrLPJmSyPF0XrIvP2k2TiLnfAHh20fMTmzMeD0198Hoa12rSvArWKFxpQXDvlHAL+ju66NVl2aHJ8jH8YyBSmqlGKd71RTHq5LgD3sSRkxxfrCMKjEKnG71T5cd1XIyRLlALJndHrAsj1WRbv29hYJD7Kdgin2vYSujfbWZVR6b2v3AplcEewtsYJBweP4iUyai/miXYaTYkSl4Kk65alaAIwwTpmOOVvMLEUFCAM6CkxctMd51VwHmFZEwWb7RhO9+q+WLklomF9fhsaWnwcggy5Sd8RmIMh1NyIe1pHfTbs1E4Dpbs+FPjKOe/ra4LVMwW64IvOjw1zBcqJeqBxz Generated-by-Nova", "private_key": "-----BEGIN RSA PRIVATE KEY-----\nMIIEqQIBAAKCAQEA6yzyZksjxdF6yLz9pNk4i53wB4dtHzE5szHg9NffB6Gtdq0r\nwK1ihcaUFw75RwC/o7uujVZdmhyfIx/GMgUpqpRine9UUx6uS4A97EkZMcX6wjCo\nxCpxu9U+XHdVyMkS5QCyZ3R6wLI9VkW79vYWCQ+ynYIp9r2Ero321mVUem9r9wKZ\nXBHsLbGCQcHj+IlMmov5ol2Gk2JEpeCpOuWpWgCMME6ZjjlbzCxFBQgDOgpMXLTH\nedVcB5hWRMFm+0YTvfqvli5JaJhfX4bGlp8HIIMuUnfEZiDIdTciHtaR3027NROA\n6W7PhT4yjnv62uC1TMFuuCLzo8NcwXKiXqgccwIDAQABAoIBABcslK5T1TCXFdxW\nE0B9Tz8izxZO2Afs19y6m4pFA2tDGU7Kfbc83qqECO/Ev/epMTk3M1omGo8nJt9V\nMDiZnaN7f8REYzDVoyM5feCcy2jGM5GTLe42qIJz3vNJpyBkAAKk8O+U4MvARJ8N\nvBn34e/+pgEzZGM2Ba8Vui8iSRLPW5YVLTO6tyur6lnbXaQAg7R3g+f/GTlEoIYH\n7ywzuuZGTfXg4fam6y+VlE2H/1/F8XxBhmLUXAoWhvPGJ60k2dYDSuzqfNBNUrH5\nd7bY/M7Wd8x/JCZb2Q4LSsJseedXHlobLMoEwrfHsLc+q2eroBrCdPl2sWfg8/6Q\nI77SdSECggCBAOxiMwFARVhbjSJH5Id4PmHR5HEoWqi4QSUKxq424lE+8GXm8eW/\nxu1ldwWjtbmDsz7IRl3LzRsXxiZJdWVnAnkd92xv2hxoHFvAAoPZ+liq18YtxnND\nQgme0PS0g22/qMK583e5n1/hBy9ZfKgqOwoeRJDD/ghrBjswcqnpGL2JAoIAgQD+\nsRWMf2FGHBGVlFD5RAhVD7i479zr9BvmLhI+FRoiMbCbI+hnFJN/gY3ZYU89Ri8L\nlwHuJSmtDx1iZInyYoiejgzlv3HWeXZsxzrwCKV86maQsn1w8qrCkWkUNw9XqfM7\n0lqCmUXGMgiIrhWnlkjrETXrrCt2+OcnxQDUlfpnGwKCAIBr0CIZSPoX4bHOV+H4\nk7RII1ZA8jnfSCKWRYL2xJuWmNFGeP4NXtnZPvT5QoDI+zOOyAOoFiMXX1GF9u0v\ncbskCLHn6GAforCEfF/pSUswk8NUZV5lBeEhyCjf41EqhkbvgaZ1DdmN/nGre/Iq\nNRC2fbWiHXJI3p958Y/qxSD+mQKCAIEA8/JBpZTMYw63eQHanSYgpPiuAdUdUZM6\ntbojFvu3UFEvyykVjMYUkOhSKYgfEZ2Lqho1axiFVpFHn9qUlmjyWovMprI8IyWr\n3HznYsmlWIRbQPT1WZ3VGQ+WChrCw0CxDPdqYfTU9AUwT1oOu7oilaSidN0vtICr\nR1hWd0g/00kCggCBAJBeNlbWKDKO8OrMkC413HFsXgvHniSQR/jr1xhqhX1LkjZp\nPQ9DJk2WoBzMaEbmt9Ac0RsBjA+CeC7OIAwUZeqT3SM705tHRtLr/gXaeZe9wUkl\nqhYakGBvHHpPa/j+ZdxBeT1iNiwxyAnWgnuH8abeV5jzrpAlUFRiZ6r7bIM3\n-----END RSA PRIVATE KEY-----\n", "user_id": "623b5247fd7943c0bf15654a6834eb06", "name": "tempest-TestNetworkAdvancedServerOps-64253979", "fingerprint": "20:9d:47:34:ba:90:ed:7f:9e:2d:6a:37:25:dc:5e:a0"}}
2016-02-22 00:13:40,918 27941 INFO     [tempest_lib.common.rest_client] Request (TestNetworkAdvancedServerOps:test_server_connectivity_pause_unpause): 201 POST http://10.4.1.3:9696/v2.0/security-groups 0.428s
2016-02-22 00:13:40,919 27941 DEBUG    [tempest_lib.common.rest_client] Request - Headers: {'Content-Type': 'application/json', 'Accept': 'application/json', 'X-Auth-Token': '&lt;omitted&gt;'}
        Body: {"security_group": {"tenant_id": "ff10985f74d841a29e7d9a45d4d6097a", "description": "tempest-secgroup-smoke-1796634537 description", "name": "tempest-secgroup-smoke-1796634537"}}
    Response - Headers: {'status': '201', 'content-length': '888', 'connection': 'close', 'date': 'Mon, 22 Feb 2016 00:13:40 GMT', 'content-type': 'application/json; charset=UTF-8', 'x-openstack-request-id': 'req-cae57006-d08c-4cc2-9bce-07c0071b63b4'}
        Body: {"security_group": {"tenant_id": "ff10985f74d841a29e7d9a45d4d6097a", "description": "tempest-secgroup-smoke-1796634537 description", "id": "1708e77f-ea52-4808-9bec-ef693ccfa235", "security_group_rules": [{"remote_group_id": null, "direction": "egress", "remote_ip_prefix": null, "protocol": null, "ethertype": "IPv4", "tenant_id": "ff10985f74d841a29e7d9a45d4d6097a", "port_range_max": null, "port_range_min": null, "id": "6af4160b-64d2-4b8c-a7bd-0253b0af6e6f", "security_group_id": "1708e77f-ea52-4808-9bec-ef693ccfa235"}, {"remote_group_id": null, "direction": "egress", "remote_ip_prefix": null, "protocol": null, "ethertype": "IPv6", "tenant_id": "ff10985f74d841a29e7d9a45d4d6097a", "port_range_max": null, "port_range_min": null, "id": "5e72f895-fbe6-4249-b49b-bf52be8c850e", "security_group_id": "1708e77f-ea52-4808-9bec-ef693ccfa235"}], "name": "tempest-secgroup-smoke-1796634537"}}
2016-02-22 00:13:41,237 27941 INFO     [tempest_lib.common.rest_client] Request (TestNetworkAdvancedServerOps:test_server_connectivity_pause_unpause): 201 POST http://10.4.1.3:9696/v2.0/security-group-rules 0.317s
2016-02-22 00:13:41,237 27941 DEBUG    [tempest_lib.common.rest_client] Request - Headers: {'Content-Type': 'application/json', 'Accept': 'application/json', 'X-Auth-Token': '&lt;omitted&gt;'}
        Body: {"security_group_rule": {"direction": "ingress", "protocol": "tcp", "tenant_id": "ff10985f74d841a29e7d9a45d4d6097a", "port_range_max": 22, "security_group_id": "1708e77f-ea52-4808-9bec-ef693ccfa235", "port_range_min": 22}}
    Response - Headers: {'status': '201', 'content-length': '340', 'connection': 'close', 'date': 'Mon, 22 Feb 2016 00:13:41 GMT', 'content-type': 'application/json; charset=UTF-8', 'x-openstack-request-id': 'req-cfd80ef4-2baf-457e-bc9b-03fc5aa9b84b'}
        Body: {"security_group_rule": {"remote_group_id": null, "direction": "ingress", "remote_ip_prefix": null, "protocol": "tcp", "ethertype": "IPv4", "tenant_id": "ff10985f74d841a29e7d9a45d4d6097a", "port_range_max": 22, "port_range_min": 22, "id": "7ceacdb2-1625-4400-a3a3-49436722c8e3", "security_group_id": "1708e77f-ea52-4808-9bec-ef693ccfa235"}}
2016-02-22 00:13:41,583 27941 INFO     [tempest_lib.common.rest_client] Request (TestNetworkAdvancedServerOps:test_server_connectivity_pause_unpause): 201 POST http://10.4.1.3:9696/v2.0/security-group-rules 0.344s
2016-02-22 00:13:41,584 27941 DEBUG    [tempest_lib.common.rest_client] Request - Headers: {'Content-Type': 'application/json', 'Accept': 'application/json', 'X-Auth-Token': '&lt;omitted&gt;'}
        Body: {"security_group_rule": {"direction": "egress", "protocol": "tcp", "tenant_id": "ff10985f74d841a29e7d9a45d4d6097a", "port_range_max": 22, "security_group_id": "1708e77f-ea52-4808-9bec-ef693ccfa235", "port_range_min": 22}}
    Response - Headers: {'status': '201', 'content-length': '339', 'connection': 'close', 'date': 'Mon, 22 Feb 2016 00:13:41 GMT', 'content-type': 'application/json; charset=UTF-8', 'x-openstack-request-id': 'req-1746b2dd-5692-4deb-af12-1346023ebb04'}
        Body: {"security_group_rule": {"remote_group_id": null, "direction": "egress", "remote_ip_prefix": null, "protocol": "tcp", "ethertype": "IPv4", "tenant_id": "ff10985f74d841a29e7d9a45d4d6097a", "port_range_max": 22, "port_range_min": 22, "id": "196d5573-f7c7-4fbd-b880-99e9143c64de", "security_group_id": "1708e77f-ea52-4808-9bec-ef693ccfa235"}}
2016-02-22 00:13:41,913 27941 INFO     [tempest_lib.common.rest_client] Request (TestNetworkAdvancedServerOps:test_server_connectivity_pause_unpause): 201 POST http://10.4.1.3:9696/v2.0/security-group-rules 0.328s
2016-02-22 00:13:41,913 27941 DEBUG    [tempest_lib.common.rest_client] Request - Headers: {'Content-Type': 'application/json', 'Accept': 'application/json', 'X-Auth-Token': '&lt;omitted&gt;'}
        Body: {"security_group_rule": {"tenant_id": "ff10985f74d841a29e7d9a45d4d6097a", "direction": "ingress", "protocol": "icmp", "security_group_id": "1708e77f-ea52-4808-9bec-ef693ccfa235"}}
    Response - Headers: {'status': '201', 'content-length': '345', 'connection': 'close', 'date': 'Mon, 22 Feb 2016 00:13:41 GMT', 'content-type': 'application/json; charset=UTF-8', 'x-openstack-request-id': 'req-3df30d27-f20a-4396-87f3-d7b0783b916b'}
        Body: {"security_group_rule": {"remote_group_id": null, "direction": "ingress", "remote_ip_prefix": null, "protocol": "icmp", "ethertype": "IPv4", "tenant_id": "ff10985f74d841a29e7d9a45d4d6097a", "port_range_max": null, "port_range_min": null, "id": "b868fa3a-b3f9-4aa3-ba8f-93de199dd2e8", "security_group_id": "1708e77f-ea52-4808-9bec-ef693ccfa235"}}
2016-02-22 00:13:42,242 27941 INFO     [tempest_lib.common.rest_client] Request (TestNetworkAdvancedServerOps:test_server_connectivity_pause_unpause): 201 POST http://10.4.1.3:9696/v2.0/security-group-rules 0.327s
2016-02-22 00:13:42,242 27941 DEBUG    [tempest_lib.common.rest_client] Request - Headers: {'Content-Type': 'application/json', 'Accept': 'application/json', 'X-Auth-Token': '&lt;omitted&gt;'}
        Body: {"security_group_rule": {"tenant_id": "ff10985f74d841a29e7d9a45d4d6097a", "direction": "egress", "protocol": "icmp", "security_group_id": "1708e77f-ea52-4808-9bec-ef693ccfa235"}}
    Response - Headers: {'status': '201', 'content-length': '344', 'connection': 'close', 'date': 'Mon, 22 Feb 2016 00:13:42 GMT', 'content-type': 'application/json; charset=UTF-8', 'x-openstack-request-id': 'req-eabb7812-4157-42df-94d9-f16b22601fc0'}
        Body: {"security_group_rule": {"remote_group_id": null, "direction": "egress", "remote_ip_prefix": null, "protocol": "icmp", "ethertype": "IPv4", "tenant_id": "ff10985f74d841a29e7d9a45d4d6097a", "port_range_max": null, "port_range_min": null, "id": "290a0934-8946-4c34-b700-1893dd0c7e3e", "security_group_id": "1708e77f-ea52-4808-9bec-ef693ccfa235"}}
2016-02-22 00:13:42,554 27941 INFO     [tempest_lib.common.rest_client] Request (TestNetworkAdvancedServerOps:test_server_connectivity_pause_unpause): 201 POST http://10.4.1.3:9696/v2.0/security-group-rules 0.311s
2016-02-22 00:13:42,555 27941 DEBUG    [tempest_lib.common.rest_client] Request - Headers: {'Content-Type': 'application/json', 'Accept': 'application/json', 'X-Auth-Token': '&lt;omitted&gt;'}
        Body: {"security_group_rule": {"tenant_id": "ff10985f74d841a29e7d9a45d4d6097a", "direction": "ingress", "security_group_id": "1708e77f-ea52-4808-9bec-ef693ccfa235", "protocol": "icmp", "ethertype": "IPv6"}}
    Response - Headers: {'status': '201', 'content-length': '345', 'connection': 'close', 'date': 'Mon, 22 Feb 2016 00:13:42 GMT', 'content-type': 'application/json; charset=UTF-8', 'x-openstack-request-id': 'req-9d59bba7-1847-497a-8e2a-293081cba78d'}
        Body: {"security_group_rule": {"remote_group_id": null, "direction": "ingress", "remote_ip_prefix": null, "protocol": "icmp", "ethertype": "IPv6", "tenant_id": "ff10985f74d841a29e7d9a45d4d6097a", "port_range_max": null, "port_range_min": null, "id": "2dad9b26-3d01-4723-8f55-0fad83b30b94", "security_group_id": "1708e77f-ea52-4808-9bec-ef693ccfa235"}}
2016-02-22 00:13:42,835 27941 INFO     [tempest_lib.common.rest_client] Request (TestNetworkAdvancedServerOps:test_server_connectivity_pause_unpause): 201 POST http://10.4.1.3:9696/v2.0/security-group-rules 0.279s
2016-02-22 00:13:42,835 27941 DEBUG    [tempest_lib.common.rest_client] Request - Headers: {'Content-Type': 'application/json', 'Accept': 'application/json', 'X-Auth-Token': '&lt;omitted&gt;'}
        Body: {"security_group_rule": {"tenant_id": "ff10985f74d841a29e7d9a45d4d6097a", "direction": "egress", "security_group_id": "1708e77f-ea52-4808-9bec-ef693ccfa235", "protocol": "icmp", "ethertype": "IPv6"}}
    Response - Headers: {'status': '201', 'content-length': '344', 'connection': 'close', 'date': 'Mon, 22 Feb 2016 00:13:42 GMT', 'content-type': 'application/json; charset=UTF-8', 'x-openstack-request-id': 'req-93a227ee-f02b-4af0-a059-e37b83bc0d6e'}
        Body: {"security_group_rule": {"remote_group_id": null, "direction": "egress", "remote_ip_prefix": null, "protocol": "icmp", "ethertype": "IPv6", "tenant_id": "ff10985f74d841a29e7d9a45d4d6097a", "port_range_max": null, "port_range_min": null, "id": "005e721b-e087-46c9-ad77-289bd6576838", "security_group_id": "1708e77f-ea52-4808-9bec-ef693ccfa235"}}
2016-02-22 00:13:43,282 27941 INFO     [tempest_lib.common.rest_client] Request (TestNetworkAdvancedServerOps:test_server_connectivity_pause_unpause): 201 POST http://10.4.1.3:9696/v2.0/networks 0.445s
2016-02-22 00:13:43,283 27941 DEBUG    [tempest_lib.common.rest_client] Request - Headers: {'Content-Type': 'application/json', 'Accept': 'application/json', 'X-Auth-Token': '&lt;omitted&gt;'}
        Body: {"network": {"tenant_id": "ff10985f74d841a29e7d9a45d4d6097a", "name": "tempest-network-smoke--1456806247"}}
    Response - Headers: {'status': '201', 'content-length': '356', 'connection': 'close', 'date': 'Mon, 22 Feb 2016 00:13:43 GMT', 'content-type': 'application/json; charset=UTF-8', 'x-openstack-request-id': 'req-847708ed-2c26-4363-a6c7-ff5a99313b2f'}
        Body: {"network": {"status": "ACTIVE", "subnets": [], "availability_zone_hints": [], "availability_zones": [], "name": "tempest-network-smoke--1456806247", "admin_state_up": true, "tenant_id": "ff10985f74d841a29e7d9a45d4d6097a", "mtu": 1450, "router:external": false, "shared": false, "port_security_enabled": true, "id": "bf1bf3cb-c39e-4143-baad-09d452917222"}}
2016-02-22 00:13:43,577 27941 INFO     [tempest_lib.common.rest_client] Request (TestNetworkAdvancedServerOps:test_server_connectivity_pause_unpause): 201 POST http://10.4.1.3:9696/v2.0/routers 0.293s
2016-02-22 00:13:43,578 27941 DEBUG    [tempest_lib.common.rest_client] Request - Headers: {'Content-Type': 'application/json', 'Accept': 'application/json', 'X-Auth-Token': '&lt;omitted&gt;'}
        Body: {"router": {"tenant_id": "ff10985f74d841a29e7d9a45d4d6097a", "name": "tempest-router-smoke-445692641", "admin_state_up": true}}
    Response - Headers: {'status': '201', 'content-length': '238', 'connection': 'close', 'date': 'Mon, 22 Feb 2016 00:13:43 GMT', 'content-type': 'application/json; charset=UTF-8', 'x-openstack-request-id': 'req-1315d7da-2788-4f5b-9882-7fa6c87cb72a'}
        Body: {"router": {"status": "ACTIVE", "external_gateway_info": null, "name": "tempest-router-smoke-445692641", "admin_state_up": true, "tenant_id": "ff10985f74d841a29e7d9a45d4d6097a", "routes": [], "id": "31968c38-de60-4f56-be52-b260e2d01d27"}}
2016-02-22 00:13:43,839 27941 INFO     [tempest_lib.common.rest_client] Request (TestNetworkAdvancedServerOps:test_server_connectivity_pause_unpause): 200 GET http://10.4.1.3:9696/v2.0/routers/31968c38-de60-4f56-be52-b260e2d01d27 0.260s
2016-02-22 00:13:43,840 27941 DEBUG    [tempest_lib.common.rest_client] Request - Headers: {'Content-Type': 'application/json', 'Accept': 'application/json', 'X-Auth-Token': '&lt;omitted&gt;'}
        Body: None
    Response - Headers: {'status': '200', 'content-length': '238', 'content-location': 'http://10.4.1.3:9696/v2.0/routers/31968c38-de60-4f56-be52-b260e2d01d27', 'connection': 'close', 'date': 'Mon, 22 Feb 2016 00:13:43 GMT', 'content-type': 'application/json; charset=UTF-8', 'x-openstack-request-id': 'req-fe3f3f29-3bb1-4dd5-8bae-daa7772839d3'}
        Body: {"router": {"status": "ACTIVE", "external_gateway_info": null, "name": "tempest-router-smoke-445692641", "admin_state_up": true, "tenant_id": "ff10985f74d841a29e7d9a45d4d6097a", "routes": [], "id": "31968c38-de60-4f56-be52-b260e2d01d27"}}
2016-02-22 00:13:44,659 27941 INFO     [tempest_lib.common.rest_client] Request (TestNetworkAdvancedServerOps:test_server_connectivity_pause_unpause): 200 PUT http://10.4.1.3:9696/v2.0/routers/31968c38-de60-4f56-be52-b260e2d01d27 0.817s
2016-02-22 00:13:44,660 27941 DEBUG    [tempest_lib.common.rest_client] Request - Headers: {'Content-Type': 'application/json', 'Accept': 'application/json', 'X-Auth-Token': '&lt;omitted&gt;'}
        Body: {"router": {"external_gateway_info": {"network_id": "7aacee9e-edae-4a18-bbdf-c21a214c69c7"}, "name": "tempest-router-smoke-445692641", "admin_state_up": true}}
    Response - Headers: {'status': '200', 'content-length': '500', 'connection': 'close', 'date': 'Mon, 22 Feb 2016 00:13:44 GMT', 'content-type': 'application/json; charset=UTF-8', 'x-openstack-request-id': 'req-4cae5d22-7aa1-4f5a-94f7-c8a97f1d0f5d'}
        Body: {"router": {"status": "ACTIVE", "external_gateway_info": {"network_id": "7aacee9e-edae-4a18-bbdf-c21a214c69c7", "enable_snat": true, "external_fixed_ips": [{"subnet_id": "59362001-102f-47ff-9b88-c547020af602", "ip_address": "172.24.4.3"}, {"subnet_id": "5fe1b917-47ce-4288-999f-ec95d67593a4", "ip_address": "2001:db8::4"}]}, "name": "tempest-router-smoke-445692641", "admin_state_up": true, "tenant_id": "ff10985f74d841a29e7d9a45d4d6097a", "routes": [], "id": "31968c38-de60-4f56-be52-b260e2d01d27"}}
2016-02-22 00:13:44,942 27941 INFO     [tempest_lib.common.rest_client] Request (TestNetworkAdvancedServerOps:test_server_connectivity_pause_unpause): 200 GET http://10.4.1.3:9696/v2.0/subnets?tenant_id=ff10985f74d841a29e7d9a45d4d6097a&amp;cidr=10.100.0.0%2F28 0.280s
2016-02-22 00:13:44,942 27941 DEBUG    [tempest_lib.common.rest_client] Request - Headers: {'Content-Type': 'application/json', 'Accept': 'application/json', 'X-Auth-Token': '&lt;omitted&gt;'}
        Body: None
    Response - Headers: {'status': '200', 'content-length': '15', 'content-location': 'http://10.4.1.3:9696/v2.0/subnets?tenant_id=ff10985f74d841a29e7d9a45d4d6097a&amp;cidr=10.100.0.0%2F28', 'connection': 'close', 'date': 'Mon, 22 Feb 2016 00:13:44 GMT', 'content-type': 'application/json; charset=UTF-8', 'x-openstack-request-id': 'req-4fb13dec-4d6d-4d8f-b064-beb14d958068'}
        Body: {"subnets": []}
2016-02-22 00:13:45,583 27941 INFO     [tempest_lib.common.rest_client] Request (TestNetworkAdvancedServerOps:test_server_connectivity_pause_unpause): 201 POST http://10.4.1.3:9696/v2.0/subnets 0.640s
2016-02-22 00:13:45,584 27941 DEBUG    [tempest_lib.common.rest_client] Request - Headers: {'Content-Type': 'application/json', 'Accept': 'application/json', 'X-Auth-Token': '&lt;omitted&gt;'}
        Body: {"subnet": {"ip_version": 4, "tenant_id": "ff10985f74d841a29e7d9a45d4d6097a", "cidr": "10.100.0.0/28", "network_id": "bf1bf3cb-c39e-4143-baad-09d452917222", "name": "tempest-subnet-smoke-1483904943"}}
    Response - Headers: {'status': '201', 'content-length': '478', 'connection': 'close', 'date': 'Mon, 22 Feb 2016 00:13:45 GMT', 'content-type': 'application/json; charset=UTF-8', 'x-openstack-request-id': 'req-01b286af-f9cc-4526-9022-def27f2ddb2b'}
        Body: {"subnet": {"name": "tempest-subnet-smoke-1483904943", "enable_dhcp": true, "network_id": "bf1bf3cb-c39e-4143-baad-09d452917222", "tenant_id": "ff10985f74d841a29e7d9a45d4d6097a", "dns_nameservers": [], "gateway_ip": "10.100.0.1", "ipv6_ra_mode": null, "allocation_pools": [{"start": "10.100.0.2", "end": "10.100.0.14"}], "host_routes": [], "ip_version": 4, "ipv6_address_mode": null, "cidr": "10.100.0.0/28", "id": "7efaadf2-7487-4fec-9b5c-63749366de39", "subnetpool_id": null}}
2016-02-22 00:13:46,489 27941 INFO     [tempest_lib.common.rest_client] Request (TestNetworkAdvancedServerOps:test_server_connectivity_pause_unpause): 200 PUT http://10.4.1.3:9696/v2.0/routers/31968c38-de60-4f56-be52-b260e2d01d27/add_router_interface 0.903s
2016-02-22 00:13:46,490 27941 DEBUG    [tempest_lib.common.rest_client] Request - Headers: {'Content-Type': 'application/json', 'Accept': 'application/json', 'X-Auth-Token': '&lt;omitted&gt;'}
        Body: {"subnet_id": "7efaadf2-7487-4fec-9b5c-63749366de39"}
    Response - Headers: {'status': '200', 'content-length': '309', 'connection': 'close', 'date': 'Mon, 22 Feb 2016 00:13:46 GMT', 'content-type': 'application/json; charset=UTF-8', 'x-openstack-request-id': 'req-3ec881d1-4434-49d4-9e3b-5999f14edb2f'}
        Body: {"network_id": "bf1bf3cb-c39e-4143-baad-09d452917222", "tenant_id": "ff10985f74d841a29e7d9a45d4d6097a", "subnet_id": "7efaadf2-7487-4fec-9b5c-63749366de39", "subnet_ids": ["7efaadf2-7487-4fec-9b5c-63749366de39"], "port_id": "5ae980c5-fc81-4952-92fa-77a7c9f3bbfa", "id": "31968c38-de60-4f56-be52-b260e2d01d27"}
2016-02-22 00:13:46,670 27941 INFO     [tempest_lib.common.rest_client] Request (TestNetworkAdvancedServerOps:test_server_connectivity_pause_unpause): 200 POST http://10.4.1.3:5000/v2.0/tokens
2016-02-22 00:13:46,671 27941 DEBUG    [tempest_lib.common.rest_client] Request - Headers: {'Content-Type': 'application/json', 'Accept': 'application/json'}
        Body: &lt;omitted&gt;
    Response - Headers: {'status': '200', 'content-length': '2294', 'vary': 'X-Auth-Token', 'server': 'Apache/2.4.7 (Ubuntu)', 'connection': 'close', 'date': 'Mon, 22 Feb 2016 00:13:46 GMT', 'content-type': 'application/json', 'x-openstack-request-id': 'req-de1db2e1-28a9-4767-ad91-d1164783ec89'}
        Body: {"access": {"token": {"issued_at": "2016-02-22T00:13:46.653434", "expires": "2016-02-22T01:13:46Z", "id": "b3165e7f646544c9b91b884ba25b11f0", "tenant": {"description": "tempest-TestNetworkAdvancedServerOps-1986669444-desc", "enabled": true, "id": "ff10985f74d841a29e7d9a45d4d6097a", "name": "tempest-TestNetworkAdvancedServerOps-1986669444"}, "audit_ids": ["mlo8NJUOSpOx0tAW9xJ-qA"]}, "serviceCatalog": [{"endpoints": [{"adminURL": "http://10.4.1.3:9292", "region": "RegionOne", "internalURL": "http://10.4.1.3:9292", "id": "6f635a43f3fb421684737937db1e8b5e", "publicURL": "http://10.4.1.3:9292"}], "endpoints_links": [], "type": "image", "name": "glance"}, {"endpoints": [{"adminURL": "http://10.4.1.3:8774/v2.1/ff10985f74d841a29e7d9a45d4d6097a", "region": "RegionOne", "internalURL": "http://10.4.1.3:8774/v2.1/ff10985f74d841a29e7d9a45d4d6097a", "id": "20fdff285bce47c5a87011d92c1b3efb", "publicURL": "http://10.4.1.3:8774/v2.1/ff10985f74d841a29e7d9a45d4d6097a"}], "endpoints_links": [], "type": "compute", "name": "nova"}, {"endpoints": [{"adminURL": "http://10.4.1.3:8774/v2/ff10985f74d841a29e7d9a45d4d6097a", "region": "RegionOne", "internalURL": "http://10.4.1.3:8774/v2/ff10985f74d841a29e7d9a45d4d6097a", "id": "069c297f439a4eab84f2059fe2a348bd", "publicURL": "http://10.4.1.3:8774/v2/ff10985f74d841a29e7d9a45d4d6097a"}], "endpoints_links": [], "type": "compute_legacy", "name": "nova_legacy"}, {"endpoints": [{"adminURL": "http://10.4.1.3:35357/v2.0", "region": "RegionOne", "internalURL": "http://10.4.1.3:5000/v2.0", "id": "41aa163f9988422c80f9b5ebd201f3a9", "publicURL": "http://10.4.1.3:5000/v2.0"}], "endpoints_links": [], "type": "identity", "name": "keystone"}, {"endpoints": [{"adminURL": "http://10.4.1.3:9696/", "region": "RegionOne", "internalURL": "http://10.4.1.3:9696/", "id": "63dba0b39a2441c7b9175f06d018ca40", "publicURL": "http://10.4.1.3:9696/"}], "endpoints_links": [], "type": "network", "name": "neutron"}], "user": {"username": "tempest-TestNetworkAdvancedServerOps-873775109", "roles_links": [], "id": "623b5247fd7943c0bf15654a6834eb06", "roles": [{"name": "_member_"}, {"name": "Member"}], "name": "tempest-TestNetworkAdvancedServerOps-873775109"}, "metadata": {"is_admin": 0, "roles": ["9fe2ff9ee4384b1894a90878d3e92bab", "949ab85d12dc42b9a7f87d4ca4b438b0"]}}}
2016-02-22 00:13:46,677 27941 DEBUG    [tempest.common.fixed_network] (TestNetworkAdvancedServerOps:test_server_connectivity_pause_unpause) No valid network provided or created, defaulting to fixed_network_name
2016-02-22 00:13:47,198 27941 INFO     [tempest_lib.common.rest_client] Request (TestNetworkAdvancedServerOps:test_server_connectivity_pause_unpause): 200 GET http://10.4.1.3:8774/v2.1/ff10985f74d841a29e7d9a45d4d6097a/os-networks 0.520s
2016-02-22 00:13:47,199 27941 DEBUG    [tempest_lib.common.rest_client] Request - Headers: {'Content-Type': 'application/json', 'Accept': 'application/json', 'X-Auth-Token': '&lt;omitted&gt;'}
        Body: None
    Response - Headers: {'status': '200', 'content-length': '479', 'content-location': 'http://10.4.1.3:8774/v2.1/ff10985f74d841a29e7d9a45d4d6097a/os-networks', 'x-compute-request-id': 'req-dd2c6340-4976-45f3-8b12-8d8eaa28b37b', 'vary': 'X-OpenStack-Nova-API-Version', 'connection': 'close', 'x-openstack-nova-api-version': '2.1', 'date': 'Mon, 22 Feb 2016 00:13:47 GMT', 'content-type': 'application/json'}
        Body: {"networks": [{"cidr_v6": null, "dns2": null, "dns1": null, "gateway": null, "broadcast": null, "netmask": null, "gateway_v6": null, "cidr": null, "label": "public", "id": "7aacee9e-edae-4a18-bbdf-c21a214c69c7", "netmask_v6": null}, {"cidr_v6": null, "dns2": null, "dns1": null, "gateway": null, "broadcast": null, "netmask": null, "gateway_v6": null, "cidr": null, "label": "tempest-network-smoke--1456806247", "id": "bf1bf3cb-c39e-4143-baad-09d452917222", "netmask_v6": null}]}
2016-02-22 00:13:47,200 27941 WARNING  [tempest.common.fixed_network] (TestNetworkAdvancedServerOps:test_server_connectivity_pause_unpause) Network with name: private not found
2016-02-22 00:13:47,200 27941 INFO     [tempest.common.fixed_network] (TestNetworkAdvancedServerOps:test_server_connectivity_pause_unpause) Found network {} available for tenant
2016-02-22 00:13:50,825 27941 INFO     [tempest_lib.common.rest_client] Request (TestNetworkAdvancedServerOps:test_server_connectivity_pause_unpause): 202 POST http://10.4.1.3:8774/v2.1/ff10985f74d841a29e7d9a45d4d6097a/servers 3.623s
2016-02-22 00:13:50,825 27941 DEBUG    [tempest_lib.common.rest_client] Request - Headers: {'Content-Type': 'application/json', 'Accept': 'application/json', 'X-Auth-Token': '&lt;omitted&gt;'}
        Body: {"server": {"name": "tempest-server-smoke-1741490299", "imageRef": "c03e83ab-7b2f-48c6-8be6-465193c366bb", "key_name": "tempest-TestNetworkAdvancedServerOps-64253979", "flavorRef": "42", "networks": [{"uuid": "bf1bf3cb-c39e-4143-baad-09d452917222"}], "security_groups": [{"name": "tempest-secgroup-smoke-1796634537"}]}}
    Response - Headers: {'status': '202', 'content-length': '460', 'x-compute-request-id': 'req-c43c3514-98b7-4086-93ec-fcc3ebc41477', 'vary': 'X-OpenStack-Nova-API-Version', 'connection': 'close', 'location': 'http://10.4.1.3:8774/v2.1/ff10985f74d841a29e7d9a45d4d6097a/servers/25231b87-e951-4561-ab13-605930fae7c8', 'x-openstack-nova-api-version': '2.1', 'date': 'Mon, 22 Feb 2016 00:13:50 GMT', 'content-type': 'application/json'}
        Body: {"server": {"security_groups": [{"name": "tempest-secgroup-smoke-1796634537"}], "OS-DCF:diskConfig": "MANUAL", "id": "25231b87-e951-4561-ab13-605930fae7c8", "links": [{"href": "http://10.4.1.3:8774/v2.1/ff10985f74d841a29e7d9a45d4d6097a/servers/25231b87-e951-4561-ab13-605930fae7c8", "rel": "self"}, {"href": "http://10.4.1.3:8774/ff10985f74d841a29e7d9a45d4d6097a/servers/25231b87-e951-4561-ab13-605930fae7c8", "rel": "bookmark"}], "adminPass": "qERbK6NLtK2h"}}
2016-02-22 00:13:51,345 27941 INFO     [tempest_lib.common.rest_client] Request (TestNetworkAdvancedServerOps:test_server_connectivity_pause_unpause): 200 GET http://10.4.1.3:8774/v2.1/ff10985f74d841a29e7d9a45d4d6097a/servers/25231b87-e951-4561-ab13-605930fae7c8 0.516s
2016-02-22 00:13:51,346 27941 DEBUG    [tempest_lib.common.rest_client] Request - Headers: {'Content-Type': 'application/json', 'Accept': 'application/json', 'X-Auth-Token': '&lt;omitted&gt;'}
        Body: None
    Response - Headers: {'status': '200', 'content-length': '1348', 'content-location': 'http://10.4.1.3:8774/v2.1/ff10985f74d841a29e7d9a45d4d6097a/servers/25231b87-e951-4561-ab13-605930fae7c8', 'x-compute-request-id': 'req-cc217957-1776-4e8e-bf4c-ca2b456beb1e', 'vary': 'X-OpenStack-Nova-API-Version', 'connection': 'close', 'x-openstack-nova-api-version': '2.1', 'date': 'Mon, 22 Feb 2016 00:13:51 GMT', 'content-type': 'application/json'}
        Body: {"server": {"status": "BUILD", "updated": "2016-02-22T00:13:51Z", "hostId": "", "addresses": {}, "links": [{"href": "http://10.4.1.3:8774/v2.1/ff10985f74d841a29e7d9a45d4d6097a/servers/25231b87-e951-4561-ab13-605930fae7c8", "rel": "self"}, {"href": "http://10.4.1.3:8774/ff10985f74d841a29e7d9a45d4d6097a/servers/25231b87-e951-4561-ab13-605930fae7c8", "rel": "bookmark"}], "key_name": "tempest-TestNetworkAdvancedServerOps-64253979", "image": {"id": "c03e83ab-7b2f-48c6-8be6-465193c366bb", "links": [{"href": "http://10.4.1.3:8774/ff10985f74d841a29e7d9a45d4d6097a/images/c03e83ab-7b2f-48c6-8be6-465193c366bb", "rel": "bookmark"}]}, "OS-EXT-STS:task_state": "scheduling", "OS-EXT-STS:vm_state": "building", "OS-SRV-USG:launched_at": null, "flavor": {"id": "42", "links": [{"href": "http://10.4.1.3:8774/ff10985f74d841a29e7d9a45d4d6097a/flavors/42", "rel": "bookmark"}]}, "id": "25231b87-e951-4561-ab13-605930fae7c8", "OS-SRV-USG:terminated_at": null, "OS-EXT-AZ:availability_zone": "", "user_id": "623b5247fd7943c0bf15654a6834eb06", "name": "tempest-server-smoke-1741490299", "created": "2016-02-22T00:13:50Z", "tenant_id": "ff10985f74d841a29e7d9a45d4d6097a", "OS-DCF:diskConfig": "MANUAL", "os-extended-volumes:volumes_attached": [], "accessIPv4": "", "accessIPv6": "", "progress": 0, "OS-EXT-STS:power_state": 0, "config_drive": "", "metadata": {}}}
2016-02-22 00:13:52,933 27941 INFO     [tempest_lib.common.rest_client] Request (TestNetworkAdvancedServerOps:test_server_connectivity_pause_unpause): 200 GET http://10.4.1.3:8774/v2.1/ff10985f74d841a29e7d9a45d4d6097a/servers/25231b87-e951-4561-ab13-605930fae7c8 0.574s
2016-02-22 00:13:52,934 27941 DEBUG    [tempest_lib.common.rest_client] Request - Headers: {'Content-Type': 'application/json', 'Accept': 'application/json', 'X-Auth-Token': '&lt;omitted&gt;'}
        Body: None
    Response - Headers: {'status': '200', 'content-length': '1406', 'content-location': 'http://10.4.1.3:8774/v2.1/ff10985f74d841a29e7d9a45d4d6097a/servers/25231b87-e951-4561-ab13-605930fae7c8', 'x-compute-request-id': 'req-110a6683-0184-4978-8137-238ece57772c', 'vary': 'X-OpenStack-Nova-API-Version', 'connection': 'close', 'x-openstack-nova-api-version': '2.1', 'date': 'Mon, 22 Feb 2016 00:13:52 GMT', 'content-type': 'application/json'}
        Body: {"server": {"status": "BUILD", "updated": "2016-02-22T00:13:52Z", "hostId": "fe168bb21fdf80b3bad973ac5613e09aedc0a4bdf84c9153552343f7", "addresses": {}, "links": [{"href": "http://10.4.1.3:8774/v2.1/ff10985f74d841a29e7d9a45d4d6097a/servers/25231b87-e951-4561-ab13-605930fae7c8", "rel": "self"}, {"href": "http://10.4.1.3:8774/ff10985f74d841a29e7d9a45d4d6097a/servers/25231b87-e951-4561-ab13-605930fae7c8", "rel": "bookmark"}], "key_name": "tempest-TestNetworkAdvancedServerOps-64253979", "image": {"id": "c03e83ab-7b2f-48c6-8be6-465193c366bb", "links": [{"href": "http://10.4.1.3:8774/ff10985f74d841a29e7d9a45d4d6097a/images/c03e83ab-7b2f-48c6-8be6-465193c366bb", "rel": "bookmark"}]}, "OS-EXT-STS:task_state": "spawning", "OS-EXT-STS:vm_state": "building", "OS-SRV-USG:launched_at": null, "flavor": {"id": "42", "links": [{"href": "http://10.4.1.3:8774/ff10985f74d841a29e7d9a45d4d6097a/flavors/42", "rel": "bookmark"}]}, "id": "25231b87-e951-4561-ab13-605930fae7c8", "OS-SRV-USG:terminated_at": null, "OS-EXT-AZ:availability_zone": "nova", "user_id": "623b5247fd7943c0bf15654a6834eb06", "name": "tempest-server-smoke-1741490299", "created": "2016-02-22T00:13:50Z", "tenant_id": "ff10985f74d841a29e7d9a45d4d6097a", "OS-DCF:diskConfig": "MANUAL", "os-extended-volumes:volumes_attached": [], "accessIPv4": "", "accessIPv6": "", "progress": 0, "OS-EXT-STS:power_state": 0, "config_drive": "", "metadata": {}}}
2016-02-22 00:13:52,942 27941 INFO     [tempest.common.waiters] State transition "BUILD/scheduling" ==&gt; "BUILD/spawning" after 1 second wait
2016-02-22 00:13:54,703 27941 INFO     [tempest_lib.common.rest_client] Request (TestNetworkAdvancedServerOps:test_server_connectivity_pause_unpause): 200 GET http://10.4.1.3:8774/v2.1/ff10985f74d841a29e7d9a45d4d6097a/servers/25231b87-e951-4561-ab13-605930fae7c8 0.758s
2016-02-22 00:13:54,704 27941 DEBUG    [tempest_lib.common.rest_client] Request - Headers: {'Content-Type': 'application/json', 'Accept': 'application/json', 'X-Auth-Token': '&lt;omitted&gt;'}
        Body: None
    Response - Headers: {'status': '200', 'content-length': '1474', 'content-location': 'http://10.4.1.3:8774/v2.1/ff10985f74d841a29e7d9a45d4d6097a/servers/25231b87-e951-4561-ab13-605930fae7c8', 'x-compute-request-id': 'req-73a69495-b6df-49d4-a42e-af84a796e06b', 'vary': 'X-OpenStack-Nova-API-Version', 'connection': 'close', 'x-openstack-nova-api-version': '2.1', 'date': 'Mon, 22 Feb 2016 00:13:54 GMT', 'content-type': 'application/json'}
        Body: {"server": {"status": "BUILD", "updated": "2016-02-22T00:13:52Z", "hostId": "fe168bb21fdf80b3bad973ac5613e09aedc0a4bdf84c9153552343f7", "addresses": {}, "links": [{"href": "http://10.4.1.3:8774/v2.1/ff10985f74d841a29e7d9a45d4d6097a/servers/25231b87-e951-4561-ab13-605930fae7c8", "rel": "self"}, {"href": "http://10.4.1.3:8774/ff10985f74d841a29e7d9a45d4d6097a/servers/25231b87-e951-4561-ab13-605930fae7c8", "rel": "bookmark"}], "key_name": "tempest-TestNetworkAdvancedServerOps-64253979", "image": {"id": "c03e83ab-7b2f-48c6-8be6-465193c366bb", "links": [{"href": "http://10.4.1.3:8774/ff10985f74d841a29e7d9a45d4d6097a/images/c03e83ab-7b2f-48c6-8be6-465193c366bb", "rel": "bookmark"}]}, "OS-EXT-STS:task_state": "spawning", "OS-EXT-STS:vm_state": "building", "OS-SRV-USG:launched_at": null, "flavor": {"id": "42", "links": [{"href": "http://10.4.1.3:8774/ff10985f74d841a29e7d9a45d4d6097a/flavors/42", "rel": "bookmark"}]}, "id": "25231b87-e951-4561-ab13-605930fae7c8", "security_groups": [{"name": "tempest-secgroup-smoke-1796634537"}], "OS-SRV-USG:terminated_at": null, "OS-EXT-AZ:availability_zone": "nova", "user_id": "623b5247fd7943c0bf15654a6834eb06", "name": "tempest-server-smoke-1741490299", "created": "2016-02-22T00:13:50Z", "tenant_id": "ff10985f74d841a29e7d9a45d4d6097a", "OS-DCF:diskConfig": "MANUAL", "os-extended-volumes:volumes_attached": [], "accessIPv4": "", "accessIPv6": "", "progress": 0, "OS-EXT-STS:power_state": 0, "config_drive": "", "metadata": {}}}
2016-02-22 00:13:56,425 27941 INFO     [tempest_lib.common.rest_client] Request (TestNetworkAdvancedServerOps:test_server_connectivity_pause_unpause): 200 GET http://10.4.1.3:8774/v2.1/ff10985f74d841a29e7d9a45d4d6097a/servers/25231b87-e951-4561-ab13-605930fae7c8 0.711s
2016-02-22 00:13:56,425 27941 DEBUG    [tempest_lib.common.rest_client] Request - Headers: {'Content-Type': 'application/json', 'Accept': 'application/json', 'X-Auth-Token': '&lt;omitted&gt;'}
        Body: None
    Response - Headers: {'status': '200', 'content-length': '1474', 'content-location': 'http://10.4.1.3:8774/v2.1/ff10985f74d841a29e7d9a45d4d6097a/servers/25231b87-e951-4561-ab13-605930fae7c8', 'x-compute-request-id': 'req-2d4349cd-5a8b-4bba-98a1-e1572b2f43f3', 'vary': 'X-OpenStack-Nova-API-Version', 'connection': 'close', 'x-openstack-nova-api-version': '2.1', 'date': 'Mon, 22 Feb 2016 00:13:56 GMT', 'content-type': 'application/json'}
        Body: {"server": {"status": "BUILD", "updated": "2016-02-22T00:13:52Z", "hostId": "fe168bb21fdf80b3bad973ac5613e09aedc0a4bdf84c9153552343f7", "addresses": {}, "links": [{"href": "http://10.4.1.3:8774/v2.1/ff10985f74d841a29e7d9a45d4d6097a/servers/25231b87-e951-4561-ab13-605930fae7c8", "rel": "self"}, {"href": "http://10.4.1.3:8774/ff10985f74d841a29e7d9a45d4d6097a/servers/25231b87-e951-4561-ab13-605930fae7c8", "rel": "bookmark"}], "key_name": "tempest-TestNetworkAdvancedServerOps-64253979", "image": {"id": "c03e83ab-7b2f-48c6-8be6-465193c366bb", "links": [{"href": "http://10.4.1.3:8774/ff10985f74d841a29e7d9a45d4d6097a/images/c03e83ab-7b2f-48c6-8be6-465193c366bb", "rel": "bookmark"}]}, "OS-EXT-STS:task_state": "spawning", "OS-EXT-STS:vm_state": "building", "OS-SRV-USG:launched_at": null, "flavor": {"id": "42", "links": [{"href": "http://10.4.1.3:8774/ff10985f74d841a29e7d9a45d4d6097a/flavors/42", "rel": "bookmark"}]}, "id": "25231b87-e951-4561-ab13-605930fae7c8", "security_groups": [{"name": "tempest-secgroup-smoke-1796634537"}], "OS-SRV-USG:terminated_at": null, "OS-EXT-AZ:availability_zone": "nova", "user_id": "623b5247fd7943c0bf15654a6834eb06", "name": "tempest-server-smoke-1741490299", "created": "2016-02-22T00:13:50Z", "tenant_id": "ff10985f74d841a29e7d9a45d4d6097a", "OS-DCF:diskConfig": "MANUAL", "os-extended-volumes:volumes_attached": [], "accessIPv4": "", "accessIPv6": "", "progress": 0, "OS-EXT-STS:power_state": 0, "config_drive": "", "metadata": {}}}
2016-02-22 00:13:58,131 27941 INFO     [tempest_lib.common.rest_client] Request (TestNetworkAdvancedServerOps:test_server_connectivity_pause_unpause): 200 GET http://10.4.1.3:8774/v2.1/ff10985f74d841a29e7d9a45d4d6097a/servers/25231b87-e951-4561-ab13-605930fae7c8 0.695s
2016-02-22 00:13:58,132 27941 DEBUG    [tempest_lib.common.rest_client] Request - Headers: {'Content-Type': 'application/json', 'Accept': 'application/json', 'X-Auth-Token': '&lt;omitted&gt;'}
        Body: None
    Response - Headers: {'status': '200', 'content-length': '1646', 'content-location': 'http://10.4.1.3:8774/v2.1/ff10985f74d841a29e7d9a45d4d6097a/servers/25231b87-e951-4561-ab13-605930fae7c8', 'x-compute-request-id': 'req-547e135e-7a15-4e2c-ba32-f0fa20139d23', 'vary': 'X-OpenStack-Nova-API-Version', 'connection': 'close', 'x-openstack-nova-api-version': '2.1', 'date': 'Mon, 22 Feb 2016 00:13:58 GMT', 'content-type': 'application/json'}
        Body: {"server": {"status": "ACTIVE", "updated": "2016-02-22T00:13:56Z", "hostId": "fe168bb21fdf80b3bad973ac5613e09aedc0a4bdf84c9153552343f7", "addresses": {"tempest-network-smoke--1456806247": [{"OS-EXT-IPS-MAC:mac_addr": "fa:16:3e:82:c2:40", "version": 4, "addr": "10.100.0.3", "OS-EXT-IPS:type": "fixed"}]}, "links": [{"href": "http://10.4.1.3:8774/v2.1/ff10985f74d841a29e7d9a45d4d6097a/servers/25231b87-e951-4561-ab13-605930fae7c8", "rel": "self"}, {"href": "http://10.4.1.3:8774/ff10985f74d841a29e7d9a45d4d6097a/servers/25231b87-e951-4561-ab13-605930fae7c8", "rel": "bookmark"}], "key_name": "tempest-TestNetworkAdvancedServerOps-64253979", "image": {"id": "c03e83ab-7b2f-48c6-8be6-465193c366bb", "links": [{"href": "http://10.4.1.3:8774/ff10985f74d841a29e7d9a45d4d6097a/images/c03e83ab-7b2f-48c6-8be6-465193c366bb", "rel": "bookmark"}]}, "OS-EXT-STS:task_state": null, "OS-EXT-STS:vm_state": "active", "OS-SRV-USG:launched_at": "2016-02-22T00:13:56.000000", "flavor": {"id": "42", "links": [{"href": "http://10.4.1.3:8774/ff10985f74d841a29e7d9a45d4d6097a/flavors/42", "rel": "bookmark"}]}, "id": "25231b87-e951-4561-ab13-605930fae7c8", "security_groups": [{"name": "tempest-secgroup-smoke-1796634537"}], "OS-SRV-USG:terminated_at": null, "OS-EXT-AZ:availability_zone": "nova", "user_id": "623b5247fd7943c0bf15654a6834eb06", "name": "tempest-server-smoke-1741490299", "created": "2016-02-22T00:13:50Z", "tenant_id": "ff10985f74d841a29e7d9a45d4d6097a", "OS-DCF:diskConfig": "MANUAL", "os-extended-volumes:volumes_attached": [], "accessIPv4": "", "accessIPv6": "", "progress": 0, "OS-EXT-STS:power_state": 1, "config_drive": "True", "metadata": {}}}
2016-02-22 00:13:58,140 27941 INFO     [tempest.common.waiters] State transition "BUILD/spawning" ==&gt; "ACTIVE/None" after 7 second wait
2016-02-22 00:13:58,894 27941 INFO     [tempest_lib.common.rest_client] Request (TestNetworkAdvancedServerOps:test_server_connectivity_pause_unpause): 200 GET http://10.4.1.3:8774/v2.1/ff10985f74d841a29e7d9a45d4d6097a/servers/25231b87-e951-4561-ab13-605930fae7c8 0.753s
2016-02-22 00:13:58,895 27941 DEBUG    [tempest_lib.common.rest_client] Request - Headers: {'Content-Type': 'application/json', 'Accept': 'application/json', 'X-Auth-Token': '&lt;omitted&gt;'}
        Body: None
    Response - Headers: {'status': '200', 'content-length': '1646', 'content-location': 'http://10.4.1.3:8774/v2.1/ff10985f74d841a29e7d9a45d4d6097a/servers/25231b87-e951-4561-ab13-605930fae7c8', 'x-compute-request-id': 'req-4a795b58-29a9-4558-b761-c940090909e2', 'vary': 'X-OpenStack-Nova-API-Version', 'connection': 'close', 'x-openstack-nova-api-version': '2.1', 'date': 'Mon, 22 Feb 2016 00:13:58 GMT', 'content-type': 'application/json'}
        Body: {"server": {"status": "ACTIVE", "updated": "2016-02-22T00:13:56Z", "hostId": "fe168bb21fdf80b3bad973ac5613e09aedc0a4bdf84c9153552343f7", "addresses": {"tempest-network-smoke--1456806247": [{"OS-EXT-IPS-MAC:mac_addr": "fa:16:3e:82:c2:40", "version": 4, "addr": "10.100.0.3", "OS-EXT-IPS:type": "fixed"}]}, "links": [{"href": "http://10.4.1.3:8774/v2.1/ff10985f74d841a29e7d9a45d4d6097a/servers/25231b87-e951-4561-ab13-605930fae7c8", "rel": "self"}, {"href": "http://10.4.1.3:8774/ff10985f74d841a29e7d9a45d4d6097a/servers/25231b87-e951-4561-ab13-605930fae7c8", "rel": "bookmark"}], "key_name": "tempest-TestNetworkAdvancedServerOps-64253979", "image": {"id": "c03e83ab-7b2f-48c6-8be6-465193c366bb", "links": [{"href": "http://10.4.1.3:8774/ff10985f74d841a29e7d9a45d4d6097a/images/c03e83ab-7b2f-48c6-8be6-465193c366bb", "rel": "bookmark"}]}, "OS-EXT-STS:task_state": null, "OS-EXT-STS:vm_state": "active", "OS-SRV-USG:launched_at": "2016-02-22T00:13:56.000000", "flavor": {"id": "42", "links": [{"href": "http://10.4.1.3:8774/ff10985f74d841a29e7d9a45d4d6097a/flavors/42", "rel": "bookmark"}]}, "id": "25231b87-e951-4561-ab13-605930fae7c8", "security_groups": [{"name": "tempest-secgroup-smoke-1796634537"}], "OS-SRV-USG:terminated_at": null, "OS-EXT-AZ:availability_zone": "nova", "user_id": "623b5247fd7943c0bf15654a6834eb06", "name": "tempest-server-smoke-1741490299", "created": "2016-02-22T00:13:50Z", "tenant_id": "ff10985f74d841a29e7d9a45d4d6097a", "OS-DCF:diskConfig": "MANUAL", "os-extended-volumes:volumes_attached": [], "accessIPv4": "", "accessIPv6": "", "progress": 0, "OS-EXT-STS:power_state": 1, "config_drive": "True", "metadata": {}}}
2016-02-22 00:13:59,103 27941 INFO     [tempest_lib.common.rest_client] Request (TestNetworkAdvancedServerOps:test_server_connectivity_pause_unpause): 200 GET http://10.4.1.3:9696/v2.0/ports?fixed_ip=None&amp;device_id=25231b87-e951-4561-ab13-605930fae7c8 0.199s
2016-02-22 00:13:59,104 27941 DEBUG    [tempest_lib.common.rest_client] Request - Headers: {'Content-Type': 'application/json', 'Accept': 'application/json', 'X-Auth-Token': '&lt;omitted&gt;'}
        Body: None
    Response - Headers: {'status': '200', 'content-length': '755', 'content-location': 'http://10.4.1.3:9696/v2.0/ports?fixed_ip=None&amp;device_id=25231b87-e951-4561-ab13-605930fae7c8', 'connection': 'close', 'date': 'Mon, 22 Feb 2016 00:13:59 GMT', 'content-type': 'application/json; charset=UTF-8', 'x-openstack-request-id': 'req-2b3051e8-b3d1-4708-b2be-9ddda9ece5ca'}
        Body: {"ports": [{"status": "ACTIVE", "binding:host_id": "vagrant-ubuntu-trusty-64", "name": "", "allowed_address_pairs": [], "admin_state_up": true, "network_id": "bf1bf3cb-c39e-4143-baad-09d452917222", "tenant_id": "ff10985f74d841a29e7d9a45d4d6097a", "extra_dhcp_opts": [], "mac_address": "fa:16:3e:82:c2:40", "binding:vif_details": {"port_filter": true}, "binding:vif_type": "ovs", "device_owner": "compute:None", "binding:profile": {}, "port_security_enabled": true, "binding:vnic_type": "normal", "fixed_ips": [{"subnet_id": "7efaadf2-7487-4fec-9b5c-63749366de39", "ip_address": "10.100.0.3"}], "id": "4cca1ced-d7c0-4da8-a022-05f6530870b5", "security_groups": ["1708e77f-ea52-4808-9bec-ef693ccfa235"], "device_id": "25231b87-e951-4561-ab13-605930fae7c8"}]}
2016-02-22 00:14:00,001 27941 INFO     [tempest_lib.common.rest_client] Request (TestNetworkAdvancedServerOps:test_server_connectivity_pause_unpause): 201 POST http://10.4.1.3:9696/v2.0/floatingips 0.896s
2016-02-22 00:14:00,002 27941 DEBUG    [tempest_lib.common.rest_client] Request - Headers: {'Content-Type': 'application/json', 'Accept': 'application/json', 'X-Auth-Token': '&lt;omitted&gt;'}
        Body: {"floatingip": {"floating_network_id": "7aacee9e-edae-4a18-bbdf-c21a214c69c7", "tenant_id": "ff10985f74d841a29e7d9a45d4d6097a", "fixed_ip_address": "10.100.0.3", "port_id": "4cca1ced-d7c0-4da8-a022-05f6530870b5"}}
    Response - Headers: {'status': '201', 'content-length': '369', 'connection': 'close', 'date': 'Mon, 22 Feb 2016 00:13:59 GMT', 'content-type': 'application/json; charset=UTF-8', 'x-openstack-request-id': 'req-fe2589e2-e1a7-4a6b-bb0c-c4333d8f39b4'}
        Body: {"floatingip": {"floating_network_id": "7aacee9e-edae-4a18-bbdf-c21a214c69c7", "router_id": "31968c38-de60-4f56-be52-b260e2d01d27", "fixed_ip_address": "10.100.0.3", "floating_ip_address": "172.24.4.4", "tenant_id": "ff10985f74d841a29e7d9a45d4d6097a", "status": "ACTIVE", "port_id": "4cca1ced-d7c0-4da8-a022-05f6530870b5", "id": "28adeb27-023d-4d3c-98e2-f90f884bf62f"}}
2016-02-22 00:14:00,738 27941 INFO     [tempest_lib.common.rest_client] Request (TestNetworkAdvancedServerOps:test_server_connectivity_pause_unpause): 200 GET http://10.4.1.3:8774/v2.1/ff10985f74d841a29e7d9a45d4d6097a/servers/25231b87-e951-4561-ab13-605930fae7c8 0.735s
2016-02-22 00:14:00,739 27941 DEBUG    [tempest_lib.common.rest_client] Request - Headers: {'Content-Type': 'application/json', 'Accept': 'application/json', 'X-Auth-Token': '&lt;omitted&gt;'}
        Body: None
    Response - Headers: {'status': '200', 'content-length': '1646', 'content-location': 'http://10.4.1.3:8774/v2.1/ff10985f74d841a29e7d9a45d4d6097a/servers/25231b87-e951-4561-ab13-605930fae7c8', 'x-compute-request-id': 'req-943bd076-f02a-413e-b7e0-3446534984e5', 'vary': 'X-OpenStack-Nova-API-Version', 'connection': 'close', 'x-openstack-nova-api-version': '2.1', 'date': 'Mon, 22 Feb 2016 00:14:00 GMT', 'content-type': 'application/json'}
        Body: {"server": {"status": "ACTIVE", "updated": "2016-02-22T00:13:56Z", "hostId": "fe168bb21fdf80b3bad973ac5613e09aedc0a4bdf84c9153552343f7", "addresses": {"tempest-network-smoke--1456806247": [{"OS-EXT-IPS-MAC:mac_addr": "fa:16:3e:82:c2:40", "version": 4, "addr": "10.100.0.3", "OS-EXT-IPS:type": "fixed"}]}, "links": [{"href": "http://10.4.1.3:8774/v2.1/ff10985f74d841a29e7d9a45d4d6097a/servers/25231b87-e951-4561-ab13-605930fae7c8", "rel": "self"}, {"href": "http://10.4.1.3:8774/ff10985f74d841a29e7d9a45d4d6097a/servers/25231b87-e951-4561-ab13-605930fae7c8", "rel": "bookmark"}], "key_name": "tempest-TestNetworkAdvancedServerOps-64253979", "image": {"id": "c03e83ab-7b2f-48c6-8be6-465193c366bb", "links": [{"href": "http://10.4.1.3:8774/ff10985f74d841a29e7d9a45d4d6097a/images/c03e83ab-7b2f-48c6-8be6-465193c366bb", "rel": "bookmark"}]}, "OS-EXT-STS:task_state": null, "OS-EXT-STS:vm_state": "active", "OS-SRV-USG:launched_at": "2016-02-22T00:13:56.000000", "flavor": {"id": "42", "links": [{"href": "http://10.4.1.3:8774/ff10985f74d841a29e7d9a45d4d6097a/flavors/42", "rel": "bookmark"}]}, "id": "25231b87-e951-4561-ab13-605930fae7c8", "security_groups": [{"name": "tempest-secgroup-smoke-1796634537"}], "OS-SRV-USG:terminated_at": null, "OS-EXT-AZ:availability_zone": "nova", "user_id": "623b5247fd7943c0bf15654a6834eb06", "name": "tempest-server-smoke-1741490299", "created": "2016-02-22T00:13:50Z", "tenant_id": "ff10985f74d841a29e7d9a45d4d6097a", "OS-DCF:diskConfig": "MANUAL", "os-extended-volumes:volumes_attached": [], "accessIPv4": "", "accessIPv6": "", "progress": 0, "OS-EXT-STS:power_state": 1, "config_drive": "True", "metadata": {}}}
2016-02-22 00:14:00,754 27941 INFO     [tempest.scenario.manager] Tenant networks not configured to be reachable.
2016-02-22 00:14:00,950 27941 INFO     [tempest_lib.common.rest_client] Request (TestNetworkAdvancedServerOps:test_server_connectivity_pause_unpause): 200 GET http://10.4.1.3:9696/v2.0/floatingips/28adeb27-023d-4d3c-98e2-f90f884bf62f 0.195s
2016-02-22 00:14:00,950 27941 DEBUG    [tempest_lib.common.rest_client] Request - Headers: {'Content-Type': 'application/json', 'Accept': 'application/json', 'X-Auth-Token': '&lt;omitted&gt;'}
        Body: None
    Response - Headers: {'status': '200', 'content-length': '369', 'content-location': 'http://10.4.1.3:9696/v2.0/floatingips/28adeb27-023d-4d3c-98e2-f90f884bf62f', 'connection': 'close', 'date': 'Mon, 22 Feb 2016 00:14:00 GMT', 'content-type': 'application/json; charset=UTF-8', 'x-openstack-request-id': 'req-535ea4b4-9286-4681-bcfe-b6b5f43470fa'}
        Body: {"floatingip": {"floating_network_id": "7aacee9e-edae-4a18-bbdf-c21a214c69c7", "router_id": "31968c38-de60-4f56-be52-b260e2d01d27", "fixed_ip_address": "10.100.0.3", "floating_ip_address": "172.24.4.4", "tenant_id": "ff10985f74d841a29e7d9a45d4d6097a", "status": "ACTIVE", "port_id": "4cca1ced-d7c0-4da8-a022-05f6530870b5", "id": "28adeb27-023d-4d3c-98e2-f90f884bf62f"}}
2016-02-22 00:14:00,951 27941 INFO     [tempest.scenario.manager] FloatingIP: &lt;"FloatingIP" addr="172.24.4.4" id="28adeb27-023d-4d3c-98e2-f90f884bf62f"&gt; is at status: ACTIVE
2016-02-22 00:14:00,951 27941 DEBUG    [tempest.scenario.manager] checking network connections to IP 172.24.4.4 with user: cirros
2016-02-22 00:14:00,951 27941 DEBUG    [tempest.scenario.manager] TestNetworkAdvancedServerOps:test_server_connectivity_pause_unpause begins to ping 172.24.4.4 in 120 sec and the expected result is reachable
2016-02-22 00:16:02,536 27941 DEBUG    [tempest.scenario.manager] TestNetworkAdvancedServerOps:test_server_connectivity_pause_unpause finishes ping 172.24.4.4 in 120 sec and the ping result is unexpected
2016-02-22 00:16:02,537 27941 ERROR    [tempest.scenario.manager] Public network connectivity check failed
2016-02-22 00:16:02.537 27941 ERROR tempest.scenario.manager Traceback (most recent call last):
2016-02-22 00:16:02.537 27941 ERROR tempest.scenario.manager   File "tempest/scenario/manager.py", line 598, in check_public_network_connectivity
2016-02-22 00:16:02.537 27941 ERROR tempest.scenario.manager     should_connect=should_connect)
2016-02-22 00:16:02.537 27941 ERROR tempest.scenario.manager   File "tempest/scenario/manager.py", line 582, in check_vm_connectivity
2016-02-22 00:16:02.537 27941 ERROR tempest.scenario.manager     msg=msg)
2016-02-22 00:16:02.537 27941 ERROR tempest.scenario.manager   File "/usr/local/lib/python2.7/dist-packages/unittest2/case.py", line 702, in assertTrue
2016-02-22 00:16:02.537 27941 ERROR tempest.scenario.manager     raise self.failureException(msg)
2016-02-22 00:16:02.537 27941 ERROR tempest.scenario.manager AssertionError: False is not true : Timed out waiting for 172.24.4.4 to become reachable
2016-02-22 00:16:02.537 27941 ERROR tempest.scenario.manager 
2016-02-22 00:16:02,932 27941 INFO     [tempest_lib.common.rest_client] Request (TestNetworkAdvancedServerOps:test_server_connectivity_pause_unpause): 200 POST http://10.4.1.3:8774/v2.1/ff10985f74d841a29e7d9a45d4d6097a/servers/25231b87-e951-4561-ab13-605930fae7c8/action 0.392s
2016-02-22 00:16:02,932 27941 DEBUG    [tempest_lib.common.rest_client] Request - Headers: {'Content-Type': 'application/json', 'Accept': 'application/json', 'X-Auth-Token': '&lt;omitted&gt;'}
        Body: {"os-getConsoleOutput": {}}
    Response - Headers: {'status': '200', 'content-length': '17428', 'x-compute-request-id': 'req-978216f9-19fd-4755-abec-3f9705cfd13b', 'vary': 'X-OpenStack-Nova-API-Version', 'connection': 'close', 'x-openstack-nova-api-version': '2.1', 'date': 'Mon, 22 Feb 2016 00:16:02 GMT', 'content-type': 'application/json'}
        Body: {"output": "[    0.000000] Initializing cgroup subsys cpuset\n[    0.000000] Initializing cgroup subsys cpu\n[    0.000000] Linux version 3.2.0-80-virtual (buildd@batsu) (gcc version 4.6.3 (Ubuntu/Linaro 4.6.3-1ubuntu5) ) #116-Ubuntu SMP Mon Mar 23 17:28:52 UTC 2015 (Ubuntu 3.2.0-80.116-virtual 3.2.68)\n[    0.000000] Command line: root=/dev/vda console=tty0 console=ttyS0 no_timer_check\n[    0.000000] KERNEL supported cpus:\n[    0.000000]   Intel GenuineIntel\n[    0.000000]   AMD AuthenticAMD\n[    0.000000]   Centaur CentaurHauls\n[    0.000000] BIOS-provided physical RAM map:\n[    0.000000]  BIOS-e820: 0000000000000000 - 000000000009fc00 (usable)\n[    0.000000]  BIOS-e820: 000000000009fc00 - 00000000000a0000 (reserved)\n[    0.000000]  BIOS-e820: 00000000000f0000 - 0000000000100000 (reserved)\n[    0.000000]  BIOS-e820: 0000000000100000 - 0000000003ffe000 (usable)\n[    0.000000]  BIOS-e820: 0000000003ffe000 - 0000000004000000 (reserved)\n[    0.000000]  BIOS-e820: 00000000fffc0000 - 0000000100000000 (reserved)\n[    0.000000] NX (Execute Disable) protection: active\n[    0.000000] SMBIOS 2.4 present.\n[    0.000000] No AGP bridge found\n[    0.000000] last_pfn = 0x3ffe max_arch_pfn = 0x400000000\n[    0.000000] x86 PAT enabled: cpu 0, old 0x7040600070406, new 0x7010600070106\n[    0.000000] found SMP MP-table at [ffff8800000f0b00] f0b00\n[    0.000000] init_memory_mapping: 0000000000000000-0000000003ffe000\n[    0.000000] RAMDISK: 03c5e000 - 03ff0000\n[    0.000000] ACPI: RSDP 00000000000f0950 00014 (v00 BOCHS )\n[    0.000000] ACPI: RSDT 0000000003fffbc1 00034 (v01 BOCHS  BXPCRSDT 00000001 BXPC 00000001)\n[    0.000000] ACPI: FACP 0000000003fff1c0 00074 (v01 BOCHS  BXPCFACP 00000001 BXPC 00000001)\n[    0.000000] ACPI: DSDT 0000000003ffe040 01180 (v01 BOCHS  BXPCDSDT 00000001 BXPC 00000001)\n[    0.000000] ACPI: FACS 0000000003ffe000 00040\n[    0.000000] ACPI: SSDT 0000000003fff234 008DD (v01 BOCHS  BXPCSSDT 00000001 BXPC 00000001)\n[    0.000000] ACPI: APIC 0000000003fffb11 00078 (v01 BOCHS  BXPCAPIC 00000001 BXPC 00000001)\n[    0.000000] ACPI: HPET 0000000003fffb89 00038 (v01 BOCHS  BXPCHPET 00000001 BXPC 00000001)\n[    0.000000] No NUMA configuration found\n[    0.000000] Faking a node at 0000000000000000-0000000003ffe000\n[    0.000000] Initmem setup node 0 0000000000000000-0000000003ffe000\n[    0.000000]   NODE_DATA [0000000003ff6000 - 0000000003ffafff]\n[    0.000000] Zone PFN ranges:\n[    0.000000]   DMA      0x00000010 -&gt; 0x00001000\n[    0.000000]   DMA32    0x00001000 -&gt; 0x00100000\n[    0.000000]   Normal   empty\n[    0.000000] Movable zone start PFN for each node\n[    0.000000] early_node_map[2] active PFN ranges\n[    0.000000]     0: 0x00000010 -&gt; 0x0000009f\n[    0.000000]     0: 0x00000100 -&gt; 0x00003ffe\n[    0.000000] ACPI: PM-Timer IO Port: 0xb008\n[    0.000000] ACPI: LAPIC (acpi_id[0x00] lapic_id[0x00] enabled)\n[    0.000000] ACPI: LAPIC_NMI (acpi_id[0xff] dfl dfl lint[0x1])\n[    0.000000] ACPI: IOAPIC (id[0x00] address[0xfec00000] gsi_base[0])\n[    0.000000] IOAPIC[0]: apic_id 0, version 17, address 0xfec00000, GSI 0-23\n[    0.000000] ACPI: INT_SRC_OVR (bus 0 bus_irq 0 global_irq 2 dfl dfl)\n[    0.000000] ACPI: INT_SRC_OVR (bus 0 bus_irq 5 global_irq 5 high level)\n[    0.000000] ACPI: INT_SRC_OVR (bus 0 bus_irq 9 global_irq 9 high level)\n[    0.000000] ACPI: INT_SRC_OVR (bus 0 bus_irq 10 global_irq 10 high level)\n[    0.000000] ACPI: INT_SRC_OVR (bus 0 bus_irq 11 global_irq 11 high level)\n[    0.000000] Using ACPI (MADT) for SMP configuration information\n[    0.000000] ACPI: HPET id: 0x8086a201 base: 0xfed00000\n[    0.000000] SMP: Allowing 1 CPUs, 0 hotplug CPUs\n[    0.000000] PM: Registered nosave memory: 000000000009f000 - 00000000000a0000\n[    0.000000] PM: Registered nosave memory: 00000000000a0000 - 00000000000f0000\n[    0.000000] PM: Registered nosave memory: 00000000000f0000 - 0000000000100000\n[    0.000000] Allocating PCI resources starting at 4000000 (gap: 4000000:fbfc0000)\n[    0.000000] Booting paravirtualized kernel on bare hardware\n[    0.000000] setup_pe
2016-02-22 00:16:02,934 27941 DEBUG    [tempest.scenario.manager] Console output for 25231b87-e951-4561-ab13-605930fae7c8
body=
[    0.000000] Initializing cgroup subsys cpuset
[    0.000000] Initializing cgroup subsys cpu
[    0.000000] Linux version 3.2.0-80-virtual (buildd@batsu) (gcc version 4.6.3 (Ubuntu/Linaro 4.6.3-1ubuntu5) ) #116-Ubuntu SMP Mon Mar 23 17:28:52 UTC 2015 (Ubuntu 3.2.0-80.116-virtual 3.2.68)
[    0.000000] Command line: root=/dev/vda console=tty0 console=ttyS0 no_timer_check
[    0.000000] KERNEL supported cpus:
[    0.000000]   Intel GenuineIntel
[    0.000000]   AMD AuthenticAMD
[    0.000000]   Centaur CentaurHauls
[    0.000000] BIOS-provided physical RAM map:
[    0.000000]  BIOS-e820: 0000000000000000 - 000000000009fc00 (usable)
[    0.000000]  BIOS-e820: 000000000009fc00 - 00000000000a0000 (reserved)
[    0.000000]  BIOS-e820: 00000000000f0000 - 0000000000100000 (reserved)
[    0.000000]  BIOS-e820: 0000000000100000 - 0000000003ffe000 (usable)
[    0.000000]  BIOS-e820: 0000000003ffe000 - 0000000004000000 (reserved)
[    0.000000]  BIOS-e820: 00000000fffc0000 - 0000000100000000 (reserved)
[    0.000000] NX (Execute Disable) protection: active
[    0.000000] SMBIOS 2.4 present.
[    0.000000] No AGP bridge found
[    0.000000] last_pfn = 0x3ffe max_arch_pfn = 0x400000000
[    0.000000] x86 PAT enabled: cpu 0, old 0x7040600070406, new 0x7010600070106
[    0.000000] found SMP MP-table at [ffff8800000f0b00] f0b00
[    0.000000] init_memory_mapping: 0000000000000000-0000000003ffe000
[    0.000000] RAMDISK: 03c5e000 - 03ff0000
[    0.000000] ACPI: RSDP 00000000000f0950 00014 (v00 BOCHS )
[    0.000000] ACPI: RSDT 0000000003fffbc1 00034 (v01 BOCHS  BXPCRSDT 00000001 BXPC 00000001)
[    0.000000] ACPI: FACP 0000000003fff1c0 00074 (v01 BOCHS  BXPCFACP 00000001 BXPC 00000001)
[    0.000000] ACPI: DSDT 0000000003ffe040 01180 (v01 BOCHS  BXPCDSDT 00000001 BXPC 00000001)
[    0.000000] ACPI: FACS 0000000003ffe000 00040
[    0.000000] ACPI: SSDT 0000000003fff234 008DD (v01 BOCHS  BXPCSSDT 00000001 BXPC 00000001)
[    0.000000] ACPI: APIC 0000000003fffb11 00078 (v01 BOCHS  BXPCAPIC 00000001 BXPC 00000001)
[    0.000000] ACPI: HPET 0000000003fffb89 00038 (v01 BOCHS  BXPCHPET 00000001 BXPC 00000001)
[    0.000000] No NUMA configuration found
[    0.000000] Faking a node at 0000000000000000-0000000003ffe000
[    0.000000] Initmem setup node 0 0000000000000000-0000000003ffe000
[    0.000000]   NODE_DATA [0000000003ff6000 - 0000000003ffafff]
[    0.000000] Zone PFN ranges:
[    0.000000]   DMA      0x00000010 -&gt; 0x00001000
[    0.000000]   DMA32    0x00001000 -&gt; 0x00100000
[    0.000000]   Normal   empty
[    0.000000] Movable zone start PFN for each node
[    0.000000] early_node_map[2] active PFN ranges
[    0.000000]     0: 0x00000010 -&gt; 0x0000009f
[    0.000000]     0: 0x00000100 -&gt; 0x00003ffe
[    0.000000] ACPI: PM-Timer IO Port: 0xb008
[    0.000000] ACPI: LAPIC (acpi_id[0x00] lapic_id[0x00] enabled)
[    0.000000] ACPI: LAPIC_NMI (acpi_id[0xff] dfl dfl lint[0x1])
[    0.000000] ACPI: IOAPIC (id[0x00] address[0xfec00000] gsi_base[0])
[    0.000000] IOAPIC[0]: apic_id 0, version 17, address 0xfec00000, GSI 0-23
[    0.000000] ACPI: INT_SRC_OVR (bus 0 bus_irq 0 global_irq 2 dfl dfl)
[    0.000000] ACPI: INT_SRC_OVR (bus 0 bus_irq 5 global_irq 5 high level)
[    0.000000] ACPI: INT_SRC_OVR (bus 0 bus_irq 9 global_irq 9 high level)
[    0.000000] ACPI: INT_SRC_OVR (bus 0 bus_irq 10 global_irq 10 high level)
[    0.000000] ACPI: INT_SRC_OVR (bus 0 bus_irq 11 global_irq 11 high level)
[    0.000000] Using ACPI (MADT) for SMP configuration information
[    0.000000] ACPI: HPET id: 0x8086a201 base: 0xfed00000
[    0.000000] SMP: Allowing 1 CPUs, 0 hotplug CPUs
[    0.000000] PM: Registered nosave memory: 000000000009f000 - 00000000000a0000
[    0.000000] PM: Registered nosave memory: 00000000000a0000 - 00000000000f0000
[    0.000000] PM: Registered nosave memory: 00000000000f0000 - 0000000000100000
[    0.000000] Allocating PCI resources starting at 4000000 (gap: 4000000:fbfc0000)
[    0.000000] Booting paravirtualized kernel on bare hardware
[    0.000000] setup_percpu: NR_CPUS:64 nr_cpumask_bits:64 nr_cpu_ids:1 nr_node_ids:1
[    0.000000] PERCPU: Embedded 27 pages/cpu @ffff880003a00000 s78848 r8192 d23552 u2097152
[    0.000000] Built 1 zonelists in Node order, mobility grouping on.  Total pages: 16008
[    0.000000] Policy zone: DMA32
[    0.000000] Kernel command line: root=/dev/vda console=tty0 console=ttyS0 no_timer_check
[    0.000000] PID hash table entries: 256 (order: -1, 2048 bytes)
[    0.000000] Checking aperture...
[    0.000000] No AGP bridge found
[    0.000000] Memory: 43492k/65528k available (6576k kernel code, 452k absent, 21584k reserved, 6620k data, 928k init)
[    0.000000] SLUB: Genslabs=15, HWalign=64, Order=0-3, MinObjects=0, CPUs=1, Nodes=1
[    0.000000] Hierarchical RCU implementation.
[    0.000000] 	RCU dyntick-idle grace-period acceleration is enabled.
[    0.000000] NR_IRQS:4352 nr_irqs:256 16
[    0.000000] Console: colour VGA+ 80x25
[    0.000000] console [tty0] enabled
[    0.000000] console [ttyS0] enabled
[    0.000000] allocated 1048576 bytes of page_cgroup
[    0.000000] please try 'cgroup_disable=memory' option if you don't want memory cgroups
[    0.000000] Fast TSC calibration failed
[    0.000000] TSC: Unable to calibrate against PIT
[    0.000000] TSC: using HPET reference calibration
[    0.000000] Detected 2290.468 MHz processor.
[    0.032728] Calibrating delay loop (skipped), value calculated using timer frequency.. 4580.93 BogoMIPS (lpj=9161872)
[    0.034582] pid_max: default: 32768 minimum: 301
[    0.043361] Security Framework initialized
[    0.048339] AppArmor: AppArmor initialized
[    0.049056] Yama: becoming mindful.
[    0.056557] Dentry cache hash table entries: 8192 (order: 4, 65536 bytes)
[    0.058066] Inode-cache hash table entries: 4096 (order: 3, 32768 bytes)
[    0.060834] Mount-cache hash table entries: 256
[    0.081648] Initializing cgroup subsys cpuacct
[    0.082837] Initializing cgroup subsys memory
[    0.085342] Initializing cgroup subsys devices
[    0.086335] Initializing cgroup subsys freezer
[    0.088212] Initializing cgroup subsys blkio
[    0.089144] Initializing cgroup subsys perf_event
[    0.096863] mce: CPU supports 10 MCE banks
[    0.102417] SMP alternatives: switching to UP code
[    0.549899] Freeing SMP alternatives: 24k freed
[    0.552506] ACPI: Core revision 20110623
[    0.612250] ftrace: allocating 26610 entries in 105 pages
[    0.654965] ..TIMER: vector=0x30 apic1=0 pin1=2 apic2=-1 pin2=-1
[    0.656144] CPU0: AMD QEMU Virtual CPU version 2.0.0 stepping 03
[    0.660040] Performance Events: Broken PMU hardware detected, using software events only.
[    0.673675] NMI watchdog disabled (cpu0): hardware events not enabled
[    0.676286] Brought up 1 CPUs
[    0.677125] Total of 1 processors activated (4580.93 BogoMIPS).
[    0.701646] devtmpfs: initialized
[    0.741829] EVM: security.selinux
[    0.742378] EVM: security.SMACK64
[    0.742878] EVM: security.capability
[    0.765371] print_constraints: dummy: 
[    0.768007] RTC time:  0:14:00, date: 02/22/16
[    0.769908] NET: Registered protocol family 16
[    0.778350] ACPI: bus type pci registered
[    0.782007] PCI: Using configuration type 1 for base access
[    0.813136] bio: create slab &lt;bio-0&gt; at 0
[    0.817980] ACPI: Added _OSI(Module Device)
[    0.818559] ACPI: Added _OSI(Processor Device)
[    0.819085] ACPI: Added _OSI(3.0 _SCP Extensions)
[    0.820116] ACPI: Added _OSI(Processor Aggregator Device)
[    0.898529] ACPI: Interpreter enabled
[    0.899782] ACPI: (supports S0 S3 S4 S5)
[    0.901963] ACPI: Using IOAPIC for interrupt routing
[    0.990621] ACPI: No dock devices found.
[    0.992251] HEST: Table not found.
[    0.992831] PCI: Using host bridge windows from ACPI; if necessary, use "pci=nocrs" and report a bug
[    0.998603] ACPI: PCI Root Bridge [PCI0] (domain 0000 [bus 00-ff])
[    1.007053] pci_root PNP0A03:00: host bridge window [io  0x0000-0x0cf7]
[    1.008158] pci_root PNP0A03:00: host bridge window [io  0x0d00-0xadff]
[    1.009065] pci_root PNP0A03:00: host bridge window [io  0xae0f-0xaeff]
[    1.010120] pci_root PNP0A03:00: host bridge window [io  0xaf20-0xafdf]
[    1.010930] pci_root PNP0A03:00: host bridge window [io  0xafe4-0xffff]
[    1.012184] pci_root PNP0A03:00: host bridge window [mem 0x000a0000-0x000bffff]
[    1.013288] pci_root PNP0A03:00: host bridge window [mem 0x04000000-0xfebfffff]
[    1.034757] pci 0000:00:01.3: quirk: [io  0xb000-0xb03f] claimed by PIIX4 ACPI
[    1.036190] pci 0000:00:01.3: quirk: [io  0xb100-0xb10f] claimed by PIIX4 SMB
[    1.112717]  pci0000:00: Unable to request _OSC control (_OSC support mask: 0x1e)
[    1.193769] ACPI: PCI Interrupt Link [LNKA] (IRQs 5 *10 11)
[    1.197769] ACPI: PCI Interrupt Link [LNKB] (IRQs 5 *10 11)
[    1.201523] ACPI: PCI Interrupt Link [LNKC] (IRQs 5 10 *11)
[    1.204507] ACPI: PCI Interrupt Link [LNKD] (IRQs 5 10 *11)
[    1.206779] ACPI: PCI Interrupt Link [LNKS] (IRQs *9)
[    1.218315] vgaarb: device added: PCI:0000:00:02.0,decodes=io+mem,owns=io+mem,locks=none
[    1.220259] vgaarb: loaded
[    1.220872] vgaarb: bridge control possible 0000:00:02.0
[    1.225153] i2c-core: driver [aat2870] using legacy suspend method
[    1.225869] i2c-core: driver [aat2870] using legacy resume method
[    1.229404] SCSI subsystem initialized
[    1.233071] usbcore: registered new interface driver usbfs
[    1.234486] usbcore: registered new interface driver hub
[    1.236203] usbcore: registered new device driver usb
[    1.240578] PCI: Using ACPI for IRQ routing
[    1.253812] NetLabel: Initializing
[    1.254694] NetLabel:  domain hash size = 128
[    1.256144] NetLabel:  protocols = UNLABELED CIPSOv4
[    1.258699] NetLabel:  unlabeled traffic allowed by default
[    1.262424] HPET: 3 timers in total, 0 timers will be used for per-cpu timer
[    1.264638] hpet0: at MMIO 0xfed00000, IRQs 2, 8, 0
[    1.266303] hpet0: 3 comparators, 64-bit 100.000000 MHz counter
[    1.281622] Switching to clocksource hpet
[    1.571082] AppArmor: AppArmor Filesystem Enabled
[    1.573480] pnp: PnP ACPI init
[    1.574123] ACPI: bus type pnp registered
[    1.595313] pnp: PnP ACPI: found 9 devices
[    1.596049] ACPI: ACPI bus type pnp unregistered
[    1.659391] NET: Registered protocol family 2
[    1.694765] IP route cache hash table entries: 512 (order: 0, 4096 bytes)
[    1.703339] TCP established hash table entries: 2048 (order: 3, 32768 bytes)
[    1.705720] TCP bind hash table entries: 2048 (order: 3, 32768 bytes)
[    1.706696] TCP: Hash tables configured (established 2048 bind 2048)
[    1.707469] TCP reno registered
[    1.708058] UDP hash table entries: 128 (order: 0, 4096 bytes)
[    1.709636] UDP-Lite hash table entries: 128 (order: 0, 4096 bytes)
[    1.712953] NET: Registered protocol family 1
[    1.713788] pci 0000:00:00.0: Limiting direct PCI/PCI transfers
[    1.714823] pci 0000:00:01.0: PIIX3: Enabling Passive Release
[    1.715747] pci 0000:00:01.0: Activating ISA DMA hang workarounds
[    1.721370] ACPI: PCI Interrupt Link [LNKD] enabled at IRQ 11
[    1.722354] pci 0000:00:01.2: PCI INT D -&gt; Link[LNKD] -&gt; GSI 11 (level, high) -&gt; IRQ 11
[    1.724677] pci 0000:00:01.2: PCI INT D disabled
[    1.743278] Trying to unpack rootfs image as initramfs...
[    1.760104] audit: initializing netlink socket (disabled)
[    1.762870] type=2000 audit(1456100040.760:1): initialized
[    2.102482] HugeTLB registered 2 MB page size, pre-allocated 0 pages
[    2.192433] VFS: Disk quotas dquot_6.5.2
[    2.194711] Dquot-cache hash table entries: 512 (order 0, 4096 bytes)
[    2.235530] fuse init (API version 7.17)
[    2.239373] msgmni has been set to 84
[    2.275131] Block layer SCSI generic (bsg) driver version 0.4 loaded (major 253)
[    2.277792] io scheduler noop registered
[    2.278531] io scheduler deadline registered (default)
[    2.279632] io scheduler cfq registered
[    2.283713] pci_hotplug: PCI Hot Plug PCI Core version: 0.5
[    2.286331] pciehp: PCI Express Hot Plug Controller Driver version: 0.4
[    2.291996] input: Power Button as /devices/LNXSYSTM:00/LNXPWRBN:00/input/input0
[    2.294240] ACPI: Power Button [PWRF]
[    2.346068] ERST: Table is not found!
[    2.346941] GHES: HEST is not enabled!
[    2.359220] ACPI: PCI Interrupt Link [LNKC] enabled at IRQ 10
[    2.361579] virtio-pci 0000:00:03.0: PCI INT A -&gt; Link[LNKC] -&gt; GSI 10 (level, high) -&gt; IRQ 10
[    2.368065] virtio-pci 0000:00:04.0: PCI INT A -&gt; Link[LNKD] -&gt; GSI 11 (level, high) -&gt; IRQ 11
[    2.391860] ACPI: PCI Interrupt Link [LNKA] enabled at IRQ 10
[    2.394068] virtio-pci 0000:00:05.0: PCI INT A -&gt; Link[LNKA] -&gt; GSI 10 (level, high) -&gt; IRQ 10
[    2.413212] Serial: 8250/16550 driver, 32 ports, IRQ sharing enabled
[    2.461641] serial8250: ttyS0 at I/O 0x3f8 (irq = 4) is a 16550A
[    2.551857] serial8250: ttyS1 at I/O 0x2f8 (irq = 3) is a 16550A
[    2.695669] 00:05: ttyS0 at I/O 0x3f8 (irq = 4) is a 16550A
[    2.729507] Refined TSC clocksource calibration: 2290.487 MHz.
[    2.730370] Switching to clocksource tsc
[    2.782213] 00:06: ttyS1 at I/O 0x2f8 (irq = 3) is a 16550A
[    2.835608] Linux agpgart interface v0.103
[    2.897024] brd: module loaded
[    2.926267] loop: module loaded
[    2.982389]  vda: unknown partition table
[    3.029260] scsi0 : ata_piix
[    3.031575] scsi1 : ata_piix
[    3.033644] ata1: PATA max MWDMA2 cmd 0x1f0 ctl 0x3f6 bmdma 0xc0a0 irq 14
[    3.034614] ata2: PATA max MWDMA2 cmd 0x170 ctl 0x376 bmdma 0xc0a8 irq 15
[    3.045113] Fixed MDIO Bus: probed
[    3.045939] tun: Universal TUN/TAP device driver, 1.6
[    3.046666] tun: (C) 1999-2004 Max Krasnyansky &lt;maxk@qualcomm.com&gt;
[    3.063385] PPP generic driver version 2.4.2
[    3.085639] ehci_hcd: USB 2.0 'Enhanced' Host Controller (EHCI) Driver
[    3.086710] ohci_hcd: USB 1.1 'Open' Host Controller (OHCI) Driver
[    3.087671] uhci_hcd: USB Universal Host Controller Interface driver
[    3.089513] uhci_hcd 0000:00:01.2: PCI INT D -&gt; Link[LNKD] -&gt; GSI 11 (level, high) -&gt; IRQ 11
[    3.091995] uhci_hcd 0000:00:01.2: UHCI Host Controller
[    3.101876] uhci_hcd 0000:00:01.2: new USB bus registered, assigned bus number 1
[    3.104056] uhci_hcd 0000:00:01.2: irq 11, io base 0x0000c040
[    3.140369] hub 1-0:1.0: USB hub found
[    3.142668] hub 1-0:1.0: 2 ports detected
[    3.153324] usbcore: registered new interface driver libusual
[    3.157345] i8042: PNP: PS/2 Controller [PNP0303:KBD,PNP0f13:MOU] at 0x60,0x64 irq 1,12
[    3.168092] serio: i8042 KBD port at 0x60,0x64 irq 1
[    3.170227] serio: i8042 AUX port at 0x60,0x64 irq 12
[    3.218329] mousedev: PS/2 mouse device common for all mice
[    3.231874] input: AT Translated Set 2 keyboard as /devices/platform/i8042/serio0/input/input1
[    3.246677] rtc_cmos 00:01: RTC can wake from S4
[    3.264647] rtc_cmos 00:01: rtc core: registered rtc_cmos as rtc0
[    3.268074] rtc0: alarms up to one day, 114 bytes nvram, hpet irqs
[    3.272164] device-mapper: uevent: version 1.0.3
[    3.282523] ata2.01: ATAPI: QEMU DVD-ROM, 2.0.0, max UDMA/100
[    3.300906] ata2.01: configured for MWDMA2
[    3.320652] device-mapper: ioctl: 4.22.0-ioctl (2011-10-19) initialised: dm-devel@redhat.com
[    3.323387] cpuidle: using governor ladder
[    3.324085] cpuidle: using governor menu
[    3.326581] EFI Variables Facility v0.08 2004-May-17
[    3.334871] TCP cubic registered
[    3.339915] NET: Registered protocol family 10
[    3.367272] NET: Registered protocol family 17
[    3.369606] Registering the dns_resolver key type
[    3.384658] scsi 1:0:1:0: CD-ROM            QEMU     QEMU DVD-ROM     2.0. PQ: 0 ANSI: 5
[    3.409190] sr0: scsi3-mmc drive: 4x/4x cd/rw xa/form2 tray
[    3.410946] cdrom: Uniform CD-ROM driver Revision: 3.20
[    3.451457] sr 1:0:1:0: Attached scsi generic sg0 type 5
[    3.495512] registered taskstats version 1
[    3.554985] Freeing initrd memory: 3656k freed
[    4.088663]   Magic number: 4:791:203
[    4.100004] rtc_cmos 00:01: setting system clock to 2016-02-22 00:14:04 UTC (1456100044)
[    4.103205] powernow-k8: Processor cpuid 663 not supported
[    4.117072] BIOS EDD facility v0.16 2004-Jun-25, 0 devices found
[    4.118821] EDD information not available.
[    4.201059] Freeing unused kernel memory: 928k freed
[    4.207548] Write protecting the kernel read-only data: 12288k
[    4.322331] Freeing unused kernel memory: 1596k freed
[    4.401207] Freeing unused kernel memory: 1184k freed

info: initramfs: up at 4.59
modprobe: module virtio_blk not found in modules.dep
modprobe: module virtio_net not found in modules.dep
info: copying initramfs to /dev/vda
info: initramfs loading root from /dev/vda
info: /etc/init.d/rc.sysinit: up at 9.27
info: container: none
Starting logging: OK
modprobe: module virtio_blk not found in modules.dep
modprobe: module virtio_net not found in modules.dep
WARN: /etc/rc3.d/S10-load-modules failed
Initializing random number generator... done.
Starting acpid: OK
cirros-ds 'local' up at 11.81
found datasource (configdrive, local)
Starting network...
udhcpc (v1.20.1) started
Sending discover...
Sending discover...

2016-02-22 00:16:03,399 27941 INFO     [tempest_lib.common.rest_client] Request (TestNetworkAdvancedServerOps:_run_cleanups): 204 DELETE http://10.4.1.3:9696/v2.0/floatingips/28adeb27-023d-4d3c-98e2-f90f884bf62f 0.460s
2016-02-22 00:16:03,399 27941 DEBUG    [tempest_lib.common.rest_client] Request - Headers: {'Content-Type': 'application/json', 'Accept': 'application/json', 'X-Auth-Token': '&lt;omitted&gt;'}
        Body: None
    Response - Headers: {'date': 'Mon, 22 Feb 2016 00:16:03 GMT', 'status': '204', 'connection': 'close', 'content-length': '0', 'x-openstack-request-id': 'req-aea2071a-64bc-4fd2-b64b-2879735b1013'}
        Body: 
2016-02-22 00:16:03,867 27941 INFO     [tempest_lib.common.rest_client] Request (TestNetworkAdvancedServerOps:_run_cleanups): 204 DELETE http://10.4.1.3:8774/v2.1/ff10985f74d841a29e7d9a45d4d6097a/servers/25231b87-e951-4561-ab13-605930fae7c8 0.466s
2016-02-22 00:16:03,868 27941 DEBUG    [tempest_lib.common.rest_client] Request - Headers: {'Content-Type': 'application/json', 'Accept': 'application/json', 'X-Auth-Token': '&lt;omitted&gt;'}
        Body: None
    Response - Headers: {'status': '204', 'content-length': '0', 'x-compute-request-id': 'req-6f50d93b-3811-4e1e-a2eb-9b7f74851027', 'vary': 'X-OpenStack-Nova-API-Version', 'connection': 'close', 'x-openstack-nova-api-version': '2.1', 'date': 'Mon, 22 Feb 2016 00:16:03 GMT', 'content-type': 'application/json'}
        Body: 
2016-02-22 00:16:04,578 27941 INFO     [tempest_lib.common.rest_client] Request (TestNetworkAdvancedServerOps:_run_cleanups): 200 GET http://10.4.1.3:8774/v2.1/ff10985f74d841a29e7d9a45d4d6097a/servers/25231b87-e951-4561-ab13-605930fae7c8 0.708s
2016-02-22 00:16:04,578 27941 DEBUG    [tempest_lib.common.rest_client] Request - Headers: {'Content-Type': 'application/json', 'Accept': 'application/json', 'X-Auth-Token': '&lt;omitted&gt;'}
        Body: None
    Response - Headers: {'status': '200', 'content-length': '1769', 'content-location': 'http://10.4.1.3:8774/v2.1/ff10985f74d841a29e7d9a45d4d6097a/servers/25231b87-e951-4561-ab13-605930fae7c8', 'x-compute-request-id': 'req-f96fe225-21e8-4736-9b1a-041cfe43f811', 'vary': 'X-OpenStack-Nova-API-Version', 'connection': 'close', 'x-openstack-nova-api-version': '2.1', 'date': 'Mon, 22 Feb 2016 00:16:04 GMT', 'content-type': 'application/json'}
        Body: {"server": {"status": "ACTIVE", "updated": "2016-02-22T00:16:03Z", "hostId": "fe168bb21fdf80b3bad973ac5613e09aedc0a4bdf84c9153552343f7", "addresses": {"tempest-network-smoke--1456806247": [{"OS-EXT-IPS-MAC:mac_addr": "fa:16:3e:82:c2:40", "version": 4, "addr": "10.100.0.3", "OS-EXT-IPS:type": "fixed"}, {"OS-EXT-IPS-MAC:mac_addr": "fa:16:3e:82:c2:40", "version": 4, "addr": "172.24.4.4", "OS-EXT-IPS:type": "floating"}]}, "links": [{"href": "http://10.4.1.3:8774/v2.1/ff10985f74d841a29e7d9a45d4d6097a/servers/25231b87-e951-4561-ab13-605930fae7c8", "rel": "self"}, {"href": "http://10.4.1.3:8774/ff10985f74d841a29e7d9a45d4d6097a/servers/25231b87-e951-4561-ab13-605930fae7c8", "rel": "bookmark"}], "key_name": "tempest-TestNetworkAdvancedServerOps-64253979", "image": {"id": "c03e83ab-7b2f-48c6-8be6-465193c366bb", "links": [{"href": "http://10.4.1.3:8774/ff10985f74d841a29e7d9a45d4d6097a/images/c03e83ab-7b2f-48c6-8be6-465193c366bb", "rel": "bookmark"}]}, "OS-EXT-STS:task_state": "deleting", "OS-EXT-STS:vm_state": "active", "OS-SRV-USG:launched_at": "2016-02-22T00:13:56.000000", "flavor": {"id": "42", "links": [{"href": "http://10.4.1.3:8774/ff10985f74d841a29e7d9a45d4d6097a/flavors/42", "rel": "bookmark"}]}, "id": "25231b87-e951-4561-ab13-605930fae7c8", "security_groups": [{"name": "tempest-secgroup-smoke-1796634537"}], "OS-SRV-USG:terminated_at": null, "OS-EXT-AZ:availability_zone": "nova", "user_id": "623b5247fd7943c0bf15654a6834eb06", "name": "tempest-server-smoke-1741490299", "created": "2016-02-22T00:13:50Z", "tenant_id": "ff10985f74d841a29e7d9a45d4d6097a", "OS-DCF:diskConfig": "MANUAL", "os-extended-volumes:volumes_attached": [], "accessIPv4": "", "accessIPv6": "", "progress": 0, "OS-EXT-STS:power_state": 1, "config_drive": "True", "metadata": {}}}
2016-02-22 00:16:06,154 27941 INFO     [tempest_lib.common.rest_client] Request (TestNetworkAdvancedServerOps:_run_cleanups): 200 GET http://10.4.1.3:8774/v2.1/ff10985f74d841a29e7d9a45d4d6097a/servers/25231b87-e951-4561-ab13-605930fae7c8 0.556s
2016-02-22 00:16:06,155 27941 DEBUG    [tempest_lib.common.rest_client] Request - Headers: {'Content-Type': 'application/json', 'Accept': 'application/json', 'X-Auth-Token': '&lt;omitted&gt;'}
        Body: None
    Response - Headers: {'status': '200', 'content-length': '1438', 'content-location': 'http://10.4.1.3:8774/v2.1/ff10985f74d841a29e7d9a45d4d6097a/servers/25231b87-e951-4561-ab13-605930fae7c8', 'x-compute-request-id': 'req-24bbd525-267b-427f-8a2e-d6c23a3f883b', 'vary': 'X-OpenStack-Nova-API-Version', 'connection': 'close', 'x-openstack-nova-api-version': '2.1', 'date': 'Mon, 22 Feb 2016 00:16:06 GMT', 'content-type': 'application/json'}
        Body: {"server": {"status": "DELETED", "updated": "2016-02-22T00:16:05Z", "hostId": "fe168bb21fdf80b3bad973ac5613e09aedc0a4bdf84c9153552343f7", "addresses": {}, "links": [{"href": "http://10.4.1.3:8774/v2.1/ff10985f74d841a29e7d9a45d4d6097a/servers/25231b87-e951-4561-ab13-605930fae7c8", "rel": "self"}, {"href": "http://10.4.1.3:8774/ff10985f74d841a29e7d9a45d4d6097a/servers/25231b87-e951-4561-ab13-605930fae7c8", "rel": "bookmark"}], "key_name": "tempest-TestNetworkAdvancedServerOps-64253979", "image": {"id": "c03e83ab-7b2f-48c6-8be6-465193c366bb", "links": [{"href": "http://10.4.1.3:8774/ff10985f74d841a29e7d9a45d4d6097a/images/c03e83ab-7b2f-48c6-8be6-465193c366bb", "rel": "bookmark"}]}, "OS-EXT-STS:task_state": null, "OS-EXT-STS:vm_state": "deleted", "OS-SRV-USG:launched_at": "2016-02-22T00:13:56.000000", "flavor": {"id": "42", "links": [{"href": "http://10.4.1.3:8774/ff10985f74d841a29e7d9a45d4d6097a/flavors/42", "rel": "bookmark"}]}, "id": "25231b87-e951-4561-ab13-605930fae7c8", "OS-SRV-USG:terminated_at": "2016-02-22T00:16:05.000000", "OS-EXT-AZ:availability_zone": "nova", "user_id": "623b5247fd7943c0bf15654a6834eb06", "name": "tempest-server-smoke-1741490299", "created": "2016-02-22T00:13:50Z", "tenant_id": "ff10985f74d841a29e7d9a45d4d6097a", "OS-DCF:diskConfig": "MANUAL", "os-extended-volumes:volumes_attached": [], "accessIPv4": "", "accessIPv6": "", "OS-EXT-STS:power_state": 0, "config_drive": "True", "metadata": {}}}
2016-02-22 00:16:07,455 27941 INFO     [tempest_lib.common.rest_client] Request (TestNetworkAdvancedServerOps:_run_cleanups): 404 GET http://10.4.1.3:8774/v2.1/ff10985f74d841a29e7d9a45d4d6097a/servers/25231b87-e951-4561-ab13-605930fae7c8 0.289s
2016-02-22 00:16:07,456 27941 DEBUG    [tempest_lib.common.rest_client] Request - Headers: {'Content-Type': 'application/json', 'Accept': 'application/json', 'X-Auth-Token': '&lt;omitted&gt;'}
        Body: None
    Response - Headers: {'status': '404', 'content-length': '111', 'x-compute-request-id': 'req-5f20303e-7f46-4807-be24-b075d18d2209', 'vary': 'X-OpenStack-Nova-API-Version', 'connection': 'close', 'x-openstack-nova-api-version': '2.1', 'date': 'Mon, 22 Feb 2016 00:16:07 GMT', 'content-type': 'application/json; charset=UTF-8'}
        Body: {"itemNotFound": {"message": "Instance 25231b87-e951-4561-ab13-605930fae7c8 could not be found.", "code": 404}}
2016-02-22 00:16:08,090 27941 INFO     [tempest_lib.common.rest_client] Request (TestNetworkAdvancedServerOps:_run_cleanups): 500 PUT http://10.4.1.3:9696/v2.0/routers/31968c38-de60-4f56-be52-b260e2d01d27/remove_router_interface 0.632s
2016-02-22 00:16:08,090 27941 DEBUG    [tempest_lib.common.rest_client] Request - Headers: {'Content-Type': 'application/json', 'Accept': 'application/json', 'X-Auth-Token': '&lt;omitted&gt;'}
        Body: {"subnet_id": "7efaadf2-7487-4fec-9b5c-63749366de39"}
    Response - Headers: {'status': '500', 'content-length': '150', 'connection': 'close', 'date': 'Mon, 22 Feb 2016 00:16:08 GMT', 'content-type': 'application/json; charset=UTF-8', 'x-openstack-request-id': 'req-cd38ea92-f667-4531-9afd-5ac2b84f64ce'}
        Body: {"NeutronError": {"message": "Request Failed: internal server error while processing your request.", "type": "HTTPInternalServerError", "detail": ""}}
2016-02-22 00:16:08,337 27941 INFO     [tempest_lib.common.rest_client] Request (TestNetworkAdvancedServerOps:_run_cleanups): 200 GET http://10.4.1.3:9696/v2.0/routers/31968c38-de60-4f56-be52-b260e2d01d27 0.244s
2016-02-22 00:16:08,338 27941 DEBUG    [tempest_lib.common.rest_client] Request - Headers: {'Content-Type': 'application/json', 'Accept': 'application/json', 'X-Auth-Token': '&lt;omitted&gt;'}
        Body: None
    Response - Headers: {'status': '200', 'content-length': '500', 'content-location': 'http://10.4.1.3:9696/v2.0/routers/31968c38-de60-4f56-be52-b260e2d01d27', 'connection': 'close', 'date': 'Mon, 22 Feb 2016 00:16:08 GMT', 'content-type': 'application/json; charset=UTF-8', 'x-openstack-request-id': 'req-92fcfcd5-3540-48ac-81d6-2a8b159902b1'}
        Body: {"router": {"status": "ACTIVE", "external_gateway_info": {"network_id": "7aacee9e-edae-4a18-bbdf-c21a214c69c7", "enable_snat": true, "external_fixed_ips": [{"subnet_id": "59362001-102f-47ff-9b88-c547020af602", "ip_address": "172.24.4.3"}, {"subnet_id": "5fe1b917-47ce-4288-999f-ec95d67593a4", "ip_address": "2001:db8::4"}]}, "name": "tempest-router-smoke-445692641", "admin_state_up": true, "tenant_id": "ff10985f74d841a29e7d9a45d4d6097a", "routes": [], "id": "31968c38-de60-4f56-be52-b260e2d01d27"}}
2016-02-22 00:16:09,001 27941 INFO     [tempest_lib.common.rest_client] Request (TestNetworkAdvancedServerOps:_run_cleanups): 200 PUT http://10.4.1.3:9696/v2.0/routers/31968c38-de60-4f56-be52-b260e2d01d27 0.663s
2016-02-22 00:16:09,002 27941 DEBUG    [tempest_lib.common.rest_client] Request - Headers: {'Content-Type': 'application/json', 'Accept': 'application/json', 'X-Auth-Token': '&lt;omitted&gt;'}
        Body: {"router": {"external_gateway_info": {}, "name": "tempest-router-smoke-445692641", "admin_state_up": true}}
    Response - Headers: {'status': '200', 'content-length': '238', 'connection': 'close', 'date': 'Mon, 22 Feb 2016 00:16:09 GMT', 'content-type': 'application/json; charset=UTF-8', 'x-openstack-request-id': 'req-81a84017-259d-4891-86a0-08c856d46b19'}
        Body: {"router": {"status": "ACTIVE", "external_gateway_info": null, "name": "tempest-router-smoke-445692641", "admin_state_up": true, "tenant_id": "ff10985f74d841a29e7d9a45d4d6097a", "routes": [], "id": "31968c38-de60-4f56-be52-b260e2d01d27"}}
2016-02-22 00:16:09,389 27941 INFO     [tempest_lib.common.rest_client] Request (TestNetworkAdvancedServerOps:_run_cleanups): 500 DELETE http://10.4.1.3:9696/v2.0/routers/31968c38-de60-4f56-be52-b260e2d01d27 0.387s
2016-02-22 00:16:09,390 27941 DEBUG    [tempest_lib.common.rest_client] Request - Headers: {'Content-Type': 'application/json', 'Accept': 'application/json', 'X-Auth-Token': '&lt;omitted&gt;'}
        Body: None
    Response - Headers: {'status': '500', 'content-length': '150', 'connection': 'close', 'date': 'Mon, 22 Feb 2016 00:16:09 GMT', 'content-type': 'application/json; charset=UTF-8', 'x-openstack-request-id': 'req-5003b2bc-5d56-4b9f-8d61-cb6b4f5a4d7e'}
        Body: {"NeutronError": {"message": "Request Failed: internal server error while processing your request.", "type": "HTTPInternalServerError", "detail": ""}}
2016-02-22 00:16:10,095 27941 INFO     [tempest_lib.common.rest_client] Request (TestNetworkAdvancedServerOps:_run_cleanups): 204 DELETE http://10.4.1.3:9696/v2.0/networks/bf1bf3cb-c39e-4143-baad-09d452917222 0.704s
2016-02-22 00:16:10,096 27941 DEBUG    [tempest_lib.common.rest_client] Request - Headers: {'Content-Type': 'application/json', 'Accept': 'application/json', 'X-Auth-Token': '&lt;omitted&gt;'}
        Body: None
    Response - Headers: {'date': 'Mon, 22 Feb 2016 00:16:10 GMT', 'status': '204', 'connection': 'close', 'content-length': '0', 'x-openstack-request-id': 'req-b00c3bb4-1233-40d4-911c-7a358e54c0d6'}
        Body: 
2016-02-22 00:16:10,391 27941 INFO     [tempest_lib.common.rest_client] Request (TestNetworkAdvancedServerOps:_run_cleanups): 204 DELETE http://10.4.1.3:9696/v2.0/security-groups/1708e77f-ea52-4808-9bec-ef693ccfa235 0.294s
2016-02-22 00:16:10,391 27941 DEBUG    [tempest_lib.common.rest_client] Request - Headers: {'Content-Type': 'application/json', 'Accept': 'application/json', 'X-Auth-Token': '&lt;omitted&gt;'}
        Body: None
    Response - Headers: {'date': 'Mon, 22 Feb 2016 00:16:10 GMT', 'status': '204', 'connection': 'close', 'content-length': '0', 'x-openstack-request-id': 'req-b4532747-90da-4e44-bee6-4ff7ca6651bc'}
        Body: 
2016-02-22 00:16:10,608 27941 INFO     [tempest_lib.common.rest_client] Request (TestNetworkAdvancedServerOps:_run_cleanups): 202 DELETE http://10.4.1.3:8774/v2.1/ff10985f74d841a29e7d9a45d4d6097a/os-keypairs/tempest-TestNetworkAdvancedServerOps-64253979 0.216s
2016-02-22 00:16:10,609 27941 DEBUG    [tempest_lib.common.rest_client] Request - Headers: {'Content-Type': 'application/json', 'Accept': 'application/json', 'X-Auth-Token': '&lt;omitted&gt;'}
        Body: None
    Response - Headers: {'status': '202', 'content-length': '0', 'x-compute-request-id': 'req-7ddd15c1-30d2-4a9c-9790-5673a6897fa6', 'vary': 'X-OpenStack-Nova-API-Version', 'connection': 'close', 'x-openstack-nova-api-version': '2.1', 'date': 'Mon, 22 Feb 2016 00:16:10 GMT', 'content-type': 'application/json'}
        Body: 
2016-02-22 00:16:10,916 27941 INFO     [tempest_lib.common.rest_client] Request (TestNetworkAdvancedServerOps:_run_cleanups): 404 GET http://10.4.1.3:8774/v2.1/ff10985f74d841a29e7d9a45d4d6097a/servers/25231b87-e951-4561-ab13-605930fae7c8 0.306s
2016-02-22 00:16:10,917 27941 DEBUG    [tempest_lib.common.rest_client] Request - Headers: {'Content-Type': 'application/json', 'Accept': 'application/json', 'X-Auth-Token': '&lt;omitted&gt;'}
        Body: None
    Response - Headers: {'status': '404', 'content-length': '111', 'x-compute-request-id': 'req-17a9fda2-e945-4d88-9c13-2bc3a828d88f', 'vary': 'X-OpenStack-Nova-API-Version', 'connection': 'close', 'x-openstack-nova-api-version': '2.1', 'date': 'Mon, 22 Feb 2016 00:16:10 GMT', 'content-type': 'application/json; charset=UTF-8'}
        Body: {"itemNotFound": {"message": "Instance 25231b87-e951-4561-ab13-605930fae7c8 could not be found.", "code": 404}}
}}}

traceback-1: {{{
Traceback (most recent call last):
  File "tempest/scenario/manager.py", line 108, in delete_wrapper
    delete_thing(*args, **kwargs)
  File "tempest/services/network/resources.py", line 98, in delete
    subnet_id=self.id)
  File "tempest/services/network/json/network_client.py", line 199, in remove_router_interface
    return self.update_resource(uri, kwargs)
  File "tempest/services/network/json/base.py", line 68, in update_resource
    resp, body = self.put(req_uri, req_post_data)
  File "/usr/local/lib/python2.7/dist-packages/tempest_lib/common/rest_client.py", line 322, in put
    return self.request('PUT', url, extra_headers, headers, body)
  File "/usr/local/lib/python2.7/dist-packages/tempest_lib/common/rest_client.py", line 642, in request
    resp, resp_body)
  File "/usr/local/lib/python2.7/dist-packages/tempest_lib/common/rest_client.py", line 761, in _error_checker
    message=message)
tempest_lib.exceptions.ServerFault: Got server fault
Details: Request Failed: internal server error while processing your request.
}}}

traceback-2: {{{
Traceback (most recent call last):
  File "tempest/scenario/manager.py", line 108, in delete_wrapper
    delete_thing(*args, **kwargs)
  File "tempest/services/network/resources.py", line 119, in delete
    self.client.delete_router(self.id)
  File "tempest/services/network/json/network_client.py", line 169, in delete_router
    return self.delete_resource(uri)
  File "tempest/services/network/json/base.py", line 41, in delete_resource
    resp, body = self.delete(req_uri)
  File "/usr/local/lib/python2.7/dist-packages/tempest_lib/common/rest_client.py", line 290, in delete
    return self.request('DELETE', url, extra_headers, headers, body)
  File "/usr/local/lib/python2.7/dist-packages/tempest_lib/common/rest_client.py", line 642, in request
    resp, resp_body)
  File "/usr/local/lib/python2.7/dist-packages/tempest_lib/common/rest_client.py", line 761, in _error_checker
    message=message)
tempest_lib.exceptions.ServerFault: Got server fault
Details: Request Failed: internal server error while processing your request.
}}}

Traceback (most recent call last):
  File "tempest/test.py", line 113, in wrapper
    return f(self, *func_args, **func_kwargs)
  File "tempest/scenario/test_network_advanced_server_ops.py", line 132, in test_server_connectivity_pause_unpause
    server, keypair, floating_ip = self._setup_network_and_servers()
  File "tempest/scenario/test_network_advanced_server_ops.py", line 69, in _setup_network_and_servers
    server, keypair, floating_ip)
  File "tempest/scenario/test_network_advanced_server_ops.py", line 93, in _wait_server_status_and_check_network_connectivity
    self._check_network_connectivity(server, keypair, floating_ip)
  File "tempest/scenario/test_network_advanced_server_ops.py", line 86, in _check_network_connectivity
    servers=[server])
  File "tempest/scenario/manager.py", line 598, in check_public_network_connectivity
    should_connect=should_connect)
  File "tempest/scenario/manager.py", line 582, in check_vm_connectivity
    msg=msg)
  File "/usr/local/lib/python2.7/dist-packages/unittest2/case.py", line 702, in assertTrue
    raise self.failureException(msg)
AssertionError: False is not true : Timed out waiting for 172.24.4.4 to become reachable



        </pre>
    </div>
    <!--css div popup end-->

    </td>
</tr>

<tr id='ft1.2' class='none'>
    <td class='failCase'><div class='testcase'>test_server_connectivity_reboot[compute,id-7b6860c2-afa3-4846-9522-adeb38dfbe08,network]</div></td>
    <td colspan='7' align='left'>

    <!--css div popup start-->
    <a class="popup_link" onfocus='this.blur();'
    href="javascript:showTestDetail('div_ft1.2')" >
        fail</a>

    <div id='div_ft1.2' class="popup_window">
        <div style='text-align: right; color:red;cursor:pointer'>
        <a onfocus='this.blur();'
onclick="document.getElementById('div_ft1.2').style.display = 'none' " >
           [x]</a>
        </div>
        <pre>
        
ft1.2: tempest.scenario.test_network_advanced_server_ops.TestNetworkAdvancedServerOps.test_server_connectivity_reboot[compute,id-7b6860c2-afa3-4846-9522-adeb38dfbe08,network]_StringException: Empty attachments:
  stderr
  stdout

pythonlogging:'': {{{
2016-02-22 00:16:11,300 27941 INFO     [tempest_lib.common.rest_client] Request (TestNetworkAdvancedServerOps:test_server_connectivity_reboot): 200 POST http://10.4.1.3:8774/v2.1/ff10985f74d841a29e7d9a45d4d6097a/os-keypairs 0.357s
2016-02-22 00:16:11,300 27941 DEBUG    [tempest_lib.common.rest_client] Request - Headers: {'Content-Type': 'application/json', 'Accept': 'application/json', 'X-Auth-Token': '&lt;omitted&gt;'}
        Body: {"keypair": {"name": "tempest-TestNetworkAdvancedServerOps-132376112"}}
    Response - Headers: {'status': '200', 'content-length': '2329', 'x-compute-request-id': 'req-6210435e-5787-4b95-b6b8-39a5a7df5921', 'vary': 'X-OpenStack-Nova-API-Version', 'connection': 'close', 'x-openstack-nova-api-version': '2.1', 'date': 'Mon, 22 Feb 2016 00:16:11 GMT', 'content-type': 'application/json'}
