<?xml version="1.0" encoding="UTF-8"?>
<!DOCTYPE html PUBLIC "-//W3C//DTD XHTML 1.0 Strict//EN"
     "http://www.w3.org/TR/xhtml1/DTD/xhtml1-strict.dtd">
<html xmlns="http://www.w3.org/1999/xhtml">
<head>
    <title>Unit Test Report</title>
    <meta name="generator" content="subunit2html 0.1"/>
    <meta http-equiv="Content-Type" content="text/html; charset=UTF-8"/>
    
<style type="text/css" media="screen">
body        { font-family: verdana, arial, helvetica, sans-serif;
    font-size: 80%; }
table       { font-size: 100%; width: 100%;}
pre         { font-size: 80%; }

/* -- heading -------------------------------------------------------------- */
h1 {
        font-size: 16pt;
        color: gray;
}
.heading {
    margin-top: 0ex;
    margin-bottom: 1ex;
}

.heading .attribute {
    margin-top: 1ex;
    margin-bottom: 0;
}

.heading .description {
    margin-top: 4ex;
    margin-bottom: 6ex;
}

/* -- css div popup -------------------------------------------------------- */
a.popup_link {
}

a.popup_link:hover {
    color: red;
}

.popup_window {
    display: none;
    overflow-x: scroll;
    /*border: solid #627173 1px; */
    padding: 10px;
    background-color: #E6E6D6;
    font-family: "Ubuntu Mono", "Lucida Console", "Courier New", monospace;
    text-align: left;
    font-size: 8pt;
}

}
/* -- report --------------------------------------------------------------- */
#show_detail_line {
    margin-top: 3ex;
    margin-bottom: 1ex;
}
#result_table {
    width: 100%;
    border-collapse: collapse;
    border: 1px solid #777;
}
#header_row {
    font-weight: bold;
    color: white;
    background-color: #777;
}
#result_table td {
    border: 1px solid #777;
    padding: 2px;
}
#total_row  { font-weight: bold; }
.passClass  { background-color: #6c6; }
.failClass  { background-color: #c60; }
.errorClass { background-color: #c00; }
.passCase   { color: #6c6; }
.failCase   { color: #c60; font-weight: bold; }
.errorCase  { color: #c00; font-weight: bold; }
.hiddenRow  { display: none; }
.testcase   { margin-left: 2em; }
td.testname {width: 40%}
td.small {width: 40px}

/* -- ending --------------------------------------------------------------- */
#ending {
}

</style>

</head>
<body>
<script language="javascript" type="text/javascript"><!--
output_list = Array();

/* level - 0:Summary; 1:Failed; 2:All */
function showCase(level) {
    trs = document.getElementsByTagName("tr");
    for (var i = 0; i < trs.length; i++) {
        tr = trs[i];
        id = tr.id;
        if (id.substr(0,2) == 'ft') {
            if (level < 1) {
                tr.className = 'hiddenRow';
            }
            else {
                tr.className = '';
            }
        }
        if (id.substr(0,2) == 'pt') {
            if (level > 1) {
                tr.className = '';
            }
            else {
                tr.className = 'hiddenRow';
            }
        }
    }
}


function showClassDetail(cid, count) {
    var id_list = Array(count);
    var toHide = 1;
    for (var i = 0; i < count; i++) {
        tid0 = 't' + cid.substr(1) + '.' + (i+1);
        tid = 'f' + tid0;
        tr = document.getElementById(tid);
        if (!tr) {
            tid = 'p' + tid0;
            tr = document.getElementById(tid);
        }
        id_list[i] = tid;
        if (tr.className) {
            toHide = 0;
        }
    }
    for (var i = 0; i < count; i++) {
        tid = id_list[i];
        if (toHide) {
            document.getElementById('div_'+tid).style.display = 'none'
            document.getElementById(tid).className = 'hiddenRow';
        }
        else {
            document.getElementById(tid).className = '';
        }
    }
}


function showTestDetail(div_id){
    var details_div = document.getElementById(div_id)
    var displayState = details_div.style.display
    // alert(displayState)
    if (displayState != 'block' ) {
        displayState = 'block'
        details_div.style.display = 'block'
    }
    else {
        details_div.style.display = 'none'
    }
}


function html_escape(s) {
    s = s.replace(/&/g,'&amp;');
    s = s.replace(/</g,'&lt;');
    s = s.replace(/>/g,'&gt;');
    return s;
}

/* obsoleted by detail in <div>
function showOutput(id, name) {
    var w = window.open("", //url
                    name,
                    "resizable,scrollbars,status,width=800,height=450");
    d = w.document;
    d.write("<pre>");
    d.write(html_escape(output_list[id]));
    d.write("\n");
    d.write("<a href='javascript:window.close()'>close</a>\n");
    d.write("</pre>\n");
    d.close();
}
*/
--></script>

<div class='heading'>
<h1>Unit Test Report</h1>

<p class='attribute'><strong>Status:</strong> Failure 6</p>

<p class='description'></p>
</div>



<p id='show_detail_line'>Show
<a href='javascript:showCase(0)'>Summary</a>
<a href='javascript:showCase(1)'>Failed</a>
<a href='javascript:showCase(2)'>All</a>
</p>
<table id='result_table'>
<colgroup>
<col align='left' />
<col align='right' />
<col align='right' />
<col align='right' />
<col align='right' />
<col align='right' />
<col align='right' />
<col align='right' />
</colgroup>
<tr id='header_row'>
    <td>Test Group/Test case</td>
    <td>Count</td>
    <td>Pass</td>
    <td>Fail</td>
    <td>Error</td>
    <td>Skip</td>
    <td>View</td>
    <td> </td>
</tr>

<tr class='failClass'>
    <td class="testname">tempest.scenario.test_network_advanced_server_ops.TestNetworkAdvancedServerOps</td>
    <td class="small">6</td>
    <td class="small">0</td>
    <td class="small">6</td>
    <td class="small">0</td>
    <td class="small">0</td>
    <td class="small"><a href="javascript:showClassDetail('c1',6)"
>Detail</a></td>
    <td> </td>
</tr>

<tr id='ft1.1' class='none'>
    <td class='failCase'><div class='testcase'>test_server_connectivity_pause_unpause[compute,id-2b2642db-6568-4b35-b812-eceed3fa20ce,network]</div></td>
    <td colspan='7' align='left'>

    <!--css div popup start-->
    <a class="popup_link" onfocus='this.blur();'
    href="javascript:showTestDetail('div_ft1.1')" >
        fail</a>

    <div id='div_ft1.1' class="popup_window">
        <div style='text-align: right; color:red;cursor:pointer'>
        <a onfocus='this.blur();'
onclick="document.getElementById('div_ft1.1').style.display = 'none' " >
           [x]</a>
        </div>
        <pre>
        
ft1.1: tempest.scenario.test_network_advanced_server_ops.TestNetworkAdvancedServerOps.test_server_connectivity_pause_unpause[compute,id-2b2642db-6568-4b35-b812-eceed3fa20ce,network]_StringException: Empty attachments:
  stderr
  stdout

pythonlogging:'': {{{
2016-02-16 17:46:57,378 19171 INFO     [tempest_lib.common.rest_client] Request (TestNetworkAdvancedServerOps:test_server_connectivity_pause_unpause): 200 POST http://10.4.1.3:8774/v2.1/17214a34020646d3ad374564e0c7dfc4/os-keypairs 0.750s
2016-02-16 17:46:57,379 19171 DEBUG    [tempest_lib.common.rest_client] Request - Headers: {'Content-Type': 'application/json', 'Accept': 'application/json', 'X-Auth-Token': '&lt;omitted&gt;'}
        Body: {"keypair": {"name": "tempest-TestNetworkAdvancedServerOps-1114886605"}}
    Response - Headers: {'status': '200', 'content-length': '2330', 'x-compute-request-id': 'req-22a07950-4378-431c-9fb8-9ccc181995bc', 'vary': 'X-OpenStack-Nova-API-Version', 'connection': 'close', 'x-openstack-nova-api-version': '2.1', 'date': 'Tue, 16 Feb 2016 17:46:57 GMT', 'content-type': 'application/json'}
        Body: {"keypair": {"public_key": "ssh-rsa AAAAB3NzaC1yc2EAAAADAQABAAABAQCqsl3YPrTJf5iY47AM0lVxX/v2MSP7F2C59QgSwc/u4IiWpz67YNOFGzFwSDo4fQTcLc9zCItJLRQg++L3PSdx8W5UNr8rrQynrIyDiYEv8Pb7xq1CXruOOHWRa0WMMecDXDy38LM3b+F5geLexMdSEt5rP8iLkadXNvGCRemYEmMbdsB0ehjcq9pMDggcuCqJhtLenR1KOP1NHu1MwfCETKbnMsi3EsYJDaVDkNj+SXVo3wvGOTT0rYvzqK66XGZuVQdrIQms3bb1wuLKo1xIEpx2JY2c8pwDMLYt3U2bb+IaQqAVyDK3e2pHAKUZjh8K+SaN3v7MEQFbxeJbVHnf Generated-by-Nova", "private_key": "-----BEGIN RSA PRIVATE KEY-----\nMIIEqAIBAAKCAQEAqrJd2D60yX+YmOOwDNJVcV/79jEj+xdgufUIEsHP7uCIlqc+\nu2DThRsxcEg6OH0E3C3PcwiLSS0UIPvi9z0ncfFuVDa/K60Mp6yMg4mBL/D2+8at\nQl67jjh1kWtFjDHnA1w8t/CzN2/heYHi3sTHUhLeaz/Ii5GnVzbxgkXpmBJjG3bA\ndHoY3KvaTA4IHLgqiYbS3p0dSjj9TR7tTMHwhEym5zLItxLGCQ2lQ5DY/kl1aN8L\nxjk09K2L86iuulxmblUHayEJrN229cLiyqNcSBKcdiWNnPKcAzC2Ld1Nm2/iGkKg\nFcgyt3tqRwClGY4fCvkmjd7+zBEBW8XiW1R53wIDAQABAoIBAACdW9EniKchGn+S\nclPZfg1GdzXPv31r/CEvTLQklocZr+Q6/fLWymw0SN1KpUsGyDmywIh9g2LkEqp7\nvbl+MuIqKGeNOusBWIZSDL98g0aU647EjGMszCga8/FuHXX/yAEvF9jhuQN+F6XE\nXfjHZKBbCQoB1MsL3zplLEF31vuBM/BcBaqo2WjTOjgzSdTAlZOhTXSRl/q8CkRu\nWSH7lcsGJwq3miHfMEV/hwbZv78X6X/hUPWQOCQhX3SflomvJxFQIffIMteFotpf\nh0zkG2IRRkOnjCxY2uqK07GWG26Z2ecVHTvMlyWREtYe9lwr7aYzSoe8lrV93Yt1\ny3fdbUECggCBAMfw+vV15+YUtf0qHmplDYdClywuXTIUMn8Ot1SQwhLh2C/7Zny0\nhL4ROAK9QpSKwlBxTIeB0piEhq3i7l7B35P+Y52Gak5SgHoDpXoBPuO3l7TVMEWi\nSn336hZdSdRhL2x/GjLjJ7spn8f05KoHS3uTscHbM1Hx8oxaKO3JXjPHAoIAgQDa\njlKLVvXrioYWKPpt8crSxft9m5YalXY4TxfMcXVC8J2dB02LfvPXfo+kSLfswf/+\nJD8qXSgEMcOFHsg9PBPe8vrfI3LNAxDmJ/A0Q4biriPD6MFmd18nYCoqNsIZAHP7\nGg4Mv9WtnvmR1qqlOyr378AXppwBYAEhILPQDtJZKQKCAIAb0HVJAl8BTe5HSr2y\ndV5da7EWD1kdp1ui+0wbsoudDtgBTMrkHES/ICwXjXaerXL8t9Y6n5/JYd5OgFxC\nyFuu/dujxVgyjx2aW7mAcH3sNdUf7exqM3qDbaKd+9pSdjaftErTu3AChHba3UGW\nOa+RgGlhG3pXMv5X8g7xjWrSbwKCAIEAhRII4jwlaa+jKpTyvcRtqN3Q3U7BGxiL\nrYdCx0EBk6trW/PZXCkFEN1HWlDIY8hPNI8fQo0L01n1YPU4GEifFK0+4GP1/ytx\nu6DvmPLQiu5aamsqblgaQKBFrARBM/XZqDbZ/RtEX/0emZRpvEcFR4bbn8ray9+H\ncIM32GNd4dkCggCAXdVBjoseiBEtYgU0CnSg1iUq460YBF99TTKtmP56fyPbGPDX\nof1U9ALOah0hA+9KVQ3lMpWr8EKjgOBAqQ9i8sVitpIwPycC/s9RzH1yoqTv4uxv\nUGl4VNLvsVPZPriMcUGCPwnJDO5vJxqhURNNGerbAJZ1kEPSrsmj5fIOIFU=\n-----END RSA PRIVATE KEY-----\n", "user_id": "df814b66412b4eff9c8d25c5b2b19d20", "name": "tempest-TestNetworkAdvancedServerOps-1114886605", "fingerprint": "ac:e6:63:41:98:20:63:51:f7:4c:b4:eb:e7:ec:25:65"}}
2016-02-16 17:46:57,818 19171 INFO     [tempest_lib.common.rest_client] Request (TestNetworkAdvancedServerOps:test_server_connectivity_pause_unpause): 201 POST http://10.4.1.3:9696/v2.0/security-groups 0.433s
2016-02-16 17:46:57,819 19171 DEBUG    [tempest_lib.common.rest_client] Request - Headers: {'Content-Type': 'application/json', 'Accept': 'application/json', 'X-Auth-Token': '&lt;omitted&gt;'}
        Body: {"security_group": {"tenant_id": "17214a34020646d3ad374564e0c7dfc4", "description": "tempest-secgroup-smoke-458816198 description", "name": "tempest-secgroup-smoke-458816198"}}
    Response - Headers: {'status': '201', 'content-length': '886', 'connection': 'close', 'date': 'Tue, 16 Feb 2016 17:46:57 GMT', 'content-type': 'application/json; charset=UTF-8', 'x-openstack-request-id': 'req-e3fcc7fd-1d90-433d-97f9-9b05a4616f2a'}
        Body: {"security_group": {"tenant_id": "17214a34020646d3ad374564e0c7dfc4", "description": "tempest-secgroup-smoke-458816198 description", "id": "39b930fa-7edc-444f-bb0c-d450aec6625f", "security_group_rules": [{"remote_group_id": null, "direction": "egress", "remote_ip_prefix": null, "protocol": null, "ethertype": "IPv4", "tenant_id": "17214a34020646d3ad374564e0c7dfc4", "port_range_max": null, "port_range_min": null, "id": "1bfe2479-f321-417d-b5ec-1dab1e355fc3", "security_group_id": "39b930fa-7edc-444f-bb0c-d450aec6625f"}, {"remote_group_id": null, "direction": "egress", "remote_ip_prefix": null, "protocol": null, "ethertype": "IPv6", "tenant_id": "17214a34020646d3ad374564e0c7dfc4", "port_range_max": null, "port_range_min": null, "id": "464964a4-eb39-4e8b-8295-b819867e2f7b", "security_group_id": "39b930fa-7edc-444f-bb0c-d450aec6625f"}], "name": "tempest-secgroup-smoke-458816198"}}
2016-02-16 17:46:58,142 19171 INFO     [tempest_lib.common.rest_client] Request (TestNetworkAdvancedServerOps:test_server_connectivity_pause_unpause): 201 POST http://10.4.1.3:9696/v2.0/security-group-rules 0.321s
2016-02-16 17:46:58,143 19171 DEBUG    [tempest_lib.common.rest_client] Request - Headers: {'Content-Type': 'application/json', 'Accept': 'application/json', 'X-Auth-Token': '&lt;omitted&gt;'}
        Body: {"security_group_rule": {"direction": "ingress", "protocol": "tcp", "tenant_id": "17214a34020646d3ad374564e0c7dfc4", "port_range_max": 22, "security_group_id": "39b930fa-7edc-444f-bb0c-d450aec6625f", "port_range_min": 22}}
    Response - Headers: {'status': '201', 'content-length': '340', 'connection': 'close', 'date': 'Tue, 16 Feb 2016 17:46:58 GMT', 'content-type': 'application/json; charset=UTF-8', 'x-openstack-request-id': 'req-f7550d84-99a9-464b-98a9-ad25cacad103'}
        Body: {"security_group_rule": {"remote_group_id": null, "direction": "ingress", "remote_ip_prefix": null, "protocol": "tcp", "ethertype": "IPv4", "tenant_id": "17214a34020646d3ad374564e0c7dfc4", "port_range_max": 22, "port_range_min": 22, "id": "1eb9e8ee-e59c-4f38-af92-5adcc18a2bbc", "security_group_id": "39b930fa-7edc-444f-bb0c-d450aec6625f"}}
2016-02-16 17:46:58,473 19171 INFO     [tempest_lib.common.rest_client] Request (TestNetworkAdvancedServerOps:test_server_connectivity_pause_unpause): 201 POST http://10.4.1.3:9696/v2.0/security-group-rules 0.329s
2016-02-16 17:46:58,474 19171 DEBUG    [tempest_lib.common.rest_client] Request - Headers: {'Content-Type': 'application/json', 'Accept': 'application/json', 'X-Auth-Token': '&lt;omitted&gt;'}
        Body: {"security_group_rule": {"direction": "egress", "protocol": "tcp", "tenant_id": "17214a34020646d3ad374564e0c7dfc4", "port_range_max": 22, "security_group_id": "39b930fa-7edc-444f-bb0c-d450aec6625f", "port_range_min": 22}}
    Response - Headers: {'status': '201', 'content-length': '339', 'connection': 'close', 'date': 'Tue, 16 Feb 2016 17:46:58 GMT', 'content-type': 'application/json; charset=UTF-8', 'x-openstack-request-id': 'req-fbf7d2c0-8df8-425b-b14b-266d652c6956'}
        Body: {"security_group_rule": {"remote_group_id": null, "direction": "egress", "remote_ip_prefix": null, "protocol": "tcp", "ethertype": "IPv4", "tenant_id": "17214a34020646d3ad374564e0c7dfc4", "port_range_max": 22, "port_range_min": 22, "id": "88630564-ad0a-48b1-9845-7917b4f022f3", "security_group_id": "39b930fa-7edc-444f-bb0c-d450aec6625f"}}
2016-02-16 17:46:58,788 19171 INFO     [tempest_lib.common.rest_client] Request (TestNetworkAdvancedServerOps:test_server_connectivity_pause_unpause): 201 POST http://10.4.1.3:9696/v2.0/security-group-rules 0.313s
2016-02-16 17:46:58,789 19171 DEBUG    [tempest_lib.common.rest_client] Request - Headers: {'Content-Type': 'application/json', 'Accept': 'application/json', 'X-Auth-Token': '&lt;omitted&gt;'}
        Body: {"security_group_rule": {"tenant_id": "17214a34020646d3ad374564e0c7dfc4", "direction": "ingress", "protocol": "icmp", "security_group_id": "39b930fa-7edc-444f-bb0c-d450aec6625f"}}
    Response - Headers: {'status': '201', 'content-length': '345', 'connection': 'close', 'date': 'Tue, 16 Feb 2016 17:46:58 GMT', 'content-type': 'application/json; charset=UTF-8', 'x-openstack-request-id': 'req-495974e4-65c3-4d35-b675-21c52adc6f42'}
        Body: {"security_group_rule": {"remote_group_id": null, "direction": "ingress", "remote_ip_prefix": null, "protocol": "icmp", "ethertype": "IPv4", "tenant_id": "17214a34020646d3ad374564e0c7dfc4", "port_range_max": null, "port_range_min": null, "id": "3b591a1d-d7c4-4db8-a4e9-d652299cb299", "security_group_id": "39b930fa-7edc-444f-bb0c-d450aec6625f"}}
2016-02-16 17:46:59,109 19171 INFO     [tempest_lib.common.rest_client] Request (TestNetworkAdvancedServerOps:test_server_connectivity_pause_unpause): 201 POST http://10.4.1.3:9696/v2.0/security-group-rules 0.318s
2016-02-16 17:46:59,109 19171 DEBUG    [tempest_lib.common.rest_client] Request - Headers: {'Content-Type': 'application/json', 'Accept': 'application/json', 'X-Auth-Token': '&lt;omitted&gt;'}
        Body: {"security_group_rule": {"tenant_id": "17214a34020646d3ad374564e0c7dfc4", "direction": "egress", "protocol": "icmp", "security_group_id": "39b930fa-7edc-444f-bb0c-d450aec6625f"}}
    Response - Headers: {'status': '201', 'content-length': '344', 'connection': 'close', 'date': 'Tue, 16 Feb 2016 17:46:59 GMT', 'content-type': 'application/json; charset=UTF-8', 'x-openstack-request-id': 'req-795fa3e2-567b-4492-be50-f500135ae4d5'}
        Body: {"security_group_rule": {"remote_group_id": null, "direction": "egress", "remote_ip_prefix": null, "protocol": "icmp", "ethertype": "IPv4", "tenant_id": "17214a34020646d3ad374564e0c7dfc4", "port_range_max": null, "port_range_min": null, "id": "2f92c2ce-3e68-4e22-aaef-35285b2d90da", "security_group_id": "39b930fa-7edc-444f-bb0c-d450aec6625f"}}
2016-02-16 17:46:59,373 19171 INFO     [tempest_lib.common.rest_client] Request (TestNetworkAdvancedServerOps:test_server_connectivity_pause_unpause): 201 POST http://10.4.1.3:9696/v2.0/security-group-rules 0.262s
2016-02-16 17:46:59,374 19171 DEBUG    [tempest_lib.common.rest_client] Request - Headers: {'Content-Type': 'application/json', 'Accept': 'application/json', 'X-Auth-Token': '&lt;omitted&gt;'}
        Body: {"security_group_rule": {"tenant_id": "17214a34020646d3ad374564e0c7dfc4", "direction": "ingress", "security_group_id": "39b930fa-7edc-444f-bb0c-d450aec6625f", "protocol": "icmp", "ethertype": "IPv6"}}
    Response - Headers: {'status': '201', 'content-length': '345', 'connection': 'close', 'date': 'Tue, 16 Feb 2016 17:46:59 GMT', 'content-type': 'application/json; charset=UTF-8', 'x-openstack-request-id': 'req-2d428ab5-e32f-416c-93a3-84c8c06d1116'}
        Body: {"security_group_rule": {"remote_group_id": null, "direction": "ingress", "remote_ip_prefix": null, "protocol": "icmp", "ethertype": "IPv6", "tenant_id": "17214a34020646d3ad374564e0c7dfc4", "port_range_max": null, "port_range_min": null, "id": "92dd4dcb-af5b-4e70-95fc-c72dc6528b79", "security_group_id": "39b930fa-7edc-444f-bb0c-d450aec6625f"}}
2016-02-16 17:46:59,678 19171 INFO     [tempest_lib.common.rest_client] Request (TestNetworkAdvancedServerOps:test_server_connectivity_pause_unpause): 201 POST http://10.4.1.3:9696/v2.0/security-group-rules 0.303s
2016-02-16 17:46:59,678 19171 DEBUG    [tempest_lib.common.rest_client] Request - Headers: {'Content-Type': 'application/json', 'Accept': 'application/json', 'X-Auth-Token': '&lt;omitted&gt;'}
        Body: {"security_group_rule": {"tenant_id": "17214a34020646d3ad374564e0c7dfc4", "direction": "egress", "security_group_id": "39b930fa-7edc-444f-bb0c-d450aec6625f", "protocol": "icmp", "ethertype": "IPv6"}}
    Response - Headers: {'status': '201', 'content-length': '344', 'connection': 'close', 'date': 'Tue, 16 Feb 2016 17:46:59 GMT', 'content-type': 'application/json; charset=UTF-8', 'x-openstack-request-id': 'req-88f3dabf-eea2-46fa-8a1e-574f33b08132'}
        Body: {"security_group_rule": {"remote_group_id": null, "direction": "egress", "remote_ip_prefix": null, "protocol": "icmp", "ethertype": "IPv6", "tenant_id": "17214a34020646d3ad374564e0c7dfc4", "port_range_max": null, "port_range_min": null, "id": "0f3f1787-5ee5-456b-91cf-aaec532993de", "security_group_id": "39b930fa-7edc-444f-bb0c-d450aec6625f"}}
2016-02-16 17:47:00,192 19171 INFO     [tempest_lib.common.rest_client] Request (TestNetworkAdvancedServerOps:test_server_connectivity_pause_unpause): 201 POST http://10.4.1.3:9696/v2.0/networks 0.512s
2016-02-16 17:47:00,192 19171 DEBUG    [tempest_lib.common.rest_client] Request - Headers: {'Content-Type': 'application/json', 'Accept': 'application/json', 'X-Auth-Token': '&lt;omitted&gt;'}
        Body: {"network": {"tenant_id": "17214a34020646d3ad374564e0c7dfc4", "name": "tempest-network-smoke--926034828"}}
    Response - Headers: {'status': '201', 'content-length': '355', 'connection': 'close', 'date': 'Tue, 16 Feb 2016 17:47:00 GMT', 'content-type': 'application/json; charset=UTF-8', 'x-openstack-request-id': 'req-1204241c-5387-4a2a-9cbe-7bbd138c68b2'}
        Body: {"network": {"status": "ACTIVE", "subnets": [], "availability_zone_hints": [], "availability_zones": [], "name": "tempest-network-smoke--926034828", "admin_state_up": true, "tenant_id": "17214a34020646d3ad374564e0c7dfc4", "mtu": 1450, "router:external": false, "shared": false, "port_security_enabled": true, "id": "9ee16e5f-11da-428a-8601-11ea090aac04"}}
2016-02-16 17:47:00,460 19171 INFO     [tempest_lib.common.rest_client] Request (TestNetworkAdvancedServerOps:test_server_connectivity_pause_unpause): 201 POST http://10.4.1.3:9696/v2.0/routers 0.267s
2016-02-16 17:47:00,461 19171 DEBUG    [tempest_lib.common.rest_client] Request - Headers: {'Content-Type': 'application/json', 'Accept': 'application/json', 'X-Auth-Token': '&lt;omitted&gt;'}
        Body: {"router": {"tenant_id": "17214a34020646d3ad374564e0c7dfc4", "name": "tempest-router-smoke-542372303", "admin_state_up": true}}
    Response - Headers: {'status': '201', 'content-length': '238', 'connection': 'close', 'date': 'Tue, 16 Feb 2016 17:47:00 GMT', 'content-type': 'application/json; charset=UTF-8', 'x-openstack-request-id': 'req-857fcd9a-63d1-4980-8ca5-e6390fcdb2b1'}
        Body: {"router": {"status": "ACTIVE", "external_gateway_info": null, "name": "tempest-router-smoke-542372303", "admin_state_up": true, "tenant_id": "17214a34020646d3ad374564e0c7dfc4", "routes": [], "id": "70fd31cc-1c80-4f0d-b731-19e93d019317"}}
2016-02-16 17:47:00,702 19171 INFO     [tempest_lib.common.rest_client] Request (TestNetworkAdvancedServerOps:test_server_connectivity_pause_unpause): 200 GET http://10.4.1.3:9696/v2.0/routers/70fd31cc-1c80-4f0d-b731-19e93d019317 0.239s
2016-02-16 17:47:00,702 19171 DEBUG    [tempest_lib.common.rest_client] Request - Headers: {'Content-Type': 'application/json', 'Accept': 'application/json', 'X-Auth-Token': '&lt;omitted&gt;'}
        Body: None
    Response - Headers: {'status': '200', 'content-length': '238', 'content-location': 'http://10.4.1.3:9696/v2.0/routers/70fd31cc-1c80-4f0d-b731-19e93d019317', 'connection': 'close', 'date': 'Tue, 16 Feb 2016 17:47:00 GMT', 'content-type': 'application/json; charset=UTF-8', 'x-openstack-request-id': 'req-707cdd5e-6747-4a2d-8d7f-49defe67e6a7'}
        Body: {"router": {"status": "ACTIVE", "external_gateway_info": null, "name": "tempest-router-smoke-542372303", "admin_state_up": true, "tenant_id": "17214a34020646d3ad374564e0c7dfc4", "routes": [], "id": "70fd31cc-1c80-4f0d-b731-19e93d019317"}}
2016-02-16 17:47:01,508 19171 INFO     [tempest_lib.common.rest_client] Request (TestNetworkAdvancedServerOps:test_server_connectivity_pause_unpause): 200 PUT http://10.4.1.3:9696/v2.0/routers/70fd31cc-1c80-4f0d-b731-19e93d019317 0.804s
2016-02-16 17:47:01,508 19171 DEBUG    [tempest_lib.common.rest_client] Request - Headers: {'Content-Type': 'application/json', 'Accept': 'application/json', 'X-Auth-Token': '&lt;omitted&gt;'}
        Body: {"router": {"external_gateway_info": {"network_id": "95d5605c-b0d6-4313-80b5-70e3a80991d1"}, "name": "tempest-router-smoke-542372303", "admin_state_up": true}}
    Response - Headers: {'status': '200', 'content-length': '500', 'connection': 'close', 'date': 'Tue, 16 Feb 2016 17:47:01 GMT', 'content-type': 'application/json; charset=UTF-8', 'x-openstack-request-id': 'req-4be08915-4b5e-4303-bf17-df2e5805f2d9'}
        Body: {"router": {"status": "ACTIVE", "external_gateway_info": {"network_id": "95d5605c-b0d6-4313-80b5-70e3a80991d1", "enable_snat": true, "external_fixed_ips": [{"subnet_id": "f675fdfc-dacb-4adb-8860-67d3c30c8775", "ip_address": "172.24.4.3"}, {"subnet_id": "079692ad-768b-4e09-8d1a-1c52090e14e8", "ip_address": "2001:db8::3"}]}, "name": "tempest-router-smoke-542372303", "admin_state_up": true, "tenant_id": "17214a34020646d3ad374564e0c7dfc4", "routes": [], "id": "70fd31cc-1c80-4f0d-b731-19e93d019317"}}
2016-02-16 17:47:01,748 19171 INFO     [tempest_lib.common.rest_client] Request (TestNetworkAdvancedServerOps:test_server_connectivity_pause_unpause): 200 GET http://10.4.1.3:9696/v2.0/subnets?tenant_id=17214a34020646d3ad374564e0c7dfc4&amp;cidr=10.100.0.0%2F28 0.238s
2016-02-16 17:47:01,748 19171 DEBUG    [tempest_lib.common.rest_client] Request - Headers: {'Content-Type': 'application/json', 'Accept': 'application/json', 'X-Auth-Token': '&lt;omitted&gt;'}
        Body: None
    Response - Headers: {'status': '200', 'content-length': '15', 'content-location': 'http://10.4.1.3:9696/v2.0/subnets?tenant_id=17214a34020646d3ad374564e0c7dfc4&amp;cidr=10.100.0.0%2F28', 'connection': 'close', 'date': 'Tue, 16 Feb 2016 17:47:01 GMT', 'content-type': 'application/json; charset=UTF-8', 'x-openstack-request-id': 'req-cd0d8dd4-4055-433a-94eb-a60264bcb50b'}
        Body: {"subnets": []}
2016-02-16 17:47:02,322 19171 INFO     [tempest_lib.common.rest_client] Request (TestNetworkAdvancedServerOps:test_server_connectivity_pause_unpause): 201 POST http://10.4.1.3:9696/v2.0/subnets 0.572s
2016-02-16 17:47:02,322 19171 DEBUG    [tempest_lib.common.rest_client] Request - Headers: {'Content-Type': 'application/json', 'Accept': 'application/json', 'X-Auth-Token': '&lt;omitted&gt;'}
        Body: {"subnet": {"ip_version": 4, "tenant_id": "17214a34020646d3ad374564e0c7dfc4", "cidr": "10.100.0.0/28", "network_id": "9ee16e5f-11da-428a-8601-11ea090aac04", "name": "tempest-subnet-smoke-2054360094"}}
    Response - Headers: {'status': '201', 'content-length': '478', 'connection': 'close', 'date': 'Tue, 16 Feb 2016 17:47:02 GMT', 'content-type': 'application/json; charset=UTF-8', 'x-openstack-request-id': 'req-3e8b3a77-1b7c-415f-abf8-61f9a85e34b4'}
        Body: {"subnet": {"name": "tempest-subnet-smoke-2054360094", "enable_dhcp": true, "network_id": "9ee16e5f-11da-428a-8601-11ea090aac04", "tenant_id": "17214a34020646d3ad374564e0c7dfc4", "dns_nameservers": [], "gateway_ip": "10.100.0.1", "ipv6_ra_mode": null, "allocation_pools": [{"start": "10.100.0.2", "end": "10.100.0.14"}], "host_routes": [], "ip_version": 4, "ipv6_address_mode": null, "cidr": "10.100.0.0/28", "id": "db25d1d4-5631-4f29-9ddf-f3bbf1139c2a", "subnetpool_id": null}}
2016-02-16 17:47:03,164 19171 INFO     [tempest_lib.common.rest_client] Request (TestNetworkAdvancedServerOps:test_server_connectivity_pause_unpause): 200 PUT http://10.4.1.3:9696/v2.0/routers/70fd31cc-1c80-4f0d-b731-19e93d019317/add_router_interface 0.841s
2016-02-16 17:47:03,165 19171 DEBUG    [tempest_lib.common.rest_client] Request - Headers: {'Content-Type': 'application/json', 'Accept': 'application/json', 'X-Auth-Token': '&lt;omitted&gt;'}
        Body: {"subnet_id": "db25d1d4-5631-4f29-9ddf-f3bbf1139c2a"}
    Response - Headers: {'status': '200', 'content-length': '309', 'connection': 'close', 'date': 'Tue, 16 Feb 2016 17:47:03 GMT', 'content-type': 'application/json; charset=UTF-8', 'x-openstack-request-id': 'req-5bb53335-509a-4584-9767-23317d481cd5'}
        Body: {"network_id": "9ee16e5f-11da-428a-8601-11ea090aac04", "tenant_id": "17214a34020646d3ad374564e0c7dfc4", "subnet_id": "db25d1d4-5631-4f29-9ddf-f3bbf1139c2a", "subnet_ids": ["db25d1d4-5631-4f29-9ddf-f3bbf1139c2a"], "port_id": "150f2d46-7030-4b93-afc0-83ba92c9538a", "id": "70fd31cc-1c80-4f0d-b731-19e93d019317"}
2016-02-16 17:47:03,330 19171 INFO     [tempest_lib.common.rest_client] Request (TestNetworkAdvancedServerOps:test_server_connectivity_pause_unpause): 200 POST http://10.4.1.3:5000/v2.0/tokens
2016-02-16 17:47:03,330 19171 DEBUG    [tempest_lib.common.rest_client] Request - Headers: {'Content-Type': 'application/json', 'Accept': 'application/json'}
        Body: &lt;omitted&gt;
    Response - Headers: {'status': '200', 'content-length': '2296', 'vary': 'X-Auth-Token', 'server': 'Apache/2.4.7 (Ubuntu)', 'connection': 'close', 'date': 'Tue, 16 Feb 2016 17:47:03 GMT', 'content-type': 'application/json', 'x-openstack-request-id': 'req-52746c2b-4442-4331-8ba4-4cdfbe9e3415'}
        Body: {"access": {"token": {"issued_at": "2016-02-16T17:47:03.319382", "expires": "2016-02-16T18:47:03Z", "id": "a379e7ad2c704223a60535bca245657d", "tenant": {"description": "tempest-TestNetworkAdvancedServerOps-2073796059-desc", "enabled": true, "id": "17214a34020646d3ad374564e0c7dfc4", "name": "tempest-TestNetworkAdvancedServerOps-2073796059"}, "audit_ids": ["20InEJeFT3qOk72H0WJlBA"]}, "serviceCatalog": [{"endpoints": [{"adminURL": "http://10.4.1.3:9292", "region": "RegionOne", "internalURL": "http://10.4.1.3:9292", "id": "1ad900d1baa249bf97b3183cff3c65ca", "publicURL": "http://10.4.1.3:9292"}], "endpoints_links": [], "type": "image", "name": "glance"}, {"endpoints": [{"adminURL": "http://10.4.1.3:8774/v2.1/17214a34020646d3ad374564e0c7dfc4", "region": "RegionOne", "internalURL": "http://10.4.1.3:8774/v2.1/17214a34020646d3ad374564e0c7dfc4", "id": "1d4e04dca3f246e08a715aa4dbdf9c7b", "publicURL": "http://10.4.1.3:8774/v2.1/17214a34020646d3ad374564e0c7dfc4"}], "endpoints_links": [], "type": "compute", "name": "nova"}, {"endpoints": [{"adminURL": "http://10.4.1.3:9696/", "region": "RegionOne", "internalURL": "http://10.4.1.3:9696/", "id": "0f3c14954d4d45ddba316c65a4e8b414", "publicURL": "http://10.4.1.3:9696/"}], "endpoints_links": [], "type": "network", "name": "neutron"}, {"endpoints": [{"adminURL": "http://10.4.1.3:35357/v2.0", "region": "RegionOne", "internalURL": "http://10.4.1.3:5000/v2.0", "id": "4575c079187f40d2b63bfa24cfd589c6", "publicURL": "http://10.4.1.3:5000/v2.0"}], "endpoints_links": [], "type": "identity", "name": "keystone"}, {"endpoints": [{"adminURL": "http://10.4.1.3:8774/v2/17214a34020646d3ad374564e0c7dfc4", "region": "RegionOne", "internalURL": "http://10.4.1.3:8774/v2/17214a34020646d3ad374564e0c7dfc4", "id": "a828b239149846c78e58ddaa35f8d683", "publicURL": "http://10.4.1.3:8774/v2/17214a34020646d3ad374564e0c7dfc4"}], "endpoints_links": [], "type": "compute_legacy", "name": "nova_legacy"}], "user": {"username": "tempest-TestNetworkAdvancedServerOps-2013580679", "roles_links": [], "id": "df814b66412b4eff9c8d25c5b2b19d20", "roles": [{"name": "_member_"}, {"name": "Member"}], "name": "tempest-TestNetworkAdvancedServerOps-2013580679"}, "metadata": {"is_admin": 0, "roles": ["9fe2ff9ee4384b1894a90878d3e92bab", "a273519a467f44aeb9ad68ab6a14dadc"]}}}
2016-02-16 17:47:03,338 19171 DEBUG    [tempest.common.fixed_network] (TestNetworkAdvancedServerOps:test_server_connectivity_pause_unpause) No valid network provided or created, defaulting to fixed_network_name
2016-02-16 17:47:03,785 19171 INFO     [tempest_lib.common.rest_client] Request (TestNetworkAdvancedServerOps:test_server_connectivity_pause_unpause): 200 GET http://10.4.1.3:8774/v2.1/17214a34020646d3ad374564e0c7dfc4/os-networks 0.445s
2016-02-16 17:47:03,785 19171 DEBUG    [tempest_lib.common.rest_client] Request - Headers: {'Content-Type': 'application/json', 'Accept': 'application/json', 'X-Auth-Token': '&lt;omitted&gt;'}
        Body: None
    Response - Headers: {'status': '200', 'content-length': '478', 'content-location': 'http://10.4.1.3:8774/v2.1/17214a34020646d3ad374564e0c7dfc4/os-networks', 'x-compute-request-id': 'req-1669191a-8f52-4860-8e04-b46214a07a91', 'vary': 'X-OpenStack-Nova-API-Version', 'connection': 'close', 'x-openstack-nova-api-version': '2.1', 'date': 'Tue, 16 Feb 2016 17:47:03 GMT', 'content-type': 'application/json'}
        Body: {"networks": [{"cidr_v6": null, "dns2": null, "dns1": null, "gateway": null, "broadcast": null, "netmask": null, "gateway_v6": null, "cidr": null, "label": "public", "id": "95d5605c-b0d6-4313-80b5-70e3a80991d1", "netmask_v6": null}, {"cidr_v6": null, "dns2": null, "dns1": null, "gateway": null, "broadcast": null, "netmask": null, "gateway_v6": null, "cidr": null, "label": "tempest-network-smoke--926034828", "id": "9ee16e5f-11da-428a-8601-11ea090aac04", "netmask_v6": null}]}
2016-02-16 17:47:03,785 19171 WARNING  [tempest.common.fixed_network] (TestNetworkAdvancedServerOps:test_server_connectivity_pause_unpause) Network with name: private not found
2016-02-16 17:47:03,786 19171 INFO     [tempest.common.fixed_network] (TestNetworkAdvancedServerOps:test_server_connectivity_pause_unpause) Found network {} available for tenant
2016-02-16 17:47:07,138 19171 INFO     [tempest_lib.common.rest_client] Request (TestNetworkAdvancedServerOps:test_server_connectivity_pause_unpause): 202 POST http://10.4.1.3:8774/v2.1/17214a34020646d3ad374564e0c7dfc4/servers 3.351s
2016-02-16 17:47:07,139 19171 DEBUG    [tempest_lib.common.rest_client] Request - Headers: {'Content-Type': 'application/json', 'Accept': 'application/json', 'X-Auth-Token': '&lt;omitted&gt;'}
        Body: {"server": {"name": "tempest-server-smoke-102194229", "imageRef": "a6a0b6ef-b3b5-4273-9346-80ae3ee793e7", "key_name": "tempest-TestNetworkAdvancedServerOps-1114886605", "flavorRef": "42", "networks": [{"uuid": "9ee16e5f-11da-428a-8601-11ea090aac04"}], "security_groups": [{"name": "tempest-secgroup-smoke-458816198"}]}}
    Response - Headers: {'status': '202', 'content-length': '459', 'x-compute-request-id': 'req-2ddaa304-3098-4704-805b-02d9f065b0d6', 'vary': 'X-OpenStack-Nova-API-Version', 'connection': 'close', 'location': 'http://10.4.1.3:8774/v2.1/17214a34020646d3ad374564e0c7dfc4/servers/bded037e-d1b0-4d97-bcdb-560c400c8abc', 'x-openstack-nova-api-version': '2.1', 'date': 'Tue, 16 Feb 2016 17:47:07 GMT', 'content-type': 'application/json'}
        Body: {"server": {"security_groups": [{"name": "tempest-secgroup-smoke-458816198"}], "OS-DCF:diskConfig": "MANUAL", "id": "bded037e-d1b0-4d97-bcdb-560c400c8abc", "links": [{"href": "http://10.4.1.3:8774/v2.1/17214a34020646d3ad374564e0c7dfc4/servers/bded037e-d1b0-4d97-bcdb-560c400c8abc", "rel": "self"}, {"href": "http://10.4.1.3:8774/17214a34020646d3ad374564e0c7dfc4/servers/bded037e-d1b0-4d97-bcdb-560c400c8abc", "rel": "bookmark"}], "adminPass": "egG5rbeMrv3C"}}
2016-02-16 17:47:07,679 19171 INFO     [tempest_lib.common.rest_client] Request (TestNetworkAdvancedServerOps:test_server_connectivity_pause_unpause): 200 GET http://10.4.1.3:8774/v2.1/17214a34020646d3ad374564e0c7dfc4/servers/bded037e-d1b0-4d97-bcdb-560c400c8abc 0.537s
2016-02-16 17:47:07,680 19171 DEBUG    [tempest_lib.common.rest_client] Request - Headers: {'Content-Type': 'application/json', 'Accept': 'application/json', 'X-Auth-Token': '&lt;omitted&gt;'}
        Body: None
    Response - Headers: {'status': '200', 'content-length': '1349', 'content-location': 'http://10.4.1.3:8774/v2.1/17214a34020646d3ad374564e0c7dfc4/servers/bded037e-d1b0-4d97-bcdb-560c400c8abc', 'x-compute-request-id': 'req-9a7f528d-bdc0-4c6b-bcae-6f34cee7c8a1', 'vary': 'X-OpenStack-Nova-API-Version', 'connection': 'close', 'x-openstack-nova-api-version': '2.1', 'date': 'Tue, 16 Feb 2016 17:47:07 GMT', 'content-type': 'application/json'}
        Body: {"server": {"status": "BUILD", "updated": "2016-02-16T17:47:07Z", "hostId": "", "addresses": {}, "links": [{"href": "http://10.4.1.3:8774/v2.1/17214a34020646d3ad374564e0c7dfc4/servers/bded037e-d1b0-4d97-bcdb-560c400c8abc", "rel": "self"}, {"href": "http://10.4.1.3:8774/17214a34020646d3ad374564e0c7dfc4/servers/bded037e-d1b0-4d97-bcdb-560c400c8abc", "rel": "bookmark"}], "key_name": "tempest-TestNetworkAdvancedServerOps-1114886605", "image": {"id": "a6a0b6ef-b3b5-4273-9346-80ae3ee793e7", "links": [{"href": "http://10.4.1.3:8774/17214a34020646d3ad374564e0c7dfc4/images/a6a0b6ef-b3b5-4273-9346-80ae3ee793e7", "rel": "bookmark"}]}, "OS-EXT-STS:task_state": "scheduling", "OS-EXT-STS:vm_state": "building", "OS-SRV-USG:launched_at": null, "flavor": {"id": "42", "links": [{"href": "http://10.4.1.3:8774/17214a34020646d3ad374564e0c7dfc4/flavors/42", "rel": "bookmark"}]}, "id": "bded037e-d1b0-4d97-bcdb-560c400c8abc", "OS-SRV-USG:terminated_at": null, "OS-EXT-AZ:availability_zone": "", "user_id": "df814b66412b4eff9c8d25c5b2b19d20", "name": "tempest-server-smoke-102194229", "created": "2016-02-16T17:47:07Z", "tenant_id": "17214a34020646d3ad374564e0c7dfc4", "OS-DCF:diskConfig": "MANUAL", "os-extended-volumes:volumes_attached": [], "accessIPv4": "", "accessIPv6": "", "progress": 0, "OS-EXT-STS:power_state": 0, "config_drive": "", "metadata": {}}}
2016-02-16 17:47:09,177 19171 INFO     [tempest_lib.common.rest_client] Request (TestNetworkAdvancedServerOps:test_server_connectivity_pause_unpause): 200 GET http://10.4.1.3:8774/v2.1/17214a34020646d3ad374564e0c7dfc4/servers/bded037e-d1b0-4d97-bcdb-560c400c8abc 0.478s
2016-02-16 17:47:09,178 19171 DEBUG    [tempest_lib.common.rest_client] Request - Headers: {'Content-Type': 'application/json', 'Accept': 'application/json', 'X-Auth-Token': '&lt;omitted&gt;'}
        Body: None
    Response - Headers: {'status': '200', 'content-length': '1407', 'content-location': 'http://10.4.1.3:8774/v2.1/17214a34020646d3ad374564e0c7dfc4/servers/bded037e-d1b0-4d97-bcdb-560c400c8abc', 'x-compute-request-id': 'req-2cf37a4c-add3-4a55-8c34-f0408f5f455e', 'vary': 'X-OpenStack-Nova-API-Version', 'connection': 'close', 'x-openstack-nova-api-version': '2.1', 'date': 'Tue, 16 Feb 2016 17:47:09 GMT', 'content-type': 'application/json'}
        Body: {"server": {"status": "BUILD", "updated": "2016-02-16T17:47:08Z", "hostId": "9891dfde547856dbc53a7b949e13c13262ae853b1d9410793e6e2bd0", "addresses": {}, "links": [{"href": "http://10.4.1.3:8774/v2.1/17214a34020646d3ad374564e0c7dfc4/servers/bded037e-d1b0-4d97-bcdb-560c400c8abc", "rel": "self"}, {"href": "http://10.4.1.3:8774/17214a34020646d3ad374564e0c7dfc4/servers/bded037e-d1b0-4d97-bcdb-560c400c8abc", "rel": "bookmark"}], "key_name": "tempest-TestNetworkAdvancedServerOps-1114886605", "image": {"id": "a6a0b6ef-b3b5-4273-9346-80ae3ee793e7", "links": [{"href": "http://10.4.1.3:8774/17214a34020646d3ad374564e0c7dfc4/images/a6a0b6ef-b3b5-4273-9346-80ae3ee793e7", "rel": "bookmark"}]}, "OS-EXT-STS:task_state": "spawning", "OS-EXT-STS:vm_state": "building", "OS-SRV-USG:launched_at": null, "flavor": {"id": "42", "links": [{"href": "http://10.4.1.3:8774/17214a34020646d3ad374564e0c7dfc4/flavors/42", "rel": "bookmark"}]}, "id": "bded037e-d1b0-4d97-bcdb-560c400c8abc", "OS-SRV-USG:terminated_at": null, "OS-EXT-AZ:availability_zone": "nova", "user_id": "df814b66412b4eff9c8d25c5b2b19d20", "name": "tempest-server-smoke-102194229", "created": "2016-02-16T17:47:07Z", "tenant_id": "17214a34020646d3ad374564e0c7dfc4", "OS-DCF:diskConfig": "MANUAL", "os-extended-volumes:volumes_attached": [], "accessIPv4": "", "accessIPv6": "", "progress": 0, "OS-EXT-STS:power_state": 0, "config_drive": "", "metadata": {}}}
2016-02-16 17:47:09,186 19171 INFO     [tempest.common.waiters] State transition "BUILD/scheduling" ==&gt; "BUILD/spawning" after 2 second wait
2016-02-16 17:47:10,896 19171 INFO     [tempest_lib.common.rest_client] Request (TestNetworkAdvancedServerOps:test_server_connectivity_pause_unpause): 200 GET http://10.4.1.3:8774/v2.1/17214a34020646d3ad374564e0c7dfc4/servers/bded037e-d1b0-4d97-bcdb-560c400c8abc 0.708s
2016-02-16 17:47:10,896 19171 DEBUG    [tempest_lib.common.rest_client] Request - Headers: {'Content-Type': 'application/json', 'Accept': 'application/json', 'X-Auth-Token': '&lt;omitted&gt;'}
        Body: None
    Response - Headers: {'status': '200', 'content-length': '1474', 'content-location': 'http://10.4.1.3:8774/v2.1/17214a34020646d3ad374564e0c7dfc4/servers/bded037e-d1b0-4d97-bcdb-560c400c8abc', 'x-compute-request-id': 'req-9fa6f53b-70ab-4a7c-9b31-47a5fd65b0ee', 'vary': 'X-OpenStack-Nova-API-Version', 'connection': 'close', 'x-openstack-nova-api-version': '2.1', 'date': 'Tue, 16 Feb 2016 17:47:10 GMT', 'content-type': 'application/json'}
        Body: {"server": {"status": "BUILD", "updated": "2016-02-16T17:47:08Z", "hostId": "9891dfde547856dbc53a7b949e13c13262ae853b1d9410793e6e2bd0", "addresses": {}, "links": [{"href": "http://10.4.1.3:8774/v2.1/17214a34020646d3ad374564e0c7dfc4/servers/bded037e-d1b0-4d97-bcdb-560c400c8abc", "rel": "self"}, {"href": "http://10.4.1.3:8774/17214a34020646d3ad374564e0c7dfc4/servers/bded037e-d1b0-4d97-bcdb-560c400c8abc", "rel": "bookmark"}], "key_name": "tempest-TestNetworkAdvancedServerOps-1114886605", "image": {"id": "a6a0b6ef-b3b5-4273-9346-80ae3ee793e7", "links": [{"href": "http://10.4.1.3:8774/17214a34020646d3ad374564e0c7dfc4/images/a6a0b6ef-b3b5-4273-9346-80ae3ee793e7", "rel": "bookmark"}]}, "OS-EXT-STS:task_state": "spawning", "OS-EXT-STS:vm_state": "building", "OS-SRV-USG:launched_at": null, "flavor": {"id": "42", "links": [{"href": "http://10.4.1.3:8774/17214a34020646d3ad374564e0c7dfc4/flavors/42", "rel": "bookmark"}]}, "id": "bded037e-d1b0-4d97-bcdb-560c400c8abc", "security_groups": [{"name": "tempest-secgroup-smoke-458816198"}], "OS-SRV-USG:terminated_at": null, "OS-EXT-AZ:availability_zone": "nova", "user_id": "df814b66412b4eff9c8d25c5b2b19d20", "name": "tempest-server-smoke-102194229", "created": "2016-02-16T17:47:07Z", "tenant_id": "17214a34020646d3ad374564e0c7dfc4", "OS-DCF:diskConfig": "MANUAL", "os-extended-volumes:volumes_attached": [], "accessIPv4": "", "accessIPv6": "", "progress": 0, "OS-EXT-STS:power_state": 0, "config_drive": "", "metadata": {}}}
2016-02-16 17:47:12,650 19171 INFO     [tempest_lib.common.rest_client] Request (TestNetworkAdvancedServerOps:test_server_connectivity_pause_unpause): 200 GET http://10.4.1.3:8774/v2.1/17214a34020646d3ad374564e0c7dfc4/servers/bded037e-d1b0-4d97-bcdb-560c400c8abc 0.744s
2016-02-16 17:47:12,651 19171 DEBUG    [tempest_lib.common.rest_client] Request - Headers: {'Content-Type': 'application/json', 'Accept': 'application/json', 'X-Auth-Token': '&lt;omitted&gt;'}
        Body: None
    Response - Headers: {'status': '200', 'content-length': '1474', 'content-location': 'http://10.4.1.3:8774/v2.1/17214a34020646d3ad374564e0c7dfc4/servers/bded037e-d1b0-4d97-bcdb-560c400c8abc', 'x-compute-request-id': 'req-0eb074bb-c9c2-43a2-9a6c-c4a249eb046b', 'vary': 'X-OpenStack-Nova-API-Version', 'connection': 'close', 'x-openstack-nova-api-version': '2.1', 'date': 'Tue, 16 Feb 2016 17:47:12 GMT', 'content-type': 'application/json'}
        Body: {"server": {"status": "BUILD", "updated": "2016-02-16T17:47:08Z", "hostId": "9891dfde547856dbc53a7b949e13c13262ae853b1d9410793e6e2bd0", "addresses": {}, "links": [{"href": "http://10.4.1.3:8774/v2.1/17214a34020646d3ad374564e0c7dfc4/servers/bded037e-d1b0-4d97-bcdb-560c400c8abc", "rel": "self"}, {"href": "http://10.4.1.3:8774/17214a34020646d3ad374564e0c7dfc4/servers/bded037e-d1b0-4d97-bcdb-560c400c8abc", "rel": "bookmark"}], "key_name": "tempest-TestNetworkAdvancedServerOps-1114886605", "image": {"id": "a6a0b6ef-b3b5-4273-9346-80ae3ee793e7", "links": [{"href": "http://10.4.1.3:8774/17214a34020646d3ad374564e0c7dfc4/images/a6a0b6ef-b3b5-4273-9346-80ae3ee793e7", "rel": "bookmark"}]}, "OS-EXT-STS:task_state": "spawning", "OS-EXT-STS:vm_state": "building", "OS-SRV-USG:launched_at": null, "flavor": {"id": "42", "links": [{"href": "http://10.4.1.3:8774/17214a34020646d3ad374564e0c7dfc4/flavors/42", "rel": "bookmark"}]}, "id": "bded037e-d1b0-4d97-bcdb-560c400c8abc", "security_groups": [{"name": "tempest-secgroup-smoke-458816198"}], "OS-SRV-USG:terminated_at": null, "OS-EXT-AZ:availability_zone": "nova", "user_id": "df814b66412b4eff9c8d25c5b2b19d20", "name": "tempest-server-smoke-102194229", "created": "2016-02-16T17:47:07Z", "tenant_id": "17214a34020646d3ad374564e0c7dfc4", "OS-DCF:diskConfig": "MANUAL", "os-extended-volumes:volumes_attached": [], "accessIPv4": "", "accessIPv6": "", "progress": 0, "OS-EXT-STS:power_state": 0, "config_drive": "", "metadata": {}}}
2016-02-16 17:47:14,434 19171 INFO     [tempest_lib.common.rest_client] Request (TestNetworkAdvancedServerOps:test_server_connectivity_pause_unpause): 200 GET http://10.4.1.3:8774/v2.1/17214a34020646d3ad374564e0c7dfc4/servers/bded037e-d1b0-4d97-bcdb-560c400c8abc 0.773s
2016-02-16 17:47:14,434 19171 DEBUG    [tempest_lib.common.rest_client] Request - Headers: {'Content-Type': 'application/json', 'Accept': 'application/json', 'X-Auth-Token': '&lt;omitted&gt;'}
        Body: None
    Response - Headers: {'status': '200', 'content-length': '1645', 'content-location': 'http://10.4.1.3:8774/v2.1/17214a34020646d3ad374564e0c7dfc4/servers/bded037e-d1b0-4d97-bcdb-560c400c8abc', 'x-compute-request-id': 'req-7f333a80-cfc9-4435-97a6-4a1ca53d27cb', 'vary': 'X-OpenStack-Nova-API-Version', 'connection': 'close', 'x-openstack-nova-api-version': '2.1', 'date': 'Tue, 16 Feb 2016 17:47:14 GMT', 'content-type': 'application/json'}
        Body: {"server": {"status": "ACTIVE", "updated": "2016-02-16T17:47:12Z", "hostId": "9891dfde547856dbc53a7b949e13c13262ae853b1d9410793e6e2bd0", "addresses": {"tempest-network-smoke--926034828": [{"OS-EXT-IPS-MAC:mac_addr": "fa:16:3e:70:c9:82", "version": 4, "addr": "10.100.0.3", "OS-EXT-IPS:type": "fixed"}]}, "links": [{"href": "http://10.4.1.3:8774/v2.1/17214a34020646d3ad374564e0c7dfc4/servers/bded037e-d1b0-4d97-bcdb-560c400c8abc", "rel": "self"}, {"href": "http://10.4.1.3:8774/17214a34020646d3ad374564e0c7dfc4/servers/bded037e-d1b0-4d97-bcdb-560c400c8abc", "rel": "bookmark"}], "key_name": "tempest-TestNetworkAdvancedServerOps-1114886605", "image": {"id": "a6a0b6ef-b3b5-4273-9346-80ae3ee793e7", "links": [{"href": "http://10.4.1.3:8774/17214a34020646d3ad374564e0c7dfc4/images/a6a0b6ef-b3b5-4273-9346-80ae3ee793e7", "rel": "bookmark"}]}, "OS-EXT-STS:task_state": null, "OS-EXT-STS:vm_state": "active", "OS-SRV-USG:launched_at": "2016-02-16T17:47:12.000000", "flavor": {"id": "42", "links": [{"href": "http://10.4.1.3:8774/17214a34020646d3ad374564e0c7dfc4/flavors/42", "rel": "bookmark"}]}, "id": "bded037e-d1b0-4d97-bcdb-560c400c8abc", "security_groups": [{"name": "tempest-secgroup-smoke-458816198"}], "OS-SRV-USG:terminated_at": null, "OS-EXT-AZ:availability_zone": "nova", "user_id": "df814b66412b4eff9c8d25c5b2b19d20", "name": "tempest-server-smoke-102194229", "created": "2016-02-16T17:47:07Z", "tenant_id": "17214a34020646d3ad374564e0c7dfc4", "OS-DCF:diskConfig": "MANUAL", "os-extended-volumes:volumes_attached": [], "accessIPv4": "", "accessIPv6": "", "progress": 0, "OS-EXT-STS:power_state": 1, "config_drive": "True", "metadata": {}}}
2016-02-16 17:47:14,443 19171 INFO     [tempest.common.waiters] State transition "BUILD/spawning" ==&gt; "ACTIVE/None" after 7 second wait
2016-02-16 17:47:15,101 19171 INFO     [tempest_lib.common.rest_client] Request (TestNetworkAdvancedServerOps:test_server_connectivity_pause_unpause): 200 GET http://10.4.1.3:8774/v2.1/17214a34020646d3ad374564e0c7dfc4/servers/bded037e-d1b0-4d97-bcdb-560c400c8abc 0.657s
2016-02-16 17:47:15,101 19171 DEBUG    [tempest_lib.common.rest_client] Request - Headers: {'Content-Type': 'application/json', 'Accept': 'application/json', 'X-Auth-Token': '&lt;omitted&gt;'}
        Body: None
    Response - Headers: {'status': '200', 'content-length': '1645', 'content-location': 'http://10.4.1.3:8774/v2.1/17214a34020646d3ad374564e0c7dfc4/servers/bded037e-d1b0-4d97-bcdb-560c400c8abc', 'x-compute-request-id': 'req-efab5865-77ba-48cc-b039-d72b363af49f', 'vary': 'X-OpenStack-Nova-API-Version', 'connection': 'close', 'x-openstack-nova-api-version': '2.1', 'date': 'Tue, 16 Feb 2016 17:47:15 GMT', 'content-type': 'application/json'}
        Body: {"server": {"status": "ACTIVE", "updated": "2016-02-16T17:47:12Z", "hostId": "9891dfde547856dbc53a7b949e13c13262ae853b1d9410793e6e2bd0", "addresses": {"tempest-network-smoke--926034828": [{"OS-EXT-IPS-MAC:mac_addr": "fa:16:3e:70:c9:82", "version": 4, "addr": "10.100.0.3", "OS-EXT-IPS:type": "fixed"}]}, "links": [{"href": "http://10.4.1.3:8774/v2.1/17214a34020646d3ad374564e0c7dfc4/servers/bded037e-d1b0-4d97-bcdb-560c400c8abc", "rel": "self"}, {"href": "http://10.4.1.3:8774/17214a34020646d3ad374564e0c7dfc4/servers/bded037e-d1b0-4d97-bcdb-560c400c8abc", "rel": "bookmark"}], "key_name": "tempest-TestNetworkAdvancedServerOps-1114886605", "image": {"id": "a6a0b6ef-b3b5-4273-9346-80ae3ee793e7", "links": [{"href": "http://10.4.1.3:8774/17214a34020646d3ad374564e0c7dfc4/images/a6a0b6ef-b3b5-4273-9346-80ae3ee793e7", "rel": "bookmark"}]}, "OS-EXT-STS:task_state": null, "OS-EXT-STS:vm_state": "active", "OS-SRV-USG:launched_at": "2016-02-16T17:47:12.000000", "flavor": {"id": "42", "links": [{"href": "http://10.4.1.3:8774/17214a34020646d3ad374564e0c7dfc4/flavors/42", "rel": "bookmark"}]}, "id": "bded037e-d1b0-4d97-bcdb-560c400c8abc", "security_groups": [{"name": "tempest-secgroup-smoke-458816198"}], "OS-SRV-USG:terminated_at": null, "OS-EXT-AZ:availability_zone": "nova", "user_id": "df814b66412b4eff9c8d25c5b2b19d20", "name": "tempest-server-smoke-102194229", "created": "2016-02-16T17:47:07Z", "tenant_id": "17214a34020646d3ad374564e0c7dfc4", "OS-DCF:diskConfig": "MANUAL", "os-extended-volumes:volumes_attached": [], "accessIPv4": "", "accessIPv6": "", "progress": 0, "OS-EXT-STS:power_state": 1, "config_drive": "True", "metadata": {}}}
2016-02-16 17:47:15,293 19171 INFO     [tempest_lib.common.rest_client] Request (TestNetworkAdvancedServerOps:test_server_connectivity_pause_unpause): 200 GET http://10.4.1.3:9696/v2.0/ports?status=ACTIVE&amp;fixed_ip=None&amp;device_id=bded037e-d1b0-4d97-bcdb-560c400c8abc 0.183s
2016-02-16 17:47:15,294 19171 DEBUG    [tempest_lib.common.rest_client] Request - Headers: {'Content-Type': 'application/json', 'Accept': 'application/json', 'X-Auth-Token': '&lt;omitted&gt;'}
        Body: None
    Response - Headers: {'status': '200', 'content-length': '755', 'content-location': 'http://10.4.1.3:9696/v2.0/ports?status=ACTIVE&amp;fixed_ip=None&amp;device_id=bded037e-d1b0-4d97-bcdb-560c400c8abc', 'connection': 'close', 'date': 'Tue, 16 Feb 2016 17:47:15 GMT', 'content-type': 'application/json; charset=UTF-8', 'x-openstack-request-id': 'req-00a57d2a-4dd5-4499-ba4a-1f5e7ed8092a'}
        Body: {"ports": [{"status": "ACTIVE", "binding:host_id": "vagrant-ubuntu-trusty-64", "name": "", "allowed_address_pairs": [], "admin_state_up": true, "network_id": "9ee16e5f-11da-428a-8601-11ea090aac04", "tenant_id": "17214a34020646d3ad374564e0c7dfc4", "extra_dhcp_opts": [], "mac_address": "fa:16:3e:70:c9:82", "binding:vif_details": {"port_filter": true}, "binding:vif_type": "ovs", "device_owner": "compute:None", "binding:profile": {}, "port_security_enabled": true, "binding:vnic_type": "normal", "fixed_ips": [{"subnet_id": "db25d1d4-5631-4f29-9ddf-f3bbf1139c2a", "ip_address": "10.100.0.3"}], "id": "b24ba182-a670-4301-8d35-b9d236ee3d4d", "security_groups": ["39b930fa-7edc-444f-bb0c-d450aec6625f"], "device_id": "bded037e-d1b0-4d97-bcdb-560c400c8abc"}]}
2016-02-16 17:47:15,938 19171 INFO     [tempest_lib.common.rest_client] Request (TestNetworkAdvancedServerOps:test_server_connectivity_pause_unpause): 201 POST http://10.4.1.3:9696/v2.0/floatingips 0.642s
2016-02-16 17:47:15,938 19171 DEBUG    [tempest_lib.common.rest_client] Request - Headers: {'Content-Type': 'application/json', 'Accept': 'application/json', 'X-Auth-Token': '&lt;omitted&gt;'}
        Body: {"floatingip": {"floating_network_id": "95d5605c-b0d6-4313-80b5-70e3a80991d1", "tenant_id": "17214a34020646d3ad374564e0c7dfc4", "fixed_ip_address": "10.100.0.3", "port_id": "b24ba182-a670-4301-8d35-b9d236ee3d4d"}}
    Response - Headers: {'status': '201', 'content-length': '369', 'connection': 'close', 'date': 'Tue, 16 Feb 2016 17:47:15 GMT', 'content-type': 'application/json; charset=UTF-8', 'x-openstack-request-id': 'req-d2a3f00d-9cea-4526-a38a-5da22811b8cc'}
        Body: {"floatingip": {"floating_network_id": "95d5605c-b0d6-4313-80b5-70e3a80991d1", "router_id": "70fd31cc-1c80-4f0d-b731-19e93d019317", "fixed_ip_address": "10.100.0.3", "floating_ip_address": "172.24.4.4", "tenant_id": "17214a34020646d3ad374564e0c7dfc4", "status": "ACTIVE", "port_id": "b24ba182-a670-4301-8d35-b9d236ee3d4d", "id": "567a67d9-9eea-4749-a030-8fde633c9e21"}}
2016-02-16 17:47:16,629 19171 INFO     [tempest_lib.common.rest_client] Request (TestNetworkAdvancedServerOps:test_server_connectivity_pause_unpause): 200 GET http://10.4.1.3:8774/v2.1/17214a34020646d3ad374564e0c7dfc4/servers/bded037e-d1b0-4d97-bcdb-560c400c8abc 0.690s
2016-02-16 17:47:16,630 19171 DEBUG    [tempest_lib.common.rest_client] Request - Headers: {'Content-Type': 'application/json', 'Accept': 'application/json', 'X-Auth-Token': '&lt;omitted&gt;'}
        Body: None
    Response - Headers: {'status': '200', 'content-length': '1645', 'content-location': 'http://10.4.1.3:8774/v2.1/17214a34020646d3ad374564e0c7dfc4/servers/bded037e-d1b0-4d97-bcdb-560c400c8abc', 'x-compute-request-id': 'req-c75a3b3c-f80a-435d-9049-8f96c3123140', 'vary': 'X-OpenStack-Nova-API-Version', 'connection': 'close', 'x-openstack-nova-api-version': '2.1', 'date': 'Tue, 16 Feb 2016 17:47:16 GMT', 'content-type': 'application/json'}
        Body: {"server": {"status": "ACTIVE", "updated": "2016-02-16T17:47:12Z", "hostId": "9891dfde547856dbc53a7b949e13c13262ae853b1d9410793e6e2bd0", "addresses": {"tempest-network-smoke--926034828": [{"OS-EXT-IPS-MAC:mac_addr": "fa:16:3e:70:c9:82", "version": 4, "addr": "10.100.0.3", "OS-EXT-IPS:type": "fixed"}]}, "links": [{"href": "http://10.4.1.3:8774/v2.1/17214a34020646d3ad374564e0c7dfc4/servers/bded037e-d1b0-4d97-bcdb-560c400c8abc", "rel": "self"}, {"href": "http://10.4.1.3:8774/17214a34020646d3ad374564e0c7dfc4/servers/bded037e-d1b0-4d97-bcdb-560c400c8abc", "rel": "bookmark"}], "key_name": "tempest-TestNetworkAdvancedServerOps-1114886605", "image": {"id": "a6a0b6ef-b3b5-4273-9346-80ae3ee793e7", "links": [{"href": "http://10.4.1.3:8774/17214a34020646d3ad374564e0c7dfc4/images/a6a0b6ef-b3b5-4273-9346-80ae3ee793e7", "rel": "bookmark"}]}, "OS-EXT-STS:task_state": null, "OS-EXT-STS:vm_state": "active", "OS-SRV-USG:launched_at": "2016-02-16T17:47:12.000000", "flavor": {"id": "42", "links": [{"href": "http://10.4.1.3:8774/17214a34020646d3ad374564e0c7dfc4/flavors/42", "rel": "bookmark"}]}, "id": "bded037e-d1b0-4d97-bcdb-560c400c8abc", "security_groups": [{"name": "tempest-secgroup-smoke-458816198"}], "OS-SRV-USG:terminated_at": null, "OS-EXT-AZ:availability_zone": "nova", "user_id": "df814b66412b4eff9c8d25c5b2b19d20", "name": "tempest-server-smoke-102194229", "created": "2016-02-16T17:47:07Z", "tenant_id": "17214a34020646d3ad374564e0c7dfc4", "OS-DCF:diskConfig": "MANUAL", "os-extended-volumes:volumes_attached": [], "accessIPv4": "", "accessIPv6": "", "progress": 0, "OS-EXT-STS:power_state": 1, "config_drive": "True", "metadata": {}}}
2016-02-16 17:47:16,639 19171 INFO     [tempest.scenario.manager] Tenant networks not configured to be reachable.
2016-02-16 17:47:16,829 19171 INFO     [tempest_lib.common.rest_client] Request (TestNetworkAdvancedServerOps:test_server_connectivity_pause_unpause): 200 GET http://10.4.1.3:9696/v2.0/floatingips/567a67d9-9eea-4749-a030-8fde633c9e21 0.189s
2016-02-16 17:47:16,829 19171 DEBUG    [tempest_lib.common.rest_client] Request - Headers: {'Content-Type': 'application/json', 'Accept': 'application/json', 'X-Auth-Token': '&lt;omitted&gt;'}
        Body: None
    Response - Headers: {'status': '200', 'content-length': '369', 'content-location': 'http://10.4.1.3:9696/v2.0/floatingips/567a67d9-9eea-4749-a030-8fde633c9e21', 'connection': 'close', 'date': 'Tue, 16 Feb 2016 17:47:16 GMT', 'content-type': 'application/json; charset=UTF-8', 'x-openstack-request-id': 'req-38143b4d-7f21-4609-bae2-04324512bd0a'}
        Body: {"floatingip": {"floating_network_id": "95d5605c-b0d6-4313-80b5-70e3a80991d1", "router_id": "70fd31cc-1c80-4f0d-b731-19e93d019317", "fixed_ip_address": "10.100.0.3", "floating_ip_address": "172.24.4.4", "tenant_id": "17214a34020646d3ad374564e0c7dfc4", "status": "ACTIVE", "port_id": "b24ba182-a670-4301-8d35-b9d236ee3d4d", "id": "567a67d9-9eea-4749-a030-8fde633c9e21"}}
2016-02-16 17:47:16,830 19171 INFO     [tempest.scenario.manager] FloatingIP: &lt;"FloatingIP" addr="172.24.4.4" id="567a67d9-9eea-4749-a030-8fde633c9e21"&gt; is at status: ACTIVE
2016-02-16 17:47:16,830 19171 DEBUG    [tempest.scenario.manager] checking network connections to IP 172.24.4.4 with user: cirros
2016-02-16 17:47:16,830 19171 DEBUG    [tempest.scenario.manager] TestNetworkAdvancedServerOps:test_server_connectivity_pause_unpause begins to ping 172.24.4.4 in 120 sec and the expected result is reachable
2016-02-16 17:49:17,416 19171 DEBUG    [tempest.scenario.manager] TestNetworkAdvancedServerOps:test_server_connectivity_pause_unpause finishes ping 172.24.4.4 in 120 sec and the ping result is unexpected
2016-02-16 17:49:17,417 19171 ERROR    [tempest.scenario.manager] Public network connectivity check failed
2016-02-16 17:49:17.417 19171 ERROR tempest.scenario.manager Traceback (most recent call last):
2016-02-16 17:49:17.417 19171 ERROR tempest.scenario.manager   File "tempest/scenario/manager.py", line 598, in check_public_network_connectivity
2016-02-16 17:49:17.417 19171 ERROR tempest.scenario.manager     should_connect=should_connect)
2016-02-16 17:49:17.417 19171 ERROR tempest.scenario.manager   File "tempest/scenario/manager.py", line 582, in check_vm_connectivity
2016-02-16 17:49:17.417 19171 ERROR tempest.scenario.manager     msg=msg)
2016-02-16 17:49:17.417 19171 ERROR tempest.scenario.manager   File "/usr/local/lib/python2.7/dist-packages/unittest2/case.py", line 702, in assertTrue
2016-02-16 17:49:17.417 19171 ERROR tempest.scenario.manager     raise self.failureException(msg)
2016-02-16 17:49:17.417 19171 ERROR tempest.scenario.manager AssertionError: False is not true : Timed out waiting for 172.24.4.4 to become reachable
2016-02-16 17:49:17.417 19171 ERROR tempest.scenario.manager 
2016-02-16 17:49:17,810 19171 INFO     [tempest_lib.common.rest_client] Request (TestNetworkAdvancedServerOps:test_server_connectivity_pause_unpause): 200 POST http://10.4.1.3:8774/v2.1/17214a34020646d3ad374564e0c7dfc4/servers/bded037e-d1b0-4d97-bcdb-560c400c8abc/action 0.389s
2016-02-16 17:49:17,811 19171 DEBUG    [tempest_lib.common.rest_client] Request - Headers: {'Content-Type': 'application/json', 'Accept': 'application/json', 'X-Auth-Token': '&lt;omitted&gt;'}
        Body: {"os-getConsoleOutput": {}}
    Response - Headers: {'status': '200', 'content-length': '17428', 'x-compute-request-id': 'req-581b5fb9-1794-4608-b190-95c7cc2ecee7', 'vary': 'X-OpenStack-Nova-API-Version', 'connection': 'close', 'x-openstack-nova-api-version': '2.1', 'date': 'Tue, 16 Feb 2016 17:49:17 GMT', 'content-type': 'application/json'}
        Body: {"output": "[    0.000000] Initializing cgroup subsys cpuset\n[    0.000000] Initializing cgroup subsys cpu\n[    0.000000] Linux version 3.2.0-80-virtual (buildd@batsu) (gcc version 4.6.3 (Ubuntu/Linaro 4.6.3-1ubuntu5) ) #116-Ubuntu SMP Mon Mar 23 17:28:52 UTC 2015 (Ubuntu 3.2.0-80.116-virtual 3.2.68)\n[    0.000000] Command line: root=/dev/vda console=tty0 console=ttyS0 no_timer_check\n[    0.000000] KERNEL supported cpus:\n[    0.000000]   Intel GenuineIntel\n[    0.000000]   AMD AuthenticAMD\n[    0.000000]   Centaur CentaurHauls\n[    0.000000] BIOS-provided physical RAM map:\n[    0.000000]  BIOS-e820: 0000000000000000 - 000000000009fc00 (usable)\n[    0.000000]  BIOS-e820: 000000000009fc00 - 00000000000a0000 (reserved)\n[    0.000000]  BIOS-e820: 00000000000f0000 - 0000000000100000 (reserved)\n[    0.000000]  BIOS-e820: 0000000000100000 - 0000000003ffe000 (usable)\n[    0.000000]  BIOS-e820: 0000000003ffe000 - 0000000004000000 (reserved)\n[    0.000000]  BIOS-e820: 00000000fffc0000 - 0000000100000000 (reserved)\n[    0.000000] NX (Execute Disable) protection: active\n[    0.000000] SMBIOS 2.4 present.\n[    0.000000] No AGP bridge found\n[    0.000000] last_pfn = 0x3ffe max_arch_pfn = 0x400000000\n[    0.000000] x86 PAT enabled: cpu 0, old 0x7040600070406, new 0x7010600070106\n[    0.000000] found SMP MP-table at [ffff8800000f0b00] f0b00\n[    0.000000] init_memory_mapping: 0000000000000000-0000000003ffe000\n[    0.000000] RAMDISK: 03c5e000 - 03ff0000\n[    0.000000] ACPI: RSDP 00000000000f0950 00014 (v00 BOCHS )\n[    0.000000] ACPI: RSDT 0000000003fffbc1 00034 (v01 BOCHS  BXPCRSDT 00000001 BXPC 00000001)\n[    0.000000] ACPI: FACP 0000000003fff1c0 00074 (v01 BOCHS  BXPCFACP 00000001 BXPC 00000001)\n[    0.000000] ACPI: DSDT 0000000003ffe040 01180 (v01 BOCHS  BXPCDSDT 00000001 BXPC 00000001)\n[    0.000000] ACPI: FACS 0000000003ffe000 00040\n[    0.000000] ACPI: SSDT 0000000003fff234 008DD (v01 BOCHS  BXPCSSDT 00000001 BXPC 00000001)\n[    0.000000] ACPI: APIC 0000000003fffb11 00078 (v01 BOCHS  BXPCAPIC 00000001 BXPC 00000001)\n[    0.000000] ACPI: HPET 0000000003fffb89 00038 (v01 BOCHS  BXPCHPET 00000001 BXPC 00000001)\n[    0.000000] No NUMA configuration found\n[    0.000000] Faking a node at 0000000000000000-0000000003ffe000\n[    0.000000] Initmem setup node 0 0000000000000000-0000000003ffe000\n[    0.000000]   NODE_DATA [0000000003ff6000 - 0000000003ffafff]\n[    0.000000] Zone PFN ranges:\n[    0.000000]   DMA      0x00000010 -&gt; 0x00001000\n[    0.000000]   DMA32    0x00001000 -&gt; 0x00100000\n[    0.000000]   Normal   empty\n[    0.000000] Movable zone start PFN for each node\n[    0.000000] early_node_map[2] active PFN ranges\n[    0.000000]     0: 0x00000010 -&gt; 0x0000009f\n[    0.000000]     0: 0x00000100 -&gt; 0x00003ffe\n[    0.000000] ACPI: PM-Timer IO Port: 0xb008\n[    0.000000] ACPI: LAPIC (acpi_id[0x00] lapic_id[0x00] enabled)\n[    0.000000] ACPI: LAPIC_NMI (acpi_id[0xff] dfl dfl lint[0x1])\n[    0.000000] ACPI: IOAPIC (id[0x00] address[0xfec00000] gsi_base[0])\n[    0.000000] IOAPIC[0]: apic_id 0, version 17, address 0xfec00000, GSI 0-23\n[    0.000000] ACPI: INT_SRC_OVR (bus 0 bus_irq 0 global_irq 2 dfl dfl)\n[    0.000000] ACPI: INT_SRC_OVR (bus 0 bus_irq 5 global_irq 5 high level)\n[    0.000000] ACPI: INT_SRC_OVR (bus 0 bus_irq 9 global_irq 9 high level)\n[    0.000000] ACPI: INT_SRC_OVR (bus 0 bus_irq 10 global_irq 10 high level)\n[    0.000000] ACPI: INT_SRC_OVR (bus 0 bus_irq 11 global_irq 11 high level)\n[    0.000000] Using ACPI (MADT) for SMP configuration information\n[    0.000000] ACPI: HPET id: 0x8086a201 base: 0xfed00000\n[    0.000000] SMP: Allowing 1 CPUs, 0 hotplug CPUs\n[    0.000000] PM: Registered nosave memory: 000000000009f000 - 00000000000a0000\n[    0.000000] PM: Registered nosave memory: 00000000000a0000 - 00000000000f0000\n[    0.000000] PM: Registered nosave memory: 00000000000f0000 - 0000000000100000\n[    0.000000] Allocating PCI resources starting at 4000000 (gap: 4000000:fbfc0000)\n[    0.000000] Booting paravirtualized kernel on bare hardware\n[    0.000000] setup_pe
2016-02-16 17:49:17,814 19171 DEBUG    [tempest.scenario.manager] Console output for bded037e-d1b0-4d97-bcdb-560c400c8abc
body=
[    0.000000] Initializing cgroup subsys cpuset
[    0.000000] Initializing cgroup subsys cpu
[    0.000000] Linux version 3.2.0-80-virtual (buildd@batsu) (gcc version 4.6.3 (Ubuntu/Linaro 4.6.3-1ubuntu5) ) #116-Ubuntu SMP Mon Mar 23 17:28:52 UTC 2015 (Ubuntu 3.2.0-80.116-virtual 3.2.68)
[    0.000000] Command line: root=/dev/vda console=tty0 console=ttyS0 no_timer_check
[    0.000000] KERNEL supported cpus:
[    0.000000]   Intel GenuineIntel
[    0.000000]   AMD AuthenticAMD
[    0.000000]   Centaur CentaurHauls
[    0.000000] BIOS-provided physical RAM map:
[    0.000000]  BIOS-e820: 0000000000000000 - 000000000009fc00 (usable)
[    0.000000]  BIOS-e820: 000000000009fc00 - 00000000000a0000 (reserved)
[    0.000000]  BIOS-e820: 00000000000f0000 - 0000000000100000 (reserved)
[    0.000000]  BIOS-e820: 0000000000100000 - 0000000003ffe000 (usable)
[    0.000000]  BIOS-e820: 0000000003ffe000 - 0000000004000000 (reserved)
[    0.000000]  BIOS-e820: 00000000fffc0000 - 0000000100000000 (reserved)
[    0.000000] NX (Execute Disable) protection: active
[    0.000000] SMBIOS 2.4 present.
[    0.000000] No AGP bridge found
[    0.000000] last_pfn = 0x3ffe max_arch_pfn = 0x400000000
[    0.000000] x86 PAT enabled: cpu 0, old 0x7040600070406, new 0x7010600070106
[    0.000000] found SMP MP-table at [ffff8800000f0b00] f0b00
[    0.000000] init_memory_mapping: 0000000000000000-0000000003ffe000
[    0.000000] RAMDISK: 03c5e000 - 03ff0000
[    0.000000] ACPI: RSDP 00000000000f0950 00014 (v00 BOCHS )
[    0.000000] ACPI: RSDT 0000000003fffbc1 00034 (v01 BOCHS  BXPCRSDT 00000001 BXPC 00000001)
[    0.000000] ACPI: FACP 0000000003fff1c0 00074 (v01 BOCHS  BXPCFACP 00000001 BXPC 00000001)
[    0.000000] ACPI: DSDT 0000000003ffe040 01180 (v01 BOCHS  BXPCDSDT 00000001 BXPC 00000001)
[    0.000000] ACPI: FACS 0000000003ffe000 00040
[    0.000000] ACPI: SSDT 0000000003fff234 008DD (v01 BOCHS  BXPCSSDT 00000001 BXPC 00000001)
[    0.000000] ACPI: APIC 0000000003fffb11 00078 (v01 BOCHS  BXPCAPIC 00000001 BXPC 00000001)
[    0.000000] ACPI: HPET 0000000003fffb89 00038 (v01 BOCHS  BXPCHPET 00000001 BXPC 00000001)
[    0.000000] No NUMA configuration found
[    0.000000] Faking a node at 0000000000000000-0000000003ffe000
[    0.000000] Initmem setup node 0 0000000000000000-0000000003ffe000
[    0.000000]   NODE_DATA [0000000003ff6000 - 0000000003ffafff]
[    0.000000] Zone PFN ranges:
[    0.000000]   DMA      0x00000010 -&gt; 0x00001000
[    0.000000]   DMA32    0x00001000 -&gt; 0x00100000
[    0.000000]   Normal   empty
[    0.000000] Movable zone start PFN for each node
[    0.000000] early_node_map[2] active PFN ranges
[    0.000000]     0: 0x00000010 -&gt; 0x0000009f
[    0.000000]     0: 0x00000100 -&gt; 0x00003ffe
[    0.000000] ACPI: PM-Timer IO Port: 0xb008
[    0.000000] ACPI: LAPIC (acpi_id[0x00] lapic_id[0x00] enabled)
[    0.000000] ACPI: LAPIC_NMI (acpi_id[0xff] dfl dfl lint[0x1])
[    0.000000] ACPI: IOAPIC (id[0x00] address[0xfec00000] gsi_base[0])
[    0.000000] IOAPIC[0]: apic_id 0, version 17, address 0xfec00000, GSI 0-23
[    0.000000] ACPI: INT_SRC_OVR (bus 0 bus_irq 0 global_irq 2 dfl dfl)
[    0.000000] ACPI: INT_SRC_OVR (bus 0 bus_irq 5 global_irq 5 high level)
[    0.000000] ACPI: INT_SRC_OVR (bus 0 bus_irq 9 global_irq 9 high level)
[    0.000000] ACPI: INT_SRC_OVR (bus 0 bus_irq 10 global_irq 10 high level)
[    0.000000] ACPI: INT_SRC_OVR (bus 0 bus_irq 11 global_irq 11 high level)
[    0.000000] Using ACPI (MADT) for SMP configuration information
[    0.000000] ACPI: HPET id: 0x8086a201 base: 0xfed00000
[    0.000000] SMP: Allowing 1 CPUs, 0 hotplug CPUs
[    0.000000] PM: Registered nosave memory: 000000000009f000 - 00000000000a0000
[    0.000000] PM: Registered nosave memory: 00000000000a0000 - 00000000000f0000
[    0.000000] PM: Registered nosave memory: 00000000000f0000 - 0000000000100000
[    0.000000] Allocating PCI resources starting at 4000000 (gap: 4000000:fbfc0000)
[    0.000000] Booting paravirtualized kernel on bare hardware
[    0.000000] setup_percpu: NR_CPUS:64 nr_cpumask_bits:64 nr_cpu_ids:1 nr_node_ids:1
[    0.000000] PERCPU: Embedded 27 pages/cpu @ffff880003a00000 s78848 r8192 d23552 u2097152
[    0.000000] Built 1 zonelists in Node order, mobility grouping on.  Total pages: 16008
[    0.000000] Policy zone: DMA32
[    0.000000] Kernel command line: root=/dev/vda console=tty0 console=ttyS0 no_timer_check
[    0.000000] PID hash table entries: 256 (order: -1, 2048 bytes)
[    0.000000] Checking aperture...
[    0.000000] No AGP bridge found
[    0.000000] Memory: 43492k/65528k available (6576k kernel code, 452k absent, 21584k reserved, 6620k data, 928k init)
[    0.000000] SLUB: Genslabs=15, HWalign=64, Order=0-3, MinObjects=0, CPUs=1, Nodes=1
[    0.000000] Hierarchical RCU implementation.
[    0.000000] 	RCU dyntick-idle grace-period acceleration is enabled.
[    0.000000] NR_IRQS:4352 nr_irqs:256 16
[    0.000000] Console: colour VGA+ 80x25
[    0.000000] console [tty0] enabled
[    0.000000] console [ttyS0] enabled
[    0.000000] allocated 1048576 bytes of page_cgroup
[    0.000000] please try 'cgroup_disable=memory' option if you don't want memory cgroups
[    0.000000] Fast TSC calibration failed
[    0.000000] TSC: Unable to calibrate against PIT
[    0.000000] TSC: using HPET reference calibration
[    0.000000] Detected 2293.760 MHz processor.
[    0.040844] Calibrating delay loop (skipped), value calculated using timer frequency.. 4587.52 BogoMIPS (lpj=9175040)
[    0.044796] pid_max: default: 32768 minimum: 301
[    0.053452] Security Framework initialized
[    0.057781] AppArmor: AppArmor initialized
[    0.058512] Yama: becoming mindful.
[    0.065156] Dentry cache hash table entries: 8192 (order: 4, 65536 bytes)
[    0.066663] Inode-cache hash table entries: 4096 (order: 3, 32768 bytes)
[    0.068819] Mount-cache hash table entries: 256
[    0.084894] Initializing cgroup subsys cpuacct
[    0.085746] Initializing cgroup subsys memory
[    0.087012] Initializing cgroup subsys devices
[    0.088215] Initializing cgroup subsys freezer
[    0.088950] Initializing cgroup subsys blkio
[    0.089702] Initializing cgroup subsys perf_event
[    0.094966] mce: CPU supports 10 MCE banks
[    0.098467] SMP alternatives: switching to UP code
[    0.479169] Freeing SMP alternatives: 24k freed
[    0.481093] ACPI: Core revision 20110623
[    0.530120] ftrace: allocating 26610 entries in 105 pages
[    0.569289] ..TIMER: vector=0x30 apic1=0 pin1=2 apic2=-1 pin2=-1
[    0.572118] CPU0: AMD QEMU Virtual CPU version 2.0.0 stepping 03
[    0.576035] Performance Events: Broken PMU hardware detected, using software events only.
[    0.586987] NMI watchdog disabled (cpu0): hardware events not enabled
[    0.588693] Brought up 1 CPUs
[    0.589380] Total of 1 processors activated (4587.52 BogoMIPS).
[    0.616500] devtmpfs: initialized
[    0.647366] EVM: security.selinux
[    0.648080] EVM: security.SMACK64
[    0.648507] EVM: security.capability
[    0.670461] print_constraints: dummy: 
[    0.672834] RTC time: 17:47:16, date: 02/16/16
[    0.676233] NET: Registered protocol family 16
[    0.685287] ACPI: bus type pci registered
[    0.689532] PCI: Using configuration type 1 for base access
[    0.723026] bio: create slab &lt;bio-0&gt; at 0
[    0.728648] ACPI: Added _OSI(Module Device)
[    0.729733] ACPI: Added _OSI(Processor Device)
[    0.730941] ACPI: Added _OSI(3.0 _SCP Extensions)
[    0.732124] ACPI: Added _OSI(Processor Aggregator Device)
[    0.832495] ACPI: Interpreter enabled
[    0.833186] ACPI: (supports S0 S3 S4 S5)
[    0.835127] ACPI: Using IOAPIC for interrupt routing
[    0.906765] ACPI: No dock devices found.
[    0.907426] HEST: Table not found.
[    0.908235] PCI: Using host bridge windows from ACPI; if necessary, use "pci=nocrs" and report a bug
[    0.917591] ACPI: PCI Root Bridge [PCI0] (domain 0000 [bus 00-ff])
[    0.926390] pci_root PNP0A03:00: host bridge window [io  0x0000-0x0cf7]
[    0.927379] pci_root PNP0A03:00: host bridge window [io  0x0d00-0xadff]
[    0.928066] pci_root PNP0A03:00: host bridge window [io  0xae0f-0xaeff]
[    0.928985] pci_root PNP0A03:00: host bridge window [io  0xaf20-0xafdf]
[    0.929729] pci_root PNP0A03:00: host bridge window [io  0xafe4-0xffff]
[    0.932176] pci_root PNP0A03:00: host bridge window [mem 0x000a0000-0x000bffff]
[    0.933035] pci_root PNP0A03:00: host bridge window [mem 0x04000000-0xfebfffff]
[    0.954450] pci 0000:00:01.3: quirk: [io  0xb000-0xb03f] claimed by PIIX4 ACPI
[    0.956191] pci 0000:00:01.3: quirk: [io  0xb100-0xb10f] claimed by PIIX4 SMB
[    1.021068]  pci0000:00: Unable to request _OSC control (_OSC support mask: 0x1e)
[    1.079295] ACPI: PCI Interrupt Link [LNKA] (IRQs 5 *10 11)
[    1.082197] ACPI: PCI Interrupt Link [LNKB] (IRQs 5 *10 11)
[    1.085657] ACPI: PCI Interrupt Link [LNKC] (IRQs 5 10 *11)
[    1.088396] ACPI: PCI Interrupt Link [LNKD] (IRQs 5 10 *11)
[    1.089822] ACPI: PCI Interrupt Link [LNKS] (IRQs *9)
[    1.097272] vgaarb: device added: PCI:0000:00:02.0,decodes=io+mem,owns=io+mem,locks=none
[    1.098283] vgaarb: loaded
[    1.098767] vgaarb: bridge control possible 0000:00:02.0
[    1.102226] i2c-core: driver [aat2870] using legacy suspend method
[    1.104141] i2c-core: driver [aat2870] using legacy resume method
[    1.106031] SCSI subsystem initialized
[    1.109618] usbcore: registered new interface driver usbfs
[    1.111541] usbcore: registered new interface driver hub
[    1.112708] usbcore: registered new device driver usb
[    1.117892] PCI: Using ACPI for IRQ routing
[    1.132298] NetLabel: Initializing
[    1.132952] NetLabel:  domain hash size = 128
[    1.133642] NetLabel:  protocols = UNLABELED CIPSOv4
[    1.137193] NetLabel:  unlabeled traffic allowed by default
[    1.140169] HPET: 3 timers in total, 0 timers will be used for per-cpu timer
[    1.141259] hpet0: at MMIO 0xfed00000, IRQs 2, 8, 0
[    1.142256] hpet0: 3 comparators, 64-bit 100.000000 MHz counter
[    1.156525] Switching to clocksource hpet
[    1.439814] AppArmor: AppArmor Filesystem Enabled
[    1.442127] pnp: PnP ACPI init
[    1.442759] ACPI: bus type pnp registered
[    1.463803] pnp: PnP ACPI: found 9 devices
[    1.464864] ACPI: ACPI bus type pnp unregistered
[    1.533668] NET: Registered protocol family 2
[    1.567190] IP route cache hash table entries: 512 (order: 0, 4096 bytes)
[    1.574857] TCP established hash table entries: 2048 (order: 3, 32768 bytes)
[    1.576640] TCP bind hash table entries: 2048 (order: 3, 32768 bytes)
[    1.578110] TCP: Hash tables configured (established 2048 bind 2048)
[    1.578847] TCP reno registered
[    1.579297] UDP hash table entries: 128 (order: 0, 4096 bytes)
[    1.581684] UDP-Lite hash table entries: 128 (order: 0, 4096 bytes)
[    1.584031] NET: Registered protocol family 1
[    1.586174] pci 0000:00:00.0: Limiting direct PCI/PCI transfers
[    1.586860] pci 0000:00:01.0: PIIX3: Enabling Passive Release
[    1.587951] pci 0000:00:01.0: Activating ISA DMA hang workarounds
[    1.592923] ACPI: PCI Interrupt Link [LNKD] enabled at IRQ 11
[    1.595284] pci 0000:00:01.2: PCI INT D -&gt; Link[LNKD] -&gt; GSI 11 (level, high) -&gt; IRQ 11
[    1.597798] pci 0000:00:01.2: PCI INT D disabled
[    1.615744] Trying to unpack rootfs image as initramfs...
[    1.631717] audit: initializing netlink socket (disabled)
[    1.633885] type=2000 audit(1455644836.632:1): initialized
[    1.930438] HugeTLB registered 2 MB page size, pre-allocated 0 pages
[    2.014423] VFS: Disk quotas dquot_6.5.2
[    2.018046] Dquot-cache hash table entries: 512 (order 0, 4096 bytes)
[    2.045880] fuse init (API version 7.17)
[    2.058146] msgmni has been set to 84
[    2.090690] Block layer SCSI generic (bsg) driver version 0.4 loaded (major 253)
[    2.100064] io scheduler noop registered
[    2.101814] io scheduler deadline registered (default)
[    2.102858] io scheduler cfq registered
[    2.110845] pci_hotplug: PCI Hot Plug PCI Core version: 0.5
[    2.114857] pciehp: PCI Express Hot Plug Controller Driver version: 0.4
[    2.123008] input: Power Button as /devices/LNXSYSTM:00/LNXPWRBN:00/input/input0
[    2.125917] ACPI: Power Button [PWRF]
[    2.186854] ERST: Table is not found!
[    2.187506] GHES: HEST is not enabled!
[    2.197227] ACPI: PCI Interrupt Link [LNKC] enabled at IRQ 10
[    2.198079] virtio-pci 0000:00:03.0: PCI INT A -&gt; Link[LNKC] -&gt; GSI 10 (level, high) -&gt; IRQ 10
[    2.201988] virtio-pci 0000:00:04.0: PCI INT A -&gt; Link[LNKD] -&gt; GSI 11 (level, high) -&gt; IRQ 11
[    2.218978] ACPI: PCI Interrupt Link [LNKA] enabled at IRQ 10
[    2.219997] virtio-pci 0000:00:05.0: PCI INT A -&gt; Link[LNKA] -&gt; GSI 10 (level, high) -&gt; IRQ 10
[    2.235722] Serial: 8250/16550 driver, 32 ports, IRQ sharing enabled
[    2.274857] serial8250: ttyS0 at I/O 0x3f8 (irq = 4) is a 16550A
[    2.356761] serial8250: ttyS1 at I/O 0x2f8 (irq = 3) is a 16550A
[    2.491232] 00:05: ttyS0 at I/O 0x3f8 (irq = 4) is a 16550A
[    2.573078] 00:06: ttyS1 at I/O 0x2f8 (irq = 3) is a 16550A
[    2.602179] Refined TSC clocksource calibration: 2293.818 MHz.
[    2.603055] Switching to clocksource tsc
[    2.626245] Linux agpgart interface v0.103
[    2.694548] brd: module loaded
[    2.725172] loop: module loaded
[    2.781424]  vda: unknown partition table
[    2.837502] scsi0 : ata_piix
[    2.845739] scsi1 : ata_piix
[    2.847064] ata1: PATA max MWDMA2 cmd 0x1f0 ctl 0x3f6 bmdma 0xc0a0 irq 14
[    2.847880] ata2: PATA max MWDMA2 cmd 0x170 ctl 0x376 bmdma 0xc0a8 irq 15
[    2.858969] Fixed MDIO Bus: probed
[    2.859780] tun: Universal TUN/TAP device driver, 1.6
[    2.860714] tun: (C) 1999-2004 Max Krasnyansky &lt;maxk@qualcomm.com&gt;
[    2.873481] PPP generic driver version 2.4.2
[    2.895431] ehci_hcd: USB 2.0 'Enhanced' Host Controller (EHCI) Driver
[    2.897404] ohci_hcd: USB 1.1 'Open' Host Controller (OHCI) Driver
[    2.898342] uhci_hcd: USB Universal Host Controller Interface driver
[    2.899381] uhci_hcd 0000:00:01.2: PCI INT D -&gt; Link[LNKD] -&gt; GSI 11 (level, high) -&gt; IRQ 11
[    2.903266] uhci_hcd 0000:00:01.2: UHCI Host Controller
[    2.916049] uhci_hcd 0000:00:01.2: new USB bus registered, assigned bus number 1
[    2.922417] uhci_hcd 0000:00:01.2: irq 11, io base 0x0000c040
[    2.961022] hub 1-0:1.0: USB hub found
[    2.967246] hub 1-0:1.0: 2 ports detected
[    2.978798] usbcore: registered new interface driver libusual
[    2.982828] i8042: PNP: PS/2 Controller [PNP0303:KBD,PNP0f13:MOU] at 0x60,0x64 irq 1,12
[    2.998245] serio: i8042 KBD port at 0x60,0x64 irq 1
[    3.001810] serio: i8042 AUX port at 0x60,0x64 irq 12
[    3.065977] ata2.01: ATAPI: QEMU DVD-ROM, 2.0.0, max UDMA/100
[    3.079031] ata2.01: configured for MWDMA2
[    3.103600] mousedev: PS/2 mouse device common for all mice
[    3.116474] scsi 1:0:1:0: CD-ROM            QEMU     QEMU DVD-ROM     2.0. PQ: 0 ANSI: 5
[    3.134026] input: AT Translated Set 2 keyboard as /devices/platform/i8042/serio0/input/input1
[    3.138317] rtc_cmos 00:01: RTC can wake from S4
[    3.158727] rtc_cmos 00:01: rtc core: registered rtc_cmos as rtc0
[    3.164355] rtc0: alarms up to one day, 114 bytes nvram, hpet irqs
[    3.171248] device-mapper: uevent: version 1.0.3
[    3.188983] sr0: scsi3-mmc drive: 4x/4x cd/rw xa/form2 tray
[    3.191415] cdrom: Uniform CD-ROM driver Revision: 3.20
[    3.215247] sr 1:0:1:0: Attached scsi generic sg0 type 5
[    3.233601] device-mapper: ioctl: 4.22.0-ioctl (2011-10-19) initialised: dm-devel@redhat.com
[    3.237501] cpuidle: using governor ladder
[    3.239571] cpuidle: using governor menu
[    3.240101] EFI Variables Facility v0.08 2004-May-17
[    3.251012] TCP cubic registered
[    3.254721] NET: Registered protocol family 10
[    3.283828] NET: Registered protocol family 17
[    3.285214] Registering the dns_resolver key type
[    3.357058] registered taskstats version 1
[    3.396988] Freeing initrd memory: 3656k freed
[    3.889261]   Magic number: 4:217:795
[    3.898757] rtc_cmos 00:01: setting system clock to 2016-02-16 17:47:19 UTC (1455644839)
[    3.900783] powernow-k8: Processor cpuid 663 not supported
[    3.904479] BIOS EDD facility v0.16 2004-Jun-25, 0 devices found
[    3.904479] EDD information not available.
[    3.964987] Freeing unused kernel memory: 928k freed
[    3.969837] Write protecting the kernel read-only data: 12288k
[    4.072337] Freeing unused kernel memory: 1596k freed
[    4.147452] Freeing unused kernel memory: 1184k freed

info: initramfs: up at 4.34
modprobe: module virtio_blk not found in modules.dep
modprobe: module virtio_net not found in modules.dep
info: copying initramfs to /dev/vda
info: initramfs loading root from /dev/vda
info: /etc/init.d/rc.sysinit: up at 8.84
info: container: none
Starting logging: OK
modprobe: module virtio_blk not found in modules.dep
modprobe: module virtio_net not found in modules.dep
WARN: /etc/rc3.d/S10-load-modules failed
Initializing random number generator... done.
Starting acpid: OK
cirros-ds 'local' up at 11.25
found datasource (configdrive, local)
Starting network...
udhcpc (v1.20.1) started
Sending discover...
Sending discover...

2016-02-16 17:49:18,191 19171 INFO     [tempest_lib.common.rest_client] Request (TestNetworkAdvancedServerOps:_run_cleanups): 204 DELETE http://10.4.1.3:9696/v2.0/floatingips/567a67d9-9eea-4749-a030-8fde633c9e21 0.372s
2016-02-16 17:49:18,192 19171 DEBUG    [tempest_lib.common.rest_client] Request - Headers: {'Content-Type': 'application/json', 'Accept': 'application/json', 'X-Auth-Token': '&lt;omitted&gt;'}
        Body: None
    Response - Headers: {'date': 'Tue, 16 Feb 2016 17:49:18 GMT', 'status': '204', 'connection': 'close', 'content-length': '0', 'x-openstack-request-id': 'req-a33fdf00-0834-46df-ad67-bd6b8185abd6'}
        Body: 
2016-02-16 17:49:18,580 19171 INFO     [tempest_lib.common.rest_client] Request (TestNetworkAdvancedServerOps:_run_cleanups): 204 DELETE http://10.4.1.3:8774/v2.1/17214a34020646d3ad374564e0c7dfc4/servers/bded037e-d1b0-4d97-bcdb-560c400c8abc 0.387s
2016-02-16 17:49:18,580 19171 DEBUG    [tempest_lib.common.rest_client] Request - Headers: {'Content-Type': 'application/json', 'Accept': 'application/json', 'X-Auth-Token': '&lt;omitted&gt;'}
        Body: None
    Response - Headers: {'status': '204', 'content-length': '0', 'x-compute-request-id': 'req-9c8ec4a1-4fe3-45e3-af04-08ef48965a4d', 'vary': 'X-OpenStack-Nova-API-Version', 'connection': 'close', 'x-openstack-nova-api-version': '2.1', 'date': 'Tue, 16 Feb 2016 17:49:18 GMT', 'content-type': 'application/json'}
        Body: 
2016-02-16 17:49:19,262 19171 INFO     [tempest_lib.common.rest_client] Request (TestNetworkAdvancedServerOps:_run_cleanups): 200 GET http://10.4.1.3:8774/v2.1/17214a34020646d3ad374564e0c7dfc4/servers/bded037e-d1b0-4d97-bcdb-560c400c8abc 0.681s
2016-02-16 17:49:19,262 19171 DEBUG    [tempest_lib.common.rest_client] Request - Headers: {'Content-Type': 'application/json', 'Accept': 'application/json', 'X-Auth-Token': '&lt;omitted&gt;'}
        Body: None
    Response - Headers: {'status': '200', 'content-length': '1768', 'content-location': 'http://10.4.1.3:8774/v2.1/17214a34020646d3ad374564e0c7dfc4/servers/bded037e-d1b0-4d97-bcdb-560c400c8abc', 'x-compute-request-id': 'req-7e116745-369b-4fa8-b92c-cc779e104aac', 'vary': 'X-OpenStack-Nova-API-Version', 'connection': 'close', 'x-openstack-nova-api-version': '2.1', 'date': 'Tue, 16 Feb 2016 17:49:19 GMT', 'content-type': 'application/json'}
        Body: {"server": {"status": "ACTIVE", "updated": "2016-02-16T17:49:18Z", "hostId": "9891dfde547856dbc53a7b949e13c13262ae853b1d9410793e6e2bd0", "addresses": {"tempest-network-smoke--926034828": [{"OS-EXT-IPS-MAC:mac_addr": "fa:16:3e:70:c9:82", "version": 4, "addr": "10.100.0.3", "OS-EXT-IPS:type": "fixed"}, {"OS-EXT-IPS-MAC:mac_addr": "fa:16:3e:70:c9:82", "version": 4, "addr": "172.24.4.4", "OS-EXT-IPS:type": "floating"}]}, "links": [{"href": "http://10.4.1.3:8774/v2.1/17214a34020646d3ad374564e0c7dfc4/servers/bded037e-d1b0-4d97-bcdb-560c400c8abc", "rel": "self"}, {"href": "http://10.4.1.3:8774/17214a34020646d3ad374564e0c7dfc4/servers/bded037e-d1b0-4d97-bcdb-560c400c8abc", "rel": "bookmark"}], "key_name": "tempest-TestNetworkAdvancedServerOps-1114886605", "image": {"id": "a6a0b6ef-b3b5-4273-9346-80ae3ee793e7", "links": [{"href": "http://10.4.1.3:8774/17214a34020646d3ad374564e0c7dfc4/images/a6a0b6ef-b3b5-4273-9346-80ae3ee793e7", "rel": "bookmark"}]}, "OS-EXT-STS:task_state": "deleting", "OS-EXT-STS:vm_state": "active", "OS-SRV-USG:launched_at": "2016-02-16T17:47:12.000000", "flavor": {"id": "42", "links": [{"href": "http://10.4.1.3:8774/17214a34020646d3ad374564e0c7dfc4/flavors/42", "rel": "bookmark"}]}, "id": "bded037e-d1b0-4d97-bcdb-560c400c8abc", "security_groups": [{"name": "tempest-secgroup-smoke-458816198"}], "OS-SRV-USG:terminated_at": null, "OS-EXT-AZ:availability_zone": "nova", "user_id": "df814b66412b4eff9c8d25c5b2b19d20", "name": "tempest-server-smoke-102194229", "created": "2016-02-16T17:47:07Z", "tenant_id": "17214a34020646d3ad374564e0c7dfc4", "OS-DCF:diskConfig": "MANUAL", "os-extended-volumes:volumes_attached": [], "accessIPv4": "", "accessIPv6": "", "progress": 0, "OS-EXT-STS:power_state": 1, "config_drive": "True", "metadata": {}}}
2016-02-16 17:49:20,559 19171 INFO     [tempest_lib.common.rest_client] Request (TestNetworkAdvancedServerOps:_run_cleanups): 404 GET http://10.4.1.3:8774/v2.1/17214a34020646d3ad374564e0c7dfc4/servers/bded037e-d1b0-4d97-bcdb-560c400c8abc 0.278s
2016-02-16 17:49:20,560 19171 DEBUG    [tempest_lib.common.rest_client] Request - Headers: {'Content-Type': 'application/json', 'Accept': 'application/json', 'X-Auth-Token': '&lt;omitted&gt;'}
        Body: None
    Response - Headers: {'status': '404', 'content-length': '111', 'x-compute-request-id': 'req-a92a03cb-dee7-4e5b-9ea9-4f90166fa6b4', 'vary': 'X-OpenStack-Nova-API-Version', 'connection': 'close', 'x-openstack-nova-api-version': '2.1', 'date': 'Tue, 16 Feb 2016 17:49:20 GMT', 'content-type': 'application/json; charset=UTF-8'}
        Body: {"itemNotFound": {"message": "Instance bded037e-d1b0-4d97-bcdb-560c400c8abc could not be found.", "code": 404}}
2016-02-16 17:49:21,262 19171 INFO     [tempest_lib.common.rest_client] Request (TestNetworkAdvancedServerOps:_run_cleanups): 500 PUT http://10.4.1.3:9696/v2.0/routers/70fd31cc-1c80-4f0d-b731-19e93d019317/remove_router_interface 0.701s
2016-02-16 17:49:21,262 19171 DEBUG    [tempest_lib.common.rest_client] Request - Headers: {'Content-Type': 'application/json', 'Accept': 'application/json', 'X-Auth-Token': '&lt;omitted&gt;'}
        Body: {"subnet_id": "db25d1d4-5631-4f29-9ddf-f3bbf1139c2a"}
    Response - Headers: {'status': '500', 'content-length': '150', 'connection': 'close', 'date': 'Tue, 16 Feb 2016 17:49:21 GMT', 'content-type': 'application/json; charset=UTF-8', 'x-openstack-request-id': 'req-ec28e5a1-825c-418d-aa05-a8f9b5157585'}
        Body: {"NeutronError": {"message": "Request Failed: internal server error while processing your request.", "type": "HTTPInternalServerError", "detail": ""}}
2016-02-16 17:49:21,504 19171 INFO     [tempest_lib.common.rest_client] Request (TestNetworkAdvancedServerOps:_run_cleanups): 200 GET http://10.4.1.3:9696/v2.0/routers/70fd31cc-1c80-4f0d-b731-19e93d019317 0.238s
2016-02-16 17:49:21,504 19171 DEBUG    [tempest_lib.common.rest_client] Request - Headers: {'Content-Type': 'application/json', 'Accept': 'application/json', 'X-Auth-Token': '&lt;omitted&gt;'}
        Body: None
    Response - Headers: {'status': '200', 'content-length': '500', 'content-location': 'http://10.4.1.3:9696/v2.0/routers/70fd31cc-1c80-4f0d-b731-19e93d019317', 'connection': 'close', 'date': 'Tue, 16 Feb 2016 17:49:21 GMT', 'content-type': 'application/json; charset=UTF-8', 'x-openstack-request-id': 'req-f367001a-06b2-4689-ab12-1d6e2c633340'}
        Body: {"router": {"status": "ACTIVE", "external_gateway_info": {"network_id": "95d5605c-b0d6-4313-80b5-70e3a80991d1", "enable_snat": true, "external_fixed_ips": [{"subnet_id": "f675fdfc-dacb-4adb-8860-67d3c30c8775", "ip_address": "172.24.4.3"}, {"subnet_id": "079692ad-768b-4e09-8d1a-1c52090e14e8", "ip_address": "2001:db8::3"}]}, "name": "tempest-router-smoke-542372303", "admin_state_up": true, "tenant_id": "17214a34020646d3ad374564e0c7dfc4", "routes": [], "id": "70fd31cc-1c80-4f0d-b731-19e93d019317"}}
2016-02-16 17:49:22,054 19171 INFO     [tempest_lib.common.rest_client] Request (TestNetworkAdvancedServerOps:_run_cleanups): 200 PUT http://10.4.1.3:9696/v2.0/routers/70fd31cc-1c80-4f0d-b731-19e93d019317 0.548s
2016-02-16 17:49:22,054 19171 DEBUG    [tempest_lib.common.rest_client] Request - Headers: {'Content-Type': 'application/json', 'Accept': 'application/json', 'X-Auth-Token': '&lt;omitted&gt;'}
        Body: {"router": {"external_gateway_info": {}, "name": "tempest-router-smoke-542372303", "admin_state_up": true}}
    Response - Headers: {'status': '200', 'content-length': '238', 'connection': 'close', 'date': 'Tue, 16 Feb 2016 17:49:22 GMT', 'content-type': 'application/json; charset=UTF-8', 'x-openstack-request-id': 'req-399bf04c-a274-4d74-ba45-64013af2d955'}
        Body: {"router": {"status": "ACTIVE", "external_gateway_info": null, "name": "tempest-router-smoke-542372303", "admin_state_up": true, "tenant_id": "17214a34020646d3ad374564e0c7dfc4", "routes": [], "id": "70fd31cc-1c80-4f0d-b731-19e93d019317"}}
2016-02-16 17:49:22,421 19171 INFO     [tempest_lib.common.rest_client] Request (TestNetworkAdvancedServerOps:_run_cleanups): 500 DELETE http://10.4.1.3:9696/v2.0/routers/70fd31cc-1c80-4f0d-b731-19e93d019317 0.365s
2016-02-16 17:49:22,422 19171 DEBUG    [tempest_lib.common.rest_client] Request - Headers: {'Content-Type': 'application/json', 'Accept': 'application/json', 'X-Auth-Token': '&lt;omitted&gt;'}
        Body: None
    Response - Headers: {'status': '500', 'content-length': '150', 'connection': 'close', 'date': 'Tue, 16 Feb 2016 17:49:22 GMT', 'content-type': 'application/json; charset=UTF-8', 'x-openstack-request-id': 'req-d4d2ff19-7504-42c5-81fe-7bb085501516'}
        Body: {"NeutronError": {"message": "Request Failed: internal server error while processing your request.", "type": "HTTPInternalServerError", "detail": ""}}
2016-02-16 17:49:23,220 19171 INFO     [tempest_lib.common.rest_client] Request (TestNetworkAdvancedServerOps:_run_cleanups): 204 DELETE http://10.4.1.3:9696/v2.0/networks/9ee16e5f-11da-428a-8601-11ea090aac04 0.796s
2016-02-16 17:49:23,221 19171 DEBUG    [tempest_lib.common.rest_client] Request - Headers: {'Content-Type': 'application/json', 'Accept': 'application/json', 'X-Auth-Token': '&lt;omitted&gt;'}
        Body: None
    Response - Headers: {'date': 'Tue, 16 Feb 2016 17:49:23 GMT', 'status': '204', 'connection': 'close', 'content-length': '0', 'x-openstack-request-id': 'req-14fb53a9-841f-43a1-81c0-7084ef6cf870'}
        Body: 
2016-02-16 17:49:23,517 19171 INFO     [tempest_lib.common.rest_client] Request (TestNetworkAdvancedServerOps:_run_cleanups): 204 DELETE http://10.4.1.3:9696/v2.0/security-groups/39b930fa-7edc-444f-bb0c-d450aec6625f 0.295s
2016-02-16 17:49:23,518 19171 DEBUG    [tempest_lib.common.rest_client] Request - Headers: {'Content-Type': 'application/json', 'Accept': 'application/json', 'X-Auth-Token': '&lt;omitted&gt;'}
        Body: None
    Response - Headers: {'date': 'Tue, 16 Feb 2016 17:49:23 GMT', 'status': '204', 'connection': 'close', 'content-length': '0', 'x-openstack-request-id': 'req-4892ad80-633a-47ba-af7c-b4ff281164be'}
        Body: 
2016-02-16 17:49:23,734 19171 INFO     [tempest_lib.common.rest_client] Request (TestNetworkAdvancedServerOps:_run_cleanups): 202 DELETE http://10.4.1.3:8774/v2.1/17214a34020646d3ad374564e0c7dfc4/os-keypairs/tempest-TestNetworkAdvancedServerOps-1114886605 0.215s
2016-02-16 17:49:23,735 19171 DEBUG    [tempest_lib.common.rest_client] Request - Headers: {'Content-Type': 'application/json', 'Accept': 'application/json', 'X-Auth-Token': '&lt;omitted&gt;'}
        Body: None
    Response - Headers: {'status': '202', 'content-length': '0', 'x-compute-request-id': 'req-be45af4b-607d-4c78-88b1-a28adb531f91', 'vary': 'X-OpenStack-Nova-API-Version', 'connection': 'close', 'x-openstack-nova-api-version': '2.1', 'date': 'Tue, 16 Feb 2016 17:49:23 GMT', 'content-type': 'application/json'}
        Body: 
2016-02-16 17:49:24,032 19171 INFO     [tempest_lib.common.rest_client] Request (TestNetworkAdvancedServerOps:_run_cleanups): 404 GET http://10.4.1.3:8774/v2.1/17214a34020646d3ad374564e0c7dfc4/servers/bded037e-d1b0-4d97-bcdb-560c400c8abc 0.297s
2016-02-16 17:49:24,033 19171 DEBUG    [tempest_lib.common.rest_client] Request - Headers: {'Content-Type': 'application/json', 'Accept': 'application/json', 'X-Auth-Token': '&lt;omitted&gt;'}
        Body: None
    Response - Headers: {'status': '404', 'content-length': '111', 'x-compute-request-id': 'req-403f7414-804d-4c61-8471-b1c54456c4ae', 'vary': 'X-OpenStack-Nova-API-Version', 'connection': 'close', 'x-openstack-nova-api-version': '2.1', 'date': 'Tue, 16 Feb 2016 17:49:24 GMT', 'content-type': 'application/json; charset=UTF-8'}
        Body: {"itemNotFound": {"message": "Instance bded037e-d1b0-4d97-bcdb-560c400c8abc could not be found.", "code": 404}}
}}}

traceback-1: {{{
Traceback (most recent call last):
  File "tempest/scenario/manager.py", line 108, in delete_wrapper
    delete_thing(*args, **kwargs)
  File "tempest/services/network/resources.py", line 98, in delete
    subnet_id=self.id)
  File "tempest/services/network/json/network_client.py", line 199, in remove_router_interface
    return self.update_resource(uri, kwargs)
  File "tempest/services/network/json/base.py", line 68, in update_resource
    resp, body = self.put(req_uri, req_post_data)
  File "/usr/local/lib/python2.7/dist-packages/tempest_lib/common/rest_client.py", line 322, in put
    return self.request('PUT', url, extra_headers, headers, body)
  File "/usr/local/lib/python2.7/dist-packages/tempest_lib/common/rest_client.py", line 642, in request
    resp, resp_body)
  File "/usr/local/lib/python2.7/dist-packages/tempest_lib/common/rest_client.py", line 761, in _error_checker
    message=message)
tempest_lib.exceptions.ServerFault: Got server fault
Details: Request Failed: internal server error while processing your request.
}}}

traceback-2: {{{
Traceback (most recent call last):
  File "tempest/scenario/manager.py", line 108, in delete_wrapper
    delete_thing(*args, **kwargs)
  File "tempest/services/network/resources.py", line 119, in delete
    self.client.delete_router(self.id)
  File "tempest/services/network/json/network_client.py", line 169, in delete_router
    return self.delete_resource(uri)
  File "tempest/services/network/json/base.py", line 41, in delete_resource
    resp, body = self.delete(req_uri)
  File "/usr/local/lib/python2.7/dist-packages/tempest_lib/common/rest_client.py", line 290, in delete
    return self.request('DELETE', url, extra_headers, headers, body)
  File "/usr/local/lib/python2.7/dist-packages/tempest_lib/common/rest_client.py", line 642, in request
    resp, resp_body)
  File "/usr/local/lib/python2.7/dist-packages/tempest_lib/common/rest_client.py", line 761, in _error_checker
    message=message)
tempest_lib.exceptions.ServerFault: Got server fault
Details: Request Failed: internal server error while processing your request.
}}}

Traceback (most recent call last):
  File "tempest/test.py", line 113, in wrapper
    return f(self, *func_args, **func_kwargs)
  File "tempest/scenario/test_network_advanced_server_ops.py", line 132, in test_server_connectivity_pause_unpause
    server, keypair, floating_ip = self._setup_network_and_servers()
  File "tempest/scenario/test_network_advanced_server_ops.py", line 69, in _setup_network_and_servers
    server, keypair, floating_ip)
  File "tempest/scenario/test_network_advanced_server_ops.py", line 93, in _wait_server_status_and_check_network_connectivity
    self._check_network_connectivity(server, keypair, floating_ip)
  File "tempest/scenario/test_network_advanced_server_ops.py", line 86, in _check_network_connectivity
    servers=[server])
  File "tempest/scenario/manager.py", line 598, in check_public_network_connectivity
    should_connect=should_connect)
  File "tempest/scenario/manager.py", line 582, in check_vm_connectivity
    msg=msg)
  File "/usr/local/lib/python2.7/dist-packages/unittest2/case.py", line 702, in assertTrue
    raise self.failureException(msg)
AssertionError: False is not true : Timed out waiting for 172.24.4.4 to become reachable



        </pre>
    </div>
    <!--css div popup end-->

    </td>
</tr>

<tr id='ft1.2' class='none'>
    <td class='failCase'><div class='testcase'>test_server_connectivity_reboot[compute,id-7b6860c2-afa3-4846-9522-adeb38dfbe08,network]</div></td>
    <td colspan='7' align='left'>

    <!--css div popup start-->
    <a class="popup_link" onfocus='this.blur();'
    href="javascript:showTestDetail('div_ft1.2')" >
        fail</a>

    <div id='div_ft1.2' class="popup_window">
        <div style='text-align: right; color:red;cursor:pointer'>
        <a onfocus='this.blur();'
onclick="document.getElementById('div_ft1.2').style.display = 'none' " >
           [x]</a>
        </div>
        <pre>
        
ft1.2: tempest.scenario.test_network_advanced_server_ops.TestNetworkAdvancedServerOps.test_server_connectivity_reboot[compute,id-7b6860c2-afa3-4846-9522-adeb38dfbe08,network]_StringException: Empty attachments:
  stderr
  stdout

pythonlogging:'': {{{
2016-02-16 17:49:24,515 19171 INFO     [tempest_lib.common.rest_client] Request (TestNetworkAdvancedServerOps:test_server_connectivity_reboot): 200 POST http://10.4.1.3:8774/v2.1/17214a34020646d3ad374564e0c7dfc4/os-keypairs 0.457s
2016-02-16 17:49:24,516 19171 DEBUG    [tempest_lib.common.rest_client] Request - Headers: {'Content-Type': 'application/json', 'Accept': 'application/json', 'X-Auth-Token': '&lt;omitted&gt;'}
        Body: {"keypair": {"name": "tempest-TestNetworkAdvancedServerOps-144468767"}}
    Response - Headers: {'status': '200', 'content-length': '2333', 'x-compute-request-id': 'req-a2583d02-483e-4eda-ac8d-c075df973f4d', 'vary': 'X-OpenStack-Nova-API-Version', 'connection': 'close', 'x-openstack-nova-api-version': '2.1', 'date': 'Tue, 16 Feb 2016 17:49:24 GMT', 'content-type': 'application/json'}
        Body: {"keypair": {"public_key": "ssh-rsa AAAAB3NzaC1yc2EAAAADAQABAAABAQCUPsVgfnWBie8pbEjyHmrq6sLI55o2qz9xOy87D8E7hAexwPhxycXpvm4OU3tBZ3dX2XiwehZ/jdKUp957X0gtqkZ3/RbnFrDyLwy90nv+Y7VdLfMJJzDhvKePfTLl2Y4MlD/lXs+xJfk56TtrsA4UlKEj15o/nJOdYi8IEAdW3iwME483sYa2iP0SLFehXYTQo+oU3+gcNYbIGD9oclAXvqorcAH9Drm5IOuS9j5E6/fDZzTNsKcFEgaZdI8p8uYl8QVUqgEnovR8wfQV6fdYoXBQ6GcFzYI0NmpIPtE+VDeZGO5k6g4e3BHx6WricIqZd1HRtBtwMio0C/U/H2Ft Generated-by-Nova", "private_key": "-----BEGIN RSA PRIVATE KEY-----\nMIIEqgIBAAKCAQEAlD7FYH51gYnvKWxI8h5q6urCyOeaNqs/cTsvOw/BO4QHscD4\nccnF6b5uDlN7QWd3V9l4sHoWf43SlKfee19ILapGd/0W5xaw8i8MvdJ7/mO1XS3z\nCScw4bynj30y5dmODJQ/5V7PsSX5Oek7a7AOFJShI9eaP5yTnWIvCBAHVt4sDBOP\nN7GGtoj9EixXoV2E0KPqFN/oHDWGyBg/aHJQF76qK3AB/Q65uSDrkvY+ROv3w2c0\nzbCnBRIGmXSPKfLmJfEFVKoBJ6L0fMH0Fen3WKFwUOhnBc2CNDZqSD7RPlQ3mRju\nZOoOHtwR8elq4nCKmXdR0bQbcDIqNAv1Px9hbQIDAQABAoIBAQCDoOTClCaj+aSo\n5CQ1D3sh0YdYugR9DDsNwF5kk82gmc/3Lf+rkVww+sxf3hIv9b3K/Cckk5MMeRIE\nurVaWDUPjwR5H/lJASXmNI6csZs1OrVb4iPM+cZ2eXtSdflOi4iMdMnzUOcbRTtx\nBz2ilbU64undmF+2ocGUWgymnQzXPJ4QtENtGvUGSrRaRZQdglnTFipFCiGWrWnS\nhl3w9rQoBxYeLQHubEL+5ozZfB8sHk798pqNXmihFkWEyhco5/G+FR1gldHfwYnG\nAzZfSxHhOelET8meyFci4LdRA552lw6eBhhxIYF/SrWLclU0hEIHtXyJnGeZODau\npRLo8pxlAoIAgQC6Ezb2LxWQRpvZm0affG8UZnvA+ojMIn+u2DvCToRhwsGXwUi3\n46D41jqQoko0NNEGBKpNPqH5Pco1+J+I9gj+xESUoJWL8uurAzslpyIIMcEu0MJv\nl9n98MPPS6OWEC76HTFJ5eKLZOUmTunJbT+1h4cGD4zxz7+36aiunWzkHwKCAIEA\ny/Q/8l1DbRFbCyZLJwPi29JhgQJIeXPlieA+L7hu/i3xk26UILeygiSI+gcVDD+R\nNvrvdYrJKTdkky/xeYoWOnd6KJdh41Opy+GDVolGrEtXv2T//NRPX+A3s8csNUwm\nncIP1SNp/aF2wZZkA/1cRMXitbTaqGK2YYaDoV8iKPMCggCBAJNPmveTlxK9k6zX\nDTY+IQKZj+fbcGmL9mHJtqXB23Q552HpF1Td1RarI3pVwUFLfx+wmdLFfx3/GRNZ\nXZPklIJ9h33TFBHTo1ekGzNX+c1a9oHFq+kE4wPzlFGMpFmtPkOs0NScNpn8qp2F\nY/ifkQx52x+lOARIYJONXInA//ApAoIAgQCYBsm/zDsdSqmVpwav31qzxp79fgkt\n1vELlAZmpdC+UNrYrb1moedC0R71WGAdECkbVXM3J6uIuIyUllEl6oNlM3fwV98U\nh2Fy4vd2gr8WYNbYiN2zxUIhUk3TCSzv0YKbZ3NLyakQ8NFHveVxf+LONL8n+NZg\nW6xdB9qIaBRbdwKCAIBq2+uSkaN4OlRe+Mwbi6eZEhrK6y69lvZ2sIx0DPmCtynw\nk//Ze70o/A4dIdIYzatcvS8Q6EWzHrg0E8tyOn3yG9etyVF0wO4dufnRB8FGTSn2\ne9sjd4qjc51ULxm9Rq3zEc6uIFqQEmszop1HxtDG5JaKXl7zUdvcwRQxwoMv+g==\n-----END RSA PRIVATE KEY-----\n", "user_id": "df814b66412b4eff9c8d25c5b2b19d20", "name": "tempest-TestNetworkAdvancedServerOps-144468767", "fingerprint": "2c:95:d7:6e:2f:14:f8:d2:c3:c6:4a:bf:d8:9b:6b:37"}}
2016-02-16 17:49:24,849 19171 INFO     [tempest_lib.common.rest_client] Request (TestNetworkAdvancedServerOps:test_server_connectivity_reboot): 201 POST http://10.4.1.3:9696/v2.0/security-groups 0.328s
2016-02-16 17:49:24,849 19171 DEBUG    [tempest_lib.common.rest_client] Request - Headers: {'Content-Type': 'application/json', 'Accept': 'application/json', 'X-Auth-Token': '&lt;omitted&gt;'}
        Body: {"security_group": {"tenant_id": "17214a34020646d3ad374564e0c7dfc4", "description": "tempest-secgroup-smoke-2085528447 description", "name": "tempest-secgroup-smoke-2085528447"}}
    Response - Headers: {'status': '201', 'content-length': '888', 'connection': 'close', 'date': 'Tue, 16 Feb 2016 17:49:24 GMT', 'content-type': 'application/json; charset=UTF-8', 'x-openstack-request-id': 'req-847b66a7-9b83-4994-869e-0ca99ae734bb'}
