<?xml version="1.0" encoding="UTF-8"?>
<!DOCTYPE html PUBLIC "-//W3C//DTD XHTML 1.0 Strict//EN"
     "http://www.w3.org/TR/xhtml1/DTD/xhtml1-strict.dtd">
<html xmlns="http://www.w3.org/1999/xhtml">
<head>
    <title>Unit Test Report</title>
    <meta name="generator" content="subunit2html 0.1"/>
    <meta http-equiv="Content-Type" content="text/html; charset=UTF-8"/>
    
<style type="text/css" media="screen">
body        { font-family: verdana, arial, helvetica, sans-serif;
    font-size: 80%; }
table       { font-size: 100%; width: 100%;}
pre         { font-size: 80%; }

/* -- heading -------------------------------------------------------------- */
h1 {
        font-size: 16pt;
        color: gray;
}
.heading {
    margin-top: 0ex;
    margin-bottom: 1ex;
}

.heading .attribute {
    margin-top: 1ex;
    margin-bottom: 0;
}

.heading .description {
    margin-top: 4ex;
    margin-bottom: 6ex;
}

/* -- css div popup -------------------------------------------------------- */
a.popup_link {
}

a.popup_link:hover {
    color: red;
}

.popup_window {
    display: none;
    overflow-x: scroll;
    /*border: solid #627173 1px; */
    padding: 10px;
    background-color: #E6E6D6;
    font-family: "Ubuntu Mono", "Lucida Console", "Courier New", monospace;
    text-align: left;
    font-size: 8pt;
}

}
/* -- report --------------------------------------------------------------- */
#show_detail_line {
    margin-top: 3ex;
    margin-bottom: 1ex;
}
#result_table {
    width: 100%;
    border-collapse: collapse;
    border: 1px solid #777;
}
#header_row {
    font-weight: bold;
    color: white;
    background-color: #777;
}
#result_table td {
    border: 1px solid #777;
    padding: 2px;
}
#total_row  { font-weight: bold; }
.passClass  { background-color: #6c6; }
.failClass  { background-color: #c60; }
.errorClass { background-color: #c00; }
.passCase   { color: #6c6; }
.failCase   { color: #c60; font-weight: bold; }
.errorCase  { color: #c00; font-weight: bold; }
.hiddenRow  { display: none; }
.testcase   { margin-left: 2em; }
td.testname {width: 40%}
td.small {width: 40px}

/* -- ending --------------------------------------------------------------- */
#ending {
}

</style>

</head>
<body>
<script language="javascript" type="text/javascript"><!--
output_list = Array();

/* level - 0:Summary; 1:Failed; 2:All */
function showCase(level) {
    trs = document.getElementsByTagName("tr");
    for (var i = 0; i < trs.length; i++) {
        tr = trs[i];
        id = tr.id;
        if (id.substr(0,2) == 'ft') {
            if (level < 1) {
                tr.className = 'hiddenRow';
            }
            else {
                tr.className = '';
            }
        }
        if (id.substr(0,2) == 'pt') {
            if (level > 1) {
                tr.className = '';
            }
            else {
                tr.className = 'hiddenRow';
            }
        }
    }
}


function showClassDetail(cid, count) {
    var id_list = Array(count);
    var toHide = 1;
    for (var i = 0; i < count; i++) {
        tid0 = 't' + cid.substr(1) + '.' + (i+1);
        tid = 'f' + tid0;
        tr = document.getElementById(tid);
        if (!tr) {
            tid = 'p' + tid0;
            tr = document.getElementById(tid);
        }
        id_list[i] = tid;
        if (tr.className) {
            toHide = 0;
        }
    }
    for (var i = 0; i < count; i++) {
        tid = id_list[i];
        if (toHide) {
            document.getElementById('div_'+tid).style.display = 'none'
            document.getElementById(tid).className = 'hiddenRow';
        }
        else {
            document.getElementById(tid).className = '';
        }
    }
}


function showTestDetail(div_id){
    var details_div = document.getElementById(div_id)
    var displayState = details_div.style.display
    // alert(displayState)
    if (displayState != 'block' ) {
        displayState = 'block'
        details_div.style.display = 'block'
    }
    else {
        details_div.style.display = 'none'
    }
}


function html_escape(s) {
    s = s.replace(/&/g,'&amp;');
    s = s.replace(/</g,'&lt;');
    s = s.replace(/>/g,'&gt;');
    return s;
}

/* obsoleted by detail in <div>
function showOutput(id, name) {
    var w = window.open("", //url
                    name,
                    "resizable,scrollbars,status,width=800,height=450");
    d = w.document;
    d.write("<pre>");
    d.write(html_escape(output_list[id]));
    d.write("\n");
    d.write("<a href='javascript:window.close()'>close</a>\n");
    d.write("</pre>\n");
    d.close();
}
*/
--></script>

<div class='heading'>
<h1>Unit Test Report</h1>

<p class='attribute'><strong>Status:</strong> Failure 6</p>

<p class='description'></p>
</div>



<p id='show_detail_line'>Show
<a href='javascript:showCase(0)'>Summary</a>
<a href='javascript:showCase(1)'>Failed</a>
<a href='javascript:showCase(2)'>All</a>
</p>
<table id='result_table'>
<colgroup>
<col align='left' />
<col align='right' />
<col align='right' />
<col align='right' />
<col align='right' />
<col align='right' />
<col align='right' />
<col align='right' />
</colgroup>
<tr id='header_row'>
    <td>Test Group/Test case</td>
    <td>Count</td>
    <td>Pass</td>
    <td>Fail</td>
    <td>Error</td>
    <td>Skip</td>
    <td>View</td>
    <td> </td>
</tr>

<tr class='failClass'>
    <td class="testname">tempest.scenario.test_network_advanced_server_ops.TestNetworkAdvancedServerOps</td>
    <td class="small">6</td>
    <td class="small">0</td>
    <td class="small">6</td>
    <td class="small">0</td>
    <td class="small">0</td>
    <td class="small"><a href="javascript:showClassDetail('c1',6)"
>Detail</a></td>
    <td> </td>
</tr>

<tr id='ft1.1' class='none'>
    <td class='failCase'><div class='testcase'>test_server_connectivity_pause_unpause[compute,id-2b2642db-6568-4b35-b812-eceed3fa20ce,network]</div></td>
    <td colspan='7' align='left'>

    <!--css div popup start-->
    <a class="popup_link" onfocus='this.blur();'
    href="javascript:showTestDetail('div_ft1.1')" >
        fail</a>

    <div id='div_ft1.1' class="popup_window">
        <div style='text-align: right; color:red;cursor:pointer'>
        <a onfocus='this.blur();'
onclick="document.getElementById('div_ft1.1').style.display = 'none' " >
           [x]</a>
        </div>
        <pre>
        
ft1.1: tempest.scenario.test_network_advanced_server_ops.TestNetworkAdvancedServerOps.test_server_connectivity_pause_unpause[compute,id-2b2642db-6568-4b35-b812-eceed3fa20ce,network]_StringException: Empty attachments:
  stderr
  stdout

pythonlogging:'': {{{
2016-02-18 00:20:13,389 27889 INFO     [tempest_lib.common.rest_client] Request (TestNetworkAdvancedServerOps:test_server_connectivity_pause_unpause): 200 POST http://10.4.1.3:8774/v2.1/e7c37e2c8a6a4872bb759abde93d4a92/os-keypairs 0.460s
2016-02-18 00:20:13,390 27889 DEBUG    [tempest_lib.common.rest_client] Request - Headers: {'Content-Type': 'application/json', 'Accept': 'application/json', 'X-Auth-Token': '&lt;omitted&gt;'}
        Body: {"keypair": {"name": "tempest-TestNetworkAdvancedServerOps-1703848632"}}
    Response - Headers: {'status': '200', 'content-length': '2330', 'x-compute-request-id': 'req-ebf416ac-71c5-48ec-9ceb-3a9ed1266a65', 'vary': 'X-OpenStack-Nova-API-Version', 'connection': 'close', 'x-openstack-nova-api-version': '2.1', 'date': 'Thu, 18 Feb 2016 00:20:13 GMT', 'content-type': 'application/json'}
        Body: {"keypair": {"public_key": "ssh-rsa AAAAB3NzaC1yc2EAAAADAQABAAABAQDD75bKHpsPnee5/CuJveWvSN5RhrdWLAbVng21KOOPcCsQYeAhMcUIf6apjlHcoR5bXM94idw0dKy5ILLpkWgqeg+Vg03lKdXP8+CXCmjN/lqI/Apj357FwjeHtXN/Wf6mdlxR8cRSZSRzzQuBhLJ/gLC9RZFo6LdvHPkp78EUAixtIf9kmLcrqFBAJZVQ15ABuPjFEN5mXB2S0ad+vym4qEYButGB5LG00QpKXs+K5oK+0ldcuD7SBlMGpPwb8lJty/bxN814EzV3c4iR0qkICeRCLpLwn3ezBIjbgpqM//v9DhXNMIYSOb/E40WtdGm7Gr8Ckb7Hweomxo22Lzy9 Generated-by-Nova", "private_key": "-----BEGIN RSA PRIVATE KEY-----\nMIIEpwIBAAKCAQEAw++Wyh6bD53nufwrib3lr0jeUYa3ViwG1Z4NtSjjj3ArEGHg\nITHFCH+mqY5R3KEeW1zPeIncNHSsuSCy6ZFoKnoPlYNN5SnVz/Pglwpozf5aiPwK\nY9+excI3h7Vzf1n+pnZcUfHEUmUkc80LgYSyf4CwvUWRaOi3bxz5Ke/BFAIsbSH/\nZJi3K6hQQCWVUNeQAbj4xRDeZlwdktGnfr8puKhGAbrRgeSxtNEKSl7PiuaCvtJX\nXLg+0gZTBqT8G/JSbcv28TfNeBM1d3OIkdKpCAnkQi6S8J93swSI24KajP/7/Q4V\nzTCGEjm/xONFrXRpuxq/ApG+x8HqJsaNti88vQIDAQABAoIBAH1cbqLVICrGwftq\nD0Uq3ajfu3Z39hdJRfopDOYqyiX9A2CQ7sDuQf1lBvIXH+NEptKXuBqMQfrB57zu\n4em04evDevMTNqR3ttg9ViXtQA8EPVLFx7QM4F3xHGxUuRfzMY25zumTASQimEcL\nGuB8UWRopywCNb3kn3CVHgop3uP4O1sbFq+7CJ80aI/0f6LiRd2/3BUekEbSwPqb\nXB184yJyv/vh3TVw2bAAe6DXqyxmWSvDFNHvT+jxfUlKlabBDrFo1hsMsAq7PtqE\nfA64T5JaUhIhn6U9aFWh/rvVimgf440l+a4CXVeU0LsUKNWsXsE73P6WRqFAuKZf\nAy1Pf8ECggCBAMZ5oTEasTdufkO07aomM2NSIYZl5p5YJcp55Z2o0b8YRFZVyta3\nUQ/9CNw1fI04+A5Fb3Cpo6zgx65/+PaMVN+5kfK2hr/y/M4srreJYWBfHxs8o6YB\nCJwiKP3L/7Yi35MS+RnlBabDjcR7SfzWMwper/uQrnQoeMuYx2aHro2NAoIAgQD8\nuY4qWFOfAjbzax3W4322f/8goODR2mJn5VMHpqE/3ole/1FoLwObjv9qp/OqQwZ7\nWRgSSoItzVyRvdJWt1yy70eXa/+/yPhhW/P9CdtP7uoo8FKX9R7OaKPipdbytxNa\nRhKr0W5h2ClW0w2ul55wR/d7fdWPNi/469YzoNmn8QKCAIB80gGN4DuToOnHqwHN\nADlRPVXYMD3ZV5ZswDyn6oP+qkRQB6SJZMCWTYxE8V5jcnCOiRyMviMxliv+kn0A\nkUDPcuVWv3P/Q9G52GAJDV0wPqJRftFslTnU96bP9nvbEBOLa2M95cqoFlQSPXdK\ni2uOGf6TN2p/ovRVFsBQuwQMAQKCAIBS3cDoz5dzrvU3sarSGDvTSHruRvIQvUvB\nB2fHPXLoD175wDwALlI/go7rePCjpmCMt3T2Imo2/Hxa6WP7vRnvLhhKZUYxq4MN\n4WnKUZ4QwqUTEWHzo5MbWSJLodcuNKtq0Ukz/3LzMD610nRNCDgSVvamDmelEr5+\nH05YFWjo8QKCAIA+kfwTTyZ/fZ7lY9E21ibWn5VAwagV4QkpfyJGiwM1vU4hSDji\nlZ9oyRhSIbbYOfT85wPTG7Ny2Mpfd+WyiRC7ewm/o3TuCv4rA8G7w+sCR1mI/wAc\nlo8qZxmuHW6Yw6mw/vAXtiAkT+7x6v2t8U5nSlDe1jmWq/waI6E2bsYhjg==\n-----END RSA PRIVATE KEY-----\n", "user_id": "4f6b7316c9e64c2f9d27229c7e39ab65", "name": "tempest-TestNetworkAdvancedServerOps-1703848632", "fingerprint": "28:a6:52:98:10:31:79:cc:18:18:66:10:b5:3d:a1:c0"}}
2016-02-18 00:20:13,816 27889 INFO     [tempest_lib.common.rest_client] Request (TestNetworkAdvancedServerOps:test_server_connectivity_pause_unpause): 201 POST http://10.4.1.3:9696/v2.0/security-groups 0.421s
2016-02-18 00:20:13,817 27889 DEBUG    [tempest_lib.common.rest_client] Request - Headers: {'Content-Type': 'application/json', 'Accept': 'application/json', 'X-Auth-Token': '&lt;omitted&gt;'}
        Body: {"security_group": {"tenant_id": "e7c37e2c8a6a4872bb759abde93d4a92", "description": "tempest-secgroup-smoke-231360050 description", "name": "tempest-secgroup-smoke-231360050"}}
    Response - Headers: {'status': '201', 'content-length': '886', 'connection': 'close', 'date': 'Thu, 18 Feb 2016 00:20:13 GMT', 'content-type': 'application/json; charset=UTF-8', 'x-openstack-request-id': 'req-5d83d560-95c6-4945-a112-0bb11de5b105'}
        Body: {"security_group": {"tenant_id": "e7c37e2c8a6a4872bb759abde93d4a92", "description": "tempest-secgroup-smoke-231360050 description", "id": "e2ac1284-7b33-4acb-ae02-1c047acf9bb8", "security_group_rules": [{"remote_group_id": null, "direction": "egress", "remote_ip_prefix": null, "protocol": null, "ethertype": "IPv4", "tenant_id": "e7c37e2c8a6a4872bb759abde93d4a92", "port_range_max": null, "port_range_min": null, "id": "c39babd0-b19e-48e8-a346-72da008061d2", "security_group_id": "e2ac1284-7b33-4acb-ae02-1c047acf9bb8"}, {"remote_group_id": null, "direction": "egress", "remote_ip_prefix": null, "protocol": null, "ethertype": "IPv6", "tenant_id": "e7c37e2c8a6a4872bb759abde93d4a92", "port_range_max": null, "port_range_min": null, "id": "175b87bc-7940-4638-aca5-992751c9e0d0", "security_group_id": "e2ac1284-7b33-4acb-ae02-1c047acf9bb8"}], "name": "tempest-secgroup-smoke-231360050"}}
2016-02-18 00:20:14,151 27889 INFO     [tempest_lib.common.rest_client] Request (TestNetworkAdvancedServerOps:test_server_connectivity_pause_unpause): 201 POST http://10.4.1.3:9696/v2.0/security-group-rules 0.332s
2016-02-18 00:20:14,152 27889 DEBUG    [tempest_lib.common.rest_client] Request - Headers: {'Content-Type': 'application/json', 'Accept': 'application/json', 'X-Auth-Token': '&lt;omitted&gt;'}
        Body: {"security_group_rule": {"direction": "ingress", "protocol": "tcp", "tenant_id": "e7c37e2c8a6a4872bb759abde93d4a92", "port_range_max": 22, "security_group_id": "e2ac1284-7b33-4acb-ae02-1c047acf9bb8", "port_range_min": 22}}
    Response - Headers: {'status': '201', 'content-length': '340', 'connection': 'close', 'date': 'Thu, 18 Feb 2016 00:20:14 GMT', 'content-type': 'application/json; charset=UTF-8', 'x-openstack-request-id': 'req-14df8c20-ee65-473b-b872-504185467296'}
        Body: {"security_group_rule": {"remote_group_id": null, "direction": "ingress", "remote_ip_prefix": null, "protocol": "tcp", "ethertype": "IPv4", "tenant_id": "e7c37e2c8a6a4872bb759abde93d4a92", "port_range_max": 22, "port_range_min": 22, "id": "1692324f-0e15-4927-bbdc-b7c5b9642d96", "security_group_id": "e2ac1284-7b33-4acb-ae02-1c047acf9bb8"}}
2016-02-18 00:20:14,480 27889 INFO     [tempest_lib.common.rest_client] Request (TestNetworkAdvancedServerOps:test_server_connectivity_pause_unpause): 201 POST http://10.4.1.3:9696/v2.0/security-group-rules 0.326s
2016-02-18 00:20:14,480 27889 DEBUG    [tempest_lib.common.rest_client] Request - Headers: {'Content-Type': 'application/json', 'Accept': 'application/json', 'X-Auth-Token': '&lt;omitted&gt;'}
        Body: {"security_group_rule": {"direction": "egress", "protocol": "tcp", "tenant_id": "e7c37e2c8a6a4872bb759abde93d4a92", "port_range_max": 22, "security_group_id": "e2ac1284-7b33-4acb-ae02-1c047acf9bb8", "port_range_min": 22}}
    Response - Headers: {'status': '201', 'content-length': '339', 'connection': 'close', 'date': 'Thu, 18 Feb 2016 00:20:14 GMT', 'content-type': 'application/json; charset=UTF-8', 'x-openstack-request-id': 'req-27a2fbec-69e3-470a-8823-7f24e1ebe4c4'}
        Body: {"security_group_rule": {"remote_group_id": null, "direction": "egress", "remote_ip_prefix": null, "protocol": "tcp", "ethertype": "IPv4", "tenant_id": "e7c37e2c8a6a4872bb759abde93d4a92", "port_range_max": 22, "port_range_min": 22, "id": "75999a79-ab6b-4e62-85b1-c0bcfd992e27", "security_group_id": "e2ac1284-7b33-4acb-ae02-1c047acf9bb8"}}
2016-02-18 00:20:14,820 27889 INFO     [tempest_lib.common.rest_client] Request (TestNetworkAdvancedServerOps:test_server_connectivity_pause_unpause): 201 POST http://10.4.1.3:9696/v2.0/security-group-rules 0.338s
2016-02-18 00:20:14,821 27889 DEBUG    [tempest_lib.common.rest_client] Request - Headers: {'Content-Type': 'application/json', 'Accept': 'application/json', 'X-Auth-Token': '&lt;omitted&gt;'}
        Body: {"security_group_rule": {"tenant_id": "e7c37e2c8a6a4872bb759abde93d4a92", "direction": "ingress", "protocol": "icmp", "security_group_id": "e2ac1284-7b33-4acb-ae02-1c047acf9bb8"}}
    Response - Headers: {'status': '201', 'content-length': '345', 'connection': 'close', 'date': 'Thu, 18 Feb 2016 00:20:14 GMT', 'content-type': 'application/json; charset=UTF-8', 'x-openstack-request-id': 'req-6b2e05f8-8747-478d-a47d-4df9a4ec34c5'}
        Body: {"security_group_rule": {"remote_group_id": null, "direction": "ingress", "remote_ip_prefix": null, "protocol": "icmp", "ethertype": "IPv4", "tenant_id": "e7c37e2c8a6a4872bb759abde93d4a92", "port_range_max": null, "port_range_min": null, "id": "75da3f0c-3905-4828-8a75-a8fa3e7f5313", "security_group_id": "e2ac1284-7b33-4acb-ae02-1c047acf9bb8"}}
2016-02-18 00:20:15,136 27889 INFO     [tempest_lib.common.rest_client] Request (TestNetworkAdvancedServerOps:test_server_connectivity_pause_unpause): 201 POST http://10.4.1.3:9696/v2.0/security-group-rules 0.314s
2016-02-18 00:20:15,138 27889 DEBUG    [tempest_lib.common.rest_client] Request - Headers: {'Content-Type': 'application/json', 'Accept': 'application/json', 'X-Auth-Token': '&lt;omitted&gt;'}
        Body: {"security_group_rule": {"tenant_id": "e7c37e2c8a6a4872bb759abde93d4a92", "direction": "egress", "protocol": "icmp", "security_group_id": "e2ac1284-7b33-4acb-ae02-1c047acf9bb8"}}
    Response - Headers: {'status': '201', 'content-length': '344', 'connection': 'close', 'date': 'Thu, 18 Feb 2016 00:20:15 GMT', 'content-type': 'application/json; charset=UTF-8', 'x-openstack-request-id': 'req-88302e4a-754e-428c-96cc-51a45c8ba350'}
        Body: {"security_group_rule": {"remote_group_id": null, "direction": "egress", "remote_ip_prefix": null, "protocol": "icmp", "ethertype": "IPv4", "tenant_id": "e7c37e2c8a6a4872bb759abde93d4a92", "port_range_max": null, "port_range_min": null, "id": "d4a0067d-b9ae-4570-8061-6be8395338c6", "security_group_id": "e2ac1284-7b33-4acb-ae02-1c047acf9bb8"}}
2016-02-18 00:20:15,453 27889 INFO     [tempest_lib.common.rest_client] Request (TestNetworkAdvancedServerOps:test_server_connectivity_pause_unpause): 201 POST http://10.4.1.3:9696/v2.0/security-group-rules 0.314s
2016-02-18 00:20:15,454 27889 DEBUG    [tempest_lib.common.rest_client] Request - Headers: {'Content-Type': 'application/json', 'Accept': 'application/json', 'X-Auth-Token': '&lt;omitted&gt;'}
        Body: {"security_group_rule": {"tenant_id": "e7c37e2c8a6a4872bb759abde93d4a92", "direction": "ingress", "security_group_id": "e2ac1284-7b33-4acb-ae02-1c047acf9bb8", "protocol": "icmp", "ethertype": "IPv6"}}
    Response - Headers: {'status': '201', 'content-length': '345', 'connection': 'close', 'date': 'Thu, 18 Feb 2016 00:20:15 GMT', 'content-type': 'application/json; charset=UTF-8', 'x-openstack-request-id': 'req-90bb24af-fc69-4fac-9212-a9ca74bb7350'}
        Body: {"security_group_rule": {"remote_group_id": null, "direction": "ingress", "remote_ip_prefix": null, "protocol": "icmp", "ethertype": "IPv6", "tenant_id": "e7c37e2c8a6a4872bb759abde93d4a92", "port_range_max": null, "port_range_min": null, "id": "02fc631b-b921-45e0-b046-e0cd895c8b47", "security_group_id": "e2ac1284-7b33-4acb-ae02-1c047acf9bb8"}}
2016-02-18 00:20:15,785 27889 INFO     [tempest_lib.common.rest_client] Request (TestNetworkAdvancedServerOps:test_server_connectivity_pause_unpause): 201 POST http://10.4.1.3:9696/v2.0/security-group-rules 0.329s
2016-02-18 00:20:15,786 27889 DEBUG    [tempest_lib.common.rest_client] Request - Headers: {'Content-Type': 'application/json', 'Accept': 'application/json', 'X-Auth-Token': '&lt;omitted&gt;'}
        Body: {"security_group_rule": {"tenant_id": "e7c37e2c8a6a4872bb759abde93d4a92", "direction": "egress", "security_group_id": "e2ac1284-7b33-4acb-ae02-1c047acf9bb8", "protocol": "icmp", "ethertype": "IPv6"}}
    Response - Headers: {'status': '201', 'content-length': '344', 'connection': 'close', 'date': 'Thu, 18 Feb 2016 00:20:15 GMT', 'content-type': 'application/json; charset=UTF-8', 'x-openstack-request-id': 'req-95be5107-72ee-4221-af35-fc8e218fa786'}
        Body: {"security_group_rule": {"remote_group_id": null, "direction": "egress", "remote_ip_prefix": null, "protocol": "icmp", "ethertype": "IPv6", "tenant_id": "e7c37e2c8a6a4872bb759abde93d4a92", "port_range_max": null, "port_range_min": null, "id": "e577b17f-3846-4e47-9036-1a43ae2aff44", "security_group_id": "e2ac1284-7b33-4acb-ae02-1c047acf9bb8"}}
2016-02-18 00:20:16,255 27889 INFO     [tempest_lib.common.rest_client] Request (TestNetworkAdvancedServerOps:test_server_connectivity_pause_unpause): 201 POST http://10.4.1.3:9696/v2.0/networks 0.468s
2016-02-18 00:20:16,256 27889 DEBUG    [tempest_lib.common.rest_client] Request - Headers: {'Content-Type': 'application/json', 'Accept': 'application/json', 'X-Auth-Token': '&lt;omitted&gt;'}
        Body: {"network": {"tenant_id": "e7c37e2c8a6a4872bb759abde93d4a92", "name": "tempest-network-smoke--470876000"}}
    Response - Headers: {'status': '201', 'content-length': '355', 'connection': 'close', 'date': 'Thu, 18 Feb 2016 00:20:16 GMT', 'content-type': 'application/json; charset=UTF-8', 'x-openstack-request-id': 'req-b466e757-beab-4486-8ce7-dfd7a45cc46e'}
        Body: {"network": {"status": "ACTIVE", "subnets": [], "availability_zone_hints": [], "availability_zones": [], "name": "tempest-network-smoke--470876000", "admin_state_up": true, "tenant_id": "e7c37e2c8a6a4872bb759abde93d4a92", "mtu": 1450, "router:external": false, "shared": false, "port_security_enabled": true, "id": "8ab3c51c-b33b-4a32-97f4-ec973feea9f9"}}
2016-02-18 00:20:16,546 27889 INFO     [tempest_lib.common.rest_client] Request (TestNetworkAdvancedServerOps:test_server_connectivity_pause_unpause): 201 POST http://10.4.1.3:9696/v2.0/routers 0.289s
2016-02-18 00:20:16,547 27889 DEBUG    [tempest_lib.common.rest_client] Request - Headers: {'Content-Type': 'application/json', 'Accept': 'application/json', 'X-Auth-Token': '&lt;omitted&gt;'}
        Body: {"router": {"tenant_id": "e7c37e2c8a6a4872bb759abde93d4a92", "name": "tempest-router-smoke-1496464421", "admin_state_up": true}}
    Response - Headers: {'status': '201', 'content-length': '239', 'connection': 'close', 'date': 'Thu, 18 Feb 2016 00:20:16 GMT', 'content-type': 'application/json; charset=UTF-8', 'x-openstack-request-id': 'req-6d625ece-9c18-4e75-80d5-02035398c8b8'}
        Body: {"router": {"status": "ACTIVE", "external_gateway_info": null, "name": "tempest-router-smoke-1496464421", "admin_state_up": true, "tenant_id": "e7c37e2c8a6a4872bb759abde93d4a92", "routes": [], "id": "f19ee6fa-abb6-4870-87e9-d552b02818d9"}}
2016-02-18 00:20:16,801 27889 INFO     [tempest_lib.common.rest_client] Request (TestNetworkAdvancedServerOps:test_server_connectivity_pause_unpause): 200 GET http://10.4.1.3:9696/v2.0/routers/f19ee6fa-abb6-4870-87e9-d552b02818d9 0.252s
2016-02-18 00:20:16,802 27889 DEBUG    [tempest_lib.common.rest_client] Request - Headers: {'Content-Type': 'application/json', 'Accept': 'application/json', 'X-Auth-Token': '&lt;omitted&gt;'}
        Body: None
    Response - Headers: {'status': '200', 'content-length': '239', 'content-location': 'http://10.4.1.3:9696/v2.0/routers/f19ee6fa-abb6-4870-87e9-d552b02818d9', 'connection': 'close', 'date': 'Thu, 18 Feb 2016 00:20:16 GMT', 'content-type': 'application/json; charset=UTF-8', 'x-openstack-request-id': 'req-644416f8-18da-4c7a-95ea-e80aeac93daf'}
        Body: {"router": {"status": "ACTIVE", "external_gateway_info": null, "name": "tempest-router-smoke-1496464421", "admin_state_up": true, "tenant_id": "e7c37e2c8a6a4872bb759abde93d4a92", "routes": [], "id": "f19ee6fa-abb6-4870-87e9-d552b02818d9"}}
2016-02-18 00:20:17,715 27889 INFO     [tempest_lib.common.rest_client] Request (TestNetworkAdvancedServerOps:test_server_connectivity_pause_unpause): 200 PUT http://10.4.1.3:9696/v2.0/routers/f19ee6fa-abb6-4870-87e9-d552b02818d9 0.912s
2016-02-18 00:20:17,716 27889 DEBUG    [tempest_lib.common.rest_client] Request - Headers: {'Content-Type': 'application/json', 'Accept': 'application/json', 'X-Auth-Token': '&lt;omitted&gt;'}
        Body: {"router": {"external_gateway_info": {"network_id": "e7243077-c748-486b-adff-b4762d4d506d"}, "name": "tempest-router-smoke-1496464421", "admin_state_up": true}}
    Response - Headers: {'status': '200', 'content-length': '501', 'connection': 'close', 'date': 'Thu, 18 Feb 2016 00:20:17 GMT', 'content-type': 'application/json; charset=UTF-8', 'x-openstack-request-id': 'req-5b48dbef-d856-4911-907f-5cd6bc3b3b4a'}
        Body: {"router": {"status": "ACTIVE", "external_gateway_info": {"network_id": "e7243077-c748-486b-adff-b4762d4d506d", "enable_snat": true, "external_fixed_ips": [{"subnet_id": "0c433b06-5cf9-4f33-9d1b-424be4c0966d", "ip_address": "172.24.4.3"}, {"subnet_id": "af0c863f-3cc9-4e4d-84a8-26c6f5dabb42", "ip_address": "2001:db8::3"}]}, "name": "tempest-router-smoke-1496464421", "admin_state_up": true, "tenant_id": "e7c37e2c8a6a4872bb759abde93d4a92", "routes": [], "id": "f19ee6fa-abb6-4870-87e9-d552b02818d9"}}
2016-02-18 00:20:17,963 27889 INFO     [tempest_lib.common.rest_client] Request (TestNetworkAdvancedServerOps:test_server_connectivity_pause_unpause): 200 GET http://10.4.1.3:9696/v2.0/subnets?tenant_id=e7c37e2c8a6a4872bb759abde93d4a92&amp;cidr=10.100.0.0%2F28 0.246s
2016-02-18 00:20:17,963 27889 DEBUG    [tempest_lib.common.rest_client] Request - Headers: {'Content-Type': 'application/json', 'Accept': 'application/json', 'X-Auth-Token': '&lt;omitted&gt;'}
        Body: None
    Response - Headers: {'status': '200', 'content-length': '15', 'content-location': 'http://10.4.1.3:9696/v2.0/subnets?tenant_id=e7c37e2c8a6a4872bb759abde93d4a92&amp;cidr=10.100.0.0%2F28', 'connection': 'close', 'date': 'Thu, 18 Feb 2016 00:20:17 GMT', 'content-type': 'application/json; charset=UTF-8', 'x-openstack-request-id': 'req-ad87a55d-a974-4717-bcbc-7468b1f3c670'}
        Body: {"subnets": []}
2016-02-18 00:20:18,519 27889 INFO     [tempest_lib.common.rest_client] Request (TestNetworkAdvancedServerOps:test_server_connectivity_pause_unpause): 201 POST http://10.4.1.3:9696/v2.0/subnets 0.555s
2016-02-18 00:20:18,520 27889 DEBUG    [tempest_lib.common.rest_client] Request - Headers: {'Content-Type': 'application/json', 'Accept': 'application/json', 'X-Auth-Token': '&lt;omitted&gt;'}
        Body: {"subnet": {"ip_version": 4, "tenant_id": "e7c37e2c8a6a4872bb759abde93d4a92", "cidr": "10.100.0.0/28", "network_id": "8ab3c51c-b33b-4a32-97f4-ec973feea9f9", "name": "tempest-subnet-smoke-1419683825"}}
    Response - Headers: {'status': '201', 'content-length': '478', 'connection': 'close', 'date': 'Thu, 18 Feb 2016 00:20:18 GMT', 'content-type': 'application/json; charset=UTF-8', 'x-openstack-request-id': 'req-a80cab12-8f65-4034-87be-9acbf8628551'}
        Body: {"subnet": {"name": "tempest-subnet-smoke-1419683825", "enable_dhcp": true, "network_id": "8ab3c51c-b33b-4a32-97f4-ec973feea9f9", "tenant_id": "e7c37e2c8a6a4872bb759abde93d4a92", "dns_nameservers": [], "gateway_ip": "10.100.0.1", "ipv6_ra_mode": null, "allocation_pools": [{"start": "10.100.0.2", "end": "10.100.0.14"}], "host_routes": [], "ip_version": 4, "ipv6_address_mode": null, "cidr": "10.100.0.0/28", "id": "e6e80175-e80a-4ff5-a79d-ba79622e1a77", "subnetpool_id": null}}
2016-02-18 00:20:19,194 27889 INFO     [tempest_lib.common.rest_client] Request (TestNetworkAdvancedServerOps:test_server_connectivity_pause_unpause): 200 PUT http://10.4.1.3:9696/v2.0/routers/f19ee6fa-abb6-4870-87e9-d552b02818d9/add_router_interface 0.672s
2016-02-18 00:20:19,195 27889 DEBUG    [tempest_lib.common.rest_client] Request - Headers: {'Content-Type': 'application/json', 'Accept': 'application/json', 'X-Auth-Token': '&lt;omitted&gt;'}
        Body: {"subnet_id": "e6e80175-e80a-4ff5-a79d-ba79622e1a77"}
    Response - Headers: {'status': '200', 'content-length': '309', 'connection': 'close', 'date': 'Thu, 18 Feb 2016 00:20:19 GMT', 'content-type': 'application/json; charset=UTF-8', 'x-openstack-request-id': 'req-378eaaf8-c4c5-4de1-8b5a-c262ba5b2029'}
        Body: {"network_id": "8ab3c51c-b33b-4a32-97f4-ec973feea9f9", "tenant_id": "e7c37e2c8a6a4872bb759abde93d4a92", "subnet_id": "e6e80175-e80a-4ff5-a79d-ba79622e1a77", "subnet_ids": ["e6e80175-e80a-4ff5-a79d-ba79622e1a77"], "port_id": "d181782e-3134-46e9-b69c-59d5abe0e049", "id": "f19ee6fa-abb6-4870-87e9-d552b02818d9"}
2016-02-18 00:20:19,377 27889 INFO     [tempest_lib.common.rest_client] Request (TestNetworkAdvancedServerOps:test_server_connectivity_pause_unpause): 200 POST http://10.4.1.3:5000/v2.0/tokens
2016-02-18 00:20:19,378 27889 DEBUG    [tempest_lib.common.rest_client] Request - Headers: {'Content-Type': 'application/json', 'Accept': 'application/json'}
        Body: &lt;omitted&gt;
    Response - Headers: {'status': '200', 'content-length': '2294', 'vary': 'X-Auth-Token', 'server': 'Apache/2.4.7 (Ubuntu)', 'connection': 'close', 'date': 'Thu, 18 Feb 2016 00:20:19 GMT', 'content-type': 'application/json', 'x-openstack-request-id': 'req-144e18a8-7c71-4264-b246-46d60bf84bed'}
        Body: {"access": {"token": {"issued_at": "2016-02-18T00:20:19.363689", "expires": "2016-02-18T01:20:19Z", "id": "d7709d7a08684ff08e4f3ae49796c826", "tenant": {"description": "tempest-TestNetworkAdvancedServerOps-692645965-desc", "enabled": true, "id": "e7c37e2c8a6a4872bb759abde93d4a92", "name": "tempest-TestNetworkAdvancedServerOps-692645965"}, "audit_ids": ["ntyCAm1tR2u6IVkorMaCtQ"]}, "serviceCatalog": [{"endpoints": [{"adminURL": "http://10.4.1.3:9292", "region": "RegionOne", "internalURL": "http://10.4.1.3:9292", "id": "03a53348dd2440f2a27719df089c14e3", "publicURL": "http://10.4.1.3:9292"}], "endpoints_links": [], "type": "image", "name": "glance"}, {"endpoints": [{"adminURL": "http://10.4.1.3:8774/v2.1/e7c37e2c8a6a4872bb759abde93d4a92", "region": "RegionOne", "internalURL": "http://10.4.1.3:8774/v2.1/e7c37e2c8a6a4872bb759abde93d4a92", "id": "250551b33d66465e9c1ca960d6b90af0", "publicURL": "http://10.4.1.3:8774/v2.1/e7c37e2c8a6a4872bb759abde93d4a92"}], "endpoints_links": [], "type": "compute", "name": "nova"}, {"endpoints": [{"adminURL": "http://10.4.1.3:9696/", "region": "RegionOne", "internalURL": "http://10.4.1.3:9696/", "id": "31370d89f9e54210828807630d852441", "publicURL": "http://10.4.1.3:9696/"}], "endpoints_links": [], "type": "network", "name": "neutron"}, {"endpoints": [{"adminURL": "http://10.4.1.3:35357/v2.0", "region": "RegionOne", "internalURL": "http://10.4.1.3:5000/v2.0", "id": "28b727ab57044a178b355ce488fdfb42", "publicURL": "http://10.4.1.3:5000/v2.0"}], "endpoints_links": [], "type": "identity", "name": "keystone"}, {"endpoints": [{"adminURL": "http://10.4.1.3:8774/v2/e7c37e2c8a6a4872bb759abde93d4a92", "region": "RegionOne", "internalURL": "http://10.4.1.3:8774/v2/e7c37e2c8a6a4872bb759abde93d4a92", "id": "4152d8ae92724975b649fb8dd5eb8119", "publicURL": "http://10.4.1.3:8774/v2/e7c37e2c8a6a4872bb759abde93d4a92"}], "endpoints_links": [], "type": "compute_legacy", "name": "nova_legacy"}], "user": {"username": "tempest-TestNetworkAdvancedServerOps-1968467717", "roles_links": [], "id": "4f6b7316c9e64c2f9d27229c7e39ab65", "roles": [{"name": "Member"}, {"name": "_member_"}], "name": "tempest-TestNetworkAdvancedServerOps-1968467717"}, "metadata": {"is_admin": 0, "roles": ["6a814fbffb194116ae6584ec513a8045", "9fe2ff9ee4384b1894a90878d3e92bab"]}}}
2016-02-18 00:20:19,387 27889 DEBUG    [tempest.common.fixed_network] (TestNetworkAdvancedServerOps:test_server_connectivity_pause_unpause) No valid network provided or created, defaulting to fixed_network_name
2016-02-18 00:20:20,016 27889 INFO     [tempest_lib.common.rest_client] Request (TestNetworkAdvancedServerOps:test_server_connectivity_pause_unpause): 200 GET http://10.4.1.3:8774/v2.1/e7c37e2c8a6a4872bb759abde93d4a92/os-networks 0.629s
2016-02-18 00:20:20,017 27889 DEBUG    [tempest_lib.common.rest_client] Request - Headers: {'Content-Type': 'application/json', 'Accept': 'application/json', 'X-Auth-Token': '&lt;omitted&gt;'}
        Body: None
    Response - Headers: {'status': '200', 'content-length': '478', 'content-location': 'http://10.4.1.3:8774/v2.1/e7c37e2c8a6a4872bb759abde93d4a92/os-networks', 'x-compute-request-id': 'req-785a52eb-99ab-4fb5-9bf4-34a27a9a31cf', 'vary': 'X-OpenStack-Nova-API-Version', 'connection': 'close', 'x-openstack-nova-api-version': '2.1', 'date': 'Thu, 18 Feb 2016 00:20:20 GMT', 'content-type': 'application/json'}
        Body: {"networks": [{"cidr_v6": null, "dns2": null, "dns1": null, "gateway": null, "broadcast": null, "netmask": null, "gateway_v6": null, "cidr": null, "label": "tempest-network-smoke--470876000", "id": "8ab3c51c-b33b-4a32-97f4-ec973feea9f9", "netmask_v6": null}, {"cidr_v6": null, "dns2": null, "dns1": null, "gateway": null, "broadcast": null, "netmask": null, "gateway_v6": null, "cidr": null, "label": "public", "id": "e7243077-c748-486b-adff-b4762d4d506d", "netmask_v6": null}]}
2016-02-18 00:20:20,018 27889 WARNING  [tempest.common.fixed_network] (TestNetworkAdvancedServerOps:test_server_connectivity_pause_unpause) Network with name: private not found
2016-02-18 00:20:20,018 27889 INFO     [tempest.common.fixed_network] (TestNetworkAdvancedServerOps:test_server_connectivity_pause_unpause) Found network {} available for tenant
2016-02-18 00:20:23,742 27889 INFO     [tempest_lib.common.rest_client] Request (TestNetworkAdvancedServerOps:test_server_connectivity_pause_unpause): 202 POST http://10.4.1.3:8774/v2.1/e7c37e2c8a6a4872bb759abde93d4a92/servers 3.722s
2016-02-18 00:20:23,743 27889 DEBUG    [tempest_lib.common.rest_client] Request - Headers: {'Content-Type': 'application/json', 'Accept': 'application/json', 'X-Auth-Token': '&lt;omitted&gt;'}
        Body: {"server": {"name": "tempest-server-smoke-194767416", "imageRef": "65c2689c-bbac-4660-a358-c2d7f3f5a2c2", "key_name": "tempest-TestNetworkAdvancedServerOps-1703848632", "flavorRef": "42", "networks": [{"uuid": "8ab3c51c-b33b-4a32-97f4-ec973feea9f9"}], "security_groups": [{"name": "tempest-secgroup-smoke-231360050"}]}}
    Response - Headers: {'status': '202', 'content-length': '459', 'x-compute-request-id': 'req-f30eabda-ab64-46bb-943b-60bf528b9782', 'vary': 'X-OpenStack-Nova-API-Version', 'connection': 'close', 'location': 'http://10.4.1.3:8774/v2.1/e7c37e2c8a6a4872bb759abde93d4a92/servers/607441df-5962-42aa-8100-c44ae64865f1', 'x-openstack-nova-api-version': '2.1', 'date': 'Thu, 18 Feb 2016 00:20:23 GMT', 'content-type': 'application/json'}
        Body: {"server": {"security_groups": [{"name": "tempest-secgroup-smoke-231360050"}], "OS-DCF:diskConfig": "MANUAL", "id": "607441df-5962-42aa-8100-c44ae64865f1", "links": [{"href": "http://10.4.1.3:8774/v2.1/e7c37e2c8a6a4872bb759abde93d4a92/servers/607441df-5962-42aa-8100-c44ae64865f1", "rel": "self"}, {"href": "http://10.4.1.3:8774/e7c37e2c8a6a4872bb759abde93d4a92/servers/607441df-5962-42aa-8100-c44ae64865f1", "rel": "bookmark"}], "adminPass": "V63mqjRhJTUs"}}
2016-02-18 00:20:24,284 27889 INFO     [tempest_lib.common.rest_client] Request (TestNetworkAdvancedServerOps:test_server_connectivity_pause_unpause): 200 GET http://10.4.1.3:8774/v2.1/e7c37e2c8a6a4872bb759abde93d4a92/servers/607441df-5962-42aa-8100-c44ae64865f1 0.537s
2016-02-18 00:20:24,284 27889 DEBUG    [tempest_lib.common.rest_client] Request - Headers: {'Content-Type': 'application/json', 'Accept': 'application/json', 'X-Auth-Token': '&lt;omitted&gt;'}
        Body: None
    Response - Headers: {'status': '200', 'content-length': '1349', 'content-location': 'http://10.4.1.3:8774/v2.1/e7c37e2c8a6a4872bb759abde93d4a92/servers/607441df-5962-42aa-8100-c44ae64865f1', 'x-compute-request-id': 'req-4ec391de-f37b-4783-b358-e714563248bc', 'vary': 'X-OpenStack-Nova-API-Version', 'connection': 'close', 'x-openstack-nova-api-version': '2.1', 'date': 'Thu, 18 Feb 2016 00:20:24 GMT', 'content-type': 'application/json'}
        Body: {"server": {"status": "BUILD", "updated": "2016-02-18T00:20:24Z", "hostId": "", "addresses": {}, "links": [{"href": "http://10.4.1.3:8774/v2.1/e7c37e2c8a6a4872bb759abde93d4a92/servers/607441df-5962-42aa-8100-c44ae64865f1", "rel": "self"}, {"href": "http://10.4.1.3:8774/e7c37e2c8a6a4872bb759abde93d4a92/servers/607441df-5962-42aa-8100-c44ae64865f1", "rel": "bookmark"}], "key_name": "tempest-TestNetworkAdvancedServerOps-1703848632", "image": {"id": "65c2689c-bbac-4660-a358-c2d7f3f5a2c2", "links": [{"href": "http://10.4.1.3:8774/e7c37e2c8a6a4872bb759abde93d4a92/images/65c2689c-bbac-4660-a358-c2d7f3f5a2c2", "rel": "bookmark"}]}, "OS-EXT-STS:task_state": "scheduling", "OS-EXT-STS:vm_state": "building", "OS-SRV-USG:launched_at": null, "flavor": {"id": "42", "links": [{"href": "http://10.4.1.3:8774/e7c37e2c8a6a4872bb759abde93d4a92/flavors/42", "rel": "bookmark"}]}, "id": "607441df-5962-42aa-8100-c44ae64865f1", "OS-SRV-USG:terminated_at": null, "OS-EXT-AZ:availability_zone": "", "user_id": "4f6b7316c9e64c2f9d27229c7e39ab65", "name": "tempest-server-smoke-194767416", "created": "2016-02-18T00:20:23Z", "tenant_id": "e7c37e2c8a6a4872bb759abde93d4a92", "OS-DCF:diskConfig": "MANUAL", "os-extended-volumes:volumes_attached": [], "accessIPv4": "", "accessIPv6": "", "progress": 0, "OS-EXT-STS:power_state": 0, "config_drive": "", "metadata": {}}}
2016-02-18 00:20:25,836 27889 INFO     [tempest_lib.common.rest_client] Request (TestNetworkAdvancedServerOps:test_server_connectivity_pause_unpause): 200 GET http://10.4.1.3:8774/v2.1/e7c37e2c8a6a4872bb759abde93d4a92/servers/607441df-5962-42aa-8100-c44ae64865f1 0.542s
2016-02-18 00:20:25,836 27889 DEBUG    [tempest_lib.common.rest_client] Request - Headers: {'Content-Type': 'application/json', 'Accept': 'application/json', 'X-Auth-Token': '&lt;omitted&gt;'}
        Body: None
    Response - Headers: {'status': '200', 'content-length': '1407', 'content-location': 'http://10.4.1.3:8774/v2.1/e7c37e2c8a6a4872bb759abde93d4a92/servers/607441df-5962-42aa-8100-c44ae64865f1', 'x-compute-request-id': 'req-3c11ba1d-d604-437c-98aa-84cba5f9bba5', 'vary': 'X-OpenStack-Nova-API-Version', 'connection': 'close', 'x-openstack-nova-api-version': '2.1', 'date': 'Thu, 18 Feb 2016 00:20:25 GMT', 'content-type': 'application/json'}
        Body: {"server": {"status": "BUILD", "updated": "2016-02-18T00:20:25Z", "hostId": "d77455d483400c71af6258103a15102bc79cbda4061d4781b3e66914", "addresses": {}, "links": [{"href": "http://10.4.1.3:8774/v2.1/e7c37e2c8a6a4872bb759abde93d4a92/servers/607441df-5962-42aa-8100-c44ae64865f1", "rel": "self"}, {"href": "http://10.4.1.3:8774/e7c37e2c8a6a4872bb759abde93d4a92/servers/607441df-5962-42aa-8100-c44ae64865f1", "rel": "bookmark"}], "key_name": "tempest-TestNetworkAdvancedServerOps-1703848632", "image": {"id": "65c2689c-bbac-4660-a358-c2d7f3f5a2c2", "links": [{"href": "http://10.4.1.3:8774/e7c37e2c8a6a4872bb759abde93d4a92/images/65c2689c-bbac-4660-a358-c2d7f3f5a2c2", "rel": "bookmark"}]}, "OS-EXT-STS:task_state": "spawning", "OS-EXT-STS:vm_state": "building", "OS-SRV-USG:launched_at": null, "flavor": {"id": "42", "links": [{"href": "http://10.4.1.3:8774/e7c37e2c8a6a4872bb759abde93d4a92/flavors/42", "rel": "bookmark"}]}, "id": "607441df-5962-42aa-8100-c44ae64865f1", "OS-SRV-USG:terminated_at": null, "OS-EXT-AZ:availability_zone": "nova", "user_id": "4f6b7316c9e64c2f9d27229c7e39ab65", "name": "tempest-server-smoke-194767416", "created": "2016-02-18T00:20:23Z", "tenant_id": "e7c37e2c8a6a4872bb759abde93d4a92", "OS-DCF:diskConfig": "MANUAL", "os-extended-volumes:volumes_attached": [], "accessIPv4": "", "accessIPv6": "", "progress": 0, "OS-EXT-STS:power_state": 0, "config_drive": "", "metadata": {}}}
2016-02-18 00:20:25,845 27889 INFO     [tempest.common.waiters] State transition "BUILD/scheduling" ==&gt; "BUILD/spawning" after 1 second wait
2016-02-18 00:20:27,705 27889 INFO     [tempest_lib.common.rest_client] Request (TestNetworkAdvancedServerOps:test_server_connectivity_pause_unpause): 200 GET http://10.4.1.3:8774/v2.1/e7c37e2c8a6a4872bb759abde93d4a92/servers/607441df-5962-42aa-8100-c44ae64865f1 0.858s
2016-02-18 00:20:27,705 27889 DEBUG    [tempest_lib.common.rest_client] Request - Headers: {'Content-Type': 'application/json', 'Accept': 'application/json', 'X-Auth-Token': '&lt;omitted&gt;'}
        Body: None
    Response - Headers: {'status': '200', 'content-length': '1474', 'content-location': 'http://10.4.1.3:8774/v2.1/e7c37e2c8a6a4872bb759abde93d4a92/servers/607441df-5962-42aa-8100-c44ae64865f1', 'x-compute-request-id': 'req-850069d2-229d-4c04-a57b-9c4197a86c1d', 'vary': 'X-OpenStack-Nova-API-Version', 'connection': 'close', 'x-openstack-nova-api-version': '2.1', 'date': 'Thu, 18 Feb 2016 00:20:27 GMT', 'content-type': 'application/json'}
        Body: {"server": {"status": "BUILD", "updated": "2016-02-18T00:20:25Z", "hostId": "d77455d483400c71af6258103a15102bc79cbda4061d4781b3e66914", "addresses": {}, "links": [{"href": "http://10.4.1.3:8774/v2.1/e7c37e2c8a6a4872bb759abde93d4a92/servers/607441df-5962-42aa-8100-c44ae64865f1", "rel": "self"}, {"href": "http://10.4.1.3:8774/e7c37e2c8a6a4872bb759abde93d4a92/servers/607441df-5962-42aa-8100-c44ae64865f1", "rel": "bookmark"}], "key_name": "tempest-TestNetworkAdvancedServerOps-1703848632", "image": {"id": "65c2689c-bbac-4660-a358-c2d7f3f5a2c2", "links": [{"href": "http://10.4.1.3:8774/e7c37e2c8a6a4872bb759abde93d4a92/images/65c2689c-bbac-4660-a358-c2d7f3f5a2c2", "rel": "bookmark"}]}, "OS-EXT-STS:task_state": "spawning", "OS-EXT-STS:vm_state": "building", "OS-SRV-USG:launched_at": null, "flavor": {"id": "42", "links": [{"href": "http://10.4.1.3:8774/e7c37e2c8a6a4872bb759abde93d4a92/flavors/42", "rel": "bookmark"}]}, "id": "607441df-5962-42aa-8100-c44ae64865f1", "security_groups": [{"name": "tempest-secgroup-smoke-231360050"}], "OS-SRV-USG:terminated_at": null, "OS-EXT-AZ:availability_zone": "nova", "user_id": "4f6b7316c9e64c2f9d27229c7e39ab65", "name": "tempest-server-smoke-194767416", "created": "2016-02-18T00:20:23Z", "tenant_id": "e7c37e2c8a6a4872bb759abde93d4a92", "OS-DCF:diskConfig": "MANUAL", "os-extended-volumes:volumes_attached": [], "accessIPv4": "", "accessIPv6": "", "progress": 0, "OS-EXT-STS:power_state": 0, "config_drive": "", "metadata": {}}}
2016-02-18 00:20:29,400 27889 INFO     [tempest_lib.common.rest_client] Request (TestNetworkAdvancedServerOps:test_server_connectivity_pause_unpause): 200 GET http://10.4.1.3:8774/v2.1/e7c37e2c8a6a4872bb759abde93d4a92/servers/607441df-5962-42aa-8100-c44ae64865f1 0.684s
2016-02-18 00:20:29,400 27889 DEBUG    [tempest_lib.common.rest_client] Request - Headers: {'Content-Type': 'application/json', 'Accept': 'application/json', 'X-Auth-Token': '&lt;omitted&gt;'}
        Body: None
    Response - Headers: {'status': '200', 'content-length': '1474', 'content-location': 'http://10.4.1.3:8774/v2.1/e7c37e2c8a6a4872bb759abde93d4a92/servers/607441df-5962-42aa-8100-c44ae64865f1', 'x-compute-request-id': 'req-b3aa8eb3-f6c9-4b6d-bcc6-abb5caddcbc1', 'vary': 'X-OpenStack-Nova-API-Version', 'connection': 'close', 'x-openstack-nova-api-version': '2.1', 'date': 'Thu, 18 Feb 2016 00:20:29 GMT', 'content-type': 'application/json'}
        Body: {"server": {"status": "BUILD", "updated": "2016-02-18T00:20:25Z", "hostId": "d77455d483400c71af6258103a15102bc79cbda4061d4781b3e66914", "addresses": {}, "links": [{"href": "http://10.4.1.3:8774/v2.1/e7c37e2c8a6a4872bb759abde93d4a92/servers/607441df-5962-42aa-8100-c44ae64865f1", "rel": "self"}, {"href": "http://10.4.1.3:8774/e7c37e2c8a6a4872bb759abde93d4a92/servers/607441df-5962-42aa-8100-c44ae64865f1", "rel": "bookmark"}], "key_name": "tempest-TestNetworkAdvancedServerOps-1703848632", "image": {"id": "65c2689c-bbac-4660-a358-c2d7f3f5a2c2", "links": [{"href": "http://10.4.1.3:8774/e7c37e2c8a6a4872bb759abde93d4a92/images/65c2689c-bbac-4660-a358-c2d7f3f5a2c2", "rel": "bookmark"}]}, "OS-EXT-STS:task_state": "spawning", "OS-EXT-STS:vm_state": "building", "OS-SRV-USG:launched_at": null, "flavor": {"id": "42", "links": [{"href": "http://10.4.1.3:8774/e7c37e2c8a6a4872bb759abde93d4a92/flavors/42", "rel": "bookmark"}]}, "id": "607441df-5962-42aa-8100-c44ae64865f1", "security_groups": [{"name": "tempest-secgroup-smoke-231360050"}], "OS-SRV-USG:terminated_at": null, "OS-EXT-AZ:availability_zone": "nova", "user_id": "4f6b7316c9e64c2f9d27229c7e39ab65", "name": "tempest-server-smoke-194767416", "created": "2016-02-18T00:20:23Z", "tenant_id": "e7c37e2c8a6a4872bb759abde93d4a92", "OS-DCF:diskConfig": "MANUAL", "os-extended-volumes:volumes_attached": [], "accessIPv4": "", "accessIPv6": "", "progress": 0, "OS-EXT-STS:power_state": 0, "config_drive": "", "metadata": {}}}
2016-02-18 00:20:31,062 27889 INFO     [tempest_lib.common.rest_client] Request (TestNetworkAdvancedServerOps:test_server_connectivity_pause_unpause): 200 GET http://10.4.1.3:8774/v2.1/e7c37e2c8a6a4872bb759abde93d4a92/servers/607441df-5962-42aa-8100-c44ae64865f1 0.653s
2016-02-18 00:20:31,063 27889 DEBUG    [tempest_lib.common.rest_client] Request - Headers: {'Content-Type': 'application/json', 'Accept': 'application/json', 'X-Auth-Token': '&lt;omitted&gt;'}
        Body: None
    Response - Headers: {'status': '200', 'content-length': '1645', 'content-location': 'http://10.4.1.3:8774/v2.1/e7c37e2c8a6a4872bb759abde93d4a92/servers/607441df-5962-42aa-8100-c44ae64865f1', 'x-compute-request-id': 'req-465c4f7d-f401-451b-a7d8-4779d8cc7a04', 'vary': 'X-OpenStack-Nova-API-Version', 'connection': 'close', 'x-openstack-nova-api-version': '2.1', 'date': 'Thu, 18 Feb 2016 00:20:31 GMT', 'content-type': 'application/json'}
        Body: {"server": {"status": "ACTIVE", "updated": "2016-02-18T00:20:29Z", "hostId": "d77455d483400c71af6258103a15102bc79cbda4061d4781b3e66914", "addresses": {"tempest-network-smoke--470876000": [{"OS-EXT-IPS-MAC:mac_addr": "fa:16:3e:53:58:8a", "version": 4, "addr": "10.100.0.3", "OS-EXT-IPS:type": "fixed"}]}, "links": [{"href": "http://10.4.1.3:8774/v2.1/e7c37e2c8a6a4872bb759abde93d4a92/servers/607441df-5962-42aa-8100-c44ae64865f1", "rel": "self"}, {"href": "http://10.4.1.3:8774/e7c37e2c8a6a4872bb759abde93d4a92/servers/607441df-5962-42aa-8100-c44ae64865f1", "rel": "bookmark"}], "key_name": "tempest-TestNetworkAdvancedServerOps-1703848632", "image": {"id": "65c2689c-bbac-4660-a358-c2d7f3f5a2c2", "links": [{"href": "http://10.4.1.3:8774/e7c37e2c8a6a4872bb759abde93d4a92/images/65c2689c-bbac-4660-a358-c2d7f3f5a2c2", "rel": "bookmark"}]}, "OS-EXT-STS:task_state": null, "OS-EXT-STS:vm_state": "active", "OS-SRV-USG:launched_at": "2016-02-18T00:20:29.000000", "flavor": {"id": "42", "links": [{"href": "http://10.4.1.3:8774/e7c37e2c8a6a4872bb759abde93d4a92/flavors/42", "rel": "bookmark"}]}, "id": "607441df-5962-42aa-8100-c44ae64865f1", "security_groups": [{"name": "tempest-secgroup-smoke-231360050"}], "OS-SRV-USG:terminated_at": null, "OS-EXT-AZ:availability_zone": "nova", "user_id": "4f6b7316c9e64c2f9d27229c7e39ab65", "name": "tempest-server-smoke-194767416", "created": "2016-02-18T00:20:23Z", "tenant_id": "e7c37e2c8a6a4872bb759abde93d4a92", "OS-DCF:diskConfig": "MANUAL", "os-extended-volumes:volumes_attached": [], "accessIPv4": "", "accessIPv6": "", "progress": 0, "OS-EXT-STS:power_state": 1, "config_drive": "True", "metadata": {}}}
2016-02-18 00:20:31,072 27889 INFO     [tempest.common.waiters] State transition "BUILD/spawning" ==&gt; "ACTIVE/None" after 7 second wait
2016-02-18 00:20:31,745 27889 INFO     [tempest_lib.common.rest_client] Request (TestNetworkAdvancedServerOps:test_server_connectivity_pause_unpause): 200 GET http://10.4.1.3:8774/v2.1/e7c37e2c8a6a4872bb759abde93d4a92/servers/607441df-5962-42aa-8100-c44ae64865f1 0.672s
2016-02-18 00:20:31,745 27889 DEBUG    [tempest_lib.common.rest_client] Request - Headers: {'Content-Type': 'application/json', 'Accept': 'application/json', 'X-Auth-Token': '&lt;omitted&gt;'}
        Body: None
    Response - Headers: {'status': '200', 'content-length': '1645', 'content-location': 'http://10.4.1.3:8774/v2.1/e7c37e2c8a6a4872bb759abde93d4a92/servers/607441df-5962-42aa-8100-c44ae64865f1', 'x-compute-request-id': 'req-23e82d3e-9760-478c-9b89-80ae7c341882', 'vary': 'X-OpenStack-Nova-API-Version', 'connection': 'close', 'x-openstack-nova-api-version': '2.1', 'date': 'Thu, 18 Feb 2016 00:20:31 GMT', 'content-type': 'application/json'}
        Body: {"server": {"status": "ACTIVE", "updated": "2016-02-18T00:20:29Z", "hostId": "d77455d483400c71af6258103a15102bc79cbda4061d4781b3e66914", "addresses": {"tempest-network-smoke--470876000": [{"OS-EXT-IPS-MAC:mac_addr": "fa:16:3e:53:58:8a", "version": 4, "addr": "10.100.0.3", "OS-EXT-IPS:type": "fixed"}]}, "links": [{"href": "http://10.4.1.3:8774/v2.1/e7c37e2c8a6a4872bb759abde93d4a92/servers/607441df-5962-42aa-8100-c44ae64865f1", "rel": "self"}, {"href": "http://10.4.1.3:8774/e7c37e2c8a6a4872bb759abde93d4a92/servers/607441df-5962-42aa-8100-c44ae64865f1", "rel": "bookmark"}], "key_name": "tempest-TestNetworkAdvancedServerOps-1703848632", "image": {"id": "65c2689c-bbac-4660-a358-c2d7f3f5a2c2", "links": [{"href": "http://10.4.1.3:8774/e7c37e2c8a6a4872bb759abde93d4a92/images/65c2689c-bbac-4660-a358-c2d7f3f5a2c2", "rel": "bookmark"}]}, "OS-EXT-STS:task_state": null, "OS-EXT-STS:vm_state": "active", "OS-SRV-USG:launched_at": "2016-02-18T00:20:29.000000", "flavor": {"id": "42", "links": [{"href": "http://10.4.1.3:8774/e7c37e2c8a6a4872bb759abde93d4a92/flavors/42", "rel": "bookmark"}]}, "id": "607441df-5962-42aa-8100-c44ae64865f1", "security_groups": [{"name": "tempest-secgroup-smoke-231360050"}], "OS-SRV-USG:terminated_at": null, "OS-EXT-AZ:availability_zone": "nova", "user_id": "4f6b7316c9e64c2f9d27229c7e39ab65", "name": "tempest-server-smoke-194767416", "created": "2016-02-18T00:20:23Z", "tenant_id": "e7c37e2c8a6a4872bb759abde93d4a92", "OS-DCF:diskConfig": "MANUAL", "os-extended-volumes:volumes_attached": [], "accessIPv4": "", "accessIPv6": "", "progress": 0, "OS-EXT-STS:power_state": 1, "config_drive": "True", "metadata": {}}}
2016-02-18 00:20:31,962 27889 INFO     [tempest_lib.common.rest_client] Request (TestNetworkAdvancedServerOps:test_server_connectivity_pause_unpause): 200 GET http://10.4.1.3:9696/v2.0/ports?fixed_ip=None&amp;device_id=607441df-5962-42aa-8100-c44ae64865f1 0.208s
2016-02-18 00:20:31,962 27889 DEBUG    [tempest_lib.common.rest_client] Request - Headers: {'Content-Type': 'application/json', 'Accept': 'application/json', 'X-Auth-Token': '&lt;omitted&gt;'}
        Body: None
    Response - Headers: {'status': '200', 'content-length': '755', 'content-location': 'http://10.4.1.3:9696/v2.0/ports?fixed_ip=None&amp;device_id=607441df-5962-42aa-8100-c44ae64865f1', 'connection': 'close', 'date': 'Thu, 18 Feb 2016 00:20:31 GMT', 'content-type': 'application/json; charset=UTF-8', 'x-openstack-request-id': 'req-7e82ed29-5b6e-4a04-9fab-f34959cff286'}
        Body: {"ports": [{"status": "ACTIVE", "binding:host_id": "vagrant-ubuntu-trusty-64", "name": "", "allowed_address_pairs": [], "admin_state_up": true, "network_id": "8ab3c51c-b33b-4a32-97f4-ec973feea9f9", "tenant_id": "e7c37e2c8a6a4872bb759abde93d4a92", "extra_dhcp_opts": [], "mac_address": "fa:16:3e:53:58:8a", "binding:vif_details": {"port_filter": true}, "binding:vif_type": "ovs", "device_owner": "compute:None", "binding:profile": {}, "port_security_enabled": true, "binding:vnic_type": "normal", "fixed_ips": [{"subnet_id": "e6e80175-e80a-4ff5-a79d-ba79622e1a77", "ip_address": "10.100.0.3"}], "id": "3156acc4-cbef-4582-ad1a-07db61647794", "security_groups": ["e2ac1284-7b33-4acb-ae02-1c047acf9bb8"], "device_id": "607441df-5962-42aa-8100-c44ae64865f1"}]}
2016-02-18 00:20:32,627 27889 INFO     [tempest_lib.common.rest_client] Request (TestNetworkAdvancedServerOps:test_server_connectivity_pause_unpause): 201 POST http://10.4.1.3:9696/v2.0/floatingips 0.663s
2016-02-18 00:20:32,627 27889 DEBUG    [tempest_lib.common.rest_client] Request - Headers: {'Content-Type': 'application/json', 'Accept': 'application/json', 'X-Auth-Token': '&lt;omitted&gt;'}
        Body: {"floatingip": {"floating_network_id": "e7243077-c748-486b-adff-b4762d4d506d", "tenant_id": "e7c37e2c8a6a4872bb759abde93d4a92", "fixed_ip_address": "10.100.0.3", "port_id": "3156acc4-cbef-4582-ad1a-07db61647794"}}
    Response - Headers: {'status': '201', 'content-length': '369', 'connection': 'close', 'date': 'Thu, 18 Feb 2016 00:20:32 GMT', 'content-type': 'application/json; charset=UTF-8', 'x-openstack-request-id': 'req-4947b082-fcbc-49db-b5b6-31db6502694e'}
        Body: {"floatingip": {"floating_network_id": "e7243077-c748-486b-adff-b4762d4d506d", "router_id": "f19ee6fa-abb6-4870-87e9-d552b02818d9", "fixed_ip_address": "10.100.0.3", "floating_ip_address": "172.24.4.4", "tenant_id": "e7c37e2c8a6a4872bb759abde93d4a92", "status": "ACTIVE", "port_id": "3156acc4-cbef-4582-ad1a-07db61647794", "id": "9533ad7b-9851-4dcf-8d69-7efb462afc99"}}
2016-02-18 00:20:33,387 27889 INFO     [tempest_lib.common.rest_client] Request (TestNetworkAdvancedServerOps:test_server_connectivity_pause_unpause): 200 GET http://10.4.1.3:8774/v2.1/e7c37e2c8a6a4872bb759abde93d4a92/servers/607441df-5962-42aa-8100-c44ae64865f1 0.758s
2016-02-18 00:20:33,387 27889 DEBUG    [tempest_lib.common.rest_client] Request - Headers: {'Content-Type': 'application/json', 'Accept': 'application/json', 'X-Auth-Token': '&lt;omitted&gt;'}
        Body: None
    Response - Headers: {'status': '200', 'content-length': '1645', 'content-location': 'http://10.4.1.3:8774/v2.1/e7c37e2c8a6a4872bb759abde93d4a92/servers/607441df-5962-42aa-8100-c44ae64865f1', 'x-compute-request-id': 'req-b23cc6c6-32a8-4705-806f-1649008ee54a', 'vary': 'X-OpenStack-Nova-API-Version', 'connection': 'close', 'x-openstack-nova-api-version': '2.1', 'date': 'Thu, 18 Feb 2016 00:20:33 GMT', 'content-type': 'application/json'}
        Body: {"server": {"status": "ACTIVE", "updated": "2016-02-18T00:20:29Z", "hostId": "d77455d483400c71af6258103a15102bc79cbda4061d4781b3e66914", "addresses": {"tempest-network-smoke--470876000": [{"OS-EXT-IPS-MAC:mac_addr": "fa:16:3e:53:58:8a", "version": 4, "addr": "10.100.0.3", "OS-EXT-IPS:type": "fixed"}]}, "links": [{"href": "http://10.4.1.3:8774/v2.1/e7c37e2c8a6a4872bb759abde93d4a92/servers/607441df-5962-42aa-8100-c44ae64865f1", "rel": "self"}, {"href": "http://10.4.1.3:8774/e7c37e2c8a6a4872bb759abde93d4a92/servers/607441df-5962-42aa-8100-c44ae64865f1", "rel": "bookmark"}], "key_name": "tempest-TestNetworkAdvancedServerOps-1703848632", "image": {"id": "65c2689c-bbac-4660-a358-c2d7f3f5a2c2", "links": [{"href": "http://10.4.1.3:8774/e7c37e2c8a6a4872bb759abde93d4a92/images/65c2689c-bbac-4660-a358-c2d7f3f5a2c2", "rel": "bookmark"}]}, "OS-EXT-STS:task_state": null, "OS-EXT-STS:vm_state": "active", "OS-SRV-USG:launched_at": "2016-02-18T00:20:29.000000", "flavor": {"id": "42", "links": [{"href": "http://10.4.1.3:8774/e7c37e2c8a6a4872bb759abde93d4a92/flavors/42", "rel": "bookmark"}]}, "id": "607441df-5962-42aa-8100-c44ae64865f1", "security_groups": [{"name": "tempest-secgroup-smoke-231360050"}], "OS-SRV-USG:terminated_at": null, "OS-EXT-AZ:availability_zone": "nova", "user_id": "4f6b7316c9e64c2f9d27229c7e39ab65", "name": "tempest-server-smoke-194767416", "created": "2016-02-18T00:20:23Z", "tenant_id": "e7c37e2c8a6a4872bb759abde93d4a92", "OS-DCF:diskConfig": "MANUAL", "os-extended-volumes:volumes_attached": [], "accessIPv4": "", "accessIPv6": "", "progress": 0, "OS-EXT-STS:power_state": 1, "config_drive": "True", "metadata": {}}}
2016-02-18 00:20:33,398 27889 INFO     [tempest.scenario.manager] Tenant networks not configured to be reachable.
2016-02-18 00:20:33,578 27889 INFO     [tempest_lib.common.rest_client] Request (TestNetworkAdvancedServerOps:test_server_connectivity_pause_unpause): 200 GET http://10.4.1.3:9696/v2.0/floatingips/9533ad7b-9851-4dcf-8d69-7efb462afc99 0.179s
2016-02-18 00:20:33,579 27889 DEBUG    [tempest_lib.common.rest_client] Request - Headers: {'Content-Type': 'application/json', 'Accept': 'application/json', 'X-Auth-Token': '&lt;omitted&gt;'}
        Body: None
    Response - Headers: {'status': '200', 'content-length': '369', 'content-location': 'http://10.4.1.3:9696/v2.0/floatingips/9533ad7b-9851-4dcf-8d69-7efb462afc99', 'connection': 'close', 'date': 'Thu, 18 Feb 2016 00:20:33 GMT', 'content-type': 'application/json; charset=UTF-8', 'x-openstack-request-id': 'req-6aba47c2-9098-408f-988d-dc3e2ddd1fa9'}
        Body: {"floatingip": {"floating_network_id": "e7243077-c748-486b-adff-b4762d4d506d", "router_id": "f19ee6fa-abb6-4870-87e9-d552b02818d9", "fixed_ip_address": "10.100.0.3", "floating_ip_address": "172.24.4.4", "tenant_id": "e7c37e2c8a6a4872bb759abde93d4a92", "status": "ACTIVE", "port_id": "3156acc4-cbef-4582-ad1a-07db61647794", "id": "9533ad7b-9851-4dcf-8d69-7efb462afc99"}}
2016-02-18 00:20:33,579 27889 INFO     [tempest.scenario.manager] FloatingIP: &lt;"FloatingIP" addr="172.24.4.4" id="9533ad7b-9851-4dcf-8d69-7efb462afc99"&gt; is at status: ACTIVE
2016-02-18 00:20:33,579 27889 DEBUG    [tempest.scenario.manager] checking network connections to IP 172.24.4.4 with user: cirros
2016-02-18 00:20:33,580 27889 DEBUG    [tempest.scenario.manager] TestNetworkAdvancedServerOps:test_server_connectivity_pause_unpause begins to ping 172.24.4.4 in 120 sec and the expected result is reachable
2016-02-18 00:22:35,192 27889 DEBUG    [tempest.scenario.manager] TestNetworkAdvancedServerOps:test_server_connectivity_pause_unpause finishes ping 172.24.4.4 in 120 sec and the ping result is unexpected
2016-02-18 00:22:35,193 27889 ERROR    [tempest.scenario.manager] Public network connectivity check failed
2016-02-18 00:22:35.193 27889 ERROR tempest.scenario.manager Traceback (most recent call last):
2016-02-18 00:22:35.193 27889 ERROR tempest.scenario.manager   File "tempest/scenario/manager.py", line 598, in check_public_network_connectivity
2016-02-18 00:22:35.193 27889 ERROR tempest.scenario.manager     should_connect=should_connect)
2016-02-18 00:22:35.193 27889 ERROR tempest.scenario.manager   File "tempest/scenario/manager.py", line 582, in check_vm_connectivity
2016-02-18 00:22:35.193 27889 ERROR tempest.scenario.manager     msg=msg)
2016-02-18 00:22:35.193 27889 ERROR tempest.scenario.manager   File "/usr/local/lib/python2.7/dist-packages/unittest2/case.py", line 702, in assertTrue
2016-02-18 00:22:35.193 27889 ERROR tempest.scenario.manager     raise self.failureException(msg)
2016-02-18 00:22:35.193 27889 ERROR tempest.scenario.manager AssertionError: False is not true : Timed out waiting for 172.24.4.4 to become reachable
2016-02-18 00:22:35.193 27889 ERROR tempest.scenario.manager 
2016-02-18 00:22:35,613 27889 INFO     [tempest_lib.common.rest_client] Request (TestNetworkAdvancedServerOps:test_server_connectivity_pause_unpause): 200 POST http://10.4.1.3:8774/v2.1/e7c37e2c8a6a4872bb759abde93d4a92/servers/607441df-5962-42aa-8100-c44ae64865f1/action 0.415s
2016-02-18 00:22:35,614 27889 DEBUG    [tempest_lib.common.rest_client] Request - Headers: {'Content-Type': 'application/json', 'Accept': 'application/json', 'X-Auth-Token': '&lt;omitted&gt;'}
        Body: {"os-getConsoleOutput": {}}
    Response - Headers: {'status': '200', 'content-length': '17468', 'x-compute-request-id': 'req-5aa67c50-79d9-497f-aab4-9e3cba1066bc', 'vary': 'X-OpenStack-Nova-API-Version', 'connection': 'close', 'x-openstack-nova-api-version': '2.1', 'date': 'Thu, 18 Feb 2016 00:22:35 GMT', 'content-type': 'application/json'}
        Body: {"output": "[    0.000000] Initializing cgroup subsys cpuset\n[    0.000000] Initializing cgroup subsys cpu\n[    0.000000] Linux version 3.2.0-80-virtual (buildd@batsu) (gcc version 4.6.3 (Ubuntu/Linaro 4.6.3-1ubuntu5) ) #116-Ubuntu SMP Mon Mar 23 17:28:52 UTC 2015 (Ubuntu 3.2.0-80.116-virtual 3.2.68)\n[    0.000000] Command line: root=/dev/vda console=tty0 console=ttyS0 no_timer_check\n[    0.000000] KERNEL supported cpus:\n[    0.000000]   Intel GenuineIntel\n[    0.000000]   AMD AuthenticAMD\n[    0.000000]   Centaur CentaurHauls\n[    0.000000] BIOS-provided physical RAM map:\n[    0.000000]  BIOS-e820: 0000000000000000 - 000000000009fc00 (usable)\n[    0.000000]  BIOS-e820: 000000000009fc00 - 00000000000a0000 (reserved)\n[    0.000000]  BIOS-e820: 00000000000f0000 - 0000000000100000 (reserved)\n[    0.000000]  BIOS-e820: 0000000000100000 - 0000000003ffe000 (usable)\n[    0.000000]  BIOS-e820: 0000000003ffe000 - 0000000004000000 (reserved)\n[    0.000000]  BIOS-e820: 00000000fffc0000 - 0000000100000000 (reserved)\n[    0.000000] NX (Execute Disable) protection: active\n[    0.000000] SMBIOS 2.4 present.\n[    0.000000] No AGP bridge found\n[    0.000000] last_pfn = 0x3ffe max_arch_pfn = 0x400000000\n[    0.000000] x86 PAT enabled: cpu 0, old 0x7040600070406, new 0x7010600070106\n[    0.000000] found SMP MP-table at [ffff8800000f0b00] f0b00\n[    0.000000] init_memory_mapping: 0000000000000000-0000000003ffe000\n[    0.000000] RAMDISK: 03c5e000 - 03ff0000\n[    0.000000] ACPI: RSDP 00000000000f0950 00014 (v00 BOCHS )\n[    0.000000] ACPI: RSDT 0000000003fffbc1 00034 (v01 BOCHS  BXPCRSDT 00000001 BXPC 00000001)\n[    0.000000] ACPI: FACP 0000000003fff1c0 00074 (v01 BOCHS  BXPCFACP 00000001 BXPC 00000001)\n[    0.000000] ACPI: DSDT 0000000003ffe040 01180 (v01 BOCHS  BXPCDSDT 00000001 BXPC 00000001)\n[    0.000000] ACPI: FACS 0000000003ffe000 00040\n[    0.000000] ACPI: SSDT 0000000003fff234 008DD (v01 BOCHS  BXPCSSDT 00000001 BXPC 00000001)\n[    0.000000] ACPI: APIC 0000000003fffb11 00078 (v01 BOCHS  BXPCAPIC 00000001 BXPC 00000001)\n[    0.000000] ACPI: HPET 0000000003fffb89 00038 (v01 BOCHS  BXPCHPET 00000001 BXPC 00000001)\n[    0.000000] No NUMA configuration found\n[    0.000000] Faking a node at 0000000000000000-0000000003ffe000\n[    0.000000] Initmem setup node 0 0000000000000000-0000000003ffe000\n[    0.000000]   NODE_DATA [0000000003ff6000 - 0000000003ffafff]\n[    0.000000] Zone PFN ranges:\n[    0.000000]   DMA      0x00000010 -&gt; 0x00001000\n[    0.000000]   DMA32    0x00001000 -&gt; 0x00100000\n[    0.000000]   Normal   empty\n[    0.000000] Movable zone start PFN for each node\n[    0.000000] early_node_map[2] active PFN ranges\n[    0.000000]     0: 0x00000010 -&gt; 0x0000009f\n[    0.000000]     0: 0x00000100 -&gt; 0x00003ffe\n[    0.000000] ACPI: PM-Timer IO Port: 0xb008\n[    0.000000] ACPI: LAPIC (acpi_id[0x00] lapic_id[0x00] enabled)\n[    0.000000] ACPI: LAPIC_NMI (acpi_id[0xff] dfl dfl lint[0x1])\n[    0.000000] ACPI: IOAPIC (id[0x00] address[0xfec00000] gsi_base[0])\n[    0.000000] IOAPIC[0]: apic_id 0, version 17, address 0xfec00000, GSI 0-23\n[    0.000000] ACPI: INT_SRC_OVR (bus 0 bus_irq 0 global_irq 2 dfl dfl)\n[    0.000000] ACPI: INT_SRC_OVR (bus 0 bus_irq 5 global_irq 5 high level)\n[    0.000000] ACPI: INT_SRC_OVR (bus 0 bus_irq 9 global_irq 9 high level)\n[    0.000000] ACPI: INT_SRC_OVR (bus 0 bus_irq 10 global_irq 10 high level)\n[    0.000000] ACPI: INT_SRC_OVR (bus 0 bus_irq 11 global_irq 11 high level)\n[    0.000000] Using ACPI (MADT) for SMP configuration information\n[    0.000000] ACPI: HPET id: 0x8086a201 base: 0xfed00000\n[    0.000000] SMP: Allowing 1 CPUs, 0 hotplug CPUs\n[    0.000000] PM: Registered nosave memory: 000000000009f000 - 00000000000a0000\n[    0.000000] PM: Registered nosave memory: 00000000000a0000 - 00000000000f0000\n[    0.000000] PM: Registered nosave memory: 00000000000f0000 - 0000000000100000\n[    0.000000] Allocating PCI resources starting at 4000000 (gap: 4000000:fbfc0000)\n[    0.000000] Booting paravirtualized kernel on bare hardware\n[    0.000000] setup_pe
2016-02-18 00:22:35,617 27889 DEBUG    [tempest.scenario.manager] Console output for 607441df-5962-42aa-8100-c44ae64865f1
body=
[    0.000000] Initializing cgroup subsys cpuset
[    0.000000] Initializing cgroup subsys cpu
[    0.000000] Linux version 3.2.0-80-virtual (buildd@batsu) (gcc version 4.6.3 (Ubuntu/Linaro 4.6.3-1ubuntu5) ) #116-Ubuntu SMP Mon Mar 23 17:28:52 UTC 2015 (Ubuntu 3.2.0-80.116-virtual 3.2.68)
[    0.000000] Command line: root=/dev/vda console=tty0 console=ttyS0 no_timer_check
[    0.000000] KERNEL supported cpus:
[    0.000000]   Intel GenuineIntel
[    0.000000]   AMD AuthenticAMD
[    0.000000]   Centaur CentaurHauls
[    0.000000] BIOS-provided physical RAM map:
[    0.000000]  BIOS-e820: 0000000000000000 - 000000000009fc00 (usable)
[    0.000000]  BIOS-e820: 000000000009fc00 - 00000000000a0000 (reserved)
[    0.000000]  BIOS-e820: 00000000000f0000 - 0000000000100000 (reserved)
[    0.000000]  BIOS-e820: 0000000000100000 - 0000000003ffe000 (usable)
[    0.000000]  BIOS-e820: 0000000003ffe000 - 0000000004000000 (reserved)
[    0.000000]  BIOS-e820: 00000000fffc0000 - 0000000100000000 (reserved)
[    0.000000] NX (Execute Disable) protection: active
[    0.000000] SMBIOS 2.4 present.
[    0.000000] No AGP bridge found
[    0.000000] last_pfn = 0x3ffe max_arch_pfn = 0x400000000
[    0.000000] x86 PAT enabled: cpu 0, old 0x7040600070406, new 0x7010600070106
[    0.000000] found SMP MP-table at [ffff8800000f0b00] f0b00
[    0.000000] init_memory_mapping: 0000000000000000-0000000003ffe000
[    0.000000] RAMDISK: 03c5e000 - 03ff0000
[    0.000000] ACPI: RSDP 00000000000f0950 00014 (v00 BOCHS )
[    0.000000] ACPI: RSDT 0000000003fffbc1 00034 (v01 BOCHS  BXPCRSDT 00000001 BXPC 00000001)
[    0.000000] ACPI: FACP 0000000003fff1c0 00074 (v01 BOCHS  BXPCFACP 00000001 BXPC 00000001)
[    0.000000] ACPI: DSDT 0000000003ffe040 01180 (v01 BOCHS  BXPCDSDT 00000001 BXPC 00000001)
[    0.000000] ACPI: FACS 0000000003ffe000 00040
[    0.000000] ACPI: SSDT 0000000003fff234 008DD (v01 BOCHS  BXPCSSDT 00000001 BXPC 00000001)
[    0.000000] ACPI: APIC 0000000003fffb11 00078 (v01 BOCHS  BXPCAPIC 00000001 BXPC 00000001)
[    0.000000] ACPI: HPET 0000000003fffb89 00038 (v01 BOCHS  BXPCHPET 00000001 BXPC 00000001)
[    0.000000] No NUMA configuration found
[    0.000000] Faking a node at 0000000000000000-0000000003ffe000
[    0.000000] Initmem setup node 0 0000000000000000-0000000003ffe000
[    0.000000]   NODE_DATA [0000000003ff6000 - 0000000003ffafff]
[    0.000000] Zone PFN ranges:
[    0.000000]   DMA      0x00000010 -&gt; 0x00001000
[    0.000000]   DMA32    0x00001000 -&gt; 0x00100000
[    0.000000]   Normal   empty
[    0.000000] Movable zone start PFN for each node
[    0.000000] early_node_map[2] active PFN ranges
[    0.000000]     0: 0x00000010 -&gt; 0x0000009f
[    0.000000]     0: 0x00000100 -&gt; 0x00003ffe
[    0.000000] ACPI: PM-Timer IO Port: 0xb008
[    0.000000] ACPI: LAPIC (acpi_id[0x00] lapic_id[0x00] enabled)
[    0.000000] ACPI: LAPIC_NMI (acpi_id[0xff] dfl dfl lint[0x1])
[    0.000000] ACPI: IOAPIC (id[0x00] address[0xfec00000] gsi_base[0])
[    0.000000] IOAPIC[0]: apic_id 0, version 17, address 0xfec00000, GSI 0-23
[    0.000000] ACPI: INT_SRC_OVR (bus 0 bus_irq 0 global_irq 2 dfl dfl)
[    0.000000] ACPI: INT_SRC_OVR (bus 0 bus_irq 5 global_irq 5 high level)
[    0.000000] ACPI: INT_SRC_OVR (bus 0 bus_irq 9 global_irq 9 high level)
[    0.000000] ACPI: INT_SRC_OVR (bus 0 bus_irq 10 global_irq 10 high level)
[    0.000000] ACPI: INT_SRC_OVR (bus 0 bus_irq 11 global_irq 11 high level)
[    0.000000] Using ACPI (MADT) for SMP configuration information
[    0.000000] ACPI: HPET id: 0x8086a201 base: 0xfed00000
[    0.000000] SMP: Allowing 1 CPUs, 0 hotplug CPUs
[    0.000000] PM: Registered nosave memory: 000000000009f000 - 00000000000a0000
[    0.000000] PM: Registered nosave memory: 00000000000a0000 - 00000000000f0000
[    0.000000] PM: Registered nosave memory: 00000000000f0000 - 0000000000100000
[    0.000000] Allocating PCI resources starting at 4000000 (gap: 4000000:fbfc0000)
[    0.000000] Booting paravirtualized kernel on bare hardware
[    0.000000] setup_percpu: NR_CPUS:64 nr_cpumask_bits:64 nr_cpu_ids:1 nr_node_ids:1
[    0.000000] PERCPU: Embedded 27 pages/cpu @ffff880003a00000 s78848 r8192 d23552 u2097152
[    0.000000] Built 1 zonelists in Node order, mobility grouping on.  Total pages: 16008
[    0.000000] Policy zone: DMA32
[    0.000000] Kernel command line: root=/dev/vda console=tty0 console=ttyS0 no_timer_check
[    0.000000] PID hash table entries: 256 (order: -1, 2048 bytes)
[    0.000000] Checking aperture...
[    0.000000] No AGP bridge found
[    0.000000] Memory: 43492k/65528k available (6576k kernel code, 452k absent, 21584k reserved, 6620k data, 928k init)
[    0.000000] SLUB: Genslabs=15, HWalign=64, Order=0-3, MinObjects=0, CPUs=1, Nodes=1
[    0.000000] Hierarchical RCU implementation.
[    0.000000] 	RCU dyntick-idle grace-period acceleration is enabled.
[    0.000000] NR_IRQS:4352 nr_irqs:256 16
[    0.000000] Console: colour VGA+ 80x25
[    0.000000] console [tty0] enabled
[    0.000000] console [ttyS0] enabled
[    0.000000] allocated 1048576 bytes of page_cgroup
[    0.000000] please try 'cgroup_disable=memory' option if you don't want memory cgroups
[    0.000000] Fast TSC calibration failed
[    0.000000] TSC: Unable to calibrate against PIT
[    0.000000] TSC: using HPET reference calibration
[    0.000000] Detected 2294.060 MHz processor.
[    0.032873] Calibrating delay loop (skipped), value calculated using timer frequency.. 4588.12 BogoMIPS (lpj=9176240)
[    0.036234] pid_max: default: 32768 minimum: 301
[    0.045087] Security Framework initialized
[    0.052130] AppArmor: AppArmor initialized
[    0.052854] Yama: becoming mindful.
[    0.062180] Dentry cache hash table entries: 8192 (order: 4, 65536 bytes)
[    0.064657] Inode-cache hash table entries: 4096 (order: 3, 32768 bytes)
[    0.065698] Mount-cache hash table entries: 256
[    0.082042] Initializing cgroup subsys cpuacct
[    0.084402] Initializing cgroup subsys memory
[    0.085741] Initializing cgroup subsys devices
[    0.086468] Initializing cgroup subsys freezer
[    0.088133] Initializing cgroup subsys blkio
[    0.088933] Initializing cgroup subsys perf_event
[    0.094398] mce: CPU supports 10 MCE banks
[    0.098321] SMP alternatives: switching to UP code
[    0.501963] Freeing SMP alternatives: 24k freed
[    0.504546] ACPI: Core revision 20110623
[    0.552205] ftrace: allocating 26610 entries in 105 pages
[    0.579186] ..TIMER: vector=0x30 apic1=0 pin1=2 apic2=-1 pin2=-1
[    0.580163] CPU0: AMD QEMU Virtual CPU version 2.0.0 stepping 03
[    0.584035] Performance Events: Broken PMU hardware detected, using software events only.
[    0.592473] NMI watchdog disabled (cpu0): hardware events not enabled
[    0.594021] Brought up 1 CPUs
[    0.594549] Total of 1 processors activated (4588.12 BogoMIPS).
[    0.618921] devtmpfs: initialized
[    0.649594] EVM: security.selinux
[    0.650052] EVM: security.SMACK64
[    0.650494] EVM: security.capability
[    0.670178] print_constraints: dummy: 
[    0.672812] RTC time:  0:20:33, date: 02/18/16
[    0.675058] NET: Registered protocol family 16
[    0.683276] ACPI: bus type pci registered
[    0.686652] PCI: Using configuration type 1 for base access
[    0.721262] bio: create slab &lt;bio-0&gt; at 0
[    0.726092] ACPI: Added _OSI(Module Device)
[    0.726727] ACPI: Added _OSI(Processor Device)
[    0.728105] ACPI: Added _OSI(3.0 _SCP Extensions)
[    0.728774] ACPI: Added _OSI(Processor Aggregator Device)
[    0.802826] ACPI: Interpreter enabled
[    0.804178] ACPI: (supports S0 S3 S4 S5)
[    0.805746] ACPI: Using IOAPIC for interrupt routing
[    0.881363] ACPI: No dock devices found.
[    0.881900] HEST: Table not found.
[    0.882565] PCI: Using host bridge windows from ACPI; if necessary, use "pci=nocrs" and report a bug
[    0.890009] ACPI: PCI Root Bridge [PCI0] (domain 0000 [bus 00-ff])
[    0.895079] pci_root PNP0A03:00: host bridge window [io  0x0000-0x0cf7]
[    0.896160] pci_root PNP0A03:00: host bridge window [io  0x0d00-0xadff]
[    0.896998] pci_root PNP0A03:00: host bridge window [io  0xae0f-0xaeff]
[    0.898038] pci_root PNP0A03:00: host bridge window [io  0xaf20-0xafdf]
[    0.900107] pci_root PNP0A03:00: host bridge window [io  0xafe4-0xffff]
[    0.901004] pci_root PNP0A03:00: host bridge window [mem 0x000a0000-0x000bffff]
[    0.901959] pci_root PNP0A03:00: host bridge window [mem 0x04000000-0xfebfffff]
[    0.925426] pci 0000:00:01.3: quirk: [io  0xb000-0xb03f] claimed by PIIX4 ACPI
[    0.926592] pci 0000:00:01.3: quirk: [io  0xb100-0xb10f] claimed by PIIX4 SMB
[    0.998277]  pci0000:00: Unable to request _OSC control (_OSC support mask: 0x1e)
[    1.055131] ACPI: PCI Interrupt Link [LNKA] (IRQs 5 *10 11)
[    1.058007] ACPI: PCI Interrupt Link [LNKB] (IRQs 5 *10 11)
[    1.060917] ACPI: PCI Interrupt Link [LNKC] (IRQs 5 10 *11)
[    1.062636] ACPI: PCI Interrupt Link [LNKD] (IRQs 5 10 *11)
[    1.064635] ACPI: PCI Interrupt Link [LNKS] (IRQs *9)
[    1.070658] vgaarb: device added: PCI:0000:00:02.0,decodes=io+mem,owns=io+mem,locks=none
[    1.072197] vgaarb: loaded
[    1.072580] vgaarb: bridge control possible 0000:00:02.0
[    1.076679] i2c-core: driver [aat2870] using legacy suspend method
[    1.077498] i2c-core: driver [aat2870] using legacy resume method
[    1.080403] SCSI subsystem initialized
[    1.083297] usbcore: registered new interface driver usbfs
[    1.084684] usbcore: registered new interface driver hub
[    1.085885] usbcore: registered new device driver usb
[    1.090022] PCI: Using ACPI for IRQ routing
[    1.101831] NetLabel: Initializing
[    1.102326] NetLabel:  domain hash size = 128
[    1.102881] NetLabel:  protocols = UNLABELED CIPSOv4
[    1.105471] NetLabel:  unlabeled traffic allowed by default
[    1.108238] HPET: 3 timers in total, 0 timers will be used for per-cpu timer
[    1.109531] hpet0: at MMIO 0xfed00000, IRQs 2, 8, 0
[    1.110401] hpet0: 3 comparators, 64-bit 100.000000 MHz counter
[    1.122467] Switching to clocksource hpet
[    1.350810] AppArmor: AppArmor Filesystem Enabled
[    1.352435] pnp: PnP ACPI init
[    1.353531] ACPI: bus type pnp registered
[    1.373160] pnp: PnP ACPI: found 9 devices
[    1.373901] ACPI: ACPI bus type pnp unregistered
[    1.429814] NET: Registered protocol family 2
[    1.461778] IP route cache hash table entries: 512 (order: 0, 4096 bytes)
[    1.468065] TCP established hash table entries: 2048 (order: 3, 32768 bytes)
[    1.470429] TCP bind hash table entries: 2048 (order: 3, 32768 bytes)
[    1.471393] TCP: Hash tables configured (established 2048 bind 2048)
[    1.472359] TCP reno registered
[    1.473337] UDP hash table entries: 128 (order: 0, 4096 bytes)
[    1.474304] UDP-Lite hash table entries: 128 (order: 0, 4096 bytes)
[    1.477435] NET: Registered protocol family 1
[    1.478307] pci 0000:00:00.0: Limiting direct PCI/PCI transfers
[    1.479024] pci 0000:00:01.0: PIIX3: Enabling Passive Release
[    1.479886] pci 0000:00:01.0: Activating ISA DMA hang workarounds
[    1.485518] ACPI: PCI Interrupt Link [LNKD] enabled at IRQ 11
[    1.486573] pci 0000:00:01.2: PCI INT D -&gt; Link[LNKD] -&gt; GSI 11 (level, high) -&gt; IRQ 11
[    1.489283] pci 0000:00:01.2: PCI INT D disabled
[    1.505825] Trying to unpack rootfs image as initramfs...
[    1.521701] audit: initializing netlink socket (disabled)
[    1.522878] type=2000 audit(1455754833.520:1): initialized
[    1.815061] HugeTLB registered 2 MB page size, pre-allocated 0 pages
[    1.889748] VFS: Disk quotas dquot_6.5.2
[    1.891463] Dquot-cache hash table entries: 512 (order 0, 4096 bytes)
[    1.907168] fuse init (API version 7.17)
[    1.910390] msgmni has been set to 84
[    1.947406] Block layer SCSI generic (bsg) driver version 0.4 loaded (major 253)
[    1.949729] io scheduler noop registered
[    1.950472] io scheduler deadline registered (default)
[    1.951629] io scheduler cfq registered
[    1.957568] pci_hotplug: PCI Hot Plug PCI Core version: 0.5
[    1.959166] pciehp: PCI Express Hot Plug Controller Driver version: 0.4
[    1.968008] input: Power Button as /devices/LNXSYSTM:00/LNXPWRBN:00/input/input0
[    1.970683] ACPI: Power Button [PWRF]
[    2.031278] ERST: Table is not found!
[    2.031817] GHES: HEST is not enabled!
[    2.051258] ACPI: PCI Interrupt Link [LNKC] enabled at IRQ 10
[    2.053104] virtio-pci 0000:00:03.0: PCI INT A -&gt; Link[LNKC] -&gt; GSI 10 (level, high) -&gt; IRQ 10
[    2.057259] virtio-pci 0000:00:04.0: PCI INT A -&gt; Link[LNKD] -&gt; GSI 11 (level, high) -&gt; IRQ 11
[    2.066759] ACPI: PCI Interrupt Link [LNKA] enabled at IRQ 10
[    2.067629] virtio-pci 0000:00:05.0: PCI INT A -&gt; Link[LNKA] -&gt; GSI 10 (level, high) -&gt; IRQ 10
[    2.086822] Serial: 8250/16550 driver, 32 ports, IRQ sharing enabled
[    2.125236] serial8250: ttyS0 at I/O 0x3f8 (irq = 4) is a 16550A
[    2.213269] serial8250: ttyS1 at I/O 0x2f8 (irq = 3) is a 16550A
[    2.346987] 00:05: ttyS0 at I/O 0x3f8 (irq = 4) is a 16550A
[    2.431834] 00:06: ttyS1 at I/O 0x2f8 (irq = 3) is a 16550A
[    2.489375] Linux agpgart interface v0.103
[    2.497113] Refined TSC clocksource calibration: 2294.169 MHz.
[    2.498099] Switching to clocksource tsc
[    2.557696] brd: module loaded
[    2.586830] loop: module loaded
[    2.630443]  vda: unknown partition table
[    2.693577] scsi0 : ata_piix
[    2.695780] scsi1 : ata_piix
[    2.698268] ata1: PATA max MWDMA2 cmd 0x1f0 ctl 0x3f6 bmdma 0xc0a0 irq 14
[    2.699398] ata2: PATA max MWDMA2 cmd 0x170 ctl 0x376 bmdma 0xc0a8 irq 15
[    2.710968] Fixed MDIO Bus: probed
[    2.711924] tun: Universal TUN/TAP device driver, 1.6
[    2.713165] tun: (C) 1999-2004 Max Krasnyansky &lt;maxk@qualcomm.com&gt;
[    2.732134] PPP generic driver version 2.4.2
[    2.755522] ehci_hcd: USB 2.0 'Enhanced' Host Controller (EHCI) Driver
[    2.758424] ohci_hcd: USB 1.1 'Open' Host Controller (OHCI) Driver
[    2.760069] uhci_hcd: USB Universal Host Controller Interface driver
[    2.763167] uhci_hcd 0000:00:01.2: PCI INT D -&gt; Link[LNKD] -&gt; GSI 11 (level, high) -&gt; IRQ 11
[    2.770868] uhci_hcd 0000:00:01.2: UHCI Host Controller
[    2.797683] uhci_hcd 0000:00:01.2: new USB bus registered, assigned bus number 1
[    2.799768] uhci_hcd 0000:00:01.2: irq 11, io base 0x0000c040
[    2.832565] hub 1-0:1.0: USB hub found
[    2.834062] hub 1-0:1.0: 2 ports detected
[    2.845117] usbcore: registered new interface driver libusual
[    2.848721] i8042: PNP: PS/2 Controller [PNP0303:KBD,PNP0f13:MOU] at 0x60,0x64 irq 1,12
[    2.858477] serio: i8042 KBD port at 0x60,0x64 irq 1
[    2.860982] serio: i8042 AUX port at 0x60,0x64 irq 12
[    2.919822] mousedev: PS/2 mouse device common for all mice
[    2.935596] input: AT Translated Set 2 keyboard as /devices/platform/i8042/serio0/input/input1
[    2.941255] rtc_cmos 00:01: RTC can wake from S4
[    2.949057] ata2.01: ATAPI: QEMU DVD-ROM, 2.0.0, max UDMA/100
[    2.967946] rtc_cmos 00:01: rtc core: registered rtc_cmos as rtc0
[    2.971731] rtc0: alarms up to one day, 114 bytes nvram, hpet irqs
[    2.976030] device-mapper: uevent: version 1.0.3
[    2.998472] ata2.01: configured for MWDMA2
[    3.032803] device-mapper: ioctl: 4.22.0-ioctl (2011-10-19) initialised: dm-devel@redhat.com
[    3.039099] cpuidle: using governor ladder
[    3.042014] cpuidle: using governor menu
[    3.043618] EFI Variables Facility v0.08 2004-May-17
[    3.052030] TCP cubic registered
[    3.059116] NET: Registered protocol family 10
[    3.089793] NET: Registered protocol family 17
[    3.091860] Registering the dns_resolver key type
[    3.115147] scsi 1:0:1:0: CD-ROM            QEMU     QEMU DVD-ROM     2.0. PQ: 0 ANSI: 5
[    3.144648] sr0: scsi3-mmc drive: 4x/4x cd/rw xa/form2 tray
[    3.146163] cdrom: Uniform CD-ROM driver Revision: 3.20
[    3.171239] sr 1:0:1:0: Attached scsi generic sg0 type 5
[    3.219792] registered taskstats version 1
[    3.293654] Freeing initrd memory: 3656k freed
[    3.839946]   Magic number: 4:594:304
[    3.848403] tty tty33: hash matches
[    3.853081] rtc_cmos 00:01: setting system clock to 2016-02-18 00:20:36 UTC (1455754836)
[    3.861227] powernow-k8: Processor cpuid 663 not supported
[    3.875333] BIOS EDD facility v0.16 2004-Jun-25, 0 devices found
[    3.876606] EDD information not available.
[    3.925739] Freeing unused kernel memory: 928k freed
[    3.932324] Write protecting the kernel read-only data: 12288k
[    4.021376] Freeing unused kernel memory: 1596k freed
[    4.089464] Freeing unused kernel memory: 1184k freed

info: initramfs: up at 4.26
modprobe: module virtio_blk not found in modules.dep
modprobe: module virtio_net not found in modules.dep
info: copying initramfs to /dev/vda
info: initramfs loading root from /dev/vda
info: /etc/init.d/rc.sysinit: up at 8.87
info: container: none
Starting logging: OK
modprobe: module virtio_blk not found in modules.dep
modprobe: module virtio_net not found in modules.dep
WARN: /etc/rc3.d/S10-load-modules failed
Initializing random number generator... done.
Starting acpid: OK
cirros-ds 'local' up at 11.45
found datasource (configdrive, local)
Starting network...
udhcpc (v1.20.1) started
Sending discover...
Sending discover...

2016-02-18 00:22:36,079 27889 INFO     [tempest_lib.common.rest_client] Request (TestNetworkAdvancedServerOps:_run_cleanups): 204 DELETE http://10.4.1.3:9696/v2.0/floatingips/9533ad7b-9851-4dcf-8d69-7efb462afc99 0.457s
2016-02-18 00:22:36,080 27889 DEBUG    [tempest_lib.common.rest_client] Request - Headers: {'Content-Type': 'application/json', 'Accept': 'application/json', 'X-Auth-Token': '&lt;omitted&gt;'}
        Body: None
    Response - Headers: {'date': 'Thu, 18 Feb 2016 00:22:36 GMT', 'status': '204', 'connection': 'close', 'content-length': '0', 'x-openstack-request-id': 'req-fe79c228-82ef-479a-9f34-4b59db5f7d46'}
        Body: 
2016-02-18 00:22:36,535 27889 INFO     [tempest_lib.common.rest_client] Request (TestNetworkAdvancedServerOps:_run_cleanups): 204 DELETE http://10.4.1.3:8774/v2.1/e7c37e2c8a6a4872bb759abde93d4a92/servers/607441df-5962-42aa-8100-c44ae64865f1 0.454s
2016-02-18 00:22:36,536 27889 DEBUG    [tempest_lib.common.rest_client] Request - Headers: {'Content-Type': 'application/json', 'Accept': 'application/json', 'X-Auth-Token': '&lt;omitted&gt;'}
        Body: None
    Response - Headers: {'status': '204', 'content-length': '0', 'x-compute-request-id': 'req-1b80efd8-ba29-4831-b2c5-a005e53a5aa3', 'vary': 'X-OpenStack-Nova-API-Version', 'connection': 'close', 'x-openstack-nova-api-version': '2.1', 'date': 'Thu, 18 Feb 2016 00:22:36 GMT', 'content-type': 'application/json'}
        Body: 
2016-02-18 00:22:37,368 27889 INFO     [tempest_lib.common.rest_client] Request (TestNetworkAdvancedServerOps:_run_cleanups): 200 GET http://10.4.1.3:8774/v2.1/e7c37e2c8a6a4872bb759abde93d4a92/servers/607441df-5962-42aa-8100-c44ae64865f1 0.832s
2016-02-18 00:22:37,369 27889 DEBUG    [tempest_lib.common.rest_client] Request - Headers: {'Content-Type': 'application/json', 'Accept': 'application/json', 'X-Auth-Token': '&lt;omitted&gt;'}
        Body: None
    Response - Headers: {'status': '200', 'content-length': '1768', 'content-location': 'http://10.4.1.3:8774/v2.1/e7c37e2c8a6a4872bb759abde93d4a92/servers/607441df-5962-42aa-8100-c44ae64865f1', 'x-compute-request-id': 'req-53b56b83-652b-4580-90cf-938c11781387', 'vary': 'X-OpenStack-Nova-API-Version', 'connection': 'close', 'x-openstack-nova-api-version': '2.1', 'date': 'Thu, 18 Feb 2016 00:22:37 GMT', 'content-type': 'application/json'}
        Body: {"server": {"status": "ACTIVE", "updated": "2016-02-18T00:22:36Z", "hostId": "d77455d483400c71af6258103a15102bc79cbda4061d4781b3e66914", "addresses": {"tempest-network-smoke--470876000": [{"OS-EXT-IPS-MAC:mac_addr": "fa:16:3e:53:58:8a", "version": 4, "addr": "10.100.0.3", "OS-EXT-IPS:type": "fixed"}, {"OS-EXT-IPS-MAC:mac_addr": "fa:16:3e:53:58:8a", "version": 4, "addr": "172.24.4.4", "OS-EXT-IPS:type": "floating"}]}, "links": [{"href": "http://10.4.1.3:8774/v2.1/e7c37e2c8a6a4872bb759abde93d4a92/servers/607441df-5962-42aa-8100-c44ae64865f1", "rel": "self"}, {"href": "http://10.4.1.3:8774/e7c37e2c8a6a4872bb759abde93d4a92/servers/607441df-5962-42aa-8100-c44ae64865f1", "rel": "bookmark"}], "key_name": "tempest-TestNetworkAdvancedServerOps-1703848632", "image": {"id": "65c2689c-bbac-4660-a358-c2d7f3f5a2c2", "links": [{"href": "http://10.4.1.3:8774/e7c37e2c8a6a4872bb759abde93d4a92/images/65c2689c-bbac-4660-a358-c2d7f3f5a2c2", "rel": "bookmark"}]}, "OS-EXT-STS:task_state": "deleting", "OS-EXT-STS:vm_state": "active", "OS-SRV-USG:launched_at": "2016-02-18T00:20:29.000000", "flavor": {"id": "42", "links": [{"href": "http://10.4.1.3:8774/e7c37e2c8a6a4872bb759abde93d4a92/flavors/42", "rel": "bookmark"}]}, "id": "607441df-5962-42aa-8100-c44ae64865f1", "security_groups": [{"name": "tempest-secgroup-smoke-231360050"}], "OS-SRV-USG:terminated_at": null, "OS-EXT-AZ:availability_zone": "nova", "user_id": "4f6b7316c9e64c2f9d27229c7e39ab65", "name": "tempest-server-smoke-194767416", "created": "2016-02-18T00:20:23Z", "tenant_id": "e7c37e2c8a6a4872bb759abde93d4a92", "OS-DCF:diskConfig": "MANUAL", "os-extended-volumes:volumes_attached": [], "accessIPv4": "", "accessIPv6": "", "progress": 0, "OS-EXT-STS:power_state": 1, "config_drive": "True", "metadata": {}}}
2016-02-18 00:22:38,649 27889 INFO     [tempest_lib.common.rest_client] Request (TestNetworkAdvancedServerOps:_run_cleanups): 404 GET http://10.4.1.3:8774/v2.1/e7c37e2c8a6a4872bb759abde93d4a92/servers/607441df-5962-42aa-8100-c44ae64865f1 0.264s
2016-02-18 00:22:38,650 27889 DEBUG    [tempest_lib.common.rest_client] Request - Headers: {'Content-Type': 'application/json', 'Accept': 'application/json', 'X-Auth-Token': '&lt;omitted&gt;'}
        Body: None
    Response - Headers: {'status': '404', 'content-length': '111', 'x-compute-request-id': 'req-c061d985-4e99-4592-b29e-296897b1a518', 'vary': 'X-OpenStack-Nova-API-Version', 'connection': 'close', 'x-openstack-nova-api-version': '2.1', 'date': 'Thu, 18 Feb 2016 00:22:38 GMT', 'content-type': 'application/json; charset=UTF-8'}
        Body: {"itemNotFound": {"message": "Instance 607441df-5962-42aa-8100-c44ae64865f1 could not be found.", "code": 404}}
2016-02-18 00:22:39,286 27889 INFO     [tempest_lib.common.rest_client] Request (TestNetworkAdvancedServerOps:_run_cleanups): 500 PUT http://10.4.1.3:9696/v2.0/routers/f19ee6fa-abb6-4870-87e9-d552b02818d9/remove_router_interface 0.633s
2016-02-18 00:22:39,287 27889 DEBUG    [tempest_lib.common.rest_client] Request - Headers: {'Content-Type': 'application/json', 'Accept': 'application/json', 'X-Auth-Token': '&lt;omitted&gt;'}
        Body: {"subnet_id": "e6e80175-e80a-4ff5-a79d-ba79622e1a77"}
    Response - Headers: {'status': '500', 'content-length': '150', 'connection': 'close', 'date': 'Thu, 18 Feb 2016 00:22:39 GMT', 'content-type': 'application/json; charset=UTF-8', 'x-openstack-request-id': 'req-fcf4acf4-afb1-4f67-a069-4bb1ebc9eb3c'}
        Body: {"NeutronError": {"message": "Request Failed: internal server error while processing your request.", "type": "HTTPInternalServerError", "detail": ""}}
2016-02-18 00:22:39,543 27889 INFO     [tempest_lib.common.rest_client] Request (TestNetworkAdvancedServerOps:_run_cleanups): 200 GET http://10.4.1.3:9696/v2.0/routers/f19ee6fa-abb6-4870-87e9-d552b02818d9 0.251s
2016-02-18 00:22:39,544 27889 DEBUG    [tempest_lib.common.rest_client] Request - Headers: {'Content-Type': 'application/json', 'Accept': 'application/json', 'X-Auth-Token': '&lt;omitted&gt;'}
        Body: None
    Response - Headers: {'status': '200', 'content-length': '501', 'content-location': 'http://10.4.1.3:9696/v2.0/routers/f19ee6fa-abb6-4870-87e9-d552b02818d9', 'connection': 'close', 'date': 'Thu, 18 Feb 2016 00:22:39 GMT', 'content-type': 'application/json; charset=UTF-8', 'x-openstack-request-id': 'req-c4a1039a-d441-4d48-8339-5e7cb61f2074'}
        Body: {"router": {"status": "ACTIVE", "external_gateway_info": {"network_id": "e7243077-c748-486b-adff-b4762d4d506d", "enable_snat": true, "external_fixed_ips": [{"subnet_id": "0c433b06-5cf9-4f33-9d1b-424be4c0966d", "ip_address": "172.24.4.3"}, {"subnet_id": "af0c863f-3cc9-4e4d-84a8-26c6f5dabb42", "ip_address": "2001:db8::3"}]}, "name": "tempest-router-smoke-1496464421", "admin_state_up": true, "tenant_id": "e7c37e2c8a6a4872bb759abde93d4a92", "routes": [], "id": "f19ee6fa-abb6-4870-87e9-d552b02818d9"}}
2016-02-18 00:22:40,161 27889 INFO     [tempest_lib.common.rest_client] Request (TestNetworkAdvancedServerOps:_run_cleanups): 200 PUT http://10.4.1.3:9696/v2.0/routers/f19ee6fa-abb6-4870-87e9-d552b02818d9 0.617s
2016-02-18 00:22:40,162 27889 DEBUG    [tempest_lib.common.rest_client] Request - Headers: {'Content-Type': 'application/json', 'Accept': 'application/json', 'X-Auth-Token': '&lt;omitted&gt;'}
        Body: {"router": {"external_gateway_info": {}, "name": "tempest-router-smoke-1496464421", "admin_state_up": true}}
    Response - Headers: {'status': '200', 'content-length': '239', 'connection': 'close', 'date': 'Thu, 18 Feb 2016 00:22:40 GMT', 'content-type': 'application/json; charset=UTF-8', 'x-openstack-request-id': 'req-4d46d5ce-9ae5-4934-90f5-8167703fae9b'}
        Body: {"router": {"status": "ACTIVE", "external_gateway_info": null, "name": "tempest-router-smoke-1496464421", "admin_state_up": true, "tenant_id": "e7c37e2c8a6a4872bb759abde93d4a92", "routes": [], "id": "f19ee6fa-abb6-4870-87e9-d552b02818d9"}}
2016-02-18 00:22:40,526 27889 INFO     [tempest_lib.common.rest_client] Request (TestNetworkAdvancedServerOps:_run_cleanups): 500 DELETE http://10.4.1.3:9696/v2.0/routers/f19ee6fa-abb6-4870-87e9-d552b02818d9 0.364s
2016-02-18 00:22:40,527 27889 DEBUG    [tempest_lib.common.rest_client] Request - Headers: {'Content-Type': 'application/json', 'Accept': 'application/json', 'X-Auth-Token': '&lt;omitted&gt;'}
        Body: None
    Response - Headers: {'status': '500', 'content-length': '150', 'connection': 'close', 'date': 'Thu, 18 Feb 2016 00:22:40 GMT', 'content-type': 'application/json; charset=UTF-8', 'x-openstack-request-id': 'req-5b5ec5d5-5016-449b-9b0a-0416b4104cd8'}
        Body: {"NeutronError": {"message": "Request Failed: internal server error while processing your request.", "type": "HTTPInternalServerError", "detail": ""}}
2016-02-18 00:22:41,220 27889 INFO     [tempest_lib.common.rest_client] Request (TestNetworkAdvancedServerOps:_run_cleanups): 204 DELETE http://10.4.1.3:9696/v2.0/networks/8ab3c51c-b33b-4a32-97f4-ec973feea9f9 0.692s
2016-02-18 00:22:41,221 27889 DEBUG    [tempest_lib.common.rest_client] Request - Headers: {'Content-Type': 'application/json', 'Accept': 'application/json', 'X-Auth-Token': '&lt;omitted&gt;'}
        Body: None
    Response - Headers: {'date': 'Thu, 18 Feb 2016 00:22:41 GMT', 'status': '204', 'connection': 'close', 'content-length': '0', 'x-openstack-request-id': 'req-2e4230d2-90b4-4666-81c5-a82813f479e5'}
        Body: 
2016-02-18 00:22:41,517 27889 INFO     [tempest_lib.common.rest_client] Request (TestNetworkAdvancedServerOps:_run_cleanups): 204 DELETE http://10.4.1.3:9696/v2.0/security-groups/e2ac1284-7b33-4acb-ae02-1c047acf9bb8 0.295s
2016-02-18 00:22:41,518 27889 DEBUG    [tempest_lib.common.rest_client] Request - Headers: {'Content-Type': 'application/json', 'Accept': 'application/json', 'X-Auth-Token': '&lt;omitted&gt;'}
        Body: None
    Response - Headers: {'date': 'Thu, 18 Feb 2016 00:22:41 GMT', 'status': '204', 'connection': 'close', 'content-length': '0', 'x-openstack-request-id': 'req-417c5692-b161-4ffb-8d31-e192490023c8'}
        Body: 
2016-02-18 00:22:41,743 27889 INFO     [tempest_lib.common.rest_client] Request (TestNetworkAdvancedServerOps:_run_cleanups): 202 DELETE http://10.4.1.3:8774/v2.1/e7c37e2c8a6a4872bb759abde93d4a92/os-keypairs/tempest-TestNetworkAdvancedServerOps-1703848632 0.224s
2016-02-18 00:22:41,743 27889 DEBUG    [tempest_lib.common.rest_client] Request - Headers: {'Content-Type': 'application/json', 'Accept': 'application/json', 'X-Auth-Token': '&lt;omitted&gt;'}
        Body: None
    Response - Headers: {'status': '202', 'content-length': '0', 'x-compute-request-id': 'req-6b50c7d2-c576-4023-8715-43d58cea56ce', 'vary': 'X-OpenStack-Nova-API-Version', 'connection': 'close', 'x-openstack-nova-api-version': '2.1', 'date': 'Thu, 18 Feb 2016 00:22:41 GMT', 'content-type': 'application/json'}
        Body: 
2016-02-18 00:22:42,049 27889 INFO     [tempest_lib.common.rest_client] Request (TestNetworkAdvancedServerOps:_run_cleanups): 404 GET http://10.4.1.3:8774/v2.1/e7c37e2c8a6a4872bb759abde93d4a92/servers/607441df-5962-42aa-8100-c44ae64865f1 0.305s
2016-02-18 00:22:42,050 27889 DEBUG    [tempest_lib.common.rest_client] Request - Headers: {'Content-Type': 'application/json', 'Accept': 'application/json', 'X-Auth-Token': '&lt;omitted&gt;'}
        Body: None
    Response - Headers: {'status': '404', 'content-length': '111', 'x-compute-request-id': 'req-60901e63-c5b9-4679-ade0-d69571dd3d33', 'vary': 'X-OpenStack-Nova-API-Version', 'connection': 'close', 'x-openstack-nova-api-version': '2.1', 'date': 'Thu, 18 Feb 2016 00:22:42 GMT', 'content-type': 'application/json; charset=UTF-8'}
        Body: {"itemNotFound": {"message": "Instance 607441df-5962-42aa-8100-c44ae64865f1 could not be found.", "code": 404}}
}}}

traceback-1: {{{
Traceback (most recent call last):
  File "tempest/scenario/manager.py", line 108, in delete_wrapper
    delete_thing(*args, **kwargs)
  File "tempest/services/network/resources.py", line 98, in delete
    subnet_id=self.id)
  File "tempest/services/network/json/network_client.py", line 199, in remove_router_interface
    return self.update_resource(uri, kwargs)
  File "tempest/services/network/json/base.py", line 68, in update_resource
    resp, body = self.put(req_uri, req_post_data)
  File "/usr/local/lib/python2.7/dist-packages/tempest_lib/common/rest_client.py", line 322, in put
    return self.request('PUT', url, extra_headers, headers, body)
  File "/usr/local/lib/python2.7/dist-packages/tempest_lib/common/rest_client.py", line 642, in request
    resp, resp_body)
  File "/usr/local/lib/python2.7/dist-packages/tempest_lib/common/rest_client.py", line 761, in _error_checker
    message=message)
tempest_lib.exceptions.ServerFault: Got server fault
Details: Request Failed: internal server error while processing your request.
}}}

traceback-2: {{{
Traceback (most recent call last):
  File "tempest/scenario/manager.py", line 108, in delete_wrapper
    delete_thing(*args, **kwargs)
  File "tempest/services/network/resources.py", line 119, in delete
    self.client.delete_router(self.id)
  File "tempest/services/network/json/network_client.py", line 169, in delete_router
    return self.delete_resource(uri)
  File "tempest/services/network/json/base.py", line 41, in delete_resource
    resp, body = self.delete(req_uri)
  File "/usr/local/lib/python2.7/dist-packages/tempest_lib/common/rest_client.py", line 290, in delete
    return self.request('DELETE', url, extra_headers, headers, body)
  File "/usr/local/lib/python2.7/dist-packages/tempest_lib/common/rest_client.py", line 642, in request
    resp, resp_body)
  File "/usr/local/lib/python2.7/dist-packages/tempest_lib/common/rest_client.py", line 761, in _error_checker
    message=message)
tempest_lib.exceptions.ServerFault: Got server fault
Details: Request Failed: internal server error while processing your request.
}}}

Traceback (most recent call last):
  File "tempest/test.py", line 113, in wrapper
    return f(self, *func_args, **func_kwargs)
  File "tempest/scenario/test_network_advanced_server_ops.py", line 132, in test_server_connectivity_pause_unpause
    server, keypair, floating_ip = self._setup_network_and_servers()
  File "tempest/scenario/test_network_advanced_server_ops.py", line 69, in _setup_network_and_servers
    server, keypair, floating_ip)
  File "tempest/scenario/test_network_advanced_server_ops.py", line 93, in _wait_server_status_and_check_network_connectivity
    self._check_network_connectivity(server, keypair, floating_ip)
  File "tempest/scenario/test_network_advanced_server_ops.py", line 86, in _check_network_connectivity
    servers=[server])
  File "tempest/scenario/manager.py", line 598, in check_public_network_connectivity
    should_connect=should_connect)
  File "tempest/scenario/manager.py", line 582, in check_vm_connectivity
    msg=msg)
  File "/usr/local/lib/python2.7/dist-packages/unittest2/case.py", line 702, in assertTrue
    raise self.failureException(msg)
AssertionError: False is not true : Timed out waiting for 172.24.4.4 to become reachable



        </pre>
    </div>
    <!--css div popup end-->

    </td>
</tr>

<tr id='ft1.2' class='none'>
    <td class='failCase'><div class='testcase'>test_server_connectivity_reboot[compute,id-7b6860c2-afa3-4846-9522-adeb38dfbe08,network]</div></td>
    <td colspan='7' align='left'>

    <!--css div popup start-->
    <a class="popup_link" onfocus='this.blur();'
    href="javascript:showTestDetail('div_ft1.2')" >
        fail</a>

    <div id='div_ft1.2' class="popup_window">
        <div style='text-align: right; color:red;cursor:pointer'>
        <a onfocus='this.blur();'
onclick="document.getElementById('div_ft1.2').style.display = 'none' " >
           [x]</a>
        </div>
        <pre>
        
ft1.2: tempest.scenario.test_network_advanced_server_ops.TestNetworkAdvancedServerOps.test_server_connectivity_reboot[compute,id-7b6860c2-afa3-4846-9522-adeb38dfbe08,network]_StringException: Empty attachments:
  stderr
  stdout

pythonlogging:'': {{{
2016-02-18 00:22:42,506 27889 INFO     [tempest_lib.common.rest_client] Request (TestNetworkAdvancedServerOps:test_server_connectivity_reboot): 200 POST http://10.4.1.3:8774/v2.1/e7c37e2c8a6a4872bb759abde93d4a92/os-keypairs 0.426s
2016-02-18 00:22:42,506 27889 DEBUG    [tempest_lib.common.rest_client] Request - Headers: {'Content-Type': 'application/json', 'Accept': 'application/json', 'X-Auth-Token': '&lt;omitted&gt;'}
        Body: {"keypair": {"name": "tempest-TestNetworkAdvancedServerOps-1065554992"}}
    Response - Headers: {'status': '200', 'content-length': '2330', 'x-compute-request-id': 'req-0e382680-b24a-4f42-87b1-c8fccb91ed41', 'vary': 'X-OpenStack-Nova-API-Version', 'connection': 'close', 'x-openstack-nova-api-version': '2.1', 'date': 'Thu, 18 Feb 2016 00:22:42 GMT', 'content-type': 'application/json'}
        Body: {"keypair": {"public_key": "ssh-rsa AAAAB3NzaC1yc2EAAAADAQABAAABAQDehyuF7OfsLQAEib0HB0d9Tjsk6RBox0EwlSNyYrFU+btZfRNcrJNsJp4rshG2r7rS2nMYXORqCDMgi7opAgIz+17l7q6GpXiafvXpVtioPfSZ+J7RmAVgoS5vaZbBMko7z3UNMG7ccfyUlgAebZ6gmXvyML6TL9o5bB7FbuDGR8SGOSjQm4nYdnm+aXR8vCEmaiuSJm7wo6m8n0dRFWDb8Od33FqckvCr3Ql23GJREKkIgEmn3i8iqw+tP2XVy9Z9Q47NAbJokJhuabl1iArU6vOqDk+99i9oPkzqZZFrkkyGIL10JswVDIP7r+weYljgIa674D9QL/nNg1pVEklr Generated-by-Nova", "private_key": "-----BEGIN RSA PRIVATE KEY-----\nMIIEpwIBAAKCAQEA3ocrhezn7C0ABIm9BwdHfU47JOkQaMdBMJUjcmKxVPm7WX0T\nXKyTbCaeK7IRtq+60tpzGFzkaggzIIu6KQICM/te5e6uhqV4mn716VbYqD30mfie\n0ZgFYKEub2mWwTJKO891DTBu3HH8lJYAHm2eoJl78jC+ky/aOWwexW7gxkfEhjko\n0JuJ2HZ5vml0fLwhJmorkiZu8KOpvJ9HURVg2/Dnd9xanJLwq90JdtxiURCpCIBJ\np94vIqsPrT9l1cvWfUOOzQGyaJCYbmm5dYgK1Orzqg5PvfYvaD5M6mWRa5JMhiC9\ndCbMFQyD+6/sHmJY4CGuu+A/UC/5zYNaVRJJawIDAQABAoIBAGxo/dMpL3PoGHId\niHG8Ih/x1O6OfOgO6rt4bOR1IF99qsBWJvCnQssVpUk0X1zZD/NZaWkdGEpv5Die\n2frQd7JLbFgoh+4g/ziFUdhz7ulIBbpdXUJPBY+l9rFgh4lnrrKkxym9xsSu45af\n3T71uKoVHEVJag7a6T3AZt1YvzjZJSExul3tQG3VXBv/xyGkXSTAF7bfT8iErd/s\nHEhj75lbbzu0SVkiAI1ireHUGbwpQj2G1BPLUVxSwJncck6B0ZSWnrGYx3oL68Zu\nIowU47Hw+KESWbu+curk7IvI6TFbfYEEMfzg/r07JNHAzpDeI79NoV/ZvuVQCRWi\n2STA88ECggCBAOQkKxAepC8qe6wBOYBPlAxMK4+CRUhvsQSXHKOFEzENWwdbVrdM\n7JyIivvag6vcgZxRwg3xvFp3H/PZRlFEtnEVMcIrQAh4X7i/TJolcV9UcqdFBLvB\nhAJ6VgCgEkRMtx8nMj2Omv4mXO7ZmXwFtPpKXvfNrAccLJP++JiDihP3AoIAgQD5\ns4cLSrJpiU6PghRIUoZRt2+1V9tzzInIMlLBI5BUpcPtI7368/XrExDrpGmusRZH\nWftZlOkFjQq3Z7iU9cHQu5V2GXQ7pshWAu9hK9n9voYydsgQcP6pjQz+OJPrN9W7\n7XJbMo89PKuW02bO42ZTH6jsUZpIgN3i179NFDmxLQKCAIALLKJXVcjg7onEMQMp\n/7vWplxz2QOfuqjG+sfSUpBQFMFiqNykecYVHLMCBv/wCQroJzEEEdUR8UfFX90L\n2fu9qjYXtpqaT5sQp34PBsp4yuAaxUyoDaBzpp5TxYNfiQpnIjpZvYRl8mcW492a\nr4TfxYjFRnOonX6peRGgFsFKnQKCAIBt9INEEqmL1Z3VjedWjZh+RXOYfE6zqF8H\n3DkauYll7PTg6PtQlbs1v9iUm3q6JVr1IoePRAZ0nk4Yw0DBv5KQUvoW3lCTr/bK\nAVLeDExa81nuwOWKb+eETAtrqwhf7N9eeMoBpLr0sVGyAfdkpTg65FcjcS+qO6z5\nph2kWIKrJQKCAIAhXJHnBYOHMCR6NlXDD4baTYWAKnT1oUTPtfsHR//0wtgd1oQh\n6Zm+Dk6NtpHIc/wp/5fWIucsLDhwAjeOICrMeXPAspQaBU32MJhBPIAfsvg6hnew\nbJbDEe8FZu0uOSH0wd/KMroqfVikxwO1v+FLsEECr6iLaK8pMB+cV9Zr9Q==\n-----END RSA PRIVATE KEY-----\n", "user_id": "4f6b7316c9e64c2f9d27229c7e39ab65", "name": "tempest-TestNetworkAdvancedServerOps-1065554992", "fingerprint": "bd:30:1c:0c:9a:fa:e6:7e:95:05:da:06:b2:3c:69:60"}}
2016-02-18 00:22:42,839 27889 INFO     [tempest_lib.common.rest_client] Request (TestNetworkAdvancedServerOps:test_server_connectivity_reboot): 201 POST http://10.4.1.3:9696/v2.0/security-groups 0.328s
2016-02-18 00:22:42,840 27889 DEBUG    [tempest_lib.common.rest_client] Request - Headers: {'Content-Type': 'application/json', 'Accept': 'application/json', 'X-Auth-Token': '&lt;omitted&gt;'}
        Body: {"security_group": {"tenant_id": "e7c37e2c8a6a4872bb759abde93d4a92", "description": "tempest-secgroup-smoke-576054828 description", "name": "tempest-secgroup-smoke-576054828"}}
    Response - Headers: {'status': '201', 'content-length': '886', 'connection': 'close', 'date': 'Thu, 18 Feb 2016 00:22:42 GMT', 'content-type': 'application/json; charset=UTF-8', 'x-openstack-request-id': 'req-ad256d55-f5e1-4f33-83a9-11edc390ae14'}
