<?xml version="1.0" encoding="UTF-8"?>
<!DOCTYPE html PUBLIC "-//W3C//DTD XHTML 1.0 Strict//EN"
     "http://www.w3.org/TR/xhtml1/DTD/xhtml1-strict.dtd">
<html xmlns="http://www.w3.org/1999/xhtml">
<head>
    <title>Unit Test Report</title>
    <meta name="generator" content="subunit2html 0.1"/>
    <meta http-equiv="Content-Type" content="text/html; charset=UTF-8"/>
    
<style type="text/css" media="screen">
body        { font-family: verdana, arial, helvetica, sans-serif;
    font-size: 80%; }
table       { font-size: 100%; width: 100%;}
pre         { font-size: 80%; }

/* -- heading -------------------------------------------------------------- */
h1 {
        font-size: 16pt;
        color: gray;
}
.heading {
    margin-top: 0ex;
    margin-bottom: 1ex;
}

.heading .attribute {
    margin-top: 1ex;
    margin-bottom: 0;
}

.heading .description {
    margin-top: 4ex;
    margin-bottom: 6ex;
}

/* -- css div popup -------------------------------------------------------- */
a.popup_link {
}

a.popup_link:hover {
    color: red;
}

.popup_window {
    display: none;
    overflow-x: scroll;
    /*border: solid #627173 1px; */
    padding: 10px;
    background-color: #E6E6D6;
    font-family: "Ubuntu Mono", "Lucida Console", "Courier New", monospace;
    text-align: left;
    font-size: 8pt;
}

}
/* -- report --------------------------------------------------------------- */
#show_detail_line {
    margin-top: 3ex;
    margin-bottom: 1ex;
}
#result_table {
    width: 100%;
    border-collapse: collapse;
    border: 1px solid #777;
}
#header_row {
    font-weight: bold;
    color: white;
    background-color: #777;
}
#result_table td {
    border: 1px solid #777;
    padding: 2px;
}
#total_row  { font-weight: bold; }
.passClass  { background-color: #6c6; }
.failClass  { background-color: #c60; }
.errorClass { background-color: #c00; }
.passCase   { color: #6c6; }
.failCase   { color: #c60; font-weight: bold; }
.errorCase  { color: #c00; font-weight: bold; }
.hiddenRow  { display: none; }
.testcase   { margin-left: 2em; }
td.testname {width: 40%}
td.small {width: 40px}

/* -- ending --------------------------------------------------------------- */
#ending {
}

</style>

</head>
<body>
<script language="javascript" type="text/javascript"><!--
output_list = Array();

/* level - 0:Summary; 1:Failed; 2:All */
function showCase(level) {
    trs = document.getElementsByTagName("tr");
    for (var i = 0; i < trs.length; i++) {
        tr = trs[i];
        id = tr.id;
        if (id.substr(0,2) == 'ft') {
            if (level < 1) {
                tr.className = 'hiddenRow';
            }
            else {
                tr.className = '';
            }
        }
        if (id.substr(0,2) == 'pt') {
            if (level > 1) {
                tr.className = '';
            }
            else {
                tr.className = 'hiddenRow';
            }
        }
    }
}


function showClassDetail(cid, count) {
    var id_list = Array(count);
    var toHide = 1;
    for (var i = 0; i < count; i++) {
        tid0 = 't' + cid.substr(1) + '.' + (i+1);
        tid = 'f' + tid0;
        tr = document.getElementById(tid);
        if (!tr) {
            tid = 'p' + tid0;
            tr = document.getElementById(tid);
        }
        id_list[i] = tid;
        if (tr.className) {
            toHide = 0;
        }
    }
    for (var i = 0; i < count; i++) {
        tid = id_list[i];
        if (toHide) {
            document.getElementById('div_'+tid).style.display = 'none'
            document.getElementById(tid).className = 'hiddenRow';
        }
        else {
            document.getElementById(tid).className = '';
        }
    }
}


function showTestDetail(div_id){
    var details_div = document.getElementById(div_id)
    var displayState = details_div.style.display
    // alert(displayState)
    if (displayState != 'block' ) {
        displayState = 'block'
        details_div.style.display = 'block'
    }
    else {
        details_div.style.display = 'none'
    }
}


function html_escape(s) {
    s = s.replace(/&/g,'&amp;');
    s = s.replace(/</g,'&lt;');
    s = s.replace(/>/g,'&gt;');
    return s;
}

/* obsoleted by detail in <div>
function showOutput(id, name) {
    var w = window.open("", //url
                    name,
                    "resizable,scrollbars,status,width=800,height=450");
    d = w.document;
    d.write("<pre>");
    d.write(html_escape(output_list[id]));
    d.write("\n");
    d.write("<a href='javascript:window.close()'>close</a>\n");
    d.write("</pre>\n");
    d.close();
}
*/
--></script>

<div class='heading'>
<h1>Unit Test Report</h1>

<p class='attribute'><strong>Status:</strong> Failure 6</p>

<p class='description'></p>
</div>



<p id='show_detail_line'>Show
<a href='javascript:showCase(0)'>Summary</a>
<a href='javascript:showCase(1)'>Failed</a>
<a href='javascript:showCase(2)'>All</a>
</p>
<table id='result_table'>
<colgroup>
<col align='left' />
<col align='right' />
<col align='right' />
<col align='right' />
<col align='right' />
<col align='right' />
<col align='right' />
<col align='right' />
</colgroup>
<tr id='header_row'>
    <td>Test Group/Test case</td>
    <td>Count</td>
    <td>Pass</td>
    <td>Fail</td>
    <td>Error</td>
    <td>Skip</td>
    <td>View</td>
    <td> </td>
</tr>

<tr class='failClass'>
    <td class="testname">tempest.scenario.test_network_advanced_server_ops.TestNetworkAdvancedServerOps</td>
    <td class="small">6</td>
    <td class="small">0</td>
    <td class="small">6</td>
    <td class="small">0</td>
    <td class="small">0</td>
    <td class="small"><a href="javascript:showClassDetail('c1',6)"
>Detail</a></td>
    <td> </td>
</tr>

<tr id='ft1.1' class='none'>
    <td class='failCase'><div class='testcase'>test_server_connectivity_pause_unpause[compute,id-2b2642db-6568-4b35-b812-eceed3fa20ce,network]</div></td>
    <td colspan='7' align='left'>

    <!--css div popup start-->
    <a class="popup_link" onfocus='this.blur();'
    href="javascript:showTestDetail('div_ft1.1')" >
        fail</a>

    <div id='div_ft1.1' class="popup_window">
        <div style='text-align: right; color:red;cursor:pointer'>
        <a onfocus='this.blur();'
onclick="document.getElementById('div_ft1.1').style.display = 'none' " >
           [x]</a>
        </div>
        <pre>
        
ft1.1: tempest.scenario.test_network_advanced_server_ops.TestNetworkAdvancedServerOps.test_server_connectivity_pause_unpause[compute,id-2b2642db-6568-4b35-b812-eceed3fa20ce,network]_StringException: Empty attachments:
  stderr
  stdout

pythonlogging:'': {{{
2016-01-28 00:33:14,541 15549 INFO     [tempest_lib.common.rest_client] Request (TestNetworkAdvancedServerOps:test_server_connectivity_pause_unpause): 200 POST http://10.4.1.3:8774/v2.1/97ad0ab7d5294190b863bdd29db580a2/os-keypairs 0.521s
2016-01-28 00:33:14,541 15549 DEBUG    [tempest_lib.common.rest_client] Request - Headers: {'Content-Type': 'application/json', 'Accept': 'application/json', 'X-Auth-Token': '&lt;omitted&gt;'}
        Body: {"keypair": {"name": "tempest-TestNetworkAdvancedServerOps-580185497"}}
    Response - Headers: {'status': '200', 'content-length': '2329', 'x-compute-request-id': 'req-5a3a69c2-cfea-4346-b747-342eb73b1dd1', 'vary': 'X-OpenStack-Nova-API-Version', 'connection': 'close', 'x-openstack-nova-api-version': '2.1', 'date': 'Thu, 28 Jan 2016 00:33:14 GMT', 'content-type': 'application/json'}
        Body: {"keypair": {"public_key": "ssh-rsa AAAAB3NzaC1yc2EAAAADAQABAAABAQCut10olO7xJuqDMqlmTic4WVSPMq+qHdURNk6oIDm1B7qDjqKM0qh7ToPnGNsRAkU9755fSq/TlakvQUefPwpoE6yJjfP/c436xZ8w+cFmYry1Q54YeAaWtLAivFG/oGihaORe6xXnwNmSmRjzC57shWngq0C62VzdX09hWM9vOgA3CSRc9Z+5clqaZcyri/A0GUQuG6rxIQTh54CZLWVN7Td6AdwKkN0XxMxX9gMplUtMCtnhvxrKiztyg9qoZPNeTqTK6xm35Jfh5/KqmjLD+u0/yJhk9i9hWwgF2QTS2r0HjW0366D6G4o3BIk1wl9V55plBsPvzgW+lyapB39f Generated-by-Nova", "private_key": "-----BEGIN RSA PRIVATE KEY-----\nMIIEqAIBAAKCAQEArrddKJTu8SbqgzKpZk4nOFlUjzKvqh3VETZOqCA5tQe6g46i\njNKoe06D5xjbEQJFPe+eX0qv05WpL0FHnz8KaBOsiY3z/3ON+sWfMPnBZmK8tUOe\nGHgGlrSwIrxRv6BooWjkXusV58DZkpkY8wue7IVp4KtAutlc3V9PYVjPbzoANwkk\nXPWfuXJammXMq4vwNBlELhuq8SEE4eeAmS1lTe03egHcCpDdF8TMV/YDKZVLTArZ\n4b8ayos7coPaqGTzXk6kyusZt+SX4efyqpoyw/rtP8iYZPYvYVsIBdkE0tq9B41t\nN+ug+huKNwSJNcJfVeeaZQbD784FvpcmqQd/XwIDAQABAoIBAGCCRwJIqmgo7/eC\nv5IUb5OvvIbRH7mfevdkATTbgCTgXQWYf2+8WXarWy8HStLtZyQcPWYz0kXU8Lx6\nmb58SxpMa80bzYD46p9wFEwwWcVdmxGhhS3M9w6+RmEZlyp7x/AJCcTopJP8sfJJ\ngT+X1rSdyWtiDYJo2OQrZqTGMucjvt5WiTbIi6TDQ7/ZS1kMgrMfOzN40VRpvA+1\nOj2OkwmqUFRjGXrq2uFcOXwSod3km5XN3hPvYFZaPnCjDwwlFl2iLLIuuupNei8P\nkYFycJ3vn/QhZS2cg1xV5sYDh/lkBAUJuznUipUqYOkBbeUW5gjvb9WDEskYMqjI\n6RS2wkECggCBAL6uQis1yU85v/oaoIixzTquuZluPhVPbVH8UmsXonxodyyXsnFs\nSr0sjqv8HJWkxtOPFCeC0QGnyZBMAVdjuamhjO9DB5nxdfCAlvqqYI2G1Bl2q58D\nXD1d0LpVlwo/3kChvg4AyEEaOGG8FgMZ5PVyY1GA0YbEJt31bT1MPF8/AoIAgQDq\nkRrRUPfXBvwYVRQu+jvg77I0ajpfaz4t3LoE/Px7o1MjEjQM2v0RsjwNs6SL7h0k\nrdAi0XOt500djlpnnBLOVRNiUtH19ofaiiDe4BIklQPS0YpDk6Ryahkke5Q6n1j5\nDISzZF61qZzk1l2QMka+oRUgoD5Cnx5dE+SExW734QKCAIEArGlwVxXJMqOrHIAb\nC76JLThzhXITHL22wVz/QOob95WVvHJl3PzoD2lMj+HkDsLxLLXAqYE1buPB84Fl\n7Ri09danUmgvZVjZJV+AJKMNrqps+aE9yQgGzU4Yv4NIkPHzCkm1SYAXkhYdSPIC\njUdKqUyG1Vk/GzYdVrDl13kpVY0CggCAOdmNlp/0b9iuJcYd0zQtvlz/Q0QLn2rQ\ni/kK+531Gvz9zQF5Ss5baZjejLaIV2ZjU592XI/xiqsn7qkkDLeGP9Llk/M/Cv1B\nJhm43569er4xkjXRdrcb8IfQKZo8xXR1Of7nX2LapMzu/9UKgDyWC/+oOUKr+DxL\n/cKhMkmLA6ECggCAY3e8cl+DwkdXMJpFm2ciGBjHdUSahRJ19tNHq1ccexEWQ26b\nsuVXjSMCUBTyftkVdwUFrGYHFIlaqWxvs3RVBTIfxIF+c6sKW9kiql+fTF1xhlTm\nEnTs+wqQOLBRHgkK+n2veV2EdQXQvyfhwuAAROeQb53vbfSoDauXuadPLjE=\n-----END RSA PRIVATE KEY-----\n", "user_id": "397368ff95054f09948fce12fd05398d", "name": "tempest-TestNetworkAdvancedServerOps-580185497", "fingerprint": "ca:3b:bd:1f:54:8d:32:39:a3:11:e5:a1:07:fa:7a:d8"}}
2016-01-28 00:33:14,888 15549 INFO     [tempest_lib.common.rest_client] Request (TestNetworkAdvancedServerOps:test_server_connectivity_pause_unpause): 201 POST http://10.4.1.3:9696/v2.0/security-groups 0.342s
2016-01-28 00:33:14,888 15549 DEBUG    [tempest_lib.common.rest_client] Request - Headers: {'Content-Type': 'application/json', 'Accept': 'application/json', 'X-Auth-Token': '&lt;omitted&gt;'}
        Body: {"security_group": {"tenant_id": "97ad0ab7d5294190b863bdd29db580a2", "description": "tempest-secgroup-smoke-816039861 description", "name": "tempest-secgroup-smoke-816039861"}}
    Response - Headers: {'status': '201', 'content-length': '886', 'connection': 'close', 'date': 'Thu, 28 Jan 2016 00:33:14 GMT', 'content-type': 'application/json; charset=UTF-8', 'x-openstack-request-id': 'req-4e1f5e55-8dd3-42fe-a870-2170cc34f1c6'}
        Body: {"security_group": {"tenant_id": "97ad0ab7d5294190b863bdd29db580a2", "description": "tempest-secgroup-smoke-816039861 description", "id": "f95d3bef-1837-46aa-a2f2-9d461d35c6ba", "security_group_rules": [{"remote_group_id": null, "direction": "egress", "remote_ip_prefix": null, "protocol": null, "ethertype": "IPv4", "tenant_id": "97ad0ab7d5294190b863bdd29db580a2", "port_range_max": null, "port_range_min": null, "id": "c61a30bc-38d8-4b2c-b917-2e807e8534fa", "security_group_id": "f95d3bef-1837-46aa-a2f2-9d461d35c6ba"}, {"remote_group_id": null, "direction": "egress", "remote_ip_prefix": null, "protocol": null, "ethertype": "IPv6", "tenant_id": "97ad0ab7d5294190b863bdd29db580a2", "port_range_max": null, "port_range_min": null, "id": "34441cf9-eac3-4fa5-8471-c69f91377ece", "security_group_id": "f95d3bef-1837-46aa-a2f2-9d461d35c6ba"}], "name": "tempest-secgroup-smoke-816039861"}}
2016-01-28 00:33:15,376 15549 INFO     [tempest_lib.common.rest_client] Request (TestNetworkAdvancedServerOps:test_server_connectivity_pause_unpause): 201 POST http://10.4.1.3:9696/v2.0/security-group-rules 0.485s
2016-01-28 00:33:15,376 15549 DEBUG    [tempest_lib.common.rest_client] Request - Headers: {'Content-Type': 'application/json', 'Accept': 'application/json', 'X-Auth-Token': '&lt;omitted&gt;'}
        Body: {"security_group_rule": {"direction": "ingress", "protocol": "tcp", "tenant_id": "97ad0ab7d5294190b863bdd29db580a2", "port_range_max": 22, "security_group_id": "f95d3bef-1837-46aa-a2f2-9d461d35c6ba", "port_range_min": 22}}
    Response - Headers: {'status': '201', 'content-length': '340', 'connection': 'close', 'date': 'Thu, 28 Jan 2016 00:33:15 GMT', 'content-type': 'application/json; charset=UTF-8', 'x-openstack-request-id': 'req-d1a10728-311d-40b5-892b-b9448a16a6b4'}
        Body: {"security_group_rule": {"remote_group_id": null, "direction": "ingress", "remote_ip_prefix": null, "protocol": "tcp", "ethertype": "IPv4", "tenant_id": "97ad0ab7d5294190b863bdd29db580a2", "port_range_max": 22, "port_range_min": 22, "id": "76627255-6408-4f4e-abef-873fca537924", "security_group_id": "f95d3bef-1837-46aa-a2f2-9d461d35c6ba"}}
2016-01-28 00:33:15,645 15549 INFO     [tempest_lib.common.rest_client] Request (TestNetworkAdvancedServerOps:test_server_connectivity_pause_unpause): 201 POST http://10.4.1.3:9696/v2.0/security-group-rules 0.267s
2016-01-28 00:33:15,646 15549 DEBUG    [tempest_lib.common.rest_client] Request - Headers: {'Content-Type': 'application/json', 'Accept': 'application/json', 'X-Auth-Token': '&lt;omitted&gt;'}
        Body: {"security_group_rule": {"direction": "egress", "protocol": "tcp", "tenant_id": "97ad0ab7d5294190b863bdd29db580a2", "port_range_max": 22, "security_group_id": "f95d3bef-1837-46aa-a2f2-9d461d35c6ba", "port_range_min": 22}}
    Response - Headers: {'status': '201', 'content-length': '339', 'connection': 'close', 'date': 'Thu, 28 Jan 2016 00:33:15 GMT', 'content-type': 'application/json; charset=UTF-8', 'x-openstack-request-id': 'req-f6360360-a1d6-4683-85a1-a6ce74016b3c'}
        Body: {"security_group_rule": {"remote_group_id": null, "direction": "egress", "remote_ip_prefix": null, "protocol": "tcp", "ethertype": "IPv4", "tenant_id": "97ad0ab7d5294190b863bdd29db580a2", "port_range_max": 22, "port_range_min": 22, "id": "c61e05f1-e120-45c0-8a56-0a95e2e0f379", "security_group_id": "f95d3bef-1837-46aa-a2f2-9d461d35c6ba"}}
2016-01-28 00:33:15,920 15549 INFO     [tempest_lib.common.rest_client] Request (TestNetworkAdvancedServerOps:test_server_connectivity_pause_unpause): 201 POST http://10.4.1.3:9696/v2.0/security-group-rules 0.272s
2016-01-28 00:33:15,920 15549 DEBUG    [tempest_lib.common.rest_client] Request - Headers: {'Content-Type': 'application/json', 'Accept': 'application/json', 'X-Auth-Token': '&lt;omitted&gt;'}
        Body: {"security_group_rule": {"tenant_id": "97ad0ab7d5294190b863bdd29db580a2", "direction": "ingress", "protocol": "icmp", "security_group_id": "f95d3bef-1837-46aa-a2f2-9d461d35c6ba"}}
    Response - Headers: {'status': '201', 'content-length': '345', 'connection': 'close', 'date': 'Thu, 28 Jan 2016 00:33:15 GMT', 'content-type': 'application/json; charset=UTF-8', 'x-openstack-request-id': 'req-8adad535-003c-461f-81c0-a3ca51fbafc8'}
        Body: {"security_group_rule": {"remote_group_id": null, "direction": "ingress", "remote_ip_prefix": null, "protocol": "icmp", "ethertype": "IPv4", "tenant_id": "97ad0ab7d5294190b863bdd29db580a2", "port_range_max": null, "port_range_min": null, "id": "db6c020a-4dbe-45a3-8e33-610b940f2aa3", "security_group_id": "f95d3bef-1837-46aa-a2f2-9d461d35c6ba"}}
2016-01-28 00:33:16,207 15549 INFO     [tempest_lib.common.rest_client] Request (TestNetworkAdvancedServerOps:test_server_connectivity_pause_unpause): 201 POST http://10.4.1.3:9696/v2.0/security-group-rules 0.285s
2016-01-28 00:33:16,207 15549 DEBUG    [tempest_lib.common.rest_client] Request - Headers: {'Content-Type': 'application/json', 'Accept': 'application/json', 'X-Auth-Token': '&lt;omitted&gt;'}
        Body: {"security_group_rule": {"tenant_id": "97ad0ab7d5294190b863bdd29db580a2", "direction": "egress", "protocol": "icmp", "security_group_id": "f95d3bef-1837-46aa-a2f2-9d461d35c6ba"}}
    Response - Headers: {'status': '201', 'content-length': '344', 'connection': 'close', 'date': 'Thu, 28 Jan 2016 00:33:16 GMT', 'content-type': 'application/json; charset=UTF-8', 'x-openstack-request-id': 'req-0b74fdff-2026-4d94-ba76-58f8c2ba7680'}
        Body: {"security_group_rule": {"remote_group_id": null, "direction": "egress", "remote_ip_prefix": null, "protocol": "icmp", "ethertype": "IPv4", "tenant_id": "97ad0ab7d5294190b863bdd29db580a2", "port_range_max": null, "port_range_min": null, "id": "691ebb73-f319-490c-83ed-da4c0d7c54b1", "security_group_id": "f95d3bef-1837-46aa-a2f2-9d461d35c6ba"}}
2016-01-28 00:33:16,484 15549 INFO     [tempest_lib.common.rest_client] Request (TestNetworkAdvancedServerOps:test_server_connectivity_pause_unpause): 201 POST http://10.4.1.3:9696/v2.0/security-group-rules 0.276s
2016-01-28 00:33:16,485 15549 DEBUG    [tempest_lib.common.rest_client] Request - Headers: {'Content-Type': 'application/json', 'Accept': 'application/json', 'X-Auth-Token': '&lt;omitted&gt;'}
        Body: {"security_group_rule": {"tenant_id": "97ad0ab7d5294190b863bdd29db580a2", "direction": "ingress", "security_group_id": "f95d3bef-1837-46aa-a2f2-9d461d35c6ba", "protocol": "icmp", "ethertype": "IPv6"}}
    Response - Headers: {'status': '201', 'content-length': '345', 'connection': 'close', 'date': 'Thu, 28 Jan 2016 00:33:16 GMT', 'content-type': 'application/json; charset=UTF-8', 'x-openstack-request-id': 'req-968c7183-1f41-4e0a-bfb2-038df45b6c55'}
        Body: {"security_group_rule": {"remote_group_id": null, "direction": "ingress", "remote_ip_prefix": null, "protocol": "icmp", "ethertype": "IPv6", "tenant_id": "97ad0ab7d5294190b863bdd29db580a2", "port_range_max": null, "port_range_min": null, "id": "af02f5c9-f5d0-4a9c-b2a2-3c2fe4f30da9", "security_group_id": "f95d3bef-1837-46aa-a2f2-9d461d35c6ba"}}
2016-01-28 00:33:16,770 15549 INFO     [tempest_lib.common.rest_client] Request (TestNetworkAdvancedServerOps:test_server_connectivity_pause_unpause): 201 POST http://10.4.1.3:9696/v2.0/security-group-rules 0.283s
2016-01-28 00:33:16,771 15549 DEBUG    [tempest_lib.common.rest_client] Request - Headers: {'Content-Type': 'application/json', 'Accept': 'application/json', 'X-Auth-Token': '&lt;omitted&gt;'}
        Body: {"security_group_rule": {"tenant_id": "97ad0ab7d5294190b863bdd29db580a2", "direction": "egress", "security_group_id": "f95d3bef-1837-46aa-a2f2-9d461d35c6ba", "protocol": "icmp", "ethertype": "IPv6"}}
    Response - Headers: {'status': '201', 'content-length': '344', 'connection': 'close', 'date': 'Thu, 28 Jan 2016 00:33:16 GMT', 'content-type': 'application/json; charset=UTF-8', 'x-openstack-request-id': 'req-b763e2a1-4d59-41da-9077-52837ede28e6'}
        Body: {"security_group_rule": {"remote_group_id": null, "direction": "egress", "remote_ip_prefix": null, "protocol": "icmp", "ethertype": "IPv6", "tenant_id": "97ad0ab7d5294190b863bdd29db580a2", "port_range_max": null, "port_range_min": null, "id": "1c9e3d80-2ccc-437c-8880-e385019cbd32", "security_group_id": "f95d3bef-1837-46aa-a2f2-9d461d35c6ba"}}
2016-01-28 00:33:17,123 15549 INFO     [tempest_lib.common.rest_client] Request (TestNetworkAdvancedServerOps:test_server_connectivity_pause_unpause): 201 POST http://10.4.1.3:9696/v2.0/networks 0.351s
2016-01-28 00:33:17,124 15549 DEBUG    [tempest_lib.common.rest_client] Request - Headers: {'Content-Type': 'application/json', 'Accept': 'application/json', 'X-Auth-Token': '&lt;omitted&gt;'}
        Body: {"network": {"tenant_id": "97ad0ab7d5294190b863bdd29db580a2", "name": "tempest-network-smoke--1960245459"}}
    Response - Headers: {'status': '201', 'content-length': '330', 'connection': 'close', 'date': 'Thu, 28 Jan 2016 00:33:17 GMT', 'content-type': 'application/json; charset=UTF-8', 'x-openstack-request-id': 'req-7a2c08d1-ba9b-4a5c-9294-ec66a8e1f0d5'}
        Body: {"network": {"status": "ACTIVE", "subnets": [], "availability_zone_hints": [], "name": "tempest-network-smoke--1960245459", "admin_state_up": true, "tenant_id": "97ad0ab7d5294190b863bdd29db580a2", "mtu": 1450, "router:external": false, "shared": false, "port_security_enabled": true, "id": "66fff849-7541-4a03-aa7c-c5cb75edbfca"}}
2016-01-28 00:33:17,365 15549 INFO     [tempest_lib.common.rest_client] Request (TestNetworkAdvancedServerOps:test_server_connectivity_pause_unpause): 201 POST http://10.4.1.3:9696/v2.0/routers 0.240s
2016-01-28 00:33:17,366 15549 DEBUG    [tempest_lib.common.rest_client] Request - Headers: {'Content-Type': 'application/json', 'Accept': 'application/json', 'X-Auth-Token': '&lt;omitted&gt;'}
        Body: {"router": {"tenant_id": "97ad0ab7d5294190b863bdd29db580a2", "name": "tempest-router-smoke-567497520", "admin_state_up": true}}
    Response - Headers: {'status': '201', 'content-length': '238', 'connection': 'close', 'date': 'Thu, 28 Jan 2016 00:33:17 GMT', 'content-type': 'application/json; charset=UTF-8', 'x-openstack-request-id': 'req-424bd8b4-926e-4b5c-99d2-56f4394ab6cf'}
        Body: {"router": {"status": "ACTIVE", "external_gateway_info": null, "name": "tempest-router-smoke-567497520", "admin_state_up": true, "tenant_id": "97ad0ab7d5294190b863bdd29db580a2", "routes": [], "id": "a5af8367-1de2-43d2-89a6-b9f01433a58f"}}
2016-01-28 00:33:17,586 15549 INFO     [tempest_lib.common.rest_client] Request (TestNetworkAdvancedServerOps:test_server_connectivity_pause_unpause): 200 GET http://10.4.1.3:9696/v2.0/routers/a5af8367-1de2-43d2-89a6-b9f01433a58f 0.218s
2016-01-28 00:33:17,586 15549 DEBUG    [tempest_lib.common.rest_client] Request - Headers: {'Content-Type': 'application/json', 'Accept': 'application/json', 'X-Auth-Token': '&lt;omitted&gt;'}
        Body: None
    Response - Headers: {'status': '200', 'content-length': '238', 'content-location': 'http://10.4.1.3:9696/v2.0/routers/a5af8367-1de2-43d2-89a6-b9f01433a58f', 'connection': 'close', 'date': 'Thu, 28 Jan 2016 00:33:17 GMT', 'content-type': 'application/json; charset=UTF-8', 'x-openstack-request-id': 'req-49c902f9-736f-43d3-a437-27a2a4725eb9'}
        Body: {"router": {"status": "ACTIVE", "external_gateway_info": null, "name": "tempest-router-smoke-567497520", "admin_state_up": true, "tenant_id": "97ad0ab7d5294190b863bdd29db580a2", "routes": [], "id": "a5af8367-1de2-43d2-89a6-b9f01433a58f"}}
2016-01-28 00:33:18,305 15549 INFO     [tempest_lib.common.rest_client] Request (TestNetworkAdvancedServerOps:test_server_connectivity_pause_unpause): 200 PUT http://10.4.1.3:9696/v2.0/routers/a5af8367-1de2-43d2-89a6-b9f01433a58f 0.718s
2016-01-28 00:33:18,306 15549 DEBUG    [tempest_lib.common.rest_client] Request - Headers: {'Content-Type': 'application/json', 'Accept': 'application/json', 'X-Auth-Token': '&lt;omitted&gt;'}
        Body: {"router": {"external_gateway_info": {"network_id": "f56a4b29-fe50-4857-ab4d-3227be8ad425"}, "name": "tempest-router-smoke-567497520", "admin_state_up": true}}
    Response - Headers: {'status': '200', 'content-length': '500', 'connection': 'close', 'date': 'Thu, 28 Jan 2016 00:33:18 GMT', 'content-type': 'application/json; charset=UTF-8', 'x-openstack-request-id': 'req-5abaa845-118a-470e-81b3-ff11d9418c41'}
        Body: {"router": {"status": "ACTIVE", "external_gateway_info": {"network_id": "f56a4b29-fe50-4857-ab4d-3227be8ad425", "enable_snat": true, "external_fixed_ips": [{"subnet_id": "9f0e161e-5bfa-436a-a877-f15ea3e95332", "ip_address": "172.24.4.3"}, {"subnet_id": "33f96188-b365-467b-aaa4-2a6a21323130", "ip_address": "2001:db8::3"}]}, "name": "tempest-router-smoke-567497520", "admin_state_up": true, "tenant_id": "97ad0ab7d5294190b863bdd29db580a2", "routes": [], "id": "a5af8367-1de2-43d2-89a6-b9f01433a58f"}}
2016-01-28 00:33:18,518 15549 INFO     [tempest_lib.common.rest_client] Request (TestNetworkAdvancedServerOps:test_server_connectivity_pause_unpause): 200 GET http://10.4.1.3:9696/v2.0/subnets?tenant_id=97ad0ab7d5294190b863bdd29db580a2&amp;cidr=10.100.0.0%2F28 0.211s
2016-01-28 00:33:18,519 15549 DEBUG    [tempest_lib.common.rest_client] Request - Headers: {'Content-Type': 'application/json', 'Accept': 'application/json', 'X-Auth-Token': '&lt;omitted&gt;'}
        Body: None
    Response - Headers: {'status': '200', 'content-length': '15', 'content-location': 'http://10.4.1.3:9696/v2.0/subnets?tenant_id=97ad0ab7d5294190b863bdd29db580a2&amp;cidr=10.100.0.0%2F28', 'connection': 'close', 'date': 'Thu, 28 Jan 2016 00:33:18 GMT', 'content-type': 'application/json; charset=UTF-8', 'x-openstack-request-id': 'req-df912d31-3bb0-473e-bed3-d9a5ec5a1818'}
        Body: {"subnets": []}
2016-01-28 00:33:19,078 15549 INFO     [tempest_lib.common.rest_client] Request (TestNetworkAdvancedServerOps:test_server_connectivity_pause_unpause): 201 POST http://10.4.1.3:9696/v2.0/subnets 0.559s
2016-01-28 00:33:19,079 15549 DEBUG    [tempest_lib.common.rest_client] Request - Headers: {'Content-Type': 'application/json', 'Accept': 'application/json', 'X-Auth-Token': '&lt;omitted&gt;'}
        Body: {"subnet": {"ip_version": 4, "tenant_id": "97ad0ab7d5294190b863bdd29db580a2", "cidr": "10.100.0.0/28", "network_id": "66fff849-7541-4a03-aa7c-c5cb75edbfca", "name": "tempest-subnet-smoke-1167737385"}}
    Response - Headers: {'status': '201', 'content-length': '478', 'connection': 'close', 'date': 'Thu, 28 Jan 2016 00:33:19 GMT', 'content-type': 'application/json; charset=UTF-8', 'x-openstack-request-id': 'req-1f9cf96c-b832-4d6a-80d5-0b21870466dd'}
        Body: {"subnet": {"name": "tempest-subnet-smoke-1167737385", "enable_dhcp": true, "network_id": "66fff849-7541-4a03-aa7c-c5cb75edbfca", "tenant_id": "97ad0ab7d5294190b863bdd29db580a2", "dns_nameservers": [], "gateway_ip": "10.100.0.1", "ipv6_ra_mode": null, "allocation_pools": [{"start": "10.100.0.2", "end": "10.100.0.14"}], "host_routes": [], "ip_version": 4, "ipv6_address_mode": null, "cidr": "10.100.0.0/28", "id": "9937507a-b8d3-42ed-9fdc-57d50e365f13", "subnetpool_id": null}}
2016-01-28 00:33:19,815 15549 INFO     [tempest_lib.common.rest_client] Request (TestNetworkAdvancedServerOps:test_server_connectivity_pause_unpause): 200 PUT http://10.4.1.3:9696/v2.0/routers/a5af8367-1de2-43d2-89a6-b9f01433a58f/add_router_interface 0.736s
2016-01-28 00:33:19,816 15549 DEBUG    [tempest_lib.common.rest_client] Request - Headers: {'Content-Type': 'application/json', 'Accept': 'application/json', 'X-Auth-Token': '&lt;omitted&gt;'}
        Body: {"subnet_id": "9937507a-b8d3-42ed-9fdc-57d50e365f13"}
    Response - Headers: {'status': '200', 'content-length': '309', 'connection': 'close', 'date': 'Thu, 28 Jan 2016 00:33:19 GMT', 'content-type': 'application/json; charset=UTF-8', 'x-openstack-request-id': 'req-7fad5e43-96c0-4074-bbda-2d40344febb6'}
        Body: {"network_id": "66fff849-7541-4a03-aa7c-c5cb75edbfca", "tenant_id": "97ad0ab7d5294190b863bdd29db580a2", "subnet_id": "9937507a-b8d3-42ed-9fdc-57d50e365f13", "subnet_ids": ["9937507a-b8d3-42ed-9fdc-57d50e365f13"], "port_id": "7f3d5dc0-53f9-4fdd-8a84-ae0ef643fc4f", "id": "a5af8367-1de2-43d2-89a6-b9f01433a58f"}
2016-01-28 00:33:19,950 15549 INFO     [tempest_lib.common.rest_client] Request (TestNetworkAdvancedServerOps:test_server_connectivity_pause_unpause): 200 POST http://10.4.1.3:5000/v2.0/tokens
2016-01-28 00:33:19,951 15549 DEBUG    [tempest_lib.common.rest_client] Request - Headers: {'Content-Type': 'application/json', 'Accept': 'application/json'}
        Body: &lt;omitted&gt;
    Response - Headers: {'status': '200', 'content-length': '2296', 'vary': 'X-Auth-Token', 'server': 'Apache/2.4.7 (Ubuntu)', 'connection': 'close', 'date': 'Thu, 28 Jan 2016 00:33:19 GMT', 'content-type': 'application/json', 'x-openstack-request-id': 'req-a344395c-d0a3-4040-bd8c-3276b7c78f6a'}
        Body: {"access": {"token": {"issued_at": "2016-01-28T00:33:19.937934", "expires": "2016-01-28T01:33:19Z", "id": "eeb3b150db4b4554b94e13e66641eaa0", "tenant": {"description": "tempest-TestNetworkAdvancedServerOps-1395808567-desc", "enabled": true, "id": "97ad0ab7d5294190b863bdd29db580a2", "name": "tempest-TestNetworkAdvancedServerOps-1395808567"}, "audit_ids": ["sOU_4Wa2SRelyeIyG0ArQw"]}, "serviceCatalog": [{"endpoints": [{"adminURL": "http://10.4.1.3:9292", "region": "RegionOne", "internalURL": "http://10.4.1.3:9292", "id": "82123db0a91a48d6b5aaeac1e68f6249", "publicURL": "http://10.4.1.3:9292"}], "endpoints_links": [], "type": "image", "name": "glance"}, {"endpoints": [{"adminURL": "http://10.4.1.3:8774/v2.1/97ad0ab7d5294190b863bdd29db580a2", "region": "RegionOne", "internalURL": "http://10.4.1.3:8774/v2.1/97ad0ab7d5294190b863bdd29db580a2", "id": "037ce41a76174192b36c5c0b47b0e9c3", "publicURL": "http://10.4.1.3:8774/v2.1/97ad0ab7d5294190b863bdd29db580a2"}], "endpoints_links": [], "type": "compute", "name": "nova"}, {"endpoints": [{"adminURL": "http://10.4.1.3:8774/v2/97ad0ab7d5294190b863bdd29db580a2", "region": "RegionOne", "internalURL": "http://10.4.1.3:8774/v2/97ad0ab7d5294190b863bdd29db580a2", "id": "452ed4a493784191982e59829abd4c74", "publicURL": "http://10.4.1.3:8774/v2/97ad0ab7d5294190b863bdd29db580a2"}], "endpoints_links": [], "type": "compute_legacy", "name": "nova_legacy"}, {"endpoints": [{"adminURL": "http://10.4.1.3:35357/v2.0", "region": "RegionOne", "internalURL": "http://10.4.1.3:5000/v2.0", "id": "24bac0f855ed43488f0522c7d1715eb0", "publicURL": "http://10.4.1.3:5000/v2.0"}], "endpoints_links": [], "type": "identity", "name": "keystone"}, {"endpoints": [{"adminURL": "http://10.4.1.3:9696/", "region": "RegionOne", "internalURL": "http://10.4.1.3:9696/", "id": "9db68e46d0f442adadffea78857ab565", "publicURL": "http://10.4.1.3:9696/"}], "endpoints_links": [], "type": "network", "name": "neutron"}], "user": {"username": "tempest-TestNetworkAdvancedServerOps-1873797549", "roles_links": [], "id": "397368ff95054f09948fce12fd05398d", "roles": [{"name": "_member_"}, {"name": "Member"}], "name": "tempest-TestNetworkAdvancedServerOps-1873797549"}, "metadata": {"is_admin": 0, "roles": ["9fe2ff9ee4384b1894a90878d3e92bab", "64f62d1360914bd4935b9938b1fbf628"]}}}
2016-01-28 00:33:19,956 15549 DEBUG    [tempest.common.fixed_network] (TestNetworkAdvancedServerOps:test_server_connectivity_pause_unpause) No valid network provided or created, defaulting to fixed_network_name
2016-01-28 00:33:20,350 15549 INFO     [tempest_lib.common.rest_client] Request (TestNetworkAdvancedServerOps:test_server_connectivity_pause_unpause): 200 GET http://10.4.1.3:8774/v2.1/97ad0ab7d5294190b863bdd29db580a2/os-networks 0.393s
2016-01-28 00:33:20,350 15549 DEBUG    [tempest_lib.common.rest_client] Request - Headers: {'Content-Type': 'application/json', 'Accept': 'application/json', 'X-Auth-Token': '&lt;omitted&gt;'}
        Body: None
    Response - Headers: {'status': '200', 'content-length': '479', 'content-location': 'http://10.4.1.3:8774/v2.1/97ad0ab7d5294190b863bdd29db580a2/os-networks', 'x-compute-request-id': 'req-064a1747-33e1-47af-baa5-80ab3ec96ab2', 'vary': 'X-OpenStack-Nova-API-Version', 'connection': 'close', 'x-openstack-nova-api-version': '2.1', 'date': 'Thu, 28 Jan 2016 00:33:20 GMT', 'content-type': 'application/json'}
        Body: {"networks": [{"cidr_v6": null, "dns2": null, "dns1": null, "gateway": null, "broadcast": null, "netmask": null, "gateway_v6": null, "cidr": null, "label": "public", "id": "f56a4b29-fe50-4857-ab4d-3227be8ad425", "netmask_v6": null}, {"cidr_v6": null, "dns2": null, "dns1": null, "gateway": null, "broadcast": null, "netmask": null, "gateway_v6": null, "cidr": null, "label": "tempest-network-smoke--1960245459", "id": "66fff849-7541-4a03-aa7c-c5cb75edbfca", "netmask_v6": null}]}
2016-01-28 00:33:20,351 15549 WARNING  [tempest.common.fixed_network] (TestNetworkAdvancedServerOps:test_server_connectivity_pause_unpause) Network with name: private not found
2016-01-28 00:33:20,351 15549 INFO     [tempest.common.fixed_network] (TestNetworkAdvancedServerOps:test_server_connectivity_pause_unpause) Found network {} available for tenant
2016-01-28 00:33:22,989 15549 INFO     [tempest_lib.common.rest_client] Request (TestNetworkAdvancedServerOps:test_server_connectivity_pause_unpause): 202 POST http://10.4.1.3:8774/v2.1/97ad0ab7d5294190b863bdd29db580a2/servers 2.637s
2016-01-28 00:33:22,990 15549 DEBUG    [tempest_lib.common.rest_client] Request - Headers: {'Content-Type': 'application/json', 'Accept': 'application/json', 'X-Auth-Token': '&lt;omitted&gt;'}
        Body: {"server": {"name": "tempest-server-smoke-1866435714", "imageRef": "00f3253e-487f-4ba3-a33d-24d5e4d7cba6", "key_name": "tempest-TestNetworkAdvancedServerOps-580185497", "flavorRef": "42", "networks": [{"uuid": "66fff849-7541-4a03-aa7c-c5cb75edbfca"}], "security_groups": [{"name": "tempest-secgroup-smoke-816039861"}]}}
    Response - Headers: {'status': '202', 'content-length': '459', 'x-compute-request-id': 'req-bd194edf-5951-4df5-a9d8-f890b0bf91ff', 'vary': 'X-OpenStack-Nova-API-Version', 'connection': 'close', 'location': 'http://10.4.1.3:8774/v2.1/97ad0ab7d5294190b863bdd29db580a2/servers/c9d89a9d-8d77-4a92-9f95-d87a7bf8cd2c', 'x-openstack-nova-api-version': '2.1', 'date': 'Thu, 28 Jan 2016 00:33:22 GMT', 'content-type': 'application/json'}
        Body: {"server": {"security_groups": [{"name": "tempest-secgroup-smoke-816039861"}], "OS-DCF:diskConfig": "MANUAL", "id": "c9d89a9d-8d77-4a92-9f95-d87a7bf8cd2c", "links": [{"href": "http://10.4.1.3:8774/v2.1/97ad0ab7d5294190b863bdd29db580a2/servers/c9d89a9d-8d77-4a92-9f95-d87a7bf8cd2c", "rel": "self"}, {"href": "http://10.4.1.3:8774/97ad0ab7d5294190b863bdd29db580a2/servers/c9d89a9d-8d77-4a92-9f95-d87a7bf8cd2c", "rel": "bookmark"}], "adminPass": "2yHFSd4nLq84"}}
2016-01-28 00:33:23,418 15549 INFO     [tempest_lib.common.rest_client] Request (TestNetworkAdvancedServerOps:test_server_connectivity_pause_unpause): 200 GET http://10.4.1.3:8774/v2.1/97ad0ab7d5294190b863bdd29db580a2/servers/c9d89a9d-8d77-4a92-9f95-d87a7bf8cd2c 0.425s
2016-01-28 00:33:23,419 15549 DEBUG    [tempest_lib.common.rest_client] Request - Headers: {'Content-Type': 'application/json', 'Accept': 'application/json', 'X-Auth-Token': '&lt;omitted&gt;'}
        Body: None
    Response - Headers: {'status': '200', 'content-length': '1349', 'content-location': 'http://10.4.1.3:8774/v2.1/97ad0ab7d5294190b863bdd29db580a2/servers/c9d89a9d-8d77-4a92-9f95-d87a7bf8cd2c', 'x-compute-request-id': 'req-9e6dbd75-a198-4bd5-ac71-65fb7f1f0440', 'vary': 'X-OpenStack-Nova-API-Version', 'connection': 'close', 'x-openstack-nova-api-version': '2.1', 'date': 'Thu, 28 Jan 2016 00:33:23 GMT', 'content-type': 'application/json'}
        Body: {"server": {"status": "BUILD", "updated": "2016-01-28T00:33:23Z", "hostId": "", "addresses": {}, "links": [{"href": "http://10.4.1.3:8774/v2.1/97ad0ab7d5294190b863bdd29db580a2/servers/c9d89a9d-8d77-4a92-9f95-d87a7bf8cd2c", "rel": "self"}, {"href": "http://10.4.1.3:8774/97ad0ab7d5294190b863bdd29db580a2/servers/c9d89a9d-8d77-4a92-9f95-d87a7bf8cd2c", "rel": "bookmark"}], "key_name": "tempest-TestNetworkAdvancedServerOps-580185497", "image": {"id": "00f3253e-487f-4ba3-a33d-24d5e4d7cba6", "links": [{"href": "http://10.4.1.3:8774/97ad0ab7d5294190b863bdd29db580a2/images/00f3253e-487f-4ba3-a33d-24d5e4d7cba6", "rel": "bookmark"}]}, "OS-EXT-STS:task_state": "scheduling", "OS-EXT-STS:vm_state": "building", "OS-SRV-USG:launched_at": null, "flavor": {"id": "42", "links": [{"href": "http://10.4.1.3:8774/97ad0ab7d5294190b863bdd29db580a2/flavors/42", "rel": "bookmark"}]}, "id": "c9d89a9d-8d77-4a92-9f95-d87a7bf8cd2c", "OS-SRV-USG:terminated_at": null, "OS-EXT-AZ:availability_zone": "", "user_id": "397368ff95054f09948fce12fd05398d", "name": "tempest-server-smoke-1866435714", "created": "2016-01-28T00:33:22Z", "tenant_id": "97ad0ab7d5294190b863bdd29db580a2", "OS-DCF:diskConfig": "MANUAL", "os-extended-volumes:volumes_attached": [], "accessIPv4": "", "accessIPv6": "", "progress": 0, "OS-EXT-STS:power_state": 0, "config_drive": "", "metadata": {}}}
2016-01-28 00:33:25,342 15549 INFO     [tempest_lib.common.rest_client] Request (TestNetworkAdvancedServerOps:test_server_connectivity_pause_unpause): 200 GET http://10.4.1.3:8774/v2.1/97ad0ab7d5294190b863bdd29db580a2/servers/c9d89a9d-8d77-4a92-9f95-d87a7bf8cd2c 0.912s
2016-01-28 00:33:25,343 15549 DEBUG    [tempest_lib.common.rest_client] Request - Headers: {'Content-Type': 'application/json', 'Accept': 'application/json', 'X-Auth-Token': '&lt;omitted&gt;'}
        Body: None
    Response - Headers: {'status': '200', 'content-length': '1474', 'content-location': 'http://10.4.1.3:8774/v2.1/97ad0ab7d5294190b863bdd29db580a2/servers/c9d89a9d-8d77-4a92-9f95-d87a7bf8cd2c', 'x-compute-request-id': 'req-5cb935a1-3fc3-43d9-bd10-eaabab725477', 'vary': 'X-OpenStack-Nova-API-Version', 'connection': 'close', 'x-openstack-nova-api-version': '2.1', 'date': 'Thu, 28 Jan 2016 00:33:25 GMT', 'content-type': 'application/json'}
        Body: {"server": {"status": "BUILD", "updated": "2016-01-28T00:33:23Z", "hostId": "5d8a5e7587b7f508865f09f0e750190d50844ffcc03af1e919d44045", "addresses": {}, "links": [{"href": "http://10.4.1.3:8774/v2.1/97ad0ab7d5294190b863bdd29db580a2/servers/c9d89a9d-8d77-4a92-9f95-d87a7bf8cd2c", "rel": "self"}, {"href": "http://10.4.1.3:8774/97ad0ab7d5294190b863bdd29db580a2/servers/c9d89a9d-8d77-4a92-9f95-d87a7bf8cd2c", "rel": "bookmark"}], "key_name": "tempest-TestNetworkAdvancedServerOps-580185497", "image": {"id": "00f3253e-487f-4ba3-a33d-24d5e4d7cba6", "links": [{"href": "http://10.4.1.3:8774/97ad0ab7d5294190b863bdd29db580a2/images/00f3253e-487f-4ba3-a33d-24d5e4d7cba6", "rel": "bookmark"}]}, "OS-EXT-STS:task_state": "spawning", "OS-EXT-STS:vm_state": "building", "OS-SRV-USG:launched_at": null, "flavor": {"id": "42", "links": [{"href": "http://10.4.1.3:8774/97ad0ab7d5294190b863bdd29db580a2/flavors/42", "rel": "bookmark"}]}, "id": "c9d89a9d-8d77-4a92-9f95-d87a7bf8cd2c", "security_groups": [{"name": "tempest-secgroup-smoke-816039861"}], "OS-SRV-USG:terminated_at": null, "OS-EXT-AZ:availability_zone": "nova", "user_id": "397368ff95054f09948fce12fd05398d", "name": "tempest-server-smoke-1866435714", "created": "2016-01-28T00:33:22Z", "tenant_id": "97ad0ab7d5294190b863bdd29db580a2", "OS-DCF:diskConfig": "MANUAL", "os-extended-volumes:volumes_attached": [], "accessIPv4": "", "accessIPv6": "", "progress": 0, "OS-EXT-STS:power_state": 0, "config_drive": "", "metadata": {}}}
2016-01-28 00:33:25,364 15549 INFO     [tempest.common.waiters] State transition "BUILD/scheduling" ==&gt; "BUILD/spawning" after 2 second wait
2016-01-28 00:33:27,058 15549 INFO     [tempest_lib.common.rest_client] Request (TestNetworkAdvancedServerOps:test_server_connectivity_pause_unpause): 200 GET http://10.4.1.3:8774/v2.1/97ad0ab7d5294190b863bdd29db580a2/servers/c9d89a9d-8d77-4a92-9f95-d87a7bf8cd2c 0.692s
2016-01-28 00:33:27,059 15549 DEBUG    [tempest_lib.common.rest_client] Request - Headers: {'Content-Type': 'application/json', 'Accept': 'application/json', 'X-Auth-Token': '&lt;omitted&gt;'}
        Body: None
    Response - Headers: {'status': '200', 'content-length': '1474', 'content-location': 'http://10.4.1.3:8774/v2.1/97ad0ab7d5294190b863bdd29db580a2/servers/c9d89a9d-8d77-4a92-9f95-d87a7bf8cd2c', 'x-compute-request-id': 'req-feb8cf8f-11cc-4a98-86fb-02a98407cccc', 'vary': 'X-OpenStack-Nova-API-Version', 'connection': 'close', 'x-openstack-nova-api-version': '2.1', 'date': 'Thu, 28 Jan 2016 00:33:27 GMT', 'content-type': 'application/json'}
        Body: {"server": {"status": "BUILD", "updated": "2016-01-28T00:33:23Z", "hostId": "5d8a5e7587b7f508865f09f0e750190d50844ffcc03af1e919d44045", "addresses": {}, "links": [{"href": "http://10.4.1.3:8774/v2.1/97ad0ab7d5294190b863bdd29db580a2/servers/c9d89a9d-8d77-4a92-9f95-d87a7bf8cd2c", "rel": "self"}, {"href": "http://10.4.1.3:8774/97ad0ab7d5294190b863bdd29db580a2/servers/c9d89a9d-8d77-4a92-9f95-d87a7bf8cd2c", "rel": "bookmark"}], "key_name": "tempest-TestNetworkAdvancedServerOps-580185497", "image": {"id": "00f3253e-487f-4ba3-a33d-24d5e4d7cba6", "links": [{"href": "http://10.4.1.3:8774/97ad0ab7d5294190b863bdd29db580a2/images/00f3253e-487f-4ba3-a33d-24d5e4d7cba6", "rel": "bookmark"}]}, "OS-EXT-STS:task_state": "spawning", "OS-EXT-STS:vm_state": "building", "OS-SRV-USG:launched_at": null, "flavor": {"id": "42", "links": [{"href": "http://10.4.1.3:8774/97ad0ab7d5294190b863bdd29db580a2/flavors/42", "rel": "bookmark"}]}, "id": "c9d89a9d-8d77-4a92-9f95-d87a7bf8cd2c", "security_groups": [{"name": "tempest-secgroup-smoke-816039861"}], "OS-SRV-USG:terminated_at": null, "OS-EXT-AZ:availability_zone": "nova", "user_id": "397368ff95054f09948fce12fd05398d", "name": "tempest-server-smoke-1866435714", "created": "2016-01-28T00:33:22Z", "tenant_id": "97ad0ab7d5294190b863bdd29db580a2", "OS-DCF:diskConfig": "MANUAL", "os-extended-volumes:volumes_attached": [], "accessIPv4": "", "accessIPv6": "", "progress": 0, "OS-EXT-STS:power_state": 0, "config_drive": "", "metadata": {}}}
2016-01-28 00:33:28,631 15549 INFO     [tempest_lib.common.rest_client] Request (TestNetworkAdvancedServerOps:test_server_connectivity_pause_unpause): 200 GET http://10.4.1.3:8774/v2.1/97ad0ab7d5294190b863bdd29db580a2/servers/c9d89a9d-8d77-4a92-9f95-d87a7bf8cd2c 0.561s
2016-01-28 00:33:28,631 15549 DEBUG    [tempest_lib.common.rest_client] Request - Headers: {'Content-Type': 'application/json', 'Accept': 'application/json', 'X-Auth-Token': '&lt;omitted&gt;'}
        Body: None
    Response - Headers: {'status': '200', 'content-length': '1646', 'content-location': 'http://10.4.1.3:8774/v2.1/97ad0ab7d5294190b863bdd29db580a2/servers/c9d89a9d-8d77-4a92-9f95-d87a7bf8cd2c', 'x-compute-request-id': 'req-8fd3a1be-327a-4eed-999c-d5c35d059a4a', 'vary': 'X-OpenStack-Nova-API-Version', 'connection': 'close', 'x-openstack-nova-api-version': '2.1', 'date': 'Thu, 28 Jan 2016 00:33:28 GMT', 'content-type': 'application/json'}
        Body: {"server": {"status": "ACTIVE", "updated": "2016-01-28T00:33:27Z", "hostId": "5d8a5e7587b7f508865f09f0e750190d50844ffcc03af1e919d44045", "addresses": {"tempest-network-smoke--1960245459": [{"OS-EXT-IPS-MAC:mac_addr": "fa:16:3e:eb:a7:9d", "version": 4, "addr": "10.100.0.3", "OS-EXT-IPS:type": "fixed"}]}, "links": [{"href": "http://10.4.1.3:8774/v2.1/97ad0ab7d5294190b863bdd29db580a2/servers/c9d89a9d-8d77-4a92-9f95-d87a7bf8cd2c", "rel": "self"}, {"href": "http://10.4.1.3:8774/97ad0ab7d5294190b863bdd29db580a2/servers/c9d89a9d-8d77-4a92-9f95-d87a7bf8cd2c", "rel": "bookmark"}], "key_name": "tempest-TestNetworkAdvancedServerOps-580185497", "image": {"id": "00f3253e-487f-4ba3-a33d-24d5e4d7cba6", "links": [{"href": "http://10.4.1.3:8774/97ad0ab7d5294190b863bdd29db580a2/images/00f3253e-487f-4ba3-a33d-24d5e4d7cba6", "rel": "bookmark"}]}, "OS-EXT-STS:task_state": null, "OS-EXT-STS:vm_state": "active", "OS-SRV-USG:launched_at": "2016-01-28T00:33:27.000000", "flavor": {"id": "42", "links": [{"href": "http://10.4.1.3:8774/97ad0ab7d5294190b863bdd29db580a2/flavors/42", "rel": "bookmark"}]}, "id": "c9d89a9d-8d77-4a92-9f95-d87a7bf8cd2c", "security_groups": [{"name": "tempest-secgroup-smoke-816039861"}], "OS-SRV-USG:terminated_at": null, "OS-EXT-AZ:availability_zone": "nova", "user_id": "397368ff95054f09948fce12fd05398d", "name": "tempest-server-smoke-1866435714", "created": "2016-01-28T00:33:22Z", "tenant_id": "97ad0ab7d5294190b863bdd29db580a2", "OS-DCF:diskConfig": "MANUAL", "os-extended-volumes:volumes_attached": [], "accessIPv4": "", "accessIPv6": "", "progress": 0, "OS-EXT-STS:power_state": 1, "config_drive": "True", "metadata": {}}}
2016-01-28 00:33:28,640 15549 INFO     [tempest.common.waiters] State transition "BUILD/spawning" ==&gt; "ACTIVE/None" after 5 second wait
2016-01-28 00:33:29,226 15549 INFO     [tempest_lib.common.rest_client] Request (TestNetworkAdvancedServerOps:test_server_connectivity_pause_unpause): 200 GET http://10.4.1.3:8774/v2.1/97ad0ab7d5294190b863bdd29db580a2/servers/c9d89a9d-8d77-4a92-9f95-d87a7bf8cd2c 0.585s
2016-01-28 00:33:29,226 15549 DEBUG    [tempest_lib.common.rest_client] Request - Headers: {'Content-Type': 'application/json', 'Accept': 'application/json', 'X-Auth-Token': '&lt;omitted&gt;'}
        Body: None
    Response - Headers: {'status': '200', 'content-length': '1646', 'content-location': 'http://10.4.1.3:8774/v2.1/97ad0ab7d5294190b863bdd29db580a2/servers/c9d89a9d-8d77-4a92-9f95-d87a7bf8cd2c', 'x-compute-request-id': 'req-1b78e8c7-d995-468d-9b55-747521f24dc6', 'vary': 'X-OpenStack-Nova-API-Version', 'connection': 'close', 'x-openstack-nova-api-version': '2.1', 'date': 'Thu, 28 Jan 2016 00:33:29 GMT', 'content-type': 'application/json'}
        Body: {"server": {"status": "ACTIVE", "updated": "2016-01-28T00:33:27Z", "hostId": "5d8a5e7587b7f508865f09f0e750190d50844ffcc03af1e919d44045", "addresses": {"tempest-network-smoke--1960245459": [{"OS-EXT-IPS-MAC:mac_addr": "fa:16:3e:eb:a7:9d", "version": 4, "addr": "10.100.0.3", "OS-EXT-IPS:type": "fixed"}]}, "links": [{"href": "http://10.4.1.3:8774/v2.1/97ad0ab7d5294190b863bdd29db580a2/servers/c9d89a9d-8d77-4a92-9f95-d87a7bf8cd2c", "rel": "self"}, {"href": "http://10.4.1.3:8774/97ad0ab7d5294190b863bdd29db580a2/servers/c9d89a9d-8d77-4a92-9f95-d87a7bf8cd2c", "rel": "bookmark"}], "key_name": "tempest-TestNetworkAdvancedServerOps-580185497", "image": {"id": "00f3253e-487f-4ba3-a33d-24d5e4d7cba6", "links": [{"href": "http://10.4.1.3:8774/97ad0ab7d5294190b863bdd29db580a2/images/00f3253e-487f-4ba3-a33d-24d5e4d7cba6", "rel": "bookmark"}]}, "OS-EXT-STS:task_state": null, "OS-EXT-STS:vm_state": "active", "OS-SRV-USG:launched_at": "2016-01-28T00:33:27.000000", "flavor": {"id": "42", "links": [{"href": "http://10.4.1.3:8774/97ad0ab7d5294190b863bdd29db580a2/flavors/42", "rel": "bookmark"}]}, "id": "c9d89a9d-8d77-4a92-9f95-d87a7bf8cd2c", "security_groups": [{"name": "tempest-secgroup-smoke-816039861"}], "OS-SRV-USG:terminated_at": null, "OS-EXT-AZ:availability_zone": "nova", "user_id": "397368ff95054f09948fce12fd05398d", "name": "tempest-server-smoke-1866435714", "created": "2016-01-28T00:33:22Z", "tenant_id": "97ad0ab7d5294190b863bdd29db580a2", "OS-DCF:diskConfig": "MANUAL", "os-extended-volumes:volumes_attached": [], "accessIPv4": "", "accessIPv6": "", "progress": 0, "OS-EXT-STS:power_state": 1, "config_drive": "True", "metadata": {}}}
2016-01-28 00:33:29,418 15549 INFO     [tempest_lib.common.rest_client] Request (TestNetworkAdvancedServerOps:test_server_connectivity_pause_unpause): 200 GET http://10.4.1.3:9696/v2.0/ports?status=ACTIVE&amp;fixed_ip=None&amp;device_id=c9d89a9d-8d77-4a92-9f95-d87a7bf8cd2c 0.183s
2016-01-28 00:33:29,419 15549 DEBUG    [tempest_lib.common.rest_client] Request - Headers: {'Content-Type': 'application/json', 'Accept': 'application/json', 'X-Auth-Token': '&lt;omitted&gt;'}
        Body: None
    Response - Headers: {'status': '200', 'content-length': '895', 'content-location': 'http://10.4.1.3:9696/v2.0/ports?status=ACTIVE&amp;fixed_ip=None&amp;device_id=c9d89a9d-8d77-4a92-9f95-d87a7bf8cd2c', 'connection': 'close', 'date': 'Thu, 28 Jan 2016 00:33:29 GMT', 'content-type': 'application/json; charset=UTF-8', 'x-openstack-request-id': 'req-dce0b50f-ab13-46f1-8301-943197d28a27'}
        Body: {"ports": [{"status": "ACTIVE", "binding:host_id": "vagrant-ubuntu-trusty-64", "allowed_address_pairs": [], "extra_dhcp_opts": [], "dns_assignment": [{"hostname": "host-10-100-0-3", "ip_address": "10.100.0.3", "fqdn": "host-10-100-0-3.openstacklocal."}], "device_owner": "compute:None", "port_security_enabled": true, "binding:profile": {}, "fixed_ips": [{"subnet_id": "9937507a-b8d3-42ed-9fdc-57d50e365f13", "ip_address": "10.100.0.3"}], "id": "0792a52b-9462-4b25-a3b6-8f81fdd2fb88", "security_groups": ["f95d3bef-1837-46aa-a2f2-9d461d35c6ba"], "device_id": "c9d89a9d-8d77-4a92-9f95-d87a7bf8cd2c", "name": "", "admin_state_up": true, "network_id": "66fff849-7541-4a03-aa7c-c5cb75edbfca", "dns_name": "", "binding:vif_details": {"port_filter": true}, "binding:vnic_type": "normal", "binding:vif_type": "ovs", "tenant_id": "97ad0ab7d5294190b863bdd29db580a2", "mac_address": "fa:16:3e:eb:a7:9d"}]}
2016-01-28 00:33:30,161 15549 INFO     [tempest_lib.common.rest_client] Request (TestNetworkAdvancedServerOps:test_server_connectivity_pause_unpause): 201 POST http://10.4.1.3:9696/v2.0/floatingips 0.741s
2016-01-28 00:33:30,161 15549 DEBUG    [tempest_lib.common.rest_client] Request - Headers: {'Content-Type': 'application/json', 'Accept': 'application/json', 'X-Auth-Token': '&lt;omitted&gt;'}
        Body: {"floatingip": {"floating_network_id": "f56a4b29-fe50-4857-ab4d-3227be8ad425", "tenant_id": "97ad0ab7d5294190b863bdd29db580a2", "fixed_ip_address": "10.100.0.3", "port_id": "0792a52b-9462-4b25-a3b6-8f81fdd2fb88"}}
    Response - Headers: {'status': '201', 'content-length': '369', 'connection': 'close', 'date': 'Thu, 28 Jan 2016 00:33:30 GMT', 'content-type': 'application/json; charset=UTF-8', 'x-openstack-request-id': 'req-4d6ea62f-2691-4a65-9f3b-288ebb2219b6'}
        Body: {"floatingip": {"floating_network_id": "f56a4b29-fe50-4857-ab4d-3227be8ad425", "router_id": "a5af8367-1de2-43d2-89a6-b9f01433a58f", "fixed_ip_address": "10.100.0.3", "floating_ip_address": "172.24.4.4", "tenant_id": "97ad0ab7d5294190b863bdd29db580a2", "status": "ACTIVE", "port_id": "0792a52b-9462-4b25-a3b6-8f81fdd2fb88", "id": "580fbf6a-5028-48ee-85df-bb13e126ff84"}}
2016-01-28 00:33:30,743 15549 INFO     [tempest_lib.common.rest_client] Request (TestNetworkAdvancedServerOps:test_server_connectivity_pause_unpause): 200 GET http://10.4.1.3:8774/v2.1/97ad0ab7d5294190b863bdd29db580a2/servers/c9d89a9d-8d77-4a92-9f95-d87a7bf8cd2c 0.580s
2016-01-28 00:33:30,743 15549 DEBUG    [tempest_lib.common.rest_client] Request - Headers: {'Content-Type': 'application/json', 'Accept': 'application/json', 'X-Auth-Token': '&lt;omitted&gt;'}
        Body: None
    Response - Headers: {'status': '200', 'content-length': '1646', 'content-location': 'http://10.4.1.3:8774/v2.1/97ad0ab7d5294190b863bdd29db580a2/servers/c9d89a9d-8d77-4a92-9f95-d87a7bf8cd2c', 'x-compute-request-id': 'req-53f499ac-33e2-4b31-9a16-9433caec2488', 'vary': 'X-OpenStack-Nova-API-Version', 'connection': 'close', 'x-openstack-nova-api-version': '2.1', 'date': 'Thu, 28 Jan 2016 00:33:30 GMT', 'content-type': 'application/json'}
        Body: {"server": {"status": "ACTIVE", "updated": "2016-01-28T00:33:27Z", "hostId": "5d8a5e7587b7f508865f09f0e750190d50844ffcc03af1e919d44045", "addresses": {"tempest-network-smoke--1960245459": [{"OS-EXT-IPS-MAC:mac_addr": "fa:16:3e:eb:a7:9d", "version": 4, "addr": "10.100.0.3", "OS-EXT-IPS:type": "fixed"}]}, "links": [{"href": "http://10.4.1.3:8774/v2.1/97ad0ab7d5294190b863bdd29db580a2/servers/c9d89a9d-8d77-4a92-9f95-d87a7bf8cd2c", "rel": "self"}, {"href": "http://10.4.1.3:8774/97ad0ab7d5294190b863bdd29db580a2/servers/c9d89a9d-8d77-4a92-9f95-d87a7bf8cd2c", "rel": "bookmark"}], "key_name": "tempest-TestNetworkAdvancedServerOps-580185497", "image": {"id": "00f3253e-487f-4ba3-a33d-24d5e4d7cba6", "links": [{"href": "http://10.4.1.3:8774/97ad0ab7d5294190b863bdd29db580a2/images/00f3253e-487f-4ba3-a33d-24d5e4d7cba6", "rel": "bookmark"}]}, "OS-EXT-STS:task_state": null, "OS-EXT-STS:vm_state": "active", "OS-SRV-USG:launched_at": "2016-01-28T00:33:27.000000", "flavor": {"id": "42", "links": [{"href": "http://10.4.1.3:8774/97ad0ab7d5294190b863bdd29db580a2/flavors/42", "rel": "bookmark"}]}, "id": "c9d89a9d-8d77-4a92-9f95-d87a7bf8cd2c", "security_groups": [{"name": "tempest-secgroup-smoke-816039861"}], "OS-SRV-USG:terminated_at": null, "OS-EXT-AZ:availability_zone": "nova", "user_id": "397368ff95054f09948fce12fd05398d", "name": "tempest-server-smoke-1866435714", "created": "2016-01-28T00:33:22Z", "tenant_id": "97ad0ab7d5294190b863bdd29db580a2", "OS-DCF:diskConfig": "MANUAL", "os-extended-volumes:volumes_attached": [], "accessIPv4": "", "accessIPv6": "", "progress": 0, "OS-EXT-STS:power_state": 1, "config_drive": "True", "metadata": {}}}
2016-01-28 00:33:30,752 15549 INFO     [tempest.scenario.manager] Tenant networks not configured to be reachable.
2016-01-28 00:33:30,897 15549 INFO     [tempest_lib.common.rest_client] Request (TestNetworkAdvancedServerOps:test_server_connectivity_pause_unpause): 200 GET http://10.4.1.3:9696/v2.0/floatingips/580fbf6a-5028-48ee-85df-bb13e126ff84 0.144s
2016-01-28 00:33:30,898 15549 DEBUG    [tempest_lib.common.rest_client] Request - Headers: {'Content-Type': 'application/json', 'Accept': 'application/json', 'X-Auth-Token': '&lt;omitted&gt;'}
        Body: None
    Response - Headers: {'status': '200', 'content-length': '369', 'content-location': 'http://10.4.1.3:9696/v2.0/floatingips/580fbf6a-5028-48ee-85df-bb13e126ff84', 'connection': 'close', 'date': 'Thu, 28 Jan 2016 00:33:30 GMT', 'content-type': 'application/json; charset=UTF-8', 'x-openstack-request-id': 'req-4ac4f951-e602-495d-8d77-6e15b5780f00'}
        Body: {"floatingip": {"floating_network_id": "f56a4b29-fe50-4857-ab4d-3227be8ad425", "router_id": "a5af8367-1de2-43d2-89a6-b9f01433a58f", "fixed_ip_address": "10.100.0.3", "floating_ip_address": "172.24.4.4", "tenant_id": "97ad0ab7d5294190b863bdd29db580a2", "status": "ACTIVE", "port_id": "0792a52b-9462-4b25-a3b6-8f81fdd2fb88", "id": "580fbf6a-5028-48ee-85df-bb13e126ff84"}}
2016-01-28 00:33:30,898 15549 INFO     [tempest.scenario.manager] FloatingIP: &lt;"FloatingIP" addr="172.24.4.4" id="580fbf6a-5028-48ee-85df-bb13e126ff84"&gt; is at status: ACTIVE
2016-01-28 00:33:30,899 15549 DEBUG    [tempest.scenario.manager] checking network connections to IP 172.24.4.4 with user: cirros
2016-01-28 00:33:30,900 15549 DEBUG    [tempest.scenario.manager] TestNetworkAdvancedServerOps:test_server_connectivity_pause_unpause begins to ping 172.24.4.4 in 120 sec and the expected result is reachable
2016-01-28 00:35:31,498 15549 DEBUG    [tempest.scenario.manager] TestNetworkAdvancedServerOps:test_server_connectivity_pause_unpause finishes ping 172.24.4.4 in 120 sec and the ping result is unexpected
2016-01-28 00:35:31,499 15549 ERROR    [tempest.scenario.manager] Public network connectivity check failed
2016-01-28 00:35:31.499 15549 ERROR tempest.scenario.manager Traceback (most recent call last):
2016-01-28 00:35:31.499 15549 ERROR tempest.scenario.manager   File "tempest/scenario/manager.py", line 610, in check_public_network_connectivity
2016-01-28 00:35:31.499 15549 ERROR tempest.scenario.manager     should_connect=should_connect)
2016-01-28 00:35:31.499 15549 ERROR tempest.scenario.manager   File "tempest/scenario/manager.py", line 594, in check_vm_connectivity
2016-01-28 00:35:31.499 15549 ERROR tempest.scenario.manager     msg=msg)
2016-01-28 00:35:31.499 15549 ERROR tempest.scenario.manager   File "/usr/local/lib/python2.7/dist-packages/unittest2/case.py", line 702, in assertTrue
2016-01-28 00:35:31.499 15549 ERROR tempest.scenario.manager     raise self.failureException(msg)
2016-01-28 00:35:31.499 15549 ERROR tempest.scenario.manager AssertionError: False is not true : Timed out waiting for 172.24.4.4 to become reachable
2016-01-28 00:35:31.499 15549 ERROR tempest.scenario.manager 
2016-01-28 00:35:31,890 15549 INFO     [tempest_lib.common.rest_client] Request (TestNetworkAdvancedServerOps:test_server_connectivity_pause_unpause): 200 POST http://10.4.1.3:8774/v2.1/97ad0ab7d5294190b863bdd29db580a2/servers/c9d89a9d-8d77-4a92-9f95-d87a7bf8cd2c/action 0.386s
2016-01-28 00:35:31,890 15549 DEBUG    [tempest_lib.common.rest_client] Request - Headers: {'Content-Type': 'application/json', 'Accept': 'application/json', 'X-Auth-Token': '&lt;omitted&gt;'}
        Body: {"os-getConsoleOutput": {}}
    Response - Headers: {'status': '200', 'content-length': '17516', 'x-compute-request-id': 'req-3dbd0144-4f12-4d98-9bce-e201dfe665c4', 'vary': 'X-OpenStack-Nova-API-Version', 'connection': 'close', 'x-openstack-nova-api-version': '2.1', 'date': 'Thu, 28 Jan 2016 00:35:31 GMT', 'content-type': 'application/json'}
        Body: {"output": "[    0.000000] Initializing cgroup subsys cpuset\n[    0.000000] Initializing cgroup subsys cpu\n[    0.000000] Linux version 3.2.0-80-virtual (buildd@batsu) (gcc version 4.6.3 (Ubuntu/Linaro 4.6.3-1ubuntu5) ) #116-Ubuntu SMP Mon Mar 23 17:28:52 UTC 2015 (Ubuntu 3.2.0-80.116-virtual 3.2.68)\n[    0.000000] Command line: root=/dev/vda console=tty0 console=ttyS0 no_timer_check\n[    0.000000] KERNEL supported cpus:\n[    0.000000]   Intel GenuineIntel\n[    0.000000]   AMD AuthenticAMD\n[    0.000000]   Centaur CentaurHauls\n[    0.000000] BIOS-provided physical RAM map:\n[    0.000000]  BIOS-e820: 0000000000000000 - 000000000009fc00 (usable)\n[    0.000000]  BIOS-e820: 000000000009fc00 - 00000000000a0000 (reserved)\n[    0.000000]  BIOS-e820: 00000000000f0000 - 0000000000100000 (reserved)\n[    0.000000]  BIOS-e820: 0000000000100000 - 0000000003ffe000 (usable)\n[    0.000000]  BIOS-e820: 0000000003ffe000 - 0000000004000000 (reserved)\n[    0.000000]  BIOS-e820: 00000000fffc0000 - 0000000100000000 (reserved)\n[    0.000000] NX (Execute Disable) protection: active\n[    0.000000] SMBIOS 2.4 present.\n[    0.000000] No AGP bridge found\n[    0.000000] last_pfn = 0x3ffe max_arch_pfn = 0x400000000\n[    0.000000] x86 PAT enabled: cpu 0, old 0x7040600070406, new 0x7010600070106\n[    0.000000] found SMP MP-table at [ffff8800000f0b00] f0b00\n[    0.000000] init_memory_mapping: 0000000000000000-0000000003ffe000\n[    0.000000] RAMDISK: 03c5e000 - 03ff0000\n[    0.000000] ACPI: RSDP 00000000000f0950 00014 (v00 BOCHS )\n[    0.000000] ACPI: RSDT 0000000003fffbc1 00034 (v01 BOCHS  BXPCRSDT 00000001 BXPC 00000001)\n[    0.000000] ACPI: FACP 0000000003fff1c0 00074 (v01 BOCHS  BXPCFACP 00000001 BXPC 00000001)\n[    0.000000] ACPI: DSDT 0000000003ffe040 01180 (v01 BOCHS  BXPCDSDT 00000001 BXPC 00000001)\n[    0.000000] ACPI: FACS 0000000003ffe000 00040\n[    0.000000] ACPI: SSDT 0000000003fff234 008DD (v01 BOCHS  BXPCSSDT 00000001 BXPC 00000001)\n[    0.000000] ACPI: APIC 0000000003fffb11 00078 (v01 BOCHS  BXPCAPIC 00000001 BXPC 00000001)\n[    0.000000] ACPI: HPET 0000000003fffb89 00038 (v01 BOCHS  BXPCHPET 00000001 BXPC 00000001)\n[    0.000000] No NUMA configuration found\n[    0.000000] Faking a node at 0000000000000000-0000000003ffe000\n[    0.000000] Initmem setup node 0 0000000000000000-0000000003ffe000\n[    0.000000]   NODE_DATA [0000000003ff6000 - 0000000003ffafff]\n[    0.000000] Zone PFN ranges:\n[    0.000000]   DMA      0x00000010 -&gt; 0x00001000\n[    0.000000]   DMA32    0x00001000 -&gt; 0x00100000\n[    0.000000]   Normal   empty\n[    0.000000] Movable zone start PFN for each node\n[    0.000000] early_node_map[2] active PFN ranges\n[    0.000000]     0: 0x00000010 -&gt; 0x0000009f\n[    0.000000]     0: 0x00000100 -&gt; 0x00003ffe\n[    0.000000] ACPI: PM-Timer IO Port: 0xb008\n[    0.000000] ACPI: LAPIC (acpi_id[0x00] lapic_id[0x00] enabled)\n[    0.000000] ACPI: LAPIC_NMI (acpi_id[0xff] dfl dfl lint[0x1])\n[    0.000000] ACPI: IOAPIC (id[0x00] address[0xfec00000] gsi_base[0])\n[    0.000000] IOAPIC[0]: apic_id 0, version 17, address 0xfec00000, GSI 0-23\n[    0.000000] ACPI: INT_SRC_OVR (bus 0 bus_irq 0 global_irq 2 dfl dfl)\n[    0.000000] ACPI: INT_SRC_OVR (bus 0 bus_irq 5 global_irq 5 high level)\n[    0.000000] ACPI: INT_SRC_OVR (bus 0 bus_irq 9 global_irq 9 high level)\n[    0.000000] ACPI: INT_SRC_OVR (bus 0 bus_irq 10 global_irq 10 high level)\n[    0.000000] ACPI: INT_SRC_OVR (bus 0 bus_irq 11 global_irq 11 high level)\n[    0.000000] Using ACPI (MADT) for SMP configuration information\n[    0.000000] ACPI: HPET id: 0x8086a201 base: 0xfed00000\n[    0.000000] SMP: Allowing 1 CPUs, 0 hotplug CPUs\n[    0.000000] PM: Registered nosave memory: 000000000009f000 - 00000000000a0000\n[    0.000000] PM: Registered nosave memory: 00000000000a0000 - 00000000000f0000\n[    0.000000] PM: Registered nosave memory: 00000000000f0000 - 0000000000100000\n[    0.000000] Allocating PCI resources starting at 4000000 (gap: 4000000:fbfc0000)\n[    0.000000] Booting paravirtualized kernel on bare hardware\n[    0.000000] setup_pe
2016-01-28 00:35:31,894 15549 DEBUG    [tempest.scenario.manager] Console output for c9d89a9d-8d77-4a92-9f95-d87a7bf8cd2c
body=
[    0.000000] Initializing cgroup subsys cpuset
[    0.000000] Initializing cgroup subsys cpu
[    0.000000] Linux version 3.2.0-80-virtual (buildd@batsu) (gcc version 4.6.3 (Ubuntu/Linaro 4.6.3-1ubuntu5) ) #116-Ubuntu SMP Mon Mar 23 17:28:52 UTC 2015 (Ubuntu 3.2.0-80.116-virtual 3.2.68)
[    0.000000] Command line: root=/dev/vda console=tty0 console=ttyS0 no_timer_check
[    0.000000] KERNEL supported cpus:
[    0.000000]   Intel GenuineIntel
[    0.000000]   AMD AuthenticAMD
[    0.000000]   Centaur CentaurHauls
[    0.000000] BIOS-provided physical RAM map:
[    0.000000]  BIOS-e820: 0000000000000000 - 000000000009fc00 (usable)
[    0.000000]  BIOS-e820: 000000000009fc00 - 00000000000a0000 (reserved)
[    0.000000]  BIOS-e820: 00000000000f0000 - 0000000000100000 (reserved)
[    0.000000]  BIOS-e820: 0000000000100000 - 0000000003ffe000 (usable)
[    0.000000]  BIOS-e820: 0000000003ffe000 - 0000000004000000 (reserved)
[    0.000000]  BIOS-e820: 00000000fffc0000 - 0000000100000000 (reserved)
[    0.000000] NX (Execute Disable) protection: active
[    0.000000] SMBIOS 2.4 present.
[    0.000000] No AGP bridge found
[    0.000000] last_pfn = 0x3ffe max_arch_pfn = 0x400000000
[    0.000000] x86 PAT enabled: cpu 0, old 0x7040600070406, new 0x7010600070106
[    0.000000] found SMP MP-table at [ffff8800000f0b00] f0b00
[    0.000000] init_memory_mapping: 0000000000000000-0000000003ffe000
[    0.000000] RAMDISK: 03c5e000 - 03ff0000
[    0.000000] ACPI: RSDP 00000000000f0950 00014 (v00 BOCHS )
[    0.000000] ACPI: RSDT 0000000003fffbc1 00034 (v01 BOCHS  BXPCRSDT 00000001 BXPC 00000001)
[    0.000000] ACPI: FACP 0000000003fff1c0 00074 (v01 BOCHS  BXPCFACP 00000001 BXPC 00000001)
[    0.000000] ACPI: DSDT 0000000003ffe040 01180 (v01 BOCHS  BXPCDSDT 00000001 BXPC 00000001)
[    0.000000] ACPI: FACS 0000000003ffe000 00040
[    0.000000] ACPI: SSDT 0000000003fff234 008DD (v01 BOCHS  BXPCSSDT 00000001 BXPC 00000001)
[    0.000000] ACPI: APIC 0000000003fffb11 00078 (v01 BOCHS  BXPCAPIC 00000001 BXPC 00000001)
[    0.000000] ACPI: HPET 0000000003fffb89 00038 (v01 BOCHS  BXPCHPET 00000001 BXPC 00000001)
[    0.000000] No NUMA configuration found
[    0.000000] Faking a node at 0000000000000000-0000000003ffe000
[    0.000000] Initmem setup node 0 0000000000000000-0000000003ffe000
[    0.000000]   NODE_DATA [0000000003ff6000 - 0000000003ffafff]
[    0.000000] Zone PFN ranges:
[    0.000000]   DMA      0x00000010 -&gt; 0x00001000
[    0.000000]   DMA32    0x00001000 -&gt; 0x00100000
[    0.000000]   Normal   empty
[    0.000000] Movable zone start PFN for each node
[    0.000000] early_node_map[2] active PFN ranges
[    0.000000]     0: 0x00000010 -&gt; 0x0000009f
[    0.000000]     0: 0x00000100 -&gt; 0x00003ffe
[    0.000000] ACPI: PM-Timer IO Port: 0xb008
[    0.000000] ACPI: LAPIC (acpi_id[0x00] lapic_id[0x00] enabled)
[    0.000000] ACPI: LAPIC_NMI (acpi_id[0xff] dfl dfl lint[0x1])
[    0.000000] ACPI: IOAPIC (id[0x00] address[0xfec00000] gsi_base[0])
[    0.000000] IOAPIC[0]: apic_id 0, version 17, address 0xfec00000, GSI 0-23
[    0.000000] ACPI: INT_SRC_OVR (bus 0 bus_irq 0 global_irq 2 dfl dfl)
[    0.000000] ACPI: INT_SRC_OVR (bus 0 bus_irq 5 global_irq 5 high level)
[    0.000000] ACPI: INT_SRC_OVR (bus 0 bus_irq 9 global_irq 9 high level)
[    0.000000] ACPI: INT_SRC_OVR (bus 0 bus_irq 10 global_irq 10 high level)
[    0.000000] ACPI: INT_SRC_OVR (bus 0 bus_irq 11 global_irq 11 high level)
[    0.000000] Using ACPI (MADT) for SMP configuration information
[    0.000000] ACPI: HPET id: 0x8086a201 base: 0xfed00000
[    0.000000] SMP: Allowing 1 CPUs, 0 hotplug CPUs
[    0.000000] PM: Registered nosave memory: 000000000009f000 - 00000000000a0000
[    0.000000] PM: Registered nosave memory: 00000000000a0000 - 00000000000f0000
[    0.000000] PM: Registered nosave memory: 00000000000f0000 - 0000000000100000
[    0.000000] Allocating PCI resources starting at 4000000 (gap: 4000000:fbfc0000)
[    0.000000] Booting paravirtualized kernel on bare hardware
[    0.000000] setup_percpu: NR_CPUS:64 nr_cpumask_bits:64 nr_cpu_ids:1 nr_node_ids:1
[    0.000000] PERCPU: Embedded 27 pages/cpu @ffff880003a00000 s78848 r8192 d23552 u2097152
[    0.000000] Built 1 zonelists in Node order, mobility grouping on.  Total pages: 16008
[    0.000000] Policy zone: DMA32
[    0.000000] Kernel command line: root=/dev/vda console=tty0 console=ttyS0 no_timer_check
[    0.000000] PID hash table entries: 256 (order: -1, 2048 bytes)
[    0.000000] Checking aperture...
[    0.000000] No AGP bridge found
[    0.000000] Memory: 43492k/65528k available (6576k kernel code, 452k absent, 21584k reserved, 6620k data, 928k init)
[    0.000000] SLUB: Genslabs=15, HWalign=64, Order=0-3, MinObjects=0, CPUs=1, Nodes=1
[    0.000000] Hierarchical RCU implementation.
[    0.000000] 	RCU dyntick-idle grace-period acceleration is enabled.
[    0.000000] NR_IRQS:4352 nr_irqs:256 16
[    0.000000] Console: colour VGA+ 80x25
[    0.000000] console [tty0] enabled
[    0.000000] console [ttyS0] enabled
[    0.000000] allocated 1048576 bytes of page_cgroup
[    0.000000] please try 'cgroup_disable=memory' option if you don't want memory cgroups
[    0.000000] Fast TSC calibration failed
[    0.000000] TSC: Unable to calibrate against PIT
[    0.000000] TSC: using HPET reference calibration
[    0.000000] Detected 2293.198 MHz processor.
[    0.033038] Calibrating delay loop (skipped), value calculated using timer frequency.. 4586.39 BogoMIPS (lpj=9172792)
[    0.034971] pid_max: default: 32768 minimum: 301
[    0.043828] Security Framework initialized
[    0.049018] AppArmor: AppArmor initialized
[    0.049758] Yama: becoming mindful.
[    0.062352] Dentry cache hash table entries: 8192 (order: 4, 65536 bytes)
[    0.064577] Inode-cache hash table entries: 4096 (order: 3, 32768 bytes)
[    0.066042] Mount-cache hash table entries: 256
[    0.081611] Initializing cgroup subsys cpuacct
[    0.082273] Initializing cgroup subsys memory
[    0.084569] Initializing cgroup subsys devices
[    0.085151] Initializing cgroup subsys freezer
[    0.085879] Initializing cgroup subsys blkio
[    0.086645] Initializing cgroup subsys perf_event
[    0.094541] mce: CPU supports 10 MCE banks
[    0.100272] SMP alternatives: switching to UP code
[    0.515016] Freeing SMP alternatives: 24k freed
[    0.516911] ACPI: Core revision 20110623
[    0.572367] ftrace: allocating 26610 entries in 105 pages
[    0.604037] ..TIMER: vector=0x30 apic1=0 pin1=2 apic2=-1 pin2=-1
[    0.604138] CPU0: AMD QEMU Virtual CPU version 2.0.0 stepping 03
[    0.612037] Performance Events: Broken PMU hardware detected, using software events only.
[    0.623140] NMI watchdog disabled (cpu0): hardware events not enabled
[    0.624737] Brought up 1 CPUs
[    0.625322] Total of 1 processors activated (4586.39 BogoMIPS).
[    0.649021] devtmpfs: initialized
[    0.679065] EVM: security.selinux
[    0.679483] EVM: security.SMACK64
[    0.680080] EVM: security.capability
[    0.712962] print_constraints: dummy: 
[    0.717442] RTC time:  0:33:31, date: 01/28/16
[    0.721824] NET: Registered protocol family 16
[    0.730244] ACPI: bus type pci registered
[    0.734099] PCI: Using configuration type 1 for base access
[    0.765325] bio: create slab &lt;bio-0&gt; at 0
[    0.769594] ACPI: Added _OSI(Module Device)
[    0.770179] ACPI: Added _OSI(Processor Device)
[    0.770702] ACPI: Added _OSI(3.0 _SCP Extensions)
[    0.771337] ACPI: Added _OSI(Processor Aggregator Device)
[    0.841206] ACPI: Interpreter enabled
[    0.841772] ACPI: (supports S0 S3 S4 S5)
[    0.844244] ACPI: Using IOAPIC for interrupt routing
[    0.910478] ACPI: No dock devices found.
[    0.911133] HEST: Table not found.
[    0.912210] PCI: Using host bridge windows from ACPI; if necessary, use "pci=nocrs" and report a bug
[    0.919607] ACPI: PCI Root Bridge [PCI0] (domain 0000 [bus 00-ff])
[    0.928328] pci_root PNP0A03:00: host bridge window [io  0x0000-0x0cf7]
[    0.929146] pci_root PNP0A03:00: host bridge window [io  0x0d00-0xadff]
[    0.929915] pci_root PNP0A03:00: host bridge window [io  0xae0f-0xaeff]
[    0.930745] pci_root PNP0A03:00: host bridge window [io  0xaf20-0xafdf]
[    0.931582] pci_root PNP0A03:00: host bridge window [io  0xafe4-0xffff]
[    0.932379] pci_root PNP0A03:00: host bridge window [mem 0x000a0000-0x000bffff]
[    0.933254] pci_root PNP0A03:00: host bridge window [mem 0x04000000-0xfebfffff]
[    0.960334] pci 0000:00:01.3: quirk: [io  0xb000-0xb03f] claimed by PIIX4 ACPI
[    0.961458] pci 0000:00:01.3: quirk: [io  0xb100-0xb10f] claimed by PIIX4 SMB
[    1.024785]  pci0000:00: Unable to request _OSC control (_OSC support mask: 0x1e)
[    1.093994] ACPI: PCI Interrupt Link [LNKA] (IRQs 5 *10 11)
[    1.096868] ACPI: PCI Interrupt Link [LNKB] (IRQs 5 *10 11)
[    1.098899] ACPI: PCI Interrupt Link [LNKC] (IRQs 5 10 *11)
[    1.101319] ACPI: PCI Interrupt Link [LNKD] (IRQs 5 10 *11)
[    1.102516] ACPI: PCI Interrupt Link [LNKS] (IRQs *9)
[    1.110290] vgaarb: device added: PCI:0000:00:02.0,decodes=io+mem,owns=io+mem,locks=none
[    1.112189] vgaarb: loaded
[    1.112662] vgaarb: bridge control possible 0000:00:02.0
[    1.116857] i2c-core: driver [aat2870] using legacy suspend method
[    1.117705] i2c-core: driver [aat2870] using legacy resume method
[    1.120429] SCSI subsystem initialized
[    1.124629] usbcore: registered new interface driver usbfs
[    1.126345] usbcore: registered new interface driver hub
[    1.128222] usbcore: registered new device driver usb
[    1.132096] PCI: Using ACPI for IRQ routing
[    1.143577] NetLabel: Initializing
[    1.144149] NetLabel:  domain hash size = 128
[    1.144650] NetLabel:  protocols = UNLABELED CIPSOv4
[    1.148128] NetLabel:  unlabeled traffic allowed by default
[    1.152571] HPET: 3 timers in total, 0 timers will be used for per-cpu timer
[    1.153927] hpet0: at MMIO 0xfed00000, IRQs 2, 8, 0
[    1.154815] hpet0: 3 comparators, 64-bit 100.000000 MHz counter
[    1.170246] Switching to clocksource hpet
[    1.470909] AppArmor: AppArmor Filesystem Enabled
[    1.473227] pnp: PnP ACPI init
[    1.473929] ACPI: bus type pnp registered
[    1.497294] pnp: PnP ACPI: found 9 devices
[    1.498007] ACPI: ACPI bus type pnp unregistered
[    1.569988] NET: Registered protocol family 2
[    1.602474] IP route cache hash table entries: 512 (order: 0, 4096 bytes)
[    1.609343] TCP established hash table entries: 2048 (order: 3, 32768 bytes)
[    1.610880] TCP bind hash table entries: 2048 (order: 3, 32768 bytes)
[    1.611818] TCP: Hash tables configured (established 2048 bind 2048)
[    1.613217] TCP reno registered
[    1.613833] UDP hash table entries: 128 (order: 0, 4096 bytes)
[    1.614656] UDP-Lite hash table entries: 128 (order: 0, 4096 bytes)
[    1.618257] NET: Registered protocol family 1
[    1.619086] pci 0000:00:00.0: Limiting direct PCI/PCI transfers
[    1.619794] pci 0000:00:01.0: PIIX3: Enabling Passive Release
[    1.621436] pci 0000:00:01.0: Activating ISA DMA hang workarounds
[    1.625968] ACPI: PCI Interrupt Link [LNKD] enabled at IRQ 11
[    1.626934] pci 0000:00:01.2: PCI INT D -&gt; Link[LNKD] -&gt; GSI 11 (level, high) -&gt; IRQ 11
[    1.629442] pci 0000:00:01.2: PCI INT D disabled
[    1.647198] Trying to unpack rootfs image as initramfs...
[    1.665248] audit: initializing netlink socket (disabled)
[    1.668183] type=2000 audit(1453941211.664:1): initialized
[    1.943832] HugeTLB registered 2 MB page size, pre-allocated 0 pages
[    2.023597] VFS: Disk quotas dquot_6.5.2
[    2.026116] Dquot-cache hash table entries: 512 (order 0, 4096 bytes)
[    2.046195] fuse init (API version 7.17)
[    2.054074] msgmni has been set to 84
[    2.098636] Block layer SCSI generic (bsg) driver version 0.4 loaded (major 253)
[    2.101535] io scheduler noop registered
[    2.102154] io scheduler deadline registered (default)
[    2.103361] io scheduler cfq registered
[    2.110843] pci_hotplug: PCI Hot Plug PCI Core version: 0.5
[    2.114388] pciehp: PCI Express Hot Plug Controller Driver version: 0.4
[    2.119910] input: Power Button as /devices/LNXSYSTM:00/LNXPWRBN:00/input/input0
[    2.122779] ACPI: Power Button [PWRF]
[    2.178997] ERST: Table is not found!
[    2.179577] GHES: HEST is not enabled!
[    2.194695] ACPI: PCI Interrupt Link [LNKC] enabled at IRQ 10
[    2.195423] virtio-pci 0000:00:03.0: PCI INT A -&gt; Link[LNKC] -&gt; GSI 10 (level, high) -&gt; IRQ 10
[    2.199184] virtio-pci 0000:00:04.0: PCI INT A -&gt; Link[LNKD] -&gt; GSI 11 (level, high) -&gt; IRQ 11
[    2.210995] ACPI: PCI Interrupt Link [LNKA] enabled at IRQ 10
[    2.211870] virtio-pci 0000:00:05.0: PCI INT A -&gt; Link[LNKA] -&gt; GSI 10 (level, high) -&gt; IRQ 10
[    2.230445] Serial: 8250/16550 driver, 32 ports, IRQ sharing enabled
[    2.262348] serial8250: ttyS0 at I/O 0x3f8 (irq = 4) is a 16550A
[    2.338251] serial8250: ttyS1 at I/O 0x2f8 (irq = 3) is a 16550A
[    2.457331] 00:05: ttyS0 at I/O 0x3f8 (irq = 4) is a 16550A
[    2.533046] 00:06: ttyS1 at I/O 0x2f8 (irq = 3) is a 16550A
[    2.588117] Linux agpgart interface v0.103
[    2.633362] Refined TSC clocksource calibration: 2293.322 MHz.
[    2.634208] Switching to clocksource tsc
[    2.671162] brd: module loaded
[    2.703502] loop: module loaded
[    2.762618]  vda: unknown partition table
[    2.818413] scsi0 : ata_piix
[    2.821475] scsi1 : ata_piix
[    2.822387] ata1: PATA max MWDMA2 cmd 0x1f0 ctl 0x3f6 bmdma 0xc0a0 irq 14
[    2.823160] ata2: PATA max MWDMA2 cmd 0x170 ctl 0x376 bmdma 0xc0a8 irq 15
[    2.833443] Fixed MDIO Bus: probed
[    2.833977] tun: Universal TUN/TAP device driver, 1.6
[    2.835476] tun: (C) 1999-2004 Max Krasnyansky &lt;maxk@qualcomm.com&gt;
[    2.848205] PPP generic driver version 2.4.2
[    2.873434] ehci_hcd: USB 2.0 'Enhanced' Host Controller (EHCI) Driver
[    2.874515] ohci_hcd: USB 1.1 'Open' Host Controller (OHCI) Driver
[    2.875389] uhci_hcd: USB Universal Host Controller Interface driver
[    2.877345] uhci_hcd 0000:00:01.2: PCI INT D -&gt; Link[LNKD] -&gt; GSI 11 (level, high) -&gt; IRQ 11
[    2.879826] uhci_hcd 0000:00:01.2: UHCI Host Controller
[    2.897399] uhci_hcd 0000:00:01.2: new USB bus registered, assigned bus number 1
[    2.899182] uhci_hcd 0000:00:01.2: irq 11, io base 0x0000c040
[    2.926359] hub 1-0:1.0: USB hub found
[    2.928017] hub 1-0:1.0: 2 ports detected
[    2.939561] usbcore: registered new interface driver libusual
[    2.943730] i8042: PNP: PS/2 Controller [PNP0303:KBD,PNP0f13:MOU] at 0x60,0x64 irq 1,12
[    2.953530] serio: i8042 KBD port at 0x60,0x64 irq 1
[    2.955509] serio: i8042 AUX port at 0x60,0x64 irq 12
[    3.000719] mousedev: PS/2 mouse device common for all mice
[    3.022252] input: AT Translated Set 2 keyboard as /devices/platform/i8042/serio0/input/input1
[    3.044878] rtc_cmos 00:01: RTC can wake from S4
[    3.062343] rtc_cmos 00:01: rtc core: registered rtc_cmos as rtc0
[    3.066095] rtc0: alarms up to one day, 114 bytes nvram, hpet irqs
[    3.070209] device-mapper: uevent: version 1.0.3
[    3.100447] ata2.01: ATAPI: QEMU DVD-ROM, 2.0.0, max UDMA/100
[    3.105417] ata2.01: configured for MWDMA2
[    3.130136] device-mapper: ioctl: 4.22.0-ioctl (2011-10-19) initialised: dm-devel@redhat.com
[    3.133639] cpuidle: using governor ladder
[    3.135117] cpuidle: using governor menu
[    3.135918] EFI Variables Facility v0.08 2004-May-17
[    3.149336] TCP cubic registered
[    3.154242] NET: Registered protocol family 10
[    3.185527] NET: Registered protocol family 17
[    3.191062] Registering the dns_resolver key type
[    3.208650] scsi 1:0:1:0: CD-ROM            QEMU     QEMU DVD-ROM     2.0. PQ: 0 ANSI: 5
[    3.229384] sr0: scsi3-mmc drive: 4x/4x cd/rw xa/form2 tray
[    3.230898] cdrom: Uniform CD-ROM driver Revision: 3.20
[    3.246080] sr 1:0:1:0: Attached scsi generic sg0 type 5
[    3.299805] registered taskstats version 1
[    3.364306] Freeing initrd memory: 3656k freed
[    3.816462]   Magic number: 0:100:558
[    3.827627] tty ttyS30: hash matches
[    3.829524] misc vga_arbiter: hash matches
[    3.833866] rtc_cmos 00:01: setting system clock to 2016-01-28 00:33:34 UTC (1453941214)
[    3.837900] powernow-k8: Processor cpuid 663 not supported
[    3.843268] BIOS EDD facility v0.16 2004-Jun-25, 0 devices found
[    3.845318] EDD information not available.
[    3.912093] Freeing unused kernel memory: 928k freed
[    3.918581] Write protecting the kernel read-only data: 12288k
[    4.033707] Freeing unused kernel memory: 1596k freed
[    4.127206] Freeing unused kernel memory: 1184k freed

info: initramfs: up at 4.30
modprobe: module virtio_blk not found in modules.dep
modprobe: module virtio_net not found in modules.dep
info: copying initramfs to /dev/vda
info: initramfs loading root from /dev/vda
info: /etc/init.d/rc.sysinit: up at 8.71
info: container: none
Starting logging: OK
modprobe: module virtio_blk not found in modules.dep
modprobe: module virtio_net not found in modules.dep
WARN: /etc/rc3.d/S10-load-modules failed
Initializing random number generator... done.
Starting acpid: OK
cirros-ds 'local' up at 11.07
found datasource (configdrive, local)
Starting network...
udhcpc (v1.20.1) started
Sending discover...
Sending discover...

2016-01-28 00:35:32,315 15549 INFO     [tempest_lib.common.rest_client] Request (TestNetworkAdvancedServerOps:_run_cleanups): 204 DELETE http://10.4.1.3:9696/v2.0/floatingips/580fbf6a-5028-48ee-85df-bb13e126ff84 0.413s
2016-01-28 00:35:32,316 15549 DEBUG    [tempest_lib.common.rest_client] Request - Headers: {'Content-Type': 'application/json', 'Accept': 'application/json', 'X-Auth-Token': '&lt;omitted&gt;'}
        Body: None
    Response - Headers: {'date': 'Thu, 28 Jan 2016 00:35:32 GMT', 'status': '204', 'connection': 'close', 'content-length': '0', 'x-openstack-request-id': 'req-ed4ca479-5c2f-4c36-bab3-31594b29276b'}
        Body: 
2016-01-28 00:35:32,719 15549 INFO     [tempest_lib.common.rest_client] Request (TestNetworkAdvancedServerOps:_run_cleanups): 204 DELETE http://10.4.1.3:8774/v2.1/97ad0ab7d5294190b863bdd29db580a2/servers/c9d89a9d-8d77-4a92-9f95-d87a7bf8cd2c 0.401s
2016-01-28 00:35:32,720 15549 DEBUG    [tempest_lib.common.rest_client] Request - Headers: {'Content-Type': 'application/json', 'Accept': 'application/json', 'X-Auth-Token': '&lt;omitted&gt;'}
        Body: None
    Response - Headers: {'status': '204', 'content-length': '0', 'x-compute-request-id': 'req-24946972-098a-40b3-a930-af04ab46a1a5', 'vary': 'X-OpenStack-Nova-API-Version', 'connection': 'close', 'x-openstack-nova-api-version': '2.1', 'date': 'Thu, 28 Jan 2016 00:35:32 GMT', 'content-type': 'application/json'}
        Body: 
2016-01-28 00:35:33,362 15549 INFO     [tempest_lib.common.rest_client] Request (TestNetworkAdvancedServerOps:_run_cleanups): 200 GET http://10.4.1.3:8774/v2.1/97ad0ab7d5294190b863bdd29db580a2/servers/c9d89a9d-8d77-4a92-9f95-d87a7bf8cd2c 0.641s
2016-01-28 00:35:33,363 15549 DEBUG    [tempest_lib.common.rest_client] Request - Headers: {'Content-Type': 'application/json', 'Accept': 'application/json', 'X-Auth-Token': '&lt;omitted&gt;'}
        Body: None
    Response - Headers: {'status': '200', 'content-length': '1769', 'content-location': 'http://10.4.1.3:8774/v2.1/97ad0ab7d5294190b863bdd29db580a2/servers/c9d89a9d-8d77-4a92-9f95-d87a7bf8cd2c', 'x-compute-request-id': 'req-39d5447c-27f9-4898-874f-aa1eac56a240', 'vary': 'X-OpenStack-Nova-API-Version', 'connection': 'close', 'x-openstack-nova-api-version': '2.1', 'date': 'Thu, 28 Jan 2016 00:35:33 GMT', 'content-type': 'application/json'}
        Body: {"server": {"status": "ACTIVE", "updated": "2016-01-28T00:35:32Z", "hostId": "5d8a5e7587b7f508865f09f0e750190d50844ffcc03af1e919d44045", "addresses": {"tempest-network-smoke--1960245459": [{"OS-EXT-IPS-MAC:mac_addr": "fa:16:3e:eb:a7:9d", "version": 4, "addr": "10.100.0.3", "OS-EXT-IPS:type": "fixed"}, {"OS-EXT-IPS-MAC:mac_addr": "fa:16:3e:eb:a7:9d", "version": 4, "addr": "172.24.4.4", "OS-EXT-IPS:type": "floating"}]}, "links": [{"href": "http://10.4.1.3:8774/v2.1/97ad0ab7d5294190b863bdd29db580a2/servers/c9d89a9d-8d77-4a92-9f95-d87a7bf8cd2c", "rel": "self"}, {"href": "http://10.4.1.3:8774/97ad0ab7d5294190b863bdd29db580a2/servers/c9d89a9d-8d77-4a92-9f95-d87a7bf8cd2c", "rel": "bookmark"}], "key_name": "tempest-TestNetworkAdvancedServerOps-580185497", "image": {"id": "00f3253e-487f-4ba3-a33d-24d5e4d7cba6", "links": [{"href": "http://10.4.1.3:8774/97ad0ab7d5294190b863bdd29db580a2/images/00f3253e-487f-4ba3-a33d-24d5e4d7cba6", "rel": "bookmark"}]}, "OS-EXT-STS:task_state": "deleting", "OS-EXT-STS:vm_state": "active", "OS-SRV-USG:launched_at": "2016-01-28T00:33:27.000000", "flavor": {"id": "42", "links": [{"href": "http://10.4.1.3:8774/97ad0ab7d5294190b863bdd29db580a2/flavors/42", "rel": "bookmark"}]}, "id": "c9d89a9d-8d77-4a92-9f95-d87a7bf8cd2c", "security_groups": [{"name": "tempest-secgroup-smoke-816039861"}], "OS-SRV-USG:terminated_at": null, "OS-EXT-AZ:availability_zone": "nova", "user_id": "397368ff95054f09948fce12fd05398d", "name": "tempest-server-smoke-1866435714", "created": "2016-01-28T00:33:22Z", "tenant_id": "97ad0ab7d5294190b863bdd29db580a2", "OS-DCF:diskConfig": "MANUAL", "os-extended-volumes:volumes_attached": [], "accessIPv4": "", "accessIPv6": "", "progress": 0, "OS-EXT-STS:power_state": 1, "config_drive": "True", "metadata": {}}}
2016-01-28 00:35:34,600 15549 INFO     [tempest_lib.common.rest_client] Request (TestNetworkAdvancedServerOps:_run_cleanups): 404 GET http://10.4.1.3:8774/v2.1/97ad0ab7d5294190b863bdd29db580a2/servers/c9d89a9d-8d77-4a92-9f95-d87a7bf8cd2c 0.218s
2016-01-28 00:35:34,600 15549 DEBUG    [tempest_lib.common.rest_client] Request - Headers: {'Content-Type': 'application/json', 'Accept': 'application/json', 'X-Auth-Token': '&lt;omitted&gt;'}
        Body: None
    Response - Headers: {'status': '404', 'content-length': '111', 'x-compute-request-id': 'req-94e6ada7-5043-4afa-82cb-a992f6bb4680', 'vary': 'X-OpenStack-Nova-API-Version', 'connection': 'close', 'x-openstack-nova-api-version': '2.1', 'date': 'Thu, 28 Jan 2016 00:35:34 GMT', 'content-type': 'application/json; charset=UTF-8'}
        Body: {"itemNotFound": {"message": "Instance c9d89a9d-8d77-4a92-9f95-d87a7bf8cd2c could not be found.", "code": 404}}
2016-01-28 00:35:35,270 15549 INFO     [tempest_lib.common.rest_client] Request (TestNetworkAdvancedServerOps:_run_cleanups): 500 PUT http://10.4.1.3:9696/v2.0/routers/a5af8367-1de2-43d2-89a6-b9f01433a58f/remove_router_interface 0.668s
2016-01-28 00:35:35,270 15549 DEBUG    [tempest_lib.common.rest_client] Request - Headers: {'Content-Type': 'application/json', 'Accept': 'application/json', 'X-Auth-Token': '&lt;omitted&gt;'}
        Body: {"subnet_id": "9937507a-b8d3-42ed-9fdc-57d50e365f13"}
    Response - Headers: {'status': '500', 'content-length': '150', 'connection': 'close', 'date': 'Thu, 28 Jan 2016 00:35:35 GMT', 'content-type': 'application/json; charset=UTF-8', 'x-openstack-request-id': 'req-dde89b3d-4910-4b77-96a9-21376a03e20b'}
        Body: {"NeutronError": {"message": "Request Failed: internal server error while processing your request.", "type": "HTTPInternalServerError", "detail": ""}}
2016-01-28 00:35:35,487 15549 INFO     [tempest_lib.common.rest_client] Request (TestNetworkAdvancedServerOps:_run_cleanups): 200 GET http://10.4.1.3:9696/v2.0/routers/a5af8367-1de2-43d2-89a6-b9f01433a58f 0.212s
2016-01-28 00:35:35,487 15549 DEBUG    [tempest_lib.common.rest_client] Request - Headers: {'Content-Type': 'application/json', 'Accept': 'application/json', 'X-Auth-Token': '&lt;omitted&gt;'}
        Body: None
    Response - Headers: {'status': '200', 'content-length': '500', 'content-location': 'http://10.4.1.3:9696/v2.0/routers/a5af8367-1de2-43d2-89a6-b9f01433a58f', 'connection': 'close', 'date': 'Thu, 28 Jan 2016 00:35:35 GMT', 'content-type': 'application/json; charset=UTF-8', 'x-openstack-request-id': 'req-e7fb0546-605a-4397-be5a-287a61c31512'}
        Body: {"router": {"status": "ACTIVE", "external_gateway_info": {"network_id": "f56a4b29-fe50-4857-ab4d-3227be8ad425", "enable_snat": true, "external_fixed_ips": [{"subnet_id": "9f0e161e-5bfa-436a-a877-f15ea3e95332", "ip_address": "172.24.4.3"}, {"subnet_id": "33f96188-b365-467b-aaa4-2a6a21323130", "ip_address": "2001:db8::3"}]}, "name": "tempest-router-smoke-567497520", "admin_state_up": true, "tenant_id": "97ad0ab7d5294190b863bdd29db580a2", "routes": [], "id": "a5af8367-1de2-43d2-89a6-b9f01433a58f"}}
2016-01-28 00:35:35,991 15549 INFO     [tempest_lib.common.rest_client] Request (TestNetworkAdvancedServerOps:_run_cleanups): 200 PUT http://10.4.1.3:9696/v2.0/routers/a5af8367-1de2-43d2-89a6-b9f01433a58f 0.502s
2016-01-28 00:35:35,991 15549 DEBUG    [tempest_lib.common.rest_client] Request - Headers: {'Content-Type': 'application/json', 'Accept': 'application/json', 'X-Auth-Token': '&lt;omitted&gt;'}
        Body: {"router": {"external_gateway_info": {}, "name": "tempest-router-smoke-567497520", "admin_state_up": true}}
    Response - Headers: {'status': '200', 'content-length': '238', 'connection': 'close', 'date': 'Thu, 28 Jan 2016 00:35:35 GMT', 'content-type': 'application/json; charset=UTF-8', 'x-openstack-request-id': 'req-b7b17d2a-a205-41af-b17a-223f486a7a85'}
        Body: {"router": {"status": "ACTIVE", "external_gateway_info": null, "name": "tempest-router-smoke-567497520", "admin_state_up": true, "tenant_id": "97ad0ab7d5294190b863bdd29db580a2", "routes": [], "id": "a5af8367-1de2-43d2-89a6-b9f01433a58f"}}
2016-01-28 00:35:36,345 15549 INFO     [tempest_lib.common.rest_client] Request (TestNetworkAdvancedServerOps:_run_cleanups): 500 DELETE http://10.4.1.3:9696/v2.0/routers/a5af8367-1de2-43d2-89a6-b9f01433a58f 0.351s
2016-01-28 00:35:36,345 15549 DEBUG    [tempest_lib.common.rest_client] Request - Headers: {'Content-Type': 'application/json', 'Accept': 'application/json', 'X-Auth-Token': '&lt;omitted&gt;'}
        Body: None
    Response - Headers: {'status': '500', 'content-length': '150', 'connection': 'close', 'date': 'Thu, 28 Jan 2016 00:35:36 GMT', 'content-type': 'application/json; charset=UTF-8', 'x-openstack-request-id': 'req-3043579b-1322-4e46-9a85-579b611499c6'}
        Body: {"NeutronError": {"message": "Request Failed: internal server error while processing your request.", "type": "HTTPInternalServerError", "detail": ""}}
2016-01-28 00:35:37,100 15549 INFO     [tempest_lib.common.rest_client] Request (TestNetworkAdvancedServerOps:_run_cleanups): 204 DELETE http://10.4.1.3:9696/v2.0/networks/66fff849-7541-4a03-aa7c-c5cb75edbfca 0.753s
2016-01-28 00:35:37,100 15549 DEBUG    [tempest_lib.common.rest_client] Request - Headers: {'Content-Type': 'application/json', 'Accept': 'application/json', 'X-Auth-Token': '&lt;omitted&gt;'}
        Body: None
    Response - Headers: {'date': 'Thu, 28 Jan 2016 00:35:37 GMT', 'status': '204', 'connection': 'close', 'content-length': '0', 'x-openstack-request-id': 'req-5a2daec9-a6cd-45aa-a194-63fdf8af1956'}
        Body: 
2016-01-28 00:35:37,347 15549 INFO     [tempest_lib.common.rest_client] Request (TestNetworkAdvancedServerOps:_run_cleanups): 204 DELETE http://10.4.1.3:9696/v2.0/security-group-rules/1c9e3d80-2ccc-437c-8880-e385019cbd32 0.245s
2016-01-28 00:35:37,348 15549 DEBUG    [tempest_lib.common.rest_client] Request - Headers: {'Content-Type': 'application/json', 'Accept': 'application/json', 'X-Auth-Token': '&lt;omitted&gt;'}
        Body: None
    Response - Headers: {'date': 'Thu, 28 Jan 2016 00:35:37 GMT', 'status': '204', 'connection': 'close', 'content-length': '0', 'x-openstack-request-id': 'req-92f51a1a-0879-4e2a-95a4-ba7d8fb89a96'}
        Body: 
2016-01-28 00:35:37,575 15549 INFO     [tempest_lib.common.rest_client] Request (TestNetworkAdvancedServerOps:_run_cleanups): 204 DELETE http://10.4.1.3:9696/v2.0/security-group-rules/af02f5c9-f5d0-4a9c-b2a2-3c2fe4f30da9 0.226s
2016-01-28 00:35:37,576 15549 DEBUG    [tempest_lib.common.rest_client] Request - Headers: {'Content-Type': 'application/json', 'Accept': 'application/json', 'X-Auth-Token': '&lt;omitted&gt;'}
        Body: None
    Response - Headers: {'date': 'Thu, 28 Jan 2016 00:35:37 GMT', 'status': '204', 'connection': 'close', 'content-length': '0', 'x-openstack-request-id': 'req-5307dc91-8542-43ff-a45c-218aeb691920'}
        Body: 
2016-01-28 00:35:37,792 15549 INFO     [tempest_lib.common.rest_client] Request (TestNetworkAdvancedServerOps:_run_cleanups): 204 DELETE http://10.4.1.3:9696/v2.0/security-group-rules/691ebb73-f319-490c-83ed-da4c0d7c54b1 0.215s
2016-01-28 00:35:37,793 15549 DEBUG    [tempest_lib.common.rest_client] Request - Headers: {'Content-Type': 'application/json', 'Accept': 'application/json', 'X-Auth-Token': '&lt;omitted&gt;'}
        Body: None
    Response - Headers: {'date': 'Thu, 28 Jan 2016 00:35:37 GMT', 'status': '204', 'connection': 'close', 'content-length': '0', 'x-openstack-request-id': 'req-578ee521-96f3-4856-8fca-4ab0e90eec05'}
        Body: 
2016-01-28 00:35:38,021 15549 INFO     [tempest_lib.common.rest_client] Request (TestNetworkAdvancedServerOps:_run_cleanups): 204 DELETE http://10.4.1.3:9696/v2.0/security-group-rules/db6c020a-4dbe-45a3-8e33-610b940f2aa3 0.226s
2016-01-28 00:35:38,022 15549 DEBUG    [tempest_lib.common.rest_client] Request - Headers: {'Content-Type': 'application/json', 'Accept': 'application/json', 'X-Auth-Token': '&lt;omitted&gt;'}
        Body: None
    Response - Headers: {'date': 'Thu, 28 Jan 2016 00:35:38 GMT', 'status': '204', 'connection': 'close', 'content-length': '0', 'x-openstack-request-id': 'req-4d763ba9-d3f9-4c44-916e-eff5ff30c0fa'}
        Body: 
2016-01-28 00:35:38,241 15549 INFO     [tempest_lib.common.rest_client] Request (TestNetworkAdvancedServerOps:_run_cleanups): 204 DELETE http://10.4.1.3:9696/v2.0/security-group-rules/c61e05f1-e120-45c0-8a56-0a95e2e0f379 0.218s
2016-01-28 00:35:38,242 15549 DEBUG    [tempest_lib.common.rest_client] Request - Headers: {'Content-Type': 'application/json', 'Accept': 'application/json', 'X-Auth-Token': '&lt;omitted&gt;'}
        Body: None
    Response - Headers: {'date': 'Thu, 28 Jan 2016 00:35:38 GMT', 'status': '204', 'connection': 'close', 'content-length': '0', 'x-openstack-request-id': 'req-88780457-1f81-487e-b7aa-be27f03f4920'}
        Body: 
2016-01-28 00:35:38,466 15549 INFO     [tempest_lib.common.rest_client] Request (TestNetworkAdvancedServerOps:_run_cleanups): 204 DELETE http://10.4.1.3:9696/v2.0/security-group-rules/76627255-6408-4f4e-abef-873fca537924 0.223s
2016-01-28 00:35:38,467 15549 DEBUG    [tempest_lib.common.rest_client] Request - Headers: {'Content-Type': 'application/json', 'Accept': 'application/json', 'X-Auth-Token': '&lt;omitted&gt;'}
        Body: None
    Response - Headers: {'date': 'Thu, 28 Jan 2016 00:35:38 GMT', 'status': '204', 'connection': 'close', 'content-length': '0', 'x-openstack-request-id': 'req-79317cbd-20f9-453a-9278-e41d85e800c2'}
        Body: 
2016-01-28 00:35:38,705 15549 INFO     [tempest_lib.common.rest_client] Request (TestNetworkAdvancedServerOps:_run_cleanups): 204 DELETE http://10.4.1.3:9696/v2.0/security-groups/f95d3bef-1837-46aa-a2f2-9d461d35c6ba 0.237s
2016-01-28 00:35:38,706 15549 DEBUG    [tempest_lib.common.rest_client] Request - Headers: {'Content-Type': 'application/json', 'Accept': 'application/json', 'X-Auth-Token': '&lt;omitted&gt;'}
        Body: None
    Response - Headers: {'date': 'Thu, 28 Jan 2016 00:35:38 GMT', 'status': '204', 'connection': 'close', 'content-length': '0', 'x-openstack-request-id': 'req-1dfb0972-edf3-4f6d-abae-1850e3f653e8'}
        Body: 
2016-01-28 00:35:38,888 15549 INFO     [tempest_lib.common.rest_client] Request (TestNetworkAdvancedServerOps:_run_cleanups): 202 DELETE http://10.4.1.3:8774/v2.1/97ad0ab7d5294190b863bdd29db580a2/os-keypairs/tempest-TestNetworkAdvancedServerOps-580185497 0.180s
2016-01-28 00:35:38,888 15549 DEBUG    [tempest_lib.common.rest_client] Request - Headers: {'Content-Type': 'application/json', 'Accept': 'application/json', 'X-Auth-Token': '&lt;omitted&gt;'}
        Body: None
    Response - Headers: {'status': '202', 'content-length': '0', 'x-compute-request-id': 'req-c500489a-bd17-4094-8b21-06fa0bff5fea', 'vary': 'X-OpenStack-Nova-API-Version', 'connection': 'close', 'x-openstack-nova-api-version': '2.1', 'date': 'Thu, 28 Jan 2016 00:35:38 GMT', 'content-type': 'application/json'}
        Body: 
2016-01-28 00:35:39,146 15549 INFO     [tempest_lib.common.rest_client] Request (TestNetworkAdvancedServerOps:_run_cleanups): 404 GET http://10.4.1.3:8774/v2.1/97ad0ab7d5294190b863bdd29db580a2/servers/c9d89a9d-8d77-4a92-9f95-d87a7bf8cd2c 0.257s
2016-01-28 00:35:39,147 15549 DEBUG    [tempest_lib.common.rest_client] Request - Headers: {'Content-Type': 'application/json', 'Accept': 'application/json', 'X-Auth-Token': '&lt;omitted&gt;'}
        Body: None
    Response - Headers: {'status': '404', 'content-length': '111', 'x-compute-request-id': 'req-bd8c51e7-9bc5-48d2-8747-dcdb3bd2e26d', 'vary': 'X-OpenStack-Nova-API-Version', 'connection': 'close', 'x-openstack-nova-api-version': '2.1', 'date': 'Thu, 28 Jan 2016 00:35:39 GMT', 'content-type': 'application/json; charset=UTF-8'}
        Body: {"itemNotFound": {"message": "Instance c9d89a9d-8d77-4a92-9f95-d87a7bf8cd2c could not be found.", "code": 404}}
}}}

traceback-1: {{{
Traceback (most recent call last):
  File "tempest/scenario/manager.py", line 108, in delete_wrapper
    delete_thing(*args, **kwargs)
  File "tempest/services/network/resources.py", line 99, in delete
    subnet_id=self.id)
  File "tempest/services/network/json/network_client.py", line 204, in remove_router_interface_with_subnet_id
    return self.update_resource(uri, update_body)
  File "tempest/services/network/json/base.py", line 68, in update_resource
    resp, body = self.put(req_uri, req_post_data)
  File "/usr/local/lib/python2.7/dist-packages/tempest_lib/common/rest_client.py", line 322, in put
    return self.request('PUT', url, extra_headers, headers, body)
  File "/usr/local/lib/python2.7/dist-packages/tempest_lib/common/rest_client.py", line 640, in request
    resp, resp_body)
  File "/usr/local/lib/python2.7/dist-packages/tempest_lib/common/rest_client.py", line 759, in _error_checker
    message=message)
tempest_lib.exceptions.ServerFault: Got server fault
Details: Request Failed: internal server error while processing your request.
}}}

traceback-2: {{{
Traceback (most recent call last):
  File "tempest/scenario/manager.py", line 108, in delete_wrapper
    delete_thing(*args, **kwargs)
  File "tempest/services/network/resources.py", line 120, in delete
    self.client.delete_router(self.id)
  File "tempest/services/network/json/network_client.py", line 177, in delete_router
    return self.delete_resource(uri)
  File "tempest/services/network/json/base.py", line 41, in delete_resource
    resp, body = self.delete(req_uri)
  File "/usr/local/lib/python2.7/dist-packages/tempest_lib/common/rest_client.py", line 290, in delete
    return self.request('DELETE', url, extra_headers, headers, body)
  File "/usr/local/lib/python2.7/dist-packages/tempest_lib/common/rest_client.py", line 640, in request
    resp, resp_body)
  File "/usr/local/lib/python2.7/dist-packages/tempest_lib/common/rest_client.py", line 759, in _error_checker
    message=message)
tempest_lib.exceptions.ServerFault: Got server fault
Details: Request Failed: internal server error while processing your request.
}}}

Traceback (most recent call last):
  File "tempest/test.py", line 113, in wrapper
    return f(self, *func_args, **func_kwargs)
  File "tempest/scenario/test_network_advanced_server_ops.py", line 132, in test_server_connectivity_pause_unpause
    server, keypair, floating_ip = self._setup_network_and_servers()
  File "tempest/scenario/test_network_advanced_server_ops.py", line 69, in _setup_network_and_servers
    server, keypair, floating_ip)
  File "tempest/scenario/test_network_advanced_server_ops.py", line 93, in _wait_server_status_and_check_network_connectivity
    self._check_network_connectivity(server, keypair, floating_ip)
  File "tempest/scenario/test_network_advanced_server_ops.py", line 86, in _check_network_connectivity
    servers=[server])
  File "tempest/scenario/manager.py", line 610, in check_public_network_connectivity
    should_connect=should_connect)
  File "tempest/scenario/manager.py", line 594, in check_vm_connectivity
    msg=msg)
  File "/usr/local/lib/python2.7/dist-packages/unittest2/case.py", line 702, in assertTrue
    raise self.failureException(msg)
AssertionError: False is not true : Timed out waiting for 172.24.4.4 to become reachable



        </pre>
    </div>
    <!--css div popup end-->

    </td>
</tr>

<tr id='ft1.2' class='none'>
    <td class='failCase'><div class='testcase'>test_server_connectivity_reboot[compute,id-7b6860c2-afa3-4846-9522-adeb38dfbe08,network]</div></td>
    <td colspan='7' align='left'>

    <!--css div popup start-->
    <a class="popup_link" onfocus='this.blur();'
    href="javascript:showTestDetail('div_ft1.2')" >
        fail</a>

    <div id='div_ft1.2' class="popup_window">
        <div style='text-align: right; color:red;cursor:pointer'>
        <a onfocus='this.blur();'
onclick="document.getElementById('div_ft1.2').style.display = 'none' " >
           [x]</a>
        </div>
        <pre>
        
ft1.2: tempest.scenario.test_network_advanced_server_ops.TestNetworkAdvancedServerOps.test_server_connectivity_reboot[compute,id-7b6860c2-afa3-4846-9522-adeb38dfbe08,network]_StringException: Empty attachments:
  stderr
  stdout

pythonlogging:'': {{{
2016-01-28 00:35:39,749 15549 INFO     [tempest_lib.common.rest_client] Request (TestNetworkAdvancedServerOps:test_server_connectivity_reboot): 200 POST http://10.4.1.3:8774/v2.1/97ad0ab7d5294190b863bdd29db580a2/os-keypairs 0.570s
2016-01-28 00:35:39,749 15549 DEBUG    [tempest_lib.common.rest_client] Request - Headers: {'Content-Type': 'application/json', 'Accept': 'application/json', 'X-Auth-Token': '&lt;omitted&gt;'}
        Body: {"keypair": {"name": "tempest-TestNetworkAdvancedServerOps-1679008045"}}
    Response - Headers: {'status': '200', 'content-length': '2334', 'x-compute-request-id': 'req-c50636be-b75d-4c4c-8f3f-1151a65acffa', 'vary': 'X-OpenStack-Nova-API-Version', 'connection': 'close', 'x-openstack-nova-api-version': '2.1', 'date': 'Thu, 28 Jan 2016 00:35:39 GMT', 'content-type': 'application/json'}
